[0.016s][info][gc,init] Initializing The Z Garbage Collector
[0.016s][info][gc,init] Version: 20+36-2344 (release)
[0.016s][info][gc,init] NUMA Support: Disabled
[0.016s][info][gc,init] CPUs: 48 total, 48 available
[0.016s][info][gc,init] Memory: 391843M
[0.016s][info][gc,init] Large Page Support: Disabled
[0.016s][info][gc,init] GC Workers: 12 (dynamic)
[0.018s][info][gc,init] Address Space Type: Contiguous/Unrestricted/Complete
[0.018s][info][gc,init] Address Space Size: 32768M x 3 = 98304M
[0.018s][info][gc,init] Min Capacity: 8M
[0.018s][info][gc,init] Initial Capacity: 2048M
[0.037s][info][gc,init] Max Capacity: 2048M
[0.037s][info][gc,init] Medium Page Size: 32M
[0.037s][info][gc,init] Pre-touch: Disabled
[0.037s][info][gc,init] Uncommit: Enabled
[0.037s][info][gc,init] Uncommit Delay: 300s
[0.132s][info][gc,init] Runtime Workers: 20
[0.134s][info][gc     ] Using The Z Garbage Collector
[0.135s][info][gc,metaspace] CDS archive(s) mapped at: [0x0000000800000000-0x0000000800c60000-0x0000000800c60000), size 12976128, SharedBaseAddress: 0x0000000800000000, ArchiveRelocationMode: 0.
[0.135s][info][gc,metaspace] Compressed class space mapped at: 0x0000000801000000-0x0000000841000000, reserved size: 1073741824
[0.136s][info][gc,metaspace] Narrow klass base: 0x0000000800000000, Narrow klass shift: 0, Narrow klass range: 0x100000000
[10.163s][info][gc,stats    ] === Garbage Collection Statistics =======================================================================================================================
[10.164s][info][gc,stats    ]                                                              Last 10s              Last 10m              Last 10h                Total
[10.164s][info][gc,stats    ]                                                              Avg / Max             Avg / Max             Avg / Max             Avg / Max
[10.164s][info][gc,stats    ]   Collector: Garbage Collection Cycle                      0.000 / 0.000         0.000 / 0.000         0.000 / 0.000         0.000 / 0.000       ms
[10.164s][info][gc,stats    ]  Contention: Mark Segment Reset Contention                     0 / 0                 0 / 0                 0 / 0                 0 / 0           ops/s
[10.164s][info][gc,stats    ]  Contention: Mark SeqNum Reset Contention                      0 / 0                 0 / 0                 0 / 0                 0 / 0           ops/s
[10.164s][info][gc,stats    ]    Critical: Allocation Stall                                  0 / 0                 0 / 0                 0 / 0                 0 / 0           ops/s
[10.164s][info][gc,stats    ]    Critical: Allocation Stall                              0.000 / 0.000         0.000 / 0.000         0.000 / 0.000         0.000 / 0.000       ms
[10.164s][info][gc,stats    ]    Critical: GC Locker Stall                                   0 / 0                 0 / 0                 0 / 0                 0 / 0           ops/s
[10.164s][info][gc,stats    ]    Critical: GC Locker Stall                               0.000 / 0.000         0.000 / 0.000         0.000 / 0.000         0.000 / 0.000       ms
[10.164s][info][gc,stats    ]    Critical: Relocation Stall                                  0 / 0                 0 / 0                 0 / 0                 0 / 0           ops/s
[10.164s][info][gc,stats    ]    Critical: Relocation Stall                              0.000 / 0.000         0.000 / 0.000         0.000 / 0.000         0.000 / 0.000       ms
[10.164s][info][gc,stats    ]      Memory: Allocation Rate                                   9 / 44                9 / 44                9 / 44                9 / 44          MB/s
[10.164s][info][gc,stats    ]      Memory: Defragment                                        0 / 0                 0 / 0                 0 / 0                 0 / 0           ops/s
[10.164s][info][gc,stats    ]      Memory: Out Of Memory                                     0 / 0                 0 / 0                 0 / 0                 0 / 0           ops/s
[10.164s][info][gc,stats    ]      Memory: Page Cache Flush                                  0 / 0                 0 / 0                 0 / 0                 0 / 0           MB/s
[10.164s][info][gc,stats    ]      Memory: Page Cache Hit L1                                 0 / 0                 0 / 0                 0 / 0                 0 / 0           ops/s
[10.164s][info][gc,stats    ]      Memory: Page Cache Hit L2                                 0 / 0                 0 / 0                 0 / 0                 0 / 0           ops/s
[10.164s][info][gc,stats    ]      Memory: Page Cache Hit L3                                 3 / 13                3 / 13                3 / 13                3 / 13          ops/s
[10.164s][info][gc,stats    ]      Memory: Page Cache Miss                                   0 / 1                 0 / 1                 0 / 1                 0 / 1           ops/s
[10.164s][info][gc,stats    ]      Memory: Uncommit                                          0 / 0                 0 / 0                 0 / 0                 0 / 0           MB/s
[10.164s][info][gc,stats    ]      Memory: Undo Object Allocation Failed                     0 / 0                 0 / 0                 0 / 0                 0 / 0           ops/s
[10.164s][info][gc,stats    ]      Memory: Undo Object Allocation Succeeded                  0 / 0                 0 / 0                 0 / 0                 0 / 0           ops/s
[10.164s][info][gc,stats    ]      Memory: Undo Page Allocation                              0 / 0                 0 / 0                 0 / 0                 0 / 0           ops/s
[10.164s][info][gc,stats    ]       Phase: Concurrent Mark                               0.000 / 0.000         0.000 / 0.000         0.000 / 0.000         0.000 / 0.000       ms
[10.164s][info][gc,stats    ]       Phase: Concurrent Mark Continue                      0.000 / 0.000         0.000 / 0.000         0.000 / 0.000         0.000 / 0.000       ms
[10.164s][info][gc,stats    ]       Phase: Concurrent Mark Free                          0.000 / 0.000         0.000 / 0.000         0.000 / 0.000         0.000 / 0.000       ms
[10.165s][info][gc,stats    ]       Phase: Concurrent Process Non-Strong References      0.000 / 0.000         0.000 / 0.000         0.000 / 0.000         0.000 / 0.000       ms
[10.165s][info][gc,stats    ]       Phase: Concurrent Relocate                           0.000 / 0.000         0.000 / 0.000         0.000 / 0.000         0.000 / 0.000       ms
[10.165s][info][gc,stats    ]       Phase: Concurrent Reset Relocation Set               0.000 / 0.000         0.000 / 0.000         0.000 / 0.000         0.000 / 0.000       ms
[10.165s][info][gc,stats    ]       Phase: Concurrent Select Relocation Set              0.000 / 0.000         0.000 / 0.000         0.000 / 0.000         0.000 / 0.000       ms
[10.165s][info][gc,stats    ]       Phase: Pause Mark End                                0.000 / 0.000         0.000 / 0.000         0.000 / 0.000         0.000 / 0.000       ms
[10.165s][info][gc,stats    ]       Phase: Pause Mark Start                              0.000 / 0.000         0.000 / 0.000         0.000 / 0.000         0.000 / 0.000       ms
[10.165s][info][gc,stats    ]       Phase: Pause Relocate Start                          0.000 / 0.000         0.000 / 0.000         0.000 / 0.000         0.000 / 0.000       ms
[10.165s][info][gc,stats    ]    Subphase: Concurrent Classes Purge                      0.000 / 0.000         0.000 / 0.000         0.000 / 0.000         0.000 / 0.000       ms
[10.165s][info][gc,stats    ]    Subphase: Concurrent Classes Unlink                     0.000 / 0.000         0.000 / 0.000         0.000 / 0.000         0.000 / 0.000       ms
[10.165s][info][gc,stats    ]    Subphase: Concurrent Mark                               0.000 / 0.000         0.000 / 0.000         0.000 / 0.000         0.000 / 0.000       ms
[10.165s][info][gc,stats    ]    Subphase: Concurrent Mark Try Flush                     0.000 / 0.000         0.000 / 0.000         0.000 / 0.000         0.000 / 0.000       ms
[10.165s][info][gc,stats    ]    Subphase: Concurrent Mark Try Terminate                 0.000 / 0.000         0.000 / 0.000         0.000 / 0.000         0.000 / 0.000       ms
[10.165s][info][gc,stats    ]    Subphase: Concurrent References Enqueue                 0.000 / 0.000         0.000 / 0.000         0.000 / 0.000         0.000 / 0.000       ms
[10.165s][info][gc,stats    ]    Subphase: Concurrent References Process                 0.000 / 0.000         0.000 / 0.000         0.000 / 0.000         0.000 / 0.000       ms
[10.165s][info][gc,stats    ]    Subphase: Concurrent Roots ClassLoaderDataGraph         0.000 / 0.000         0.000 / 0.000         0.000 / 0.000         0.000 / 0.000       ms
[10.165s][info][gc,stats    ]    Subphase: Concurrent Roots CodeCache                    0.000 / 0.000         0.000 / 0.000         0.000 / 0.000         0.000 / 0.000       ms
[10.165s][info][gc,stats    ]    Subphase: Concurrent Roots JavaThreads                  0.000 / 0.000         0.000 / 0.000         0.000 / 0.000         0.000 / 0.000       ms
[10.165s][info][gc,stats    ]    Subphase: Concurrent Roots OopStorageSet                0.000 / 0.000         0.000 / 0.000         0.000 / 0.000         0.000 / 0.000       ms
[10.165s][info][gc,stats    ]    Subphase: Concurrent Weak Roots OopStorageSet           0.000 / 0.000         0.000 / 0.000         0.000 / 0.000         0.000 / 0.000       ms
[10.165s][info][gc,stats    ]    Subphase: Pause Mark Try Complete                       0.000 / 0.000         0.000 / 0.000         0.000 / 0.000         0.000 / 0.000       ms
[10.165s][info][gc,stats    ]      System: Java Threads                                      0 / 0                 0 / 0                 0 / 0                 0 / 0           threads
[10.165s][info][gc,stats    ] =========================================================================================================================================================
[10.438s][info][gc,start    ] GC(0) Garbage Collection (Metadata GC Threshold)
[10.438s][info][gc,task     ] GC(0) Using 12 workers
[10.438s][info][gc,phases   ] GC(0) Pause Mark Start 0.016ms
[10.460s][info][gc,phases   ] GC(0) Concurrent Mark 21.800ms
[10.460s][info][gc,phases   ] GC(0) Pause Mark End 0.019ms
[10.460s][info][gc,phases   ] GC(0) Concurrent Mark Free 0.001ms
[10.462s][info][gc,phases   ] GC(0) Concurrent Process Non-Strong References 1.498ms
[10.462s][info][gc,phases   ] GC(0) Concurrent Reset Relocation Set 0.000ms
[10.473s][info][gc,phases   ] GC(0) Concurrent Select Relocation Set 11.372ms
[10.474s][info][gc,phases   ] GC(0) Pause Relocate Start 0.008ms
[10.480s][info][gc,phases   ] GC(0) Concurrent Relocate 5.309ms
[10.480s][info][gc,load     ] GC(0) Load: 0.00/0.00/0.00
[10.480s][info][gc,mmu      ] GC(0) MMU: 2ms/99.1%, 5ms/99.6%, 10ms/99.8%, 20ms/99.9%, 50ms/99.9%, 100ms/100.0%
[10.480s][info][gc,marking  ] GC(0) Mark: 8 stripe(s), 2 proactive flush(es), 1 terminate flush(es), 0 completion(s), 0 continuation(s) 
[10.480s][info][gc,marking  ] GC(0) Mark Stack Usage: 32M
[10.480s][info][gc,nmethod  ] GC(0) NMethods: 1859 registered, 319 unregistered
[10.480s][info][gc,metaspace] GC(0) Metaspace: 21M used, 21M committed, 1088M reserved
[10.480s][info][gc,ref      ] GC(0) Soft: 3532 encountered, 0 discovered, 0 enqueued
[10.480s][info][gc,ref      ] GC(0) Weak: 1699 encountered, 755 discovered, 502 enqueued
[10.480s][info][gc,ref      ] GC(0) Final: 1 encountered, 1 discovered, 0 enqueued
[10.480s][info][gc,ref      ] GC(0) Phantom: 958 encountered, 742 discovered, 377 enqueued
[10.480s][info][gc,reloc    ] GC(0) Small Pages: 41 / 82M, Empty: 0M, Relocated: 8M, In-Place: 0
[10.480s][info][gc,reloc    ] GC(0) Medium Pages: 1 / 32M, Empty: 0M, Relocated: 0M, In-Place: 0
[10.480s][info][gc,reloc    ] GC(0) Large Pages: 0 / 0M, Empty: 0M, Relocated: 0M, In-Place: 0
[10.480s][info][gc,reloc    ] GC(0) Forwarding Usage: 3M
[10.480s][info][gc,heap     ] GC(0) Min Capacity: 8M(0%)
[10.480s][info][gc,heap     ] GC(0) Max Capacity: 2048M(100%)
[10.480s][info][gc,heap     ] GC(0) Soft Max Capacity: 2048M(100%)
[10.480s][info][gc,heap     ] GC(0)                Mark Start          Mark End        Relocate Start      Relocate End           High               Low         
[10.480s][info][gc,heap     ] GC(0)  Capacity:     2048M (100%)       2048M (100%)       2048M (100%)       2048M (100%)       2048M (100%)       2048M (100%)   
[10.480s][info][gc,heap     ] GC(0)      Free:     1934M (94%)        1932M (94%)        1930M (94%)        1980M (97%)        1980M (97%)        1906M (93%)    
[10.480s][info][gc,heap     ] GC(0)      Used:      114M (6%)          116M (6%)          118M (6%)           68M (3%)          142M (7%)           68M (3%)     
[10.480s][info][gc,heap     ] GC(0)      Live:         -                19M (1%)           19M (1%)           19M (1%)             -                  -          
[10.480s][info][gc,heap     ] GC(0) Allocated:         -                 2M (0%)            4M (0%)            3M (0%)             -                  -          
[10.480s][info][gc,heap     ] GC(0)   Garbage:         -                94M (5%)           94M (5%)           44M (2%)             -                  -          
[10.480s][info][gc,heap     ] GC(0) Reclaimed:         -                  -                 0M (0%)           49M (2%)             -                  -          
[10.480s][info][gc          ] GC(0) Garbage Collection (Metadata GC Threshold) 114M(6%)->68M(3%)
[11.392s][info][gc,start    ] GC(1) Garbage Collection (Metadata GC Threshold)
[11.392s][info][gc,task     ] GC(1) Using 12 workers
[11.392s][info][gc,phases   ] GC(1) Pause Mark Start 0.015ms
[11.414s][info][gc,phases   ] GC(1) Concurrent Mark 21.753ms
[11.414s][info][gc,phases   ] GC(1) Pause Mark End 0.015ms
[11.414s][info][gc,phases   ] GC(1) Concurrent Mark Free 0.001ms
[11.416s][info][gc,phases   ] GC(1) Concurrent Process Non-Strong References 1.689ms
[11.416s][info][gc,phases   ] GC(1) Concurrent Reset Relocation Set 0.006ms
[11.425s][info][gc,phases   ] GC(1) Concurrent Select Relocation Set 9.159ms
[11.425s][info][gc,phases   ] GC(1) Pause Relocate Start 0.008ms
[11.431s][info][gc,phases   ] GC(1) Concurrent Relocate 5.170ms
[11.431s][info][gc,load     ] GC(1) Load: 0.00/0.00/0.00
[11.431s][info][gc,mmu      ] GC(1) MMU: 2ms/99.1%, 5ms/99.6%, 10ms/99.8%, 20ms/99.9%, 50ms/99.9%, 100ms/100.0%
[11.431s][info][gc,marking  ] GC(1) Mark: 8 stripe(s), 2 proactive flush(es), 1 terminate flush(es), 0 completion(s), 0 continuation(s) 
[11.431s][info][gc,marking  ] GC(1) Mark Stack Usage: 32M
[11.431s][info][gc,nmethod  ] GC(1) NMethods: 2704 registered, 148 unregistered
[11.431s][info][gc,metaspace] GC(1) Metaspace: 35M used, 36M committed, 1088M reserved
[11.431s][info][gc,ref      ] GC(1) Soft: 3853 encountered, 0 discovered, 0 enqueued
[11.431s][info][gc,ref      ] GC(1) Weak: 2798 encountered, 1050 discovered, 485 enqueued
[11.431s][info][gc,ref      ] GC(1) Final: 82 encountered, 35 discovered, 0 enqueued
[11.431s][info][gc,ref      ] GC(1) Phantom: 953 encountered, 798 discovered, 362 enqueued
[11.431s][info][gc,reloc    ] GC(1) Small Pages: 50 / 100M, Empty: 0M, Relocated: 17M, In-Place: 0
[11.431s][info][gc,reloc    ] GC(1) Medium Pages: 1 / 32M, Empty: 0M, Relocated: 0M, In-Place: 0
[11.431s][info][gc,reloc    ] GC(1) Large Pages: 0 / 0M, Empty: 0M, Relocated: 0M, In-Place: 0
[11.431s][info][gc,reloc    ] GC(1) Forwarding Usage: 4M
[11.431s][info][gc,heap     ] GC(1) Min Capacity: 8M(0%)
[11.431s][info][gc,heap     ] GC(1) Max Capacity: 2048M(100%)
[11.431s][info][gc,heap     ] GC(1) Soft Max Capacity: 2048M(100%)
[11.431s][info][gc,heap     ] GC(1)                Mark Start          Mark End        Relocate Start      Relocate End           High               Low         
[11.431s][info][gc,heap     ] GC(1)  Capacity:     2048M (100%)       2048M (100%)       2048M (100%)       2048M (100%)       2048M (100%)       2048M (100%)   
[11.431s][info][gc,heap     ] GC(1)      Free:     1916M (94%)        1914M (93%)        1914M (93%)        1984M (97%)        1984M (97%)        1894M (92%)    
[11.431s][info][gc,heap     ] GC(1)      Used:      132M (6%)          134M (7%)          134M (7%)           64M (3%)          154M (8%)           64M (3%)     
[11.431s][info][gc,heap     ] GC(1)      Live:         -                25M (1%)           25M (1%)           25M (1%)             -                  -          
[11.432s][info][gc,heap     ] GC(1) Allocated:         -                 2M (0%)            2M (0%)            1M (0%)             -                  -          
[11.432s][info][gc,heap     ] GC(1)   Garbage:         -               106M (5%)          106M (5%)           36M (2%)             -                  -          
[11.432s][info][gc,heap     ] GC(1) Reclaimed:         -                  -                 0M (0%)           69M (3%)             -                  -          
[11.432s][info][gc          ] GC(1) Garbage Collection (Metadata GC Threshold) 132M(6%)->64M(3%)
[11.872s][info][gc,start    ] GC(2) Garbage Collection (Warmup)
[11.872s][info][gc,task     ] GC(2) Using 12 workers
[11.872s][info][gc,phases   ] GC(2) Pause Mark Start 0.018ms
[11.950s][info][gc,phases   ] GC(2) Concurrent Mark 77.601ms
[11.950s][info][gc,phases   ] GC(2) Pause Mark End 0.013ms
[11.950s][info][gc,phases   ] GC(2) Concurrent Mark Free 0.001ms
[11.951s][info][gc,phases   ] GC(2) Concurrent Process Non-Strong References 1.151ms
[11.951s][info][gc,phases   ] GC(2) Concurrent Reset Relocation Set 0.005ms
[11.959s][info][gc,phases   ] GC(2) Concurrent Select Relocation Set 8.252ms
[11.960s][info][gc,phases   ] GC(2) Pause Relocate Start 0.008ms
[11.967s][info][gc,phases   ] GC(2) Concurrent Relocate 7.442ms
[11.967s][info][gc,load     ] GC(2) Load: 0.00/0.00/0.00
[11.967s][info][gc,mmu      ] GC(2) MMU: 2ms/99.1%, 5ms/99.6%, 10ms/99.8%, 20ms/99.9%, 50ms/99.9%, 100ms/100.0%
[11.967s][info][gc,marking  ] GC(2) Mark: 8 stripe(s), 3 proactive flush(es), 1 terminate flush(es), 0 completion(s), 0 continuation(s) 
[11.967s][info][gc,marking  ] GC(2) Mark Stack Usage: 32M
[11.967s][info][gc,nmethod  ] GC(2) NMethods: 2929 registered, 79 unregistered
[11.967s][info][gc,metaspace] GC(2) Metaspace: 41M used, 41M committed, 1088M reserved
[11.967s][info][gc,ref      ] GC(2) Soft: 3892 encountered, 0 discovered, 0 enqueued
[11.967s][info][gc,ref      ] GC(2) Weak: 2733 encountered, 498 discovered, 238 enqueued
[11.967s][info][gc,ref      ] GC(2) Final: 82 encountered, 7 discovered, 0 enqueued
[11.967s][info][gc,ref      ] GC(2) Phantom: 783 encountered, 586 discovered, 190 enqueued
[11.967s][info][gc,reloc    ] GC(2) Small Pages: 102 / 204M, Empty: 0M, Relocated: 17M, In-Place: 0
[11.967s][info][gc,reloc    ] GC(2) Medium Pages: 1 / 32M, Empty: 0M, Relocated: 0M, In-Place: 0
[11.967s][info][gc,reloc    ] GC(2) Large Pages: 0 / 0M, Empty: 0M, Relocated: 0M, In-Place: 0
[11.967s][info][gc,reloc    ] GC(2) Forwarding Usage: 9M
[11.967s][info][gc,heap     ] GC(2) Min Capacity: 8M(0%)
[11.967s][info][gc,heap     ] GC(2) Max Capacity: 2048M(100%)
[11.967s][info][gc,heap     ] GC(2) Soft Max Capacity: 2048M(100%)
[11.967s][info][gc,heap     ] GC(2)                Mark Start          Mark End        Relocate Start      Relocate End           High               Low         
[11.967s][info][gc,heap     ] GC(2)  Capacity:     2048M (100%)       2048M (100%)       2048M (100%)       2048M (100%)       2048M (100%)       2048M (100%)   
[11.967s][info][gc,heap     ] GC(2)      Free:     1812M (88%)        1770M (86%)        1762M (86%)        1910M (93%)        1910M (93%)        1742M (85%)    
[11.967s][info][gc,heap     ] GC(2)      Used:      236M (12%)         278M (14%)         286M (14%)         138M (7%)          306M (15%)         138M (7%)     
[11.967s][info][gc,heap     ] GC(2)      Live:         -                38M (2%)           38M (2%)           38M (2%)             -                  -          
[11.967s][info][gc,heap     ] GC(2) Allocated:         -                42M (2%)           50M (2%)           57M (3%)             -                  -          
[11.967s][info][gc,heap     ] GC(2)   Garbage:         -               197M (10%)         197M (10%)          41M (2%)             -                  -          
[11.967s][info][gc,heap     ] GC(2) Reclaimed:         -                  -                 0M (0%)          155M (8%)             -                  -          
[11.967s][info][gc          ] GC(2) Garbage Collection (Warmup) 236M(12%)->138M(7%)
[12.262s][info][gc,start    ] GC(3) Garbage Collection (Warmup)
[12.262s][info][gc,task     ] GC(3) Using 12 workers
[12.263s][info][gc,phases   ] GC(3) Pause Mark Start 0.016ms
[12.410s][info][gc,phases   ] GC(3) Concurrent Mark 147.359ms
[12.410s][info][gc,phases   ] GC(3) Pause Mark End 0.016ms
[12.410s][info][gc,phases   ] GC(3) Concurrent Mark Free 0.001ms
[12.411s][info][gc,phases   ] GC(3) Concurrent Process Non-Strong References 0.821ms
[12.411s][info][gc,phases   ] GC(3) Concurrent Reset Relocation Set 0.012ms
[12.429s][info][gc,phases   ] GC(3) Concurrent Select Relocation Set 17.746ms
[12.429s][info][gc,phases   ] GC(3) Pause Relocate Start 0.008ms
[12.455s][info][gc,phases   ] GC(3) Concurrent Relocate 26.399ms
[12.455s][info][gc,load     ] GC(3) Load: 0.00/0.00/0.00
[12.455s][info][gc,mmu      ] GC(3) MMU: 2ms/99.1%, 5ms/99.6%, 10ms/99.8%, 20ms/99.9%, 50ms/99.9%, 100ms/100.0%
[12.455s][info][gc,marking  ] GC(3) Mark: 8 stripe(s), 8 proactive flush(es), 1 terminate flush(es), 0 completion(s), 0 continuation(s) 
[12.455s][info][gc,marking  ] GC(3) Mark Stack Usage: 32M
[12.455s][info][gc,nmethod  ] GC(3) NMethods: 2926 registered, 82 unregistered
[12.455s][info][gc,metaspace] GC(3) Metaspace: 41M used, 41M committed, 1088M reserved
[12.455s][info][gc,ref      ] GC(3) Soft: 3892 encountered, 0 discovered, 0 enqueued
[12.455s][info][gc,ref      ] GC(3) Weak: 2503 encountered, 119 discovered, 3 enqueued
[12.455s][info][gc,ref      ] GC(3) Final: 82 encountered, 1 discovered, 0 enqueued
[12.455s][info][gc,ref      ] GC(3) Phantom: 595 encountered, 497 discovered, 2 enqueued
[12.456s][info][gc,reloc    ] GC(3) Small Pages: 227 / 454M, Empty: 0M, Relocated: 40M, In-Place: 0
[12.456s][info][gc,reloc    ] GC(3) Medium Pages: 1 / 32M, Empty: 0M, Relocated: 0M, In-Place: 0
[12.456s][info][gc,reloc    ] GC(3) Large Pages: 0 / 0M, Empty: 0M, Relocated: 0M, In-Place: 0
[12.456s][info][gc,reloc    ] GC(3) Forwarding Usage: 28M
[12.456s][info][gc,heap     ] GC(3) Min Capacity: 8M(0%)
[12.456s][info][gc,heap     ] GC(3) Max Capacity: 2048M(100%)
[12.456s][info][gc,heap     ] GC(3) Soft Max Capacity: 2048M(100%)
[12.456s][info][gc,heap     ] GC(3)                Mark Start          Mark End        Relocate Start      Relocate End           High               Low         
[12.456s][info][gc,heap     ] GC(3)  Capacity:     2048M (100%)       2048M (100%)       2048M (100%)       2048M (100%)       2048M (100%)       2048M (100%)   
[12.456s][info][gc,heap     ] GC(3)      Free:     1562M (76%)        1484M (72%)        1470M (72%)        1812M (88%)        1812M (88%)        1450M (71%)    
[12.456s][info][gc,heap     ] GC(3)      Used:      486M (24%)         564M (28%)         578M (28%)         236M (12%)         598M (29%)         236M (12%)    
[12.456s][info][gc,heap     ] GC(3)      Live:         -                72M (4%)           72M (4%)           72M (4%)             -                  -          
[12.456s][info][gc,heap     ] GC(3) Allocated:         -                78M (4%)           92M (4%)          117M (6%)             -                  -          
[12.456s][info][gc,heap     ] GC(3)   Garbage:         -               413M (20%)         413M (20%)          45M (2%)             -                  -          
[12.456s][info][gc,heap     ] GC(3) Reclaimed:         -                  -                 0M (0%)          367M (18%)            -                  -          
[12.456s][info][gc          ] GC(3) Garbage Collection (Warmup) 486M(24%)->236M(12%)
[12.769s][info][gc,start    ] GC(4) Garbage Collection (Warmup)
[12.769s][info][gc,task     ] GC(4) Using 12 workers
[12.770s][info][gc,phases   ] GC(4) Pause Mark Start 0.016ms
[12.910s][info][gc,phases   ] GC(4) Concurrent Mark 140.156ms
[12.910s][info][gc,phases   ] GC(4) Pause Mark End 0.019ms
[12.910s][info][gc,phases   ] GC(4) Concurrent Mark Free 0.001ms
[12.911s][info][gc,phases   ] GC(4) Concurrent Process Non-Strong References 0.945ms
[12.911s][info][gc,phases   ] GC(4) Concurrent Reset Relocation Set 0.030ms
[12.944s][info][gc,phases   ] GC(4) Concurrent Select Relocation Set 32.864ms
[12.944s][info][gc,phases   ] GC(4) Pause Relocate Start 0.009ms
[12.984s][info][gc,phases   ] GC(4) Concurrent Relocate 39.847ms
[12.984s][info][gc,load     ] GC(4) Load: 0.00/0.00/0.00
[12.984s][info][gc,mmu      ] GC(4) MMU: 2ms/99.1%, 5ms/99.6%, 10ms/99.8%, 20ms/99.9%, 50ms/99.9%, 100ms/100.0%
[12.984s][info][gc,marking  ] GC(4) Mark: 8 stripe(s), 6 proactive flush(es), 1 terminate flush(es), 0 completion(s), 0 continuation(s) 
[12.984s][info][gc,marking  ] GC(4) Mark Stack Usage: 32M
[12.984s][info][gc,nmethod  ] GC(4) NMethods: 2926 registered, 82 unregistered
[12.984s][info][gc,metaspace] GC(4) Metaspace: 41M used, 41M committed, 1088M reserved
[12.984s][info][gc,ref      ] GC(4) Soft: 3892 encountered, 0 discovered, 0 enqueued
[12.984s][info][gc,ref      ] GC(4) Weak: 2500 encountered, 125 discovered, 0 enqueued
[12.984s][info][gc,ref      ] GC(4) Final: 82 encountered, 18 discovered, 0 enqueued
[12.984s][info][gc,ref      ] GC(4) Phantom: 593 encountered, 480 discovered, 0 enqueued
[12.984s][info][gc,reloc    ] GC(4) Small Pages: 314 / 628M, Empty: 0M, Relocated: 50M, In-Place: 0
[12.984s][info][gc,reloc    ] GC(4) Medium Pages: 1 / 32M, Empty: 0M, Relocated: 0M, In-Place: 0
[12.984s][info][gc,reloc    ] GC(4) Large Pages: 0 / 0M, Empty: 0M, Relocated: 0M, In-Place: 0
[12.984s][info][gc,reloc    ] GC(4) Forwarding Usage: 36M
[12.984s][info][gc,heap     ] GC(4) Min Capacity: 8M(0%)
[12.984s][info][gc,heap     ] GC(4) Max Capacity: 2048M(100%)
[12.984s][info][gc,heap     ] GC(4) Soft Max Capacity: 2048M(100%)
[12.984s][info][gc,heap     ] GC(4)                Mark Start          Mark End        Relocate Start      Relocate End           High               Low         
[12.984s][info][gc,heap     ] GC(4)  Capacity:     2048M (100%)       2048M (100%)       2048M (100%)       2048M (100%)       2048M (100%)       2048M (100%)   
[12.984s][info][gc,heap     ] GC(4)      Free:     1388M (68%)        1312M (64%)        1292M (63%)        1744M (85%)        1744M (85%)        1268M (62%)    
[12.984s][info][gc,heap     ] GC(4)      Used:      660M (32%)         736M (36%)         756M (37%)         304M (15%)         780M (38%)         304M (15%)    
[12.984s][info][gc,heap     ] GC(4)      Live:         -               118M (6%)          118M (6%)          118M (6%)             -                  -          
[12.984s][info][gc,heap     ] GC(4) Allocated:         -                76M (4%)           96M (5%)          139M (7%)             -                  -          
[12.984s][info][gc,heap     ] GC(4)   Garbage:         -               541M (26%)         541M (26%)          45M (2%)             -                  -          
[12.984s][info][gc,heap     ] GC(4) Reclaimed:         -                  -                 0M (0%)          495M (24%)            -                  -          
[12.984s][info][gc          ] GC(4) Garbage Collection (Warmup) 660M(32%)->304M(15%)
[13.909s][info][gc,start    ] GC(5) Garbage Collection (System.gc())
[13.909s][info][gc,task     ] GC(5) Using 12 workers
[13.910s][info][gc,phases   ] GC(5) Pause Mark Start 0.016ms
[13.924s][info][gc,phases   ] GC(5) Concurrent Mark 13.945ms
[13.924s][info][gc,phases   ] GC(5) Pause Mark End 0.021ms
[13.924s][info][gc,phases   ] GC(5) Concurrent Mark Free 0.001ms
[13.926s][info][gc,phases   ] GC(5) Concurrent Process Non-Strong References 1.783ms
[13.926s][info][gc,phases   ] GC(5) Concurrent Reset Relocation Set 0.063ms
[13.934s][info][gc,phases   ] GC(5) Concurrent Select Relocation Set 8.647ms
[13.935s][info][gc,phases   ] GC(5) Pause Relocate Start 0.009ms
[13.938s][info][gc,phases   ] GC(5) Concurrent Relocate 3.478ms
[13.938s][info][gc,load     ] GC(5) Load: 0.00/0.00/0.00
[13.938s][info][gc,mmu      ] GC(5) MMU: 2ms/98.9%, 5ms/99.6%, 10ms/99.8%, 20ms/99.8%, 50ms/99.9%, 100ms/100.0%
[13.938s][info][gc,marking  ] GC(5) Mark: 8 stripe(s), 1 proactive flush(es), 1 terminate flush(es), 0 completion(s), 0 continuation(s) 
[13.938s][info][gc,marking  ] GC(5) Mark Stack Usage: 32M
[13.938s][info][gc,nmethod  ] GC(5) NMethods: 3307 registered, 216 unregistered
[13.938s][info][gc,metaspace] GC(5) Metaspace: 46M used, 47M committed, 1088M reserved
[13.938s][info][gc,ref      ] GC(5) Soft: 4056 encountered, 0 discovered, 0 enqueued
[13.938s][info][gc,ref      ] GC(5) Weak: 3411 encountered, 444 discovered, 320 enqueued
[13.938s][info][gc,ref      ] GC(5) Final: 82 encountered, 0 discovered, 0 enqueued
[13.938s][info][gc,ref      ] GC(5) Phantom: 814 encountered, 786 discovered, 217 enqueued
[13.938s][info][gc,reloc    ] GC(5) Small Pages: 228 / 456M, Empty: 362M, Relocated: 8M, In-Place: 0
[13.938s][info][gc,reloc    ] GC(5) Medium Pages: 2 / 64M, Empty: 32M, Relocated: 0M, In-Place: 0
[13.939s][info][gc,reloc    ] GC(5) Large Pages: 1 / 6M, Empty: 6M, Relocated: 0M, In-Place: 0
[13.939s][info][gc,reloc    ] GC(5) Forwarding Usage: 3M
[13.939s][info][gc,heap     ] GC(5) Min Capacity: 8M(0%)
[13.939s][info][gc,heap     ] GC(5) Max Capacity: 2048M(100%)
[13.939s][info][gc,heap     ] GC(5) Soft Max Capacity: 2048M(100%)
[13.939s][info][gc,heap     ] GC(5)                Mark Start          Mark End        Relocate Start      Relocate End           High               Low         
[13.939s][info][gc,heap     ] GC(5)  Capacity:     2048M (100%)       2048M (100%)       2048M (100%)       2048M (100%)       2048M (100%)       2048M (100%)   
[13.939s][info][gc,heap     ] GC(5)      Free:     1522M (74%)        1522M (74%)        1920M (94%)        1972M (96%)        1972M (96%)        1522M (74%)    
[13.939s][info][gc,heap     ] GC(5)      Used:      526M (26%)         526M (26%)         128M (6%)           76M (4%)          526M (26%)          76M (4%)     
[13.939s][info][gc,heap     ] GC(5)      Live:         -                28M (1%)           28M (1%)           28M (1%)             -                  -          
[13.939s][info][gc,heap     ] GC(5) Allocated:         -                 0M (0%)            2M (0%)            2M (0%)             -                  -          
[13.939s][info][gc,heap     ] GC(5)   Garbage:         -               497M (24%)          97M (5%)           45M (2%)             -                  -          
[13.939s][info][gc,heap     ] GC(5) Reclaimed:         -                  -               400M (20%)         452M (22%)            -                  -          
[13.939s][info][gc          ] GC(5) Garbage Collection (System.gc()) 526M(26%)->76M(4%)
[15.063s][info][gc,start    ] GC(6) Garbage Collection (Allocation Rate)
[15.063s][info][gc,task     ] GC(6) Using 12 workers
[15.063s][info][gc,phases   ] GC(6) Pause Mark Start 0.015ms
[15.126s][info][gc,phases   ] GC(6) Concurrent Mark 62.074ms
[15.126s][info][gc,phases   ] GC(6) Pause Mark End 0.015ms
[15.126s][info][gc,phases   ] GC(6) Concurrent Mark Free 0.001ms
[15.128s][info][gc,phases   ] GC(6) Concurrent Process Non-Strong References 1.665ms
[15.128s][info][gc,phases   ] GC(6) Concurrent Reset Relocation Set 0.004ms
[15.160s][info][gc,phases   ] GC(6) Concurrent Select Relocation Set 32.452ms
[15.160s][info][gc,phases   ] GC(6) Pause Relocate Start 0.008ms
[15.184s][info][gc,phases   ] GC(6) Concurrent Relocate 23.305ms
[15.184s][info][gc,load     ] GC(6) Load: 0.00/0.00/0.00
[15.184s][info][gc,mmu      ] GC(6) MMU: 2ms/98.9%, 5ms/99.6%, 10ms/99.8%, 20ms/99.8%, 50ms/99.9%, 100ms/100.0%
[15.184s][info][gc,marking  ] GC(6) Mark: 8 stripe(s), 4 proactive flush(es), 1 terminate flush(es), 0 completion(s), 0 continuation(s) 
[15.184s][info][gc,marking  ] GC(6) Mark Stack Usage: 32M
[15.184s][info][gc,nmethod  ] GC(6) NMethods: 4175 registered, 444 unregistered
[15.184s][info][gc,metaspace] GC(6) Metaspace: 52M used, 53M committed, 1088M reserved
[15.184s][info][gc,ref      ] GC(6) Soft: 4433 encountered, 0 discovered, 0 enqueued
[15.184s][info][gc,ref      ] GC(6) Weak: 4856 encountered, 746 discovered, 521 enqueued
[15.184s][info][gc,ref      ] GC(6) Final: 82 encountered, 0 discovered, 0 enqueued
[15.184s][info][gc,ref      ] GC(6) Phantom: 916 encountered, 733 discovered, 313 enqueued
[15.184s][info][gc,reloc    ] GC(6) Small Pages: 415 / 830M, Empty: 0M, Relocated: 71M, In-Place: 0
[15.184s][info][gc,reloc    ] GC(6) Medium Pages: 2 / 64M, Empty: 32M, Relocated: 0M, In-Place: 0
[15.184s][info][gc,reloc    ] GC(6) Large Pages: 3 / 22M, Empty: 12M, Relocated: 0M, In-Place: 0
[15.184s][info][gc,reloc    ] GC(6) Forwarding Usage: 47M
[15.184s][info][gc,heap     ] GC(6) Min Capacity: 8M(0%)
[15.184s][info][gc,heap     ] GC(6) Max Capacity: 2048M(100%)
[15.184s][info][gc,heap     ] GC(6) Soft Max Capacity: 2048M(100%)
[15.184s][info][gc,heap     ] GC(6)                Mark Start          Mark End        Relocate Start      Relocate End           High               Low         
[15.184s][info][gc,heap     ] GC(6)  Capacity:     2048M (100%)       2048M (100%)       2048M (100%)       2048M (100%)       2048M (100%)       2048M (100%)   
[15.184s][info][gc,heap     ] GC(6)      Free:     1132M (55%)        1080M (53%)        1096M (54%)        1788M (87%)        1790M (87%)        1074M (52%)    
[15.184s][info][gc,heap     ] GC(6)      Used:      916M (45%)         968M (47%)         952M (46%)         260M (13%)         974M (48%)         258M (13%)    
[15.184s][info][gc,heap     ] GC(6)      Live:         -               102M (5%)          102M (5%)          102M (5%)             -                  -          
[15.184s][info][gc,heap     ] GC(6) Allocated:         -                52M (3%)           80M (4%)          113M (6%)             -                  -          
[15.184s][info][gc,heap     ] GC(6)   Garbage:         -               813M (40%)         769M (38%)          43M (2%)             -                  -          
[15.184s][info][gc,heap     ] GC(6) Reclaimed:         -                  -                44M (2%)          769M (38%)            -                  -          
[15.184s][info][gc          ] GC(6) Garbage Collection (Allocation Rate) 916M(45%)->260M(13%)
[15.868s][info][gc,start    ] GC(7) Garbage Collection (Allocation Rate)
[15.868s][info][gc,task     ] GC(7) Using 7 workers
[15.868s][info][gc,phases   ] GC(7) Pause Mark Start 0.017ms
[16.000s][info][gc,phases   ] GC(7) Concurrent Mark 131.642ms
[16.000s][info][gc,phases   ] GC(7) Pause Mark End 0.024ms
[16.000s][info][gc,phases   ] GC(7) Concurrent Mark Free 0.001ms
[16.015s][info][gc,phases   ] GC(7) Concurrent Process Non-Strong References 14.091ms
[16.015s][info][gc,phases   ] GC(7) Concurrent Reset Relocation Set 0.087ms
[16.022s][info][gc,phases   ] GC(7) Concurrent Select Relocation Set 7.330ms
[16.022s][info][gc,phases   ] GC(7) Pause Relocate Start 0.012ms
[16.057s][info][gc,phases   ] GC(7) Concurrent Relocate 34.573ms
[16.057s][info][gc,load     ] GC(7) Load: 0.00/0.00/0.00
[16.057s][info][gc,mmu      ] GC(7) MMU: 2ms/98.8%, 5ms/99.5%, 10ms/99.8%, 20ms/99.8%, 50ms/99.9%, 100ms/100.0%
[16.057s][info][gc,marking  ] GC(7) Mark: 4 stripe(s), 3 proactive flush(es), 1 terminate flush(es), 0 completion(s), 0 continuation(s) 
[16.057s][info][gc,marking  ] GC(7) Mark Stack Usage: 32M
[16.057s][info][gc,nmethod  ] GC(7) NMethods: 4605 registered, 620 unregistered
[16.057s][info][gc,metaspace] GC(7) Metaspace: 54M used, 55M committed, 1088M reserved
[16.057s][info][gc,ref      ] GC(7) Soft: 4630 encountered, 0 discovered, 0 enqueued
[16.057s][info][gc,ref      ] GC(7) Weak: 5399 encountered, 509 discovered, 360 enqueued
[16.057s][info][gc,ref      ] GC(7) Final: 82 encountered, 26 discovered, 0 enqueued
[16.057s][info][gc,ref      ] GC(7) Phantom: 779 encountered, 616 discovered, 174 enqueued
[16.057s][info][gc,reloc    ] GC(7) Small Pages: 497 / 994M, Empty: 0M, Relocated: 48M, In-Place: 0
[16.057s][info][gc,reloc    ] GC(7) Medium Pages: 2 / 64M, Empty: 0M, Relocated: 7M, In-Place: 0
[16.057s][info][gc,reloc    ] GC(7) Large Pages: 3 / 22M, Empty: 16M, Relocated: 0M, In-Place: 0
[16.057s][info][gc,reloc    ] GC(7) Forwarding Usage: 33M
[16.057s][info][gc,heap     ] GC(7) Min Capacity: 8M(0%)
[16.057s][info][gc,heap     ] GC(7) Max Capacity: 2048M(100%)
[16.057s][info][gc,heap     ] GC(7) Soft Max Capacity: 2048M(100%)
[16.057s][info][gc,heap     ] GC(7)                Mark Start          Mark End        Relocate Start      Relocate End           High               Low         
[16.058s][info][gc,heap     ] GC(7)  Capacity:     2048M (100%)       2048M (100%)       2048M (100%)       2048M (100%)       2048M (100%)       2048M (100%)   
[16.058s][info][gc,heap     ] GC(7)      Free:      968M (47%)         826M (40%)         814M (40%)        1604M (78%)        1604M (78%)         778M (38%)    
[16.058s][info][gc,heap     ] GC(7)      Used:     1080M (53%)        1222M (60%)        1234M (60%)         444M (22%)        1270M (62%)         444M (22%)    
[16.058s][info][gc,heap     ] GC(7)      Live:         -               144M (7%)          144M (7%)          144M (7%)             -                  -          
[16.058s][info][gc,heap     ] GC(7) Allocated:         -               142M (7%)          170M (8%)          263M (13%)            -                  -          
[16.058s][info][gc,heap     ] GC(7)   Garbage:         -               935M (46%)         919M (45%)          35M (2%)             -                  -          
[16.058s][info][gc,heap     ] GC(7) Reclaimed:         -                  -                16M (1%)          899M (44%)            -                  -          
[16.058s][info][gc          ] GC(7) Garbage Collection (Allocation Rate) 1080M(53%)->444M(22%)
[16.262s][info][gc,start    ] GC(8) Garbage Collection (Allocation Rate)
[16.262s][info][gc,task     ] GC(8) Using 8 workers
[16.262s][info][gc,phases   ] GC(8) Pause Mark Start 0.016ms
[16.355s][info][gc,phases   ] GC(8) Concurrent Mark 93.318ms
[16.356s][info][gc,phases   ] GC(8) Pause Mark End 0.018ms
[16.356s][info][gc,phases   ] GC(8) Concurrent Mark Free 0.001ms
[16.357s][info][gc,phases   ] GC(8) Concurrent Process Non-Strong References 1.798ms
[16.358s][info][gc,phases   ] GC(8) Concurrent Reset Relocation Set 0.076ms
[16.361s][info][gc,phases   ] GC(8) Concurrent Select Relocation Set 3.695ms
[16.361s][info][gc,phases   ] GC(8) Pause Relocate Start 0.008ms
[16.389s][info][gc,phases   ] GC(8) Concurrent Relocate 27.792ms
[16.389s][info][gc,load     ] GC(8) Load: 0.00/0.00/0.00
[16.389s][info][gc,mmu      ] GC(8) MMU: 2ms/98.8%, 5ms/99.5%, 10ms/99.7%, 20ms/99.8%, 50ms/99.9%, 100ms/100.0%
[16.389s][info][gc,marking  ] GC(8) Mark: 8 stripe(s), 3 proactive flush(es), 1 terminate flush(es), 0 completion(s), 0 continuation(s) 
[16.389s][info][gc,marking  ] GC(8) Mark Stack Usage: 32M
[16.389s][info][gc,nmethod  ] GC(8) NMethods: 4601 registered, 626 unregistered
[16.389s][info][gc,metaspace] GC(8) Metaspace: 54M used, 55M committed, 1088M reserved
[16.389s][info][gc,ref      ] GC(8) Soft: 4635 encountered, 0 discovered, 0 enqueued
[16.389s][info][gc,ref      ] GC(8) Weak: 5157 encountered, 251 discovered, 40 enqueued
[16.389s][info][gc,ref      ] GC(8) Final: 82 encountered, 0 discovered, 0 enqueued
[16.389s][info][gc,ref      ] GC(8) Phantom: 637 encountered, 629 discovered, 32 enqueued
[16.389s][info][gc,reloc    ] GC(8) Small Pages: 544 / 1088M, Empty: 32M, Relocated: 41M, In-Place: 0
[16.389s][info][gc,reloc    ] GC(8) Medium Pages: 1 / 32M, Empty: 0M, Relocated: 0M, In-Place: 0
[16.390s][info][gc,reloc    ] GC(8) Large Pages: 3 / 22M, Empty: 6M, Relocated: 0M, In-Place: 0
[16.390s][info][gc,reloc    ] GC(8) Forwarding Usage: 27M
[16.390s][info][gc,heap     ] GC(8) Min Capacity: 8M(0%)
[16.390s][info][gc,heap     ] GC(8) Max Capacity: 2048M(100%)
[16.390s][info][gc,heap     ] GC(8) Soft Max Capacity: 2048M(100%)
[16.390s][info][gc,heap     ] GC(8)                Mark Start          Mark End        Relocate Start      Relocate End           High               Low         
[16.390s][info][gc,heap     ] GC(8)  Capacity:     2048M (100%)       2048M (100%)       2048M (100%)       2048M (100%)       2048M (100%)       2048M (100%)   
[16.390s][info][gc,heap     ] GC(8)      Free:      906M (44%)         740M (36%)         768M (38%)        1586M (77%)        1586M (77%)         732M (36%)    
[16.390s][info][gc,heap     ] GC(8)      Used:     1142M (56%)        1308M (64%)        1280M (63%)         462M (23%)        1316M (64%)         462M (23%)    
[16.390s][info][gc,heap     ] GC(8)      Live:         -               188M (9%)          188M (9%)          188M (9%)             -                  -          
[16.390s][info][gc,heap     ] GC(8) Allocated:         -               166M (8%)          176M (9%)          235M (11%)            -                  -          
[16.390s][info][gc,heap     ] GC(8)   Garbage:         -               953M (47%)         915M (45%)          38M (2%)             -                  -          
[16.390s][info][gc,heap     ] GC(8) Reclaimed:         -                  -                38M (2%)          915M (45%)            -                  -          
[16.390s][info][gc          ] GC(8) Garbage Collection (Allocation Rate) 1142M(56%)->462M(23%)
[16.465s][info][gc,start    ] GC(9) Garbage Collection (Allocation Rate)
[16.465s][info][gc,task     ] GC(9) Using 8 workers
[16.465s][info][gc,phases   ] GC(9) Pause Mark Start 0.011ms
[16.539s][info][gc,phases   ] GC(9) Concurrent Mark 74.284ms
[16.539s][info][gc,phases   ] GC(9) Pause Mark End 0.015ms
[16.540s][info][gc,phases   ] GC(9) Concurrent Mark Free 0.001ms
[16.541s][info][gc,phases   ] GC(9) Concurrent Process Non-Strong References 1.592ms
[16.541s][info][gc,phases   ] GC(9) Concurrent Reset Relocation Set 0.068ms
[16.545s][info][gc,phases   ] GC(9) Concurrent Select Relocation Set 4.228ms
[16.546s][info][gc,phases   ] GC(9) Pause Relocate Start 0.006ms
[16.562s][info][gc,phases   ] GC(9) Concurrent Relocate 16.432ms
[16.562s][info][gc,load     ] GC(9) Load: 0.00/0.00/0.00
[16.562s][info][gc,mmu      ] GC(9) MMU: 2ms/98.8%, 5ms/99.5%, 10ms/99.7%, 20ms/99.8%, 50ms/99.9%, 100ms/100.0%
[16.562s][info][gc,marking  ] GC(9) Mark: 8 stripe(s), 2 proactive flush(es), 1 terminate flush(es), 0 completion(s), 0 continuation(s) 
[16.562s][info][gc,marking  ] GC(9) Mark Stack Usage: 32M
[16.562s][info][gc,nmethod  ] GC(9) NMethods: 4642 registered, 626 unregistered
[16.562s][info][gc,metaspace] GC(9) Metaspace: 54M used, 55M committed, 1088M reserved
[16.562s][info][gc,ref      ] GC(9) Soft: 4635 encountered, 0 discovered, 0 enqueued
[16.562s][info][gc,ref      ] GC(9) Weak: 5116 encountered, 479 discovered, 0 enqueued
[16.562s][info][gc,ref      ] GC(9) Final: 82 encountered, 34 discovered, 0 enqueued
[16.562s][info][gc,ref      ] GC(9) Phantom: 604 encountered, 481 discovered, 0 enqueued
[16.562s][info][gc,reloc    ] GC(9) Small Pages: 318 / 636M, Empty: 0M, Relocated: 22M, In-Place: 0
[16.562s][info][gc,reloc    ] GC(9) Medium Pages: 1 / 32M, Empty: 0M, Relocated: 0M, In-Place: 0
[16.562s][info][gc,reloc    ] GC(9) Large Pages: 2 / 16M, Empty: 0M, Relocated: 0M, In-Place: 0
[16.562s][info][gc,reloc    ] GC(9) Forwarding Usage: 15M
[16.562s][info][gc,heap     ] GC(9) Min Capacity: 8M(0%)
[16.562s][info][gc,heap     ] GC(9) Max Capacity: 2048M(100%)
[16.562s][info][gc,heap     ] GC(9) Soft Max Capacity: 2048M(100%)
[16.562s][info][gc,heap     ] GC(9)                Mark Start          Mark End        Relocate Start      Relocate End           High               Low         
[16.562s][info][gc,heap     ] GC(9)  Capacity:     2048M (100%)       2048M (100%)       2048M (100%)       2048M (100%)       2048M (100%)       2048M (100%)   
[16.562s][info][gc,heap     ] GC(9)      Free:     1364M (67%)        1254M (61%)        1238M (60%)        1650M (81%)        1650M (81%)        1220M (60%)    
[16.562s][info][gc,heap     ] GC(9)      Used:      684M (33%)         794M (39%)         810M (40%)         398M (19%)         828M (40%)         398M (19%)    
[16.562s][info][gc,heap     ] GC(9)      Live:         -               208M (10%)         208M (10%)         208M (10%)            -                  -          
[16.562s][info][gc,heap     ] GC(9) Allocated:         -               110M (5%)          126M (6%)          151M (7%)             -                  -          
[16.562s][info][gc,heap     ] GC(9)   Garbage:         -               475M (23%)         475M (23%)          37M (2%)             -                  -          
[16.562s][info][gc,heap     ] GC(9) Reclaimed:         -                  -                 0M (0%)          437M (21%)            -                  -          
[16.562s][info][gc          ] GC(9) Garbage Collection (Allocation Rate) 684M(33%)->398M(19%)
[16.663s][info][gc,start    ] GC(10) Garbage Collection (Allocation Rate)
[16.663s][info][gc,task     ] GC(10) Using 8 workers
[16.663s][info][gc,phases   ] GC(10) Pause Mark Start 0.015ms
[16.726s][info][gc,phases   ] GC(10) Concurrent Mark 62.050ms
[16.726s][info][gc,phases   ] GC(10) Pause Mark End 0.016ms
[16.726s][info][gc,phases   ] GC(10) Concurrent Mark Free 0.002ms
[16.728s][info][gc,phases   ] GC(10) Concurrent Process Non-Strong References 1.901ms
[16.728s][info][gc,phases   ] GC(10) Concurrent Reset Relocation Set 0.044ms
[16.735s][info][gc,phases   ] GC(10) Concurrent Select Relocation Set 7.569ms
[16.736s][info][gc,phases   ] GC(10) Pause Relocate Start 0.003ms
[16.739s][info][gc,phases   ] GC(10) Concurrent Relocate 2.985ms
[16.739s][info][gc,load     ] GC(10) Load: 0.00/0.00/0.00
[16.739s][info][gc,mmu      ] GC(10) MMU: 2ms/98.8%, 5ms/99.5%, 10ms/99.7%, 20ms/99.8%, 50ms/99.9%, 100ms/100.0%
[16.739s][info][gc,marking  ] GC(10) Mark: 8 stripe(s), 2 proactive flush(es), 1 terminate flush(es), 0 completion(s), 0 continuation(s) 
[16.739s][info][gc,marking  ] GC(10) Mark Stack Usage: 32M
[16.739s][info][gc,nmethod  ] GC(10) NMethods: 4645 registered, 671 unregistered
[16.739s][info][gc,metaspace] GC(10) Metaspace: 55M used, 55M committed, 1088M reserved
[16.739s][info][gc,ref      ] GC(10) Soft: 4650 encountered, 0 discovered, 0 enqueued
[16.739s][info][gc,ref      ] GC(10) Weak: 5267 encountered, 406 discovered, 59 enqueued
[16.739s][info][gc,ref      ] GC(10) Final: 82 encountered, 0 discovered, 0 enqueued
[16.739s][info][gc,ref      ] GC(10) Phantom: 648 encountered, 531 discovered, 44 enqueued
[16.739s][info][gc,reloc    ] GC(10) Small Pages: 266 / 532M, Empty: 272M, Relocated: 6M, In-Place: 0
[16.739s][info][gc,reloc    ] GC(10) Medium Pages: 1 / 32M, Empty: 0M, Relocated: 0M, In-Place: 0
[16.739s][info][gc,reloc    ] GC(10) Large Pages: 3 / 22M, Empty: 10M, Relocated: 0M, In-Place: 0
[16.739s][info][gc,reloc    ] GC(10) Forwarding Usage: 3M
[16.739s][info][gc,heap     ] GC(10) Min Capacity: 8M(0%)
[16.739s][info][gc,heap     ] GC(10) Max Capacity: 2048M(100%)
[16.739s][info][gc,heap     ] GC(10) Soft Max Capacity: 2048M(100%)
[16.739s][info][gc,heap     ] GC(10)                Mark Start          Mark End        Relocate Start      Relocate End           High               Low         
[16.739s][info][gc,heap     ] GC(10)  Capacity:     2048M (100%)       2048M (100%)       2048M (100%)       2048M (100%)       2048M (100%)       2048M (100%)   
[16.739s][info][gc,heap     ] GC(10)      Free:     1462M (71%)        1378M (67%)        1642M (80%)        1694M (83%)        1694M (83%)        1374M (67%)    
[16.739s][info][gc,heap     ] GC(10)      Used:      586M (29%)         670M (33%)         406M (20%)         354M (17%)         674M (33%)         354M (17%)    
[16.739s][info][gc,heap     ] GC(10)      Live:         -               204M (10%)         204M (10%)         204M (10%)            -                  -          
[16.739s][info][gc,heap     ] GC(10) Allocated:         -                84M (4%)          102M (5%)          107M (5%)             -                  -          
[16.739s][info][gc,heap     ] GC(10)   Garbage:         -               381M (19%)          99M (5%)           41M (2%)             -                  -          
[16.739s][info][gc,heap     ] GC(10) Reclaimed:         -                  -               282M (14%)         339M (17%)            -                  -          
[16.739s][info][gc          ] GC(10) Garbage Collection (Allocation Rate) 586M(29%)->354M(17%)
[17.069s][info][gc,start    ] GC(11) Garbage Collection (Allocation Rate)
[17.069s][info][gc,task     ] GC(11) Using 5 workers
[17.070s][info][gc,phases   ] GC(11) Pause Mark Start 0.014ms
[17.150s][info][gc,phases   ] GC(11) Concurrent Mark 80.314ms
[17.150s][info][gc,phases   ] GC(11) Pause Mark End 0.016ms
[17.150s][info][gc,phases   ] GC(11) Concurrent Mark Free 0.001ms
[17.153s][info][gc,phases   ] GC(11) Concurrent Process Non-Strong References 2.745ms
[17.153s][info][gc,phases   ] GC(11) Concurrent Reset Relocation Set 0.004ms
[17.157s][info][gc,phases   ] GC(11) Concurrent Select Relocation Set 4.026ms
[17.157s][info][gc,phases   ] GC(11) Pause Relocate Start 0.005ms
[17.161s][info][gc,phases   ] GC(11) Concurrent Relocate 3.673ms
[17.161s][info][gc,load     ] GC(11) Load: 0.00/0.00/0.00
[17.161s][info][gc,mmu      ] GC(11) MMU: 2ms/98.8%, 5ms/99.5%, 10ms/99.7%, 20ms/99.8%, 50ms/99.9%, 100ms/100.0%
[17.161s][info][gc,marking  ] GC(11) Mark: 4 stripe(s), 3 proactive flush(es), 1 terminate flush(es), 0 completion(s), 0 continuation(s) 
[17.161s][info][gc,marking  ] GC(11) Mark Stack Usage: 32M
[17.161s][info][gc,nmethod  ] GC(11) NMethods: 4647 registered, 671 unregistered
[17.161s][info][gc,metaspace] GC(11) Metaspace: 55M used, 55M committed, 1088M reserved
[17.161s][info][gc,ref      ] GC(11) Soft: 4650 encountered, 0 discovered, 0 enqueued
[17.161s][info][gc,ref      ] GC(11) Weak: 5208 encountered, 2347 discovered, 0 enqueued
[17.161s][info][gc,ref      ] GC(11) Final: 82 encountered, 6 discovered, 0 enqueued
[17.161s][info][gc,ref      ] GC(11) Phantom: 604 encountered, 434 discovered, 0 enqueued
[17.161s][info][gc,reloc    ] GC(11) Small Pages: 466 / 932M, Empty: 716M, Relocated: 6M, In-Place: 0
[17.161s][info][gc,reloc    ] GC(11) Medium Pages: 1 / 32M, Empty: 0M, Relocated: 0M, In-Place: 0
[17.161s][info][gc,reloc    ] GC(11) Large Pages: 2 / 12M, Empty: 0M, Relocated: 0M, In-Place: 0
[17.161s][info][gc,reloc    ] GC(11) Forwarding Usage: 3M
[17.161s][info][gc,heap     ] GC(11) Min Capacity: 8M(0%)
[17.161s][info][gc,heap     ] GC(11) Max Capacity: 2048M(100%)
[17.161s][info][gc,heap     ] GC(11) Soft Max Capacity: 2048M(100%)
[17.161s][info][gc,heap     ] GC(11)                Mark Start          Mark End        Relocate Start      Relocate End           High               Low         
[17.161s][info][gc,heap     ] GC(11)  Capacity:     2048M (100%)       2048M (100%)       2048M (100%)       2048M (100%)       2048M (100%)       2048M (100%)   
[17.161s][info][gc,heap     ] GC(11)      Free:     1072M (52%)         930M (45%)        1634M (80%)        1650M (81%)        1650M (81%)         924M (45%)    
[17.162s][info][gc,heap     ] GC(11)      Used:      976M (48%)        1118M (55%)         414M (20%)         398M (19%)        1124M (55%)         398M (19%)    
[17.162s][info][gc,heap     ] GC(11)      Live:         -               204M (10%)         204M (10%)         204M (10%)            -                  -          
[17.162s][info][gc,heap     ] GC(11) Allocated:         -               142M (7%)          154M (8%)          155M (8%)             -                  -          
[17.162s][info][gc,heap     ] GC(11)   Garbage:         -               771M (38%)          55M (3%)           37M (2%)             -                  -          
[17.162s][info][gc,heap     ] GC(11) Reclaimed:         -                  -               716M (35%)         733M (36%)            -                  -          
[17.162s][info][gc          ] GC(11) Garbage Collection (Allocation Rate) 976M(48%)->398M(19%)
[17.341s][info][gc,start    ] GC(12) Garbage Collection (System.gc())
[17.341s][info][gc,task     ] GC(12) Using 12 workers
[17.341s][info][gc,phases   ] GC(12) Pause Mark Start 0.009ms
[17.391s][info][gc,phases   ] GC(12) Concurrent Mark 49.630ms
[17.391s][info][gc,phases   ] GC(12) Pause Mark End 0.017ms
[17.391s][info][gc,phases   ] GC(12) Concurrent Mark Free 0.001ms
[17.403s][info][gc,phases   ] GC(12) Concurrent Process Non-Strong References 12.315ms
[17.403s][info][gc,phases   ] GC(12) Concurrent Reset Relocation Set 0.002ms
[17.406s][info][gc,phases   ] GC(12) Concurrent Select Relocation Set 3.186ms
[17.407s][info][gc,phases   ] GC(12) Pause Relocate Start 0.008ms
[17.409s][info][gc,phases   ] GC(12) Concurrent Relocate 2.150ms
[17.409s][info][gc,load     ] GC(12) Load: 0.00/0.00/0.00
[17.409s][info][gc,mmu      ] GC(12) MMU: 2ms/98.8%, 5ms/99.5%, 10ms/99.7%, 20ms/99.8%, 50ms/99.9%, 100ms/100.0%
[17.409s][info][gc,marking  ] GC(12) Mark: 8 stripe(s), 2 proactive flush(es), 1 terminate flush(es), 0 completion(s), 0 continuation(s) 
[17.409s][info][gc,marking  ] GC(12) Mark Stack Usage: 32M
[17.409s][info][gc,nmethod  ] GC(12) NMethods: 4820 registered, 733 unregistered
[17.409s][info][gc,metaspace] GC(12) Metaspace: 56M used, 57M committed, 1088M reserved
[17.409s][info][gc,ref      ] GC(12) Soft: 4698 encountered, 0 discovered, 0 enqueued
[17.409s][info][gc,ref      ] GC(12) Weak: 5676 encountered, 1354 discovered, 277 enqueued
[17.409s][info][gc,ref      ] GC(12) Final: 82 encountered, 0 discovered, 0 enqueued
[17.409s][info][gc,ref      ] GC(12) Phantom: 729 encountered, 554 discovered, 123 enqueued
[17.409s][info][gc,reloc    ] GC(12) Small Pages: 183 / 366M, Empty: 152M, Relocated: 1M, In-Place: 0
[17.409s][info][gc,reloc    ] GC(12) Medium Pages: 1 / 32M, Empty: 0M, Relocated: 0M, In-Place: 0
[17.409s][info][gc,reloc    ] GC(12) Large Pages: 3 / 18M, Empty: 6M, Relocated: 0M, In-Place: 0
[17.409s][info][gc,reloc    ] GC(12) Forwarding Usage: 0M
[17.409s][info][gc,heap     ] GC(12) Min Capacity: 8M(0%)
[17.409s][info][gc,heap     ] GC(12) Max Capacity: 2048M(100%)
[17.409s][info][gc,heap     ] GC(12) Soft Max Capacity: 2048M(100%)
[17.409s][info][gc,heap     ] GC(12)                Mark Start          Mark End        Relocate Start      Relocate End           High               Low         
[17.409s][info][gc,heap     ] GC(12)  Capacity:     2048M (100%)       2048M (100%)       2048M (100%)       2048M (100%)       2048M (100%)       2048M (100%)   
[17.409s][info][gc,heap     ] GC(12)      Free:     1632M (80%)        1630M (80%)        1786M (87%)        1786M (87%)        1786M (87%)        1630M (80%)    
[17.409s][info][gc,heap     ] GC(12)      Used:      416M (20%)         418M (20%)         262M (13%)         262M (13%)         418M (20%)         262M (13%)    
[17.409s][info][gc,heap     ] GC(12)      Live:         -               204M (10%)         204M (10%)         204M (10%)            -                  -          
[17.409s][info][gc,heap     ] GC(12) Allocated:         -                 2M (0%)            4M (0%)            3M (0%)             -                  -          
[17.409s][info][gc,heap     ] GC(12)   Garbage:         -               211M (10%)          53M (3%)           53M (3%)             -                  -          
[17.409s][info][gc,heap     ] GC(12) Reclaimed:         -                  -               158M (8%)          157M (8%)             -                  -          
[17.410s][info][gc          ] GC(12) Garbage Collection (System.gc()) 416M(20%)->262M(13%)
[17.875s][info][gc,start    ] GC(13) Garbage Collection (Allocation Rate)
[17.875s][info][gc,task     ] GC(13) Using 12 workers
[17.875s][info][gc,phases   ] GC(13) Pause Mark Start 0.016ms
[17.937s][info][gc,phases   ] GC(13) Concurrent Mark 62.026ms
[17.937s][info][gc,phases   ] GC(13) Pause Mark End 0.020ms
[17.937s][info][gc,phases   ] GC(13) Concurrent Mark Free 0.001ms
[17.939s][info][gc,phases   ] GC(13) Concurrent Process Non-Strong References 1.456ms
[17.939s][info][gc,phases   ] GC(13) Concurrent Reset Relocation Set 0.001ms
[17.944s][info][gc,phases   ] GC(13) Concurrent Select Relocation Set 4.727ms
[17.944s][info][gc,phases   ] GC(13) Pause Relocate Start 0.006ms
[17.946s][info][gc,phases   ] GC(13) Concurrent Relocate 1.980ms
[17.946s][info][gc,load     ] GC(13) Load: 0.00/0.00/0.00
[17.946s][info][gc,mmu      ] GC(13) MMU: 2ms/98.8%, 5ms/99.5%, 10ms/99.7%, 20ms/99.8%, 50ms/99.9%, 100ms/100.0%
[17.946s][info][gc,marking  ] GC(13) Mark: 8 stripe(s), 2 proactive flush(es), 1 terminate flush(es), 0 completion(s), 0 continuation(s) 
[17.946s][info][gc,marking  ] GC(13) Mark Stack Usage: 32M
[17.946s][info][gc,nmethod  ] GC(13) NMethods: 4993 registered, 22 unregistered
[17.946s][info][gc,metaspace] GC(13) Metaspace: 56M used, 57M committed, 1088M reserved
[17.946s][info][gc,ref      ] GC(13) Soft: 4701 encountered, 0 discovered, 0 enqueued
[17.946s][info][gc,ref      ] GC(13) Weak: 5585 encountered, 1788 discovered, 86 enqueued
[17.946s][info][gc,ref      ] GC(13) Final: 82 encountered, 21 discovered, 0 enqueued
[17.946s][info][gc,ref      ] GC(13) Phantom: 616 encountered, 299 discovered, 10 enqueued
[17.946s][info][gc,reloc    ] GC(13) Small Pages: 608 / 1216M, Empty: 966M, Relocated: 3M, In-Place: 0
[17.946s][info][gc,reloc    ] GC(13) Medium Pages: 2 / 64M, Empty: 32M, Relocated: 0M, In-Place: 0
[17.946s][info][gc,reloc    ] GC(13) Large Pages: 4 / 24M, Empty: 12M, Relocated: 0M, In-Place: 0
[17.946s][info][gc,reloc    ] GC(13) Forwarding Usage: 1M
[17.946s][info][gc,heap     ] GC(13) Min Capacity: 8M(0%)
[17.946s][info][gc,heap     ] GC(13) Max Capacity: 2048M(100%)
[17.946s][info][gc,heap     ] GC(13) Soft Max Capacity: 2048M(100%)
[17.946s][info][gc,heap     ] GC(13)                Mark Start          Mark End        Relocate Start      Relocate End           High               Low         
[17.946s][info][gc,heap     ] GC(13)  Capacity:     2048M (100%)       2048M (100%)       2048M (100%)       2048M (100%)       2048M (100%)       2048M (100%)   
[17.946s][info][gc,heap     ] GC(13)      Free:      744M (36%)         636M (31%)        1626M (79%)        1656M (81%)        1656M (81%)         632M (31%)    
[17.946s][info][gc,heap     ] GC(13)      Used:     1304M (64%)        1412M (69%)         422M (21%)         392M (19%)        1416M (69%)         392M (19%)    
[17.946s][info][gc,heap     ] GC(13)      Live:         -               205M (10%)         205M (10%)         205M (10%)            -                  -          
[17.946s][info][gc,heap     ] GC(13) Allocated:         -               108M (5%)          128M (6%)          131M (6%)             -                  -          
[17.946s][info][gc,heap     ] GC(13)   Garbage:         -              1098M (54%)          88M (4%)           54M (3%)             -                  -          
[17.946s][info][gc,heap     ] GC(13) Reclaimed:         -                  -              1010M (49%)        1043M (51%)            -                  -          
[17.946s][info][gc          ] GC(13) Garbage Collection (Allocation Rate) 1304M(64%)->392M(19%)
[18.265s][info][gc,start    ] GC(14) Garbage Collection (Allocation Rate)
[18.265s][info][gc,task     ] GC(14) Using 4 workers
[18.266s][info][gc,phases   ] GC(14) Pause Mark Start 0.015ms
[18.359s][info][gc,phases   ] GC(14) Concurrent Mark 93.324ms
[18.359s][info][gc,phases   ] GC(14) Pause Mark End 0.021ms
[18.359s][info][gc,phases   ] GC(14) Concurrent Mark Free 0.001ms
[18.363s][info][gc,phases   ] GC(14) Concurrent Process Non-Strong References 3.227ms
[18.363s][info][gc,phases   ] GC(14) Concurrent Reset Relocation Set 0.004ms
[18.369s][info][gc,phases   ] GC(14) Concurrent Select Relocation Set 5.838ms
[18.369s][info][gc,phases   ] GC(14) Pause Relocate Start 0.006ms
[18.374s][info][gc,phases   ] GC(14) Concurrent Relocate 4.949ms
[18.374s][info][gc,load     ] GC(14) Load: 0.00/0.00/0.00
[18.374s][info][gc,mmu      ] GC(14) MMU: 2ms/98.8%, 5ms/99.5%, 10ms/99.7%, 20ms/99.8%, 50ms/99.9%, 100ms/100.0%
[18.374s][info][gc,marking  ] GC(14) Mark: 4 stripe(s), 2 proactive flush(es), 1 terminate flush(es), 0 completion(s), 0 continuation(s) 
[18.374s][info][gc,marking  ] GC(14) Mark Stack Usage: 32M
[18.374s][info][gc,nmethod  ] GC(14) NMethods: 4993 registered, 23 unregistered
[18.374s][info][gc,metaspace] GC(14) Metaspace: 56M used, 57M committed, 1088M reserved
[18.374s][info][gc,ref      ] GC(14) Soft: 4701 encountered, 0 discovered, 0 enqueued
[18.374s][info][gc,ref      ] GC(14) Weak: 5507 encountered, 2312 discovered, 14 enqueued
[18.374s][info][gc,ref      ] GC(14) Final: 82 encountered, 3 discovered, 0 enqueued
[18.374s][info][gc,ref      ] GC(14) Phantom: 606 encountered, 509 discovered, 0 enqueued
[18.374s][info][gc,reloc    ] GC(14) Small Pages: 501 / 1002M, Empty: 760M, Relocated: 3M, In-Place: 0
[18.374s][info][gc,reloc    ] GC(14) Medium Pages: 1 / 32M, Empty: 0M, Relocated: 0M, In-Place: 0
[18.374s][info][gc,reloc    ] GC(14) Large Pages: 2 / 12M, Empty: 0M, Relocated: 0M, In-Place: 0
[18.374s][info][gc,reloc    ] GC(14) Forwarding Usage: 1M
[18.374s][info][gc,heap     ] GC(14) Min Capacity: 8M(0%)
[18.374s][info][gc,heap     ] GC(14) Max Capacity: 2048M(100%)
[18.374s][info][gc,heap     ] GC(14) Soft Max Capacity: 2048M(100%)
[18.374s][info][gc,heap     ] GC(14)                Mark Start          Mark End        Relocate Start      Relocate End           High               Low         
[18.374s][info][gc,heap     ] GC(14)  Capacity:     2048M (100%)       2048M (100%)       2048M (100%)       2048M (100%)       2048M (100%)       2048M (100%)   
[18.374s][info][gc,heap     ] GC(14)      Free:     1002M (49%)         818M (40%)        1558M (76%)        1590M (78%)        1594M (78%)         810M (40%)    
[18.374s][info][gc,heap     ] GC(14)      Used:     1046M (51%)        1230M (60%)         490M (24%)         458M (22%)        1238M (60%)         454M (22%)    
[18.374s][info][gc,heap     ] GC(14)      Live:         -               205M (10%)         205M (10%)         205M (10%)            -                  -          
[18.374s][info][gc,heap     ] GC(14) Allocated:         -               184M (9%)          204M (10%)         213M (10%)            -                  -          
[18.374s][info][gc,heap     ] GC(14)   Garbage:         -               840M (41%)          80M (4%)           38M (2%)             -                  -          
[18.374s][info][gc,heap     ] GC(14) Reclaimed:         -                  -               760M (37%)         801M (39%)            -                  -          
[18.374s][info][gc          ] GC(14) Garbage Collection (Allocation Rate) 1046M(51%)->458M(22%)
[18.375s][info][gc,start    ] GC(15) Garbage Collection (Allocation Rate)
[18.375s][info][gc,task     ] GC(15) Using 6 workers
[18.375s][info][gc,phases   ] GC(15) Pause Mark Start 0.009ms
[18.453s][info][gc,phases   ] GC(15) Concurrent Mark 77.801ms
[18.453s][info][gc,phases   ] GC(15) Pause Mark End 0.015ms
[18.453s][info][gc,phases   ] GC(15) Concurrent Mark Free 0.001ms
[18.455s][info][gc,phases   ] GC(15) Concurrent Process Non-Strong References 2.377ms
[18.455s][info][gc,phases   ] GC(15) Concurrent Reset Relocation Set 0.004ms
[18.461s][info][gc,phases   ] GC(15) Concurrent Select Relocation Set 5.679ms
[18.461s][info][gc,phases   ] GC(15) Pause Relocate Start 0.008ms
[18.464s][info][gc,phases   ] GC(15) Concurrent Relocate 2.780ms
[18.464s][info][gc,load     ] GC(15) Load: 0.00/0.00/0.00
[18.464s][info][gc,mmu      ] GC(15) MMU: 2ms/98.8%, 5ms/99.5%, 10ms/99.7%, 20ms/99.8%, 50ms/99.9%, 100ms/99.9%
[18.464s][info][gc,marking  ] GC(15) Mark: 4 stripe(s), 3 proactive flush(es), 1 terminate flush(es), 0 completion(s), 0 continuation(s) 
[18.464s][info][gc,marking  ] GC(15) Mark Stack Usage: 32M
[18.464s][info][gc,nmethod  ] GC(15) NMethods: 4998 registered, 23 unregistered
[18.464s][info][gc,metaspace] GC(15) Metaspace: 56M used, 57M committed, 1088M reserved
[18.464s][info][gc,ref      ] GC(15) Soft: 4701 encountered, 0 discovered, 0 enqueued
[18.464s][info][gc,ref      ] GC(15) Weak: 5493 encountered, 1898 discovered, 0 enqueued
[18.464s][info][gc,ref      ] GC(15) Final: 82 encountered, 41 discovered, 0 enqueued
[18.465s][info][gc,ref      ] GC(15) Phantom: 606 encountered, 427 discovered, 0 enqueued
[18.465s][info][gc,reloc    ] GC(15) Small Pages: 208 / 416M, Empty: 208M, Relocated: 2M, In-Place: 0
[18.465s][info][gc,reloc    ] GC(15) Medium Pages: 1 / 32M, Empty: 0M, Relocated: 0M, In-Place: 0
[18.465s][info][gc,reloc    ] GC(15) Large Pages: 2 / 12M, Empty: 0M, Relocated: 0M, In-Place: 0
[18.465s][info][gc,reloc    ] GC(15) Forwarding Usage: 1M
[18.465s][info][gc,heap     ] GC(15) Min Capacity: 8M(0%)
[18.465s][info][gc,heap     ] GC(15) Max Capacity: 2048M(100%)
[18.465s][info][gc,heap     ] GC(15) Soft Max Capacity: 2048M(100%)
[18.465s][info][gc,heap     ] GC(15)                Mark Start          Mark End        Relocate Start      Relocate End           High               Low         
[18.465s][info][gc,heap     ] GC(15)  Capacity:     2048M (100%)       2048M (100%)       2048M (100%)       2048M (100%)       2048M (100%)       2048M (100%)   
[18.465s][info][gc,heap     ] GC(15)      Free:     1588M (78%)        1446M (71%)        1640M (80%)        1640M (80%)        1644M (80%)        1442M (70%)    
[18.465s][info][gc,heap     ] GC(15)      Used:      460M (22%)         602M (29%)         408M (20%)         408M (20%)         606M (30%)         404M (20%)    
[18.465s][info][gc,heap     ] GC(15)      Live:         -               205M (10%)         205M (10%)         205M (10%)            -                  -          
[18.465s][info][gc,heap     ] GC(15) Allocated:         -               142M (7%)          156M (8%)          159M (8%)             -                  -          
[18.465s][info][gc,heap     ] GC(15)   Garbage:         -               254M (12%)          46M (2%)           43M (2%)             -                  -          
[18.465s][info][gc,heap     ] GC(15) Reclaimed:         -                  -               208M (10%)         211M (10%)            -                  -          
[18.465s][info][gc          ] GC(15) Garbage Collection (Allocation Rate) 460M(22%)->408M(20%)
[18.554s][info][gc,start    ] GC(16) Garbage Collection (System.gc())
[18.554s][info][gc,task     ] GC(16) Using 12 workers
[18.555s][info][gc,phases   ] GC(16) Pause Mark Start 0.013ms
[18.608s][info][gc,phases   ] GC(16) Concurrent Mark 53.465ms
[18.608s][info][gc,phases   ] GC(16) Pause Mark End 0.020ms
[18.608s][info][gc,phases   ] GC(16) Concurrent Mark Free 0.001ms
[18.610s][info][gc,phases   ] GC(16) Concurrent Process Non-Strong References 1.465ms
[18.610s][info][gc,phases   ] GC(16) Concurrent Reset Relocation Set 0.001ms
[18.613s][info][gc,phases   ] GC(16) Concurrent Select Relocation Set 2.596ms
[18.613s][info][gc,phases   ] GC(16) Pause Relocate Start 0.012ms
[18.615s][info][gc,phases   ] GC(16) Concurrent Relocate 1.835ms
[18.615s][info][gc,load     ] GC(16) Load: 0.00/0.00/0.00
[18.615s][info][gc,mmu      ] GC(16) MMU: 2ms/98.8%, 5ms/99.4%, 10ms/99.7%, 20ms/99.8%, 50ms/99.9%, 100ms/99.9%
[18.615s][info][gc,marking  ] GC(16) Mark: 8 stripe(s), 3 proactive flush(es), 1 terminate flush(es), 0 completion(s), 0 continuation(s) 
[18.615s][info][gc,marking  ] GC(16) Mark Stack Usage: 32M
[18.615s][info][gc,nmethod  ] GC(16) NMethods: 5124 registered, 36 unregistered
[18.615s][info][gc,metaspace] GC(16) Metaspace: 57M used, 57M committed, 1088M reserved
[18.615s][info][gc,ref      ] GC(16) Soft: 4699 encountered, 0 discovered, 0 enqueued
[18.615s][info][gc,ref      ] GC(16) Weak: 5553 encountered, 820 discovered, 121 enqueued
[18.615s][info][gc,ref      ] GC(16) Final: 82 encountered, 41 discovered, 0 enqueued
[18.615s][info][gc,ref      ] GC(16) Phantom: 606 encountered, 356 discovered, 0 enqueued
[18.615s][info][gc,reloc    ] GC(16) Small Pages: 211 / 422M, Empty: 198M, Relocated: 1M, In-Place: 0
[18.615s][info][gc,reloc    ] GC(16) Medium Pages: 1 / 32M, Empty: 0M, Relocated: 0M, In-Place: 0
[18.615s][info][gc,reloc    ] GC(16) Large Pages: 3 / 18M, Empty: 6M, Relocated: 0M, In-Place: 0
[18.615s][info][gc,reloc    ] GC(16) Forwarding Usage: 0M
[18.615s][info][gc,heap     ] GC(16) Min Capacity: 8M(0%)
[18.615s][info][gc,heap     ] GC(16) Max Capacity: 2048M(100%)
[18.615s][info][gc,heap     ] GC(16) Soft Max Capacity: 2048M(100%)
[18.615s][info][gc,heap     ] GC(16)                Mark Start          Mark End        Relocate Start      Relocate End           High               Low         
[18.615s][info][gc,heap     ] GC(16)  Capacity:     2048M (100%)       2048M (100%)       2048M (100%)       2048M (100%)       2048M (100%)       2048M (100%)   
[18.615s][info][gc,heap     ] GC(16)      Free:     1576M (77%)        1574M (77%)        1776M (87%)        1782M (87%)        1782M (87%)        1574M (77%)    
[18.615s][info][gc,heap     ] GC(16)      Used:      472M (23%)         474M (23%)         272M (13%)         266M (13%)         474M (23%)         266M (13%)    
[18.615s][info][gc,heap     ] GC(16)      Live:         -               204M (10%)         204M (10%)         204M (10%)            -                  -          
[18.615s][info][gc,heap     ] GC(16) Allocated:         -                 2M (0%)            4M (0%)            3M (0%)             -                  -          
[18.615s][info][gc,heap     ] GC(16)   Garbage:         -               267M (13%)          63M (3%)           57M (3%)             -                  -          
[18.615s][info][gc,heap     ] GC(16) Reclaimed:         -                  -               204M (10%)         209M (10%)            -                  -          
[18.615s][info][gc          ] GC(16) Garbage Collection (System.gc()) 472M(23%)->266M(13%)
[18.968s][info][gc,start    ] GC(17) Garbage Collection (Allocation Rate)
[18.968s][info][gc,task     ] GC(17) Using 4 workers
[18.968s][info][gc,phases   ] GC(17) Pause Mark Start 0.017ms
[19.077s][info][gc,phases   ] GC(17) Concurrent Mark 108.896ms
[19.077s][info][gc,phases   ] GC(17) Pause Mark End 0.025ms
[19.077s][info][gc,phases   ] GC(17) Concurrent Mark Free 0.001ms
[19.082s][info][gc,phases   ] GC(17) Concurrent Process Non-Strong References 4.775ms
[19.082s][info][gc,phases   ] GC(17) Concurrent Reset Relocation Set 0.002ms
[19.088s][info][gc,phases   ] GC(17) Concurrent Select Relocation Set 5.759ms
[19.088s][info][gc,phases   ] GC(17) Pause Relocate Start 0.010ms
[19.092s][info][gc,phases   ] GC(17) Concurrent Relocate 4.330ms
[19.092s][info][gc,load     ] GC(17) Load: 0.00/0.00/0.00
[19.093s][info][gc,mmu      ] GC(17) MMU: 2ms/98.7%, 5ms/99.4%, 10ms/99.7%, 20ms/99.8%, 50ms/99.9%, 100ms/99.9%
[19.093s][info][gc,marking  ] GC(17) Mark: 4 stripe(s), 2 proactive flush(es), 1 terminate flush(es), 0 completion(s), 0 continuation(s) 
[19.093s][info][gc,marking  ] GC(17) Mark Stack Usage: 32M
[19.093s][info][gc,nmethod  ] GC(17) NMethods: 5233 registered, 55 unregistered
[19.093s][info][gc,metaspace] GC(17) Metaspace: 57M used, 58M committed, 1088M reserved
[19.093s][info][gc,ref      ] GC(17) Soft: 4701 encountered, 0 discovered, 0 enqueued
[19.093s][info][gc,ref      ] GC(17) Weak: 5622 encountered, 3448 discovered, 75 enqueued
[19.093s][info][gc,ref      ] GC(17) Final: 82 encountered, 17 discovered, 0 enqueued
[19.093s][info][gc,ref      ] GC(17) Phantom: 606 encountered, 361 discovered, 0 enqueued
[19.093s][info][gc,reloc    ] GC(17) Small Pages: 493 / 986M, Empty: 738M, Relocated: 3M, In-Place: 0
[19.093s][info][gc,reloc    ] GC(17) Medium Pages: 2 / 64M, Empty: 32M, Relocated: 0M, In-Place: 0
[19.093s][info][gc,reloc    ] GC(17) Large Pages: 4 / 24M, Empty: 12M, Relocated: 0M, In-Place: 0
[19.093s][info][gc,reloc    ] GC(17) Forwarding Usage: 1M
[19.093s][info][gc,heap     ] GC(17) Min Capacity: 8M(0%)
[19.093s][info][gc,heap     ] GC(17) Max Capacity: 2048M(100%)
[19.093s][info][gc,heap     ] GC(17) Soft Max Capacity: 2048M(100%)
[19.093s][info][gc,heap     ] GC(17)                Mark Start          Mark End        Relocate Start      Relocate End           High               Low         
[19.093s][info][gc,heap     ] GC(17)  Capacity:     2048M (100%)       2048M (100%)       2048M (100%)       2048M (100%)       2048M (100%)       2048M (100%)   
[19.093s][info][gc,heap     ] GC(17)      Free:      974M (48%)         704M (34%)        1446M (71%)        1484M (72%)        1488M (73%)         686M (33%)    
[19.093s][info][gc,heap     ] GC(17)      Used:     1074M (52%)        1344M (66%)         602M (29%)         564M (28%)        1362M (67%)         560M (27%)    
[19.093s][info][gc,heap     ] GC(17)      Live:         -               205M (10%)         205M (10%)         205M (10%)            -                  -          
[19.093s][info][gc,heap     ] GC(17) Allocated:         -               270M (13%)         310M (15%)         319M (16%)            -                  -          
[19.093s][info][gc,heap     ] GC(17)   Garbage:         -               868M (42%)          86M (4%)           39M (2%)             -                  -          
[19.093s][info][gc,heap     ] GC(17) Reclaimed:         -                  -               782M (38%)         829M (41%)            -                  -          
[19.093s][info][gc          ] GC(17) Garbage Collection (Allocation Rate) 1074M(52%)->564M(28%)
[19.374s][info][gc,start    ] GC(18) Garbage Collection (Allocation Rate)
[19.374s][info][gc,task     ] GC(18) Using 5 workers
[19.374s][info][gc,phases   ] GC(18) Pause Mark Start 0.015ms
[19.452s][info][gc,phases   ] GC(18) Concurrent Mark 77.739ms
[19.452s][info][gc,phases   ] GC(18) Pause Mark End 0.025ms
[19.452s][info][gc,phases   ] GC(18) Concurrent Mark Free 0.001ms
[19.455s][info][gc,phases   ] GC(18) Concurrent Process Non-Strong References 2.920ms
[19.455s][info][gc,phases   ] GC(18) Concurrent Reset Relocation Set 0.004ms
[19.459s][info][gc,phases   ] GC(18) Concurrent Select Relocation Set 3.671ms
[19.459s][info][gc,phases   ] GC(18) Pause Relocate Start 0.005ms
[19.460s][info][gc,phases   ] GC(18) Concurrent Relocate 1.657ms
[19.461s][info][gc,load     ] GC(18) Load: 0.00/0.00/0.00
[19.461s][info][gc,mmu      ] GC(18) MMU: 2ms/98.7%, 5ms/99.4%, 10ms/99.7%, 20ms/99.8%, 50ms/99.9%, 100ms/99.9%
[19.461s][info][gc,marking  ] GC(18) Mark: 4 stripe(s), 2 proactive flush(es), 1 terminate flush(es), 0 completion(s), 0 continuation(s) 
[19.461s][info][gc,marking  ] GC(18) Mark Stack Usage: 32M
[19.461s][info][gc,nmethod  ] GC(18) NMethods: 5231 registered, 57 unregistered
[19.461s][info][gc,metaspace] GC(18) Metaspace: 57M used, 58M committed, 1088M reserved
[19.461s][info][gc,ref      ] GC(18) Soft: 4701 encountered, 0 discovered, 0 enqueued
[19.461s][info][gc,ref      ] GC(18) Weak: 5555 encountered, 2995 discovered, 19 enqueued
[19.461s][info][gc,ref      ] GC(18) Final: 82 encountered, 2 discovered, 0 enqueued
[19.461s][info][gc,ref      ] GC(18) Phantom: 606 encountered, 498 discovered, 0 enqueued
[19.461s][info][gc,reloc    ] GC(18) Small Pages: 670 / 1340M, Empty: 1110M, Relocated: 3M, In-Place: 0
[19.461s][info][gc,reloc    ] GC(18) Medium Pages: 1 / 32M, Empty: 0M, Relocated: 0M, In-Place: 0
[19.461s][info][gc,reloc    ] GC(18) Large Pages: 2 / 12M, Empty: 0M, Relocated: 0M, In-Place: 0
[19.461s][info][gc,reloc    ] GC(18) Forwarding Usage: 1M
[19.461s][info][gc,heap     ] GC(18) Min Capacity: 8M(0%)
[19.461s][info][gc,heap     ] GC(18) Max Capacity: 2048M(100%)
[19.461s][info][gc,heap     ] GC(18) Soft Max Capacity: 2048M(100%)
[19.461s][info][gc,heap     ] GC(18)                Mark Start          Mark End        Relocate Start      Relocate End           High               Low         
[19.461s][info][gc,heap     ] GC(18)  Capacity:     2048M (100%)       2048M (100%)       2048M (100%)       2048M (100%)       2048M (100%)       2048M (100%)   
[19.461s][info][gc,heap     ] GC(18)      Free:      664M (32%)         548M (27%)        1642M (80%)        1666M (81%)        1666M (81%)         542M (26%)    
[19.461s][info][gc,heap     ] GC(18)      Used:     1384M (68%)        1500M (73%)         406M (20%)         382M (19%)        1506M (74%)         382M (19%)    
[19.461s][info][gc,heap     ] GC(18)      Live:         -               205M (10%)         205M (10%)         205M (10%)            -                  -          
[19.461s][info][gc,heap     ] GC(18) Allocated:         -               116M (6%)          132M (6%)          135M (7%)             -                  -          
[19.461s][info][gc,heap     ] GC(18)   Garbage:         -              1178M (58%)          68M (3%)           40M (2%)             -                  -          
[19.461s][info][gc,heap     ] GC(18) Reclaimed:         -                  -              1110M (54%)        1137M (56%)            -                  -          
[19.461s][info][gc          ] GC(18) Garbage Collection (Allocation Rate) 1384M(68%)->382M(19%)
[19.577s][info][gc,start    ] GC(19) Garbage Collection (System.gc())
[19.577s][info][gc,task     ] GC(19) Using 12 workers
[19.577s][info][gc,phases   ] GC(19) Pause Mark Start 0.015ms
[19.634s][info][gc,phases   ] GC(19) Concurrent Mark 57.126ms
[19.634s][info][gc,phases   ] GC(19) Pause Mark End 0.022ms
[19.634s][info][gc,phases   ] GC(19) Concurrent Mark Free 0.001ms
[19.636s][info][gc,phases   ] GC(19) Concurrent Process Non-Strong References 1.601ms
[19.636s][info][gc,phases   ] GC(19) Concurrent Reset Relocation Set 0.002ms
[19.640s][info][gc,phases   ] GC(19) Concurrent Select Relocation Set 3.558ms
[19.640s][info][gc,phases   ] GC(19) Pause Relocate Start 0.007ms
[19.642s][info][gc,phases   ] GC(19) Concurrent Relocate 2.435ms
[19.642s][info][gc,load     ] GC(19) Load: 0.00/0.00/0.00
[19.642s][info][gc,mmu      ] GC(19) MMU: 2ms/98.7%, 5ms/99.4%, 10ms/99.7%, 20ms/99.8%, 50ms/99.9%, 100ms/99.9%
[19.642s][info][gc,marking  ] GC(19) Mark: 8 stripe(s), 2 proactive flush(es), 1 terminate flush(es), 0 completion(s), 0 continuation(s) 
[19.642s][info][gc,marking  ] GC(19) Mark Stack Usage: 32M
[19.642s][info][gc,nmethod  ] GC(19) NMethods: 5355 registered, 66 unregistered
[19.642s][info][gc,metaspace] GC(19) Metaspace: 57M used, 58M committed, 1088M reserved
[19.642s][info][gc,ref      ] GC(19) Soft: 4699 encountered, 0 discovered, 0 enqueued
[19.642s][info][gc,ref      ] GC(19) Weak: 5604 encountered, 1307 discovered, 121 enqueued
[19.642s][info][gc,ref      ] GC(19) Final: 82 encountered, 4 discovered, 0 enqueued
[19.642s][info][gc,ref      ] GC(19) Phantom: 606 encountered, 402 discovered, 0 enqueued
[19.642s][info][gc,reloc    ] GC(19) Small Pages: 256 / 512M, Empty: 288M, Relocated: 2M, In-Place: 0
[19.643s][info][gc,reloc    ] GC(19) Medium Pages: 1 / 32M, Empty: 0M, Relocated: 0M, In-Place: 0
[19.643s][info][gc,reloc    ] GC(19) Large Pages: 3 / 18M, Empty: 6M, Relocated: 0M, In-Place: 0
[19.643s][info][gc,reloc    ] GC(19) Forwarding Usage: 1M
[19.643s][info][gc,heap     ] GC(19) Min Capacity: 8M(0%)
[19.643s][info][gc,heap     ] GC(19) Max Capacity: 2048M(100%)
[19.643s][info][gc,heap     ] GC(19) Soft Max Capacity: 2048M(100%)
[19.643s][info][gc,heap     ] GC(19)                Mark Start          Mark End        Relocate Start      Relocate End           High               Low         
[19.643s][info][gc,heap     ] GC(19)  Capacity:     2048M (100%)       2048M (100%)       2048M (100%)       2048M (100%)       2048M (100%)       2048M (100%)   
[19.643s][info][gc,heap     ] GC(19)      Free:     1486M (73%)        1484M (72%)        1776M (87%)        1784M (87%)        1784M (87%)        1484M (72%)    
[19.643s][info][gc,heap     ] GC(19)      Used:      562M (27%)         564M (28%)         272M (13%)         264M (13%)         564M (28%)         264M (13%)    
[19.643s][info][gc,heap     ] GC(19)      Live:         -               204M (10%)         204M (10%)         204M (10%)            -                  -          
[19.643s][info][gc,heap     ] GC(19) Allocated:         -                 2M (0%)            4M (0%)            3M (0%)             -                  -          
[19.643s][info][gc,heap     ] GC(19)   Garbage:         -               357M (17%)          63M (3%)           55M (3%)             -                  -          
[19.643s][info][gc,heap     ] GC(19) Reclaimed:         -                  -               294M (14%)         301M (15%)            -                  -          
[19.643s][info][gc          ] GC(19) Garbage Collection (System.gc()) 562M(27%)->264M(13%)
[19.962s][info][gc,start    ] GC(20) Garbage Collection (Allocation Rate)
[19.962s][info][gc,task     ] GC(20) Using 4 workers
[19.962s][info][gc,phases   ] GC(20) Pause Mark Start 0.018ms
[20.056s][info][gc,phases   ] GC(20) Concurrent Mark 93.247ms
[20.056s][info][gc,phases   ] GC(20) Pause Mark End 0.021ms
[20.056s][info][gc,phases   ] GC(20) Concurrent Mark Free 0.001ms
[20.059s][info][gc,phases   ] GC(20) Concurrent Process Non-Strong References 3.395ms
[20.060s][info][gc,phases   ] GC(20) Concurrent Reset Relocation Set 0.002ms
[20.066s][info][gc,phases   ] GC(20) Concurrent Select Relocation Set 6.042ms
[20.066s][info][gc,phases   ] GC(20) Pause Relocate Start 0.007ms
[20.069s][info][gc,phases   ] GC(20) Concurrent Relocate 3.672ms
[20.070s][info][gc,load     ] GC(20) Load: 0.00/0.00/0.00
[20.070s][info][gc,mmu      ] GC(20) MMU: 2ms/98.7%, 5ms/99.4%, 10ms/99.7%, 20ms/99.8%, 50ms/99.9%, 100ms/99.9%
[20.070s][info][gc,marking  ] GC(20) Mark: 4 stripe(s), 2 proactive flush(es), 1 terminate flush(es), 0 completion(s), 0 continuation(s) 
[20.070s][info][gc,marking  ] GC(20) Mark Stack Usage: 32M
[20.070s][info][gc,nmethod  ] GC(20) NMethods: 5469 registered, 82 unregistered
[20.070s][info][gc,metaspace] GC(20) Metaspace: 57M used, 58M committed, 1088M reserved
[20.070s][info][gc,ref      ] GC(20) Soft: 4701 encountered, 0 discovered, 0 enqueued
[20.070s][info][gc,ref      ] GC(20) Weak: 5644 encountered, 3060 discovered, 74 enqueued
[20.070s][info][gc,ref      ] GC(20) Final: 82 encountered, 3 discovered, 0 enqueued
[20.070s][info][gc,ref      ] GC(20) Phantom: 606 encountered, 430 discovered, 0 enqueued
[20.070s][info][gc,reloc    ] GC(20) Small Pages: 458 / 916M, Empty: 670M, Relocated: 3M, In-Place: 0
[20.070s][info][gc,reloc    ] GC(20) Medium Pages: 2 / 64M, Empty: 32M, Relocated: 0M, In-Place: 0
[20.070s][info][gc,reloc    ] GC(20) Large Pages: 4 / 24M, Empty: 12M, Relocated: 0M, In-Place: 0
[20.070s][info][gc,reloc    ] GC(20) Forwarding Usage: 1M
[20.070s][info][gc,heap     ] GC(20) Min Capacity: 8M(0%)
[20.070s][info][gc,heap     ] GC(20) Max Capacity: 2048M(100%)
[20.070s][info][gc,heap     ] GC(20) Soft Max Capacity: 2048M(100%)
[20.070s][info][gc,heap     ] GC(20)                Mark Start          Mark End        Relocate Start      Relocate End           High               Low         
[20.070s][info][gc,heap     ] GC(20)  Capacity:     2048M (100%)       2048M (100%)       2048M (100%)       2048M (100%)       2048M (100%)       2048M (100%)   
[20.070s][info][gc,heap     ] GC(20)      Free:     1044M (51%)         782M (38%)        1460M (71%)        1500M (73%)        1500M (73%)         768M (38%)    
[20.070s][info][gc,heap     ] GC(20)      Used:     1004M (49%)        1266M (62%)         588M (29%)         548M (27%)        1280M (63%)         548M (27%)    
[20.070s][info][gc,heap     ] GC(20)      Live:         -               205M (10%)         205M (10%)         205M (10%)            -                  -          
[20.070s][info][gc,heap     ] GC(20) Allocated:         -               262M (13%)         298M (15%)         303M (15%)            -                  -          
[20.070s][info][gc,heap     ] GC(20)   Garbage:         -               798M (39%)          84M (4%)           38M (2%)             -                  -          
[20.070s][info][gc,heap     ] GC(20) Reclaimed:         -                  -               714M (35%)         759M (37%)            -                  -          
[20.070s][info][gc          ] GC(20) Garbage Collection (Allocation Rate) 1004M(49%)->548M(27%)
[20.165s][info][gc,stats    ] === Garbage Collection Statistics =======================================================================================================================
[20.165s][info][gc,stats    ]                                                              Last 10s              Last 10m              Last 10h                Total
[20.165s][info][gc,stats    ]                                                              Avg / Max             Avg / Max             Avg / Max             Avg / Max
[20.165s][info][gc,stats    ]   Collector: Garbage Collection Cycle                     99.831 / 214.751      99.831 / 214.751      99.831 / 214.751      99.831 / 214.751     ms
[20.165s][info][gc,stats    ]  Contention: Mark Segment Reset Contention                     4 / 15                2 / 15                2 / 15                2 / 15          ops/s
[20.165s][info][gc,stats    ]  Contention: Mark SeqNum Reset Contention                      0 / 2                 0 / 2                 0 / 2                 0 / 2           ops/s
[20.165s][info][gc,stats    ]    Critical: Allocation Stall                                  0 / 0                 0 / 0                 0 / 0                 0 / 0           ops/s
[20.165s][info][gc,stats    ]    Critical: Allocation Stall                              0.000 / 0.000         0.000 / 0.000         0.000 / 0.000         0.000 / 0.000       ms
[20.166s][info][gc,stats    ]    Critical: GC Locker Stall                                   0 / 0                 0 / 0                 0 / 0                 0 / 0           ops/s
[20.166s][info][gc,stats    ]    Critical: GC Locker Stall                               0.000 / 0.000         0.000 / 0.000         0.000 / 0.000         0.000 / 0.000       ms
[20.166s][info][gc,stats    ]    Critical: Relocation Stall                                  0 / 0                 0 / 0                 0 / 0                 0 / 0           ops/s
[20.166s][info][gc,stats    ]    Critical: Relocation Stall                              0.000 / 0.000         0.000 / 0.000         0.000 / 0.000         0.000 / 0.000       ms
[20.166s][info][gc,stats    ]      Memory: Allocation Rate                                1232 / 2472            620 / 2472            620 / 2472            620 / 2472        MB/s
[20.166s][info][gc,stats    ]      Memory: Defragment                                        0 / 0                 0 / 0                 0 / 0                 0 / 0           ops/s
[20.166s][info][gc,stats    ]      Memory: Out Of Memory                                     0 / 0                 0 / 0                 0 / 0                 0 / 0           ops/s
[20.166s][info][gc,stats    ]      Memory: Page Cache Flush                                  0 / 0                 0 / 0                 0 / 0                 0 / 0           MB/s
[20.166s][info][gc,stats    ]      Memory: Page Cache Hit L1                               562 / 1169            281 / 1169            281 / 1169            281 / 1169        ops/s
[20.166s][info][gc,stats    ]      Memory: Page Cache Hit L2                                 0 / 0                 0 / 0                 0 / 0                 0 / 0           ops/s
[20.166s][info][gc,stats    ]      Memory: Page Cache Hit L3                                70 / 193              36 / 193              36 / 193              36 / 193         ops/s
[20.166s][info][gc,stats    ]      Memory: Page Cache Miss                                   0 / 0                 0 / 1                 0 / 1                 0 / 1           ops/s
[20.166s][info][gc,stats    ]      Memory: Uncommit                                          0 / 0                 0 / 0                 0 / 0                 0 / 0           MB/s
[20.166s][info][gc,stats    ]      Memory: Undo Object Allocation Failed                     0 / 0                 0 / 0                 0 / 0                 0 / 0           ops/s
[20.166s][info][gc,stats    ]      Memory: Undo Object Allocation Succeeded                  0 / 3                 0 / 3                 0 / 3                 0 / 3           ops/s
[20.166s][info][gc,stats    ]      Memory: Undo Page Allocation                             25 / 149              12 / 149              12 / 149              12 / 149         ops/s
[20.166s][info][gc,stats    ]       Phase: Concurrent Mark                              76.169 / 147.359      76.169 / 147.359      76.169 / 147.359      76.169 / 147.359     ms
[20.166s][info][gc,stats    ]       Phase: Concurrent Mark Continue                      0.000 / 0.000         0.000 / 0.000         0.000 / 0.000         0.000 / 0.000       ms
[20.166s][info][gc,stats    ]       Phase: Concurrent Mark Free                          0.001 / 0.002         0.001 / 0.002         0.001 / 0.002         0.001 / 0.002       ms
[20.166s][info][gc,stats    ]       Phase: Concurrent Process Non-Strong References      3.105 / 14.091        3.105 / 14.091        3.105 / 14.091        3.105 / 14.091      ms
[20.166s][info][gc,stats    ]       Phase: Concurrent Relocate                          10.581 / 39.847       10.581 / 39.847       10.581 / 39.847       10.581 / 39.847      ms
[20.166s][info][gc,stats    ]       Phase: Concurrent Reset Relocation Set               0.020 / 0.087         0.020 / 0.087         0.020 / 0.087         0.020 / 0.087       ms
[20.166s][info][gc,stats    ]       Phase: Concurrent Select Relocation Set              8.971 / 32.864        8.971 / 32.864        8.971 / 32.864        8.971 / 32.864      ms
[20.166s][info][gc,stats    ]       Phase: Pause Mark End                                0.019 / 0.025         0.019 / 0.025         0.019 / 0.025         0.019 / 0.025       ms
[20.166s][info][gc,stats    ]       Phase: Pause Mark Start                              0.015 / 0.018         0.015 / 0.018         0.015 / 0.018         0.015 / 0.018       ms
[20.166s][info][gc,stats    ]       Phase: Pause Relocate Start                          0.008 / 0.012         0.008 / 0.012         0.008 / 0.012         0.008 / 0.012       ms
[20.166s][info][gc,stats    ]    Subphase: Concurrent Classes Purge                      0.209 / 0.890         0.209 / 0.890         0.209 / 0.890         0.209 / 0.890       ms
[20.166s][info][gc,stats    ]    Subphase: Concurrent Classes Unlink                     2.367 / 12.372        2.367 / 12.372        2.367 / 12.372        2.367 / 12.372      ms
[20.166s][info][gc,stats    ]    Subphase: Concurrent Mark                              65.990 / 144.281      65.990 / 144.281      65.990 / 144.281      65.990 / 144.281     ms
[20.167s][info][gc,stats    ]    Subphase: Concurrent Mark Try Flush                     0.070 / 0.183         0.070 / 0.183         0.070 / 0.183         0.070 / 0.183       ms
[20.167s][info][gc,stats    ]    Subphase: Concurrent Mark Try Terminate                 6.468 / 16.547        6.468 / 16.547        6.468 / 16.547        6.468 / 16.547      ms
[20.167s][info][gc,stats    ]    Subphase: Concurrent References Enqueue                 0.003 / 0.005         0.003 / 0.005         0.003 / 0.005         0.003 / 0.005       ms
[20.167s][info][gc,stats    ]    Subphase: Concurrent References Process                 0.106 / 0.196         0.106 / 0.196         0.106 / 0.196         0.106 / 0.196       ms
[20.167s][info][gc,stats    ]    Subphase: Concurrent Roots ClassLoaderDataGraph         0.086 / 0.903         0.086 / 0.903         0.086 / 0.903         0.086 / 0.903       ms
[20.167s][info][gc,stats    ]    Subphase: Concurrent Roots CodeCache                    0.000 / 0.000         0.000 / 0.000         0.000 / 0.000         0.000 / 0.000       ms
[20.167s][info][gc,stats    ]    Subphase: Concurrent Roots JavaThreads                  3.250 / 10.137        3.250 / 10.137        3.250 / 10.137        3.250 / 10.137      ms
[20.167s][info][gc,stats    ]    Subphase: Concurrent Roots OopStorageSet                0.026 / 0.244         0.026 / 0.244         0.026 / 0.244         0.026 / 0.244       ms
[20.167s][info][gc,stats    ]    Subphase: Concurrent Weak Roots OopStorageSet           0.238 / 0.832         0.238 / 0.832         0.238 / 0.832         0.238 / 0.832       ms
[20.167s][info][gc,stats    ]    Subphase: Pause Mark Try Complete                       0.000 / 0.000         0.000 / 0.000         0.000 / 0.000         0.000 / 0.000       ms
[20.167s][info][gc,stats    ]      System: Java Threads                                     79 / 132              79 / 132              79 / 132              79 / 132         threads
[20.167s][info][gc,stats    ] =========================================================================================================================================================
[20.274s][info][gc,start    ] GC(21) Garbage Collection (Allocation Rate)
[20.275s][info][gc,task     ] GC(21) Using 4 workers
[20.275s][info][gc,phases   ] GC(21) Pause Mark Start 0.008ms
[20.368s][info][gc,phases   ] GC(21) Concurrent Mark 93.394ms
[20.368s][info][gc,phases   ] GC(21) Pause Mark End 0.023ms
[20.368s][info][gc,phases   ] GC(21) Concurrent Mark Free 0.001ms
[20.372s][info][gc,phases   ] GC(21) Concurrent Process Non-Strong References 3.854ms
[20.372s][info][gc,phases   ] GC(21) Concurrent Reset Relocation Set 0.003ms
[20.376s][info][gc,phases   ] GC(21) Concurrent Select Relocation Set 3.621ms
[20.376s][info][gc,phases   ] GC(21) Pause Relocate Start 0.008ms
[20.380s][info][gc,phases   ] GC(21) Concurrent Relocate 3.681ms
[20.380s][info][gc,load     ] GC(21) Load: 0.00/0.00/0.00
[20.380s][info][gc,mmu      ] GC(21) MMU: 2ms/98.7%, 5ms/99.4%, 10ms/99.7%, 20ms/99.8%, 50ms/99.9%, 100ms/99.9%
[20.380s][info][gc,marking  ] GC(21) Mark: 4 stripe(s), 2 proactive flush(es), 1 terminate flush(es), 0 completion(s), 0 continuation(s) 
[20.380s][info][gc,marking  ] GC(21) Mark Stack Usage: 32M
[20.380s][info][gc,nmethod  ] GC(21) NMethods: 5472 registered, 83 unregistered
[20.380s][info][gc,metaspace] GC(21) Metaspace: 57M used, 58M committed, 1088M reserved
[20.380s][info][gc,ref      ] GC(21) Soft: 4701 encountered, 0 discovered, 0 enqueued
[20.380s][info][gc,ref      ] GC(21) Weak: 5578 encountered, 3622 discovered, 14 enqueued
[20.380s][info][gc,ref      ] GC(21) Final: 82 encountered, 9 discovered, 0 enqueued
[20.380s][info][gc,ref      ] GC(21) Phantom: 606 encountered, 513 discovered, 0 enqueued
[20.380s][info][gc,reloc    ] GC(21) Small Pages: 467 / 934M, Empty: 702M, Relocated: 3M, In-Place: 0
[20.380s][info][gc,reloc    ] GC(21) Medium Pages: 1 / 32M, Empty: 0M, Relocated: 0M, In-Place: 0
[20.380s][info][gc,reloc    ] GC(21) Large Pages: 2 / 12M, Empty: 0M, Relocated: 0M, In-Place: 0
[20.380s][info][gc,reloc    ] GC(21) Forwarding Usage: 1M
[20.380s][info][gc,heap     ] GC(21) Min Capacity: 8M(0%)
[20.380s][info][gc,heap     ] GC(21) Max Capacity: 2048M(100%)
[20.380s][info][gc,heap     ] GC(21) Soft Max Capacity: 2048M(100%)
[20.380s][info][gc,heap     ] GC(21)                Mark Start          Mark End        Relocate Start      Relocate End           High               Low         
[20.381s][info][gc,heap     ] GC(21)  Capacity:     2048M (100%)       2048M (100%)       2048M (100%)       2048M (100%)       2048M (100%)       2048M (100%)   
[20.381s][info][gc,heap     ] GC(21)      Free:     1070M (52%)         880M (43%)        1568M (77%)        1590M (78%)        1592M (78%)         872M (43%)    
[20.381s][info][gc,heap     ] GC(21)      Used:      978M (48%)        1168M (57%)         480M (23%)         458M (22%)        1176M (57%)         456M (22%)    
[20.381s][info][gc,heap     ] GC(21)      Live:         -               205M (10%)         205M (10%)         205M (10%)            -                  -          
[20.381s][info][gc,heap     ] GC(21) Allocated:         -               190M (9%)          204M (10%)         213M (10%)            -                  -          
[20.381s][info][gc,heap     ] GC(21)   Garbage:         -               772M (38%)          70M (3%)           38M (2%)             -                  -          
[20.381s][info][gc,heap     ] GC(21) Reclaimed:         -                  -               702M (34%)         733M (36%)            -                  -          
[20.381s][info][gc          ] GC(21) Garbage Collection (Allocation Rate) 978M(48%)->458M(22%)
[20.649s][info][gc,start    ] GC(22) Garbage Collection (System.gc())
[20.649s][info][gc,task     ] GC(22) Using 12 workers
[20.649s][info][gc,phases   ] GC(22) Pause Mark Start 0.016ms
[20.696s][info][gc,phases   ] GC(22) Concurrent Mark 47.288ms
[20.696s][info][gc,phases   ] GC(22) Pause Mark End 0.021ms
[20.696s][info][gc,phases   ] GC(22) Concurrent Mark Free 0.001ms
[20.698s][info][gc,phases   ] GC(22) Concurrent Process Non-Strong References 1.450ms
[20.698s][info][gc,phases   ] GC(22) Concurrent Reset Relocation Set 0.003ms
[20.704s][info][gc,phases   ] GC(22) Concurrent Select Relocation Set 5.553ms
[20.704s][info][gc,phases   ] GC(22) Pause Relocate Start 0.006ms
[20.705s][info][gc,phases   ] GC(22) Concurrent Relocate 1.677ms
[20.706s][info][gc,load     ] GC(22) Load: 0.00/0.00/0.00
[20.706s][info][gc,mmu      ] GC(22) MMU: 2ms/98.7%, 5ms/99.4%, 10ms/99.7%, 20ms/99.8%, 50ms/99.9%, 100ms/99.9%
[20.706s][info][gc,marking  ] GC(22) Mark: 8 stripe(s), 2 proactive flush(es), 1 terminate flush(es), 0 completion(s), 0 continuation(s) 
[20.706s][info][gc,marking  ] GC(22) Mark Stack Usage: 32M
[20.706s][info][gc,nmethod  ] GC(22) NMethods: 5583 registered, 104 unregistered
[20.706s][info][gc,metaspace] GC(22) Metaspace: 57M used, 58M committed, 1088M reserved
[20.706s][info][gc,ref      ] GC(22) Soft: 4699 encountered, 0 discovered, 0 enqueued
[20.706s][info][gc,ref      ] GC(22) Weak: 5624 encountered, 1532 discovered, 121 enqueued
[20.706s][info][gc,ref      ] GC(22) Final: 82 encountered, 23 discovered, 0 enqueued
[20.706s][info][gc,ref      ] GC(22) Phantom: 606 encountered, 365 discovered, 0 enqueued
[20.706s][info][gc,reloc    ] GC(22) Small Pages: 492 / 984M, Empty: 762M, Relocated: 2M, In-Place: 0
[20.706s][info][gc,reloc    ] GC(22) Medium Pages: 1 / 32M, Empty: 0M, Relocated: 0M, In-Place: 0
[20.706s][info][gc,reloc    ] GC(22) Large Pages: 3 / 18M, Empty: 6M, Relocated: 0M, In-Place: 0
[20.706s][info][gc,reloc    ] GC(22) Forwarding Usage: 1M
[20.706s][info][gc,heap     ] GC(22) Min Capacity: 8M(0%)
[20.706s][info][gc,heap     ] GC(22) Max Capacity: 2048M(100%)
[20.706s][info][gc,heap     ] GC(22) Soft Max Capacity: 2048M(100%)
[20.706s][info][gc,heap     ] GC(22)                Mark Start          Mark End        Relocate Start      Relocate End           High               Low         
[20.706s][info][gc,heap     ] GC(22)  Capacity:     2048M (100%)       2048M (100%)       2048M (100%)       2048M (100%)       2048M (100%)       2048M (100%)   
[20.706s][info][gc,heap     ] GC(22)      Free:     1014M (50%)        1014M (50%)        1776M (87%)        1782M (87%)        1782M (87%)        1012M (49%)    
[20.706s][info][gc,heap     ] GC(22)      Used:     1034M (50%)        1034M (50%)         272M (13%)         266M (13%)        1036M (51%)         266M (13%)    
[20.706s][info][gc,heap     ] GC(22)      Live:         -               204M (10%)         204M (10%)         204M (10%)            -                  -          
[20.706s][info][gc,heap     ] GC(22) Allocated:         -                 0M (0%)            6M (0%)            6M (0%)             -                  -          
[20.706s][info][gc,heap     ] GC(22)   Garbage:         -               829M (40%)          61M (3%)           55M (3%)             -                  -          
[20.706s][info][gc,heap     ] GC(22) Reclaimed:         -                  -               768M (38%)         774M (38%)            -                  -          
[20.706s][info][gc          ] GC(22) Garbage Collection (System.gc()) 1034M(50%)->266M(13%)
[21.071s][info][gc,start    ] GC(23) Garbage Collection (Allocation Rate)
[21.071s][info][gc,task     ] GC(23) Using 4 workers
[21.071s][info][gc,phases   ] GC(23) Pause Mark Start 0.016ms
[21.181s][info][gc,phases   ] GC(23) Concurrent Mark 108.911ms
[21.181s][info][gc,phases   ] GC(23) Pause Mark End 0.027ms
[21.181s][info][gc,phases   ] GC(23) Concurrent Mark Free 0.001ms
[21.185s][info][gc,phases   ] GC(23) Concurrent Process Non-Strong References 4.467ms
[21.185s][info][gc,phases   ] GC(23) Concurrent Reset Relocation Set 0.002ms
[21.191s][info][gc,phases   ] GC(23) Concurrent Select Relocation Set 6.010ms
[21.192s][info][gc,phases   ] GC(23) Pause Relocate Start 0.011ms
[21.195s][info][gc,phases   ] GC(23) Concurrent Relocate 3.676ms
[21.195s][info][gc,load     ] GC(23) Load: 0.00/0.00/0.00
[21.195s][info][gc,mmu      ] GC(23) MMU: 2ms/98.6%, 5ms/99.4%, 10ms/99.7%, 20ms/99.8%, 50ms/99.9%, 100ms/99.9%
[21.195s][info][gc,marking  ] GC(23) Mark: 4 stripe(s), 2 proactive flush(es), 1 terminate flush(es), 0 completion(s), 0 continuation(s) 
[21.195s][info][gc,marking  ] GC(23) Mark Stack Usage: 32M
[21.195s][info][gc,nmethod  ] GC(23) NMethods: 5678 registered, 25 unregistered
[21.195s][info][gc,metaspace] GC(23) Metaspace: 57M used, 58M committed, 1088M reserved
[21.196s][info][gc,ref      ] GC(23) Soft: 4701 encountered, 0 discovered, 0 enqueued
[21.196s][info][gc,ref      ] GC(23) Weak: 5692 encountered, 3102 discovered, 75 enqueued
[21.196s][info][gc,ref      ] GC(23) Final: 82 encountered, 19 discovered, 0 enqueued
[21.196s][info][gc,ref      ] GC(23) Phantom: 606 encountered, 396 discovered, 0 enqueued
[21.196s][info][gc,reloc    ] GC(23) Small Pages: 584 / 1168M, Empty: 920M, Relocated: 3M, In-Place: 0
[21.196s][info][gc,reloc    ] GC(23) Medium Pages: 2 / 64M, Empty: 32M, Relocated: 0M, In-Place: 0
[21.196s][info][gc,reloc    ] GC(23) Large Pages: 4 / 24M, Empty: 12M, Relocated: 0M, In-Place: 0
[21.196s][info][gc,reloc    ] GC(23) Forwarding Usage: 1M
[21.196s][info][gc,heap     ] GC(23) Min Capacity: 8M(0%)
[21.196s][info][gc,heap     ] GC(23) Max Capacity: 2048M(100%)
[21.196s][info][gc,heap     ] GC(23) Soft Max Capacity: 2048M(100%)
[21.196s][info][gc,heap     ] GC(23)                Mark Start          Mark End        Relocate Start      Relocate End           High               Low         
[21.196s][info][gc,heap     ] GC(23)  Capacity:     2048M (100%)       2048M (100%)       2048M (100%)       2048M (100%)       2048M (100%)       2048M (100%)   
[21.196s][info][gc,heap     ] GC(23)      Free:      792M (39%)         474M (23%)        1416M (69%)        1454M (71%)        1456M (71%)         466M (23%)    
[21.196s][info][gc,heap     ] GC(23)      Used:     1256M (61%)        1574M (77%)         632M (31%)         594M (29%)        1582M (77%)         592M (29%)    
[21.196s][info][gc,heap     ] GC(23)      Live:         -               205M (10%)         205M (10%)         205M (10%)            -                  -          
[21.196s][info][gc,heap     ] GC(23) Allocated:         -               318M (16%)         340M (17%)         349M (17%)            -                  -          
[21.196s][info][gc,heap     ] GC(23)   Garbage:         -              1050M (51%)          86M (4%)           38M (2%)             -                  -          
[21.196s][info][gc,heap     ] GC(23) Reclaimed:         -                  -               964M (47%)        1011M (49%)            -                  -          
[21.196s][info][gc          ] GC(23) Garbage Collection (Allocation Rate) 1256M(61%)->594M(29%)
[21.368s][info][gc,start    ] GC(24) Garbage Collection (Allocation Rate)
[21.368s][info][gc,task     ] GC(24) Using 3 workers
[21.368s][info][gc,phases   ] GC(24) Pause Mark Start 0.014ms
[21.493s][info][gc,phases   ] GC(24) Concurrent Mark 124.615ms
[21.493s][info][gc,phases   ] GC(24) Pause Mark End 0.023ms
[21.493s][info][gc,phases   ] GC(24) Concurrent Mark Free 0.001ms
[21.499s][info][gc,phases   ] GC(24) Concurrent Process Non-Strong References 5.510ms
[21.499s][info][gc,phases   ] GC(24) Concurrent Reset Relocation Set 0.004ms
[21.503s][info][gc,phases   ] GC(24) Concurrent Select Relocation Set 3.698ms
[21.503s][info][gc,phases   ] GC(24) Pause Relocate Start 0.005ms
[21.507s][info][gc,phases   ] GC(24) Concurrent Relocate 4.516ms
[21.507s][info][gc,load     ] GC(24) Load: 0.00/0.00/0.00
[21.507s][info][gc,mmu      ] GC(24) MMU: 2ms/98.6%, 5ms/99.4%, 10ms/99.7%, 20ms/99.8%, 50ms/99.9%, 100ms/99.9%
[21.507s][info][gc,marking  ] GC(24) Mark: 2 stripe(s), 2 proactive flush(es), 1 terminate flush(es), 0 completion(s), 0 continuation(s) 
[21.507s][info][gc,marking  ] GC(24) Mark Stack Usage: 32M
[21.507s][info][gc,nmethod  ] GC(24) NMethods: 5678 registered, 25 unregistered
[21.507s][info][gc,metaspace] GC(24) Metaspace: 57M used, 58M committed, 1088M reserved
[21.507s][info][gc,ref      ] GC(24) Soft: 4701 encountered, 0 discovered, 0 enqueued
[21.507s][info][gc,ref      ] GC(24) Weak: 5625 encountered, 3581 discovered, 19 enqueued
[21.508s][info][gc,ref      ] GC(24) Final: 82 encountered, 2 discovered, 0 enqueued
[21.508s][info][gc,ref      ] GC(24) Phantom: 606 encountered, 451 discovered, 0 enqueued
[21.508s][info][gc,reloc    ] GC(24) Small Pages: 475 / 950M, Empty: 724M, Relocated: 3M, In-Place: 0
[21.508s][info][gc,reloc    ] GC(24) Medium Pages: 1 / 32M, Empty: 0M, Relocated: 0M, In-Place: 0
[21.508s][info][gc,reloc    ] GC(24) Large Pages: 2 / 12M, Empty: 0M, Relocated: 0M, In-Place: 0
[21.508s][info][gc,reloc    ] GC(24) Forwarding Usage: 1M
[21.508s][info][gc,heap     ] GC(24) Min Capacity: 8M(0%)
[21.508s][info][gc,heap     ] GC(24) Max Capacity: 2048M(100%)
[21.508s][info][gc,heap     ] GC(24) Soft Max Capacity: 2048M(100%)
[21.508s][info][gc,heap     ] GC(24)                Mark Start          Mark End        Relocate Start      Relocate End           High               Low         
[21.508s][info][gc,heap     ] GC(24)  Capacity:     2048M (100%)       2048M (100%)       2048M (100%)       2048M (100%)       2048M (100%)       2048M (100%)   
[21.508s][info][gc,heap     ] GC(24)      Free:     1054M (51%)         786M (38%)        1488M (73%)        1504M (73%)        1508M (74%)         772M (38%)    
[21.508s][info][gc,heap     ] GC(24)      Used:      994M (49%)        1262M (62%)         560M (27%)         544M (27%)        1276M (62%)         540M (26%)    
[21.508s][info][gc,heap     ] GC(24)      Live:         -               205M (10%)         205M (10%)         205M (10%)            -                  -          
[21.508s][info][gc,heap     ] GC(24) Allocated:         -               268M (13%)         290M (14%)         301M (15%)            -                  -          
[21.508s][info][gc,heap     ] GC(24)   Garbage:         -               788M (39%)          64M (3%)           36M (2%)             -                  -          
[21.508s][info][gc,heap     ] GC(24) Reclaimed:         -                  -               724M (35%)         751M (37%)            -                  -          
[21.508s][info][gc          ] GC(24) Garbage Collection (Allocation Rate) 994M(49%)->544M(27%)
[21.640s][info][gc,start    ] GC(25) Garbage Collection (System.gc())
[21.640s][info][gc,task     ] GC(25) Using 12 workers
[21.641s][info][gc,phases   ] GC(25) Pause Mark Start 0.015ms
[21.696s][info][gc,phases   ] GC(25) Concurrent Mark 55.345ms
[21.696s][info][gc,phases   ] GC(25) Pause Mark End 0.020ms
[21.696s][info][gc,phases   ] GC(25) Concurrent Mark Free 0.001ms
[21.698s][info][gc,phases   ] GC(25) Concurrent Process Non-Strong References 1.592ms
[21.698s][info][gc,phases   ] GC(25) Concurrent Reset Relocation Set 0.002ms
[21.702s][info][gc,phases   ] GC(25) Concurrent Select Relocation Set 3.840ms
[21.702s][info][gc,phases   ] GC(25) Pause Relocate Start 0.007ms
[21.704s][info][gc,phases   ] GC(25) Concurrent Relocate 2.131ms
[21.704s][info][gc,load     ] GC(25) Load: 0.00/0.00/0.00
[21.704s][info][gc,mmu      ] GC(25) MMU: 2ms/98.6%, 5ms/99.4%, 10ms/99.7%, 20ms/99.8%, 50ms/99.9%, 100ms/99.9%
[21.704s][info][gc,marking  ] GC(25) Mark: 8 stripe(s), 1 proactive flush(es), 1 terminate flush(es), 0 completion(s), 0 continuation(s) 
[21.704s][info][gc,marking  ] GC(25) Mark Stack Usage: 32M
[21.704s][info][gc,nmethod  ] GC(25) NMethods: 5768 registered, 33 unregistered
[21.704s][info][gc,metaspace] GC(25) Metaspace: 57M used, 58M committed, 1088M reserved
[21.704s][info][gc,ref      ] GC(25) Soft: 4699 encountered, 0 discovered, 0 enqueued
[21.704s][info][gc,ref      ] GC(25) Weak: 5674 encountered, 1820 discovered, 121 enqueued
[21.704s][info][gc,ref      ] GC(25) Final: 82 encountered, 24 discovered, 0 enqueued
[21.704s][info][gc,ref      ] GC(25) Phantom: 606 encountered, 413 discovered, 0 enqueued
[21.705s][info][gc,reloc    ] GC(25) Small Pages: 358 / 716M, Empty: 494M, Relocated: 1M, In-Place: 0
[21.705s][info][gc,reloc    ] GC(25) Medium Pages: 1 / 32M, Empty: 0M, Relocated: 0M, In-Place: 0
[21.705s][info][gc,reloc    ] GC(25) Large Pages: 3 / 18M, Empty: 6M, Relocated: 0M, In-Place: 0
[21.705s][info][gc,reloc    ] GC(25) Forwarding Usage: 0M
[21.705s][info][gc,heap     ] GC(25) Min Capacity: 8M(0%)
[21.705s][info][gc,heap     ] GC(25) Max Capacity: 2048M(100%)
[21.705s][info][gc,heap     ] GC(25) Soft Max Capacity: 2048M(100%)
[21.705s][info][gc,heap     ] GC(25)                Mark Start          Mark End        Relocate Start      Relocate End           High               Low         
[21.705s][info][gc,heap     ] GC(25)  Capacity:     2048M (100%)       2048M (100%)       2048M (100%)       2048M (100%)       2048M (100%)       2048M (100%)   
[21.705s][info][gc,heap     ] GC(25)      Free:     1282M (63%)        1282M (63%)        1778M (87%)        1780M (87%)        1780M (87%)        1280M (63%)    
[21.705s][info][gc,heap     ] GC(25)      Used:      766M (37%)         766M (37%)         270M (13%)         268M (13%)         768M (38%)         268M (13%)    
[21.705s][info][gc,heap     ] GC(25)      Live:         -               205M (10%)         205M (10%)         205M (10%)            -                  -          
[21.705s][info][gc,heap     ] GC(25) Allocated:         -                 0M (0%)            4M (0%)            5M (0%)             -                  -          
[21.705s][info][gc,heap     ] GC(25)   Garbage:         -               560M (27%)          60M (3%)           56M (3%)             -                  -          
[21.705s][info][gc,heap     ] GC(25) Reclaimed:         -                  -               500M (24%)         503M (25%)            -                  -          
[21.705s][info][gc          ] GC(25) Garbage Collection (System.gc()) 766M(37%)->268M(13%)
[22.071s][info][gc,start    ] GC(26) Garbage Collection (Allocation Rate)
[22.071s][info][gc,task     ] GC(26) Using 5 workers
[22.071s][info][gc,phases   ] GC(26) Pause Mark Start 0.017ms
[22.165s][info][gc,phases   ] GC(26) Concurrent Mark 93.299ms
[22.165s][info][gc,phases   ] GC(26) Pause Mark End 0.017ms
[22.165s][info][gc,phases   ] GC(26) Concurrent Mark Free 0.001ms
[22.168s][info][gc,phases   ] GC(26) Concurrent Process Non-Strong References 3.464ms
[22.168s][info][gc,phases   ] GC(26) Concurrent Reset Relocation Set 0.003ms
[22.174s][info][gc,phases   ] GC(26) Concurrent Select Relocation Set 5.482ms
[22.174s][info][gc,phases   ] GC(26) Pause Relocate Start 0.006ms
[22.177s][info][gc,phases   ] GC(26) Concurrent Relocate 3.365ms
[22.178s][info][gc,load     ] GC(26) Load: 0.00/0.00/0.00
[22.178s][info][gc,mmu      ] GC(26) MMU: 2ms/98.6%, 5ms/99.4%, 10ms/99.7%, 20ms/99.8%, 50ms/99.9%, 100ms/99.9%
[22.178s][info][gc,marking  ] GC(26) Mark: 4 stripe(s), 2 proactive flush(es), 1 terminate flush(es), 0 completion(s), 0 continuation(s) 
[22.178s][info][gc,marking  ] GC(26) Mark Stack Usage: 32M
[22.178s][info][gc,nmethod  ] GC(26) NMethods: 5854 registered, 40 unregistered
[22.178s][info][gc,metaspace] GC(26) Metaspace: 57M used, 58M committed, 1088M reserved
[22.178s][info][gc,ref      ] GC(26) Soft: 4701 encountered, 0 discovered, 0 enqueued
[22.178s][info][gc,ref      ] GC(26) Weak: 5714 encountered, 2588 discovered, 74 enqueued
[22.178s][info][gc,ref      ] GC(26) Final: 82 encountered, 0 discovered, 0 enqueued
[22.178s][info][gc,ref      ] GC(26) Phantom: 606 encountered, 362 discovered, 0 enqueued
[22.178s][info][gc,reloc    ] GC(26) Small Pages: 590 / 1180M, Empty: 932M, Relocated: 2M, In-Place: 0
[22.178s][info][gc,reloc    ] GC(26) Medium Pages: 2 / 64M, Empty: 32M, Relocated: 0M, In-Place: 0
[22.178s][info][gc,reloc    ] GC(26) Large Pages: 4 / 24M, Empty: 12M, Relocated: 0M, In-Place: 0
[22.178s][info][gc,reloc    ] GC(26) Forwarding Usage: 1M
[22.178s][info][gc,heap     ] GC(26) Min Capacity: 8M(0%)
[22.178s][info][gc,heap     ] GC(26) Max Capacity: 2048M(100%)
[22.178s][info][gc,heap     ] GC(26) Soft Max Capacity: 2048M(100%)
[22.178s][info][gc,heap     ] GC(26)                Mark Start          Mark End        Relocate Start      Relocate End           High               Low         
[22.178s][info][gc,heap     ] GC(26)  Capacity:     2048M (100%)       2048M (100%)       2048M (100%)       2048M (100%)       2048M (100%)       2048M (100%)   
[22.178s][info][gc,heap     ] GC(26)      Free:      780M (38%)         496M (24%)        1442M (70%)        1476M (72%)        1480M (72%)         484M (24%)    
[22.178s][info][gc,heap     ] GC(26)      Used:     1268M (62%)        1552M (76%)         606M (30%)         572M (28%)        1564M (76%)         568M (28%)    
[22.178s][info][gc,heap     ] GC(26)      Live:         -               205M (10%)         205M (10%)         205M (10%)            -                  -          
[22.178s][info][gc,heap     ] GC(26) Allocated:         -               284M (14%)         314M (15%)         325M (16%)            -                  -          
[22.178s][info][gc,heap     ] GC(26)   Garbage:         -              1062M (52%)          86M (4%)           40M (2%)             -                  -          
[22.178s][info][gc,heap     ] GC(26) Reclaimed:         -                  -               976M (48%)        1021M (50%)            -                  -          
[22.178s][info][gc          ] GC(26) Garbage Collection (Allocation Rate) 1268M(62%)->572M(28%)
[22.368s][info][gc,start    ] GC(27) Garbage Collection (Allocation Rate)
[22.368s][info][gc,task     ] GC(27) Using 4 workers
[22.368s][info][gc,phases   ] GC(27) Pause Mark Start 0.015ms
[22.465s][info][gc,phases   ] GC(27) Concurrent Mark 97.181ms
[22.466s][info][gc,phases   ] GC(27) Pause Mark End 0.022ms
[22.466s][info][gc,phases   ] GC(27) Concurrent Mark Free 0.001ms
[22.469s][info][gc,phases   ] GC(27) Concurrent Process Non-Strong References 3.052ms
[22.469s][info][gc,phases   ] GC(27) Concurrent Reset Relocation Set 0.004ms
[22.472s][info][gc,phases   ] GC(27) Concurrent Select Relocation Set 3.706ms
[22.473s][info][gc,phases   ] GC(27) Pause Relocate Start 0.007ms
[22.476s][info][gc,phases   ] GC(27) Concurrent Relocate 3.616ms
[22.476s][info][gc,load     ] GC(27) Load: 0.00/0.00/0.00
[22.476s][info][gc,mmu      ] GC(27) MMU: 2ms/98.6%, 5ms/99.4%, 10ms/99.7%, 20ms/99.8%, 50ms/99.9%, 100ms/99.9%
[22.476s][info][gc,marking  ] GC(27) Mark: 4 stripe(s), 2 proactive flush(es), 1 terminate flush(es), 0 completion(s), 0 continuation(s) 
[22.476s][info][gc,marking  ] GC(27) Mark Stack Usage: 32M
[22.476s][info][gc,nmethod  ] GC(27) NMethods: 5868 registered, 41 unregistered
[22.476s][info][gc,metaspace] GC(27) Metaspace: 57M used, 58M committed, 1088M reserved
[22.476s][info][gc,ref      ] GC(27) Soft: 4701 encountered, 0 discovered, 0 enqueued
[22.477s][info][gc,ref      ] GC(27) Weak: 5648 encountered, 1608 discovered, 14 enqueued
[22.477s][info][gc,ref      ] GC(27) Final: 82 encountered, 18 discovered, 0 enqueued
[22.477s][info][gc,ref      ] GC(27) Phantom: 606 encountered, 473 discovered, 0 enqueued
[22.477s][info][gc,reloc    ] GC(27) Small Pages: 578 / 1156M, Empty: 922M, Relocated: 2M, In-Place: 0
[22.477s][info][gc,reloc    ] GC(27) Medium Pages: 1 / 32M, Empty: 0M, Relocated: 0M, In-Place: 0
[22.477s][info][gc,reloc    ] GC(27) Large Pages: 2 / 12M, Empty: 0M, Relocated: 0M, In-Place: 0
[22.477s][info][gc,reloc    ] GC(27) Forwarding Usage: 1M
[22.477s][info][gc,heap     ] GC(27) Min Capacity: 8M(0%)
[22.477s][info][gc,heap     ] GC(27) Max Capacity: 2048M(100%)
[22.477s][info][gc,heap     ] GC(27) Soft Max Capacity: 2048M(100%)
[22.477s][info][gc,heap     ] GC(27)                Mark Start          Mark End        Relocate Start      Relocate End           High               Low         
[22.477s][info][gc,heap     ] GC(27)  Capacity:     2048M (100%)       2048M (100%)       2048M (100%)       2048M (100%)       2048M (100%)       2048M (100%)   
[22.477s][info][gc,heap     ] GC(27)      Free:      848M (41%)         550M (27%)        1470M (72%)        1504M (73%)        1504M (73%)         550M (27%)    
[22.477s][info][gc,heap     ] GC(27)      Used:     1200M (59%)        1498M (73%)         578M (28%)         544M (27%)        1498M (73%)         544M (27%)    
[22.477s][info][gc,heap     ] GC(27)      Live:         -               205M (10%)         205M (10%)         205M (10%)            -                  -          
[22.477s][info][gc,heap     ] GC(27) Allocated:         -               298M (15%)         300M (15%)         299M (15%)            -                  -          
[22.477s][info][gc,heap     ] GC(27)   Garbage:         -               994M (49%)          72M (4%)           38M (2%)             -                  -          
[22.477s][info][gc,heap     ] GC(27) Reclaimed:         -                  -               922M (45%)         955M (47%)            -                  -          
[22.477s][info][gc          ] GC(27) Garbage Collection (Allocation Rate) 1200M(59%)->544M(27%)
[22.514s][info][gc,start    ] GC(28) Garbage Collection (System.gc())
[22.514s][info][gc,task     ] GC(28) Using 12 workers
[22.514s][info][gc,phases   ] GC(28) Pause Mark Start 0.013ms
[22.579s][info][gc,phases   ] GC(28) Concurrent Mark 64.427ms
[22.579s][info][gc,phases   ] GC(28) Pause Mark End 0.018ms
[22.579s][info][gc,phases   ] GC(28) Concurrent Mark Free 0.001ms
[22.581s][info][gc,phases   ] GC(28) Concurrent Process Non-Strong References 1.680ms
[22.581s][info][gc,phases   ] GC(28) Concurrent Reset Relocation Set 0.002ms
[22.583s][info][gc,phases   ] GC(28) Concurrent Select Relocation Set 2.550ms
[22.583s][info][gc,phases   ] GC(28) Pause Relocate Start 0.006ms
[22.585s][info][gc,phases   ] GC(28) Concurrent Relocate 1.974ms
[22.585s][info][gc,load     ] GC(28) Load: 0.00/0.00/0.00
[22.585s][info][gc,mmu      ] GC(28) MMU: 2ms/98.6%, 5ms/99.4%, 10ms/99.7%, 20ms/99.8%, 50ms/99.9%, 100ms/99.9%
[22.585s][info][gc,marking  ] GC(28) Mark: 8 stripe(s), 2 proactive flush(es), 1 terminate flush(es), 0 completion(s), 0 continuation(s) 
[22.585s][info][gc,marking  ] GC(28) Mark Stack Usage: 32M
[22.585s][info][gc,nmethod  ] GC(28) NMethods: 5908 registered, 49 unregistered
[22.585s][info][gc,metaspace] GC(28) Metaspace: 57M used, 58M committed, 1088M reserved
[22.585s][info][gc,ref      ] GC(28) Soft: 4699 encountered, 0 discovered, 0 enqueued
[22.586s][info][gc,ref      ] GC(28) Weak: 5694 encountered, 1413 discovered, 121 enqueued
[22.586s][info][gc,ref      ] GC(28) Final: 82 encountered, 0 discovered, 0 enqueued
[22.586s][info][gc,ref      ] GC(28) Phantom: 606 encountered, 345 discovered, 0 enqueued
[22.586s][info][gc,reloc    ] GC(28) Small Pages: 252 / 504M, Empty: 290M, Relocated: 1M, In-Place: 0
[22.586s][info][gc,reloc    ] GC(28) Medium Pages: 1 / 32M, Empty: 0M, Relocated: 0M, In-Place: 0
[22.586s][info][gc,reloc    ] GC(28) Large Pages: 3 / 18M, Empty: 6M, Relocated: 0M, In-Place: 0
[22.586s][info][gc,reloc    ] GC(28) Forwarding Usage: 0M
[22.586s][info][gc,heap     ] GC(28) Min Capacity: 8M(0%)
[22.586s][info][gc,heap     ] GC(28) Max Capacity: 2048M(100%)
[22.586s][info][gc,heap     ] GC(28) Soft Max Capacity: 2048M(100%)
[22.586s][info][gc,heap     ] GC(28)                Mark Start          Mark End        Relocate Start      Relocate End           High               Low         
[22.586s][info][gc,heap     ] GC(28)  Capacity:     2048M (100%)       2048M (100%)       2048M (100%)       2048M (100%)       2048M (100%)       2048M (100%)   
[22.586s][info][gc,heap     ] GC(28)      Free:     1494M (73%)        1494M (73%)        1786M (87%)        1786M (87%)        1788M (87%)        1492M (73%)    
[22.586s][info][gc,heap     ] GC(28)      Used:      554M (27%)         554M (27%)         262M (13%)         262M (13%)         556M (27%)         260M (13%)    
[22.586s][info][gc,heap     ] GC(28)      Live:         -               205M (10%)         205M (10%)         205M (10%)            -                  -          
[22.586s][info][gc,heap     ] GC(28) Allocated:         -                 0M (0%)            4M (0%)            3M (0%)             -                  -          
[22.586s][info][gc,heap     ] GC(28)   Garbage:         -               348M (17%)          52M (3%)           52M (3%)             -                  -          
[22.586s][info][gc,heap     ] GC(28) Reclaimed:         -                  -               296M (14%)         295M (14%)            -                  -          
[22.586s][info][gc          ] GC(28) Garbage Collection (System.gc()) 554M(27%)->262M(13%)
[22.869s][info][gc,start    ] GC(29) Garbage Collection (Allocation Rate)
[22.869s][info][gc,task     ] GC(29) Using 5 workers
[22.870s][info][gc,phases   ] GC(29) Pause Mark Start 0.009ms
[22.963s][info][gc,phases   ] GC(29) Concurrent Mark 93.331ms
[22.963s][info][gc,phases   ] GC(29) Pause Mark End 0.026ms
[22.963s][info][gc,phases   ] GC(29) Concurrent Mark Free 0.001ms
[22.967s][info][gc,phases   ] GC(29) Concurrent Process Non-Strong References 3.722ms
[22.967s][info][gc,phases   ] GC(29) Concurrent Reset Relocation Set 0.003ms
[22.972s][info][gc,phases   ] GC(29) Concurrent Select Relocation Set 5.350ms
[22.973s][info][gc,phases   ] GC(29) Pause Relocate Start 0.012ms
[22.976s][info][gc,phases   ] GC(29) Concurrent Relocate 3.646ms
[22.976s][info][gc,load     ] GC(29) Load: 0.00/0.00/0.00
[22.976s][info][gc,mmu      ] GC(29) MMU: 2ms/98.6%, 5ms/99.4%, 10ms/99.6%, 20ms/99.8%, 50ms/99.9%, 100ms/99.9%
[22.976s][info][gc,marking  ] GC(29) Mark: 4 stripe(s), 2 proactive flush(es), 1 terminate flush(es), 0 completion(s), 0 continuation(s) 
[22.977s][info][gc,marking  ] GC(29) Mark Stack Usage: 32M
[22.977s][info][gc,nmethod  ] GC(29) NMethods: 5995 registered, 68 unregistered
[22.977s][info][gc,metaspace] GC(29) Metaspace: 57M used, 58M committed, 1088M reserved
[22.977s][info][gc,ref      ] GC(29) Soft: 4708 encountered, 0 discovered, 0 enqueued
[22.977s][info][gc,ref      ] GC(29) Weak: 5863 encountered, 1304 discovered, 113 enqueued
[22.977s][info][gc,ref      ] GC(29) Final: 82 encountered, 2 discovered, 0 enqueued
[22.977s][info][gc,ref      ] GC(29) Phantom: 643 encountered, 536 discovered, 35 enqueued
[22.977s][info][gc,reloc    ] GC(29) Small Pages: 434 / 868M, Empty: 608M, Relocated: 3M, In-Place: 0
[22.977s][info][gc,reloc    ] GC(29) Medium Pages: 2 / 64M, Empty: 32M, Relocated: 0M, In-Place: 0
[22.977s][info][gc,reloc    ] GC(29) Large Pages: 4 / 24M, Empty: 12M, Relocated: 0M, In-Place: 0
[22.977s][info][gc,reloc    ] GC(29) Forwarding Usage: 1M
[22.977s][info][gc,heap     ] GC(29) Min Capacity: 8M(0%)
[22.977s][info][gc,heap     ] GC(29) Max Capacity: 2048M(100%)
[22.977s][info][gc,heap     ] GC(29) Soft Max Capacity: 2048M(100%)
[22.977s][info][gc,heap     ] GC(29)                Mark Start          Mark End        Relocate Start      Relocate End           High               Low         
[22.977s][info][gc,heap     ] GC(29)  Capacity:     2048M (100%)       2048M (100%)       2048M (100%)       2048M (100%)       2048M (100%)       2048M (100%)   
[22.977s][info][gc,heap     ] GC(29)      Free:     1092M (53%)         810M (40%)        1430M (70%)        1480M (72%)        1482M (72%)         796M (39%)    
[22.977s][info][gc,heap     ] GC(29)      Used:      956M (47%)        1238M (60%)         618M (30%)         568M (28%)        1252M (61%)         566M (28%)    
[22.977s][info][gc,heap     ] GC(29)      Live:         -               205M (10%)         205M (10%)         205M (10%)            -                  -          
[22.977s][info][gc,heap     ] GC(29) Allocated:         -               282M (14%)         314M (15%)         321M (16%)            -                  -          
[22.977s][info][gc,heap     ] GC(29)   Garbage:         -               750M (37%)          98M (5%)           40M (2%)             -                  -          
[22.977s][info][gc,heap     ] GC(29) Reclaimed:         -                  -               652M (32%)         709M (35%)            -                  -          
[22.977s][info][gc          ] GC(29) Garbage Collection (Allocation Rate) 956M(47%)->568M(28%)
[23.166s][info][gc,start    ] GC(30) Garbage Collection (Allocation Rate)
[23.166s][info][gc,task     ] GC(30) Using 4 workers
[23.166s][info][gc,phases   ] GC(30) Pause Mark Start 0.014ms
[23.275s][info][gc,phases   ] GC(30) Concurrent Mark 108.981ms
[23.276s][info][gc,phases   ] GC(30) Pause Mark End 0.028ms
[23.276s][info][gc,phases   ] GC(30) Concurrent Mark Free 0.002ms
[23.280s][info][gc,phases   ] GC(30) Concurrent Process Non-Strong References 4.228ms
[23.280s][info][gc,phases   ] GC(30) Concurrent Reset Relocation Set 0.004ms
[23.284s][info][gc,phases   ] GC(30) Concurrent Select Relocation Set 3.651ms
[23.284s][info][gc,phases   ] GC(30) Pause Relocate Start 0.007ms
[23.287s][info][gc,phases   ] GC(30) Concurrent Relocate 3.628ms
[23.288s][info][gc,load     ] GC(30) Load: 0.00/0.00/0.00
[23.288s][info][gc,mmu      ] GC(30) MMU: 2ms/98.6%, 5ms/99.4%, 10ms/99.6%, 20ms/99.8%, 50ms/99.9%, 100ms/99.9%
[23.288s][info][gc,marking  ] GC(30) Mark: 4 stripe(s), 2 proactive flush(es), 1 terminate flush(es), 0 completion(s), 0 continuation(s) 
[23.288s][info][gc,marking  ] GC(30) Mark Stack Usage: 32M
[23.288s][info][gc,nmethod  ] GC(30) NMethods: 5995 registered, 68 unregistered
[23.288s][info][gc,metaspace] GC(30) Metaspace: 57M used, 58M committed, 1088M reserved
[23.288s][info][gc,ref      ] GC(30) Soft: 4708 encountered, 0 discovered, 0 enqueued
[23.288s][info][gc,ref      ] GC(30) Weak: 5758 encountered, 1721 discovered, 20 enqueued
[23.288s][info][gc,ref      ] GC(30) Final: 82 encountered, 35 discovered, 0 enqueued
[23.288s][info][gc,ref      ] GC(30) Phantom: 608 encountered, 521 discovered, 0 enqueued
[23.288s][info][gc,reloc    ] GC(30) Small Pages: 500 / 1000M, Empty: 764M, Relocated: 3M, In-Place: 0
[23.288s][info][gc,reloc    ] GC(30) Medium Pages: 1 / 32M, Empty: 0M, Relocated: 0M, In-Place: 0
[23.288s][info][gc,reloc    ] GC(30) Large Pages: 2 / 12M, Empty: 0M, Relocated: 0M, In-Place: 0
[23.288s][info][gc,reloc    ] GC(30) Forwarding Usage: 1M
[23.288s][info][gc,heap     ] GC(30) Min Capacity: 8M(0%)
[23.288s][info][gc,heap     ] GC(30) Max Capacity: 2048M(100%)
[23.288s][info][gc,heap     ] GC(30) Soft Max Capacity: 2048M(100%)
[23.288s][info][gc,heap     ] GC(30)                Mark Start          Mark End        Relocate Start      Relocate End           High               Low         
[23.288s][info][gc,heap     ] GC(30)  Capacity:     2048M (100%)       2048M (100%)       2048M (100%)       2048M (100%)       2048M (100%)       2048M (100%)   
[23.288s][info][gc,heap     ] GC(30)      Free:     1004M (49%)         730M (36%)        1474M (72%)        1502M (73%)        1504M (73%)         718M (35%)    
[23.288s][info][gc,heap     ] GC(30)      Used:     1044M (51%)        1318M (64%)         574M (28%)         546M (27%)        1330M (65%)         544M (27%)    
[23.288s][info][gc,heap     ] GC(30)      Live:         -               205M (10%)         205M (10%)         205M (10%)            -                  -          
[23.288s][info][gc,heap     ] GC(30) Allocated:         -               274M (13%)         294M (14%)         301M (15%)            -                  -          
[23.288s][info][gc,heap     ] GC(30)   Garbage:         -               838M (41%)          74M (4%)           38M (2%)             -                  -          
[23.288s][info][gc,heap     ] GC(30) Reclaimed:         -                  -               764M (37%)         799M (39%)            -                  -          
[23.288s][info][gc          ] GC(30) Garbage Collection (Allocation Rate) 1044M(51%)->546M(27%)
[23.463s][info][gc,start    ] GC(31) Garbage Collection (Allocation Rate)
[23.463s][info][gc,task     ] GC(31) Using 3 workers
[23.463s][info][gc,phases   ] GC(31) Pause Mark Start 0.014ms
[23.588s][info][gc,phases   ] GC(31) Concurrent Mark 124.506ms
[23.588s][info][gc,phases   ] GC(31) Pause Mark End 0.027ms
[23.588s][info][gc,phases   ] GC(31) Concurrent Mark Free 0.001ms
[23.594s][info][gc,phases   ] GC(31) Concurrent Process Non-Strong References 5.485ms
[23.594s][info][gc,phases   ] GC(31) Concurrent Reset Relocation Set 0.002ms
[23.597s][info][gc,phases   ] GC(31) Concurrent Select Relocation Set 3.572ms
[23.598s][info][gc,phases   ] GC(31) Pause Relocate Start 0.006ms
[23.601s][info][gc,phases   ] GC(31) Concurrent Relocate 3.838ms
[23.601s][info][gc,load     ] GC(31) Load: 0.00/0.00/0.00
[23.602s][info][gc,mmu      ] GC(31) MMU: 2ms/98.6%, 5ms/99.4%, 10ms/99.6%, 20ms/99.8%, 50ms/99.9%, 100ms/99.9%
[23.602s][info][gc,marking  ] GC(31) Mark: 2 stripe(s), 2 proactive flush(es), 1 terminate flush(es), 0 completion(s), 0 continuation(s) 
[23.602s][info][gc,marking  ] GC(31) Mark Stack Usage: 32M
[23.602s][info][gc,nmethod  ] GC(31) NMethods: 6069 registered, 68 unregistered
[23.602s][info][gc,metaspace] GC(31) Metaspace: 57M used, 58M committed, 1088M reserved
[23.602s][info][gc,ref      ] GC(31) Soft: 4708 encountered, 0 discovered, 0 enqueued
[23.602s][info][gc,ref      ] GC(31) Weak: 5733 encountered, 3371 discovered, 0 enqueued
[23.602s][info][gc,ref      ] GC(31) Final: 82 encountered, 0 discovered, 0 enqueued
[23.602s][info][gc,ref      ] GC(31) Phantom: 608 encountered, 452 discovered, 0 enqueued
[23.602s][info][gc,reloc    ] GC(31) Small Pages: 478 / 956M, Empty: 742M, Relocated: 3M, In-Place: 0
[23.602s][info][gc,reloc    ] GC(31) Medium Pages: 1 / 32M, Empty: 0M, Relocated: 0M, In-Place: 0
[23.602s][info][gc,reloc    ] GC(31) Large Pages: 2 / 12M, Empty: 0M, Relocated: 0M, In-Place: 0
[23.602s][info][gc,reloc    ] GC(31) Forwarding Usage: 1M
[23.602s][info][gc,heap     ] GC(31) Min Capacity: 8M(0%)
[23.602s][info][gc,heap     ] GC(31) Max Capacity: 2048M(100%)
[23.602s][info][gc,heap     ] GC(31) Soft Max Capacity: 2048M(100%)
[23.602s][info][gc,heap     ] GC(31)                Mark Start          Mark End        Relocate Start      Relocate End           High               Low         
[23.602s][info][gc,heap     ] GC(31)  Capacity:     2048M (100%)       2048M (100%)       2048M (100%)       2048M (100%)       2048M (100%)       2048M (100%)   
[23.602s][info][gc,heap     ] GC(31)      Free:     1048M (51%)        1028M (50%)        1770M (86%)        1786M (87%)        1786M (87%)        1028M (50%)    
[23.602s][info][gc,heap     ] GC(31)      Used:     1000M (49%)        1020M (50%)         278M (14%)         262M (13%)        1020M (50%)         262M (13%)    
[23.602s][info][gc,heap     ] GC(31)      Live:         -               205M (10%)         205M (10%)         205M (10%)            -                  -          
[23.602s][info][gc,heap     ] GC(31) Allocated:         -                20M (1%)           20M (1%)           20M (1%)             -                  -          
[23.602s][info][gc,heap     ] GC(31)   Garbage:         -               794M (39%)          52M (3%)           36M (2%)             -                  -          
[23.602s][info][gc,heap     ] GC(31) Reclaimed:         -                  -               742M (36%)         758M (37%)            -                  -          
[23.602s][info][gc          ] GC(31) Garbage Collection (Allocation Rate) 1000M(49%)->262M(13%)
[23.602s][info][gc,start    ] GC(32) Garbage Collection (System.gc())
[23.602s][info][gc,task     ] GC(32) Using 12 workers
[23.602s][info][gc,phases   ] GC(32) Pause Mark Start 0.009ms
[23.650s][info][gc,phases   ] GC(32) Concurrent Mark 47.764ms
[23.650s][info][gc,phases   ] GC(32) Pause Mark End 0.019ms
[23.650s][info][gc,phases   ] GC(32) Concurrent Mark Free 0.001ms
[23.652s][info][gc,phases   ] GC(32) Concurrent Process Non-Strong References 1.582ms
[23.652s][info][gc,phases   ] GC(32) Concurrent Reset Relocation Set 0.001ms
[23.656s][info][gc,phases   ] GC(32) Concurrent Select Relocation Set 3.700ms
[23.656s][info][gc,phases   ] GC(32) Pause Relocate Start 0.006ms
[23.658s][info][gc,phases   ] GC(32) Concurrent Relocate 1.964ms
[23.658s][info][gc,load     ] GC(32) Load: 0.00/0.00/0.00
[23.658s][info][gc,mmu      ] GC(32) MMU: 2ms/98.6%, 5ms/99.4%, 10ms/99.6%, 20ms/99.8%, 50ms/99.9%, 100ms/99.9%
[23.658s][info][gc,marking  ] GC(32) Mark: 8 stripe(s), 3 proactive flush(es), 1 terminate flush(es), 0 completion(s), 0 continuation(s) 
[23.658s][info][gc,marking  ] GC(32) Mark Stack Usage: 32M
[23.658s][info][gc,nmethod  ] GC(32) NMethods: 6068 registered, 77 unregistered
[23.658s][info][gc,metaspace] GC(32) Metaspace: 57M used, 58M committed, 1088M reserved
[23.658s][info][gc,ref      ] GC(32) Soft: 4706 encountered, 0 discovered, 0 enqueued
[23.658s][info][gc,ref      ] GC(32) Weak: 5806 encountered, 1842 discovered, 121 enqueued
[23.658s][info][gc,ref      ] GC(32) Final: 82 encountered, 4 discovered, 0 enqueued
[23.658s][info][gc,ref      ] GC(32) Phantom: 608 encountered, 514 discovered, 0 enqueued
[23.658s][info][gc,reloc    ] GC(32) Small Pages: 106 / 212M, Empty: 0M, Relocated: 1M, In-Place: 0
[23.658s][info][gc,reloc    ] GC(32) Medium Pages: 1 / 32M, Empty: 0M, Relocated: 0M, In-Place: 0
[23.658s][info][gc,reloc    ] GC(32) Large Pages: 3 / 18M, Empty: 6M, Relocated: 0M, In-Place: 0
[23.658s][info][gc,reloc    ] GC(32) Forwarding Usage: 0M
[23.658s][info][gc,heap     ] GC(32) Min Capacity: 8M(0%)
[23.659s][info][gc,heap     ] GC(32) Max Capacity: 2048M(100%)
[23.659s][info][gc,heap     ] GC(32) Soft Max Capacity: 2048M(100%)
[23.659s][info][gc,heap     ] GC(32)                Mark Start          Mark End        Relocate Start      Relocate End           High               Low         
[23.659s][info][gc,heap     ] GC(32)  Capacity:     2048M (100%)       2048M (100%)       2048M (100%)       2048M (100%)       2048M (100%)       2048M (100%)   
[23.659s][info][gc,heap     ] GC(32)      Free:     1786M (87%)        1784M (87%)        1786M (87%)        1786M (87%)        1788M (87%)        1774M (87%)    
[23.659s][info][gc,heap     ] GC(32)      Used:      262M (13%)         264M (13%)         262M (13%)         262M (13%)         274M (13%)         260M (13%)    
[23.659s][info][gc,heap     ] GC(32)      Live:         -               205M (10%)         205M (10%)         205M (10%)            -                  -          
[23.659s][info][gc,heap     ] GC(32) Allocated:         -                 2M (0%)            6M (0%)            5M (0%)             -                  -          
[23.659s][info][gc,heap     ] GC(32)   Garbage:         -                56M (3%)           50M (2%)           50M (2%)             -                  -          
[23.659s][info][gc,heap     ] GC(32) Reclaimed:         -                  -                 6M (0%)            5M (0%)             -                  -          
[23.659s][info][gc          ] GC(32) Garbage Collection (System.gc()) 262M(13%)->262M(13%)
[23.962s][info][gc,start    ] GC(33) Garbage Collection (Allocation Rate)
[23.962s][info][gc,task     ] GC(33) Using 4 workers
[23.962s][info][gc,phases   ] GC(33) Pause Mark Start 0.015ms
[24.071s][info][gc,phases   ] GC(33) Concurrent Mark 109.010ms
[24.071s][info][gc,phases   ] GC(33) Pause Mark End 0.022ms
[24.071s][info][gc,phases   ] GC(33) Concurrent Mark Free 0.001ms
[24.075s][info][gc,phases   ] GC(33) Concurrent Process Non-Strong References 4.145ms
[24.075s][info][gc,phases   ] GC(33) Concurrent Reset Relocation Set 0.002ms
[24.081s][info][gc,phases   ] GC(33) Concurrent Select Relocation Set 5.415ms
[24.081s][info][gc,phases   ] GC(33) Pause Relocate Start 0.008ms
[24.085s][info][gc,phases   ] GC(33) Concurrent Relocate 4.014ms
[24.085s][info][gc,load     ] GC(33) Load: 0.00/0.00/0.00
[24.085s][info][gc,mmu      ] GC(33) MMU: 2ms/98.6%, 5ms/99.4%, 10ms/99.6%, 20ms/99.8%, 50ms/99.9%, 100ms/99.9%
[24.085s][info][gc,marking  ] GC(33) Mark: 4 stripe(s), 2 proactive flush(es), 1 terminate flush(es), 0 completion(s), 0 continuation(s) 
[24.085s][info][gc,marking  ] GC(33) Mark Stack Usage: 32M
[24.085s][info][gc,nmethod  ] GC(33) NMethods: 6147 registered, 83 unregistered
[24.085s][info][gc,metaspace] GC(33) Metaspace: 57M used, 58M committed, 1088M reserved
[24.085s][info][gc,ref      ] GC(33) Soft: 4708 encountered, 0 discovered, 0 enqueued
[24.085s][info][gc,ref      ] GC(33) Weak: 5846 encountered, 2620 discovered, 74 enqueued
[24.085s][info][gc,ref      ] GC(33) Final: 82 encountered, 1 discovered, 0 enqueued
[24.085s][info][gc,ref      ] GC(33) Phantom: 608 encountered, 388 discovered, 0 enqueued
[24.085s][info][gc,reloc    ] GC(33) Small Pages: 495 / 990M, Empty: 750M, Relocated: 3M, In-Place: 0
[24.085s][info][gc,reloc    ] GC(33) Medium Pages: 2 / 64M, Empty: 32M, Relocated: 0M, In-Place: 0
[24.085s][info][gc,reloc    ] GC(33) Large Pages: 4 / 24M, Empty: 12M, Relocated: 0M, In-Place: 0
[24.085s][info][gc,reloc    ] GC(33) Forwarding Usage: 1M
[24.086s][info][gc,heap     ] GC(33) Min Capacity: 8M(0%)
[24.086s][info][gc,heap     ] GC(33) Max Capacity: 2048M(100%)
[24.086s][info][gc,heap     ] GC(33) Soft Max Capacity: 2048M(100%)
[24.086s][info][gc,heap     ] GC(33)                Mark Start          Mark End        Relocate Start      Relocate End           High               Low         
[24.086s][info][gc,heap     ] GC(33)  Capacity:     2048M (100%)       2048M (100%)       2048M (100%)       2048M (100%)       2048M (100%)       2048M (100%)   
[24.086s][info][gc,heap     ] GC(33)      Free:      970M (47%)         612M (30%)        1374M (67%)        1408M (69%)        1408M (69%)         598M (29%)    
[24.086s][info][gc,heap     ] GC(33)      Used:     1078M (53%)        1436M (70%)         674M (33%)         640M (31%)        1450M (71%)         640M (31%)    
[24.086s][info][gc,heap     ] GC(33)      Live:         -               205M (10%)         205M (10%)         205M (10%)            -                  -          
[24.086s][info][gc,heap     ] GC(33) Allocated:         -               358M (17%)         390M (19%)         395M (19%)            -                  -          
[24.086s][info][gc,heap     ] GC(33)   Garbage:         -               872M (43%)          78M (4%)           38M (2%)             -                  -          
[24.086s][info][gc,heap     ] GC(33) Reclaimed:         -                  -               794M (39%)         833M (41%)            -                  -          
[24.086s][info][gc          ] GC(33) Garbage Collection (Allocation Rate) 1078M(53%)->640M(31%)
[24.368s][info][gc,start    ] GC(34) Garbage Collection (Allocation Rate)
[24.368s][info][gc,task     ] GC(34) Using 3 workers
[24.368s][info][gc,phases   ] GC(34) Pause Mark Start 0.014ms
[24.493s][info][gc,phases   ] GC(34) Concurrent Mark 124.601ms
[24.493s][info][gc,phases   ] GC(34) Pause Mark End 0.030ms
[24.493s][info][gc,phases   ] GC(34) Concurrent Mark Free 0.001ms
[24.501s][info][gc,phases   ] GC(34) Concurrent Process Non-Strong References 7.707ms
[24.501s][info][gc,phases   ] GC(34) Concurrent Reset Relocation Set 0.003ms
[24.504s][info][gc,phases   ] GC(34) Concurrent Select Relocation Set 3.613ms
[24.505s][info][gc,phases   ] GC(34) Pause Relocate Start 0.007ms
[24.508s][info][gc,phases   ] GC(34) Concurrent Relocate 3.841ms
[24.508s][info][gc,load     ] GC(34) Load: 0.00/0.00/0.00
[24.509s][info][gc,mmu      ] GC(34) MMU: 2ms/98.5%, 5ms/99.4%, 10ms/99.6%, 20ms/99.8%, 50ms/99.9%, 100ms/99.9%
[24.509s][info][gc,marking  ] GC(34) Mark: 2 stripe(s), 2 proactive flush(es), 1 terminate flush(es), 0 completion(s), 0 continuation(s) 
[24.509s][info][gc,marking  ] GC(34) Mark Stack Usage: 32M
[24.509s][info][gc,nmethod  ] GC(34) NMethods: 6146 registered, 84 unregistered
[24.509s][info][gc,metaspace] GC(34) Metaspace: 57M used, 58M committed, 1088M reserved
[24.509s][info][gc,ref      ] GC(34) Soft: 4708 encountered, 0 discovered, 0 enqueued
[24.509s][info][gc,ref      ] GC(34) Weak: 5780 encountered, 388 discovered, 14 enqueued
[24.509s][info][gc,ref      ] GC(34) Final: 82 encountered, 2 discovered, 0 enqueued
[24.509s][info][gc,ref      ] GC(34) Phantom: 608 encountered, 493 discovered, 0 enqueued
[24.509s][info][gc,reloc    ] GC(34) Small Pages: 536 / 1072M, Empty: 842M, Relocated: 3M, In-Place: 0
[24.509s][info][gc,reloc    ] GC(34) Medium Pages: 1 / 32M, Empty: 0M, Relocated: 0M, In-Place: 0
[24.509s][info][gc,reloc    ] GC(34) Large Pages: 2 / 12M, Empty: 0M, Relocated: 0M, In-Place: 0
[24.509s][info][gc,reloc    ] GC(34) Forwarding Usage: 1M
[24.509s][info][gc,heap     ] GC(34) Min Capacity: 8M(0%)
[24.509s][info][gc,heap     ] GC(34) Max Capacity: 2048M(100%)
[24.509s][info][gc,heap     ] GC(34) Soft Max Capacity: 2048M(100%)
[24.509s][info][gc,heap     ] GC(34)                Mark Start          Mark End        Relocate Start      Relocate End           High               Low         
[24.509s][info][gc,heap     ] GC(34)  Capacity:     2048M (100%)       2048M (100%)       2048M (100%)       2048M (100%)       2048M (100%)       2048M (100%)   
[24.509s][info][gc,heap     ] GC(34)      Free:      932M (46%)         720M (35%)        1544M (75%)        1566M (76%)        1570M (77%)         708M (35%)    
[24.509s][info][gc,heap     ] GC(34)      Used:     1116M (54%)        1328M (65%)         504M (25%)         482M (24%)        1340M (65%)         478M (23%)    
[24.509s][info][gc,heap     ] GC(34)      Live:         -               205M (10%)         205M (10%)         205M (10%)            -                  -          
[24.509s][info][gc,heap     ] GC(34) Allocated:         -               212M (10%)         230M (11%)         239M (12%)            -                  -          
[24.509s][info][gc,heap     ] GC(34)   Garbage:         -               910M (44%)          68M (3%)           36M (2%)             -                  -          
[24.509s][info][gc,heap     ] GC(34) Reclaimed:         -                  -               842M (41%)         873M (43%)            -                  -          
[24.509s][info][gc          ] GC(34) Garbage Collection (Allocation Rate) 1116M(54%)->482M(24%)
[24.702s][info][gc,start    ] GC(35) Garbage Collection (System.gc())
[24.702s][info][gc,task     ] GC(35) Using 12 workers
[24.702s][info][gc,phases   ] GC(35) Pause Mark Start 0.015ms
[24.756s][info][gc,phases   ] GC(35) Concurrent Mark 53.742ms
[24.756s][info][gc,phases   ] GC(35) Pause Mark End 0.017ms
[24.756s][info][gc,phases   ] GC(35) Concurrent Mark Free 0.001ms
[24.758s][info][gc,phases   ] GC(35) Concurrent Process Non-Strong References 1.511ms
[24.758s][info][gc,phases   ] GC(35) Concurrent Reset Relocation Set 0.002ms
[24.761s][info][gc,phases   ] GC(35) Concurrent Select Relocation Set 3.426ms
[24.762s][info][gc,phases   ] GC(35) Pause Relocate Start 0.005ms
[24.763s][info][gc,phases   ] GC(35) Concurrent Relocate 1.842ms
[24.763s][info][gc,load     ] GC(35) Load: 0.00/0.00/0.00
[24.764s][info][gc,mmu      ] GC(35) MMU: 2ms/98.5%, 5ms/99.4%, 10ms/99.6%, 20ms/99.8%, 50ms/99.9%, 100ms/99.9%
[24.764s][info][gc,marking  ] GC(35) Mark: 8 stripe(s), 2 proactive flush(es), 1 terminate flush(es), 0 completion(s), 0 continuation(s) 
[24.764s][info][gc,marking  ] GC(35) Mark Stack Usage: 32M
[24.764s][info][gc,nmethod  ] GC(35) NMethods: 6228 registered, 93 unregistered
[24.764s][info][gc,metaspace] GC(35) Metaspace: 58M used, 58M committed, 1088M reserved
[24.764s][info][gc,ref      ] GC(35) Soft: 4711 encountered, 0 discovered, 0 enqueued
[24.764s][info][gc,ref      ] GC(35) Weak: 5916 encountered, 1862 discovered, 154 enqueued
[24.764s][info][gc,ref      ] GC(35) Final: 82 encountered, 17 discovered, 0 enqueued
[24.764s][info][gc,ref      ] GC(35) Phantom: 628 encountered, 384 discovered, 20 enqueued
[24.764s][info][gc,reloc    ] GC(35) Small Pages: 384 / 768M, Empty: 538M, Relocated: 2M, In-Place: 0
[24.764s][info][gc,reloc    ] GC(35) Medium Pages: 1 / 32M, Empty: 0M, Relocated: 0M, In-Place: 0
[24.764s][info][gc,reloc    ] GC(35) Large Pages: 3 / 18M, Empty: 6M, Relocated: 0M, In-Place: 0
[24.764s][info][gc,reloc    ] GC(35) Forwarding Usage: 1M
[24.764s][info][gc,heap     ] GC(35) Min Capacity: 8M(0%)
[24.764s][info][gc,heap     ] GC(35) Max Capacity: 2048M(100%)
[24.764s][info][gc,heap     ] GC(35) Soft Max Capacity: 2048M(100%)
[24.764s][info][gc,heap     ] GC(35)                Mark Start          Mark End        Relocate Start      Relocate End           High               Low         
[24.764s][info][gc,heap     ] GC(35)  Capacity:     2048M (100%)       2048M (100%)       2048M (100%)       2048M (100%)       2048M (100%)       2048M (100%)   
[24.764s][info][gc,heap     ] GC(35)      Free:     1230M (60%)        1228M (60%)        1770M (86%)        1782M (87%)        1782M (87%)        1228M (60%)    
[24.764s][info][gc,heap     ] GC(35)      Used:      818M (40%)         820M (40%)         278M (14%)         266M (13%)         820M (40%)         266M (13%)    
[24.764s][info][gc,heap     ] GC(35)      Live:         -               205M (10%)         205M (10%)         205M (10%)            -                  -          
[24.764s][info][gc,heap     ] GC(35) Allocated:         -                 2M (0%)            4M (0%)            5M (0%)             -                  -          
[24.764s][info][gc,heap     ] GC(35)   Garbage:         -               612M (30%)          68M (3%)           54M (3%)             -                  -          
[24.764s][info][gc,heap     ] GC(35) Reclaimed:         -                  -               544M (27%)         557M (27%)            -                  -          
[24.764s][info][gc          ] GC(35) Garbage Collection (System.gc()) 818M(40%)->266M(13%)
[25.069s][info][gc,start    ] GC(36) Garbage Collection (Allocation Rate)
[25.069s][info][gc,task     ] GC(36) Using 4 workers
[25.069s][info][gc,phases   ] GC(36) Pause Mark Start 0.016ms
[25.178s][info][gc,phases   ] GC(36) Concurrent Mark 108.915ms
[25.178s][info][gc,phases   ] GC(36) Pause Mark End 0.029ms
[25.178s][info][gc,phases   ] GC(36) Concurrent Mark Free 0.001ms
[25.183s][info][gc,phases   ] GC(36) Concurrent Process Non-Strong References 4.249ms
[25.183s][info][gc,phases   ] GC(36) Concurrent Reset Relocation Set 0.002ms
[25.189s][info][gc,phases   ] GC(36) Concurrent Select Relocation Set 5.949ms
[25.189s][info][gc,phases   ] GC(36) Pause Relocate Start 0.009ms
[25.193s][info][gc,phases   ] GC(36) Concurrent Relocate 3.868ms
[25.193s][info][gc,load     ] GC(36) Load: 0.00/0.00/0.00
[25.193s][info][gc,mmu      ] GC(36) MMU: 2ms/98.5%, 5ms/99.4%, 10ms/99.6%, 20ms/99.8%, 50ms/99.9%, 100ms/99.9%
[25.193s][info][gc,marking  ] GC(36) Mark: 4 stripe(s), 2 proactive flush(es), 1 terminate flush(es), 0 completion(s), 0 continuation(s) 
[25.193s][info][gc,marking  ] GC(36) Mark Stack Usage: 32M
[25.193s][info][gc,nmethod  ] GC(36) NMethods: 6282 registered, 103 unregistered
[25.193s][info][gc,metaspace] GC(36) Metaspace: 58M used, 59M committed, 1088M reserved
[25.193s][info][gc,ref      ] GC(36) Soft: 4713 encountered, 0 discovered, 0 enqueued
[25.193s][info][gc,ref      ] GC(36) Weak: 5951 encountered, 2217 discovered, 75 enqueued
[25.193s][info][gc,ref      ] GC(36) Final: 82 encountered, 44 discovered, 0 enqueued
[25.193s][info][gc,ref      ] GC(36) Phantom: 608 encountered, 442 discovered, 0 enqueued
[25.193s][info][gc,reloc    ] GC(36) Small Pages: 521 / 1042M, Empty: 788M, Relocated: 3M, In-Place: 0
[25.193s][info][gc,reloc    ] GC(36) Medium Pages: 2 / 64M, Empty: 32M, Relocated: 0M, In-Place: 0
[25.193s][info][gc,reloc    ] GC(36) Large Pages: 4 / 24M, Empty: 12M, Relocated: 0M, In-Place: 0
[25.193s][info][gc,reloc    ] GC(36) Forwarding Usage: 1M
[25.193s][info][gc,heap     ] GC(36) Min Capacity: 8M(0%)
[25.193s][info][gc,heap     ] GC(36) Max Capacity: 2048M(100%)
[25.193s][info][gc,heap     ] GC(36) Soft Max Capacity: 2048M(100%)
[25.193s][info][gc,heap     ] GC(36)                Mark Start          Mark End        Relocate Start      Relocate End           High               Low         
[25.193s][info][gc,heap     ] GC(36)  Capacity:     2048M (100%)       2048M (100%)       2048M (100%)       2048M (100%)       2048M (100%)       2048M (100%)   
[25.193s][info][gc,heap     ] GC(36)      Free:      918M (45%)         580M (28%)        1376M (67%)        1424M (70%)        1424M (70%)         566M (28%)    
[25.193s][info][gc,heap     ] GC(36)      Used:     1130M (55%)        1468M (72%)         672M (33%)         624M (30%)        1482M (72%)         624M (30%)    
[25.194s][info][gc,heap     ] GC(36)      Live:         -               205M (10%)         205M (10%)         205M (10%)            -                  -          
[25.194s][info][gc,heap     ] GC(36) Allocated:         -               338M (17%)         374M (18%)         379M (19%)            -                  -          
[25.194s][info][gc,heap     ] GC(36)   Garbage:         -               924M (45%)          92M (5%)           38M (2%)             -                  -          
[25.194s][info][gc,heap     ] GC(36) Reclaimed:         -                  -               832M (41%)         885M (43%)            -                  -          
[25.194s][info][gc          ] GC(36) Garbage Collection (Allocation Rate) 1130M(55%)->624M(30%)
[25.366s][info][gc,start    ] GC(37) Garbage Collection (Allocation Rate)
[25.366s][info][gc,task     ] GC(37) Using 3 workers
[25.366s][info][gc,phases   ] GC(37) Pause Mark Start 0.010ms
[25.506s][info][gc,phases   ] GC(37) Concurrent Mark 140.274ms
[25.506s][info][gc,phases   ] GC(37) Pause Mark End 0.023ms
[25.506s][info][gc,phases   ] GC(37) Concurrent Mark Free 0.001ms
[25.514s][info][gc,phases   ] GC(37) Concurrent Process Non-Strong References 7.821ms
[25.514s][info][gc,phases   ] GC(37) Concurrent Reset Relocation Set 0.004ms
[25.518s][info][gc,phases   ] GC(37) Concurrent Select Relocation Set 3.579ms
[25.518s][info][gc,phases   ] GC(37) Pause Relocate Start 0.006ms
[25.522s][info][gc,phases   ] GC(37) Concurrent Relocate 4.123ms
[25.522s][info][gc,load     ] GC(37) Load: 0.00/0.00/0.00
[25.522s][info][gc,mmu      ] GC(37) MMU: 2ms/98.5%, 5ms/99.4%, 10ms/99.6%, 20ms/99.8%, 50ms/99.9%, 100ms/99.9%
[25.522s][info][gc,marking  ] GC(37) Mark: 2 stripe(s), 2 proactive flush(es), 1 terminate flush(es), 0 completion(s), 0 continuation(s) 
[25.522s][info][gc,marking  ] GC(37) Mark Stack Usage: 32M
[25.522s][info][gc,nmethod  ] GC(37) NMethods: 6282 registered, 103 unregistered
[25.522s][info][gc,metaspace] GC(37) Metaspace: 58M used, 59M committed, 1088M reserved
[25.522s][info][gc,ref      ] GC(37) Soft: 4713 encountered, 0 discovered, 0 enqueued
[25.522s][info][gc,ref      ] GC(37) Weak: 5884 encountered, 515 discovered, 19 enqueued
[25.523s][info][gc,ref      ] GC(37) Final: 82 encountered, 3 discovered, 0 enqueued
[25.523s][info][gc,ref      ] GC(37) Phantom: 608 encountered, 352 discovered, 0 enqueued
[25.523s][info][gc,reloc    ] GC(37) Small Pages: 441 / 882M, Empty: 650M, Relocated: 3M, In-Place: 0
[25.523s][info][gc,reloc    ] GC(37) Medium Pages: 1 / 32M, Empty: 0M, Relocated: 0M, In-Place: 0
[25.523s][info][gc,reloc    ] GC(37) Large Pages: 2 / 12M, Empty: 0M, Relocated: 0M, In-Place: 0
[25.523s][info][gc,reloc    ] GC(37) Forwarding Usage: 1M
[25.523s][info][gc,heap     ] GC(37) Min Capacity: 8M(0%)
[25.523s][info][gc,heap     ] GC(37) Max Capacity: 2048M(100%)
[25.523s][info][gc,heap     ] GC(37) Soft Max Capacity: 2048M(100%)
[25.523s][info][gc,heap     ] GC(37)                Mark Start          Mark End        Relocate Start      Relocate End           High               Low         
[25.523s][info][gc,heap     ] GC(37)  Capacity:     2048M (100%)       2048M (100%)       2048M (100%)       2048M (100%)       2048M (100%)       2048M (100%)   
[25.523s][info][gc,heap     ] GC(37)      Free:     1122M (55%)         882M (43%)        1510M (74%)        1534M (75%)        1538M (75%)         868M (42%)    
[25.523s][info][gc,heap     ] GC(37)      Used:      926M (45%)        1166M (57%)         538M (26%)         514M (25%)        1180M (58%)         510M (25%)    
[25.523s][info][gc,heap     ] GC(37)      Live:         -               205M (10%)         205M (10%)         205M (10%)            -                  -          
[25.523s][info][gc,heap     ] GC(37) Allocated:         -               240M (12%)         262M (13%)         271M (13%)            -                  -          
[25.523s][info][gc,heap     ] GC(37)   Garbage:         -               720M (35%)          70M (3%)           36M (2%)             -                  -          
[25.523s][info][gc,heap     ] GC(37) Reclaimed:         -                  -               650M (32%)         683M (33%)            -                  -          
[25.523s][info][gc          ] GC(37) Garbage Collection (Allocation Rate) 926M(45%)->514M(25%)
[25.737s][info][gc,start    ] GC(38) Garbage Collection (System.gc())
[25.737s][info][gc,task     ] GC(38) Using 12 workers
[25.738s][info][gc,phases   ] GC(38) Pause Mark Start 0.015ms
[25.797s][info][gc,phases   ] GC(38) Concurrent Mark 59.361ms
[25.797s][info][gc,phases   ] GC(38) Pause Mark End 0.019ms
[25.797s][info][gc,phases   ] GC(38) Concurrent Mark Free 0.001ms
[25.799s][info][gc,phases   ] GC(38) Concurrent Process Non-Strong References 1.638ms
[25.799s][info][gc,phases   ] GC(38) Concurrent Reset Relocation Set 0.001ms
[25.801s][info][gc,phases   ] GC(38) Concurrent Select Relocation Set 2.507ms
[25.801s][info][gc,phases   ] GC(38) Pause Relocate Start 0.008ms
[25.804s][info][gc,phases   ] GC(38) Concurrent Relocate 2.244ms
[25.804s][info][gc,load     ] GC(38) Load: 0.00/0.00/0.00
[25.804s][info][gc,mmu      ] GC(38) MMU: 2ms/98.5%, 5ms/99.4%, 10ms/99.6%, 20ms/99.8%, 50ms/99.9%, 100ms/99.9%
[25.804s][info][gc,marking  ] GC(38) Mark: 8 stripe(s), 1 proactive flush(es), 1 terminate flush(es), 0 completion(s), 0 continuation(s) 
[25.804s][info][gc,marking  ] GC(38) Mark Stack Usage: 32M
[25.804s][info][gc,nmethod  ] GC(38) NMethods: 6329 registered, 108 unregistered
[25.804s][info][gc,metaspace] GC(38) Metaspace: 58M used, 59M committed, 1088M reserved
[25.804s][info][gc,ref      ] GC(38) Soft: 4711 encountered, 0 discovered, 0 enqueued
[25.804s][info][gc,ref      ] GC(38) Weak: 5933 encountered, 1639 discovered, 121 enqueued
[25.804s][info][gc,ref      ] GC(38) Final: 82 encountered, 3 discovered, 0 enqueued
[25.804s][info][gc,ref      ] GC(38) Phantom: 608 encountered, 377 discovered, 0 enqueued
[25.804s][info][gc,reloc    ] GC(38) Small Pages: 454 / 908M, Empty: 692M, Relocated: 2M, In-Place: 0
[25.804s][info][gc,reloc    ] GC(38) Medium Pages: 1 / 32M, Empty: 0M, Relocated: 0M, In-Place: 0
[25.804s][info][gc,reloc    ] GC(38) Large Pages: 3 / 18M, Empty: 6M, Relocated: 0M, In-Place: 0
[25.804s][info][gc,reloc    ] GC(38) Forwarding Usage: 1M
[25.804s][info][gc,heap     ] GC(38) Min Capacity: 8M(0%)
[25.804s][info][gc,heap     ] GC(38) Max Capacity: 2048M(100%)
[25.804s][info][gc,heap     ] GC(38) Soft Max Capacity: 2048M(100%)
[25.804s][info][gc,heap     ] GC(38)                Mark Start          Mark End        Relocate Start      Relocate End           High               Low         
[25.804s][info][gc,heap     ] GC(38)  Capacity:     2048M (100%)       2048M (100%)       2048M (100%)       2048M (100%)       2048M (100%)       2048M (100%)   
[25.804s][info][gc,heap     ] GC(38)      Free:     1090M (53%)        1090M (53%)        1784M (87%)        1784M (87%)        1784M (87%)        1088M (53%)    
[25.804s][info][gc,heap     ] GC(38)      Used:      958M (47%)         958M (47%)         264M (13%)         264M (13%)         960M (47%)         264M (13%)    
[25.804s][info][gc,heap     ] GC(38)      Live:         -               205M (10%)         205M (10%)         205M (10%)            -                  -          
[25.804s][info][gc,heap     ] GC(38) Allocated:         -                 0M (0%)            4M (0%)            3M (0%)             -                  -          
[25.804s][info][gc,heap     ] GC(38)   Garbage:         -               752M (37%)          54M (3%)           54M (3%)             -                  -          
[25.804s][info][gc,heap     ] GC(38) Reclaimed:         -                  -               698M (34%)         697M (34%)            -                  -          
[25.804s][info][gc          ] GC(38) Garbage Collection (System.gc()) 958M(47%)->264M(13%)
[26.063s][info][gc,start    ] GC(39) Garbage Collection (Allocation Rate)
[26.063s][info][gc,task     ] GC(39) Using 4 workers
[26.063s][info][gc,phases   ] GC(39) Pause Mark Start 0.017ms
[26.172s][info][gc,phases   ] GC(39) Concurrent Mark 108.925ms
[26.172s][info][gc,phases   ] GC(39) Pause Mark End 0.025ms
[26.172s][info][gc,phases   ] GC(39) Concurrent Mark Free 0.001ms
[26.177s][info][gc,phases   ] GC(39) Concurrent Process Non-Strong References 4.483ms
[26.177s][info][gc,phases   ] GC(39) Concurrent Reset Relocation Set 0.002ms
[26.183s][info][gc,phases   ] GC(39) Concurrent Select Relocation Set 5.836ms
[26.183s][info][gc,phases   ] GC(39) Pause Relocate Start 0.007ms
[26.187s][info][gc,phases   ] GC(39) Concurrent Relocate 4.089ms
[26.187s][info][gc,load     ] GC(39) Load: 0.00/0.00/0.00
[26.187s][info][gc,mmu      ] GC(39) MMU: 2ms/98.5%, 5ms/99.4%, 10ms/99.6%, 20ms/99.8%, 50ms/99.9%, 100ms/99.9%
[26.187s][info][gc,marking  ] GC(39) Mark: 4 stripe(s), 2 proactive flush(es), 1 terminate flush(es), 0 completion(s), 0 continuation(s) 
[26.187s][info][gc,marking  ] GC(39) Mark Stack Usage: 32M
[26.187s][info][gc,nmethod  ] GC(39) NMethods: 6395 registered, 121 unregistered
[26.187s][info][gc,metaspace] GC(39) Metaspace: 58M used, 59M committed, 1088M reserved
[26.187s][info][gc,ref      ] GC(39) Soft: 4713 encountered, 0 discovered, 0 enqueued
[26.187s][info][gc,ref      ] GC(39) Weak: 5961 encountered, 2313 discovered, 74 enqueued
[26.187s][info][gc,ref      ] GC(39) Final: 82 encountered, 45 discovered, 0 enqueued
[26.187s][info][gc,ref      ] GC(39) Phantom: 608 encountered, 523 discovered, 0 enqueued
[26.187s][info][gc,reloc    ] GC(39) Small Pages: 440 / 880M, Empty: 632M, Relocated: 3M, In-Place: 0
[26.187s][info][gc,reloc    ] GC(39) Medium Pages: 2 / 64M, Empty: 32M, Relocated: 0M, In-Place: 0
[26.187s][info][gc,reloc    ] GC(39) Large Pages: 4 / 24M, Empty: 12M, Relocated: 0M, In-Place: 0
[26.187s][info][gc,reloc    ] GC(39) Forwarding Usage: 1M
[26.187s][info][gc,heap     ] GC(39) Min Capacity: 8M(0%)
[26.187s][info][gc,heap     ] GC(39) Max Capacity: 2048M(100%)
[26.187s][info][gc,heap     ] GC(39) Soft Max Capacity: 2048M(100%)
[26.187s][info][gc,heap     ] GC(39)                Mark Start          Mark End        Relocate Start      Relocate End           High               Low         
[26.188s][info][gc,heap     ] GC(39)  Capacity:     2048M (100%)       2048M (100%)       2048M (100%)       2048M (100%)       2048M (100%)       2048M (100%)   
[26.188s][info][gc,heap     ] GC(39)      Free:     1080M (53%)         742M (36%)        1382M (67%)        1418M (69%)        1424M (70%)         726M (35%)    
[26.188s][info][gc,heap     ] GC(39)      Used:      968M (47%)        1306M (64%)         666M (33%)         630M (31%)        1322M (65%)         624M (30%)    
[26.188s][info][gc,heap     ] GC(39)      Live:         -               205M (10%)         205M (10%)         205M (10%)            -                  -          
[26.188s][info][gc,heap     ] GC(39) Allocated:         -               338M (17%)         374M (18%)         385M (19%)            -                  -          
[26.188s][info][gc,heap     ] GC(39)   Garbage:         -               762M (37%)          86M (4%)           38M (2%)             -                  -          
[26.188s][info][gc,heap     ] GC(39) Reclaimed:         -                  -               676M (33%)         723M (35%)            -                  -          
[26.188s][info][gc          ] GC(39) Garbage Collection (Allocation Rate) 968M(47%)->630M(31%)
[26.375s][info][gc,start    ] GC(40) Garbage Collection (Allocation Rate)
[26.375s][info][gc,task     ] GC(40) Using 4 workers
[26.375s][info][gc,phases   ] GC(40) Pause Mark Start 0.015ms
[26.484s][info][gc,phases   ] GC(40) Concurrent Mark 109.055ms
[26.485s][info][gc,phases   ] GC(40) Pause Mark End 0.025ms
[26.485s][info][gc,phases   ] GC(40) Concurrent Mark Free 0.001ms
[26.489s][info][gc,phases   ] GC(40) Concurrent Process Non-Strong References 4.505ms
[26.489s][info][gc,phases   ] GC(40) Concurrent Reset Relocation Set 0.003ms
[26.493s][info][gc,phases   ] GC(40) Concurrent Select Relocation Set 3.730ms
[26.493s][info][gc,phases   ] GC(40) Pause Relocate Start 0.005ms
[26.497s][info][gc,phases   ] GC(40) Concurrent Relocate 3.929ms
[26.497s][info][gc,load     ] GC(40) Load: 0.00/0.00/0.00
[26.497s][info][gc,mmu      ] GC(40) MMU: 2ms/98.5%, 5ms/99.4%, 10ms/99.6%, 20ms/99.8%, 50ms/99.9%, 100ms/99.9%
[26.497s][info][gc,marking  ] GC(40) Mark: 4 stripe(s), 2 proactive flush(es), 1 terminate flush(es), 0 completion(s), 0 continuation(s) 
[26.497s][info][gc,marking  ] GC(40) Mark Stack Usage: 32M
[26.497s][info][gc,nmethod  ] GC(40) NMethods: 6395 registered, 121 unregistered
[26.497s][info][gc,metaspace] GC(40) Metaspace: 58M used, 59M committed, 1088M reserved
[26.497s][info][gc,ref      ] GC(40) Soft: 4713 encountered, 0 discovered, 0 enqueued
[26.497s][info][gc,ref      ] GC(40) Weak: 5890 encountered, 2147 discovered, 14 enqueued
[26.497s][info][gc,ref      ] GC(40) Final: 82 encountered, 0 discovered, 0 enqueued
[26.497s][info][gc,ref      ] GC(40) Phantom: 608 encountered, 513 discovered, 0 enqueued
[26.497s][info][gc,reloc    ] GC(40) Small Pages: 586 / 1172M, Empty: 946M, Relocated: 3M, In-Place: 0
[26.497s][info][gc,reloc    ] GC(40) Medium Pages: 1 / 32M, Empty: 0M, Relocated: 0M, In-Place: 0
[26.497s][info][gc,reloc    ] GC(40) Large Pages: 2 / 12M, Empty: 0M, Relocated: 0M, In-Place: 0
[26.497s][info][gc,reloc    ] GC(40) Forwarding Usage: 1M
[26.497s][info][gc,heap     ] GC(40) Min Capacity: 8M(0%)
[26.498s][info][gc,heap     ] GC(40) Max Capacity: 2048M(100%)
[26.498s][info][gc,heap     ] GC(40) Soft Max Capacity: 2048M(100%)
[26.498s][info][gc,heap     ] GC(40)                Mark Start          Mark End        Relocate Start      Relocate End           High               Low         
[26.498s][info][gc,heap     ] GC(40)  Capacity:     2048M (100%)       2048M (100%)       2048M (100%)       2048M (100%)       2048M (100%)       2048M (100%)   
[26.498s][info][gc,heap     ] GC(40)      Free:      832M (41%)         540M (26%)        1476M (72%)        1498M (73%)        1498M (73%)         536M (26%)    
[26.498s][info][gc,heap     ] GC(40)      Used:     1216M (59%)        1508M (74%)         572M (28%)         550M (27%)        1512M (74%)         550M (27%)    
[26.498s][info][gc,heap     ] GC(40)      Live:         -               205M (10%)         205M (10%)         205M (10%)            -                  -          
[26.498s][info][gc,heap     ] GC(40) Allocated:         -               292M (14%)         302M (15%)         305M (15%)            -                  -          
[26.498s][info][gc,heap     ] GC(40)   Garbage:         -              1010M (49%)          64M (3%)           38M (2%)             -                  -          
[26.498s][info][gc,heap     ] GC(40) Reclaimed:         -                  -               946M (46%)         971M (47%)            -                  -          
[26.498s][info][gc          ] GC(40) Garbage Collection (Allocation Rate) 1216M(59%)->550M(27%)
[26.657s][info][gc,start    ] GC(41) Garbage Collection (System.gc())
[26.657s][info][gc,task     ] GC(41) Using 12 workers
[26.658s][info][gc,phases   ] GC(41) Pause Mark Start 0.017ms
[26.719s][info][gc,phases   ] GC(41) Concurrent Mark 60.901ms
[26.719s][info][gc,phases   ] GC(41) Pause Mark End 0.031ms
[26.719s][info][gc,phases   ] GC(41) Concurrent Mark Free 0.001ms
[26.721s][info][gc,phases   ] GC(41) Concurrent Process Non-Strong References 1.821ms
[26.721s][info][gc,phases   ] GC(41) Concurrent Reset Relocation Set 0.001ms
[26.724s][info][gc,phases   ] GC(41) Concurrent Select Relocation Set 2.762ms
[26.724s][info][gc,phases   ] GC(41) Pause Relocate Start 0.006ms
[26.726s][info][gc,phases   ] GC(41) Concurrent Relocate 2.289ms
[26.726s][info][gc,load     ] GC(41) Load: 0.00/0.00/0.00
[26.726s][info][gc,mmu      ] GC(41) MMU: 2ms/98.4%, 5ms/99.3%, 10ms/99.6%, 20ms/99.8%, 50ms/99.9%, 100ms/99.9%
[26.726s][info][gc,marking  ] GC(41) Mark: 8 stripe(s), 3 proactive flush(es), 1 terminate flush(es), 0 completion(s), 0 continuation(s) 
[26.726s][info][gc,marking  ] GC(41) Mark Stack Usage: 32M
[26.726s][info][gc,nmethod  ] GC(41) NMethods: 6482 registered, 129 unregistered
[26.726s][info][gc,metaspace] GC(41) Metaspace: 58M used, 59M committed, 1088M reserved
[26.726s][info][gc,ref      ] GC(41) Soft: 4711 encountered, 0 discovered, 0 enqueued
[26.726s][info][gc,ref      ] GC(41) Weak: 5933 encountered, 1590 discovered, 119 enqueued
[26.726s][info][gc,ref      ] GC(41) Final: 82 encountered, 19 discovered, 0 enqueued
[26.726s][info][gc,ref      ] GC(41) Phantom: 608 encountered, 413 discovered, 0 enqueued
[26.726s][info][gc,reloc    ] GC(41) Small Pages: 392 / 784M, Empty: 560M, Relocated: 3M, In-Place: 0
[26.726s][info][gc,reloc    ] GC(41) Medium Pages: 1 / 32M, Empty: 0M, Relocated: 0M, In-Place: 0
[26.726s][info][gc,reloc    ] GC(41) Large Pages: 3 / 18M, Empty: 6M, Relocated: 0M, In-Place: 0
[26.726s][info][gc,reloc    ] GC(41) Forwarding Usage: 1M
[26.726s][info][gc,heap     ] GC(41) Min Capacity: 8M(0%)
[26.726s][info][gc,heap     ] GC(41) Max Capacity: 2048M(100%)
[26.726s][info][gc,heap     ] GC(41) Soft Max Capacity: 2048M(100%)
[26.726s][info][gc,heap     ] GC(41)                Mark Start          Mark End        Relocate Start      Relocate End           High               Low         
[26.726s][info][gc,heap     ] GC(41)  Capacity:     2048M (100%)       2048M (100%)       2048M (100%)       2048M (100%)       2048M (100%)       2048M (100%)   
[26.726s][info][gc,heap     ] GC(41)      Free:     1214M (59%)        1214M (59%)        1776M (87%)        1782M (87%)        1782M (87%)        1212M (59%)    
[26.726s][info][gc,heap     ] GC(41)      Used:      834M (41%)         834M (41%)         272M (13%)         266M (13%)         836M (41%)         266M (13%)    
[26.726s][info][gc,heap     ] GC(41)      Live:         -               205M (10%)         205M (10%)         205M (10%)            -                  -          
[26.726s][info][gc,heap     ] GC(41) Allocated:         -                 0M (0%)            4M (0%)            5M (0%)             -                  -          
[26.726s][info][gc,heap     ] GC(41)   Garbage:         -               628M (31%)          62M (3%)           54M (3%)             -                  -          
[26.726s][info][gc,heap     ] GC(41) Reclaimed:         -                  -               566M (28%)         573M (28%)            -                  -          
[26.727s][info][gc          ] GC(41) Garbage Collection (System.gc()) 834M(41%)->266M(13%)
[26.969s][info][gc,start    ] GC(42) Garbage Collection (Allocation Rate)
[26.969s][info][gc,task     ] GC(42) Using 5 workers
[26.969s][info][gc,phases   ] GC(42) Pause Mark Start 0.015ms
[27.062s][info][gc,phases   ] GC(42) Concurrent Mark 93.308ms
[27.062s][info][gc,phases   ] GC(42) Pause Mark End 0.026ms
[27.063s][info][gc,phases   ] GC(42) Concurrent Mark Free 0.001ms
[27.066s][info][gc,phases   ] GC(42) Concurrent Process Non-Strong References 3.618ms
[27.066s][info][gc,phases   ] GC(42) Concurrent Reset Relocation Set 0.002ms
[27.072s][info][gc,phases   ] GC(42) Concurrent Select Relocation Set 5.647ms
[27.072s][info][gc,phases   ] GC(42) Pause Relocate Start 0.008ms
[27.075s][info][gc,phases   ] GC(42) Concurrent Relocate 2.859ms
[27.075s][info][gc,load     ] GC(42) Load: 0.00/0.00/0.00
[27.075s][info][gc,mmu      ] GC(42) MMU: 2ms/98.4%, 5ms/99.3%, 10ms/99.6%, 20ms/99.8%, 50ms/99.9%, 100ms/99.9%
[27.075s][info][gc,marking  ] GC(42) Mark: 4 stripe(s), 2 proactive flush(es), 1 terminate flush(es), 0 completion(s), 0 continuation(s) 
[27.075s][info][gc,marking  ] GC(42) Mark Stack Usage: 32M
[27.075s][info][gc,nmethod  ] GC(42) NMethods: 6546 registered, 139 unregistered
[27.075s][info][gc,metaspace] GC(42) Metaspace: 58M used, 59M committed, 1088M reserved
[27.075s][info][gc,ref      ] GC(42) Soft: 4713 encountered, 0 discovered, 0 enqueued
[27.075s][info][gc,ref      ] GC(42) Weak: 5987 encountered, 1890 discovered, 75 enqueued
[27.075s][info][gc,ref      ] GC(42) Final: 82 encountered, 4 discovered, 0 enqueued
[27.075s][info][gc,ref      ] GC(42) Phantom: 608 encountered, 444 discovered, 0 enqueued
[27.075s][info][gc,reloc    ] GC(42) Small Pages: 399 / 798M, Empty: 546M, Relocated: 3M, In-Place: 0
[27.075s][info][gc,reloc    ] GC(42) Medium Pages: 2 / 64M, Empty: 32M, Relocated: 0M, In-Place: 0
[27.075s][info][gc,reloc    ] GC(42) Large Pages: 4 / 24M, Empty: 12M, Relocated: 0M, In-Place: 0
[27.075s][info][gc,reloc    ] GC(42) Forwarding Usage: 1M
[27.075s][info][gc,heap     ] GC(42) Min Capacity: 8M(0%)
[27.075s][info][gc,heap     ] GC(42) Max Capacity: 2048M(100%)
[27.076s][info][gc,heap     ] GC(42) Soft Max Capacity: 2048M(100%)
[27.076s][info][gc,heap     ] GC(42)                Mark Start          Mark End        Relocate Start      Relocate End           High               Low         
[27.076s][info][gc,heap     ] GC(42)  Capacity:     2048M (100%)       2048M (100%)       2048M (100%)       2048M (100%)       2048M (100%)       2048M (100%)   
[27.076s][info][gc,heap     ] GC(42)      Free:     1162M (57%)         888M (43%)        1442M (70%)        1486M (73%)        1486M (73%)         874M (43%)    
[27.076s][info][gc,heap     ] GC(42)      Used:      886M (43%)        1160M (57%)         606M (30%)         562M (27%)        1174M (57%)         562M (27%)    
[27.076s][info][gc,heap     ] GC(42)      Live:         -               205M (10%)         205M (10%)         205M (10%)            -                  -          
[27.076s][info][gc,heap     ] GC(42) Allocated:         -               274M (13%)         310M (15%)         315M (15%)            -                  -          
[27.076s][info][gc,heap     ] GC(42)   Garbage:         -               680M (33%)          90M (4%)           40M (2%)             -                  -          
[27.076s][info][gc,heap     ] GC(42) Reclaimed:         -                  -               590M (29%)         639M (31%)            -                  -          
[27.076s][info][gc          ] GC(42) Garbage Collection (Allocation Rate) 886M(43%)->562M(27%)
[27.375s][info][gc,start    ] GC(43) Garbage Collection (Allocation Rate)
[27.375s][info][gc,task     ] GC(43) Using 4 workers
[27.375s][info][gc,phases   ] GC(43) Pause Mark Start 0.014ms
[27.484s][info][gc,phases   ] GC(43) Concurrent Mark 108.977ms
[27.484s][info][gc,phases   ] GC(43) Pause Mark End 0.027ms
[27.484s][info][gc,phases   ] GC(43) Concurrent Mark Free 0.001ms
[27.489s][info][gc,phases   ] GC(43) Concurrent Process Non-Strong References 4.838ms
[27.489s][info][gc,phases   ] GC(43) Concurrent Reset Relocation Set 0.004ms
[27.495s][info][gc,phases   ] GC(43) Concurrent Select Relocation Set 5.979ms
[27.495s][info][gc,phases   ] GC(43) Pause Relocate Start 0.008ms
[27.499s][info][gc,phases   ] GC(43) Concurrent Relocate 3.948ms
[27.500s][info][gc,load     ] GC(43) Load: 0.00/0.00/0.00
[27.500s][info][gc,mmu      ] GC(43) MMU: 2ms/98.4%, 5ms/99.3%, 10ms/99.6%, 20ms/99.8%, 50ms/99.9%, 100ms/99.9%
[27.500s][info][gc,marking  ] GC(43) Mark: 4 stripe(s), 2 proactive flush(es), 1 terminate flush(es), 0 completion(s), 0 continuation(s) 
[27.500s][info][gc,marking  ] GC(43) Mark Stack Usage: 32M
[27.500s][info][gc,nmethod  ] GC(43) NMethods: 6545 registered, 140 unregistered
[27.500s][info][gc,metaspace] GC(43) Metaspace: 58M used, 59M committed, 1088M reserved
[27.500s][info][gc,ref      ] GC(43) Soft: 4713 encountered, 0 discovered, 0 enqueued
[27.500s][info][gc,ref      ] GC(43) Weak: 5915 encountered, 1979 discovered, 19 enqueued
[27.500s][info][gc,ref      ] GC(43) Final: 82 encountered, 1 discovered, 0 enqueued
[27.500s][info][gc,ref      ] GC(43) Phantom: 608 encountered, 509 discovered, 0 enqueued
[27.500s][info][gc,reloc    ] GC(43) Small Pages: 532 / 1064M, Empty: 830M, Relocated: 3M, In-Place: 0
[27.500s][info][gc,reloc    ] GC(43) Medium Pages: 1 / 32M, Empty: 0M, Relocated: 0M, In-Place: 0
[27.500s][info][gc,reloc    ] GC(43) Large Pages: 2 / 12M, Empty: 0M, Relocated: 0M, In-Place: 0
[27.500s][info][gc,reloc    ] GC(43) Forwarding Usage: 1M
[27.500s][info][gc,heap     ] GC(43) Min Capacity: 8M(0%)
[27.500s][info][gc,heap     ] GC(43) Max Capacity: 2048M(100%)
[27.500s][info][gc,heap     ] GC(43) Soft Max Capacity: 2048M(100%)
[27.500s][info][gc,heap     ] GC(43)                Mark Start          Mark End        Relocate Start      Relocate End           High               Low         
[27.500s][info][gc,heap     ] GC(43)  Capacity:     2048M (100%)       2048M (100%)       2048M (100%)       2048M (100%)       2048M (100%)       2048M (100%)   
[27.500s][info][gc,heap     ] GC(43)      Free:      940M (46%)         746M (36%)        1554M (76%)        1576M (77%)        1582M (77%)         736M (36%)    
[27.500s][info][gc,heap     ] GC(43)      Used:     1108M (54%)        1302M (64%)         494M (24%)         472M (23%)        1312M (64%)         466M (23%)    
[27.500s][info][gc,heap     ] GC(43)      Live:         -               205M (10%)         205M (10%)         205M (10%)            -                  -          
[27.500s][info][gc,heap     ] GC(43) Allocated:         -               194M (9%)          216M (11%)         227M (11%)            -                  -          
[27.500s][info][gc,heap     ] GC(43)   Garbage:         -               902M (44%)          72M (4%)           38M (2%)             -                  -          
[27.500s][info][gc,heap     ] GC(43) Reclaimed:         -                  -               830M (41%)         863M (42%)            -                  -          
[27.500s][info][gc          ] GC(43) Garbage Collection (Allocation Rate) 1108M(54%)->472M(23%)
[27.672s][info][gc,start    ] GC(44) Garbage Collection (Allocation Rate)
[27.672s][info][gc,task     ] GC(44) Using 3 workers
[27.672s][info][gc,phases   ] GC(44) Pause Mark Start 0.014ms
[27.797s][info][gc,phases   ] GC(44) Concurrent Mark 125.198ms
[27.797s][info][gc,phases   ] GC(44) Pause Mark End 0.023ms
[27.797s][info][gc,phases   ] GC(44) Concurrent Mark Free 0.001ms
[27.805s][info][gc,phases   ] GC(44) Concurrent Process Non-Strong References 7.343ms
[27.805s][info][gc,phases   ] GC(44) Concurrent Reset Relocation Set 0.002ms
[27.809s][info][gc,phases   ] GC(44) Concurrent Select Relocation Set 3.700ms
[27.809s][info][gc,phases   ] GC(44) Pause Relocate Start 0.006ms
[27.813s][info][gc,phases   ] GC(44) Concurrent Relocate 4.236ms
[27.813s][info][gc,load     ] GC(44) Load: 0.00/0.00/0.00
[27.813s][info][gc,mmu      ] GC(44) MMU: 2ms/98.4%, 5ms/99.3%, 10ms/99.6%, 20ms/99.8%, 50ms/99.9%, 100ms/99.9%
[27.813s][info][gc,marking  ] GC(44) Mark: 2 stripe(s), 2 proactive flush(es), 1 terminate flush(es), 0 completion(s), 0 continuation(s) 
[27.813s][info][gc,marking  ] GC(44) Mark Stack Usage: 32M
[27.813s][info][gc,nmethod  ] GC(44) NMethods: 6586 registered, 140 unregistered
[27.813s][info][gc,metaspace] GC(44) Metaspace: 58M used, 59M committed, 1088M reserved
[27.813s][info][gc,ref      ] GC(44) Soft: 4713 encountered, 0 discovered, 0 enqueued
[27.813s][info][gc,ref      ] GC(44) Weak: 5891 encountered, 2481 discovered, 0 enqueued
[27.813s][info][gc,ref      ] GC(44) Final: 82 encountered, 58 discovered, 0 enqueued
[27.813s][info][gc,ref      ] GC(44) Phantom: 608 encountered, 559 discovered, 0 enqueued
[27.813s][info][gc,reloc    ] GC(44) Small Pages: 481 / 962M, Empty: 746M, Relocated: 3M, In-Place: 0
[27.813s][info][gc,reloc    ] GC(44) Medium Pages: 1 / 32M, Empty: 0M, Relocated: 0M, In-Place: 0
[27.813s][info][gc,reloc    ] GC(44) Large Pages: 2 / 12M, Empty: 0M, Relocated: 0M, In-Place: 0
[27.813s][info][gc,reloc    ] GC(44) Forwarding Usage: 1M
[27.813s][info][gc,heap     ] GC(44) Min Capacity: 8M(0%)
[27.813s][info][gc,heap     ] GC(44) Max Capacity: 2048M(100%)
[27.813s][info][gc,heap     ] GC(44) Soft Max Capacity: 2048M(100%)
[27.814s][info][gc,heap     ] GC(44)                Mark Start          Mark End        Relocate Start      Relocate End           High               Low         
[27.814s][info][gc,heap     ] GC(44)  Capacity:     2048M (100%)       2048M (100%)       2048M (100%)       2048M (100%)       2048M (100%)       2048M (100%)   
[27.814s][info][gc,heap     ] GC(44)      Free:     1042M (51%)        1022M (50%)        1768M (86%)        1786M (87%)        1786M (87%)        1022M (50%)    
[27.814s][info][gc,heap     ] GC(44)      Used:     1006M (49%)        1026M (50%)         280M (14%)         262M (13%)        1026M (50%)         262M (13%)    
[27.814s][info][gc,heap     ] GC(44)      Live:         -               205M (10%)         205M (10%)         205M (10%)            -                  -          
[27.814s][info][gc,heap     ] GC(44) Allocated:         -                20M (1%)           20M (1%)           20M (1%)             -                  -          
[27.814s][info][gc,heap     ] GC(44)   Garbage:         -               800M (39%)          54M (3%)           36M (2%)             -                  -          
[27.814s][info][gc,heap     ] GC(44) Reclaimed:         -                  -               746M (36%)         764M (37%)            -                  -          
[27.814s][info][gc          ] GC(44) Garbage Collection (Allocation Rate) 1006M(49%)->262M(13%)
[27.814s][info][gc,start    ] GC(45) Garbage Collection (System.gc())
[27.814s][info][gc,task     ] GC(45) Using 12 workers
[27.814s][info][gc,phases   ] GC(45) Pause Mark Start 0.006ms
[27.875s][info][gc,phases   ] GC(45) Concurrent Mark 61.264ms
[27.875s][info][gc,phases   ] GC(45) Pause Mark End 0.020ms
[27.875s][info][gc,phases   ] GC(45) Concurrent Mark Free 0.001ms
[27.877s][info][gc,phases   ] GC(45) Concurrent Process Non-Strong References 1.763ms
[27.877s][info][gc,phases   ] GC(45) Concurrent Reset Relocation Set 0.002ms
[27.884s][info][gc,phases   ] GC(45) Concurrent Select Relocation Set 6.287ms
[27.884s][info][gc,phases   ] GC(45) Pause Relocate Start 0.008ms
[27.887s][info][gc,phases   ] GC(45) Concurrent Relocate 2.933ms
[27.887s][info][gc,load     ] GC(45) Load: 0.00/0.00/0.00
[27.887s][info][gc,mmu      ] GC(45) MMU: 2ms/98.4%, 5ms/99.3%, 10ms/99.6%, 20ms/99.8%, 50ms/99.9%, 100ms/99.9%
[27.887s][info][gc,marking  ] GC(45) Mark: 8 stripe(s), 3 proactive flush(es), 1 terminate flush(es), 0 completion(s), 0 continuation(s) 
[27.887s][info][gc,marking  ] GC(45) Mark Stack Usage: 32M
[27.887s][info][gc,nmethod  ] GC(45) NMethods: 6589 registered, 144 unregistered
[27.887s][info][gc,metaspace] GC(45) Metaspace: 58M used, 59M committed, 1088M reserved
[27.887s][info][gc,ref      ] GC(45) Soft: 4711 encountered, 0 discovered, 0 enqueued
[27.887s][info][gc,ref      ] GC(45) Weak: 5965 encountered, 1629 discovered, 119 enqueued
[27.887s][info][gc,ref      ] GC(45) Final: 82 encountered, 23 discovered, 0 enqueued
[27.887s][info][gc,ref      ] GC(45) Phantom: 608 encountered, 368 discovered, 0 enqueued
[27.887s][info][gc,reloc    ] GC(45) Small Pages: 106 / 212M, Empty: 4M, Relocated: 3M, In-Place: 0
[27.887s][info][gc,reloc    ] GC(45) Medium Pages: 1 / 32M, Empty: 0M, Relocated: 0M, In-Place: 0
[27.887s][info][gc,reloc    ] GC(45) Large Pages: 3 / 18M, Empty: 6M, Relocated: 0M, In-Place: 0
[27.887s][info][gc,reloc    ] GC(45) Forwarding Usage: 1M
[27.887s][info][gc,heap     ] GC(45) Min Capacity: 8M(0%)
[27.887s][info][gc,heap     ] GC(45) Max Capacity: 2048M(100%)
[27.887s][info][gc,heap     ] GC(45) Soft Max Capacity: 2048M(100%)
[27.887s][info][gc,heap     ] GC(45)                Mark Start          Mark End        Relocate Start      Relocate End           High               Low         
[27.887s][info][gc,heap     ] GC(45)  Capacity:     2048M (100%)       2048M (100%)       2048M (100%)       2048M (100%)       2048M (100%)       2048M (100%)   
[27.887s][info][gc,heap     ] GC(45)      Free:     1786M (87%)        1784M (87%)        1790M (87%)        1790M (87%)        1790M (87%)        1774M (87%)    
[27.887s][info][gc,heap     ] GC(45)      Used:      262M (13%)         264M (13%)         258M (13%)         258M (13%)         274M (13%)         258M (13%)    
[27.887s][info][gc,heap     ] GC(45)      Live:         -               205M (10%)         205M (10%)         205M (10%)            -                  -          
[27.888s][info][gc,heap     ] GC(45) Allocated:         -                 2M (0%)            6M (0%)            6M (0%)             -                  -          
[27.888s][info][gc,heap     ] GC(45)   Garbage:         -                56M (3%)           46M (2%)           46M (2%)             -                  -          
[27.888s][info][gc,heap     ] GC(45) Reclaimed:         -                  -                10M (0%)           10M (0%)             -                  -          
[27.888s][info][gc          ] GC(45) Garbage Collection (System.gc()) 262M(13%)->258M(13%)
[28.165s][info][gc,start    ] GC(46) Garbage Collection (Allocation Rate)
[28.165s][info][gc,task     ] GC(46) Using 5 workers
[28.165s][info][gc,phases   ] GC(46) Pause Mark Start 0.015ms
[28.258s][info][gc,phases   ] GC(46) Concurrent Mark 93.297ms
[28.258s][info][gc,phases   ] GC(46) Pause Mark End 0.029ms
[28.259s][info][gc,phases   ] GC(46) Concurrent Mark Free 0.001ms
[28.263s][info][gc,phases   ] GC(46) Concurrent Process Non-Strong References 3.966ms
[28.263s][info][gc,phases   ] GC(46) Concurrent Reset Relocation Set 0.002ms
[28.269s][info][gc,phases   ] GC(46) Concurrent Select Relocation Set 6.550ms
[28.269s][info][gc,phases   ] GC(46) Pause Relocate Start 0.009ms
[28.273s][info][gc,phases   ] GC(46) Concurrent Relocate 3.878ms
[28.273s][info][gc,load     ] GC(46) Load: 0.00/0.00/0.00
[28.273s][info][gc,mmu      ] GC(46) MMU: 2ms/98.4%, 5ms/99.3%, 10ms/99.6%, 20ms/99.8%, 50ms/99.9%, 100ms/99.9%
[28.273s][info][gc,marking  ] GC(46) Mark: 4 stripe(s), 2 proactive flush(es), 1 terminate flush(es), 0 completion(s), 0 continuation(s) 
[28.273s][info][gc,marking  ] GC(46) Mark Stack Usage: 32M
[28.273s][info][gc,nmethod  ] GC(46) NMethods: 6642 registered, 154 unregistered
[28.274s][info][gc,metaspace] GC(46) Metaspace: 58M used, 59M committed, 1088M reserved
[28.274s][info][gc,ref      ] GC(46) Soft: 4713 encountered, 0 discovered, 0 enqueued
[28.274s][info][gc,ref      ] GC(46) Weak: 5989 encountered, 1227 discovered, 74 enqueued
[28.274s][info][gc,ref      ] GC(46) Final: 82 encountered, 3 discovered, 0 enqueued
[28.274s][info][gc,ref      ] GC(46) Phantom: 608 encountered, 521 discovered, 0 enqueued
[28.274s][info][gc,reloc    ] GC(46) Small Pages: 451 / 902M, Empty: 660M, Relocated: 3M, In-Place: 0
[28.274s][info][gc,reloc    ] GC(46) Medium Pages: 2 / 64M, Empty: 32M, Relocated: 0M, In-Place: 0
[28.274s][info][gc,reloc    ] GC(46) Large Pages: 4 / 24M, Empty: 12M, Relocated: 0M, In-Place: 0
[28.274s][info][gc,reloc    ] GC(46) Forwarding Usage: 1M
[28.274s][info][gc,heap     ] GC(46) Min Capacity: 8M(0%)
[28.274s][info][gc,heap     ] GC(46) Max Capacity: 2048M(100%)
[28.274s][info][gc,heap     ] GC(46) Soft Max Capacity: 2048M(100%)
[28.274s][info][gc,heap     ] GC(46)                Mark Start          Mark End        Relocate Start      Relocate End           High               Low         
[28.274s][info][gc,heap     ] GC(46)  Capacity:     2048M (100%)       2048M (100%)       2048M (100%)       2048M (100%)       2048M (100%)       2048M (100%)   
[28.274s][info][gc,heap     ] GC(46)      Free:     1058M (52%)         768M (38%)        1434M (70%)        1462M (71%)        1468M (72%)         754M (37%)    
[28.274s][info][gc,heap     ] GC(46)      Used:      990M (48%)        1280M (63%)         614M (30%)         586M (29%)        1294M (63%)         580M (28%)    
[28.274s][info][gc,heap     ] GC(46)      Live:         -               205M (10%)         205M (10%)         205M (10%)            -                  -          
[28.274s][info][gc,heap     ] GC(46) Allocated:         -               290M (14%)         328M (16%)         339M (17%)            -                  -          
[28.274s][info][gc,heap     ] GC(46)   Garbage:         -               784M (38%)          80M (4%)           40M (2%)             -                  -          
[28.274s][info][gc,heap     ] GC(46) Reclaimed:         -                  -               704M (34%)         743M (36%)            -                  -          
[28.274s][info][gc          ] GC(46) Garbage Collection (Allocation Rate) 990M(48%)->586M(29%)
[28.461s][info][gc,start    ] GC(47) Garbage Collection (Allocation Rate)
[28.461s][info][gc,task     ] GC(47) Using 4 workers
[28.462s][info][gc,phases   ] GC(47) Pause Mark Start 0.011ms
[28.571s][info][gc,phases   ] GC(47) Concurrent Mark 108.980ms
[28.571s][info][gc,phases   ] GC(47) Pause Mark End 0.027ms
[28.571s][info][gc,phases   ] GC(47) Concurrent Mark Free 0.001ms
[28.575s][info][gc,phases   ] GC(47) Concurrent Process Non-Strong References 4.208ms
[28.575s][info][gc,phases   ] GC(47) Concurrent Reset Relocation Set 0.003ms
[28.579s][info][gc,phases   ] GC(47) Concurrent Select Relocation Set 3.797ms
[28.579s][info][gc,phases   ] GC(47) Pause Relocate Start 0.006ms
[28.584s][info][gc,phases   ] GC(47) Concurrent Relocate 4.318ms
[28.584s][info][gc,load     ] GC(47) Load: 0.00/0.00/0.00
[28.584s][info][gc,mmu      ] GC(47) MMU: 2ms/98.4%, 5ms/99.3%, 10ms/99.6%, 20ms/99.8%, 50ms/99.9%, 100ms/99.9%
[28.584s][info][gc,marking  ] GC(47) Mark: 4 stripe(s), 2 proactive flush(es), 1 terminate flush(es), 0 completion(s), 0 continuation(s) 
[28.584s][info][gc,marking  ] GC(47) Mark Stack Usage: 32M
[28.584s][info][gc,nmethod  ] GC(47) NMethods: 6642 registered, 154 unregistered
[28.584s][info][gc,metaspace] GC(47) Metaspace: 58M used, 59M committed, 1088M reserved
[28.584s][info][gc,ref      ] GC(47) Soft: 4713 encountered, 0 discovered, 0 enqueued
[28.584s][info][gc,ref      ] GC(47) Weak: 5919 encountered, 3442 discovered, 14 enqueued
[28.584s][info][gc,ref      ] GC(47) Final: 82 encountered, 60 discovered, 0 enqueued
[28.584s][info][gc,ref      ] GC(47) Phantom: 608 encountered, 414 discovered, 0 enqueued
[28.584s][info][gc,reloc    ] GC(47) Small Pages: 536 / 1072M, Empty: 842M, Relocated: 3M, In-Place: 0
[28.584s][info][gc,reloc    ] GC(47) Medium Pages: 1 / 32M, Empty: 0M, Relocated: 0M, In-Place: 0
[28.584s][info][gc,reloc    ] GC(47) Large Pages: 2 / 12M, Empty: 0M, Relocated: 0M, In-Place: 0
[28.584s][info][gc,reloc    ] GC(47) Forwarding Usage: 1M
[28.584s][info][gc,heap     ] GC(47) Min Capacity: 8M(0%)
[28.584s][info][gc,heap     ] GC(47) Max Capacity: 2048M(100%)
[28.584s][info][gc,heap     ] GC(47) Soft Max Capacity: 2048M(100%)
[28.584s][info][gc,heap     ] GC(47)                Mark Start          Mark End        Relocate Start      Relocate End           High               Low         
[28.584s][info][gc,heap     ] GC(47)  Capacity:     2048M (100%)       2048M (100%)       2048M (100%)       2048M (100%)       2048M (100%)       2048M (100%)   
[28.584s][info][gc,heap     ] GC(47)      Free:      932M (46%)         622M (30%)        1444M (71%)        1464M (71%)        1468M (72%)         610M (30%)    
[28.584s][info][gc,heap     ] GC(47)      Used:     1116M (54%)        1426M (70%)         604M (29%)         584M (29%)        1438M (70%)         580M (28%)    
[28.584s][info][gc,heap     ] GC(47)      Live:         -               205M (10%)         205M (10%)         205M (10%)            -                  -          
[28.584s][info][gc,heap     ] GC(47) Allocated:         -               310M (15%)         330M (16%)         339M (17%)            -                  -          
[28.584s][info][gc,heap     ] GC(47)   Garbage:         -               910M (44%)          68M (3%)           38M (2%)             -                  -          
[28.584s][info][gc,heap     ] GC(47) Reclaimed:         -                  -               842M (41%)         871M (43%)            -                  -          
[28.584s][info][gc          ] GC(47) Garbage Collection (Allocation Rate) 1116M(54%)->584M(29%)
[28.744s][info][gc,start    ] GC(48) Garbage Collection (System.gc())
[28.744s][info][gc,task     ] GC(48) Using 12 workers
[28.744s][info][gc,phases   ] GC(48) Pause Mark Start 0.012ms
[28.811s][info][gc,phases   ] GC(48) Concurrent Mark 66.719ms
[28.811s][info][gc,phases   ] GC(48) Pause Mark End 0.039ms
[28.811s][info][gc,phases   ] GC(48) Concurrent Mark Free 0.001ms
[28.813s][info][gc,phases   ] GC(48) Concurrent Process Non-Strong References 1.811ms
[28.813s][info][gc,phases   ] GC(48) Concurrent Reset Relocation Set 0.002ms
[28.816s][info][gc,phases   ] GC(48) Concurrent Select Relocation Set 2.664ms
[28.816s][info][gc,phases   ] GC(48) Pause Relocate Start 0.007ms
[28.819s][info][gc,phases   ] GC(48) Concurrent Relocate 2.782ms
[28.819s][info][gc,load     ] GC(48) Load: 0.00/0.00/0.00
[28.819s][info][gc,mmu      ] GC(48) MMU: 2ms/98.1%, 5ms/99.1%, 10ms/99.5%, 20ms/99.8%, 50ms/99.9%, 100ms/99.9%
[28.819s][info][gc,marking  ] GC(48) Mark: 8 stripe(s), 2 proactive flush(es), 1 terminate flush(es), 0 completion(s), 0 continuation(s) 
[28.819s][info][gc,marking  ] GC(48) Mark Stack Usage: 32M
[28.819s][info][gc,nmethod  ] GC(48) NMethods: 6694 registered, 160 unregistered
[28.819s][info][gc,metaspace] GC(48) Metaspace: 58M used, 59M committed, 1088M reserved
[28.819s][info][gc,ref      ] GC(48) Soft: 4711 encountered, 0 discovered, 0 enqueued
[28.819s][info][gc,ref      ] GC(48) Weak: 5965 encountered, 811 discovered, 121 enqueued
[28.819s][info][gc,ref      ] GC(48) Final: 82 encountered, 0 discovered, 0 enqueued
[28.819s][info][gc,ref      ] GC(48) Phantom: 608 encountered, 526 discovered, 0 enqueued
[28.819s][info][gc,reloc    ] GC(48) Small Pages: 426 / 852M, Empty: 640M, Relocated: 3M, In-Place: 0
[28.819s][info][gc,reloc    ] GC(48) Medium Pages: 1 / 32M, Empty: 0M, Relocated: 0M, In-Place: 0
[28.819s][info][gc,reloc    ] GC(48) Large Pages: 3 / 18M, Empty: 6M, Relocated: 0M, In-Place: 0
[28.819s][info][gc,reloc    ] GC(48) Forwarding Usage: 1M
[28.819s][info][gc,heap     ] GC(48) Min Capacity: 8M(0%)
[28.819s][info][gc,heap     ] GC(48) Max Capacity: 2048M(100%)
[28.819s][info][gc,heap     ] GC(48) Soft Max Capacity: 2048M(100%)
[28.819s][info][gc,heap     ] GC(48)                Mark Start          Mark End        Relocate Start      Relocate End           High               Low         
[28.819s][info][gc,heap     ] GC(48)  Capacity:     2048M (100%)       2048M (100%)       2048M (100%)       2048M (100%)       2048M (100%)       2048M (100%)   
[28.820s][info][gc,heap     ] GC(48)      Free:     1146M (56%)        1144M (56%)        1788M (87%)        1786M (87%)        1788M (87%)        1144M (56%)    
[28.820s][info][gc,heap     ] GC(48)      Used:      902M (44%)         904M (44%)         260M (13%)         262M (13%)         904M (44%)         260M (13%)    
[28.820s][info][gc,heap     ] GC(48)      Live:         -               205M (10%)         205M (10%)         205M (10%)            -                  -          
[28.820s][info][gc,heap     ] GC(48) Allocated:         -                 2M (0%)            4M (0%)            5M (0%)             -                  -          
[28.820s][info][gc,heap     ] GC(48)   Garbage:         -               696M (34%)          50M (2%)           50M (2%)             -                  -          
[28.820s][info][gc,heap     ] GC(48) Reclaimed:         -                  -               646M (32%)         645M (32%)            -                  -          
[28.820s][info][gc          ] GC(48) Garbage Collection (System.gc()) 902M(44%)->262M(13%)
[29.061s][info][gc,start    ] GC(49) Garbage Collection (Allocation Rate)
[29.061s][info][gc,task     ] GC(49) Using 6 workers
[29.061s][info][gc,phases   ] GC(49) Pause Mark Start 0.015ms
[29.139s][info][gc,phases   ] GC(49) Concurrent Mark 77.660ms
[29.139s][info][gc,phases   ] GC(49) Pause Mark End 0.017ms
[29.139s][info][gc,phases   ] GC(49) Concurrent Mark Free 0.001ms
[29.143s][info][gc,phases   ] GC(49) Concurrent Process Non-Strong References 3.254ms
[29.143s][info][gc,phases   ] GC(49) Concurrent Reset Relocation Set 0.002ms
[29.149s][info][gc,phases   ] GC(49) Concurrent Select Relocation Set 6.466ms
[29.149s][info][gc,phases   ] GC(49) Pause Relocate Start 0.005ms
[29.152s][info][gc,phases   ] GC(49) Concurrent Relocate 2.876ms
[29.152s][info][gc,load     ] GC(49) Load: 0.00/0.00/0.00
[29.152s][info][gc,mmu      ] GC(49) MMU: 2ms/98.1%, 5ms/99.1%, 10ms/99.5%, 20ms/99.8%, 50ms/99.9%, 100ms/99.9%
[29.152s][info][gc,marking  ] GC(49) Mark: 4 stripe(s), 2 proactive flush(es), 1 terminate flush(es), 0 completion(s), 0 continuation(s) 
[29.152s][info][gc,marking  ] GC(49) Mark Stack Usage: 32M
[29.152s][info][gc,nmethod  ] GC(49) NMethods: 6740 registered, 170 unregistered
[29.152s][info][gc,metaspace] GC(49) Metaspace: 58M used, 59M committed, 1088M reserved
[29.153s][info][gc,ref      ] GC(49) Soft: 4713 encountered, 0 discovered, 0 enqueued
[29.153s][info][gc,ref      ] GC(49) Weak: 6019 encountered, 1138 discovered, 75 enqueued
[29.153s][info][gc,ref      ] GC(49) Final: 82 encountered, 2 discovered, 0 enqueued
[29.153s][info][gc,ref      ] GC(49) Phantom: 608 encountered, 418 discovered, 0 enqueued
[29.153s][info][gc,reloc    ] GC(49) Small Pages: 395 / 790M, Empty: 550M, Relocated: 3M, In-Place: 0
[29.153s][info][gc,reloc    ] GC(49) Medium Pages: 2 / 64M, Empty: 32M, Relocated: 0M, In-Place: 0
[29.153s][info][gc,reloc    ] GC(49) Large Pages: 4 / 24M, Empty: 12M, Relocated: 0M, In-Place: 0
[29.153s][info][gc,reloc    ] GC(49) Forwarding Usage: 1M
[29.153s][info][gc,heap     ] GC(49) Min Capacity: 8M(0%)
[29.153s][info][gc,heap     ] GC(49) Max Capacity: 2048M(100%)
[29.153s][info][gc,heap     ] GC(49) Soft Max Capacity: 2048M(100%)
[29.153s][info][gc,heap     ] GC(49)                Mark Start          Mark End        Relocate Start      Relocate End           High               Low         
[29.153s][info][gc,heap     ] GC(49)  Capacity:     2048M (100%)       2048M (100%)       2048M (100%)       2048M (100%)       2048M (100%)       2048M (100%)   
[29.153s][info][gc,heap     ] GC(49)      Free:     1170M (57%)         914M (45%)        1476M (72%)        1506M (74%)        1506M (74%)         902M (44%)    
[29.153s][info][gc,heap     ] GC(49)      Used:      878M (43%)        1134M (55%)         572M (28%)         542M (26%)        1146M (56%)         542M (26%)    
[29.153s][info][gc,heap     ] GC(49)      Live:         -               205M (10%)         205M (10%)         205M (10%)            -                  -          
[29.153s][info][gc,heap     ] GC(49) Allocated:         -               256M (13%)         288M (14%)         293M (14%)            -                  -          
[29.153s][info][gc,heap     ] GC(49)   Garbage:         -               672M (33%)          78M (4%)           42M (2%)             -                  -          
[29.153s][info][gc,heap     ] GC(49) Reclaimed:         -                  -               594M (29%)         629M (31%)            -                  -          
[29.153s][info][gc          ] GC(49) Garbage Collection (Allocation Rate) 878M(43%)->542M(26%)
[29.365s][info][gc,start    ] GC(50) Garbage Collection (Allocation Rate)
[29.365s][info][gc,task     ] GC(50) Using 4 workers
[29.365s][info][gc,phases   ] GC(50) Pause Mark Start 0.012ms
[29.474s][info][gc,phases   ] GC(50) Concurrent Mark 109.001ms
[29.474s][info][gc,phases   ] GC(50) Pause Mark End 0.030ms
[29.474s][info][gc,phases   ] GC(50) Concurrent Mark Free 0.001ms
[29.479s][info][gc,phases   ] GC(50) Concurrent Process Non-Strong References 4.650ms
[29.479s][info][gc,phases   ] GC(50) Concurrent Reset Relocation Set 0.002ms
[29.481s][info][gc,phases   ] GC(50) Concurrent Select Relocation Set 2.425ms
[29.481s][info][gc,phases   ] GC(50) Pause Relocate Start 0.008ms
[29.486s][info][gc,phases   ] GC(50) Concurrent Relocate 4.406ms
[29.486s][info][gc,load     ] GC(50) Load: 0.00/0.00/0.00
[29.486s][info][gc,mmu      ] GC(50) MMU: 2ms/98.1%, 5ms/99.1%, 10ms/99.5%, 20ms/99.8%, 50ms/99.9%, 100ms/99.9%
[29.486s][info][gc,marking  ] GC(50) Mark: 4 stripe(s), 2 proactive flush(es), 1 terminate flush(es), 0 completion(s), 0 continuation(s) 
[29.486s][info][gc,marking  ] GC(50) Mark Stack Usage: 32M
[29.486s][info][gc,nmethod  ] GC(50) NMethods: 6740 registered, 170 unregistered
[29.486s][info][gc,metaspace] GC(50) Metaspace: 58M used, 59M committed, 1088M reserved
[29.486s][info][gc,ref      ] GC(50) Soft: 4713 encountered, 0 discovered, 0 enqueued
[29.486s][info][gc,ref      ] GC(50) Weak: 5947 encountered, 2872 discovered, 19 enqueued
[29.486s][info][gc,ref      ] GC(50) Final: 82 encountered, 1 discovered, 0 enqueued
[29.486s][info][gc,ref      ] GC(50) Phantom: 608 encountered, 564 discovered, 0 enqueued
[29.486s][info][gc,reloc    ] GC(50) Small Pages: 498 / 996M, Empty: 766M, Relocated: 3M, In-Place: 0
[29.486s][info][gc,reloc    ] GC(50) Medium Pages: 1 / 32M, Empty: 0M, Relocated: 0M, In-Place: 0
[29.486s][info][gc,reloc    ] GC(50) Large Pages: 2 / 12M, Empty: 0M, Relocated: 0M, In-Place: 0
[29.486s][info][gc,reloc    ] GC(50) Forwarding Usage: 1M
[29.486s][info][gc,heap     ] GC(50) Min Capacity: 8M(0%)
[29.486s][info][gc,heap     ] GC(50) Max Capacity: 2048M(100%)
[29.486s][info][gc,heap     ] GC(50) Soft Max Capacity: 2048M(100%)
[29.486s][info][gc,heap     ] GC(50)                Mark Start          Mark End        Relocate Start      Relocate End           High               Low         
[29.486s][info][gc,heap     ] GC(50)  Capacity:     2048M (100%)       2048M (100%)       2048M (100%)       2048M (100%)       2048M (100%)       2048M (100%)   
[29.486s][info][gc,heap     ] GC(50)      Free:     1008M (49%)         766M (37%)        1516M (74%)        1536M (75%)        1540M (75%)         756M (37%)    
[29.486s][info][gc,heap     ] GC(50)      Used:     1040M (51%)        1282M (63%)         532M (26%)         512M (25%)        1292M (63%)         508M (25%)    
[29.486s][info][gc,heap     ] GC(50)      Live:         -               205M (10%)         205M (10%)         205M (10%)            -                  -          
[29.486s][info][gc,heap     ] GC(50) Allocated:         -               242M (12%)         258M (13%)         267M (13%)            -                  -          
[29.486s][info][gc,heap     ] GC(50)   Garbage:         -               834M (41%)          68M (3%)           38M (2%)             -                  -          
[29.486s][info][gc,heap     ] GC(50) Reclaimed:         -                  -               766M (37%)         795M (39%)            -                  -          
[29.486s][info][gc          ] GC(50) Garbage Collection (Allocation Rate) 1040M(51%)->512M(25%)
[29.661s][info][gc,start    ] GC(51) Garbage Collection (Allocation Rate)
[29.661s][info][gc,task     ] GC(51) Using 3 workers
[29.662s][info][gc,phases   ] GC(51) Pause Mark Start 0.011ms
[29.788s][info][gc,phases   ] GC(51) Concurrent Mark 126.184ms
[29.788s][info][gc,phases   ] GC(51) Pause Mark End 0.032ms
[29.788s][info][gc,phases   ] GC(51) Concurrent Mark Free 0.001ms
[29.796s][info][gc,phases   ] GC(51) Concurrent Process Non-Strong References 8.084ms
[29.796s][info][gc,phases   ] GC(51) Concurrent Reset Relocation Set 0.001ms
[29.799s][info][gc,phases   ] GC(51) Concurrent Select Relocation Set 2.550ms
[29.799s][info][gc,phases   ] GC(51) Pause Relocate Start 0.010ms
[29.803s][info][gc,phases   ] GC(51) Concurrent Relocate 3.925ms
[29.803s][info][gc,load     ] GC(51) Load: 0.00/0.00/0.00
[29.803s][info][gc,mmu      ] GC(51) MMU: 2ms/98.1%, 5ms/99.1%, 10ms/99.5%, 20ms/99.8%, 50ms/99.9%, 100ms/99.9%
[29.803s][info][gc,marking  ] GC(51) Mark: 2 stripe(s), 2 proactive flush(es), 1 terminate flush(es), 0 completion(s), 0 continuation(s) 
[29.803s][info][gc,marking  ] GC(51) Mark Stack Usage: 32M
[29.803s][info][gc,nmethod  ] GC(51) NMethods: 6797 registered, 170 unregistered
[29.803s][info][gc,metaspace] GC(51) Metaspace: 58M used, 59M committed, 1088M reserved
[29.803s][info][gc,ref      ] GC(51) Soft: 4713 encountered, 0 discovered, 0 enqueued
[29.803s][info][gc,ref      ] GC(51) Weak: 5928 encountered, 2138 discovered, 0 enqueued
[29.803s][info][gc,ref      ] GC(51) Final: 82 encountered, 2 discovered, 0 enqueued
[29.803s][info][gc,ref      ] GC(51) Phantom: 608 encountered, 387 discovered, 0 enqueued
[29.803s][info][gc,reloc    ] GC(51) Small Pages: 420 / 840M, Empty: 624M, Relocated: 3M, In-Place: 0
[29.803s][info][gc,reloc    ] GC(51) Medium Pages: 1 / 32M, Empty: 0M, Relocated: 0M, In-Place: 0
[29.804s][info][gc,reloc    ] GC(51) Large Pages: 2 / 12M, Empty: 0M, Relocated: 0M, In-Place: 0
[29.804s][info][gc,reloc    ] GC(51) Forwarding Usage: 1M
[29.804s][info][gc,heap     ] GC(51) Min Capacity: 8M(0%)
[29.804s][info][gc,heap     ] GC(51) Max Capacity: 2048M(100%)
[29.804s][info][gc,heap     ] GC(51) Soft Max Capacity: 2048M(100%)
[29.804s][info][gc,heap     ] GC(51)                Mark Start          Mark End        Relocate Start      Relocate End           High               Low         
[29.804s][info][gc,heap     ] GC(51)  Capacity:     2048M (100%)       2048M (100%)       2048M (100%)       2048M (100%)       2048M (100%)       2048M (100%)   
[29.804s][info][gc,heap     ] GC(51)      Free:     1164M (57%)         952M (46%)        1574M (77%)        1590M (78%)        1590M (78%)         950M (46%)    
[29.804s][info][gc,heap     ] GC(51)      Used:      884M (43%)        1096M (54%)         474M (23%)         458M (22%)        1098M (54%)         458M (22%)    
[29.804s][info][gc,heap     ] GC(51)      Live:         -               205M (10%)         205M (10%)         205M (10%)            -                  -          
[29.804s][info][gc,heap     ] GC(51) Allocated:         -               212M (10%)         214M (10%)         215M (11%)            -                  -          
[29.804s][info][gc,heap     ] GC(51)   Garbage:         -               678M (33%)          54M (3%)           36M (2%)             -                  -          
[29.804s][info][gc,heap     ] GC(51) Reclaimed:         -                  -               624M (30%)         641M (31%)            -                  -          
[29.804s][info][gc          ] GC(51) Garbage Collection (Allocation Rate) 884M(43%)->458M(22%)
[29.814s][info][gc,start    ] GC(52) Garbage Collection (System.gc())
[29.815s][info][gc,task     ] GC(52) Using 12 workers
[29.815s][info][gc,phases   ] GC(52) Pause Mark Start 0.013ms
[29.873s][info][gc,phases   ] GC(52) Concurrent Mark 57.742ms
[29.873s][info][gc,phases   ] GC(52) Pause Mark End 0.019ms
[29.873s][info][gc,phases   ] GC(52) Concurrent Mark Free 0.001ms
[29.874s][info][gc,phases   ] GC(52) Concurrent Process Non-Strong References 1.693ms
[29.874s][info][gc,phases   ] GC(52) Concurrent Reset Relocation Set 0.001ms
[29.877s][info][gc,phases   ] GC(52) Concurrent Select Relocation Set 2.566ms
[29.877s][info][gc,phases   ] GC(52) Pause Relocate Start 0.006ms
[29.880s][info][gc,phases   ] GC(52) Concurrent Relocate 2.656ms
[29.880s][info][gc,load     ] GC(52) Load: 0.00/0.00/0.00
[29.880s][info][gc,mmu      ] GC(52) MMU: 2ms/98.1%, 5ms/99.1%, 10ms/99.5%, 20ms/99.8%, 50ms/99.9%, 100ms/99.9%
[29.880s][info][gc,marking  ] GC(52) Mark: 8 stripe(s), 2 proactive flush(es), 1 terminate flush(es), 0 completion(s), 0 continuation(s) 
[29.880s][info][gc,marking  ] GC(52) Mark Stack Usage: 32M
[29.880s][info][gc,nmethod  ] GC(52) NMethods: 6831 registered, 172 unregistered
[29.880s][info][gc,metaspace] GC(52) Metaspace: 58M used, 59M committed, 1088M reserved
[29.880s][info][gc,ref      ] GC(52) Soft: 4711 encountered, 0 discovered, 0 enqueued
[29.880s][info][gc,ref      ] GC(52) Weak: 5993 encountered, 2033 discovered, 120 enqueued
[29.880s][info][gc,ref      ] GC(52) Final: 82 encountered, 1 discovered, 0 enqueued
[29.880s][info][gc,ref      ] GC(52) Phantom: 608 encountered, 274 discovered, 0 enqueued
[29.880s][info][gc,reloc    ] GC(52) Small Pages: 204 / 408M, Empty: 194M, Relocated: 3M, In-Place: 0
[29.880s][info][gc,reloc    ] GC(52) Medium Pages: 1 / 32M, Empty: 0M, Relocated: 0M, In-Place: 0
[29.880s][info][gc,reloc    ] GC(52) Large Pages: 3 / 18M, Empty: 6M, Relocated: 0M, In-Place: 0
[29.880s][info][gc,reloc    ] GC(52) Forwarding Usage: 1M
[29.880s][info][gc,heap     ] GC(52) Min Capacity: 8M(0%)
[29.880s][info][gc,heap     ] GC(52) Max Capacity: 2048M(100%)
[29.880s][info][gc,heap     ] GC(52) Soft Max Capacity: 2048M(100%)
[29.880s][info][gc,heap     ] GC(52)                Mark Start          Mark End        Relocate Start      Relocate End           High               Low         
[29.880s][info][gc,heap     ] GC(52)  Capacity:     2048M (100%)       2048M (100%)       2048M (100%)       2048M (100%)       2048M (100%)       2048M (100%)   
[29.880s][info][gc,heap     ] GC(52)      Free:     1590M (78%)        1590M (78%)        1786M (87%)        1784M (87%)        1786M (87%)        1588M (78%)    
[29.880s][info][gc,heap     ] GC(52)      Used:      458M (22%)         458M (22%)         262M (13%)         264M (13%)         460M (22%)         262M (13%)    
[29.880s][info][gc,heap     ] GC(52)      Live:         -               205M (10%)         205M (10%)         205M (10%)            -                  -          
[29.880s][info][gc,heap     ] GC(52) Allocated:         -                 0M (0%)            4M (0%)            5M (0%)             -                  -          
[29.880s][info][gc,heap     ] GC(52)   Garbage:         -               252M (12%)          52M (3%)           52M (3%)             -                  -          
[29.880s][info][gc,heap     ] GC(52) Reclaimed:         -                  -               200M (10%)         199M (10%)            -                  -          
[29.880s][info][gc          ] GC(52) Garbage Collection (System.gc()) 458M(22%)->264M(13%)
[30.170s][info][gc,start    ] GC(53) Garbage Collection (Allocation Rate)
[30.170s][info][gc,stats    ] === Garbage Collection Statistics =======================================================================================================================
[30.170s][info][gc,task     ] GC(53) Using 4 workers
[30.170s][info][gc,stats    ]                                                              Last 10s              Last 10m              Last 10h                Total
[30.170s][info][gc,stats    ]                                                              Avg / Max             Avg / Max             Avg / Max             Avg / Max
[30.170s][info][gc,stats    ]   Collector: Garbage Collection Cycle                    104.965 / 156.706     102.930 / 214.751     102.930 / 214.751     102.930 / 214.751     ms
[30.170s][info][gc,stats    ]  Contention: Mark Segment Reset Contention                     9 / 17                4 / 17                4 / 17                4 / 17          ops/s
[30.171s][info][gc,phases   ] GC(53) Pause Mark Start 0.016ms
[30.171s][info][gc,stats    ]  Contention: Mark SeqNum Reset Contention                      1 / 4                 0 / 4                 0 / 4                 0 / 4           ops/s
[30.171s][info][gc,stats    ]    Critical: Allocation Stall                                  0 / 0                 0 / 0                 0 / 0                 0 / 0           ops/s
[30.171s][info][gc,stats    ]    Critical: Allocation Stall                              0.000 / 0.000         0.000 / 0.000         0.000 / 0.000         0.000 / 0.000       ms
[30.171s][info][gc,stats    ]    Critical: GC Locker Stall                                   0 / 0                 0 / 0                 0 / 0                 0 / 0           ops/s
[30.171s][info][gc,stats    ]    Critical: GC Locker Stall                               0.000 / 0.000         0.000 / 0.000         0.000 / 0.000         0.000 / 0.000       ms
[30.171s][info][gc,stats    ]    Critical: Relocation Stall                                  0 / 0                 0 / 0                 0 / 0                 0 / 0           ops/s
[30.171s][info][gc,stats    ]    Critical: Relocation Stall                              0.000 / 0.000         0.000 / 0.000         0.000 / 0.000         0.000 / 0.000       ms
[30.171s][info][gc,stats    ]      Memory: Allocation Rate                                2397 / 2616           1213 / 2616           1213 / 2616           1213 / 2616        MB/s
[30.171s][info][gc,stats    ]      Memory: Defragment                                        0 / 0                 0 / 0                 0 / 0                 0 / 0           ops/s
[30.171s][info][gc,stats    ]      Memory: Out Of Memory                                     0 / 0                 0 / 0                 0 / 0                 0 / 0           ops/s
[30.171s][info][gc,stats    ]      Memory: Page Cache Flush                                  0 / 0                 0 / 0                 0 / 0                 0 / 0           MB/s
[30.171s][info][gc,stats    ]      Memory: Page Cache Hit L1                              1195 / 1311            586 / 1311            586 / 1311            586 / 1311        ops/s
[30.171s][info][gc,stats    ]      Memory: Page Cache Hit L2                                 0 / 0                 0 / 0                 0 / 0                 0 / 0           ops/s
[30.171s][info][gc,stats    ]      Memory: Page Cache Hit L3                                 1 / 16               25 / 193              25 / 193              25 / 193         ops/s
[30.171s][info][gc,stats    ]      Memory: Page Cache Miss                                   0 / 0                 0 / 1                 0 / 1                 0 / 1           ops/s
[30.171s][info][gc,stats    ]      Memory: Uncommit                                          0 / 0                 0 / 0                 0 / 0                 0 / 0           MB/s
[30.171s][info][gc,stats    ]      Memory: Undo Object Allocation Failed                     0 / 1                 0 / 1                 0 / 1                 0 / 1           ops/s
[30.171s][info][gc,stats    ]      Memory: Undo Object Allocation Succeeded                  2 / 7                 0 / 7                 0 / 7                 0 / 7           ops/s
[30.171s][info][gc,stats    ]      Memory: Undo Page Allocation                             86 / 126              37 / 149              37 / 149              37 / 149         ops/s
[30.171s][info][gc,stats    ]       Phase: Concurrent Mark                              92.567 / 140.274      86.070 / 147.359      86.070 / 147.359      86.070 / 147.359     ms
[30.171s][info][gc,stats    ]       Phase: Concurrent Mark Continue                      0.000 / 0.000         0.000 / 0.000         0.000 / 0.000         0.000 / 0.000       ms
[30.171s][info][gc,stats    ]       Phase: Concurrent Mark Free                          0.001 / 0.002         0.001 / 0.002         0.001 / 0.002         0.001 / 0.002       ms
[30.171s][info][gc,stats    ]       Phase: Concurrent Process Non-Strong References      3.850 / 8.084         3.555 / 14.091        3.555 / 14.091        3.555 / 14.091      ms
[30.171s][info][gc,stats    ]       Phase: Concurrent Relocate                           3.336 / 4.516         6.207 / 39.847        6.207 / 39.847        6.207 / 39.847      ms
[30.171s][info][gc,stats    ]       Phase: Concurrent Reset Relocation Set               0.002 / 0.004         0.009 / 0.087         0.009 / 0.087         0.009 / 0.087       ms
[30.171s][info][gc,stats    ]       Phase: Concurrent Select Relocation Set              4.256 / 6.550         6.124 / 32.864        6.124 / 32.864        6.124 / 32.864      ms
[30.171s][info][gc,stats    ]       Phase: Pause Mark End                                0.024 / 0.039         0.022 / 0.039         0.022 / 0.039         0.022 / 0.039       ms
[30.172s][info][gc,stats    ]       Phase: Pause Mark Start                              0.013 / 0.017         0.014 / 0.018         0.014 / 0.018         0.014 / 0.018       ms
[30.172s][info][gc,stats    ]       Phase: Pause Relocate Start                          0.007 / 0.012         0.007 / 0.012         0.007 / 0.012         0.007 / 0.012       ms
[30.172s][info][gc,stats    ]    Subphase: Concurrent Classes Purge                      0.038 / 0.119         0.105 / 0.890         0.105 / 0.890         0.105 / 0.890       ms
[30.172s][info][gc,stats    ]    Subphase: Concurrent Classes Unlink                     2.939 / 6.404         2.712 / 12.372        2.712 / 12.372        2.712 / 12.372      ms
[30.172s][info][gc,stats    ]    Subphase: Concurrent Mark                              65.895 / 122.843      65.941 / 144.281      65.941 / 144.281      65.941 / 144.281     ms
[30.172s][info][gc,stats    ]    Subphase: Concurrent Mark Try Flush                     0.154 / 0.394         0.116 / 0.394         0.116 / 0.394         0.116 / 0.394       ms
[30.172s][info][gc,stats    ]    Subphase: Concurrent Mark Try Terminate                 6.712 / 16.622        6.572 / 16.622        6.572 / 16.622        6.572 / 16.622      ms
[30.172s][info][gc,stats    ]    Subphase: Concurrent References Enqueue                 0.003 / 0.005         0.003 / 0.005         0.003 / 0.005         0.003 / 0.005       ms
[30.172s][info][gc,stats    ]    Subphase: Concurrent References Process                 0.148 / 0.358         0.131 / 0.358         0.131 / 0.358         0.131 / 0.358       ms
[30.172s][info][gc,stats    ]    Subphase: Concurrent Roots ClassLoaderDataGraph         0.128 / 0.648         0.109 / 0.903         0.109 / 0.903         0.109 / 0.903       ms
[30.172s][info][gc,stats    ]    Subphase: Concurrent Roots CodeCache                    0.000 / 0.000         0.000 / 0.000         0.000 / 0.000         0.000 / 0.000       ms
[30.172s][info][gc,stats    ]    Subphase: Concurrent Roots JavaThreads                 10.235 / 17.215        6.919 / 17.215        6.919 / 17.215        6.919 / 17.215      ms
[30.172s][info][gc,stats    ]    Subphase: Concurrent Roots OopStorageSet                0.039 / 0.085         0.033 / 0.244         0.033 / 0.244         0.033 / 0.244       ms
[30.172s][info][gc,stats    ]    Subphase: Concurrent Weak Roots OopStorageSet           0.360 / 1.144         0.301 / 1.144         0.301 / 1.144         0.301 / 1.144       ms
[30.172s][info][gc,stats    ]    Subphase: Pause Mark Try Complete                       0.000 / 0.000         0.000 / 0.000         0.000 / 0.000         0.000 / 0.000       ms
[30.172s][info][gc,stats    ]      System: Java Threads                                    213 / 265             160 / 265             160 / 265             160 / 265         threads
[30.172s][info][gc,stats    ] =========================================================================================================================================================
[30.279s][info][gc,phases   ] GC(53) Concurrent Mark 108.861ms
[30.280s][info][gc,phases   ] GC(53) Pause Mark End 0.030ms
[30.280s][info][gc,phases   ] GC(53) Concurrent Mark Free 0.001ms
[30.284s][info][gc,phases   ] GC(53) Concurrent Process Non-Strong References 4.671ms
[30.285s][info][gc,phases   ] GC(53) Concurrent Reset Relocation Set 0.002ms
[30.291s][info][gc,phases   ] GC(53) Concurrent Select Relocation Set 6.398ms
[30.291s][info][gc,phases   ] GC(53) Pause Relocate Start 0.011ms
[30.295s][info][gc,phases   ] GC(53) Concurrent Relocate 4.118ms
[30.295s][info][gc,load     ] GC(53) Load: 0.00/0.00/0.00
[30.295s][info][gc,mmu      ] GC(53) MMU: 2ms/98.1%, 5ms/99.1%, 10ms/99.5%, 20ms/99.8%, 50ms/99.9%, 100ms/99.9%
[30.295s][info][gc,marking  ] GC(53) Mark: 4 stripe(s), 2 proactive flush(es), 1 terminate flush(es), 0 completion(s), 0 continuation(s) 
[30.295s][info][gc,marking  ] GC(53) Mark Stack Usage: 32M
[30.296s][info][gc,nmethod  ] GC(53) NMethods: 6864 registered, 181 unregistered
[30.296s][info][gc,metaspace] GC(53) Metaspace: 58M used, 59M committed, 1088M reserved
[30.296s][info][gc,ref      ] GC(53) Soft: 4713 encountered, 0 discovered, 0 enqueued
[30.296s][info][gc,ref      ] GC(53) Weak: 6015 encountered, 2204 discovered, 73 enqueued
[30.296s][info][gc,ref      ] GC(53) Final: 82 encountered, 45 discovered, 0 enqueued
[30.296s][info][gc,ref      ] GC(53) Phantom: 608 encountered, 504 discovered, 0 enqueued
[30.296s][info][gc,reloc    ] GC(53) Small Pages: 489 / 978M, Empty: 732M, Relocated: 3M, In-Place: 0
[30.296s][info][gc,reloc    ] GC(53) Medium Pages: 2 / 64M, Empty: 32M, Relocated: 0M, In-Place: 0
[30.296s][info][gc,reloc    ] GC(53) Large Pages: 4 / 24M, Empty: 12M, Relocated: 0M, In-Place: 0
[30.296s][info][gc,reloc    ] GC(53) Forwarding Usage: 1M
[30.296s][info][gc,heap     ] GC(53) Min Capacity: 8M(0%)
[30.296s][info][gc,heap     ] GC(53) Max Capacity: 2048M(100%)
[30.296s][info][gc,heap     ] GC(53) Soft Max Capacity: 2048M(100%)
[30.296s][info][gc,heap     ] GC(53)                Mark Start          Mark End        Relocate Start      Relocate End           High               Low         
[30.296s][info][gc,heap     ] GC(53)  Capacity:     2048M (100%)       2048M (100%)       2048M (100%)       2048M (100%)       2048M (100%)       2048M (100%)   
[30.296s][info][gc,heap     ] GC(53)      Free:      982M (48%)         646M (32%)        1382M (67%)        1420M (69%)        1422M (69%)         628M (31%)    
[30.296s][info][gc,heap     ] GC(53)      Used:     1066M (52%)        1402M (68%)         666M (33%)         628M (31%)        1420M (69%)         626M (31%)    
[30.296s][info][gc,heap     ] GC(53)      Live:         -               205M (10%)         205M (10%)         205M (10%)            -                  -          
[30.296s][info][gc,heap     ] GC(53) Allocated:         -               336M (16%)         376M (18%)         383M (19%)            -                  -          
[30.296s][info][gc,heap     ] GC(53)   Garbage:         -               860M (42%)          84M (4%)           38M (2%)             -                  -          
[30.296s][info][gc,heap     ] GC(53) Reclaimed:         -                  -               776M (38%)         821M (40%)            -                  -          
[30.296s][info][gc          ] GC(53) Garbage Collection (Allocation Rate) 1066M(52%)->628M(31%)
[30.467s][info][gc,start    ] GC(54) Garbage Collection (Allocation Rate)
[30.467s][info][gc,task     ] GC(54) Using 4 workers
[30.467s][info][gc,phases   ] GC(54) Pause Mark Start 0.011ms
[30.576s][info][gc,phases   ] GC(54) Concurrent Mark 108.974ms
[30.576s][info][gc,phases   ] GC(54) Pause Mark End 0.016ms
[30.576s][info][gc,phases   ] GC(54) Concurrent Mark Free 0.001ms
[30.581s][info][gc,phases   ] GC(54) Concurrent Process Non-Strong References 4.854ms
[30.581s][info][gc,phases   ] GC(54) Concurrent Reset Relocation Set 0.003ms
[30.585s][info][gc,phases   ] GC(54) Concurrent Select Relocation Set 3.636ms
[30.585s][info][gc,phases   ] GC(54) Pause Relocate Start 0.007ms
[30.590s][info][gc,phases   ] GC(54) Concurrent Relocate 4.367ms
[30.590s][info][gc,load     ] GC(54) Load: 0.00/0.00/0.00
[30.590s][info][gc,mmu      ] GC(54) MMU: 2ms/98.1%, 5ms/99.1%, 10ms/99.5%, 20ms/99.8%, 50ms/99.9%, 100ms/99.9%
[30.590s][info][gc,marking  ] GC(54) Mark: 4 stripe(s), 2 proactive flush(es), 1 terminate flush(es), 0 completion(s), 0 continuation(s) 
[30.590s][info][gc,marking  ] GC(54) Mark Stack Usage: 32M
[30.590s][info][gc,nmethod  ] GC(54) NMethods: 6864 registered, 181 unregistered
[30.590s][info][gc,metaspace] GC(54) Metaspace: 58M used, 59M committed, 1088M reserved
[30.590s][info][gc,ref      ] GC(54) Soft: 4713 encountered, 0 discovered, 0 enqueued
[30.590s][info][gc,ref      ] GC(54) Weak: 5944 encountered, 1137 discovered, 14 enqueued
[30.590s][info][gc,ref      ] GC(54) Final: 82 encountered, 1 discovered, 0 enqueued
[30.590s][info][gc,ref      ] GC(54) Phantom: 608 encountered, 384 discovered, 0 enqueued
[30.590s][info][gc,reloc    ] GC(54) Small Pages: 501 / 1002M, Empty: 778M, Relocated: 3M, In-Place: 0
[30.590s][info][gc,reloc    ] GC(54) Medium Pages: 1 / 32M, Empty: 0M, Relocated: 0M, In-Place: 0
[30.590s][info][gc,reloc    ] GC(54) Large Pages: 2 / 12M, Empty: 0M, Relocated: 0M, In-Place: 0
[30.590s][info][gc,reloc    ] GC(54) Forwarding Usage: 1M
[30.590s][info][gc,heap     ] GC(54) Min Capacity: 8M(0%)
[30.590s][info][gc,heap     ] GC(54) Max Capacity: 2048M(100%)
[30.590s][info][gc,heap     ] GC(54) Soft Max Capacity: 2048M(100%)
[30.590s][info][gc,heap     ] GC(54)                Mark Start          Mark End        Relocate Start      Relocate End           High               Low         
[30.590s][info][gc,heap     ] GC(54)  Capacity:     2048M (100%)       2048M (100%)       2048M (100%)       2048M (100%)       2048M (100%)       2048M (100%)   
[30.590s][info][gc,heap     ] GC(54)      Free:     1002M (49%)         730M (36%)        1486M (73%)        1496M (73%)        1504M (73%)         716M (35%)    
[30.590s][info][gc,heap     ] GC(54)      Used:     1046M (51%)        1318M (64%)         562M (27%)         552M (27%)        1332M (65%)         544M (27%)    
[30.590s][info][gc,heap     ] GC(54)      Live:         -               205M (10%)         205M (10%)         205M (10%)            -                  -          
[30.590s][info][gc,heap     ] GC(54) Allocated:         -               272M (13%)         294M (14%)         307M (15%)            -                  -          
[30.590s][info][gc,heap     ] GC(54)   Garbage:         -               840M (41%)          62M (3%)           38M (2%)             -                  -          
[30.590s][info][gc,heap     ] GC(54) Reclaimed:         -                  -               778M (38%)         801M (39%)            -                  -          
[30.590s][info][gc          ] GC(54) Garbage Collection (Allocation Rate) 1046M(51%)->552M(27%)
[30.750s][info][gc,start    ] GC(55) Garbage Collection (System.gc())
[30.750s][info][gc,task     ] GC(55) Using 12 workers
[30.750s][info][gc,phases   ] GC(55) Pause Mark Start 0.015ms
[30.826s][info][gc,phases   ] GC(55) Concurrent Mark 75.880ms
[30.826s][info][gc,phases   ] GC(55) Pause Mark End 0.021ms
[30.826s][info][gc,phases   ] GC(55) Concurrent Mark Free 0.001ms
[30.828s][info][gc,phases   ] GC(55) Concurrent Process Non-Strong References 1.846ms
[30.828s][info][gc,phases   ] GC(55) Concurrent Reset Relocation Set 0.002ms
[30.831s][info][gc,phases   ] GC(55) Concurrent Select Relocation Set 2.944ms
[30.831s][info][gc,phases   ] GC(55) Pause Relocate Start 0.009ms
[30.836s][info][gc,phases   ] GC(55) Concurrent Relocate 4.105ms
[30.836s][info][gc,load     ] GC(55) Load: 0.00/0.00/0.00
[30.836s][info][gc,mmu      ] GC(55) MMU: 2ms/98.1%, 5ms/99.1%, 10ms/99.5%, 20ms/99.8%, 50ms/99.9%, 100ms/99.9%
[30.836s][info][gc,marking  ] GC(55) Mark: 8 stripe(s), 2 proactive flush(es), 1 terminate flush(es), 0 completion(s), 0 continuation(s) 
[30.836s][info][gc,marking  ] GC(55) Mark Stack Usage: 32M
[30.836s][info][gc,nmethod  ] GC(55) NMethods: 6904 registered, 187 unregistered
[30.836s][info][gc,metaspace] GC(55) Metaspace: 58M used, 59M committed, 1088M reserved
[30.836s][info][gc,ref      ] GC(55) Soft: 4711 encountered, 0 discovered, 0 enqueued
[30.836s][info][gc,ref      ] GC(55) Weak: 5991 encountered, 1972 discovered, 121 enqueued
[30.836s][info][gc,ref      ] GC(55) Final: 82 encountered, 21 discovered, 0 enqueued
[30.836s][info][gc,ref      ] GC(55) Phantom: 608 encountered, 394 discovered, 0 enqueued
[30.836s][info][gc,reloc    ] GC(55) Small Pages: 426 / 852M, Empty: 636M, Relocated: 3M, In-Place: 0
[30.836s][info][gc,reloc    ] GC(55) Medium Pages: 1 / 32M, Empty: 0M, Relocated: 0M, In-Place: 0
[30.836s][info][gc,reloc    ] GC(55) Large Pages: 3 / 18M, Empty: 6M, Relocated: 0M, In-Place: 0
[30.836s][info][gc,reloc    ] GC(55) Forwarding Usage: 1M
[30.836s][info][gc,heap     ] GC(55) Min Capacity: 8M(0%)
[30.836s][info][gc,heap     ] GC(55) Max Capacity: 2048M(100%)
[30.836s][info][gc,heap     ] GC(55) Soft Max Capacity: 2048M(100%)
[30.836s][info][gc,heap     ] GC(55)                Mark Start          Mark End        Relocate Start      Relocate End           High               Low         
[30.836s][info][gc,heap     ] GC(55)  Capacity:     2048M (100%)       2048M (100%)       2048M (100%)       2048M (100%)       2048M (100%)       2048M (100%)   
[30.836s][info][gc,heap     ] GC(55)      Free:     1146M (56%)        1144M (56%)        1782M (87%)        1782M (87%)        1784M (87%)        1144M (56%)    
[30.836s][info][gc,heap     ] GC(55)      Used:      902M (44%)         904M (44%)         266M (13%)         266M (13%)         904M (44%)         264M (13%)    
[30.836s][info][gc,heap     ] GC(55)      Live:         -               205M (10%)         205M (10%)         205M (10%)            -                  -          
[30.836s][info][gc,heap     ] GC(55) Allocated:         -                 2M (0%)            6M (0%)            5M (0%)             -                  -          
[30.836s][info][gc,heap     ] GC(55)   Garbage:         -               696M (34%)          54M (3%)           54M (3%)             -                  -          
[30.836s][info][gc,heap     ] GC(55) Reclaimed:         -                  -               642M (31%)         641M (31%)            -                  -          
[30.836s][info][gc          ] GC(55) Garbage Collection (System.gc()) 902M(44%)->266M(13%)
[31.162s][info][gc,start    ] GC(56) Garbage Collection (Allocation Rate)
[31.162s][info][gc,task     ] GC(56) Using 6 workers
[31.162s][info][gc,phases   ] GC(56) Pause Mark Start 0.017ms
[31.240s][info][gc,phases   ] GC(56) Concurrent Mark 77.640ms
[31.240s][info][gc,phases   ] GC(56) Pause Mark End 0.018ms
[31.240s][info][gc,phases   ] GC(56) Concurrent Mark Free 0.001ms
[31.244s][info][gc,phases   ] GC(56) Concurrent Process Non-Strong References 3.266ms
[31.244s][info][gc,phases   ] GC(56) Concurrent Reset Relocation Set 0.002ms
[31.250s][info][gc,phases   ] GC(56) Concurrent Select Relocation Set 6.378ms
[31.250s][info][gc,phases   ] GC(56) Pause Relocate Start 0.007ms
[31.255s][info][gc,phases   ] GC(56) Concurrent Relocate 4.407ms
[31.255s][info][gc,load     ] GC(56) Load: 0.00/0.00/0.00
[31.255s][info][gc,mmu      ] GC(56) MMU: 2ms/98.1%, 5ms/99.1%, 10ms/99.5%, 20ms/99.8%, 50ms/99.9%, 100ms/99.9%
[31.255s][info][gc,marking  ] GC(56) Mark: 4 stripe(s), 3 proactive flush(es), 1 terminate flush(es), 0 completion(s), 0 continuation(s) 
[31.255s][info][gc,marking  ] GC(56) Mark Stack Usage: 32M
[31.255s][info][gc,nmethod  ] GC(56) NMethods: 6959 registered, 199 unregistered
[31.255s][info][gc,metaspace] GC(56) Metaspace: 58M used, 59M committed, 1088M reserved
[31.255s][info][gc,ref      ] GC(56) Soft: 4713 encountered, 0 discovered, 0 enqueued
[31.255s][info][gc,ref      ] GC(56) Weak: 6038 encountered, 2512 discovered, 75 enqueued
[31.255s][info][gc,ref      ] GC(56) Final: 82 encountered, 9 discovered, 0 enqueued
[31.255s][info][gc,ref      ] GC(56) Phantom: 608 encountered, 419 discovered, 0 enqueued
[31.255s][info][gc,reloc    ] GC(56) Small Pages: 508 / 1016M, Empty: 770M, Relocated: 3M, In-Place: 0
[31.255s][info][gc,reloc    ] GC(56) Medium Pages: 2 / 64M, Empty: 32M, Relocated: 0M, In-Place: 0
[31.255s][info][gc,reloc    ] GC(56) Large Pages: 4 / 24M, Empty: 12M, Relocated: 0M, In-Place: 0
[31.255s][info][gc,reloc    ] GC(56) Forwarding Usage: 1M
[31.255s][info][gc,heap     ] GC(56) Min Capacity: 8M(0%)
[31.255s][info][gc,heap     ] GC(56) Max Capacity: 2048M(100%)
[31.255s][info][gc,heap     ] GC(56) Soft Max Capacity: 2048M(100%)
[31.255s][info][gc,heap     ] GC(56)                Mark Start          Mark End        Relocate Start      Relocate End           High               Low         
[31.255s][info][gc,heap     ] GC(56)  Capacity:     2048M (100%)       2048M (100%)       2048M (100%)       2048M (100%)       2048M (100%)       2048M (100%)   
[31.255s][info][gc,heap     ] GC(56)      Free:      944M (46%)         712M (35%)        1488M (73%)        1518M (74%)        1524M (74%)         700M (34%)    
[31.255s][info][gc,heap     ] GC(56)      Used:     1104M (54%)        1336M (65%)         560M (27%)         530M (26%)        1348M (66%)         524M (26%)    
[31.255s][info][gc,heap     ] GC(56)      Live:         -               205M (10%)         205M (10%)         205M (10%)            -                  -          
[31.255s][info][gc,heap     ] GC(56) Allocated:         -               232M (11%)         270M (13%)         281M (14%)            -                  -          
[31.255s][info][gc,heap     ] GC(56)   Garbage:         -               898M (44%)          84M (4%)           42M (2%)             -                  -          
[31.255s][info][gc,heap     ] GC(56) Reclaimed:         -                  -               814M (40%)         855M (42%)            -                  -          
[31.255s][info][gc          ] GC(56) Garbage Collection (Allocation Rate) 1104M(54%)->530M(26%)
[31.474s][info][gc,start    ] GC(57) Garbage Collection (Allocation Rate)
[31.474s][info][gc,task     ] GC(57) Using 5 workers
[31.475s][info][gc,phases   ] GC(57) Pause Mark Start 0.014ms
[31.568s][info][gc,phases   ] GC(57) Concurrent Mark 93.358ms
[31.568s][info][gc,phases   ] GC(57) Pause Mark End 0.031ms
[31.568s][info][gc,phases   ] GC(57) Concurrent Mark Free 0.001ms
[31.573s][info][gc,phases   ] GC(57) Concurrent Process Non-Strong References 4.426ms
[31.573s][info][gc,phases   ] GC(57) Concurrent Reset Relocation Set 0.003ms
[31.577s][info][gc,phases   ] GC(57) Concurrent Select Relocation Set 3.723ms
[31.577s][info][gc,phases   ] GC(57) Pause Relocate Start 0.010ms
[31.581s][info][gc,phases   ] GC(57) Concurrent Relocate 3.946ms
[31.581s][info][gc,load     ] GC(57) Load: 0.00/0.00/0.00
[31.581s][info][gc,mmu      ] GC(57) MMU: 2ms/98.1%, 5ms/99.1%, 10ms/99.5%, 20ms/99.8%, 50ms/99.9%, 100ms/99.9%
[31.581s][info][gc,marking  ] GC(57) Mark: 4 stripe(s), 2 proactive flush(es), 1 terminate flush(es), 0 completion(s), 0 continuation(s) 
[31.581s][info][gc,marking  ] GC(57) Mark Stack Usage: 32M
[31.581s][info][gc,nmethod  ] GC(57) NMethods: 6957 registered, 202 unregistered
[31.581s][info][gc,metaspace] GC(57) Metaspace: 58M used, 59M committed, 1088M reserved
[31.581s][info][gc,ref      ] GC(57) Soft: 4713 encountered, 0 discovered, 0 enqueued
[31.581s][info][gc,ref      ] GC(57) Weak: 5964 encountered, 3129 discovered, 19 enqueued
[31.581s][info][gc,ref      ] GC(57) Final: 82 encountered, 2 discovered, 0 enqueued
[31.581s][info][gc,ref      ] GC(57) Phantom: 608 encountered, 385 discovered, 0 enqueued
[31.581s][info][gc,reloc    ] GC(57) Small Pages: 540 / 1080M, Empty: 850M, Relocated: 3M, In-Place: 0
[31.581s][info][gc,reloc    ] GC(57) Medium Pages: 1 / 32M, Empty: 0M, Relocated: 0M, In-Place: 0
[31.581s][info][gc,reloc    ] GC(57) Large Pages: 2 / 12M, Empty: 0M, Relocated: 0M, In-Place: 0
[31.581s][info][gc,reloc    ] GC(57) Forwarding Usage: 1M
[31.581s][info][gc,heap     ] GC(57) Min Capacity: 8M(0%)
[31.581s][info][gc,heap     ] GC(57) Max Capacity: 2048M(100%)
[31.581s][info][gc,heap     ] GC(57) Soft Max Capacity: 2048M(100%)
[31.581s][info][gc,heap     ] GC(57)                Mark Start          Mark End        Relocate Start      Relocate End           High               Low         
[31.581s][info][gc,heap     ] GC(57)  Capacity:     2048M (100%)       2048M (100%)       2048M (100%)       2048M (100%)       2048M (100%)       2048M (100%)   
[31.581s][info][gc,heap     ] GC(57)      Free:      924M (45%)         666M (33%)        1494M (73%)        1514M (74%)        1516M (74%)         654M (32%)    
[31.582s][info][gc,heap     ] GC(57)      Used:     1124M (55%)        1382M (67%)         554M (27%)         534M (26%)        1394M (68%)         532M (26%)    
[31.582s][info][gc,heap     ] GC(57)      Live:         -               205M (10%)         205M (10%)         205M (10%)            -                  -          
[31.582s][info][gc,heap     ] GC(57) Allocated:         -               258M (13%)         280M (14%)         287M (14%)            -                  -          
[31.582s][info][gc,heap     ] GC(57)   Garbage:         -               918M (45%)          68M (3%)           40M (2%)             -                  -          
[31.582s][info][gc,heap     ] GC(57) Reclaimed:         -                  -               850M (42%)         877M (43%)            -                  -          
[31.582s][info][gc          ] GC(57) Garbage Collection (Allocation Rate) 1124M(55%)->534M(26%)
[31.746s][info][gc,start    ] GC(58) Garbage Collection (System.gc())
[31.746s][info][gc,task     ] GC(58) Using 12 workers
[31.746s][info][gc,phases   ] GC(58) Pause Mark Start 0.015ms
[31.810s][info][gc,phases   ] GC(58) Concurrent Mark 63.945ms
[31.810s][info][gc,phases   ] GC(58) Pause Mark End 0.018ms
[31.810s][info][gc,phases   ] GC(58) Concurrent Mark Free 0.001ms
[31.812s][info][gc,phases   ] GC(58) Concurrent Process Non-Strong References 1.778ms
[31.812s][info][gc,phases   ] GC(58) Concurrent Reset Relocation Set 0.002ms
[31.819s][info][gc,phases   ] GC(58) Concurrent Select Relocation Set 6.682ms
[31.819s][info][gc,phases   ] GC(58) Pause Relocate Start 0.008ms
[31.822s][info][gc,phases   ] GC(58) Concurrent Relocate 2.624ms
[31.822s][info][gc,load     ] GC(58) Load: 0.00/0.00/0.00
[31.822s][info][gc,mmu      ] GC(58) MMU: 2ms/98.1%, 5ms/99.1%, 10ms/99.5%, 20ms/99.8%, 50ms/99.9%, 100ms/99.9%
[31.822s][info][gc,marking  ] GC(58) Mark: 8 stripe(s), 2 proactive flush(es), 1 terminate flush(es), 0 completion(s), 0 continuation(s) 
[31.822s][info][gc,marking  ] GC(58) Mark Stack Usage: 32M
[31.822s][info][gc,nmethod  ] GC(58) NMethods: 7013 registered, 204 unregistered
[31.822s][info][gc,metaspace] GC(58) Metaspace: 58M used, 59M committed, 1088M reserved
[31.822s][info][gc,ref      ] GC(58) Soft: 4711 encountered, 0 discovered, 0 enqueued
[31.822s][info][gc,ref      ] GC(58) Weak: 6013 encountered, 1630 discovered, 121 enqueued
[31.822s][info][gc,ref      ] GC(58) Final: 82 encountered, 3 discovered, 0 enqueued
[31.822s][info][gc,ref      ] GC(58) Phantom: 608 encountered, 387 discovered, 0 enqueued
[31.822s][info][gc,reloc    ] GC(58) Small Pages: 372 / 744M, Empty: 522M, Relocated: 3M, In-Place: 0
[31.822s][info][gc,reloc    ] GC(58) Medium Pages: 1 / 32M, Empty: 0M, Relocated: 0M, In-Place: 0
[31.822s][info][gc,reloc    ] GC(58) Large Pages: 3 / 18M, Empty: 6M, Relocated: 0M, In-Place: 0
[31.822s][info][gc,reloc    ] GC(58) Forwarding Usage: 1M
[31.822s][info][gc,heap     ] GC(58) Min Capacity: 8M(0%)
[31.822s][info][gc,heap     ] GC(58) Max Capacity: 2048M(100%)
[31.822s][info][gc,heap     ] GC(58) Soft Max Capacity: 2048M(100%)
[31.822s][info][gc,heap     ] GC(58)                Mark Start          Mark End        Relocate Start      Relocate End           High               Low         
[31.822s][info][gc,heap     ] GC(58)  Capacity:     2048M (100%)       2048M (100%)       2048M (100%)       2048M (100%)       2048M (100%)       2048M (100%)   
[31.822s][info][gc,heap     ] GC(58)      Free:     1254M (61%)        1252M (61%)        1776M (87%)        1782M (87%)        1782M (87%)        1252M (61%)    
[31.822s][info][gc,heap     ] GC(58)      Used:      794M (39%)         796M (39%)         272M (13%)         266M (13%)         796M (39%)         266M (13%)    
[31.822s][info][gc,heap     ] GC(58)      Live:         -               205M (10%)         205M (10%)         205M (10%)            -                  -          
[31.822s][info][gc,heap     ] GC(58) Allocated:         -                 2M (0%)            6M (0%)            6M (0%)             -                  -          
[31.822s][info][gc,heap     ] GC(58)   Garbage:         -               588M (29%)          60M (3%)           54M (3%)             -                  -          
[31.823s][info][gc,heap     ] GC(58) Reclaimed:         -                  -               528M (26%)         534M (26%)            -                  -          
[31.823s][info][gc          ] GC(58) Garbage Collection (System.gc()) 794M(39%)->266M(13%)
[32.169s][info][gc,start    ] GC(59) Garbage Collection (Allocation Rate)
[32.169s][info][gc,task     ] GC(59) Using 6 workers
[32.170s][info][gc,phases   ] GC(59) Pause Mark Start 0.015ms
[32.247s][info][gc,phases   ] GC(59) Concurrent Mark 77.689ms
[32.248s][info][gc,phases   ] GC(59) Pause Mark End 0.032ms
[32.248s][info][gc,phases   ] GC(59) Concurrent Mark Free 0.001ms
[32.251s][info][gc,phases   ] GC(59) Concurrent Process Non-Strong References 3.636ms
[32.251s][info][gc,phases   ] GC(59) Concurrent Reset Relocation Set 0.002ms
[32.258s][info][gc,phases   ] GC(59) Concurrent Select Relocation Set 6.906ms
[32.259s][info][gc,phases   ] GC(59) Pause Relocate Start 0.009ms
[32.263s][info][gc,phases   ] GC(59) Concurrent Relocate 4.026ms
[32.263s][info][gc,load     ] GC(59) Load: 0.00/0.00/0.00
[32.263s][info][gc,mmu      ] GC(59) MMU: 2ms/98.1%, 5ms/99.1%, 10ms/99.5%, 20ms/99.8%, 50ms/99.9%, 100ms/99.9%
[32.263s][info][gc,marking  ] GC(59) Mark: 4 stripe(s), 2 proactive flush(es), 1 terminate flush(es), 0 completion(s), 0 continuation(s) 
[32.263s][info][gc,marking  ] GC(59) Mark Stack Usage: 32M
[32.263s][info][gc,nmethod  ] GC(59) NMethods: 7063 registered, 210 unregistered
[32.263s][info][gc,metaspace] GC(59) Metaspace: 58M used, 59M committed, 1088M reserved
[32.263s][info][gc,ref      ] GC(59) Soft: 4713 encountered, 0 discovered, 0 enqueued
[32.263s][info][gc,ref      ] GC(59) Weak: 6031 encountered, 1629 discovered, 74 enqueued
[32.263s][info][gc,ref      ] GC(59) Final: 82 encountered, 25 discovered, 0 enqueued
[32.263s][info][gc,ref      ] GC(59) Phantom: 608 encountered, 410 discovered, 0 enqueued
[32.263s][info][gc,reloc    ] GC(59) Small Pages: 586 / 1172M, Empty: 926M, Relocated: 4M, In-Place: 0
[32.263s][info][gc,reloc    ] GC(59) Medium Pages: 2 / 64M, Empty: 32M, Relocated: 0M, In-Place: 0
[32.263s][info][gc,reloc    ] GC(59) Large Pages: 4 / 24M, Empty: 12M, Relocated: 0M, In-Place: 0
[32.263s][info][gc,reloc    ] GC(59) Forwarding Usage: 2M
[32.263s][info][gc,heap     ] GC(59) Min Capacity: 8M(0%)
[32.263s][info][gc,heap     ] GC(59) Max Capacity: 2048M(100%)
[32.263s][info][gc,heap     ] GC(59) Soft Max Capacity: 2048M(100%)
[32.263s][info][gc,heap     ] GC(59)                Mark Start          Mark End        Relocate Start      Relocate End           High               Low         
[32.263s][info][gc,heap     ] GC(59)  Capacity:     2048M (100%)       2048M (100%)       2048M (100%)       2048M (100%)       2048M (100%)       2048M (100%)   
[32.263s][info][gc,heap     ] GC(59)      Free:      788M (38%)         558M (27%)        1492M (73%)        1524M (74%)        1528M (75%)         546M (27%)    
[32.263s][info][gc,heap     ] GC(59)      Used:     1260M (62%)        1490M (73%)         556M (27%)         524M (26%)        1502M (73%)         520M (25%)    
[32.263s][info][gc,heap     ] GC(59)      Live:         -               205M (10%)         205M (10%)         205M (10%)            -                  -          
[32.263s][info][gc,heap     ] GC(59) Allocated:         -               230M (11%)         266M (13%)         277M (14%)            -                  -          
[32.264s][info][gc,heap     ] GC(59)   Garbage:         -              1054M (51%)          84M (4%)           40M (2%)             -                  -          
[32.264s][info][gc,heap     ] GC(59) Reclaimed:         -                  -               970M (47%)        1013M (50%)            -                  -          
[32.264s][info][gc          ] GC(59) Garbage Collection (Allocation Rate) 1260M(62%)->524M(26%)
[32.474s][info][gc,start    ] GC(60) Garbage Collection (Allocation Rate)
[32.474s][info][gc,task     ] GC(60) Using 5 workers
[32.474s][info][gc,phases   ] GC(60) Pause Mark Start 0.015ms
[32.565s][info][gc,phases   ] GC(60) Concurrent Mark 91.169ms
[32.566s][info][gc,phases   ] GC(60) Pause Mark End 0.051ms
[32.566s][info][gc,phases   ] GC(60) Concurrent Mark Free 0.001ms
[32.570s][info][gc,phases   ] GC(60) Concurrent Process Non-Strong References 4.082ms
[32.570s][info][gc,phases   ] GC(60) Concurrent Reset Relocation Set 0.005ms
[32.574s][info][gc,phases   ] GC(60) Concurrent Select Relocation Set 3.837ms
[32.574s][info][gc,phases   ] GC(60) Pause Relocate Start 0.008ms
[32.578s][info][gc,phases   ] GC(60) Concurrent Relocate 4.080ms
[32.578s][info][gc,load     ] GC(60) Load: 0.00/0.00/0.00
[32.578s][info][gc,mmu      ] GC(60) MMU: 2ms/97.4%, 5ms/99.0%, 10ms/99.4%, 20ms/99.7%, 50ms/99.9%, 100ms/99.9%
[32.578s][info][gc,marking  ] GC(60) Mark: 4 stripe(s), 2 proactive flush(es), 1 terminate flush(es), 1 completion(s), 0 continuation(s) 
[32.578s][info][gc,marking  ] GC(60) Mark Stack Usage: 32M
[32.578s][info][gc,nmethod  ] GC(60) NMethods: 7098 registered, 210 unregistered
[32.578s][info][gc,metaspace] GC(60) Metaspace: 58M used, 59M committed, 1088M reserved
[32.578s][info][gc,ref      ] GC(60) Soft: 4713 encountered, 0 discovered, 0 enqueued
[32.578s][info][gc,ref      ] GC(60) Weak: 5960 encountered, 2318 discovered, 1 enqueued
[32.578s][info][gc,ref      ] GC(60) Final: 82 encountered, 5 discovered, 0 enqueued
[32.578s][info][gc,ref      ] GC(60) Phantom: 608 encountered, 420 discovered, 0 enqueued
[32.578s][info][gc,reloc    ] GC(60) Small Pages: 587 / 1174M, Empty: 944M, Relocated: 3M, In-Place: 0
[32.578s][info][gc,reloc    ] GC(60) Medium Pages: 1 / 32M, Empty: 0M, Relocated: 0M, In-Place: 0
[32.579s][info][gc,reloc    ] GC(60) Large Pages: 2 / 12M, Empty: 0M, Relocated: 0M, In-Place: 0
[32.579s][info][gc,reloc    ] GC(60) Forwarding Usage: 1M
[32.579s][info][gc,heap     ] GC(60) Min Capacity: 8M(0%)
[32.579s][info][gc,heap     ] GC(60) Max Capacity: 2048M(100%)
[32.579s][info][gc,heap     ] GC(60) Soft Max Capacity: 2048M(100%)
[32.579s][info][gc,heap     ] GC(60)                Mark Start          Mark End        Relocate Start      Relocate End           High               Low         
[32.579s][info][gc,heap     ] GC(60)  Capacity:     2048M (100%)       2048M (100%)       2048M (100%)       2048M (100%)       2048M (100%)       2048M (100%)   
[32.579s][info][gc,heap     ] GC(60)      Free:      830M (41%)         546M (27%)        1480M (72%)        1508M (74%)        1508M (74%)         544M (27%)    
[32.579s][info][gc,heap     ] GC(60)      Used:     1218M (59%)        1502M (73%)         568M (28%)         540M (26%)        1504M (73%)         540M (26%)    
[32.579s][info][gc,heap     ] GC(60)      Live:         -               205M (10%)         205M (10%)         205M (10%)            -                  -          
[32.579s][info][gc,heap     ] GC(60) Allocated:         -               284M (14%)         294M (14%)         293M (14%)            -                  -          
[32.579s][info][gc,heap     ] GC(60)   Garbage:         -              1012M (49%)          68M (3%)           40M (2%)             -                  -          
[32.579s][info][gc,heap     ] GC(60) Reclaimed:         -                  -               944M (46%)         971M (47%)            -                  -          
[32.579s][info][gc          ] GC(60) Garbage Collection (Allocation Rate) 1218M(59%)->540M(26%)
[32.593s][info][gc,start    ] GC(61) Garbage Collection (System.gc())
[32.593s][info][gc,task     ] GC(61) Using 12 workers
[32.593s][info][gc,phases   ] GC(61) Pause Mark Start 0.012ms
[32.653s][info][gc,phases   ] GC(61) Concurrent Mark 59.881ms
[32.653s][info][gc,phases   ] GC(61) Pause Mark End 0.031ms
[32.653s][info][gc,phases   ] GC(61) Concurrent Mark Free 0.001ms
[32.655s][info][gc,phases   ] GC(61) Concurrent Process Non-Strong References 1.872ms
[32.655s][info][gc,phases   ] GC(61) Concurrent Reset Relocation Set 0.002ms
[32.658s][info][gc,phases   ] GC(61) Concurrent Select Relocation Set 2.587ms
[32.658s][info][gc,phases   ] GC(61) Pause Relocate Start 0.008ms
[32.661s][info][gc,phases   ] GC(61) Concurrent Relocate 3.068ms
[32.661s][info][gc,load     ] GC(61) Load: 0.00/0.00/0.00
[32.661s][info][gc,mmu      ] GC(61) MMU: 2ms/97.4%, 5ms/99.0%, 10ms/99.4%, 20ms/99.7%, 50ms/99.9%, 100ms/99.9%
[32.661s][info][gc,marking  ] GC(61) Mark: 8 stripe(s), 2 proactive flush(es), 1 terminate flush(es), 0 completion(s), 0 continuation(s) 
[32.661s][info][gc,marking  ] GC(61) Mark Stack Usage: 32M
[32.661s][info][gc,nmethod  ] GC(61) NMethods: 7148 registered, 215 unregistered
[32.661s][info][gc,metaspace] GC(61) Metaspace: 58M used, 59M committed, 1088M reserved
[32.661s][info][gc,ref      ] GC(61) Soft: 4711 encountered, 0 discovered, 0 enqueued
[32.661s][info][gc,ref      ] GC(61) Weak: 6009 encountered, 866 discovered, 125 enqueued
[32.661s][info][gc,ref      ] GC(61) Final: 82 encountered, 42 discovered, 0 enqueued
[32.661s][info][gc,ref      ] GC(61) Phantom: 608 encountered, 417 discovered, 0 enqueued
[32.661s][info][gc,reloc    ] GC(61) Small Pages: 246 / 492M, Empty: 280M, Relocated: 3M, In-Place: 0
[32.661s][info][gc,reloc    ] GC(61) Medium Pages: 1 / 32M, Empty: 0M, Relocated: 0M, In-Place: 0
[32.661s][info][gc,reloc    ] GC(61) Large Pages: 3 / 18M, Empty: 6M, Relocated: 0M, In-Place: 0
[32.662s][info][gc,reloc    ] GC(61) Forwarding Usage: 1M
[32.662s][info][gc,heap     ] GC(61) Min Capacity: 8M(0%)
[32.662s][info][gc,heap     ] GC(61) Max Capacity: 2048M(100%)
[32.662s][info][gc,heap     ] GC(61) Soft Max Capacity: 2048M(100%)
[32.662s][info][gc,heap     ] GC(61)                Mark Start          Mark End        Relocate Start      Relocate End           High               Low         
[32.662s][info][gc,heap     ] GC(61)  Capacity:     2048M (100%)       2048M (100%)       2048M (100%)       2048M (100%)       2048M (100%)       2048M (100%)   
[32.662s][info][gc,heap     ] GC(61)      Free:     1506M (74%)        1506M (74%)        1786M (87%)        1786M (87%)        1786M (87%)        1504M (73%)    
[32.662s][info][gc,heap     ] GC(61)      Used:      542M (26%)         542M (26%)         262M (13%)         262M (13%)         544M (27%)         262M (13%)    
[32.662s][info][gc,heap     ] GC(61)      Live:         -               205M (10%)         205M (10%)         205M (10%)            -                  -          
[32.662s][info][gc,heap     ] GC(61) Allocated:         -                 0M (0%)            6M (0%)            5M (0%)             -                  -          
[32.662s][info][gc,heap     ] GC(61)   Garbage:         -               336M (16%)          50M (2%)           50M (2%)             -                  -          
[32.662s][info][gc,heap     ] GC(61) Reclaimed:         -                  -               286M (14%)         285M (14%)            -                  -          
[32.662s][info][gc          ] GC(61) Garbage Collection (System.gc()) 542M(26%)->262M(13%)
[32.966s][info][gc,start    ] GC(62) Garbage Collection (Allocation Rate)
[32.966s][info][gc,task     ] GC(62) Using 5 workers
[32.966s][info][gc,phases   ] GC(62) Pause Mark Start 0.015ms
[33.059s][info][gc,phases   ] GC(62) Concurrent Mark 93.293ms
[33.060s][info][gc,phases   ] GC(62) Pause Mark End 0.030ms
[33.060s][info][gc,phases   ] GC(62) Concurrent Mark Free 0.001ms
[33.064s][info][gc,phases   ] GC(62) Concurrent Process Non-Strong References 4.468ms
[33.064s][info][gc,phases   ] GC(62) Concurrent Reset Relocation Set 0.003ms
[33.071s][info][gc,phases   ] GC(62) Concurrent Select Relocation Set 6.855ms
[33.071s][info][gc,phases   ] GC(62) Pause Relocate Start 0.010ms
[33.075s][info][gc,phases   ] GC(62) Concurrent Relocate 4.141ms
[33.076s][info][gc,load     ] GC(62) Load: 0.00/0.00/0.00
[33.076s][info][gc,mmu      ] GC(62) MMU: 2ms/97.4%, 5ms/99.0%, 10ms/99.4%, 20ms/99.7%, 50ms/99.9%, 100ms/99.9%
[33.076s][info][gc,marking  ] GC(62) Mark: 4 stripe(s), 2 proactive flush(es), 1 terminate flush(es), 0 completion(s), 0 continuation(s) 
[33.076s][info][gc,marking  ] GC(62) Mark Stack Usage: 32M
[33.076s][info][gc,nmethod  ] GC(62) NMethods: 7172 registered, 224 unregistered
[33.076s][info][gc,metaspace] GC(62) Metaspace: 58M used, 59M committed, 1088M reserved
[33.076s][info][gc,ref      ] GC(62) Soft: 4713 encountered, 0 discovered, 0 enqueued
[33.076s][info][gc,ref      ] GC(62) Weak: 6054 encountered, 1655 discovered, 76 enqueued
[33.076s][info][gc,ref      ] GC(62) Final: 82 encountered, 35 discovered, 0 enqueued
[33.076s][info][gc,ref      ] GC(62) Phantom: 608 encountered, 564 discovered, 0 enqueued
[33.076s][info][gc,reloc    ] GC(62) Small Pages: 498 / 996M, Empty: 750M, Relocated: 4M, In-Place: 0
[33.076s][info][gc,reloc    ] GC(62) Medium Pages: 2 / 64M, Empty: 32M, Relocated: 0M, In-Place: 0
[33.076s][info][gc,reloc    ] GC(62) Large Pages: 4 / 24M, Empty: 12M, Relocated: 0M, In-Place: 0
[33.076s][info][gc,reloc    ] GC(62) Forwarding Usage: 2M
[33.076s][info][gc,heap     ] GC(62) Min Capacity: 8M(0%)
[33.076s][info][gc,heap     ] GC(62) Max Capacity: 2048M(100%)
[33.076s][info][gc,heap     ] GC(62) Soft Max Capacity: 2048M(100%)
[33.076s][info][gc,heap     ] GC(62)                Mark Start          Mark End        Relocate Start      Relocate End           High               Low         
[33.076s][info][gc,heap     ] GC(62)  Capacity:     2048M (100%)       2048M (100%)       2048M (100%)       2048M (100%)       2048M (100%)       2048M (100%)   
[33.076s][info][gc,heap     ] GC(62)      Free:      964M (47%)         652M (32%)        1404M (69%)        1444M (71%)        1444M (71%)         636M (31%)    
[33.076s][info][gc,heap     ] GC(62)      Used:     1084M (53%)        1396M (68%)         644M (31%)         604M (29%)        1412M (69%)         604M (29%)    
[33.076s][info][gc,heap     ] GC(62)      Live:         -               205M (10%)         205M (10%)         205M (10%)            -                  -          
[33.076s][info][gc,heap     ] GC(62) Allocated:         -               312M (15%)         354M (17%)         359M (18%)            -                  -          
[33.076s][info][gc,heap     ] GC(62)   Garbage:         -               878M (43%)          84M (4%)           38M (2%)             -                  -          
[33.076s][info][gc,heap     ] GC(62) Reclaimed:         -                  -               794M (39%)         839M (41%)            -                  -          
[33.076s][info][gc          ] GC(62) Garbage Collection (Allocation Rate) 1084M(53%)->604M(29%)
[33.262s][info][gc,start    ] GC(63) Garbage Collection (Allocation Rate)
[33.263s][info][gc,task     ] GC(63) Using 4 workers
[33.263s][info][gc,phases   ] GC(63) Pause Mark Start 0.014ms
[33.372s][info][gc,phases   ] GC(63) Concurrent Mark 108.945ms
[33.372s][info][gc,phases   ] GC(63) Pause Mark End 0.019ms
[33.372s][info][gc,phases   ] GC(63) Concurrent Mark Free 0.001ms
[33.377s][info][gc,phases   ] GC(63) Concurrent Process Non-Strong References 4.815ms
[33.377s][info][gc,phases   ] GC(63) Concurrent Reset Relocation Set 0.003ms
[33.384s][info][gc,phases   ] GC(63) Concurrent Select Relocation Set 7.183ms
[33.384s][info][gc,phases   ] GC(63) Pause Relocate Start 0.007ms
[33.389s][info][gc,phases   ] GC(63) Concurrent Relocate 4.325ms
[33.389s][info][gc,load     ] GC(63) Load: 0.00/0.00/0.00
[33.389s][info][gc,mmu      ] GC(63) MMU: 2ms/97.4%, 5ms/99.0%, 10ms/99.4%, 20ms/99.7%, 50ms/99.9%, 100ms/99.9%
[33.389s][info][gc,marking  ] GC(63) Mark: 4 stripe(s), 2 proactive flush(es), 1 terminate flush(es), 0 completion(s), 0 continuation(s) 
[33.389s][info][gc,marking  ] GC(63) Mark Stack Usage: 32M
[33.389s][info][gc,nmethod  ] GC(63) NMethods: 7174 registered, 224 unregistered
[33.389s][info][gc,metaspace] GC(63) Metaspace: 58M used, 59M committed, 1088M reserved
[33.389s][info][gc,ref      ] GC(63) Soft: 4713 encountered, 0 discovered, 0 enqueued
[33.389s][info][gc,ref      ] GC(63) Weak: 5979 encountered, 2115 discovered, 19 enqueued
[33.389s][info][gc,ref      ] GC(63) Final: 82 encountered, 2 discovered, 0 enqueued
[33.389s][info][gc,ref      ] GC(63) Phantom: 608 encountered, 526 discovered, 0 enqueued
[33.389s][info][gc,reloc    ] GC(63) Small Pages: 427 / 854M, Empty: 626M, Relocated: 3M, In-Place: 0
[33.389s][info][gc,reloc    ] GC(63) Medium Pages: 1 / 32M, Empty: 0M, Relocated: 0M, In-Place: 0
[33.389s][info][gc,reloc    ] GC(63) Large Pages: 2 / 12M, Empty: 0M, Relocated: 0M, In-Place: 0
[33.389s][info][gc,reloc    ] GC(63) Forwarding Usage: 2M
[33.389s][info][gc,heap     ] GC(63) Min Capacity: 8M(0%)
[33.389s][info][gc,heap     ] GC(63) Max Capacity: 2048M(100%)
[33.389s][info][gc,heap     ] GC(63) Soft Max Capacity: 2048M(100%)
[33.389s][info][gc,heap     ] GC(63)                Mark Start          Mark End        Relocate Start      Relocate End           High               Low         
[33.389s][info][gc,heap     ] GC(63)  Capacity:     2048M (100%)       2048M (100%)       2048M (100%)       2048M (100%)       2048M (100%)       2048M (100%)   
[33.389s][info][gc,heap     ] GC(63)      Free:     1150M (56%)         980M (48%)        1586M (77%)        1606M (78%)        1608M (79%)         972M (47%)    
[33.389s][info][gc,heap     ] GC(63)      Used:      898M (44%)        1068M (52%)         462M (23%)         442M (22%)        1076M (53%)         440M (21%)    
[33.389s][info][gc,heap     ] GC(63)      Live:         -               205M (10%)         205M (10%)         205M (10%)            -                  -          
[33.389s][info][gc,heap     ] GC(63) Allocated:         -               170M (8%)          190M (9%)          197M (10%)            -                  -          
[33.389s][info][gc,heap     ] GC(63)   Garbage:         -               692M (34%)          66M (3%)           38M (2%)             -                  -          
[33.389s][info][gc,heap     ] GC(63) Reclaimed:         -                  -               626M (31%)         653M (32%)            -                  -          
[33.389s][info][gc          ] GC(63) Garbage Collection (Allocation Rate) 898M(44%)->442M(22%)
[33.567s][info][gc,start    ] GC(64) Garbage Collection (Allocation Rate)
[33.567s][info][gc,task     ] GC(64) Using 4 workers
[33.567s][info][gc,phases   ] GC(64) Pause Mark Start 0.013ms
[33.663s][info][gc,phases   ] GC(64) Concurrent Mark 96.187ms
[33.664s][info][gc,phases   ] GC(64) Pause Mark End 0.018ms
[33.664s][info][gc,phases   ] GC(64) Concurrent Mark Free 0.001ms
[33.668s][info][gc,phases   ] GC(64) Concurrent Process Non-Strong References 3.958ms
[33.668s][info][gc,phases   ] GC(64) Concurrent Reset Relocation Set 0.002ms
[33.671s][info][gc,phases   ] GC(64) Concurrent Select Relocation Set 3.706ms
[33.672s][info][gc,phases   ] GC(64) Pause Relocate Start 0.006ms
[33.676s][info][gc,phases   ] GC(64) Concurrent Relocate 4.275ms
[33.676s][info][gc,load     ] GC(64) Load: 0.00/0.00/0.00
[33.676s][info][gc,mmu      ] GC(64) MMU: 2ms/97.4%, 5ms/99.0%, 10ms/99.4%, 20ms/99.7%, 50ms/99.9%, 100ms/99.9%
[33.676s][info][gc,marking  ] GC(64) Mark: 4 stripe(s), 2 proactive flush(es), 1 terminate flush(es), 0 completion(s), 0 continuation(s) 
[33.676s][info][gc,marking  ] GC(64) Mark Stack Usage: 32M
[33.676s][info][gc,nmethod  ] GC(64) NMethods: 7181 registered, 224 unregistered
[33.676s][info][gc,metaspace] GC(64) Metaspace: 58M used, 59M committed, 1088M reserved
[33.676s][info][gc,ref      ] GC(64) Soft: 4713 encountered, 0 discovered, 0 enqueued
[33.676s][info][gc,ref      ] GC(64) Weak: 5958 encountered, 2704 discovered, 0 enqueued
[33.676s][info][gc,ref      ] GC(64) Final: 82 encountered, 44 discovered, 0 enqueued
[33.676s][info][gc,ref      ] GC(64) Phantom: 608 encountered, 513 discovered, 0 enqueued
[33.676s][info][gc,reloc    ] GC(64) Small Pages: 383 / 766M, Empty: 552M, Relocated: 3M, In-Place: 0
[33.676s][info][gc,reloc    ] GC(64) Medium Pages: 1 / 32M, Empty: 0M, Relocated: 0M, In-Place: 0
[33.676s][info][gc,reloc    ] GC(64) Large Pages: 2 / 12M, Empty: 0M, Relocated: 0M, In-Place: 0
[33.676s][info][gc,reloc    ] GC(64) Forwarding Usage: 2M
[33.676s][info][gc,heap     ] GC(64) Min Capacity: 8M(0%)
[33.676s][info][gc,heap     ] GC(64) Max Capacity: 2048M(100%)
[33.676s][info][gc,heap     ] GC(64) Soft Max Capacity: 2048M(100%)
[33.676s][info][gc,heap     ] GC(64)                Mark Start          Mark End        Relocate Start      Relocate End           High               Low         
[33.676s][info][gc,heap     ] GC(64)  Capacity:     2048M (100%)       2048M (100%)       2048M (100%)       2048M (100%)       2048M (100%)       2048M (100%)   
[33.676s][info][gc,heap     ] GC(64)      Free:     1238M (60%)        1044M (51%)        1582M (77%)        1592M (78%)        1592M (78%)        1036M (51%)    
[33.677s][info][gc,heap     ] GC(64)      Used:      810M (40%)        1004M (49%)         466M (23%)         456M (22%)        1012M (49%)         456M (22%)    
[33.677s][info][gc,heap     ] GC(64)      Live:         -               205M (10%)         205M (10%)         205M (10%)            -                  -          
[33.677s][info][gc,heap     ] GC(64) Allocated:         -               194M (9%)          208M (10%)         211M (10%)            -                  -          
[33.677s][info][gc,heap     ] GC(64)   Garbage:         -               604M (29%)          52M (3%)           38M (2%)             -                  -          
[33.677s][info][gc,heap     ] GC(64) Reclaimed:         -                  -               552M (27%)         565M (28%)            -                  -          
[33.677s][info][gc          ] GC(64) Garbage Collection (Allocation Rate) 810M(40%)->456M(22%)
[33.706s][info][gc,start    ] GC(65) Garbage Collection (System.gc())
[33.706s][info][gc,task     ] GC(65) Using 12 workers
[33.706s][info][gc,phases   ] GC(65) Pause Mark Start 0.016ms
[33.757s][info][gc,phases   ] GC(65) Concurrent Mark 50.611ms
[33.757s][info][gc,phases   ] GC(65) Pause Mark End 0.022ms
[33.757s][info][gc,phases   ] GC(65) Concurrent Mark Free 0.001ms
[33.759s][info][gc,phases   ] GC(65) Concurrent Process Non-Strong References 1.666ms
[33.759s][info][gc,phases   ] GC(65) Concurrent Reset Relocation Set 0.002ms
[33.763s][info][gc,phases   ] GC(65) Concurrent Select Relocation Set 3.564ms
[33.763s][info][gc,phases   ] GC(65) Pause Relocate Start 0.005ms
[33.765s][info][gc,phases   ] GC(65) Concurrent Relocate 2.442ms
[33.765s][info][gc,load     ] GC(65) Load: 0.00/0.00/0.00
[33.765s][info][gc,mmu      ] GC(65) MMU: 2ms/97.4%, 5ms/99.0%, 10ms/99.4%, 20ms/99.7%, 50ms/99.9%, 100ms/99.9%
[33.765s][info][gc,marking  ] GC(65) Mark: 8 stripe(s), 2 proactive flush(es), 1 terminate flush(es), 0 completion(s), 0 continuation(s) 
[33.765s][info][gc,marking  ] GC(65) Mark Stack Usage: 32M
[33.765s][info][gc,nmethod  ] GC(65) NMethods: 7207 registered, 229 unregistered
[33.766s][info][gc,metaspace] GC(65) Metaspace: 58M used, 59M committed, 1088M reserved
[33.766s][info][gc,ref      ] GC(65) Soft: 4711 encountered, 0 discovered, 0 enqueued
[33.766s][info][gc,ref      ] GC(65) Weak: 6028 encountered, 1650 discovered, 121 enqueued
[33.766s][info][gc,ref      ] GC(65) Final: 82 encountered, 2 discovered, 0 enqueued
[33.766s][info][gc,ref      ] GC(65) Phantom: 608 encountered, 484 discovered, 0 enqueued
[33.766s][info][gc,reloc    ] GC(65) Small Pages: 208 / 416M, Empty: 198M, Relocated: 3M, In-Place: 0
[33.766s][info][gc,reloc    ] GC(65) Medium Pages: 1 / 32M, Empty: 0M, Relocated: 0M, In-Place: 0
[33.766s][info][gc,reloc    ] GC(65) Large Pages: 3 / 18M, Empty: 6M, Relocated: 0M, In-Place: 0
[33.766s][info][gc,reloc    ] GC(65) Forwarding Usage: 2M
[33.766s][info][gc,heap     ] GC(65) Min Capacity: 8M(0%)
[33.766s][info][gc,heap     ] GC(65) Max Capacity: 2048M(100%)
[33.766s][info][gc,heap     ] GC(65) Soft Max Capacity: 2048M(100%)
[33.766s][info][gc,heap     ] GC(65)                Mark Start          Mark End        Relocate Start      Relocate End           High               Low         
[33.766s][info][gc,heap     ] GC(65)  Capacity:     2048M (100%)       2048M (100%)       2048M (100%)       2048M (100%)       2048M (100%)       2048M (100%)   
[33.766s][info][gc,heap     ] GC(65)      Free:     1582M (77%)        1580M (77%)        1780M (87%)        1782M (87%)        1782M (87%)        1580M (77%)    
[33.766s][info][gc,heap     ] GC(65)      Used:      466M (23%)         468M (23%)         268M (13%)         266M (13%)         468M (23%)         266M (13%)    
[33.766s][info][gc,heap     ] GC(65)      Live:         -               205M (10%)         205M (10%)         205M (10%)            -                  -          
[33.766s][info][gc,heap     ] GC(65) Allocated:         -                 2M (0%)            6M (0%)            6M (0%)             -                  -          
[33.766s][info][gc,heap     ] GC(65)   Garbage:         -               260M (13%)          56M (3%)           54M (3%)             -                  -          
[33.766s][info][gc,heap     ] GC(65) Reclaimed:         -                  -               204M (10%)         206M (10%)            -                  -          
[33.766s][info][gc          ] GC(65) Garbage Collection (System.gc()) 466M(23%)->266M(13%)
[34.070s][info][gc,start    ] GC(66) Garbage Collection (Allocation Rate)
[34.070s][info][gc,task     ] GC(66) Using 4 workers
[34.070s][info][gc,phases   ] GC(66) Pause Mark Start 0.016ms
[34.184s][info][gc,phases   ] GC(66) Concurrent Mark 113.566ms
[34.184s][info][gc,phases   ] GC(66) Pause Mark End 0.031ms
[34.184s][info][gc,phases   ] GC(66) Concurrent Mark Free 0.001ms
[34.190s][info][gc,phases   ] GC(66) Concurrent Process Non-Strong References 5.768ms
[34.190s][info][gc,phases   ] GC(66) Concurrent Reset Relocation Set 0.002ms
[34.198s][info][gc,phases   ] GC(66) Concurrent Select Relocation Set 8.481ms
[34.198s][info][gc,phases   ] GC(66) Pause Relocate Start 0.009ms
[34.203s][info][gc,phases   ] GC(66) Concurrent Relocate 4.663ms
[34.203s][info][gc,load     ] GC(66) Load: 0.00/0.00/0.00
[34.203s][info][gc,mmu      ] GC(66) MMU: 2ms/97.4%, 5ms/99.0%, 10ms/99.4%, 20ms/99.7%, 50ms/99.9%, 100ms/99.9%
[34.203s][info][gc,marking  ] GC(66) Mark: 4 stripe(s), 2 proactive flush(es), 1 terminate flush(es), 0 completion(s), 0 continuation(s) 
[34.203s][info][gc,marking  ] GC(66) Mark Stack Usage: 32M
[34.203s][info][gc,nmethod  ] GC(66) NMethods: 7248 registered, 233 unregistered
[34.203s][info][gc,metaspace] GC(66) Metaspace: 58M used, 59M committed, 1088M reserved
[34.203s][info][gc,ref      ] GC(66) Soft: 4713 encountered, 0 discovered, 0 enqueued
[34.204s][info][gc,ref      ] GC(66) Weak: 6046 encountered, 3095 discovered, 74 enqueued
[34.204s][info][gc,ref      ] GC(66) Final: 82 encountered, 1 discovered, 0 enqueued
[34.204s][info][gc,ref      ] GC(66) Phantom: 608 encountered, 525 discovered, 0 enqueued
[34.204s][info][gc,reloc    ] GC(66) Small Pages: 513 / 1026M, Empty: 780M, Relocated: 5M, In-Place: 0
[34.204s][info][gc,reloc    ] GC(66) Medium Pages: 2 / 64M, Empty: 32M, Relocated: 0M, In-Place: 0
[34.204s][info][gc,reloc    ] GC(66) Large Pages: 4 / 24M, Empty: 12M, Relocated: 0M, In-Place: 0
[34.204s][info][gc,reloc    ] GC(66) Forwarding Usage: 3M
[34.204s][info][gc,heap     ] GC(66) Min Capacity: 8M(0%)
[34.204s][info][gc,heap     ] GC(66) Max Capacity: 2048M(100%)
[34.204s][info][gc,heap     ] GC(66) Soft Max Capacity: 2048M(100%)
[34.204s][info][gc,heap     ] GC(66)                Mark Start          Mark End        Relocate Start      Relocate End           High               Low         
[34.204s][info][gc,heap     ] GC(66)  Capacity:     2048M (100%)       2048M (100%)       2048M (100%)       2048M (100%)       2048M (100%)       2048M (100%)   
[34.204s][info][gc,heap     ] GC(66)      Free:      934M (46%)         558M (27%)        1330M (65%)        1364M (67%)        1370M (67%)         538M (26%)    
[34.204s][info][gc,heap     ] GC(66)      Used:     1114M (54%)        1490M (73%)         718M (35%)         684M (33%)        1510M (74%)         678M (33%)    
[34.204s][info][gc,heap     ] GC(66)      Live:         -               205M (10%)         205M (10%)         205M (10%)            -                  -          
[34.204s][info][gc,heap     ] GC(66) Allocated:         -               376M (18%)         428M (21%)         441M (22%)            -                  -          
[34.204s][info][gc,heap     ] GC(66)   Garbage:         -               908M (44%)          84M (4%)           36M (2%)             -                  -          
[34.204s][info][gc,heap     ] GC(66) Reclaimed:         -                  -               824M (40%)         871M (43%)            -                  -          
[34.204s][info][gc          ] GC(66) Garbage Collection (Allocation Rate) 1114M(54%)->684M(33%)
[34.371s][info][gc,start    ] GC(67) Garbage Collection (Allocation Rate)
[34.371s][info][gc,task     ] GC(67) Using 4 workers
[34.371s][info][gc,phases   ] GC(67) Pause Mark Start 0.015ms
[34.480s][info][gc,phases   ] GC(67) Concurrent Mark 109.002ms
[34.481s][info][gc,phases   ] GC(67) Pause Mark End 0.026ms
[34.481s][info][gc,phases   ] GC(67) Concurrent Mark Free 0.001ms
[34.485s][info][gc,phases   ] GC(67) Concurrent Process Non-Strong References 4.525ms
[34.485s][info][gc,phases   ] GC(67) Concurrent Reset Relocation Set 0.003ms
[34.489s][info][gc,phases   ] GC(67) Concurrent Select Relocation Set 3.911ms
[34.489s][info][gc,phases   ] GC(67) Pause Relocate Start 0.005ms
[34.494s][info][gc,phases   ] GC(67) Concurrent Relocate 4.387ms
[34.494s][info][gc,load     ] GC(67) Load: 0.00/0.00/0.00
[34.494s][info][gc,mmu      ] GC(67) MMU: 2ms/97.4%, 5ms/99.0%, 10ms/99.4%, 20ms/99.7%, 50ms/99.9%, 100ms/99.9%
[34.494s][info][gc,marking  ] GC(67) Mark: 4 stripe(s), 2 proactive flush(es), 1 terminate flush(es), 0 completion(s), 0 continuation(s) 
[34.494s][info][gc,marking  ] GC(67) Mark Stack Usage: 32M
[34.494s][info][gc,nmethod  ] GC(67) NMethods: 7247 registered, 234 unregistered
[34.494s][info][gc,metaspace] GC(67) Metaspace: 58M used, 59M committed, 1088M reserved
[34.494s][info][gc,ref      ] GC(67) Soft: 4713 encountered, 0 discovered, 0 enqueued
[34.494s][info][gc,ref      ] GC(67) Weak: 5973 encountered, 692 discovered, 14 enqueued
[34.494s][info][gc,ref      ] GC(67) Final: 82 encountered, 1 discovered, 0 enqueued
[34.494s][info][gc,ref      ] GC(67) Phantom: 608 encountered, 512 discovered, 0 enqueued
[34.494s][info][gc,reloc    ] GC(67) Small Pages: 543 / 1086M, Empty: 860M, Relocated: 3M, In-Place: 0
[34.494s][info][gc,reloc    ] GC(67) Medium Pages: 1 / 32M, Empty: 0M, Relocated: 0M, In-Place: 0
[34.494s][info][gc,reloc    ] GC(67) Large Pages: 2 / 12M, Empty: 0M, Relocated: 0M, In-Place: 0
[34.494s][info][gc,reloc    ] GC(67) Forwarding Usage: 2M
[34.494s][info][gc,heap     ] GC(67) Min Capacity: 8M(0%)
[34.494s][info][gc,heap     ] GC(67) Max Capacity: 2048M(100%)
[34.494s][info][gc,heap     ] GC(67) Soft Max Capacity: 2048M(100%)
[34.494s][info][gc,heap     ] GC(67)                Mark Start          Mark End        Relocate Start      Relocate End           High               Low         
[34.494s][info][gc,heap     ] GC(67)  Capacity:     2048M (100%)       2048M (100%)       2048M (100%)       2048M (100%)       2048M (100%)       2048M (100%)   
[34.494s][info][gc,heap     ] GC(67)      Free:      918M (45%)         612M (30%)        1450M (71%)        1462M (71%)        1470M (72%)         598M (29%)    
[34.495s][info][gc,heap     ] GC(67)      Used:     1130M (55%)        1436M (70%)         598M (29%)         586M (29%)        1450M (71%)         578M (28%)    
[34.495s][info][gc,heap     ] GC(67)      Live:         -               205M (10%)         205M (10%)         205M (10%)            -                  -          
[34.495s][info][gc,heap     ] GC(67) Allocated:         -               306M (15%)         328M (16%)         341M (17%)            -                  -          
[34.495s][info][gc,heap     ] GC(67)   Garbage:         -               924M (45%)          64M (3%)           38M (2%)             -                  -          
[34.495s][info][gc,heap     ] GC(67) Reclaimed:         -                  -               860M (42%)         885M (43%)            -                  -          
[34.495s][info][gc          ] GC(67) Garbage Collection (Allocation Rate) 1130M(55%)->586M(29%)
[34.585s][info][gc,start    ] GC(68) Garbage Collection (System.gc())
[34.585s][info][gc,task     ] GC(68) Using 12 workers
[34.585s][info][gc,phases   ] GC(68) Pause Mark Start 0.015ms
[34.652s][info][gc,phases   ] GC(68) Concurrent Mark 66.636ms
[34.652s][info][gc,phases   ] GC(68) Pause Mark End 0.030ms
[34.652s][info][gc,phases   ] GC(68) Concurrent Mark Free 0.001ms
[34.655s][info][gc,phases   ] GC(68) Concurrent Process Non-Strong References 2.011ms
[34.655s][info][gc,phases   ] GC(68) Concurrent Reset Relocation Set 0.002ms
[34.662s][info][gc,phases   ] GC(68) Concurrent Select Relocation Set 7.274ms
[34.662s][info][gc,phases   ] GC(68) Pause Relocate Start 0.008ms
[34.666s][info][gc,phases   ] GC(68) Concurrent Relocate 4.284ms
[34.666s][info][gc,load     ] GC(68) Load: 0.00/0.00/0.00
[34.666s][info][gc,mmu      ] GC(68) MMU: 2ms/97.4%, 5ms/99.0%, 10ms/99.4%, 20ms/99.7%, 50ms/99.9%, 100ms/99.9%
[34.667s][info][gc,marking  ] GC(68) Mark: 8 stripe(s), 4 proactive flush(es), 1 terminate flush(es), 0 completion(s), 0 continuation(s) 
[34.667s][info][gc,marking  ] GC(68) Mark Stack Usage: 32M
[34.667s][info][gc,nmethod  ] GC(68) NMethods: 7276 registered, 237 unregistered
[34.667s][info][gc,metaspace] GC(68) Metaspace: 58M used, 59M committed, 1088M reserved
[34.667s][info][gc,ref      ] GC(68) Soft: 4711 encountered, 0 discovered, 0 enqueued
[34.667s][info][gc,ref      ] GC(68) Weak: 6018 encountered, 1259 discovered, 122 enqueued
[34.667s][info][gc,ref      ] GC(68) Final: 82 encountered, 2 discovered, 0 enqueued
[34.667s][info][gc,ref      ] GC(68) Phantom: 608 encountered, 469 discovered, 0 enqueued
[34.667s][info][gc,reloc    ] GC(68) Small Pages: 360 / 720M, Empty: 494M, Relocated: 3M, In-Place: 0
[34.667s][info][gc,reloc    ] GC(68) Medium Pages: 1 / 32M, Empty: 0M, Relocated: 0M, In-Place: 0
[34.667s][info][gc,reloc    ] GC(68) Large Pages: 3 / 18M, Empty: 6M, Relocated: 0M, In-Place: 0
[34.667s][info][gc,reloc    ] GC(68) Forwarding Usage: 2M
[34.667s][info][gc,heap     ] GC(68) Min Capacity: 8M(0%)
[34.667s][info][gc,heap     ] GC(68) Max Capacity: 2048M(100%)
[34.667s][info][gc,heap     ] GC(68) Soft Max Capacity: 2048M(100%)
[34.667s][info][gc,heap     ] GC(68)                Mark Start          Mark End        Relocate Start      Relocate End           High               Low         
[34.667s][info][gc,heap     ] GC(68)  Capacity:     2048M (100%)       2048M (100%)       2048M (100%)       2048M (100%)       2048M (100%)       2048M (100%)   
[34.667s][info][gc,heap     ] GC(68)      Free:     1278M (62%)        1276M (62%)        1772M (87%)        1782M (87%)        1782M (87%)        1276M (62%)    
[34.667s][info][gc,heap     ] GC(68)      Used:      770M (38%)         772M (38%)         276M (13%)         266M (13%)         772M (38%)         266M (13%)    
[34.667s][info][gc,heap     ] GC(68)      Live:         -               205M (10%)         205M (10%)         205M (10%)            -                  -          
[34.667s][info][gc,heap     ] GC(68) Allocated:         -                 2M (0%)            6M (0%)            6M (0%)             -                  -          
[34.667s][info][gc,heap     ] GC(68)   Garbage:         -               564M (28%)          64M (3%)           54M (3%)             -                  -          
[34.667s][info][gc,heap     ] GC(68) Reclaimed:         -                  -               500M (24%)         510M (25%)            -                  -          
[34.667s][info][gc          ] GC(68) Garbage Collection (System.gc()) 770M(38%)->266M(13%)
[34.863s][info][gc,start    ] GC(69) Garbage Collection (Allocation Rate)
[34.863s][info][gc,task     ] GC(69) Using 6 workers
[34.863s][info][gc,phases   ] GC(69) Pause Mark Start 0.016ms
[34.941s][info][gc,phases   ] GC(69) Concurrent Mark 77.621ms
[34.941s][info][gc,phases   ] GC(69) Pause Mark End 0.026ms
[34.941s][info][gc,phases   ] GC(69) Concurrent Mark Free 0.001ms
[34.945s][info][gc,phases   ] GC(69) Concurrent Process Non-Strong References 3.650ms
[34.945s][info][gc,phases   ] GC(69) Concurrent Reset Relocation Set 0.002ms
[34.953s][info][gc,phases   ] GC(69) Concurrent Select Relocation Set 7.398ms
[34.953s][info][gc,phases   ] GC(69) Pause Relocate Start 0.009ms
[34.957s][info][gc,phases   ] GC(69) Concurrent Relocate 4.453ms
[34.957s][info][gc,load     ] GC(69) Load: 0.00/0.00/0.00
[34.957s][info][gc,mmu      ] GC(69) MMU: 2ms/97.4%, 5ms/99.0%, 10ms/99.4%, 20ms/99.7%, 50ms/99.9%, 100ms/99.9%
[34.957s][info][gc,marking  ] GC(69) Mark: 4 stripe(s), 2 proactive flush(es), 1 terminate flush(es), 0 completion(s), 0 continuation(s) 
[34.957s][info][gc,marking  ] GC(69) Mark Stack Usage: 32M
[34.957s][info][gc,nmethod  ] GC(69) NMethods: 7323 registered, 242 unregistered
[34.957s][info][gc,metaspace] GC(69) Metaspace: 58M used, 59M committed, 1088M reserved
[34.957s][info][gc,ref      ] GC(69) Soft: 4713 encountered, 0 discovered, 0 enqueued
[34.957s][info][gc,ref      ] GC(69) Weak: 6065 encountered, 1481 discovered, 75 enqueued
[34.957s][info][gc,ref      ] GC(69) Final: 82 encountered, 6 discovered, 0 enqueued
[34.958s][info][gc,ref      ] GC(69) Phantom: 608 encountered, 417 discovered, 0 enqueued
[34.958s][info][gc,reloc    ] GC(69) Small Pages: 299 / 598M, Empty: 348M, Relocated: 5M, In-Place: 0
[34.958s][info][gc,reloc    ] GC(69) Medium Pages: 2 / 64M, Empty: 32M, Relocated: 0M, In-Place: 0
[34.958s][info][gc,reloc    ] GC(69) Large Pages: 4 / 24M, Empty: 12M, Relocated: 0M, In-Place: 0
[34.958s][info][gc,reloc    ] GC(69) Forwarding Usage: 2M
[34.958s][info][gc,heap     ] GC(69) Min Capacity: 8M(0%)
[34.958s][info][gc,heap     ] GC(69) Max Capacity: 2048M(100%)
[34.958s][info][gc,heap     ] GC(69) Soft Max Capacity: 2048M(100%)
[34.958s][info][gc,heap     ] GC(69)                Mark Start          Mark End        Relocate Start      Relocate End           High               Low         
[34.958s][info][gc,heap     ] GC(69)  Capacity:     2048M (100%)       2048M (100%)       2048M (100%)       2048M (100%)       2048M (100%)       2048M (100%)   
[34.958s][info][gc,heap     ] GC(69)      Free:     1362M (67%)        1126M (55%)        1478M (72%)        1514M (74%)        1516M (74%)        1114M (54%)    
[34.958s][info][gc,heap     ] GC(69)      Used:      686M (33%)         922M (45%)         570M (28%)         534M (26%)         934M (46%)         532M (26%)    
[34.958s][info][gc,heap     ] GC(69)      Live:         -               205M (10%)         205M (10%)         205M (10%)            -                  -          
[34.958s][info][gc,heap     ] GC(69) Allocated:         -               236M (12%)         276M (13%)         287M (14%)            -                  -          
[34.958s][info][gc,heap     ] GC(69)   Garbage:         -               480M (23%)          88M (4%)           40M (2%)             -                  -          
[34.958s][info][gc,heap     ] GC(69) Reclaimed:         -                  -               392M (19%)         439M (21%)            -                  -          
[34.958s][info][gc          ] GC(69) Garbage Collection (Allocation Rate) 686M(33%)->534M(26%)
[35.175s][info][gc,start    ] GC(70) Garbage Collection (Allocation Rate)
[35.176s][info][gc,task     ] GC(70) Using 5 workers
[35.176s][info][gc,phases   ] GC(70) Pause Mark Start 0.010ms
[35.269s][info][gc,phases   ] GC(70) Concurrent Mark 93.352ms
[35.269s][info][gc,phases   ] GC(70) Pause Mark End 0.030ms
[35.269s][info][gc,phases   ] GC(70) Concurrent Mark Free 0.001ms
[35.274s][info][gc,phases   ] GC(70) Concurrent Process Non-Strong References 4.574ms
[35.274s][info][gc,phases   ] GC(70) Concurrent Reset Relocation Set 0.003ms
[35.278s][info][gc,phases   ] GC(70) Concurrent Select Relocation Set 3.709ms
[35.278s][info][gc,phases   ] GC(70) Pause Relocate Start 0.008ms
[35.281s][info][gc,phases   ] GC(70) Concurrent Relocate 2.889ms
[35.281s][info][gc,load     ] GC(70) Load: 0.00/0.00/0.00
[35.281s][info][gc,mmu      ] GC(70) MMU: 2ms/97.4%, 5ms/99.0%, 10ms/99.4%, 20ms/99.7%, 50ms/99.9%, 100ms/99.9%
[35.281s][info][gc,marking  ] GC(70) Mark: 4 stripe(s), 2 proactive flush(es), 1 terminate flush(es), 0 completion(s), 0 continuation(s) 
[35.281s][info][gc,marking  ] GC(70) Mark Stack Usage: 32M
[35.281s][info][gc,nmethod  ] GC(70) NMethods: 7320 registered, 246 unregistered
[35.281s][info][gc,metaspace] GC(70) Metaspace: 58M used, 59M committed, 1088M reserved
[35.281s][info][gc,ref      ] GC(70) Soft: 4713 encountered, 0 discovered, 0 enqueued
[35.281s][info][gc,ref      ] GC(70) Weak: 5991 encountered, 1176 discovered, 19 enqueued
[35.281s][info][gc,ref      ] GC(70) Final: 82 encountered, 5 discovered, 0 enqueued
[35.281s][info][gc,ref      ] GC(70) Phantom: 608 encountered, 406 discovered, 0 enqueued
[35.281s][info][gc,reloc    ] GC(70) Small Pages: 533 / 1066M, Empty: 842M, Relocated: 5M, In-Place: 0
[35.281s][info][gc,reloc    ] GC(70) Medium Pages: 1 / 32M, Empty: 0M, Relocated: 0M, In-Place: 0
[35.281s][info][gc,reloc    ] GC(70) Large Pages: 2 / 12M, Empty: 0M, Relocated: 0M, In-Place: 0
[35.281s][info][gc,reloc    ] GC(70) Forwarding Usage: 2M
[35.281s][info][gc,heap     ] GC(70) Min Capacity: 8M(0%)
[35.281s][info][gc,heap     ] GC(70) Max Capacity: 2048M(100%)
[35.281s][info][gc,heap     ] GC(70) Soft Max Capacity: 2048M(100%)
[35.282s][info][gc,heap     ] GC(70)                Mark Start          Mark End        Relocate Start      Relocate End           High               Low         
[35.282s][info][gc,heap     ] GC(70)  Capacity:     2048M (100%)       2048M (100%)       2048M (100%)       2048M (100%)       2048M (100%)       2048M (100%)   
[35.282s][info][gc,heap     ] GC(70)      Free:      938M (46%)         686M (33%)        1504M (73%)        1522M (74%)        1522M (74%)         672M (33%)    
[35.282s][info][gc,heap     ] GC(70)      Used:     1110M (54%)        1362M (67%)         544M (27%)         526M (26%)        1376M (67%)         526M (26%)    
[35.282s][info][gc,heap     ] GC(70)      Live:         -               205M (10%)         205M (10%)         205M (10%)            -                  -          
[35.282s][info][gc,heap     ] GC(70) Allocated:         -               252M (12%)         276M (13%)         281M (14%)            -                  -          
[35.282s][info][gc,heap     ] GC(70)   Garbage:         -               904M (44%)          62M (3%)           38M (2%)             -                  -          
[35.282s][info][gc,heap     ] GC(70) Reclaimed:         -                  -               842M (41%)         865M (42%)            -                  -          
[35.282s][info][gc          ] GC(70) Garbage Collection (Allocation Rate) 1110M(54%)->526M(26%)
[35.464s][info][gc,start    ] GC(71) Garbage Collection (Allocation Rate)
[35.464s][info][gc,task     ] GC(71) Using 4 workers
[35.465s][info][gc,phases   ] GC(71) Pause Mark Start 0.014ms
[35.574s][info][gc,phases   ] GC(71) Concurrent Mark 109.193ms
[35.574s][info][gc,phases   ] GC(71) Pause Mark End 0.029ms
[35.574s][info][gc,phases   ] GC(71) Concurrent Mark Free 0.001ms
[35.580s][info][gc,phases   ] GC(71) Concurrent Process Non-Strong References 5.365ms
[35.580s][info][gc,phases   ] GC(71) Concurrent Reset Relocation Set 0.002ms
[35.583s][info][gc,phases   ] GC(71) Concurrent Select Relocation Set 3.011ms
[35.583s][info][gc,phases   ] GC(71) Pause Relocate Start 0.010ms
[35.587s][info][gc,phases   ] GC(71) Concurrent Relocate 3.905ms
[35.587s][info][gc,load     ] GC(71) Load: 0.00/0.00/0.00
[35.587s][info][gc,mmu      ] GC(71) MMU: 2ms/97.4%, 5ms/99.0%, 10ms/99.4%, 20ms/99.7%, 50ms/99.9%, 100ms/99.9%
[35.587s][info][gc,marking  ] GC(71) Mark: 4 stripe(s), 2 proactive flush(es), 1 terminate flush(es), 0 completion(s), 0 continuation(s) 
[35.587s][info][gc,marking  ] GC(71) Mark Stack Usage: 32M
[35.587s][info][gc,nmethod  ] GC(71) NMethods: 7347 registered, 246 unregistered
[35.587s][info][gc,metaspace] GC(71) Metaspace: 58M used, 59M committed, 1088M reserved
[35.587s][info][gc,ref      ] GC(71) Soft: 4713 encountered, 0 discovered, 0 enqueued
[35.587s][info][gc,ref      ] GC(71) Weak: 5968 encountered, 2443 discovered, 0 enqueued
[35.587s][info][gc,ref      ] GC(71) Final: 82 encountered, 5 discovered, 0 enqueued
[35.587s][info][gc,ref      ] GC(71) Phantom: 608 encountered, 395 discovered, 0 enqueued
[35.587s][info][gc,reloc    ] GC(71) Small Pages: 480 / 960M, Empty: 744M, Relocated: 5M, In-Place: 0
[35.587s][info][gc,reloc    ] GC(71) Medium Pages: 1 / 32M, Empty: 0M, Relocated: 0M, In-Place: 0
[35.587s][info][gc,reloc    ] GC(71) Large Pages: 2 / 12M, Empty: 0M, Relocated: 0M, In-Place: 0
[35.587s][info][gc,reloc    ] GC(71) Forwarding Usage: 2M
[35.587s][info][gc,heap     ] GC(71) Min Capacity: 8M(0%)
[35.587s][info][gc,heap     ] GC(71) Max Capacity: 2048M(100%)
[35.587s][info][gc,heap     ] GC(71) Soft Max Capacity: 2048M(100%)
[35.587s][info][gc,heap     ] GC(71)                Mark Start          Mark End        Relocate Start      Relocate End           High               Low         
[35.587s][info][gc,heap     ] GC(71)  Capacity:     2048M (100%)       2048M (100%)       2048M (100%)       2048M (100%)       2048M (100%)       2048M (100%)   
[35.587s][info][gc,heap     ] GC(71)      Free:     1044M (51%)         826M (40%)        1568M (77%)        1586M (77%)        1586M (77%)         824M (40%)    
[35.587s][info][gc,heap     ] GC(71)      Used:     1004M (49%)        1222M (60%)         480M (23%)         462M (23%)        1224M (60%)         462M (23%)    
[35.587s][info][gc,heap     ] GC(71)      Live:         -               205M (10%)         205M (10%)         205M (10%)            -                  -          
[35.587s][info][gc,heap     ] GC(71) Allocated:         -               218M (11%)         220M (11%)         219M (11%)            -                  -          
[35.587s][info][gc,heap     ] GC(71)   Garbage:         -               798M (39%)          54M (3%)           36M (2%)             -                  -          
[35.587s][info][gc,heap     ] GC(71) Reclaimed:         -                  -               744M (36%)         761M (37%)            -                  -          
[35.587s][info][gc          ] GC(71) Garbage Collection (Allocation Rate) 1004M(49%)->462M(23%)
[35.597s][info][gc,start    ] GC(72) Garbage Collection (System.gc())
[35.597s][info][gc,task     ] GC(72) Using 12 workers
[35.597s][info][gc,phases   ] GC(72) Pause Mark Start 0.013ms
[35.652s][info][gc,phases   ] GC(72) Concurrent Mark 54.696ms
[35.652s][info][gc,phases   ] GC(72) Pause Mark End 0.021ms
[35.652s][info][gc,phases   ] GC(72) Concurrent Mark Free 0.001ms
[35.654s][info][gc,phases   ] GC(72) Concurrent Process Non-Strong References 2.030ms
[35.654s][info][gc,phases   ] GC(72) Concurrent Reset Relocation Set 0.002ms
[35.658s][info][gc,phases   ] GC(72) Concurrent Select Relocation Set 3.730ms
[35.658s][info][gc,phases   ] GC(72) Pause Relocate Start 0.008ms
[35.662s][info][gc,phases   ] GC(72) Concurrent Relocate 3.254ms
[35.662s][info][gc,load     ] GC(72) Load: 0.00/0.00/0.00
[35.662s][info][gc,mmu      ] GC(72) MMU: 2ms/97.4%, 5ms/99.0%, 10ms/99.4%, 20ms/99.7%, 50ms/99.9%, 100ms/99.9%
[35.662s][info][gc,marking  ] GC(72) Mark: 8 stripe(s), 1 proactive flush(es), 1 terminate flush(es), 0 completion(s), 0 continuation(s) 
[35.662s][info][gc,marking  ] GC(72) Mark Stack Usage: 32M
[35.662s][info][gc,nmethod  ] GC(72) NMethods: 7351 registered, 252 unregistered
[35.662s][info][gc,metaspace] GC(72) Metaspace: 58M used, 59M committed, 1088M reserved
[35.662s][info][gc,ref      ] GC(72) Soft: 4711 encountered, 0 discovered, 0 enqueued
[35.662s][info][gc,ref      ] GC(72) Weak: 6037 encountered, 1861 discovered, 120 enqueued
[35.662s][info][gc,ref      ] GC(72) Final: 82 encountered, 4 discovered, 0 enqueued
[35.662s][info][gc,ref      ] GC(72) Phantom: 608 encountered, 446 discovered, 0 enqueued
[35.662s][info][gc,reloc    ] GC(72) Small Pages: 206 / 412M, Empty: 198M, Relocated: 3M, In-Place: 0
[35.662s][info][gc,reloc    ] GC(72) Medium Pages: 1 / 32M, Empty: 0M, Relocated: 0M, In-Place: 0
[35.662s][info][gc,reloc    ] GC(72) Large Pages: 3 / 18M, Empty: 6M, Relocated: 0M, In-Place: 0
[35.662s][info][gc,reloc    ] GC(72) Forwarding Usage: 2M
[35.662s][info][gc,heap     ] GC(72) Min Capacity: 8M(0%)
[35.662s][info][gc,heap     ] GC(72) Max Capacity: 2048M(100%)
[35.662s][info][gc,heap     ] GC(72) Soft Max Capacity: 2048M(100%)
[35.662s][info][gc,heap     ] GC(72)                Mark Start          Mark End        Relocate Start      Relocate End           High               Low         
[35.662s][info][gc,heap     ] GC(72)  Capacity:     2048M (100%)       2048M (100%)       2048M (100%)       2048M (100%)       2048M (100%)       2048M (100%)   
[35.662s][info][gc,heap     ] GC(72)      Free:     1586M (77%)        1586M (77%)        1784M (87%)        1784M (87%)        1784M (87%)        1584M (77%)    
[35.662s][info][gc,heap     ] GC(72)      Used:      462M (23%)         462M (23%)         264M (13%)         264M (13%)         464M (23%)         264M (13%)    
[35.662s][info][gc,heap     ] GC(72)      Live:         -               205M (10%)         205M (10%)         205M (10%)            -                  -          
[35.662s][info][gc,heap     ] GC(72) Allocated:         -                 0M (0%)            6M (0%)            5M (0%)             -                  -          
[35.662s][info][gc,heap     ] GC(72)   Garbage:         -               256M (13%)          52M (3%)           52M (3%)             -                  -          
[35.662s][info][gc,heap     ] GC(72) Reclaimed:         -                  -               204M (10%)         203M (10%)            -                  -          
[35.662s][info][gc          ] GC(72) Garbage Collection (System.gc()) 462M(23%)->264M(13%)
[35.971s][info][gc,start    ] GC(73) Garbage Collection (Allocation Rate)
[35.971s][info][gc,task     ] GC(73) Using 4 workers
[35.972s][info][gc,phases   ] GC(73) Pause Mark Start 0.016ms
[36.081s][info][gc,phases   ] GC(73) Concurrent Mark 108.868ms
[36.081s][info][gc,phases   ] GC(73) Pause Mark End 0.025ms
[36.081s][info][gc,phases   ] GC(73) Concurrent Mark Free 0.001ms
[36.086s][info][gc,phases   ] GC(73) Concurrent Process Non-Strong References 5.069ms
[36.086s][info][gc,phases   ] GC(73) Concurrent Reset Relocation Set 0.002ms
[36.093s][info][gc,phases   ] GC(73) Concurrent Select Relocation Set 7.300ms
[36.094s][info][gc,phases   ] GC(73) Pause Relocate Start 0.008ms
[36.098s][info][gc,phases   ] GC(73) Concurrent Relocate 4.246ms
[36.098s][info][gc,load     ] GC(73) Load: 0.00/0.00/0.00
[36.098s][info][gc,mmu      ] GC(73) MMU: 2ms/97.4%, 5ms/99.0%, 10ms/99.4%, 20ms/99.7%, 50ms/99.9%, 100ms/99.9%
[36.098s][info][gc,marking  ] GC(73) Mark: 4 stripe(s), 2 proactive flush(es), 1 terminate flush(es), 0 completion(s), 0 continuation(s) 
[36.098s][info][gc,marking  ] GC(73) Mark Stack Usage: 32M
[36.098s][info][gc,nmethod  ] GC(73) NMethods: 7389 registered, 258 unregistered
[36.098s][info][gc,metaspace] GC(73) Metaspace: 58M used, 59M committed, 1088M reserved
[36.098s][info][gc,ref      ] GC(73) Soft: 4713 encountered, 0 discovered, 0 enqueued
[36.098s][info][gc,ref      ] GC(73) Weak: 6058 encountered, 3174 discovered, 73 enqueued
[36.098s][info][gc,ref      ] GC(73) Final: 82 encountered, 3 discovered, 0 enqueued
[36.098s][info][gc,ref      ] GC(73) Phantom: 608 encountered, 557 discovered, 0 enqueued
[36.098s][info][gc,reloc    ] GC(73) Small Pages: 503 / 1006M, Empty: 764M, Relocated: 5M, In-Place: 0
[36.098s][info][gc,reloc    ] GC(73) Medium Pages: 2 / 64M, Empty: 32M, Relocated: 0M, In-Place: 0
[36.098s][info][gc,reloc    ] GC(73) Large Pages: 4 / 24M, Empty: 12M, Relocated: 0M, In-Place: 0
[36.098s][info][gc,reloc    ] GC(73) Forwarding Usage: 2M
[36.098s][info][gc,heap     ] GC(73) Min Capacity: 8M(0%)
[36.098s][info][gc,heap     ] GC(73) Max Capacity: 2048M(100%)
[36.098s][info][gc,heap     ] GC(73) Soft Max Capacity: 2048M(100%)
[36.098s][info][gc,heap     ] GC(73)                Mark Start          Mark End        Relocate Start      Relocate End           High               Low         
[36.098s][info][gc,heap     ] GC(73)  Capacity:     2048M (100%)       2048M (100%)       2048M (100%)       2048M (100%)       2048M (100%)       2048M (100%)   
[36.098s][info][gc,heap     ] GC(73)      Free:      954M (47%)         592M (29%)        1354M (66%)        1388M (68%)        1390M (68%)         574M (28%)    
[36.099s][info][gc,heap     ] GC(73)      Used:     1094M (53%)        1456M (71%)         694M (34%)         660M (32%)        1474M (72%)         658M (32%)    
[36.099s][info][gc,heap     ] GC(73)      Live:         -               206M (10%)         206M (10%)         206M (10%)            -                  -          
[36.099s][info][gc,heap     ] GC(73) Allocated:         -               362M (18%)         408M (20%)         417M (20%)            -                  -          
[36.099s][info][gc,heap     ] GC(73)   Garbage:         -               887M (43%)          79M (4%)           36M (2%)             -                  -          
[36.099s][info][gc,heap     ] GC(73) Reclaimed:         -                  -               808M (39%)         851M (42%)            -                  -          
[36.099s][info][gc          ] GC(73) Garbage Collection (Allocation Rate) 1094M(53%)->660M(32%)
[36.268s][info][gc,start    ] GC(74) Garbage Collection (Allocation Rate)
[36.268s][info][gc,task     ] GC(74) Using 4 workers
[36.268s][info][gc,phases   ] GC(74) Pause Mark Start 0.014ms
[36.377s][info][gc,phases   ] GC(74) Concurrent Mark 108.971ms
[36.378s][info][gc,phases   ] GC(74) Pause Mark End 0.030ms
[36.378s][info][gc,phases   ] GC(74) Concurrent Mark Free 0.001ms
[36.383s][info][gc,phases   ] GC(74) Concurrent Process Non-Strong References 4.975ms
[36.383s][info][gc,phases   ] GC(74) Concurrent Reset Relocation Set 0.003ms
[36.385s][info][gc,phases   ] GC(74) Concurrent Select Relocation Set 2.396ms
[36.385s][info][gc,phases   ] GC(74) Pause Relocate Start 0.007ms
[36.389s][info][gc,phases   ] GC(74) Concurrent Relocate 3.187ms
[36.389s][info][gc,load     ] GC(74) Load: 0.00/0.00/0.00
[36.389s][info][gc,mmu      ] GC(74) MMU: 2ms/97.4%, 5ms/99.0%, 10ms/99.4%, 20ms/99.7%, 50ms/99.9%, 100ms/99.9%
[36.389s][info][gc,marking  ] GC(74) Mark: 4 stripe(s), 2 proactive flush(es), 1 terminate flush(es), 0 completion(s), 0 continuation(s) 
[36.389s][info][gc,marking  ] GC(74) Mark Stack Usage: 32M
[36.389s][info][gc,nmethod  ] GC(74) NMethods: 7389 registered, 258 unregistered
[36.389s][info][gc,metaspace] GC(74) Metaspace: 58M used, 59M committed, 1088M reserved
[36.389s][info][gc,ref      ] GC(74) Soft: 4713 encountered, 0 discovered, 0 enqueued
[36.389s][info][gc,ref      ] GC(74) Weak: 5985 encountered, 1386 discovered, 14 enqueued
[36.389s][info][gc,ref      ] GC(74) Final: 82 encountered, 38 discovered, 0 enqueued
[36.389s][info][gc,ref      ] GC(74) Phantom: 608 encountered, 544 discovered, 0 enqueued
[36.389s][info][gc,reloc    ] GC(74) Small Pages: 510 / 1020M, Empty: 798M, Relocated: 3M, In-Place: 0
[36.389s][info][gc,reloc    ] GC(74) Medium Pages: 1 / 32M, Empty: 0M, Relocated: 0M, In-Place: 0
[36.389s][info][gc,reloc    ] GC(74) Large Pages: 2 / 12M, Empty: 0M, Relocated: 0M, In-Place: 0
[36.389s][info][gc,reloc    ] GC(74) Forwarding Usage: 2M
[36.389s][info][gc,heap     ] GC(74) Min Capacity: 8M(0%)
[36.389s][info][gc,heap     ] GC(74) Max Capacity: 2048M(100%)
[36.389s][info][gc,heap     ] GC(74) Soft Max Capacity: 2048M(100%)
[36.389s][info][gc,heap     ] GC(74)                Mark Start          Mark End        Relocate Start      Relocate End           High               Low         
[36.389s][info][gc,heap     ] GC(74)  Capacity:     2048M (100%)       2048M (100%)       2048M (100%)       2048M (100%)       2048M (100%)       2048M (100%)   
[36.389s][info][gc,heap     ] GC(74)      Free:      984M (48%)         746M (36%)        1530M (75%)        1546M (75%)        1546M (75%)         736M (36%)    
[36.389s][info][gc,heap     ] GC(74)      Used:     1064M (52%)        1302M (64%)         518M (25%)         502M (25%)        1312M (64%)         502M (25%)    
[36.389s][info][gc,heap     ] GC(74)      Live:         -               205M (10%)         205M (10%)         205M (10%)            -                  -          
[36.389s][info][gc,heap     ] GC(74) Allocated:         -               238M (12%)         252M (12%)         257M (13%)            -                  -          
[36.389s][info][gc,heap     ] GC(74)   Garbage:         -               858M (42%)          60M (3%)           38M (2%)             -                  -          
[36.389s][info][gc,heap     ] GC(74) Reclaimed:         -                  -               798M (39%)         819M (40%)            -                  -          
[36.389s][info][gc          ] GC(74) Garbage Collection (Allocation Rate) 1064M(52%)->502M(25%)
[36.546s][info][gc,start    ] GC(75) Garbage Collection (System.gc())
[36.546s][info][gc,task     ] GC(75) Using 12 workers
[36.546s][info][gc,phases   ] GC(75) Pause Mark Start 0.015ms
[36.603s][info][gc,phases   ] GC(75) Concurrent Mark 56.645ms
[36.603s][info][gc,phases   ] GC(75) Pause Mark End 0.017ms
[36.603s][info][gc,phases   ] GC(75) Concurrent Mark Free 0.001ms
[36.605s][info][gc,phases   ] GC(75) Concurrent Process Non-Strong References 1.713ms
[36.605s][info][gc,phases   ] GC(75) Concurrent Reset Relocation Set 0.002ms
[36.612s][info][gc,phases   ] GC(75) Concurrent Select Relocation Set 6.831ms
[36.612s][info][gc,phases   ] GC(75) Pause Relocate Start 0.007ms
[36.617s][info][gc,phases   ] GC(75) Concurrent Relocate 4.722ms
[36.617s][info][gc,load     ] GC(75) Load: 0.00/0.00/0.00
[36.617s][info][gc,mmu      ] GC(75) MMU: 2ms/97.4%, 5ms/99.0%, 10ms/99.4%, 20ms/99.7%, 50ms/99.9%, 100ms/99.9%
[36.617s][info][gc,marking  ] GC(75) Mark: 8 stripe(s), 2 proactive flush(es), 1 terminate flush(es), 0 completion(s), 0 continuation(s) 
[36.617s][info][gc,marking  ] GC(75) Mark Stack Usage: 32M
[36.617s][info][gc,nmethod  ] GC(75) NMethods: 7430 registered, 264 unregistered
[36.617s][info][gc,metaspace] GC(75) Metaspace: 58M used, 59M committed, 1088M reserved
[36.617s][info][gc,ref      ] GC(75) Soft: 4711 encountered, 0 discovered, 0 enqueued
[36.617s][info][gc,ref      ] GC(75) Weak: 6032 encountered, 2068 discovered, 121 enqueued
[36.617s][info][gc,ref      ] GC(75) Final: 82 encountered, 1 discovered, 0 enqueued
[36.617s][info][gc,ref      ] GC(75) Phantom: 608 encountered, 350 discovered, 0 enqueued
[36.617s][info][gc,reloc    ] GC(75) Small Pages: 402 / 804M, Empty: 588M, Relocated: 3M, In-Place: 0
[36.617s][info][gc,reloc    ] GC(75) Medium Pages: 1 / 32M, Empty: 0M, Relocated: 0M, In-Place: 0
[36.617s][info][gc,reloc    ] GC(75) Large Pages: 3 / 18M, Empty: 6M, Relocated: 0M, In-Place: 0
[36.617s][info][gc,reloc    ] GC(75) Forwarding Usage: 2M
[36.617s][info][gc,heap     ] GC(75) Min Capacity: 8M(0%)
[36.617s][info][gc,heap     ] GC(75) Max Capacity: 2048M(100%)
[36.618s][info][gc,heap     ] GC(75) Soft Max Capacity: 2048M(100%)
[36.618s][info][gc,heap     ] GC(75)                Mark Start          Mark End        Relocate Start      Relocate End           High               Low         
[36.618s][info][gc,heap     ] GC(75)  Capacity:     2048M (100%)       2048M (100%)       2048M (100%)       2048M (100%)       2048M (100%)       2048M (100%)   
[36.618s][info][gc,heap     ] GC(75)      Free:     1194M (58%)        1194M (58%)        1782M (87%)        1782M (87%)        1782M (87%)        1192M (58%)    
[36.618s][info][gc,heap     ] GC(75)      Used:      854M (42%)         854M (42%)         266M (13%)         266M (13%)         856M (42%)         266M (13%)    
[36.618s][info][gc,heap     ] GC(75)      Live:         -               205M (10%)         205M (10%)         205M (10%)            -                  -          
[36.618s][info][gc,heap     ] GC(75) Allocated:         -                 0M (0%)            6M (0%)            6M (0%)             -                  -          
[36.618s][info][gc,heap     ] GC(75)   Garbage:         -               648M (32%)          54M (3%)           54M (3%)             -                  -          
[36.618s][info][gc,heap     ] GC(75) Reclaimed:         -                  -               594M (29%)         594M (29%)            -                  -          
[36.618s][info][gc          ] GC(75) Garbage Collection (System.gc()) 854M(42%)->266M(13%)
[36.963s][info][gc,start    ] GC(76) Garbage Collection (Allocation Rate)
[36.963s][info][gc,task     ] GC(76) Using 5 workers
[36.963s][info][gc,phases   ] GC(76) Pause Mark Start 0.017ms
[37.056s][info][gc,phases   ] GC(76) Concurrent Mark 93.279ms
[37.056s][info][gc,phases   ] GC(76) Pause Mark End 0.030ms
[37.057s][info][gc,phases   ] GC(76) Concurrent Mark Free 0.001ms
[37.061s][info][gc,phases   ] GC(76) Concurrent Process Non-Strong References 4.192ms
[37.061s][info][gc,phases   ] GC(76) Concurrent Reset Relocation Set 0.002ms
[37.068s][info][gc,phases   ] GC(76) Concurrent Select Relocation Set 7.216ms
[37.068s][info][gc,phases   ] GC(76) Pause Relocate Start 0.010ms
[37.073s][info][gc,phases   ] GC(76) Concurrent Relocate 4.444ms
[37.073s][info][gc,load     ] GC(76) Load: 0.00/0.00/0.00
[37.073s][info][gc,mmu      ] GC(76) MMU: 2ms/97.4%, 5ms/99.0%, 10ms/99.4%, 20ms/99.7%, 50ms/99.9%, 100ms/99.9%
[37.073s][info][gc,marking  ] GC(76) Mark: 4 stripe(s), 2 proactive flush(es), 1 terminate flush(es), 0 completion(s), 0 continuation(s) 
[37.073s][info][gc,marking  ] GC(76) Mark Stack Usage: 32M
[37.073s][info][gc,nmethod  ] GC(76) NMethods: 7464 registered, 267 unregistered
[37.073s][info][gc,metaspace] GC(76) Metaspace: 58M used, 59M committed, 1088M reserved
[37.073s][info][gc,ref      ] GC(76) Soft: 4713 encountered, 0 discovered, 0 enqueued
[37.073s][info][gc,ref      ] GC(76) Weak: 6077 encountered, 3347 discovered, 75 enqueued
[37.073s][info][gc,ref      ] GC(76) Final: 82 encountered, 4 discovered, 0 enqueued
[37.073s][info][gc,ref      ] GC(76) Phantom: 608 encountered, 502 discovered, 0 enqueued
[37.073s][info][gc,reloc    ] GC(76) Small Pages: 559 / 1118M, Empty: 870M, Relocated: 5M, In-Place: 0
[37.073s][info][gc,reloc    ] GC(76) Medium Pages: 2 / 64M, Empty: 32M, Relocated: 0M, In-Place: 0
[37.073s][info][gc,reloc    ] GC(76) Large Pages: 4 / 24M, Empty: 12M, Relocated: 0M, In-Place: 0
[37.073s][info][gc,reloc    ] GC(76) Forwarding Usage: 2M
[37.073s][info][gc,heap     ] GC(76) Min Capacity: 8M(0%)
[37.073s][info][gc,heap     ] GC(76) Max Capacity: 2048M(100%)
[37.073s][info][gc,heap     ] GC(76) Soft Max Capacity: 2048M(100%)
[37.073s][info][gc,heap     ] GC(76)                Mark Start          Mark End        Relocate Start      Relocate End           High               Low         
[37.073s][info][gc,heap     ] GC(76)  Capacity:     2048M (100%)       2048M (100%)       2048M (100%)       2048M (100%)       2048M (100%)       2048M (100%)   
[37.073s][info][gc,heap     ] GC(76)      Free:      842M (41%)         584M (29%)        1456M (71%)        1494M (73%)        1496M (73%)         568M (28%)    
[37.073s][info][gc,heap     ] GC(76)      Used:     1206M (59%)        1464M (71%)         592M (29%)         554M (27%)        1480M (72%)         552M (27%)    
[37.073s][info][gc,heap     ] GC(76)      Live:         -               206M (10%)         206M (10%)         206M (10%)            -                  -          
[37.074s][info][gc,heap     ] GC(76) Allocated:         -               258M (13%)         300M (15%)         309M (15%)            -                  -          
[37.074s][info][gc,heap     ] GC(76)   Garbage:         -               999M (49%)          85M (4%)           37M (2%)             -                  -          
[37.074s][info][gc,heap     ] GC(76) Reclaimed:         -                  -               914M (45%)         961M (47%)            -                  -          
[37.074s][info][gc          ] GC(76) Garbage Collection (Allocation Rate) 1206M(59%)->554M(27%)
[37.376s][info][gc,start    ] GC(77) Garbage Collection (Allocation Rate)
[37.376s][info][gc,task     ] GC(77) Using 4 workers
[37.376s][info][gc,phases   ] GC(77) Pause Mark Start 0.016ms
[37.485s][info][gc,phases   ] GC(77) Concurrent Mark 108.979ms
[37.485s][info][gc,phases   ] GC(77) Pause Mark End 0.069ms
[37.485s][info][gc,phases   ] GC(77) Concurrent Mark Free 0.001ms
[37.491s][info][gc,phases   ] GC(77) Concurrent Process Non-Strong References 5.393ms
[37.491s][info][gc,phases   ] GC(77) Concurrent Reset Relocation Set 0.003ms
[37.499s][info][gc,phases   ] GC(77) Concurrent Select Relocation Set 8.451ms
[37.500s][info][gc,phases   ] GC(77) Pause Relocate Start 0.008ms
[37.504s][info][gc,phases   ] GC(77) Concurrent Relocate 4.188ms
[37.504s][info][gc,load     ] GC(77) Load: 0.00/0.00/0.00
[37.504s][info][gc,mmu      ] GC(77) MMU: 2ms/96.5%, 5ms/98.6%, 10ms/99.3%, 20ms/99.6%, 50ms/99.8%, 100ms/99.9%
[37.504s][info][gc,marking  ] GC(77) Mark: 4 stripe(s), 2 proactive flush(es), 1 terminate flush(es), 1 completion(s), 0 continuation(s) 
[37.504s][info][gc,marking  ] GC(77) Mark Stack Usage: 32M
[37.504s][info][gc,nmethod  ] GC(77) NMethods: 7475 registered, 267 unregistered
[37.504s][info][gc,metaspace] GC(77) Metaspace: 58M used, 59M committed, 1088M reserved
[37.504s][info][gc,ref      ] GC(77) Soft: 4713 encountered, 0 discovered, 0 enqueued
[37.504s][info][gc,ref      ] GC(77) Weak: 6003 encountered, 1805 discovered, 1 enqueued
[37.504s][info][gc,ref      ] GC(77) Final: 82 encountered, 2 discovered, 0 enqueued
[37.504s][info][gc,ref      ] GC(77) Phantom: 608 encountered, 475 discovered, 0 enqueued
[37.504s][info][gc,reloc    ] GC(77) Small Pages: 621 / 1242M, Empty: 1018M, Relocated: 5M, In-Place: 0
[37.504s][info][gc,reloc    ] GC(77) Medium Pages: 1 / 32M, Empty: 0M, Relocated: 0M, In-Place: 0
[37.504s][info][gc,reloc    ] GC(77) Large Pages: 2 / 12M, Empty: 0M, Relocated: 0M, In-Place: 0
[37.504s][info][gc,reloc    ] GC(77) Forwarding Usage: 3M
[37.504s][info][gc,heap     ] GC(77) Min Capacity: 8M(0%)
[37.504s][info][gc,heap     ] GC(77) Max Capacity: 2048M(100%)
[37.504s][info][gc,heap     ] GC(77) Soft Max Capacity: 2048M(100%)
[37.504s][info][gc,heap     ] GC(77)                Mark Start          Mark End        Relocate Start      Relocate End           High               Low         
[37.504s][info][gc,heap     ] GC(77)  Capacity:     2048M (100%)       2048M (100%)       2048M (100%)       2048M (100%)       2048M (100%)       2048M (100%)   
[37.504s][info][gc,heap     ] GC(77)      Free:      762M (37%)         496M (24%)        1502M (73%)        1528M (75%)        1528M (75%)         492M (24%)    
[37.504s][info][gc,heap     ] GC(77)      Used:     1286M (63%)        1552M (76%)         546M (27%)         520M (25%)        1556M (76%)         520M (25%)    
[37.504s][info][gc,heap     ] GC(77)      Live:         -               206M (10%)         206M (10%)         206M (10%)            -                  -          
[37.504s][info][gc,heap     ] GC(77) Allocated:         -               266M (13%)         278M (14%)         277M (14%)            -                  -          
[37.505s][info][gc,heap     ] GC(77)   Garbage:         -              1079M (53%)          61M (3%)           35M (2%)             -                  -          
[37.505s][info][gc,heap     ] GC(77) Reclaimed:         -                  -              1018M (50%)        1043M (51%)            -                  -          
[37.505s][info][gc          ] GC(77) Garbage Collection (Allocation Rate) 1286M(63%)->520M(25%)
[37.529s][info][gc,start    ] GC(78) Garbage Collection (System.gc())
[37.529s][info][gc,task     ] GC(78) Using 12 workers
[37.529s][info][gc,phases   ] GC(78) Pause Mark Start 0.014ms
[37.588s][info][gc,phases   ] GC(78) Concurrent Mark 58.980ms
[37.588s][info][gc,phases   ] GC(78) Pause Mark End 0.029ms
[37.588s][info][gc,phases   ] GC(78) Concurrent Mark Free 0.001ms
[37.590s][info][gc,phases   ] GC(78) Concurrent Process Non-Strong References 1.709ms
[37.590s][info][gc,phases   ] GC(78) Concurrent Reset Relocation Set 0.002ms
[37.594s][info][gc,phases   ] GC(78) Concurrent Select Relocation Set 3.899ms
[37.594s][info][gc,phases   ] GC(78) Pause Relocate Start 0.007ms
[37.597s][info][gc,phases   ] GC(78) Concurrent Relocate 2.935ms
[37.597s][info][gc,load     ] GC(78) Load: 0.00/0.00/0.00
[37.597s][info][gc,mmu      ] GC(78) MMU: 2ms/96.5%, 5ms/98.6%, 10ms/99.3%, 20ms/99.6%, 50ms/99.8%, 100ms/99.9%
[37.597s][info][gc,marking  ] GC(78) Mark: 8 stripe(s), 2 proactive flush(es), 1 terminate flush(es), 0 completion(s), 0 continuation(s) 
[37.597s][info][gc,marking  ] GC(78) Mark Stack Usage: 32M
[37.597s][info][gc,nmethod  ] GC(78) NMethods: 7517 registered, 270 unregistered
[37.597s][info][gc,metaspace] GC(78) Metaspace: 58M used, 59M committed, 1088M reserved
[37.597s][info][gc,ref      ] GC(78) Soft: 4711 encountered, 0 discovered, 0 enqueued
[37.597s][info][gc,ref      ] GC(78) Weak: 6057 encountered, 1962 discovered, 129 enqueued
[37.597s][info][gc,ref      ] GC(78) Final: 82 encountered, 4 discovered, 0 enqueued
[37.597s][info][gc,ref      ] GC(78) Phantom: 608 encountered, 430 discovered, 0 enqueued
[37.597s][info][gc,reloc    ] GC(78) Small Pages: 236 / 472M, Empty: 258M, Relocated: 3M, In-Place: 0
[37.597s][info][gc,reloc    ] GC(78) Medium Pages: 1 / 32M, Empty: 0M, Relocated: 0M, In-Place: 0
[37.597s][info][gc,reloc    ] GC(78) Large Pages: 3 / 18M, Empty: 6M, Relocated: 0M, In-Place: 0
[37.597s][info][gc,reloc    ] GC(78) Forwarding Usage: 2M
[37.597s][info][gc,heap     ] GC(78) Min Capacity: 8M(0%)
[37.597s][info][gc,heap     ] GC(78) Max Capacity: 2048M(100%)
[37.598s][info][gc,heap     ] GC(78) Soft Max Capacity: 2048M(100%)
[37.598s][info][gc,heap     ] GC(78)                Mark Start          Mark End        Relocate Start      Relocate End           High               Low         
[37.598s][info][gc,heap     ] GC(78)  Capacity:     2048M (100%)       2048M (100%)       2048M (100%)       2048M (100%)       2048M (100%)       2048M (100%)   
[37.598s][info][gc,heap     ] GC(78)      Free:     1526M (75%)        1526M (75%)        1784M (87%)        1784M (87%)        1784M (87%)        1524M (74%)    
[37.598s][info][gc,heap     ] GC(78)      Used:      522M (25%)         522M (25%)         264M (13%)         264M (13%)         524M (26%)         264M (13%)    
[37.598s][info][gc,heap     ] GC(78)      Live:         -               205M (10%)         205M (10%)         205M (10%)            -                  -          
[37.598s][info][gc,heap     ] GC(78) Allocated:         -                 0M (0%)            6M (0%)            5M (0%)             -                  -          
[37.598s][info][gc,heap     ] GC(78)   Garbage:         -               316M (15%)          52M (3%)           52M (3%)             -                  -          
[37.598s][info][gc,heap     ] GC(78) Reclaimed:         -                  -               264M (13%)         263M (13%)            -                  -          
[37.598s][info][gc          ] GC(78) Garbage Collection (System.gc()) 522M(25%)->264M(13%)
[37.867s][info][gc,start    ] GC(79) Garbage Collection (Allocation Rate)
[37.867s][info][gc,task     ] GC(79) Using 4 workers
[37.867s][info][gc,phases   ] GC(79) Pause Mark Start 0.009ms
[37.976s][info][gc,phases   ] GC(79) Concurrent Mark 108.938ms
[37.977s][info][gc,phases   ] GC(79) Pause Mark End 0.032ms
[37.977s][info][gc,phases   ] GC(79) Concurrent Mark Free 0.001ms
[37.982s][info][gc,phases   ] GC(79) Concurrent Process Non-Strong References 5.179ms
[37.982s][info][gc,phases   ] GC(79) Concurrent Reset Relocation Set 0.002ms
[37.989s][info][gc,phases   ] GC(79) Concurrent Select Relocation Set 7.334ms
[37.990s][info][gc,phases   ] GC(79) Pause Relocate Start 0.011ms
[37.994s][info][gc,phases   ] GC(79) Concurrent Relocate 4.715ms
[37.994s][info][gc,load     ] GC(79) Load: 0.00/0.00/0.00
[37.995s][info][gc,mmu      ] GC(79) MMU: 2ms/96.5%, 5ms/98.6%, 10ms/99.3%, 20ms/99.6%, 50ms/99.8%, 100ms/99.9%
[37.995s][info][gc,marking  ] GC(79) Mark: 4 stripe(s), 2 proactive flush(es), 1 terminate flush(es), 0 completion(s), 0 continuation(s) 
[37.995s][info][gc,marking  ] GC(79) Mark Stack Usage: 32M
[37.995s][info][gc,nmethod  ] GC(79) NMethods: 7585 registered, 274 unregistered
[37.995s][info][gc,metaspace] GC(79) Metaspace: 58M used, 59M committed, 1088M reserved
[37.995s][info][gc,ref      ] GC(79) Soft: 4713 encountered, 0 discovered, 0 enqueued
[37.995s][info][gc,ref      ] GC(79) Weak: 6068 encountered, 2076 discovered, 73 enqueued
[37.995s][info][gc,ref      ] GC(79) Final: 82 encountered, 35 discovered, 0 enqueued
[37.995s][info][gc,ref      ] GC(79) Phantom: 608 encountered, 396 discovered, 0 enqueued
[37.995s][info][gc,reloc    ] GC(79) Small Pages: 434 / 868M, Empty: 626M, Relocated: 5M, In-Place: 0
[37.995s][info][gc,reloc    ] GC(79) Medium Pages: 2 / 64M, Empty: 32M, Relocated: 0M, In-Place: 0
[37.995s][info][gc,reloc    ] GC(79) Large Pages: 4 / 24M, Empty: 12M, Relocated: 0M, In-Place: 0
[37.995s][info][gc,reloc    ] GC(79) Forwarding Usage: 2M
[37.995s][info][gc,heap     ] GC(79) Min Capacity: 8M(0%)
[37.995s][info][gc,heap     ] GC(79) Max Capacity: 2048M(100%)
[37.995s][info][gc,heap     ] GC(79) Soft Max Capacity: 2048M(100%)
[37.995s][info][gc,heap     ] GC(79)                Mark Start          Mark End        Relocate Start      Relocate End           High               Low         
[37.995s][info][gc,heap     ] GC(79)  Capacity:     2048M (100%)       2048M (100%)       2048M (100%)       2048M (100%)       2048M (100%)       2048M (100%)   
[37.995s][info][gc,heap     ] GC(79)      Free:     1092M (53%)         774M (38%)        1400M (68%)        1432M (70%)        1436M (70%)         756M (37%)    
[37.995s][info][gc,heap     ] GC(79)      Used:      956M (47%)        1274M (62%)         648M (32%)         616M (30%)        1292M (63%)         612M (30%)    
[37.995s][info][gc,heap     ] GC(79)      Live:         -               206M (10%)         206M (10%)         206M (10%)            -                  -          
[37.995s][info][gc,heap     ] GC(79) Allocated:         -               318M (16%)         362M (18%)         373M (18%)            -                  -          
[37.995s][info][gc,heap     ] GC(79)   Garbage:         -               749M (37%)          79M (4%)           35M (2%)             -                  -          
[37.995s][info][gc,heap     ] GC(79) Reclaimed:         -                  -               670M (33%)         713M (35%)            -                  -          
[37.995s][info][gc          ] GC(79) Garbage Collection (Allocation Rate) 956M(47%)->616M(30%)
[38.164s][info][gc,start    ] GC(80) Garbage Collection (Allocation Rate)
[38.164s][info][gc,task     ] GC(80) Using 4 workers
[38.164s][info][gc,phases   ] GC(80) Pause Mark Start 0.013ms
[38.273s][info][gc,phases   ] GC(80) Concurrent Mark 108.968ms
[38.273s][info][gc,phases   ] GC(80) Pause Mark End 0.018ms
[38.274s][info][gc,phases   ] GC(80) Concurrent Mark Free 0.001ms
[38.279s][info][gc,phases   ] GC(80) Concurrent Process Non-Strong References 5.187ms
[38.279s][info][gc,phases   ] GC(80) Concurrent Reset Relocation Set 0.003ms
[38.283s][info][gc,phases   ] GC(80) Concurrent Select Relocation Set 3.851ms
[38.283s][info][gc,phases   ] GC(80) Pause Relocate Start 0.006ms
[38.287s][info][gc,phases   ] GC(80) Concurrent Relocate 4.580ms
[38.287s][info][gc,load     ] GC(80) Load: 0.00/0.00/0.00
[38.288s][info][gc,mmu      ] GC(80) MMU: 2ms/96.5%, 5ms/98.6%, 10ms/99.3%, 20ms/99.6%, 50ms/99.8%, 100ms/99.9%
[38.288s][info][gc,marking  ] GC(80) Mark: 4 stripe(s), 2 proactive flush(es), 1 terminate flush(es), 0 completion(s), 0 continuation(s) 
[38.288s][info][gc,marking  ] GC(80) Mark Stack Usage: 32M
[38.288s][info][gc,nmethod  ] GC(80) NMethods: 7585 registered, 274 unregistered
[38.288s][info][gc,metaspace] GC(80) Metaspace: 58M used, 59M committed, 1088M reserved
[38.288s][info][gc,ref      ] GC(80) Soft: 4713 encountered, 0 discovered, 0 enqueued
[38.288s][info][gc,ref      ] GC(80) Weak: 5997 encountered, 3599 discovered, 14 enqueued
[38.288s][info][gc,ref      ] GC(80) Final: 82 encountered, 1 discovered, 0 enqueued
[38.288s][info][gc,ref      ] GC(80) Phantom: 608 encountered, 565 discovered, 0 enqueued
[38.288s][info][gc,reloc    ] GC(80) Small Pages: 514 / 1028M, Empty: 802M, Relocated: 3M, In-Place: 0
[38.288s][info][gc,reloc    ] GC(80) Medium Pages: 1 / 32M, Empty: 0M, Relocated: 0M, In-Place: 0
[38.288s][info][gc,reloc    ] GC(80) Large Pages: 2 / 12M, Empty: 0M, Relocated: 0M, In-Place: 0
[38.288s][info][gc,reloc    ] GC(80) Forwarding Usage: 2M
[38.288s][info][gc,heap     ] GC(80) Min Capacity: 8M(0%)
[38.288s][info][gc,heap     ] GC(80) Max Capacity: 2048M(100%)
[38.288s][info][gc,heap     ] GC(80) Soft Max Capacity: 2048M(100%)
[38.288s][info][gc,heap     ] GC(80)                Mark Start          Mark End        Relocate Start      Relocate End           High               Low         
[38.288s][info][gc,heap     ] GC(80)  Capacity:     2048M (100%)       2048M (100%)       2048M (100%)       2048M (100%)       2048M (100%)       2048M (100%)   
[38.288s][info][gc,heap     ] GC(80)      Free:      976M (48%)         678M (33%)        1454M (71%)        1466M (72%)        1474M (72%)         662M (32%)    
[38.288s][info][gc,heap     ] GC(80)      Used:     1072M (52%)        1370M (67%)         594M (29%)         582M (28%)        1386M (68%)         574M (28%)    
[38.288s][info][gc,heap     ] GC(80)      Live:         -               206M (10%)         206M (10%)         206M (10%)            -                  -          
[38.288s][info][gc,heap     ] GC(80) Allocated:         -               298M (15%)         324M (16%)         337M (17%)            -                  -          
[38.288s][info][gc,heap     ] GC(80)   Garbage:         -               865M (42%)          63M (3%)           37M (2%)             -                  -          
[38.288s][info][gc,heap     ] GC(80) Reclaimed:         -                  -               802M (39%)         827M (40%)            -                  -          
[38.288s][info][gc          ] GC(80) Garbage Collection (Allocation Rate) 1072M(52%)->582M(28%)
[38.468s][info][gc,start    ] GC(81) Garbage Collection (System.gc())
[38.468s][info][gc,task     ] GC(81) Using 12 workers
[38.469s][info][gc,phases   ] GC(81) Pause Mark Start 0.015ms
[38.530s][info][gc,phases   ] GC(81) Concurrent Mark 61.641ms
[38.531s][info][gc,phases   ] GC(81) Pause Mark End 0.024ms
[38.531s][info][gc,phases   ] GC(81) Concurrent Mark Free 0.001ms
[38.533s][info][gc,phases   ] GC(81) Concurrent Process Non-Strong References 2.078ms
[38.533s][info][gc,phases   ] GC(81) Concurrent Reset Relocation Set 0.002ms
[38.541s][info][gc,phases   ] GC(81) Concurrent Select Relocation Set 8.026ms
[38.541s][info][gc,phases   ] GC(81) Pause Relocate Start 0.009ms
[38.544s][info][gc,phases   ] GC(81) Concurrent Relocate 3.258ms
[38.544s][info][gc,load     ] GC(81) Load: 0.00/0.00/0.00
[38.544s][info][gc,mmu      ] GC(81) MMU: 2ms/96.5%, 5ms/98.6%, 10ms/99.3%, 20ms/99.6%, 50ms/99.8%, 100ms/99.9%
[38.544s][info][gc,marking  ] GC(81) Mark: 8 stripe(s), 3 proactive flush(es), 1 terminate flush(es), 0 completion(s), 0 continuation(s) 
[38.544s][info][gc,marking  ] GC(81) Mark Stack Usage: 32M
[38.545s][info][gc,nmethod  ] GC(81) NMethods: 7613 registered, 280 unregistered
[38.545s][info][gc,metaspace] GC(81) Metaspace: 58M used, 59M committed, 1088M reserved
[38.545s][info][gc,ref      ] GC(81) Soft: 4711 encountered, 0 discovered, 0 enqueued
[38.545s][info][gc,ref      ] GC(81) Weak: 6044 encountered, 2021 discovered, 121 enqueued
[38.545s][info][gc,ref      ] GC(81) Final: 82 encountered, 3 discovered, 0 enqueued
[38.545s][info][gc,ref      ] GC(81) Phantom: 608 encountered, 407 discovered, 0 enqueued
[38.545s][info][gc,reloc    ] GC(81) Small Pages: 467 / 934M, Empty: 712M, Relocated: 3M, In-Place: 0
[38.545s][info][gc,reloc    ] GC(81) Medium Pages: 1 / 32M, Empty: 0M, Relocated: 0M, In-Place: 0
[38.545s][info][gc,reloc    ] GC(81) Large Pages: 3 / 18M, Empty: 6M, Relocated: 0M, In-Place: 0
[38.545s][info][gc,reloc    ] GC(81) Forwarding Usage: 2M
[38.545s][info][gc,heap     ] GC(81) Min Capacity: 8M(0%)
[38.545s][info][gc,heap     ] GC(81) Max Capacity: 2048M(100%)
[38.545s][info][gc,heap     ] GC(81) Soft Max Capacity: 2048M(100%)
[38.545s][info][gc,heap     ] GC(81)                Mark Start          Mark End        Relocate Start      Relocate End           High               Low         
[38.545s][info][gc,heap     ] GC(81)  Capacity:     2048M (100%)       2048M (100%)       2048M (100%)       2048M (100%)       2048M (100%)       2048M (100%)   
[38.545s][info][gc,heap     ] GC(81)      Free:     1064M (52%)        1062M (52%)        1776M (87%)        1782M (87%)        1782M (87%)        1062M (52%)    
[38.545s][info][gc,heap     ] GC(81)      Used:      984M (48%)         986M (48%)         272M (13%)         266M (13%)         986M (48%)         266M (13%)    
[38.545s][info][gc,heap     ] GC(81)      Live:         -               205M (10%)         205M (10%)         205M (10%)            -                  -          
[38.545s][info][gc,heap     ] GC(81) Allocated:         -                 2M (0%)            6M (0%)            6M (0%)             -                  -          
[38.545s][info][gc,heap     ] GC(81)   Garbage:         -               778M (38%)          60M (3%)           54M (3%)             -                  -          
[38.545s][info][gc,heap     ] GC(81) Reclaimed:         -                  -               718M (35%)         724M (35%)            -                  -          
[38.545s][info][gc          ] GC(81) Garbage Collection (System.gc()) 984M(48%)->266M(13%)
[38.874s][info][gc,start    ] GC(82) Garbage Collection (Allocation Rate)
[38.874s][info][gc,task     ] GC(82) Using 5 workers
[38.874s][info][gc,phases   ] GC(82) Pause Mark Start 0.010ms
[38.959s][info][gc,phases   ] GC(82) Concurrent Mark 84.765ms
[38.959s][info][gc,phases   ] GC(82) Pause Mark End 0.021ms
[38.959s][info][gc,phases   ] GC(82) Concurrent Mark Free 0.001ms
[38.963s][info][gc,phases   ] GC(82) Concurrent Process Non-Strong References 3.695ms
[38.963s][info][gc,phases   ] GC(82) Concurrent Reset Relocation Set 0.002ms
[38.971s][info][gc,phases   ] GC(82) Concurrent Select Relocation Set 7.771ms
[38.971s][info][gc,phases   ] GC(82) Pause Relocate Start 0.008ms
[38.975s][info][gc,phases   ] GC(82) Concurrent Relocate 3.631ms
[38.975s][info][gc,load     ] GC(82) Load: 0.00/0.00/0.00
[38.975s][info][gc,mmu      ] GC(82) MMU: 2ms/96.5%, 5ms/98.6%, 10ms/99.3%, 20ms/99.6%, 50ms/99.8%, 100ms/99.9%
[38.975s][info][gc,marking  ] GC(82) Mark: 4 stripe(s), 2 proactive flush(es), 1 terminate flush(es), 0 completion(s), 0 continuation(s) 
[38.975s][info][gc,marking  ] GC(82) Mark Stack Usage: 32M
[38.975s][info][gc,nmethod  ] GC(82) NMethods: 7671 registered, 287 unregistered
[38.975s][info][gc,metaspace] GC(82) Metaspace: 58M used, 59M committed, 1088M reserved
[38.975s][info][gc,ref      ] GC(82) Soft: 4713 encountered, 0 discovered, 0 enqueued
[38.975s][info][gc,ref      ] GC(82) Weak: 6091 encountered, 821 discovered, 75 enqueued
[38.975s][info][gc,ref      ] GC(82) Final: 82 encountered, 23 discovered, 0 enqueued
[38.975s][info][gc,ref      ] GC(82) Phantom: 608 encountered, 284 discovered, 0 enqueued
[38.975s][info][gc,reloc    ] GC(82) Small Pages: 521 / 1042M, Empty: 794M, Relocated: 5M, In-Place: 0
[38.975s][info][gc,reloc    ] GC(82) Medium Pages: 2 / 64M, Empty: 32M, Relocated: 0M, In-Place: 0
[38.975s][info][gc,reloc    ] GC(82) Large Pages: 4 / 24M, Empty: 12M, Relocated: 0M, In-Place: 0
[38.975s][info][gc,reloc    ] GC(82) Forwarding Usage: 2M
[38.975s][info][gc,heap     ] GC(82) Min Capacity: 8M(0%)
[38.975s][info][gc,heap     ] GC(82) Max Capacity: 2048M(100%)
[38.975s][info][gc,heap     ] GC(82) Soft Max Capacity: 2048M(100%)
[38.975s][info][gc,heap     ] GC(82)                Mark Start          Mark End        Relocate Start      Relocate End           High               Low         
[38.975s][info][gc,heap     ] GC(82)  Capacity:     2048M (100%)       2048M (100%)       2048M (100%)       2048M (100%)       2048M (100%)       2048M (100%)   
[38.975s][info][gc,heap     ] GC(82)      Free:      918M (45%)         680M (33%)        1490M (73%)        1532M (75%)        1532M (75%)         672M (33%)    
[38.976s][info][gc,heap     ] GC(82)      Used:     1130M (55%)        1368M (67%)         558M (27%)         516M (25%)        1376M (67%)         516M (25%)    
[38.976s][info][gc,heap     ] GC(82)      Live:         -               206M (10%)         206M (10%)         206M (10%)            -                  -          
[38.976s][info][gc,heap     ] GC(82) Allocated:         -               238M (12%)         266M (13%)         271M (13%)            -                  -          
[38.976s][info][gc,heap     ] GC(82)   Garbage:         -               923M (45%)          85M (4%)           37M (2%)             -                  -          
[38.976s][info][gc,heap     ] GC(82) Reclaimed:         -                  -               838M (41%)         885M (43%)            -                  -          
[38.976s][info][gc          ] GC(82) Garbage Collection (Allocation Rate) 1130M(55%)->516M(25%)
[39.272s][info][gc,start    ] GC(83) Garbage Collection (Allocation Rate)
[39.272s][info][gc,task     ] GC(83) Using 4 workers
[39.272s][info][gc,phases   ] GC(83) Pause Mark Start 0.014ms
[39.381s][info][gc,phases   ] GC(83) Concurrent Mark 108.797ms
[39.381s][info][gc,phases   ] GC(83) Pause Mark End 0.031ms
[39.381s][info][gc,phases   ] GC(83) Concurrent Mark Free 0.001ms
[39.386s][info][gc,phases   ] GC(83) Concurrent Process Non-Strong References 4.827ms
[39.386s][info][gc,phases   ] GC(83) Concurrent Reset Relocation Set 0.003ms
[39.391s][info][gc,phases   ] GC(83) Concurrent Select Relocation Set 5.144ms
[39.391s][info][gc,phases   ] GC(83) Pause Relocate Start 0.006ms
[39.393s][info][gc,phases   ] GC(83) Concurrent Relocate 1.178ms
[39.393s][info][gc,load     ] GC(83) Load: 0.00/0.00/0.00
[39.393s][info][gc,mmu      ] GC(83) MMU: 2ms/96.5%, 5ms/98.6%, 10ms/99.3%, 20ms/99.6%, 50ms/99.8%, 100ms/99.9%
[39.393s][info][gc,marking  ] GC(83) Mark: 4 stripe(s), 2 proactive flush(es), 1 terminate flush(es), 0 completion(s), 0 continuation(s) 
[39.393s][info][gc,marking  ] GC(83) Mark Stack Usage: 32M
[39.393s][info][gc,nmethod  ] GC(83) NMethods: 7671 registered, 287 unregistered
[39.393s][info][gc,metaspace] GC(83) Metaspace: 58M used, 59M committed, 1088M reserved
[39.393s][info][gc,ref      ] GC(83) Soft: 4713 encountered, 0 discovered, 0 enqueued
[39.393s][info][gc,ref      ] GC(83) Weak: 6016 encountered, 1192 discovered, 19 enqueued
[39.393s][info][gc,ref      ] GC(83) Final: 82 encountered, 4 discovered, 0 enqueued
[39.393s][info][gc,ref      ] GC(83) Phantom: 608 encountered, 561 discovered, 0 enqueued
[39.393s][info][gc,reloc    ] GC(83) Small Pages: 481 / 962M, Empty: 734M, Relocated: 0M, In-Place: 0
[39.393s][info][gc,reloc    ] GC(83) Medium Pages: 1 / 32M, Empty: 0M, Relocated: 0M, In-Place: 0
[39.393s][info][gc,reloc    ] GC(83) Large Pages: 2 / 12M, Empty: 0M, Relocated: 0M, In-Place: 0
[39.393s][info][gc,reloc    ] GC(83) Forwarding Usage: 0M
[39.393s][info][gc,heap     ] GC(83) Min Capacity: 8M(0%)
[39.393s][info][gc,heap     ] GC(83) Max Capacity: 2048M(100%)
[39.393s][info][gc,heap     ] GC(83) Soft Max Capacity: 2048M(100%)
[39.393s][info][gc,heap     ] GC(83)                Mark Start          Mark End        Relocate Start      Relocate End           High               Low         
[39.393s][info][gc,heap     ] GC(83)  Capacity:     2048M (100%)       2048M (100%)       2048M (100%)       2048M (100%)       2048M (100%)       2048M (100%)   
[39.393s][info][gc,heap     ] GC(83)      Free:     1042M (51%)         872M (43%)        1590M (78%)        1610M (79%)        1610M (79%)         864M (42%)    
[39.393s][info][gc,heap     ] GC(83)      Used:     1006M (49%)        1176M (57%)         458M (22%)         438M (21%)        1184M (58%)         438M (21%)    
[39.393s][info][gc,heap     ] GC(83)      Live:         -               206M (10%)         206M (10%)         206M (10%)            -                  -          
[39.393s][info][gc,heap     ] GC(83) Allocated:         -               170M (8%)          186M (9%)          189M (9%)             -                  -          
[39.393s][info][gc,heap     ] GC(83)   Garbage:         -               799M (39%)          65M (3%)           41M (2%)             -                  -          
[39.394s][info][gc,heap     ] GC(83) Reclaimed:         -                  -               734M (36%)         757M (37%)            -                  -          
[39.394s][info][gc          ] GC(83) Garbage Collection (Allocation Rate) 1006M(49%)->438M(21%)
[39.575s][info][gc,start    ] GC(84) Garbage Collection (Allocation Rate)
[39.575s][info][gc,task     ] GC(84) Using 3 workers
[39.576s][info][gc,phases   ] GC(84) Pause Mark Start 0.014ms
[39.708s][info][gc,phases   ] GC(84) Concurrent Mark 131.994ms
[39.708s][info][gc,phases   ] GC(84) Pause Mark End 0.030ms
[39.708s][info][gc,phases   ] GC(84) Concurrent Mark Free 0.001ms
[39.715s][info][gc,phases   ] GC(84) Concurrent Process Non-Strong References 6.727ms
[39.715s][info][gc,phases   ] GC(84) Concurrent Reset Relocation Set 0.002ms
[39.720s][info][gc,phases   ] GC(84) Concurrent Select Relocation Set 5.249ms
[39.720s][info][gc,phases   ] GC(84) Pause Relocate Start 0.007ms
[39.725s][info][gc,phases   ] GC(84) Concurrent Relocate 4.523ms
[39.725s][info][gc,load     ] GC(84) Load: 0.00/0.00/0.00
[39.725s][info][gc,mmu      ] GC(84) MMU: 2ms/96.5%, 5ms/98.6%, 10ms/99.3%, 20ms/99.6%, 50ms/99.8%, 100ms/99.9%
[39.725s][info][gc,marking  ] GC(84) Mark: 2 stripe(s), 2 proactive flush(es), 1 terminate flush(es), 0 completion(s), 0 continuation(s) 
[39.725s][info][gc,marking  ] GC(84) Mark Stack Usage: 32M
[39.725s][info][gc,nmethod  ] GC(84) NMethods: 7721 registered, 288 unregistered
[39.725s][info][gc,metaspace] GC(84) Metaspace: 59M used, 59M committed, 1088M reserved
[39.725s][info][gc,ref      ] GC(84) Soft: 4711 encountered, 0 discovered, 0 enqueued
[39.725s][info][gc,ref      ] GC(84) Weak: 6056 encountered, 2709 discovered, 2 enqueued
[39.725s][info][gc,ref      ] GC(84) Final: 82 encountered, 5 discovered, 0 enqueued
[39.725s][info][gc,ref      ] GC(84) Phantom: 608 encountered, 558 discovered, 0 enqueued
[39.725s][info][gc,reloc    ] GC(84) Small Pages: 416 / 832M, Empty: 618M, Relocated: 3M, In-Place: 0
[39.725s][info][gc,reloc    ] GC(84) Medium Pages: 1 / 32M, Empty: 0M, Relocated: 0M, In-Place: 0
[39.725s][info][gc,reloc    ] GC(84) Large Pages: 2 / 12M, Empty: 0M, Relocated: 0M, In-Place: 0
[39.725s][info][gc,reloc    ] GC(84) Forwarding Usage: 2M
[39.725s][info][gc,heap     ] GC(84) Min Capacity: 8M(0%)
[39.725s][info][gc,heap     ] GC(84) Max Capacity: 2048M(100%)
[39.725s][info][gc,heap     ] GC(84) Soft Max Capacity: 2048M(100%)
[39.725s][info][gc,heap     ] GC(84)                Mark Start          Mark End        Relocate Start      Relocate End           High               Low         
[39.725s][info][gc,heap     ] GC(84)  Capacity:     2048M (100%)       2048M (100%)       2048M (100%)       2048M (100%)       2048M (100%)       2048M (100%)   
[39.726s][info][gc,heap     ] GC(84)      Free:     1172M (57%)        1160M (57%)        1778M (87%)        1794M (88%)        1794M (88%)        1160M (57%)    
[39.726s][info][gc,heap     ] GC(84)      Used:      876M (43%)         888M (43%)         270M (13%)         254M (12%)         888M (43%)         254M (12%)    
[39.726s][info][gc,heap     ] GC(84)      Live:         -               205M (10%)         205M (10%)         205M (10%)            -                  -          
[39.726s][info][gc,heap     ] GC(84) Allocated:         -                12M (1%)           12M (1%)           12M (1%)             -                  -          
[39.726s][info][gc,heap     ] GC(84)   Garbage:         -               670M (33%)          52M (3%)           36M (2%)             -                  -          
[39.726s][info][gc,heap     ] GC(84) Reclaimed:         -                  -               618M (30%)         634M (31%)            -                  -          
[39.726s][info][gc          ] GC(84) Garbage Collection (Allocation Rate) 876M(43%)->254M(12%)
[39.726s][info][gc,start    ] GC(85) Garbage Collection (System.gc())
[39.726s][info][gc,task     ] GC(85) Using 12 workers
[39.726s][info][gc,phases   ] GC(85) Pause Mark Start 0.009ms
[39.786s][info][gc,phases   ] GC(85) Concurrent Mark 59.867ms
[39.786s][info][gc,phases   ] GC(85) Pause Mark End 0.020ms
[39.786s][info][gc,phases   ] GC(85) Concurrent Mark Free 0.001ms
[39.788s][info][gc,phases   ] GC(85) Concurrent Process Non-Strong References 1.918ms
[39.788s][info][gc,phases   ] GC(85) Concurrent Reset Relocation Set 0.002ms
[39.792s][info][gc,phases   ] GC(85) Concurrent Select Relocation Set 3.646ms
[39.792s][info][gc,phases   ] GC(85) Pause Relocate Start 0.009ms
[39.795s][info][gc,phases   ] GC(85) Concurrent Relocate 3.255ms
[39.795s][info][gc,load     ] GC(85) Load: 0.00/0.00/0.00
[39.795s][info][gc,mmu      ] GC(85) MMU: 2ms/96.5%, 5ms/98.6%, 10ms/99.3%, 20ms/99.6%, 50ms/99.8%, 100ms/99.9%
[39.795s][info][gc,marking  ] GC(85) Mark: 8 stripe(s), 3 proactive flush(es), 1 terminate flush(es), 0 completion(s), 0 continuation(s) 
[39.795s][info][gc,marking  ] GC(85) Mark Stack Usage: 32M
[39.795s][info][gc,nmethod  ] GC(85) NMethods: 7720 registered, 292 unregistered
[39.795s][info][gc,metaspace] GC(85) Metaspace: 59M used, 59M committed, 1088M reserved
[39.795s][info][gc,ref      ] GC(85) Soft: 4711 encountered, 0 discovered, 0 enqueued
[39.795s][info][gc,ref      ] GC(85) Weak: 6071 encountered, 1490 discovered, 122 enqueued
[39.796s][info][gc,ref      ] GC(85) Final: 82 encountered, 3 discovered, 0 enqueued
[39.796s][info][gc,ref      ] GC(85) Phantom: 608 encountered, 512 discovered, 0 enqueued
[39.796s][info][gc,reloc    ] GC(85) Small Pages: 102 / 204M, Empty: 0M, Relocated: 3M, In-Place: 0
[39.796s][info][gc,reloc    ] GC(85) Medium Pages: 1 / 32M, Empty: 0M, Relocated: 0M, In-Place: 0
[39.796s][info][gc,reloc    ] GC(85) Large Pages: 3 / 18M, Empty: 6M, Relocated: 0M, In-Place: 0
[39.796s][info][gc,reloc    ] GC(85) Forwarding Usage: 2M
[39.796s][info][gc,heap     ] GC(85) Min Capacity: 8M(0%)
[39.796s][info][gc,heap     ] GC(85) Max Capacity: 2048M(100%)
[39.796s][info][gc,heap     ] GC(85) Soft Max Capacity: 2048M(100%)
[39.796s][info][gc,heap     ] GC(85)                Mark Start          Mark End        Relocate Start      Relocate End           High               Low         
[39.796s][info][gc,heap     ] GC(85)  Capacity:     2048M (100%)       2048M (100%)       2048M (100%)       2048M (100%)       2048M (100%)       2048M (100%)   
[39.796s][info][gc,heap     ] GC(85)      Free:     1794M (88%)        1794M (88%)        1794M (88%)        1794M (88%)        1794M (88%)        1782M (87%)    
[39.796s][info][gc,heap     ] GC(85)      Used:      254M (12%)         254M (12%)         254M (12%)         254M (12%)         266M (13%)         254M (12%)    
[39.796s][info][gc,heap     ] GC(85)      Live:         -               205M (10%)         205M (10%)         205M (10%)            -                  -          
[39.796s][info][gc,heap     ] GC(85) Allocated:         -                 0M (0%)            6M (0%)            6M (0%)             -                  -          
[39.796s][info][gc,heap     ] GC(85)   Garbage:         -                48M (2%)           42M (2%)           42M (2%)             -                  -          
[39.796s][info][gc,heap     ] GC(85) Reclaimed:         -                  -                 6M (0%)            6M (0%)             -                  -          
[39.796s][info][gc          ] GC(85) Garbage Collection (System.gc()) 254M(12%)->254M(12%)
[40.067s][info][gc,start    ] GC(86) Garbage Collection (Allocation Rate)
[40.067s][info][gc,task     ] GC(86) Using 5 workers
[40.067s][info][gc,phases   ] GC(86) Pause Mark Start 0.009ms
[40.145s][info][gc,phases   ] GC(86) Concurrent Mark 77.711ms
[40.145s][info][gc,phases   ] GC(86) Pause Mark End 0.030ms
[40.145s][info][gc,phases   ] GC(86) Concurrent Mark Free 0.001ms
[40.150s][info][gc,phases   ] GC(86) Concurrent Process Non-Strong References 4.138ms
[40.150s][info][gc,phases   ] GC(86) Concurrent Reset Relocation Set 0.001ms
[40.155s][info][gc,phases   ] GC(86) Concurrent Select Relocation Set 5.128ms
[40.155s][info][gc,phases   ] GC(86) Pause Relocate Start 0.006ms
[40.157s][info][gc,phases   ] GC(86) Concurrent Relocate 1.868ms
[40.157s][info][gc,load     ] GC(86) Load: 0.00/0.00/0.00
[40.157s][info][gc,mmu      ] GC(86) MMU: 2ms/96.5%, 5ms/98.6%, 10ms/99.3%, 20ms/99.6%, 50ms/99.8%, 100ms/99.9%
[40.157s][info][gc,marking  ] GC(86) Mark: 4 stripe(s), 2 proactive flush(es), 1 terminate flush(es), 0 completion(s), 0 continuation(s) 
[40.157s][info][gc,marking  ] GC(86) Mark Stack Usage: 32M
[40.157s][info][gc,nmethod  ] GC(86) NMethods: 7794 registered, 300 unregistered
[40.157s][info][gc,metaspace] GC(86) Metaspace: 59M used, 59M committed, 1088M reserved
[40.157s][info][gc,ref      ] GC(86) Soft: 4713 encountered, 0 discovered, 0 enqueued
[40.157s][info][gc,ref      ] GC(86) Weak: 6095 encountered, 2088 discovered, 77 enqueued
[40.157s][info][gc,ref      ] GC(86) Final: 82 encountered, 3 discovered, 0 enqueued
[40.157s][info][gc,ref      ] GC(86) Phantom: 608 encountered, 326 discovered, 0 enqueued
[40.157s][info][gc,reloc    ] GC(86) Small Pages: 419 / 838M, Empty: 602M, Relocated: 1M, In-Place: 0
[40.157s][info][gc,reloc    ] GC(86) Medium Pages: 2 / 64M, Empty: 32M, Relocated: 0M, In-Place: 0
[40.157s][info][gc,reloc    ] GC(86) Large Pages: 4 / 24M, Empty: 12M, Relocated: 0M, In-Place: 0
[40.157s][info][gc,reloc    ] GC(86) Forwarding Usage: 0M
[40.157s][info][gc,heap     ] GC(86) Min Capacity: 8M(0%)
[40.157s][info][gc,heap     ] GC(86) Max Capacity: 2048M(100%)
[40.157s][info][gc,heap     ] GC(86) Soft Max Capacity: 2048M(100%)
[40.157s][info][gc,heap     ] GC(86)                Mark Start          Mark End        Relocate Start      Relocate End           High               Low         
[40.157s][info][gc,heap     ] GC(86)  Capacity:     2048M (100%)       2048M (100%)       2048M (100%)       2048M (100%)       2048M (100%)       2048M (100%)   
[40.157s][info][gc,heap     ] GC(86)      Free:     1122M (55%)         908M (44%)        1518M (74%)        1544M (75%)        1546M (75%)         894M (44%)    
[40.158s][info][gc,heap     ] GC(86)      Used:      926M (45%)        1140M (56%)         530M (26%)         504M (25%)        1154M (56%)         502M (25%)    
[40.158s][info][gc,heap     ] GC(86)      Live:         -               206M (10%)         206M (10%)         206M (10%)            -                  -          
[40.158s][info][gc,heap     ] GC(86) Allocated:         -               214M (10%)         250M (12%)         253M (12%)            -                  -          
[40.158s][info][gc,heap     ] GC(86)   Garbage:         -               719M (35%)          73M (4%)           43M (2%)             -                  -          
[40.158s][info][gc,heap     ] GC(86) Reclaimed:         -                  -               646M (32%)         675M (33%)            -                  -          
[40.158s][info][gc          ] GC(86) Garbage Collection (Allocation Rate) 926M(45%)->504M(25%)
[40.176s][info][gc,stats    ] === Garbage Collection Statistics =======================================================================================================================
[40.177s][info][gc,stats    ]                                                              Last 10s              Last 10m              Last 10h                Total
[40.177s][info][gc,stats    ]                                                              Avg / Max             Avg / Max             Avg / Max             Avg / Max
[40.177s][info][gc,stats    ]   Collector: Garbage Collection Cycle                    102.533 / 149.540     102.775 / 214.751     102.775 / 214.751     102.775 / 214.751     ms
[40.177s][info][gc,stats    ]  Contention: Mark Segment Reset Contention                    12 / 19                6 / 19                6 / 19                6 / 19          ops/s
[40.177s][info][gc,stats    ]  Contention: Mark SeqNum Reset Contention                      1 / 3                 0 / 4                 0 / 4                 0 / 4           ops/s
[40.177s][info][gc,stats    ]    Critical: Allocation Stall                                  0 / 0                 0 / 0                 0 / 0                 0 / 0           ops/s
[40.177s][info][gc,stats    ]    Critical: Allocation Stall                              0.000 / 0.000         0.000 / 0.000         0.000 / 0.000         0.000 / 0.000       ms
[40.177s][info][gc,stats    ]    Critical: GC Locker Stall                                   0 / 0                 0 / 0                 0 / 0                 0 / 0           ops/s
[40.177s][info][gc,stats    ]    Critical: GC Locker Stall                               0.000 / 0.000         0.000 / 0.000         0.000 / 0.000         0.000 / 0.000       ms
[40.177s][info][gc,stats    ]    Critical: Relocation Stall                                  0 / 0                 0 / 0                 0 / 0                 0 / 0           ops/s
[40.177s][info][gc,stats    ]    Critical: Relocation Stall                              0.000 / 0.000         0.000 / 0.000         0.000 / 0.000         0.000 / 0.000       ms
[40.177s][info][gc,stats    ]      Memory: Allocation Rate                                2465 / 2830           1526 / 2830           1526 / 2830           1526 / 2830        MB/s
[40.177s][info][gc,stats    ]      Memory: Defragment                                        0 / 0                 0 / 0                 0 / 0                 0 / 0           ops/s
[40.177s][info][gc,stats    ]      Memory: Out Of Memory                                     0 / 0                 0 / 0                 0 / 0                 0 / 0           ops/s
[40.177s][info][gc,stats    ]      Memory: Page Cache Flush                                  0 / 0                 0 / 0                 0 / 0                 0 / 0           MB/s
[40.177s][info][gc,stats    ]      Memory: Page Cache Hit L1                              1232 / 1420            747 / 1420            747 / 1420            747 / 1420        ops/s
[40.177s][info][gc,stats    ]      Memory: Page Cache Hit L2                                 0 / 0                 0 / 0                 0 / 0                 0 / 0           ops/s
[40.177s][info][gc,stats    ]      Memory: Page Cache Hit L3                                 0 / 9                19 / 193              19 / 193              19 / 193         ops/s
[40.177s][info][gc,stats    ]      Memory: Page Cache Miss                                   0 / 0                 0 / 1                 0 / 1                 0 / 1           ops/s
[40.177s][info][gc,stats    ]      Memory: Uncommit                                          0 / 0                 0 / 0                 0 / 0                 0 / 0           MB/s
[40.177s][info][gc,stats    ]      Memory: Undo Object Allocation Failed                     0 / 4                 0 / 4                 0 / 4                 0 / 4           ops/s
[40.177s][info][gc,stats    ]      Memory: Undo Object Allocation Succeeded                  1 / 8                 1 / 8                 1 / 8                 1 / 8           ops/s
[40.177s][info][gc,stats    ]      Memory: Undo Page Allocation                             89 / 124              50 / 149              50 / 149              50 / 149         ops/s
[40.177s][info][gc,stats    ]       Phase: Concurrent Mark                              88.497 / 131.994      87.019 / 147.359      87.019 / 147.359      87.019 / 147.359     ms
[40.177s][info][gc,stats    ]       Phase: Concurrent Mark Continue                      0.000 / 0.000         0.000 / 0.000         0.000 / 0.000         0.000 / 0.000       ms
[40.177s][info][gc,stats    ]       Phase: Concurrent Mark Free                          0.001 / 0.001         0.001 / 0.002         0.001 / 0.002         0.001 / 0.002       ms
[40.177s][info][gc,stats    ]       Phase: Concurrent Process Non-Strong References      3.825 / 6.727         3.661 / 14.091        3.661 / 14.091        3.661 / 14.091      ms
[40.177s][info][gc,stats    ]       Phase: Concurrent Relocate                           3.779 / 4.722         5.258 / 39.847        5.258 / 39.847        5.258 / 39.847      ms
[40.177s][info][gc,stats    ]       Phase: Concurrent Reset Relocation Set               0.002 / 0.005         0.006 / 0.087         0.006 / 0.087         0.006 / 0.087       ms
[40.178s][info][gc,stats    ]       Phase: Concurrent Select Relocation Set              5.416 / 8.481         5.848 / 32.864        5.848 / 32.864        5.848 / 32.864      ms
[40.178s][info][gc,stats    ]       Phase: Pause Mark End                                0.028 / 0.069         0.024 / 0.069         0.024 / 0.069         0.024 / 0.069       ms
[40.178s][info][gc,stats    ]       Phase: Pause Mark Start                              0.014 / 0.017         0.014 / 0.018         0.014 / 0.018         0.014 / 0.018       ms
[40.178s][info][gc,stats    ]       Phase: Pause Relocate Start                          0.008 / 0.011         0.008 / 0.012         0.008 / 0.012         0.008 / 0.012       ms
[40.178s][info][gc,stats    ]    Subphase: Concurrent Classes Purge                      0.028 / 0.067         0.075 / 0.890         0.075 / 0.890         0.075 / 0.890       ms
[40.178s][info][gc,stats    ]    Subphase: Concurrent Classes Unlink                     2.950 / 5.106         2.805 / 12.372        2.805 / 12.372        2.805 / 12.372      ms
[40.178s][info][gc,stats    ]    Subphase: Concurrent Mark                              66.507 / 119.005      66.146 / 144.281      66.146 / 144.281      66.146 / 144.281     ms
[40.178s][info][gc,stats    ]    Subphase: Concurrent Mark Try Flush                     0.171 / 0.409         0.137 / 0.409         0.137 / 0.409         0.137 / 0.409       ms
[40.178s][info][gc,stats    ]    Subphase: Concurrent Mark Try Terminate                 7.481 / 16.628        6.864 / 16.628        6.864 / 16.628        6.864 / 16.628      ms
[40.178s][info][gc,stats    ]    Subphase: Concurrent References Enqueue                 0.003 / 0.005         0.003 / 0.005         0.003 / 0.005         0.003 / 0.005       ms
[40.178s][info][gc,stats    ]    Subphase: Concurrent References Process                 0.131 / 0.289         0.131 / 0.358         0.131 / 0.358         0.131 / 0.358       ms
[40.178s][info][gc,stats    ]    Subphase: Concurrent Roots ClassLoaderDataGraph         0.132 / 0.638         0.117 / 0.903         0.117 / 0.903         0.117 / 0.903       ms
[40.178s][info][gc,stats    ]    Subphase: Concurrent Roots CodeCache                    0.000 / 0.000         0.000 / 0.000         0.000 / 0.000         0.000 / 0.000       ms
[40.178s][info][gc,stats    ]    Subphase: Concurrent Roots JavaThreads                  9.037 / 12.773        7.693 / 17.215        7.693 / 17.215        7.693 / 17.215      ms
[40.178s][info][gc,stats    ]    Subphase: Concurrent Roots OopStorageSet                0.042 / 0.076         0.036 / 0.244         0.036 / 0.244         0.036 / 0.244       ms
[40.178s][info][gc,stats    ]    Subphase: Concurrent Weak Roots OopStorageSet           0.348 / 1.102         0.318 / 1.144         0.318 / 1.144         0.318 / 1.144       ms
[40.178s][info][gc,stats    ]    Subphase: Pause Mark Try Complete                       0.002 / 0.005         0.002 / 0.005         0.002 / 0.005         0.002 / 0.005       ms
[40.178s][info][gc,stats    ]      System: Java Threads                                    265 / 268             201 / 268             201 / 268             201 / 268         threads
[40.178s][info][gc,stats    ] =========================================================================================================================================================
[40.364s][info][gc,start    ] GC(87) Garbage Collection (Allocation Rate)
[40.364s][info][gc,task     ] GC(87) Using 4 workers
[40.364s][info][gc,phases   ] GC(87) Pause Mark Start 0.014ms
[40.458s][info][gc,phases   ] GC(87) Concurrent Mark 93.400ms
[40.458s][info][gc,phases   ] GC(87) Pause Mark End 0.029ms
[40.458s][info][gc,phases   ] GC(87) Concurrent Mark Free 0.001ms
[40.463s][info][gc,phases   ] GC(87) Concurrent Process Non-Strong References 5.206ms
[40.463s][info][gc,phases   ] GC(87) Concurrent Reset Relocation Set 0.002ms
[40.468s][info][gc,phases   ] GC(87) Concurrent Select Relocation Set 4.377ms
[40.468s][info][gc,phases   ] GC(87) Pause Relocate Start 0.006ms
[40.469s][info][gc,phases   ] GC(87) Concurrent Relocate 1.050ms
[40.469s][info][gc,load     ] GC(87) Load: 0.00/0.00/0.00
[40.469s][info][gc,mmu      ] GC(87) MMU: 2ms/96.5%, 5ms/98.6%, 10ms/99.3%, 20ms/99.6%, 50ms/99.8%, 100ms/99.9%
[40.469s][info][gc,marking  ] GC(87) Mark: 4 stripe(s), 2 proactive flush(es), 1 terminate flush(es), 0 completion(s), 0 continuation(s) 
[40.469s][info][gc,marking  ] GC(87) Mark Stack Usage: 32M
[40.469s][info][gc,nmethod  ] GC(87) NMethods: 7794 registered, 300 unregistered
[40.469s][info][gc,metaspace] GC(87) Metaspace: 59M used, 59M committed, 1088M reserved
[40.469s][info][gc,ref      ] GC(87) Soft: 4713 encountered, 0 discovered, 0 enqueued
[40.469s][info][gc,ref      ] GC(87) Weak: 6018 encountered, 2533 discovered, 14 enqueued
[40.469s][info][gc,ref      ] GC(87) Final: 82 encountered, 3 discovered, 0 enqueued
[40.469s][info][gc,ref      ] GC(87) Phantom: 608 encountered, 455 discovered, 0 enqueued
[40.469s][info][gc,reloc    ] GC(87) Small Pages: 512 / 1024M, Empty: 792M, Relocated: 0M, In-Place: 0
[40.469s][info][gc,reloc    ] GC(87) Medium Pages: 1 / 32M, Empty: 0M, Relocated: 0M, In-Place: 0
[40.469s][info][gc,reloc    ] GC(87) Large Pages: 2 / 12M, Empty: 0M, Relocated: 0M, In-Place: 0
[40.469s][info][gc,reloc    ] GC(87) Forwarding Usage: 0M
[40.469s][info][gc,heap     ] GC(87) Min Capacity: 8M(0%)
[40.469s][info][gc,heap     ] GC(87) Max Capacity: 2048M(100%)
[40.469s][info][gc,heap     ] GC(87) Soft Max Capacity: 2048M(100%)
[40.469s][info][gc,heap     ] GC(87)                Mark Start          Mark End        Relocate Start      Relocate End           High               Low         
[40.469s][info][gc,heap     ] GC(87)  Capacity:     2048M (100%)       2048M (100%)       2048M (100%)       2048M (100%)       2048M (100%)       2048M (100%)   
[40.469s][info][gc,heap     ] GC(87)      Free:      980M (48%)         732M (36%)        1498M (73%)        1524M (74%)        1524M (74%)         718M (35%)    
[40.469s][info][gc,heap     ] GC(87)      Used:     1068M (52%)        1316M (64%)         550M (27%)         524M (26%)        1330M (65%)         524M (26%)    
[40.470s][info][gc,heap     ] GC(87)      Live:         -               206M (10%)         206M (10%)         206M (10%)            -                  -          
[40.470s][info][gc,heap     ] GC(87) Allocated:         -               248M (12%)         274M (13%)         275M (13%)            -                  -          
[40.470s][info][gc,heap     ] GC(87)   Garbage:         -               861M (42%)          69M (3%)           41M (2%)             -                  -          
[40.470s][info][gc,heap     ] GC(87) Reclaimed:         -                  -               792M (39%)         819M (40%)            -                  -          
[40.470s][info][gc          ] GC(87) Garbage Collection (Allocation Rate) 1068M(52%)->524M(26%)
[40.676s][info][gc,start    ] GC(88) Garbage Collection (Allocation Rate)
[40.676s][info][gc,task     ] GC(88) Using 3 workers
[40.676s][info][gc,phases   ] GC(88) Pause Mark Start 0.015ms
[40.809s][info][gc,phases   ] GC(88) Concurrent Mark 132.332ms
[40.809s][info][gc,phases   ] GC(88) Pause Mark End 0.028ms
[40.809s][info][gc,phases   ] GC(88) Concurrent Mark Free 0.001ms
[40.817s][info][gc,phases   ] GC(88) Concurrent Process Non-Strong References 7.782ms
[40.817s][info][gc,phases   ] GC(88) Concurrent Reset Relocation Set 0.003ms
[40.821s][info][gc,phases   ] GC(88) Concurrent Select Relocation Set 3.478ms
[40.821s][info][gc,phases   ] GC(88) Pause Relocate Start 0.005ms
[40.823s][info][gc,phases   ] GC(88) Concurrent Relocate 1.925ms
[40.823s][info][gc,load     ] GC(88) Load: 0.00/0.00/0.00
[40.823s][info][gc,mmu      ] GC(88) MMU: 2ms/96.5%, 5ms/98.6%, 10ms/99.3%, 20ms/99.6%, 50ms/99.8%, 100ms/99.9%
[40.823s][info][gc,marking  ] GC(88) Mark: 2 stripe(s), 2 proactive flush(es), 1 terminate flush(es), 0 completion(s), 0 continuation(s) 
[40.823s][info][gc,marking  ] GC(88) Mark Stack Usage: 32M
[40.823s][info][gc,nmethod  ] GC(88) NMethods: 7811 registered, 300 unregistered
[40.823s][info][gc,metaspace] GC(88) Metaspace: 59M used, 59M committed, 1088M reserved
[40.823s][info][gc,ref      ] GC(88) Soft: 4712 encountered, 0 discovered, 0 enqueued
[40.823s][info][gc,ref      ] GC(88) Weak: 6003 encountered, 3829 discovered, 0 enqueued
[40.823s][info][gc,ref      ] GC(88) Final: 82 encountered, 2 discovered, 0 enqueued
[40.823s][info][gc,ref      ] GC(88) Phantom: 608 encountered, 475 discovered, 0 enqueued
[40.823s][info][gc,reloc    ] GC(88) Small Pages: 483 / 966M, Empty: 746M, Relocated: 0M, In-Place: 0
[40.823s][info][gc,reloc    ] GC(88) Medium Pages: 1 / 32M, Empty: 0M, Relocated: 0M, In-Place: 0
[40.823s][info][gc,reloc    ] GC(88) Large Pages: 2 / 12M, Empty: 0M, Relocated: 0M, In-Place: 0
[40.823s][info][gc,reloc    ] GC(88) Forwarding Usage: 0M
[40.823s][info][gc,heap     ] GC(88) Min Capacity: 8M(0%)
[40.823s][info][gc,heap     ] GC(88) Max Capacity: 2048M(100%)
[40.823s][info][gc,heap     ] GC(88) Soft Max Capacity: 2048M(100%)
[40.823s][info][gc,heap     ] GC(88)                Mark Start          Mark End        Relocate Start      Relocate End           High               Low         
[40.823s][info][gc,heap     ] GC(88)  Capacity:     2048M (100%)       2048M (100%)       2048M (100%)       2048M (100%)       2048M (100%)       2048M (100%)   
[40.823s][info][gc,heap     ] GC(88)      Free:     1038M (51%)        1026M (50%)        1772M (87%)        1790M (87%)        1790M (87%)        1026M (50%)    
[40.823s][info][gc,heap     ] GC(88)      Used:     1010M (49%)        1022M (50%)         276M (13%)         258M (13%)        1022M (50%)         258M (13%)    
[40.823s][info][gc,heap     ] GC(88)      Live:         -               206M (10%)         206M (10%)         206M (10%)            -                  -          
[40.823s][info][gc,heap     ] GC(88) Allocated:         -                12M (1%)           12M (1%)           12M (1%)             -                  -          
[40.824s][info][gc,heap     ] GC(88)   Garbage:         -               803M (39%)          57M (3%)           39M (2%)             -                  -          
[40.824s][info][gc,heap     ] GC(88) Reclaimed:         -                  -               746M (36%)         764M (37%)            -                  -          
[40.824s][info][gc          ] GC(88) Garbage Collection (Allocation Rate) 1010M(49%)->258M(13%)
[40.824s][info][gc,start    ] GC(89) Garbage Collection (System.gc())
[40.824s][info][gc,task     ] GC(89) Using 12 workers
[40.824s][info][gc,phases   ] GC(89) Pause Mark Start 0.009ms
[40.871s][info][gc,phases   ] GC(89) Concurrent Mark 47.623ms
[40.872s][info][gc,phases   ] GC(89) Pause Mark End 0.027ms
[40.872s][info][gc,phases   ] GC(89) Concurrent Mark Free 0.000ms
[40.874s][info][gc,phases   ] GC(89) Concurrent Process Non-Strong References 1.902ms
[40.874s][info][gc,phases   ] GC(89) Concurrent Reset Relocation Set 0.001ms
[40.876s][info][gc,phases   ] GC(89) Concurrent Select Relocation Set 2.268ms
[40.876s][info][gc,phases   ] GC(89) Pause Relocate Start 0.007ms
[40.877s][info][gc,phases   ] GC(89) Concurrent Relocate 0.920ms
[40.877s][info][gc,load     ] GC(89) Load: 0.00/0.00/0.00
[40.877s][info][gc,mmu      ] GC(89) MMU: 2ms/96.5%, 5ms/98.6%, 10ms/99.3%, 20ms/99.6%, 50ms/99.8%, 100ms/99.9%
[40.877s][info][gc,marking  ] GC(89) Mark: 8 stripe(s), 1 proactive flush(es), 1 terminate flush(es), 0 completion(s), 0 continuation(s) 
[40.877s][info][gc,marking  ] GC(89) Mark Stack Usage: 32M
[40.877s][info][gc,nmethod  ] GC(89) NMethods: 7805 registered, 306 unregistered
[40.877s][info][gc,metaspace] GC(89) Metaspace: 59M used, 59M committed, 1088M reserved
[40.877s][info][gc,ref      ] GC(89) Soft: 4711 encountered, 0 discovered, 0 enqueued
[40.877s][info][gc,ref      ] GC(89) Weak: 6064 encountered, 1556 discovered, 121 enqueued
[40.877s][info][gc,ref      ] GC(89) Final: 82 encountered, 11 discovered, 0 enqueued
[40.877s][info][gc,ref      ] GC(89) Phantom: 608 encountered, 382 discovered, 0 enqueued
[40.877s][info][gc,reloc    ] GC(89) Small Pages: 104 / 208M, Empty: 0M, Relocated: 0M, In-Place: 0
[40.877s][info][gc,reloc    ] GC(89) Medium Pages: 1 / 32M, Empty: 0M, Relocated: 0M, In-Place: 0
[40.877s][info][gc,reloc    ] GC(89) Large Pages: 3 / 18M, Empty: 6M, Relocated: 0M, In-Place: 0
[40.877s][info][gc,reloc    ] GC(89) Forwarding Usage: 0M
[40.877s][info][gc,heap     ] GC(89) Min Capacity: 8M(0%)
[40.877s][info][gc,heap     ] GC(89) Max Capacity: 2048M(100%)
[40.878s][info][gc,heap     ] GC(89) Soft Max Capacity: 2048M(100%)
[40.878s][info][gc,heap     ] GC(89)                Mark Start          Mark End        Relocate Start      Relocate End           High               Low         
[40.878s][info][gc,heap     ] GC(89)  Capacity:     2048M (100%)       2048M (100%)       2048M (100%)       2048M (100%)       2048M (100%)       2048M (100%)   
[40.878s][info][gc,heap     ] GC(89)      Free:     1790M (87%)        1790M (87%)        1790M (87%)        1790M (87%)        1790M (87%)        1778M (87%)    
[40.878s][info][gc,heap     ] GC(89)      Used:      258M (13%)         258M (13%)         258M (13%)         258M (13%)         270M (13%)         258M (13%)    
[40.878s][info][gc,heap     ] GC(89)      Live:         -               205M (10%)         205M (10%)         205M (10%)            -                  -          
[40.878s][info][gc,heap     ] GC(89) Allocated:         -                 0M (0%)            6M (0%)            5M (0%)             -                  -          
[40.878s][info][gc,heap     ] GC(89)   Garbage:         -                52M (3%)           46M (2%)           46M (2%)             -                  -          
[40.878s][info][gc,heap     ] GC(89) Reclaimed:         -                  -                 6M (0%)            5M (0%)             -                  -          
[40.878s][info][gc          ] GC(89) Garbage Collection (System.gc()) 258M(13%)->258M(13%)
[41.168s][info][gc,start    ] GC(90) Garbage Collection (Allocation Rate)
[41.168s][info][gc,task     ] GC(90) Using 4 workers
[41.169s][info][gc,phases   ] GC(90) Pause Mark Start 0.016ms
[41.278s][info][gc,phases   ] GC(90) Concurrent Mark 108.910ms
[41.278s][info][gc,phases   ] GC(90) Pause Mark End 0.026ms
[41.278s][info][gc,phases   ] GC(90) Concurrent Mark Free 0.002ms
[41.284s][info][gc,phases   ] GC(90) Concurrent Process Non-Strong References 5.745ms
[41.284s][info][gc,phases   ] GC(90) Concurrent Reset Relocation Set 0.001ms
[41.288s][info][gc,phases   ] GC(90) Concurrent Select Relocation Set 3.981ms
[41.288s][info][gc,phases   ] GC(90) Pause Relocate Start 0.007ms
[41.290s][info][gc,phases   ] GC(90) Concurrent Relocate 1.967ms
[41.290s][info][gc,load     ] GC(90) Load: 0.00/0.00/0.00
[41.290s][info][gc,mmu      ] GC(90) MMU: 2ms/96.5%, 5ms/98.6%, 10ms/99.3%, 20ms/99.6%, 50ms/99.8%, 100ms/99.9%
[41.290s][info][gc,marking  ] GC(90) Mark: 4 stripe(s), 2 proactive flush(es), 1 terminate flush(es), 0 completion(s), 0 continuation(s) 
[41.290s][info][gc,marking  ] GC(90) Mark Stack Usage: 32M
[41.290s][info][gc,nmethod  ] GC(90) NMethods: 7841 registered, 309 unregistered
[41.290s][info][gc,metaspace] GC(90) Metaspace: 59M used, 59M committed, 1088M reserved
[41.290s][info][gc,ref      ] GC(90) Soft: 4713 encountered, 0 discovered, 0 enqueued
[41.290s][info][gc,ref      ] GC(90) Weak: 6111 encountered, 3936 discovered, 75 enqueued
[41.290s][info][gc,ref      ] GC(90) Final: 82 encountered, 1 discovered, 0 enqueued
[41.290s][info][gc,ref      ] GC(90) Phantom: 608 encountered, 446 discovered, 0 enqueued
[41.290s][info][gc,reloc    ] GC(90) Small Pages: 506 / 1012M, Empty: 768M, Relocated: 1M, In-Place: 0
[41.290s][info][gc,reloc    ] GC(90) Medium Pages: 2 / 64M, Empty: 32M, Relocated: 0M, In-Place: 0
[41.290s][info][gc,reloc    ] GC(90) Large Pages: 4 / 24M, Empty: 12M, Relocated: 0M, In-Place: 0
[41.290s][info][gc,reloc    ] GC(90) Forwarding Usage: 0M
[41.290s][info][gc,heap     ] GC(90) Min Capacity: 8M(0%)
[41.290s][info][gc,heap     ] GC(90) Max Capacity: 2048M(100%)
[41.290s][info][gc,heap     ] GC(90) Soft Max Capacity: 2048M(100%)
[41.290s][info][gc,heap     ] GC(90)                Mark Start          Mark End        Relocate Start      Relocate End           High               Low         
[41.290s][info][gc,heap     ] GC(90)  Capacity:     2048M (100%)       2048M (100%)       2048M (100%)       2048M (100%)       2048M (100%)       2048M (100%)   
[41.290s][info][gc,heap     ] GC(90)      Free:      948M (46%)         588M (29%)        1364M (67%)        1398M (68%)        1402M (68%)         568M (28%)    
[41.290s][info][gc,heap     ] GC(90)      Used:     1100M (54%)        1460M (71%)         684M (33%)         650M (32%)        1480M (72%)         646M (32%)    
[41.290s][info][gc,heap     ] GC(90)      Live:         -               206M (10%)         206M (10%)         206M (10%)            -                  -          
[41.291s][info][gc,heap     ] GC(90) Allocated:         -               360M (18%)         396M (19%)         401M (20%)            -                  -          
[41.291s][info][gc,heap     ] GC(90)   Garbage:         -               893M (44%)          81M (4%)           41M (2%)             -                  -          
[41.291s][info][gc,heap     ] GC(90) Reclaimed:         -                  -               812M (40%)         851M (42%)            -                  -          
[41.291s][info][gc          ] GC(90) Garbage Collection (Allocation Rate) 1100M(54%)->650M(32%)
[41.472s][info][gc,start    ] GC(91) Garbage Collection (Allocation Rate)
[41.472s][info][gc,task     ] GC(91) Using 3 workers
[41.472s][info][gc,phases   ] GC(91) Pause Mark Start 0.014ms
[41.597s][info][gc,phases   ] GC(91) Concurrent Mark 124.642ms
[41.597s][info][gc,phases   ] GC(91) Pause Mark End 0.016ms
[41.597s][info][gc,phases   ] GC(91) Concurrent Mark Free 0.001ms
[41.605s][info][gc,phases   ] GC(91) Concurrent Process Non-Strong References 7.695ms
[41.605s][info][gc,phases   ] GC(91) Concurrent Reset Relocation Set 0.003ms
[41.609s][info][gc,phases   ] GC(91) Concurrent Select Relocation Set 3.947ms
[41.609s][info][gc,phases   ] GC(91) Pause Relocate Start 0.005ms
[41.611s][info][gc,phases   ] GC(91) Concurrent Relocate 1.989ms
[41.611s][info][gc,load     ] GC(91) Load: 0.00/0.00/0.00
[41.611s][info][gc,mmu      ] GC(91) MMU: 2ms/96.5%, 5ms/98.6%, 10ms/99.3%, 20ms/99.6%, 50ms/99.8%, 100ms/99.9%
[41.611s][info][gc,marking  ] GC(91) Mark: 2 stripe(s), 2 proactive flush(es), 1 terminate flush(es), 0 completion(s), 0 continuation(s) 
[41.611s][info][gc,marking  ] GC(91) Mark Stack Usage: 32M
[41.611s][info][gc,nmethod  ] GC(91) NMethods: 7841 registered, 309 unregistered
[41.612s][info][gc,metaspace] GC(91) Metaspace: 59M used, 59M committed, 1088M reserved
[41.612s][info][gc,ref      ] GC(91) Soft: 4713 encountered, 0 discovered, 0 enqueued
[41.612s][info][gc,ref      ] GC(91) Weak: 6036 encountered, 2566 discovered, 19 enqueued
[41.612s][info][gc,ref      ] GC(91) Final: 82 encountered, 5 discovered, 0 enqueued
[41.612s][info][gc,ref      ] GC(91) Phantom: 608 encountered, 462 discovered, 0 enqueued
[41.612s][info][gc,reloc    ] GC(91) Small Pages: 537 / 1074M, Empty: 842M, Relocated: 1M, In-Place: 0
[41.612s][info][gc,reloc    ] GC(91) Medium Pages: 1 / 32M, Empty: 0M, Relocated: 0M, In-Place: 0
[41.612s][info][gc,reloc    ] GC(91) Large Pages: 2 / 12M, Empty: 0M, Relocated: 0M, In-Place: 0
[41.612s][info][gc,reloc    ] GC(91) Forwarding Usage: 0M
[41.612s][info][gc,heap     ] GC(91) Min Capacity: 8M(0%)
[41.612s][info][gc,heap     ] GC(91) Max Capacity: 2048M(100%)
[41.612s][info][gc,heap     ] GC(91) Soft Max Capacity: 2048M(100%)
[41.612s][info][gc,heap     ] GC(91)                Mark Start          Mark End        Relocate Start      Relocate End           High               Low         
[41.612s][info][gc,heap     ] GC(91)  Capacity:     2048M (100%)       2048M (100%)       2048M (100%)       2048M (100%)       2048M (100%)       2048M (100%)   
[41.612s][info][gc,heap     ] GC(91)      Free:      930M (45%)         606M (30%)        1416M (69%)        1444M (71%)        1444M (71%)         584M (29%)    
[41.612s][info][gc,heap     ] GC(91)      Used:     1118M (55%)        1442M (70%)         632M (31%)         604M (29%)        1464M (71%)         604M (29%)    
[41.612s][info][gc,heap     ] GC(91)      Live:         -               206M (10%)         206M (10%)         206M (10%)            -                  -          
[41.612s][info][gc,heap     ] GC(91) Allocated:         -               324M (16%)         356M (17%)         357M (17%)            -                  -          
[41.612s][info][gc,heap     ] GC(91)   Garbage:         -               911M (45%)          69M (3%)           39M (2%)             -                  -          
[41.612s][info][gc,heap     ] GC(91) Reclaimed:         -                  -               842M (41%)         871M (43%)            -                  -          
[41.612s][info][gc          ] GC(91) Garbage Collection (Allocation Rate) 1118M(55%)->604M(29%)
[41.735s][info][gc,start    ] GC(92) Garbage Collection (System.gc())
[41.735s][info][gc,task     ] GC(92) Using 12 workers
[41.735s][info][gc,phases   ] GC(92) Pause Mark Start 0.015ms
[41.800s][info][gc,phases   ] GC(92) Concurrent Mark 65.324ms
[41.800s][info][gc,phases   ] GC(92) Pause Mark End 0.022ms
[41.801s][info][gc,phases   ] GC(92) Concurrent Mark Free 0.001ms
[41.803s][info][gc,phases   ] GC(92) Concurrent Process Non-Strong References 2.280ms
[41.803s][info][gc,phases   ] GC(92) Concurrent Reset Relocation Set 0.002ms
[41.806s][info][gc,phases   ] GC(92) Concurrent Select Relocation Set 2.793ms
[41.806s][info][gc,phases   ] GC(92) Pause Relocate Start 0.008ms
[41.807s][info][gc,phases   ] GC(92) Concurrent Relocate 1.442ms
[41.807s][info][gc,load     ] GC(92) Load: 0.00/0.00/0.00
[41.807s][info][gc,mmu      ] GC(92) MMU: 2ms/96.5%, 5ms/98.6%, 10ms/99.3%, 20ms/99.6%, 50ms/99.8%, 100ms/99.9%
[41.807s][info][gc,marking  ] GC(92) Mark: 8 stripe(s), 2 proactive flush(es), 1 terminate flush(es), 0 completion(s), 0 continuation(s) 
[41.807s][info][gc,marking  ] GC(92) Mark Stack Usage: 32M
[41.807s][info][gc,nmethod  ] GC(92) NMethods: 7881 registered, 311 unregistered
[41.807s][info][gc,metaspace] GC(92) Metaspace: 59M used, 60M committed, 1088M reserved
[41.807s][info][gc,ref      ] GC(92) Soft: 4711 encountered, 0 discovered, 0 enqueued
[41.807s][info][gc,ref      ] GC(92) Weak: 6085 encountered, 1696 discovered, 121 enqueued
[41.808s][info][gc,ref      ] GC(92) Final: 82 encountered, 25 discovered, 0 enqueued
[41.808s][info][gc,ref      ] GC(92) Phantom: 608 encountered, 540 discovered, 0 enqueued
[41.808s][info][gc,reloc    ] GC(92) Small Pages: 373 / 746M, Empty: 526M, Relocated: 0M, In-Place: 0
[41.808s][info][gc,reloc    ] GC(92) Medium Pages: 1 / 32M, Empty: 0M, Relocated: 0M, In-Place: 0
[41.808s][info][gc,reloc    ] GC(92) Large Pages: 3 / 18M, Empty: 6M, Relocated: 0M, In-Place: 0
[41.808s][info][gc,reloc    ] GC(92) Forwarding Usage: 0M
[41.808s][info][gc,heap     ] GC(92) Min Capacity: 8M(0%)
[41.808s][info][gc,heap     ] GC(92) Max Capacity: 2048M(100%)
[41.808s][info][gc,heap     ] GC(92) Soft Max Capacity: 2048M(100%)
[41.808s][info][gc,heap     ] GC(92)                Mark Start          Mark End        Relocate Start      Relocate End           High               Low         
[41.808s][info][gc,heap     ] GC(92)  Capacity:     2048M (100%)       2048M (100%)       2048M (100%)       2048M (100%)       2048M (100%)       2048M (100%)   
[41.808s][info][gc,heap     ] GC(92)      Free:     1252M (61%)        1250M (61%)        1778M (87%)        1778M (87%)        1780M (87%)        1250M (61%)    
[41.808s][info][gc,heap     ] GC(92)      Used:      796M (39%)         798M (39%)         270M (13%)         270M (13%)         798M (39%)         268M (13%)    
[41.808s][info][gc,heap     ] GC(92)      Live:         -               205M (10%)         205M (10%)         205M (10%)            -                  -          
[41.808s][info][gc,heap     ] GC(92) Allocated:         -                 2M (0%)            6M (0%)            5M (0%)             -                  -          
[41.808s][info][gc,heap     ] GC(92)   Garbage:         -               590M (29%)          58M (3%)           58M (3%)             -                  -          
[41.808s][info][gc,heap     ] GC(92) Reclaimed:         -                  -               532M (26%)         531M (26%)            -                  -          
[41.808s][info][gc          ] GC(92) Garbage Collection (System.gc()) 796M(39%)->270M(13%)
[42.073s][info][gc,start    ] GC(93) Garbage Collection (Allocation Rate)
[42.073s][info][gc,task     ] GC(93) Using 5 workers
[42.073s][info][gc,phases   ] GC(93) Pause Mark Start 0.016ms
[42.167s][info][gc,phases   ] GC(93) Concurrent Mark 93.309ms
[42.167s][info][gc,phases   ] GC(93) Pause Mark End 0.025ms
[42.167s][info][gc,phases   ] GC(93) Concurrent Mark Free 0.001ms
[42.172s][info][gc,phases   ] GC(93) Concurrent Process Non-Strong References 5.122ms
[42.172s][info][gc,phases   ] GC(93) Concurrent Reset Relocation Set 0.002ms
[42.176s][info][gc,phases   ] GC(93) Concurrent Select Relocation Set 3.642ms
[42.176s][info][gc,phases   ] GC(93) Pause Relocate Start 0.007ms
[42.177s][info][gc,phases   ] GC(93) Concurrent Relocate 1.397ms
[42.177s][info][gc,load     ] GC(93) Load: 0.00/0.00/0.00
[42.177s][info][gc,mmu      ] GC(93) MMU: 2ms/96.5%, 5ms/98.6%, 10ms/99.3%, 20ms/99.6%, 50ms/99.8%, 100ms/99.9%
[42.178s][info][gc,marking  ] GC(93) Mark: 4 stripe(s), 2 proactive flush(es), 1 terminate flush(es), 0 completion(s), 0 continuation(s) 
[42.178s][info][gc,marking  ] GC(93) Mark Stack Usage: 32M
[42.178s][info][gc,nmethod  ] GC(93) NMethods: 7982 registered, 314 unregistered
[42.178s][info][gc,metaspace] GC(93) Metaspace: 59M used, 60M committed, 1088M reserved
[42.178s][info][gc,ref      ] GC(93) Soft: 4713 encountered, 0 discovered, 0 enqueued
[42.178s][info][gc,ref      ] GC(93) Weak: 6105 encountered, 3271 discovered, 74 enqueued
[42.178s][info][gc,ref      ] GC(93) Final: 82 encountered, 1 discovered, 0 enqueued
[42.178s][info][gc,ref      ] GC(93) Phantom: 608 encountered, 379 discovered, 0 enqueued
[42.178s][info][gc,reloc    ] GC(93) Small Pages: 437 / 874M, Empty: 626M, Relocated: 1M, In-Place: 0
[42.178s][info][gc,reloc    ] GC(93) Medium Pages: 2 / 64M, Empty: 32M, Relocated: 0M, In-Place: 0
[42.178s][info][gc,reloc    ] GC(93) Large Pages: 4 / 24M, Empty: 12M, Relocated: 0M, In-Place: 0
[42.178s][info][gc,reloc    ] GC(93) Forwarding Usage: 0M
[42.178s][info][gc,heap     ] GC(93) Min Capacity: 8M(0%)
[42.178s][info][gc,heap     ] GC(93) Max Capacity: 2048M(100%)
[42.178s][info][gc,heap     ] GC(93) Soft Max Capacity: 2048M(100%)
[42.178s][info][gc,heap     ] GC(93)                Mark Start          Mark End        Relocate Start      Relocate End           High               Low         
[42.178s][info][gc,heap     ] GC(93)  Capacity:     2048M (100%)       2048M (100%)       2048M (100%)       2048M (100%)       2048M (100%)       2048M (100%)   
[42.178s][info][gc,heap     ] GC(93)      Free:     1086M (53%)         802M (39%)        1438M (70%)        1478M (72%)        1478M (72%)         782M (38%)    
[42.178s][info][gc,heap     ] GC(93)      Used:      962M (47%)        1246M (61%)         610M (30%)         570M (28%)        1266M (62%)         570M (28%)    
[42.178s][info][gc,heap     ] GC(93)      Live:         -               206M (10%)         206M (10%)         206M (10%)            -                  -          
[42.178s][info][gc,heap     ] GC(93) Allocated:         -               284M (14%)         318M (16%)         319M (16%)            -                  -          
[42.178s][info][gc,heap     ] GC(93)   Garbage:         -               755M (37%)          85M (4%)           43M (2%)             -                  -          
[42.178s][info][gc,heap     ] GC(93) Reclaimed:         -                  -               670M (33%)         711M (35%)            -                  -          
[42.178s][info][gc          ] GC(93) Garbage Collection (Allocation Rate) 962M(47%)->570M(28%)
[42.370s][info][gc,start    ] GC(94) Garbage Collection (Allocation Rate)
[42.370s][info][gc,task     ] GC(94) Using 5 workers
[42.370s][info][gc,phases   ] GC(94) Pause Mark Start 0.014ms
[42.463s][info][gc,phases   ] GC(94) Concurrent Mark 93.402ms
[42.464s][info][gc,phases   ] GC(94) Pause Mark End 0.030ms
[42.464s][info][gc,phases   ] GC(94) Concurrent Mark Free 0.001ms
[42.468s][info][gc,phases   ] GC(94) Concurrent Process Non-Strong References 4.522ms
[42.468s][info][gc,phases   ] GC(94) Concurrent Reset Relocation Set 0.004ms
[42.472s][info][gc,phases   ] GC(94) Concurrent Select Relocation Set 3.628ms
[42.472s][info][gc,phases   ] GC(94) Pause Relocate Start 0.008ms
[42.474s][info][gc,phases   ] GC(94) Concurrent Relocate 2.022ms
[42.474s][info][gc,load     ] GC(94) Load: 0.00/0.00/0.00
[42.474s][info][gc,mmu      ] GC(94) MMU: 2ms/96.5%, 5ms/98.6%, 10ms/99.3%, 20ms/99.6%, 50ms/99.8%, 100ms/99.9%
[42.474s][info][gc,marking  ] GC(94) Mark: 4 stripe(s), 2 proactive flush(es), 1 terminate flush(es), 0 completion(s), 0 continuation(s) 
[42.474s][info][gc,marking  ] GC(94) Mark Stack Usage: 32M
[42.474s][info][gc,nmethod  ] GC(94) NMethods: 7982 registered, 314 unregistered
[42.475s][info][gc,metaspace] GC(94) Metaspace: 59M used, 60M committed, 1088M reserved
[42.475s][info][gc,ref      ] GC(94) Soft: 4713 encountered, 0 discovered, 0 enqueued
[42.475s][info][gc,ref      ] GC(94) Weak: 6030 encountered, 994 discovered, 14 enqueued
[42.475s][info][gc,ref      ] GC(94) Final: 82 encountered, 1 discovered, 0 enqueued
[42.475s][info][gc,ref      ] GC(94) Phantom: 608 encountered, 515 discovered, 0 enqueued
[42.475s][info][gc,reloc    ] GC(94) Small Pages: 535 / 1070M, Empty: 842M, Relocated: 1M, In-Place: 0
[42.475s][info][gc,reloc    ] GC(94) Medium Pages: 1 / 32M, Empty: 0M, Relocated: 0M, In-Place: 0
[42.475s][info][gc,reloc    ] GC(94) Large Pages: 2 / 12M, Empty: 0M, Relocated: 0M, In-Place: 0
[42.475s][info][gc,reloc    ] GC(94) Forwarding Usage: 0M
[42.475s][info][gc,heap     ] GC(94) Min Capacity: 8M(0%)
[42.475s][info][gc,heap     ] GC(94) Max Capacity: 2048M(100%)
[42.475s][info][gc,heap     ] GC(94) Soft Max Capacity: 2048M(100%)
[42.475s][info][gc,heap     ] GC(94)                Mark Start          Mark End        Relocate Start      Relocate End           High               Low         
[42.475s][info][gc,heap     ] GC(94)  Capacity:     2048M (100%)       2048M (100%)       2048M (100%)       2048M (100%)       2048M (100%)       2048M (100%)   
[42.475s][info][gc,heap     ] GC(94)      Free:      934M (46%)         672M (33%)        1490M (73%)        1506M (74%)        1510M (74%)         658M (32%)    
[42.475s][info][gc,heap     ] GC(94)      Used:     1114M (54%)        1376M (67%)         558M (27%)         542M (26%)        1390M (68%)         538M (26%)    
[42.475s][info][gc,heap     ] GC(94)      Live:         -               206M (10%)         206M (10%)         206M (10%)            -                  -          
[42.475s][info][gc,heap     ] GC(94) Allocated:         -               262M (13%)         286M (14%)         291M (14%)            -                  -          
[42.475s][info][gc,heap     ] GC(94)   Garbage:         -               907M (44%)          65M (3%)           43M (2%)             -                  -          
[42.475s][info][gc,heap     ] GC(94) Reclaimed:         -                  -               842M (41%)         863M (42%)            -                  -          
[42.475s][info][gc          ] GC(94) Garbage Collection (Allocation Rate) 1114M(54%)->542M(26%)
[42.660s][info][gc,start    ] GC(95) Garbage Collection (System.gc())
[42.660s][info][gc,task     ] GC(95) Using 12 workers
[42.660s][info][gc,phases   ] GC(95) Pause Mark Start 0.015ms
[42.718s][info][gc,phases   ] GC(95) Concurrent Mark 57.745ms
[42.718s][info][gc,phases   ] GC(95) Pause Mark End 0.023ms
[42.718s][info][gc,phases   ] GC(95) Concurrent Mark Free 0.001ms
[42.720s][info][gc,phases   ] GC(95) Concurrent Process Non-Strong References 2.111ms
[42.720s][info][gc,phases   ] GC(95) Concurrent Reset Relocation Set 0.002ms
[42.724s][info][gc,phases   ] GC(95) Concurrent Select Relocation Set 3.603ms
[42.724s][info][gc,phases   ] GC(95) Pause Relocate Start 0.007ms
[42.725s][info][gc,phases   ] GC(95) Concurrent Relocate 1.105ms
[42.725s][info][gc,load     ] GC(95) Load: 0.00/0.00/0.00
[42.725s][info][gc,mmu      ] GC(95) MMU: 2ms/96.5%, 5ms/98.6%, 10ms/99.3%, 20ms/99.6%, 50ms/99.8%, 100ms/99.9%
[42.725s][info][gc,marking  ] GC(95) Mark: 8 stripe(s), 3 proactive flush(es), 1 terminate flush(es), 0 completion(s), 0 continuation(s) 
[42.725s][info][gc,marking  ] GC(95) Mark Stack Usage: 32M
[42.725s][info][gc,nmethod  ] GC(95) NMethods: 8152 registered, 321 unregistered
[42.725s][info][gc,metaspace] GC(95) Metaspace: 59M used, 60M committed, 1088M reserved
[42.725s][info][gc,ref      ] GC(95) Soft: 4711 encountered, 0 discovered, 0 enqueued
[42.725s][info][gc,ref      ] GC(95) Weak: 6076 encountered, 1791 discovered, 121 enqueued
[42.725s][info][gc,ref      ] GC(95) Final: 82 encountered, 4 discovered, 0 enqueued
[42.725s][info][gc,ref      ] GC(95) Phantom: 608 encountered, 408 discovered, 0 enqueued
[42.725s][info][gc,reloc    ] GC(95) Small Pages: 453 / 906M, Empty: 688M, Relocated: 0M, In-Place: 0
[42.726s][info][gc,reloc    ] GC(95) Medium Pages: 1 / 32M, Empty: 0M, Relocated: 0M, In-Place: 0
[42.726s][info][gc,reloc    ] GC(95) Large Pages: 3 / 18M, Empty: 6M, Relocated: 0M, In-Place: 0
[42.726s][info][gc,reloc    ] GC(95) Forwarding Usage: 0M
[42.726s][info][gc,heap     ] GC(95) Min Capacity: 8M(0%)
[42.726s][info][gc,heap     ] GC(95) Max Capacity: 2048M(100%)
[42.726s][info][gc,heap     ] GC(95) Soft Max Capacity: 2048M(100%)
[42.726s][info][gc,heap     ] GC(95)                Mark Start          Mark End        Relocate Start      Relocate End           High               Low         
[42.726s][info][gc,heap     ] GC(95)  Capacity:     2048M (100%)       2048M (100%)       2048M (100%)       2048M (100%)       2048M (100%)       2048M (100%)   
[42.726s][info][gc,heap     ] GC(95)      Free:     1092M (53%)        1090M (53%)        1780M (87%)        1780M (87%)        1780M (87%)        1090M (53%)    
[42.726s][info][gc,heap     ] GC(95)      Used:      956M (47%)         958M (47%)         268M (13%)         268M (13%)         958M (47%)         268M (13%)    
[42.726s][info][gc,heap     ] GC(95)      Live:         -               206M (10%)         206M (10%)         206M (10%)            -                  -          
[42.726s][info][gc,heap     ] GC(95) Allocated:         -                 2M (0%)            6M (0%)            6M (0%)             -                  -          
[42.726s][info][gc,heap     ] GC(95)   Garbage:         -               749M (37%)          55M (3%)           55M (3%)             -                  -          
[42.726s][info][gc,heap     ] GC(95) Reclaimed:         -                  -               694M (34%)         694M (34%)            -                  -          
[42.726s][info][gc          ] GC(95) Garbage Collection (System.gc()) 956M(47%)->268M(13%)
[42.968s][info][gc,start    ] GC(96) Garbage Collection (Allocation Rate)
[42.968s][info][gc,task     ] GC(96) Using 4 workers
[42.968s][info][gc,phases   ] GC(96) Pause Mark Start 0.016ms
[43.077s][info][gc,phases   ] GC(96) Concurrent Mark 108.913ms
[43.077s][info][gc,phases   ] GC(96) Pause Mark End 0.024ms
[43.077s][info][gc,phases   ] GC(96) Concurrent Mark Free 0.001ms
[43.083s][info][gc,phases   ] GC(96) Concurrent Process Non-Strong References 5.885ms
[43.083s][info][gc,phases   ] GC(96) Concurrent Reset Relocation Set 0.002ms
[43.087s][info][gc,phases   ] GC(96) Concurrent Select Relocation Set 4.046ms
[43.088s][info][gc,phases   ] GC(96) Pause Relocate Start 0.010ms
[43.089s][info][gc,phases   ] GC(96) Concurrent Relocate 1.771ms
[43.089s][info][gc,load     ] GC(96) Load: 0.00/0.00/0.00
[43.089s][info][gc,mmu      ] GC(96) MMU: 2ms/96.5%, 5ms/98.6%, 10ms/99.3%, 20ms/99.6%, 50ms/99.8%, 100ms/99.9%
[43.090s][info][gc,marking  ] GC(96) Mark: 4 stripe(s), 2 proactive flush(es), 1 terminate flush(es), 0 completion(s), 0 continuation(s) 
[43.090s][info][gc,marking  ] GC(96) Mark Stack Usage: 32M
[43.090s][info][gc,nmethod  ] GC(96) NMethods: 8155 registered, 327 unregistered
[43.090s][info][gc,metaspace] GC(96) Metaspace: 59M used, 60M committed, 1088M reserved
[43.090s][info][gc,ref      ] GC(96) Soft: 4713 encountered, 0 discovered, 0 enqueued
[43.090s][info][gc,ref      ] GC(96) Weak: 6119 encountered, 3029 discovered, 76 enqueued
[43.090s][info][gc,ref      ] GC(96) Final: 82 encountered, 1 discovered, 0 enqueued
[43.090s][info][gc,ref      ] GC(96) Phantom: 608 encountered, 511 discovered, 0 enqueued
[43.090s][info][gc,reloc    ] GC(96) Small Pages: 406 / 812M, Empty: 564M, Relocated: 1M, In-Place: 0
[43.090s][info][gc,reloc    ] GC(96) Medium Pages: 2 / 64M, Empty: 32M, Relocated: 0M, In-Place: 0
[43.090s][info][gc,reloc    ] GC(96) Large Pages: 4 / 24M, Empty: 12M, Relocated: 0M, In-Place: 0
[43.090s][info][gc,reloc    ] GC(96) Forwarding Usage: 0M
[43.090s][info][gc,heap     ] GC(96) Min Capacity: 8M(0%)
[43.090s][info][gc,heap     ] GC(96) Max Capacity: 2048M(100%)
[43.090s][info][gc,heap     ] GC(96) Soft Max Capacity: 2048M(100%)
[43.090s][info][gc,heap     ] GC(96)                Mark Start          Mark End        Relocate Start      Relocate End           High               Low         
[43.090s][info][gc,heap     ] GC(96)  Capacity:     2048M (100%)       2048M (100%)       2048M (100%)       2048M (100%)       2048M (100%)       2048M (100%)   
[43.090s][info][gc,heap     ] GC(96)      Free:     1148M (56%)         798M (39%)        1366M (67%)        1406M (69%)        1408M (69%)         774M (38%)    
[43.090s][info][gc,heap     ] GC(96)      Used:      900M (44%)        1250M (61%)         682M (33%)         642M (31%)        1274M (62%)         640M (31%)    
[43.090s][info][gc,heap     ] GC(96)      Live:         -               206M (10%)         206M (10%)         206M (10%)            -                  -          
[43.090s][info][gc,heap     ] GC(96) Allocated:         -               350M (17%)         390M (19%)         393M (19%)            -                  -          
[43.090s][info][gc,heap     ] GC(96)   Garbage:         -               693M (34%)          85M (4%)           41M (2%)             -                  -          
[43.090s][info][gc,heap     ] GC(96) Reclaimed:         -                  -               608M (30%)         651M (32%)            -                  -          
[43.090s][info][gc          ] GC(96) Garbage Collection (Allocation Rate) 900M(44%)->642M(31%)
[43.165s][info][gc,start    ] GC(97) Garbage Collection (Allocation Rate)
[43.165s][info][gc,task     ] GC(97) Using 4 workers
[43.165s][info][gc,phases   ] GC(97) Pause Mark Start 0.013ms
[43.259s][info][gc,phases   ] GC(97) Concurrent Mark 93.344ms
[43.259s][info][gc,phases   ] GC(97) Pause Mark End 0.029ms
[43.259s][info][gc,phases   ] GC(97) Concurrent Mark Free 0.001ms
[43.264s][info][gc,phases   ] GC(97) Concurrent Process Non-Strong References 4.699ms
[43.264s][info][gc,phases   ] GC(97) Concurrent Reset Relocation Set 0.003ms
[43.268s][info][gc,phases   ] GC(97) Concurrent Select Relocation Set 3.822ms
[43.268s][info][gc,phases   ] GC(97) Pause Relocate Start 0.006ms
[43.269s][info][gc,phases   ] GC(97) Concurrent Relocate 1.289ms
[43.269s][info][gc,load     ] GC(97) Load: 0.00/0.00/0.00
[43.269s][info][gc,mmu      ] GC(97) MMU: 2ms/96.5%, 5ms/98.6%, 10ms/99.3%, 20ms/99.6%, 50ms/99.8%, 100ms/99.9%
[43.269s][info][gc,marking  ] GC(97) Mark: 4 stripe(s), 2 proactive flush(es), 1 terminate flush(es), 0 completion(s), 0 continuation(s) 
[43.269s][info][gc,marking  ] GC(97) Mark Stack Usage: 32M
[43.269s][info][gc,nmethod  ] GC(97) NMethods: 8155 registered, 327 unregistered
[43.269s][info][gc,metaspace] GC(97) Metaspace: 59M used, 60M committed, 1088M reserved
[43.270s][info][gc,ref      ] GC(97) Soft: 4713 encountered, 0 discovered, 0 enqueued
[43.270s][info][gc,ref      ] GC(97) Weak: 6042 encountered, 1160 discovered, 19 enqueued
[43.270s][info][gc,ref      ] GC(97) Final: 82 encountered, 32 discovered, 0 enqueued
[43.270s][info][gc,ref      ] GC(97) Phantom: 608 encountered, 560 discovered, 0 enqueued
[43.270s][info][gc,reloc    ] GC(97) Small Pages: 425 / 850M, Empty: 624M, Relocated: 1M, In-Place: 0
[43.270s][info][gc,reloc    ] GC(97) Medium Pages: 1 / 32M, Empty: 0M, Relocated: 0M, In-Place: 0
[43.270s][info][gc,reloc    ] GC(97) Large Pages: 2 / 12M, Empty: 0M, Relocated: 0M, In-Place: 0
[43.270s][info][gc,reloc    ] GC(97) Forwarding Usage: 0M
[43.270s][info][gc,heap     ] GC(97) Min Capacity: 8M(0%)
[43.270s][info][gc,heap     ] GC(97) Max Capacity: 2048M(100%)
[43.270s][info][gc,heap     ] GC(97) Soft Max Capacity: 2048M(100%)
[43.270s][info][gc,heap     ] GC(97)                Mark Start          Mark End        Relocate Start      Relocate End           High               Low         
[43.270s][info][gc,heap     ] GC(97)  Capacity:     2048M (100%)       2048M (100%)       2048M (100%)       2048M (100%)       2048M (100%)       2048M (100%)   
[43.270s][info][gc,heap     ] GC(97)      Free:     1154M (56%)         848M (41%)        1442M (70%)        1460M (71%)        1462M (71%)         830M (41%)    
[43.270s][info][gc,heap     ] GC(97)      Used:      894M (44%)        1200M (59%)         606M (30%)         588M (29%)        1218M (59%)         586M (29%)    
[43.270s][info][gc,heap     ] GC(97)      Live:         -               206M (10%)         206M (10%)         206M (10%)            -                  -          
[43.270s][info][gc,heap     ] GC(97) Allocated:         -               306M (15%)         336M (16%)         339M (17%)            -                  -          
[43.270s][info][gc,heap     ] GC(97)   Garbage:         -               687M (34%)          63M (3%)           41M (2%)             -                  -          
[43.270s][info][gc,heap     ] GC(97) Reclaimed:         -                  -               624M (30%)         645M (32%)            -                  -          
[43.270s][info][gc          ] GC(97) Garbage Collection (Allocation Rate) 894M(44%)->588M(29%)
[43.462s][info][gc,start    ] GC(98) Garbage Collection (Allocation Rate)
[43.462s][info][gc,task     ] GC(98) Using 4 workers
[43.462s][info][gc,phases   ] GC(98) Pause Mark Start 0.014ms
[43.572s][info][gc,phases   ] GC(98) Concurrent Mark 109.327ms
[43.572s][info][gc,phases   ] GC(98) Pause Mark End 0.023ms
[43.572s][info][gc,phases   ] GC(98) Concurrent Mark Free 0.001ms
[43.578s][info][gc,phases   ] GC(98) Concurrent Process Non-Strong References 5.762ms
[43.578s][info][gc,phases   ] GC(98) Concurrent Reset Relocation Set 0.003ms
[43.581s][info][gc,phases   ] GC(98) Concurrent Select Relocation Set 3.566ms
[43.581s][info][gc,phases   ] GC(98) Pause Relocate Start 0.004ms
[43.583s][info][gc,phases   ] GC(98) Concurrent Relocate 1.982ms
[43.584s][info][gc,load     ] GC(98) Load: 0.00/0.00/0.00
[43.584s][info][gc,mmu      ] GC(98) MMU: 2ms/96.5%, 5ms/98.6%, 10ms/99.3%, 20ms/99.6%, 50ms/99.8%, 100ms/99.9%
[43.584s][info][gc,marking  ] GC(98) Mark: 4 stripe(s), 2 proactive flush(es), 1 terminate flush(es), 0 completion(s), 0 continuation(s) 
[43.584s][info][gc,marking  ] GC(98) Mark Stack Usage: 32M
[43.584s][info][gc,nmethod  ] GC(98) NMethods: 8161 registered, 327 unregistered
[43.584s][info][gc,metaspace] GC(98) Metaspace: 59M used, 60M committed, 1088M reserved
[43.584s][info][gc,ref      ] GC(98) Soft: 4712 encountered, 0 discovered, 0 enqueued
[43.584s][info][gc,ref      ] GC(98) Weak: 6022 encountered, 2439 discovered, 0 enqueued
[43.584s][info][gc,ref      ] GC(98) Final: 82 encountered, 5 discovered, 0 enqueued
[43.584s][info][gc,ref      ] GC(98) Phantom: 608 encountered, 562 discovered, 0 enqueued
[43.584s][info][gc,reloc    ] GC(98) Small Pages: 585 / 1170M, Empty: 946M, Relocated: 1M, In-Place: 0
[43.584s][info][gc,reloc    ] GC(98) Medium Pages: 1 / 32M, Empty: 0M, Relocated: 0M, In-Place: 0
[43.584s][info][gc,reloc    ] GC(98) Large Pages: 2 / 12M, Empty: 0M, Relocated: 0M, In-Place: 0
[43.584s][info][gc,reloc    ] GC(98) Forwarding Usage: 0M
[43.584s][info][gc,heap     ] GC(98) Min Capacity: 8M(0%)
[43.584s][info][gc,heap     ] GC(98) Max Capacity: 2048M(100%)
[43.584s][info][gc,heap     ] GC(98) Soft Max Capacity: 2048M(100%)
[43.584s][info][gc,heap     ] GC(98)                Mark Start          Mark End        Relocate Start      Relocate End           High               Low         
[43.584s][info][gc,heap     ] GC(98)  Capacity:     2048M (100%)       2048M (100%)       2048M (100%)       2048M (100%)       2048M (100%)       2048M (100%)   
[43.584s][info][gc,heap     ] GC(98)      Free:      834M (41%)         812M (40%)        1758M (86%)        1778M (87%)        1778M (87%)         812M (40%)    
[43.584s][info][gc,heap     ] GC(98)      Used:     1214M (59%)        1236M (60%)         290M (14%)         270M (13%)        1236M (60%)         270M (13%)    
[43.584s][info][gc,heap     ] GC(98)      Live:         -               206M (10%)         206M (10%)         206M (10%)            -                  -          
[43.584s][info][gc,heap     ] GC(98) Allocated:         -                22M (1%)           22M (1%)           22M (1%)             -                  -          
[43.584s][info][gc,heap     ] GC(98)   Garbage:         -              1007M (49%)          61M (3%)           41M (2%)             -                  -          
[43.584s][info][gc,heap     ] GC(98) Reclaimed:         -                  -               946M (46%)         966M (47%)            -                  -          
[43.584s][info][gc          ] GC(98) Garbage Collection (Allocation Rate) 1214M(59%)->270M(13%)
[43.584s][info][gc,start    ] GC(99) Garbage Collection (System.gc())
[43.585s][info][gc,task     ] GC(99) Using 12 workers
[43.585s][info][gc,phases   ] GC(99) Pause Mark Start 0.006ms
[43.634s][info][gc,phases   ] GC(99) Concurrent Mark 49.468ms
[43.634s][info][gc,phases   ] GC(99) Pause Mark End 0.017ms
[43.634s][info][gc,phases   ] GC(99) Concurrent Mark Free 0.001ms
[43.636s][info][gc,phases   ] GC(99) Concurrent Process Non-Strong References 1.847ms
[43.636s][info][gc,phases   ] GC(99) Concurrent Reset Relocation Set 0.002ms
[43.640s][info][gc,phases   ] GC(99) Concurrent Select Relocation Set 3.503ms
[43.640s][info][gc,phases   ] GC(99) Pause Relocate Start 0.006ms
[43.641s][info][gc,phases   ] GC(99) Concurrent Relocate 1.124ms
[43.641s][info][gc,load     ] GC(99) Load: 0.00/0.00/0.00
[43.641s][info][gc,mmu      ] GC(99) MMU: 2ms/96.5%, 5ms/98.6%, 10ms/99.3%, 20ms/99.6%, 50ms/99.8%, 100ms/99.9%
[43.641s][info][gc,marking  ] GC(99) Mark: 8 stripe(s), 1 proactive flush(es), 1 terminate flush(es), 0 completion(s), 0 continuation(s) 
[43.641s][info][gc,marking  ] GC(99) Mark Stack Usage: 32M
[43.641s][info][gc,nmethod  ] GC(99) NMethods: 8159 registered, 329 unregistered
[43.641s][info][gc,metaspace] GC(99) Metaspace: 59M used, 60M committed, 1088M reserved
[43.641s][info][gc,ref      ] GC(99) Soft: 4711 encountered, 0 discovered, 0 enqueued
[43.641s][info][gc,ref      ] GC(99) Weak: 6091 encountered, 1518 discovered, 121 enqueued
[43.641s][info][gc,ref      ] GC(99) Final: 82 encountered, 46 discovered, 0 enqueued
[43.641s][info][gc,ref      ] GC(99) Phantom: 608 encountered, 573 discovered, 0 enqueued
[43.641s][info][gc,reloc    ] GC(99) Small Pages: 110 / 220M, Empty: 8M, Relocated: 0M, In-Place: 0
[43.641s][info][gc,reloc    ] GC(99) Medium Pages: 1 / 32M, Empty: 0M, Relocated: 0M, In-Place: 0
[43.642s][info][gc,reloc    ] GC(99) Large Pages: 3 / 18M, Empty: 6M, Relocated: 0M, In-Place: 0
[43.642s][info][gc,reloc    ] GC(99) Forwarding Usage: 0M
[43.642s][info][gc,heap     ] GC(99) Min Capacity: 8M(0%)
[43.642s][info][gc,heap     ] GC(99) Max Capacity: 2048M(100%)
[43.642s][info][gc,heap     ] GC(99) Soft Max Capacity: 2048M(100%)
[43.642s][info][gc,heap     ] GC(99)                Mark Start          Mark End        Relocate Start      Relocate End           High               Low         
[43.642s][info][gc,heap     ] GC(99)  Capacity:     2048M (100%)       2048M (100%)       2048M (100%)       2048M (100%)       2048M (100%)       2048M (100%)   
[43.642s][info][gc,heap     ] GC(99)      Free:     1778M (87%)        1776M (87%)        1786M (87%)        1786M (87%)        1786M (87%)        1770M (86%)    
[43.642s][info][gc,heap     ] GC(99)      Used:      270M (13%)         272M (13%)         262M (13%)         262M (13%)         278M (14%)         262M (13%)    
[43.642s][info][gc,heap     ] GC(99)      Live:         -               206M (10%)         206M (10%)         206M (10%)            -                  -          
[43.642s][info][gc,heap     ] GC(99) Allocated:         -                 2M (0%)            6M (0%)            6M (0%)             -                  -          
[43.642s][info][gc,heap     ] GC(99)   Garbage:         -                63M (3%)           49M (2%)           49M (2%)             -                  -          
[43.642s][info][gc,heap     ] GC(99) Reclaimed:         -                  -                14M (1%)           14M (1%)             -                  -          
[43.642s][info][gc          ] GC(99) Garbage Collection (System.gc()) 270M(13%)->262M(13%)
[43.969s][info][gc,start    ] GC(100) Garbage Collection (Allocation Rate)
[43.969s][info][gc,task     ] GC(100) Using 4 workers
[43.970s][info][gc,phases   ] GC(100) Pause Mark Start 0.017ms
[44.063s][info][gc,phases   ] GC(100) Concurrent Mark 93.296ms
[44.063s][info][gc,phases   ] GC(100) Pause Mark End 0.025ms
[44.063s][info][gc,phases   ] GC(100) Concurrent Mark Free 0.001ms
[44.068s][info][gc,phases   ] GC(100) Concurrent Process Non-Strong References 4.489ms
[44.068s][info][gc,phases   ] GC(100) Concurrent Reset Relocation Set 0.002ms
[44.071s][info][gc,phases   ] GC(100) Concurrent Select Relocation Set 3.671ms
[44.072s][info][gc,phases   ] GC(100) Pause Relocate Start 0.006ms
[44.074s][info][gc,phases   ] GC(100) Concurrent Relocate 2.244ms
[44.074s][info][gc,load     ] GC(100) Load: 0.00/0.00/0.00
[44.074s][info][gc,mmu      ] GC(100) MMU: 2ms/96.5%, 5ms/98.6%, 10ms/99.3%, 20ms/99.6%, 50ms/99.8%, 100ms/99.9%
[44.074s][info][gc,marking  ] GC(100) Mark: 4 stripe(s), 2 proactive flush(es), 1 terminate flush(es), 0 completion(s), 0 continuation(s) 
[44.074s][info][gc,marking  ] GC(100) Mark Stack Usage: 32M
[44.074s][info][gc,nmethod  ] GC(100) NMethods: 8183 registered, 332 unregistered
[44.074s][info][gc,metaspace] GC(100) Metaspace: 59M used, 60M committed, 1088M reserved
[44.074s][info][gc,ref      ] GC(100) Soft: 4713 encountered, 0 discovered, 0 enqueued
[44.074s][info][gc,ref      ] GC(100) Weak: 6106 encountered, 2928 discovered, 74 enqueued
[44.074s][info][gc,ref      ] GC(100) Final: 82 encountered, 4 discovered, 0 enqueued
[44.074s][info][gc,ref      ] GC(100) Phantom: 608 encountered, 437 discovered, 0 enqueued
[44.074s][info][gc,reloc    ] GC(100) Small Pages: 534 / 1068M, Empty: 824M, Relocated: 1M, In-Place: 0
[44.074s][info][gc,reloc    ] GC(100) Medium Pages: 2 / 64M, Empty: 32M, Relocated: 0M, In-Place: 0
[44.074s][info][gc,reloc    ] GC(100) Large Pages: 4 / 24M, Empty: 12M, Relocated: 0M, In-Place: 0
[44.074s][info][gc,reloc    ] GC(100) Forwarding Usage: 0M
[44.074s][info][gc,heap     ] GC(100) Min Capacity: 8M(0%)
[44.074s][info][gc,heap     ] GC(100) Max Capacity: 2048M(100%)
[44.074s][info][gc,heap     ] GC(100) Soft Max Capacity: 2048M(100%)
[44.074s][info][gc,heap     ] GC(100)                Mark Start          Mark End        Relocate Start      Relocate End           High               Low         
[44.074s][info][gc,heap     ] GC(100)  Capacity:     2048M (100%)       2048M (100%)       2048M (100%)       2048M (100%)       2048M (100%)       2048M (100%)   
[44.075s][info][gc,heap     ] GC(100)      Free:      892M (44%)         606M (30%)        1442M (70%)        1480M (72%)        1480M (72%)         590M (29%)    
[44.075s][info][gc,heap     ] GC(100)      Used:     1156M (56%)        1442M (70%)         606M (30%)         568M (28%)        1458M (71%)         568M (28%)    
[44.075s][info][gc,heap     ] GC(100)      Live:         -               206M (10%)         206M (10%)         206M (10%)            -                  -          
[44.075s][info][gc,heap     ] GC(100) Allocated:         -               286M (14%)         318M (16%)         319M (16%)            -                  -          
[44.075s][info][gc,heap     ] GC(100)   Garbage:         -               949M (46%)          81M (4%)           41M (2%)             -                  -          
[44.075s][info][gc,heap     ] GC(100) Reclaimed:         -                  -               868M (42%)         907M (44%)            -                  -          
[44.075s][info][gc          ] GC(100) Garbage Collection (Allocation Rate) 1156M(56%)->568M(28%)
[44.266s][info][gc,start    ] GC(101) Garbage Collection (Allocation Rate)
[44.266s][info][gc,task     ] GC(101) Using 3 workers
[44.266s][info][gc,phases   ] GC(101) Pause Mark Start 0.018ms
[44.398s][info][gc,phases   ] GC(101) Concurrent Mark 131.608ms
[44.398s][info][gc,phases   ] GC(101) Pause Mark End 0.028ms
[44.398s][info][gc,phases   ] GC(101) Concurrent Mark Free 0.001ms
[44.408s][info][gc,phases   ] GC(101) Concurrent Process Non-Strong References 9.760ms
[44.408s][info][gc,phases   ] GC(101) Concurrent Reset Relocation Set 0.003ms
[44.412s][info][gc,phases   ] GC(101) Concurrent Select Relocation Set 4.161ms
[44.413s][info][gc,phases   ] GC(101) Pause Relocate Start 0.008ms
[44.415s][info][gc,phases   ] GC(101) Concurrent Relocate 2.296ms
[44.415s][info][gc,load     ] GC(101) Load: 0.00/0.00/0.00
[44.415s][info][gc,mmu      ] GC(101) MMU: 2ms/96.5%, 5ms/98.6%, 10ms/99.3%, 20ms/99.6%, 50ms/99.8%, 100ms/99.9%
[44.415s][info][gc,marking  ] GC(101) Mark: 2 stripe(s), 2 proactive flush(es), 1 terminate flush(es), 0 completion(s), 0 continuation(s) 
[44.415s][info][gc,marking  ] GC(101) Mark Stack Usage: 32M
[44.415s][info][gc,nmethod  ] GC(101) NMethods: 8183 registered, 332 unregistered
[44.415s][info][gc,metaspace] GC(101) Metaspace: 59M used, 60M committed, 1088M reserved
[44.415s][info][gc,ref      ] GC(101) Soft: 4713 encountered, 0 discovered, 0 enqueued
[44.415s][info][gc,ref      ] GC(101) Weak: 6031 encountered, 2483 discovered, 14 enqueued
[44.415s][info][gc,ref      ] GC(101) Final: 82 encountered, 39 discovered, 0 enqueued
[44.415s][info][gc,ref      ] GC(101) Phantom: 608 encountered, 368 discovered, 0 enqueued
[44.415s][info][gc,reloc    ] GC(101) Small Pages: 400 / 800M, Empty: 574M, Relocated: 1M, In-Place: 0
[44.415s][info][gc,reloc    ] GC(101) Medium Pages: 1 / 32M, Empty: 0M, Relocated: 0M, In-Place: 0
[44.415s][info][gc,reloc    ] GC(101) Large Pages: 2 / 12M, Empty: 0M, Relocated: 0M, In-Place: 0
[44.415s][info][gc,reloc    ] GC(101) Forwarding Usage: 0M
[44.415s][info][gc,heap     ] GC(101) Min Capacity: 8M(0%)
[44.415s][info][gc,heap     ] GC(101) Max Capacity: 2048M(100%)
[44.415s][info][gc,heap     ] GC(101) Soft Max Capacity: 2048M(100%)
[44.415s][info][gc,heap     ] GC(101)                Mark Start          Mark End        Relocate Start      Relocate End           High               Low         
[44.416s][info][gc,heap     ] GC(101)  Capacity:     2048M (100%)       2048M (100%)       2048M (100%)       2048M (100%)       2048M (100%)       2048M (100%)   
[44.416s][info][gc,heap     ] GC(101)      Free:     1204M (59%)        1010M (49%)        1562M (76%)        1582M (77%)        1584M (77%)         994M (49%)    
[44.416s][info][gc,heap     ] GC(101)      Used:      844M (41%)        1038M (51%)         486M (24%)         466M (23%)        1054M (51%)         464M (23%)    
[44.416s][info][gc,heap     ] GC(101)      Live:         -               206M (10%)         206M (10%)         206M (10%)            -                  -          
[44.416s][info][gc,heap     ] GC(101) Allocated:         -               194M (9%)          216M (11%)         219M (11%)            -                  -          
[44.416s][info][gc,heap     ] GC(101)   Garbage:         -               637M (31%)          63M (3%)           39M (2%)             -                  -          
[44.416s][info][gc,heap     ] GC(101) Reclaimed:         -                  -               574M (28%)         597M (29%)            -                  -          
[44.416s][info][gc          ] GC(101) Garbage Collection (Allocation Rate) 844M(41%)->466M(23%)
[44.664s][info][gc,start    ] GC(102) Garbage Collection (Allocation Rate)
[44.664s][info][gc,task     ] GC(102) Using 3 workers
[44.664s][info][gc,phases   ] GC(102) Pause Mark Start 0.014ms
[44.795s][info][gc,phases   ] GC(102) Concurrent Mark 131.138ms
[44.795s][info][gc,phases   ] GC(102) Pause Mark End 0.017ms
[44.795s][info][gc,phases   ] GC(102) Concurrent Mark Free 0.001ms
[44.805s][info][gc,phases   ] GC(102) Concurrent Process Non-Strong References 9.028ms
[44.805s][info][gc,phases   ] GC(102) Concurrent Reset Relocation Set 0.002ms
[44.808s][info][gc,phases   ] GC(102) Concurrent Select Relocation Set 3.560ms
[44.808s][info][gc,phases   ] GC(102) Pause Relocate Start 0.006ms
[44.811s][info][gc,phases   ] GC(102) Concurrent Relocate 2.260ms
[44.811s][info][gc,load     ] GC(102) Load: 0.00/0.00/0.00
[44.811s][info][gc,mmu      ] GC(102) MMU: 2ms/96.5%, 5ms/98.6%, 10ms/99.3%, 20ms/99.6%, 50ms/99.8%, 100ms/99.9%
[44.811s][info][gc,marking  ] GC(102) Mark: 2 stripe(s), 2 proactive flush(es), 1 terminate flush(es), 0 completion(s), 0 continuation(s) 
[44.811s][info][gc,marking  ] GC(102) Mark Stack Usage: 32M
[44.811s][info][gc,nmethod  ] GC(102) NMethods: 8224 registered, 334 unregistered
[44.811s][info][gc,metaspace] GC(102) Metaspace: 59M used, 60M committed, 1088M reserved
[44.811s][info][gc,ref      ] GC(102) Soft: 4713 encountered, 0 discovered, 0 enqueued
[44.811s][info][gc,ref      ] GC(102) Weak: 6020 encountered, 1192 discovered, 3 enqueued
[44.811s][info][gc,ref      ] GC(102) Final: 82 encountered, 1 discovered, 0 enqueued
[44.811s][info][gc,ref      ] GC(102) Phantom: 608 encountered, 419 discovered, 0 enqueued
[44.811s][info][gc,reloc    ] GC(102) Small Pages: 439 / 878M, Empty: 654M, Relocated: 1M, In-Place: 0
[44.811s][info][gc,reloc    ] GC(102) Medium Pages: 1 / 32M, Empty: 0M, Relocated: 0M, In-Place: 0
[44.811s][info][gc,reloc    ] GC(102) Large Pages: 2 / 12M, Empty: 0M, Relocated: 0M, In-Place: 0
[44.811s][info][gc,reloc    ] GC(102) Forwarding Usage: 0M
[44.811s][info][gc,heap     ] GC(102) Min Capacity: 8M(0%)
[44.811s][info][gc,heap     ] GC(102) Max Capacity: 2048M(100%)
[44.811s][info][gc,heap     ] GC(102) Soft Max Capacity: 2048M(100%)
[44.811s][info][gc,heap     ] GC(102)                Mark Start          Mark End        Relocate Start      Relocate End           High               Low         
[44.811s][info][gc,heap     ] GC(102)  Capacity:     2048M (100%)       2048M (100%)       2048M (100%)       2048M (100%)       2048M (100%)       2048M (100%)   
[44.811s][info][gc,heap     ] GC(102)      Free:     1126M (55%)        1026M (50%)        1680M (82%)        1702M (83%)        1702M (83%)        1026M (50%)    
[44.811s][info][gc,heap     ] GC(102)      Used:      922M (45%)        1022M (50%)         368M (18%)         346M (17%)        1022M (50%)         346M (17%)    
[44.811s][info][gc,heap     ] GC(102)      Live:         -               206M (10%)         206M (10%)         206M (10%)            -                  -          
[44.811s][info][gc,heap     ] GC(102) Allocated:         -               100M (5%)          100M (5%)          100M (5%)             -                  -          
[44.811s][info][gc,heap     ] GC(102)   Garbage:         -               715M (35%)          61M (3%)           39M (2%)             -                  -          
[44.811s][info][gc,heap     ] GC(102) Reclaimed:         -                  -               654M (32%)         676M (33%)            -                  -          
[44.811s][info][gc          ] GC(102) Garbage Collection (Allocation Rate) 922M(45%)->346M(17%)
[44.811s][info][gc,start    ] GC(103) Garbage Collection (System.gc())
[44.812s][info][gc,task     ] GC(103) Using 12 workers
[44.812s][info][gc,phases   ] GC(103) Pause Mark Start 0.007ms
[44.858s][info][gc,phases   ] GC(103) Concurrent Mark 45.980ms
[44.858s][info][gc,phases   ] GC(103) Pause Mark End 0.031ms
[44.858s][info][gc,phases   ] GC(103) Concurrent Mark Free 0.001ms
[44.860s][info][gc,phases   ] GC(103) Concurrent Process Non-Strong References 1.892ms
[44.860s][info][gc,phases   ] GC(103) Concurrent Reset Relocation Set 0.003ms
[44.863s][info][gc,phases   ] GC(103) Concurrent Select Relocation Set 3.595ms
[44.864s][info][gc,phases   ] GC(103) Pause Relocate Start 0.006ms
[44.865s][info][gc,phases   ] GC(103) Concurrent Relocate 0.964ms
[44.865s][info][gc,load     ] GC(103) Load: 0.00/0.00/0.00
[44.865s][info][gc,mmu      ] GC(103) MMU: 2ms/96.5%, 5ms/98.6%, 10ms/99.3%, 20ms/99.6%, 50ms/99.8%, 100ms/99.9%
[44.865s][info][gc,marking  ] GC(103) Mark: 8 stripe(s), 2 proactive flush(es), 1 terminate flush(es), 0 completion(s), 0 continuation(s) 
[44.865s][info][gc,marking  ] GC(103) Mark Stack Usage: 32M
[44.865s][info][gc,nmethod  ] GC(103) NMethods: 8220 registered, 341 unregistered
[44.865s][info][gc,metaspace] GC(103) Metaspace: 59M used, 60M committed, 1088M reserved
[44.865s][info][gc,ref      ] GC(103) Soft: 4711 encountered, 0 discovered, 0 enqueued
[44.865s][info][gc,ref      ] GC(103) Weak: 6081 encountered, 1644 discovered, 123 enqueued
[44.865s][info][gc,ref      ] GC(103) Final: 82 encountered, 5 discovered, 0 enqueued
[44.865s][info][gc,ref      ] GC(103) Phantom: 608 encountered, 415 discovered, 0 enqueued
[44.865s][info][gc,reloc    ] GC(103) Small Pages: 148 / 296M, Empty: 78M, Relocated: 0M, In-Place: 0
[44.865s][info][gc,reloc    ] GC(103) Medium Pages: 1 / 32M, Empty: 0M, Relocated: 0M, In-Place: 0
[44.865s][info][gc,reloc    ] GC(103) Large Pages: 3 / 18M, Empty: 6M, Relocated: 0M, In-Place: 0
[44.865s][info][gc,reloc    ] GC(103) Forwarding Usage: 0M
[44.865s][info][gc,heap     ] GC(103) Min Capacity: 8M(0%)
[44.865s][info][gc,heap     ] GC(103) Max Capacity: 2048M(100%)
[44.865s][info][gc,heap     ] GC(103) Soft Max Capacity: 2048M(100%)
[44.865s][info][gc,heap     ] GC(103)                Mark Start          Mark End        Relocate Start      Relocate End           High               Low         
[44.865s][info][gc,heap     ] GC(103)  Capacity:     2048M (100%)       2048M (100%)       2048M (100%)       2048M (100%)       2048M (100%)       2048M (100%)   
[44.865s][info][gc,heap     ] GC(103)      Free:     1702M (83%)        1702M (83%)        1780M (87%)        1782M (87%)        1782M (87%)        1696M (83%)    
[44.865s][info][gc,heap     ] GC(103)      Used:      346M (17%)         346M (17%)         268M (13%)         266M (13%)         352M (17%)         266M (13%)    
[44.865s][info][gc,heap     ] GC(103)      Live:         -               206M (10%)         206M (10%)         206M (10%)            -                  -          
[44.865s][info][gc,heap     ] GC(103) Allocated:         -                 0M (0%)            6M (0%)            5M (0%)             -                  -          
[44.865s][info][gc,heap     ] GC(103)   Garbage:         -               139M (7%)           55M (3%)           53M (3%)             -                  -          
[44.865s][info][gc,heap     ] GC(103) Reclaimed:         -                  -                84M (4%)           85M (4%)             -                  -          
[44.865s][info][gc          ] GC(103) Garbage Collection (System.gc()) 346M(17%)->266M(13%)
[45.171s][info][gc,start    ] GC(104) Garbage Collection (Allocation Rate)
[45.171s][info][gc,task     ] GC(104) Using 4 workers
[45.171s][info][gc,phases   ] GC(104) Pause Mark Start 0.016ms
[45.280s][info][gc,phases   ] GC(104) Concurrent Mark 108.904ms
[45.280s][info][gc,phases   ] GC(104) Pause Mark End 0.029ms
[45.280s][info][gc,phases   ] GC(104) Concurrent Mark Free 0.001ms
[45.285s][info][gc,phases   ] GC(104) Concurrent Process Non-Strong References 4.720ms
[45.285s][info][gc,phases   ] GC(104) Concurrent Reset Relocation Set 0.001ms
[45.288s][info][gc,phases   ] GC(104) Concurrent Select Relocation Set 3.218ms
[45.288s][info][gc,phases   ] GC(104) Pause Relocate Start 0.009ms
[45.290s][info][gc,phases   ] GC(104) Concurrent Relocate 1.443ms
[45.290s][info][gc,load     ] GC(104) Load: 0.00/0.00/0.00
[45.290s][info][gc,mmu      ] GC(104) MMU: 2ms/96.5%, 5ms/98.6%, 10ms/99.3%, 20ms/99.6%, 50ms/99.8%, 100ms/99.9%
[45.290s][info][gc,marking  ] GC(104) Mark: 4 stripe(s), 2 proactive flush(es), 1 terminate flush(es), 0 completion(s), 0 continuation(s) 
[45.290s][info][gc,marking  ] GC(104) Mark Stack Usage: 32M
[45.290s][info][gc,nmethod  ] GC(104) NMethods: 8258 registered, 347 unregistered
[45.290s][info][gc,metaspace] GC(104) Metaspace: 59M used, 60M committed, 1088M reserved
[45.290s][info][gc,ref      ] GC(104) Soft: 4713 encountered, 0 discovered, 0 enqueued
[45.290s][info][gc,ref      ] GC(104) Weak: 6122 encountered, 3531 discovered, 75 enqueued
[45.290s][info][gc,ref      ] GC(104) Final: 82 encountered, 3 discovered, 0 enqueued
[45.290s][info][gc,ref      ] GC(104) Phantom: 608 encountered, 515 discovered, 0 enqueued
[45.290s][info][gc,reloc    ] GC(104) Small Pages: 530 / 1060M, Empty: 814M, Relocated: 1M, In-Place: 0
[45.290s][info][gc,reloc    ] GC(104) Medium Pages: 2 / 64M, Empty: 32M, Relocated: 0M, In-Place: 0
[45.290s][info][gc,reloc    ] GC(104) Large Pages: 4 / 24M, Empty: 12M, Relocated: 0M, In-Place: 0
[45.290s][info][gc,reloc    ] GC(104) Forwarding Usage: 0M
[45.290s][info][gc,heap     ] GC(104) Min Capacity: 8M(0%)
[45.290s][info][gc,heap     ] GC(104) Max Capacity: 2048M(100%)
[45.290s][info][gc,heap     ] GC(104) Soft Max Capacity: 2048M(100%)
[45.290s][info][gc,heap     ] GC(104)                Mark Start          Mark End        Relocate Start      Relocate End           High               Low         
[45.290s][info][gc,heap     ] GC(104)  Capacity:     2048M (100%)       2048M (100%)       2048M (100%)       2048M (100%)       2048M (100%)       2048M (100%)   
[45.290s][info][gc,heap     ] GC(104)      Free:      900M (44%)         570M (28%)        1406M (69%)        1444M (71%)        1446M (71%)         558M (27%)    
[45.290s][info][gc,heap     ] GC(104)      Used:     1148M (56%)        1478M (72%)         642M (31%)         604M (29%)        1490M (73%)         602M (29%)    
[45.290s][info][gc,heap     ] GC(104)      Live:         -               206M (10%)         206M (10%)         206M (10%)            -                  -          
[45.290s][info][gc,heap     ] GC(104) Allocated:         -               330M (16%)         352M (17%)         355M (17%)            -                  -          
[45.290s][info][gc,heap     ] GC(104)   Garbage:         -               941M (46%)          83M (4%)           41M (2%)             -                  -          
[45.290s][info][gc,heap     ] GC(104) Reclaimed:         -                  -               858M (42%)         899M (44%)            -                  -          
[45.290s][info][gc          ] GC(104) Garbage Collection (Allocation Rate) 1148M(56%)->604M(29%)
[45.467s][info][gc,start    ] GC(105) Garbage Collection (Allocation Rate)
[45.467s][info][gc,task     ] GC(105) Using 4 workers
[45.468s][info][gc,phases   ] GC(105) Pause Mark Start 0.013ms
[45.568s][info][gc,phases   ] GC(105) Concurrent Mark 100.408ms
[45.568s][info][gc,phases   ] GC(105) Pause Mark End 0.025ms
[45.568s][info][gc,phases   ] GC(105) Concurrent Mark Free 0.001ms
[45.574s][info][gc,phases   ] GC(105) Concurrent Process Non-Strong References 5.287ms
[45.574s][info][gc,phases   ] GC(105) Concurrent Reset Relocation Set 0.003ms
[45.577s][info][gc,phases   ] GC(105) Concurrent Select Relocation Set 3.720ms
[45.578s][info][gc,phases   ] GC(105) Pause Relocate Start 0.004ms
[45.580s][info][gc,phases   ] GC(105) Concurrent Relocate 2.380ms
[45.580s][info][gc,load     ] GC(105) Load: 0.00/0.00/0.00
[45.580s][info][gc,mmu      ] GC(105) MMU: 2ms/96.5%, 5ms/98.6%, 10ms/99.3%, 20ms/99.6%, 50ms/99.8%, 100ms/99.9%
[45.580s][info][gc,marking  ] GC(105) Mark: 4 stripe(s), 2 proactive flush(es), 1 terminate flush(es), 0 completion(s), 0 continuation(s) 
[45.580s][info][gc,marking  ] GC(105) Mark Stack Usage: 32M
[45.580s][info][gc,nmethod  ] GC(105) NMethods: 8258 registered, 347 unregistered
[45.580s][info][gc,metaspace] GC(105) Metaspace: 59M used, 60M committed, 1088M reserved
[45.580s][info][gc,ref      ] GC(105) Soft: 4713 encountered, 0 discovered, 0 enqueued
[45.580s][info][gc,ref      ] GC(105) Weak: 6046 encountered, 2984 discovered, 19 enqueued
[45.580s][info][gc,ref      ] GC(105) Final: 82 encountered, 2 discovered, 0 enqueued
[45.580s][info][gc,ref      ] GC(105) Phantom: 608 encountered, 419 discovered, 0 enqueued
[45.580s][info][gc,reloc    ] GC(105) Small Pages: 564 / 1128M, Empty: 898M, Relocated: 1M, In-Place: 0
[45.580s][info][gc,reloc    ] GC(105) Medium Pages: 1 / 32M, Empty: 0M, Relocated: 0M, In-Place: 0
[45.580s][info][gc,reloc    ] GC(105) Large Pages: 2 / 12M, Empty: 0M, Relocated: 0M, In-Place: 0
[45.580s][info][gc,reloc    ] GC(105) Forwarding Usage: 0M
[45.580s][info][gc,heap     ] GC(105) Min Capacity: 8M(0%)
[45.580s][info][gc,heap     ] GC(105) Max Capacity: 2048M(100%)
[45.581s][info][gc,heap     ] GC(105) Soft Max Capacity: 2048M(100%)
[45.581s][info][gc,heap     ] GC(105)                Mark Start          Mark End        Relocate Start      Relocate End           High               Low         
[45.581s][info][gc,heap     ] GC(105)  Capacity:     2048M (100%)       2048M (100%)       2048M (100%)       2048M (100%)       2048M (100%)       2048M (100%)   
[45.581s][info][gc,heap     ] GC(105)      Free:      876M (43%)         552M (27%)        1418M (69%)        1438M (70%)        1442M (70%)         534M (26%)    
[45.581s][info][gc,heap     ] GC(105)      Used:     1172M (57%)        1496M (73%)         630M (31%)         610M (30%)        1514M (74%)         606M (30%)    
[45.581s][info][gc,heap     ] GC(105)      Live:         -               206M (10%)         206M (10%)         206M (10%)            -                  -          
[45.581s][info][gc,heap     ] GC(105) Allocated:         -               324M (16%)         356M (17%)         361M (18%)            -                  -          
[45.581s][info][gc,heap     ] GC(105)   Garbage:         -               965M (47%)          67M (3%)           41M (2%)             -                  -          
[45.581s][info][gc,heap     ] GC(105) Reclaimed:         -                  -               898M (44%)         923M (45%)            -                  -          
[45.581s][info][gc          ] GC(105) Garbage Collection (Allocation Rate) 1172M(57%)->610M(30%)
[45.640s][info][gc,start    ] GC(106) Garbage Collection (System.gc())
[45.640s][info][gc,task     ] GC(106) Using 12 workers
[45.640s][info][gc,phases   ] GC(106) Pause Mark Start 0.014ms
[45.709s][info][gc,phases   ] GC(106) Concurrent Mark 68.437ms
[45.709s][info][gc,phases   ] GC(106) Pause Mark End 0.024ms
[45.709s][info][gc,phases   ] GC(106) Concurrent Mark Free 0.001ms
[45.721s][info][gc,phases   ] GC(106) Concurrent Process Non-Strong References 12.060ms
[45.721s][info][gc,phases   ] GC(106) Concurrent Reset Relocation Set 0.003ms
[45.724s][info][gc,phases   ] GC(106) Concurrent Select Relocation Set 2.446ms
[45.724s][info][gc,phases   ] GC(106) Pause Relocate Start 0.009ms
[45.725s][info][gc,phases   ] GC(106) Concurrent Relocate 1.388ms
[45.725s][info][gc,load     ] GC(106) Load: 0.00/0.00/0.00
[45.725s][info][gc,mmu      ] GC(106) MMU: 2ms/96.5%, 5ms/98.6%, 10ms/99.3%, 20ms/99.6%, 50ms/99.8%, 100ms/99.9%
[45.725s][info][gc,marking  ] GC(106) Mark: 8 stripe(s), 3 proactive flush(es), 1 terminate flush(es), 0 completion(s), 0 continuation(s) 
[45.725s][info][gc,marking  ] GC(106) Mark Stack Usage: 32M
[45.725s][info][gc,nmethod  ] GC(106) NMethods: 5903 registered, 2740 unregistered
[45.725s][info][gc,metaspace] GC(106) Metaspace: 59M used, 60M committed, 1088M reserved
[45.725s][info][gc,ref      ] GC(106) Soft: 4711 encountered, 0 discovered, 0 enqueued
[45.725s][info][gc,ref      ] GC(106) Weak: 6095 encountered, 2037 discovered, 121 enqueued
[45.725s][info][gc,ref      ] GC(106) Final: 82 encountered, 5 discovered, 0 enqueued
[45.725s][info][gc,ref      ] GC(106) Phantom: 608 encountered, 390 discovered, 0 enqueued
[45.725s][info][gc,reloc    ] GC(106) Small Pages: 327 / 654M, Empty: 438M, Relocated: 0M, In-Place: 0
[45.725s][info][gc,reloc    ] GC(106) Medium Pages: 1 / 32M, Empty: 0M, Relocated: 0M, In-Place: 0
[45.726s][info][gc,reloc    ] GC(106) Large Pages: 3 / 18M, Empty: 6M, Relocated: 0M, In-Place: 0
[45.726s][info][gc,reloc    ] GC(106) Forwarding Usage: 0M
[45.726s][info][gc,heap     ] GC(106) Min Capacity: 8M(0%)
[45.726s][info][gc,heap     ] GC(106) Max Capacity: 2048M(100%)
[45.726s][info][gc,heap     ] GC(106) Soft Max Capacity: 2048M(100%)
[45.726s][info][gc,heap     ] GC(106)                Mark Start          Mark End        Relocate Start      Relocate End           High               Low         
[45.726s][info][gc,heap     ] GC(106)  Capacity:     2048M (100%)       2048M (100%)       2048M (100%)       2048M (100%)       2048M (100%)       2048M (100%)   
[45.726s][info][gc,heap     ] GC(106)      Free:     1344M (66%)        1342M (66%)        1782M (87%)        1782M (87%)        1782M (87%)        1342M (66%)    
[45.726s][info][gc,heap     ] GC(106)      Used:      704M (34%)         706M (34%)         266M (13%)         266M (13%)         706M (34%)         266M (13%)    
[45.726s][info][gc,heap     ] GC(106)      Live:         -               206M (10%)         206M (10%)         206M (10%)            -                  -          
[45.726s][info][gc,heap     ] GC(106) Allocated:         -                 2M (0%)            6M (0%)            5M (0%)             -                  -          
[45.726s][info][gc,heap     ] GC(106)   Garbage:         -               497M (24%)          53M (3%)           53M (3%)             -                  -          
[45.726s][info][gc,heap     ] GC(106) Reclaimed:         -                  -               444M (22%)         443M (22%)            -                  -          
[45.726s][info][gc          ] GC(106) Garbage Collection (System.gc()) 704M(34%)->266M(13%)
[45.974s][info][gc,start    ] GC(107) Garbage Collection (Allocation Rate)
[45.974s][info][gc,task     ] GC(107) Using 12 workers
[45.975s][info][gc,phases   ] GC(107) Pause Mark Start 0.017ms
[46.037s][info][gc,phases   ] GC(107) Concurrent Mark 62.048ms
[46.037s][info][gc,phases   ] GC(107) Pause Mark End 0.020ms
[46.037s][info][gc,phases   ] GC(107) Concurrent Mark Free 0.001ms
[46.039s][info][gc,phases   ] GC(107) Concurrent Process Non-Strong References 1.998ms
[46.039s][info][gc,phases   ] GC(107) Concurrent Reset Relocation Set 0.002ms
[46.043s][info][gc,phases   ] GC(107) Concurrent Select Relocation Set 3.711ms
[46.043s][info][gc,phases   ] GC(107) Pause Relocate Start 0.007ms
[46.045s][info][gc,phases   ] GC(107) Concurrent Relocate 1.683ms
[46.045s][info][gc,load     ] GC(107) Load: 0.00/0.00/0.00
[46.045s][info][gc,mmu      ] GC(107) MMU: 2ms/96.5%, 5ms/98.6%, 10ms/99.3%, 20ms/99.6%, 50ms/99.8%, 100ms/99.9%
[46.045s][info][gc,marking  ] GC(107) Mark: 8 stripe(s), 2 proactive flush(es), 1 terminate flush(es), 0 completion(s), 0 continuation(s) 
[46.045s][info][gc,marking  ] GC(107) Mark Stack Usage: 32M
[46.045s][info][gc,nmethod  ] GC(107) NMethods: 5907 registered, 2749 unregistered
[46.045s][info][gc,metaspace] GC(107) Metaspace: 59M used, 60M committed, 1088M reserved
[46.045s][info][gc,ref      ] GC(107) Soft: 4713 encountered, 0 discovered, 0 enqueued
[46.045s][info][gc,ref      ] GC(107) Weak: 6111 encountered, 1225 discovered, 74 enqueued
[46.045s][info][gc,ref      ] GC(107) Final: 82 encountered, 2 discovered, 0 enqueued
[46.045s][info][gc,ref      ] GC(107) Phantom: 608 encountered, 470 discovered, 0 enqueued
[46.045s][info][gc,reloc    ] GC(107) Small Pages: 392 / 784M, Empty: 536M, Relocated: 1M, In-Place: 0
[46.045s][info][gc,reloc    ] GC(107) Medium Pages: 2 / 64M, Empty: 32M, Relocated: 0M, In-Place: 0
[46.045s][info][gc,reloc    ] GC(107) Large Pages: 4 / 24M, Empty: 12M, Relocated: 0M, In-Place: 0
[46.045s][info][gc,reloc    ] GC(107) Forwarding Usage: 0M
[46.045s][info][gc,heap     ] GC(107) Min Capacity: 8M(0%)
[46.045s][info][gc,heap     ] GC(107) Max Capacity: 2048M(100%)
[46.045s][info][gc,heap     ] GC(107) Soft Max Capacity: 2048M(100%)
[46.045s][info][gc,heap     ] GC(107)                Mark Start          Mark End        Relocate Start      Relocate End           High               Low         
[46.045s][info][gc,heap     ] GC(107)  Capacity:     2048M (100%)       2048M (100%)       2048M (100%)       2048M (100%)       2048M (100%)       2048M (100%)   
[46.045s][info][gc,heap     ] GC(107)      Free:     1176M (57%)        1004M (49%)        1562M (76%)        1588M (78%)        1588M (78%)         996M (49%)    
[46.045s][info][gc,heap     ] GC(107)      Used:      872M (43%)        1044M (51%)         486M (24%)         460M (22%)        1052M (51%)         460M (22%)    
[46.045s][info][gc,heap     ] GC(107)      Live:         -               206M (10%)         206M (10%)         206M (10%)            -                  -          
[46.045s][info][gc,heap     ] GC(107) Allocated:         -               172M (8%)          194M (9%)          195M (10%)            -                  -          
[46.045s][info][gc,heap     ] GC(107)   Garbage:         -               665M (33%)          85M (4%)           57M (3%)             -                  -          
[46.046s][info][gc,heap     ] GC(107) Reclaimed:         -                  -               580M (28%)         607M (30%)            -                  -          
[46.046s][info][gc          ] GC(107) Garbage Collection (Allocation Rate) 872M(43%)->460M(22%)
[46.372s][info][gc,start    ] GC(108) Garbage Collection (Allocation Rate)
[46.372s][info][gc,task     ] GC(108) Using 5 workers
[46.372s][info][gc,phases   ] GC(108) Pause Mark Start 0.014ms
[46.466s][info][gc,phases   ] GC(108) Concurrent Mark 93.312ms
[46.466s][info][gc,phases   ] GC(108) Pause Mark End 0.022ms
[46.466s][info][gc,phases   ] GC(108) Concurrent Mark Free 0.001ms
[46.470s][info][gc,phases   ] GC(108) Concurrent Process Non-Strong References 3.887ms
[46.470s][info][gc,phases   ] GC(108) Concurrent Reset Relocation Set 0.003ms
[46.473s][info][gc,phases   ] GC(108) Concurrent Select Relocation Set 3.659ms
[46.474s][info][gc,phases   ] GC(108) Pause Relocate Start 0.006ms
[46.476s][info][gc,phases   ] GC(108) Concurrent Relocate 2.377ms
[46.476s][info][gc,load     ] GC(108) Load: 0.00/0.00/0.00
[46.476s][info][gc,mmu      ] GC(108) MMU: 2ms/96.5%, 5ms/98.6%, 10ms/99.3%, 20ms/99.6%, 50ms/99.8%, 100ms/99.9%
[46.476s][info][gc,marking  ] GC(108) Mark: 4 stripe(s), 2 proactive flush(es), 1 terminate flush(es), 0 completion(s), 0 continuation(s) 
[46.476s][info][gc,marking  ] GC(108) Mark Stack Usage: 32M
[46.476s][info][gc,nmethod  ] GC(108) NMethods: 5907 registered, 2749 unregistered
[46.476s][info][gc,metaspace] GC(108) Metaspace: 59M used, 60M committed, 1088M reserved
[46.476s][info][gc,ref      ] GC(108) Soft: 4713 encountered, 0 discovered, 0 enqueued
[46.476s][info][gc,ref      ] GC(108) Weak: 6036 encountered, 2424 discovered, 14 enqueued
[46.476s][info][gc,ref      ] GC(108) Final: 82 encountered, 1 discovered, 0 enqueued
[46.476s][info][gc,ref      ] GC(108) Phantom: 608 encountered, 513 discovered, 0 enqueued
[46.476s][info][gc,reloc    ] GC(108) Small Pages: 481 / 962M, Empty: 720M, Relocated: 1M, In-Place: 0
[46.476s][info][gc,reloc    ] GC(108) Medium Pages: 1 / 32M, Empty: 0M, Relocated: 0M, In-Place: 0
[46.476s][info][gc,reloc    ] GC(108) Large Pages: 2 / 12M, Empty: 0M, Relocated: 0M, In-Place: 0
[46.476s][info][gc,reloc    ] GC(108) Forwarding Usage: 0M
[46.476s][info][gc,heap     ] GC(108) Min Capacity: 8M(0%)
[46.476s][info][gc,heap     ] GC(108) Max Capacity: 2048M(100%)
[46.477s][info][gc,heap     ] GC(108) Soft Max Capacity: 2048M(100%)
[46.477s][info][gc,heap     ] GC(108)                Mark Start          Mark End        Relocate Start      Relocate End           High               Low         
[46.477s][info][gc,heap     ] GC(108)  Capacity:     2048M (100%)       2048M (100%)       2048M (100%)       2048M (100%)       2048M (100%)       2048M (100%)   
[46.477s][info][gc,heap     ] GC(108)      Free:     1042M (51%)         886M (43%)        1592M (78%)        1624M (79%)        1626M (79%)         878M (43%)    
[46.477s][info][gc,heap     ] GC(108)      Used:     1006M (49%)        1162M (57%)         456M (22%)         424M (21%)        1170M (57%)         422M (21%)    
[46.477s][info][gc,heap     ] GC(108)      Live:         -               206M (10%)         206M (10%)         206M (10%)            -                  -          
[46.477s][info][gc,heap     ] GC(108) Allocated:         -               156M (8%)          170M (8%)          173M (8%)             -                  -          
[46.477s][info][gc,heap     ] GC(108)   Garbage:         -               799M (39%)          79M (4%)           43M (2%)             -                  -          
[46.477s][info][gc,heap     ] GC(108) Reclaimed:         -                  -               720M (35%)         755M (37%)            -                  -          
[46.477s][info][gc          ] GC(108) Garbage Collection (Allocation Rate) 1006M(49%)->424M(21%)
[46.669s][info][gc,start    ] GC(109) Garbage Collection (Allocation Rate)
[46.669s][info][gc,task     ] GC(109) Using 6 workers
[46.669s][info][gc,phases   ] GC(109) Pause Mark Start 0.012ms
[46.741s][info][gc,phases   ] GC(109) Concurrent Mark 72.357ms
[46.741s][info][gc,phases   ] GC(109) Pause Mark End 0.016ms
[46.741s][info][gc,phases   ] GC(109) Concurrent Mark Free 0.001ms
[46.745s][info][gc,phases   ] GC(109) Concurrent Process Non-Strong References 2.981ms
[46.745s][info][gc,phases   ] GC(109) Concurrent Reset Relocation Set 0.004ms
[46.748s][info][gc,phases   ] GC(109) Concurrent Select Relocation Set 3.737ms
[46.748s][info][gc,phases   ] GC(109) Pause Relocate Start 0.004ms
[46.750s][info][gc,phases   ] GC(109) Concurrent Relocate 1.436ms
[46.750s][info][gc,load     ] GC(109) Load: 0.00/0.00/0.00
[46.750s][info][gc,mmu      ] GC(109) MMU: 2ms/96.5%, 5ms/98.6%, 10ms/99.3%, 20ms/99.6%, 50ms/99.8%, 100ms/99.9%
[46.750s][info][gc,marking  ] GC(109) Mark: 4 stripe(s), 2 proactive flush(es), 1 terminate flush(es), 0 completion(s), 0 continuation(s) 
[46.750s][info][gc,marking  ] GC(109) Mark Stack Usage: 32M
[46.750s][info][gc,nmethod  ] GC(109) NMethods: 5907 registered, 2749 unregistered
[46.750s][info][gc,metaspace] GC(109) Metaspace: 59M used, 60M committed, 1088M reserved
[46.750s][info][gc,ref      ] GC(109) Soft: 4713 encountered, 0 discovered, 0 enqueued
[46.750s][info][gc,ref      ] GC(109) Weak: 6022 encountered, 1971 discovered, 0 enqueued
[46.750s][info][gc,ref      ] GC(109) Final: 82 encountered, 42 discovered, 0 enqueued
[46.750s][info][gc,ref      ] GC(109) Phantom: 608 encountered, 483 discovered, 0 enqueued
[46.750s][info][gc,reloc    ] GC(109) Small Pages: 345 / 690M, Empty: 468M, Relocated: 1M, In-Place: 0
[46.750s][info][gc,reloc    ] GC(109) Medium Pages: 1 / 32M, Empty: 0M, Relocated: 0M, In-Place: 0
[46.750s][info][gc,reloc    ] GC(109) Large Pages: 2 / 12M, Empty: 0M, Relocated: 0M, In-Place: 0
[46.750s][info][gc,reloc    ] GC(109) Forwarding Usage: 0M
[46.750s][info][gc,heap     ] GC(109) Min Capacity: 8M(0%)
[46.750s][info][gc,heap     ] GC(109) Max Capacity: 2048M(100%)
[46.750s][info][gc,heap     ] GC(109) Soft Max Capacity: 2048M(100%)
[46.750s][info][gc,heap     ] GC(109)                Mark Start          Mark End        Relocate Start      Relocate End           High               Low         
[46.750s][info][gc,heap     ] GC(109)  Capacity:     2048M (100%)       2048M (100%)       2048M (100%)       2048M (100%)       2048M (100%)       2048M (100%)   
[46.751s][info][gc,heap     ] GC(109)      Free:     1314M (64%)        1196M (58%)        1654M (81%)        1666M (81%)        1666M (81%)        1192M (58%)    
[46.751s][info][gc,heap     ] GC(109)      Used:      734M (36%)         852M (42%)         394M (19%)         382M (19%)         856M (42%)         382M (19%)    
[46.751s][info][gc,heap     ] GC(109)      Live:         -               206M (10%)         206M (10%)         206M (10%)            -                  -          
[46.751s][info][gc,heap     ] GC(109) Allocated:         -               118M (6%)          128M (6%)          129M (6%)             -                  -          
[46.751s][info][gc,heap     ] GC(109)   Garbage:         -               527M (26%)          59M (3%)           45M (2%)             -                  -          
[46.751s][info][gc,heap     ] GC(109) Reclaimed:         -                  -               468M (23%)         481M (24%)            -                  -          
[46.751s][info][gc          ] GC(109) Garbage Collection (Allocation Rate) 734M(36%)->382M(19%)
[46.963s][info][gc,start    ] GC(110) Garbage Collection (System.gc())
[46.963s][info][gc,task     ] GC(110) Using 12 workers
[46.963s][info][gc,phases   ] GC(110) Pause Mark Start 0.015ms
[47.019s][info][gc,phases   ] GC(110) Concurrent Mark 55.869ms
[47.020s][info][gc,phases   ] GC(110) Pause Mark End 0.022ms
[47.020s][info][gc,phases   ] GC(110) Concurrent Mark Free 0.001ms
[47.021s][info][gc,phases   ] GC(110) Concurrent Process Non-Strong References 1.709ms
[47.021s][info][gc,phases   ] GC(110) Concurrent Reset Relocation Set 0.002ms
[47.024s][info][gc,phases   ] GC(110) Concurrent Select Relocation Set 2.531ms
[47.024s][info][gc,phases   ] GC(110) Pause Relocate Start 0.007ms
[47.025s][info][gc,phases   ] GC(110) Concurrent Relocate 1.396ms
[47.025s][info][gc,load     ] GC(110) Load: 0.00/0.00/0.00
[47.026s][info][gc,mmu      ] GC(110) MMU: 2ms/96.5%, 5ms/98.6%, 10ms/99.3%, 20ms/99.6%, 50ms/99.8%, 100ms/99.9%
[47.026s][info][gc,marking  ] GC(110) Mark: 8 stripe(s), 2 proactive flush(es), 1 terminate flush(es), 0 completion(s), 0 continuation(s) 
[47.026s][info][gc,marking  ] GC(110) Mark Stack Usage: 32M
[47.026s][info][gc,nmethod  ] GC(110) NMethods: 5921 registered, 2752 unregistered
[47.026s][info][gc,metaspace] GC(110) Metaspace: 59M used, 60M committed, 1088M reserved
[47.026s][info][gc,ref      ] GC(110) Soft: 4711 encountered, 0 discovered, 0 enqueued
[47.026s][info][gc,ref      ] GC(110) Weak: 6082 encountered, 1442 discovered, 121 enqueued
[47.026s][info][gc,ref      ] GC(110) Final: 82 encountered, 1 discovered, 0 enqueued
[47.026s][info][gc,ref      ] GC(110) Phantom: 608 encountered, 379 discovered, 0 enqueued
[47.026s][info][gc,reloc    ] GC(110) Small Pages: 317 / 634M, Empty: 410M, Relocated: 1M, In-Place: 0
[47.026s][info][gc,reloc    ] GC(110) Medium Pages: 1 / 32M, Empty: 0M, Relocated: 0M, In-Place: 0
[47.026s][info][gc,reloc    ] GC(110) Large Pages: 3 / 18M, Empty: 6M, Relocated: 0M, In-Place: 0
[47.026s][info][gc,reloc    ] GC(110) Forwarding Usage: 0M
[47.026s][info][gc,heap     ] GC(110) Min Capacity: 8M(0%)
[47.026s][info][gc,heap     ] GC(110) Max Capacity: 2048M(100%)
[47.026s][info][gc,heap     ] GC(110) Soft Max Capacity: 2048M(100%)
[47.026s][info][gc,heap     ] GC(110)                Mark Start          Mark End        Relocate Start      Relocate End           High               Low         
[47.026s][info][gc,heap     ] GC(110)  Capacity:     2048M (100%)       2048M (100%)       2048M (100%)       2048M (100%)       2048M (100%)       2048M (100%)   
[47.026s][info][gc,heap     ] GC(110)      Free:     1364M (67%)        1362M (67%)        1774M (87%)        1778M (87%)        1778M (87%)        1362M (67%)    
[47.026s][info][gc,heap     ] GC(110)      Used:      684M (33%)         686M (33%)         274M (13%)         270M (13%)         686M (33%)         270M (13%)    
[47.026s][info][gc,heap     ] GC(110)      Live:         -               206M (10%)         206M (10%)         206M (10%)            -                  -          
[47.026s][info][gc,heap     ] GC(110) Allocated:         -                 2M (0%)            6M (0%)            5M (0%)             -                  -          
[47.026s][info][gc,heap     ] GC(110)   Garbage:         -               477M (23%)          61M (3%)           57M (3%)             -                  -          
[47.026s][info][gc,heap     ] GC(110) Reclaimed:         -                  -               416M (20%)         419M (21%)            -                  -          
[47.026s][info][gc          ] GC(110) Garbage Collection (System.gc()) 684M(33%)->270M(13%)
[47.370s][info][gc,start    ] GC(111) Garbage Collection (Allocation Rate)
[47.370s][info][gc,task     ] GC(111) Using 4 workers
[47.370s][info][gc,phases   ] GC(111) Pause Mark Start 0.011ms
[47.464s][info][gc,phases   ] GC(111) Concurrent Mark 93.335ms
[47.464s][info][gc,phases   ] GC(111) Pause Mark End 0.029ms
[47.464s][info][gc,phases   ] GC(111) Concurrent Mark Free 0.001ms
[47.469s][info][gc,phases   ] GC(111) Concurrent Process Non-Strong References 5.071ms
[47.469s][info][gc,phases   ] GC(111) Concurrent Reset Relocation Set 0.002ms
[47.473s][info][gc,phases   ] GC(111) Concurrent Select Relocation Set 3.737ms
[47.473s][info][gc,phases   ] GC(111) Pause Relocate Start 0.010ms
[47.476s][info][gc,phases   ] GC(111) Concurrent Relocate 2.249ms
[47.476s][info][gc,load     ] GC(111) Load: 0.00/0.00/0.00
[47.476s][info][gc,mmu      ] GC(111) MMU: 2ms/96.5%, 5ms/98.6%, 10ms/99.3%, 20ms/99.6%, 50ms/99.8%, 100ms/99.9%
[47.476s][info][gc,marking  ] GC(111) Mark: 4 stripe(s), 2 proactive flush(es), 1 terminate flush(es), 0 completion(s), 0 continuation(s) 
[47.476s][info][gc,marking  ] GC(111) Mark Stack Usage: 32M
[47.476s][info][gc,nmethod  ] GC(111) NMethods: 5838 registered, 2852 unregistered
[47.476s][info][gc,metaspace] GC(111) Metaspace: 59M used, 60M committed, 1088M reserved
[47.476s][info][gc,ref      ] GC(111) Soft: 4713 encountered, 0 discovered, 0 enqueued
[47.476s][info][gc,ref      ] GC(111) Weak: 6124 encountered, 1684 discovered, 75 enqueued
[47.476s][info][gc,ref      ] GC(111) Final: 82 encountered, 3 discovered, 0 enqueued
[47.476s][info][gc,ref      ] GC(111) Phantom: 608 encountered, 423 discovered, 0 enqueued
[47.476s][info][gc,reloc    ] GC(111) Small Pages: 572 / 1144M, Empty: 890M, Relocated: 1M, In-Place: 0
[47.476s][info][gc,reloc    ] GC(111) Medium Pages: 2 / 64M, Empty: 32M, Relocated: 0M, In-Place: 0
[47.476s][info][gc,reloc    ] GC(111) Large Pages: 4 / 24M, Empty: 12M, Relocated: 0M, In-Place: 0
[47.476s][info][gc,reloc    ] GC(111) Forwarding Usage: 0M
[47.476s][info][gc,heap     ] GC(111) Min Capacity: 8M(0%)
[47.476s][info][gc,heap     ] GC(111) Max Capacity: 2048M(100%)
[47.476s][info][gc,heap     ] GC(111) Soft Max Capacity: 2048M(100%)
[47.476s][info][gc,heap     ] GC(111)                Mark Start          Mark End        Relocate Start      Relocate End           High               Low         
[47.476s][info][gc,heap     ] GC(111)  Capacity:     2048M (100%)       2048M (100%)       2048M (100%)       2048M (100%)       2048M (100%)       2048M (100%)   
[47.476s][info][gc,heap     ] GC(111)      Free:      816M (40%)         532M (26%)        1430M (70%)        1476M (72%)        1478M (72%)         512M (25%)    
[47.476s][info][gc,heap     ] GC(111)      Used:     1232M (60%)        1516M (74%)         618M (30%)         572M (28%)        1536M (75%)         570M (28%)    
[47.476s][info][gc,heap     ] GC(111)      Live:         -               206M (10%)         206M (10%)         206M (10%)            -                  -          
[47.476s][info][gc,heap     ] GC(111) Allocated:         -               284M (14%)         320M (16%)         323M (16%)            -                  -          
[47.476s][info][gc,heap     ] GC(111)   Garbage:         -              1025M (50%)          91M (4%)           41M (2%)             -                  -          
[47.476s][info][gc,heap     ] GC(111) Reclaimed:         -                  -               934M (46%)         983M (48%)            -                  -          
[47.476s][info][gc          ] GC(111) Garbage Collection (Allocation Rate) 1232M(60%)->572M(28%)
[47.667s][info][gc,start    ] GC(112) Garbage Collection (Allocation Rate)
[47.667s][info][gc,task     ] GC(112) Using 4 workers
[47.667s][info][gc,phases   ] GC(112) Pause Mark Start 0.015ms
[47.776s][info][gc,phases   ] GC(112) Concurrent Mark 109.025ms
[47.776s][info][gc,phases   ] GC(112) Pause Mark End 0.020ms
[47.776s][info][gc,phases   ] GC(112) Concurrent Mark Free 0.001ms
[47.781s][info][gc,phases   ] GC(112) Concurrent Process Non-Strong References 4.279ms
[47.781s][info][gc,phases   ] GC(112) Concurrent Reset Relocation Set 0.003ms
[47.785s][info][gc,phases   ] GC(112) Concurrent Select Relocation Set 3.674ms
[47.785s][info][gc,phases   ] GC(112) Pause Relocate Start 0.006ms
[47.787s][info][gc,phases   ] GC(112) Concurrent Relocate 2.435ms
[47.787s][info][gc,load     ] GC(112) Load: 0.00/0.00/0.00
[47.787s][info][gc,mmu      ] GC(112) MMU: 2ms/96.5%, 5ms/98.6%, 10ms/99.3%, 20ms/99.6%, 50ms/99.8%, 100ms/99.9%
[47.787s][info][gc,marking  ] GC(112) Mark: 4 stripe(s), 2 proactive flush(es), 1 terminate flush(es), 0 completion(s), 0 continuation(s) 
[47.787s][info][gc,marking  ] GC(112) Mark Stack Usage: 32M
[47.787s][info][gc,nmethod  ] GC(112) NMethods: 5838 registered, 2852 unregistered
[47.787s][info][gc,metaspace] GC(112) Metaspace: 59M used, 60M committed, 1088M reserved
[47.787s][info][gc,ref      ] GC(112) Soft: 4713 encountered, 0 discovered, 0 enqueued
[47.787s][info][gc,ref      ] GC(112) Weak: 6048 encountered, 3190 discovered, 19 enqueued
[47.787s][info][gc,ref      ] GC(112) Final: 82 encountered, 4 discovered, 0 enqueued
[47.787s][info][gc,ref      ] GC(112) Phantom: 608 encountered, 346 discovered, 0 enqueued
[47.788s][info][gc,reloc    ] GC(112) Small Pages: 519 / 1038M, Empty: 812M, Relocated: 1M, In-Place: 0
[47.788s][info][gc,reloc    ] GC(112) Medium Pages: 1 / 32M, Empty: 0M, Relocated: 0M, In-Place: 0
[47.788s][info][gc,reloc    ] GC(112) Large Pages: 2 / 12M, Empty: 0M, Relocated: 0M, In-Place: 0
[47.788s][info][gc,reloc    ] GC(112) Forwarding Usage: 0M
[47.788s][info][gc,heap     ] GC(112) Min Capacity: 8M(0%)
[47.788s][info][gc,heap     ] GC(112) Max Capacity: 2048M(100%)
[47.788s][info][gc,heap     ] GC(112) Soft Max Capacity: 2048M(100%)
[47.788s][info][gc,heap     ] GC(112)                Mark Start          Mark End        Relocate Start      Relocate End           High               Low         
[47.788s][info][gc,heap     ] GC(112)  Capacity:     2048M (100%)       2048M (100%)       2048M (100%)       2048M (100%)       2048M (100%)       2048M (100%)   
[47.788s][info][gc,heap     ] GC(112)      Free:      966M (47%)         672M (33%)        1462M (71%)        1478M (72%)        1482M (72%)         660M (32%)    
[47.788s][info][gc,heap     ] GC(112)      Used:     1082M (53%)        1376M (67%)         586M (29%)         570M (28%)        1388M (68%)         566M (28%)    
[47.788s][info][gc,heap     ] GC(112)      Live:         -               206M (10%)         206M (10%)         206M (10%)            -                  -          
[47.788s][info][gc,heap     ] GC(112) Allocated:         -               294M (14%)         316M (15%)         321M (16%)            -                  -          
[47.788s][info][gc,heap     ] GC(112)   Garbage:         -               875M (43%)          63M (3%)           41M (2%)             -                  -          
[47.788s][info][gc,heap     ] GC(112) Reclaimed:         -                  -               812M (40%)         833M (41%)            -                  -          
[47.788s][info][gc          ] GC(112) Garbage Collection (Allocation Rate) 1082M(53%)->570M(28%)
[47.870s][info][gc,start    ] GC(113) Garbage Collection (Allocation Rate)
[47.870s][info][gc,task     ] GC(113) Using 6 workers
[47.870s][info][gc,phases   ] GC(113) Pause Mark Start 0.014ms
[47.937s][info][gc,phases   ] GC(113) Concurrent Mark 66.902ms
[47.938s][info][gc,phases   ] GC(113) Pause Mark End 0.026ms
[47.938s][info][gc,phases   ] GC(113) Concurrent Mark Free 0.001ms
[47.941s][info][gc,phases   ] GC(113) Concurrent Process Non-Strong References 2.976ms
[47.941s][info][gc,phases   ] GC(113) Concurrent Reset Relocation Set 0.002ms
[47.944s][info][gc,phases   ] GC(113) Concurrent Select Relocation Set 3.678ms
[47.944s][info][gc,phases   ] GC(113) Pause Relocate Start 0.006ms
[47.947s][info][gc,phases   ] GC(113) Concurrent Relocate 2.411ms
[47.947s][info][gc,load     ] GC(113) Load: 0.00/0.00/0.00
[47.947s][info][gc,mmu      ] GC(113) MMU: 2ms/96.5%, 5ms/98.6%, 10ms/99.3%, 20ms/99.6%, 50ms/99.8%, 100ms/99.9%
[47.947s][info][gc,marking  ] GC(113) Mark: 4 stripe(s), 2 proactive flush(es), 1 terminate flush(es), 0 completion(s), 0 continuation(s) 
[47.947s][info][gc,marking  ] GC(113) Mark Stack Usage: 32M
[47.947s][info][gc,nmethod  ] GC(113) NMethods: 5862 registered, 2855 unregistered
[47.947s][info][gc,metaspace] GC(113) Metaspace: 59M used, 60M committed, 1088M reserved
[47.947s][info][gc,ref      ] GC(113) Soft: 4713 encountered, 0 discovered, 0 enqueued
[47.947s][info][gc,ref      ] GC(113) Weak: 6088 encountered, 2692 discovered, 7 enqueued
[47.947s][info][gc,ref      ] GC(113) Final: 82 encountered, 56 discovered, 0 enqueued
[47.947s][info][gc,ref      ] GC(113) Phantom: 608 encountered, 513 discovered, 0 enqueued
[47.947s][info][gc,reloc    ] GC(113) Small Pages: 332 / 664M, Empty: 442M, Relocated: 1M, In-Place: 0
[47.947s][info][gc,reloc    ] GC(113) Medium Pages: 1 / 32M, Empty: 0M, Relocated: 0M, In-Place: 0
[47.947s][info][gc,reloc    ] GC(113) Large Pages: 3 / 18M, Empty: 6M, Relocated: 0M, In-Place: 0
[47.947s][info][gc,reloc    ] GC(113) Forwarding Usage: 0M
[47.947s][info][gc,heap     ] GC(113) Min Capacity: 8M(0%)
[47.947s][info][gc,heap     ] GC(113) Max Capacity: 2048M(100%)
[47.947s][info][gc,heap     ] GC(113) Soft Max Capacity: 2048M(100%)
[47.947s][info][gc,heap     ] GC(113)                Mark Start          Mark End        Relocate Start      Relocate End           High               Low         
[47.948s][info][gc,heap     ] GC(113)  Capacity:     2048M (100%)       2048M (100%)       2048M (100%)       2048M (100%)       2048M (100%)       2048M (100%)   
[47.948s][info][gc,heap     ] GC(113)      Free:     1334M (65%)        1330M (65%)        1776M (87%)        1790M (87%)        1790M (87%)        1330M (65%)    
[47.948s][info][gc,heap     ] GC(113)      Used:      714M (35%)         718M (35%)         272M (13%)         258M (13%)         718M (35%)         258M (13%)    
[47.948s][info][gc,heap     ] GC(113)      Live:         -               206M (10%)         206M (10%)         206M (10%)            -                  -          
[47.948s][info][gc,heap     ] GC(113) Allocated:         -                 4M (0%)            6M (0%)            6M (0%)             -                  -          
[47.948s][info][gc,heap     ] GC(113)   Garbage:         -               507M (25%)          59M (3%)           45M (2%)             -                  -          
[47.948s][info][gc,heap     ] GC(113) Reclaimed:         -                  -               448M (22%)         462M (23%)            -                  -          
[47.948s][info][gc          ] GC(113) Garbage Collection (Allocation Rate) 714M(35%)->258M(13%)
[47.948s][info][gc,start    ] GC(114) Garbage Collection (System.gc())
[47.948s][info][gc,task     ] GC(114) Using 12 workers
[47.948s][info][gc,phases   ] GC(114) Pause Mark Start 0.005ms
[48.003s][info][gc,phases   ] GC(114) Concurrent Mark 54.746ms
[48.003s][info][gc,phases   ] GC(114) Pause Mark End 0.031ms
[48.003s][info][gc,phases   ] GC(114) Concurrent Mark Free 0.001ms
[48.005s][info][gc,phases   ] GC(114) Concurrent Process Non-Strong References 1.832ms
[48.005s][info][gc,phases   ] GC(114) Concurrent Reset Relocation Set 0.002ms
[48.008s][info][gc,phases   ] GC(114) Concurrent Select Relocation Set 2.853ms
[48.008s][info][gc,phases   ] GC(114) Pause Relocate Start 0.008ms
[48.009s][info][gc,phases   ] GC(114) Concurrent Relocate 1.597ms
[48.010s][info][gc,load     ] GC(114) Load: 0.00/0.00/0.00
[48.010s][info][gc,mmu      ] GC(114) MMU: 2ms/96.5%, 5ms/98.6%, 10ms/99.3%, 20ms/99.6%, 50ms/99.8%, 100ms/99.9%
[48.010s][info][gc,marking  ] GC(114) Mark: 8 stripe(s), 1 proactive flush(es), 1 terminate flush(es), 0 completion(s), 0 continuation(s) 
[48.010s][info][gc,marking  ] GC(114) Mark Stack Usage: 32M
[48.010s][info][gc,nmethod  ] GC(114) NMethods: 5867 registered, 2855 unregistered
[48.010s][info][gc,metaspace] GC(114) Metaspace: 59M used, 60M committed, 1088M reserved
[48.010s][info][gc,ref      ] GC(114) Soft: 4711 encountered, 0 discovered, 0 enqueued
[48.010s][info][gc,ref      ] GC(114) Weak: 6091 encountered, 2516 discovered, 114 enqueued
[48.010s][info][gc,ref      ] GC(114) Final: 82 encountered, 3 discovered, 0 enqueued
[48.010s][info][gc,ref      ] GC(114) Phantom: 608 encountered, 407 discovered, 0 enqueued
[48.010s][info][gc,reloc    ] GC(114) Small Pages: 107 / 214M, Empty: 0M, Relocated: 1M, In-Place: 0
[48.010s][info][gc,reloc    ] GC(114) Medium Pages: 1 / 32M, Empty: 0M, Relocated: 0M, In-Place: 0
[48.010s][info][gc,reloc    ] GC(114) Large Pages: 2 / 12M, Empty: 0M, Relocated: 0M, In-Place: 0
[48.010s][info][gc,reloc    ] GC(114) Forwarding Usage: 0M
[48.010s][info][gc,heap     ] GC(114) Min Capacity: 8M(0%)
[48.010s][info][gc,heap     ] GC(114) Max Capacity: 2048M(100%)
[48.010s][info][gc,heap     ] GC(114) Soft Max Capacity: 2048M(100%)
[48.010s][info][gc,heap     ] GC(114)                Mark Start          Mark End        Relocate Start      Relocate End           High               Low         
[48.010s][info][gc,heap     ] GC(114)  Capacity:     2048M (100%)       2048M (100%)       2048M (100%)       2048M (100%)       2048M (100%)       2048M (100%)   
[48.010s][info][gc,heap     ] GC(114)      Free:     1790M (87%)        1790M (87%)        1786M (87%)        1786M (87%)        1790M (87%)        1768M (86%)    
[48.010s][info][gc,heap     ] GC(114)      Used:      258M (13%)         258M (13%)         262M (13%)         262M (13%)         280M (14%)         258M (13%)    
[48.010s][info][gc,heap     ] GC(114)      Live:         -               206M (10%)         206M (10%)         206M (10%)            -                  -          
[48.010s][info][gc,heap     ] GC(114) Allocated:         -                 0M (0%)            4M (0%)            4M (0%)             -                  -          
[48.010s][info][gc,heap     ] GC(114)   Garbage:         -                51M (3%)           51M (3%)           51M (3%)             -                  -          
[48.010s][info][gc,heap     ] GC(114) Reclaimed:         -                  -                 0M (0%)            0M (0%)             -                  -          
[48.010s][info][gc          ] GC(114) Garbage Collection (System.gc()) 258M(13%)->262M(13%)
[48.268s][info][gc,start    ] GC(115) Garbage Collection (Allocation Rate)
[48.268s][info][gc,task     ] GC(115) Using 4 workers
[48.269s][info][gc,phases   ] GC(115) Pause Mark Start 0.009ms
[48.362s][info][gc,phases   ] GC(115) Concurrent Mark 93.332ms
[48.362s][info][gc,phases   ] GC(115) Pause Mark End 0.025ms
[48.362s][info][gc,phases   ] GC(115) Concurrent Mark Free 0.001ms
[48.366s][info][gc,phases   ] GC(115) Concurrent Process Non-Strong References 3.897ms
[48.366s][info][gc,phases   ] GC(115) Concurrent Reset Relocation Set 0.002ms
[48.370s][info][gc,phases   ] GC(115) Concurrent Select Relocation Set 3.728ms
[48.370s][info][gc,phases   ] GC(115) Pause Relocate Start 0.007ms
[48.373s][info][gc,phases   ] GC(115) Concurrent Relocate 2.513ms
[48.373s][info][gc,load     ] GC(115) Load: 0.00/0.00/0.00
[48.373s][info][gc,mmu      ] GC(115) MMU: 2ms/96.5%, 5ms/98.6%, 10ms/99.3%, 20ms/99.6%, 50ms/99.8%, 100ms/99.9%
[48.373s][info][gc,marking  ] GC(115) Mark: 4 stripe(s), 2 proactive flush(es), 1 terminate flush(es), 0 completion(s), 0 continuation(s) 
[48.373s][info][gc,marking  ] GC(115) Mark Stack Usage: 32M
[48.373s][info][gc,nmethod  ] GC(115) NMethods: 5928 registered, 2862 unregistered
[48.373s][info][gc,metaspace] GC(115) Metaspace: 59M used, 60M committed, 1088M reserved
[48.373s][info][gc,ref      ] GC(115) Soft: 4713 encountered, 0 discovered, 0 enqueued
[48.373s][info][gc,ref      ] GC(115) Weak: 6110 encountered, 1530 discovered, 72 enqueued
[48.373s][info][gc,ref      ] GC(115) Final: 82 encountered, 1 discovered, 0 enqueued
[48.373s][info][gc,ref      ] GC(115) Phantom: 608 encountered, 239 discovered, 0 enqueued
[48.373s][info][gc,reloc    ] GC(115) Small Pages: 421 / 842M, Empty: 596M, Relocated: 1M, In-Place: 0
[48.373s][info][gc,reloc    ] GC(115) Medium Pages: 2 / 64M, Empty: 32M, Relocated: 0M, In-Place: 0
[48.373s][info][gc,reloc    ] GC(115) Large Pages: 4 / 24M, Empty: 12M, Relocated: 0M, In-Place: 0
[48.373s][info][gc,reloc    ] GC(115) Forwarding Usage: 0M
[48.373s][info][gc,heap     ] GC(115) Min Capacity: 8M(0%)
[48.373s][info][gc,heap     ] GC(115) Max Capacity: 2048M(100%)
[48.373s][info][gc,heap     ] GC(115) Soft Max Capacity: 2048M(100%)
[48.373s][info][gc,heap     ] GC(115)                Mark Start          Mark End        Relocate Start      Relocate End           High               Low         
[48.373s][info][gc,heap     ] GC(115)  Capacity:     2048M (100%)       2048M (100%)       2048M (100%)       2048M (100%)       2048M (100%)       2048M (100%)   
[48.373s][info][gc,heap     ] GC(115)      Free:     1118M (55%)         858M (42%)        1468M (72%)        1502M (73%)        1506M (74%)         844M (41%)    
[48.373s][info][gc,heap     ] GC(115)      Used:      930M (45%)        1190M (58%)         580M (28%)         546M (27%)        1204M (59%)         542M (26%)    
[48.373s][info][gc,heap     ] GC(115)      Live:         -               206M (10%)         206M (10%)         206M (10%)            -                  -          
[48.373s][info][gc,heap     ] GC(115) Allocated:         -               260M (13%)         290M (14%)         297M (15%)            -                  -          
[48.373s][info][gc,heap     ] GC(115)   Garbage:         -               723M (35%)          83M (4%)           41M (2%)             -                  -          
[48.373s][info][gc,heap     ] GC(115) Reclaimed:         -                  -               640M (31%)         681M (33%)            -                  -          
[48.373s][info][gc          ] GC(115) Garbage Collection (Allocation Rate) 930M(45%)->546M(27%)
[48.565s][info][gc,start    ] GC(116) Garbage Collection (Allocation Rate)
[48.565s][info][gc,task     ] GC(116) Using 4 workers
[48.565s][info][gc,phases   ] GC(116) Pause Mark Start 0.013ms
[48.674s][info][gc,phases   ] GC(116) Concurrent Mark 109.033ms
[48.675s][info][gc,phases   ] GC(116) Pause Mark End 0.029ms
[48.675s][info][gc,phases   ] GC(116) Concurrent Mark Free 0.001ms
[48.680s][info][gc,phases   ] GC(116) Concurrent Process Non-Strong References 4.891ms
[48.680s][info][gc,phases   ] GC(116) Concurrent Reset Relocation Set 0.003ms
[48.683s][info][gc,phases   ] GC(116) Concurrent Select Relocation Set 3.650ms
[48.684s][info][gc,phases   ] GC(116) Pause Relocate Start 0.005ms
[48.685s][info][gc,phases   ] GC(116) Concurrent Relocate 1.785ms
[48.685s][info][gc,load     ] GC(116) Load: 0.00/0.00/0.00
[48.685s][info][gc,mmu      ] GC(116) MMU: 2ms/96.5%, 5ms/98.6%, 10ms/99.3%, 20ms/99.6%, 50ms/99.8%, 100ms/99.9%
[48.685s][info][gc,marking  ] GC(116) Mark: 4 stripe(s), 2 proactive flush(es), 1 terminate flush(es), 0 completion(s), 0 continuation(s) 
[48.686s][info][gc,marking  ] GC(116) Mark Stack Usage: 32M
[48.686s][info][gc,nmethod  ] GC(116) NMethods: 5926 registered, 2864 unregistered
[48.686s][info][gc,metaspace] GC(116) Metaspace: 59M used, 60M committed, 1088M reserved
[48.686s][info][gc,ref      ] GC(116) Soft: 4713 encountered, 0 discovered, 0 enqueued
[48.686s][info][gc,ref      ] GC(116) Weak: 6037 encountered, 2617 discovered, 14 enqueued
[48.686s][info][gc,ref      ] GC(116) Final: 82 encountered, 2 discovered, 0 enqueued
[48.686s][info][gc,ref      ] GC(116) Phantom: 608 encountered, 439 discovered, 0 enqueued
[48.686s][info][gc,reloc    ] GC(116) Small Pages: 572 / 1144M, Empty: 916M, Relocated: 1M, In-Place: 0
[48.686s][info][gc,reloc    ] GC(116) Medium Pages: 1 / 32M, Empty: 0M, Relocated: 0M, In-Place: 0
[48.686s][info][gc,reloc    ] GC(116) Large Pages: 2 / 12M, Empty: 0M, Relocated: 0M, In-Place: 0
[48.686s][info][gc,reloc    ] GC(116) Forwarding Usage: 0M
[48.686s][info][gc,heap     ] GC(116) Min Capacity: 8M(0%)
[48.686s][info][gc,heap     ] GC(116) Max Capacity: 2048M(100%)
[48.686s][info][gc,heap     ] GC(116) Soft Max Capacity: 2048M(100%)
[48.686s][info][gc,heap     ] GC(116)                Mark Start          Mark End        Relocate Start      Relocate End           High               Low         
[48.686s][info][gc,heap     ] GC(116)  Capacity:     2048M (100%)       2048M (100%)       2048M (100%)       2048M (100%)       2048M (100%)       2048M (100%)   
[48.686s][info][gc,heap     ] GC(116)      Free:      860M (42%)         498M (24%)        1388M (68%)        1408M (69%)        1410M (69%)         484M (24%)    
[48.686s][info][gc,heap     ] GC(116)      Used:     1188M (58%)        1550M (76%)         660M (32%)         640M (31%)        1564M (76%)         638M (31%)    
[48.686s][info][gc,heap     ] GC(116)      Live:         -               206M (10%)         206M (10%)         206M (10%)            -                  -          
[48.686s][info][gc,heap     ] GC(116) Allocated:         -               362M (18%)         388M (19%)         391M (19%)            -                  -          
[48.686s][info][gc,heap     ] GC(116)   Garbage:         -               981M (48%)          65M (3%)           41M (2%)             -                  -          
[48.686s][info][gc,heap     ] GC(116) Reclaimed:         -                  -               916M (45%)         939M (46%)            -                  -          
[48.686s][info][gc          ] GC(116) Garbage Collection (Allocation Rate) 1188M(58%)->640M(31%)
[48.804s][info][gc,start    ] GC(117) Garbage Collection (System.gc())
[48.804s][info][gc,task     ] GC(117) Using 12 workers
[48.804s][info][gc,phases   ] GC(117) Pause Mark Start 0.014ms
[48.862s][info][gc,phases   ] GC(117) Concurrent Mark 57.305ms
[48.862s][info][gc,phases   ] GC(117) Pause Mark End 0.018ms
[48.862s][info][gc,phases   ] GC(117) Concurrent Mark Free 0.000ms
[48.864s][info][gc,phases   ] GC(117) Concurrent Process Non-Strong References 1.692ms
[48.864s][info][gc,phases   ] GC(117) Concurrent Reset Relocation Set 0.002ms
[48.866s][info][gc,phases   ] GC(117) Concurrent Select Relocation Set 2.371ms
[48.866s][info][gc,phases   ] GC(117) Pause Relocate Start 0.011ms
[48.868s][info][gc,phases   ] GC(117) Concurrent Relocate 1.391ms
[48.868s][info][gc,load     ] GC(117) Load: 0.00/0.00/0.00
[48.868s][info][gc,mmu      ] GC(117) MMU: 2ms/96.5%, 5ms/98.6%, 10ms/99.3%, 20ms/99.6%, 50ms/99.8%, 100ms/99.9%
[48.868s][info][gc,marking  ] GC(117) Mark: 8 stripe(s), 2 proactive flush(es), 1 terminate flush(es), 0 completion(s), 0 continuation(s) 
[48.868s][info][gc,marking  ] GC(117) Mark Stack Usage: 32M
[48.868s][info][gc,nmethod  ] GC(117) NMethods: 6045 registered, 2870 unregistered
[48.868s][info][gc,metaspace] GC(117) Metaspace: 59M used, 60M committed, 1088M reserved
[48.868s][info][gc,ref      ] GC(117) Soft: 4711 encountered, 0 discovered, 0 enqueued
[48.868s][info][gc,ref      ] GC(117) Weak: 6084 encountered, 1861 discovered, 121 enqueued
[48.868s][info][gc,ref      ] GC(117) Final: 82 encountered, 5 discovered, 0 enqueued
[48.868s][info][gc,ref      ] GC(117) Phantom: 608 encountered, 405 discovered, 0 enqueued
[48.868s][info][gc,reloc    ] GC(117) Small Pages: 426 / 852M, Empty: 630M, Relocated: 1M, In-Place: 0
[48.868s][info][gc,reloc    ] GC(117) Medium Pages: 1 / 32M, Empty: 0M, Relocated: 0M, In-Place: 0
[48.868s][info][gc,reloc    ] GC(117) Large Pages: 3 / 18M, Empty: 6M, Relocated: 0M, In-Place: 0
[48.868s][info][gc,reloc    ] GC(117) Forwarding Usage: 0M
[48.868s][info][gc,heap     ] GC(117) Min Capacity: 8M(0%)
[48.868s][info][gc,heap     ] GC(117) Max Capacity: 2048M(100%)
[48.868s][info][gc,heap     ] GC(117) Soft Max Capacity: 2048M(100%)
[48.868s][info][gc,heap     ] GC(117)                Mark Start          Mark End        Relocate Start      Relocate End           High               Low         
[48.868s][info][gc,heap     ] GC(117)  Capacity:     2048M (100%)       2048M (100%)       2048M (100%)       2048M (100%)       2048M (100%)       2048M (100%)   
[48.868s][info][gc,heap     ] GC(117)      Free:     1146M (56%)        1146M (56%)        1776M (87%)        1778M (87%)        1778M (87%)        1144M (56%)    
[48.868s][info][gc,heap     ] GC(117)      Used:      902M (44%)         902M (44%)         272M (13%)         270M (13%)         904M (44%)         270M (13%)    
[48.868s][info][gc,heap     ] GC(117)      Live:         -               206M (10%)         206M (10%)         206M (10%)            -                  -          
[48.868s][info][gc,heap     ] GC(117) Allocated:         -                 0M (0%)            6M (0%)            5M (0%)             -                  -          
[48.868s][info][gc,heap     ] GC(117)   Garbage:         -               695M (34%)          59M (3%)           57M (3%)             -                  -          
[48.868s][info][gc,heap     ] GC(117) Reclaimed:         -                  -               636M (31%)         637M (31%)            -                  -          
[48.868s][info][gc          ] GC(117) Garbage Collection (System.gc()) 902M(44%)->270M(13%)
[49.174s][info][gc,start    ] GC(118) Garbage Collection (Allocation Rate)
[49.174s][info][gc,task     ] GC(118) Using 5 workers
[49.175s][info][gc,phases   ] GC(118) Pause Mark Start 0.010ms
[49.268s][info][gc,phases   ] GC(118) Concurrent Mark 93.353ms
[49.268s][info][gc,phases   ] GC(118) Pause Mark End 0.030ms
[49.268s][info][gc,phases   ] GC(118) Concurrent Mark Free 0.001ms
[49.273s][info][gc,phases   ] GC(118) Concurrent Process Non-Strong References 4.311ms
[49.273s][info][gc,phases   ] GC(118) Concurrent Reset Relocation Set 0.002ms
[49.277s][info][gc,phases   ] GC(118) Concurrent Select Relocation Set 4.539ms
[49.277s][info][gc,phases   ] GC(118) Pause Relocate Start 0.008ms
[49.280s][info][gc,phases   ] GC(118) Concurrent Relocate 2.498ms
[49.280s][info][gc,load     ] GC(118) Load: 0.00/0.00/0.00
[49.280s][info][gc,mmu      ] GC(118) MMU: 2ms/96.5%, 5ms/98.6%, 10ms/99.3%, 20ms/99.6%, 50ms/99.8%, 100ms/99.9%
[49.280s][info][gc,marking  ] GC(118) Mark: 4 stripe(s), 2 proactive flush(es), 1 terminate flush(es), 0 completion(s), 0 continuation(s) 
[49.280s][info][gc,marking  ] GC(118) Mark Stack Usage: 32M
[49.280s][info][gc,nmethod  ] GC(118) NMethods: 6079 registered, 2878 unregistered
[49.280s][info][gc,metaspace] GC(118) Metaspace: 59M used, 60M committed, 1088M reserved
[49.280s][info][gc,ref      ] GC(118) Soft: 4713 encountered, 0 discovered, 0 enqueued
[49.280s][info][gc,ref      ] GC(118) Weak: 6127 encountered, 3385 discovered, 75 enqueued
[49.280s][info][gc,ref      ] GC(118) Final: 82 encountered, 27 discovered, 0 enqueued
[49.280s][info][gc,ref      ] GC(118) Phantom: 608 encountered, 443 discovered, 0 enqueued
[49.280s][info][gc,reloc    ] GC(118) Small Pages: 507 / 1014M, Empty: 764M, Relocated: 1M, In-Place: 0
[49.280s][info][gc,reloc    ] GC(118) Medium Pages: 2 / 64M, Empty: 32M, Relocated: 0M, In-Place: 0
[49.280s][info][gc,reloc    ] GC(118) Large Pages: 4 / 24M, Empty: 12M, Relocated: 0M, In-Place: 0
[49.280s][info][gc,reloc    ] GC(118) Forwarding Usage: 0M
[49.280s][info][gc,heap     ] GC(118) Min Capacity: 8M(0%)
[49.280s][info][gc,heap     ] GC(118) Max Capacity: 2048M(100%)
[49.281s][info][gc,heap     ] GC(118) Soft Max Capacity: 2048M(100%)
[49.281s][info][gc,heap     ] GC(118)                Mark Start          Mark End        Relocate Start      Relocate End           High               Low         
[49.281s][info][gc,heap     ] GC(118)  Capacity:     2048M (100%)       2048M (100%)       2048M (100%)       2048M (100%)       2048M (100%)       2048M (100%)   
[49.281s][info][gc,heap     ] GC(118)      Free:      946M (46%)         658M (32%)        1432M (70%)        1466M (72%)        1472M (72%)         640M (31%)    
[49.281s][info][gc,heap     ] GC(118)      Used:     1102M (54%)        1390M (68%)         616M (30%)         582M (28%)        1408M (69%)         576M (28%)    
[49.281s][info][gc,heap     ] GC(118)      Live:         -               206M (10%)         206M (10%)         206M (10%)            -                  -          
[49.281s][info][gc,heap     ] GC(118) Allocated:         -               288M (14%)         322M (16%)         331M (16%)            -                  -          
[49.281s][info][gc,heap     ] GC(118)   Garbage:         -               895M (44%)          87M (4%)           43M (2%)             -                  -          
[49.281s][info][gc,heap     ] GC(118) Reclaimed:         -                  -               808M (39%)         851M (42%)            -                  -          
[49.281s][info][gc          ] GC(118) Garbage Collection (Allocation Rate) 1102M(54%)->582M(28%)
[49.362s][info][gc,start    ] GC(119) Garbage Collection (Allocation Rate)
[49.362s][info][gc,task     ] GC(119) Using 5 workers
[49.362s][info][gc,phases   ] GC(119) Pause Mark Start 0.010ms
[49.456s][info][gc,phases   ] GC(119) Concurrent Mark 93.438ms
[49.456s][info][gc,phases   ] GC(119) Pause Mark End 0.028ms
[49.456s][info][gc,phases   ] GC(119) Concurrent Mark Free 0.001ms
[49.460s][info][gc,phases   ] GC(119) Concurrent Process Non-Strong References 3.843ms
[49.460s][info][gc,phases   ] GC(119) Concurrent Reset Relocation Set 0.003ms
[49.463s][info][gc,phases   ] GC(119) Concurrent Select Relocation Set 3.607ms
[49.463s][info][gc,phases   ] GC(119) Pause Relocate Start 0.008ms
[49.466s][info][gc,phases   ] GC(119) Concurrent Relocate 2.495ms
[49.466s][info][gc,load     ] GC(119) Load: 0.00/0.00/0.00
[49.466s][info][gc,mmu      ] GC(119) MMU: 2ms/96.5%, 5ms/98.6%, 10ms/99.3%, 20ms/99.6%, 50ms/99.8%, 100ms/99.9%
[49.466s][info][gc,marking  ] GC(119) Mark: 4 stripe(s), 2 proactive flush(es), 1 terminate flush(es), 0 completion(s), 0 continuation(s) 
[49.466s][info][gc,marking  ] GC(119) Mark Stack Usage: 32M
[49.466s][info][gc,nmethod  ] GC(119) NMethods: 6079 registered, 2879 unregistered
[49.466s][info][gc,metaspace] GC(119) Metaspace: 59M used, 60M committed, 1088M reserved
[49.466s][info][gc,ref      ] GC(119) Soft: 4713 encountered, 0 discovered, 0 enqueued
[49.466s][info][gc,ref      ] GC(119) Weak: 6051 encountered, 389 discovered, 19 enqueued
[49.466s][info][gc,ref      ] GC(119) Final: 82 encountered, 4 discovered, 0 enqueued
[49.466s][info][gc,ref      ] GC(119) Phantom: 608 encountered, 562 discovered, 0 enqueued
[49.466s][info][gc,reloc    ] GC(119) Small Pages: 406 / 812M, Empty: 584M, Relocated: 1M, In-Place: 0
[49.466s][info][gc,reloc    ] GC(119) Medium Pages: 1 / 32M, Empty: 0M, Relocated: 0M, In-Place: 0
[49.466s][info][gc,reloc    ] GC(119) Large Pages: 2 / 12M, Empty: 0M, Relocated: 0M, In-Place: 0
[49.466s][info][gc,reloc    ] GC(119) Forwarding Usage: 0M
[49.467s][info][gc,heap     ] GC(119) Min Capacity: 8M(0%)
[49.467s][info][gc,heap     ] GC(119) Max Capacity: 2048M(100%)
[49.467s][info][gc,heap     ] GC(119) Soft Max Capacity: 2048M(100%)
[49.467s][info][gc,heap     ] GC(119)                Mark Start          Mark End        Relocate Start      Relocate End           High               Low         
[49.467s][info][gc,heap     ] GC(119)  Capacity:     2048M (100%)       2048M (100%)       2048M (100%)       2048M (100%)       2048M (100%)       2048M (100%)   
[49.467s][info][gc,heap     ] GC(119)      Free:     1192M (58%)         874M (43%)        1432M (70%)        1446M (71%)        1452M (71%)         860M (42%)    
[49.467s][info][gc,heap     ] GC(119)      Used:      856M (42%)        1174M (57%)         616M (30%)         602M (29%)        1188M (58%)         596M (29%)    
[49.467s][info][gc,heap     ] GC(119)      Live:         -               206M (10%)         206M (10%)         206M (10%)            -                  -          
[49.467s][info][gc,heap     ] GC(119) Allocated:         -               318M (16%)         344M (17%)         351M (17%)            -                  -          
[49.467s][info][gc,heap     ] GC(119)   Garbage:         -               649M (32%)          65M (3%)           43M (2%)             -                  -          
[49.467s][info][gc,heap     ] GC(119) Reclaimed:         -                  -               584M (29%)         605M (30%)            -                  -          
[49.467s][info][gc          ] GC(119) Garbage Collection (Allocation Rate) 856M(42%)->602M(29%)
[49.642s][info][gc,start    ] GC(120) Garbage Collection (System.gc())
[49.643s][info][gc,task     ] GC(120) Using 12 workers
[49.643s][info][gc,phases   ] GC(120) Pause Mark Start 0.015ms
[49.703s][info][gc,phases   ] GC(120) Concurrent Mark 59.699ms
[49.703s][info][gc,phases   ] GC(120) Pause Mark End 0.020ms
[49.703s][info][gc,phases   ] GC(120) Concurrent Mark Free 0.001ms
[49.705s][info][gc,phases   ] GC(120) Concurrent Process Non-Strong References 1.853ms
[49.705s][info][gc,phases   ] GC(120) Concurrent Reset Relocation Set 0.003ms
[49.708s][info][gc,phases   ] GC(120) Concurrent Select Relocation Set 3.594ms
[49.708s][info][gc,phases   ] GC(120) Pause Relocate Start 0.007ms
[49.710s][info][gc,phases   ] GC(120) Concurrent Relocate 1.445ms
[49.710s][info][gc,load     ] GC(120) Load: 0.00/0.00/0.00
[49.710s][info][gc,mmu      ] GC(120) MMU: 2ms/96.5%, 5ms/98.6%, 10ms/99.3%, 20ms/99.6%, 50ms/99.8%, 100ms/99.9%
[49.710s][info][gc,marking  ] GC(120) Mark: 8 stripe(s), 2 proactive flush(es), 1 terminate flush(es), 0 completion(s), 0 continuation(s) 
[49.710s][info][gc,marking  ] GC(120) Mark Stack Usage: 32M
[49.710s][info][gc,nmethod  ] GC(120) NMethods: 6098 registered, 2885 unregistered
[49.710s][info][gc,metaspace] GC(120) Metaspace: 59M used, 60M committed, 1088M reserved
[49.710s][info][gc,ref      ] GC(120) Soft: 4711 encountered, 0 discovered, 0 enqueued
[49.710s][info][gc,ref      ] GC(120) Weak: 6100 encountered, 2068 discovered, 121 enqueued
[49.710s][info][gc,ref      ] GC(120) Final: 82 encountered, 45 discovered, 0 enqueued
[49.710s][info][gc,ref      ] GC(120) Phantom: 608 encountered, 526 discovered, 0 enqueued
[49.710s][info][gc,reloc    ] GC(120) Small Pages: 512 / 1024M, Empty: 796M, Relocated: 1M, In-Place: 0
[49.710s][info][gc,reloc    ] GC(120) Medium Pages: 1 / 32M, Empty: 0M, Relocated: 0M, In-Place: 0
[49.710s][info][gc,reloc    ] GC(120) Large Pages: 3 / 18M, Empty: 6M, Relocated: 0M, In-Place: 0
[49.710s][info][gc,reloc    ] GC(120) Forwarding Usage: 0M
[49.710s][info][gc,heap     ] GC(120) Min Capacity: 8M(0%)
[49.710s][info][gc,heap     ] GC(120) Max Capacity: 2048M(100%)
[49.711s][info][gc,heap     ] GC(120) Soft Max Capacity: 2048M(100%)
[49.711s][info][gc,heap     ] GC(120)                Mark Start          Mark End        Relocate Start      Relocate End           High               Low         
[49.711s][info][gc,heap     ] GC(120)  Capacity:     2048M (100%)       2048M (100%)       2048M (100%)       2048M (100%)       2048M (100%)       2048M (100%)   
[49.711s][info][gc,heap     ] GC(120)      Free:      974M (48%)         972M (47%)        1770M (86%)        1778M (87%)        1778M (87%)         972M (47%)    
[49.711s][info][gc,heap     ] GC(120)      Used:     1074M (52%)        1076M (53%)         278M (14%)         270M (13%)        1076M (53%)         270M (13%)    
[49.711s][info][gc,heap     ] GC(120)      Live:         -               206M (10%)         206M (10%)         206M (10%)            -                  -          
[49.711s][info][gc,heap     ] GC(120) Allocated:         -                 2M (0%)            6M (0%)            5M (0%)             -                  -          
[49.711s][info][gc,heap     ] GC(120)   Garbage:         -               867M (42%)          65M (3%)           57M (3%)             -                  -          
[49.711s][info][gc,heap     ] GC(120) Reclaimed:         -                  -               802M (39%)         809M (40%)            -                  -          
[49.711s][info][gc          ] GC(120) Garbage Collection (System.gc()) 1074M(52%)->270M(13%)
[49.968s][info][gc,start    ] GC(121) Garbage Collection (Allocation Rate)
[49.968s][info][gc,task     ] GC(121) Using 5 workers
[49.968s][info][gc,phases   ] GC(121) Pause Mark Start 0.012ms
[50.046s][info][gc,phases   ] GC(121) Concurrent Mark 77.703ms
[50.046s][info][gc,phases   ] GC(121) Pause Mark End 0.025ms
[50.046s][info][gc,phases   ] GC(121) Concurrent Mark Free 0.001ms
[50.050s][info][gc,phases   ] GC(121) Concurrent Process Non-Strong References 3.483ms
[50.050s][info][gc,phases   ] GC(121) Concurrent Reset Relocation Set 0.002ms
[50.055s][info][gc,phases   ] GC(121) Concurrent Select Relocation Set 4.478ms
[50.055s][info][gc,phases   ] GC(121) Pause Relocate Start 0.006ms
[50.056s][info][gc,phases   ] GC(121) Concurrent Relocate 1.527ms
[50.056s][info][gc,load     ] GC(121) Load: 0.00/0.00/0.00
[50.056s][info][gc,mmu      ] GC(121) MMU: 2ms/96.5%, 5ms/98.6%, 10ms/99.3%, 20ms/99.6%, 50ms/99.8%, 100ms/99.9%
[50.056s][info][gc,marking  ] GC(121) Mark: 4 stripe(s), 2 proactive flush(es), 1 terminate flush(es), 0 completion(s), 0 continuation(s) 
[50.056s][info][gc,marking  ] GC(121) Mark Stack Usage: 32M
[50.056s][info][gc,nmethod  ] GC(121) NMethods: 6102 registered, 2888 unregistered
[50.056s][info][gc,metaspace] GC(121) Metaspace: 59M used, 60M committed, 1088M reserved
[50.056s][info][gc,ref      ] GC(121) Soft: 4713 encountered, 0 discovered, 0 enqueued
[50.057s][info][gc,ref      ] GC(121) Weak: 6116 encountered, 2974 discovered, 74 enqueued
[50.057s][info][gc,ref      ] GC(121) Final: 82 encountered, 1 discovered, 0 enqueued
[50.057s][info][gc,ref      ] GC(121) Phantom: 608 encountered, 350 discovered, 0 enqueued
[50.057s][info][gc,reloc    ] GC(121) Small Pages: 439 / 878M, Empty: 626M, Relocated: 1M, In-Place: 0
[50.057s][info][gc,reloc    ] GC(121) Medium Pages: 2 / 64M, Empty: 32M, Relocated: 0M, In-Place: 0
[50.057s][info][gc,reloc    ] GC(121) Large Pages: 4 / 24M, Empty: 12M, Relocated: 0M, In-Place: 0
[50.057s][info][gc,reloc    ] GC(121) Forwarding Usage: 0M
[50.057s][info][gc,heap     ] GC(121) Min Capacity: 8M(0%)
[50.057s][info][gc,heap     ] GC(121) Max Capacity: 2048M(100%)
[50.057s][info][gc,heap     ] GC(121) Soft Max Capacity: 2048M(100%)
[50.057s][info][gc,heap     ] GC(121)                Mark Start          Mark End        Relocate Start      Relocate End           High               Low         
[50.057s][info][gc,heap     ] GC(121)  Capacity:     2048M (100%)       2048M (100%)       2048M (100%)       2048M (100%)       2048M (100%)       2048M (100%)   
[50.057s][info][gc,heap     ] GC(121)      Free:     1082M (53%)         848M (41%)        1486M (73%)        1530M (75%)        1530M (75%)         834M (41%)    
[50.057s][info][gc,heap     ] GC(121)      Used:      966M (47%)        1200M (59%)         562M (27%)         518M (25%)        1214M (59%)         518M (25%)    
[50.057s][info][gc,heap     ] GC(121)      Live:         -               206M (10%)         206M (10%)         206M (10%)            -                  -          
[50.057s][info][gc,heap     ] GC(121) Allocated:         -               234M (11%)         266M (13%)         267M (13%)            -                  -          
[50.057s][info][gc,heap     ] GC(121)   Garbage:         -               759M (37%)          89M (4%)           43M (2%)             -                  -          
[50.057s][info][gc,heap     ] GC(121) Reclaimed:         -                  -               670M (33%)         715M (35%)            -                  -          
[50.057s][info][gc          ] GC(121) Garbage Collection (Allocation Rate) 966M(47%)->518M(25%)
[50.171s][info][gc,start    ] GC(122) Garbage Collection (Allocation Rate)
[50.171s][info][gc,stats    ] === Garbage Collection Statistics =======================================================================================================================
[50.171s][info][gc,task     ] GC(122) Using 4 workers
[50.171s][info][gc,stats    ]                                                              Last 10s              Last 10m              Last 10h                Total
[50.171s][info][gc,stats    ]                                                              Avg / Max             Avg / Max             Avg / Max             Avg / Max
[50.171s][info][gc,stats    ]   Collector: Garbage Collection Cycle                     97.866 / 148.945     101.367 / 214.751     101.367 / 214.751     101.367 / 214.751     ms
[50.171s][info][gc,phases   ] GC(122) Pause Mark Start 0.010ms
[50.171s][info][gc,stats    ]  Contention: Mark Segment Reset Contention                    14 / 25                8 / 25                8 / 25                8 / 25          ops/s
[50.172s][info][gc,stats    ]  Contention: Mark SeqNum Reset Contention                      1 / 2                 0 / 4                 0 / 4                 0 / 4           ops/s
[50.172s][info][gc,stats    ]    Critical: Allocation Stall                                  0 / 0                 0 / 0                 0 / 0                 0 / 0           ops/s
[50.172s][info][gc,stats    ]    Critical: Allocation Stall                              0.000 / 0.000         0.000 / 0.000         0.000 / 0.000         0.000 / 0.000       ms
[50.172s][info][gc,stats    ]    Critical: GC Locker Stall                                   0 / 0                 0 / 0                 0 / 0                 0 / 0           ops/s
[50.172s][info][gc,stats    ]    Critical: GC Locker Stall                               0.000 / 0.000         0.000 / 0.000         0.000 / 0.000         0.000 / 0.000       ms
[50.172s][info][gc,stats    ]    Critical: Relocation Stall                                  0 / 0                 0 / 0                 0 / 0                 0 / 0           ops/s
[50.172s][info][gc,stats    ]    Critical: Relocation Stall                              0.000 / 0.000         0.000 / 0.000         0.000 / 0.000         0.000 / 0.000       ms
[50.172s][info][gc,stats    ]      Memory: Allocation Rate                                2488 / 3024           1718 / 3024           1718 / 3024           1718 / 3024        MB/s
[50.172s][info][gc,stats    ]      Memory: Defragment                                        0 / 0                 0 / 0                 0 / 0                 0 / 0           ops/s
[50.172s][info][gc,stats    ]      Memory: Out Of Memory                                     0 / 0                 0 / 0                 0 / 0                 0 / 0           ops/s
[50.172s][info][gc,stats    ]      Memory: Page Cache Flush                                  0 / 0                 0 / 0                 0 / 0                 0 / 0           MB/s
[50.172s][info][gc,stats    ]      Memory: Page Cache Hit L1                              1244 / 1517            847 / 1517            847 / 1517            847 / 1517        ops/s
[50.172s][info][gc,stats    ]      Memory: Page Cache Hit L2                                 0 / 0                 0 / 0                 0 / 0                 0 / 0           ops/s
[50.172s][info][gc,stats    ]      Memory: Page Cache Hit L3                                 0 / 5                15 / 193              15 / 193              15 / 193         ops/s
[50.172s][info][gc,stats    ]      Memory: Page Cache Miss                                   0 / 0                 0 / 1                 0 / 1                 0 / 1           ops/s
[50.172s][info][gc,stats    ]      Memory: Uncommit                                          0 / 0                 0 / 0                 0 / 0                 0 / 0           MB/s
[50.172s][info][gc,stats    ]      Memory: Undo Object Allocation Failed                     0 / 1                 0 / 4                 0 / 4                 0 / 4           ops/s
[50.172s][info][gc,stats    ]      Memory: Undo Object Allocation Succeeded                  1 / 2                 1 / 8                 1 / 8                 1 / 8           ops/s
[50.172s][info][gc,stats    ]      Memory: Undo Page Allocation                             95 / 165              59 / 165              59 / 165              59 / 165         ops/s
[50.172s][info][gc,stats    ]       Phase: Concurrent Mark                              87.113 / 132.332      87.046 / 147.359      87.046 / 147.359      87.046 / 147.359     ms
[50.172s][info][gc,stats    ]       Phase: Concurrent Mark Continue                      0.000 / 0.000         0.000 / 0.000         0.000 / 0.000         0.000 / 0.000       ms
[50.172s][info][gc,stats    ]       Phase: Concurrent Mark Free                          0.001 / 0.002         0.001 / 0.002         0.001 / 0.002         0.001 / 0.002       ms
[50.172s][info][gc,stats    ]       Phase: Concurrent Process Non-Strong References      4.471 / 12.060        3.893 / 14.091        3.893 / 14.091        3.893 / 14.091      ms
[50.172s][info][gc,stats    ]       Phase: Concurrent Relocate                           1.777 / 2.513         4.259 / 39.847        4.259 / 39.847        4.259 / 39.847      ms
[50.172s][info][gc,stats    ]       Phase: Concurrent Reset Relocation Set               0.002 / 0.004         0.005 / 0.087         0.005 / 0.087         0.005 / 0.087       ms
[50.172s][info][gc,stats    ]       Phase: Concurrent Select Relocation Set              3.559 / 4.539         5.191 / 32.864        5.191 / 32.864        5.191 / 32.864      ms
[50.172s][info][gc,stats    ]       Phase: Pause Mark End                                0.025 / 0.031         0.024 / 0.069         0.024 / 0.069         0.024 / 0.069       ms
[50.172s][info][gc,stats    ]       Phase: Pause Mark Start                              0.013 / 0.018         0.014 / 0.018         0.014 / 0.018         0.014 / 0.018       ms
[50.173s][info][gc,stats    ]       Phase: Pause Relocate Start                          0.007 / 0.011         0.007 / 0.012         0.007 / 0.012         0.007 / 0.012       ms
[50.173s][info][gc,stats    ]    Subphase: Concurrent Classes Purge                      0.349 / 9.702         0.154 / 9.702         0.154 / 9.702         0.154 / 9.702       ms
[50.173s][info][gc,stats    ]    Subphase: Concurrent Classes Unlink                     3.288 / 8.353         2.944 / 12.372        2.944 / 12.372        2.944 / 12.372      ms
[50.173s][info][gc,stats    ]    Subphase: Concurrent Mark                              64.164 / 119.822      65.608 / 144.281      65.608 / 144.281      65.608 / 144.281     ms
[50.173s][info][gc,stats    ]    Subphase: Concurrent Mark Try Flush                     0.171 / 0.328         0.146 / 0.409         0.146 / 0.409         0.146 / 0.409       ms
[50.173s][info][gc,stats    ]    Subphase: Concurrent Mark Try Terminate                 6.283 / 16.685        6.719 / 16.685        6.719 / 16.685        6.719 / 16.685      ms
[50.173s][info][gc,stats    ]    Subphase: Concurrent References Enqueue                 0.003 / 0.005         0.003 / 0.005         0.003 / 0.005         0.003 / 0.005       ms
[50.173s][info][gc,stats    ]    Subphase: Concurrent References Process                 0.149 / 0.393         0.136 / 0.393         0.136 / 0.393         0.136 / 0.393       ms
[50.173s][info][gc,stats    ]    Subphase: Concurrent Roots ClassLoaderDataGraph         0.136 / 0.755         0.122 / 0.903         0.122 / 0.903         0.122 / 0.903       ms
[50.173s][info][gc,stats    ]    Subphase: Concurrent Roots CodeCache                    0.000 / 0.000         0.000 / 0.000         0.000 / 0.000         0.000 / 0.000       ms
[50.173s][info][gc,stats    ]    Subphase: Concurrent Roots JavaThreads                  7.457 / 13.635        7.629 / 17.215        7.629 / 17.215        7.629 / 17.215      ms
[50.173s][info][gc,stats    ]    Subphase: Concurrent Roots OopStorageSet                0.037 / 0.078         0.036 / 0.244         0.036 / 0.244         0.036 / 0.244       ms
[50.173s][info][gc,stats    ]    Subphase: Concurrent Weak Roots OopStorageSet           0.327 / 0.859         0.321 / 1.144         0.321 / 1.144         0.321 / 1.144       ms
[50.173s][info][gc,stats    ]    Subphase: Pause Mark Try Complete                       0.000 / 0.000         0.002 / 0.005         0.002 / 0.005         0.002 / 0.005       ms
[50.173s][info][gc,stats    ]      System: Java Threads                                    266 / 269             220 / 269             220 / 269             220 / 269         threads
[50.173s][info][gc,stats    ] =========================================================================================================================================================
[50.265s][info][gc,phases   ] GC(122) Concurrent Mark 93.329ms
[50.265s][info][gc,phases   ] GC(122) Pause Mark End 0.020ms
[50.265s][info][gc,phases   ] GC(122) Concurrent Mark Free 0.001ms
[50.269s][info][gc,phases   ] GC(122) Concurrent Process Non-Strong References 3.545ms
[50.269s][info][gc,phases   ] GC(122) Concurrent Reset Relocation Set 0.004ms
[50.272s][info][gc,phases   ] GC(122) Concurrent Select Relocation Set 3.578ms
[50.272s][info][gc,phases   ] GC(122) Pause Relocate Start 0.005ms
[50.274s][info][gc,phases   ] GC(122) Concurrent Relocate 1.327ms
[50.274s][info][gc,load     ] GC(122) Load: 0.00/0.00/0.00
[50.274s][info][gc,mmu      ] GC(122) MMU: 2ms/96.5%, 5ms/98.6%, 10ms/99.3%, 20ms/99.6%, 50ms/99.8%, 100ms/99.9%
[50.274s][info][gc,marking  ] GC(122) Mark: 4 stripe(s), 2 proactive flush(es), 1 terminate flush(es), 0 completion(s), 0 continuation(s) 
[50.274s][info][gc,marking  ] GC(122) Mark Stack Usage: 32M
[50.274s][info][gc,nmethod  ] GC(122) NMethods: 6102 registered, 2888 unregistered
[50.274s][info][gc,metaspace] GC(122) Metaspace: 59M used, 60M committed, 1088M reserved
[50.274s][info][gc,ref      ] GC(122) Soft: 4713 encountered, 0 discovered, 0 enqueued
[50.274s][info][gc,ref      ] GC(122) Weak: 6041 encountered, 1404 discovered, 14 enqueued
[50.274s][info][gc,ref      ] GC(122) Final: 82 encountered, 0 discovered, 0 enqueued
[50.274s][info][gc,ref      ] GC(122) Phantom: 608 encountered, 443 discovered, 0 enqueued
[50.274s][info][gc,reloc    ] GC(122) Small Pages: 383 / 766M, Empty: 536M, Relocated: 1M, In-Place: 0
[50.274s][info][gc,reloc    ] GC(122) Medium Pages: 1 / 32M, Empty: 0M, Relocated: 0M, In-Place: 0
[50.274s][info][gc,reloc    ] GC(122) Large Pages: 2 / 12M, Empty: 0M, Relocated: 0M, In-Place: 0
[50.274s][info][gc,reloc    ] GC(122) Forwarding Usage: 0M
[50.274s][info][gc,heap     ] GC(122) Min Capacity: 8M(0%)
[50.274s][info][gc,heap     ] GC(122) Max Capacity: 2048M(100%)
[50.274s][info][gc,heap     ] GC(122) Soft Max Capacity: 2048M(100%)
[50.274s][info][gc,heap     ] GC(122)                Mark Start          Mark End        Relocate Start      Relocate End           High               Low         
[50.274s][info][gc,heap     ] GC(122)  Capacity:     2048M (100%)       2048M (100%)       2048M (100%)       2048M (100%)       2048M (100%)       2048M (100%)   
[50.274s][info][gc,heap     ] GC(122)      Free:     1238M (60%)        1002M (49%)        1518M (74%)        1542M (75%)        1542M (75%)         992M (48%)    
[50.274s][info][gc,heap     ] GC(122)      Used:      810M (40%)        1046M (51%)         530M (26%)         506M (25%)        1056M (52%)         506M (25%)    
[50.275s][info][gc,heap     ] GC(122)      Live:         -               206M (10%)         206M (10%)         206M (10%)            -                  -          
[50.275s][info][gc,heap     ] GC(122) Allocated:         -               236M (12%)         256M (13%)         257M (13%)            -                  -          
[50.275s][info][gc,heap     ] GC(122)   Garbage:         -               603M (29%)          67M (3%)           41M (2%)             -                  -          
[50.275s][info][gc,heap     ] GC(122) Reclaimed:         -                  -               536M (26%)         561M (27%)            -                  -          
[50.275s][info][gc          ] GC(122) Garbage Collection (Allocation Rate) 810M(40%)->506M(25%)
[50.468s][info][gc,start    ] GC(123) Garbage Collection (Allocation Rate)
[50.468s][info][gc,task     ] GC(123) Using 3 workers
[50.468s][info][gc,phases   ] GC(123) Pause Mark Start 0.015ms
[50.593s][info][gc,phases   ] GC(123) Concurrent Mark 124.570ms
[50.593s][info][gc,phases   ] GC(123) Pause Mark End 0.028ms
[50.593s][info][gc,phases   ] GC(123) Concurrent Mark Free 0.001ms
[50.601s][info][gc,phases   ] GC(123) Concurrent Process Non-Strong References 7.529ms
[50.601s][info][gc,phases   ] GC(123) Concurrent Reset Relocation Set 0.003ms
[50.605s][info][gc,phases   ] GC(123) Concurrent Select Relocation Set 3.564ms
[50.605s][info][gc,phases   ] GC(123) Pause Relocate Start 0.011ms
[50.608s][info][gc,phases   ] GC(123) Concurrent Relocate 2.777ms
[50.608s][info][gc,load     ] GC(123) Load: 0.00/0.00/0.00
[50.608s][info][gc,mmu      ] GC(123) MMU: 2ms/96.5%, 5ms/98.6%, 10ms/99.3%, 20ms/99.6%, 50ms/99.8%, 100ms/99.9%
[50.608s][info][gc,marking  ] GC(123) Mark: 2 stripe(s), 2 proactive flush(es), 1 terminate flush(es), 0 completion(s), 0 continuation(s) 
[50.608s][info][gc,marking  ] GC(123) Mark Stack Usage: 32M
[50.608s][info][gc,nmethod  ] GC(123) NMethods: 6106 registered, 2888 unregistered
[50.608s][info][gc,metaspace] GC(123) Metaspace: 59M used, 60M committed, 1088M reserved
[50.608s][info][gc,ref      ] GC(123) Soft: 4713 encountered, 0 discovered, 0 enqueued
[50.608s][info][gc,ref      ] GC(123) Weak: 6025 encountered, 2409 discovered, 0 enqueued
[50.608s][info][gc,ref      ] GC(123) Final: 82 encountered, 12 discovered, 0 enqueued
[50.608s][info][gc,ref      ] GC(123) Phantom: 608 encountered, 455 discovered, 0 enqueued
[50.608s][info][gc,reloc    ] GC(123) Small Pages: 464 / 928M, Empty: 708M, Relocated: 1M, In-Place: 0
[50.608s][info][gc,reloc    ] GC(123) Medium Pages: 1 / 32M, Empty: 0M, Relocated: 0M, In-Place: 0
[50.608s][info][gc,reloc    ] GC(123) Large Pages: 2 / 12M, Empty: 0M, Relocated: 0M, In-Place: 0
[50.608s][info][gc,reloc    ] GC(123) Forwarding Usage: 0M
[50.608s][info][gc,heap     ] GC(123) Min Capacity: 8M(0%)
[50.608s][info][gc,heap     ] GC(123) Max Capacity: 2048M(100%)
[50.608s][info][gc,heap     ] GC(123) Soft Max Capacity: 2048M(100%)
[50.608s][info][gc,heap     ] GC(123)                Mark Start          Mark End        Relocate Start      Relocate End           High               Low         
[50.608s][info][gc,heap     ] GC(123)  Capacity:     2048M (100%)       2048M (100%)       2048M (100%)       2048M (100%)       2048M (100%)       2048M (100%)   
[50.608s][info][gc,heap     ] GC(123)      Free:     1076M (53%)         804M (39%)        1502M (73%)        1520M (74%)        1520M (74%)         796M (39%)    
[50.608s][info][gc,heap     ] GC(123)      Used:      972M (47%)        1244M (61%)         546M (27%)         528M (26%)        1252M (61%)         528M (26%)    
[50.608s][info][gc,heap     ] GC(123)      Live:         -               206M (10%)         206M (10%)         206M (10%)            -                  -          
[50.608s][info][gc,heap     ] GC(123) Allocated:         -               272M (13%)         282M (14%)         281M (14%)            -                  -          
[50.608s][info][gc,heap     ] GC(123)   Garbage:         -               765M (37%)          57M (3%)           39M (2%)             -                  -          
[50.608s][info][gc,heap     ] GC(123) Reclaimed:         -                  -               708M (35%)         725M (35%)            -                  -          
[50.608s][info][gc          ] GC(123) Garbage Collection (Allocation Rate) 972M(47%)->528M(26%)
[50.620s][info][gc,start    ] GC(124) Garbage Collection (System.gc())
[50.620s][info][gc,task     ] GC(124) Using 12 workers
[50.620s][info][gc,phases   ] GC(124) Pause Mark Start 0.014ms
[50.679s][info][gc,phases   ] GC(124) Concurrent Mark 58.946ms
[50.679s][info][gc,phases   ] GC(124) Pause Mark End 0.023ms
[50.679s][info][gc,phases   ] GC(124) Concurrent Mark Free 0.001ms
[50.681s][info][gc,phases   ] GC(124) Concurrent Process Non-Strong References 1.788ms
[50.681s][info][gc,phases   ] GC(124) Concurrent Reset Relocation Set 0.002ms
[50.684s][info][gc,phases   ] GC(124) Concurrent Select Relocation Set 3.537ms
[50.685s][info][gc,phases   ] GC(124) Pause Relocate Start 0.008ms
[50.687s][info][gc,phases   ] GC(124) Concurrent Relocate 1.909ms
[50.687s][info][gc,load     ] GC(124) Load: 0.00/0.00/0.00
[50.687s][info][gc,mmu      ] GC(124) MMU: 2ms/96.5%, 5ms/98.6%, 10ms/99.3%, 20ms/99.6%, 50ms/99.8%, 100ms/99.9%
[50.687s][info][gc,marking  ] GC(124) Mark: 8 stripe(s), 1 proactive flush(es), 1 terminate flush(es), 0 completion(s), 0 continuation(s) 
[50.687s][info][gc,marking  ] GC(124) Mark Stack Usage: 32M
[50.687s][info][gc,nmethod  ] GC(124) NMethods: 6113 registered, 2891 unregistered
[50.687s][info][gc,metaspace] GC(124) Metaspace: 59M used, 60M committed, 1088M reserved
[50.687s][info][gc,ref      ] GC(124) Soft: 4711 encountered, 0 discovered, 0 enqueued
[50.687s][info][gc,ref      ] GC(124) Weak: 6087 encountered, 1180 discovered, 121 enqueued
[50.687s][info][gc,ref      ] GC(124) Final: 82 encountered, 4 discovered, 0 enqueued
[50.687s][info][gc,ref      ] GC(124) Phantom: 608 encountered, 371 discovered, 0 enqueued
[50.687s][info][gc,reloc    ] GC(124) Small Pages: 239 / 478M, Empty: 260M, Relocated: 1M, In-Place: 0
[50.687s][info][gc,reloc    ] GC(124) Medium Pages: 1 / 32M, Empty: 0M, Relocated: 0M, In-Place: 0
[50.687s][info][gc,reloc    ] GC(124) Large Pages: 3 / 18M, Empty: 6M, Relocated: 0M, In-Place: 0
[50.687s][info][gc,reloc    ] GC(124) Forwarding Usage: 0M
[50.687s][info][gc,heap     ] GC(124) Min Capacity: 8M(0%)
[50.687s][info][gc,heap     ] GC(124) Max Capacity: 2048M(100%)
[50.687s][info][gc,heap     ] GC(124) Soft Max Capacity: 2048M(100%)
[50.687s][info][gc,heap     ] GC(124)                Mark Start          Mark End        Relocate Start      Relocate End           High               Low         
[50.687s][info][gc,heap     ] GC(124)  Capacity:     2048M (100%)       2048M (100%)       2048M (100%)       2048M (100%)       2048M (100%)       2048M (100%)   
[50.687s][info][gc,heap     ] GC(124)      Free:     1520M (74%)        1520M (74%)        1780M (87%)        1780M (87%)        1780M (87%)        1518M (74%)    
[50.687s][info][gc,heap     ] GC(124)      Used:      528M (26%)         528M (26%)         268M (13%)         268M (13%)         530M (26%)         268M (13%)    
[50.687s][info][gc,heap     ] GC(124)      Live:         -               206M (10%)         206M (10%)         206M (10%)            -                  -          
[50.687s][info][gc,heap     ] GC(124) Allocated:         -                 0M (0%)            6M (0%)            5M (0%)             -                  -          
[50.687s][info][gc,heap     ] GC(124)   Garbage:         -               321M (16%)          55M (3%)           55M (3%)             -                  -          
[50.687s][info][gc,heap     ] GC(124) Reclaimed:         -                  -               266M (13%)         265M (13%)            -                  -          
[50.687s][info][gc          ] GC(124) Garbage Collection (System.gc()) 528M(26%)->268M(13%)
[50.976s][info][gc,start    ] GC(125) Garbage Collection (Allocation Rate)
[50.976s][info][gc,task     ] GC(125) Using 5 workers
[50.976s][info][gc,phases   ] GC(125) Pause Mark Start 0.010ms
[51.069s][info][gc,phases   ] GC(125) Concurrent Mark 93.320ms
[51.070s][info][gc,phases   ] GC(125) Pause Mark End 0.028ms
[51.070s][info][gc,phases   ] GC(125) Concurrent Mark Free 0.001ms
[51.074s][info][gc,phases   ] GC(125) Concurrent Process Non-Strong References 3.827ms
[51.074s][info][gc,phases   ] GC(125) Concurrent Reset Relocation Set 0.003ms
[51.077s][info][gc,phases   ] GC(125) Concurrent Select Relocation Set 3.668ms
[51.077s][info][gc,phases   ] GC(125) Pause Relocate Start 0.008ms
[51.080s][info][gc,phases   ] GC(125) Concurrent Relocate 2.736ms
[51.080s][info][gc,load     ] GC(125) Load: 0.00/0.00/0.00
[51.080s][info][gc,mmu      ] GC(125) MMU: 2ms/96.5%, 5ms/98.6%, 10ms/99.3%, 20ms/99.6%, 50ms/99.8%, 100ms/99.9%
[51.080s][info][gc,marking  ] GC(125) Mark: 4 stripe(s), 2 proactive flush(es), 1 terminate flush(es), 0 completion(s), 0 continuation(s) 
[51.080s][info][gc,marking  ] GC(125) Mark Stack Usage: 32M
[51.080s][info][gc,nmethod  ] GC(125) NMethods: 6155 registered, 2893 unregistered
[51.080s][info][gc,metaspace] GC(125) Metaspace: 59M used, 60M committed, 1088M reserved
[51.080s][info][gc,ref      ] GC(125) Soft: 4713 encountered, 0 discovered, 0 enqueued
[51.080s][info][gc,ref      ] GC(125) Weak: 6130 encountered, 791 discovered, 75 enqueued
[51.081s][info][gc,ref      ] GC(125) Final: 82 encountered, 3 discovered, 0 enqueued
[51.081s][info][gc,ref      ] GC(125) Phantom: 608 encountered, 500 discovered, 0 enqueued
[51.081s][info][gc,reloc    ] GC(125) Small Pages: 476 / 952M, Empty: 704M, Relocated: 1M, In-Place: 0
[51.081s][info][gc,reloc    ] GC(125) Medium Pages: 2 / 64M, Empty: 32M, Relocated: 0M, In-Place: 0
[51.081s][info][gc,reloc    ] GC(125) Large Pages: 4 / 24M, Empty: 12M, Relocated: 0M, In-Place: 0
[51.081s][info][gc,reloc    ] GC(125) Forwarding Usage: 0M
[51.081s][info][gc,heap     ] GC(125) Min Capacity: 8M(0%)
[51.081s][info][gc,heap     ] GC(125) Max Capacity: 2048M(100%)
[51.081s][info][gc,heap     ] GC(125) Soft Max Capacity: 2048M(100%)
[51.081s][info][gc,heap     ] GC(125)                Mark Start          Mark End        Relocate Start      Relocate End           High               Low         
[51.081s][info][gc,heap     ] GC(125)  Capacity:     2048M (100%)       2048M (100%)       2048M (100%)       2048M (100%)       2048M (100%)       2048M (100%)   
[51.081s][info][gc,heap     ] GC(125)      Free:     1008M (49%)         718M (35%)        1438M (70%)        1476M (72%)        1478M (72%)         702M (34%)    
[51.081s][info][gc,heap     ] GC(125)      Used:     1040M (51%)        1330M (65%)         610M (30%)         572M (28%)        1346M (66%)         570M (28%)    
[51.081s][info][gc,heap     ] GC(125)      Live:         -               206M (10%)         206M (10%)         206M (10%)            -                  -          
[51.081s][info][gc,heap     ] GC(125) Allocated:         -               290M (14%)         318M (16%)         321M (16%)            -                  -          
[51.081s][info][gc,heap     ] GC(125)   Garbage:         -               833M (41%)          85M (4%)           43M (2%)             -                  -          
[51.081s][info][gc,heap     ] GC(125) Reclaimed:         -                  -               748M (37%)         789M (39%)            -                  -          
[51.081s][info][gc          ] GC(125) Garbage Collection (Allocation Rate) 1040M(51%)->572M(28%)
[51.366s][info][gc,start    ] GC(126) Garbage Collection (Allocation Rate)
[51.366s][info][gc,task     ] GC(126) Using 3 workers
[51.366s][info][gc,phases   ] GC(126) Pause Mark Start 0.014ms
[51.491s][info][gc,phases   ] GC(126) Concurrent Mark 124.612ms
[51.491s][info][gc,phases   ] GC(126) Pause Mark End 0.027ms
[51.491s][info][gc,phases   ] GC(126) Concurrent Mark Free 0.001ms
[51.498s][info][gc,phases   ] GC(126) Concurrent Process Non-Strong References 6.240ms
[51.498s][info][gc,phases   ] GC(126) Concurrent Reset Relocation Set 0.003ms
[51.501s][info][gc,phases   ] GC(126) Concurrent Select Relocation Set 3.605ms
[51.502s][info][gc,phases   ] GC(126) Pause Relocate Start 0.008ms
[51.504s][info][gc,phases   ] GC(126) Concurrent Relocate 2.771ms
[51.504s][info][gc,load     ] GC(126) Load: 0.00/0.00/0.00
[51.504s][info][gc,mmu      ] GC(126) MMU: 2ms/96.5%, 5ms/98.6%, 10ms/99.3%, 20ms/99.6%, 50ms/99.8%, 100ms/99.9%
[51.505s][info][gc,marking  ] GC(126) Mark: 2 stripe(s), 2 proactive flush(es), 1 terminate flush(es), 0 completion(s), 0 continuation(s) 
[51.505s][info][gc,marking  ] GC(126) Mark Stack Usage: 32M
[51.505s][info][gc,nmethod  ] GC(126) NMethods: 6155 registered, 2893 unregistered
[51.505s][info][gc,metaspace] GC(126) Metaspace: 59M used, 60M committed, 1088M reserved
[51.505s][info][gc,ref      ] GC(126) Soft: 4713 encountered, 0 discovered, 0 enqueued
[51.505s][info][gc,ref      ] GC(126) Weak: 6055 encountered, 2071 discovered, 19 enqueued
[51.505s][info][gc,ref      ] GC(126) Final: 82 encountered, 3 discovered, 0 enqueued
[51.505s][info][gc,ref      ] GC(126) Phantom: 608 encountered, 355 discovered, 0 enqueued
[51.505s][info][gc,reloc    ] GC(126) Small Pages: 511 / 1022M, Empty: 794M, Relocated: 1M, In-Place: 0
[51.505s][info][gc,reloc    ] GC(126) Medium Pages: 1 / 32M, Empty: 0M, Relocated: 0M, In-Place: 0
[51.505s][info][gc,reloc    ] GC(126) Large Pages: 2 / 12M, Empty: 0M, Relocated: 0M, In-Place: 0
[51.505s][info][gc,reloc    ] GC(126) Forwarding Usage: 0M
[51.505s][info][gc,heap     ] GC(126) Min Capacity: 8M(0%)
[51.505s][info][gc,heap     ] GC(126) Max Capacity: 2048M(100%)
[51.505s][info][gc,heap     ] GC(126) Soft Max Capacity: 2048M(100%)
[51.505s][info][gc,heap     ] GC(126)                Mark Start          Mark End        Relocate Start      Relocate End           High               Low         
[51.505s][info][gc,heap     ] GC(126)  Capacity:     2048M (100%)       2048M (100%)       2048M (100%)       2048M (100%)       2048M (100%)       2048M (100%)   
[51.505s][info][gc,heap     ] GC(126)      Free:      982M (48%)         750M (37%)        1526M (75%)        1544M (75%)        1550M (76%)         738M (36%)    
[51.505s][info][gc,heap     ] GC(126)      Used:     1066M (52%)        1298M (63%)         522M (25%)         504M (25%)        1310M (64%)         498M (24%)    
[51.505s][info][gc,heap     ] GC(126)      Live:         -               206M (10%)         206M (10%)         206M (10%)            -                  -          
[51.505s][info][gc,heap     ] GC(126) Allocated:         -               232M (11%)         250M (12%)         257M (13%)            -                  -          
[51.505s][info][gc,heap     ] GC(126)   Garbage:         -               859M (42%)          65M (3%)           39M (2%)             -                  -          
[51.505s][info][gc,heap     ] GC(126) Reclaimed:         -                  -               794M (39%)         819M (40%)            -                  -          
[51.505s][info][gc          ] GC(126) Garbage Collection (Allocation Rate) 1066M(52%)->504M(25%)
[51.687s][info][gc,start    ] GC(127) Garbage Collection (System.gc())
[51.687s][info][gc,task     ] GC(127) Using 12 workers
[51.687s][info][gc,phases   ] GC(127) Pause Mark Start 0.016ms
[51.741s][info][gc,phases   ] GC(127) Concurrent Mark 54.157ms
[51.741s][info][gc,phases   ] GC(127) Pause Mark End 0.027ms
[51.741s][info][gc,phases   ] GC(127) Concurrent Mark Free 0.001ms
[51.743s][info][gc,phases   ] GC(127) Concurrent Process Non-Strong References 1.895ms
[51.743s][info][gc,phases   ] GC(127) Concurrent Reset Relocation Set 0.002ms
[51.747s][info][gc,phases   ] GC(127) Concurrent Select Relocation Set 3.574ms
[51.747s][info][gc,phases   ] GC(127) Pause Relocate Start 0.007ms
[51.749s][info][gc,phases   ] GC(127) Concurrent Relocate 1.603ms
[51.749s][info][gc,load     ] GC(127) Load: 0.00/0.00/0.00
[51.749s][info][gc,mmu      ] GC(127) MMU: 2ms/96.5%, 5ms/98.6%, 10ms/99.3%, 20ms/99.6%, 50ms/99.8%, 100ms/99.9%
[51.749s][info][gc,marking  ] GC(127) Mark: 8 stripe(s), 2 proactive flush(es), 1 terminate flush(es), 0 completion(s), 0 continuation(s) 
[51.749s][info][gc,marking  ] GC(127) Mark Stack Usage: 32M
[51.749s][info][gc,nmethod  ] GC(127) NMethods: 6160 registered, 2898 unregistered
[51.749s][info][gc,metaspace] GC(127) Metaspace: 59M used, 60M committed, 1088M reserved
[51.749s][info][gc,ref      ] GC(127) Soft: 4711 encountered, 0 discovered, 0 enqueued
[51.749s][info][gc,ref      ] GC(127) Weak: 6104 encountered, 1620 discovered, 121 enqueued
[51.749s][info][gc,ref      ] GC(127) Final: 82 encountered, 47 discovered, 0 enqueued
[51.749s][info][gc,ref      ] GC(127) Phantom: 608 encountered, 431 discovered, 0 enqueued
[51.749s][info][gc,reloc    ] GC(127) Small Pages: 435 / 870M, Empty: 648M, Relocated: 1M, In-Place: 0
[51.749s][info][gc,reloc    ] GC(127) Medium Pages: 1 / 32M, Empty: 0M, Relocated: 0M, In-Place: 0
[51.749s][info][gc,reloc    ] GC(127) Large Pages: 3 / 18M, Empty: 6M, Relocated: 0M, In-Place: 0
[51.749s][info][gc,reloc    ] GC(127) Forwarding Usage: 0M
[51.749s][info][gc,heap     ] GC(127) Min Capacity: 8M(0%)
[51.749s][info][gc,heap     ] GC(127) Max Capacity: 2048M(100%)
[51.749s][info][gc,heap     ] GC(127) Soft Max Capacity: 2048M(100%)
[51.749s][info][gc,heap     ] GC(127)                Mark Start          Mark End        Relocate Start      Relocate End           High               Low         
[51.749s][info][gc,heap     ] GC(127)  Capacity:     2048M (100%)       2048M (100%)       2048M (100%)       2048M (100%)       2048M (100%)       2048M (100%)   
[51.749s][info][gc,heap     ] GC(127)      Free:     1128M (55%)        1126M (55%)        1776M (87%)        1778M (87%)        1778M (87%)        1126M (55%)    
[51.749s][info][gc,heap     ] GC(127)      Used:      920M (45%)         922M (45%)         272M (13%)         270M (13%)         922M (45%)         270M (13%)    
[51.749s][info][gc,heap     ] GC(127)      Live:         -               206M (10%)         206M (10%)         206M (10%)            -                  -          
[51.749s][info][gc,heap     ] GC(127) Allocated:         -                 2M (0%)            6M (0%)            5M (0%)             -                  -          
[51.749s][info][gc,heap     ] GC(127)   Garbage:         -               713M (35%)          59M (3%)           57M (3%)             -                  -          
[51.749s][info][gc,heap     ] GC(127) Reclaimed:         -                  -               654M (32%)         655M (32%)            -                  -          
[51.749s][info][gc          ] GC(127) Garbage Collection (System.gc()) 920M(45%)->270M(13%)
[52.069s][info][gc,start    ] GC(128) Garbage Collection (Allocation Rate)
[52.069s][info][gc,task     ] GC(128) Using 4 workers
[52.069s][info][gc,phases   ] GC(128) Pause Mark Start 0.016ms
[52.163s][info][gc,phases   ] GC(128) Concurrent Mark 93.274ms
[52.163s][info][gc,phases   ] GC(128) Pause Mark End 0.029ms
[52.163s][info][gc,phases   ] GC(128) Concurrent Mark Free 0.001ms
[52.167s][info][gc,phases   ] GC(128) Concurrent Process Non-Strong References 3.897ms
[52.167s][info][gc,phases   ] GC(128) Concurrent Reset Relocation Set 0.003ms
[52.171s][info][gc,phases   ] GC(128) Concurrent Select Relocation Set 3.668ms
[52.171s][info][gc,phases   ] GC(128) Pause Relocate Start 0.006ms
[52.174s][info][gc,phases   ] GC(128) Concurrent Relocate 2.844ms
[52.174s][info][gc,load     ] GC(128) Load: 0.00/0.00/0.00
[52.174s][info][gc,mmu      ] GC(128) MMU: 2ms/96.5%, 5ms/98.6%, 10ms/99.3%, 20ms/99.6%, 50ms/99.8%, 100ms/99.9%
[52.174s][info][gc,marking  ] GC(128) Mark: 4 stripe(s), 2 proactive flush(es), 1 terminate flush(es), 0 completion(s), 0 continuation(s) 
[52.174s][info][gc,marking  ] GC(128) Mark Stack Usage: 32M
[52.174s][info][gc,nmethod  ] GC(128) NMethods: 6168 registered, 2901 unregistered
[52.174s][info][gc,metaspace] GC(128) Metaspace: 59M used, 60M committed, 1088M reserved
[52.174s][info][gc,ref      ] GC(128) Soft: 4713 encountered, 0 discovered, 0 enqueued
[52.174s][info][gc,ref      ] GC(128) Weak: 6119 encountered, 3514 discovered, 74 enqueued
[52.174s][info][gc,ref      ] GC(128) Final: 82 encountered, 4 discovered, 0 enqueued
[52.174s][info][gc,ref      ] GC(128) Phantom: 608 encountered, 513 discovered, 0 enqueued
[52.174s][info][gc,reloc    ] GC(128) Small Pages: 541 / 1082M, Empty: 832M, Relocated: 1M, In-Place: 0
[52.174s][info][gc,reloc    ] GC(128) Medium Pages: 2 / 64M, Empty: 32M, Relocated: 0M, In-Place: 0
[52.174s][info][gc,reloc    ] GC(128) Large Pages: 4 / 24M, Empty: 12M, Relocated: 0M, In-Place: 0
[52.174s][info][gc,reloc    ] GC(128) Forwarding Usage: 0M
[52.174s][info][gc,heap     ] GC(128) Min Capacity: 8M(0%)
[52.174s][info][gc,heap     ] GC(128) Max Capacity: 2048M(100%)
[52.174s][info][gc,heap     ] GC(128) Soft Max Capacity: 2048M(100%)
[52.174s][info][gc,heap     ] GC(128)                Mark Start          Mark End        Relocate Start      Relocate End           High               Low         
[52.174s][info][gc,heap     ] GC(128)  Capacity:     2048M (100%)       2048M (100%)       2048M (100%)       2048M (100%)       2048M (100%)       2048M (100%)   
[52.174s][info][gc,heap     ] GC(128)      Free:      878M (43%)         596M (29%)        1442M (70%)        1478M (72%)        1484M (72%)         582M (28%)    
[52.174s][info][gc,heap     ] GC(128)      Used:     1170M (57%)        1452M (71%)         606M (30%)         570M (28%)        1466M (72%)         564M (28%)    
[52.174s][info][gc,heap     ] GC(128)      Live:         -               206M (10%)         206M (10%)         206M (10%)            -                  -          
[52.175s][info][gc,heap     ] GC(128) Allocated:         -               282M (14%)         312M (15%)         321M (16%)            -                  -          
[52.175s][info][gc,heap     ] GC(128)   Garbage:         -               963M (47%)          87M (4%)           41M (2%)             -                  -          
[52.175s][info][gc,heap     ] GC(128) Reclaimed:         -                  -               876M (43%)         921M (45%)            -                  -          
[52.175s][info][gc          ] GC(128) Garbage Collection (Allocation Rate) 1170M(57%)->570M(28%)
[52.366s][info][gc,start    ] GC(129) Garbage Collection (Allocation Rate)
[52.366s][info][gc,task     ] GC(129) Using 4 workers
[52.366s][info][gc,phases   ] GC(129) Pause Mark Start 0.014ms
[52.475s][info][gc,phases   ] GC(129) Concurrent Mark 108.951ms
[52.475s][info][gc,phases   ] GC(129) Pause Mark End 0.022ms
[52.476s][info][gc,phases   ] GC(129) Concurrent Mark Free 0.001ms
[52.481s][info][gc,phases   ] GC(129) Concurrent Process Non-Strong References 5.193ms
[52.481s][info][gc,phases   ] GC(129) Concurrent Reset Relocation Set 0.004ms
[52.485s][info][gc,phases   ] GC(129) Concurrent Select Relocation Set 3.653ms
[52.485s][info][gc,phases   ] GC(129) Pause Relocate Start 0.006ms
[52.487s][info][gc,phases   ] GC(129) Concurrent Relocate 2.364ms
[52.487s][info][gc,load     ] GC(129) Load: 0.00/0.00/0.00
[52.487s][info][gc,mmu      ] GC(129) MMU: 2ms/96.5%, 5ms/98.6%, 10ms/99.3%, 20ms/99.6%, 50ms/99.8%, 100ms/99.9%
[52.487s][info][gc,marking  ] GC(129) Mark: 4 stripe(s), 2 proactive flush(es), 1 terminate flush(es), 0 completion(s), 0 continuation(s) 
[52.487s][info][gc,marking  ] GC(129) Mark Stack Usage: 32M
[52.487s][info][gc,nmethod  ] GC(129) NMethods: 6168 registered, 2901 unregistered
[52.487s][info][gc,metaspace] GC(129) Metaspace: 59M used, 60M committed, 1088M reserved
[52.487s][info][gc,ref      ] GC(129) Soft: 4713 encountered, 0 discovered, 0 enqueued
[52.487s][info][gc,ref      ] GC(129) Weak: 6044 encountered, 3398 discovered, 14 enqueued
[52.487s][info][gc,ref      ] GC(129) Final: 82 encountered, 2 discovered, 0 enqueued
[52.487s][info][gc,ref      ] GC(129) Phantom: 608 encountered, 516 discovered, 0 enqueued
[52.487s][info][gc,reloc    ] GC(129) Small Pages: 556 / 1112M, Empty: 886M, Relocated: 1M, In-Place: 0
[52.487s][info][gc,reloc    ] GC(129) Medium Pages: 1 / 32M, Empty: 0M, Relocated: 0M, In-Place: 0
[52.487s][info][gc,reloc    ] GC(129) Large Pages: 2 / 12M, Empty: 0M, Relocated: 0M, In-Place: 0
[52.487s][info][gc,reloc    ] GC(129) Forwarding Usage: 0M
[52.488s][info][gc,heap     ] GC(129) Min Capacity: 8M(0%)
[52.488s][info][gc,heap     ] GC(129) Max Capacity: 2048M(100%)
[52.488s][info][gc,heap     ] GC(129) Soft Max Capacity: 2048M(100%)
[52.488s][info][gc,heap     ] GC(129)                Mark Start          Mark End        Relocate Start      Relocate End           High               Low         
[52.488s][info][gc,heap     ] GC(129)  Capacity:     2048M (100%)       2048M (100%)       2048M (100%)       2048M (100%)       2048M (100%)       2048M (100%)   
[52.488s][info][gc,heap     ] GC(129)      Free:      892M (44%)         586M (29%)        1442M (70%)        1458M (71%)        1462M (71%)         568M (28%)    
[52.488s][info][gc,heap     ] GC(129)      Used:     1156M (56%)        1462M (71%)         606M (30%)         590M (29%)        1480M (72%)         586M (29%)    
[52.488s][info][gc,heap     ] GC(129)      Live:         -               206M (10%)         206M (10%)         206M (10%)            -                  -          
[52.488s][info][gc,heap     ] GC(129) Allocated:         -               306M (15%)         336M (16%)         341M (17%)            -                  -          
[52.488s][info][gc,heap     ] GC(129)   Garbage:         -               949M (46%)          63M (3%)           41M (2%)             -                  -          
[52.488s][info][gc,heap     ] GC(129) Reclaimed:         -                  -               886M (43%)         907M (44%)            -                  -          
[52.488s][info][gc          ] GC(129) Garbage Collection (Allocation Rate) 1156M(56%)->590M(29%)
[52.561s][info][gc,start    ] GC(130) Garbage Collection (System.gc())
[52.561s][info][gc,task     ] GC(130) Using 12 workers
[52.561s][info][gc,phases   ] GC(130) Pause Mark Start 0.016ms
[52.620s][info][gc,phases   ] GC(130) Concurrent Mark 59.054ms
[52.620s][info][gc,phases   ] GC(130) Pause Mark End 0.021ms
[52.620s][info][gc,phases   ] GC(130) Concurrent Mark Free 0.001ms
[52.622s][info][gc,phases   ] GC(130) Concurrent Process Non-Strong References 1.710ms
[52.622s][info][gc,phases   ] GC(130) Concurrent Reset Relocation Set 0.001ms
[52.625s][info][gc,phases   ] GC(130) Concurrent Select Relocation Set 2.458ms
[52.625s][info][gc,phases   ] GC(130) Pause Relocate Start 0.007ms
[52.626s][info][gc,phases   ] GC(130) Concurrent Relocate 1.616ms
[52.627s][info][gc,load     ] GC(130) Load: 0.00/0.00/0.00
[52.627s][info][gc,mmu      ] GC(130) MMU: 2ms/96.5%, 5ms/98.6%, 10ms/99.3%, 20ms/99.6%, 50ms/99.8%, 100ms/99.9%
[52.627s][info][gc,marking  ] GC(130) Mark: 8 stripe(s), 2 proactive flush(es), 1 terminate flush(es), 0 completion(s), 0 continuation(s) 
[52.627s][info][gc,marking  ] GC(130) Mark Stack Usage: 32M
[52.627s][info][gc,nmethod  ] GC(130) NMethods: 6181 registered, 2906 unregistered
[52.627s][info][gc,metaspace] GC(130) Metaspace: 59M used, 60M committed, 1088M reserved
[52.627s][info][gc,ref      ] GC(130) Soft: 4711 encountered, 0 discovered, 0 enqueued
[52.627s][info][gc,ref      ] GC(130) Weak: 6087 encountered, 1313 discovered, 119 enqueued
[52.627s][info][gc,ref      ] GC(130) Final: 82 encountered, 4 discovered, 0 enqueued
[52.627s][info][gc,ref      ] GC(130) Phantom: 608 encountered, 494 discovered, 0 enqueued
[52.627s][info][gc,reloc    ] GC(130) Small Pages: 326 / 652M, Empty: 426M, Relocated: 1M, In-Place: 0
[52.627s][info][gc,reloc    ] GC(130) Medium Pages: 1 / 32M, Empty: 0M, Relocated: 0M, In-Place: 0
[52.627s][info][gc,reloc    ] GC(130) Large Pages: 3 / 18M, Empty: 6M, Relocated: 0M, In-Place: 0
[52.627s][info][gc,reloc    ] GC(130) Forwarding Usage: 0M
[52.627s][info][gc,heap     ] GC(130) Min Capacity: 8M(0%)
[52.627s][info][gc,heap     ] GC(130) Max Capacity: 2048M(100%)
[52.627s][info][gc,heap     ] GC(130) Soft Max Capacity: 2048M(100%)
[52.627s][info][gc,heap     ] GC(130)                Mark Start          Mark End        Relocate Start      Relocate End           High               Low         
[52.627s][info][gc,heap     ] GC(130)  Capacity:     2048M (100%)       2048M (100%)       2048M (100%)       2048M (100%)       2048M (100%)       2048M (100%)   
[52.627s][info][gc,heap     ] GC(130)      Free:     1346M (66%)        1344M (66%)        1772M (87%)        1778M (87%)        1778M (87%)        1344M (66%)    
[52.627s][info][gc,heap     ] GC(130)      Used:      702M (34%)         704M (34%)         276M (13%)         270M (13%)         704M (34%)         270M (13%)    
[52.627s][info][gc,heap     ] GC(130)      Live:         -               206M (10%)         206M (10%)         206M (10%)            -                  -          
[52.627s][info][gc,heap     ] GC(130) Allocated:         -                 2M (0%)            6M (0%)            5M (0%)             -                  -          
[52.627s][info][gc,heap     ] GC(130)   Garbage:         -               495M (24%)          63M (3%)           57M (3%)             -                  -          
[52.627s][info][gc,heap     ] GC(130) Reclaimed:         -                  -               432M (21%)         437M (21%)            -                  -          
[52.627s][info][gc          ] GC(130) Garbage Collection (System.gc()) 702M(34%)->270M(13%)
[52.870s][info][gc,start    ] GC(131) Garbage Collection (Allocation Rate)
[52.870s][info][gc,task     ] GC(131) Using 5 workers
[52.871s][info][gc,phases   ] GC(131) Pause Mark Start 0.015ms
[52.964s][info][gc,phases   ] GC(131) Concurrent Mark 93.265ms
[52.964s][info][gc,phases   ] GC(131) Pause Mark End 0.029ms
[52.964s][info][gc,phases   ] GC(131) Concurrent Mark Free 0.002ms
[52.968s][info][gc,phases   ] GC(131) Concurrent Process Non-Strong References 3.917ms
[52.968s][info][gc,phases   ] GC(131) Concurrent Reset Relocation Set 0.002ms
[52.972s][info][gc,phases   ] GC(131) Concurrent Select Relocation Set 3.622ms
[52.972s][info][gc,phases   ] GC(131) Pause Relocate Start 0.010ms
[52.975s][info][gc,phases   ] GC(131) Concurrent Relocate 2.829ms
[52.975s][info][gc,load     ] GC(131) Load: 0.00/0.00/0.00
[52.975s][info][gc,mmu      ] GC(131) MMU: 2ms/96.5%, 5ms/98.6%, 10ms/99.3%, 20ms/99.6%, 50ms/99.8%, 100ms/99.9%
[52.975s][info][gc,marking  ] GC(131) Mark: 4 stripe(s), 2 proactive flush(es), 1 terminate flush(es), 0 completion(s), 0 continuation(s) 
[52.975s][info][gc,marking  ] GC(131) Mark Stack Usage: 32M
[52.975s][info][gc,nmethod  ] GC(131) NMethods: 6215 registered, 2907 unregistered
[52.975s][info][gc,metaspace] GC(131) Metaspace: 59M used, 60M committed, 1088M reserved
[52.975s][info][gc,ref      ] GC(131) Soft: 4713 encountered, 0 discovered, 0 enqueued
[52.975s][info][gc,ref      ] GC(131) Weak: 6133 encountered, 610 discovered, 76 enqueued
[52.975s][info][gc,ref      ] GC(131) Final: 82 encountered, 3 discovered, 0 enqueued
[52.975s][info][gc,ref      ] GC(131) Phantom: 608 encountered, 442 discovered, 0 enqueued
[52.975s][info][gc,reloc    ] GC(131) Small Pages: 396 / 792M, Empty: 540M, Relocated: 1M, In-Place: 0
[52.975s][info][gc,reloc    ] GC(131) Medium Pages: 2 / 64M, Empty: 32M, Relocated: 0M, In-Place: 0
[52.975s][info][gc,reloc    ] GC(131) Large Pages: 4 / 24M, Empty: 12M, Relocated: 0M, In-Place: 0
[52.975s][info][gc,reloc    ] GC(131) Forwarding Usage: 0M
[52.975s][info][gc,heap     ] GC(131) Min Capacity: 8M(0%)
[52.976s][info][gc,heap     ] GC(131) Max Capacity: 2048M(100%)
[52.976s][info][gc,heap     ] GC(131) Soft Max Capacity: 2048M(100%)
[52.976s][info][gc,heap     ] GC(131)                Mark Start          Mark End        Relocate Start      Relocate End           High               Low         
[52.976s][info][gc,heap     ] GC(131)  Capacity:     2048M (100%)       2048M (100%)       2048M (100%)       2048M (100%)       2048M (100%)       2048M (100%)   
[52.976s][info][gc,heap     ] GC(131)      Free:     1168M (57%)         856M (42%)        1412M (69%)        1450M (71%)        1456M (71%)         842M (41%)    
[52.976s][info][gc,heap     ] GC(131)      Used:      880M (43%)        1192M (58%)         636M (31%)         598M (29%)        1206M (59%)         592M (29%)    
[52.976s][info][gc,heap     ] GC(131)      Live:         -               206M (10%)         206M (10%)         206M (10%)            -                  -          
[52.976s][info][gc,heap     ] GC(131) Allocated:         -               312M (15%)         340M (17%)         347M (17%)            -                  -          
[52.976s][info][gc,heap     ] GC(131)   Garbage:         -               673M (33%)          89M (4%)           43M (2%)             -                  -          
[52.976s][info][gc,heap     ] GC(131) Reclaimed:         -                  -               584M (29%)         629M (31%)            -                  -          
[52.976s][info][gc          ] GC(131) Garbage Collection (Allocation Rate) 880M(43%)->598M(29%)
[53.167s][info][gc,start    ] GC(132) Garbage Collection (Allocation Rate)
[53.167s][info][gc,task     ] GC(132) Using 4 workers
[53.167s][info][gc,phases   ] GC(132) Pause Mark Start 0.012ms
[53.261s][info][gc,phases   ] GC(132) Concurrent Mark 93.324ms
[53.261s][info][gc,phases   ] GC(132) Pause Mark End 0.030ms
[53.261s][info][gc,phases   ] GC(132) Concurrent Mark Free 0.001ms
[53.265s][info][gc,phases   ] GC(132) Concurrent Process Non-Strong References 3.770ms
[53.265s][info][gc,phases   ] GC(132) Concurrent Reset Relocation Set 0.003ms
[53.269s][info][gc,phases   ] GC(132) Concurrent Select Relocation Set 3.654ms
[53.269s][info][gc,phases   ] GC(132) Pause Relocate Start 0.006ms
[53.271s][info][gc,phases   ] GC(132) Concurrent Relocate 1.754ms
[53.271s][info][gc,load     ] GC(132) Load: 0.00/0.00/0.00
[53.271s][info][gc,mmu      ] GC(132) MMU: 2ms/96.5%, 5ms/98.6%, 10ms/99.3%, 20ms/99.6%, 50ms/99.8%, 100ms/99.9%
[53.271s][info][gc,marking  ] GC(132) Mark: 4 stripe(s), 2 proactive flush(es), 1 terminate flush(es), 0 completion(s), 0 continuation(s) 
[53.271s][info][gc,marking  ] GC(132) Mark Stack Usage: 32M
[53.271s][info][gc,nmethod  ] GC(132) NMethods: 6215 registered, 2907 unregistered
[53.271s][info][gc,metaspace] GC(132) Metaspace: 59M used, 60M committed, 1088M reserved
[53.271s][info][gc,ref      ] GC(132) Soft: 4713 encountered, 0 discovered, 0 enqueued
[53.271s][info][gc,ref      ] GC(132) Weak: 6057 encountered, 930 discovered, 19 enqueued
[53.271s][info][gc,ref      ] GC(132) Final: 82 encountered, 1 discovered, 0 enqueued
[53.271s][info][gc,ref      ] GC(132) Phantom: 608 encountered, 503 discovered, 0 enqueued
[53.271s][info][gc,reloc    ] GC(132) Small Pages: 568 / 1136M, Empty: 908M, Relocated: 1M, In-Place: 0
[53.271s][info][gc,reloc    ] GC(132) Medium Pages: 1 / 32M, Empty: 0M, Relocated: 0M, In-Place: 0
[53.271s][info][gc,reloc    ] GC(132) Large Pages: 2 / 12M, Empty: 0M, Relocated: 0M, In-Place: 0
[53.271s][info][gc,reloc    ] GC(132) Forwarding Usage: 0M
[53.271s][info][gc,heap     ] GC(132) Min Capacity: 8M(0%)
[53.271s][info][gc,heap     ] GC(132) Max Capacity: 2048M(100%)
[53.271s][info][gc,heap     ] GC(132) Soft Max Capacity: 2048M(100%)
[53.271s][info][gc,heap     ] GC(132)                Mark Start          Mark End        Relocate Start      Relocate End           High               Low         
[53.271s][info][gc,heap     ] GC(132)  Capacity:     2048M (100%)       2048M (100%)       2048M (100%)       2048M (100%)       2048M (100%)       2048M (100%)   
[53.271s][info][gc,heap     ] GC(132)      Free:      868M (42%)         580M (28%)        1464M (71%)        1486M (73%)        1486M (73%)         568M (28%)    
[53.271s][info][gc,heap     ] GC(132)      Used:     1180M (58%)        1468M (72%)         584M (29%)         562M (27%)        1480M (72%)         562M (27%)    
[53.272s][info][gc,heap     ] GC(132)      Live:         -               206M (10%)         206M (10%)         206M (10%)            -                  -          
[53.272s][info][gc,heap     ] GC(132) Allocated:         -               288M (14%)         312M (15%)         313M (15%)            -                  -          
[53.272s][info][gc,heap     ] GC(132)   Garbage:         -               973M (48%)          65M (3%)           41M (2%)             -                  -          
[53.272s][info][gc,heap     ] GC(132) Reclaimed:         -                  -               908M (44%)         931M (46%)            -                  -          
[53.272s][info][gc          ] GC(132) Garbage Collection (Allocation Rate) 1180M(58%)->562M(27%)
[53.464s][info][gc,start    ] GC(133) Garbage Collection (Allocation Rate)
[53.464s][info][gc,task     ] GC(133) Using 3 workers
[53.464s][info][gc,phases   ] GC(133) Pause Mark Start 0.013ms
[53.589s][info][gc,phases   ] GC(133) Concurrent Mark 124.638ms
[53.589s][info][gc,phases   ] GC(133) Pause Mark End 0.028ms
[53.589s][info][gc,phases   ] GC(133) Concurrent Mark Free 0.001ms
[53.597s][info][gc,phases   ] GC(133) Concurrent Process Non-Strong References 7.858ms
[53.597s][info][gc,phases   ] GC(133) Concurrent Reset Relocation Set 0.002ms
[53.601s][info][gc,phases   ] GC(133) Concurrent Select Relocation Set 3.521ms
[53.601s][info][gc,phases   ] GC(133) Pause Relocate Start 0.007ms
[53.604s][info][gc,phases   ] GC(133) Concurrent Relocate 2.976ms
[53.604s][info][gc,load     ] GC(133) Load: 0.00/0.00/0.00
[53.604s][info][gc,mmu      ] GC(133) MMU: 2ms/96.5%, 5ms/98.6%, 10ms/99.3%, 20ms/99.6%, 50ms/99.8%, 100ms/99.9%
[53.604s][info][gc,marking  ] GC(133) Mark: 2 stripe(s), 2 proactive flush(es), 1 terminate flush(es), 0 completion(s), 0 continuation(s) 
[53.604s][info][gc,marking  ] GC(133) Mark Stack Usage: 32M
[53.604s][info][gc,nmethod  ] GC(133) NMethods: 6250 registered, 2908 unregistered
[53.604s][info][gc,metaspace] GC(133) Metaspace: 59M used, 60M committed, 1088M reserved
[53.604s][info][gc,ref      ] GC(133) Soft: 4712 encountered, 0 discovered, 0 enqueued
[53.604s][info][gc,ref      ] GC(133) Weak: 6037 encountered, 2826 discovered, 0 enqueued
[53.604s][info][gc,ref      ] GC(133) Final: 82 encountered, 4 discovered, 0 enqueued
[53.604s][info][gc,ref      ] GC(133) Phantom: 608 encountered, 444 discovered, 0 enqueued
[53.604s][info][gc,reloc    ] GC(133) Small Pages: 435 / 870M, Empty: 646M, Relocated: 1M, In-Place: 0
[53.604s][info][gc,reloc    ] GC(133) Medium Pages: 1 / 32M, Empty: 0M, Relocated: 0M, In-Place: 0
[53.604s][info][gc,reloc    ] GC(133) Large Pages: 2 / 12M, Empty: 0M, Relocated: 0M, In-Place: 0
[53.604s][info][gc,reloc    ] GC(133) Forwarding Usage: 0M
[53.604s][info][gc,heap     ] GC(133) Min Capacity: 8M(0%)
[53.604s][info][gc,heap     ] GC(133) Max Capacity: 2048M(100%)
[53.604s][info][gc,heap     ] GC(133) Soft Max Capacity: 2048M(100%)
[53.604s][info][gc,heap     ] GC(133)                Mark Start          Mark End        Relocate Start      Relocate End           High               Low         
[53.604s][info][gc,heap     ] GC(133)  Capacity:     2048M (100%)       2048M (100%)       2048M (100%)       2048M (100%)       2048M (100%)       2048M (100%)   
[53.604s][info][gc,heap     ] GC(133)      Free:     1134M (55%)        1076M (53%)        1722M (84%)        1744M (85%)        1744M (85%)        1076M (53%)    
[53.605s][info][gc,heap     ] GC(133)      Used:      914M (45%)         972M (47%)         326M (16%)         304M (15%)         972M (47%)         304M (15%)    
[53.605s][info][gc,heap     ] GC(133)      Live:         -               206M (10%)         206M (10%)         206M (10%)            -                  -          
[53.605s][info][gc,heap     ] GC(133) Allocated:         -                58M (3%)           58M (3%)           58M (3%)             -                  -          
[53.605s][info][gc,heap     ] GC(133)   Garbage:         -               707M (35%)          61M (3%)           39M (2%)             -                  -          
[53.605s][info][gc,heap     ] GC(133) Reclaimed:         -                  -               646M (32%)         668M (33%)            -                  -          
[53.605s][info][gc          ] GC(133) Garbage Collection (Allocation Rate) 914M(45%)->304M(15%)
[53.605s][info][gc,start    ] GC(134) Garbage Collection (System.gc())
[53.605s][info][gc,task     ] GC(134) Using 12 workers
[53.605s][info][gc,phases   ] GC(134) Pause Mark Start 0.009ms
[53.667s][info][gc,phases   ] GC(134) Concurrent Mark 62.000ms
[53.667s][info][gc,phases   ] GC(134) Pause Mark End 0.024ms
[53.667s][info][gc,phases   ] GC(134) Concurrent Mark Free 0.001ms
[53.669s][info][gc,phases   ] GC(134) Concurrent Process Non-Strong References 1.832ms
[53.669s][info][gc,phases   ] GC(134) Concurrent Reset Relocation Set 0.002ms
[53.671s][info][gc,phases   ] GC(134) Concurrent Select Relocation Set 2.421ms
[53.672s][info][gc,phases   ] GC(134) Pause Relocate Start 0.007ms
[53.675s][info][gc,phases   ] GC(134) Concurrent Relocate 2.931ms
[53.675s][info][gc,load     ] GC(134) Load: 0.00/0.00/0.00
[53.675s][info][gc,mmu      ] GC(134) MMU: 2ms/96.5%, 5ms/98.6%, 10ms/99.3%, 20ms/99.6%, 50ms/99.8%, 100ms/99.9%
[53.675s][info][gc,marking  ] GC(134) Mark: 8 stripe(s), 2 proactive flush(es), 1 terminate flush(es), 0 completion(s), 0 continuation(s) 
[53.675s][info][gc,marking  ] GC(134) Mark Stack Usage: 32M
[53.675s][info][gc,nmethod  ] GC(134) NMethods: 6248 registered, 2910 unregistered
[53.675s][info][gc,metaspace] GC(134) Metaspace: 59M used, 60M committed, 1088M reserved
[53.675s][info][gc,ref      ] GC(134) Soft: 4711 encountered, 0 discovered, 0 enqueued
[53.675s][info][gc,ref      ] GC(134) Weak: 6107 encountered, 1742 discovered, 119 enqueued
[53.675s][info][gc,ref      ] GC(134) Final: 82 encountered, 4 discovered, 0 enqueued
[53.675s][info][gc,ref      ] GC(134) Phantom: 608 encountered, 393 discovered, 0 enqueued
[53.675s][info][gc,reloc    ] GC(134) Small Pages: 127 / 254M, Empty: 44M, Relocated: 1M, In-Place: 0
[53.675s][info][gc,reloc    ] GC(134) Medium Pages: 1 / 32M, Empty: 0M, Relocated: 0M, In-Place: 0
[53.675s][info][gc,reloc    ] GC(134) Large Pages: 3 / 18M, Empty: 6M, Relocated: 0M, In-Place: 0
[53.675s][info][gc,reloc    ] GC(134) Forwarding Usage: 0M
[53.675s][info][gc,heap     ] GC(134) Min Capacity: 8M(0%)
[53.675s][info][gc,heap     ] GC(134) Max Capacity: 2048M(100%)
[53.675s][info][gc,heap     ] GC(134) Soft Max Capacity: 2048M(100%)
[53.675s][info][gc,heap     ] GC(134)                Mark Start          Mark End        Relocate Start      Relocate End           High               Low         
[53.675s][info][gc,heap     ] GC(134)  Capacity:     2048M (100%)       2048M (100%)       2048M (100%)       2048M (100%)       2048M (100%)       2048M (100%)   
[53.675s][info][gc,heap     ] GC(134)      Free:     1744M (85%)        1742M (85%)        1788M (87%)        1788M (87%)        1788M (87%)        1738M (85%)    
[53.675s][info][gc,heap     ] GC(134)      Used:      304M (15%)         306M (15%)         260M (13%)         260M (13%)         310M (15%)         260M (13%)    
[53.675s][info][gc,heap     ] GC(134)      Live:         -               206M (10%)         206M (10%)         206M (10%)            -                  -          
[53.675s][info][gc,heap     ] GC(134) Allocated:         -                 2M (0%)            6M (0%)            5M (0%)             -                  -          
[53.675s][info][gc,heap     ] GC(134)   Garbage:         -                97M (5%)           47M (2%)           47M (2%)             -                  -          
[53.675s][info][gc,heap     ] GC(134) Reclaimed:         -                  -                50M (2%)           49M (2%)             -                  -          
[53.675s][info][gc          ] GC(134) Garbage Collection (System.gc()) 304M(15%)->260M(13%)
[53.964s][info][gc,start    ] GC(135) Garbage Collection (Allocation Rate)
[53.964s][info][gc,task     ] GC(135) Using 5 workers
[53.964s][info][gc,phases   ] GC(135) Pause Mark Start 0.017ms
[54.057s][info][gc,phases   ] GC(135) Concurrent Mark 93.324ms
[54.058s][info][gc,phases   ] GC(135) Pause Mark End 0.029ms
[54.058s][info][gc,phases   ] GC(135) Concurrent Mark Free 0.002ms
[54.062s][info][gc,phases   ] GC(135) Concurrent Process Non-Strong References 3.901ms
[54.062s][info][gc,phases   ] GC(135) Concurrent Reset Relocation Set 0.001ms
[54.065s][info][gc,phases   ] GC(135) Concurrent Select Relocation Set 3.670ms
[54.066s][info][gc,phases   ] GC(135) Pause Relocate Start 0.009ms
[54.069s][info][gc,phases   ] GC(135) Concurrent Relocate 2.985ms
[54.069s][info][gc,load     ] GC(135) Load: 0.00/0.00/0.00
[54.069s][info][gc,mmu      ] GC(135) MMU: 2ms/96.5%, 5ms/98.6%, 10ms/99.3%, 20ms/99.6%, 50ms/99.8%, 100ms/99.9%
[54.069s][info][gc,marking  ] GC(135) Mark: 4 stripe(s), 4 proactive flush(es), 1 terminate flush(es), 0 completion(s), 0 continuation(s) 
[54.069s][info][gc,marking  ] GC(135) Mark Stack Usage: 32M
[54.069s][info][gc,nmethod  ] GC(135) NMethods: 6250 registered, 2914 unregistered
[54.069s][info][gc,metaspace] GC(135) Metaspace: 59M used, 60M committed, 1088M reserved
[54.069s][info][gc,ref      ] GC(135) Soft: 4713 encountered, 0 discovered, 0 enqueued
[54.069s][info][gc,ref      ] GC(135) Weak: 6122 encountered, 3579 discovered, 74 enqueued
[54.069s][info][gc,ref      ] GC(135) Final: 82 encountered, 0 discovered, 0 enqueued
[54.069s][info][gc,ref      ] GC(135) Phantom: 608 encountered, 513 discovered, 0 enqueued
[54.069s][info][gc,reloc    ] GC(135) Small Pages: 463 / 926M, Empty: 684M, Relocated: 1M, In-Place: 0
[54.069s][info][gc,reloc    ] GC(135) Medium Pages: 2 / 64M, Empty: 32M, Relocated: 0M, In-Place: 0
[54.069s][info][gc,reloc    ] GC(135) Large Pages: 4 / 24M, Empty: 12M, Relocated: 0M, In-Place: 0
[54.069s][info][gc,reloc    ] GC(135) Forwarding Usage: 0M
[54.069s][info][gc,heap     ] GC(135) Min Capacity: 8M(0%)
[54.069s][info][gc,heap     ] GC(135) Max Capacity: 2048M(100%)
[54.069s][info][gc,heap     ] GC(135) Soft Max Capacity: 2048M(100%)
[54.069s][info][gc,heap     ] GC(135)                Mark Start          Mark End        Relocate Start      Relocate End           High               Low         
[54.069s][info][gc,heap     ] GC(135)  Capacity:     2048M (100%)       2048M (100%)       2048M (100%)       2048M (100%)       2048M (100%)       2048M (100%)   
[54.069s][info][gc,heap     ] GC(135)      Free:     1034M (50%)         724M (35%)        1422M (69%)        1454M (71%)        1456M (71%)         708M (35%)    
[54.069s][info][gc,heap     ] GC(135)      Used:     1014M (50%)        1324M (65%)         626M (31%)         594M (29%)        1340M (65%)         592M (29%)    
[54.069s][info][gc,heap     ] GC(135)      Live:         -               206M (10%)         206M (10%)         206M (10%)            -                  -          
[54.069s][info][gc,heap     ] GC(135) Allocated:         -               310M (15%)         340M (17%)         343M (17%)            -                  -          
[54.069s][info][gc,heap     ] GC(135)   Garbage:         -               807M (39%)          79M (4%)           43M (2%)             -                  -          
[54.069s][info][gc,heap     ] GC(135) Reclaimed:         -                  -               728M (36%)         763M (37%)            -                  -          
[54.069s][info][gc          ] GC(135) Garbage Collection (Allocation Rate) 1014M(50%)->594M(29%)
[54.370s][info][gc,start    ] GC(136) Garbage Collection (Allocation Rate)
[54.370s][info][gc,task     ] GC(136) Using 4 workers
[54.370s][info][gc,phases   ] GC(136) Pause Mark Start 0.008ms
[54.464s][info][gc,phases   ] GC(136) Concurrent Mark 93.374ms
[54.464s][info][gc,phases   ] GC(136) Pause Mark End 0.028ms
[54.464s][info][gc,phases   ] GC(136) Concurrent Mark Free 0.001ms
[54.468s][info][gc,phases   ] GC(136) Concurrent Process Non-Strong References 3.787ms
[54.468s][info][gc,phases   ] GC(136) Concurrent Reset Relocation Set 0.003ms
[54.472s][info][gc,phases   ] GC(136) Concurrent Select Relocation Set 4.386ms
[54.472s][info][gc,phases   ] GC(136) Pause Relocate Start 0.005ms
[54.474s][info][gc,phases   ] GC(136) Concurrent Relocate 1.592ms
[54.474s][info][gc,load     ] GC(136) Load: 0.00/0.00/0.00
[54.474s][info][gc,mmu      ] GC(136) MMU: 2ms/96.5%, 5ms/98.6%, 10ms/99.3%, 20ms/99.6%, 50ms/99.8%, 100ms/99.9%
[54.474s][info][gc,marking  ] GC(136) Mark: 4 stripe(s), 2 proactive flush(es), 1 terminate flush(es), 0 completion(s), 0 continuation(s) 
[54.474s][info][gc,marking  ] GC(136) Mark Stack Usage: 32M
[54.474s][info][gc,nmethod  ] GC(136) NMethods: 6250 registered, 2914 unregistered
[54.474s][info][gc,metaspace] GC(136) Metaspace: 59M used, 60M committed, 1088M reserved
[54.474s][info][gc,ref      ] GC(136) Soft: 4713 encountered, 0 discovered, 0 enqueued
[54.474s][info][gc,ref      ] GC(136) Weak: 6048 encountered, 3122 discovered, 14 enqueued
[54.474s][info][gc,ref      ] GC(136) Final: 82 encountered, 4 discovered, 0 enqueued
[54.474s][info][gc,ref      ] GC(136) Phantom: 608 encountered, 564 discovered, 0 enqueued
[54.474s][info][gc,reloc    ] GC(136) Small Pages: 508 / 1016M, Empty: 790M, Relocated: 1M, In-Place: 0
[54.474s][info][gc,reloc    ] GC(136) Medium Pages: 1 / 32M, Empty: 0M, Relocated: 0M, In-Place: 0
[54.474s][info][gc,reloc    ] GC(136) Large Pages: 2 / 12M, Empty: 0M, Relocated: 0M, In-Place: 0
[54.474s][info][gc,reloc    ] GC(136) Forwarding Usage: 0M
[54.474s][info][gc,heap     ] GC(136) Min Capacity: 8M(0%)
[54.474s][info][gc,heap     ] GC(136) Max Capacity: 2048M(100%)
[54.474s][info][gc,heap     ] GC(136) Soft Max Capacity: 2048M(100%)
[54.474s][info][gc,heap     ] GC(136)                Mark Start          Mark End        Relocate Start      Relocate End           High               Low         
[54.474s][info][gc,heap     ] GC(136)  Capacity:     2048M (100%)       2048M (100%)       2048M (100%)       2048M (100%)       2048M (100%)       2048M (100%)   
[54.475s][info][gc,heap     ] GC(136)      Free:      988M (48%)         856M (42%)        1632M (80%)        1652M (81%)        1652M (81%)         850M (42%)    
[54.475s][info][gc,heap     ] GC(136)      Used:     1060M (52%)        1192M (58%)         416M (20%)         396M (19%)        1198M (58%)         396M (19%)    
[54.475s][info][gc,heap     ] GC(136)      Live:         -               206M (10%)         206M (10%)         206M (10%)            -                  -          
[54.475s][info][gc,heap     ] GC(136) Allocated:         -               132M (6%)          146M (7%)          147M (7%)             -                  -          
[54.475s][info][gc,heap     ] GC(136)   Garbage:         -               853M (42%)          63M (3%)           41M (2%)             -                  -          
[54.475s][info][gc,heap     ] GC(136) Reclaimed:         -                  -               790M (39%)         811M (40%)            -                  -          
[54.475s][info][gc          ] GC(136) Garbage Collection (Allocation Rate) 1060M(52%)->396M(19%)
[54.770s][info][gc,start    ] GC(137) Garbage Collection (System.gc())
[54.770s][info][gc,task     ] GC(137) Using 12 workers
[54.771s][info][gc,phases   ] GC(137) Pause Mark Start 0.016ms
[54.819s][info][gc,phases   ] GC(137) Concurrent Mark 48.682ms
[54.820s][info][gc,phases   ] GC(137) Pause Mark End 0.018ms
[54.820s][info][gc,phases   ] GC(137) Concurrent Mark Free 0.001ms
[54.821s][info][gc,phases   ] GC(137) Concurrent Process Non-Strong References 1.546ms
[54.821s][info][gc,phases   ] GC(137) Concurrent Reset Relocation Set 0.001ms
[54.823s][info][gc,phases   ] GC(137) Concurrent Select Relocation Set 2.328ms
[54.824s][info][gc,phases   ] GC(137) Pause Relocate Start 0.006ms
[54.825s][info][gc,phases   ] GC(137) Concurrent Relocate 1.548ms
[54.825s][info][gc,load     ] GC(137) Load: 0.00/0.00/0.00
[54.825s][info][gc,mmu      ] GC(137) MMU: 2ms/96.5%, 5ms/98.6%, 10ms/99.3%, 20ms/99.6%, 50ms/99.8%, 100ms/99.9%
[54.825s][info][gc,marking  ] GC(137) Mark: 8 stripe(s), 3 proactive flush(es), 1 terminate flush(es), 0 completion(s), 0 continuation(s) 
[54.825s][info][gc,marking  ] GC(137) Mark Stack Usage: 32M
[54.825s][info][gc,nmethod  ] GC(137) NMethods: 6264 registered, 2919 unregistered
[54.825s][info][gc,metaspace] GC(137) Metaspace: 59M used, 60M committed, 1088M reserved
[54.825s][info][gc,ref      ] GC(137) Soft: 4711 encountered, 0 discovered, 0 enqueued
[54.825s][info][gc,ref      ] GC(137) Weak: 6090 encountered, 1793 discovered, 120 enqueued
[54.825s][info][gc,ref      ] GC(137) Final: 82 encountered, 44 discovered, 0 enqueued
[54.825s][info][gc,ref      ] GC(137) Phantom: 608 encountered, 590 discovered, 0 enqueued
[54.825s][info][gc,reloc    ] GC(137) Small Pages: 448 / 896M, Empty: 666M, Relocated: 1M, In-Place: 0
[54.825s][info][gc,reloc    ] GC(137) Medium Pages: 1 / 32M, Empty: 0M, Relocated: 0M, In-Place: 0
[54.825s][info][gc,reloc    ] GC(137) Large Pages: 3 / 18M, Empty: 6M, Relocated: 0M, In-Place: 0
[54.825s][info][gc,reloc    ] GC(137) Forwarding Usage: 0M
[54.825s][info][gc,heap     ] GC(137) Min Capacity: 8M(0%)
[54.825s][info][gc,heap     ] GC(137) Max Capacity: 2048M(100%)
[54.825s][info][gc,heap     ] GC(137) Soft Max Capacity: 2048M(100%)
[54.825s][info][gc,heap     ] GC(137)                Mark Start          Mark End        Relocate Start      Relocate End           High               Low         
[54.825s][info][gc,heap     ] GC(137)  Capacity:     2048M (100%)       2048M (100%)       2048M (100%)       2048M (100%)       2048M (100%)       2048M (100%)   
[54.825s][info][gc,heap     ] GC(137)      Free:     1102M (54%)        1100M (54%)        1768M (86%)        1778M (87%)        1778M (87%)        1100M (54%)    
[54.825s][info][gc,heap     ] GC(137)      Used:      946M (46%)         948M (46%)         280M (14%)         270M (13%)         948M (46%)         270M (13%)    
[54.825s][info][gc,heap     ] GC(137)      Live:         -               206M (10%)         206M (10%)         206M (10%)            -                  -          
[54.825s][info][gc,heap     ] GC(137) Allocated:         -                 2M (0%)            6M (0%)            5M (0%)             -                  -          
[54.825s][info][gc,heap     ] GC(137)   Garbage:         -               739M (36%)          67M (3%)           57M (3%)             -                  -          
[54.825s][info][gc,heap     ] GC(137) Reclaimed:         -                  -               672M (33%)         681M (33%)            -                  -          
[54.825s][info][gc          ] GC(137) Garbage Collection (System.gc()) 946M(46%)->270M(13%)
[55.163s][info][gc,start    ] GC(138) Garbage Collection (Allocation Rate)
[55.163s][info][gc,task     ] GC(138) Using 4 workers
[55.163s][info][gc,phases   ] GC(138) Pause Mark Start 0.016ms
[55.272s][info][gc,phases   ] GC(138) Concurrent Mark 108.988ms
[55.273s][info][gc,phases   ] GC(138) Pause Mark End 0.021ms
[55.273s][info][gc,phases   ] GC(138) Concurrent Mark Free 0.001ms
[55.277s][info][gc,phases   ] GC(138) Concurrent Process Non-Strong References 4.475ms
[55.277s][info][gc,phases   ] GC(138) Concurrent Reset Relocation Set 0.002ms
[55.281s][info][gc,phases   ] GC(138) Concurrent Select Relocation Set 4.060ms
[55.281s][info][gc,phases   ] GC(138) Pause Relocate Start 0.007ms
[55.284s][info][gc,phases   ] GC(138) Concurrent Relocate 2.208ms
[55.284s][info][gc,load     ] GC(138) Load: 0.00/0.00/0.00
[55.284s][info][gc,mmu      ] GC(138) MMU: 2ms/96.5%, 5ms/98.6%, 10ms/99.3%, 20ms/99.6%, 50ms/99.8%, 100ms/99.9%
[55.284s][info][gc,marking  ] GC(138) Mark: 4 stripe(s), 2 proactive flush(es), 1 terminate flush(es), 0 completion(s), 0 continuation(s) 
[55.284s][info][gc,marking  ] GC(138) Mark Stack Usage: 32M
[55.284s][info][gc,nmethod  ] GC(138) NMethods: 6308 registered, 2924 unregistered
[55.284s][info][gc,metaspace] GC(138) Metaspace: 59M used, 60M committed, 1088M reserved
[55.284s][info][gc,ref      ] GC(138) Soft: 4713 encountered, 0 discovered, 0 enqueued
[55.284s][info][gc,ref      ] GC(138) Weak: 6135 encountered, 3453 discovered, 75 enqueued
[55.284s][info][gc,ref      ] GC(138) Final: 82 encountered, 0 discovered, 0 enqueued
[55.284s][info][gc,ref      ] GC(138) Phantom: 608 encountered, 555 discovered, 0 enqueued
[55.284s][info][gc,reloc    ] GC(138) Small Pages: 592 / 1184M, Empty: 934M, Relocated: 1M, In-Place: 0
[55.284s][info][gc,reloc    ] GC(138) Medium Pages: 2 / 64M, Empty: 32M, Relocated: 0M, In-Place: 0
[55.284s][info][gc,reloc    ] GC(138) Large Pages: 4 / 24M, Empty: 12M, Relocated: 0M, In-Place: 0
[55.284s][info][gc,reloc    ] GC(138) Forwarding Usage: 0M
[55.284s][info][gc,heap     ] GC(138) Min Capacity: 8M(0%)
[55.284s][info][gc,heap     ] GC(138) Max Capacity: 2048M(100%)
[55.284s][info][gc,heap     ] GC(138) Soft Max Capacity: 2048M(100%)
[55.284s][info][gc,heap     ] GC(138)                Mark Start          Mark End        Relocate Start      Relocate End           High               Low         
[55.284s][info][gc,heap     ] GC(138)  Capacity:     2048M (100%)       2048M (100%)       2048M (100%)       2048M (100%)       2048M (100%)       2048M (100%)   
[55.284s][info][gc,heap     ] GC(138)      Free:      776M (38%)         438M (21%)        1390M (68%)        1432M (70%)        1434M (70%)         428M (21%)    
[55.284s][info][gc,heap     ] GC(138)      Used:     1272M (62%)        1610M (79%)         658M (32%)         616M (30%)        1620M (79%)         614M (30%)    
[55.284s][info][gc,heap     ] GC(138)      Live:         -               206M (10%)         206M (10%)         206M (10%)            -                  -          
[55.284s][info][gc,heap     ] GC(138) Allocated:         -               338M (17%)         364M (18%)         367M (18%)            -                  -          
[55.284s][info][gc,heap     ] GC(138)   Garbage:         -              1065M (52%)          87M (4%)           41M (2%)             -                  -          
[55.285s][info][gc,heap     ] GC(138) Reclaimed:         -                  -               978M (48%)        1023M (50%)            -                  -          
[55.285s][info][gc          ] GC(138) Garbage Collection (Allocation Rate) 1272M(62%)->616M(30%)
[55.569s][info][gc,start    ] GC(139) Garbage Collection (Allocation Rate)
[55.569s][info][gc,task     ] GC(139) Using 3 workers
[55.569s][info][gc,phases   ] GC(139) Pause Mark Start 0.008ms
[55.694s][info][gc,phases   ] GC(139) Concurrent Mark 124.603ms
[55.694s][info][gc,phases   ] GC(139) Pause Mark End 0.030ms
[55.694s][info][gc,phases   ] GC(139) Concurrent Mark Free 0.001ms
[55.703s][info][gc,phases   ] GC(139) Concurrent Process Non-Strong References 8.308ms
[55.703s][info][gc,phases   ] GC(139) Concurrent Reset Relocation Set 0.004ms
[55.707s][info][gc,phases   ] GC(139) Concurrent Select Relocation Set 4.577ms
[55.708s][info][gc,phases   ] GC(139) Pause Relocate Start 0.009ms
[55.712s][info][gc,phases   ] GC(139) Concurrent Relocate 4.028ms
[55.712s][info][gc,load     ] GC(139) Load: 0.00/0.00/0.00
[55.712s][info][gc,mmu      ] GC(139) MMU: 2ms/96.5%, 5ms/98.6%, 10ms/99.3%, 20ms/99.6%, 50ms/99.8%, 100ms/99.9%
[55.712s][info][gc,marking  ] GC(139) Mark: 2 stripe(s), 2 proactive flush(es), 1 terminate flush(es), 0 completion(s), 0 continuation(s) 
[55.712s][info][gc,marking  ] GC(139) Mark Stack Usage: 32M
[55.712s][info][gc,nmethod  ] GC(139) NMethods: 6308 registered, 2924 unregistered
[55.712s][info][gc,metaspace] GC(139) Metaspace: 59M used, 60M committed, 1088M reserved
[55.712s][info][gc,ref      ] GC(139) Soft: 4713 encountered, 0 discovered, 0 enqueued
[55.712s][info][gc,ref      ] GC(139) Weak: 6059 encountered, 2788 discovered, 19 enqueued
[55.712s][info][gc,ref      ] GC(139) Final: 82 encountered, 38 discovered, 0 enqueued
[55.712s][info][gc,ref      ] GC(139) Phantom: 608 encountered, 498 discovered, 0 enqueued
[55.712s][info][gc,reloc    ] GC(139) Small Pages: 541 / 1082M, Empty: 854M, Relocated: 1M, In-Place: 0
[55.712s][info][gc,reloc    ] GC(139) Medium Pages: 1 / 32M, Empty: 0M, Relocated: 0M, In-Place: 0
[55.712s][info][gc,reloc    ] GC(139) Large Pages: 2 / 12M, Empty: 0M, Relocated: 0M, In-Place: 0
[55.712s][info][gc,reloc    ] GC(139) Forwarding Usage: 0M
[55.712s][info][gc,heap     ] GC(139) Min Capacity: 8M(0%)
[55.712s][info][gc,heap     ] GC(139) Max Capacity: 2048M(100%)
[55.712s][info][gc,heap     ] GC(139) Soft Max Capacity: 2048M(100%)
[55.712s][info][gc,heap     ] GC(139)                Mark Start          Mark End        Relocate Start      Relocate End           High               Low         
[55.712s][info][gc,heap     ] GC(139)  Capacity:     2048M (100%)       2048M (100%)       2048M (100%)       2048M (100%)       2048M (100%)       2048M (100%)   
[55.712s][info][gc,heap     ] GC(139)      Free:      922M (45%)         726M (35%)        1558M (76%)        1576M (77%)        1580M (77%)         712M (35%)    
[55.712s][info][gc,heap     ] GC(139)      Used:     1126M (55%)        1322M (65%)         490M (24%)         472M (23%)        1336M (65%)         468M (23%)    
[55.712s][info][gc,heap     ] GC(139)      Live:         -               206M (10%)         206M (10%)         206M (10%)            -                  -          
[55.712s][info][gc,heap     ] GC(139) Allocated:         -               196M (10%)         218M (11%)         225M (11%)            -                  -          
[55.713s][info][gc,heap     ] GC(139)   Garbage:         -               919M (45%)          65M (3%)           39M (2%)             -                  -          
[55.713s][info][gc,heap     ] GC(139) Reclaimed:         -                  -               854M (42%)         879M (43%)            -                  -          
[55.713s][info][gc          ] GC(139) Garbage Collection (Allocation Rate) 1126M(55%)->472M(23%)
[55.807s][info][gc,start    ] GC(140) Garbage Collection (System.gc())
[55.807s][info][gc,task     ] GC(140) Using 12 workers
[55.807s][info][gc,phases   ] GC(140) Pause Mark Start 0.015ms
[55.870s][info][gc,phases   ] GC(140) Concurrent Mark 62.232ms
[55.870s][info][gc,phases   ] GC(140) Pause Mark End 0.036ms
[55.870s][info][gc,phases   ] GC(140) Concurrent Mark Free 0.001ms
[55.872s][info][gc,phases   ] GC(140) Concurrent Process Non-Strong References 1.990ms
[55.872s][info][gc,phases   ] GC(140) Concurrent Reset Relocation Set 0.001ms
[55.875s][info][gc,phases   ] GC(140) Concurrent Select Relocation Set 2.893ms
[55.875s][info][gc,phases   ] GC(140) Pause Relocate Start 0.010ms
[55.878s][info][gc,phases   ] GC(140) Concurrent Relocate 2.311ms
[55.878s][info][gc,load     ] GC(140) Load: 0.00/0.00/0.00
[55.878s][info][gc,mmu      ] GC(140) MMU: 2ms/96.5%, 5ms/98.6%, 10ms/99.3%, 20ms/99.6%, 50ms/99.8%, 100ms/99.9%
[55.878s][info][gc,marking  ] GC(140) Mark: 8 stripe(s), 2 proactive flush(es), 1 terminate flush(es), 0 completion(s), 0 continuation(s) 
[55.878s][info][gc,marking  ] GC(140) Mark Stack Usage: 32M
[55.878s][info][gc,nmethod  ] GC(140) NMethods: 6327 registered, 2926 unregistered
[55.878s][info][gc,metaspace] GC(140) Metaspace: 59M used, 60M committed, 1088M reserved
[55.878s][info][gc,ref      ] GC(140) Soft: 4711 encountered, 0 discovered, 0 enqueued
[55.878s][info][gc,ref      ] GC(140) Weak: 6109 encountered, 1738 discovered, 119 enqueued
[55.878s][info][gc,ref      ] GC(140) Final: 82 encountered, 3 discovered, 0 enqueued
[55.878s][info][gc,ref      ] GC(140) Phantom: 608 encountered, 402 discovered, 0 enqueued
[55.878s][info][gc,reloc    ] GC(140) Small Pages: 288 / 576M, Empty: 360M, Relocated: 1M, In-Place: 0
[55.878s][info][gc,reloc    ] GC(140) Medium Pages: 1 / 32M, Empty: 0M, Relocated: 0M, In-Place: 0
[55.878s][info][gc,reloc    ] GC(140) Large Pages: 3 / 18M, Empty: 6M, Relocated: 0M, In-Place: 0
[55.878s][info][gc,reloc    ] GC(140) Forwarding Usage: 0M
[55.878s][info][gc,heap     ] GC(140) Min Capacity: 8M(0%)
[55.878s][info][gc,heap     ] GC(140) Max Capacity: 2048M(100%)
[55.878s][info][gc,heap     ] GC(140) Soft Max Capacity: 2048M(100%)
[55.878s][info][gc,heap     ] GC(140)                Mark Start          Mark End        Relocate Start      Relocate End           High               Low         
[55.878s][info][gc,heap     ] GC(140)  Capacity:     2048M (100%)       2048M (100%)       2048M (100%)       2048M (100%)       2048M (100%)       2048M (100%)   
[55.878s][info][gc,heap     ] GC(140)      Free:     1422M (69%)        1420M (69%)        1782M (87%)        1782M (87%)        1782M (87%)        1420M (69%)    
[55.878s][info][gc,heap     ] GC(140)      Used:      626M (31%)         628M (31%)         266M (13%)         266M (13%)         628M (31%)         266M (13%)    
[55.878s][info][gc,heap     ] GC(140)      Live:         -               206M (10%)         206M (10%)         206M (10%)            -                  -          
[55.878s][info][gc,heap     ] GC(140) Allocated:         -                 2M (0%)            6M (0%)            5M (0%)             -                  -          
[55.878s][info][gc,heap     ] GC(140)   Garbage:         -               419M (20%)          53M (3%)           53M (3%)             -                  -          
[55.878s][info][gc,heap     ] GC(140) Reclaimed:         -                  -               366M (18%)         365M (18%)            -                  -          
[55.878s][info][gc          ] GC(140) Garbage Collection (System.gc()) 626M(31%)->266M(13%)
[56.276s][info][gc,start    ] GC(141) Garbage Collection (Allocation Rate)
[56.276s][info][gc,task     ] GC(141) Using 6 workers
[56.276s][info][gc,phases   ] GC(141) Pause Mark Start 0.011ms
[56.354s][info][gc,phases   ] GC(141) Concurrent Mark 77.728ms
[56.354s][info][gc,phases   ] GC(141) Pause Mark End 0.028ms
[56.354s][info][gc,phases   ] GC(141) Concurrent Mark Free 0.001ms
[56.358s][info][gc,phases   ] GC(141) Concurrent Process Non-Strong References 3.589ms
[56.358s][info][gc,phases   ] GC(141) Concurrent Reset Relocation Set 0.002ms
[56.362s][info][gc,phases   ] GC(141) Concurrent Select Relocation Set 3.791ms
[56.362s][info][gc,phases   ] GC(141) Pause Relocate Start 0.007ms
[56.364s][info][gc,phases   ] GC(141) Concurrent Relocate 2.103ms
[56.364s][info][gc,load     ] GC(141) Load: 0.00/0.00/0.00
[56.364s][info][gc,mmu      ] GC(141) MMU: 2ms/96.5%, 5ms/98.6%, 10ms/99.3%, 20ms/99.6%, 50ms/99.8%, 100ms/99.9%
[56.364s][info][gc,marking  ] GC(141) Mark: 4 stripe(s), 2 proactive flush(es), 1 terminate flush(es), 0 completion(s), 0 continuation(s) 
[56.364s][info][gc,marking  ] GC(141) Mark Stack Usage: 32M
[56.364s][info][gc,nmethod  ] GC(141) NMethods: 6332 registered, 2932 unregistered
[56.364s][info][gc,metaspace] GC(141) Metaspace: 59M used, 60M committed, 1088M reserved
[56.364s][info][gc,ref      ] GC(141) Soft: 4713 encountered, 0 discovered, 0 enqueued
[56.364s][info][gc,ref      ] GC(141) Weak: 6129 encountered, 1317 discovered, 77 enqueued
[56.364s][info][gc,ref      ] GC(141) Final: 82 encountered, 2 discovered, 0 enqueued
[56.364s][info][gc,ref      ] GC(141) Phantom: 608 encountered, 435 discovered, 0 enqueued
[56.364s][info][gc,reloc    ] GC(141) Small Pages: 663 / 1326M, Empty: 1080M, Relocated: 1M, In-Place: 0
[56.365s][info][gc,reloc    ] GC(141) Medium Pages: 2 / 64M, Empty: 32M, Relocated: 0M, In-Place: 0
[56.365s][info][gc,reloc    ] GC(141) Large Pages: 4 / 24M, Empty: 12M, Relocated: 0M, In-Place: 0
[56.365s][info][gc,reloc    ] GC(141) Forwarding Usage: 0M
[56.365s][info][gc,heap     ] GC(141) Min Capacity: 8M(0%)
[56.365s][info][gc,heap     ] GC(141) Max Capacity: 2048M(100%)
[56.365s][info][gc,heap     ] GC(141) Soft Max Capacity: 2048M(100%)
[56.365s][info][gc,heap     ] GC(141)                Mark Start          Mark End        Relocate Start      Relocate End           High               Low         
[56.365s][info][gc,heap     ] GC(141)  Capacity:     2048M (100%)       2048M (100%)       2048M (100%)       2048M (100%)       2048M (100%)       2048M (100%)   
[56.365s][info][gc,heap     ] GC(141)      Free:      634M (31%)         428M (21%)        1530M (75%)        1562M (76%)        1566M (76%)         420M (21%)    
[56.365s][info][gc,heap     ] GC(141)      Used:     1414M (69%)        1620M (79%)         518M (25%)         486M (24%)        1628M (79%)         482M (24%)    
[56.365s][info][gc,heap     ] GC(141)      Live:         -               206M (10%)         206M (10%)         206M (10%)            -                  -          
[56.365s][info][gc,heap     ] GC(141) Allocated:         -               206M (10%)         228M (11%)         233M (11%)            -                  -          
[56.365s][info][gc,heap     ] GC(141)   Garbage:         -              1207M (59%)          83M (4%)           45M (2%)             -                  -          
[56.365s][info][gc,heap     ] GC(141) Reclaimed:         -                  -              1124M (55%)        1161M (57%)            -                  -          
[56.365s][info][gc          ] GC(141) Garbage Collection (Allocation Rate) 1414M(69%)->486M(24%)
[56.573s][info][gc,start    ] GC(142) Garbage Collection (Allocation Rate)
[56.573s][info][gc,task     ] GC(142) Using 5 workers
[56.573s][info][gc,phases   ] GC(142) Pause Mark Start 0.015ms
[56.652s][info][gc,phases   ] GC(142) Concurrent Mark 79.212ms
[56.653s][info][gc,phases   ] GC(142) Pause Mark End 0.015ms
[56.653s][info][gc,phases   ] GC(142) Concurrent Mark Free 0.001ms
[56.656s][info][gc,phases   ] GC(142) Concurrent Process Non-Strong References 3.812ms
[56.656s][info][gc,phases   ] GC(142) Concurrent Reset Relocation Set 0.003ms
[56.660s][info][gc,phases   ] GC(142) Concurrent Select Relocation Set 3.930ms
[56.661s][info][gc,phases   ] GC(142) Pause Relocate Start 0.006ms
[56.662s][info][gc,phases   ] GC(142) Concurrent Relocate 1.745ms
[56.662s][info][gc,load     ] GC(142) Load: 0.00/0.00/0.00
[56.662s][info][gc,mmu      ] GC(142) MMU: 2ms/96.5%, 5ms/98.6%, 10ms/99.3%, 20ms/99.6%, 50ms/99.8%, 100ms/99.9%
[56.662s][info][gc,marking  ] GC(142) Mark: 4 stripe(s), 3 proactive flush(es), 1 terminate flush(es), 0 completion(s), 0 continuation(s) 
[56.663s][info][gc,marking  ] GC(142) Mark Stack Usage: 32M
[56.663s][info][gc,nmethod  ] GC(142) NMethods: 6343 registered, 2932 unregistered
[56.663s][info][gc,metaspace] GC(142) Metaspace: 59M used, 60M committed, 1088M reserved
[56.663s][info][gc,ref      ] GC(142) Soft: 4713 encountered, 0 discovered, 0 enqueued
[56.663s][info][gc,ref      ] GC(142) Weak: 6048 encountered, 877 discovered, 1 enqueued
[56.663s][info][gc,ref      ] GC(142) Final: 82 encountered, 4 discovered, 0 enqueued
[56.663s][info][gc,ref      ] GC(142) Phantom: 608 encountered, 542 discovered, 0 enqueued
[56.663s][info][gc,reloc    ] GC(142) Small Pages: 577 / 1154M, Empty: 924M, Relocated: 1M, In-Place: 0
[56.663s][info][gc,reloc    ] GC(142) Medium Pages: 1 / 32M, Empty: 0M, Relocated: 0M, In-Place: 0
[56.663s][info][gc,reloc    ] GC(142) Large Pages: 2 / 12M, Empty: 0M, Relocated: 0M, In-Place: 0
[56.663s][info][gc,reloc    ] GC(142) Forwarding Usage: 0M
[56.663s][info][gc,heap     ] GC(142) Min Capacity: 8M(0%)
[56.663s][info][gc,heap     ] GC(142) Max Capacity: 2048M(100%)
[56.663s][info][gc,heap     ] GC(142) Soft Max Capacity: 2048M(100%)
[56.663s][info][gc,heap     ] GC(142)                Mark Start          Mark End        Relocate Start      Relocate End           High               Low         
[56.663s][info][gc,heap     ] GC(142)  Capacity:     2048M (100%)       2048M (100%)       2048M (100%)       2048M (100%)       2048M (100%)       2048M (100%)   
[56.663s][info][gc,heap     ] GC(142)      Free:      850M (42%)         682M (33%)        1606M (78%)        1630M (80%)        1630M (80%)         682M (33%)    
[56.663s][info][gc,heap     ] GC(142)      Used:     1198M (58%)        1366M (67%)         442M (22%)         418M (20%)        1366M (67%)         418M (20%)    
[56.663s][info][gc,heap     ] GC(142)      Live:         -               206M (10%)         206M (10%)         206M (10%)            -                  -          
[56.663s][info][gc,heap     ] GC(142) Allocated:         -               168M (8%)          168M (8%)          168M (8%)             -                  -          
[56.663s][info][gc,heap     ] GC(142)   Garbage:         -               991M (48%)          67M (3%)           43M (2%)             -                  -          
[56.663s][info][gc,heap     ] GC(142) Reclaimed:         -                  -               924M (45%)         948M (46%)            -                  -          
[56.663s][info][gc          ] GC(142) Garbage Collection (Allocation Rate) 1198M(58%)->418M(20%)
[56.663s][info][gc,start    ] GC(143) Garbage Collection (System.gc())
[56.663s][info][gc,task     ] GC(143) Using 12 workers
[56.663s][info][gc,phases   ] GC(143) Pause Mark Start 0.005ms
[56.715s][info][gc,phases   ] GC(143) Concurrent Mark 51.518ms
[56.715s][info][gc,phases   ] GC(143) Pause Mark End 0.029ms
[56.715s][info][gc,phases   ] GC(143) Concurrent Mark Free 0.001ms
[56.717s][info][gc,phases   ] GC(143) Concurrent Process Non-Strong References 1.894ms
[56.717s][info][gc,phases   ] GC(143) Concurrent Reset Relocation Set 0.002ms
[56.721s][info][gc,phases   ] GC(143) Concurrent Select Relocation Set 3.614ms
[56.721s][info][gc,phases   ] GC(143) Pause Relocate Start 0.008ms
[56.723s][info][gc,phases   ] GC(143) Concurrent Relocate 1.867ms
[56.723s][info][gc,load     ] GC(143) Load: 0.00/0.00/0.00
[56.723s][info][gc,mmu      ] GC(143) MMU: 2ms/96.5%, 5ms/98.6%, 10ms/99.3%, 20ms/99.6%, 50ms/99.8%, 100ms/99.9%
[56.723s][info][gc,marking  ] GC(143) Mark: 8 stripe(s), 2 proactive flush(es), 1 terminate flush(es), 0 completion(s), 0 continuation(s) 
[56.723s][info][gc,marking  ] GC(143) Mark Stack Usage: 32M
[56.723s][info][gc,nmethod  ] GC(143) NMethods: 6343 registered, 2934 unregistered
[56.723s][info][gc,metaspace] GC(143) Metaspace: 59M used, 60M committed, 1088M reserved
[56.723s][info][gc,ref      ] GC(143) Soft: 4711 encountered, 0 discovered, 0 enqueued
[56.723s][info][gc,ref      ] GC(143) Weak: 6102 encountered, 2500 discovered, 125 enqueued
[56.723s][info][gc,ref      ] GC(143) Final: 82 encountered, 0 discovered, 0 enqueued
[56.723s][info][gc,ref      ] GC(143) Phantom: 608 encountered, 440 discovered, 0 enqueued
[56.723s][info][gc,reloc    ] GC(143) Small Pages: 184 / 368M, Empty: 148M, Relocated: 1M, In-Place: 0
[56.723s][info][gc,reloc    ] GC(143) Medium Pages: 1 / 32M, Empty: 0M, Relocated: 0M, In-Place: 0
[56.723s][info][gc,reloc    ] GC(143) Large Pages: 3 / 18M, Empty: 6M, Relocated: 0M, In-Place: 0
[56.723s][info][gc,reloc    ] GC(143) Forwarding Usage: 0M
[56.723s][info][gc,heap     ] GC(143) Min Capacity: 8M(0%)
[56.723s][info][gc,heap     ] GC(143) Max Capacity: 2048M(100%)
[56.723s][info][gc,heap     ] GC(143) Soft Max Capacity: 2048M(100%)
[56.723s][info][gc,heap     ] GC(143)                Mark Start          Mark End        Relocate Start      Relocate End           High               Low         
[56.723s][info][gc,heap     ] GC(143)  Capacity:     2048M (100%)       2048M (100%)       2048M (100%)       2048M (100%)       2048M (100%)       2048M (100%)   
[56.723s][info][gc,heap     ] GC(143)      Free:     1630M (80%)        1628M (79%)        1778M (87%)        1778M (87%)        1778M (87%)        1628M (79%)    
[56.723s][info][gc,heap     ] GC(143)      Used:      418M (20%)         420M (21%)         270M (13%)         270M (13%)         420M (21%)         270M (13%)    
[56.724s][info][gc,heap     ] GC(143)      Live:         -               206M (10%)         206M (10%)         206M (10%)            -                  -          
[56.724s][info][gc,heap     ] GC(143) Allocated:         -                 2M (0%)            6M (0%)            5M (0%)             -                  -          
[56.724s][info][gc,heap     ] GC(143)   Garbage:         -               211M (10%)          57M (3%)           57M (3%)             -                  -          
[56.724s][info][gc,heap     ] GC(143) Reclaimed:         -                  -               154M (8%)          153M (8%)             -                  -          
[56.724s][info][gc          ] GC(143) Garbage Collection (System.gc()) 418M(20%)->270M(13%)
[56.965s][info][gc,start    ] GC(144) Garbage Collection (Allocation Rate)
[56.965s][info][gc,task     ] GC(144) Using 5 workers
[56.965s][info][gc,phases   ] GC(144) Pause Mark Start 0.009ms
[57.043s][info][gc,phases   ] GC(144) Concurrent Mark 77.736ms
[57.043s][info][gc,phases   ] GC(144) Pause Mark End 0.025ms
[57.043s][info][gc,phases   ] GC(144) Concurrent Mark Free 0.001ms
[57.047s][info][gc,phases   ] GC(144) Concurrent Process Non-Strong References 3.405ms
[57.047s][info][gc,phases   ] GC(144) Concurrent Reset Relocation Set 0.002ms
[57.050s][info][gc,phases   ] GC(144) Concurrent Select Relocation Set 3.694ms
[57.050s][info][gc,phases   ] GC(144) Pause Relocate Start 0.006ms
[57.054s][info][gc,phases   ] GC(144) Concurrent Relocate 3.021ms
[57.054s][info][gc,load     ] GC(144) Load: 0.00/0.00/0.00
[57.054s][info][gc,mmu      ] GC(144) MMU: 2ms/96.5%, 5ms/98.6%, 10ms/99.3%, 20ms/99.6%, 50ms/99.8%, 100ms/99.9%
[57.054s][info][gc,marking  ] GC(144) Mark: 4 stripe(s), 2 proactive flush(es), 1 terminate flush(es), 0 completion(s), 0 continuation(s) 
[57.054s][info][gc,marking  ] GC(144) Mark Stack Usage: 32M
[57.054s][info][gc,nmethod  ] GC(144) NMethods: 6346 registered, 2941 unregistered
[57.054s][info][gc,metaspace] GC(144) Metaspace: 59M used, 60M committed, 1088M reserved
[57.054s][info][gc,ref      ] GC(144) Soft: 4713 encountered, 0 discovered, 0 enqueued
[57.054s][info][gc,ref      ] GC(144) Weak: 6142 encountered, 888 discovered, 75 enqueued
[57.054s][info][gc,ref      ] GC(144) Final: 82 encountered, 1 discovered, 0 enqueued
[57.054s][info][gc,ref      ] GC(144) Phantom: 608 encountered, 543 discovered, 0 enqueued
[57.054s][info][gc,reloc    ] GC(144) Small Pages: 382 / 764M, Empty: 516M, Relocated: 1M, In-Place: 0
[57.054s][info][gc,reloc    ] GC(144) Medium Pages: 2 / 64M, Empty: 32M, Relocated: 0M, In-Place: 0
[57.054s][info][gc,reloc    ] GC(144) Large Pages: 4 / 24M, Empty: 12M, Relocated: 0M, In-Place: 0
[57.054s][info][gc,reloc    ] GC(144) Forwarding Usage: 0M
[57.054s][info][gc,heap     ] GC(144) Min Capacity: 8M(0%)
[57.054s][info][gc,heap     ] GC(144) Max Capacity: 2048M(100%)
[57.054s][info][gc,heap     ] GC(144) Soft Max Capacity: 2048M(100%)
[57.054s][info][gc,heap     ] GC(144)                Mark Start          Mark End        Relocate Start      Relocate End           High               Low         
[57.054s][info][gc,heap     ] GC(144)  Capacity:     2048M (100%)       2048M (100%)       2048M (100%)       2048M (100%)       2048M (100%)       2048M (100%)   
[57.054s][info][gc,heap     ] GC(144)      Free:     1196M (58%)         980M (48%)        1512M (74%)        1548M (76%)        1550M (76%)         966M (47%)    
[57.054s][info][gc,heap     ] GC(144)      Used:      852M (42%)        1068M (52%)         536M (26%)         500M (24%)        1082M (53%)         498M (24%)    
[57.054s][info][gc,heap     ] GC(144)      Live:         -               206M (10%)         206M (10%)         206M (10%)            -                  -          
[57.054s][info][gc,heap     ] GC(144) Allocated:         -               216M (11%)         244M (12%)         249M (12%)            -                  -          
[57.054s][info][gc,heap     ] GC(144)   Garbage:         -               645M (32%)          85M (4%)           43M (2%)             -                  -          
[57.054s][info][gc,heap     ] GC(144) Reclaimed:         -                  -               560M (27%)         601M (29%)            -                  -          
[57.054s][info][gc          ] GC(144) Garbage Collection (Allocation Rate) 852M(42%)->500M(24%)
[57.274s][info][gc,start    ] GC(145) Garbage Collection (Allocation Rate)
[57.274s][info][gc,task     ] GC(145) Using 4 workers
[57.274s][info][gc,phases   ] GC(145) Pause Mark Start 0.013ms
[57.367s][info][gc,phases   ] GC(145) Concurrent Mark 93.369ms
[57.368s][info][gc,phases   ] GC(145) Pause Mark End 0.018ms
[57.368s][info][gc,phases   ] GC(145) Concurrent Mark Free 0.001ms
[57.371s][info][gc,phases   ] GC(145) Concurrent Process Non-Strong References 3.681ms
[57.371s][info][gc,phases   ] GC(145) Concurrent Reset Relocation Set 0.003ms
[57.375s][info][gc,phases   ] GC(145) Concurrent Select Relocation Set 3.646ms
[57.375s][info][gc,phases   ] GC(145) Pause Relocate Start 0.005ms
[57.377s][info][gc,phases   ] GC(145) Concurrent Relocate 1.605ms
[57.377s][info][gc,load     ] GC(145) Load: 0.00/0.00/0.00
[57.377s][info][gc,mmu      ] GC(145) MMU: 2ms/96.5%, 5ms/98.6%, 10ms/99.3%, 20ms/99.6%, 50ms/99.8%, 100ms/99.9%
[57.377s][info][gc,marking  ] GC(145) Mark: 4 stripe(s), 2 proactive flush(es), 1 terminate flush(es), 0 completion(s), 0 continuation(s) 
[57.377s][info][gc,marking  ] GC(145) Mark Stack Usage: 32M
[57.377s][info][gc,nmethod  ] GC(145) NMethods: 6346 registered, 2941 unregistered
[57.377s][info][gc,metaspace] GC(145) Metaspace: 59M used, 60M committed, 1088M reserved
[57.377s][info][gc,ref      ] GC(145) Soft: 4713 encountered, 0 discovered, 0 enqueued
[57.377s][info][gc,ref      ] GC(145) Weak: 6066 encountered, 1025 discovered, 19 enqueued
[57.377s][info][gc,ref      ] GC(145) Final: 82 encountered, 33 discovered, 0 enqueued
[57.377s][info][gc,ref      ] GC(145) Phantom: 608 encountered, 563 discovered, 0 enqueued
[57.377s][info][gc,reloc    ] GC(145) Small Pages: 459 / 918M, Empty: 690M, Relocated: 1M, In-Place: 0
[57.377s][info][gc,reloc    ] GC(145) Medium Pages: 1 / 32M, Empty: 0M, Relocated: 0M, In-Place: 0
[57.377s][info][gc,reloc    ] GC(145) Large Pages: 2 / 12M, Empty: 0M, Relocated: 0M, In-Place: 0
[57.377s][info][gc,reloc    ] GC(145) Forwarding Usage: 0M
[57.377s][info][gc,heap     ] GC(145) Min Capacity: 8M(0%)
[57.377s][info][gc,heap     ] GC(145) Max Capacity: 2048M(100%)
[57.377s][info][gc,heap     ] GC(145) Soft Max Capacity: 2048M(100%)
[57.377s][info][gc,heap     ] GC(145)                Mark Start          Mark End        Relocate Start      Relocate End           High               Low         
[57.377s][info][gc,heap     ] GC(145)  Capacity:     2048M (100%)       2048M (100%)       2048M (100%)       2048M (100%)       2048M (100%)       2048M (100%)   
[57.377s][info][gc,heap     ] GC(145)      Free:     1086M (53%)         876M (43%)        1548M (76%)        1568M (77%)        1570M (77%)         866M (42%)    
[57.377s][info][gc,heap     ] GC(145)      Used:      962M (47%)        1172M (57%)         500M (24%)         480M (23%)        1182M (58%)         478M (23%)    
[57.377s][info][gc,heap     ] GC(145)      Live:         -               206M (10%)         206M (10%)         206M (10%)            -                  -          
[57.378s][info][gc,heap     ] GC(145) Allocated:         -               210M (10%)         228M (11%)         231M (11%)            -                  -          
[57.378s][info][gc,heap     ] GC(145)   Garbage:         -               755M (37%)          65M (3%)           41M (2%)             -                  -          
[57.378s][info][gc,heap     ] GC(145) Reclaimed:         -                  -               690M (34%)         713M (35%)            -                  -          
[57.378s][info][gc          ] GC(145) Garbage Collection (Allocation Rate) 962M(47%)->480M(23%)
[57.570s][info][gc,start    ] GC(146) Garbage Collection (Allocation Rate)
[57.571s][info][gc,task     ] GC(146) Using 3 workers
[57.571s][info][gc,phases   ] GC(146) Pause Mark Start 0.015ms
[57.704s][info][gc,phases   ] GC(146) Concurrent Mark 132.771ms
[57.704s][info][gc,phases   ] GC(146) Pause Mark End 0.035ms
[57.704s][info][gc,phases   ] GC(146) Concurrent Mark Free 0.001ms
[57.711s][info][gc,phases   ] GC(146) Concurrent Process Non-Strong References 7.533ms
[57.712s][info][gc,phases   ] GC(146) Concurrent Reset Relocation Set 0.002ms
[57.715s][info][gc,phases   ] GC(146) Concurrent Select Relocation Set 3.735ms
[57.715s][info][gc,phases   ] GC(146) Pause Relocate Start 0.007ms
[57.719s][info][gc,phases   ] GC(146) Concurrent Relocate 3.327ms
[57.719s][info][gc,load     ] GC(146) Load: 0.00/0.00/0.00
[57.719s][info][gc,mmu      ] GC(146) MMU: 2ms/96.5%, 5ms/98.6%, 10ms/99.3%, 20ms/99.6%, 50ms/99.8%, 100ms/99.9%
[57.719s][info][gc,marking  ] GC(146) Mark: 2 stripe(s), 2 proactive flush(es), 1 terminate flush(es), 0 completion(s), 0 continuation(s) 
[57.719s][info][gc,marking  ] GC(146) Mark Stack Usage: 32M
[57.719s][info][gc,nmethod  ] GC(146) NMethods: 6356 registered, 2941 unregistered
[57.719s][info][gc,metaspace] GC(146) Metaspace: 59M used, 60M committed, 1088M reserved
[57.719s][info][gc,ref      ] GC(146) Soft: 4712 encountered, 0 discovered, 0 enqueued
[57.719s][info][gc,ref      ] GC(146) Weak: 6049 encountered, 2384 discovered, 0 enqueued
[57.719s][info][gc,ref      ] GC(146) Final: 82 encountered, 25 discovered, 0 enqueued
[57.719s][info][gc,ref      ] GC(146) Phantom: 608 encountered, 377 discovered, 0 enqueued
[57.719s][info][gc,reloc    ] GC(146) Small Pages: 542 / 1084M, Empty: 858M, Relocated: 1M, In-Place: 0
[57.719s][info][gc,reloc    ] GC(146) Medium Pages: 1 / 32M, Empty: 0M, Relocated: 0M, In-Place: 0
[57.719s][info][gc,reloc    ] GC(146) Large Pages: 2 / 12M, Empty: 0M, Relocated: 0M, In-Place: 0
[57.719s][info][gc,reloc    ] GC(146) Forwarding Usage: 0M
[57.719s][info][gc,heap     ] GC(146) Min Capacity: 8M(0%)
[57.719s][info][gc,heap     ] GC(146) Max Capacity: 2048M(100%)
[57.719s][info][gc,heap     ] GC(146) Soft Max Capacity: 2048M(100%)
[57.719s][info][gc,heap     ] GC(146)                Mark Start          Mark End        Relocate Start      Relocate End           High               Low         
[57.719s][info][gc,heap     ] GC(146)  Capacity:     2048M (100%)       2048M (100%)       2048M (100%)       2048M (100%)       2048M (100%)       2048M (100%)   
[57.719s][info][gc,heap     ] GC(146)      Free:      920M (45%)         832M (41%)        1690M (83%)        1714M (84%)        1714M (84%)         832M (41%)    
[57.720s][info][gc,heap     ] GC(146)      Used:     1128M (55%)        1216M (59%)         358M (17%)         334M (16%)        1216M (59%)         334M (16%)    
[57.720s][info][gc,heap     ] GC(146)      Live:         -               206M (10%)         206M (10%)         206M (10%)            -                  -          
[57.720s][info][gc,heap     ] GC(146) Allocated:         -                88M (4%)           88M (4%)           88M (4%)             -                  -          
[57.720s][info][gc,heap     ] GC(146)   Garbage:         -               921M (45%)          63M (3%)           39M (2%)             -                  -          
[57.720s][info][gc,heap     ] GC(146) Reclaimed:         -                  -               858M (42%)         882M (43%)            -                  -          
[57.720s][info][gc          ] GC(146) Garbage Collection (Allocation Rate) 1128M(55%)->334M(16%)
[57.720s][info][gc,start    ] GC(147) Garbage Collection (System.gc())
[57.720s][info][gc,task     ] GC(147) Using 12 workers
[57.720s][info][gc,phases   ] GC(147) Pause Mark Start 0.006ms
[57.780s][info][gc,phases   ] GC(147) Concurrent Mark 59.799ms
[57.780s][info][gc,phases   ] GC(147) Pause Mark End 0.040ms
[57.780s][info][gc,phases   ] GC(147) Concurrent Mark Free 0.001ms
[57.782s][info][gc,phases   ] GC(147) Concurrent Process Non-Strong References 2.192ms
[57.782s][info][gc,phases   ] GC(147) Concurrent Reset Relocation Set 0.002ms
[57.786s][info][gc,phases   ] GC(147) Concurrent Select Relocation Set 3.633ms
[57.786s][info][gc,phases   ] GC(147) Pause Relocate Start 0.009ms
[57.789s][info][gc,phases   ] GC(147) Concurrent Relocate 3.037ms
[57.789s][info][gc,load     ] GC(147) Load: 0.00/0.00/0.00
[57.789s][info][gc,mmu      ] GC(147) MMU: 2ms/96.5%, 5ms/98.6%, 10ms/99.3%, 20ms/99.6%, 50ms/99.8%, 100ms/99.9%
[57.789s][info][gc,marking  ] GC(147) Mark: 8 stripe(s), 1 proactive flush(es), 1 terminate flush(es), 0 completion(s), 0 continuation(s) 
[57.789s][info][gc,marking  ] GC(147) Mark Stack Usage: 32M
[57.789s][info][gc,nmethod  ] GC(147) NMethods: 6353 registered, 2945 unregistered
[57.789s][info][gc,metaspace] GC(147) Metaspace: 59M used, 60M committed, 1088M reserved
[57.789s][info][gc,ref      ] GC(147) Soft: 4711 encountered, 0 discovered, 0 enqueued
[57.789s][info][gc,ref      ] GC(147) Weak: 6115 encountered, 1788 discovered, 121 enqueued
[57.789s][info][gc,ref      ] GC(147) Final: 82 encountered, 3 discovered, 0 enqueued
[57.790s][info][gc,ref      ] GC(147) Phantom: 608 encountered, 428 discovered, 0 enqueued
[57.790s][info][gc,reloc    ] GC(147) Small Pages: 142 / 284M, Empty: 74M, Relocated: 1M, In-Place: 0
[57.790s][info][gc,reloc    ] GC(147) Medium Pages: 1 / 32M, Empty: 0M, Relocated: 0M, In-Place: 0
[57.790s][info][gc,reloc    ] GC(147) Large Pages: 3 / 18M, Empty: 6M, Relocated: 0M, In-Place: 0
[57.790s][info][gc,reloc    ] GC(147) Forwarding Usage: 0M
[57.790s][info][gc,heap     ] GC(147) Min Capacity: 8M(0%)
[57.790s][info][gc,heap     ] GC(147) Max Capacity: 2048M(100%)
[57.790s][info][gc,heap     ] GC(147) Soft Max Capacity: 2048M(100%)
[57.790s][info][gc,heap     ] GC(147)                Mark Start          Mark End        Relocate Start      Relocate End           High               Low         
[57.790s][info][gc,heap     ] GC(147)  Capacity:     2048M (100%)       2048M (100%)       2048M (100%)       2048M (100%)       2048M (100%)       2048M (100%)   
[57.790s][info][gc,heap     ] GC(147)      Free:     1714M (84%)        1714M (84%)        1788M (87%)        1788M (87%)        1788M (87%)        1708M (83%)    
[57.790s][info][gc,heap     ] GC(147)      Used:      334M (16%)         334M (16%)         260M (13%)         260M (13%)         340M (17%)         260M (13%)    
[57.790s][info][gc,heap     ] GC(147)      Live:         -               206M (10%)         206M (10%)         206M (10%)            -                  -          
[57.790s][info][gc,heap     ] GC(147) Allocated:         -                 0M (0%)            6M (0%)            6M (0%)             -                  -          
[57.790s][info][gc,heap     ] GC(147)   Garbage:         -               127M (6%)           47M (2%)           47M (2%)             -                  -          
[57.790s][info][gc,heap     ] GC(147) Reclaimed:         -                  -                80M (4%)           80M (4%)             -                  -          
[57.790s][info][gc          ] GC(147) Garbage Collection (System.gc()) 334M(16%)->260M(13%)
[58.061s][info][gc,start    ] GC(148) Garbage Collection (Allocation Rate)
[58.061s][info][gc,task     ] GC(148) Using 5 workers
[58.061s][info][gc,phases   ] GC(148) Pause Mark Start 0.015ms
[58.139s][info][gc,phases   ] GC(148) Concurrent Mark 77.677ms
[58.139s][info][gc,phases   ] GC(148) Pause Mark End 0.031ms
[58.139s][info][gc,phases   ] GC(148) Concurrent Mark Free 0.001ms
[58.143s][info][gc,phases   ] GC(148) Concurrent Process Non-Strong References 3.696ms
[58.143s][info][gc,phases   ] GC(148) Concurrent Reset Relocation Set 0.002ms
[58.147s][info][gc,phases   ] GC(148) Concurrent Select Relocation Set 3.743ms
[58.147s][info][gc,phases   ] GC(148) Pause Relocate Start 0.009ms
[58.150s][info][gc,phases   ] GC(148) Concurrent Relocate 3.268ms
[58.150s][info][gc,load     ] GC(148) Load: 0.00/0.00/0.00
[58.150s][info][gc,mmu      ] GC(148) MMU: 2ms/96.5%, 5ms/98.6%, 10ms/99.3%, 20ms/99.6%, 50ms/99.8%, 100ms/99.9%
[58.150s][info][gc,marking  ] GC(148) Mark: 4 stripe(s), 2 proactive flush(es), 1 terminate flush(es), 0 completion(s), 0 continuation(s) 
[58.150s][info][gc,marking  ] GC(148) Mark Stack Usage: 32M
[58.150s][info][gc,nmethod  ] GC(148) NMethods: 6378 registered, 2947 unregistered
[58.150s][info][gc,metaspace] GC(148) Metaspace: 59M used, 60M committed, 1088M reserved
[58.151s][info][gc,ref      ] GC(148) Soft: 4713 encountered, 0 discovered, 0 enqueued
[58.151s][info][gc,ref      ] GC(148) Weak: 6129 encountered, 1943 discovered, 74 enqueued
[58.151s][info][gc,ref      ] GC(148) Final: 82 encountered, 3 discovered, 0 enqueued
[58.151s][info][gc,ref      ] GC(148) Phantom: 608 encountered, 536 discovered, 0 enqueued
[58.151s][info][gc,reloc    ] GC(148) Small Pages: 441 / 882M, Empty: 640M, Relocated: 1M, In-Place: 0
[58.151s][info][gc,reloc    ] GC(148) Medium Pages: 2 / 64M, Empty: 32M, Relocated: 0M, In-Place: 0
[58.151s][info][gc,reloc    ] GC(148) Large Pages: 4 / 24M, Empty: 12M, Relocated: 0M, In-Place: 0
[58.151s][info][gc,reloc    ] GC(148) Forwarding Usage: 0M
[58.151s][info][gc,heap     ] GC(148) Min Capacity: 8M(0%)
[58.151s][info][gc,heap     ] GC(148) Max Capacity: 2048M(100%)
[58.151s][info][gc,heap     ] GC(148) Soft Max Capacity: 2048M(100%)
[58.151s][info][gc,heap     ] GC(148)                Mark Start          Mark End        Relocate Start      Relocate End           High               Low         
[58.151s][info][gc,heap     ] GC(148)  Capacity:     2048M (100%)       2048M (100%)       2048M (100%)       2048M (100%)       2048M (100%)       2048M (100%)   
[58.151s][info][gc,heap     ] GC(148)      Free:     1078M (53%)         842M (41%)        1496M (73%)        1526M (75%)        1530M (75%)         828M (40%)    
[58.151s][info][gc,heap     ] GC(148)      Used:      970M (47%)        1206M (59%)         552M (27%)         522M (25%)        1220M (60%)         518M (25%)    
[58.151s][info][gc,heap     ] GC(148)      Live:         -               206M (10%)         206M (10%)         206M (10%)            -                  -          
[58.151s][info][gc,heap     ] GC(148) Allocated:         -               236M (12%)         266M (13%)         271M (13%)            -                  -          
[58.151s][info][gc,heap     ] GC(148)   Garbage:         -               763M (37%)          79M (4%)           43M (2%)             -                  -          
[58.151s][info][gc,heap     ] GC(148) Reclaimed:         -                  -               684M (33%)         719M (35%)            -                  -          
[58.151s][info][gc          ] GC(148) Garbage Collection (Allocation Rate) 970M(47%)->522M(25%)
[58.365s][info][gc,start    ] GC(149) Garbage Collection (Allocation Rate)
[58.365s][info][gc,task     ] GC(149) Using 4 workers
[58.365s][info][gc,phases   ] GC(149) Pause Mark Start 0.014ms
[58.474s][info][gc,phases   ] GC(149) Concurrent Mark 108.971ms
[58.474s][info][gc,phases   ] GC(149) Pause Mark End 0.028ms
[58.474s][info][gc,phases   ] GC(149) Concurrent Mark Free 0.001ms
[58.479s][info][gc,phases   ] GC(149) Concurrent Process Non-Strong References 5.178ms
[58.479s][info][gc,phases   ] GC(149) Concurrent Reset Relocation Set 0.003ms
[58.483s][info][gc,phases   ] GC(149) Concurrent Select Relocation Set 3.669ms
[58.483s][info][gc,phases   ] GC(149) Pause Relocate Start 0.007ms
[58.487s][info][gc,phases   ] GC(149) Concurrent Relocate 3.319ms
[58.487s][info][gc,load     ] GC(149) Load: 0.00/0.00/0.00
[58.487s][info][gc,mmu      ] GC(149) MMU: 2ms/96.5%, 5ms/98.6%, 10ms/99.3%, 20ms/99.6%, 50ms/99.8%, 100ms/99.9%
[58.487s][info][gc,marking  ] GC(149) Mark: 4 stripe(s), 2 proactive flush(es), 1 terminate flush(es), 0 completion(s), 0 continuation(s) 
[58.487s][info][gc,marking  ] GC(149) Mark Stack Usage: 32M
[58.487s][info][gc,nmethod  ] GC(149) NMethods: 6377 registered, 2948 unregistered
[58.487s][info][gc,metaspace] GC(149) Metaspace: 59M used, 60M committed, 1088M reserved
[58.487s][info][gc,ref      ] GC(149) Soft: 4713 encountered, 0 discovered, 0 enqueued
[58.487s][info][gc,ref      ] GC(149) Weak: 6055 encountered, 2421 discovered, 14 enqueued
[58.487s][info][gc,ref      ] GC(149) Final: 82 encountered, 3 discovered, 0 enqueued
[58.487s][info][gc,ref      ] GC(149) Phantom: 608 encountered, 441 discovered, 0 enqueued
[58.487s][info][gc,reloc    ] GC(149) Small Pages: 461 / 922M, Empty: 694M, Relocated: 1M, In-Place: 0
[58.487s][info][gc,reloc    ] GC(149) Medium Pages: 1 / 32M, Empty: 0M, Relocated: 0M, In-Place: 0
[58.487s][info][gc,reloc    ] GC(149) Large Pages: 2 / 12M, Empty: 0M, Relocated: 0M, In-Place: 0
[58.487s][info][gc,reloc    ] GC(149) Forwarding Usage: 0M
[58.487s][info][gc,heap     ] GC(149) Min Capacity: 8M(0%)
[58.487s][info][gc,heap     ] GC(149) Max Capacity: 2048M(100%)
[58.487s][info][gc,heap     ] GC(149) Soft Max Capacity: 2048M(100%)
[58.487s][info][gc,heap     ] GC(149)                Mark Start          Mark End        Relocate Start      Relocate End           High               Low         
[58.487s][info][gc,heap     ] GC(149)  Capacity:     2048M (100%)       2048M (100%)       2048M (100%)       2048M (100%)       2048M (100%)       2048M (100%)   
[58.487s][info][gc,heap     ] GC(149)      Free:     1082M (53%)         856M (42%)        1530M (75%)        1548M (76%)        1552M (76%)         844M (41%)    
[58.487s][info][gc,heap     ] GC(149)      Used:      966M (47%)        1192M (58%)         518M (25%)         500M (24%)        1204M (59%)         496M (24%)    
[58.487s][info][gc,heap     ] GC(149)      Live:         -               206M (10%)         206M (10%)         206M (10%)            -                  -          
[58.487s][info][gc,heap     ] GC(149) Allocated:         -               226M (11%)         246M (12%)         251M (12%)            -                  -          
[58.487s][info][gc,heap     ] GC(149)   Garbage:         -               759M (37%)          65M (3%)           41M (2%)             -                  -          
[58.487s][info][gc,heap     ] GC(149) Reclaimed:         -                  -               694M (34%)         717M (35%)            -                  -          
[58.488s][info][gc          ] GC(149) Garbage Collection (Allocation Rate) 966M(47%)->500M(24%)
[58.766s][info][gc,start    ] GC(150) Garbage Collection (Allocation Rate)
[58.766s][info][gc,task     ] GC(150) Using 3 workers
[58.766s][info][gc,phases   ] GC(150) Pause Mark Start 0.015ms
[58.900s][info][gc,phases   ] GC(150) Concurrent Mark 133.450ms
[58.900s][info][gc,phases   ] GC(150) Pause Mark End 0.030ms
[58.900s][info][gc,phases   ] GC(150) Concurrent Mark Free 0.001ms
[58.908s][info][gc,phases   ] GC(150) Concurrent Process Non-Strong References 8.026ms
[58.908s][info][gc,phases   ] GC(150) Concurrent Reset Relocation Set 0.002ms
[58.912s][info][gc,phases   ] GC(150) Concurrent Select Relocation Set 3.625ms
[58.912s][info][gc,phases   ] GC(150) Pause Relocate Start 0.009ms
[58.914s][info][gc,phases   ] GC(150) Concurrent Relocate 1.963ms
[58.914s][info][gc,load     ] GC(150) Load: 0.00/0.00/0.00
[58.914s][info][gc,mmu      ] GC(150) MMU: 2ms/96.5%, 5ms/98.6%, 10ms/99.3%, 20ms/99.6%, 50ms/99.8%, 100ms/99.9%
[58.914s][info][gc,marking  ] GC(150) Mark: 2 stripe(s), 2 proactive flush(es), 1 terminate flush(es), 0 completion(s), 0 continuation(s) 
[58.914s][info][gc,marking  ] GC(150) Mark Stack Usage: 32M
[58.914s][info][gc,nmethod  ] GC(150) NMethods: 6404 registered, 2949 unregistered
[58.914s][info][gc,metaspace] GC(150) Metaspace: 59M used, 60M committed, 1088M reserved
[58.914s][info][gc,ref      ] GC(150) Soft: 4712 encountered, 0 discovered, 0 enqueued
[58.914s][info][gc,ref      ] GC(150) Weak: 6043 encountered, 2562 discovered, 0 enqueued
[58.914s][info][gc,ref      ] GC(150) Final: 82 encountered, 43 discovered, 0 enqueued
[58.914s][info][gc,ref      ] GC(150) Phantom: 608 encountered, 365 discovered, 0 enqueued
[58.914s][info][gc,reloc    ] GC(150) Small Pages: 488 / 976M, Empty: 756M, Relocated: 1M, In-Place: 0
[58.914s][info][gc,reloc    ] GC(150) Medium Pages: 1 / 32M, Empty: 0M, Relocated: 0M, In-Place: 0
[58.914s][info][gc,reloc    ] GC(150) Large Pages: 2 / 12M, Empty: 0M, Relocated: 0M, In-Place: 0
[58.914s][info][gc,reloc    ] GC(150) Forwarding Usage: 0M
[58.915s][info][gc,heap     ] GC(150) Min Capacity: 8M(0%)
[58.915s][info][gc,heap     ] GC(150) Max Capacity: 2048M(100%)
[58.915s][info][gc,heap     ] GC(150) Soft Max Capacity: 2048M(100%)
[58.915s][info][gc,heap     ] GC(150)                Mark Start          Mark End        Relocate Start      Relocate End           High               Low         
[58.915s][info][gc,heap     ] GC(150)  Capacity:     2048M (100%)       2048M (100%)       2048M (100%)       2048M (100%)       2048M (100%)       2048M (100%)   
[58.915s][info][gc,heap     ] GC(150)      Free:     1028M (50%)         962M (47%)        1718M (84%)        1736M (85%)        1736M (85%)         962M (47%)    
[58.915s][info][gc,heap     ] GC(150)      Used:     1020M (50%)        1086M (53%)         330M (16%)         312M (15%)        1086M (53%)         312M (15%)    
[58.915s][info][gc,heap     ] GC(150)      Live:         -               206M (10%)         206M (10%)         206M (10%)            -                  -          
[58.915s][info][gc,heap     ] GC(150) Allocated:         -                66M (3%)           66M (3%)           66M (3%)             -                  -          
[58.915s][info][gc,heap     ] GC(150)   Garbage:         -               813M (40%)          57M (3%)           39M (2%)             -                  -          
[58.915s][info][gc,heap     ] GC(150) Reclaimed:         -                  -               756M (37%)         774M (38%)            -                  -          
[58.915s][info][gc          ] GC(150) Garbage Collection (Allocation Rate) 1020M(50%)->312M(15%)
[58.915s][info][gc,start    ] GC(151) Garbage Collection (System.gc())
[58.915s][info][gc,task     ] GC(151) Using 12 workers
[58.915s][info][gc,phases   ] GC(151) Pause Mark Start 0.009ms
[58.965s][info][gc,phases   ] GC(151) Concurrent Mark 49.678ms
[58.965s][info][gc,phases   ] GC(151) Pause Mark End 0.019ms
[58.965s][info][gc,phases   ] GC(151) Concurrent Mark Free 0.001ms
[58.967s][info][gc,phases   ] GC(151) Concurrent Process Non-Strong References 1.587ms
[58.967s][info][gc,phases   ] GC(151) Concurrent Reset Relocation Set 0.002ms
[58.970s][info][gc,phases   ] GC(151) Concurrent Select Relocation Set 3.595ms
[58.970s][info][gc,phases   ] GC(151) Pause Relocate Start 0.006ms
[58.972s][info][gc,phases   ] GC(151) Concurrent Relocate 1.889ms
[58.972s][info][gc,load     ] GC(151) Load: 0.00/0.00/0.00
[58.973s][info][gc,mmu      ] GC(151) MMU: 2ms/96.5%, 5ms/98.6%, 10ms/99.3%, 20ms/99.6%, 50ms/99.8%, 100ms/99.9%
[58.973s][info][gc,marking  ] GC(151) Mark: 8 stripe(s), 1 proactive flush(es), 1 terminate flush(es), 0 completion(s), 0 continuation(s) 
[58.973s][info][gc,marking  ] GC(151) Mark Stack Usage: 32M
[58.973s][info][gc,nmethod  ] GC(151) NMethods: 6405 registered, 2950 unregistered
[58.973s][info][gc,metaspace] GC(151) Metaspace: 59M used, 60M committed, 1088M reserved
[58.973s][info][gc,ref      ] GC(151) Soft: 4711 encountered, 0 discovered, 0 enqueued
[58.973s][info][gc,ref      ] GC(151) Weak: 6101 encountered, 1420 discovered, 121 enqueued
[58.973s][info][gc,ref      ] GC(151) Final: 82 encountered, 3 discovered, 0 enqueued
[58.973s][info][gc,ref      ] GC(151) Phantom: 608 encountered, 435 discovered, 0 enqueued
[58.973s][info][gc,reloc    ] GC(151) Small Pages: 131 / 262M, Empty: 46M, Relocated: 1M, In-Place: 0
[58.973s][info][gc,reloc    ] GC(151) Medium Pages: 1 / 32M, Empty: 0M, Relocated: 0M, In-Place: 0
[58.973s][info][gc,reloc    ] GC(151) Large Pages: 3 / 18M, Empty: 6M, Relocated: 0M, In-Place: 0
[58.973s][info][gc,reloc    ] GC(151) Forwarding Usage: 0M
[58.973s][info][gc,heap     ] GC(151) Min Capacity: 8M(0%)
[58.973s][info][gc,heap     ] GC(151) Max Capacity: 2048M(100%)
[58.973s][info][gc,heap     ] GC(151) Soft Max Capacity: 2048M(100%)
[58.973s][info][gc,heap     ] GC(151)                Mark Start          Mark End        Relocate Start      Relocate End           High               Low         
[58.973s][info][gc,heap     ] GC(151)  Capacity:     2048M (100%)       2048M (100%)       2048M (100%)       2048M (100%)       2048M (100%)       2048M (100%)   
[58.973s][info][gc,heap     ] GC(151)      Free:     1736M (85%)        1736M (85%)        1782M (87%)        1782M (87%)        1782M (87%)        1730M (84%)    
[58.973s][info][gc,heap     ] GC(151)      Used:      312M (15%)         312M (15%)         266M (13%)         266M (13%)         318M (16%)         266M (13%)    
[58.973s][info][gc,heap     ] GC(151)      Live:         -               206M (10%)         206M (10%)         206M (10%)            -                  -          
[58.973s][info][gc,heap     ] GC(151) Allocated:         -                 0M (0%)            6M (0%)            6M (0%)             -                  -          
[58.973s][info][gc,heap     ] GC(151)   Garbage:         -               105M (5%)           53M (3%)           53M (3%)             -                  -          
[58.973s][info][gc,heap     ] GC(151) Reclaimed:         -                  -                52M (3%)           52M (3%)             -                  -          
[58.973s][info][gc          ] GC(151) Garbage Collection (System.gc()) 312M(15%)->266M(13%)
[59.262s][info][gc,start    ] GC(152) Garbage Collection (Allocation Rate)
[59.262s][info][gc,task     ] GC(152) Using 4 workers
[59.262s][info][gc,phases   ] GC(152) Pause Mark Start 0.016ms
[59.371s][info][gc,phases   ] GC(152) Concurrent Mark 108.936ms
[59.371s][info][gc,phases   ] GC(152) Pause Mark End 0.030ms
[59.371s][info][gc,phases   ] GC(152) Concurrent Mark Free 0.002ms
[59.376s][info][gc,phases   ] GC(152) Concurrent Process Non-Strong References 4.635ms
[59.376s][info][gc,phases   ] GC(152) Concurrent Reset Relocation Set 0.001ms
[59.380s][info][gc,phases   ] GC(152) Concurrent Select Relocation Set 3.812ms
[59.380s][info][gc,phases   ] GC(152) Pause Relocate Start 0.009ms
[59.383s][info][gc,phases   ] GC(152) Concurrent Relocate 2.480ms
[59.383s][info][gc,load     ] GC(152) Load: 0.00/0.00/0.00
[59.383s][info][gc,mmu      ] GC(152) MMU: 2ms/96.5%, 5ms/98.6%, 10ms/99.3%, 20ms/99.6%, 50ms/99.8%, 100ms/99.9%
[59.383s][info][gc,marking  ] GC(152) Mark: 4 stripe(s), 2 proactive flush(es), 1 terminate flush(es), 0 completion(s), 0 continuation(s) 
[59.383s][info][gc,marking  ] GC(152) Mark Stack Usage: 32M
[59.383s][info][gc,nmethod  ] GC(152) NMethods: 6519 registered, 2955 unregistered
[59.383s][info][gc,metaspace] GC(152) Metaspace: 59M used, 60M committed, 1088M reserved
[59.383s][info][gc,ref      ] GC(152) Soft: 4713 encountered, 0 discovered, 0 enqueued
[59.383s][info][gc,ref      ] GC(152) Weak: 6144 encountered, 3444 discovered, 75 enqueued
[59.383s][info][gc,ref      ] GC(152) Final: 82 encountered, 2 discovered, 0 enqueued
[59.383s][info][gc,ref      ] GC(152) Phantom: 608 encountered, 429 discovered, 0 enqueued
[59.383s][info][gc,reloc    ] GC(152) Small Pages: 491 / 982M, Empty: 736M, Relocated: 1M, In-Place: 0
[59.383s][info][gc,reloc    ] GC(152) Medium Pages: 2 / 64M, Empty: 32M, Relocated: 0M, In-Place: 0
[59.383s][info][gc,reloc    ] GC(152) Large Pages: 4 / 24M, Empty: 12M, Relocated: 0M, In-Place: 0
[59.383s][info][gc,reloc    ] GC(152) Forwarding Usage: 0M
[59.383s][info][gc,heap     ] GC(152) Min Capacity: 8M(0%)
[59.383s][info][gc,heap     ] GC(152) Max Capacity: 2048M(100%)
[59.383s][info][gc,heap     ] GC(152) Soft Max Capacity: 2048M(100%)
[59.383s][info][gc,heap     ] GC(152)                Mark Start          Mark End        Relocate Start      Relocate End           High               Low         
[59.383s][info][gc,heap     ] GC(152)  Capacity:     2048M (100%)       2048M (100%)       2048M (100%)       2048M (100%)       2048M (100%)       2048M (100%)   
[59.383s][info][gc,heap     ] GC(152)      Free:      978M (48%)         616M (30%)        1364M (67%)        1400M (68%)        1402M (68%)         598M (29%)    
[59.383s][info][gc,heap     ] GC(152)      Used:     1070M (52%)        1432M (70%)         684M (33%)         648M (32%)        1450M (71%)         646M (32%)    
[59.383s][info][gc,heap     ] GC(152)      Live:         -               206M (10%)         206M (10%)         206M (10%)            -                  -          
[59.383s][info][gc,heap     ] GC(152) Allocated:         -               362M (18%)         394M (19%)         399M (20%)            -                  -          
[59.383s][info][gc,heap     ] GC(152)   Garbage:         -               863M (42%)          83M (4%)           41M (2%)             -                  -          
[59.383s][info][gc,heap     ] GC(152) Reclaimed:         -                  -               780M (38%)         821M (40%)            -                  -          
[59.383s][info][gc          ] GC(152) Garbage Collection (Allocation Rate) 1070M(52%)->648M(32%)
[59.574s][info][gc,start    ] GC(153) Garbage Collection (Allocation Rate)
[59.574s][info][gc,task     ] GC(153) Using 3 workers
[59.574s][info][gc,phases   ] GC(153) Pause Mark Start 0.013ms
[59.699s][info][gc,phases   ] GC(153) Concurrent Mark 124.598ms
[59.699s][info][gc,phases   ] GC(153) Pause Mark End 0.026ms
[59.699s][info][gc,phases   ] GC(153) Concurrent Mark Free 0.001ms
[59.706s][info][gc,phases   ] GC(153) Concurrent Process Non-Strong References 7.162ms
[59.707s][info][gc,phases   ] GC(153) Concurrent Reset Relocation Set 0.003ms
[59.710s][info][gc,phases   ] GC(153) Concurrent Select Relocation Set 3.675ms
[59.710s][info][gc,phases   ] GC(153) Pause Relocate Start 0.006ms
[59.714s][info][gc,phases   ] GC(153) Concurrent Relocate 3.449ms
[59.714s][info][gc,load     ] GC(153) Load: 0.00/0.00/0.00
[59.714s][info][gc,mmu      ] GC(153) MMU: 2ms/96.5%, 5ms/98.6%, 10ms/99.3%, 20ms/99.6%, 50ms/99.8%, 100ms/99.9%
[59.714s][info][gc,marking  ] GC(153) Mark: 2 stripe(s), 2 proactive flush(es), 1 terminate flush(es), 0 completion(s), 0 continuation(s) 
[59.714s][info][gc,marking  ] GC(153) Mark Stack Usage: 32M
[59.714s][info][gc,nmethod  ] GC(153) NMethods: 6519 registered, 2955 unregistered
[59.714s][info][gc,metaspace] GC(153) Metaspace: 59M used, 60M committed, 1088M reserved
[59.714s][info][gc,ref      ] GC(153) Soft: 4713 encountered, 0 discovered, 0 enqueued
[59.714s][info][gc,ref      ] GC(153) Weak: 6068 encountered, 2600 discovered, 19 enqueued
[59.714s][info][gc,ref      ] GC(153) Final: 82 encountered, 0 discovered, 0 enqueued
[59.714s][info][gc,ref      ] GC(153) Phantom: 608 encountered, 312 discovered, 0 enqueued
[59.714s][info][gc,reloc    ] GC(153) Small Pages: 548 / 1096M, Empty: 868M, Relocated: 1M, In-Place: 0
[59.714s][info][gc,reloc    ] GC(153) Medium Pages: 1 / 32M, Empty: 0M, Relocated: 0M, In-Place: 0
[59.714s][info][gc,reloc    ] GC(153) Large Pages: 2 / 12M, Empty: 0M, Relocated: 0M, In-Place: 0
[59.714s][info][gc,reloc    ] GC(153) Forwarding Usage: 0M
[59.714s][info][gc,heap     ] GC(153) Min Capacity: 8M(0%)
[59.714s][info][gc,heap     ] GC(153) Max Capacity: 2048M(100%)
[59.714s][info][gc,heap     ] GC(153) Soft Max Capacity: 2048M(100%)
[59.714s][info][gc,heap     ] GC(153)                Mark Start          Mark End        Relocate Start      Relocate End           High               Low         
[59.714s][info][gc,heap     ] GC(153)  Capacity:     2048M (100%)       2048M (100%)       2048M (100%)       2048M (100%)       2048M (100%)       2048M (100%)   
[59.714s][info][gc,heap     ] GC(153)      Free:      908M (44%)         588M (29%)        1428M (70%)        1448M (71%)        1452M (71%)         568M (28%)    
[59.715s][info][gc,heap     ] GC(153)      Used:     1140M (56%)        1460M (71%)         620M (30%)         600M (29%)        1480M (72%)         596M (29%)    
[59.715s][info][gc,heap     ] GC(153)      Live:         -               206M (10%)         206M (10%)         206M (10%)            -                  -          
[59.715s][info][gc,heap     ] GC(153) Allocated:         -               320M (16%)         348M (17%)         353M (17%)            -                  -          
[59.715s][info][gc,heap     ] GC(153)   Garbage:         -               933M (46%)          65M (3%)           39M (2%)             -                  -          
[59.715s][info][gc,heap     ] GC(153) Reclaimed:         -                  -               868M (42%)         893M (44%)            -                  -          
[59.715s][info][gc          ] GC(153) Garbage Collection (Allocation Rate) 1140M(56%)->600M(29%)
[59.867s][info][gc,start    ] GC(154) Garbage Collection (System.gc())
[59.867s][info][gc,task     ] GC(154) Using 12 workers
[59.867s][info][gc,phases   ] GC(154) Pause Mark Start 0.015ms
[59.918s][info][gc,phases   ] GC(154) Concurrent Mark 50.317ms
[59.918s][info][gc,phases   ] GC(154) Pause Mark End 0.027ms
[59.918s][info][gc,phases   ] GC(154) Concurrent Mark Free 0.001ms
[59.920s][info][gc,phases   ] GC(154) Concurrent Process Non-Strong References 1.595ms
[59.920s][info][gc,phases   ] GC(154) Concurrent Reset Relocation Set 0.001ms
[59.922s][info][gc,phases   ] GC(154) Concurrent Select Relocation Set 2.388ms
[59.922s][info][gc,phases   ] GC(154) Pause Relocate Start 0.006ms
[59.924s][info][gc,phases   ] GC(154) Concurrent Relocate 2.018ms
[59.924s][info][gc,load     ] GC(154) Load: 0.00/0.00/0.00
[59.924s][info][gc,mmu      ] GC(154) MMU: 2ms/96.5%, 5ms/98.6%, 10ms/99.3%, 20ms/99.6%, 50ms/99.8%, 100ms/99.9%
[59.924s][info][gc,marking  ] GC(154) Mark: 8 stripe(s), 2 proactive flush(es), 1 terminate flush(es), 0 completion(s), 0 continuation(s) 
[59.924s][info][gc,marking  ] GC(154) Mark Stack Usage: 32M
[59.924s][info][gc,nmethod  ] GC(154) NMethods: 6583 registered, 2960 unregistered
[59.924s][info][gc,metaspace] GC(154) Metaspace: 59M used, 60M committed, 1088M reserved
[59.924s][info][gc,ref      ] GC(154) Soft: 4711 encountered, 0 discovered, 0 enqueued
[59.924s][info][gc,ref      ] GC(154) Weak: 6117 encountered, 1559 discovered, 121 enqueued
[59.924s][info][gc,ref      ] GC(154) Final: 82 encountered, 18 discovered, 0 enqueued
[59.924s][info][gc,ref      ] GC(154) Phantom: 608 encountered, 372 discovered, 0 enqueued
[59.924s][info][gc,reloc    ] GC(154) Small Pages: 381 / 762M, Empty: 544M, Relocated: 1M, In-Place: 0
[59.924s][info][gc,reloc    ] GC(154) Medium Pages: 1 / 32M, Empty: 0M, Relocated: 0M, In-Place: 0
[59.924s][info][gc,reloc    ] GC(154) Large Pages: 3 / 18M, Empty: 6M, Relocated: 0M, In-Place: 0
[59.924s][info][gc,reloc    ] GC(154) Forwarding Usage: 0M
[59.924s][info][gc,heap     ] GC(154) Min Capacity: 8M(0%)
[59.924s][info][gc,heap     ] GC(154) Max Capacity: 2048M(100%)
[59.924s][info][gc,heap     ] GC(154) Soft Max Capacity: 2048M(100%)
[59.924s][info][gc,heap     ] GC(154)                Mark Start          Mark End        Relocate Start      Relocate End           High               Low         
[59.924s][info][gc,heap     ] GC(154)  Capacity:     2048M (100%)       2048M (100%)       2048M (100%)       2048M (100%)       2048M (100%)       2048M (100%)   
[59.924s][info][gc,heap     ] GC(154)      Free:     1236M (60%)        1234M (60%)        1780M (87%)        1780M (87%)        1780M (87%)        1234M (60%)    
[59.924s][info][gc,heap     ] GC(154)      Used:      812M (40%)         814M (40%)         268M (13%)         268M (13%)         814M (40%)         268M (13%)    
[59.924s][info][gc,heap     ] GC(154)      Live:         -               206M (10%)         206M (10%)         206M (10%)            -                  -          
[59.924s][info][gc,heap     ] GC(154) Allocated:         -                 2M (0%)            6M (0%)            5M (0%)             -                  -          
[59.924s][info][gc,heap     ] GC(154)   Garbage:         -               605M (30%)          55M (3%)           55M (3%)             -                  -          
[59.924s][info][gc,heap     ] GC(154) Reclaimed:         -                  -               550M (27%)         549M (27%)            -                  -          
[59.924s][info][gc          ] GC(154) Garbage Collection (System.gc()) 812M(40%)->268M(13%)
[60.175s][info][gc,start    ] GC(155) Garbage Collection (Allocation Rate)
[60.175s][info][gc,stats    ] === Garbage Collection Statistics =======================================================================================================================
[60.175s][info][gc,task     ] GC(155) Using 5 workers
[60.176s][info][gc,stats    ]                                                              Last 10s              Last 10m              Last 10h                Total
[60.176s][info][gc,stats    ]                                                              Avg / Max             Avg / Max             Avg / Max             Avg / Max
[60.176s][info][gc,stats    ]   Collector: Garbage Collection Cycle                    100.139 / 148.459     101.105 / 214.751     101.105 / 214.751     101.105 / 214.751     ms
[60.176s][info][gc,stats    ]  Contention: Mark Segment Reset Contention                    14 / 23                9 / 25                9 / 25                9 / 25          ops/s
[60.176s][info][gc,phases   ] GC(155) Pause Mark Start 0.015ms
[60.176s][info][gc,stats    ]  Contention: Mark SeqNum Reset Contention                      1 / 3                 0 / 4                 0 / 4                 0 / 4           ops/s
[60.176s][info][gc,stats    ]    Critical: Allocation Stall                                  0 / 0                 0 / 0                 0 / 0                 0 / 0           ops/s
[60.176s][info][gc,stats    ]    Critical: Allocation Stall                              0.000 / 0.000         0.000 / 0.000         0.000 / 0.000         0.000 / 0.000       ms
[60.176s][info][gc,stats    ]    Critical: GC Locker Stall                                   0 / 0                 0 / 0                 0 / 0                 0 / 0           ops/s
[60.176s][info][gc,stats    ]    Critical: GC Locker Stall                               0.000 / 0.000         0.000 / 0.000         0.000 / 0.000         0.000 / 0.000       ms
[60.176s][info][gc,stats    ]    Critical: Relocation Stall                                  0 / 0                 0 / 0                 0 / 0                 0 / 0           ops/s
[60.176s][info][gc,stats    ]    Critical: Relocation Stall                              0.000 / 0.000         0.000 / 0.000         0.000 / 0.000         0.000 / 0.000       ms
[60.176s][info][gc,stats    ]      Memory: Allocation Rate                                2429 / 2936           1837 / 3024           1837 / 3024           1837 / 3024        MB/s
[60.176s][info][gc,stats    ]      Memory: Defragment                                        0 / 0                 0 / 0                 0 / 0                 0 / 0           ops/s
[60.176s][info][gc,stats    ]      Memory: Out Of Memory                                     0 / 0                 0 / 0                 0 / 0                 0 / 0           ops/s
[60.176s][info][gc,stats    ]      Memory: Page Cache Flush                                  0 / 0                 0 / 0                 0 / 0                 0 / 0           MB/s
[60.176s][info][gc,stats    ]      Memory: Page Cache Hit L1                              1212 / 1471            907 / 1517            907 / 1517            907 / 1517        ops/s
[60.176s][info][gc,stats    ]      Memory: Page Cache Hit L2                                 0 / 0                 0 / 0                 0 / 0                 0 / 0           ops/s
[60.176s][info][gc,stats    ]      Memory: Page Cache Hit L3                                 1 / 6                12 / 193              12 / 193              12 / 193         ops/s
[60.176s][info][gc,stats    ]      Memory: Page Cache Miss                                   0 / 0                 0 / 1                 0 / 1                 0 / 1           ops/s
[60.176s][info][gc,stats    ]      Memory: Uncommit                                          0 / 0                 0 / 0                 0 / 0                 0 / 0           MB/s
[60.176s][info][gc,stats    ]      Memory: Undo Object Allocation Failed                     0 / 1                 0 / 4                 0 / 4                 0 / 4           ops/s
[60.176s][info][gc,stats    ]      Memory: Undo Object Allocation Succeeded                  1 / 4                 1 / 8                 1 / 8                 1 / 8           ops/s
[60.176s][info][gc,stats    ]      Memory: Undo Page Allocation                            107 / 193              67 / 193              67 / 193              67 / 193         ops/s
[60.176s][info][gc,stats    ]       Phase: Concurrent Mark                              89.103 / 133.450      87.484 / 147.359      87.484 / 147.359      87.484 / 147.359     ms
[60.176s][info][gc,stats    ]       Phase: Concurrent Mark Continue                      0.000 / 0.000         0.000 / 0.000         0.000 / 0.000         0.000 / 0.000       ms
[60.177s][info][gc,stats    ]       Phase: Concurrent Mark Free                          0.001 / 0.002         0.001 / 0.002         0.001 / 0.002         0.001 / 0.002       ms
[60.177s][info][gc,stats    ]       Phase: Concurrent Process Non-Strong References      4.091 / 8.308         3.935 / 14.091        3.935 / 14.091        3.935 / 14.091      ms
[60.177s][info][gc,stats    ]       Phase: Concurrent Relocate                           2.430 / 4.028         3.870 / 39.847        3.870 / 39.847        3.870 / 39.847      ms
[60.177s][info][gc,stats    ]       Phase: Concurrent Reset Relocation Set               0.002 / 0.004         0.005 / 0.087         0.005 / 0.087         0.005 / 0.087       ms
[60.177s][info][gc,stats    ]       Phase: Concurrent Select Relocation Set              3.545 / 4.577         4.841 / 32.864        4.841 / 32.864        4.841 / 32.864      ms
[60.177s][info][gc,stats    ]       Phase: Pause Mark End                                0.027 / 0.040         0.025 / 0.069         0.025 / 0.069         0.025 / 0.069       ms
[60.177s][info][gc,stats    ]       Phase: Pause Mark Start                              0.013 / 0.017         0.013 / 0.018         0.013 / 0.018         0.013 / 0.018       ms
[60.177s][info][gc,stats    ]       Phase: Pause Relocate Start                          0.007 / 0.011         0.007 / 0.012         0.007 / 0.012         0.007 / 0.012       ms
[60.177s][info][gc,stats    ]    Subphase: Concurrent Classes Purge                      0.041 / 0.120         0.130 / 9.702         0.130 / 9.702         0.130 / 9.702       ms
[60.177s][info][gc,stats    ]    Subphase: Concurrent Classes Unlink                     3.167 / 6.893         2.991 / 12.372        2.991 / 12.372        2.991 / 12.372      ms
[60.177s][info][gc,stats    ]    Subphase: Concurrent Mark                              65.776 / 122.183      65.641 / 144.281      65.641 / 144.281      65.641 / 144.281     ms
[60.177s][info][gc,stats    ]    Subphase: Concurrent Mark Try Flush                     0.163 / 0.311         0.149 / 0.409         0.149 / 0.409         0.149 / 0.409       ms
[60.177s][info][gc,stats    ]    Subphase: Concurrent Mark Try Terminate                 6.986 / 16.652        6.767 / 16.685        6.767 / 16.685        6.767 / 16.685      ms
[60.177s][info][gc,stats    ]    Subphase: Concurrent References Enqueue                 0.003 / 0.005         0.003 / 0.005         0.003 / 0.005         0.003 / 0.005       ms
[60.177s][info][gc,stats    ]    Subphase: Concurrent References Process                 0.148 / 0.299         0.139 / 0.393         0.139 / 0.393         0.139 / 0.393       ms
[60.177s][info][gc,stats    ]    Subphase: Concurrent Roots ClassLoaderDataGraph         0.132 / 0.656         0.124 / 0.903         0.124 / 0.903         0.124 / 0.903       ms
[60.177s][info][gc,stats    ]    Subphase: Concurrent Roots CodeCache                    0.000 / 0.000         0.000 / 0.000         0.000 / 0.000         0.000 / 0.000       ms
[60.177s][info][gc,stats    ]    Subphase: Concurrent Roots JavaThreads                  6.579 / 12.501        7.420 / 17.215        7.420 / 17.215        7.420 / 17.215      ms
[60.177s][info][gc,stats    ]    Subphase: Concurrent Roots OopStorageSet                0.038 / 0.084         0.037 / 0.244         0.037 / 0.244         0.037 / 0.244       ms
[60.177s][info][gc,stats    ]    Subphase: Concurrent Weak Roots OopStorageSet           0.338 / 1.141         0.324 / 1.144         0.324 / 1.144         0.324 / 1.144       ms
[60.177s][info][gc,stats    ]    Subphase: Pause Mark Try Complete                       0.000 / 0.000         0.002 / 0.005         0.002 / 0.005         0.002 / 0.005       ms
[60.177s][info][gc,stats    ]      System: Java Threads                                    265 / 268             229 / 269             229 / 269             229 / 269         threads
[60.177s][info][gc,stats    ] =========================================================================================================================================================
[60.269s][info][gc,phases   ] GC(155) Concurrent Mark 93.213ms
[60.269s][info][gc,phases   ] GC(155) Pause Mark End 0.026ms
[60.269s][info][gc,phases   ] GC(155) Concurrent Mark Free 0.001ms
[60.273s][info][gc,phases   ] GC(155) Concurrent Process Non-Strong References 3.976ms
[60.273s][info][gc,phases   ] GC(155) Concurrent Reset Relocation Set 0.002ms
[60.279s][info][gc,phases   ] GC(155) Concurrent Select Relocation Set 5.191ms
[60.279s][info][gc,phases   ] GC(155) Pause Relocate Start 0.007ms
[60.282s][info][gc,phases   ] GC(155) Concurrent Relocate 2.959ms
[60.282s][info][gc,load     ] GC(155) Load: 0.00/0.00/0.00
[60.282s][info][gc,mmu      ] GC(155) MMU: 2ms/96.5%, 5ms/98.6%, 10ms/99.3%, 20ms/99.6%, 50ms/99.8%, 100ms/99.9%
[60.282s][info][gc,marking  ] GC(155) Mark: 4 stripe(s), 2 proactive flush(es), 1 terminate flush(es), 0 completion(s), 0 continuation(s) 
[60.282s][info][gc,marking  ] GC(155) Mark Stack Usage: 32M
[60.282s][info][gc,nmethod  ] GC(155) NMethods: 6594 registered, 2962 unregistered
[60.282s][info][gc,metaspace] GC(155) Metaspace: 59M used, 60M committed, 1088M reserved
[60.282s][info][gc,ref      ] GC(155) Soft: 4713 encountered, 0 discovered, 0 enqueued
[60.282s][info][gc,ref      ] GC(155) Weak: 6132 encountered, 2480 discovered, 74 enqueued
[60.282s][info][gc,ref      ] GC(155) Final: 82 encountered, 6 discovered, 0 enqueued
[60.282s][info][gc,ref      ] GC(155) Phantom: 608 encountered, 499 discovered, 0 enqueued
[60.282s][info][gc,reloc    ] GC(155) Small Pages: 444 / 888M, Empty: 640M, Relocated: 3M, In-Place: 0
[60.282s][info][gc,reloc    ] GC(155) Medium Pages: 2 / 64M, Empty: 32M, Relocated: 0M, In-Place: 0
[60.282s][info][gc,reloc    ] GC(155) Large Pages: 4 / 24M, Empty: 12M, Relocated: 0M, In-Place: 0
[60.282s][info][gc,reloc    ] GC(155) Forwarding Usage: 1M
[60.282s][info][gc,heap     ] GC(155) Min Capacity: 8M(0%)
[60.282s][info][gc,heap     ] GC(155) Max Capacity: 2048M(100%)
[60.282s][info][gc,heap     ] GC(155) Soft Max Capacity: 2048M(100%)
[60.282s][info][gc,heap     ] GC(155)                Mark Start          Mark End        Relocate Start      Relocate End           High               Low         
[60.282s][info][gc,heap     ] GC(155)  Capacity:     2048M (100%)       2048M (100%)       2048M (100%)       2048M (100%)       2048M (100%)       2048M (100%)   
[60.282s][info][gc,heap     ] GC(155)      Free:     1072M (52%)         788M (38%)        1438M (70%)        1478M (72%)        1478M (72%)         774M (38%)    
[60.282s][info][gc,heap     ] GC(155)      Used:      976M (48%)        1260M (62%)         610M (30%)         570M (28%)        1274M (62%)         570M (28%)    
[60.282s][info][gc,heap     ] GC(155)      Live:         -               206M (10%)         206M (10%)         206M (10%)            -                  -          
[60.283s][info][gc,heap     ] GC(155) Allocated:         -               284M (14%)         318M (16%)         321M (16%)            -                  -          
[60.283s][info][gc,heap     ] GC(155)   Garbage:         -               769M (38%)          85M (4%)           41M (2%)             -                  -          
[60.283s][info][gc,heap     ] GC(155) Reclaimed:         -                  -               684M (33%)         727M (36%)            -                  -          
[60.283s][info][gc          ] GC(155) Garbage Collection (Allocation Rate) 976M(48%)->570M(28%)
[60.472s][info][gc,start    ] GC(156) Garbage Collection (Allocation Rate)
[60.472s][info][gc,task     ] GC(156) Using 3 workers
[60.472s][info][gc,phases   ] GC(156) Pause Mark Start 0.013ms
[60.597s][info][gc,phases   ] GC(156) Concurrent Mark 124.609ms
[60.597s][info][gc,phases   ] GC(156) Pause Mark End 0.029ms
[60.597s][info][gc,phases   ] GC(156) Concurrent Mark Free 0.001ms
[60.606s][info][gc,phases   ] GC(156) Concurrent Process Non-Strong References 8.442ms
[60.606s][info][gc,phases   ] GC(156) Concurrent Reset Relocation Set 0.003ms
[60.610s][info][gc,phases   ] GC(156) Concurrent Select Relocation Set 4.227ms
[60.610s][info][gc,phases   ] GC(156) Pause Relocate Start 0.009ms
[60.614s][info][gc,phases   ] GC(156) Concurrent Relocate 3.340ms
[60.614s][info][gc,load     ] GC(156) Load: 0.00/0.00/0.00
[60.614s][info][gc,mmu      ] GC(156) MMU: 2ms/96.5%, 5ms/98.6%, 10ms/99.3%, 20ms/99.6%, 50ms/99.8%, 100ms/99.9%
[60.614s][info][gc,marking  ] GC(156) Mark: 2 stripe(s), 2 proactive flush(es), 1 terminate flush(es), 0 completion(s), 0 continuation(s) 
[60.614s][info][gc,marking  ] GC(156) Mark Stack Usage: 32M
[60.614s][info][gc,nmethod  ] GC(156) NMethods: 6594 registered, 2962 unregistered
[60.614s][info][gc,metaspace] GC(156) Metaspace: 59M used, 60M committed, 1088M reserved
[60.614s][info][gc,ref      ] GC(156) Soft: 4713 encountered, 0 discovered, 0 enqueued
[60.614s][info][gc,ref      ] GC(156) Weak: 6057 encountered, 1673 discovered, 14 enqueued
[60.614s][info][gc,ref      ] GC(156) Final: 82 encountered, 1 discovered, 0 enqueued
[60.614s][info][gc,ref      ] GC(156) Phantom: 608 encountered, 401 discovered, 0 enqueued
[60.614s][info][gc,reloc    ] GC(156) Small Pages: 410 / 820M, Empty: 594M, Relocated: 1M, In-Place: 0
[60.614s][info][gc,reloc    ] GC(156) Medium Pages: 1 / 32M, Empty: 0M, Relocated: 0M, In-Place: 0
[60.614s][info][gc,reloc    ] GC(156) Large Pages: 2 / 12M, Empty: 0M, Relocated: 0M, In-Place: 0
[60.614s][info][gc,reloc    ] GC(156) Forwarding Usage: 0M
[60.614s][info][gc,heap     ] GC(156) Min Capacity: 8M(0%)
[60.614s][info][gc,heap     ] GC(156) Max Capacity: 2048M(100%)
[60.614s][info][gc,heap     ] GC(156) Soft Max Capacity: 2048M(100%)
[60.614s][info][gc,heap     ] GC(156)                Mark Start          Mark End        Relocate Start      Relocate End           High               Low         
[60.614s][info][gc,heap     ] GC(156)  Capacity:     2048M (100%)       2048M (100%)       2048M (100%)       2048M (100%)       2048M (100%)       2048M (100%)   
[60.614s][info][gc,heap     ] GC(156)      Free:     1184M (58%)        1000M (49%)        1580M (77%)        1600M (78%)        1602M (78%)         992M (48%)    
[60.614s][info][gc,heap     ] GC(156)      Used:      864M (42%)        1048M (51%)         468M (23%)         448M (22%)        1056M (52%)         446M (22%)    
[60.615s][info][gc,heap     ] GC(156)      Live:         -               206M (10%)         206M (10%)         206M (10%)            -                  -          
[60.615s][info][gc,heap     ] GC(156) Allocated:         -               184M (9%)          198M (10%)         201M (10%)            -                  -          
[60.615s][info][gc,heap     ] GC(156)   Garbage:         -               657M (32%)          63M (3%)           39M (2%)             -                  -          
[60.615s][info][gc,heap     ] GC(156) Reclaimed:         -                  -               594M (29%)         617M (30%)            -                  -          
[60.615s][info][gc          ] GC(156) Garbage Collection (Allocation Rate) 864M(42%)->448M(22%)
[60.870s][info][gc,start    ] GC(157) Garbage Collection (Allocation Rate)
[60.870s][info][gc,task     ] GC(157) Using 3 workers
[60.871s][info][gc,phases   ] GC(157) Pause Mark Start 0.014ms
[60.987s][info][gc,phases   ] GC(157) Concurrent Mark 115.976ms
[60.987s][info][gc,phases   ] GC(157) Pause Mark End 0.014ms
[60.987s][info][gc,phases   ] GC(157) Concurrent Mark Free 0.001ms
[60.993s][info][gc,phases   ] GC(157) Concurrent Process Non-Strong References 6.108ms
[60.993s][info][gc,phases   ] GC(157) Concurrent Reset Relocation Set 0.002ms
[60.997s][info][gc,phases   ] GC(157) Concurrent Select Relocation Set 3.549ms
[60.997s][info][gc,phases   ] GC(157) Pause Relocate Start 0.004ms
[61.000s][info][gc,phases   ] GC(157) Concurrent Relocate 3.565ms
[61.000s][info][gc,load     ] GC(157) Load: 0.00/0.00/0.00
[61.000s][info][gc,mmu      ] GC(157) MMU: 2ms/96.5%, 5ms/98.6%, 10ms/99.3%, 20ms/99.6%, 50ms/99.8%, 100ms/99.9%
[61.000s][info][gc,marking  ] GC(157) Mark: 2 stripe(s), 2 proactive flush(es), 1 terminate flush(es), 0 completion(s), 0 continuation(s) 
[61.000s][info][gc,marking  ] GC(157) Mark Stack Usage: 32M
[61.000s][info][gc,nmethod  ] GC(157) NMethods: 6608 registered, 2962 unregistered
[61.001s][info][gc,metaspace] GC(157) Metaspace: 59M used, 60M committed, 1088M reserved
[61.001s][info][gc,ref      ] GC(157) Soft: 4713 encountered, 0 discovered, 0 enqueued
[61.001s][info][gc,ref      ] GC(157) Weak: 6040 encountered, 2592 discovered, 0 enqueued
[61.001s][info][gc,ref      ] GC(157) Final: 82 encountered, 4 discovered, 0 enqueued
[61.001s][info][gc,ref      ] GC(157) Phantom: 608 encountered, 391 discovered, 0 enqueued
[61.001s][info][gc,reloc    ] GC(157) Small Pages: 491 / 982M, Empty: 762M, Relocated: 1M, In-Place: 0
[61.001s][info][gc,reloc    ] GC(157) Medium Pages: 1 / 32M, Empty: 0M, Relocated: 0M, In-Place: 0
[61.001s][info][gc,reloc    ] GC(157) Large Pages: 2 / 12M, Empty: 0M, Relocated: 0M, In-Place: 0
[61.001s][info][gc,reloc    ] GC(157) Forwarding Usage: 0M
[61.001s][info][gc,heap     ] GC(157) Min Capacity: 8M(0%)
[61.001s][info][gc,heap     ] GC(157) Max Capacity: 2048M(100%)
[61.001s][info][gc,heap     ] GC(157) Soft Max Capacity: 2048M(100%)
[61.001s][info][gc,heap     ] GC(157)                Mark Start          Mark End        Relocate Start      Relocate End           High               Low         
[61.001s][info][gc,heap     ] GC(157)  Capacity:     2048M (100%)       2048M (100%)       2048M (100%)       2048M (100%)       2048M (100%)       2048M (100%)   
[61.001s][info][gc,heap     ] GC(157)      Free:     1022M (50%)         864M (42%)        1626M (79%)        1644M (80%)        1644M (80%)         864M (42%)    
[61.001s][info][gc,heap     ] GC(157)      Used:     1026M (50%)        1184M (58%)         422M (21%)         404M (20%)        1184M (58%)         404M (20%)    
[61.001s][info][gc,heap     ] GC(157)      Live:         -               206M (10%)         206M (10%)         206M (10%)            -                  -          
[61.001s][info][gc,heap     ] GC(157) Allocated:         -               158M (8%)          158M (8%)          158M (8%)             -                  -          
[61.001s][info][gc,heap     ] GC(157)   Garbage:         -               819M (40%)          57M (3%)           39M (2%)             -                  -          
[61.001s][info][gc,heap     ] GC(157) Reclaimed:         -                  -               762M (37%)         780M (38%)            -                  -          
[61.001s][info][gc          ] GC(157) Garbage Collection (Allocation Rate) 1026M(50%)->404M(20%)
[61.001s][info][gc,start    ] GC(158) Garbage Collection (System.gc())
[61.001s][info][gc,task     ] GC(158) Using 12 workers
[61.001s][info][gc,phases   ] GC(158) Pause Mark Start 0.006ms
[61.049s][info][gc,phases   ] GC(158) Concurrent Mark 47.783ms
[61.049s][info][gc,phases   ] GC(158) Pause Mark End 0.024ms
[61.049s][info][gc,phases   ] GC(158) Concurrent Mark Free 0.001ms
[61.051s][info][gc,phases   ] GC(158) Concurrent Process Non-Strong References 1.729ms
[61.051s][info][gc,phases   ] GC(158) Concurrent Reset Relocation Set 0.001ms
[61.054s][info][gc,phases   ] GC(158) Concurrent Select Relocation Set 3.141ms
[61.054s][info][gc,phases   ] GC(158) Pause Relocate Start 0.006ms
[61.056s][info][gc,phases   ] GC(158) Concurrent Relocate 2.110ms
[61.057s][info][gc,load     ] GC(158) Load: 0.00/0.00/0.00
[61.057s][info][gc,mmu      ] GC(158) MMU: 2ms/96.5%, 5ms/98.6%, 10ms/99.3%, 20ms/99.6%, 50ms/99.8%, 100ms/99.9%
[61.057s][info][gc,marking  ] GC(158) Mark: 8 stripe(s), 2 proactive flush(es), 1 terminate flush(es), 0 completion(s), 0 continuation(s) 
[61.057s][info][gc,marking  ] GC(158) Mark Stack Usage: 32M
[61.057s][info][gc,nmethod  ] GC(158) NMethods: 6605 registered, 2967 unregistered
[61.057s][info][gc,metaspace] GC(158) Metaspace: 59M used, 60M committed, 1088M reserved
[61.057s][info][gc,ref      ] GC(158) Soft: 4711 encountered, 0 discovered, 0 enqueued
[61.057s][info][gc,ref      ] GC(158) Weak: 6103 encountered, 895 discovered, 121 enqueued
[61.057s][info][gc,ref      ] GC(158) Final: 82 encountered, 22 discovered, 0 enqueued
[61.057s][info][gc,ref      ] GC(158) Phantom: 608 encountered, 475 discovered, 0 enqueued
[61.057s][info][gc,reloc    ] GC(158) Small Pages: 177 / 354M, Empty: 136M, Relocated: 1M, In-Place: 0
[61.057s][info][gc,reloc    ] GC(158) Medium Pages: 1 / 32M, Empty: 0M, Relocated: 0M, In-Place: 0
[61.057s][info][gc,reloc    ] GC(158) Large Pages: 3 / 18M, Empty: 6M, Relocated: 0M, In-Place: 0
[61.057s][info][gc,reloc    ] GC(158) Forwarding Usage: 0M
[61.057s][info][gc,heap     ] GC(158) Min Capacity: 8M(0%)
[61.057s][info][gc,heap     ] GC(158) Max Capacity: 2048M(100%)
[61.057s][info][gc,heap     ] GC(158) Soft Max Capacity: 2048M(100%)
[61.057s][info][gc,heap     ] GC(158)                Mark Start          Mark End        Relocate Start      Relocate End           High               Low         
[61.057s][info][gc,heap     ] GC(158)  Capacity:     2048M (100%)       2048M (100%)       2048M (100%)       2048M (100%)       2048M (100%)       2048M (100%)   
[61.057s][info][gc,heap     ] GC(158)      Free:     1644M (80%)        1642M (80%)        1780M (87%)        1780M (87%)        1780M (87%)        1642M (80%)    
[61.057s][info][gc,heap     ] GC(158)      Used:      404M (20%)         406M (20%)         268M (13%)         268M (13%)         406M (20%)         268M (13%)    
[61.057s][info][gc,heap     ] GC(158)      Live:         -               206M (10%)         206M (10%)         206M (10%)            -                  -          
[61.057s][info][gc,heap     ] GC(158) Allocated:         -                 2M (0%)            6M (0%)            5M (0%)             -                  -          
[61.057s][info][gc,heap     ] GC(158)   Garbage:         -               197M (10%)          55M (3%)           55M (3%)             -                  -          
[61.057s][info][gc,heap     ] GC(158) Reclaimed:         -                  -               142M (7%)          141M (7%)             -                  -          
[61.057s][info][gc          ] GC(158) Garbage Collection (System.gc()) 404M(20%)->268M(13%)
[61.362s][info][gc,start    ] GC(159) Garbage Collection (Allocation Rate)
[61.362s][info][gc,task     ] GC(159) Using 4 workers
[61.362s][info][gc,phases   ] GC(159) Pause Mark Start 0.011ms
[61.455s][info][gc,phases   ] GC(159) Concurrent Mark 93.340ms
[61.455s][info][gc,phases   ] GC(159) Pause Mark End 0.025ms
[61.456s][info][gc,phases   ] GC(159) Concurrent Mark Free 0.001ms
[61.459s][info][gc,phases   ] GC(159) Concurrent Process Non-Strong References 3.860ms
[61.459s][info][gc,phases   ] GC(159) Concurrent Reset Relocation Set 0.002ms
[61.466s][info][gc,phases   ] GC(159) Concurrent Select Relocation Set 6.849ms
[61.466s][info][gc,phases   ] GC(159) Pause Relocate Start 0.005ms
[61.469s][info][gc,phases   ] GC(159) Concurrent Relocate 2.648ms
[61.469s][info][gc,load     ] GC(159) Load: 0.00/0.00/0.00
[61.469s][info][gc,mmu      ] GC(159) MMU: 2ms/96.5%, 5ms/98.6%, 10ms/99.3%, 20ms/99.6%, 50ms/99.8%, 100ms/99.9%
[61.469s][info][gc,marking  ] GC(159) Mark: 4 stripe(s), 2 proactive flush(es), 1 terminate flush(es), 0 completion(s), 0 continuation(s) 
[61.469s][info][gc,marking  ] GC(159) Mark Stack Usage: 32M
[61.469s][info][gc,nmethod  ] GC(159) NMethods: 6609 registered, 2968 unregistered
[61.469s][info][gc,metaspace] GC(159) Metaspace: 59M used, 60M committed, 1088M reserved
[61.469s][info][gc,ref      ] GC(159) Soft: 4713 encountered, 0 discovered, 0 enqueued
[61.469s][info][gc,ref      ] GC(159) Weak: 6146 encountered, 1343 discovered, 75 enqueued
[61.469s][info][gc,ref      ] GC(159) Final: 82 encountered, 7 discovered, 0 enqueued
[61.469s][info][gc,ref      ] GC(159) Phantom: 608 encountered, 526 discovered, 0 enqueued
[61.470s][info][gc,reloc    ] GC(159) Small Pages: 519 / 1038M, Empty: 790M, Relocated: 3M, In-Place: 0
[61.470s][info][gc,reloc    ] GC(159) Medium Pages: 2 / 64M, Empty: 32M, Relocated: 0M, In-Place: 0
[61.470s][info][gc,reloc    ] GC(159) Large Pages: 4 / 24M, Empty: 12M, Relocated: 0M, In-Place: 0
[61.470s][info][gc,reloc    ] GC(159) Forwarding Usage: 1M
[61.470s][info][gc,heap     ] GC(159) Min Capacity: 8M(0%)
[61.470s][info][gc,heap     ] GC(159) Max Capacity: 2048M(100%)
[61.470s][info][gc,heap     ] GC(159) Soft Max Capacity: 2048M(100%)
[61.470s][info][gc,heap     ] GC(159)                Mark Start          Mark End        Relocate Start      Relocate End           High               Low         
[61.470s][info][gc,heap     ] GC(159)  Capacity:     2048M (100%)       2048M (100%)       2048M (100%)       2048M (100%)       2048M (100%)       2048M (100%)   
[61.470s][info][gc,heap     ] GC(159)      Free:      922M (45%)         642M (31%)        1436M (70%)        1478M (72%)        1478M (72%)         626M (31%)    
[61.470s][info][gc,heap     ] GC(159)      Used:     1126M (55%)        1406M (69%)         612M (30%)         570M (28%)        1422M (69%)         570M (28%)    
[61.470s][info][gc,heap     ] GC(159)      Live:         -               206M (10%)         206M (10%)         206M (10%)            -                  -          
[61.470s][info][gc,heap     ] GC(159) Allocated:         -               280M (14%)         320M (16%)         323M (16%)            -                  -          
[61.470s][info][gc,heap     ] GC(159)   Garbage:         -               919M (45%)          85M (4%)           39M (2%)             -                  -          
[61.470s][info][gc,heap     ] GC(159) Reclaimed:         -                  -               834M (41%)         879M (43%)            -                  -          
[61.470s][info][gc          ] GC(159) Garbage Collection (Allocation Rate) 1126M(55%)->570M(28%)
[61.674s][info][gc,start    ] GC(160) Garbage Collection (Allocation Rate)
[61.674s][info][gc,task     ] GC(160) Using 3 workers
[61.674s][info][gc,phases   ] GC(160) Pause Mark Start 0.014ms
[61.799s][info][gc,phases   ] GC(160) Concurrent Mark 124.543ms
[61.799s][info][gc,phases   ] GC(160) Pause Mark End 0.027ms
[61.799s][info][gc,phases   ] GC(160) Concurrent Mark Free 0.001ms
[61.808s][info][gc,phases   ] GC(160) Concurrent Process Non-Strong References 8.656ms
[61.808s][info][gc,phases   ] GC(160) Concurrent Reset Relocation Set 0.003ms
[61.812s][info][gc,phases   ] GC(160) Concurrent Select Relocation Set 3.930ms
[61.812s][info][gc,phases   ] GC(160) Pause Relocate Start 0.008ms
[61.816s][info][gc,phases   ] GC(160) Concurrent Relocate 3.583ms
[61.816s][info][gc,load     ] GC(160) Load: 0.00/0.00/0.00
[61.816s][info][gc,mmu      ] GC(160) MMU: 2ms/96.5%, 5ms/98.6%, 10ms/99.3%, 20ms/99.6%, 50ms/99.8%, 100ms/99.9%
[61.816s][info][gc,marking  ] GC(160) Mark: 2 stripe(s), 2 proactive flush(es), 1 terminate flush(es), 0 completion(s), 0 continuation(s) 
[61.816s][info][gc,marking  ] GC(160) Mark Stack Usage: 32M
[61.816s][info][gc,nmethod  ] GC(160) NMethods: 6609 registered, 2968 unregistered
[61.816s][info][gc,metaspace] GC(160) Metaspace: 59M used, 60M committed, 1088M reserved
[61.816s][info][gc,ref      ] GC(160) Soft: 4713 encountered, 0 discovered, 0 enqueued
[61.816s][info][gc,ref      ] GC(160) Weak: 6070 encountered, 2898 discovered, 19 enqueued
[61.816s][info][gc,ref      ] GC(160) Final: 82 encountered, 28 discovered, 0 enqueued
[61.816s][info][gc,ref      ] GC(160) Phantom: 608 encountered, 554 discovered, 0 enqueued
[61.816s][info][gc,reloc    ] GC(160) Small Pages: 450 / 900M, Empty: 672M, Relocated: 1M, In-Place: 0
[61.816s][info][gc,reloc    ] GC(160) Medium Pages: 1 / 32M, Empty: 0M, Relocated: 0M, In-Place: 0
[61.816s][info][gc,reloc    ] GC(160) Large Pages: 2 / 12M, Empty: 0M, Relocated: 0M, In-Place: 0
[61.816s][info][gc,reloc    ] GC(160) Forwarding Usage: 0M
[61.816s][info][gc,heap     ] GC(160) Min Capacity: 8M(0%)
[61.816s][info][gc,heap     ] GC(160) Max Capacity: 2048M(100%)
[61.816s][info][gc,heap     ] GC(160) Soft Max Capacity: 2048M(100%)
[61.816s][info][gc,heap     ] GC(160)                Mark Start          Mark End        Relocate Start      Relocate End           High               Low         
[61.816s][info][gc,heap     ] GC(160)  Capacity:     2048M (100%)       2048M (100%)       2048M (100%)       2048M (100%)       2048M (100%)       2048M (100%)   
[61.817s][info][gc,heap     ] GC(160)      Free:     1104M (54%)         874M (43%)        1522M (74%)        1538M (75%)        1544M (75%)         858M (42%)    
[61.817s][info][gc,heap     ] GC(160)      Used:      944M (46%)        1174M (57%)         526M (26%)         510M (25%)        1190M (58%)         504M (25%)    
[61.817s][info][gc,heap     ] GC(160)      Live:         -               206M (10%)         206M (10%)         206M (10%)            -                  -          
[61.817s][info][gc,heap     ] GC(160) Allocated:         -               230M (11%)         254M (12%)         263M (13%)            -                  -          
[61.817s][info][gc,heap     ] GC(160)   Garbage:         -               737M (36%)          65M (3%)           39M (2%)             -                  -          
[61.817s][info][gc,heap     ] GC(160) Reclaimed:         -                  -               672M (33%)         697M (34%)            -                  -          
[61.817s][info][gc          ] GC(160) Garbage Collection (Allocation Rate) 944M(46%)->510M(25%)
[62.027s][info][gc,start    ] GC(161) Garbage Collection (System.gc())
[62.027s][info][gc,task     ] GC(161) Using 12 workers
[62.027s][info][gc,phases   ] GC(161) Pause Mark Start 0.016ms
[62.087s][info][gc,phases   ] GC(161) Concurrent Mark 59.499ms
[62.087s][info][gc,phases   ] GC(161) Pause Mark End 0.031ms
[62.087s][info][gc,phases   ] GC(161) Concurrent Mark Free 0.001ms
[62.089s][info][gc,phases   ] GC(161) Concurrent Process Non-Strong References 1.925ms
[62.089s][info][gc,phases   ] GC(161) Concurrent Reset Relocation Set 0.002ms
[62.092s][info][gc,phases   ] GC(161) Concurrent Select Relocation Set 2.516ms
[62.092s][info][gc,phases   ] GC(161) Pause Relocate Start 0.007ms
[62.095s][info][gc,phases   ] GC(161) Concurrent Relocate 3.493ms
[62.095s][info][gc,load     ] GC(161) Load: 0.00/0.00/0.00
[62.095s][info][gc,mmu      ] GC(161) MMU: 2ms/96.5%, 5ms/98.6%, 10ms/99.3%, 20ms/99.6%, 50ms/99.8%, 100ms/99.9%
[62.095s][info][gc,marking  ] GC(161) Mark: 8 stripe(s), 2 proactive flush(es), 1 terminate flush(es), 0 completion(s), 0 continuation(s) 
[62.095s][info][gc,marking  ] GC(161) Mark Stack Usage: 32M
[62.095s][info][gc,nmethod  ] GC(161) NMethods: 6612 registered, 2972 unregistered
[62.095s][info][gc,metaspace] GC(161) Metaspace: 59M used, 60M committed, 1088M reserved
[62.095s][info][gc,ref      ] GC(161) Soft: 4711 encountered, 0 discovered, 0 enqueued
[62.095s][info][gc,ref      ] GC(161) Weak: 6116 encountered, 1821 discovered, 120 enqueued
[62.095s][info][gc,ref      ] GC(161) Final: 82 encountered, 1 discovered, 0 enqueued
[62.095s][info][gc,ref      ] GC(161) Phantom: 608 encountered, 308 discovered, 0 enqueued
[62.095s][info][gc,reloc    ] GC(161) Small Pages: 451 / 902M, Empty: 680M, Relocated: 1M, In-Place: 0
[62.096s][info][gc,reloc    ] GC(161) Medium Pages: 1 / 32M, Empty: 0M, Relocated: 0M, In-Place: 0
[62.096s][info][gc,reloc    ] GC(161) Large Pages: 3 / 18M, Empty: 6M, Relocated: 0M, In-Place: 0
[62.096s][info][gc,reloc    ] GC(161) Forwarding Usage: 0M
[62.096s][info][gc,heap     ] GC(161) Min Capacity: 8M(0%)
[62.096s][info][gc,heap     ] GC(161) Max Capacity: 2048M(100%)
[62.096s][info][gc,heap     ] GC(161) Soft Max Capacity: 2048M(100%)
[62.096s][info][gc,heap     ] GC(161)                Mark Start          Mark End        Relocate Start      Relocate End           High               Low         
[62.096s][info][gc,heap     ] GC(161)  Capacity:     2048M (100%)       2048M (100%)       2048M (100%)       2048M (100%)       2048M (100%)       2048M (100%)   
[62.096s][info][gc,heap     ] GC(161)      Free:     1096M (54%)        1096M (54%)        1776M (87%)        1778M (87%)        1778M (87%)        1094M (53%)    
[62.096s][info][gc,heap     ] GC(161)      Used:      952M (46%)         952M (46%)         272M (13%)         270M (13%)         954M (47%)         270M (13%)    
[62.096s][info][gc,heap     ] GC(161)      Live:         -               206M (10%)         206M (10%)         206M (10%)            -                  -          
[62.096s][info][gc,heap     ] GC(161) Allocated:         -                 0M (0%)            6M (0%)            5M (0%)             -                  -          
[62.096s][info][gc,heap     ] GC(161)   Garbage:         -               745M (36%)          59M (3%)           57M (3%)             -                  -          
[62.096s][info][gc,heap     ] GC(161) Reclaimed:         -                  -               686M (33%)         687M (34%)            -                  -          
[62.096s][info][gc          ] GC(161) Garbage Collection (System.gc()) 952M(46%)->270M(13%)
[62.462s][info][gc,start    ] GC(162) Garbage Collection (Allocation Rate)
[62.462s][info][gc,task     ] GC(162) Using 5 workers
[62.462s][info][gc,phases   ] GC(162) Pause Mark Start 0.016ms
[62.549s][info][gc,phases   ] GC(162) Concurrent Mark 86.392ms
[62.549s][info][gc,phases   ] GC(162) Pause Mark End 0.025ms
[62.549s][info][gc,phases   ] GC(162) Concurrent Mark Free 0.001ms
[62.553s][info][gc,phases   ] GC(162) Concurrent Process Non-Strong References 3.923ms
[62.553s][info][gc,phases   ] GC(162) Concurrent Reset Relocation Set 0.002ms
[62.558s][info][gc,phases   ] GC(162) Concurrent Select Relocation Set 5.292ms
[62.558s][info][gc,phases   ] GC(162) Pause Relocate Start 0.007ms
[62.563s][info][gc,phases   ] GC(162) Concurrent Relocate 4.436ms
[62.563s][info][gc,load     ] GC(162) Load: 0.00/0.00/0.00
[62.563s][info][gc,mmu      ] GC(162) MMU: 2ms/96.5%, 5ms/98.6%, 10ms/99.3%, 20ms/99.6%, 50ms/99.8%, 100ms/99.9%
[62.563s][info][gc,marking  ] GC(162) Mark: 4 stripe(s), 2 proactive flush(es), 1 terminate flush(es), 0 completion(s), 0 continuation(s) 
[62.563s][info][gc,marking  ] GC(162) Mark Stack Usage: 32M
[62.563s][info][gc,nmethod  ] GC(162) NMethods: 6623 registered, 2978 unregistered
[62.563s][info][gc,metaspace] GC(162) Metaspace: 59M used, 60M committed, 1088M reserved
[62.563s][info][gc,ref      ] GC(162) Soft: 4713 encountered, 0 discovered, 0 enqueued
[62.563s][info][gc,ref      ] GC(162) Weak: 6131 encountered, 1696 discovered, 73 enqueued
[62.563s][info][gc,ref      ] GC(162) Final: 82 encountered, 4 discovered, 0 enqueued
[62.563s][info][gc,ref      ] GC(162) Phantom: 608 encountered, 452 discovered, 0 enqueued
[62.563s][info][gc,reloc    ] GC(162) Small Pages: 603 / 1206M, Empty: 954M, Relocated: 3M, In-Place: 0
[62.563s][info][gc,reloc    ] GC(162) Medium Pages: 2 / 64M, Empty: 32M, Relocated: 0M, In-Place: 0
[62.563s][info][gc,reloc    ] GC(162) Large Pages: 4 / 24M, Empty: 12M, Relocated: 0M, In-Place: 0
[62.563s][info][gc,reloc    ] GC(162) Forwarding Usage: 1M
[62.563s][info][gc,heap     ] GC(162) Min Capacity: 8M(0%)
[62.563s][info][gc,heap     ] GC(162) Max Capacity: 2048M(100%)
[62.563s][info][gc,heap     ] GC(162) Soft Max Capacity: 2048M(100%)
[62.563s][info][gc,heap     ] GC(162)                Mark Start          Mark End        Relocate Start      Relocate End           High               Low         
[62.563s][info][gc,heap     ] GC(162)  Capacity:     2048M (100%)       2048M (100%)       2048M (100%)       2048M (100%)       2048M (100%)       2048M (100%)   
[62.563s][info][gc,heap     ] GC(162)      Free:      754M (37%)         470M (23%)        1434M (70%)        1474M (72%)        1478M (72%)         458M (22%)    
[62.563s][info][gc,heap     ] GC(162)      Used:     1294M (63%)        1578M (77%)         614M (30%)         574M (28%)        1590M (78%)         570M (28%)    
[62.563s][info][gc,heap     ] GC(162)      Live:         -               206M (10%)         206M (10%)         206M (10%)            -                  -          
[62.564s][info][gc,heap     ] GC(162) Allocated:         -               284M (14%)         318M (16%)         325M (16%)            -                  -          
[62.564s][info][gc,heap     ] GC(162)   Garbage:         -              1087M (53%)          89M (4%)           41M (2%)             -                  -          
[62.564s][info][gc,heap     ] GC(162) Reclaimed:         -                  -               998M (49%)        1045M (51%)            -                  -          
[62.564s][info][gc          ] GC(162) Garbage Collection (Allocation Rate) 1294M(63%)->574M(28%)
[62.861s][info][gc,start    ] GC(163) Garbage Collection (Allocation Rate)
[62.861s][info][gc,task     ] GC(163) Using 4 workers
[62.861s][info][gc,phases   ] GC(163) Pause Mark Start 0.008ms
[62.955s][info][gc,phases   ] GC(163) Concurrent Mark 93.362ms
[62.955s][info][gc,phases   ] GC(163) Pause Mark End 0.029ms
[62.955s][info][gc,phases   ] GC(163) Concurrent Mark Free 0.001ms
[62.960s][info][gc,phases   ] GC(163) Concurrent Process Non-Strong References 4.539ms
[62.960s][info][gc,phases   ] GC(163) Concurrent Reset Relocation Set 0.003ms
[62.964s][info][gc,phases   ] GC(163) Concurrent Select Relocation Set 3.835ms
[62.964s][info][gc,phases   ] GC(163) Pause Relocate Start 0.007ms
[62.967s][info][gc,phases   ] GC(163) Concurrent Relocate 3.554ms
[62.967s][info][gc,load     ] GC(163) Load: 0.00/0.00/0.00
[62.967s][info][gc,mmu      ] GC(163) MMU: 2ms/96.5%, 5ms/98.6%, 10ms/99.3%, 20ms/99.6%, 50ms/99.8%, 100ms/99.9%
[62.967s][info][gc,marking  ] GC(163) Mark: 4 stripe(s), 2 proactive flush(es), 1 terminate flush(es), 0 completion(s), 0 continuation(s) 
[62.967s][info][gc,marking  ] GC(163) Mark Stack Usage: 32M
[62.967s][info][gc,nmethod  ] GC(163) NMethods: 6622 registered, 2981 unregistered
[62.967s][info][gc,metaspace] GC(163) Metaspace: 59M used, 60M committed, 1088M reserved
[62.968s][info][gc,ref      ] GC(163) Soft: 4713 encountered, 0 discovered, 0 enqueued
[62.968s][info][gc,ref      ] GC(163) Weak: 6058 encountered, 2466 discovered, 15 enqueued
[62.968s][info][gc,ref      ] GC(163) Final: 82 encountered, 5 discovered, 0 enqueued
[62.968s][info][gc,ref      ] GC(163) Phantom: 608 encountered, 392 discovered, 0 enqueued
[62.968s][info][gc,reloc    ] GC(163) Small Pages: 584 / 1168M, Empty: 940M, Relocated: 1M, In-Place: 0
[62.968s][info][gc,reloc    ] GC(163) Medium Pages: 1 / 32M, Empty: 0M, Relocated: 0M, In-Place: 0
[62.968s][info][gc,reloc    ] GC(163) Large Pages: 2 / 12M, Empty: 0M, Relocated: 0M, In-Place: 0
[62.968s][info][gc,reloc    ] GC(163) Forwarding Usage: 0M
[62.968s][info][gc,heap     ] GC(163) Min Capacity: 8M(0%)
[62.968s][info][gc,heap     ] GC(163) Max Capacity: 2048M(100%)
[62.968s][info][gc,heap     ] GC(163) Soft Max Capacity: 2048M(100%)
[62.968s][info][gc,heap     ] GC(163)                Mark Start          Mark End        Relocate Start      Relocate End           High               Low         
[62.968s][info][gc,heap     ] GC(163)  Capacity:     2048M (100%)       2048M (100%)       2048M (100%)       2048M (100%)       2048M (100%)       2048M (100%)   
[62.968s][info][gc,heap     ] GC(163)      Free:      836M (41%)         670M (33%)        1592M (78%)        1606M (78%)        1612M (79%)         660M (32%)    
[62.968s][info][gc,heap     ] GC(163)      Used:     1212M (59%)        1378M (67%)         456M (22%)         442M (22%)        1388M (68%)         436M (21%)    
[62.968s][info][gc,heap     ] GC(163)      Live:         -               206M (10%)         206M (10%)         206M (10%)            -                  -          
[62.968s][info][gc,heap     ] GC(163) Allocated:         -               166M (8%)          184M (9%)          193M (9%)             -                  -          
[62.968s][info][gc,heap     ] GC(163)   Garbage:         -              1005M (49%)          65M (3%)           41M (2%)             -                  -          
[62.968s][info][gc,heap     ] GC(163) Reclaimed:         -                  -               940M (46%)         963M (47%)            -                  -          
[62.968s][info][gc          ] GC(163) Garbage Collection (Allocation Rate) 1212M(59%)->442M(22%)
[63.030s][info][gc,start    ] GC(164) Garbage Collection (System.gc())
[63.031s][info][gc,task     ] GC(164) Using 12 workers
[63.031s][info][gc,phases   ] GC(164) Pause Mark Start 0.015ms
[63.090s][info][gc,phases   ] GC(164) Concurrent Mark 58.853ms
[63.090s][info][gc,phases   ] GC(164) Pause Mark End 0.032ms
[63.090s][info][gc,phases   ] GC(164) Concurrent Mark Free 0.001ms
[63.092s][info][gc,phases   ] GC(164) Concurrent Process Non-Strong References 2.075ms
[63.092s][info][gc,phases   ] GC(164) Concurrent Reset Relocation Set 0.002ms
[63.096s][info][gc,phases   ] GC(164) Concurrent Select Relocation Set 3.584ms
[63.096s][info][gc,phases   ] GC(164) Pause Relocate Start 0.007ms
[63.098s][info][gc,phases   ] GC(164) Concurrent Relocate 1.976ms
[63.098s][info][gc,load     ] GC(164) Load: 0.00/0.00/0.00
[63.098s][info][gc,mmu      ] GC(164) MMU: 2ms/96.5%, 5ms/98.6%, 10ms/99.3%, 20ms/99.6%, 50ms/99.8%, 100ms/99.9%
[63.098s][info][gc,marking  ] GC(164) Mark: 8 stripe(s), 2 proactive flush(es), 1 terminate flush(es), 0 completion(s), 0 continuation(s) 
[63.098s][info][gc,marking  ] GC(164) Mark Stack Usage: 32M
[63.098s][info][gc,nmethod  ] GC(164) NMethods: 6624 registered, 2984 unregistered
[63.098s][info][gc,metaspace] GC(164) Metaspace: 59M used, 60M committed, 1088M reserved
[63.098s][info][gc,ref      ] GC(164) Soft: 4711 encountered, 0 discovered, 0 enqueued
[63.098s][info][gc,ref      ] GC(164) Weak: 6104 encountered, 1501 discovered, 121 enqueued
[63.098s][info][gc,ref      ] GC(164) Final: 82 encountered, 0 discovered, 0 enqueued
[63.098s][info][gc,ref      ] GC(164) Phantom: 608 encountered, 568 discovered, 0 enqueued
[63.098s][info][gc,reloc    ] GC(164) Small Pages: 236 / 472M, Empty: 250M, Relocated: 1M, In-Place: 0
[63.098s][info][gc,reloc    ] GC(164) Medium Pages: 1 / 32M, Empty: 0M, Relocated: 0M, In-Place: 0
[63.098s][info][gc,reloc    ] GC(164) Large Pages: 3 / 18M, Empty: 6M, Relocated: 0M, In-Place: 0
[63.098s][info][gc,reloc    ] GC(164) Forwarding Usage: 0M
[63.098s][info][gc,heap     ] GC(164) Min Capacity: 8M(0%)
[63.098s][info][gc,heap     ] GC(164) Max Capacity: 2048M(100%)
[63.098s][info][gc,heap     ] GC(164) Soft Max Capacity: 2048M(100%)
[63.098s][info][gc,heap     ] GC(164)                Mark Start          Mark End        Relocate Start      Relocate End           High               Low         
[63.098s][info][gc,heap     ] GC(164)  Capacity:     2048M (100%)       2048M (100%)       2048M (100%)       2048M (100%)       2048M (100%)       2048M (100%)   
[63.099s][info][gc,heap     ] GC(164)      Free:     1526M (75%)        1524M (74%)        1776M (87%)        1778M (87%)        1778M (87%)        1524M (74%)    
[63.099s][info][gc,heap     ] GC(164)      Used:      522M (25%)         524M (26%)         272M (13%)         270M (13%)         524M (26%)         270M (13%)    
[63.099s][info][gc,heap     ] GC(164)      Live:         -               206M (10%)         206M (10%)         206M (10%)            -                  -          
[63.099s][info][gc,heap     ] GC(164) Allocated:         -                 2M (0%)            6M (0%)            6M (0%)             -                  -          
[63.099s][info][gc,heap     ] GC(164)   Garbage:         -               315M (15%)          59M (3%)           57M (3%)             -                  -          
[63.099s][info][gc,heap     ] GC(164) Reclaimed:         -                  -               256M (13%)         258M (13%)            -                  -          
[63.099s][info][gc          ] GC(164) Garbage Collection (System.gc()) 522M(25%)->270M(13%)
[63.368s][info][gc,start    ] GC(165) Garbage Collection (Allocation Rate)
[63.368s][info][gc,task     ] GC(165) Using 4 workers
[63.368s][info][gc,phases   ] GC(165) Pause Mark Start 0.016ms
[63.462s][info][gc,phases   ] GC(165) Concurrent Mark 93.297ms
[63.462s][info][gc,phases   ] GC(165) Pause Mark End 0.025ms
[63.462s][info][gc,phases   ] GC(165) Concurrent Mark Free 0.001ms
[63.466s][info][gc,phases   ] GC(165) Concurrent Process Non-Strong References 4.057ms
[63.466s][info][gc,phases   ] GC(165) Concurrent Reset Relocation Set 0.002ms
[63.472s][info][gc,phases   ] GC(165) Concurrent Select Relocation Set 5.771ms
[63.472s][info][gc,phases   ] GC(165) Pause Relocate Start 0.007ms
[63.477s][info][gc,phases   ] GC(165) Concurrent Relocate 4.600ms
[63.477s][info][gc,load     ] GC(165) Load: 0.00/0.00/0.00
[63.477s][info][gc,mmu      ] GC(165) MMU: 2ms/96.5%, 5ms/98.6%, 10ms/99.3%, 20ms/99.6%, 50ms/99.8%, 100ms/99.9%
[63.477s][info][gc,marking  ] GC(165) Mark: 4 stripe(s), 2 proactive flush(es), 1 terminate flush(es), 0 completion(s), 0 continuation(s) 
[63.477s][info][gc,marking  ] GC(165) Mark Stack Usage: 32M
[63.477s][info][gc,nmethod  ] GC(165) NMethods: 6639 registered, 2986 unregistered
[63.477s][info][gc,metaspace] GC(165) Metaspace: 59M used, 60M committed, 1088M reserved
[63.477s][info][gc,ref      ] GC(165) Soft: 4713 encountered, 0 discovered, 0 enqueued
[63.477s][info][gc,ref      ] GC(165) Weak: 6146 encountered, 3065 discovered, 75 enqueued
[63.477s][info][gc,ref      ] GC(165) Final: 82 encountered, 6 discovered, 0 enqueued
[63.477s][info][gc,ref      ] GC(165) Phantom: 608 encountered, 345 discovered, 0 enqueued
[63.477s][info][gc,reloc    ] GC(165) Small Pages: 461 / 922M, Empty: 672M, Relocated: 3M, In-Place: 0
[63.477s][info][gc,reloc    ] GC(165) Medium Pages: 2 / 64M, Empty: 32M, Relocated: 0M, In-Place: 0
[63.477s][info][gc,reloc    ] GC(165) Large Pages: 4 / 24M, Empty: 12M, Relocated: 0M, In-Place: 0
[63.477s][info][gc,reloc    ] GC(165) Forwarding Usage: 1M
[63.477s][info][gc,heap     ] GC(165) Min Capacity: 8M(0%)
[63.477s][info][gc,heap     ] GC(165) Max Capacity: 2048M(100%)
[63.477s][info][gc,heap     ] GC(165) Soft Max Capacity: 2048M(100%)
[63.477s][info][gc,heap     ] GC(165)                Mark Start          Mark End        Relocate Start      Relocate End           High               Low         
[63.477s][info][gc,heap     ] GC(165)  Capacity:     2048M (100%)       2048M (100%)       2048M (100%)       2048M (100%)       2048M (100%)       2048M (100%)   
[63.477s][info][gc,heap     ] GC(165)      Free:     1038M (51%)         748M (37%)        1426M (70%)        1466M (72%)        1470M (72%)         732M (36%)    
[63.477s][info][gc,heap     ] GC(165)      Used:     1010M (49%)        1300M (63%)         622M (30%)         582M (28%)        1316M (64%)         578M (28%)    
[63.477s][info][gc,heap     ] GC(165)      Live:         -               206M (10%)         206M (10%)         206M (10%)            -                  -          
[63.477s][info][gc,heap     ] GC(165) Allocated:         -               290M (14%)         328M (16%)         335M (16%)            -                  -          
[63.477s][info][gc,heap     ] GC(165)   Garbage:         -               803M (39%)          87M (4%)           39M (2%)             -                  -          
[63.477s][info][gc,heap     ] GC(165) Reclaimed:         -                  -               716M (35%)         763M (37%)            -                  -          
[63.477s][info][gc          ] GC(165) Garbage Collection (Allocation Rate) 1010M(49%)->582M(28%)
[63.665s][info][gc,start    ] GC(166) Garbage Collection (Allocation Rate)
[63.665s][info][gc,task     ] GC(166) Using 3 workers
[63.665s][info][gc,phases   ] GC(166) Pause Mark Start 0.014ms
[63.797s][info][gc,phases   ] GC(166) Concurrent Mark 132.296ms
[63.798s][info][gc,phases   ] GC(166) Pause Mark End 0.022ms
[63.798s][info][gc,phases   ] GC(166) Concurrent Mark Free 0.001ms
[63.804s][info][gc,phases   ] GC(166) Concurrent Process Non-Strong References 6.306ms
[63.804s][info][gc,phases   ] GC(166) Concurrent Reset Relocation Set 0.002ms
[63.806s][info][gc,phases   ] GC(166) Concurrent Select Relocation Set 2.383ms
[63.806s][info][gc,phases   ] GC(166) Pause Relocate Start 0.007ms
[63.810s][info][gc,phases   ] GC(166) Concurrent Relocate 3.569ms
[63.810s][info][gc,load     ] GC(166) Load: 0.00/0.00/0.00
[63.810s][info][gc,mmu      ] GC(166) MMU: 2ms/96.5%, 5ms/98.6%, 10ms/99.3%, 20ms/99.6%, 50ms/99.8%, 100ms/99.9%
[63.810s][info][gc,marking  ] GC(166) Mark: 2 stripe(s), 2 proactive flush(es), 1 terminate flush(es), 0 completion(s), 0 continuation(s) 
[63.810s][info][gc,marking  ] GC(166) Mark Stack Usage: 32M
[63.810s][info][gc,nmethod  ] GC(166) NMethods: 6640 registered, 2986 unregistered
[63.810s][info][gc,metaspace] GC(166) Metaspace: 59M used, 60M committed, 1088M reserved
[63.810s][info][gc,ref      ] GC(166) Soft: 4713 encountered, 0 discovered, 0 enqueued
[63.810s][info][gc,ref      ] GC(166) Weak: 6070 encountered, 2438 discovered, 19 enqueued
[63.810s][info][gc,ref      ] GC(166) Final: 82 encountered, 5 discovered, 0 enqueued
[63.810s][info][gc,ref      ] GC(166) Phantom: 608 encountered, 435 discovered, 0 enqueued
[63.810s][info][gc,reloc    ] GC(166) Small Pages: 438 / 876M, Empty: 648M, Relocated: 1M, In-Place: 0
[63.810s][info][gc,reloc    ] GC(166) Medium Pages: 1 / 32M, Empty: 0M, Relocated: 0M, In-Place: 0
[63.810s][info][gc,reloc    ] GC(166) Large Pages: 2 / 12M, Empty: 0M, Relocated: 0M, In-Place: 0
[63.810s][info][gc,reloc    ] GC(166) Forwarding Usage: 0M
[63.810s][info][gc,heap     ] GC(166) Min Capacity: 8M(0%)
[63.810s][info][gc,heap     ] GC(166) Max Capacity: 2048M(100%)
[63.810s][info][gc,heap     ] GC(166) Soft Max Capacity: 2048M(100%)
[63.810s][info][gc,heap     ] GC(166)                Mark Start          Mark End        Relocate Start      Relocate End           High               Low         
[63.810s][info][gc,heap     ] GC(166)  Capacity:     2048M (100%)       2048M (100%)       2048M (100%)       2048M (100%)       2048M (100%)       2048M (100%)   
[63.810s][info][gc,heap     ] GC(166)      Free:     1128M (55%)         922M (45%)        1564M (76%)        1586M (77%)        1586M (77%)         918M (45%)    
[63.810s][info][gc,heap     ] GC(166)      Used:      920M (45%)        1126M (55%)         484M (24%)         462M (23%)        1130M (55%)         462M (23%)    
[63.810s][info][gc,heap     ] GC(166)      Live:         -               206M (10%)         206M (10%)         206M (10%)            -                  -          
[63.810s][info][gc,heap     ] GC(166) Allocated:         -               206M (10%)         212M (10%)         215M (11%)            -                  -          
[63.810s][info][gc,heap     ] GC(166)   Garbage:         -               713M (35%)          65M (3%)           39M (2%)             -                  -          
[63.810s][info][gc,heap     ] GC(166) Reclaimed:         -                  -               648M (32%)         673M (33%)            -                  -          
[63.810s][info][gc          ] GC(166) Garbage Collection (Allocation Rate) 920M(45%)->462M(23%)
[64.154s][info][gc,start    ] GC(167) Garbage Collection (System.gc())
[64.154s][info][gc,task     ] GC(167) Using 12 workers
[64.154s][info][gc,phases   ] GC(167) Pause Mark Start 0.016ms
[64.213s][info][gc,phases   ] GC(167) Concurrent Mark 59.047ms
[64.213s][info][gc,phases   ] GC(167) Pause Mark End 0.019ms
[64.213s][info][gc,phases   ] GC(167) Concurrent Mark Free 0.001ms
[64.215s][info][gc,phases   ] GC(167) Concurrent Process Non-Strong References 1.911ms
[64.215s][info][gc,phases   ] GC(167) Concurrent Reset Relocation Set 0.002ms
[64.219s][info][gc,phases   ] GC(167) Concurrent Select Relocation Set 3.607ms
[64.219s][info][gc,phases   ] GC(167) Pause Relocate Start 0.007ms
[64.221s][info][gc,phases   ] GC(167) Concurrent Relocate 2.048ms
[64.221s][info][gc,load     ] GC(167) Load: 0.00/0.00/0.00
[64.221s][info][gc,mmu      ] GC(167) MMU: 2ms/96.5%, 5ms/98.6%, 10ms/99.3%, 20ms/99.6%, 50ms/99.8%, 100ms/99.9%
[64.221s][info][gc,marking  ] GC(167) Mark: 8 stripe(s), 2 proactive flush(es), 1 terminate flush(es), 0 completion(s), 0 continuation(s) 
[64.221s][info][gc,marking  ] GC(167) Mark Stack Usage: 32M
[64.221s][info][gc,nmethod  ] GC(167) NMethods: 6648 registered, 2991 unregistered
[64.221s][info][gc,metaspace] GC(167) Metaspace: 59M used, 60M committed, 1088M reserved
[64.221s][info][gc,ref      ] GC(167) Soft: 4711 encountered, 0 discovered, 0 enqueued
[64.221s][info][gc,ref      ] GC(167) Weak: 6119 encountered, 1649 discovered, 121 enqueued
[64.221s][info][gc,ref      ] GC(167) Final: 82 encountered, 0 discovered, 0 enqueued
[64.221s][info][gc,ref      ] GC(167) Phantom: 608 encountered, 417 discovered, 0 enqueued
[64.221s][info][gc,reloc    ] GC(167) Small Pages: 523 / 1046M, Empty: 824M, Relocated: 1M, In-Place: 0
[64.221s][info][gc,reloc    ] GC(167) Medium Pages: 1 / 32M, Empty: 0M, Relocated: 0M, In-Place: 0
[64.221s][info][gc,reloc    ] GC(167) Large Pages: 3 / 18M, Empty: 6M, Relocated: 0M, In-Place: 0
[64.221s][info][gc,reloc    ] GC(167) Forwarding Usage: 0M
[64.222s][info][gc,heap     ] GC(167) Min Capacity: 8M(0%)
[64.222s][info][gc,heap     ] GC(167) Max Capacity: 2048M(100%)
[64.222s][info][gc,heap     ] GC(167) Soft Max Capacity: 2048M(100%)
[64.222s][info][gc,heap     ] GC(167)                Mark Start          Mark End        Relocate Start      Relocate End           High               Low         
[64.222s][info][gc,heap     ] GC(167)  Capacity:     2048M (100%)       2048M (100%)       2048M (100%)       2048M (100%)       2048M (100%)       2048M (100%)   
[64.222s][info][gc,heap     ] GC(167)      Free:      952M (46%)         950M (46%)        1776M (87%)        1778M (87%)        1778M (87%)         950M (46%)    
[64.222s][info][gc,heap     ] GC(167)      Used:     1096M (54%)        1098M (54%)         272M (13%)         270M (13%)        1098M (54%)         270M (13%)    
[64.222s][info][gc,heap     ] GC(167)      Live:         -               206M (10%)         206M (10%)         206M (10%)            -                  -          
[64.222s][info][gc,heap     ] GC(167) Allocated:         -                 2M (0%)            6M (0%)            6M (0%)             -                  -          
[64.222s][info][gc,heap     ] GC(167)   Garbage:         -               889M (43%)          59M (3%)           57M (3%)             -                  -          
[64.222s][info][gc,heap     ] GC(167) Reclaimed:         -                  -               830M (41%)         832M (41%)            -                  -          
[64.222s][info][gc          ] GC(167) Garbage Collection (System.gc()) 1096M(54%)->270M(13%)
[64.570s][info][gc,start    ] GC(168) Garbage Collection (Allocation Rate)
[64.571s][info][gc,task     ] GC(168) Using 5 workers
[64.571s][info][gc,phases   ] GC(168) Pause Mark Start 0.015ms
[64.664s][info][gc,phases   ] GC(168) Concurrent Mark 93.260ms
[64.664s][info][gc,phases   ] GC(168) Pause Mark End 0.025ms
[64.664s][info][gc,phases   ] GC(168) Concurrent Mark Free 0.001ms
[64.668s][info][gc,phases   ] GC(168) Concurrent Process Non-Strong References 4.082ms
[64.669s][info][gc,phases   ] GC(168) Concurrent Reset Relocation Set 0.003ms
[64.674s][info][gc,phases   ] GC(168) Concurrent Select Relocation Set 5.286ms
[64.674s][info][gc,phases   ] GC(168) Pause Relocate Start 0.006ms
[64.677s][info][gc,phases   ] GC(168) Concurrent Relocate 3.402ms
[64.678s][info][gc,load     ] GC(168) Load: 0.00/0.00/0.00
[64.678s][info][gc,mmu      ] GC(168) MMU: 2ms/96.5%, 5ms/98.6%, 10ms/99.3%, 20ms/99.6%, 50ms/99.8%, 100ms/99.9%
[64.678s][info][gc,marking  ] GC(168) Mark: 4 stripe(s), 2 proactive flush(es), 1 terminate flush(es), 0 completion(s), 0 continuation(s) 
[64.678s][info][gc,marking  ] GC(168) Mark Stack Usage: 32M
[64.678s][info][gc,nmethod  ] GC(168) NMethods: 6651 registered, 2993 unregistered
[64.678s][info][gc,metaspace] GC(168) Metaspace: 59M used, 60M committed, 1088M reserved
[64.678s][info][gc,ref      ] GC(168) Soft: 4713 encountered, 0 discovered, 0 enqueued
[64.678s][info][gc,ref      ] GC(168) Weak: 6140 encountered, 918 discovered, 77 enqueued
[64.678s][info][gc,ref      ] GC(168) Final: 82 encountered, 5 discovered, 0 enqueued
[64.678s][info][gc,ref      ] GC(168) Phantom: 608 encountered, 327 discovered, 0 enqueued
[64.678s][info][gc,reloc    ] GC(168) Small Pages: 592 / 1184M, Empty: 934M, Relocated: 3M, In-Place: 0
[64.678s][info][gc,reloc    ] GC(168) Medium Pages: 2 / 64M, Empty: 32M, Relocated: 0M, In-Place: 0
[64.678s][info][gc,reloc    ] GC(168) Large Pages: 4 / 24M, Empty: 12M, Relocated: 0M, In-Place: 0
[64.678s][info][gc,reloc    ] GC(168) Forwarding Usage: 1M
[64.678s][info][gc,heap     ] GC(168) Min Capacity: 8M(0%)
[64.678s][info][gc,heap     ] GC(168) Max Capacity: 2048M(100%)
[64.678s][info][gc,heap     ] GC(168) Soft Max Capacity: 2048M(100%)
[64.678s][info][gc,heap     ] GC(168)                Mark Start          Mark End        Relocate Start      Relocate End           High               Low         
[64.678s][info][gc,heap     ] GC(168)  Capacity:     2048M (100%)       2048M (100%)       2048M (100%)       2048M (100%)       2048M (100%)       2048M (100%)   
[64.678s][info][gc,heap     ] GC(168)      Free:      776M (38%)         462M (23%)        1404M (69%)        1444M (71%)        1446M (71%)         448M (22%)    
[64.678s][info][gc,heap     ] GC(168)      Used:     1272M (62%)        1586M (77%)         644M (31%)         604M (29%)        1600M (78%)         602M (29%)    
[64.678s][info][gc,heap     ] GC(168)      Live:         -               206M (10%)         206M (10%)         206M (10%)            -                  -          
[64.678s][info][gc,heap     ] GC(168) Allocated:         -               314M (15%)         350M (17%)         355M (17%)            -                  -          
[64.678s][info][gc,heap     ] GC(168)   Garbage:         -              1065M (52%)          87M (4%)           41M (2%)             -                  -          
[64.678s][info][gc,heap     ] GC(168) Reclaimed:         -                  -               978M (48%)        1023M (50%)            -                  -          
[64.678s][info][gc          ] GC(168) Garbage Collection (Allocation Rate) 1272M(62%)->604M(29%)
[64.867s][info][gc,start    ] GC(169) Garbage Collection (Allocation Rate)
[64.867s][info][gc,task     ] GC(169) Using 4 workers
[64.868s][info][gc,phases   ] GC(169) Pause Mark Start 0.015ms
[64.969s][info][gc,phases   ] GC(169) Concurrent Mark 100.922ms
[64.969s][info][gc,phases   ] GC(169) Pause Mark End 0.029ms
[64.969s][info][gc,phases   ] GC(169) Concurrent Mark Free 0.001ms
[64.974s][info][gc,phases   ] GC(169) Concurrent Process Non-Strong References 4.767ms
[64.974s][info][gc,phases   ] GC(169) Concurrent Reset Relocation Set 0.003ms
[64.977s][info][gc,phases   ] GC(169) Concurrent Select Relocation Set 3.683ms
[64.978s][info][gc,phases   ] GC(169) Pause Relocate Start 0.008ms
[64.982s][info][gc,phases   ] GC(169) Concurrent Relocate 4.480ms
[64.982s][info][gc,load     ] GC(169) Load: 0.00/0.00/0.00
[64.982s][info][gc,mmu      ] GC(169) MMU: 2ms/96.5%, 5ms/98.6%, 10ms/99.3%, 20ms/99.6%, 50ms/99.8%, 100ms/99.9%
[64.982s][info][gc,marking  ] GC(169) Mark: 4 stripe(s), 2 proactive flush(es), 1 terminate flush(es), 0 completion(s), 0 continuation(s) 
[64.982s][info][gc,marking  ] GC(169) Mark Stack Usage: 32M
[64.982s][info][gc,nmethod  ] GC(169) NMethods: 6651 registered, 2993 unregistered
[64.982s][info][gc,metaspace] GC(169) Metaspace: 59M used, 60M committed, 1088M reserved
[64.982s][info][gc,ref      ] GC(169) Soft: 4713 encountered, 0 discovered, 0 enqueued
[64.982s][info][gc,ref      ] GC(169) Weak: 6062 encountered, 3624 discovered, 16 enqueued
[64.982s][info][gc,ref      ] GC(169) Final: 82 encountered, 5 discovered, 0 enqueued
[64.982s][info][gc,ref      ] GC(169) Phantom: 608 encountered, 438 discovered, 0 enqueued
[64.982s][info][gc,reloc    ] GC(169) Small Pages: 464 / 928M, Empty: 704M, Relocated: 3M, In-Place: 0
[64.983s][info][gc,reloc    ] GC(169) Medium Pages: 1 / 32M, Empty: 0M, Relocated: 0M, In-Place: 0
[64.983s][info][gc,reloc    ] GC(169) Large Pages: 2 / 12M, Empty: 0M, Relocated: 0M, In-Place: 0
[64.983s][info][gc,reloc    ] GC(169) Forwarding Usage: 1M
[64.983s][info][gc,heap     ] GC(169) Min Capacity: 8M(0%)
[64.983s][info][gc,heap     ] GC(169) Max Capacity: 2048M(100%)
[64.983s][info][gc,heap     ] GC(169) Soft Max Capacity: 2048M(100%)
[64.983s][info][gc,heap     ] GC(169)                Mark Start          Mark End        Relocate Start      Relocate End           High               Low         
[64.983s][info][gc,heap     ] GC(169)  Capacity:     2048M (100%)       2048M (100%)       2048M (100%)       2048M (100%)       2048M (100%)       2048M (100%)   
[64.983s][info][gc,heap     ] GC(169)      Free:     1076M (53%)         870M (42%)        1556M (76%)        1564M (76%)        1572M (77%)         860M (42%)    
[64.983s][info][gc,heap     ] GC(169)      Used:      972M (47%)        1178M (58%)         492M (24%)         484M (24%)        1188M (58%)         476M (23%)    
[64.983s][info][gc,heap     ] GC(169)      Live:         -               206M (10%)         206M (10%)         206M (10%)            -                  -          
[64.983s][info][gc,heap     ] GC(169) Allocated:         -               206M (10%)         224M (11%)         237M (12%)            -                  -          
[64.983s][info][gc,heap     ] GC(169)   Garbage:         -               765M (37%)          61M (3%)           39M (2%)             -                  -          
[64.983s][info][gc,heap     ] GC(169) Reclaimed:         -                  -               704M (34%)         725M (35%)            -                  -          
[64.983s][info][gc          ] GC(169) Garbage Collection (Allocation Rate) 972M(47%)->484M(24%)
[65.102s][info][gc,start    ] GC(170) Garbage Collection (System.gc())
[65.102s][info][gc,task     ] GC(170) Using 12 workers
[65.102s][info][gc,phases   ] GC(170) Pause Mark Start 0.015ms
[65.176s][info][gc,phases   ] GC(170) Concurrent Mark 74.071ms
[65.177s][info][gc,phases   ] GC(170) Pause Mark End 0.024ms
[65.177s][info][gc,phases   ] GC(170) Concurrent Mark Free 0.001ms
[65.181s][info][gc,phases   ] GC(170) Concurrent Process Non-Strong References 4.277ms
[65.181s][info][gc,phases   ] GC(170) Concurrent Reset Relocation Set 0.002ms
[65.184s][info][gc,phases   ] GC(170) Concurrent Select Relocation Set 3.125ms
[65.184s][info][gc,phases   ] GC(170) Pause Relocate Start 0.008ms
[65.188s][info][gc,phases   ] GC(170) Concurrent Relocate 3.907ms
[65.188s][info][gc,load     ] GC(170) Load: 0.00/0.00/0.00
[65.188s][info][gc,mmu      ] GC(170) MMU: 2ms/96.5%, 5ms/98.6%, 10ms/99.3%, 20ms/99.6%, 50ms/99.8%, 100ms/99.9%
[65.188s][info][gc,marking  ] GC(170) Mark: 8 stripe(s), 3 proactive flush(es), 1 terminate flush(es), 0 completion(s), 0 continuation(s) 
[65.188s][info][gc,marking  ] GC(170) Mark Stack Usage: 32M
[65.188s][info][gc,nmethod  ] GC(170) NMethods: 5976 registered, 3700 unregistered
[65.188s][info][gc,metaspace] GC(170) Metaspace: 59M used, 60M committed, 1088M reserved
[65.188s][info][gc,ref      ] GC(170) Soft: 4711 encountered, 0 discovered, 0 enqueued
[65.188s][info][gc,ref      ] GC(170) Weak: 6103 encountered, 1281 discovered, 119 enqueued
[65.188s][info][gc,ref      ] GC(170) Final: 82 encountered, 26 discovered, 0 enqueued
[65.188s][info][gc,ref      ] GC(170) Phantom: 608 encountered, 382 discovered, 0 enqueued
[65.188s][info][gc,reloc    ] GC(170) Small Pages: 366 / 732M, Empty: 512M, Relocated: 1M, In-Place: 0
[65.188s][info][gc,reloc    ] GC(170) Medium Pages: 1 / 32M, Empty: 0M, Relocated: 0M, In-Place: 0
[65.188s][info][gc,reloc    ] GC(170) Large Pages: 3 / 18M, Empty: 6M, Relocated: 0M, In-Place: 0
[65.188s][info][gc,reloc    ] GC(170) Forwarding Usage: 0M
[65.189s][info][gc,heap     ] GC(170) Min Capacity: 8M(0%)
[65.189s][info][gc,heap     ] GC(170) Max Capacity: 2048M(100%)
[65.189s][info][gc,heap     ] GC(170) Soft Max Capacity: 2048M(100%)
[65.189s][info][gc,heap     ] GC(170)                Mark Start          Mark End        Relocate Start      Relocate End           High               Low         
[65.189s][info][gc,heap     ] GC(170)  Capacity:     2048M (100%)       2048M (100%)       2048M (100%)       2048M (100%)       2048M (100%)       2048M (100%)   
[65.189s][info][gc,heap     ] GC(170)      Free:     1266M (62%)        1266M (62%)        1778M (87%)        1778M (87%)        1780M (87%)        1264M (62%)    
[65.189s][info][gc,heap     ] GC(170)      Used:      782M (38%)         782M (38%)         270M (13%)         270M (13%)         784M (38%)         268M (13%)    
[65.189s][info][gc,heap     ] GC(170)      Live:         -               206M (10%)         206M (10%)         206M (10%)            -                  -          
[65.189s][info][gc,heap     ] GC(170) Allocated:         -                 0M (0%)            6M (0%)            5M (0%)             -                  -          
[65.189s][info][gc,heap     ] GC(170)   Garbage:         -               575M (28%)          57M (3%)           57M (3%)             -                  -          
[65.189s][info][gc,heap     ] GC(170) Reclaimed:         -                  -               518M (25%)         517M (25%)            -                  -          
[65.189s][info][gc          ] GC(170) Garbage Collection (System.gc()) 782M(38%)->270M(13%)
[65.473s][info][gc,start    ] GC(171) Garbage Collection (Allocation Rate)
[65.473s][info][gc,task     ] GC(171) Using 6 workers
[65.474s][info][gc,phases   ] GC(171) Pause Mark Start 0.018ms
[65.553s][info][gc,phases   ] GC(171) Concurrent Mark 79.667ms
[65.554s][info][gc,phases   ] GC(171) Pause Mark End 0.018ms
[65.554s][info][gc,phases   ] GC(171) Concurrent Mark Free 0.001ms
[65.557s][info][gc,phases   ] GC(171) Concurrent Process Non-Strong References 3.318ms
[65.557s][info][gc,phases   ] GC(171) Concurrent Reset Relocation Set 0.002ms
[65.563s][info][gc,phases   ] GC(171) Concurrent Select Relocation Set 5.861ms
[65.563s][info][gc,phases   ] GC(171) Pause Relocate Start 0.007ms
[65.567s][info][gc,phases   ] GC(171) Concurrent Relocate 4.386ms
[65.568s][info][gc,load     ] GC(171) Load: 0.00/0.00/0.00
[65.568s][info][gc,mmu      ] GC(171) MMU: 2ms/96.5%, 5ms/98.6%, 10ms/99.3%, 20ms/99.6%, 50ms/99.8%, 100ms/99.9%
[65.568s][info][gc,marking  ] GC(171) Mark: 4 stripe(s), 2 proactive flush(es), 1 terminate flush(es), 0 completion(s), 0 continuation(s) 
[65.568s][info][gc,marking  ] GC(171) Mark Stack Usage: 32M
[65.568s][info][gc,nmethod  ] GC(171) NMethods: 5989 registered, 3703 unregistered
[65.568s][info][gc,metaspace] GC(171) Metaspace: 59M used, 60M committed, 1088M reserved
[65.568s][info][gc,ref      ] GC(171) Soft: 4713 encountered, 0 discovered, 0 enqueued
[65.568s][info][gc,ref      ] GC(171) Weak: 6150 encountered, 3063 discovered, 75 enqueued
[65.568s][info][gc,ref      ] GC(171) Final: 82 encountered, 7 discovered, 0 enqueued
[65.568s][info][gc,ref      ] GC(171) Phantom: 608 encountered, 446 discovered, 0 enqueued
[65.568s][info][gc,reloc    ] GC(171) Small Pages: 484 / 968M, Empty: 716M, Relocated: 3M, In-Place: 0
[65.568s][info][gc,reloc    ] GC(171) Medium Pages: 2 / 64M, Empty: 32M, Relocated: 0M, In-Place: 0
[65.568s][info][gc,reloc    ] GC(171) Large Pages: 4 / 24M, Empty: 12M, Relocated: 0M, In-Place: 0
[65.568s][info][gc,reloc    ] GC(171) Forwarding Usage: 1M
[65.568s][info][gc,heap     ] GC(171) Min Capacity: 8M(0%)
[65.568s][info][gc,heap     ] GC(171) Max Capacity: 2048M(100%)
[65.568s][info][gc,heap     ] GC(171) Soft Max Capacity: 2048M(100%)
[65.568s][info][gc,heap     ] GC(171)                Mark Start          Mark End        Relocate Start      Relocate End           High               Low         
[65.568s][info][gc,heap     ] GC(171)  Capacity:     2048M (100%)       2048M (100%)       2048M (100%)       2048M (100%)       2048M (100%)       2048M (100%)   
[65.568s][info][gc,heap     ] GC(171)      Free:      992M (48%)         724M (35%)        1448M (71%)        1488M (73%)        1490M (73%)         712M (35%)    
[65.568s][info][gc,heap     ] GC(171)      Used:     1056M (52%)        1324M (65%)         600M (29%)         560M (27%)        1336M (65%)         558M (27%)    
[65.568s][info][gc,heap     ] GC(171)      Live:         -               206M (10%)         206M (10%)         206M (10%)            -                  -          
[65.568s][info][gc,heap     ] GC(171) Allocated:         -               268M (13%)         304M (15%)         309M (15%)            -                  -          
[65.568s][info][gc,heap     ] GC(171)   Garbage:         -               849M (41%)          89M (4%)           43M (2%)             -                  -          
[65.568s][info][gc,heap     ] GC(171) Reclaimed:         -                  -               760M (37%)         805M (39%)            -                  -          
[65.568s][info][gc          ] GC(171) Garbage Collection (Allocation Rate) 1056M(52%)->560M(27%)
[65.772s][info][gc,start    ] GC(172) Garbage Collection (Allocation Rate)
[65.772s][info][gc,task     ] GC(172) Using 5 workers
[65.772s][info][gc,phases   ] GC(172) Pause Mark Start 0.014ms
[65.866s][info][gc,phases   ] GC(172) Concurrent Mark 93.374ms
[65.866s][info][gc,phases   ] GC(172) Pause Mark End 0.029ms
[65.866s][info][gc,phases   ] GC(172) Concurrent Mark Free 0.001ms
[65.870s][info][gc,phases   ] GC(172) Concurrent Process Non-Strong References 4.060ms
[65.870s][info][gc,phases   ] GC(172) Concurrent Reset Relocation Set 0.003ms
[65.874s][info][gc,phases   ] GC(172) Concurrent Select Relocation Set 3.648ms
[65.874s][info][gc,phases   ] GC(172) Pause Relocate Start 0.008ms
[65.879s][info][gc,phases   ] GC(172) Concurrent Relocate 4.451ms
[65.879s][info][gc,load     ] GC(172) Load: 0.00/0.00/0.00
[65.879s][info][gc,mmu      ] GC(172) MMU: 2ms/96.5%, 5ms/98.6%, 10ms/99.3%, 20ms/99.6%, 50ms/99.8%, 100ms/99.9%
[65.879s][info][gc,marking  ] GC(172) Mark: 4 stripe(s), 2 proactive flush(es), 1 terminate flush(es), 0 completion(s), 0 continuation(s) 
[65.879s][info][gc,marking  ] GC(172) Mark Stack Usage: 32M
[65.879s][info][gc,nmethod  ] GC(172) NMethods: 5989 registered, 3703 unregistered
[65.879s][info][gc,metaspace] GC(172) Metaspace: 59M used, 60M committed, 1088M reserved
[65.879s][info][gc,ref      ] GC(172) Soft: 4713 encountered, 0 discovered, 0 enqueued
[65.879s][info][gc,ref      ] GC(172) Weak: 6074 encountered, 1473 discovered, 19 enqueued
[65.879s][info][gc,ref      ] GC(172) Final: 82 encountered, 1 discovered, 0 enqueued
[65.879s][info][gc,ref      ] GC(172) Phantom: 608 encountered, 514 discovered, 0 enqueued
[65.879s][info][gc,reloc    ] GC(172) Small Pages: 419 / 838M, Empty: 608M, Relocated: 3M, In-Place: 0
[65.879s][info][gc,reloc    ] GC(172) Medium Pages: 1 / 32M, Empty: 0M, Relocated: 0M, In-Place: 0
[65.879s][info][gc,reloc    ] GC(172) Large Pages: 2 / 12M, Empty: 0M, Relocated: 0M, In-Place: 0
[65.879s][info][gc,reloc    ] GC(172) Forwarding Usage: 1M
[65.879s][info][gc,heap     ] GC(172) Min Capacity: 8M(0%)
[65.879s][info][gc,heap     ] GC(172) Max Capacity: 2048M(100%)
[65.879s][info][gc,heap     ] GC(172) Soft Max Capacity: 2048M(100%)
[65.879s][info][gc,heap     ] GC(172)                Mark Start          Mark End        Relocate Start      Relocate End           High               Low         
[65.879s][info][gc,heap     ] GC(172)  Capacity:     2048M (100%)       2048M (100%)       2048M (100%)       2048M (100%)       2048M (100%)       2048M (100%)   
[65.879s][info][gc,heap     ] GC(172)      Free:     1166M (57%)        1022M (50%)        1622M (79%)        1634M (80%)        1642M (80%)        1018M (50%)    
[65.879s][info][gc,heap     ] GC(172)      Used:      882M (43%)        1026M (50%)         426M (21%)         414M (20%)        1030M (50%)         406M (20%)    
[65.879s][info][gc,heap     ] GC(172)      Live:         -               206M (10%)         206M (10%)         206M (10%)            -                  -          
[65.879s][info][gc,heap     ] GC(172) Allocated:         -               144M (7%)          152M (7%)          165M (8%)             -                  -          
[65.879s][info][gc,heap     ] GC(172)   Garbage:         -               675M (33%)          67M (3%)           41M (2%)             -                  -          
[65.879s][info][gc,heap     ] GC(172) Reclaimed:         -                  -               608M (30%)         633M (31%)            -                  -          
[65.880s][info][gc          ] GC(172) Garbage Collection (Allocation Rate) 882M(43%)->414M(20%)
[66.069s][info][gc,start    ] GC(173) Garbage Collection (Allocation Rate)
[66.069s][info][gc,task     ] GC(173) Using 4 workers
[66.069s][info][gc,phases   ] GC(173) Pause Mark Start 0.011ms
[66.170s][info][gc,phases   ] GC(173) Concurrent Mark 100.904ms
[66.170s][info][gc,phases   ] GC(173) Pause Mark End 0.029ms
[66.170s][info][gc,phases   ] GC(173) Concurrent Mark Free 0.001ms
[66.174s][info][gc,phases   ] GC(173) Concurrent Process Non-Strong References 3.906ms
[66.174s][info][gc,phases   ] GC(173) Concurrent Reset Relocation Set 0.002ms
[66.179s][info][gc,phases   ] GC(173) Concurrent Select Relocation Set 4.894ms
[66.179s][info][gc,phases   ] GC(173) Pause Relocate Start 0.005ms
[66.181s][info][gc,phases   ] GC(173) Concurrent Relocate 1.909ms
[66.182s][info][gc,load     ] GC(173) Load: 0.00/0.00/0.00
[66.182s][info][gc,mmu      ] GC(173) MMU: 2ms/96.5%, 5ms/98.6%, 10ms/99.3%, 20ms/99.6%, 50ms/99.8%, 100ms/99.9%
[66.182s][info][gc,marking  ] GC(173) Mark: 4 stripe(s), 2 proactive flush(es), 1 terminate flush(es), 0 completion(s), 0 continuation(s) 
[66.182s][info][gc,marking  ] GC(173) Mark Stack Usage: 32M
[66.182s][info][gc,nmethod  ] GC(173) NMethods: 5967 registered, 3733 unregistered
[66.182s][info][gc,metaspace] GC(173) Metaspace: 59M used, 60M committed, 1088M reserved
[66.182s][info][gc,ref      ] GC(173) Soft: 4713 encountered, 0 discovered, 0 enqueued
[66.182s][info][gc,ref      ] GC(173) Weak: 6051 encountered, 2648 discovered, 0 enqueued
[66.182s][info][gc,ref      ] GC(173) Final: 82 encountered, 0 discovered, 0 enqueued
[66.182s][info][gc,ref      ] GC(173) Phantom: 608 encountered, 510 discovered, 0 enqueued
[66.182s][info][gc,reloc    ] GC(173) Small Pages: 482 / 964M, Empty: 746M, Relocated: 1M, In-Place: 0
[66.182s][info][gc,reloc    ] GC(173) Medium Pages: 1 / 32M, Empty: 0M, Relocated: 0M, In-Place: 0
[66.182s][info][gc,reloc    ] GC(173) Large Pages: 2 / 12M, Empty: 0M, Relocated: 0M, In-Place: 0
[66.182s][info][gc,reloc    ] GC(173) Forwarding Usage: 0M
[66.182s][info][gc,heap     ] GC(173) Min Capacity: 8M(0%)
[66.182s][info][gc,heap     ] GC(173) Max Capacity: 2048M(100%)
[66.182s][info][gc,heap     ] GC(173) Soft Max Capacity: 2048M(100%)
[66.182s][info][gc,heap     ] GC(173)                Mark Start          Mark End        Relocate Start      Relocate End           High               Low         
[66.182s][info][gc,heap     ] GC(173)  Capacity:     2048M (100%)       2048M (100%)       2048M (100%)       2048M (100%)       2048M (100%)       2048M (100%)   
[66.182s][info][gc,heap     ] GC(173)      Free:     1040M (51%)         954M (47%)        1700M (83%)        1714M (84%)        1714M (84%)         954M (47%)    
[66.182s][info][gc,heap     ] GC(173)      Used:     1008M (49%)        1094M (53%)         348M (17%)         334M (16%)        1094M (53%)         334M (16%)    
[66.182s][info][gc,heap     ] GC(173)      Live:         -               206M (10%)         206M (10%)         206M (10%)            -                  -          
[66.182s][info][gc,heap     ] GC(173) Allocated:         -                86M (4%)           86M (4%)           86M (4%)             -                  -          
[66.182s][info][gc,heap     ] GC(173)   Garbage:         -               801M (39%)          55M (3%)           41M (2%)             -                  -          
[66.182s][info][gc,heap     ] GC(173) Reclaimed:         -                  -               746M (36%)         760M (37%)            -                  -          
[66.182s][info][gc          ] GC(173) Garbage Collection (Allocation Rate) 1008M(49%)->334M(16%)
[66.182s][info][gc,start    ] GC(174) Garbage Collection (System.gc())
[66.182s][info][gc,task     ] GC(174) Using 12 workers
[66.182s][info][gc,phases   ] GC(174) Pause Mark Start 0.009ms
[66.233s][info][gc,phases   ] GC(174) Concurrent Mark 50.060ms
[66.233s][info][gc,phases   ] GC(174) Pause Mark End 0.029ms
[66.233s][info][gc,phases   ] GC(174) Concurrent Mark Free 0.001ms
[66.235s][info][gc,phases   ] GC(174) Concurrent Process Non-Strong References 1.610ms
[66.235s][info][gc,phases   ] GC(174) Concurrent Reset Relocation Set 0.002ms
[66.238s][info][gc,phases   ] GC(174) Concurrent Select Relocation Set 3.527ms
[66.238s][info][gc,phases   ] GC(174) Pause Relocate Start 0.006ms
[66.240s][info][gc,phases   ] GC(174) Concurrent Relocate 1.967ms
[66.240s][info][gc,load     ] GC(174) Load: 0.00/0.00/0.00
[66.240s][info][gc,mmu      ] GC(174) MMU: 2ms/96.5%, 5ms/98.6%, 10ms/99.3%, 20ms/99.6%, 50ms/99.8%, 100ms/99.9%
[66.240s][info][gc,marking  ] GC(174) Mark: 8 stripe(s), 1 proactive flush(es), 1 terminate flush(es), 0 completion(s), 0 continuation(s) 
[66.240s][info][gc,marking  ] GC(174) Mark Stack Usage: 32M
[66.240s][info][gc,nmethod  ] GC(174) NMethods: 5965 registered, 3735 unregistered
[66.240s][info][gc,metaspace] GC(174) Metaspace: 59M used, 60M committed, 1088M reserved
[66.241s][info][gc,ref      ] GC(174) Soft: 4711 encountered, 0 discovered, 0 enqueued
[66.241s][info][gc,ref      ] GC(174) Weak: 6124 encountered, 1075 discovered, 119 enqueued
[66.241s][info][gc,ref      ] GC(174) Final: 82 encountered, 3 discovered, 0 enqueued
[66.241s][info][gc,ref      ] GC(174) Phantom: 608 encountered, 588 discovered, 0 enqueued
[66.241s][info][gc,reloc    ] GC(174) Small Pages: 142 / 284M, Empty: 66M, Relocated: 1M, In-Place: 0
[66.241s][info][gc,reloc    ] GC(174) Medium Pages: 1 / 32M, Empty: 0M, Relocated: 0M, In-Place: 0
[66.241s][info][gc,reloc    ] GC(174) Large Pages: 3 / 18M, Empty: 6M, Relocated: 0M, In-Place: 0
[66.241s][info][gc,reloc    ] GC(174) Forwarding Usage: 0M
[66.241s][info][gc,heap     ] GC(174) Min Capacity: 8M(0%)
[66.241s][info][gc,heap     ] GC(174) Max Capacity: 2048M(100%)
[66.241s][info][gc,heap     ] GC(174) Soft Max Capacity: 2048M(100%)
[66.241s][info][gc,heap     ] GC(174)                Mark Start          Mark End        Relocate Start      Relocate End           High               Low         
[66.241s][info][gc,heap     ] GC(174)  Capacity:     2048M (100%)       2048M (100%)       2048M (100%)       2048M (100%)       2048M (100%)       2048M (100%)   
[66.241s][info][gc,heap     ] GC(174)      Free:     1714M (84%)        1712M (84%)        1780M (87%)        1780M (87%)        1780M (87%)        1708M (83%)    
[66.241s][info][gc,heap     ] GC(174)      Used:      334M (16%)         336M (16%)         268M (13%)         268M (13%)         340M (17%)         268M (13%)    
[66.241s][info][gc,heap     ] GC(174)      Live:         -               206M (10%)         206M (10%)         206M (10%)            -                  -          
[66.241s][info][gc,heap     ] GC(174) Allocated:         -                 2M (0%)            6M (0%)            6M (0%)             -                  -          
[66.241s][info][gc,heap     ] GC(174)   Garbage:         -               127M (6%)           55M (3%)           55M (3%)             -                  -          
[66.241s][info][gc,heap     ] GC(174) Reclaimed:         -                  -                72M (4%)           72M (4%)             -                  -          
[66.241s][info][gc          ] GC(174) Garbage Collection (System.gc()) 334M(16%)->268M(13%)
[66.576s][info][gc,start    ] GC(175) Garbage Collection (Allocation Rate)
[66.576s][info][gc,task     ] GC(175) Using 4 workers
[66.577s][info][gc,phases   ] GC(175) Pause Mark Start 0.016ms
[66.670s][info][gc,phases   ] GC(175) Concurrent Mark 93.269ms
[66.670s][info][gc,phases   ] GC(175) Pause Mark End 0.022ms
[66.670s][info][gc,phases   ] GC(175) Concurrent Mark Free 0.001ms
[66.675s][info][gc,phases   ] GC(175) Concurrent Process Non-Strong References 4.288ms
[66.675s][info][gc,phases   ] GC(175) Concurrent Reset Relocation Set 0.001ms
[66.678s][info][gc,phases   ] GC(175) Concurrent Select Relocation Set 3.674ms
[66.678s][info][gc,phases   ] GC(175) Pause Relocate Start 0.006ms
[66.683s][info][gc,phases   ] GC(175) Concurrent Relocate 4.494ms
[66.683s][info][gc,load     ] GC(175) Load: 0.00/0.00/0.00
[66.683s][info][gc,mmu      ] GC(175) MMU: 2ms/96.5%, 5ms/98.6%, 10ms/99.3%, 20ms/99.6%, 50ms/99.8%, 100ms/99.9%
[66.683s][info][gc,marking  ] GC(175) Mark: 4 stripe(s), 2 proactive flush(es), 1 terminate flush(es), 0 completion(s), 0 continuation(s) 
[66.683s][info][gc,marking  ] GC(175) Mark Stack Usage: 32M
[66.683s][info][gc,nmethod  ] GC(175) NMethods: 5913 registered, 3802 unregistered
[66.683s][info][gc,metaspace] GC(175) Metaspace: 59M used, 60M committed, 1088M reserved
[66.683s][info][gc,ref      ] GC(175) Soft: 4713 encountered, 0 discovered, 0 enqueued
[66.683s][info][gc,ref      ] GC(175) Weak: 6138 encountered, 2204 discovered, 74 enqueued
[66.683s][info][gc,ref      ] GC(175) Final: 82 encountered, 4 discovered, 0 enqueued
[66.683s][info][gc,ref      ] GC(175) Phantom: 608 encountered, 524 discovered, 0 enqueued
[66.683s][info][gc,reloc    ] GC(175) Small Pages: 581 / 1162M, Empty: 910M, Relocated: 3M, In-Place: 0
[66.683s][info][gc,reloc    ] GC(175) Medium Pages: 2 / 64M, Empty: 32M, Relocated: 0M, In-Place: 0
[66.683s][info][gc,reloc    ] GC(175) Large Pages: 4 / 24M, Empty: 12M, Relocated: 0M, In-Place: 0
[66.683s][info][gc,reloc    ] GC(175) Forwarding Usage: 1M
[66.683s][info][gc,heap     ] GC(175) Min Capacity: 8M(0%)
[66.683s][info][gc,heap     ] GC(175) Max Capacity: 2048M(100%)
[66.683s][info][gc,heap     ] GC(175) Soft Max Capacity: 2048M(100%)
[66.683s][info][gc,heap     ] GC(175)                Mark Start          Mark End        Relocate Start      Relocate End           High               Low         
[66.683s][info][gc,heap     ] GC(175)  Capacity:     2048M (100%)       2048M (100%)       2048M (100%)       2048M (100%)       2048M (100%)       2048M (100%)   
[66.683s][info][gc,heap     ] GC(175)      Free:      798M (39%)         532M (26%)        1466M (72%)        1504M (73%)        1510M (74%)         522M (25%)    
[66.683s][info][gc,heap     ] GC(175)      Used:     1250M (61%)        1516M (74%)         582M (28%)         544M (27%)        1526M (75%)         538M (26%)    
[66.683s][info][gc,heap     ] GC(175)      Live:         -               206M (10%)         206M (10%)         206M (10%)            -                  -          
[66.683s][info][gc,heap     ] GC(175) Allocated:         -               266M (13%)         286M (14%)         297M (15%)            -                  -          
[66.683s][info][gc,heap     ] GC(175)   Garbage:         -              1043M (51%)          89M (4%)           39M (2%)             -                  -          
[66.683s][info][gc,heap     ] GC(175) Reclaimed:         -                  -               954M (47%)        1003M (49%)            -                  -          
[66.683s][info][gc          ] GC(175) Garbage Collection (Allocation Rate) 1250M(61%)->544M(27%)
[66.865s][info][gc,start    ] GC(176) Garbage Collection (Allocation Rate)
[66.865s][info][gc,task     ] GC(176) Using 4 workers
[66.865s][info][gc,phases   ] GC(176) Pause Mark Start 0.013ms
[66.958s][info][gc,phases   ] GC(176) Concurrent Mark 93.323ms
[66.958s][info][gc,phases   ] GC(176) Pause Mark End 0.030ms
[66.959s][info][gc,phases   ] GC(176) Concurrent Mark Free 0.001ms
[66.963s][info][gc,phases   ] GC(176) Concurrent Process Non-Strong References 4.191ms
[66.963s][info][gc,phases   ] GC(176) Concurrent Reset Relocation Set 0.003ms
[66.967s][info][gc,phases   ] GC(176) Concurrent Select Relocation Set 3.763ms
[66.967s][info][gc,phases   ] GC(176) Pause Relocate Start 0.007ms
[66.970s][info][gc,phases   ] GC(176) Concurrent Relocate 3.495ms
[66.970s][info][gc,load     ] GC(176) Load: 0.00/0.00/0.00
[66.970s][info][gc,mmu      ] GC(176) MMU: 2ms/96.5%, 5ms/98.6%, 10ms/99.3%, 20ms/99.6%, 50ms/99.8%, 100ms/99.9%
[66.970s][info][gc,marking  ] GC(176) Mark: 4 stripe(s), 2 proactive flush(es), 1 terminate flush(es), 0 completion(s), 0 continuation(s) 
[66.970s][info][gc,marking  ] GC(176) Mark Stack Usage: 32M
[66.971s][info][gc,nmethod  ] GC(176) NMethods: 5913 registered, 3802 unregistered
[66.971s][info][gc,metaspace] GC(176) Metaspace: 59M used, 60M committed, 1088M reserved
[66.971s][info][gc,ref      ] GC(176) Soft: 4713 encountered, 0 discovered, 0 enqueued
[66.971s][info][gc,ref      ] GC(176) Weak: 6063 encountered, 1768 discovered, 14 enqueued
[66.971s][info][gc,ref      ] GC(176) Final: 82 encountered, 6 discovered, 0 enqueued
[66.971s][info][gc,ref      ] GC(176) Phantom: 608 encountered, 480 discovered, 0 enqueued
[66.971s][info][gc,reloc    ] GC(176) Small Pages: 544 / 1088M, Empty: 864M, Relocated: 3M, In-Place: 0
[66.971s][info][gc,reloc    ] GC(176) Medium Pages: 1 / 32M, Empty: 0M, Relocated: 0M, In-Place: 0
[66.971s][info][gc,reloc    ] GC(176) Large Pages: 2 / 12M, Empty: 0M, Relocated: 0M, In-Place: 0
[66.971s][info][gc,reloc    ] GC(176) Forwarding Usage: 1M
[66.971s][info][gc,heap     ] GC(176) Min Capacity: 8M(0%)
[66.971s][info][gc,heap     ] GC(176) Max Capacity: 2048M(100%)
[66.971s][info][gc,heap     ] GC(176) Soft Max Capacity: 2048M(100%)
[66.971s][info][gc,heap     ] GC(176)                Mark Start          Mark End        Relocate Start      Relocate End           High               Low         
[66.971s][info][gc,heap     ] GC(176)  Capacity:     2048M (100%)       2048M (100%)       2048M (100%)       2048M (100%)       2048M (100%)       2048M (100%)   
[66.971s][info][gc,heap     ] GC(176)      Free:      916M (45%)         622M (30%)        1458M (71%)        1470M (72%)        1474M (72%)         608M (30%)    
[66.971s][info][gc,heap     ] GC(176)      Used:     1132M (55%)        1426M (70%)         590M (29%)         578M (28%)        1440M (70%)         574M (28%)    
[66.971s][info][gc,heap     ] GC(176)      Live:         -               206M (10%)         206M (10%)         206M (10%)            -                  -          
[66.971s][info][gc,heap     ] GC(176) Allocated:         -               294M (14%)         322M (16%)         331M (16%)            -                  -          
[66.971s][info][gc,heap     ] GC(176)   Garbage:         -               925M (45%)          61M (3%)           39M (2%)             -                  -          
[66.971s][info][gc,heap     ] GC(176) Reclaimed:         -                  -               864M (42%)         885M (43%)            -                  -          
[66.971s][info][gc          ] GC(176) Garbage Collection (Allocation Rate) 1132M(55%)->578M(28%)
[67.022s][info][gc,start    ] GC(177) Garbage Collection (System.gc())
[67.022s][info][gc,task     ] GC(177) Using 12 workers
[67.022s][info][gc,phases   ] GC(177) Pause Mark Start 0.015ms
[67.082s][info][gc,phases   ] GC(177) Concurrent Mark 59.906ms
[67.082s][info][gc,phases   ] GC(177) Pause Mark End 0.020ms
[67.082s][info][gc,phases   ] GC(177) Concurrent Mark Free 0.001ms
[67.084s][info][gc,phases   ] GC(177) Concurrent Process Non-Strong References 1.760ms
[67.084s][info][gc,phases   ] GC(177) Concurrent Reset Relocation Set 0.002ms
[67.088s][info][gc,phases   ] GC(177) Concurrent Select Relocation Set 3.395ms
[67.088s][info][gc,phases   ] GC(177) Pause Relocate Start 0.007ms
[67.090s][info][gc,phases   ] GC(177) Concurrent Relocate 2.038ms
[67.090s][info][gc,load     ] GC(177) Load: 0.00/0.00/0.00
[67.090s][info][gc,mmu      ] GC(177) MMU: 2ms/96.5%, 5ms/98.6%, 10ms/99.3%, 20ms/99.6%, 50ms/99.8%, 100ms/99.9%
[67.090s][info][gc,marking  ] GC(177) Mark: 8 stripe(s), 3 proactive flush(es), 1 terminate flush(es), 0 completion(s), 0 continuation(s) 
[67.090s][info][gc,marking  ] GC(177) Mark Stack Usage: 32M
[67.090s][info][gc,nmethod  ] GC(177) NMethods: 5921 registered, 3804 unregistered
[67.090s][info][gc,metaspace] GC(177) Metaspace: 59M used, 60M committed, 1088M reserved
[67.090s][info][gc,ref      ] GC(177) Soft: 4711 encountered, 0 discovered, 0 enqueued
[67.090s][info][gc,ref      ] GC(177) Weak: 6106 encountered, 892 discovered, 119 enqueued
[67.090s][info][gc,ref      ] GC(177) Final: 82 encountered, 4 discovered, 0 enqueued
[67.090s][info][gc,ref      ] GC(177) Phantom: 608 encountered, 506 discovered, 0 enqueued
[67.090s][info][gc,reloc    ] GC(177) Small Pages: 295 / 590M, Empty: 370M, Relocated: 1M, In-Place: 0
[67.090s][info][gc,reloc    ] GC(177) Medium Pages: 1 / 32M, Empty: 0M, Relocated: 0M, In-Place: 0
[67.090s][info][gc,reloc    ] GC(177) Large Pages: 3 / 18M, Empty: 6M, Relocated: 0M, In-Place: 0
[67.090s][info][gc,reloc    ] GC(177) Forwarding Usage: 0M
[67.090s][info][gc,heap     ] GC(177) Min Capacity: 8M(0%)
[67.090s][info][gc,heap     ] GC(177) Max Capacity: 2048M(100%)
[67.090s][info][gc,heap     ] GC(177) Soft Max Capacity: 2048M(100%)
[67.090s][info][gc,heap     ] GC(177)                Mark Start          Mark End        Relocate Start      Relocate End           High               Low         
[67.090s][info][gc,heap     ] GC(177)  Capacity:     2048M (100%)       2048M (100%)       2048M (100%)       2048M (100%)       2048M (100%)       2048M (100%)   
[67.090s][info][gc,heap     ] GC(177)      Free:     1408M (69%)        1408M (69%)        1778M (87%)        1780M (87%)        1780M (87%)        1406M (69%)    
[67.091s][info][gc,heap     ] GC(177)      Used:      640M (31%)         640M (31%)         270M (13%)         268M (13%)         642M (31%)         268M (13%)    
[67.091s][info][gc,heap     ] GC(177)      Live:         -               206M (10%)         206M (10%)         206M (10%)            -                  -          
[67.091s][info][gc,heap     ] GC(177) Allocated:         -                 0M (0%)            6M (0%)            5M (0%)             -                  -          
[67.091s][info][gc,heap     ] GC(177)   Garbage:         -               433M (21%)          57M (3%)           55M (3%)             -                  -          
[67.091s][info][gc,heap     ] GC(177) Reclaimed:         -                  -               376M (18%)         377M (18%)            -                  -          
[67.091s][info][gc          ] GC(177) Garbage Collection (System.gc()) 640M(31%)->268M(13%)
[67.270s][info][gc,start    ] GC(178) Garbage Collection (Allocation Rate)
[67.270s][info][gc,task     ] GC(178) Using 6 workers
[67.270s][info][gc,phases   ] GC(178) Pause Mark Start 0.016ms
[67.336s][info][gc,phases   ] GC(178) Concurrent Mark 66.341ms
[67.337s][info][gc,phases   ] GC(178) Pause Mark End 0.024ms
[67.337s][info][gc,phases   ] GC(178) Concurrent Mark Free 0.001ms
[67.339s][info][gc,phases   ] GC(178) Concurrent Process Non-Strong References 2.806ms
[67.339s][info][gc,phases   ] GC(178) Concurrent Reset Relocation Set 0.002ms
[67.345s][info][gc,phases   ] GC(178) Concurrent Select Relocation Set 5.176ms
[67.345s][info][gc,phases   ] GC(178) Pause Relocate Start 0.005ms
[67.347s][info][gc,phases   ] GC(178) Concurrent Relocate 2.201ms
[67.347s][info][gc,load     ] GC(178) Load: 0.00/0.00/0.00
[67.347s][info][gc,mmu      ] GC(178) MMU: 2ms/96.5%, 5ms/98.6%, 10ms/99.3%, 20ms/99.6%, 50ms/99.8%, 100ms/99.9%
[67.347s][info][gc,marking  ] GC(178) Mark: 4 stripe(s), 2 proactive flush(es), 1 terminate flush(es), 0 completion(s), 0 continuation(s) 
[67.347s][info][gc,marking  ] GC(178) Mark Stack Usage: 32M
[67.347s][info][gc,nmethod  ] GC(178) NMethods: 5964 registered, 3804 unregistered
[67.347s][info][gc,metaspace] GC(178) Metaspace: 59M used, 60M committed, 1088M reserved
[67.347s][info][gc,ref      ] GC(178) Soft: 4713 encountered, 0 discovered, 0 enqueued
[67.347s][info][gc,ref      ] GC(178) Weak: 6150 encountered, 1838 discovered, 75 enqueued
[67.347s][info][gc,ref      ] GC(178) Final: 82 encountered, 7 discovered, 0 enqueued
[67.347s][info][gc,ref      ] GC(178) Phantom: 608 encountered, 489 discovered, 0 enqueued
[67.347s][info][gc,reloc    ] GC(178) Small Pages: 296 / 592M, Empty: 342M, Relocated: 3M, In-Place: 0
[67.347s][info][gc,reloc    ] GC(178) Medium Pages: 2 / 64M, Empty: 32M, Relocated: 0M, In-Place: 0
[67.347s][info][gc,reloc    ] GC(178) Large Pages: 4 / 24M, Empty: 12M, Relocated: 0M, In-Place: 0
[67.347s][info][gc,reloc    ] GC(178) Forwarding Usage: 1M
[67.347s][info][gc,heap     ] GC(178) Min Capacity: 8M(0%)
[67.348s][info][gc,heap     ] GC(178) Max Capacity: 2048M(100%)
[67.348s][info][gc,heap     ] GC(178) Soft Max Capacity: 2048M(100%)
[67.348s][info][gc,heap     ] GC(178)                Mark Start          Mark End        Relocate Start      Relocate End           High               Low         
[67.348s][info][gc,heap     ] GC(178)  Capacity:     2048M (100%)       2048M (100%)       2048M (100%)       2048M (100%)       2048M (100%)       2048M (100%)   
[67.348s][info][gc,heap     ] GC(178)      Free:     1368M (67%)        1198M (58%)        1558M (76%)        1594M (78%)        1596M (78%)        1192M (58%)    
[67.348s][info][gc,heap     ] GC(178)      Used:      680M (33%)         850M (42%)         490M (24%)         454M (22%)         856M (42%)         452M (22%)    
[67.348s][info][gc,heap     ] GC(178)      Live:         -               206M (10%)         206M (10%)         206M (10%)            -                  -          
[67.348s][info][gc,heap     ] GC(178) Allocated:         -               170M (8%)          196M (10%)         203M (10%)            -                  -          
[67.348s][info][gc,heap     ] GC(178)   Garbage:         -               473M (23%)          87M (4%)           43M (2%)             -                  -          
[67.348s][info][gc,heap     ] GC(178) Reclaimed:         -                  -               386M (19%)         429M (21%)            -                  -          
[67.348s][info][gc          ] GC(178) Garbage Collection (Allocation Rate) 680M(33%)->454M(22%)
[67.466s][info][gc,start    ] GC(179) Garbage Collection (Allocation Rate)
[67.466s][info][gc,task     ] GC(179) Using 6 workers
[67.466s][info][gc,phases   ] GC(179) Pause Mark Start 0.012ms
[67.544s][info][gc,phases   ] GC(179) Concurrent Mark 77.782ms
[67.544s][info][gc,phases   ] GC(179) Pause Mark End 0.030ms
[67.544s][info][gc,phases   ] GC(179) Concurrent Mark Free 0.001ms
[67.548s][info][gc,phases   ] GC(179) Concurrent Process Non-Strong References 3.502ms
[67.548s][info][gc,phases   ] GC(179) Concurrent Reset Relocation Set 0.003ms
[67.551s][info][gc,phases   ] GC(179) Concurrent Select Relocation Set 3.700ms
[67.552s][info][gc,phases   ] GC(179) Pause Relocate Start 0.008ms
[67.556s][info][gc,phases   ] GC(179) Concurrent Relocate 4.537ms
[67.556s][info][gc,load     ] GC(179) Load: 0.00/0.00/0.00
[67.556s][info][gc,mmu      ] GC(179) MMU: 2ms/96.5%, 5ms/98.6%, 10ms/99.3%, 20ms/99.6%, 50ms/99.8%, 100ms/99.9%
[67.556s][info][gc,marking  ] GC(179) Mark: 4 stripe(s), 2 proactive flush(es), 1 terminate flush(es), 0 completion(s), 0 continuation(s) 
[67.556s][info][gc,marking  ] GC(179) Mark Stack Usage: 32M
[67.556s][info][gc,nmethod  ] GC(179) NMethods: 5964 registered, 3804 unregistered
[67.556s][info][gc,metaspace] GC(179) Metaspace: 59M used, 60M committed, 1088M reserved
[67.556s][info][gc,ref      ] GC(179) Soft: 4713 encountered, 0 discovered, 0 enqueued
[67.556s][info][gc,ref      ] GC(179) Weak: 6074 encountered, 2228 discovered, 19 enqueued
[67.557s][info][gc,ref      ] GC(179) Final: 82 encountered, 7 discovered, 0 enqueued
[67.557s][info][gc,ref      ] GC(179) Phantom: 608 encountered, 432 discovered, 0 enqueued
[67.557s][info][gc,reloc    ] GC(179) Small Pages: 408 / 816M, Empty: 588M, Relocated: 3M, In-Place: 0
[67.557s][info][gc,reloc    ] GC(179) Medium Pages: 1 / 32M, Empty: 0M, Relocated: 0M, In-Place: 0
[67.557s][info][gc,reloc    ] GC(179) Large Pages: 2 / 12M, Empty: 0M, Relocated: 0M, In-Place: 0
[67.557s][info][gc,reloc    ] GC(179) Forwarding Usage: 1M
[67.557s][info][gc,heap     ] GC(179) Min Capacity: 8M(0%)
[67.557s][info][gc,heap     ] GC(179) Max Capacity: 2048M(100%)
[67.557s][info][gc,heap     ] GC(179) Soft Max Capacity: 2048M(100%)
[67.557s][info][gc,heap     ] GC(179)                Mark Start          Mark End        Relocate Start      Relocate End           High               Low         
[67.557s][info][gc,heap     ] GC(179)  Capacity:     2048M (100%)       2048M (100%)       2048M (100%)       2048M (100%)       2048M (100%)       2048M (100%)   
[67.557s][info][gc,heap     ] GC(179)      Free:     1188M (58%)         924M (45%)        1486M (73%)        1494M (73%)        1502M (73%)         912M (45%)    
[67.557s][info][gc,heap     ] GC(179)      Used:      860M (42%)        1124M (55%)         562M (27%)         554M (27%)        1136M (55%)         546M (27%)    
[67.557s][info][gc,heap     ] GC(179)      Live:         -               206M (10%)         206M (10%)         206M (10%)            -                  -          
[67.557s][info][gc,heap     ] GC(179) Allocated:         -               264M (13%)         290M (14%)         303M (15%)            -                  -          
[67.557s][info][gc,heap     ] GC(179)   Garbage:         -               653M (32%)          65M (3%)           43M (2%)             -                  -          
[67.557s][info][gc,heap     ] GC(179) Reclaimed:         -                  -               588M (29%)         609M (30%)            -                  -          
[67.557s][info][gc          ] GC(179) Garbage Collection (Allocation Rate) 860M(42%)->554M(27%)
[67.763s][info][gc,start    ] GC(180) Garbage Collection (Allocation Rate)
[67.763s][info][gc,task     ] GC(180) Using 4 workers
[67.763s][info][gc,phases   ] GC(180) Pause Mark Start 0.015ms
[67.858s][info][gc,phases   ] GC(180) Concurrent Mark 95.352ms
[67.858s][info][gc,phases   ] GC(180) Pause Mark End 0.036ms
[67.858s][info][gc,phases   ] GC(180) Concurrent Mark Free 0.001ms
[67.863s][info][gc,phases   ] GC(180) Concurrent Process Non-Strong References 3.965ms
[67.863s][info][gc,phases   ] GC(180) Concurrent Reset Relocation Set 0.003ms
[67.866s][info][gc,phases   ] GC(180) Concurrent Select Relocation Set 3.707ms
[67.866s][info][gc,phases   ] GC(180) Pause Relocate Start 0.009ms
[67.871s][info][gc,phases   ] GC(180) Concurrent Relocate 4.535ms
[67.871s][info][gc,load     ] GC(180) Load: 0.00/0.00/0.00
[67.871s][info][gc,mmu      ] GC(180) MMU: 2ms/96.5%, 5ms/98.6%, 10ms/99.3%, 20ms/99.6%, 50ms/99.8%, 100ms/99.9%
[67.871s][info][gc,marking  ] GC(180) Mark: 4 stripe(s), 2 proactive flush(es), 1 terminate flush(es), 0 completion(s), 0 continuation(s) 
[67.871s][info][gc,marking  ] GC(180) Mark Stack Usage: 32M
[67.871s][info][gc,nmethod  ] GC(180) NMethods: 6010 registered, 3804 unregistered
[67.871s][info][gc,metaspace] GC(180) Metaspace: 59M used, 60M committed, 1088M reserved
[67.871s][info][gc,ref      ] GC(180) Soft: 4713 encountered, 0 discovered, 0 enqueued
[67.871s][info][gc,ref      ] GC(180) Weak: 6053 encountered, 1838 discovered, 0 enqueued
[67.871s][info][gc,ref      ] GC(180) Final: 82 encountered, 3 discovered, 0 enqueued
[67.871s][info][gc,ref      ] GC(180) Phantom: 608 encountered, 393 discovered, 0 enqueued
[67.871s][info][gc,reloc    ] GC(180) Small Pages: 609 / 1218M, Empty: 996M, Relocated: 3M, In-Place: 0
[67.871s][info][gc,reloc    ] GC(180) Medium Pages: 1 / 32M, Empty: 0M, Relocated: 0M, In-Place: 0
[67.872s][info][gc,reloc    ] GC(180) Large Pages: 2 / 12M, Empty: 0M, Relocated: 0M, In-Place: 0
[67.872s][info][gc,reloc    ] GC(180) Forwarding Usage: 1M
[67.872s][info][gc,heap     ] GC(180) Min Capacity: 8M(0%)
[67.872s][info][gc,heap     ] GC(180) Max Capacity: 2048M(100%)
[67.872s][info][gc,heap     ] GC(180) Soft Max Capacity: 2048M(100%)
[67.872s][info][gc,heap     ] GC(180)                Mark Start          Mark End        Relocate Start      Relocate End           High               Low         
[67.872s][info][gc,heap     ] GC(180)  Capacity:     2048M (100%)       2048M (100%)       2048M (100%)       2048M (100%)       2048M (100%)       2048M (100%)   
[67.872s][info][gc,heap     ] GC(180)      Free:      786M (38%)         556M (27%)        1552M (76%)        1572M (77%)        1572M (77%)         556M (27%)    
[67.872s][info][gc,heap     ] GC(180)      Used:     1262M (62%)        1492M (73%)         496M (24%)         476M (23%)        1492M (73%)         476M (23%)    
[67.872s][info][gc,heap     ] GC(180)      Live:         -               206M (10%)         206M (10%)         206M (10%)            -                  -          
[67.872s][info][gc,heap     ] GC(180) Allocated:         -               230M (11%)         230M (11%)         230M (11%)            -                  -          
[67.872s][info][gc,heap     ] GC(180)   Garbage:         -              1055M (52%)          59M (3%)           39M (2%)             -                  -          
[67.872s][info][gc,heap     ] GC(180) Reclaimed:         -                  -               996M (49%)        1016M (50%)            -                  -          
[67.872s][info][gc          ] GC(180) Garbage Collection (Allocation Rate) 1262M(62%)->476M(23%)
[67.872s][info][gc,start    ] GC(181) Garbage Collection (System.gc())
[67.872s][info][gc,task     ] GC(181) Using 12 workers
[67.872s][info][gc,phases   ] GC(181) Pause Mark Start 0.009ms
[67.922s][info][gc,phases   ] GC(181) Concurrent Mark 49.445ms
[67.922s][info][gc,phases   ] GC(181) Pause Mark End 0.022ms
[67.922s][info][gc,phases   ] GC(181) Concurrent Mark Free 0.001ms
[67.923s][info][gc,phases   ] GC(181) Concurrent Process Non-Strong References 1.618ms
[67.923s][info][gc,phases   ] GC(181) Concurrent Reset Relocation Set 0.001ms
[67.926s][info][gc,phases   ] GC(181) Concurrent Select Relocation Set 2.738ms
[67.926s][info][gc,phases   ] GC(181) Pause Relocate Start 0.007ms
[67.928s][info][gc,phases   ] GC(181) Concurrent Relocate 2.026ms
[67.928s][info][gc,load     ] GC(181) Load: 0.00/0.00/0.00
[67.928s][info][gc,mmu      ] GC(181) MMU: 2ms/96.5%, 5ms/98.6%, 10ms/99.3%, 20ms/99.6%, 50ms/99.8%, 100ms/99.9%
[67.928s][info][gc,marking  ] GC(181) Mark: 8 stripe(s), 2 proactive flush(es), 1 terminate flush(es), 0 completion(s), 0 continuation(s) 
[67.929s][info][gc,marking  ] GC(181) Mark Stack Usage: 32M
[67.929s][info][gc,nmethod  ] GC(181) NMethods: 6000 registered, 3814 unregistered
[67.929s][info][gc,metaspace] GC(181) Metaspace: 59M used, 60M committed, 1088M reserved
[67.929s][info][gc,ref      ] GC(181) Soft: 4711 encountered, 0 discovered, 0 enqueued
[67.929s][info][gc,ref      ] GC(181) Weak: 6124 encountered, 2288 discovered, 119 enqueued
[67.929s][info][gc,ref      ] GC(181) Final: 82 encountered, 3 discovered, 0 enqueued
[67.929s][info][gc,ref      ] GC(181) Phantom: 608 encountered, 513 discovered, 0 enqueued
[67.929s][info][gc,reloc    ] GC(181) Small Pages: 213 / 426M, Empty: 212M, Relocated: 1M, In-Place: 0
[67.929s][info][gc,reloc    ] GC(181) Medium Pages: 1 / 32M, Empty: 0M, Relocated: 0M, In-Place: 0
[67.929s][info][gc,reloc    ] GC(181) Large Pages: 3 / 18M, Empty: 6M, Relocated: 0M, In-Place: 0
[67.929s][info][gc,reloc    ] GC(181) Forwarding Usage: 0M
[67.929s][info][gc,heap     ] GC(181) Min Capacity: 8M(0%)
[67.929s][info][gc,heap     ] GC(181) Max Capacity: 2048M(100%)
[67.929s][info][gc,heap     ] GC(181) Soft Max Capacity: 2048M(100%)
[67.929s][info][gc,heap     ] GC(181)                Mark Start          Mark End        Relocate Start      Relocate End           High               Low         
[67.929s][info][gc,heap     ] GC(181)  Capacity:     2048M (100%)       2048M (100%)       2048M (100%)       2048M (100%)       2048M (100%)       2048M (100%)   
[67.929s][info][gc,heap     ] GC(181)      Free:     1572M (77%)        1570M (77%)        1784M (87%)        1784M (87%)        1784M (87%)        1570M (77%)    
[67.929s][info][gc,heap     ] GC(181)      Used:      476M (23%)         478M (23%)         264M (13%)         264M (13%)         478M (23%)         264M (13%)    
[67.929s][info][gc,heap     ] GC(181)      Live:         -               206M (10%)         206M (10%)         206M (10%)            -                  -          
[67.929s][info][gc,heap     ] GC(181) Allocated:         -                 2M (0%)            6M (0%)            5M (0%)             -                  -          
[67.929s][info][gc,heap     ] GC(181)   Garbage:         -               269M (13%)          51M (3%)           51M (3%)             -                  -          
[67.929s][info][gc,heap     ] GC(181) Reclaimed:         -                  -               218M (11%)         217M (11%)            -                  -          
[67.929s][info][gc          ] GC(181) Garbage Collection (System.gc()) 476M(23%)->264M(13%)
[68.176s][info][gc,start    ] GC(182) Garbage Collection (Allocation Rate)
[68.176s][info][gc,task     ] GC(182) Using 4 workers
[68.176s][info][gc,phases   ] GC(182) Pause Mark Start 0.016ms
[68.285s][info][gc,phases   ] GC(182) Concurrent Mark 108.851ms
[68.285s][info][gc,phases   ] GC(182) Pause Mark End 0.020ms
[68.285s][info][gc,phases   ] GC(182) Concurrent Mark Free 0.001ms
[68.290s][info][gc,phases   ] GC(182) Concurrent Process Non-Strong References 5.349ms
[68.291s][info][gc,phases   ] GC(182) Concurrent Reset Relocation Set 0.001ms
[68.296s][info][gc,phases   ] GC(182) Concurrent Select Relocation Set 5.935ms
[68.297s][info][gc,phases   ] GC(182) Pause Relocate Start 0.007ms
[68.301s][info][gc,phases   ] GC(182) Concurrent Relocate 4.781ms
[68.333s][info][gc,load     ] GC(182) Load: 0.00/0.00/0.00
[68.333s][info][gc,mmu      ] GC(182) MMU: 2ms/96.5%, 5ms/98.6%, 10ms/99.3%, 20ms/99.6%, 50ms/99.8%, 100ms/99.9%
[68.333s][info][gc,marking  ] GC(182) Mark: 4 stripe(s), 2 proactive flush(es), 1 terminate flush(es), 0 completion(s), 0 continuation(s) 
[68.333s][info][gc,marking  ] GC(182) Mark Stack Usage: 32M
[68.333s][info][gc,nmethod  ] GC(182) NMethods: 6049 registered, 3817 unregistered
[68.333s][info][gc,metaspace] GC(182) Metaspace: 60M used, 61M committed, 1088M reserved
[68.333s][info][gc,ref      ] GC(182) Soft: 4713 encountered, 0 discovered, 0 enqueued
[68.333s][info][gc,ref      ] GC(182) Weak: 6139 encountered, 3035 discovered, 74 enqueued
[68.333s][info][gc,ref      ] GC(182) Final: 82 encountered, 1 discovered, 0 enqueued
[68.333s][info][gc,ref      ] GC(182) Phantom: 608 encountered, 398 discovered, 0 enqueued
[68.333s][info][gc,reloc    ] GC(182) Small Pages: 408 / 816M, Empty: 574M, Relocated: 3M, In-Place: 0
[68.333s][info][gc,reloc    ] GC(182) Medium Pages: 2 / 64M, Empty: 32M, Relocated: 0M, In-Place: 0
[68.333s][info][gc,reloc    ] GC(182) Large Pages: 4 / 24M, Empty: 12M, Relocated: 0M, In-Place: 0
[68.333s][info][gc,reloc    ] GC(182) Forwarding Usage: 1M
[68.333s][info][gc,heap     ] GC(182) Min Capacity: 8M(0%)
[68.333s][info][gc,heap     ] GC(182) Max Capacity: 2048M(100%)
[68.333s][info][gc,heap     ] GC(182) Soft Max Capacity: 2048M(100%)
[68.333s][info][gc,heap     ] GC(182)                Mark Start          Mark End        Relocate Start      Relocate End           High               Low         
[68.333s][info][gc,heap     ] GC(182)  Capacity:     2048M (100%)       2048M (100%)       2048M (100%)       2048M (100%)       2048M (100%)       2048M (100%)   
[68.333s][info][gc,heap     ] GC(182)      Free:     1144M (56%)         782M (38%)        1358M (66%)        1390M (68%)        1394M (68%)         762M (37%)    
[68.333s][info][gc,heap     ] GC(182)      Used:      904M (44%)        1266M (62%)         690M (34%)         658M (32%)        1286M (63%)         654M (32%)    
[68.333s][info][gc,heap     ] GC(182)      Live:         -               206M (10%)         206M (10%)         206M (10%)            -                  -          
[68.333s][info][gc,heap     ] GC(182) Allocated:         -               362M (18%)         404M (20%)         411M (20%)            -                  -          
[68.333s][info][gc,heap     ] GC(182)   Garbage:         -               697M (34%)          79M (4%)           39M (2%)             -                  -          
[68.333s][info][gc,heap     ] GC(182) Reclaimed:         -                  -               618M (30%)         657M (32%)            -                  -          
[68.333s][info][gc          ] GC(182) Garbage Collection (Allocation Rate) 904M(44%)->658M(32%)
[68.363s][info][gc,start    ] GC(183) Garbage Collection (Allocation Rate)
[68.363s][info][gc,task     ] GC(183) Using 4 workers
[68.363s][info][gc,phases   ] GC(183) Pause Mark Start 0.009ms
[68.472s][info][gc,phases   ] GC(183) Concurrent Mark 109.117ms
[68.473s][info][gc,phases   ] GC(183) Pause Mark End 0.028ms
[68.473s][info][gc,phases   ] GC(183) Concurrent Mark Free 0.001ms
[68.477s][info][gc,phases   ] GC(183) Concurrent Process Non-Strong References 4.709ms
[68.477s][info][gc,phases   ] GC(183) Concurrent Reset Relocation Set 0.004ms
[68.481s][info][gc,phases   ] GC(183) Concurrent Select Relocation Set 3.695ms
[68.481s][info][gc,phases   ] GC(183) Pause Relocate Start 0.009ms
[68.485s][info][gc,phases   ] GC(183) Concurrent Relocate 3.556ms
[68.485s][info][gc,load     ] GC(183) Load: 0.00/0.00/0.00
[68.485s][info][gc,mmu      ] GC(183) MMU: 2ms/96.5%, 5ms/98.6%, 10ms/99.3%, 20ms/99.6%, 50ms/99.8%, 100ms/99.9%
[68.485s][info][gc,marking  ] GC(183) Mark: 4 stripe(s), 2 proactive flush(es), 1 terminate flush(es), 0 completion(s), 0 continuation(s) 
[68.485s][info][gc,marking  ] GC(183) Mark Stack Usage: 32M
[68.485s][info][gc,nmethod  ] GC(183) NMethods: 6049 registered, 3817 unregistered
[68.485s][info][gc,metaspace] GC(183) Metaspace: 60M used, 61M committed, 1088M reserved
[68.485s][info][gc,ref      ] GC(183) Soft: 4713 encountered, 0 discovered, 0 enqueued
[68.485s][info][gc,ref      ] GC(183) Weak: 6064 encountered, 3012 discovered, 14 enqueued
[68.485s][info][gc,ref      ] GC(183) Final: 82 encountered, 1 discovered, 0 enqueued
[68.485s][info][gc,ref      ] GC(183) Phantom: 608 encountered, 565 discovered, 0 enqueued
[68.485s][info][gc,reloc    ] GC(183) Small Pages: 354 / 708M, Empty: 486M, Relocated: 3M, In-Place: 0
[68.485s][info][gc,reloc    ] GC(183) Medium Pages: 1 / 32M, Empty: 0M, Relocated: 0M, In-Place: 0
[68.485s][info][gc,reloc    ] GC(183) Large Pages: 2 / 12M, Empty: 0M, Relocated: 0M, In-Place: 0
[68.485s][info][gc,reloc    ] GC(183) Forwarding Usage: 1M
[68.485s][info][gc,heap     ] GC(183) Min Capacity: 8M(0%)
[68.485s][info][gc,heap     ] GC(183) Max Capacity: 2048M(100%)
[68.485s][info][gc,heap     ] GC(183) Soft Max Capacity: 2048M(100%)
[68.486s][info][gc,heap     ] GC(183)                Mark Start          Mark End        Relocate Start      Relocate End           High               Low         
[68.486s][info][gc,heap     ] GC(183)  Capacity:     2048M (100%)       2048M (100%)       2048M (100%)       2048M (100%)       2048M (100%)       2048M (100%)   
[68.486s][info][gc,heap     ] GC(183)      Free:     1296M (63%)        1128M (55%)        1602M (78%)        1614M (79%)        1616M (79%)        1120M (55%)    
[68.486s][info][gc,heap     ] GC(183)      Used:      752M (37%)         920M (45%)         446M (22%)         434M (21%)         928M (45%)         432M (21%)    
[68.486s][info][gc,heap     ] GC(183)      Live:         -               206M (10%)         206M (10%)         206M (10%)            -                  -          
[68.486s][info][gc,heap     ] GC(183) Allocated:         -               168M (8%)          180M (9%)          187M (9%)             -                  -          
[68.486s][info][gc,heap     ] GC(183)   Garbage:         -               545M (27%)          59M (3%)           39M (2%)             -                  -          
[68.486s][info][gc,heap     ] GC(183) Reclaimed:         -                  -               486M (24%)         505M (25%)            -                  -          
[68.486s][info][gc          ] GC(183) Garbage Collection (Allocation Rate) 752M(37%)->434M(21%)
[68.667s][info][gc,start    ] GC(184) Garbage Collection (Allocation Rate)
[68.667s][info][gc,task     ] GC(184) Using 3 workers
[68.667s][info][gc,phases   ] GC(184) Pause Mark Start 0.014ms
[68.792s][info][gc,phases   ] GC(184) Concurrent Mark 124.623ms
[68.792s][info][gc,phases   ] GC(184) Pause Mark End 0.029ms
[68.792s][info][gc,phases   ] GC(184) Concurrent Mark Free 0.001ms
[68.801s][info][gc,phases   ] GC(184) Concurrent Process Non-Strong References 8.564ms
[68.801s][info][gc,phases   ] GC(184) Concurrent Reset Relocation Set 0.002ms
[68.804s][info][gc,phases   ] GC(184) Concurrent Select Relocation Set 3.687ms
[68.805s][info][gc,phases   ] GC(184) Pause Relocate Start 0.008ms
[68.808s][info][gc,phases   ] GC(184) Concurrent Relocate 3.528ms
[68.808s][info][gc,load     ] GC(184) Load: 0.00/0.00/0.00
[68.808s][info][gc,mmu      ] GC(184) MMU: 2ms/96.5%, 5ms/98.6%, 10ms/99.3%, 20ms/99.6%, 50ms/99.8%, 100ms/99.9%
[68.808s][info][gc,marking  ] GC(184) Mark: 2 stripe(s), 2 proactive flush(es), 1 terminate flush(es), 0 completion(s), 0 continuation(s) 
[68.808s][info][gc,marking  ] GC(184) Mark Stack Usage: 32M
[68.808s][info][gc,nmethod  ] GC(184) NMethods: 6049 registered, 3817 unregistered
[68.808s][info][gc,metaspace] GC(184) Metaspace: 60M used, 61M committed, 1088M reserved
[68.808s][info][gc,ref      ] GC(184) Soft: 4713 encountered, 0 discovered, 0 enqueued
[68.808s][info][gc,ref      ] GC(184) Weak: 6050 encountered, 2696 discovered, 0 enqueued
[68.808s][info][gc,ref      ] GC(184) Final: 82 encountered, 21 discovered, 0 enqueued
[68.808s][info][gc,ref      ] GC(184) Phantom: 608 encountered, 404 discovered, 0 enqueued
[68.809s][info][gc,reloc    ] GC(184) Small Pages: 386 / 772M, Empty: 552M, Relocated: 3M, In-Place: 0
[68.809s][info][gc,reloc    ] GC(184) Medium Pages: 1 / 32M, Empty: 0M, Relocated: 0M, In-Place: 0
[68.809s][info][gc,reloc    ] GC(184) Large Pages: 2 / 12M, Empty: 0M, Relocated: 0M, In-Place: 0
[68.809s][info][gc,reloc    ] GC(184) Forwarding Usage: 1M
[68.809s][info][gc,heap     ] GC(184) Min Capacity: 8M(0%)
[68.809s][info][gc,heap     ] GC(184) Max Capacity: 2048M(100%)
[68.809s][info][gc,heap     ] GC(184) Soft Max Capacity: 2048M(100%)
[68.809s][info][gc,heap     ] GC(184)                Mark Start          Mark End        Relocate Start      Relocate End           High               Low         
[68.809s][info][gc,heap     ] GC(184)  Capacity:     2048M (100%)       2048M (100%)       2048M (100%)       2048M (100%)       2048M (100%)       2048M (100%)   
[68.809s][info][gc,heap     ] GC(184)      Free:     1232M (60%)         968M (47%)        1494M (73%)        1504M (73%)        1508M (74%)         950M (46%)    
[68.809s][info][gc,heap     ] GC(184)      Used:      816M (40%)        1080M (53%)         554M (27%)         544M (27%)        1098M (54%)         540M (26%)    
[68.809s][info][gc,heap     ] GC(184)      Live:         -               206M (10%)         206M (10%)         206M (10%)            -                  -          
[68.809s][info][gc,heap     ] GC(184) Allocated:         -               264M (13%)         290M (14%)         299M (15%)            -                  -          
[68.809s][info][gc,heap     ] GC(184)   Garbage:         -               609M (30%)          57M (3%)           37M (2%)             -                  -          
[68.809s][info][gc,heap     ] GC(184) Reclaimed:         -                  -               552M (27%)         571M (28%)            -                  -          
[68.809s][info][gc          ] GC(184) Garbage Collection (Allocation Rate) 816M(40%)->544M(27%)
[68.958s][info][gc,start    ] GC(185) Garbage Collection (System.gc())
[68.958s][info][gc,task     ] GC(185) Using 12 workers
[68.958s][info][gc,phases   ] GC(185) Pause Mark Start 0.014ms
[69.018s][info][gc,phases   ] GC(185) Concurrent Mark 59.366ms
[69.018s][info][gc,phases   ] GC(185) Pause Mark End 0.028ms
[69.018s][info][gc,phases   ] GC(185) Concurrent Mark Free 0.001ms
[69.020s][info][gc,phases   ] GC(185) Concurrent Process Non-Strong References 1.813ms
[69.020s][info][gc,phases   ] GC(185) Concurrent Reset Relocation Set 0.001ms
[69.023s][info][gc,phases   ] GC(185) Concurrent Select Relocation Set 3.031ms
[69.023s][info][gc,phases   ] GC(185) Pause Relocate Start 0.009ms
[69.026s][info][gc,phases   ] GC(185) Concurrent Relocate 2.460ms
[69.026s][info][gc,load     ] GC(185) Load: 0.00/0.00/0.00
[69.026s][info][gc,mmu      ] GC(185) MMU: 2ms/96.5%, 5ms/98.6%, 10ms/99.3%, 20ms/99.6%, 50ms/99.8%, 100ms/99.9%
[69.026s][info][gc,marking  ] GC(185) Mark: 8 stripe(s), 2 proactive flush(es), 1 terminate flush(es), 0 completion(s), 0 continuation(s) 
[69.026s][info][gc,marking  ] GC(185) Mark Stack Usage: 32M
[69.026s][info][gc,nmethod  ] GC(185) NMethods: 6080 registered, 3819 unregistered
[69.026s][info][gc,metaspace] GC(185) Metaspace: 60M used, 61M committed, 1088M reserved
[69.026s][info][gc,ref      ] GC(185) Soft: 4711 encountered, 0 discovered, 0 enqueued
[69.026s][info][gc,ref      ] GC(185) Weak: 6107 encountered, 1997 discovered, 119 enqueued
[69.026s][info][gc,ref      ] GC(185) Final: 82 encountered, 1 discovered, 0 enqueued
[69.026s][info][gc,ref      ] GC(185) Phantom: 608 encountered, 436 discovered, 0 enqueued
[69.026s][info][gc,reloc    ] GC(185) Small Pages: 372 / 744M, Empty: 526M, Relocated: 1M, In-Place: 0
[69.026s][info][gc,reloc    ] GC(185) Medium Pages: 1 / 32M, Empty: 0M, Relocated: 0M, In-Place: 0
[69.026s][info][gc,reloc    ] GC(185) Large Pages: 3 / 18M, Empty: 6M, Relocated: 0M, In-Place: 0
[69.026s][info][gc,reloc    ] GC(185) Forwarding Usage: 0M
[69.026s][info][gc,heap     ] GC(185) Min Capacity: 8M(0%)
[69.026s][info][gc,heap     ] GC(185) Max Capacity: 2048M(100%)
[69.026s][info][gc,heap     ] GC(185) Soft Max Capacity: 2048M(100%)
[69.026s][info][gc,heap     ] GC(185)                Mark Start          Mark End        Relocate Start      Relocate End           High               Low         
[69.026s][info][gc,heap     ] GC(185)  Capacity:     2048M (100%)       2048M (100%)       2048M (100%)       2048M (100%)       2048M (100%)       2048M (100%)   
[69.026s][info][gc,heap     ] GC(185)      Free:     1254M (61%)        1254M (61%)        1780M (87%)        1780M (87%)        1780M (87%)        1252M (61%)    
[69.026s][info][gc,heap     ] GC(185)      Used:      794M (39%)         794M (39%)         268M (13%)         268M (13%)         796M (39%)         268M (13%)    
[69.026s][info][gc,heap     ] GC(185)      Live:         -               206M (10%)         206M (10%)         206M (10%)            -                  -          
[69.026s][info][gc,heap     ] GC(185) Allocated:         -                 0M (0%)            6M (0%)            5M (0%)             -                  -          
[69.026s][info][gc,heap     ] GC(185)   Garbage:         -               587M (29%)          55M (3%)           55M (3%)             -                  -          
[69.026s][info][gc,heap     ] GC(185) Reclaimed:         -                  -               532M (26%)         531M (26%)            -                  -          
[69.026s][info][gc          ] GC(185) Garbage Collection (System.gc()) 794M(39%)->268M(13%)
[69.268s][info][gc,start    ] GC(186) Garbage Collection (Allocation Rate)
[69.268s][info][gc,task     ] GC(186) Using 5 workers
[69.268s][info][gc,phases   ] GC(186) Pause Mark Start 0.016ms
[69.346s][info][gc,phases   ] GC(186) Concurrent Mark 77.688ms
[69.346s][info][gc,phases   ] GC(186) Pause Mark End 0.025ms
[69.346s][info][gc,phases   ] GC(186) Concurrent Mark Free 0.001ms
[69.350s][info][gc,phases   ] GC(186) Concurrent Process Non-Strong References 3.499ms
[69.350s][info][gc,phases   ] GC(186) Concurrent Reset Relocation Set 0.002ms
[69.355s][info][gc,phases   ] GC(186) Concurrent Select Relocation Set 5.256ms
[69.355s][info][gc,phases   ] GC(186) Pause Relocate Start 0.005ms
[69.358s][info][gc,phases   ] GC(186) Concurrent Relocate 2.849ms
[69.358s][info][gc,load     ] GC(186) Load: 0.00/0.00/0.00
[69.358s][info][gc,mmu      ] GC(186) MMU: 2ms/96.5%, 5ms/98.6%, 10ms/99.3%, 20ms/99.6%, 50ms/99.8%, 100ms/99.9%
[69.358s][info][gc,marking  ] GC(186) Mark: 4 stripe(s), 2 proactive flush(es), 1 terminate flush(es), 0 completion(s), 0 continuation(s) 
[69.358s][info][gc,marking  ] GC(186) Mark Stack Usage: 32M
[69.358s][info][gc,nmethod  ] GC(186) NMethods: 6084 registered, 3822 unregistered
[69.358s][info][gc,metaspace] GC(186) Metaspace: 60M used, 61M committed, 1088M reserved
[69.358s][info][gc,ref      ] GC(186) Soft: 4713 encountered, 0 discovered, 0 enqueued
[69.358s][info][gc,ref      ] GC(186) Weak: 6151 encountered, 1507 discovered, 75 enqueued
[69.358s][info][gc,ref      ] GC(186) Final: 82 encountered, 3 discovered, 0 enqueued
[69.358s][info][gc,ref      ] GC(186) Phantom: 608 encountered, 443 discovered, 0 enqueued
[69.358s][info][gc,reloc    ] GC(186) Small Pages: 418 / 836M, Empty: 588M, Relocated: 3M, In-Place: 0
[69.358s][info][gc,reloc    ] GC(186) Medium Pages: 2 / 64M, Empty: 32M, Relocated: 0M, In-Place: 0
[69.358s][info][gc,reloc    ] GC(186) Large Pages: 4 / 24M, Empty: 12M, Relocated: 0M, In-Place: 0
[69.358s][info][gc,reloc    ] GC(186) Forwarding Usage: 1M
[69.358s][info][gc,heap     ] GC(186) Min Capacity: 8M(0%)
[69.358s][info][gc,heap     ] GC(186) Max Capacity: 2048M(100%)
[69.358s][info][gc,heap     ] GC(186) Soft Max Capacity: 2048M(100%)
[69.358s][info][gc,heap     ] GC(186)                Mark Start          Mark End        Relocate Start      Relocate End           High               Low         
[69.359s][info][gc,heap     ] GC(186)  Capacity:     2048M (100%)       2048M (100%)       2048M (100%)       2048M (100%)       2048M (100%)       2048M (100%)   
[69.359s][info][gc,heap     ] GC(186)      Free:     1124M (55%)         888M (43%)        1486M (73%)        1524M (74%)        1526M (75%)         876M (43%)    
[69.359s][info][gc,heap     ] GC(186)      Used:      924M (45%)        1160M (57%)         562M (27%)         524M (26%)        1172M (57%)         522M (25%)    
[69.359s][info][gc,heap     ] GC(186)      Live:         -               207M (10%)         207M (10%)         207M (10%)            -                  -          
[69.359s][info][gc,heap     ] GC(186) Allocated:         -               236M (12%)         270M (13%)         275M (13%)            -                  -          
[69.359s][info][gc,heap     ] GC(186)   Garbage:         -               716M (35%)          84M (4%)           41M (2%)             -                  -          
[69.359s][info][gc,heap     ] GC(186) Reclaimed:         -                  -               632M (31%)         675M (33%)            -                  -          
[69.359s][info][gc          ] GC(186) Garbage Collection (Allocation Rate) 924M(45%)->524M(26%)
[69.565s][info][gc,start    ] GC(187) Garbage Collection (Allocation Rate)
[69.565s][info][gc,task     ] GC(187) Using 4 workers
[69.565s][info][gc,phases   ] GC(187) Pause Mark Start 0.014ms
[69.658s][info][gc,phases   ] GC(187) Concurrent Mark 93.344ms
[69.658s][info][gc,phases   ] GC(187) Pause Mark End 0.025ms
[69.659s][info][gc,phases   ] GC(187) Concurrent Mark Free 0.001ms
[69.662s][info][gc,phases   ] GC(187) Concurrent Process Non-Strong References 3.529ms
[69.662s][info][gc,phases   ] GC(187) Concurrent Reset Relocation Set 0.003ms
[69.666s][info][gc,phases   ] GC(187) Concurrent Select Relocation Set 3.733ms
[69.666s][info][gc,phases   ] GC(187) Pause Relocate Start 0.003ms
[69.668s][info][gc,phases   ] GC(187) Concurrent Relocate 2.460ms
[69.669s][info][gc,load     ] GC(187) Load: 0.00/0.00/0.00
[69.669s][info][gc,mmu      ] GC(187) MMU: 2ms/96.5%, 5ms/98.6%, 10ms/99.3%, 20ms/99.6%, 50ms/99.8%, 100ms/99.9%
[69.669s][info][gc,marking  ] GC(187) Mark: 4 stripe(s), 2 proactive flush(es), 1 terminate flush(es), 0 completion(s), 0 continuation(s) 
[69.669s][info][gc,marking  ] GC(187) Mark Stack Usage: 32M
[69.669s][info][gc,nmethod  ] GC(187) NMethods: 6084 registered, 3822 unregistered
[69.669s][info][gc,metaspace] GC(187) Metaspace: 60M used, 61M committed, 1088M reserved
[69.669s][info][gc,ref      ] GC(187) Soft: 4713 encountered, 0 discovered, 0 enqueued
[69.669s][info][gc,ref      ] GC(187) Weak: 6077 encountered, 3376 discovered, 19 enqueued
[69.669s][info][gc,ref      ] GC(187) Final: 82 encountered, 0 discovered, 0 enqueued
[69.669s][info][gc,ref      ] GC(187) Phantom: 608 encountered, 567 discovered, 0 enqueued
[69.669s][info][gc,reloc    ] GC(187) Small Pages: 488 / 976M, Empty: 748M, Relocated: 3M, In-Place: 0
[69.669s][info][gc,reloc    ] GC(187) Medium Pages: 1 / 32M, Empty: 0M, Relocated: 0M, In-Place: 0
[69.669s][info][gc,reloc    ] GC(187) Large Pages: 2 / 12M, Empty: 0M, Relocated: 0M, In-Place: 0
[69.669s][info][gc,reloc    ] GC(187) Forwarding Usage: 1M
[69.669s][info][gc,heap     ] GC(187) Min Capacity: 8M(0%)
[69.669s][info][gc,heap     ] GC(187) Max Capacity: 2048M(100%)
[69.669s][info][gc,heap     ] GC(187) Soft Max Capacity: 2048M(100%)
[69.669s][info][gc,heap     ] GC(187)                Mark Start          Mark End        Relocate Start      Relocate End           High               Low         
[69.669s][info][gc,heap     ] GC(187)  Capacity:     2048M (100%)       2048M (100%)       2048M (100%)       2048M (100%)       2048M (100%)       2048M (100%)   
[69.669s][info][gc,heap     ] GC(187)      Free:     1028M (50%)         838M (41%)        1580M (77%)        1604M (78%)        1604M (78%)         836M (41%)    
[69.669s][info][gc,heap     ] GC(187)      Used:     1020M (50%)        1210M (59%)         468M (23%)         444M (22%)        1212M (59%)         444M (22%)    
[69.669s][info][gc,heap     ] GC(187)      Live:         -               206M (10%)         206M (10%)         206M (10%)            -                  -          
[69.669s][info][gc,heap     ] GC(187) Allocated:         -               190M (9%)          196M (10%)         197M (10%)            -                  -          
[69.669s][info][gc,heap     ] GC(187)   Garbage:         -               813M (40%)          65M (3%)           39M (2%)             -                  -          
[69.669s][info][gc,heap     ] GC(187) Reclaimed:         -                  -               748M (37%)         773M (38%)            -                  -          
[69.669s][info][gc          ] GC(187) Garbage Collection (Allocation Rate) 1020M(50%)->444M(22%)
[69.962s][info][gc,start    ] GC(188) Garbage Collection (Allocation Rate)
[69.962s][info][gc,task     ] GC(188) Using 3 workers
[69.962s][info][gc,phases   ] GC(188) Pause Mark Start 0.015ms
[70.092s][info][gc,phases   ] GC(188) Concurrent Mark 129.452ms
[70.092s][info][gc,phases   ] GC(188) Pause Mark End 0.021ms
[70.092s][info][gc,phases   ] GC(188) Concurrent Mark Free 0.001ms
[70.100s][info][gc,phases   ] GC(188) Concurrent Process Non-Strong References 7.799ms
[70.100s][info][gc,phases   ] GC(188) Concurrent Reset Relocation Set 0.002ms
[70.104s][info][gc,phases   ] GC(188) Concurrent Select Relocation Set 3.772ms
[70.104s][info][gc,phases   ] GC(188) Pause Relocate Start 0.004ms
[70.107s][info][gc,phases   ] GC(188) Concurrent Relocate 3.532ms
[70.108s][info][gc,load     ] GC(188) Load: 0.00/0.00/0.00
[70.108s][info][gc,mmu      ] GC(188) MMU: 2ms/96.5%, 5ms/98.6%, 10ms/99.3%, 20ms/99.6%, 50ms/99.8%, 100ms/99.9%
[70.108s][info][gc,marking  ] GC(188) Mark: 2 stripe(s), 2 proactive flush(es), 1 terminate flush(es), 0 completion(s), 0 continuation(s) 
[70.108s][info][gc,marking  ] GC(188) Mark Stack Usage: 32M
[70.108s][info][gc,nmethod  ] GC(188) NMethods: 6087 registered, 3822 unregistered
[70.108s][info][gc,metaspace] GC(188) Metaspace: 60M used, 61M committed, 1088M reserved
[70.108s][info][gc,ref      ] GC(188) Soft: 4712 encountered, 0 discovered, 0 enqueued
[70.108s][info][gc,ref      ] GC(188) Weak: 6058 encountered, 2209 discovered, 0 enqueued
[70.108s][info][gc,ref      ] GC(188) Final: 82 encountered, 52 discovered, 0 enqueued
[70.108s][info][gc,ref      ] GC(188) Phantom: 608 encountered, 453 discovered, 0 enqueued
[70.108s][info][gc,reloc    ] GC(188) Small Pages: 504 / 1008M, Empty: 784M, Relocated: 1M, In-Place: 0
[70.108s][info][gc,reloc    ] GC(188) Medium Pages: 1 / 32M, Empty: 0M, Relocated: 0M, In-Place: 0
[70.108s][info][gc,reloc    ] GC(188) Large Pages: 2 / 12M, Empty: 0M, Relocated: 0M, In-Place: 0
[70.108s][info][gc,reloc    ] GC(188) Forwarding Usage: 0M
[70.108s][info][gc,heap     ] GC(188) Min Capacity: 8M(0%)
[70.108s][info][gc,heap     ] GC(188) Max Capacity: 2048M(100%)
[70.108s][info][gc,heap     ] GC(188) Soft Max Capacity: 2048M(100%)
[70.108s][info][gc,heap     ] GC(188)                Mark Start          Mark End        Relocate Start      Relocate End           High               Low         
[70.108s][info][gc,heap     ] GC(188)  Capacity:     2048M (100%)       2048M (100%)       2048M (100%)       2048M (100%)       2048M (100%)       2048M (100%)   
[70.108s][info][gc,heap     ] GC(188)      Free:      996M (49%)         966M (47%)        1750M (85%)        1772M (87%)        1772M (87%)         966M (47%)    
[70.108s][info][gc,heap     ] GC(188)      Used:     1052M (51%)        1082M (53%)         298M (15%)         276M (13%)        1082M (53%)         276M (13%)    
[70.108s][info][gc,heap     ] GC(188)      Live:         -               206M (10%)         206M (10%)         206M (10%)            -                  -          
[70.108s][info][gc,heap     ] GC(188) Allocated:         -                30M (1%)           30M (1%)           30M (1%)             -                  -          
[70.108s][info][gc,heap     ] GC(188)   Garbage:         -               845M (41%)          61M (3%)           39M (2%)             -                  -          
[70.108s][info][gc,heap     ] GC(188) Reclaimed:         -                  -               784M (38%)         806M (39%)            -                  -          
[70.108s][info][gc          ] GC(188) Garbage Collection (Allocation Rate) 1052M(51%)->276M(13%)
[70.108s][info][gc,start    ] GC(189) Garbage Collection (System.gc())
[70.108s][info][gc,task     ] GC(189) Using 12 workers
[70.108s][info][gc,phases   ] GC(189) Pause Mark Start 0.007ms
[70.154s][info][gc,phases   ] GC(189) Concurrent Mark 45.771ms
[70.154s][info][gc,phases   ] GC(189) Pause Mark End 0.029ms
[70.155s][info][gc,phases   ] GC(189) Concurrent Mark Free 0.001ms
[70.156s][info][gc,phases   ] GC(189) Concurrent Process Non-Strong References 1.667ms
[70.156s][info][gc,phases   ] GC(189) Concurrent Reset Relocation Set 0.002ms
[70.160s][info][gc,phases   ] GC(189) Concurrent Select Relocation Set 3.578ms
[70.160s][info][gc,phases   ] GC(189) Pause Relocate Start 0.006ms
[70.162s][info][gc,phases   ] GC(189) Concurrent Relocate 1.631ms
[70.162s][info][gc,load     ] GC(189) Load: 0.00/0.00/0.00
[70.162s][info][gc,mmu      ] GC(189) MMU: 2ms/96.5%, 5ms/98.6%, 10ms/99.3%, 20ms/99.6%, 50ms/99.8%, 100ms/99.9%
[70.162s][info][gc,marking  ] GC(189) Mark: 8 stripe(s), 1 proactive flush(es), 1 terminate flush(es), 0 completion(s), 0 continuation(s) 
[70.162s][info][gc,marking  ] GC(189) Mark Stack Usage: 32M
[70.162s][info][gc,nmethod  ] GC(189) NMethods: 6085 registered, 3824 unregistered
[70.162s][info][gc,metaspace] GC(189) Metaspace: 60M used, 61M committed, 1088M reserved
[70.162s][info][gc,ref      ] GC(189) Soft: 4711 encountered, 0 discovered, 0 enqueued
[70.162s][info][gc,ref      ] GC(189) Weak: 6127 encountered, 1984 discovered, 119 enqueued
[70.162s][info][gc,ref      ] GC(189) Final: 82 encountered, 4 discovered, 0 enqueued
[70.162s][info][gc,ref      ] GC(189) Phantom: 608 encountered, 227 discovered, 0 enqueued
[70.162s][info][gc,reloc    ] GC(189) Small Pages: 113 / 226M, Empty: 16M, Relocated: 1M, In-Place: 0
[70.162s][info][gc,reloc    ] GC(189) Medium Pages: 1 / 32M, Empty: 0M, Relocated: 0M, In-Place: 0
[70.162s][info][gc,reloc    ] GC(189) Large Pages: 3 / 18M, Empty: 6M, Relocated: 0M, In-Place: 0
[70.162s][info][gc,reloc    ] GC(189) Forwarding Usage: 0M
[70.162s][info][gc,heap     ] GC(189) Min Capacity: 8M(0%)
[70.162s][info][gc,heap     ] GC(189) Max Capacity: 2048M(100%)
[70.162s][info][gc,heap     ] GC(189) Soft Max Capacity: 2048M(100%)
[70.162s][info][gc,heap     ] GC(189)                Mark Start          Mark End        Relocate Start      Relocate End           High               Low         
[70.162s][info][gc,heap     ] GC(189)  Capacity:     2048M (100%)       2048M (100%)       2048M (100%)       2048M (100%)       2048M (100%)       2048M (100%)   
[70.162s][info][gc,heap     ] GC(189)      Free:     1772M (87%)        1772M (87%)        1788M (87%)        1788M (87%)        1788M (87%)        1766M (86%)    
[70.162s][info][gc,heap     ] GC(189)      Used:      276M (13%)         276M (13%)         260M (13%)         260M (13%)         282M (14%)         260M (13%)    
[70.162s][info][gc,heap     ] GC(189)      Live:         -               206M (10%)         206M (10%)         206M (10%)            -                  -          
[70.162s][info][gc,heap     ] GC(189) Allocated:         -                 0M (0%)            6M (0%)            6M (0%)             -                  -          
[70.162s][info][gc,heap     ] GC(189)   Garbage:         -                69M (3%)           47M (2%)           47M (2%)             -                  -          
[70.163s][info][gc,heap     ] GC(189) Reclaimed:         -                  -                22M (1%)           22M (1%)             -                  -          
[70.163s][info][gc          ] GC(189) Garbage Collection (System.gc()) 276M(13%)->260M(13%)
[70.170s][info][gc,stats    ] === Garbage Collection Statistics =======================================================================================================================
[70.170s][info][gc,stats    ]                                                              Last 10s              Last 10m              Last 10h                Total
[70.170s][info][gc,stats    ]                                                              Avg / Max             Avg / Max             Avg / Max             Avg / Max
[70.170s][info][gc,stats    ]   Collector: Garbage Collection Cycle                    100.633 / 156.944     101.018 / 214.751     101.018 / 214.751     101.018 / 214.751     ms
[70.170s][info][gc,stats    ]  Contention: Mark Segment Reset Contention                    14 / 22               10 / 25               10 / 25               10 / 25          ops/s
[70.170s][info][gc,stats    ]  Contention: Mark SeqNum Reset Contention                      1 / 4                 1 / 4                 1 / 4                 1 / 4           ops/s
[70.170s][info][gc,stats    ]    Critical: Allocation Stall                                  0 / 0                 0 / 0                 0 / 0                 0 / 0           ops/s
[70.170s][info][gc,stats    ]    Critical: Allocation Stall                              0.000 / 0.000         0.000 / 0.000         0.000 / 0.000         0.000 / 0.000       ms
[70.170s][info][gc,stats    ]    Critical: GC Locker Stall                                   0 / 0                 0 / 0                 0 / 0                 0 / 0           ops/s
[70.170s][info][gc,stats    ]    Critical: GC Locker Stall                               0.000 / 0.000         0.000 / 0.000         0.000 / 0.000         0.000 / 0.000       ms
[70.170s][info][gc,stats    ]    Critical: Relocation Stall                                  0 / 0                 0 / 0                 0 / 0                 0 / 0           ops/s
[70.170s][info][gc,stats    ]    Critical: Relocation Stall                              0.000 / 0.000         0.000 / 0.000         0.000 / 0.000         0.000 / 0.000       ms
[70.170s][info][gc,stats    ]      Memory: Allocation Rate                                2370 / 3082           1913 / 3082           1913 / 3082           1913 / 3082        MB/s
[70.170s][info][gc,stats    ]      Memory: Defragment                                        0 / 0                 0 / 0                 0 / 0                 0 / 0           ops/s
[70.170s][info][gc,stats    ]      Memory: Out Of Memory                                     0 / 0                 0 / 0                 0 / 0                 0 / 0           ops/s
[70.170s][info][gc,stats    ]      Memory: Page Cache Flush                                  0 / 0                 0 / 0                 0 / 0                 0 / 0           MB/s
[70.170s][info][gc,stats    ]      Memory: Page Cache Hit L1                              1186 / 1545            947 / 1545            947 / 1545            947 / 1545        ops/s
[70.170s][info][gc,stats    ]      Memory: Page Cache Hit L2                                 0 / 0                 0 / 0                 0 / 0                 0 / 0           ops/s
[70.170s][info][gc,stats    ]      Memory: Page Cache Hit L3                                 0 / 0                11 / 193              11 / 193              11 / 193         ops/s
[70.170s][info][gc,stats    ]      Memory: Page Cache Miss                                   0 / 0                 0 / 1                 0 / 1                 0 / 1           ops/s
[70.170s][info][gc,stats    ]      Memory: Uncommit                                          0 / 0                 0 / 0                 0 / 0                 0 / 0           MB/s
[70.170s][info][gc,stats    ]      Memory: Undo Object Allocation Failed                     0 / 2                 0 / 4                 0 / 4                 0 / 4           ops/s
[70.170s][info][gc,stats    ]      Memory: Undo Object Allocation Succeeded                  0 / 2                 1 / 8                 1 / 8                 1 / 8           ops/s
[70.170s][info][gc,stats    ]      Memory: Undo Page Allocation                             84 / 200              69 / 200              69 / 200              69 / 200         ops/s
[70.170s][info][gc,stats    ]       Phase: Concurrent Mark                              87.374 / 132.296      87.464 / 147.359      87.464 / 147.359      87.464 / 147.359     ms
[70.170s][info][gc,stats    ]       Phase: Concurrent Mark Continue                      0.000 / 0.000         0.000 / 0.000         0.000 / 0.000         0.000 / 0.000       ms
[70.170s][info][gc,stats    ]       Phase: Concurrent Mark Free                          0.001 / 0.001         0.001 / 0.002         0.001 / 0.002         0.001 / 0.002       ms
[70.170s][info][gc,stats    ]       Phase: Concurrent Process Non-Strong References      4.074 / 8.656         3.961 / 14.091        3.961 / 14.091        3.961 / 14.091      ms
[70.170s][info][gc,stats    ]       Phase: Concurrent Relocate                           3.272 / 4.781         3.760 / 39.847        3.760 / 39.847        3.760 / 39.847      ms
[70.170s][info][gc,stats    ]       Phase: Concurrent Reset Relocation Set               0.002 / 0.004         0.004 / 0.087         0.004 / 0.087         0.004 / 0.087       ms
[70.170s][info][gc,stats    ]       Phase: Concurrent Select Relocation Set              4.078 / 6.849         4.700 / 32.864        4.700 / 32.864        4.700 / 32.864      ms
[70.170s][info][gc,stats    ]       Phase: Pause Mark End                                0.026 / 0.036         0.025 / 0.069         0.025 / 0.069         0.025 / 0.069       ms
[70.170s][info][gc,stats    ]       Phase: Pause Mark Start                              0.013 / 0.018         0.013 / 0.018         0.013 / 0.018         0.013 / 0.018       ms
[70.171s][info][gc,stats    ]       Phase: Pause Relocate Start                          0.007 / 0.009         0.007 / 0.012         0.007 / 0.012         0.007 / 0.012       ms
[70.171s][info][gc,stats    ]    Subphase: Concurrent Classes Purge                      0.111 / 2.282         0.127 / 9.702         0.127 / 9.702         0.127 / 9.702       ms
[70.171s][info][gc,stats    ]    Subphase: Concurrent Classes Unlink                     3.083 / 7.233         3.008 / 12.372        3.008 / 12.372        3.008 / 12.372      ms
[70.171s][info][gc,stats    ]    Subphase: Concurrent Mark                              66.800 / 119.909      65.842 / 144.281      65.842 / 144.281      65.842 / 144.281     ms
[70.171s][info][gc,stats    ]    Subphase: Concurrent Mark Try Flush                     0.178 / 0.320         0.154 / 0.409         0.154 / 0.409         0.154 / 0.409       ms
[70.171s][info][gc,stats    ]    Subphase: Concurrent Mark Try Terminate                 7.193 / 16.474        6.836 / 16.685        6.836 / 16.685        6.836 / 16.685      ms
[70.171s][info][gc,stats    ]    Subphase: Concurrent References Enqueue                 0.003 / 0.005         0.003 / 0.005         0.003 / 0.005         0.003 / 0.005       ms
[70.171s][info][gc,stats    ]    Subphase: Concurrent References Process                 0.159 / 0.358         0.142 / 0.393         0.142 / 0.393         0.142 / 0.393       ms
[70.171s][info][gc,stats    ]    Subphase: Concurrent Roots ClassLoaderDataGraph         0.136 / 0.655         0.126 / 0.903         0.126 / 0.903         0.126 / 0.903       ms
[70.171s][info][gc,stats    ]    Subphase: Concurrent Roots CodeCache                    0.000 / 0.000         0.000 / 0.000         0.000 / 0.000         0.000 / 0.000       ms
[70.171s][info][gc,stats    ]    Subphase: Concurrent Roots JavaThreads                  6.369 / 12.149        7.237 / 17.215        7.237 / 17.215        7.237 / 17.215      ms
[70.171s][info][gc,stats    ]    Subphase: Concurrent Roots OopStorageSet                0.039 / 0.087         0.037 / 0.244         0.037 / 0.244         0.037 / 0.244       ms
[70.171s][info][gc,stats    ]    Subphase: Concurrent Weak Roots OopStorageSet           0.348 / 1.158         0.328 / 1.158         0.328 / 1.158         0.328 / 1.158       ms
[70.171s][info][gc,stats    ]    Subphase: Pause Mark Try Complete                       0.000 / 0.000         0.002 / 0.005         0.002 / 0.005         0.002 / 0.005       ms
[70.171s][info][gc,stats    ]      System: Java Threads                                    265 / 268             236 / 269             236 / 269             236 / 269         threads
[70.171s][info][gc,stats    ] =========================================================================================================================================================
[70.469s][info][gc,start    ] GC(190) Garbage Collection (Allocation Rate)
[70.469s][info][gc,task     ] GC(190) Using 4 workers
[70.469s][info][gc,phases   ] GC(190) Pause Mark Start 0.016ms
[70.578s][info][gc,phases   ] GC(190) Concurrent Mark 108.898ms
[70.578s][info][gc,phases   ] GC(190) Pause Mark End 0.028ms
[70.578s][info][gc,phases   ] GC(190) Concurrent Mark Free 0.001ms
[70.583s][info][gc,phases   ] GC(190) Concurrent Process Non-Strong References 4.394ms
[70.583s][info][gc,phases   ] GC(190) Concurrent Reset Relocation Set 0.002ms
[70.589s][info][gc,phases   ] GC(190) Concurrent Select Relocation Set 5.720ms
[70.589s][info][gc,phases   ] GC(190) Pause Relocate Start 0.008ms
[70.592s][info][gc,phases   ] GC(190) Concurrent Relocate 3.506ms
[70.592s][info][gc,load     ] GC(190) Load: 0.00/0.00/0.00
[70.593s][info][gc,mmu      ] GC(190) MMU: 2ms/96.5%, 5ms/98.6%, 10ms/99.3%, 20ms/99.6%, 50ms/99.8%, 100ms/99.9%
[70.593s][info][gc,marking  ] GC(190) Mark: 4 stripe(s), 2 proactive flush(es), 1 terminate flush(es), 0 completion(s), 0 continuation(s) 
[70.593s][info][gc,marking  ] GC(190) Mark Stack Usage: 32M
[70.593s][info][gc,nmethod  ] GC(190) NMethods: 6086 registered, 3826 unregistered
[70.593s][info][gc,metaspace] GC(190) Metaspace: 60M used, 61M committed, 1088M reserved
[70.593s][info][gc,ref      ] GC(190) Soft: 4713 encountered, 0 discovered, 0 enqueued
[70.593s][info][gc,ref      ] GC(190) Weak: 6141 encountered, 3523 discovered, 74 enqueued
[70.593s][info][gc,ref      ] GC(190) Final: 82 encountered, 0 discovered, 0 enqueued
[70.593s][info][gc,ref      ] GC(190) Phantom: 608 encountered, 513 discovered, 0 enqueued
[70.593s][info][gc,reloc    ] GC(190) Small Pages: 541 / 1082M, Empty: 844M, Relocated: 3M, In-Place: 0
[70.593s][info][gc,reloc    ] GC(190) Medium Pages: 2 / 64M, Empty: 32M, Relocated: 0M, In-Place: 0
[70.593s][info][gc,reloc    ] GC(190) Large Pages: 4 / 24M, Empty: 12M, Relocated: 0M, In-Place: 0
[70.593s][info][gc,reloc    ] GC(190) Forwarding Usage: 1M
[70.593s][info][gc,heap     ] GC(190) Min Capacity: 8M(0%)
[70.593s][info][gc,heap     ] GC(190) Max Capacity: 2048M(100%)
[70.593s][info][gc,heap     ] GC(190) Soft Max Capacity: 2048M(100%)
[70.593s][info][gc,heap     ] GC(190)                Mark Start          Mark End        Relocate Start      Relocate End           High               Low         
[70.593s][info][gc,heap     ] GC(190)  Capacity:     2048M (100%)       2048M (100%)       2048M (100%)       2048M (100%)       2048M (100%)       2048M (100%)   
[70.593s][info][gc,heap     ] GC(190)      Free:      878M (43%)         548M (27%)        1398M (68%)        1426M (70%)        1428M (70%)         532M (26%)    
[70.593s][info][gc,heap     ] GC(190)      Used:     1170M (57%)        1500M (73%)         650M (32%)         622M (30%)        1516M (74%)         620M (30%)    
[70.593s][info][gc,heap     ] GC(190)      Live:         -               207M (10%)         207M (10%)         207M (10%)            -                  -          
[70.593s][info][gc,heap     ] GC(190) Allocated:         -               330M (16%)         368M (18%)         375M (18%)            -                  -          
[70.593s][info][gc,heap     ] GC(190)   Garbage:         -               962M (47%)          74M (4%)           38M (2%)             -                  -          
[70.593s][info][gc,heap     ] GC(190) Reclaimed:         -                  -               888M (43%)         923M (45%)            -                  -          
[70.593s][info][gc          ] GC(190) Garbage Collection (Allocation Rate) 1170M(57%)->622M(30%)
[70.875s][info][gc,start    ] GC(191) Garbage Collection (Allocation Rate)
[70.875s][info][gc,task     ] GC(191) Using 3 workers
[70.875s][info][gc,phases   ] GC(191) Pause Mark Start 0.014ms
[70.991s][info][gc,phases   ] GC(191) Concurrent Mark 115.951ms
[70.992s][info][gc,phases   ] GC(191) Pause Mark End 0.028ms
[70.992s][info][gc,phases   ] GC(191) Concurrent Mark Free 0.001ms
[70.997s][info][gc,phases   ] GC(191) Concurrent Process Non-Strong References 5.612ms
[70.997s][info][gc,phases   ] GC(191) Concurrent Reset Relocation Set 0.003ms
[71.001s][info][gc,phases   ] GC(191) Concurrent Select Relocation Set 3.711ms
[71.001s][info][gc,phases   ] GC(191) Pause Relocate Start 0.007ms
[71.006s][info][gc,phases   ] GC(191) Concurrent Relocate 4.725ms
[71.006s][info][gc,load     ] GC(191) Load: 0.00/0.00/0.00
[71.006s][info][gc,mmu      ] GC(191) MMU: 2ms/96.5%, 5ms/98.6%, 10ms/99.3%, 20ms/99.6%, 50ms/99.8%, 100ms/99.9%
[71.006s][info][gc,marking  ] GC(191) Mark: 2 stripe(s), 2 proactive flush(es), 1 terminate flush(es), 0 completion(s), 0 continuation(s) 
[71.006s][info][gc,marking  ] GC(191) Mark Stack Usage: 32M
[71.006s][info][gc,nmethod  ] GC(191) NMethods: 6086 registered, 3826 unregistered
[71.006s][info][gc,metaspace] GC(191) Metaspace: 60M used, 61M committed, 1088M reserved
[71.006s][info][gc,ref      ] GC(191) Soft: 4713 encountered, 0 discovered, 0 enqueued
[71.006s][info][gc,ref      ] GC(191) Weak: 6066 encountered, 2580 discovered, 14 enqueued
[71.006s][info][gc,ref      ] GC(191) Final: 82 encountered, 39 discovered, 0 enqueued
[71.006s][info][gc,ref      ] GC(191) Phantom: 608 encountered, 402 discovered, 0 enqueued
[71.006s][info][gc,reloc    ] GC(191) Small Pages: 620 / 1240M, Empty: 1010M, Relocated: 3M, In-Place: 0
[71.006s][info][gc,reloc    ] GC(191) Medium Pages: 1 / 32M, Empty: 0M, Relocated: 0M, In-Place: 0
[71.006s][info][gc,reloc    ] GC(191) Large Pages: 2 / 12M, Empty: 0M, Relocated: 0M, In-Place: 0
[71.007s][info][gc,reloc    ] GC(191) Forwarding Usage: 1M
[71.007s][info][gc,heap     ] GC(191) Min Capacity: 8M(0%)
[71.007s][info][gc,heap     ] GC(191) Max Capacity: 2048M(100%)
[71.007s][info][gc,heap     ] GC(191) Soft Max Capacity: 2048M(100%)
[71.007s][info][gc,heap     ] GC(191)                Mark Start          Mark End        Relocate Start      Relocate End           High               Low         
[71.007s][info][gc,heap     ] GC(191)  Capacity:     2048M (100%)       2048M (100%)       2048M (100%)       2048M (100%)       2048M (100%)       2048M (100%)   
[71.007s][info][gc,heap     ] GC(191)      Free:      764M (37%)         504M (25%)        1490M (73%)        1510M (74%)        1514M (74%)         490M (24%)    
[71.007s][info][gc,heap     ] GC(191)      Used:     1284M (63%)        1544M (75%)         558M (27%)         538M (26%)        1558M (76%)         534M (26%)    
[71.007s][info][gc,heap     ] GC(191)      Live:         -               207M (10%)         207M (10%)         207M (10%)            -                  -          
[71.007s][info][gc,heap     ] GC(191) Allocated:         -               260M (13%)         284M (14%)         293M (14%)            -                  -          
[71.007s][info][gc,heap     ] GC(191)   Garbage:         -              1076M (53%)          66M (3%)           36M (2%)             -                  -          
[71.007s][info][gc,heap     ] GC(191) Reclaimed:         -                  -              1010M (49%)        1039M (51%)            -                  -          
[71.007s][info][gc          ] GC(191) Garbage Collection (Allocation Rate) 1284M(63%)->538M(26%)
[71.034s][info][gc,start    ] GC(192) Garbage Collection (System.gc())
[71.034s][info][gc,task     ] GC(192) Using 12 workers
[71.034s][info][gc,phases   ] GC(192) Pause Mark Start 0.014ms
[71.085s][info][gc,phases   ] GC(192) Concurrent Mark 51.096ms
[71.085s][info][gc,phases   ] GC(192) Pause Mark End 0.019ms
[71.085s][info][gc,phases   ] GC(192) Concurrent Mark Free 0.001ms
[71.087s][info][gc,phases   ] GC(192) Concurrent Process Non-Strong References 1.609ms
[71.087s][info][gc,phases   ] GC(192) Concurrent Reset Relocation Set 0.002ms
[71.091s][info][gc,phases   ] GC(192) Concurrent Select Relocation Set 3.892ms
[71.091s][info][gc,phases   ] GC(192) Pause Relocate Start 0.006ms
[71.093s][info][gc,phases   ] GC(192) Concurrent Relocate 1.938ms
[71.093s][info][gc,load     ] GC(192) Load: 0.00/0.00/0.00
[71.093s][info][gc,mmu      ] GC(192) MMU: 2ms/96.5%, 5ms/98.6%, 10ms/99.3%, 20ms/99.6%, 50ms/99.8%, 100ms/99.9%
[71.093s][info][gc,marking  ] GC(192) Mark: 8 stripe(s), 1 proactive flush(es), 1 terminate flush(es), 0 completion(s), 0 continuation(s) 
[71.093s][info][gc,marking  ] GC(192) Mark Stack Usage: 32M
[71.093s][info][gc,nmethod  ] GC(192) NMethods: 6090 registered, 3829 unregistered
[71.093s][info][gc,metaspace] GC(192) Metaspace: 60M used, 61M committed, 1088M reserved
[71.093s][info][gc,ref      ] GC(192) Soft: 4711 encountered, 0 discovered, 0 enqueued
[71.093s][info][gc,ref      ] GC(192) Weak: 6112 encountered, 1828 discovered, 121 enqueued
[71.093s][info][gc,ref      ] GC(192) Final: 82 encountered, 2 discovered, 0 enqueued
[71.093s][info][gc,ref      ] GC(192) Phantom: 608 encountered, 491 discovered, 0 enqueued
[71.093s][info][gc,reloc    ] GC(192) Small Pages: 254 / 508M, Empty: 290M, Relocated: 1M, In-Place: 0
[71.093s][info][gc,reloc    ] GC(192) Medium Pages: 1 / 32M, Empty: 0M, Relocated: 0M, In-Place: 0
[71.093s][info][gc,reloc    ] GC(192) Large Pages: 3 / 18M, Empty: 6M, Relocated: 0M, In-Place: 0
[71.093s][info][gc,reloc    ] GC(192) Forwarding Usage: 0M
[71.093s][info][gc,heap     ] GC(192) Min Capacity: 8M(0%)
[71.093s][info][gc,heap     ] GC(192) Max Capacity: 2048M(100%)
[71.093s][info][gc,heap     ] GC(192) Soft Max Capacity: 2048M(100%)
[71.094s][info][gc,heap     ] GC(192)                Mark Start          Mark End        Relocate Start      Relocate End           High               Low         
[71.094s][info][gc,heap     ] GC(192)  Capacity:     2048M (100%)       2048M (100%)       2048M (100%)       2048M (100%)       2048M (100%)       2048M (100%)   
[71.094s][info][gc,heap     ] GC(192)      Free:     1490M (73%)        1490M (73%)        1780M (87%)        1782M (87%)        1782M (87%)        1488M (73%)    
[71.094s][info][gc,heap     ] GC(192)      Used:      558M (27%)         558M (27%)         268M (13%)         266M (13%)         560M (27%)         266M (13%)    
[71.094s][info][gc,heap     ] GC(192)      Live:         -               206M (10%)         206M (10%)         206M (10%)            -                  -          
[71.094s][info][gc,heap     ] GC(192) Allocated:         -                 0M (0%)            6M (0%)            6M (0%)             -                  -          
[71.094s][info][gc,heap     ] GC(192)   Garbage:         -               351M (17%)          55M (3%)           53M (3%)             -                  -          
[71.094s][info][gc,heap     ] GC(192) Reclaimed:         -                  -               296M (14%)         298M (15%)            -                  -          
[71.094s][info][gc          ] GC(192) Garbage Collection (System.gc()) 558M(27%)->266M(13%)
[71.366s][info][gc,start    ] GC(193) Garbage Collection (Allocation Rate)
[71.366s][info][gc,task     ] GC(193) Using 4 workers
[71.367s][info][gc,phases   ] GC(193) Pause Mark Start 0.016ms
[71.460s][info][gc,phases   ] GC(193) Concurrent Mark 93.322ms
[71.460s][info][gc,phases   ] GC(193) Pause Mark End 0.029ms
[71.460s][info][gc,phases   ] GC(193) Concurrent Mark Free 0.001ms
[71.464s][info][gc,phases   ] GC(193) Concurrent Process Non-Strong References 3.758ms
[71.464s][info][gc,phases   ] GC(193) Concurrent Reset Relocation Set 0.002ms
[71.470s][info][gc,phases   ] GC(193) Concurrent Select Relocation Set 5.564ms
[71.470s][info][gc,phases   ] GC(193) Pause Relocate Start 0.009ms
[71.474s][info][gc,phases   ] GC(193) Concurrent Relocate 4.570ms
[71.475s][info][gc,load     ] GC(193) Load: 0.00/0.00/0.00
[71.475s][info][gc,mmu      ] GC(193) MMU: 2ms/96.5%, 5ms/98.6%, 10ms/99.3%, 20ms/99.6%, 50ms/99.8%, 100ms/99.9%
[71.475s][info][gc,marking  ] GC(193) Mark: 4 stripe(s), 2 proactive flush(es), 1 terminate flush(es), 0 completion(s), 0 continuation(s) 
[71.475s][info][gc,marking  ] GC(193) Mark Stack Usage: 32M
[71.475s][info][gc,nmethod  ] GC(193) NMethods: 6101 registered, 3834 unregistered
[71.475s][info][gc,metaspace] GC(193) Metaspace: 60M used, 61M committed, 1088M reserved
[71.475s][info][gc,ref      ] GC(193) Soft: 4713 encountered, 0 discovered, 0 enqueued
[71.475s][info][gc,ref      ] GC(193) Weak: 6154 encountered, 1680 discovered, 75 enqueued
[71.475s][info][gc,ref      ] GC(193) Final: 82 encountered, 5 discovered, 0 enqueued
[71.475s][info][gc,ref      ] GC(193) Phantom: 608 encountered, 361 discovered, 0 enqueued
[71.475s][info][gc,reloc    ] GC(193) Small Pages: 464 / 928M, Empty: 678M, Relocated: 3M, In-Place: 0
[71.475s][info][gc,reloc    ] GC(193) Medium Pages: 2 / 64M, Empty: 32M, Relocated: 0M, In-Place: 0
[71.475s][info][gc,reloc    ] GC(193) Large Pages: 4 / 24M, Empty: 12M, Relocated: 0M, In-Place: 0
[71.475s][info][gc,reloc    ] GC(193) Forwarding Usage: 1M
[71.475s][info][gc,heap     ] GC(193) Min Capacity: 8M(0%)
[71.475s][info][gc,heap     ] GC(193) Max Capacity: 2048M(100%)
[71.475s][info][gc,heap     ] GC(193) Soft Max Capacity: 2048M(100%)
[71.475s][info][gc,heap     ] GC(193)                Mark Start          Mark End        Relocate Start      Relocate End           High               Low         
[71.475s][info][gc,heap     ] GC(193)  Capacity:     2048M (100%)       2048M (100%)       2048M (100%)       2048M (100%)       2048M (100%)       2048M (100%)   
[71.475s][info][gc,heap     ] GC(193)      Free:     1032M (50%)         718M (35%)        1404M (69%)        1440M (70%)        1448M (71%)         704M (34%)    
[71.475s][info][gc,heap     ] GC(193)      Used:     1016M (50%)        1330M (65%)         644M (31%)         608M (30%)        1344M (66%)         600M (29%)    
[71.475s][info][gc,heap     ] GC(193)      Live:         -               207M (10%)         207M (10%)         207M (10%)            -                  -          
[71.475s][info][gc,heap     ] GC(193) Allocated:         -               314M (15%)         350M (17%)         361M (18%)            -                  -          
[71.475s][info][gc,heap     ] GC(193)   Garbage:         -               808M (39%)          86M (4%)           38M (2%)             -                  -          
[71.475s][info][gc,heap     ] GC(193) Reclaimed:         -                  -               722M (35%)         769M (38%)            -                  -          
[71.475s][info][gc          ] GC(193) Garbage Collection (Allocation Rate) 1016M(50%)->608M(30%)
[71.561s][info][gc,start    ] GC(194) Garbage Collection (Allocation Rate)
[71.561s][info][gc,task     ] GC(194) Using 4 workers
[71.561s][info][gc,phases   ] GC(194) Pause Mark Start 0.011ms
[71.654s][info][gc,phases   ] GC(194) Concurrent Mark 93.388ms
[71.655s][info][gc,phases   ] GC(194) Pause Mark End 0.029ms
[71.655s][info][gc,phases   ] GC(194) Concurrent Mark Free 0.001ms
[71.659s][info][gc,phases   ] GC(194) Concurrent Process Non-Strong References 3.887ms
[71.659s][info][gc,phases   ] GC(194) Concurrent Reset Relocation Set 0.004ms
[71.662s][info][gc,phases   ] GC(194) Concurrent Select Relocation Set 3.728ms
[71.663s][info][gc,phases   ] GC(194) Pause Relocate Start 0.008ms
[71.667s][info][gc,phases   ] GC(194) Concurrent Relocate 4.689ms
[71.667s][info][gc,load     ] GC(194) Load: 0.00/0.00/0.00
[71.667s][info][gc,mmu      ] GC(194) MMU: 2ms/96.5%, 5ms/98.6%, 10ms/99.3%, 20ms/99.6%, 50ms/99.8%, 100ms/99.9%
[71.667s][info][gc,marking  ] GC(194) Mark: 4 stripe(s), 2 proactive flush(es), 1 terminate flush(es), 0 completion(s), 0 continuation(s) 
[71.668s][info][gc,marking  ] GC(194) Mark Stack Usage: 32M
[71.668s][info][gc,nmethod  ] GC(194) NMethods: 6101 registered, 3834 unregistered
[71.668s][info][gc,metaspace] GC(194) Metaspace: 60M used, 61M committed, 1088M reserved
[71.668s][info][gc,ref      ] GC(194) Soft: 4713 encountered, 0 discovered, 0 enqueued
[71.668s][info][gc,ref      ] GC(194) Weak: 6078 encountered, 2255 discovered, 19 enqueued
[71.668s][info][gc,ref      ] GC(194) Final: 82 encountered, 3 discovered, 0 enqueued
[71.668s][info][gc,ref      ] GC(194) Phantom: 608 encountered, 498 discovered, 0 enqueued
[71.668s][info][gc,reloc    ] GC(194) Small Pages: 407 / 814M, Empty: 590M, Relocated: 3M, In-Place: 0
[71.668s][info][gc,reloc    ] GC(194) Medium Pages: 1 / 32M, Empty: 0M, Relocated: 0M, In-Place: 0
[71.668s][info][gc,reloc    ] GC(194) Large Pages: 2 / 12M, Empty: 0M, Relocated: 0M, In-Place: 0
[71.668s][info][gc,reloc    ] GC(194) Forwarding Usage: 1M
[71.668s][info][gc,heap     ] GC(194) Min Capacity: 8M(0%)
[71.668s][info][gc,heap     ] GC(194) Max Capacity: 2048M(100%)
[71.668s][info][gc,heap     ] GC(194) Soft Max Capacity: 2048M(100%)
[71.668s][info][gc,heap     ] GC(194)                Mark Start          Mark End        Relocate Start      Relocate End           High               Low         
[71.668s][info][gc,heap     ] GC(194)  Capacity:     2048M (100%)       2048M (100%)       2048M (100%)       2048M (100%)       2048M (100%)       2048M (100%)   
[71.668s][info][gc,heap     ] GC(194)      Free:     1190M (58%)         918M (45%)        1484M (72%)        1494M (73%)        1500M (73%)         906M (44%)    
[71.668s][info][gc,heap     ] GC(194)      Used:      858M (42%)        1130M (55%)         564M (28%)         554M (27%)        1142M (56%)         548M (27%)    
[71.668s][info][gc,heap     ] GC(194)      Live:         -               207M (10%)         207M (10%)         207M (10%)            -                  -          
[71.668s][info][gc,heap     ] GC(194) Allocated:         -               272M (13%)         296M (14%)         307M (15%)            -                  -          
[71.668s][info][gc,heap     ] GC(194)   Garbage:         -               650M (32%)          60M (3%)           38M (2%)             -                  -          
[71.668s][info][gc,heap     ] GC(194) Reclaimed:         -                  -               590M (29%)         611M (30%)            -                  -          
[71.668s][info][gc          ] GC(194) Garbage Collection (Allocation Rate) 858M(42%)->554M(27%)
[71.873s][info][gc,start    ] GC(195) Garbage Collection (Allocation Rate)
[71.873s][info][gc,task     ] GC(195) Using 3 workers
[71.873s][info][gc,phases   ] GC(195) Pause Mark Start 0.015ms
[71.998s][info][gc,phases   ] GC(195) Concurrent Mark 124.580ms
[71.998s][info][gc,phases   ] GC(195) Pause Mark End 0.016ms
[71.998s][info][gc,phases   ] GC(195) Concurrent Mark Free 0.001ms
[72.006s][info][gc,phases   ] GC(195) Concurrent Process Non-Strong References 7.461ms
[72.006s][info][gc,phases   ] GC(195) Concurrent Reset Relocation Set 0.003ms
[72.009s][info][gc,phases   ] GC(195) Concurrent Select Relocation Set 3.644ms
[72.010s][info][gc,phases   ] GC(195) Pause Relocate Start 0.006ms
[72.014s][info][gc,phases   ] GC(195) Concurrent Relocate 4.597ms
[72.014s][info][gc,load     ] GC(195) Load: 0.00/0.00/0.00
[72.014s][info][gc,mmu      ] GC(195) MMU: 2ms/96.5%, 5ms/98.6%, 10ms/99.3%, 20ms/99.6%, 50ms/99.8%, 100ms/99.9%
[72.014s][info][gc,marking  ] GC(195) Mark: 2 stripe(s), 2 proactive flush(es), 1 terminate flush(es), 0 completion(s), 0 continuation(s) 
[72.014s][info][gc,marking  ] GC(195) Mark Stack Usage: 32M
[72.014s][info][gc,nmethod  ] GC(195) NMethods: 6106 registered, 3834 unregistered
[72.014s][info][gc,metaspace] GC(195) Metaspace: 60M used, 61M committed, 1088M reserved
[72.014s][info][gc,ref      ] GC(195) Soft: 4713 encountered, 0 discovered, 0 enqueued
[72.015s][info][gc,ref      ] GC(195) Weak: 6057 encountered, 3900 discovered, 0 enqueued
[72.015s][info][gc,ref      ] GC(195) Final: 82 encountered, 3 discovered, 0 enqueued
[72.015s][info][gc,ref      ] GC(195) Phantom: 608 encountered, 379 discovered, 0 enqueued
[72.015s][info][gc,reloc    ] GC(195) Small Pages: 521 / 1042M, Empty: 824M, Relocated: 3M, In-Place: 0
[72.015s][info][gc,reloc    ] GC(195) Medium Pages: 1 / 32M, Empty: 0M, Relocated: 0M, In-Place: 0
[72.015s][info][gc,reloc    ] GC(195) Large Pages: 2 / 12M, Empty: 0M, Relocated: 0M, In-Place: 0
[72.015s][info][gc,reloc    ] GC(195) Forwarding Usage: 1M
[72.015s][info][gc,heap     ] GC(195) Min Capacity: 8M(0%)
[72.015s][info][gc,heap     ] GC(195) Max Capacity: 2048M(100%)
[72.015s][info][gc,heap     ] GC(195) Soft Max Capacity: 2048M(100%)
[72.015s][info][gc,heap     ] GC(195)                Mark Start          Mark End        Relocate Start      Relocate End           High               Low         
[72.015s][info][gc,heap     ] GC(195)  Capacity:     2048M (100%)       2048M (100%)       2048M (100%)       2048M (100%)       2048M (100%)       2048M (100%)   
[72.015s][info][gc,heap     ] GC(195)      Free:      962M (47%)         898M (44%)        1722M (84%)        1740M (85%)        1740M (85%)         898M (44%)    
[72.015s][info][gc,heap     ] GC(195)      Used:     1086M (53%)        1150M (56%)         326M (16%)         308M (15%)        1150M (56%)         308M (15%)    
[72.015s][info][gc,heap     ] GC(195)      Live:         -               207M (10%)         207M (10%)         207M (10%)            -                  -          
[72.015s][info][gc,heap     ] GC(195) Allocated:         -                64M (3%)           64M (3%)           64M (3%)             -                  -          
[72.015s][info][gc,heap     ] GC(195)   Garbage:         -               878M (43%)          54M (3%)           36M (2%)             -                  -          
[72.015s][info][gc,heap     ] GC(195) Reclaimed:         -                  -               824M (40%)         842M (41%)            -                  -          
[72.015s][info][gc          ] GC(195) Garbage Collection (Allocation Rate) 1086M(53%)->308M(15%)
[72.015s][info][gc,start    ] GC(196) Garbage Collection (System.gc())
[72.015s][info][gc,task     ] GC(196) Using 12 workers
[72.015s][info][gc,phases   ] GC(196) Pause Mark Start 0.007ms
[72.076s][info][gc,phases   ] GC(196) Concurrent Mark 60.839ms
[72.076s][info][gc,phases   ] GC(196) Pause Mark End 0.020ms
[72.076s][info][gc,phases   ] GC(196) Concurrent Mark Free 0.001ms
[72.078s][info][gc,phases   ] GC(196) Concurrent Process Non-Strong References 1.878ms
[72.078s][info][gc,phases   ] GC(196) Concurrent Reset Relocation Set 0.001ms
[72.081s][info][gc,phases   ] GC(196) Concurrent Select Relocation Set 2.607ms
[72.081s][info][gc,phases   ] GC(196) Pause Relocate Start 0.007ms
[72.083s][info][gc,phases   ] GC(196) Concurrent Relocate 2.210ms
[72.083s][info][gc,load     ] GC(196) Load: 0.00/0.00/0.00
[72.083s][info][gc,mmu      ] GC(196) MMU: 2ms/96.5%, 5ms/98.6%, 10ms/99.3%, 20ms/99.6%, 50ms/99.8%, 100ms/99.9%
[72.083s][info][gc,marking  ] GC(196) Mark: 8 stripe(s), 3 proactive flush(es), 1 terminate flush(es), 0 completion(s), 0 continuation(s) 
[72.083s][info][gc,marking  ] GC(196) Mark Stack Usage: 32M
[72.083s][info][gc,nmethod  ] GC(196) NMethods: 6102 registered, 3838 unregistered
[72.083s][info][gc,metaspace] GC(196) Metaspace: 60M used, 61M committed, 1088M reserved
[72.083s][info][gc,ref      ] GC(196) Soft: 4711 encountered, 0 discovered, 0 enqueued
[72.083s][info][gc,ref      ] GC(196) Weak: 6124 encountered, 1936 discovered, 120 enqueued
[72.083s][info][gc,ref      ] GC(196) Final: 82 encountered, 1 discovered, 0 enqueued
[72.083s][info][gc,ref      ] GC(196) Phantom: 608 encountered, 384 discovered, 0 enqueued
[72.083s][info][gc,reloc    ] GC(196) Small Pages: 129 / 258M, Empty: 42M, Relocated: 1M, In-Place: 0
[72.083s][info][gc,reloc    ] GC(196) Medium Pages: 1 / 32M, Empty: 0M, Relocated: 0M, In-Place: 0
[72.083s][info][gc,reloc    ] GC(196) Large Pages: 3 / 18M, Empty: 6M, Relocated: 0M, In-Place: 0
[72.083s][info][gc,reloc    ] GC(196) Forwarding Usage: 0M
[72.083s][info][gc,heap     ] GC(196) Min Capacity: 8M(0%)
[72.083s][info][gc,heap     ] GC(196) Max Capacity: 2048M(100%)
[72.083s][info][gc,heap     ] GC(196) Soft Max Capacity: 2048M(100%)
[72.084s][info][gc,heap     ] GC(196)                Mark Start          Mark End        Relocate Start      Relocate End           High               Low         
[72.084s][info][gc,heap     ] GC(196)  Capacity:     2048M (100%)       2048M (100%)       2048M (100%)       2048M (100%)       2048M (100%)       2048M (100%)   
[72.084s][info][gc,heap     ] GC(196)      Free:     1740M (85%)        1740M (85%)        1782M (87%)        1782M (87%)        1782M (87%)        1732M (85%)    
[72.084s][info][gc,heap     ] GC(196)      Used:      308M (15%)         308M (15%)         266M (13%)         266M (13%)         316M (15%)         266M (13%)    
[72.084s][info][gc,heap     ] GC(196)      Live:         -               206M (10%)         206M (10%)         206M (10%)            -                  -          
[72.084s][info][gc,heap     ] GC(196) Allocated:         -                 0M (0%)            6M (0%)            5M (0%)             -                  -          
[72.084s][info][gc,heap     ] GC(196)   Garbage:         -               101M (5%)           53M (3%)           53M (3%)             -                  -          
[72.084s][info][gc,heap     ] GC(196) Reclaimed:         -                  -                48M (2%)           47M (2%)             -                  -          
[72.084s][info][gc          ] GC(196) Garbage Collection (System.gc()) 308M(15%)->266M(13%)
[72.364s][info][gc,start    ] GC(197) Garbage Collection (Allocation Rate)
[72.364s][info][gc,task     ] GC(197) Using 5 workers
[72.365s][info][gc,phases   ] GC(197) Pause Mark Start 0.015ms
[72.458s][info][gc,phases   ] GC(197) Concurrent Mark 93.326ms
[72.482s][info][gc,phases   ] GC(197) Pause Mark End 0.026ms
[72.482s][info][gc,phases   ] GC(197) Concurrent Mark Free 0.001ms
[72.488s][info][gc,phases   ] GC(197) Concurrent Process Non-Strong References 5.115ms
[72.488s][info][gc,phases   ] GC(197) Concurrent Reset Relocation Set 0.002ms
[72.493s][info][gc,phases   ] GC(197) Concurrent Select Relocation Set 5.667ms
[72.493s][info][gc,phases   ] GC(197) Pause Relocate Start 0.010ms
[72.498s][info][gc,phases   ] GC(197) Concurrent Relocate 4.787ms
[72.498s][info][gc,load     ] GC(197) Load: 0.00/0.00/0.00
[72.498s][info][gc,mmu      ] GC(197) MMU: 2ms/96.5%, 5ms/98.6%, 10ms/99.3%, 20ms/99.6%, 50ms/99.8%, 100ms/99.9%
[72.498s][info][gc,marking  ] GC(197) Mark: 4 stripe(s), 2 proactive flush(es), 1 terminate flush(es), 0 completion(s), 0 continuation(s) 
[72.498s][info][gc,marking  ] GC(197) Mark Stack Usage: 32M
[72.498s][info][gc,nmethod  ] GC(197) NMethods: 6106 registered, 3843 unregistered
[72.499s][info][gc,metaspace] GC(197) Metaspace: 60M used, 61M committed, 1088M reserved
[72.499s][info][gc,ref      ] GC(197) Soft: 4713 encountered, 0 discovered, 0 enqueued
[72.499s][info][gc,ref      ] GC(197) Weak: 6140 encountered, 1333 discovered, 73 enqueued
[72.499s][info][gc,ref      ] GC(197) Final: 82 encountered, 4 discovered, 0 enqueued
[72.499s][info][gc,ref      ] GC(197) Phantom: 608 encountered, 562 discovered, 0 enqueued
[72.499s][info][gc,reloc    ] GC(197) Small Pages: 458 / 916M, Empty: 670M, Relocated: 3M, In-Place: 0
[72.499s][info][gc,reloc    ] GC(197) Medium Pages: 2 / 64M, Empty: 32M, Relocated: 0M, In-Place: 0
[72.499s][info][gc,reloc    ] GC(197) Large Pages: 4 / 24M, Empty: 12M, Relocated: 0M, In-Place: 0
[72.499s][info][gc,reloc    ] GC(197) Forwarding Usage: 1M
[72.499s][info][gc,heap     ] GC(197) Min Capacity: 8M(0%)
[72.499s][info][gc,heap     ] GC(197) Max Capacity: 2048M(100%)
[72.499s][info][gc,heap     ] GC(197) Soft Max Capacity: 2048M(100%)
[72.499s][info][gc,heap     ] GC(197)                Mark Start          Mark End        Relocate Start      Relocate End           High               Low         
[72.499s][info][gc,heap     ] GC(197)  Capacity:     2048M (100%)       2048M (100%)       2048M (100%)       2048M (100%)       2048M (100%)       2048M (100%)   
[72.499s][info][gc,heap     ] GC(197)      Free:     1044M (51%)         668M (33%)        1340M (65%)        1368M (67%)        1376M (67%)         648M (32%)    
[72.499s][info][gc,heap     ] GC(197)      Used:     1004M (49%)        1380M (67%)         708M (35%)         680M (33%)        1400M (68%)         672M (33%)    
[72.499s][info][gc,heap     ] GC(197)      Live:         -               207M (10%)         207M (10%)         207M (10%)            -                  -          
[72.499s][info][gc,heap     ] GC(197) Allocated:         -               376M (18%)         418M (20%)         431M (21%)            -                  -          
[72.499s][info][gc,heap     ] GC(197)   Garbage:         -               796M (39%)          82M (4%)           40M (2%)             -                  -          
[72.499s][info][gc,heap     ] GC(197) Reclaimed:         -                  -               714M (35%)         755M (37%)            -                  -          
[72.499s][info][gc          ] GC(197) Garbage Collection (Allocation Rate) 1004M(49%)->680M(33%)
[72.661s][info][gc,start    ] GC(198) Garbage Collection (Allocation Rate)
[72.661s][info][gc,task     ] GC(198) Using 5 workers
[72.661s][info][gc,phases   ] GC(198) Pause Mark Start 0.014ms
[72.743s][info][gc,phases   ] GC(198) Concurrent Mark 81.276ms
[72.743s][info][gc,phases   ] GC(198) Pause Mark End 0.028ms
[72.743s][info][gc,phases   ] GC(198) Concurrent Mark Free 0.001ms
[72.747s][info][gc,phases   ] GC(198) Concurrent Process Non-Strong References 3.454ms
[72.747s][info][gc,phases   ] GC(198) Concurrent Reset Relocation Set 0.003ms
[72.751s][info][gc,phases   ] GC(198) Concurrent Select Relocation Set 3.882ms
[72.751s][info][gc,phases   ] GC(198) Pause Relocate Start 0.005ms
[72.754s][info][gc,phases   ] GC(198) Concurrent Relocate 3.409ms
[72.754s][info][gc,load     ] GC(198) Load: 0.00/0.00/0.00
[72.754s][info][gc,mmu      ] GC(198) MMU: 2ms/96.5%, 5ms/98.6%, 10ms/99.3%, 20ms/99.6%, 50ms/99.8%, 100ms/99.9%
[72.754s][info][gc,marking  ] GC(198) Mark: 4 stripe(s), 2 proactive flush(es), 1 terminate flush(es), 0 completion(s), 0 continuation(s) 
[72.754s][info][gc,marking  ] GC(198) Mark Stack Usage: 32M
[72.754s][info][gc,nmethod  ] GC(198) NMethods: 6106 registered, 3843 unregistered
[72.754s][info][gc,metaspace] GC(198) Metaspace: 60M used, 61M committed, 1088M reserved
[72.754s][info][gc,ref      ] GC(198) Soft: 4713 encountered, 0 discovered, 0 enqueued
[72.754s][info][gc,ref      ] GC(198) Weak: 6066 encountered, 811 discovered, 14 enqueued
[72.754s][info][gc,ref      ] GC(198) Final: 82 encountered, 4 discovered, 0 enqueued
[72.755s][info][gc,ref      ] GC(198) Phantom: 608 encountered, 508 discovered, 0 enqueued
[72.755s][info][gc,reloc    ] GC(198) Small Pages: 560 / 1120M, Empty: 892M, Relocated: 1M, In-Place: 0
[72.755s][info][gc,reloc    ] GC(198) Medium Pages: 1 / 32M, Empty: 0M, Relocated: 0M, In-Place: 0
[72.755s][info][gc,reloc    ] GC(198) Large Pages: 2 / 12M, Empty: 0M, Relocated: 0M, In-Place: 0
[72.755s][info][gc,reloc    ] GC(198) Forwarding Usage: 0M
[72.755s][info][gc,heap     ] GC(198) Min Capacity: 8M(0%)
[72.755s][info][gc,heap     ] GC(198) Max Capacity: 2048M(100%)
[72.755s][info][gc,heap     ] GC(198) Soft Max Capacity: 2048M(100%)
[72.755s][info][gc,heap     ] GC(198)                Mark Start          Mark End        Relocate Start      Relocate End           High               Low         
[72.755s][info][gc,heap     ] GC(198)  Capacity:     2048M (100%)       2048M (100%)       2048M (100%)       2048M (100%)       2048M (100%)       2048M (100%)   
[72.755s][info][gc,heap     ] GC(198)      Free:      884M (43%)         658M (32%)        1528M (75%)        1538M (75%)        1544M (75%)         648M (32%)    
[72.755s][info][gc,heap     ] GC(198)      Used:     1164M (57%)        1390M (68%)         520M (25%)         510M (25%)        1400M (68%)         504M (25%)    
[72.755s][info][gc,heap     ] GC(198)      Live:         -               207M (10%)         207M (10%)         207M (10%)            -                  -          
[72.755s][info][gc,heap     ] GC(198) Allocated:         -               226M (11%)         248M (12%)         259M (13%)            -                  -          
[72.755s][info][gc,heap     ] GC(198)   Garbage:         -               956M (47%)          64M (3%)           42M (2%)             -                  -          
[72.755s][info][gc,heap     ] GC(198) Reclaimed:         -                  -               892M (44%)         913M (45%)            -                  -          
[72.755s][info][gc          ] GC(198) Garbage Collection (Allocation Rate) 1164M(57%)->510M(25%)
[72.915s][info][gc,start    ] GC(199) Garbage Collection (System.gc())
[72.915s][info][gc,task     ] GC(199) Using 12 workers
[72.916s][info][gc,phases   ] GC(199) Pause Mark Start 0.016ms
[72.965s][info][gc,phases   ] GC(199) Concurrent Mark 49.274ms
[72.965s][info][gc,phases   ] GC(199) Pause Mark End 0.021ms
[72.965s][info][gc,phases   ] GC(199) Concurrent Mark Free 0.001ms
[72.967s][info][gc,phases   ] GC(199) Concurrent Process Non-Strong References 1.753ms
[72.967s][info][gc,phases   ] GC(199) Concurrent Reset Relocation Set 0.003ms
[72.971s][info][gc,phases   ] GC(199) Concurrent Select Relocation Set 3.554ms
[72.971s][info][gc,phases   ] GC(199) Pause Relocate Start 0.006ms
[72.973s][info][gc,phases   ] GC(199) Concurrent Relocate 1.900ms
[72.973s][info][gc,load     ] GC(199) Load: 0.00/0.00/0.00
[72.973s][info][gc,mmu      ] GC(199) MMU: 2ms/96.5%, 5ms/98.6%, 10ms/99.3%, 20ms/99.6%, 50ms/99.8%, 100ms/99.9%
[72.973s][info][gc,marking  ] GC(199) Mark: 8 stripe(s), 2 proactive flush(es), 1 terminate flush(es), 0 completion(s), 0 continuation(s) 
[72.973s][info][gc,marking  ] GC(199) Mark Stack Usage: 32M
[72.973s][info][gc,nmethod  ] GC(199) NMethods: 6111 registered, 3845 unregistered
[72.973s][info][gc,metaspace] GC(199) Metaspace: 60M used, 61M committed, 1088M reserved
[72.973s][info][gc,ref      ] GC(199) Soft: 4711 encountered, 0 discovered, 0 enqueued
[72.973s][info][gc,ref      ] GC(199) Weak: 6114 encountered, 2042 discovered, 122 enqueued
[72.973s][info][gc,ref      ] GC(199) Final: 82 encountered, 24 discovered, 0 enqueued
[72.973s][info][gc,ref      ] GC(199) Phantom: 608 encountered, 426 discovered, 0 enqueued
[72.973s][info][gc,reloc    ] GC(199) Small Pages: 405 / 810M, Empty: 582M, Relocated: 1M, In-Place: 0
[72.973s][info][gc,reloc    ] GC(199) Medium Pages: 1 / 32M, Empty: 0M, Relocated: 0M, In-Place: 0
[72.973s][info][gc,reloc    ] GC(199) Large Pages: 3 / 18M, Empty: 6M, Relocated: 0M, In-Place: 0
[72.973s][info][gc,reloc    ] GC(199) Forwarding Usage: 0M
[72.973s][info][gc,heap     ] GC(199) Min Capacity: 8M(0%)
[72.973s][info][gc,heap     ] GC(199) Max Capacity: 2048M(100%)
[72.973s][info][gc,heap     ] GC(199) Soft Max Capacity: 2048M(100%)
[72.973s][info][gc,heap     ] GC(199)                Mark Start          Mark End        Relocate Start      Relocate End           High               Low         
[72.973s][info][gc,heap     ] GC(199)  Capacity:     2048M (100%)       2048M (100%)       2048M (100%)       2048M (100%)       2048M (100%)       2048M (100%)   
[72.974s][info][gc,heap     ] GC(199)      Free:     1188M (58%)        1186M (58%)        1770M (86%)        1778M (87%)        1778M (87%)        1186M (58%)    
[72.974s][info][gc,heap     ] GC(199)      Used:      860M (42%)         862M (42%)         278M (14%)         270M (13%)         862M (42%)         270M (13%)    
[72.974s][info][gc,heap     ] GC(199)      Live:         -               206M (10%)         206M (10%)         206M (10%)            -                  -          
[72.974s][info][gc,heap     ] GC(199) Allocated:         -                 2M (0%)            6M (0%)            6M (0%)             -                  -          
[72.974s][info][gc,heap     ] GC(199)   Garbage:         -               653M (32%)          65M (3%)           57M (3%)             -                  -          
[72.974s][info][gc,heap     ] GC(199) Reclaimed:         -                  -               588M (29%)         596M (29%)            -                  -          
[72.974s][info][gc          ] GC(199) Garbage Collection (System.gc()) 860M(42%)->270M(13%)
[73.267s][info][gc,start    ] GC(200) Garbage Collection (Allocation Rate)
[73.267s][info][gc,task     ] GC(200) Using 5 workers
[73.267s][info][gc,phases   ] GC(200) Pause Mark Start 0.015ms
[73.347s][info][gc,phases   ] GC(200) Concurrent Mark 79.276ms
[73.347s][info][gc,phases   ] GC(200) Pause Mark End 0.027ms
[73.347s][info][gc,phases   ] GC(200) Concurrent Mark Free 0.001ms
[73.351s][info][gc,phases   ] GC(200) Concurrent Process Non-Strong References 3.611ms
[73.351s][info][gc,phases   ] GC(200) Concurrent Reset Relocation Set 0.003ms
[73.356s][info][gc,phases   ] GC(200) Concurrent Select Relocation Set 5.659ms
[73.357s][info][gc,phases   ] GC(200) Pause Relocate Start 0.005ms
[73.360s][info][gc,phases   ] GC(200) Concurrent Relocate 3.351ms
[73.360s][info][gc,load     ] GC(200) Load: 0.00/0.00/0.00
[73.360s][info][gc,mmu      ] GC(200) MMU: 2ms/96.5%, 5ms/98.6%, 10ms/99.3%, 20ms/99.6%, 50ms/99.8%, 100ms/99.9%
[73.360s][info][gc,marking  ] GC(200) Mark: 4 stripe(s), 2 proactive flush(es), 1 terminate flush(es), 0 completion(s), 0 continuation(s) 
[73.360s][info][gc,marking  ] GC(200) Mark Stack Usage: 32M
[73.360s][info][gc,nmethod  ] GC(200) NMethods: 6114 registered, 3850 unregistered
[73.360s][info][gc,metaspace] GC(200) Metaspace: 60M used, 61M committed, 1088M reserved
[73.360s][info][gc,ref      ] GC(200) Soft: 4713 encountered, 0 discovered, 0 enqueued
[73.360s][info][gc,ref      ] GC(200) Weak: 6155 encountered, 1728 discovered, 75 enqueued
[73.360s][info][gc,ref      ] GC(200) Final: 82 encountered, 4 discovered, 0 enqueued
[73.360s][info][gc,ref      ] GC(200) Phantom: 608 encountered, 504 discovered, 0 enqueued
[73.360s][info][gc,reloc    ] GC(200) Small Pages: 513 / 1026M, Empty: 778M, Relocated: 3M, In-Place: 0
[73.360s][info][gc,reloc    ] GC(200) Medium Pages: 2 / 64M, Empty: 32M, Relocated: 0M, In-Place: 0
[73.360s][info][gc,reloc    ] GC(200) Large Pages: 4 / 24M, Empty: 12M, Relocated: 0M, In-Place: 0
[73.360s][info][gc,reloc    ] GC(200) Forwarding Usage: 1M
[73.360s][info][gc,heap     ] GC(200) Min Capacity: 8M(0%)
[73.360s][info][gc,heap     ] GC(200) Max Capacity: 2048M(100%)
[73.361s][info][gc,heap     ] GC(200) Soft Max Capacity: 2048M(100%)
[73.361s][info][gc,heap     ] GC(200)                Mark Start          Mark End        Relocate Start      Relocate End           High               Low         
[73.361s][info][gc,heap     ] GC(200)  Capacity:     2048M (100%)       2048M (100%)       2048M (100%)       2048M (100%)       2048M (100%)       2048M (100%)   
[73.361s][info][gc,heap     ] GC(200)      Free:      934M (46%)         696M (34%)        1482M (72%)        1516M (74%)        1520M (74%)         682M (33%)    
[73.361s][info][gc,heap     ] GC(200)      Used:     1114M (54%)        1352M (66%)         566M (28%)         532M (26%)        1366M (67%)         528M (26%)    
[73.361s][info][gc,heap     ] GC(200)      Live:         -               207M (10%)         207M (10%)         207M (10%)            -                  -          
[73.361s][info][gc,heap     ] GC(200) Allocated:         -               238M (12%)         274M (13%)         283M (14%)            -                  -          
[73.361s][info][gc,heap     ] GC(200)   Garbage:         -               906M (44%)          84M (4%)           40M (2%)             -                  -          
[73.361s][info][gc,heap     ] GC(200) Reclaimed:         -                  -               822M (40%)         865M (42%)            -                  -          
[73.361s][info][gc          ] GC(200) Garbage Collection (Allocation Rate) 1114M(54%)->532M(26%)
[73.566s][info][gc,start    ] GC(201) Garbage Collection (Allocation Rate)
[73.566s][info][gc,task     ] GC(201) Using 4 workers
[73.566s][info][gc,phases   ] GC(201) Pause Mark Start 0.014ms
[73.675s][info][gc,phases   ] GC(201) Concurrent Mark 109.043ms
[73.676s][info][gc,phases   ] GC(201) Pause Mark End 0.029ms
[73.676s][info][gc,phases   ] GC(201) Concurrent Mark Free 0.001ms
[73.681s][info][gc,phases   ] GC(201) Concurrent Process Non-Strong References 5.163ms
[73.681s][info][gc,phases   ] GC(201) Concurrent Reset Relocation Set 0.003ms
[73.685s][info][gc,phases   ] GC(201) Concurrent Select Relocation Set 3.840ms
[73.685s][info][gc,phases   ] GC(201) Pause Relocate Start 0.008ms
[73.687s][info][gc,phases   ] GC(201) Concurrent Relocate 2.382ms
[73.687s][info][gc,load     ] GC(201) Load: 0.00/0.00/0.00
[73.687s][info][gc,mmu      ] GC(201) MMU: 2ms/96.5%, 5ms/98.6%, 10ms/99.3%, 20ms/99.6%, 50ms/99.8%, 100ms/99.9%
[73.688s][info][gc,marking  ] GC(201) Mark: 4 stripe(s), 2 proactive flush(es), 1 terminate flush(es), 0 completion(s), 0 continuation(s) 
[73.688s][info][gc,marking  ] GC(201) Mark Stack Usage: 32M
[73.688s][info][gc,nmethod  ] GC(201) NMethods: 6114 registered, 3850 unregistered
[73.688s][info][gc,metaspace] GC(201) Metaspace: 60M used, 61M committed, 1088M reserved
[73.688s][info][gc,ref      ] GC(201) Soft: 4713 encountered, 0 discovered, 0 enqueued
[73.688s][info][gc,ref      ] GC(201) Weak: 6079 encountered, 3704 discovered, 19 enqueued
[73.688s][info][gc,ref      ] GC(201) Final: 82 encountered, 0 discovered, 0 enqueued
[73.688s][info][gc,ref      ] GC(201) Phantom: 608 encountered, 514 discovered, 0 enqueued
[73.688s][info][gc,reloc    ] GC(201) Small Pages: 510 / 1020M, Empty: 794M, Relocated: 1M, In-Place: 0
[73.688s][info][gc,reloc    ] GC(201) Medium Pages: 1 / 32M, Empty: 0M, Relocated: 0M, In-Place: 0
[73.688s][info][gc,reloc    ] GC(201) Large Pages: 2 / 12M, Empty: 0M, Relocated: 0M, In-Place: 0
[73.688s][info][gc,reloc    ] GC(201) Forwarding Usage: 0M
[73.688s][info][gc,heap     ] GC(201) Min Capacity: 8M(0%)
[73.688s][info][gc,heap     ] GC(201) Max Capacity: 2048M(100%)
[73.688s][info][gc,heap     ] GC(201) Soft Max Capacity: 2048M(100%)
[73.688s][info][gc,heap     ] GC(201)                Mark Start          Mark End        Relocate Start      Relocate End           High               Low         
[73.688s][info][gc,heap     ] GC(201)  Capacity:     2048M (100%)       2048M (100%)       2048M (100%)       2048M (100%)       2048M (100%)       2048M (100%)   
[73.688s][info][gc,heap     ] GC(201)      Free:      984M (48%)         698M (34%)        1466M (72%)        1482M (72%)        1484M (72%)         684M (33%)    
[73.688s][info][gc,heap     ] GC(201)      Used:     1064M (52%)        1350M (66%)         582M (28%)         566M (28%)        1364M (67%)         564M (28%)    
[73.688s][info][gc,heap     ] GC(201)      Live:         -               207M (10%)         207M (10%)         207M (10%)            -                  -          
[73.688s][info][gc,heap     ] GC(201) Allocated:         -               286M (14%)         312M (15%)         317M (16%)            -                  -          
[73.688s][info][gc,heap     ] GC(201)   Garbage:         -               856M (42%)          62M (3%)           40M (2%)             -                  -          
[73.688s][info][gc,heap     ] GC(201) Reclaimed:         -                  -               794M (39%)         815M (40%)            -                  -          
[73.688s][info][gc          ] GC(201) Garbage Collection (Allocation Rate) 1064M(52%)->566M(28%)
[73.876s][info][gc,start    ] GC(202) Garbage Collection (System.gc())
[73.876s][info][gc,task     ] GC(202) Using 12 workers
[73.877s][info][gc,phases   ] GC(202) Pause Mark Start 0.015ms
[73.926s][info][gc,phases   ] GC(202) Concurrent Mark 48.861ms
[73.926s][info][gc,phases   ] GC(202) Pause Mark End 0.021ms
[73.926s][info][gc,phases   ] GC(202) Concurrent Mark Free 0.001ms
[73.928s][info][gc,phases   ] GC(202) Concurrent Process Non-Strong References 1.698ms
[73.928s][info][gc,phases   ] GC(202) Concurrent Reset Relocation Set 0.002ms
[73.931s][info][gc,phases   ] GC(202) Concurrent Select Relocation Set 3.699ms
[73.932s][info][gc,phases   ] GC(202) Pause Relocate Start 0.006ms
[73.933s][info][gc,phases   ] GC(202) Concurrent Relocate 1.534ms
[73.933s][info][gc,load     ] GC(202) Load: 0.00/0.00/0.00
[73.933s][info][gc,mmu      ] GC(202) MMU: 2ms/96.5%, 5ms/98.6%, 10ms/99.3%, 20ms/99.6%, 50ms/99.8%, 100ms/99.9%
[73.933s][info][gc,marking  ] GC(202) Mark: 8 stripe(s), 2 proactive flush(es), 1 terminate flush(es), 0 completion(s), 0 continuation(s) 
[73.933s][info][gc,marking  ] GC(202) Mark Stack Usage: 32M
[73.933s][info][gc,nmethod  ] GC(202) NMethods: 6120 registered, 3852 unregistered
[73.933s][info][gc,metaspace] GC(202) Metaspace: 60M used, 61M committed, 1088M reserved
[73.933s][info][gc,ref      ] GC(202) Soft: 4711 encountered, 0 discovered, 0 enqueued
[73.933s][info][gc,ref      ] GC(202) Weak: 6128 encountered, 1725 discovered, 121 enqueued
[73.933s][info][gc,ref      ] GC(202) Final: 82 encountered, 1 discovered, 0 enqueued
[73.933s][info][gc,ref      ] GC(202) Phantom: 608 encountered, 392 discovered, 0 enqueued
[73.933s][info][gc,reloc    ] GC(202) Small Pages: 399 / 798M, Empty: 574M, Relocated: 1M, In-Place: 0
[73.933s][info][gc,reloc    ] GC(202) Medium Pages: 1 / 32M, Empty: 0M, Relocated: 0M, In-Place: 0
[73.934s][info][gc,reloc    ] GC(202) Large Pages: 3 / 18M, Empty: 6M, Relocated: 0M, In-Place: 0
[73.934s][info][gc,reloc    ] GC(202) Forwarding Usage: 0M
[73.934s][info][gc,heap     ] GC(202) Min Capacity: 8M(0%)
[73.934s][info][gc,heap     ] GC(202) Max Capacity: 2048M(100%)
[73.934s][info][gc,heap     ] GC(202) Soft Max Capacity: 2048M(100%)
[73.934s][info][gc,heap     ] GC(202)                Mark Start          Mark End        Relocate Start      Relocate End           High               Low         
[73.934s][info][gc,heap     ] GC(202)  Capacity:     2048M (100%)       2048M (100%)       2048M (100%)       2048M (100%)       2048M (100%)       2048M (100%)   
[73.934s][info][gc,heap     ] GC(202)      Free:     1200M (59%)        1198M (58%)        1774M (87%)        1778M (87%)        1778M (87%)        1198M (58%)    
[73.934s][info][gc,heap     ] GC(202)      Used:      848M (41%)         850M (42%)         274M (13%)         270M (13%)         850M (42%)         270M (13%)    
[73.934s][info][gc,heap     ] GC(202)      Live:         -               206M (10%)         206M (10%)         206M (10%)            -                  -          
[73.934s][info][gc,heap     ] GC(202) Allocated:         -                 2M (0%)            6M (0%)            6M (0%)             -                  -          
[73.934s][info][gc,heap     ] GC(202)   Garbage:         -               641M (31%)          61M (3%)           57M (3%)             -                  -          
[73.934s][info][gc,heap     ] GC(202) Reclaimed:         -                  -               580M (28%)         584M (29%)            -                  -          
[73.934s][info][gc          ] GC(202) Garbage Collection (System.gc()) 848M(41%)->270M(13%)
[74.276s][info][gc,start    ] GC(203) Garbage Collection (Allocation Rate)
[74.276s][info][gc,task     ] GC(203) Using 5 workers
[74.277s][info][gc,phases   ] GC(203) Pause Mark Start 0.017ms
[74.370s][info][gc,phases   ] GC(203) Concurrent Mark 93.298ms
[74.370s][info][gc,phases   ] GC(203) Pause Mark End 0.029ms
[74.370s][info][gc,phases   ] GC(203) Concurrent Mark Free 0.001ms
[74.374s][info][gc,phases   ] GC(203) Concurrent Process Non-Strong References 4.024ms
[74.374s][info][gc,phases   ] GC(203) Concurrent Reset Relocation Set 0.003ms
[74.380s][info][gc,phases   ] GC(203) Concurrent Select Relocation Set 5.432ms
[74.380s][info][gc,phases   ] GC(203) Pause Relocate Start 0.011ms
[74.384s][info][gc,phases   ] GC(203) Concurrent Relocate 3.447ms
[74.384s][info][gc,load     ] GC(203) Load: 0.00/0.00/0.00
[74.384s][info][gc,mmu      ] GC(203) MMU: 2ms/96.5%, 5ms/98.6%, 10ms/99.3%, 20ms/99.6%, 50ms/99.8%, 100ms/99.9%
[74.384s][info][gc,marking  ] GC(203) Mark: 4 stripe(s), 3 proactive flush(es), 1 terminate flush(es), 0 completion(s), 0 continuation(s) 
[74.384s][info][gc,marking  ] GC(203) Mark Stack Usage: 32M
[74.384s][info][gc,nmethod  ] GC(203) NMethods: 6123 registered, 3854 unregistered
[74.384s][info][gc,metaspace] GC(203) Metaspace: 60M used, 61M committed, 1088M reserved
[74.384s][info][gc,ref      ] GC(203) Soft: 4713 encountered, 0 discovered, 0 enqueued
[74.384s][info][gc,ref      ] GC(203) Weak: 6142 encountered, 1737 discovered, 74 enqueued
[74.384s][info][gc,ref      ] GC(203) Final: 82 encountered, 5 discovered, 0 enqueued
[74.384s][info][gc,ref      ] GC(203) Phantom: 608 encountered, 516 discovered, 0 enqueued
[74.384s][info][gc,reloc    ] GC(203) Small Pages: 603 / 1206M, Empty: 954M, Relocated: 3M, In-Place: 0
[74.384s][info][gc,reloc    ] GC(203) Medium Pages: 2 / 64M, Empty: 32M, Relocated: 0M, In-Place: 0
[74.384s][info][gc,reloc    ] GC(203) Large Pages: 4 / 24M, Empty: 12M, Relocated: 0M, In-Place: 0
[74.384s][info][gc,reloc    ] GC(203) Forwarding Usage: 1M
[74.384s][info][gc,heap     ] GC(203) Min Capacity: 8M(0%)
[74.384s][info][gc,heap     ] GC(203) Max Capacity: 2048M(100%)
[74.384s][info][gc,heap     ] GC(203) Soft Max Capacity: 2048M(100%)
[74.384s][info][gc,heap     ] GC(203)                Mark Start          Mark End        Relocate Start      Relocate End           High               Low         
[74.384s][info][gc,heap     ] GC(203)  Capacity:     2048M (100%)       2048M (100%)       2048M (100%)       2048M (100%)       2048M (100%)       2048M (100%)   
[74.384s][info][gc,heap     ] GC(203)      Free:      754M (37%)         438M (21%)        1400M (68%)        1442M (70%)        1444M (71%)         424M (21%)    
[74.384s][info][gc,heap     ] GC(203)      Used:     1294M (63%)        1610M (79%)         648M (32%)         606M (30%)        1624M (79%)         604M (29%)    
[74.384s][info][gc,heap     ] GC(203)      Live:         -               207M (10%)         207M (10%)         207M (10%)            -                  -          
[74.384s][info][gc,heap     ] GC(203) Allocated:         -               316M (15%)         352M (17%)         357M (17%)            -                  -          
[74.384s][info][gc,heap     ] GC(203)   Garbage:         -              1086M (53%)          88M (4%)           40M (2%)             -                  -          
[74.384s][info][gc,heap     ] GC(203) Reclaimed:         -                  -               998M (49%)        1045M (51%)            -                  -          
[74.384s][info][gc          ] GC(203) Garbage Collection (Allocation Rate) 1294M(63%)->606M(30%)
[74.674s][info][gc,start    ] GC(204) Garbage Collection (Allocation Rate)
[74.674s][info][gc,task     ] GC(204) Using 3 workers
[74.674s][info][gc,phases   ] GC(204) Pause Mark Start 0.014ms
[74.799s][info][gc,phases   ] GC(204) Concurrent Mark 124.603ms
[74.799s][info][gc,phases   ] GC(204) Pause Mark End 0.027ms
[74.799s][info][gc,phases   ] GC(204) Concurrent Mark Free 0.001ms
[74.807s][info][gc,phases   ] GC(204) Concurrent Process Non-Strong References 8.307ms
[74.807s][info][gc,phases   ] GC(204) Concurrent Reset Relocation Set 0.003ms
[74.811s][info][gc,phases   ] GC(204) Concurrent Select Relocation Set 3.727ms
[74.811s][info][gc,phases   ] GC(204) Pause Relocate Start 0.010ms
[74.816s][info][gc,phases   ] GC(204) Concurrent Relocate 4.844ms
[74.816s][info][gc,load     ] GC(204) Load: 0.00/0.00/0.00
[74.816s][info][gc,mmu      ] GC(204) MMU: 2ms/96.5%, 5ms/98.6%, 10ms/99.3%, 20ms/99.6%, 50ms/99.8%, 100ms/99.9%
[74.816s][info][gc,marking  ] GC(204) Mark: 2 stripe(s), 2 proactive flush(es), 1 terminate flush(es), 0 completion(s), 0 continuation(s) 
[74.816s][info][gc,marking  ] GC(204) Mark Stack Usage: 32M
[74.816s][info][gc,nmethod  ] GC(204) NMethods: 6132 registered, 3854 unregistered
[74.816s][info][gc,metaspace] GC(204) Metaspace: 60M used, 61M committed, 1088M reserved
[74.817s][info][gc,ref      ] GC(204) Soft: 4713 encountered, 0 discovered, 0 enqueued
[74.817s][info][gc,ref      ] GC(204) Weak: 6066 encountered, 2456 discovered, 16 enqueued
[74.817s][info][gc,ref      ] GC(204) Final: 82 encountered, 37 discovered, 0 enqueued
[74.817s][info][gc,ref      ] GC(204) Phantom: 608 encountered, 581 discovered, 0 enqueued
[74.817s][info][gc,reloc    ] GC(204) Small Pages: 516 / 1032M, Empty: 796M, Relocated: 3M, In-Place: 0
[74.817s][info][gc,reloc    ] GC(204) Medium Pages: 1 / 32M, Empty: 0M, Relocated: 0M, In-Place: 0
[74.817s][info][gc,reloc    ] GC(204) Large Pages: 2 / 12M, Empty: 0M, Relocated: 0M, In-Place: 0
[74.817s][info][gc,reloc    ] GC(204) Forwarding Usage: 1M
[74.817s][info][gc,heap     ] GC(204) Min Capacity: 8M(0%)
[74.817s][info][gc,heap     ] GC(204) Max Capacity: 2048M(100%)
[74.817s][info][gc,heap     ] GC(204) Soft Max Capacity: 2048M(100%)
[74.817s][info][gc,heap     ] GC(204)                Mark Start          Mark End        Relocate Start      Relocate End           High               Low         
[74.817s][info][gc,heap     ] GC(204)  Capacity:     2048M (100%)       2048M (100%)       2048M (100%)       2048M (100%)       2048M (100%)       2048M (100%)   
[74.817s][info][gc,heap     ] GC(204)      Free:      972M (47%)         774M (38%)        1554M (76%)        1582M (77%)        1584M (77%)         762M (37%)    
[74.817s][info][gc,heap     ] GC(204)      Used:     1076M (53%)        1274M (62%)         494M (24%)         466M (23%)        1286M (63%)         464M (23%)    
[74.817s][info][gc,heap     ] GC(204)      Live:         -               207M (10%)         207M (10%)         207M (10%)            -                  -          
[74.817s][info][gc,heap     ] GC(204) Allocated:         -               198M (10%)         214M (10%)         221M (11%)            -                  -          
[74.817s][info][gc,heap     ] GC(204)   Garbage:         -               868M (42%)          72M (4%)           36M (2%)             -                  -          
[74.817s][info][gc,heap     ] GC(204) Reclaimed:         -                  -               796M (39%)         831M (41%)            -                  -          
[74.817s][info][gc          ] GC(204) Garbage Collection (Allocation Rate) 1076M(53%)->466M(23%)
[74.930s][info][gc,start    ] GC(205) Garbage Collection (System.gc())
[74.930s][info][gc,task     ] GC(205) Using 12 workers
[74.930s][info][gc,phases   ] GC(205) Pause Mark Start 0.015ms
[74.986s][info][gc,phases   ] GC(205) Concurrent Mark 55.675ms
[74.986s][info][gc,phases   ] GC(205) Pause Mark End 0.030ms
[74.986s][info][gc,phases   ] GC(205) Concurrent Mark Free 0.001ms
[74.988s][info][gc,phases   ] GC(205) Concurrent Process Non-Strong References 1.696ms
[74.988s][info][gc,phases   ] GC(205) Concurrent Reset Relocation Set 0.002ms
[74.992s][info][gc,phases   ] GC(205) Concurrent Select Relocation Set 3.854ms
[74.992s][info][gc,phases   ] GC(205) Pause Relocate Start 0.007ms
[74.994s][info][gc,phases   ] GC(205) Concurrent Relocate 2.041ms
[74.994s][info][gc,load     ] GC(205) Load: 0.00/0.00/0.00
[74.994s][info][gc,mmu      ] GC(205) MMU: 2ms/96.5%, 5ms/98.6%, 10ms/99.3%, 20ms/99.6%, 50ms/99.8%, 100ms/99.9%
[74.994s][info][gc,marking  ] GC(205) Mark: 8 stripe(s), 2 proactive flush(es), 1 terminate flush(es), 0 completion(s), 0 continuation(s) 
[74.994s][info][gc,marking  ] GC(205) Mark Stack Usage: 32M
[74.995s][info][gc,nmethod  ] GC(205) NMethods: 6138 registered, 3855 unregistered
[74.995s][info][gc,metaspace] GC(205) Metaspace: 60M used, 61M committed, 1088M reserved
[74.995s][info][gc,ref      ] GC(205) Soft: 4711 encountered, 0 discovered, 0 enqueued
[74.995s][info][gc,ref      ] GC(205) Weak: 6111 encountered, 1888 discovered, 121 enqueued
[74.995s][info][gc,ref      ] GC(205) Final: 82 encountered, 6 discovered, 0 enqueued
[74.995s][info][gc,ref      ] GC(205) Phantom: 608 encountered, 483 discovered, 0 enqueued
[74.995s][info][gc,reloc    ] GC(205) Small Pages: 301 / 602M, Empty: 390M, Relocated: 1M, In-Place: 0
[74.995s][info][gc,reloc    ] GC(205) Medium Pages: 1 / 32M, Empty: 0M, Relocated: 0M, In-Place: 0
[74.995s][info][gc,reloc    ] GC(205) Large Pages: 3 / 18M, Empty: 6M, Relocated: 0M, In-Place: 0
[74.995s][info][gc,reloc    ] GC(205) Forwarding Usage: 0M
[74.995s][info][gc,heap     ] GC(205) Min Capacity: 8M(0%)
[74.995s][info][gc,heap     ] GC(205) Max Capacity: 2048M(100%)
[74.995s][info][gc,heap     ] GC(205) Soft Max Capacity: 2048M(100%)
[74.995s][info][gc,heap     ] GC(205)                Mark Start          Mark End        Relocate Start      Relocate End           High               Low         
[74.995s][info][gc,heap     ] GC(205)  Capacity:     2048M (100%)       2048M (100%)       2048M (100%)       2048M (100%)       2048M (100%)       2048M (100%)   
[74.995s][info][gc,heap     ] GC(205)      Free:     1396M (68%)        1396M (68%)        1786M (87%)        1786M (87%)        1786M (87%)        1394M (68%)    
[74.995s][info][gc,heap     ] GC(205)      Used:      652M (32%)         652M (32%)         262M (13%)         262M (13%)         654M (32%)         262M (13%)    
[74.995s][info][gc,heap     ] GC(205)      Live:         -               206M (10%)         206M (10%)         206M (10%)            -                  -          
[74.995s][info][gc,heap     ] GC(205) Allocated:         -                 0M (0%)            6M (0%)            6M (0%)             -                  -          
[74.995s][info][gc,heap     ] GC(205)   Garbage:         -               445M (22%)          49M (2%)           49M (2%)             -                  -          
[74.995s][info][gc,heap     ] GC(205) Reclaimed:         -                  -               396M (19%)         396M (19%)            -                  -          
[74.995s][info][gc          ] GC(205) Garbage Collection (System.gc()) 652M(32%)->262M(13%)
[75.274s][info][gc,start    ] GC(206) Garbage Collection (Allocation Rate)
[75.275s][info][gc,task     ] GC(206) Using 4 workers
[75.275s][info][gc,phases   ] GC(206) Pause Mark Start 0.015ms
[75.368s][info][gc,phases   ] GC(206) Concurrent Mark 93.311ms
[75.368s][info][gc,phases   ] GC(206) Pause Mark End 0.024ms
[75.368s][info][gc,phases   ] GC(206) Concurrent Mark Free 0.001ms
[75.372s][info][gc,phases   ] GC(206) Concurrent Process Non-Strong References 3.926ms
[75.372s][info][gc,phases   ] GC(206) Concurrent Reset Relocation Set 0.001ms
[75.378s][info][gc,phases   ] GC(206) Concurrent Select Relocation Set 5.781ms
[75.378s][info][gc,phases   ] GC(206) Pause Relocate Start 0.005ms
[75.383s][info][gc,phases   ] GC(206) Concurrent Relocate 4.813ms
[75.383s][info][gc,load     ] GC(206) Load: 0.00/0.00/0.00
[75.383s][info][gc,mmu      ] GC(206) MMU: 2ms/96.5%, 5ms/98.6%, 10ms/99.3%, 20ms/99.6%, 50ms/99.8%, 100ms/99.9%
[75.383s][info][gc,marking  ] GC(206) Mark: 4 stripe(s), 2 proactive flush(es), 1 terminate flush(es), 0 completion(s), 0 continuation(s) 
[75.383s][info][gc,marking  ] GC(206) Mark Stack Usage: 32M
[75.383s][info][gc,nmethod  ] GC(206) NMethods: 6139 registered, 3858 unregistered
[75.383s][info][gc,metaspace] GC(206) Metaspace: 60M used, 61M committed, 1088M reserved
[75.383s][info][gc,ref      ] GC(206) Soft: 4713 encountered, 0 discovered, 0 enqueued
[75.383s][info][gc,ref      ] GC(206) Weak: 6155 encountered, 2435 discovered, 75 enqueued
[75.383s][info][gc,ref      ] GC(206) Final: 82 encountered, 2 discovered, 0 enqueued
[75.384s][info][gc,ref      ] GC(206) Phantom: 608 encountered, 535 discovered, 0 enqueued
[75.384s][info][gc,reloc    ] GC(206) Small Pages: 470 / 940M, Empty: 696M, Relocated: 3M, In-Place: 0
[75.384s][info][gc,reloc    ] GC(206) Medium Pages: 2 / 64M, Empty: 32M, Relocated: 0M, In-Place: 0
[75.384s][info][gc,reloc    ] GC(206) Large Pages: 4 / 24M, Empty: 12M, Relocated: 0M, In-Place: 0
[75.384s][info][gc,reloc    ] GC(206) Forwarding Usage: 1M
[75.384s][info][gc,heap     ] GC(206) Min Capacity: 8M(0%)
[75.384s][info][gc,heap     ] GC(206) Max Capacity: 2048M(100%)
[75.384s][info][gc,heap     ] GC(206) Soft Max Capacity: 2048M(100%)
[75.384s][info][gc,heap     ] GC(206)                Mark Start          Mark End        Relocate Start      Relocate End           High               Low         
[75.384s][info][gc,heap     ] GC(206)  Capacity:     2048M (100%)       2048M (100%)       2048M (100%)       2048M (100%)       2048M (100%)       2048M (100%)   
[75.384s][info][gc,heap     ] GC(206)      Free:     1020M (50%)         766M (37%)        1470M (72%)        1500M (73%)        1506M (74%)         752M (37%)    
[75.384s][info][gc,heap     ] GC(206)      Used:     1028M (50%)        1282M (63%)         578M (28%)         548M (27%)        1296M (63%)         542M (26%)    
[75.384s][info][gc,heap     ] GC(206)      Live:         -               207M (10%)         207M (10%)         207M (10%)            -                  -          
[75.384s][info][gc,heap     ] GC(206) Allocated:         -               254M (12%)         290M (14%)         301M (15%)            -                  -          
[75.384s][info][gc,heap     ] GC(206)   Garbage:         -               820M (40%)          80M (4%)           38M (2%)             -                  -          
[75.384s][info][gc,heap     ] GC(206) Reclaimed:         -                  -               740M (36%)         781M (38%)            -                  -          
[75.384s][info][gc          ] GC(206) Garbage Collection (Allocation Rate) 1028M(50%)->548M(27%)
[75.571s][info][gc,start    ] GC(207) Garbage Collection (Allocation Rate)
[75.571s][info][gc,task     ] GC(207) Using 3 workers
[75.571s][info][gc,phases   ] GC(207) Pause Mark Start 0.013ms
[75.696s][info][gc,phases   ] GC(207) Concurrent Mark 124.615ms
[75.696s][info][gc,phases   ] GC(207) Pause Mark End 0.020ms
[75.696s][info][gc,phases   ] GC(207) Concurrent Mark Free 0.001ms
[75.702s][info][gc,phases   ] GC(207) Concurrent Process Non-Strong References 5.543ms
[75.702s][info][gc,phases   ] GC(207) Concurrent Reset Relocation Set 0.003ms
[75.706s][info][gc,phases   ] GC(207) Concurrent Select Relocation Set 3.778ms
[75.706s][info][gc,phases   ] GC(207) Pause Relocate Start 0.005ms
[75.711s][info][gc,phases   ] GC(207) Concurrent Relocate 4.679ms
[75.711s][info][gc,load     ] GC(207) Load: 0.00/0.00/0.00
[75.711s][info][gc,mmu      ] GC(207) MMU: 2ms/96.5%, 5ms/98.6%, 10ms/99.3%, 20ms/99.6%, 50ms/99.8%, 100ms/99.9%
[75.711s][info][gc,marking  ] GC(207) Mark: 2 stripe(s), 2 proactive flush(es), 1 terminate flush(es), 0 completion(s), 0 continuation(s) 
[75.711s][info][gc,marking  ] GC(207) Mark Stack Usage: 32M
[75.711s][info][gc,nmethod  ] GC(207) NMethods: 6138 registered, 3859 unregistered
[75.711s][info][gc,metaspace] GC(207) Metaspace: 60M used, 61M committed, 1088M reserved
[75.711s][info][gc,ref      ] GC(207) Soft: 4713 encountered, 0 discovered, 0 enqueued
[75.711s][info][gc,ref      ] GC(207) Weak: 6079 encountered, 1631 discovered, 19 enqueued
[75.711s][info][gc,ref      ] GC(207) Final: 82 encountered, 59 discovered, 0 enqueued
[75.711s][info][gc,ref      ] GC(207) Phantom: 608 encountered, 401 discovered, 0 enqueued
[75.711s][info][gc,reloc    ] GC(207) Small Pages: 472 / 944M, Empty: 718M, Relocated: 3M, In-Place: 0
[75.711s][info][gc,reloc    ] GC(207) Medium Pages: 1 / 32M, Empty: 0M, Relocated: 0M, In-Place: 0
[75.711s][info][gc,reloc    ] GC(207) Large Pages: 2 / 12M, Empty: 0M, Relocated: 0M, In-Place: 0
[75.711s][info][gc,reloc    ] GC(207) Forwarding Usage: 1M
[75.711s][info][gc,heap     ] GC(207) Min Capacity: 8M(0%)
[75.711s][info][gc,heap     ] GC(207) Max Capacity: 2048M(100%)
[75.711s][info][gc,heap     ] GC(207) Soft Max Capacity: 2048M(100%)
[75.711s][info][gc,heap     ] GC(207)                Mark Start          Mark End        Relocate Start      Relocate End           High               Low         
[75.711s][info][gc,heap     ] GC(207)  Capacity:     2048M (100%)       2048M (100%)       2048M (100%)       2048M (100%)       2048M (100%)       2048M (100%)   
[75.711s][info][gc,heap     ] GC(207)      Free:     1060M (52%)         768M (38%)        1462M (71%)        1476M (72%)        1482M (72%)         754M (37%)    
[75.711s][info][gc,heap     ] GC(207)      Used:      988M (48%)        1280M (63%)         586M (29%)         572M (28%)        1294M (63%)         566M (28%)    
[75.711s][info][gc,heap     ] GC(207)      Live:         -               207M (10%)         207M (10%)         207M (10%)            -                  -          
[75.711s][info][gc,heap     ] GC(207) Allocated:         -               292M (14%)         316M (15%)         327M (16%)            -                  -          
[75.711s][info][gc,heap     ] GC(207)   Garbage:         -               780M (38%)          62M (3%)           36M (2%)             -                  -          
[75.711s][info][gc,heap     ] GC(207) Reclaimed:         -                  -               718M (35%)         743M (36%)            -                  -          
[75.712s][info][gc          ] GC(207) Garbage Collection (Allocation Rate) 988M(48%)->572M(28%)
[75.875s][info][gc,start    ] GC(208) Garbage Collection (Allocation Rate)
[75.875s][info][gc,task     ] GC(208) Using 3 workers
[75.875s][info][gc,phases   ] GC(208) Pause Mark Start 0.015ms
[76.005s][info][gc,phases   ] GC(208) Concurrent Mark 129.223ms
[76.005s][info][gc,phases   ] GC(208) Pause Mark End 0.017ms
[76.005s][info][gc,phases   ] GC(208) Concurrent Mark Free 0.001ms
[76.013s][info][gc,phases   ] GC(208) Concurrent Process Non-Strong References 7.771ms
[76.013s][info][gc,phases   ] GC(208) Concurrent Reset Relocation Set 0.002ms
[76.017s][info][gc,phases   ] GC(208) Concurrent Select Relocation Set 3.876ms
[76.017s][info][gc,phases   ] GC(208) Pause Relocate Start 0.010ms
[76.020s][info][gc,phases   ] GC(208) Concurrent Relocate 3.456ms
[76.020s][info][gc,load     ] GC(208) Load: 0.00/0.00/0.00
[76.020s][info][gc,mmu      ] GC(208) MMU: 2ms/96.5%, 5ms/98.6%, 10ms/99.3%, 20ms/99.6%, 50ms/99.8%, 100ms/99.9%
[76.021s][info][gc,marking  ] GC(208) Mark: 2 stripe(s), 2 proactive flush(es), 1 terminate flush(es), 0 completion(s), 0 continuation(s) 
[76.021s][info][gc,marking  ] GC(208) Mark Stack Usage: 32M
[76.021s][info][gc,nmethod  ] GC(208) NMethods: 6153 registered, 3859 unregistered
[76.021s][info][gc,metaspace] GC(208) Metaspace: 60M used, 61M committed, 1088M reserved
[76.021s][info][gc,ref      ] GC(208) Soft: 4712 encountered, 0 discovered, 0 enqueued
[76.021s][info][gc,ref      ] GC(208) Weak: 6061 encountered, 2633 discovered, 0 enqueued
[76.021s][info][gc,ref      ] GC(208) Final: 82 encountered, 21 discovered, 0 enqueued
[76.021s][info][gc,ref      ] GC(208) Phantom: 608 encountered, 403 discovered, 0 enqueued
[76.021s][info][gc,reloc    ] GC(208) Small Pages: 463 / 926M, Empty: 706M, Relocated: 1M, In-Place: 0
[76.021s][info][gc,reloc    ] GC(208) Medium Pages: 1 / 32M, Empty: 0M, Relocated: 0M, In-Place: 0
[76.021s][info][gc,reloc    ] GC(208) Large Pages: 2 / 12M, Empty: 0M, Relocated: 0M, In-Place: 0
[76.021s][info][gc,reloc    ] GC(208) Forwarding Usage: 0M
[76.021s][info][gc,heap     ] GC(208) Min Capacity: 8M(0%)
[76.021s][info][gc,heap     ] GC(208) Max Capacity: 2048M(100%)
[76.021s][info][gc,heap     ] GC(208) Soft Max Capacity: 2048M(100%)
[76.021s][info][gc,heap     ] GC(208)                Mark Start          Mark End        Relocate Start      Relocate End           High               Low         
[76.021s][info][gc,heap     ] GC(208)  Capacity:     2048M (100%)       2048M (100%)       2048M (100%)       2048M (100%)       2048M (100%)       2048M (100%)   
[76.021s][info][gc,heap     ] GC(208)      Free:     1078M (53%)        1048M (51%)        1754M (86%)        1772M (87%)        1772M (87%)        1048M (51%)    
[76.021s][info][gc,heap     ] GC(208)      Used:      970M (47%)        1000M (49%)         294M (14%)         276M (13%)        1000M (49%)         276M (13%)    
[76.021s][info][gc,heap     ] GC(208)      Live:         -               206M (10%)         206M (10%)         206M (10%)            -                  -          
[76.021s][info][gc,heap     ] GC(208) Allocated:         -                30M (1%)           30M (1%)           30M (1%)             -                  -          
[76.021s][info][gc,heap     ] GC(208)   Garbage:         -               763M (37%)          57M (3%)           39M (2%)             -                  -          
[76.021s][info][gc,heap     ] GC(208) Reclaimed:         -                  -               706M (34%)         724M (35%)            -                  -          
[76.021s][info][gc          ] GC(208) Garbage Collection (Allocation Rate) 970M(47%)->276M(13%)
[76.021s][info][gc,start    ] GC(209) Garbage Collection (System.gc())
[76.021s][info][gc,task     ] GC(209) Using 12 workers
[76.021s][info][gc,phases   ] GC(209) Pause Mark Start 0.008ms
[76.067s][info][gc,phases   ] GC(209) Concurrent Mark 45.716ms
[76.067s][info][gc,phases   ] GC(209) Pause Mark End 0.019ms
[76.067s][info][gc,phases   ] GC(209) Concurrent Mark Free 0.001ms
[76.069s][info][gc,phases   ] GC(209) Concurrent Process Non-Strong References 1.606ms
[76.069s][info][gc,phases   ] GC(209) Concurrent Reset Relocation Set 0.002ms
[76.073s][info][gc,phases   ] GC(209) Concurrent Select Relocation Set 3.610ms
[76.073s][info][gc,phases   ] GC(209) Pause Relocate Start 0.006ms
[76.075s][info][gc,phases   ] GC(209) Concurrent Relocate 1.708ms
[76.075s][info][gc,load     ] GC(209) Load: 0.00/0.00/0.00
[76.075s][info][gc,mmu      ] GC(209) MMU: 2ms/96.5%, 5ms/98.6%, 10ms/99.3%, 20ms/99.6%, 50ms/99.8%, 100ms/99.9%
[76.075s][info][gc,marking  ] GC(209) Mark: 8 stripe(s), 3 proactive flush(es), 1 terminate flush(es), 0 completion(s), 0 continuation(s) 
[76.075s][info][gc,marking  ] GC(209) Mark Stack Usage: 32M
[76.075s][info][gc,nmethod  ] GC(209) NMethods: 6152 registered, 3860 unregistered
[76.075s][info][gc,metaspace] GC(209) Metaspace: 60M used, 61M committed, 1088M reserved
[76.075s][info][gc,ref      ] GC(209) Soft: 4711 encountered, 0 discovered, 0 enqueued
[76.075s][info][gc,ref      ] GC(209) Weak: 6128 encountered, 1770 discovered, 121 enqueued
[76.075s][info][gc,ref      ] GC(209) Final: 82 encountered, 4 discovered, 0 enqueued
[76.075s][info][gc,ref      ] GC(209) Phantom: 608 encountered, 344 discovered, 0 enqueued
[76.075s][info][gc,reloc    ] GC(209) Small Pages: 113 / 226M, Empty: 16M, Relocated: 1M, In-Place: 0
[76.075s][info][gc,reloc    ] GC(209) Medium Pages: 1 / 32M, Empty: 0M, Relocated: 0M, In-Place: 0
[76.075s][info][gc,reloc    ] GC(209) Large Pages: 3 / 18M, Empty: 6M, Relocated: 0M, In-Place: 0
[76.075s][info][gc,reloc    ] GC(209) Forwarding Usage: 0M
[76.075s][info][gc,heap     ] GC(209) Min Capacity: 8M(0%)
[76.075s][info][gc,heap     ] GC(209) Max Capacity: 2048M(100%)
[76.075s][info][gc,heap     ] GC(209) Soft Max Capacity: 2048M(100%)
[76.075s][info][gc,heap     ] GC(209)                Mark Start          Mark End        Relocate Start      Relocate End           High               Low         
[76.075s][info][gc,heap     ] GC(209)  Capacity:     2048M (100%)       2048M (100%)       2048M (100%)       2048M (100%)       2048M (100%)       2048M (100%)   
[76.075s][info][gc,heap     ] GC(209)      Free:     1772M (87%)        1772M (87%)        1788M (87%)        1788M (87%)        1788M (87%)        1766M (86%)    
[76.075s][info][gc,heap     ] GC(209)      Used:      276M (13%)         276M (13%)         260M (13%)         260M (13%)         282M (14%)         260M (13%)    
[76.075s][info][gc,heap     ] GC(209)      Live:         -               206M (10%)         206M (10%)         206M (10%)            -                  -          
[76.075s][info][gc,heap     ] GC(209) Allocated:         -                 0M (0%)            6M (0%)            6M (0%)             -                  -          
[76.075s][info][gc,heap     ] GC(209)   Garbage:         -                69M (3%)           47M (2%)           47M (2%)             -                  -          
[76.075s][info][gc,heap     ] GC(209) Reclaimed:         -                  -                22M (1%)           22M (1%)             -                  -          
[76.075s][info][gc          ] GC(209) Garbage Collection (System.gc()) 276M(13%)->260M(13%)
[76.473s][info][gc,start    ] GC(210) Garbage Collection (Allocation Rate)
[76.473s][info][gc,task     ] GC(210) Using 5 workers
[76.474s][info][gc,phases   ] GC(210) Pause Mark Start 0.016ms
[76.567s][info][gc,phases   ] GC(210) Concurrent Mark 93.283ms
[76.567s][info][gc,phases   ] GC(210) Pause Mark End 0.030ms
[76.586s][info][gc,phases   ] GC(210) Concurrent Mark Free 0.002ms
[76.598s][info][gc,phases   ] GC(210) Concurrent Process Non-Strong References 5.506ms
[76.598s][info][gc,phases   ] GC(210) Concurrent Reset Relocation Set 0.001ms
[76.604s][info][gc,phases   ] GC(210) Concurrent Select Relocation Set 5.962ms
[76.604s][info][gc,phases   ] GC(210) Pause Relocate Start 0.007ms
[76.609s][info][gc,phases   ] GC(210) Concurrent Relocate 4.796ms
[76.609s][info][gc,load     ] GC(210) Load: 0.00/0.00/0.00
[76.609s][info][gc,mmu      ] GC(210) MMU: 2ms/96.5%, 5ms/98.6%, 10ms/99.3%, 20ms/99.6%, 50ms/99.8%, 100ms/99.9%
[76.609s][info][gc,marking  ] GC(210) Mark: 4 stripe(s), 2 proactive flush(es), 1 terminate flush(es), 0 completion(s), 0 continuation(s) 
[76.609s][info][gc,marking  ] GC(210) Mark Stack Usage: 32M
[76.609s][info][gc,nmethod  ] GC(210) NMethods: 6153 registered, 3864 unregistered
[76.609s][info][gc,metaspace] GC(210) Metaspace: 60M used, 61M committed, 1088M reserved
[76.609s][info][gc,ref      ] GC(210) Soft: 4713 encountered, 0 discovered, 0 enqueued
[76.609s][info][gc,ref      ] GC(210) Weak: 6143 encountered, 495 discovered, 74 enqueued
[76.609s][info][gc,ref      ] GC(210) Final: 82 encountered, 1 discovered, 0 enqueued
[76.609s][info][gc,ref      ] GC(210) Phantom: 608 encountered, 513 discovered, 0 enqueued
[76.609s][info][gc,reloc    ] GC(210) Small Pages: 679 / 1358M, Empty: 1118M, Relocated: 3M, In-Place: 0
[76.609s][info][gc,reloc    ] GC(210) Medium Pages: 2 / 64M, Empty: 32M, Relocated: 0M, In-Place: 0
[76.609s][info][gc,reloc    ] GC(210) Large Pages: 4 / 24M, Empty: 12M, Relocated: 0M, In-Place: 0
[76.609s][info][gc,reloc    ] GC(210) Forwarding Usage: 1M
[76.609s][info][gc,heap     ] GC(210) Min Capacity: 8M(0%)
[76.609s][info][gc,heap     ] GC(210) Max Capacity: 2048M(100%)
[76.609s][info][gc,heap     ] GC(210) Soft Max Capacity: 2048M(100%)
[76.609s][info][gc,heap     ] GC(210)                Mark Start          Mark End        Relocate Start      Relocate End           High               Low         
[76.609s][info][gc,heap     ] GC(210)  Capacity:     2048M (100%)       2048M (100%)       2048M (100%)       2048M (100%)       2048M (100%)       2048M (100%)   
[76.609s][info][gc,heap     ] GC(210)      Free:      602M (29%)         350M (17%)        1480M (72%)        1508M (74%)        1510M (74%)         336M (16%)    
[76.609s][info][gc,heap     ] GC(210)      Used:     1446M (71%)        1698M (83%)         568M (28%)         540M (26%)        1712M (84%)         538M (26%)    
[76.609s][info][gc,heap     ] GC(210)      Live:         -               207M (10%)         207M (10%)         207M (10%)            -                  -          
[76.609s][info][gc,heap     ] GC(210) Allocated:         -               252M (12%)         284M (14%)         291M (14%)            -                  -          
[76.609s][info][gc,heap     ] GC(210)   Garbage:         -              1238M (60%)          76M (4%)           40M (2%)             -                  -          
[76.609s][info][gc,heap     ] GC(210) Reclaimed:         -                  -              1162M (57%)        1197M (58%)            -                  -          
[76.610s][info][gc          ] GC(210) Garbage Collection (Allocation Rate) 1446M(71%)->540M(26%)
[76.864s][info][gc,start    ] GC(211) Garbage Collection (Allocation Rate)
[76.864s][info][gc,task     ] GC(211) Using 3 workers
[76.864s][info][gc,phases   ] GC(211) Pause Mark Start 0.014ms
[76.989s][info][gc,phases   ] GC(211) Concurrent Mark 124.629ms
[76.989s][info][gc,phases   ] GC(211) Pause Mark End 0.028ms
[76.989s][info][gc,phases   ] GC(211) Concurrent Mark Free 0.001ms
[76.995s][info][gc,phases   ] GC(211) Concurrent Process Non-Strong References 6.049ms
[76.995s][info][gc,phases   ] GC(211) Concurrent Reset Relocation Set 0.003ms
[76.999s][info][gc,phases   ] GC(211) Concurrent Select Relocation Set 3.782ms
[76.999s][info][gc,phases   ] GC(211) Pause Relocate Start 0.007ms
[77.005s][info][gc,phases   ] GC(211) Concurrent Relocate 6.068ms
[77.005s][info][gc,load     ] GC(211) Load: 0.00/0.00/0.00
[77.005s][info][gc,mmu      ] GC(211) MMU: 2ms/96.5%, 5ms/98.6%, 10ms/99.3%, 20ms/99.6%, 50ms/99.8%, 100ms/99.9%
[77.006s][info][gc,marking  ] GC(211) Mark: 2 stripe(s), 2 proactive flush(es), 1 terminate flush(es), 0 completion(s), 0 continuation(s) 
[77.006s][info][gc,marking  ] GC(211) Mark Stack Usage: 32M
[77.006s][info][gc,nmethod  ] GC(211) NMethods: 6155 registered, 3864 unregistered
[77.006s][info][gc,metaspace] GC(211) Metaspace: 60M used, 61M committed, 1088M reserved
[77.006s][info][gc,ref      ] GC(211) Soft: 4713 encountered, 0 discovered, 0 enqueued
[77.006s][info][gc,ref      ] GC(211) Weak: 6068 encountered, 1618 discovered, 1 enqueued
[77.006s][info][gc,ref      ] GC(211) Final: 82 encountered, 20 discovered, 0 enqueued
[77.006s][info][gc,ref      ] GC(211) Phantom: 608 encountered, 412 discovered, 0 enqueued
[77.006s][info][gc,reloc    ] GC(211) Small Pages: 513 / 1026M, Empty: 798M, Relocated: 3M, In-Place: 0
[77.006s][info][gc,reloc    ] GC(211) Medium Pages: 1 / 32M, Empty: 0M, Relocated: 0M, In-Place: 0
[77.006s][info][gc,reloc    ] GC(211) Large Pages: 2 / 12M, Empty: 0M, Relocated: 0M, In-Place: 0
[77.006s][info][gc,reloc    ] GC(211) Forwarding Usage: 1M
[77.006s][info][gc,heap     ] GC(211) Min Capacity: 8M(0%)
[77.006s][info][gc,heap     ] GC(211) Max Capacity: 2048M(100%)
[77.006s][info][gc,heap     ] GC(211) Soft Max Capacity: 2048M(100%)
[77.006s][info][gc,heap     ] GC(211)                Mark Start          Mark End        Relocate Start      Relocate End           High               Low         
[77.006s][info][gc,heap     ] GC(211)  Capacity:     2048M (100%)       2048M (100%)       2048M (100%)       2048M (100%)       2048M (100%)       2048M (100%)   
[77.006s][info][gc,heap     ] GC(211)      Free:      978M (48%)         734M (36%)        1524M (74%)        1552M (76%)        1552M (76%)         726M (35%)    
[77.006s][info][gc,heap     ] GC(211)      Used:     1070M (52%)        1314M (64%)         524M (26%)         496M (24%)        1322M (65%)         496M (24%)    
[77.006s][info][gc,heap     ] GC(211)      Live:         -               207M (10%)         207M (10%)         207M (10%)            -                  -          
[77.006s][info][gc,heap     ] GC(211) Allocated:         -               244M (12%)         252M (12%)         251M (12%)            -                  -          
[77.006s][info][gc,heap     ] GC(211)   Garbage:         -               862M (42%)          64M (3%)           36M (2%)             -                  -          
[77.006s][info][gc,heap     ] GC(211) Reclaimed:         -                  -               798M (39%)         825M (40%)            -                  -          
[77.006s][info][gc          ] GC(211) Garbage Collection (Allocation Rate) 1070M(52%)->496M(24%)
[77.276s][info][gc,start    ] GC(212) Garbage Collection (Allocation Rate)
[77.276s][info][gc,task     ] GC(212) Using 2 workers
[77.276s][info][gc,phases   ] GC(212) Pause Mark Start 0.018ms
[77.294s][info][gc          ] GC(212) Garbage Collection (Allocation Rate) Aborted
[77.294s][info][gc,heap,exit] Heap
[77.294s][info][gc,heap,exit]  ZHeap           used 564M, capacity 2048M, max capacity 2048M
[77.294s][info][gc,heap,exit]  Metaspace       used 61992K, committed 62912K, reserved 1114112K
[77.294s][info][gc,heap,exit]   class space    used 7665K, committed 8064K, reserved 1048576K
