[0.017s][info][gc,init] Initializing The Z Garbage Collector
[0.017s][info][gc,init] Version: 20+36-2344 (release)
[0.017s][info][gc,init] NUMA Support: Disabled
[0.017s][info][gc,init] CPUs: 48 total, 48 available
[0.017s][info][gc,init] Memory: 391843M
[0.017s][info][gc,init] Large Page Support: Disabled
[0.017s][info][gc,init] GC Workers: 10 (dynamic)
[0.019s][info][gc,init] Address Space Type: Contiguous/Unrestricted/Complete
[0.019s][info][gc,init] Address Space Size: 16384M x 3 = 49152M
[0.019s][info][gc,init] Min Capacity: 8M
[0.019s][info][gc,init] Initial Capacity: 1024M
[0.026s][info][gc,init] Max Capacity: 1024M
[0.026s][info][gc,init] Medium Page Size: 32M
[0.026s][info][gc,init] Pre-touch: Disabled
[0.027s][info][gc,init] Uncommit: Enabled
[0.027s][info][gc,init] Uncommit Delay: 300s
[0.068s][info][gc,init] Runtime Workers: 10
[0.069s][info][gc     ] Using The Z Garbage Collector
[0.070s][info][gc,metaspace] CDS archive(s) mapped at: [0x0000000800000000-0x0000000800c60000-0x0000000800c60000), size 12976128, SharedBaseAddress: 0x0000000800000000, ArchiveRelocationMode: 0.
[0.070s][info][gc,metaspace] Compressed class space mapped at: 0x0000000801000000-0x0000000841000000, reserved size: 1073741824
[0.070s][info][gc,metaspace] Narrow klass base: 0x0000000800000000, Narrow klass shift: 0, Narrow klass range: 0x100000000
[10.098s][info][gc,start    ] GC(0) Garbage Collection (Warmup)
[10.098s][info][gc,stats    ] === Garbage Collection Statistics =======================================================================================================================
[10.099s][info][gc,task     ] GC(0) Using 10 workers
[10.099s][info][gc,stats    ]                                                              Last 10s              Last 10m              Last 10h                Total
[10.099s][info][gc,stats    ]                                                              Avg / Max             Avg / Max             Avg / Max             Avg / Max
[10.099s][info][gc,stats    ]   Collector: Garbage Collection Cycle                      0.000 / 0.000         0.000 / 0.000         0.000 / 0.000         0.000 / 0.000       ms
[10.099s][info][gc,stats    ]  Contention: Mark Segment Reset Contention                     0 / 0                 0 / 0                 0 / 0                 0 / 0           ops/s
[10.099s][info][gc,stats    ]  Contention: Mark SeqNum Reset Contention                      0 / 0                 0 / 0                 0 / 0                 0 / 0           ops/s
[10.099s][info][gc,stats    ]    Critical: Allocation Stall                                  0 / 0                 0 / 0                 0 / 0                 0 / 0           ops/s
[10.099s][info][gc,stats    ]    Critical: Allocation Stall                              0.000 / 0.000         0.000 / 0.000         0.000 / 0.000         0.000 / 0.000       ms
[10.099s][info][gc,stats    ]    Critical: GC Locker Stall                                   0 / 0                 0 / 0                 0 / 0                 0 / 0           ops/s
[10.099s][info][gc,stats    ]    Critical: GC Locker Stall                               0.000 / 0.000         0.000 / 0.000         0.000 / 0.000         0.000 / 0.000       ms
[10.099s][info][gc,stats    ]    Critical: Relocation Stall                                  0 / 0                 0 / 0                 0 / 0                 0 / 0           ops/s
[10.099s][info][gc,phases   ] GC(0) Pause Mark Start 0.017ms
[10.099s][info][gc,stats    ]    Critical: Relocation Stall                              0.000 / 0.000         0.000 / 0.000         0.000 / 0.000         0.000 / 0.000       ms
[10.099s][info][gc,stats    ]      Memory: Allocation Rate                                  10 / 42               10 / 42               10 / 42               10 / 42          MB/s
[10.099s][info][gc,stats    ]      Memory: Defragment                                        0 / 0                 0 / 0                 0 / 0                 0 / 0           ops/s
[10.099s][info][gc,stats    ]      Memory: Out Of Memory                                     0 / 0                 0 / 0                 0 / 0                 0 / 0           ops/s
[10.099s][info][gc,stats    ]      Memory: Page Cache Flush                                  0 / 0                 0 / 0                 0 / 0                 0 / 0           MB/s
[10.099s][info][gc,stats    ]      Memory: Page Cache Hit L1                                 0 / 0                 0 / 0                 0 / 0                 0 / 0           ops/s
[10.099s][info][gc,stats    ]      Memory: Page Cache Hit L2                                 0 / 0                 0 / 0                 0 / 0                 0 / 0           ops/s
[10.099s][info][gc,stats    ]      Memory: Page Cache Hit L3                                 3 / 13                3 / 13                3 / 13                3 / 13          ops/s
[10.100s][info][gc,stats    ]      Memory: Page Cache Miss                                   0 / 1                 0 / 1                 0 / 1                 0 / 1           ops/s
[10.100s][info][gc,stats    ]      Memory: Uncommit                                          0 / 0                 0 / 0                 0 / 0                 0 / 0           MB/s
[10.100s][info][gc,stats    ]      Memory: Undo Object Allocation Failed                     0 / 0                 0 / 0                 0 / 0                 0 / 0           ops/s
[10.100s][info][gc,stats    ]      Memory: Undo Object Allocation Succeeded                  0 / 0                 0 / 0                 0 / 0                 0 / 0           ops/s
[10.100s][info][gc,stats    ]      Memory: Undo Page Allocation                              0 / 0                 0 / 0                 0 / 0                 0 / 0           ops/s
[10.100s][info][gc,stats    ]       Phase: Concurrent Mark                               0.000 / 0.000         0.000 / 0.000         0.000 / 0.000         0.000 / 0.000       ms
[10.100s][info][gc,stats    ]       Phase: Concurrent Mark Continue                      0.000 / 0.000         0.000 / 0.000         0.000 / 0.000         0.000 / 0.000       ms
[10.100s][info][gc,stats    ]       Phase: Concurrent Mark Free                          0.000 / 0.000         0.000 / 0.000         0.000 / 0.000         0.000 / 0.000       ms
[10.100s][info][gc,stats    ]       Phase: Concurrent Process Non-Strong References      0.000 / 0.000         0.000 / 0.000         0.000 / 0.000         0.000 / 0.000       ms
[10.100s][info][gc,stats    ]       Phase: Concurrent Relocate                           0.000 / 0.000         0.000 / 0.000         0.000 / 0.000         0.000 / 0.000       ms
[10.100s][info][gc,stats    ]       Phase: Concurrent Reset Relocation Set               0.000 / 0.000         0.000 / 0.000         0.000 / 0.000         0.000 / 0.000       ms
[10.100s][info][gc,stats    ]       Phase: Concurrent Select Relocation Set              0.000 / 0.000         0.000 / 0.000         0.000 / 0.000         0.000 / 0.000       ms
[10.100s][info][gc,stats    ]       Phase: Pause Mark End                                0.000 / 0.000         0.000 / 0.000         0.000 / 0.000         0.000 / 0.000       ms
[10.100s][info][gc,stats    ]       Phase: Pause Mark Start                              0.000 / 0.000         0.000 / 0.000         0.000 / 0.000         0.000 / 0.000       ms
[10.100s][info][gc,stats    ]       Phase: Pause Relocate Start                          0.000 / 0.000         0.000 / 0.000         0.000 / 0.000         0.000 / 0.000       ms
[10.100s][info][gc,stats    ]    Subphase: Concurrent Classes Purge                      0.000 / 0.000         0.000 / 0.000         0.000 / 0.000         0.000 / 0.000       ms
[10.100s][info][gc,stats    ]    Subphase: Concurrent Classes Unlink                     0.000 / 0.000         0.000 / 0.000         0.000 / 0.000         0.000 / 0.000       ms
[10.100s][info][gc,stats    ]    Subphase: Concurrent Mark                               0.000 / 0.000         0.000 / 0.000         0.000 / 0.000         0.000 / 0.000       ms
[10.100s][info][gc,stats    ]    Subphase: Concurrent Mark Try Flush                     0.000 / 0.000         0.000 / 0.000         0.000 / 0.000         0.000 / 0.000       ms
[10.100s][info][gc,stats    ]    Subphase: Concurrent Mark Try Terminate                 0.000 / 0.000         0.000 / 0.000         0.000 / 0.000         0.000 / 0.000       ms
[10.100s][info][gc,stats    ]    Subphase: Concurrent References Enqueue                 0.000 / 0.000         0.000 / 0.000         0.000 / 0.000         0.000 / 0.000       ms
[10.100s][info][gc,stats    ]    Subphase: Concurrent References Process                 0.000 / 0.000         0.000 / 0.000         0.000 / 0.000         0.000 / 0.000       ms
[10.100s][info][gc,stats    ]    Subphase: Concurrent Roots ClassLoaderDataGraph         0.000 / 0.000         0.000 / 0.000         0.000 / 0.000         0.000 / 0.000       ms
[10.100s][info][gc,stats    ]    Subphase: Concurrent Roots CodeCache                    0.000 / 0.000         0.000 / 0.000         0.000 / 0.000         0.000 / 0.000       ms
[10.100s][info][gc,stats    ]    Subphase: Concurrent Roots JavaThreads                  0.000 / 0.000         0.000 / 0.000         0.000 / 0.000         0.000 / 0.000       ms
[10.100s][info][gc,stats    ]    Subphase: Concurrent Roots OopStorageSet                0.000 / 0.000         0.000 / 0.000         0.000 / 0.000         0.000 / 0.000       ms
[10.100s][info][gc,stats    ]    Subphase: Concurrent Weak Roots OopStorageSet           0.000 / 0.000         0.000 / 0.000         0.000 / 0.000         0.000 / 0.000       ms
[10.100s][info][gc,stats    ]    Subphase: Pause Mark Try Complete                       0.000 / 0.000         0.000 / 0.000         0.000 / 0.000         0.000 / 0.000       ms
[10.100s][info][gc,stats    ]      System: Java Threads                                      0 / 0                 0 / 0                 0 / 0                 0 / 0           threads
[10.101s][info][gc,stats    ] =========================================================================================================================================================
[10.130s][info][gc,phases   ] GC(0) Concurrent Mark 30.443ms
[10.130s][info][gc,phases   ] GC(0) Pause Mark End 0.034ms
[10.130s][info][gc,phases   ] GC(0) Concurrent Mark Free 0.001ms
[10.132s][info][gc,phases   ] GC(0) Concurrent Process Non-Strong References 2.000ms
[10.132s][info][gc,phases   ] GC(0) Concurrent Reset Relocation Set 0.000ms
[10.148s][info][gc,phases   ] GC(0) Concurrent Select Relocation Set 16.295ms
[10.148s][info][gc,phases   ] GC(0) Pause Relocate Start 0.024ms
[10.153s][info][gc,phases   ] GC(0) Concurrent Relocate 4.171ms
[10.153s][info][gc,load     ] GC(0) Load: 0.00/0.00/0.00
[10.153s][info][gc,mmu      ] GC(0) MMU: 2ms/98.3%, 5ms/99.3%, 10ms/99.7%, 20ms/99.7%, 50ms/99.9%, 100ms/99.9%
[10.153s][info][gc,marking  ] GC(0) Mark: 8 stripe(s), 3 proactive flush(es), 1 terminate flush(es), 0 completion(s), 0 continuation(s) 
[10.153s][info][gc,marking  ] GC(0) Mark Stack Usage: 32M
[10.153s][info][gc,nmethod  ] GC(0) NMethods: 1716 registered, 248 unregistered
[10.153s][info][gc,metaspace] GC(0) Metaspace: 19M used, 19M committed, 1088M reserved
[10.153s][info][gc,ref      ] GC(0) Soft: 3481 encountered, 0 discovered, 0 enqueued
[10.153s][info][gc,ref      ] GC(0) Weak: 1453 encountered, 750 discovered, 432 enqueued
[10.153s][info][gc,ref      ] GC(0) Final: 1 encountered, 1 discovered, 0 enqueued
[10.153s][info][gc,ref      ] GC(0) Phantom: 907 encountered, 793 discovered, 323 enqueued
[10.153s][info][gc,reloc    ] GC(0) Small Pages: 36 / 72M, Empty: 0M, Relocated: 6M, In-Place: 0
[10.153s][info][gc,reloc    ] GC(0) Medium Pages: 1 / 32M, Empty: 0M, Relocated: 0M, In-Place: 0
[10.153s][info][gc,reloc    ] GC(0) Large Pages: 0 / 0M, Empty: 0M, Relocated: 0M, In-Place: 0
[10.153s][info][gc,reloc    ] GC(0) Forwarding Usage: 2M
[10.153s][info][gc,heap     ] GC(0) Min Capacity: 8M(1%)
[10.153s][info][gc,heap     ] GC(0) Max Capacity: 1024M(100%)
[10.153s][info][gc,heap     ] GC(0) Soft Max Capacity: 1024M(100%)
[10.153s][info][gc,heap     ] GC(0)                Mark Start          Mark End        Relocate Start      Relocate End           High               Low         
[10.153s][info][gc,heap     ] GC(0)  Capacity:     1024M (100%)       1024M (100%)       1024M (100%)       1024M (100%)       1024M (100%)       1024M (100%)   
[10.153s][info][gc,heap     ] GC(0)      Free:      920M (90%)         918M (90%)         916M (89%)         958M (94%)         958M (94%)         900M (88%)    
[10.154s][info][gc,heap     ] GC(0)      Used:      104M (10%)         106M (10%)         108M (11%)          66M (6%)          124M (12%)          66M (6%)     
[10.154s][info][gc,heap     ] GC(0)      Live:         -                18M (2%)           18M (2%)           18M (2%)             -                  -          
[10.154s][info][gc,heap     ] GC(0) Allocated:         -                 2M (0%)            4M (0%)            3M (0%)             -                  -          
[10.154s][info][gc,heap     ] GC(0)   Garbage:         -                85M (8%)           85M (8%)           43M (4%)             -                  -          
[10.154s][info][gc,heap     ] GC(0) Reclaimed:         -                  -                 0M (0%)           41M (4%)             -                  -          
[10.154s][info][gc          ] GC(0) Garbage Collection (Warmup) 104M(10%)->66M(6%)
[11.107s][info][gc,start    ] GC(1) Garbage Collection (Metadata GC Threshold)
[11.107s][info][gc,task     ] GC(1) Using 10 workers
[11.107s][info][gc,phases   ] GC(1) Pause Mark Start 0.011ms
[11.129s][info][gc,phases   ] GC(1) Concurrent Mark 22.185ms
[11.129s][info][gc,phases   ] GC(1) Pause Mark End 0.016ms
[11.130s][info][gc,phases   ] GC(1) Concurrent Mark Free 0.001ms
[11.131s][info][gc,phases   ] GC(1) Concurrent Process Non-Strong References 1.557ms
[11.131s][info][gc,phases   ] GC(1) Concurrent Reset Relocation Set 0.004ms
[11.138s][info][gc,phases   ] GC(1) Concurrent Select Relocation Set 6.617ms
[11.138s][info][gc,phases   ] GC(1) Pause Relocate Start 0.007ms
[11.144s][info][gc,phases   ] GC(1) Concurrent Relocate 6.371ms
[11.144s][info][gc,load     ] GC(1) Load: 0.00/0.00/0.00
[11.144s][info][gc,mmu      ] GC(1) MMU: 2ms/98.3%, 5ms/99.3%, 10ms/99.7%, 20ms/99.7%, 50ms/99.9%, 100ms/99.9%
[11.144s][info][gc,marking  ] GC(1) Mark: 8 stripe(s), 2 proactive flush(es), 1 terminate flush(es), 0 completion(s), 0 continuation(s) 
[11.144s][info][gc,marking  ] GC(1) Mark Stack Usage: 32M
[11.144s][info][gc,nmethod  ] GC(1) NMethods: 2383 registered, 400 unregistered
[11.145s][info][gc,metaspace] GC(1) Metaspace: 31M used, 32M committed, 1088M reserved
[11.145s][info][gc,ref      ] GC(1) Soft: 3725 encountered, 0 discovered, 0 enqueued
[11.145s][info][gc,ref      ] GC(1) Weak: 2229 encountered, 529 discovered, 405 enqueued
[11.145s][info][gc,ref      ] GC(1) Final: 57 encountered, 52 discovered, 0 enqueued
[11.145s][info][gc,ref      ] GC(1) Phantom: 873 encountered, 760 discovered, 286 enqueued
[11.145s][info][gc,reloc    ] GC(1) Small Pages: 45 / 90M, Empty: 0M, Relocated: 13M, In-Place: 0
[11.145s][info][gc,reloc    ] GC(1) Medium Pages: 1 / 32M, Empty: 0M, Relocated: 0M, In-Place: 0
[11.145s][info][gc,reloc    ] GC(1) Large Pages: 0 / 0M, Empty: 0M, Relocated: 0M, In-Place: 0
[11.145s][info][gc,reloc    ] GC(1) Forwarding Usage: 4M
[11.145s][info][gc,heap     ] GC(1) Min Capacity: 8M(1%)
[11.145s][info][gc,heap     ] GC(1) Max Capacity: 1024M(100%)
[11.145s][info][gc,heap     ] GC(1) Soft Max Capacity: 1024M(100%)
[11.145s][info][gc,heap     ] GC(1)                Mark Start          Mark End        Relocate Start      Relocate End           High               Low         
[11.145s][info][gc,heap     ] GC(1)  Capacity:     1024M (100%)       1024M (100%)       1024M (100%)       1024M (100%)       1024M (100%)       1024M (100%)   
[11.145s][info][gc,heap     ] GC(1)      Free:      902M (88%)         900M (88%)         900M (88%)         960M (94%)         960M (94%)         880M (86%)    
[11.145s][info][gc,heap     ] GC(1)      Used:      122M (12%)         124M (12%)         124M (12%)          64M (6%)          144M (14%)          64M (6%)     
[11.145s][info][gc,heap     ] GC(1)      Live:         -                23M (2%)           23M (2%)           23M (2%)             -                  -          
[11.145s][info][gc,heap     ] GC(1) Allocated:         -                 2M (0%)            2M (0%)            3M (0%)             -                  -          
[11.145s][info][gc,heap     ] GC(1)   Garbage:         -                98M (10%)          98M (10%)          36M (4%)             -                  -          
[11.145s][info][gc,heap     ] GC(1) Reclaimed:         -                  -                 0M (0%)           61M (6%)             -                  -          
[11.145s][info][gc          ] GC(1) Garbage Collection (Metadata GC Threshold) 122M(12%)->64M(6%)
[11.906s][info][gc,start    ] GC(2) Garbage Collection (Warmup)
[11.907s][info][gc,task     ] GC(2) Using 10 workers
[11.907s][info][gc,phases   ] GC(2) Pause Mark Start 0.017ms
[12.000s][info][gc,phases   ] GC(2) Concurrent Mark 93.293ms
[12.000s][info][gc,phases   ] GC(2) Pause Mark End 0.021ms
[12.000s][info][gc,phases   ] GC(2) Concurrent Mark Free 0.001ms
[12.002s][info][gc,phases   ] GC(2) Concurrent Process Non-Strong References 2.040ms
[12.003s][info][gc,phases   ] GC(2) Concurrent Reset Relocation Set 0.006ms
[12.017s][info][gc,phases   ] GC(2) Concurrent Select Relocation Set 14.063ms
[12.017s][info][gc,phases   ] GC(2) Pause Relocate Start 0.013ms
[12.029s][info][gc,phases   ] GC(2) Concurrent Relocate 12.428ms
[12.029s][info][gc,load     ] GC(2) Load: 0.00/0.00/0.00
[12.029s][info][gc,mmu      ] GC(2) MMU: 2ms/98.3%, 5ms/99.3%, 10ms/99.7%, 20ms/99.7%, 50ms/99.9%, 100ms/99.9%
[12.029s][info][gc,marking  ] GC(2) Mark: 8 stripe(s), 4 proactive flush(es), 1 terminate flush(es), 0 completion(s), 0 continuation(s) 
[12.029s][info][gc,marking  ] GC(2) Mark Stack Usage: 32M
[12.029s][info][gc,nmethod  ] GC(2) NMethods: 2921 registered, 128 unregistered
[12.029s][info][gc,metaspace] GC(2) Metaspace: 41M used, 41M committed, 1088M reserved
[12.029s][info][gc,ref      ] GC(2) Soft: 3891 encountered, 0 discovered, 0 enqueued
[12.030s][info][gc,ref      ] GC(2) Weak: 2901 encountered, 676 discovered, 401 enqueued
[12.030s][info][gc,ref      ] GC(2) Final: 60 encountered, 1 discovered, 0 enqueued
[12.030s][info][gc,ref      ] GC(2) Phantom: 915 encountered, 772 discovered, 322 enqueued
[12.030s][info][gc,reloc    ] GC(2) Small Pages: 119 / 238M, Empty: 0M, Relocated: 22M, In-Place: 0
[12.030s][info][gc,reloc    ] GC(2) Medium Pages: 1 / 32M, Empty: 0M, Relocated: 0M, In-Place: 0
[12.030s][info][gc,reloc    ] GC(2) Large Pages: 0 / 0M, Empty: 0M, Relocated: 0M, In-Place: 0
[12.030s][info][gc,reloc    ] GC(2) Forwarding Usage: 11M
[12.030s][info][gc,heap     ] GC(2) Min Capacity: 8M(1%)
[12.030s][info][gc,heap     ] GC(2) Max Capacity: 1024M(100%)
[12.030s][info][gc,heap     ] GC(2) Soft Max Capacity: 1024M(100%)
[12.030s][info][gc,heap     ] GC(2)                Mark Start          Mark End        Relocate Start      Relocate End           High               Low         
[12.030s][info][gc,heap     ] GC(2)  Capacity:     1024M (100%)       1024M (100%)       1024M (100%)       1024M (100%)       1024M (100%)       1024M (100%)   
[12.030s][info][gc,heap     ] GC(2)      Free:      754M (74%)         688M (67%)         674M (66%)         844M (82%)         846M (83%)         656M (64%)    
[12.030s][info][gc,heap     ] GC(2)      Used:      270M (26%)         336M (33%)         350M (34%)         180M (18%)         368M (36%)         178M (17%)    
[12.030s][info][gc,heap     ] GC(2)      Live:         -                40M (4%)           40M (4%)           40M (4%)             -                  -          
[12.030s][info][gc,heap     ] GC(2) Allocated:         -                66M (6%)           80M (8%)           97M (10%)            -                  -          
[12.030s][info][gc,heap     ] GC(2)   Garbage:         -               229M (22%)         229M (22%)          41M (4%)             -                  -          
[12.030s][info][gc,heap     ] GC(2) Reclaimed:         -                  -                 0M (0%)          187M (18%)            -                  -          
[12.030s][info][gc          ] GC(2) Garbage Collection (Warmup) 270M(26%)->180M(18%)
[12.203s][info][gc,start    ] GC(3) Garbage Collection (Warmup)
[12.203s][info][gc,task     ] GC(3) Using 10 workers
[12.203s][info][gc,phases   ] GC(3) Pause Mark Start 0.016ms
[12.328s][info][gc,phases   ] GC(3) Concurrent Mark 124.633ms
[12.328s][info][gc,phases   ] GC(3) Pause Mark End 0.017ms
[12.328s][info][gc,phases   ] GC(3) Concurrent Mark Free 0.001ms
[12.329s][info][gc,phases   ] GC(3) Concurrent Process Non-Strong References 1.063ms
[12.329s][info][gc,phases   ] GC(3) Concurrent Reset Relocation Set 0.012ms
[12.351s][info][gc,phases   ] GC(3) Concurrent Select Relocation Set 21.696ms
[12.351s][info][gc,phases   ] GC(3) Pause Relocate Start 0.013ms
[12.383s][info][gc,phases   ] GC(3) Concurrent Relocate 32.034ms
[12.384s][info][gc,load     ] GC(3) Load: 0.00/0.00/0.00
[12.384s][info][gc,mmu      ] GC(3) MMU: 2ms/98.3%, 5ms/99.3%, 10ms/99.7%, 20ms/99.7%, 50ms/99.9%, 100ms/99.9%
[12.384s][info][gc,marking  ] GC(3) Mark: 8 stripe(s), 2 proactive flush(es), 1 terminate flush(es), 0 completion(s), 0 continuation(s) 
[12.384s][info][gc,marking  ] GC(3) Mark Stack Usage: 32M
[12.384s][info][gc,nmethod  ] GC(3) NMethods: 2919 registered, 130 unregistered
[12.384s][info][gc,metaspace] GC(3) Metaspace: 41M used, 41M committed, 1088M reserved
[12.384s][info][gc,ref      ] GC(3) Soft: 3891 encountered, 0 discovered, 0 enqueued
[12.384s][info][gc,ref      ] GC(3) Weak: 2500 encountered, 848 discovered, 0 enqueued
[12.384s][info][gc,ref      ] GC(3) Final: 60 encountered, 5 discovered, 0 enqueued
[12.384s][info][gc,ref      ] GC(3) Phantom: 593 encountered, 496 discovered, 0 enqueued
[12.384s][info][gc,reloc    ] GC(3) Small Pages: 192 / 384M, Empty: 0M, Relocated: 33M, In-Place: 0
[12.384s][info][gc,reloc    ] GC(3) Medium Pages: 1 / 32M, Empty: 0M, Relocated: 0M, In-Place: 0
[12.384s][info][gc,reloc    ] GC(3) Large Pages: 0 / 0M, Empty: 0M, Relocated: 0M, In-Place: 0
[12.384s][info][gc,reloc    ] GC(3) Forwarding Usage: 22M
[12.384s][info][gc,heap     ] GC(3) Min Capacity: 8M(1%)
[12.384s][info][gc,heap     ] GC(3) Max Capacity: 1024M(100%)
[12.384s][info][gc,heap     ] GC(3) Soft Max Capacity: 1024M(100%)
[12.384s][info][gc,heap     ] GC(3)                Mark Start          Mark End        Relocate Start      Relocate End           High               Low         
[12.384s][info][gc,heap     ] GC(3)  Capacity:     1024M (100%)       1024M (100%)       1024M (100%)       1024M (100%)       1024M (100%)       1024M (100%)   
[12.384s][info][gc,heap     ] GC(3)      Free:      608M (59%)         526M (51%)         508M (50%)         780M (76%)         780M (76%)         488M (48%)    
[12.384s][info][gc,heap     ] GC(3)      Used:      416M (41%)         498M (49%)         516M (50%)         244M (24%)         536M (52%)         244M (24%)    
[12.384s][info][gc,heap     ] GC(3)      Live:         -                68M (7%)           68M (7%)           68M (7%)             -                  -          
[12.384s][info][gc,heap     ] GC(3) Allocated:         -                82M (8%)          100M (10%)         137M (13%)            -                  -          
[12.384s][info][gc,heap     ] GC(3)   Garbage:         -               347M (34%)         347M (34%)          37M (4%)             -                  -          
[12.384s][info][gc,heap     ] GC(3) Reclaimed:         -                  -                 0M (0%)          309M (30%)            -                  -          
[12.384s][info][gc          ] GC(3) Garbage Collection (Warmup) 416M(41%)->244M(24%)
[12.406s][info][gc,start    ] GC(4) Garbage Collection (Allocation Rate)
[12.406s][info][gc,task     ] GC(4) Using 10 workers
[12.406s][info][gc,phases   ] GC(4) Pause Mark Start 0.010ms
[12.484s][info][gc,phases   ] GC(4) Concurrent Mark 77.842ms
[12.485s][info][gc,phases   ] GC(4) Pause Mark End 0.026ms
[12.485s][info][gc,phases   ] GC(4) Concurrent Mark Free 0.001ms
[12.486s][info][gc,phases   ] GC(4) Concurrent Process Non-Strong References 1.124ms
[12.486s][info][gc,phases   ] GC(4) Concurrent Reset Relocation Set 0.020ms
[12.489s][info][gc,phases   ] GC(4) Concurrent Select Relocation Set 3.678ms
[12.490s][info][gc,phases   ] GC(4) Pause Relocate Start 0.009ms
[12.518s][info][gc,phases   ] GC(4) Concurrent Relocate 27.870ms
[12.518s][info][gc,load     ] GC(4) Load: 0.00/0.00/0.00
[12.518s][info][gc,mmu      ] GC(4) MMU: 2ms/98.3%, 5ms/99.3%, 10ms/99.7%, 20ms/99.7%, 50ms/99.9%, 100ms/99.9%
[12.518s][info][gc,marking  ] GC(4) Mark: 8 stripe(s), 2 proactive flush(es), 1 terminate flush(es), 0 completion(s), 0 continuation(s) 
[12.518s][info][gc,marking  ] GC(4) Mark Stack Usage: 32M
[12.518s][info][gc,nmethod  ] GC(4) NMethods: 2919 registered, 130 unregistered
[12.518s][info][gc,metaspace] GC(4) Metaspace: 41M used, 41M committed, 1088M reserved
[12.518s][info][gc,ref      ] GC(4) Soft: 3891 encountered, 0 discovered, 0 enqueued
[12.518s][info][gc,ref      ] GC(4) Weak: 2500 encountered, 441 discovered, 0 enqueued
[12.518s][info][gc,ref      ] GC(4) Final: 60 encountered, 0 discovered, 0 enqueued
[12.518s][info][gc,ref      ] GC(4) Phantom: 593 encountered, 428 discovered, 0 enqueued
[12.518s][info][gc,reloc    ] GC(4) Small Pages: 122 / 244M, Empty: 0M, Relocated: 20M, In-Place: 0
[12.518s][info][gc,reloc    ] GC(4) Medium Pages: 1 / 32M, Empty: 0M, Relocated: 0M, In-Place: 0
[12.518s][info][gc,reloc    ] GC(4) Large Pages: 0 / 0M, Empty: 0M, Relocated: 0M, In-Place: 0
[12.518s][info][gc,reloc    ] GC(4) Forwarding Usage: 13M
[12.518s][info][gc,heap     ] GC(4) Min Capacity: 8M(1%)
[12.518s][info][gc,heap     ] GC(4) Max Capacity: 1024M(100%)
[12.518s][info][gc,heap     ] GC(4) Soft Max Capacity: 1024M(100%)
[12.518s][info][gc,heap     ] GC(4)                Mark Start          Mark End        Relocate Start      Relocate End           High               Low         
[12.518s][info][gc,heap     ] GC(4)  Capacity:     1024M (100%)       1024M (100%)       1024M (100%)       1024M (100%)       1024M (100%)       1024M (100%)   
[12.518s][info][gc,heap     ] GC(4)      Free:      748M (73%)         666M (65%)         658M (64%)         784M (77%)         786M (77%)         638M (62%)    
[12.518s][info][gc,heap     ] GC(4)      Used:      276M (27%)         358M (35%)         366M (36%)         240M (23%)         386M (38%)         238M (23%)    
[12.518s][info][gc,heap     ] GC(4)      Live:         -                82M (8%)           82M (8%)           82M (8%)             -                  -          
[12.518s][info][gc,heap     ] GC(4) Allocated:         -                82M (8%)           90M (9%)          115M (11%)            -                  -          
[12.518s][info][gc,heap     ] GC(4)   Garbage:         -               193M (19%)         193M (19%)          41M (4%)             -                  -          
[12.518s][info][gc,heap     ] GC(4) Reclaimed:         -                  -                 0M (0%)          151M (15%)            -                  -          
[12.518s][info][gc          ] GC(4) Garbage Collection (Allocation Rate) 276M(27%)->240M(23%)
[12.594s][info][gc,start    ] GC(5) Garbage Collection (Allocation Rate)
[12.594s][info][gc,task     ] GC(5) Using 10 workers
[12.594s][info][gc,phases   ] GC(5) Pause Mark Start 0.016ms
[12.672s][info][gc,phases   ] GC(5) Concurrent Mark 77.789ms
[12.672s][info][gc,phases   ] GC(5) Pause Mark End 0.024ms
[12.672s][info][gc,phases   ] GC(5) Concurrent Mark Free 0.001ms
[12.674s][info][gc,phases   ] GC(5) Concurrent Process Non-Strong References 1.364ms
[12.674s][info][gc,phases   ] GC(5) Concurrent Reset Relocation Set 0.015ms
[12.695s][info][gc,phases   ] GC(5) Concurrent Select Relocation Set 21.204ms
[12.695s][info][gc,phases   ] GC(5) Pause Relocate Start 0.012ms
[12.707s][info][gc,phases   ] GC(5) Concurrent Relocate 11.889ms
[12.707s][info][gc,load     ] GC(5) Load: 0.00/0.00/0.00
[12.707s][info][gc,mmu      ] GC(5) MMU: 2ms/98.3%, 5ms/99.3%, 10ms/99.7%, 20ms/99.7%, 50ms/99.9%, 100ms/99.9%
[12.707s][info][gc,marking  ] GC(5) Mark: 8 stripe(s), 4 proactive flush(es), 1 terminate flush(es), 0 completion(s), 0 continuation(s) 
[12.707s][info][gc,marking  ] GC(5) Mark Stack Usage: 32M
[12.707s][info][gc,nmethod  ] GC(5) NMethods: 2919 registered, 130 unregistered
[12.707s][info][gc,metaspace] GC(5) Metaspace: 41M used, 41M committed, 1088M reserved
[12.707s][info][gc,ref      ] GC(5) Soft: 3891 encountered, 0 discovered, 0 enqueued
[12.707s][info][gc,ref      ] GC(5) Weak: 2500 encountered, 600 discovered, 0 enqueued
[12.707s][info][gc,ref      ] GC(5) Final: 60 encountered, 1 discovered, 0 enqueued
[12.707s][info][gc,ref      ] GC(5) Phantom: 593 encountered, 318 discovered, 0 enqueued
[12.707s][info][gc,reloc    ] GC(5) Small Pages: 154 / 308M, Empty: 0M, Relocated: 20M, In-Place: 0
[12.707s][info][gc,reloc    ] GC(5) Medium Pages: 1 / 32M, Empty: 0M, Relocated: 0M, In-Place: 0
[12.707s][info][gc,reloc    ] GC(5) Large Pages: 0 / 0M, Empty: 0M, Relocated: 0M, In-Place: 0
[12.707s][info][gc,reloc    ] GC(5) Forwarding Usage: 14M
[12.707s][info][gc,heap     ] GC(5) Min Capacity: 8M(1%)
[12.707s][info][gc,heap     ] GC(5) Max Capacity: 1024M(100%)
[12.707s][info][gc,heap     ] GC(5) Soft Max Capacity: 1024M(100%)
[12.707s][info][gc,heap     ] GC(5)                Mark Start          Mark End        Relocate Start      Relocate End           High               Low         
[12.707s][info][gc,heap     ] GC(5)  Capacity:     1024M (100%)       1024M (100%)       1024M (100%)       1024M (100%)       1024M (100%)       1024M (100%)   
[12.708s][info][gc,heap     ] GC(5)      Free:      684M (67%)         568M (55%)         534M (52%)         708M (69%)         708M (69%)         514M (50%)    
[12.708s][info][gc,heap     ] GC(5)      Used:      340M (33%)         456M (45%)         490M (48%)         316M (31%)         510M (50%)         316M (31%)    
[12.708s][info][gc,heap     ] GC(5)      Live:         -               100M (10%)         100M (10%)         100M (10%)            -                  -          
[12.708s][info][gc,heap     ] GC(5) Allocated:         -               116M (11%)         150M (15%)         165M (16%)            -                  -          
[12.708s][info][gc,heap     ] GC(5)   Garbage:         -               239M (23%)         239M (23%)          49M (5%)             -                  -          
[12.708s][info][gc,heap     ] GC(5) Reclaimed:         -                  -                 0M (0%)          189M (19%)            -                  -          
[12.708s][info][gc          ] GC(5) Garbage Collection (Allocation Rate) 340M(33%)->316M(31%)
[12.797s][info][gc,start    ] GC(6) Garbage Collection (Allocation Rate)
[12.797s][info][gc,task     ] GC(6) Using 10 workers
[12.797s][info][gc,phases   ] GC(6) Pause Mark Start 0.015ms
[12.875s][info][gc,phases   ] GC(6) Concurrent Mark 77.769ms
[12.875s][info][gc,phases   ] GC(6) Pause Mark End 0.017ms
[12.875s][info][gc,phases   ] GC(6) Concurrent Mark Free 0.001ms
[12.876s][info][gc,phases   ] GC(6) Concurrent Process Non-Strong References 0.991ms
[12.876s][info][gc,phases   ] GC(6) Concurrent Reset Relocation Set 0.020ms
[12.903s][info][gc,phases   ] GC(6) Concurrent Select Relocation Set 27.180ms
[12.904s][info][gc,phases   ] GC(6) Pause Relocate Start 0.013ms
[12.921s][info][gc,phases   ] GC(6) Concurrent Relocate 17.552ms
[12.921s][info][gc,load     ] GC(6) Load: 0.00/0.00/0.00
[12.921s][info][gc,mmu      ] GC(6) MMU: 2ms/98.3%, 5ms/99.3%, 10ms/99.7%, 20ms/99.7%, 50ms/99.9%, 100ms/99.9%
[12.921s][info][gc,marking  ] GC(6) Mark: 8 stripe(s), 5 proactive flush(es), 1 terminate flush(es), 0 completion(s), 0 continuation(s) 
[12.921s][info][gc,marking  ] GC(6) Mark Stack Usage: 32M
[12.921s][info][gc,nmethod  ] GC(6) NMethods: 2919 registered, 130 unregistered
[12.921s][info][gc,metaspace] GC(6) Metaspace: 41M used, 41M committed, 1088M reserved
[12.921s][info][gc,ref      ] GC(6) Soft: 3891 encountered, 0 discovered, 0 enqueued
[12.921s][info][gc,ref      ] GC(6) Weak: 2500 encountered, 428 discovered, 0 enqueued
[12.921s][info][gc,ref      ] GC(6) Final: 60 encountered, 0 discovered, 0 enqueued
[12.921s][info][gc,ref      ] GC(6) Phantom: 593 encountered, 367 discovered, 0 enqueued
[12.921s][info][gc,reloc    ] GC(6) Small Pages: 209 / 418M, Empty: 0M, Relocated: 31M, In-Place: 0
[12.921s][info][gc,reloc    ] GC(6) Medium Pages: 1 / 32M, Empty: 0M, Relocated: 0M, In-Place: 0
[12.921s][info][gc,reloc    ] GC(6) Large Pages: 0 / 0M, Empty: 0M, Relocated: 0M, In-Place: 0
[12.921s][info][gc,reloc    ] GC(6) Forwarding Usage: 22M
[12.921s][info][gc,heap     ] GC(6) Min Capacity: 8M(1%)
[12.921s][info][gc,heap     ] GC(6) Max Capacity: 1024M(100%)
[12.922s][info][gc,heap     ] GC(6) Soft Max Capacity: 1024M(100%)
[12.922s][info][gc,heap     ] GC(6)                Mark Start          Mark End        Relocate Start      Relocate End           High               Low         
[12.922s][info][gc,heap     ] GC(6)  Capacity:     1024M (100%)       1024M (100%)       1024M (100%)       1024M (100%)       1024M (100%)       1024M (100%)   
[12.922s][info][gc,heap     ] GC(6)      Free:      574M (56%)         478M (47%)         456M (45%)         708M (69%)         710M (69%)         440M (43%)    
[12.922s][info][gc,heap     ] GC(6)      Used:      450M (44%)         546M (53%)         568M (55%)         316M (31%)         584M (57%)         314M (31%)    
[12.922s][info][gc,heap     ] GC(6)      Live:         -               125M (12%)         125M (12%)         125M (12%)            -                  -          
[12.922s][info][gc,heap     ] GC(6) Allocated:         -                96M (9%)          118M (12%)         143M (14%)            -                  -          
[12.922s][info][gc,heap     ] GC(6)   Garbage:         -               324M (32%)         324M (32%)          46M (5%)             -                  -          
[12.922s][info][gc,heap     ] GC(6) Reclaimed:         -                  -                 0M (0%)          277M (27%)            -                  -          
[12.922s][info][gc          ] GC(6) Garbage Collection (Allocation Rate) 450M(44%)->316M(31%)
[13.000s][info][gc,start    ] GC(7) Garbage Collection (Allocation Rate)
[13.000s][info][gc,task     ] GC(7) Using 10 workers
[13.000s][info][gc,phases   ] GC(7) Pause Mark Start 0.017ms
[13.062s][info][gc,phases   ] GC(7) Concurrent Mark 62.138ms
[13.062s][info][gc,phases   ] GC(7) Pause Mark End 0.015ms
[13.063s][info][gc,phases   ] GC(7) Concurrent Mark Free 0.001ms
[13.064s][info][gc,phases   ] GC(7) Concurrent Process Non-Strong References 1.078ms
[13.064s][info][gc,phases   ] GC(7) Concurrent Reset Relocation Set 0.020ms
[13.067s][info][gc,phases   ] GC(7) Concurrent Select Relocation Set 3.486ms
[13.067s][info][gc,phases   ] GC(7) Pause Relocate Start 0.010ms
[13.084s][info][gc,phases   ] GC(7) Concurrent Relocate 16.212ms
[13.084s][info][gc,load     ] GC(7) Load: 0.00/0.00/0.00
[13.084s][info][gc,mmu      ] GC(7) MMU: 2ms/98.3%, 5ms/99.3%, 10ms/99.7%, 20ms/99.7%, 50ms/99.9%, 100ms/99.9%
[13.084s][info][gc,marking  ] GC(7) Mark: 8 stripe(s), 3 proactive flush(es), 1 terminate flush(es), 0 completion(s), 0 continuation(s) 
[13.084s][info][gc,marking  ] GC(7) Mark Stack Usage: 32M
[13.084s][info][gc,nmethod  ] GC(7) NMethods: 2990 registered, 148 unregistered
[13.084s][info][gc,metaspace] GC(7) Metaspace: 41M used, 41M committed, 1088M reserved
[13.084s][info][gc,ref      ] GC(7) Soft: 3891 encountered, 0 discovered, 0 enqueued
[13.084s][info][gc,ref      ] GC(7) Weak: 2500 encountered, 807 discovered, 0 enqueued
[13.084s][info][gc,ref      ] GC(7) Final: 60 encountered, 0 discovered, 0 enqueued
[13.084s][info][gc,ref      ] GC(7) Phantom: 595 encountered, 421 discovered, 0 enqueued
[13.084s][info][gc,reloc    ] GC(7) Small Pages: 171 / 342M, Empty: 0M, Relocated: 20M, In-Place: 0
[13.084s][info][gc,reloc    ] GC(7) Medium Pages: 1 / 32M, Empty: 0M, Relocated: 0M, In-Place: 0
[13.084s][info][gc,reloc    ] GC(7) Large Pages: 0 / 0M, Empty: 0M, Relocated: 0M, In-Place: 0
[13.084s][info][gc,reloc    ] GC(7) Forwarding Usage: 14M
[13.084s][info][gc,heap     ] GC(7) Min Capacity: 8M(1%)
[13.084s][info][gc,heap     ] GC(7) Max Capacity: 1024M(100%)
[13.084s][info][gc,heap     ] GC(7) Soft Max Capacity: 1024M(100%)
[13.084s][info][gc,heap     ] GC(7)                Mark Start          Mark End        Relocate Start      Relocate End           High               Low         
[13.084s][info][gc,heap     ] GC(7)  Capacity:     1024M (100%)       1024M (100%)       1024M (100%)       1024M (100%)       1024M (100%)       1024M (100%)   
[13.084s][info][gc,heap     ] GC(7)      Free:      650M (63%)         648M (63%)         648M (63%)         832M (81%)         832M (81%)         628M (61%)    
[13.084s][info][gc,heap     ] GC(7)      Used:      374M (37%)         376M (37%)         376M (37%)         192M (19%)         396M (39%)         192M (19%)    
[13.084s][info][gc,heap     ] GC(7)      Live:         -               142M (14%)         142M (14%)         142M (14%)            -                  -          
[13.084s][info][gc,heap     ] GC(7) Allocated:         -                 2M (0%)            2M (0%)            1M (0%)             -                  -          
[13.084s][info][gc,heap     ] GC(7)   Garbage:         -               231M (23%)         231M (23%)          48M (5%)             -                  -          
[13.084s][info][gc,heap     ] GC(7) Reclaimed:         -                  -                 0M (0%)          183M (18%)            -                  -          
[13.084s][info][gc          ] GC(7) Garbage Collection (Allocation Rate) 374M(37%)->192M(19%)
[13.678s][info][gc,start    ] GC(8) Garbage Collection (System.gc())
[13.678s][info][gc,task     ] GC(8) Using 10 workers
[13.678s][info][gc,phases   ] GC(8) Pause Mark Start 0.015ms
[13.704s][info][gc,phases   ] GC(8) Concurrent Mark 25.476ms
[13.704s][info][gc,phases   ] GC(8) Pause Mark End 0.016ms
[13.704s][info][gc,phases   ] GC(8) Concurrent Mark Free 0.001ms
[13.706s][info][gc,phases   ] GC(8) Concurrent Process Non-Strong References 2.082ms
[13.706s][info][gc,phases   ] GC(8) Concurrent Reset Relocation Set 0.025ms
[13.711s][info][gc,phases   ] GC(8) Concurrent Select Relocation Set 4.900ms
[13.711s][info][gc,phases   ] GC(8) Pause Relocate Start 0.009ms
[13.715s][info][gc,phases   ] GC(8) Concurrent Relocate 3.750ms
[13.715s][info][gc,load     ] GC(8) Load: 0.00/0.00/0.00
[13.715s][info][gc,mmu      ] GC(8) MMU: 2ms/98.3%, 5ms/99.3%, 10ms/99.7%, 20ms/99.7%, 50ms/99.9%, 100ms/99.9%
[13.715s][info][gc,marking  ] GC(8) Mark: 8 stripe(s), 3 proactive flush(es), 1 terminate flush(es), 0 completion(s), 0 continuation(s) 
[13.715s][info][gc,marking  ] GC(8) Mark Stack Usage: 32M
[13.715s][info][gc,nmethod  ] GC(8) NMethods: 3300 registered, 268 unregistered
[13.715s][info][gc,metaspace] GC(8) Metaspace: 46M used, 47M committed, 1088M reserved
[13.716s][info][gc,ref      ] GC(8) Soft: 4055 encountered, 0 discovered, 0 enqueued
[13.716s][info][gc,ref      ] GC(8) Weak: 3411 encountered, 704 discovered, 320 enqueued
[13.716s][info][gc,ref      ] GC(8) Final: 60 encountered, 0 discovered, 0 enqueued
[13.716s][info][gc,ref      ] GC(8) Phantom: 814 encountered, 799 discovered, 217 enqueued
[13.716s][info][gc,reloc    ] GC(8) Small Pages: 95 / 190M, Empty: 98M, Relocated: 11M, In-Place: 0
[13.716s][info][gc,reloc    ] GC(8) Medium Pages: 2 / 64M, Empty: 32M, Relocated: 0M, In-Place: 0
[13.716s][info][gc,reloc    ] GC(8) Large Pages: 1 / 6M, Empty: 6M, Relocated: 0M, In-Place: 0
[13.716s][info][gc,reloc    ] GC(8) Forwarding Usage: 4M
[13.716s][info][gc,heap     ] GC(8) Min Capacity: 8M(1%)
[13.716s][info][gc,heap     ] GC(8) Max Capacity: 1024M(100%)
[13.716s][info][gc,heap     ] GC(8) Soft Max Capacity: 1024M(100%)
[13.716s][info][gc,heap     ] GC(8)                Mark Start          Mark End        Relocate Start      Relocate End           High               Low         
[13.716s][info][gc,heap     ] GC(8)  Capacity:     1024M (100%)       1024M (100%)       1024M (100%)       1024M (100%)       1024M (100%)       1024M (100%)   
[13.716s][info][gc,heap     ] GC(8)      Free:      764M (75%)         764M (75%)         898M (88%)         954M (93%)         954M (93%)         760M (74%)    
[13.716s][info][gc,heap     ] GC(8)      Used:      260M (25%)         260M (25%)         126M (12%)          70M (7%)          264M (26%)          70M (7%)     
[13.716s][info][gc,heap     ] GC(8)      Live:         -                28M (3%)           28M (3%)           28M (3%)             -                  -          
[13.716s][info][gc,heap     ] GC(8) Allocated:         -                 0M (0%)            2M (0%)            2M (0%)             -                  -          
[13.716s][info][gc,heap     ] GC(8)   Garbage:         -               231M (23%)          95M (9%)           39M (4%)             -                  -          
[13.716s][info][gc,heap     ] GC(8) Reclaimed:         -                  -               136M (13%)         192M (19%)            -                  -          
[13.716s][info][gc          ] GC(8) Garbage Collection (System.gc()) 260M(25%)->70M(7%)
[14.701s][info][gc,start    ] GC(9) Garbage Collection (Allocation Rate)
[14.701s][info][gc,task     ] GC(9) Using 10 workers
[14.701s][info][gc,phases   ] GC(9) Pause Mark Start 0.017ms
[14.779s][info][gc,phases   ] GC(9) Concurrent Mark 77.730ms
[14.779s][info][gc,phases   ] GC(9) Pause Mark End 0.040ms
[14.779s][info][gc,phases   ] GC(9) Concurrent Mark Free 0.001ms
[14.782s][info][gc,phases   ] GC(9) Concurrent Process Non-Strong References 2.407ms
[14.782s][info][gc,phases   ] GC(9) Concurrent Reset Relocation Set 0.006ms
[14.805s][info][gc,phases   ] GC(9) Concurrent Select Relocation Set 23.075ms
[14.805s][info][gc,phases   ] GC(9) Pause Relocate Start 0.009ms
[14.825s][info][gc,phases   ] GC(9) Concurrent Relocate 19.640ms
[14.825s][info][gc,load     ] GC(9) Load: 0.00/0.00/0.00
[14.825s][info][gc,mmu      ] GC(9) MMU: 2ms/98.0%, 5ms/99.2%, 10ms/99.6%, 20ms/99.7%, 50ms/99.9%, 100ms/99.9%
[14.825s][info][gc,marking  ] GC(9) Mark: 8 stripe(s), 3 proactive flush(es), 1 terminate flush(es), 1 completion(s), 0 continuation(s) 
[14.825s][info][gc,marking  ] GC(9) Mark Stack Usage: 32M
[14.825s][info][gc,nmethod  ] GC(9) NMethods: 4158 registered, 495 unregistered
[14.825s][info][gc,metaspace] GC(9) Metaspace: 52M used, 53M committed, 1088M reserved
[14.825s][info][gc,ref      ] GC(9) Soft: 4432 encountered, 0 discovered, 0 enqueued
[14.825s][info][gc,ref      ] GC(9) Weak: 4856 encountered, 656 discovered, 521 enqueued
[14.825s][info][gc,ref      ] GC(9) Final: 60 encountered, 0 discovered, 0 enqueued
[14.825s][info][gc,ref      ] GC(9) Phantom: 916 encountered, 811 discovered, 313 enqueued
[14.825s][info][gc,reloc    ] GC(9) Small Pages: 328 / 656M, Empty: 0M, Relocated: 55M, In-Place: 0
[14.825s][info][gc,reloc    ] GC(9) Medium Pages: 2 / 64M, Empty: 32M, Relocated: 0M, In-Place: 0
[14.825s][info][gc,reloc    ] GC(9) Large Pages: 2 / 12M, Empty: 6M, Relocated: 0M, In-Place: 0
[14.825s][info][gc,reloc    ] GC(9) Forwarding Usage: 36M
[14.825s][info][gc,heap     ] GC(9) Min Capacity: 8M(1%)
[14.825s][info][gc,heap     ] GC(9) Max Capacity: 1024M(100%)
[14.825s][info][gc,heap     ] GC(9) Soft Max Capacity: 1024M(100%)
[14.825s][info][gc,heap     ] GC(9)                Mark Start          Mark End        Relocate Start      Relocate End           High               Low         
[14.825s][info][gc,heap     ] GC(9)  Capacity:     1024M (100%)       1024M (100%)       1024M (100%)       1024M (100%)       1024M (100%)       1024M (100%)   
[14.825s][info][gc,heap     ] GC(9)      Free:      292M (29%)         226M (22%)         238M (23%)         784M (77%)         784M (77%)         218M (21%)    
[14.825s][info][gc,heap     ] GC(9)      Used:      732M (71%)         798M (78%)         786M (77%)         240M (23%)         806M (79%)         240M (23%)    
[14.826s][info][gc,heap     ] GC(9)      Live:         -                84M (8%)           84M (8%)           84M (8%)             -                  -          
[14.826s][info][gc,heap     ] GC(9) Allocated:         -                66M (6%)           92M (9%)          113M (11%)            -                  -          
[14.826s][info][gc,heap     ] GC(9)   Garbage:         -               647M (63%)         609M (60%)          42M (4%)             -                  -          
[14.826s][info][gc,heap     ] GC(9) Reclaimed:         -                  -                38M (4%)          605M (59%)            -                  -          
[14.826s][info][gc          ] GC(9) Garbage Collection (Allocation Rate) 732M(71%)->240M(23%)
[14.904s][info][gc,start    ] GC(10) Garbage Collection (Allocation Rate)
[14.904s][info][gc,task     ] GC(10) Using 10 workers
[14.904s][info][gc,phases   ] GC(10) Pause Mark Start 0.017ms
[14.998s][info][gc,phases   ] GC(10) Concurrent Mark 93.406ms
[14.998s][info][gc,phases   ] GC(10) Pause Mark End 0.017ms
[14.998s][info][gc,phases   ] GC(10) Concurrent Mark Free 0.001ms
[15.000s][info][gc,phases   ] GC(10) Concurrent Process Non-Strong References 1.538ms
[15.000s][info][gc,phases   ] GC(10) Concurrent Reset Relocation Set 0.053ms
[15.005s][info][gc,phases   ] GC(10) Concurrent Select Relocation Set 4.828ms
[15.005s][info][gc,phases   ] GC(10) Pause Relocate Start 0.009ms
[15.029s][info][gc,phases   ] GC(10) Concurrent Relocate 24.410ms
[15.029s][info][gc,load     ] GC(10) Load: 0.00/0.00/0.00
[15.029s][info][gc,mmu      ] GC(10) MMU: 2ms/98.0%, 5ms/99.2%, 10ms/99.6%, 20ms/99.7%, 50ms/99.9%, 100ms/99.9%
[15.029s][info][gc,marking  ] GC(10) Mark: 8 stripe(s), 2 proactive flush(es), 1 terminate flush(es), 0 completion(s), 0 continuation(s) 
[15.029s][info][gc,marking  ] GC(10) Mark Stack Usage: 32M
[15.029s][info][gc,nmethod  ] GC(10) NMethods: 4232 registered, 499 unregistered
[15.029s][info][gc,metaspace] GC(10) Metaspace: 53M used, 53M committed, 1088M reserved
[15.029s][info][gc,ref      ] GC(10) Soft: 4432 encountered, 0 discovered, 0 enqueued
[15.029s][info][gc,ref      ] GC(10) Weak: 4335 encountered, 135 discovered, 0 enqueued
[15.029s][info][gc,ref      ] GC(10) Final: 60 encountered, 3 discovered, 0 enqueued
[15.029s][info][gc,ref      ] GC(10) Phantom: 603 encountered, 482 discovered, 0 enqueued
[15.029s][info][gc,reloc    ] GC(10) Small Pages: 162 / 324M, Empty: 0M, Relocated: 22M, In-Place: 0
[15.029s][info][gc,reloc    ] GC(10) Medium Pages: 1 / 32M, Empty: 0M, Relocated: 0M, In-Place: 0
[15.029s][info][gc,reloc    ] GC(10) Large Pages: 2 / 16M, Empty: 6M, Relocated: 0M, In-Place: 0
[15.029s][info][gc,reloc    ] GC(10) Forwarding Usage: 15M
[15.029s][info][gc,heap     ] GC(10) Min Capacity: 8M(1%)
[15.029s][info][gc,heap     ] GC(10) Max Capacity: 1024M(100%)
[15.029s][info][gc,heap     ] GC(10) Soft Max Capacity: 1024M(100%)
[15.029s][info][gc,heap     ] GC(10)                Mark Start          Mark End        Relocate Start      Relocate End           High               Low         
[15.029s][info][gc,heap     ] GC(10)  Capacity:     1024M (100%)       1024M (100%)       1024M (100%)       1024M (100%)       1024M (100%)       1024M (100%)   
[15.029s][info][gc,heap     ] GC(10)      Free:      652M (64%)         492M (48%)         498M (49%)         712M (70%)         712M (70%)         478M (47%)    
[15.029s][info][gc,heap     ] GC(10)      Used:      372M (36%)         532M (52%)         526M (51%)         312M (30%)         546M (53%)         312M (30%)    
[15.029s][info][gc,heap     ] GC(10)      Live:         -               108M (11%)         108M (11%)         108M (11%)            -                  -          
[15.029s][info][gc,heap     ] GC(10) Allocated:         -               160M (16%)         160M (16%)         161M (16%)            -                  -          
[15.029s][info][gc,heap     ] GC(10)   Garbage:         -               263M (26%)         257M (25%)          42M (4%)             -                  -          
[15.029s][info][gc,heap     ] GC(10) Reclaimed:         -                  -                 6M (1%)          221M (22%)            -                  -          
[15.029s][info][gc          ] GC(10) Garbage Collection (Allocation Rate) 372M(36%)->312M(30%)
[15.098s][info][gc,start    ] GC(11) Garbage Collection (Allocation Rate)
[15.098s][info][gc,task     ] GC(11) Using 10 workers
[15.098s][info][gc,phases   ] GC(11) Pause Mark Start 0.016ms
[15.145s][info][gc,phases   ] GC(11) Concurrent Mark 46.450ms
[15.145s][info][gc,phases   ] GC(11) Pause Mark End 0.041ms
[15.145s][info][gc,phases   ] GC(11) Concurrent Mark Free 0.001ms
[15.146s][info][gc,phases   ] GC(11) Concurrent Process Non-Strong References 1.345ms
[15.147s][info][gc,phases   ] GC(11) Concurrent Reset Relocation Set 0.020ms
[15.150s][info][gc,phases   ] GC(11) Concurrent Select Relocation Set 3.001ms
[15.150s][info][gc,phases   ] GC(11) Pause Relocate Start 0.008ms
[15.158s][info][gc,phases   ] GC(11) Concurrent Relocate 7.934ms
[15.158s][info][gc,load     ] GC(11) Load: 0.00/0.00/0.00
[15.158s][info][gc,mmu      ] GC(11) MMU: 2ms/98.0%, 5ms/99.0%, 10ms/99.5%, 20ms/99.7%, 50ms/99.9%, 100ms/99.9%
[15.158s][info][gc,marking  ] GC(11) Mark: 8 stripe(s), 3 proactive flush(es), 1 terminate flush(es), 1 completion(s), 0 continuation(s) 
[15.158s][info][gc,marking  ] GC(11) Mark Stack Usage: 32M
[15.158s][info][gc,nmethod  ] GC(11) NMethods: 4414 registered, 529 unregistered
[15.158s][info][gc,metaspace] GC(11) Metaspace: 54M used, 54M committed, 1088M reserved
[15.158s][info][gc,ref      ] GC(11) Soft: 4576 encountered, 0 discovered, 0 enqueued
[15.158s][info][gc,ref      ] GC(11) Weak: 4980 encountered, 801 discovered, 232 enqueued
[15.158s][info][gc,ref      ] GC(11) Final: 60 encountered, 0 discovered, 0 enqueued
[15.158s][info][gc,ref      ] GC(11) Phantom: 716 encountered, 582 discovered, 114 enqueued
[15.158s][info][gc,reloc    ] GC(11) Small Pages: 138 / 276M, Empty: 0M, Relocated: 17M, In-Place: 0
[15.158s][info][gc,reloc    ] GC(11) Medium Pages: 2 / 64M, Empty: 32M, Relocated: 0M, In-Place: 0
[15.158s][info][gc,reloc    ] GC(11) Large Pages: 2 / 16M, Empty: 10M, Relocated: 0M, In-Place: 0
[15.158s][info][gc,reloc    ] GC(11) Forwarding Usage: 11M
[15.158s][info][gc,heap     ] GC(11) Min Capacity: 8M(1%)
[15.158s][info][gc,heap     ] GC(11) Max Capacity: 1024M(100%)
[15.158s][info][gc,heap     ] GC(11) Soft Max Capacity: 1024M(100%)
[15.158s][info][gc,heap     ] GC(11)                Mark Start          Mark End        Relocate Start      Relocate End           High               Low         
[15.158s][info][gc,heap     ] GC(11)  Capacity:     1024M (100%)       1024M (100%)       1024M (100%)       1024M (100%)       1024M (100%)       1024M (100%)   
[15.158s][info][gc,heap     ] GC(11)      Free:      668M (65%)         656M (64%)         698M (68%)         850M (83%)         850M (83%)         656M (64%)    
[15.158s][info][gc,heap     ] GC(11)      Used:      356M (35%)         368M (36%)         326M (32%)         174M (17%)         368M (36%)         174M (17%)    
[15.158s][info][gc,heap     ] GC(11)      Live:         -               117M (12%)         117M (12%)         117M (12%)            -                  -          
[15.158s][info][gc,heap     ] GC(11) Allocated:         -                12M (1%)           12M (1%)           13M (1%)             -                  -          
[15.158s][info][gc,heap     ] GC(11)   Garbage:         -               238M (23%)         196M (19%)          42M (4%)             -                  -          
[15.158s][info][gc,heap     ] GC(11) Reclaimed:         -                  -                42M (4%)          195M (19%)            -                  -          
[15.158s][info][gc          ] GC(11) Garbage Collection (Allocation Rate) 356M(35%)->174M(17%)
[15.202s][info][gc,start    ] GC(12) Garbage Collection (Allocation Rate)
[15.202s][info][gc,task     ] GC(12) Using 10 workers
[15.202s][info][gc,phases   ] GC(12) Pause Mark Start 0.023ms
[15.249s][info][gc,phases   ] GC(12) Concurrent Mark 46.254ms
[15.249s][info][gc,phases   ] GC(12) Pause Mark End 0.020ms
[15.249s][info][gc,phases   ] GC(12) Concurrent Mark Free 0.001ms
[15.259s][info][gc,phases   ] GC(12) Concurrent Process Non-Strong References 10.609ms
[15.260s][info][gc,phases   ] GC(12) Concurrent Reset Relocation Set 0.020ms
[15.263s][info][gc,phases   ] GC(12) Concurrent Select Relocation Set 3.611ms
[15.263s][info][gc,phases   ] GC(12) Pause Relocate Start 0.007ms
[15.264s][info][gc,phases   ] GC(12) Concurrent Relocate 1.029ms
[15.264s][info][gc,load     ] GC(12) Load: 0.00/0.00/0.00
[15.265s][info][gc,mmu      ] GC(12) MMU: 2ms/98.0%, 5ms/99.0%, 10ms/99.5%, 20ms/99.7%, 50ms/99.9%, 100ms/99.9%
[15.265s][info][gc,marking  ] GC(12) Mark: 8 stripe(s), 2 proactive flush(es), 1 terminate flush(es), 0 completion(s), 0 continuation(s) 
[15.265s][info][gc,marking  ] GC(12) Mark Stack Usage: 32M
[15.265s][info][gc,nmethod  ] GC(12) NMethods: 4589 registered, 578 unregistered
[15.265s][info][gc,metaspace] GC(12) Metaspace: 54M used, 55M committed, 1088M reserved
[15.265s][info][gc,ref      ] GC(12) Soft: 4634 encountered, 0 discovered, 0 enqueued
[15.265s][info][gc,ref      ] GC(12) Weak: 5284 encountered, 354 discovered, 171 enqueued
[15.265s][info][gc,ref      ] GC(12) Final: 60 encountered, 0 discovered, 0 enqueued
[15.265s][info][gc,ref      ] GC(12) Phantom: 697 encountered, 583 discovered, 92 enqueued
[15.265s][info][gc,reloc    ] GC(12) Small Pages: 68 / 136M, Empty: 0M, Relocated: 1M, In-Place: 0
[15.265s][info][gc,reloc    ] GC(12) Medium Pages: 1 / 32M, Empty: 0M, Relocated: 0M, In-Place: 0
[15.265s][info][gc,reloc    ] GC(12) Large Pages: 2 / 12M, Empty: 6M, Relocated: 0M, In-Place: 0
[15.265s][info][gc,reloc    ] GC(12) Forwarding Usage: 0M
[15.265s][info][gc,heap     ] GC(12) Min Capacity: 8M(1%)
[15.265s][info][gc,heap     ] GC(12) Max Capacity: 1024M(100%)
[15.265s][info][gc,heap     ] GC(12) Soft Max Capacity: 1024M(100%)
[15.265s][info][gc,heap     ] GC(12)                Mark Start          Mark End        Relocate Start      Relocate End           High               Low         
[15.265s][info][gc,heap     ] GC(12)  Capacity:     1024M (100%)       1024M (100%)       1024M (100%)       1024M (100%)       1024M (100%)       1024M (100%)   
[15.265s][info][gc,heap     ] GC(12)      Free:      844M (82%)         832M (81%)         832M (81%)         830M (81%)         844M (82%)         814M (79%)    
[15.265s][info][gc,heap     ] GC(12)      Used:      180M (18%)         192M (19%)         192M (19%)         194M (19%)         210M (21%)         180M (18%)    
[15.265s][info][gc,heap     ] GC(12)      Live:         -               118M (12%)         118M (12%)         118M (12%)            -                  -          
[15.265s][info][gc,heap     ] GC(12) Allocated:         -                12M (1%)           18M (2%)           19M (2%)             -                  -          
[15.265s][info][gc,heap     ] GC(12)   Garbage:         -                61M (6%)           55M (5%)           55M (5%)             -                  -          
[15.265s][info][gc,heap     ] GC(12) Reclaimed:         -                  -                 6M (1%)            5M (1%)             -                  -          
[15.265s][info][gc          ] GC(12) Garbage Collection (Allocation Rate) 180M(18%)->194M(19%)
[15.405s][info][gc,start    ] GC(13) Garbage Collection (Allocation Rate)
[15.405s][info][gc,task     ] GC(13) Using 10 workers
[15.405s][info][gc,phases   ] GC(13) Pause Mark Start 0.014ms
[15.452s][info][gc,phases   ] GC(13) Concurrent Mark 46.466ms
[15.452s][info][gc,phases   ] GC(13) Pause Mark End 0.018ms
[15.452s][info][gc,phases   ] GC(13) Concurrent Mark Free 0.001ms
[15.454s][info][gc,phases   ] GC(13) Concurrent Process Non-Strong References 1.772ms
[15.454s][info][gc,phases   ] GC(13) Concurrent Reset Relocation Set 0.001ms
[15.462s][info][gc,phases   ] GC(13) Concurrent Select Relocation Set 8.078ms
[15.462s][info][gc,phases   ] GC(13) Pause Relocate Start 0.010ms
[15.471s][info][gc,phases   ] GC(13) Concurrent Relocate 8.878ms
[15.471s][info][gc,load     ] GC(13) Load: 0.00/0.00/0.00
[15.471s][info][gc,mmu      ] GC(13) MMU: 2ms/98.0%, 5ms/99.0%, 10ms/99.5%, 20ms/99.7%, 50ms/99.9%, 100ms/99.9%
[15.471s][info][gc,marking  ] GC(13) Mark: 8 stripe(s), 2 proactive flush(es), 1 terminate flush(es), 0 completion(s), 0 continuation(s) 
[15.471s][info][gc,marking  ] GC(13) Mark Stack Usage: 32M
[15.471s][info][gc,nmethod  ] GC(13) NMethods: 4587 registered, 666 unregistered
[15.471s][info][gc,metaspace] GC(13) Metaspace: 54M used, 55M committed, 1088M reserved
[15.471s][info][gc,ref      ] GC(13) Soft: 4634 encountered, 0 discovered, 0 enqueued
[15.471s][info][gc,ref      ] GC(13) Weak: 5113 encountered, 327 discovered, 0 enqueued
[15.471s][info][gc,ref      ] GC(13) Final: 60 encountered, 20 discovered, 0 enqueued
[15.471s][info][gc,ref      ] GC(13) Phantom: 605 encountered, 471 discovered, 0 enqueued
[15.471s][info][gc,reloc    ] GC(13) Small Pages: 203 / 406M, Empty: 0M, Relocated: 17M, In-Place: 0
[15.471s][info][gc,reloc    ] GC(13) Medium Pages: 2 / 64M, Empty: 0M, Relocated: 6M, In-Place: 0
[15.471s][info][gc,reloc    ] GC(13) Large Pages: 1 / 6M, Empty: 0M, Relocated: 0M, In-Place: 0
[15.471s][info][gc,reloc    ] GC(13) Forwarding Usage: 11M
[15.471s][info][gc,heap     ] GC(13) Min Capacity: 8M(1%)
[15.471s][info][gc,heap     ] GC(13) Max Capacity: 1024M(100%)
[15.471s][info][gc,heap     ] GC(13) Soft Max Capacity: 1024M(100%)
[15.471s][info][gc,heap     ] GC(13)                Mark Start          Mark End        Relocate Start      Relocate End           High               Low         
[15.471s][info][gc,heap     ] GC(13)  Capacity:     1024M (100%)       1024M (100%)       1024M (100%)       1024M (100%)       1024M (100%)       1024M (100%)   
[15.471s][info][gc,heap     ] GC(13)      Free:      548M (54%)         436M (43%)         378M (37%)         652M (64%)         660M (64%)         330M (32%)    
[15.471s][info][gc,heap     ] GC(13)      Used:      476M (46%)         588M (57%)         646M (63%)         372M (36%)         694M (68%)         364M (36%)    
[15.471s][info][gc,heap     ] GC(13)      Live:         -               128M (13%)         128M (13%)         128M (13%)            -                  -          
[15.471s][info][gc,heap     ] GC(13) Allocated:         -               112M (11%)         170M (17%)         197M (19%)            -                  -          
[15.472s][info][gc,heap     ] GC(13)   Garbage:         -               347M (34%)         347M (34%)          45M (4%)             -                  -          
[15.472s][info][gc,heap     ] GC(13) Reclaimed:         -                  -                 0M (0%)          301M (29%)            -                  -          
[15.472s][info][gc          ] GC(13) Garbage Collection (Allocation Rate) 476M(46%)->372M(36%)
[15.499s][info][gc,start    ] GC(14) Garbage Collection (Allocation Rate)
[15.499s][info][gc,task     ] GC(14) Using 10 workers
[15.499s][info][gc,phases   ] GC(14) Pause Mark Start 0.014ms
[15.545s][info][gc,phases   ] GC(14) Concurrent Mark 46.412ms
[15.546s][info][gc,phases   ] GC(14) Pause Mark End 0.024ms
[15.546s][info][gc,phases   ] GC(14) Concurrent Mark Free 0.001ms
[15.547s][info][gc,phases   ] GC(14) Concurrent Process Non-Strong References 1.563ms
[15.547s][info][gc,phases   ] GC(14) Concurrent Reset Relocation Set 0.025ms
[15.551s][info][gc,phases   ] GC(14) Concurrent Select Relocation Set 3.522ms
[15.551s][info][gc,phases   ] GC(14) Pause Relocate Start 0.011ms
[15.558s][info][gc,phases   ] GC(14) Concurrent Relocate 7.177ms
[15.558s][info][gc,load     ] GC(14) Load: 0.00/0.00/0.00
[15.558s][info][gc,mmu      ] GC(14) MMU: 2ms/98.0%, 5ms/99.0%, 10ms/99.5%, 20ms/99.7%, 50ms/99.9%, 100ms/99.9%
[15.558s][info][gc,marking  ] GC(14) Mark: 8 stripe(s), 2 proactive flush(es), 1 terminate flush(es), 0 completion(s), 0 continuation(s) 
[15.558s][info][gc,marking  ] GC(14) Mark Stack Usage: 32M
[15.558s][info][gc,nmethod  ] GC(14) NMethods: 4592 registered, 667 unregistered
[15.558s][info][gc,metaspace] GC(14) Metaspace: 54M used, 55M committed, 1088M reserved
[15.558s][info][gc,ref      ] GC(14) Soft: 4634 encountered, 0 discovered, 0 enqueued
[15.558s][info][gc,ref      ] GC(14) Weak: 5113 encountered, 1539 discovered, 0 enqueued
[15.558s][info][gc,ref      ] GC(14) Final: 60 encountered, 0 discovered, 0 enqueued
[15.558s][info][gc,ref      ] GC(14) Phantom: 605 encountered, 428 discovered, 0 enqueued
[15.558s][info][gc,reloc    ] GC(14) Small Pages: 200 / 400M, Empty: 2M, Relocated: 17M, In-Place: 0
[15.558s][info][gc,reloc    ] GC(14) Medium Pages: 2 / 64M, Empty: 0M, Relocated: 7M, In-Place: 0
[15.558s][info][gc,reloc    ] GC(14) Large Pages: 1 / 6M, Empty: 0M, Relocated: 0M, In-Place: 0
[15.558s][info][gc,reloc    ] GC(14) Forwarding Usage: 11M
[15.558s][info][gc,heap     ] GC(14) Min Capacity: 8M(1%)
[15.559s][info][gc,heap     ] GC(14) Max Capacity: 1024M(100%)
[15.559s][info][gc,heap     ] GC(14) Soft Max Capacity: 1024M(100%)
[15.559s][info][gc,heap     ] GC(14)                Mark Start          Mark End        Relocate Start      Relocate End           High               Low         
[15.559s][info][gc,heap     ] GC(14)  Capacity:     1024M (100%)       1024M (100%)       1024M (100%)       1024M (100%)       1024M (100%)       1024M (100%)   
[15.559s][info][gc,heap     ] GC(14)      Free:      554M (54%)         402M (39%)         386M (38%)         618M (60%)         620M (61%)         312M (30%)    
[15.559s][info][gc,heap     ] GC(14)      Used:      470M (46%)         622M (61%)         638M (62%)         406M (40%)         712M (70%)         404M (39%)    
[15.559s][info][gc,heap     ] GC(14)      Live:         -               139M (14%)         139M (14%)         139M (14%)            -                  -          
[15.559s][info][gc,heap     ] GC(14) Allocated:         -               152M (15%)         170M (17%)         219M (21%)            -                  -          
[15.559s][info][gc,heap     ] GC(14)   Garbage:         -               330M (32%)         328M (32%)          47M (5%)             -                  -          
[15.559s][info][gc,heap     ] GC(14) Reclaimed:         -                  -                 2M (0%)          283M (28%)            -                  -          
[15.559s][info][gc          ] GC(14) Garbage Collection (Allocation Rate) 470M(46%)->406M(40%)
[15.608s][info][gc,start    ] GC(15) Garbage Collection (Allocation Rate)
[15.608s][info][gc,task     ] GC(15) Using 10 workers
[15.608s][info][gc,phases   ] GC(15) Pause Mark Start 0.018ms
[15.686s][info][gc,phases   ] GC(15) Concurrent Mark 77.644ms
[15.686s][info][gc,phases   ] GC(15) Pause Mark End 0.018ms
[15.686s][info][gc,phases   ] GC(15) Concurrent Mark Free 0.001ms
[15.688s][info][gc,phases   ] GC(15) Concurrent Process Non-Strong References 1.984ms
[15.688s][info][gc,phases   ] GC(15) Concurrent Reset Relocation Set 0.021ms
[15.701s][info][gc,phases   ] GC(15) Concurrent Select Relocation Set 12.573ms
[15.701s][info][gc,phases   ] GC(15) Pause Relocate Start 0.009ms
[15.714s][info][gc,phases   ] GC(15) Concurrent Relocate 13.049ms
[15.714s][info][gc,load     ] GC(15) Load: 0.00/0.00/0.00
[15.714s][info][gc,mmu      ] GC(15) MMU: 2ms/98.0%, 5ms/99.0%, 10ms/99.5%, 20ms/99.7%, 50ms/99.9%, 100ms/99.9%
[15.714s][info][gc,marking  ] GC(15) Mark: 8 stripe(s), 2 proactive flush(es), 1 terminate flush(es), 0 completion(s), 0 continuation(s) 
[15.714s][info][gc,marking  ] GC(15) Mark Stack Usage: 32M
[15.714s][info][gc,nmethod  ] GC(15) NMethods: 4593 registered, 667 unregistered
[15.714s][info][gc,metaspace] GC(15) Metaspace: 54M used, 55M committed, 1088M reserved
[15.714s][info][gc,ref      ] GC(15) Soft: 4634 encountered, 0 discovered, 0 enqueued
[15.714s][info][gc,ref      ] GC(15) Weak: 5113 encountered, 168 discovered, 0 enqueued
[15.714s][info][gc,ref      ] GC(15) Final: 60 encountered, 0 discovered, 0 enqueued
[15.715s][info][gc,ref      ] GC(15) Phantom: 605 encountered, 482 discovered, 0 enqueued
[15.715s][info][gc,reloc    ] GC(15) Small Pages: 241 / 482M, Empty: 16M, Relocated: 17M, In-Place: 0
[15.715s][info][gc,reloc    ] GC(15) Medium Pages: 2 / 64M, Empty: 32M, Relocated: 0M, In-Place: 0
[15.715s][info][gc,reloc    ] GC(15) Large Pages: 2 / 12M, Empty: 0M, Relocated: 0M, In-Place: 0
[15.715s][info][gc,reloc    ] GC(15) Forwarding Usage: 11M
[15.715s][info][gc,heap     ] GC(15) Min Capacity: 8M(1%)
[15.715s][info][gc,heap     ] GC(15) Max Capacity: 1024M(100%)
[15.715s][info][gc,heap     ] GC(15) Soft Max Capacity: 1024M(100%)
[15.715s][info][gc,heap     ] GC(15)                Mark Start          Mark End        Relocate Start      Relocate End           High               Low         
[15.715s][info][gc,heap     ] GC(15)  Capacity:     1024M (100%)       1024M (100%)       1024M (100%)       1024M (100%)       1024M (100%)       1024M (100%)   
[15.715s][info][gc,heap     ] GC(15)      Free:      466M (46%)         220M (21%)         222M (22%)         482M (47%)         498M (49%)         202M (20%)    
[15.715s][info][gc,heap     ] GC(15)      Used:      558M (54%)         804M (79%)         802M (78%)         542M (53%)         822M (80%)         526M (51%)    
[15.715s][info][gc,heap     ] GC(15)      Live:         -               155M (15%)         155M (15%)         155M (15%)            -                  -          
[15.715s][info][gc,heap     ] GC(15) Allocated:         -               246M (24%)         292M (29%)         343M (34%)            -                  -          
[15.715s][info][gc,heap     ] GC(15)   Garbage:         -               402M (39%)         354M (35%)          42M (4%)             -                  -          
[15.715s][info][gc,heap     ] GC(15) Reclaimed:         -                  -                48M (5%)          359M (35%)            -                  -          
[15.715s][info][gc          ] GC(15) Garbage Collection (Allocation Rate) 558M(54%)->542M(53%)
[15.795s][info][gc,start    ] GC(16) Garbage Collection (Allocation Rate)
[15.795s][info][gc,task     ] GC(16) Using 10 workers
[15.796s][info][gc,phases   ] GC(16) Pause Mark Start 0.014ms
[15.858s][info][gc,phases   ] GC(16) Concurrent Mark 62.093ms
[15.858s][info][gc,phases   ] GC(16) Pause Mark End 0.017ms
[15.858s][info][gc,phases   ] GC(16) Concurrent Mark Free 0.001ms
[15.860s][info][gc,phases   ] GC(16) Concurrent Process Non-Strong References 1.531ms
[15.860s][info][gc,phases   ] GC(16) Concurrent Reset Relocation Set 0.034ms
[15.884s][info][gc,phases   ] GC(16) Concurrent Select Relocation Set 24.433ms
[15.884s][info][gc,phases   ] GC(16) Pause Relocate Start 0.014ms
[15.898s][info][gc,phases   ] GC(16) Concurrent Relocate 14.063ms
[15.899s][info][gc,load     ] GC(16) Load: 0.00/0.00/0.00
[15.899s][info][gc,mmu      ] GC(16) MMU: 2ms/98.0%, 5ms/99.0%, 10ms/99.5%, 20ms/99.7%, 50ms/99.9%, 100ms/99.9%
[15.899s][info][gc,marking  ] GC(16) Mark: 8 stripe(s), 2 proactive flush(es), 1 terminate flush(es), 0 completion(s), 0 continuation(s) 
[15.899s][info][gc,marking  ] GC(16) Mark Stack Usage: 32M
[15.899s][info][gc,nmethod  ] GC(16) NMethods: 4592 registered, 669 unregistered
[15.899s][info][gc,metaspace] GC(16) Metaspace: 54M used, 55M committed, 1088M reserved
[15.899s][info][gc,ref      ] GC(16) Soft: 4634 encountered, 0 discovered, 0 enqueued
[15.899s][info][gc,ref      ] GC(16) Weak: 5113 encountered, 217 discovered, 0 enqueued
[15.899s][info][gc,ref      ] GC(16) Final: 60 encountered, 0 discovered, 0 enqueued
[15.899s][info][gc,ref      ] GC(16) Phantom: 605 encountered, 417 discovered, 0 enqueued
[15.899s][info][gc,reloc    ] GC(16) Small Pages: 396 / 792M, Empty: 12M, Relocated: 26M, In-Place: 0
[15.899s][info][gc,reloc    ] GC(16) Medium Pages: 1 / 32M, Empty: 0M, Relocated: 0M, In-Place: 0
[15.899s][info][gc,reloc    ] GC(16) Large Pages: 3 / 22M, Empty: 6M, Relocated: 0M, In-Place: 0
[15.899s][info][gc,reloc    ] GC(16) Forwarding Usage: 19M
[15.899s][info][gc,heap     ] GC(16) Min Capacity: 8M(1%)
[15.899s][info][gc,heap     ] GC(16) Max Capacity: 1024M(100%)
[15.899s][info][gc,heap     ] GC(16) Soft Max Capacity: 1024M(100%)
[15.899s][info][gc,heap     ] GC(16)                Mark Start          Mark End        Relocate Start      Relocate End           High               Low         
[15.899s][info][gc,heap     ] GC(16)  Capacity:     1024M (100%)       1024M (100%)       1024M (100%)       1024M (100%)       1024M (100%)       1024M (100%)   
[15.899s][info][gc,heap     ] GC(16)      Free:      178M (17%)          66M (6%)           36M (4%)          584M (57%)         586M (57%)          18M (2%)     
[15.899s][info][gc,heap     ] GC(16)      Used:      846M (83%)         958M (94%)         988M (96%)         440M (43%)        1006M (98%)         438M (43%)    
[15.899s][info][gc,heap     ] GC(16)      Live:         -               184M (18%)         184M (18%)         184M (18%)            -                  -          
[15.899s][info][gc,heap     ] GC(16) Allocated:         -               112M (11%)         160M (16%)         205M (20%)            -                  -          
[15.899s][info][gc,heap     ] GC(16)   Garbage:         -               661M (65%)         643M (63%)          49M (5%)             -                  -          
[15.899s][info][gc,heap     ] GC(16) Reclaimed:         -                  -                18M (2%)          611M (60%)            -                  -          
[15.899s][info][gc          ] GC(16) Garbage Collection (Allocation Rate) 846M(83%)->440M(43%)
[15.905s][info][gc,start    ] GC(17) Garbage Collection (Allocation Rate)
[15.905s][info][gc,task     ] GC(17) Using 10 workers
[15.905s][info][gc,phases   ] GC(17) Pause Mark Start 0.013ms
[15.983s][info][gc,phases   ] GC(17) Concurrent Mark 77.918ms
[15.983s][info][gc,phases   ] GC(17) Pause Mark End 0.020ms
[15.983s][info][gc,phases   ] GC(17) Concurrent Mark Free 0.001ms
[15.985s][info][gc,phases   ] GC(17) Concurrent Process Non-Strong References 1.727ms
[15.985s][info][gc,phases   ] GC(17) Concurrent Reset Relocation Set 0.047ms
[15.990s][info][gc,phases   ] GC(17) Concurrent Select Relocation Set 5.184ms
[15.990s][info][gc,phases   ] GC(17) Pause Relocate Start 0.012ms
[16.014s][info][gc,phases   ] GC(17) Concurrent Relocate 23.239ms
[16.014s][info][gc,load     ] GC(17) Load: 0.00/0.00/0.00
[16.014s][info][gc,mmu      ] GC(17) MMU: 2ms/98.0%, 5ms/99.0%, 10ms/99.5%, 20ms/99.7%, 50ms/99.9%, 100ms/99.9%
[16.014s][info][gc,marking  ] GC(17) Mark: 8 stripe(s), 2 proactive flush(es), 1 terminate flush(es), 0 completion(s), 0 continuation(s) 
[16.014s][info][gc,marking  ] GC(17) Mark Stack Usage: 32M
[16.014s][info][gc,nmethod  ] GC(17) NMethods: 4592 registered, 669 unregistered
[16.014s][info][gc,metaspace] GC(17) Metaspace: 54M used, 55M committed, 1088M reserved
[16.014s][info][gc,ref      ] GC(17) Soft: 4634 encountered, 0 discovered, 0 enqueued
[16.014s][info][gc,ref      ] GC(17) Weak: 5113 encountered, 177 discovered, 0 enqueued
[16.014s][info][gc,ref      ] GC(17) Final: 60 encountered, 0 discovered, 0 enqueued
[16.014s][info][gc,ref      ] GC(17) Phantom: 605 encountered, 439 discovered, 0 enqueued
[16.014s][info][gc,reloc    ] GC(17) Small Pages: 206 / 412M, Empty: 0M, Relocated: 17M, In-Place: 0
[16.014s][info][gc,reloc    ] GC(17) Medium Pages: 1 / 32M, Empty: 0M, Relocated: 0M, In-Place: 0
[16.014s][info][gc,reloc    ] GC(17) Large Pages: 2 / 16M, Empty: 0M, Relocated: 0M, In-Place: 0
[16.014s][info][gc,reloc    ] GC(17) Forwarding Usage: 12M
[16.014s][info][gc,heap     ] GC(17) Min Capacity: 8M(1%)
[16.014s][info][gc,heap     ] GC(17) Max Capacity: 1024M(100%)
[16.014s][info][gc,heap     ] GC(17) Soft Max Capacity: 1024M(100%)
[16.014s][info][gc,heap     ] GC(17)                Mark Start          Mark End        Relocate Start      Relocate End           High               Low         
[16.014s][info][gc,heap     ] GC(17)  Capacity:     1024M (100%)       1024M (100%)       1024M (100%)       1024M (100%)       1024M (100%)       1024M (100%)   
[16.014s][info][gc,heap     ] GC(17)      Free:      564M (55%)         302M (29%)         278M (27%)         468M (46%)         564M (55%)         258M (25%)    
[16.014s][info][gc,heap     ] GC(17)      Used:      460M (45%)         722M (71%)         746M (73%)         556M (54%)         766M (75%)         460M (45%)    
[16.014s][info][gc,heap     ] GC(17)      Live:         -               192M (19%)         192M (19%)         192M (19%)            -                  -          
[16.014s][info][gc,heap     ] GC(17) Allocated:         -               262M (26%)         286M (28%)         319M (31%)            -                  -          
[16.014s][info][gc,heap     ] GC(17)   Garbage:         -               267M (26%)         267M (26%)          43M (4%)             -                  -          
[16.014s][info][gc,heap     ] GC(17) Reclaimed:         -                  -                 0M (0%)          223M (22%)            -                  -          
[16.014s][info][gc          ] GC(17) Garbage Collection (Allocation Rate) 460M(45%)->556M(54%)
[16.108s][info][gc,start    ] GC(18) Garbage Collection (Allocation Rate)
[16.108s][info][gc,task     ] GC(18) Using 10 workers
[16.108s][info][gc,phases   ] GC(18) Pause Mark Start 0.009ms
[16.170s][info][gc,phases   ] GC(18) Concurrent Mark 62.022ms
[16.170s][info][gc,phases   ] GC(18) Pause Mark End 0.017ms
[16.170s][info][gc,phases   ] GC(18) Concurrent Mark Free 0.001ms
[16.172s][info][gc,phases   ] GC(18) Concurrent Process Non-Strong References 1.749ms
[16.172s][info][gc,phases   ] GC(18) Concurrent Reset Relocation Set 0.017ms
[16.186s][info][gc,phases   ] GC(18) Concurrent Select Relocation Set 13.853ms
[16.186s][info][gc,phases   ] GC(18) Pause Relocate Start 0.010ms
[16.196s][info][gc,phases   ] GC(18) Concurrent Relocate 9.732ms
[16.196s][info][gc,load     ] GC(18) Load: 0.00/0.00/0.00
[16.196s][info][gc,mmu      ] GC(18) MMU: 2ms/98.0%, 5ms/99.0%, 10ms/99.5%, 20ms/99.7%, 50ms/99.9%, 100ms/99.9%
[16.196s][info][gc,marking  ] GC(18) Mark: 8 stripe(s), 2 proactive flush(es), 1 terminate flush(es), 0 completion(s), 0 continuation(s) 
[16.196s][info][gc,marking  ] GC(18) Mark Stack Usage: 32M
[16.196s][info][gc,nmethod  ] GC(18) NMethods: 4645 registered, 713 unregistered
[16.196s][info][gc,metaspace] GC(18) Metaspace: 55M used, 55M committed, 1088M reserved
[16.196s][info][gc,ref      ] GC(18) Soft: 4639 encountered, 0 discovered, 0 enqueued
[16.196s][info][gc,ref      ] GC(18) Weak: 5157 encountered, 2042 discovered, 14 enqueued
[16.196s][info][gc,ref      ] GC(18) Final: 60 encountered, 0 discovered, 0 enqueued
[16.196s][info][gc,ref      ] GC(18) Phantom: 612 encountered, 462 discovered, 8 enqueued
[16.196s][info][gc,reloc    ] GC(18) Small Pages: 332 / 664M, Empty: 68M, Relocated: 17M, In-Place: 0
[16.196s][info][gc,reloc    ] GC(18) Medium Pages: 1 / 32M, Empty: 0M, Relocated: 0M, In-Place: 0
[16.196s][info][gc,reloc    ] GC(18) Large Pages: 3 / 22M, Empty: 10M, Relocated: 0M, In-Place: 0
[16.196s][info][gc,reloc    ] GC(18) Forwarding Usage: 12M
[16.196s][info][gc,heap     ] GC(18) Min Capacity: 8M(1%)
[16.196s][info][gc,heap     ] GC(18) Max Capacity: 1024M(100%)
[16.196s][info][gc,heap     ] GC(18) Soft Max Capacity: 1024M(100%)
[16.196s][info][gc,heap     ] GC(18)                Mark Start          Mark End        Relocate Start      Relocate End           High               Low         
[16.196s][info][gc,heap     ] GC(18)  Capacity:     1024M (100%)       1024M (100%)       1024M (100%)       1024M (100%)       1024M (100%)       1024M (100%)   
[16.196s][info][gc,heap     ] GC(18)      Free:      306M (30%)         216M (21%)         264M (26%)         636M (62%)         640M (63%)         208M (20%)    
[16.196s][info][gc,heap     ] GC(18)      Used:      718M (70%)         808M (79%)         760M (74%)         388M (38%)         816M (80%)         384M (38%)    
[16.196s][info][gc,heap     ] GC(18)      Live:         -               204M (20%)         204M (20%)         204M (20%)            -                  -          
[16.196s][info][gc,heap     ] GC(18) Allocated:         -                90M (9%)          120M (12%)         137M (13%)            -                  -          
[16.196s][info][gc,heap     ] GC(18)   Garbage:         -               513M (50%)         435M (43%)          45M (4%)             -                  -          
[16.196s][info][gc,heap     ] GC(18) Reclaimed:         -                  -                78M (8%)          467M (46%)            -                  -          
[16.196s][info][gc          ] GC(18) Garbage Collection (Allocation Rate) 718M(70%)->388M(38%)
[16.202s][info][gc,start    ] GC(19) Garbage Collection (Allocation Rate)
[16.202s][info][gc,task     ] GC(19) Using 10 workers
[16.202s][info][gc,phases   ] GC(19) Pause Mark Start 0.013ms
[16.264s][info][gc,phases   ] GC(19) Concurrent Mark 62.170ms
[16.264s][info][gc,phases   ] GC(19) Pause Mark End 0.019ms
[16.264s][info][gc,phases   ] GC(19) Concurrent Mark Free 0.001ms
[16.266s][info][gc,phases   ] GC(19) Concurrent Process Non-Strong References 1.451ms
[16.266s][info][gc,phases   ] GC(19) Concurrent Reset Relocation Set 0.033ms
[16.273s][info][gc,phases   ] GC(19) Concurrent Select Relocation Set 7.698ms
[16.274s][info][gc,phases   ] GC(19) Pause Relocate Start 0.009ms
[16.276s][info][gc,phases   ] GC(19) Concurrent Relocate 1.992ms
[16.276s][info][gc,load     ] GC(19) Load: 0.00/0.00/0.00
[16.276s][info][gc,mmu      ] GC(19) MMU: 2ms/98.0%, 5ms/99.0%, 10ms/99.5%, 20ms/99.7%, 50ms/99.9%, 100ms/99.9%
[16.276s][info][gc,marking  ] GC(19) Mark: 8 stripe(s), 3 proactive flush(es), 1 terminate flush(es), 0 completion(s), 0 continuation(s) 
[16.276s][info][gc,marking  ] GC(19) Mark Stack Usage: 32M
[16.276s][info][gc,nmethod  ] GC(19) NMethods: 4634 registered, 724 unregistered
[16.276s][info][gc,metaspace] GC(19) Metaspace: 55M used, 55M committed, 1088M reserved
[16.276s][info][gc,ref      ] GC(19) Soft: 4649 encountered, 0 discovered, 0 enqueued
[16.276s][info][gc,ref      ] GC(19) Weak: 5253 encountered, 255 discovered, 44 enqueued
[16.276s][info][gc,ref      ] GC(19) Final: 60 encountered, 0 discovered, 0 enqueued
[16.276s][info][gc,ref      ] GC(19) Phantom: 640 encountered, 528 discovered, 36 enqueued
[16.276s][info][gc,reloc    ] GC(19) Small Pages: 178 / 356M, Empty: 118M, Relocated: 1M, In-Place: 0
[16.276s][info][gc,reloc    ] GC(19) Medium Pages: 1 / 32M, Empty: 0M, Relocated: 0M, In-Place: 0
[16.276s][info][gc,reloc    ] GC(19) Large Pages: 2 / 12M, Empty: 0M, Relocated: 0M, In-Place: 0
[16.276s][info][gc,reloc    ] GC(19) Forwarding Usage: 0M
[16.276s][info][gc,heap     ] GC(19) Min Capacity: 8M(1%)
[16.276s][info][gc,heap     ] GC(19) Max Capacity: 1024M(100%)
[16.276s][info][gc,heap     ] GC(19) Soft Max Capacity: 1024M(100%)
[16.276s][info][gc,heap     ] GC(19)                Mark Start          Mark End        Relocate Start      Relocate End           High               Low         
[16.276s][info][gc,heap     ] GC(19)  Capacity:     1024M (100%)       1024M (100%)       1024M (100%)       1024M (100%)       1024M (100%)       1024M (100%)   
[16.276s][info][gc,heap     ] GC(19)      Free:      624M (61%)         516M (50%)         618M (60%)         632M (62%)         632M (62%)         508M (50%)    
[16.276s][info][gc,heap     ] GC(19)      Used:      400M (39%)         508M (50%)         406M (40%)         392M (38%)         516M (50%)         392M (38%)    
[16.276s][info][gc,heap     ] GC(19)      Live:         -               204M (20%)         204M (20%)         204M (20%)            -                  -          
[16.276s][info][gc,heap     ] GC(19) Allocated:         -               108M (11%)         124M (12%)         125M (12%)            -                  -          
[16.276s][info][gc,heap     ] GC(19)   Garbage:         -               195M (19%)          77M (8%)           61M (6%)             -                  -          
[16.276s][info][gc,heap     ] GC(19) Reclaimed:         -                  -               118M (12%)         133M (13%)            -                  -          
[16.276s][info][gc          ] GC(19) Garbage Collection (Allocation Rate) 400M(39%)->392M(38%)
[16.295s][info][gc,start    ] GC(20) Garbage Collection (Allocation Rate)
[16.295s][info][gc,task     ] GC(20) Using 10 workers
[16.295s][info][gc,phases   ] GC(20) Pause Mark Start 0.014ms
[16.342s][info][gc,phases   ] GC(20) Concurrent Mark 46.567ms
[16.342s][info][gc,phases   ] GC(20) Pause Mark End 0.016ms
[16.342s][info][gc,phases   ] GC(20) Concurrent Mark Free 0.001ms
[16.344s][info][gc,phases   ] GC(20) Concurrent Process Non-Strong References 1.237ms
[16.344s][info][gc,phases   ] GC(20) Concurrent Reset Relocation Set 0.003ms
[16.347s][info][gc,phases   ] GC(20) Concurrent Select Relocation Set 3.609ms
[16.347s][info][gc,phases   ] GC(20) Pause Relocate Start 0.008ms
[16.349s][info][gc,phases   ] GC(20) Concurrent Relocate 1.982ms
[16.349s][info][gc,load     ] GC(20) Load: 0.00/0.00/0.00
[16.349s][info][gc,mmu      ] GC(20) MMU: 2ms/98.0%, 5ms/99.0%, 10ms/99.5%, 20ms/99.7%, 50ms/99.9%, 100ms/99.9%
[16.349s][info][gc,marking  ] GC(20) Mark: 8 stripe(s), 3 proactive flush(es), 1 terminate flush(es), 0 completion(s), 0 continuation(s) 
[16.349s][info][gc,marking  ] GC(20) Mark Stack Usage: 32M
[16.350s][info][gc,nmethod  ] GC(20) NMethods: 4634 registered, 724 unregistered
[16.350s][info][gc,metaspace] GC(20) Metaspace: 55M used, 55M committed, 1088M reserved
[16.350s][info][gc,ref      ] GC(20) Soft: 4649 encountered, 0 discovered, 0 enqueued
[16.350s][info][gc,ref      ] GC(20) Weak: 5209 encountered, 245 discovered, 0 enqueued
[16.350s][info][gc,ref      ] GC(20) Final: 60 encountered, 0 discovered, 0 enqueued
[16.350s][info][gc,ref      ] GC(20) Phantom: 604 encountered, 436 discovered, 0 enqueued
[16.350s][info][gc,reloc    ] GC(20) Small Pages: 190 / 380M, Empty: 146M, Relocated: 1M, In-Place: 0
[16.350s][info][gc,reloc    ] GC(20) Medium Pages: 1 / 32M, Empty: 0M, Relocated: 0M, In-Place: 0
[16.350s][info][gc,reloc    ] GC(20) Large Pages: 2 / 12M, Empty: 0M, Relocated: 0M, In-Place: 0
[16.350s][info][gc,reloc    ] GC(20) Forwarding Usage: 0M
[16.350s][info][gc,heap     ] GC(20) Min Capacity: 8M(1%)
[16.350s][info][gc,heap     ] GC(20) Max Capacity: 1024M(100%)
[16.350s][info][gc,heap     ] GC(20) Soft Max Capacity: 1024M(100%)
[16.350s][info][gc,heap     ] GC(20)                Mark Start          Mark End        Relocate Start      Relocate End           High               Low         
[16.350s][info][gc,heap     ] GC(20)  Capacity:     1024M (100%)       1024M (100%)       1024M (100%)       1024M (100%)       1024M (100%)       1024M (100%)   
[16.350s][info][gc,heap     ] GC(20)      Free:      600M (59%)         508M (50%)         644M (63%)         652M (64%)         654M (64%)         506M (49%)    
[16.350s][info][gc,heap     ] GC(20)      Used:      424M (41%)         516M (50%)         380M (37%)         372M (36%)         518M (51%)         370M (36%)    
[16.350s][info][gc,heap     ] GC(20)      Live:         -               204M (20%)         204M (20%)         204M (20%)            -                  -          
[16.350s][info][gc,heap     ] GC(20) Allocated:         -                92M (9%)          102M (10%)         105M (10%)            -                  -          
[16.350s][info][gc,heap     ] GC(20)   Garbage:         -               219M (21%)          73M (7%)           61M (6%)             -                  -          
[16.350s][info][gc,heap     ] GC(20) Reclaimed:         -                  -               146M (14%)         157M (15%)            -                  -          
[16.350s][info][gc          ] GC(20) Garbage Collection (Allocation Rate) 424M(41%)->372M(36%)
[16.405s][info][gc,start    ] GC(21) Garbage Collection (Allocation Rate)
[16.405s][info][gc,task     ] GC(21) Using 10 workers
[16.405s][info][gc,phases   ] GC(21) Pause Mark Start 0.015ms
[16.451s][info][gc,phases   ] GC(21) Concurrent Mark 46.565ms
[16.452s][info][gc,phases   ] GC(21) Pause Mark End 0.025ms
[16.452s][info][gc,phases   ] GC(21) Concurrent Mark Free 0.001ms
[16.453s][info][gc,phases   ] GC(21) Concurrent Process Non-Strong References 1.276ms
[16.453s][info][gc,phases   ] GC(21) Concurrent Reset Relocation Set 0.001ms
[16.455s][info][gc,phases   ] GC(21) Concurrent Select Relocation Set 2.360ms
[16.455s][info][gc,phases   ] GC(21) Pause Relocate Start 0.009ms
[16.457s][info][gc,phases   ] GC(21) Concurrent Relocate 1.684ms
[16.457s][info][gc,load     ] GC(21) Load: 0.00/0.00/0.00
[16.457s][info][gc,mmu      ] GC(21) MMU: 2ms/98.0%, 5ms/99.0%, 10ms/99.5%, 20ms/99.7%, 50ms/99.9%, 100ms/99.9%
[16.457s][info][gc,marking  ] GC(21) Mark: 8 stripe(s), 2 proactive flush(es), 1 terminate flush(es), 0 completion(s), 0 continuation(s) 
[16.457s][info][gc,marking  ] GC(21) Mark Stack Usage: 32M
[16.457s][info][gc,nmethod  ] GC(21) NMethods: 4634 registered, 724 unregistered
[16.457s][info][gc,metaspace] GC(21) Metaspace: 55M used, 55M committed, 1088M reserved
[16.457s][info][gc,ref      ] GC(21) Soft: 4649 encountered, 0 discovered, 0 enqueued
[16.457s][info][gc,ref      ] GC(21) Weak: 5209 encountered, 320 discovered, 0 enqueued
[16.457s][info][gc,ref      ] GC(21) Final: 60 encountered, 0 discovered, 0 enqueued
[16.457s][info][gc,ref      ] GC(21) Phantom: 604 encountered, 516 discovered, 0 enqueued
[16.457s][info][gc,reloc    ] GC(21) Small Pages: 208 / 416M, Empty: 184M, Relocated: 1M, In-Place: 0
[16.457s][info][gc,reloc    ] GC(21) Medium Pages: 1 / 32M, Empty: 0M, Relocated: 0M, In-Place: 0
[16.457s][info][gc,reloc    ] GC(21) Large Pages: 2 / 12M, Empty: 0M, Relocated: 0M, In-Place: 0
[16.457s][info][gc,reloc    ] GC(21) Forwarding Usage: 0M
[16.457s][info][gc,heap     ] GC(21) Min Capacity: 8M(1%)
[16.457s][info][gc,heap     ] GC(21) Max Capacity: 1024M(100%)
[16.457s][info][gc,heap     ] GC(21) Soft Max Capacity: 1024M(100%)
[16.457s][info][gc,heap     ] GC(21)                Mark Start          Mark End        Relocate Start      Relocate End           High               Low         
[16.457s][info][gc,heap     ] GC(21)  Capacity:     1024M (100%)       1024M (100%)       1024M (100%)       1024M (100%)       1024M (100%)       1024M (100%)   
[16.457s][info][gc,heap     ] GC(21)      Free:      564M (55%)         488M (48%)         664M (65%)         672M (66%)         672M (66%)         484M (47%)    
[16.457s][info][gc,heap     ] GC(21)      Used:      460M (45%)         536M (52%)         360M (35%)         352M (34%)         540M (53%)         352M (34%)    
[16.457s][info][gc,heap     ] GC(21)      Live:         -               204M (20%)         204M (20%)         204M (20%)            -                  -          
[16.457s][info][gc,heap     ] GC(21) Allocated:         -                76M (7%)           84M (8%)           85M (8%)             -                  -          
[16.457s][info][gc,heap     ] GC(21)   Garbage:         -               255M (25%)          71M (7%)           61M (6%)             -                  -          
[16.457s][info][gc,heap     ] GC(21) Reclaimed:         -                  -               184M (18%)         193M (19%)            -                  -          
[16.457s][info][gc          ] GC(21) Garbage Collection (Allocation Rate) 460M(45%)->352M(34%)
[16.498s][info][gc,start    ] GC(22) Garbage Collection (Allocation Rate)
[16.498s][info][gc,task     ] GC(22) Using 10 workers
[16.498s][info][gc,phases   ] GC(22) Pause Mark Start 0.012ms
[16.561s][info][gc,phases   ] GC(22) Concurrent Mark 62.217ms
[16.561s][info][gc,phases   ] GC(22) Pause Mark End 0.018ms
[16.561s][info][gc,phases   ] GC(22) Concurrent Mark Free 0.001ms
[16.563s][info][gc,phases   ] GC(22) Concurrent Process Non-Strong References 1.534ms
[16.563s][info][gc,phases   ] GC(22) Concurrent Reset Relocation Set 0.002ms
[16.566s][info][gc,phases   ] GC(22) Concurrent Select Relocation Set 3.652ms
[16.566s][info][gc,phases   ] GC(22) Pause Relocate Start 0.008ms
[16.569s][info][gc,phases   ] GC(22) Concurrent Relocate 2.421ms
[16.569s][info][gc,load     ] GC(22) Load: 0.00/0.00/0.00
[16.569s][info][gc,mmu      ] GC(22) MMU: 2ms/98.0%, 5ms/99.0%, 10ms/99.5%, 20ms/99.7%, 50ms/99.9%, 100ms/99.9%
[16.569s][info][gc,marking  ] GC(22) Mark: 8 stripe(s), 2 proactive flush(es), 1 terminate flush(es), 0 completion(s), 0 continuation(s) 
[16.569s][info][gc,marking  ] GC(22) Mark Stack Usage: 32M
[16.569s][info][gc,nmethod  ] GC(22) NMethods: 4634 registered, 724 unregistered
[16.569s][info][gc,metaspace] GC(22) Metaspace: 55M used, 55M committed, 1088M reserved
[16.569s][info][gc,ref      ] GC(22) Soft: 4649 encountered, 0 discovered, 0 enqueued
[16.569s][info][gc,ref      ] GC(22) Weak: 5209 encountered, 221 discovered, 0 enqueued
[16.569s][info][gc,ref      ] GC(22) Final: 60 encountered, 0 discovered, 0 enqueued
[16.569s][info][gc,ref      ] GC(22) Phantom: 604 encountered, 472 discovered, 0 enqueued
[16.569s][info][gc,reloc    ] GC(22) Small Pages: 193 / 386M, Empty: 154M, Relocated: 1M, In-Place: 0
[16.569s][info][gc,reloc    ] GC(22) Medium Pages: 1 / 32M, Empty: 0M, Relocated: 0M, In-Place: 0
[16.569s][info][gc,reloc    ] GC(22) Large Pages: 2 / 12M, Empty: 0M, Relocated: 0M, In-Place: 0
[16.569s][info][gc,reloc    ] GC(22) Forwarding Usage: 0M
[16.569s][info][gc,heap     ] GC(22) Min Capacity: 8M(1%)
[16.569s][info][gc,heap     ] GC(22) Max Capacity: 1024M(100%)
[16.569s][info][gc,heap     ] GC(22) Soft Max Capacity: 1024M(100%)
[16.569s][info][gc,heap     ] GC(22)                Mark Start          Mark End        Relocate Start      Relocate End           High               Low         
[16.569s][info][gc,heap     ] GC(22)  Capacity:     1024M (100%)       1024M (100%)       1024M (100%)       1024M (100%)       1024M (100%)       1024M (100%)   
[16.569s][info][gc,heap     ] GC(22)      Free:      594M (58%)         474M (46%)         618M (60%)         622M (61%)         624M (61%)         470M (46%)    
[16.570s][info][gc,heap     ] GC(22)      Used:      430M (42%)         550M (54%)         406M (40%)         402M (39%)         554M (54%)         400M (39%)    
[16.570s][info][gc,heap     ] GC(22)      Live:         -               204M (20%)         204M (20%)         204M (20%)            -                  -          
[16.570s][info][gc,heap     ] GC(22) Allocated:         -               120M (12%)         130M (13%)         135M (13%)            -                  -          
[16.570s][info][gc,heap     ] GC(22)   Garbage:         -               225M (22%)          71M (7%)           61M (6%)             -                  -          
[16.570s][info][gc,heap     ] GC(22) Reclaimed:         -                  -               154M (15%)         163M (16%)            -                  -          
[16.570s][info][gc          ] GC(22) Garbage Collection (Allocation Rate) 430M(42%)->402M(39%)
[16.608s][info][gc,start    ] GC(23) Garbage Collection (Allocation Rate)
[16.608s][info][gc,task     ] GC(23) Using 10 workers
[16.608s][info][gc,phases   ] GC(23) Pause Mark Start 0.013ms
[16.670s][info][gc,phases   ] GC(23) Concurrent Mark 62.129ms
[16.670s][info][gc,phases   ] GC(23) Pause Mark End 0.019ms
[16.670s][info][gc,phases   ] GC(23) Concurrent Mark Free 0.001ms
[16.672s][info][gc,phases   ] GC(23) Concurrent Process Non-Strong References 1.412ms
[16.672s][info][gc,phases   ] GC(23) Concurrent Reset Relocation Set 0.002ms
[16.676s][info][gc,phases   ] GC(23) Concurrent Select Relocation Set 3.645ms
[16.676s][info][gc,phases   ] GC(23) Pause Relocate Start 0.008ms
[16.678s][info][gc,phases   ] GC(23) Concurrent Relocate 2.524ms
[16.678s][info][gc,load     ] GC(23) Load: 0.00/0.00/0.00
[16.678s][info][gc,mmu      ] GC(23) MMU: 2ms/98.0%, 5ms/99.0%, 10ms/99.5%, 20ms/99.7%, 50ms/99.9%, 100ms/99.9%
[16.678s][info][gc,marking  ] GC(23) Mark: 8 stripe(s), 3 proactive flush(es), 1 terminate flush(es), 0 completion(s), 0 continuation(s) 
[16.678s][info][gc,marking  ] GC(23) Mark Stack Usage: 32M
[16.678s][info][gc,nmethod  ] GC(23) NMethods: 4635 registered, 725 unregistered
[16.678s][info][gc,metaspace] GC(23) Metaspace: 55M used, 55M committed, 1088M reserved
[16.678s][info][gc,ref      ] GC(23) Soft: 4649 encountered, 0 discovered, 0 enqueued
[16.678s][info][gc,ref      ] GC(23) Weak: 5209 encountered, 306 discovered, 0 enqueued
[16.679s][info][gc,ref      ] GC(23) Final: 60 encountered, 1 discovered, 0 enqueued
[16.679s][info][gc,ref      ] GC(23) Phantom: 604 encountered, 479 discovered, 0 enqueued
[16.679s][info][gc,reloc    ] GC(23) Small Pages: 215 / 430M, Empty: 198M, Relocated: 1M, In-Place: 0
[16.679s][info][gc,reloc    ] GC(23) Medium Pages: 1 / 32M, Empty: 0M, Relocated: 0M, In-Place: 0
[16.679s][info][gc,reloc    ] GC(23) Large Pages: 2 / 12M, Empty: 0M, Relocated: 0M, In-Place: 0
[16.679s][info][gc,reloc    ] GC(23) Forwarding Usage: 0M
[16.679s][info][gc,heap     ] GC(23) Min Capacity: 8M(1%)
[16.679s][info][gc,heap     ] GC(23) Max Capacity: 1024M(100%)
[16.679s][info][gc,heap     ] GC(23) Soft Max Capacity: 1024M(100%)
[16.679s][info][gc,heap     ] GC(23)                Mark Start          Mark End        Relocate Start      Relocate End           High               Low         
[16.679s][info][gc,heap     ] GC(23)  Capacity:     1024M (100%)       1024M (100%)       1024M (100%)       1024M (100%)       1024M (100%)       1024M (100%)   
[16.679s][info][gc,heap     ] GC(23)      Free:      550M (54%)         430M (42%)         618M (60%)         624M (61%)         626M (61%)         428M (42%)    
[16.679s][info][gc,heap     ] GC(23)      Used:      474M (46%)         594M (58%)         406M (40%)         400M (39%)         596M (58%)         398M (39%)    
[16.679s][info][gc,heap     ] GC(23)      Live:         -               204M (20%)         204M (20%)         204M (20%)            -                  -          
[16.679s][info][gc,heap     ] GC(23) Allocated:         -               120M (12%)         130M (13%)         133M (13%)            -                  -          
[16.679s][info][gc,heap     ] GC(23)   Garbage:         -               269M (26%)          71M (7%)           61M (6%)             -                  -          
[16.679s][info][gc,heap     ] GC(23) Reclaimed:         -                  -               198M (19%)         207M (20%)            -                  -          
[16.679s][info][gc          ] GC(23) Garbage Collection (Allocation Rate) 474M(46%)->400M(39%)
[16.701s][info][gc,start    ] GC(24) Garbage Collection (Allocation Rate)
[16.701s][info][gc,task     ] GC(24) Using 10 workers
[16.702s][info][gc,phases   ] GC(24) Pause Mark Start 0.013ms
[16.753s][info][gc,phases   ] GC(24) Concurrent Mark 51.856ms
[16.754s][info][gc,phases   ] GC(24) Pause Mark End 0.015ms
[16.754s][info][gc,phases   ] GC(24) Concurrent Mark Free 0.004ms
[16.755s][info][gc,phases   ] GC(24) Concurrent Process Non-Strong References 1.271ms
[16.755s][info][gc,phases   ] GC(24) Concurrent Reset Relocation Set 0.002ms
[16.758s][info][gc,phases   ] GC(24) Concurrent Select Relocation Set 2.575ms
[16.758s][info][gc,phases   ] GC(24) Pause Relocate Start 0.007ms
[16.760s][info][gc,phases   ] GC(24) Concurrent Relocate 1.753ms
[16.760s][info][gc,load     ] GC(24) Load: 0.00/0.00/0.00
[16.760s][info][gc,mmu      ] GC(24) MMU: 2ms/98.0%, 5ms/99.0%, 10ms/99.5%, 20ms/99.7%, 50ms/99.9%, 100ms/99.9%
[16.760s][info][gc,marking  ] GC(24) Mark: 8 stripe(s), 2 proactive flush(es), 1 terminate flush(es), 0 completion(s), 0 continuation(s) 
[16.760s][info][gc,marking  ] GC(24) Mark Stack Usage: 32M
[16.760s][info][gc,nmethod  ] GC(24) NMethods: 4719 registered, 725 unregistered
[16.760s][info][gc,metaspace] GC(24) Metaspace: 55M used, 56M committed, 1088M reserved
[16.760s][info][gc,ref      ] GC(24) Soft: 4649 encountered, 0 discovered, 0 enqueued
[16.760s][info][gc,ref      ] GC(24) Weak: 5208 encountered, 155 discovered, 0 enqueued
[16.760s][info][gc,ref      ] GC(24) Final: 60 encountered, 0 discovered, 0 enqueued
[16.760s][info][gc,ref      ] GC(24) Phantom: 604 encountered, 405 discovered, 0 enqueued
[16.760s][info][gc,reloc    ] GC(24) Small Pages: 199 / 398M, Empty: 170M, Relocated: 1M, In-Place: 0
[16.760s][info][gc,reloc    ] GC(24) Medium Pages: 1 / 32M, Empty: 0M, Relocated: 0M, In-Place: 0
[16.760s][info][gc,reloc    ] GC(24) Large Pages: 2 / 12M, Empty: 0M, Relocated: 0M, In-Place: 0
[16.760s][info][gc,reloc    ] GC(24) Forwarding Usage: 0M
[16.760s][info][gc,heap     ] GC(24) Min Capacity: 8M(1%)
[16.760s][info][gc,heap     ] GC(24) Max Capacity: 1024M(100%)
[16.760s][info][gc,heap     ] GC(24) Soft Max Capacity: 1024M(100%)
[16.760s][info][gc,heap     ] GC(24)                Mark Start          Mark End        Relocate Start      Relocate End           High               Low         
[16.760s][info][gc,heap     ] GC(24)  Capacity:     1024M (100%)       1024M (100%)       1024M (100%)       1024M (100%)       1024M (100%)       1024M (100%)   
[16.760s][info][gc,heap     ] GC(24)      Free:      582M (57%)         550M (54%)         720M (70%)         726M (71%)         726M (71%)         550M (54%)    
[16.760s][info][gc,heap     ] GC(24)      Used:      442M (43%)         474M (46%)         304M (30%)         298M (29%)         474M (46%)         298M (29%)    
[16.760s][info][gc,heap     ] GC(24)      Live:         -               204M (20%)         204M (20%)         204M (20%)            -                  -          
[16.760s][info][gc,heap     ] GC(24) Allocated:         -                32M (3%)           32M (3%)           31M (3%)             -                  -          
[16.760s][info][gc,heap     ] GC(24)   Garbage:         -               237M (23%)          67M (7%)           61M (6%)             -                  -          
[16.760s][info][gc,heap     ] GC(24) Reclaimed:         -                  -               170M (17%)         175M (17%)            -                  -          
[16.760s][info][gc          ] GC(24) Garbage Collection (Allocation Rate) 442M(43%)->298M(29%)
[16.885s][info][gc,start    ] GC(25) Garbage Collection (System.gc())
[16.885s][info][gc,task     ] GC(25) Using 10 workers
[16.885s][info][gc,phases   ] GC(25) Pause Mark Start 0.014ms
[16.945s][info][gc,phases   ] GC(25) Concurrent Mark 59.279ms
[16.945s][info][gc,phases   ] GC(25) Pause Mark End 0.020ms
[16.945s][info][gc,phases   ] GC(25) Concurrent Mark Free 0.001ms
[16.957s][info][gc,phases   ] GC(25) Concurrent Process Non-Strong References 12.360ms
[16.957s][info][gc,phases   ] GC(25) Concurrent Reset Relocation Set 0.002ms
[16.963s][info][gc,phases   ] GC(25) Concurrent Select Relocation Set 5.422ms
[16.963s][info][gc,phases   ] GC(25) Pause Relocate Start 0.011ms
[16.966s][info][gc,phases   ] GC(25) Concurrent Relocate 3.452ms
[16.966s][info][gc,load     ] GC(25) Load: 0.00/0.00/0.00
[16.966s][info][gc,mmu      ] GC(25) MMU: 2ms/98.0%, 5ms/99.0%, 10ms/99.5%, 20ms/99.7%, 50ms/99.9%, 100ms/99.9%
[16.967s][info][gc,marking  ] GC(25) Mark: 8 stripe(s), 2 proactive flush(es), 1 terminate flush(es), 0 completion(s), 0 continuation(s) 
[16.967s][info][gc,marking  ] GC(25) Mark Stack Usage: 32M
[16.967s][info][gc,nmethod  ] GC(25) NMethods: 4811 registered, 786 unregistered
[16.967s][info][gc,metaspace] GC(25) Metaspace: 56M used, 57M committed, 1088M reserved
[16.967s][info][gc,ref      ] GC(25) Soft: 4697 encountered, 0 discovered, 0 enqueued
[16.967s][info][gc,ref      ] GC(25) Weak: 5673 encountered, 686 discovered, 273 enqueued
[16.967s][info][gc,ref      ] GC(25) Final: 60 encountered, 3 discovered, 0 enqueued
[16.967s][info][gc,ref      ] GC(25) Phantom: 725 encountered, 504 discovered, 119 enqueued
[16.967s][info][gc,reloc    ] GC(25) Small Pages: 128 / 256M, Empty: 16M, Relocated: 3M, In-Place: 0
[16.967s][info][gc,reloc    ] GC(25) Medium Pages: 1 / 32M, Empty: 0M, Relocated: 0M, In-Place: 0
[16.967s][info][gc,reloc    ] GC(25) Large Pages: 3 / 18M, Empty: 6M, Relocated: 0M, In-Place: 0
[16.967s][info][gc,reloc    ] GC(25) Forwarding Usage: 1M
[16.967s][info][gc,heap     ] GC(25) Min Capacity: 8M(1%)
[16.967s][info][gc,heap     ] GC(25) Max Capacity: 1024M(100%)
[16.967s][info][gc,heap     ] GC(25) Soft Max Capacity: 1024M(100%)
[16.967s][info][gc,heap     ] GC(25)                Mark Start          Mark End        Relocate Start      Relocate End           High               Low         
[16.967s][info][gc,heap     ] GC(25)  Capacity:     1024M (100%)       1024M (100%)       1024M (100%)       1024M (100%)       1024M (100%)       1024M (100%)   
[16.967s][info][gc,heap     ] GC(25)      Free:      718M (70%)         716M (70%)         736M (72%)         754M (74%)         754M (74%)         714M (70%)    
[16.967s][info][gc,heap     ] GC(25)      Used:      306M (30%)         308M (30%)         288M (28%)         270M (26%)         310M (30%)         270M (26%)    
[16.967s][info][gc,heap     ] GC(25)      Live:         -               204M (20%)         204M (20%)         204M (20%)            -                  -          
[16.967s][info][gc,heap     ] GC(25) Allocated:         -                 2M (0%)            4M (0%)            5M (1%)             -                  -          
[16.967s][info][gc,heap     ] GC(25)   Garbage:         -               101M (10%)          79M (8%)           59M (6%)             -                  -          
[16.967s][info][gc,heap     ] GC(25) Reclaimed:         -                  -                22M (2%)           41M (4%)             -                  -          
[16.967s][info][gc          ] GC(25) Garbage Collection (System.gc()) 306M(30%)->270M(26%)
[17.007s][info][gc,start    ] GC(26) Garbage Collection (Allocation Rate)
[17.007s][info][gc,task     ] GC(26) Using 10 workers
[17.007s][info][gc,phases   ] GC(26) Pause Mark Start 0.015ms
[17.085s][info][gc,phases   ] GC(26) Concurrent Mark 77.687ms
[17.085s][info][gc,phases   ] GC(26) Pause Mark End 0.024ms
[17.085s][info][gc,phases   ] GC(26) Concurrent Mark Free 0.001ms
[17.088s][info][gc,phases   ] GC(26) Concurrent Process Non-Strong References 2.171ms
[17.088s][info][gc,phases   ] GC(26) Concurrent Reset Relocation Set 0.004ms
[17.093s][info][gc,phases   ] GC(26) Concurrent Select Relocation Set 5.074ms
[17.093s][info][gc,phases   ] GC(26) Pause Relocate Start 0.011ms
[17.097s][info][gc,phases   ] GC(26) Concurrent Relocate 3.753ms
[17.097s][info][gc,load     ] GC(26) Load: 0.00/0.00/0.00
[17.097s][info][gc,mmu      ] GC(26) MMU: 2ms/98.0%, 5ms/99.0%, 10ms/99.5%, 20ms/99.7%, 50ms/99.9%, 100ms/99.9%
[17.097s][info][gc,marking  ] GC(26) Mark: 8 stripe(s), 2 proactive flush(es), 2 terminate flush(es), 0 completion(s), 0 continuation(s) 
[17.097s][info][gc,marking  ] GC(26) Mark Stack Usage: 32M
[17.097s][info][gc,nmethod  ] GC(26) NMethods: 4973 registered, 8 unregistered
[17.097s][info][gc,metaspace] GC(26) Metaspace: 56M used, 57M committed, 1088M reserved
[17.097s][info][gc,ref      ] GC(26) Soft: 4698 encountered, 0 discovered, 0 enqueued
[17.097s][info][gc,ref      ] GC(26) Weak: 5516 encountered, 180 discovered, 15 enqueued
[17.097s][info][gc,ref      ] GC(26) Final: 60 encountered, 0 discovered, 0 enqueued
[17.097s][info][gc,ref      ] GC(26) Phantom: 616 encountered, 479 discovered, 10 enqueued
[17.097s][info][gc,reloc    ] GC(26) Small Pages: 116 / 232M, Empty: 0M, Relocated: 3M, In-Place: 0
[17.097s][info][gc,reloc    ] GC(26) Medium Pages: 2 / 64M, Empty: 32M, Relocated: 0M, In-Place: 0
[17.097s][info][gc,reloc    ] GC(26) Large Pages: 3 / 18M, Empty: 0M, Relocated: 0M, In-Place: 0
[17.097s][info][gc,reloc    ] GC(26) Forwarding Usage: 1M
[17.097s][info][gc,heap     ] GC(26) Min Capacity: 8M(1%)
[17.097s][info][gc,heap     ] GC(26) Max Capacity: 1024M(100%)
[17.097s][info][gc,heap     ] GC(26) Soft Max Capacity: 1024M(100%)
[17.097s][info][gc,heap     ] GC(26)                Mark Start          Mark End        Relocate Start      Relocate End           High               Low         
[17.097s][info][gc,heap     ] GC(26)  Capacity:     1024M (100%)       1024M (100%)       1024M (100%)       1024M (100%)       1024M (100%)       1024M (100%)   
[17.097s][info][gc,heap     ] GC(26)      Free:      710M (69%)         658M (64%)         686M (67%)         698M (68%)         710M (69%)         656M (64%)    
[17.097s][info][gc,heap     ] GC(26)      Used:      314M (31%)         366M (36%)         338M (33%)         326M (32%)         368M (36%)         314M (31%)    
[17.097s][info][gc,heap     ] GC(26)      Live:         -               210M (21%)         210M (21%)         210M (21%)            -                  -          
[17.097s][info][gc,heap     ] GC(26) Allocated:         -                52M (5%)           56M (5%)           55M (5%)             -                  -          
[17.097s][info][gc,heap     ] GC(26)   Garbage:         -               103M (10%)          71M (7%)           59M (6%)             -                  -          
[17.098s][info][gc,heap     ] GC(26) Reclaimed:         -                  -                32M (3%)           43M (4%)             -                  -          
[17.098s][info][gc          ] GC(26) Garbage Collection (Allocation Rate) 314M(31%)->326M(32%)
[17.101s][info][gc,start    ] GC(27) Garbage Collection (Allocation Rate)
[17.101s][info][gc,task     ] GC(27) Using 10 workers
[17.101s][info][gc,phases   ] GC(27) Pause Mark Start 0.011ms
[17.163s][info][gc,phases   ] GC(27) Concurrent Mark 62.200ms
[17.163s][info][gc,phases   ] GC(27) Pause Mark End 0.017ms
[17.163s][info][gc,phases   ] GC(27) Concurrent Mark Free 0.001ms
[17.165s][info][gc,phases   ] GC(27) Concurrent Process Non-Strong References 1.578ms
[17.165s][info][gc,phases   ] GC(27) Concurrent Reset Relocation Set 0.002ms
[17.169s][info][gc,phases   ] GC(27) Concurrent Select Relocation Set 4.041ms
[17.169s][info][gc,phases   ] GC(27) Pause Relocate Start 0.006ms
[17.172s][info][gc,phases   ] GC(27) Concurrent Relocate 2.283ms
[17.172s][info][gc,load     ] GC(27) Load: 0.00/0.00/0.00
[17.172s][info][gc,mmu      ] GC(27) MMU: 2ms/98.0%, 5ms/99.0%, 10ms/99.5%, 20ms/99.7%, 50ms/99.9%, 100ms/99.9%
[17.172s][info][gc,marking  ] GC(27) Mark: 8 stripe(s), 2 proactive flush(es), 1 terminate flush(es), 0 completion(s), 0 continuation(s) 
[17.172s][info][gc,marking  ] GC(27) Mark Stack Usage: 32M
[17.172s][info][gc,nmethod  ] GC(27) NMethods: 4976 registered, 24 unregistered
[17.172s][info][gc,metaspace] GC(27) Metaspace: 56M used, 57M committed, 1088M reserved
[17.172s][info][gc,ref      ] GC(27) Soft: 4700 encountered, 0 discovered, 0 enqueued
[17.172s][info][gc,ref      ] GC(27) Weak: 5571 encountered, 346 discovered, 71 enqueued
[17.172s][info][gc,ref      ] GC(27) Final: 60 encountered, 0 discovered, 0 enqueued
[17.172s][info][gc,ref      ] GC(27) Phantom: 606 encountered, 512 discovered, 0 enqueued
[17.172s][info][gc,reloc    ] GC(27) Small Pages: 120 / 240M, Empty: 0M, Relocated: 3M, In-Place: 0
[17.172s][info][gc,reloc    ] GC(27) Medium Pages: 2 / 64M, Empty: 32M, Relocated: 0M, In-Place: 0
[17.172s][info][gc,reloc    ] GC(27) Large Pages: 4 / 24M, Empty: 12M, Relocated: 0M, In-Place: 0
[17.172s][info][gc,reloc    ] GC(27) Forwarding Usage: 1M
[17.172s][info][gc,heap     ] GC(27) Min Capacity: 8M(1%)
[17.172s][info][gc,heap     ] GC(27) Max Capacity: 1024M(100%)
[17.172s][info][gc,heap     ] GC(27) Soft Max Capacity: 1024M(100%)
[17.172s][info][gc,heap     ] GC(27)                Mark Start          Mark End        Relocate Start      Relocate End           High               Low         
[17.172s][info][gc,heap     ] GC(27)  Capacity:     1024M (100%)       1024M (100%)       1024M (100%)       1024M (100%)       1024M (100%)       1024M (100%)   
[17.172s][info][gc,heap     ] GC(27)      Free:      696M (68%)         584M (57%)         606M (59%)         622M (61%)         696M (68%)         568M (55%)    
[17.172s][info][gc,heap     ] GC(27)      Used:      328M (32%)         440M (43%)         418M (41%)         402M (39%)         456M (45%)         328M (32%)    
[17.172s][info][gc,heap     ] GC(27)      Live:         -               204M (20%)         204M (20%)         204M (20%)            -                  -          
[17.172s][info][gc,heap     ] GC(27) Allocated:         -               112M (11%)         134M (13%)         137M (13%)            -                  -          
[17.172s][info][gc,heap     ] GC(27)   Garbage:         -               123M (12%)          79M (8%)           59M (6%)             -                  -          
[17.172s][info][gc,heap     ] GC(27) Reclaimed:         -                  -                44M (4%)           63M (6%)             -                  -          
[17.172s][info][gc          ] GC(27) Garbage Collection (Allocation Rate) 328M(32%)->402M(39%)
[17.195s][info][gc,start    ] GC(28) Garbage Collection (Allocation Rate)
[17.195s][info][gc,task     ] GC(28) Using 10 workers
[17.195s][info][gc,phases   ] GC(28) Pause Mark Start 0.010ms
[17.257s][info][gc,phases   ] GC(28) Concurrent Mark 62.173ms
[17.257s][info][gc,phases   ] GC(28) Pause Mark End 0.020ms
[17.257s][info][gc,phases   ] GC(28) Concurrent Mark Free 0.001ms
[17.259s][info][gc,phases   ] GC(28) Concurrent Process Non-Strong References 1.599ms
[17.259s][info][gc,phases   ] GC(28) Concurrent Reset Relocation Set 0.003ms
[17.263s][info][gc,phases   ] GC(28) Concurrent Select Relocation Set 3.649ms
[17.263s][info][gc,phases   ] GC(28) Pause Relocate Start 0.008ms
[17.265s][info][gc,phases   ] GC(28) Concurrent Relocate 2.399ms
[17.265s][info][gc,load     ] GC(28) Load: 0.00/0.00/0.00
[17.265s][info][gc,mmu      ] GC(28) MMU: 2ms/98.0%, 5ms/99.0%, 10ms/99.5%, 20ms/99.7%, 50ms/99.9%, 100ms/99.9%
[17.265s][info][gc,marking  ] GC(28) Mark: 8 stripe(s), 2 proactive flush(es), 1 terminate flush(es), 0 completion(s), 0 continuation(s) 
[17.265s][info][gc,marking  ] GC(28) Mark Stack Usage: 32M
[17.265s][info][gc,nmethod  ] GC(28) NMethods: 4973 registered, 27 unregistered
[17.265s][info][gc,metaspace] GC(28) Metaspace: 56M used, 57M committed, 1088M reserved
[17.265s][info][gc,ref      ] GC(28) Soft: 4700 encountered, 0 discovered, 0 enqueued
[17.265s][info][gc,ref      ] GC(28) Weak: 5508 encountered, 199 discovered, 14 enqueued
[17.265s][info][gc,ref      ] GC(28) Final: 60 encountered, 0 discovered, 0 enqueued
[17.265s][info][gc,ref      ] GC(28) Phantom: 606 encountered, 482 discovered, 0 enqueued
[17.266s][info][gc,reloc    ] GC(28) Small Pages: 202 / 404M, Empty: 154M, Relocated: 3M, In-Place: 0
[17.266s][info][gc,reloc    ] GC(28) Medium Pages: 1 / 32M, Empty: 0M, Relocated: 0M, In-Place: 0
[17.266s][info][gc,reloc    ] GC(28) Large Pages: 2 / 12M, Empty: 0M, Relocated: 0M, In-Place: 0
[17.266s][info][gc,reloc    ] GC(28) Forwarding Usage: 1M
[17.266s][info][gc,heap     ] GC(28) Min Capacity: 8M(1%)
[17.266s][info][gc,heap     ] GC(28) Max Capacity: 1024M(100%)
[17.266s][info][gc,heap     ] GC(28) Soft Max Capacity: 1024M(100%)
[17.266s][info][gc,heap     ] GC(28)                Mark Start          Mark End        Relocate Start      Relocate End           High               Low         
[17.266s][info][gc,heap     ] GC(28)  Capacity:     1024M (100%)       1024M (100%)       1024M (100%)       1024M (100%)       1024M (100%)       1024M (100%)   
[17.266s][info][gc,heap     ] GC(28)      Free:      576M (56%)         444M (43%)         588M (57%)         612M (60%)         612M (60%)         440M (43%)    
[17.266s][info][gc,heap     ] GC(28)      Used:      448M (44%)         580M (57%)         436M (43%)         412M (40%)         584M (57%)         412M (40%)    
[17.266s][info][gc,heap     ] GC(28)      Live:         -               204M (20%)         204M (20%)         204M (20%)            -                  -          
[17.266s][info][gc,heap     ] GC(28) Allocated:         -               132M (13%)         142M (14%)         147M (14%)            -                  -          
[17.266s][info][gc,heap     ] GC(28)   Garbage:         -               243M (24%)          89M (9%)           59M (6%)             -                  -          
[17.266s][info][gc,heap     ] GC(28) Reclaimed:         -                  -               154M (15%)         183M (18%)            -                  -          
[17.266s][info][gc          ] GC(28) Garbage Collection (Allocation Rate) 448M(44%)->412M(40%)
[17.304s][info][gc,start    ] GC(29) Garbage Collection (Allocation Rate)
[17.304s][info][gc,task     ] GC(29) Using 10 workers
[17.304s][info][gc,phases   ] GC(29) Pause Mark Start 0.017ms
[17.366s][info][gc,phases   ] GC(29) Concurrent Mark 62.081ms
[17.367s][info][gc,phases   ] GC(29) Pause Mark End 0.018ms
[17.367s][info][gc,phases   ] GC(29) Concurrent Mark Free 0.002ms
[17.368s][info][gc,phases   ] GC(29) Concurrent Process Non-Strong References 1.598ms
[17.368s][info][gc,phases   ] GC(29) Concurrent Reset Relocation Set 0.003ms
[17.372s][info][gc,phases   ] GC(29) Concurrent Select Relocation Set 3.773ms
[17.372s][info][gc,phases   ] GC(29) Pause Relocate Start 0.009ms
[17.375s][info][gc,phases   ] GC(29) Concurrent Relocate 2.239ms
[17.375s][info][gc,load     ] GC(29) Load: 0.00/0.00/0.00
[17.375s][info][gc,mmu      ] GC(29) MMU: 2ms/98.0%, 5ms/99.0%, 10ms/99.5%, 20ms/99.7%, 50ms/99.9%, 100ms/99.9%
[17.375s][info][gc,marking  ] GC(29) Mark: 8 stripe(s), 2 proactive flush(es), 1 terminate flush(es), 0 completion(s), 0 continuation(s) 
[17.375s][info][gc,marking  ] GC(29) Mark Stack Usage: 32M
[17.375s][info][gc,nmethod  ] GC(29) NMethods: 4973 registered, 27 unregistered
[17.375s][info][gc,metaspace] GC(29) Metaspace: 56M used, 57M committed, 1088M reserved
[17.375s][info][gc,ref      ] GC(29) Soft: 4700 encountered, 0 discovered, 0 enqueued
[17.375s][info][gc,ref      ] GC(29) Weak: 5494 encountered, 165 discovered, 0 enqueued
[17.375s][info][gc,ref      ] GC(29) Final: 60 encountered, 0 discovered, 0 enqueued
[17.375s][info][gc,ref      ] GC(29) Phantom: 606 encountered, 392 discovered, 0 enqueued
[17.375s][info][gc,reloc    ] GC(29) Small Pages: 234 / 468M, Empty: 234M, Relocated: 3M, In-Place: 0
[17.375s][info][gc,reloc    ] GC(29) Medium Pages: 1 / 32M, Empty: 0M, Relocated: 0M, In-Place: 0
[17.375s][info][gc,reloc    ] GC(29) Large Pages: 2 / 12M, Empty: 0M, Relocated: 0M, In-Place: 0
[17.375s][info][gc,reloc    ] GC(29) Forwarding Usage: 1M
[17.375s][info][gc,heap     ] GC(29) Min Capacity: 8M(1%)
[17.375s][info][gc,heap     ] GC(29) Max Capacity: 1024M(100%)
[17.375s][info][gc,heap     ] GC(29) Soft Max Capacity: 1024M(100%)
[17.375s][info][gc,heap     ] GC(29)                Mark Start          Mark End        Relocate Start      Relocate End           High               Low         
[17.375s][info][gc,heap     ] GC(29)  Capacity:     1024M (100%)       1024M (100%)       1024M (100%)       1024M (100%)       1024M (100%)       1024M (100%)   
[17.375s][info][gc,heap     ] GC(29)      Free:      512M (50%)         348M (34%)         566M (55%)         574M (56%)         574M (56%)         342M (33%)    
[17.375s][info][gc,heap     ] GC(29)      Used:      512M (50%)         676M (66%)         458M (45%)         450M (44%)         682M (67%)         450M (44%)    
[17.375s][info][gc,heap     ] GC(29)      Live:         -               204M (20%)         204M (20%)         204M (20%)            -                  -          
[17.375s][info][gc,heap     ] GC(29) Allocated:         -               164M (16%)         180M (18%)         185M (18%)            -                  -          
[17.375s][info][gc,heap     ] GC(29)   Garbage:         -               307M (30%)          73M (7%)           59M (6%)             -                  -          
[17.375s][info][gc,heap     ] GC(29) Reclaimed:         -                  -               234M (23%)         247M (24%)            -                  -          
[17.375s][info][gc          ] GC(29) Garbage Collection (Allocation Rate) 512M(50%)->450M(44%)
[17.398s][info][gc,start    ] GC(30) Garbage Collection (Allocation Rate)
[17.398s][info][gc,task     ] GC(30) Using 10 workers
[17.398s][info][gc,phases   ] GC(30) Pause Mark Start 0.016ms
[17.466s][info][gc,phases   ] GC(30) Concurrent Mark 67.712ms
[17.466s][info][gc,phases   ] GC(30) Pause Mark End 0.021ms
[17.466s][info][gc,phases   ] GC(30) Concurrent Mark Free 0.001ms
[17.468s][info][gc,phases   ] GC(30) Concurrent Process Non-Strong References 1.776ms
[17.468s][info][gc,phases   ] GC(30) Concurrent Reset Relocation Set 0.002ms
[17.471s][info][gc,phases   ] GC(30) Concurrent Select Relocation Set 3.638ms
[17.472s][info][gc,phases   ] GC(30) Pause Relocate Start 0.008ms
[17.474s][info][gc,phases   ] GC(30) Concurrent Relocate 2.705ms
[17.474s][info][gc,load     ] GC(30) Load: 0.00/0.00/0.00
[17.474s][info][gc,mmu      ] GC(30) MMU: 2ms/98.0%, 5ms/99.0%, 10ms/99.5%, 20ms/99.7%, 50ms/99.9%, 100ms/99.9%
[17.474s][info][gc,marking  ] GC(30) Mark: 8 stripe(s), 3 proactive flush(es), 1 terminate flush(es), 0 completion(s), 0 continuation(s) 
[17.474s][info][gc,marking  ] GC(30) Mark Stack Usage: 32M
[17.475s][info][gc,nmethod  ] GC(30) NMethods: 4973 registered, 28 unregistered
[17.475s][info][gc,metaspace] GC(30) Metaspace: 56M used, 57M committed, 1088M reserved
[17.475s][info][gc,ref      ] GC(30) Soft: 4700 encountered, 0 discovered, 0 enqueued
[17.475s][info][gc,ref      ] GC(30) Weak: 5494 encountered, 232 discovered, 0 enqueued
[17.475s][info][gc,ref      ] GC(30) Final: 60 encountered, 1 discovered, 0 enqueued
[17.475s][info][gc,ref      ] GC(30) Phantom: 606 encountered, 394 discovered, 0 enqueued
[17.475s][info][gc,reloc    ] GC(30) Small Pages: 228 / 456M, Empty: 220M, Relocated: 3M, In-Place: 0
[17.475s][info][gc,reloc    ] GC(30) Medium Pages: 1 / 32M, Empty: 0M, Relocated: 0M, In-Place: 0
[17.475s][info][gc,reloc    ] GC(30) Large Pages: 2 / 12M, Empty: 0M, Relocated: 0M, In-Place: 0
[17.475s][info][gc,reloc    ] GC(30) Forwarding Usage: 1M
[17.475s][info][gc,heap     ] GC(30) Min Capacity: 8M(1%)
[17.475s][info][gc,heap     ] GC(30) Max Capacity: 1024M(100%)
[17.475s][info][gc,heap     ] GC(30) Soft Max Capacity: 1024M(100%)
[17.475s][info][gc,heap     ] GC(30)                Mark Start          Mark End        Relocate Start      Relocate End           High               Low         
[17.475s][info][gc,heap     ] GC(30)  Capacity:     1024M (100%)       1024M (100%)       1024M (100%)       1024M (100%)       1024M (100%)       1024M (100%)   
[17.475s][info][gc,heap     ] GC(30)      Free:      524M (51%)         356M (35%)         560M (55%)         570M (56%)         570M (56%)         350M (34%)    
[17.475s][info][gc,heap     ] GC(30)      Used:      500M (49%)         668M (65%)         464M (45%)         454M (44%)         674M (66%)         454M (44%)    
[17.475s][info][gc,heap     ] GC(30)      Live:         -               204M (20%)         204M (20%)         204M (20%)            -                  -          
[17.475s][info][gc,heap     ] GC(30) Allocated:         -               168M (16%)         184M (18%)         189M (19%)            -                  -          
[17.475s][info][gc,heap     ] GC(30)   Garbage:         -               295M (29%)          75M (7%)           59M (6%)             -                  -          
[17.475s][info][gc,heap     ] GC(30) Reclaimed:         -                  -               220M (21%)         235M (23%)            -                  -          
[17.475s][info][gc          ] GC(30) Garbage Collection (Allocation Rate) 500M(49%)->454M(44%)
[17.497s][info][gc,start    ] GC(31) Garbage Collection (Allocation Rate)
[17.497s][info][gc,task     ] GC(31) Using 10 workers
[17.497s][info][gc,phases   ] GC(31) Pause Mark Start 0.013ms
[17.559s][info][gc,phases   ] GC(31) Concurrent Mark 62.207ms
[17.560s][info][gc,phases   ] GC(31) Pause Mark End 0.016ms
[17.560s][info][gc,phases   ] GC(31) Concurrent Mark Free 0.001ms
[17.561s][info][gc,phases   ] GC(31) Concurrent Process Non-Strong References 1.500ms
[17.561s][info][gc,phases   ] GC(31) Concurrent Reset Relocation Set 0.002ms
[17.564s][info][gc,phases   ] GC(31) Concurrent Select Relocation Set 2.379ms
[17.564s][info][gc,phases   ] GC(31) Pause Relocate Start 0.008ms
[17.566s][info][gc,phases   ] GC(31) Concurrent Relocate 2.244ms
[17.566s][info][gc,load     ] GC(31) Load: 0.00/0.00/0.00
[17.566s][info][gc,mmu      ] GC(31) MMU: 2ms/98.0%, 5ms/99.0%, 10ms/99.5%, 20ms/99.7%, 50ms/99.9%, 100ms/99.9%
[17.566s][info][gc,marking  ] GC(31) Mark: 8 stripe(s), 3 proactive flush(es), 1 terminate flush(es), 0 completion(s), 0 continuation(s) 
[17.566s][info][gc,marking  ] GC(31) Mark Stack Usage: 32M
[17.566s][info][gc,nmethod  ] GC(31) NMethods: 4973 registered, 28 unregistered
[17.566s][info][gc,metaspace] GC(31) Metaspace: 56M used, 57M committed, 1088M reserved
[17.566s][info][gc,ref      ] GC(31) Soft: 4700 encountered, 0 discovered, 0 enqueued
[17.566s][info][gc,ref      ] GC(31) Weak: 5494 encountered, 285 discovered, 0 enqueued
[17.566s][info][gc,ref      ] GC(31) Final: 60 encountered, 0 discovered, 0 enqueued
[17.566s][info][gc,ref      ] GC(31) Phantom: 606 encountered, 474 discovered, 0 enqueued
[17.566s][info][gc,reloc    ] GC(31) Small Pages: 236 / 472M, Empty: 242M, Relocated: 3M, In-Place: 0
[17.566s][info][gc,reloc    ] GC(31) Medium Pages: 1 / 32M, Empty: 0M, Relocated: 0M, In-Place: 0
[17.566s][info][gc,reloc    ] GC(31) Large Pages: 2 / 12M, Empty: 0M, Relocated: 0M, In-Place: 0
[17.566s][info][gc,reloc    ] GC(31) Forwarding Usage: 1M
[17.566s][info][gc,heap     ] GC(31) Min Capacity: 8M(1%)
[17.566s][info][gc,heap     ] GC(31) Max Capacity: 1024M(100%)
[17.566s][info][gc,heap     ] GC(31) Soft Max Capacity: 1024M(100%)
[17.566s][info][gc,heap     ] GC(31)                Mark Start          Mark End        Relocate Start      Relocate End           High               Low         
[17.566s][info][gc,heap     ] GC(31)  Capacity:     1024M (100%)       1024M (100%)       1024M (100%)       1024M (100%)       1024M (100%)       1024M (100%)   
[17.566s][info][gc,heap     ] GC(31)      Free:      508M (50%)         360M (35%)         592M (58%)         598M (58%)         598M (58%)         356M (35%)    
[17.566s][info][gc,heap     ] GC(31)      Used:      516M (50%)         664M (65%)         432M (42%)         426M (42%)         668M (65%)         426M (42%)    
[17.566s][info][gc,heap     ] GC(31)      Live:         -               204M (20%)         204M (20%)         204M (20%)            -                  -          
[17.566s][info][gc,heap     ] GC(31) Allocated:         -               148M (14%)         158M (15%)         161M (16%)            -                  -          
[17.566s][info][gc,heap     ] GC(31)   Garbage:         -               311M (30%)          69M (7%)           59M (6%)             -                  -          
[17.566s][info][gc,heap     ] GC(31) Reclaimed:         -                  -               242M (24%)         251M (25%)            -                  -          
[17.566s][info][gc          ] GC(31) Garbage Collection (Allocation Rate) 516M(50%)->426M(42%)
[17.606s][info][gc,start    ] GC(32) Garbage Collection (Allocation Rate)
[17.606s][info][gc,task     ] GC(32) Using 10 workers
[17.607s][info][gc,phases   ] GC(32) Pause Mark Start 0.010ms
[17.669s][info][gc,phases   ] GC(32) Concurrent Mark 62.169ms
[17.669s][info][gc,phases   ] GC(32) Pause Mark End 0.020ms
[17.669s][info][gc,phases   ] GC(32) Concurrent Mark Free 0.001ms
[17.671s][info][gc,phases   ] GC(32) Concurrent Process Non-Strong References 1.527ms
[17.671s][info][gc,phases   ] GC(32) Concurrent Reset Relocation Set 0.002ms
[17.674s][info][gc,phases   ] GC(32) Concurrent Select Relocation Set 3.611ms
[17.674s][info][gc,phases   ] GC(32) Pause Relocate Start 0.008ms
[17.677s][info][gc,phases   ] GC(32) Concurrent Relocate 2.420ms
[17.677s][info][gc,load     ] GC(32) Load: 0.00/0.00/0.00
[17.677s][info][gc,mmu      ] GC(32) MMU: 2ms/98.0%, 5ms/99.0%, 10ms/99.5%, 20ms/99.7%, 50ms/99.9%, 100ms/99.9%
[17.677s][info][gc,marking  ] GC(32) Mark: 8 stripe(s), 2 proactive flush(es), 1 terminate flush(es), 0 completion(s), 0 continuation(s) 
[17.677s][info][gc,marking  ] GC(32) Mark Stack Usage: 32M
[17.677s][info][gc,nmethod  ] GC(32) NMethods: 4973 registered, 28 unregistered
[17.677s][info][gc,metaspace] GC(32) Metaspace: 56M used, 57M committed, 1088M reserved
[17.677s][info][gc,ref      ] GC(32) Soft: 4700 encountered, 0 discovered, 0 enqueued
[17.677s][info][gc,ref      ] GC(32) Weak: 5494 encountered, 178 discovered, 0 enqueued
[17.677s][info][gc,ref      ] GC(32) Final: 60 encountered, 0 discovered, 0 enqueued
[17.677s][info][gc,ref      ] GC(32) Phantom: 606 encountered, 373 discovered, 0 enqueued
[17.677s][info][gc,reloc    ] GC(32) Small Pages: 237 / 474M, Empty: 242M, Relocated: 3M, In-Place: 0
[17.677s][info][gc,reloc    ] GC(32) Medium Pages: 1 / 32M, Empty: 0M, Relocated: 0M, In-Place: 0
[17.677s][info][gc,reloc    ] GC(32) Large Pages: 2 / 12M, Empty: 0M, Relocated: 0M, In-Place: 0
[17.677s][info][gc,reloc    ] GC(32) Forwarding Usage: 1M
[17.677s][info][gc,heap     ] GC(32) Min Capacity: 8M(1%)
[17.677s][info][gc,heap     ] GC(32) Max Capacity: 1024M(100%)
[17.677s][info][gc,heap     ] GC(32) Soft Max Capacity: 1024M(100%)
[17.677s][info][gc,heap     ] GC(32)                Mark Start          Mark End        Relocate Start      Relocate End           High               Low         
[17.677s][info][gc,heap     ] GC(32)  Capacity:     1024M (100%)       1024M (100%)       1024M (100%)       1024M (100%)       1024M (100%)       1024M (100%)   
[17.677s][info][gc,heap     ] GC(32)      Free:      506M (49%)         356M (35%)         586M (57%)         594M (58%)         594M (58%)         352M (34%)    
[17.677s][info][gc,heap     ] GC(32)      Used:      518M (51%)         668M (65%)         438M (43%)         430M (42%)         672M (66%)         430M (42%)    
[17.677s][info][gc,heap     ] GC(32)      Live:         -               204M (20%)         204M (20%)         204M (20%)            -                  -          
[17.678s][info][gc,heap     ] GC(32) Allocated:         -               150M (15%)         162M (16%)         165M (16%)            -                  -          
[17.678s][info][gc,heap     ] GC(32)   Garbage:         -               313M (31%)          71M (7%)           59M (6%)             -                  -          
[17.678s][info][gc,heap     ] GC(32) Reclaimed:         -                  -               242M (24%)         253M (25%)            -                  -          
[17.678s][info][gc          ] GC(32) Garbage Collection (Allocation Rate) 518M(51%)->430M(42%)
[17.794s][info][gc,start    ] GC(33) Garbage Collection (Allocation Rate)
[17.794s][info][gc,task     ] GC(33) Using 8 workers
[17.794s][info][gc,phases   ] GC(33) Pause Mark Start 0.014ms
[17.856s][info][gc,phases   ] GC(33) Concurrent Mark 62.145ms
[17.856s][info][gc,phases   ] GC(33) Pause Mark End 0.029ms
[17.856s][info][gc,phases   ] GC(33) Concurrent Mark Free 0.001ms
[17.858s][info][gc,phases   ] GC(33) Concurrent Process Non-Strong References 1.744ms
[17.858s][info][gc,phases   ] GC(33) Concurrent Reset Relocation Set 0.003ms
[17.862s][info][gc,phases   ] GC(33) Concurrent Select Relocation Set 3.593ms
[17.862s][info][gc,phases   ] GC(33) Pause Relocate Start 0.007ms
[17.864s][info][gc,phases   ] GC(33) Concurrent Relocate 2.323ms
[17.864s][info][gc,load     ] GC(33) Load: 0.00/0.00/0.00
[17.864s][info][gc,mmu      ] GC(33) MMU: 2ms/98.0%, 5ms/99.0%, 10ms/99.5%, 20ms/99.7%, 50ms/99.9%, 100ms/99.9%
[17.864s][info][gc,marking  ] GC(33) Mark: 8 stripe(s), 2 proactive flush(es), 1 terminate flush(es), 0 completion(s), 0 continuation(s) 
[17.865s][info][gc,marking  ] GC(33) Mark Stack Usage: 32M
[17.865s][info][gc,nmethod  ] GC(33) NMethods: 4973 registered, 28 unregistered
[17.865s][info][gc,metaspace] GC(33) Metaspace: 56M used, 57M committed, 1088M reserved
[17.865s][info][gc,ref      ] GC(33) Soft: 4700 encountered, 0 discovered, 0 enqueued
[17.865s][info][gc,ref      ] GC(33) Weak: 5494 encountered, 160 discovered, 0 enqueued
[17.865s][info][gc,ref      ] GC(33) Final: 60 encountered, 0 discovered, 0 enqueued
[17.865s][info][gc,ref      ] GC(33) Phantom: 606 encountered, 323 discovered, 0 enqueued
[17.865s][info][gc,reloc    ] GC(33) Small Pages: 279 / 558M, Empty: 324M, Relocated: 3M, In-Place: 0
[17.865s][info][gc,reloc    ] GC(33) Medium Pages: 1 / 32M, Empty: 0M, Relocated: 0M, In-Place: 0
[17.865s][info][gc,reloc    ] GC(33) Large Pages: 2 / 12M, Empty: 0M, Relocated: 0M, In-Place: 0
[17.865s][info][gc,reloc    ] GC(33) Forwarding Usage: 1M
[17.865s][info][gc,heap     ] GC(33) Min Capacity: 8M(1%)
[17.865s][info][gc,heap     ] GC(33) Max Capacity: 1024M(100%)
[17.865s][info][gc,heap     ] GC(33) Soft Max Capacity: 1024M(100%)
[17.865s][info][gc,heap     ] GC(33)                Mark Start          Mark End        Relocate Start      Relocate End           High               Low         
[17.865s][info][gc,heap     ] GC(33)  Capacity:     1024M (100%)       1024M (100%)       1024M (100%)       1024M (100%)       1024M (100%)       1024M (100%)   
[17.865s][info][gc,heap     ] GC(33)      Free:      422M (41%)         326M (32%)         640M (63%)         652M (64%)         652M (64%)         322M (31%)    
[17.865s][info][gc,heap     ] GC(33)      Used:      602M (59%)         698M (68%)         384M (38%)         372M (36%)         702M (69%)         372M (36%)    
[17.865s][info][gc,heap     ] GC(33)      Live:         -               204M (20%)         204M (20%)         204M (20%)            -                  -          
[17.865s][info][gc,heap     ] GC(33) Allocated:         -                96M (9%)          106M (10%)         111M (11%)            -                  -          
[17.865s][info][gc,heap     ] GC(33)   Garbage:         -               397M (39%)          73M (7%)           55M (5%)             -                  -          
[17.865s][info][gc,heap     ] GC(33) Reclaimed:         -                  -               324M (32%)         341M (33%)            -                  -          
[17.865s][info][gc          ] GC(33) Garbage Collection (Allocation Rate) 602M(59%)->372M(36%)
[17.903s][info][gc,start    ] GC(34) Garbage Collection (Allocation Rate)
[17.903s][info][gc,task     ] GC(34) Using 8 workers
[17.903s][info][gc,phases   ] GC(34) Pause Mark Start 0.011ms
[17.966s][info][gc,phases   ] GC(34) Concurrent Mark 62.222ms
[17.966s][info][gc,phases   ] GC(34) Pause Mark End 0.021ms
[17.966s][info][gc,phases   ] GC(34) Concurrent Mark Free 0.001ms
[17.967s][info][gc,phases   ] GC(34) Concurrent Process Non-Strong References 1.551ms
[17.967s][info][gc,phases   ] GC(34) Concurrent Reset Relocation Set 0.003ms
[17.971s][info][gc,phases   ] GC(34) Concurrent Select Relocation Set 3.665ms
[17.971s][info][gc,phases   ] GC(34) Pause Relocate Start 0.004ms
[17.975s][info][gc,phases   ] GC(34) Concurrent Relocate 3.747ms
[17.975s][info][gc,load     ] GC(34) Load: 0.00/0.00/0.00
[17.975s][info][gc,mmu      ] GC(34) MMU: 2ms/98.0%, 5ms/99.0%, 10ms/99.5%, 20ms/99.7%, 50ms/99.9%, 100ms/99.9%
[17.975s][info][gc,marking  ] GC(34) Mark: 8 stripe(s), 2 proactive flush(es), 1 terminate flush(es), 0 completion(s), 0 continuation(s) 
[17.975s][info][gc,marking  ] GC(34) Mark Stack Usage: 32M
[17.975s][info][gc,nmethod  ] GC(34) NMethods: 4973 registered, 28 unregistered
[17.975s][info][gc,metaspace] GC(34) Metaspace: 56M used, 57M committed, 1088M reserved
[17.975s][info][gc,ref      ] GC(34) Soft: 4700 encountered, 0 discovered, 0 enqueued
[17.975s][info][gc,ref      ] GC(34) Weak: 5494 encountered, 223 discovered, 0 enqueued
[17.975s][info][gc,ref      ] GC(34) Final: 60 encountered, 0 discovered, 0 enqueued
[17.975s][info][gc,ref      ] GC(34) Phantom: 606 encountered, 357 discovered, 0 enqueued
[17.975s][info][gc,reloc    ] GC(34) Small Pages: 218 / 436M, Empty: 204M, Relocated: 3M, In-Place: 0
[17.975s][info][gc,reloc    ] GC(34) Medium Pages: 1 / 32M, Empty: 0M, Relocated: 0M, In-Place: 0
[17.975s][info][gc,reloc    ] GC(34) Large Pages: 2 / 12M, Empty: 0M, Relocated: 0M, In-Place: 0
[17.975s][info][gc,reloc    ] GC(34) Forwarding Usage: 1M
[17.975s][info][gc,heap     ] GC(34) Min Capacity: 8M(1%)
[17.975s][info][gc,heap     ] GC(34) Max Capacity: 1024M(100%)
[17.975s][info][gc,heap     ] GC(34) Soft Max Capacity: 1024M(100%)
[17.976s][info][gc,heap     ] GC(34)                Mark Start          Mark End        Relocate Start      Relocate End           High               Low         
[17.976s][info][gc,heap     ] GC(34)  Capacity:     1024M (100%)       1024M (100%)       1024M (100%)       1024M (100%)       1024M (100%)       1024M (100%)   
[17.976s][info][gc,heap     ] GC(34)      Free:      544M (53%)         372M (36%)         560M (55%)         570M (56%)         572M (56%)         366M (36%)    
[17.976s][info][gc,heap     ] GC(34)      Used:      480M (47%)         652M (64%)         464M (45%)         454M (44%)         658M (64%)         452M (44%)    
[17.976s][info][gc,heap     ] GC(34)      Live:         -               204M (20%)         204M (20%)         204M (20%)            -                  -          
[17.976s][info][gc,heap     ] GC(34) Allocated:         -               172M (17%)         188M (18%)         193M (19%)            -                  -          
[17.976s][info][gc,heap     ] GC(34)   Garbage:         -               275M (27%)          71M (7%)           55M (5%)             -                  -          
[17.976s][info][gc,heap     ] GC(34) Reclaimed:         -                  -               204M (20%)         219M (21%)            -                  -          
[17.976s][info][gc          ] GC(34) Garbage Collection (Allocation Rate) 480M(47%)->454M(44%)
[17.997s][info][gc,start    ] GC(35) Garbage Collection (Allocation Rate)
[17.997s][info][gc,task     ] GC(35) Using 8 workers
[17.997s][info][gc,phases   ] GC(35) Pause Mark Start 0.009ms
[18.051s][info][gc,phases   ] GC(35) Concurrent Mark 54.252ms
[18.051s][info][gc,phases   ] GC(35) Pause Mark End 0.017ms
[18.052s][info][gc,phases   ] GC(35) Concurrent Mark Free 0.001ms
[18.053s][info][gc,phases   ] GC(35) Concurrent Process Non-Strong References 1.637ms
[18.053s][info][gc,phases   ] GC(35) Concurrent Reset Relocation Set 0.003ms
[18.057s][info][gc,phases   ] GC(35) Concurrent Select Relocation Set 3.588ms
[18.057s][info][gc,phases   ] GC(35) Pause Relocate Start 0.007ms
[18.059s][info][gc,phases   ] GC(35) Concurrent Relocate 2.020ms
[18.059s][info][gc,load     ] GC(35) Load: 0.00/0.00/0.00
[18.059s][info][gc,mmu      ] GC(35) MMU: 2ms/98.0%, 5ms/99.0%, 10ms/99.5%, 20ms/99.7%, 50ms/99.9%, 100ms/99.9%
[18.059s][info][gc,marking  ] GC(35) Mark: 8 stripe(s), 2 proactive flush(es), 1 terminate flush(es), 0 completion(s), 0 continuation(s) 
[18.059s][info][gc,marking  ] GC(35) Mark Stack Usage: 32M
[18.059s][info][gc,nmethod  ] GC(35) NMethods: 4973 registered, 28 unregistered
[18.059s][info][gc,metaspace] GC(35) Metaspace: 56M used, 57M committed, 1088M reserved
[18.059s][info][gc,ref      ] GC(35) Soft: 4700 encountered, 0 discovered, 0 enqueued
[18.059s][info][gc,ref      ] GC(35) Weak: 5494 encountered, 200 discovered, 0 enqueued
[18.059s][info][gc,ref      ] GC(35) Final: 60 encountered, 55 discovered, 0 enqueued
[18.059s][info][gc,ref      ] GC(35) Phantom: 606 encountered, 370 discovered, 0 enqueued
[18.059s][info][gc,reloc    ] GC(35) Small Pages: 224 / 448M, Empty: 222M, Relocated: 3M, In-Place: 0
[18.059s][info][gc,reloc    ] GC(35) Medium Pages: 1 / 32M, Empty: 0M, Relocated: 0M, In-Place: 0
[18.059s][info][gc,reloc    ] GC(35) Large Pages: 2 / 12M, Empty: 0M, Relocated: 0M, In-Place: 0
[18.059s][info][gc,reloc    ] GC(35) Forwarding Usage: 1M
[18.059s][info][gc,heap     ] GC(35) Min Capacity: 8M(1%)
[18.059s][info][gc,heap     ] GC(35) Max Capacity: 1024M(100%)
[18.060s][info][gc,heap     ] GC(35) Soft Max Capacity: 1024M(100%)
[18.060s][info][gc,heap     ] GC(35)                Mark Start          Mark End        Relocate Start      Relocate End           High               Low         
[18.060s][info][gc,heap     ] GC(35)  Capacity:     1024M (100%)       1024M (100%)       1024M (100%)       1024M (100%)       1024M (100%)       1024M (100%)   
[18.060s][info][gc,heap     ] GC(35)      Free:      532M (52%)         438M (43%)         650M (63%)         656M (64%)         656M (64%)         434M (42%)    
[18.060s][info][gc,heap     ] GC(35)      Used:      492M (48%)         586M (57%)         374M (37%)         368M (36%)         590M (58%)         368M (36%)    
[18.060s][info][gc,heap     ] GC(35)      Live:         -               204M (20%)         204M (20%)         204M (20%)            -                  -          
[18.060s][info][gc,heap     ] GC(35) Allocated:         -                94M (9%)          104M (10%)         107M (11%)            -                  -          
[18.060s][info][gc,heap     ] GC(35)   Garbage:         -               287M (28%)          65M (6%)           55M (5%)             -                  -          
[18.060s][info][gc,heap     ] GC(35) Reclaimed:         -                  -               222M (22%)         231M (23%)            -                  -          
[18.060s][info][gc          ] GC(35) Garbage Collection (Allocation Rate) 492M(48%)->368M(36%)
[18.098s][info][gc,start    ] GC(36) Garbage Collection (Allocation Rate)
[18.098s][info][gc,task     ] GC(36) Using 8 workers
[18.098s][info][gc,phases   ] GC(36) Pause Mark Start 0.012ms
[18.155s][info][gc,phases   ] GC(36) Concurrent Mark 56.228ms
[18.155s][info][gc,phases   ] GC(36) Pause Mark End 0.012ms
[18.155s][info][gc,phases   ] GC(36) Concurrent Mark Free 0.001ms
[18.157s][info][gc,phases   ] GC(36) Concurrent Process Non-Strong References 1.713ms
[18.157s][info][gc,phases   ] GC(36) Concurrent Reset Relocation Set 0.001ms
[18.159s][info][gc,phases   ] GC(36) Concurrent Select Relocation Set 2.296ms
[18.159s][info][gc,phases   ] GC(36) Pause Relocate Start 0.008ms
[18.161s][info][gc,phases   ] GC(36) Concurrent Relocate 1.820ms
[18.161s][info][gc,load     ] GC(36) Load: 0.00/0.00/0.00
[18.161s][info][gc,mmu      ] GC(36) MMU: 2ms/98.0%, 5ms/99.0%, 10ms/99.5%, 20ms/99.7%, 50ms/99.9%, 100ms/99.9%
[18.161s][info][gc,marking  ] GC(36) Mark: 8 stripe(s), 2 proactive flush(es), 1 terminate flush(es), 0 completion(s), 0 continuation(s) 
[18.161s][info][gc,marking  ] GC(36) Mark Stack Usage: 32M
[18.161s][info][gc,nmethod  ] GC(36) NMethods: 5127 registered, 28 unregistered
[18.161s][info][gc,metaspace] GC(36) Metaspace: 57M used, 57M committed, 1088M reserved
[18.161s][info][gc,ref      ] GC(36) Soft: 4700 encountered, 0 discovered, 0 enqueued
[18.161s][info][gc,ref      ] GC(36) Weak: 5493 encountered, 223 discovered, 0 enqueued
[18.161s][info][gc,ref      ] GC(36) Final: 60 encountered, 0 discovered, 0 enqueued
[18.161s][info][gc,ref      ] GC(36) Phantom: 606 encountered, 411 discovered, 0 enqueued
[18.161s][info][gc,reloc    ] GC(36) Small Pages: 203 / 406M, Empty: 180M, Relocated: 3M, In-Place: 0
[18.161s][info][gc,reloc    ] GC(36) Medium Pages: 1 / 32M, Empty: 0M, Relocated: 0M, In-Place: 0
[18.161s][info][gc,reloc    ] GC(36) Large Pages: 2 / 12M, Empty: 0M, Relocated: 0M, In-Place: 0
[18.161s][info][gc,reloc    ] GC(36) Forwarding Usage: 1M
[18.161s][info][gc,heap     ] GC(36) Min Capacity: 8M(1%)
[18.161s][info][gc,heap     ] GC(36) Max Capacity: 1024M(100%)
[18.161s][info][gc,heap     ] GC(36) Soft Max Capacity: 1024M(100%)
[18.161s][info][gc,heap     ] GC(36)                Mark Start          Mark End        Relocate Start      Relocate End           High               Low         
[18.161s][info][gc,heap     ] GC(36)  Capacity:     1024M (100%)       1024M (100%)       1024M (100%)       1024M (100%)       1024M (100%)       1024M (100%)   
[18.161s][info][gc,heap     ] GC(36)      Free:      574M (56%)         520M (51%)         700M (68%)         710M (69%)         710M (69%)         520M (51%)    
[18.161s][info][gc,heap     ] GC(36)      Used:      450M (44%)         504M (49%)         324M (32%)         314M (31%)         504M (49%)         314M (31%)    
[18.161s][info][gc,heap     ] GC(36)      Live:         -               204M (20%)         204M (20%)         204M (20%)            -                  -          
[18.161s][info][gc,heap     ] GC(36) Allocated:         -                54M (5%)           54M (5%)           53M (5%)             -                  -          
[18.161s][info][gc,heap     ] GC(36)   Garbage:         -               245M (24%)          65M (6%)           55M (5%)             -                  -          
[18.161s][info][gc,heap     ] GC(36) Reclaimed:         -                  -               180M (18%)         189M (19%)            -                  -          
[18.161s][info][gc          ] GC(36) Garbage Collection (Allocation Rate) 450M(44%)->314M(31%)
[18.161s][info][gc,start    ] GC(37) Garbage Collection (System.gc())
[18.161s][info][gc,task     ] GC(37) Using 10 workers
[18.161s][info][gc,phases   ] GC(37) Pause Mark Start 0.006ms
[18.217s][info][gc,phases   ] GC(37) Concurrent Mark 56.135ms
[18.217s][info][gc,phases   ] GC(37) Pause Mark End 0.020ms
[18.218s][info][gc,phases   ] GC(37) Concurrent Mark Free 0.001ms
[18.219s][info][gc,phases   ] GC(37) Concurrent Process Non-Strong References 1.724ms
[18.219s][info][gc,phases   ] GC(37) Concurrent Reset Relocation Set 0.001ms
[18.224s][info][gc,phases   ] GC(37) Concurrent Select Relocation Set 4.517ms
[18.224s][info][gc,phases   ] GC(37) Pause Relocate Start 0.009ms
[18.228s][info][gc,phases   ] GC(37) Concurrent Relocate 4.002ms
[18.228s][info][gc,load     ] GC(37) Load: 0.00/0.00/0.00
[18.228s][info][gc,mmu      ] GC(37) MMU: 2ms/98.0%, 5ms/99.0%, 10ms/99.5%, 20ms/99.7%, 50ms/99.9%, 100ms/99.9%
[18.228s][info][gc,marking  ] GC(37) Mark: 8 stripe(s), 2 proactive flush(es), 1 terminate flush(es), 0 completion(s), 0 continuation(s) 
[18.228s][info][gc,marking  ] GC(37) Mark Stack Usage: 32M
[18.228s][info][gc,nmethod  ] GC(37) NMethods: 5134 registered, 42 unregistered
[18.228s][info][gc,metaspace] GC(37) Metaspace: 57M used, 57M committed, 1088M reserved
[18.228s][info][gc,ref      ] GC(37) Soft: 4698 encountered, 0 discovered, 0 enqueued
[18.228s][info][gc,ref      ] GC(37) Weak: 5559 encountered, 339 discovered, 122 enqueued
[18.228s][info][gc,ref      ] GC(37) Final: 60 encountered, 1 discovered, 0 enqueued
[18.228s][info][gc,ref      ] GC(37) Phantom: 606 encountered, 484 discovered, 0 enqueued
[18.228s][info][gc,reloc    ] GC(37) Small Pages: 132 / 264M, Empty: 30M, Relocated: 3M, In-Place: 0
[18.228s][info][gc,reloc    ] GC(37) Medium Pages: 1 / 32M, Empty: 0M, Relocated: 0M, In-Place: 0
[18.228s][info][gc,reloc    ] GC(37) Large Pages: 3 / 18M, Empty: 6M, Relocated: 0M, In-Place: 0
[18.228s][info][gc,reloc    ] GC(37) Forwarding Usage: 1M
[18.228s][info][gc,heap     ] GC(37) Min Capacity: 8M(1%)
[18.228s][info][gc,heap     ] GC(37) Max Capacity: 1024M(100%)
[18.228s][info][gc,heap     ] GC(37) Soft Max Capacity: 1024M(100%)
[18.228s][info][gc,heap     ] GC(37)                Mark Start          Mark End        Relocate Start      Relocate End           High               Low         
[18.228s][info][gc,heap     ] GC(37)  Capacity:     1024M (100%)       1024M (100%)       1024M (100%)       1024M (100%)       1024M (100%)       1024M (100%)   
[18.229s][info][gc,heap     ] GC(37)      Free:      710M (69%)         710M (69%)         742M (72%)         756M (74%)         756M (74%)         708M (69%)    
[18.229s][info][gc,heap     ] GC(37)      Used:      314M (31%)         314M (31%)         282M (28%)         268M (26%)         316M (31%)         268M (26%)    
[18.229s][info][gc,heap     ] GC(37)      Live:         -               204M (20%)         204M (20%)         204M (20%)            -                  -          
[18.229s][info][gc,heap     ] GC(37) Allocated:         -                 0M (0%)            4M (0%)            4M (0%)             -                  -          
[18.229s][info][gc,heap     ] GC(37)   Garbage:         -               109M (11%)          73M (7%)           59M (6%)             -                  -          
[18.229s][info][gc,heap     ] GC(37) Reclaimed:         -                  -                36M (4%)           50M (5%)             -                  -          
[18.229s][info][gc          ] GC(37) Garbage Collection (System.gc()) 314M(31%)->268M(26%)
[18.296s][info][gc,start    ] GC(38) Garbage Collection (Allocation Rate)
[18.296s][info][gc,task     ] GC(38) Using 10 workers
[18.296s][info][gc,phases   ] GC(38) Pause Mark Start 0.017ms
[18.358s][info][gc,phases   ] GC(38) Concurrent Mark 61.970ms
[18.358s][info][gc,phases   ] GC(38) Pause Mark End 0.018ms
[18.358s][info][gc,phases   ] GC(38) Concurrent Mark Free 0.001ms
[18.360s][info][gc,phases   ] GC(38) Concurrent Process Non-Strong References 1.594ms
[18.360s][info][gc,phases   ] GC(38) Concurrent Reset Relocation Set 0.002ms
[18.363s][info][gc,phases   ] GC(38) Concurrent Select Relocation Set 3.677ms
[18.364s][info][gc,phases   ] GC(38) Pause Relocate Start 0.009ms
[18.367s][info][gc,phases   ] GC(38) Concurrent Relocate 2.806ms
[18.367s][info][gc,load     ] GC(38) Load: 0.00/0.00/0.00
[18.367s][info][gc,mmu      ] GC(38) MMU: 2ms/98.0%, 5ms/99.0%, 10ms/99.5%, 20ms/99.7%, 50ms/99.9%, 100ms/99.9%
[18.367s][info][gc,marking  ] GC(38) Mark: 8 stripe(s), 2 proactive flush(es), 1 terminate flush(es), 0 completion(s), 0 continuation(s) 
[18.367s][info][gc,marking  ] GC(38) Mark Stack Usage: 32M
[18.367s][info][gc,nmethod  ] GC(38) NMethods: 5231 registered, 54 unregistered
[18.367s][info][gc,metaspace] GC(38) Metaspace: 57M used, 57M committed, 1088M reserved
[18.367s][info][gc,ref      ] GC(38) Soft: 4698 encountered, 0 discovered, 0 enqueued
[18.367s][info][gc,ref      ] GC(38) Weak: 5559 encountered, 1403 discovered, 62 enqueued
[18.367s][info][gc,ref      ] GC(38) Final: 60 encountered, 1 discovered, 0 enqueued
[18.367s][info][gc,ref      ] GC(38) Phantom: 606 encountered, 513 discovered, 0 enqueued
[18.367s][info][gc,reloc    ] GC(38) Small Pages: 119 / 238M, Empty: 0M, Relocated: 3M, In-Place: 0
[18.367s][info][gc,reloc    ] GC(38) Medium Pages: 2 / 64M, Empty: 32M, Relocated: 0M, In-Place: 0
[18.367s][info][gc,reloc    ] GC(38) Large Pages: 3 / 18M, Empty: 6M, Relocated: 0M, In-Place: 0
[18.367s][info][gc,reloc    ] GC(38) Forwarding Usage: 1M
[18.367s][info][gc,heap     ] GC(38) Min Capacity: 8M(1%)
[18.367s][info][gc,heap     ] GC(38) Max Capacity: 1024M(100%)
[18.367s][info][gc,heap     ] GC(38) Soft Max Capacity: 1024M(100%)
[18.367s][info][gc,heap     ] GC(38)                Mark Start          Mark End        Relocate Start      Relocate End           High               Low         
[18.367s][info][gc,heap     ] GC(38)  Capacity:     1024M (100%)       1024M (100%)       1024M (100%)       1024M (100%)       1024M (100%)       1024M (100%)   
[18.367s][info][gc,heap     ] GC(38)      Free:      704M (69%)         574M (56%)         596M (58%)         608M (59%)         704M (69%)         562M (55%)    
[18.367s][info][gc,heap     ] GC(38)      Used:      320M (31%)         450M (44%)         428M (42%)         416M (41%)         462M (45%)         320M (31%)    
[18.367s][info][gc,heap     ] GC(38)      Live:         -               204M (20%)         204M (20%)         204M (20%)            -                  -          
[18.367s][info][gc,heap     ] GC(38) Allocated:         -               130M (13%)         146M (14%)         151M (15%)            -                  -          
[18.367s][info][gc,heap     ] GC(38)   Garbage:         -               115M (11%)          77M (8%)           59M (6%)             -                  -          
[18.367s][info][gc,heap     ] GC(38) Reclaimed:         -                  -                38M (4%)           55M (5%)             -                  -          
[18.367s][info][gc          ] GC(38) Garbage Collection (Allocation Rate) 320M(31%)->416M(41%)
[18.405s][info][gc,start    ] GC(39) Garbage Collection (Allocation Rate)
[18.405s][info][gc,task     ] GC(39) Using 10 workers
[18.405s][info][gc,phases   ] GC(39) Pause Mark Start 0.014ms
[18.467s][info][gc,phases   ] GC(39) Concurrent Mark 62.247ms
[18.467s][info][gc,phases   ] GC(39) Pause Mark End 0.021ms
[18.468s][info][gc,phases   ] GC(39) Concurrent Mark Free 0.001ms
[18.469s][info][gc,phases   ] GC(39) Concurrent Process Non-Strong References 1.703ms
[18.469s][info][gc,phases   ] GC(39) Concurrent Reset Relocation Set 0.002ms
[18.474s][info][gc,phases   ] GC(39) Concurrent Select Relocation Set 4.408ms
[18.474s][info][gc,phases   ] GC(39) Pause Relocate Start 0.007ms
[18.477s][info][gc,phases   ] GC(39) Concurrent Relocate 3.329ms
[18.477s][info][gc,load     ] GC(39) Load: 0.00/0.00/0.00
[18.477s][info][gc,mmu      ] GC(39) MMU: 2ms/98.0%, 5ms/99.0%, 10ms/99.5%, 20ms/99.7%, 50ms/99.9%, 100ms/99.9%
[18.477s][info][gc,marking  ] GC(39) Mark: 8 stripe(s), 2 proactive flush(es), 1 terminate flush(es), 0 completion(s), 0 continuation(s) 
[18.477s][info][gc,marking  ] GC(39) Mark Stack Usage: 32M
[18.477s][info][gc,nmethod  ] GC(39) NMethods: 5224 registered, 61 unregistered
[18.477s][info][gc,metaspace] GC(39) Metaspace: 57M used, 57M committed, 1088M reserved
[18.477s][info][gc,ref      ] GC(39) Soft: 4700 encountered, 0 discovered, 0 enqueued
[18.477s][info][gc,ref      ] GC(39) Weak: 5578 encountered, 455 discovered, 35 enqueued
[18.477s][info][gc,ref      ] GC(39) Final: 60 encountered, 5 discovered, 0 enqueued
[18.477s][info][gc,ref      ] GC(39) Phantom: 606 encountered, 418 discovered, 0 enqueued
[18.477s][info][gc,reloc    ] GC(39) Small Pages: 218 / 436M, Empty: 186M, Relocated: 3M, In-Place: 0
[18.477s][info][gc,reloc    ] GC(39) Medium Pages: 2 / 64M, Empty: 32M, Relocated: 0M, In-Place: 0
[18.477s][info][gc,reloc    ] GC(39) Large Pages: 3 / 18M, Empty: 6M, Relocated: 0M, In-Place: 0
[18.477s][info][gc,reloc    ] GC(39) Forwarding Usage: 1M
[18.477s][info][gc,heap     ] GC(39) Min Capacity: 8M(1%)
[18.477s][info][gc,heap     ] GC(39) Max Capacity: 1024M(100%)
[18.478s][info][gc,heap     ] GC(39) Soft Max Capacity: 1024M(100%)
[18.478s][info][gc,heap     ] GC(39)                Mark Start          Mark End        Relocate Start      Relocate End           High               Low         
[18.478s][info][gc,heap     ] GC(39)  Capacity:     1024M (100%)       1024M (100%)       1024M (100%)       1024M (100%)       1024M (100%)       1024M (100%)   
[18.478s][info][gc,heap     ] GC(39)      Free:      506M (49%)         320M (31%)         522M (51%)         542M (53%)         546M (53%)         314M (31%)    
[18.478s][info][gc,heap     ] GC(39)      Used:      518M (51%)         704M (69%)         502M (49%)         482M (47%)         710M (69%)         478M (47%)    
[18.478s][info][gc,heap     ] GC(39)      Live:         -               204M (20%)         204M (20%)         204M (20%)            -                  -          
[18.478s][info][gc,heap     ] GC(39) Allocated:         -               186M (18%)         208M (20%)         217M (21%)            -                  -          
[18.478s][info][gc,heap     ] GC(39)   Garbage:         -               313M (31%)          89M (9%)           59M (6%)             -                  -          
[18.478s][info][gc,heap     ] GC(39) Reclaimed:         -                  -               224M (22%)         253M (25%)            -                  -          
[18.478s][info][gc          ] GC(39) Garbage Collection (Allocation Rate) 518M(51%)->482M(47%)
[18.499s][info][gc,start    ] GC(40) Garbage Collection (Allocation Rate)
[18.499s][info][gc,task     ] GC(40) Using 10 workers
[18.499s][info][gc,phases   ] GC(40) Pause Mark Start 0.014ms
[18.561s][info][gc,phases   ] GC(40) Concurrent Mark 62.258ms
[18.561s][info][gc,phases   ] GC(40) Pause Mark End 0.019ms
[18.561s][info][gc,phases   ] GC(40) Concurrent Mark Free 0.001ms
[18.563s][info][gc,phases   ] GC(40) Concurrent Process Non-Strong References 1.699ms
[18.563s][info][gc,phases   ] GC(40) Concurrent Reset Relocation Set 0.003ms
[18.567s][info][gc,phases   ] GC(40) Concurrent Select Relocation Set 3.615ms
[18.567s][info][gc,phases   ] GC(40) Pause Relocate Start 0.009ms
[18.569s][info][gc,phases   ] GC(40) Concurrent Relocate 2.139ms
[18.569s][info][gc,load     ] GC(40) Load: 0.00/0.00/0.00
[18.569s][info][gc,mmu      ] GC(40) MMU: 2ms/98.0%, 5ms/99.0%, 10ms/99.5%, 20ms/99.7%, 50ms/99.9%, 100ms/99.9%
[18.569s][info][gc,marking  ] GC(40) Mark: 8 stripe(s), 2 proactive flush(es), 1 terminate flush(es), 0 completion(s), 0 continuation(s) 
[18.569s][info][gc,marking  ] GC(40) Mark Stack Usage: 32M
[18.569s][info][gc,nmethod  ] GC(40) NMethods: 5224 registered, 61 unregistered
[18.569s][info][gc,metaspace] GC(40) Metaspace: 57M used, 57M committed, 1088M reserved
[18.569s][info][gc,ref      ] GC(40) Soft: 4700 encountered, 0 discovered, 0 enqueued
[18.569s][info][gc,ref      ] GC(40) Weak: 5543 encountered, 217 discovered, 0 enqueued
[18.569s][info][gc,ref      ] GC(40) Final: 60 encountered, 0 discovered, 0 enqueued
[18.569s][info][gc,ref      ] GC(40) Phantom: 606 encountered, 371 discovered, 0 enqueued
[18.569s][info][gc,reloc    ] GC(40) Small Pages: 256 / 512M, Empty: 278M, Relocated: 3M, In-Place: 0
[18.569s][info][gc,reloc    ] GC(40) Medium Pages: 1 / 32M, Empty: 0M, Relocated: 0M, In-Place: 0
[18.569s][info][gc,reloc    ] GC(40) Large Pages: 2 / 12M, Empty: 0M, Relocated: 0M, In-Place: 0
[18.569s][info][gc,reloc    ] GC(40) Forwarding Usage: 1M
[18.570s][info][gc,heap     ] GC(40) Min Capacity: 8M(1%)
[18.570s][info][gc,heap     ] GC(40) Max Capacity: 1024M(100%)
[18.570s][info][gc,heap     ] GC(40) Soft Max Capacity: 1024M(100%)
[18.570s][info][gc,heap     ] GC(40)                Mark Start          Mark End        Relocate Start      Relocate End           High               Low         
[18.570s][info][gc,heap     ] GC(40)  Capacity:     1024M (100%)       1024M (100%)       1024M (100%)       1024M (100%)       1024M (100%)       1024M (100%)   
[18.570s][info][gc,heap     ] GC(40)      Free:      468M (46%)         258M (25%)         516M (50%)         526M (51%)         526M (51%)         252M (25%)    
[18.570s][info][gc,heap     ] GC(40)      Used:      556M (54%)         766M (75%)         508M (50%)         498M (49%)         772M (75%)         498M (49%)    
[18.570s][info][gc,heap     ] GC(40)      Live:         -               204M (20%)         204M (20%)         204M (20%)            -                  -          
[18.570s][info][gc,heap     ] GC(40) Allocated:         -               210M (21%)         230M (22%)         233M (23%)            -                  -          
[18.570s][info][gc,heap     ] GC(40)   Garbage:         -               351M (34%)          73M (7%)           59M (6%)             -                  -          
[18.570s][info][gc,heap     ] GC(40) Reclaimed:         -                  -               278M (27%)         291M (29%)            -                  -          
[18.570s][info][gc          ] GC(40) Garbage Collection (Allocation Rate) 556M(54%)->498M(49%)
[18.608s][info][gc,start    ] GC(41) Garbage Collection (Allocation Rate)
[18.608s][info][gc,task     ] GC(41) Using 10 workers
[18.608s][info][gc,phases   ] GC(41) Pause Mark Start 0.012ms
[18.667s][info][gc,phases   ] GC(41) Concurrent Mark 59.247ms
[18.668s][info][gc,phases   ] GC(41) Pause Mark End 0.017ms
[18.668s][info][gc,phases   ] GC(41) Concurrent Mark Free 0.001ms
[18.669s][info][gc,phases   ] GC(41) Concurrent Process Non-Strong References 1.518ms
[18.669s][info][gc,phases   ] GC(41) Concurrent Reset Relocation Set 0.003ms
[18.673s][info][gc,phases   ] GC(41) Concurrent Select Relocation Set 3.592ms
[18.673s][info][gc,phases   ] GC(41) Pause Relocate Start 0.008ms
[18.675s][info][gc,phases   ] GC(41) Concurrent Relocate 2.268ms
[18.675s][info][gc,load     ] GC(41) Load: 0.00/0.00/0.00
[18.675s][info][gc,mmu      ] GC(41) MMU: 2ms/98.0%, 5ms/99.0%, 10ms/99.5%, 20ms/99.7%, 50ms/99.9%, 100ms/99.9%
[18.675s][info][gc,marking  ] GC(41) Mark: 8 stripe(s), 2 proactive flush(es), 1 terminate flush(es), 0 completion(s), 0 continuation(s) 
[18.675s][info][gc,marking  ] GC(41) Mark Stack Usage: 32M
[18.675s][info][gc,nmethod  ] GC(41) NMethods: 5224 registered, 61 unregistered
[18.675s][info][gc,metaspace] GC(41) Metaspace: 57M used, 57M committed, 1088M reserved
[18.676s][info][gc,ref      ] GC(41) Soft: 4700 encountered, 0 discovered, 0 enqueued
[18.676s][info][gc,ref      ] GC(41) Weak: 5543 encountered, 317 discovered, 0 enqueued
[18.676s][info][gc,ref      ] GC(41) Final: 60 encountered, 0 discovered, 0 enqueued
[18.676s][info][gc,ref      ] GC(41) Phantom: 606 encountered, 517 discovered, 0 enqueued
[18.676s][info][gc,reloc    ] GC(41) Small Pages: 274 / 548M, Empty: 314M, Relocated: 3M, In-Place: 0
[18.676s][info][gc,reloc    ] GC(41) Medium Pages: 1 / 32M, Empty: 0M, Relocated: 0M, In-Place: 0
[18.676s][info][gc,reloc    ] GC(41) Large Pages: 2 / 12M, Empty: 0M, Relocated: 0M, In-Place: 0
[18.676s][info][gc,reloc    ] GC(41) Forwarding Usage: 1M
[18.676s][info][gc,heap     ] GC(41) Min Capacity: 8M(1%)
[18.676s][info][gc,heap     ] GC(41) Max Capacity: 1024M(100%)
[18.676s][info][gc,heap     ] GC(41) Soft Max Capacity: 1024M(100%)
[18.676s][info][gc,heap     ] GC(41)                Mark Start          Mark End        Relocate Start      Relocate End           High               Low         
[18.676s][info][gc,heap     ] GC(41)  Capacity:     1024M (100%)       1024M (100%)       1024M (100%)       1024M (100%)       1024M (100%)       1024M (100%)   
[18.676s][info][gc,heap     ] GC(41)      Free:      432M (42%)         288M (28%)         586M (57%)         594M (58%)         594M (58%)         284M (28%)    
[18.676s][info][gc,heap     ] GC(41)      Used:      592M (58%)         736M (72%)         438M (43%)         430M (42%)         740M (72%)         430M (42%)    
[18.676s][info][gc,heap     ] GC(41)      Live:         -               204M (20%)         204M (20%)         204M (20%)            -                  -          
[18.676s][info][gc,heap     ] GC(41) Allocated:         -               144M (14%)         160M (16%)         165M (16%)            -                  -          
[18.676s][info][gc,heap     ] GC(41)   Garbage:         -               387M (38%)          73M (7%)           59M (6%)             -                  -          
[18.676s][info][gc,heap     ] GC(41) Reclaimed:         -                  -               314M (31%)         327M (32%)            -                  -          
[18.676s][info][gc          ] GC(41) Garbage Collection (Allocation Rate) 592M(58%)->430M(42%)
[18.699s][info][gc,start    ] GC(42) Garbage Collection (Allocation Rate)
[18.699s][info][gc,task     ] GC(42) Using 10 workers
[18.699s][info][gc,phases   ] GC(42) Pause Mark Start 0.010ms
[18.761s][info][gc,phases   ] GC(42) Concurrent Mark 62.224ms
[18.761s][info][gc,phases   ] GC(42) Pause Mark End 0.022ms
[18.761s][info][gc,phases   ] GC(42) Concurrent Mark Free 0.001ms
[18.763s][info][gc,phases   ] GC(42) Concurrent Process Non-Strong References 1.623ms
[18.763s][info][gc,phases   ] GC(42) Concurrent Reset Relocation Set 0.002ms
[18.765s][info][gc,phases   ] GC(42) Concurrent Select Relocation Set 2.411ms
[18.766s][info][gc,phases   ] GC(42) Pause Relocate Start 0.009ms
[18.768s][info][gc,phases   ] GC(42) Concurrent Relocate 2.819ms
[18.768s][info][gc,load     ] GC(42) Load: 0.00/0.00/0.00
[18.768s][info][gc,mmu      ] GC(42) MMU: 2ms/98.0%, 5ms/99.0%, 10ms/99.5%, 20ms/99.7%, 50ms/99.9%, 100ms/99.9%
[18.768s][info][gc,marking  ] GC(42) Mark: 8 stripe(s), 2 proactive flush(es), 1 terminate flush(es), 0 completion(s), 0 continuation(s) 
[18.768s][info][gc,marking  ] GC(42) Mark Stack Usage: 32M
[18.768s][info][gc,nmethod  ] GC(42) NMethods: 5224 registered, 61 unregistered
[18.769s][info][gc,metaspace] GC(42) Metaspace: 57M used, 57M committed, 1088M reserved
[18.769s][info][gc,ref      ] GC(42) Soft: 4700 encountered, 0 discovered, 0 enqueued
[18.769s][info][gc,ref      ] GC(42) Weak: 5543 encountered, 169 discovered, 0 enqueued
[18.769s][info][gc,ref      ] GC(42) Final: 60 encountered, 0 discovered, 0 enqueued
[18.769s][info][gc,ref      ] GC(42) Phantom: 606 encountered, 478 discovered, 0 enqueued
[18.769s][info][gc,reloc    ] GC(42) Small Pages: 233 / 466M, Empty: 232M, Relocated: 3M, In-Place: 0
[18.769s][info][gc,reloc    ] GC(42) Medium Pages: 1 / 32M, Empty: 0M, Relocated: 0M, In-Place: 0
[18.769s][info][gc,reloc    ] GC(42) Large Pages: 2 / 12M, Empty: 0M, Relocated: 0M, In-Place: 0
[18.769s][info][gc,reloc    ] GC(42) Forwarding Usage: 1M
[18.769s][info][gc,heap     ] GC(42) Min Capacity: 8M(1%)
[18.769s][info][gc,heap     ] GC(42) Max Capacity: 1024M(100%)
[18.769s][info][gc,heap     ] GC(42) Soft Max Capacity: 1024M(100%)
[18.769s][info][gc,heap     ] GC(42)                Mark Start          Mark End        Relocate Start      Relocate End           High               Low         
[18.769s][info][gc,heap     ] GC(42)  Capacity:     1024M (100%)       1024M (100%)       1024M (100%)       1024M (100%)       1024M (100%)       1024M (100%)   
[18.769s][info][gc,heap     ] GC(42)      Free:      514M (50%)         342M (33%)         564M (55%)         570M (56%)         572M (56%)         338M (33%)    
[18.769s][info][gc,heap     ] GC(42)      Used:      510M (50%)         682M (67%)         460M (45%)         454M (44%)         686M (67%)         452M (44%)    
[18.769s][info][gc,heap     ] GC(42)      Live:         -               204M (20%)         204M (20%)         204M (20%)            -                  -          
[18.769s][info][gc,heap     ] GC(42) Allocated:         -               172M (17%)         182M (18%)         189M (19%)            -                  -          
[18.769s][info][gc,heap     ] GC(42)   Garbage:         -               305M (30%)          73M (7%)           59M (6%)             -                  -          
[18.769s][info][gc,heap     ] GC(42) Reclaimed:         -                  -               232M (23%)         245M (24%)            -                  -          
[18.769s][info][gc          ] GC(42) Garbage Collection (Allocation Rate) 510M(50%)->454M(44%)
[18.808s][info][gc,start    ] GC(43) Garbage Collection (Allocation Rate)
[18.808s][info][gc,task     ] GC(43) Using 10 workers
[18.808s][info][gc,phases   ] GC(43) Pause Mark Start 0.014ms
[18.870s][info][gc,phases   ] GC(43) Concurrent Mark 62.198ms
[18.871s][info][gc,phases   ] GC(43) Pause Mark End 0.017ms
[18.871s][info][gc,phases   ] GC(43) Concurrent Mark Free 0.001ms
[18.872s][info][gc,phases   ] GC(43) Concurrent Process Non-Strong References 1.396ms
[18.872s][info][gc,phases   ] GC(43) Concurrent Reset Relocation Set 0.001ms
[18.875s][info][gc,phases   ] GC(43) Concurrent Select Relocation Set 2.587ms
[18.875s][info][gc,phases   ] GC(43) Pause Relocate Start 0.007ms
[18.879s][info][gc,phases   ] GC(43) Concurrent Relocate 3.910ms
[18.879s][info][gc,load     ] GC(43) Load: 0.00/0.00/0.00
[18.879s][info][gc,mmu      ] GC(43) MMU: 2ms/98.0%, 5ms/99.0%, 10ms/99.5%, 20ms/99.7%, 50ms/99.9%, 100ms/99.9%
[18.879s][info][gc,marking  ] GC(43) Mark: 8 stripe(s), 2 proactive flush(es), 1 terminate flush(es), 0 completion(s), 0 continuation(s) 
[18.879s][info][gc,marking  ] GC(43) Mark Stack Usage: 32M
[18.879s][info][gc,nmethod  ] GC(43) NMethods: 5224 registered, 61 unregistered
[18.879s][info][gc,metaspace] GC(43) Metaspace: 57M used, 57M committed, 1088M reserved
[18.879s][info][gc,ref      ] GC(43) Soft: 4700 encountered, 0 discovered, 0 enqueued
[18.879s][info][gc,ref      ] GC(43) Weak: 5543 encountered, 269 discovered, 0 enqueued
[18.879s][info][gc,ref      ] GC(43) Final: 60 encountered, 21 discovered, 0 enqueued
[18.879s][info][gc,ref      ] GC(43) Phantom: 606 encountered, 466 discovered, 0 enqueued
[18.879s][info][gc,reloc    ] GC(43) Small Pages: 261 / 522M, Empty: 288M, Relocated: 3M, In-Place: 0
[18.879s][info][gc,reloc    ] GC(43) Medium Pages: 1 / 32M, Empty: 0M, Relocated: 0M, In-Place: 0
[18.879s][info][gc,reloc    ] GC(43) Large Pages: 2 / 12M, Empty: 0M, Relocated: 0M, In-Place: 0
[18.879s][info][gc,reloc    ] GC(43) Forwarding Usage: 1M
[18.879s][info][gc,heap     ] GC(43) Min Capacity: 8M(1%)
[18.879s][info][gc,heap     ] GC(43) Max Capacity: 1024M(100%)
[18.879s][info][gc,heap     ] GC(43) Soft Max Capacity: 1024M(100%)
[18.879s][info][gc,heap     ] GC(43)                Mark Start          Mark End        Relocate Start      Relocate End           High               Low         
[18.879s][info][gc,heap     ] GC(43)  Capacity:     1024M (100%)       1024M (100%)       1024M (100%)       1024M (100%)       1024M (100%)       1024M (100%)   
[18.879s][info][gc,heap     ] GC(43)      Free:      458M (45%)         276M (27%)         550M (54%)         552M (54%)         558M (54%)         270M (26%)    
[18.879s][info][gc,heap     ] GC(43)      Used:      566M (55%)         748M (73%)         474M (46%)         472M (46%)         754M (74%)         466M (46%)    
[18.879s][info][gc,heap     ] GC(43)      Live:         -               204M (20%)         204M (20%)         204M (20%)            -                  -          
[18.879s][info][gc,heap     ] GC(43) Allocated:         -               182M (18%)         196M (19%)         207M (20%)            -                  -          
[18.879s][info][gc,heap     ] GC(43)   Garbage:         -               361M (35%)          73M (7%)           59M (6%)             -                  -          
[18.879s][info][gc,heap     ] GC(43) Reclaimed:         -                  -               288M (28%)         301M (29%)            -                  -          
[18.879s][info][gc          ] GC(43) Garbage Collection (Allocation Rate) 566M(55%)->472M(46%)
[18.902s][info][gc,start    ] GC(44) Garbage Collection (Allocation Rate)
[18.902s][info][gc,task     ] GC(44) Using 10 workers
[18.902s][info][gc,phases   ] GC(44) Pause Mark Start 0.010ms
[18.964s][info][gc,phases   ] GC(44) Concurrent Mark 62.252ms
[18.964s][info][gc,phases   ] GC(44) Pause Mark End 0.018ms
[18.964s][info][gc,phases   ] GC(44) Concurrent Mark Free 0.001ms
[18.966s][info][gc,phases   ] GC(44) Concurrent Process Non-Strong References 1.550ms
[18.966s][info][gc,phases   ] GC(44) Concurrent Reset Relocation Set 0.001ms
[18.970s][info][gc,phases   ] GC(44) Concurrent Select Relocation Set 3.577ms
[18.970s][info][gc,phases   ] GC(44) Pause Relocate Start 0.008ms
[18.972s][info][gc,phases   ] GC(44) Concurrent Relocate 2.294ms
[18.972s][info][gc,load     ] GC(44) Load: 0.00/0.00/0.00
[18.972s][info][gc,mmu      ] GC(44) MMU: 2ms/98.0%, 5ms/99.0%, 10ms/99.5%, 20ms/99.7%, 50ms/99.9%, 100ms/99.9%
[18.972s][info][gc,marking  ] GC(44) Mark: 8 stripe(s), 2 proactive flush(es), 1 terminate flush(es), 0 completion(s), 0 continuation(s) 
[18.972s][info][gc,marking  ] GC(44) Mark Stack Usage: 32M
[18.972s][info][gc,nmethod  ] GC(44) NMethods: 5224 registered, 61 unregistered
[18.972s][info][gc,metaspace] GC(44) Metaspace: 57M used, 57M committed, 1088M reserved
[18.972s][info][gc,ref      ] GC(44) Soft: 4700 encountered, 0 discovered, 0 enqueued
[18.972s][info][gc,ref      ] GC(44) Weak: 5543 encountered, 490 discovered, 0 enqueued
[18.972s][info][gc,ref      ] GC(44) Final: 60 encountered, 0 discovered, 0 enqueued
[18.972s][info][gc,ref      ] GC(44) Phantom: 606 encountered, 500 discovered, 0 enqueued
[18.972s][info][gc,reloc    ] GC(44) Small Pages: 253 / 506M, Empty: 272M, Relocated: 3M, In-Place: 0
[18.972s][info][gc,reloc    ] GC(44) Medium Pages: 1 / 32M, Empty: 0M, Relocated: 0M, In-Place: 0
[18.972s][info][gc,reloc    ] GC(44) Large Pages: 2 / 12M, Empty: 0M, Relocated: 0M, In-Place: 0
[18.972s][info][gc,reloc    ] GC(44) Forwarding Usage: 1M
[18.972s][info][gc,heap     ] GC(44) Min Capacity: 8M(1%)
[18.972s][info][gc,heap     ] GC(44) Max Capacity: 1024M(100%)
[18.972s][info][gc,heap     ] GC(44) Soft Max Capacity: 1024M(100%)
[18.972s][info][gc,heap     ] GC(44)                Mark Start          Mark End        Relocate Start      Relocate End           High               Low         
[18.972s][info][gc,heap     ] GC(44)  Capacity:     1024M (100%)       1024M (100%)       1024M (100%)       1024M (100%)       1024M (100%)       1024M (100%)   
[18.972s][info][gc,heap     ] GC(44)      Free:      474M (46%)         296M (29%)         552M (54%)         560M (55%)         560M (55%)         292M (29%)    
[18.972s][info][gc,heap     ] GC(44)      Used:      550M (54%)         728M (71%)         472M (46%)         464M (45%)         732M (71%)         464M (45%)    
[18.972s][info][gc,heap     ] GC(44)      Live:         -               204M (20%)         204M (20%)         204M (20%)            -                  -          
[18.972s][info][gc,heap     ] GC(44) Allocated:         -               178M (17%)         194M (19%)         199M (20%)            -                  -          
[18.972s][info][gc,heap     ] GC(44)   Garbage:         -               345M (34%)          73M (7%)           59M (6%)             -                  -          
[18.972s][info][gc,heap     ] GC(44) Reclaimed:         -                  -               272M (27%)         285M (28%)            -                  -          
[18.972s][info][gc          ] GC(44) Garbage Collection (Allocation Rate) 550M(54%)->464M(45%)
[18.996s][info][gc,start    ] GC(45) Garbage Collection (Allocation Rate)
[18.996s][info][gc,task     ] GC(45) Using 10 workers
[18.996s][info][gc,phases   ] GC(45) Pause Mark Start 0.011ms
[19.058s][info][gc,phases   ] GC(45) Concurrent Mark 62.195ms
[19.058s][info][gc,phases   ] GC(45) Pause Mark End 0.018ms
[19.058s][info][gc,phases   ] GC(45) Concurrent Mark Free 0.001ms
[19.060s][info][gc,phases   ] GC(45) Concurrent Process Non-Strong References 1.557ms
[19.060s][info][gc,phases   ] GC(45) Concurrent Reset Relocation Set 0.003ms
[19.066s][info][gc,phases   ] GC(45) Concurrent Select Relocation Set 6.282ms
[19.066s][info][gc,phases   ] GC(45) Pause Relocate Start 0.008ms
[19.069s][info][gc,phases   ] GC(45) Concurrent Relocate 3.056ms
[19.069s][info][gc,load     ] GC(45) Load: 0.00/0.00/0.00
[19.069s][info][gc,mmu      ] GC(45) MMU: 2ms/98.0%, 5ms/99.0%, 10ms/99.5%, 20ms/99.7%, 50ms/99.9%, 100ms/99.9%
[19.069s][info][gc,marking  ] GC(45) Mark: 8 stripe(s), 2 proactive flush(es), 1 terminate flush(es), 0 completion(s), 0 continuation(s) 
[19.070s][info][gc,marking  ] GC(45) Mark Stack Usage: 32M
[19.070s][info][gc,nmethod  ] GC(45) NMethods: 5232 registered, 61 unregistered
[19.070s][info][gc,metaspace] GC(45) Metaspace: 57M used, 57M committed, 1088M reserved
[19.070s][info][gc,ref      ] GC(45) Soft: 4700 encountered, 0 discovered, 0 enqueued
[19.070s][info][gc,ref      ] GC(45) Weak: 5543 encountered, 230 discovered, 0 enqueued
[19.070s][info][gc,ref      ] GC(45) Final: 60 encountered, 0 discovered, 0 enqueued
[19.070s][info][gc,ref      ] GC(45) Phantom: 606 encountered, 399 discovered, 0 enqueued
[19.070s][info][gc,reloc    ] GC(45) Small Pages: 248 / 496M, Empty: 266M, Relocated: 3M, In-Place: 0
[19.070s][info][gc,reloc    ] GC(45) Medium Pages: 1 / 32M, Empty: 0M, Relocated: 0M, In-Place: 0
[19.070s][info][gc,reloc    ] GC(45) Large Pages: 2 / 12M, Empty: 0M, Relocated: 0M, In-Place: 0
[19.070s][info][gc,reloc    ] GC(45) Forwarding Usage: 1M
[19.070s][info][gc,heap     ] GC(45) Min Capacity: 8M(1%)
[19.070s][info][gc,heap     ] GC(45) Max Capacity: 1024M(100%)
[19.070s][info][gc,heap     ] GC(45) Soft Max Capacity: 1024M(100%)
[19.070s][info][gc,heap     ] GC(45)                Mark Start          Mark End        Relocate Start      Relocate End           High               Low         
[19.070s][info][gc,heap     ] GC(45)  Capacity:     1024M (100%)       1024M (100%)       1024M (100%)       1024M (100%)       1024M (100%)       1024M (100%)   
[19.070s][info][gc,heap     ] GC(45)      Free:      484M (47%)         290M (28%)         540M (53%)         546M (53%)         546M (53%)         286M (28%)    
[19.070s][info][gc,heap     ] GC(45)      Used:      540M (53%)         734M (72%)         484M (47%)         478M (47%)         738M (72%)         478M (47%)    
[19.070s][info][gc,heap     ] GC(45)      Live:         -               204M (20%)         204M (20%)         204M (20%)            -                  -          
[19.070s][info][gc,heap     ] GC(45) Allocated:         -               194M (19%)         210M (21%)         213M (21%)            -                  -          
[19.070s][info][gc,heap     ] GC(45)   Garbage:         -               335M (33%)          69M (7%)           59M (6%)             -                  -          
[19.070s][info][gc,heap     ] GC(45) Reclaimed:         -                  -               266M (26%)         275M (27%)            -                  -          
[19.070s][info][gc          ] GC(45) Garbage Collection (Allocation Rate) 540M(53%)->478M(47%)
[19.105s][info][gc,start    ] GC(46) Garbage Collection (Allocation Rate)
[19.105s][info][gc,task     ] GC(46) Using 10 workers
[19.105s][info][gc,phases   ] GC(46) Pause Mark Start 0.013ms
[19.160s][info][gc,phases   ] GC(46) Concurrent Mark 55.078ms
[19.160s][info][gc,phases   ] GC(46) Pause Mark End 0.016ms
[19.160s][info][gc,phases   ] GC(46) Concurrent Mark Free 0.001ms
[19.162s][info][gc,phases   ] GC(46) Concurrent Process Non-Strong References 1.284ms
[19.162s][info][gc,phases   ] GC(46) Concurrent Reset Relocation Set 0.002ms
[19.164s][info][gc,phases   ] GC(46) Concurrent Select Relocation Set 2.409ms
[19.164s][info][gc,phases   ] GC(46) Pause Relocate Start 0.007ms
[19.167s][info][gc,phases   ] GC(46) Concurrent Relocate 2.491ms
[19.167s][info][gc,load     ] GC(46) Load: 0.00/0.00/0.00
[19.167s][info][gc,mmu      ] GC(46) MMU: 2ms/98.0%, 5ms/99.0%, 10ms/99.5%, 20ms/99.7%, 50ms/99.9%, 100ms/99.9%
[19.167s][info][gc,marking  ] GC(46) Mark: 8 stripe(s), 2 proactive flush(es), 1 terminate flush(es), 0 completion(s), 0 continuation(s) 
[19.167s][info][gc,marking  ] GC(46) Mark Stack Usage: 32M
[19.167s][info][gc,nmethod  ] GC(46) NMethods: 5324 registered, 64 unregistered
[19.167s][info][gc,metaspace] GC(46) Metaspace: 57M used, 58M committed, 1088M reserved
[19.167s][info][gc,ref      ] GC(46) Soft: 4698 encountered, 0 discovered, 0 enqueued
[19.167s][info][gc,ref      ] GC(46) Weak: 5552 encountered, 291 discovered, 1 enqueued
[19.167s][info][gc,ref      ] GC(46) Final: 60 encountered, 0 discovered, 0 enqueued
[19.167s][info][gc,ref      ] GC(46) Phantom: 606 encountered, 440 discovered, 0 enqueued
[19.167s][info][gc,reloc    ] GC(46) Small Pages: 239 / 478M, Empty: 242M, Relocated: 3M, In-Place: 0
[19.167s][info][gc,reloc    ] GC(46) Medium Pages: 1 / 32M, Empty: 0M, Relocated: 0M, In-Place: 0
[19.167s][info][gc,reloc    ] GC(46) Large Pages: 2 / 12M, Empty: 0M, Relocated: 0M, In-Place: 0
[19.167s][info][gc,reloc    ] GC(46) Forwarding Usage: 1M
[19.167s][info][gc,heap     ] GC(46) Min Capacity: 8M(1%)
[19.167s][info][gc,heap     ] GC(46) Max Capacity: 1024M(100%)
[19.167s][info][gc,heap     ] GC(46) Soft Max Capacity: 1024M(100%)
[19.167s][info][gc,heap     ] GC(46)                Mark Start          Mark End        Relocate Start      Relocate End           High               Low         
[19.167s][info][gc,heap     ] GC(46)  Capacity:     1024M (100%)       1024M (100%)       1024M (100%)       1024M (100%)       1024M (100%)       1024M (100%)   
[19.167s][info][gc,heap     ] GC(46)      Free:      502M (49%)         488M (48%)         730M (71%)         746M (73%)         746M (73%)         488M (48%)    
[19.167s][info][gc,heap     ] GC(46)      Used:      522M (51%)         536M (52%)         294M (29%)         278M (27%)         536M (52%)         278M (27%)    
[19.167s][info][gc,heap     ] GC(46)      Live:         -               204M (20%)         204M (20%)         204M (20%)            -                  -          
[19.167s][info][gc,heap     ] GC(46) Allocated:         -                14M (1%)           14M (1%)           14M (1%)             -                  -          
[19.167s][info][gc,heap     ] GC(46)   Garbage:         -               317M (31%)          75M (7%)           59M (6%)             -                  -          
[19.167s][info][gc,heap     ] GC(46) Reclaimed:         -                  -               242M (24%)         258M (25%)            -                  -          
[19.167s][info][gc          ] GC(46) Garbage Collection (Allocation Rate) 522M(51%)->278M(27%)
[19.167s][info][gc,start    ] GC(47) Garbage Collection (System.gc())
[19.167s][info][gc,task     ] GC(47) Using 10 workers
[19.167s][info][gc,phases   ] GC(47) Pause Mark Start 0.005ms
[19.207s][info][gc,phases   ] GC(47) Concurrent Mark 39.827ms
[19.207s][info][gc,phases   ] GC(47) Pause Mark End 0.017ms
[19.207s][info][gc,phases   ] GC(47) Concurrent Mark Free 0.001ms
[19.209s][info][gc,phases   ] GC(47) Concurrent Process Non-Strong References 1.365ms
[19.209s][info][gc,phases   ] GC(47) Concurrent Reset Relocation Set 0.002ms
[19.212s][info][gc,phases   ] GC(47) Concurrent Select Relocation Set 2.947ms
[19.212s][info][gc,phases   ] GC(47) Pause Relocate Start 0.007ms
[19.214s][info][gc,phases   ] GC(47) Concurrent Relocate 2.293ms
[19.214s][info][gc,load     ] GC(47) Load: 0.00/0.00/0.00
[19.214s][info][gc,mmu      ] GC(47) MMU: 2ms/98.0%, 5ms/99.0%, 10ms/99.5%, 20ms/99.7%, 50ms/99.9%, 100ms/99.9%
[19.214s][info][gc,marking  ] GC(47) Mark: 8 stripe(s), 2 proactive flush(es), 1 terminate flush(es), 0 completion(s), 0 continuation(s) 
[19.214s][info][gc,marking  ] GC(47) Mark Stack Usage: 32M
[19.214s][info][gc,nmethod  ] GC(47) NMethods: 5327 registered, 69 unregistered
[19.214s][info][gc,metaspace] GC(47) Metaspace: 57M used, 58M committed, 1088M reserved
[19.214s][info][gc,ref      ] GC(47) Soft: 4698 encountered, 0 discovered, 0 enqueued
[19.214s][info][gc,ref      ] GC(47) Weak: 5614 encountered, 282 discovered, 119 enqueued
[19.214s][info][gc,ref      ] GC(47) Final: 60 encountered, 0 discovered, 0 enqueued
[19.214s][info][gc,ref      ] GC(47) Phantom: 606 encountered, 402 discovered, 0 enqueued
[19.214s][info][gc,reloc    ] GC(47) Small Pages: 114 / 228M, Empty: 0M, Relocated: 3M, In-Place: 0
[19.214s][info][gc,reloc    ] GC(47) Medium Pages: 1 / 32M, Empty: 0M, Relocated: 0M, In-Place: 0
[19.215s][info][gc,reloc    ] GC(47) Large Pages: 3 / 18M, Empty: 6M, Relocated: 0M, In-Place: 0
[19.215s][info][gc,reloc    ] GC(47) Forwarding Usage: 1M
[19.215s][info][gc,heap     ] GC(47) Min Capacity: 8M(1%)
[19.215s][info][gc,heap     ] GC(47) Max Capacity: 1024M(100%)
[19.215s][info][gc,heap     ] GC(47) Soft Max Capacity: 1024M(100%)
[19.215s][info][gc,heap     ] GC(47)                Mark Start          Mark End        Relocate Start      Relocate End           High               Low         
[19.215s][info][gc,heap     ] GC(47)  Capacity:     1024M (100%)       1024M (100%)       1024M (100%)       1024M (100%)       1024M (100%)       1024M (100%)   
[19.215s][info][gc,heap     ] GC(47)      Free:      746M (73%)         746M (73%)         748M (73%)         756M (74%)         756M (74%)         732M (71%)    
[19.215s][info][gc,heap     ] GC(47)      Used:      278M (27%)         278M (27%)         276M (27%)         268M (26%)         292M (29%)         268M (26%)    
[19.215s][info][gc,heap     ] GC(47)      Live:         -               204M (20%)         204M (20%)         204M (20%)            -                  -          
[19.215s][info][gc,heap     ] GC(47) Allocated:         -                 0M (0%)            4M (0%)            3M (0%)             -                  -          
[19.215s][info][gc,heap     ] GC(47)   Garbage:         -                73M (7%)           67M (7%)           59M (6%)             -                  -          
[19.215s][info][gc,heap     ] GC(47) Reclaimed:         -                  -                 6M (1%)           13M (1%)             -                  -          
[19.215s][info][gc          ] GC(47) Garbage Collection (System.gc()) 278M(27%)->268M(26%)
[19.300s][info][gc,start    ] GC(48) Garbage Collection (Allocation Rate)
[19.300s][info][gc,task     ] GC(48) Using 10 workers
[19.300s][info][gc,phases   ] GC(48) Pause Mark Start 0.015ms
[19.362s][info][gc,phases   ] GC(48) Concurrent Mark 62.104ms
[19.362s][info][gc,phases   ] GC(48) Pause Mark End 0.017ms
[19.362s][info][gc,phases   ] GC(48) Concurrent Mark Free 0.001ms
[19.364s][info][gc,phases   ] GC(48) Concurrent Process Non-Strong References 1.528ms
[19.364s][info][gc,phases   ] GC(48) Concurrent Reset Relocation Set 0.001ms
[19.369s][info][gc,phases   ] GC(48) Concurrent Select Relocation Set 4.879ms
[19.369s][info][gc,phases   ] GC(48) Pause Relocate Start 0.010ms
[19.372s][info][gc,phases   ] GC(48) Concurrent Relocate 2.800ms
[19.372s][info][gc,load     ] GC(48) Load: 0.00/0.00/0.00
[19.372s][info][gc,mmu      ] GC(48) MMU: 2ms/98.0%, 5ms/99.0%, 10ms/99.5%, 20ms/99.7%, 50ms/99.9%, 100ms/99.9%
[19.372s][info][gc,marking  ] GC(48) Mark: 8 stripe(s), 2 proactive flush(es), 1 terminate flush(es), 0 completion(s), 0 continuation(s) 
[19.372s][info][gc,marking  ] GC(48) Mark Stack Usage: 32M
[19.372s][info][gc,nmethod  ] GC(48) NMethods: 5436 registered, 82 unregistered
[19.372s][info][gc,metaspace] GC(48) Metaspace: 57M used, 58M committed, 1088M reserved
[19.372s][info][gc,ref      ] GC(48) Soft: 4700 encountered, 0 discovered, 0 enqueued
[19.372s][info][gc,ref      ] GC(48) Weak: 5654 encountered, 571 discovered, 74 enqueued
[19.372s][info][gc,ref      ] GC(48) Final: 60 encountered, 0 discovered, 0 enqueued
[19.372s][info][gc,ref      ] GC(48) Phantom: 606 encountered, 451 discovered, 0 enqueued
[19.372s][info][gc,reloc    ] GC(48) Small Pages: 123 / 246M, Empty: 0M, Relocated: 4M, In-Place: 0
[19.372s][info][gc,reloc    ] GC(48) Medium Pages: 2 / 64M, Empty: 32M, Relocated: 0M, In-Place: 0
[19.372s][info][gc,reloc    ] GC(48) Large Pages: 4 / 24M, Empty: 12M, Relocated: 0M, In-Place: 0
[19.372s][info][gc,reloc    ] GC(48) Forwarding Usage: 2M
[19.372s][info][gc,heap     ] GC(48) Min Capacity: 8M(1%)
[19.372s][info][gc,heap     ] GC(48) Max Capacity: 1024M(100%)
[19.372s][info][gc,heap     ] GC(48) Soft Max Capacity: 1024M(100%)
[19.372s][info][gc,heap     ] GC(48)                Mark Start          Mark End        Relocate Start      Relocate End           High               Low         
[19.372s][info][gc,heap     ] GC(48)  Capacity:     1024M (100%)       1024M (100%)       1024M (100%)       1024M (100%)       1024M (100%)       1024M (100%)   
[19.372s][info][gc,heap     ] GC(48)      Free:      690M (67%)         502M (49%)         520M (51%)         542M (53%)         690M (67%)         486M (47%)    
[19.372s][info][gc,heap     ] GC(48)      Used:      334M (33%)         522M (51%)         504M (49%)         482M (47%)         538M (53%)         334M (33%)    
[19.372s][info][gc,heap     ] GC(48)      Live:         -               204M (20%)         204M (20%)         204M (20%)            -                  -          
[19.372s][info][gc,heap     ] GC(48) Allocated:         -               188M (18%)         214M (21%)         219M (21%)            -                  -          
[19.372s][info][gc,heap     ] GC(48)   Garbage:         -               129M (13%)          85M (8%)           57M (6%)             -                  -          
[19.372s][info][gc,heap     ] GC(48) Reclaimed:         -                  -                44M (4%)           71M (7%)             -                  -          
[19.372s][info][gc          ] GC(48) Garbage Collection (Allocation Rate) 334M(33%)->482M(47%)
[19.393s][info][gc,start    ] GC(49) Garbage Collection (Allocation Rate)
[19.394s][info][gc,task     ] GC(49) Using 10 workers
[19.394s][info][gc,phases   ] GC(49) Pause Mark Start 0.010ms
[19.456s][info][gc,phases   ] GC(49) Concurrent Mark 62.203ms
[19.456s][info][gc,phases   ] GC(49) Pause Mark End 0.028ms
[19.456s][info][gc,phases   ] GC(49) Concurrent Mark Free 0.001ms
[19.458s][info][gc,phases   ] GC(49) Concurrent Process Non-Strong References 1.782ms
[19.458s][info][gc,phases   ] GC(49) Concurrent Reset Relocation Set 0.003ms
[19.461s][info][gc,phases   ] GC(49) Concurrent Select Relocation Set 2.811ms
[19.461s][info][gc,phases   ] GC(49) Pause Relocate Start 0.006ms
[19.464s][info][gc,phases   ] GC(49) Concurrent Relocate 3.443ms
[19.465s][info][gc,load     ] GC(49) Load: 0.00/0.00/0.00
[19.465s][info][gc,mmu      ] GC(49) MMU: 2ms/98.0%, 5ms/99.0%, 10ms/99.5%, 20ms/99.7%, 50ms/99.9%, 100ms/99.9%
[19.465s][info][gc,marking  ] GC(49) Mark: 8 stripe(s), 2 proactive flush(es), 1 terminate flush(es), 0 completion(s), 0 continuation(s) 
[19.465s][info][gc,marking  ] GC(49) Mark Stack Usage: 32M
[19.465s][info][gc,nmethod  ] GC(49) NMethods: 5436 registered, 82 unregistered
[19.465s][info][gc,metaspace] GC(49) Metaspace: 57M used, 58M committed, 1088M reserved
[19.465s][info][gc,ref      ] GC(49) Soft: 4700 encountered, 0 discovered, 0 enqueued
[19.465s][info][gc,ref      ] GC(49) Weak: 5588 encountered, 274 discovered, 14 enqueued
[19.465s][info][gc,ref      ] GC(49) Final: 60 encountered, 0 discovered, 0 enqueued
[19.465s][info][gc,ref      ] GC(49) Phantom: 606 encountered, 474 discovered, 0 enqueued
[19.465s][info][gc,reloc    ] GC(49) Small Pages: 241 / 482M, Empty: 234M, Relocated: 3M, In-Place: 0
[19.465s][info][gc,reloc    ] GC(49) Medium Pages: 1 / 32M, Empty: 0M, Relocated: 0M, In-Place: 0
[19.465s][info][gc,reloc    ] GC(49) Large Pages: 2 / 12M, Empty: 0M, Relocated: 0M, In-Place: 0
[19.465s][info][gc,reloc    ] GC(49) Forwarding Usage: 1M
[19.465s][info][gc,heap     ] GC(49) Min Capacity: 8M(1%)
[19.465s][info][gc,heap     ] GC(49) Max Capacity: 1024M(100%)
[19.465s][info][gc,heap     ] GC(49) Soft Max Capacity: 1024M(100%)
[19.465s][info][gc,heap     ] GC(49)                Mark Start          Mark End        Relocate Start      Relocate End           High               Low         
[19.465s][info][gc,heap     ] GC(49)  Capacity:     1024M (100%)       1024M (100%)       1024M (100%)       1024M (100%)       1024M (100%)       1024M (100%)   
[19.465s][info][gc,heap     ] GC(49)      Free:      498M (49%)         362M (35%)         584M (57%)         604M (59%)         606M (59%)         356M (35%)    
[19.465s][info][gc,heap     ] GC(49)      Used:      526M (51%)         662M (65%)         440M (43%)         420M (41%)         668M (65%)         418M (41%)    
[19.465s][info][gc,heap     ] GC(49)      Live:         -               204M (20%)         204M (20%)         204M (20%)            -                  -          
[19.465s][info][gc,heap     ] GC(49) Allocated:         -               136M (13%)         148M (14%)         155M (15%)            -                  -          
[19.465s][info][gc,heap     ] GC(49)   Garbage:         -               321M (31%)          87M (9%)           59M (6%)             -                  -          
[19.465s][info][gc,heap     ] GC(49) Reclaimed:         -                  -               234M (23%)         261M (26%)            -                  -          
[19.465s][info][gc          ] GC(49) Garbage Collection (Allocation Rate) 526M(51%)->420M(41%)
[19.503s][info][gc,start    ] GC(50) Garbage Collection (Allocation Rate)
[19.503s][info][gc,task     ] GC(50) Using 10 workers
[19.503s][info][gc,phases   ] GC(50) Pause Mark Start 0.017ms
[19.565s][info][gc,phases   ] GC(50) Concurrent Mark 62.070ms
[19.565s][info][gc,phases   ] GC(50) Pause Mark End 0.017ms
[19.565s][info][gc,phases   ] GC(50) Concurrent Mark Free 0.001ms
[19.567s][info][gc,phases   ] GC(50) Concurrent Process Non-Strong References 1.688ms
[19.567s][info][gc,phases   ] GC(50) Concurrent Reset Relocation Set 0.003ms
[19.571s][info][gc,phases   ] GC(50) Concurrent Select Relocation Set 3.680ms
[19.571s][info][gc,phases   ] GC(50) Pause Relocate Start 0.007ms
[19.574s][info][gc,phases   ] GC(50) Concurrent Relocate 2.519ms
[19.574s][info][gc,load     ] GC(50) Load: 0.00/0.00/0.00
[19.574s][info][gc,mmu      ] GC(50) MMU: 2ms/98.0%, 5ms/99.0%, 10ms/99.5%, 20ms/99.7%, 50ms/99.9%, 100ms/99.9%
[19.574s][info][gc,marking  ] GC(50) Mark: 8 stripe(s), 2 proactive flush(es), 1 terminate flush(es), 0 completion(s), 0 continuation(s) 
[19.574s][info][gc,marking  ] GC(50) Mark Stack Usage: 32M
[19.574s][info][gc,nmethod  ] GC(50) NMethods: 5436 registered, 83 unregistered
[19.574s][info][gc,metaspace] GC(50) Metaspace: 57M used, 58M committed, 1088M reserved
[19.574s][info][gc,ref      ] GC(50) Soft: 4700 encountered, 0 discovered, 0 enqueued
[19.574s][info][gc,ref      ] GC(50) Weak: 5574 encountered, 282 discovered, 0 enqueued
[19.574s][info][gc,ref      ] GC(50) Final: 60 encountered, 0 discovered, 0 enqueued
[19.574s][info][gc,ref      ] GC(50) Phantom: 606 encountered, 419 discovered, 0 enqueued
[19.574s][info][gc,reloc    ] GC(50) Small Pages: 244 / 488M, Empty: 254M, Relocated: 3M, In-Place: 0
[19.574s][info][gc,reloc    ] GC(50) Medium Pages: 1 / 32M, Empty: 0M, Relocated: 0M, In-Place: 0
[19.574s][info][gc,reloc    ] GC(50) Large Pages: 2 / 12M, Empty: 0M, Relocated: 0M, In-Place: 0
[19.574s][info][gc,reloc    ] GC(50) Forwarding Usage: 1M
[19.574s][info][gc,heap     ] GC(50) Min Capacity: 8M(1%)
[19.574s][info][gc,heap     ] GC(50) Max Capacity: 1024M(100%)
[19.574s][info][gc,heap     ] GC(50) Soft Max Capacity: 1024M(100%)
[19.574s][info][gc,heap     ] GC(50)                Mark Start          Mark End        Relocate Start      Relocate End           High               Low         
[19.574s][info][gc,heap     ] GC(50)  Capacity:     1024M (100%)       1024M (100%)       1024M (100%)       1024M (100%)       1024M (100%)       1024M (100%)   
[19.574s][info][gc,heap     ] GC(50)      Free:      492M (48%)         314M (31%)         550M (54%)         556M (54%)         560M (55%)         308M (30%)    
[19.574s][info][gc,heap     ] GC(50)      Used:      532M (52%)         710M (69%)         474M (46%)         468M (46%)         716M (70%)         464M (45%)    
[19.574s][info][gc,heap     ] GC(50)      Live:         -               204M (20%)         204M (20%)         204M (20%)            -                  -          
[19.574s][info][gc,heap     ] GC(50) Allocated:         -               178M (17%)         196M (19%)         203M (20%)            -                  -          
[19.574s][info][gc,heap     ] GC(50)   Garbage:         -               327M (32%)          73M (7%)           59M (6%)             -                  -          
[19.574s][info][gc,heap     ] GC(50) Reclaimed:         -                  -               254M (25%)         267M (26%)            -                  -          
[19.574s][info][gc          ] GC(50) Garbage Collection (Allocation Rate) 532M(52%)->468M(46%)
[19.597s][info][gc,start    ] GC(51) Garbage Collection (Allocation Rate)
[19.597s][info][gc,task     ] GC(51) Using 10 workers
[19.597s][info][gc,phases   ] GC(51) Pause Mark Start 0.011ms
[19.659s][info][gc,phases   ] GC(51) Concurrent Mark 62.175ms
[19.659s][info][gc,phases   ] GC(51) Pause Mark End 0.019ms
[19.659s][info][gc,phases   ] GC(51) Concurrent Mark Free 0.001ms
[19.661s][info][gc,phases   ] GC(51) Concurrent Process Non-Strong References 1.693ms
[19.661s][info][gc,phases   ] GC(51) Concurrent Reset Relocation Set 0.003ms
[19.665s][info][gc,phases   ] GC(51) Concurrent Select Relocation Set 3.657ms
[19.665s][info][gc,phases   ] GC(51) Pause Relocate Start 0.009ms
[19.668s][info][gc,phases   ] GC(51) Concurrent Relocate 2.730ms
[19.668s][info][gc,load     ] GC(51) Load: 0.00/0.00/0.00
[19.668s][info][gc,mmu      ] GC(51) MMU: 2ms/98.0%, 5ms/99.0%, 10ms/99.5%, 20ms/99.7%, 50ms/99.9%, 100ms/99.9%
[19.668s][info][gc,marking  ] GC(51) Mark: 8 stripe(s), 2 proactive flush(es), 1 terminate flush(es), 0 completion(s), 0 continuation(s) 
[19.668s][info][gc,marking  ] GC(51) Mark Stack Usage: 32M
[19.668s][info][gc,nmethod  ] GC(51) NMethods: 5436 registered, 83 unregistered
[19.668s][info][gc,metaspace] GC(51) Metaspace: 57M used, 58M committed, 1088M reserved
[19.668s][info][gc,ref      ] GC(51) Soft: 4700 encountered, 0 discovered, 0 enqueued
[19.668s][info][gc,ref      ] GC(51) Weak: 5574 encountered, 211 discovered, 0 enqueued
[19.668s][info][gc,ref      ] GC(51) Final: 60 encountered, 0 discovered, 0 enqueued
[19.668s][info][gc,ref      ] GC(51) Phantom: 606 encountered, 563 discovered, 0 enqueued
[19.668s][info][gc,reloc    ] GC(51) Small Pages: 251 / 502M, Empty: 270M, Relocated: 3M, In-Place: 0
[19.668s][info][gc,reloc    ] GC(51) Medium Pages: 1 / 32M, Empty: 0M, Relocated: 0M, In-Place: 0
[19.668s][info][gc,reloc    ] GC(51) Large Pages: 2 / 12M, Empty: 0M, Relocated: 0M, In-Place: 0
[19.668s][info][gc,reloc    ] GC(51) Forwarding Usage: 1M
[19.668s][info][gc,heap     ] GC(51) Min Capacity: 8M(1%)
[19.668s][info][gc,heap     ] GC(51) Max Capacity: 1024M(100%)
[19.668s][info][gc,heap     ] GC(51) Soft Max Capacity: 1024M(100%)
[19.668s][info][gc,heap     ] GC(51)                Mark Start          Mark End        Relocate Start      Relocate End           High               Low         
[19.668s][info][gc,heap     ] GC(51)  Capacity:     1024M (100%)       1024M (100%)       1024M (100%)       1024M (100%)       1024M (100%)       1024M (100%)   
[19.668s][info][gc,heap     ] GC(51)      Free:      478M (47%)         268M (26%)         518M (51%)         522M (51%)         524M (51%)         262M (26%)    
[19.668s][info][gc,heap     ] GC(51)      Used:      546M (53%)         756M (74%)         506M (49%)         502M (49%)         762M (74%)         500M (49%)    
[19.668s][info][gc,heap     ] GC(51)      Live:         -               204M (20%)         204M (20%)         204M (20%)            -                  -          
[19.668s][info][gc,heap     ] GC(51) Allocated:         -               210M (21%)         230M (22%)         237M (23%)            -                  -          
[19.668s][info][gc,heap     ] GC(51)   Garbage:         -               341M (33%)          71M (7%)           59M (6%)             -                  -          
[19.669s][info][gc,heap     ] GC(51) Reclaimed:         -                  -               270M (26%)         281M (28%)            -                  -          
[19.669s][info][gc          ] GC(51) Garbage Collection (Allocation Rate) 546M(53%)->502M(49%)
[19.706s][info][gc,start    ] GC(52) Garbage Collection (Allocation Rate)
[19.706s][info][gc,task     ] GC(52) Using 10 workers
[19.706s][info][gc,phases   ] GC(52) Pause Mark Start 0.013ms
[19.768s][info][gc,phases   ] GC(52) Concurrent Mark 62.200ms
[19.769s][info][gc,phases   ] GC(52) Pause Mark End 0.019ms
[19.769s][info][gc,phases   ] GC(52) Concurrent Mark Free 0.001ms
[19.770s][info][gc,phases   ] GC(52) Concurrent Process Non-Strong References 1.663ms
[19.770s][info][gc,phases   ] GC(52) Concurrent Reset Relocation Set 0.003ms
[19.777s][info][gc,phases   ] GC(52) Concurrent Select Relocation Set 6.743ms
[19.777s][info][gc,phases   ] GC(52) Pause Relocate Start 0.008ms
[19.780s][info][gc,phases   ] GC(52) Concurrent Relocate 3.008ms
[19.780s][info][gc,load     ] GC(52) Load: 0.00/0.00/0.00
[19.780s][info][gc,mmu      ] GC(52) MMU: 2ms/98.0%, 5ms/99.0%, 10ms/99.5%, 20ms/99.7%, 50ms/99.9%, 100ms/99.9%
[19.780s][info][gc,marking  ] GC(52) Mark: 8 stripe(s), 2 proactive flush(es), 1 terminate flush(es), 0 completion(s), 0 continuation(s) 
[19.780s][info][gc,marking  ] GC(52) Mark Stack Usage: 32M
[19.780s][info][gc,nmethod  ] GC(52) NMethods: 5436 registered, 83 unregistered
[19.781s][info][gc,metaspace] GC(52) Metaspace: 57M used, 58M committed, 1088M reserved
[19.781s][info][gc,ref      ] GC(52) Soft: 4700 encountered, 0 discovered, 0 enqueued
[19.781s][info][gc,ref      ] GC(52) Weak: 5574 encountered, 334 discovered, 0 enqueued
[19.781s][info][gc,ref      ] GC(52) Final: 60 encountered, 0 discovered, 0 enqueued
[19.781s][info][gc,ref      ] GC(52) Phantom: 606 encountered, 393 discovered, 0 enqueued
[19.781s][info][gc,reloc    ] GC(52) Small Pages: 289 / 578M, Empty: 344M, Relocated: 3M, In-Place: 0
[19.781s][info][gc,reloc    ] GC(52) Medium Pages: 1 / 32M, Empty: 0M, Relocated: 0M, In-Place: 0
[19.781s][info][gc,reloc    ] GC(52) Large Pages: 2 / 12M, Empty: 0M, Relocated: 0M, In-Place: 0
[19.781s][info][gc,reloc    ] GC(52) Forwarding Usage: 1M
[19.781s][info][gc,heap     ] GC(52) Min Capacity: 8M(1%)
[19.781s][info][gc,heap     ] GC(52) Max Capacity: 1024M(100%)
[19.781s][info][gc,heap     ] GC(52) Soft Max Capacity: 1024M(100%)
[19.781s][info][gc,heap     ] GC(52)                Mark Start          Mark End        Relocate Start      Relocate End           High               Low         
[19.781s][info][gc,heap     ] GC(52)  Capacity:     1024M (100%)       1024M (100%)       1024M (100%)       1024M (100%)       1024M (100%)       1024M (100%)   
[19.781s][info][gc,heap     ] GC(52)      Free:      402M (39%)         208M (20%)         526M (51%)         530M (52%)         536M (52%)         204M (20%)    
[19.781s][info][gc,heap     ] GC(52)      Used:      622M (61%)         816M (80%)         498M (49%)         494M (48%)         820M (80%)         488M (48%)    
[19.781s][info][gc,heap     ] GC(52)      Live:         -               204M (20%)         204M (20%)         204M (20%)            -                  -          
[19.781s][info][gc,heap     ] GC(52) Allocated:         -               194M (19%)         220M (21%)         229M (22%)            -                  -          
[19.781s][info][gc,heap     ] GC(52)   Garbage:         -               417M (41%)          73M (7%)           59M (6%)             -                  -          
[19.781s][info][gc,heap     ] GC(52) Reclaimed:         -                  -               344M (34%)         357M (35%)            -                  -          
[19.781s][info][gc          ] GC(52) Garbage Collection (Allocation Rate) 622M(61%)->494M(48%)
[19.800s][info][gc,start    ] GC(53) Garbage Collection (Allocation Rate)
[19.800s][info][gc,task     ] GC(53) Using 10 workers
[19.800s][info][gc,phases   ] GC(53) Pause Mark Start 0.013ms
[19.854s][info][gc,phases   ] GC(53) Concurrent Mark 54.178ms
[19.854s][info][gc,phases   ] GC(53) Pause Mark End 0.023ms
[19.854s][info][gc,phases   ] GC(53) Concurrent Mark Free 0.001ms
[19.856s][info][gc,phases   ] GC(53) Concurrent Process Non-Strong References 1.484ms
[19.856s][info][gc,phases   ] GC(53) Concurrent Reset Relocation Set 0.002ms
[19.860s][info][gc,phases   ] GC(53) Concurrent Select Relocation Set 3.667ms
[19.860s][info][gc,phases   ] GC(53) Pause Relocate Start 0.007ms
[19.862s][info][gc,phases   ] GC(53) Concurrent Relocate 2.522ms
[19.862s][info][gc,load     ] GC(53) Load: 0.00/0.00/0.00
[19.862s][info][gc,mmu      ] GC(53) MMU: 2ms/98.0%, 5ms/99.0%, 10ms/99.5%, 20ms/99.7%, 50ms/99.9%, 100ms/99.9%
[19.862s][info][gc,marking  ] GC(53) Mark: 8 stripe(s), 2 proactive flush(es), 1 terminate flush(es), 0 completion(s), 0 continuation(s) 
[19.862s][info][gc,marking  ] GC(53) Mark Stack Usage: 32M
[19.862s][info][gc,nmethod  ] GC(53) NMethods: 5440 registered, 84 unregistered
[19.862s][info][gc,metaspace] GC(53) Metaspace: 57M used, 58M committed, 1088M reserved
[19.862s][info][gc,ref      ] GC(53) Soft: 4700 encountered, 0 discovered, 0 enqueued
[19.862s][info][gc,ref      ] GC(53) Weak: 5574 encountered, 253 discovered, 0 enqueued
[19.863s][info][gc,ref      ] GC(53) Final: 60 encountered, 0 discovered, 0 enqueued
[19.863s][info][gc,ref      ] GC(53) Phantom: 606 encountered, 351 discovered, 0 enqueued
[19.863s][info][gc,reloc    ] GC(53) Small Pages: 252 / 504M, Empty: 272M, Relocated: 3M, In-Place: 0
[19.863s][info][gc,reloc    ] GC(53) Medium Pages: 1 / 32M, Empty: 0M, Relocated: 0M, In-Place: 0
[19.863s][info][gc,reloc    ] GC(53) Large Pages: 2 / 12M, Empty: 0M, Relocated: 0M, In-Place: 0
[19.863s][info][gc,reloc    ] GC(53) Forwarding Usage: 1M
[19.863s][info][gc,heap     ] GC(53) Min Capacity: 8M(1%)
[19.863s][info][gc,heap     ] GC(53) Max Capacity: 1024M(100%)
[19.863s][info][gc,heap     ] GC(53) Soft Max Capacity: 1024M(100%)
[19.863s][info][gc,heap     ] GC(53)                Mark Start          Mark End        Relocate Start      Relocate End           High               Low         
[19.863s][info][gc,heap     ] GC(53)  Capacity:     1024M (100%)       1024M (100%)       1024M (100%)       1024M (100%)       1024M (100%)       1024M (100%)   
[19.863s][info][gc,heap     ] GC(53)      Free:      476M (46%)         328M (32%)         584M (57%)         590M (58%)         592M (58%)         324M (32%)    
[19.863s][info][gc,heap     ] GC(53)      Used:      548M (54%)         696M (68%)         440M (43%)         434M (42%)         700M (68%)         432M (42%)    
[19.863s][info][gc,heap     ] GC(53)      Live:         -               204M (20%)         204M (20%)         204M (20%)            -                  -          
[19.863s][info][gc,heap     ] GC(53) Allocated:         -               148M (14%)         164M (16%)         169M (17%)            -                  -          
[19.863s][info][gc,heap     ] GC(53)   Garbage:         -               343M (34%)          71M (7%)           59M (6%)             -                  -          
[19.863s][info][gc,heap     ] GC(53) Reclaimed:         -                  -               272M (27%)         283M (28%)            -                  -          
[19.863s][info][gc          ] GC(53) Garbage Collection (Allocation Rate) 548M(54%)->434M(42%)
[19.901s][info][gc,start    ] GC(54) Garbage Collection (Allocation Rate)
[19.901s][info][gc,task     ] GC(54) Using 10 workers
[19.901s][info][gc,phases   ] GC(54) Pause Mark Start 0.012ms
[19.963s][info][gc,phases   ] GC(54) Concurrent Mark 62.245ms
[19.964s][info][gc,phases   ] GC(54) Pause Mark End 0.018ms
[19.964s][info][gc,phases   ] GC(54) Concurrent Mark Free 0.001ms
[19.965s][info][gc,phases   ] GC(54) Concurrent Process Non-Strong References 1.696ms
[19.965s][info][gc,phases   ] GC(54) Concurrent Reset Relocation Set 0.003ms
[19.969s][info][gc,phases   ] GC(54) Concurrent Select Relocation Set 3.643ms
[19.969s][info][gc,phases   ] GC(54) Pause Relocate Start 0.008ms
[19.972s][info][gc,phases   ] GC(54) Concurrent Relocate 3.001ms
[19.972s][info][gc,load     ] GC(54) Load: 0.00/0.00/0.00
[19.972s][info][gc,mmu      ] GC(54) MMU: 2ms/98.0%, 5ms/99.0%, 10ms/99.5%, 20ms/99.7%, 50ms/99.9%, 100ms/99.9%
[19.972s][info][gc,marking  ] GC(54) Mark: 8 stripe(s), 2 proactive flush(es), 1 terminate flush(es), 0 completion(s), 0 continuation(s) 
[19.972s][info][gc,marking  ] GC(54) Mark Stack Usage: 32M
[19.972s][info][gc,nmethod  ] GC(54) NMethods: 5436 registered, 89 unregistered
[19.972s][info][gc,metaspace] GC(54) Metaspace: 57M used, 58M committed, 1088M reserved
[19.972s][info][gc,ref      ] GC(54) Soft: 4700 encountered, 0 discovered, 0 enqueued
[19.973s][info][gc,ref      ] GC(54) Weak: 5574 encountered, 253 discovered, 0 enqueued
[19.973s][info][gc,ref      ] GC(54) Final: 60 encountered, 0 discovered, 0 enqueued
[19.973s][info][gc,ref      ] GC(54) Phantom: 606 encountered, 466 discovered, 0 enqueued
[19.973s][info][gc,reloc    ] GC(54) Small Pages: 254 / 508M, Empty: 278M, Relocated: 3M, In-Place: 0
[19.973s][info][gc,reloc    ] GC(54) Medium Pages: 1 / 32M, Empty: 0M, Relocated: 0M, In-Place: 0
[19.973s][info][gc,reloc    ] GC(54) Large Pages: 2 / 12M, Empty: 0M, Relocated: 0M, In-Place: 0
[19.973s][info][gc,reloc    ] GC(54) Forwarding Usage: 1M
[19.973s][info][gc,heap     ] GC(54) Min Capacity: 8M(1%)
[19.973s][info][gc,heap     ] GC(54) Max Capacity: 1024M(100%)
[19.973s][info][gc,heap     ] GC(54) Soft Max Capacity: 1024M(100%)
[19.973s][info][gc,heap     ] GC(54)                Mark Start          Mark End        Relocate Start      Relocate End           High               Low         
[19.973s][info][gc,heap     ] GC(54)  Capacity:     1024M (100%)       1024M (100%)       1024M (100%)       1024M (100%)       1024M (100%)       1024M (100%)   
[19.973s][info][gc,heap     ] GC(54)      Free:      472M (46%)         286M (28%)         548M (54%)         548M (54%)         552M (54%)         280M (27%)    
[19.973s][info][gc,heap     ] GC(54)      Used:      552M (54%)         738M (72%)         476M (46%)         476M (46%)         744M (73%)         472M (46%)    
[19.973s][info][gc,heap     ] GC(54)      Live:         -               204M (20%)         204M (20%)         204M (20%)            -                  -          
[19.973s][info][gc,heap     ] GC(54) Allocated:         -               186M (18%)         202M (20%)         211M (21%)            -                  -          
[19.973s][info][gc,heap     ] GC(54)   Garbage:         -               347M (34%)          69M (7%)           59M (6%)             -                  -          
[19.973s][info][gc,heap     ] GC(54) Reclaimed:         -                  -               278M (27%)         287M (28%)            -                  -          
[19.973s][info][gc          ] GC(54) Garbage Collection (Allocation Rate) 552M(54%)->476M(46%)
[19.995s][info][gc,start    ] GC(55) Garbage Collection (Allocation Rate)
[19.995s][info][gc,task     ] GC(55) Using 10 workers
[19.995s][info][gc,phases   ] GC(55) Pause Mark Start 0.011ms
[20.057s][info][gc,phases   ] GC(55) Concurrent Mark 62.218ms
[20.057s][info][gc,phases   ] GC(55) Pause Mark End 0.018ms
[20.057s][info][gc,phases   ] GC(55) Concurrent Mark Free 0.001ms
[20.059s][info][gc,phases   ] GC(55) Concurrent Process Non-Strong References 1.371ms
[20.059s][info][gc,phases   ] GC(55) Concurrent Reset Relocation Set 0.001ms
[20.062s][info][gc,phases   ] GC(55) Concurrent Select Relocation Set 2.804ms
[20.062s][info][gc,phases   ] GC(55) Pause Relocate Start 0.007ms
[20.065s][info][gc,phases   ] GC(55) Concurrent Relocate 3.755ms
[20.065s][info][gc,load     ] GC(55) Load: 0.00/0.00/0.00
[20.065s][info][gc,mmu      ] GC(55) MMU: 2ms/98.0%, 5ms/99.0%, 10ms/99.5%, 20ms/99.7%, 50ms/99.9%, 100ms/99.9%
[20.065s][info][gc,marking  ] GC(55) Mark: 8 stripe(s), 2 proactive flush(es), 1 terminate flush(es), 0 completion(s), 0 continuation(s) 
[20.065s][info][gc,marking  ] GC(55) Mark Stack Usage: 32M
[20.066s][info][gc,nmethod  ] GC(55) NMethods: 5449 registered, 89 unregistered
[20.066s][info][gc,metaspace] GC(55) Metaspace: 57M used, 58M committed, 1088M reserved
[20.066s][info][gc,ref      ] GC(55) Soft: 4700 encountered, 0 discovered, 0 enqueued
[20.066s][info][gc,ref      ] GC(55) Weak: 5572 encountered, 293 discovered, 0 enqueued
[20.066s][info][gc,ref      ] GC(55) Final: 60 encountered, 1 discovered, 0 enqueued
[20.066s][info][gc,ref      ] GC(55) Phantom: 606 encountered, 408 discovered, 0 enqueued
[20.066s][info][gc,reloc    ] GC(55) Small Pages: 253 / 506M, Empty: 268M, Relocated: 3M, In-Place: 0
[20.066s][info][gc,reloc    ] GC(55) Medium Pages: 1 / 32M, Empty: 0M, Relocated: 0M, In-Place: 0
[20.066s][info][gc,reloc    ] GC(55) Large Pages: 2 / 12M, Empty: 0M, Relocated: 0M, In-Place: 0
[20.066s][info][gc,reloc    ] GC(55) Forwarding Usage: 1M
[20.066s][info][gc,heap     ] GC(55) Min Capacity: 8M(1%)
[20.066s][info][gc,heap     ] GC(55) Max Capacity: 1024M(100%)
[20.066s][info][gc,heap     ] GC(55) Soft Max Capacity: 1024M(100%)
[20.066s][info][gc,heap     ] GC(55)                Mark Start          Mark End        Relocate Start      Relocate End           High               Low         
[20.066s][info][gc,heap     ] GC(55)  Capacity:     1024M (100%)       1024M (100%)       1024M (100%)       1024M (100%)       1024M (100%)       1024M (100%)   
[20.066s][info][gc,heap     ] GC(55)      Free:      474M (46%)         316M (31%)         576M (56%)         592M (58%)         592M (58%)         314M (31%)    
[20.066s][info][gc,heap     ] GC(55)      Used:      550M (54%)         708M (69%)         448M (44%)         432M (42%)         710M (69%)         432M (42%)    
[20.066s][info][gc,heap     ] GC(55)      Live:         -               204M (20%)         204M (20%)         204M (20%)            -                  -          
[20.066s][info][gc,heap     ] GC(55) Allocated:         -               158M (15%)         166M (16%)         167M (16%)            -                  -          
[20.066s][info][gc,heap     ] GC(55)   Garbage:         -               345M (34%)          77M (8%)           59M (6%)             -                  -          
[20.066s][info][gc,heap     ] GC(55) Reclaimed:         -                  -               268M (26%)         285M (28%)            -                  -          
[20.066s][info][gc          ] GC(55) Garbage Collection (Allocation Rate) 550M(54%)->432M(42%)
[20.097s][info][gc,stats    ] === Garbage Collection Statistics =======================================================================================================================
[20.097s][info][gc,stats    ]                                                              Last 10s              Last 10m              Last 10h                Total
[20.097s][info][gc,stats    ]                                                              Avg / Max             Avg / Max             Avg / Max             Avg / Max
[20.097s][info][gc,stats    ]   Collector: Garbage Collection Cycle                     77.201 / 180.294      77.201 / 180.294      77.201 / 180.294      77.201 / 180.294     ms
[20.098s][info][gc,stats    ]  Contention: Mark Segment Reset Contention                    15 / 45                7 / 45                7 / 45                7 / 45          ops/s
[20.098s][info][gc,stats    ]  Contention: Mark SeqNum Reset Contention                      2 / 7                 1 / 7                 1 / 7                 1 / 7           ops/s
[20.098s][info][gc,stats    ]    Critical: Allocation Stall                                  0 / 0                 0 / 0                 0 / 0                 0 / 0           ops/s
[20.098s][info][gc,stats    ]    Critical: Allocation Stall                              0.000 / 0.000         0.000 / 0.000         0.000 / 0.000         0.000 / 0.000       ms
[20.098s][info][gc,stats    ]    Critical: GC Locker Stall                                   0 / 1                 0 / 1                 0 / 1                 0 / 1           ops/s
[20.098s][info][gc,stats    ]    Critical: GC Locker Stall                               0.001 / 0.001         0.001 / 0.001         0.001 / 0.001         0.001 / 0.001       ms
[20.098s][info][gc,stats    ]    Critical: Relocation Stall                                  0 / 0                 0 / 0                 0 / 0                 0 / 0           ops/s
[20.098s][info][gc,stats    ]    Critical: Relocation Stall                              0.000 / 0.000         0.000 / 0.000         0.000 / 0.000         0.000 / 0.000       ms
[20.098s][info][gc,stats    ]      Memory: Allocation Rate                                1336 / 2466            673 / 2466            673 / 2466            673 / 2466        MB/s
[20.098s][info][gc,stats    ]      Memory: Defragment                                        0 / 0                 0 / 0                 0 / 0                 0 / 0           ops/s
[20.098s][info][gc,stats    ]      Memory: Out Of Memory                                     0 / 0                 0 / 0                 0 / 0                 0 / 0           ops/s
[20.098s][info][gc,stats    ]      Memory: Page Cache Flush                                  7 / 76                3 / 76                3 / 76                3 / 76          MB/s
[20.098s][info][gc,stats    ]      Memory: Page Cache Hit L1                               668 / 1295            334 / 1295            334 / 1295            334 / 1295        ops/s
[20.098s][info][gc,stats    ]      Memory: Page Cache Hit L2                                 0 / 0                 0 / 0                 0 / 0                 0 / 0           ops/s
[20.098s][info][gc,stats    ]      Memory: Page Cache Hit L3                                44 / 122              24 / 122              24 / 122              24 / 122         ops/s
[20.098s][info][gc,stats    ]      Memory: Page Cache Miss                                   0 / 4                 0 / 4                 0 / 4                 0 / 4           ops/s
[20.098s][info][gc,stats    ]      Memory: Uncommit                                          0 / 0                 0 / 0                 0 / 0                 0 / 0           MB/s
[20.098s][info][gc,stats    ]      Memory: Undo Object Allocation Failed                     0 / 4                 0 / 4                 0 / 4                 0 / 4           ops/s
[20.098s][info][gc,stats    ]      Memory: Undo Object Allocation Succeeded                  1 / 7                 0 / 7                 0 / 7                 0 / 7           ops/s
[20.098s][info][gc,stats    ]      Memory: Undo Page Allocation                             17 / 57                8 / 57                8 / 57                8 / 57          ops/s
[20.098s][info][gc,stats    ]       Phase: Concurrent Mark                              61.515 / 124.633      61.515 / 124.633      61.515 / 124.633      61.515 / 124.633     ms
[20.098s][info][gc,stats    ]       Phase: Concurrent Mark Continue                      0.000 / 0.000         0.000 / 0.000         0.000 / 0.000         0.000 / 0.000       ms
[20.098s][info][gc,stats    ]       Phase: Concurrent Mark Free                          0.001 / 0.004         0.001 / 0.004         0.001 / 0.004         0.001 / 0.004       ms
[20.098s][info][gc,stats    ]       Phase: Concurrent Process Non-Strong References      1.935 / 12.360        1.935 / 12.360        1.935 / 12.360        1.935 / 12.360      ms
[20.098s][info][gc,stats    ]       Phase: Concurrent Relocate                           6.435 / 32.034        6.435 / 32.034        6.435 / 32.034        6.435 / 32.034      ms
[20.098s][info][gc,stats    ]       Phase: Concurrent Reset Relocation Set               0.009 / 0.053         0.009 / 0.053         0.009 / 0.053         0.009 / 0.053       ms
[20.098s][info][gc,stats    ]       Phase: Concurrent Select Relocation Set              6.454 / 27.180        6.454 / 27.180        6.454 / 27.180        6.454 / 27.180      ms
[20.098s][info][gc,stats    ]       Phase: Pause Mark End                                0.020 / 0.041         0.020 / 0.041         0.020 / 0.041         0.020 / 0.041       ms
[20.098s][info][gc,stats    ]       Phase: Pause Mark Start                              0.013 / 0.023         0.013 / 0.023         0.013 / 0.023         0.013 / 0.023       ms
[20.099s][info][gc,stats    ]       Phase: Pause Relocate Start                          0.009 / 0.024         0.009 / 0.024         0.009 / 0.024         0.009 / 0.024       ms
[20.099s][info][gc,stats    ]    Subphase: Concurrent Classes Purge                      0.092 / 0.968         0.092 / 0.968         0.092 / 0.968         0.092 / 0.968       ms
[20.099s][info][gc,stats    ]    Subphase: Concurrent Classes Unlink                     1.414 / 11.588        1.414 / 11.588        1.414 / 11.588        1.414 / 11.588      ms
[20.099s][info][gc,stats    ]    Subphase: Concurrent Mark                              55.679 / 121.544      55.679 / 121.544      55.679 / 121.544      55.679 / 121.544     ms
[20.099s][info][gc,stats    ]    Subphase: Concurrent Mark Try Flush                     0.162 / 14.518        0.162 / 14.518        0.162 / 14.518        0.162 / 14.518      ms
[20.099s][info][gc,stats    ]    Subphase: Concurrent Mark Try Terminate                 8.795 / 16.649        8.795 / 16.649        8.795 / 16.649        8.795 / 16.649      ms
[20.099s][info][gc,stats    ]    Subphase: Concurrent References Enqueue                 0.001 / 0.004         0.001 / 0.004         0.001 / 0.004         0.001 / 0.004       ms
[20.099s][info][gc,stats    ]    Subphase: Concurrent References Process                 0.077 / 0.158         0.077 / 0.158         0.077 / 0.158         0.077 / 0.158       ms
[20.099s][info][gc,stats    ]    Subphase: Concurrent Roots ClassLoaderDataGraph         0.089 / 0.915         0.089 / 0.915         0.089 / 0.915         0.089 / 0.915       ms
[20.099s][info][gc,stats    ]    Subphase: Concurrent Roots CodeCache                    0.000 / 0.000         0.000 / 0.000         0.000 / 0.000         0.000 / 0.000       ms
[20.099s][info][gc,stats    ]    Subphase: Concurrent Roots JavaThreads                  3.691 / 6.382         3.691 / 6.382         3.691 / 6.382         3.691 / 6.382       ms
[20.099s][info][gc,stats    ]    Subphase: Concurrent Roots OopStorageSet                0.020 / 0.249         0.020 / 0.249         0.020 / 0.249         0.020 / 0.249       ms
[20.099s][info][gc,stats    ]    Subphase: Concurrent Weak Roots OopStorageSet           0.191 / 0.405         0.191 / 0.405         0.191 / 0.405         0.191 / 0.405       ms
[20.099s][info][gc,stats    ]    Subphase: Pause Mark Try Complete                       0.001 / 0.005         0.001 / 0.005         0.001 / 0.005         0.001 / 0.005       ms
[20.099s][info][gc,stats    ]      System: Java Threads                                     90 / 133              90 / 133              90 / 133              90 / 133         threads
[20.099s][info][gc,stats    ] =========================================================================================================================================================
[20.101s][info][gc,start    ] GC(56) Garbage Collection (System.gc())
[20.101s][info][gc,task     ] GC(56) Using 10 workers
[20.102s][info][gc,phases   ] GC(56) Pause Mark Start 0.013ms
[20.160s][info][gc,phases   ] GC(56) Concurrent Mark 58.078ms
[20.160s][info][gc,phases   ] GC(56) Pause Mark End 0.021ms
[20.160s][info][gc,phases   ] GC(56) Concurrent Mark Free 0.001ms
[20.162s][info][gc,phases   ] GC(56) Concurrent Process Non-Strong References 1.880ms
[20.162s][info][gc,phases   ] GC(56) Concurrent Reset Relocation Set 0.002ms
[20.165s][info][gc,phases   ] GC(56) Concurrent Select Relocation Set 3.336ms
[20.166s][info][gc,phases   ] GC(56) Pause Relocate Start 0.008ms
[20.168s][info][gc,phases   ] GC(56) Concurrent Relocate 2.531ms
[20.168s][info][gc,load     ] GC(56) Load: 0.00/0.00/0.00
[20.168s][info][gc,mmu      ] GC(56) MMU: 2ms/98.0%, 5ms/99.0%, 10ms/99.5%, 20ms/99.7%, 50ms/99.9%, 100ms/99.9%
[20.168s][info][gc,marking  ] GC(56) Mark: 8 stripe(s), 2 proactive flush(es), 1 terminate flush(es), 0 completion(s), 0 continuation(s) 
[20.168s][info][gc,marking  ] GC(56) Mark Stack Usage: 32M
[20.168s][info][gc,nmethod  ] GC(56) NMethods: 5542 registered, 106 unregistered
[20.168s][info][gc,metaspace] GC(56) Metaspace: 57M used, 58M committed, 1088M reserved
[20.169s][info][gc,ref      ] GC(56) Soft: 4698 encountered, 0 discovered, 0 enqueued
[20.169s][info][gc,ref      ] GC(56) Weak: 5631 encountered, 1548 discovered, 119 enqueued
[20.169s][info][gc,ref      ] GC(56) Final: 60 encountered, 0 discovered, 0 enqueued
[20.169s][info][gc,ref      ] GC(56) Phantom: 606 encountered, 447 discovered, 0 enqueued
[20.169s][info][gc,reloc    ] GC(56) Small Pages: 196 / 392M, Empty: 154M, Relocated: 3M, In-Place: 0
[20.169s][info][gc,reloc    ] GC(56) Medium Pages: 1 / 32M, Empty: 0M, Relocated: 0M, In-Place: 0
[20.169s][info][gc,reloc    ] GC(56) Large Pages: 3 / 18M, Empty: 6M, Relocated: 0M, In-Place: 0
[20.169s][info][gc,reloc    ] GC(56) Forwarding Usage: 1M
[20.169s][info][gc,heap     ] GC(56) Min Capacity: 8M(1%)
[20.169s][info][gc,heap     ] GC(56) Max Capacity: 1024M(100%)
[20.169s][info][gc,heap     ] GC(56) Soft Max Capacity: 1024M(100%)
[20.169s][info][gc,heap     ] GC(56)                Mark Start          Mark End        Relocate Start      Relocate End           High               Low         
[20.169s][info][gc,heap     ] GC(56)  Capacity:     1024M (100%)       1024M (100%)       1024M (100%)       1024M (100%)       1024M (100%)       1024M (100%)   
[20.169s][info][gc,heap     ] GC(56)      Free:      582M (57%)         580M (57%)         738M (72%)         756M (74%)         756M (74%)         580M (57%)    
[20.169s][info][gc,heap     ] GC(56)      Used:      442M (43%)         444M (43%)         286M (28%)         268M (26%)         444M (43%)         268M (26%)    
[20.169s][info][gc,heap     ] GC(56)      Live:         -               204M (20%)         204M (20%)         204M (20%)            -                  -          
[20.169s][info][gc,heap     ] GC(56) Allocated:         -                 2M (0%)            4M (0%)            3M (0%)             -                  -          
[20.169s][info][gc,heap     ] GC(56)   Garbage:         -               237M (23%)          77M (8%)           59M (6%)             -                  -          
[20.169s][info][gc,heap     ] GC(56) Reclaimed:         -                  -               160M (16%)         177M (17%)            -                  -          
[20.169s][info][gc          ] GC(56) Garbage Collection (System.gc()) 442M(43%)->268M(26%)
[20.300s][info][gc,start    ] GC(57) Garbage Collection (Allocation Rate)
[20.301s][info][gc,task     ] GC(57) Using 7 workers
[20.301s][info][gc,phases   ] GC(57) Pause Mark Start 0.015ms
[20.378s][info][gc,phases   ] GC(57) Concurrent Mark 77.675ms
[20.379s][info][gc,phases   ] GC(57) Pause Mark End 0.019ms
[20.379s][info][gc,phases   ] GC(57) Concurrent Mark Free 0.001ms
[20.381s][info][gc,phases   ] GC(57) Concurrent Process Non-Strong References 2.167ms
[20.381s][info][gc,phases   ] GC(57) Concurrent Reset Relocation Set 0.003ms
[20.387s][info][gc,phases   ] GC(57) Concurrent Select Relocation Set 6.237ms
[20.387s][info][gc,phases   ] GC(57) Pause Relocate Start 0.009ms
[20.392s][info][gc,phases   ] GC(57) Concurrent Relocate 4.400ms
[20.392s][info][gc,load     ] GC(57) Load: 0.00/0.00/0.00
[20.392s][info][gc,mmu      ] GC(57) MMU: 2ms/98.0%, 5ms/99.0%, 10ms/99.5%, 20ms/99.7%, 50ms/99.9%, 100ms/99.9%
[20.392s][info][gc,marking  ] GC(57) Mark: 4 stripe(s), 2 proactive flush(es), 1 terminate flush(es), 0 completion(s), 0 continuation(s) 
[20.392s][info][gc,marking  ] GC(57) Mark Stack Usage: 32M
[20.392s][info][gc,nmethod  ] GC(57) NMethods: 5646 registered, 23 unregistered
[20.392s][info][gc,metaspace] GC(57) Metaspace: 57M used, 58M committed, 1088M reserved
[20.392s][info][gc,ref      ] GC(57) Soft: 4700 encountered, 0 discovered, 0 enqueued
[20.392s][info][gc,ref      ] GC(57) Weak: 5701 encountered, 238 discovered, 75 enqueued
[20.392s][info][gc,ref      ] GC(57) Final: 60 encountered, 0 discovered, 0 enqueued
[20.392s][info][gc,ref      ] GC(57) Phantom: 606 encountered, 420 discovered, 0 enqueued
[20.392s][info][gc,reloc    ] GC(57) Small Pages: 207 / 414M, Empty: 160M, Relocated: 4M, In-Place: 0
[20.392s][info][gc,reloc    ] GC(57) Medium Pages: 2 / 64M, Empty: 32M, Relocated: 0M, In-Place: 0
[20.392s][info][gc,reloc    ] GC(57) Large Pages: 4 / 24M, Empty: 12M, Relocated: 0M, In-Place: 0
[20.392s][info][gc,reloc    ] GC(57) Forwarding Usage: 2M
[20.392s][info][gc,heap     ] GC(57) Min Capacity: 8M(1%)
[20.392s][info][gc,heap     ] GC(57) Max Capacity: 1024M(100%)
[20.392s][info][gc,heap     ] GC(57) Soft Max Capacity: 1024M(100%)
[20.392s][info][gc,heap     ] GC(57)                Mark Start          Mark End        Relocate Start      Relocate End           High               Low         
[20.392s][info][gc,heap     ] GC(57)  Capacity:     1024M (100%)       1024M (100%)       1024M (100%)       1024M (100%)       1024M (100%)       1024M (100%)   
[20.392s][info][gc,heap     ] GC(57)      Free:      522M (51%)         268M (26%)         442M (43%)         472M (46%)         522M (51%)         260M (25%)    
[20.392s][info][gc,heap     ] GC(57)      Used:      502M (49%)         756M (74%)         582M (57%)         552M (54%)         764M (75%)         502M (49%)    
[20.392s][info][gc,heap     ] GC(57)      Live:         -               205M (20%)         205M (20%)         205M (20%)            -                  -          
[20.392s][info][gc,heap     ] GC(57) Allocated:         -               254M (25%)         284M (28%)         295M (29%)            -                  -          
[20.393s][info][gc,heap     ] GC(57)   Garbage:         -               296M (29%)          92M (9%)           50M (5%)             -                  -          
[20.393s][info][gc,heap     ] GC(57) Reclaimed:         -                  -               204M (20%)         245M (24%)            -                  -          
[20.393s][info][gc          ] GC(57) Garbage Collection (Allocation Rate) 502M(49%)->552M(54%)
[20.394s][info][gc,start    ] GC(58) Garbage Collection (Allocation Rate)
[20.394s][info][gc,task     ] GC(58) Using 7 workers
[20.394s][info][gc,phases   ] GC(58) Pause Mark Start 0.010ms
[20.470s][info][gc,phases   ] GC(58) Concurrent Mark 75.746ms
[20.470s][info][gc,phases   ] GC(58) Pause Mark End 0.023ms
[20.470s][info][gc,phases   ] GC(58) Concurrent Mark Free 0.001ms
[20.473s][info][gc,phases   ] GC(58) Concurrent Process Non-Strong References 2.661ms
[20.473s][info][gc,phases   ] GC(58) Concurrent Reset Relocation Set 0.005ms
[20.477s][info][gc,phases   ] GC(58) Concurrent Select Relocation Set 3.720ms
[20.477s][info][gc,phases   ] GC(58) Pause Relocate Start 0.008ms
[20.481s][info][gc,phases   ] GC(58) Concurrent Relocate 4.279ms
[20.481s][info][gc,load     ] GC(58) Load: 0.00/0.00/0.00
[20.481s][info][gc,mmu      ] GC(58) MMU: 2ms/98.0%, 5ms/99.0%, 10ms/99.5%, 20ms/99.7%, 50ms/99.9%, 100ms/99.9%
[20.481s][info][gc,marking  ] GC(58) Mark: 4 stripe(s), 2 proactive flush(es), 1 terminate flush(es), 0 completion(s), 0 continuation(s) 
[20.481s][info][gc,marking  ] GC(58) Mark Stack Usage: 32M
[20.481s][info][gc,nmethod  ] GC(58) NMethods: 5644 registered, 25 unregistered
[20.481s][info][gc,metaspace] GC(58) Metaspace: 57M used, 58M committed, 1088M reserved
[20.482s][info][gc,ref      ] GC(58) Soft: 4700 encountered, 0 discovered, 0 enqueued
[20.482s][info][gc,ref      ] GC(58) Weak: 5634 encountered, 199 discovered, 19 enqueued
[20.482s][info][gc,ref      ] GC(58) Final: 60 encountered, 0 discovered, 0 enqueued
[20.482s][info][gc,ref      ] GC(58) Phantom: 606 encountered, 586 discovered, 0 enqueued
[20.482s][info][gc,reloc    ] GC(58) Small Pages: 258 / 516M, Empty: 280M, Relocated: 4M, In-Place: 0
[20.482s][info][gc,reloc    ] GC(58) Medium Pages: 1 / 32M, Empty: 0M, Relocated: 0M, In-Place: 0
[20.482s][info][gc,reloc    ] GC(58) Large Pages: 2 / 12M, Empty: 0M, Relocated: 0M, In-Place: 0
[20.482s][info][gc,reloc    ] GC(58) Forwarding Usage: 2M
[20.482s][info][gc,heap     ] GC(58) Min Capacity: 8M(1%)
[20.482s][info][gc,heap     ] GC(58) Max Capacity: 1024M(100%)
[20.482s][info][gc,heap     ] GC(58) Soft Max Capacity: 1024M(100%)
[20.482s][info][gc,heap     ] GC(58)                Mark Start          Mark End        Relocate Start      Relocate End           High               Low         
[20.482s][info][gc,heap     ] GC(58)  Capacity:     1024M (100%)       1024M (100%)       1024M (100%)       1024M (100%)       1024M (100%)       1024M (100%)   
[20.482s][info][gc,heap     ] GC(58)      Free:      464M (45%)         232M (23%)         490M (48%)         500M (49%)         506M (49%)         222M (22%)    
[20.482s][info][gc,heap     ] GC(58)      Used:      560M (55%)         792M (77%)         534M (52%)         524M (51%)         802M (78%)         518M (51%)    
[20.482s][info][gc,heap     ] GC(58)      Live:         -               205M (20%)         205M (20%)         205M (20%)            -                  -          
[20.482s][info][gc,heap     ] GC(58) Allocated:         -               232M (23%)         254M (25%)         267M (26%)            -                  -          
[20.482s][info][gc,heap     ] GC(58)   Garbage:         -               354M (35%)          74M (7%)           50M (5%)             -                  -          
[20.482s][info][gc,heap     ] GC(58) Reclaimed:         -                  -               280M (27%)         303M (30%)            -                  -          
[20.482s][info][gc          ] GC(58) Garbage Collection (Allocation Rate) 560M(55%)->524M(51%)
[20.501s][info][gc,start    ] GC(59) Garbage Collection (Allocation Rate)
[20.501s][info][gc,task     ] GC(59) Using 7 workers
[20.502s][info][gc,phases   ] GC(59) Pause Mark Start 0.011ms
[20.579s][info][gc,phases   ] GC(59) Concurrent Mark 77.813ms
[20.580s][info][gc,phases   ] GC(59) Pause Mark End 0.024ms
[20.580s][info][gc,phases   ] GC(59) Concurrent Mark Free 0.001ms
[20.582s][info][gc,phases   ] GC(59) Concurrent Process Non-Strong References 2.437ms
[20.582s][info][gc,phases   ] GC(59) Concurrent Reset Relocation Set 0.002ms
[20.586s][info][gc,phases   ] GC(59) Concurrent Select Relocation Set 3.677ms
[20.586s][info][gc,phases   ] GC(59) Pause Relocate Start 0.008ms
[20.591s][info][gc,phases   ] GC(59) Concurrent Relocate 4.483ms
[20.591s][info][gc,load     ] GC(59) Load: 0.00/0.00/0.00
[20.591s][info][gc,mmu      ] GC(59) MMU: 2ms/98.0%, 5ms/99.0%, 10ms/99.5%, 20ms/99.7%, 50ms/99.9%, 100ms/99.9%
[20.591s][info][gc,marking  ] GC(59) Mark: 4 stripe(s), 2 proactive flush(es), 1 terminate flush(es), 0 completion(s), 0 continuation(s) 
[20.591s][info][gc,marking  ] GC(59) Mark Stack Usage: 32M
[20.591s][info][gc,nmethod  ] GC(59) NMethods: 5644 registered, 26 unregistered
[20.591s][info][gc,metaspace] GC(59) Metaspace: 57M used, 58M committed, 1088M reserved
[20.591s][info][gc,ref      ] GC(59) Soft: 4700 encountered, 0 discovered, 0 enqueued
[20.591s][info][gc,ref      ] GC(59) Weak: 5615 encountered, 189 discovered, 0 enqueued
[20.591s][info][gc,ref      ] GC(59) Final: 60 encountered, 0 discovered, 0 enqueued
[20.591s][info][gc,ref      ] GC(59) Phantom: 606 encountered, 340 discovered, 0 enqueued
[20.591s][info][gc,reloc    ] GC(59) Small Pages: 274 / 548M, Empty: 322M, Relocated: 4M, In-Place: 0
[20.591s][info][gc,reloc    ] GC(59) Medium Pages: 1 / 32M, Empty: 0M, Relocated: 0M, In-Place: 0
[20.591s][info][gc,reloc    ] GC(59) Large Pages: 2 / 12M, Empty: 0M, Relocated: 0M, In-Place: 0
[20.591s][info][gc,reloc    ] GC(59) Forwarding Usage: 2M
[20.591s][info][gc,heap     ] GC(59) Min Capacity: 8M(1%)
[20.591s][info][gc,heap     ] GC(59) Max Capacity: 1024M(100%)
[20.591s][info][gc,heap     ] GC(59) Soft Max Capacity: 1024M(100%)
[20.591s][info][gc,heap     ] GC(59)                Mark Start          Mark End        Relocate Start      Relocate End           High               Low         
[20.591s][info][gc,heap     ] GC(59)  Capacity:     1024M (100%)       1024M (100%)       1024M (100%)       1024M (100%)       1024M (100%)       1024M (100%)   
[20.591s][info][gc,heap     ] GC(59)      Free:      432M (42%)         170M (17%)         470M (46%)         472M (46%)         476M (46%)         160M (16%)    
[20.591s][info][gc,heap     ] GC(59)      Used:      592M (58%)         854M (83%)         554M (54%)         552M (54%)         864M (84%)         548M (54%)    
[20.591s][info][gc,heap     ] GC(59)      Live:         -               205M (20%)         205M (20%)         205M (20%)            -                  -          
[20.591s][info][gc,heap     ] GC(59) Allocated:         -               262M (26%)         284M (28%)         295M (29%)            -                  -          
[20.591s][info][gc,heap     ] GC(59)   Garbage:         -               386M (38%)          64M (6%)           50M (5%)             -                  -          
[20.591s][info][gc,heap     ] GC(59) Reclaimed:         -                  -               322M (31%)         335M (33%)            -                  -          
[20.591s][info][gc          ] GC(59) Garbage Collection (Allocation Rate) 592M(58%)->552M(54%)
[20.595s][info][gc,start    ] GC(60) Garbage Collection (Allocation Rate)
[20.595s][info][gc,task     ] GC(60) Using 7 workers
[20.595s][info][gc,phases   ] GC(60) Pause Mark Start 0.010ms
[20.673s][info][gc,phases   ] GC(60) Concurrent Mark 77.759ms
[20.673s][info][gc,phases   ] GC(60) Pause Mark End 0.017ms
[20.673s][info][gc,phases   ] GC(60) Concurrent Mark Free 0.001ms
[20.676s][info][gc,phases   ] GC(60) Concurrent Process Non-Strong References 2.350ms
[20.676s][info][gc,phases   ] GC(60) Concurrent Reset Relocation Set 0.003ms
[20.680s][info][gc,phases   ] GC(60) Concurrent Select Relocation Set 3.651ms
[20.680s][info][gc,phases   ] GC(60) Pause Relocate Start 0.008ms
[20.684s][info][gc,phases   ] GC(60) Concurrent Relocate 4.234ms
[20.684s][info][gc,load     ] GC(60) Load: 0.00/0.00/0.00
[20.684s][info][gc,mmu      ] GC(60) MMU: 2ms/98.0%, 5ms/99.0%, 10ms/99.5%, 20ms/99.7%, 50ms/99.9%, 100ms/99.9%
[20.684s][info][gc,marking  ] GC(60) Mark: 4 stripe(s), 2 proactive flush(es), 1 terminate flush(es), 0 completion(s), 0 continuation(s) 
[20.684s][info][gc,marking  ] GC(60) Mark Stack Usage: 32M
[20.684s][info][gc,nmethod  ] GC(60) NMethods: 5644 registered, 26 unregistered
[20.684s][info][gc,metaspace] GC(60) Metaspace: 57M used, 58M committed, 1088M reserved
[20.684s][info][gc,ref      ] GC(60) Soft: 4700 encountered, 0 discovered, 0 enqueued
[20.684s][info][gc,ref      ] GC(60) Weak: 5615 encountered, 175 discovered, 0 enqueued
[20.684s][info][gc,ref      ] GC(60) Final: 60 encountered, 0 discovered, 0 enqueued
[20.684s][info][gc,ref      ] GC(60) Phantom: 606 encountered, 440 discovered, 0 enqueued
[20.684s][info][gc,reloc    ] GC(60) Small Pages: 261 / 522M, Empty: 296M, Relocated: 4M, In-Place: 0
[20.684s][info][gc,reloc    ] GC(60) Medium Pages: 1 / 32M, Empty: 0M, Relocated: 0M, In-Place: 0
[20.684s][info][gc,reloc    ] GC(60) Large Pages: 2 / 12M, Empty: 0M, Relocated: 0M, In-Place: 0
[20.684s][info][gc,reloc    ] GC(60) Forwarding Usage: 2M
[20.684s][info][gc,heap     ] GC(60) Min Capacity: 8M(1%)
[20.684s][info][gc,heap     ] GC(60) Max Capacity: 1024M(100%)
[20.684s][info][gc,heap     ] GC(60) Soft Max Capacity: 1024M(100%)
[20.684s][info][gc,heap     ] GC(60)                Mark Start          Mark End        Relocate Start      Relocate End           High               Low         
[20.685s][info][gc,heap     ] GC(60)  Capacity:     1024M (100%)       1024M (100%)       1024M (100%)       1024M (100%)       1024M (100%)       1024M (100%)   
[20.685s][info][gc,heap     ] GC(60)      Free:      458M (45%)         230M (22%)         508M (50%)         510M (50%)         514M (50%)         222M (22%)    
[20.685s][info][gc,heap     ] GC(60)      Used:      566M (55%)         794M (78%)         516M (50%)         514M (50%)         802M (78%)         510M (50%)    
[20.685s][info][gc,heap     ] GC(60)      Live:         -               205M (20%)         205M (20%)         205M (20%)            -                  -          
[20.685s][info][gc,heap     ] GC(60) Allocated:         -               228M (22%)         246M (24%)         257M (25%)            -                  -          
[20.685s][info][gc,heap     ] GC(60)   Garbage:         -               360M (35%)          64M (6%)           50M (5%)             -                  -          
[20.685s][info][gc,heap     ] GC(60) Reclaimed:         -                  -               296M (29%)         309M (30%)            -                  -          
[20.685s][info][gc          ] GC(60) Garbage Collection (Allocation Rate) 566M(55%)->514M(50%)
[20.704s][info][gc,start    ] GC(61) Garbage Collection (Allocation Rate)
[20.704s][info][gc,task     ] GC(61) Using 7 workers
[20.705s][info][gc,phases   ] GC(61) Pause Mark Start 0.011ms
[20.783s][info][gc,phases   ] GC(61) Concurrent Mark 77.837ms
[20.783s][info][gc,phases   ] GC(61) Pause Mark End 0.019ms
[20.783s][info][gc,phases   ] GC(61) Concurrent Mark Free 0.001ms
[20.785s][info][gc,phases   ] GC(61) Concurrent Process Non-Strong References 2.347ms
[20.785s][info][gc,phases   ] GC(61) Concurrent Reset Relocation Set 0.002ms
[20.789s][info][gc,phases   ] GC(61) Concurrent Select Relocation Set 3.667ms
[20.789s][info][gc,phases   ] GC(61) Pause Relocate Start 0.008ms
[20.793s][info][gc,phases   ] GC(61) Concurrent Relocate 4.274ms
[20.793s][info][gc,load     ] GC(61) Load: 0.00/0.00/0.00
[20.793s][info][gc,mmu      ] GC(61) MMU: 2ms/98.0%, 5ms/99.0%, 10ms/99.5%, 20ms/99.7%, 50ms/99.9%, 100ms/99.9%
[20.793s][info][gc,marking  ] GC(61) Mark: 4 stripe(s), 2 proactive flush(es), 1 terminate flush(es), 0 completion(s), 0 continuation(s) 
[20.793s][info][gc,marking  ] GC(61) Mark Stack Usage: 32M
[20.793s][info][gc,nmethod  ] GC(61) NMethods: 5644 registered, 26 unregistered
[20.793s][info][gc,metaspace] GC(61) Metaspace: 57M used, 58M committed, 1088M reserved
[20.794s][info][gc,ref      ] GC(61) Soft: 4700 encountered, 0 discovered, 0 enqueued
[20.794s][info][gc,ref      ] GC(61) Weak: 5615 encountered, 155 discovered, 0 enqueued
[20.794s][info][gc,ref      ] GC(61) Final: 60 encountered, 0 discovered, 0 enqueued
[20.794s][info][gc,ref      ] GC(61) Phantom: 606 encountered, 445 discovered, 0 enqueued
[20.794s][info][gc,reloc    ] GC(61) Small Pages: 261 / 522M, Empty: 296M, Relocated: 4M, In-Place: 0
[20.794s][info][gc,reloc    ] GC(61) Medium Pages: 1 / 32M, Empty: 0M, Relocated: 0M, In-Place: 0
[20.794s][info][gc,reloc    ] GC(61) Large Pages: 2 / 12M, Empty: 0M, Relocated: 0M, In-Place: 0
[20.794s][info][gc,reloc    ] GC(61) Forwarding Usage: 2M
[20.794s][info][gc,heap     ] GC(61) Min Capacity: 8M(1%)
[20.794s][info][gc,heap     ] GC(61) Max Capacity: 1024M(100%)
[20.794s][info][gc,heap     ] GC(61) Soft Max Capacity: 1024M(100%)
[20.794s][info][gc,heap     ] GC(61)                Mark Start          Mark End        Relocate Start      Relocate End           High               Low         
[20.794s][info][gc,heap     ] GC(61)  Capacity:     1024M (100%)       1024M (100%)       1024M (100%)       1024M (100%)       1024M (100%)       1024M (100%)   
[20.794s][info][gc,heap     ] GC(61)      Free:      458M (45%)         262M (26%)         542M (53%)         544M (53%)         548M (54%)         256M (25%)    
[20.794s][info][gc,heap     ] GC(61)      Used:      566M (55%)         762M (74%)         482M (47%)         480M (47%)         768M (75%)         476M (46%)    
[20.794s][info][gc,heap     ] GC(61)      Live:         -               205M (20%)         205M (20%)         205M (20%)            -                  -          
[20.794s][info][gc,heap     ] GC(61) Allocated:         -               196M (19%)         212M (21%)         223M (22%)            -                  -          
[20.794s][info][gc,heap     ] GC(61)   Garbage:         -               360M (35%)          64M (6%)           50M (5%)             -                  -          
[20.794s][info][gc,heap     ] GC(61) Reclaimed:         -                  -               296M (29%)         309M (30%)            -                  -          
[20.794s][info][gc          ] GC(61) Garbage Collection (Allocation Rate) 566M(55%)->480M(47%)
[20.798s][info][gc,start    ] GC(62) Garbage Collection (Allocation Rate)
[20.798s][info][gc,task     ] GC(62) Using 7 workers
[20.798s][info][gc,phases   ] GC(62) Pause Mark Start 0.008ms
[20.861s][info][gc,phases   ] GC(62) Concurrent Mark 62.319ms
[20.861s][info][gc,phases   ] GC(62) Pause Mark End 0.026ms
[20.861s][info][gc,phases   ] GC(62) Concurrent Mark Free 0.001ms
[20.863s][info][gc,phases   ] GC(62) Concurrent Process Non-Strong References 2.084ms
[20.863s][info][gc,phases   ] GC(62) Concurrent Reset Relocation Set 0.002ms
[20.867s][info][gc,phases   ] GC(62) Concurrent Select Relocation Set 3.629ms
[20.867s][info][gc,phases   ] GC(62) Pause Relocate Start 0.010ms
[20.869s][info][gc,phases   ] GC(62) Concurrent Relocate 2.315ms
[20.869s][info][gc,load     ] GC(62) Load: 0.00/0.00/0.00
[20.869s][info][gc,mmu      ] GC(62) MMU: 2ms/98.0%, 5ms/99.0%, 10ms/99.5%, 20ms/99.7%, 50ms/99.9%, 100ms/99.9%
[20.869s][info][gc,marking  ] GC(62) Mark: 4 stripe(s), 2 proactive flush(es), 1 terminate flush(es), 0 completion(s), 0 continuation(s) 
[20.869s][info][gc,marking  ] GC(62) Mark Stack Usage: 32M
[20.869s][info][gc,nmethod  ] GC(62) NMethods: 5644 registered, 26 unregistered
[20.869s][info][gc,metaspace] GC(62) Metaspace: 57M used, 58M committed, 1088M reserved
[20.870s][info][gc,ref      ] GC(62) Soft: 4700 encountered, 0 discovered, 0 enqueued
[20.870s][info][gc,ref      ] GC(62) Weak: 5615 encountered, 175 discovered, 0 enqueued
[20.870s][info][gc,ref      ] GC(62) Final: 60 encountered, 0 discovered, 0 enqueued
[20.870s][info][gc,ref      ] GC(62) Phantom: 606 encountered, 400 discovered, 0 enqueued
[20.870s][info][gc,reloc    ] GC(62) Small Pages: 225 / 450M, Empty: 228M, Relocated: 4M, In-Place: 0
[20.870s][info][gc,reloc    ] GC(62) Medium Pages: 1 / 32M, Empty: 0M, Relocated: 0M, In-Place: 0
[20.870s][info][gc,reloc    ] GC(62) Large Pages: 2 / 12M, Empty: 0M, Relocated: 0M, In-Place: 0
[20.870s][info][gc,reloc    ] GC(62) Forwarding Usage: 2M
[20.870s][info][gc,heap     ] GC(62) Min Capacity: 8M(1%)
[20.870s][info][gc,heap     ] GC(62) Max Capacity: 1024M(100%)
[20.870s][info][gc,heap     ] GC(62) Soft Max Capacity: 1024M(100%)
[20.870s][info][gc,heap     ] GC(62)                Mark Start          Mark End        Relocate Start      Relocate End           High               Low         
[20.870s][info][gc,heap     ] GC(62)  Capacity:     1024M (100%)       1024M (100%)       1024M (100%)       1024M (100%)       1024M (100%)       1024M (100%)   
[20.870s][info][gc,heap     ] GC(62)      Free:      530M (52%)         332M (32%)         540M (53%)         544M (53%)         544M (53%)         324M (32%)    
[20.870s][info][gc,heap     ] GC(62)      Used:      494M (48%)         692M (68%)         484M (47%)         480M (47%)         700M (68%)         480M (47%)    
[20.870s][info][gc,heap     ] GC(62)      Live:         -               205M (20%)         205M (20%)         205M (20%)            -                  -          
[20.870s][info][gc,heap     ] GC(62) Allocated:         -               198M (19%)         218M (21%)         223M (22%)            -                  -          
[20.870s][info][gc,heap     ] GC(62)   Garbage:         -               288M (28%)          60M (6%)           50M (5%)             -                  -          
[20.870s][info][gc,heap     ] GC(62) Reclaimed:         -                  -               228M (22%)         237M (23%)            -                  -          
[20.870s][info][gc          ] GC(62) Garbage Collection (Allocation Rate) 494M(48%)->480M(47%)
[20.908s][info][gc,start    ] GC(63) Garbage Collection (Allocation Rate)
[20.908s][info][gc,task     ] GC(63) Using 7 workers
[20.908s][info][gc,phases   ] GC(63) Pause Mark Start 0.013ms
[20.987s][info][gc,phases   ] GC(63) Concurrent Mark 78.983ms
[20.987s][info][gc,phases   ] GC(63) Pause Mark End 0.021ms
[20.987s][info][gc,phases   ] GC(63) Concurrent Mark Free 0.001ms
[20.989s][info][gc,phases   ] GC(63) Concurrent Process Non-Strong References 2.270ms
[20.989s][info][gc,phases   ] GC(63) Concurrent Reset Relocation Set 0.002ms
[20.993s][info][gc,phases   ] GC(63) Concurrent Select Relocation Set 3.604ms
[20.993s][info][gc,phases   ] GC(63) Pause Relocate Start 0.008ms
[20.997s][info][gc,phases   ] GC(63) Concurrent Relocate 4.370ms
[20.998s][info][gc,load     ] GC(63) Load: 0.00/0.00/0.00
[20.998s][info][gc,mmu      ] GC(63) MMU: 2ms/98.0%, 5ms/99.0%, 10ms/99.5%, 20ms/99.7%, 50ms/99.9%, 100ms/99.9%
[20.998s][info][gc,marking  ] GC(63) Mark: 4 stripe(s), 2 proactive flush(es), 1 terminate flush(es), 0 completion(s), 0 continuation(s) 
[20.998s][info][gc,marking  ] GC(63) Mark Stack Usage: 32M
[20.998s][info][gc,nmethod  ] GC(63) NMethods: 5670 registered, 26 unregistered
[20.998s][info][gc,metaspace] GC(63) Metaspace: 57M used, 58M committed, 1088M reserved
[20.998s][info][gc,ref      ] GC(63) Soft: 4700 encountered, 0 discovered, 0 enqueued
[20.998s][info][gc,ref      ] GC(63) Weak: 5614 encountered, 143 discovered, 0 enqueued
[20.998s][info][gc,ref      ] GC(63) Final: 60 encountered, 0 discovered, 0 enqueued
[20.998s][info][gc,ref      ] GC(63) Phantom: 606 encountered, 438 discovered, 0 enqueued
[20.998s][info][gc,reloc    ] GC(63) Small Pages: 270 / 540M, Empty: 314M, Relocated: 4M, In-Place: 0
[20.998s][info][gc,reloc    ] GC(63) Medium Pages: 1 / 32M, Empty: 0M, Relocated: 0M, In-Place: 0
[20.998s][info][gc,reloc    ] GC(63) Large Pages: 2 / 12M, Empty: 0M, Relocated: 0M, In-Place: 0
[20.998s][info][gc,reloc    ] GC(63) Forwarding Usage: 2M
[20.998s][info][gc,heap     ] GC(63) Min Capacity: 8M(1%)
[20.998s][info][gc,heap     ] GC(63) Max Capacity: 1024M(100%)
[20.998s][info][gc,heap     ] GC(63) Soft Max Capacity: 1024M(100%)
[20.998s][info][gc,heap     ] GC(63)                Mark Start          Mark End        Relocate Start      Relocate End           High               Low         
[20.998s][info][gc,heap     ] GC(63)  Capacity:     1024M (100%)       1024M (100%)       1024M (100%)       1024M (100%)       1024M (100%)       1024M (100%)   
[20.998s][info][gc,heap     ] GC(63)      Free:      440M (43%)         244M (24%)         550M (54%)         564M (55%)         564M (55%)         240M (23%)    
[20.998s][info][gc,heap     ] GC(63)      Used:      584M (57%)         780M (76%)         474M (46%)         460M (45%)         784M (77%)         460M (45%)    
[20.998s][info][gc,heap     ] GC(63)      Live:         -               205M (20%)         205M (20%)         205M (20%)            -                  -          
[20.998s][info][gc,heap     ] GC(63) Allocated:         -               196M (19%)         204M (20%)         203M (20%)            -                  -          
[20.998s][info][gc,heap     ] GC(63)   Garbage:         -               378M (37%)          64M (6%)           50M (5%)             -                  -          
[20.998s][info][gc,heap     ] GC(63) Reclaimed:         -                  -               314M (31%)         327M (32%)            -                  -          
[20.998s][info][gc          ] GC(63) Garbage Collection (Allocation Rate) 584M(57%)->460M(45%)
[21.002s][info][gc,start    ] GC(64) Garbage Collection (Allocation Rate)
[21.002s][info][gc,task     ] GC(64) Using 7 workers
[21.003s][info][gc,phases   ] GC(64) Pause Mark Start 0.012ms
[21.070s][info][gc,phases   ] GC(64) Concurrent Mark 67.831ms
[21.071s][info][gc,phases   ] GC(64) Pause Mark End 0.020ms
[21.071s][info][gc,phases   ] GC(64) Concurrent Mark Free 0.001ms
[21.073s][info][gc,phases   ] GC(64) Concurrent Process Non-Strong References 1.957ms
[21.073s][info][gc,phases   ] GC(64) Concurrent Reset Relocation Set 0.002ms
[21.075s][info][gc,phases   ] GC(64) Concurrent Select Relocation Set 2.554ms
[21.075s][info][gc,phases   ] GC(64) Pause Relocate Start 0.005ms
[21.080s][info][gc,phases   ] GC(64) Concurrent Relocate 4.273ms
[21.080s][info][gc,load     ] GC(64) Load: 0.00/0.00/0.00
[21.080s][info][gc,mmu      ] GC(64) MMU: 2ms/98.0%, 5ms/99.0%, 10ms/99.5%, 20ms/99.7%, 50ms/99.9%, 100ms/99.9%
[21.080s][info][gc,marking  ] GC(64) Mark: 4 stripe(s), 2 proactive flush(es), 1 terminate flush(es), 0 completion(s), 0 continuation(s) 
[21.080s][info][gc,marking  ] GC(64) Mark Stack Usage: 32M
[21.080s][info][gc,nmethod  ] GC(64) NMethods: 5733 registered, 26 unregistered
[21.080s][info][gc,metaspace] GC(64) Metaspace: 57M used, 58M committed, 1088M reserved
[21.080s][info][gc,ref      ] GC(64) Soft: 4698 encountered, 0 discovered, 0 enqueued
[21.080s][info][gc,ref      ] GC(64) Weak: 5675 encountered, 2103 discovered, 2 enqueued
[21.080s][info][gc,ref      ] GC(64) Final: 60 encountered, 0 discovered, 0 enqueued
[21.080s][info][gc,ref      ] GC(64) Phantom: 606 encountered, 470 discovered, 0 enqueued
[21.080s][info][gc,reloc    ] GC(64) Small Pages: 208 / 416M, Empty: 190M, Relocated: 3M, In-Place: 0
[21.080s][info][gc,reloc    ] GC(64) Medium Pages: 1 / 32M, Empty: 0M, Relocated: 0M, In-Place: 0
[21.080s][info][gc,reloc    ] GC(64) Large Pages: 3 / 18M, Empty: 0M, Relocated: 0M, In-Place: 0
[21.080s][info][gc,reloc    ] GC(64) Forwarding Usage: 1M
[21.080s][info][gc,heap     ] GC(64) Min Capacity: 8M(1%)
[21.080s][info][gc,heap     ] GC(64) Max Capacity: 1024M(100%)
[21.080s][info][gc,heap     ] GC(64) Soft Max Capacity: 1024M(100%)
[21.080s][info][gc,heap     ] GC(64)                Mark Start          Mark End        Relocate Start      Relocate End           High               Low         
[21.080s][info][gc,heap     ] GC(64)  Capacity:     1024M (100%)       1024M (100%)       1024M (100%)       1024M (100%)       1024M (100%)       1024M (100%)   
[21.080s][info][gc,heap     ] GC(64)      Free:      558M (54%)         552M (54%)         742M (72%)         754M (74%)         754M (74%)         552M (54%)    
[21.080s][info][gc,heap     ] GC(64)      Used:      466M (46%)         472M (46%)         282M (28%)         270M (26%)         472M (46%)         270M (26%)    
[21.080s][info][gc,heap     ] GC(64)      Live:         -               210M (21%)         210M (21%)         210M (21%)            -                  -          
[21.080s][info][gc,heap     ] GC(64) Allocated:         -                 6M (1%)            6M (1%)            6M (1%)             -                  -          
[21.080s][info][gc,heap     ] GC(64)   Garbage:         -               255M (25%)          65M (6%)           53M (5%)             -                  -          
[21.080s][info][gc,heap     ] GC(64) Reclaimed:         -                  -               190M (19%)         202M (20%)            -                  -          
[21.080s][info][gc          ] GC(64) Garbage Collection (Allocation Rate) 466M(46%)->270M(26%)
[21.080s][info][gc,start    ] GC(65) Garbage Collection (System.gc())
[21.080s][info][gc,task     ] GC(65) Using 10 workers
[21.080s][info][gc,phases   ] GC(65) Pause Mark Start 0.005ms
[21.133s][info][gc,phases   ] GC(65) Concurrent Mark 52.818ms
[21.133s][info][gc,phases   ] GC(65) Pause Mark End 0.016ms
[21.133s][info][gc,phases   ] GC(65) Concurrent Mark Free 0.001ms
[21.135s][info][gc,phases   ] GC(65) Concurrent Process Non-Strong References 1.508ms
[21.135s][info][gc,phases   ] GC(65) Concurrent Reset Relocation Set 0.002ms
[21.138s][info][gc,phases   ] GC(65) Concurrent Select Relocation Set 3.604ms
[21.139s][info][gc,phases   ] GC(65) Pause Relocate Start 0.009ms
[21.145s][info][gc,phases   ] GC(65) Concurrent Relocate 6.747ms
[21.145s][info][gc,load     ] GC(65) Load: 0.00/0.00/0.00
[21.145s][info][gc,mmu      ] GC(65) MMU: 2ms/98.0%, 5ms/99.0%, 10ms/99.5%, 20ms/99.7%, 50ms/99.9%, 100ms/99.9%
[21.145s][info][gc,marking  ] GC(65) Mark: 8 stripe(s), 1 proactive flush(es), 1 terminate flush(es), 0 completion(s), 0 continuation(s) 
[21.145s][info][gc,marking  ] GC(65) Mark Stack Usage: 32M
[21.145s][info][gc,nmethod  ] GC(65) NMethods: 5740 registered, 31 unregistered
[21.146s][info][gc,metaspace] GC(65) Metaspace: 57M used, 58M committed, 1088M reserved
[21.146s][info][gc,ref      ] GC(65) Soft: 4698 encountered, 0 discovered, 0 enqueued
[21.146s][info][gc,ref      ] GC(65) Weak: 5682 encountered, 437 discovered, 117 enqueued
[21.146s][info][gc,ref      ] GC(65) Final: 60 encountered, 0 discovered, 0 enqueued
[21.146s][info][gc,ref      ] GC(65) Phantom: 606 encountered, 493 discovered, 0 enqueued
[21.146s][info][gc,reloc    ] GC(65) Small Pages: 110 / 220M, Empty: 0M, Relocated: 3M, In-Place: 0
[21.146s][info][gc,reloc    ] GC(65) Medium Pages: 1 / 32M, Empty: 0M, Relocated: 0M, In-Place: 0
[21.146s][info][gc,reloc    ] GC(65) Large Pages: 3 / 18M, Empty: 6M, Relocated: 0M, In-Place: 0
[21.146s][info][gc,reloc    ] GC(65) Forwarding Usage: 1M
[21.146s][info][gc,heap     ] GC(65) Min Capacity: 8M(1%)
[21.146s][info][gc,heap     ] GC(65) Max Capacity: 1024M(100%)
[21.146s][info][gc,heap     ] GC(65) Soft Max Capacity: 1024M(100%)
[21.146s][info][gc,heap     ] GC(65)                Mark Start          Mark End        Relocate Start      Relocate End           High               Low         
[21.146s][info][gc,heap     ] GC(65)  Capacity:     1024M (100%)       1024M (100%)       1024M (100%)       1024M (100%)       1024M (100%)       1024M (100%)   
[21.146s][info][gc,heap     ] GC(65)      Free:      754M (74%)         752M (73%)         756M (74%)         754M (74%)         756M (74%)         736M (72%)    
[21.146s][info][gc,heap     ] GC(65)      Used:      270M (26%)         272M (27%)         268M (26%)         270M (26%)         288M (28%)         268M (26%)    
[21.146s][info][gc,heap     ] GC(65)      Live:         -               204M (20%)         204M (20%)         204M (20%)            -                  -          
[21.146s][info][gc,heap     ] GC(65) Allocated:         -                 2M (0%)            4M (0%)            5M (1%)             -                  -          
[21.146s][info][gc,heap     ] GC(65)   Garbage:         -                65M (6%)           59M (6%)           59M (6%)             -                  -          
[21.146s][info][gc,heap     ] GC(65) Reclaimed:         -                  -                 6M (1%)            5M (1%)             -                  -          
[21.146s][info][gc          ] GC(65) Garbage Collection (System.gc()) 270M(26%)->270M(26%)
[21.300s][info][gc,start    ] GC(66) Garbage Collection (Allocation Rate)
[21.301s][info][gc,task     ] GC(66) Using 6 workers
[21.301s][info][gc,phases   ] GC(66) Pause Mark Start 0.019ms
[21.379s][info][gc,phases   ] GC(66) Concurrent Mark 77.641ms
[21.379s][info][gc,phases   ] GC(66) Pause Mark End 0.022ms
[21.379s][info][gc,phases   ] GC(66) Concurrent Mark Free 0.001ms
[21.382s][info][gc,phases   ] GC(66) Concurrent Process Non-Strong References 2.962ms
[21.382s][info][gc,phases   ] GC(66) Concurrent Reset Relocation Set 0.003ms
[21.389s][info][gc,phases   ] GC(66) Concurrent Select Relocation Set 7.370ms
[21.390s][info][gc,phases   ] GC(66) Pause Relocate Start 0.010ms
[21.395s][info][gc,phases   ] GC(66) Concurrent Relocate 4.876ms
[21.395s][info][gc,load     ] GC(66) Load: 0.00/0.00/0.00
[21.395s][info][gc,mmu      ] GC(66) MMU: 2ms/98.0%, 5ms/99.0%, 10ms/99.5%, 20ms/99.7%, 50ms/99.9%, 100ms/99.9%
[21.395s][info][gc,marking  ] GC(66) Mark: 4 stripe(s), 2 proactive flush(es), 1 terminate flush(es), 0 completion(s), 0 continuation(s) 
[21.395s][info][gc,marking  ] GC(66) Mark Stack Usage: 32M
[21.395s][info][gc,nmethod  ] GC(66) NMethods: 5824 registered, 31 unregistered
[21.395s][info][gc,metaspace] GC(66) Metaspace: 57M used, 58M committed, 1088M reserved
[21.395s][info][gc,ref      ] GC(66) Soft: 4700 encountered, 0 discovered, 0 enqueued
[21.395s][info][gc,ref      ] GC(66) Weak: 5724 encountered, 323 discovered, 74 enqueued
[21.395s][info][gc,ref      ] GC(66) Final: 60 encountered, 0 discovered, 0 enqueued
[21.395s][info][gc,ref      ] GC(66) Phantom: 606 encountered, 370 discovered, 0 enqueued
[21.395s][info][gc,reloc    ] GC(66) Small Pages: 236 / 472M, Empty: 218M, Relocated: 4M, In-Place: 0
[21.395s][info][gc,reloc    ] GC(66) Medium Pages: 2 / 64M, Empty: 32M, Relocated: 0M, In-Place: 0
[21.395s][info][gc,reloc    ] GC(66) Large Pages: 4 / 24M, Empty: 12M, Relocated: 0M, In-Place: 0
[21.395s][info][gc,reloc    ] GC(66) Forwarding Usage: 2M
[21.395s][info][gc,heap     ] GC(66) Min Capacity: 8M(1%)
[21.395s][info][gc,heap     ] GC(66) Max Capacity: 1024M(100%)
[21.395s][info][gc,heap     ] GC(66) Soft Max Capacity: 1024M(100%)
[21.395s][info][gc,heap     ] GC(66)                Mark Start          Mark End        Relocate Start      Relocate End           High               Low         
[21.395s][info][gc,heap     ] GC(66)  Capacity:     1024M (100%)       1024M (100%)       1024M (100%)       1024M (100%)       1024M (100%)       1024M (100%)   
[21.395s][info][gc,heap     ] GC(66)      Free:      464M (45%)         230M (22%)         456M (45%)         488M (48%)         492M (48%)         218M (21%)    
[21.395s][info][gc,heap     ] GC(66)      Used:      560M (55%)         794M (78%)         568M (55%)         536M (52%)         806M (79%)         532M (52%)    
[21.395s][info][gc,heap     ] GC(66)      Live:         -               205M (20%)         205M (20%)         205M (20%)            -                  -          
[21.395s][info][gc,heap     ] GC(66) Allocated:         -               234M (23%)         270M (26%)         281M (28%)            -                  -          
[21.395s][info][gc,heap     ] GC(66)   Garbage:         -               354M (35%)          92M (9%)           48M (5%)             -                  -          
[21.395s][info][gc,heap     ] GC(66) Reclaimed:         -                  -               262M (26%)         305M (30%)            -                  -          
[21.395s][info][gc          ] GC(66) Garbage Collection (Allocation Rate) 560M(55%)->536M(52%)
[21.504s][info][gc,start    ] GC(67) Garbage Collection (Allocation Rate)
[21.504s][info][gc,task     ] GC(67) Using 10 workers
[21.504s][info][gc,phases   ] GC(67) Pause Mark Start 0.018ms
[21.566s][info][gc,phases   ] GC(67) Concurrent Mark 62.031ms
[21.566s][info][gc,phases   ] GC(67) Pause Mark End 0.021ms
[21.566s][info][gc,phases   ] GC(67) Concurrent Mark Free 0.001ms
[21.568s][info][gc,phases   ] GC(67) Concurrent Process Non-Strong References 1.722ms
[21.568s][info][gc,phases   ] GC(67) Concurrent Reset Relocation Set 0.004ms
[21.572s][info][gc,phases   ] GC(67) Concurrent Select Relocation Set 3.814ms
[21.572s][info][gc,phases   ] GC(67) Pause Relocate Start 0.008ms
[21.575s][info][gc,phases   ] GC(67) Concurrent Relocate 2.485ms
[21.575s][info][gc,load     ] GC(67) Load: 0.00/0.00/0.00
[21.575s][info][gc,mmu      ] GC(67) MMU: 2ms/98.0%, 5ms/99.0%, 10ms/99.5%, 20ms/99.7%, 50ms/99.9%, 100ms/99.9%
[21.575s][info][gc,marking  ] GC(67) Mark: 8 stripe(s), 2 proactive flush(es), 1 terminate flush(es), 0 completion(s), 0 continuation(s) 
[21.575s][info][gc,marking  ] GC(67) Mark Stack Usage: 32M
[21.575s][info][gc,nmethod  ] GC(67) NMethods: 5824 registered, 35 unregistered
[21.575s][info][gc,metaspace] GC(67) Metaspace: 57M used, 58M committed, 1088M reserved
[21.575s][info][gc,ref      ] GC(67) Soft: 4700 encountered, 0 discovered, 0 enqueued
[21.575s][info][gc,ref      ] GC(67) Weak: 5658 encountered, 582 discovered, 14 enqueued
[21.575s][info][gc,ref      ] GC(67) Final: 60 encountered, 0 discovered, 0 enqueued
[21.575s][info][gc,ref      ] GC(67) Phantom: 606 encountered, 519 discovered, 0 enqueued
[21.575s][info][gc,reloc    ] GC(67) Small Pages: 386 / 772M, Empty: 536M, Relocated: 3M, In-Place: 0
[21.575s][info][gc,reloc    ] GC(67) Medium Pages: 1 / 32M, Empty: 0M, Relocated: 0M, In-Place: 0
[21.575s][info][gc,reloc    ] GC(67) Large Pages: 2 / 12M, Empty: 0M, Relocated: 0M, In-Place: 0
[21.575s][info][gc,reloc    ] GC(67) Forwarding Usage: 2M
[21.575s][info][gc,heap     ] GC(67) Min Capacity: 8M(1%)
[21.575s][info][gc,heap     ] GC(67) Max Capacity: 1024M(100%)
[21.575s][info][gc,heap     ] GC(67) Soft Max Capacity: 1024M(100%)
[21.575s][info][gc,heap     ] GC(67)                Mark Start          Mark End        Relocate Start      Relocate End           High               Low         
[21.575s][info][gc,heap     ] GC(67)  Capacity:     1024M (100%)       1024M (100%)       1024M (100%)       1024M (100%)       1024M (100%)       1024M (100%)   
[21.575s][info][gc,heap     ] GC(67)      Free:      208M (20%)          60M (6%)          584M (57%)         596M (58%)         596M (58%)          58M (6%)     
[21.575s][info][gc,heap     ] GC(67)      Used:      816M (80%)         964M (94%)         440M (43%)         428M (42%)         966M (94%)         428M (42%)    
[21.575s][info][gc,heap     ] GC(67)      Live:         -               205M (20%)         205M (20%)         205M (20%)            -                  -          
[21.575s][info][gc,heap     ] GC(67) Allocated:         -               148M (14%)         160M (16%)         163M (16%)            -                  -          
[21.575s][info][gc,heap     ] GC(67)   Garbage:         -               610M (60%)          74M (7%)           58M (6%)             -                  -          
[21.575s][info][gc,heap     ] GC(67) Reclaimed:         -                  -               536M (52%)         551M (54%)            -                  -          
[21.576s][info][gc          ] GC(67) Garbage Collection (Allocation Rate) 816M(80%)->428M(42%)
[21.597s][info][gc,start    ] GC(68) Garbage Collection (Allocation Rate)
[21.597s][info][gc,task     ] GC(68) Using 10 workers
[21.597s][info][gc,phases   ] GC(68) Pause Mark Start 0.009ms
[21.656s][info][gc,phases   ] GC(68) Concurrent Mark 58.170ms
[21.656s][info][gc,phases   ] GC(68) Pause Mark End 0.018ms
[21.656s][info][gc,phases   ] GC(68) Concurrent Mark Free 0.001ms
[21.658s][info][gc,phases   ] GC(68) Concurrent Process Non-Strong References 1.644ms
[21.658s][info][gc,phases   ] GC(68) Concurrent Reset Relocation Set 0.002ms
[21.661s][info][gc,phases   ] GC(68) Concurrent Select Relocation Set 3.628ms
[21.661s][info][gc,phases   ] GC(68) Pause Relocate Start 0.007ms
[21.664s][info][gc,phases   ] GC(68) Concurrent Relocate 2.614ms
[21.664s][info][gc,load     ] GC(68) Load: 0.00/0.00/0.00
[21.664s][info][gc,mmu      ] GC(68) MMU: 2ms/98.0%, 5ms/99.0%, 10ms/99.5%, 20ms/99.7%, 50ms/99.9%, 100ms/99.9%
[21.664s][info][gc,marking  ] GC(68) Mark: 8 stripe(s), 2 proactive flush(es), 1 terminate flush(es), 0 completion(s), 0 continuation(s) 
[21.664s][info][gc,marking  ] GC(68) Mark Stack Usage: 32M
[21.664s][info][gc,nmethod  ] GC(68) NMethods: 5824 registered, 35 unregistered
[21.664s][info][gc,metaspace] GC(68) Metaspace: 57M used, 58M committed, 1088M reserved
[21.664s][info][gc,ref      ] GC(68) Soft: 4700 encountered, 0 discovered, 0 enqueued
[21.664s][info][gc,ref      ] GC(68) Weak: 5644 encountered, 315 discovered, 0 enqueued
[21.664s][info][gc,ref      ] GC(68) Final: 60 encountered, 0 discovered, 0 enqueued
[21.664s][info][gc,ref      ] GC(68) Phantom: 606 encountered, 476 discovered, 0 enqueued
[21.664s][info][gc,reloc    ] GC(68) Small Pages: 214 / 428M, Empty: 196M, Relocated: 3M, In-Place: 0
[21.664s][info][gc,reloc    ] GC(68) Medium Pages: 1 / 32M, Empty: 0M, Relocated: 0M, In-Place: 0
[21.664s][info][gc,reloc    ] GC(68) Large Pages: 2 / 12M, Empty: 0M, Relocated: 0M, In-Place: 0
[21.664s][info][gc,reloc    ] GC(68) Forwarding Usage: 2M
[21.664s][info][gc,heap     ] GC(68) Min Capacity: 8M(1%)
[21.665s][info][gc,heap     ] GC(68) Max Capacity: 1024M(100%)
[21.665s][info][gc,heap     ] GC(68) Soft Max Capacity: 1024M(100%)
[21.665s][info][gc,heap     ] GC(68)                Mark Start          Mark End        Relocate Start      Relocate End           High               Low         
[21.665s][info][gc,heap     ] GC(68)  Capacity:     1024M (100%)       1024M (100%)       1024M (100%)       1024M (100%)       1024M (100%)       1024M (100%)   
[21.665s][info][gc,heap     ] GC(68)      Free:      552M (54%)         438M (43%)         622M (61%)         630M (62%)         630M (62%)         434M (42%)    
[21.665s][info][gc,heap     ] GC(68)      Used:      472M (46%)         586M (57%)         402M (39%)         394M (38%)         590M (58%)         394M (38%)    
[21.665s][info][gc,heap     ] GC(68)      Live:         -               205M (20%)         205M (20%)         205M (20%)            -                  -          
[21.665s][info][gc,heap     ] GC(68) Allocated:         -               114M (11%)         126M (12%)         129M (13%)            -                  -          
[21.665s][info][gc,heap     ] GC(68)   Garbage:         -               266M (26%)          70M (7%)           58M (6%)             -                  -          
[21.665s][info][gc,heap     ] GC(68) Reclaimed:         -                  -               196M (19%)         207M (20%)            -                  -          
[21.665s][info][gc          ] GC(68) Garbage Collection (Allocation Rate) 472M(46%)->394M(38%)
[21.703s][info][gc,start    ] GC(69) Garbage Collection (Allocation Rate)
[21.703s][info][gc,task     ] GC(69) Using 10 workers
[21.703s][info][gc,phases   ] GC(69) Pause Mark Start 0.015ms
[21.765s][info][gc,phases   ] GC(69) Concurrent Mark 62.078ms
[21.765s][info][gc,phases   ] GC(69) Pause Mark End 0.018ms
[21.765s][info][gc,phases   ] GC(69) Concurrent Mark Free 0.001ms
[21.767s][info][gc,phases   ] GC(69) Concurrent Process Non-Strong References 1.547ms
[21.767s][info][gc,phases   ] GC(69) Concurrent Reset Relocation Set 0.002ms
[21.770s][info][gc,phases   ] GC(69) Concurrent Select Relocation Set 2.904ms
[21.770s][info][gc,phases   ] GC(69) Pause Relocate Start 0.008ms
[21.772s][info][gc,phases   ] GC(69) Concurrent Relocate 2.627ms
[21.773s][info][gc,load     ] GC(69) Load: 0.00/0.00/0.00
[21.773s][info][gc,mmu      ] GC(69) MMU: 2ms/98.0%, 5ms/99.0%, 10ms/99.5%, 20ms/99.7%, 50ms/99.9%, 100ms/99.9%
[21.773s][info][gc,marking  ] GC(69) Mark: 8 stripe(s), 2 proactive flush(es), 1 terminate flush(es), 0 completion(s), 0 continuation(s) 
[21.773s][info][gc,marking  ] GC(69) Mark Stack Usage: 32M
[21.773s][info][gc,nmethod  ] GC(69) NMethods: 5824 registered, 35 unregistered
[21.773s][info][gc,metaspace] GC(69) Metaspace: 57M used, 58M committed, 1088M reserved
[21.773s][info][gc,ref      ] GC(69) Soft: 4700 encountered, 0 discovered, 0 enqueued
[21.773s][info][gc,ref      ] GC(69) Weak: 5644 encountered, 643 discovered, 0 enqueued
[21.773s][info][gc,ref      ] GC(69) Final: 60 encountered, 1 discovered, 0 enqueued
[21.773s][info][gc,ref      ] GC(69) Phantom: 606 encountered, 426 discovered, 0 enqueued
[21.773s][info][gc,reloc    ] GC(69) Small Pages: 219 / 438M, Empty: 208M, Relocated: 3M, In-Place: 0
[21.773s][info][gc,reloc    ] GC(69) Medium Pages: 1 / 32M, Empty: 0M, Relocated: 0M, In-Place: 0
[21.773s][info][gc,reloc    ] GC(69) Large Pages: 2 / 12M, Empty: 0M, Relocated: 0M, In-Place: 0
[21.773s][info][gc,reloc    ] GC(69) Forwarding Usage: 2M
[21.773s][info][gc,heap     ] GC(69) Min Capacity: 8M(1%)
[21.773s][info][gc,heap     ] GC(69) Max Capacity: 1024M(100%)
[21.773s][info][gc,heap     ] GC(69) Soft Max Capacity: 1024M(100%)
[21.773s][info][gc,heap     ] GC(69)                Mark Start          Mark End        Relocate Start      Relocate End           High               Low         
[21.773s][info][gc,heap     ] GC(69)  Capacity:     1024M (100%)       1024M (100%)       1024M (100%)       1024M (100%)       1024M (100%)       1024M (100%)   
[21.773s][info][gc,heap     ] GC(69)      Free:      542M (53%)         398M (39%)         596M (58%)         602M (59%)         602M (59%)         394M (38%)    
[21.773s][info][gc,heap     ] GC(69)      Used:      482M (47%)         626M (61%)         428M (42%)         422M (41%)         630M (62%)         422M (41%)    
[21.773s][info][gc,heap     ] GC(69)      Live:         -               205M (20%)         205M (20%)         205M (20%)            -                  -          
[21.773s][info][gc,heap     ] GC(69) Allocated:         -               144M (14%)         154M (15%)         157M (15%)            -                  -          
[21.773s][info][gc,heap     ] GC(69)   Garbage:         -               276M (27%)          68M (7%)           58M (6%)             -                  -          
[21.773s][info][gc,heap     ] GC(69) Reclaimed:         -                  -               208M (20%)         217M (21%)            -                  -          
[21.773s][info][gc          ] GC(69) Garbage Collection (Allocation Rate) 482M(47%)->422M(41%)
[21.796s][info][gc,start    ] GC(70) Garbage Collection (Allocation Rate)
[21.796s][info][gc,task     ] GC(70) Using 10 workers
[21.796s][info][gc,phases   ] GC(70) Pause Mark Start 0.009ms
[21.859s][info][gc,phases   ] GC(70) Concurrent Mark 62.223ms
[21.859s][info][gc,phases   ] GC(70) Pause Mark End 0.020ms
[21.859s][info][gc,phases   ] GC(70) Concurrent Mark Free 0.001ms
[21.861s][info][gc,phases   ] GC(70) Concurrent Process Non-Strong References 1.718ms
[21.861s][info][gc,phases   ] GC(70) Concurrent Reset Relocation Set 0.002ms
[21.863s][info][gc,phases   ] GC(70) Concurrent Select Relocation Set 2.386ms
[21.863s][info][gc,phases   ] GC(70) Pause Relocate Start 0.008ms
[21.866s][info][gc,phases   ] GC(70) Concurrent Relocate 2.638ms
[21.866s][info][gc,load     ] GC(70) Load: 0.00/0.00/0.00
[21.866s][info][gc,mmu      ] GC(70) MMU: 2ms/98.0%, 5ms/99.0%, 10ms/99.5%, 20ms/99.7%, 50ms/99.9%, 100ms/99.9%
[21.866s][info][gc,marking  ] GC(70) Mark: 8 stripe(s), 2 proactive flush(es), 1 terminate flush(es), 0 completion(s), 0 continuation(s) 
[21.866s][info][gc,marking  ] GC(70) Mark Stack Usage: 32M
[21.866s][info][gc,nmethod  ] GC(70) NMethods: 5824 registered, 35 unregistered
[21.866s][info][gc,metaspace] GC(70) Metaspace: 57M used, 58M committed, 1088M reserved
[21.866s][info][gc,ref      ] GC(70) Soft: 4700 encountered, 0 discovered, 0 enqueued
[21.866s][info][gc,ref      ] GC(70) Weak: 5644 encountered, 367 discovered, 0 enqueued
[21.866s][info][gc,ref      ] GC(70) Final: 60 encountered, 0 discovered, 0 enqueued
[21.866s][info][gc,ref      ] GC(70) Phantom: 606 encountered, 520 discovered, 0 enqueued
[21.866s][info][gc,reloc    ] GC(70) Small Pages: 210 / 420M, Empty: 188M, Relocated: 3M, In-Place: 0
[21.866s][info][gc,reloc    ] GC(70) Medium Pages: 1 / 32M, Empty: 0M, Relocated: 0M, In-Place: 0
[21.866s][info][gc,reloc    ] GC(70) Large Pages: 2 / 12M, Empty: 0M, Relocated: 0M, In-Place: 0
[21.866s][info][gc,reloc    ] GC(70) Forwarding Usage: 2M
[21.866s][info][gc,heap     ] GC(70) Min Capacity: 8M(1%)
[21.866s][info][gc,heap     ] GC(70) Max Capacity: 1024M(100%)
[21.866s][info][gc,heap     ] GC(70) Soft Max Capacity: 1024M(100%)
[21.866s][info][gc,heap     ] GC(70)                Mark Start          Mark End        Relocate Start      Relocate End           High               Low         
[21.866s][info][gc,heap     ] GC(70)  Capacity:     1024M (100%)       1024M (100%)       1024M (100%)       1024M (100%)       1024M (100%)       1024M (100%)   
[21.866s][info][gc,heap     ] GC(70)      Free:      560M (55%)         464M (45%)         646M (63%)         652M (64%)         652M (64%)         462M (45%)    
[21.866s][info][gc,heap     ] GC(70)      Used:      464M (45%)         560M (55%)         378M (37%)         372M (36%)         562M (55%)         372M (36%)    
[21.866s][info][gc,heap     ] GC(70)      Live:         -               205M (20%)         205M (20%)         205M (20%)            -                  -          
[21.866s][info][gc,heap     ] GC(70) Allocated:         -                96M (9%)          102M (10%)         107M (11%)            -                  -          
[21.866s][info][gc,heap     ] GC(70)   Garbage:         -               258M (25%)          70M (7%)           58M (6%)             -                  -          
[21.866s][info][gc,heap     ] GC(70) Reclaimed:         -                  -               188M (18%)         199M (20%)            -                  -          
[21.866s][info][gc          ] GC(70) Garbage Collection (Allocation Rate) 464M(45%)->372M(36%)
[21.906s][info][gc,start    ] GC(71) Garbage Collection (Allocation Rate)
[21.906s][info][gc,task     ] GC(71) Using 10 workers
[21.906s][info][gc,phases   ] GC(71) Pause Mark Start 0.011ms
[21.968s][info][gc,phases   ] GC(71) Concurrent Mark 62.249ms
[21.968s][info][gc,phases   ] GC(71) Pause Mark End 0.018ms
[21.968s][info][gc,phases   ] GC(71) Concurrent Mark Free 0.001ms
[21.970s][info][gc,phases   ] GC(71) Concurrent Process Non-Strong References 1.736ms
[21.970s][info][gc,phases   ] GC(71) Concurrent Reset Relocation Set 0.003ms
[21.974s][info][gc,phases   ] GC(71) Concurrent Select Relocation Set 3.626ms
[21.974s][info][gc,phases   ] GC(71) Pause Relocate Start 0.009ms
[21.977s][info][gc,phases   ] GC(71) Concurrent Relocate 2.620ms
[21.977s][info][gc,load     ] GC(71) Load: 0.00/0.00/0.00
[21.977s][info][gc,mmu      ] GC(71) MMU: 2ms/98.0%, 5ms/99.0%, 10ms/99.5%, 20ms/99.7%, 50ms/99.9%, 100ms/99.9%
[21.977s][info][gc,marking  ] GC(71) Mark: 8 stripe(s), 2 proactive flush(es), 1 terminate flush(es), 0 completion(s), 0 continuation(s) 
[21.977s][info][gc,marking  ] GC(71) Mark Stack Usage: 32M
[21.977s][info][gc,nmethod  ] GC(71) NMethods: 5824 registered, 35 unregistered
[21.977s][info][gc,metaspace] GC(71) Metaspace: 57M used, 58M committed, 1088M reserved
[21.977s][info][gc,ref      ] GC(71) Soft: 4700 encountered, 0 discovered, 0 enqueued
[21.977s][info][gc,ref      ] GC(71) Weak: 5644 encountered, 382 discovered, 0 enqueued
[21.977s][info][gc,ref      ] GC(71) Final: 60 encountered, 0 discovered, 0 enqueued
[21.977s][info][gc,ref      ] GC(71) Phantom: 606 encountered, 474 discovered, 0 enqueued
[21.977s][info][gc,reloc    ] GC(71) Small Pages: 213 / 426M, Empty: 200M, Relocated: 3M, In-Place: 0
[21.977s][info][gc,reloc    ] GC(71) Medium Pages: 1 / 32M, Empty: 0M, Relocated: 0M, In-Place: 0
[21.977s][info][gc,reloc    ] GC(71) Large Pages: 2 / 12M, Empty: 0M, Relocated: 0M, In-Place: 0
[21.977s][info][gc,reloc    ] GC(71) Forwarding Usage: 2M
[21.977s][info][gc,heap     ] GC(71) Min Capacity: 8M(1%)
[21.977s][info][gc,heap     ] GC(71) Max Capacity: 1024M(100%)
[21.977s][info][gc,heap     ] GC(71) Soft Max Capacity: 1024M(100%)
[21.977s][info][gc,heap     ] GC(71)                Mark Start          Mark End        Relocate Start      Relocate End           High               Low         
[21.977s][info][gc,heap     ] GC(71)  Capacity:     1024M (100%)       1024M (100%)       1024M (100%)       1024M (100%)       1024M (100%)       1024M (100%)   
[21.977s][info][gc,heap     ] GC(71)      Free:      554M (54%)         396M (39%)         582M (57%)         580M (57%)         582M (57%)         390M (38%)    
[21.977s][info][gc,heap     ] GC(71)      Used:      470M (46%)         628M (61%)         442M (43%)         444M (43%)         634M (62%)         442M (43%)    
[21.977s][info][gc,heap     ] GC(71)      Live:         -               205M (20%)         205M (20%)         205M (20%)            -                  -          
[21.977s][info][gc,heap     ] GC(71) Allocated:         -               158M (15%)         172M (17%)         179M (18%)            -                  -          
[21.977s][info][gc,heap     ] GC(71)   Garbage:         -               264M (26%)          64M (6%)           58M (6%)             -                  -          
[21.977s][info][gc,heap     ] GC(71) Reclaimed:         -                  -               200M (20%)         205M (20%)            -                  -          
[21.977s][info][gc          ] GC(71) Garbage Collection (Allocation Rate) 470M(46%)->444M(43%)
[21.999s][info][gc,start    ] GC(72) Garbage Collection (Allocation Rate)
[21.999s][info][gc,task     ] GC(72) Using 10 workers
[21.999s][info][gc,phases   ] GC(72) Pause Mark Start 0.009ms
[22.062s][info][gc,phases   ] GC(72) Concurrent Mark 62.244ms
[22.062s][info][gc,phases   ] GC(72) Pause Mark End 0.020ms
[22.062s][info][gc,phases   ] GC(72) Concurrent Mark Free 0.001ms
[22.064s][info][gc,phases   ] GC(72) Concurrent Process Non-Strong References 1.773ms
[22.064s][info][gc,phases   ] GC(72) Concurrent Reset Relocation Set 0.003ms
[22.068s][info][gc,phases   ] GC(72) Concurrent Select Relocation Set 3.736ms
[22.068s][info][gc,phases   ] GC(72) Pause Relocate Start 0.008ms
[22.071s][info][gc,phases   ] GC(72) Concurrent Relocate 2.793ms
[22.071s][info][gc,load     ] GC(72) Load: 0.00/0.00/0.00
[22.071s][info][gc,mmu      ] GC(72) MMU: 2ms/98.0%, 5ms/99.0%, 10ms/99.5%, 20ms/99.7%, 50ms/99.9%, 100ms/99.9%
[22.071s][info][gc,marking  ] GC(72) Mark: 8 stripe(s), 2 proactive flush(es), 1 terminate flush(es), 0 completion(s), 0 continuation(s) 
[22.071s][info][gc,marking  ] GC(72) Mark Stack Usage: 32M
[22.071s][info][gc,nmethod  ] GC(72) NMethods: 5824 registered, 35 unregistered
[22.071s][info][gc,metaspace] GC(72) Metaspace: 57M used, 58M committed, 1088M reserved
[22.071s][info][gc,ref      ] GC(72) Soft: 4700 encountered, 0 discovered, 0 enqueued
[22.071s][info][gc,ref      ] GC(72) Weak: 5644 encountered, 231 discovered, 0 enqueued
[22.071s][info][gc,ref      ] GC(72) Final: 60 encountered, 0 discovered, 0 enqueued
[22.071s][info][gc,ref      ] GC(72) Phantom: 606 encountered, 498 discovered, 0 enqueued
[22.071s][info][gc,reloc    ] GC(72) Small Pages: 229 / 458M, Empty: 226M, Relocated: 3M, In-Place: 0
[22.071s][info][gc,reloc    ] GC(72) Medium Pages: 1 / 32M, Empty: 0M, Relocated: 0M, In-Place: 0
[22.071s][info][gc,reloc    ] GC(72) Large Pages: 2 / 12M, Empty: 0M, Relocated: 0M, In-Place: 0
[22.071s][info][gc,reloc    ] GC(72) Forwarding Usage: 2M
[22.071s][info][gc,heap     ] GC(72) Min Capacity: 8M(1%)
[22.071s][info][gc,heap     ] GC(72) Max Capacity: 1024M(100%)
[22.071s][info][gc,heap     ] GC(72) Soft Max Capacity: 1024M(100%)
[22.071s][info][gc,heap     ] GC(72)                Mark Start          Mark End        Relocate Start      Relocate End           High               Low         
[22.071s][info][gc,heap     ] GC(72)  Capacity:     1024M (100%)       1024M (100%)       1024M (100%)       1024M (100%)       1024M (100%)       1024M (100%)   
[22.071s][info][gc,heap     ] GC(72)      Free:      522M (51%)         364M (36%)         576M (56%)         582M (57%)         582M (57%)         358M (35%)    
[22.071s][info][gc,heap     ] GC(72)      Used:      502M (49%)         660M (64%)         448M (44%)         442M (43%)         666M (65%)         442M (43%)    
[22.071s][info][gc,heap     ] GC(72)      Live:         -               205M (20%)         205M (20%)         205M (20%)            -                  -          
[22.071s][info][gc,heap     ] GC(72) Allocated:         -               158M (15%)         172M (17%)         177M (17%)            -                  -          
[22.071s][info][gc,heap     ] GC(72)   Garbage:         -               296M (29%)          70M (7%)           58M (6%)             -                  -          
[22.071s][info][gc,heap     ] GC(72) Reclaimed:         -                  -               226M (22%)         237M (23%)            -                  -          
[22.071s][info][gc          ] GC(72) Garbage Collection (Allocation Rate) 502M(49%)->442M(43%)
[22.093s][info][gc,start    ] GC(73) Garbage Collection (Allocation Rate)
[22.093s][info][gc,task     ] GC(73) Using 10 workers
[22.093s][info][gc,phases   ] GC(73) Pause Mark Start 0.010ms
[22.156s][info][gc,phases   ] GC(73) Concurrent Mark 62.274ms
[22.156s][info][gc,phases   ] GC(73) Pause Mark End 0.026ms
[22.156s][info][gc,phases   ] GC(73) Concurrent Mark Free 0.001ms
[22.158s][info][gc,phases   ] GC(73) Concurrent Process Non-Strong References 2.143ms
[22.158s][info][gc,phases   ] GC(73) Concurrent Reset Relocation Set 0.002ms
[22.162s][info][gc,phases   ] GC(73) Concurrent Select Relocation Set 3.939ms
[22.162s][info][gc,phases   ] GC(73) Pause Relocate Start 0.012ms
[22.166s][info][gc,phases   ] GC(73) Concurrent Relocate 3.923ms
[22.166s][info][gc,load     ] GC(73) Load: 0.00/0.00/0.00
[22.166s][info][gc,mmu      ] GC(73) MMU: 2ms/98.0%, 5ms/99.0%, 10ms/99.5%, 20ms/99.7%, 50ms/99.9%, 100ms/99.9%
[22.166s][info][gc,marking  ] GC(73) Mark: 8 stripe(s), 2 proactive flush(es), 1 terminate flush(es), 0 completion(s), 0 continuation(s) 
[22.166s][info][gc,marking  ] GC(73) Mark Stack Usage: 32M
[22.166s][info][gc,nmethod  ] GC(73) NMethods: 5840 registered, 35 unregistered
[22.166s][info][gc,metaspace] GC(73) Metaspace: 57M used, 58M committed, 1088M reserved
[22.166s][info][gc,ref      ] GC(73) Soft: 4700 encountered, 0 discovered, 0 enqueued
[22.167s][info][gc,ref      ] GC(73) Weak: 5644 encountered, 285 discovered, 0 enqueued
[22.167s][info][gc,ref      ] GC(73) Final: 60 encountered, 0 discovered, 0 enqueued
[22.167s][info][gc,ref      ] GC(73) Phantom: 606 encountered, 466 discovered, 0 enqueued
[22.167s][info][gc,reloc    ] GC(73) Small Pages: 223 / 446M, Empty: 210M, Relocated: 3M, In-Place: 0
[22.167s][info][gc,reloc    ] GC(73) Medium Pages: 1 / 32M, Empty: 0M, Relocated: 0M, In-Place: 0
[22.167s][info][gc,reloc    ] GC(73) Large Pages: 2 / 12M, Empty: 0M, Relocated: 0M, In-Place: 0
[22.167s][info][gc,reloc    ] GC(73) Forwarding Usage: 1M
[22.167s][info][gc,heap     ] GC(73) Min Capacity: 8M(1%)
[22.167s][info][gc,heap     ] GC(73) Max Capacity: 1024M(100%)
[22.167s][info][gc,heap     ] GC(73) Soft Max Capacity: 1024M(100%)
[22.167s][info][gc,heap     ] GC(73)                Mark Start          Mark End        Relocate Start      Relocate End           High               Low         
[22.167s][info][gc,heap     ] GC(73)  Capacity:     1024M (100%)       1024M (100%)       1024M (100%)       1024M (100%)       1024M (100%)       1024M (100%)   
[22.167s][info][gc,heap     ] GC(73)      Free:      534M (52%)         424M (41%)         630M (62%)         646M (63%)         646M (63%)         422M (41%)    
[22.167s][info][gc,heap     ] GC(73)      Used:      490M (48%)         600M (59%)         394M (38%)         378M (37%)         602M (59%)         378M (37%)    
[22.167s][info][gc,heap     ] GC(73)      Live:         -               205M (20%)         205M (20%)         205M (20%)            -                  -          
[22.167s][info][gc,heap     ] GC(73) Allocated:         -               110M (11%)         114M (11%)         113M (11%)            -                  -          
[22.167s][info][gc,heap     ] GC(73)   Garbage:         -               284M (28%)          74M (7%)           58M (6%)             -                  -          
[22.167s][info][gc,heap     ] GC(73) Reclaimed:         -                  -               210M (21%)         225M (22%)            -                  -          
[22.167s][info][gc          ] GC(73) Garbage Collection (Allocation Rate) 490M(48%)->378M(37%)
[22.206s][info][gc,start    ] GC(74) Garbage Collection (System.gc())
[22.206s][info][gc,task     ] GC(74) Using 10 workers
[22.207s][info][gc,phases   ] GC(74) Pause Mark Start 0.015ms
[22.272s][info][gc,phases   ] GC(74) Concurrent Mark 65.015ms
[22.272s][info][gc,phases   ] GC(74) Pause Mark End 0.021ms
[22.272s][info][gc,phases   ] GC(74) Concurrent Mark Free 0.001ms
[22.274s][info][gc,phases   ] GC(74) Concurrent Process Non-Strong References 1.869ms
[22.274s][info][gc,phases   ] GC(74) Concurrent Reset Relocation Set 0.002ms
[22.280s][info][gc,phases   ] GC(74) Concurrent Select Relocation Set 6.426ms
[22.280s][info][gc,phases   ] GC(74) Pause Relocate Start 0.010ms
[22.284s][info][gc,phases   ] GC(74) Concurrent Relocate 3.167ms
[22.284s][info][gc,load     ] GC(74) Load: 0.00/0.00/0.00
[22.284s][info][gc,mmu      ] GC(74) MMU: 2ms/98.0%, 5ms/99.0%, 10ms/99.5%, 20ms/99.7%, 50ms/99.9%, 100ms/99.9%
[22.284s][info][gc,marking  ] GC(74) Mark: 8 stripe(s), 3 proactive flush(es), 1 terminate flush(es), 0 completion(s), 0 continuation(s) 
[22.284s][info][gc,marking  ] GC(74) Mark Stack Usage: 32M
[22.284s][info][gc,nmethod  ] GC(74) NMethods: 5882 registered, 41 unregistered
[22.284s][info][gc,metaspace] GC(74) Metaspace: 57M used, 58M committed, 1088M reserved
[22.284s][info][gc,ref      ] GC(74) Soft: 4698 encountered, 0 discovered, 0 enqueued
[22.284s][info][gc,ref      ] GC(74) Weak: 5704 encountered, 375 discovered, 121 enqueued
[22.284s][info][gc,ref      ] GC(74) Final: 60 encountered, 0 discovered, 0 enqueued
[22.284s][info][gc,ref      ] GC(74) Phantom: 606 encountered, 408 discovered, 0 enqueued
[22.284s][info][gc,reloc    ] GC(74) Small Pages: 168 / 336M, Empty: 106M, Relocated: 3M, In-Place: 0
[22.284s][info][gc,reloc    ] GC(74) Medium Pages: 1 / 32M, Empty: 0M, Relocated: 0M, In-Place: 0
[22.284s][info][gc,reloc    ] GC(74) Large Pages: 3 / 18M, Empty: 6M, Relocated: 0M, In-Place: 0
[22.284s][info][gc,reloc    ] GC(74) Forwarding Usage: 1M
[22.284s][info][gc,heap     ] GC(74) Min Capacity: 8M(1%)
[22.284s][info][gc,heap     ] GC(74) Max Capacity: 1024M(100%)
[22.284s][info][gc,heap     ] GC(74) Soft Max Capacity: 1024M(100%)
[22.284s][info][gc,heap     ] GC(74)                Mark Start          Mark End        Relocate Start      Relocate End           High               Low         
[22.284s][info][gc,heap     ] GC(74)  Capacity:     1024M (100%)       1024M (100%)       1024M (100%)       1024M (100%)       1024M (100%)       1024M (100%)   
[22.284s][info][gc,heap     ] GC(74)      Free:      638M (62%)         636M (62%)         744M (73%)         754M (74%)         754M (74%)         634M (62%)    
[22.284s][info][gc,heap     ] GC(74)      Used:      386M (38%)         388M (38%)         280M (27%)         270M (26%)         390M (38%)         270M (26%)    
[22.284s][info][gc,heap     ] GC(74)      Live:         -               204M (20%)         204M (20%)         204M (20%)            -                  -          
[22.284s][info][gc,heap     ] GC(74) Allocated:         -                 2M (0%)            6M (1%)            6M (1%)             -                  -          
[22.284s][info][gc,heap     ] GC(74)   Garbage:         -               181M (18%)          69M (7%)           59M (6%)             -                  -          
[22.285s][info][gc,heap     ] GC(74) Reclaimed:         -                  -               112M (11%)         122M (12%)            -                  -          
[22.285s][info][gc          ] GC(74) Garbage Collection (System.gc()) 386M(38%)->270M(26%)
[22.506s][info][gc,start    ] GC(75) Garbage Collection (Allocation Rate)
[22.506s][info][gc,task     ] GC(75) Using 10 workers
[22.506s][info][gc,phases   ] GC(75) Pause Mark Start 0.019ms
[22.568s][info][gc,phases   ] GC(75) Concurrent Mark 62.109ms
[22.569s][info][gc,phases   ] GC(75) Pause Mark End 0.018ms
[22.569s][info][gc,phases   ] GC(75) Concurrent Mark Free 0.002ms
[22.570s][info][gc,phases   ] GC(75) Concurrent Process Non-Strong References 1.736ms
[22.571s][info][gc,phases   ] GC(75) Concurrent Reset Relocation Set 0.002ms
[22.577s][info][gc,phases   ] GC(75) Concurrent Select Relocation Set 6.901ms
[22.578s][info][gc,phases   ] GC(75) Pause Relocate Start 0.009ms
[22.580s][info][gc,phases   ] GC(75) Concurrent Relocate 2.831ms
[22.581s][info][gc,load     ] GC(75) Load: 0.00/0.00/0.00
[22.581s][info][gc,mmu      ] GC(75) MMU: 2ms/98.0%, 5ms/99.0%, 10ms/99.5%, 20ms/99.7%, 50ms/99.9%, 100ms/99.9%
[22.581s][info][gc,marking  ] GC(75) Mark: 8 stripe(s), 2 proactive flush(es), 1 terminate flush(es), 0 completion(s), 0 continuation(s) 
[22.581s][info][gc,marking  ] GC(75) Mark Stack Usage: 32M
[22.581s][info][gc,nmethod  ] GC(75) NMethods: 5957 registered, 51 unregistered
[22.581s][info][gc,metaspace] GC(75) Metaspace: 57M used, 58M committed, 1088M reserved
[22.581s][info][gc,ref      ] GC(75) Soft: 4700 encountered, 0 discovered, 0 enqueued
[22.581s][info][gc,ref      ] GC(75) Weak: 5772 encountered, 642 discovered, 75 enqueued
[22.581s][info][gc,ref      ] GC(75) Final: 60 encountered, 57 discovered, 0 enqueued
[22.581s][info][gc,ref      ] GC(75) Phantom: 606 encountered, 432 discovered, 0 enqueued
[22.581s][info][gc,reloc    ] GC(75) Small Pages: 353 / 706M, Empty: 454M, Relocated: 4M, In-Place: 0
[22.581s][info][gc,reloc    ] GC(75) Medium Pages: 2 / 64M, Empty: 32M, Relocated: 0M, In-Place: 0
[22.581s][info][gc,reloc    ] GC(75) Large Pages: 4 / 24M, Empty: 12M, Relocated: 0M, In-Place: 0
[22.581s][info][gc,reloc    ] GC(75) Forwarding Usage: 2M
[22.581s][info][gc,heap     ] GC(75) Min Capacity: 8M(1%)
[22.581s][info][gc,heap     ] GC(75) Max Capacity: 1024M(100%)
[22.581s][info][gc,heap     ] GC(75) Soft Max Capacity: 1024M(100%)
[22.581s][info][gc,heap     ] GC(75)                Mark Start          Mark End        Relocate Start      Relocate End           High               Low         
[22.581s][info][gc,heap     ] GC(75)  Capacity:     1024M (100%)       1024M (100%)       1024M (100%)       1024M (100%)       1024M (100%)       1024M (100%)   
[22.581s][info][gc,heap     ] GC(75)      Free:      230M (22%)          46M (4%)          510M (50%)         536M (52%)         536M (52%)          40M (4%)     
[22.581s][info][gc,heap     ] GC(75)      Used:      794M (78%)         978M (96%)         514M (50%)         488M (48%)         984M (96%)         488M (48%)    
[22.581s][info][gc,heap     ] GC(75)      Live:         -               205M (20%)         205M (20%)         205M (20%)            -                  -          
[22.581s][info][gc,heap     ] GC(75) Allocated:         -               184M (18%)         218M (21%)         225M (22%)            -                  -          
[22.581s][info][gc,heap     ] GC(75)   Garbage:         -               588M (58%)          90M (9%)           56M (6%)             -                  -          
[22.581s][info][gc,heap     ] GC(75) Reclaimed:         -                  -               498M (49%)         531M (52%)            -                  -          
[22.581s][info][gc          ] GC(75) Garbage Collection (Allocation Rate) 794M(78%)->488M(48%)
[22.600s][info][gc,start    ] GC(76) Garbage Collection (Allocation Rate)
[22.600s][info][gc,task     ] GC(76) Using 10 workers
[22.600s][info][gc,phases   ] GC(76) Pause Mark Start 0.010ms
[22.662s][info][gc,phases   ] GC(76) Concurrent Mark 62.234ms
[22.662s][info][gc,phases   ] GC(76) Pause Mark End 0.031ms
[22.662s][info][gc,phases   ] GC(76) Concurrent Mark Free 0.001ms
[22.664s][info][gc,phases   ] GC(76) Concurrent Process Non-Strong References 1.862ms
[22.664s][info][gc,phases   ] GC(76) Concurrent Reset Relocation Set 0.002ms
[22.667s][info][gc,phases   ] GC(76) Concurrent Select Relocation Set 2.653ms
[22.667s][info][gc,phases   ] GC(76) Pause Relocate Start 0.011ms
[22.672s][info][gc,phases   ] GC(76) Concurrent Relocate 4.463ms
[22.672s][info][gc,load     ] GC(76) Load: 0.00/0.00/0.00
[22.672s][info][gc,mmu      ] GC(76) MMU: 2ms/98.0%, 5ms/99.0%, 10ms/99.5%, 20ms/99.7%, 50ms/99.9%, 100ms/99.9%
[22.672s][info][gc,marking  ] GC(76) Mark: 8 stripe(s), 2 proactive flush(es), 1 terminate flush(es), 0 completion(s), 0 continuation(s) 
[22.672s][info][gc,marking  ] GC(76) Mark Stack Usage: 32M
[22.672s][info][gc,nmethod  ] GC(76) NMethods: 5957 registered, 51 unregistered
[22.672s][info][gc,metaspace] GC(76) Metaspace: 57M used, 58M committed, 1088M reserved
[22.672s][info][gc,ref      ] GC(76) Soft: 4700 encountered, 0 discovered, 0 enqueued
[22.672s][info][gc,ref      ] GC(76) Weak: 5705 encountered, 378 discovered, 19 enqueued
[22.672s][info][gc,ref      ] GC(76) Final: 60 encountered, 0 discovered, 0 enqueued
[22.672s][info][gc,ref      ] GC(76) Phantom: 606 encountered, 420 discovered, 0 enqueued
[22.672s][info][gc,reloc    ] GC(76) Small Pages: 251 / 502M, Empty: 264M, Relocated: 4M, In-Place: 0
[22.672s][info][gc,reloc    ] GC(76) Medium Pages: 1 / 32M, Empty: 0M, Relocated: 0M, In-Place: 0
[22.672s][info][gc,reloc    ] GC(76) Large Pages: 2 / 12M, Empty: 0M, Relocated: 0M, In-Place: 0
[22.672s][info][gc,reloc    ] GC(76) Forwarding Usage: 2M
[22.672s][info][gc,heap     ] GC(76) Min Capacity: 8M(1%)
[22.672s][info][gc,heap     ] GC(76) Max Capacity: 1024M(100%)
[22.672s][info][gc,heap     ] GC(76) Soft Max Capacity: 1024M(100%)
[22.672s][info][gc,heap     ] GC(76)                Mark Start          Mark End        Relocate Start      Relocate End           High               Low         
[22.672s][info][gc,heap     ] GC(76)  Capacity:     1024M (100%)       1024M (100%)       1024M (100%)       1024M (100%)       1024M (100%)       1024M (100%)   
[22.672s][info][gc,heap     ] GC(76)      Free:      478M (47%)         292M (29%)         542M (53%)         554M (54%)         554M (54%)         286M (28%)    
[22.672s][info][gc,heap     ] GC(76)      Used:      546M (53%)         732M (71%)         482M (47%)         470M (46%)         738M (72%)         470M (46%)    
[22.672s][info][gc,heap     ] GC(76)      Live:         -               205M (20%)         205M (20%)         205M (20%)            -                  -          
[22.672s][info][gc,heap     ] GC(76) Allocated:         -               186M (18%)         200M (20%)         207M (20%)            -                  -          
[22.672s][info][gc,heap     ] GC(76)   Garbage:         -               340M (33%)          76M (8%)           56M (6%)             -                  -          
[22.672s][info][gc,heap     ] GC(76) Reclaimed:         -                  -               264M (26%)         283M (28%)            -                  -          
[22.672s][info][gc          ] GC(76) Garbage Collection (Allocation Rate) 546M(53%)->470M(46%)
[22.693s][info][gc,start    ] GC(77) Garbage Collection (Allocation Rate)
[22.694s][info][gc,task     ] GC(77) Using 10 workers
[22.694s][info][gc,phases   ] GC(77) Pause Mark Start 0.011ms
[22.756s][info][gc,phases   ] GC(77) Concurrent Mark 62.233ms
[22.756s][info][gc,phases   ] GC(77) Pause Mark End 0.017ms
[22.756s][info][gc,phases   ] GC(77) Concurrent Mark Free 0.001ms
[22.758s][info][gc,phases   ] GC(77) Concurrent Process Non-Strong References 1.699ms
[22.758s][info][gc,phases   ] GC(77) Concurrent Reset Relocation Set 0.003ms
[22.761s][info][gc,phases   ] GC(77) Concurrent Select Relocation Set 2.694ms
[22.761s][info][gc,phases   ] GC(77) Pause Relocate Start 0.008ms
[22.764s][info][gc,phases   ] GC(77) Concurrent Relocate 3.466ms
[22.764s][info][gc,load     ] GC(77) Load: 0.00/0.00/0.00
[22.764s][info][gc,mmu      ] GC(77) MMU: 2ms/98.0%, 5ms/99.0%, 10ms/99.5%, 20ms/99.7%, 50ms/99.9%, 100ms/99.9%
[22.764s][info][gc,marking  ] GC(77) Mark: 8 stripe(s), 2 proactive flush(es), 1 terminate flush(es), 0 completion(s), 0 continuation(s) 
[22.764s][info][gc,marking  ] GC(77) Mark Stack Usage: 32M
[22.764s][info][gc,nmethod  ] GC(77) NMethods: 5957 registered, 51 unregistered
[22.764s][info][gc,metaspace] GC(77) Metaspace: 57M used, 58M committed, 1088M reserved
[22.764s][info][gc,ref      ] GC(77) Soft: 4700 encountered, 0 discovered, 0 enqueued
[22.764s][info][gc,ref      ] GC(77) Weak: 5686 encountered, 310 discovered, 0 enqueued
[22.764s][info][gc,ref      ] GC(77) Final: 60 encountered, 0 discovered, 0 enqueued
[22.764s][info][gc,ref      ] GC(77) Phantom: 606 encountered, 502 discovered, 0 enqueued
[22.764s][info][gc,reloc    ] GC(77) Small Pages: 236 / 472M, Empty: 236M, Relocated: 4M, In-Place: 0
[22.764s][info][gc,reloc    ] GC(77) Medium Pages: 1 / 32M, Empty: 0M, Relocated: 0M, In-Place: 0
[22.764s][info][gc,reloc    ] GC(77) Large Pages: 2 / 12M, Empty: 0M, Relocated: 0M, In-Place: 0
[22.764s][info][gc,reloc    ] GC(77) Forwarding Usage: 2M
[22.764s][info][gc,heap     ] GC(77) Min Capacity: 8M(1%)
[22.764s][info][gc,heap     ] GC(77) Max Capacity: 1024M(100%)
[22.765s][info][gc,heap     ] GC(77) Soft Max Capacity: 1024M(100%)
[22.765s][info][gc,heap     ] GC(77)                Mark Start          Mark End        Relocate Start      Relocate End           High               Low         
[22.765s][info][gc,heap     ] GC(77)  Capacity:     1024M (100%)       1024M (100%)       1024M (100%)       1024M (100%)       1024M (100%)       1024M (100%)   
[22.765s][info][gc,heap     ] GC(77)      Free:      508M (50%)         382M (37%)         610M (60%)         620M (61%)         620M (61%)         380M (37%)    
[22.765s][info][gc,heap     ] GC(77)      Used:      516M (50%)         642M (63%)         414M (40%)         404M (39%)         644M (63%)         404M (39%)    
[22.765s][info][gc,heap     ] GC(77)      Live:         -               205M (20%)         205M (20%)         205M (20%)            -                  -          
[22.765s][info][gc,heap     ] GC(77) Allocated:         -               126M (12%)         134M (13%)         141M (14%)            -                  -          
[22.765s][info][gc,heap     ] GC(77)   Garbage:         -               310M (30%)          74M (7%)           56M (6%)             -                  -          
[22.765s][info][gc,heap     ] GC(77) Reclaimed:         -                  -               236M (23%)         253M (25%)            -                  -          
[22.765s][info][gc          ] GC(77) Garbage Collection (Allocation Rate) 516M(50%)->404M(39%)
[22.904s][info][gc,start    ] GC(78) Garbage Collection (Allocation Rate)
[22.904s][info][gc,task     ] GC(78) Using 8 workers
[22.904s][info][gc,phases   ] GC(78) Pause Mark Start 0.016ms
[22.967s][info][gc,phases   ] GC(78) Concurrent Mark 62.216ms
[22.967s][info][gc,phases   ] GC(78) Pause Mark End 0.019ms
[22.967s][info][gc,phases   ] GC(78) Concurrent Mark Free 0.001ms
[22.969s][info][gc,phases   ] GC(78) Concurrent Process Non-Strong References 1.851ms
[22.969s][info][gc,phases   ] GC(78) Concurrent Reset Relocation Set 0.003ms
[22.976s][info][gc,phases   ] GC(78) Concurrent Select Relocation Set 7.510ms
[22.976s][info][gc,phases   ] GC(78) Pause Relocate Start 0.008ms
[22.979s][info][gc,phases   ] GC(78) Concurrent Relocate 2.766ms
[22.979s][info][gc,load     ] GC(78) Load: 0.00/0.00/0.00
[22.979s][info][gc,mmu      ] GC(78) MMU: 2ms/98.0%, 5ms/99.0%, 10ms/99.5%, 20ms/99.7%, 50ms/99.9%, 100ms/99.9%
[22.979s][info][gc,marking  ] GC(78) Mark: 8 stripe(s), 2 proactive flush(es), 1 terminate flush(es), 0 completion(s), 0 continuation(s) 
[22.979s][info][gc,marking  ] GC(78) Mark Stack Usage: 32M
[22.979s][info][gc,nmethod  ] GC(78) NMethods: 5957 registered, 51 unregistered
[22.979s][info][gc,metaspace] GC(78) Metaspace: 57M used, 58M committed, 1088M reserved
[22.979s][info][gc,ref      ] GC(78) Soft: 4700 encountered, 0 discovered, 0 enqueued
[22.980s][info][gc,ref      ] GC(78) Weak: 5686 encountered, 351 discovered, 0 enqueued
[22.980s][info][gc,ref      ] GC(78) Final: 60 encountered, 0 discovered, 0 enqueued
[22.980s][info][gc,ref      ] GC(78) Phantom: 606 encountered, 382 discovered, 0 enqueued
[22.980s][info][gc,reloc    ] GC(78) Small Pages: 333 / 666M, Empty: 432M, Relocated: 4M, In-Place: 0
[22.980s][info][gc,reloc    ] GC(78) Medium Pages: 1 / 32M, Empty: 0M, Relocated: 0M, In-Place: 0
[22.980s][info][gc,reloc    ] GC(78) Large Pages: 2 / 12M, Empty: 0M, Relocated: 0M, In-Place: 0
[22.980s][info][gc,reloc    ] GC(78) Forwarding Usage: 2M
[22.980s][info][gc,heap     ] GC(78) Min Capacity: 8M(1%)
[22.980s][info][gc,heap     ] GC(78) Max Capacity: 1024M(100%)
[22.980s][info][gc,heap     ] GC(78) Soft Max Capacity: 1024M(100%)
[22.980s][info][gc,heap     ] GC(78)                Mark Start          Mark End        Relocate Start      Relocate End           High               Low         
[22.980s][info][gc,heap     ] GC(78)  Capacity:     1024M (100%)       1024M (100%)       1024M (100%)       1024M (100%)       1024M (100%)       1024M (100%)   
[22.980s][info][gc,heap     ] GC(78)      Free:      314M (31%)         166M (16%)         576M (56%)         588M (57%)         588M (57%)         162M (16%)    
[22.980s][info][gc,heap     ] GC(78)      Used:      710M (69%)         858M (84%)         448M (44%)         436M (43%)         862M (84%)         436M (43%)    
[22.980s][info][gc,heap     ] GC(78)      Live:         -               205M (20%)         205M (20%)         205M (20%)            -                  -          
[22.980s][info][gc,heap     ] GC(78) Allocated:         -               148M (14%)         170M (17%)         177M (17%)            -                  -          
[22.980s][info][gc,heap     ] GC(78)   Garbage:         -               504M (49%)          72M (7%)           52M (5%)             -                  -          
[22.980s][info][gc,heap     ] GC(78) Reclaimed:         -                  -               432M (42%)         451M (44%)            -                  -          
[22.980s][info][gc          ] GC(78) Garbage Collection (Allocation Rate) 710M(69%)->436M(43%)
[22.998s][info][gc,start    ] GC(79) Garbage Collection (Allocation Rate)
[22.998s][info][gc,task     ] GC(79) Using 8 workers
[22.998s][info][gc,phases   ] GC(79) Pause Mark Start 0.010ms
[23.060s][info][gc,phases   ] GC(79) Concurrent Mark 62.198ms
[23.060s][info][gc,phases   ] GC(79) Pause Mark End 0.019ms
[23.061s][info][gc,phases   ] GC(79) Concurrent Mark Free 0.001ms
[23.063s][info][gc,phases   ] GC(79) Concurrent Process Non-Strong References 1.967ms
[23.063s][info][gc,phases   ] GC(79) Concurrent Reset Relocation Set 0.003ms
[23.066s][info][gc,phases   ] GC(79) Concurrent Select Relocation Set 3.700ms
[23.066s][info][gc,phases   ] GC(79) Pause Relocate Start 0.008ms
[23.071s][info][gc,phases   ] GC(79) Concurrent Relocate 4.148ms
[23.071s][info][gc,load     ] GC(79) Load: 0.00/0.00/0.00
[23.071s][info][gc,mmu      ] GC(79) MMU: 2ms/98.0%, 5ms/99.0%, 10ms/99.5%, 20ms/99.7%, 50ms/99.9%, 100ms/99.9%
[23.071s][info][gc,marking  ] GC(79) Mark: 8 stripe(s), 2 proactive flush(es), 1 terminate flush(es), 0 completion(s), 0 continuation(s) 
[23.071s][info][gc,marking  ] GC(79) Mark Stack Usage: 32M
[23.071s][info][gc,nmethod  ] GC(79) NMethods: 5957 registered, 51 unregistered
[23.071s][info][gc,metaspace] GC(79) Metaspace: 57M used, 58M committed, 1088M reserved
[23.071s][info][gc,ref      ] GC(79) Soft: 4700 encountered, 0 discovered, 0 enqueued
[23.071s][info][gc,ref      ] GC(79) Weak: 5686 encountered, 250 discovered, 0 enqueued
[23.071s][info][gc,ref      ] GC(79) Final: 60 encountered, 0 discovered, 0 enqueued
[23.071s][info][gc,ref      ] GC(79) Phantom: 606 encountered, 327 discovered, 0 enqueued
[23.071s][info][gc,reloc    ] GC(79) Small Pages: 222 / 444M, Empty: 222M, Relocated: 4M, In-Place: 0
[23.071s][info][gc,reloc    ] GC(79) Medium Pages: 1 / 32M, Empty: 0M, Relocated: 0M, In-Place: 0
[23.071s][info][gc,reloc    ] GC(79) Large Pages: 2 / 12M, Empty: 0M, Relocated: 0M, In-Place: 0
[23.071s][info][gc,reloc    ] GC(79) Forwarding Usage: 2M
[23.071s][info][gc,heap     ] GC(79) Min Capacity: 8M(1%)
[23.071s][info][gc,heap     ] GC(79) Max Capacity: 1024M(100%)
[23.071s][info][gc,heap     ] GC(79) Soft Max Capacity: 1024M(100%)
[23.071s][info][gc,heap     ] GC(79)                Mark Start          Mark End        Relocate Start      Relocate End           High               Low         
[23.071s][info][gc,heap     ] GC(79)  Capacity:     1024M (100%)       1024M (100%)       1024M (100%)       1024M (100%)       1024M (100%)       1024M (100%)   
[23.071s][info][gc,heap     ] GC(79)      Free:      536M (52%)         362M (35%)         568M (55%)         566M (55%)         568M (55%)         356M (35%)    
[23.071s][info][gc,heap     ] GC(79)      Used:      488M (48%)         662M (65%)         456M (45%)         458M (45%)         668M (65%)         456M (45%)    
[23.071s][info][gc,heap     ] GC(79)      Live:         -               205M (20%)         205M (20%)         205M (20%)            -                  -          
[23.071s][info][gc,heap     ] GC(79) Allocated:         -               174M (17%)         190M (19%)         199M (20%)            -                  -          
[23.071s][info][gc,heap     ] GC(79)   Garbage:         -               282M (28%)          60M (6%)           52M (5%)             -                  -          
[23.071s][info][gc,heap     ] GC(79) Reclaimed:         -                  -               222M (22%)         229M (22%)            -                  -          
[23.071s][info][gc          ] GC(79) Garbage Collection (Allocation Rate) 488M(48%)->458M(45%)
[23.107s][info][gc,start    ] GC(80) Garbage Collection (Allocation Rate)
[23.107s][info][gc,task     ] GC(80) Using 8 workers
[23.107s][info][gc,phases   ] GC(80) Pause Mark Start 0.012ms
[23.170s][info][gc,phases   ] GC(80) Concurrent Mark 62.194ms
[23.170s][info][gc,phases   ] GC(80) Pause Mark End 0.021ms
[23.170s][info][gc,phases   ] GC(80) Concurrent Mark Free 0.001ms
[23.172s][info][gc,phases   ] GC(80) Concurrent Process Non-Strong References 1.777ms
[23.172s][info][gc,phases   ] GC(80) Concurrent Reset Relocation Set 0.002ms
[23.175s][info][gc,phases   ] GC(80) Concurrent Select Relocation Set 3.643ms
[23.175s][info][gc,phases   ] GC(80) Pause Relocate Start 0.008ms
[23.180s][info][gc,phases   ] GC(80) Concurrent Relocate 4.165ms
[23.180s][info][gc,load     ] GC(80) Load: 0.00/0.00/0.00
[23.180s][info][gc,mmu      ] GC(80) MMU: 2ms/98.0%, 5ms/99.0%, 10ms/99.5%, 20ms/99.7%, 50ms/99.9%, 100ms/99.9%
[23.180s][info][gc,marking  ] GC(80) Mark: 8 stripe(s), 2 proactive flush(es), 1 terminate flush(es), 0 completion(s), 0 continuation(s) 
[23.180s][info][gc,marking  ] GC(80) Mark Stack Usage: 32M
[23.180s][info][gc,nmethod  ] GC(80) NMethods: 5957 registered, 51 unregistered
[23.180s][info][gc,metaspace] GC(80) Metaspace: 57M used, 58M committed, 1088M reserved
[23.180s][info][gc,ref      ] GC(80) Soft: 4700 encountered, 0 discovered, 0 enqueued
[23.180s][info][gc,ref      ] GC(80) Weak: 5686 encountered, 267 discovered, 0 enqueued
[23.180s][info][gc,ref      ] GC(80) Final: 60 encountered, 2 discovered, 0 enqueued
[23.180s][info][gc,ref      ] GC(80) Phantom: 606 encountered, 414 discovered, 0 enqueued
[23.180s][info][gc,reloc    ] GC(80) Small Pages: 245 / 490M, Empty: 262M, Relocated: 4M, In-Place: 0
[23.180s][info][gc,reloc    ] GC(80) Medium Pages: 1 / 32M, Empty: 0M, Relocated: 0M, In-Place: 0
[23.180s][info][gc,reloc    ] GC(80) Large Pages: 2 / 12M, Empty: 0M, Relocated: 0M, In-Place: 0
[23.180s][info][gc,reloc    ] GC(80) Forwarding Usage: 2M
[23.180s][info][gc,heap     ] GC(80) Min Capacity: 8M(1%)
[23.180s][info][gc,heap     ] GC(80) Max Capacity: 1024M(100%)
[23.180s][info][gc,heap     ] GC(80) Soft Max Capacity: 1024M(100%)
[23.180s][info][gc,heap     ] GC(80)                Mark Start          Mark End        Relocate Start      Relocate End           High               Low         
[23.180s][info][gc,heap     ] GC(80)  Capacity:     1024M (100%)       1024M (100%)       1024M (100%)       1024M (100%)       1024M (100%)       1024M (100%)   
[23.180s][info][gc,heap     ] GC(80)      Free:      490M (48%)         360M (35%)         610M (60%)         612M (60%)         616M (60%)         356M (35%)    
[23.180s][info][gc,heap     ] GC(80)      Used:      534M (52%)         664M (65%)         414M (40%)         412M (40%)         668M (65%)         408M (40%)    
[23.180s][info][gc,heap     ] GC(80)      Live:         -               205M (20%)         205M (20%)         205M (20%)            -                  -          
[23.180s][info][gc,heap     ] GC(80) Allocated:         -               130M (13%)         142M (14%)         153M (15%)            -                  -          
[23.180s][info][gc,heap     ] GC(80)   Garbage:         -               328M (32%)          66M (7%)           52M (5%)             -                  -          
[23.181s][info][gc,heap     ] GC(80) Reclaimed:         -                  -               262M (26%)         275M (27%)            -                  -          
[23.181s][info][gc          ] GC(80) Garbage Collection (Allocation Rate) 534M(52%)->412M(40%)
[23.201s][info][gc,start    ] GC(81) Garbage Collection (Allocation Rate)
[23.201s][info][gc,task     ] GC(81) Using 8 workers
[23.201s][info][gc,phases   ] GC(81) Pause Mark Start 0.010ms
[23.271s][info][gc,phases   ] GC(81) Concurrent Mark 70.139ms
[23.271s][info][gc,phases   ] GC(81) Pause Mark End 0.018ms
[23.271s][info][gc,phases   ] GC(81) Concurrent Mark Free 0.000ms
[23.273s][info][gc,phases   ] GC(81) Concurrent Process Non-Strong References 1.970ms
[23.273s][info][gc,phases   ] GC(81) Concurrent Reset Relocation Set 0.002ms
[23.276s][info][gc,phases   ] GC(81) Concurrent Select Relocation Set 2.425ms
[23.276s][info][gc,phases   ] GC(81) Pause Relocate Start 0.008ms
[23.281s][info][gc,phases   ] GC(81) Concurrent Relocate 4.524ms
[23.281s][info][gc,load     ] GC(81) Load: 0.00/0.00/0.00
[23.281s][info][gc,mmu      ] GC(81) MMU: 2ms/98.0%, 5ms/99.0%, 10ms/99.5%, 20ms/99.7%, 50ms/99.9%, 100ms/99.9%
[23.281s][info][gc,marking  ] GC(81) Mark: 8 stripe(s), 3 proactive flush(es), 1 terminate flush(es), 0 completion(s), 0 continuation(s) 
[23.281s][info][gc,marking  ] GC(81) Mark Stack Usage: 32M
[23.281s][info][gc,nmethod  ] GC(81) NMethods: 6023 registered, 51 unregistered
[23.281s][info][gc,metaspace] GC(81) Metaspace: 57M used, 58M committed, 1088M reserved
[23.281s][info][gc,ref      ] GC(81) Soft: 4700 encountered, 0 discovered, 0 enqueued
[23.281s][info][gc,ref      ] GC(81) Weak: 5682 encountered, 2174 discovered, 0 enqueued
[23.281s][info][gc,ref      ] GC(81) Final: 60 encountered, 57 discovered, 0 enqueued
[23.281s][info][gc,ref      ] GC(81) Phantom: 606 encountered, 393 discovered, 0 enqueued
[23.281s][info][gc,reloc    ] GC(81) Small Pages: 217 / 434M, Empty: 210M, Relocated: 4M, In-Place: 0
[23.281s][info][gc,reloc    ] GC(81) Medium Pages: 1 / 32M, Empty: 0M, Relocated: 0M, In-Place: 0
[23.281s][info][gc,reloc    ] GC(81) Large Pages: 2 / 12M, Empty: 0M, Relocated: 0M, In-Place: 0
[23.281s][info][gc,reloc    ] GC(81) Forwarding Usage: 2M
[23.281s][info][gc,heap     ] GC(81) Min Capacity: 8M(1%)
[23.281s][info][gc,heap     ] GC(81) Max Capacity: 1024M(100%)
[23.281s][info][gc,heap     ] GC(81) Soft Max Capacity: 1024M(100%)
[23.281s][info][gc,heap     ] GC(81)                Mark Start          Mark End        Relocate Start      Relocate End           High               Low         
[23.281s][info][gc,heap     ] GC(81)  Capacity:     1024M (100%)       1024M (100%)       1024M (100%)       1024M (100%)       1024M (100%)       1024M (100%)   
[23.281s][info][gc,heap     ] GC(81)      Free:      546M (53%)         512M (50%)         722M (71%)         732M (71%)         732M (71%)         512M (50%)    
[23.281s][info][gc,heap     ] GC(81)      Used:      478M (47%)         512M (50%)         302M (29%)         292M (29%)         512M (50%)         292M (29%)    
[23.281s][info][gc,heap     ] GC(81)      Live:         -               205M (20%)         205M (20%)         205M (20%)            -                  -          
[23.281s][info][gc,heap     ] GC(81) Allocated:         -                34M (3%)           34M (3%)           34M (3%)             -                  -          
[23.281s][info][gc,heap     ] GC(81)   Garbage:         -               272M (27%)          62M (6%)           52M (5%)             -                  -          
[23.281s][info][gc,heap     ] GC(81) Reclaimed:         -                  -               210M (21%)         220M (21%)            -                  -          
[23.281s][info][gc          ] GC(81) Garbage Collection (Allocation Rate) 478M(47%)->292M(29%)
[23.281s][info][gc,start    ] GC(82) Garbage Collection (System.gc())
[23.281s][info][gc,task     ] GC(82) Using 10 workers
[23.281s][info][gc,phases   ] GC(82) Pause Mark Start 0.006ms
[23.334s][info][gc,phases   ] GC(82) Concurrent Mark 52.715ms
[23.334s][info][gc,phases   ] GC(82) Pause Mark End 0.018ms
[23.334s][info][gc,phases   ] GC(82) Concurrent Mark Free 0.001ms
[23.336s][info][gc,phases   ] GC(82) Concurrent Process Non-Strong References 1.667ms
[23.336s][info][gc,phases   ] GC(82) Concurrent Reset Relocation Set 0.002ms
[23.340s][info][gc,phases   ] GC(82) Concurrent Select Relocation Set 3.906ms
[23.340s][info][gc,phases   ] GC(82) Pause Relocate Start 0.009ms
[23.343s][info][gc,phases   ] GC(82) Concurrent Relocate 2.561ms
[23.343s][info][gc,load     ] GC(82) Load: 0.00/0.00/0.00
[23.343s][info][gc,mmu      ] GC(82) MMU: 2ms/98.0%, 5ms/99.0%, 10ms/99.5%, 20ms/99.7%, 50ms/99.9%, 100ms/99.9%
[23.343s][info][gc,marking  ] GC(82) Mark: 8 stripe(s), 1 proactive flush(es), 1 terminate flush(es), 0 completion(s), 0 continuation(s) 
[23.343s][info][gc,marking  ] GC(82) Mark Stack Usage: 32M
[23.343s][info][gc,nmethod  ] GC(82) NMethods: 6019 registered, 58 unregistered
[23.343s][info][gc,metaspace] GC(82) Metaspace: 57M used, 58M committed, 1088M reserved
[23.343s][info][gc,ref      ] GC(82) Soft: 4698 encountered, 0 discovered, 0 enqueued
[23.343s][info][gc,ref      ] GC(82) Weak: 5754 encountered, 422 discovered, 121 enqueued
[23.343s][info][gc,ref      ] GC(82) Final: 60 encountered, 0 discovered, 0 enqueued
[23.343s][info][gc,ref      ] GC(82) Phantom: 606 encountered, 475 discovered, 0 enqueued
[23.343s][info][gc,reloc    ] GC(82) Small Pages: 121 / 242M, Empty: 8M, Relocated: 3M, In-Place: 0
[23.343s][info][gc,reloc    ] GC(82) Medium Pages: 1 / 32M, Empty: 0M, Relocated: 0M, In-Place: 0
[23.343s][info][gc,reloc    ] GC(82) Large Pages: 3 / 18M, Empty: 6M, Relocated: 0M, In-Place: 0
[23.343s][info][gc,reloc    ] GC(82) Forwarding Usage: 1M
[23.343s][info][gc,heap     ] GC(82) Min Capacity: 8M(1%)
[23.343s][info][gc,heap     ] GC(82) Max Capacity: 1024M(100%)
[23.343s][info][gc,heap     ] GC(82) Soft Max Capacity: 1024M(100%)
[23.343s][info][gc,heap     ] GC(82)                Mark Start          Mark End        Relocate Start      Relocate End           High               Low         
[23.343s][info][gc,heap     ] GC(82)  Capacity:     1024M (100%)       1024M (100%)       1024M (100%)       1024M (100%)       1024M (100%)       1024M (100%)   
[23.343s][info][gc,heap     ] GC(82)      Free:      732M (71%)         730M (71%)         742M (72%)         754M (74%)         754M (74%)         726M (71%)    
[23.343s][info][gc,heap     ] GC(82)      Used:      292M (29%)         294M (29%)         282M (28%)         270M (26%)         298M (29%)         270M (26%)    
[23.343s][info][gc,heap     ] GC(82)      Live:         -               204M (20%)         204M (20%)         204M (20%)            -                  -          
[23.343s][info][gc,heap     ] GC(82) Allocated:         -                 2M (0%)            4M (0%)            5M (1%)             -                  -          
[23.343s][info][gc,heap     ] GC(82)   Garbage:         -                87M (9%)           73M (7%)           59M (6%)             -                  -          
[23.343s][info][gc,heap     ] GC(82) Reclaimed:         -                  -                14M (1%)           27M (3%)             -                  -          
[23.343s][info][gc          ] GC(82) Garbage Collection (System.gc()) 292M(29%)->270M(26%)
[23.505s][info][gc,start    ] GC(83) Garbage Collection (Allocation Rate)
[23.505s][info][gc,task     ] GC(83) Using 5 workers
[23.505s][info][gc,phases   ] GC(83) Pause Mark Start 0.019ms
[23.598s][info][gc,phases   ] GC(83) Concurrent Mark 93.291ms
[23.598s][info][gc,phases   ] GC(83) Pause Mark End 0.029ms
[23.599s][info][gc,phases   ] GC(83) Concurrent Mark Free 0.001ms
[23.603s][info][gc,phases   ] GC(83) Concurrent Process Non-Strong References 4.372ms
[23.603s][info][gc,phases   ] GC(83) Concurrent Reset Relocation Set 0.002ms
[23.610s][info][gc,phases   ] GC(83) Concurrent Select Relocation Set 7.244ms
[23.610s][info][gc,phases   ] GC(83) Pause Relocate Start 0.012ms
[23.615s][info][gc,phases   ] GC(83) Concurrent Relocate 4.353ms
[23.615s][info][gc,load     ] GC(83) Load: 0.00/0.00/0.00
[23.615s][info][gc,mmu      ] GC(83) MMU: 2ms/98.0%, 5ms/99.0%, 10ms/99.5%, 20ms/99.7%, 50ms/99.9%, 100ms/99.9%
[23.615s][info][gc,marking  ] GC(83) Mark: 4 stripe(s), 3 proactive flush(es), 1 terminate flush(es), 0 completion(s), 0 continuation(s) 
[23.615s][info][gc,marking  ] GC(83) Mark Stack Usage: 32M
[23.615s][info][gc,nmethod  ] GC(83) NMethods: 6107 registered, 65 unregistered
[23.615s][info][gc,metaspace] GC(83) Metaspace: 57M used, 58M committed, 1088M reserved
[23.615s][info][gc,ref      ] GC(83) Soft: 4700 encountered, 0 discovered, 0 enqueued
[23.615s][info][gc,ref      ] GC(83) Weak: 5794 encountered, 2344 discovered, 74 enqueued
[23.615s][info][gc,ref      ] GC(83) Final: 60 encountered, 6 discovered, 0 enqueued
[23.615s][info][gc,ref      ] GC(83) Phantom: 606 encountered, 412 discovered, 0 enqueued
[23.615s][info][gc,reloc    ] GC(83) Small Pages: 229 / 458M, Empty: 206M, Relocated: 4M, In-Place: 0
[23.615s][info][gc,reloc    ] GC(83) Medium Pages: 2 / 64M, Empty: 32M, Relocated: 0M, In-Place: 0
[23.615s][info][gc,reloc    ] GC(83) Large Pages: 4 / 24M, Empty: 12M, Relocated: 0M, In-Place: 0
[23.615s][info][gc,reloc    ] GC(83) Forwarding Usage: 2M
[23.615s][info][gc,heap     ] GC(83) Min Capacity: 8M(1%)
[23.615s][info][gc,heap     ] GC(83) Max Capacity: 1024M(100%)
[23.615s][info][gc,heap     ] GC(83) Soft Max Capacity: 1024M(100%)
[23.615s][info][gc,heap     ] GC(83)                Mark Start          Mark End        Relocate Start      Relocate End           High               Low         
[23.615s][info][gc,heap     ] GC(83)  Capacity:     1024M (100%)       1024M (100%)       1024M (100%)       1024M (100%)       1024M (100%)       1024M (100%)   
[23.616s][info][gc,heap     ] GC(83)      Free:      478M (47%)         188M (18%)         394M (38%)         422M (41%)         478M (47%)         172M (17%)    
[23.616s][info][gc,heap     ] GC(83)      Used:      546M (53%)         836M (82%)         630M (62%)         602M (59%)         852M (83%)         546M (53%)    
[23.616s][info][gc,heap     ] GC(83)      Live:         -               205M (20%)         205M (20%)         205M (20%)            -                  -          
[23.616s][info][gc,heap     ] GC(83) Allocated:         -               290M (28%)         334M (33%)         349M (34%)            -                  -          
[23.616s][info][gc,heap     ] GC(83)   Garbage:         -               340M (33%)          90M (9%)           46M (5%)             -                  -          
[23.616s][info][gc,heap     ] GC(83) Reclaimed:         -                  -               250M (24%)         293M (29%)            -                  -          
[23.616s][info][gc          ] GC(83) Garbage Collection (Allocation Rate) 546M(53%)->602M(59%)
[23.708s][info][gc,start    ] GC(84) Garbage Collection (Allocation Rate)
[23.708s][info][gc,task     ] GC(84) Using 10 workers
[23.708s][info][gc,phases   ] GC(84) Pause Mark Start 0.015ms
[23.770s][info][gc,phases   ] GC(84) Concurrent Mark 62.056ms
[23.770s][info][gc,phases   ] GC(84) Pause Mark End 0.021ms
[23.770s][info][gc,phases   ] GC(84) Concurrent Mark Free 0.001ms
[23.772s][info][gc,phases   ] GC(84) Concurrent Process Non-Strong References 1.732ms
[23.772s][info][gc,phases   ] GC(84) Concurrent Reset Relocation Set 0.002ms
[23.772s][info][gc          ] Allocation Stall (Executor task launch worker for task 1.0 in stage 22.0 (TID 37)) 19.395ms
[23.772s][info][gc          ] Allocation Stall (Executor task launch worker for task 0.0 in stage 22.0 (TID 36)) 19.409ms
[23.775s][info][gc,phases   ] GC(84) Concurrent Select Relocation Set 2.797ms
[23.775s][info][gc,phases   ] GC(84) Pause Relocate Start 0.007ms
[23.777s][info][gc,phases   ] GC(84) Concurrent Relocate 2.537ms
[23.778s][info][gc,load     ] GC(84) Load: 0.00/0.00/0.00
[23.778s][info][gc,mmu      ] GC(84) MMU: 2ms/98.0%, 5ms/99.0%, 10ms/99.5%, 20ms/99.7%, 50ms/99.9%, 100ms/99.9%
[23.778s][info][gc,marking  ] GC(84) Mark: 8 stripe(s), 2 proactive flush(es), 1 terminate flush(es), 0 completion(s), 0 continuation(s) 
[23.778s][info][gc,marking  ] GC(84) Mark Stack Usage: 32M
[23.778s][info][gc,nmethod  ] GC(84) NMethods: 6106 registered, 66 unregistered
[23.778s][info][gc,metaspace] GC(84) Metaspace: 57M used, 58M committed, 1088M reserved
[23.778s][info][gc,ref      ] GC(84) Soft: 4700 encountered, 0 discovered, 0 enqueued
[23.778s][info][gc,ref      ] GC(84) Weak: 5728 encountered, 333 discovered, 14 enqueued
[23.778s][info][gc,ref      ] GC(84) Final: 60 encountered, 1 discovered, 0 enqueued
[23.778s][info][gc,ref      ] GC(84) Phantom: 606 encountered, 417 discovered, 0 enqueued
[23.778s][info][gc,reloc    ] GC(84) Small Pages: 441 / 882M, Empty: 650M, Relocated: 3M, In-Place: 0
[23.778s][info][gc,reloc    ] GC(84) Medium Pages: 1 / 32M, Empty: 0M, Relocated: 0M, In-Place: 0
[23.778s][info][gc,reloc    ] GC(84) Large Pages: 2 / 12M, Empty: 0M, Relocated: 0M, In-Place: 0
[23.778s][info][gc,reloc    ] GC(84) Forwarding Usage: 1M
[23.778s][info][gc,heap     ] GC(84) Min Capacity: 8M(1%)
[23.778s][info][gc,heap     ] GC(84) Max Capacity: 1024M(100%)
[23.778s][info][gc,heap     ] GC(84) Soft Max Capacity: 1024M(100%)
[23.778s][info][gc,heap     ] GC(84)                Mark Start          Mark End        Relocate Start      Relocate End           High               Low         
[23.778s][info][gc,heap     ] GC(84)  Capacity:     1024M (100%)       1024M (100%)       1024M (100%)       1024M (100%)       1024M (100%)       1024M (100%)   
[23.778s][info][gc,heap     ] GC(84)      Free:       98M (10%)           0M (0%)          642M (63%)         650M (63%)         650M (63%)           0M (0%)     
[23.778s][info][gc,heap     ] GC(84)      Used:      926M (90%)        1024M (100%)        382M (37%)         374M (37%)        1024M (100%)        374M (37%)    
[23.778s][info][gc,heap     ] GC(84)      Live:         -               205M (20%)         205M (20%)         205M (20%)            -                  -          
[23.778s][info][gc,heap     ] GC(84) Allocated:         -                98M (10%)         106M (10%)         109M (11%)            -                  -          
[23.778s][info][gc,heap     ] GC(84)   Garbage:         -               720M (70%)          70M (7%)           58M (6%)             -                  -          
[23.778s][info][gc,heap     ] GC(84) Reclaimed:         -                  -               650M (63%)         661M (65%)            -                  -          
[23.778s][info][gc          ] GC(84) Garbage Collection (Allocation Rate) 926M(90%)->374M(37%)
[23.801s][info][gc,start    ] GC(85) Garbage Collection (Allocation Stall)
[23.801s][info][gc,ref      ] GC(85) Clearing All SoftReferences
[23.801s][info][gc,task     ] GC(85) Using 10 workers
[23.802s][info][gc,ref      ] GC(85) Clearing All SoftReferences
[23.802s][info][gc,phases   ] GC(85) Pause Mark Start 0.065ms
[23.864s][info][gc,phases   ] GC(85) Concurrent Mark 62.137ms
[23.864s][info][gc,phases   ] GC(85) Pause Mark End 0.017ms
[23.864s][info][gc,phases   ] GC(85) Concurrent Mark Free 0.001ms
[23.876s][info][gc,phases   ] GC(85) Concurrent Process Non-Strong References 11.958ms
[23.876s][info][gc,phases   ] GC(85) Concurrent Reset Relocation Set 0.002ms
[23.879s][info][gc,phases   ] GC(85) Concurrent Select Relocation Set 2.987ms
[23.879s][info][gc,phases   ] GC(85) Pause Relocate Start 0.009ms
[23.880s][info][gc,phases   ] GC(85) Concurrent Relocate 1.079ms
[23.880s][info][gc,load     ] GC(85) Load: 0.00/0.00/0.00
[23.880s][info][gc,mmu      ] GC(85) MMU: 2ms/96.7%, 5ms/98.7%, 10ms/99.3%, 20ms/99.7%, 50ms/99.8%, 100ms/99.9%
[23.880s][info][gc,marking  ] GC(85) Mark: 8 stripe(s), 3 proactive flush(es), 1 terminate flush(es), 0 completion(s), 0 continuation(s) 
[23.880s][info][gc,marking  ] GC(85) Mark Stack Usage: 32M
[23.880s][info][gc,nmethod  ] GC(85) NMethods: 6095 registered, 77 unregistered
[23.880s][info][gc,metaspace] GC(85) Metaspace: 57M used, 58M committed, 1088M reserved
[23.880s][info][gc,ref      ] GC(85) Soft: 4526 encountered, 2208 discovered, 1902 enqueued
[23.881s][info][gc,ref      ] GC(85) Weak: 5621 encountered, 340 discovered, 100 enqueued
[23.881s][info][gc,ref      ] GC(85) Final: 60 encountered, 0 discovered, 0 enqueued
[23.881s][info][gc,ref      ] GC(85) Phantom: 606 encountered, 349 discovered, 0 enqueued
[23.881s][info][gc,reloc    ] GC(85) Small Pages: 190 / 380M, Empty: 148M, Relocated: 1M, In-Place: 0
[23.881s][info][gc,reloc    ] GC(85) Medium Pages: 1 / 32M, Empty: 0M, Relocated: 0M, In-Place: 0
[23.881s][info][gc,reloc    ] GC(85) Large Pages: 2 / 12M, Empty: 0M, Relocated: 0M, In-Place: 0
[23.881s][info][gc,reloc    ] GC(85) Forwarding Usage: 0M
[23.881s][info][gc,heap     ] GC(85) Min Capacity: 8M(1%)
[23.881s][info][gc,heap     ] GC(85) Max Capacity: 1024M(100%)
[23.881s][info][gc,heap     ] GC(85) Soft Max Capacity: 1024M(100%)
[23.881s][info][gc,heap     ] GC(85)                Mark Start          Mark End        Relocate Start      Relocate End           High               Low         
[23.881s][info][gc,heap     ] GC(85)  Capacity:     1024M (100%)       1024M (100%)       1024M (100%)       1024M (100%)       1024M (100%)       1024M (100%)   
[23.881s][info][gc,heap     ] GC(85)      Free:      600M (59%)         436M (43%)         544M (53%)         550M (54%)         600M (59%)         404M (39%)    
[23.881s][info][gc,heap     ] GC(85)      Used:      424M (41%)         588M (57%)         480M (47%)         474M (46%)         620M (61%)         424M (41%)    
[23.881s][info][gc,heap     ] GC(85)      Live:         -               201M (20%)         201M (20%)         201M (20%)            -                  -          
[23.881s][info][gc,heap     ] GC(85) Allocated:         -               164M (16%)         204M (20%)         207M (20%)            -                  -          
[23.881s][info][gc,heap     ] GC(85)   Garbage:         -               222M (22%)          74M (7%)           64M (6%)             -                  -          
[23.881s][info][gc,heap     ] GC(85) Reclaimed:         -                  -               148M (14%)         157M (15%)            -                  -          
[23.881s][info][gc          ] GC(85) Garbage Collection (Allocation Stall) 424M(41%)->474M(46%)
[23.895s][info][gc,start    ] GC(86) Garbage Collection (Allocation Rate)
[23.895s][info][gc,task     ] GC(86) Using 10 workers
[23.895s][info][gc,phases   ] GC(86) Pause Mark Start 0.013ms
[23.958s][info][gc,phases   ] GC(86) Concurrent Mark 62.214ms
[23.958s][info][gc,phases   ] GC(86) Pause Mark End 0.021ms
[23.958s][info][gc,phases   ] GC(86) Concurrent Mark Free 0.001ms
[23.959s][info][gc,phases   ] GC(86) Concurrent Process Non-Strong References 1.711ms
[23.960s][info][gc,phases   ] GC(86) Concurrent Reset Relocation Set 0.002ms
[23.962s][info][gc,phases   ] GC(86) Concurrent Select Relocation Set 2.913ms
[23.963s][info][gc,phases   ] GC(86) Pause Relocate Start 0.007ms
[23.963s][info][gc,phases   ] GC(86) Concurrent Relocate 0.802ms
[23.963s][info][gc,load     ] GC(86) Load: 0.00/0.00/0.00
[23.963s][info][gc,mmu      ] GC(86) MMU: 2ms/96.7%, 5ms/98.7%, 10ms/99.3%, 20ms/99.7%, 50ms/99.8%, 100ms/99.9%
[23.963s][info][gc,marking  ] GC(86) Mark: 8 stripe(s), 2 proactive flush(es), 1 terminate flush(es), 0 completion(s), 0 continuation(s) 
[23.963s][info][gc,marking  ] GC(86) Mark Stack Usage: 32M
[23.964s][info][gc,nmethod  ] GC(86) NMethods: 6095 registered, 77 unregistered
[23.964s][info][gc,metaspace] GC(86) Metaspace: 57M used, 58M committed, 1088M reserved
[23.964s][info][gc,ref      ] GC(86) Soft: 2624 encountered, 0 discovered, 0 enqueued
[23.964s][info][gc,ref      ] GC(86) Weak: 5521 encountered, 295 discovered, 0 enqueued
[23.964s][info][gc,ref      ] GC(86) Final: 60 encountered, 0 discovered, 0 enqueued
[23.964s][info][gc,ref      ] GC(86) Phantom: 606 encountered, 476 discovered, 0 enqueued
[23.964s][info][gc,reloc    ] GC(86) Small Pages: 237 / 474M, Empty: 240M, Relocated: 1M, In-Place: 0
[23.964s][info][gc,reloc    ] GC(86) Medium Pages: 1 / 32M, Empty: 0M, Relocated: 0M, In-Place: 0
[23.964s][info][gc,reloc    ] GC(86) Large Pages: 2 / 12M, Empty: 0M, Relocated: 0M, In-Place: 0
[23.964s][info][gc,reloc    ] GC(86) Forwarding Usage: 0M
[23.964s][info][gc,heap     ] GC(86) Min Capacity: 8M(1%)
[23.964s][info][gc,heap     ] GC(86) Max Capacity: 1024M(100%)
[23.964s][info][gc,heap     ] GC(86) Soft Max Capacity: 1024M(100%)
[23.964s][info][gc,heap     ] GC(86)                Mark Start          Mark End        Relocate Start      Relocate End           High               Low         
[23.964s][info][gc,heap     ] GC(86)  Capacity:     1024M (100%)       1024M (100%)       1024M (100%)       1024M (100%)       1024M (100%)       1024M (100%)   
[23.964s][info][gc,heap     ] GC(86)      Free:      506M (49%)         310M (30%)         534M (52%)         546M (53%)         546M (53%)         304M (30%)    
[23.964s][info][gc,heap     ] GC(86)      Used:      518M (51%)         714M (70%)         490M (48%)         478M (47%)         720M (70%)         478M (47%)    
[23.964s][info][gc,heap     ] GC(86)      Live:         -               201M (20%)         201M (20%)         201M (20%)            -                  -          
[23.964s][info][gc,heap     ] GC(86) Allocated:         -               196M (19%)         212M (21%)         211M (21%)            -                  -          
[23.964s][info][gc,heap     ] GC(86)   Garbage:         -               316M (31%)          76M (7%)           64M (6%)             -                  -          
[23.964s][info][gc,heap     ] GC(86) Reclaimed:         -                  -               240M (23%)         251M (25%)            -                  -          
[23.964s][info][gc          ] GC(86) Garbage Collection (Allocation Rate) 518M(51%)->478M(47%)
[24.004s][info][gc,start    ] GC(87) Garbage Collection (Allocation Rate)
[24.005s][info][gc,task     ] GC(87) Using 10 workers
[24.005s][info][gc,phases   ] GC(87) Pause Mark Start 0.011ms
[24.074s][info][gc,phases   ] GC(87) Concurrent Mark 69.076ms
[24.074s][info][gc,phases   ] GC(87) Pause Mark End 0.027ms
[24.074s][info][gc,phases   ] GC(87) Concurrent Mark Free 0.001ms
[24.076s][info][gc,phases   ] GC(87) Concurrent Process Non-Strong References 1.909ms
[24.076s][info][gc,phases   ] GC(87) Concurrent Reset Relocation Set 0.003ms
[24.080s][info][gc,phases   ] GC(87) Concurrent Select Relocation Set 3.535ms
[24.080s][info][gc,phases   ] GC(87) Pause Relocate Start 0.008ms
[24.081s][info][gc,phases   ] GC(87) Concurrent Relocate 1.084ms
[24.081s][info][gc,load     ] GC(87) Load: 0.00/0.00/0.00
[24.081s][info][gc,mmu      ] GC(87) MMU: 2ms/96.7%, 5ms/98.7%, 10ms/99.3%, 20ms/99.7%, 50ms/99.8%, 100ms/99.9%
[24.081s][info][gc,marking  ] GC(87) Mark: 8 stripe(s), 2 proactive flush(es), 1 terminate flush(es), 0 completion(s), 0 continuation(s) 
[24.081s][info][gc,marking  ] GC(87) Mark Stack Usage: 32M
[24.081s][info][gc,nmethod  ] GC(87) NMethods: 6095 registered, 77 unregistered
[24.081s][info][gc,metaspace] GC(87) Metaspace: 57M used, 58M committed, 1088M reserved
[24.081s][info][gc,ref      ] GC(87) Soft: 2624 encountered, 0 discovered, 0 enqueued
[24.081s][info][gc,ref      ] GC(87) Weak: 5521 encountered, 277 discovered, 0 enqueued
[24.081s][info][gc,ref      ] GC(87) Final: 60 encountered, 0 discovered, 0 enqueued
[24.081s][info][gc,ref      ] GC(87) Phantom: 606 encountered, 491 discovered, 0 enqueued
[24.081s][info][gc,reloc    ] GC(87) Small Pages: 272 / 544M, Empty: 312M, Relocated: 1M, In-Place: 0
[24.081s][info][gc,reloc    ] GC(87) Medium Pages: 1 / 32M, Empty: 0M, Relocated: 0M, In-Place: 0
[24.081s][info][gc,reloc    ] GC(87) Large Pages: 2 / 12M, Empty: 0M, Relocated: 0M, In-Place: 0
[24.081s][info][gc,reloc    ] GC(87) Forwarding Usage: 0M
[24.081s][info][gc,heap     ] GC(87) Min Capacity: 8M(1%)
[24.081s][info][gc,heap     ] GC(87) Max Capacity: 1024M(100%)
[24.081s][info][gc,heap     ] GC(87) Soft Max Capacity: 1024M(100%)
[24.081s][info][gc,heap     ] GC(87)                Mark Start          Mark End        Relocate Start      Relocate End           High               Low         
[24.081s][info][gc,heap     ] GC(87)  Capacity:     1024M (100%)       1024M (100%)       1024M (100%)       1024M (100%)       1024M (100%)       1024M (100%)   
[24.081s][info][gc,heap     ] GC(87)      Free:      436M (43%)         250M (24%)         546M (53%)         554M (54%)         554M (54%)         244M (24%)    
[24.082s][info][gc,heap     ] GC(87)      Used:      588M (57%)         774M (76%)         478M (47%)         470M (46%)         780M (76%)         470M (46%)    
[24.082s][info][gc,heap     ] GC(87)      Live:         -               201M (20%)         201M (20%)         201M (20%)            -                  -          
[24.082s][info][gc,heap     ] GC(87) Allocated:         -               186M (18%)         202M (20%)         203M (20%)            -                  -          
[24.082s][info][gc,heap     ] GC(87)   Garbage:         -               386M (38%)          74M (7%)           64M (6%)             -                  -          
[24.082s][info][gc,heap     ] GC(87) Reclaimed:         -                  -               312M (30%)         321M (31%)            -                  -          
[24.082s][info][gc          ] GC(87) Garbage Collection (Allocation Rate) 588M(57%)->470M(46%)
[24.105s][info][gc,start    ] GC(88) Garbage Collection (Allocation Rate)
[24.105s][info][gc,task     ] GC(88) Using 10 workers
[24.105s][info][gc,phases   ] GC(88) Pause Mark Start 0.014ms
[24.168s][info][gc,phases   ] GC(88) Concurrent Mark 62.183ms
[24.168s][info][gc,phases   ] GC(88) Pause Mark End 0.019ms
[24.168s][info][gc,phases   ] GC(88) Concurrent Mark Free 0.001ms
[24.169s][info][gc,phases   ] GC(88) Concurrent Process Non-Strong References 1.631ms
[24.169s][info][gc,phases   ] GC(88) Concurrent Reset Relocation Set 0.002ms
[24.173s][info][gc,phases   ] GC(88) Concurrent Select Relocation Set 3.615ms
[24.173s][info][gc,phases   ] GC(88) Pause Relocate Start 0.008ms
[24.174s][info][gc,phases   ] GC(88) Concurrent Relocate 0.817ms
[24.174s][info][gc,load     ] GC(88) Load: 0.00/0.00/0.00
[24.174s][info][gc,mmu      ] GC(88) MMU: 2ms/96.7%, 5ms/98.7%, 10ms/99.3%, 20ms/99.7%, 50ms/99.8%, 100ms/99.9%
[24.174s][info][gc,marking  ] GC(88) Mark: 8 stripe(s), 2 proactive flush(es), 1 terminate flush(es), 0 completion(s), 0 continuation(s) 
[24.174s][info][gc,marking  ] GC(88) Mark Stack Usage: 32M
[24.174s][info][gc,nmethod  ] GC(88) NMethods: 6095 registered, 77 unregistered
[24.174s][info][gc,metaspace] GC(88) Metaspace: 57M used, 58M committed, 1088M reserved
[24.174s][info][gc,ref      ] GC(88) Soft: 2624 encountered, 0 discovered, 0 enqueued
[24.174s][info][gc,ref      ] GC(88) Weak: 5521 encountered, 247 discovered, 0 enqueued
[24.174s][info][gc,ref      ] GC(88) Final: 60 encountered, 0 discovered, 0 enqueued
[24.174s][info][gc,ref      ] GC(88) Phantom: 606 encountered, 469 discovered, 0 enqueued
[24.174s][info][gc,reloc    ] GC(88) Small Pages: 240 / 480M, Empty: 252M, Relocated: 1M, In-Place: 0
[24.174s][info][gc,reloc    ] GC(88) Medium Pages: 1 / 32M, Empty: 0M, Relocated: 0M, In-Place: 0
[24.174s][info][gc,reloc    ] GC(88) Large Pages: 2 / 12M, Empty: 0M, Relocated: 0M, In-Place: 0
[24.175s][info][gc,reloc    ] GC(88) Forwarding Usage: 0M
[24.175s][info][gc,heap     ] GC(88) Min Capacity: 8M(1%)
[24.175s][info][gc,heap     ] GC(88) Max Capacity: 1024M(100%)
[24.175s][info][gc,heap     ] GC(88) Soft Max Capacity: 1024M(100%)
[24.175s][info][gc,heap     ] GC(88)                Mark Start          Mark End        Relocate Start      Relocate End           High               Low         
[24.175s][info][gc,heap     ] GC(88)  Capacity:     1024M (100%)       1024M (100%)       1024M (100%)       1024M (100%)       1024M (100%)       1024M (100%)   
[24.175s][info][gc,heap     ] GC(88)      Free:      500M (49%)         360M (35%)         600M (59%)         602M (59%)         602M (59%)         356M (35%)    
[24.175s][info][gc,heap     ] GC(88)      Used:      524M (51%)         664M (65%)         424M (41%)         422M (41%)         668M (65%)         422M (41%)    
[24.175s][info][gc,heap     ] GC(88)      Live:         -               201M (20%)         201M (20%)         201M (20%)            -                  -          
[24.175s][info][gc,heap     ] GC(88) Allocated:         -               140M (14%)         152M (15%)         155M (15%)            -                  -          
[24.175s][info][gc,heap     ] GC(88)   Garbage:         -               322M (32%)          70M (7%)           64M (6%)             -                  -          
[24.175s][info][gc,heap     ] GC(88) Reclaimed:         -                  -               252M (25%)         257M (25%)            -                  -          
[24.175s][info][gc          ] GC(88) Garbage Collection (Allocation Rate) 524M(51%)->422M(41%)
[24.199s][info][gc,start    ] GC(89) Garbage Collection (Allocation Rate)
[24.199s][info][gc,task     ] GC(89) Using 10 workers
[24.199s][info][gc,phases   ] GC(89) Pause Mark Start 0.010ms
[24.256s][info][gc,phases   ] GC(89) Concurrent Mark 56.898ms
[24.256s][info][gc,phases   ] GC(89) Pause Mark End 0.027ms
[24.256s][info][gc,phases   ] GC(89) Concurrent Mark Free 0.001ms
[24.258s][info][gc,phases   ] GC(89) Concurrent Process Non-Strong References 1.465ms
[24.258s][info][gc,phases   ] GC(89) Concurrent Reset Relocation Set 0.002ms
[24.260s][info][gc,phases   ] GC(89) Concurrent Select Relocation Set 2.692ms
[24.260s][info][gc,phases   ] GC(89) Pause Relocate Start 0.007ms
[24.261s][info][gc,phases   ] GC(89) Concurrent Relocate 0.652ms
[24.261s][info][gc,load     ] GC(89) Load: 0.00/0.00/0.00
[24.261s][info][gc,mmu      ] GC(89) MMU: 2ms/96.7%, 5ms/98.7%, 10ms/99.3%, 20ms/99.7%, 50ms/99.8%, 100ms/99.9%
[24.261s][info][gc,marking  ] GC(89) Mark: 8 stripe(s), 2 proactive flush(es), 1 terminate flush(es), 0 completion(s), 0 continuation(s) 
[24.261s][info][gc,marking  ] GC(89) Mark Stack Usage: 32M
[24.261s][info][gc,nmethod  ] GC(89) NMethods: 6140 registered, 77 unregistered
[24.261s][info][gc,metaspace] GC(89) Metaspace: 57M used, 58M committed, 1088M reserved
[24.261s][info][gc,ref      ] GC(89) Soft: 2624 encountered, 0 discovered, 0 enqueued
[24.261s][info][gc,ref      ] GC(89) Weak: 5461 encountered, 253 discovered, 0 enqueued
[24.261s][info][gc,ref      ] GC(89) Final: 60 encountered, 0 discovered, 0 enqueued
[24.261s][info][gc,ref      ] GC(89) Phantom: 606 encountered, 425 discovered, 0 enqueued
[24.261s][info][gc,reloc    ] GC(89) Small Pages: 227 / 454M, Empty: 224M, Relocated: 1M, In-Place: 0
[24.261s][info][gc,reloc    ] GC(89) Medium Pages: 1 / 32M, Empty: 0M, Relocated: 0M, In-Place: 0
[24.261s][info][gc,reloc    ] GC(89) Large Pages: 2 / 12M, Empty: 0M, Relocated: 0M, In-Place: 0
[24.261s][info][gc,reloc    ] GC(89) Forwarding Usage: 0M
[24.261s][info][gc,heap     ] GC(89) Min Capacity: 8M(1%)
[24.261s][info][gc,heap     ] GC(89) Max Capacity: 1024M(100%)
[24.261s][info][gc,heap     ] GC(89) Soft Max Capacity: 1024M(100%)
[24.261s][info][gc,heap     ] GC(89)                Mark Start          Mark End        Relocate Start      Relocate End           High               Low         
[24.261s][info][gc,heap     ] GC(89)  Capacity:     1024M (100%)       1024M (100%)       1024M (100%)       1024M (100%)       1024M (100%)       1024M (100%)   
[24.261s][info][gc,heap     ] GC(89)      Free:      526M (51%)         442M (43%)         666M (65%)         674M (66%)         674M (66%)         442M (43%)    
[24.261s][info][gc,heap     ] GC(89)      Used:      498M (49%)         582M (57%)         358M (35%)         350M (34%)         582M (57%)         350M (34%)    
[24.261s][info][gc,heap     ] GC(89)      Live:         -               201M (20%)         201M (20%)         201M (20%)            -                  -          
[24.261s][info][gc,heap     ] GC(89) Allocated:         -                84M (8%)           84M (8%)           83M (8%)             -                  -          
[24.262s][info][gc,heap     ] GC(89)   Garbage:         -               296M (29%)          72M (7%)           64M (6%)             -                  -          
[24.262s][info][gc,heap     ] GC(89) Reclaimed:         -                  -               224M (22%)         231M (23%)            -                  -          
[24.262s][info][gc          ] GC(89) Garbage Collection (Allocation Rate) 498M(49%)->350M(34%)
[24.334s][info][gc,start    ] GC(90) Garbage Collection (System.gc())
[24.334s][info][gc,task     ] GC(90) Using 10 workers
[24.334s][info][gc,phases   ] GC(90) Pause Mark Start 0.016ms
[24.422s][info][gc,phases   ] GC(90) Concurrent Mark 88.064ms
[24.630s][info][gc,phases   ] GC(90) Pause Mark End 0.047ms
[24.630s][info][gc,phases   ] GC(90) Concurrent Mark Free 0.002ms
[24.649s][info][gc,phases   ] GC(90) Concurrent Process Non-Strong References 18.709ms
[24.649s][info][gc,phases   ] GC(90) Concurrent Reset Relocation Set 0.003ms
[24.654s][info][gc,phases   ] GC(90) Concurrent Select Relocation Set 5.348ms
[24.654s][info][gc,phases   ] GC(90) Pause Relocate Start 0.014ms
[24.659s][info][gc,phases   ] GC(90) Concurrent Relocate 5.067ms
[24.659s][info][gc,load     ] GC(90) Load: 0.00/0.00/0.00
[24.659s][info][gc,mmu      ] GC(90) MMU: 2ms/96.7%, 5ms/98.7%, 10ms/99.3%, 20ms/99.7%, 50ms/99.8%, 100ms/99.9%
[24.659s][info][gc,marking  ] GC(90) Mark: 8 stripe(s), 3 proactive flush(es), 1 terminate flush(es), 0 completion(s), 0 continuation(s) 
[24.659s][info][gc,marking  ] GC(90) Mark Stack Usage: 32M
[24.659s][info][gc,nmethod  ] GC(90) NMethods: 5251 registered, 1060 unregistered
[24.659s][info][gc,metaspace] GC(90) Metaspace: 57M used, 58M committed, 1088M reserved
[24.659s][info][gc,ref      ] GC(90) Soft: 2953 encountered, 0 discovered, 0 enqueued
[24.659s][info][gc,ref      ] GC(90) Weak: 5723 encountered, 475 discovered, 223 enqueued
[24.659s][info][gc,ref      ] GC(90) Final: 60 encountered, 0 discovered, 0 enqueued
[24.659s][info][gc,ref      ] GC(90) Phantom: 606 encountered, 373 discovered, 0 enqueued
[24.659s][info][gc,reloc    ] GC(90) Small Pages: 158 / 316M, Empty: 78M, Relocated: 5M, In-Place: 0
[24.660s][info][gc,reloc    ] GC(90) Medium Pages: 1 / 32M, Empty: 0M, Relocated: 0M, In-Place: 0
[24.660s][info][gc,reloc    ] GC(90) Large Pages: 3 / 18M, Empty: 6M, Relocated: 0M, In-Place: 0
[24.660s][info][gc,reloc    ] GC(90) Forwarding Usage: 2M
[24.660s][info][gc,heap     ] GC(90) Min Capacity: 8M(1%)
[24.660s][info][gc,heap     ] GC(90) Max Capacity: 1024M(100%)
[24.660s][info][gc,heap     ] GC(90) Soft Max Capacity: 1024M(100%)
[24.660s][info][gc,heap     ] GC(90)                Mark Start          Mark End        Relocate Start      Relocate End           High               Low         
[24.660s][info][gc,heap     ] GC(90)  Capacity:     1024M (100%)       1024M (100%)       1024M (100%)       1024M (100%)       1024M (100%)       1024M (100%)   
[24.660s][info][gc,heap     ] GC(90)      Free:      658M (64%)         656M (64%)         738M (72%)         756M (74%)         756M (74%)         654M (64%)    
[24.660s][info][gc,heap     ] GC(90)      Used:      366M (36%)         368M (36%)         286M (28%)         268M (26%)         370M (36%)         268M (26%)    
[24.660s][info][gc,heap     ] GC(90)      Live:         -               202M (20%)         202M (20%)         202M (20%)            -                  -          
[24.660s][info][gc,heap     ] GC(90) Allocated:         -                 2M (0%)            4M (0%)            5M (1%)             -                  -          
[24.660s][info][gc,heap     ] GC(90)   Garbage:         -               163M (16%)          79M (8%)           59M (6%)             -                  -          
[24.660s][info][gc,heap     ] GC(90) Reclaimed:         -                  -                84M (8%)          103M (10%)            -                  -          
[24.660s][info][gc          ] GC(90) Garbage Collection (System.gc()) 366M(36%)->268M(26%)
[24.705s][info][gc,start    ] GC(91) Garbage Collection (Allocation Rate)
[24.705s][info][gc,task     ] GC(91) Using 10 workers
[24.706s][info][gc,phases   ] GC(91) Pause Mark Start 0.016ms
[24.764s][info][gc,phases   ] GC(91) Concurrent Mark 58.399ms
[24.764s][info][gc,phases   ] GC(91) Pause Mark End 0.048ms
[24.764s][info][gc,phases   ] GC(91) Concurrent Mark Free 0.000ms
[24.766s][info][gc,phases   ] GC(91) Concurrent Process Non-Strong References 1.705ms
[24.766s][info][gc,phases   ] GC(91) Concurrent Reset Relocation Set 0.002ms
[24.771s][info][gc,phases   ] GC(91) Concurrent Select Relocation Set 4.731ms
[24.771s][info][gc,phases   ] GC(91) Pause Relocate Start 0.008ms
[24.775s][info][gc,phases   ] GC(91) Concurrent Relocate 3.586ms
[24.775s][info][gc,load     ] GC(91) Load: 0.00/0.00/0.00
[24.775s][info][gc,mmu      ] GC(91) MMU: 2ms/96.7%, 5ms/98.7%, 10ms/99.3%, 20ms/99.7%, 50ms/99.8%, 100ms/99.9%
[24.775s][info][gc,marking  ] GC(91) Mark: 8 stripe(s), 2 proactive flush(es), 1 terminate flush(es), 1 completion(s), 0 continuation(s) 
[24.775s][info][gc,marking  ] GC(91) Mark Stack Usage: 32M
[24.775s][info][gc,nmethod  ] GC(91) NMethods: 5321 registered, 1063 unregistered
[24.775s][info][gc,metaspace] GC(91) Metaspace: 57M used, 58M committed, 1088M reserved
[24.775s][info][gc,ref      ] GC(91) Soft: 2999 encountered, 0 discovered, 0 enqueued
[24.775s][info][gc,ref      ] GC(91) Weak: 5662 encountered, 775 discovered, 19 enqueued
[24.775s][info][gc,ref      ] GC(91) Final: 60 encountered, 6 discovered, 0 enqueued
[24.775s][info][gc,ref      ] GC(91) Phantom: 606 encountered, 483 discovered, 0 enqueued
[24.775s][info][gc,reloc    ] GC(91) Small Pages: 115 / 230M, Empty: 0M, Relocated: 5M, In-Place: 0
[24.775s][info][gc,reloc    ] GC(91) Medium Pages: 2 / 64M, Empty: 32M, Relocated: 0M, In-Place: 0
[24.775s][info][gc,reloc    ] GC(91) Large Pages: 3 / 18M, Empty: 6M, Relocated: 0M, In-Place: 0
[24.775s][info][gc,reloc    ] GC(91) Forwarding Usage: 2M
[24.775s][info][gc,heap     ] GC(91) Min Capacity: 8M(1%)
[24.775s][info][gc,heap     ] GC(91) Max Capacity: 1024M(100%)
[24.775s][info][gc,heap     ] GC(91) Soft Max Capacity: 1024M(100%)
[24.775s][info][gc,heap     ] GC(91)                Mark Start          Mark End        Relocate Start      Relocate End           High               Low         
[24.775s][info][gc,heap     ] GC(91)  Capacity:     1024M (100%)       1024M (100%)       1024M (100%)       1024M (100%)       1024M (100%)       1024M (100%)   
[24.775s][info][gc,heap     ] GC(91)      Free:      712M (70%)         668M (65%)         700M (68%)         710M (69%)         712M (70%)         662M (65%)    
[24.775s][info][gc,heap     ] GC(91)      Used:      312M (30%)         356M (35%)         324M (32%)         314M (31%)         362M (35%)         312M (30%)    
[24.775s][info][gc,heap     ] GC(91)      Live:         -               202M (20%)         202M (20%)         202M (20%)            -                  -          
[24.775s][info][gc,heap     ] GC(91) Allocated:         -                44M (4%)           50M (5%)           51M (5%)             -                  -          
[24.775s][info][gc,heap     ] GC(91)   Garbage:         -               109M (11%)          71M (7%)           59M (6%)             -                  -          
[24.775s][info][gc,heap     ] GC(91) Reclaimed:         -                  -                38M (4%)           49M (5%)             -                  -          
[24.775s][info][gc          ] GC(91) Garbage Collection (Allocation Rate) 312M(30%)->314M(31%)
[24.808s][info][gc,start    ] GC(92) Garbage Collection (Allocation Rate)
[24.808s][info][gc,task     ] GC(92) Using 10 workers
[24.808s][info][gc,phases   ] GC(92) Pause Mark Start 0.014ms
[24.870s][info][gc,phases   ] GC(92) Concurrent Mark 62.135ms
[24.870s][info][gc,phases   ] GC(92) Pause Mark End 0.022ms
[24.870s][info][gc,phases   ] GC(92) Concurrent Mark Free 0.001ms
[24.872s][info][gc,phases   ] GC(92) Concurrent Process Non-Strong References 1.806ms
[24.872s][info][gc,phases   ] GC(92) Concurrent Reset Relocation Set 0.002ms
[24.881s][info][gc,phases   ] GC(92) Concurrent Select Relocation Set 8.862ms
[24.881s][info][gc,phases   ] GC(92) Pause Relocate Start 0.010ms
[24.885s][info][gc,phases   ] GC(92) Concurrent Relocate 3.196ms
[24.885s][info][gc,load     ] GC(92) Load: 0.00/0.00/0.00
[24.885s][info][gc,mmu      ] GC(92) MMU: 2ms/96.7%, 5ms/98.7%, 10ms/99.3%, 20ms/99.7%, 50ms/99.8%, 100ms/99.9%
[24.885s][info][gc,marking  ] GC(92) Mark: 8 stripe(s), 2 proactive flush(es), 1 terminate flush(es), 0 completion(s), 0 continuation(s) 
[24.885s][info][gc,marking  ] GC(92) Mark Stack Usage: 32M
[24.885s][info][gc,nmethod  ] GC(92) NMethods: 5322 registered, 1072 unregistered
[24.885s][info][gc,metaspace] GC(92) Metaspace: 57M used, 58M committed, 1088M reserved
[24.885s][info][gc,ref      ] GC(92) Soft: 3030 encountered, 0 discovered, 0 enqueued
[24.885s][info][gc,ref      ] GC(92) Weak: 5770 encountered, 371 discovered, 85 enqueued
[24.885s][info][gc,ref      ] GC(92) Final: 60 encountered, 0 discovered, 0 enqueued
[24.885s][info][gc,ref      ] GC(92) Phantom: 606 encountered, 492 discovered, 0 enqueued
[24.885s][info][gc,reloc    ] GC(92) Small Pages: 159 / 318M, Empty: 76M, Relocated: 6M, In-Place: 0
[24.885s][info][gc,reloc    ] GC(92) Medium Pages: 2 / 64M, Empty: 32M, Relocated: 0M, In-Place: 0
[24.885s][info][gc,reloc    ] GC(92) Large Pages: 3 / 18M, Empty: 6M, Relocated: 0M, In-Place: 0
[24.885s][info][gc,reloc    ] GC(92) Forwarding Usage: 3M
[24.885s][info][gc,heap     ] GC(92) Min Capacity: 8M(1%)
[24.885s][info][gc,heap     ] GC(92) Max Capacity: 1024M(100%)
[24.885s][info][gc,heap     ] GC(92) Soft Max Capacity: 1024M(100%)
[24.885s][info][gc,heap     ] GC(92)                Mark Start          Mark End        Relocate Start      Relocate End           High               Low         
[24.885s][info][gc,heap     ] GC(92)  Capacity:     1024M (100%)       1024M (100%)       1024M (100%)       1024M (100%)       1024M (100%)       1024M (100%)   
[24.885s][info][gc,heap     ] GC(92)      Free:      624M (61%)         444M (43%)         518M (51%)         538M (53%)         624M (61%)         422M (41%)    
[24.885s][info][gc,heap     ] GC(92)      Used:      400M (39%)         580M (57%)         506M (49%)         486M (47%)         602M (59%)         400M (39%)    
[24.885s][info][gc,heap     ] GC(92)      Live:         -               202M (20%)         202M (20%)         202M (20%)            -                  -          
[24.885s][info][gc,heap     ] GC(92) Allocated:         -               180M (18%)         220M (21%)         225M (22%)            -                  -          
[24.885s][info][gc,heap     ] GC(92)   Garbage:         -               197M (19%)          83M (8%)           57M (6%)             -                  -          
[24.885s][info][gc,heap     ] GC(92) Reclaimed:         -                  -               114M (11%)         139M (14%)            -                  -          
[24.885s][info][gc          ] GC(92) Garbage Collection (Allocation Rate) 400M(39%)->486M(47%)
[24.901s][info][gc,start    ] GC(93) Garbage Collection (Allocation Rate)
[24.901s][info][gc,task     ] GC(93) Using 10 workers
[24.902s][info][gc,phases   ] GC(93) Pause Mark Start 0.011ms
[24.964s][info][gc,phases   ] GC(93) Concurrent Mark 62.236ms
[24.964s][info][gc,phases   ] GC(93) Pause Mark End 0.019ms
[24.964s][info][gc,phases   ] GC(93) Concurrent Mark Free 0.001ms
[24.966s][info][gc,phases   ] GC(93) Concurrent Process Non-Strong References 1.763ms
[24.966s][info][gc,phases   ] GC(93) Concurrent Reset Relocation Set 0.004ms
[24.970s][info][gc,phases   ] GC(93) Concurrent Select Relocation Set 3.896ms
[24.970s][info][gc,phases   ] GC(93) Pause Relocate Start 0.007ms
[24.973s][info][gc,phases   ] GC(93) Concurrent Relocate 2.640ms
[24.973s][info][gc,load     ] GC(93) Load: 0.00/0.00/0.00
[24.973s][info][gc,mmu      ] GC(93) MMU: 2ms/96.7%, 5ms/98.7%, 10ms/99.3%, 20ms/99.7%, 50ms/99.8%, 100ms/99.9%
[24.973s][info][gc,marking  ] GC(93) Mark: 8 stripe(s), 2 proactive flush(es), 1 terminate flush(es), 0 completion(s), 0 continuation(s) 
[24.973s][info][gc,marking  ] GC(93) Mark Stack Usage: 32M
[24.973s][info][gc,nmethod  ] GC(93) NMethods: 5322 registered, 1072 unregistered
[24.973s][info][gc,metaspace] GC(93) Metaspace: 57M used, 58M committed, 1088M reserved
[24.973s][info][gc,ref      ] GC(93) Soft: 3030 encountered, 0 discovered, 0 enqueued
[24.973s][info][gc,ref      ] GC(93) Weak: 5693 encountered, 365 discovered, 4 enqueued
[24.973s][info][gc,ref      ] GC(93) Final: 60 encountered, 0 discovered, 0 enqueued
[24.973s][info][gc,ref      ] GC(93) Phantom: 606 encountered, 461 discovered, 0 enqueued
[24.973s][info][gc,reloc    ] GC(93) Small Pages: 238 / 476M, Empty: 234M, Relocated: 6M, In-Place: 0
[24.973s][info][gc,reloc    ] GC(93) Medium Pages: 1 / 32M, Empty: 0M, Relocated: 0M, In-Place: 0
[24.973s][info][gc,reloc    ] GC(93) Large Pages: 2 / 12M, Empty: 0M, Relocated: 0M, In-Place: 0
[24.973s][info][gc,reloc    ] GC(93) Forwarding Usage: 2M
[24.973s][info][gc,heap     ] GC(93) Min Capacity: 8M(1%)
[24.973s][info][gc,heap     ] GC(93) Max Capacity: 1024M(100%)
[24.973s][info][gc,heap     ] GC(93) Soft Max Capacity: 1024M(100%)
[24.973s][info][gc,heap     ] GC(93)                Mark Start          Mark End        Relocate Start      Relocate End           High               Low         
[24.973s][info][gc,heap     ] GC(93)  Capacity:     1024M (100%)       1024M (100%)       1024M (100%)       1024M (100%)       1024M (100%)       1024M (100%)   
[24.973s][info][gc,heap     ] GC(93)      Free:      504M (49%)         378M (37%)         600M (59%)         620M (61%)         620M (61%)         374M (37%)    
[24.973s][info][gc,heap     ] GC(93)      Used:      520M (51%)         646M (63%)         424M (41%)         404M (39%)         650M (63%)         404M (39%)    
[24.973s][info][gc,heap     ] GC(93)      Live:         -               202M (20%)         202M (20%)         202M (20%)            -                  -          
[24.973s][info][gc,heap     ] GC(93) Allocated:         -               126M (12%)         138M (13%)         143M (14%)            -                  -          
[24.974s][info][gc,heap     ] GC(93)   Garbage:         -               317M (31%)          83M (8%)           57M (6%)             -                  -          
[24.974s][info][gc,heap     ] GC(93) Reclaimed:         -                  -               234M (23%)         259M (25%)            -                  -          
[24.974s][info][gc          ] GC(93) Garbage Collection (Allocation Rate) 520M(51%)->404M(39%)
[24.995s][info][gc,start    ] GC(94) Garbage Collection (Allocation Rate)
[24.995s][info][gc,task     ] GC(94) Using 10 workers
[24.995s][info][gc,phases   ] GC(94) Pause Mark Start 0.011ms
[25.058s][info][gc,phases   ] GC(94) Concurrent Mark 62.236ms
[25.058s][info][gc,phases   ] GC(94) Pause Mark End 0.019ms
[25.058s][info][gc,phases   ] GC(94) Concurrent Mark Free 0.001ms
[25.060s][info][gc,phases   ] GC(94) Concurrent Process Non-Strong References 1.746ms
[25.060s][info][gc,phases   ] GC(94) Concurrent Reset Relocation Set 0.003ms
[25.063s][info][gc,phases   ] GC(94) Concurrent Select Relocation Set 3.665ms
[25.063s][info][gc,phases   ] GC(94) Pause Relocate Start 0.007ms
[25.066s][info][gc,phases   ] GC(94) Concurrent Relocate 2.793ms
[25.066s][info][gc,load     ] GC(94) Load: 0.00/0.00/0.00
[25.066s][info][gc,mmu      ] GC(94) MMU: 2ms/96.7%, 5ms/98.7%, 10ms/99.3%, 20ms/99.7%, 50ms/99.8%, 100ms/99.9%
[25.066s][info][gc,marking  ] GC(94) Mark: 8 stripe(s), 2 proactive flush(es), 1 terminate flush(es), 0 completion(s), 0 continuation(s) 
[25.066s][info][gc,marking  ] GC(94) Mark Stack Usage: 32M
[25.067s][info][gc,nmethod  ] GC(94) NMethods: 5322 registered, 1072 unregistered
[25.067s][info][gc,metaspace] GC(94) Metaspace: 57M used, 58M committed, 1088M reserved
[25.067s][info][gc,ref      ] GC(94) Soft: 3030 encountered, 0 discovered, 0 enqueued
[25.067s][info][gc,ref      ] GC(94) Weak: 5689 encountered, 2046 discovered, 0 enqueued
[25.067s][info][gc,ref      ] GC(94) Final: 60 encountered, 21 discovered, 0 enqueued
[25.067s][info][gc,ref      ] GC(94) Phantom: 606 encountered, 378 discovered, 0 enqueued
[25.067s][info][gc,reloc    ] GC(94) Small Pages: 206 / 412M, Empty: 180M, Relocated: 6M, In-Place: 0
[25.067s][info][gc,reloc    ] GC(94) Medium Pages: 1 / 32M, Empty: 0M, Relocated: 0M, In-Place: 0
[25.067s][info][gc,reloc    ] GC(94) Large Pages: 2 / 12M, Empty: 0M, Relocated: 0M, In-Place: 0
[25.067s][info][gc,reloc    ] GC(94) Forwarding Usage: 2M
[25.067s][info][gc,heap     ] GC(94) Min Capacity: 8M(1%)
[25.067s][info][gc,heap     ] GC(94) Max Capacity: 1024M(100%)
[25.067s][info][gc,heap     ] GC(94) Soft Max Capacity: 1024M(100%)
[25.067s][info][gc,heap     ] GC(94)                Mark Start          Mark End        Relocate Start      Relocate End           High               Low         
[25.067s][info][gc,heap     ] GC(94)  Capacity:     1024M (100%)       1024M (100%)       1024M (100%)       1024M (100%)       1024M (100%)       1024M (100%)   
[25.067s][info][gc,heap     ] GC(94)      Free:      568M (55%)         422M (41%)         588M (57%)         598M (58%)         598M (58%)         418M (41%)    
[25.067s][info][gc,heap     ] GC(94)      Used:      456M (45%)         602M (59%)         436M (43%)         426M (42%)         606M (59%)         426M (42%)    
[25.067s][info][gc,heap     ] GC(94)      Live:         -               202M (20%)         202M (20%)         202M (20%)            -                  -          
[25.067s][info][gc,heap     ] GC(94) Allocated:         -               146M (14%)         160M (16%)         165M (16%)            -                  -          
[25.067s][info][gc,heap     ] GC(94)   Garbage:         -               253M (25%)          73M (7%)           57M (6%)             -                  -          
[25.067s][info][gc,heap     ] GC(94) Reclaimed:         -                  -               180M (18%)         195M (19%)            -                  -          
[25.067s][info][gc          ] GC(94) Garbage Collection (Allocation Rate) 456M(45%)->426M(42%)
[25.105s][info][gc,start    ] GC(95) Garbage Collection (Allocation Rate)
[25.105s][info][gc,task     ] GC(95) Using 10 workers
[25.105s][info][gc,phases   ] GC(95) Pause Mark Start 0.010ms
[25.167s][info][gc,phases   ] GC(95) Concurrent Mark 62.199ms
[25.167s][info][gc,phases   ] GC(95) Pause Mark End 0.026ms
[25.167s][info][gc,phases   ] GC(95) Concurrent Mark Free 0.001ms
[25.169s][info][gc,phases   ] GC(95) Concurrent Process Non-Strong References 1.791ms
[25.169s][info][gc,phases   ] GC(95) Concurrent Reset Relocation Set 0.002ms
[25.173s][info][gc,phases   ] GC(95) Concurrent Select Relocation Set 3.660ms
[25.173s][info][gc,phases   ] GC(95) Pause Relocate Start 0.008ms
[25.176s][info][gc,phases   ] GC(95) Concurrent Relocate 3.008ms
[25.176s][info][gc,load     ] GC(95) Load: 0.00/0.00/0.00
[25.176s][info][gc,mmu      ] GC(95) MMU: 2ms/96.7%, 5ms/98.7%, 10ms/99.3%, 20ms/99.7%, 50ms/99.8%, 100ms/99.9%
[25.176s][info][gc,marking  ] GC(95) Mark: 8 stripe(s), 2 proactive flush(es), 1 terminate flush(es), 0 completion(s), 0 continuation(s) 
[25.176s][info][gc,marking  ] GC(95) Mark Stack Usage: 32M
[25.176s][info][gc,nmethod  ] GC(95) NMethods: 5322 registered, 1072 unregistered
[25.176s][info][gc,metaspace] GC(95) Metaspace: 57M used, 58M committed, 1088M reserved
[25.176s][info][gc,ref      ] GC(95) Soft: 3030 encountered, 0 discovered, 0 enqueued
[25.176s][info][gc,ref      ] GC(95) Weak: 5689 encountered, 348 discovered, 0 enqueued
[25.176s][info][gc,ref      ] GC(95) Final: 60 encountered, 0 discovered, 0 enqueued
[25.176s][info][gc,ref      ] GC(95) Phantom: 606 encountered, 440 discovered, 0 enqueued
[25.176s][info][gc,reloc    ] GC(95) Small Pages: 233 / 466M, Empty: 236M, Relocated: 6M, In-Place: 0
[25.176s][info][gc,reloc    ] GC(95) Medium Pages: 1 / 32M, Empty: 0M, Relocated: 0M, In-Place: 0
[25.176s][info][gc,reloc    ] GC(95) Large Pages: 2 / 12M, Empty: 0M, Relocated: 0M, In-Place: 0
[25.176s][info][gc,reloc    ] GC(95) Forwarding Usage: 2M
[25.176s][info][gc,heap     ] GC(95) Min Capacity: 8M(1%)
[25.176s][info][gc,heap     ] GC(95) Max Capacity: 1024M(100%)
[25.176s][info][gc,heap     ] GC(95) Soft Max Capacity: 1024M(100%)
[25.177s][info][gc,heap     ] GC(95)                Mark Start          Mark End        Relocate Start      Relocate End           High               Low         
[25.177s][info][gc,heap     ] GC(95)  Capacity:     1024M (100%)       1024M (100%)       1024M (100%)       1024M (100%)       1024M (100%)       1024M (100%)   
[25.177s][info][gc,heap     ] GC(95)      Free:      514M (50%)         376M (37%)         600M (59%)         608M (59%)         608M (59%)         372M (36%)    
[25.177s][info][gc,heap     ] GC(95)      Used:      510M (50%)         648M (63%)         424M (41%)         416M (41%)         652M (64%)         416M (41%)    
[25.177s][info][gc,heap     ] GC(95)      Live:         -               202M (20%)         202M (20%)         202M (20%)            -                  -          
[25.177s][info][gc,heap     ] GC(95) Allocated:         -               138M (13%)         150M (15%)         155M (15%)            -                  -          
[25.177s][info][gc,heap     ] GC(95)   Garbage:         -               307M (30%)          71M (7%)           57M (6%)             -                  -          
[25.177s][info][gc,heap     ] GC(95) Reclaimed:         -                  -               236M (23%)         249M (24%)            -                  -          
[25.177s][info][gc          ] GC(95) Garbage Collection (Allocation Rate) 510M(50%)->416M(41%)
[25.198s][info][gc,start    ] GC(96) Garbage Collection (Allocation Rate)
[25.198s][info][gc,task     ] GC(96) Using 10 workers
[25.198s][info][gc,phases   ] GC(96) Pause Mark Start 0.011ms
[25.260s][info][gc,phases   ] GC(96) Concurrent Mark 60.962ms
[25.260s][info][gc,phases   ] GC(96) Pause Mark End 0.023ms
[25.260s][info][gc,phases   ] GC(96) Concurrent Mark Free 0.001ms
[25.261s][info][gc,phases   ] GC(96) Concurrent Process Non-Strong References 1.633ms
[25.261s][info][gc,phases   ] GC(96) Concurrent Reset Relocation Set 0.003ms
[25.266s][info][gc,phases   ] GC(96) Concurrent Select Relocation Set 4.023ms
[25.266s][info][gc,phases   ] GC(96) Pause Relocate Start 0.008ms
[25.268s][info][gc,phases   ] GC(96) Concurrent Relocate 2.155ms
[25.268s][info][gc,load     ] GC(96) Load: 0.00/0.00/0.00
[25.268s][info][gc,mmu      ] GC(96) MMU: 2ms/96.7%, 5ms/98.7%, 10ms/99.3%, 20ms/99.7%, 50ms/99.8%, 100ms/99.9%
[25.268s][info][gc,marking  ] GC(96) Mark: 8 stripe(s), 2 proactive flush(es), 1 terminate flush(es), 0 completion(s), 0 continuation(s) 
[25.268s][info][gc,marking  ] GC(96) Mark Stack Usage: 32M
[25.268s][info][gc,nmethod  ] GC(96) NMethods: 5322 registered, 1072 unregistered
[25.268s][info][gc,metaspace] GC(96) Metaspace: 57M used, 58M committed, 1088M reserved
[25.268s][info][gc,ref      ] GC(96) Soft: 3030 encountered, 0 discovered, 0 enqueued
[25.268s][info][gc,ref      ] GC(96) Weak: 5689 encountered, 384 discovered, 0 enqueued
[25.268s][info][gc,ref      ] GC(96) Final: 60 encountered, 0 discovered, 0 enqueued
[25.268s][info][gc,ref      ] GC(96) Phantom: 606 encountered, 413 discovered, 0 enqueued
[25.268s][info][gc,reloc    ] GC(96) Small Pages: 208 / 416M, Empty: 188M, Relocated: 5M, In-Place: 0
[25.268s][info][gc,reloc    ] GC(96) Medium Pages: 1 / 32M, Empty: 0M, Relocated: 0M, In-Place: 0
[25.268s][info][gc,reloc    ] GC(96) Large Pages: 2 / 12M, Empty: 0M, Relocated: 0M, In-Place: 0
[25.268s][info][gc,reloc    ] GC(96) Forwarding Usage: 1M
[25.268s][info][gc,heap     ] GC(96) Min Capacity: 8M(1%)
[25.268s][info][gc,heap     ] GC(96) Max Capacity: 1024M(100%)
[25.268s][info][gc,heap     ] GC(96) Soft Max Capacity: 1024M(100%)
[25.268s][info][gc,heap     ] GC(96)                Mark Start          Mark End        Relocate Start      Relocate End           High               Low         
[25.268s][info][gc,heap     ] GC(96)  Capacity:     1024M (100%)       1024M (100%)       1024M (100%)       1024M (100%)       1024M (100%)       1024M (100%)   
[25.268s][info][gc,heap     ] GC(96)      Free:      564M (55%)         440M (43%)         616M (60%)         620M (61%)         622M (61%)         438M (43%)    
[25.269s][info][gc,heap     ] GC(96)      Used:      460M (45%)         584M (57%)         408M (40%)         404M (39%)         586M (57%)         402M (39%)    
[25.269s][info][gc,heap     ] GC(96)      Live:         -               202M (20%)         202M (20%)         202M (20%)            -                  -          
[25.269s][info][gc,heap     ] GC(96) Allocated:         -               124M (12%)         136M (13%)         141M (14%)            -                  -          
[25.269s][info][gc,heap     ] GC(96)   Garbage:         -               257M (25%)          69M (7%)           59M (6%)             -                  -          
[25.269s][info][gc,heap     ] GC(96) Reclaimed:         -                  -               188M (18%)         197M (19%)            -                  -          
[25.269s][info][gc          ] GC(96) Garbage Collection (Allocation Rate) 460M(45%)->404M(39%)
[25.306s][info][gc,start    ] GC(97) Garbage Collection (Allocation Rate)
[25.306s][info][gc,task     ] GC(97) Using 10 workers
[25.307s][info][gc,phases   ] GC(97) Pause Mark Start 0.018ms
[25.369s][info][gc,phases   ] GC(97) Concurrent Mark 62.149ms
[25.369s][info][gc,phases   ] GC(97) Pause Mark End 0.020ms
[25.369s][info][gc,phases   ] GC(97) Concurrent Mark Free 0.001ms
[25.371s][info][gc,phases   ] GC(97) Concurrent Process Non-Strong References 1.628ms
[25.371s][info][gc,phases   ] GC(97) Concurrent Reset Relocation Set 0.003ms
[25.374s][info][gc,phases   ] GC(97) Concurrent Select Relocation Set 3.576ms
[25.375s][info][gc,phases   ] GC(97) Pause Relocate Start 0.007ms
[25.376s][info][gc,phases   ] GC(97) Concurrent Relocate 1.888ms
[25.377s][info][gc,load     ] GC(97) Load: 0.00/0.00/0.00
[25.377s][info][gc,mmu      ] GC(97) MMU: 2ms/96.7%, 5ms/98.7%, 10ms/99.3%, 20ms/99.7%, 50ms/99.8%, 100ms/99.9%
[25.377s][info][gc,marking  ] GC(97) Mark: 8 stripe(s), 2 proactive flush(es), 1 terminate flush(es), 0 completion(s), 0 continuation(s) 
[25.377s][info][gc,marking  ] GC(97) Mark Stack Usage: 32M
[25.377s][info][gc,nmethod  ] GC(97) NMethods: 5322 registered, 1072 unregistered
[25.377s][info][gc,metaspace] GC(97) Metaspace: 57M used, 58M committed, 1088M reserved
[25.377s][info][gc,ref      ] GC(97) Soft: 3030 encountered, 0 discovered, 0 enqueued
[25.377s][info][gc,ref      ] GC(97) Weak: 5689 encountered, 430 discovered, 0 enqueued
[25.377s][info][gc,ref      ] GC(97) Final: 60 encountered, 0 discovered, 0 enqueued
[25.377s][info][gc,ref      ] GC(97) Phantom: 606 encountered, 520 discovered, 0 enqueued
[25.377s][info][gc,reloc    ] GC(97) Small Pages: 236 / 472M, Empty: 242M, Relocated: 5M, In-Place: 0
[25.377s][info][gc,reloc    ] GC(97) Medium Pages: 1 / 32M, Empty: 0M, Relocated: 0M, In-Place: 0
[25.377s][info][gc,reloc    ] GC(97) Large Pages: 2 / 12M, Empty: 0M, Relocated: 0M, In-Place: 0
[25.377s][info][gc,reloc    ] GC(97) Forwarding Usage: 1M
[25.377s][info][gc,heap     ] GC(97) Min Capacity: 8M(1%)
[25.377s][info][gc,heap     ] GC(97) Max Capacity: 1024M(100%)
[25.377s][info][gc,heap     ] GC(97) Soft Max Capacity: 1024M(100%)
[25.377s][info][gc,heap     ] GC(97)                Mark Start          Mark End        Relocate Start      Relocate End           High               Low         
[25.377s][info][gc,heap     ] GC(97)  Capacity:     1024M (100%)       1024M (100%)       1024M (100%)       1024M (100%)       1024M (100%)       1024M (100%)   
[25.377s][info][gc,heap     ] GC(97)      Free:      508M (50%)         328M (32%)         558M (54%)         566M (55%)         566M (55%)         322M (31%)    
[25.377s][info][gc,heap     ] GC(97)      Used:      516M (50%)         696M (68%)         466M (46%)         458M (45%)         702M (69%)         458M (45%)    
[25.377s][info][gc,heap     ] GC(97)      Live:         -               202M (20%)         202M (20%)         202M (20%)            -                  -          
[25.377s][info][gc,heap     ] GC(97) Allocated:         -               180M (18%)         192M (19%)         195M (19%)            -                  -          
[25.377s][info][gc,heap     ] GC(97)   Garbage:         -               313M (31%)          71M (7%)           59M (6%)             -                  -          
[25.377s][info][gc,heap     ] GC(97) Reclaimed:         -                  -               242M (24%)         253M (25%)            -                  -          
[25.377s][info][gc          ] GC(97) Garbage Collection (Allocation Rate) 516M(50%)->458M(45%)
[25.400s][info][gc,start    ] GC(98) Garbage Collection (Allocation Rate)
[25.400s][info][gc,task     ] GC(98) Using 10 workers
[25.416s][info][gc,phases   ] GC(98) Pause Mark Start 0.014ms
[25.478s][info][gc,phases   ] GC(98) Concurrent Mark 62.332ms
[25.478s][info][gc,phases   ] GC(98) Pause Mark End 0.022ms
[25.478s][info][gc,phases   ] GC(98) Concurrent Mark Free 0.001ms
[25.480s][info][gc,phases   ] GC(98) Concurrent Process Non-Strong References 1.931ms
[25.481s][info][gc,phases   ] GC(98) Concurrent Reset Relocation Set 0.003ms
[25.484s][info][gc,phases   ] GC(98) Concurrent Select Relocation Set 3.566ms
[25.484s][info][gc,phases   ] GC(98) Pause Relocate Start 0.007ms
[25.487s][info][gc,phases   ] GC(98) Concurrent Relocate 2.312ms
[25.487s][info][gc,load     ] GC(98) Load: 0.00/0.00/0.00
[25.487s][info][gc,mmu      ] GC(98) MMU: 2ms/96.7%, 5ms/98.7%, 10ms/99.3%, 20ms/99.7%, 50ms/99.8%, 100ms/99.9%
[25.487s][info][gc,marking  ] GC(98) Mark: 8 stripe(s), 2 proactive flush(es), 1 terminate flush(es), 0 completion(s), 0 continuation(s) 
[25.487s][info][gc,marking  ] GC(98) Mark Stack Usage: 32M
[25.487s][info][gc,nmethod  ] GC(98) NMethods: 5322 registered, 1072 unregistered
[25.487s][info][gc,metaspace] GC(98) Metaspace: 57M used, 58M committed, 1088M reserved
[25.487s][info][gc,ref      ] GC(98) Soft: 3030 encountered, 0 discovered, 0 enqueued
[25.487s][info][gc,ref      ] GC(98) Weak: 5689 encountered, 2162 discovered, 0 enqueued
[25.487s][info][gc,ref      ] GC(98) Final: 60 encountered, 38 discovered, 0 enqueued
[25.487s][info][gc,ref      ] GC(98) Phantom: 606 encountered, 520 discovered, 0 enqueued
[25.487s][info][gc,reloc    ] GC(98) Small Pages: 243 / 486M, Empty: 258M, Relocated: 5M, In-Place: 0
[25.487s][info][gc,reloc    ] GC(98) Medium Pages: 1 / 32M, Empty: 0M, Relocated: 0M, In-Place: 0
[25.487s][info][gc,reloc    ] GC(98) Large Pages: 2 / 12M, Empty: 0M, Relocated: 0M, In-Place: 0
[25.487s][info][gc,reloc    ] GC(98) Forwarding Usage: 1M
[25.487s][info][gc,heap     ] GC(98) Min Capacity: 8M(1%)
[25.487s][info][gc,heap     ] GC(98) Max Capacity: 1024M(100%)
[25.487s][info][gc,heap     ] GC(98) Soft Max Capacity: 1024M(100%)
[25.487s][info][gc,heap     ] GC(98)                Mark Start          Mark End        Relocate Start      Relocate End           High               Low         
[25.487s][info][gc,heap     ] GC(98)  Capacity:     1024M (100%)       1024M (100%)       1024M (100%)       1024M (100%)       1024M (100%)       1024M (100%)   
[25.487s][info][gc,heap     ] GC(98)      Free:      494M (48%)         356M (35%)         598M (58%)         604M (59%)         606M (59%)         350M (34%)    
[25.487s][info][gc,heap     ] GC(98)      Used:      530M (52%)         668M (65%)         426M (42%)         420M (41%)         674M (66%)         418M (41%)    
[25.487s][info][gc,heap     ] GC(98)      Live:         -               202M (20%)         202M (20%)         202M (20%)            -                  -          
[25.487s][info][gc,heap     ] GC(98) Allocated:         -               138M (13%)         154M (15%)         157M (15%)            -                  -          
[25.487s][info][gc,heap     ] GC(98)   Garbage:         -               327M (32%)          69M (7%)           59M (6%)             -                  -          
[25.487s][info][gc,heap     ] GC(98) Reclaimed:         -                  -               258M (25%)         267M (26%)            -                  -          
[25.487s][info][gc          ] GC(98) Garbage Collection (Allocation Rate) 530M(52%)->420M(41%)
[25.603s][info][gc,start    ] GC(99) Garbage Collection (Allocation Rate)
[25.603s][info][gc,task     ] GC(99) Using 10 workers
[25.603s][info][gc,phases   ] GC(99) Pause Mark Start 0.015ms
[25.666s][info][gc,phases   ] GC(99) Concurrent Mark 62.152ms
[25.666s][info][gc,phases   ] GC(99) Pause Mark End 0.032ms
[25.666s][info][gc,phases   ] GC(99) Concurrent Mark Free 0.001ms
[25.668s][info][gc,phases   ] GC(99) Concurrent Process Non-Strong References 1.708ms
[25.668s][info][gc,phases   ] GC(99) Concurrent Reset Relocation Set 0.002ms
[25.672s][info][gc,phases   ] GC(99) Concurrent Select Relocation Set 4.174ms
[25.672s][info][gc,phases   ] GC(99) Pause Relocate Start 0.007ms
[25.674s][info][gc,phases   ] GC(99) Concurrent Relocate 2.308ms
[25.674s][info][gc,load     ] GC(99) Load: 0.00/0.00/0.00
[25.674s][info][gc,mmu      ] GC(99) MMU: 2ms/96.7%, 5ms/98.7%, 10ms/99.3%, 20ms/99.7%, 50ms/99.8%, 100ms/99.9%
[25.674s][info][gc,marking  ] GC(99) Mark: 8 stripe(s), 2 proactive flush(es), 1 terminate flush(es), 0 completion(s), 0 continuation(s) 
[25.674s][info][gc,marking  ] GC(99) Mark Stack Usage: 32M
[25.674s][info][gc,nmethod  ] GC(99) NMethods: 5322 registered, 1072 unregistered
[25.674s][info][gc,metaspace] GC(99) Metaspace: 57M used, 58M committed, 1088M reserved
[25.674s][info][gc,ref      ] GC(99) Soft: 3030 encountered, 0 discovered, 0 enqueued
[25.674s][info][gc,ref      ] GC(99) Weak: 5689 encountered, 676 discovered, 0 enqueued
[25.675s][info][gc,ref      ] GC(99) Final: 60 encountered, 39 discovered, 0 enqueued
[25.675s][info][gc,ref      ] GC(99) Phantom: 606 encountered, 494 discovered, 0 enqueued
[25.675s][info][gc,reloc    ] GC(99) Small Pages: 328 / 656M, Empty: 426M, Relocated: 5M, In-Place: 0
[25.675s][info][gc,reloc    ] GC(99) Medium Pages: 1 / 32M, Empty: 0M, Relocated: 0M, In-Place: 0
[25.675s][info][gc,reloc    ] GC(99) Large Pages: 2 / 12M, Empty: 0M, Relocated: 0M, In-Place: 0
[25.675s][info][gc,reloc    ] GC(99) Forwarding Usage: 1M
[25.675s][info][gc,heap     ] GC(99) Min Capacity: 8M(1%)
[25.675s][info][gc,heap     ] GC(99) Max Capacity: 1024M(100%)
[25.675s][info][gc,heap     ] GC(99) Soft Max Capacity: 1024M(100%)
[25.675s][info][gc,heap     ] GC(99)                Mark Start          Mark End        Relocate Start      Relocate End           High               Low         
[25.675s][info][gc,heap     ] GC(99)  Capacity:     1024M (100%)       1024M (100%)       1024M (100%)       1024M (100%)       1024M (100%)       1024M (100%)   
[25.675s][info][gc,heap     ] GC(99)      Free:      324M (32%)         196M (19%)         606M (59%)         614M (60%)         614M (60%)         192M (19%)    
[25.675s][info][gc,heap     ] GC(99)      Used:      700M (68%)         828M (81%)         418M (41%)         410M (40%)         832M (81%)         410M (40%)    
[25.675s][info][gc,heap     ] GC(99)      Live:         -               202M (20%)         202M (20%)         202M (20%)            -                  -          
[25.675s][info][gc,heap     ] GC(99) Allocated:         -               128M (13%)         144M (14%)         147M (14%)            -                  -          
[25.675s][info][gc,heap     ] GC(99)   Garbage:         -               497M (49%)          71M (7%)           59M (6%)             -                  -          
[25.675s][info][gc,heap     ] GC(99) Reclaimed:         -                  -               426M (42%)         437M (43%)            -                  -          
[25.675s][info][gc          ] GC(99) Garbage Collection (Allocation Rate) 700M(68%)->410M(40%)
[25.697s][info][gc,start    ] GC(100) Garbage Collection (Allocation Rate)
[25.697s][info][gc,task     ] GC(100) Using 10 workers
[25.697s][info][gc,phases   ] GC(100) Pause Mark Start 0.014ms
[25.759s][info][gc,phases   ] GC(100) Concurrent Mark 62.203ms
[25.760s][info][gc,phases   ] GC(100) Pause Mark End 0.020ms
[25.760s][info][gc,phases   ] GC(100) Concurrent Mark Free 0.001ms
[25.761s][info][gc,phases   ] GC(100) Concurrent Process Non-Strong References 1.617ms
[25.761s][info][gc,phases   ] GC(100) Concurrent Reset Relocation Set 0.001ms
[25.764s][info][gc,phases   ] GC(100) Concurrent Select Relocation Set 2.418ms
[25.764s][info][gc,phases   ] GC(100) Pause Relocate Start 0.006ms
[25.767s][info][gc,phases   ] GC(100) Concurrent Relocate 2.737ms
[25.767s][info][gc,load     ] GC(100) Load: 0.00/0.00/0.00
[25.767s][info][gc,mmu      ] GC(100) MMU: 2ms/96.7%, 5ms/98.7%, 10ms/99.3%, 20ms/99.7%, 50ms/99.8%, 100ms/99.9%
[25.767s][info][gc,marking  ] GC(100) Mark: 8 stripe(s), 2 proactive flush(es), 1 terminate flush(es), 0 completion(s), 0 continuation(s) 
[25.767s][info][gc,marking  ] GC(100) Mark Stack Usage: 32M
[25.767s][info][gc,nmethod  ] GC(100) NMethods: 5376 registered, 1072 unregistered
[25.767s][info][gc,metaspace] GC(100) Metaspace: 57M used, 58M committed, 1088M reserved
[25.767s][info][gc,ref      ] GC(100) Soft: 3030 encountered, 0 discovered, 0 enqueued
[25.767s][info][gc,ref      ] GC(100) Weak: 5688 encountered, 613 discovered, 0 enqueued
[25.767s][info][gc,ref      ] GC(100) Final: 60 encountered, 0 discovered, 0 enqueued
[25.767s][info][gc,ref      ] GC(100) Phantom: 606 encountered, 507 discovered, 0 enqueued
[25.767s][info][gc,reloc    ] GC(100) Small Pages: 207 / 414M, Empty: 186M, Relocated: 5M, In-Place: 0
[25.767s][info][gc,reloc    ] GC(100) Medium Pages: 1 / 32M, Empty: 0M, Relocated: 0M, In-Place: 0
[25.767s][info][gc,reloc    ] GC(100) Large Pages: 2 / 12M, Empty: 0M, Relocated: 0M, In-Place: 0
[25.767s][info][gc,reloc    ] GC(100) Forwarding Usage: 1M
[25.767s][info][gc,heap     ] GC(100) Min Capacity: 8M(1%)
[25.767s][info][gc,heap     ] GC(100) Max Capacity: 1024M(100%)
[25.767s][info][gc,heap     ] GC(100) Soft Max Capacity: 1024M(100%)
[25.767s][info][gc,heap     ] GC(100)                Mark Start          Mark End        Relocate Start      Relocate End           High               Low         
[25.767s][info][gc,heap     ] GC(100)  Capacity:     1024M (100%)       1024M (100%)       1024M (100%)       1024M (100%)       1024M (100%)       1024M (100%)   
[25.767s][info][gc,heap     ] GC(100)      Free:      566M (55%)         502M (49%)         688M (67%)         698M (68%)         698M (68%)         502M (49%)    
[25.767s][info][gc,heap     ] GC(100)      Used:      458M (45%)         522M (51%)         336M (33%)         326M (32%)         522M (51%)         326M (32%)    
[25.767s][info][gc,heap     ] GC(100)      Live:         -               202M (20%)         202M (20%)         202M (20%)            -                  -          
[25.767s][info][gc,heap     ] GC(100) Allocated:         -                64M (6%)           64M (6%)           63M (6%)             -                  -          
[25.767s][info][gc,heap     ] GC(100)   Garbage:         -               255M (25%)          69M (7%)           59M (6%)             -                  -          
[25.767s][info][gc,heap     ] GC(100) Reclaimed:         -                  -               186M (18%)         195M (19%)            -                  -          
[25.767s][info][gc          ] GC(100) Garbage Collection (Allocation Rate) 458M(45%)->326M(32%)
[25.767s][info][gc,start    ] GC(101) Garbage Collection (System.gc())
[25.767s][info][gc,task     ] GC(101) Using 10 workers
[25.767s][info][gc,phases   ] GC(101) Pause Mark Start 0.005ms
[25.817s][info][gc,phases   ] GC(101) Concurrent Mark 50.375ms
[25.818s][info][gc,phases   ] GC(101) Pause Mark End 0.022ms
[25.818s][info][gc,phases   ] GC(101) Concurrent Mark Free 0.001ms
[25.819s][info][gc,phases   ] GC(101) Concurrent Process Non-Strong References 1.775ms
[25.819s][info][gc,phases   ] GC(101) Concurrent Reset Relocation Set 0.002ms
[25.823s][info][gc,phases   ] GC(101) Concurrent Select Relocation Set 3.626ms
[25.823s][info][gc,phases   ] GC(101) Pause Relocate Start 0.009ms
[25.827s][info][gc,phases   ] GC(101) Concurrent Relocate 3.253ms
[25.827s][info][gc,load     ] GC(101) Load: 0.00/0.00/0.00
[25.827s][info][gc,mmu      ] GC(101) MMU: 2ms/96.7%, 5ms/98.7%, 10ms/99.3%, 20ms/99.7%, 50ms/99.8%, 100ms/99.9%
[25.827s][info][gc,marking  ] GC(101) Mark: 8 stripe(s), 2 proactive flush(es), 1 terminate flush(es), 0 completion(s), 0 continuation(s) 
[25.827s][info][gc,marking  ] GC(101) Mark Stack Usage: 32M
[25.827s][info][gc,nmethod  ] GC(101) NMethods: 5378 registered, 1080 unregistered
[25.827s][info][gc,metaspace] GC(101) Metaspace: 57M used, 58M committed, 1088M reserved
[25.827s][info][gc,ref      ] GC(101) Soft: 3028 encountered, 0 discovered, 0 enqueued
[25.827s][info][gc,ref      ] GC(101) Weak: 5773 encountered, 1190 discovered, 129 enqueued
[25.827s][info][gc,ref      ] GC(101) Final: 60 encountered, 2 discovered, 0 enqueued
[25.827s][info][gc,ref      ] GC(101) Phantom: 606 encountered, 465 discovered, 0 enqueued
[25.827s][info][gc,reloc    ] GC(101) Small Pages: 138 / 276M, Empty: 44M, Relocated: 5M, In-Place: 0
[25.827s][info][gc,reloc    ] GC(101) Medium Pages: 1 / 32M, Empty: 0M, Relocated: 0M, In-Place: 0
[25.827s][info][gc,reloc    ] GC(101) Large Pages: 3 / 18M, Empty: 6M, Relocated: 0M, In-Place: 0
[25.827s][info][gc,reloc    ] GC(101) Forwarding Usage: 1M
[25.827s][info][gc,heap     ] GC(101) Min Capacity: 8M(1%)
[25.827s][info][gc,heap     ] GC(101) Max Capacity: 1024M(100%)
[25.827s][info][gc,heap     ] GC(101) Soft Max Capacity: 1024M(100%)
[25.827s][info][gc,heap     ] GC(101)                Mark Start          Mark End        Relocate Start      Relocate End           High               Low         
[25.827s][info][gc,heap     ] GC(101)  Capacity:     1024M (100%)       1024M (100%)       1024M (100%)       1024M (100%)       1024M (100%)       1024M (100%)   
[25.827s][info][gc,heap     ] GC(101)      Free:      698M (68%)         698M (68%)         744M (73%)         756M (74%)         756M (74%)         694M (68%)    
[25.827s][info][gc,heap     ] GC(101)      Used:      326M (32%)         326M (32%)         280M (27%)         268M (26%)         330M (32%)         268M (26%)    
[25.827s][info][gc,heap     ] GC(101)      Live:         -               202M (20%)         202M (20%)         202M (20%)            -                  -          
[25.827s][info][gc,heap     ] GC(101) Allocated:         -                 0M (0%)            4M (0%)            5M (1%)             -                  -          
[25.827s][info][gc,heap     ] GC(101)   Garbage:         -               123M (12%)          73M (7%)           59M (6%)             -                  -          
[25.827s][info][gc,heap     ] GC(101) Reclaimed:         -                  -                50M (5%)           63M (6%)             -                  -          
[25.827s][info][gc          ] GC(101) Garbage Collection (System.gc()) 326M(32%)->268M(26%)
[25.907s][info][gc,start    ] GC(102) Garbage Collection (Allocation Rate)
[25.907s][info][gc,task     ] GC(102) Using 10 workers
[25.907s][info][gc,phases   ] GC(102) Pause Mark Start 0.015ms
[25.967s][info][gc,phases   ] GC(102) Concurrent Mark 59.492ms
[25.967s][info][gc,phases   ] GC(102) Pause Mark End 0.023ms
[25.967s][info][gc,phases   ] GC(102) Concurrent Mark Free 0.001ms
[25.969s][info][gc,phases   ] GC(102) Concurrent Process Non-Strong References 1.780ms
[25.969s][info][gc,phases   ] GC(102) Concurrent Reset Relocation Set 0.002ms
[25.974s][info][gc,phases   ] GC(102) Concurrent Select Relocation Set 4.954ms
[25.975s][info][gc,phases   ] GC(102) Pause Relocate Start 0.008ms
[25.979s][info][gc,phases   ] GC(102) Concurrent Relocate 3.923ms
[25.979s][info][gc,load     ] GC(102) Load: 0.00/0.00/0.00
[25.979s][info][gc,mmu      ] GC(102) MMU: 2ms/96.7%, 5ms/98.7%, 10ms/99.3%, 20ms/99.7%, 50ms/99.8%, 100ms/99.9%
[25.979s][info][gc,marking  ] GC(102) Mark: 8 stripe(s), 2 proactive flush(es), 1 terminate flush(es), 0 completion(s), 0 continuation(s) 
[25.979s][info][gc,marking  ] GC(102) Mark Stack Usage: 32M
[25.979s][info][gc,nmethod  ] GC(102) NMethods: 5464 registered, 1093 unregistered
[25.979s][info][gc,metaspace] GC(102) Metaspace: 57M used, 58M committed, 1088M reserved
[25.979s][info][gc,ref      ] GC(102) Soft: 3030 encountered, 0 discovered, 0 enqueued
[25.979s][info][gc,ref      ] GC(102) Weak: 5786 encountered, 1391 discovered, 74 enqueued
[25.979s][info][gc,ref      ] GC(102) Final: 60 encountered, 6 discovered, 0 enqueued
[25.979s][info][gc,ref      ] GC(102) Phantom: 606 encountered, 413 discovered, 0 enqueued
[25.979s][info][gc,reloc    ] GC(102) Small Pages: 120 / 240M, Empty: 0M, Relocated: 6M, In-Place: 0
[25.979s][info][gc,reloc    ] GC(102) Medium Pages: 2 / 64M, Empty: 32M, Relocated: 0M, In-Place: 0
[25.979s][info][gc,reloc    ] GC(102) Large Pages: 4 / 24M, Empty: 12M, Relocated: 0M, In-Place: 0
[25.979s][info][gc,reloc    ] GC(102) Forwarding Usage: 2M
[25.979s][info][gc,heap     ] GC(102) Min Capacity: 8M(1%)
[25.979s][info][gc,heap     ] GC(102) Max Capacity: 1024M(100%)
[25.979s][info][gc,heap     ] GC(102) Soft Max Capacity: 1024M(100%)
[25.979s][info][gc,heap     ] GC(102)                Mark Start          Mark End        Relocate Start      Relocate End           High               Low         
[25.979s][info][gc,heap     ] GC(102)  Capacity:     1024M (100%)       1024M (100%)       1024M (100%)       1024M (100%)       1024M (100%)       1024M (100%)   
[25.979s][info][gc,heap     ] GC(102)      Free:      696M (68%)         558M (54%)         576M (56%)         594M (58%)         696M (68%)         542M (53%)    
[25.979s][info][gc,heap     ] GC(102)      Used:      328M (32%)         466M (46%)         448M (44%)         430M (42%)         482M (47%)         328M (32%)    
[25.979s][info][gc,heap     ] GC(102)      Live:         -               202M (20%)         202M (20%)         202M (20%)            -                  -          
[25.979s][info][gc,heap     ] GC(102) Allocated:         -               138M (13%)         164M (16%)         169M (17%)            -                  -          
[25.979s][info][gc,heap     ] GC(102)   Garbage:         -               125M (12%)          81M (8%)           57M (6%)             -                  -          
[25.979s][info][gc,heap     ] GC(102) Reclaimed:         -                  -                44M (4%)           67M (7%)             -                  -          
[25.979s][info][gc          ] GC(102) Garbage Collection (Allocation Rate) 328M(32%)->430M(42%)
[25.995s][info][gc,start    ] GC(103) Garbage Collection (Allocation Rate)
[25.995s][info][gc,task     ] GC(103) Using 10 workers
[25.995s][info][gc,phases   ] GC(103) Pause Mark Start 0.011ms
[26.057s][info][gc,phases   ] GC(103) Concurrent Mark 62.203ms
[26.057s][info][gc,phases   ] GC(103) Pause Mark End 0.018ms
[26.057s][info][gc,phases   ] GC(103) Concurrent Mark Free 0.001ms
[26.059s][info][gc,phases   ] GC(103) Concurrent Process Non-Strong References 1.643ms
[26.059s][info][gc,phases   ] GC(103) Concurrent Reset Relocation Set 0.002ms
[26.062s][info][gc,phases   ] GC(103) Concurrent Select Relocation Set 2.760ms
[26.062s][info][gc,phases   ] GC(103) Pause Relocate Start 0.006ms
[26.063s][info][gc,phases   ] GC(103) Concurrent Relocate 1.101ms
[26.063s][info][gc,load     ] GC(103) Load: 0.00/0.00/0.00
[26.063s][info][gc,mmu      ] GC(103) MMU: 2ms/96.7%, 5ms/98.7%, 10ms/99.3%, 20ms/99.7%, 50ms/99.8%, 100ms/99.9%
[26.063s][info][gc,marking  ] GC(103) Mark: 8 stripe(s), 2 proactive flush(es), 1 terminate flush(es), 0 completion(s), 0 continuation(s) 
[26.063s][info][gc,marking  ] GC(103) Mark Stack Usage: 32M
[26.063s][info][gc,nmethod  ] GC(103) NMethods: 5475 registered, 1097 unregistered
[26.063s][info][gc,metaspace] GC(103) Metaspace: 57M used, 58M committed, 1088M reserved
[26.063s][info][gc,ref      ] GC(103) Soft: 3044 encountered, 0 discovered, 0 enqueued
[26.063s][info][gc,ref      ] GC(103) Weak: 5780 encountered, 611 discovered, 44 enqueued
[26.063s][info][gc,ref      ] GC(103) Final: 60 encountered, 10 discovered, 0 enqueued
[26.063s][info][gc,ref      ] GC(103) Phantom: 631 encountered, 503 discovered, 21 enqueued
[26.063s][info][gc,reloc    ] GC(103) Small Pages: 207 / 414M, Empty: 160M, Relocated: 3M, In-Place: 0
[26.063s][info][gc,reloc    ] GC(103) Medium Pages: 1 / 32M, Empty: 0M, Relocated: 0M, In-Place: 0
[26.063s][info][gc,reloc    ] GC(103) Large Pages: 2 / 12M, Empty: 0M, Relocated: 0M, In-Place: 0
[26.063s][info][gc,reloc    ] GC(103) Forwarding Usage: 1M
[26.064s][info][gc,heap     ] GC(103) Min Capacity: 8M(1%)
[26.064s][info][gc,heap     ] GC(103) Max Capacity: 1024M(100%)
[26.064s][info][gc,heap     ] GC(103) Soft Max Capacity: 1024M(100%)
[26.064s][info][gc,heap     ] GC(103)                Mark Start          Mark End        Relocate Start      Relocate End           High               Low         
[26.064s][info][gc,heap     ] GC(103)  Capacity:     1024M (100%)       1024M (100%)       1024M (100%)       1024M (100%)       1024M (100%)       1024M (100%)   
[26.064s][info][gc,heap     ] GC(103)      Free:      566M (55%)         450M (44%)         602M (59%)         632M (62%)         632M (62%)         448M (44%)    
[26.064s][info][gc,heap     ] GC(103)      Used:      458M (45%)         574M (56%)         422M (41%)         392M (38%)         576M (56%)         392M (38%)    
[26.064s][info][gc,heap     ] GC(103)      Live:         -               203M (20%)         203M (20%)         203M (20%)            -                  -          
[26.064s][info][gc,heap     ] GC(103) Allocated:         -               116M (11%)         124M (12%)         125M (12%)            -                  -          
[26.064s][info][gc,heap     ] GC(103)   Garbage:         -               254M (25%)          94M (9%)           62M (6%)             -                  -          
[26.064s][info][gc,heap     ] GC(103) Reclaimed:         -                  -               160M (16%)         191M (19%)            -                  -          
[26.064s][info][gc          ] GC(103) Garbage Collection (Allocation Rate) 458M(45%)->392M(38%)
[26.104s][info][gc,start    ] GC(104) Garbage Collection (Allocation Rate)
[26.104s][info][gc,task     ] GC(104) Using 10 workers
[26.104s][info][gc,phases   ] GC(104) Pause Mark Start 0.014ms
[26.167s][info][gc,phases   ] GC(104) Concurrent Mark 62.141ms
[26.167s][info][gc,phases   ] GC(104) Pause Mark End 0.020ms
[26.167s][info][gc,phases   ] GC(104) Concurrent Mark Free 0.001ms
[26.168s][info][gc,phases   ] GC(104) Concurrent Process Non-Strong References 1.641ms
[26.169s][info][gc,phases   ] GC(104) Concurrent Reset Relocation Set 0.003ms
[26.174s][info][gc,phases   ] GC(104) Concurrent Select Relocation Set 5.421ms
[26.174s][info][gc,phases   ] GC(104) Pause Relocate Start 0.007ms
[26.176s][info][gc,phases   ] GC(104) Concurrent Relocate 1.704ms
[26.176s][info][gc,load     ] GC(104) Load: 0.00/0.00/0.00
[26.176s][info][gc,mmu      ] GC(104) MMU: 2ms/96.7%, 5ms/98.7%, 10ms/99.3%, 20ms/99.7%, 50ms/99.8%, 100ms/99.9%
[26.176s][info][gc,marking  ] GC(104) Mark: 8 stripe(s), 2 proactive flush(es), 1 terminate flush(es), 0 completion(s), 0 continuation(s) 
[26.176s][info][gc,marking  ] GC(104) Mark Stack Usage: 32M
[26.176s][info][gc,nmethod  ] GC(104) NMethods: 5473 registered, 1099 unregistered
[26.176s][info][gc,metaspace] GC(104) Metaspace: 57M used, 58M committed, 1088M reserved
[26.176s][info][gc,ref      ] GC(104) Soft: 3050 encountered, 0 discovered, 0 enqueued
[26.176s][info][gc,ref      ] GC(104) Weak: 5776 encountered, 877 discovered, 13 enqueued
[26.176s][info][gc,ref      ] GC(104) Final: 60 encountered, 3 discovered, 0 enqueued
[26.176s][info][gc,ref      ] GC(104) Phantom: 622 encountered, 452 discovered, 14 enqueued
[26.176s][info][gc,reloc    ] GC(104) Small Pages: 207 / 414M, Empty: 174M, Relocated: 3M, In-Place: 0
[26.176s][info][gc,reloc    ] GC(104) Medium Pages: 1 / 32M, Empty: 0M, Relocated: 0M, In-Place: 0
[26.176s][info][gc,reloc    ] GC(104) Large Pages: 2 / 12M, Empty: 0M, Relocated: 0M, In-Place: 0
[26.176s][info][gc,reloc    ] GC(104) Forwarding Usage: 1M
[26.176s][info][gc,heap     ] GC(104) Min Capacity: 8M(1%)
[26.176s][info][gc,heap     ] GC(104) Max Capacity: 1024M(100%)
[26.176s][info][gc,heap     ] GC(104) Soft Max Capacity: 1024M(100%)
[26.176s][info][gc,heap     ] GC(104)                Mark Start          Mark End        Relocate Start      Relocate End           High               Low         
[26.176s][info][gc,heap     ] GC(104)  Capacity:     1024M (100%)       1024M (100%)       1024M (100%)       1024M (100%)       1024M (100%)       1024M (100%)   
[26.176s][info][gc,heap     ] GC(104)      Free:      566M (55%)         468M (46%)         630M (62%)         642M (63%)         642M (63%)         464M (45%)    
[26.177s][info][gc,heap     ] GC(104)      Used:      458M (45%)         556M (54%)         394M (38%)         382M (37%)         560M (55%)         382M (37%)    
[26.177s][info][gc,heap     ] GC(104)      Live:         -               203M (20%)         203M (20%)         203M (20%)            -                  -          
[26.177s][info][gc,heap     ] GC(104) Allocated:         -                98M (10%)         110M (11%)         115M (11%)            -                  -          
[26.177s][info][gc,heap     ] GC(104)   Garbage:         -               254M (25%)          80M (8%)           62M (6%)             -                  -          
[26.177s][info][gc,heap     ] GC(104) Reclaimed:         -                  -               174M (17%)         191M (19%)            -                  -          
[26.177s][info][gc          ] GC(104) Garbage Collection (Allocation Rate) 458M(45%)->382M(37%)
[26.198s][info][gc,start    ] GC(105) Garbage Collection (Allocation Rate)
[26.198s][info][gc,task     ] GC(105) Using 10 workers
[26.198s][info][gc,phases   ] GC(105) Pause Mark Start 0.009ms
[26.260s][info][gc,phases   ] GC(105) Concurrent Mark 62.184ms
[26.260s][info][gc,phases   ] GC(105) Pause Mark End 0.031ms
[26.261s][info][gc,phases   ] GC(105) Concurrent Mark Free 0.001ms
[26.262s][info][gc,phases   ] GC(105) Concurrent Process Non-Strong References 1.870ms
[26.263s][info][gc,phases   ] GC(105) Concurrent Reset Relocation Set 0.002ms
[26.265s][info][gc,phases   ] GC(105) Concurrent Select Relocation Set 2.611ms
[26.265s][info][gc,phases   ] GC(105) Pause Relocate Start 0.010ms
[26.267s][info][gc,phases   ] GC(105) Concurrent Relocate 1.408ms
[26.267s][info][gc,load     ] GC(105) Load: 0.00/0.00/0.00
[26.267s][info][gc,mmu      ] GC(105) MMU: 2ms/96.7%, 5ms/98.7%, 10ms/99.3%, 20ms/99.7%, 50ms/99.8%, 100ms/99.9%
[26.267s][info][gc,marking  ] GC(105) Mark: 8 stripe(s), 2 proactive flush(es), 1 terminate flush(es), 0 completion(s), 0 continuation(s) 
[26.267s][info][gc,marking  ] GC(105) Mark Stack Usage: 32M
[26.267s][info][gc,nmethod  ] GC(105) NMethods: 5473 registered, 1099 unregistered
[26.267s][info][gc,metaspace] GC(105) Metaspace: 57M used, 58M committed, 1088M reserved
[26.267s][info][gc,ref      ] GC(105) Soft: 3050 encountered, 0 discovered, 0 enqueued
[26.267s][info][gc,ref      ] GC(105) Weak: 5763 encountered, 376 discovered, 0 enqueued
[26.267s][info][gc,ref      ] GC(105) Final: 60 encountered, 0 discovered, 0 enqueued
[26.267s][info][gc,ref      ] GC(105) Phantom: 608 encountered, 473 discovered, 0 enqueued
[26.267s][info][gc,reloc    ] GC(105) Small Pages: 199 / 398M, Empty: 160M, Relocated: 3M, In-Place: 0
[26.267s][info][gc,reloc    ] GC(105) Medium Pages: 1 / 32M, Empty: 0M, Relocated: 0M, In-Place: 0
[26.267s][info][gc,reloc    ] GC(105) Large Pages: 2 / 12M, Empty: 0M, Relocated: 0M, In-Place: 0
[26.267s][info][gc,reloc    ] GC(105) Forwarding Usage: 1M
[26.267s][info][gc,heap     ] GC(105) Min Capacity: 8M(1%)
[26.267s][info][gc,heap     ] GC(105) Max Capacity: 1024M(100%)
[26.267s][info][gc,heap     ] GC(105) Soft Max Capacity: 1024M(100%)
[26.267s][info][gc,heap     ] GC(105)                Mark Start          Mark End        Relocate Start      Relocate End           High               Low         
[26.267s][info][gc,heap     ] GC(105)  Capacity:     1024M (100%)       1024M (100%)       1024M (100%)       1024M (100%)       1024M (100%)       1024M (100%)   
[26.267s][info][gc,heap     ] GC(105)      Free:      582M (57%)         434M (42%)         580M (57%)         594M (58%)         594M (58%)         428M (42%)    
[26.267s][info][gc,heap     ] GC(105)      Used:      442M (43%)         590M (58%)         444M (43%)         430M (42%)         596M (58%)         430M (42%)    
[26.267s][info][gc,heap     ] GC(105)      Live:         -               203M (20%)         203M (20%)         203M (20%)            -                  -          
[26.267s][info][gc,heap     ] GC(105) Allocated:         -               148M (14%)         162M (16%)         163M (16%)            -                  -          
[26.267s][info][gc,heap     ] GC(105)   Garbage:         -               238M (23%)          78M (8%)           62M (6%)             -                  -          
[26.267s][info][gc,heap     ] GC(105) Reclaimed:         -                  -               160M (16%)         175M (17%)            -                  -          
[26.267s][info][gc          ] GC(105) Garbage Collection (Allocation Rate) 442M(43%)->430M(42%)
[26.307s][info][gc,start    ] GC(106) Garbage Collection (Allocation Rate)
[26.307s][info][gc,task     ] GC(106) Using 10 workers
[26.307s][info][gc,phases   ] GC(106) Pause Mark Start 0.012ms
[26.370s][info][gc,phases   ] GC(106) Concurrent Mark 62.213ms
[26.370s][info][gc,phases   ] GC(106) Pause Mark End 0.033ms
[26.370s][info][gc,phases   ] GC(106) Concurrent Mark Free 0.001ms
[26.372s][info][gc,phases   ] GC(106) Concurrent Process Non-Strong References 1.792ms
[26.372s][info][gc,phases   ] GC(106) Concurrent Reset Relocation Set 0.002ms
[26.374s][info][gc,phases   ] GC(106) Concurrent Select Relocation Set 2.603ms
[26.375s][info][gc,phases   ] GC(106) Pause Relocate Start 0.011ms
[26.376s][info][gc,phases   ] GC(106) Concurrent Relocate 1.424ms
[26.376s][info][gc,load     ] GC(106) Load: 0.00/0.00/0.00
[26.376s][info][gc,mmu      ] GC(106) MMU: 2ms/96.7%, 5ms/98.7%, 10ms/99.3%, 20ms/99.7%, 50ms/99.8%, 100ms/99.9%
[26.376s][info][gc,marking  ] GC(106) Mark: 8 stripe(s), 2 proactive flush(es), 1 terminate flush(es), 0 completion(s), 0 continuation(s) 
[26.376s][info][gc,marking  ] GC(106) Mark Stack Usage: 32M
[26.376s][info][gc,nmethod  ] GC(106) NMethods: 5473 registered, 1099 unregistered
[26.376s][info][gc,metaspace] GC(106) Metaspace: 57M used, 58M committed, 1088M reserved
[26.376s][info][gc,ref      ] GC(106) Soft: 3050 encountered, 0 discovered, 0 enqueued
[26.376s][info][gc,ref      ] GC(106) Weak: 5763 encountered, 626 discovered, 0 enqueued
[26.376s][info][gc,ref      ] GC(106) Final: 60 encountered, 1 discovered, 0 enqueued
[26.376s][info][gc,ref      ] GC(106) Phantom: 608 encountered, 557 discovered, 0 enqueued
[26.376s][info][gc,reloc    ] GC(106) Small Pages: 247 / 494M, Empty: 258M, Relocated: 3M, In-Place: 0
[26.376s][info][gc,reloc    ] GC(106) Medium Pages: 1 / 32M, Empty: 0M, Relocated: 0M, In-Place: 0
[26.376s][info][gc,reloc    ] GC(106) Large Pages: 2 / 12M, Empty: 0M, Relocated: 0M, In-Place: 0
[26.376s][info][gc,reloc    ] GC(106) Forwarding Usage: 1M
[26.376s][info][gc,heap     ] GC(106) Min Capacity: 8M(1%)
[26.376s][info][gc,heap     ] GC(106) Max Capacity: 1024M(100%)
[26.376s][info][gc,heap     ] GC(106) Soft Max Capacity: 1024M(100%)
[26.376s][info][gc,heap     ] GC(106)                Mark Start          Mark End        Relocate Start      Relocate End           High               Low         
[26.376s][info][gc,heap     ] GC(106)  Capacity:     1024M (100%)       1024M (100%)       1024M (100%)       1024M (100%)       1024M (100%)       1024M (100%)   
[26.376s][info][gc,heap     ] GC(106)      Free:      486M (47%)         326M (32%)         572M (56%)         582M (57%)         582M (57%)         320M (31%)    
[26.376s][info][gc,heap     ] GC(106)      Used:      538M (53%)         698M (68%)         452M (44%)         442M (43%)         704M (69%)         442M (43%)    
[26.376s][info][gc,heap     ] GC(106)      Live:         -               203M (20%)         203M (20%)         203M (20%)            -                  -          
[26.376s][info][gc,heap     ] GC(106) Allocated:         -               160M (16%)         172M (17%)         175M (17%)            -                  -          
[26.376s][info][gc,heap     ] GC(106)   Garbage:         -               334M (33%)          76M (7%)           62M (6%)             -                  -          
[26.376s][info][gc,heap     ] GC(106) Reclaimed:         -                  -               258M (25%)         271M (27%)            -                  -          
[26.376s][info][gc          ] GC(106) Garbage Collection (Allocation Rate) 538M(53%)->442M(43%)
[26.508s][info][gc,start    ] GC(107) Garbage Collection (Allocation Rate)
[26.508s][info][gc,task     ] GC(107) Using 9 workers
[26.508s][info][gc,phases   ] GC(107) Pause Mark Start 0.013ms
[26.571s][info][gc,phases   ] GC(107) Concurrent Mark 62.134ms
[26.571s][info][gc,phases   ] GC(107) Pause Mark End 0.019ms
[26.571s][info][gc,phases   ] GC(107) Concurrent Mark Free 0.001ms
[26.573s][info][gc,phases   ] GC(107) Concurrent Process Non-Strong References 1.839ms
[26.573s][info][gc,phases   ] GC(107) Concurrent Reset Relocation Set 0.002ms
[26.577s][info][gc,phases   ] GC(107) Concurrent Select Relocation Set 3.686ms
[26.577s][info][gc,phases   ] GC(107) Pause Relocate Start 0.008ms
[26.578s][info][gc,phases   ] GC(107) Concurrent Relocate 1.473ms
[26.578s][info][gc,load     ] GC(107) Load: 0.00/0.00/0.00
[26.578s][info][gc,mmu      ] GC(107) MMU: 2ms/96.7%, 5ms/98.7%, 10ms/99.3%, 20ms/99.7%, 50ms/99.8%, 100ms/99.9%
[26.578s][info][gc,marking  ] GC(107) Mark: 8 stripe(s), 2 proactive flush(es), 1 terminate flush(es), 0 completion(s), 0 continuation(s) 
[26.578s][info][gc,marking  ] GC(107) Mark Stack Usage: 32M
[26.578s][info][gc,nmethod  ] GC(107) NMethods: 5473 registered, 1099 unregistered
[26.578s][info][gc,metaspace] GC(107) Metaspace: 57M used, 58M committed, 1088M reserved
[26.578s][info][gc,ref      ] GC(107) Soft: 3050 encountered, 0 discovered, 0 enqueued
[26.578s][info][gc,ref      ] GC(107) Weak: 5763 encountered, 925 discovered, 0 enqueued
[26.578s][info][gc,ref      ] GC(107) Final: 60 encountered, 5 discovered, 0 enqueued
[26.578s][info][gc,ref      ] GC(107) Phantom: 608 encountered, 500 discovered, 0 enqueued
[26.579s][info][gc,reloc    ] GC(107) Small Pages: 349 / 698M, Empty: 462M, Relocated: 3M, In-Place: 0
[26.579s][info][gc,reloc    ] GC(107) Medium Pages: 1 / 32M, Empty: 0M, Relocated: 0M, In-Place: 0
[26.579s][info][gc,reloc    ] GC(107) Large Pages: 2 / 12M, Empty: 0M, Relocated: 0M, In-Place: 0
[26.579s][info][gc,reloc    ] GC(107) Forwarding Usage: 1M
[26.579s][info][gc,heap     ] GC(107) Min Capacity: 8M(1%)
[26.579s][info][gc,heap     ] GC(107) Max Capacity: 1024M(100%)
[26.579s][info][gc,heap     ] GC(107) Soft Max Capacity: 1024M(100%)
[26.579s][info][gc,heap     ] GC(107)                Mark Start          Mark End        Relocate Start      Relocate End           High               Low         
[26.579s][info][gc,heap     ] GC(107)  Capacity:     1024M (100%)       1024M (100%)       1024M (100%)       1024M (100%)       1024M (100%)       1024M (100%)   
[26.579s][info][gc,heap     ] GC(107)      Free:      282M (28%)         146M (14%)         594M (58%)         606M (59%)         608M (59%)         142M (14%)    
[26.579s][info][gc,heap     ] GC(107)      Used:      742M (72%)         878M (86%)         430M (42%)         418M (41%)         882M (86%)         416M (41%)    
[26.579s][info][gc,heap     ] GC(107)      Live:         -               203M (20%)         203M (20%)         203M (20%)            -                  -          
[26.579s][info][gc,heap     ] GC(107) Allocated:         -               136M (13%)         150M (15%)         153M (15%)            -                  -          
[26.579s][info][gc,heap     ] GC(107)   Garbage:         -               538M (53%)          76M (7%)           60M (6%)             -                  -          
[26.579s][info][gc,heap     ] GC(107) Reclaimed:         -                  -               462M (45%)         477M (47%)            -                  -          
[26.579s][info][gc          ] GC(107) Garbage Collection (Allocation Rate) 742M(72%)->418M(41%)
[26.696s][info][gc,start    ] GC(108) Garbage Collection (Allocation Rate)
[26.696s][info][gc,task     ] GC(108) Using 8 workers
[26.696s][info][gc,phases   ] GC(108) Pause Mark Start 0.012ms
[26.758s][info][gc,phases   ] GC(108) Concurrent Mark 62.150ms
[26.758s][info][gc,phases   ] GC(108) Pause Mark End 0.032ms
[26.758s][info][gc,phases   ] GC(108) Concurrent Mark Free 0.001ms
[26.760s][info][gc,phases   ] GC(108) Concurrent Process Non-Strong References 1.961ms
[26.760s][info][gc,phases   ] GC(108) Concurrent Reset Relocation Set 0.002ms
[26.764s][info][gc,phases   ] GC(108) Concurrent Select Relocation Set 3.732ms
[26.764s][info][gc,phases   ] GC(108) Pause Relocate Start 0.010ms
[26.766s][info][gc,phases   ] GC(108) Concurrent Relocate 1.721ms
[26.766s][info][gc,load     ] GC(108) Load: 0.00/0.00/0.00
[26.766s][info][gc,mmu      ] GC(108) MMU: 2ms/96.7%, 5ms/98.7%, 10ms/99.3%, 20ms/99.7%, 50ms/99.8%, 100ms/99.9%
[26.766s][info][gc,marking  ] GC(108) Mark: 8 stripe(s), 2 proactive flush(es), 1 terminate flush(es), 0 completion(s), 0 continuation(s) 
[26.766s][info][gc,marking  ] GC(108) Mark Stack Usage: 32M
[26.766s][info][gc,nmethod  ] GC(108) NMethods: 5473 registered, 1099 unregistered
[26.766s][info][gc,metaspace] GC(108) Metaspace: 57M used, 58M committed, 1088M reserved
[26.766s][info][gc,ref      ] GC(108) Soft: 3050 encountered, 0 discovered, 0 enqueued
[26.766s][info][gc,ref      ] GC(108) Weak: 5763 encountered, 603 discovered, 0 enqueued
[26.766s][info][gc,ref      ] GC(108) Final: 60 encountered, 0 discovered, 0 enqueued
[26.766s][info][gc,ref      ] GC(108) Phantom: 608 encountered, 456 discovered, 0 enqueued
[26.767s][info][gc,reloc    ] GC(108) Small Pages: 347 / 694M, Empty: 458M, Relocated: 3M, In-Place: 0
[26.767s][info][gc,reloc    ] GC(108) Medium Pages: 1 / 32M, Empty: 0M, Relocated: 0M, In-Place: 0
[26.767s][info][gc,reloc    ] GC(108) Large Pages: 2 / 12M, Empty: 0M, Relocated: 0M, In-Place: 0
[26.767s][info][gc,reloc    ] GC(108) Forwarding Usage: 1M
[26.767s][info][gc,heap     ] GC(108) Min Capacity: 8M(1%)
[26.767s][info][gc,heap     ] GC(108) Max Capacity: 1024M(100%)
[26.767s][info][gc,heap     ] GC(108) Soft Max Capacity: 1024M(100%)
[26.767s][info][gc,heap     ] GC(108)                Mark Start          Mark End        Relocate Start      Relocate End           High               Low         
[26.767s][info][gc,heap     ] GC(108)  Capacity:     1024M (100%)       1024M (100%)       1024M (100%)       1024M (100%)       1024M (100%)       1024M (100%)   
[26.767s][info][gc,heap     ] GC(108)      Free:      286M (28%)         120M (12%)         562M (55%)         574M (56%)         576M (56%)         114M (11%)    
[26.767s][info][gc,heap     ] GC(108)      Used:      738M (72%)         904M (88%)         462M (45%)         450M (44%)         910M (89%)         448M (44%)    
[26.767s][info][gc,heap     ] GC(108)      Live:         -               203M (20%)         203M (20%)         203M (20%)            -                  -          
[26.767s][info][gc,heap     ] GC(108) Allocated:         -               166M (16%)         182M (18%)         187M (18%)            -                  -          
[26.767s][info][gc,heap     ] GC(108)   Garbage:         -               534M (52%)          76M (7%)           58M (6%)             -                  -          
[26.767s][info][gc,heap     ] GC(108) Reclaimed:         -                  -               458M (45%)         475M (46%)            -                  -          
[26.767s][info][gc          ] GC(108) Garbage Collection (Allocation Rate) 738M(72%)->450M(44%)
[26.805s][info][gc,start    ] GC(109) Garbage Collection (Allocation Rate)
[26.805s][info][gc,task     ] GC(109) Using 8 workers
[26.805s][info][gc,phases   ] GC(109) Pause Mark Start 0.012ms
[26.867s][info][gc,phases   ] GC(109) Concurrent Mark 62.218ms
[26.868s][info][gc,phases   ] GC(109) Pause Mark End 0.019ms
[26.868s][info][gc,phases   ] GC(109) Concurrent Mark Free 0.001ms
[26.870s][info][gc,phases   ] GC(109) Concurrent Process Non-Strong References 1.911ms
[26.870s][info][gc,phases   ] GC(109) Concurrent Reset Relocation Set 0.003ms
[26.873s][info][gc,phases   ] GC(109) Concurrent Select Relocation Set 3.707ms
[26.874s][info][gc,phases   ] GC(109) Pause Relocate Start 0.009ms
[26.876s][info][gc,phases   ] GC(109) Concurrent Relocate 1.853ms
[26.876s][info][gc,load     ] GC(109) Load: 0.00/0.00/0.00
[26.876s][info][gc,mmu      ] GC(109) MMU: 2ms/96.7%, 5ms/98.7%, 10ms/99.3%, 20ms/99.7%, 50ms/99.8%, 100ms/99.9%
[26.876s][info][gc,marking  ] GC(109) Mark: 8 stripe(s), 2 proactive flush(es), 1 terminate flush(es), 0 completion(s), 0 continuation(s) 
[26.876s][info][gc,marking  ] GC(109) Mark Stack Usage: 32M
[26.876s][info][gc,nmethod  ] GC(109) NMethods: 5517 registered, 1099 unregistered
[26.876s][info][gc,metaspace] GC(109) Metaspace: 57M used, 58M committed, 1088M reserved
[26.876s][info][gc,ref      ] GC(109) Soft: 3050 encountered, 0 discovered, 0 enqueued
[26.876s][info][gc,ref      ] GC(109) Weak: 5762 encountered, 449 discovered, 0 enqueued
[26.876s][info][gc,ref      ] GC(109) Final: 60 encountered, 4 discovered, 0 enqueued
[26.876s][info][gc,ref      ] GC(109) Phantom: 608 encountered, 406 discovered, 0 enqueued
[26.876s][info][gc,reloc    ] GC(109) Small Pages: 255 / 510M, Empty: 280M, Relocated: 3M, In-Place: 0
[26.876s][info][gc,reloc    ] GC(109) Medium Pages: 1 / 32M, Empty: 0M, Relocated: 0M, In-Place: 0
[26.876s][info][gc,reloc    ] GC(109) Large Pages: 2 / 12M, Empty: 0M, Relocated: 0M, In-Place: 0
[26.876s][info][gc,reloc    ] GC(109) Forwarding Usage: 1M
[26.876s][info][gc,heap     ] GC(109) Min Capacity: 8M(1%)
[26.876s][info][gc,heap     ] GC(109) Max Capacity: 1024M(100%)
[26.876s][info][gc,heap     ] GC(109) Soft Max Capacity: 1024M(100%)
[26.876s][info][gc,heap     ] GC(109)                Mark Start          Mark End        Relocate Start      Relocate End           High               Low         
[26.876s][info][gc,heap     ] GC(109)  Capacity:     1024M (100%)       1024M (100%)       1024M (100%)       1024M (100%)       1024M (100%)       1024M (100%)   
[26.876s][info][gc,heap     ] GC(109)      Free:      470M (46%)         336M (33%)         616M (60%)         628M (61%)         628M (61%)         336M (33%)    
[26.876s][info][gc,heap     ] GC(109)      Used:      554M (54%)         688M (67%)         408M (40%)         396M (39%)         688M (67%)         396M (39%)    
[26.876s][info][gc,heap     ] GC(109)      Live:         -               203M (20%)         203M (20%)         203M (20%)            -                  -          
[26.876s][info][gc,heap     ] GC(109) Allocated:         -               134M (13%)         134M (13%)         133M (13%)            -                  -          
[26.876s][info][gc,heap     ] GC(109)   Garbage:         -               350M (34%)          70M (7%)           58M (6%)             -                  -          
[26.876s][info][gc,heap     ] GC(109) Reclaimed:         -                  -               280M (27%)         291M (29%)            -                  -          
[26.876s][info][gc          ] GC(109) Garbage Collection (Allocation Rate) 554M(54%)->396M(39%)
[26.883s][info][gc,start    ] GC(110) Garbage Collection (System.gc())
[26.883s][info][gc,task     ] GC(110) Using 10 workers
[26.884s][info][gc,phases   ] GC(110) Pause Mark Start 0.009ms
[26.944s][info][gc,phases   ] GC(110) Concurrent Mark 59.985ms
[26.944s][info][gc,phases   ] GC(110) Pause Mark End 0.026ms
[26.944s][info][gc,phases   ] GC(110) Concurrent Mark Free 0.001ms
[26.951s][info][gc,phases   ] GC(110) Concurrent Process Non-Strong References 6.785ms
[26.951s][info][gc,phases   ] GC(110) Concurrent Reset Relocation Set 0.002ms
[26.955s][info][gc,phases   ] GC(110) Concurrent Select Relocation Set 4.355ms
[26.955s][info][gc,phases   ] GC(110) Pause Relocate Start 0.010ms
[26.957s][info][gc,phases   ] GC(110) Concurrent Relocate 2.137ms
[26.957s][info][gc,load     ] GC(110) Load: 0.00/0.00/0.00
[26.957s][info][gc,mmu      ] GC(110) MMU: 2ms/96.7%, 5ms/98.7%, 10ms/99.3%, 20ms/99.7%, 50ms/99.8%, 100ms/99.9%
[26.958s][info][gc,marking  ] GC(110) Mark: 8 stripe(s), 2 proactive flush(es), 1 terminate flush(es), 0 completion(s), 0 continuation(s) 
[26.958s][info][gc,marking  ] GC(110) Mark Stack Usage: 32M
[26.958s][info][gc,nmethod  ] GC(110) NMethods: 4469 registered, 0 unregistered
[26.958s][info][gc,metaspace] GC(110) Metaspace: 58M used, 58M committed, 1088M reserved
[26.958s][info][gc,ref      ] GC(110) Soft: 3048 encountered, 0 discovered, 0 enqueued
[26.958s][info][gc,ref      ] GC(110) Weak: 5820 encountered, 435 discovered, 119 enqueued
[26.958s][info][gc,ref      ] GC(110) Final: 60 encountered, 0 discovered, 0 enqueued
[26.958s][info][gc,ref      ] GC(110) Phantom: 608 encountered, 465 discovered, 0 enqueued
[26.958s][info][gc,reloc    ] GC(110) Small Pages: 174 / 348M, Empty: 114M, Relocated: 3M, In-Place: 0
[26.958s][info][gc,reloc    ] GC(110) Medium Pages: 1 / 32M, Empty: 0M, Relocated: 0M, In-Place: 0
[26.958s][info][gc,reloc    ] GC(110) Large Pages: 3 / 18M, Empty: 6M, Relocated: 0M, In-Place: 0
[26.958s][info][gc,reloc    ] GC(110) Forwarding Usage: 1M
[26.958s][info][gc,heap     ] GC(110) Min Capacity: 8M(1%)
[26.958s][info][gc,heap     ] GC(110) Max Capacity: 1024M(100%)
[26.958s][info][gc,heap     ] GC(110) Soft Max Capacity: 1024M(100%)
[26.958s][info][gc,heap     ] GC(110)                Mark Start          Mark End        Relocate Start      Relocate End           High               Low         
[26.958s][info][gc,heap     ] GC(110)  Capacity:     1024M (100%)       1024M (100%)       1024M (100%)       1024M (100%)       1024M (100%)       1024M (100%)   
[26.958s][info][gc,heap     ] GC(110)      Free:      626M (61%)         624M (61%)         740M (72%)         752M (73%)         752M (73%)         622M (61%)    
[26.958s][info][gc,heap     ] GC(110)      Used:      398M (39%)         400M (39%)         284M (28%)         272M (27%)         402M (39%)         272M (27%)    
[26.958s][info][gc,heap     ] GC(110)      Live:         -               203M (20%)         203M (20%)         203M (20%)            -                  -          
[26.958s][info][gc,heap     ] GC(110) Allocated:         -                 2M (0%)            6M (1%)            5M (1%)             -                  -          
[26.958s][info][gc,heap     ] GC(110)   Garbage:         -               194M (19%)          74M (7%)           62M (6%)             -                  -          
[26.958s][info][gc,heap     ] GC(110) Reclaimed:         -                  -               120M (12%)         131M (13%)            -                  -          
[26.958s][info][gc          ] GC(110) Garbage Collection (System.gc()) 398M(39%)->272M(27%)
[27.093s][info][gc,start    ] GC(111) Garbage Collection (Allocation Rate)
[27.093s][info][gc,task     ] GC(111) Using 7 workers
[27.093s][info][gc,phases   ] GC(111) Pause Mark Start 0.016ms
[27.156s][info][gc,phases   ] GC(111) Concurrent Mark 62.079ms
[27.156s][info][gc,phases   ] GC(111) Pause Mark End 0.024ms
[27.156s][info][gc,phases   ] GC(111) Concurrent Mark Free 0.001ms
[27.158s][info][gc,phases   ] GC(111) Concurrent Process Non-Strong References 2.144ms
[27.158s][info][gc,phases   ] GC(111) Concurrent Reset Relocation Set 0.003ms
[27.164s][info][gc,phases   ] GC(111) Concurrent Select Relocation Set 5.679ms
[27.164s][info][gc,phases   ] GC(111) Pause Relocate Start 0.007ms
[27.166s][info][gc,phases   ] GC(111) Concurrent Relocate 2.255ms
[27.166s][info][gc,load     ] GC(111) Load: 0.00/0.00/0.00
[27.166s][info][gc,mmu      ] GC(111) MMU: 2ms/96.7%, 5ms/98.7%, 10ms/99.3%, 20ms/99.7%, 50ms/99.8%, 100ms/99.9%
[27.166s][info][gc,marking  ] GC(111) Mark: 4 stripe(s), 2 proactive flush(es), 1 terminate flush(es), 0 completion(s), 0 continuation(s) 
[27.166s][info][gc,marking  ] GC(111) Mark Stack Usage: 32M
[27.166s][info][gc,nmethod  ] GC(111) NMethods: 4532 registered, 16 unregistered
[27.166s][info][gc,metaspace] GC(111) Metaspace: 58M used, 58M committed, 1088M reserved
[27.166s][info][gc,ref      ] GC(111) Soft: 3050 encountered, 0 discovered, 0 enqueued
[27.166s][info][gc,ref      ] GC(111) Weak: 5875 encountered, 1779 discovered, 75 enqueued
[27.167s][info][gc,ref      ] GC(111) Final: 60 encountered, 0 discovered, 0 enqueued
[27.167s][info][gc,ref      ] GC(111) Phantom: 608 encountered, 359 discovered, 0 enqueued
[27.167s][info][gc,reloc    ] GC(111) Small Pages: 211 / 422M, Empty: 168M, Relocated: 4M, In-Place: 0
[27.167s][info][gc,reloc    ] GC(111) Medium Pages: 2 / 64M, Empty: 32M, Relocated: 0M, In-Place: 0
[27.167s][info][gc,reloc    ] GC(111) Large Pages: 4 / 24M, Empty: 12M, Relocated: 0M, In-Place: 0
[27.167s][info][gc,reloc    ] GC(111) Forwarding Usage: 1M
[27.167s][info][gc,heap     ] GC(111) Min Capacity: 8M(1%)
[27.167s][info][gc,heap     ] GC(111) Max Capacity: 1024M(100%)
[27.167s][info][gc,heap     ] GC(111) Soft Max Capacity: 1024M(100%)
[27.167s][info][gc,heap     ] GC(111)                Mark Start          Mark End        Relocate Start      Relocate End           High               Low         
[27.167s][info][gc,heap     ] GC(111)  Capacity:     1024M (100%)       1024M (100%)       1024M (100%)       1024M (100%)       1024M (100%)       1024M (100%)   
[27.167s][info][gc,heap     ] GC(111)      Free:      514M (50%)         306M (30%)         486M (47%)         522M (51%)         522M (51%)         298M (29%)    
[27.167s][info][gc,heap     ] GC(111)      Used:      510M (50%)         718M (70%)         538M (53%)         502M (49%)         726M (71%)         502M (49%)    
[27.167s][info][gc,heap     ] GC(111)      Live:         -               203M (20%)         203M (20%)         203M (20%)            -                  -          
[27.167s][info][gc,heap     ] GC(111) Allocated:         -               208M (20%)         240M (23%)         243M (24%)            -                  -          
[27.167s][info][gc,heap     ] GC(111)   Garbage:         -               306M (30%)          94M (9%)           54M (5%)             -                  -          
[27.167s][info][gc,heap     ] GC(111) Reclaimed:         -                  -               212M (21%)         251M (25%)            -                  -          
[27.167s][info][gc          ] GC(111) Garbage Collection (Allocation Rate) 510M(50%)->502M(49%)
[27.203s][info][gc,start    ] GC(112) Garbage Collection (Allocation Rate)
[27.203s][info][gc,task     ] GC(112) Using 7 workers
[27.203s][info][gc,phases   ] GC(112) Pause Mark Start 0.012ms
[27.281s][info][gc,phases   ] GC(112) Concurrent Mark 77.826ms
[27.281s][info][gc,phases   ] GC(112) Pause Mark End 0.017ms
[27.281s][info][gc,phases   ] GC(112) Concurrent Mark Free 0.001ms
[27.283s][info][gc,phases   ] GC(112) Concurrent Process Non-Strong References 2.253ms
[27.283s][info][gc,phases   ] GC(112) Concurrent Reset Relocation Set 0.003ms
[27.287s][info][gc,phases   ] GC(112) Concurrent Select Relocation Set 3.833ms
[27.287s][info][gc,phases   ] GC(112) Pause Relocate Start 0.008ms
[27.291s][info][gc,phases   ] GC(112) Concurrent Relocate 3.486ms
[27.291s][info][gc,load     ] GC(112) Load: 0.00/0.00/0.00
[27.291s][info][gc,mmu      ] GC(112) MMU: 2ms/96.7%, 5ms/98.7%, 10ms/99.3%, 20ms/99.7%, 50ms/99.8%, 100ms/99.9%
[27.291s][info][gc,marking  ] GC(112) Mark: 4 stripe(s), 2 proactive flush(es), 1 terminate flush(es), 0 completion(s), 0 continuation(s) 
[27.291s][info][gc,marking  ] GC(112) Mark Stack Usage: 32M
[27.291s][info][gc,nmethod  ] GC(112) NMethods: 4533 registered, 16 unregistered
[27.291s][info][gc,metaspace] GC(112) Metaspace: 58M used, 58M committed, 1088M reserved
[27.291s][info][gc,ref      ] GC(112) Soft: 3050 encountered, 0 discovered, 0 enqueued
[27.291s][info][gc,ref      ] GC(112) Weak: 5803 encountered, 1985 discovered, 19 enqueued
[27.291s][info][gc,ref      ] GC(112) Final: 60 encountered, 0 discovered, 0 enqueued
[27.291s][info][gc,ref      ] GC(112) Phantom: 608 encountered, 293 discovered, 0 enqueued
[27.291s][info][gc,reloc    ] GC(112) Small Pages: 263 / 526M, Empty: 288M, Relocated: 3M, In-Place: 0
[27.291s][info][gc,reloc    ] GC(112) Medium Pages: 1 / 32M, Empty: 0M, Relocated: 0M, In-Place: 0
[27.291s][info][gc,reloc    ] GC(112) Large Pages: 2 / 12M, Empty: 0M, Relocated: 0M, In-Place: 0
[27.291s][info][gc,reloc    ] GC(112) Forwarding Usage: 1M
[27.291s][info][gc,heap     ] GC(112) Min Capacity: 8M(1%)
[27.291s][info][gc,heap     ] GC(112) Max Capacity: 1024M(100%)
[27.291s][info][gc,heap     ] GC(112) Soft Max Capacity: 1024M(100%)
[27.291s][info][gc,heap     ] GC(112)                Mark Start          Mark End        Relocate Start      Relocate End           High               Low         
[27.291s][info][gc,heap     ] GC(112)  Capacity:     1024M (100%)       1024M (100%)       1024M (100%)       1024M (100%)       1024M (100%)       1024M (100%)   
[27.291s][info][gc,heap     ] GC(112)      Free:      454M (44%)         308M (30%)         584M (57%)         600M (59%)         604M (59%)         304M (30%)    
[27.291s][info][gc,heap     ] GC(112)      Used:      570M (56%)         716M (70%)         440M (43%)         424M (41%)         720M (70%)         420M (41%)    
[27.291s][info][gc,heap     ] GC(112)      Live:         -               203M (20%)         203M (20%)         203M (20%)            -                  -          
[27.291s][info][gc,heap     ] GC(112) Allocated:         -               146M (14%)         158M (15%)         163M (16%)            -                  -          
[27.291s][info][gc,heap     ] GC(112)   Garbage:         -               366M (36%)          78M (8%)           56M (6%)             -                  -          
[27.291s][info][gc,heap     ] GC(112) Reclaimed:         -                  -               288M (28%)         309M (30%)            -                  -          
[27.292s][info][gc          ] GC(112) Garbage Collection (Allocation Rate) 570M(56%)->424M(41%)
[27.296s][info][gc,start    ] GC(113) Garbage Collection (Allocation Rate)
[27.296s][info][gc,task     ] GC(113) Using 7 workers
[27.296s][info][gc,phases   ] GC(113) Pause Mark Start 0.009ms
[27.359s][info][gc,phases   ] GC(113) Concurrent Mark 62.245ms
[27.359s][info][gc,phases   ] GC(113) Pause Mark End 0.024ms
[27.359s][info][gc,phases   ] GC(113) Concurrent Mark Free 0.001ms
[27.361s][info][gc,phases   ] GC(113) Concurrent Process Non-Strong References 1.976ms
[27.361s][info][gc,phases   ] GC(113) Concurrent Reset Relocation Set 0.002ms
[27.365s][info][gc,phases   ] GC(113) Concurrent Select Relocation Set 3.627ms
[27.365s][info][gc,phases   ] GC(113) Pause Relocate Start 0.006ms
[27.368s][info][gc,phases   ] GC(113) Concurrent Relocate 3.656ms
[27.368s][info][gc,load     ] GC(113) Load: 0.00/0.00/0.00
[27.369s][info][gc,mmu      ] GC(113) MMU: 2ms/96.7%, 5ms/98.7%, 10ms/99.3%, 20ms/99.7%, 50ms/99.8%, 100ms/99.9%
[27.369s][info][gc,marking  ] GC(113) Mark: 4 stripe(s), 2 proactive flush(es), 1 terminate flush(es), 0 completion(s), 0 continuation(s) 
[27.369s][info][gc,marking  ] GC(113) Mark Stack Usage: 32M
[27.369s][info][gc,nmethod  ] GC(113) NMethods: 4532 registered, 17 unregistered
[27.369s][info][gc,metaspace] GC(113) Metaspace: 58M used, 58M committed, 1088M reserved
[27.369s][info][gc,ref      ] GC(113) Soft: 3050 encountered, 0 discovered, 0 enqueued
[27.369s][info][gc,ref      ] GC(113) Weak: 5784 encountered, 1855 discovered, 0 enqueued
[27.369s][info][gc,ref      ] GC(113) Final: 60 encountered, 0 discovered, 0 enqueued
[27.369s][info][gc,ref      ] GC(113) Phantom: 608 encountered, 349 discovered, 0 enqueued
[27.369s][info][gc,reloc    ] GC(113) Small Pages: 196 / 392M, Empty: 164M, Relocated: 3M, In-Place: 0
[27.369s][info][gc,reloc    ] GC(113) Medium Pages: 1 / 32M, Empty: 0M, Relocated: 0M, In-Place: 0
[27.369s][info][gc,reloc    ] GC(113) Large Pages: 2 / 12M, Empty: 0M, Relocated: 0M, In-Place: 0
[27.369s][info][gc,reloc    ] GC(113) Forwarding Usage: 1M
[27.369s][info][gc,heap     ] GC(113) Min Capacity: 8M(1%)
[27.369s][info][gc,heap     ] GC(113) Max Capacity: 1024M(100%)
[27.369s][info][gc,heap     ] GC(113) Soft Max Capacity: 1024M(100%)
[27.369s][info][gc,heap     ] GC(113)                Mark Start          Mark End        Relocate Start      Relocate End           High               Low         
[27.369s][info][gc,heap     ] GC(113)  Capacity:     1024M (100%)       1024M (100%)       1024M (100%)       1024M (100%)       1024M (100%)       1024M (100%)   
[27.369s][info][gc,heap     ] GC(113)      Free:      588M (57%)         460M (45%)         612M (60%)         618M (60%)         622M (61%)         456M (45%)    
[27.369s][info][gc,heap     ] GC(113)      Used:      436M (43%)         564M (55%)         412M (40%)         406M (40%)         568M (55%)         402M (39%)    
[27.369s][info][gc,heap     ] GC(113)      Live:         -               203M (20%)         203M (20%)         203M (20%)            -                  -          
[27.369s][info][gc,heap     ] GC(113) Allocated:         -               128M (13%)         140M (14%)         145M (14%)            -                  -          
[27.369s][info][gc,heap     ] GC(113)   Garbage:         -               232M (23%)          68M (7%)           56M (6%)             -                  -          
[27.369s][info][gc,heap     ] GC(113) Reclaimed:         -                  -               164M (16%)         175M (17%)            -                  -          
[27.369s][info][gc          ] GC(113) Garbage Collection (Allocation Rate) 436M(43%)->406M(40%)
[27.406s][info][gc,start    ] GC(114) Garbage Collection (Allocation Rate)
[27.406s][info][gc,task     ] GC(114) Using 7 workers
[27.406s][info][gc,phases   ] GC(114) Pause Mark Start 0.012ms
[27.484s][info][gc,phases   ] GC(114) Concurrent Mark 77.746ms
[27.484s][info][gc,phases   ] GC(114) Pause Mark End 0.032ms
[27.484s][info][gc,phases   ] GC(114) Concurrent Mark Free 0.001ms
[27.486s][info][gc,phases   ] GC(114) Concurrent Process Non-Strong References 2.188ms
[27.486s][info][gc,phases   ] GC(114) Concurrent Reset Relocation Set 0.002ms
[27.489s][info][gc,phases   ] GC(114) Concurrent Select Relocation Set 2.650ms
[27.489s][info][gc,phases   ] GC(114) Pause Relocate Start 0.010ms
[27.492s][info][gc,phases   ] GC(114) Concurrent Relocate 2.465ms
[27.492s][info][gc,load     ] GC(114) Load: 0.00/0.00/0.00
[27.492s][info][gc,mmu      ] GC(114) MMU: 2ms/96.7%, 5ms/98.7%, 10ms/99.3%, 20ms/99.7%, 50ms/99.8%, 100ms/99.9%
[27.492s][info][gc,marking  ] GC(114) Mark: 4 stripe(s), 2 proactive flush(es), 1 terminate flush(es), 0 completion(s), 0 continuation(s) 
[27.492s][info][gc,marking  ] GC(114) Mark Stack Usage: 32M
[27.492s][info][gc,nmethod  ] GC(114) NMethods: 4532 registered, 17 unregistered
[27.492s][info][gc,metaspace] GC(114) Metaspace: 58M used, 58M committed, 1088M reserved
[27.492s][info][gc,ref      ] GC(114) Soft: 3050 encountered, 0 discovered, 0 enqueued
[27.492s][info][gc,ref      ] GC(114) Weak: 5784 encountered, 168 discovered, 0 enqueued
[27.492s][info][gc,ref      ] GC(114) Final: 60 encountered, 0 discovered, 0 enqueued
[27.492s][info][gc,ref      ] GC(114) Phantom: 608 encountered, 412 discovered, 0 enqueued
[27.492s][info][gc,reloc    ] GC(114) Small Pages: 215 / 430M, Empty: 200M, Relocated: 3M, In-Place: 0
[27.492s][info][gc,reloc    ] GC(114) Medium Pages: 1 / 32M, Empty: 0M, Relocated: 0M, In-Place: 0
[27.492s][info][gc,reloc    ] GC(114) Large Pages: 2 / 12M, Empty: 0M, Relocated: 0M, In-Place: 0
[27.492s][info][gc,reloc    ] GC(114) Forwarding Usage: 1M
[27.492s][info][gc,heap     ] GC(114) Min Capacity: 8M(1%)
[27.492s][info][gc,heap     ] GC(114) Max Capacity: 1024M(100%)
[27.492s][info][gc,heap     ] GC(114) Soft Max Capacity: 1024M(100%)
[27.492s][info][gc,heap     ] GC(114)                Mark Start          Mark End        Relocate Start      Relocate End           High               Low         
[27.492s][info][gc,heap     ] GC(114)  Capacity:     1024M (100%)       1024M (100%)       1024M (100%)       1024M (100%)       1024M (100%)       1024M (100%)   
[27.492s][info][gc,heap     ] GC(114)      Free:      550M (54%)         416M (41%)         608M (59%)         618M (60%)         620M (61%)         412M (40%)    
[27.492s][info][gc,heap     ] GC(114)      Used:      474M (46%)         608M (59%)         416M (41%)         406M (40%)         612M (60%)         404M (39%)    
[27.492s][info][gc,heap     ] GC(114)      Live:         -               203M (20%)         203M (20%)         203M (20%)            -                  -          
[27.492s][info][gc,heap     ] GC(114) Allocated:         -               134M (13%)         142M (14%)         145M (14%)            -                  -          
[27.492s][info][gc,heap     ] GC(114)   Garbage:         -               270M (26%)          70M (7%)           56M (6%)             -                  -          
[27.492s][info][gc,heap     ] GC(114) Reclaimed:         -                  -               200M (20%)         213M (21%)            -                  -          
[27.492s][info][gc          ] GC(114) Garbage Collection (Allocation Rate) 474M(46%)->406M(40%)
[27.499s][info][gc,start    ] GC(115) Garbage Collection (Allocation Rate)
[27.499s][info][gc,task     ] GC(115) Using 7 workers
[27.500s][info][gc,phases   ] GC(115) Pause Mark Start 0.012ms
[27.577s][info][gc,phases   ] GC(115) Concurrent Mark 77.788ms
[27.578s][info][gc,phases   ] GC(115) Pause Mark End 0.018ms
[27.578s][info][gc,phases   ] GC(115) Concurrent Mark Free 0.001ms
[27.580s][info][gc,phases   ] GC(115) Concurrent Process Non-Strong References 2.244ms
[27.580s][info][gc,phases   ] GC(115) Concurrent Reset Relocation Set 0.002ms
[27.584s][info][gc,phases   ] GC(115) Concurrent Select Relocation Set 3.606ms
[27.584s][info][gc,phases   ] GC(115) Pause Relocate Start 0.007ms
[27.586s][info][gc,phases   ] GC(115) Concurrent Relocate 2.214ms
[27.586s][info][gc,load     ] GC(115) Load: 0.00/0.00/0.00
[27.586s][info][gc,mmu      ] GC(115) MMU: 2ms/96.7%, 5ms/98.7%, 10ms/99.3%, 20ms/99.7%, 50ms/99.8%, 100ms/99.9%
[27.586s][info][gc,marking  ] GC(115) Mark: 4 stripe(s), 2 proactive flush(es), 1 terminate flush(es), 0 completion(s), 0 continuation(s) 
[27.586s][info][gc,marking  ] GC(115) Mark Stack Usage: 32M
[27.586s][info][gc,nmethod  ] GC(115) NMethods: 4532 registered, 17 unregistered
[27.586s][info][gc,metaspace] GC(115) Metaspace: 58M used, 58M committed, 1088M reserved
[27.586s][info][gc,ref      ] GC(115) Soft: 3050 encountered, 0 discovered, 0 enqueued
[27.586s][info][gc,ref      ] GC(115) Weak: 5784 encountered, 2574 discovered, 0 enqueued
[27.586s][info][gc,ref      ] GC(115) Final: 60 encountered, 21 discovered, 0 enqueued
[27.586s][info][gc,ref      ] GC(115) Phantom: 608 encountered, 386 discovered, 0 enqueued
[27.586s][info][gc,reloc    ] GC(115) Small Pages: 189 / 378M, Empty: 150M, Relocated: 3M, In-Place: 0
[27.586s][info][gc,reloc    ] GC(115) Medium Pages: 1 / 32M, Empty: 0M, Relocated: 0M, In-Place: 0
[27.586s][info][gc,reloc    ] GC(115) Large Pages: 2 / 12M, Empty: 0M, Relocated: 0M, In-Place: 0
[27.586s][info][gc,reloc    ] GC(115) Forwarding Usage: 1M
[27.586s][info][gc,heap     ] GC(115) Min Capacity: 8M(1%)
[27.586s][info][gc,heap     ] GC(115) Max Capacity: 1024M(100%)
[27.586s][info][gc,heap     ] GC(115) Soft Max Capacity: 1024M(100%)
[27.587s][info][gc,heap     ] GC(115)                Mark Start          Mark End        Relocate Start      Relocate End           High               Low         
[27.587s][info][gc,heap     ] GC(115)  Capacity:     1024M (100%)       1024M (100%)       1024M (100%)       1024M (100%)       1024M (100%)       1024M (100%)   
[27.587s][info][gc,heap     ] GC(115)      Free:      602M (59%)         400M (39%)         536M (52%)         544M (53%)         602M (59%)         394M (38%)    
[27.587s][info][gc,heap     ] GC(115)      Used:      422M (41%)         624M (61%)         488M (48%)         480M (47%)         630M (62%)         422M (41%)    
[27.587s][info][gc,heap     ] GC(115)      Live:         -               203M (20%)         203M (20%)         203M (20%)            -                  -          
[27.587s][info][gc,heap     ] GC(115) Allocated:         -               202M (20%)         216M (21%)         219M (21%)            -                  -          
[27.587s][info][gc,heap     ] GC(115)   Garbage:         -               218M (21%)          68M (7%)           56M (6%)             -                  -          
[27.587s][info][gc,heap     ] GC(115) Reclaimed:         -                  -               150M (15%)         161M (16%)            -                  -          
[27.587s][info][gc          ] GC(115) Garbage Collection (Allocation Rate) 422M(41%)->480M(47%)
[27.593s][info][gc,start    ] GC(116) Garbage Collection (Allocation Rate)
[27.593s][info][gc,task     ] GC(116) Using 7 workers
[27.593s][info][gc,phases   ] GC(116) Pause Mark Start 0.008ms
[27.662s][info][gc,phases   ] GC(116) Concurrent Mark 69.125ms
[27.663s][info][gc,phases   ] GC(116) Pause Mark End 0.017ms
[27.663s][info][gc,phases   ] GC(116) Concurrent Mark Free 0.001ms
[27.665s][info][gc,phases   ] GC(116) Concurrent Process Non-Strong References 1.895ms
[27.665s][info][gc,phases   ] GC(116) Concurrent Reset Relocation Set 0.002ms
[27.668s][info][gc,phases   ] GC(116) Concurrent Select Relocation Set 3.589ms
[27.668s][info][gc,phases   ] GC(116) Pause Relocate Start 0.007ms
[27.672s][info][gc,phases   ] GC(116) Concurrent Relocate 3.438ms
[27.672s][info][gc,load     ] GC(116) Load: 0.00/0.00/0.00
[27.672s][info][gc,mmu      ] GC(116) MMU: 2ms/96.7%, 5ms/98.7%, 10ms/99.3%, 20ms/99.7%, 50ms/99.8%, 100ms/99.9%
[27.672s][info][gc,marking  ] GC(116) Mark: 4 stripe(s), 2 proactive flush(es), 1 terminate flush(es), 0 completion(s), 0 continuation(s) 
[27.672s][info][gc,marking  ] GC(116) Mark Stack Usage: 32M
[27.672s][info][gc,nmethod  ] GC(116) NMethods: 4532 registered, 17 unregistered
[27.672s][info][gc,metaspace] GC(116) Metaspace: 58M used, 58M committed, 1088M reserved
[27.672s][info][gc,ref      ] GC(116) Soft: 3050 encountered, 0 discovered, 0 enqueued
[27.672s][info][gc,ref      ] GC(116) Weak: 5784 encountered, 592 discovered, 0 enqueued
[27.672s][info][gc,ref      ] GC(116) Final: 60 encountered, 3 discovered, 0 enqueued
[27.672s][info][gc,ref      ] GC(116) Phantom: 608 encountered, 354 discovered, 0 enqueued
[27.672s][info][gc,reloc    ] GC(116) Small Pages: 225 / 450M, Empty: 222M, Relocated: 3M, In-Place: 0
[27.672s][info][gc,reloc    ] GC(116) Medium Pages: 1 / 32M, Empty: 0M, Relocated: 0M, In-Place: 0
[27.672s][info][gc,reloc    ] GC(116) Large Pages: 2 / 12M, Empty: 0M, Relocated: 0M, In-Place: 0
[27.672s][info][gc,reloc    ] GC(116) Forwarding Usage: 1M
[27.672s][info][gc,heap     ] GC(116) Min Capacity: 8M(1%)
[27.672s][info][gc,heap     ] GC(116) Max Capacity: 1024M(100%)
[27.672s][info][gc,heap     ] GC(116) Soft Max Capacity: 1024M(100%)
[27.672s][info][gc,heap     ] GC(116)                Mark Start          Mark End        Relocate Start      Relocate End           High               Low         
[27.672s][info][gc,heap     ] GC(116)  Capacity:     1024M (100%)       1024M (100%)       1024M (100%)       1024M (100%)       1024M (100%)       1024M (100%)   
[27.672s][info][gc,heap     ] GC(116)      Free:      530M (52%)         346M (34%)         552M (54%)         556M (54%)         560M (55%)         340M (33%)    
[27.672s][info][gc,heap     ] GC(116)      Used:      494M (48%)         678M (66%)         472M (46%)         468M (46%)         684M (67%)         464M (45%)    
[27.672s][info][gc,heap     ] GC(116)      Live:         -               203M (20%)         203M (20%)         203M (20%)            -                  -          
[27.673s][info][gc,heap     ] GC(116) Allocated:         -               184M (18%)         200M (20%)         207M (20%)            -                  -          
[27.673s][info][gc,heap     ] GC(116)   Garbage:         -               290M (28%)          68M (7%)           56M (6%)             -                  -          
[27.673s][info][gc,heap     ] GC(116) Reclaimed:         -                  -               222M (22%)         233M (23%)            -                  -          
[27.673s][info][gc          ] GC(116) Garbage Collection (Allocation Rate) 494M(48%)->468M(46%)
[27.694s][info][gc,start    ] GC(117) Garbage Collection (Allocation Rate)
[27.694s][info][gc,task     ] GC(117) Using 7 workers
[27.694s][info][gc,phases   ] GC(117) Pause Mark Start 0.009ms
[27.772s][info][gc,phases   ] GC(117) Concurrent Mark 77.794ms
[27.772s][info][gc,phases   ] GC(117) Pause Mark End 0.025ms
[27.772s][info][gc,phases   ] GC(117) Concurrent Mark Free 0.001ms
[27.774s][info][gc,phases   ] GC(117) Concurrent Process Non-Strong References 2.145ms
[27.774s][info][gc,phases   ] GC(117) Concurrent Reset Relocation Set 0.003ms
[27.778s][info][gc,phases   ] GC(117) Concurrent Select Relocation Set 3.623ms
[27.778s][info][gc,phases   ] GC(117) Pause Relocate Start 0.008ms
[27.781s][info][gc,phases   ] GC(117) Concurrent Relocate 2.745ms
[27.781s][info][gc,load     ] GC(117) Load: 0.00/0.00/0.00
[27.781s][info][gc,mmu      ] GC(117) MMU: 2ms/96.7%, 5ms/98.7%, 10ms/99.3%, 20ms/99.7%, 50ms/99.8%, 100ms/99.9%
[27.781s][info][gc,marking  ] GC(117) Mark: 4 stripe(s), 2 proactive flush(es), 1 terminate flush(es), 0 completion(s), 0 continuation(s) 
[27.781s][info][gc,marking  ] GC(117) Mark Stack Usage: 32M
[27.781s][info][gc,nmethod  ] GC(117) NMethods: 4532 registered, 17 unregistered
[27.781s][info][gc,metaspace] GC(117) Metaspace: 58M used, 58M committed, 1088M reserved
[27.781s][info][gc,ref      ] GC(117) Soft: 3050 encountered, 0 discovered, 0 enqueued
[27.781s][info][gc,ref      ] GC(117) Weak: 5784 encountered, 2161 discovered, 0 enqueued
[27.781s][info][gc,ref      ] GC(117) Final: 60 encountered, 0 discovered, 0 enqueued
[27.781s][info][gc,ref      ] GC(117) Phantom: 608 encountered, 395 discovered, 0 enqueued
[27.781s][info][gc,reloc    ] GC(117) Small Pages: 239 / 478M, Empty: 250M, Relocated: 3M, In-Place: 0
[27.781s][info][gc,reloc    ] GC(117) Medium Pages: 1 / 32M, Empty: 0M, Relocated: 0M, In-Place: 0
[27.781s][info][gc,reloc    ] GC(117) Large Pages: 2 / 12M, Empty: 0M, Relocated: 0M, In-Place: 0
[27.781s][info][gc,reloc    ] GC(117) Forwarding Usage: 1M
[27.781s][info][gc,heap     ] GC(117) Min Capacity: 8M(1%)
[27.781s][info][gc,heap     ] GC(117) Max Capacity: 1024M(100%)
[27.781s][info][gc,heap     ] GC(117) Soft Max Capacity: 1024M(100%)
[27.781s][info][gc,heap     ] GC(117)                Mark Start          Mark End        Relocate Start      Relocate End           High               Low         
[27.781s][info][gc,heap     ] GC(117)  Capacity:     1024M (100%)       1024M (100%)       1024M (100%)       1024M (100%)       1024M (100%)       1024M (100%)   
[27.781s][info][gc,heap     ] GC(117)      Free:      502M (49%)         314M (31%)         548M (54%)         554M (54%)         556M (54%)         308M (30%)    
[27.781s][info][gc,heap     ] GC(117)      Used:      522M (51%)         710M (69%)         476M (46%)         470M (46%)         716M (70%)         468M (46%)    
[27.781s][info][gc,heap     ] GC(117)      Live:         -               203M (20%)         203M (20%)         203M (20%)            -                  -          
[27.782s][info][gc,heap     ] GC(117) Allocated:         -               188M (18%)         204M (20%)         209M (21%)            -                  -          
[27.782s][info][gc,heap     ] GC(117)   Garbage:         -               318M (31%)          68M (7%)           56M (6%)             -                  -          
[27.782s][info][gc,heap     ] GC(117) Reclaimed:         -                  -               250M (24%)         261M (26%)            -                  -          
[27.782s][info][gc          ] GC(117) Garbage Collection (Allocation Rate) 522M(51%)->470M(46%)
[27.803s][info][gc,start    ] GC(118) Garbage Collection (Allocation Rate)
[27.803s][info][gc,task     ] GC(118) Using 7 workers
[27.803s][info][gc,phases   ] GC(118) Pause Mark Start 0.010ms
[27.881s][info][gc,phases   ] GC(118) Concurrent Mark 77.785ms
[27.881s][info][gc,phases   ] GC(118) Pause Mark End 0.030ms
[27.881s][info][gc,phases   ] GC(118) Concurrent Mark Free 0.001ms
[27.884s][info][gc,phases   ] GC(118) Concurrent Process Non-Strong References 2.178ms
[27.884s][info][gc,phases   ] GC(118) Concurrent Reset Relocation Set 0.002ms
[27.887s][info][gc,phases   ] GC(118) Concurrent Select Relocation Set 3.633ms
[27.887s][info][gc,phases   ] GC(118) Pause Relocate Start 0.008ms
[27.891s][info][gc,phases   ] GC(118) Concurrent Relocate 3.321ms
[27.891s][info][gc,load     ] GC(118) Load: 0.00/0.00/0.00
[27.891s][info][gc,mmu      ] GC(118) MMU: 2ms/96.7%, 5ms/98.7%, 10ms/99.3%, 20ms/99.7%, 50ms/99.8%, 100ms/99.9%
[27.891s][info][gc,marking  ] GC(118) Mark: 4 stripe(s), 2 proactive flush(es), 1 terminate flush(es), 0 completion(s), 0 continuation(s) 
[27.891s][info][gc,marking  ] GC(118) Mark Stack Usage: 32M
[27.891s][info][gc,nmethod  ] GC(118) NMethods: 4532 registered, 17 unregistered
[27.891s][info][gc,metaspace] GC(118) Metaspace: 58M used, 58M committed, 1088M reserved
[27.891s][info][gc,ref      ] GC(118) Soft: 3050 encountered, 0 discovered, 0 enqueued
[27.891s][info][gc,ref      ] GC(118) Weak: 5784 encountered, 180 discovered, 0 enqueued
[27.891s][info][gc,ref      ] GC(118) Final: 60 encountered, 0 discovered, 0 enqueued
[27.891s][info][gc,ref      ] GC(118) Phantom: 608 encountered, 405 discovered, 0 enqueued
[27.891s][info][gc,reloc    ] GC(118) Small Pages: 242 / 484M, Empty: 254M, Relocated: 3M, In-Place: 0
[27.891s][info][gc,reloc    ] GC(118) Medium Pages: 1 / 32M, Empty: 0M, Relocated: 0M, In-Place: 0
[27.891s][info][gc,reloc    ] GC(118) Large Pages: 2 / 12M, Empty: 0M, Relocated: 0M, In-Place: 0
[27.891s][info][gc,reloc    ] GC(118) Forwarding Usage: 1M
[27.891s][info][gc,heap     ] GC(118) Min Capacity: 8M(1%)
[27.891s][info][gc,heap     ] GC(118) Max Capacity: 1024M(100%)
[27.891s][info][gc,heap     ] GC(118) Soft Max Capacity: 1024M(100%)
[27.891s][info][gc,heap     ] GC(118)                Mark Start          Mark End        Relocate Start      Relocate End           High               Low         
[27.891s][info][gc,heap     ] GC(118)  Capacity:     1024M (100%)       1024M (100%)       1024M (100%)       1024M (100%)       1024M (100%)       1024M (100%)   
[27.891s][info][gc,heap     ] GC(118)      Free:      496M (48%)         300M (29%)         538M (53%)         544M (53%)         548M (54%)         292M (29%)    
[27.891s][info][gc,heap     ] GC(118)      Used:      528M (52%)         724M (71%)         486M (47%)         480M (47%)         732M (71%)         476M (46%)    
[27.891s][info][gc,heap     ] GC(118)      Live:         -               203M (20%)         203M (20%)         203M (20%)            -                  -          
[27.892s][info][gc,heap     ] GC(118) Allocated:         -               196M (19%)         212M (21%)         219M (21%)            -                  -          
[27.892s][info][gc,heap     ] GC(118)   Garbage:         -               324M (32%)          70M (7%)           56M (6%)             -                  -          
[27.892s][info][gc,heap     ] GC(118) Reclaimed:         -                  -               254M (25%)         267M (26%)            -                  -          
[27.892s][info][gc          ] GC(118) Garbage Collection (Allocation Rate) 528M(52%)->480M(47%)
[28.001s][info][gc,start    ] GC(119) Garbage Collection (System.gc())
[28.001s][info][gc,task     ] GC(119) Using 10 workers
[28.001s][info][gc,phases   ] GC(119) Pause Mark Start 0.014ms
[28.070s][info][gc,phases   ] GC(119) Concurrent Mark 68.779ms
[28.070s][info][gc,phases   ] GC(119) Pause Mark End 0.025ms
[28.070s][info][gc,phases   ] GC(119) Concurrent Mark Free 0.001ms
[28.072s][info][gc,phases   ] GC(119) Concurrent Process Non-Strong References 1.871ms
[28.072s][info][gc,phases   ] GC(119) Concurrent Reset Relocation Set 0.002ms
[28.077s][info][gc,phases   ] GC(119) Concurrent Select Relocation Set 5.189ms
[28.077s][info][gc,phases   ] GC(119) Pause Relocate Start 0.009ms
[28.080s][info][gc,phases   ] GC(119) Concurrent Relocate 2.490ms
[28.080s][info][gc,load     ] GC(119) Load: 0.00/0.00/0.00
[28.080s][info][gc,mmu      ] GC(119) MMU: 2ms/96.7%, 5ms/98.7%, 10ms/99.3%, 20ms/99.7%, 50ms/99.8%, 100ms/99.9%
[28.080s][info][gc,marking  ] GC(119) Mark: 8 stripe(s), 2 proactive flush(es), 1 terminate flush(es), 0 completion(s), 0 continuation(s) 
[28.080s][info][gc,marking  ] GC(119) Mark Stack Usage: 32M
[28.080s][info][gc,nmethod  ] GC(119) NMethods: 4575 registered, 21 unregistered
[28.080s][info][gc,metaspace] GC(119) Metaspace: 58M used, 58M committed, 1088M reserved
[28.080s][info][gc,ref      ] GC(119) Soft: 3048 encountered, 0 discovered, 0 enqueued
[28.080s][info][gc,ref      ] GC(119) Weak: 5853 encountered, 486 discovered, 119 enqueued
[28.080s][info][gc,ref      ] GC(119) Final: 60 encountered, 0 discovered, 0 enqueued
[28.080s][info][gc,ref      ] GC(119) Phantom: 608 encountered, 502 discovered, 0 enqueued
[28.080s][info][gc,reloc    ] GC(119) Small Pages: 306 / 612M, Empty: 378M, Relocated: 3M, In-Place: 0
[28.080s][info][gc,reloc    ] GC(119) Medium Pages: 1 / 32M, Empty: 0M, Relocated: 0M, In-Place: 0
[28.080s][info][gc,reloc    ] GC(119) Large Pages: 3 / 18M, Empty: 6M, Relocated: 0M, In-Place: 0
[28.080s][info][gc,reloc    ] GC(119) Forwarding Usage: 1M
[28.080s][info][gc,heap     ] GC(119) Min Capacity: 8M(1%)
[28.080s][info][gc,heap     ] GC(119) Max Capacity: 1024M(100%)
[28.080s][info][gc,heap     ] GC(119) Soft Max Capacity: 1024M(100%)
[28.080s][info][gc,heap     ] GC(119)                Mark Start          Mark End        Relocate Start      Relocate End           High               Low         
[28.080s][info][gc,heap     ] GC(119)  Capacity:     1024M (100%)       1024M (100%)       1024M (100%)       1024M (100%)       1024M (100%)       1024M (100%)   
[28.080s][info][gc,heap     ] GC(119)      Free:      362M (35%)         360M (35%)         740M (72%)         752M (73%)         752M (73%)         360M (35%)    
[28.080s][info][gc,heap     ] GC(119)      Used:      662M (65%)         664M (65%)         284M (28%)         272M (27%)         664M (65%)         272M (27%)    
[28.081s][info][gc,heap     ] GC(119)      Live:         -               203M (20%)         203M (20%)         203M (20%)            -                  -          
[28.081s][info][gc,heap     ] GC(119) Allocated:         -                 2M (0%)            6M (1%)            5M (1%)             -                  -          
[28.081s][info][gc,heap     ] GC(119)   Garbage:         -               458M (45%)          74M (7%)           62M (6%)             -                  -          
[28.081s][info][gc,heap     ] GC(119) Reclaimed:         -                  -               384M (38%)         395M (39%)            -                  -          
[28.081s][info][gc          ] GC(119) Garbage Collection (System.gc()) 662M(65%)->272M(27%)
[28.294s][info][gc,start    ] GC(120) Garbage Collection (Allocation Rate)
[28.294s][info][gc,task     ] GC(120) Using 10 workers
[28.295s][info][gc,phases   ] GC(120) Pause Mark Start 0.018ms
[28.357s][info][gc,phases   ] GC(120) Concurrent Mark 62.067ms
[28.357s][info][gc,phases   ] GC(120) Pause Mark End 0.021ms
[28.357s][info][gc,phases   ] GC(120) Concurrent Mark Free 0.001ms
[28.360s][info][gc,phases   ] GC(120) Concurrent Process Non-Strong References 2.773ms
[28.360s][info][gc,phases   ] GC(120) Concurrent Reset Relocation Set 0.002ms
[28.365s][info][gc,phases   ] GC(120) Concurrent Select Relocation Set 5.279ms
[28.365s][info][gc,phases   ] GC(120) Pause Relocate Start 0.009ms
[28.367s][info][gc,phases   ] GC(120) Concurrent Relocate 2.118ms
[28.368s][info][gc,load     ] GC(120) Load: 0.00/0.00/0.00
[28.368s][info][gc,mmu      ] GC(120) MMU: 2ms/96.7%, 5ms/98.7%, 10ms/99.3%, 20ms/99.7%, 50ms/99.8%, 100ms/99.9%
[28.368s][info][gc,marking  ] GC(120) Mark: 8 stripe(s), 3 proactive flush(es), 1 terminate flush(es), 0 completion(s), 0 continuation(s) 
[28.368s][info][gc,marking  ] GC(120) Mark Stack Usage: 32M
[28.368s][info][gc,nmethod  ] GC(120) NMethods: 4497 registered, 174 unregistered
[28.368s][info][gc,metaspace] GC(120) Metaspace: 58M used, 58M committed, 1088M reserved
[28.368s][info][gc,ref      ] GC(120) Soft: 3050 encountered, 0 discovered, 0 enqueued
[28.368s][info][gc,ref      ] GC(120) Weak: 5878 encountered, 1939 discovered, 74 enqueued
[28.368s][info][gc,ref      ] GC(120) Final: 60 encountered, 58 discovered, 0 enqueued
[28.368s][info][gc,ref      ] GC(120) Phantom: 608 encountered, 427 discovered, 0 enqueued
[28.368s][info][gc,reloc    ] GC(120) Small Pages: 335 / 670M, Empty: 414M, Relocated: 3M, In-Place: 0
[28.368s][info][gc,reloc    ] GC(120) Medium Pages: 2 / 64M, Empty: 32M, Relocated: 0M, In-Place: 0
[28.368s][info][gc,reloc    ] GC(120) Large Pages: 4 / 24M, Empty: 12M, Relocated: 0M, In-Place: 0
[28.368s][info][gc,reloc    ] GC(120) Forwarding Usage: 1M
[28.368s][info][gc,heap     ] GC(120) Min Capacity: 8M(1%)
[28.368s][info][gc,heap     ] GC(120) Max Capacity: 1024M(100%)
[28.368s][info][gc,heap     ] GC(120) Soft Max Capacity: 1024M(100%)
[28.368s][info][gc,heap     ] GC(120)                Mark Start          Mark End        Relocate Start      Relocate End           High               Low         
[28.368s][info][gc,heap     ] GC(120)  Capacity:     1024M (100%)       1024M (100%)       1024M (100%)       1024M (100%)       1024M (100%)       1024M (100%)   
[28.368s][info][gc,heap     ] GC(120)      Free:      266M (26%)          84M (8%)          510M (50%)         538M (53%)         540M (53%)          74M (7%)     
[28.368s][info][gc,heap     ] GC(120)      Used:      758M (74%)         940M (92%)         514M (50%)         486M (47%)         950M (93%)         484M (47%)    
[28.368s][info][gc,heap     ] GC(120)      Live:         -               203M (20%)         203M (20%)         203M (20%)            -                  -          
[28.368s][info][gc,heap     ] GC(120) Allocated:         -               182M (18%)         214M (21%)         219M (21%)            -                  -          
[28.368s][info][gc,heap     ] GC(120)   Garbage:         -               554M (54%)          96M (9%)           62M (6%)             -                  -          
[28.368s][info][gc,heap     ] GC(120) Reclaimed:         -                  -               458M (45%)         491M (48%)            -                  -          
[28.368s][info][gc          ] GC(120) Garbage Collection (Allocation Rate) 758M(74%)->486M(47%)
[28.404s][info][gc,start    ] GC(121) Garbage Collection (Allocation Rate)
[28.404s][info][gc,task     ] GC(121) Using 10 workers
[28.404s][info][gc,phases   ] GC(121) Pause Mark Start 0.013ms
[28.466s][info][gc,phases   ] GC(121) Concurrent Mark 62.204ms
[28.466s][info][gc,phases   ] GC(121) Pause Mark End 0.024ms
[28.466s][info][gc,phases   ] GC(121) Concurrent Mark Free 0.001ms
[28.468s][info][gc,phases   ] GC(121) Concurrent Process Non-Strong References 1.530ms
[28.468s][info][gc,phases   ] GC(121) Concurrent Reset Relocation Set 0.004ms
[28.472s][info][gc,phases   ] GC(121) Concurrent Select Relocation Set 4.101ms
[28.472s][info][gc,phases   ] GC(121) Pause Relocate Start 0.008ms
[28.474s][info][gc,phases   ] GC(121) Concurrent Relocate 2.266ms
[28.474s][info][gc,load     ] GC(121) Load: 0.00/0.00/0.00
[28.474s][info][gc,mmu      ] GC(121) MMU: 2ms/96.7%, 5ms/98.7%, 10ms/99.3%, 20ms/99.7%, 50ms/99.8%, 100ms/99.9%
[28.475s][info][gc,marking  ] GC(121) Mark: 8 stripe(s), 2 proactive flush(es), 1 terminate flush(es), 0 completion(s), 0 continuation(s) 
[28.475s][info][gc,marking  ] GC(121) Mark Stack Usage: 32M
[28.475s][info][gc,nmethod  ] GC(121) NMethods: 4497 registered, 174 unregistered
[28.475s][info][gc,metaspace] GC(121) Metaspace: 58M used, 58M committed, 1088M reserved
[28.475s][info][gc,ref      ] GC(121) Soft: 3050 encountered, 0 discovered, 0 enqueued
[28.475s][info][gc,ref      ] GC(121) Weak: 5807 encountered, 752 discovered, 14 enqueued
[28.475s][info][gc,ref      ] GC(121) Final: 60 encountered, 1 discovered, 0 enqueued
[28.475s][info][gc,ref      ] GC(121) Phantom: 608 encountered, 489 discovered, 0 enqueued
[28.475s][info][gc,reloc    ] GC(121) Small Pages: 276 / 552M, Empty: 308M, Relocated: 3M, In-Place: 0
[28.475s][info][gc,reloc    ] GC(121) Medium Pages: 1 / 32M, Empty: 0M, Relocated: 0M, In-Place: 0
[28.475s][info][gc,reloc    ] GC(121) Large Pages: 2 / 12M, Empty: 0M, Relocated: 0M, In-Place: 0
[28.475s][info][gc,reloc    ] GC(121) Forwarding Usage: 1M
[28.475s][info][gc,heap     ] GC(121) Min Capacity: 8M(1%)
[28.475s][info][gc,heap     ] GC(121) Max Capacity: 1024M(100%)
[28.475s][info][gc,heap     ] GC(121) Soft Max Capacity: 1024M(100%)
[28.475s][info][gc,heap     ] GC(121)                Mark Start          Mark End        Relocate Start      Relocate End           High               Low         
[28.475s][info][gc,heap     ] GC(121)  Capacity:     1024M (100%)       1024M (100%)       1024M (100%)       1024M (100%)       1024M (100%)       1024M (100%)   
[28.475s][info][gc,heap     ] GC(121)      Free:      428M (42%)         266M (26%)         556M (54%)         570M (56%)         572M (56%)         260M (25%)    
[28.475s][info][gc,heap     ] GC(121)      Used:      596M (58%)         758M (74%)         468M (46%)         454M (44%)         764M (75%)         452M (44%)    
[28.475s][info][gc,heap     ] GC(121)      Live:         -               203M (20%)         203M (20%)         203M (20%)            -                  -          
[28.475s][info][gc,heap     ] GC(121) Allocated:         -               162M (16%)         180M (18%)         187M (18%)            -                  -          
[28.475s][info][gc,heap     ] GC(121)   Garbage:         -               392M (38%)          84M (8%)           62M (6%)             -                  -          
[28.475s][info][gc,heap     ] GC(121) Reclaimed:         -                  -               308M (30%)         329M (32%)            -                  -          
[28.475s][info][gc          ] GC(121) Garbage Collection (Allocation Rate) 596M(58%)->454M(44%)
[28.497s][info][gc,start    ] GC(122) Garbage Collection (Allocation Rate)
[28.497s][info][gc,task     ] GC(122) Using 10 workers
[28.497s][info][gc,phases   ] GC(122) Pause Mark Start 0.010ms
[28.560s][info][gc,phases   ] GC(122) Concurrent Mark 62.324ms
[28.560s][info][gc,phases   ] GC(122) Pause Mark End 0.025ms
[28.560s][info][gc,phases   ] GC(122) Concurrent Mark Free 0.001ms
[28.562s][info][gc,phases   ] GC(122) Concurrent Process Non-Strong References 1.534ms
[28.562s][info][gc,phases   ] GC(122) Concurrent Reset Relocation Set 0.004ms
[28.565s][info][gc,phases   ] GC(122) Concurrent Select Relocation Set 3.015ms
[28.565s][info][gc,phases   ] GC(122) Pause Relocate Start 0.008ms
[28.567s][info][gc,phases   ] GC(122) Concurrent Relocate 2.060ms
[28.567s][info][gc,load     ] GC(122) Load: 0.00/0.00/0.00
[28.567s][info][gc,mmu      ] GC(122) MMU: 2ms/96.7%, 5ms/98.7%, 10ms/99.3%, 20ms/99.7%, 50ms/99.8%, 100ms/99.9%
[28.567s][info][gc,marking  ] GC(122) Mark: 8 stripe(s), 2 proactive flush(es), 1 terminate flush(es), 0 completion(s), 0 continuation(s) 
[28.567s][info][gc,marking  ] GC(122) Mark Stack Usage: 32M
[28.567s][info][gc,nmethod  ] GC(122) NMethods: 4497 registered, 174 unregistered
[28.567s][info][gc,metaspace] GC(122) Metaspace: 58M used, 58M committed, 1088M reserved
[28.567s][info][gc,ref      ] GC(122) Soft: 3050 encountered, 0 discovered, 0 enqueued
[28.567s][info][gc,ref      ] GC(122) Weak: 5793 encountered, 365 discovered, 0 enqueued
[28.567s][info][gc,ref      ] GC(122) Final: 60 encountered, 0 discovered, 0 enqueued
[28.567s][info][gc,ref      ] GC(122) Phantom: 608 encountered, 544 discovered, 0 enqueued
[28.567s][info][gc,reloc    ] GC(122) Small Pages: 244 / 488M, Empty: 252M, Relocated: 3M, In-Place: 0
[28.567s][info][gc,reloc    ] GC(122) Medium Pages: 1 / 32M, Empty: 0M, Relocated: 0M, In-Place: 0
[28.567s][info][gc,reloc    ] GC(122) Large Pages: 2 / 12M, Empty: 0M, Relocated: 0M, In-Place: 0
[28.567s][info][gc,reloc    ] GC(122) Forwarding Usage: 1M
[28.567s][info][gc,heap     ] GC(122) Min Capacity: 8M(1%)
[28.567s][info][gc,heap     ] GC(122) Max Capacity: 1024M(100%)
[28.567s][info][gc,heap     ] GC(122) Soft Max Capacity: 1024M(100%)
[28.567s][info][gc,heap     ] GC(122)                Mark Start          Mark End        Relocate Start      Relocate End           High               Low         
[28.567s][info][gc,heap     ] GC(122)  Capacity:     1024M (100%)       1024M (100%)       1024M (100%)       1024M (100%)       1024M (100%)       1024M (100%)   
[28.567s][info][gc,heap     ] GC(122)      Free:      492M (48%)         322M (31%)         558M (54%)         568M (55%)         570M (56%)         316M (31%)    
[28.567s][info][gc,heap     ] GC(122)      Used:      532M (52%)         702M (69%)         466M (46%)         456M (45%)         708M (69%)         454M (44%)    
[28.567s][info][gc,heap     ] GC(122)      Live:         -               203M (20%)         203M (20%)         203M (20%)            -                  -          
[28.567s][info][gc,heap     ] GC(122) Allocated:         -               170M (17%)         186M (18%)         189M (19%)            -                  -          
[28.567s][info][gc,heap     ] GC(122)   Garbage:         -               328M (32%)          76M (7%)           62M (6%)             -                  -          
[28.567s][info][gc,heap     ] GC(122) Reclaimed:         -                  -               252M (25%)         265M (26%)            -                  -          
[28.567s][info][gc          ] GC(122) Garbage Collection (Allocation Rate) 532M(52%)->456M(45%)
[28.607s][info][gc,start    ] GC(123) Garbage Collection (Allocation Rate)
[28.607s][info][gc,task     ] GC(123) Using 10 workers
[28.607s][info][gc,phases   ] GC(123) Pause Mark Start 0.012ms
[28.669s][info][gc,phases   ] GC(123) Concurrent Mark 62.136ms
[28.669s][info][gc,phases   ] GC(123) Pause Mark End 0.040ms
[28.669s][info][gc,phases   ] GC(123) Concurrent Mark Free 0.001ms
[28.671s][info][gc,phases   ] GC(123) Concurrent Process Non-Strong References 1.593ms
[28.671s][info][gc,phases   ] GC(123) Concurrent Reset Relocation Set 0.002ms
[28.674s][info][gc,phases   ] GC(123) Concurrent Select Relocation Set 2.439ms
[28.674s][info][gc,phases   ] GC(123) Pause Relocate Start 0.010ms
[28.676s][info][gc,phases   ] GC(123) Concurrent Relocate 2.348ms
[28.676s][info][gc,load     ] GC(123) Load: 0.00/0.00/0.00
[28.676s][info][gc,mmu      ] GC(123) MMU: 2ms/96.7%, 5ms/98.7%, 10ms/99.3%, 20ms/99.7%, 50ms/99.8%, 100ms/99.9%
[28.676s][info][gc,marking  ] GC(123) Mark: 8 stripe(s), 2 proactive flush(es), 1 terminate flush(es), 0 completion(s), 0 continuation(s) 
[28.676s][info][gc,marking  ] GC(123) Mark Stack Usage: 32M
[28.676s][info][gc,nmethod  ] GC(123) NMethods: 4497 registered, 174 unregistered
[28.676s][info][gc,metaspace] GC(123) Metaspace: 58M used, 58M committed, 1088M reserved
[28.676s][info][gc,ref      ] GC(123) Soft: 3050 encountered, 0 discovered, 0 enqueued
[28.676s][info][gc,ref      ] GC(123) Weak: 5793 encountered, 350 discovered, 0 enqueued
[28.676s][info][gc,ref      ] GC(123) Final: 60 encountered, 3 discovered, 0 enqueued
[28.676s][info][gc,ref      ] GC(123) Phantom: 608 encountered, 452 discovered, 0 enqueued
[28.676s][info][gc,reloc    ] GC(123) Small Pages: 273 / 546M, Empty: 312M, Relocated: 3M, In-Place: 0
[28.676s][info][gc,reloc    ] GC(123) Medium Pages: 1 / 32M, Empty: 0M, Relocated: 0M, In-Place: 0
[28.676s][info][gc,reloc    ] GC(123) Large Pages: 2 / 12M, Empty: 0M, Relocated: 0M, In-Place: 0
[28.676s][info][gc,reloc    ] GC(123) Forwarding Usage: 1M
[28.676s][info][gc,heap     ] GC(123) Min Capacity: 8M(1%)
[28.676s][info][gc,heap     ] GC(123) Max Capacity: 1024M(100%)
[28.676s][info][gc,heap     ] GC(123) Soft Max Capacity: 1024M(100%)
[28.676s][info][gc,heap     ] GC(123)                Mark Start          Mark End        Relocate Start      Relocate End           High               Low         
[28.676s][info][gc,heap     ] GC(123)  Capacity:     1024M (100%)       1024M (100%)       1024M (100%)       1024M (100%)       1024M (100%)       1024M (100%)   
[28.676s][info][gc,heap     ] GC(123)      Free:      434M (42%)         228M (22%)         526M (51%)         534M (52%)         536M (52%)         222M (22%)    
[28.676s][info][gc,heap     ] GC(123)      Used:      590M (58%)         796M (78%)         498M (49%)         490M (48%)         802M (78%)         488M (48%)    
[28.676s][info][gc,heap     ] GC(123)      Live:         -               203M (20%)         203M (20%)         203M (20%)            -                  -          
[28.676s][info][gc,heap     ] GC(123) Allocated:         -               206M (20%)         220M (21%)         223M (22%)            -                  -          
[28.676s][info][gc,heap     ] GC(123)   Garbage:         -               386M (38%)          74M (7%)           62M (6%)             -                  -          
[28.676s][info][gc,heap     ] GC(123) Reclaimed:         -                  -               312M (30%)         323M (32%)            -                  -          
[28.676s][info][gc          ] GC(123) Garbage Collection (Allocation Rate) 590M(58%)->490M(48%)
[28.700s][info][gc,start    ] GC(124) Garbage Collection (Allocation Rate)
[28.700s][info][gc,task     ] GC(124) Using 10 workers
[28.701s][info][gc,phases   ] GC(124) Pause Mark Start 0.010ms
[28.763s][info][gc,phases   ] GC(124) Concurrent Mark 62.267ms
[28.763s][info][gc,phases   ] GC(124) Pause Mark End 0.031ms
[28.763s][info][gc,phases   ] GC(124) Concurrent Mark Free 0.001ms
[28.765s][info][gc,phases   ] GC(124) Concurrent Process Non-Strong References 1.700ms
[28.765s][info][gc,phases   ] GC(124) Concurrent Reset Relocation Set 0.003ms
[28.769s][info][gc,phases   ] GC(124) Concurrent Select Relocation Set 3.570ms
[28.769s][info][gc,phases   ] GC(124) Pause Relocate Start 0.007ms
[28.771s][info][gc,phases   ] GC(124) Concurrent Relocate 2.060ms
[28.771s][info][gc,load     ] GC(124) Load: 0.00/0.00/0.00
[28.771s][info][gc,mmu      ] GC(124) MMU: 2ms/96.7%, 5ms/98.7%, 10ms/99.3%, 20ms/99.7%, 50ms/99.8%, 100ms/99.9%
[28.771s][info][gc,marking  ] GC(124) Mark: 8 stripe(s), 2 proactive flush(es), 1 terminate flush(es), 0 completion(s), 0 continuation(s) 
[28.771s][info][gc,marking  ] GC(124) Mark Stack Usage: 32M
[28.771s][info][gc,nmethod  ] GC(124) NMethods: 4497 registered, 174 unregistered
[28.771s][info][gc,metaspace] GC(124) Metaspace: 58M used, 58M committed, 1088M reserved
[28.771s][info][gc,ref      ] GC(124) Soft: 3050 encountered, 0 discovered, 0 enqueued
[28.771s][info][gc,ref      ] GC(124) Weak: 5793 encountered, 847 discovered, 0 enqueued
[28.771s][info][gc,ref      ] GC(124) Final: 60 encountered, 2 discovered, 0 enqueued
[28.771s][info][gc,ref      ] GC(124) Phantom: 608 encountered, 411 discovered, 0 enqueued
[28.771s][info][gc,reloc    ] GC(124) Small Pages: 251 / 502M, Empty: 268M, Relocated: 3M, In-Place: 0
[28.771s][info][gc,reloc    ] GC(124) Medium Pages: 1 / 32M, Empty: 0M, Relocated: 0M, In-Place: 0
[28.771s][info][gc,reloc    ] GC(124) Large Pages: 2 / 12M, Empty: 0M, Relocated: 0M, In-Place: 0
[28.771s][info][gc,reloc    ] GC(124) Forwarding Usage: 1M
[28.771s][info][gc,heap     ] GC(124) Min Capacity: 8M(1%)
[28.771s][info][gc,heap     ] GC(124) Max Capacity: 1024M(100%)
[28.771s][info][gc,heap     ] GC(124) Soft Max Capacity: 1024M(100%)
[28.771s][info][gc,heap     ] GC(124)                Mark Start          Mark End        Relocate Start      Relocate End           High               Low         
[28.771s][info][gc,heap     ] GC(124)  Capacity:     1024M (100%)       1024M (100%)       1024M (100%)       1024M (100%)       1024M (100%)       1024M (100%)   
[28.771s][info][gc,heap     ] GC(124)      Free:      478M (47%)         330M (32%)         584M (57%)         590M (58%)         592M (58%)         324M (32%)    
[28.771s][info][gc,heap     ] GC(124)      Used:      546M (53%)         694M (68%)         440M (43%)         434M (42%)         700M (68%)         432M (42%)    
[28.771s][info][gc,heap     ] GC(124)      Live:         -               203M (20%)         203M (20%)         203M (20%)            -                  -          
[28.771s][info][gc,heap     ] GC(124) Allocated:         -               148M (14%)         162M (16%)         167M (16%)            -                  -          
[28.772s][info][gc,heap     ] GC(124)   Garbage:         -               342M (33%)          74M (7%)           62M (6%)             -                  -          
[28.772s][info][gc,heap     ] GC(124) Reclaimed:         -                  -               268M (26%)         279M (27%)            -                  -          
[28.772s][info][gc          ] GC(124) Garbage Collection (Allocation Rate) 546M(53%)->434M(42%)
[28.794s][info][gc,start    ] GC(125) Garbage Collection (Allocation Rate)
[28.794s][info][gc,task     ] GC(125) Using 10 workers
[28.794s][info][gc,phases   ] GC(125) Pause Mark Start 0.011ms
[28.864s][info][gc,phases   ] GC(125) Concurrent Mark 69.069ms
[28.864s][info][gc,phases   ] GC(125) Pause Mark End 0.025ms
[28.864s][info][gc,phases   ] GC(125) Concurrent Mark Free 0.001ms
[28.865s][info][gc,phases   ] GC(125) Concurrent Process Non-Strong References 1.638ms
[28.865s][info][gc,phases   ] GC(125) Concurrent Reset Relocation Set 0.003ms
[28.869s][info][gc,phases   ] GC(125) Concurrent Select Relocation Set 3.586ms
[28.869s][info][gc,phases   ] GC(125) Pause Relocate Start 0.008ms
[28.871s][info][gc,phases   ] GC(125) Concurrent Relocate 2.162ms
[28.871s][info][gc,load     ] GC(125) Load: 0.00/0.00/0.00
[28.872s][info][gc,mmu      ] GC(125) MMU: 2ms/96.7%, 5ms/98.7%, 10ms/99.3%, 20ms/99.7%, 50ms/99.8%, 100ms/99.9%
[28.872s][info][gc,marking  ] GC(125) Mark: 8 stripe(s), 2 proactive flush(es), 1 terminate flush(es), 0 completion(s), 0 continuation(s) 
[28.872s][info][gc,marking  ] GC(125) Mark Stack Usage: 32M
[28.872s][info][gc,nmethod  ] GC(125) NMethods: 4497 registered, 174 unregistered
[28.872s][info][gc,metaspace] GC(125) Metaspace: 58M used, 58M committed, 1088M reserved
[28.872s][info][gc,ref      ] GC(125) Soft: 3050 encountered, 0 discovered, 0 enqueued
[28.872s][info][gc,ref      ] GC(125) Weak: 5793 encountered, 400 discovered, 0 enqueued
[28.872s][info][gc,ref      ] GC(125) Final: 60 encountered, 0 discovered, 0 enqueued
[28.872s][info][gc,ref      ] GC(125) Phantom: 608 encountered, 426 discovered, 0 enqueued
[28.872s][info][gc,reloc    ] GC(125) Small Pages: 230 / 460M, Empty: 228M, Relocated: 3M, In-Place: 0
[28.872s][info][gc,reloc    ] GC(125) Medium Pages: 1 / 32M, Empty: 0M, Relocated: 0M, In-Place: 0
[28.872s][info][gc,reloc    ] GC(125) Large Pages: 2 / 12M, Empty: 0M, Relocated: 0M, In-Place: 0
[28.872s][info][gc,reloc    ] GC(125) Forwarding Usage: 1M
[28.872s][info][gc,heap     ] GC(125) Min Capacity: 8M(1%)
[28.872s][info][gc,heap     ] GC(125) Max Capacity: 1024M(100%)
[28.872s][info][gc,heap     ] GC(125) Soft Max Capacity: 1024M(100%)
[28.872s][info][gc,heap     ] GC(125)                Mark Start          Mark End        Relocate Start      Relocate End           High               Low         
[28.872s][info][gc,heap     ] GC(125)  Capacity:     1024M (100%)       1024M (100%)       1024M (100%)       1024M (100%)       1024M (100%)       1024M (100%)   
[28.872s][info][gc,heap     ] GC(125)      Free:      520M (51%)         318M (31%)         530M (52%)         536M (52%)         536M (52%)         312M (30%)    
[28.872s][info][gc,heap     ] GC(125)      Used:      504M (49%)         706M (69%)         494M (48%)         488M (48%)         712M (70%)         488M (48%)    
[28.872s][info][gc,heap     ] GC(125)      Live:         -               203M (20%)         203M (20%)         203M (20%)            -                  -          
[28.872s][info][gc,heap     ] GC(125) Allocated:         -               202M (20%)         218M (21%)         221M (22%)            -                  -          
[28.872s][info][gc,heap     ] GC(125)   Garbage:         -               300M (29%)          72M (7%)           62M (6%)             -                  -          
[28.872s][info][gc,heap     ] GC(125) Reclaimed:         -                  -               228M (22%)         237M (23%)            -                  -          
[28.872s][info][gc          ] GC(125) Garbage Collection (Allocation Rate) 504M(49%)->488M(48%)
[28.895s][info][gc,start    ] GC(126) Garbage Collection (Allocation Rate)
[28.895s][info][gc,task     ] GC(126) Using 10 workers
[28.895s][info][gc,phases   ] GC(126) Pause Mark Start 0.013ms
[28.957s][info][gc,phases   ] GC(126) Concurrent Mark 62.121ms
[28.957s][info][gc,phases   ] GC(126) Pause Mark End 0.032ms
[28.958s][info][gc,phases   ] GC(126) Concurrent Mark Free 0.001ms
[28.959s][info][gc,phases   ] GC(126) Concurrent Process Non-Strong References 1.478ms
[28.959s][info][gc,phases   ] GC(126) Concurrent Reset Relocation Set 0.002ms
[28.963s][info][gc,phases   ] GC(126) Concurrent Select Relocation Set 3.961ms
[28.963s][info][gc,phases   ] GC(126) Pause Relocate Start 0.008ms
[28.966s][info][gc,phases   ] GC(126) Concurrent Relocate 2.321ms
[28.966s][info][gc,load     ] GC(126) Load: 0.00/0.00/0.00
[28.966s][info][gc,mmu      ] GC(126) MMU: 2ms/96.7%, 5ms/98.7%, 10ms/99.3%, 20ms/99.7%, 50ms/99.8%, 100ms/99.9%
[28.966s][info][gc,marking  ] GC(126) Mark: 8 stripe(s), 2 proactive flush(es), 1 terminate flush(es), 0 completion(s), 0 continuation(s) 
[28.966s][info][gc,marking  ] GC(126) Mark Stack Usage: 32M
[28.966s][info][gc,nmethod  ] GC(126) NMethods: 4519 registered, 175 unregistered
[28.966s][info][gc,metaspace] GC(126) Metaspace: 58M used, 58M committed, 1088M reserved
[28.966s][info][gc,ref      ] GC(126) Soft: 3049 encountered, 0 discovered, 0 enqueued
[28.966s][info][gc,ref      ] GC(126) Weak: 5797 encountered, 343 discovered, 0 enqueued
[28.966s][info][gc,ref      ] GC(126) Final: 60 encountered, 29 discovered, 0 enqueued
[28.966s][info][gc,ref      ] GC(126) Phantom: 608 encountered, 491 discovered, 0 enqueued
[28.966s][info][gc,reloc    ] GC(126) Small Pages: 243 / 486M, Empty: 248M, Relocated: 3M, In-Place: 0
[28.966s][info][gc,reloc    ] GC(126) Medium Pages: 1 / 32M, Empty: 0M, Relocated: 0M, In-Place: 0
[28.966s][info][gc,reloc    ] GC(126) Large Pages: 2 / 12M, Empty: 0M, Relocated: 0M, In-Place: 0
[28.966s][info][gc,reloc    ] GC(126) Forwarding Usage: 1M
[28.966s][info][gc,heap     ] GC(126) Min Capacity: 8M(1%)
[28.966s][info][gc,heap     ] GC(126) Max Capacity: 1024M(100%)
[28.966s][info][gc,heap     ] GC(126) Soft Max Capacity: 1024M(100%)
[28.966s][info][gc,heap     ] GC(126)                Mark Start          Mark End        Relocate Start      Relocate End           High               Low         
[28.966s][info][gc,heap     ] GC(126)  Capacity:     1024M (100%)       1024M (100%)       1024M (100%)       1024M (100%)       1024M (100%)       1024M (100%)   
[28.966s][info][gc,heap     ] GC(126)      Free:      494M (48%)         410M (40%)         658M (64%)         674M (66%)         674M (66%)         410M (40%)    
[28.966s][info][gc,heap     ] GC(126)      Used:      530M (52%)         614M (60%)         366M (36%)         350M (34%)         614M (60%)         350M (34%)    
[28.966s][info][gc,heap     ] GC(126)      Live:         -               203M (20%)         203M (20%)         203M (20%)            -                  -          
[28.966s][info][gc,heap     ] GC(126) Allocated:         -                84M (8%)           84M (8%)           83M (8%)             -                  -          
[28.966s][info][gc,heap     ] GC(126)   Garbage:         -               326M (32%)          78M (8%)           62M (6%)             -                  -          
[28.966s][info][gc,heap     ] GC(126) Reclaimed:         -                  -               248M (24%)         263M (26%)            -                  -          
[28.966s][info][gc          ] GC(126) Garbage Collection (Allocation Rate) 530M(52%)->350M(34%)
[28.969s][info][gc,start    ] GC(127) Garbage Collection (System.gc())
[28.969s][info][gc,task     ] GC(127) Using 10 workers
[28.969s][info][gc,phases   ] GC(127) Pause Mark Start 0.009ms
[29.020s][info][gc,phases   ] GC(127) Concurrent Mark 50.453ms
[29.020s][info][gc,phases   ] GC(127) Pause Mark End 0.021ms
[29.020s][info][gc,phases   ] GC(127) Concurrent Mark Free 0.001ms
[29.021s][info][gc,phases   ] GC(127) Concurrent Process Non-Strong References 1.469ms
[29.022s][info][gc,phases   ] GC(127) Concurrent Reset Relocation Set 0.002ms
[29.024s][info][gc,phases   ] GC(127) Concurrent Select Relocation Set 2.841ms
[29.025s][info][gc,phases   ] GC(127) Pause Relocate Start 0.009ms
[29.027s][info][gc,phases   ] GC(127) Concurrent Relocate 1.946ms
[29.027s][info][gc,load     ] GC(127) Load: 0.00/0.00/0.00
[29.027s][info][gc,mmu      ] GC(127) MMU: 2ms/96.7%, 5ms/98.7%, 10ms/99.3%, 20ms/99.7%, 50ms/99.8%, 100ms/99.9%
[29.027s][info][gc,marking  ] GC(127) Mark: 8 stripe(s), 2 proactive flush(es), 1 terminate flush(es), 0 completion(s), 0 continuation(s) 
[29.027s][info][gc,marking  ] GC(127) Mark Stack Usage: 32M
[29.027s][info][gc,nmethod  ] GC(127) NMethods: 4524 registered, 179 unregistered
[29.027s][info][gc,metaspace] GC(127) Metaspace: 58M used, 58M committed, 1088M reserved
[29.027s][info][gc,ref      ] GC(127) Soft: 3048 encountered, 0 discovered, 0 enqueued
[29.027s][info][gc,ref      ] GC(127) Weak: 5850 encountered, 452 discovered, 119 enqueued
[29.027s][info][gc,ref      ] GC(127) Final: 60 encountered, 0 discovered, 0 enqueued
[29.027s][info][gc,ref      ] GC(127) Phantom: 608 encountered, 486 discovered, 0 enqueued
[29.027s][info][gc,reloc    ] GC(127) Small Pages: 150 / 300M, Empty: 70M, Relocated: 3M, In-Place: 0
[29.027s][info][gc,reloc    ] GC(127) Medium Pages: 1 / 32M, Empty: 0M, Relocated: 0M, In-Place: 0
[29.027s][info][gc,reloc    ] GC(127) Large Pages: 3 / 18M, Empty: 6M, Relocated: 0M, In-Place: 0
[29.027s][info][gc,reloc    ] GC(127) Forwarding Usage: 1M
[29.027s][info][gc,heap     ] GC(127) Min Capacity: 8M(1%)
[29.027s][info][gc,heap     ] GC(127) Max Capacity: 1024M(100%)
[29.027s][info][gc,heap     ] GC(127) Soft Max Capacity: 1024M(100%)
[29.027s][info][gc,heap     ] GC(127)                Mark Start          Mark End        Relocate Start      Relocate End           High               Low         
[29.027s][info][gc,heap     ] GC(127)  Capacity:     1024M (100%)       1024M (100%)       1024M (100%)       1024M (100%)       1024M (100%)       1024M (100%)   
[29.027s][info][gc,heap     ] GC(127)      Free:      674M (66%)         672M (66%)         744M (73%)         752M (73%)         752M (73%)         668M (65%)    
[29.027s][info][gc,heap     ] GC(127)      Used:      350M (34%)         352M (34%)         280M (27%)         272M (27%)         356M (35%)         272M (27%)    
[29.027s][info][gc,heap     ] GC(127)      Live:         -               203M (20%)         203M (20%)         203M (20%)            -                  -          
[29.027s][info][gc,heap     ] GC(127) Allocated:         -                 2M (0%)            6M (1%)            5M (1%)             -                  -          
[29.027s][info][gc,heap     ] GC(127)   Garbage:         -               146M (14%)          70M (7%)           62M (6%)             -                  -          
[29.027s][info][gc,heap     ] GC(127) Reclaimed:         -                  -                76M (7%)           83M (8%)             -                  -          
[29.027s][info][gc          ] GC(127) Garbage Collection (System.gc()) 350M(34%)->272M(27%)
[29.207s][info][gc,start    ] GC(128) Garbage Collection (Allocation Rate)
[29.207s][info][gc,task     ] GC(128) Using 10 workers
[29.208s][info][gc,phases   ] GC(128) Pause Mark Start 0.015ms
[29.270s][info][gc,phases   ] GC(128) Concurrent Mark 62.020ms
[29.270s][info][gc,phases   ] GC(128) Pause Mark End 0.022ms
[29.270s][info][gc,phases   ] GC(128) Concurrent Mark Free 0.001ms
[29.272s][info][gc,phases   ] GC(128) Concurrent Process Non-Strong References 1.706ms
[29.272s][info][gc,phases   ] GC(128) Concurrent Reset Relocation Set 0.002ms
[29.277s][info][gc,phases   ] GC(128) Concurrent Select Relocation Set 5.570ms
[29.277s][info][gc,phases   ] GC(128) Pause Relocate Start 0.009ms
[29.280s][info][gc,phases   ] GC(128) Concurrent Relocate 2.173ms
[29.280s][info][gc,load     ] GC(128) Load: 0.00/0.00/0.00
[29.280s][info][gc,mmu      ] GC(128) MMU: 2ms/96.7%, 5ms/98.7%, 10ms/99.3%, 20ms/99.7%, 50ms/99.8%, 100ms/99.9%
[29.280s][info][gc,marking  ] GC(128) Mark: 8 stripe(s), 2 proactive flush(es), 1 terminate flush(es), 0 completion(s), 0 continuation(s) 
[29.280s][info][gc,marking  ] GC(128) Mark Stack Usage: 32M
[29.280s][info][gc,nmethod  ] GC(128) NMethods: 4583 registered, 187 unregistered
[29.280s][info][gc,metaspace] GC(128) Metaspace: 58M used, 59M committed, 1088M reserved
[29.280s][info][gc,ref      ] GC(128) Soft: 3055 encountered, 0 discovered, 0 enqueued
[29.280s][info][gc,ref      ] GC(128) Weak: 5996 encountered, 715 discovered, 107 enqueued
[29.280s][info][gc,ref      ] GC(128) Final: 60 encountered, 0 discovered, 0 enqueued
[29.280s][info][gc,ref      ] GC(128) Phantom: 629 encountered, 465 discovered, 21 enqueued
[29.280s][info][gc,reloc    ] GC(128) Small Pages: 315 / 630M, Empty: 372M, Relocated: 4M, In-Place: 0
[29.280s][info][gc,reloc    ] GC(128) Medium Pages: 2 / 64M, Empty: 32M, Relocated: 0M, In-Place: 0
[29.280s][info][gc,reloc    ] GC(128) Large Pages: 4 / 24M, Empty: 12M, Relocated: 0M, In-Place: 0
[29.280s][info][gc,reloc    ] GC(128) Forwarding Usage: 1M
[29.280s][info][gc,heap     ] GC(128) Min Capacity: 8M(1%)
[29.280s][info][gc,heap     ] GC(128) Max Capacity: 1024M(100%)
[29.280s][info][gc,heap     ] GC(128) Soft Max Capacity: 1024M(100%)
[29.280s][info][gc,heap     ] GC(128)                Mark Start          Mark End        Relocate Start      Relocate End           High               Low         
[29.280s][info][gc,heap     ] GC(128)  Capacity:     1024M (100%)       1024M (100%)       1024M (100%)       1024M (100%)       1024M (100%)       1024M (100%)   
[29.280s][info][gc,heap     ] GC(128)      Free:      306M (30%)          96M (9%)          482M (47%)         516M (50%)         516M (50%)          90M (9%)     
[29.280s][info][gc,heap     ] GC(128)      Used:      718M (70%)         928M (91%)         542M (53%)         508M (50%)         934M (91%)         508M (50%)    
[29.280s][info][gc,heap     ] GC(128)      Live:         -               203M (20%)         203M (20%)         203M (20%)            -                  -          
[29.280s][info][gc,heap     ] GC(128) Allocated:         -               210M (21%)         240M (23%)         243M (24%)            -                  -          
[29.280s][info][gc,heap     ] GC(128)   Garbage:         -               514M (50%)          98M (10%)          60M (6%)             -                  -          
[29.281s][info][gc,heap     ] GC(128) Reclaimed:         -                  -               416M (41%)         453M (44%)            -                  -          
[29.281s][info][gc          ] GC(128) Garbage Collection (Allocation Rate) 718M(70%)->508M(50%)
[29.301s][info][gc,start    ] GC(129) Garbage Collection (Allocation Rate)
[29.301s][info][gc,task     ] GC(129) Using 10 workers
[29.301s][info][gc,phases   ] GC(129) Pause Mark Start 0.011ms
[29.363s][info][gc,phases   ] GC(129) Concurrent Mark 62.181ms
[29.364s][info][gc,phases   ] GC(129) Pause Mark End 0.020ms
[29.364s][info][gc,phases   ] GC(129) Concurrent Mark Free 0.001ms
[29.365s][info][gc,phases   ] GC(129) Concurrent Process Non-Strong References 1.527ms
[29.365s][info][gc,phases   ] GC(129) Concurrent Reset Relocation Set 0.004ms
[29.369s][info][gc,phases   ] GC(129) Concurrent Select Relocation Set 3.743ms
[29.369s][info][gc,phases   ] GC(129) Pause Relocate Start 0.008ms
[29.371s][info][gc,phases   ] GC(129) Concurrent Relocate 2.111ms
[29.371s][info][gc,load     ] GC(129) Load: 0.00/0.00/0.00
[29.371s][info][gc,mmu      ] GC(129) MMU: 2ms/96.7%, 5ms/98.7%, 10ms/99.3%, 20ms/99.7%, 50ms/99.8%, 100ms/99.9%
[29.371s][info][gc,marking  ] GC(129) Mark: 8 stripe(s), 2 proactive flush(es), 1 terminate flush(es), 0 completion(s), 0 continuation(s) 
[29.372s][info][gc,marking  ] GC(129) Mark Stack Usage: 32M
[29.372s][info][gc,nmethod  ] GC(129) NMethods: 4583 registered, 187 unregistered
[29.372s][info][gc,metaspace] GC(129) Metaspace: 58M used, 59M committed, 1088M reserved
[29.372s][info][gc,ref      ] GC(129) Soft: 3055 encountered, 0 discovered, 0 enqueued
[29.372s][info][gc,ref      ] GC(129) Weak: 5892 encountered, 634 discovered, 21 enqueued
[29.372s][info][gc,ref      ] GC(129) Final: 60 encountered, 5 discovered, 0 enqueued
[29.372s][info][gc,ref      ] GC(129) Phantom: 608 encountered, 436 discovered, 0 enqueued
[29.372s][info][gc,reloc    ] GC(129) Small Pages: 258 / 516M, Empty: 268M, Relocated: 3M, In-Place: 0
[29.372s][info][gc,reloc    ] GC(129) Medium Pages: 1 / 32M, Empty: 0M, Relocated: 0M, In-Place: 0
[29.372s][info][gc,reloc    ] GC(129) Large Pages: 2 / 12M, Empty: 0M, Relocated: 0M, In-Place: 0
[29.372s][info][gc,reloc    ] GC(129) Forwarding Usage: 1M
[29.372s][info][gc,heap     ] GC(129) Min Capacity: 8M(1%)
[29.372s][info][gc,heap     ] GC(129) Max Capacity: 1024M(100%)
[29.372s][info][gc,heap     ] GC(129) Soft Max Capacity: 1024M(100%)
[29.372s][info][gc,heap     ] GC(129)                Mark Start          Mark End        Relocate Start      Relocate End           High               Low         
[29.372s][info][gc,heap     ] GC(129)  Capacity:     1024M (100%)       1024M (100%)       1024M (100%)       1024M (100%)       1024M (100%)       1024M (100%)   
[29.372s][info][gc,heap     ] GC(129)      Free:      464M (45%)         318M (31%)         572M (56%)         594M (58%)         594M (58%)         314M (31%)    
[29.372s][info][gc,heap     ] GC(129)      Used:      560M (55%)         706M (69%)         452M (44%)         430M (42%)         710M (69%)         430M (42%)    
[29.372s][info][gc,heap     ] GC(129)      Live:         -               203M (20%)         203M (20%)         203M (20%)            -                  -          
[29.372s][info][gc,heap     ] GC(129) Allocated:         -               146M (14%)         160M (16%)         163M (16%)            -                  -          
[29.372s][info][gc,heap     ] GC(129)   Garbage:         -               356M (35%)          88M (9%)           62M (6%)             -                  -          
[29.372s][info][gc,heap     ] GC(129) Reclaimed:         -                  -               268M (26%)         293M (29%)            -                  -          
[29.372s][info][gc          ] GC(129) Garbage Collection (Allocation Rate) 560M(55%)->430M(42%)
[29.395s][info][gc,start    ] GC(130) Garbage Collection (Allocation Rate)
[29.395s][info][gc,task     ] GC(130) Using 10 workers
[29.395s][info][gc,phases   ] GC(130) Pause Mark Start 0.011ms
[29.449s][info][gc,phases   ] GC(130) Concurrent Mark 53.539ms
[29.449s][info][gc,phases   ] GC(130) Pause Mark End 0.025ms
[29.449s][info][gc,phases   ] GC(130) Concurrent Mark Free 0.001ms
[29.450s][info][gc,phases   ] GC(130) Concurrent Process Non-Strong References 1.509ms
[29.450s][info][gc,phases   ] GC(130) Concurrent Reset Relocation Set 0.003ms
[29.454s][info][gc,phases   ] GC(130) Concurrent Select Relocation Set 3.576ms
[29.454s][info][gc,phases   ] GC(130) Pause Relocate Start 0.007ms
[29.456s][info][gc,phases   ] GC(130) Concurrent Relocate 1.747ms
[29.456s][info][gc,load     ] GC(130) Load: 0.00/0.00/0.00
[29.456s][info][gc,mmu      ] GC(130) MMU: 2ms/96.7%, 5ms/98.7%, 10ms/99.3%, 20ms/99.7%, 50ms/99.8%, 100ms/99.9%
[29.456s][info][gc,marking  ] GC(130) Mark: 8 stripe(s), 2 proactive flush(es), 1 terminate flush(es), 0 completion(s), 0 continuation(s) 
[29.456s][info][gc,marking  ] GC(130) Mark Stack Usage: 32M
[29.456s][info][gc,nmethod  ] GC(130) NMethods: 4583 registered, 187 unregistered
[29.456s][info][gc,metaspace] GC(130) Metaspace: 58M used, 59M committed, 1088M reserved
[29.456s][info][gc,ref      ] GC(130) Soft: 3055 encountered, 0 discovered, 0 enqueued
[29.456s][info][gc,ref      ] GC(130) Weak: 5871 encountered, 646 discovered, 0 enqueued
[29.456s][info][gc,ref      ] GC(130) Final: 60 encountered, 0 discovered, 0 enqueued
[29.456s][info][gc,ref      ] GC(130) Phantom: 608 encountered, 455 discovered, 0 enqueued
[29.456s][info][gc,reloc    ] GC(130) Small Pages: 224 / 448M, Empty: 212M, Relocated: 3M, In-Place: 0
[29.456s][info][gc,reloc    ] GC(130) Medium Pages: 1 / 32M, Empty: 0M, Relocated: 0M, In-Place: 0
[29.456s][info][gc,reloc    ] GC(130) Large Pages: 2 / 12M, Empty: 0M, Relocated: 0M, In-Place: 0
[29.456s][info][gc,reloc    ] GC(130) Forwarding Usage: 1M
[29.456s][info][gc,heap     ] GC(130) Min Capacity: 8M(1%)
[29.456s][info][gc,heap     ] GC(130) Max Capacity: 1024M(100%)
[29.456s][info][gc,heap     ] GC(130) Soft Max Capacity: 1024M(100%)
[29.456s][info][gc,heap     ] GC(130)                Mark Start          Mark End        Relocate Start      Relocate End           High               Low         
[29.456s][info][gc,heap     ] GC(130)  Capacity:     1024M (100%)       1024M (100%)       1024M (100%)       1024M (100%)       1024M (100%)       1024M (100%)   
[29.456s][info][gc,heap     ] GC(130)      Free:      532M (52%)         410M (40%)         608M (59%)         618M (60%)         618M (60%)         404M (39%)    
[29.457s][info][gc,heap     ] GC(130)      Used:      492M (48%)         614M (60%)         416M (41%)         406M (40%)         620M (61%)         406M (40%)    
[29.457s][info][gc,heap     ] GC(130)      Live:         -               203M (20%)         203M (20%)         203M (20%)            -                  -          
[29.457s][info][gc,heap     ] GC(130) Allocated:         -               122M (12%)         136M (13%)         139M (14%)            -                  -          
[29.457s][info][gc,heap     ] GC(130)   Garbage:         -               288M (28%)          76M (7%)           62M (6%)             -                  -          
[29.457s][info][gc,heap     ] GC(130) Reclaimed:         -                  -               212M (21%)         225M (22%)            -                  -          
[29.457s][info][gc          ] GC(130) Garbage Collection (Allocation Rate) 492M(48%)->406M(40%)
[29.495s][info][gc,start    ] GC(131) Garbage Collection (Allocation Rate)
[29.495s][info][gc,task     ] GC(131) Using 10 workers
[29.495s][info][gc,phases   ] GC(131) Pause Mark Start 0.012ms
[29.558s][info][gc,phases   ] GC(131) Concurrent Mark 62.186ms
[29.558s][info][gc,phases   ] GC(131) Pause Mark End 0.022ms
[29.558s][info][gc,phases   ] GC(131) Concurrent Mark Free 0.001ms
[29.560s][info][gc,phases   ] GC(131) Concurrent Process Non-Strong References 1.708ms
[29.560s][info][gc,phases   ] GC(131) Concurrent Reset Relocation Set 0.002ms
[29.563s][info][gc,phases   ] GC(131) Concurrent Select Relocation Set 3.569ms
[29.563s][info][gc,phases   ] GC(131) Pause Relocate Start 0.008ms
[29.566s][info][gc,phases   ] GC(131) Concurrent Relocate 2.116ms
[29.566s][info][gc,load     ] GC(131) Load: 0.00/0.00/0.00
[29.566s][info][gc,mmu      ] GC(131) MMU: 2ms/96.7%, 5ms/98.7%, 10ms/99.3%, 20ms/99.7%, 50ms/99.8%, 100ms/99.9%
[29.566s][info][gc,marking  ] GC(131) Mark: 8 stripe(s), 2 proactive flush(es), 1 terminate flush(es), 0 completion(s), 0 continuation(s) 
[29.566s][info][gc,marking  ] GC(131) Mark Stack Usage: 32M
[29.566s][info][gc,nmethod  ] GC(131) NMethods: 4583 registered, 187 unregistered
[29.566s][info][gc,metaspace] GC(131) Metaspace: 58M used, 59M committed, 1088M reserved
[29.566s][info][gc,ref      ] GC(131) Soft: 3055 encountered, 0 discovered, 0 enqueued
[29.566s][info][gc,ref      ] GC(131) Weak: 5871 encountered, 808 discovered, 0 enqueued
[29.566s][info][gc,ref      ] GC(131) Final: 60 encountered, 0 discovered, 0 enqueued
[29.566s][info][gc,ref      ] GC(131) Phantom: 608 encountered, 442 discovered, 0 enqueued
[29.566s][info][gc,reloc    ] GC(131) Small Pages: 215 / 430M, Empty: 196M, Relocated: 3M, In-Place: 0
[29.566s][info][gc,reloc    ] GC(131) Medium Pages: 1 / 32M, Empty: 0M, Relocated: 0M, In-Place: 0
[29.566s][info][gc,reloc    ] GC(131) Large Pages: 2 / 12M, Empty: 0M, Relocated: 0M, In-Place: 0
[29.566s][info][gc,reloc    ] GC(131) Forwarding Usage: 1M
[29.566s][info][gc,heap     ] GC(131) Min Capacity: 8M(1%)
[29.566s][info][gc,heap     ] GC(131) Max Capacity: 1024M(100%)
[29.566s][info][gc,heap     ] GC(131) Soft Max Capacity: 1024M(100%)
[29.566s][info][gc,heap     ] GC(131)                Mark Start          Mark End        Relocate Start      Relocate End           High               Low         
[29.566s][info][gc,heap     ] GC(131)  Capacity:     1024M (100%)       1024M (100%)       1024M (100%)       1024M (100%)       1024M (100%)       1024M (100%)   
[29.566s][info][gc,heap     ] GC(131)      Free:      550M (54%)         442M (43%)         628M (61%)         636M (62%)         636M (62%)         438M (43%)    
[29.566s][info][gc,heap     ] GC(131)      Used:      474M (46%)         582M (57%)         396M (39%)         388M (38%)         586M (57%)         388M (38%)    
[29.566s][info][gc,heap     ] GC(131)      Live:         -               203M (20%)         203M (20%)         203M (20%)            -                  -          
[29.566s][info][gc,heap     ] GC(131) Allocated:         -               108M (11%)         118M (12%)         121M (12%)            -                  -          
[29.566s][info][gc,heap     ] GC(131)   Garbage:         -               270M (26%)          74M (7%)           62M (6%)             -                  -          
[29.566s][info][gc,heap     ] GC(131) Reclaimed:         -                  -               196M (19%)         207M (20%)            -                  -          
[29.566s][info][gc          ] GC(131) Garbage Collection (Allocation Rate) 474M(46%)->388M(38%)
[29.605s][info][gc,start    ] GC(132) Garbage Collection (Allocation Rate)
[29.605s][info][gc,task     ] GC(132) Using 10 workers
[29.605s][info][gc,phases   ] GC(132) Pause Mark Start 0.011ms
[29.667s][info][gc,phases   ] GC(132) Concurrent Mark 62.203ms
[29.667s][info][gc,phases   ] GC(132) Pause Mark End 0.027ms
[29.667s][info][gc,phases   ] GC(132) Concurrent Mark Free 0.001ms
[29.669s][info][gc,phases   ] GC(132) Concurrent Process Non-Strong References 1.605ms
[29.669s][info][gc,phases   ] GC(132) Concurrent Reset Relocation Set 0.003ms
[29.672s][info][gc,phases   ] GC(132) Concurrent Select Relocation Set 2.524ms
[29.672s][info][gc,phases   ] GC(132) Pause Relocate Start 0.009ms
[29.675s][info][gc,phases   ] GC(132) Concurrent Relocate 3.433ms
[29.675s][info][gc,load     ] GC(132) Load: 0.00/0.00/0.00
[29.675s][info][gc,mmu      ] GC(132) MMU: 2ms/96.7%, 5ms/98.7%, 10ms/99.3%, 20ms/99.7%, 50ms/99.8%, 100ms/99.9%
[29.675s][info][gc,marking  ] GC(132) Mark: 8 stripe(s), 2 proactive flush(es), 1 terminate flush(es), 0 completion(s), 0 continuation(s) 
[29.675s][info][gc,marking  ] GC(132) Mark Stack Usage: 32M
[29.675s][info][gc,nmethod  ] GC(132) NMethods: 4583 registered, 187 unregistered
[29.675s][info][gc,metaspace] GC(132) Metaspace: 58M used, 59M committed, 1088M reserved
[29.675s][info][gc,ref      ] GC(132) Soft: 3055 encountered, 0 discovered, 0 enqueued
[29.675s][info][gc,ref      ] GC(132) Weak: 5871 encountered, 415 discovered, 0 enqueued
[29.675s][info][gc,ref      ] GC(132) Final: 60 encountered, 0 discovered, 0 enqueued
[29.675s][info][gc,ref      ] GC(132) Phantom: 608 encountered, 482 discovered, 0 enqueued
[29.675s][info][gc,reloc    ] GC(132) Small Pages: 217 / 434M, Empty: 196M, Relocated: 3M, In-Place: 0
[29.675s][info][gc,reloc    ] GC(132) Medium Pages: 1 / 32M, Empty: 0M, Relocated: 0M, In-Place: 0
[29.675s][info][gc,reloc    ] GC(132) Large Pages: 2 / 12M, Empty: 0M, Relocated: 0M, In-Place: 0
[29.675s][info][gc,reloc    ] GC(132) Forwarding Usage: 1M
[29.675s][info][gc,heap     ] GC(132) Min Capacity: 8M(1%)
[29.675s][info][gc,heap     ] GC(132) Max Capacity: 1024M(100%)
[29.675s][info][gc,heap     ] GC(132) Soft Max Capacity: 1024M(100%)
[29.675s][info][gc,heap     ] GC(132)                Mark Start          Mark End        Relocate Start      Relocate End           High               Low         
[29.675s][info][gc,heap     ] GC(132)  Capacity:     1024M (100%)       1024M (100%)       1024M (100%)       1024M (100%)       1024M (100%)       1024M (100%)   
[29.675s][info][gc,heap     ] GC(132)      Free:      546M (53%)         410M (40%)         596M (58%)         604M (59%)         610M (60%)         406M (40%)    
[29.675s][info][gc,heap     ] GC(132)      Used:      478M (47%)         614M (60%)         428M (42%)         420M (41%)         618M (60%)         414M (40%)    
[29.675s][info][gc,heap     ] GC(132)      Live:         -               203M (20%)         203M (20%)         203M (20%)            -                  -          
[29.675s][info][gc,heap     ] GC(132) Allocated:         -               136M (13%)         146M (14%)         153M (15%)            -                  -          
[29.675s][info][gc,heap     ] GC(132)   Garbage:         -               274M (27%)          78M (8%)           62M (6%)             -                  -          
[29.675s][info][gc,heap     ] GC(132) Reclaimed:         -                  -               196M (19%)         211M (21%)            -                  -          
[29.676s][info][gc          ] GC(132) Garbage Collection (Allocation Rate) 478M(47%)->420M(41%)
[29.698s][info][gc,start    ] GC(133) Garbage Collection (Allocation Rate)
[29.698s][info][gc,task     ] GC(133) Using 10 workers
[29.699s][info][gc,phases   ] GC(133) Pause Mark Start 0.012ms
[29.761s][info][gc,phases   ] GC(133) Concurrent Mark 62.123ms
[29.761s][info][gc,phases   ] GC(133) Pause Mark End 0.026ms
[29.761s][info][gc,phases   ] GC(133) Concurrent Mark Free 0.001ms
[29.763s][info][gc,phases   ] GC(133) Concurrent Process Non-Strong References 1.773ms
[29.763s][info][gc,phases   ] GC(133) Concurrent Reset Relocation Set 0.002ms
[29.767s][info][gc,phases   ] GC(133) Concurrent Select Relocation Set 3.561ms
[29.767s][info][gc,phases   ] GC(133) Pause Relocate Start 0.007ms
[29.769s][info][gc,phases   ] GC(133) Concurrent Relocate 2.073ms
[29.769s][info][gc,load     ] GC(133) Load: 0.00/0.00/0.00
[29.769s][info][gc,mmu      ] GC(133) MMU: 2ms/96.7%, 5ms/98.7%, 10ms/99.3%, 20ms/99.7%, 50ms/99.8%, 100ms/99.9%
[29.769s][info][gc,marking  ] GC(133) Mark: 8 stripe(s), 2 proactive flush(es), 1 terminate flush(es), 0 completion(s), 0 continuation(s) 
[29.769s][info][gc,marking  ] GC(133) Mark Stack Usage: 32M
[29.769s][info][gc,nmethod  ] GC(133) NMethods: 4583 registered, 187 unregistered
[29.769s][info][gc,metaspace] GC(133) Metaspace: 58M used, 59M committed, 1088M reserved
[29.769s][info][gc,ref      ] GC(133) Soft: 3055 encountered, 0 discovered, 0 enqueued
[29.769s][info][gc,ref      ] GC(133) Weak: 5871 encountered, 514 discovered, 0 enqueued
[29.769s][info][gc,ref      ] GC(133) Final: 60 encountered, 1 discovered, 0 enqueued
[29.769s][info][gc,ref      ] GC(133) Phantom: 608 encountered, 551 discovered, 0 enqueued
[29.769s][info][gc,reloc    ] GC(133) Small Pages: 212 / 424M, Empty: 194M, Relocated: 3M, In-Place: 0
[29.769s][info][gc,reloc    ] GC(133) Medium Pages: 1 / 32M, Empty: 0M, Relocated: 0M, In-Place: 0
[29.769s][info][gc,reloc    ] GC(133) Large Pages: 2 / 12M, Empty: 0M, Relocated: 0M, In-Place: 0
[29.769s][info][gc,reloc    ] GC(133) Forwarding Usage: 1M
[29.769s][info][gc,heap     ] GC(133) Min Capacity: 8M(1%)
[29.769s][info][gc,heap     ] GC(133) Max Capacity: 1024M(100%)
[29.769s][info][gc,heap     ] GC(133) Soft Max Capacity: 1024M(100%)
[29.769s][info][gc,heap     ] GC(133)                Mark Start          Mark End        Relocate Start      Relocate End           High               Low         
[29.769s][info][gc,heap     ] GC(133)  Capacity:     1024M (100%)       1024M (100%)       1024M (100%)       1024M (100%)       1024M (100%)       1024M (100%)   
[29.769s][info][gc,heap     ] GC(133)      Free:      556M (54%)         434M (42%)         614M (60%)         618M (60%)         620M (61%)         430M (42%)    
[29.769s][info][gc,heap     ] GC(133)      Used:      468M (46%)         590M (58%)         410M (40%)         406M (40%)         594M (58%)         404M (39%)    
[29.769s][info][gc,heap     ] GC(133)      Live:         -               203M (20%)         203M (20%)         203M (20%)            -                  -          
[29.770s][info][gc,heap     ] GC(133) Allocated:         -               122M (12%)         136M (13%)         139M (14%)            -                  -          
[29.770s][info][gc,heap     ] GC(133)   Garbage:         -               264M (26%)          70M (7%)           62M (6%)             -                  -          
[29.770s][info][gc,heap     ] GC(133) Reclaimed:         -                  -               194M (19%)         201M (20%)            -                  -          
[29.770s][info][gc          ] GC(133) Garbage Collection (Allocation Rate) 468M(46%)->406M(40%)
[29.808s][info][gc,start    ] GC(134) Garbage Collection (Allocation Rate)
[29.808s][info][gc,task     ] GC(134) Using 10 workers
[29.808s][info][gc,phases   ] GC(134) Pause Mark Start 0.013ms
[29.870s][info][gc,phases   ] GC(134) Concurrent Mark 62.118ms
[29.870s][info][gc,phases   ] GC(134) Pause Mark End 0.024ms
[29.870s][info][gc,phases   ] GC(134) Concurrent Mark Free 0.001ms
[29.872s][info][gc,phases   ] GC(134) Concurrent Process Non-Strong References 1.805ms
[29.872s][info][gc,phases   ] GC(134) Concurrent Reset Relocation Set 0.003ms
[29.876s][info][gc,phases   ] GC(134) Concurrent Select Relocation Set 3.570ms
[29.876s][info][gc,phases   ] GC(134) Pause Relocate Start 0.007ms
[29.878s][info][gc,phases   ] GC(134) Concurrent Relocate 2.132ms
[29.878s][info][gc,load     ] GC(134) Load: 0.00/0.00/0.00
[29.878s][info][gc,mmu      ] GC(134) MMU: 2ms/96.7%, 5ms/98.7%, 10ms/99.3%, 20ms/99.7%, 50ms/99.8%, 100ms/99.9%
[29.878s][info][gc,marking  ] GC(134) Mark: 8 stripe(s), 2 proactive flush(es), 1 terminate flush(es), 0 completion(s), 0 continuation(s) 
[29.878s][info][gc,marking  ] GC(134) Mark Stack Usage: 32M
[29.878s][info][gc,nmethod  ] GC(134) NMethods: 4583 registered, 187 unregistered
[29.878s][info][gc,metaspace] GC(134) Metaspace: 58M used, 59M committed, 1088M reserved
[29.878s][info][gc,ref      ] GC(134) Soft: 3055 encountered, 0 discovered, 0 enqueued
[29.878s][info][gc,ref      ] GC(134) Weak: 5871 encountered, 1831 discovered, 0 enqueued
[29.879s][info][gc,ref      ] GC(134) Final: 60 encountered, 2 discovered, 0 enqueued
[29.879s][info][gc,ref      ] GC(134) Phantom: 608 encountered, 489 discovered, 0 enqueued
[29.879s][info][gc,reloc    ] GC(134) Small Pages: 231 / 462M, Empty: 228M, Relocated: 3M, In-Place: 0
[29.879s][info][gc,reloc    ] GC(134) Medium Pages: 1 / 32M, Empty: 0M, Relocated: 0M, In-Place: 0
[29.879s][info][gc,reloc    ] GC(134) Large Pages: 2 / 12M, Empty: 0M, Relocated: 0M, In-Place: 0
[29.879s][info][gc,reloc    ] GC(134) Forwarding Usage: 1M
[29.879s][info][gc,heap     ] GC(134) Min Capacity: 8M(1%)
[29.879s][info][gc,heap     ] GC(134) Max Capacity: 1024M(100%)
[29.879s][info][gc,heap     ] GC(134) Soft Max Capacity: 1024M(100%)
[29.879s][info][gc,heap     ] GC(134)                Mark Start          Mark End        Relocate Start      Relocate End           High               Low         
[29.879s][info][gc,heap     ] GC(134)  Capacity:     1024M (100%)       1024M (100%)       1024M (100%)       1024M (100%)       1024M (100%)       1024M (100%)   
[29.879s][info][gc,heap     ] GC(134)      Free:      518M (51%)         358M (35%)         572M (56%)         580M (57%)         580M (57%)         354M (35%)    
[29.879s][info][gc,heap     ] GC(134)      Used:      506M (49%)         666M (65%)         452M (44%)         444M (43%)         670M (65%)         444M (43%)    
[29.879s][info][gc,heap     ] GC(134)      Live:         -               203M (20%)         203M (20%)         203M (20%)            -                  -          
[29.879s][info][gc,heap     ] GC(134) Allocated:         -               160M (16%)         174M (17%)         177M (17%)            -                  -          
[29.879s][info][gc,heap     ] GC(134)   Garbage:         -               302M (30%)          74M (7%)           62M (6%)             -                  -          
[29.879s][info][gc,heap     ] GC(134) Reclaimed:         -                  -               228M (22%)         239M (23%)            -                  -          
[29.879s][info][gc          ] GC(134) Garbage Collection (Allocation Rate) 506M(49%)->444M(43%)
[29.901s][info][gc,start    ] GC(135) Garbage Collection (Allocation Rate)
[29.901s][info][gc,task     ] GC(135) Using 10 workers
[29.902s][info][gc,phases   ] GC(135) Pause Mark Start 0.013ms
[29.964s][info][gc,phases   ] GC(135) Concurrent Mark 62.199ms
[29.964s][info][gc,phases   ] GC(135) Pause Mark End 0.020ms
[29.964s][info][gc,phases   ] GC(135) Concurrent Mark Free 0.001ms
[29.966s][info][gc,phases   ] GC(135) Concurrent Process Non-Strong References 1.572ms
[29.966s][info][gc,phases   ] GC(135) Concurrent Reset Relocation Set 0.002ms
[29.969s][info][gc,phases   ] GC(135) Concurrent Select Relocation Set 3.578ms
[29.970s][info][gc,phases   ] GC(135) Pause Relocate Start 0.006ms
[29.972s][info][gc,phases   ] GC(135) Concurrent Relocate 2.262ms
[29.972s][info][gc,load     ] GC(135) Load: 0.00/0.00/0.00
[29.972s][info][gc,mmu      ] GC(135) MMU: 2ms/96.7%, 5ms/98.7%, 10ms/99.3%, 20ms/99.7%, 50ms/99.8%, 100ms/99.9%
[29.972s][info][gc,marking  ] GC(135) Mark: 8 stripe(s), 2 proactive flush(es), 1 terminate flush(es), 0 completion(s), 0 continuation(s) 
[29.972s][info][gc,marking  ] GC(135) Mark Stack Usage: 32M
[29.972s][info][gc,nmethod  ] GC(135) NMethods: 4583 registered, 187 unregistered
[29.972s][info][gc,metaspace] GC(135) Metaspace: 58M used, 59M committed, 1088M reserved
[29.972s][info][gc,ref      ] GC(135) Soft: 3055 encountered, 0 discovered, 0 enqueued
[29.972s][info][gc,ref      ] GC(135) Weak: 5871 encountered, 2060 discovered, 0 enqueued
[29.972s][info][gc,ref      ] GC(135) Final: 60 encountered, 54 discovered, 0 enqueued
[29.972s][info][gc,ref      ] GC(135) Phantom: 608 encountered, 445 discovered, 0 enqueued
[29.972s][info][gc,reloc    ] GC(135) Small Pages: 227 / 454M, Empty: 222M, Relocated: 3M, In-Place: 0
[29.972s][info][gc,reloc    ] GC(135) Medium Pages: 1 / 32M, Empty: 0M, Relocated: 0M, In-Place: 0
[29.972s][info][gc,reloc    ] GC(135) Large Pages: 2 / 12M, Empty: 0M, Relocated: 0M, In-Place: 0
[29.972s][info][gc,reloc    ] GC(135) Forwarding Usage: 1M
[29.972s][info][gc,heap     ] GC(135) Min Capacity: 8M(1%)
[29.972s][info][gc,heap     ] GC(135) Max Capacity: 1024M(100%)
[29.972s][info][gc,heap     ] GC(135) Soft Max Capacity: 1024M(100%)
[29.972s][info][gc,heap     ] GC(135)                Mark Start          Mark End        Relocate Start      Relocate End           High               Low         
[29.972s][info][gc,heap     ] GC(135)  Capacity:     1024M (100%)       1024M (100%)       1024M (100%)       1024M (100%)       1024M (100%)       1024M (100%)   
[29.972s][info][gc,heap     ] GC(135)      Free:      526M (51%)         384M (38%)         594M (58%)         598M (58%)         600M (59%)         380M (37%)    
[29.972s][info][gc,heap     ] GC(135)      Used:      498M (49%)         640M (63%)         430M (42%)         426M (42%)         644M (63%)         424M (41%)    
[29.973s][info][gc,heap     ] GC(135)      Live:         -               203M (20%)         203M (20%)         203M (20%)            -                  -          
[29.973s][info][gc,heap     ] GC(135) Allocated:         -               142M (14%)         154M (15%)         159M (16%)            -                  -          
[29.973s][info][gc,heap     ] GC(135)   Garbage:         -               294M (29%)          72M (7%)           62M (6%)             -                  -          
[29.973s][info][gc,heap     ] GC(135) Reclaimed:         -                  -               222M (22%)         231M (23%)            -                  -          
[29.973s][info][gc          ] GC(135) Garbage Collection (Allocation Rate) 498M(49%)->426M(42%)
[29.995s][info][gc,start    ] GC(136) Garbage Collection (Allocation Rate)
[29.996s][info][gc,task     ] GC(136) Using 10 workers
[29.996s][info][gc,phases   ] GC(136) Pause Mark Start 0.012ms
[30.065s][info][gc,phases   ] GC(136) Concurrent Mark 69.010ms
[30.065s][info][gc,phases   ] GC(136) Pause Mark End 0.022ms
[30.065s][info][gc,phases   ] GC(136) Concurrent Mark Free 0.001ms
[30.067s][info][gc,phases   ] GC(136) Concurrent Process Non-Strong References 1.655ms
[30.067s][info][gc,phases   ] GC(136) Concurrent Reset Relocation Set 0.002ms
[30.070s][info][gc,phases   ] GC(136) Concurrent Select Relocation Set 2.779ms
[30.070s][info][gc,phases   ] GC(136) Pause Relocate Start 0.007ms
[30.072s][info][gc,phases   ] GC(136) Concurrent Relocate 2.297ms
[30.072s][info][gc,load     ] GC(136) Load: 0.00/0.00/0.00
[30.072s][info][gc,mmu      ] GC(136) MMU: 2ms/96.7%, 5ms/98.7%, 10ms/99.3%, 20ms/99.7%, 50ms/99.8%, 100ms/99.9%
[30.072s][info][gc,marking  ] GC(136) Mark: 8 stripe(s), 2 proactive flush(es), 1 terminate flush(es), 0 completion(s), 0 continuation(s) 
[30.072s][info][gc,marking  ] GC(136) Mark Stack Usage: 32M
[30.072s][info][gc,nmethod  ] GC(136) NMethods: 4657 registered, 187 unregistered
[30.072s][info][gc,metaspace] GC(136) Metaspace: 58M used, 59M committed, 1088M reserved
[30.072s][info][gc,ref      ] GC(136) Soft: 3053 encountered, 0 discovered, 0 enqueued
[30.072s][info][gc,ref      ] GC(136) Weak: 5875 encountered, 465 discovered, 0 enqueued
[30.072s][info][gc,ref      ] GC(136) Final: 60 encountered, 57 discovered, 0 enqueued
[30.072s][info][gc,ref      ] GC(136) Phantom: 608 encountered, 490 discovered, 0 enqueued
[30.072s][info][gc,reloc    ] GC(136) Small Pages: 211 / 422M, Empty: 188M, Relocated: 3M, In-Place: 0
[30.072s][info][gc,reloc    ] GC(136) Medium Pages: 1 / 32M, Empty: 0M, Relocated: 0M, In-Place: 0
[30.072s][info][gc,reloc    ] GC(136) Large Pages: 2 / 12M, Empty: 0M, Relocated: 0M, In-Place: 0
[30.072s][info][gc,reloc    ] GC(136) Forwarding Usage: 1M
[30.072s][info][gc,heap     ] GC(136) Min Capacity: 8M(1%)
[30.072s][info][gc,heap     ] GC(136) Max Capacity: 1024M(100%)
[30.072s][info][gc,heap     ] GC(136) Soft Max Capacity: 1024M(100%)
[30.072s][info][gc,heap     ] GC(136)                Mark Start          Mark End        Relocate Start      Relocate End           High               Low         
[30.072s][info][gc,heap     ] GC(136)  Capacity:     1024M (100%)       1024M (100%)       1024M (100%)       1024M (100%)       1024M (100%)       1024M (100%)   
[30.072s][info][gc,heap     ] GC(136)      Free:      558M (54%)         546M (53%)         734M (72%)         746M (73%)         746M (73%)         546M (53%)    
[30.072s][info][gc,heap     ] GC(136)      Used:      466M (46%)         478M (47%)         290M (28%)         278M (27%)         478M (47%)         278M (27%)    
[30.073s][info][gc,heap     ] GC(136)      Live:         -               203M (20%)         203M (20%)         203M (20%)            -                  -          
[30.073s][info][gc,heap     ] GC(136) Allocated:         -                12M (1%)           12M (1%)           12M (1%)             -                  -          
[30.073s][info][gc,heap     ] GC(136)   Garbage:         -               262M (26%)          74M (7%)           62M (6%)             -                  -          
[30.073s][info][gc,heap     ] GC(136) Reclaimed:         -                  -               188M (18%)         200M (20%)            -                  -          
[30.073s][info][gc          ] GC(136) Garbage Collection (Allocation Rate) 466M(46%)->278M(27%)
[30.073s][info][gc,start    ] GC(137) Garbage Collection (System.gc())
[30.073s][info][gc,task     ] GC(137) Using 10 workers
[30.073s][info][gc,phases   ] GC(137) Pause Mark Start 0.009ms
[30.096s][info][gc,stats    ] === Garbage Collection Statistics =======================================================================================================================
[30.096s][info][gc,stats    ]                                                              Last 10s              Last 10m              Last 10h                Total
[30.096s][info][gc,stats    ]                                                              Avg / Max             Avg / Max             Avg / Max             Avg / Max
[30.096s][info][gc,stats    ]   Collector: Garbage Collection Cycle                     77.469 / 325.572      77.360 / 325.572      77.360 / 325.572      77.360 / 325.572     ms
[30.096s][info][gc,stats    ]  Contention: Mark Segment Reset Contention                    36 / 49               17 / 49               17 / 49               17 / 49          ops/s
[30.096s][info][gc,stats    ]  Contention: Mark SeqNum Reset Contention                      4 / 7                 2 / 7                 2 / 7                 2 / 7           ops/s
[30.096s][info][gc,stats    ]    Critical: Allocation Stall                                  0 / 2                 0 / 2                 0 / 2                 0 / 2           ops/s
[30.096s][info][gc,stats    ]    Critical: Allocation Stall                             19.402 / 19.409       19.402 / 19.409       19.402 / 19.409       19.402 / 19.409      ms
[30.096s][info][gc,stats    ]    Critical: GC Locker Stall                                   0 / 0                 0 / 1                 0 / 1                 0 / 1           ops/s
[30.096s][info][gc,stats    ]    Critical: GC Locker Stall                               0.000 / 0.000         0.001 / 0.001         0.001 / 0.001         0.001 / 0.001       ms
[30.096s][info][gc,stats    ]    Critical: Relocation Stall                                  0 / 0                 0 / 0                 0 / 0                 0 / 0           ops/s
[30.097s][info][gc,stats    ]    Critical: Relocation Stall                              0.000 / 0.000         0.000 / 0.000         0.000 / 0.000         0.000 / 0.000       ms
[30.097s][info][gc,stats    ]      Memory: Allocation Rate                                2127 / 2396           1158 / 2466           1158 / 2466           1158 / 2466        MB/s
[30.097s][info][gc,stats    ]      Memory: Defragment                                        3 / 29                1 / 29                1 / 29                1 / 29          ops/s
[30.097s][info][gc,stats    ]      Memory: Out Of Memory                                     0 / 0                 0 / 0                 0 / 0                 0 / 0           ops/s
[30.097s][info][gc,stats    ]      Memory: Page Cache Flush                                 15 / 82                7 / 82                7 / 82                7 / 82          MB/s
[30.097s][info][gc,stats    ]      Memory: Page Cache Hit L1                              1113 / 1268            593 / 1295            593 / 1295            593 / 1295        ops/s
[30.097s][info][gc,stats    ]      Memory: Page Cache Hit L2                                 0 / 0                 0 / 0                 0 / 0                 0 / 0           ops/s
[30.097s][info][gc,stats    ]      Memory: Page Cache Hit L3                                 3 / 25               17 / 122              17 / 122              17 / 122         ops/s
[30.097s][info][gc,stats    ]      Memory: Page Cache Miss                                   0 / 5                 0 / 5                 0 / 5                 0 / 5           ops/s
[30.097s][info][gc,stats    ]      Memory: Uncommit                                          0 / 0                 0 / 0                 0 / 0                 0 / 0           MB/s
[30.097s][info][gc,stats    ]      Memory: Undo Object Allocation Failed                     1 / 4                 0 / 4                 0 / 4                 0 / 4           ops/s
[30.097s][info][gc,stats    ]      Memory: Undo Object Allocation Succeeded                  5 / 11                2 / 11                2 / 11                2 / 11          ops/s
[30.097s][info][gc,stats    ]      Memory: Undo Page Allocation                             36 / 83               18 / 83               18 / 83               18 / 83          ops/s
[30.097s][info][gc,stats    ]       Phase: Concurrent Mark                              64.892 / 93.291       63.511 / 124.633      63.511 / 124.633      63.511 / 124.633     ms
[30.097s][info][gc,stats    ]       Phase: Concurrent Mark Continue                      0.000 / 0.000         0.000 / 0.000         0.000 / 0.000         0.000 / 0.000       ms
[30.097s][info][gc,stats    ]       Phase: Concurrent Mark Free                          0.001 / 0.002         0.001 / 0.004         0.001 / 0.004         0.001 / 0.004       ms
[30.097s][info][gc,stats    ]       Phase: Concurrent Process Non-Strong References      2.279 / 18.709        2.138 / 18.709        2.138 / 18.709        2.138 / 18.709      ms
[30.097s][info][gc,stats    ]       Phase: Concurrent Relocate                           2.781 / 6.747         4.275 / 32.034        4.275 / 32.034        4.275 / 32.034      ms
[30.097s][info][gc,stats    ]       Phase: Concurrent Reset Relocation Set               0.002 / 0.005         0.005 / 0.053         0.005 / 0.053         0.005 / 0.053       ms
[30.097s][info][gc,stats    ]       Phase: Concurrent Select Relocation Set              3.911 / 8.862         4.951 / 27.180        4.951 / 27.180        4.951 / 27.180      ms
[30.097s][info][gc,stats    ]       Phase: Pause Mark End                                0.023 / 0.048         0.022 / 0.048         0.022 / 0.048         0.022 / 0.048       ms
[30.097s][info][gc,stats    ]       Phase: Pause Mark Start                              0.013 / 0.065         0.013 / 0.065         0.013 / 0.065         0.013 / 0.065       ms
[30.097s][info][gc,stats    ]       Phase: Pause Relocate Start                          0.008 / 0.014         0.009 / 0.024         0.009 / 0.024         0.009 / 0.024       ms
[30.097s][info][gc,stats    ]    Subphase: Concurrent Classes Purge                      0.148 / 4.896         0.125 / 4.896         0.125 / 4.896         0.125 / 4.896       ms
[30.097s][info][gc,stats    ]    Subphase: Concurrent Classes Unlink                     1.585 / 14.551        1.515 / 14.551        1.515 / 14.551        1.515 / 14.551      ms
[30.097s][info][gc,stats    ]    Subphase: Concurrent Mark                              53.630 / 81.865       54.505 / 121.544      54.505 / 121.544      54.505 / 121.544     ms
[30.097s][info][gc,stats    ]    Subphase: Concurrent Mark Try Flush                     0.134 / 1.030         0.146 / 14.518        0.146 / 14.518        0.146 / 14.518      ms
[30.097s][info][gc,stats    ]    Subphase: Concurrent Mark Try Terminate                 7.160 / 16.573        7.936 / 16.649        7.936 / 16.649        7.936 / 16.649      ms
[30.097s][info][gc,stats    ]    Subphase: Concurrent References Enqueue                 0.001 / 0.004         0.001 / 0.004         0.001 / 0.004         0.001 / 0.004       ms
[30.098s][info][gc,stats    ]    Subphase: Concurrent References Process                 0.086 / 0.190         0.083 / 0.190         0.083 / 0.190         0.083 / 0.190       ms
[30.098s][info][gc,stats    ]    Subphase: Concurrent Roots ClassLoaderDataGraph         0.099 / 0.709         0.095 / 0.915         0.095 / 0.915         0.095 / 0.915       ms
[30.098s][info][gc,stats    ]    Subphase: Concurrent Roots CodeCache                    0.000 / 0.000         0.000 / 0.000         0.000 / 0.000         0.000 / 0.000       ms
[30.098s][info][gc,stats    ]    Subphase: Concurrent Roots JavaThreads                  9.085 / 11.672        6.803 / 11.672        6.803 / 11.672        6.803 / 11.672      ms
[30.098s][info][gc,stats    ]    Subphase: Concurrent Roots OopStorageSet                0.026 / 0.068         0.024 / 0.249         0.024 / 0.249         0.024 / 0.249       ms
[30.098s][info][gc,stats    ]    Subphase: Concurrent Weak Roots OopStorageSet           0.210 / 0.389         0.202 / 0.405         0.202 / 0.405         0.202 / 0.405       ms
[30.098s][info][gc,stats    ]    Subphase: Pause Mark Try Complete                       0.001 / 0.004         0.001 / 0.005         0.001 / 0.005         0.001 / 0.005       ms
[30.098s][info][gc,stats    ]      System: Java Threads                                    217 / 263             165 / 263             165 / 263             165 / 263         threads
[30.098s][info][gc,stats    ] =========================================================================================================================================================
[30.127s][info][gc,phases   ] GC(137) Concurrent Mark 54.427ms
[30.127s][info][gc,phases   ] GC(137) Pause Mark End 0.031ms
[30.128s][info][gc,phases   ] GC(137) Concurrent Mark Free 0.001ms
[30.129s][info][gc,phases   ] GC(137) Concurrent Process Non-Strong References 1.845ms
[30.129s][info][gc,phases   ] GC(137) Concurrent Reset Relocation Set 0.003ms
[30.133s][info][gc,phases   ] GC(137) Concurrent Select Relocation Set 3.570ms
[30.133s][info][gc,phases   ] GC(137) Pause Relocate Start 0.011ms
[30.136s][info][gc,phases   ] GC(137) Concurrent Relocate 2.364ms
[30.136s][info][gc,load     ] GC(137) Load: 0.00/0.00/0.00
[30.136s][info][gc,mmu      ] GC(137) MMU: 2ms/96.7%, 5ms/98.7%, 10ms/99.3%, 20ms/99.7%, 50ms/99.8%, 100ms/99.9%
[30.136s][info][gc,marking  ] GC(137) Mark: 8 stripe(s), 1 proactive flush(es), 1 terminate flush(es), 0 completion(s), 0 continuation(s) 
[30.136s][info][gc,marking  ] GC(137) Mark Stack Usage: 32M
[30.136s][info][gc,nmethod  ] GC(137) NMethods: 4663 registered, 190 unregistered
[30.136s][info][gc,metaspace] GC(137) Metaspace: 58M used, 59M committed, 1088M reserved
[30.136s][info][gc,ref      ] GC(137) Soft: 3053 encountered, 0 discovered, 0 enqueued
[30.136s][info][gc,ref      ] GC(137) Weak: 5940 encountered, 941 discovered, 119 enqueued
[30.136s][info][gc,ref      ] GC(137) Final: 60 encountered, 1 discovered, 0 enqueued
[30.136s][info][gc,ref      ] GC(137) Phantom: 608 encountered, 460 discovered, 0 enqueued
[30.136s][info][gc,reloc    ] GC(137) Small Pages: 114 / 228M, Empty: 0M, Relocated: 3M, In-Place: 0
[30.136s][info][gc,reloc    ] GC(137) Medium Pages: 1 / 32M, Empty: 0M, Relocated: 0M, In-Place: 0
[30.136s][info][gc,reloc    ] GC(137) Large Pages: 3 / 18M, Empty: 6M, Relocated: 0M, In-Place: 0
[30.136s][info][gc,reloc    ] GC(137) Forwarding Usage: 1M
[30.136s][info][gc,heap     ] GC(137) Min Capacity: 8M(1%)
[30.136s][info][gc,heap     ] GC(137) Max Capacity: 1024M(100%)
[30.136s][info][gc,heap     ] GC(137) Soft Max Capacity: 1024M(100%)
[30.136s][info][gc,heap     ] GC(137)                Mark Start          Mark End        Relocate Start      Relocate End           High               Low         
[30.136s][info][gc,heap     ] GC(137)  Capacity:     1024M (100%)       1024M (100%)       1024M (100%)       1024M (100%)       1024M (100%)       1024M (100%)   
[30.136s][info][gc,heap     ] GC(137)      Free:      746M (73%)         744M (73%)         746M (73%)         752M (73%)         752M (73%)         728M (71%)    
[30.136s][info][gc,heap     ] GC(137)      Used:      278M (27%)         280M (27%)         278M (27%)         272M (27%)         296M (29%)         272M (27%)    
[30.136s][info][gc,heap     ] GC(137)      Live:         -               203M (20%)         203M (20%)         203M (20%)            -                  -          
[30.136s][info][gc,heap     ] GC(137) Allocated:         -                 2M (0%)            6M (1%)            5M (1%)             -                  -          
[30.137s][info][gc,heap     ] GC(137)   Garbage:         -                74M (7%)           68M (7%)           62M (6%)             -                  -          
[30.137s][info][gc,heap     ] GC(137) Reclaimed:         -                  -                 6M (1%)           11M (1%)             -                  -          
[30.137s][info][gc          ] GC(137) Garbage Collection (System.gc()) 278M(27%)->272M(27%)
[30.299s][info][gc,start    ] GC(138) Garbage Collection (Allocation Rate)
[30.299s][info][gc,task     ] GC(138) Using 8 workers
[30.299s][info][gc,phases   ] GC(138) Pause Mark Start 0.019ms
[30.362s][info][gc,phases   ] GC(138) Concurrent Mark 62.068ms
[30.362s][info][gc,phases   ] GC(138) Pause Mark End 0.026ms
[30.362s][info][gc,phases   ] GC(138) Concurrent Mark Free 0.001ms
[30.364s][info][gc,phases   ] GC(138) Concurrent Process Non-Strong References 2.090ms
[30.364s][info][gc,phases   ] GC(138) Concurrent Reset Relocation Set 0.002ms
[30.370s][info][gc,phases   ] GC(138) Concurrent Select Relocation Set 5.707ms
[30.370s][info][gc,phases   ] GC(138) Pause Relocate Start 0.008ms
[30.372s][info][gc,phases   ] GC(138) Concurrent Relocate 2.244ms
[30.372s][info][gc,load     ] GC(138) Load: 0.00/0.00/0.00
[30.372s][info][gc,mmu      ] GC(138) MMU: 2ms/96.7%, 5ms/98.7%, 10ms/99.3%, 20ms/99.7%, 50ms/99.8%, 100ms/99.9%
[30.372s][info][gc,marking  ] GC(138) Mark: 8 stripe(s), 2 proactive flush(es), 1 terminate flush(es), 0 completion(s), 0 continuation(s) 
[30.372s][info][gc,marking  ] GC(138) Mark Stack Usage: 32M
[30.372s][info][gc,nmethod  ] GC(138) NMethods: 4700 registered, 196 unregistered
[30.372s][info][gc,metaspace] GC(138) Metaspace: 58M used, 59M committed, 1088M reserved
[30.373s][info][gc,ref      ] GC(138) Soft: 3055 encountered, 0 discovered, 0 enqueued
[30.373s][info][gc,ref      ] GC(138) Weak: 5961 encountered, 2443 discovered, 74 enqueued
[30.373s][info][gc,ref      ] GC(138) Final: 60 encountered, 5 discovered, 0 enqueued
[30.373s][info][gc,ref      ] GC(138) Phantom: 608 encountered, 405 discovered, 0 enqueued
[30.373s][info][gc,reloc    ] GC(138) Small Pages: 251 / 502M, Empty: 248M, Relocated: 4M, In-Place: 0
[30.373s][info][gc,reloc    ] GC(138) Medium Pages: 2 / 64M, Empty: 32M, Relocated: 0M, In-Place: 0
[30.373s][info][gc,reloc    ] GC(138) Large Pages: 4 / 24M, Empty: 12M, Relocated: 0M, In-Place: 0
[30.373s][info][gc,reloc    ] GC(138) Forwarding Usage: 1M
[30.373s][info][gc,heap     ] GC(138) Min Capacity: 8M(1%)
[30.373s][info][gc,heap     ] GC(138) Max Capacity: 1024M(100%)
[30.373s][info][gc,heap     ] GC(138) Soft Max Capacity: 1024M(100%)
[30.373s][info][gc,heap     ] GC(138)                Mark Start          Mark End        Relocate Start      Relocate End           High               Low         
[30.373s][info][gc,heap     ] GC(138)  Capacity:     1024M (100%)       1024M (100%)       1024M (100%)       1024M (100%)       1024M (100%)       1024M (100%)   
[30.373s][info][gc,heap     ] GC(138)      Free:      434M (42%)         230M (22%)         490M (48%)         522M (51%)         522M (51%)         220M (21%)    
[30.373s][info][gc,heap     ] GC(138)      Used:      590M (58%)         794M (78%)         534M (52%)         502M (49%)         804M (79%)         502M (49%)    
[30.373s][info][gc,heap     ] GC(138)      Live:         -               203M (20%)         203M (20%)         203M (20%)            -                  -          
[30.373s][info][gc,heap     ] GC(138) Allocated:         -               204M (20%)         236M (23%)         241M (24%)            -                  -          
[30.373s][info][gc,heap     ] GC(138)   Garbage:         -               386M (38%)          94M (9%)           56M (5%)             -                  -          
[30.373s][info][gc,heap     ] GC(138) Reclaimed:         -                  -               292M (29%)         329M (32%)            -                  -          
[30.373s][info][gc          ] GC(138) Garbage Collection (Allocation Rate) 590M(58%)->502M(49%)
[30.393s][info][gc,start    ] GC(139) Garbage Collection (Allocation Rate)
[30.393s][info][gc,task     ] GC(139) Using 8 workers
[30.393s][info][gc,phases   ] GC(139) Pause Mark Start 0.012ms
[30.455s][info][gc,phases   ] GC(139) Concurrent Mark 62.176ms
[30.455s][info][gc,phases   ] GC(139) Pause Mark End 0.036ms
[30.456s][info][gc,phases   ] GC(139) Concurrent Mark Free 0.001ms
[30.459s][info][gc,phases   ] GC(139) Concurrent Process Non-Strong References 3.837ms
[30.459s][info][gc,phases   ] GC(139) Concurrent Reset Relocation Set 0.003ms
[30.462s][info][gc,phases   ] GC(139) Concurrent Select Relocation Set 2.410ms
[30.462s][info][gc,phases   ] GC(139) Pause Relocate Start 0.007ms
[30.465s][info][gc,phases   ] GC(139) Concurrent Relocate 2.796ms
[30.465s][info][gc,load     ] GC(139) Load: 0.00/0.00/0.00
[30.465s][info][gc,mmu      ] GC(139) MMU: 2ms/96.7%, 5ms/98.7%, 10ms/99.3%, 20ms/99.7%, 50ms/99.8%, 100ms/99.9%
[30.465s][info][gc,marking  ] GC(139) Mark: 8 stripe(s), 3 proactive flush(es), 1 terminate flush(es), 0 completion(s), 0 continuation(s) 
[30.465s][info][gc,marking  ] GC(139) Mark Stack Usage: 32M
[30.465s][info][gc,nmethod  ] GC(139) NMethods: 4700 registered, 196 unregistered
[30.465s][info][gc,metaspace] GC(139) Metaspace: 58M used, 59M committed, 1088M reserved
[30.465s][info][gc,ref      ] GC(139) Soft: 3055 encountered, 0 discovered, 0 enqueued
[30.465s][info][gc,ref      ] GC(139) Weak: 5889 encountered, 632 discovered, 14 enqueued
[30.465s][info][gc,ref      ] GC(139) Final: 60 encountered, 0 discovered, 0 enqueued
[30.465s][info][gc,ref      ] GC(139) Phantom: 608 encountered, 455 discovered, 0 enqueued
[30.465s][info][gc,reloc    ] GC(139) Small Pages: 252 / 504M, Empty: 268M, Relocated: 3M, In-Place: 0
[30.465s][info][gc,reloc    ] GC(139) Medium Pages: 1 / 32M, Empty: 0M, Relocated: 0M, In-Place: 0
[30.465s][info][gc,reloc    ] GC(139) Large Pages: 2 / 12M, Empty: 0M, Relocated: 0M, In-Place: 0
[30.465s][info][gc,reloc    ] GC(139) Forwarding Usage: 1M
[30.465s][info][gc,heap     ] GC(139) Min Capacity: 8M(1%)
[30.465s][info][gc,heap     ] GC(139) Max Capacity: 1024M(100%)
[30.465s][info][gc,heap     ] GC(139) Soft Max Capacity: 1024M(100%)
[30.465s][info][gc,heap     ] GC(139)                Mark Start          Mark End        Relocate Start      Relocate End           High               Low         
[30.465s][info][gc,heap     ] GC(139)  Capacity:     1024M (100%)       1024M (100%)       1024M (100%)       1024M (100%)       1024M (100%)       1024M (100%)   
[30.465s][info][gc,heap     ] GC(139)      Free:      476M (46%)         336M (33%)         590M (58%)         604M (59%)         604M (59%)         328M (32%)    
[30.465s][info][gc,heap     ] GC(139)      Used:      548M (54%)         688M (67%)         434M (42%)         420M (41%)         696M (68%)         420M (41%)    
[30.465s][info][gc,heap     ] GC(139)      Live:         -               203M (20%)         203M (20%)         203M (20%)            -                  -          
[30.465s][info][gc,heap     ] GC(139) Allocated:         -               140M (14%)         154M (15%)         157M (15%)            -                  -          
[30.465s][info][gc,heap     ] GC(139)   Garbage:         -               344M (34%)          76M (7%)           58M (6%)             -                  -          
[30.465s][info][gc,heap     ] GC(139) Reclaimed:         -                  -               268M (26%)         285M (28%)            -                  -          
[30.465s][info][gc          ] GC(139) Garbage Collection (Allocation Rate) 548M(54%)->420M(41%)
[30.502s][info][gc,start    ] GC(140) Garbage Collection (Allocation Rate)
[30.502s][info][gc,task     ] GC(140) Using 8 workers
[30.502s][info][gc,phases   ] GC(140) Pause Mark Start 0.015ms
[30.565s][info][gc,phases   ] GC(140) Concurrent Mark 62.145ms
[30.565s][info][gc,phases   ] GC(140) Pause Mark End 0.026ms
[30.565s][info][gc,phases   ] GC(140) Concurrent Mark Free 0.001ms
[30.567s][info][gc,phases   ] GC(140) Concurrent Process Non-Strong References 1.659ms
[30.567s][info][gc,phases   ] GC(140) Concurrent Reset Relocation Set 0.002ms
[30.570s][info][gc,phases   ] GC(140) Concurrent Select Relocation Set 3.559ms
[30.570s][info][gc,phases   ] GC(140) Pause Relocate Start 0.008ms
[30.572s][info][gc,phases   ] GC(140) Concurrent Relocate 1.798ms
[30.572s][info][gc,load     ] GC(140) Load: 0.00/0.00/0.00
[30.572s][info][gc,mmu      ] GC(140) MMU: 2ms/96.7%, 5ms/98.7%, 10ms/99.3%, 20ms/99.7%, 50ms/99.8%, 100ms/99.9%
[30.572s][info][gc,marking  ] GC(140) Mark: 8 stripe(s), 2 proactive flush(es), 1 terminate flush(es), 0 completion(s), 0 continuation(s) 
[30.572s][info][gc,marking  ] GC(140) Mark Stack Usage: 32M
[30.572s][info][gc,nmethod  ] GC(140) NMethods: 4700 registered, 196 unregistered
[30.572s][info][gc,metaspace] GC(140) Metaspace: 58M used, 59M committed, 1088M reserved
[30.572s][info][gc,ref      ] GC(140) Soft: 3055 encountered, 0 discovered, 0 enqueued
[30.572s][info][gc,ref      ] GC(140) Weak: 5875 encountered, 1550 discovered, 0 enqueued
[30.572s][info][gc,ref      ] GC(140) Final: 60 encountered, 36 discovered, 0 enqueued
[30.572s][info][gc,ref      ] GC(140) Phantom: 608 encountered, 374 discovered, 0 enqueued
[30.573s][info][gc,reloc    ] GC(140) Small Pages: 233 / 466M, Empty: 234M, Relocated: 3M, In-Place: 0
[30.573s][info][gc,reloc    ] GC(140) Medium Pages: 1 / 32M, Empty: 0M, Relocated: 0M, In-Place: 0
[30.573s][info][gc,reloc    ] GC(140) Large Pages: 2 / 12M, Empty: 0M, Relocated: 0M, In-Place: 0
[30.573s][info][gc,reloc    ] GC(140) Forwarding Usage: 1M
[30.573s][info][gc,heap     ] GC(140) Min Capacity: 8M(1%)
[30.573s][info][gc,heap     ] GC(140) Max Capacity: 1024M(100%)
[30.573s][info][gc,heap     ] GC(140) Soft Max Capacity: 1024M(100%)
[30.573s][info][gc,heap     ] GC(140)                Mark Start          Mark End        Relocate Start      Relocate End           High               Low         
[30.573s][info][gc,heap     ] GC(140)  Capacity:     1024M (100%)       1024M (100%)       1024M (100%)       1024M (100%)       1024M (100%)       1024M (100%)   
[30.573s][info][gc,heap     ] GC(140)      Free:      514M (50%)         368M (36%)         590M (58%)         598M (58%)         600M (59%)         364M (36%)    
[30.573s][info][gc,heap     ] GC(140)      Used:      510M (50%)         656M (64%)         434M (42%)         426M (42%)         660M (64%)         424M (41%)    
[30.573s][info][gc,heap     ] GC(140)      Live:         -               203M (20%)         203M (20%)         203M (20%)            -                  -          
[30.573s][info][gc,heap     ] GC(140) Allocated:         -               146M (14%)         158M (15%)         163M (16%)            -                  -          
[30.573s][info][gc,heap     ] GC(140)   Garbage:         -               306M (30%)          72M (7%)           58M (6%)             -                  -          
[30.573s][info][gc,heap     ] GC(140) Reclaimed:         -                  -               234M (23%)         247M (24%)            -                  -          
[30.573s][info][gc          ] GC(140) Garbage Collection (Allocation Rate) 510M(50%)->426M(42%)
[30.596s][info][gc,start    ] GC(141) Garbage Collection (Allocation Rate)
[30.596s][info][gc,task     ] GC(141) Using 8 workers
[30.596s][info][gc,phases   ] GC(141) Pause Mark Start 0.011ms
[30.665s][info][gc,phases   ] GC(141) Concurrent Mark 69.059ms
[30.665s][info][gc,phases   ] GC(141) Pause Mark End 0.031ms
[30.665s][info][gc,phases   ] GC(141) Concurrent Mark Free 0.001ms
[30.667s][info][gc,phases   ] GC(141) Concurrent Process Non-Strong References 1.960ms
[30.668s][info][gc,phases   ] GC(141) Concurrent Reset Relocation Set 0.003ms
[30.671s][info][gc,phases   ] GC(141) Concurrent Select Relocation Set 3.575ms
[30.671s][info][gc,phases   ] GC(141) Pause Relocate Start 0.007ms
[30.675s][info][gc,phases   ] GC(141) Concurrent Relocate 3.547ms
[30.675s][info][gc,load     ] GC(141) Load: 0.00/0.00/0.00
[30.675s][info][gc,mmu      ] GC(141) MMU: 2ms/96.7%, 5ms/98.7%, 10ms/99.3%, 20ms/99.7%, 50ms/99.8%, 100ms/99.9%
[30.675s][info][gc,marking  ] GC(141) Mark: 8 stripe(s), 2 proactive flush(es), 1 terminate flush(es), 0 completion(s), 0 continuation(s) 
[30.675s][info][gc,marking  ] GC(141) Mark Stack Usage: 32M
[30.675s][info][gc,nmethod  ] GC(141) NMethods: 4700 registered, 196 unregistered
[30.675s][info][gc,metaspace] GC(141) Metaspace: 58M used, 59M committed, 1088M reserved
[30.675s][info][gc,ref      ] GC(141) Soft: 3055 encountered, 0 discovered, 0 enqueued
[30.675s][info][gc,ref      ] GC(141) Weak: 5875 encountered, 643 discovered, 0 enqueued
[30.675s][info][gc,ref      ] GC(141) Final: 60 encountered, 1 discovered, 0 enqueued
[30.675s][info][gc,ref      ] GC(141) Phantom: 608 encountered, 410 discovered, 0 enqueued
[30.675s][info][gc,reloc    ] GC(141) Small Pages: 222 / 444M, Empty: 210M, Relocated: 3M, In-Place: 0
[30.675s][info][gc,reloc    ] GC(141) Medium Pages: 1 / 32M, Empty: 0M, Relocated: 0M, In-Place: 0
[30.675s][info][gc,reloc    ] GC(141) Large Pages: 2 / 12M, Empty: 0M, Relocated: 0M, In-Place: 0
[30.675s][info][gc,reloc    ] GC(141) Forwarding Usage: 1M
[30.675s][info][gc,heap     ] GC(141) Min Capacity: 8M(1%)
[30.675s][info][gc,heap     ] GC(141) Max Capacity: 1024M(100%)
[30.675s][info][gc,heap     ] GC(141) Soft Max Capacity: 1024M(100%)
[30.675s][info][gc,heap     ] GC(141)                Mark Start          Mark End        Relocate Start      Relocate End           High               Low         
[30.675s][info][gc,heap     ] GC(141)  Capacity:     1024M (100%)       1024M (100%)       1024M (100%)       1024M (100%)       1024M (100%)       1024M (100%)   
[30.675s][info][gc,heap     ] GC(141)      Free:      536M (52%)         360M (35%)         554M (54%)         562M (55%)         566M (55%)         354M (35%)    
[30.675s][info][gc,heap     ] GC(141)      Used:      488M (48%)         664M (65%)         470M (46%)         462M (45%)         670M (65%)         458M (45%)    
[30.676s][info][gc,heap     ] GC(141)      Live:         -               203M (20%)         203M (20%)         203M (20%)            -                  -          
[30.676s][info][gc,heap     ] GC(141) Allocated:         -               176M (17%)         192M (19%)         199M (20%)            -                  -          
[30.676s][info][gc,heap     ] GC(141)   Garbage:         -               284M (28%)          74M (7%)           58M (6%)             -                  -          
[30.676s][info][gc,heap     ] GC(141) Reclaimed:         -                  -               210M (21%)         225M (22%)            -                  -          
[30.676s][info][gc          ] GC(141) Garbage Collection (Allocation Rate) 488M(48%)->462M(45%)
[30.696s][info][gc,start    ] GC(142) Garbage Collection (Allocation Rate)
[30.697s][info][gc,task     ] GC(142) Using 8 workers
[30.697s][info][gc,phases   ] GC(142) Pause Mark Start 0.012ms
[30.759s][info][gc,phases   ] GC(142) Concurrent Mark 62.149ms
[30.759s][info][gc,phases   ] GC(142) Pause Mark End 0.032ms
[30.759s][info][gc,phases   ] GC(142) Concurrent Mark Free 0.001ms
[30.761s][info][gc,phases   ] GC(142) Concurrent Process Non-Strong References 1.792ms
[30.761s][info][gc,phases   ] GC(142) Concurrent Reset Relocation Set 0.002ms
[30.763s][info][gc,phases   ] GC(142) Concurrent Select Relocation Set 2.349ms
[30.763s][info][gc,phases   ] GC(142) Pause Relocate Start 0.011ms
[30.766s][info][gc,phases   ] GC(142) Concurrent Relocate 2.090ms
[30.766s][info][gc,load     ] GC(142) Load: 0.00/0.00/0.00
[30.766s][info][gc,mmu      ] GC(142) MMU: 2ms/96.7%, 5ms/98.7%, 10ms/99.3%, 20ms/99.7%, 50ms/99.8%, 100ms/99.9%
[30.766s][info][gc,marking  ] GC(142) Mark: 8 stripe(s), 2 proactive flush(es), 1 terminate flush(es), 0 completion(s), 0 continuation(s) 
[30.766s][info][gc,marking  ] GC(142) Mark Stack Usage: 32M
[30.766s][info][gc,nmethod  ] GC(142) NMethods: 4700 registered, 196 unregistered
[30.766s][info][gc,metaspace] GC(142) Metaspace: 58M used, 59M committed, 1088M reserved
[30.766s][info][gc,ref      ] GC(142) Soft: 3055 encountered, 0 discovered, 0 enqueued
[30.766s][info][gc,ref      ] GC(142) Weak: 5875 encountered, 343 discovered, 0 enqueued
[30.766s][info][gc,ref      ] GC(142) Final: 60 encountered, 32 discovered, 0 enqueued
[30.766s][info][gc,ref      ] GC(142) Phantom: 608 encountered, 340 discovered, 0 enqueued
[30.766s][info][gc,reloc    ] GC(142) Small Pages: 235 / 470M, Empty: 238M, Relocated: 3M, In-Place: 0
[30.766s][info][gc,reloc    ] GC(142) Medium Pages: 1 / 32M, Empty: 0M, Relocated: 0M, In-Place: 0
[30.766s][info][gc,reloc    ] GC(142) Large Pages: 2 / 12M, Empty: 0M, Relocated: 0M, In-Place: 0
[30.766s][info][gc,reloc    ] GC(142) Forwarding Usage: 1M
[30.766s][info][gc,heap     ] GC(142) Min Capacity: 8M(1%)
[30.766s][info][gc,heap     ] GC(142) Max Capacity: 1024M(100%)
[30.766s][info][gc,heap     ] GC(142) Soft Max Capacity: 1024M(100%)
[30.766s][info][gc,heap     ] GC(142)                Mark Start          Mark End        Relocate Start      Relocate End           High               Low         
[30.766s][info][gc,heap     ] GC(142)  Capacity:     1024M (100%)       1024M (100%)       1024M (100%)       1024M (100%)       1024M (100%)       1024M (100%)   
[30.766s][info][gc,heap     ] GC(142)      Free:      510M (50%)         360M (35%)         588M (57%)         598M (58%)         600M (59%)         356M (35%)    
[30.766s][info][gc,heap     ] GC(142)      Used:      514M (50%)         664M (65%)         436M (43%)         426M (42%)         668M (65%)         424M (41%)    
[30.766s][info][gc,heap     ] GC(142)      Live:         -               203M (20%)         203M (20%)         203M (20%)            -                  -          
[30.766s][info][gc,heap     ] GC(142) Allocated:         -               150M (15%)         160M (16%)         163M (16%)            -                  -          
[30.766s][info][gc,heap     ] GC(142)   Garbage:         -               310M (30%)          72M (7%)           58M (6%)             -                  -          
[30.766s][info][gc,heap     ] GC(142) Reclaimed:         -                  -               238M (23%)         251M (25%)            -                  -          
[30.766s][info][gc          ] GC(142) Garbage Collection (Allocation Rate) 514M(50%)->426M(42%)
[30.806s][info][gc,start    ] GC(143) Garbage Collection (Allocation Rate)
[30.806s][info][gc,task     ] GC(143) Using 8 workers
[30.806s][info][gc,phases   ] GC(143) Pause Mark Start 0.011ms
[30.868s][info][gc,phases   ] GC(143) Concurrent Mark 62.190ms
[30.868s][info][gc,phases   ] GC(143) Pause Mark End 0.032ms
[30.869s][info][gc,phases   ] GC(143) Concurrent Mark Free 0.001ms
[30.870s][info][gc,phases   ] GC(143) Concurrent Process Non-Strong References 1.784ms
[30.870s][info][gc,phases   ] GC(143) Concurrent Reset Relocation Set 0.002ms
[30.874s][info][gc,phases   ] GC(143) Concurrent Select Relocation Set 3.574ms
[30.874s][info][gc,phases   ] GC(143) Pause Relocate Start 0.007ms
[30.878s][info][gc,phases   ] GC(143) Concurrent Relocate 3.698ms
[30.878s][info][gc,load     ] GC(143) Load: 0.00/0.00/0.00
[30.878s][info][gc,mmu      ] GC(143) MMU: 2ms/96.7%, 5ms/98.7%, 10ms/99.3%, 20ms/99.7%, 50ms/99.8%, 100ms/99.9%
[30.878s][info][gc,marking  ] GC(143) Mark: 8 stripe(s), 2 proactive flush(es), 1 terminate flush(es), 0 completion(s), 0 continuation(s) 
[30.878s][info][gc,marking  ] GC(143) Mark Stack Usage: 32M
[30.878s][info][gc,nmethod  ] GC(143) NMethods: 4700 registered, 196 unregistered
[30.878s][info][gc,metaspace] GC(143) Metaspace: 58M used, 59M committed, 1088M reserved
[30.878s][info][gc,ref      ] GC(143) Soft: 3055 encountered, 0 discovered, 0 enqueued
[30.878s][info][gc,ref      ] GC(143) Weak: 5875 encountered, 858 discovered, 0 enqueued
[30.878s][info][gc,ref      ] GC(143) Final: 60 encountered, 1 discovered, 0 enqueued
[30.878s][info][gc,ref      ] GC(143) Phantom: 608 encountered, 448 discovered, 0 enqueued
[30.878s][info][gc,reloc    ] GC(143) Small Pages: 239 / 478M, Empty: 244M, Relocated: 3M, In-Place: 0
[30.878s][info][gc,reloc    ] GC(143) Medium Pages: 1 / 32M, Empty: 0M, Relocated: 0M, In-Place: 0
[30.878s][info][gc,reloc    ] GC(143) Large Pages: 2 / 12M, Empty: 0M, Relocated: 0M, In-Place: 0
[30.878s][info][gc,reloc    ] GC(143) Forwarding Usage: 1M
[30.878s][info][gc,heap     ] GC(143) Min Capacity: 8M(1%)
[30.878s][info][gc,heap     ] GC(143) Max Capacity: 1024M(100%)
[30.878s][info][gc,heap     ] GC(143) Soft Max Capacity: 1024M(100%)
[30.878s][info][gc,heap     ] GC(143)                Mark Start          Mark End        Relocate Start      Relocate End           High               Low         
[30.878s][info][gc,heap     ] GC(143)  Capacity:     1024M (100%)       1024M (100%)       1024M (100%)       1024M (100%)       1024M (100%)       1024M (100%)   
[30.878s][info][gc,heap     ] GC(143)      Free:      502M (49%)         354M (35%)         586M (57%)         592M (58%)         598M (58%)         350M (34%)    
[30.879s][info][gc,heap     ] GC(143)      Used:      522M (51%)         670M (65%)         438M (43%)         432M (42%)         674M (66%)         426M (42%)    
[30.879s][info][gc,heap     ] GC(143)      Live:         -               203M (20%)         203M (20%)         203M (20%)            -                  -          
[30.879s][info][gc,heap     ] GC(143) Allocated:         -               148M (14%)         160M (16%)         169M (17%)            -                  -          
[30.879s][info][gc,heap     ] GC(143)   Garbage:         -               318M (31%)          74M (7%)           58M (6%)             -                  -          
[30.879s][info][gc,heap     ] GC(143) Reclaimed:         -                  -               244M (24%)         259M (25%)            -                  -          
[30.879s][info][gc          ] GC(143) Garbage Collection (Allocation Rate) 522M(51%)->432M(42%)
[30.900s][info][gc,start    ] GC(144) Garbage Collection (Allocation Rate)
[30.900s][info][gc,task     ] GC(144) Using 8 workers
[30.900s][info][gc,phases   ] GC(144) Pause Mark Start 0.009ms
[30.978s][info][gc,phases   ] GC(144) Concurrent Mark 77.849ms
[30.978s][info][gc,phases   ] GC(144) Pause Mark End 0.022ms
[30.978s][info][gc,phases   ] GC(144) Concurrent Mark Free 0.002ms
[30.980s][info][gc,phases   ] GC(144) Concurrent Process Non-Strong References 2.104ms
[30.980s][info][gc,phases   ] GC(144) Concurrent Reset Relocation Set 0.002ms
[30.985s][info][gc,phases   ] GC(144) Concurrent Select Relocation Set 5.071ms
[30.985s][info][gc,phases   ] GC(144) Pause Relocate Start 0.009ms
[30.988s][info][gc,phases   ] GC(144) Concurrent Relocate 3.039ms
[30.988s][info][gc,load     ] GC(144) Load: 0.00/0.00/0.00
[30.989s][info][gc,mmu      ] GC(144) MMU: 2ms/96.7%, 5ms/98.7%, 10ms/99.3%, 20ms/99.7%, 50ms/99.8%, 100ms/99.9%
[30.989s][info][gc,marking  ] GC(144) Mark: 8 stripe(s), 2 proactive flush(es), 1 terminate flush(es), 0 completion(s), 0 continuation(s) 
[30.989s][info][gc,marking  ] GC(144) Mark Stack Usage: 32M
[30.989s][info][gc,nmethod  ] GC(144) NMethods: 4700 registered, 196 unregistered
[30.989s][info][gc,metaspace] GC(144) Metaspace: 58M used, 59M committed, 1088M reserved
[30.989s][info][gc,ref      ] GC(144) Soft: 3055 encountered, 0 discovered, 0 enqueued
[30.989s][info][gc,ref      ] GC(144) Weak: 5875 encountered, 793 discovered, 0 enqueued
[30.989s][info][gc,ref      ] GC(144) Final: 60 encountered, 4 discovered, 0 enqueued
[30.989s][info][gc,ref      ] GC(144) Phantom: 608 encountered, 459 discovered, 0 enqueued
[30.989s][info][gc,reloc    ] GC(144) Small Pages: 222 / 444M, Empty: 216M, Relocated: 3M, In-Place: 0
[30.989s][info][gc,reloc    ] GC(144) Medium Pages: 1 / 32M, Empty: 0M, Relocated: 0M, In-Place: 0
[30.989s][info][gc,reloc    ] GC(144) Large Pages: 2 / 12M, Empty: 0M, Relocated: 0M, In-Place: 0
[30.989s][info][gc,reloc    ] GC(144) Forwarding Usage: 1M
[30.989s][info][gc,heap     ] GC(144) Min Capacity: 8M(1%)
[30.989s][info][gc,heap     ] GC(144) Max Capacity: 1024M(100%)
[30.989s][info][gc,heap     ] GC(144) Soft Max Capacity: 1024M(100%)
[30.989s][info][gc,heap     ] GC(144)                Mark Start          Mark End        Relocate Start      Relocate End           High               Low         
[30.989s][info][gc,heap     ] GC(144)  Capacity:     1024M (100%)       1024M (100%)       1024M (100%)       1024M (100%)       1024M (100%)       1024M (100%)   
[30.989s][info][gc,heap     ] GC(144)      Free:      536M (52%)         328M (32%)         526M (51%)         526M (51%)         536M (52%)         322M (31%)    
[30.989s][info][gc,heap     ] GC(144)      Used:      488M (48%)         696M (68%)         498M (49%)         498M (49%)         702M (69%)         488M (48%)    
[30.989s][info][gc,heap     ] GC(144)      Live:         -               203M (20%)         203M (20%)         203M (20%)            -                  -          
[30.989s][info][gc,heap     ] GC(144) Allocated:         -               208M (20%)         226M (22%)         235M (23%)            -                  -          
[30.989s][info][gc,heap     ] GC(144)   Garbage:         -               284M (28%)          68M (7%)           58M (6%)             -                  -          
[30.989s][info][gc,heap     ] GC(144) Reclaimed:         -                  -               216M (21%)         225M (22%)            -                  -          
[30.989s][info][gc          ] GC(144) Garbage Collection (Allocation Rate) 488M(48%)->498M(49%)
[30.993s][info][gc,start    ] GC(145) Garbage Collection (Allocation Rate)
[30.993s][info][gc,task     ] GC(145) Using 8 workers
[30.993s][info][gc,phases   ] GC(145) Pause Mark Start 0.008ms
[31.053s][info][gc,phases   ] GC(145) Concurrent Mark 59.659ms
[31.053s][info][gc,phases   ] GC(145) Pause Mark End 0.023ms
[31.053s][info][gc,phases   ] GC(145) Concurrent Mark Free 0.001ms
[31.055s][info][gc,phases   ] GC(145) Concurrent Process Non-Strong References 1.638ms
[31.055s][info][gc,phases   ] GC(145) Concurrent Reset Relocation Set 0.002ms
[31.059s][info][gc,phases   ] GC(145) Concurrent Select Relocation Set 3.556ms
[31.059s][info][gc,phases   ] GC(145) Pause Relocate Start 0.008ms
[31.061s][info][gc,phases   ] GC(145) Concurrent Relocate 1.965ms
[31.061s][info][gc,load     ] GC(145) Load: 0.00/0.00/0.00
[31.061s][info][gc,mmu      ] GC(145) MMU: 2ms/96.7%, 5ms/98.7%, 10ms/99.3%, 20ms/99.7%, 50ms/99.8%, 100ms/99.9%
[31.061s][info][gc,marking  ] GC(145) Mark: 8 stripe(s), 3 proactive flush(es), 1 terminate flush(es), 0 completion(s), 0 continuation(s) 
[31.061s][info][gc,marking  ] GC(145) Mark Stack Usage: 32M
[31.061s][info][gc,nmethod  ] GC(145) NMethods: 4703 registered, 196 unregistered
[31.061s][info][gc,metaspace] GC(145) Metaspace: 58M used, 59M committed, 1088M reserved
[31.061s][info][gc,ref      ] GC(145) Soft: 3055 encountered, 0 discovered, 0 enqueued
[31.061s][info][gc,ref      ] GC(145) Weak: 5875 encountered, 1403 discovered, 0 enqueued
[31.061s][info][gc,ref      ] GC(145) Final: 60 encountered, 5 discovered, 0 enqueued
[31.061s][info][gc,ref      ] GC(145) Phantom: 608 encountered, 439 discovered, 0 enqueued
[31.061s][info][gc,reloc    ] GC(145) Small Pages: 234 / 468M, Empty: 240M, Relocated: 3M, In-Place: 0
[31.061s][info][gc,reloc    ] GC(145) Medium Pages: 1 / 32M, Empty: 0M, Relocated: 0M, In-Place: 0
[31.061s][info][gc,reloc    ] GC(145) Large Pages: 2 / 12M, Empty: 0M, Relocated: 0M, In-Place: 0
[31.061s][info][gc,reloc    ] GC(145) Forwarding Usage: 1M
[31.061s][info][gc,heap     ] GC(145) Min Capacity: 8M(1%)
[31.061s][info][gc,heap     ] GC(145) Max Capacity: 1024M(100%)
[31.061s][info][gc,heap     ] GC(145) Soft Max Capacity: 1024M(100%)
[31.061s][info][gc,heap     ] GC(145)                Mark Start          Mark End        Relocate Start      Relocate End           High               Low         
[31.061s][info][gc,heap     ] GC(145)  Capacity:     1024M (100%)       1024M (100%)       1024M (100%)       1024M (100%)       1024M (100%)       1024M (100%)   
[31.061s][info][gc,heap     ] GC(145)      Free:      512M (50%)         344M (34%)         572M (56%)         580M (57%)         580M (57%)         340M (33%)    
[31.061s][info][gc,heap     ] GC(145)      Used:      512M (50%)         680M (66%)         452M (44%)         444M (43%)         684M (67%)         444M (43%)    
[31.062s][info][gc,heap     ] GC(145)      Live:         -               203M (20%)         203M (20%)         203M (20%)            -                  -          
[31.062s][info][gc,heap     ] GC(145) Allocated:         -               168M (16%)         180M (18%)         181M (18%)            -                  -          
[31.062s][info][gc,heap     ] GC(145)   Garbage:         -               308M (30%)          68M (7%)           58M (6%)             -                  -          
[31.062s][info][gc,heap     ] GC(145) Reclaimed:         -                  -               240M (23%)         249M (24%)            -                  -          
[31.062s][info][gc          ] GC(145) Garbage Collection (Allocation Rate) 512M(50%)->444M(43%)
[31.091s][info][gc,start    ] GC(146) Garbage Collection (System.gc())
[31.091s][info][gc,task     ] GC(146) Using 10 workers
[31.092s][info][gc,phases   ] GC(146) Pause Mark Start 0.015ms
[31.149s][info][gc,phases   ] GC(146) Concurrent Mark 57.019ms
[31.149s][info][gc,phases   ] GC(146) Pause Mark End 0.018ms
[31.149s][info][gc,phases   ] GC(146) Concurrent Mark Free 0.001ms
[31.151s][info][gc,phases   ] GC(146) Concurrent Process Non-Strong References 1.829ms
[31.151s][info][gc,phases   ] GC(146) Concurrent Reset Relocation Set 0.002ms
[31.156s][info][gc,phases   ] GC(146) Concurrent Select Relocation Set 5.093ms
[31.156s][info][gc,phases   ] GC(146) Pause Relocate Start 0.008ms
[31.158s][info][gc,phases   ] GC(146) Concurrent Relocate 2.114ms
[31.158s][info][gc,load     ] GC(146) Load: 0.00/0.00/0.00
[31.158s][info][gc,mmu      ] GC(146) MMU: 2ms/96.7%, 5ms/98.7%, 10ms/99.3%, 20ms/99.7%, 50ms/99.8%, 100ms/99.9%
[31.158s][info][gc,marking  ] GC(146) Mark: 8 stripe(s), 2 proactive flush(es), 1 terminate flush(es), 0 completion(s), 0 continuation(s) 
[31.158s][info][gc,marking  ] GC(146) Mark Stack Usage: 32M
[31.158s][info][gc,nmethod  ] GC(146) NMethods: 4738 registered, 201 unregistered
[31.158s][info][gc,metaspace] GC(146) Metaspace: 58M used, 59M committed, 1088M reserved
[31.158s][info][gc,ref      ] GC(146) Soft: 3053 encountered, 0 discovered, 0 enqueued
[31.159s][info][gc,ref      ] GC(146) Weak: 5935 encountered, 694 discovered, 121 enqueued
[31.159s][info][gc,ref      ] GC(146) Final: 60 encountered, 1 discovered, 0 enqueued
[31.159s][info][gc,ref      ] GC(146) Phantom: 608 encountered, 495 discovered, 0 enqueued
[31.159s][info][gc,reloc    ] GC(146) Small Pages: 206 / 412M, Empty: 176M, Relocated: 3M, In-Place: 0
[31.159s][info][gc,reloc    ] GC(146) Medium Pages: 1 / 32M, Empty: 0M, Relocated: 0M, In-Place: 0
[31.159s][info][gc,reloc    ] GC(146) Large Pages: 3 / 18M, Empty: 6M, Relocated: 0M, In-Place: 0
[31.159s][info][gc,reloc    ] GC(146) Forwarding Usage: 1M
[31.159s][info][gc,heap     ] GC(146) Min Capacity: 8M(1%)
[31.159s][info][gc,heap     ] GC(146) Max Capacity: 1024M(100%)
[31.159s][info][gc,heap     ] GC(146) Soft Max Capacity: 1024M(100%)
[31.159s][info][gc,heap     ] GC(146)                Mark Start          Mark End        Relocate Start      Relocate End           High               Low         
[31.159s][info][gc,heap     ] GC(146)  Capacity:     1024M (100%)       1024M (100%)       1024M (100%)       1024M (100%)       1024M (100%)       1024M (100%)   
[31.159s][info][gc,heap     ] GC(146)      Free:      562M (55%)         560M (55%)         738M (72%)         752M (73%)         752M (73%)         560M (55%)    
[31.159s][info][gc,heap     ] GC(146)      Used:      462M (45%)         464M (45%)         286M (28%)         272M (27%)         464M (45%)         272M (27%)    
[31.159s][info][gc,heap     ] GC(146)      Live:         -               203M (20%)         203M (20%)         203M (20%)            -                  -          
[31.159s][info][gc,heap     ] GC(146) Allocated:         -                 2M (0%)            6M (1%)            6M (1%)             -                  -          
[31.159s][info][gc,heap     ] GC(146)   Garbage:         -               258M (25%)          76M (7%)           62M (6%)             -                  -          
[31.159s][info][gc,heap     ] GC(146) Reclaimed:         -                  -               182M (18%)         196M (19%)            -                  -          
[31.159s][info][gc          ] GC(146) Garbage Collection (System.gc()) 462M(45%)->272M(27%)
[31.297s][info][gc,start    ] GC(147) Garbage Collection (Allocation Rate)
[31.297s][info][gc,task     ] GC(147) Using 7 workers
[31.298s][info][gc,phases   ] GC(147) Pause Mark Start 0.017ms
[31.375s][info][gc,phases   ] GC(147) Concurrent Mark 77.685ms
[31.375s][info][gc,phases   ] GC(147) Pause Mark End 0.019ms
[31.376s][info][gc,phases   ] GC(147) Concurrent Mark Free 0.001ms
[31.378s][info][gc,phases   ] GC(147) Concurrent Process Non-Strong References 2.688ms
[31.378s][info][gc,phases   ] GC(147) Concurrent Reset Relocation Set 0.002ms
[31.384s][info][gc,phases   ] GC(147) Concurrent Select Relocation Set 5.584ms
[31.384s][info][gc,phases   ] GC(147) Pause Relocate Start 0.010ms
[31.388s][info][gc,phases   ] GC(147) Concurrent Relocate 3.740ms
[31.388s][info][gc,load     ] GC(147) Load: 0.00/0.00/0.00
[31.388s][info][gc,mmu      ] GC(147) MMU: 2ms/96.7%, 5ms/98.7%, 10ms/99.3%, 20ms/99.7%, 50ms/99.8%, 100ms/99.9%
[31.388s][info][gc,marking  ] GC(147) Mark: 4 stripe(s), 2 proactive flush(es), 1 terminate flush(es), 0 completion(s), 0 continuation(s) 
[31.388s][info][gc,marking  ] GC(147) Mark Stack Usage: 32M
[31.388s][info][gc,nmethod  ] GC(147) NMethods: 4712 registered, 293 unregistered
[31.388s][info][gc,metaspace] GC(147) Metaspace: 58M used, 59M committed, 1088M reserved
[31.388s][info][gc,ref      ] GC(147) Soft: 3055 encountered, 0 discovered, 0 enqueued
[31.388s][info][gc,ref      ] GC(147) Weak: 5981 encountered, 227 discovered, 75 enqueued
[31.388s][info][gc,ref      ] GC(147) Final: 60 encountered, 0 discovered, 0 enqueued
[31.388s][info][gc,ref      ] GC(147) Phantom: 608 encountered, 268 discovered, 0 enqueued
[31.388s][info][gc,reloc    ] GC(147) Small Pages: 234 / 468M, Empty: 214M, Relocated: 4M, In-Place: 0
[31.388s][info][gc,reloc    ] GC(147) Medium Pages: 2 / 64M, Empty: 32M, Relocated: 0M, In-Place: 0
[31.388s][info][gc,reloc    ] GC(147) Large Pages: 4 / 24M, Empty: 12M, Relocated: 0M, In-Place: 0
[31.388s][info][gc,reloc    ] GC(147) Forwarding Usage: 1M
[31.388s][info][gc,heap     ] GC(147) Min Capacity: 8M(1%)
[31.388s][info][gc,heap     ] GC(147) Max Capacity: 1024M(100%)
[31.388s][info][gc,heap     ] GC(147) Soft Max Capacity: 1024M(100%)
[31.388s][info][gc,heap     ] GC(147)                Mark Start          Mark End        Relocate Start      Relocate End           High               Low         
[31.389s][info][gc,heap     ] GC(147)  Capacity:     1024M (100%)       1024M (100%)       1024M (100%)       1024M (100%)       1024M (100%)       1024M (100%)   
[31.389s][info][gc,heap     ] GC(147)      Free:      468M (46%)         208M (20%)         434M (42%)         464M (45%)         468M (46%)         196M (19%)    
[31.389s][info][gc,heap     ] GC(147)      Used:      556M (54%)         816M (80%)         590M (58%)         560M (55%)         828M (81%)         556M (54%)    
[31.389s][info][gc,heap     ] GC(147)      Live:         -               203M (20%)         203M (20%)         203M (20%)            -                  -          
[31.389s][info][gc,heap     ] GC(147) Allocated:         -               260M (25%)         292M (29%)         301M (29%)            -                  -          
[31.389s][info][gc,heap     ] GC(147)   Garbage:         -               352M (34%)          94M (9%)           54M (5%)             -                  -          
[31.389s][info][gc,heap     ] GC(147) Reclaimed:         -                  -               258M (25%)         297M (29%)            -                  -          
[31.389s][info][gc          ] GC(147) Garbage Collection (Allocation Rate) 556M(54%)->560M(55%)
[31.407s][info][gc,start    ] GC(148) Garbage Collection (Allocation Rate)
[31.407s][info][gc,task     ] GC(148) Using 7 workers
[31.407s][info][gc,phases   ] GC(148) Pause Mark Start 0.014ms
[31.485s][info][gc,phases   ] GC(148) Concurrent Mark 77.708ms
[31.485s][info][gc,phases   ] GC(148) Pause Mark End 0.022ms
[31.485s][info][gc,phases   ] GC(148) Concurrent Mark Free 0.002ms
[31.487s][info][gc,phases   ] GC(148) Concurrent Process Non-Strong References 2.368ms
[31.487s][info][gc,phases   ] GC(148) Concurrent Reset Relocation Set 0.003ms
[31.491s][info][gc,phases   ] GC(148) Concurrent Select Relocation Set 3.753ms
[31.491s][info][gc,phases   ] GC(148) Pause Relocate Start 0.012ms
[31.495s][info][gc,phases   ] GC(148) Concurrent Relocate 3.393ms
[31.495s][info][gc,load     ] GC(148) Load: 0.00/0.00/0.00
[31.495s][info][gc,mmu      ] GC(148) MMU: 2ms/96.7%, 5ms/98.7%, 10ms/99.3%, 20ms/99.7%, 50ms/99.8%, 100ms/99.9%
[31.495s][info][gc,marking  ] GC(148) Mark: 4 stripe(s), 2 proactive flush(es), 1 terminate flush(es), 0 completion(s), 0 continuation(s) 
[31.495s][info][gc,marking  ] GC(148) Mark Stack Usage: 32M
[31.495s][info][gc,nmethod  ] GC(148) NMethods: 4711 registered, 294 unregistered
[31.495s][info][gc,metaspace] GC(148) Metaspace: 58M used, 59M committed, 1088M reserved
[31.495s][info][gc,ref      ] GC(148) Soft: 3055 encountered, 0 discovered, 0 enqueued
[31.495s][info][gc,ref      ] GC(148) Weak: 5908 encountered, 1855 discovered, 19 enqueued
[31.495s][info][gc,ref      ] GC(148) Final: 60 encountered, 0 discovered, 0 enqueued
[31.495s][info][gc,ref      ] GC(148) Phantom: 608 encountered, 407 discovered, 0 enqueued
[31.495s][info][gc,reloc    ] GC(148) Small Pages: 285 / 570M, Empty: 336M, Relocated: 3M, In-Place: 0
[31.495s][info][gc,reloc    ] GC(148) Medium Pages: 1 / 32M, Empty: 0M, Relocated: 0M, In-Place: 0
[31.495s][info][gc,reloc    ] GC(148) Large Pages: 2 / 12M, Empty: 0M, Relocated: 0M, In-Place: 0
[31.495s][info][gc,reloc    ] GC(148) Forwarding Usage: 1M
[31.495s][info][gc,heap     ] GC(148) Min Capacity: 8M(1%)
[31.495s][info][gc,heap     ] GC(148) Max Capacity: 1024M(100%)
[31.495s][info][gc,heap     ] GC(148) Soft Max Capacity: 1024M(100%)
[31.495s][info][gc,heap     ] GC(148)                Mark Start          Mark End        Relocate Start      Relocate End           High               Low         
[31.495s][info][gc,heap     ] GC(148)  Capacity:     1024M (100%)       1024M (100%)       1024M (100%)       1024M (100%)       1024M (100%)       1024M (100%)   
[31.495s][info][gc,heap     ] GC(148)      Free:      410M (40%)         192M (19%)         510M (50%)         520M (51%)         524M (51%)         186M (18%)    
[31.496s][info][gc,heap     ] GC(148)      Used:      614M (60%)         832M (81%)         514M (50%)         504M (49%)         838M (82%)         500M (49%)    
[31.496s][info][gc,heap     ] GC(148)      Live:         -               203M (20%)         203M (20%)         203M (20%)            -                  -          
[31.496s][info][gc,heap     ] GC(148) Allocated:         -               218M (21%)         236M (23%)         243M (24%)            -                  -          
[31.496s][info][gc,heap     ] GC(148)   Garbage:         -               410M (40%)          74M (7%)           56M (5%)             -                  -          
[31.496s][info][gc,heap     ] GC(148) Reclaimed:         -                  -               336M (33%)         353M (35%)            -                  -          
[31.496s][info][gc          ] GC(148) Garbage Collection (Allocation Rate) 614M(60%)->504M(49%)
[31.500s][info][gc,start    ] GC(149) Garbage Collection (Allocation Rate)
[31.500s][info][gc,task     ] GC(149) Using 7 workers
[31.501s][info][gc,phases   ] GC(149) Pause Mark Start 0.013ms
[31.578s][info][gc,phases   ] GC(149) Concurrent Mark 77.763ms
[31.579s][info][gc,phases   ] GC(149) Pause Mark End 0.030ms
[31.579s][info][gc,phases   ] GC(149) Concurrent Mark Free 0.001ms
[31.581s][info][gc,phases   ] GC(149) Concurrent Process Non-Strong References 2.261ms
[31.581s][info][gc,phases   ] GC(149) Concurrent Reset Relocation Set 0.003ms
[31.585s][info][gc,phases   ] GC(149) Concurrent Select Relocation Set 3.721ms
[31.585s][info][gc,phases   ] GC(149) Pause Relocate Start 0.009ms
[31.588s][info][gc,phases   ] GC(149) Concurrent Relocate 2.938ms
[31.588s][info][gc,load     ] GC(149) Load: 0.00/0.00/0.00
[31.588s][info][gc,mmu      ] GC(149) MMU: 2ms/96.7%, 5ms/98.7%, 10ms/99.3%, 20ms/99.7%, 50ms/99.8%, 100ms/99.9%
[31.588s][info][gc,marking  ] GC(149) Mark: 4 stripe(s), 2 proactive flush(es), 1 terminate flush(es), 0 completion(s), 0 continuation(s) 
[31.588s][info][gc,marking  ] GC(149) Mark Stack Usage: 32M
[31.588s][info][gc,nmethod  ] GC(149) NMethods: 4712 registered, 294 unregistered
[31.588s][info][gc,metaspace] GC(149) Metaspace: 58M used, 59M committed, 1088M reserved
[31.588s][info][gc,ref      ] GC(149) Soft: 3055 encountered, 0 discovered, 0 enqueued
[31.588s][info][gc,ref      ] GC(149) Weak: 5889 encountered, 1651 discovered, 0 enqueued
[31.588s][info][gc,ref      ] GC(149) Final: 60 encountered, 0 discovered, 0 enqueued
[31.588s][info][gc,ref      ] GC(149) Phantom: 608 encountered, 365 discovered, 0 enqueued
[31.588s][info][gc,reloc    ] GC(149) Small Pages: 236 / 472M, Empty: 242M, Relocated: 3M, In-Place: 0
[31.588s][info][gc,reloc    ] GC(149) Medium Pages: 1 / 32M, Empty: 0M, Relocated: 0M, In-Place: 0
[31.588s][info][gc,reloc    ] GC(149) Large Pages: 2 / 12M, Empty: 0M, Relocated: 0M, In-Place: 0
[31.588s][info][gc,reloc    ] GC(149) Forwarding Usage: 1M
[31.588s][info][gc,heap     ] GC(149) Min Capacity: 8M(1%)
[31.588s][info][gc,heap     ] GC(149) Max Capacity: 1024M(100%)
[31.588s][info][gc,heap     ] GC(149) Soft Max Capacity: 1024M(100%)
[31.588s][info][gc,heap     ] GC(149)                Mark Start          Mark End        Relocate Start      Relocate End           High               Low         
[31.588s][info][gc,heap     ] GC(149)  Capacity:     1024M (100%)       1024M (100%)       1024M (100%)       1024M (100%)       1024M (100%)       1024M (100%)   
[31.588s][info][gc,heap     ] GC(149)      Free:      508M (50%)         318M (31%)         544M (53%)         554M (54%)         556M (54%)         312M (30%)    
[31.589s][info][gc,heap     ] GC(149)      Used:      516M (50%)         706M (69%)         480M (47%)         470M (46%)         712M (70%)         468M (46%)    
[31.589s][info][gc,heap     ] GC(149)      Live:         -               203M (20%)         203M (20%)         203M (20%)            -                  -          
[31.589s][info][gc,heap     ] GC(149) Allocated:         -               190M (19%)         206M (20%)         209M (21%)            -                  -          
[31.589s][info][gc,heap     ] GC(149)   Garbage:         -               312M (30%)          70M (7%)           56M (5%)             -                  -          
[31.589s][info][gc,heap     ] GC(149) Reclaimed:         -                  -               242M (24%)         255M (25%)            -                  -          
[31.589s][info][gc          ] GC(149) Garbage Collection (Allocation Rate) 516M(50%)->470M(46%)
[31.594s][info][gc,start    ] GC(150) Garbage Collection (Allocation Rate)
[31.594s][info][gc,task     ] GC(150) Using 7 workers
[31.594s][info][gc,phases   ] GC(150) Pause Mark Start 0.010ms
[31.656s][info][gc,phases   ] GC(150) Concurrent Mark 62.226ms
[31.657s][info][gc,phases   ] GC(150) Pause Mark End 0.028ms
[31.657s][info][gc,phases   ] GC(150) Concurrent Mark Free 0.001ms
[31.659s][info][gc,phases   ] GC(150) Concurrent Process Non-Strong References 2.126ms
[31.659s][info][gc,phases   ] GC(150) Concurrent Reset Relocation Set 0.003ms
[31.663s][info][gc,phases   ] GC(150) Concurrent Select Relocation Set 3.727ms
[31.663s][info][gc,phases   ] GC(150) Pause Relocate Start 0.009ms
[31.665s][info][gc,phases   ] GC(150) Concurrent Relocate 1.964ms
[31.665s][info][gc,load     ] GC(150) Load: 0.00/0.00/0.00
[31.665s][info][gc,mmu      ] GC(150) MMU: 2ms/96.7%, 5ms/98.7%, 10ms/99.3%, 20ms/99.7%, 50ms/99.8%, 100ms/99.9%
[31.665s][info][gc,marking  ] GC(150) Mark: 4 stripe(s), 2 proactive flush(es), 1 terminate flush(es), 0 completion(s), 0 continuation(s) 
[31.665s][info][gc,marking  ] GC(150) Mark Stack Usage: 32M
[31.665s][info][gc,nmethod  ] GC(150) NMethods: 4711 registered, 295 unregistered
[31.665s][info][gc,metaspace] GC(150) Metaspace: 58M used, 59M committed, 1088M reserved
[31.665s][info][gc,ref      ] GC(150) Soft: 3055 encountered, 0 discovered, 0 enqueued
[31.665s][info][gc,ref      ] GC(150) Weak: 5889 encountered, 2124 discovered, 0 enqueued
[31.665s][info][gc,ref      ] GC(150) Final: 60 encountered, 0 discovered, 0 enqueued
[31.665s][info][gc,ref      ] GC(150) Phantom: 608 encountered, 461 discovered, 0 enqueued
[31.665s][info][gc,reloc    ] GC(150) Small Pages: 219 / 438M, Empty: 214M, Relocated: 3M, In-Place: 0
[31.665s][info][gc,reloc    ] GC(150) Medium Pages: 1 / 32M, Empty: 0M, Relocated: 0M, In-Place: 0
[31.665s][info][gc,reloc    ] GC(150) Large Pages: 2 / 12M, Empty: 0M, Relocated: 0M, In-Place: 0
[31.665s][info][gc,reloc    ] GC(150) Forwarding Usage: 1M
[31.665s][info][gc,heap     ] GC(150) Min Capacity: 8M(1%)
[31.665s][info][gc,heap     ] GC(150) Max Capacity: 1024M(100%)
[31.665s][info][gc,heap     ] GC(150) Soft Max Capacity: 1024M(100%)
[31.665s][info][gc,heap     ] GC(150)                Mark Start          Mark End        Relocate Start      Relocate End           High               Low         
[31.665s][info][gc,heap     ] GC(150)  Capacity:     1024M (100%)       1024M (100%)       1024M (100%)       1024M (100%)       1024M (100%)       1024M (100%)   
[31.665s][info][gc,heap     ] GC(150)      Free:      542M (53%)         422M (41%)         624M (61%)         628M (61%)         628M (61%)         418M (41%)    
[31.665s][info][gc,heap     ] GC(150)      Used:      482M (47%)         602M (59%)         400M (39%)         396M (39%)         606M (59%)         396M (39%)    
[31.665s][info][gc,heap     ] GC(150)      Live:         -               203M (20%)         203M (20%)         203M (20%)            -                  -          
[31.666s][info][gc,heap     ] GC(150) Allocated:         -               120M (12%)         132M (13%)         135M (13%)            -                  -          
[31.666s][info][gc,heap     ] GC(150)   Garbage:         -               278M (27%)          64M (6%)           56M (5%)             -                  -          
[31.666s][info][gc,heap     ] GC(150) Reclaimed:         -                  -               214M (21%)         221M (22%)            -                  -          
[31.666s][info][gc          ] GC(150) Garbage Collection (Allocation Rate) 482M(47%)->396M(39%)
[31.703s][info][gc,start    ] GC(151) Garbage Collection (Allocation Rate)
[31.703s][info][gc,task     ] GC(151) Using 7 workers
[31.704s][info][gc,phases   ] GC(151) Pause Mark Start 0.015ms
[31.781s][info][gc,phases   ] GC(151) Concurrent Mark 77.737ms
[31.782s][info][gc,phases   ] GC(151) Pause Mark End 0.031ms
[31.782s][info][gc,phases   ] GC(151) Concurrent Mark Free 0.001ms
[31.784s][info][gc,phases   ] GC(151) Concurrent Process Non-Strong References 2.280ms
[31.784s][info][gc,phases   ] GC(151) Concurrent Reset Relocation Set 0.001ms
[31.787s][info][gc,phases   ] GC(151) Concurrent Select Relocation Set 2.530ms
[31.787s][info][gc,phases   ] GC(151) Pause Relocate Start 0.007ms
[31.790s][info][gc,phases   ] GC(151) Concurrent Relocate 3.797ms
[31.791s][info][gc,load     ] GC(151) Load: 0.00/0.00/0.00
[31.791s][info][gc,mmu      ] GC(151) MMU: 2ms/96.7%, 5ms/98.7%, 10ms/99.3%, 20ms/99.7%, 50ms/99.8%, 100ms/99.9%
[31.791s][info][gc,marking  ] GC(151) Mark: 4 stripe(s), 2 proactive flush(es), 1 terminate flush(es), 0 completion(s), 0 continuation(s) 
[31.791s][info][gc,marking  ] GC(151) Mark Stack Usage: 32M
[31.791s][info][gc,nmethod  ] GC(151) NMethods: 4711 registered, 296 unregistered
[31.791s][info][gc,metaspace] GC(151) Metaspace: 58M used, 59M committed, 1088M reserved
[31.791s][info][gc,ref      ] GC(151) Soft: 3055 encountered, 0 discovered, 0 enqueued
[31.791s][info][gc,ref      ] GC(151) Weak: 5889 encountered, 1848 discovered, 0 enqueued
[31.791s][info][gc,ref      ] GC(151) Final: 60 encountered, 0 discovered, 0 enqueued
[31.791s][info][gc,ref      ] GC(151) Phantom: 608 encountered, 400 discovered, 0 enqueued
[31.791s][info][gc,reloc    ] GC(151) Small Pages: 221 / 442M, Empty: 214M, Relocated: 3M, In-Place: 0
[31.791s][info][gc,reloc    ] GC(151) Medium Pages: 1 / 32M, Empty: 0M, Relocated: 0M, In-Place: 0
[31.791s][info][gc,reloc    ] GC(151) Large Pages: 2 / 12M, Empty: 0M, Relocated: 0M, In-Place: 0
[31.791s][info][gc,reloc    ] GC(151) Forwarding Usage: 1M
[31.791s][info][gc,heap     ] GC(151) Min Capacity: 8M(1%)
[31.791s][info][gc,heap     ] GC(151) Max Capacity: 1024M(100%)
[31.791s][info][gc,heap     ] GC(151) Soft Max Capacity: 1024M(100%)
[31.791s][info][gc,heap     ] GC(151)                Mark Start          Mark End        Relocate Start      Relocate End           High               Low         
[31.791s][info][gc,heap     ] GC(151)  Capacity:     1024M (100%)       1024M (100%)       1024M (100%)       1024M (100%)       1024M (100%)       1024M (100%)   
[31.791s][info][gc,heap     ] GC(151)      Free:      538M (53%)         360M (35%)         562M (55%)         566M (55%)         570M (56%)         354M (35%)    
[31.791s][info][gc,heap     ] GC(151)      Used:      486M (47%)         664M (65%)         462M (45%)         458M (45%)         670M (65%)         454M (44%)    
[31.791s][info][gc,heap     ] GC(151)      Live:         -               203M (20%)         203M (20%)         203M (20%)            -                  -          
[31.791s][info][gc,heap     ] GC(151) Allocated:         -               178M (17%)         190M (19%)         197M (19%)            -                  -          
[31.791s][info][gc,heap     ] GC(151)   Garbage:         -               282M (28%)          68M (7%)           56M (5%)             -                  -          
[31.791s][info][gc,heap     ] GC(151) Reclaimed:         -                  -               214M (21%)         225M (22%)            -                  -          
[31.791s][info][gc          ] GC(151) Garbage Collection (Allocation Rate) 486M(47%)->458M(45%)
[31.797s][info][gc,start    ] GC(152) Garbage Collection (Allocation Rate)
[31.797s][info][gc,task     ] GC(152) Using 7 workers
[31.797s][info][gc,phases   ] GC(152) Pause Mark Start 0.007ms
[31.867s][info][gc,phases   ] GC(152) Concurrent Mark 69.402ms
[31.867s][info][gc,phases   ] GC(152) Pause Mark End 0.021ms
[31.867s][info][gc,phases   ] GC(152) Concurrent Mark Free 0.001ms
[31.869s][info][gc,phases   ] GC(152) Concurrent Process Non-Strong References 1.941ms
[31.869s][info][gc,phases   ] GC(152) Concurrent Reset Relocation Set 0.001ms
[31.871s][info][gc,phases   ] GC(152) Concurrent Select Relocation Set 2.371ms
[31.871s][info][gc,phases   ] GC(152) Pause Relocate Start 0.008ms
[31.874s][info][gc,phases   ] GC(152) Concurrent Relocate 2.185ms
[31.874s][info][gc,load     ] GC(152) Load: 0.00/0.00/0.00
[31.874s][info][gc,mmu      ] GC(152) MMU: 2ms/96.7%, 5ms/98.7%, 10ms/99.3%, 20ms/99.7%, 50ms/99.8%, 100ms/99.9%
[31.874s][info][gc,marking  ] GC(152) Mark: 4 stripe(s), 2 proactive flush(es), 1 terminate flush(es), 0 completion(s), 0 continuation(s) 
[31.874s][info][gc,marking  ] GC(152) Mark Stack Usage: 32M
[31.874s][info][gc,nmethod  ] GC(152) NMethods: 4711 registered, 296 unregistered
[31.874s][info][gc,metaspace] GC(152) Metaspace: 58M used, 59M committed, 1088M reserved
[31.874s][info][gc,ref      ] GC(152) Soft: 3055 encountered, 0 discovered, 0 enqueued
[31.874s][info][gc,ref      ] GC(152) Weak: 5889 encountered, 162 discovered, 0 enqueued
[31.874s][info][gc,ref      ] GC(152) Final: 60 encountered, 0 discovered, 0 enqueued
[31.874s][info][gc,ref      ] GC(152) Phantom: 608 encountered, 401 discovered, 0 enqueued
[31.874s][info][gc,reloc    ] GC(152) Small Pages: 215 / 430M, Empty: 202M, Relocated: 3M, In-Place: 0
[31.874s][info][gc,reloc    ] GC(152) Medium Pages: 1 / 32M, Empty: 0M, Relocated: 0M, In-Place: 0
[31.874s][info][gc,reloc    ] GC(152) Large Pages: 2 / 12M, Empty: 0M, Relocated: 0M, In-Place: 0
[31.874s][info][gc,reloc    ] GC(152) Forwarding Usage: 1M
[31.874s][info][gc,heap     ] GC(152) Min Capacity: 8M(1%)
[31.874s][info][gc,heap     ] GC(152) Max Capacity: 1024M(100%)
[31.874s][info][gc,heap     ] GC(152) Soft Max Capacity: 1024M(100%)
[31.874s][info][gc,heap     ] GC(152)                Mark Start          Mark End        Relocate Start      Relocate End           High               Low         
[31.874s][info][gc,heap     ] GC(152)  Capacity:     1024M (100%)       1024M (100%)       1024M (100%)       1024M (100%)       1024M (100%)       1024M (100%)   
[31.874s][info][gc,heap     ] GC(152)      Free:      550M (54%)         384M (38%)         574M (56%)         582M (57%)         584M (57%)         378M (37%)    
[31.874s][info][gc,heap     ] GC(152)      Used:      474M (46%)         640M (63%)         450M (44%)         442M (43%)         646M (63%)         440M (43%)    
[31.874s][info][gc,heap     ] GC(152)      Live:         -               203M (20%)         203M (20%)         203M (20%)            -                  -          
[31.874s][info][gc,heap     ] GC(152) Allocated:         -               166M (16%)         178M (17%)         181M (18%)            -                  -          
[31.874s][info][gc,heap     ] GC(152)   Garbage:         -               270M (26%)          68M (7%)           56M (5%)             -                  -          
[31.874s][info][gc,heap     ] GC(152) Reclaimed:         -                  -               202M (20%)         213M (21%)            -                  -          
[31.874s][info][gc          ] GC(152) Garbage Collection (Allocation Rate) 474M(46%)->442M(43%)
[31.898s][info][gc,start    ] GC(153) Garbage Collection (Allocation Rate)
[31.898s][info][gc,task     ] GC(153) Using 7 workers
[31.898s][info][gc,phases   ] GC(153) Pause Mark Start 0.009ms
[31.976s][info][gc,phases   ] GC(153) Concurrent Mark 77.850ms
[31.976s][info][gc,phases   ] GC(153) Pause Mark End 0.032ms
[31.976s][info][gc,phases   ] GC(153) Concurrent Mark Free 0.001ms
[31.979s][info][gc,phases   ] GC(153) Concurrent Process Non-Strong References 2.285ms
[31.979s][info][gc,phases   ] GC(153) Concurrent Reset Relocation Set 0.002ms
[31.985s][info][gc,phases   ] GC(153) Concurrent Select Relocation Set 5.999ms
[31.985s][info][gc,phases   ] GC(153) Pause Relocate Start 0.009ms
[31.988s][info][gc,phases   ] GC(153) Concurrent Relocate 3.399ms
[31.988s][info][gc,load     ] GC(153) Load: 0.00/0.00/0.00
[31.988s][info][gc,mmu      ] GC(153) MMU: 2ms/96.7%, 5ms/98.7%, 10ms/99.3%, 20ms/99.7%, 50ms/99.8%, 100ms/99.9%
[31.988s][info][gc,marking  ] GC(153) Mark: 4 stripe(s), 2 proactive flush(es), 1 terminate flush(es), 0 completion(s), 0 continuation(s) 
[31.988s][info][gc,marking  ] GC(153) Mark Stack Usage: 32M
[31.988s][info][gc,nmethod  ] GC(153) NMethods: 4711 registered, 296 unregistered
[31.988s][info][gc,metaspace] GC(153) Metaspace: 58M used, 59M committed, 1088M reserved
[31.989s][info][gc,ref      ] GC(153) Soft: 3055 encountered, 0 discovered, 0 enqueued
[31.989s][info][gc,ref      ] GC(153) Weak: 5889 encountered, 240 discovered, 0 enqueued
[31.989s][info][gc,ref      ] GC(153) Final: 60 encountered, 0 discovered, 0 enqueued
[31.989s][info][gc,ref      ] GC(153) Phantom: 608 encountered, 401 discovered, 0 enqueued
[31.989s][info][gc,reloc    ] GC(153) Small Pages: 225 / 450M, Empty: 224M, Relocated: 3M, In-Place: 0
[31.989s][info][gc,reloc    ] GC(153) Medium Pages: 1 / 32M, Empty: 0M, Relocated: 0M, In-Place: 0
[31.989s][info][gc,reloc    ] GC(153) Large Pages: 2 / 12M, Empty: 0M, Relocated: 0M, In-Place: 0
[31.989s][info][gc,reloc    ] GC(153) Forwarding Usage: 1M
[31.989s][info][gc,heap     ] GC(153) Min Capacity: 8M(1%)
[31.989s][info][gc,heap     ] GC(153) Max Capacity: 1024M(100%)
[31.989s][info][gc,heap     ] GC(153) Soft Max Capacity: 1024M(100%)
[31.989s][info][gc,heap     ] GC(153)                Mark Start          Mark End        Relocate Start      Relocate End           High               Low         
[31.989s][info][gc,heap     ] GC(153)  Capacity:     1024M (100%)       1024M (100%)       1024M (100%)       1024M (100%)       1024M (100%)       1024M (100%)   
[31.989s][info][gc,heap     ] GC(153)      Free:      530M (52%)         362M (35%)         568M (55%)         570M (56%)         574M (56%)         356M (35%)    
[31.989s][info][gc,heap     ] GC(153)      Used:      494M (48%)         662M (65%)         456M (45%)         454M (44%)         668M (65%)         450M (44%)    
[31.989s][info][gc,heap     ] GC(153)      Live:         -               203M (20%)         203M (20%)         203M (20%)            -                  -          
[31.989s][info][gc,heap     ] GC(153) Allocated:         -               168M (16%)         186M (18%)         193M (19%)            -                  -          
[31.989s][info][gc,heap     ] GC(153)   Garbage:         -               290M (28%)          66M (6%)           56M (5%)             -                  -          
[31.989s][info][gc,heap     ] GC(153) Reclaimed:         -                  -               224M (22%)         233M (23%)            -                  -          
[31.989s][info][gc          ] GC(153) Garbage Collection (Allocation Rate) 494M(48%)->454M(44%)
[32.007s][info][gc,start    ] GC(154) Garbage Collection (Allocation Rate)
[32.007s][info][gc,task     ] GC(154) Using 7 workers
[32.007s][info][gc,phases   ] GC(154) Pause Mark Start 0.010ms
[32.085s][info][gc,phases   ] GC(154) Concurrent Mark 77.830ms
[32.086s][info][gc,phases   ] GC(154) Pause Mark End 0.030ms
[32.086s][info][gc,phases   ] GC(154) Concurrent Mark Free 0.001ms
[32.088s][info][gc,phases   ] GC(154) Concurrent Process Non-Strong References 2.066ms
[32.088s][info][gc,phases   ] GC(154) Concurrent Reset Relocation Set 0.003ms
[32.092s][info][gc,phases   ] GC(154) Concurrent Select Relocation Set 3.768ms
[32.092s][info][gc,phases   ] GC(154) Pause Relocate Start 0.011ms
[32.095s][info][gc,phases   ] GC(154) Concurrent Relocate 3.365ms
[32.095s][info][gc,load     ] GC(154) Load: 0.00/0.00/0.00
[32.095s][info][gc,mmu      ] GC(154) MMU: 2ms/96.7%, 5ms/98.7%, 10ms/99.3%, 20ms/99.7%, 50ms/99.8%, 100ms/99.9%
[32.095s][info][gc,marking  ] GC(154) Mark: 4 stripe(s), 2 proactive flush(es), 1 terminate flush(es), 0 completion(s), 0 continuation(s) 
[32.095s][info][gc,marking  ] GC(154) Mark Stack Usage: 32M
[32.095s][info][gc,nmethod  ] GC(154) NMethods: 4715 registered, 296 unregistered
[32.095s][info][gc,metaspace] GC(154) Metaspace: 58M used, 59M committed, 1088M reserved
[32.095s][info][gc,ref      ] GC(154) Soft: 3055 encountered, 0 discovered, 0 enqueued
[32.095s][info][gc,ref      ] GC(154) Weak: 5889 encountered, 1359 discovered, 0 enqueued
[32.095s][info][gc,ref      ] GC(154) Final: 60 encountered, 56 discovered, 0 enqueued
[32.095s][info][gc,ref      ] GC(154) Phantom: 608 encountered, 326 discovered, 0 enqueued
[32.095s][info][gc,reloc    ] GC(154) Small Pages: 229 / 458M, Empty: 230M, Relocated: 3M, In-Place: 0
[32.096s][info][gc,reloc    ] GC(154) Medium Pages: 1 / 32M, Empty: 0M, Relocated: 0M, In-Place: 0
[32.096s][info][gc,reloc    ] GC(154) Large Pages: 2 / 12M, Empty: 0M, Relocated: 0M, In-Place: 0
[32.096s][info][gc,reloc    ] GC(154) Forwarding Usage: 1M
[32.096s][info][gc,heap     ] GC(154) Min Capacity: 8M(1%)
[32.096s][info][gc,heap     ] GC(154) Max Capacity: 1024M(100%)
[32.096s][info][gc,heap     ] GC(154) Soft Max Capacity: 1024M(100%)
[32.096s][info][gc,heap     ] GC(154)                Mark Start          Mark End        Relocate Start      Relocate End           High               Low         
[32.096s][info][gc,heap     ] GC(154)  Capacity:     1024M (100%)       1024M (100%)       1024M (100%)       1024M (100%)       1024M (100%)       1024M (100%)   
[32.096s][info][gc,heap     ] GC(154)      Free:      522M (51%)         326M (32%)         544M (53%)         550M (54%)         554M (54%)         322M (31%)    
[32.096s][info][gc,heap     ] GC(154)      Used:      502M (49%)         698M (68%)         480M (47%)         474M (46%)         702M (69%)         470M (46%)    
[32.096s][info][gc,heap     ] GC(154)      Live:         -               203M (20%)         203M (20%)         203M (20%)            -                  -          
[32.096s][info][gc,heap     ] GC(154) Allocated:         -               196M (19%)         208M (20%)         213M (21%)            -                  -          
[32.096s][info][gc,heap     ] GC(154)   Garbage:         -               298M (29%)          68M (7%)           56M (5%)             -                  -          
[32.096s][info][gc,heap     ] GC(154) Reclaimed:         -                  -               230M (22%)         241M (24%)            -                  -          
[32.096s][info][gc          ] GC(154) Garbage Collection (Allocation Rate) 502M(49%)->474M(46%)
[32.101s][info][gc,start    ] GC(155) Garbage Collection (Allocation Rate)
[32.101s][info][gc,task     ] GC(155) Using 7 workers
[32.101s][info][gc,phases   ] GC(155) Pause Mark Start 0.011ms
[32.179s][info][gc,phases   ] GC(155) Concurrent Mark 77.878ms
[32.179s][info][gc,phases   ] GC(155) Pause Mark End 0.017ms
[32.179s][info][gc,phases   ] GC(155) Concurrent Mark Free 0.001ms
[32.182s][info][gc,phases   ] GC(155) Concurrent Process Non-Strong References 2.341ms
[32.182s][info][gc,phases   ] GC(155) Concurrent Reset Relocation Set 0.002ms
[32.188s][info][gc,phases   ] GC(155) Concurrent Select Relocation Set 5.941ms
[32.188s][info][gc,phases   ] GC(155) Pause Relocate Start 0.008ms
[32.191s][info][gc,phases   ] GC(155) Concurrent Relocate 2.851ms
[32.191s][info][gc,load     ] GC(155) Load: 0.00/0.00/0.00
[32.191s][info][gc,mmu      ] GC(155) MMU: 2ms/96.7%, 5ms/98.7%, 10ms/99.3%, 20ms/99.7%, 50ms/99.8%, 100ms/99.9%
[32.191s][info][gc,marking  ] GC(155) Mark: 4 stripe(s), 2 proactive flush(es), 1 terminate flush(es), 0 completion(s), 0 continuation(s) 
[32.191s][info][gc,marking  ] GC(155) Mark Stack Usage: 32M
[32.191s][info][gc,nmethod  ] GC(155) NMethods: 4767 registered, 296 unregistered
[32.191s][info][gc,metaspace] GC(155) Metaspace: 58M used, 59M committed, 1088M reserved
[32.191s][info][gc,ref      ] GC(155) Soft: 3054 encountered, 0 discovered, 0 enqueued
[32.191s][info][gc,ref      ] GC(155) Weak: 5887 encountered, 1974 discovered, 0 enqueued
[32.191s][info][gc,ref      ] GC(155) Final: 60 encountered, 0 discovered, 0 enqueued
[32.191s][info][gc,ref      ] GC(155) Phantom: 608 encountered, 324 discovered, 0 enqueued
[32.191s][info][gc,reloc    ] GC(155) Small Pages: 220 / 440M, Empty: 210M, Relocated: 3M, In-Place: 0
[32.191s][info][gc,reloc    ] GC(155) Medium Pages: 1 / 32M, Empty: 0M, Relocated: 0M, In-Place: 0
[32.191s][info][gc,reloc    ] GC(155) Large Pages: 2 / 12M, Empty: 0M, Relocated: 0M, In-Place: 0
[32.191s][info][gc,reloc    ] GC(155) Forwarding Usage: 1M
[32.191s][info][gc,heap     ] GC(155) Min Capacity: 8M(1%)
[32.191s][info][gc,heap     ] GC(155) Max Capacity: 1024M(100%)
[32.191s][info][gc,heap     ] GC(155) Soft Max Capacity: 1024M(100%)
[32.191s][info][gc,heap     ] GC(155)                Mark Start          Mark End        Relocate Start      Relocate End           High               Low         
[32.191s][info][gc,heap     ] GC(155)  Capacity:     1024M (100%)       1024M (100%)       1024M (100%)       1024M (100%)       1024M (100%)       1024M (100%)   
[32.191s][info][gc,heap     ] GC(155)      Free:      540M (53%)         524M (51%)         734M (72%)         748M (73%)         748M (73%)         524M (51%)    
[32.191s][info][gc,heap     ] GC(155)      Used:      484M (47%)         500M (49%)         290M (28%)         276M (27%)         500M (49%)         276M (27%)    
[32.191s][info][gc,heap     ] GC(155)      Live:         -               203M (20%)         203M (20%)         203M (20%)            -                  -          
[32.192s][info][gc,heap     ] GC(155) Allocated:         -                16M (2%)           16M (2%)           16M (2%)             -                  -          
[32.192s][info][gc,heap     ] GC(155)   Garbage:         -               280M (27%)          70M (7%)           56M (5%)             -                  -          
[32.192s][info][gc,heap     ] GC(155) Reclaimed:         -                  -               210M (21%)         224M (22%)            -                  -          
[32.192s][info][gc          ] GC(155) Garbage Collection (Allocation Rate) 484M(47%)->276M(27%)
[32.192s][info][gc,start    ] GC(156) Garbage Collection (System.gc())
[32.192s][info][gc,task     ] GC(156) Using 10 workers
[32.192s][info][gc,phases   ] GC(156) Pause Mark Start 0.009ms
[32.242s][info][gc,phases   ] GC(156) Concurrent Mark 49.747ms
[32.242s][info][gc,phases   ] GC(156) Pause Mark End 0.029ms
[32.242s][info][gc,phases   ] GC(156) Concurrent Mark Free 0.001ms
[32.243s][info][gc,phases   ] GC(156) Concurrent Process Non-Strong References 1.638ms
[32.244s][info][gc,phases   ] GC(156) Concurrent Reset Relocation Set 0.001ms
[32.246s][info][gc,phases   ] GC(156) Concurrent Select Relocation Set 2.522ms
[32.246s][info][gc,phases   ] GC(156) Pause Relocate Start 0.008ms
[32.248s][info][gc,phases   ] GC(156) Concurrent Relocate 1.861ms
[32.248s][info][gc,load     ] GC(156) Load: 0.00/0.00/0.00
[32.248s][info][gc,mmu      ] GC(156) MMU: 2ms/96.7%, 5ms/98.7%, 10ms/99.3%, 20ms/99.7%, 50ms/99.8%, 100ms/99.9%
[32.248s][info][gc,marking  ] GC(156) Mark: 8 stripe(s), 1 proactive flush(es), 1 terminate flush(es), 0 completion(s), 0 continuation(s) 
[32.248s][info][gc,marking  ] GC(156) Mark Stack Usage: 32M
[32.248s][info][gc,nmethod  ] GC(156) NMethods: 4772 registered, 303 unregistered
[32.248s][info][gc,metaspace] GC(156) Metaspace: 58M used, 59M committed, 1088M reserved
[32.248s][info][gc,ref      ] GC(156) Soft: 3053 encountered, 0 discovered, 0 enqueued
[32.248s][info][gc,ref      ] GC(156) Weak: 5954 encountered, 1324 discovered, 120 enqueued
[32.248s][info][gc,ref      ] GC(156) Final: 60 encountered, 35 discovered, 0 enqueued
[32.248s][info][gc,ref      ] GC(156) Phantom: 608 encountered, 466 discovered, 0 enqueued
[32.248s][info][gc,reloc    ] GC(156) Small Pages: 113 / 226M, Empty: 2M, Relocated: 3M, In-Place: 0
[32.248s][info][gc,reloc    ] GC(156) Medium Pages: 1 / 32M, Empty: 0M, Relocated: 0M, In-Place: 0
[32.248s][info][gc,reloc    ] GC(156) Large Pages: 3 / 18M, Empty: 6M, Relocated: 0M, In-Place: 0
[32.248s][info][gc,reloc    ] GC(156) Forwarding Usage: 1M
[32.248s][info][gc,heap     ] GC(156) Min Capacity: 8M(1%)
[32.248s][info][gc,heap     ] GC(156) Max Capacity: 1024M(100%)
[32.248s][info][gc,heap     ] GC(156) Soft Max Capacity: 1024M(100%)
[32.248s][info][gc,heap     ] GC(156)                Mark Start          Mark End        Relocate Start      Relocate End           High               Low         
[32.248s][info][gc,heap     ] GC(156)  Capacity:     1024M (100%)       1024M (100%)       1024M (100%)       1024M (100%)       1024M (100%)       1024M (100%)   
[32.248s][info][gc,heap     ] GC(156)      Free:      748M (73%)         748M (73%)         750M (73%)         752M (73%)         752M (73%)         734M (72%)    
[32.248s][info][gc,heap     ] GC(156)      Used:      276M (27%)         276M (27%)         274M (27%)         272M (27%)         290M (28%)         272M (27%)    
[32.248s][info][gc,heap     ] GC(156)      Live:         -               203M (20%)         203M (20%)         203M (20%)            -                  -          
[32.248s][info][gc,heap     ] GC(156) Allocated:         -                 0M (0%)            6M (1%)            5M (1%)             -                  -          
[32.248s][info][gc,heap     ] GC(156)   Garbage:         -                72M (7%)           64M (6%)           62M (6%)             -                  -          
[32.248s][info][gc,heap     ] GC(156) Reclaimed:         -                  -                 8M (1%)            9M (1%)             -                  -          
[32.248s][info][gc          ] GC(156) Garbage Collection (System.gc()) 276M(27%)->272M(27%)
[32.408s][info][gc,start    ] GC(157) Garbage Collection (Allocation Rate)
[32.408s][info][gc,task     ] GC(157) Using 6 workers
[32.408s][info][gc,phases   ] GC(157) Pause Mark Start 0.019ms
[32.483s][info][gc,phases   ] GC(157) Concurrent Mark 74.827ms
[32.483s][info][gc,phases   ] GC(157) Pause Mark End 0.030ms
[32.484s][info][gc,phases   ] GC(157) Concurrent Mark Free 0.002ms
[32.486s][info][gc,phases   ] GC(157) Concurrent Process Non-Strong References 2.640ms
[32.486s][info][gc,phases   ] GC(157) Concurrent Reset Relocation Set 0.002ms
[32.492s][info][gc,phases   ] GC(157) Concurrent Select Relocation Set 5.704ms
[32.492s][info][gc,phases   ] GC(157) Pause Relocate Start 0.011ms
[32.495s][info][gc,phases   ] GC(157) Concurrent Relocate 2.836ms
[32.495s][info][gc,load     ] GC(157) Load: 0.00/0.00/0.00
[32.495s][info][gc,mmu      ] GC(157) MMU: 2ms/96.7%, 5ms/98.7%, 10ms/99.3%, 20ms/99.7%, 50ms/99.8%, 100ms/99.9%
[32.495s][info][gc,marking  ] GC(157) Mark: 4 stripe(s), 2 proactive flush(es), 1 terminate flush(es), 0 completion(s), 0 continuation(s) 
[32.495s][info][gc,marking  ] GC(157) Mark Stack Usage: 32M
[32.495s][info][gc,nmethod  ] GC(157) NMethods: 4818 registered, 308 unregistered
[32.495s][info][gc,metaspace] GC(157) Metaspace: 58M used, 59M committed, 1088M reserved
[32.495s][info][gc,ref      ] GC(157) Soft: 3055 encountered, 0 discovered, 0 enqueued
[32.495s][info][gc,ref      ] GC(157) Weak: 5973 encountered, 289 discovered, 73 enqueued
[32.495s][info][gc,ref      ] GC(157) Final: 60 encountered, 0 discovered, 0 enqueued
[32.495s][info][gc,ref      ] GC(157) Phantom: 608 encountered, 496 discovered, 0 enqueued
[32.495s][info][gc,reloc    ] GC(157) Small Pages: 283 / 566M, Empty: 312M, Relocated: 4M, In-Place: 0
[32.496s][info][gc,reloc    ] GC(157) Medium Pages: 2 / 64M, Empty: 32M, Relocated: 0M, In-Place: 0
[32.496s][info][gc,reloc    ] GC(157) Large Pages: 4 / 24M, Empty: 12M, Relocated: 0M, In-Place: 0
[32.496s][info][gc,reloc    ] GC(157) Forwarding Usage: 1M
[32.496s][info][gc,heap     ] GC(157) Min Capacity: 8M(1%)
[32.496s][info][gc,heap     ] GC(157) Max Capacity: 1024M(100%)
[32.496s][info][gc,heap     ] GC(157) Soft Max Capacity: 1024M(100%)
[32.496s][info][gc,heap     ] GC(157)                Mark Start          Mark End        Relocate Start      Relocate End           High               Low         
[32.496s][info][gc,heap     ] GC(157)  Capacity:     1024M (100%)       1024M (100%)       1024M (100%)       1024M (100%)       1024M (100%)       1024M (100%)   
[32.496s][info][gc,heap     ] GC(157)      Free:      370M (36%)         144M (14%)         468M (46%)         504M (49%)         504M (49%)         134M (13%)    
[32.496s][info][gc,heap     ] GC(157)      Used:      654M (64%)         880M (86%)         556M (54%)         520M (51%)         890M (87%)         520M (51%)    
[32.496s][info][gc,heap     ] GC(157)      Live:         -               203M (20%)         203M (20%)         203M (20%)            -                  -          
[32.496s][info][gc,heap     ] GC(157) Allocated:         -               226M (22%)         258M (25%)         263M (26%)            -                  -          
[32.496s][info][gc,heap     ] GC(157)   Garbage:         -               450M (44%)          94M (9%)           52M (5%)             -                  -          
[32.496s][info][gc,heap     ] GC(157) Reclaimed:         -                  -               356M (35%)         397M (39%)            -                  -          
[32.496s][info][gc          ] GC(157) Garbage Collection (Allocation Rate) 654M(64%)->520M(51%)
[32.499s][info][gc,start    ] GC(158) Garbage Collection (Allocation Rate)
[32.499s][info][gc,task     ] GC(158) Using 6 workers
[32.499s][info][gc,phases   ] GC(158) Pause Mark Start 0.011ms
[32.577s][info][gc,phases   ] GC(158) Concurrent Mark 77.824ms
[32.577s][info][gc,phases   ] GC(158) Pause Mark End 0.025ms
[32.577s][info][gc,phases   ] GC(158) Concurrent Mark Free 0.001ms
[32.580s][info][gc,phases   ] GC(158) Concurrent Process Non-Strong References 2.802ms
[32.580s][info][gc,phases   ] GC(158) Concurrent Reset Relocation Set 0.003ms
[32.584s][info][gc,phases   ] GC(158) Concurrent Select Relocation Set 3.728ms
[32.584s][info][gc,phases   ] GC(158) Pause Relocate Start 0.011ms
[32.587s][info][gc,phases   ] GC(158) Concurrent Relocate 2.976ms
[32.587s][info][gc,load     ] GC(158) Load: 0.00/0.00/0.00
[32.587s][info][gc,mmu      ] GC(158) MMU: 2ms/96.7%, 5ms/98.7%, 10ms/99.3%, 20ms/99.7%, 50ms/99.8%, 100ms/99.9%
[32.587s][info][gc,marking  ] GC(158) Mark: 4 stripe(s), 2 proactive flush(es), 1 terminate flush(es), 0 completion(s), 0 continuation(s) 
[32.587s][info][gc,marking  ] GC(158) Mark Stack Usage: 32M
[32.587s][info][gc,nmethod  ] GC(158) NMethods: 4818 registered, 308 unregistered
[32.587s][info][gc,metaspace] GC(158) Metaspace: 58M used, 59M committed, 1088M reserved
[32.587s][info][gc,ref      ] GC(158) Soft: 3055 encountered, 0 discovered, 0 enqueued
[32.587s][info][gc,ref      ] GC(158) Weak: 5901 encountered, 3030 discovered, 14 enqueued
[32.587s][info][gc,ref      ] GC(158) Final: 60 encountered, 4 discovered, 0 enqueued
[32.587s][info][gc,ref      ] GC(158) Phantom: 608 encountered, 411 discovered, 0 enqueued
[32.587s][info][gc,reloc    ] GC(158) Small Pages: 243 / 486M, Empty: 254M, Relocated: 3M, In-Place: 0
[32.587s][info][gc,reloc    ] GC(158) Medium Pages: 1 / 32M, Empty: 0M, Relocated: 0M, In-Place: 0
[32.587s][info][gc,reloc    ] GC(158) Large Pages: 2 / 12M, Empty: 0M, Relocated: 0M, In-Place: 0
[32.588s][info][gc,reloc    ] GC(158) Forwarding Usage: 1M
[32.588s][info][gc,heap     ] GC(158) Min Capacity: 8M(1%)
[32.588s][info][gc,heap     ] GC(158) Max Capacity: 1024M(100%)
[32.588s][info][gc,heap     ] GC(158) Soft Max Capacity: 1024M(100%)
[32.588s][info][gc,heap     ] GC(158)                Mark Start          Mark End        Relocate Start      Relocate End           High               Low         
[32.588s][info][gc,heap     ] GC(158)  Capacity:     1024M (100%)       1024M (100%)       1024M (100%)       1024M (100%)       1024M (100%)       1024M (100%)   
[32.588s][info][gc,heap     ] GC(158)      Free:      494M (48%)         318M (31%)         558M (54%)         568M (55%)         572M (56%)         312M (30%)    
[32.588s][info][gc,heap     ] GC(158)      Used:      530M (52%)         706M (69%)         466M (46%)         456M (45%)         712M (70%)         452M (44%)    
[32.588s][info][gc,heap     ] GC(158)      Live:         -               203M (20%)         203M (20%)         203M (20%)            -                  -          
[32.588s][info][gc,heap     ] GC(158) Allocated:         -               176M (17%)         190M (19%)         197M (19%)            -                  -          
[32.588s][info][gc,heap     ] GC(158)   Garbage:         -               326M (32%)          72M (7%)           54M (5%)             -                  -          
[32.588s][info][gc,heap     ] GC(158) Reclaimed:         -                  -               254M (25%)         271M (27%)            -                  -          
[32.588s][info][gc          ] GC(158) Garbage Collection (Allocation Rate) 530M(52%)->456M(45%)
[32.608s][info][gc,start    ] GC(159) Garbage Collection (Allocation Rate)
[32.608s][info][gc,task     ] GC(159) Using 6 workers
[32.608s][info][gc,phases   ] GC(159) Pause Mark Start 0.011ms
[32.686s][info][gc,phases   ] GC(159) Concurrent Mark 77.783ms
[32.687s][info][gc,phases   ] GC(159) Pause Mark End 0.030ms
[32.687s][info][gc,phases   ] GC(159) Concurrent Mark Free 0.001ms
[32.689s][info][gc,phases   ] GC(159) Concurrent Process Non-Strong References 2.665ms
[32.689s][info][gc,phases   ] GC(159) Concurrent Reset Relocation Set 0.002ms
[32.693s][info][gc,phases   ] GC(159) Concurrent Select Relocation Set 3.684ms
[32.693s][info][gc,phases   ] GC(159) Pause Relocate Start 0.009ms
[32.696s][info][gc,phases   ] GC(159) Concurrent Relocate 2.811ms
[32.696s][info][gc,load     ] GC(159) Load: 0.00/0.00/0.00
[32.696s][info][gc,mmu      ] GC(159) MMU: 2ms/96.7%, 5ms/98.7%, 10ms/99.3%, 20ms/99.7%, 50ms/99.8%, 100ms/99.9%
[32.696s][info][gc,marking  ] GC(159) Mark: 4 stripe(s), 2 proactive flush(es), 1 terminate flush(es), 0 completion(s), 0 continuation(s) 
[32.696s][info][gc,marking  ] GC(159) Mark Stack Usage: 32M
[32.696s][info][gc,nmethod  ] GC(159) NMethods: 4818 registered, 308 unregistered
[32.696s][info][gc,metaspace] GC(159) Metaspace: 58M used, 59M committed, 1088M reserved
[32.696s][info][gc,ref      ] GC(159) Soft: 3055 encountered, 0 discovered, 0 enqueued
[32.696s][info][gc,ref      ] GC(159) Weak: 5887 encountered, 1915 discovered, 0 enqueued
[32.696s][info][gc,ref      ] GC(159) Final: 60 encountered, 5 discovered, 0 enqueued
[32.696s][info][gc,ref      ] GC(159) Phantom: 608 encountered, 480 discovered, 0 enqueued
[32.696s][info][gc,reloc    ] GC(159) Small Pages: 233 / 466M, Empty: 240M, Relocated: 3M, In-Place: 0
[32.697s][info][gc,reloc    ] GC(159) Medium Pages: 1 / 32M, Empty: 0M, Relocated: 0M, In-Place: 0
[32.697s][info][gc,reloc    ] GC(159) Large Pages: 2 / 12M, Empty: 0M, Relocated: 0M, In-Place: 0
[32.697s][info][gc,reloc    ] GC(159) Forwarding Usage: 1M
[32.697s][info][gc,heap     ] GC(159) Min Capacity: 8M(1%)
[32.697s][info][gc,heap     ] GC(159) Max Capacity: 1024M(100%)
[32.697s][info][gc,heap     ] GC(159) Soft Max Capacity: 1024M(100%)
[32.697s][info][gc,heap     ] GC(159)                Mark Start          Mark End        Relocate Start      Relocate End           High               Low         
[32.697s][info][gc,heap     ] GC(159)  Capacity:     1024M (100%)       1024M (100%)       1024M (100%)       1024M (100%)       1024M (100%)       1024M (100%)   
[32.697s][info][gc,heap     ] GC(159)      Free:      514M (50%)         316M (31%)         538M (53%)         544M (53%)         548M (54%)         308M (30%)    
[32.697s][info][gc,heap     ] GC(159)      Used:      510M (50%)         708M (69%)         486M (47%)         480M (47%)         716M (70%)         476M (46%)    
[32.697s][info][gc,heap     ] GC(159)      Live:         -               203M (20%)         203M (20%)         203M (20%)            -                  -          
[32.697s][info][gc,heap     ] GC(159) Allocated:         -               198M (19%)         216M (21%)         221M (22%)            -                  -          
[32.697s][info][gc,heap     ] GC(159)   Garbage:         -               306M (30%)          66M (6%)           54M (5%)             -                  -          
[32.697s][info][gc,heap     ] GC(159) Reclaimed:         -                  -               240M (23%)         251M (25%)            -                  -          
[32.697s][info][gc          ] GC(159) Garbage Collection (Allocation Rate) 510M(50%)->480M(47%)
[32.702s][info][gc,start    ] GC(160) Garbage Collection (Allocation Rate)
[32.702s][info][gc,task     ] GC(160) Using 6 workers
[32.702s][info][gc,phases   ] GC(160) Pause Mark Start 0.010ms
[32.780s][info][gc,phases   ] GC(160) Concurrent Mark 77.901ms
[32.780s][info][gc,phases   ] GC(160) Pause Mark End 0.030ms
[32.780s][info][gc,phases   ] GC(160) Concurrent Mark Free 0.001ms
[32.783s][info][gc,phases   ] GC(160) Concurrent Process Non-Strong References 2.534ms
[32.783s][info][gc,phases   ] GC(160) Concurrent Reset Relocation Set 0.003ms
[32.787s][info][gc,phases   ] GC(160) Concurrent Select Relocation Set 3.659ms
[32.787s][info][gc,phases   ] GC(160) Pause Relocate Start 0.008ms
[32.790s][info][gc,phases   ] GC(160) Concurrent Relocate 3.229ms
[32.790s][info][gc,load     ] GC(160) Load: 0.00/0.00/0.00
[32.790s][info][gc,mmu      ] GC(160) MMU: 2ms/96.7%, 5ms/98.7%, 10ms/99.3%, 20ms/99.7%, 50ms/99.8%, 100ms/99.9%
[32.790s][info][gc,marking  ] GC(160) Mark: 4 stripe(s), 2 proactive flush(es), 1 terminate flush(es), 0 completion(s), 0 continuation(s) 
[32.790s][info][gc,marking  ] GC(160) Mark Stack Usage: 32M
[32.790s][info][gc,nmethod  ] GC(160) NMethods: 4818 registered, 308 unregistered
[32.790s][info][gc,metaspace] GC(160) Metaspace: 58M used, 59M committed, 1088M reserved
[32.790s][info][gc,ref      ] GC(160) Soft: 3055 encountered, 0 discovered, 0 enqueued
[32.790s][info][gc,ref      ] GC(160) Weak: 5887 encountered, 3200 discovered, 0 enqueued
[32.790s][info][gc,ref      ] GC(160) Final: 60 encountered, 2 discovered, 0 enqueued
[32.790s][info][gc,ref      ] GC(160) Phantom: 608 encountered, 320 discovered, 0 enqueued
[32.790s][info][gc,reloc    ] GC(160) Small Pages: 226 / 452M, Empty: 226M, Relocated: 3M, In-Place: 0
[32.790s][info][gc,reloc    ] GC(160) Medium Pages: 1 / 32M, Empty: 0M, Relocated: 0M, In-Place: 0
[32.790s][info][gc,reloc    ] GC(160) Large Pages: 2 / 12M, Empty: 0M, Relocated: 0M, In-Place: 0
[32.790s][info][gc,reloc    ] GC(160) Forwarding Usage: 1M
[32.791s][info][gc,heap     ] GC(160) Min Capacity: 8M(1%)
[32.791s][info][gc,heap     ] GC(160) Max Capacity: 1024M(100%)
[32.791s][info][gc,heap     ] GC(160) Soft Max Capacity: 1024M(100%)
[32.791s][info][gc,heap     ] GC(160)                Mark Start          Mark End        Relocate Start      Relocate End           High               Low         
[32.791s][info][gc,heap     ] GC(160)  Capacity:     1024M (100%)       1024M (100%)       1024M (100%)       1024M (100%)       1024M (100%)       1024M (100%)   
[32.791s][info][gc,heap     ] GC(160)      Free:      528M (52%)         332M (32%)         544M (53%)         550M (54%)         552M (54%)         326M (32%)    
[32.791s][info][gc,heap     ] GC(160)      Used:      496M (48%)         692M (68%)         480M (47%)         474M (46%)         698M (68%)         472M (46%)    
[32.791s][info][gc,heap     ] GC(160)      Live:         -               203M (20%)         203M (20%)         203M (20%)            -                  -          
[32.791s][info][gc,heap     ] GC(160) Allocated:         -               196M (19%)         210M (21%)         215M (21%)            -                  -          
[32.791s][info][gc,heap     ] GC(160)   Garbage:         -               292M (29%)          66M (6%)           54M (5%)             -                  -          
[32.791s][info][gc,heap     ] GC(160) Reclaimed:         -                  -               226M (22%)         237M (23%)            -                  -          
[32.791s][info][gc          ] GC(160) Garbage Collection (Allocation Rate) 496M(48%)->474M(46%)
[32.796s][info][gc,start    ] GC(161) Garbage Collection (Allocation Rate)
[32.796s][info][gc,task     ] GC(161) Using 6 workers
[32.796s][info][gc,phases   ] GC(161) Pause Mark Start 0.010ms
[32.874s][info][gc,phases   ] GC(161) Concurrent Mark 77.869ms
[32.874s][info][gc,phases   ] GC(161) Pause Mark End 0.016ms
[32.874s][info][gc,phases   ] GC(161) Concurrent Mark Free 0.001ms
[32.876s][info][gc,phases   ] GC(161) Concurrent Process Non-Strong References 2.437ms
[32.877s][info][gc,phases   ] GC(161) Concurrent Reset Relocation Set 0.002ms
[32.880s][info][gc,phases   ] GC(161) Concurrent Select Relocation Set 3.713ms
[32.880s][info][gc,phases   ] GC(161) Pause Relocate Start 0.005ms
[32.883s][info][gc,phases   ] GC(161) Concurrent Relocate 2.466ms
[32.883s][info][gc,load     ] GC(161) Load: 0.00/0.00/0.00
[32.883s][info][gc,mmu      ] GC(161) MMU: 2ms/96.7%, 5ms/98.7%, 10ms/99.3%, 20ms/99.7%, 50ms/99.8%, 100ms/99.9%
[32.883s][info][gc,marking  ] GC(161) Mark: 4 stripe(s), 2 proactive flush(es), 1 terminate flush(es), 0 completion(s), 0 continuation(s) 
[32.883s][info][gc,marking  ] GC(161) Mark Stack Usage: 32M
[32.883s][info][gc,nmethod  ] GC(161) NMethods: 4818 registered, 308 unregistered
[32.883s][info][gc,metaspace] GC(161) Metaspace: 58M used, 59M committed, 1088M reserved
[32.883s][info][gc,ref      ] GC(161) Soft: 3055 encountered, 0 discovered, 0 enqueued
[32.883s][info][gc,ref      ] GC(161) Weak: 5887 encountered, 2677 discovered, 0 enqueued
[32.883s][info][gc,ref      ] GC(161) Final: 60 encountered, 1 discovered, 0 enqueued
[32.883s][info][gc,ref      ] GC(161) Phantom: 608 encountered, 459 discovered, 0 enqueued
[32.883s][info][gc,reloc    ] GC(161) Small Pages: 222 / 444M, Empty: 216M, Relocated: 3M, In-Place: 0
[32.883s][info][gc,reloc    ] GC(161) Medium Pages: 1 / 32M, Empty: 0M, Relocated: 0M, In-Place: 0
[32.883s][info][gc,reloc    ] GC(161) Large Pages: 2 / 12M, Empty: 0M, Relocated: 0M, In-Place: 0
[32.883s][info][gc,reloc    ] GC(161) Forwarding Usage: 1M
[32.883s][info][gc,heap     ] GC(161) Min Capacity: 8M(1%)
[32.883s][info][gc,heap     ] GC(161) Max Capacity: 1024M(100%)
[32.883s][info][gc,heap     ] GC(161) Soft Max Capacity: 1024M(100%)
[32.883s][info][gc,heap     ] GC(161)                Mark Start          Mark End        Relocate Start      Relocate End           High               Low         
[32.883s][info][gc,heap     ] GC(161)  Capacity:     1024M (100%)       1024M (100%)       1024M (100%)       1024M (100%)       1024M (100%)       1024M (100%)   
[32.884s][info][gc,heap     ] GC(161)      Free:      536M (52%)         324M (32%)         528M (52%)         538M (53%)         540M (53%)         320M (31%)    
[32.884s][info][gc,heap     ] GC(161)      Used:      488M (48%)         700M (68%)         496M (48%)         486M (47%)         704M (69%)         484M (47%)    
[32.884s][info][gc,heap     ] GC(161)      Live:         -               203M (20%)         203M (20%)         203M (20%)            -                  -          
[32.884s][info][gc,heap     ] GC(161) Allocated:         -               212M (21%)         224M (22%)         227M (22%)            -                  -          
[32.884s][info][gc,heap     ] GC(161)   Garbage:         -               284M (28%)          68M (7%)           54M (5%)             -                  -          
[32.884s][info][gc,heap     ] GC(161) Reclaimed:         -                  -               216M (21%)         229M (22%)            -                  -          
[32.884s][info][gc          ] GC(161) Garbage Collection (Allocation Rate) 488M(48%)->486M(47%)
[32.905s][info][gc,start    ] GC(162) Garbage Collection (Allocation Rate)
[32.905s][info][gc,task     ] GC(162) Using 6 workers
[32.905s][info][gc,phases   ] GC(162) Pause Mark Start 0.010ms
[32.983s][info][gc,phases   ] GC(162) Concurrent Mark 77.830ms
[32.983s][info][gc,phases   ] GC(162) Pause Mark End 0.016ms
[32.983s][info][gc,phases   ] GC(162) Concurrent Mark Free 0.001ms
[32.986s][info][gc,phases   ] GC(162) Concurrent Process Non-Strong References 2.193ms
[32.986s][info][gc,phases   ] GC(162) Concurrent Reset Relocation Set 0.002ms
[32.989s][info][gc,phases   ] GC(162) Concurrent Select Relocation Set 3.717ms
[32.989s][info][gc,phases   ] GC(162) Pause Relocate Start 0.007ms
[32.992s][info][gc,phases   ] GC(162) Concurrent Relocate 2.711ms
[32.992s][info][gc,load     ] GC(162) Load: 0.00/0.00/0.00
[32.992s][info][gc,mmu      ] GC(162) MMU: 2ms/96.7%, 5ms/98.7%, 10ms/99.3%, 20ms/99.7%, 50ms/99.8%, 100ms/99.9%
[32.992s][info][gc,marking  ] GC(162) Mark: 4 stripe(s), 3 proactive flush(es), 1 terminate flush(es), 0 completion(s), 0 continuation(s) 
[32.992s][info][gc,marking  ] GC(162) Mark Stack Usage: 32M
[32.992s][info][gc,nmethod  ] GC(162) NMethods: 4820 registered, 308 unregistered
[32.992s][info][gc,metaspace] GC(162) Metaspace: 58M used, 59M committed, 1088M reserved
[32.992s][info][gc,ref      ] GC(162) Soft: 3055 encountered, 0 discovered, 0 enqueued
[32.992s][info][gc,ref      ] GC(162) Weak: 5887 encountered, 584 discovered, 0 enqueued
[32.993s][info][gc,ref      ] GC(162) Final: 60 encountered, 0 discovered, 0 enqueued
[32.993s][info][gc,ref      ] GC(162) Phantom: 608 encountered, 417 discovered, 0 enqueued
[32.993s][info][gc,reloc    ] GC(162) Small Pages: 248 / 496M, Empty: 270M, Relocated: 3M, In-Place: 0
[32.993s][info][gc,reloc    ] GC(162) Medium Pages: 1 / 32M, Empty: 0M, Relocated: 0M, In-Place: 0
[32.993s][info][gc,reloc    ] GC(162) Large Pages: 2 / 12M, Empty: 0M, Relocated: 0M, In-Place: 0
[32.993s][info][gc,reloc    ] GC(162) Forwarding Usage: 1M
[32.993s][info][gc,heap     ] GC(162) Min Capacity: 8M(1%)
[32.993s][info][gc,heap     ] GC(162) Max Capacity: 1024M(100%)
[32.993s][info][gc,heap     ] GC(162) Soft Max Capacity: 1024M(100%)
[32.993s][info][gc,heap     ] GC(162)                Mark Start          Mark End        Relocate Start      Relocate End           High               Low         
[32.993s][info][gc,heap     ] GC(162)  Capacity:     1024M (100%)       1024M (100%)       1024M (100%)       1024M (100%)       1024M (100%)       1024M (100%)   
[32.993s][info][gc,heap     ] GC(162)      Free:      484M (47%)         248M (24%)         498M (49%)         506M (49%)         508M (50%)         240M (23%)    
[32.993s][info][gc,heap     ] GC(162)      Used:      540M (53%)         776M (76%)         526M (51%)         518M (51%)         784M (77%)         516M (50%)    
[32.993s][info][gc,heap     ] GC(162)      Live:         -               203M (20%)         203M (20%)         203M (20%)            -                  -          
[32.993s][info][gc,heap     ] GC(162) Allocated:         -               236M (23%)         256M (25%)         259M (25%)            -                  -          
[32.993s][info][gc,heap     ] GC(162)   Garbage:         -               336M (33%)          66M (6%)           54M (5%)             -                  -          
[32.993s][info][gc,heap     ] GC(162) Reclaimed:         -                  -               270M (26%)         281M (28%)            -                  -          
[32.993s][info][gc          ] GC(162) Garbage Collection (Allocation Rate) 540M(53%)->518M(51%)
[32.999s][info][gc,start    ] GC(163) Garbage Collection (Allocation Rate)
[32.999s][info][gc,task     ] GC(163) Using 6 workers
[32.999s][info][gc,phases   ] GC(163) Pause Mark Start 0.007ms
[33.068s][info][gc,phases   ] GC(163) Concurrent Mark 69.076ms
[33.068s][info][gc,phases   ] GC(163) Pause Mark End 0.018ms
[33.068s][info][gc,phases   ] GC(163) Concurrent Mark Free 0.001ms
[33.071s][info][gc,phases   ] GC(163) Concurrent Process Non-Strong References 2.261ms
[33.071s][info][gc,phases   ] GC(163) Concurrent Reset Relocation Set 0.002ms
[33.074s][info][gc,phases   ] GC(163) Concurrent Select Relocation Set 3.642ms
[33.074s][info][gc,phases   ] GC(163) Pause Relocate Start 0.006ms
[33.079s][info][gc,phases   ] GC(163) Concurrent Relocate 4.464ms
[33.079s][info][gc,load     ] GC(163) Load: 0.00/0.00/0.00
[33.079s][info][gc,mmu      ] GC(163) MMU: 2ms/96.7%, 5ms/98.7%, 10ms/99.3%, 20ms/99.7%, 50ms/99.8%, 100ms/99.9%
[33.079s][info][gc,marking  ] GC(163) Mark: 4 stripe(s), 3 proactive flush(es), 1 terminate flush(es), 0 completion(s), 0 continuation(s) 
[33.079s][info][gc,marking  ] GC(163) Mark Stack Usage: 32M
[33.079s][info][gc,nmethod  ] GC(163) NMethods: 4820 registered, 308 unregistered
[33.079s][info][gc,metaspace] GC(163) Metaspace: 58M used, 59M committed, 1088M reserved
[33.079s][info][gc,ref      ] GC(163) Soft: 3055 encountered, 0 discovered, 0 enqueued
[33.079s][info][gc,ref      ] GC(163) Weak: 5887 encountered, 2978 discovered, 0 enqueued
[33.079s][info][gc,ref      ] GC(163) Final: 60 encountered, 2 discovered, 0 enqueued
[33.079s][info][gc,ref      ] GC(163) Phantom: 608 encountered, 412 discovered, 0 enqueued
[33.079s][info][gc,reloc    ] GC(163) Small Pages: 243 / 486M, Empty: 260M, Relocated: 3M, In-Place: 0
[33.079s][info][gc,reloc    ] GC(163) Medium Pages: 1 / 32M, Empty: 0M, Relocated: 0M, In-Place: 0
[33.079s][info][gc,reloc    ] GC(163) Large Pages: 2 / 12M, Empty: 0M, Relocated: 0M, In-Place: 0
[33.079s][info][gc,reloc    ] GC(163) Forwarding Usage: 1M
[33.079s][info][gc,heap     ] GC(163) Min Capacity: 8M(1%)
[33.079s][info][gc,heap     ] GC(163) Max Capacity: 1024M(100%)
[33.079s][info][gc,heap     ] GC(163) Soft Max Capacity: 1024M(100%)
[33.079s][info][gc,heap     ] GC(163)                Mark Start          Mark End        Relocate Start      Relocate End           High               Low         
[33.079s][info][gc,heap     ] GC(163)  Capacity:     1024M (100%)       1024M (100%)       1024M (100%)       1024M (100%)       1024M (100%)       1024M (100%)   
[33.079s][info][gc,heap     ] GC(163)      Free:      494M (48%)         378M (37%)         628M (61%)         628M (61%)         638M (62%)         376M (37%)    
[33.080s][info][gc,heap     ] GC(163)      Used:      530M (52%)         646M (63%)         396M (39%)         396M (39%)         648M (63%)         386M (38%)    
[33.080s][info][gc,heap     ] GC(163)      Live:         -               203M (20%)         203M (20%)         203M (20%)            -                  -          
[33.080s][info][gc,heap     ] GC(163) Allocated:         -               116M (11%)         126M (12%)         137M (13%)            -                  -          
[33.080s][info][gc,heap     ] GC(163)   Garbage:         -               326M (32%)          66M (6%)           54M (5%)             -                  -          
[33.080s][info][gc,heap     ] GC(163) Reclaimed:         -                  -               260M (25%)         271M (27%)            -                  -          
[33.080s][info][gc          ] GC(163) Garbage Collection (Allocation Rate) 530M(52%)->396M(39%)
[33.199s][info][gc,start    ] GC(164) Garbage Collection (System.gc())
[33.199s][info][gc,task     ] GC(164) Using 10 workers
[33.200s][info][gc,phases   ] GC(164) Pause Mark Start 0.015ms
[33.267s][info][gc,phases   ] GC(164) Concurrent Mark 67.783ms
[33.268s][info][gc,phases   ] GC(164) Pause Mark End 0.030ms
[33.268s][info][gc,phases   ] GC(164) Concurrent Mark Free 0.001ms
[33.270s][info][gc,phases   ] GC(164) Concurrent Process Non-Strong References 1.951ms
[33.270s][info][gc,phases   ] GC(164) Concurrent Reset Relocation Set 0.002ms
[33.274s][info][gc,phases   ] GC(164) Concurrent Select Relocation Set 3.821ms
[33.274s][info][gc,phases   ] GC(164) Pause Relocate Start 0.008ms
[33.274s][info][gc,phases   ] GC(164) Concurrent Relocate 0.695ms
[33.274s][info][gc,load     ] GC(164) Load: 0.00/0.00/0.00
[33.275s][info][gc,mmu      ] GC(164) MMU: 2ms/96.7%, 5ms/98.7%, 10ms/99.3%, 20ms/99.7%, 50ms/99.8%, 100ms/99.9%
[33.275s][info][gc,marking  ] GC(164) Mark: 8 stripe(s), 2 proactive flush(es), 1 terminate flush(es), 0 completion(s), 0 continuation(s) 
[33.275s][info][gc,marking  ] GC(164) Mark Stack Usage: 32M
[33.275s][info][gc,nmethod  ] GC(164) NMethods: 4901 registered, 314 unregistered
[33.275s][info][gc,metaspace] GC(164) Metaspace: 58M used, 59M committed, 1088M reserved
[33.275s][info][gc,ref      ] GC(164) Soft: 3053 encountered, 0 discovered, 0 enqueued
[33.275s][info][gc,ref      ] GC(164) Weak: 5948 encountered, 969 discovered, 121 enqueued
[33.275s][info][gc,ref      ] GC(164) Final: 60 encountered, 1 discovered, 0 enqueued
[33.275s][info][gc,ref      ] GC(164) Phantom: 608 encountered, 597 discovered, 0 enqueued
[33.275s][info][gc,reloc    ] GC(164) Small Pages: 274 / 548M, Empty: 318M, Relocated: 1M, In-Place: 0
[33.275s][info][gc,reloc    ] GC(164) Medium Pages: 1 / 32M, Empty: 0M, Relocated: 0M, In-Place: 0
[33.275s][info][gc,reloc    ] GC(164) Large Pages: 3 / 18M, Empty: 6M, Relocated: 0M, In-Place: 0
[33.275s][info][gc,reloc    ] GC(164) Forwarding Usage: 0M
[33.275s][info][gc,heap     ] GC(164) Min Capacity: 8M(1%)
[33.275s][info][gc,heap     ] GC(164) Max Capacity: 1024M(100%)
[33.275s][info][gc,heap     ] GC(164) Soft Max Capacity: 1024M(100%)
[33.275s][info][gc,heap     ] GC(164)                Mark Start          Mark End        Relocate Start      Relocate End           High               Low         
[33.275s][info][gc,heap     ] GC(164)  Capacity:     1024M (100%)       1024M (100%)       1024M (100%)       1024M (100%)       1024M (100%)       1024M (100%)   
[33.275s][info][gc,heap     ] GC(164)      Free:      426M (42%)         424M (41%)         744M (73%)         750M (73%)         750M (73%)         424M (41%)    
[33.275s][info][gc,heap     ] GC(164)      Used:      598M (58%)         600M (59%)         280M (27%)         274M (27%)         600M (59%)         274M (27%)    
[33.275s][info][gc,heap     ] GC(164)      Live:         -               203M (20%)         203M (20%)         203M (20%)            -                  -          
[33.275s][info][gc,heap     ] GC(164) Allocated:         -                 2M (0%)            6M (1%)            5M (1%)             -                  -          
[33.275s][info][gc,heap     ] GC(164)   Garbage:         -               394M (39%)          70M (7%)           64M (6%)             -                  -          
[33.275s][info][gc,heap     ] GC(164) Reclaimed:         -                  -               324M (32%)         329M (32%)            -                  -          
[33.275s][info][gc          ] GC(164) Garbage Collection (System.gc()) 598M(58%)->274M(27%)
[33.408s][info][gc,start    ] GC(165) Garbage Collection (Allocation Rate)
[33.408s][info][gc,task     ] GC(165) Using 8 workers
[33.408s][info][gc,phases   ] GC(165) Pause Mark Start 0.015ms
[33.470s][info][gc,phases   ] GC(165) Concurrent Mark 62.046ms
[33.471s][info][gc,phases   ] GC(165) Pause Mark End 0.025ms
[33.471s][info][gc,phases   ] GC(165) Concurrent Mark Free 0.001ms
[33.473s][info][gc,phases   ] GC(165) Concurrent Process Non-Strong References 1.817ms
[33.473s][info][gc,phases   ] GC(165) Concurrent Reset Relocation Set 0.002ms
[33.477s][info][gc,phases   ] GC(165) Concurrent Select Relocation Set 4.780ms
[33.477s][info][gc,phases   ] GC(165) Pause Relocate Start 0.008ms
[33.480s][info][gc,phases   ] GC(165) Concurrent Relocate 1.984ms
[33.480s][info][gc,load     ] GC(165) Load: 0.00/0.00/0.00
[33.480s][info][gc,mmu      ] GC(165) MMU: 2ms/96.7%, 5ms/98.7%, 10ms/99.3%, 20ms/99.7%, 50ms/99.8%, 100ms/99.9%
[33.480s][info][gc,marking  ] GC(165) Mark: 8 stripe(s), 2 proactive flush(es), 1 terminate flush(es), 0 completion(s), 0 continuation(s) 
[33.480s][info][gc,marking  ] GC(165) Mark Stack Usage: 32M
[33.480s][info][gc,nmethod  ] GC(165) NMethods: 4929 registered, 318 unregistered
[33.480s][info][gc,metaspace] GC(165) Metaspace: 58M used, 59M committed, 1088M reserved
[33.480s][info][gc,ref      ] GC(165) Soft: 3055 encountered, 0 discovered, 0 enqueued
[33.480s][info][gc,ref      ] GC(165) Weak: 5994 encountered, 461 discovered, 75 enqueued
[33.480s][info][gc,ref      ] GC(165) Final: 60 encountered, 0 discovered, 0 enqueued
[33.480s][info][gc,ref      ] GC(165) Phantom: 608 encountered, 375 discovered, 0 enqueued
[33.480s][info][gc,reloc    ] GC(165) Small Pages: 230 / 460M, Empty: 202M, Relocated: 3M, In-Place: 0
[33.480s][info][gc,reloc    ] GC(165) Medium Pages: 2 / 64M, Empty: 32M, Relocated: 0M, In-Place: 0
[33.480s][info][gc,reloc    ] GC(165) Large Pages: 4 / 24M, Empty: 12M, Relocated: 0M, In-Place: 0
[33.480s][info][gc,reloc    ] GC(165) Forwarding Usage: 1M
[33.480s][info][gc,heap     ] GC(165) Min Capacity: 8M(1%)
[33.480s][info][gc,heap     ] GC(165) Max Capacity: 1024M(100%)
[33.480s][info][gc,heap     ] GC(165) Soft Max Capacity: 1024M(100%)
[33.480s][info][gc,heap     ] GC(165)                Mark Start          Mark End        Relocate Start      Relocate End           High               Low         
[33.480s][info][gc,heap     ] GC(165)  Capacity:     1024M (100%)       1024M (100%)       1024M (100%)       1024M (100%)       1024M (100%)       1024M (100%)   
[33.480s][info][gc,heap     ] GC(165)      Free:      476M (46%)         268M (26%)         488M (48%)         524M (51%)         524M (51%)         262M (26%)    
[33.480s][info][gc,heap     ] GC(165)      Used:      548M (54%)         756M (74%)         536M (52%)         500M (49%)         762M (74%)         500M (49%)    
[33.480s][info][gc,heap     ] GC(165)      Live:         -               203M (20%)         203M (20%)         203M (20%)            -                  -          
[33.480s][info][gc,heap     ] GC(165) Allocated:         -               208M (20%)         234M (23%)         237M (23%)            -                  -          
[33.480s][info][gc,heap     ] GC(165)   Garbage:         -               344M (34%)          98M (10%)          58M (6%)             -                  -          
[33.480s][info][gc,heap     ] GC(165) Reclaimed:         -                  -               246M (24%)         285M (28%)            -                  -          
[33.480s][info][gc          ] GC(165) Garbage Collection (Allocation Rate) 548M(54%)->500M(49%)
[33.502s][info][gc,start    ] GC(166) Garbage Collection (Allocation Rate)
[33.502s][info][gc,task     ] GC(166) Using 8 workers
[33.502s][info][gc,phases   ] GC(166) Pause Mark Start 0.009ms
[33.564s][info][gc,phases   ] GC(166) Concurrent Mark 62.223ms
[33.564s][info][gc,phases   ] GC(166) Pause Mark End 0.030ms
[33.564s][info][gc,phases   ] GC(166) Concurrent Mark Free 0.001ms
[33.566s][info][gc,phases   ] GC(166) Concurrent Process Non-Strong References 1.743ms
[33.566s][info][gc,phases   ] GC(166) Concurrent Reset Relocation Set 0.002ms
[33.570s][info][gc,phases   ] GC(166) Concurrent Select Relocation Set 3.547ms
[33.570s][info][gc,phases   ] GC(166) Pause Relocate Start 0.008ms
[33.574s][info][gc,phases   ] GC(166) Concurrent Relocate 4.430ms
[33.574s][info][gc,load     ] GC(166) Load: 0.00/0.00/0.00
[33.574s][info][gc,mmu      ] GC(166) MMU: 2ms/96.7%, 5ms/98.7%, 10ms/99.3%, 20ms/99.7%, 50ms/99.8%, 100ms/99.9%
[33.574s][info][gc,marking  ] GC(166) Mark: 8 stripe(s), 2 proactive flush(es), 1 terminate flush(es), 0 completion(s), 0 continuation(s) 
[33.574s][info][gc,marking  ] GC(166) Mark Stack Usage: 32M
[33.574s][info][gc,nmethod  ] GC(166) NMethods: 4929 registered, 318 unregistered
[33.574s][info][gc,metaspace] GC(166) Metaspace: 58M used, 59M committed, 1088M reserved
[33.574s][info][gc,ref      ] GC(166) Soft: 3055 encountered, 0 discovered, 0 enqueued
[33.574s][info][gc,ref      ] GC(166) Weak: 5920 encountered, 456 discovered, 19 enqueued
[33.575s][info][gc,ref      ] GC(166) Final: 60 encountered, 52 discovered, 0 enqueued
[33.575s][info][gc,ref      ] GC(166) Phantom: 608 encountered, 279 discovered, 0 enqueued
[33.575s][info][gc,reloc    ] GC(166) Small Pages: 253 / 506M, Empty: 270M, Relocated: 3M, In-Place: 0
[33.575s][info][gc,reloc    ] GC(166) Medium Pages: 1 / 32M, Empty: 0M, Relocated: 0M, In-Place: 0
[33.575s][info][gc,reloc    ] GC(166) Large Pages: 2 / 12M, Empty: 0M, Relocated: 0M, In-Place: 0
[33.575s][info][gc,reloc    ] GC(166) Forwarding Usage: 1M
[33.575s][info][gc,heap     ] GC(166) Min Capacity: 8M(1%)
[33.575s][info][gc,heap     ] GC(166) Max Capacity: 1024M(100%)
[33.575s][info][gc,heap     ] GC(166) Soft Max Capacity: 1024M(100%)
[33.575s][info][gc,heap     ] GC(166)                Mark Start          Mark End        Relocate Start      Relocate End           High               Low         
[33.575s][info][gc,heap     ] GC(166)  Capacity:     1024M (100%)       1024M (100%)       1024M (100%)       1024M (100%)       1024M (100%)       1024M (100%)   
[33.575s][info][gc,heap     ] GC(166)      Free:      474M (46%)         344M (34%)         606M (59%)         614M (60%)         620M (61%)         342M (33%)    
[33.575s][info][gc,heap     ] GC(166)      Used:      550M (54%)         680M (66%)         418M (41%)         410M (40%)         682M (67%)         404M (39%)    
[33.575s][info][gc,heap     ] GC(166)      Live:         -               203M (20%)         203M (20%)         203M (20%)            -                  -          
[33.575s][info][gc,heap     ] GC(166) Allocated:         -               130M (13%)         138M (13%)         147M (14%)            -                  -          
[33.575s][info][gc,heap     ] GC(166)   Garbage:         -               346M (34%)          76M (7%)           58M (6%)             -                  -          
[33.575s][info][gc,heap     ] GC(166) Reclaimed:         -                  -               270M (26%)         287M (28%)            -                  -          
[33.575s][info][gc          ] GC(166) Garbage Collection (Allocation Rate) 550M(54%)->410M(40%)
[33.700s][info][gc,start    ] GC(167) Garbage Collection (Allocation Rate)
[33.700s][info][gc,task     ] GC(167) Using 10 workers
[33.700s][info][gc,phases   ] GC(167) Pause Mark Start 0.015ms
[33.763s][info][gc,phases   ] GC(167) Concurrent Mark 62.179ms
[33.763s][info][gc,phases   ] GC(167) Pause Mark End 0.019ms
[33.763s][info][gc,phases   ] GC(167) Concurrent Mark Free 0.001ms
[33.765s][info][gc,phases   ] GC(167) Concurrent Process Non-Strong References 1.707ms
[33.765s][info][gc,phases   ] GC(167) Concurrent Reset Relocation Set 0.002ms
[33.767s][info][gc,phases   ] GC(167) Concurrent Select Relocation Set 2.654ms
[33.767s][info][gc,phases   ] GC(167) Pause Relocate Start 0.008ms
[33.770s][info][gc,phases   ] GC(167) Concurrent Relocate 2.921ms
[33.770s][info][gc,load     ] GC(167) Load: 0.00/0.00/0.00
[33.770s][info][gc,mmu      ] GC(167) MMU: 2ms/96.7%, 5ms/98.7%, 10ms/99.3%, 20ms/99.7%, 50ms/99.8%, 100ms/99.9%
[33.770s][info][gc,marking  ] GC(167) Mark: 8 stripe(s), 2 proactive flush(es), 1 terminate flush(es), 0 completion(s), 0 continuation(s) 
[33.770s][info][gc,marking  ] GC(167) Mark Stack Usage: 32M
[33.770s][info][gc,nmethod  ] GC(167) NMethods: 4929 registered, 318 unregistered
[33.770s][info][gc,metaspace] GC(167) Metaspace: 58M used, 59M committed, 1088M reserved
[33.770s][info][gc,ref      ] GC(167) Soft: 3055 encountered, 0 discovered, 0 enqueued
[33.770s][info][gc,ref      ] GC(167) Weak: 5901 encountered, 298 discovered, 0 enqueued
[33.770s][info][gc,ref      ] GC(167) Final: 60 encountered, 0 discovered, 0 enqueued
[33.770s][info][gc,ref      ] GC(167) Phantom: 608 encountered, 414 discovered, 0 enqueued
[33.771s][info][gc,reloc    ] GC(167) Small Pages: 367 / 734M, Empty: 502M, Relocated: 3M, In-Place: 0
[33.771s][info][gc,reloc    ] GC(167) Medium Pages: 1 / 32M, Empty: 0M, Relocated: 0M, In-Place: 0
[33.771s][info][gc,reloc    ] GC(167) Large Pages: 2 / 12M, Empty: 0M, Relocated: 0M, In-Place: 0
[33.771s][info][gc,reloc    ] GC(167) Forwarding Usage: 1M
[33.771s][info][gc,heap     ] GC(167) Min Capacity: 8M(1%)
[33.771s][info][gc,heap     ] GC(167) Max Capacity: 1024M(100%)
[33.771s][info][gc,heap     ] GC(167) Soft Max Capacity: 1024M(100%)
[33.771s][info][gc,heap     ] GC(167)                Mark Start          Mark End        Relocate Start      Relocate End           High               Low         
[33.771s][info][gc,heap     ] GC(167)  Capacity:     1024M (100%)       1024M (100%)       1024M (100%)       1024M (100%)       1024M (100%)       1024M (100%)   
[33.771s][info][gc,heap     ] GC(167)      Free:      246M (24%)          64M (6%)          556M (54%)         560M (55%)         562M (55%)          60M (6%)     
[33.771s][info][gc,heap     ] GC(167)      Used:      778M (76%)         960M (94%)         468M (46%)         464M (45%)         964M (94%)         462M (45%)    
[33.771s][info][gc,heap     ] GC(167)      Live:         -               203M (20%)         203M (20%)         203M (20%)            -                  -          
[33.771s][info][gc,heap     ] GC(167) Allocated:         -               182M (18%)         192M (19%)         197M (19%)            -                  -          
[33.771s][info][gc,heap     ] GC(167)   Garbage:         -               574M (56%)          72M (7%)           62M (6%)             -                  -          
[33.771s][info][gc,heap     ] GC(167) Reclaimed:         -                  -               502M (49%)         511M (50%)            -                  -          
[33.771s][info][gc          ] GC(167) Garbage Collection (Allocation Rate) 778M(76%)->464M(45%)
[33.794s][info][gc,start    ] GC(168) Garbage Collection (Allocation Rate)
[33.794s][info][gc,task     ] GC(168) Using 10 workers
[33.794s][info][gc,phases   ] GC(168) Pause Mark Start 0.011ms
[33.856s][info][gc,phases   ] GC(168) Concurrent Mark 62.188ms
[33.857s][info][gc,phases   ] GC(168) Pause Mark End 0.033ms
[33.857s][info][gc,phases   ] GC(168) Concurrent Mark Free 0.001ms
[33.858s][info][gc,phases   ] GC(168) Concurrent Process Non-Strong References 1.564ms
[33.858s][info][gc,phases   ] GC(168) Concurrent Reset Relocation Set 0.002ms
[33.861s][info][gc,phases   ] GC(168) Concurrent Select Relocation Set 2.461ms
[33.861s][info][gc,phases   ] GC(168) Pause Relocate Start 0.011ms
[33.864s][info][gc,phases   ] GC(168) Concurrent Relocate 2.752ms
[33.864s][info][gc,load     ] GC(168) Load: 0.00/0.00/0.00
[33.864s][info][gc,mmu      ] GC(168) MMU: 2ms/96.7%, 5ms/98.7%, 10ms/99.3%, 20ms/99.7%, 50ms/99.8%, 100ms/99.9%
[33.864s][info][gc,marking  ] GC(168) Mark: 8 stripe(s), 2 proactive flush(es), 1 terminate flush(es), 0 completion(s), 0 continuation(s) 
[33.864s][info][gc,marking  ] GC(168) Mark Stack Usage: 32M
[33.864s][info][gc,nmethod  ] GC(168) NMethods: 4929 registered, 318 unregistered
[33.864s][info][gc,metaspace] GC(168) Metaspace: 58M used, 59M committed, 1088M reserved
[33.864s][info][gc,ref      ] GC(168) Soft: 3055 encountered, 0 discovered, 0 enqueued
[33.864s][info][gc,ref      ] GC(168) Weak: 5901 encountered, 472 discovered, 0 enqueued
[33.864s][info][gc,ref      ] GC(168) Final: 60 encountered, 0 discovered, 0 enqueued
[33.864s][info][gc,ref      ] GC(168) Phantom: 608 encountered, 410 discovered, 0 enqueued
[33.864s][info][gc,reloc    ] GC(168) Small Pages: 239 / 478M, Empty: 246M, Relocated: 3M, In-Place: 0
[33.864s][info][gc,reloc    ] GC(168) Medium Pages: 1 / 32M, Empty: 0M, Relocated: 0M, In-Place: 0
[33.864s][info][gc,reloc    ] GC(168) Large Pages: 2 / 12M, Empty: 0M, Relocated: 0M, In-Place: 0
[33.864s][info][gc,reloc    ] GC(168) Forwarding Usage: 1M
[33.864s][info][gc,heap     ] GC(168) Min Capacity: 8M(1%)
[33.864s][info][gc,heap     ] GC(168) Max Capacity: 1024M(100%)
[33.864s][info][gc,heap     ] GC(168) Soft Max Capacity: 1024M(100%)
[33.864s][info][gc,heap     ] GC(168)                Mark Start          Mark End        Relocate Start      Relocate End           High               Low         
[33.864s][info][gc,heap     ] GC(168)  Capacity:     1024M (100%)       1024M (100%)       1024M (100%)       1024M (100%)       1024M (100%)       1024M (100%)   
[33.864s][info][gc,heap     ] GC(168)      Free:      502M (49%)         352M (34%)         586M (57%)         590M (58%)         594M (58%)         348M (34%)    
[33.864s][info][gc,heap     ] GC(168)      Used:      522M (51%)         672M (66%)         438M (43%)         434M (42%)         676M (66%)         430M (42%)    
[33.864s][info][gc,heap     ] GC(168)      Live:         -               203M (20%)         203M (20%)         203M (20%)            -                  -          
[33.864s][info][gc,heap     ] GC(168) Allocated:         -               150M (15%)         162M (16%)         167M (16%)            -                  -          
[33.864s][info][gc,heap     ] GC(168)   Garbage:         -               318M (31%)          72M (7%)           62M (6%)             -                  -          
[33.864s][info][gc,heap     ] GC(168) Reclaimed:         -                  -               246M (24%)         255M (25%)            -                  -          
[33.864s][info][gc          ] GC(168) Garbage Collection (Allocation Rate) 522M(51%)->434M(42%)
[33.903s][info][gc,start    ] GC(169) Garbage Collection (Allocation Rate)
[33.903s][info][gc,task     ] GC(169) Using 10 workers
[33.903s][info][gc,phases   ] GC(169) Pause Mark Start 0.011ms
[33.966s][info][gc,phases   ] GC(169) Concurrent Mark 62.142ms
[33.966s][info][gc,phases   ] GC(169) Pause Mark End 0.019ms
[33.966s][info][gc,phases   ] GC(169) Concurrent Mark Free 0.001ms
[33.968s][info][gc,phases   ] GC(169) Concurrent Process Non-Strong References 1.613ms
[33.968s][info][gc,phases   ] GC(169) Concurrent Reset Relocation Set 0.002ms
[33.971s][info][gc,phases   ] GC(169) Concurrent Select Relocation Set 3.706ms
[33.971s][info][gc,phases   ] GC(169) Pause Relocate Start 0.008ms
[33.974s][info][gc,phases   ] GC(169) Concurrent Relocate 2.686ms
[33.974s][info][gc,load     ] GC(169) Load: 0.00/0.00/0.00
[33.974s][info][gc,mmu      ] GC(169) MMU: 2ms/96.7%, 5ms/98.7%, 10ms/99.3%, 20ms/99.7%, 50ms/99.8%, 100ms/99.9%
[33.974s][info][gc,marking  ] GC(169) Mark: 8 stripe(s), 2 proactive flush(es), 1 terminate flush(es), 0 completion(s), 0 continuation(s) 
[33.974s][info][gc,marking  ] GC(169) Mark Stack Usage: 32M
[33.974s][info][gc,nmethod  ] GC(169) NMethods: 4929 registered, 318 unregistered
[33.974s][info][gc,metaspace] GC(169) Metaspace: 58M used, 59M committed, 1088M reserved
[33.974s][info][gc,ref      ] GC(169) Soft: 3055 encountered, 0 discovered, 0 enqueued
[33.974s][info][gc,ref      ] GC(169) Weak: 5901 encountered, 2179 discovered, 0 enqueued
[33.974s][info][gc,ref      ] GC(169) Final: 60 encountered, 4 discovered, 0 enqueued
[33.974s][info][gc,ref      ] GC(169) Phantom: 608 encountered, 578 discovered, 0 enqueued
[33.975s][info][gc,reloc    ] GC(169) Small Pages: 241 / 482M, Empty: 250M, Relocated: 3M, In-Place: 0
[33.975s][info][gc,reloc    ] GC(169) Medium Pages: 1 / 32M, Empty: 0M, Relocated: 0M, In-Place: 0
[33.975s][info][gc,reloc    ] GC(169) Large Pages: 2 / 12M, Empty: 0M, Relocated: 0M, In-Place: 0
[33.975s][info][gc,reloc    ] GC(169) Forwarding Usage: 1M
[33.975s][info][gc,heap     ] GC(169) Min Capacity: 8M(1%)
[33.975s][info][gc,heap     ] GC(169) Max Capacity: 1024M(100%)
[33.975s][info][gc,heap     ] GC(169) Soft Max Capacity: 1024M(100%)
[33.975s][info][gc,heap     ] GC(169)                Mark Start          Mark End        Relocate Start      Relocate End           High               Low         
[33.975s][info][gc,heap     ] GC(169)  Capacity:     1024M (100%)       1024M (100%)       1024M (100%)       1024M (100%)       1024M (100%)       1024M (100%)   
[33.975s][info][gc,heap     ] GC(169)      Free:      498M (49%)         352M (34%)         588M (57%)         592M (58%)         596M (58%)         348M (34%)    
[33.975s][info][gc,heap     ] GC(169)      Used:      526M (51%)         672M (66%)         436M (43%)         432M (42%)         676M (66%)         428M (42%)    
[33.975s][info][gc,heap     ] GC(169)      Live:         -               203M (20%)         203M (20%)         203M (20%)            -                  -          
[33.975s][info][gc,heap     ] GC(169) Allocated:         -               146M (14%)         160M (16%)         165M (16%)            -                  -          
[33.975s][info][gc,heap     ] GC(169)   Garbage:         -               322M (31%)          72M (7%)           62M (6%)             -                  -          
[33.975s][info][gc,heap     ] GC(169) Reclaimed:         -                  -               250M (24%)         259M (25%)            -                  -          
[33.975s][info][gc          ] GC(169) Garbage Collection (Allocation Rate) 526M(51%)->432M(42%)
[34.106s][info][gc,start    ] GC(170) Garbage Collection (Allocation Rate)
[34.106s][info][gc,task     ] GC(170) Using 10 workers
[34.107s][info][gc,phases   ] GC(170) Pause Mark Start 0.015ms
[34.169s][info][gc,phases   ] GC(170) Concurrent Mark 62.085ms
[34.169s][info][gc,phases   ] GC(170) Pause Mark End 0.032ms
[34.169s][info][gc,phases   ] GC(170) Concurrent Mark Free 0.001ms
[34.171s][info][gc,phases   ] GC(170) Concurrent Process Non-Strong References 1.646ms
[34.171s][info][gc,phases   ] GC(170) Concurrent Reset Relocation Set 0.002ms
[34.175s][info][gc,phases   ] GC(170) Concurrent Select Relocation Set 3.728ms
[34.175s][info][gc,phases   ] GC(170) Pause Relocate Start 0.011ms
[34.177s][info][gc,phases   ] GC(170) Concurrent Relocate 2.699ms
[34.178s][info][gc,load     ] GC(170) Load: 0.00/0.00/0.00
[34.178s][info][gc,mmu      ] GC(170) MMU: 2ms/96.7%, 5ms/98.7%, 10ms/99.3%, 20ms/99.7%, 50ms/99.8%, 100ms/99.9%
[34.178s][info][gc,marking  ] GC(170) Mark: 8 stripe(s), 2 proactive flush(es), 1 terminate flush(es), 0 completion(s), 0 continuation(s) 
[34.178s][info][gc,marking  ] GC(170) Mark Stack Usage: 32M
[34.178s][info][gc,nmethod  ] GC(170) NMethods: 4936 registered, 318 unregistered
[34.178s][info][gc,metaspace] GC(170) Metaspace: 58M used, 59M committed, 1088M reserved
[34.178s][info][gc,ref      ] GC(170) Soft: 3055 encountered, 0 discovered, 0 enqueued
[34.178s][info][gc,ref      ] GC(170) Weak: 5901 encountered, 470 discovered, 0 enqueued
[34.178s][info][gc,ref      ] GC(170) Final: 60 encountered, 33 discovered, 0 enqueued
[34.178s][info][gc,ref      ] GC(170) Phantom: 608 encountered, 420 discovered, 0 enqueued
[34.178s][info][gc,reloc    ] GC(170) Small Pages: 366 / 732M, Empty: 498M, Relocated: 3M, In-Place: 0
[34.178s][info][gc,reloc    ] GC(170) Medium Pages: 1 / 32M, Empty: 0M, Relocated: 0M, In-Place: 0
[34.178s][info][gc,reloc    ] GC(170) Large Pages: 2 / 12M, Empty: 0M, Relocated: 0M, In-Place: 0
[34.178s][info][gc,reloc    ] GC(170) Forwarding Usage: 1M
[34.178s][info][gc,heap     ] GC(170) Min Capacity: 8M(1%)
[34.178s][info][gc,heap     ] GC(170) Max Capacity: 1024M(100%)
[34.178s][info][gc,heap     ] GC(170) Soft Max Capacity: 1024M(100%)
[34.178s][info][gc,heap     ] GC(170)                Mark Start          Mark End        Relocate Start      Relocate End           High               Low         
[34.178s][info][gc,heap     ] GC(170)  Capacity:     1024M (100%)       1024M (100%)       1024M (100%)       1024M (100%)       1024M (100%)       1024M (100%)   
[34.178s][info][gc,heap     ] GC(170)      Free:      248M (24%)         106M (10%)         596M (58%)         606M (59%)         606M (59%)         102M (10%)    
[34.178s][info][gc,heap     ] GC(170)      Used:      776M (76%)         918M (90%)         428M (42%)         418M (41%)         922M (90%)         418M (41%)    
[34.178s][info][gc,heap     ] GC(170)      Live:         -               203M (20%)         203M (20%)         203M (20%)            -                  -          
[34.178s][info][gc,heap     ] GC(170) Allocated:         -               142M (14%)         150M (15%)         151M (15%)            -                  -          
[34.178s][info][gc,heap     ] GC(170)   Garbage:         -               572M (56%)          74M (7%)           62M (6%)             -                  -          
[34.178s][info][gc,heap     ] GC(170) Reclaimed:         -                  -               498M (49%)         509M (50%)            -                  -          
[34.178s][info][gc          ] GC(170) Garbage Collection (Allocation Rate) 776M(76%)->418M(41%)
[34.205s][info][gc,start    ] GC(171) Garbage Collection (System.gc())
[34.205s][info][gc,task     ] GC(171) Using 10 workers
[34.205s][info][gc,phases   ] GC(171) Pause Mark Start 0.016ms
[34.254s][info][gc,phases   ] GC(171) Concurrent Mark 48.938ms
[34.254s][info][gc,phases   ] GC(171) Pause Mark End 0.027ms
[34.254s][info][gc,phases   ] GC(171) Concurrent Mark Free 0.001ms
[34.256s][info][gc,phases   ] GC(171) Concurrent Process Non-Strong References 1.576ms
[34.256s][info][gc,phases   ] GC(171) Concurrent Reset Relocation Set 0.002ms
[34.260s][info][gc,phases   ] GC(171) Concurrent Select Relocation Set 3.791ms
[34.260s][info][gc,phases   ] GC(171) Pause Relocate Start 0.008ms
[34.262s][info][gc,phases   ] GC(171) Concurrent Relocate 1.805ms
[34.262s][info][gc,load     ] GC(171) Load: 0.00/0.00/0.00
[34.262s][info][gc,mmu      ] GC(171) MMU: 2ms/96.7%, 5ms/98.7%, 10ms/99.3%, 20ms/99.7%, 50ms/99.8%, 100ms/99.9%
[34.262s][info][gc,marking  ] GC(171) Mark: 8 stripe(s), 2 proactive flush(es), 1 terminate flush(es), 0 completion(s), 0 continuation(s) 
[34.262s][info][gc,marking  ] GC(171) Mark Stack Usage: 32M
[34.262s][info][gc,nmethod  ] GC(171) NMethods: 4970 registered, 324 unregistered
[34.262s][info][gc,metaspace] GC(171) Metaspace: 58M used, 59M committed, 1088M reserved
[34.262s][info][gc,ref      ] GC(171) Soft: 3053 encountered, 0 discovered, 0 enqueued
[34.262s][info][gc,ref      ] GC(171) Weak: 5966 encountered, 685 discovered, 120 enqueued
[34.262s][info][gc,ref      ] GC(171) Final: 60 encountered, 0 discovered, 0 enqueued
[34.262s][info][gc,ref      ] GC(171) Phantom: 608 encountered, 475 discovered, 0 enqueued
[34.262s][info][gc,reloc    ] GC(171) Small Pages: 189 / 378M, Empty: 144M, Relocated: 3M, In-Place: 0
[34.262s][info][gc,reloc    ] GC(171) Medium Pages: 1 / 32M, Empty: 0M, Relocated: 0M, In-Place: 0
[34.262s][info][gc,reloc    ] GC(171) Large Pages: 3 / 18M, Empty: 6M, Relocated: 0M, In-Place: 0
[34.262s][info][gc,reloc    ] GC(171) Forwarding Usage: 1M
[34.262s][info][gc,heap     ] GC(171) Min Capacity: 8M(1%)
[34.262s][info][gc,heap     ] GC(171) Max Capacity: 1024M(100%)
[34.262s][info][gc,heap     ] GC(171) Soft Max Capacity: 1024M(100%)
[34.262s][info][gc,heap     ] GC(171)                Mark Start          Mark End        Relocate Start      Relocate End           High               Low         
[34.262s][info][gc,heap     ] GC(171)  Capacity:     1024M (100%)       1024M (100%)       1024M (100%)       1024M (100%)       1024M (100%)       1024M (100%)   
[34.262s][info][gc,heap     ] GC(171)      Free:      596M (58%)         594M (58%)         740M (72%)         752M (73%)         752M (73%)         594M (58%)    
[34.262s][info][gc,heap     ] GC(171)      Used:      428M (42%)         430M (42%)         284M (28%)         272M (27%)         430M (42%)         272M (27%)    
[34.262s][info][gc,heap     ] GC(171)      Live:         -               203M (20%)         203M (20%)         203M (20%)            -                  -          
[34.262s][info][gc,heap     ] GC(171) Allocated:         -                 2M (0%)            6M (1%)            6M (1%)             -                  -          
[34.263s][info][gc,heap     ] GC(171)   Garbage:         -               224M (22%)          74M (7%)           62M (6%)             -                  -          
[34.263s][info][gc,heap     ] GC(171) Reclaimed:         -                  -               150M (15%)         162M (16%)            -                  -          
[34.263s][info][gc          ] GC(171) Garbage Collection (System.gc()) 428M(42%)->272M(27%)
[34.395s][info][gc,start    ] GC(172) Garbage Collection (Allocation Rate)
[34.395s][info][gc,task     ] GC(172) Using 7 workers
[34.395s][info][gc,phases   ] GC(172) Pause Mark Start 0.018ms
[34.473s][info][gc,phases   ] GC(172) Concurrent Mark 77.689ms
[34.473s][info][gc,phases   ] GC(172) Pause Mark End 0.043ms
[34.473s][info][gc,phases   ] GC(172) Concurrent Mark Free 0.001ms
[34.476s][info][gc,phases   ] GC(172) Concurrent Process Non-Strong References 2.794ms
[34.476s][info][gc,phases   ] GC(172) Concurrent Reset Relocation Set 0.003ms
[34.481s][info][gc,phases   ] GC(172) Concurrent Select Relocation Set 5.315ms
[34.481s][info][gc,phases   ] GC(172) Pause Relocate Start 0.011ms
[34.484s][info][gc,phases   ] GC(172) Concurrent Relocate 2.736ms
[34.484s][info][gc,load     ] GC(172) Load: 0.00/0.00/0.00
[34.484s][info][gc,mmu      ] GC(172) MMU: 2ms/96.7%, 5ms/98.7%, 10ms/99.3%, 20ms/99.7%, 50ms/99.8%, 100ms/99.9%
[34.484s][info][gc,marking  ] GC(172) Mark: 4 stripe(s), 2 proactive flush(es), 1 terminate flush(es), 0 completion(s), 0 continuation(s) 
[34.484s][info][gc,marking  ] GC(172) Mark Stack Usage: 32M
[34.484s][info][gc,nmethod  ] GC(172) NMethods: 5006 registered, 329 unregistered
[34.485s][info][gc,metaspace] GC(172) Metaspace: 58M used, 59M committed, 1088M reserved
[34.485s][info][gc,ref      ] GC(172) Soft: 3055 encountered, 0 discovered, 0 enqueued
[34.485s][info][gc,ref      ] GC(172) Weak: 5987 encountered, 408 discovered, 73 enqueued
[34.485s][info][gc,ref      ] GC(172) Final: 60 encountered, 1 discovered, 0 enqueued
[34.485s][info][gc,ref      ] GC(172) Phantom: 608 encountered, 461 discovered, 0 enqueued
[34.485s][info][gc,reloc    ] GC(172) Small Pages: 209 / 418M, Empty: 164M, Relocated: 3M, In-Place: 0
[34.485s][info][gc,reloc    ] GC(172) Medium Pages: 2 / 64M, Empty: 32M, Relocated: 0M, In-Place: 0
[34.485s][info][gc,reloc    ] GC(172) Large Pages: 4 / 24M, Empty: 12M, Relocated: 0M, In-Place: 0
[34.485s][info][gc,reloc    ] GC(172) Forwarding Usage: 1M
[34.485s][info][gc,heap     ] GC(172) Min Capacity: 8M(1%)
[34.485s][info][gc,heap     ] GC(172) Max Capacity: 1024M(100%)
[34.485s][info][gc,heap     ] GC(172) Soft Max Capacity: 1024M(100%)
[34.485s][info][gc,heap     ] GC(172)                Mark Start          Mark End        Relocate Start      Relocate End           High               Low         
[34.485s][info][gc,heap     ] GC(172)  Capacity:     1024M (100%)       1024M (100%)       1024M (100%)       1024M (100%)       1024M (100%)       1024M (100%)   
[34.485s][info][gc,heap     ] GC(172)      Free:      518M (51%)         258M (25%)         434M (42%)         464M (45%)         518M (51%)         248M (24%)    
[34.485s][info][gc,heap     ] GC(172)      Used:      506M (49%)         766M (75%)         590M (58%)         560M (55%)         776M (76%)         506M (49%)    
[34.485s][info][gc,heap     ] GC(172)      Live:         -               203M (20%)         203M (20%)         203M (20%)            -                  -          
[34.485s][info][gc,heap     ] GC(172) Allocated:         -               260M (25%)         292M (29%)         299M (29%)            -                  -          
[34.485s][info][gc,heap     ] GC(172)   Garbage:         -               302M (29%)          94M (9%)           56M (5%)             -                  -          
[34.485s][info][gc,heap     ] GC(172) Reclaimed:         -                  -               208M (20%)         245M (24%)            -                  -          
[34.485s][info][gc          ] GC(172) Garbage Collection (Allocation Rate) 506M(49%)->560M(55%)
[34.504s][info][gc,start    ] GC(173) Garbage Collection (Allocation Rate)
[34.504s][info][gc,task     ] GC(173) Using 7 workers
[34.504s][info][gc,phases   ] GC(173) Pause Mark Start 0.010ms
[34.582s][info][gc,phases   ] GC(173) Concurrent Mark 77.807ms
[34.582s][info][gc,phases   ] GC(173) Pause Mark End 0.019ms
[34.582s][info][gc,phases   ] GC(173) Concurrent Mark Free 0.001ms
[34.585s][info][gc,phases   ] GC(173) Concurrent Process Non-Strong References 2.324ms
[34.585s][info][gc,phases   ] GC(173) Concurrent Reset Relocation Set 0.004ms
[34.591s][info][gc,phases   ] GC(173) Concurrent Select Relocation Set 5.737ms
[34.591s][info][gc,phases   ] GC(173) Pause Relocate Start 0.008ms
[34.594s][info][gc,phases   ] GC(173) Concurrent Relocate 3.266ms
[34.594s][info][gc,load     ] GC(173) Load: 0.00/0.00/0.00
[34.594s][info][gc,mmu      ] GC(173) MMU: 2ms/96.7%, 5ms/98.7%, 10ms/99.3%, 20ms/99.7%, 50ms/99.8%, 100ms/99.9%
[34.594s][info][gc,marking  ] GC(173) Mark: 4 stripe(s), 2 proactive flush(es), 1 terminate flush(es), 0 completion(s), 0 continuation(s) 
[34.594s][info][gc,marking  ] GC(173) Mark Stack Usage: 32M
[34.594s][info][gc,nmethod  ] GC(173) NMethods: 5006 registered, 329 unregistered
[34.594s][info][gc,metaspace] GC(173) Metaspace: 58M used, 59M committed, 1088M reserved
[34.594s][info][gc,ref      ] GC(173) Soft: 3055 encountered, 0 discovered, 0 enqueued
[34.594s][info][gc,ref      ] GC(173) Weak: 5915 encountered, 2703 discovered, 14 enqueued
[34.594s][info][gc,ref      ] GC(173) Final: 60 encountered, 0 discovered, 0 enqueued
[34.594s][info][gc,ref      ] GC(173) Phantom: 608 encountered, 591 discovered, 0 enqueued
[34.594s][info][gc,reloc    ] GC(173) Small Pages: 284 / 568M, Empty: 330M, Relocated: 3M, In-Place: 0
[34.594s][info][gc,reloc    ] GC(173) Medium Pages: 1 / 32M, Empty: 0M, Relocated: 0M, In-Place: 0
[34.594s][info][gc,reloc    ] GC(173) Large Pages: 2 / 12M, Empty: 0M, Relocated: 0M, In-Place: 0
[34.594s][info][gc,reloc    ] GC(173) Forwarding Usage: 1M
[34.594s][info][gc,heap     ] GC(173) Min Capacity: 8M(1%)
[34.595s][info][gc,heap     ] GC(173) Max Capacity: 1024M(100%)
[34.595s][info][gc,heap     ] GC(173) Soft Max Capacity: 1024M(100%)
[34.595s][info][gc,heap     ] GC(173)                Mark Start          Mark End        Relocate Start      Relocate End           High               Low         
[34.595s][info][gc,heap     ] GC(173)  Capacity:     1024M (100%)       1024M (100%)       1024M (100%)       1024M (100%)       1024M (100%)       1024M (100%)   
[34.595s][info][gc,heap     ] GC(173)      Free:      412M (40%)         232M (23%)         546M (53%)         564M (55%)         566M (55%)         226M (22%)    
[34.595s][info][gc,heap     ] GC(173)      Used:      612M (60%)         792M (77%)         478M (47%)         460M (45%)         798M (78%)         458M (45%)    
[34.595s][info][gc,heap     ] GC(173)      Live:         -               203M (20%)         203M (20%)         203M (20%)            -                  -          
[34.595s][info][gc,heap     ] GC(173) Allocated:         -               180M (18%)         196M (19%)         199M (20%)            -                  -          
[34.595s][info][gc,heap     ] GC(173)   Garbage:         -               408M (40%)          78M (8%)           56M (5%)             -                  -          
[34.595s][info][gc,heap     ] GC(173) Reclaimed:         -                  -               330M (32%)         351M (34%)            -                  -          
[34.595s][info][gc          ] GC(173) Garbage Collection (Allocation Rate) 612M(60%)->460M(45%)
[34.598s][info][gc,start    ] GC(174) Garbage Collection (Allocation Rate)
[34.598s][info][gc,task     ] GC(174) Using 7 workers
[34.598s][info][gc,phases   ] GC(174) Pause Mark Start 0.007ms
[34.660s][info][gc,phases   ] GC(174) Concurrent Mark 62.241ms
[34.660s][info][gc,phases   ] GC(174) Pause Mark End 0.027ms
[34.660s][info][gc,phases   ] GC(174) Concurrent Mark Free 0.001ms
[34.663s][info][gc,phases   ] GC(174) Concurrent Process Non-Strong References 2.184ms
[34.663s][info][gc,phases   ] GC(174) Concurrent Reset Relocation Set 0.003ms
[34.667s][info][gc,phases   ] GC(174) Concurrent Select Relocation Set 3.727ms
[34.667s][info][gc,phases   ] GC(174) Pause Relocate Start 0.012ms
[34.669s][info][gc,phases   ] GC(174) Concurrent Relocate 2.574ms
[34.669s][info][gc,load     ] GC(174) Load: 0.00/0.00/0.00
[34.669s][info][gc,mmu      ] GC(174) MMU: 2ms/96.7%, 5ms/98.7%, 10ms/99.3%, 20ms/99.7%, 50ms/99.8%, 100ms/99.9%
[34.669s][info][gc,marking  ] GC(174) Mark: 4 stripe(s), 2 proactive flush(es), 1 terminate flush(es), 0 completion(s), 0 continuation(s) 
[34.669s][info][gc,marking  ] GC(174) Mark Stack Usage: 32M
[34.669s][info][gc,nmethod  ] GC(174) NMethods: 5006 registered, 329 unregistered
[34.670s][info][gc,metaspace] GC(174) Metaspace: 58M used, 59M committed, 1088M reserved
[34.670s][info][gc,ref      ] GC(174) Soft: 3055 encountered, 0 discovered, 0 enqueued
[34.670s][info][gc,ref      ] GC(174) Weak: 5901 encountered, 2114 discovered, 0 enqueued
[34.670s][info][gc,ref      ] GC(174) Final: 60 encountered, 5 discovered, 0 enqueued
[34.670s][info][gc,ref      ] GC(174) Phantom: 608 encountered, 358 discovered, 0 enqueued
[34.670s][info][gc,reloc    ] GC(174) Small Pages: 212 / 424M, Empty: 196M, Relocated: 3M, In-Place: 0
[34.670s][info][gc,reloc    ] GC(174) Medium Pages: 1 / 32M, Empty: 0M, Relocated: 0M, In-Place: 0
[34.670s][info][gc,reloc    ] GC(174) Large Pages: 2 / 12M, Empty: 0M, Relocated: 0M, In-Place: 0
[34.670s][info][gc,reloc    ] GC(174) Forwarding Usage: 1M
[34.670s][info][gc,heap     ] GC(174) Min Capacity: 8M(1%)
[34.670s][info][gc,heap     ] GC(174) Max Capacity: 1024M(100%)
[34.670s][info][gc,heap     ] GC(174) Soft Max Capacity: 1024M(100%)
[34.670s][info][gc,heap     ] GC(174)                Mark Start          Mark End        Relocate Start      Relocate End           High               Low         
[34.670s][info][gc,heap     ] GC(174)  Capacity:     1024M (100%)       1024M (100%)       1024M (100%)       1024M (100%)       1024M (100%)       1024M (100%)   
[34.670s][info][gc,heap     ] GC(174)      Free:      556M (54%)         404M (39%)         584M (57%)         590M (58%)         592M (58%)         398M (39%)    
[34.670s][info][gc,heap     ] GC(174)      Used:      468M (46%)         620M (61%)         440M (43%)         434M (42%)         626M (61%)         432M (42%)    
[34.670s][info][gc,heap     ] GC(174)      Live:         -               203M (20%)         203M (20%)         203M (20%)            -                  -          
[34.670s][info][gc,heap     ] GC(174) Allocated:         -               152M (15%)         168M (16%)         173M (17%)            -                  -          
[34.670s][info][gc,heap     ] GC(174)   Garbage:         -               264M (26%)          68M (7%)           56M (5%)             -                  -          
[34.670s][info][gc,heap     ] GC(174) Reclaimed:         -                  -               196M (19%)         207M (20%)            -                  -          
[34.670s][info][gc          ] GC(174) Garbage Collection (Allocation Rate) 468M(46%)->434M(42%)
[34.707s][info][gc,start    ] GC(175) Garbage Collection (Allocation Rate)
[34.707s][info][gc,task     ] GC(175) Using 7 workers
[34.707s][info][gc,phases   ] GC(175) Pause Mark Start 0.014ms
[34.785s][info][gc,phases   ] GC(175) Concurrent Mark 77.763ms
[34.785s][info][gc,phases   ] GC(175) Pause Mark End 0.029ms
[34.785s][info][gc,phases   ] GC(175) Concurrent Mark Free 0.001ms
[34.788s][info][gc,phases   ] GC(175) Concurrent Process Non-Strong References 2.566ms
[34.788s][info][gc,phases   ] GC(175) Concurrent Reset Relocation Set 0.003ms
[34.792s][info][gc,phases   ] GC(175) Concurrent Select Relocation Set 3.696ms
[34.792s][info][gc,phases   ] GC(175) Pause Relocate Start 0.011ms
[34.795s][info][gc,phases   ] GC(175) Concurrent Relocate 3.015ms
[34.795s][info][gc,load     ] GC(175) Load: 0.00/0.00/0.00
[34.795s][info][gc,mmu      ] GC(175) MMU: 2ms/96.7%, 5ms/98.7%, 10ms/99.3%, 20ms/99.7%, 50ms/99.8%, 100ms/99.9%
[34.795s][info][gc,marking  ] GC(175) Mark: 4 stripe(s), 2 proactive flush(es), 1 terminate flush(es), 0 completion(s), 0 continuation(s) 
[34.795s][info][gc,marking  ] GC(175) Mark Stack Usage: 32M
[34.795s][info][gc,nmethod  ] GC(175) NMethods: 5006 registered, 329 unregistered
[34.795s][info][gc,metaspace] GC(175) Metaspace: 58M used, 59M committed, 1088M reserved
[34.795s][info][gc,ref      ] GC(175) Soft: 3055 encountered, 0 discovered, 0 enqueued
[34.795s][info][gc,ref      ] GC(175) Weak: 5901 encountered, 310 discovered, 0 enqueued
[34.795s][info][gc,ref      ] GC(175) Final: 60 encountered, 0 discovered, 0 enqueued
[34.795s][info][gc,ref      ] GC(175) Phantom: 608 encountered, 403 discovered, 0 enqueued
[34.795s][info][gc,reloc    ] GC(175) Small Pages: 242 / 484M, Empty: 254M, Relocated: 3M, In-Place: 0
[34.795s][info][gc,reloc    ] GC(175) Medium Pages: 1 / 32M, Empty: 0M, Relocated: 0M, In-Place: 0
[34.795s][info][gc,reloc    ] GC(175) Large Pages: 2 / 12M, Empty: 0M, Relocated: 0M, In-Place: 0
[34.796s][info][gc,reloc    ] GC(175) Forwarding Usage: 1M
[34.796s][info][gc,heap     ] GC(175) Min Capacity: 8M(1%)
[34.796s][info][gc,heap     ] GC(175) Max Capacity: 1024M(100%)
[34.796s][info][gc,heap     ] GC(175) Soft Max Capacity: 1024M(100%)
[34.796s][info][gc,heap     ] GC(175)                Mark Start          Mark End        Relocate Start      Relocate End           High               Low         
[34.796s][info][gc,heap     ] GC(175)  Capacity:     1024M (100%)       1024M (100%)       1024M (100%)       1024M (100%)       1024M (100%)       1024M (100%)   
[34.796s][info][gc,heap     ] GC(175)      Free:      496M (48%)         304M (30%)         542M (53%)         550M (54%)         552M (54%)         298M (29%)    
[34.796s][info][gc,heap     ] GC(175)      Used:      528M (52%)         720M (70%)         482M (47%)         474M (46%)         726M (71%)         472M (46%)    
[34.796s][info][gc,heap     ] GC(175)      Live:         -               203M (20%)         203M (20%)         203M (20%)            -                  -          
[34.796s][info][gc,heap     ] GC(175) Allocated:         -               192M (19%)         208M (20%)         213M (21%)            -                  -          
[34.796s][info][gc,heap     ] GC(175)   Garbage:         -               324M (32%)          70M (7%)           56M (5%)             -                  -          
[34.796s][info][gc,heap     ] GC(175) Reclaimed:         -                  -               254M (25%)         267M (26%)            -                  -          
[34.796s][info][gc          ] GC(175) Garbage Collection (Allocation Rate) 528M(52%)->474M(46%)
[34.801s][info][gc,start    ] GC(176) Garbage Collection (Allocation Rate)
[34.801s][info][gc,task     ] GC(176) Using 7 workers
[34.801s][info][gc,phases   ] GC(176) Pause Mark Start 0.011ms
[34.870s][info][gc,phases   ] GC(176) Concurrent Mark 69.245ms
[34.870s][info][gc,phases   ] GC(176) Pause Mark End 0.020ms
[34.870s][info][gc,phases   ] GC(176) Concurrent Mark Free 0.001ms
[34.873s][info][gc,phases   ] GC(176) Concurrent Process Non-Strong References 2.051ms
[34.873s][info][gc,phases   ] GC(176) Concurrent Reset Relocation Set 0.002ms
[34.876s][info][gc,phases   ] GC(176) Concurrent Select Relocation Set 3.665ms
[34.876s][info][gc,phases   ] GC(176) Pause Relocate Start 0.009ms
[34.881s][info][gc,phases   ] GC(176) Concurrent Relocate 4.684ms
[34.881s][info][gc,load     ] GC(176) Load: 0.00/0.00/0.00
[34.881s][info][gc,mmu      ] GC(176) MMU: 2ms/96.7%, 5ms/98.7%, 10ms/99.3%, 20ms/99.7%, 50ms/99.8%, 100ms/99.9%
[34.881s][info][gc,marking  ] GC(176) Mark: 4 stripe(s), 2 proactive flush(es), 1 terminate flush(es), 0 completion(s), 0 continuation(s) 
[34.881s][info][gc,marking  ] GC(176) Mark Stack Usage: 32M
[34.881s][info][gc,nmethod  ] GC(176) NMethods: 5006 registered, 329 unregistered
[34.881s][info][gc,metaspace] GC(176) Metaspace: 58M used, 59M committed, 1088M reserved
[34.881s][info][gc,ref      ] GC(176) Soft: 3055 encountered, 0 discovered, 0 enqueued
[34.881s][info][gc,ref      ] GC(176) Weak: 5901 encountered, 251 discovered, 0 enqueued
[34.881s][info][gc,ref      ] GC(176) Final: 60 encountered, 0 discovered, 0 enqueued
[34.881s][info][gc,ref      ] GC(176) Phantom: 608 encountered, 490 discovered, 0 enqueued
[34.882s][info][gc,reloc    ] GC(176) Small Pages: 222 / 444M, Empty: 216M, Relocated: 3M, In-Place: 0
[34.882s][info][gc,reloc    ] GC(176) Medium Pages: 1 / 32M, Empty: 0M, Relocated: 0M, In-Place: 0
[34.882s][info][gc,reloc    ] GC(176) Large Pages: 2 / 12M, Empty: 0M, Relocated: 0M, In-Place: 0
[34.882s][info][gc,reloc    ] GC(176) Forwarding Usage: 1M
[34.882s][info][gc,heap     ] GC(176) Min Capacity: 8M(1%)
[34.882s][info][gc,heap     ] GC(176) Max Capacity: 1024M(100%)
[34.882s][info][gc,heap     ] GC(176) Soft Max Capacity: 1024M(100%)
[34.882s][info][gc,heap     ] GC(176)                Mark Start          Mark End        Relocate Start      Relocate End           High               Low         
[34.882s][info][gc,heap     ] GC(176)  Capacity:     1024M (100%)       1024M (100%)       1024M (100%)       1024M (100%)       1024M (100%)       1024M (100%)   
[34.882s][info][gc,heap     ] GC(176)      Free:      536M (52%)         382M (37%)         584M (57%)         588M (57%)         594M (58%)         376M (37%)    
[34.882s][info][gc,heap     ] GC(176)      Used:      488M (48%)         642M (63%)         440M (43%)         436M (43%)         648M (63%)         430M (42%)    
[34.882s][info][gc,heap     ] GC(176)      Live:         -               203M (20%)         203M (20%)         203M (20%)            -                  -          
[34.882s][info][gc,heap     ] GC(176) Allocated:         -               154M (15%)         168M (16%)         175M (17%)            -                  -          
[34.882s][info][gc,heap     ] GC(176)   Garbage:         -               284M (28%)          68M (7%)           56M (5%)             -                  -          
[34.882s][info][gc,heap     ] GC(176) Reclaimed:         -                  -               216M (21%)         227M (22%)            -                  -          
[34.882s][info][gc          ] GC(176) Garbage Collection (Allocation Rate) 488M(48%)->436M(43%)
[34.902s][info][gc,start    ] GC(177) Garbage Collection (Allocation Rate)
[34.902s][info][gc,task     ] GC(177) Using 7 workers
[34.902s][info][gc,phases   ] GC(177) Pause Mark Start 0.012ms
[34.980s][info][gc,phases   ] GC(177) Concurrent Mark 77.793ms
[34.980s][info][gc,phases   ] GC(177) Pause Mark End 0.025ms
[34.980s][info][gc,phases   ] GC(177) Concurrent Mark Free 0.001ms
[34.982s][info][gc,phases   ] GC(177) Concurrent Process Non-Strong References 2.204ms
[34.982s][info][gc,phases   ] GC(177) Concurrent Reset Relocation Set 0.002ms
[34.986s][info][gc,phases   ] GC(177) Concurrent Select Relocation Set 3.669ms
[34.986s][info][gc,phases   ] GC(177) Pause Relocate Start 0.007ms
[34.991s][info][gc,phases   ] GC(177) Concurrent Relocate 4.682ms
[34.991s][info][gc,load     ] GC(177) Load: 0.00/0.00/0.00
[34.991s][info][gc,mmu      ] GC(177) MMU: 2ms/96.7%, 5ms/98.7%, 10ms/99.3%, 20ms/99.7%, 50ms/99.8%, 100ms/99.9%
[34.991s][info][gc,marking  ] GC(177) Mark: 4 stripe(s), 2 proactive flush(es), 1 terminate flush(es), 0 completion(s), 0 continuation(s) 
[34.991s][info][gc,marking  ] GC(177) Mark Stack Usage: 32M
[34.991s][info][gc,nmethod  ] GC(177) NMethods: 5006 registered, 329 unregistered
[34.991s][info][gc,metaspace] GC(177) Metaspace: 58M used, 59M committed, 1088M reserved
[34.991s][info][gc,ref      ] GC(177) Soft: 3055 encountered, 0 discovered, 0 enqueued
[34.991s][info][gc,ref      ] GC(177) Weak: 5901 encountered, 2537 discovered, 0 enqueued
[34.991s][info][gc,ref      ] GC(177) Final: 60 encountered, 4 discovered, 0 enqueued
[34.991s][info][gc,ref      ] GC(177) Phantom: 608 encountered, 401 discovered, 0 enqueued
[34.991s][info][gc,reloc    ] GC(177) Small Pages: 219 / 438M, Empty: 210M, Relocated: 3M, In-Place: 0
[34.991s][info][gc,reloc    ] GC(177) Medium Pages: 1 / 32M, Empty: 0M, Relocated: 0M, In-Place: 0
[34.991s][info][gc,reloc    ] GC(177) Large Pages: 2 / 12M, Empty: 0M, Relocated: 0M, In-Place: 0
[34.991s][info][gc,reloc    ] GC(177) Forwarding Usage: 1M
[34.991s][info][gc,heap     ] GC(177) Min Capacity: 8M(1%)
[34.991s][info][gc,heap     ] GC(177) Max Capacity: 1024M(100%)
[34.991s][info][gc,heap     ] GC(177) Soft Max Capacity: 1024M(100%)
[34.991s][info][gc,heap     ] GC(177)                Mark Start          Mark End        Relocate Start      Relocate End           High               Low         
[34.991s][info][gc,heap     ] GC(177)  Capacity:     1024M (100%)       1024M (100%)       1024M (100%)       1024M (100%)       1024M (100%)       1024M (100%)   
[34.991s][info][gc,heap     ] GC(177)      Free:      542M (53%)         356M (35%)         552M (54%)         554M (54%)         560M (55%)         352M (34%)    
[34.991s][info][gc,heap     ] GC(177)      Used:      482M (47%)         668M (65%)         472M (46%)         470M (46%)         672M (66%)         464M (45%)    
[34.991s][info][gc,heap     ] GC(177)      Live:         -               203M (20%)         203M (20%)         203M (20%)            -                  -          
[34.991s][info][gc,heap     ] GC(177) Allocated:         -               186M (18%)         200M (20%)         209M (21%)            -                  -          
[34.991s][info][gc,heap     ] GC(177)   Garbage:         -               278M (27%)          68M (7%)           56M (5%)             -                  -          
[34.991s][info][gc,heap     ] GC(177) Reclaimed:         -                  -               210M (21%)         221M (22%)            -                  -          
[34.991s][info][gc          ] GC(177) Garbage Collection (Allocation Rate) 482M(47%)->470M(46%)
[34.995s][info][gc,start    ] GC(178) Garbage Collection (Allocation Rate)
[34.995s][info][gc,task     ] GC(178) Using 7 workers
[34.995s][info][gc,phases   ] GC(178) Pause Mark Start 0.007ms
[35.058s][info][gc,phases   ] GC(178) Concurrent Mark 62.308ms
[35.058s][info][gc,phases   ] GC(178) Pause Mark End 0.017ms
[35.058s][info][gc,phases   ] GC(178) Concurrent Mark Free 0.001ms
[35.060s][info][gc,phases   ] GC(178) Concurrent Process Non-Strong References 1.977ms
[35.060s][info][gc,phases   ] GC(178) Concurrent Reset Relocation Set 0.003ms
[35.064s][info][gc,phases   ] GC(178) Concurrent Select Relocation Set 3.665ms
[35.064s][info][gc,phases   ] GC(178) Pause Relocate Start 0.007ms
[35.066s][info][gc,phases   ] GC(178) Concurrent Relocate 2.510ms
[35.066s][info][gc,load     ] GC(178) Load: 0.00/0.00/0.00
[35.066s][info][gc,mmu      ] GC(178) MMU: 2ms/96.7%, 5ms/98.7%, 10ms/99.3%, 20ms/99.7%, 50ms/99.8%, 100ms/99.9%
[35.066s][info][gc,marking  ] GC(178) Mark: 4 stripe(s), 2 proactive flush(es), 1 terminate flush(es), 0 completion(s), 0 continuation(s) 
[35.066s][info][gc,marking  ] GC(178) Mark Stack Usage: 32M
[35.067s][info][gc,nmethod  ] GC(178) NMethods: 5006 registered, 329 unregistered
[35.067s][info][gc,metaspace] GC(178) Metaspace: 58M used, 59M committed, 1088M reserved
[35.067s][info][gc,ref      ] GC(178) Soft: 3055 encountered, 0 discovered, 0 enqueued
[35.067s][info][gc,ref      ] GC(178) Weak: 5901 encountered, 2510 discovered, 0 enqueued
[35.067s][info][gc,ref      ] GC(178) Final: 60 encountered, 56 discovered, 0 enqueued
[35.067s][info][gc,ref      ] GC(178) Phantom: 608 encountered, 312 discovered, 0 enqueued
[35.067s][info][gc,reloc    ] GC(178) Small Pages: 219 / 438M, Empty: 212M, Relocated: 3M, In-Place: 0
[35.067s][info][gc,reloc    ] GC(178) Medium Pages: 1 / 32M, Empty: 0M, Relocated: 0M, In-Place: 0
[35.067s][info][gc,reloc    ] GC(178) Large Pages: 2 / 12M, Empty: 0M, Relocated: 0M, In-Place: 0
[35.067s][info][gc,reloc    ] GC(178) Forwarding Usage: 1M
[35.067s][info][gc,heap     ] GC(178) Min Capacity: 8M(1%)
[35.067s][info][gc,heap     ] GC(178) Max Capacity: 1024M(100%)
[35.067s][info][gc,heap     ] GC(178) Soft Max Capacity: 1024M(100%)
[35.067s][info][gc,heap     ] GC(178)                Mark Start          Mark End        Relocate Start      Relocate End           High               Low         
[35.067s][info][gc,heap     ] GC(178)  Capacity:     1024M (100%)       1024M (100%)       1024M (100%)       1024M (100%)       1024M (100%)       1024M (100%)   
[35.067s][info][gc,heap     ] GC(178)      Free:      542M (53%)         394M (38%)         592M (58%)         596M (58%)         598M (58%)         388M (38%)    
[35.067s][info][gc,heap     ] GC(178)      Used:      482M (47%)         630M (62%)         432M (42%)         428M (42%)         636M (62%)         426M (42%)    
[35.067s][info][gc,heap     ] GC(178)      Live:         -               203M (20%)         203M (20%)         203M (20%)            -                  -          
[35.067s][info][gc,heap     ] GC(178) Allocated:         -               148M (14%)         162M (16%)         167M (16%)            -                  -          
[35.067s][info][gc,heap     ] GC(178)   Garbage:         -               278M (27%)          66M (6%)           56M (5%)             -                  -          
[35.067s][info][gc,heap     ] GC(178) Reclaimed:         -                  -               212M (21%)         221M (22%)            -                  -          
[35.067s][info][gc          ] GC(178) Garbage Collection (Allocation Rate) 482M(47%)->428M(42%)
[35.105s][info][gc,start    ] GC(179) Garbage Collection (Allocation Rate)
[35.105s][info][gc,task     ] GC(179) Using 7 workers
[35.105s][info][gc,phases   ] GC(179) Pause Mark Start 0.011ms
[35.183s][info][gc,phases   ] GC(179) Concurrent Mark 77.817ms
[35.183s][info][gc,phases   ] GC(179) Pause Mark End 0.020ms
[35.183s][info][gc,phases   ] GC(179) Concurrent Mark Free 0.001ms
[35.185s][info][gc,phases   ] GC(179) Concurrent Process Non-Strong References 2.291ms
[35.185s][info][gc,phases   ] GC(179) Concurrent Reset Relocation Set 0.002ms
[35.189s][info][gc,phases   ] GC(179) Concurrent Select Relocation Set 3.690ms
[35.189s][info][gc,phases   ] GC(179) Pause Relocate Start 0.008ms
[35.194s][info][gc,phases   ] GC(179) Concurrent Relocate 4.720ms
[35.194s][info][gc,load     ] GC(179) Load: 0.00/0.00/0.00
[35.194s][info][gc,mmu      ] GC(179) MMU: 2ms/96.7%, 5ms/98.7%, 10ms/99.3%, 20ms/99.7%, 50ms/99.8%, 100ms/99.9%
[35.194s][info][gc,marking  ] GC(179) Mark: 4 stripe(s), 2 proactive flush(es), 1 terminate flush(es), 0 completion(s), 0 continuation(s) 
[35.194s][info][gc,marking  ] GC(179) Mark Stack Usage: 32M
[35.194s][info][gc,nmethod  ] GC(179) NMethods: 5006 registered, 329 unregistered
[35.194s][info][gc,metaspace] GC(179) Metaspace: 58M used, 59M committed, 1088M reserved
[35.194s][info][gc,ref      ] GC(179) Soft: 3055 encountered, 0 discovered, 0 enqueued
[35.194s][info][gc,ref      ] GC(179) Weak: 5901 encountered, 2234 discovered, 0 enqueued
[35.194s][info][gc,ref      ] GC(179) Final: 60 encountered, 4 discovered, 0 enqueued
[35.194s][info][gc,ref      ] GC(179) Phantom: 608 encountered, 366 discovered, 0 enqueued
[35.194s][info][gc,reloc    ] GC(179) Small Pages: 237 / 474M, Empty: 242M, Relocated: 3M, In-Place: 0
[35.194s][info][gc,reloc    ] GC(179) Medium Pages: 1 / 32M, Empty: 0M, Relocated: 0M, In-Place: 0
[35.194s][info][gc,reloc    ] GC(179) Large Pages: 2 / 12M, Empty: 0M, Relocated: 0M, In-Place: 0
[35.194s][info][gc,reloc    ] GC(179) Forwarding Usage: 1M
[35.194s][info][gc,heap     ] GC(179) Min Capacity: 8M(1%)
[35.194s][info][gc,heap     ] GC(179) Max Capacity: 1024M(100%)
[35.194s][info][gc,heap     ] GC(179) Soft Max Capacity: 1024M(100%)
[35.194s][info][gc,heap     ] GC(179)                Mark Start          Mark End        Relocate Start      Relocate End           High               Low         
[35.194s][info][gc,heap     ] GC(179)  Capacity:     1024M (100%)       1024M (100%)       1024M (100%)       1024M (100%)       1024M (100%)       1024M (100%)   
[35.195s][info][gc,heap     ] GC(179)      Free:      506M (49%)         322M (31%)         548M (54%)         554M (54%)         562M (55%)         316M (31%)    
[35.195s][info][gc,heap     ] GC(179)      Used:      518M (51%)         702M (69%)         476M (46%)         470M (46%)         708M (69%)         462M (45%)    
[35.195s][info][gc,heap     ] GC(179)      Live:         -               203M (20%)         203M (20%)         203M (20%)            -                  -          
[35.195s][info][gc,heap     ] GC(179) Allocated:         -               184M (18%)         200M (20%)         209M (21%)            -                  -          
[35.195s][info][gc,heap     ] GC(179)   Garbage:         -               314M (31%)          72M (7%)           56M (5%)             -                  -          
[35.195s][info][gc,heap     ] GC(179) Reclaimed:         -                  -               242M (24%)         257M (25%)            -                  -          
[35.195s][info][gc          ] GC(179) Garbage Collection (Allocation Rate) 518M(51%)->470M(46%)
[35.198s][info][gc,start    ] GC(180) Garbage Collection (Allocation Rate)
[35.198s][info][gc,task     ] GC(180) Using 7 workers
[35.198s][info][gc,phases   ] GC(180) Pause Mark Start 0.010ms
[35.266s][info][gc,phases   ] GC(180) Concurrent Mark 67.281ms
[35.266s][info][gc,phases   ] GC(180) Pause Mark End 0.028ms
[35.266s][info][gc,phases   ] GC(180) Concurrent Mark Free 0.001ms
[35.268s][info][gc,phases   ] GC(180) Concurrent Process Non-Strong References 2.006ms
[35.268s][info][gc,phases   ] GC(180) Concurrent Reset Relocation Set 0.003ms
[35.272s][info][gc,phases   ] GC(180) Concurrent Select Relocation Set 3.609ms
[35.272s][info][gc,phases   ] GC(180) Pause Relocate Start 0.006ms
[35.275s][info][gc,phases   ] GC(180) Concurrent Relocate 2.878ms
[35.275s][info][gc,load     ] GC(180) Load: 0.00/0.00/0.00
[35.275s][info][gc,mmu      ] GC(180) MMU: 2ms/96.7%, 5ms/98.7%, 10ms/99.3%, 20ms/99.7%, 50ms/99.8%, 100ms/99.9%
[35.275s][info][gc,marking  ] GC(180) Mark: 4 stripe(s), 2 proactive flush(es), 1 terminate flush(es), 0 completion(s), 0 continuation(s) 
[35.275s][info][gc,marking  ] GC(180) Mark Stack Usage: 32M
[35.275s][info][gc,nmethod  ] GC(180) NMethods: 5037 registered, 329 unregistered
[35.275s][info][gc,metaspace] GC(180) Metaspace: 58M used, 59M committed, 1088M reserved
[35.275s][info][gc,ref      ] GC(180) Soft: 3055 encountered, 0 discovered, 0 enqueued
[35.275s][info][gc,ref      ] GC(180) Weak: 5897 encountered, 2032 discovered, 0 enqueued
[35.275s][info][gc,ref      ] GC(180) Final: 60 encountered, 0 discovered, 0 enqueued
[35.275s][info][gc,ref      ] GC(180) Phantom: 608 encountered, 383 discovered, 0 enqueued
[35.275s][info][gc,reloc    ] GC(180) Small Pages: 218 / 436M, Empty: 210M, Relocated: 3M, In-Place: 0
[35.275s][info][gc,reloc    ] GC(180) Medium Pages: 1 / 32M, Empty: 0M, Relocated: 0M, In-Place: 0
[35.275s][info][gc,reloc    ] GC(180) Large Pages: 2 / 12M, Empty: 0M, Relocated: 0M, In-Place: 0
[35.275s][info][gc,reloc    ] GC(180) Forwarding Usage: 1M
[35.275s][info][gc,heap     ] GC(180) Min Capacity: 8M(1%)
[35.275s][info][gc,heap     ] GC(180) Max Capacity: 1024M(100%)
[35.275s][info][gc,heap     ] GC(180) Soft Max Capacity: 1024M(100%)
[35.275s][info][gc,heap     ] GC(180)                Mark Start          Mark End        Relocate Start      Relocate End           High               Low         
[35.275s][info][gc,heap     ] GC(180)  Capacity:     1024M (100%)       1024M (100%)       1024M (100%)       1024M (100%)       1024M (100%)       1024M (100%)   
[35.275s][info][gc,heap     ] GC(180)      Free:      544M (53%)         486M (47%)         696M (68%)         706M (69%)         706M (69%)         486M (47%)    
[35.276s][info][gc,heap     ] GC(180)      Used:      480M (47%)         538M (53%)         328M (32%)         318M (31%)         538M (53%)         318M (31%)    
[35.276s][info][gc,heap     ] GC(180)      Live:         -               203M (20%)         203M (20%)         203M (20%)            -                  -          
[35.276s][info][gc,heap     ] GC(180) Allocated:         -                58M (6%)           58M (6%)           58M (6%)             -                  -          
[35.276s][info][gc,heap     ] GC(180)   Garbage:         -               276M (27%)          66M (6%)           56M (5%)             -                  -          
[35.276s][info][gc,heap     ] GC(180) Reclaimed:         -                  -               210M (21%)         220M (21%)            -                  -          
[35.276s][info][gc          ] GC(180) Garbage Collection (Allocation Rate) 480M(47%)->318M(31%)
[35.276s][info][gc,start    ] GC(181) Garbage Collection (System.gc())
[35.276s][info][gc,task     ] GC(181) Using 10 workers
[35.276s][info][gc,phases   ] GC(181) Pause Mark Start 0.006ms
[35.328s][info][gc,phases   ] GC(181) Concurrent Mark 52.393ms
[35.328s][info][gc,phases   ] GC(181) Pause Mark End 0.034ms
[35.329s][info][gc,phases   ] GC(181) Concurrent Mark Free 0.001ms
[35.331s][info][gc,phases   ] GC(181) Concurrent Process Non-Strong References 1.892ms
[35.331s][info][gc,phases   ] GC(181) Concurrent Reset Relocation Set 0.002ms
[35.334s][info][gc,phases   ] GC(181) Concurrent Select Relocation Set 3.636ms
[35.334s][info][gc,phases   ] GC(181) Pause Relocate Start 0.006ms
[35.337s][info][gc,phases   ] GC(181) Concurrent Relocate 2.700ms
[35.337s][info][gc,load     ] GC(181) Load: 0.00/0.00/0.00
[35.337s][info][gc,mmu      ] GC(181) MMU: 2ms/96.7%, 5ms/98.7%, 10ms/99.3%, 20ms/99.7%, 50ms/99.8%, 100ms/99.9%
[35.337s][info][gc,marking  ] GC(181) Mark: 8 stripe(s), 1 proactive flush(es), 1 terminate flush(es), 0 completion(s), 0 continuation(s) 
[35.337s][info][gc,marking  ] GC(181) Mark Stack Usage: 32M
[35.337s][info][gc,nmethod  ] GC(181) NMethods: 5035 registered, 331 unregistered
[35.337s][info][gc,metaspace] GC(181) Metaspace: 58M used, 59M committed, 1088M reserved
[35.337s][info][gc,ref      ] GC(181) Soft: 3053 encountered, 0 discovered, 0 enqueued
[35.337s][info][gc,ref      ] GC(181) Weak: 5962 encountered, 1747 discovered, 121 enqueued
[35.337s][info][gc,ref      ] GC(181) Final: 60 encountered, 0 discovered, 0 enqueued
[35.337s][info][gc,ref      ] GC(181) Phantom: 608 encountered, 480 discovered, 0 enqueued
[35.337s][info][gc,reloc    ] GC(181) Small Pages: 134 / 268M, Empty: 38M, Relocated: 3M, In-Place: 0
[35.337s][info][gc,reloc    ] GC(181) Medium Pages: 1 / 32M, Empty: 0M, Relocated: 0M, In-Place: 0
[35.338s][info][gc,reloc    ] GC(181) Large Pages: 3 / 18M, Empty: 6M, Relocated: 0M, In-Place: 0
[35.338s][info][gc,reloc    ] GC(181) Forwarding Usage: 1M
[35.338s][info][gc,heap     ] GC(181) Min Capacity: 8M(1%)
[35.338s][info][gc,heap     ] GC(181) Max Capacity: 1024M(100%)
[35.338s][info][gc,heap     ] GC(181) Soft Max Capacity: 1024M(100%)
[35.338s][info][gc,heap     ] GC(181)                Mark Start          Mark End        Relocate Start      Relocate End           High               Low         
[35.338s][info][gc,heap     ] GC(181)  Capacity:     1024M (100%)       1024M (100%)       1024M (100%)       1024M (100%)       1024M (100%)       1024M (100%)   
[35.338s][info][gc,heap     ] GC(181)      Free:      706M (69%)         706M (69%)         744M (73%)         752M (73%)         752M (73%)         700M (68%)    
[35.338s][info][gc,heap     ] GC(181)      Used:      318M (31%)         318M (31%)         280M (27%)         272M (27%)         324M (32%)         272M (27%)    
[35.338s][info][gc,heap     ] GC(181)      Live:         -               203M (20%)         203M (20%)         203M (20%)            -                  -          
[35.338s][info][gc,heap     ] GC(181) Allocated:         -                 0M (0%)            6M (1%)            5M (1%)             -                  -          
[35.338s][info][gc,heap     ] GC(181)   Garbage:         -               114M (11%)          70M (7%)           62M (6%)             -                  -          
[35.338s][info][gc,heap     ] GC(181) Reclaimed:         -                  -                44M (4%)           51M (5%)             -                  -          
[35.338s][info][gc          ] GC(181) Garbage Collection (System.gc()) 318M(31%)->272M(27%)
[35.500s][info][gc,start    ] GC(182) Garbage Collection (Allocation Rate)
[35.500s][info][gc,task     ] GC(182) Using 6 workers
[35.500s][info][gc,phases   ] GC(182) Pause Mark Start 0.016ms
[35.594s][info][gc,phases   ] GC(182) Concurrent Mark 93.264ms
[35.594s][info][gc,phases   ] GC(182) Pause Mark End 0.017ms
[35.594s][info][gc,phases   ] GC(182) Concurrent Mark Free 0.001ms
[35.597s][info][gc,phases   ] GC(182) Concurrent Process Non-Strong References 2.463ms
[35.597s][info][gc,phases   ] GC(182) Concurrent Reset Relocation Set 0.002ms
[35.603s][info][gc,phases   ] GC(182) Concurrent Select Relocation Set 6.526ms
[35.603s][info][gc,phases   ] GC(182) Pause Relocate Start 0.009ms
[35.606s][info][gc,phases   ] GC(182) Concurrent Relocate 2.515ms
[35.606s][info][gc,load     ] GC(182) Load: 0.00/0.00/0.00
[35.606s][info][gc,mmu      ] GC(182) MMU: 2ms/96.7%, 5ms/98.7%, 10ms/99.3%, 20ms/99.7%, 50ms/99.8%, 100ms/99.9%
[35.606s][info][gc,marking  ] GC(182) Mark: 4 stripe(s), 2 proactive flush(es), 1 terminate flush(es), 0 completion(s), 0 continuation(s) 
[35.606s][info][gc,marking  ] GC(182) Mark Stack Usage: 32M
[35.606s][info][gc,nmethod  ] GC(182) NMethods: 5080 registered, 337 unregistered
[35.606s][info][gc,metaspace] GC(182) Metaspace: 58M used, 59M committed, 1088M reserved
[35.606s][info][gc,ref      ] GC(182) Soft: 3055 encountered, 0 discovered, 0 enqueued
[35.606s][info][gc,ref      ] GC(182) Weak: 6009 encountered, 391 discovered, 75 enqueued
[35.606s][info][gc,ref      ] GC(182) Final: 60 encountered, 0 discovered, 0 enqueued
[35.606s][info][gc,ref      ] GC(182) Phantom: 608 encountered, 394 discovered, 0 enqueued
[35.606s][info][gc,reloc    ] GC(182) Small Pages: 267 / 534M, Empty: 280M, Relocated: 3M, In-Place: 0
[35.606s][info][gc,reloc    ] GC(182) Medium Pages: 2 / 64M, Empty: 32M, Relocated: 0M, In-Place: 0
[35.606s][info][gc,reloc    ] GC(182) Large Pages: 4 / 24M, Empty: 12M, Relocated: 0M, In-Place: 0
[35.606s][info][gc,reloc    ] GC(182) Forwarding Usage: 1M
[35.606s][info][gc,heap     ] GC(182) Min Capacity: 8M(1%)
[35.606s][info][gc,heap     ] GC(182) Max Capacity: 1024M(100%)
[35.606s][info][gc,heap     ] GC(182) Soft Max Capacity: 1024M(100%)
[35.606s][info][gc,heap     ] GC(182)                Mark Start          Mark End        Relocate Start      Relocate End           High               Low         
[35.606s][info][gc,heap     ] GC(182)  Capacity:     1024M (100%)       1024M (100%)       1024M (100%)       1024M (100%)       1024M (100%)       1024M (100%)   
[35.606s][info][gc,heap     ] GC(182)      Free:      402M (39%)         134M (13%)         432M (42%)         468M (46%)         470M (46%)         128M (13%)    
[35.607s][info][gc,heap     ] GC(182)      Used:      622M (61%)         890M (87%)         592M (58%)         556M (54%)         896M (88%)         554M (54%)    
[35.607s][info][gc,heap     ] GC(182)      Live:         -               204M (20%)         204M (20%)         204M (20%)            -                  -          
[35.607s][info][gc,heap     ] GC(182) Allocated:         -               268M (26%)         294M (29%)         297M (29%)            -                  -          
[35.607s][info][gc,heap     ] GC(182)   Garbage:         -               417M (41%)          93M (9%)           54M (5%)             -                  -          
[35.607s][info][gc,heap     ] GC(182) Reclaimed:         -                  -               324M (32%)         363M (36%)            -                  -          
[35.607s][info][gc          ] GC(182) Garbage Collection (Allocation Rate) 622M(61%)->556M(54%)
[35.703s][info][gc,start    ] GC(183) Garbage Collection (Allocation Rate)
[35.703s][info][gc,task     ] GC(183) Using 10 workers
[35.703s][info][gc,phases   ] GC(183) Pause Mark Start 0.011ms
[35.766s][info][gc,phases   ] GC(183) Concurrent Mark 62.102ms
[35.766s][info][gc,phases   ] GC(183) Pause Mark End 0.023ms
[35.766s][info][gc,phases   ] GC(183) Concurrent Mark Free 0.001ms
[35.768s][info][gc,phases   ] GC(183) Concurrent Process Non-Strong References 1.672ms
[35.768s][info][gc,phases   ] GC(183) Concurrent Reset Relocation Set 0.004ms
[35.768s][info][gc          ] Allocation Stall (Executor task launch worker for task 1.0 in stage 55.0 (TID 92)) 0.665ms
[35.774s][info][gc,phases   ] GC(183) Concurrent Select Relocation Set 5.945ms
[35.774s][info][gc,phases   ] GC(183) Pause Relocate Start 0.008ms
[35.776s][info][gc,phases   ] GC(183) Concurrent Relocate 2.713ms
[35.777s][info][gc,load     ] GC(183) Load: 0.00/0.00/0.00
[35.777s][info][gc,mmu      ] GC(183) MMU: 2ms/96.7%, 5ms/98.7%, 10ms/99.3%, 20ms/99.7%, 50ms/99.8%, 100ms/99.9%
[35.777s][info][gc,marking  ] GC(183) Mark: 8 stripe(s), 2 proactive flush(es), 1 terminate flush(es), 0 completion(s), 0 continuation(s) 
[35.777s][info][gc,marking  ] GC(183) Mark Stack Usage: 32M
[35.777s][info][gc,nmethod  ] GC(183) NMethods: 5079 registered, 340 unregistered
[35.777s][info][gc,metaspace] GC(183) Metaspace: 58M used, 59M committed, 1088M reserved
[35.777s][info][gc,ref      ] GC(183) Soft: 3055 encountered, 0 discovered, 0 enqueued
[35.777s][info][gc,ref      ] GC(183) Weak: 5935 encountered, 1142 discovered, 19 enqueued
[35.777s][info][gc,ref      ] GC(183) Final: 60 encountered, 3 discovered, 0 enqueued
[35.777s][info][gc,ref      ] GC(183) Phantom: 608 encountered, 434 discovered, 0 enqueued
[35.777s][info][gc,reloc    ] GC(183) Small Pages: 411 / 822M, Empty: 588M, Relocated: 3M, In-Place: 0
[35.777s][info][gc,reloc    ] GC(183) Medium Pages: 1 / 32M, Empty: 0M, Relocated: 0M, In-Place: 0
[35.777s][info][gc,reloc    ] GC(183) Large Pages: 2 / 12M, Empty: 0M, Relocated: 0M, In-Place: 0
[35.777s][info][gc,reloc    ] GC(183) Forwarding Usage: 1M
[35.777s][info][gc,heap     ] GC(183) Min Capacity: 8M(1%)
[35.777s][info][gc,heap     ] GC(183) Max Capacity: 1024M(100%)
[35.777s][info][gc,heap     ] GC(183) Soft Max Capacity: 1024M(100%)
[35.777s][info][gc,heap     ] GC(183)                Mark Start          Mark End        Relocate Start      Relocate End           High               Low         
[35.777s][info][gc,heap     ] GC(183)  Capacity:     1024M (100%)       1024M (100%)       1024M (100%)       1024M (100%)       1024M (100%)       1024M (100%)   
[35.777s][info][gc,heap     ] GC(183)      Free:      158M (15%)           4M (0%)          568M (55%)         574M (56%)         578M (56%)           0M (0%)     
[35.777s][info][gc,heap     ] GC(183)      Used:      866M (85%)        1020M (100%)        456M (45%)         450M (44%)        1024M (100%)        446M (44%)    
[35.777s][info][gc,heap     ] GC(183)      Live:         -               203M (20%)         203M (20%)         203M (20%)            -                  -          
[35.777s][info][gc,heap     ] GC(183) Allocated:         -               154M (15%)         178M (17%)         183M (18%)            -                  -          
[35.777s][info][gc,heap     ] GC(183)   Garbage:         -               662M (65%)          74M (7%)           62M (6%)             -                  -          
[35.777s][info][gc,heap     ] GC(183) Reclaimed:         -                  -               588M (57%)         599M (59%)            -                  -          
[35.777s][info][gc          ] GC(183) Garbage Collection (Allocation Rate) 866M(85%)->450M(44%)
[35.797s][info][gc,start    ] GC(184) Garbage Collection (Allocation Stall)
[35.797s][info][gc,ref      ] GC(184) Clearing All SoftReferences
[35.797s][info][gc,task     ] GC(184) Using 10 workers
[35.797s][info][gc,ref      ] GC(184) Clearing All SoftReferences
[35.797s][info][gc,phases   ] GC(184) Pause Mark Start 0.069ms
[35.859s][info][gc,phases   ] GC(184) Concurrent Mark 62.252ms
[35.860s][info][gc,phases   ] GC(184) Pause Mark End 0.017ms
[35.860s][info][gc,phases   ] GC(184) Concurrent Mark Free 0.001ms
[35.876s][info][gc,phases   ] GC(184) Concurrent Process Non-Strong References 16.477ms
[35.876s][info][gc,phases   ] GC(184) Concurrent Reset Relocation Set 0.002ms
[35.880s][info][gc,phases   ] GC(184) Concurrent Select Relocation Set 3.271ms
[35.880s][info][gc,phases   ] GC(184) Pause Relocate Start 0.009ms
[35.881s][info][gc,phases   ] GC(184) Concurrent Relocate 1.587ms
[35.881s][info][gc,load     ] GC(184) Load: 0.00/0.00/0.00
[35.881s][info][gc,mmu      ] GC(184) MMU: 2ms/96.6%, 5ms/98.6%, 10ms/99.3%, 20ms/99.7%, 50ms/99.8%, 100ms/99.9%
[35.881s][info][gc,marking  ] GC(184) Mark: 8 stripe(s), 2 proactive flush(es), 1 terminate flush(es), 0 completion(s), 0 continuation(s) 
[35.881s][info][gc,marking  ] GC(184) Mark Stack Usage: 32M
[35.881s][info][gc,nmethod  ] GC(184) NMethods: 5062 registered, 357 unregistered
[35.881s][info][gc,metaspace] GC(184) Metaspace: 58M used, 59M committed, 1088M reserved
[35.881s][info][gc,ref      ] GC(184) Soft: 2953 encountered, 855 discovered, 317 enqueued
[35.881s][info][gc,ref      ] GC(184) Weak: 5825 encountered, 644 discovered, 39 enqueued
[35.881s][info][gc,ref      ] GC(184) Final: 60 encountered, 0 discovered, 0 enqueued
[35.881s][info][gc,ref      ] GC(184) Phantom: 608 encountered, 409 discovered, 0 enqueued
[35.881s][info][gc,reloc    ] GC(184) Small Pages: 228 / 456M, Empty: 220M, Relocated: 1M, In-Place: 0
[35.882s][info][gc,reloc    ] GC(184) Medium Pages: 1 / 32M, Empty: 0M, Relocated: 0M, In-Place: 0
[35.882s][info][gc,reloc    ] GC(184) Large Pages: 2 / 12M, Empty: 0M, Relocated: 0M, In-Place: 0
[35.882s][info][gc,reloc    ] GC(184) Forwarding Usage: 0M
[35.882s][info][gc,heap     ] GC(184) Min Capacity: 8M(1%)
[35.882s][info][gc,heap     ] GC(184) Max Capacity: 1024M(100%)
[35.882s][info][gc,heap     ] GC(184) Soft Max Capacity: 1024M(100%)
[35.882s][info][gc,heap     ] GC(184)                Mark Start          Mark End        Relocate Start      Relocate End           High               Low         
[35.882s][info][gc,heap     ] GC(184)  Capacity:     1024M (100%)       1024M (100%)       1024M (100%)       1024M (100%)       1024M (100%)       1024M (100%)   
[35.882s][info][gc,heap     ] GC(184)      Free:      524M (51%)         368M (36%)         538M (53%)         548M (54%)         548M (54%)         326M (32%)    
[35.882s][info][gc,heap     ] GC(184)      Used:      500M (49%)         656M (64%)         486M (47%)         476M (46%)         698M (68%)         476M (46%)    
[35.882s][info][gc,heap     ] GC(184)      Live:         -               201M (20%)         201M (20%)         201M (20%)            -                  -          
[35.882s][info][gc,heap     ] GC(184) Allocated:         -               156M (15%)         206M (20%)         209M (21%)            -                  -          
[35.882s][info][gc,heap     ] GC(184)   Garbage:         -               298M (29%)          78M (8%)           64M (6%)             -                  -          
[35.882s][info][gc,heap     ] GC(184) Reclaimed:         -                  -               220M (21%)         233M (23%)            -                  -          
[35.882s][info][gc          ] GC(184) Garbage Collection (Allocation Stall) 500M(49%)->476M(46%)
[35.906s][info][gc,start    ] GC(185) Garbage Collection (Allocation Rate)
[35.906s][info][gc,task     ] GC(185) Using 10 workers
[35.906s][info][gc,phases   ] GC(185) Pause Mark Start 0.014ms
[35.969s][info][gc,phases   ] GC(185) Concurrent Mark 62.136ms
[35.969s][info][gc,phases   ] GC(185) Pause Mark End 0.020ms
[35.969s][info][gc,phases   ] GC(185) Concurrent Mark Free 0.001ms
[35.970s][info][gc,phases   ] GC(185) Concurrent Process Non-Strong References 1.419ms
[35.970s][info][gc,phases   ] GC(185) Concurrent Reset Relocation Set 0.001ms
[35.973s][info][gc,phases   ] GC(185) Concurrent Select Relocation Set 2.471ms
[35.973s][info][gc,phases   ] GC(185) Pause Relocate Start 0.007ms
[35.974s][info][gc,phases   ] GC(185) Concurrent Relocate 1.002ms
[35.974s][info][gc,load     ] GC(185) Load: 0.00/0.00/0.00
[35.974s][info][gc,mmu      ] GC(185) MMU: 2ms/96.6%, 5ms/98.6%, 10ms/99.3%, 20ms/99.7%, 50ms/99.8%, 100ms/99.9%
[35.974s][info][gc,marking  ] GC(185) Mark: 8 stripe(s), 2 proactive flush(es), 1 terminate flush(es), 0 completion(s), 0 continuation(s) 
[35.974s][info][gc,marking  ] GC(185) Mark Stack Usage: 32M
[35.974s][info][gc,nmethod  ] GC(185) NMethods: 5063 registered, 357 unregistered
[35.974s][info][gc,metaspace] GC(185) Metaspace: 58M used, 59M committed, 1088M reserved
[35.974s][info][gc,ref      ] GC(185) Soft: 2636 encountered, 0 discovered, 0 enqueued
[35.974s][info][gc,ref      ] GC(185) Weak: 5786 encountered, 1621 discovered, 0 enqueued
[35.974s][info][gc,ref      ] GC(185) Final: 60 encountered, 54 discovered, 0 enqueued
[35.974s][info][gc,ref      ] GC(185) Phantom: 608 encountered, 321 discovered, 0 enqueued
[35.974s][info][gc,reloc    ] GC(185) Small Pages: 243 / 486M, Empty: 250M, Relocated: 1M, In-Place: 0
[35.974s][info][gc,reloc    ] GC(185) Medium Pages: 1 / 32M, Empty: 0M, Relocated: 0M, In-Place: 0
[35.974s][info][gc,reloc    ] GC(185) Large Pages: 2 / 12M, Empty: 0M, Relocated: 0M, In-Place: 0
[35.974s][info][gc,reloc    ] GC(185) Forwarding Usage: 0M
[35.974s][info][gc,heap     ] GC(185) Min Capacity: 8M(1%)
[35.974s][info][gc,heap     ] GC(185) Max Capacity: 1024M(100%)
[35.974s][info][gc,heap     ] GC(185) Soft Max Capacity: 1024M(100%)
[35.974s][info][gc,heap     ] GC(185)                Mark Start          Mark End        Relocate Start      Relocate End           High               Low         
[35.974s][info][gc,heap     ] GC(185)  Capacity:     1024M (100%)       1024M (100%)       1024M (100%)       1024M (100%)       1024M (100%)       1024M (100%)   
[35.974s][info][gc,heap     ] GC(185)      Free:      494M (48%)         352M (34%)         592M (58%)         604M (59%)         604M (59%)         348M (34%)    
[35.974s][info][gc,heap     ] GC(185)      Used:      530M (52%)         672M (66%)         432M (42%)         420M (41%)         676M (66%)         420M (41%)    
[35.974s][info][gc,heap     ] GC(185)      Live:         -               201M (20%)         201M (20%)         201M (20%)            -                  -          
[35.974s][info][gc,heap     ] GC(185) Allocated:         -               142M (14%)         152M (15%)         153M (15%)            -                  -          
[35.974s][info][gc,heap     ] GC(185)   Garbage:         -               328M (32%)          78M (8%)           64M (6%)             -                  -          
[35.974s][info][gc,heap     ] GC(185) Reclaimed:         -                  -               250M (24%)         263M (26%)            -                  -          
[35.974s][info][gc          ] GC(185) Garbage Collection (Allocation Rate) 530M(52%)->420M(41%)
[36.000s][info][gc,start    ] GC(186) Garbage Collection (Allocation Rate)
[36.000s][info][gc,task     ] GC(186) Using 10 workers
[36.000s][info][gc,phases   ] GC(186) Pause Mark Start 0.011ms
[36.062s][info][gc,phases   ] GC(186) Concurrent Mark 62.211ms
[36.063s][info][gc,phases   ] GC(186) Pause Mark End 0.022ms
[36.063s][info][gc,phases   ] GC(186) Concurrent Mark Free 0.001ms
[36.064s][info][gc,phases   ] GC(186) Concurrent Process Non-Strong References 1.636ms
[36.064s][info][gc,phases   ] GC(186) Concurrent Reset Relocation Set 0.002ms
[36.068s][info][gc,phases   ] GC(186) Concurrent Select Relocation Set 3.888ms
[36.068s][info][gc,phases   ] GC(186) Pause Relocate Start 0.007ms
[36.072s][info][gc,phases   ] GC(186) Concurrent Relocate 3.187ms
[36.072s][info][gc,load     ] GC(186) Load: 0.00/0.00/0.00
[36.072s][info][gc,mmu      ] GC(186) MMU: 2ms/96.6%, 5ms/98.6%, 10ms/99.3%, 20ms/99.7%, 50ms/99.8%, 100ms/99.9%
[36.072s][info][gc,marking  ] GC(186) Mark: 8 stripe(s), 2 proactive flush(es), 1 terminate flush(es), 0 completion(s), 0 continuation(s) 
[36.072s][info][gc,marking  ] GC(186) Mark Stack Usage: 32M
[36.072s][info][gc,nmethod  ] GC(186) NMethods: 5063 registered, 357 unregistered
[36.072s][info][gc,metaspace] GC(186) Metaspace: 58M used, 59M committed, 1088M reserved
[36.072s][info][gc,ref      ] GC(186) Soft: 2638 encountered, 0 discovered, 0 enqueued
[36.072s][info][gc,ref      ] GC(186) Weak: 5787 encountered, 1274 discovered, 1 enqueued
[36.072s][info][gc,ref      ] GC(186) Final: 60 encountered, 4 discovered, 0 enqueued
[36.072s][info][gc,ref      ] GC(186) Phantom: 608 encountered, 395 discovered, 0 enqueued
[36.072s][info][gc,reloc    ] GC(186) Small Pages: 234 / 468M, Empty: 230M, Relocated: 6M, In-Place: 0
[36.072s][info][gc,reloc    ] GC(186) Medium Pages: 1 / 32M, Empty: 0M, Relocated: 0M, In-Place: 0
[36.072s][info][gc,reloc    ] GC(186) Large Pages: 2 / 12M, Empty: 0M, Relocated: 0M, In-Place: 0
[36.072s][info][gc,reloc    ] GC(186) Forwarding Usage: 3M
[36.072s][info][gc,heap     ] GC(186) Min Capacity: 8M(1%)
[36.072s][info][gc,heap     ] GC(186) Max Capacity: 1024M(100%)
[36.072s][info][gc,heap     ] GC(186) Soft Max Capacity: 1024M(100%)
[36.072s][info][gc,heap     ] GC(186)                Mark Start          Mark End        Relocate Start      Relocate End           High               Low         
[36.072s][info][gc,heap     ] GC(186)  Capacity:     1024M (100%)       1024M (100%)       1024M (100%)       1024M (100%)       1024M (100%)       1024M (100%)   
[36.072s][info][gc,heap     ] GC(186)      Free:      512M (50%)         300M (29%)         510M (50%)         528M (52%)         528M (52%)         292M (29%)    
[36.072s][info][gc,heap     ] GC(186)      Used:      512M (50%)         724M (71%)         514M (50%)         496M (48%)         732M (71%)         496M (48%)    
[36.072s][info][gc,heap     ] GC(186)      Live:         -               201M (20%)         201M (20%)         201M (20%)            -                  -          
[36.072s][info][gc,heap     ] GC(186) Allocated:         -               212M (21%)         232M (23%)         237M (23%)            -                  -          
[36.072s][info][gc,heap     ] GC(186)   Garbage:         -               310M (30%)          80M (8%)           56M (5%)             -                  -          
[36.072s][info][gc,heap     ] GC(186) Reclaimed:         -                  -               230M (22%)         253M (25%)            -                  -          
[36.072s][info][gc          ] GC(186) Garbage Collection (Allocation Rate) 512M(50%)->496M(48%)
[36.094s][info][gc,start    ] GC(187) Garbage Collection (Allocation Rate)
[36.094s][info][gc,task     ] GC(187) Using 10 workers
[36.094s][info][gc,phases   ] GC(187) Pause Mark Start 0.010ms
[36.156s][info][gc,phases   ] GC(187) Concurrent Mark 62.239ms
[36.156s][info][gc,phases   ] GC(187) Pause Mark End 0.021ms
[36.156s][info][gc,phases   ] GC(187) Concurrent Mark Free 0.001ms
[36.158s][info][gc,phases   ] GC(187) Concurrent Process Non-Strong References 1.677ms
[36.158s][info][gc,phases   ] GC(187) Concurrent Reset Relocation Set 0.002ms
[36.161s][info][gc,phases   ] GC(187) Concurrent Select Relocation Set 2.939ms
[36.161s][info][gc,phases   ] GC(187) Pause Relocate Start 0.008ms
[36.162s][info][gc,phases   ] GC(187) Concurrent Relocate 1.146ms
[36.162s][info][gc,load     ] GC(187) Load: 0.00/0.00/0.00
[36.162s][info][gc,mmu      ] GC(187) MMU: 2ms/96.6%, 5ms/98.6%, 10ms/99.3%, 20ms/99.7%, 50ms/99.8%, 100ms/99.9%
[36.162s][info][gc,marking  ] GC(187) Mark: 8 stripe(s), 2 proactive flush(es), 1 terminate flush(es), 0 completion(s), 0 continuation(s) 
[36.162s][info][gc,marking  ] GC(187) Mark Stack Usage: 32M
[36.162s][info][gc,nmethod  ] GC(187) NMethods: 5063 registered, 357 unregistered
[36.162s][info][gc,metaspace] GC(187) Metaspace: 58M used, 59M committed, 1088M reserved
[36.162s][info][gc,ref      ] GC(187) Soft: 2638 encountered, 0 discovered, 0 enqueued
[36.162s][info][gc,ref      ] GC(187) Weak: 5786 encountered, 1208 discovered, 0 enqueued
[36.162s][info][gc,ref      ] GC(187) Final: 60 encountered, 0 discovered, 0 enqueued
[36.162s][info][gc,ref      ] GC(187) Phantom: 608 encountered, 461 discovered, 0 enqueued
[36.163s][info][gc,reloc    ] GC(187) Small Pages: 249 / 498M, Empty: 266M, Relocated: 1M, In-Place: 0
[36.163s][info][gc,reloc    ] GC(187) Medium Pages: 1 / 32M, Empty: 0M, Relocated: 0M, In-Place: 0
[36.163s][info][gc,reloc    ] GC(187) Large Pages: 2 / 12M, Empty: 0M, Relocated: 0M, In-Place: 0
[36.163s][info][gc,reloc    ] GC(187) Forwarding Usage: 0M
[36.163s][info][gc,heap     ] GC(187) Min Capacity: 8M(1%)
[36.163s][info][gc,heap     ] GC(187) Max Capacity: 1024M(100%)
[36.163s][info][gc,heap     ] GC(187) Soft Max Capacity: 1024M(100%)
[36.163s][info][gc,heap     ] GC(187)                Mark Start          Mark End        Relocate Start      Relocate End           High               Low         
[36.163s][info][gc,heap     ] GC(187)  Capacity:     1024M (100%)       1024M (100%)       1024M (100%)       1024M (100%)       1024M (100%)       1024M (100%)   
[36.163s][info][gc,heap     ] GC(187)      Free:      482M (47%)         380M (37%)         640M (63%)         648M (63%)         648M (63%)         378M (37%)    
[36.163s][info][gc,heap     ] GC(187)      Used:      542M (53%)         644M (63%)         384M (38%)         376M (37%)         646M (63%)         376M (37%)    
[36.163s][info][gc,heap     ] GC(187)      Live:         -               201M (20%)         201M (20%)         201M (20%)            -                  -          
[36.163s][info][gc,heap     ] GC(187) Allocated:         -               102M (10%)         108M (11%)         109M (11%)            -                  -          
[36.163s][info][gc,heap     ] GC(187)   Garbage:         -               340M (33%)          74M (7%)           64M (6%)             -                  -          
[36.163s][info][gc,heap     ] GC(187) Reclaimed:         -                  -               266M (26%)         275M (27%)            -                  -          
[36.163s][info][gc          ] GC(187) Garbage Collection (Allocation Rate) 542M(53%)->376M(37%)
[36.203s][info][gc,start    ] GC(188) Garbage Collection (Allocation Rate)
[36.203s][info][gc,task     ] GC(188) Using 10 workers
[36.203s][info][gc,phases   ] GC(188) Pause Mark Start 0.011ms
[36.260s][info][gc,phases   ] GC(188) Concurrent Mark 56.999ms
[36.260s][info][gc,phases   ] GC(188) Pause Mark End 0.018ms
[36.260s][info][gc,phases   ] GC(188) Concurrent Mark Free 0.002ms
[36.262s][info][gc,phases   ] GC(188) Concurrent Process Non-Strong References 1.469ms
[36.262s][info][gc,phases   ] GC(188) Concurrent Reset Relocation Set 0.003ms
[36.264s][info][gc,phases   ] GC(188) Concurrent Select Relocation Set 2.285ms
[36.264s][info][gc,phases   ] GC(188) Pause Relocate Start 0.008ms
[36.266s][info][gc,phases   ] GC(188) Concurrent Relocate 1.062ms
[36.266s][info][gc,load     ] GC(188) Load: 0.00/0.00/0.00
[36.266s][info][gc,mmu      ] GC(188) MMU: 2ms/96.6%, 5ms/98.6%, 10ms/99.3%, 20ms/99.7%, 50ms/99.8%, 100ms/99.9%
[36.266s][info][gc,marking  ] GC(188) Mark: 8 stripe(s), 2 proactive flush(es), 1 terminate flush(es), 0 completion(s), 0 continuation(s) 
[36.266s][info][gc,marking  ] GC(188) Mark Stack Usage: 32M
[36.266s][info][gc,nmethod  ] GC(188) NMethods: 5089 registered, 357 unregistered
[36.266s][info][gc,metaspace] GC(188) Metaspace: 58M used, 59M committed, 1088M reserved
[36.266s][info][gc,ref      ] GC(188) Soft: 2638 encountered, 0 discovered, 0 enqueued
[36.266s][info][gc,ref      ] GC(188) Weak: 5751 encountered, 1479 discovered, 0 enqueued
[36.266s][info][gc,ref      ] GC(188) Final: 60 encountered, 0 discovered, 0 enqueued
[36.266s][info][gc,ref      ] GC(188) Phantom: 608 encountered, 452 discovered, 0 enqueued
[36.266s][info][gc,reloc    ] GC(188) Small Pages: 204 / 408M, Empty: 180M, Relocated: 1M, In-Place: 0
[36.266s][info][gc,reloc    ] GC(188) Medium Pages: 1 / 32M, Empty: 0M, Relocated: 0M, In-Place: 0
[36.266s][info][gc,reloc    ] GC(188) Large Pages: 2 / 12M, Empty: 0M, Relocated: 0M, In-Place: 0
[36.266s][info][gc,reloc    ] GC(188) Forwarding Usage: 0M
[36.266s][info][gc,heap     ] GC(188) Min Capacity: 8M(1%)
[36.266s][info][gc,heap     ] GC(188) Max Capacity: 1024M(100%)
[36.266s][info][gc,heap     ] GC(188) Soft Max Capacity: 1024M(100%)
[36.266s][info][gc,heap     ] GC(188)                Mark Start          Mark End        Relocate Start      Relocate End           High               Low         
[36.266s][info][gc,heap     ] GC(188)  Capacity:     1024M (100%)       1024M (100%)       1024M (100%)       1024M (100%)       1024M (100%)       1024M (100%)   
[36.266s][info][gc,heap     ] GC(188)      Free:      572M (56%)         484M (47%)         662M (65%)         668M (65%)         668M (65%)         480M (47%)    
[36.266s][info][gc,heap     ] GC(188)      Used:      452M (44%)         540M (53%)         362M (35%)         356M (35%)         544M (53%)         356M (35%)    
[36.266s][info][gc,heap     ] GC(188)      Live:         -               201M (20%)         201M (20%)         201M (20%)            -                  -          
[36.266s][info][gc,heap     ] GC(188) Allocated:         -                88M (9%)           90M (9%)           89M (9%)             -                  -          
[36.266s][info][gc,heap     ] GC(188)   Garbage:         -               250M (24%)          70M (7%)           64M (6%)             -                  -          
[36.266s][info][gc,heap     ] GC(188) Reclaimed:         -                  -               180M (18%)         185M (18%)            -                  -          
[36.266s][info][gc          ] GC(188) Garbage Collection (Allocation Rate) 452M(44%)->356M(35%)
[36.323s][info][gc,start    ] GC(189) Garbage Collection (System.gc())
[36.323s][info][gc,task     ] GC(189) Using 10 workers
[36.323s][info][gc,phases   ] GC(189) Pause Mark Start 0.016ms
[36.382s][info][gc,phases   ] GC(189) Concurrent Mark 58.940ms
[36.382s][info][gc,phases   ] GC(189) Pause Mark End 0.018ms
[36.382s][info][gc,phases   ] GC(189) Concurrent Mark Free 0.001ms
[36.397s][info][gc,phases   ] GC(189) Concurrent Process Non-Strong References 14.590ms
[36.397s][info][gc,phases   ] GC(189) Concurrent Reset Relocation Set 0.001ms
[36.401s][info][gc,phases   ] GC(189) Concurrent Select Relocation Set 4.394ms
[36.401s][info][gc,phases   ] GC(189) Pause Relocate Start 0.010ms
[36.406s][info][gc,phases   ] GC(189) Concurrent Relocate 4.259ms
[36.406s][info][gc,load     ] GC(189) Load: 0.00/0.00/0.00
[36.406s][info][gc,mmu      ] GC(189) MMU: 2ms/96.6%, 5ms/98.6%, 10ms/99.3%, 20ms/99.7%, 50ms/99.8%, 100ms/99.9%
[36.406s][info][gc,marking  ] GC(189) Mark: 8 stripe(s), 1 proactive flush(es), 1 terminate flush(es), 0 completion(s), 0 continuation(s) 
[36.406s][info][gc,marking  ] GC(189) Mark Stack Usage: 32M
[36.406s][info][gc,nmethod  ] GC(189) NMethods: 5151 registered, 370 unregistered
[36.406s][info][gc,metaspace] GC(189) Metaspace: 58M used, 59M committed, 1088M reserved
[36.406s][info][gc,ref      ] GC(189) Soft: 2967 encountered, 0 discovered, 0 enqueued
[36.406s][info][gc,ref      ] GC(189) Weak: 5993 encountered, 1368 discovered, 220 enqueued
[36.406s][info][gc,ref      ] GC(189) Final: 60 encountered, 1 discovered, 0 enqueued
[36.406s][info][gc,ref      ] GC(189) Phantom: 608 encountered, 482 discovered, 0 enqueued
[36.406s][info][gc,reloc    ] GC(189) Small Pages: 160 / 320M, Empty: 84M, Relocated: 6M, In-Place: 0
[36.406s][info][gc,reloc    ] GC(189) Medium Pages: 1 / 32M, Empty: 0M, Relocated: 0M, In-Place: 0
[36.406s][info][gc,reloc    ] GC(189) Large Pages: 3 / 18M, Empty: 6M, Relocated: 0M, In-Place: 0
[36.406s][info][gc,reloc    ] GC(189) Forwarding Usage: 3M
[36.406s][info][gc,heap     ] GC(189) Min Capacity: 8M(1%)
[36.406s][info][gc,heap     ] GC(189) Max Capacity: 1024M(100%)
[36.406s][info][gc,heap     ] GC(189) Soft Max Capacity: 1024M(100%)
[36.406s][info][gc,heap     ] GC(189)                Mark Start          Mark End        Relocate Start      Relocate End           High               Low         
[36.406s][info][gc,heap     ] GC(189)  Capacity:     1024M (100%)       1024M (100%)       1024M (100%)       1024M (100%)       1024M (100%)       1024M (100%)   
[36.406s][info][gc,heap     ] GC(189)      Free:      654M (64%)         652M (64%)         738M (72%)         758M (74%)         758M (74%)         648M (63%)    
[36.406s][info][gc,heap     ] GC(189)      Used:      370M (36%)         372M (36%)         286M (28%)         266M (26%)         376M (37%)         266M (26%)    
[36.406s][info][gc,heap     ] GC(189)      Live:         -               202M (20%)         202M (20%)         202M (20%)            -                  -          
[36.406s][info][gc,heap     ] GC(189) Allocated:         -                 2M (0%)            6M (1%)            5M (1%)             -                  -          
[36.406s][info][gc,heap     ] GC(189)   Garbage:         -               167M (16%)          77M (8%)           57M (6%)             -                  -          
[36.406s][info][gc,heap     ] GC(189) Reclaimed:         -                  -                90M (9%)          109M (11%)            -                  -          
[36.406s][info][gc          ] GC(189) Garbage Collection (System.gc()) 370M(36%)->266M(26%)
[36.601s][info][gc,start    ] GC(190) Garbage Collection (Allocation Rate)
[36.601s][info][gc,task     ] GC(190) Using 8 workers
[36.601s][info][gc,phases   ] GC(190) Pause Mark Start 0.019ms
[36.663s][info][gc,phases   ] GC(190) Concurrent Mark 62.055ms
[36.663s][info][gc,phases   ] GC(190) Pause Mark End 0.019ms
[36.663s][info][gc,phases   ] GC(190) Concurrent Mark Free 0.001ms
[36.665s][info][gc,phases   ] GC(190) Concurrent Process Non-Strong References 2.137ms
[36.665s][info][gc,phases   ] GC(190) Concurrent Reset Relocation Set 0.003ms
[36.674s][info][gc,phases   ] GC(190) Concurrent Select Relocation Set 8.700ms
[36.674s][info][gc,phases   ] GC(190) Pause Relocate Start 0.009ms
[36.679s][info][gc,phases   ] GC(190) Concurrent Relocate 4.603ms
[36.679s][info][gc,load     ] GC(190) Load: 0.00/0.00/0.00
[36.679s][info][gc,mmu      ] GC(190) MMU: 2ms/96.6%, 5ms/98.6%, 10ms/99.3%, 20ms/99.7%, 50ms/99.8%, 100ms/99.9%
[36.679s][info][gc,marking  ] GC(190) Mark: 8 stripe(s), 2 proactive flush(es), 1 terminate flush(es), 0 completion(s), 0 continuation(s) 
[36.679s][info][gc,marking  ] GC(190) Mark Stack Usage: 32M
[36.679s][info][gc,nmethod  ] GC(190) NMethods: 5194 registered, 378 unregistered
[36.679s][info][gc,metaspace] GC(190) Metaspace: 58M used, 59M committed, 1088M reserved
[36.679s][info][gc,ref      ] GC(190) Soft: 3044 encountered, 0 discovered, 0 enqueued
[36.679s][info][gc,ref      ] GC(190) Weak: 6020 encountered, 2028 discovered, 92 enqueued
[36.679s][info][gc,ref      ] GC(190) Final: 60 encountered, 3 discovered, 0 enqueued
[36.679s][info][gc,ref      ] GC(190) Phantom: 608 encountered, 350 discovered, 0 enqueued
[36.679s][info][gc,reloc    ] GC(190) Small Pages: 249 / 498M, Empty: 248M, Relocated: 6M, In-Place: 0
[36.679s][info][gc,reloc    ] GC(190) Medium Pages: 2 / 64M, Empty: 32M, Relocated: 0M, In-Place: 0
[36.679s][info][gc,reloc    ] GC(190) Large Pages: 4 / 24M, Empty: 12M, Relocated: 0M, In-Place: 0
[36.679s][info][gc,reloc    ] GC(190) Forwarding Usage: 4M
[36.679s][info][gc,heap     ] GC(190) Min Capacity: 8M(1%)
[36.679s][info][gc,heap     ] GC(190) Max Capacity: 1024M(100%)
[36.679s][info][gc,heap     ] GC(190) Soft Max Capacity: 1024M(100%)
[36.679s][info][gc,heap     ] GC(190)                Mark Start          Mark End        Relocate Start      Relocate End           High               Low         
[36.679s][info][gc,heap     ] GC(190)  Capacity:     1024M (100%)       1024M (100%)       1024M (100%)       1024M (100%)       1024M (100%)       1024M (100%)   
[36.679s][info][gc,heap     ] GC(190)      Free:      438M (43%)         272M (27%)         526M (51%)         552M (54%)         554M (54%)         266M (26%)    
[36.679s][info][gc,heap     ] GC(190)      Used:      586M (57%)         752M (73%)         498M (49%)         472M (46%)         758M (74%)         470M (46%)    
[36.738s][info][gc,heap     ] GC(190)      Live:         -               203M (20%)         203M (20%)         203M (20%)            -                  -          
[36.738s][info][gc,heap     ] GC(190) Allocated:         -               166M (16%)         204M (20%)         215M (21%)            -                  -          
[36.738s][info][gc,heap     ] GC(190)   Garbage:         -               382M (37%)          90M (9%)           52M (5%)             -                  -          
[36.738s][info][gc,heap     ] GC(190) Reclaimed:         -                  -               292M (29%)         329M (32%)            -                  -          
[36.738s][info][gc          ] GC(190) Garbage Collection (Allocation Rate) 586M(57%)->472M(46%)
[36.804s][info][gc,start    ] GC(191) Garbage Collection (Allocation Rate)
[36.804s][info][gc,task     ] GC(191) Using 10 workers
[36.804s][info][gc,phases   ] GC(191) Pause Mark Start 0.014ms
[36.866s][info][gc,phases   ] GC(191) Concurrent Mark 62.183ms
[36.866s][info][gc,phases   ] GC(191) Pause Mark End 0.024ms
[36.866s][info][gc,phases   ] GC(191) Concurrent Mark Free 0.001ms
[36.868s][info][gc,phases   ] GC(191) Concurrent Process Non-Strong References 1.792ms
[36.868s][info][gc,phases   ] GC(191) Concurrent Reset Relocation Set 0.004ms
[36.872s][info][gc,phases   ] GC(191) Concurrent Select Relocation Set 3.732ms
[36.872s][info][gc,phases   ] GC(191) Pause Relocate Start 0.009ms
[36.875s][info][gc,phases   ] GC(191) Concurrent Relocate 2.788ms
[36.875s][info][gc,load     ] GC(191) Load: 0.00/0.00/0.00
[36.875s][info][gc,mmu      ] GC(191) MMU: 2ms/96.6%, 5ms/98.6%, 10ms/99.3%, 20ms/99.7%, 50ms/99.8%, 100ms/99.9%
[36.875s][info][gc,marking  ] GC(191) Mark: 8 stripe(s), 2 proactive flush(es), 1 terminate flush(es), 0 completion(s), 0 continuation(s) 
[36.875s][info][gc,marking  ] GC(191) Mark Stack Usage: 32M
[36.875s][info][gc,nmethod  ] GC(191) NMethods: 5194 registered, 378 unregistered
[36.875s][info][gc,metaspace] GC(191) Metaspace: 58M used, 59M committed, 1088M reserved
[36.875s][info][gc,ref      ] GC(191) Soft: 3044 encountered, 0 discovered, 0 enqueued
[36.875s][info][gc,ref      ] GC(191) Weak: 5929 encountered, 1788 discovered, 14 enqueued
[36.875s][info][gc,ref      ] GC(191) Final: 60 encountered, 1 discovered, 0 enqueued
[36.875s][info][gc,ref      ] GC(191) Phantom: 608 encountered, 433 discovered, 0 enqueued
[36.875s][info][gc,reloc    ] GC(191) Small Pages: 345 / 690M, Empty: 458M, Relocated: 6M, In-Place: 0
[36.875s][info][gc,reloc    ] GC(191) Medium Pages: 1 / 32M, Empty: 0M, Relocated: 0M, In-Place: 0
[36.875s][info][gc,reloc    ] GC(191) Large Pages: 2 / 12M, Empty: 0M, Relocated: 0M, In-Place: 0
[36.875s][info][gc,reloc    ] GC(191) Forwarding Usage: 4M
[36.875s][info][gc,heap     ] GC(191) Min Capacity: 8M(1%)
[36.875s][info][gc,heap     ] GC(191) Max Capacity: 1024M(100%)
[36.875s][info][gc,heap     ] GC(191) Soft Max Capacity: 1024M(100%)
[36.875s][info][gc,heap     ] GC(191)                Mark Start          Mark End        Relocate Start      Relocate End           High               Low         
[36.876s][info][gc,heap     ] GC(191)  Capacity:     1024M (100%)       1024M (100%)       1024M (100%)       1024M (100%)       1024M (100%)       1024M (100%)   
[36.876s][info][gc,heap     ] GC(191)      Free:      290M (28%)         144M (14%)         590M (58%)         600M (59%)         600M (59%)         140M (14%)    
[36.876s][info][gc,heap     ] GC(191)      Used:      734M (72%)         880M (86%)         434M (42%)         424M (41%)         884M (86%)         424M (41%)    
[36.876s][info][gc,heap     ] GC(191)      Live:         -               203M (20%)         203M (20%)         203M (20%)            -                  -          
[36.876s][info][gc,heap     ] GC(191) Allocated:         -               146M (14%)         158M (15%)         163M (16%)            -                  -          
[36.876s][info][gc,heap     ] GC(191)   Garbage:         -               530M (52%)          72M (7%)           56M (6%)             -                  -          
[36.876s][info][gc,heap     ] GC(191) Reclaimed:         -                  -               458M (45%)         473M (46%)            -                  -          
[36.876s][info][gc          ] GC(191) Garbage Collection (Allocation Rate) 734M(72%)->424M(41%)
[36.897s][info][gc,start    ] GC(192) Garbage Collection (Allocation Rate)
[36.897s][info][gc,task     ] GC(192) Using 10 workers
[36.898s][info][gc,phases   ] GC(192) Pause Mark Start 0.011ms
[36.960s][info][gc,phases   ] GC(192) Concurrent Mark 62.198ms
[36.960s][info][gc,phases   ] GC(192) Pause Mark End 0.022ms
[36.960s][info][gc,phases   ] GC(192) Concurrent Mark Free 0.001ms
[36.962s][info][gc,phases   ] GC(192) Concurrent Process Non-Strong References 1.808ms
[36.962s][info][gc,phases   ] GC(192) Concurrent Reset Relocation Set 0.002ms
[36.966s][info][gc,phases   ] GC(192) Concurrent Select Relocation Set 3.622ms
[36.966s][info][gc,phases   ] GC(192) Pause Relocate Start 0.008ms
[36.969s][info][gc,phases   ] GC(192) Concurrent Relocate 3.287ms
[36.969s][info][gc,load     ] GC(192) Load: 0.00/0.00/0.00
[36.969s][info][gc,mmu      ] GC(192) MMU: 2ms/96.6%, 5ms/98.6%, 10ms/99.3%, 20ms/99.7%, 50ms/99.8%, 100ms/99.9%
[36.969s][info][gc,marking  ] GC(192) Mark: 8 stripe(s), 2 proactive flush(es), 1 terminate flush(es), 0 completion(s), 0 continuation(s) 
[36.969s][info][gc,marking  ] GC(192) Mark Stack Usage: 32M
[36.969s][info][gc,nmethod  ] GC(192) NMethods: 5194 registered, 378 unregistered
[36.969s][info][gc,metaspace] GC(192) Metaspace: 58M used, 59M committed, 1088M reserved
[36.969s][info][gc,ref      ] GC(192) Soft: 3044 encountered, 0 discovered, 0 enqueued
[36.969s][info][gc,ref      ] GC(192) Weak: 5915 encountered, 1483 discovered, 0 enqueued
[36.969s][info][gc,ref      ] GC(192) Final: 60 encountered, 1 discovered, 0 enqueued
[36.969s][info][gc,ref      ] GC(192) Phantom: 608 encountered, 339 discovered, 0 enqueued
[36.969s][info][gc,reloc    ] GC(192) Small Pages: 209 / 418M, Empty: 188M, Relocated: 6M, In-Place: 0
[36.969s][info][gc,reloc    ] GC(192) Medium Pages: 1 / 32M, Empty: 0M, Relocated: 0M, In-Place: 0
[36.969s][info][gc,reloc    ] GC(192) Large Pages: 2 / 12M, Empty: 0M, Relocated: 0M, In-Place: 0
[36.969s][info][gc,reloc    ] GC(192) Forwarding Usage: 4M
[36.970s][info][gc,heap     ] GC(192) Min Capacity: 8M(1%)
[36.970s][info][gc,heap     ] GC(192) Max Capacity: 1024M(100%)
[36.970s][info][gc,heap     ] GC(192) Soft Max Capacity: 1024M(100%)
[36.970s][info][gc,heap     ] GC(192)                Mark Start          Mark End        Relocate Start      Relocate End           High               Low         
[36.970s][info][gc,heap     ] GC(192)  Capacity:     1024M (100%)       1024M (100%)       1024M (100%)       1024M (100%)       1024M (100%)       1024M (100%)   
[36.970s][info][gc,heap     ] GC(192)      Free:      562M (55%)         464M (45%)         642M (63%)         650M (63%)         650M (63%)         460M (45%)    
[36.970s][info][gc,heap     ] GC(192)      Used:      462M (45%)         560M (55%)         382M (37%)         374M (37%)         564M (55%)         374M (37%)    
[36.970s][info][gc,heap     ] GC(192)      Live:         -               203M (20%)         203M (20%)         203M (20%)            -                  -          
[36.970s][info][gc,heap     ] GC(192) Allocated:         -                98M (10%)         108M (11%)         113M (11%)            -                  -          
[36.970s][info][gc,heap     ] GC(192)   Garbage:         -               258M (25%)          70M (7%)           56M (6%)             -                  -          
[36.970s][info][gc,heap     ] GC(192) Reclaimed:         -                  -               188M (18%)         201M (20%)            -                  -          
[36.970s][info][gc          ] GC(192) Garbage Collection (Allocation Rate) 462M(45%)->374M(37%)
[37.007s][info][gc,start    ] GC(193) Garbage Collection (Allocation Rate)
[37.007s][info][gc,task     ] GC(193) Using 10 workers
[37.007s][info][gc,phases   ] GC(193) Pause Mark Start 0.012ms
[37.069s][info][gc,phases   ] GC(193) Concurrent Mark 62.210ms
[37.069s][info][gc,phases   ] GC(193) Pause Mark End 0.024ms
[37.069s][info][gc,phases   ] GC(193) Concurrent Mark Free 0.001ms
[37.071s][info][gc,phases   ] GC(193) Concurrent Process Non-Strong References 1.664ms
[37.071s][info][gc,phases   ] GC(193) Concurrent Reset Relocation Set 0.002ms
[37.078s][info][gc,phases   ] GC(193) Concurrent Select Relocation Set 6.582ms
[37.078s][info][gc,phases   ] GC(193) Pause Relocate Start 0.010ms
[37.081s][info][gc,phases   ] GC(193) Concurrent Relocate 3.570ms
[37.081s][info][gc,load     ] GC(193) Load: 0.00/0.00/0.00
[37.082s][info][gc,mmu      ] GC(193) MMU: 2ms/96.6%, 5ms/98.6%, 10ms/99.3%, 20ms/99.7%, 50ms/99.8%, 100ms/99.9%
[37.082s][info][gc,marking  ] GC(193) Mark: 8 stripe(s), 2 proactive flush(es), 1 terminate flush(es), 0 completion(s), 0 continuation(s) 
[37.082s][info][gc,marking  ] GC(193) Mark Stack Usage: 32M
[37.082s][info][gc,nmethod  ] GC(193) NMethods: 5194 registered, 378 unregistered
[37.082s][info][gc,metaspace] GC(193) Metaspace: 58M used, 59M committed, 1088M reserved
[37.082s][info][gc,ref      ] GC(193) Soft: 3044 encountered, 0 discovered, 0 enqueued
[37.082s][info][gc,ref      ] GC(193) Weak: 5915 encountered, 212 discovered, 0 enqueued
[37.082s][info][gc,ref      ] GC(193) Final: 60 encountered, 2 discovered, 0 enqueued
[37.082s][info][gc,ref      ] GC(193) Phantom: 608 encountered, 361 discovered, 0 enqueued
[37.082s][info][gc,reloc    ] GC(193) Small Pages: 204 / 408M, Empty: 176M, Relocated: 6M, In-Place: 0
[37.082s][info][gc,reloc    ] GC(193) Medium Pages: 1 / 32M, Empty: 0M, Relocated: 0M, In-Place: 0
[37.082s][info][gc,reloc    ] GC(193) Large Pages: 2 / 12M, Empty: 0M, Relocated: 0M, In-Place: 0
[37.082s][info][gc,reloc    ] GC(193) Forwarding Usage: 4M
[37.082s][info][gc,heap     ] GC(193) Min Capacity: 8M(1%)
[37.082s][info][gc,heap     ] GC(193) Max Capacity: 1024M(100%)
[37.082s][info][gc,heap     ] GC(193) Soft Max Capacity: 1024M(100%)
[37.082s][info][gc,heap     ] GC(193)                Mark Start          Mark End        Relocate Start      Relocate End           High               Low         
[37.082s][info][gc,heap     ] GC(193)  Capacity:     1024M (100%)       1024M (100%)       1024M (100%)       1024M (100%)       1024M (100%)       1024M (100%)   
[37.082s][info][gc,heap     ] GC(193)      Free:      572M (56%)         444M (43%)         602M (59%)         610M (60%)         610M (60%)         440M (43%)    
[37.082s][info][gc,heap     ] GC(193)      Used:      452M (44%)         580M (57%)         422M (41%)         414M (40%)         584M (57%)         414M (40%)    
[37.082s][info][gc,heap     ] GC(193)      Live:         -               203M (20%)         203M (20%)         203M (20%)            -                  -          
[37.082s][info][gc,heap     ] GC(193) Allocated:         -               128M (13%)         146M (14%)         153M (15%)            -                  -          
[37.082s][info][gc,heap     ] GC(193)   Garbage:         -               248M (24%)          72M (7%)           56M (6%)             -                  -          
[37.082s][info][gc,heap     ] GC(193) Reclaimed:         -                  -               176M (17%)         191M (19%)            -                  -          
[37.082s][info][gc          ] GC(193) Garbage Collection (Allocation Rate) 452M(44%)->414M(40%)
[37.100s][info][gc,start    ] GC(194) Garbage Collection (Allocation Rate)
[37.100s][info][gc,task     ] GC(194) Using 10 workers
[37.101s][info][gc,phases   ] GC(194) Pause Mark Start 0.014ms
[37.163s][info][gc,phases   ] GC(194) Concurrent Mark 62.141ms
[37.163s][info][gc,phases   ] GC(194) Pause Mark End 0.032ms
[37.163s][info][gc,phases   ] GC(194) Concurrent Mark Free 0.001ms
[37.165s][info][gc,phases   ] GC(194) Concurrent Process Non-Strong References 1.895ms
[37.165s][info][gc,phases   ] GC(194) Concurrent Reset Relocation Set 0.002ms
[37.168s][info][gc,phases   ] GC(194) Concurrent Select Relocation Set 2.662ms
[37.168s][info][gc,phases   ] GC(194) Pause Relocate Start 0.012ms
[37.172s][info][gc,phases   ] GC(194) Concurrent Relocate 3.699ms
[37.172s][info][gc,load     ] GC(194) Load: 0.00/0.00/0.00
[37.172s][info][gc,mmu      ] GC(194) MMU: 2ms/96.6%, 5ms/98.6%, 10ms/99.3%, 20ms/99.7%, 50ms/99.8%, 100ms/99.9%
[37.172s][info][gc,marking  ] GC(194) Mark: 8 stripe(s), 2 proactive flush(es), 1 terminate flush(es), 0 completion(s), 0 continuation(s) 
[37.172s][info][gc,marking  ] GC(194) Mark Stack Usage: 32M
[37.172s][info][gc,nmethod  ] GC(194) NMethods: 5194 registered, 378 unregistered
[37.172s][info][gc,metaspace] GC(194) Metaspace: 58M used, 59M committed, 1088M reserved
[37.172s][info][gc,ref      ] GC(194) Soft: 3044 encountered, 0 discovered, 0 enqueued
[37.172s][info][gc,ref      ] GC(194) Weak: 5915 encountered, 1586 discovered, 0 enqueued
[37.172s][info][gc,ref      ] GC(194) Final: 60 encountered, 35 discovered, 0 enqueued
[37.172s][info][gc,ref      ] GC(194) Phantom: 608 encountered, 468 discovered, 0 enqueued
[37.172s][info][gc,reloc    ] GC(194) Small Pages: 205 / 410M, Empty: 184M, Relocated: 6M, In-Place: 0
[37.172s][info][gc,reloc    ] GC(194) Medium Pages: 1 / 32M, Empty: 0M, Relocated: 0M, In-Place: 0
[37.172s][info][gc,reloc    ] GC(194) Large Pages: 2 / 12M, Empty: 0M, Relocated: 0M, In-Place: 0
[37.172s][info][gc,reloc    ] GC(194) Forwarding Usage: 4M
[37.172s][info][gc,heap     ] GC(194) Min Capacity: 8M(1%)
[37.172s][info][gc,heap     ] GC(194) Max Capacity: 1024M(100%)
[37.172s][info][gc,heap     ] GC(194) Soft Max Capacity: 1024M(100%)
[37.172s][info][gc,heap     ] GC(194)                Mark Start          Mark End        Relocate Start      Relocate End           High               Low         
[37.172s][info][gc,heap     ] GC(194)  Capacity:     1024M (100%)       1024M (100%)       1024M (100%)       1024M (100%)       1024M (100%)       1024M (100%)   
[37.172s][info][gc,heap     ] GC(194)      Free:      570M (56%)         448M (44%)         622M (61%)         622M (61%)         622M (61%)         444M (43%)    
[37.172s][info][gc,heap     ] GC(194)      Used:      454M (44%)         576M (56%)         402M (39%)         402M (39%)         580M (57%)         402M (39%)    
[37.172s][info][gc,heap     ] GC(194)      Live:         -               203M (20%)         203M (20%)         203M (20%)            -                  -          
[37.172s][info][gc,heap     ] GC(194) Allocated:         -               122M (12%)         132M (13%)         141M (14%)            -                  -          
[37.172s][info][gc,heap     ] GC(194)   Garbage:         -               250M (24%)          66M (7%)           56M (6%)             -                  -          
[37.172s][info][gc,heap     ] GC(194) Reclaimed:         -                  -               184M (18%)         193M (19%)            -                  -          
[37.172s][info][gc          ] GC(194) Garbage Collection (Allocation Rate) 454M(44%)->402M(39%)
[37.194s][info][gc,start    ] GC(195) Garbage Collection (Allocation Rate)
[37.194s][info][gc,task     ] GC(195) Using 10 workers
[37.194s][info][gc,phases   ] GC(195) Pause Mark Start 0.011ms
[37.257s][info][gc,phases   ] GC(195) Concurrent Mark 62.219ms
[37.257s][info][gc,phases   ] GC(195) Pause Mark End 0.020ms
[37.257s][info][gc,phases   ] GC(195) Concurrent Mark Free 0.001ms
[37.259s][info][gc,phases   ] GC(195) Concurrent Process Non-Strong References 1.779ms
[37.259s][info][gc,phases   ] GC(195) Concurrent Reset Relocation Set 0.003ms
[37.268s][info][gc,phases   ] GC(195) Concurrent Select Relocation Set 9.168ms
[37.268s][info][gc,phases   ] GC(195) Pause Relocate Start 0.009ms
[37.273s][info][gc,phases   ] GC(195) Concurrent Relocate 5.371ms
[37.273s][info][gc,load     ] GC(195) Load: 0.00/0.00/0.00
[37.274s][info][gc,mmu      ] GC(195) MMU: 2ms/96.6%, 5ms/98.6%, 10ms/99.3%, 20ms/99.7%, 50ms/99.8%, 100ms/99.9%
[37.274s][info][gc,marking  ] GC(195) Mark: 8 stripe(s), 3 proactive flush(es), 1 terminate flush(es), 0 completion(s), 0 continuation(s) 
[37.274s][info][gc,marking  ] GC(195) Mark Stack Usage: 32M
[37.274s][info][gc,nmethod  ] GC(195) NMethods: 5194 registered, 378 unregistered
[37.274s][info][gc,metaspace] GC(195) Metaspace: 58M used, 59M committed, 1088M reserved
[37.274s][info][gc,ref      ] GC(195) Soft: 3044 encountered, 0 discovered, 0 enqueued
[37.274s][info][gc,ref      ] GC(195) Weak: 5915 encountered, 1743 discovered, 0 enqueued
[37.274s][info][gc,ref      ] GC(195) Final: 60 encountered, 9 discovered, 0 enqueued
[37.274s][info][gc,ref      ] GC(195) Phantom: 608 encountered, 503 discovered, 0 enqueued
[37.274s][info][gc,reloc    ] GC(195) Small Pages: 208 / 416M, Empty: 182M, Relocated: 6M, In-Place: 0
[37.274s][info][gc,reloc    ] GC(195) Medium Pages: 1 / 32M, Empty: 0M, Relocated: 0M, In-Place: 0
[37.274s][info][gc,reloc    ] GC(195) Large Pages: 2 / 12M, Empty: 0M, Relocated: 0M, In-Place: 0
[37.274s][info][gc,reloc    ] GC(195) Forwarding Usage: 4M
[37.274s][info][gc,heap     ] GC(195) Min Capacity: 8M(1%)
[37.274s][info][gc,heap     ] GC(195) Max Capacity: 1024M(100%)
[37.274s][info][gc,heap     ] GC(195) Soft Max Capacity: 1024M(100%)
[37.274s][info][gc,heap     ] GC(195)                Mark Start          Mark End        Relocate Start      Relocate End           High               Low         
[37.274s][info][gc,heap     ] GC(195)  Capacity:     1024M (100%)       1024M (100%)       1024M (100%)       1024M (100%)       1024M (100%)       1024M (100%)   
[37.274s][info][gc,heap     ] GC(195)      Free:      564M (55%)         402M (39%)         554M (54%)         558M (54%)         570M (56%)         396M (39%)    
[37.274s][info][gc,heap     ] GC(195)      Used:      460M (45%)         622M (61%)         470M (46%)         466M (46%)         628M (61%)         454M (44%)    
[37.274s][info][gc,heap     ] GC(195)      Live:         -               203M (20%)         203M (20%)         203M (20%)            -                  -          
[37.274s][info][gc,heap     ] GC(195) Allocated:         -               162M (16%)         192M (19%)         205M (20%)            -                  -          
[37.274s][info][gc,heap     ] GC(195)   Garbage:         -               256M (25%)          74M (7%)           56M (6%)             -                  -          
[37.274s][info][gc,heap     ] GC(195) Reclaimed:         -                  -               182M (18%)         199M (20%)            -                  -          
[37.274s][info][gc          ] GC(195) Garbage Collection (Allocation Rate) 460M(45%)->466M(46%)
[37.304s][info][gc,start    ] GC(196) Garbage Collection (Allocation Rate)
[37.304s][info][gc,task     ] GC(196) Using 10 workers
[37.304s][info][gc,phases   ] GC(196) Pause Mark Start 0.015ms
[37.366s][info][gc,phases   ] GC(196) Concurrent Mark 62.150ms
[37.366s][info][gc,phases   ] GC(196) Pause Mark End 0.026ms
[37.366s][info][gc,phases   ] GC(196) Concurrent Mark Free 0.001ms
[37.368s][info][gc,phases   ] GC(196) Concurrent Process Non-Strong References 1.638ms
[37.368s][info][gc,phases   ] GC(196) Concurrent Reset Relocation Set 0.003ms
[37.372s][info][gc,phases   ] GC(196) Concurrent Select Relocation Set 3.783ms
[37.372s][info][gc,phases   ] GC(196) Pause Relocate Start 0.008ms
[37.375s][info][gc,phases   ] GC(196) Concurrent Relocate 2.920ms
[37.375s][info][gc,load     ] GC(196) Load: 0.00/0.00/0.00
[37.375s][info][gc,mmu      ] GC(196) MMU: 2ms/96.6%, 5ms/98.6%, 10ms/99.3%, 20ms/99.7%, 50ms/99.8%, 100ms/99.9%
[37.375s][info][gc,marking  ] GC(196) Mark: 8 stripe(s), 2 proactive flush(es), 1 terminate flush(es), 0 completion(s), 0 continuation(s) 
[37.375s][info][gc,marking  ] GC(196) Mark Stack Usage: 32M
[37.375s][info][gc,nmethod  ] GC(196) NMethods: 5194 registered, 378 unregistered
[37.375s][info][gc,metaspace] GC(196) Metaspace: 58M used, 59M committed, 1088M reserved
[37.375s][info][gc,ref      ] GC(196) Soft: 3044 encountered, 0 discovered, 0 enqueued
[37.375s][info][gc,ref      ] GC(196) Weak: 5915 encountered, 1645 discovered, 0 enqueued
[37.375s][info][gc,ref      ] GC(196) Final: 60 encountered, 0 discovered, 0 enqueued
[37.375s][info][gc,ref      ] GC(196) Phantom: 608 encountered, 503 discovered, 0 enqueued
[37.375s][info][gc,reloc    ] GC(196) Small Pages: 251 / 502M, Empty: 270M, Relocated: 6M, In-Place: 0
[37.375s][info][gc,reloc    ] GC(196) Medium Pages: 1 / 32M, Empty: 0M, Relocated: 0M, In-Place: 0
[37.375s][info][gc,reloc    ] GC(196) Large Pages: 2 / 12M, Empty: 0M, Relocated: 0M, In-Place: 0
[37.375s][info][gc,reloc    ] GC(196) Forwarding Usage: 3M
[37.375s][info][gc,heap     ] GC(196) Min Capacity: 8M(1%)
[37.375s][info][gc,heap     ] GC(196) Max Capacity: 1024M(100%)
[37.375s][info][gc,heap     ] GC(196) Soft Max Capacity: 1024M(100%)
[37.375s][info][gc,heap     ] GC(196)                Mark Start          Mark End        Relocate Start      Relocate End           High               Low         
[37.375s][info][gc,heap     ] GC(196)  Capacity:     1024M (100%)       1024M (100%)       1024M (100%)       1024M (100%)       1024M (100%)       1024M (100%)   
[37.375s][info][gc,heap     ] GC(196)      Free:      478M (47%)         314M (31%)         570M (56%)         580M (57%)         580M (57%)         310M (30%)    
[37.375s][info][gc,heap     ] GC(196)      Used:      546M (53%)         710M (69%)         454M (44%)         444M (43%)         714M (70%)         444M (43%)    
[37.375s][info][gc,heap     ] GC(196)      Live:         -               203M (20%)         203M (20%)         203M (20%)            -                  -          
[37.376s][info][gc,heap     ] GC(196) Allocated:         -               164M (16%)         178M (17%)         183M (18%)            -                  -          
[37.376s][info][gc,heap     ] GC(196)   Garbage:         -               342M (33%)          72M (7%)           56M (6%)             -                  -          
[37.376s][info][gc,heap     ] GC(196) Reclaimed:         -                  -               270M (26%)         285M (28%)            -                  -          
[37.376s][info][gc          ] GC(196) Garbage Collection (Allocation Rate) 546M(53%)->444M(43%)
[37.504s][info][gc,start    ] GC(197) Garbage Collection (Allocation Rate)
[37.504s][info][gc,task     ] GC(197) Using 8 workers
[37.504s][info][gc,phases   ] GC(197) Pause Mark Start 0.016ms
[37.582s][info][gc,phases   ] GC(197) Concurrent Mark 77.764ms
[37.582s][info][gc,phases   ] GC(197) Pause Mark End 0.033ms
[37.582s][info][gc,phases   ] GC(197) Concurrent Mark Free 0.001ms
[37.584s][info][gc,phases   ] GC(197) Concurrent Process Non-Strong References 2.387ms
[37.584s][info][gc,phases   ] GC(197) Concurrent Reset Relocation Set 0.003ms
[37.593s][info][gc,phases   ] GC(197) Concurrent Select Relocation Set 8.474ms
[37.593s][info][gc,phases   ] GC(197) Pause Relocate Start 0.010ms
[37.598s][info][gc,phases   ] GC(197) Concurrent Relocate 4.886ms
[37.598s][info][gc,load     ] GC(197) Load: 0.00/0.00/0.00
[37.598s][info][gc,mmu      ] GC(197) MMU: 2ms/96.6%, 5ms/98.6%, 10ms/99.3%, 20ms/99.7%, 50ms/99.8%, 100ms/99.9%
[37.598s][info][gc,marking  ] GC(197) Mark: 8 stripe(s), 2 proactive flush(es), 1 terminate flush(es), 0 completion(s), 0 continuation(s) 
[37.598s][info][gc,marking  ] GC(197) Mark Stack Usage: 32M
[37.598s][info][gc,nmethod  ] GC(197) NMethods: 5231 registered, 382 unregistered
[37.598s][info][gc,metaspace] GC(197) Metaspace: 58M used, 59M committed, 1088M reserved
[37.598s][info][gc,ref      ] GC(197) Soft: 3043 encountered, 0 discovered, 0 enqueued
[37.598s][info][gc,ref      ] GC(197) Weak: 5976 encountered, 1497 discovered, 10 enqueued
[37.598s][info][gc,ref      ] GC(197) Final: 60 encountered, 1 discovered, 0 enqueued
[37.598s][info][gc,ref      ] GC(197) Phantom: 608 encountered, 376 discovered, 0 enqueued
[37.598s][info][gc,reloc    ] GC(197) Small Pages: 303 / 606M, Empty: 366M, Relocated: 6M, In-Place: 0
[37.598s][info][gc,reloc    ] GC(197) Medium Pages: 1 / 32M, Empty: 0M, Relocated: 0M, In-Place: 0
[37.598s][info][gc,reloc    ] GC(197) Large Pages: 3 / 18M, Empty: 6M, Relocated: 0M, In-Place: 0
[37.599s][info][gc,reloc    ] GC(197) Forwarding Usage: 3M
[37.599s][info][gc,heap     ] GC(197) Min Capacity: 8M(1%)
[37.599s][info][gc,heap     ] GC(197) Max Capacity: 1024M(100%)
[37.599s][info][gc,heap     ] GC(197) Soft Max Capacity: 1024M(100%)
[37.599s][info][gc,heap     ] GC(197)                Mark Start          Mark End        Relocate Start      Relocate End           High               Low         
[37.599s][info][gc,heap     ] GC(197)  Capacity:     1024M (100%)       1024M (100%)       1024M (100%)       1024M (100%)       1024M (100%)       1024M (100%)   
[37.599s][info][gc,heap     ] GC(197)      Free:      368M (36%)         364M (36%)         734M (72%)         762M (74%)         762M (74%)         364M (36%)    
[37.599s][info][gc,heap     ] GC(197)      Used:      656M (64%)         660M (64%)         290M (28%)         262M (26%)         660M (64%)         262M (26%)    
[37.599s][info][gc,heap     ] GC(197)      Live:         -               203M (20%)         203M (20%)         203M (20%)            -                  -          
[37.599s][info][gc,heap     ] GC(197) Allocated:         -                 4M (0%)            6M (1%)            6M (1%)             -                  -          
[37.599s][info][gc,heap     ] GC(197)   Garbage:         -               452M (44%)          80M (8%)           52M (5%)             -                  -          
[37.599s][info][gc,heap     ] GC(197) Reclaimed:         -                  -               372M (36%)         400M (39%)            -                  -          
[37.599s][info][gc          ] GC(197) Garbage Collection (Allocation Rate) 656M(64%)->262M(26%)
[37.599s][info][gc,start    ] GC(198) Garbage Collection (System.gc())
[37.599s][info][gc,task     ] GC(198) Using 10 workers
[37.599s][info][gc,phases   ] GC(198) Pause Mark Start 0.008ms
[37.660s][info][gc,phases   ] GC(198) Concurrent Mark 60.699ms
[37.660s][info][gc,phases   ] GC(198) Pause Mark End 0.020ms
[37.660s][info][gc,phases   ] GC(198) Concurrent Mark Free 0.001ms
[37.662s][info][gc,phases   ] GC(198) Concurrent Process Non-Strong References 1.583ms
[37.662s][info][gc,phases   ] GC(198) Concurrent Reset Relocation Set 0.002ms
[37.664s][info][gc,phases   ] GC(198) Concurrent Select Relocation Set 2.623ms
[37.664s][info][gc,phases   ] GC(198) Pause Relocate Start 0.008ms
[37.669s][info][gc,phases   ] GC(198) Concurrent Relocate 4.266ms
[37.669s][info][gc,load     ] GC(198) Load: 0.00/0.00/0.00
[37.669s][info][gc,mmu      ] GC(198) MMU: 2ms/96.6%, 5ms/98.6%, 10ms/99.3%, 20ms/99.7%, 50ms/99.8%, 100ms/99.9%
[37.669s][info][gc,marking  ] GC(198) Mark: 8 stripe(s), 2 proactive flush(es), 1 terminate flush(es), 0 completion(s), 0 continuation(s) 
[37.669s][info][gc,marking  ] GC(198) Mark Stack Usage: 32M
[37.669s][info][gc,nmethod  ] GC(198) NMethods: 5229 registered, 384 unregistered
[37.669s][info][gc,metaspace] GC(198) Metaspace: 58M used, 59M committed, 1088M reserved
[37.669s][info][gc,ref      ] GC(198) Soft: 3042 encountered, 0 discovered, 0 enqueued
[37.669s][info][gc,ref      ] GC(198) Weak: 5971 encountered, 1780 discovered, 113 enqueued
[37.669s][info][gc,ref      ] GC(198) Final: 60 encountered, 0 discovered, 0 enqueued
[37.669s][info][gc,ref      ] GC(198) Phantom: 608 encountered, 477 discovered, 0 enqueued
[37.669s][info][gc,reloc    ] GC(198) Small Pages: 109 / 218M, Empty: 0M, Relocated: 5M, In-Place: 0
[37.669s][info][gc,reloc    ] GC(198) Medium Pages: 1 / 32M, Empty: 0M, Relocated: 0M, In-Place: 0
[37.669s][info][gc,reloc    ] GC(198) Large Pages: 2 / 12M, Empty: 0M, Relocated: 0M, In-Place: 0
[37.669s][info][gc,reloc    ] GC(198) Forwarding Usage: 2M
[37.669s][info][gc,heap     ] GC(198) Min Capacity: 8M(1%)
[37.669s][info][gc,heap     ] GC(198) Max Capacity: 1024M(100%)
[37.669s][info][gc,heap     ] GC(198) Soft Max Capacity: 1024M(100%)
[37.669s][info][gc,heap     ] GC(198)                Mark Start          Mark End        Relocate Start      Relocate End           High               Low         
[37.669s][info][gc,heap     ] GC(198)  Capacity:     1024M (100%)       1024M (100%)       1024M (100%)       1024M (100%)       1024M (100%)       1024M (100%)   
[37.669s][info][gc,heap     ] GC(198)      Free:      762M (74%)         762M (74%)         758M (74%)         756M (74%)         762M (74%)         740M (72%)    
[37.669s][info][gc,heap     ] GC(198)      Used:      262M (26%)         262M (26%)         266M (26%)         268M (26%)         284M (28%)         262M (26%)    
[37.669s][info][gc,heap     ] GC(198)      Live:         -               203M (20%)         203M (20%)         203M (20%)            -                  -          
[37.669s][info][gc,heap     ] GC(198) Allocated:         -                 0M (0%)            4M (0%)            6M (1%)             -                  -          
[37.669s][info][gc,heap     ] GC(198)   Garbage:         -                58M (6%)           58M (6%)           58M (6%)             -                  -          
[37.669s][info][gc,heap     ] GC(198) Reclaimed:         -                  -                 0M (0%)            0M (0%)             -                  -          
[37.669s][info][gc          ] GC(198) Garbage Collection (System.gc()) 262M(26%)->268M(26%)
[37.800s][info][gc,start    ] GC(199) Garbage Collection (Allocation Rate)
[37.801s][info][gc,task     ] GC(199) Using 7 workers
[37.801s][info][gc,phases   ] GC(199) Pause Mark Start 0.018ms
[37.863s][info][gc,phases   ] GC(199) Concurrent Mark 62.057ms
[37.863s][info][gc,phases   ] GC(199) Pause Mark End 0.019ms
[37.863s][info][gc,phases   ] GC(199) Concurrent Mark Free 0.002ms
[37.865s][info][gc,phases   ] GC(199) Concurrent Process Non-Strong References 2.025ms
[37.865s][info][gc,phases   ] GC(199) Concurrent Reset Relocation Set 0.002ms
[37.873s][info][gc,phases   ] GC(199) Concurrent Select Relocation Set 7.789ms
[37.873s][info][gc,phases   ] GC(199) Pause Relocate Start 0.009ms
[37.876s][info][gc,phases   ] GC(199) Concurrent Relocate 3.212ms
[37.876s][info][gc,load     ] GC(199) Load: 0.00/0.00/0.00
[37.877s][info][gc,mmu      ] GC(199) MMU: 2ms/96.6%, 5ms/98.6%, 10ms/99.3%, 20ms/99.7%, 50ms/99.8%, 100ms/99.9%
[37.877s][info][gc,marking  ] GC(199) Mark: 4 stripe(s), 2 proactive flush(es), 1 terminate flush(es), 0 completion(s), 0 continuation(s) 
[37.877s][info][gc,marking  ] GC(199) Mark Stack Usage: 32M
[37.877s][info][gc,nmethod  ] GC(199) NMethods: 5259 registered, 390 unregistered
[37.877s][info][gc,metaspace] GC(199) Metaspace: 58M used, 59M committed, 1088M reserved
[37.877s][info][gc,ref      ] GC(199) Soft: 3044 encountered, 0 discovered, 0 enqueued
[37.877s][info][gc,ref      ] GC(199) Weak: 6022 encountered, 444 discovered, 74 enqueued
[37.877s][info][gc,ref      ] GC(199) Final: 60 encountered, 0 discovered, 0 enqueued
[37.877s][info][gc,ref      ] GC(199) Phantom: 608 encountered, 364 discovered, 0 enqueued
[37.877s][info][gc,reloc    ] GC(199) Small Pages: 203 / 406M, Empty: 156M, Relocated: 6M, In-Place: 0
[37.877s][info][gc,reloc    ] GC(199) Medium Pages: 2 / 64M, Empty: 32M, Relocated: 0M, In-Place: 0
[37.877s][info][gc,reloc    ] GC(199) Large Pages: 4 / 24M, Empty: 12M, Relocated: 0M, In-Place: 0
[37.877s][info][gc,reloc    ] GC(199) Forwarding Usage: 3M
[37.877s][info][gc,heap     ] GC(199) Min Capacity: 8M(1%)
[37.877s][info][gc,heap     ] GC(199) Max Capacity: 1024M(100%)
[37.877s][info][gc,heap     ] GC(199) Soft Max Capacity: 1024M(100%)
[37.877s][info][gc,heap     ] GC(199)                Mark Start          Mark End        Relocate Start      Relocate End           High               Low         
[37.877s][info][gc,heap     ] GC(199)  Capacity:     1024M (100%)       1024M (100%)       1024M (100%)       1024M (100%)       1024M (100%)       1024M (100%)   
[37.877s][info][gc,heap     ] GC(199)      Free:      530M (52%)         352M (34%)         512M (50%)         548M (54%)         548M (54%)         342M (33%)    
[37.877s][info][gc,heap     ] GC(199)      Used:      494M (48%)         672M (66%)         512M (50%)         476M (46%)         682M (67%)         476M (46%)    
[37.877s][info][gc,heap     ] GC(199)      Live:         -               203M (20%)         203M (20%)         203M (20%)            -                  -          
[37.877s][info][gc,heap     ] GC(199) Allocated:         -               178M (17%)         218M (21%)         221M (22%)            -                  -          
[37.877s][info][gc,heap     ] GC(199)   Garbage:         -               290M (28%)          90M (9%)           50M (5%)             -                  -          
[37.877s][info][gc,heap     ] GC(199) Reclaimed:         -                  -               200M (20%)         239M (23%)            -                  -          
[37.877s][info][gc          ] GC(199) Garbage Collection (Allocation Rate) 494M(48%)->476M(46%)
[37.894s][info][gc,start    ] GC(200) Garbage Collection (Allocation Rate)
[37.894s][info][gc,task     ] GC(200) Using 7 workers
[37.894s][info][gc,phases   ] GC(200) Pause Mark Start 0.010ms
[37.972s][info][gc,phases   ] GC(200) Concurrent Mark 77.860ms
[37.972s][info][gc,phases   ] GC(200) Pause Mark End 0.025ms
[37.972s][info][gc,phases   ] GC(200) Concurrent Mark Free 0.001ms
[37.975s][info][gc,phases   ] GC(200) Concurrent Process Non-Strong References 2.544ms
[37.975s][info][gc,phases   ] GC(200) Concurrent Reset Relocation Set 0.002ms
[37.978s][info][gc,phases   ] GC(200) Concurrent Select Relocation Set 2.806ms
[37.978s][info][gc,phases   ] GC(200) Pause Relocate Start 0.006ms
[37.982s][info][gc,phases   ] GC(200) Concurrent Relocate 4.238ms
[37.982s][info][gc,load     ] GC(200) Load: 0.00/0.00/0.00
[37.982s][info][gc,mmu      ] GC(200) MMU: 2ms/96.6%, 5ms/98.6%, 10ms/99.3%, 20ms/99.7%, 50ms/99.8%, 100ms/99.9%
[37.982s][info][gc,marking  ] GC(200) Mark: 4 stripe(s), 2 proactive flush(es), 1 terminate flush(es), 0 completion(s), 0 continuation(s) 
[37.982s][info][gc,marking  ] GC(200) Mark Stack Usage: 32M
[37.982s][info][gc,nmethod  ] GC(200) NMethods: 5259 registered, 390 unregistered
[37.982s][info][gc,metaspace] GC(200) Metaspace: 58M used, 59M committed, 1088M reserved
[37.982s][info][gc,ref      ] GC(200) Soft: 3044 encountered, 0 discovered, 0 enqueued
[37.982s][info][gc,ref      ] GC(200) Weak: 5948 encountered, 421 discovered, 19 enqueued
[37.982s][info][gc,ref      ] GC(200) Final: 60 encountered, 0 discovered, 0 enqueued
[37.982s][info][gc,ref      ] GC(200) Phantom: 608 encountered, 381 discovered, 0 enqueued
[37.982s][info][gc,reloc    ] GC(200) Small Pages: 231 / 462M, Empty: 234M, Relocated: 5M, In-Place: 0
[37.982s][info][gc,reloc    ] GC(200) Medium Pages: 1 / 32M, Empty: 0M, Relocated: 0M, In-Place: 0
[37.983s][info][gc,reloc    ] GC(200) Large Pages: 2 / 12M, Empty: 0M, Relocated: 0M, In-Place: 0
[37.983s][info][gc,reloc    ] GC(200) Forwarding Usage: 2M
[37.983s][info][gc,heap     ] GC(200) Min Capacity: 8M(1%)
[37.983s][info][gc,heap     ] GC(200) Max Capacity: 1024M(100%)
[37.983s][info][gc,heap     ] GC(200) Soft Max Capacity: 1024M(100%)
[37.983s][info][gc,heap     ] GC(200)                Mark Start          Mark End        Relocate Start      Relocate End           High               Low         
[37.983s][info][gc,heap     ] GC(200)  Capacity:     1024M (100%)       1024M (100%)       1024M (100%)       1024M (100%)       1024M (100%)       1024M (100%)   
[37.983s][info][gc,heap     ] GC(200)      Free:      518M (51%)         392M (38%)         618M (60%)         624M (61%)         626M (61%)         388M (38%)    
[37.983s][info][gc,heap     ] GC(200)      Used:      506M (49%)         632M (62%)         406M (40%)         400M (39%)         636M (62%)         398M (39%)    
[37.983s][info][gc,heap     ] GC(200)      Live:         -               203M (20%)         203M (20%)         203M (20%)            -                  -          
[37.983s][info][gc,heap     ] GC(200) Allocated:         -               126M (12%)         134M (13%)         143M (14%)            -                  -          
[37.983s][info][gc,heap     ] GC(200)   Garbage:         -               302M (30%)          68M (7%)           52M (5%)             -                  -          
[37.983s][info][gc,heap     ] GC(200) Reclaimed:         -                  -               234M (23%)         249M (24%)            -                  -          
[37.983s][info][gc          ] GC(200) Garbage Collection (Allocation Rate) 506M(49%)->400M(39%)
[38.004s][info][gc,start    ] GC(201) Garbage Collection (Allocation Rate)
[38.004s][info][gc,task     ] GC(201) Using 7 workers
[38.004s][info][gc,phases   ] GC(201) Pause Mark Start 0.012ms
[38.082s][info][gc,phases   ] GC(201) Concurrent Mark 77.788ms
[38.082s][info][gc,phases   ] GC(201) Pause Mark End 0.031ms
[38.082s][info][gc,phases   ] GC(201) Concurrent Mark Free 0.001ms
[38.085s][info][gc,phases   ] GC(201) Concurrent Process Non-Strong References 2.665ms
[38.085s][info][gc,phases   ] GC(201) Concurrent Reset Relocation Set 0.004ms
[38.088s][info][gc,phases   ] GC(201) Concurrent Select Relocation Set 3.620ms
[38.088s][info][gc,phases   ] GC(201) Pause Relocate Start 0.011ms
[38.093s][info][gc,phases   ] GC(201) Concurrent Relocate 4.564ms
[38.093s][info][gc,load     ] GC(201) Load: 0.00/0.00/0.00
[38.093s][info][gc,mmu      ] GC(201) MMU: 2ms/96.6%, 5ms/98.6%, 10ms/99.3%, 20ms/99.7%, 50ms/99.8%, 100ms/99.9%
[38.093s][info][gc,marking  ] GC(201) Mark: 4 stripe(s), 2 proactive flush(es), 1 terminate flush(es), 0 completion(s), 0 continuation(s) 
[38.093s][info][gc,marking  ] GC(201) Mark Stack Usage: 32M
[38.093s][info][gc,nmethod  ] GC(201) NMethods: 5259 registered, 390 unregistered
[38.093s][info][gc,metaspace] GC(201) Metaspace: 58M used, 59M committed, 1088M reserved
[38.093s][info][gc,ref      ] GC(201) Soft: 3044 encountered, 0 discovered, 0 enqueued
[38.093s][info][gc,ref      ] GC(201) Weak: 5929 encountered, 379 discovered, 0 enqueued
[38.093s][info][gc,ref      ] GC(201) Final: 60 encountered, 0 discovered, 0 enqueued
[38.093s][info][gc,ref      ] GC(201) Phantom: 608 encountered, 424 discovered, 0 enqueued
[38.093s][info][gc,reloc    ] GC(201) Small Pages: 202 / 404M, Empty: 178M, Relocated: 5M, In-Place: 0
[38.093s][info][gc,reloc    ] GC(201) Medium Pages: 1 / 32M, Empty: 0M, Relocated: 0M, In-Place: 0
[38.093s][info][gc,reloc    ] GC(201) Large Pages: 2 / 12M, Empty: 0M, Relocated: 0M, In-Place: 0
[38.094s][info][gc,reloc    ] GC(201) Forwarding Usage: 2M
[38.094s][info][gc,heap     ] GC(201) Min Capacity: 8M(1%)
[38.094s][info][gc,heap     ] GC(201) Max Capacity: 1024M(100%)
[38.094s][info][gc,heap     ] GC(201) Soft Max Capacity: 1024M(100%)
[38.094s][info][gc,heap     ] GC(201)                Mark Start          Mark End        Relocate Start      Relocate End           High               Low         
[38.094s][info][gc,heap     ] GC(201)  Capacity:     1024M (100%)       1024M (100%)       1024M (100%)       1024M (100%)       1024M (100%)       1024M (100%)   
[38.094s][info][gc,heap     ] GC(201)      Free:      576M (56%)         402M (39%)         566M (55%)         568M (55%)         576M (56%)         396M (39%)    
[38.094s][info][gc,heap     ] GC(201)      Used:      448M (44%)         622M (61%)         458M (45%)         456M (45%)         628M (61%)         448M (44%)    
[38.094s][info][gc,heap     ] GC(201)      Live:         -               203M (20%)         203M (20%)         203M (20%)            -                  -          
[38.094s][info][gc,heap     ] GC(201) Allocated:         -               174M (17%)         188M (18%)         199M (20%)            -                  -          
[38.094s][info][gc,heap     ] GC(201)   Garbage:         -               244M (24%)          66M (7%)           52M (5%)             -                  -          
[38.094s][info][gc,heap     ] GC(201) Reclaimed:         -                  -               178M (17%)         191M (19%)            -                  -          
[38.094s][info][gc          ] GC(201) Garbage Collection (Allocation Rate) 448M(44%)->456M(45%)
[38.097s][info][gc,start    ] GC(202) Garbage Collection (Allocation Rate)
[38.097s][info][gc,task     ] GC(202) Using 7 workers
[38.097s][info][gc,phases   ] GC(202) Pause Mark Start 0.011ms
[38.160s][info][gc,phases   ] GC(202) Concurrent Mark 62.244ms
[38.160s][info][gc,phases   ] GC(202) Pause Mark End 0.016ms
[38.160s][info][gc,phases   ] GC(202) Concurrent Mark Free 0.001ms
[38.162s][info][gc,phases   ] GC(202) Concurrent Process Non-Strong References 2.020ms
[38.162s][info][gc,phases   ] GC(202) Concurrent Reset Relocation Set 0.002ms
[38.166s][info][gc,phases   ] GC(202) Concurrent Select Relocation Set 3.613ms
[38.166s][info][gc,phases   ] GC(202) Pause Relocate Start 0.007ms
[38.170s][info][gc,phases   ] GC(202) Concurrent Relocate 4.538ms
[38.170s][info][gc,load     ] GC(202) Load: 0.00/0.00/0.00
[38.170s][info][gc,mmu      ] GC(202) MMU: 2ms/96.6%, 5ms/98.6%, 10ms/99.3%, 20ms/99.7%, 50ms/99.8%, 100ms/99.9%
[38.170s][info][gc,marking  ] GC(202) Mark: 4 stripe(s), 2 proactive flush(es), 1 terminate flush(es), 0 completion(s), 0 continuation(s) 
[38.170s][info][gc,marking  ] GC(202) Mark Stack Usage: 32M
[38.171s][info][gc,nmethod  ] GC(202) NMethods: 5259 registered, 390 unregistered
[38.171s][info][gc,metaspace] GC(202) Metaspace: 58M used, 59M committed, 1088M reserved
[38.171s][info][gc,ref      ] GC(202) Soft: 3044 encountered, 0 discovered, 0 enqueued
[38.171s][info][gc,ref      ] GC(202) Weak: 5929 encountered, 275 discovered, 0 enqueued
[38.171s][info][gc,ref      ] GC(202) Final: 60 encountered, 0 discovered, 0 enqueued
[38.171s][info][gc,ref      ] GC(202) Phantom: 608 encountered, 416 discovered, 0 enqueued
[38.171s][info][gc,reloc    ] GC(202) Small Pages: 212 / 424M, Empty: 196M, Relocated: 5M, In-Place: 0
[38.171s][info][gc,reloc    ] GC(202) Medium Pages: 1 / 32M, Empty: 0M, Relocated: 0M, In-Place: 0
[38.171s][info][gc,reloc    ] GC(202) Large Pages: 2 / 12M, Empty: 0M, Relocated: 0M, In-Place: 0
[38.171s][info][gc,reloc    ] GC(202) Forwarding Usage: 2M
[38.171s][info][gc,heap     ] GC(202) Min Capacity: 8M(1%)
[38.171s][info][gc,heap     ] GC(202) Max Capacity: 1024M(100%)
[38.171s][info][gc,heap     ] GC(202) Soft Max Capacity: 1024M(100%)
[38.171s][info][gc,heap     ] GC(202)                Mark Start          Mark End        Relocate Start      Relocate End           High               Low         
[38.171s][info][gc,heap     ] GC(202)  Capacity:     1024M (100%)       1024M (100%)       1024M (100%)       1024M (100%)       1024M (100%)       1024M (100%)   
[38.171s][info][gc,heap     ] GC(202)      Free:      556M (54%)         392M (38%)         572M (56%)         576M (56%)         582M (57%)         386M (38%)    
[38.171s][info][gc,heap     ] GC(202)      Used:      468M (46%)         632M (62%)         452M (44%)         448M (44%)         638M (62%)         442M (43%)    
[38.171s][info][gc,heap     ] GC(202)      Live:         -               203M (20%)         203M (20%)         203M (20%)            -                  -          
[38.171s][info][gc,heap     ] GC(202) Allocated:         -               164M (16%)         180M (18%)         191M (19%)            -                  -          
[38.171s][info][gc,heap     ] GC(202)   Garbage:         -               264M (26%)          68M (7%)           52M (5%)             -                  -          
[38.171s][info][gc,heap     ] GC(202) Reclaimed:         -                  -               196M (19%)         211M (21%)            -                  -          
[38.171s][info][gc          ] GC(202) Garbage Collection (Allocation Rate) 468M(46%)->448M(44%)
[38.207s][info][gc,start    ] GC(203) Garbage Collection (Allocation Rate)
[38.207s][info][gc,task     ] GC(203) Using 7 workers
[38.207s][info][gc,phases   ] GC(203) Pause Mark Start 0.013ms
[38.285s][info][gc,phases   ] GC(203) Concurrent Mark 77.823ms
[38.285s][info][gc,phases   ] GC(203) Pause Mark End 0.030ms
[38.285s][info][gc,phases   ] GC(203) Concurrent Mark Free 0.001ms
[38.288s][info][gc,phases   ] GC(203) Concurrent Process Non-Strong References 2.512ms
[38.288s][info][gc,phases   ] GC(203) Concurrent Reset Relocation Set 0.002ms
[38.291s][info][gc,phases   ] GC(203) Concurrent Select Relocation Set 3.665ms
[38.291s][info][gc,phases   ] GC(203) Pause Relocate Start 0.011ms
[38.295s][info][gc,phases   ] GC(203) Concurrent Relocate 3.358ms
[38.295s][info][gc,load     ] GC(203) Load: 0.00/0.00/0.00
[38.295s][info][gc,mmu      ] GC(203) MMU: 2ms/96.6%, 5ms/98.6%, 10ms/99.3%, 20ms/99.7%, 50ms/99.8%, 100ms/99.9%
[38.295s][info][gc,marking  ] GC(203) Mark: 4 stripe(s), 2 proactive flush(es), 1 terminate flush(es), 0 completion(s), 0 continuation(s) 
[38.295s][info][gc,marking  ] GC(203) Mark Stack Usage: 32M
[38.295s][info][gc,nmethod  ] GC(203) NMethods: 5259 registered, 390 unregistered
[38.295s][info][gc,metaspace] GC(203) Metaspace: 58M used, 59M committed, 1088M reserved
[38.295s][info][gc,ref      ] GC(203) Soft: 3044 encountered, 0 discovered, 0 enqueued
[38.295s][info][gc,ref      ] GC(203) Weak: 5929 encountered, 2816 discovered, 0 enqueued
[38.295s][info][gc,ref      ] GC(203) Final: 60 encountered, 0 discovered, 0 enqueued
[38.295s][info][gc,ref      ] GC(203) Phantom: 608 encountered, 364 discovered, 0 enqueued
[38.295s][info][gc,reloc    ] GC(203) Small Pages: 243 / 486M, Empty: 260M, Relocated: 5M, In-Place: 0
[38.295s][info][gc,reloc    ] GC(203) Medium Pages: 1 / 32M, Empty: 0M, Relocated: 0M, In-Place: 0
[38.295s][info][gc,reloc    ] GC(203) Large Pages: 2 / 12M, Empty: 0M, Relocated: 0M, In-Place: 0
[38.295s][info][gc,reloc    ] GC(203) Forwarding Usage: 2M
[38.295s][info][gc,heap     ] GC(203) Min Capacity: 8M(1%)
[38.295s][info][gc,heap     ] GC(203) Max Capacity: 1024M(100%)
[38.295s][info][gc,heap     ] GC(203) Soft Max Capacity: 1024M(100%)
[38.295s][info][gc,heap     ] GC(203)                Mark Start          Mark End        Relocate Start      Relocate End           High               Low         
[38.295s][info][gc,heap     ] GC(203)  Capacity:     1024M (100%)       1024M (100%)       1024M (100%)       1024M (100%)       1024M (100%)       1024M (100%)   
[38.295s][info][gc,heap     ] GC(203)      Free:      494M (48%)         320M (31%)         566M (55%)         574M (56%)         574M (56%)         314M (31%)    
[38.295s][info][gc,heap     ] GC(203)      Used:      530M (52%)         704M (69%)         458M (45%)         450M (44%)         710M (69%)         450M (44%)    
[38.296s][info][gc,heap     ] GC(203)      Live:         -               203M (20%)         203M (20%)         203M (20%)            -                  -          
[38.296s][info][gc,heap     ] GC(203) Allocated:         -               174M (17%)         188M (18%)         193M (19%)            -                  -          
[38.296s][info][gc,heap     ] GC(203)   Garbage:         -               326M (32%)          66M (7%)           52M (5%)             -                  -          
[38.296s][info][gc,heap     ] GC(203) Reclaimed:         -                  -               260M (25%)         273M (27%)            -                  -          
[38.296s][info][gc          ] GC(203) Garbage Collection (Allocation Rate) 530M(52%)->450M(44%)
[38.300s][info][gc,start    ] GC(204) Garbage Collection (Allocation Rate)
[38.300s][info][gc,task     ] GC(204) Using 7 workers
[38.301s][info][gc,phases   ] GC(204) Pause Mark Start 0.011ms
[38.363s][info][gc,phases   ] GC(204) Concurrent Mark 62.197ms
[38.363s][info][gc,phases   ] GC(204) Pause Mark End 0.020ms
[38.363s][info][gc,phases   ] GC(204) Concurrent Mark Free 0.001ms
[38.365s][info][gc,phases   ] GC(204) Concurrent Process Non-Strong References 2.231ms
[38.365s][info][gc,phases   ] GC(204) Concurrent Reset Relocation Set 0.002ms
[38.369s][info][gc,phases   ] GC(204) Concurrent Select Relocation Set 3.590ms
[38.369s][info][gc,phases   ] GC(204) Pause Relocate Start 0.005ms
[38.372s][info][gc,phases   ] GC(204) Concurrent Relocate 2.589ms
[38.372s][info][gc,load     ] GC(204) Load: 0.00/0.00/0.00
[38.372s][info][gc,mmu      ] GC(204) MMU: 2ms/96.6%, 5ms/98.6%, 10ms/99.3%, 20ms/99.7%, 50ms/99.8%, 100ms/99.9%
[38.372s][info][gc,marking  ] GC(204) Mark: 4 stripe(s), 2 proactive flush(es), 1 terminate flush(es), 0 completion(s), 0 continuation(s) 
[38.372s][info][gc,marking  ] GC(204) Mark Stack Usage: 32M
[38.372s][info][gc,nmethod  ] GC(204) NMethods: 5259 registered, 390 unregistered
[38.372s][info][gc,metaspace] GC(204) Metaspace: 58M used, 59M committed, 1088M reserved
[38.372s][info][gc,ref      ] GC(204) Soft: 3044 encountered, 0 discovered, 0 enqueued
[38.372s][info][gc,ref      ] GC(204) Weak: 5929 encountered, 1472 discovered, 0 enqueued
[38.372s][info][gc,ref      ] GC(204) Final: 60 encountered, 4 discovered, 0 enqueued
[38.372s][info][gc,ref      ] GC(204) Phantom: 608 encountered, 425 discovered, 0 enqueued
[38.372s][info][gc,reloc    ] GC(204) Small Pages: 209 / 418M, Empty: 194M, Relocated: 5M, In-Place: 0
[38.372s][info][gc,reloc    ] GC(204) Medium Pages: 1 / 32M, Empty: 0M, Relocated: 0M, In-Place: 0
[38.372s][info][gc,reloc    ] GC(204) Large Pages: 2 / 12M, Empty: 0M, Relocated: 0M, In-Place: 0
[38.372s][info][gc,reloc    ] GC(204) Forwarding Usage: 2M
[38.372s][info][gc,heap     ] GC(204) Min Capacity: 8M(1%)
[38.372s][info][gc,heap     ] GC(204) Max Capacity: 1024M(100%)
[38.372s][info][gc,heap     ] GC(204) Soft Max Capacity: 1024M(100%)
[38.372s][info][gc,heap     ] GC(204)                Mark Start          Mark End        Relocate Start      Relocate End           High               Low         
[38.372s][info][gc,heap     ] GC(204)  Capacity:     1024M (100%)       1024M (100%)       1024M (100%)       1024M (100%)       1024M (100%)       1024M (100%)   
[38.372s][info][gc,heap     ] GC(204)      Free:      562M (55%)         428M (42%)         608M (59%)         614M (60%)         614M (60%)         422M (41%)    
[38.372s][info][gc,heap     ] GC(204)      Used:      462M (45%)         596M (58%)         416M (41%)         410M (40%)         602M (59%)         410M (40%)    
[38.372s][info][gc,heap     ] GC(204)      Live:         -               203M (20%)         203M (20%)         203M (20%)            -                  -          
[38.372s][info][gc,heap     ] GC(204) Allocated:         -               134M (13%)         148M (14%)         153M (15%)            -                  -          
[38.372s][info][gc,heap     ] GC(204)   Garbage:         -               258M (25%)          64M (6%)           52M (5%)             -                  -          
[38.372s][info][gc,heap     ] GC(204) Reclaimed:         -                  -               194M (19%)         205M (20%)            -                  -          
[38.372s][info][gc          ] GC(204) Garbage Collection (Allocation Rate) 462M(45%)->410M(40%)
[38.503s][info][gc,start    ] GC(205) Garbage Collection (Allocation Rate)
[38.503s][info][gc,task     ] GC(205) Using 6 workers
[38.504s][info][gc,phases   ] GC(205) Pause Mark Start 0.019ms
[38.581s][info][gc,phases   ] GC(205) Concurrent Mark 77.667ms
[38.582s][info][gc,phases   ] GC(205) Pause Mark End 0.023ms
[38.582s][info][gc,phases   ] GC(205) Concurrent Mark Free 0.001ms
[38.584s][info][gc,phases   ] GC(205) Concurrent Process Non-Strong References 2.639ms
[38.584s][info][gc,phases   ] GC(205) Concurrent Reset Relocation Set 0.001ms
[38.587s][info][gc,phases   ] GC(205) Concurrent Select Relocation Set 2.801ms
[38.587s][info][gc,phases   ] GC(205) Pause Relocate Start 0.009ms
[38.590s][info][gc,phases   ] GC(205) Concurrent Relocate 3.022ms
[38.590s][info][gc,load     ] GC(205) Load: 0.00/0.00/0.00
[38.590s][info][gc,mmu      ] GC(205) MMU: 2ms/96.6%, 5ms/98.6%, 10ms/99.3%, 20ms/99.7%, 50ms/99.8%, 100ms/99.9%
[38.590s][info][gc,marking  ] GC(205) Mark: 4 stripe(s), 2 proactive flush(es), 1 terminate flush(es), 0 completion(s), 0 continuation(s) 
[38.590s][info][gc,marking  ] GC(205) Mark Stack Usage: 32M
[38.590s][info][gc,nmethod  ] GC(205) NMethods: 5259 registered, 390 unregistered
[38.591s][info][gc,metaspace] GC(205) Metaspace: 58M used, 59M committed, 1088M reserved
[38.591s][info][gc,ref      ] GC(205) Soft: 3044 encountered, 0 discovered, 0 enqueued
[38.591s][info][gc,ref      ] GC(205) Weak: 5929 encountered, 2390 discovered, 0 enqueued
[38.591s][info][gc,ref      ] GC(205) Final: 60 encountered, 5 discovered, 0 enqueued
[38.591s][info][gc,ref      ] GC(205) Phantom: 608 encountered, 420 discovered, 0 enqueued
[38.591s][info][gc,reloc    ] GC(205) Small Pages: 335 / 670M, Empty: 442M, Relocated: 5M, In-Place: 0
[38.591s][info][gc,reloc    ] GC(205) Medium Pages: 1 / 32M, Empty: 0M, Relocated: 0M, In-Place: 0
[38.591s][info][gc,reloc    ] GC(205) Large Pages: 2 / 12M, Empty: 0M, Relocated: 0M, In-Place: 0
[38.591s][info][gc,reloc    ] GC(205) Forwarding Usage: 2M
[38.591s][info][gc,heap     ] GC(205) Min Capacity: 8M(1%)
[38.591s][info][gc,heap     ] GC(205) Max Capacity: 1024M(100%)
[38.591s][info][gc,heap     ] GC(205) Soft Max Capacity: 1024M(100%)
[38.591s][info][gc,heap     ] GC(205)                Mark Start          Mark End        Relocate Start      Relocate End           High               Low         
[38.591s][info][gc,heap     ] GC(205)  Capacity:     1024M (100%)       1024M (100%)       1024M (100%)       1024M (100%)       1024M (100%)       1024M (100%)   
[38.591s][info][gc,heap     ] GC(205)      Free:      310M (30%)         128M (13%)         556M (54%)         566M (55%)         566M (55%)         120M (12%)    
[38.591s][info][gc,heap     ] GC(205)      Used:      714M (70%)         896M (88%)         468M (46%)         458M (45%)         904M (88%)         458M (45%)    
[38.591s][info][gc,heap     ] GC(205)      Live:         -               203M (20%)         203M (20%)         203M (20%)            -                  -          
[38.591s][info][gc,heap     ] GC(205) Allocated:         -               182M (18%)         196M (19%)         203M (20%)            -                  -          
[38.591s][info][gc,heap     ] GC(205)   Garbage:         -               510M (50%)          68M (7%)           50M (5%)             -                  -          
[38.591s][info][gc,heap     ] GC(205) Reclaimed:         -                  -               442M (43%)         459M (45%)            -                  -          
[38.591s][info][gc          ] GC(205) Garbage Collection (Allocation Rate) 714M(70%)->458M(45%)
[38.706s][info][gc,start    ] GC(206) Garbage Collection (Allocation Rate)
[38.707s][info][gc,task     ] GC(206) Using 7 workers
[38.707s][info][gc,phases   ] GC(206) Pause Mark Start 0.016ms
[38.785s][info][gc,phases   ] GC(206) Concurrent Mark 78.592ms
[38.786s][info][gc,phases   ] GC(206) Pause Mark End 0.029ms
[38.786s][info][gc,phases   ] GC(206) Concurrent Mark Free 0.001ms
[38.788s][info][gc,phases   ] GC(206) Concurrent Process Non-Strong References 2.498ms
[38.788s][info][gc,phases   ] GC(206) Concurrent Reset Relocation Set 0.003ms
[38.795s][info][gc,phases   ] GC(206) Concurrent Select Relocation Set 7.069ms
[38.796s][info][gc,phases   ] GC(206) Pause Relocate Start 0.008ms
[38.799s][info][gc,phases   ] GC(206) Concurrent Relocate 3.887ms
[38.800s][info][gc,load     ] GC(206) Load: 0.00/0.00/0.00
[38.800s][info][gc,mmu      ] GC(206) MMU: 2ms/96.6%, 5ms/98.6%, 10ms/99.3%, 20ms/99.7%, 50ms/99.8%, 100ms/99.9%
[38.800s][info][gc,marking  ] GC(206) Mark: 4 stripe(s), 2 proactive flush(es), 1 terminate flush(es), 0 completion(s), 0 continuation(s) 
[38.800s][info][gc,marking  ] GC(206) Mark Stack Usage: 32M
[38.800s][info][gc,nmethod  ] GC(206) NMethods: 5304 registered, 390 unregistered
[38.800s][info][gc,metaspace] GC(206) Metaspace: 58M used, 59M committed, 1088M reserved
[38.800s][info][gc,ref      ] GC(206) Soft: 3042 encountered, 0 discovered, 0 enqueued
[38.800s][info][gc,ref      ] GC(206) Weak: 5988 encountered, 2072 discovered, 5 enqueued
[38.800s][info][gc,ref      ] GC(206) Final: 60 encountered, 1 discovered, 0 enqueued
[38.800s][info][gc,ref      ] GC(206) Phantom: 608 encountered, 418 discovered, 0 enqueued
[38.800s][info][gc,reloc    ] GC(206) Small Pages: 325 / 650M, Empty: 430M, Relocated: 4M, In-Place: 0
[38.800s][info][gc,reloc    ] GC(206) Medium Pages: 1 / 32M, Empty: 0M, Relocated: 0M, In-Place: 0
[38.800s][info][gc,reloc    ] GC(206) Large Pages: 3 / 18M, Empty: 6M, Relocated: 0M, In-Place: 0
[38.800s][info][gc,reloc    ] GC(206) Forwarding Usage: 2M
[38.800s][info][gc,heap     ] GC(206) Min Capacity: 8M(1%)
[38.800s][info][gc,heap     ] GC(206) Max Capacity: 1024M(100%)
[38.800s][info][gc,heap     ] GC(206) Soft Max Capacity: 1024M(100%)
[38.800s][info][gc,heap     ] GC(206)                Mark Start          Mark End        Relocate Start      Relocate End           High               Low         
[38.800s][info][gc,heap     ] GC(206)  Capacity:     1024M (100%)       1024M (100%)       1024M (100%)       1024M (100%)       1024M (100%)       1024M (100%)   
[38.800s][info][gc,heap     ] GC(206)      Free:      324M (32%)         318M (31%)         754M (74%)         762M (74%)         762M (74%)         318M (31%)    
[38.800s][info][gc,heap     ] GC(206)      Used:      700M (68%)         706M (69%)         270M (26%)         262M (26%)         706M (69%)         262M (26%)    
[38.800s][info][gc,heap     ] GC(206)      Live:         -               203M (20%)         203M (20%)         203M (20%)            -                  -          
[38.800s][info][gc,heap     ] GC(206) Allocated:         -                 6M (1%)            6M (1%)            6M (1%)             -                  -          
[38.800s][info][gc,heap     ] GC(206)   Garbage:         -               496M (49%)          60M (6%)           52M (5%)             -                  -          
[38.800s][info][gc,heap     ] GC(206) Reclaimed:         -                  -               436M (43%)         444M (43%)            -                  -          
[38.800s][info][gc          ] GC(206) Garbage Collection (Allocation Rate) 700M(68%)->262M(26%)
[38.800s][info][gc,start    ] GC(207) Garbage Collection (System.gc())
[38.800s][info][gc,task     ] GC(207) Using 10 workers
[38.800s][info][gc,phases   ] GC(207) Pause Mark Start 0.010ms
[38.864s][info][gc,phases   ] GC(207) Concurrent Mark 62.993ms
[38.864s][info][gc,phases   ] GC(207) Pause Mark End 0.034ms
[38.864s][info][gc,phases   ] GC(207) Concurrent Mark Free 0.001ms
[38.866s][info][gc,phases   ] GC(207) Concurrent Process Non-Strong References 1.966ms
[38.866s][info][gc,phases   ] GC(207) Concurrent Reset Relocation Set 0.002ms
[38.870s][info][gc,phases   ] GC(207) Concurrent Select Relocation Set 3.636ms
[38.870s][info][gc,phases   ] GC(207) Pause Relocate Start 0.011ms
[38.874s][info][gc,phases   ] GC(207) Concurrent Relocate 4.429ms
[38.874s][info][gc,load     ] GC(207) Load: 0.00/0.00/0.00
[38.874s][info][gc,mmu      ] GC(207) MMU: 2ms/96.6%, 5ms/98.6%, 10ms/99.3%, 20ms/99.7%, 50ms/99.8%, 100ms/99.9%
[38.874s][info][gc,marking  ] GC(207) Mark: 8 stripe(s), 1 proactive flush(es), 1 terminate flush(es), 0 completion(s), 0 continuation(s) 
[38.874s][info][gc,marking  ] GC(207) Mark Stack Usage: 32M
[38.874s][info][gc,nmethod  ] GC(207) NMethods: 5333 registered, 394 unregistered
[38.874s][info][gc,metaspace] GC(207) Metaspace: 58M used, 59M committed, 1088M reserved
[38.874s][info][gc,ref      ] GC(207) Soft: 3042 encountered, 0 discovered, 0 enqueued
[38.875s][info][gc,ref      ] GC(207) Weak: 5992 encountered, 689 discovered, 116 enqueued
[38.875s][info][gc,ref      ] GC(207) Final: 60 encountered, 0 discovered, 0 enqueued
[38.875s][info][gc,ref      ] GC(207) Phantom: 608 encountered, 593 discovered, 0 enqueued
[38.875s][info][gc,reloc    ] GC(207) Small Pages: 109 / 218M, Empty: 0M, Relocated: 4M, In-Place: 0
[38.875s][info][gc,reloc    ] GC(207) Medium Pages: 1 / 32M, Empty: 0M, Relocated: 0M, In-Place: 0
[38.875s][info][gc,reloc    ] GC(207) Large Pages: 2 / 12M, Empty: 0M, Relocated: 0M, In-Place: 0
[38.875s][info][gc,reloc    ] GC(207) Forwarding Usage: 2M
[38.875s][info][gc,heap     ] GC(207) Min Capacity: 8M(1%)
[38.875s][info][gc,heap     ] GC(207) Max Capacity: 1024M(100%)
[38.875s][info][gc,heap     ] GC(207) Soft Max Capacity: 1024M(100%)
[38.875s][info][gc,heap     ] GC(207)                Mark Start          Mark End        Relocate Start      Relocate End           High               Low         
[38.875s][info][gc,heap     ] GC(207)  Capacity:     1024M (100%)       1024M (100%)       1024M (100%)       1024M (100%)       1024M (100%)       1024M (100%)   
[38.875s][info][gc,heap     ] GC(207)      Free:      762M (74%)         760M (74%)         756M (74%)         756M (74%)         762M (74%)         738M (72%)    
[38.875s][info][gc,heap     ] GC(207)      Used:      262M (26%)         264M (26%)         268M (26%)         268M (26%)         286M (28%)         262M (26%)    
[38.875s][info][gc,heap     ] GC(207)      Live:         -               203M (20%)         203M (20%)         203M (20%)            -                  -          
[38.875s][info][gc,heap     ] GC(207) Allocated:         -                 2M (0%)            6M (1%)            6M (1%)             -                  -          
[38.875s][info][gc,heap     ] GC(207)   Garbage:         -                58M (6%)           58M (6%)           58M (6%)             -                  -          
[38.875s][info][gc,heap     ] GC(207) Reclaimed:         -                  -                 0M (0%)            0M (0%)             -                  -          
[38.875s][info][gc          ] GC(207) Garbage Collection (System.gc()) 262M(26%)->268M(26%)
[39.004s][info][gc,start    ] GC(208) Garbage Collection (Allocation Rate)
[39.004s][info][gc,task     ] GC(208) Using 7 workers
[39.004s][info][gc,phases   ] GC(208) Pause Mark Start 0.018ms
[39.067s][info][gc,phases   ] GC(208) Concurrent Mark 62.019ms
[39.067s][info][gc,phases   ] GC(208) Pause Mark End 0.017ms
[39.067s][info][gc,phases   ] GC(208) Concurrent Mark Free 0.001ms
[39.069s][info][gc,phases   ] GC(208) Concurrent Process Non-Strong References 2.391ms
[39.069s][info][gc,phases   ] GC(208) Concurrent Reset Relocation Set 0.001ms
[39.074s][info][gc,phases   ] GC(208) Concurrent Select Relocation Set 4.543ms
[39.074s][info][gc,phases   ] GC(208) Pause Relocate Start 0.008ms
[39.078s][info][gc,phases   ] GC(208) Concurrent Relocate 3.994ms
[39.078s][info][gc,load     ] GC(208) Load: 0.00/0.00/0.00
[39.078s][info][gc,mmu      ] GC(208) MMU: 2ms/96.6%, 5ms/98.6%, 10ms/99.3%, 20ms/99.7%, 50ms/99.8%, 100ms/99.9%
[39.078s][info][gc,marking  ] GC(208) Mark: 4 stripe(s), 2 proactive flush(es), 1 terminate flush(es), 0 completion(s), 0 continuation(s) 
[39.078s][info][gc,marking  ] GC(208) Mark Stack Usage: 32M
[39.078s][info][gc,nmethod  ] GC(208) NMethods: 5400 registered, 6 unregistered
[39.078s][info][gc,metaspace] GC(208) Metaspace: 58M used, 59M committed, 1088M reserved
[39.078s][info][gc,ref      ] GC(208) Soft: 3044 encountered, 0 discovered, 0 enqueued
[39.078s][info][gc,ref      ] GC(208) Weak: 6014 encountered, 3100 discovered, 74 enqueued
[39.078s][info][gc,ref      ] GC(208) Final: 60 encountered, 4 discovered, 0 enqueued
[39.078s][info][gc,ref      ] GC(208) Phantom: 608 encountered, 432 discovered, 0 enqueued
[39.078s][info][gc,reloc    ] GC(208) Small Pages: 201 / 402M, Empty: 152M, Relocated: 5M, In-Place: 0
[39.078s][info][gc,reloc    ] GC(208) Medium Pages: 2 / 64M, Empty: 32M, Relocated: 0M, In-Place: 0
[39.078s][info][gc,reloc    ] GC(208) Large Pages: 4 / 24M, Empty: 12M, Relocated: 0M, In-Place: 0
[39.078s][info][gc,reloc    ] GC(208) Forwarding Usage: 2M
[39.079s][info][gc,heap     ] GC(208) Min Capacity: 8M(1%)
[39.079s][info][gc,heap     ] GC(208) Max Capacity: 1024M(100%)
[39.079s][info][gc,heap     ] GC(208) Soft Max Capacity: 1024M(100%)
[39.079s][info][gc,heap     ] GC(208)                Mark Start          Mark End        Relocate Start      Relocate End           High               Low         
[39.079s][info][gc,heap     ] GC(208)  Capacity:     1024M (100%)       1024M (100%)       1024M (100%)       1024M (100%)       1024M (100%)       1024M (100%)   
[39.079s][info][gc,heap     ] GC(208)      Free:      534M (52%)         346M (34%)         512M (50%)         538M (53%)         544M (53%)         334M (33%)    
[39.079s][info][gc,heap     ] GC(208)      Used:      490M (48%)         678M (66%)         512M (50%)         486M (47%)         690M (67%)         480M (47%)    
[39.079s][info][gc,heap     ] GC(208)      Live:         -               203M (20%)         203M (20%)         203M (20%)            -                  -          
[39.079s][info][gc,heap     ] GC(208) Allocated:         -               188M (18%)         218M (21%)         229M (22%)            -                  -          
[39.079s][info][gc,heap     ] GC(208)   Garbage:         -               286M (28%)          90M (9%)           52M (5%)             -                  -          
[39.079s][info][gc,heap     ] GC(208) Reclaimed:         -                  -               196M (19%)         233M (23%)            -                  -          
[39.079s][info][gc          ] GC(208) Garbage Collection (Allocation Rate) 490M(48%)->486M(47%)
[39.098s][info][gc,start    ] GC(209) Garbage Collection (Allocation Rate)
[39.098s][info][gc,task     ] GC(209) Using 7 workers
[39.098s][info][gc,phases   ] GC(209) Pause Mark Start 0.011ms
[39.160s][info][gc,phases   ] GC(209) Concurrent Mark 62.199ms
[39.161s][info][gc,phases   ] GC(209) Pause Mark End 0.030ms
[39.161s][info][gc,phases   ] GC(209) Concurrent Mark Free 0.001ms
[39.163s][info][gc,phases   ] GC(209) Concurrent Process Non-Strong References 2.396ms
[39.163s][info][gc,phases   ] GC(209) Concurrent Reset Relocation Set 0.004ms
[39.167s][info][gc,phases   ] GC(209) Concurrent Select Relocation Set 3.665ms
[39.167s][info][gc,phases   ] GC(209) Pause Relocate Start 0.009ms
[39.171s][info][gc,phases   ] GC(209) Concurrent Relocate 4.416ms
[39.172s][info][gc,load     ] GC(209) Load: 0.00/0.00/0.00
[39.172s][info][gc,mmu      ] GC(209) MMU: 2ms/96.6%, 5ms/98.6%, 10ms/99.3%, 20ms/99.7%, 50ms/99.8%, 100ms/99.9%
[39.172s][info][gc,marking  ] GC(209) Mark: 4 stripe(s), 2 proactive flush(es), 1 terminate flush(es), 0 completion(s), 0 continuation(s) 
[39.172s][info][gc,marking  ] GC(209) Mark Stack Usage: 32M
[39.172s][info][gc,nmethod  ] GC(209) NMethods: 5400 registered, 8 unregistered
[39.172s][info][gc,metaspace] GC(209) Metaspace: 58M used, 59M committed, 1088M reserved
[39.172s][info][gc,ref      ] GC(209) Soft: 3044 encountered, 0 discovered, 0 enqueued
[39.172s][info][gc,ref      ] GC(209) Weak: 5939 encountered, 435 discovered, 15 enqueued
[39.172s][info][gc,ref      ] GC(209) Final: 60 encountered, 0 discovered, 0 enqueued
[39.172s][info][gc,ref      ] GC(209) Phantom: 608 encountered, 423 discovered, 0 enqueued
[39.172s][info][gc,reloc    ] GC(209) Small Pages: 254 / 508M, Empty: 274M, Relocated: 5M, In-Place: 0
[39.172s][info][gc,reloc    ] GC(209) Medium Pages: 1 / 32M, Empty: 0M, Relocated: 0M, In-Place: 0
[39.172s][info][gc,reloc    ] GC(209) Large Pages: 2 / 12M, Empty: 0M, Relocated: 0M, In-Place: 0
[39.172s][info][gc,reloc    ] GC(209) Forwarding Usage: 2M
[39.172s][info][gc,heap     ] GC(209) Min Capacity: 8M(1%)
[39.172s][info][gc,heap     ] GC(209) Max Capacity: 1024M(100%)
[39.172s][info][gc,heap     ] GC(209) Soft Max Capacity: 1024M(100%)
[39.172s][info][gc,heap     ] GC(209)                Mark Start          Mark End        Relocate Start      Relocate End           High               Low         
[39.172s][info][gc,heap     ] GC(209)  Capacity:     1024M (100%)       1024M (100%)       1024M (100%)       1024M (100%)       1024M (100%)       1024M (100%)   
[39.172s][info][gc,heap     ] GC(209)      Free:      472M (46%)         268M (26%)         522M (51%)         534M (52%)         536M (52%)         260M (25%)    
[39.172s][info][gc,heap     ] GC(209)      Used:      552M (54%)         756M (74%)         502M (49%)         490M (48%)         764M (75%)         488M (48%)    
[39.172s][info][gc,heap     ] GC(209)      Live:         -               203M (20%)         203M (20%)         203M (20%)            -                  -          
[39.172s][info][gc,heap     ] GC(209) Allocated:         -               204M (20%)         224M (22%)         233M (23%)            -                  -          
[39.172s][info][gc,heap     ] GC(209)   Garbage:         -               348M (34%)          74M (7%)           52M (5%)             -                  -          
[39.172s][info][gc,heap     ] GC(209) Reclaimed:         -                  -               274M (27%)         295M (29%)            -                  -          
[39.172s][info][gc          ] GC(209) Garbage Collection (Allocation Rate) 552M(54%)->490M(48%)
[39.207s][info][gc,start    ] GC(210) Garbage Collection (Allocation Rate)
[39.207s][info][gc,task     ] GC(210) Using 7 workers
[39.207s][info][gc,phases   ] GC(210) Pause Mark Start 0.011ms
[39.270s][info][gc,phases   ] GC(210) Concurrent Mark 62.207ms
[39.270s][info][gc,phases   ] GC(210) Pause Mark End 0.025ms
[39.270s][info][gc,phases   ] GC(210) Concurrent Mark Free 0.001ms
[39.272s][info][gc,phases   ] GC(210) Concurrent Process Non-Strong References 2.060ms
[39.272s][info][gc,phases   ] GC(210) Concurrent Reset Relocation Set 0.003ms
[39.276s][info][gc,phases   ] GC(210) Concurrent Select Relocation Set 3.684ms
[39.276s][info][gc,phases   ] GC(210) Pause Relocate Start 0.006ms
[39.280s][info][gc,phases   ] GC(210) Concurrent Relocate 4.491ms
[39.280s][info][gc,load     ] GC(210) Load: 0.00/0.00/0.00
[39.281s][info][gc,mmu      ] GC(210) MMU: 2ms/96.6%, 5ms/98.6%, 10ms/99.3%, 20ms/99.7%, 50ms/99.8%, 100ms/99.9%
[39.281s][info][gc,marking  ] GC(210) Mark: 4 stripe(s), 2 proactive flush(es), 1 terminate flush(es), 0 completion(s), 0 continuation(s) 
[39.281s][info][gc,marking  ] GC(210) Mark Stack Usage: 32M
[39.281s][info][gc,nmethod  ] GC(210) NMethods: 5400 registered, 8 unregistered
[39.281s][info][gc,metaspace] GC(210) Metaspace: 58M used, 59M committed, 1088M reserved
[39.281s][info][gc,ref      ] GC(210) Soft: 3044 encountered, 0 discovered, 0 enqueued
[39.281s][info][gc,ref      ] GC(210) Weak: 5924 encountered, 2630 discovered, 0 enqueued
[39.281s][info][gc,ref      ] GC(210) Final: 60 encountered, 6 discovered, 0 enqueued
[39.281s][info][gc,ref      ] GC(210) Phantom: 608 encountered, 483 discovered, 0 enqueued
[39.281s][info][gc,reloc    ] GC(210) Small Pages: 259 / 518M, Empty: 292M, Relocated: 5M, In-Place: 0
[39.281s][info][gc,reloc    ] GC(210) Medium Pages: 1 / 32M, Empty: 0M, Relocated: 0M, In-Place: 0
[39.281s][info][gc,reloc    ] GC(210) Large Pages: 2 / 12M, Empty: 0M, Relocated: 0M, In-Place: 0
[39.281s][info][gc,reloc    ] GC(210) Forwarding Usage: 2M
[39.281s][info][gc,heap     ] GC(210) Min Capacity: 8M(1%)
[39.281s][info][gc,heap     ] GC(210) Max Capacity: 1024M(100%)
[39.281s][info][gc,heap     ] GC(210) Soft Max Capacity: 1024M(100%)
[39.281s][info][gc,heap     ] GC(210)                Mark Start          Mark End        Relocate Start      Relocate End           High               Low         
[39.281s][info][gc,heap     ] GC(210)  Capacity:     1024M (100%)       1024M (100%)       1024M (100%)       1024M (100%)       1024M (100%)       1024M (100%)   
[39.281s][info][gc,heap     ] GC(210)      Free:      462M (45%)         338M (33%)         618M (60%)         616M (60%)         624M (61%)         332M (32%)    
[39.281s][info][gc,heap     ] GC(210)      Used:      562M (55%)         686M (67%)         406M (40%)         408M (40%)         692M (68%)         400M (39%)    
[39.281s][info][gc,heap     ] GC(210)      Live:         -               203M (20%)         203M (20%)         203M (20%)            -                  -          
[39.281s][info][gc,heap     ] GC(210) Allocated:         -               124M (12%)         136M (13%)         151M (15%)            -                  -          
[39.281s][info][gc,heap     ] GC(210)   Garbage:         -               358M (35%)          66M (7%)           52M (5%)             -                  -          
[39.281s][info][gc,heap     ] GC(210) Reclaimed:         -                  -               292M (29%)         305M (30%)            -                  -          
[39.281s][info][gc          ] GC(210) Garbage Collection (Allocation Rate) 562M(55%)->408M(40%)
[39.395s][info][gc,start    ] GC(211) Garbage Collection (Allocation Rate)
[39.395s][info][gc,task     ] GC(211) Using 8 workers
[39.395s][info][gc,phases   ] GC(211) Pause Mark Start 0.015ms
[39.457s][info][gc,phases   ] GC(211) Concurrent Mark 62.162ms
[39.457s][info][gc,phases   ] GC(211) Pause Mark End 0.020ms
[39.457s][info][gc,phases   ] GC(211) Concurrent Mark Free 0.001ms
[39.460s][info][gc,phases   ] GC(211) Concurrent Process Non-Strong References 2.235ms
[39.460s][info][gc,phases   ] GC(211) Concurrent Reset Relocation Set 0.004ms
[39.463s][info][gc,phases   ] GC(211) Concurrent Select Relocation Set 3.692ms
[39.464s][info][gc,phases   ] GC(211) Pause Relocate Start 0.008ms
[39.466s][info][gc,phases   ] GC(211) Concurrent Relocate 2.645ms
[39.466s][info][gc,load     ] GC(211) Load: 0.00/0.00/0.00
[39.466s][info][gc,mmu      ] GC(211) MMU: 2ms/96.6%, 5ms/98.6%, 10ms/99.3%, 20ms/99.7%, 50ms/99.8%, 100ms/99.9%
[39.466s][info][gc,marking  ] GC(211) Mark: 8 stripe(s), 2 proactive flush(es), 1 terminate flush(es), 0 completion(s), 0 continuation(s) 
[39.466s][info][gc,marking  ] GC(211) Mark Stack Usage: 32M
[39.466s][info][gc,nmethod  ] GC(211) NMethods: 5400 registered, 8 unregistered
[39.466s][info][gc,metaspace] GC(211) Metaspace: 58M used, 59M committed, 1088M reserved
[39.466s][info][gc,ref      ] GC(211) Soft: 3044 encountered, 0 discovered, 0 enqueued
[39.466s][info][gc,ref      ] GC(211) Weak: 5924 encountered, 2345 discovered, 0 enqueued
[39.467s][info][gc,ref      ] GC(211) Final: 60 encountered, 1 discovered, 0 enqueued
[39.467s][info][gc,ref      ] GC(211) Phantom: 608 encountered, 382 discovered, 0 enqueued
[39.467s][info][gc,reloc    ] GC(211) Small Pages: 356 / 712M, Empty: 486M, Relocated: 5M, In-Place: 0
[39.467s][info][gc,reloc    ] GC(211) Medium Pages: 1 / 32M, Empty: 0M, Relocated: 0M, In-Place: 0
[39.467s][info][gc,reloc    ] GC(211) Large Pages: 2 / 12M, Empty: 0M, Relocated: 0M, In-Place: 0
[39.467s][info][gc,reloc    ] GC(211) Forwarding Usage: 2M
[39.467s][info][gc,heap     ] GC(211) Min Capacity: 8M(1%)
[39.467s][info][gc,heap     ] GC(211) Max Capacity: 1024M(100%)
[39.467s][info][gc,heap     ] GC(211) Soft Max Capacity: 1024M(100%)
[39.467s][info][gc,heap     ] GC(211)                Mark Start          Mark End        Relocate Start      Relocate End           High               Low         
[39.467s][info][gc,heap     ] GC(211)  Capacity:     1024M (100%)       1024M (100%)       1024M (100%)       1024M (100%)       1024M (100%)       1024M (100%)   
[39.467s][info][gc,heap     ] GC(211)      Free:      268M (26%)          64M (6%)          532M (52%)         538M (53%)         538M (53%)          56M (5%)     
[39.467s][info][gc,heap     ] GC(211)      Used:      756M (74%)         960M (94%)         492M (48%)         486M (47%)         968M (95%)         486M (47%)    
[39.467s][info][gc,heap     ] GC(211)      Live:         -               203M (20%)         203M (20%)         203M (20%)            -                  -          
[39.467s][info][gc,heap     ] GC(211) Allocated:         -               204M (20%)         222M (22%)         227M (22%)            -                  -          
[39.467s][info][gc,heap     ] GC(211)   Garbage:         -               552M (54%)          66M (7%)           54M (5%)             -                  -          
[39.467s][info][gc,heap     ] GC(211) Reclaimed:         -                  -               486M (47%)         497M (49%)            -                  -          
[39.467s][info][gc          ] GC(211) Garbage Collection (Allocation Rate) 756M(74%)->486M(47%)
[39.504s][info][gc,start    ] GC(212) Garbage Collection (Allocation Rate)
[39.504s][info][gc,task     ] GC(212) Using 8 workers
[39.504s][info][gc,phases   ] GC(212) Pause Mark Start 0.013ms
[39.582s][info][gc,phases   ] GC(212) Concurrent Mark 77.751ms
[39.582s][info][gc,phases   ] GC(212) Pause Mark End 0.032ms
[39.582s][info][gc,phases   ] GC(212) Concurrent Mark Free 0.001ms
[39.585s][info][gc,phases   ] GC(212) Concurrent Process Non-Strong References 2.628ms
[39.585s][info][gc,phases   ] GC(212) Concurrent Reset Relocation Set 0.004ms
[39.589s][info][gc,phases   ] GC(212) Concurrent Select Relocation Set 3.632ms
[39.589s][info][gc,phases   ] GC(212) Pause Relocate Start 0.010ms
[39.594s][info][gc,phases   ] GC(212) Concurrent Relocate 4.482ms
[39.594s][info][gc,load     ] GC(212) Load: 0.00/0.00/0.00
[39.594s][info][gc,mmu      ] GC(212) MMU: 2ms/96.6%, 5ms/98.6%, 10ms/99.3%, 20ms/99.7%, 50ms/99.8%, 100ms/99.9%
[39.594s][info][gc,marking  ] GC(212) Mark: 8 stripe(s), 2 proactive flush(es), 1 terminate flush(es), 0 completion(s), 0 continuation(s) 
[39.594s][info][gc,marking  ] GC(212) Mark Stack Usage: 32M
[39.594s][info][gc,nmethod  ] GC(212) NMethods: 5400 registered, 8 unregistered
[39.594s][info][gc,metaspace] GC(212) Metaspace: 58M used, 59M committed, 1088M reserved
[39.594s][info][gc,ref      ] GC(212) Soft: 3044 encountered, 0 discovered, 0 enqueued
[39.594s][info][gc,ref      ] GC(212) Weak: 5924 encountered, 1199 discovered, 0 enqueued
[39.594s][info][gc,ref      ] GC(212) Final: 60 encountered, 5 discovered, 0 enqueued
[39.594s][info][gc,ref      ] GC(212) Phantom: 608 encountered, 457 discovered, 0 enqueued
[39.594s][info][gc,reloc    ] GC(212) Small Pages: 265 / 530M, Empty: 304M, Relocated: 5M, In-Place: 0
[39.594s][info][gc,reloc    ] GC(212) Medium Pages: 1 / 32M, Empty: 0M, Relocated: 0M, In-Place: 0
[39.594s][info][gc,reloc    ] GC(212) Large Pages: 2 / 12M, Empty: 0M, Relocated: 0M, In-Place: 0
[39.594s][info][gc,reloc    ] GC(212) Forwarding Usage: 2M
[39.594s][info][gc,heap     ] GC(212) Min Capacity: 8M(1%)
[39.594s][info][gc,heap     ] GC(212) Max Capacity: 1024M(100%)
[39.594s][info][gc,heap     ] GC(212) Soft Max Capacity: 1024M(100%)
[39.594s][info][gc,heap     ] GC(212)                Mark Start          Mark End        Relocate Start      Relocate End           High               Low         
[39.594s][info][gc,heap     ] GC(212)  Capacity:     1024M (100%)       1024M (100%)       1024M (100%)       1024M (100%)       1024M (100%)       1024M (100%)   
[39.594s][info][gc,heap     ] GC(212)      Free:      450M (44%)         266M (26%)         554M (54%)         556M (54%)         558M (54%)         258M (25%)    
[39.594s][info][gc,heap     ] GC(212)      Used:      574M (56%)         758M (74%)         470M (46%)         468M (46%)         766M (75%)         466M (46%)    
[39.594s][info][gc,heap     ] GC(212)      Live:         -               203M (20%)         203M (20%)         203M (20%)            -                  -          
[39.594s][info][gc,heap     ] GC(212) Allocated:         -               184M (18%)         200M (20%)         209M (20%)            -                  -          
[39.594s][info][gc,heap     ] GC(212)   Garbage:         -               370M (36%)          66M (7%)           54M (5%)             -                  -          
[39.594s][info][gc,heap     ] GC(212) Reclaimed:         -                  -               304M (30%)         315M (31%)            -                  -          
[39.594s][info][gc          ] GC(212) Garbage Collection (Allocation Rate) 574M(56%)->468M(46%)
[39.598s][info][gc,start    ] GC(213) Garbage Collection (Allocation Rate)
[39.598s][info][gc,task     ] GC(213) Using 8 workers
[39.598s][info][gc,phases   ] GC(213) Pause Mark Start 0.010ms
[39.660s][info][gc,phases   ] GC(213) Concurrent Mark 62.227ms
[39.660s][info][gc,phases   ] GC(213) Pause Mark End 0.022ms
[39.660s][info][gc,phases   ] GC(213) Concurrent Mark Free 0.001ms
[39.663s][info][gc,phases   ] GC(213) Concurrent Process Non-Strong References 2.232ms
[39.663s][info][gc,phases   ] GC(213) Concurrent Reset Relocation Set 0.003ms
[39.670s][info][gc,phases   ] GC(213) Concurrent Select Relocation Set 7.277ms
[39.670s][info][gc,phases   ] GC(213) Pause Relocate Start 0.009ms
[39.673s][info][gc,phases   ] GC(213) Concurrent Relocate 3.077ms
[39.673s][info][gc,load     ] GC(213) Load: 0.00/0.00/0.00
[39.673s][info][gc,mmu      ] GC(213) MMU: 2ms/96.6%, 5ms/98.6%, 10ms/99.3%, 20ms/99.7%, 50ms/99.8%, 100ms/99.9%
[39.673s][info][gc,marking  ] GC(213) Mark: 8 stripe(s), 2 proactive flush(es), 1 terminate flush(es), 0 completion(s), 0 continuation(s) 
[39.674s][info][gc,marking  ] GC(213) Mark Stack Usage: 32M
[39.674s][info][gc,nmethod  ] GC(213) NMethods: 5400 registered, 8 unregistered
[39.674s][info][gc,metaspace] GC(213) Metaspace: 58M used, 59M committed, 1088M reserved
[39.674s][info][gc,ref      ] GC(213) Soft: 3044 encountered, 0 discovered, 0 enqueued
[39.674s][info][gc,ref      ] GC(213) Weak: 5924 encountered, 1668 discovered, 0 enqueued
[39.674s][info][gc,ref      ] GC(213) Final: 60 encountered, 35 discovered, 0 enqueued
[39.674s][info][gc,ref      ] GC(213) Phantom: 608 encountered, 390 discovered, 0 enqueued
[39.674s][info][gc,reloc    ] GC(213) Small Pages: 217 / 434M, Empty: 202M, Relocated: 5M, In-Place: 0
[39.674s][info][gc,reloc    ] GC(213) Medium Pages: 1 / 32M, Empty: 0M, Relocated: 0M, In-Place: 0
[39.674s][info][gc,reloc    ] GC(213) Large Pages: 2 / 12M, Empty: 0M, Relocated: 0M, In-Place: 0
[39.674s][info][gc,reloc    ] GC(213) Forwarding Usage: 2M
[39.674s][info][gc,heap     ] GC(213) Min Capacity: 8M(1%)
[39.674s][info][gc,heap     ] GC(213) Max Capacity: 1024M(100%)
[39.674s][info][gc,heap     ] GC(213) Soft Max Capacity: 1024M(100%)
[39.674s][info][gc,heap     ] GC(213)                Mark Start          Mark End        Relocate Start      Relocate End           High               Low         
[39.674s][info][gc,heap     ] GC(213)  Capacity:     1024M (100%)       1024M (100%)       1024M (100%)       1024M (100%)       1024M (100%)       1024M (100%)   
[39.674s][info][gc,heap     ] GC(213)      Free:      546M (53%)         410M (40%)         590M (58%)         600M (59%)         600M (59%)         404M (39%)    
[39.674s][info][gc,heap     ] GC(213)      Used:      478M (47%)         614M (60%)         434M (42%)         424M (41%)         620M (61%)         424M (41%)    
[39.674s][info][gc,heap     ] GC(213)      Live:         -               203M (20%)         203M (20%)         203M (20%)            -                  -          
[39.674s][info][gc,heap     ] GC(213) Allocated:         -               136M (13%)         158M (15%)         165M (16%)            -                  -          
[39.674s][info][gc,heap     ] GC(213)   Garbage:         -               274M (27%)          72M (7%)           54M (5%)             -                  -          
[39.674s][info][gc,heap     ] GC(213) Reclaimed:         -                  -               202M (20%)         219M (21%)            -                  -          
[39.674s][info][gc          ] GC(213) Garbage Collection (Allocation Rate) 478M(47%)->424M(41%)
[39.707s][info][gc,start    ] GC(214) Garbage Collection (Allocation Rate)
[39.707s][info][gc,task     ] GC(214) Using 8 workers
[39.707s][info][gc,phases   ] GC(214) Pause Mark Start 0.010ms
[39.776s][info][gc,phases   ] GC(214) Concurrent Mark 68.582ms
[39.776s][info][gc,phases   ] GC(214) Pause Mark End 0.017ms
[39.776s][info][gc,phases   ] GC(214) Concurrent Mark Free 0.001ms
[39.778s][info][gc,phases   ] GC(214) Concurrent Process Non-Strong References 2.160ms
[39.778s][info][gc,phases   ] GC(214) Concurrent Reset Relocation Set 0.003ms
[39.782s][info][gc,phases   ] GC(214) Concurrent Select Relocation Set 3.649ms
[39.782s][info][gc,phases   ] GC(214) Pause Relocate Start 0.009ms
[39.787s][info][gc,phases   ] GC(214) Concurrent Relocate 4.335ms
[39.787s][info][gc,load     ] GC(214) Load: 0.00/0.00/0.00
[39.787s][info][gc,mmu      ] GC(214) MMU: 2ms/96.6%, 5ms/98.6%, 10ms/99.3%, 20ms/99.7%, 50ms/99.8%, 100ms/99.9%
[39.787s][info][gc,marking  ] GC(214) Mark: 8 stripe(s), 2 proactive flush(es), 1 terminate flush(es), 0 completion(s), 0 continuation(s) 
[39.787s][info][gc,marking  ] GC(214) Mark Stack Usage: 32M
[39.787s][info][gc,nmethod  ] GC(214) NMethods: 5411 registered, 8 unregistered
[39.787s][info][gc,metaspace] GC(214) Metaspace: 58M used, 59M committed, 1088M reserved
[39.787s][info][gc,ref      ] GC(214) Soft: 3044 encountered, 0 discovered, 0 enqueued
[39.787s][info][gc,ref      ] GC(214) Weak: 5924 encountered, 1765 discovered, 0 enqueued
[39.787s][info][gc,ref      ] GC(214) Final: 60 encountered, 57 discovered, 0 enqueued
[39.787s][info][gc,ref      ] GC(214) Phantom: 608 encountered, 401 discovered, 0 enqueued
[39.787s][info][gc,reloc    ] GC(214) Small Pages: 232 / 464M, Empty: 238M, Relocated: 5M, In-Place: 0
[39.787s][info][gc,reloc    ] GC(214) Medium Pages: 1 / 32M, Empty: 0M, Relocated: 0M, In-Place: 0
[39.787s][info][gc,reloc    ] GC(214) Large Pages: 2 / 12M, Empty: 0M, Relocated: 0M, In-Place: 0
[39.787s][info][gc,reloc    ] GC(214) Forwarding Usage: 2M
[39.787s][info][gc,heap     ] GC(214) Min Capacity: 8M(1%)
[39.787s][info][gc,heap     ] GC(214) Max Capacity: 1024M(100%)
[39.787s][info][gc,heap     ] GC(214) Soft Max Capacity: 1024M(100%)
[39.787s][info][gc,heap     ] GC(214)                Mark Start          Mark End        Relocate Start      Relocate End           High               Low         
[39.787s][info][gc,heap     ] GC(214)  Capacity:     1024M (100%)       1024M (100%)       1024M (100%)       1024M (100%)       1024M (100%)       1024M (100%)   
[39.787s][info][gc,heap     ] GC(214)      Free:      516M (50%)         366M (36%)         598M (58%)         608M (59%)         608M (59%)         366M (36%)    
[39.787s][info][gc,heap     ] GC(214)      Used:      508M (50%)         658M (64%)         426M (42%)         416M (41%)         658M (64%)         416M (41%)    
[39.787s][info][gc,heap     ] GC(214)      Live:         -               203M (20%)         203M (20%)         203M (20%)            -                  -          
[39.787s][info][gc,heap     ] GC(214) Allocated:         -               150M (15%)         156M (15%)         157M (15%)            -                  -          
[39.787s][info][gc,heap     ] GC(214)   Garbage:         -               304M (30%)          66M (7%)           54M (5%)             -                  -          
[39.787s][info][gc,heap     ] GC(214) Reclaimed:         -                  -               238M (23%)         249M (24%)            -                  -          
[39.788s][info][gc          ] GC(214) Garbage Collection (Allocation Rate) 508M(50%)->416M(41%)
[39.794s][info][gc,start    ] GC(215) Garbage Collection (Allocation Rate)
[39.794s][info][gc,task     ] GC(215) Using 8 workers
[39.794s][info][gc,phases   ] GC(215) Pause Mark Start 0.012ms
[39.856s][info][gc,phases   ] GC(215) Concurrent Mark 62.187ms
[39.857s][info][gc,phases   ] GC(215) Pause Mark End 0.020ms
[39.857s][info][gc,phases   ] GC(215) Concurrent Mark Free 0.001ms
[39.859s][info][gc,phases   ] GC(215) Concurrent Process Non-Strong References 1.996ms
[39.859s][info][gc,phases   ] GC(215) Concurrent Reset Relocation Set 0.003ms
[39.864s][info][gc,phases   ] GC(215) Concurrent Select Relocation Set 4.939ms
[39.864s][info][gc,phases   ] GC(215) Pause Relocate Start 0.009ms
[39.868s][info][gc,phases   ] GC(215) Concurrent Relocate 4.229ms
[39.868s][info][gc,load     ] GC(215) Load: 0.00/0.00/0.00
[39.868s][info][gc,mmu      ] GC(215) MMU: 2ms/96.6%, 5ms/98.6%, 10ms/99.3%, 20ms/99.7%, 50ms/99.8%, 100ms/99.9%
[39.868s][info][gc,marking  ] GC(215) Mark: 8 stripe(s), 2 proactive flush(es), 1 terminate flush(es), 0 completion(s), 0 continuation(s) 
[39.868s][info][gc,marking  ] GC(215) Mark Stack Usage: 32M
[39.868s][info][gc,nmethod  ] GC(215) NMethods: 5433 registered, 13 unregistered
[39.868s][info][gc,metaspace] GC(215) Metaspace: 58M used, 59M committed, 1088M reserved
[39.868s][info][gc,ref      ] GC(215) Soft: 3044 encountered, 0 discovered, 0 enqueued
[39.868s][info][gc,ref      ] GC(215) Weak: 5979 encountered, 899 discovered, 6 enqueued
[39.868s][info][gc,ref      ] GC(215) Final: 60 encountered, 0 discovered, 0 enqueued
[39.868s][info][gc,ref      ] GC(215) Phantom: 608 encountered, 597 discovered, 0 enqueued
[39.868s][info][gc,reloc    ] GC(215) Small Pages: 183 / 366M, Empty: 138M, Relocated: 5M, In-Place: 0
[39.868s][info][gc,reloc    ] GC(215) Medium Pages: 1 / 32M, Empty: 0M, Relocated: 0M, In-Place: 0
[39.868s][info][gc,reloc    ] GC(215) Large Pages: 3 / 18M, Empty: 6M, Relocated: 0M, In-Place: 0
[39.868s][info][gc,reloc    ] GC(215) Forwarding Usage: 2M
[39.868s][info][gc,heap     ] GC(215) Min Capacity: 8M(1%)
[39.868s][info][gc,heap     ] GC(215) Max Capacity: 1024M(100%)
[39.868s][info][gc,heap     ] GC(215) Soft Max Capacity: 1024M(100%)
[39.868s][info][gc,heap     ] GC(215)                Mark Start          Mark End        Relocate Start      Relocate End           High               Low         
[39.868s][info][gc,heap     ] GC(215)  Capacity:     1024M (100%)       1024M (100%)       1024M (100%)       1024M (100%)       1024M (100%)       1024M (100%)   
[39.868s][info][gc,heap     ] GC(215)      Free:      608M (59%)         604M (59%)         746M (73%)         760M (74%)         760M (74%)         602M (59%)    
[39.868s][info][gc,heap     ] GC(215)      Used:      416M (41%)         420M (41%)         278M (27%)         264M (26%)         422M (41%)         264M (26%)    
[39.868s][info][gc,heap     ] GC(215)      Live:         -               203M (20%)         203M (20%)         203M (20%)            -                  -          
[39.868s][info][gc,heap     ] GC(215) Allocated:         -                 4M (0%)            6M (1%)            6M (1%)             -                  -          
[39.868s][info][gc,heap     ] GC(215)   Garbage:         -               212M (21%)          68M (7%)           54M (5%)             -                  -          
[39.868s][info][gc,heap     ] GC(215) Reclaimed:         -                  -               144M (14%)         158M (15%)            -                  -          
[39.868s][info][gc          ] GC(215) Garbage Collection (Allocation Rate) 416M(41%)->264M(26%)
[39.868s][info][gc,start    ] GC(216) Garbage Collection (System.gc())
[39.868s][info][gc,task     ] GC(216) Using 10 workers
[39.869s][info][gc,phases   ] GC(216) Pause Mark Start 0.006ms
[39.919s][info][gc,phases   ] GC(216) Concurrent Mark 50.359ms
[39.919s][info][gc,phases   ] GC(216) Pause Mark End 0.026ms
[39.919s][info][gc,phases   ] GC(216) Concurrent Mark Free 0.001ms
[39.921s][info][gc,phases   ] GC(216) Concurrent Process Non-Strong References 1.621ms
[39.921s][info][gc,phases   ] GC(216) Concurrent Reset Relocation Set 0.002ms
[39.925s][info][gc,phases   ] GC(216) Concurrent Select Relocation Set 3.687ms
[39.925s][info][gc,phases   ] GC(216) Pause Relocate Start 0.009ms
[39.927s][info][gc,phases   ] GC(216) Concurrent Relocate 2.558ms
[39.927s][info][gc,load     ] GC(216) Load: 0.00/0.00/0.00
[39.927s][info][gc,mmu      ] GC(216) MMU: 2ms/96.6%, 5ms/98.6%, 10ms/99.3%, 20ms/99.7%, 50ms/99.8%, 100ms/99.9%
[39.927s][info][gc,marking  ] GC(216) Mark: 8 stripe(s), 1 proactive flush(es), 1 terminate flush(es), 0 completion(s), 0 continuation(s) 
[39.927s][info][gc,marking  ] GC(216) Mark Stack Usage: 32M
[39.928s][info][gc,nmethod  ] GC(216) NMethods: 5433 registered, 14 unregistered
[39.928s][info][gc,metaspace] GC(216) Metaspace: 58M used, 59M committed, 1088M reserved
[39.928s][info][gc,ref      ] GC(216) Soft: 3042 encountered, 0 discovered, 0 enqueued
[39.928s][info][gc,ref      ] GC(216) Weak: 5981 encountered, 1369 discovered, 114 enqueued
[39.928s][info][gc,ref      ] GC(216) Final: 60 encountered, 4 discovered, 0 enqueued
[39.928s][info][gc,ref      ] GC(216) Phantom: 608 encountered, 353 discovered, 0 enqueued
[39.928s][info][gc,reloc    ] GC(216) Small Pages: 110 / 220M, Empty: 0M, Relocated: 4M, In-Place: 0
[39.928s][info][gc,reloc    ] GC(216) Medium Pages: 1 / 32M, Empty: 0M, Relocated: 0M, In-Place: 0
[39.928s][info][gc,reloc    ] GC(216) Large Pages: 2 / 12M, Empty: 0M, Relocated: 0M, In-Place: 0
[39.928s][info][gc,reloc    ] GC(216) Forwarding Usage: 2M
[39.928s][info][gc,heap     ] GC(216) Min Capacity: 8M(1%)
[39.928s][info][gc,heap     ] GC(216) Max Capacity: 1024M(100%)
[39.928s][info][gc,heap     ] GC(216) Soft Max Capacity: 1024M(100%)
[39.928s][info][gc,heap     ] GC(216)                Mark Start          Mark End        Relocate Start      Relocate End           High               Low         
[39.928s][info][gc,heap     ] GC(216)  Capacity:     1024M (100%)       1024M (100%)       1024M (100%)       1024M (100%)       1024M (100%)       1024M (100%)   
[39.928s][info][gc,heap     ] GC(216)      Free:      760M (74%)         760M (74%)         756M (74%)         756M (74%)         760M (74%)         736M (72%)    
[39.928s][info][gc,heap     ] GC(216)      Used:      264M (26%)         264M (26%)         268M (26%)         268M (26%)         288M (28%)         264M (26%)    
[39.928s][info][gc,heap     ] GC(216)      Live:         -               203M (20%)         203M (20%)         203M (20%)            -                  -          
[39.928s][info][gc,heap     ] GC(216) Allocated:         -                 0M (0%)            4M (0%)            6M (1%)             -                  -          
[39.928s][info][gc,heap     ] GC(216)   Garbage:         -                60M (6%)           60M (6%)           58M (6%)             -                  -          
[39.928s][info][gc,heap     ] GC(216) Reclaimed:         -                  -                 0M (0%)            2M (0%)             -                  -          
[39.928s][info][gc          ] GC(216) Garbage Collection (System.gc()) 264M(26%)->268M(26%)
[40.106s][info][gc,start    ] GC(217) Garbage Collection (Allocation Rate)
[40.106s][info][gc,stats    ] === Garbage Collection Statistics =======================================================================================================================
[40.107s][info][gc,task     ] GC(217) Using 6 workers
[40.107s][info][gc,stats    ]                                                              Last 10s              Last 10m              Last 10h                Total
[40.107s][info][gc,stats    ]                                                              Avg / Max             Avg / Max             Avg / Max             Avg / Max
[40.107s][info][gc,stats    ]   Collector: Garbage Collection Cycle                     77.884 / 105.769      77.553 / 325.572      77.553 / 325.572      77.553 / 325.572     ms
[40.107s][info][gc,stats    ]  Contention: Mark Segment Reset Contention                    41 / 57               23 / 57               23 / 57               23 / 57          ops/s
[40.107s][info][gc,phases   ] GC(217) Pause Mark Start 0.016ms
[40.107s][info][gc,stats    ]  Contention: Mark SeqNum Reset Contention                      2 / 6                 2 / 7                 2 / 7                 2 / 7           ops/s
[40.107s][info][gc,stats    ]    Critical: Allocation Stall                                  0 / 1                 0 / 2                 0 / 2                 0 / 2           ops/s
[40.107s][info][gc,stats    ]    Critical: Allocation Stall                              0.665 / 0.665        13.157 / 19.409       13.157 / 19.409       13.157 / 19.409      ms
[40.107s][info][gc,stats    ]    Critical: GC Locker Stall                                   0 / 0                 0 / 1                 0 / 1                 0 / 1           ops/s
[40.107s][info][gc,stats    ]    Critical: GC Locker Stall                               0.000 / 0.000         0.001 / 0.001         0.001 / 0.001         0.001 / 0.001       ms
[40.107s][info][gc,stats    ]    Critical: Relocation Stall                                  0 / 0                 0 / 0                 0 / 0                 0 / 0           ops/s
[40.107s][info][gc,stats    ]    Critical: Relocation Stall                              0.000 / 0.000         0.000 / 0.000         0.000 / 0.000         0.000 / 0.000       ms
[40.107s][info][gc,stats    ]      Memory: Allocation Rate                                2173 / 2474           1412 / 2474           1412 / 2474           1412 / 2474        MB/s
[40.107s][info][gc,stats    ]      Memory: Defragment                                        3 / 30                1 / 30                1 / 30                1 / 30          ops/s
[40.107s][info][gc,stats    ]      Memory: Out Of Memory                                     0 / 0                 0 / 0                 0 / 0                 0 / 0           ops/s
[40.107s][info][gc,stats    ]      Memory: Page Cache Flush                                 12 / 60                9 / 82                9 / 82                9 / 82          MB/s
[40.107s][info][gc,stats    ]      Memory: Page Cache Hit L1                              1126 / 1260            727 / 1295            727 / 1295            727 / 1295        ops/s
[40.107s][info][gc,stats    ]      Memory: Page Cache Hit L2                                 0 / 0                 0 / 0                 0 / 0                 0 / 0           ops/s
[40.107s][info][gc,stats    ]      Memory: Page Cache Hit L3                                 3 / 26               13 / 122              13 / 122              13 / 122         ops/s
[40.107s][info][gc,stats    ]      Memory: Page Cache Miss                                   0 / 4                 0 / 5                 0 / 5                 0 / 5           ops/s
[40.107s][info][gc,stats    ]      Memory: Uncommit                                          0 / 0                 0 / 0                 0 / 0                 0 / 0           MB/s
[40.107s][info][gc,stats    ]      Memory: Undo Object Allocation Failed                     1 / 4                 0 / 4                 0 / 4                 0 / 4           ops/s
[40.107s][info][gc,stats    ]      Memory: Undo Object Allocation Succeeded                  2 / 5                 2 / 11                2 / 11                2 / 11          ops/s
[40.107s][info][gc,stats    ]      Memory: Undo Page Allocation                             42 / 102              24 / 102              24 / 102              24 / 102         ops/s
[40.107s][info][gc,stats    ]       Phase: Concurrent Mark                              67.278 / 93.264       64.900 / 124.633      64.900 / 124.633      64.900 / 124.633     ms
[40.108s][info][gc,stats    ]       Phase: Concurrent Mark Continue                      0.000 / 0.000         0.000 / 0.000         0.000 / 0.000         0.000 / 0.000       ms
[40.108s][info][gc,stats    ]       Phase: Concurrent Mark Free                          0.001 / 0.002         0.001 / 0.004         0.001 / 0.004         0.001 / 0.004       ms
[40.108s][info][gc,stats    ]       Phase: Concurrent Process Non-Strong References      2.436 / 16.477        2.248 / 18.709        2.248 / 18.709        2.248 / 18.709      ms
[40.108s][info][gc,stats    ]       Phase: Concurrent Relocate                           3.141 / 5.371         3.857 / 32.034        3.857 / 32.034        3.857 / 32.034      ms
[40.108s][info][gc,stats    ]       Phase: Concurrent Reset Relocation Set               0.002 / 0.004         0.004 / 0.053         0.004 / 0.053         0.004 / 0.053       ms
[40.108s][info][gc,stats    ]       Phase: Concurrent Select Relocation Set              4.169 / 9.168         4.663 / 27.180        4.663 / 27.180        4.663 / 27.180      ms
[40.108s][info][gc,stats    ]       Phase: Pause Mark End                                0.025 / 0.043         0.023 / 0.048         0.023 / 0.048         0.023 / 0.048       ms
[40.108s][info][gc,stats    ]       Phase: Pause Mark Start                              0.013 / 0.069         0.013 / 0.069         0.013 / 0.069         0.013 / 0.069       ms
[40.108s][info][gc,stats    ]       Phase: Pause Relocate Start                          0.009 / 0.012         0.009 / 0.024         0.009 / 0.024         0.009 / 0.024       ms
[40.108s][info][gc,stats    ]    Subphase: Concurrent Classes Purge                      0.041 / 0.833         0.094 / 4.896         0.094 / 4.896         0.094 / 4.896       ms
[40.108s][info][gc,stats    ]    Subphase: Concurrent Classes Unlink                     1.782 / 15.033        1.613 / 15.033        1.613 / 15.033        1.613 / 15.033      ms
[40.108s][info][gc,stats    ]    Subphase: Concurrent Mark                              56.813 / 71.819       55.274 / 121.544      55.274 / 121.544      55.274 / 121.544     ms
[40.108s][info][gc,stats    ]    Subphase: Concurrent Mark Try Flush                     0.162 / 0.495         0.151 / 14.518        0.151 / 14.518        0.151 / 14.518      ms
[40.108s][info][gc,stats    ]    Subphase: Concurrent Mark Try Terminate                 7.177 / 16.383        7.697 / 16.649        7.697 / 16.649        7.697 / 16.649      ms
[40.108s][info][gc,stats    ]    Subphase: Concurrent References Enqueue                 0.002 / 0.005         0.001 / 0.005         0.001 / 0.005         0.001 / 0.005       ms
[40.108s][info][gc,stats    ]    Subphase: Concurrent References Process                 0.098 / 0.182         0.088 / 0.190         0.088 / 0.190         0.088 / 0.190       ms
[40.108s][info][gc,stats    ]    Subphase: Concurrent Roots ClassLoaderDataGraph         0.109 / 0.691         0.099 / 0.915         0.099 / 0.915         0.099 / 0.915       ms
[40.108s][info][gc,stats    ]    Subphase: Concurrent Roots CodeCache                    0.000 / 0.000         0.000 / 0.000         0.000 / 0.000         0.000 / 0.000       ms
[40.108s][info][gc,stats    ]    Subphase: Concurrent Roots JavaThreads                  8.013 / 25.474        7.200 / 25.474        7.200 / 25.474        7.200 / 25.474      ms
[40.108s][info][gc,stats    ]    Subphase: Concurrent Roots OopStorageSet                0.032 / 0.053         0.026 / 0.249         0.026 / 0.249         0.026 / 0.249       ms
[40.108s][info][gc,stats    ]    Subphase: Concurrent Weak Roots OopStorageSet           0.242 / 0.431         0.215 / 0.431         0.215 / 0.431         0.215 / 0.431       ms
[40.108s][info][gc,stats    ]    Subphase: Pause Mark Try Complete                       0.000 / 0.000         0.001 / 0.005         0.001 / 0.005         0.001 / 0.005       ms
[40.108s][info][gc,stats    ]      System: Java Threads                                    265 / 268             202 / 268             202 / 268             202 / 268         threads
[40.108s][info][gc,stats    ] =========================================================================================================================================================
[40.185s][info][gc,phases   ] GC(217) Concurrent Mark 77.604ms
[40.185s][info][gc,phases   ] GC(217) Pause Mark End 0.021ms
[40.185s][info][gc,phases   ] GC(217) Concurrent Mark Free 0.001ms
[40.188s][info][gc,phases   ] GC(217) Concurrent Process Non-Strong References 3.056ms
[40.188s][info][gc,phases   ] GC(217) Concurrent Reset Relocation Set 0.002ms
[40.196s][info][gc,phases   ] GC(217) Concurrent Select Relocation Set 7.651ms
[40.196s][info][gc,phases   ] GC(217) Pause Relocate Start 0.009ms
[40.200s][info][gc,phases   ] GC(217) Concurrent Relocate 4.062ms
[40.200s][info][gc,load     ] GC(217) Load: 0.00/0.00/0.00
[40.200s][info][gc,mmu      ] GC(217) MMU: 2ms/96.6%, 5ms/98.6%, 10ms/99.3%, 20ms/99.7%, 50ms/99.8%, 100ms/99.9%
[40.200s][info][gc,marking  ] GC(217) Mark: 4 stripe(s), 2 proactive flush(es), 1 terminate flush(es), 0 completion(s), 0 continuation(s) 
[40.200s][info][gc,marking  ] GC(217) Mark Stack Usage: 32M
[40.200s][info][gc,nmethod  ] GC(217) NMethods: 5473 registered, 21 unregistered
[40.200s][info][gc,metaspace] GC(217) Metaspace: 58M used, 59M committed, 1088M reserved
[40.200s][info][gc,ref      ] GC(217) Soft: 3044 encountered, 0 discovered, 0 enqueued
[40.200s][info][gc,ref      ] GC(217) Weak: 6031 encountered, 3282 discovered, 74 enqueued
[40.200s][info][gc,ref      ] GC(217) Final: 60 encountered, 55 discovered, 0 enqueued
[40.200s][info][gc,ref      ] GC(217) Phantom: 608 encountered, 376 discovered, 0 enqueued
[40.200s][info][gc,reloc    ] GC(217) Small Pages: 283 / 566M, Empty: 314M, Relocated: 5M, In-Place: 0
[40.200s][info][gc,reloc    ] GC(217) Medium Pages: 2 / 64M, Empty: 32M, Relocated: 0M, In-Place: 0
[40.200s][info][gc,reloc    ] GC(217) Large Pages: 4 / 24M, Empty: 12M, Relocated: 0M, In-Place: 0
[40.200s][info][gc,reloc    ] GC(217) Forwarding Usage: 2M
[40.200s][info][gc,heap     ] GC(217) Min Capacity: 8M(1%)
[40.200s][info][gc,heap     ] GC(217) Max Capacity: 1024M(100%)
[40.200s][info][gc,heap     ] GC(217) Soft Max Capacity: 1024M(100%)
[40.200s][info][gc,heap     ] GC(217)                Mark Start          Mark End        Relocate Start      Relocate End           High               Low         
[40.200s][info][gc,heap     ] GC(217)  Capacity:     1024M (100%)       1024M (100%)       1024M (100%)       1024M (100%)       1024M (100%)       1024M (100%)   
[40.200s][info][gc,heap     ] GC(217)      Free:      370M (36%)         136M (13%)         452M (44%)         486M (47%)         486M (47%)         124M (12%)    
[40.201s][info][gc,heap     ] GC(217)      Used:      654M (64%)         888M (87%)         572M (56%)         538M (53%)         900M (88%)         538M (53%)    
[40.201s][info][gc,heap     ] GC(217)      Live:         -               203M (20%)         203M (20%)         203M (20%)            -                  -          
[40.201s][info][gc,heap     ] GC(217) Allocated:         -               234M (23%)         276M (27%)         283M (28%)            -                  -          
[40.201s][info][gc,heap     ] GC(217)   Garbage:         -               450M (44%)          92M (9%)           50M (5%)             -                  -          
[40.201s][info][gc,heap     ] GC(217) Reclaimed:         -                  -               358M (35%)         399M (39%)            -                  -          
[40.201s][info][gc          ] GC(217) Garbage Collection (Allocation Rate) 654M(64%)->538M(53%)
[40.294s][info][gc,start    ] GC(218) Garbage Collection (Allocation Rate)
[40.294s][info][gc,task     ] GC(218) Using 8 workers
[40.294s][info][gc,phases   ] GC(218) Pause Mark Start 0.013ms
[40.356s][info][gc,phases   ] GC(218) Concurrent Mark 62.146ms
[40.357s][info][gc,phases   ] GC(218) Pause Mark End 0.033ms
[40.357s][info][gc,phases   ] GC(218) Concurrent Mark Free 0.001ms
[40.359s][info][gc,phases   ] GC(218) Concurrent Process Non-Strong References 2.134ms
[40.359s][info][gc,phases   ] GC(218) Concurrent Reset Relocation Set 0.004ms
[40.367s][info][gc,phases   ] GC(218) Concurrent Select Relocation Set 7.793ms
[40.367s][info][gc,phases   ] GC(218) Pause Relocate Start 0.007ms
[40.370s][info][gc,phases   ] GC(218) Concurrent Relocate 2.968ms
[40.370s][info][gc,load     ] GC(218) Load: 0.00/0.00/0.00
[40.370s][info][gc,mmu      ] GC(218) MMU: 2ms/96.6%, 5ms/98.6%, 10ms/99.3%, 20ms/99.7%, 50ms/99.8%, 100ms/99.9%
[40.370s][info][gc,marking  ] GC(218) Mark: 8 stripe(s), 2 proactive flush(es), 1 terminate flush(es), 0 completion(s), 0 continuation(s) 
[40.370s][info][gc,marking  ] GC(218) Mark Stack Usage: 32M
[40.370s][info][gc,nmethod  ] GC(218) NMethods: 5473 registered, 21 unregistered
[40.370s][info][gc,metaspace] GC(218) Metaspace: 58M used, 59M committed, 1088M reserved
[40.370s][info][gc,ref      ] GC(218) Soft: 3044 encountered, 0 discovered, 0 enqueued
[40.370s][info][gc,ref      ] GC(218) Weak: 5957 encountered, 1409 discovered, 19 enqueued
[40.370s][info][gc,ref      ] GC(218) Final: 60 encountered, 20 discovered, 0 enqueued
[40.370s][info][gc,ref      ] GC(218) Phantom: 608 encountered, 528 discovered, 0 enqueued
[40.370s][info][gc,reloc    ] GC(218) Small Pages: 337 / 674M, Empty: 442M, Relocated: 5M, In-Place: 0
[40.370s][info][gc,reloc    ] GC(218) Medium Pages: 1 / 32M, Empty: 0M, Relocated: 0M, In-Place: 0
[40.370s][info][gc,reloc    ] GC(218) Large Pages: 2 / 12M, Empty: 0M, Relocated: 0M, In-Place: 0
[40.370s][info][gc,reloc    ] GC(218) Forwarding Usage: 3M
[40.370s][info][gc,heap     ] GC(218) Min Capacity: 8M(1%)
[40.370s][info][gc,heap     ] GC(218) Max Capacity: 1024M(100%)
[40.370s][info][gc,heap     ] GC(218) Soft Max Capacity: 1024M(100%)
[40.370s][info][gc,heap     ] GC(218)                Mark Start          Mark End        Relocate Start      Relocate End           High               Low         
[40.370s][info][gc,heap     ] GC(218)  Capacity:     1024M (100%)       1024M (100%)       1024M (100%)       1024M (100%)       1024M (100%)       1024M (100%)   
[40.371s][info][gc,heap     ] GC(218)      Free:      306M (30%)         184M (18%)         606M (59%)         618M (60%)         618M (60%)         178M (17%)    
[40.371s][info][gc,heap     ] GC(218)      Used:      718M (70%)         840M (82%)         418M (41%)         406M (40%)         846M (83%)         406M (40%)    
[40.371s][info][gc,heap     ] GC(218)      Live:         -               203M (20%)         203M (20%)         203M (20%)            -                  -          
[40.371s][info][gc,heap     ] GC(218) Allocated:         -               122M (12%)         142M (14%)         147M (14%)            -                  -          
[40.371s][info][gc,heap     ] GC(218)   Garbage:         -               514M (50%)          72M (7%)           54M (5%)             -                  -          
[40.371s][info][gc,heap     ] GC(218) Reclaimed:         -                  -               442M (43%)         459M (45%)            -                  -          
[40.371s][info][gc          ] GC(218) Garbage Collection (Allocation Rate) 718M(70%)->406M(40%)
[40.497s][info][gc,start    ] GC(219) Garbage Collection (Allocation Rate)
[40.497s][info][gc,task     ] GC(219) Using 6 workers
[40.497s][info][gc,phases   ] GC(219) Pause Mark Start 0.012ms
[40.575s][info][gc,phases   ] GC(219) Concurrent Mark 77.795ms
[40.575s][info][gc,phases   ] GC(219) Pause Mark End 0.021ms
[40.575s][info][gc,phases   ] GC(219) Concurrent Mark Free 0.001ms
[40.578s][info][gc,phases   ] GC(219) Concurrent Process Non-Strong References 2.793ms
[40.578s][info][gc,phases   ] GC(219) Concurrent Reset Relocation Set 0.002ms
[40.581s][info][gc,phases   ] GC(219) Concurrent Select Relocation Set 2.913ms
[40.581s][info][gc,phases   ] GC(219) Pause Relocate Start 0.005ms
[40.585s][info][gc,phases   ] GC(219) Concurrent Relocate 4.129ms
[40.585s][info][gc,load     ] GC(219) Load: 0.00/0.00/0.00
[40.585s][info][gc,mmu      ] GC(219) MMU: 2ms/96.6%, 5ms/98.6%, 10ms/99.3%, 20ms/99.7%, 50ms/99.8%, 100ms/99.9%
[40.585s][info][gc,marking  ] GC(219) Mark: 4 stripe(s), 2 proactive flush(es), 1 terminate flush(es), 0 completion(s), 0 continuation(s) 
[40.585s][info][gc,marking  ] GC(219) Mark Stack Usage: 32M
[40.586s][info][gc,nmethod  ] GC(219) NMethods: 5473 registered, 21 unregistered
[40.586s][info][gc,metaspace] GC(219) Metaspace: 58M used, 59M committed, 1088M reserved
[40.586s][info][gc,ref      ] GC(219) Soft: 3044 encountered, 0 discovered, 0 enqueued
[40.586s][info][gc,ref      ] GC(219) Weak: 5938 encountered, 355 discovered, 0 enqueued
[40.586s][info][gc,ref      ] GC(219) Final: 60 encountered, 0 discovered, 0 enqueued
[40.586s][info][gc,ref      ] GC(219) Phantom: 608 encountered, 417 discovered, 0 enqueued
[40.586s][info][gc,reloc    ] GC(219) Small Pages: 302 / 604M, Empty: 376M, Relocated: 5M, In-Place: 0
[40.586s][info][gc,reloc    ] GC(219) Medium Pages: 1 / 32M, Empty: 0M, Relocated: 0M, In-Place: 0
[40.586s][info][gc,reloc    ] GC(219) Large Pages: 2 / 12M, Empty: 0M, Relocated: 0M, In-Place: 0
[40.586s][info][gc,reloc    ] GC(219) Forwarding Usage: 3M
[40.586s][info][gc,heap     ] GC(219) Min Capacity: 8M(1%)
[40.586s][info][gc,heap     ] GC(219) Max Capacity: 1024M(100%)
[40.586s][info][gc,heap     ] GC(219) Soft Max Capacity: 1024M(100%)
[40.586s][info][gc,heap     ] GC(219)                Mark Start          Mark End        Relocate Start      Relocate End           High               Low         
[40.586s][info][gc,heap     ] GC(219)  Capacity:     1024M (100%)       1024M (100%)       1024M (100%)       1024M (100%)       1024M (100%)       1024M (100%)   
[40.586s][info][gc,heap     ] GC(219)      Free:      376M (37%)         246M (24%)         616M (60%)         626M (61%)         626M (61%)         244M (24%)    
[40.586s][info][gc,heap     ] GC(219)      Used:      648M (63%)         778M (76%)         408M (40%)         398M (39%)         780M (76%)         398M (39%)    
[40.586s][info][gc,heap     ] GC(219)      Live:         -               203M (20%)         203M (20%)         203M (20%)            -                  -          
[40.586s][info][gc,heap     ] GC(219) Allocated:         -               130M (13%)         136M (13%)         143M (14%)            -                  -          
[40.586s][info][gc,heap     ] GC(219)   Garbage:         -               444M (43%)          68M (7%)           50M (5%)             -                  -          
[40.586s][info][gc,heap     ] GC(219) Reclaimed:         -                  -               376M (37%)         393M (38%)            -                  -          
[40.586s][info][gc          ] GC(219) Garbage Collection (Allocation Rate) 648M(63%)->398M(39%)
[40.606s][info][gc,start    ] GC(220) Garbage Collection (Allocation Rate)
[40.606s][info][gc,task     ] GC(220) Using 6 workers
[40.606s][info][gc,phases   ] GC(220) Pause Mark Start 0.013ms
[40.684s][info][gc,phases   ] GC(220) Concurrent Mark 77.787ms
[40.685s][info][gc,phases   ] GC(220) Pause Mark End 0.017ms
[40.685s][info][gc,phases   ] GC(220) Concurrent Mark Free 0.001ms
[40.688s][info][gc,phases   ] GC(220) Concurrent Process Non-Strong References 3.175ms
[40.688s][info][gc,phases   ] GC(220) Concurrent Reset Relocation Set 0.003ms
[40.692s][info][gc,phases   ] GC(220) Concurrent Select Relocation Set 3.661ms
[40.692s][info][gc,phases   ] GC(220) Pause Relocate Start 0.009ms
[40.696s][info][gc,phases   ] GC(220) Concurrent Relocate 4.581ms
[40.696s][info][gc,load     ] GC(220) Load: 0.00/0.00/0.00
[40.696s][info][gc,mmu      ] GC(220) MMU: 2ms/96.6%, 5ms/98.6%, 10ms/99.3%, 20ms/99.7%, 50ms/99.8%, 100ms/99.9%
[40.696s][info][gc,marking  ] GC(220) Mark: 4 stripe(s), 2 proactive flush(es), 1 terminate flush(es), 0 completion(s), 0 continuation(s) 
[40.696s][info][gc,marking  ] GC(220) Mark Stack Usage: 32M
[40.696s][info][gc,nmethod  ] GC(220) NMethods: 5473 registered, 21 unregistered
[40.697s][info][gc,metaspace] GC(220) Metaspace: 58M used, 59M committed, 1088M reserved
[40.697s][info][gc,ref      ] GC(220) Soft: 3044 encountered, 0 discovered, 0 enqueued
[40.697s][info][gc,ref      ] GC(220) Weak: 5938 encountered, 315 discovered, 0 enqueued
[40.697s][info][gc,ref      ] GC(220) Final: 60 encountered, 0 discovered, 0 enqueued
[40.697s][info][gc,ref      ] GC(220) Phantom: 608 encountered, 391 discovered, 0 enqueued
[40.697s][info][gc,reloc    ] GC(220) Small Pages: 199 / 398M, Empty: 174M, Relocated: 5M, In-Place: 0
[40.697s][info][gc,reloc    ] GC(220) Medium Pages: 1 / 32M, Empty: 0M, Relocated: 0M, In-Place: 0
[40.697s][info][gc,reloc    ] GC(220) Large Pages: 2 / 12M, Empty: 0M, Relocated: 0M, In-Place: 0
[40.697s][info][gc,reloc    ] GC(220) Forwarding Usage: 3M
[40.697s][info][gc,heap     ] GC(220) Min Capacity: 8M(1%)
[40.697s][info][gc,heap     ] GC(220) Max Capacity: 1024M(100%)
[40.697s][info][gc,heap     ] GC(220) Soft Max Capacity: 1024M(100%)
[40.697s][info][gc,heap     ] GC(220)                Mark Start          Mark End        Relocate Start      Relocate End           High               Low         
[40.697s][info][gc,heap     ] GC(220)  Capacity:     1024M (100%)       1024M (100%)       1024M (100%)       1024M (100%)       1024M (100%)       1024M (100%)   
[40.697s][info][gc,heap     ] GC(220)      Free:      582M (57%)         386M (38%)         542M (53%)         548M (54%)         582M (57%)         376M (37%)    
[40.697s][info][gc,heap     ] GC(220)      Used:      442M (43%)         638M (62%)         482M (47%)         476M (46%)         648M (63%)         442M (43%)    
[40.697s][info][gc,heap     ] GC(220)      Live:         -               203M (20%)         203M (20%)         203M (20%)            -                  -          
[40.697s][info][gc,heap     ] GC(220) Allocated:         -               196M (19%)         214M (21%)         221M (22%)            -                  -          
[40.697s][info][gc,heap     ] GC(220)   Garbage:         -               238M (23%)          64M (6%)           50M (5%)             -                  -          
[40.697s][info][gc,heap     ] GC(220) Reclaimed:         -                  -               174M (17%)         187M (18%)            -                  -          
[40.697s][info][gc          ] GC(220) Garbage Collection (Allocation Rate) 442M(43%)->476M(46%)
[40.700s][info][gc,start    ] GC(221) Garbage Collection (Allocation Rate)
[40.700s][info][gc,task     ] GC(221) Using 6 workers
[40.700s][info][gc,phases   ] GC(221) Pause Mark Start 0.008ms
[40.778s][info][gc,phases   ] GC(221) Concurrent Mark 77.869ms
[40.778s][info][gc,phases   ] GC(221) Pause Mark End 0.021ms
[40.778s][info][gc,phases   ] GC(221) Concurrent Mark Free 0.001ms
[40.781s][info][gc,phases   ] GC(221) Concurrent Process Non-Strong References 2.840ms
[40.781s][info][gc,phases   ] GC(221) Concurrent Reset Relocation Set 0.002ms
[40.785s][info][gc,phases   ] GC(221) Concurrent Select Relocation Set 3.934ms
[40.785s][info][gc,phases   ] GC(221) Pause Relocate Start 0.007ms
[40.789s][info][gc,phases   ] GC(221) Concurrent Relocate 3.154ms
[40.789s][info][gc,load     ] GC(221) Load: 0.00/0.00/0.00
[40.789s][info][gc,mmu      ] GC(221) MMU: 2ms/96.6%, 5ms/98.6%, 10ms/99.3%, 20ms/99.7%, 50ms/99.8%, 100ms/99.9%
[40.789s][info][gc,marking  ] GC(221) Mark: 4 stripe(s), 2 proactive flush(es), 1 terminate flush(es), 0 completion(s), 0 continuation(s) 
[40.789s][info][gc,marking  ] GC(221) Mark Stack Usage: 32M
[40.789s][info][gc,nmethod  ] GC(221) NMethods: 5473 registered, 21 unregistered
[40.789s][info][gc,metaspace] GC(221) Metaspace: 58M used, 59M committed, 1088M reserved
[40.789s][info][gc,ref      ] GC(221) Soft: 3044 encountered, 0 discovered, 0 enqueued
[40.789s][info][gc,ref      ] GC(221) Weak: 5938 encountered, 2621 discovered, 0 enqueued
[40.789s][info][gc,ref      ] GC(221) Final: 60 encountered, 2 discovered, 0 enqueued
[40.789s][info][gc,ref      ] GC(221) Phantom: 608 encountered, 475 discovered, 0 enqueued
[40.789s][info][gc,reloc    ] GC(221) Small Pages: 219 / 438M, Empty: 212M, Relocated: 5M, In-Place: 0
[40.789s][info][gc,reloc    ] GC(221) Medium Pages: 1 / 32M, Empty: 0M, Relocated: 0M, In-Place: 0
[40.789s][info][gc,reloc    ] GC(221) Large Pages: 2 / 12M, Empty: 0M, Relocated: 0M, In-Place: 0
[40.789s][info][gc,reloc    ] GC(221) Forwarding Usage: 2M
[40.789s][info][gc,heap     ] GC(221) Min Capacity: 8M(1%)
[40.789s][info][gc,heap     ] GC(221) Max Capacity: 1024M(100%)
[40.789s][info][gc,heap     ] GC(221) Soft Max Capacity: 1024M(100%)
[40.789s][info][gc,heap     ] GC(221)                Mark Start          Mark End        Relocate Start      Relocate End           High               Low         
[40.789s][info][gc,heap     ] GC(221)  Capacity:     1024M (100%)       1024M (100%)       1024M (100%)       1024M (100%)       1024M (100%)       1024M (100%)   
[40.789s][info][gc,heap     ] GC(221)      Free:      542M (53%)         424M (41%)         628M (61%)         640M (63%)         640M (63%)         422M (41%)    
[40.789s][info][gc,heap     ] GC(221)      Used:      482M (47%)         600M (59%)         396M (39%)         384M (38%)         602M (59%)         384M (38%)    
[40.789s][info][gc,heap     ] GC(221)      Live:         -               203M (20%)         203M (20%)         203M (20%)            -                  -          
[40.789s][info][gc,heap     ] GC(221) Allocated:         -               118M (12%)         126M (12%)         129M (13%)            -                  -          
[40.789s][info][gc,heap     ] GC(221)   Garbage:         -               278M (27%)          66M (7%)           50M (5%)             -                  -          
[40.789s][info][gc,heap     ] GC(221) Reclaimed:         -                  -               212M (21%)         227M (22%)            -                  -          
[40.789s][info][gc          ] GC(221) Garbage Collection (Allocation Rate) 482M(47%)->384M(38%)
[40.903s][info][gc,start    ] GC(222) Garbage Collection (Allocation Rate)
[40.903s][info][gc,task     ] GC(222) Using 6 workers
[40.903s][info][gc,phases   ] GC(222) Pause Mark Start 0.015ms
[40.982s][info][gc,phases   ] GC(222) Concurrent Mark 78.703ms
[40.982s][info][gc,phases   ] GC(222) Pause Mark End 0.021ms
[40.982s][info][gc,phases   ] GC(222) Concurrent Mark Free 0.001ms
[40.985s][info][gc,phases   ] GC(222) Concurrent Process Non-Strong References 2.613ms
[40.985s][info][gc,phases   ] GC(222) Concurrent Reset Relocation Set 0.002ms
[40.989s][info][gc,phases   ] GC(222) Concurrent Select Relocation Set 3.687ms
[40.989s][info][gc,phases   ] GC(222) Pause Relocate Start 0.008ms
[40.994s][info][gc,phases   ] GC(222) Concurrent Relocate 4.845ms
[40.994s][info][gc,load     ] GC(222) Load: 0.00/0.00/0.00
[40.994s][info][gc,mmu      ] GC(222) MMU: 2ms/96.6%, 5ms/98.6%, 10ms/99.3%, 20ms/99.7%, 50ms/99.8%, 100ms/99.9%
[40.994s][info][gc,marking  ] GC(222) Mark: 4 stripe(s), 2 proactive flush(es), 1 terminate flush(es), 0 completion(s), 0 continuation(s) 
[40.994s][info][gc,marking  ] GC(222) Mark Stack Usage: 32M
[40.994s][info][gc,nmethod  ] GC(222) NMethods: 5481 registered, 21 unregistered
[40.994s][info][gc,metaspace] GC(222) Metaspace: 58M used, 59M committed, 1088M reserved
[40.994s][info][gc,ref      ] GC(222) Soft: 3044 encountered, 0 discovered, 0 enqueued
[40.994s][info][gc,ref      ] GC(222) Weak: 5936 encountered, 2716 discovered, 0 enqueued
[40.994s][info][gc,ref      ] GC(222) Final: 60 encountered, 3 discovered, 0 enqueued
[40.994s][info][gc,ref      ] GC(222) Phantom: 608 encountered, 388 discovered, 0 enqueued
[40.994s][info][gc,reloc    ] GC(222) Small Pages: 309 / 618M, Empty: 394M, Relocated: 5M, In-Place: 0
[40.994s][info][gc,reloc    ] GC(222) Medium Pages: 1 / 32M, Empty: 0M, Relocated: 0M, In-Place: 0
[40.994s][info][gc,reloc    ] GC(222) Large Pages: 2 / 12M, Empty: 0M, Relocated: 0M, In-Place: 0
[40.994s][info][gc,reloc    ] GC(222) Forwarding Usage: 2M
[40.994s][info][gc,heap     ] GC(222) Min Capacity: 8M(1%)
[40.994s][info][gc,heap     ] GC(222) Max Capacity: 1024M(100%)
[40.994s][info][gc,heap     ] GC(222) Soft Max Capacity: 1024M(100%)
[40.994s][info][gc,heap     ] GC(222)                Mark Start          Mark End        Relocate Start      Relocate End           High               Low         
[40.994s][info][gc,heap     ] GC(222)  Capacity:     1024M (100%)       1024M (100%)       1024M (100%)       1024M (100%)       1024M (100%)       1024M (100%)   
[40.994s][info][gc,heap     ] GC(222)      Free:      362M (35%)         182M (18%)         564M (55%)         576M (56%)         576M (56%)         178M (17%)    
[40.994s][info][gc,heap     ] GC(222)      Used:      662M (65%)         842M (82%)         460M (45%)         448M (44%)         846M (83%)         448M (44%)    
[40.994s][info][gc,heap     ] GC(222)      Live:         -               203M (20%)         203M (20%)         203M (20%)            -                  -          
[40.994s][info][gc,heap     ] GC(222) Allocated:         -               180M (18%)         192M (19%)         193M (19%)            -                  -          
[40.995s][info][gc,heap     ] GC(222)   Garbage:         -               458M (45%)          64M (6%)           50M (5%)             -                  -          
[40.995s][info][gc,heap     ] GC(222) Reclaimed:         -                  -               394M (38%)         407M (40%)            -                  -          
[40.995s][info][gc          ] GC(222) Garbage Collection (Allocation Rate) 662M(65%)->448M(44%)
[40.998s][info][gc,start    ] GC(223) Garbage Collection (Allocation Rate)
[40.998s][info][gc,task     ] GC(223) Using 6 workers
[40.998s][info][gc,phases   ] GC(223) Pause Mark Start 0.009ms
[41.070s][info][gc,phases   ] GC(223) Concurrent Mark 72.403ms
[41.071s][info][gc,phases   ] GC(223) Pause Mark End 0.020ms
[41.071s][info][gc,phases   ] GC(223) Concurrent Mark Free 0.001ms
[41.074s][info][gc,phases   ] GC(223) Concurrent Process Non-Strong References 2.851ms
[41.074s][info][gc,phases   ] GC(223) Concurrent Reset Relocation Set 0.002ms
[41.081s][info][gc,phases   ] GC(223) Concurrent Select Relocation Set 6.973ms
[41.081s][info][gc,phases   ] GC(223) Pause Relocate Start 0.009ms
[41.084s][info][gc,phases   ] GC(223) Concurrent Relocate 2.746ms
[41.084s][info][gc,load     ] GC(223) Load: 0.00/0.00/0.00
[41.084s][info][gc,mmu      ] GC(223) MMU: 2ms/96.6%, 5ms/98.6%, 10ms/99.3%, 20ms/99.7%, 50ms/99.8%, 100ms/99.9%
[41.084s][info][gc,marking  ] GC(223) Mark: 4 stripe(s), 2 proactive flush(es), 1 terminate flush(es), 0 completion(s), 0 continuation(s) 
[41.084s][info][gc,marking  ] GC(223) Mark Stack Usage: 32M
[41.084s][info][gc,nmethod  ] GC(223) NMethods: 5525 registered, 23 unregistered
[41.084s][info][gc,metaspace] GC(223) Metaspace: 58M used, 59M committed, 1088M reserved
[41.084s][info][gc,ref      ] GC(223) Soft: 3042 encountered, 0 discovered, 0 enqueued
[41.084s][info][gc,ref      ] GC(223) Weak: 5944 encountered, 2293 discovered, 1 enqueued
[41.084s][info][gc,ref      ] GC(223) Final: 60 encountered, 0 discovered, 0 enqueued
[41.084s][info][gc,ref      ] GC(223) Phantom: 608 encountered, 244 discovered, 0 enqueued
[41.084s][info][gc,reloc    ] GC(223) Small Pages: 202 / 404M, Empty: 180M, Relocated: 4M, In-Place: 0
[41.084s][info][gc,reloc    ] GC(223) Medium Pages: 1 / 32M, Empty: 0M, Relocated: 0M, In-Place: 0
[41.084s][info][gc,reloc    ] GC(223) Large Pages: 2 / 12M, Empty: 0M, Relocated: 0M, In-Place: 0
[41.084s][info][gc,reloc    ] GC(223) Forwarding Usage: 2M
[41.084s][info][gc,heap     ] GC(223) Min Capacity: 8M(1%)
[41.084s][info][gc,heap     ] GC(223) Max Capacity: 1024M(100%)
[41.084s][info][gc,heap     ] GC(223) Soft Max Capacity: 1024M(100%)
[41.084s][info][gc,heap     ] GC(223)                Mark Start          Mark End        Relocate Start      Relocate End           High               Low         
[41.084s][info][gc,heap     ] GC(223)  Capacity:     1024M (100%)       1024M (100%)       1024M (100%)       1024M (100%)       1024M (100%)       1024M (100%)   
[41.084s][info][gc,heap     ] GC(223)      Free:      576M (56%)         564M (55%)         744M (73%)         758M (74%)         758M (74%)         564M (55%)    
[41.084s][info][gc,heap     ] GC(223)      Used:      448M (44%)         460M (45%)         280M (27%)         266M (26%)         460M (45%)         266M (26%)    
[41.084s][info][gc,heap     ] GC(223)      Live:         -               203M (20%)         203M (20%)         203M (20%)            -                  -          
[41.084s][info][gc,heap     ] GC(223) Allocated:         -                12M (1%)           12M (1%)           12M (1%)             -                  -          
[41.084s][info][gc,heap     ] GC(223)   Garbage:         -               244M (24%)          64M (6%)           50M (5%)             -                  -          
[41.084s][info][gc,heap     ] GC(223) Reclaimed:         -                  -               180M (18%)         194M (19%)            -                  -          
[41.084s][info][gc          ] GC(223) Garbage Collection (Allocation Rate) 448M(44%)->266M(26%)
[41.084s][info][gc,start    ] GC(224) Garbage Collection (System.gc())
[41.085s][info][gc,task     ] GC(224) Using 10 workers
[41.085s][info][gc,phases   ] GC(224) Pause Mark Start 0.010ms
[41.149s][info][gc,phases   ] GC(224) Concurrent Mark 63.872ms
[41.149s][info][gc,phases   ] GC(224) Pause Mark End 0.027ms
[41.149s][info][gc,phases   ] GC(224) Concurrent Mark Free 0.002ms
[41.151s][info][gc,phases   ] GC(224) Concurrent Process Non-Strong References 1.953ms
[41.151s][info][gc,phases   ] GC(224) Concurrent Reset Relocation Set 0.002ms
[41.155s][info][gc,phases   ] GC(224) Concurrent Select Relocation Set 3.621ms
[41.155s][info][gc,phases   ] GC(224) Pause Relocate Start 0.009ms
[41.157s][info][gc,phases   ] GC(224) Concurrent Relocate 2.589ms
[41.157s][info][gc,load     ] GC(224) Load: 0.00/0.00/0.00
[41.157s][info][gc,mmu      ] GC(224) MMU: 2ms/96.6%, 5ms/98.6%, 10ms/99.3%, 20ms/99.7%, 50ms/99.8%, 100ms/99.9%
[41.157s][info][gc,marking  ] GC(224) Mark: 8 stripe(s), 2 proactive flush(es), 1 terminate flush(es), 0 completion(s), 0 continuation(s) 
[41.157s][info][gc,marking  ] GC(224) Mark Stack Usage: 32M
[41.157s][info][gc,nmethod  ] GC(224) NMethods: 5525 registered, 26 unregistered
[41.157s][info][gc,metaspace] GC(224) Metaspace: 58M used, 59M committed, 1088M reserved
[41.158s][info][gc,ref      ] GC(224) Soft: 3042 encountered, 0 discovered, 0 enqueued
[41.158s][info][gc,ref      ] GC(224) Weak: 6006 encountered, 1428 discovered, 118 enqueued
[41.158s][info][gc,ref      ] GC(224) Final: 60 encountered, 1 discovered, 0 enqueued
[41.158s][info][gc,ref      ] GC(224) Phantom: 608 encountered, 408 discovered, 0 enqueued
[41.158s][info][gc,reloc    ] GC(224) Small Pages: 108 / 216M, Empty: 0M, Relocated: 4M, In-Place: 0
[41.158s][info][gc,reloc    ] GC(224) Medium Pages: 1 / 32M, Empty: 0M, Relocated: 0M, In-Place: 0
[41.158s][info][gc,reloc    ] GC(224) Large Pages: 3 / 18M, Empty: 6M, Relocated: 0M, In-Place: 0
[41.158s][info][gc,reloc    ] GC(224) Forwarding Usage: 2M
[41.158s][info][gc,heap     ] GC(224) Min Capacity: 8M(1%)
[41.158s][info][gc,heap     ] GC(224) Max Capacity: 1024M(100%)
[41.158s][info][gc,heap     ] GC(224) Soft Max Capacity: 1024M(100%)
[41.158s][info][gc,heap     ] GC(224)                Mark Start          Mark End        Relocate Start      Relocate End           High               Low         
[41.158s][info][gc,heap     ] GC(224)  Capacity:     1024M (100%)       1024M (100%)       1024M (100%)       1024M (100%)       1024M (100%)       1024M (100%)   
[41.158s][info][gc,heap     ] GC(224)      Free:      758M (74%)         756M (74%)         758M (74%)         758M (74%)         758M (74%)         740M (72%)    
[41.158s][info][gc,heap     ] GC(224)      Used:      266M (26%)         268M (26%)         266M (26%)         266M (26%)         284M (28%)         266M (26%)    
[41.158s][info][gc,heap     ] GC(224)      Live:         -               203M (20%)         203M (20%)         203M (20%)            -                  -          
[41.158s][info][gc,heap     ] GC(224) Allocated:         -                 2M (0%)            6M (1%)            6M (1%)             -                  -          
[41.158s][info][gc,heap     ] GC(224)   Garbage:         -                62M (6%)           56M (6%)           56M (6%)             -                  -          
[41.158s][info][gc,heap     ] GC(224) Reclaimed:         -                  -                 6M (1%)            6M (1%)             -                  -          
[41.158s][info][gc          ] GC(224) Garbage Collection (System.gc()) 266M(26%)->266M(26%)
[41.305s][info][gc,start    ] GC(225) Garbage Collection (Allocation Rate)
[41.305s][info][gc,task     ] GC(225) Using 7 workers
[41.305s][info][gc,phases   ] GC(225) Pause Mark Start 0.019ms
[41.383s][info][gc,phases   ] GC(225) Concurrent Mark 77.677ms
[41.383s][info][gc,phases   ] GC(225) Pause Mark End 0.028ms
[41.383s][info][gc,phases   ] GC(225) Concurrent Mark Free 0.001ms
[41.386s][info][gc,phases   ] GC(225) Concurrent Process Non-Strong References 3.263ms
[41.387s][info][gc,phases   ] GC(225) Concurrent Reset Relocation Set 0.003ms
[41.394s][info][gc,phases   ] GC(225) Concurrent Select Relocation Set 7.186ms
[41.394s][info][gc,phases   ] GC(225) Pause Relocate Start 0.009ms
[41.398s][info][gc,phases   ] GC(225) Concurrent Relocate 4.469ms
[41.398s][info][gc,load     ] GC(225) Load: 0.00/0.00/0.00
[41.399s][info][gc,mmu      ] GC(225) MMU: 2ms/96.6%, 5ms/98.6%, 10ms/99.3%, 20ms/99.7%, 50ms/99.8%, 100ms/99.9%
[41.399s][info][gc,marking  ] GC(225) Mark: 4 stripe(s), 2 proactive flush(es), 1 terminate flush(es), 0 completion(s), 0 continuation(s) 
[41.399s][info][gc,marking  ] GC(225) Mark Stack Usage: 32M
[41.399s][info][gc,nmethod  ] GC(225) NMethods: 5445 registered, 174 unregistered
[41.399s][info][gc,metaspace] GC(225) Metaspace: 58M used, 59M committed, 1088M reserved
[41.399s][info][gc,ref      ] GC(225) Soft: 3044 encountered, 0 discovered, 0 enqueued
[41.399s][info][gc,ref      ] GC(225) Weak: 6025 encountered, 435 discovered, 74 enqueued
[41.399s][info][gc,ref      ] GC(225) Final: 60 encountered, 0 discovered, 0 enqueued
[41.399s][info][gc,ref      ] GC(225) Phantom: 608 encountered, 392 discovered, 0 enqueued
[41.399s][info][gc,reloc    ] GC(225) Small Pages: 226 / 452M, Empty: 206M, Relocated: 5M, In-Place: 0
[41.399s][info][gc,reloc    ] GC(225) Medium Pages: 2 / 64M, Empty: 32M, Relocated: 0M, In-Place: 0
[41.399s][info][gc,reloc    ] GC(225) Large Pages: 4 / 24M, Empty: 12M, Relocated: 0M, In-Place: 0
[41.399s][info][gc,reloc    ] GC(225) Forwarding Usage: 2M
[41.399s][info][gc,heap     ] GC(225) Min Capacity: 8M(1%)
[41.399s][info][gc,heap     ] GC(225) Max Capacity: 1024M(100%)
[41.399s][info][gc,heap     ] GC(225) Soft Max Capacity: 1024M(100%)
[41.399s][info][gc,heap     ] GC(225)                Mark Start          Mark End        Relocate Start      Relocate End           High               Low         
[41.399s][info][gc,heap     ] GC(225)  Capacity:     1024M (100%)       1024M (100%)       1024M (100%)       1024M (100%)       1024M (100%)       1024M (100%)   
[41.399s][info][gc,heap     ] GC(225)      Free:      484M (47%)         242M (24%)         452M (44%)         470M (46%)         484M (47%)         230M (22%)    
[41.399s][info][gc,heap     ] GC(225)      Used:      540M (53%)         782M (76%)         572M (56%)         554M (54%)         794M (78%)         540M (53%)    
[41.399s][info][gc,heap     ] GC(225)      Live:         -               203M (20%)         203M (20%)         203M (20%)            -                  -          
[41.399s][info][gc,heap     ] GC(225) Allocated:         -               242M (24%)         282M (28%)         297M (29%)            -                  -          
[41.399s][info][gc,heap     ] GC(225)   Garbage:         -               336M (33%)          86M (8%)           52M (5%)             -                  -          
[41.399s][info][gc,heap     ] GC(225) Reclaimed:         -                  -               250M (24%)         283M (28%)            -                  -          
[41.399s][info][gc          ] GC(225) Garbage Collection (Allocation Rate) 540M(53%)->554M(54%)
[41.508s][info][gc,start    ] GC(226) Garbage Collection (Allocation Rate)
[41.508s][info][gc,task     ] GC(226) Using 10 workers
[41.508s][info][gc,phases   ] GC(226) Pause Mark Start 0.012ms
[41.570s][info][gc,phases   ] GC(226) Concurrent Mark 62.175ms
[41.571s][info][gc,phases   ] GC(226) Pause Mark End 0.032ms
[41.571s][info][gc,phases   ] GC(226) Concurrent Mark Free 0.001ms
[41.573s][info][gc,phases   ] GC(226) Concurrent Process Non-Strong References 2.293ms
[41.573s][info][gc,phases   ] GC(226) Concurrent Reset Relocation Set 0.004ms
[41.573s][info][gc          ] Allocation Stall (Executor task launch worker for task 1.0 in stage 70.0 (TID 117)) 23.845ms
[41.573s][info][gc          ] Allocation Stall (Executor task launch worker for task 0.0 in stage 70.0 (TID 116)) 25.654ms
[41.577s][info][gc,phases   ] GC(226) Concurrent Select Relocation Set 3.738ms
[41.577s][info][gc,phases   ] GC(226) Pause Relocate Start 0.012ms
[41.581s][info][gc,phases   ] GC(226) Concurrent Relocate 4.305ms
[41.581s][info][gc,load     ] GC(226) Load: 0.00/0.00/0.00
[41.581s][info][gc,mmu      ] GC(226) MMU: 2ms/96.6%, 5ms/98.6%, 10ms/99.3%, 20ms/99.7%, 50ms/99.8%, 100ms/99.9%
[41.581s][info][gc,marking  ] GC(226) Mark: 8 stripe(s), 2 proactive flush(es), 1 terminate flush(es), 0 completion(s), 0 continuation(s) 
[41.581s][info][gc,marking  ] GC(226) Mark Stack Usage: 32M
[41.581s][info][gc,nmethod  ] GC(226) NMethods: 5445 registered, 174 unregistered
[41.582s][info][gc,metaspace] GC(226) Metaspace: 58M used, 59M committed, 1088M reserved
[41.582s][info][gc,ref      ] GC(226) Soft: 3044 encountered, 0 discovered, 0 enqueued
[41.582s][info][gc,ref      ] GC(226) Weak: 5951 encountered, 2006 discovered, 14 enqueued
[41.582s][info][gc,ref      ] GC(226) Final: 60 encountered, 2 discovered, 0 enqueued
[41.582s][info][gc,ref      ] GC(226) Phantom: 608 encountered, 419 discovered, 0 enqueued
[41.582s][info][gc,reloc    ] GC(226) Small Pages: 446 / 892M, Empty: 656M, Relocated: 5M, In-Place: 0
[41.582s][info][gc,reloc    ] GC(226) Medium Pages: 1 / 32M, Empty: 0M, Relocated: 0M, In-Place: 0
[41.582s][info][gc,reloc    ] GC(226) Large Pages: 2 / 12M, Empty: 0M, Relocated: 0M, In-Place: 0
[41.582s][info][gc,reloc    ] GC(226) Forwarding Usage: 2M
[41.582s][info][gc,heap     ] GC(226) Min Capacity: 8M(1%)
[41.582s][info][gc,heap     ] GC(226) Max Capacity: 1024M(100%)
[41.582s][info][gc,heap     ] GC(226) Soft Max Capacity: 1024M(100%)
[41.582s][info][gc,heap     ] GC(226)                Mark Start          Mark End        Relocate Start      Relocate End           High               Low         
[41.582s][info][gc,heap     ] GC(226)  Capacity:     1024M (100%)       1024M (100%)       1024M (100%)       1024M (100%)       1024M (100%)       1024M (100%)   
[41.582s][info][gc,heap     ] GC(226)      Free:       88M (9%)            0M (0%)          648M (63%)         660M (64%)         660M (64%)           0M (0%)     
[41.582s][info][gc,heap     ] GC(226)      Used:      936M (91%)        1024M (100%)        376M (37%)         364M (36%)        1024M (100%)        364M (36%)    
[41.582s][info][gc,heap     ] GC(226)      Live:         -               203M (20%)         203M (20%)         203M (20%)            -                  -          
[41.582s][info][gc,heap     ] GC(226) Allocated:         -                88M (9%)           96M (9%)          101M (10%)            -                  -          
[41.582s][info][gc,heap     ] GC(226)   Garbage:         -               732M (72%)          76M (7%)           58M (6%)             -                  -          
[41.582s][info][gc,heap     ] GC(226) Reclaimed:         -                  -               656M (64%)         673M (66%)            -                  -          
[41.582s][info][gc          ] GC(226) Garbage Collection (Allocation Rate) 936M(91%)->364M(36%)
[41.602s][info][gc,start    ] GC(227) Garbage Collection (Allocation Stall)
[41.602s][info][gc,ref      ] GC(227) Clearing All SoftReferences
[41.602s][info][gc,task     ] GC(227) Using 10 workers
[41.602s][info][gc,ref      ] GC(227) Clearing All SoftReferences
[41.602s][info][gc,phases   ] GC(227) Pause Mark Start 0.053ms
[41.664s][info][gc,phases   ] GC(227) Concurrent Mark 62.123ms
[41.664s][info][gc,phases   ] GC(227) Pause Mark End 0.023ms
[41.664s][info][gc,phases   ] GC(227) Concurrent Mark Free 0.001ms
[41.678s][info][gc,phases   ] GC(227) Concurrent Process Non-Strong References 13.254ms
[41.678s][info][gc,phases   ] GC(227) Concurrent Reset Relocation Set 0.004ms
[41.682s][info][gc,phases   ] GC(227) Concurrent Select Relocation Set 3.889ms
[41.682s][info][gc,phases   ] GC(227) Pause Relocate Start 0.011ms
[41.685s][info][gc,phases   ] GC(227) Concurrent Relocate 3.608ms
[41.686s][info][gc,load     ] GC(227) Load: 0.00/0.00/0.00
[41.686s][info][gc,mmu      ] GC(227) MMU: 2ms/96.6%, 5ms/98.6%, 10ms/99.3%, 20ms/99.7%, 50ms/99.8%, 100ms/99.9%
[41.686s][info][gc,marking  ] GC(227) Mark: 8 stripe(s), 3 proactive flush(es), 1 terminate flush(es), 0 completion(s), 0 continuation(s) 
[41.686s][info][gc,marking  ] GC(227) Mark Stack Usage: 32M
[41.686s][info][gc,nmethod  ] GC(227) NMethods: 5434 registered, 185 unregistered
[41.686s][info][gc,metaspace] GC(227) Metaspace: 58M used, 59M committed, 1088M reserved
[41.686s][info][gc,ref      ] GC(227) Soft: 2944 encountered, 1497 discovered, 308 enqueued
[41.686s][info][gc,ref      ] GC(227) Weak: 5846 encountered, 1775 discovered, 39 enqueued
[41.686s][info][gc,ref      ] GC(227) Final: 60 encountered, 0 discovered, 0 enqueued
[41.686s][info][gc,ref      ] GC(227) Phantom: 608 encountered, 461 discovered, 0 enqueued
[41.686s][info][gc,reloc    ] GC(227) Small Pages: 182 / 364M, Empty: 134M, Relocated: 3M, In-Place: 0
[41.686s][info][gc,reloc    ] GC(227) Medium Pages: 1 / 32M, Empty: 0M, Relocated: 0M, In-Place: 0
[41.686s][info][gc,reloc    ] GC(227) Large Pages: 2 / 12M, Empty: 0M, Relocated: 0M, In-Place: 0
[41.686s][info][gc,reloc    ] GC(227) Forwarding Usage: 1M
[41.686s][info][gc,heap     ] GC(227) Min Capacity: 8M(1%)
[41.686s][info][gc,heap     ] GC(227) Max Capacity: 1024M(100%)
[41.686s][info][gc,heap     ] GC(227) Soft Max Capacity: 1024M(100%)
[41.686s][info][gc,heap     ] GC(227)                Mark Start          Mark End        Relocate Start      Relocate End           High               Low         
[41.686s][info][gc,heap     ] GC(227)  Capacity:     1024M (100%)       1024M (100%)       1024M (100%)       1024M (100%)       1024M (100%)       1024M (100%)   
[41.686s][info][gc,heap     ] GC(227)      Free:      616M (60%)         404M (39%)         476M (46%)         476M (46%)         616M (60%)         356M (35%)    
[41.686s][info][gc,heap     ] GC(227)      Used:      408M (40%)         620M (61%)         548M (54%)         548M (54%)         668M (65%)         408M (40%)    
[41.686s][info][gc,heap     ] GC(227)      Live:         -               202M (20%)         202M (20%)         202M (20%)            -                  -          
[41.686s][info][gc,heap     ] GC(227) Allocated:         -               212M (21%)         274M (27%)         283M (28%)            -                  -          
[41.686s][info][gc,heap     ] GC(227)   Garbage:         -               205M (20%)          71M (7%)           61M (6%)             -                  -          
[41.686s][info][gc,heap     ] GC(227) Reclaimed:         -                  -               134M (13%)         143M (14%)            -                  -          
[41.686s][info][gc          ] GC(227) Garbage Collection (Allocation Stall) 408M(40%)->548M(54%)
[41.695s][info][gc,start    ] GC(228) Garbage Collection (Allocation Rate)
[41.695s][info][gc,task     ] GC(228) Using 10 workers
[41.696s][info][gc,phases   ] GC(228) Pause Mark Start 0.010ms
[41.758s][info][gc,phases   ] GC(228) Concurrent Mark 62.179ms
[41.758s][info][gc,phases   ] GC(228) Pause Mark End 0.019ms
[41.758s][info][gc,phases   ] GC(228) Concurrent Mark Free 0.001ms
[41.760s][info][gc,phases   ] GC(228) Concurrent Process Non-Strong References 1.780ms
[41.760s][info][gc,phases   ] GC(228) Concurrent Reset Relocation Set 0.002ms
[41.766s][info][gc,phases   ] GC(228) Concurrent Select Relocation Set 6.125ms
[41.766s][info][gc,phases   ] GC(228) Pause Relocate Start 0.008ms
[41.769s][info][gc,phases   ] GC(228) Concurrent Relocate 2.829ms
[41.769s][info][gc,load     ] GC(228) Load: 0.00/0.00/0.00
[41.769s][info][gc,mmu      ] GC(228) MMU: 2ms/96.6%, 5ms/98.6%, 10ms/99.3%, 20ms/99.7%, 50ms/99.8%, 100ms/99.9%
[41.769s][info][gc,marking  ] GC(228) Mark: 8 stripe(s), 2 proactive flush(es), 1 terminate flush(es), 0 completion(s), 0 continuation(s) 
[41.769s][info][gc,marking  ] GC(228) Mark Stack Usage: 32M
[41.769s][info][gc,nmethod  ] GC(228) NMethods: 5434 registered, 185 unregistered
[41.769s][info][gc,metaspace] GC(228) Metaspace: 58M used, 59M committed, 1088M reserved
[41.769s][info][gc,ref      ] GC(228) Soft: 2636 encountered, 0 discovered, 0 enqueued
[41.769s][info][gc,ref      ] GC(228) Weak: 5807 encountered, 515 discovered, 0 enqueued
[41.769s][info][gc,ref      ] GC(228) Final: 60 encountered, 37 discovered, 0 enqueued
[41.769s][info][gc,ref      ] GC(228) Phantom: 608 encountered, 367 discovered, 0 enqueued
[41.769s][info][gc,reloc    ] GC(228) Small Pages: 266 / 532M, Empty: 302M, Relocated: 3M, In-Place: 0
[41.769s][info][gc,reloc    ] GC(228) Medium Pages: 1 / 32M, Empty: 0M, Relocated: 0M, In-Place: 0
[41.769s][info][gc,reloc    ] GC(228) Large Pages: 2 / 12M, Empty: 0M, Relocated: 0M, In-Place: 0
[41.770s][info][gc,reloc    ] GC(228) Forwarding Usage: 1M
[41.770s][info][gc,heap     ] GC(228) Min Capacity: 8M(1%)
[41.770s][info][gc,heap     ] GC(228) Max Capacity: 1024M(100%)
[41.770s][info][gc,heap     ] GC(228) Soft Max Capacity: 1024M(100%)
[41.770s][info][gc,heap     ] GC(228)                Mark Start          Mark End        Relocate Start      Relocate End           High               Low         
[41.770s][info][gc,heap     ] GC(228)  Capacity:     1024M (100%)       1024M (100%)       1024M (100%)       1024M (100%)       1024M (100%)       1024M (100%)   
[41.770s][info][gc,heap     ] GC(228)      Free:      448M (44%)         292M (29%)         570M (56%)         576M (56%)         578M (56%)         286M (28%)    
[41.770s][info][gc,heap     ] GC(228)      Used:      576M (56%)         732M (71%)         454M (44%)         448M (44%)         738M (72%)         446M (44%)    
[41.770s][info][gc,heap     ] GC(228)      Live:         -               202M (20%)         202M (20%)         202M (20%)            -                  -          
[41.770s][info][gc,heap     ] GC(228) Allocated:         -               156M (15%)         180M (18%)         183M (18%)            -                  -          
[41.770s][info][gc,heap     ] GC(228)   Garbage:         -               373M (37%)          71M (7%)           61M (6%)             -                  -          
[41.770s][info][gc,heap     ] GC(228) Reclaimed:         -                  -               302M (29%)         311M (30%)            -                  -          
[41.770s][info][gc          ] GC(228) Garbage Collection (Allocation Rate) 576M(56%)->448M(44%)
[41.805s][info][gc,start    ] GC(229) Garbage Collection (Allocation Rate)
[41.805s][info][gc,task     ] GC(229) Using 10 workers
[41.805s][info][gc,phases   ] GC(229) Pause Mark Start 0.015ms
[41.867s][info][gc,phases   ] GC(229) Concurrent Mark 62.106ms
[41.867s][info][gc,phases   ] GC(229) Pause Mark End 0.027ms
[41.867s][info][gc,phases   ] GC(229) Concurrent Mark Free 0.001ms
[41.869s][info][gc,phases   ] GC(229) Concurrent Process Non-Strong References 1.717ms
[41.869s][info][gc,phases   ] GC(229) Concurrent Reset Relocation Set 0.002ms
[41.873s][info][gc,phases   ] GC(229) Concurrent Select Relocation Set 3.606ms
[41.873s][info][gc,phases   ] GC(229) Pause Relocate Start 0.009ms
[41.876s][info][gc,phases   ] GC(229) Concurrent Relocate 2.810ms
[41.876s][info][gc,load     ] GC(229) Load: 0.00/0.00/0.00
[41.876s][info][gc,mmu      ] GC(229) MMU: 2ms/96.6%, 5ms/98.6%, 10ms/99.3%, 20ms/99.7%, 50ms/99.8%, 100ms/99.9%
[41.876s][info][gc,marking  ] GC(229) Mark: 8 stripe(s), 2 proactive flush(es), 1 terminate flush(es), 0 completion(s), 0 continuation(s) 
[41.876s][info][gc,marking  ] GC(229) Mark Stack Usage: 32M
[41.876s][info][gc,nmethod  ] GC(229) NMethods: 5434 registered, 185 unregistered
[41.876s][info][gc,metaspace] GC(229) Metaspace: 58M used, 59M committed, 1088M reserved
[41.876s][info][gc,ref      ] GC(229) Soft: 2636 encountered, 0 discovered, 0 enqueued
[41.876s][info][gc,ref      ] GC(229) Weak: 5807 encountered, 997 discovered, 0 enqueued
[41.876s][info][gc,ref      ] GC(229) Final: 60 encountered, 1 discovered, 0 enqueued
[41.876s][info][gc,ref      ] GC(229) Phantom: 608 encountered, 523 discovered, 0 enqueued
[41.876s][info][gc,reloc    ] GC(229) Small Pages: 233 / 466M, Empty: 236M, Relocated: 3M, In-Place: 0
[41.876s][info][gc,reloc    ] GC(229) Medium Pages: 1 / 32M, Empty: 0M, Relocated: 0M, In-Place: 0
[41.876s][info][gc,reloc    ] GC(229) Large Pages: 2 / 12M, Empty: 0M, Relocated: 0M, In-Place: 0
[41.876s][info][gc,reloc    ] GC(229) Forwarding Usage: 1M
[41.876s][info][gc,heap     ] GC(229) Min Capacity: 8M(1%)
[41.876s][info][gc,heap     ] GC(229) Max Capacity: 1024M(100%)
[41.876s][info][gc,heap     ] GC(229) Soft Max Capacity: 1024M(100%)
[41.876s][info][gc,heap     ] GC(229)                Mark Start          Mark End        Relocate Start      Relocate End           High               Low         
[41.876s][info][gc,heap     ] GC(229)  Capacity:     1024M (100%)       1024M (100%)       1024M (100%)       1024M (100%)       1024M (100%)       1024M (100%)   
[41.876s][info][gc,heap     ] GC(229)      Free:      514M (50%)         406M (40%)         632M (62%)         632M (62%)         636M (62%)         402M (39%)    
[41.876s][info][gc,heap     ] GC(229)      Used:      510M (50%)         618M (60%)         392M (38%)         392M (38%)         622M (61%)         388M (38%)    
[41.877s][info][gc,heap     ] GC(229)      Live:         -               202M (20%)         202M (20%)         202M (20%)            -                  -          
[41.877s][info][gc,heap     ] GC(229) Allocated:         -               108M (11%)         118M (12%)         127M (12%)            -                  -          
[41.877s][info][gc,heap     ] GC(229)   Garbage:         -               307M (30%)          71M (7%)           61M (6%)             -                  -          
[41.877s][info][gc,heap     ] GC(229) Reclaimed:         -                  -               236M (23%)         245M (24%)            -                  -          
[41.877s][info][gc          ] GC(229) Garbage Collection (Allocation Rate) 510M(50%)->392M(38%)
[41.898s][info][gc,start    ] GC(230) Garbage Collection (Allocation Rate)
[41.898s][info][gc,task     ] GC(230) Using 10 workers
[41.899s][info][gc,phases   ] GC(230) Pause Mark Start 0.013ms
[41.961s][info][gc,phases   ] GC(230) Concurrent Mark 62.150ms
[41.961s][info][gc,phases   ] GC(230) Pause Mark End 0.018ms
[41.961s][info][gc,phases   ] GC(230) Concurrent Mark Free 0.001ms
[41.963s][info][gc,phases   ] GC(230) Concurrent Process Non-Strong References 1.833ms
[41.963s][info][gc,phases   ] GC(230) Concurrent Reset Relocation Set 0.003ms
[41.967s][info][gc,phases   ] GC(230) Concurrent Select Relocation Set 3.638ms
[41.967s][info][gc,phases   ] GC(230) Pause Relocate Start 0.007ms
[41.969s][info][gc,phases   ] GC(230) Concurrent Relocate 2.570ms
[41.969s][info][gc,load     ] GC(230) Load: 0.00/0.00/0.00
[41.970s][info][gc,mmu      ] GC(230) MMU: 2ms/96.6%, 5ms/98.6%, 10ms/99.3%, 20ms/99.7%, 50ms/99.8%, 100ms/99.9%
[41.970s][info][gc,marking  ] GC(230) Mark: 8 stripe(s), 3 proactive flush(es), 1 terminate flush(es), 0 completion(s), 0 continuation(s) 
[41.970s][info][gc,marking  ] GC(230) Mark Stack Usage: 32M
[41.970s][info][gc,nmethod  ] GC(230) NMethods: 5434 registered, 185 unregistered
[41.970s][info][gc,metaspace] GC(230) Metaspace: 58M used, 59M committed, 1088M reserved
[41.970s][info][gc,ref      ] GC(230) Soft: 2636 encountered, 0 discovered, 0 enqueued
[41.970s][info][gc,ref      ] GC(230) Weak: 5807 encountered, 1471 discovered, 0 enqueued
[41.970s][info][gc,ref      ] GC(230) Final: 60 encountered, 33 discovered, 0 enqueued
[41.970s][info][gc,ref      ] GC(230) Phantom: 608 encountered, 362 discovered, 0 enqueued
[41.970s][info][gc,reloc    ] GC(230) Small Pages: 210 / 420M, Empty: 188M, Relocated: 3M, In-Place: 0
[41.970s][info][gc,reloc    ] GC(230) Medium Pages: 1 / 32M, Empty: 0M, Relocated: 0M, In-Place: 0
[41.970s][info][gc,reloc    ] GC(230) Large Pages: 2 / 12M, Empty: 0M, Relocated: 0M, In-Place: 0
[41.970s][info][gc,reloc    ] GC(230) Forwarding Usage: 1M
[41.970s][info][gc,heap     ] GC(230) Min Capacity: 8M(1%)
[41.970s][info][gc,heap     ] GC(230) Max Capacity: 1024M(100%)
[41.970s][info][gc,heap     ] GC(230) Soft Max Capacity: 1024M(100%)
[41.970s][info][gc,heap     ] GC(230)                Mark Start          Mark End        Relocate Start      Relocate End           High               Low         
[41.970s][info][gc,heap     ] GC(230)  Capacity:     1024M (100%)       1024M (100%)       1024M (100%)       1024M (100%)       1024M (100%)       1024M (100%)   
[41.970s][info][gc,heap     ] GC(230)      Free:      560M (55%)         386M (38%)         554M (54%)         562M (55%)         562M (55%)         380M (37%)    
[41.970s][info][gc,heap     ] GC(230)      Used:      464M (45%)         638M (62%)         470M (46%)         462M (45%)         644M (63%)         462M (45%)    
[41.970s][info][gc,heap     ] GC(230)      Live:         -               202M (20%)         202M (20%)         202M (20%)            -                  -          
[41.970s][info][gc,heap     ] GC(230) Allocated:         -               174M (17%)         194M (19%)         197M (19%)            -                  -          
[41.970s][info][gc,heap     ] GC(230)   Garbage:         -               261M (26%)          73M (7%)           61M (6%)             -                  -          
[41.970s][info][gc,heap     ] GC(230) Reclaimed:         -                  -               188M (18%)         199M (20%)            -                  -          
[41.970s][info][gc          ] GC(230) Garbage Collection (Allocation Rate) 464M(45%)->462M(45%)
[42.008s][info][gc,start    ] GC(231) Garbage Collection (Allocation Rate)
[42.008s][info][gc,task     ] GC(231) Using 10 workers
[42.008s][info][gc,phases   ] GC(231) Pause Mark Start 0.012ms
[42.070s][info][gc,phases   ] GC(231) Concurrent Mark 62.240ms
[42.070s][info][gc,phases   ] GC(231) Pause Mark End 0.020ms
[42.070s][info][gc,phases   ] GC(231) Concurrent Mark Free 0.001ms
[42.072s][info][gc,phases   ] GC(231) Concurrent Process Non-Strong References 1.603ms
[42.072s][info][gc,phases   ] GC(231) Concurrent Reset Relocation Set 0.003ms
[42.076s][info][gc,phases   ] GC(231) Concurrent Select Relocation Set 3.675ms
[42.076s][info][gc,phases   ] GC(231) Pause Relocate Start 0.007ms
[42.078s][info][gc,phases   ] GC(231) Concurrent Relocate 2.185ms
[42.078s][info][gc,load     ] GC(231) Load: 0.00/0.00/0.00
[42.078s][info][gc,mmu      ] GC(231) MMU: 2ms/96.6%, 5ms/98.6%, 10ms/99.3%, 20ms/99.7%, 50ms/99.8%, 100ms/99.9%
[42.078s][info][gc,marking  ] GC(231) Mark: 8 stripe(s), 2 proactive flush(es), 1 terminate flush(es), 0 completion(s), 0 continuation(s) 
[42.078s][info][gc,marking  ] GC(231) Mark Stack Usage: 32M
[42.078s][info][gc,nmethod  ] GC(231) NMethods: 5447 registered, 185 unregistered
[42.078s][info][gc,metaspace] GC(231) Metaspace: 58M used, 59M committed, 1088M reserved
[42.078s][info][gc,ref      ] GC(231) Soft: 2647 encountered, 0 discovered, 0 enqueued
[42.078s][info][gc,ref      ] GC(231) Weak: 5475 encountered, 1842 discovered, 2 enqueued
[42.078s][info][gc,ref      ] GC(231) Final: 60 encountered, 36 discovered, 0 enqueued
[42.078s][info][gc,ref      ] GC(231) Phantom: 608 encountered, 380 discovered, 0 enqueued
[42.079s][info][gc,reloc    ] GC(231) Small Pages: 252 / 504M, Empty: 270M, Relocated: 3M, In-Place: 0
[42.079s][info][gc,reloc    ] GC(231) Medium Pages: 1 / 32M, Empty: 0M, Relocated: 0M, In-Place: 0
[42.079s][info][gc,reloc    ] GC(231) Large Pages: 2 / 12M, Empty: 0M, Relocated: 0M, In-Place: 0
[42.079s][info][gc,reloc    ] GC(231) Forwarding Usage: 1M
[42.079s][info][gc,heap     ] GC(231) Min Capacity: 8M(1%)
[42.079s][info][gc,heap     ] GC(231) Max Capacity: 1024M(100%)
[42.079s][info][gc,heap     ] GC(231) Soft Max Capacity: 1024M(100%)
[42.079s][info][gc,heap     ] GC(231)                Mark Start          Mark End        Relocate Start      Relocate End           High               Low         
[42.079s][info][gc,heap     ] GC(231)  Capacity:     1024M (100%)       1024M (100%)       1024M (100%)       1024M (100%)       1024M (100%)       1024M (100%)   
[42.079s][info][gc,heap     ] GC(231)      Free:      476M (46%)         370M (36%)         630M (62%)         640M (63%)         640M (63%)         366M (36%)    
[42.079s][info][gc,heap     ] GC(231)      Used:      548M (54%)         654M (64%)         394M (38%)         384M (38%)         658M (64%)         384M (38%)    
[42.079s][info][gc,heap     ] GC(231)      Live:         -               202M (20%)         202M (20%)         202M (20%)            -                  -          
[42.079s][info][gc,heap     ] GC(231) Allocated:         -               106M (10%)         116M (11%)         119M (12%)            -                  -          
[42.079s][info][gc,heap     ] GC(231)   Garbage:         -               345M (34%)          75M (7%)           61M (6%)             -                  -          
[42.079s][info][gc,heap     ] GC(231) Reclaimed:         -                  -               270M (26%)         283M (28%)            -                  -          
[42.079s][info][gc          ] GC(231) Garbage Collection (Allocation Rate) 548M(54%)->384M(38%)
[42.101s][info][gc,start    ] GC(232) Garbage Collection (Allocation Rate)
[42.102s][info][gc,task     ] GC(232) Using 10 workers
[42.102s][info][gc,phases   ] GC(232) Pause Mark Start 0.012ms
[42.164s][info][gc,phases   ] GC(232) Concurrent Mark 61.973ms
[42.164s][info][gc,phases   ] GC(232) Pause Mark End 0.043ms
[42.164s][info][gc,phases   ] GC(232) Concurrent Mark Free 0.001ms
[42.166s][info][gc,phases   ] GC(232) Concurrent Process Non-Strong References 1.812ms
[42.166s][info][gc,phases   ] GC(232) Concurrent Reset Relocation Set 0.002ms
[42.170s][info][gc,phases   ] GC(232) Concurrent Select Relocation Set 4.312ms
[42.170s][info][gc,phases   ] GC(232) Pause Relocate Start 0.008ms
[42.173s][info][gc,phases   ] GC(232) Concurrent Relocate 2.516ms
[42.173s][info][gc,load     ] GC(232) Load: 0.00/0.00/0.00
[42.173s][info][gc,mmu      ] GC(232) MMU: 2ms/96.6%, 5ms/98.6%, 10ms/99.3%, 20ms/99.7%, 50ms/99.8%, 100ms/99.9%
[42.173s][info][gc,marking  ] GC(232) Mark: 8 stripe(s), 2 proactive flush(es), 1 terminate flush(es), 1 completion(s), 0 continuation(s) 
[42.173s][info][gc,marking  ] GC(232) Mark Stack Usage: 32M
[42.173s][info][gc,nmethod  ] GC(232) NMethods: 5488 registered, 187 unregistered
[42.173s][info][gc,metaspace] GC(232) Metaspace: 58M used, 59M committed, 1088M reserved
[42.173s][info][gc,ref      ] GC(232) Soft: 2785 encountered, 0 discovered, 0 enqueued
[42.173s][info][gc,ref      ] GC(232) Weak: 5723 encountered, 755 discovered, 37 enqueued
[42.173s][info][gc,ref      ] GC(232) Final: 60 encountered, 4 discovered, 0 enqueued
[42.173s][info][gc,ref      ] GC(232) Phantom: 608 encountered, 361 discovered, 0 enqueued
[42.173s][info][gc,reloc    ] GC(232) Small Pages: 171 / 342M, Empty: 96M, Relocated: 4M, In-Place: 0
[42.173s][info][gc,reloc    ] GC(232) Medium Pages: 1 / 32M, Empty: 0M, Relocated: 0M, In-Place: 0
[42.173s][info][gc,reloc    ] GC(232) Large Pages: 2 / 12M, Empty: 0M, Relocated: 0M, In-Place: 0
[42.173s][info][gc,reloc    ] GC(232) Forwarding Usage: 2M
[42.173s][info][gc,heap     ] GC(232) Min Capacity: 8M(1%)
[42.173s][info][gc,heap     ] GC(232) Max Capacity: 1024M(100%)
[42.173s][info][gc,heap     ] GC(232) Soft Max Capacity: 1024M(100%)
[42.173s][info][gc,heap     ] GC(232)                Mark Start          Mark End        Relocate Start      Relocate End           High               Low         
[42.173s][info][gc,heap     ] GC(232)  Capacity:     1024M (100%)       1024M (100%)       1024M (100%)       1024M (100%)       1024M (100%)       1024M (100%)   
[42.173s][info][gc,heap     ] GC(232)      Free:      638M (62%)         622M (61%)         718M (70%)         746M (73%)         746M (73%)         622M (61%)    
[42.173s][info][gc,heap     ] GC(232)      Used:      386M (38%)         402M (39%)         306M (30%)         278M (27%)         402M (39%)         278M (27%)    
[42.173s][info][gc,heap     ] GC(232)      Live:         -               202M (20%)         202M (20%)         202M (20%)            -                  -          
[42.173s][info][gc,heap     ] GC(232) Allocated:         -                16M (2%)           16M (2%)           15M (2%)             -                  -          
[42.173s][info][gc,heap     ] GC(232)   Garbage:         -               183M (18%)          87M (9%)           59M (6%)             -                  -          
[42.173s][info][gc,heap     ] GC(232) Reclaimed:         -                  -                96M (9%)          123M (12%)            -                  -          
[42.173s][info][gc          ] GC(232) Garbage Collection (Allocation Rate) 386M(38%)->278M(27%)
[42.174s][info][gc,start    ] GC(233) Garbage Collection (System.gc())
[42.174s][info][gc,task     ] GC(233) Using 10 workers
[42.174s][info][gc,phases   ] GC(233) Pause Mark Start 0.008ms
[42.227s][info][gc,phases   ] GC(233) Concurrent Mark 53.077ms
[42.227s][info][gc,phases   ] GC(233) Pause Mark End 0.029ms
[42.227s][info][gc,phases   ] GC(233) Concurrent Mark Free 0.001ms
[42.242s][info][gc,phases   ] GC(233) Concurrent Process Non-Strong References 15.119ms
[42.242s][info][gc,phases   ] GC(233) Concurrent Reset Relocation Set 0.005ms
[42.249s][info][gc,phases   ] GC(233) Concurrent Select Relocation Set 6.802ms
[42.249s][info][gc,phases   ] GC(233) Pause Relocate Start 0.011ms
[42.254s][info][gc,phases   ] GC(233) Concurrent Relocate 4.213ms
[42.254s][info][gc,load     ] GC(233) Load: 0.00/0.00/0.00
[42.254s][info][gc,mmu      ] GC(233) MMU: 2ms/96.6%, 5ms/98.6%, 10ms/99.3%, 20ms/99.7%, 50ms/99.8%, 100ms/99.9%
[42.254s][info][gc,marking  ] GC(233) Mark: 8 stripe(s), 2 proactive flush(es), 1 terminate flush(es), 0 completion(s), 0 continuation(s) 
[42.254s][info][gc,marking  ] GC(233) Mark Stack Usage: 32M
[42.254s][info][gc,nmethod  ] GC(233) NMethods: 5483 registered, 193 unregistered
[42.254s][info][gc,metaspace] GC(233) Metaspace: 58M used, 59M committed, 1088M reserved
[42.254s][info][gc,ref      ] GC(233) Soft: 2965 encountered, 0 discovered, 0 enqueued
[42.254s][info][gc,ref      ] GC(233) Weak: 5949 encountered, 557 discovered, 164 enqueued
[42.254s][info][gc,ref      ] GC(233) Final: 60 encountered, 21 discovered, 0 enqueued
[42.254s][info][gc,ref      ] GC(233) Phantom: 608 encountered, 486 discovered, 0 enqueued
[42.254s][info][gc,reloc    ] GC(233) Small Pages: 114 / 228M, Empty: 0M, Relocated: 6M, In-Place: 0
[42.254s][info][gc,reloc    ] GC(233) Medium Pages: 1 / 32M, Empty: 0M, Relocated: 0M, In-Place: 0
[42.254s][info][gc,reloc    ] GC(233) Large Pages: 3 / 18M, Empty: 6M, Relocated: 0M, In-Place: 0
[42.254s][info][gc,reloc    ] GC(233) Forwarding Usage: 4M
[42.254s][info][gc,heap     ] GC(233) Min Capacity: 8M(1%)
[42.254s][info][gc,heap     ] GC(233) Max Capacity: 1024M(100%)
[42.254s][info][gc,heap     ] GC(233) Soft Max Capacity: 1024M(100%)
[42.254s][info][gc,heap     ] GC(233)                Mark Start          Mark End        Relocate Start      Relocate End           High               Low         
[42.254s][info][gc,heap     ] GC(233)  Capacity:     1024M (100%)       1024M (100%)       1024M (100%)       1024M (100%)       1024M (100%)       1024M (100%)   
[42.254s][info][gc,heap     ] GC(233)      Free:      746M (73%)         746M (73%)         746M (73%)         758M (74%)         758M (74%)         726M (71%)    
[42.254s][info][gc,heap     ] GC(233)      Used:      278M (27%)         278M (27%)         278M (27%)         266M (26%)         298M (29%)         266M (26%)    
[42.254s][info][gc,heap     ] GC(233)      Live:         -               203M (20%)         203M (20%)         203M (20%)            -                  -          
[42.254s][info][gc,heap     ] GC(233) Allocated:         -                 0M (0%)            6M (1%)            6M (1%)             -                  -          
[42.254s][info][gc,heap     ] GC(233)   Garbage:         -                74M (7%)           68M (7%)           56M (6%)             -                  -          
[42.254s][info][gc,heap     ] GC(233) Reclaimed:         -                  -                 6M (1%)           18M (2%)             -                  -          
[42.254s][info][gc          ] GC(233) Garbage Collection (System.gc()) 278M(27%)->266M(26%)
[42.399s][info][gc,start    ] GC(234) Garbage Collection (Allocation Rate)
[42.399s][info][gc,task     ] GC(234) Using 6 workers
[42.399s][info][gc,phases   ] GC(234) Pause Mark Start 0.017ms
[42.477s][info][gc,phases   ] GC(234) Concurrent Mark 77.677ms
[42.477s][info][gc,phases   ] GC(234) Pause Mark End 0.028ms
[42.477s][info][gc,phases   ] GC(234) Concurrent Mark Free 0.001ms
[42.480s][info][gc,phases   ] GC(234) Concurrent Process Non-Strong References 2.998ms
[42.480s][info][gc,phases   ] GC(234) Concurrent Reset Relocation Set 0.002ms
[42.483s][info][gc,phases   ] GC(234) Concurrent Select Relocation Set 2.995ms
[42.483s][info][gc,phases   ] GC(234) Pause Relocate Start 0.007ms
[42.486s][info][gc,phases   ] GC(234) Concurrent Relocate 2.691ms
[42.486s][info][gc,load     ] GC(234) Load: 0.00/0.00/0.00
[42.486s][info][gc,mmu      ] GC(234) MMU: 2ms/96.6%, 5ms/98.6%, 10ms/99.3%, 20ms/99.7%, 50ms/99.8%, 100ms/99.9%
[42.486s][info][gc,marking  ] GC(234) Mark: 4 stripe(s), 2 proactive flush(es), 1 terminate flush(es), 0 completion(s), 0 continuation(s) 
[42.486s][info][gc,marking  ] GC(234) Mark Stack Usage: 32M
[42.486s][info][gc,nmethod  ] GC(234) NMethods: 5547 registered, 197 unregistered
[42.486s][info][gc,metaspace] GC(234) Metaspace: 59M used, 59M committed, 1088M reserved
[42.486s][info][gc,ref      ] GC(234) Soft: 3042 encountered, 0 discovered, 0 enqueued
[42.486s][info][gc,ref      ] GC(234) Weak: 6061 encountered, 2736 discovered, 93 enqueued
[42.486s][info][gc,ref      ] GC(234) Final: 60 encountered, 5 discovered, 0 enqueued
[42.486s][info][gc,ref      ] GC(234) Phantom: 608 encountered, 385 discovered, 0 enqueued
[42.486s][info][gc,reloc    ] GC(234) Small Pages: 165 / 330M, Empty: 80M, Relocated: 3M, In-Place: 0
[42.486s][info][gc,reloc    ] GC(234) Medium Pages: 2 / 64M, Empty: 32M, Relocated: 0M, In-Place: 0
[42.486s][info][gc,reloc    ] GC(234) Large Pages: 4 / 24M, Empty: 12M, Relocated: 0M, In-Place: 0
[42.486s][info][gc,reloc    ] GC(234) Forwarding Usage: 1M
[42.486s][info][gc,heap     ] GC(234) Min Capacity: 8M(1%)
[42.486s][info][gc,heap     ] GC(234) Max Capacity: 1024M(100%)
[42.486s][info][gc,heap     ] GC(234) Soft Max Capacity: 1024M(100%)
[42.486s][info][gc,heap     ] GC(234)                Mark Start          Mark End        Relocate Start      Relocate End           High               Low         
[42.486s][info][gc,heap     ] GC(234)  Capacity:     1024M (100%)       1024M (100%)       1024M (100%)       1024M (100%)       1024M (100%)       1024M (100%)   
[42.486s][info][gc,heap     ] GC(234)      Free:      606M (59%)         348M (34%)         450M (44%)         478M (47%)         606M (59%)         328M (32%)    
[42.486s][info][gc,heap     ] GC(234)      Used:      418M (41%)         676M (66%)         574M (56%)         546M (53%)         696M (68%)         418M (41%)    
[42.486s][info][gc,heap     ] GC(234)      Live:         -               203M (20%)         203M (20%)         203M (20%)            -                  -          
[42.486s][info][gc,heap     ] GC(234) Allocated:         -               258M (25%)         280M (27%)         287M (28%)            -                  -          
[42.486s][info][gc,heap     ] GC(234)   Garbage:         -               214M (21%)          90M (9%)           54M (5%)             -                  -          
[42.486s][info][gc,heap     ] GC(234) Reclaimed:         -                  -               124M (12%)         159M (16%)            -                  -          
[42.486s][info][gc          ] GC(234) Garbage Collection (Allocation Rate) 418M(41%)->546M(53%)
[42.508s][info][gc,start    ] GC(235) Garbage Collection (Allocation Rate)
[42.508s][info][gc,task     ] GC(235) Using 7 workers
[42.508s][info][gc,phases   ] GC(235) Pause Mark Start 0.013ms
[42.570s][info][gc,phases   ] GC(235) Concurrent Mark 62.221ms
[42.570s][info][gc,phases   ] GC(235) Pause Mark End 0.029ms
[42.571s][info][gc,phases   ] GC(235) Concurrent Mark Free 0.002ms
[42.573s][info][gc,phases   ] GC(235) Concurrent Process Non-Strong References 2.309ms
[42.573s][info][gc,phases   ] GC(235) Concurrent Reset Relocation Set 0.003ms
[42.577s][info][gc,phases   ] GC(235) Concurrent Select Relocation Set 3.708ms
[42.577s][info][gc,phases   ] GC(235) Pause Relocate Start 0.011ms
[42.578s][info][gc,phases   ] GC(235) Concurrent Relocate 1.370ms
[42.578s][info][gc,load     ] GC(235) Load: 0.00/0.00/0.00
[42.578s][info][gc,mmu      ] GC(235) MMU: 2ms/96.6%, 5ms/98.6%, 10ms/99.3%, 20ms/99.7%, 50ms/99.8%, 100ms/99.9%
[42.578s][info][gc,marking  ] GC(235) Mark: 4 stripe(s), 2 proactive flush(es), 1 terminate flush(es), 0 completion(s), 0 continuation(s) 
[42.579s][info][gc,marking  ] GC(235) Mark Stack Usage: 32M
[42.579s][info][gc,nmethod  ] GC(235) NMethods: 5547 registered, 197 unregistered
[42.579s][info][gc,metaspace] GC(235) Metaspace: 59M used, 59M committed, 1088M reserved
[42.579s][info][gc,ref      ] GC(235) Soft: 3042 encountered, 0 discovered, 0 enqueued
[42.579s][info][gc,ref      ] GC(235) Weak: 5968 encountered, 2736 discovered, 19 enqueued
[42.579s][info][gc,ref      ] GC(235) Final: 60 encountered, 0 discovered, 0 enqueued
[42.579s][info][gc,ref      ] GC(235) Phantom: 608 encountered, 483 discovered, 0 enqueued
[42.579s][info][gc,reloc    ] GC(235) Small Pages: 280 / 560M, Empty: 324M, Relocated: 3M, In-Place: 0
[42.579s][info][gc,reloc    ] GC(235) Medium Pages: 1 / 32M, Empty: 0M, Relocated: 0M, In-Place: 0
[42.579s][info][gc,reloc    ] GC(235) Large Pages: 2 / 12M, Empty: 0M, Relocated: 0M, In-Place: 0
[42.579s][info][gc,reloc    ] GC(235) Forwarding Usage: 1M
[42.579s][info][gc,heap     ] GC(235) Min Capacity: 8M(1%)
[42.579s][info][gc,heap     ] GC(235) Max Capacity: 1024M(100%)
[42.579s][info][gc,heap     ] GC(235) Soft Max Capacity: 1024M(100%)
[42.579s][info][gc,heap     ] GC(235)                Mark Start          Mark End        Relocate Start      Relocate End           High               Low         
[42.579s][info][gc,heap     ] GC(235)  Capacity:     1024M (100%)       1024M (100%)       1024M (100%)       1024M (100%)       1024M (100%)       1024M (100%)   
[42.579s][info][gc,heap     ] GC(235)      Free:      420M (41%)         256M (25%)         564M (55%)         580M (57%)         580M (57%)         250M (24%)    
[42.579s][info][gc,heap     ] GC(235)      Used:      604M (59%)         768M (75%)         460M (45%)         444M (43%)         774M (76%)         444M (43%)    
[42.579s][info][gc,heap     ] GC(235)      Live:         -               203M (20%)         203M (20%)         203M (20%)            -                  -          
[42.579s][info][gc,heap     ] GC(235) Allocated:         -               164M (16%)         180M (18%)         183M (18%)            -                  -          
[42.579s][info][gc,heap     ] GC(235)   Garbage:         -               400M (39%)          76M (7%)           56M (6%)             -                  -          
[42.579s][info][gc,heap     ] GC(235) Reclaimed:         -                  -               324M (32%)         343M (34%)            -                  -          
[42.579s][info][gc          ] GC(235) Garbage Collection (Allocation Rate) 604M(59%)->444M(43%)
[42.602s][info][gc,start    ] GC(236) Garbage Collection (Allocation Rate)
[42.602s][info][gc,task     ] GC(236) Using 7 workers
[42.602s][info][gc,phases   ] GC(236) Pause Mark Start 0.011ms
[42.664s][info][gc,phases   ] GC(236) Concurrent Mark 62.194ms
[42.664s][info][gc,phases   ] GC(236) Pause Mark End 0.017ms
[42.664s][info][gc,phases   ] GC(236) Concurrent Mark Free 0.001ms
[42.666s][info][gc,phases   ] GC(236) Concurrent Process Non-Strong References 2.192ms
[42.666s][info][gc,phases   ] GC(236) Concurrent Reset Relocation Set 0.002ms
[42.670s][info][gc,phases   ] GC(236) Concurrent Select Relocation Set 3.670ms
[42.670s][info][gc,phases   ] GC(236) Pause Relocate Start 0.008ms
[42.673s][info][gc,phases   ] GC(236) Concurrent Relocate 2.651ms
[42.673s][info][gc,load     ] GC(236) Load: 0.00/0.00/0.00
[42.673s][info][gc,mmu      ] GC(236) MMU: 2ms/96.6%, 5ms/98.6%, 10ms/99.3%, 20ms/99.7%, 50ms/99.8%, 100ms/99.9%
[42.673s][info][gc,marking  ] GC(236) Mark: 4 stripe(s), 2 proactive flush(es), 1 terminate flush(es), 0 completion(s), 0 continuation(s) 
[42.673s][info][gc,marking  ] GC(236) Mark Stack Usage: 32M
[42.673s][info][gc,nmethod  ] GC(236) NMethods: 5547 registered, 197 unregistered
[42.673s][info][gc,metaspace] GC(236) Metaspace: 59M used, 59M committed, 1088M reserved
[42.673s][info][gc,ref      ] GC(236) Soft: 3042 encountered, 0 discovered, 0 enqueued
[42.673s][info][gc,ref      ] GC(236) Weak: 5949 encountered, 374 discovered, 0 enqueued
[42.673s][info][gc,ref      ] GC(236) Final: 60 encountered, 0 discovered, 0 enqueued
[42.673s][info][gc,ref      ] GC(236) Phantom: 608 encountered, 482 discovered, 0 enqueued
[42.673s][info][gc,reloc    ] GC(236) Small Pages: 225 / 450M, Empty: 220M, Relocated: 3M, In-Place: 0
[42.673s][info][gc,reloc    ] GC(236) Medium Pages: 1 / 32M, Empty: 0M, Relocated: 0M, In-Place: 0
[42.673s][info][gc,reloc    ] GC(236) Large Pages: 2 / 12M, Empty: 0M, Relocated: 0M, In-Place: 0
[42.673s][info][gc,reloc    ] GC(236) Forwarding Usage: 1M
[42.673s][info][gc,heap     ] GC(236) Min Capacity: 8M(1%)
[42.674s][info][gc,heap     ] GC(236) Max Capacity: 1024M(100%)
[42.674s][info][gc,heap     ] GC(236) Soft Max Capacity: 1024M(100%)
[42.674s][info][gc,heap     ] GC(236)                Mark Start          Mark End        Relocate Start      Relocate End           High               Low         
[42.674s][info][gc,heap     ] GC(236)  Capacity:     1024M (100%)       1024M (100%)       1024M (100%)       1024M (100%)       1024M (100%)       1024M (100%)   
[42.674s][info][gc,heap     ] GC(236)      Free:      530M (52%)         396M (39%)         604M (59%)         610M (60%)         614M (60%)         392M (38%)    
[42.674s][info][gc,heap     ] GC(236)      Used:      494M (48%)         628M (61%)         420M (41%)         414M (40%)         632M (62%)         410M (40%)    
[42.674s][info][gc,heap     ] GC(236)      Live:         -               203M (20%)         203M (20%)         203M (20%)            -                  -          
[42.674s][info][gc,heap     ] GC(236) Allocated:         -               134M (13%)         146M (14%)         153M (15%)            -                  -          
[42.674s][info][gc,heap     ] GC(236)   Garbage:         -               290M (28%)          70M (7%)           56M (6%)             -                  -          
[42.674s][info][gc,heap     ] GC(236) Reclaimed:         -                  -               220M (21%)         233M (23%)            -                  -          
[42.674s][info][gc          ] GC(236) Garbage Collection (Allocation Rate) 494M(48%)->414M(40%)
[42.695s][info][gc,start    ] GC(237) Garbage Collection (Allocation Rate)
[42.695s][info][gc,task     ] GC(237) Using 7 workers
[42.695s][info][gc,phases   ] GC(237) Pause Mark Start 0.009ms
[42.758s][info][gc,phases   ] GC(237) Concurrent Mark 62.332ms
[42.758s][info][gc,phases   ] GC(237) Pause Mark End 0.024ms
[42.758s][info][gc,phases   ] GC(237) Concurrent Mark Free 0.001ms
[42.760s][info][gc,phases   ] GC(237) Concurrent Process Non-Strong References 2.227ms
[42.760s][info][gc,phases   ] GC(237) Concurrent Reset Relocation Set 0.002ms
[42.764s][info][gc,phases   ] GC(237) Concurrent Select Relocation Set 3.661ms
[42.764s][info][gc,phases   ] GC(237) Pause Relocate Start 0.008ms
[42.766s][info][gc,phases   ] GC(237) Concurrent Relocate 1.412ms
[42.766s][info][gc,load     ] GC(237) Load: 0.00/0.00/0.00
[42.766s][info][gc,mmu      ] GC(237) MMU: 2ms/96.6%, 5ms/98.6%, 10ms/99.3%, 20ms/99.7%, 50ms/99.8%, 100ms/99.9%
[42.766s][info][gc,marking  ] GC(237) Mark: 4 stripe(s), 2 proactive flush(es), 1 terminate flush(es), 0 completion(s), 0 continuation(s) 
[42.766s][info][gc,marking  ] GC(237) Mark Stack Usage: 32M
[42.766s][info][gc,nmethod  ] GC(237) NMethods: 5547 registered, 197 unregistered
[42.766s][info][gc,metaspace] GC(237) Metaspace: 59M used, 59M committed, 1088M reserved
[42.766s][info][gc,ref      ] GC(237) Soft: 3042 encountered, 0 discovered, 0 enqueued
[42.766s][info][gc,ref      ] GC(237) Weak: 5949 encountered, 2656 discovered, 0 enqueued
[42.766s][info][gc,ref      ] GC(237) Final: 60 encountered, 0 discovered, 0 enqueued
[42.766s][info][gc,ref      ] GC(237) Phantom: 608 encountered, 429 discovered, 0 enqueued
[42.766s][info][gc,reloc    ] GC(237) Small Pages: 215 / 430M, Empty: 202M, Relocated: 3M, In-Place: 0
[42.766s][info][gc,reloc    ] GC(237) Medium Pages: 1 / 32M, Empty: 0M, Relocated: 0M, In-Place: 0
[42.766s][info][gc,reloc    ] GC(237) Large Pages: 2 / 12M, Empty: 0M, Relocated: 0M, In-Place: 0
[42.766s][info][gc,reloc    ] GC(237) Forwarding Usage: 1M
[42.766s][info][gc,heap     ] GC(237) Min Capacity: 8M(1%)
[42.766s][info][gc,heap     ] GC(237) Max Capacity: 1024M(100%)
[42.766s][info][gc,heap     ] GC(237) Soft Max Capacity: 1024M(100%)
[42.766s][info][gc,heap     ] GC(237)                Mark Start          Mark End        Relocate Start      Relocate End           High               Low         
[42.766s][info][gc,heap     ] GC(237)  Capacity:     1024M (100%)       1024M (100%)       1024M (100%)       1024M (100%)       1024M (100%)       1024M (100%)   
[42.766s][info][gc,heap     ] GC(237)      Free:      550M (54%)         378M (37%)         562M (55%)         572M (56%)         572M (56%)         370M (36%)    
[42.766s][info][gc,heap     ] GC(237)      Used:      474M (46%)         646M (63%)         462M (45%)         452M (44%)         654M (64%)         452M (44%)    
[42.766s][info][gc,heap     ] GC(237)      Live:         -               203M (20%)         203M (20%)         203M (20%)            -                  -          
[42.766s][info][gc,heap     ] GC(237) Allocated:         -               172M (17%)         190M (19%)         191M (19%)            -                  -          
[42.766s][info][gc,heap     ] GC(237)   Garbage:         -               270M (26%)          68M (7%)           56M (6%)             -                  -          
[42.766s][info][gc,heap     ] GC(237) Reclaimed:         -                  -               202M (20%)         213M (21%)            -                  -          
[42.766s][info][gc          ] GC(237) Garbage Collection (Allocation Rate) 474M(46%)->452M(44%)
[42.805s][info][gc,start    ] GC(238) Garbage Collection (Allocation Rate)
[42.805s][info][gc,task     ] GC(238) Using 7 workers
[42.805s][info][gc,phases   ] GC(238) Pause Mark Start 0.015ms
[42.867s][info][gc,phases   ] GC(238) Concurrent Mark 62.093ms
[42.867s][info][gc,phases   ] GC(238) Pause Mark End 0.026ms
[42.867s][info][gc,phases   ] GC(238) Concurrent Mark Free 0.001ms
[42.870s][info][gc,phases   ] GC(238) Concurrent Process Non-Strong References 2.308ms
[42.870s][info][gc,phases   ] GC(238) Concurrent Reset Relocation Set 0.002ms
[42.873s][info][gc,phases   ] GC(238) Concurrent Select Relocation Set 3.617ms
[42.873s][info][gc,phases   ] GC(238) Pause Relocate Start 0.006ms
[42.876s][info][gc,phases   ] GC(238) Concurrent Relocate 2.657ms
[42.876s][info][gc,load     ] GC(238) Load: 0.00/0.00/0.00
[42.876s][info][gc,mmu      ] GC(238) MMU: 2ms/96.6%, 5ms/98.6%, 10ms/99.3%, 20ms/99.7%, 50ms/99.8%, 100ms/99.9%
[42.876s][info][gc,marking  ] GC(238) Mark: 4 stripe(s), 2 proactive flush(es), 1 terminate flush(es), 0 completion(s), 0 continuation(s) 
[42.876s][info][gc,marking  ] GC(238) Mark Stack Usage: 32M
[42.876s][info][gc,nmethod  ] GC(238) NMethods: 5547 registered, 197 unregistered
[42.876s][info][gc,metaspace] GC(238) Metaspace: 59M used, 59M committed, 1088M reserved
[42.876s][info][gc,ref      ] GC(238) Soft: 3042 encountered, 0 discovered, 0 enqueued
[42.876s][info][gc,ref      ] GC(238) Weak: 5949 encountered, 2619 discovered, 0 enqueued
[42.876s][info][gc,ref      ] GC(238) Final: 60 encountered, 0 discovered, 0 enqueued
[42.877s][info][gc,ref      ] GC(238) Phantom: 608 encountered, 417 discovered, 0 enqueued
[42.877s][info][gc,reloc    ] GC(238) Small Pages: 242 / 484M, Empty: 256M, Relocated: 3M, In-Place: 0
[42.877s][info][gc,reloc    ] GC(238) Medium Pages: 1 / 32M, Empty: 0M, Relocated: 0M, In-Place: 0
[42.877s][info][gc,reloc    ] GC(238) Large Pages: 2 / 12M, Empty: 0M, Relocated: 0M, In-Place: 0
[42.877s][info][gc,reloc    ] GC(238) Forwarding Usage: 1M
[42.877s][info][gc,heap     ] GC(238) Min Capacity: 8M(1%)
[42.877s][info][gc,heap     ] GC(238) Max Capacity: 1024M(100%)
[42.877s][info][gc,heap     ] GC(238) Soft Max Capacity: 1024M(100%)
[42.877s][info][gc,heap     ] GC(238)                Mark Start          Mark End        Relocate Start      Relocate End           High               Low         
[42.877s][info][gc,heap     ] GC(238)  Capacity:     1024M (100%)       1024M (100%)       1024M (100%)       1024M (100%)       1024M (100%)       1024M (100%)   
[42.877s][info][gc,heap     ] GC(238)      Free:      496M (48%)         382M (37%)         626M (61%)         632M (62%)         634M (62%)         376M (37%)    
[42.877s][info][gc,heap     ] GC(238)      Used:      528M (52%)         642M (63%)         398M (39%)         392M (38%)         648M (63%)         390M (38%)    
[42.877s][info][gc,heap     ] GC(238)      Live:         -               203M (20%)         203M (20%)         203M (20%)            -                  -          
[42.877s][info][gc,heap     ] GC(238) Allocated:         -               114M (11%)         126M (12%)         131M (13%)            -                  -          
[42.877s][info][gc,heap     ] GC(238)   Garbage:         -               324M (32%)          68M (7%)           56M (6%)             -                  -          
[42.877s][info][gc,heap     ] GC(238) Reclaimed:         -                  -               256M (25%)         267M (26%)            -                  -          
[42.877s][info][gc          ] GC(238) Garbage Collection (Allocation Rate) 528M(52%)->392M(38%)
[43.008s][info][gc,start    ] GC(239) Garbage Collection (Allocation Rate)
[43.008s][info][gc,task     ] GC(239) Using 7 workers
[43.008s][info][gc,phases   ] GC(239) Pause Mark Start 0.015ms
[43.070s][info][gc,phases   ] GC(239) Concurrent Mark 62.149ms
[43.070s][info][gc,phases   ] GC(239) Pause Mark End 0.023ms
[43.070s][info][gc,phases   ] GC(239) Concurrent Mark Free 0.001ms
[43.073s][info][gc,phases   ] GC(239) Concurrent Process Non-Strong References 2.241ms
[43.073s][info][gc,phases   ] GC(239) Concurrent Reset Relocation Set 0.003ms
[43.076s][info][gc,phases   ] GC(239) Concurrent Select Relocation Set 3.675ms
[43.077s][info][gc,phases   ] GC(239) Pause Relocate Start 0.006ms
[43.078s][info][gc,phases   ] GC(239) Concurrent Relocate 1.934ms
[43.079s][info][gc,load     ] GC(239) Load: 0.00/0.00/0.00
[43.079s][info][gc,mmu      ] GC(239) MMU: 2ms/96.6%, 5ms/98.6%, 10ms/99.3%, 20ms/99.7%, 50ms/99.8%, 100ms/99.9%
[43.079s][info][gc,marking  ] GC(239) Mark: 4 stripe(s), 2 proactive flush(es), 1 terminate flush(es), 0 completion(s), 0 continuation(s) 
[43.079s][info][gc,marking  ] GC(239) Mark Stack Usage: 32M
[43.079s][info][gc,nmethod  ] GC(239) NMethods: 5547 registered, 197 unregistered
[43.079s][info][gc,metaspace] GC(239) Metaspace: 59M used, 59M committed, 1088M reserved
[43.079s][info][gc,ref      ] GC(239) Soft: 3042 encountered, 0 discovered, 0 enqueued
[43.079s][info][gc,ref      ] GC(239) Weak: 5949 encountered, 2491 discovered, 0 enqueued
[43.079s][info][gc,ref      ] GC(239) Final: 60 encountered, 0 discovered, 0 enqueued
[43.079s][info][gc,ref      ] GC(239) Phantom: 608 encountered, 430 discovered, 0 enqueued
[43.079s][info][gc,reloc    ] GC(239) Small Pages: 343 / 686M, Empty: 456M, Relocated: 3M, In-Place: 0
[43.079s][info][gc,reloc    ] GC(239) Medium Pages: 1 / 32M, Empty: 0M, Relocated: 0M, In-Place: 0
[43.079s][info][gc,reloc    ] GC(239) Large Pages: 2 / 12M, Empty: 0M, Relocated: 0M, In-Place: 0
[43.079s][info][gc,reloc    ] GC(239) Forwarding Usage: 1M
[43.079s][info][gc,heap     ] GC(239) Min Capacity: 8M(1%)
[43.079s][info][gc,heap     ] GC(239) Max Capacity: 1024M(100%)
[43.079s][info][gc,heap     ] GC(239) Soft Max Capacity: 1024M(100%)
[43.079s][info][gc,heap     ] GC(239)                Mark Start          Mark End        Relocate Start      Relocate End           High               Low         
[43.079s][info][gc,heap     ] GC(239)  Capacity:     1024M (100%)       1024M (100%)       1024M (100%)       1024M (100%)       1024M (100%)       1024M (100%)   
[43.079s][info][gc,heap     ] GC(239)      Free:      294M (29%)         134M (13%)         572M (56%)         582M (57%)         582M (57%)         126M (12%)    
[43.079s][info][gc,heap     ] GC(239)      Used:      730M (71%)         890M (87%)         452M (44%)         442M (43%)         898M (88%)         442M (43%)    
[43.079s][info][gc,heap     ] GC(239)      Live:         -               203M (20%)         203M (20%)         203M (20%)            -                  -          
[43.079s][info][gc,heap     ] GC(239) Allocated:         -               160M (16%)         178M (17%)         181M (18%)            -                  -          
[43.079s][info][gc,heap     ] GC(239)   Garbage:         -               526M (51%)          70M (7%)           56M (6%)             -                  -          
[43.079s][info][gc,heap     ] GC(239) Reclaimed:         -                  -               456M (45%)         469M (46%)            -                  -          
[43.079s][info][gc          ] GC(239) Garbage Collection (Allocation Rate) 730M(71%)->442M(43%)
[43.195s][info][gc,start    ] GC(240) Garbage Collection (Allocation Rate)
[43.195s][info][gc,task     ] GC(240) Using 6 workers
[43.195s][info][gc,phases   ] GC(240) Pause Mark Start 0.014ms
[43.268s][info][gc,phases   ] GC(240) Concurrent Mark 72.391ms
[43.268s][info][gc,phases   ] GC(240) Pause Mark End 0.022ms
[43.268s][info][gc,phases   ] GC(240) Concurrent Mark Free 0.001ms
[43.271s][info][gc,phases   ] GC(240) Concurrent Process Non-Strong References 2.575ms
[43.271s][info][gc,phases   ] GC(240) Concurrent Reset Relocation Set 0.003ms
[43.275s][info][gc,phases   ] GC(240) Concurrent Select Relocation Set 3.624ms
[43.275s][info][gc,phases   ] GC(240) Pause Relocate Start 0.008ms
[43.278s][info][gc,phases   ] GC(240) Concurrent Relocate 2.635ms
[43.278s][info][gc,load     ] GC(240) Load: 0.00/0.00/0.00
[43.278s][info][gc,mmu      ] GC(240) MMU: 2ms/96.6%, 5ms/98.6%, 10ms/99.3%, 20ms/99.7%, 50ms/99.8%, 100ms/99.9%
[43.278s][info][gc,marking  ] GC(240) Mark: 4 stripe(s), 2 proactive flush(es), 1 terminate flush(es), 0 completion(s), 0 continuation(s) 
[43.278s][info][gc,marking  ] GC(240) Mark Stack Usage: 32M
[43.278s][info][gc,nmethod  ] GC(240) NMethods: 5592 registered, 197 unregistered
[43.278s][info][gc,metaspace] GC(240) Metaspace: 59M used, 59M committed, 1088M reserved
[43.278s][info][gc,ref      ] GC(240) Soft: 3042 encountered, 0 discovered, 0 enqueued
[43.278s][info][gc,ref      ] GC(240) Weak: 5947 encountered, 879 discovered, 0 enqueued
[43.278s][info][gc,ref      ] GC(240) Final: 60 encountered, 0 discovered, 0 enqueued
[43.278s][info][gc,ref      ] GC(240) Phantom: 608 encountered, 346 discovered, 0 enqueued
[43.278s][info][gc,reloc    ] GC(240) Small Pages: 340 / 680M, Empty: 448M, Relocated: 3M, In-Place: 0
[43.278s][info][gc,reloc    ] GC(240) Medium Pages: 1 / 32M, Empty: 0M, Relocated: 0M, In-Place: 0
[43.278s][info][gc,reloc    ] GC(240) Large Pages: 2 / 12M, Empty: 0M, Relocated: 0M, In-Place: 0
[43.278s][info][gc,reloc    ] GC(240) Forwarding Usage: 1M
[43.278s][info][gc,heap     ] GC(240) Min Capacity: 8M(1%)
[43.278s][info][gc,heap     ] GC(240) Max Capacity: 1024M(100%)
[43.278s][info][gc,heap     ] GC(240) Soft Max Capacity: 1024M(100%)
[43.278s][info][gc,heap     ] GC(240)                Mark Start          Mark End        Relocate Start      Relocate End           High               Low         
[43.278s][info][gc,heap     ] GC(240)  Capacity:     1024M (100%)       1024M (100%)       1024M (100%)       1024M (100%)       1024M (100%)       1024M (100%)   
[43.278s][info][gc,heap     ] GC(240)      Free:      300M (29%)         178M (17%)         626M (61%)         644M (63%)         644M (63%)         178M (17%)    
[43.278s][info][gc,heap     ] GC(240)      Used:      724M (71%)         846M (83%)         398M (39%)         380M (37%)         846M (83%)         380M (37%)    
[43.278s][info][gc,heap     ] GC(240)      Live:         -               203M (20%)         203M (20%)         203M (20%)            -                  -          
[43.278s][info][gc,heap     ] GC(240) Allocated:         -               122M (12%)         122M (12%)         121M (12%)            -                  -          
[43.278s][info][gc,heap     ] GC(240)   Garbage:         -               520M (51%)          72M (7%)           54M (5%)             -                  -          
[43.278s][info][gc,heap     ] GC(240) Reclaimed:         -                  -               448M (44%)         465M (46%)            -                  -          
[43.278s][info][gc          ] GC(240) Garbage Collection (Allocation Rate) 724M(71%)->380M(37%)
[43.278s][info][gc,start    ] GC(241) Garbage Collection (System.gc())
[43.278s][info][gc,task     ] GC(241) Using 10 workers
[43.278s][info][gc,phases   ] GC(241) Pause Mark Start 0.006ms
[43.330s][info][gc,phases   ] GC(241) Concurrent Mark 51.923ms
[43.331s][info][gc,phases   ] GC(241) Pause Mark End 0.033ms
[43.331s][info][gc,phases   ] GC(241) Concurrent Mark Free 0.001ms
[43.333s][info][gc,phases   ] GC(241) Concurrent Process Non-Strong References 1.811ms
[43.333s][info][gc,phases   ] GC(241) Concurrent Reset Relocation Set 0.001ms
[43.337s][info][gc,phases   ] GC(241) Concurrent Select Relocation Set 4.364ms
[43.337s][info][gc,phases   ] GC(241) Pause Relocate Start 0.010ms
[43.341s][info][gc,phases   ] GC(241) Concurrent Relocate 3.824ms
[43.341s][info][gc,load     ] GC(241) Load: 0.00/0.00/0.00
[43.341s][info][gc,mmu      ] GC(241) MMU: 2ms/96.6%, 5ms/98.6%, 10ms/99.3%, 20ms/99.7%, 50ms/99.8%, 100ms/99.9%
[43.341s][info][gc,marking  ] GC(241) Mark: 8 stripe(s), 2 proactive flush(es), 1 terminate flush(es), 0 completion(s), 0 continuation(s) 
[43.341s][info][gc,marking  ] GC(241) Mark Stack Usage: 32M
[43.341s][info][gc,nmethod  ] GC(241) NMethods: 5594 registered, 199 unregistered
[43.341s][info][gc,metaspace] GC(241) Metaspace: 59M used, 59M committed, 1088M reserved
[43.341s][info][gc,ref      ] GC(241) Soft: 3040 encountered, 0 discovered, 0 enqueued
[43.341s][info][gc,ref      ] GC(241) Weak: 6018 encountered, 1469 discovered, 119 enqueued
[43.341s][info][gc,ref      ] GC(241) Final: 60 encountered, 3 discovered, 0 enqueued
[43.341s][info][gc,ref      ] GC(241) Phantom: 608 encountered, 475 discovered, 0 enqueued
[43.341s][info][gc,reloc    ] GC(241) Small Pages: 165 / 330M, Empty: 104M, Relocated: 6M, In-Place: 0
[43.341s][info][gc,reloc    ] GC(241) Medium Pages: 1 / 32M, Empty: 0M, Relocated: 0M, In-Place: 0
[43.341s][info][gc,reloc    ] GC(241) Large Pages: 3 / 18M, Empty: 6M, Relocated: 0M, In-Place: 0
[43.341s][info][gc,reloc    ] GC(241) Forwarding Usage: 4M
[43.341s][info][gc,heap     ] GC(241) Min Capacity: 8M(1%)
[43.341s][info][gc,heap     ] GC(241) Max Capacity: 1024M(100%)
[43.341s][info][gc,heap     ] GC(241) Soft Max Capacity: 1024M(100%)
[43.341s][info][gc,heap     ] GC(241)                Mark Start          Mark End        Relocate Start      Relocate End           High               Low         
[43.341s][info][gc,heap     ] GC(241)  Capacity:     1024M (100%)       1024M (100%)       1024M (100%)       1024M (100%)       1024M (100%)       1024M (100%)   
[43.341s][info][gc,heap     ] GC(241)      Free:      644M (63%)         644M (63%)         748M (73%)         758M (74%)         758M (74%)         638M (62%)    
[43.341s][info][gc,heap     ] GC(241)      Used:      380M (37%)         380M (37%)         276M (27%)         266M (26%)         386M (38%)         266M (26%)    
[43.341s][info][gc,heap     ] GC(241)      Live:         -               203M (20%)         203M (20%)         203M (20%)            -                  -          
[43.341s][info][gc,heap     ] GC(241) Allocated:         -                 0M (0%)            6M (1%)            5M (1%)             -                  -          
[43.341s][info][gc,heap     ] GC(241)   Garbage:         -               176M (17%)          66M (7%)           56M (6%)             -                  -          
[43.341s][info][gc,heap     ] GC(241) Reclaimed:         -                  -               110M (11%)         119M (12%)            -                  -          
[43.341s][info][gc          ] GC(241) Garbage Collection (System.gc()) 380M(37%)->266M(26%)
[43.502s][info][gc,start    ] GC(242) Garbage Collection (Allocation Rate)
[43.502s][info][gc,task     ] GC(242) Using 7 workers
[43.503s][info][gc,phases   ] GC(242) Pause Mark Start 0.017ms
[43.565s][info][gc,phases   ] GC(242) Concurrent Mark 62.092ms
[43.565s][info][gc,phases   ] GC(242) Pause Mark End 0.032ms
[43.565s][info][gc,phases   ] GC(242) Concurrent Mark Free 0.001ms
[43.568s][info][gc,phases   ] GC(242) Concurrent Process Non-Strong References 2.692ms
[43.568s][info][gc,phases   ] GC(242) Concurrent Reset Relocation Set 0.002ms
[43.572s][info][gc,phases   ] GC(242) Concurrent Select Relocation Set 4.306ms
[43.572s][info][gc,phases   ] GC(242) Pause Relocate Start 0.007ms
[43.574s][info][gc,phases   ] GC(242) Concurrent Relocate 1.526ms
[43.574s][info][gc,load     ] GC(242) Load: 0.00/0.00/0.00
[43.574s][info][gc,mmu      ] GC(242) MMU: 2ms/96.6%, 5ms/98.6%, 10ms/99.3%, 20ms/99.7%, 50ms/99.8%, 100ms/99.9%
[43.574s][info][gc,marking  ] GC(242) Mark: 4 stripe(s), 2 proactive flush(es), 1 terminate flush(es), 0 completion(s), 0 continuation(s) 
[43.574s][info][gc,marking  ] GC(242) Mark Stack Usage: 32M
[43.574s][info][gc,nmethod  ] GC(242) NMethods: 5636 registered, 248 unregistered
[43.574s][info][gc,metaspace] GC(242) Metaspace: 59M used, 59M committed, 1088M reserved
[43.574s][info][gc,ref      ] GC(242) Soft: 3042 encountered, 0 discovered, 0 enqueued
[43.574s][info][gc,ref      ] GC(242) Weak: 6035 encountered, 411 discovered, 74 enqueued
[43.574s][info][gc,ref      ] GC(242) Final: 60 encountered, 0 discovered, 0 enqueued
[43.574s][info][gc,ref      ] GC(242) Phantom: 608 encountered, 369 discovered, 0 enqueued
[43.574s][info][gc,reloc    ] GC(242) Small Pages: 257 / 514M, Empty: 266M, Relocated: 3M, In-Place: 0
[43.574s][info][gc,reloc    ] GC(242) Medium Pages: 2 / 64M, Empty: 32M, Relocated: 0M, In-Place: 0
[43.574s][info][gc,reloc    ] GC(242) Large Pages: 4 / 24M, Empty: 12M, Relocated: 0M, In-Place: 0
[43.574s][info][gc,reloc    ] GC(242) Forwarding Usage: 1M
[43.574s][info][gc,heap     ] GC(242) Min Capacity: 8M(1%)
[43.575s][info][gc,heap     ] GC(242) Max Capacity: 1024M(100%)
[43.575s][info][gc,heap     ] GC(242) Soft Max Capacity: 1024M(100%)
[43.575s][info][gc,heap     ] GC(242)                Mark Start          Mark End        Relocate Start      Relocate End           High               Low         
[43.575s][info][gc,heap     ] GC(242)  Capacity:     1024M (100%)       1024M (100%)       1024M (100%)       1024M (100%)       1024M (100%)       1024M (100%)   
[43.575s][info][gc,heap     ] GC(242)      Free:      422M (41%)         242M (24%)         524M (51%)         550M (54%)         550M (54%)         232M (23%)    
[43.575s][info][gc,heap     ] GC(242)      Used:      602M (59%)         782M (76%)         500M (49%)         474M (46%)         792M (77%)         474M (46%)    
[43.575s][info][gc,heap     ] GC(242)      Live:         -               203M (20%)         203M (20%)         203M (20%)            -                  -          
[43.575s][info][gc,heap     ] GC(242) Allocated:         -               180M (18%)         208M (20%)         213M (21%)            -                  -          
[43.575s][info][gc,heap     ] GC(242)   Garbage:         -               398M (39%)          88M (9%)           56M (6%)             -                  -          
[43.575s][info][gc,heap     ] GC(242) Reclaimed:         -                  -               310M (30%)         341M (33%)            -                  -          
[43.575s][info][gc          ] GC(242) Garbage Collection (Allocation Rate) 602M(59%)->474M(46%)
[43.596s][info][gc,start    ] GC(243) Garbage Collection (Allocation Rate)
[43.596s][info][gc,task     ] GC(243) Using 7 workers
[43.596s][info][gc,phases   ] GC(243) Pause Mark Start 0.013ms
[43.658s][info][gc,phases   ] GC(243) Concurrent Mark 62.183ms
[43.659s][info][gc,phases   ] GC(243) Pause Mark End 0.018ms
[43.659s][info][gc,phases   ] GC(243) Concurrent Mark Free 0.001ms
[43.661s][info][gc,phases   ] GC(243) Concurrent Process Non-Strong References 2.305ms
[43.661s][info][gc,phases   ] GC(243) Concurrent Reset Relocation Set 0.003ms
[43.665s][info][gc,phases   ] GC(243) Concurrent Select Relocation Set 3.698ms
[43.665s][info][gc,phases   ] GC(243) Pause Relocate Start 0.006ms
[43.668s][info][gc,phases   ] GC(243) Concurrent Relocate 2.667ms
[43.668s][info][gc,load     ] GC(243) Load: 0.00/0.00/0.00
[43.668s][info][gc,mmu      ] GC(243) MMU: 2ms/96.6%, 5ms/98.6%, 10ms/99.3%, 20ms/99.7%, 50ms/99.8%, 100ms/99.9%
[43.668s][info][gc,marking  ] GC(243) Mark: 4 stripe(s), 3 proactive flush(es), 1 terminate flush(es), 0 completion(s), 0 continuation(s) 
[43.668s][info][gc,marking  ] GC(243) Mark Stack Usage: 32M
[43.668s][info][gc,nmethod  ] GC(243) NMethods: 5636 registered, 248 unregistered
[43.668s][info][gc,metaspace] GC(243) Metaspace: 59M used, 59M committed, 1088M reserved
[43.668s][info][gc,ref      ] GC(243) Soft: 3042 encountered, 0 discovered, 0 enqueued
[43.668s][info][gc,ref      ] GC(243) Weak: 5961 encountered, 371 discovered, 14 enqueued
[43.668s][info][gc,ref      ] GC(243) Final: 60 encountered, 0 discovered, 0 enqueued
[43.668s][info][gc,ref      ] GC(243) Phantom: 608 encountered, 385 discovered, 0 enqueued
[43.668s][info][gc,reloc    ] GC(243) Small Pages: 249 / 498M, Empty: 260M, Relocated: 3M, In-Place: 0
[43.668s][info][gc,reloc    ] GC(243) Medium Pages: 1 / 32M, Empty: 0M, Relocated: 0M, In-Place: 0
[43.668s][info][gc,reloc    ] GC(243) Large Pages: 2 / 12M, Empty: 0M, Relocated: 0M, In-Place: 0
[43.668s][info][gc,reloc    ] GC(243) Forwarding Usage: 1M
[43.668s][info][gc,heap     ] GC(243) Min Capacity: 8M(1%)
[43.668s][info][gc,heap     ] GC(243) Max Capacity: 1024M(100%)
[43.668s][info][gc,heap     ] GC(243) Soft Max Capacity: 1024M(100%)
[43.668s][info][gc,heap     ] GC(243)                Mark Start          Mark End        Relocate Start      Relocate End           High               Low         
[43.668s][info][gc,heap     ] GC(243)  Capacity:     1024M (100%)       1024M (100%)       1024M (100%)       1024M (100%)       1024M (100%)       1024M (100%)   
[43.668s][info][gc,heap     ] GC(243)      Free:      482M (47%)         278M (27%)         514M (50%)         528M (52%)         532M (52%)         268M (26%)    
[43.668s][info][gc,heap     ] GC(243)      Used:      542M (53%)         746M (73%)         510M (50%)         496M (48%)         756M (74%)         492M (48%)    
[43.668s][info][gc,heap     ] GC(243)      Live:         -               203M (20%)         203M (20%)         203M (20%)            -                  -          
[43.668s][info][gc,heap     ] GC(243) Allocated:         -               204M (20%)         228M (22%)         235M (23%)            -                  -          
[43.668s][info][gc,heap     ] GC(243)   Garbage:         -               338M (33%)          78M (8%)           56M (6%)             -                  -          
[43.668s][info][gc,heap     ] GC(243) Reclaimed:         -                  -               260M (25%)         281M (28%)            -                  -          
[43.668s][info][gc          ] GC(243) Garbage Collection (Allocation Rate) 542M(53%)->496M(48%)
[43.705s][info][gc,start    ] GC(244) Garbage Collection (Allocation Rate)
[43.705s][info][gc,task     ] GC(244) Using 7 workers
[43.706s][info][gc,phases   ] GC(244) Pause Mark Start 0.011ms
[43.783s][info][gc,phases   ] GC(244) Concurrent Mark 77.819ms
[43.784s][info][gc,phases   ] GC(244) Pause Mark End 0.030ms
[43.784s][info][gc,phases   ] GC(244) Concurrent Mark Free 0.001ms
[43.787s][info][gc,phases   ] GC(244) Concurrent Process Non-Strong References 2.763ms
[43.787s][info][gc,phases   ] GC(244) Concurrent Reset Relocation Set 0.003ms
[43.790s][info][gc,phases   ] GC(244) Concurrent Select Relocation Set 3.697ms
[43.790s][info][gc,phases   ] GC(244) Pause Relocate Start 0.008ms
[43.792s][info][gc,phases   ] GC(244) Concurrent Relocate 1.869ms
[43.792s][info][gc,load     ] GC(244) Load: 0.00/0.00/0.00
[43.792s][info][gc,mmu      ] GC(244) MMU: 2ms/96.6%, 5ms/98.6%, 10ms/99.3%, 20ms/99.7%, 50ms/99.8%, 100ms/99.9%
[43.793s][info][gc,marking  ] GC(244) Mark: 4 stripe(s), 2 proactive flush(es), 1 terminate flush(es), 0 completion(s), 0 continuation(s) 
[43.793s][info][gc,marking  ] GC(244) Mark Stack Usage: 32M
[43.793s][info][gc,nmethod  ] GC(244) NMethods: 5636 registered, 248 unregistered
[43.793s][info][gc,metaspace] GC(244) Metaspace: 59M used, 59M committed, 1088M reserved
[43.793s][info][gc,ref      ] GC(244) Soft: 3042 encountered, 0 discovered, 0 enqueued
[43.793s][info][gc,ref      ] GC(244) Weak: 5947 encountered, 434 discovered, 0 enqueued
[43.793s][info][gc,ref      ] GC(244) Final: 60 encountered, 0 discovered, 0 enqueued
[43.793s][info][gc,ref      ] GC(244) Phantom: 608 encountered, 430 discovered, 0 enqueued
[43.793s][info][gc,reloc    ] GC(244) Small Pages: 287 / 574M, Empty: 346M, Relocated: 3M, In-Place: 0
[43.793s][info][gc,reloc    ] GC(244) Medium Pages: 1 / 32M, Empty: 0M, Relocated: 0M, In-Place: 0
[43.793s][info][gc,reloc    ] GC(244) Large Pages: 2 / 12M, Empty: 0M, Relocated: 0M, In-Place: 0
[43.793s][info][gc,reloc    ] GC(244) Forwarding Usage: 1M
[43.793s][info][gc,heap     ] GC(244) Min Capacity: 8M(1%)
[43.793s][info][gc,heap     ] GC(244) Max Capacity: 1024M(100%)
[43.793s][info][gc,heap     ] GC(244) Soft Max Capacity: 1024M(100%)
[43.793s][info][gc,heap     ] GC(244)                Mark Start          Mark End        Relocate Start      Relocate End           High               Low         
[43.793s][info][gc,heap     ] GC(244)  Capacity:     1024M (100%)       1024M (100%)       1024M (100%)       1024M (100%)       1024M (100%)       1024M (100%)   
[43.793s][info][gc,heap     ] GC(244)      Free:      406M (40%)         154M (15%)         476M (46%)         482M (47%)         484M (47%)         144M (14%)    
[43.793s][info][gc,heap     ] GC(244)      Used:      618M (60%)         870M (85%)         548M (54%)         542M (53%)         880M (86%)         540M (53%)    
[43.793s][info][gc,heap     ] GC(244)      Live:         -               203M (20%)         203M (20%)         203M (20%)            -                  -          
[43.793s][info][gc,heap     ] GC(244) Allocated:         -               252M (25%)         276M (27%)         281M (28%)            -                  -          
[43.793s][info][gc,heap     ] GC(244)   Garbage:         -               414M (40%)          68M (7%)           56M (6%)             -                  -          
[43.793s][info][gc,heap     ] GC(244) Reclaimed:         -                  -               346M (34%)         357M (35%)            -                  -          
[43.793s][info][gc          ] GC(244) Garbage Collection (Allocation Rate) 618M(60%)->542M(53%)
[43.799s][info][gc,start    ] GC(245) Garbage Collection (Allocation Rate)
[43.799s][info][gc,task     ] GC(245) Using 7 workers
[43.799s][info][gc,phases   ] GC(245) Pause Mark Start 0.010ms
[43.862s][info][gc,phases   ] GC(245) Concurrent Mark 62.183ms
[43.862s][info][gc,phases   ] GC(245) Pause Mark End 0.030ms
[43.862s][info][gc,phases   ] GC(245) Concurrent Mark Free 0.001ms
[43.864s][info][gc,phases   ] GC(245) Concurrent Process Non-Strong References 2.379ms
[43.864s][info][gc,phases   ] GC(245) Concurrent Reset Relocation Set 0.003ms
[43.868s][info][gc,phases   ] GC(245) Concurrent Select Relocation Set 3.710ms
[43.868s][info][gc,phases   ] GC(245) Pause Relocate Start 0.010ms
[43.870s][info][gc,phases   ] GC(245) Concurrent Relocate 1.333ms
[43.870s][info][gc,load     ] GC(245) Load: 0.00/0.00/0.00
[43.870s][info][gc,mmu      ] GC(245) MMU: 2ms/96.6%, 5ms/98.6%, 10ms/99.3%, 20ms/99.7%, 50ms/99.8%, 100ms/99.9%
[43.870s][info][gc,marking  ] GC(245) Mark: 4 stripe(s), 2 proactive flush(es), 1 terminate flush(es), 0 completion(s), 0 continuation(s) 
[43.870s][info][gc,marking  ] GC(245) Mark Stack Usage: 32M
[43.870s][info][gc,nmethod  ] GC(245) NMethods: 5636 registered, 248 unregistered
[43.870s][info][gc,metaspace] GC(245) Metaspace: 59M used, 59M committed, 1088M reserved
[43.870s][info][gc,ref      ] GC(245) Soft: 3042 encountered, 0 discovered, 0 enqueued
[43.870s][info][gc,ref      ] GC(245) Weak: 5947 encountered, 2917 discovered, 0 enqueued
[43.870s][info][gc,ref      ] GC(245) Final: 60 encountered, 3 discovered, 0 enqueued
[43.870s][info][gc,ref      ] GC(245) Phantom: 608 encountered, 399 discovered, 0 enqueued
[43.870s][info][gc,reloc    ] GC(245) Small Pages: 261 / 522M, Empty: 292M, Relocated: 3M, In-Place: 0
[43.870s][info][gc,reloc    ] GC(245) Medium Pages: 1 / 32M, Empty: 0M, Relocated: 0M, In-Place: 0
[43.870s][info][gc,reloc    ] GC(245) Large Pages: 2 / 12M, Empty: 0M, Relocated: 0M, In-Place: 0
[43.870s][info][gc,reloc    ] GC(245) Forwarding Usage: 1M
[43.870s][info][gc,heap     ] GC(245) Min Capacity: 8M(1%)
[43.870s][info][gc,heap     ] GC(245) Max Capacity: 1024M(100%)
[43.870s][info][gc,heap     ] GC(245) Soft Max Capacity: 1024M(100%)
[43.870s][info][gc,heap     ] GC(245)                Mark Start          Mark End        Relocate Start      Relocate End           High               Low         
[43.870s][info][gc,heap     ] GC(245)  Capacity:     1024M (100%)       1024M (100%)       1024M (100%)       1024M (100%)       1024M (100%)       1024M (100%)   
[43.870s][info][gc,heap     ] GC(245)      Free:      458M (45%)         240M (23%)         510M (50%)         520M (51%)         520M (51%)         232M (23%)    
[43.870s][info][gc,heap     ] GC(245)      Used:      566M (55%)         784M (77%)         514M (50%)         504M (49%)         792M (77%)         504M (49%)    
[43.870s][info][gc,heap     ] GC(245)      Live:         -               203M (20%)         203M (20%)         203M (20%)            -                  -          
[43.870s][info][gc,heap     ] GC(245) Allocated:         -               218M (21%)         240M (23%)         243M (24%)            -                  -          
[43.870s][info][gc,heap     ] GC(245)   Garbage:         -               362M (35%)          70M (7%)           56M (6%)             -                  -          
[43.870s][info][gc,heap     ] GC(245) Reclaimed:         -                  -               292M (29%)         305M (30%)            -                  -          
[43.870s][info][gc          ] GC(245) Garbage Collection (Allocation Rate) 566M(55%)->504M(49%)
[43.893s][info][gc,start    ] GC(246) Garbage Collection (Allocation Rate)
[43.893s][info][gc,task     ] GC(246) Using 7 workers
[43.893s][info][gc,phases   ] GC(246) Pause Mark Start 0.012ms
[43.955s][info][gc,phases   ] GC(246) Concurrent Mark 62.201ms
[43.955s][info][gc,phases   ] GC(246) Pause Mark End 0.017ms
[43.956s][info][gc,phases   ] GC(246) Concurrent Mark Free 0.002ms
[43.958s][info][gc,phases   ] GC(246) Concurrent Process Non-Strong References 2.276ms
[43.958s][info][gc,phases   ] GC(246) Concurrent Reset Relocation Set 0.002ms
[43.962s][info][gc,phases   ] GC(246) Concurrent Select Relocation Set 3.678ms
[43.962s][info][gc,phases   ] GC(246) Pause Relocate Start 0.007ms
[43.964s][info][gc,phases   ] GC(246) Concurrent Relocate 2.645ms
[43.964s][info][gc,load     ] GC(246) Load: 0.00/0.00/0.00
[43.965s][info][gc,mmu      ] GC(246) MMU: 2ms/96.6%, 5ms/98.6%, 10ms/99.3%, 20ms/99.7%, 50ms/99.8%, 100ms/99.9%
[43.965s][info][gc,marking  ] GC(246) Mark: 4 stripe(s), 2 proactive flush(es), 1 terminate flush(es), 0 completion(s), 0 continuation(s) 
[43.965s][info][gc,marking  ] GC(246) Mark Stack Usage: 32M
[43.965s][info][gc,nmethod  ] GC(246) NMethods: 5636 registered, 248 unregistered
[43.965s][info][gc,metaspace] GC(246) Metaspace: 59M used, 59M committed, 1088M reserved
[43.965s][info][gc,ref      ] GC(246) Soft: 3042 encountered, 0 discovered, 0 enqueued
[43.965s][info][gc,ref      ] GC(246) Weak: 5947 encountered, 2841 discovered, 0 enqueued
[43.965s][info][gc,ref      ] GC(246) Final: 60 encountered, 0 discovered, 0 enqueued
[43.965s][info][gc,ref      ] GC(246) Phantom: 608 encountered, 440 discovered, 0 enqueued
[43.965s][info][gc,reloc    ] GC(246) Small Pages: 271 / 542M, Empty: 314M, Relocated: 3M, In-Place: 0
[43.965s][info][gc,reloc    ] GC(246) Medium Pages: 1 / 32M, Empty: 0M, Relocated: 0M, In-Place: 0
[43.965s][info][gc,reloc    ] GC(246) Large Pages: 2 / 12M, Empty: 0M, Relocated: 0M, In-Place: 0
[43.965s][info][gc,reloc    ] GC(246) Forwarding Usage: 1M
[43.965s][info][gc,heap     ] GC(246) Min Capacity: 8M(1%)
[43.965s][info][gc,heap     ] GC(246) Max Capacity: 1024M(100%)
[43.965s][info][gc,heap     ] GC(246) Soft Max Capacity: 1024M(100%)
[43.965s][info][gc,heap     ] GC(246)                Mark Start          Mark End        Relocate Start      Relocate End           High               Low         
[43.965s][info][gc,heap     ] GC(246)  Capacity:     1024M (100%)       1024M (100%)       1024M (100%)       1024M (100%)       1024M (100%)       1024M (100%)   
[43.965s][info][gc,heap     ] GC(246)      Free:      438M (43%)         250M (24%)         548M (54%)         554M (54%)         556M (54%)         244M (24%)    
[43.965s][info][gc,heap     ] GC(246)      Used:      586M (57%)         774M (76%)         476M (46%)         470M (46%)         780M (76%)         468M (46%)    
[43.965s][info][gc,heap     ] GC(246)      Live:         -               203M (20%)         203M (20%)         203M (20%)            -                  -          
[43.965s][info][gc,heap     ] GC(246) Allocated:         -               188M (18%)         204M (20%)         209M (21%)            -                  -          
[43.965s][info][gc,heap     ] GC(246)   Garbage:         -               382M (37%)          68M (7%)           56M (6%)             -                  -          
[43.965s][info][gc,heap     ] GC(246) Reclaimed:         -                  -               314M (31%)         325M (32%)            -                  -          
[43.965s][info][gc          ] GC(246) Garbage Collection (Allocation Rate) 586M(57%)->470M(46%)
[44.002s][info][gc,start    ] GC(247) Garbage Collection (Allocation Rate)
[44.002s][info][gc,task     ] GC(247) Using 7 workers
[44.002s][info][gc,phases   ] GC(247) Pause Mark Start 0.011ms
[44.065s][info][gc,phases   ] GC(247) Concurrent Mark 62.150ms
[44.065s][info][gc,phases   ] GC(247) Pause Mark End 0.025ms
[44.065s][info][gc,phases   ] GC(247) Concurrent Mark Free 0.001ms
[44.067s][info][gc,phases   ] GC(247) Concurrent Process Non-Strong References 2.180ms
[44.067s][info][gc,phases   ] GC(247) Concurrent Reset Relocation Set 0.003ms
[44.071s][info][gc,phases   ] GC(247) Concurrent Select Relocation Set 3.677ms
[44.071s][info][gc,phases   ] GC(247) Pause Relocate Start 0.006ms
[44.072s][info][gc,phases   ] GC(247) Concurrent Relocate 1.294ms
[44.072s][info][gc,load     ] GC(247) Load: 0.00/0.00/0.00
[44.072s][info][gc,mmu      ] GC(247) MMU: 2ms/96.6%, 5ms/98.6%, 10ms/99.3%, 20ms/99.7%, 50ms/99.8%, 100ms/99.9%
[44.072s][info][gc,marking  ] GC(247) Mark: 4 stripe(s), 2 proactive flush(es), 1 terminate flush(es), 0 completion(s), 0 continuation(s) 
[44.072s][info][gc,marking  ] GC(247) Mark Stack Usage: 32M
[44.072s][info][gc,nmethod  ] GC(247) NMethods: 5636 registered, 248 unregistered
[44.072s][info][gc,metaspace] GC(247) Metaspace: 59M used, 59M committed, 1088M reserved
[44.072s][info][gc,ref      ] GC(247) Soft: 3042 encountered, 0 discovered, 0 enqueued
[44.073s][info][gc,ref      ] GC(247) Weak: 5947 encountered, 2497 discovered, 0 enqueued
[44.073s][info][gc,ref      ] GC(247) Final: 60 encountered, 0 discovered, 0 enqueued
[44.073s][info][gc,ref      ] GC(247) Phantom: 608 encountered, 382 discovered, 0 enqueued
[44.073s][info][gc,reloc    ] GC(247) Small Pages: 269 / 538M, Empty: 312M, Relocated: 3M, In-Place: 0
[44.073s][info][gc,reloc    ] GC(247) Medium Pages: 1 / 32M, Empty: 0M, Relocated: 0M, In-Place: 0
[44.073s][info][gc,reloc    ] GC(247) Large Pages: 2 / 12M, Empty: 0M, Relocated: 0M, In-Place: 0
[44.073s][info][gc,reloc    ] GC(247) Forwarding Usage: 1M
[44.073s][info][gc,heap     ] GC(247) Min Capacity: 8M(1%)
[44.073s][info][gc,heap     ] GC(247) Max Capacity: 1024M(100%)
[44.073s][info][gc,heap     ] GC(247) Soft Max Capacity: 1024M(100%)
[44.073s][info][gc,heap     ] GC(247)                Mark Start          Mark End        Relocate Start      Relocate End           High               Low         
[44.073s][info][gc,heap     ] GC(247)  Capacity:     1024M (100%)       1024M (100%)       1024M (100%)       1024M (100%)       1024M (100%)       1024M (100%)   
[44.073s][info][gc,heap     ] GC(247)      Free:      442M (43%)         236M (23%)         526M (51%)         534M (52%)         534M (52%)         228M (22%)    
[44.073s][info][gc,heap     ] GC(247)      Used:      582M (57%)         788M (77%)         498M (49%)         490M (48%)         796M (78%)         490M (48%)    
[44.073s][info][gc,heap     ] GC(247)      Live:         -               203M (20%)         203M (20%)         203M (20%)            -                  -          
[44.073s][info][gc,heap     ] GC(247) Allocated:         -               206M (20%)         228M (22%)         229M (22%)            -                  -          
[44.073s][info][gc,heap     ] GC(247)   Garbage:         -               378M (37%)          66M (6%)           56M (6%)             -                  -          
[44.073s][info][gc,heap     ] GC(247) Reclaimed:         -                  -               312M (30%)         321M (31%)            -                  -          
[44.073s][info][gc          ] GC(247) Garbage Collection (Allocation Rate) 582M(57%)->490M(48%)
[44.096s][info][gc,start    ] GC(248) Garbage Collection (Allocation Rate)
[44.096s][info][gc,task     ] GC(248) Using 7 workers
[44.096s][info][gc,phases   ] GC(248) Pause Mark Start 0.012ms
[44.172s][info][gc,phases   ] GC(248) Concurrent Mark 75.710ms
[44.172s][info][gc,phases   ] GC(248) Pause Mark End 0.027ms
[44.172s][info][gc,phases   ] GC(248) Concurrent Mark Free 0.001ms
[44.176s][info][gc,phases   ] GC(248) Concurrent Process Non-Strong References 3.563ms
[44.176s][info][gc,phases   ] GC(248) Concurrent Reset Relocation Set 0.002ms
[44.181s][info][gc,phases   ] GC(248) Concurrent Select Relocation Set 5.378ms
[44.181s][info][gc,phases   ] GC(248) Pause Relocate Start 0.008ms
[44.183s][info][gc,phases   ] GC(248) Concurrent Relocate 2.018ms
[44.183s][info][gc,load     ] GC(248) Load: 0.00/0.00/0.00
[44.183s][info][gc,mmu      ] GC(248) MMU: 2ms/96.6%, 5ms/98.6%, 10ms/99.3%, 20ms/99.7%, 50ms/99.8%, 100ms/99.9%
[44.183s][info][gc,marking  ] GC(248) Mark: 4 stripe(s), 2 proactive flush(es), 1 terminate flush(es), 0 completion(s), 0 continuation(s) 
[44.184s][info][gc,marking  ] GC(248) Mark Stack Usage: 32M
[44.184s][info][gc,nmethod  ] GC(248) NMethods: 5609 registered, 450 unregistered
[44.184s][info][gc,metaspace] GC(248) Metaspace: 59M used, 59M committed, 1088M reserved
[44.184s][info][gc,ref      ] GC(248) Soft: 3041 encountered, 0 discovered, 0 enqueued
[44.184s][info][gc,ref      ] GC(248) Weak: 5949 encountered, 3236 discovered, 0 enqueued
[44.184s][info][gc,ref      ] GC(248) Final: 60 encountered, 0 discovered, 0 enqueued
[44.184s][info][gc,ref      ] GC(248) Phantom: 608 encountered, 360 discovered, 0 enqueued
[44.184s][info][gc,reloc    ] GC(248) Small Pages: 245 / 490M, Empty: 256M, Relocated: 2M, In-Place: 0
[44.184s][info][gc,reloc    ] GC(248) Medium Pages: 1 / 32M, Empty: 0M, Relocated: 0M, In-Place: 0
[44.184s][info][gc,reloc    ] GC(248) Large Pages: 2 / 12M, Empty: 0M, Relocated: 0M, In-Place: 0
[44.184s][info][gc,reloc    ] GC(248) Forwarding Usage: 1M
[44.184s][info][gc,heap     ] GC(248) Min Capacity: 8M(1%)
[44.184s][info][gc,heap     ] GC(248) Max Capacity: 1024M(100%)
[44.184s][info][gc,heap     ] GC(248) Soft Max Capacity: 1024M(100%)
[44.184s][info][gc,heap     ] GC(248)                Mark Start          Mark End        Relocate Start      Relocate End           High               Low         
[44.184s][info][gc,heap     ] GC(248)  Capacity:     1024M (100%)       1024M (100%)       1024M (100%)       1024M (100%)       1024M (100%)       1024M (100%)   
[44.184s][info][gc,heap     ] GC(248)      Free:      490M (48%)         422M (41%)         678M (66%)         696M (68%)         696M (68%)         422M (41%)    
[44.184s][info][gc,heap     ] GC(248)      Used:      534M (52%)         602M (59%)         346M (34%)         328M (32%)         602M (59%)         328M (32%)    
[44.184s][info][gc,heap     ] GC(248)      Live:         -               203M (20%)         203M (20%)         203M (20%)            -                  -          
[44.184s][info][gc,heap     ] GC(248) Allocated:         -                68M (7%)           68M (7%)           68M (7%)             -                  -          
[44.184s][info][gc,heap     ] GC(248)   Garbage:         -               330M (32%)          74M (7%)           56M (6%)             -                  -          
[44.184s][info][gc,heap     ] GC(248) Reclaimed:         -                  -               256M (25%)         274M (27%)            -                  -          
[44.184s][info][gc          ] GC(248) Garbage Collection (Allocation Rate) 534M(52%)->328M(32%)
[44.184s][info][gc,start    ] GC(249) Garbage Collection (System.gc())
[44.184s][info][gc,task     ] GC(249) Using 10 workers
[44.184s][info][gc,phases   ] GC(249) Pause Mark Start 0.010ms
[44.234s][info][gc,phases   ] GC(249) Concurrent Mark 49.896ms
[44.234s][info][gc,phases   ] GC(249) Pause Mark End 0.017ms
[44.234s][info][gc,phases   ] GC(249) Concurrent Mark Free 0.002ms
[44.236s][info][gc,phases   ] GC(249) Concurrent Process Non-Strong References 1.709ms
[44.236s][info][gc,phases   ] GC(249) Concurrent Reset Relocation Set 0.002ms
[44.242s][info][gc,phases   ] GC(249) Concurrent Select Relocation Set 6.000ms
[44.242s][info][gc,phases   ] GC(249) Pause Relocate Start 0.008ms
[44.245s][info][gc,phases   ] GC(249) Concurrent Relocate 2.621ms
[44.245s][info][gc,load     ] GC(249) Load: 0.00/0.00/0.00
[44.245s][info][gc,mmu      ] GC(249) MMU: 2ms/96.6%, 5ms/98.6%, 10ms/99.3%, 20ms/99.7%, 50ms/99.8%, 100ms/99.9%
[44.245s][info][gc,marking  ] GC(249) Mark: 8 stripe(s), 2 proactive flush(es), 1 terminate flush(es), 0 completion(s), 0 continuation(s) 
[44.245s][info][gc,marking  ] GC(249) Mark Stack Usage: 32M
[44.245s][info][gc,nmethod  ] GC(249) NMethods: 5607 registered, 454 unregistered
[44.245s][info][gc,metaspace] GC(249) Metaspace: 59M used, 59M committed, 1088M reserved
[44.245s][info][gc,ref      ] GC(249) Soft: 3040 encountered, 0 discovered, 0 enqueued
[44.245s][info][gc,ref      ] GC(249) Weak: 6004 encountered, 988 discovered, 119 enqueued
[44.245s][info][gc,ref      ] GC(249) Final: 60 encountered, 1 discovered, 0 enqueued
[44.245s][info][gc,ref      ] GC(249) Phantom: 608 encountered, 370 discovered, 0 enqueued
[44.245s][info][gc,reloc    ] GC(249) Small Pages: 139 / 278M, Empty: 50M, Relocated: 6M, In-Place: 0
[44.246s][info][gc,reloc    ] GC(249) Medium Pages: 1 / 32M, Empty: 0M, Relocated: 0M, In-Place: 0
[44.246s][info][gc,reloc    ] GC(249) Large Pages: 3 / 18M, Empty: 6M, Relocated: 0M, In-Place: 0
[44.246s][info][gc,reloc    ] GC(249) Forwarding Usage: 4M
[44.246s][info][gc,heap     ] GC(249) Min Capacity: 8M(1%)
[44.246s][info][gc,heap     ] GC(249) Max Capacity: 1024M(100%)
[44.246s][info][gc,heap     ] GC(249) Soft Max Capacity: 1024M(100%)
[44.246s][info][gc,heap     ] GC(249)                Mark Start          Mark End        Relocate Start      Relocate End           High               Low         
[44.246s][info][gc,heap     ] GC(249)  Capacity:     1024M (100%)       1024M (100%)       1024M (100%)       1024M (100%)       1024M (100%)       1024M (100%)   
[44.246s][info][gc,heap     ] GC(249)      Free:      696M (68%)         694M (68%)         746M (73%)         758M (74%)         758M (74%)         690M (67%)    
[44.246s][info][gc,heap     ] GC(249)      Used:      328M (32%)         330M (32%)         278M (27%)         266M (26%)         334M (33%)         266M (26%)    
[44.246s][info][gc,heap     ] GC(249)      Live:         -               203M (20%)         203M (20%)         203M (20%)            -                  -          
[44.246s][info][gc,heap     ] GC(249) Allocated:         -                 2M (0%)            6M (1%)            6M (1%)             -                  -          
[44.246s][info][gc,heap     ] GC(249)   Garbage:         -               124M (12%)          68M (7%)           56M (6%)             -                  -          
[44.246s][info][gc,heap     ] GC(249) Reclaimed:         -                  -                56M (5%)           68M (7%)             -                  -          
[44.246s][info][gc          ] GC(249) Garbage Collection (System.gc()) 328M(32%)->266M(26%)
[44.406s][info][gc,start    ] GC(250) Garbage Collection (Allocation Rate)
[44.406s][info][gc,task     ] GC(250) Using 8 workers
[44.406s][info][gc,phases   ] GC(250) Pause Mark Start 0.018ms
[44.469s][info][gc,phases   ] GC(250) Concurrent Mark 62.046ms
[44.469s][info][gc,phases   ] GC(250) Pause Mark End 0.019ms
[44.469s][info][gc,phases   ] GC(250) Concurrent Mark Free 0.002ms
[44.471s][info][gc,phases   ] GC(250) Concurrent Process Non-Strong References 2.129ms
[44.471s][info][gc,phases   ] GC(250) Concurrent Reset Relocation Set 0.003ms
[44.475s][info][gc,phases   ] GC(250) Concurrent Select Relocation Set 4.389ms
[44.476s][info][gc,phases   ] GC(250) Pause Relocate Start 0.008ms
[44.477s][info][gc,phases   ] GC(250) Concurrent Relocate 1.435ms
[44.477s][info][gc,load     ] GC(250) Load: 0.00/0.00/0.00
[44.477s][info][gc,mmu      ] GC(250) MMU: 2ms/96.6%, 5ms/98.6%, 10ms/99.3%, 20ms/99.7%, 50ms/99.8%, 100ms/99.9%
[44.477s][info][gc,marking  ] GC(250) Mark: 8 stripe(s), 2 proactive flush(es), 1 terminate flush(es), 0 completion(s), 0 continuation(s) 
[44.477s][info][gc,marking  ] GC(250) Mark Stack Usage: 32M
[44.477s][info][gc,nmethod  ] GC(250) NMethods: 5617 registered, 458 unregistered
[44.477s][info][gc,metaspace] GC(250) Metaspace: 59M used, 59M committed, 1088M reserved
[44.477s][info][gc,ref      ] GC(250) Soft: 3042 encountered, 0 discovered, 0 enqueued
[44.477s][info][gc,ref      ] GC(250) Weak: 6049 encountered, 401 discovered, 75 enqueued
[44.477s][info][gc,ref      ] GC(250) Final: 60 encountered, 0 discovered, 0 enqueued
[44.477s][info][gc,ref      ] GC(250) Phantom: 608 encountered, 379 discovered, 0 enqueued
[44.477s][info][gc,reloc    ] GC(250) Small Pages: 277 / 554M, Empty: 306M, Relocated: 3M, In-Place: 0
[44.477s][info][gc,reloc    ] GC(250) Medium Pages: 2 / 64M, Empty: 32M, Relocated: 0M, In-Place: 0
[44.478s][info][gc,reloc    ] GC(250) Large Pages: 4 / 24M, Empty: 12M, Relocated: 0M, In-Place: 0
[44.478s][info][gc,reloc    ] GC(250) Forwarding Usage: 1M
[44.478s][info][gc,heap     ] GC(250) Min Capacity: 8M(1%)
[44.478s][info][gc,heap     ] GC(250) Max Capacity: 1024M(100%)
[44.478s][info][gc,heap     ] GC(250) Soft Max Capacity: 1024M(100%)
[44.478s][info][gc,heap     ] GC(250)                Mark Start          Mark End        Relocate Start      Relocate End           High               Low         
[44.478s][info][gc,heap     ] GC(250)  Capacity:     1024M (100%)       1024M (100%)       1024M (100%)       1024M (100%)       1024M (100%)       1024M (100%)   
[44.478s][info][gc,heap     ] GC(250)      Free:      382M (37%)         174M (17%)         496M (48%)         524M (51%)         524M (51%)         166M (16%)    
[44.478s][info][gc,heap     ] GC(250)      Used:      642M (63%)         850M (83%)         528M (52%)         500M (49%)         858M (84%)         500M (49%)    
[44.478s][info][gc,heap     ] GC(250)      Live:         -               203M (20%)         203M (20%)         203M (20%)            -                  -          
[44.478s][info][gc,heap     ] GC(250) Allocated:         -               208M (20%)         236M (23%)         237M (23%)            -                  -          
[44.478s][info][gc,heap     ] GC(250)   Garbage:         -               438M (43%)          88M (9%)           58M (6%)             -                  -          
[44.478s][info][gc,heap     ] GC(250) Reclaimed:         -                  -               350M (34%)         379M (37%)            -                  -          
[44.478s][info][gc          ] GC(250) Garbage Collection (Allocation Rate) 642M(63%)->500M(49%)
[44.500s][info][gc,start    ] GC(251) Garbage Collection (Allocation Rate)
[44.500s][info][gc,task     ] GC(251) Using 8 workers
[44.500s][info][gc,phases   ] GC(251) Pause Mark Start 0.013ms
[44.562s][info][gc,phases   ] GC(251) Concurrent Mark 62.189ms
[44.563s][info][gc,phases   ] GC(251) Pause Mark End 0.020ms
[44.563s][info][gc,phases   ] GC(251) Concurrent Mark Free 0.001ms
[44.565s][info][gc,phases   ] GC(251) Concurrent Process Non-Strong References 2.101ms
[44.565s][info][gc,phases   ] GC(251) Concurrent Reset Relocation Set 0.003ms
[44.568s][info][gc,phases   ] GC(251) Concurrent Select Relocation Set 3.627ms
[44.569s][info][gc,phases   ] GC(251) Pause Relocate Start 0.007ms
[44.571s][info][gc,phases   ] GC(251) Concurrent Relocate 2.636ms
[44.571s][info][gc,load     ] GC(251) Load: 0.00/0.00/0.00
[44.571s][info][gc,mmu      ] GC(251) MMU: 2ms/96.6%, 5ms/98.6%, 10ms/99.3%, 20ms/99.7%, 50ms/99.8%, 100ms/99.9%
[44.571s][info][gc,marking  ] GC(251) Mark: 8 stripe(s), 2 proactive flush(es), 1 terminate flush(es), 0 completion(s), 0 continuation(s) 
[44.571s][info][gc,marking  ] GC(251) Mark Stack Usage: 32M
[44.571s][info][gc,nmethod  ] GC(251) NMethods: 5617 registered, 460 unregistered
[44.571s][info][gc,metaspace] GC(251) Metaspace: 59M used, 59M committed, 1088M reserved
[44.571s][info][gc,ref      ] GC(251) Soft: 3042 encountered, 0 discovered, 0 enqueued
[44.572s][info][gc,ref      ] GC(251) Weak: 5973 encountered, 2650 discovered, 19 enqueued
[44.572s][info][gc,ref      ] GC(251) Final: 60 encountered, 4 discovered, 0 enqueued
[44.572s][info][gc,ref      ] GC(251) Phantom: 608 encountered, 596 discovered, 0 enqueued
[44.572s][info][gc,reloc    ] GC(251) Small Pages: 247 / 494M, Empty: 256M, Relocated: 3M, In-Place: 0
[44.572s][info][gc,reloc    ] GC(251) Medium Pages: 1 / 32M, Empty: 0M, Relocated: 0M, In-Place: 0
[44.572s][info][gc,reloc    ] GC(251) Large Pages: 2 / 12M, Empty: 0M, Relocated: 0M, In-Place: 0
[44.572s][info][gc,reloc    ] GC(251) Forwarding Usage: 1M
[44.572s][info][gc,heap     ] GC(251) Min Capacity: 8M(1%)
[44.572s][info][gc,heap     ] GC(251) Max Capacity: 1024M(100%)
[44.572s][info][gc,heap     ] GC(251) Soft Max Capacity: 1024M(100%)
[44.572s][info][gc,heap     ] GC(251)                Mark Start          Mark End        Relocate Start      Relocate End           High               Low         
[44.572s][info][gc,heap     ] GC(251)  Capacity:     1024M (100%)       1024M (100%)       1024M (100%)       1024M (100%)       1024M (100%)       1024M (100%)   
[44.572s][info][gc,heap     ] GC(251)      Free:      486M (47%)         382M (37%)         630M (62%)         644M (63%)         646M (63%)         378M (37%)    
[44.572s][info][gc,heap     ] GC(251)      Used:      538M (53%)         642M (63%)         394M (38%)         380M (37%)         646M (63%)         378M (37%)    
[44.572s][info][gc,heap     ] GC(251)      Live:         -               203M (20%)         203M (20%)         203M (20%)            -                  -          
[44.572s][info][gc,heap     ] GC(251) Allocated:         -               104M (10%)         112M (11%)         117M (12%)            -                  -          
[44.572s][info][gc,heap     ] GC(251)   Garbage:         -               334M (33%)          78M (8%)           58M (6%)             -                  -          
[44.572s][info][gc,heap     ] GC(251) Reclaimed:         -                  -               256M (25%)         275M (27%)            -                  -          
[44.572s][info][gc          ] GC(251) Garbage Collection (Allocation Rate) 538M(53%)->380M(37%)
[44.594s][info][gc,start    ] GC(252) Garbage Collection (Allocation Rate)
[44.594s][info][gc,task     ] GC(252) Using 8 workers
[44.594s][info][gc,phases   ] GC(252) Pause Mark Start 0.009ms
[44.656s][info][gc,phases   ] GC(252) Concurrent Mark 62.177ms
[44.656s][info][gc,phases   ] GC(252) Pause Mark End 0.017ms
[44.656s][info][gc,phases   ] GC(252) Concurrent Mark Free 0.001ms
[44.658s][info][gc,phases   ] GC(252) Concurrent Process Non-Strong References 2.116ms
[44.658s][info][gc,phases   ] GC(252) Concurrent Reset Relocation Set 0.002ms
[44.662s][info][gc,phases   ] GC(252) Concurrent Select Relocation Set 3.683ms
[44.662s][info][gc,phases   ] GC(252) Pause Relocate Start 0.006ms
[44.665s][info][gc,phases   ] GC(252) Concurrent Relocate 2.625ms
[44.665s][info][gc,load     ] GC(252) Load: 0.00/0.00/0.00
[44.665s][info][gc,mmu      ] GC(252) MMU: 2ms/96.6%, 5ms/98.6%, 10ms/99.3%, 20ms/99.7%, 50ms/99.8%, 100ms/99.9%
[44.665s][info][gc,marking  ] GC(252) Mark: 8 stripe(s), 3 proactive flush(es), 1 terminate flush(es), 0 completion(s), 0 continuation(s) 
[44.665s][info][gc,marking  ] GC(252) Mark Stack Usage: 32M
[44.665s][info][gc,nmethod  ] GC(252) NMethods: 5617 registered, 461 unregistered
[44.665s][info][gc,metaspace] GC(252) Metaspace: 59M used, 59M committed, 1088M reserved
[44.665s][info][gc,ref      ] GC(252) Soft: 3042 encountered, 0 discovered, 0 enqueued
[44.665s][info][gc,ref      ] GC(252) Weak: 5954 encountered, 429 discovered, 0 enqueued
[44.665s][info][gc,ref      ] GC(252) Final: 60 encountered, 0 discovered, 0 enqueued
[44.665s][info][gc,ref      ] GC(252) Phantom: 608 encountered, 596 discovered, 0 enqueued
[44.665s][info][gc,reloc    ] GC(252) Small Pages: 198 / 396M, Empty: 162M, Relocated: 3M, In-Place: 0
[44.665s][info][gc,reloc    ] GC(252) Medium Pages: 1 / 32M, Empty: 0M, Relocated: 0M, In-Place: 0
[44.665s][info][gc,reloc    ] GC(252) Large Pages: 2 / 12M, Empty: 0M, Relocated: 0M, In-Place: 0
[44.665s][info][gc,reloc    ] GC(252) Forwarding Usage: 1M
[44.665s][info][gc,heap     ] GC(252) Min Capacity: 8M(1%)
[44.665s][info][gc,heap     ] GC(252) Max Capacity: 1024M(100%)
[44.666s][info][gc,heap     ] GC(252) Soft Max Capacity: 1024M(100%)
[44.666s][info][gc,heap     ] GC(252)                Mark Start          Mark End        Relocate Start      Relocate End           High               Low         
[44.666s][info][gc,heap     ] GC(252)  Capacity:     1024M (100%)       1024M (100%)       1024M (100%)       1024M (100%)       1024M (100%)       1024M (100%)   
[44.666s][info][gc,heap     ] GC(252)      Free:      584M (57%)         422M (41%)         566M (55%)         576M (56%)         584M (57%)         416M (41%)    
[44.666s][info][gc,heap     ] GC(252)      Used:      440M (43%)         602M (59%)         458M (45%)         448M (44%)         608M (59%)         440M (43%)    
[44.666s][info][gc,heap     ] GC(252)      Live:         -               203M (20%)         203M (20%)         203M (20%)            -                  -          
[44.666s][info][gc,heap     ] GC(252) Allocated:         -               162M (16%)         180M (18%)         185M (18%)            -                  -          
[44.666s][info][gc,heap     ] GC(252)   Garbage:         -               236M (23%)          74M (7%)           58M (6%)             -                  -          
[44.666s][info][gc,heap     ] GC(252) Reclaimed:         -                  -               162M (16%)         177M (17%)            -                  -          
[44.666s][info][gc          ] GC(252) Garbage Collection (Allocation Rate) 440M(43%)->448M(44%)
[44.703s][info][gc,start    ] GC(253) Garbage Collection (Allocation Rate)
[44.703s][info][gc,task     ] GC(253) Using 8 workers
[44.703s][info][gc,phases   ] GC(253) Pause Mark Start 0.011ms
[44.765s][info][gc,phases   ] GC(253) Concurrent Mark 62.161ms
[44.766s][info][gc,phases   ] GC(253) Pause Mark End 0.020ms
[44.766s][info][gc,phases   ] GC(253) Concurrent Mark Free 0.001ms
[44.768s][info][gc,phases   ] GC(253) Concurrent Process Non-Strong References 2.272ms
[44.768s][info][gc,phases   ] GC(253) Concurrent Reset Relocation Set 0.002ms
[44.772s][info][gc,phases   ] GC(253) Concurrent Select Relocation Set 3.645ms
[44.772s][info][gc,phases   ] GC(253) Pause Relocate Start 0.007ms
[44.774s][info][gc,phases   ] GC(253) Concurrent Relocate 2.649ms
[44.775s][info][gc,load     ] GC(253) Load: 0.00/0.00/0.00
[44.775s][info][gc,mmu      ] GC(253) MMU: 2ms/96.6%, 5ms/98.6%, 10ms/99.3%, 20ms/99.7%, 50ms/99.8%, 100ms/99.9%
[44.775s][info][gc,marking  ] GC(253) Mark: 8 stripe(s), 6 proactive flush(es), 1 terminate flush(es), 0 completion(s), 0 continuation(s) 
[44.775s][info][gc,marking  ] GC(253) Mark Stack Usage: 32M
[44.775s][info][gc,nmethod  ] GC(253) NMethods: 5617 registered, 461 unregistered
[44.775s][info][gc,metaspace] GC(253) Metaspace: 59M used, 59M committed, 1088M reserved
[44.775s][info][gc,ref      ] GC(253) Soft: 3042 encountered, 0 discovered, 0 enqueued
[44.775s][info][gc,ref      ] GC(253) Weak: 5954 encountered, 380 discovered, 0 enqueued
[44.775s][info][gc,ref      ] GC(253) Final: 60 encountered, 0 discovered, 0 enqueued
[44.775s][info][gc,ref      ] GC(253) Phantom: 608 encountered, 403 discovered, 0 enqueued
[44.775s][info][gc,reloc    ] GC(253) Small Pages: 253 / 506M, Empty: 274M, Relocated: 3M, In-Place: 0
[44.775s][info][gc,reloc    ] GC(253) Medium Pages: 1 / 32M, Empty: 0M, Relocated: 0M, In-Place: 0
[44.775s][info][gc,reloc    ] GC(253) Large Pages: 2 / 12M, Empty: 0M, Relocated: 0M, In-Place: 0
[44.775s][info][gc,reloc    ] GC(253) Forwarding Usage: 1M
[44.775s][info][gc,heap     ] GC(253) Min Capacity: 8M(1%)
[44.775s][info][gc,heap     ] GC(253) Max Capacity: 1024M(100%)
[44.775s][info][gc,heap     ] GC(253) Soft Max Capacity: 1024M(100%)
[44.775s][info][gc,heap     ] GC(253)                Mark Start          Mark End        Relocate Start      Relocate End           High               Low         
[44.775s][info][gc,heap     ] GC(253)  Capacity:     1024M (100%)       1024M (100%)       1024M (100%)       1024M (100%)       1024M (100%)       1024M (100%)   
[44.775s][info][gc,heap     ] GC(253)      Free:      474M (46%)         306M (30%)         564M (55%)         570M (56%)         572M (56%)         300M (29%)    
[44.775s][info][gc,heap     ] GC(253)      Used:      550M (54%)         718M (70%)         460M (45%)         454M (44%)         724M (71%)         452M (44%)    
[44.775s][info][gc,heap     ] GC(253)      Live:         -               203M (20%)         203M (20%)         203M (20%)            -                  -          
[44.775s][info][gc,heap     ] GC(253) Allocated:         -               168M (16%)         184M (18%)         191M (19%)            -                  -          
[44.775s][info][gc,heap     ] GC(253)   Garbage:         -               346M (34%)          72M (7%)           58M (6%)             -                  -          
[44.775s][info][gc,heap     ] GC(253) Reclaimed:         -                  -               274M (27%)         287M (28%)            -                  -          
[44.775s][info][gc          ] GC(253) Garbage Collection (Allocation Rate) 550M(54%)->454M(44%)
[44.797s][info][gc,start    ] GC(254) Garbage Collection (Allocation Rate)
[44.797s][info][gc,task     ] GC(254) Using 8 workers
[44.797s][info][gc,phases   ] GC(254) Pause Mark Start 0.013ms
[44.859s][info][gc,phases   ] GC(254) Concurrent Mark 62.104ms
[44.859s][info][gc,phases   ] GC(254) Pause Mark End 0.029ms
[44.859s][info][gc,phases   ] GC(254) Concurrent Mark Free 0.001ms
[44.861s][info][gc,phases   ] GC(254) Concurrent Process Non-Strong References 1.891ms
[44.861s][info][gc,phases   ] GC(254) Concurrent Reset Relocation Set 0.001ms
[44.864s][info][gc,phases   ] GC(254) Concurrent Select Relocation Set 2.358ms
[44.864s][info][gc,phases   ] GC(254) Pause Relocate Start 0.010ms
[44.865s][info][gc,phases   ] GC(254) Concurrent Relocate 1.319ms
[44.865s][info][gc,load     ] GC(254) Load: 0.00/0.00/0.00
[44.865s][info][gc,mmu      ] GC(254) MMU: 2ms/96.6%, 5ms/98.6%, 10ms/99.3%, 20ms/99.7%, 50ms/99.8%, 100ms/99.9%
[44.865s][info][gc,marking  ] GC(254) Mark: 8 stripe(s), 2 proactive flush(es), 1 terminate flush(es), 0 completion(s), 0 continuation(s) 
[44.865s][info][gc,marking  ] GC(254) Mark Stack Usage: 32M
[44.865s][info][gc,nmethod  ] GC(254) NMethods: 5617 registered, 461 unregistered
[44.865s][info][gc,metaspace] GC(254) Metaspace: 59M used, 59M committed, 1088M reserved
[44.865s][info][gc,ref      ] GC(254) Soft: 3042 encountered, 0 discovered, 0 enqueued
[44.865s][info][gc,ref      ] GC(254) Weak: 5954 encountered, 1076 discovered, 0 enqueued
[44.865s][info][gc,ref      ] GC(254) Final: 60 encountered, 55 discovered, 0 enqueued
[44.865s][info][gc,ref      ] GC(254) Phantom: 608 encountered, 411 discovered, 0 enqueued
[44.865s][info][gc,reloc    ] GC(254) Small Pages: 237 / 474M, Empty: 244M, Relocated: 3M, In-Place: 0
[44.865s][info][gc,reloc    ] GC(254) Medium Pages: 1 / 32M, Empty: 0M, Relocated: 0M, In-Place: 0
[44.865s][info][gc,reloc    ] GC(254) Large Pages: 2 / 12M, Empty: 0M, Relocated: 0M, In-Place: 0
[44.865s][info][gc,reloc    ] GC(254) Forwarding Usage: 1M
[44.865s][info][gc,heap     ] GC(254) Min Capacity: 8M(1%)
[44.865s][info][gc,heap     ] GC(254) Max Capacity: 1024M(100%)
[44.865s][info][gc,heap     ] GC(254) Soft Max Capacity: 1024M(100%)
[44.865s][info][gc,heap     ] GC(254)                Mark Start          Mark End        Relocate Start      Relocate End           High               Low         
[44.865s][info][gc,heap     ] GC(254)  Capacity:     1024M (100%)       1024M (100%)       1024M (100%)       1024M (100%)       1024M (100%)       1024M (100%)   
[44.865s][info][gc,heap     ] GC(254)      Free:      506M (49%)         348M (34%)         584M (57%)         592M (58%)         592M (58%)         344M (34%)    
[44.865s][info][gc,heap     ] GC(254)      Used:      518M (51%)         676M (66%)         440M (43%)         432M (42%)         680M (66%)         432M (42%)    
[44.865s][info][gc,heap     ] GC(254)      Live:         -               203M (20%)         203M (20%)         203M (20%)            -                  -          
[44.865s][info][gc,heap     ] GC(254) Allocated:         -               158M (15%)         166M (16%)         169M (17%)            -                  -          
[44.865s][info][gc,heap     ] GC(254)   Garbage:         -               314M (31%)          70M (7%)           58M (6%)             -                  -          
[44.865s][info][gc,heap     ] GC(254) Reclaimed:         -                  -               244M (24%)         255M (25%)            -                  -          
[44.865s][info][gc          ] GC(254) Garbage Collection (Allocation Rate) 518M(51%)->432M(42%)
[44.906s][info][gc,start    ] GC(255) Garbage Collection (Allocation Rate)
[44.906s][info][gc,task     ] GC(255) Using 8 workers
[44.906s][info][gc,phases   ] GC(255) Pause Mark Start 0.013ms
[44.984s][info][gc,phases   ] GC(255) Concurrent Mark 77.808ms
[44.984s][info][gc,phases   ] GC(255) Pause Mark End 0.025ms
[44.984s][info][gc,phases   ] GC(255) Concurrent Mark Free 0.001ms
[44.987s][info][gc,phases   ] GC(255) Concurrent Process Non-Strong References 2.497ms
[44.987s][info][gc,phases   ] GC(255) Concurrent Reset Relocation Set 0.002ms
[44.991s][info][gc,phases   ] GC(255) Concurrent Select Relocation Set 3.671ms
[44.991s][info][gc,phases   ] GC(255) Pause Relocate Start 0.010ms
[44.993s][info][gc,phases   ] GC(255) Concurrent Relocate 2.304ms
[44.993s][info][gc,load     ] GC(255) Load: 0.00/0.00/0.00
[44.993s][info][gc,mmu      ] GC(255) MMU: 2ms/96.6%, 5ms/98.6%, 10ms/99.3%, 20ms/99.7%, 50ms/99.8%, 100ms/99.9%
[44.993s][info][gc,marking  ] GC(255) Mark: 8 stripe(s), 3 proactive flush(es), 1 terminate flush(es), 0 completion(s), 0 continuation(s) 
[44.993s][info][gc,marking  ] GC(255) Mark Stack Usage: 32M
[44.993s][info][gc,nmethod  ] GC(255) NMethods: 5617 registered, 461 unregistered
[44.993s][info][gc,metaspace] GC(255) Metaspace: 59M used, 59M committed, 1088M reserved
[44.993s][info][gc,ref      ] GC(255) Soft: 3042 encountered, 0 discovered, 0 enqueued
[44.993s][info][gc,ref      ] GC(255) Weak: 5954 encountered, 2281 discovered, 0 enqueued
[44.993s][info][gc,ref      ] GC(255) Final: 60 encountered, 55 discovered, 0 enqueued
[44.993s][info][gc,ref      ] GC(255) Phantom: 608 encountered, 429 discovered, 0 enqueued
[44.994s][info][gc,reloc    ] GC(255) Small Pages: 243 / 486M, Empty: 256M, Relocated: 3M, In-Place: 0
[44.994s][info][gc,reloc    ] GC(255) Medium Pages: 1 / 32M, Empty: 0M, Relocated: 0M, In-Place: 0
[44.994s][info][gc,reloc    ] GC(255) Large Pages: 2 / 12M, Empty: 0M, Relocated: 0M, In-Place: 0
[44.994s][info][gc,reloc    ] GC(255) Forwarding Usage: 1M
[44.994s][info][gc,heap     ] GC(255) Min Capacity: 8M(1%)
[44.994s][info][gc,heap     ] GC(255) Max Capacity: 1024M(100%)
[44.994s][info][gc,heap     ] GC(255) Soft Max Capacity: 1024M(100%)
[44.994s][info][gc,heap     ] GC(255)                Mark Start          Mark End        Relocate Start      Relocate End           High               Low         
[44.994s][info][gc,heap     ] GC(255)  Capacity:     1024M (100%)       1024M (100%)       1024M (100%)       1024M (100%)       1024M (100%)       1024M (100%)   
[44.994s][info][gc,heap     ] GC(255)      Free:      494M (48%)         274M (27%)         510M (50%)         516M (50%)         522M (51%)         266M (26%)    
[44.994s][info][gc,heap     ] GC(255)      Used:      530M (52%)         750M (73%)         514M (50%)         508M (50%)         758M (74%)         502M (49%)    
[44.994s][info][gc,heap     ] GC(255)      Live:         -               203M (20%)         203M (20%)         203M (20%)            -                  -          
[44.994s][info][gc,heap     ] GC(255) Allocated:         -               220M (21%)         240M (23%)         245M (24%)            -                  -          
[44.994s][info][gc,heap     ] GC(255)   Garbage:         -               326M (32%)          70M (7%)           58M (6%)             -                  -          
[44.994s][info][gc,heap     ] GC(255) Reclaimed:         -                  -               256M (25%)         267M (26%)            -                  -          
[44.994s][info][gc          ] GC(255) Garbage Collection (Allocation Rate) 530M(52%)->508M(50%)
[45.000s][info][gc,start    ] GC(256) Garbage Collection (Allocation Rate)
[45.000s][info][gc,task     ] GC(256) Using 8 workers
[45.000s][info][gc,phases   ] GC(256) Pause Mark Start 0.010ms
[45.062s][info][gc,phases   ] GC(256) Concurrent Mark 62.241ms
[45.062s][info][gc,phases   ] GC(256) Pause Mark End 0.027ms
[45.062s][info][gc,phases   ] GC(256) Concurrent Mark Free 0.001ms
[45.065s][info][gc,phases   ] GC(256) Concurrent Process Non-Strong References 2.042ms
[45.065s][info][gc,phases   ] GC(256) Concurrent Reset Relocation Set 0.002ms
[45.068s][info][gc,phases   ] GC(256) Concurrent Select Relocation Set 3.639ms
[45.068s][info][gc,phases   ] GC(256) Pause Relocate Start 0.010ms
[45.070s][info][gc,phases   ] GC(256) Concurrent Relocate 1.539ms
[45.070s][info][gc,load     ] GC(256) Load: 0.00/0.00/0.00
[45.070s][info][gc,mmu      ] GC(256) MMU: 2ms/96.6%, 5ms/98.6%, 10ms/99.3%, 20ms/99.7%, 50ms/99.8%, 100ms/99.9%
[45.070s][info][gc,marking  ] GC(256) Mark: 8 stripe(s), 2 proactive flush(es), 1 terminate flush(es), 0 completion(s), 0 continuation(s) 
[45.070s][info][gc,marking  ] GC(256) Mark Stack Usage: 32M
[45.070s][info][gc,nmethod  ] GC(256) NMethods: 5617 registered, 461 unregistered
[45.070s][info][gc,metaspace] GC(256) Metaspace: 59M used, 59M committed, 1088M reserved
[45.070s][info][gc,ref      ] GC(256) Soft: 3042 encountered, 0 discovered, 0 enqueued
[45.070s][info][gc,ref      ] GC(256) Weak: 5954 encountered, 812 discovered, 0 enqueued
[45.070s][info][gc,ref      ] GC(256) Final: 60 encountered, 0 discovered, 0 enqueued
[45.070s][info][gc,ref      ] GC(256) Phantom: 608 encountered, 581 discovered, 0 enqueued
[45.070s][info][gc,reloc    ] GC(256) Small Pages: 242 / 484M, Empty: 254M, Relocated: 3M, In-Place: 0
[45.070s][info][gc,reloc    ] GC(256) Medium Pages: 1 / 32M, Empty: 0M, Relocated: 0M, In-Place: 0
[45.070s][info][gc,reloc    ] GC(256) Large Pages: 2 / 12M, Empty: 0M, Relocated: 0M, In-Place: 0
[45.070s][info][gc,reloc    ] GC(256) Forwarding Usage: 1M
[45.071s][info][gc,heap     ] GC(256) Min Capacity: 8M(1%)
[45.071s][info][gc,heap     ] GC(256) Max Capacity: 1024M(100%)
[45.071s][info][gc,heap     ] GC(256) Soft Max Capacity: 1024M(100%)
[45.071s][info][gc,heap     ] GC(256)                Mark Start          Mark End        Relocate Start      Relocate End           High               Low         
[45.071s][info][gc,heap     ] GC(256)  Capacity:     1024M (100%)       1024M (100%)       1024M (100%)       1024M (100%)       1024M (100%)       1024M (100%)   
[45.071s][info][gc,heap     ] GC(256)      Free:      496M (48%)         318M (31%)         554M (54%)         562M (55%)         562M (55%)         312M (30%)    
[45.071s][info][gc,heap     ] GC(256)      Used:      528M (52%)         706M (69%)         470M (46%)         462M (45%)         712M (70%)         462M (45%)    
[45.071s][info][gc,heap     ] GC(256)      Live:         -               203M (20%)         203M (20%)         203M (20%)            -                  -          
[45.071s][info][gc,heap     ] GC(256) Allocated:         -               178M (17%)         196M (19%)         199M (20%)            -                  -          
[45.071s][info][gc,heap     ] GC(256)   Garbage:         -               324M (32%)          70M (7%)           58M (6%)             -                  -          
[45.071s][info][gc,heap     ] GC(256) Reclaimed:         -                  -               254M (25%)         265M (26%)            -                  -          
[45.071s][info][gc          ] GC(256) Garbage Collection (Allocation Rate) 528M(52%)->462M(45%)
[45.093s][info][gc,start    ] GC(257) Garbage Collection (Allocation Rate)
[45.094s][info][gc,task     ] GC(257) Using 8 workers
[45.094s][info][gc,phases   ] GC(257) Pause Mark Start 0.011ms
[45.153s][info][gc,phases   ] GC(257) Concurrent Mark 59.030ms
[45.153s][info][gc,phases   ] GC(257) Pause Mark End 0.018ms
[45.153s][info][gc,phases   ] GC(257) Concurrent Mark Free 0.001ms
[45.155s][info][gc,phases   ] GC(257) Concurrent Process Non-Strong References 1.913ms
[45.155s][info][gc,phases   ] GC(257) Concurrent Reset Relocation Set 0.003ms
[45.159s][info][gc,phases   ] GC(257) Concurrent Select Relocation Set 3.624ms
[45.159s][info][gc,phases   ] GC(257) Pause Relocate Start 0.008ms
[45.161s][info][gc,phases   ] GC(257) Concurrent Relocate 2.654ms
[45.162s][info][gc,load     ] GC(257) Load: 0.00/0.00/0.00
[45.162s][info][gc,mmu      ] GC(257) MMU: 2ms/96.6%, 5ms/98.6%, 10ms/99.3%, 20ms/99.7%, 50ms/99.8%, 100ms/99.9%
[45.162s][info][gc,marking  ] GC(257) Mark: 8 stripe(s), 2 proactive flush(es), 1 terminate flush(es), 0 completion(s), 0 continuation(s) 
[45.162s][info][gc,marking  ] GC(257) Mark Stack Usage: 32M
[45.162s][info][gc,nmethod  ] GC(257) NMethods: 5625 registered, 461 unregistered
[45.162s][info][gc,metaspace] GC(257) Metaspace: 59M used, 59M committed, 1088M reserved
[45.162s][info][gc,ref      ] GC(257) Soft: 3042 encountered, 0 discovered, 0 enqueued
[45.162s][info][gc,ref      ] GC(257) Weak: 5952 encountered, 2093 discovered, 0 enqueued
[45.162s][info][gc,ref      ] GC(257) Final: 60 encountered, 6 discovered, 0 enqueued
[45.162s][info][gc,ref      ] GC(257) Phantom: 608 encountered, 596 discovered, 0 enqueued
[45.162s][info][gc,reloc    ] GC(257) Small Pages: 239 / 478M, Empty: 248M, Relocated: 3M, In-Place: 0
[45.162s][info][gc,reloc    ] GC(257) Medium Pages: 1 / 32M, Empty: 0M, Relocated: 0M, In-Place: 0
[45.162s][info][gc,reloc    ] GC(257) Large Pages: 2 / 12M, Empty: 0M, Relocated: 0M, In-Place: 0
[45.162s][info][gc,reloc    ] GC(257) Forwarding Usage: 1M
[45.162s][info][gc,heap     ] GC(257) Min Capacity: 8M(1%)
[45.162s][info][gc,heap     ] GC(257) Max Capacity: 1024M(100%)
[45.162s][info][gc,heap     ] GC(257) Soft Max Capacity: 1024M(100%)
[45.162s][info][gc,heap     ] GC(257)                Mark Start          Mark End        Relocate Start      Relocate End           High               Low         
[45.162s][info][gc,heap     ] GC(257)  Capacity:     1024M (100%)       1024M (100%)       1024M (100%)       1024M (100%)       1024M (100%)       1024M (100%)   
[45.162s][info][gc,heap     ] GC(257)      Free:      502M (49%)         402M (39%)         648M (63%)         660M (64%)         660M (64%)         402M (39%)    
[45.162s][info][gc,heap     ] GC(257)      Used:      522M (51%)         622M (61%)         376M (37%)         364M (36%)         622M (61%)         364M (36%)    
[45.162s][info][gc,heap     ] GC(257)      Live:         -               203M (20%)         203M (20%)         203M (20%)            -                  -          
[45.162s][info][gc,heap     ] GC(257) Allocated:         -               100M (10%)         102M (10%)         101M (10%)            -                  -          
[45.162s][info][gc,heap     ] GC(257)   Garbage:         -               318M (31%)          70M (7%)           58M (6%)             -                  -          
[45.162s][info][gc,heap     ] GC(257) Reclaimed:         -                  -               248M (24%)         259M (25%)            -                  -          
[45.162s][info][gc          ] GC(257) Garbage Collection (Allocation Rate) 522M(51%)->364M(36%)
[45.172s][info][gc,start    ] GC(258) Garbage Collection (System.gc())
[45.172s][info][gc,task     ] GC(258) Using 10 workers
[45.172s][info][gc,phases   ] GC(258) Pause Mark Start 0.012ms
[45.231s][info][gc,phases   ] GC(258) Concurrent Mark 58.503ms
[45.231s][info][gc,phases   ] GC(258) Pause Mark End 0.047ms
[45.231s][info][gc,phases   ] GC(258) Concurrent Mark Free 0.001ms
[45.233s][info][gc,phases   ] GC(258) Concurrent Process Non-Strong References 1.977ms
[45.233s][info][gc,phases   ] GC(258) Concurrent Reset Relocation Set 0.002ms
[45.238s][info][gc,phases   ] GC(258) Concurrent Select Relocation Set 4.535ms
[45.238s][info][gc,phases   ] GC(258) Pause Relocate Start 0.011ms
[45.242s][info][gc,phases   ] GC(258) Concurrent Relocate 3.785ms
[45.242s][info][gc,load     ] GC(258) Load: 0.00/0.00/0.00
[45.242s][info][gc,mmu      ] GC(258) MMU: 2ms/96.6%, 5ms/98.6%, 10ms/99.3%, 20ms/99.7%, 50ms/99.8%, 100ms/99.9%
[45.242s][info][gc,marking  ] GC(258) Mark: 8 stripe(s), 1 proactive flush(es), 1 terminate flush(es), 0 completion(s), 0 continuation(s) 
[45.242s][info][gc,marking  ] GC(258) Mark Stack Usage: 32M
[45.242s][info][gc,nmethod  ] GC(258) NMethods: 5624 registered, 467 unregistered
[45.242s][info][gc,metaspace] GC(258) Metaspace: 59M used, 59M committed, 1088M reserved
[45.242s][info][gc,ref      ] GC(258) Soft: 3040 encountered, 0 discovered, 0 enqueued
[45.242s][info][gc,ref      ] GC(258) Weak: 6023 encountered, 445 discovered, 119 enqueued
[45.242s][info][gc,ref      ] GC(258) Final: 60 encountered, 0 discovered, 0 enqueued
[45.242s][info][gc,ref      ] GC(258) Phantom: 608 encountered, 496 discovered, 0 enqueued
[45.242s][info][gc,reloc    ] GC(258) Small Pages: 158 / 316M, Empty: 80M, Relocated: 6M, In-Place: 0
[45.242s][info][gc,reloc    ] GC(258) Medium Pages: 1 / 32M, Empty: 0M, Relocated: 0M, In-Place: 0
[45.242s][info][gc,reloc    ] GC(258) Large Pages: 3 / 18M, Empty: 6M, Relocated: 0M, In-Place: 0
[45.242s][info][gc,reloc    ] GC(258) Forwarding Usage: 4M
[45.242s][info][gc,heap     ] GC(258) Min Capacity: 8M(1%)
[45.242s][info][gc,heap     ] GC(258) Max Capacity: 1024M(100%)
[45.242s][info][gc,heap     ] GC(258) Soft Max Capacity: 1024M(100%)
[45.242s][info][gc,heap     ] GC(258)                Mark Start          Mark End        Relocate Start      Relocate End           High               Low         
[45.242s][info][gc,heap     ] GC(258)  Capacity:     1024M (100%)       1024M (100%)       1024M (100%)       1024M (100%)       1024M (100%)       1024M (100%)   
[45.242s][info][gc,heap     ] GC(258)      Free:      658M (64%)         656M (64%)         738M (72%)         758M (74%)         758M (74%)         652M (64%)    
[45.242s][info][gc,heap     ] GC(258)      Used:      366M (36%)         368M (36%)         286M (28%)         266M (26%)         372M (36%)         266M (26%)    
[45.242s][info][gc,heap     ] GC(258)      Live:         -               203M (20%)         203M (20%)         203M (20%)            -                  -          
[45.242s][info][gc,heap     ] GC(258) Allocated:         -                 2M (0%)            6M (1%)            6M (1%)             -                  -          
[45.242s][info][gc,heap     ] GC(258)   Garbage:         -               162M (16%)          76M (7%)           56M (6%)             -                  -          
[45.242s][info][gc,heap     ] GC(258) Reclaimed:         -                  -                86M (8%)          106M (10%)            -                  -          
[45.242s][info][gc          ] GC(258) Garbage Collection (System.gc()) 366M(36%)->266M(26%)
[45.403s][info][gc,start    ] GC(259) Garbage Collection (Allocation Rate)
[45.403s][info][gc,task     ] GC(259) Using 9 workers
[45.403s][info][gc,phases   ] GC(259) Pause Mark Start 0.017ms
[45.465s][info][gc,phases   ] GC(259) Concurrent Mark 62.060ms
[45.465s][info][gc,phases   ] GC(259) Pause Mark End 0.026ms
[45.465s][info][gc,phases   ] GC(259) Concurrent Mark Free 0.001ms
[45.467s][info][gc,phases   ] GC(259) Concurrent Process Non-Strong References 1.900ms
[45.467s][info][gc,phases   ] GC(259) Concurrent Reset Relocation Set 0.003ms
[45.472s][info][gc,phases   ] GC(259) Concurrent Select Relocation Set 4.323ms
[45.472s][info][gc,phases   ] GC(259) Pause Relocate Start 0.008ms
[45.474s][info][gc,phases   ] GC(259) Concurrent Relocate 1.694ms
[45.474s][info][gc,load     ] GC(259) Load: 0.00/0.00/0.00
[45.474s][info][gc,mmu      ] GC(259) MMU: 2ms/96.6%, 5ms/98.6%, 10ms/99.3%, 20ms/99.7%, 50ms/99.8%, 100ms/99.9%
[45.474s][info][gc,marking  ] GC(259) Mark: 8 stripe(s), 2 proactive flush(es), 1 terminate flush(es), 0 completion(s), 0 continuation(s) 
[45.474s][info][gc,marking  ] GC(259) Mark Stack Usage: 32M
[45.474s][info][gc,nmethod  ] GC(259) NMethods: 5642 registered, 470 unregistered
[45.474s][info][gc,metaspace] GC(259) Metaspace: 59M used, 59M committed, 1088M reserved
[45.474s][info][gc,ref      ] GC(259) Soft: 3042 encountered, 0 discovered, 0 enqueued
[45.474s][info][gc,ref      ] GC(259) Weak: 6037 encountered, 388 discovered, 74 enqueued
[45.474s][info][gc,ref      ] GC(259) Final: 60 encountered, 0 discovered, 0 enqueued
[45.474s][info][gc,ref      ] GC(259) Phantom: 608 encountered, 508 discovered, 0 enqueued
[45.474s][info][gc,reloc    ] GC(259) Small Pages: 286 / 572M, Empty: 322M, Relocated: 3M, In-Place: 0
[45.474s][info][gc,reloc    ] GC(259) Medium Pages: 2 / 64M, Empty: 32M, Relocated: 0M, In-Place: 0
[45.474s][info][gc,reloc    ] GC(259) Large Pages: 4 / 24M, Empty: 12M, Relocated: 0M, In-Place: 0
[45.474s][info][gc,reloc    ] GC(259) Forwarding Usage: 1M
[45.474s][info][gc,heap     ] GC(259) Min Capacity: 8M(1%)
[45.474s][info][gc,heap     ] GC(259) Max Capacity: 1024M(100%)
[45.474s][info][gc,heap     ] GC(259) Soft Max Capacity: 1024M(100%)
[45.474s][info][gc,heap     ] GC(259)                Mark Start          Mark End        Relocate Start      Relocate End           High               Low         
[45.474s][info][gc,heap     ] GC(259)  Capacity:     1024M (100%)       1024M (100%)       1024M (100%)       1024M (100%)       1024M (100%)       1024M (100%)   
[45.474s][info][gc,heap     ] GC(259)      Free:      364M (36%)         154M (15%)         496M (48%)         524M (51%)         524M (51%)         148M (14%)    
[45.474s][info][gc,heap     ] GC(259)      Used:      660M (64%)         870M (85%)         528M (52%)         500M (49%)         876M (86%)         500M (49%)    
[45.474s][info][gc,heap     ] GC(259)      Live:         -               203M (20%)         203M (20%)         203M (20%)            -                  -          
[45.474s][info][gc,heap     ] GC(259) Allocated:         -               210M (21%)         234M (23%)         235M (23%)            -                  -          
[45.474s][info][gc,heap     ] GC(259)   Garbage:         -               456M (45%)          90M (9%)           60M (6%)             -                  -          
[45.474s][info][gc,heap     ] GC(259) Reclaimed:         -                  -               366M (36%)         395M (39%)            -                  -          
[45.474s][info][gc          ] GC(259) Garbage Collection (Allocation Rate) 660M(64%)->500M(49%)
[45.496s][info][gc,start    ] GC(260) Garbage Collection (Allocation Rate)
[45.496s][info][gc,task     ] GC(260) Using 9 workers
[45.497s][info][gc,phases   ] GC(260) Pause Mark Start 0.011ms
[45.559s][info][gc,phases   ] GC(260) Concurrent Mark 62.071ms
[45.559s][info][gc,phases   ] GC(260) Pause Mark End 0.020ms
[45.559s][info][gc,phases   ] GC(260) Concurrent Mark Free 0.001ms
[45.561s][info][gc,phases   ] GC(260) Concurrent Process Non-Strong References 2.012ms
[45.561s][info][gc,phases   ] GC(260) Concurrent Reset Relocation Set 0.003ms
[45.565s][info][gc,phases   ] GC(260) Concurrent Select Relocation Set 3.621ms
[45.565s][info][gc,phases   ] GC(260) Pause Relocate Start 0.009ms
[45.567s][info][gc,phases   ] GC(260) Concurrent Relocate 1.595ms
[45.567s][info][gc,load     ] GC(260) Load: 0.00/0.00/0.00
[45.567s][info][gc,mmu      ] GC(260) MMU: 2ms/96.6%, 5ms/98.6%, 10ms/99.3%, 20ms/99.7%, 50ms/99.8%, 100ms/99.9%
[45.567s][info][gc,marking  ] GC(260) Mark: 8 stripe(s), 2 proactive flush(es), 1 terminate flush(es), 0 completion(s), 0 continuation(s) 
[45.567s][info][gc,marking  ] GC(260) Mark Stack Usage: 32M
[45.567s][info][gc,nmethod  ] GC(260) NMethods: 5642 registered, 470 unregistered
[45.567s][info][gc,metaspace] GC(260) Metaspace: 59M used, 59M committed, 1088M reserved
[45.567s][info][gc,ref      ] GC(260) Soft: 3042 encountered, 0 discovered, 0 enqueued
[45.567s][info][gc,ref      ] GC(260) Weak: 5962 encountered, 1442 discovered, 14 enqueued
[45.567s][info][gc,ref      ] GC(260) Final: 60 encountered, 3 discovered, 0 enqueued
[45.567s][info][gc,ref      ] GC(260) Phantom: 608 encountered, 443 discovered, 0 enqueued
[45.567s][info][gc,reloc    ] GC(260) Small Pages: 248 / 496M, Empty: 254M, Relocated: 3M, In-Place: 0
[45.567s][info][gc,reloc    ] GC(260) Medium Pages: 1 / 32M, Empty: 0M, Relocated: 0M, In-Place: 0
[45.567s][info][gc,reloc    ] GC(260) Large Pages: 2 / 12M, Empty: 0M, Relocated: 0M, In-Place: 0
[45.567s][info][gc,reloc    ] GC(260) Forwarding Usage: 1M
[45.567s][info][gc,heap     ] GC(260) Min Capacity: 8M(1%)
[45.567s][info][gc,heap     ] GC(260) Max Capacity: 1024M(100%)
[45.567s][info][gc,heap     ] GC(260) Soft Max Capacity: 1024M(100%)
[45.567s][info][gc,heap     ] GC(260)                Mark Start          Mark End        Relocate Start      Relocate End           High               Low         
[45.567s][info][gc,heap     ] GC(260)  Capacity:     1024M (100%)       1024M (100%)       1024M (100%)       1024M (100%)       1024M (100%)       1024M (100%)   
[45.567s][info][gc,heap     ] GC(260)      Free:      484M (47%)         368M (36%)         612M (60%)         628M (61%)         628M (61%)         364M (36%)    
[45.567s][info][gc,heap     ] GC(260)      Used:      540M (53%)         656M (64%)         412M (40%)         396M (39%)         660M (64%)         396M (39%)    
[45.567s][info][gc,heap     ] GC(260)      Live:         -               203M (20%)         203M (20%)         203M (20%)            -                  -          
[45.567s][info][gc,heap     ] GC(260) Allocated:         -               116M (11%)         126M (12%)         131M (13%)            -                  -          
[45.567s][info][gc,heap     ] GC(260)   Garbage:         -               336M (33%)          82M (8%)           60M (6%)             -                  -          
[45.567s][info][gc,heap     ] GC(260) Reclaimed:         -                  -               254M (25%)         275M (27%)            -                  -          
[45.567s][info][gc          ] GC(260) Garbage Collection (Allocation Rate) 540M(53%)->396M(39%)
[45.606s][info][gc,start    ] GC(261) Garbage Collection (Allocation Rate)
[45.606s][info][gc,task     ] GC(261) Using 9 workers
[45.606s][info][gc,phases   ] GC(261) Pause Mark Start 0.011ms
[45.668s][info][gc,phases   ] GC(261) Concurrent Mark 62.216ms
[45.668s][info][gc,phases   ] GC(261) Pause Mark End 0.021ms
[45.668s][info][gc,phases   ] GC(261) Concurrent Mark Free 0.001ms
[45.670s][info][gc,phases   ] GC(261) Concurrent Process Non-Strong References 1.903ms
[45.670s][info][gc,phases   ] GC(261) Concurrent Reset Relocation Set 0.003ms
[45.802s][info][gc          ] Allocation Stall (Executor task launch worker for task 0.0 in stage 82.0 (TID 136)) 22.574ms
[45.802s][info][gc          ] Allocation Stall (Executor task launch worker for task 1.0 in stage 82.0 (TID 137)) 22.591ms
[45.806s][info][gc,phases   ] GC(261) Concurrent Select Relocation Set 3.769ms
[45.806s][info][gc,phases   ] GC(261) Pause Relocate Start 0.012ms
[45.808s][info][gc,phases   ] GC(261) Concurrent Relocate 2.650ms
[45.809s][info][gc,load     ] GC(261) Load: 0.00/0.00/0.00
[45.809s][info][gc,mmu      ] GC(261) MMU: 2ms/96.6%, 5ms/98.6%, 10ms/99.3%, 20ms/99.7%, 50ms/99.8%, 100ms/99.9%
[45.809s][info][gc,marking  ] GC(261) Mark: 8 stripe(s), 2 proactive flush(es), 1 terminate flush(es), 0 completion(s), 0 continuation(s) 
[45.809s][info][gc,marking  ] GC(261) Mark Stack Usage: 32M
[45.809s][info][gc,nmethod  ] GC(261) NMethods: 5642 registered, 470 unregistered
[45.809s][info][gc,metaspace] GC(261) Metaspace: 59M used, 59M committed, 1088M reserved
[45.809s][info][gc,ref      ] GC(261) Soft: 3042 encountered, 0 discovered, 0 enqueued
[45.809s][info][gc,ref      ] GC(261) Weak: 5948 encountered, 1725 discovered, 0 enqueued
[45.809s][info][gc,ref      ] GC(261) Final: 60 encountered, 1 discovered, 0 enqueued
[45.809s][info][gc,ref      ] GC(261) Phantom: 608 encountered, 353 discovered, 0 enqueued
[45.809s][info][gc,reloc    ] GC(261) Small Pages: 238 / 476M, Empty: 242M, Relocated: 3M, In-Place: 0
[45.809s][info][gc,reloc    ] GC(261) Medium Pages: 1 / 32M, Empty: 0M, Relocated: 0M, In-Place: 0
[45.809s][info][gc,reloc    ] GC(261) Large Pages: 2 / 12M, Empty: 0M, Relocated: 0M, In-Place: 0
[45.809s][info][gc,reloc    ] GC(261) Forwarding Usage: 1M
[45.809s][info][gc,heap     ] GC(261) Min Capacity: 8M(1%)
[45.809s][info][gc,heap     ] GC(261) Max Capacity: 1024M(100%)
[45.809s][info][gc,heap     ] GC(261) Soft Max Capacity: 1024M(100%)
[45.809s][info][gc,heap     ] GC(261)                Mark Start          Mark End        Relocate Start      Relocate End           High               Low         
[45.809s][info][gc,heap     ] GC(261)  Capacity:     1024M (100%)       1024M (100%)       1024M (100%)       1024M (100%)       1024M (100%)       1024M (100%)   
[45.809s][info][gc,heap     ] GC(261)      Free:      504M (49%)         328M (32%)         234M (23%)         244M (24%)         504M (49%)           0M (0%)     
[45.809s][info][gc,heap     ] GC(261)      Used:      520M (51%)         696M (68%)         790M (77%)         780M (76%)        1024M (100%)        520M (51%)    
[45.809s][info][gc,heap     ] GC(261)      Live:         -               203M (20%)         203M (20%)         203M (20%)            -                  -          
[45.809s][info][gc,heap     ] GC(261) Allocated:         -               176M (17%)         512M (50%)         515M (50%)            -                  -          
[45.809s][info][gc,heap     ] GC(261)   Garbage:         -               316M (31%)          74M (7%)           60M (6%)             -                  -          
[45.809s][info][gc,heap     ] GC(261) Reclaimed:         -                  -               242M (24%)         255M (25%)            -                  -          
[45.809s][info][gc          ] GC(261) Garbage Collection (Allocation Rate) 520M(51%)->780M(76%)
[45.898s][info][gc,start    ] GC(262) Garbage Collection (Allocation Stall)
[45.898s][info][gc,ref      ] GC(262) Clearing All SoftReferences
[45.898s][info][gc,task     ] GC(262) Using 10 workers
[45.898s][info][gc,ref      ] GC(262) Clearing All SoftReferences
[45.898s][info][gc,phases   ] GC(262) Pause Mark Start 0.057ms
[45.960s][info][gc,phases   ] GC(262) Concurrent Mark 62.090ms
[45.961s][info][gc,phases   ] GC(262) Pause Mark End 0.032ms
[45.961s][info][gc,phases   ] GC(262) Concurrent Mark Free 0.001ms
[45.973s][info][gc,phases   ] GC(262) Concurrent Process Non-Strong References 12.384ms
[45.973s][info][gc,phases   ] GC(262) Concurrent Reset Relocation Set 0.002ms
[45.973s][info][gc          ] Allocation Stall (driver-heartbeater) 43.867ms
[45.973s][info][gc          ] Allocation Stall (Executor task launch worker for task 0.0 in stage 82.0 (TID 136)) 58.738ms
[45.973s][info][gc          ] Allocation Stall (Executor task launch worker for task 1.0 in stage 82.0 (TID 137)) 58.885ms
[45.977s][info][gc,phases   ] GC(262) Concurrent Select Relocation Set 4.089ms
[45.977s][info][gc,phases   ] GC(262) Pause Relocate Start 0.011ms
[45.980s][info][gc,phases   ] GC(262) Concurrent Relocate 2.941ms
[45.980s][info][gc,load     ] GC(262) Load: 0.00/0.00/0.00
[45.980s][info][gc,mmu      ] GC(262) MMU: 2ms/96.6%, 5ms/98.6%, 10ms/99.3%, 20ms/99.7%, 50ms/99.8%, 100ms/99.9%
[45.980s][info][gc,marking  ] GC(262) Mark: 8 stripe(s), 2 proactive flush(es), 1 terminate flush(es), 0 completion(s), 0 continuation(s) 
[45.980s][info][gc,marking  ] GC(262) Mark Stack Usage: 32M
[45.981s][info][gc,nmethod  ] GC(262) NMethods: 5638 registered, 480 unregistered
[45.981s][info][gc,metaspace] GC(262) Metaspace: 58M used, 59M committed, 1088M reserved
[45.981s][info][gc,ref      ] GC(262) Soft: 2942 encountered, 1478 discovered, 306 enqueued
[45.981s][info][gc,ref      ] GC(262) Weak: 5857 encountered, 439 discovered, 39 enqueued
[45.981s][info][gc,ref      ] GC(262) Final: 60 encountered, 0 discovered, 0 enqueued
[45.981s][info][gc,ref      ] GC(262) Phantom: 608 encountered, 458 discovered, 0 enqueued
[45.981s][info][gc,reloc    ] GC(262) Small Pages: 471 / 942M, Empty: 710M, Relocated: 3M, In-Place: 0
[45.981s][info][gc,reloc    ] GC(262) Medium Pages: 1 / 32M, Empty: 0M, Relocated: 0M, In-Place: 0
[45.981s][info][gc,reloc    ] GC(262) Large Pages: 2 / 12M, Empty: 0M, Relocated: 0M, In-Place: 0
[45.981s][info][gc,reloc    ] GC(262) Forwarding Usage: 1M
[45.981s][info][gc,heap     ] GC(262) Min Capacity: 8M(1%)
[45.981s][info][gc,heap     ] GC(262) Max Capacity: 1024M(100%)
[45.981s][info][gc,heap     ] GC(262) Soft Max Capacity: 1024M(100%)
[45.981s][info][gc,heap     ] GC(262)                Mark Start          Mark End        Relocate Start      Relocate End           High               Low         
[45.981s][info][gc,heap     ] GC(262)  Capacity:     1024M (100%)       1024M (100%)       1024M (100%)       1024M (100%)       1024M (100%)       1024M (100%)   
[45.981s][info][gc,heap     ] GC(262)      Free:       38M (4%)            0M (0%)          704M (69%)         712M (70%)         714M (70%)           0M (0%)     
[45.981s][info][gc,heap     ] GC(262)      Used:      986M (96%)        1024M (100%)        320M (31%)         312M (30%)        1024M (100%)        310M (30%)    
[45.981s][info][gc,heap     ] GC(262)      Live:         -               202M (20%)         202M (20%)         202M (20%)            -                  -          
[45.981s][info][gc,heap     ] GC(262) Allocated:         -                38M (4%)           44M (4%)           47M (5%)             -                  -          
[45.981s][info][gc,heap     ] GC(262)   Garbage:         -               783M (77%)          73M (7%)           61M (6%)             -                  -          
[45.981s][info][gc,heap     ] GC(262) Reclaimed:         -                  -               710M (69%)         721M (71%)            -                  -          
[45.981s][info][gc          ] GC(262) Garbage Collection (Allocation Stall) 986M(96%)->312M(30%)
[46.007s][info][gc,start    ] GC(263) Garbage Collection (Allocation Stall)
[46.007s][info][gc,ref      ] GC(263) Clearing All SoftReferences
[46.007s][info][gc,task     ] GC(263) Using 10 workers
[46.008s][info][gc,ref      ] GC(263) Clearing All SoftReferences
[46.008s][info][gc,phases   ] GC(263) Pause Mark Start 0.053ms
[46.070s][info][gc,phases   ] GC(263) Concurrent Mark 62.042ms
[46.070s][info][gc,phases   ] GC(263) Pause Mark End 0.032ms
[46.070s][info][gc,phases   ] GC(263) Concurrent Mark Free 0.001ms
[46.072s][info][gc,phases   ] GC(263) Concurrent Process Non-Strong References 1.788ms
[46.072s][info][gc,phases   ] GC(263) Concurrent Reset Relocation Set 0.002ms
[46.076s][info][gc,phases   ] GC(263) Concurrent Select Relocation Set 4.209ms
[46.076s][info][gc,phases   ] GC(263) Pause Relocate Start 0.006ms
[46.079s][info][gc,phases   ] GC(263) Concurrent Relocate 2.469ms
[46.079s][info][gc,load     ] GC(263) Load: 0.00/0.00/0.00
[46.079s][info][gc,mmu      ] GC(263) MMU: 2ms/96.6%, 5ms/98.6%, 10ms/99.3%, 20ms/99.7%, 50ms/99.8%, 100ms/99.9%
[46.079s][info][gc,marking  ] GC(263) Mark: 8 stripe(s), 3 proactive flush(es), 1 terminate flush(es), 0 completion(s), 0 continuation(s) 
[46.079s][info][gc,marking  ] GC(263) Mark Stack Usage: 32M
[46.079s][info][gc,nmethod  ] GC(263) NMethods: 5638 registered, 480 unregistered
[46.079s][info][gc,metaspace] GC(263) Metaspace: 58M used, 59M committed, 1088M reserved
[46.079s][info][gc,ref      ] GC(263) Soft: 2638 encountered, 434 discovered, 2 enqueued
[46.079s][info][gc,ref      ] GC(263) Weak: 5819 encountered, 1758 discovered, 1 enqueued
[46.079s][info][gc,ref      ] GC(263) Final: 60 encountered, 2 discovered, 0 enqueued
[46.079s][info][gc,ref      ] GC(263) Phantom: 608 encountered, 417 discovered, 0 enqueued
[46.079s][info][gc,reloc    ] GC(263) Small Pages: 159 / 318M, Empty: 88M, Relocated: 3M, In-Place: 0
[46.079s][info][gc,reloc    ] GC(263) Medium Pages: 1 / 32M, Empty: 0M, Relocated: 0M, In-Place: 0
[46.079s][info][gc,reloc    ] GC(263) Large Pages: 2 / 12M, Empty: 0M, Relocated: 0M, In-Place: 0
[46.079s][info][gc,reloc    ] GC(263) Forwarding Usage: 1M
[46.079s][info][gc,heap     ] GC(263) Min Capacity: 8M(1%)
[46.079s][info][gc,heap     ] GC(263) Max Capacity: 1024M(100%)
[46.079s][info][gc,heap     ] GC(263) Soft Max Capacity: 1024M(100%)
[46.079s][info][gc,heap     ] GC(263)                Mark Start          Mark End        Relocate Start      Relocate End           High               Low         
[46.079s][info][gc,heap     ] GC(263)  Capacity:     1024M (100%)       1024M (100%)       1024M (100%)       1024M (100%)       1024M (100%)       1024M (100%)   
[46.079s][info][gc,heap     ] GC(263)      Free:      662M (65%)         468M (46%)         536M (52%)         540M (53%)         662M (65%)         454M (44%)    
[46.079s][info][gc,heap     ] GC(263)      Used:      362M (35%)         556M (54%)         488M (48%)         484M (47%)         570M (56%)         362M (35%)    
[46.079s][info][gc,heap     ] GC(263)      Live:         -               202M (20%)         202M (20%)         202M (20%)            -                  -          
[46.079s][info][gc,heap     ] GC(263) Allocated:         -               194M (19%)         214M (21%)         219M (21%)            -                  -          
[46.079s][info][gc,heap     ] GC(263)   Garbage:         -               159M (16%)          71M (7%)           61M (6%)             -                  -          
[46.079s][info][gc,heap     ] GC(263) Reclaimed:         -                  -                88M (9%)           97M (10%)            -                  -          
[46.079s][info][gc          ] GC(263) Garbage Collection (Allocation Stall) 362M(35%)->484M(47%)
[46.101s][info][gc,start    ] GC(264) Garbage Collection (Allocation Rate)
[46.101s][info][gc,task     ] GC(264) Using 10 workers
[46.101s][info][gc,phases   ] GC(264) Pause Mark Start 0.014ms
[46.164s][info][gc,phases   ] GC(264) Concurrent Mark 62.205ms
[46.164s][info][gc,phases   ] GC(264) Pause Mark End 0.023ms
[46.164s][info][gc,phases   ] GC(264) Concurrent Mark Free 0.001ms
[46.166s][info][gc,phases   ] GC(264) Concurrent Process Non-Strong References 1.859ms
[46.166s][info][gc,phases   ] GC(264) Concurrent Reset Relocation Set 0.003ms
[46.169s][info][gc,phases   ] GC(264) Concurrent Select Relocation Set 3.701ms
[46.170s][info][gc,phases   ] GC(264) Pause Relocate Start 0.007ms
[46.172s][info][gc,phases   ] GC(264) Concurrent Relocate 2.473ms
[46.172s][info][gc,load     ] GC(264) Load: 0.00/0.00/0.00
[46.172s][info][gc,mmu      ] GC(264) MMU: 2ms/96.6%, 5ms/98.6%, 10ms/99.3%, 20ms/99.7%, 50ms/99.8%, 100ms/99.9%
[46.172s][info][gc,marking  ] GC(264) Mark: 8 stripe(s), 2 proactive flush(es), 1 terminate flush(es), 0 completion(s), 0 continuation(s) 
[46.172s][info][gc,marking  ] GC(264) Mark Stack Usage: 32M
[46.172s][info][gc,nmethod  ] GC(264) NMethods: 5638 registered, 480 unregistered
[46.172s][info][gc,metaspace] GC(264) Metaspace: 58M used, 59M committed, 1088M reserved
[46.172s][info][gc,ref      ] GC(264) Soft: 2636 encountered, 0 discovered, 0 enqueued
[46.173s][info][gc,ref      ] GC(264) Weak: 5818 encountered, 340 discovered, 0 enqueued
[46.173s][info][gc,ref      ] GC(264) Final: 60 encountered, 0 discovered, 0 enqueued
[46.173s][info][gc,ref      ] GC(264) Phantom: 608 encountered, 441 discovered, 0 enqueued
[46.173s][info][gc,reloc    ] GC(264) Small Pages: 249 / 498M, Empty: 266M, Relocated: 3M, In-Place: 0
[46.173s][info][gc,reloc    ] GC(264) Medium Pages: 1 / 32M, Empty: 0M, Relocated: 0M, In-Place: 0
[46.173s][info][gc,reloc    ] GC(264) Large Pages: 2 / 12M, Empty: 0M, Relocated: 0M, In-Place: 0
[46.173s][info][gc,reloc    ] GC(264) Forwarding Usage: 1M
[46.173s][info][gc,heap     ] GC(264) Min Capacity: 8M(1%)
[46.173s][info][gc,heap     ] GC(264) Max Capacity: 1024M(100%)
[46.173s][info][gc,heap     ] GC(264) Soft Max Capacity: 1024M(100%)
[46.173s][info][gc,heap     ] GC(264)                Mark Start          Mark End        Relocate Start      Relocate End           High               Low         
[46.173s][info][gc,heap     ] GC(264)  Capacity:     1024M (100%)       1024M (100%)       1024M (100%)       1024M (100%)       1024M (100%)       1024M (100%)   
[46.173s][info][gc,heap     ] GC(264)      Free:      482M (47%)         320M (31%)         570M (56%)         576M (56%)         576M (56%)         314M (31%)    
[46.173s][info][gc,heap     ] GC(264)      Used:      542M (53%)         704M (69%)         454M (44%)         448M (44%)         710M (69%)         448M (44%)    
[46.173s][info][gc,heap     ] GC(264)      Live:         -               202M (20%)         202M (20%)         202M (20%)            -                  -          
[46.173s][info][gc,heap     ] GC(264) Allocated:         -               162M (16%)         178M (17%)         183M (18%)            -                  -          
[46.173s][info][gc,heap     ] GC(264)   Garbage:         -               339M (33%)          73M (7%)           61M (6%)             -                  -          
[46.173s][info][gc,heap     ] GC(264) Reclaimed:         -                  -               266M (26%)         277M (27%)            -                  -          
[46.173s][info][gc          ] GC(264) Garbage Collection (Allocation Rate) 542M(53%)->448M(44%)
[46.195s][info][gc,start    ] GC(265) Garbage Collection (Allocation Rate)
[46.195s][info][gc,task     ] GC(265) Using 10 workers
[46.195s][info][gc,phases   ] GC(265) Pause Mark Start 0.013ms
[46.250s][info][gc,phases   ] GC(265) Concurrent Mark 55.244ms
[46.251s][info][gc,phases   ] GC(265) Pause Mark End 0.031ms
[46.251s][info][gc,phases   ] GC(265) Concurrent Mark Free 0.001ms
[46.253s][info][gc,phases   ] GC(265) Concurrent Process Non-Strong References 2.021ms
[46.253s][info][gc,phases   ] GC(265) Concurrent Reset Relocation Set 0.002ms
[46.259s][info][gc,phases   ] GC(265) Concurrent Select Relocation Set 6.432ms
[46.259s][info][gc,phases   ] GC(265) Pause Relocate Start 0.007ms
[46.262s][info][gc,phases   ] GC(265) Concurrent Relocate 2.539ms
[46.262s][info][gc,load     ] GC(265) Load: 0.00/0.00/0.00
[46.262s][info][gc,mmu      ] GC(265) MMU: 2ms/96.6%, 5ms/98.6%, 10ms/99.3%, 20ms/99.7%, 50ms/99.8%, 100ms/99.9%
[46.262s][info][gc,marking  ] GC(265) Mark: 8 stripe(s), 2 proactive flush(es), 1 terminate flush(es), 0 completion(s), 0 continuation(s) 
[46.262s][info][gc,marking  ] GC(265) Mark Stack Usage: 32M
[46.262s][info][gc,nmethod  ] GC(265) NMethods: 5567 registered, 585 unregistered
[46.262s][info][gc,metaspace] GC(265) Metaspace: 59M used, 59M committed, 1088M reserved
[46.262s][info][gc,ref      ] GC(265) Soft: 2736 encountered, 0 discovered, 0 enqueued
[46.262s][info][gc,ref      ] GC(265) Weak: 5610 encountered, 1000 discovered, 25 enqueued
[46.262s][info][gc,ref      ] GC(265) Final: 60 encountered, 1 discovered, 0 enqueued
[46.262s][info][gc,ref      ] GC(265) Phantom: 608 encountered, 494 discovered, 0 enqueued
[46.262s][info][gc,reloc    ] GC(265) Small Pages: 226 / 452M, Empty: 206M, Relocated: 4M, In-Place: 0
[46.262s][info][gc,reloc    ] GC(265) Medium Pages: 1 / 32M, Empty: 0M, Relocated: 0M, In-Place: 0
[46.262s][info][gc,reloc    ] GC(265) Large Pages: 2 / 12M, Empty: 0M, Relocated: 0M, In-Place: 0
[46.262s][info][gc,reloc    ] GC(265) Forwarding Usage: 2M
[46.262s][info][gc,heap     ] GC(265) Min Capacity: 8M(1%)
[46.262s][info][gc,heap     ] GC(265) Max Capacity: 1024M(100%)
[46.262s][info][gc,heap     ] GC(265) Soft Max Capacity: 1024M(100%)
[46.262s][info][gc,heap     ] GC(265)                Mark Start          Mark End        Relocate Start      Relocate End           High               Low         
[46.262s][info][gc,heap     ] GC(265)  Capacity:     1024M (100%)       1024M (100%)       1024M (100%)       1024M (100%)       1024M (100%)       1024M (100%)   
[46.263s][info][gc,heap     ] GC(265)      Free:      528M (52%)         512M (50%)         716M (70%)         744M (73%)         744M (73%)         512M (50%)    
[46.263s][info][gc,heap     ] GC(265)      Used:      496M (48%)         512M (50%)         308M (30%)         280M (27%)         512M (50%)         280M (27%)    
[46.263s][info][gc,heap     ] GC(265)      Live:         -               202M (20%)         202M (20%)         202M (20%)            -                  -          
[46.263s][info][gc,heap     ] GC(265) Allocated:         -                16M (2%)           18M (2%)           18M (2%)             -                  -          
[46.263s][info][gc,heap     ] GC(265)   Garbage:         -               293M (29%)          87M (9%)           59M (6%)             -                  -          
[46.263s][info][gc,heap     ] GC(265) Reclaimed:         -                  -               206M (20%)         234M (23%)            -                  -          
[46.263s][info][gc          ] GC(265) Garbage Collection (Allocation Rate) 496M(48%)->280M(27%)
[46.270s][info][gc,start    ] GC(266) Garbage Collection (System.gc())
[46.270s][info][gc,task     ] GC(266) Using 10 workers
[46.270s][info][gc,phases   ] GC(266) Pause Mark Start 0.012ms
[46.314s][info][gc,phases   ] GC(266) Concurrent Mark 43.928ms
[46.315s][info][gc,phases   ] GC(266) Pause Mark End 0.031ms
[46.315s][info][gc,phases   ] GC(266) Concurrent Mark Free 0.001ms
[46.329s][info][gc,phases   ] GC(266) Concurrent Process Non-Strong References 14.822ms
[46.330s][info][gc,phases   ] GC(266) Concurrent Reset Relocation Set 0.004ms
[46.336s][info][gc,phases   ] GC(266) Concurrent Select Relocation Set 6.652ms
[46.336s][info][gc,phases   ] GC(266) Pause Relocate Start 0.010ms
[46.340s][info][gc,phases   ] GC(266) Concurrent Relocate 3.381ms
[46.340s][info][gc,load     ] GC(266) Load: 0.00/0.00/0.00
[46.340s][info][gc,mmu      ] GC(266) MMU: 2ms/96.6%, 5ms/98.6%, 10ms/99.3%, 20ms/99.7%, 50ms/99.8%, 100ms/99.9%
[46.340s][info][gc,marking  ] GC(266) Mark: 8 stripe(s), 2 proactive flush(es), 1 terminate flush(es), 0 completion(s), 0 continuation(s) 
[46.340s][info][gc,marking  ] GC(266) Mark Stack Usage: 32M
[46.340s][info][gc,nmethod  ] GC(266) NMethods: 5570 registered, 592 unregistered
[46.340s][info][gc,metaspace] GC(266) Metaspace: 59M used, 59M committed, 1088M reserved
[46.340s][info][gc,ref      ] GC(266) Soft: 2965 encountered, 0 discovered, 0 enqueued
[46.340s][info][gc,ref      ] GC(266) Weak: 5974 encountered, 1605 discovered, 178 enqueued
[46.340s][info][gc,ref      ] GC(266) Final: 60 encountered, 0 discovered, 0 enqueued
[46.340s][info][gc,ref      ] GC(266) Phantom: 608 encountered, 323 discovered, 0 enqueued
[46.340s][info][gc,reloc    ] GC(266) Small Pages: 115 / 230M, Empty: 0M, Relocated: 6M, In-Place: 0
[46.340s][info][gc,reloc    ] GC(266) Medium Pages: 1 / 32M, Empty: 0M, Relocated: 0M, In-Place: 0
[46.340s][info][gc,reloc    ] GC(266) Large Pages: 3 / 18M, Empty: 6M, Relocated: 0M, In-Place: 0
[46.340s][info][gc,reloc    ] GC(266) Forwarding Usage: 4M
[46.340s][info][gc,heap     ] GC(266) Min Capacity: 8M(1%)
[46.340s][info][gc,heap     ] GC(266) Max Capacity: 1024M(100%)
[46.340s][info][gc,heap     ] GC(266) Soft Max Capacity: 1024M(100%)
[46.340s][info][gc,heap     ] GC(266)                Mark Start          Mark End        Relocate Start      Relocate End           High               Low         
[46.340s][info][gc,heap     ] GC(266)  Capacity:     1024M (100%)       1024M (100%)       1024M (100%)       1024M (100%)       1024M (100%)       1024M (100%)   
[46.340s][info][gc,heap     ] GC(266)      Free:      744M (73%)         744M (73%)         744M (73%)         758M (74%)         758M (74%)         724M (71%)    
[46.340s][info][gc,heap     ] GC(266)      Used:      280M (27%)         280M (27%)         280M (27%)         266M (26%)         300M (29%)         266M (26%)    
[46.340s][info][gc,heap     ] GC(266)      Live:         -               203M (20%)         203M (20%)         203M (20%)            -                  -          
[46.340s][info][gc,heap     ] GC(266) Allocated:         -                 0M (0%)            6M (1%)            6M (1%)             -                  -          
[46.340s][info][gc,heap     ] GC(266)   Garbage:         -                76M (7%)           70M (7%)           56M (6%)             -                  -          
[46.340s][info][gc,heap     ] GC(266) Reclaimed:         -                  -                 6M (1%)           20M (2%)             -                  -          
[46.340s][info][gc          ] GC(266) Garbage Collection (System.gc()) 280M(27%)->266M(26%)
[46.499s][info][gc,start    ] GC(267) Garbage Collection (Allocation Rate)
[46.499s][info][gc,task     ] GC(267) Using 7 workers
[46.499s][info][gc,phases   ] GC(267) Pause Mark Start 0.018ms
[46.577s][info][gc,phases   ] GC(267) Concurrent Mark 77.682ms
[46.577s][info][gc,phases   ] GC(267) Pause Mark End 0.031ms
[46.577s][info][gc,phases   ] GC(267) Concurrent Mark Free 0.002ms
[46.581s][info][gc,phases   ] GC(267) Concurrent Process Non-Strong References 4.083ms
[46.581s][info][gc,phases   ] GC(267) Concurrent Reset Relocation Set 0.005ms
[46.586s][info][gc,phases   ] GC(267) Concurrent Select Relocation Set 4.295ms
[46.586s][info][gc,phases   ] GC(267) Pause Relocate Start 0.013ms
[46.588s][info][gc,phases   ] GC(267) Concurrent Relocate 1.782ms
[46.588s][info][gc,load     ] GC(267) Load: 0.00/0.00/0.00
[46.588s][info][gc,mmu      ] GC(267) MMU: 2ms/96.6%, 5ms/98.6%, 10ms/99.3%, 20ms/99.7%, 50ms/99.8%, 100ms/99.9%
[46.588s][info][gc,marking  ] GC(267) Mark: 4 stripe(s), 2 proactive flush(es), 1 terminate flush(es), 0 completion(s), 0 continuation(s) 
[46.588s][info][gc,marking  ] GC(267) Mark Stack Usage: 32M
[46.588s][info][gc,nmethod  ] GC(267) NMethods: 5371 registered, 837 unregistered
[46.588s][info][gc,metaspace] GC(267) Metaspace: 59M used, 60M committed, 1088M reserved
[46.588s][info][gc,ref      ] GC(267) Soft: 3042 encountered, 0 discovered, 0 enqueued
[46.588s][info][gc,ref      ] GC(267) Weak: 6068 encountered, 3231 discovered, 93 enqueued
[46.588s][info][gc,ref      ] GC(267) Final: 60 encountered, 0 discovered, 0 enqueued
[46.588s][info][gc,ref      ] GC(267) Phantom: 608 encountered, 493 discovered, 0 enqueued
[46.588s][info][gc,reloc    ] GC(267) Small Pages: 220 / 440M, Empty: 190M, Relocated: 3M, In-Place: 0
[46.588s][info][gc,reloc    ] GC(267) Medium Pages: 2 / 64M, Empty: 32M, Relocated: 0M, In-Place: 0
[46.588s][info][gc,reloc    ] GC(267) Large Pages: 4 / 24M, Empty: 12M, Relocated: 0M, In-Place: 0
[46.588s][info][gc,reloc    ] GC(267) Forwarding Usage: 1M
[46.588s][info][gc,heap     ] GC(267) Min Capacity: 8M(1%)
[46.588s][info][gc,heap     ] GC(267) Max Capacity: 1024M(100%)
[46.588s][info][gc,heap     ] GC(267) Soft Max Capacity: 1024M(100%)
[46.588s][info][gc,heap     ] GC(267)                Mark Start          Mark End        Relocate Start      Relocate End           High               Low         
[46.588s][info][gc,heap     ] GC(267)  Capacity:     1024M (100%)       1024M (100%)       1024M (100%)       1024M (100%)       1024M (100%)       1024M (100%)   
[46.588s][info][gc,heap     ] GC(267)      Free:      496M (48%)         232M (23%)         432M (42%)         462M (45%)         496M (48%)         216M (21%)    
[46.588s][info][gc,heap     ] GC(267)      Used:      528M (52%)         792M (77%)         592M (58%)         562M (55%)         808M (79%)         528M (52%)    
[46.588s][info][gc,heap     ] GC(267)      Live:         -               203M (20%)         203M (20%)         203M (20%)            -                  -          
[46.589s][info][gc,heap     ] GC(267) Allocated:         -               264M (26%)         298M (29%)         301M (29%)            -                  -          
[46.589s][info][gc,heap     ] GC(267)   Garbage:         -               324M (32%)          90M (9%)           56M (6%)             -                  -          
[46.589s][info][gc,heap     ] GC(267) Reclaimed:         -                  -               234M (23%)         267M (26%)            -                  -          
[46.589s][info][gc          ] GC(267) Garbage Collection (Allocation Rate) 528M(52%)->562M(55%)
[46.608s][info][gc,start    ] GC(268) Garbage Collection (Allocation Rate)
[46.608s][info][gc,task     ] GC(268) Using 8 workers
[46.608s][info][gc,phases   ] GC(268) Pause Mark Start 0.011ms
[46.671s][info][gc,phases   ] GC(268) Concurrent Mark 62.197ms
[46.671s][info][gc,phases   ] GC(268) Pause Mark End 0.026ms
[46.671s][info][gc,phases   ] GC(268) Concurrent Mark Free 0.001ms
[46.673s][info][gc,phases   ] GC(268) Concurrent Process Non-Strong References 1.963ms
[46.673s][info][gc,phases   ] GC(268) Concurrent Reset Relocation Set 0.004ms
[46.676s][info][gc,phases   ] GC(268) Concurrent Select Relocation Set 3.582ms
[46.677s][info][gc,phases   ] GC(268) Pause Relocate Start 0.007ms
[46.679s][info][gc,phases   ] GC(268) Concurrent Relocate 2.733ms
[46.679s][info][gc,load     ] GC(268) Load: 0.00/0.00/0.00
[46.679s][info][gc,mmu      ] GC(268) MMU: 2ms/96.6%, 5ms/98.6%, 10ms/99.3%, 20ms/99.7%, 50ms/99.8%, 100ms/99.9%
[46.679s][info][gc,marking  ] GC(268) Mark: 8 stripe(s), 2 proactive flush(es), 1 terminate flush(es), 0 completion(s), 0 continuation(s) 
[46.680s][info][gc,marking  ] GC(268) Mark Stack Usage: 32M
[46.680s][info][gc,nmethod  ] GC(268) NMethods: 5371 registered, 837 unregistered
[46.680s][info][gc,metaspace] GC(268) Metaspace: 59M used, 60M committed, 1088M reserved
[46.680s][info][gc,ref      ] GC(268) Soft: 3042 encountered, 0 discovered, 0 enqueued
[46.680s][info][gc,ref      ] GC(268) Weak: 5976 encountered, 323 discovered, 19 enqueued
[46.680s][info][gc,ref      ] GC(268) Final: 60 encountered, 0 discovered, 0 enqueued
[46.680s][info][gc,ref      ] GC(268) Phantom: 608 encountered, 372 discovered, 0 enqueued
[46.680s][info][gc,reloc    ] GC(268) Small Pages: 282 / 564M, Empty: 326M, Relocated: 3M, In-Place: 0
[46.680s][info][gc,reloc    ] GC(268) Medium Pages: 1 / 32M, Empty: 0M, Relocated: 0M, In-Place: 0
[46.680s][info][gc,reloc    ] GC(268) Large Pages: 2 / 12M, Empty: 0M, Relocated: 0M, In-Place: 0
[46.680s][info][gc,reloc    ] GC(268) Forwarding Usage: 1M
[46.680s][info][gc,heap     ] GC(268) Min Capacity: 8M(1%)
[46.680s][info][gc,heap     ] GC(268) Max Capacity: 1024M(100%)
[46.680s][info][gc,heap     ] GC(268) Soft Max Capacity: 1024M(100%)
[46.680s][info][gc,heap     ] GC(268)                Mark Start          Mark End        Relocate Start      Relocate End           High               Low         
[46.680s][info][gc,heap     ] GC(268)  Capacity:     1024M (100%)       1024M (100%)       1024M (100%)       1024M (100%)       1024M (100%)       1024M (100%)   
[46.680s][info][gc,heap     ] GC(268)      Free:      416M (41%)         290M (28%)         602M (59%)         618M (60%)         618M (60%)         284M (28%)    
[46.680s][info][gc,heap     ] GC(268)      Used:      608M (59%)         734M (72%)         422M (41%)         406M (40%)         740M (72%)         406M (40%)    
[46.680s][info][gc,heap     ] GC(268)      Live:         -               203M (20%)         203M (20%)         203M (20%)            -                  -          
[46.680s][info][gc,heap     ] GC(268) Allocated:         -               126M (12%)         140M (14%)         143M (14%)            -                  -          
[46.680s][info][gc,heap     ] GC(268)   Garbage:         -               404M (39%)          78M (8%)           58M (6%)             -                  -          
[46.680s][info][gc,heap     ] GC(268) Reclaimed:         -                  -               326M (32%)         345M (34%)            -                  -          
[46.680s][info][gc          ] GC(268) Garbage Collection (Allocation Rate) 608M(59%)->406M(40%)
[46.702s][info][gc,start    ] GC(269) Garbage Collection (Allocation Rate)
[46.702s][info][gc,task     ] GC(269) Using 8 workers
[46.702s][info][gc,phases   ] GC(269) Pause Mark Start 0.008ms
[46.764s][info][gc,phases   ] GC(269) Concurrent Mark 62.197ms
[46.765s][info][gc,phases   ] GC(269) Pause Mark End 0.032ms
[46.765s][info][gc,phases   ] GC(269) Concurrent Mark Free 0.001ms
[46.767s][info][gc,phases   ] GC(269) Concurrent Process Non-Strong References 2.050ms
[46.767s][info][gc,phases   ] GC(269) Concurrent Reset Relocation Set 0.002ms
[46.770s][info][gc,phases   ] GC(269) Concurrent Select Relocation Set 3.534ms
[46.770s][info][gc,phases   ] GC(269) Pause Relocate Start 0.010ms
[46.772s][info][gc,phases   ] GC(269) Concurrent Relocate 1.473ms
[46.772s][info][gc,load     ] GC(269) Load: 0.00/0.00/0.00
[46.772s][info][gc,mmu      ] GC(269) MMU: 2ms/96.6%, 5ms/98.6%, 10ms/99.3%, 20ms/99.7%, 50ms/99.8%, 100ms/99.9%
[46.772s][info][gc,marking  ] GC(269) Mark: 8 stripe(s), 2 proactive flush(es), 1 terminate flush(es), 0 completion(s), 0 continuation(s) 
[46.772s][info][gc,marking  ] GC(269) Mark Stack Usage: 32M
[46.772s][info][gc,nmethod  ] GC(269) NMethods: 5371 registered, 837 unregistered
[46.772s][info][gc,metaspace] GC(269) Metaspace: 59M used, 60M committed, 1088M reserved
[46.772s][info][gc,ref      ] GC(269) Soft: 3042 encountered, 0 discovered, 0 enqueued
[46.772s][info][gc,ref      ] GC(269) Weak: 5957 encountered, 1431 discovered, 0 enqueued
[46.772s][info][gc,ref      ] GC(269) Final: 60 encountered, 0 discovered, 0 enqueued
[46.772s][info][gc,ref      ] GC(269) Phantom: 608 encountered, 451 discovered, 0 enqueued
[46.772s][info][gc,reloc    ] GC(269) Small Pages: 202 / 404M, Empty: 170M, Relocated: 3M, In-Place: 0
[46.772s][info][gc,reloc    ] GC(269) Medium Pages: 1 / 32M, Empty: 0M, Relocated: 0M, In-Place: 0
[46.772s][info][gc,reloc    ] GC(269) Large Pages: 2 / 12M, Empty: 0M, Relocated: 0M, In-Place: 0
[46.772s][info][gc,reloc    ] GC(269) Forwarding Usage: 1M
[46.772s][info][gc,heap     ] GC(269) Min Capacity: 8M(1%)
[46.773s][info][gc,heap     ] GC(269) Max Capacity: 1024M(100%)
[46.773s][info][gc,heap     ] GC(269) Soft Max Capacity: 1024M(100%)
[46.773s][info][gc,heap     ] GC(269)                Mark Start          Mark End        Relocate Start      Relocate End           High               Low         
[46.773s][info][gc,heap     ] GC(269)  Capacity:     1024M (100%)       1024M (100%)       1024M (100%)       1024M (100%)       1024M (100%)       1024M (100%)   
[46.773s][info][gc,heap     ] GC(269)      Free:      576M (56%)         462M (45%)         622M (61%)         634M (62%)         634M (62%)         458M (45%)    
[46.773s][info][gc,heap     ] GC(269)      Used:      448M (44%)         562M (55%)         402M (39%)         390M (38%)         566M (55%)         390M (38%)    
[46.773s][info][gc,heap     ] GC(269)      Live:         -               203M (20%)         203M (20%)         203M (20%)            -                  -          
[46.773s][info][gc,heap     ] GC(269) Allocated:         -               114M (11%)         124M (12%)         127M (12%)            -                  -          
[46.773s][info][gc,heap     ] GC(269)   Garbage:         -               244M (24%)          74M (7%)           58M (6%)             -                  -          
[46.773s][info][gc,heap     ] GC(269) Reclaimed:         -                  -               170M (17%)         185M (18%)            -                  -          
[46.773s][info][gc          ] GC(269) Garbage Collection (Allocation Rate) 448M(44%)->390M(38%)
[46.796s][info][gc,start    ] GC(270) Garbage Collection (Allocation Rate)
[46.796s][info][gc,task     ] GC(270) Using 8 workers
[46.796s][info][gc,phases   ] GC(270) Pause Mark Start 0.014ms
[46.858s][info][gc,phases   ] GC(270) Concurrent Mark 62.163ms
[46.858s][info][gc,phases   ] GC(270) Pause Mark End 0.021ms
[46.858s][info][gc,phases   ] GC(270) Concurrent Mark Free 0.001ms
[46.860s][info][gc,phases   ] GC(270) Concurrent Process Non-Strong References 2.143ms
[46.861s][info][gc,phases   ] GC(270) Concurrent Reset Relocation Set 0.003ms
[46.864s][info][gc,phases   ] GC(270) Concurrent Select Relocation Set 3.569ms
[46.864s][info][gc,phases   ] GC(270) Pause Relocate Start 0.009ms
[46.866s][info][gc,phases   ] GC(270) Concurrent Relocate 1.633ms
[46.866s][info][gc,load     ] GC(270) Load: 0.00/0.00/0.00
[46.866s][info][gc,mmu      ] GC(270) MMU: 2ms/96.6%, 5ms/98.6%, 10ms/99.3%, 20ms/99.7%, 50ms/99.8%, 100ms/99.9%
[46.866s][info][gc,marking  ] GC(270) Mark: 8 stripe(s), 2 proactive flush(es), 1 terminate flush(es), 0 completion(s), 0 continuation(s) 
[46.866s][info][gc,marking  ] GC(270) Mark Stack Usage: 32M
[46.866s][info][gc,nmethod  ] GC(270) NMethods: 5371 registered, 837 unregistered
[46.866s][info][gc,metaspace] GC(270) Metaspace: 59M used, 60M committed, 1088M reserved
[46.866s][info][gc,ref      ] GC(270) Soft: 3042 encountered, 0 discovered, 0 enqueued
[46.866s][info][gc,ref      ] GC(270) Weak: 5957 encountered, 2051 discovered, 0 enqueued
[46.866s][info][gc,ref      ] GC(270) Final: 60 encountered, 0 discovered, 0 enqueued
[46.866s][info][gc,ref      ] GC(270) Phantom: 608 encountered, 375 discovered, 0 enqueued
[46.866s][info][gc,reloc    ] GC(270) Small Pages: 205 / 410M, Empty: 178M, Relocated: 3M, In-Place: 0
[46.866s][info][gc,reloc    ] GC(270) Medium Pages: 1 / 32M, Empty: 0M, Relocated: 0M, In-Place: 0
[46.866s][info][gc,reloc    ] GC(270) Large Pages: 2 / 12M, Empty: 0M, Relocated: 0M, In-Place: 0
[46.866s][info][gc,reloc    ] GC(270) Forwarding Usage: 1M
[46.866s][info][gc,heap     ] GC(270) Min Capacity: 8M(1%)
[46.866s][info][gc,heap     ] GC(270) Max Capacity: 1024M(100%)
[46.866s][info][gc,heap     ] GC(270) Soft Max Capacity: 1024M(100%)
[46.866s][info][gc,heap     ] GC(270)                Mark Start          Mark End        Relocate Start      Relocate End           High               Low         
[46.866s][info][gc,heap     ] GC(270)  Capacity:     1024M (100%)       1024M (100%)       1024M (100%)       1024M (100%)       1024M (100%)       1024M (100%)   
[46.867s][info][gc,heap     ] GC(270)      Free:      570M (56%)         404M (39%)         564M (55%)         574M (56%)         574M (56%)         396M (39%)    
[46.867s][info][gc,heap     ] GC(270)      Used:      454M (44%)         620M (61%)         460M (45%)         450M (44%)         628M (61%)         450M (44%)    
[46.867s][info][gc,heap     ] GC(270)      Live:         -               203M (20%)         203M (20%)         203M (20%)            -                  -          
[46.867s][info][gc,heap     ] GC(270) Allocated:         -               166M (16%)         184M (18%)         187M (18%)            -                  -          
[46.867s][info][gc,heap     ] GC(270)   Garbage:         -               250M (24%)          72M (7%)           58M (6%)             -                  -          
[46.867s][info][gc,heap     ] GC(270) Reclaimed:         -                  -               178M (17%)         191M (19%)            -                  -          
[46.867s][info][gc          ] GC(270) Garbage Collection (Allocation Rate) 454M(44%)->450M(44%)
[46.905s][info][gc,start    ] GC(271) Garbage Collection (Allocation Rate)
[46.905s][info][gc,task     ] GC(271) Using 8 workers
[46.905s][info][gc,phases   ] GC(271) Pause Mark Start 0.014ms
[46.967s][info][gc,phases   ] GC(271) Concurrent Mark 62.131ms
[46.968s][info][gc,phases   ] GC(271) Pause Mark End 0.028ms
[46.968s][info][gc,phases   ] GC(271) Concurrent Mark Free 0.001ms
[46.970s][info][gc,phases   ] GC(271) Concurrent Process Non-Strong References 1.954ms
[46.970s][info][gc,phases   ] GC(271) Concurrent Reset Relocation Set 0.001ms
[46.972s][info][gc,phases   ] GC(271) Concurrent Select Relocation Set 2.281ms
[46.972s][info][gc,phases   ] GC(271) Pause Relocate Start 0.008ms
[46.974s][info][gc,phases   ] GC(271) Concurrent Relocate 1.613ms
[46.974s][info][gc,load     ] GC(271) Load: 0.00/0.00/0.00
[46.974s][info][gc,mmu      ] GC(271) MMU: 2ms/96.6%, 5ms/98.6%, 10ms/99.3%, 20ms/99.7%, 50ms/99.8%, 100ms/99.9%
[46.974s][info][gc,marking  ] GC(271) Mark: 8 stripe(s), 2 proactive flush(es), 1 terminate flush(es), 0 completion(s), 0 continuation(s) 
[46.974s][info][gc,marking  ] GC(271) Mark Stack Usage: 32M
[46.974s][info][gc,nmethod  ] GC(271) NMethods: 5371 registered, 837 unregistered
[46.974s][info][gc,metaspace] GC(271) Metaspace: 59M used, 60M committed, 1088M reserved
[46.974s][info][gc,ref      ] GC(271) Soft: 3042 encountered, 0 discovered, 0 enqueued
[46.974s][info][gc,ref      ] GC(271) Weak: 5957 encountered, 305 discovered, 0 enqueued
[46.974s][info][gc,ref      ] GC(271) Final: 60 encountered, 0 discovered, 0 enqueued
[46.974s][info][gc,ref      ] GC(271) Phantom: 608 encountered, 406 discovered, 0 enqueued
[46.974s][info][gc,reloc    ] GC(271) Small Pages: 246 / 492M, Empty: 262M, Relocated: 3M, In-Place: 0
[46.974s][info][gc,reloc    ] GC(271) Medium Pages: 1 / 32M, Empty: 0M, Relocated: 0M, In-Place: 0
[46.974s][info][gc,reloc    ] GC(271) Large Pages: 2 / 12M, Empty: 0M, Relocated: 0M, In-Place: 0
[46.974s][info][gc,reloc    ] GC(271) Forwarding Usage: 1M
[46.974s][info][gc,heap     ] GC(271) Min Capacity: 8M(1%)
[46.974s][info][gc,heap     ] GC(271) Max Capacity: 1024M(100%)
[46.974s][info][gc,heap     ] GC(271) Soft Max Capacity: 1024M(100%)
[46.974s][info][gc,heap     ] GC(271)                Mark Start          Mark End        Relocate Start      Relocate End           High               Low         
[46.974s][info][gc,heap     ] GC(271)  Capacity:     1024M (100%)       1024M (100%)       1024M (100%)       1024M (100%)       1024M (100%)       1024M (100%)   
[46.974s][info][gc,heap     ] GC(271)      Free:      488M (48%)         380M (37%)         638M (62%)         648M (63%)         648M (63%)         378M (37%)    
[46.974s][info][gc,heap     ] GC(271)      Used:      536M (52%)         644M (63%)         386M (38%)         376M (37%)         646M (63%)         376M (37%)    
[46.974s][info][gc,heap     ] GC(271)      Live:         -               203M (20%)         203M (20%)         203M (20%)            -                  -          
[46.974s][info][gc,heap     ] GC(271) Allocated:         -               108M (11%)         112M (11%)         113M (11%)            -                  -          
[46.974s][info][gc,heap     ] GC(271)   Garbage:         -               332M (32%)          70M (7%)           58M (6%)             -                  -          
[46.974s][info][gc,heap     ] GC(271) Reclaimed:         -                  -               262M (26%)         273M (27%)            -                  -          
[46.974s][info][gc          ] GC(271) Garbage Collection (Allocation Rate) 536M(52%)->376M(37%)
[47.098s][info][gc,start    ] GC(272) Garbage Collection (Allocation Rate)
[47.098s][info][gc,task     ] GC(272) Using 6 workers
[47.098s][info][gc,phases   ] GC(272) Pause Mark Start 0.013ms
[47.176s][info][gc,phases   ] GC(272) Concurrent Mark 77.753ms
[47.176s][info][gc,phases   ] GC(272) Pause Mark End 0.016ms
[47.176s][info][gc,phases   ] GC(272) Concurrent Mark Free 0.001ms
[47.179s][info][gc,phases   ] GC(272) Concurrent Process Non-Strong References 2.588ms
[47.179s][info][gc,phases   ] GC(272) Concurrent Reset Relocation Set 0.003ms
[47.182s][info][gc,phases   ] GC(272) Concurrent Select Relocation Set 3.543ms
[47.183s][info][gc,phases   ] GC(272) Pause Relocate Start 0.008ms
[47.184s][info][gc,phases   ] GC(272) Concurrent Relocate 1.474ms
[47.184s][info][gc,load     ] GC(272) Load: 0.00/0.00/0.00
[47.184s][info][gc,mmu      ] GC(272) MMU: 2ms/96.6%, 5ms/98.6%, 10ms/99.3%, 20ms/99.7%, 50ms/99.8%, 100ms/99.9%
[47.184s][info][gc,marking  ] GC(272) Mark: 4 stripe(s), 2 proactive flush(es), 1 terminate flush(es), 0 completion(s), 0 continuation(s) 
[47.184s][info][gc,marking  ] GC(272) Mark Stack Usage: 32M
[47.184s][info][gc,nmethod  ] GC(272) NMethods: 5371 registered, 837 unregistered
[47.184s][info][gc,metaspace] GC(272) Metaspace: 59M used, 60M committed, 1088M reserved
[47.184s][info][gc,ref      ] GC(272) Soft: 3042 encountered, 0 discovered, 0 enqueued
[47.184s][info][gc,ref      ] GC(272) Weak: 5957 encountered, 1714 discovered, 0 enqueued
[47.184s][info][gc,ref      ] GC(272) Final: 60 encountered, 6 discovered, 0 enqueued
[47.184s][info][gc,ref      ] GC(272) Phantom: 608 encountered, 367 discovered, 0 enqueued
[47.184s][info][gc,reloc    ] GC(272) Small Pages: 295 / 590M, Empty: 358M, Relocated: 3M, In-Place: 0
[47.184s][info][gc,reloc    ] GC(272) Medium Pages: 1 / 32M, Empty: 0M, Relocated: 0M, In-Place: 0
[47.185s][info][gc,reloc    ] GC(272) Large Pages: 2 / 12M, Empty: 0M, Relocated: 0M, In-Place: 0
[47.185s][info][gc,reloc    ] GC(272) Forwarding Usage: 1M
[47.185s][info][gc,heap     ] GC(272) Min Capacity: 8M(1%)
[47.185s][info][gc,heap     ] GC(272) Max Capacity: 1024M(100%)
[47.185s][info][gc,heap     ] GC(272) Soft Max Capacity: 1024M(100%)
[47.185s][info][gc,heap     ] GC(272)                Mark Start          Mark End        Relocate Start      Relocate End           High               Low         
[47.185s][info][gc,heap     ] GC(272)  Capacity:     1024M (100%)       1024M (100%)       1024M (100%)       1024M (100%)       1024M (100%)       1024M (100%)   
[47.185s][info][gc,heap     ] GC(272)      Free:      390M (38%)         220M (21%)         564M (55%)         580M (57%)         580M (57%)         214M (21%)    
[47.185s][info][gc,heap     ] GC(272)      Used:      634M (62%)         804M (79%)         460M (45%)         444M (43%)         810M (79%)         444M (43%)    
[47.185s][info][gc,heap     ] GC(272)      Live:         -               203M (20%)         203M (20%)         203M (20%)            -                  -          
[47.185s][info][gc,heap     ] GC(272) Allocated:         -               170M (17%)         184M (18%)         185M (18%)            -                  -          
[47.185s][info][gc,heap     ] GC(272)   Garbage:         -               430M (42%)          72M (7%)           54M (5%)             -                  -          
[47.185s][info][gc,heap     ] GC(272) Reclaimed:         -                  -               358M (35%)         375M (37%)            -                  -          
[47.185s][info][gc          ] GC(272) Garbage Collection (Allocation Rate) 634M(62%)->444M(43%)
[47.207s][info][gc,start    ] GC(273) Garbage Collection (Allocation Rate)
[47.207s][info][gc,task     ] GC(273) Using 6 workers
[47.207s][info][gc,phases   ] GC(273) Pause Mark Start 0.010ms
[47.285s][info][gc,phases   ] GC(273) Concurrent Mark 77.963ms
[47.286s][info][gc,phases   ] GC(273) Pause Mark End 0.024ms
[47.286s][info][gc,phases   ] GC(273) Concurrent Mark Free 0.001ms
[47.288s][info][gc,phases   ] GC(273) Concurrent Process Non-Strong References 2.553ms
[47.288s][info][gc,phases   ] GC(273) Concurrent Reset Relocation Set 0.003ms
[47.292s][info][gc,phases   ] GC(273) Concurrent Select Relocation Set 3.554ms
[47.292s][info][gc,phases   ] GC(273) Pause Relocate Start 0.007ms
[47.295s][info][gc,phases   ] GC(273) Concurrent Relocate 2.867ms
[47.295s][info][gc,load     ] GC(273) Load: 0.00/0.00/0.00
[47.295s][info][gc,mmu      ] GC(273) MMU: 2ms/96.6%, 5ms/98.6%, 10ms/99.3%, 20ms/99.7%, 50ms/99.8%, 100ms/99.9%
[47.295s][info][gc,marking  ] GC(273) Mark: 4 stripe(s), 2 proactive flush(es), 1 terminate flush(es), 0 completion(s), 0 continuation(s) 
[47.295s][info][gc,marking  ] GC(273) Mark Stack Usage: 32M
[47.295s][info][gc,nmethod  ] GC(273) NMethods: 5371 registered, 837 unregistered
[47.295s][info][gc,metaspace] GC(273) Metaspace: 59M used, 60M committed, 1088M reserved
[47.295s][info][gc,ref      ] GC(273) Soft: 3042 encountered, 0 discovered, 0 enqueued
[47.295s][info][gc,ref      ] GC(273) Weak: 5957 encountered, 642 discovered, 0 enqueued
[47.295s][info][gc,ref      ] GC(273) Final: 60 encountered, 1 discovered, 0 enqueued
[47.295s][info][gc,ref      ] GC(273) Phantom: 608 encountered, 396 discovered, 0 enqueued
[47.295s][info][gc,reloc    ] GC(273) Small Pages: 228 / 456M, Empty: 228M, Relocated: 3M, In-Place: 0
[47.295s][info][gc,reloc    ] GC(273) Medium Pages: 1 / 32M, Empty: 0M, Relocated: 0M, In-Place: 0
[47.295s][info][gc,reloc    ] GC(273) Large Pages: 2 / 12M, Empty: 0M, Relocated: 0M, In-Place: 0
[47.295s][info][gc,reloc    ] GC(273) Forwarding Usage: 1M
[47.295s][info][gc,heap     ] GC(273) Min Capacity: 8M(1%)
[47.295s][info][gc,heap     ] GC(273) Max Capacity: 1024M(100%)
[47.295s][info][gc,heap     ] GC(273) Soft Max Capacity: 1024M(100%)
[47.295s][info][gc,heap     ] GC(273)                Mark Start          Mark End        Relocate Start      Relocate End           High               Low         
[47.295s][info][gc,heap     ] GC(273)  Capacity:     1024M (100%)       1024M (100%)       1024M (100%)       1024M (100%)       1024M (100%)       1024M (100%)   
[47.296s][info][gc,heap     ] GC(273)      Free:      524M (51%)         326M (32%)         538M (53%)         544M (53%)         546M (53%)         318M (31%)    
[47.296s][info][gc,heap     ] GC(273)      Used:      500M (49%)         698M (68%)         486M (47%)         480M (47%)         706M (69%)         478M (47%)    
[47.296s][info][gc,heap     ] GC(273)      Live:         -               203M (20%)         203M (20%)         203M (20%)            -                  -          
[47.296s][info][gc,heap     ] GC(273) Allocated:         -               198M (19%)         214M (21%)         221M (22%)            -                  -          
[47.296s][info][gc,heap     ] GC(273)   Garbage:         -               296M (29%)          68M (7%)           54M (5%)             -                  -          
[47.296s][info][gc,heap     ] GC(273) Reclaimed:         -                  -               228M (22%)         241M (24%)            -                  -          
[47.296s][info][gc          ] GC(273) Garbage Collection (Allocation Rate) 500M(49%)->480M(47%)
[47.386s][info][gc,start    ] GC(274) Garbage Collection (System.gc())
[47.386s][info][gc,task     ] GC(274) Using 10 workers
[47.386s][info][gc,phases   ] GC(274) Pause Mark Start 0.016ms
[47.445s][info][gc,phases   ] GC(274) Concurrent Mark 58.854ms
[47.446s][info][gc,phases   ] GC(274) Pause Mark End 0.034ms
[47.446s][info][gc,phases   ] GC(274) Concurrent Mark Free 0.001ms
[47.448s][info][gc,phases   ] GC(274) Concurrent Process Non-Strong References 2.767ms
[47.448s][info][gc,phases   ] GC(274) Concurrent Reset Relocation Set 0.002ms
[47.452s][info][gc,phases   ] GC(274) Concurrent Select Relocation Set 3.575ms
[47.452s][info][gc,phases   ] GC(274) Pause Relocate Start 0.012ms
[47.454s][info][gc,phases   ] GC(274) Concurrent Relocate 1.624ms
[47.454s][info][gc,load     ] GC(274) Load: 0.00/0.00/0.00
[47.454s][info][gc,mmu      ] GC(274) MMU: 2ms/96.6%, 5ms/98.6%, 10ms/99.3%, 20ms/99.7%, 50ms/99.8%, 100ms/99.9%
[47.454s][info][gc,marking  ] GC(274) Mark: 8 stripe(s), 2 proactive flush(es), 1 terminate flush(es), 0 completion(s), 0 continuation(s) 
[47.454s][info][gc,marking  ] GC(274) Mark Stack Usage: 32M
[47.454s][info][gc,nmethod  ] GC(274) NMethods: 5245 registered, 1013 unregistered
[47.454s][info][gc,metaspace] GC(274) Metaspace: 59M used, 60M committed, 1088M reserved
[47.454s][info][gc,ref      ] GC(274) Soft: 3040 encountered, 0 discovered, 0 enqueued
[47.454s][info][gc,ref      ] GC(274) Weak: 6026 encountered, 1541 discovered, 119 enqueued
[47.454s][info][gc,ref      ] GC(274) Final: 60 encountered, 1 discovered, 0 enqueued
[47.454s][info][gc,ref      ] GC(274) Phantom: 608 encountered, 333 discovered, 0 enqueued
[47.454s][info][gc,reloc    ] GC(274) Small Pages: 300 / 600M, Empty: 364M, Relocated: 3M, In-Place: 0
[47.454s][info][gc,reloc    ] GC(274) Medium Pages: 1 / 32M, Empty: 0M, Relocated: 0M, In-Place: 0
[47.454s][info][gc,reloc    ] GC(274) Large Pages: 3 / 18M, Empty: 6M, Relocated: 0M, In-Place: 0
[47.454s][info][gc,reloc    ] GC(274) Forwarding Usage: 1M
[47.454s][info][gc,heap     ] GC(274) Min Capacity: 8M(1%)
[47.454s][info][gc,heap     ] GC(274) Max Capacity: 1024M(100%)
[47.454s][info][gc,heap     ] GC(274) Soft Max Capacity: 1024M(100%)
[47.455s][info][gc,heap     ] GC(274)                Mark Start          Mark End        Relocate Start      Relocate End           High               Low         
[47.455s][info][gc,heap     ] GC(274)  Capacity:     1024M (100%)       1024M (100%)       1024M (100%)       1024M (100%)       1024M (100%)       1024M (100%)   
[47.455s][info][gc,heap     ] GC(274)      Free:      374M (37%)         372M (36%)         738M (72%)         750M (73%)         750M (73%)         372M (36%)    
[47.455s][info][gc,heap     ] GC(274)      Used:      650M (63%)         652M (64%)         286M (28%)         274M (27%)         652M (64%)         274M (27%)    
[47.455s][info][gc,heap     ] GC(274)      Live:         -               203M (20%)         203M (20%)         203M (20%)            -                  -          
[47.455s][info][gc,heap     ] GC(274) Allocated:         -                 2M (0%)            6M (1%)            7M (1%)             -                  -          
[47.455s][info][gc,heap     ] GC(274)   Garbage:         -               446M (44%)          76M (7%)           62M (6%)             -                  -          
[47.455s][info][gc,heap     ] GC(274) Reclaimed:         -                  -               370M (36%)         383M (37%)            -                  -          
[47.455s][info][gc          ] GC(274) Garbage Collection (System.gc()) 650M(63%)->274M(27%)
[47.602s][info][gc,start    ] GC(275) Garbage Collection (Allocation Rate)
[47.602s][info][gc,task     ] GC(275) Using 6 workers
[47.602s][info][gc,phases   ] GC(275) Pause Mark Start 0.017ms
[47.683s][info][gc,phases   ] GC(275) Concurrent Mark 81.224ms
[47.683s][info][gc,phases   ] GC(275) Pause Mark End 0.020ms
[47.683s][info][gc,phases   ] GC(275) Concurrent Mark Free 0.002ms
[47.686s][info][gc,phases   ] GC(275) Concurrent Process Non-Strong References 2.907ms
[47.686s][info][gc,phases   ] GC(275) Concurrent Reset Relocation Set 0.003ms
[47.692s][info][gc,phases   ] GC(275) Concurrent Select Relocation Set 5.270ms
[47.692s][info][gc,phases   ] GC(275) Pause Relocate Start 0.009ms
[47.694s][info][gc,phases   ] GC(275) Concurrent Relocate 2.181ms
[47.694s][info][gc,load     ] GC(275) Load: 0.00/0.00/0.00
[47.694s][info][gc,mmu      ] GC(275) MMU: 2ms/96.6%, 5ms/98.6%, 10ms/99.3%, 20ms/99.7%, 50ms/99.8%, 100ms/99.9%
[47.694s][info][gc,marking  ] GC(275) Mark: 4 stripe(s), 2 proactive flush(es), 1 terminate flush(es), 0 completion(s), 0 continuation(s) 
[47.694s][info][gc,marking  ] GC(275) Mark Stack Usage: 32M
[47.694s][info][gc,nmethod  ] GC(275) NMethods: 5252 registered, 1023 unregistered
[47.694s][info][gc,metaspace] GC(275) Metaspace: 59M used, 60M committed, 1088M reserved
[47.694s][info][gc,ref      ] GC(275) Soft: 3042 encountered, 0 discovered, 0 enqueued
[47.694s][info][gc,ref      ] GC(275) Weak: 6041 encountered, 2345 discovered, 74 enqueued
[47.694s][info][gc,ref      ] GC(275) Final: 60 encountered, 1 discovered, 0 enqueued
[47.694s][info][gc,ref      ] GC(275) Phantom: 608 encountered, 344 discovered, 0 enqueued
[47.694s][info][gc,reloc    ] GC(275) Small Pages: 230 / 460M, Empty: 206M, Relocated: 3M, In-Place: 0
[47.694s][info][gc,reloc    ] GC(275) Medium Pages: 2 / 64M, Empty: 32M, Relocated: 0M, In-Place: 0
[47.695s][info][gc,reloc    ] GC(275) Large Pages: 4 / 24M, Empty: 12M, Relocated: 0M, In-Place: 0
[47.695s][info][gc,reloc    ] GC(275) Forwarding Usage: 1M
[47.695s][info][gc,heap     ] GC(275) Min Capacity: 8M(1%)
[47.695s][info][gc,heap     ] GC(275) Max Capacity: 1024M(100%)
[47.695s][info][gc,heap     ] GC(275) Soft Max Capacity: 1024M(100%)
[47.695s][info][gc,heap     ] GC(275)                Mark Start          Mark End        Relocate Start      Relocate End           High               Low         
[47.695s][info][gc,heap     ] GC(275)  Capacity:     1024M (100%)       1024M (100%)       1024M (100%)       1024M (100%)       1024M (100%)       1024M (100%)   
[47.695s][info][gc,heap     ] GC(275)      Free:      476M (46%)         240M (23%)         468M (46%)         504M (49%)         504M (49%)         234M (23%)    
[47.695s][info][gc,heap     ] GC(275)      Used:      548M (54%)         784M (77%)         556M (54%)         520M (51%)         790M (77%)         520M (51%)    
[47.695s][info][gc,heap     ] GC(275)      Live:         -               203M (20%)         203M (20%)         203M (20%)            -                  -          
[47.695s][info][gc,heap     ] GC(275) Allocated:         -               236M (23%)         258M (25%)         261M (26%)            -                  -          
[47.695s][info][gc,heap     ] GC(275)   Garbage:         -               344M (34%)          94M (9%)           54M (5%)             -                  -          
[47.695s][info][gc,heap     ] GC(275) Reclaimed:         -                  -               250M (24%)         289M (28%)            -                  -          
[47.695s][info][gc          ] GC(275) Garbage Collection (Allocation Rate) 548M(54%)->520M(51%)
[47.699s][info][gc,start    ] GC(276) Garbage Collection (Allocation Rate)
[47.699s][info][gc,task     ] GC(276) Using 6 workers
[47.699s][info][gc,phases   ] GC(276) Pause Mark Start 0.008ms
[47.777s][info][gc,phases   ] GC(276) Concurrent Mark 77.944ms
[47.777s][info][gc,phases   ] GC(276) Pause Mark End 0.019ms
[47.777s][info][gc,phases   ] GC(276) Concurrent Mark Free 0.001ms
[47.780s][info][gc,phases   ] GC(276) Concurrent Process Non-Strong References 3.130ms
[47.780s][info][gc,phases   ] GC(276) Concurrent Reset Relocation Set 0.005ms
[47.784s][info][gc,phases   ] GC(276) Concurrent Select Relocation Set 3.576ms
[47.784s][info][gc,phases   ] GC(276) Pause Relocate Start 0.006ms
[47.786s][info][gc,phases   ] GC(276) Concurrent Relocate 2.102ms
[47.786s][info][gc,load     ] GC(276) Load: 0.00/0.00/0.00
[47.786s][info][gc,mmu      ] GC(276) MMU: 2ms/96.6%, 5ms/98.6%, 10ms/99.3%, 20ms/99.7%, 50ms/99.8%, 100ms/99.9%
[47.786s][info][gc,marking  ] GC(276) Mark: 4 stripe(s), 2 proactive flush(es), 1 terminate flush(es), 0 completion(s), 0 continuation(s) 
[47.786s][info][gc,marking  ] GC(276) Mark Stack Usage: 32M
[47.786s][info][gc,nmethod  ] GC(276) NMethods: 5252 registered, 1023 unregistered
[47.786s][info][gc,metaspace] GC(276) Metaspace: 59M used, 60M committed, 1088M reserved
[47.786s][info][gc,ref      ] GC(276) Soft: 3042 encountered, 0 discovered, 0 enqueued
[47.786s][info][gc,ref      ] GC(276) Weak: 5967 encountered, 1577 discovered, 14 enqueued
[47.786s][info][gc,ref      ] GC(276) Final: 60 encountered, 1 discovered, 0 enqueued
[47.787s][info][gc,ref      ] GC(276) Phantom: 608 encountered, 375 discovered, 0 enqueued
[47.787s][info][gc,reloc    ] GC(276) Small Pages: 244 / 488M, Empty: 252M, Relocated: 3M, In-Place: 0
[47.787s][info][gc,reloc    ] GC(276) Medium Pages: 1 / 32M, Empty: 0M, Relocated: 0M, In-Place: 0
[47.787s][info][gc,reloc    ] GC(276) Large Pages: 2 / 12M, Empty: 0M, Relocated: 0M, In-Place: 0
[47.787s][info][gc,reloc    ] GC(276) Forwarding Usage: 1M
[47.787s][info][gc,heap     ] GC(276) Min Capacity: 8M(1%)
[47.787s][info][gc,heap     ] GC(276) Max Capacity: 1024M(100%)
[47.787s][info][gc,heap     ] GC(276) Soft Max Capacity: 1024M(100%)
[47.787s][info][gc,heap     ] GC(276)                Mark Start          Mark End        Relocate Start      Relocate End           High               Low         
[47.787s][info][gc,heap     ] GC(276)  Capacity:     1024M (100%)       1024M (100%)       1024M (100%)       1024M (100%)       1024M (100%)       1024M (100%)   
[47.787s][info][gc,heap     ] GC(276)      Free:      492M (48%)         238M (23%)         464M (45%)         480M (47%)         492M (48%)         226M (22%)    
[47.787s][info][gc,heap     ] GC(276)      Used:      532M (52%)         786M (77%)         560M (55%)         544M (53%)         798M (78%)         532M (52%)    
[47.787s][info][gc,heap     ] GC(276)      Live:         -               203M (20%)         203M (20%)         203M (20%)            -                  -          
[47.787s][info][gc,heap     ] GC(276) Allocated:         -               254M (25%)         280M (27%)         285M (28%)            -                  -          
[47.787s][info][gc,heap     ] GC(276)   Garbage:         -               328M (32%)          76M (7%)           54M (5%)             -                  -          
[47.787s][info][gc,heap     ] GC(276) Reclaimed:         -                  -               252M (25%)         273M (27%)            -                  -          
[47.787s][info][gc          ] GC(276) Garbage Collection (Allocation Rate) 532M(52%)->544M(53%)
[47.808s][info][gc,start    ] GC(277) Garbage Collection (Allocation Rate)
[47.808s][info][gc,task     ] GC(277) Using 6 workers
[47.808s][info][gc,phases   ] GC(277) Pause Mark Start 0.011ms
[47.886s][info][gc,phases   ] GC(277) Concurrent Mark 77.786ms
[47.886s][info][gc,phases   ] GC(277) Pause Mark End 0.022ms
[47.887s][info][gc,phases   ] GC(277) Concurrent Mark Free 0.001ms
[47.890s][info][gc,phases   ] GC(277) Concurrent Process Non-Strong References 2.968ms
[47.890s][info][gc,phases   ] GC(277) Concurrent Reset Relocation Set 0.003ms
[47.893s][info][gc,phases   ] GC(277) Concurrent Select Relocation Set 3.599ms
[47.893s][info][gc,phases   ] GC(277) Pause Relocate Start 0.008ms
[47.895s][info][gc,phases   ] GC(277) Concurrent Relocate 1.939ms
[47.895s][info][gc,load     ] GC(277) Load: 0.00/0.00/0.00
[47.895s][info][gc,mmu      ] GC(277) MMU: 2ms/96.6%, 5ms/98.6%, 10ms/99.3%, 20ms/99.7%, 50ms/99.8%, 100ms/99.9%
[47.895s][info][gc,marking  ] GC(277) Mark: 4 stripe(s), 2 proactive flush(es), 1 terminate flush(es), 0 completion(s), 0 continuation(s) 
[47.895s][info][gc,marking  ] GC(277) Mark Stack Usage: 32M
[47.895s][info][gc,nmethod  ] GC(277) NMethods: 5252 registered, 1023 unregistered
[47.896s][info][gc,metaspace] GC(277) Metaspace: 59M used, 60M committed, 1088M reserved
[47.896s][info][gc,ref      ] GC(277) Soft: 3042 encountered, 0 discovered, 0 enqueued
[47.896s][info][gc,ref      ] GC(277) Weak: 5953 encountered, 1572 discovered, 0 enqueued
[47.896s][info][gc,ref      ] GC(277) Final: 60 encountered, 3 discovered, 0 enqueued
[47.896s][info][gc,ref      ] GC(277) Phantom: 608 encountered, 394 discovered, 0 enqueued
[47.896s][info][gc,reloc    ] GC(277) Small Pages: 289 / 578M, Empty: 350M, Relocated: 3M, In-Place: 0
[47.896s][info][gc,reloc    ] GC(277) Medium Pages: 1 / 32M, Empty: 0M, Relocated: 0M, In-Place: 0
[47.896s][info][gc,reloc    ] GC(277) Large Pages: 2 / 12M, Empty: 0M, Relocated: 0M, In-Place: 0
[47.896s][info][gc,reloc    ] GC(277) Forwarding Usage: 1M
[47.896s][info][gc,heap     ] GC(277) Min Capacity: 8M(1%)
[47.896s][info][gc,heap     ] GC(277) Max Capacity: 1024M(100%)
[47.896s][info][gc,heap     ] GC(277) Soft Max Capacity: 1024M(100%)
[47.896s][info][gc,heap     ] GC(277)                Mark Start          Mark End        Relocate Start      Relocate End           High               Low         
[47.896s][info][gc,heap     ] GC(277)  Capacity:     1024M (100%)       1024M (100%)       1024M (100%)       1024M (100%)       1024M (100%)       1024M (100%)   
[47.896s][info][gc,heap     ] GC(277)      Free:      402M (39%)         134M (13%)         458M (45%)         466M (46%)         466M (46%)         122M (12%)    
[47.896s][info][gc,heap     ] GC(277)      Used:      622M (61%)         890M (87%)         566M (55%)         558M (54%)         902M (88%)         558M (54%)    
[47.896s][info][gc,heap     ] GC(277)      Live:         -               203M (20%)         203M (20%)         203M (20%)            -                  -          
[47.896s][info][gc,heap     ] GC(277) Allocated:         -               268M (26%)         294M (29%)         299M (29%)            -                  -          
[47.896s][info][gc,heap     ] GC(277)   Garbage:         -               418M (41%)          68M (7%)           54M (5%)             -                  -          
[47.896s][info][gc,heap     ] GC(277) Reclaimed:         -                  -               350M (34%)         363M (36%)            -                  -          
[47.896s][info][gc          ] GC(277) Garbage Collection (Allocation Rate) 622M(61%)->558M(54%)
[47.902s][info][gc,start    ] GC(278) Garbage Collection (Allocation Rate)
[47.902s][info][gc,task     ] GC(278) Using 6 workers
[47.902s][info][gc,phases   ] GC(278) Pause Mark Start 0.008ms
[47.980s][info][gc,phases   ] GC(278) Concurrent Mark 77.843ms
[47.980s][info][gc,phases   ] GC(278) Pause Mark End 0.017ms
[47.980s][info][gc,phases   ] GC(278) Concurrent Mark Free 0.001ms
[47.983s][info][gc,phases   ] GC(278) Concurrent Process Non-Strong References 2.570ms
[47.983s][info][gc,phases   ] GC(278) Concurrent Reset Relocation Set 0.003ms
[47.987s][info][gc,phases   ] GC(278) Concurrent Select Relocation Set 3.611ms
[47.987s][info][gc,phases   ] GC(278) Pause Relocate Start 0.006ms
[47.990s][info][gc,phases   ] GC(278) Concurrent Relocate 2.926ms
[47.990s][info][gc,load     ] GC(278) Load: 0.00/0.00/0.00
[47.990s][info][gc,mmu      ] GC(278) MMU: 2ms/96.6%, 5ms/98.6%, 10ms/99.3%, 20ms/99.7%, 50ms/99.8%, 100ms/99.9%
[47.990s][info][gc,marking  ] GC(278) Mark: 4 stripe(s), 2 proactive flush(es), 1 terminate flush(es), 0 completion(s), 0 continuation(s) 
[47.990s][info][gc,marking  ] GC(278) Mark Stack Usage: 32M
[47.990s][info][gc,nmethod  ] GC(278) NMethods: 5252 registered, 1023 unregistered
[47.990s][info][gc,metaspace] GC(278) Metaspace: 59M used, 60M committed, 1088M reserved
[47.990s][info][gc,ref      ] GC(278) Soft: 3042 encountered, 0 discovered, 0 enqueued
[47.990s][info][gc,ref      ] GC(278) Weak: 5953 encountered, 1196 discovered, 0 enqueued
[47.990s][info][gc,ref      ] GC(278) Final: 60 encountered, 1 discovered, 0 enqueued
[47.990s][info][gc,ref      ] GC(278) Phantom: 608 encountered, 340 discovered, 0 enqueued
[47.990s][info][gc,reloc    ] GC(278) Small Pages: 267 / 534M, Empty: 308M, Relocated: 3M, In-Place: 0
[47.990s][info][gc,reloc    ] GC(278) Medium Pages: 1 / 32M, Empty: 0M, Relocated: 0M, In-Place: 0
[47.990s][info][gc,reloc    ] GC(278) Large Pages: 2 / 12M, Empty: 0M, Relocated: 0M, In-Place: 0
[47.990s][info][gc,reloc    ] GC(278) Forwarding Usage: 1M
[47.990s][info][gc,heap     ] GC(278) Min Capacity: 8M(1%)
[47.990s][info][gc,heap     ] GC(278) Max Capacity: 1024M(100%)
[47.990s][info][gc,heap     ] GC(278) Soft Max Capacity: 1024M(100%)
[47.990s][info][gc,heap     ] GC(278)                Mark Start          Mark End        Relocate Start      Relocate End           High               Low         
[47.990s][info][gc,heap     ] GC(278)  Capacity:     1024M (100%)       1024M (100%)       1024M (100%)       1024M (100%)       1024M (100%)       1024M (100%)   
[47.990s][info][gc,heap     ] GC(278)      Free:      446M (44%)         202M (20%)         490M (48%)         496M (48%)         498M (49%)         194M (19%)    
[47.990s][info][gc,heap     ] GC(278)      Used:      578M (56%)         822M (80%)         534M (52%)         528M (52%)         830M (81%)         526M (51%)    
[47.990s][info][gc,heap     ] GC(278)      Live:         -               203M (20%)         203M (20%)         203M (20%)            -                  -          
[47.990s][info][gc,heap     ] GC(278) Allocated:         -               244M (24%)         264M (26%)         269M (26%)            -                  -          
[47.990s][info][gc,heap     ] GC(278)   Garbage:         -               374M (37%)          66M (6%)           54M (5%)             -                  -          
[47.990s][info][gc,heap     ] GC(278) Reclaimed:         -                  -               308M (30%)         319M (31%)            -                  -          
[47.990s][info][gc          ] GC(278) Garbage Collection (Allocation Rate) 578M(56%)->528M(52%)
[47.996s][info][gc,start    ] GC(279) Garbage Collection (Allocation Rate)
[47.996s][info][gc,task     ] GC(279) Using 6 workers
[47.996s][info][gc,phases   ] GC(279) Pause Mark Start 0.013ms
[48.074s][info][gc,phases   ] GC(279) Concurrent Mark 77.817ms
[48.074s][info][gc,phases   ] GC(279) Pause Mark End 0.029ms
[48.074s][info][gc,phases   ] GC(279) Concurrent Mark Free 0.001ms
[48.077s][info][gc,phases   ] GC(279) Concurrent Process Non-Strong References 2.976ms
[48.077s][info][gc,phases   ] GC(279) Concurrent Reset Relocation Set 0.002ms
[48.081s][info][gc,phases   ] GC(279) Concurrent Select Relocation Set 3.588ms
[48.081s][info][gc,phases   ] GC(279) Pause Relocate Start 0.011ms
[48.083s][info][gc,phases   ] GC(279) Concurrent Relocate 1.939ms
[48.083s][info][gc,load     ] GC(279) Load: 0.00/0.00/0.00
[48.083s][info][gc,mmu      ] GC(279) MMU: 2ms/96.6%, 5ms/98.6%, 10ms/99.3%, 20ms/99.7%, 50ms/99.8%, 100ms/99.9%
[48.083s][info][gc,marking  ] GC(279) Mark: 4 stripe(s), 2 proactive flush(es), 1 terminate flush(es), 0 completion(s), 0 continuation(s) 
[48.083s][info][gc,marking  ] GC(279) Mark Stack Usage: 32M
[48.083s][info][gc,nmethod  ] GC(279) NMethods: 5252 registered, 1023 unregistered
[48.083s][info][gc,metaspace] GC(279) Metaspace: 59M used, 60M committed, 1088M reserved
[48.083s][info][gc,ref      ] GC(279) Soft: 3042 encountered, 0 discovered, 0 enqueued
[48.083s][info][gc,ref      ] GC(279) Weak: 5953 encountered, 1518 discovered, 0 enqueued
[48.083s][info][gc,ref      ] GC(279) Final: 60 encountered, 2 discovered, 0 enqueued
[48.083s][info][gc,ref      ] GC(279) Phantom: 608 encountered, 402 discovered, 0 enqueued
[48.083s][info][gc,reloc    ] GC(279) Small Pages: 249 / 498M, Empty: 270M, Relocated: 3M, In-Place: 0
[48.083s][info][gc,reloc    ] GC(279) Medium Pages: 1 / 32M, Empty: 0M, Relocated: 0M, In-Place: 0
[48.083s][info][gc,reloc    ] GC(279) Large Pages: 2 / 12M, Empty: 0M, Relocated: 0M, In-Place: 0
[48.083s][info][gc,reloc    ] GC(279) Forwarding Usage: 1M
[48.083s][info][gc,heap     ] GC(279) Min Capacity: 8M(1%)
[48.083s][info][gc,heap     ] GC(279) Max Capacity: 1024M(100%)
[48.083s][info][gc,heap     ] GC(279) Soft Max Capacity: 1024M(100%)
[48.083s][info][gc,heap     ] GC(279)                Mark Start          Mark End        Relocate Start      Relocate End           High               Low         
[48.083s][info][gc,heap     ] GC(279)  Capacity:     1024M (100%)       1024M (100%)       1024M (100%)       1024M (100%)       1024M (100%)       1024M (100%)   
[48.083s][info][gc,heap     ] GC(279)      Free:      482M (47%)         304M (30%)         558M (54%)         568M (55%)         568M (55%)         296M (29%)    
[48.084s][info][gc,heap     ] GC(279)      Used:      542M (53%)         720M (70%)         466M (46%)         456M (45%)         728M (71%)         456M (45%)    
[48.084s][info][gc,heap     ] GC(279)      Live:         -               203M (20%)         203M (20%)         203M (20%)            -                  -          
[48.084s][info][gc,heap     ] GC(279) Allocated:         -               178M (17%)         194M (19%)         197M (19%)            -                  -          
[48.084s][info][gc,heap     ] GC(279)   Garbage:         -               338M (33%)          68M (7%)           54M (5%)             -                  -          
[48.084s][info][gc,heap     ] GC(279) Reclaimed:         -                  -               270M (26%)         283M (28%)            -                  -          
[48.084s][info][gc          ] GC(279) Garbage Collection (Allocation Rate) 542M(53%)->456M(45%)
[48.105s][info][gc,start    ] GC(280) Garbage Collection (Allocation Rate)
[48.105s][info][gc,task     ] GC(280) Using 6 workers
[48.105s][info][gc,phases   ] GC(280) Pause Mark Start 0.011ms
[48.183s][info][gc,phases   ] GC(280) Concurrent Mark 77.774ms
[48.183s][info][gc,phases   ] GC(280) Pause Mark End 0.030ms
[48.183s][info][gc,phases   ] GC(280) Concurrent Mark Free 0.001ms
[48.186s][info][gc,phases   ] GC(280) Concurrent Process Non-Strong References 2.878ms
[48.186s][info][gc,phases   ] GC(280) Concurrent Reset Relocation Set 0.002ms
[48.190s][info][gc,phases   ] GC(280) Concurrent Select Relocation Set 3.567ms
[48.190s][info][gc,phases   ] GC(280) Pause Relocate Start 0.011ms
[48.192s][info][gc,phases   ] GC(280) Concurrent Relocate 1.731ms
[48.192s][info][gc,load     ] GC(280) Load: 0.00/0.00/0.00
[48.192s][info][gc,mmu      ] GC(280) MMU: 2ms/96.6%, 5ms/98.6%, 10ms/99.3%, 20ms/99.7%, 50ms/99.8%, 100ms/99.9%
[48.192s][info][gc,marking  ] GC(280) Mark: 4 stripe(s), 3 proactive flush(es), 1 terminate flush(es), 0 completion(s), 0 continuation(s) 
[48.192s][info][gc,marking  ] GC(280) Mark Stack Usage: 32M
[48.192s][info][gc,nmethod  ] GC(280) NMethods: 5252 registered, 1023 unregistered
[48.192s][info][gc,metaspace] GC(280) Metaspace: 59M used, 60M committed, 1088M reserved
[48.192s][info][gc,ref      ] GC(280) Soft: 3042 encountered, 0 discovered, 0 enqueued
[48.192s][info][gc,ref      ] GC(280) Weak: 5953 encountered, 1838 discovered, 0 enqueued
[48.192s][info][gc,ref      ] GC(280) Final: 60 encountered, 2 discovered, 0 enqueued
[48.192s][info][gc,ref      ] GC(280) Phantom: 608 encountered, 465 discovered, 0 enqueued
[48.192s][info][gc,reloc    ] GC(280) Small Pages: 231 / 462M, Empty: 238M, Relocated: 3M, In-Place: 0
[48.192s][info][gc,reloc    ] GC(280) Medium Pages: 1 / 32M, Empty: 0M, Relocated: 0M, In-Place: 0
[48.192s][info][gc,reloc    ] GC(280) Large Pages: 2 / 12M, Empty: 0M, Relocated: 0M, In-Place: 0
[48.192s][info][gc,reloc    ] GC(280) Forwarding Usage: 1M
[48.192s][info][gc,heap     ] GC(280) Min Capacity: 8M(1%)
[48.192s][info][gc,heap     ] GC(280) Max Capacity: 1024M(100%)
[48.192s][info][gc,heap     ] GC(280) Soft Max Capacity: 1024M(100%)
[48.192s][info][gc,heap     ] GC(280)                Mark Start          Mark End        Relocate Start      Relocate End           High               Low         
[48.192s][info][gc,heap     ] GC(280)  Capacity:     1024M (100%)       1024M (100%)       1024M (100%)       1024M (100%)       1024M (100%)       1024M (100%)   
[48.192s][info][gc,heap     ] GC(280)      Free:      518M (51%)         354M (35%)         580M (57%)         586M (57%)         586M (57%)         348M (34%)    
[48.193s][info][gc,heap     ] GC(280)      Used:      506M (49%)         670M (65%)         444M (43%)         438M (43%)         676M (66%)         438M (43%)    
[48.193s][info][gc,heap     ] GC(280)      Live:         -               203M (20%)         203M (20%)         203M (20%)            -                  -          
[48.193s][info][gc,heap     ] GC(280) Allocated:         -               164M (16%)         176M (17%)         179M (18%)            -                  -          
[48.193s][info][gc,heap     ] GC(280)   Garbage:         -               302M (30%)          64M (6%)           54M (5%)             -                  -          
[48.193s][info][gc,heap     ] GC(280) Reclaimed:         -                  -               238M (23%)         247M (24%)            -                  -          
[48.193s][info][gc          ] GC(280) Garbage Collection (Allocation Rate) 506M(49%)->438M(43%)
[48.199s][info][gc,start    ] GC(281) Garbage Collection (Allocation Rate)
[48.199s][info][gc,task     ] GC(281) Using 6 workers
[48.199s][info][gc,phases   ] GC(281) Pause Mark Start 0.010ms
[48.277s][info][gc,phases   ] GC(281) Concurrent Mark 77.803ms
[48.277s][info][gc,phases   ] GC(281) Pause Mark End 0.021ms
[48.277s][info][gc,phases   ] GC(281) Concurrent Mark Free 0.001ms
[48.280s][info][gc,phases   ] GC(281) Concurrent Process Non-Strong References 2.906ms
[48.280s][info][gc,phases   ] GC(281) Concurrent Reset Relocation Set 0.002ms
[48.284s][info][gc,phases   ] GC(281) Concurrent Select Relocation Set 3.572ms
[48.284s][info][gc,phases   ] GC(281) Pause Relocate Start 0.005ms
[48.286s][info][gc,phases   ] GC(281) Concurrent Relocate 2.739ms
[48.287s][info][gc,load     ] GC(281) Load: 0.00/0.00/0.00
[48.287s][info][gc,mmu      ] GC(281) MMU: 2ms/96.6%, 5ms/98.6%, 10ms/99.3%, 20ms/99.7%, 50ms/99.8%, 100ms/99.9%
[48.287s][info][gc,marking  ] GC(281) Mark: 4 stripe(s), 2 proactive flush(es), 1 terminate flush(es), 0 completion(s), 0 continuation(s) 
[48.287s][info][gc,marking  ] GC(281) Mark Stack Usage: 32M
[48.287s][info][gc,nmethod  ] GC(281) NMethods: 5252 registered, 1023 unregistered
[48.287s][info][gc,metaspace] GC(281) Metaspace: 59M used, 60M committed, 1088M reserved
[48.287s][info][gc,ref      ] GC(281) Soft: 3042 encountered, 0 discovered, 0 enqueued
[48.287s][info][gc,ref      ] GC(281) Weak: 5953 encountered, 1748 discovered, 0 enqueued
[48.287s][info][gc,ref      ] GC(281) Final: 60 encountered, 2 discovered, 0 enqueued
[48.287s][info][gc,ref      ] GC(281) Phantom: 608 encountered, 416 discovered, 0 enqueued
[48.287s][info][gc,reloc    ] GC(281) Small Pages: 207 / 414M, Empty: 186M, Relocated: 3M, In-Place: 0
[48.287s][info][gc,reloc    ] GC(281) Medium Pages: 1 / 32M, Empty: 0M, Relocated: 0M, In-Place: 0
[48.287s][info][gc,reloc    ] GC(281) Large Pages: 2 / 12M, Empty: 0M, Relocated: 0M, In-Place: 0
[48.287s][info][gc,reloc    ] GC(281) Forwarding Usage: 1M
[48.287s][info][gc,heap     ] GC(281) Min Capacity: 8M(1%)
[48.287s][info][gc,heap     ] GC(281) Max Capacity: 1024M(100%)
[48.287s][info][gc,heap     ] GC(281) Soft Max Capacity: 1024M(100%)
[48.287s][info][gc,heap     ] GC(281)                Mark Start          Mark End        Relocate Start      Relocate End           High               Low         
[48.287s][info][gc,heap     ] GC(281)  Capacity:     1024M (100%)       1024M (100%)       1024M (100%)       1024M (100%)       1024M (100%)       1024M (100%)   
[48.287s][info][gc,heap     ] GC(281)      Free:      566M (55%)         336M (33%)         502M (49%)         510M (50%)         566M (55%)         326M (32%)    
[48.287s][info][gc,heap     ] GC(281)      Used:      458M (45%)         688M (67%)         522M (51%)         514M (50%)         698M (68%)         458M (45%)    
[48.287s][info][gc,heap     ] GC(281)      Live:         -               203M (20%)         203M (20%)         203M (20%)            -                  -          
[48.287s][info][gc,heap     ] GC(281) Allocated:         -               230M (22%)         250M (24%)         255M (25%)            -                  -          
[48.287s][info][gc,heap     ] GC(281)   Garbage:         -               254M (25%)          68M (7%)           54M (5%)             -                  -          
[48.287s][info][gc,heap     ] GC(281) Reclaimed:         -                  -               186M (18%)         199M (20%)            -                  -          
[48.287s][info][gc          ] GC(281) Garbage Collection (Allocation Rate) 458M(45%)->514M(50%)
[48.308s][info][gc,start    ] GC(282) Garbage Collection (Allocation Rate)
[48.308s][info][gc,task     ] GC(282) Using 6 workers
[48.308s][info][gc,phases   ] GC(282) Pause Mark Start 0.011ms
[48.380s][info][gc,phases   ] GC(282) Concurrent Mark 72.131ms
[48.381s][info][gc,phases   ] GC(282) Pause Mark End 0.016ms
[48.381s][info][gc,phases   ] GC(282) Concurrent Mark Free 0.001ms
[48.383s][info][gc,phases   ] GC(282) Concurrent Process Non-Strong References 2.460ms
[48.383s][info][gc,phases   ] GC(282) Concurrent Reset Relocation Set 0.002ms
[48.387s][info][gc,phases   ] GC(282) Concurrent Select Relocation Set 3.527ms
[48.387s][info][gc,phases   ] GC(282) Pause Relocate Start 0.008ms
[48.390s][info][gc,phases   ] GC(282) Concurrent Relocate 2.885ms
[48.390s][info][gc,load     ] GC(282) Load: 0.00/0.00/0.00
[48.390s][info][gc,mmu      ] GC(282) MMU: 2ms/96.6%, 5ms/98.6%, 10ms/99.3%, 20ms/99.7%, 50ms/99.8%, 100ms/99.9%
[48.390s][info][gc,marking  ] GC(282) Mark: 4 stripe(s), 2 proactive flush(es), 1 terminate flush(es), 0 completion(s), 0 continuation(s) 
[48.390s][info][gc,marking  ] GC(282) Mark Stack Usage: 32M
[48.390s][info][gc,nmethod  ] GC(282) NMethods: 5273 registered, 1023 unregistered
[48.390s][info][gc,metaspace] GC(282) Metaspace: 59M used, 60M committed, 1088M reserved
[48.390s][info][gc,ref      ] GC(282) Soft: 3042 encountered, 0 discovered, 0 enqueued
[48.390s][info][gc,ref      ] GC(282) Weak: 5949 encountered, 2038 discovered, 0 enqueued
[48.390s][info][gc,ref      ] GC(282) Final: 60 encountered, 0 discovered, 0 enqueued
[48.390s][info][gc,ref      ] GC(282) Phantom: 608 encountered, 419 discovered, 0 enqueued
[48.390s][info][gc,reloc    ] GC(282) Small Pages: 254 / 508M, Empty: 282M, Relocated: 3M, In-Place: 0
[48.390s][info][gc,reloc    ] GC(282) Medium Pages: 1 / 32M, Empty: 0M, Relocated: 0M, In-Place: 0
[48.390s][info][gc,reloc    ] GC(282) Large Pages: 2 / 12M, Empty: 0M, Relocated: 0M, In-Place: 0
[48.390s][info][gc,reloc    ] GC(282) Forwarding Usage: 1M
[48.390s][info][gc,heap     ] GC(282) Min Capacity: 8M(1%)
[48.390s][info][gc,heap     ] GC(282) Max Capacity: 1024M(100%)
[48.390s][info][gc,heap     ] GC(282) Soft Max Capacity: 1024M(100%)
[48.390s][info][gc,heap     ] GC(282)                Mark Start          Mark End        Relocate Start      Relocate End           High               Low         
[48.390s][info][gc,heap     ] GC(282)  Capacity:     1024M (100%)       1024M (100%)       1024M (100%)       1024M (100%)       1024M (100%)       1024M (100%)   
[48.390s][info][gc,heap     ] GC(282)      Free:      472M (46%)         458M (45%)         740M (72%)         752M (73%)         752M (73%)         458M (45%)    
[48.391s][info][gc,heap     ] GC(282)      Used:      552M (54%)         566M (55%)         284M (28%)         272M (27%)         566M (55%)         272M (27%)    
[48.391s][info][gc,heap     ] GC(282)      Live:         -               203M (20%)         203M (20%)         203M (20%)            -                  -          
[48.391s][info][gc,heap     ] GC(282) Allocated:         -                14M (1%)           14M (1%)           14M (1%)             -                  -          
[48.391s][info][gc,heap     ] GC(282)   Garbage:         -               348M (34%)          66M (6%)           54M (5%)             -                  -          
[48.391s][info][gc,heap     ] GC(282) Reclaimed:         -                  -               282M (28%)         294M (29%)            -                  -          
[48.391s][info][gc          ] GC(282) Garbage Collection (Allocation Rate) 552M(54%)->272M(27%)
[48.391s][info][gc,start    ] GC(283) Garbage Collection (System.gc())
[48.391s][info][gc,task     ] GC(283) Using 10 workers
[48.391s][info][gc,phases   ] GC(283) Pause Mark Start 0.006ms
[48.459s][info][gc,phases   ] GC(283) Concurrent Mark 67.693ms
[48.459s][info][gc,phases   ] GC(283) Pause Mark End 0.034ms
[48.459s][info][gc,phases   ] GC(283) Concurrent Mark Free 0.001ms
[48.461s][info][gc,phases   ] GC(283) Concurrent Process Non-Strong References 2.043ms
[48.461s][info][gc,phases   ] GC(283) Concurrent Reset Relocation Set 0.001ms
[48.465s][info][gc,phases   ] GC(283) Concurrent Select Relocation Set 3.547ms
[48.465s][info][gc,phases   ] GC(283) Pause Relocate Start 0.011ms
[48.468s][info][gc,phases   ] GC(283) Concurrent Relocate 2.738ms
[48.468s][info][gc,load     ] GC(283) Load: 0.00/0.00/0.00
[48.468s][info][gc,mmu      ] GC(283) MMU: 2ms/96.6%, 5ms/98.6%, 10ms/99.3%, 20ms/99.7%, 50ms/99.8%, 100ms/99.9%
[48.468s][info][gc,marking  ] GC(283) Mark: 8 stripe(s), 2 proactive flush(es), 1 terminate flush(es), 0 completion(s), 0 continuation(s) 
[48.468s][info][gc,marking  ] GC(283) Mark Stack Usage: 32M
[48.468s][info][gc,nmethod  ] GC(283) NMethods: 5271 registered, 1026 unregistered
[48.468s][info][gc,metaspace] GC(283) Metaspace: 59M used, 60M committed, 1088M reserved
[48.468s][info][gc,ref      ] GC(283) Soft: 3040 encountered, 0 discovered, 0 enqueued
[48.468s][info][gc,ref      ] GC(283) Weak: 6013 encountered, 1169 discovered, 121 enqueued
[48.468s][info][gc,ref      ] GC(283) Final: 60 encountered, 2 discovered, 0 enqueued
[48.468s][info][gc,ref      ] GC(283) Phantom: 608 encountered, 512 discovered, 0 enqueued
[48.468s][info][gc,reloc    ] GC(283) Small Pages: 111 / 222M, Empty: 0M, Relocated: 3M, In-Place: 0
[48.468s][info][gc,reloc    ] GC(283) Medium Pages: 1 / 32M, Empty: 0M, Relocated: 0M, In-Place: 0
[48.468s][info][gc,reloc    ] GC(283) Large Pages: 3 / 18M, Empty: 6M, Relocated: 0M, In-Place: 0
[48.468s][info][gc,reloc    ] GC(283) Forwarding Usage: 1M
[48.468s][info][gc,heap     ] GC(283) Min Capacity: 8M(1%)
[48.468s][info][gc,heap     ] GC(283) Max Capacity: 1024M(100%)
[48.468s][info][gc,heap     ] GC(283) Soft Max Capacity: 1024M(100%)
[48.468s][info][gc,heap     ] GC(283)                Mark Start          Mark End        Relocate Start      Relocate End           High               Low         
[48.468s][info][gc,heap     ] GC(283)  Capacity:     1024M (100%)       1024M (100%)       1024M (100%)       1024M (100%)       1024M (100%)       1024M (100%)   
[48.468s][info][gc,heap     ] GC(283)      Free:      752M (73%)         750M (73%)         752M (73%)         752M (73%)         752M (73%)         734M (72%)    
[48.468s][info][gc,heap     ] GC(283)      Used:      272M (27%)         274M (27%)         272M (27%)         272M (27%)         290M (28%)         272M (27%)    
[48.468s][info][gc,heap     ] GC(283)      Live:         -               203M (20%)         203M (20%)         203M (20%)            -                  -          
[48.468s][info][gc,heap     ] GC(283) Allocated:         -                 2M (0%)            6M (1%)            6M (1%)             -                  -          
[48.468s][info][gc,heap     ] GC(283)   Garbage:         -                68M (7%)           62M (6%)           62M (6%)             -                  -          
[48.468s][info][gc,heap     ] GC(283) Reclaimed:         -                  -                 6M (1%)            6M (1%)             -                  -          
[48.468s][info][gc          ] GC(283) Garbage Collection (System.gc()) 272M(27%)->272M(27%)
[48.505s][info][gc,start    ] GC(284) Garbage Collection (Allocation Rate)
[48.506s][info][gc,task     ] GC(284) Using 10 workers
[48.506s][info][gc,phases   ] GC(284) Pause Mark Start 0.014ms
[48.568s][info][gc,phases   ] GC(284) Concurrent Mark 61.938ms
[48.568s][info][gc,phases   ] GC(284) Pause Mark End 0.030ms
[48.568s][info][gc,phases   ] GC(284) Concurrent Mark Free 0.001ms
[48.571s][info][gc,phases   ] GC(284) Concurrent Process Non-Strong References 2.400ms
[48.571s][info][gc,phases   ] GC(284) Concurrent Reset Relocation Set 0.002ms
[48.576s][info][gc,phases   ] GC(284) Concurrent Select Relocation Set 5.164ms
[48.576s][info][gc,phases   ] GC(284) Pause Relocate Start 0.008ms
[48.578s][info][gc,phases   ] GC(284) Concurrent Relocate 1.680ms
[48.578s][info][gc,load     ] GC(284) Load: 0.00/0.00/0.00
[48.578s][info][gc,mmu      ] GC(284) MMU: 2ms/96.6%, 5ms/98.6%, 10ms/99.3%, 20ms/99.7%, 50ms/99.8%, 100ms/99.9%
[48.578s][info][gc,marking  ] GC(284) Mark: 8 stripe(s), 2 proactive flush(es), 1 terminate flush(es), 0 completion(s), 0 continuation(s) 
[48.578s][info][gc,marking  ] GC(284) Mark Stack Usage: 32M
[48.578s][info][gc,nmethod  ] GC(284) NMethods: 5179 registered, 1134 unregistered
[48.578s][info][gc,metaspace] GC(284) Metaspace: 59M used, 60M committed, 1088M reserved
[48.578s][info][gc,ref      ] GC(284) Soft: 3040 encountered, 0 discovered, 0 enqueued
[48.578s][info][gc,ref      ] GC(284) Weak: 5976 encountered, 1515 discovered, 58 enqueued
[48.578s][info][gc,ref      ] GC(284) Final: 60 encountered, 1 discovered, 0 enqueued
[48.578s][info][gc,ref      ] GC(284) Phantom: 608 encountered, 497 discovered, 0 enqueued
[48.578s][info][gc,reloc    ] GC(284) Small Pages: 118 / 236M, Empty: 0M, Relocated: 3M, In-Place: 0
[48.578s][info][gc,reloc    ] GC(284) Medium Pages: 2 / 64M, Empty: 32M, Relocated: 0M, In-Place: 0
[48.578s][info][gc,reloc    ] GC(284) Large Pages: 3 / 18M, Empty: 6M, Relocated: 0M, In-Place: 0
[48.578s][info][gc,reloc    ] GC(284) Forwarding Usage: 1M
[48.578s][info][gc,heap     ] GC(284) Min Capacity: 8M(1%)
[48.578s][info][gc,heap     ] GC(284) Max Capacity: 1024M(100%)
[48.578s][info][gc,heap     ] GC(284) Soft Max Capacity: 1024M(100%)
[48.578s][info][gc,heap     ] GC(284)                Mark Start          Mark End        Relocate Start      Relocate End           High               Low         
[48.578s][info][gc,heap     ] GC(284)  Capacity:     1024M (100%)       1024M (100%)       1024M (100%)       1024M (100%)       1024M (100%)       1024M (100%)   
[48.578s][info][gc,heap     ] GC(284)      Free:      706M (69%)         590M (58%)         600M (59%)         610M (60%)         706M (69%)         568M (55%)    
[48.578s][info][gc,heap     ] GC(284)      Used:      318M (31%)         434M (42%)         424M (41%)         414M (40%)         456M (45%)         318M (31%)    
[48.578s][info][gc,heap     ] GC(284)      Live:         -               203M (20%)         203M (20%)         203M (20%)            -                  -          
[48.578s][info][gc,heap     ] GC(284) Allocated:         -               116M (11%)         144M (14%)         147M (14%)            -                  -          
[48.579s][info][gc,heap     ] GC(284)   Garbage:         -               114M (11%)          76M (7%)           62M (6%)             -                  -          
[48.579s][info][gc,heap     ] GC(284) Reclaimed:         -                  -                38M (4%)           51M (5%)             -                  -          
[48.579s][info][gc          ] GC(284) Garbage Collection (Allocation Rate) 318M(31%)->414M(40%)
[48.599s][info][gc,start    ] GC(285) Garbage Collection (Allocation Rate)
[48.599s][info][gc,task     ] GC(285) Using 10 workers
[48.599s][info][gc,phases   ] GC(285) Pause Mark Start 0.009ms
[48.662s][info][gc,phases   ] GC(285) Concurrent Mark 62.180ms
[48.662s][info][gc,phases   ] GC(285) Pause Mark End 0.037ms
[48.662s][info][gc,phases   ] GC(285) Concurrent Mark Free 0.001ms
[48.664s][info][gc,phases   ] GC(285) Concurrent Process Non-Strong References 1.915ms
[48.664s][info][gc,phases   ] GC(285) Concurrent Reset Relocation Set 0.002ms
[48.668s][info][gc,phases   ] GC(285) Concurrent Select Relocation Set 3.772ms
[48.668s][info][gc,phases   ] GC(285) Pause Relocate Start 0.010ms
[48.670s][info][gc,phases   ] GC(285) Concurrent Relocate 2.588ms
[48.670s][info][gc,load     ] GC(285) Load: 0.00/0.00/0.00
[48.671s][info][gc,mmu      ] GC(285) MMU: 2ms/96.6%, 5ms/98.6%, 10ms/99.3%, 20ms/99.7%, 50ms/99.8%, 100ms/99.9%
[48.671s][info][gc,marking  ] GC(285) Mark: 8 stripe(s), 2 proactive flush(es), 1 terminate flush(es), 0 completion(s), 0 continuation(s) 
[48.671s][info][gc,marking  ] GC(285) Mark Stack Usage: 32M
[48.671s][info][gc,nmethod  ] GC(285) NMethods: 5177 registered, 1136 unregistered
[48.671s][info][gc,metaspace] GC(285) Metaspace: 59M used, 60M committed, 1088M reserved
[48.671s][info][gc,ref      ] GC(285) Soft: 3042 encountered, 0 discovered, 0 enqueued
[48.671s][info][gc,ref      ] GC(285) Weak: 5997 encountered, 437 discovered, 36 enqueued
[48.671s][info][gc,ref      ] GC(285) Final: 60 encountered, 0 discovered, 0 enqueued
[48.671s][info][gc,ref      ] GC(285) Phantom: 608 encountered, 328 discovered, 0 enqueued
[48.671s][info][gc,reloc    ] GC(285) Small Pages: 203 / 406M, Empty: 156M, Relocated: 3M, In-Place: 0
[48.671s][info][gc,reloc    ] GC(285) Medium Pages: 2 / 64M, Empty: 32M, Relocated: 0M, In-Place: 0
[48.671s][info][gc,reloc    ] GC(285) Large Pages: 3 / 18M, Empty: 6M, Relocated: 0M, In-Place: 0
[48.671s][info][gc,reloc    ] GC(285) Forwarding Usage: 1M
[48.671s][info][gc,heap     ] GC(285) Min Capacity: 8M(1%)
[48.671s][info][gc,heap     ] GC(285) Max Capacity: 1024M(100%)
[48.671s][info][gc,heap     ] GC(285) Soft Max Capacity: 1024M(100%)
[48.671s][info][gc,heap     ] GC(285)                Mark Start          Mark End        Relocate Start      Relocate End           High               Low         
[48.671s][info][gc,heap     ] GC(285)  Capacity:     1024M (100%)       1024M (100%)       1024M (100%)       1024M (100%)       1024M (100%)       1024M (100%)   
[48.671s][info][gc,heap     ] GC(285)      Free:      536M (52%)         356M (35%)         528M (52%)         550M (54%)         552M (54%)         346M (34%)    
[48.671s][info][gc,heap     ] GC(285)      Used:      488M (48%)         668M (65%)         496M (48%)         474M (46%)         678M (66%)         472M (46%)    
[48.671s][info][gc,heap     ] GC(285)      Live:         -               203M (20%)         203M (20%)         203M (20%)            -                  -          
[48.671s][info][gc,heap     ] GC(285) Allocated:         -               180M (18%)         202M (20%)         207M (20%)            -                  -          
[48.671s][info][gc,heap     ] GC(285)   Garbage:         -               284M (28%)          90M (9%)           62M (6%)             -                  -          
[48.671s][info][gc,heap     ] GC(285) Reclaimed:         -                  -               194M (19%)         221M (22%)            -                  -          
[48.671s][info][gc          ] GC(285) Garbage Collection (Allocation Rate) 488M(48%)->474M(46%)
[48.693s][info][gc,start    ] GC(286) Garbage Collection (Allocation Rate)
[48.693s][info][gc,task     ] GC(286) Using 10 workers
[48.693s][info][gc,phases   ] GC(286) Pause Mark Start 0.011ms
[48.755s][info][gc,phases   ] GC(286) Concurrent Mark 62.119ms
[48.756s][info][gc,phases   ] GC(286) Pause Mark End 0.021ms
[48.756s][info][gc,phases   ] GC(286) Concurrent Mark Free 0.001ms
[48.757s][info][gc,phases   ] GC(286) Concurrent Process Non-Strong References 1.709ms
[48.757s][info][gc,phases   ] GC(286) Concurrent Reset Relocation Set 0.003ms
[48.761s][info][gc,phases   ] GC(286) Concurrent Select Relocation Set 3.631ms
[48.761s][info][gc,phases   ] GC(286) Pause Relocate Start 0.007ms
[48.763s][info][gc,phases   ] GC(286) Concurrent Relocate 1.642ms
[48.763s][info][gc,load     ] GC(286) Load: 0.00/0.00/0.00
[48.763s][info][gc,mmu      ] GC(286) MMU: 2ms/96.6%, 5ms/98.6%, 10ms/99.3%, 20ms/99.7%, 50ms/99.8%, 100ms/99.9%
[48.763s][info][gc,marking  ] GC(286) Mark: 8 stripe(s), 2 proactive flush(es), 1 terminate flush(es), 0 completion(s), 0 continuation(s) 
[48.763s][info][gc,marking  ] GC(286) Mark Stack Usage: 32M
[48.763s][info][gc,nmethod  ] GC(286) NMethods: 5177 registered, 1136 unregistered
[48.763s][info][gc,metaspace] GC(286) Metaspace: 59M used, 60M committed, 1088M reserved
[48.763s][info][gc,ref      ] GC(286) Soft: 3042 encountered, 0 discovered, 0 enqueued
[48.763s][info][gc,ref      ] GC(286) Weak: 5961 encountered, 1358 discovered, 0 enqueued
[48.763s][info][gc,ref      ] GC(286) Final: 60 encountered, 54 discovered, 0 enqueued
[48.763s][info][gc,ref      ] GC(286) Phantom: 608 encountered, 352 discovered, 0 enqueued
[48.763s][info][gc,reloc    ] GC(286) Small Pages: 240 / 480M, Empty: 246M, Relocated: 3M, In-Place: 0
[48.763s][info][gc,reloc    ] GC(286) Medium Pages: 1 / 32M, Empty: 0M, Relocated: 0M, In-Place: 0
[48.763s][info][gc,reloc    ] GC(286) Large Pages: 2 / 12M, Empty: 0M, Relocated: 0M, In-Place: 0
[48.763s][info][gc,reloc    ] GC(286) Forwarding Usage: 1M
[48.763s][info][gc,heap     ] GC(286) Min Capacity: 8M(1%)
[48.763s][info][gc,heap     ] GC(286) Max Capacity: 1024M(100%)
[48.763s][info][gc,heap     ] GC(286) Soft Max Capacity: 1024M(100%)
[48.763s][info][gc,heap     ] GC(286)                Mark Start          Mark End        Relocate Start      Relocate End           High               Low         
[48.763s][info][gc,heap     ] GC(286)  Capacity:     1024M (100%)       1024M (100%)       1024M (100%)       1024M (100%)       1024M (100%)       1024M (100%)   
[48.763s][info][gc,heap     ] GC(286)      Free:      500M (49%)         364M (36%)         598M (58%)         606M (59%)         606M (59%)         360M (35%)    
[48.763s][info][gc,heap     ] GC(286)      Used:      524M (51%)         660M (64%)         426M (42%)         418M (41%)         664M (65%)         418M (41%)    
[48.764s][info][gc,heap     ] GC(286)      Live:         -               203M (20%)         203M (20%)         203M (20%)            -                  -          
[48.764s][info][gc,heap     ] GC(286) Allocated:         -               136M (13%)         148M (14%)         151M (15%)            -                  -          
[48.764s][info][gc,heap     ] GC(286)   Garbage:         -               320M (31%)          74M (7%)           62M (6%)             -                  -          
[48.764s][info][gc,heap     ] GC(286) Reclaimed:         -                  -               246M (24%)         257M (25%)            -                  -          
[48.764s][info][gc          ] GC(286) Garbage Collection (Allocation Rate) 524M(51%)->418M(41%)
[48.802s][info][gc,start    ] GC(287) Garbage Collection (Allocation Rate)
[48.802s][info][gc,task     ] GC(287) Using 10 workers
[48.802s][info][gc,phases   ] GC(287) Pause Mark Start 0.011ms
[48.865s][info][gc,phases   ] GC(287) Concurrent Mark 62.126ms
[48.865s][info][gc,phases   ] GC(287) Pause Mark End 0.020ms
[48.865s][info][gc,phases   ] GC(287) Concurrent Mark Free 0.001ms
[48.867s][info][gc,phases   ] GC(287) Concurrent Process Non-Strong References 1.727ms
[48.867s][info][gc,phases   ] GC(287) Concurrent Reset Relocation Set 0.003ms
[48.870s][info][gc,phases   ] GC(287) Concurrent Select Relocation Set 3.679ms
[48.871s][info][gc,phases   ] GC(287) Pause Relocate Start 0.008ms
[48.872s][info][gc,phases   ] GC(287) Concurrent Relocate 1.702ms
[48.872s][info][gc,load     ] GC(287) Load: 0.00/0.00/0.00
[48.872s][info][gc,mmu      ] GC(287) MMU: 2ms/96.6%, 5ms/98.6%, 10ms/99.3%, 20ms/99.7%, 50ms/99.8%, 100ms/99.9%
[48.872s][info][gc,marking  ] GC(287) Mark: 8 stripe(s), 2 proactive flush(es), 1 terminate flush(es), 0 completion(s), 0 continuation(s) 
[48.872s][info][gc,marking  ] GC(287) Mark Stack Usage: 32M
[48.873s][info][gc,nmethod  ] GC(287) NMethods: 5177 registered, 1136 unregistered
[48.873s][info][gc,metaspace] GC(287) Metaspace: 59M used, 60M committed, 1088M reserved
[48.873s][info][gc,ref      ] GC(287) Soft: 3042 encountered, 0 discovered, 0 enqueued
[48.873s][info][gc,ref      ] GC(287) Weak: 5961 encountered, 1732 discovered, 0 enqueued
[48.873s][info][gc,ref      ] GC(287) Final: 60 encountered, 3 discovered, 0 enqueued
[48.873s][info][gc,ref      ] GC(287) Phantom: 608 encountered, 369 discovered, 0 enqueued
[48.873s][info][gc,reloc    ] GC(287) Small Pages: 234 / 468M, Empty: 232M, Relocated: 3M, In-Place: 0
[48.873s][info][gc,reloc    ] GC(287) Medium Pages: 1 / 32M, Empty: 0M, Relocated: 0M, In-Place: 0
[48.873s][info][gc,reloc    ] GC(287) Large Pages: 2 / 12M, Empty: 0M, Relocated: 0M, In-Place: 0
[48.873s][info][gc,reloc    ] GC(287) Forwarding Usage: 1M
[48.873s][info][gc,heap     ] GC(287) Min Capacity: 8M(1%)
[48.873s][info][gc,heap     ] GC(287) Max Capacity: 1024M(100%)
[48.873s][info][gc,heap     ] GC(287) Soft Max Capacity: 1024M(100%)
[48.873s][info][gc,heap     ] GC(287)                Mark Start          Mark End        Relocate Start      Relocate End           High               Low         
[48.873s][info][gc,heap     ] GC(287)  Capacity:     1024M (100%)       1024M (100%)       1024M (100%)       1024M (100%)       1024M (100%)       1024M (100%)   
[48.873s][info][gc,heap     ] GC(287)      Free:      512M (50%)         364M (36%)         584M (57%)         592M (58%)         592M (58%)         360M (35%)    
[48.873s][info][gc,heap     ] GC(287)      Used:      512M (50%)         660M (64%)         440M (43%)         432M (42%)         664M (65%)         432M (42%)    
[48.873s][info][gc,heap     ] GC(287)      Live:         -               203M (20%)         203M (20%)         203M (20%)            -                  -          
[48.873s][info][gc,heap     ] GC(287) Allocated:         -               148M (14%)         160M (16%)         165M (16%)            -                  -          
[48.873s][info][gc,heap     ] GC(287)   Garbage:         -               308M (30%)          76M (7%)           62M (6%)             -                  -          
[48.873s][info][gc,heap     ] GC(287) Reclaimed:         -                  -               232M (23%)         245M (24%)            -                  -          
[48.873s][info][gc          ] GC(287) Garbage Collection (Allocation Rate) 512M(50%)->432M(42%)
[48.896s][info][gc,start    ] GC(288) Garbage Collection (Allocation Rate)
[48.896s][info][gc,task     ] GC(288) Using 10 workers
[48.896s][info][gc,phases   ] GC(288) Pause Mark Start 0.011ms
[48.958s][info][gc,phases   ] GC(288) Concurrent Mark 62.181ms
[48.959s][info][gc,phases   ] GC(288) Pause Mark End 0.023ms
[48.959s][info][gc,phases   ] GC(288) Concurrent Mark Free 0.001ms
[48.960s][info][gc,phases   ] GC(288) Concurrent Process Non-Strong References 1.850ms
[48.961s][info][gc,phases   ] GC(288) Concurrent Reset Relocation Set 0.002ms
[48.963s][info][gc,phases   ] GC(288) Concurrent Select Relocation Set 2.671ms
[48.963s][info][gc,phases   ] GC(288) Pause Relocate Start 0.008ms
[48.965s][info][gc,phases   ] GC(288) Concurrent Relocate 1.744ms
[48.965s][info][gc,load     ] GC(288) Load: 0.00/0.00/0.00
[48.965s][info][gc,mmu      ] GC(288) MMU: 2ms/96.6%, 5ms/98.6%, 10ms/99.3%, 20ms/99.7%, 50ms/99.8%, 100ms/99.9%
[48.965s][info][gc,marking  ] GC(288) Mark: 8 stripe(s), 2 proactive flush(es), 1 terminate flush(es), 0 completion(s), 0 continuation(s) 
[48.965s][info][gc,marking  ] GC(288) Mark Stack Usage: 32M
[48.965s][info][gc,nmethod  ] GC(288) NMethods: 5177 registered, 1136 unregistered
[48.965s][info][gc,metaspace] GC(288) Metaspace: 59M used, 60M committed, 1088M reserved
[48.965s][info][gc,ref      ] GC(288) Soft: 3042 encountered, 0 discovered, 0 enqueued
[48.965s][info][gc,ref      ] GC(288) Weak: 5961 encountered, 587 discovered, 0 enqueued
[48.965s][info][gc,ref      ] GC(288) Final: 60 encountered, 18 discovered, 0 enqueued
[48.965s][info][gc,ref      ] GC(288) Phantom: 608 encountered, 468 discovered, 0 enqueued
[48.965s][info][gc,reloc    ] GC(288) Small Pages: 230 / 460M, Empty: 226M, Relocated: 3M, In-Place: 0
[48.965s][info][gc,reloc    ] GC(288) Medium Pages: 1 / 32M, Empty: 0M, Relocated: 0M, In-Place: 0
[48.965s][info][gc,reloc    ] GC(288) Large Pages: 2 / 12M, Empty: 0M, Relocated: 0M, In-Place: 0
[48.965s][info][gc,reloc    ] GC(288) Forwarding Usage: 1M
[48.965s][info][gc,heap     ] GC(288) Min Capacity: 8M(1%)
[48.965s][info][gc,heap     ] GC(288) Max Capacity: 1024M(100%)
[48.965s][info][gc,heap     ] GC(288) Soft Max Capacity: 1024M(100%)
[48.965s][info][gc,heap     ] GC(288)                Mark Start          Mark End        Relocate Start      Relocate End           High               Low         
[48.965s][info][gc,heap     ] GC(288)  Capacity:     1024M (100%)       1024M (100%)       1024M (100%)       1024M (100%)       1024M (100%)       1024M (100%)   
[48.965s][info][gc,heap     ] GC(288)      Free:      520M (51%)         330M (32%)         542M (53%)         550M (54%)         550M (54%)         324M (32%)    
[48.965s][info][gc,heap     ] GC(288)      Used:      504M (49%)         694M (68%)         482M (47%)         474M (46%)         700M (68%)         474M (46%)    
[48.965s][info][gc,heap     ] GC(288)      Live:         -               203M (20%)         203M (20%)         203M (20%)            -                  -          
[48.965s][info][gc,heap     ] GC(288) Allocated:         -               190M (19%)         204M (20%)         207M (20%)            -                  -          
[48.965s][info][gc,heap     ] GC(288)   Garbage:         -               300M (29%)          74M (7%)           62M (6%)             -                  -          
[48.965s][info][gc,heap     ] GC(288) Reclaimed:         -                  -               226M (22%)         237M (23%)            -                  -          
[48.966s][info][gc          ] GC(288) Garbage Collection (Allocation Rate) 504M(49%)->474M(46%)
[49.005s][info][gc,start    ] GC(289) Garbage Collection (Allocation Rate)
[49.005s][info][gc,task     ] GC(289) Using 10 workers
[49.006s][info][gc,phases   ] GC(289) Pause Mark Start 0.012ms
[49.068s][info][gc,phases   ] GC(289) Concurrent Mark 62.070ms
[49.068s][info][gc,phases   ] GC(289) Pause Mark End 0.029ms
[49.068s][info][gc,phases   ] GC(289) Concurrent Mark Free 0.001ms
[49.070s][info][gc,phases   ] GC(289) Concurrent Process Non-Strong References 1.805ms
[49.070s][info][gc,phases   ] GC(289) Concurrent Reset Relocation Set 0.002ms
[49.072s][info][gc,phases   ] GC(289) Concurrent Select Relocation Set 2.607ms
[49.073s][info][gc,phases   ] GC(289) Pause Relocate Start 0.008ms
[49.074s][info][gc,phases   ] GC(289) Concurrent Relocate 1.681ms
[49.074s][info][gc,load     ] GC(289) Load: 0.00/0.00/0.00
[49.074s][info][gc,mmu      ] GC(289) MMU: 2ms/96.6%, 5ms/98.6%, 10ms/99.3%, 20ms/99.7%, 50ms/99.8%, 100ms/99.9%
[49.074s][info][gc,marking  ] GC(289) Mark: 8 stripe(s), 2 proactive flush(es), 1 terminate flush(es), 0 completion(s), 0 continuation(s) 
[49.074s][info][gc,marking  ] GC(289) Mark Stack Usage: 32M
[49.074s][info][gc,nmethod  ] GC(289) NMethods: 5179 registered, 1136 unregistered
[49.074s][info][gc,metaspace] GC(289) Metaspace: 59M used, 60M committed, 1088M reserved
[49.074s][info][gc,ref      ] GC(289) Soft: 3042 encountered, 0 discovered, 0 enqueued
[49.074s][info][gc,ref      ] GC(289) Weak: 5961 encountered, 390 discovered, 0 enqueued
[49.074s][info][gc,ref      ] GC(289) Final: 60 encountered, 0 discovered, 0 enqueued
[49.074s][info][gc,ref      ] GC(289) Phantom: 608 encountered, 352 discovered, 0 enqueued
[49.074s][info][gc,reloc    ] GC(289) Small Pages: 253 / 506M, Empty: 272M, Relocated: 3M, In-Place: 0
[49.074s][info][gc,reloc    ] GC(289) Medium Pages: 1 / 32M, Empty: 0M, Relocated: 0M, In-Place: 0
[49.075s][info][gc,reloc    ] GC(289) Large Pages: 2 / 12M, Empty: 0M, Relocated: 0M, In-Place: 0
[49.075s][info][gc,reloc    ] GC(289) Forwarding Usage: 1M
[49.075s][info][gc,heap     ] GC(289) Min Capacity: 8M(1%)
[49.075s][info][gc,heap     ] GC(289) Max Capacity: 1024M(100%)
[49.075s][info][gc,heap     ] GC(289) Soft Max Capacity: 1024M(100%)
[49.075s][info][gc,heap     ] GC(289)                Mark Start          Mark End        Relocate Start      Relocate End           High               Low         
[49.075s][info][gc,heap     ] GC(289)  Capacity:     1024M (100%)       1024M (100%)       1024M (100%)       1024M (100%)       1024M (100%)       1024M (100%)   
[49.075s][info][gc,heap     ] GC(289)      Free:      474M (46%)         364M (36%)         626M (61%)         634M (62%)         634M (62%)         360M (35%)    
[49.075s][info][gc,heap     ] GC(289)      Used:      550M (54%)         660M (64%)         398M (39%)         390M (38%)         664M (65%)         390M (38%)    
[49.075s][info][gc,heap     ] GC(289)      Live:         -               203M (20%)         203M (20%)         203M (20%)            -                  -          
[49.075s][info][gc,heap     ] GC(289) Allocated:         -               110M (11%)         120M (12%)         123M (12%)            -                  -          
[49.075s][info][gc,heap     ] GC(289)   Garbage:         -               346M (34%)          74M (7%)           62M (6%)             -                  -          
[49.075s][info][gc,heap     ] GC(289) Reclaimed:         -                  -               272M (27%)         283M (28%)            -                  -          
[49.075s][info][gc          ] GC(289) Garbage Collection (Allocation Rate) 550M(54%)->390M(38%)
[49.208s][info][gc,start    ] GC(290) Garbage Collection (Allocation Rate)
[49.208s][info][gc,task     ] GC(290) Using 10 workers
[49.209s][info][gc,phases   ] GC(290) Pause Mark Start 0.014ms
[49.271s][info][gc,phases   ] GC(290) Concurrent Mark 62.188ms
[49.271s][info][gc,phases   ] GC(290) Pause Mark End 0.024ms
[49.271s][info][gc,phases   ] GC(290) Concurrent Mark Free 0.001ms
[49.273s][info][gc,phases   ] GC(290) Concurrent Process Non-Strong References 1.843ms
[49.273s][info][gc,phases   ] GC(290) Concurrent Reset Relocation Set 0.002ms
[49.278s][info][gc,phases   ] GC(290) Concurrent Select Relocation Set 5.241ms
[49.278s][info][gc,phases   ] GC(290) Pause Relocate Start 0.008ms
[49.280s][info][gc,phases   ] GC(290) Concurrent Relocate 1.677ms
[49.280s][info][gc,load     ] GC(290) Load: 0.00/0.00/0.00
[49.280s][info][gc,mmu      ] GC(290) MMU: 2ms/96.6%, 5ms/98.6%, 10ms/99.3%, 20ms/99.7%, 50ms/99.8%, 100ms/99.9%
[49.280s][info][gc,marking  ] GC(290) Mark: 8 stripe(s), 2 proactive flush(es), 1 terminate flush(es), 0 completion(s), 0 continuation(s) 
[49.280s][info][gc,marking  ] GC(290) Mark Stack Usage: 32M
[49.280s][info][gc,nmethod  ] GC(290) NMethods: 5179 registered, 1137 unregistered
[49.280s][info][gc,metaspace] GC(290) Metaspace: 59M used, 60M committed, 1088M reserved
[49.280s][info][gc,ref      ] GC(290) Soft: 3044 encountered, 0 discovered, 0 enqueued
[49.280s][info][gc,ref      ] GC(290) Weak: 5968 encountered, 1013 discovered, 3 enqueued
[49.280s][info][gc,ref      ] GC(290) Final: 60 encountered, 57 discovered, 0 enqueued
[49.280s][info][gc,ref      ] GC(290) Phantom: 608 encountered, 364 discovered, 0 enqueued
[49.280s][info][gc,reloc    ] GC(290) Small Pages: 358 / 716M, Empty: 472M, Relocated: 3M, In-Place: 0
[49.281s][info][gc,reloc    ] GC(290) Medium Pages: 1 / 32M, Empty: 0M, Relocated: 0M, In-Place: 0
[49.281s][info][gc,reloc    ] GC(290) Large Pages: 2 / 12M, Empty: 0M, Relocated: 0M, In-Place: 0
[49.281s][info][gc,reloc    ] GC(290) Forwarding Usage: 1M
[49.281s][info][gc,heap     ] GC(290) Min Capacity: 8M(1%)
[49.281s][info][gc,heap     ] GC(290) Max Capacity: 1024M(100%)
[49.281s][info][gc,heap     ] GC(290) Soft Max Capacity: 1024M(100%)
[49.281s][info][gc,heap     ] GC(290)                Mark Start          Mark End        Relocate Start      Relocate End           High               Low         
[49.281s][info][gc,heap     ] GC(290)  Capacity:     1024M (100%)       1024M (100%)       1024M (100%)       1024M (100%)       1024M (100%)       1024M (100%)   
[49.281s][info][gc,heap     ] GC(290)      Free:      264M (26%)          96M (9%)          546M (53%)         566M (55%)         566M (55%)          90M (9%)     
[49.281s][info][gc,heap     ] GC(290)      Used:      760M (74%)         928M (91%)         478M (47%)         458M (45%)         934M (91%)         458M (45%)    
[49.281s][info][gc,heap     ] GC(290)      Live:         -               203M (20%)         203M (20%)         203M (20%)            -                  -          
[49.281s][info][gc,heap     ] GC(290) Allocated:         -               168M (16%)         190M (19%)         191M (19%)            -                  -          
[49.281s][info][gc,heap     ] GC(290)   Garbage:         -               556M (54%)          84M (8%)           62M (6%)             -                  -          
[49.281s][info][gc,heap     ] GC(290) Reclaimed:         -                  -               472M (46%)         493M (48%)            -                  -          
[49.281s][info][gc          ] GC(290) Garbage Collection (Allocation Rate) 760M(74%)->458M(45%)
[49.302s][info][gc,start    ] GC(291) Garbage Collection (Allocation Rate)
[49.302s][info][gc,task     ] GC(291) Using 10 workers
[49.302s][info][gc,phases   ] GC(291) Pause Mark Start 0.010ms
[49.365s][info][gc,phases   ] GC(291) Concurrent Mark 62.210ms
[49.365s][info][gc,phases   ] GC(291) Pause Mark End 0.023ms
[49.365s][info][gc,phases   ] GC(291) Concurrent Mark Free 0.001ms
[49.367s][info][gc,phases   ] GC(291) Concurrent Process Non-Strong References 1.819ms
[49.367s][info][gc,phases   ] GC(291) Concurrent Reset Relocation Set 0.003ms
[49.370s][info][gc,phases   ] GC(291) Concurrent Select Relocation Set 3.640ms
[49.371s][info][gc,phases   ] GC(291) Pause Relocate Start 0.007ms
[49.373s][info][gc,phases   ] GC(291) Concurrent Relocate 2.012ms
[49.373s][info][gc,load     ] GC(291) Load: 0.00/0.00/0.00
[49.373s][info][gc,mmu      ] GC(291) MMU: 2ms/96.6%, 5ms/98.6%, 10ms/99.3%, 20ms/99.7%, 50ms/99.8%, 100ms/99.9%
[49.373s][info][gc,marking  ] GC(291) Mark: 8 stripe(s), 2 proactive flush(es), 1 terminate flush(es), 0 completion(s), 0 continuation(s) 
[49.373s][info][gc,marking  ] GC(291) Mark Stack Usage: 32M
[49.373s][info][gc,nmethod  ] GC(291) NMethods: 5179 registered, 1137 unregistered
[49.373s][info][gc,metaspace] GC(291) Metaspace: 59M used, 60M committed, 1088M reserved
[49.373s][info][gc,ref      ] GC(291) Soft: 3044 encountered, 0 discovered, 0 enqueued
[49.373s][info][gc,ref      ] GC(291) Weak: 5965 encountered, 1855 discovered, 0 enqueued
[49.373s][info][gc,ref      ] GC(291) Final: 60 encountered, 4 discovered, 0 enqueued
[49.373s][info][gc,ref      ] GC(291) Phantom: 608 encountered, 331 discovered, 0 enqueued
[49.373s][info][gc,reloc    ] GC(291) Small Pages: 233 / 466M, Empty: 234M, Relocated: 3M, In-Place: 0
[49.373s][info][gc,reloc    ] GC(291) Medium Pages: 1 / 32M, Empty: 0M, Relocated: 0M, In-Place: 0
[49.373s][info][gc,reloc    ] GC(291) Large Pages: 2 / 12M, Empty: 0M, Relocated: 0M, In-Place: 0
[49.373s][info][gc,reloc    ] GC(291) Forwarding Usage: 1M
[49.373s][info][gc,heap     ] GC(291) Min Capacity: 8M(1%)
[49.373s][info][gc,heap     ] GC(291) Max Capacity: 1024M(100%)
[49.373s][info][gc,heap     ] GC(291) Soft Max Capacity: 1024M(100%)
[49.373s][info][gc,heap     ] GC(291)                Mark Start          Mark End        Relocate Start      Relocate End           High               Low         
[49.373s][info][gc,heap     ] GC(291)  Capacity:     1024M (100%)       1024M (100%)       1024M (100%)       1024M (100%)       1024M (100%)       1024M (100%)   
[49.373s][info][gc,heap     ] GC(291)      Free:      514M (50%)         368M (36%)         588M (57%)         594M (58%)         594M (58%)         362M (35%)    
[49.373s][info][gc,heap     ] GC(291)      Used:      510M (50%)         656M (64%)         436M (43%)         430M (42%)         662M (65%)         430M (42%)    
[49.373s][info][gc,heap     ] GC(291)      Live:         -               203M (20%)         203M (20%)         203M (20%)            -                  -          
[49.373s][info][gc,heap     ] GC(291) Allocated:         -               146M (14%)         160M (16%)         163M (16%)            -                  -          
[49.373s][info][gc,heap     ] GC(291)   Garbage:         -               306M (30%)          72M (7%)           62M (6%)             -                  -          
[49.373s][info][gc,heap     ] GC(291) Reclaimed:         -                  -               234M (23%)         243M (24%)            -                  -          
[49.373s][info][gc          ] GC(291) Garbage Collection (Allocation Rate) 510M(50%)->430M(42%)
[49.448s][info][gc,start    ] GC(292) Garbage Collection (System.gc())
[49.448s][info][gc,task     ] GC(292) Using 10 workers
[49.448s][info][gc,phases   ] GC(292) Pause Mark Start 0.017ms
[49.508s][info][gc,phases   ] GC(292) Concurrent Mark 59.104ms
[49.508s][info][gc,phases   ] GC(292) Pause Mark End 0.025ms
[49.508s][info][gc,phases   ] GC(292) Concurrent Mark Free 0.001ms
[49.510s][info][gc,phases   ] GC(292) Concurrent Process Non-Strong References 1.747ms
[49.510s][info][gc,phases   ] GC(292) Concurrent Reset Relocation Set 0.002ms
[49.513s][info][gc,phases   ] GC(292) Concurrent Select Relocation Set 3.466ms
[49.513s][info][gc,phases   ] GC(292) Pause Relocate Start 0.009ms
[49.515s][info][gc,phases   ] GC(292) Concurrent Relocate 1.704ms
[49.515s][info][gc,load     ] GC(292) Load: 0.00/0.00/0.00
[49.515s][info][gc,mmu      ] GC(292) MMU: 2ms/96.6%, 5ms/98.6%, 10ms/99.3%, 20ms/99.7%, 50ms/99.8%, 100ms/99.9%
[49.515s][info][gc,marking  ] GC(292) Mark: 8 stripe(s), 1 proactive flush(es), 1 terminate flush(es), 0 completion(s), 0 continuation(s) 
[49.515s][info][gc,marking  ] GC(292) Mark Stack Usage: 32M
[49.515s][info][gc,nmethod  ] GC(292) NMethods: 5202 registered, 1140 unregistered
[49.515s][info][gc,metaspace] GC(292) Metaspace: 59M used, 60M committed, 1088M reserved
[49.515s][info][gc,ref      ] GC(292) Soft: 3042 encountered, 0 discovered, 0 enqueued
[49.515s][info][gc,ref      ] GC(292) Weak: 6033 encountered, 1391 discovered, 123 enqueued
[49.515s][info][gc,ref      ] GC(292) Final: 60 encountered, 34 discovered, 0 enqueued
[49.515s][info][gc,ref      ] GC(292) Phantom: 608 encountered, 446 discovered, 0 enqueued
[49.515s][info][gc,reloc    ] GC(292) Small Pages: 244 / 488M, Empty: 246M, Relocated: 3M, In-Place: 0
[49.515s][info][gc,reloc    ] GC(292) Medium Pages: 1 / 32M, Empty: 0M, Relocated: 0M, In-Place: 0
[49.515s][info][gc,reloc    ] GC(292) Large Pages: 3 / 18M, Empty: 6M, Relocated: 0M, In-Place: 0
[49.515s][info][gc,reloc    ] GC(292) Forwarding Usage: 1M
[49.515s][info][gc,heap     ] GC(292) Min Capacity: 8M(1%)
[49.516s][info][gc,heap     ] GC(292) Max Capacity: 1024M(100%)
[49.516s][info][gc,heap     ] GC(292) Soft Max Capacity: 1024M(100%)
[49.516s][info][gc,heap     ] GC(292)                Mark Start          Mark End        Relocate Start      Relocate End           High               Low         
[49.516s][info][gc,heap     ] GC(292)  Capacity:     1024M (100%)       1024M (100%)       1024M (100%)       1024M (100%)       1024M (100%)       1024M (100%)   
[49.516s][info][gc,heap     ] GC(292)      Free:      486M (47%)         486M (47%)         732M (71%)         752M (73%)         752M (73%)         484M (47%)    
[49.516s][info][gc,heap     ] GC(292)      Used:      538M (53%)         538M (53%)         292M (29%)         272M (27%)         540M (53%)         272M (27%)    
[49.516s][info][gc,heap     ] GC(292)      Live:         -               203M (20%)         203M (20%)         203M (20%)            -                  -          
[49.516s][info][gc,heap     ] GC(292) Allocated:         -                 0M (0%)            6M (1%)            6M (1%)             -                  -          
[49.516s][info][gc,heap     ] GC(292)   Garbage:         -               334M (33%)          82M (8%)           62M (6%)             -                  -          
[49.516s][info][gc,heap     ] GC(292) Reclaimed:         -                  -               252M (25%)         272M (27%)            -                  -          
[49.516s][info][gc          ] GC(292) Garbage Collection (System.gc()) 538M(53%)->272M(27%)
[49.695s][info][gc,start    ] GC(293) Garbage Collection (Allocation Rate)
[49.695s][info][gc,task     ] GC(293) Using 7 workers
[49.695s][info][gc,phases   ] GC(293) Pause Mark Start 0.018ms
[49.758s][info][gc,phases   ] GC(293) Concurrent Mark 62.069ms
[49.758s][info][gc,phases   ] GC(293) Pause Mark End 0.019ms
[49.758s][info][gc,phases   ] GC(293) Concurrent Mark Free 0.001ms
[49.760s][info][gc,phases   ] GC(293) Concurrent Process Non-Strong References 2.088ms
[49.760s][info][gc,phases   ] GC(293) Concurrent Reset Relocation Set 0.002ms
[49.765s][info][gc,phases   ] GC(293) Concurrent Select Relocation Set 5.273ms
[49.765s][info][gc,phases   ] GC(293) Pause Relocate Start 0.008ms
[49.767s][info][gc,phases   ] GC(293) Concurrent Relocate 1.708ms
[49.767s][info][gc,load     ] GC(293) Load: 0.00/0.00/0.00
[49.767s][info][gc,mmu      ] GC(293) MMU: 2ms/96.6%, 5ms/98.6%, 10ms/99.3%, 20ms/99.7%, 50ms/99.8%, 100ms/99.9%
[49.767s][info][gc,marking  ] GC(293) Mark: 4 stripe(s), 2 proactive flush(es), 1 terminate flush(es), 0 completion(s), 0 continuation(s) 
[49.767s][info][gc,marking  ] GC(293) Mark Stack Usage: 32M
[49.767s][info][gc,nmethod  ] GC(293) NMethods: 5265 registered, 1147 unregistered
[49.767s][info][gc,metaspace] GC(293) Metaspace: 59M used, 60M committed, 1088M reserved
[49.767s][info][gc,ref      ] GC(293) Soft: 3044 encountered, 0 discovered, 0 enqueued
[49.767s][info][gc,ref      ] GC(293) Weak: 6046 encountered, 2743 discovered, 74 enqueued
[49.767s][info][gc,ref      ] GC(293) Final: 60 encountered, 5 discovered, 0 enqueued
[49.767s][info][gc,ref      ] GC(293) Phantom: 608 encountered, 481 discovered, 0 enqueued
[49.767s][info][gc,reloc    ] GC(293) Small Pages: 291 / 582M, Empty: 328M, Relocated: 3M, In-Place: 0
[49.768s][info][gc,reloc    ] GC(293) Medium Pages: 2 / 64M, Empty: 32M, Relocated: 0M, In-Place: 0
[49.768s][info][gc,reloc    ] GC(293) Large Pages: 4 / 24M, Empty: 12M, Relocated: 0M, In-Place: 0
[49.768s][info][gc,reloc    ] GC(293) Forwarding Usage: 1M
[49.768s][info][gc,heap     ] GC(293) Min Capacity: 8M(1%)
[49.768s][info][gc,heap     ] GC(293) Max Capacity: 1024M(100%)
[49.768s][info][gc,heap     ] GC(293) Soft Max Capacity: 1024M(100%)
[49.768s][info][gc,heap     ] GC(293)                Mark Start          Mark End        Relocate Start      Relocate End           High               Low         
[49.768s][info][gc,heap     ] GC(293)  Capacity:     1024M (100%)       1024M (100%)       1024M (100%)       1024M (100%)       1024M (100%)       1024M (100%)   
[49.768s][info][gc,heap     ] GC(293)      Free:      354M (35%)         202M (20%)         554M (54%)         588M (57%)         588M (57%)         196M (19%)    
[49.768s][info][gc,heap     ] GC(293)      Used:      670M (65%)         822M (80%)         470M (46%)         436M (43%)         828M (81%)         436M (43%)    
[49.768s][info][gc,heap     ] GC(293)      Live:         -               203M (20%)         203M (20%)         203M (20%)            -                  -          
[49.768s][info][gc,heap     ] GC(293) Allocated:         -               152M (15%)         172M (17%)         175M (17%)            -                  -          
[49.768s][info][gc,heap     ] GC(293)   Garbage:         -               466M (46%)          94M (9%)           56M (5%)             -                  -          
[49.768s][info][gc,heap     ] GC(293) Reclaimed:         -                  -               372M (36%)         409M (40%)            -                  -          
[49.768s][info][gc          ] GC(293) Garbage Collection (Allocation Rate) 670M(65%)->436M(43%)
[49.804s][info][gc,start    ] GC(294) Garbage Collection (Allocation Rate)
[49.804s][info][gc,task     ] GC(294) Using 7 workers
[49.805s][info][gc,phases   ] GC(294) Pause Mark Start 0.010ms
[49.883s][info][gc,phases   ] GC(294) Concurrent Mark 77.823ms
[49.883s][info][gc,phases   ] GC(294) Pause Mark End 0.028ms
[49.883s][info][gc,phases   ] GC(294) Concurrent Mark Free 0.001ms
[49.886s][info][gc,phases   ] GC(294) Concurrent Process Non-Strong References 3.033ms
[49.886s][info][gc,phases   ] GC(294) Concurrent Reset Relocation Set 0.003ms
[49.891s][info][gc,phases   ] GC(294) Concurrent Select Relocation Set 5.264ms
[49.891s][info][gc,phases   ] GC(294) Pause Relocate Start 0.008ms
[49.894s][info][gc,phases   ] GC(294) Concurrent Relocate 2.145ms
[49.894s][info][gc,load     ] GC(294) Load: 0.00/0.00/0.00
[49.894s][info][gc,mmu      ] GC(294) MMU: 2ms/96.6%, 5ms/98.6%, 10ms/99.3%, 20ms/99.7%, 50ms/99.8%, 100ms/99.9%
[49.894s][info][gc,marking  ] GC(294) Mark: 4 stripe(s), 2 proactive flush(es), 1 terminate flush(es), 0 completion(s), 0 continuation(s) 
[49.894s][info][gc,marking  ] GC(294) Mark Stack Usage: 32M
[49.894s][info][gc,nmethod  ] GC(294) NMethods: 5263 registered, 1149 unregistered
[49.894s][info][gc,metaspace] GC(294) Metaspace: 59M used, 60M committed, 1088M reserved
[49.894s][info][gc,ref      ] GC(294) Soft: 3044 encountered, 0 discovered, 0 enqueued
[49.894s][info][gc,ref      ] GC(294) Weak: 5971 encountered, 420 discovered, 14 enqueued
[49.894s][info][gc,ref      ] GC(294) Final: 60 encountered, 0 discovered, 0 enqueued
[49.894s][info][gc,ref      ] GC(294) Phantom: 608 encountered, 469 discovered, 0 enqueued
[49.894s][info][gc,reloc    ] GC(294) Small Pages: 251 / 502M, Empty: 266M, Relocated: 3M, In-Place: 0
[49.894s][info][gc,reloc    ] GC(294) Medium Pages: 1 / 32M, Empty: 0M, Relocated: 0M, In-Place: 0
[49.894s][info][gc,reloc    ] GC(294) Large Pages: 2 / 12M, Empty: 0M, Relocated: 0M, In-Place: 0
[49.894s][info][gc,reloc    ] GC(294) Forwarding Usage: 1M
[49.894s][info][gc,heap     ] GC(294) Min Capacity: 8M(1%)
[49.894s][info][gc,heap     ] GC(294) Max Capacity: 1024M(100%)
[49.894s][info][gc,heap     ] GC(294) Soft Max Capacity: 1024M(100%)
[49.894s][info][gc,heap     ] GC(294)                Mark Start          Mark End        Relocate Start      Relocate End           High               Low         
[49.894s][info][gc,heap     ] GC(294)  Capacity:     1024M (100%)       1024M (100%)       1024M (100%)       1024M (100%)       1024M (100%)       1024M (100%)   
[49.894s][info][gc,heap     ] GC(294)      Free:      478M (47%)         212M (21%)         448M (44%)         462M (45%)         478M (47%)         200M (20%)    
[49.894s][info][gc,heap     ] GC(294)      Used:      546M (53%)         812M (79%)         576M (56%)         562M (55%)         824M (80%)         546M (53%)    
[49.894s][info][gc,heap     ] GC(294)      Live:         -               203M (20%)         203M (20%)         203M (20%)            -                  -          
[49.894s][info][gc,heap     ] GC(294) Allocated:         -               266M (26%)         296M (29%)         301M (29%)            -                  -          
[49.894s][info][gc,heap     ] GC(294)   Garbage:         -               342M (33%)          76M (7%)           56M (5%)             -                  -          
[49.894s][info][gc,heap     ] GC(294) Reclaimed:         -                  -               266M (26%)         285M (28%)            -                  -          
[49.894s][info][gc          ] GC(294) Garbage Collection (Allocation Rate) 546M(53%)->562M(55%)
[49.898s][info][gc,start    ] GC(295) Garbage Collection (Allocation Rate)
[49.898s][info][gc,task     ] GC(295) Using 7 workers
[49.898s][info][gc,phases   ] GC(295) Pause Mark Start 0.008ms
[49.961s][info][gc,phases   ] GC(295) Concurrent Mark 62.231ms
[49.961s][info][gc,phases   ] GC(295) Pause Mark End 0.017ms
[49.961s][info][gc,phases   ] GC(295) Concurrent Mark Free 0.001ms
[49.963s][info][gc,phases   ] GC(295) Concurrent Process Non-Strong References 2.147ms
[49.963s][info][gc,phases   ] GC(295) Concurrent Reset Relocation Set 0.002ms
[49.967s][info][gc,phases   ] GC(295) Concurrent Select Relocation Set 3.689ms
[49.967s][info][gc,phases   ] GC(295) Pause Relocate Start 0.007ms
[49.970s][info][gc,phases   ] GC(295) Concurrent Relocate 2.854ms
[49.970s][info][gc,load     ] GC(295) Load: 0.00/0.00/0.00
[49.970s][info][gc,mmu      ] GC(295) MMU: 2ms/96.6%, 5ms/98.6%, 10ms/99.3%, 20ms/99.7%, 50ms/99.8%, 100ms/99.9%
[49.970s][info][gc,marking  ] GC(295) Mark: 4 stripe(s), 2 proactive flush(es), 1 terminate flush(es), 0 completion(s), 0 continuation(s) 
[49.970s][info][gc,marking  ] GC(295) Mark Stack Usage: 32M
[49.970s][info][gc,nmethod  ] GC(295) NMethods: 5263 registered, 1149 unregistered
[49.970s][info][gc,metaspace] GC(295) Metaspace: 59M used, 60M committed, 1088M reserved
[49.970s][info][gc,ref      ] GC(295) Soft: 3044 encountered, 0 discovered, 0 enqueued
[49.970s][info][gc,ref      ] GC(295) Weak: 5957 encountered, 436 discovered, 0 enqueued
[49.970s][info][gc,ref      ] GC(295) Final: 60 encountered, 0 discovered, 0 enqueued
[49.970s][info][gc,ref      ] GC(295) Phantom: 608 encountered, 421 discovered, 0 enqueued
[49.970s][info][gc,reloc    ] GC(295) Small Pages: 268 / 536M, Empty: 306M, Relocated: 3M, In-Place: 0
[49.970s][info][gc,reloc    ] GC(295) Medium Pages: 1 / 32M, Empty: 0M, Relocated: 0M, In-Place: 0
[49.970s][info][gc,reloc    ] GC(295) Large Pages: 2 / 12M, Empty: 0M, Relocated: 0M, In-Place: 0
[49.970s][info][gc,reloc    ] GC(295) Forwarding Usage: 1M
[49.970s][info][gc,heap     ] GC(295) Min Capacity: 8M(1%)
[49.970s][info][gc,heap     ] GC(295) Max Capacity: 1024M(100%)
[49.970s][info][gc,heap     ] GC(295) Soft Max Capacity: 1024M(100%)
[49.970s][info][gc,heap     ] GC(295)                Mark Start          Mark End        Relocate Start      Relocate End           High               Low         
[49.970s][info][gc,heap     ] GC(295)  Capacity:     1024M (100%)       1024M (100%)       1024M (100%)       1024M (100%)       1024M (100%)       1024M (100%)   
[49.971s][info][gc,heap     ] GC(295)      Free:      444M (43%)         226M (22%)         510M (50%)         516M (50%)         520M (51%)         218M (21%)    
[49.971s][info][gc,heap     ] GC(295)      Used:      580M (57%)         798M (78%)         514M (50%)         508M (50%)         806M (79%)         504M (49%)    
[49.971s][info][gc,heap     ] GC(295)      Live:         -               203M (20%)         203M (20%)         203M (20%)            -                  -          
[49.971s][info][gc,heap     ] GC(295) Allocated:         -               218M (21%)         240M (23%)         247M (24%)            -                  -          
[49.971s][info][gc,heap     ] GC(295)   Garbage:         -               376M (37%)          70M (7%)           56M (5%)             -                  -          
[49.971s][info][gc,heap     ] GC(295) Reclaimed:         -                  -               306M (30%)         319M (31%)            -                  -          
[49.971s][info][gc          ] GC(295) Garbage Collection (Allocation Rate) 580M(57%)->508M(50%)
[50.008s][info][gc,start    ] GC(296) Garbage Collection (Allocation Rate)
[50.008s][info][gc,task     ] GC(296) Using 7 workers
[50.008s][info][gc,phases   ] GC(296) Pause Mark Start 0.012ms
[50.083s][info][gc,phases   ] GC(296) Concurrent Mark 74.789ms
[50.083s][info][gc,phases   ] GC(296) Pause Mark End 0.018ms
[50.083s][info][gc,phases   ] GC(296) Concurrent Mark Free 0.001ms
[50.085s][info][gc,phases   ] GC(296) Concurrent Process Non-Strong References 2.341ms
[50.085s][info][gc,phases   ] GC(296) Concurrent Reset Relocation Set 0.002ms
[50.090s][info][gc,phases   ] GC(296) Concurrent Select Relocation Set 5.200ms
[50.091s][info][gc,phases   ] GC(296) Pause Relocate Start 0.007ms
[50.093s][info][gc,phases   ] GC(296) Concurrent Relocate 2.818ms
[50.093s][info][gc,load     ] GC(296) Load: 0.00/0.00/0.00
[50.094s][info][gc,mmu      ] GC(296) MMU: 2ms/96.6%, 5ms/98.6%, 10ms/99.3%, 20ms/99.7%, 50ms/99.8%, 100ms/99.9%
[50.094s][info][gc,marking  ] GC(296) Mark: 4 stripe(s), 2 proactive flush(es), 1 terminate flush(es), 0 completion(s), 0 continuation(s) 
[50.094s][info][gc,marking  ] GC(296) Mark Stack Usage: 32M
[50.094s][info][gc,nmethod  ] GC(296) NMethods: 5263 registered, 1149 unregistered
[50.094s][info][gc,metaspace] GC(296) Metaspace: 59M used, 60M committed, 1088M reserved
[50.094s][info][gc,ref      ] GC(296) Soft: 3044 encountered, 0 discovered, 0 enqueued
[50.094s][info][gc,ref      ] GC(296) Weak: 5957 encountered, 358 discovered, 0 enqueued
[50.094s][info][gc,ref      ] GC(296) Final: 60 encountered, 0 discovered, 0 enqueued
[50.094s][info][gc,ref      ] GC(296) Phantom: 608 encountered, 431 discovered, 0 enqueued
[50.094s][info][gc,reloc    ] GC(296) Small Pages: 295 / 590M, Empty: 360M, Relocated: 3M, In-Place: 0
[50.094s][info][gc,reloc    ] GC(296) Medium Pages: 1 / 32M, Empty: 0M, Relocated: 0M, In-Place: 0
[50.094s][info][gc,reloc    ] GC(296) Large Pages: 2 / 12M, Empty: 0M, Relocated: 0M, In-Place: 0
[50.094s][info][gc,reloc    ] GC(296) Forwarding Usage: 1M
[50.094s][info][gc,heap     ] GC(296) Min Capacity: 8M(1%)
[50.094s][info][gc,heap     ] GC(296) Max Capacity: 1024M(100%)
[50.094s][info][gc,heap     ] GC(296) Soft Max Capacity: 1024M(100%)
[50.094s][info][gc,heap     ] GC(296)                Mark Start          Mark End        Relocate Start      Relocate End           High               Low         
[50.094s][info][gc,heap     ] GC(296)  Capacity:     1024M (100%)       1024M (100%)       1024M (100%)       1024M (100%)       1024M (100%)       1024M (100%)   
[50.094s][info][gc,heap     ] GC(296)      Free:      390M (38%)         136M (13%)         470M (46%)         480M (47%)         480M (47%)         128M (13%)    
[50.094s][info][gc,heap     ] GC(296)      Used:      634M (62%)         888M (87%)         554M (54%)         544M (53%)         896M (88%)         544M (53%)    
[50.094s][info][gc,heap     ] GC(296)      Live:         -               203M (20%)         203M (20%)         203M (20%)            -                  -          
[50.094s][info][gc,heap     ] GC(296) Allocated:         -               254M (25%)         280M (27%)         283M (28%)            -                  -          
[50.094s][info][gc,heap     ] GC(296)   Garbage:         -               430M (42%)          70M (7%)           56M (5%)             -                  -          
[50.094s][info][gc,heap     ] GC(296) Reclaimed:         -                  -               360M (35%)         373M (37%)            -                  -          
[50.094s][info][gc          ] GC(296) Garbage Collection (Allocation Rate) 634M(62%)->544M(53%)
[50.098s][info][gc,start    ] GC(297) Garbage Collection (Allocation Rate)
[50.098s][info][gc,stats    ] === Garbage Collection Statistics =======================================================================================================================
[50.098s][info][gc,task     ] GC(297) Using 7 workers
[50.098s][info][gc,stats    ]                                                              Last 10s              Last 10m              Last 10h                Total
[50.098s][info][gc,stats    ]                                                              Avg / Max             Avg / Max             Avg / Max             Avg / Max
[50.098s][info][gc,stats    ]   Collector: Garbage Collection Cycle                     78.071 / 202.734      77.693 / 325.572      77.693 / 325.572      77.693 / 325.572     ms
[50.098s][info][gc,phases   ] GC(297) Pause Mark Start 0.010ms
[50.098s][info][gc,stats    ]  Contention: Mark Segment Reset Contention                    36 / 52               26 / 57               26 / 57               26 / 57          ops/s
[50.098s][info][gc,stats    ]  Contention: Mark SeqNum Reset Contention                      3 / 6                 2 / 7                 2 / 7                 2 / 7           ops/s
[50.098s][info][gc,stats    ]    Critical: Allocation Stall                                  0 / 5                 0 / 5                 0 / 5                 0 / 5           ops/s
[50.098s][info][gc,stats    ]    Critical: Allocation Stall                             36.593 / 58.885       29.562 / 58.885       29.562 / 58.885       29.562 / 58.885      ms
[50.098s][info][gc,stats    ]    Critical: GC Locker Stall                                   0 / 1                 0 / 1                 0 / 1                 0 / 1           ops/s
[50.098s][info][gc,stats    ]    Critical: GC Locker Stall                               0.001 / 0.001         0.001 / 0.001         0.001 / 0.001         0.001 / 0.001       ms
[50.098s][info][gc,stats    ]    Critical: Relocation Stall                                  0 / 0                 0 / 0                 0 / 0                 0 / 0           ops/s
[50.099s][info][gc,stats    ]    Critical: Relocation Stall                              0.000 / 0.000         0.000 / 0.000         0.000 / 0.000         0.000 / 0.000       ms
[50.099s][info][gc,stats    ]      Memory: Allocation Rate                                2266 / 2712           1582 / 2712           1582 / 2712           1582 / 2712        MB/s
[50.099s][info][gc,stats    ]      Memory: Defragment                                        4 / 22                2 / 30                2 / 30                2 / 30          ops/s
[50.099s][info][gc,stats    ]      Memory: Out Of Memory                                     0 / 0                 0 / 0                 0 / 0                 0 / 0           ops/s
[50.099s][info][gc,stats    ]      Memory: Page Cache Flush                                 22 / 50               11 / 82               11 / 82               11 / 82          MB/s
[50.099s][info][gc,stats    ]      Memory: Page Cache Hit L1                              1172 / 1393            816 / 1393            816 / 1393            816 / 1393        ops/s
[50.099s][info][gc,stats    ]      Memory: Page Cache Hit L2                                 0 / 0                 0 / 0                 0 / 0                 0 / 0           ops/s
[50.099s][info][gc,stats    ]      Memory: Page Cache Hit L3                                 3 / 19               11 / 122              11 / 122              11 / 122         ops/s
[50.099s][info][gc,stats    ]      Memory: Page Cache Miss                                   1 / 4                 0 / 5                 0 / 5                 0 / 5           ops/s
[50.099s][info][gc,stats    ]      Memory: Uncommit                                          0 / 0                 0 / 0                 0 / 0                 0 / 0           MB/s
[50.099s][info][gc,stats    ]      Memory: Undo Object Allocation Failed                     0 / 3                 0 / 4                 0 / 4                 0 / 4           ops/s
[50.099s][info][gc,stats    ]      Memory: Undo Object Allocation Succeeded                  3 / 7                 2 / 11                2 / 11                2 / 11          ops/s
[50.099s][info][gc,stats    ]      Memory: Undo Page Allocation                             41 / 95               27 / 102              27 / 102              27 / 102         ops/s
[50.099s][info][gc,stats    ]       Phase: Concurrent Mark                              66.040 / 81.224       65.207 / 124.633      65.207 / 124.633      65.207 / 124.633     ms
[50.099s][info][gc,stats    ]       Phase: Concurrent Mark Continue                      0.000 / 0.000         0.000 / 0.000         0.000 / 0.000         0.000 / 0.000       ms
[50.099s][info][gc,stats    ]       Phase: Concurrent Mark Free                          0.001 / 0.002         0.001 / 0.004         0.001 / 0.004         0.001 / 0.004       ms
[50.099s][info][gc,stats    ]       Phase: Concurrent Process Non-Strong References      2.895 / 15.119        2.422 / 18.709        2.422 / 18.709        2.422 / 18.709      ms
[50.099s][info][gc,stats    ]       Phase: Concurrent Relocate                           2.459 / 4.845         3.481 / 32.034        3.481 / 32.034        3.481 / 32.034      ms
[50.099s][info][gc,stats    ]       Phase: Concurrent Reset Relocation Set               0.002 / 0.005         0.004 / 0.053         0.004 / 0.053         0.004 / 0.053       ms
[50.099s][info][gc,stats    ]       Phase: Concurrent Select Relocation Set              4.146 / 7.793         4.523 / 27.180        4.523 / 27.180        4.523 / 27.180      ms
[50.099s][info][gc,stats    ]       Phase: Pause Mark End                                0.025 / 0.047         0.024 / 0.048         0.024 / 0.048         0.024 / 0.048       ms
[50.099s][info][gc,stats    ]       Phase: Pause Mark Start                              0.014 / 0.057         0.013 / 0.069         0.013 / 0.069         0.013 / 0.069       ms
[50.099s][info][gc,stats    ]       Phase: Pause Relocate Start                          0.008 / 0.013         0.009 / 0.024         0.009 / 0.024         0.009 / 0.024       ms
[50.099s][info][gc,stats    ]    Subphase: Concurrent Classes Purge                      0.098 / 1.227         0.095 / 4.896         0.095 / 4.896         0.095 / 4.896       ms
[50.099s][info][gc,stats    ]    Subphase: Concurrent Classes Unlink                     2.193 / 14.411        1.770 / 15.033        1.770 / 15.033        1.770 / 15.033      ms
[50.099s][info][gc,stats    ]    Subphase: Concurrent Mark                              56.798 / 75.248       55.655 / 121.544      55.655 / 121.544      55.655 / 121.544     ms
[50.099s][info][gc,stats    ]    Subphase: Concurrent Mark Try Flush                     0.143 / 0.457         0.149 / 14.518        0.149 / 14.518        0.149 / 14.518      ms
[50.099s][info][gc,stats    ]    Subphase: Concurrent Mark Try Terminate                 7.259 / 16.510        7.591 / 16.649        7.591 / 16.649        7.591 / 16.649      ms
[50.099s][info][gc,stats    ]    Subphase: Concurrent References Enqueue                 0.002 / 0.005         0.002 / 0.005         0.002 / 0.005         0.002 / 0.005       ms
[50.099s][info][gc,stats    ]    Subphase: Concurrent References Process                 0.094 / 0.163         0.090 / 0.190         0.090 / 0.190         0.090 / 0.190       ms
[50.099s][info][gc,stats    ]    Subphase: Concurrent Roots ClassLoaderDataGraph         0.104 / 0.695         0.101 / 0.915         0.101 / 0.915         0.101 / 0.915       ms
[50.099s][info][gc,stats    ]    Subphase: Concurrent Roots CodeCache                    0.000 / 0.000         0.000 / 0.000         0.000 / 0.000         0.000 / 0.000       ms
[50.099s][info][gc,stats    ]    Subphase: Concurrent Roots JavaThreads                  6.209 / 8.868         6.953 / 25.474        6.953 / 25.474        6.953 / 25.474      ms
[50.099s][info][gc,stats    ]    Subphase: Concurrent Roots OopStorageSet                0.031 / 0.061         0.028 / 0.249         0.028 / 0.249         0.028 / 0.249       ms
[50.099s][info][gc,stats    ]    Subphase: Concurrent Weak Roots OopStorageSet           0.247 / 0.445         0.223 / 0.445         0.223 / 0.445         0.223 / 0.445       ms
[50.099s][info][gc,stats    ]    Subphase: Pause Mark Try Complete                       0.001 / 0.003         0.001 / 0.005         0.001 / 0.005         0.001 / 0.005       ms
[50.099s][info][gc,stats    ]      System: Java Threads                                    266 / 268             219 / 268             219 / 268             219 / 268         threads
[50.100s][info][gc,stats    ] =========================================================================================================================================================
[50.161s][info][gc,phases   ] GC(297) Concurrent Mark 62.220ms
[50.161s][info][gc,phases   ] GC(297) Pause Mark End 0.029ms
[50.161s][info][gc,phases   ] GC(297) Concurrent Mark Free 0.002ms
[50.163s][info][gc,phases   ] GC(297) Concurrent Process Non-Strong References 2.233ms
[50.163s][info][gc,phases   ] GC(297) Concurrent Reset Relocation Set 0.002ms
[50.167s][info][gc,phases   ] GC(297) Concurrent Select Relocation Set 3.584ms
[50.167s][info][gc,phases   ] GC(297) Pause Relocate Start 0.010ms
[50.169s][info][gc,phases   ] GC(297) Concurrent Relocate 1.494ms
[50.169s][info][gc,load     ] GC(297) Load: 0.00/0.00/0.00
[50.169s][info][gc,mmu      ] GC(297) MMU: 2ms/96.6%, 5ms/98.6%, 10ms/99.3%, 20ms/99.7%, 50ms/99.8%, 100ms/99.9%
[50.169s][info][gc,marking  ] GC(297) Mark: 4 stripe(s), 2 proactive flush(es), 1 terminate flush(es), 0 completion(s), 0 continuation(s) 
[50.169s][info][gc,marking  ] GC(297) Mark Stack Usage: 32M
[50.169s][info][gc,nmethod  ] GC(297) NMethods: 5263 registered, 1149 unregistered
[50.169s][info][gc,metaspace] GC(297) Metaspace: 59M used, 60M committed, 1088M reserved
[50.169s][info][gc,ref      ] GC(297) Soft: 3044 encountered, 0 discovered, 0 enqueued
[50.169s][info][gc,ref      ] GC(297) Weak: 5957 encountered, 3114 discovered, 0 enqueued
[50.169s][info][gc,ref      ] GC(297) Final: 60 encountered, 0 discovered, 0 enqueued
[50.169s][info][gc,ref      ] GC(297) Phantom: 608 encountered, 363 discovered, 0 enqueued
[50.169s][info][gc,reloc    ] GC(297) Small Pages: 254 / 508M, Empty: 280M, Relocated: 3M, In-Place: 0
[50.169s][info][gc,reloc    ] GC(297) Medium Pages: 1 / 32M, Empty: 0M, Relocated: 0M, In-Place: 0
[50.169s][info][gc,reloc    ] GC(297) Large Pages: 2 / 12M, Empty: 0M, Relocated: 0M, In-Place: 0
[50.169s][info][gc,reloc    ] GC(297) Forwarding Usage: 1M
[50.169s][info][gc,heap     ] GC(297) Min Capacity: 8M(1%)
[50.169s][info][gc,heap     ] GC(297) Max Capacity: 1024M(100%)
[50.169s][info][gc,heap     ] GC(297) Soft Max Capacity: 1024M(100%)
[50.169s][info][gc,heap     ] GC(297)                Mark Start          Mark End        Relocate Start      Relocate End           High               Low         
[50.169s][info][gc,heap     ] GC(297)  Capacity:     1024M (100%)       1024M (100%)       1024M (100%)       1024M (100%)       1024M (100%)       1024M (100%)   
[50.169s][info][gc,heap     ] GC(297)      Free:      472M (46%)         382M (37%)         656M (64%)         664M (65%)         664M (65%)         380M (37%)    
[50.169s][info][gc,heap     ] GC(297)      Used:      552M (54%)         642M (63%)         368M (36%)         360M (35%)         644M (63%)         360M (35%)    
[50.169s][info][gc,heap     ] GC(297)      Live:         -               203M (20%)         203M (20%)         203M (20%)            -                  -          
[50.169s][info][gc,heap     ] GC(297) Allocated:         -                90M (9%)           96M (9%)           99M (10%)            -                  -          
[50.169s][info][gc,heap     ] GC(297)   Garbage:         -               348M (34%)          68M (7%)           56M (5%)             -                  -          
[50.169s][info][gc,heap     ] GC(297) Reclaimed:         -                  -               280M (27%)         291M (29%)            -                  -          
[50.169s][info][gc          ] GC(297) Garbage Collection (Allocation Rate) 552M(54%)->360M(35%)
[50.208s][info][gc,start    ] GC(298) Garbage Collection (Allocation Rate)
[50.208s][info][gc,task     ] GC(298) Using 7 workers
[50.208s][info][gc,phases   ] GC(298) Pause Mark Start 0.011ms
[50.270s][info][gc,phases   ] GC(298) Concurrent Mark 62.193ms
[50.270s][info][gc,phases   ] GC(298) Pause Mark End 0.029ms
[50.270s][info][gc,phases   ] GC(298) Concurrent Mark Free 0.001ms
[50.273s][info][gc,phases   ] GC(298) Concurrent Process Non-Strong References 2.316ms
[50.273s][info][gc,phases   ] GC(298) Concurrent Reset Relocation Set 0.002ms
[50.276s][info][gc,phases   ] GC(298) Concurrent Select Relocation Set 3.621ms
[50.276s][info][gc,phases   ] GC(298) Pause Relocate Start 0.007ms
[50.279s][info][gc,phases   ] GC(298) Concurrent Relocate 2.818ms
[50.279s][info][gc,load     ] GC(298) Load: 0.00/0.00/0.00
[50.279s][info][gc,mmu      ] GC(298) MMU: 2ms/96.6%, 5ms/98.6%, 10ms/99.3%, 20ms/99.7%, 50ms/99.8%, 100ms/99.9%
[50.279s][info][gc,marking  ] GC(298) Mark: 4 stripe(s), 2 proactive flush(es), 1 terminate flush(es), 0 completion(s), 0 continuation(s) 
[50.279s][info][gc,marking  ] GC(298) Mark Stack Usage: 32M
[50.279s][info][gc,nmethod  ] GC(298) NMethods: 5263 registered, 1149 unregistered
[50.279s][info][gc,metaspace] GC(298) Metaspace: 59M used, 60M committed, 1088M reserved
[50.279s][info][gc,ref      ] GC(298) Soft: 3044 encountered, 0 discovered, 0 enqueued
[50.279s][info][gc,ref      ] GC(298) Weak: 5957 encountered, 2658 discovered, 0 enqueued
[50.279s][info][gc,ref      ] GC(298) Final: 60 encountered, 0 discovered, 0 enqueued
[50.280s][info][gc,ref      ] GC(298) Phantom: 608 encountered, 428 discovered, 0 enqueued
[50.280s][info][gc,reloc    ] GC(298) Small Pages: 200 / 400M, Empty: 170M, Relocated: 3M, In-Place: 0
[50.280s][info][gc,reloc    ] GC(298) Medium Pages: 1 / 32M, Empty: 0M, Relocated: 0M, In-Place: 0
[50.280s][info][gc,reloc    ] GC(298) Large Pages: 2 / 12M, Empty: 0M, Relocated: 0M, In-Place: 0
[50.280s][info][gc,reloc    ] GC(298) Forwarding Usage: 1M
[50.280s][info][gc,heap     ] GC(298) Min Capacity: 8M(1%)
[50.280s][info][gc,heap     ] GC(298) Max Capacity: 1024M(100%)
[50.280s][info][gc,heap     ] GC(298) Soft Max Capacity: 1024M(100%)
[50.280s][info][gc,heap     ] GC(298)                Mark Start          Mark End        Relocate Start      Relocate End           High               Low         
[50.280s][info][gc,heap     ] GC(298)  Capacity:     1024M (100%)       1024M (100%)       1024M (100%)       1024M (100%)       1024M (100%)       1024M (100%)   
[50.280s][info][gc,heap     ] GC(298)      Free:      580M (57%)         426M (42%)         582M (57%)         588M (57%)         590M (58%)         420M (41%)    
[50.280s][info][gc,heap     ] GC(298)      Used:      444M (43%)         598M (58%)         442M (43%)         436M (43%)         604M (59%)         434M (42%)    
[50.280s][info][gc,heap     ] GC(298)      Live:         -               203M (20%)         203M (20%)         203M (20%)            -                  -          
[50.280s][info][gc,heap     ] GC(298) Allocated:         -               154M (15%)         168M (16%)         175M (17%)            -                  -          
[50.280s][info][gc,heap     ] GC(298)   Garbage:         -               240M (23%)          70M (7%)           56M (5%)             -                  -          
[50.280s][info][gc,heap     ] GC(298) Reclaimed:         -                  -               170M (17%)         183M (18%)            -                  -          
[50.280s][info][gc          ] GC(298) Garbage Collection (Allocation Rate) 444M(43%)->436M(43%)
[50.301s][info][gc,start    ] GC(299) Garbage Collection (Allocation Rate)
[50.301s][info][gc,task     ] GC(299) Using 7 workers
[50.301s][info][gc,phases   ] GC(299) Pause Mark Start 0.010ms
[50.364s][info][gc,phases   ] GC(299) Concurrent Mark 62.241ms
[50.364s][info][gc,phases   ] GC(299) Pause Mark End 0.021ms
[50.364s][info][gc,phases   ] GC(299) Concurrent Mark Free 0.001ms
[50.366s][info][gc,phases   ] GC(299) Concurrent Process Non-Strong References 2.137ms
[50.366s][info][gc,phases   ] GC(299) Concurrent Reset Relocation Set 0.002ms
[50.369s][info][gc,phases   ] GC(299) Concurrent Select Relocation Set 2.507ms
[50.369s][info][gc,phases   ] GC(299) Pause Relocate Start 0.007ms
[50.371s][info][gc,phases   ] GC(299) Concurrent Relocate 1.750ms
[50.371s][info][gc,load     ] GC(299) Load: 0.00/0.00/0.00
[50.371s][info][gc,mmu      ] GC(299) MMU: 2ms/96.6%, 5ms/98.6%, 10ms/99.3%, 20ms/99.7%, 50ms/99.8%, 100ms/99.9%
[50.371s][info][gc,marking  ] GC(299) Mark: 4 stripe(s), 2 proactive flush(es), 1 terminate flush(es), 0 completion(s), 0 continuation(s) 
[50.371s][info][gc,marking  ] GC(299) Mark Stack Usage: 32M
[50.371s][info][gc,nmethod  ] GC(299) NMethods: 5303 registered, 1149 unregistered
[50.371s][info][gc,metaspace] GC(299) Metaspace: 59M used, 60M committed, 1088M reserved
[50.371s][info][gc,ref      ] GC(299) Soft: 3044 encountered, 0 discovered, 0 enqueued
[50.371s][info][gc,ref      ] GC(299) Weak: 5957 encountered, 2656 discovered, 0 enqueued
[50.371s][info][gc,ref      ] GC(299) Final: 60 encountered, 0 discovered, 0 enqueued
[50.371s][info][gc,ref      ] GC(299) Phantom: 608 encountered, 466 discovered, 0 enqueued
[50.371s][info][gc,reloc    ] GC(299) Small Pages: 228 / 456M, Empty: 230M, Relocated: 3M, In-Place: 0
[50.371s][info][gc,reloc    ] GC(299) Medium Pages: 1 / 32M, Empty: 0M, Relocated: 0M, In-Place: 0
[50.371s][info][gc,reloc    ] GC(299) Large Pages: 2 / 12M, Empty: 0M, Relocated: 0M, In-Place: 0
[50.371s][info][gc,reloc    ] GC(299) Forwarding Usage: 1M
[50.371s][info][gc,heap     ] GC(299) Min Capacity: 8M(1%)
[50.371s][info][gc,heap     ] GC(299) Max Capacity: 1024M(100%)
[50.371s][info][gc,heap     ] GC(299) Soft Max Capacity: 1024M(100%)
[50.371s][info][gc,heap     ] GC(299)                Mark Start          Mark End        Relocate Start      Relocate End           High               Low         
[50.371s][info][gc,heap     ] GC(299)  Capacity:     1024M (100%)       1024M (100%)       1024M (100%)       1024M (100%)       1024M (100%)       1024M (100%)   
[50.371s][info][gc,heap     ] GC(299)      Free:      524M (51%)         360M (35%)         588M (57%)         592M (58%)         594M (58%)         360M (35%)    
[50.371s][info][gc,heap     ] GC(299)      Used:      500M (49%)         664M (65%)         436M (43%)         432M (42%)         664M (65%)         430M (42%)    
[50.371s][info][gc,heap     ] GC(299)      Live:         -               203M (20%)         203M (20%)         203M (20%)            -                  -          
[50.371s][info][gc,heap     ] GC(299) Allocated:         -               164M (16%)         166M (16%)         171M (17%)            -                  -          
[50.371s][info][gc,heap     ] GC(299)   Garbage:         -               296M (29%)          66M (6%)           56M (5%)             -                  -          
[50.371s][info][gc,heap     ] GC(299) Reclaimed:         -                  -               230M (22%)         239M (23%)            -                  -          
[50.371s][info][gc          ] GC(299) Garbage Collection (Allocation Rate) 500M(49%)->432M(42%)
[50.387s][info][gc,start    ] GC(300) Garbage Collection (System.gc())
[50.387s][info][gc,task     ] GC(300) Using 10 workers
[50.388s][info][gc,phases   ] GC(300) Pause Mark Start 0.010ms
[50.447s][info][gc,phases   ] GC(300) Concurrent Mark 59.501ms
[50.447s][info][gc,phases   ] GC(300) Pause Mark End 0.019ms
[50.447s][info][gc,phases   ] GC(300) Concurrent Mark Free 0.001ms
[50.449s][info][gc,phases   ] GC(300) Concurrent Process Non-Strong References 1.978ms
[50.450s][info][gc,phases   ] GC(300) Concurrent Reset Relocation Set 0.002ms
[50.453s][info][gc,phases   ] GC(300) Concurrent Select Relocation Set 3.629ms
[50.453s][info][gc,phases   ] GC(300) Pause Relocate Start 0.009ms
[50.455s][info][gc,phases   ] GC(300) Concurrent Relocate 1.650ms
[50.455s][info][gc,load     ] GC(300) Load: 0.00/0.00/0.00
[50.455s][info][gc,mmu      ] GC(300) MMU: 2ms/96.6%, 5ms/98.6%, 10ms/99.3%, 20ms/99.7%, 50ms/99.8%, 100ms/99.9%
[50.455s][info][gc,marking  ] GC(300) Mark: 8 stripe(s), 2 proactive flush(es), 1 terminate flush(es), 0 completion(s), 0 continuation(s) 
[50.455s][info][gc,marking  ] GC(300) Mark Stack Usage: 32M
[50.455s][info][gc,nmethod  ] GC(300) NMethods: 5372 registered, 1157 unregistered
[50.455s][info][gc,metaspace] GC(300) Metaspace: 59M used, 60M committed, 1088M reserved
[50.455s][info][gc,ref      ] GC(300) Soft: 3042 encountered, 0 discovered, 0 enqueued
[50.455s][info][gc,ref      ] GC(300) Weak: 6014 encountered, 519 discovered, 119 enqueued
[50.455s][info][gc,ref      ] GC(300) Final: 60 encountered, 0 discovered, 0 enqueued
[50.455s][info][gc,ref      ] GC(300) Phantom: 608 encountered, 514 discovered, 0 enqueued
[50.455s][info][gc,reloc    ] GC(300) Small Pages: 192 / 384M, Empty: 154M, Relocated: 3M, In-Place: 0
[50.455s][info][gc,reloc    ] GC(300) Medium Pages: 1 / 32M, Empty: 0M, Relocated: 0M, In-Place: 0
[50.455s][info][gc,reloc    ] GC(300) Large Pages: 3 / 18M, Empty: 6M, Relocated: 0M, In-Place: 0
[50.455s][info][gc,reloc    ] GC(300) Forwarding Usage: 1M
[50.455s][info][gc,heap     ] GC(300) Min Capacity: 8M(1%)
[50.455s][info][gc,heap     ] GC(300) Max Capacity: 1024M(100%)
[50.455s][info][gc,heap     ] GC(300) Soft Max Capacity: 1024M(100%)
[50.455s][info][gc,heap     ] GC(300)                Mark Start          Mark End        Relocate Start      Relocate End           High               Low         
[50.455s][info][gc,heap     ] GC(300)  Capacity:     1024M (100%)       1024M (100%)       1024M (100%)       1024M (100%)       1024M (100%)       1024M (100%)   
[50.455s][info][gc,heap     ] GC(300)      Free:      590M (58%)         588M (57%)         744M (73%)         752M (73%)         752M (73%)         588M (57%)    
[50.455s][info][gc,heap     ] GC(300)      Used:      434M (42%)         436M (43%)         280M (27%)         272M (27%)         436M (43%)         272M (27%)    
[50.455s][info][gc,heap     ] GC(300)      Live:         -               203M (20%)         203M (20%)         203M (20%)            -                  -          
[50.455s][info][gc,heap     ] GC(300) Allocated:         -                 2M (0%)            6M (1%)            5M (1%)             -                  -          
[50.455s][info][gc,heap     ] GC(300)   Garbage:         -               230M (23%)          70M (7%)           62M (6%)             -                  -          
[50.455s][info][gc,heap     ] GC(300) Reclaimed:         -                  -               160M (16%)         167M (16%)            -                  -          
[50.455s][info][gc          ] GC(300) Garbage Collection (System.gc()) 434M(42%)->272M(27%)
[50.603s][info][gc,start    ] GC(301) Garbage Collection (Allocation Rate)
[50.604s][info][gc,task     ] GC(301) Using 8 workers
[50.604s][info][gc,phases   ] GC(301) Pause Mark Start 0.017ms
[50.668s][info][gc,phases   ] GC(301) Concurrent Mark 64.624ms
[50.669s][info][gc,phases   ] GC(301) Pause Mark End 0.020ms
[50.669s][info][gc,phases   ] GC(301) Concurrent Mark Free 0.001ms
[50.671s][info][gc,phases   ] GC(301) Concurrent Process Non-Strong References 2.423ms
[50.671s][info][gc,phases   ] GC(301) Concurrent Reset Relocation Set 0.003ms
[50.676s][info][gc,phases   ] GC(301) Concurrent Select Relocation Set 5.155ms
[50.677s][info][gc,phases   ] GC(301) Pause Relocate Start 0.007ms
[50.679s][info][gc,phases   ] GC(301) Concurrent Relocate 1.928ms
[50.679s][info][gc,load     ] GC(301) Load: 0.00/0.00/0.00
[50.679s][info][gc,mmu      ] GC(301) MMU: 2ms/96.6%, 5ms/98.6%, 10ms/99.3%, 20ms/99.7%, 50ms/99.8%, 100ms/99.9%
[50.679s][info][gc,marking  ] GC(301) Mark: 8 stripe(s), 2 proactive flush(es), 1 terminate flush(es), 0 completion(s), 0 continuation(s) 
[50.679s][info][gc,marking  ] GC(301) Mark Stack Usage: 32M
[50.679s][info][gc,nmethod  ] GC(301) NMethods: 5363 registered, 1197 unregistered
[50.679s][info][gc,metaspace] GC(301) Metaspace: 59M used, 60M committed, 1088M reserved
[50.679s][info][gc,ref      ] GC(301) Soft: 3044 encountered, 0 discovered, 0 enqueued
[50.679s][info][gc,ref      ] GC(301) Weak: 6059 encountered, 315 discovered, 75 enqueued
[50.679s][info][gc,ref      ] GC(301) Final: 60 encountered, 0 discovered, 0 enqueued
[50.679s][info][gc,ref      ] GC(301) Phantom: 608 encountered, 399 discovered, 0 enqueued
[50.679s][info][gc,reloc    ] GC(301) Small Pages: 248 / 496M, Empty: 242M, Relocated: 3M, In-Place: 0
[50.679s][info][gc,reloc    ] GC(301) Medium Pages: 2 / 64M, Empty: 32M, Relocated: 0M, In-Place: 0
[50.679s][info][gc,reloc    ] GC(301) Large Pages: 4 / 24M, Empty: 12M, Relocated: 0M, In-Place: 0
[50.679s][info][gc,reloc    ] GC(301) Forwarding Usage: 1M
[50.679s][info][gc,heap     ] GC(301) Min Capacity: 8M(1%)
[50.679s][info][gc,heap     ] GC(301) Max Capacity: 1024M(100%)
[50.679s][info][gc,heap     ] GC(301) Soft Max Capacity: 1024M(100%)
[50.679s][info][gc,heap     ] GC(301)                Mark Start          Mark End        Relocate Start      Relocate End           High               Low         
[50.679s][info][gc,heap     ] GC(301)  Capacity:     1024M (100%)       1024M (100%)       1024M (100%)       1024M (100%)       1024M (100%)       1024M (100%)   
[50.679s][info][gc,heap     ] GC(301)      Free:      440M (43%)         220M (21%)         482M (47%)         514M (50%)         514M (50%)         210M (21%)    
[50.679s][info][gc,heap     ] GC(301)      Used:      584M (57%)         804M (79%)         542M (53%)         510M (50%)         814M (79%)         510M (50%)    
[50.679s][info][gc,heap     ] GC(301)      Live:         -               203M (20%)         203M (20%)         203M (20%)            -                  -          
[50.679s][info][gc,heap     ] GC(301) Allocated:         -               220M (21%)         244M (24%)         247M (24%)            -                  -          
[50.679s][info][gc,heap     ] GC(301)   Garbage:         -               380M (37%)          94M (9%)           58M (6%)             -                  -          
[50.679s][info][gc,heap     ] GC(301) Reclaimed:         -                  -               286M (28%)         321M (31%)            -                  -          
[50.679s][info][gc          ] GC(301) Garbage Collection (Allocation Rate) 584M(57%)->510M(50%)
[50.700s][info][gc,start    ] GC(302) Garbage Collection (Allocation Rate)
[50.700s][info][gc,task     ] GC(302) Using 8 workers
[50.700s][info][gc,phases   ] GC(302) Pause Mark Start 0.012ms
[50.762s][info][gc,phases   ] GC(302) Concurrent Mark 62.218ms
[50.762s][info][gc,phases   ] GC(302) Pause Mark End 0.019ms
[50.762s][info][gc,phases   ] GC(302) Concurrent Mark Free 0.001ms
[50.765s][info][gc,phases   ] GC(302) Concurrent Process Non-Strong References 2.064ms
[50.765s][info][gc,phases   ] GC(302) Concurrent Reset Relocation Set 0.003ms
[50.770s][info][gc,phases   ] GC(302) Concurrent Select Relocation Set 5.216ms
[50.770s][info][gc,phases   ] GC(302) Pause Relocate Start 0.008ms
[50.772s][info][gc,phases   ] GC(302) Concurrent Relocate 1.685ms
[50.772s][info][gc,load     ] GC(302) Load: 0.00/0.00/0.00
[50.772s][info][gc,mmu      ] GC(302) MMU: 2ms/96.6%, 5ms/98.6%, 10ms/99.3%, 20ms/99.7%, 50ms/99.8%, 100ms/99.9%
[50.772s][info][gc,marking  ] GC(302) Mark: 8 stripe(s), 2 proactive flush(es), 1 terminate flush(es), 0 completion(s), 0 continuation(s) 
[50.772s][info][gc,marking  ] GC(302) Mark Stack Usage: 32M
[50.772s][info][gc,nmethod  ] GC(302) NMethods: 5362 registered, 1198 unregistered
[50.772s][info][gc,metaspace] GC(302) Metaspace: 59M used, 60M committed, 1088M reserved
[50.772s][info][gc,ref      ] GC(302) Soft: 3044 encountered, 0 discovered, 0 enqueued
[50.772s][info][gc,ref      ] GC(302) Weak: 5983 encountered, 325 discovered, 19 enqueued
[50.772s][info][gc,ref      ] GC(302) Final: 60 encountered, 20 discovered, 0 enqueued
[50.772s][info][gc,ref      ] GC(302) Phantom: 608 encountered, 332 discovered, 0 enqueued
[50.772s][info][gc,reloc    ] GC(302) Small Pages: 269 / 538M, Empty: 302M, Relocated: 3M, In-Place: 0
[50.772s][info][gc,reloc    ] GC(302) Medium Pages: 1 / 32M, Empty: 0M, Relocated: 0M, In-Place: 0
[50.772s][info][gc,reloc    ] GC(302) Large Pages: 2 / 12M, Empty: 0M, Relocated: 0M, In-Place: 0
[50.772s][info][gc,reloc    ] GC(302) Forwarding Usage: 1M
[50.772s][info][gc,heap     ] GC(302) Min Capacity: 8M(1%)
[50.772s][info][gc,heap     ] GC(302) Max Capacity: 1024M(100%)
[50.772s][info][gc,heap     ] GC(302) Soft Max Capacity: 1024M(100%)
[50.772s][info][gc,heap     ] GC(302)                Mark Start          Mark End        Relocate Start      Relocate End           High               Low         
[50.772s][info][gc,heap     ] GC(302)  Capacity:     1024M (100%)       1024M (100%)       1024M (100%)       1024M (100%)       1024M (100%)       1024M (100%)   
[50.772s][info][gc,heap     ] GC(302)      Free:      442M (43%)         222M (22%)         498M (49%)         512M (50%)         512M (50%)         214M (21%)    
[50.772s][info][gc,heap     ] GC(302)      Used:      582M (57%)         802M (78%)         526M (51%)         512M (50%)         810M (79%)         512M (50%)    
[50.772s][info][gc,heap     ] GC(302)      Live:         -               203M (20%)         203M (20%)         203M (20%)            -                  -          
[50.772s][info][gc,heap     ] GC(302) Allocated:         -               220M (21%)         246M (24%)         249M (24%)            -                  -          
[50.772s][info][gc,heap     ] GC(302)   Garbage:         -               378M (37%)          76M (7%)           58M (6%)             -                  -          
[50.772s][info][gc,heap     ] GC(302) Reclaimed:         -                  -               302M (29%)         319M (31%)            -                  -          
[50.773s][info][gc          ] GC(302) Garbage Collection (Allocation Rate) 582M(57%)->512M(50%)
[50.793s][info][gc,start    ] GC(303) Garbage Collection (Allocation Rate)
[50.794s][info][gc,task     ] GC(303) Using 8 workers
[50.794s][info][gc,phases   ] GC(303) Pause Mark Start 0.012ms
[50.856s][info][gc,phases   ] GC(303) Concurrent Mark 62.237ms
[50.856s][info][gc,phases   ] GC(303) Pause Mark End 0.025ms
[50.856s][info][gc,phases   ] GC(303) Concurrent Mark Free 0.001ms
[50.858s][info][gc,phases   ] GC(303) Concurrent Process Non-Strong References 2.059ms
[50.858s][info][gc,phases   ] GC(303) Concurrent Reset Relocation Set 0.002ms
[50.862s][info][gc,phases   ] GC(303) Concurrent Select Relocation Set 3.602ms
[50.862s][info][gc,phases   ] GC(303) Pause Relocate Start 0.007ms
[50.865s][info][gc,phases   ] GC(303) Concurrent Relocate 2.932ms
[50.865s][info][gc,load     ] GC(303) Load: 0.00/0.00/0.00
[50.865s][info][gc,mmu      ] GC(303) MMU: 2ms/96.6%, 5ms/98.6%, 10ms/99.3%, 20ms/99.7%, 50ms/99.8%, 100ms/99.9%
[50.865s][info][gc,marking  ] GC(303) Mark: 8 stripe(s), 2 proactive flush(es), 1 terminate flush(es), 0 completion(s), 0 continuation(s) 
[50.865s][info][gc,marking  ] GC(303) Mark Stack Usage: 32M
[50.865s][info][gc,nmethod  ] GC(303) NMethods: 5362 registered, 1198 unregistered
[50.865s][info][gc,metaspace] GC(303) Metaspace: 59M used, 60M committed, 1088M reserved
[50.865s][info][gc,ref      ] GC(303) Soft: 3044 encountered, 0 discovered, 0 enqueued
[50.865s][info][gc,ref      ] GC(303) Weak: 5964 encountered, 564 discovered, 0 enqueued
[50.865s][info][gc,ref      ] GC(303) Final: 60 encountered, 0 discovered, 0 enqueued
[50.865s][info][gc,ref      ] GC(303) Phantom: 608 encountered, 361 discovered, 0 enqueued
[50.865s][info][gc,reloc    ] GC(303) Small Pages: 260 / 520M, Empty: 288M, Relocated: 3M, In-Place: 0
[50.865s][info][gc,reloc    ] GC(303) Medium Pages: 1 / 32M, Empty: 0M, Relocated: 0M, In-Place: 0
[50.865s][info][gc,reloc    ] GC(303) Large Pages: 2 / 12M, Empty: 0M, Relocated: 0M, In-Place: 0
[50.865s][info][gc,reloc    ] GC(303) Forwarding Usage: 1M
[50.866s][info][gc,heap     ] GC(303) Min Capacity: 8M(1%)
[50.866s][info][gc,heap     ] GC(303) Max Capacity: 1024M(100%)
[50.866s][info][gc,heap     ] GC(303) Soft Max Capacity: 1024M(100%)
[50.866s][info][gc,heap     ] GC(303)                Mark Start          Mark End        Relocate Start      Relocate End           High               Low         
[50.866s][info][gc,heap     ] GC(303)  Capacity:     1024M (100%)       1024M (100%)       1024M (100%)       1024M (100%)       1024M (100%)       1024M (100%)   
[50.866s][info][gc,heap     ] GC(303)      Free:      460M (45%)         310M (30%)         584M (57%)         590M (58%)         594M (58%)         306M (30%)    
[50.866s][info][gc,heap     ] GC(303)      Used:      564M (55%)         714M (70%)         440M (43%)         434M (42%)         718M (70%)         430M (42%)    
[50.866s][info][gc,heap     ] GC(303)      Live:         -               203M (20%)         203M (20%)         203M (20%)            -                  -          
[50.866s][info][gc,heap     ] GC(303) Allocated:         -               150M (15%)         164M (16%)         171M (17%)            -                  -          
[50.866s][info][gc,heap     ] GC(303)   Garbage:         -               360M (35%)          72M (7%)           58M (6%)             -                  -          
[50.866s][info][gc,heap     ] GC(303) Reclaimed:         -                  -               288M (28%)         301M (29%)            -                  -          
[50.866s][info][gc          ] GC(303) Garbage Collection (Allocation Rate) 564M(55%)->434M(42%)
[50.903s][info][gc,start    ] GC(304) Garbage Collection (Allocation Rate)
[50.903s][info][gc,task     ] GC(304) Using 8 workers
[50.903s][info][gc,phases   ] GC(304) Pause Mark Start 0.013ms
[50.965s][info][gc,phases   ] GC(304) Concurrent Mark 62.124ms
[50.965s][info][gc,phases   ] GC(304) Pause Mark End 0.024ms
[50.965s][info][gc,phases   ] GC(304) Concurrent Mark Free 0.002ms
[50.967s][info][gc,phases   ] GC(304) Concurrent Process Non-Strong References 1.841ms
[50.967s][info][gc,phases   ] GC(304) Concurrent Reset Relocation Set 0.002ms
[50.971s][info][gc,phases   ] GC(304) Concurrent Select Relocation Set 3.611ms
[50.971s][info][gc,phases   ] GC(304) Pause Relocate Start 0.007ms
[50.973s][info][gc,phases   ] GC(304) Concurrent Relocate 1.650ms
[50.973s][info][gc,load     ] GC(304) Load: 0.00/0.00/0.00
[50.973s][info][gc,mmu      ] GC(304) MMU: 2ms/96.6%, 5ms/98.6%, 10ms/99.3%, 20ms/99.7%, 50ms/99.8%, 100ms/99.9%
[50.973s][info][gc,marking  ] GC(304) Mark: 8 stripe(s), 2 proactive flush(es), 1 terminate flush(es), 0 completion(s), 0 continuation(s) 
[50.973s][info][gc,marking  ] GC(304) Mark Stack Usage: 32M
[50.973s][info][gc,nmethod  ] GC(304) NMethods: 5362 registered, 1198 unregistered
[50.973s][info][gc,metaspace] GC(304) Metaspace: 59M used, 60M committed, 1088M reserved
[50.973s][info][gc,ref      ] GC(304) Soft: 3044 encountered, 0 discovered, 0 enqueued
[50.973s][info][gc,ref      ] GC(304) Weak: 5964 encountered, 737 discovered, 0 enqueued
[50.973s][info][gc,ref      ] GC(304) Final: 60 encountered, 0 discovered, 0 enqueued
[50.973s][info][gc,ref      ] GC(304) Phantom: 608 encountered, 387 discovered, 0 enqueued
[50.973s][info][gc,reloc    ] GC(304) Small Pages: 248 / 496M, Empty: 264M, Relocated: 3M, In-Place: 0
[50.973s][info][gc,reloc    ] GC(304) Medium Pages: 1 / 32M, Empty: 0M, Relocated: 0M, In-Place: 0
[50.973s][info][gc,reloc    ] GC(304) Large Pages: 2 / 12M, Empty: 0M, Relocated: 0M, In-Place: 0
[50.973s][info][gc,reloc    ] GC(304) Forwarding Usage: 1M
[50.973s][info][gc,heap     ] GC(304) Min Capacity: 8M(1%)
[50.973s][info][gc,heap     ] GC(304) Max Capacity: 1024M(100%)
[50.973s][info][gc,heap     ] GC(304) Soft Max Capacity: 1024M(100%)
[50.973s][info][gc,heap     ] GC(304)                Mark Start          Mark End        Relocate Start      Relocate End           High               Low         
[50.973s][info][gc,heap     ] GC(304)  Capacity:     1024M (100%)       1024M (100%)       1024M (100%)       1024M (100%)       1024M (100%)       1024M (100%)   
[50.974s][info][gc,heap     ] GC(304)      Free:      484M (47%)         310M (30%)         558M (54%)         568M (55%)         568M (55%)         304M (30%)    
[50.974s][info][gc,heap     ] GC(304)      Used:      540M (53%)         714M (70%)         466M (46%)         456M (45%)         720M (70%)         456M (45%)    
[50.974s][info][gc,heap     ] GC(304)      Live:         -               203M (20%)         203M (20%)         203M (20%)            -                  -          
[50.974s][info][gc,heap     ] GC(304) Allocated:         -               174M (17%)         190M (19%)         193M (19%)            -                  -          
[50.974s][info][gc,heap     ] GC(304)   Garbage:         -               336M (33%)          72M (7%)           58M (6%)             -                  -          
[50.974s][info][gc,heap     ] GC(304) Reclaimed:         -                  -               264M (26%)         277M (27%)            -                  -          
[50.974s][info][gc          ] GC(304) Garbage Collection (Allocation Rate) 540M(53%)->456M(45%)
[50.997s][info][gc,start    ] GC(305) Garbage Collection (Allocation Rate)
[50.997s][info][gc,task     ] GC(305) Using 8 workers
[50.997s][info][gc,phases   ] GC(305) Pause Mark Start 0.010ms
[51.059s][info][gc,phases   ] GC(305) Concurrent Mark 62.210ms
[51.059s][info][gc,phases   ] GC(305) Pause Mark End 0.020ms
[51.059s][info][gc,phases   ] GC(305) Concurrent Mark Free 0.001ms
[51.062s][info][gc,phases   ] GC(305) Concurrent Process Non-Strong References 2.439ms
[51.062s][info][gc,phases   ] GC(305) Concurrent Reset Relocation Set 0.002ms
[51.066s][info][gc,phases   ] GC(305) Concurrent Select Relocation Set 3.662ms
[51.066s][info][gc,phases   ] GC(305) Pause Relocate Start 0.008ms
[51.068s][info][gc,phases   ] GC(305) Concurrent Relocate 2.484ms
[51.068s][info][gc,load     ] GC(305) Load: 0.00/0.00/0.00
[51.068s][info][gc,mmu      ] GC(305) MMU: 2ms/96.6%, 5ms/98.6%, 10ms/99.3%, 20ms/99.7%, 50ms/99.8%, 100ms/99.9%
[51.068s][info][gc,marking  ] GC(305) Mark: 8 stripe(s), 2 proactive flush(es), 1 terminate flush(es), 0 completion(s), 0 continuation(s) 
[51.068s][info][gc,marking  ] GC(305) Mark Stack Usage: 32M
[51.068s][info][gc,nmethod  ] GC(305) NMethods: 5362 registered, 1198 unregistered
[51.068s][info][gc,metaspace] GC(305) Metaspace: 59M used, 60M committed, 1088M reserved
[51.068s][info][gc,ref      ] GC(305) Soft: 3044 encountered, 0 discovered, 0 enqueued
[51.068s][info][gc,ref      ] GC(305) Weak: 5964 encountered, 1542 discovered, 0 enqueued
[51.068s][info][gc,ref      ] GC(305) Final: 60 encountered, 8 discovered, 0 enqueued
[51.068s][info][gc,ref      ] GC(305) Phantom: 608 encountered, 430 discovered, 0 enqueued
[51.069s][info][gc,reloc    ] GC(305) Small Pages: 247 / 494M, Empty: 264M, Relocated: 3M, In-Place: 0
[51.069s][info][gc,reloc    ] GC(305) Medium Pages: 1 / 32M, Empty: 0M, Relocated: 0M, In-Place: 0
[51.069s][info][gc,reloc    ] GC(305) Large Pages: 2 / 12M, Empty: 0M, Relocated: 0M, In-Place: 0
[51.069s][info][gc,reloc    ] GC(305) Forwarding Usage: 1M
[51.069s][info][gc,heap     ] GC(305) Min Capacity: 8M(1%)
[51.069s][info][gc,heap     ] GC(305) Max Capacity: 1024M(100%)
[51.069s][info][gc,heap     ] GC(305) Soft Max Capacity: 1024M(100%)
[51.069s][info][gc,heap     ] GC(305)                Mark Start          Mark End        Relocate Start      Relocate End           High               Low         
[51.069s][info][gc,heap     ] GC(305)  Capacity:     1024M (100%)       1024M (100%)       1024M (100%)       1024M (100%)       1024M (100%)       1024M (100%)   
[51.069s][info][gc,heap     ] GC(305)      Free:      486M (47%)         274M (27%)         516M (50%)         520M (51%)         522M (51%)         264M (26%)    
[51.069s][info][gc,heap     ] GC(305)      Used:      538M (53%)         750M (73%)         508M (50%)         504M (49%)         760M (74%)         502M (49%)    
[51.069s][info][gc,heap     ] GC(305)      Live:         -               203M (20%)         203M (20%)         203M (20%)            -                  -          
[51.069s][info][gc,heap     ] GC(305) Allocated:         -               212M (21%)         234M (23%)         241M (24%)            -                  -          
[51.069s][info][gc,heap     ] GC(305)   Garbage:         -               334M (33%)          70M (7%)           58M (6%)             -                  -          
[51.069s][info][gc,heap     ] GC(305) Reclaimed:         -                  -               264M (26%)         275M (27%)            -                  -          
[51.069s][info][gc          ] GC(305) Garbage Collection (Allocation Rate) 538M(53%)->504M(49%)
[51.106s][info][gc,start    ] GC(306) Garbage Collection (Allocation Rate)
[51.106s][info][gc,task     ] GC(306) Using 8 workers
[51.106s][info][gc,phases   ] GC(306) Pause Mark Start 0.010ms
[51.168s][info][gc,phases   ] GC(306) Concurrent Mark 62.209ms
[51.169s][info][gc,phases   ] GC(306) Pause Mark End 0.030ms
[51.169s][info][gc,phases   ] GC(306) Concurrent Mark Free 0.001ms
[51.171s][info][gc,phases   ] GC(306) Concurrent Process Non-Strong References 2.141ms
[51.171s][info][gc,phases   ] GC(306) Concurrent Reset Relocation Set 0.003ms
[51.175s][info][gc,phases   ] GC(306) Concurrent Select Relocation Set 3.655ms
[51.175s][info][gc,phases   ] GC(306) Pause Relocate Start 0.007ms
[51.176s][info][gc,phases   ] GC(306) Concurrent Relocate 1.665ms
[51.176s][info][gc,load     ] GC(306) Load: 0.00/0.00/0.00
[51.176s][info][gc,mmu      ] GC(306) MMU: 2ms/96.6%, 5ms/98.6%, 10ms/99.3%, 20ms/99.7%, 50ms/99.8%, 100ms/99.9%
[51.177s][info][gc,marking  ] GC(306) Mark: 8 stripe(s), 2 proactive flush(es), 1 terminate flush(es), 0 completion(s), 0 continuation(s) 
[51.177s][info][gc,marking  ] GC(306) Mark Stack Usage: 32M
[51.177s][info][gc,nmethod  ] GC(306) NMethods: 5362 registered, 1198 unregistered
[51.177s][info][gc,metaspace] GC(306) Metaspace: 59M used, 60M committed, 1088M reserved
[51.177s][info][gc,ref      ] GC(306) Soft: 3044 encountered, 0 discovered, 0 enqueued
[51.177s][info][gc,ref      ] GC(306) Weak: 5964 encountered, 1067 discovered, 0 enqueued
[51.177s][info][gc,ref      ] GC(306) Final: 60 encountered, 4 discovered, 0 enqueued
[51.177s][info][gc,ref      ] GC(306) Phantom: 608 encountered, 365 discovered, 0 enqueued
[51.177s][info][gc,reloc    ] GC(306) Small Pages: 295 / 590M, Empty: 360M, Relocated: 3M, In-Place: 0
[51.177s][info][gc,reloc    ] GC(306) Medium Pages: 1 / 32M, Empty: 0M, Relocated: 0M, In-Place: 0
[51.177s][info][gc,reloc    ] GC(306) Large Pages: 2 / 12M, Empty: 0M, Relocated: 0M, In-Place: 0
[51.177s][info][gc,reloc    ] GC(306) Forwarding Usage: 1M
[51.177s][info][gc,heap     ] GC(306) Min Capacity: 8M(1%)
[51.177s][info][gc,heap     ] GC(306) Max Capacity: 1024M(100%)
[51.177s][info][gc,heap     ] GC(306) Soft Max Capacity: 1024M(100%)
[51.177s][info][gc,heap     ] GC(306)                Mark Start          Mark End        Relocate Start      Relocate End           High               Low         
[51.177s][info][gc,heap     ] GC(306)  Capacity:     1024M (100%)       1024M (100%)       1024M (100%)       1024M (100%)       1024M (100%)       1024M (100%)   
[51.177s][info][gc,heap     ] GC(306)      Free:      390M (38%)         176M (17%)         514M (50%)         522M (51%)         522M (51%)         166M (16%)    
[51.177s][info][gc,heap     ] GC(306)      Used:      634M (62%)         848M (83%)         510M (50%)         502M (49%)         858M (84%)         502M (49%)    
[51.177s][info][gc,heap     ] GC(306)      Live:         -               203M (20%)         203M (20%)         203M (20%)            -                  -          
[51.177s][info][gc,heap     ] GC(306) Allocated:         -               214M (21%)         236M (23%)         239M (23%)            -                  -          
[51.177s][info][gc,heap     ] GC(306)   Garbage:         -               430M (42%)          70M (7%)           58M (6%)             -                  -          
[51.177s][info][gc,heap     ] GC(306) Reclaimed:         -                  -               360M (35%)         371M (36%)            -                  -          
[51.177s][info][gc          ] GC(306) Garbage Collection (Allocation Rate) 634M(62%)->502M(49%)
[51.200s][info][gc,start    ] GC(307) Garbage Collection (Allocation Rate)
[51.200s][info][gc,task     ] GC(307) Using 8 workers
[51.200s][info][gc,phases   ] GC(307) Pause Mark Start 0.010ms
[51.254s][info][gc,phases   ] GC(307) Concurrent Mark 54.135ms
[51.254s][info][gc,phases   ] GC(307) Pause Mark End 0.018ms
[51.254s][info][gc,phases   ] GC(307) Concurrent Mark Free 0.001ms
[51.256s][info][gc,phases   ] GC(307) Concurrent Process Non-Strong References 1.839ms
[51.256s][info][gc,phases   ] GC(307) Concurrent Reset Relocation Set 0.002ms
[51.260s][info][gc,phases   ] GC(307) Concurrent Select Relocation Set 3.605ms
[51.260s][info][gc,phases   ] GC(307) Pause Relocate Start 0.009ms
[51.262s][info][gc,phases   ] GC(307) Concurrent Relocate 1.730ms
[51.262s][info][gc,load     ] GC(307) Load: 0.00/0.00/0.00
[51.262s][info][gc,mmu      ] GC(307) MMU: 2ms/96.6%, 5ms/98.6%, 10ms/99.3%, 20ms/99.7%, 50ms/99.8%, 100ms/99.9%
[51.262s][info][gc,marking  ] GC(307) Mark: 8 stripe(s), 2 proactive flush(es), 1 terminate flush(es), 0 completion(s), 0 continuation(s) 
[51.262s][info][gc,marking  ] GC(307) Mark Stack Usage: 32M
[51.262s][info][gc,nmethod  ] GC(307) NMethods: 5392 registered, 1198 unregistered
[51.262s][info][gc,metaspace] GC(307) Metaspace: 59M used, 60M committed, 1088M reserved
[51.262s][info][gc,ref      ] GC(307) Soft: 3044 encountered, 0 discovered, 0 enqueued
[51.262s][info][gc,ref      ] GC(307) Weak: 5964 encountered, 1273 discovered, 0 enqueued
[51.262s][info][gc,ref      ] GC(307) Final: 60 encountered, 58 discovered, 0 enqueued
[51.262s][info][gc,ref      ] GC(307) Phantom: 608 encountered, 516 discovered, 0 enqueued
[51.262s][info][gc,reloc    ] GC(307) Small Pages: 264 / 528M, Empty: 296M, Relocated: 3M, In-Place: 0
[51.262s][info][gc,reloc    ] GC(307) Medium Pages: 1 / 32M, Empty: 0M, Relocated: 0M, In-Place: 0
[51.262s][info][gc,reloc    ] GC(307) Large Pages: 2 / 12M, Empty: 0M, Relocated: 0M, In-Place: 0
[51.262s][info][gc,reloc    ] GC(307) Forwarding Usage: 1M
[51.262s][info][gc,heap     ] GC(307) Min Capacity: 8M(1%)
[51.262s][info][gc,heap     ] GC(307) Max Capacity: 1024M(100%)
[51.262s][info][gc,heap     ] GC(307) Soft Max Capacity: 1024M(100%)
[51.262s][info][gc,heap     ] GC(307)                Mark Start          Mark End        Relocate Start      Relocate End           High               Low         
[51.262s][info][gc,heap     ] GC(307)  Capacity:     1024M (100%)       1024M (100%)       1024M (100%)       1024M (100%)       1024M (100%)       1024M (100%)   
[51.262s][info][gc,heap     ] GC(307)      Free:      452M (44%)         362M (35%)         650M (63%)         664M (65%)         664M (65%)         356M (35%)    
[51.262s][info][gc,heap     ] GC(307)      Used:      572M (56%)         662M (65%)         374M (37%)         360M (35%)         668M (65%)         360M (35%)    
[51.262s][info][gc,heap     ] GC(307)      Live:         -               203M (20%)         203M (20%)         203M (20%)            -                  -          
[51.263s][info][gc,heap     ] GC(307) Allocated:         -                90M (9%)           98M (10%)          97M (10%)            -                  -          
[51.263s][info][gc,heap     ] GC(307)   Garbage:         -               368M (36%)          72M (7%)           58M (6%)             -                  -          
[51.263s][info][gc,heap     ] GC(307) Reclaimed:         -                  -               296M (29%)         309M (30%)            -                  -          
[51.263s][info][gc          ] GC(307) Garbage Collection (Allocation Rate) 572M(56%)->360M(35%)
[51.274s][info][gc,start    ] GC(308) Garbage Collection (System.gc())
[51.274s][info][gc,task     ] GC(308) Using 10 workers
[51.275s][info][gc,phases   ] GC(308) Pause Mark Start 0.010ms
[51.332s][info][gc,phases   ] GC(308) Concurrent Mark 57.579ms
[51.332s][info][gc,phases   ] GC(308) Pause Mark End 0.030ms
[51.332s][info][gc,phases   ] GC(308) Concurrent Mark Free 0.001ms
[51.334s][info][gc,phases   ] GC(308) Concurrent Process Non-Strong References 2.015ms
[51.334s][info][gc,phases   ] GC(308) Concurrent Reset Relocation Set 0.001ms
[51.337s][info][gc,phases   ] GC(308) Concurrent Select Relocation Set 2.759ms
[51.337s][info][gc,phases   ] GC(308) Pause Relocate Start 0.012ms
[51.340s][info][gc,phases   ] GC(308) Concurrent Relocate 2.203ms
[51.340s][info][gc,load     ] GC(308) Load: 0.00/0.00/0.00
[51.340s][info][gc,mmu      ] GC(308) MMU: 2ms/96.6%, 5ms/98.6%, 10ms/99.3%, 20ms/99.7%, 50ms/99.8%, 100ms/99.9%
[51.340s][info][gc,marking  ] GC(308) Mark: 8 stripe(s), 2 proactive flush(es), 1 terminate flush(es), 0 completion(s), 0 continuation(s) 
[51.340s][info][gc,marking  ] GC(308) Mark Stack Usage: 32M
[51.340s][info][gc,nmethod  ] GC(308) NMethods: 5404 registered, 1200 unregistered
[51.340s][info][gc,metaspace] GC(308) Metaspace: 59M used, 60M committed, 1088M reserved
[51.340s][info][gc,ref      ] GC(308) Soft: 3042 encountered, 0 discovered, 0 enqueued
[51.340s][info][gc,ref      ] GC(308) Weak: 6033 encountered, 1345 discovered, 119 enqueued
[51.340s][info][gc,ref      ] GC(308) Final: 60 encountered, 36 discovered, 0 enqueued
[51.340s][info][gc,ref      ] GC(308) Phantom: 608 encountered, 449 discovered, 0 enqueued
[51.340s][info][gc,reloc    ] GC(308) Small Pages: 156 / 312M, Empty: 74M, Relocated: 3M, In-Place: 0
[51.340s][info][gc,reloc    ] GC(308) Medium Pages: 1 / 32M, Empty: 0M, Relocated: 0M, In-Place: 0
[51.340s][info][gc,reloc    ] GC(308) Large Pages: 3 / 18M, Empty: 6M, Relocated: 0M, In-Place: 0
[51.340s][info][gc,reloc    ] GC(308) Forwarding Usage: 1M
[51.340s][info][gc,heap     ] GC(308) Min Capacity: 8M(1%)
[51.340s][info][gc,heap     ] GC(308) Max Capacity: 1024M(100%)
[51.340s][info][gc,heap     ] GC(308) Soft Max Capacity: 1024M(100%)
[51.340s][info][gc,heap     ] GC(308)                Mark Start          Mark End        Relocate Start      Relocate End           High               Low         
[51.340s][info][gc,heap     ] GC(308)  Capacity:     1024M (100%)       1024M (100%)       1024M (100%)       1024M (100%)       1024M (100%)       1024M (100%)   
[51.340s][info][gc,heap     ] GC(308)      Free:      662M (65%)         660M (64%)         736M (72%)         752M (73%)         752M (73%)         656M (64%)    
[51.340s][info][gc,heap     ] GC(308)      Used:      362M (35%)         364M (36%)         288M (28%)         272M (27%)         368M (36%)         272M (27%)    
[51.340s][info][gc,heap     ] GC(308)      Live:         -               203M (20%)         203M (20%)         203M (20%)            -                  -          
[51.340s][info][gc,heap     ] GC(308) Allocated:         -                 2M (0%)            6M (1%)            5M (1%)             -                  -          
[51.340s][info][gc,heap     ] GC(308)   Garbage:         -               158M (15%)          78M (8%)           62M (6%)             -                  -          
[51.340s][info][gc,heap     ] GC(308) Reclaimed:         -                  -                80M (8%)           95M (9%)             -                  -          
[51.340s][info][gc          ] GC(308) Garbage Collection (System.gc()) 362M(35%)->272M(27%)
[51.504s][info][gc,start    ] GC(309) Garbage Collection (Allocation Rate)
[51.504s][info][gc,task     ] GC(309) Using 7 workers
[51.504s][info][gc,phases   ] GC(309) Pause Mark Start 0.016ms
[51.582s][info][gc,phases   ] GC(309) Concurrent Mark 77.682ms
[51.582s][info][gc,phases   ] GC(309) Pause Mark End 0.025ms
[51.582s][info][gc,phases   ] GC(309) Concurrent Mark Free 0.002ms
[51.585s][info][gc,phases   ] GC(309) Concurrent Process Non-Strong References 2.896ms
[51.585s][info][gc,phases   ] GC(309) Concurrent Reset Relocation Set 0.003ms
[51.589s][info][gc,phases   ] GC(309) Concurrent Select Relocation Set 3.703ms
[51.589s][info][gc,phases   ] GC(309) Pause Relocate Start 0.010ms
[51.592s][info][gc,phases   ] GC(309) Concurrent Relocate 3.155ms
[51.592s][info][gc,load     ] GC(309) Load: 0.00/0.00/0.00
[51.593s][info][gc,mmu      ] GC(309) MMU: 2ms/96.6%, 5ms/98.6%, 10ms/99.3%, 20ms/99.7%, 50ms/99.8%, 100ms/99.9%
[51.593s][info][gc,marking  ] GC(309) Mark: 4 stripe(s), 3 proactive flush(es), 1 terminate flush(es), 0 completion(s), 0 continuation(s) 
[51.593s][info][gc,marking  ] GC(309) Mark Stack Usage: 32M
[51.593s][info][gc,nmethod  ] GC(309) NMethods: 5409 registered, 1202 unregistered
[51.593s][info][gc,metaspace] GC(309) Metaspace: 59M used, 60M committed, 1088M reserved
[51.593s][info][gc,ref      ] GC(309) Soft: 3044 encountered, 0 discovered, 0 enqueued
[51.593s][info][gc,ref      ] GC(309) Weak: 6049 encountered, 411 discovered, 74 enqueued
[51.593s][info][gc,ref      ] GC(309) Final: 60 encountered, 0 discovered, 0 enqueued
[51.593s][info][gc,ref      ] GC(309) Phantom: 608 encountered, 406 discovered, 0 enqueued
[51.593s][info][gc,reloc    ] GC(309) Small Pages: 262 / 524M, Empty: 270M, Relocated: 3M, In-Place: 0
[51.593s][info][gc,reloc    ] GC(309) Medium Pages: 2 / 64M, Empty: 32M, Relocated: 0M, In-Place: 0
[51.593s][info][gc,reloc    ] GC(309) Large Pages: 4 / 24M, Empty: 12M, Relocated: 0M, In-Place: 0
[51.593s][info][gc,reloc    ] GC(309) Forwarding Usage: 1M
[51.593s][info][gc,heap     ] GC(309) Min Capacity: 8M(1%)
[51.593s][info][gc,heap     ] GC(309) Max Capacity: 1024M(100%)
[51.593s][info][gc,heap     ] GC(309) Soft Max Capacity: 1024M(100%)
[51.593s][info][gc,heap     ] GC(309)                Mark Start          Mark End        Relocate Start      Relocate End           High               Low         
[51.593s][info][gc,heap     ] GC(309)  Capacity:     1024M (100%)       1024M (100%)       1024M (100%)       1024M (100%)       1024M (100%)       1024M (100%)   
[51.593s][info][gc,heap     ] GC(309)      Free:      412M (40%)         148M (14%)         434M (42%)         464M (45%)         468M (46%)         136M (13%)    
[51.593s][info][gc,heap     ] GC(309)      Used:      612M (60%)         876M (86%)         590M (58%)         560M (55%)         888M (87%)         556M (54%)    
[51.593s][info][gc,heap     ] GC(309)      Live:         -               203M (20%)         203M (20%)         203M (20%)            -                  -          
[51.593s][info][gc,heap     ] GC(309) Allocated:         -               264M (26%)         292M (29%)         299M (29%)            -                  -          
[51.593s][info][gc,heap     ] GC(309)   Garbage:         -               408M (40%)          94M (9%)           56M (5%)             -                  -          
[51.593s][info][gc,heap     ] GC(309) Reclaimed:         -                  -               314M (31%)         351M (34%)            -                  -          
[51.593s][info][gc          ] GC(309) Garbage Collection (Allocation Rate) 612M(60%)->560M(55%)
[51.598s][info][gc,start    ] GC(310) Garbage Collection (Allocation Rate)
[51.598s][info][gc,task     ] GC(310) Using 7 workers
[51.598s][info][gc,phases   ] GC(310) Pause Mark Start 0.009ms
[51.676s][info][gc,phases   ] GC(310) Concurrent Mark 77.832ms
[51.676s][info][gc,phases   ] GC(310) Pause Mark End 0.028ms
[51.676s][info][gc,phases   ] GC(310) Concurrent Mark Free 0.001ms
[51.679s][info][gc,phases   ] GC(310) Concurrent Process Non-Strong References 2.515ms
[51.679s][info][gc,phases   ] GC(310) Concurrent Reset Relocation Set 0.003ms
[51.684s][info][gc,phases   ] GC(310) Concurrent Select Relocation Set 5.215ms
[51.684s][info][gc,phases   ] GC(310) Pause Relocate Start 0.007ms
[51.686s][info][gc,phases   ] GC(310) Concurrent Relocate 2.054ms
[51.686s][info][gc,load     ] GC(310) Load: 0.00/0.00/0.00
[51.686s][info][gc,mmu      ] GC(310) MMU: 2ms/96.6%, 5ms/98.6%, 10ms/99.3%, 20ms/99.7%, 50ms/99.8%, 100ms/99.9%
[51.686s][info][gc,marking  ] GC(310) Mark: 4 stripe(s), 3 proactive flush(es), 1 terminate flush(es), 0 completion(s), 0 continuation(s) 
[51.686s][info][gc,marking  ] GC(310) Mark Stack Usage: 32M
[51.686s][info][gc,nmethod  ] GC(310) NMethods: 5409 registered, 1202 unregistered
[51.686s][info][gc,metaspace] GC(310) Metaspace: 59M used, 60M committed, 1088M reserved
[51.687s][info][gc,ref      ] GC(310) Soft: 3044 encountered, 0 discovered, 0 enqueued
[51.687s][info][gc,ref      ] GC(310) Weak: 5974 encountered, 385 discovered, 14 enqueued
[51.687s][info][gc,ref      ] GC(310) Final: 60 encountered, 0 discovered, 0 enqueued
[51.687s][info][gc,ref      ] GC(310) Phantom: 608 encountered, 435 discovered, 0 enqueued
[51.687s][info][gc,reloc    ] GC(310) Small Pages: 265 / 530M, Empty: 292M, Relocated: 3M, In-Place: 0
[51.687s][info][gc,reloc    ] GC(310) Medium Pages: 1 / 32M, Empty: 0M, Relocated: 0M, In-Place: 0
[51.687s][info][gc,reloc    ] GC(310) Large Pages: 2 / 12M, Empty: 0M, Relocated: 0M, In-Place: 0
[51.687s][info][gc,reloc    ] GC(310) Forwarding Usage: 1M
[51.687s][info][gc,heap     ] GC(310) Min Capacity: 8M(1%)
[51.687s][info][gc,heap     ] GC(310) Max Capacity: 1024M(100%)
[51.687s][info][gc,heap     ] GC(310) Soft Max Capacity: 1024M(100%)
[51.687s][info][gc,heap     ] GC(310)                Mark Start          Mark End        Relocate Start      Relocate End           High               Low         
[51.687s][info][gc,heap     ] GC(310)  Capacity:     1024M (100%)       1024M (100%)       1024M (100%)       1024M (100%)       1024M (100%)       1024M (100%)   
[51.687s][info][gc,heap     ] GC(310)      Free:      450M (44%)         270M (26%)         544M (53%)         562M (55%)         562M (55%)         264M (26%)    
[51.687s][info][gc,heap     ] GC(310)      Used:      574M (56%)         754M (74%)         480M (47%)         462M (45%)         760M (74%)         462M (45%)    
[51.687s][info][gc,heap     ] GC(310)      Live:         -               203M (20%)         203M (20%)         203M (20%)            -                  -          
[51.687s][info][gc,heap     ] GC(310) Allocated:         -               180M (18%)         198M (19%)         201M (20%)            -                  -          
[51.687s][info][gc,heap     ] GC(310)   Garbage:         -               370M (36%)          78M (8%)           56M (5%)             -                  -          
[51.687s][info][gc,heap     ] GC(310) Reclaimed:         -                  -               292M (29%)         313M (31%)            -                  -          
[51.687s][info][gc          ] GC(310) Garbage Collection (Allocation Rate) 574M(56%)->462M(45%)
[51.707s][info][gc,start    ] GC(311) Garbage Collection (Allocation Rate)
[51.707s][info][gc,task     ] GC(311) Using 7 workers
[51.707s][info][gc,phases   ] GC(311) Pause Mark Start 0.014ms
[51.770s][info][gc,phases   ] GC(311) Concurrent Mark 62.145ms
[51.770s][info][gc,phases   ] GC(311) Pause Mark End 0.018ms
[51.770s][info][gc,phases   ] GC(311) Concurrent Mark Free 0.001ms
[51.772s][info][gc,phases   ] GC(311) Concurrent Process Non-Strong References 2.017ms
[51.772s][info][gc,phases   ] GC(311) Concurrent Reset Relocation Set 0.002ms
[51.776s][info][gc,phases   ] GC(311) Concurrent Select Relocation Set 3.633ms
[51.776s][info][gc,phases   ] GC(311) Pause Relocate Start 0.007ms
[51.779s][info][gc,phases   ] GC(311) Concurrent Relocate 2.851ms
[51.779s][info][gc,load     ] GC(311) Load: 0.00/0.00/0.00
[51.779s][info][gc,mmu      ] GC(311) MMU: 2ms/96.6%, 5ms/98.6%, 10ms/99.3%, 20ms/99.7%, 50ms/99.8%, 100ms/99.9%
[51.779s][info][gc,marking  ] GC(311) Mark: 4 stripe(s), 2 proactive flush(es), 1 terminate flush(es), 0 completion(s), 0 continuation(s) 
[51.779s][info][gc,marking  ] GC(311) Mark Stack Usage: 32M
[51.779s][info][gc,nmethod  ] GC(311) NMethods: 5409 registered, 1202 unregistered
[51.779s][info][gc,metaspace] GC(311) Metaspace: 59M used, 60M committed, 1088M reserved
[51.779s][info][gc,ref      ] GC(311) Soft: 3044 encountered, 0 discovered, 0 enqueued
[51.779s][info][gc,ref      ] GC(311) Weak: 5960 encountered, 457 discovered, 0 enqueued
[51.779s][info][gc,ref      ] GC(311) Final: 60 encountered, 0 discovered, 0 enqueued
[51.779s][info][gc,ref      ] GC(311) Phantom: 608 encountered, 492 discovered, 0 enqueued
[51.779s][info][gc,reloc    ] GC(311) Small Pages: 233 / 466M, Empty: 236M, Relocated: 3M, In-Place: 0
[51.779s][info][gc,reloc    ] GC(311) Medium Pages: 1 / 32M, Empty: 0M, Relocated: 0M, In-Place: 0
[51.779s][info][gc,reloc    ] GC(311) Large Pages: 2 / 12M, Empty: 0M, Relocated: 0M, In-Place: 0
[51.779s][info][gc,reloc    ] GC(311) Forwarding Usage: 1M
[51.779s][info][gc,heap     ] GC(311) Min Capacity: 8M(1%)
[51.779s][info][gc,heap     ] GC(311) Max Capacity: 1024M(100%)
[51.779s][info][gc,heap     ] GC(311) Soft Max Capacity: 1024M(100%)
[51.779s][info][gc,heap     ] GC(311)                Mark Start          Mark End        Relocate Start      Relocate End           High               Low         
[51.779s][info][gc,heap     ] GC(311)  Capacity:     1024M (100%)       1024M (100%)       1024M (100%)       1024M (100%)       1024M (100%)       1024M (100%)   
[51.779s][info][gc,heap     ] GC(311)      Free:      514M (50%)         358M (35%)         580M (57%)         586M (57%)         590M (58%)         352M (34%)    
[51.779s][info][gc,heap     ] GC(311)      Used:      510M (50%)         666M (65%)         444M (43%)         438M (43%)         672M (66%)         434M (42%)    
[51.779s][info][gc,heap     ] GC(311)      Live:         -               203M (20%)         203M (20%)         203M (20%)            -                  -          
[51.779s][info][gc,heap     ] GC(311) Allocated:         -               156M (15%)         170M (17%)         177M (17%)            -                  -          
[51.779s][info][gc,heap     ] GC(311)   Garbage:         -               306M (30%)          70M (7%)           56M (5%)             -                  -          
[51.780s][info][gc,heap     ] GC(311) Reclaimed:         -                  -               236M (23%)         249M (24%)            -                  -          
[51.780s][info][gc          ] GC(311) Garbage Collection (Allocation Rate) 510M(50%)->438M(43%)
[51.801s][info][gc,start    ] GC(312) Garbage Collection (Allocation Rate)
[51.801s][info][gc,task     ] GC(312) Using 7 workers
[51.801s][info][gc,phases   ] GC(312) Pause Mark Start 0.012ms
[51.871s][info][gc,phases   ] GC(312) Concurrent Mark 69.795ms
[51.871s][info][gc,phases   ] GC(312) Pause Mark End 0.029ms
[51.871s][info][gc,phases   ] GC(312) Concurrent Mark Free 0.001ms
[51.874s][info][gc,phases   ] GC(312) Concurrent Process Non-Strong References 2.477ms
[51.874s][info][gc,phases   ] GC(312) Concurrent Reset Relocation Set 0.002ms
[51.877s][info][gc,phases   ] GC(312) Concurrent Select Relocation Set 3.585ms
[51.878s][info][gc,phases   ] GC(312) Pause Relocate Start 0.010ms
[51.879s][info][gc,phases   ] GC(312) Concurrent Relocate 1.677ms
[51.879s][info][gc,load     ] GC(312) Load: 0.00/0.00/0.00
[51.879s][info][gc,mmu      ] GC(312) MMU: 2ms/96.6%, 5ms/98.6%, 10ms/99.3%, 20ms/99.7%, 50ms/99.8%, 100ms/99.9%
[51.879s][info][gc,marking  ] GC(312) Mark: 4 stripe(s), 2 proactive flush(es), 1 terminate flush(es), 0 completion(s), 0 continuation(s) 
[51.879s][info][gc,marking  ] GC(312) Mark Stack Usage: 32M
[51.879s][info][gc,nmethod  ] GC(312) NMethods: 5409 registered, 1202 unregistered
[51.880s][info][gc,metaspace] GC(312) Metaspace: 59M used, 60M committed, 1088M reserved
[51.880s][info][gc,ref      ] GC(312) Soft: 3044 encountered, 0 discovered, 0 enqueued
[51.880s][info][gc,ref      ] GC(312) Weak: 5960 encountered, 2538 discovered, 0 enqueued
[51.880s][info][gc,ref      ] GC(312) Final: 60 encountered, 0 discovered, 0 enqueued
[51.880s][info][gc,ref      ] GC(312) Phantom: 608 encountered, 323 discovered, 0 enqueued
[51.880s][info][gc,reloc    ] GC(312) Small Pages: 222 / 444M, Empty: 216M, Relocated: 3M, In-Place: 0
[51.880s][info][gc,reloc    ] GC(312) Medium Pages: 1 / 32M, Empty: 0M, Relocated: 0M, In-Place: 0
[51.880s][info][gc,reloc    ] GC(312) Large Pages: 2 / 12M, Empty: 0M, Relocated: 0M, In-Place: 0
[51.880s][info][gc,reloc    ] GC(312) Forwarding Usage: 1M
[51.880s][info][gc,heap     ] GC(312) Min Capacity: 8M(1%)
[51.880s][info][gc,heap     ] GC(312) Max Capacity: 1024M(100%)
[51.880s][info][gc,heap     ] GC(312) Soft Max Capacity: 1024M(100%)
[51.880s][info][gc,heap     ] GC(312)                Mark Start          Mark End        Relocate Start      Relocate End           High               Low         
[51.880s][info][gc,heap     ] GC(312)  Capacity:     1024M (100%)       1024M (100%)       1024M (100%)       1024M (100%)       1024M (100%)       1024M (100%)   
[51.880s][info][gc,heap     ] GC(312)      Free:      536M (52%)         376M (37%)         576M (56%)         586M (57%)         586M (57%)         370M (36%)    
[51.880s][info][gc,heap     ] GC(312)      Used:      488M (48%)         648M (63%)         448M (44%)         438M (43%)         654M (64%)         438M (43%)    
[51.880s][info][gc,heap     ] GC(312)      Live:         -               203M (20%)         203M (20%)         203M (20%)            -                  -          
[51.880s][info][gc,heap     ] GC(312) Allocated:         -               160M (16%)         176M (17%)         177M (17%)            -                  -          
[51.880s][info][gc,heap     ] GC(312)   Garbage:         -               284M (28%)          68M (7%)           56M (5%)             -                  -          
[51.880s][info][gc,heap     ] GC(312) Reclaimed:         -                  -               216M (21%)         227M (22%)            -                  -          
[51.880s][info][gc          ] GC(312) Garbage Collection (Allocation Rate) 488M(48%)->438M(43%)
[51.902s][info][gc,start    ] GC(313) Garbage Collection (Allocation Rate)
[51.902s][info][gc,task     ] GC(313) Using 7 workers
[51.902s][info][gc,phases   ] GC(313) Pause Mark Start 0.010ms
[51.965s][info][gc,phases   ] GC(313) Concurrent Mark 62.238ms
[51.965s][info][gc,phases   ] GC(313) Pause Mark End 0.017ms
[51.965s][info][gc,phases   ] GC(313) Concurrent Mark Free 0.001ms
[51.967s][info][gc,phases   ] GC(313) Concurrent Process Non-Strong References 2.151ms
[51.967s][info][gc,phases   ] GC(313) Concurrent Reset Relocation Set 0.002ms
[51.971s][info][gc,phases   ] GC(313) Concurrent Select Relocation Set 3.611ms
[51.971s][info][gc,phases   ] GC(313) Pause Relocate Start 0.008ms
[51.974s][info][gc,phases   ] GC(313) Concurrent Relocate 2.849ms
[51.974s][info][gc,load     ] GC(313) Load: 0.00/0.00/0.00
[51.974s][info][gc,mmu      ] GC(313) MMU: 2ms/96.6%, 5ms/98.6%, 10ms/99.3%, 20ms/99.7%, 50ms/99.8%, 100ms/99.9%
[51.974s][info][gc,marking  ] GC(313) Mark: 4 stripe(s), 3 proactive flush(es), 1 terminate flush(es), 0 completion(s), 0 continuation(s) 
[51.974s][info][gc,marking  ] GC(313) Mark Stack Usage: 32M
[51.974s][info][gc,nmethod  ] GC(313) NMethods: 5409 registered, 1202 unregistered
[51.974s][info][gc,metaspace] GC(313) Metaspace: 59M used, 60M committed, 1088M reserved
[51.974s][info][gc,ref      ] GC(313) Soft: 3044 encountered, 0 discovered, 0 enqueued
[51.974s][info][gc,ref      ] GC(313) Weak: 5960 encountered, 318 discovered, 0 enqueued
[51.974s][info][gc,ref      ] GC(313) Final: 60 encountered, 0 discovered, 0 enqueued
[51.974s][info][gc,ref      ] GC(313) Phantom: 608 encountered, 311 discovered, 0 enqueued
[51.974s][info][gc,reloc    ] GC(313) Small Pages: 220 / 440M, Empty: 212M, Relocated: 3M, In-Place: 0
[51.974s][info][gc,reloc    ] GC(313) Medium Pages: 1 / 32M, Empty: 0M, Relocated: 0M, In-Place: 0
[51.974s][info][gc,reloc    ] GC(313) Large Pages: 2 / 12M, Empty: 0M, Relocated: 0M, In-Place: 0
[51.974s][info][gc,reloc    ] GC(313) Forwarding Usage: 1M
[51.974s][info][gc,heap     ] GC(313) Min Capacity: 8M(1%)
[51.974s][info][gc,heap     ] GC(313) Max Capacity: 1024M(100%)
[51.974s][info][gc,heap     ] GC(313) Soft Max Capacity: 1024M(100%)
[51.974s][info][gc,heap     ] GC(313)                Mark Start          Mark End        Relocate Start      Relocate End           High               Low         
[51.974s][info][gc,heap     ] GC(313)  Capacity:     1024M (100%)       1024M (100%)       1024M (100%)       1024M (100%)       1024M (100%)       1024M (100%)   
[51.974s][info][gc,heap     ] GC(313)      Free:      540M (53%)         416M (41%)         616M (60%)         622M (61%)         624M (61%)         412M (40%)    
[51.975s][info][gc,heap     ] GC(313)      Used:      484M (47%)         608M (59%)         408M (40%)         402M (39%)         612M (60%)         400M (39%)    
[51.975s][info][gc,heap     ] GC(313)      Live:         -               203M (20%)         203M (20%)         203M (20%)            -                  -          
[51.975s][info][gc,heap     ] GC(313) Allocated:         -               124M (12%)         136M (13%)         141M (14%)            -                  -          
[51.975s][info][gc,heap     ] GC(313)   Garbage:         -               280M (27%)          68M (7%)           56M (5%)             -                  -          
[51.975s][info][gc,heap     ] GC(313) Reclaimed:         -                  -               212M (21%)         223M (22%)            -                  -          
[51.975s][info][gc          ] GC(313) Garbage Collection (Allocation Rate) 484M(47%)->402M(39%)
[51.996s][info][gc,start    ] GC(314) Garbage Collection (Allocation Rate)
[51.996s][info][gc,task     ] GC(314) Using 7 workers
[51.996s][info][gc,phases   ] GC(314) Pause Mark Start 0.011ms
[52.058s][info][gc,phases   ] GC(314) Concurrent Mark 62.182ms
[52.059s][info][gc,phases   ] GC(314) Pause Mark End 0.017ms
[52.059s][info][gc,phases   ] GC(314) Concurrent Mark Free 0.001ms
[52.061s][info][gc,phases   ] GC(314) Concurrent Process Non-Strong References 2.111ms
[52.061s][info][gc,phases   ] GC(314) Concurrent Reset Relocation Set 0.002ms
[52.064s][info][gc,phases   ] GC(314) Concurrent Select Relocation Set 3.599ms
[52.065s][info][gc,phases   ] GC(314) Pause Relocate Start 0.007ms
[52.066s][info][gc,phases   ] GC(314) Concurrent Relocate 1.735ms
[52.066s][info][gc,load     ] GC(314) Load: 0.00/0.00/0.00
[52.066s][info][gc,mmu      ] GC(314) MMU: 2ms/96.6%, 5ms/98.6%, 10ms/99.3%, 20ms/99.7%, 50ms/99.8%, 100ms/99.9%
[52.066s][info][gc,marking  ] GC(314) Mark: 4 stripe(s), 2 proactive flush(es), 1 terminate flush(es), 0 completion(s), 0 continuation(s) 
[52.066s][info][gc,marking  ] GC(314) Mark Stack Usage: 32M
[52.066s][info][gc,nmethod  ] GC(314) NMethods: 5409 registered, 1202 unregistered
[52.067s][info][gc,metaspace] GC(314) Metaspace: 59M used, 60M committed, 1088M reserved
[52.067s][info][gc,ref      ] GC(314) Soft: 3044 encountered, 0 discovered, 0 enqueued
[52.067s][info][gc,ref      ] GC(314) Weak: 5960 encountered, 329 discovered, 0 enqueued
[52.067s][info][gc,ref      ] GC(314) Final: 60 encountered, 0 discovered, 0 enqueued
[52.067s][info][gc,ref      ] GC(314) Phantom: 608 encountered, 467 discovered, 0 enqueued
[52.067s][info][gc,reloc    ] GC(314) Small Pages: 201 / 402M, Empty: 174M, Relocated: 3M, In-Place: 0
[52.067s][info][gc,reloc    ] GC(314) Medium Pages: 1 / 32M, Empty: 0M, Relocated: 0M, In-Place: 0
[52.067s][info][gc,reloc    ] GC(314) Large Pages: 2 / 12M, Empty: 0M, Relocated: 0M, In-Place: 0
[52.067s][info][gc,reloc    ] GC(314) Forwarding Usage: 1M
[52.067s][info][gc,heap     ] GC(314) Min Capacity: 8M(1%)
[52.067s][info][gc,heap     ] GC(314) Max Capacity: 1024M(100%)
[52.067s][info][gc,heap     ] GC(314) Soft Max Capacity: 1024M(100%)
[52.067s][info][gc,heap     ] GC(314)                Mark Start          Mark End        Relocate Start      Relocate End           High               Low         
[52.067s][info][gc,heap     ] GC(314)  Capacity:     1024M (100%)       1024M (100%)       1024M (100%)       1024M (100%)       1024M (100%)       1024M (100%)   
[52.067s][info][gc,heap     ] GC(314)      Free:      578M (56%)         464M (45%)         630M (62%)         638M (62%)         638M (62%)         462M (45%)    
[52.067s][info][gc,heap     ] GC(314)      Used:      446M (44%)         560M (55%)         394M (38%)         386M (38%)         562M (55%)         386M (38%)    
[52.067s][info][gc,heap     ] GC(314)      Live:         -               203M (20%)         203M (20%)         203M (20%)            -                  -          
[52.067s][info][gc,heap     ] GC(314) Allocated:         -               114M (11%)         122M (12%)         125M (12%)            -                  -          
[52.067s][info][gc,heap     ] GC(314)   Garbage:         -               242M (24%)          68M (7%)           56M (5%)             -                  -          
[52.067s][info][gc,heap     ] GC(314) Reclaimed:         -                  -               174M (17%)         185M (18%)            -                  -          
[52.067s][info][gc          ] GC(314) Garbage Collection (Allocation Rate) 446M(44%)->386M(38%)
[52.105s][info][gc,start    ] GC(315) Garbage Collection (Allocation Rate)
[52.105s][info][gc,task     ] GC(315) Using 7 workers
[52.105s][info][gc,phases   ] GC(315) Pause Mark Start 0.011ms
[52.168s][info][gc,phases   ] GC(315) Concurrent Mark 62.173ms
[52.168s][info][gc,phases   ] GC(315) Pause Mark End 0.016ms
[52.168s][info][gc,phases   ] GC(315) Concurrent Mark Free 0.001ms
[52.170s][info][gc,phases   ] GC(315) Concurrent Process Non-Strong References 2.142ms
[52.170s][info][gc,phases   ] GC(315) Concurrent Reset Relocation Set 0.002ms
[52.174s][info][gc,phases   ] GC(315) Concurrent Select Relocation Set 3.613ms
[52.174s][info][gc,phases   ] GC(315) Pause Relocate Start 0.006ms
[52.175s][info][gc,phases   ] GC(315) Concurrent Relocate 1.566ms
[52.176s][info][gc,load     ] GC(315) Load: 0.00/0.00/0.00
[52.176s][info][gc,mmu      ] GC(315) MMU: 2ms/96.6%, 5ms/98.6%, 10ms/99.3%, 20ms/99.7%, 50ms/99.8%, 100ms/99.9%
[52.176s][info][gc,marking  ] GC(315) Mark: 4 stripe(s), 2 proactive flush(es), 1 terminate flush(es), 0 completion(s), 0 continuation(s) 
[52.176s][info][gc,marking  ] GC(315) Mark Stack Usage: 32M
[52.176s][info][gc,nmethod  ] GC(315) NMethods: 5409 registered, 1202 unregistered
[52.176s][info][gc,metaspace] GC(315) Metaspace: 59M used, 60M committed, 1088M reserved
[52.176s][info][gc,ref      ] GC(315) Soft: 3044 encountered, 0 discovered, 0 enqueued
[52.176s][info][gc,ref      ] GC(315) Weak: 5960 encountered, 357 discovered, 0 enqueued
[52.176s][info][gc,ref      ] GC(315) Final: 60 encountered, 1 discovered, 0 enqueued
[52.176s][info][gc,ref      ] GC(315) Phantom: 608 encountered, 373 discovered, 0 enqueued
[52.176s][info][gc,reloc    ] GC(315) Small Pages: 218 / 436M, Empty: 208M, Relocated: 3M, In-Place: 0
[52.176s][info][gc,reloc    ] GC(315) Medium Pages: 1 / 32M, Empty: 0M, Relocated: 0M, In-Place: 0
[52.176s][info][gc,reloc    ] GC(315) Large Pages: 2 / 12M, Empty: 0M, Relocated: 0M, In-Place: 0
[52.176s][info][gc,reloc    ] GC(315) Forwarding Usage: 1M
[52.176s][info][gc,heap     ] GC(315) Min Capacity: 8M(1%)
[52.176s][info][gc,heap     ] GC(315) Max Capacity: 1024M(100%)
[52.176s][info][gc,heap     ] GC(315) Soft Max Capacity: 1024M(100%)
[52.176s][info][gc,heap     ] GC(315)                Mark Start          Mark End        Relocate Start      Relocate End           High               Low         
[52.176s][info][gc,heap     ] GC(315)  Capacity:     1024M (100%)       1024M (100%)       1024M (100%)       1024M (100%)       1024M (100%)       1024M (100%)   
[52.176s][info][gc,heap     ] GC(315)      Free:      544M (53%)         374M (37%)         564M (55%)         572M (56%)         572M (56%)         366M (36%)    
[52.176s][info][gc,heap     ] GC(315)      Used:      480M (47%)         650M (63%)         460M (45%)         452M (44%)         658M (64%)         452M (44%)    
[52.176s][info][gc,heap     ] GC(315)      Live:         -               203M (20%)         203M (20%)         203M (20%)            -                  -          
[52.176s][info][gc,heap     ] GC(315) Allocated:         -               170M (17%)         188M (18%)         191M (19%)            -                  -          
[52.176s][info][gc,heap     ] GC(315)   Garbage:         -               276M (27%)          68M (7%)           56M (5%)             -                  -          
[52.176s][info][gc,heap     ] GC(315) Reclaimed:         -                  -               208M (20%)         219M (21%)            -                  -          
[52.176s][info][gc          ] GC(315) Garbage Collection (Allocation Rate) 480M(47%)->452M(44%)
[52.199s][info][gc,start    ] GC(316) Garbage Collection (Allocation Rate)
[52.199s][info][gc,task     ] GC(316) Using 7 workers
[52.199s][info][gc,phases   ] GC(316) Pause Mark Start 0.009ms
[52.261s][info][gc,phases   ] GC(316) Concurrent Mark 62.278ms
[52.262s][info][gc,phases   ] GC(316) Pause Mark End 0.023ms
[52.262s][info][gc,phases   ] GC(316) Concurrent Mark Free 0.001ms
[52.264s][info][gc,phases   ] GC(316) Concurrent Process Non-Strong References 2.241ms
[52.264s][info][gc,phases   ] GC(316) Concurrent Reset Relocation Set 0.002ms
[52.268s][info][gc,phases   ] GC(316) Concurrent Select Relocation Set 3.642ms
[52.268s][info][gc,phases   ] GC(316) Pause Relocate Start 0.007ms
[52.269s][info][gc,phases   ] GC(316) Concurrent Relocate 1.686ms
[52.270s][info][gc,load     ] GC(316) Load: 0.00/0.00/0.00
[52.270s][info][gc,mmu      ] GC(316) MMU: 2ms/96.6%, 5ms/98.6%, 10ms/99.3%, 20ms/99.7%, 50ms/99.8%, 100ms/99.9%
[52.270s][info][gc,marking  ] GC(316) Mark: 4 stripe(s), 3 proactive flush(es), 1 terminate flush(es), 0 completion(s), 0 continuation(s) 
[52.270s][info][gc,marking  ] GC(316) Mark Stack Usage: 32M
[52.270s][info][gc,nmethod  ] GC(316) NMethods: 5409 registered, 1202 unregistered
[52.270s][info][gc,metaspace] GC(316) Metaspace: 59M used, 60M committed, 1088M reserved
[52.270s][info][gc,ref      ] GC(316) Soft: 3044 encountered, 0 discovered, 0 enqueued
[52.270s][info][gc,ref      ] GC(316) Weak: 5960 encountered, 2908 discovered, 0 enqueued
[52.270s][info][gc,ref      ] GC(316) Final: 60 encountered, 4 discovered, 0 enqueued
[52.270s][info][gc,ref      ] GC(316) Phantom: 608 encountered, 392 discovered, 0 enqueued
[52.270s][info][gc,reloc    ] GC(316) Small Pages: 235 / 470M, Empty: 242M, Relocated: 3M, In-Place: 0
[52.270s][info][gc,reloc    ] GC(316) Medium Pages: 1 / 32M, Empty: 0M, Relocated: 0M, In-Place: 0
[52.270s][info][gc,reloc    ] GC(316) Large Pages: 2 / 12M, Empty: 0M, Relocated: 0M, In-Place: 0
[52.270s][info][gc,reloc    ] GC(316) Forwarding Usage: 1M
[52.270s][info][gc,heap     ] GC(316) Min Capacity: 8M(1%)
[52.270s][info][gc,heap     ] GC(316) Max Capacity: 1024M(100%)
[52.270s][info][gc,heap     ] GC(316) Soft Max Capacity: 1024M(100%)
[52.270s][info][gc,heap     ] GC(316)                Mark Start          Mark End        Relocate Start      Relocate End           High               Low         
[52.270s][info][gc,heap     ] GC(316)  Capacity:     1024M (100%)       1024M (100%)       1024M (100%)       1024M (100%)       1024M (100%)       1024M (100%)   
[52.270s][info][gc,heap     ] GC(316)      Free:      510M (50%)         346M (34%)         572M (56%)         580M (57%)         580M (57%)         340M (33%)    
[52.270s][info][gc,heap     ] GC(316)      Used:      514M (50%)         678M (66%)         452M (44%)         444M (43%)         684M (67%)         444M (43%)    
[52.270s][info][gc,heap     ] GC(316)      Live:         -               203M (20%)         203M (20%)         203M (20%)            -                  -          
[52.270s][info][gc,heap     ] GC(316) Allocated:         -               164M (16%)         180M (18%)         183M (18%)            -                  -          
[52.270s][info][gc,heap     ] GC(316)   Garbage:         -               310M (30%)          68M (7%)           56M (5%)             -                  -          
[52.270s][info][gc,heap     ] GC(316) Reclaimed:         -                  -               242M (24%)         253M (25%)            -                  -          
[52.270s][info][gc          ] GC(316) Garbage Collection (Allocation Rate) 514M(50%)->444M(43%)
[52.303s][info][gc,start    ] GC(317) Garbage Collection (Allocation Rate)
[52.303s][info][gc,task     ] GC(317) Using 7 workers
[52.303s][info][gc,phases   ] GC(317) Pause Mark Start 0.012ms
[52.363s][info][gc,phases   ] GC(317) Concurrent Mark 60.123ms
[52.363s][info][gc,phases   ] GC(317) Pause Mark End 0.028ms
[52.363s][info][gc,phases   ] GC(317) Concurrent Mark Free 0.002ms
[52.366s][info][gc,phases   ] GC(317) Concurrent Process Non-Strong References 2.192ms
[52.366s][info][gc,phases   ] GC(317) Concurrent Reset Relocation Set 0.003ms
[52.371s][info][gc,phases   ] GC(317) Concurrent Select Relocation Set 5.174ms
[52.371s][info][gc,phases   ] GC(317) Pause Relocate Start 0.007ms
[52.374s][info][gc,phases   ] GC(317) Concurrent Relocate 2.850ms
[52.374s][info][gc,load     ] GC(317) Load: 0.00/0.00/0.00
[52.374s][info][gc,mmu      ] GC(317) MMU: 2ms/96.6%, 5ms/98.6%, 10ms/99.3%, 20ms/99.7%, 50ms/99.8%, 100ms/99.9%
[52.374s][info][gc,marking  ] GC(317) Mark: 4 stripe(s), 2 proactive flush(es), 1 terminate flush(es), 0 completion(s), 0 continuation(s) 
[52.374s][info][gc,marking  ] GC(317) Mark Stack Usage: 32M
[52.374s][info][gc,nmethod  ] GC(317) NMethods: 5421 registered, 1202 unregistered
[52.374s][info][gc,metaspace] GC(317) Metaspace: 59M used, 60M committed, 1088M reserved
[52.374s][info][gc,ref      ] GC(317) Soft: 3043 encountered, 0 discovered, 0 enqueued
[52.374s][info][gc,ref      ] GC(317) Weak: 5960 encountered, 1050 discovered, 0 enqueued
[52.374s][info][gc,ref      ] GC(317) Final: 60 encountered, 0 discovered, 0 enqueued
[52.374s][info][gc,ref      ] GC(317) Phantom: 608 encountered, 386 discovered, 0 enqueued
[52.374s][info][gc,reloc    ] GC(317) Small Pages: 230 / 460M, Empty: 226M, Relocated: 3M, In-Place: 0
[52.374s][info][gc,reloc    ] GC(317) Medium Pages: 1 / 32M, Empty: 0M, Relocated: 0M, In-Place: 0
[52.374s][info][gc,reloc    ] GC(317) Large Pages: 2 / 12M, Empty: 0M, Relocated: 0M, In-Place: 0
[52.374s][info][gc,reloc    ] GC(317) Forwarding Usage: 1M
[52.374s][info][gc,heap     ] GC(317) Min Capacity: 8M(1%)
[52.374s][info][gc,heap     ] GC(317) Max Capacity: 1024M(100%)
[52.374s][info][gc,heap     ] GC(317) Soft Max Capacity: 1024M(100%)
[52.374s][info][gc,heap     ] GC(317)                Mark Start          Mark End        Relocate Start      Relocate End           High               Low         
[52.374s][info][gc,heap     ] GC(317)  Capacity:     1024M (100%)       1024M (100%)       1024M (100%)       1024M (100%)       1024M (100%)       1024M (100%)   
[52.374s][info][gc,heap     ] GC(317)      Free:      520M (51%)         508M (50%)         734M (72%)         752M (73%)         752M (73%)         508M (50%)    
[52.375s][info][gc,heap     ] GC(317)      Used:      504M (49%)         516M (50%)         290M (28%)         272M (27%)         516M (50%)         272M (27%)    
[52.375s][info][gc,heap     ] GC(317)      Live:         -               203M (20%)         203M (20%)         203M (20%)            -                  -          
[52.375s][info][gc,heap     ] GC(317) Allocated:         -                12M (1%)           12M (1%)           12M (1%)             -                  -          
[52.375s][info][gc,heap     ] GC(317)   Garbage:         -               300M (29%)          74M (7%)           56M (5%)             -                  -          
[52.375s][info][gc,heap     ] GC(317) Reclaimed:         -                  -               226M (22%)         244M (24%)            -                  -          
[52.375s][info][gc          ] GC(317) Garbage Collection (Allocation Rate) 504M(49%)->272M(27%)
[52.375s][info][gc,start    ] GC(318) Garbage Collection (System.gc())
[52.375s][info][gc,task     ] GC(318) Using 10 workers
[52.375s][info][gc,phases   ] GC(318) Pause Mark Start 0.014ms
[52.419s][info][gc,phases   ] GC(318) Concurrent Mark 44.070ms
[52.419s][info][gc,phases   ] GC(318) Pause Mark End 0.018ms
[52.419s][info][gc,phases   ] GC(318) Concurrent Mark Free 0.000ms
[52.421s][info][gc,phases   ] GC(318) Concurrent Process Non-Strong References 1.706ms
[52.421s][info][gc,phases   ] GC(318) Concurrent Reset Relocation Set 0.002ms
[52.423s][info][gc,phases   ] GC(318) Concurrent Select Relocation Set 2.469ms
[52.424s][info][gc,phases   ] GC(318) Pause Relocate Start 0.006ms
[52.426s][info][gc,phases   ] GC(318) Concurrent Relocate 2.829ms
[52.426s][info][gc,load     ] GC(318) Load: 0.00/0.00/0.00
[52.426s][info][gc,mmu      ] GC(318) MMU: 2ms/96.6%, 5ms/98.6%, 10ms/99.3%, 20ms/99.7%, 50ms/99.8%, 100ms/99.9%
[52.426s][info][gc,marking  ] GC(318) Mark: 8 stripe(s), 2 proactive flush(es), 1 terminate flush(es), 0 completion(s), 0 continuation(s) 
[52.426s][info][gc,marking  ] GC(318) Mark Stack Usage: 32M
[52.427s][info][gc,nmethod  ] GC(318) NMethods: 5415 registered, 1208 unregistered
[52.427s][info][gc,metaspace] GC(318) Metaspace: 59M used, 60M committed, 1088M reserved
[52.427s][info][gc,ref      ] GC(318) Soft: 3042 encountered, 0 discovered, 0 enqueued
[52.427s][info][gc,ref      ] GC(318) Weak: 6017 encountered, 1049 discovered, 119 enqueued
[52.427s][info][gc,ref      ] GC(318) Final: 60 encountered, 2 discovered, 0 enqueued
[52.427s][info][gc,ref      ] GC(318) Phantom: 608 encountered, 421 discovered, 0 enqueued
[52.427s][info][gc,reloc    ] GC(318) Small Pages: 111 / 222M, Empty: 0M, Relocated: 3M, In-Place: 0
[52.427s][info][gc,reloc    ] GC(318) Medium Pages: 1 / 32M, Empty: 0M, Relocated: 0M, In-Place: 0
[52.427s][info][gc,reloc    ] GC(318) Large Pages: 3 / 18M, Empty: 6M, Relocated: 0M, In-Place: 0
[52.427s][info][gc,reloc    ] GC(318) Forwarding Usage: 1M
[52.427s][info][gc,heap     ] GC(318) Min Capacity: 8M(1%)
[52.427s][info][gc,heap     ] GC(318) Max Capacity: 1024M(100%)
[52.427s][info][gc,heap     ] GC(318) Soft Max Capacity: 1024M(100%)
[52.427s][info][gc,heap     ] GC(318)                Mark Start          Mark End        Relocate Start      Relocate End           High               Low         
[52.427s][info][gc,heap     ] GC(318)  Capacity:     1024M (100%)       1024M (100%)       1024M (100%)       1024M (100%)       1024M (100%)       1024M (100%)   
[52.427s][info][gc,heap     ] GC(318)      Free:      752M (73%)         752M (73%)         752M (73%)         752M (73%)         752M (73%)         732M (71%)    
[52.427s][info][gc,heap     ] GC(318)      Used:      272M (27%)         272M (27%)         272M (27%)         272M (27%)         292M (29%)         272M (27%)    
[52.427s][info][gc,heap     ] GC(318)      Live:         -               203M (20%)         203M (20%)         203M (20%)            -                  -          
[52.427s][info][gc,heap     ] GC(318) Allocated:         -                 0M (0%)            6M (1%)            6M (1%)             -                  -          
[52.427s][info][gc,heap     ] GC(318)   Garbage:         -                68M (7%)           62M (6%)           62M (6%)             -                  -          
[52.427s][info][gc,heap     ] GC(318) Reclaimed:         -                  -                 6M (1%)            6M (1%)             -                  -          
[52.427s][info][gc          ] GC(318) Garbage Collection (System.gc()) 272M(27%)->272M(27%)
[52.596s][info][gc,start    ] GC(319) Garbage Collection (Allocation Rate)
[52.596s][info][gc,task     ] GC(319) Using 6 workers
[52.597s][info][gc,phases   ] GC(319) Pause Mark Start 0.015ms
[52.674s][info][gc,phases   ] GC(319) Concurrent Mark 77.704ms
[52.675s][info][gc,phases   ] GC(319) Pause Mark End 0.033ms
[52.675s][info][gc,phases   ] GC(319) Concurrent Mark Free 0.001ms
[52.678s][info][gc,phases   ] GC(319) Concurrent Process Non-Strong References 2.982ms
[52.678s][info][gc,phases   ] GC(319) Concurrent Reset Relocation Set 0.002ms
[52.683s][info][gc,phases   ] GC(319) Concurrent Select Relocation Set 5.401ms
[52.683s][info][gc,phases   ] GC(319) Pause Relocate Start 0.007ms
[52.686s][info][gc,phases   ] GC(319) Concurrent Relocate 2.901ms
[52.686s][info][gc,load     ] GC(319) Load: 0.00/0.00/0.00
[52.686s][info][gc,mmu      ] GC(319) MMU: 2ms/96.6%, 5ms/98.6%, 10ms/99.3%, 20ms/99.7%, 50ms/99.8%, 100ms/99.9%
[52.686s][info][gc,marking  ] GC(319) Mark: 4 stripe(s), 2 proactive flush(es), 1 terminate flush(es), 0 completion(s), 0 continuation(s) 
[52.687s][info][gc,marking  ] GC(319) Mark Stack Usage: 32M
[52.687s][info][gc,nmethod  ] GC(319) NMethods: 5457 registered, 1210 unregistered
[52.687s][info][gc,metaspace] GC(319) Metaspace: 59M used, 60M committed, 1088M reserved
[52.687s][info][gc,ref      ] GC(319) Soft: 3044 encountered, 0 discovered, 0 enqueued
[52.687s][info][gc,ref      ] GC(319) Weak: 6062 encountered, 1329 discovered, 75 enqueued
[52.687s][info][gc,ref      ] GC(319) Final: 60 encountered, 2 discovered, 0 enqueued
[52.687s][info][gc,ref      ] GC(319) Phantom: 608 encountered, 405 discovered, 0 enqueued
[52.687s][info][gc,reloc    ] GC(319) Small Pages: 282 / 564M, Empty: 310M, Relocated: 3M, In-Place: 0
[52.687s][info][gc,reloc    ] GC(319) Medium Pages: 2 / 64M, Empty: 32M, Relocated: 0M, In-Place: 0
[52.687s][info][gc,reloc    ] GC(319) Large Pages: 4 / 24M, Empty: 12M, Relocated: 0M, In-Place: 0
[52.687s][info][gc,reloc    ] GC(319) Forwarding Usage: 1M
[52.687s][info][gc,heap     ] GC(319) Min Capacity: 8M(1%)
[52.687s][info][gc,heap     ] GC(319) Max Capacity: 1024M(100%)
[52.687s][info][gc,heap     ] GC(319) Soft Max Capacity: 1024M(100%)
[52.687s][info][gc,heap     ] GC(319)                Mark Start          Mark End        Relocate Start      Relocate End           High               Low         
[52.687s][info][gc,heap     ] GC(319)  Capacity:     1024M (100%)       1024M (100%)       1024M (100%)       1024M (100%)       1024M (100%)       1024M (100%)   
[52.687s][info][gc,heap     ] GC(319)      Free:      372M (36%)         140M (14%)         462M (45%)         494M (48%)         496M (48%)         130M (13%)    
[52.687s][info][gc,heap     ] GC(319)      Used:      652M (64%)         884M (86%)         562M (55%)         530M (52%)         894M (87%)         528M (52%)    
[52.687s][info][gc,heap     ] GC(319)      Live:         -               203M (20%)         203M (20%)         203M (20%)            -                  -          
[52.687s][info][gc,heap     ] GC(319) Allocated:         -               232M (23%)         264M (26%)         271M (27%)            -                  -          
[52.687s][info][gc,heap     ] GC(319)   Garbage:         -               448M (44%)          94M (9%)           54M (5%)             -                  -          
[52.687s][info][gc,heap     ] GC(319) Reclaimed:         -                  -               354M (35%)         393M (38%)            -                  -          
[52.687s][info][gc          ] GC(319) Garbage Collection (Allocation Rate) 652M(64%)->530M(52%)
[52.706s][info][gc,start    ] GC(320) Garbage Collection (Allocation Rate)
[52.706s][info][gc,task     ] GC(320) Using 6 workers
[52.706s][info][gc,phases   ] GC(320) Pause Mark Start 0.010ms
[52.784s][info][gc,phases   ] GC(320) Concurrent Mark 77.806ms
[52.784s][info][gc,phases   ] GC(320) Pause Mark End 0.017ms
[52.784s][info][gc,phases   ] GC(320) Concurrent Mark Free 0.001ms
[52.787s][info][gc,phases   ] GC(320) Concurrent Process Non-Strong References 2.717ms
[52.787s][info][gc,phases   ] GC(320) Concurrent Reset Relocation Set 0.003ms
[52.790s][info][gc,phases   ] GC(320) Concurrent Select Relocation Set 3.682ms
[52.791s][info][gc,phases   ] GC(320) Pause Relocate Start 0.008ms
[52.792s][info][gc,phases   ] GC(320) Concurrent Relocate 1.696ms
[52.792s][info][gc,load     ] GC(320) Load: 0.00/0.00/0.00
[52.792s][info][gc,mmu      ] GC(320) MMU: 2ms/96.6%, 5ms/98.6%, 10ms/99.3%, 20ms/99.7%, 50ms/99.8%, 100ms/99.9%
[52.792s][info][gc,marking  ] GC(320) Mark: 4 stripe(s), 2 proactive flush(es), 1 terminate flush(es), 0 completion(s), 0 continuation(s) 
[52.792s][info][gc,marking  ] GC(320) Mark Stack Usage: 32M
[52.793s][info][gc,nmethod  ] GC(320) NMethods: 5456 registered, 1211 unregistered
[52.793s][info][gc,metaspace] GC(320) Metaspace: 59M used, 60M committed, 1088M reserved
[52.793s][info][gc,ref      ] GC(320) Soft: 3044 encountered, 0 discovered, 0 enqueued
[52.793s][info][gc,ref      ] GC(320) Weak: 5986 encountered, 359 discovered, 19 enqueued
[52.793s][info][gc,ref      ] GC(320) Final: 60 encountered, 0 discovered, 0 enqueued
[52.793s][info][gc,ref      ] GC(320) Phantom: 608 encountered, 360 discovered, 0 enqueued
[52.793s][info][gc,reloc    ] GC(320) Small Pages: 267 / 534M, Empty: 300M, Relocated: 3M, In-Place: 0
[52.793s][info][gc,reloc    ] GC(320) Medium Pages: 1 / 32M, Empty: 0M, Relocated: 0M, In-Place: 0
[52.793s][info][gc,reloc    ] GC(320) Large Pages: 2 / 12M, Empty: 0M, Relocated: 0M, In-Place: 0
[52.793s][info][gc,reloc    ] GC(320) Forwarding Usage: 1M
[52.793s][info][gc,heap     ] GC(320) Min Capacity: 8M(1%)
[52.793s][info][gc,heap     ] GC(320) Max Capacity: 1024M(100%)
[52.793s][info][gc,heap     ] GC(320) Soft Max Capacity: 1024M(100%)
[52.793s][info][gc,heap     ] GC(320)                Mark Start          Mark End        Relocate Start      Relocate End           High               Low         
[52.793s][info][gc,heap     ] GC(320)  Capacity:     1024M (100%)       1024M (100%)       1024M (100%)       1024M (100%)       1024M (100%)       1024M (100%)   
[52.793s][info][gc,heap     ] GC(320)      Free:      446M (44%)         180M (18%)         456M (45%)         472M (46%)         472M (46%)         170M (17%)    
[52.793s][info][gc,heap     ] GC(320)      Used:      578M (56%)         844M (82%)         568M (55%)         552M (54%)         854M (83%)         552M (54%)    
[52.793s][info][gc,heap     ] GC(320)      Live:         -               203M (20%)         203M (20%)         203M (20%)            -                  -          
[52.793s][info][gc,heap     ] GC(320) Allocated:         -               266M (26%)         290M (28%)         293M (29%)            -                  -          
[52.793s][info][gc,heap     ] GC(320)   Garbage:         -               374M (37%)          74M (7%)           54M (5%)             -                  -          
[52.793s][info][gc,heap     ] GC(320) Reclaimed:         -                  -               300M (29%)         319M (31%)            -                  -          
[52.793s][info][gc          ] GC(320) Garbage Collection (Allocation Rate) 578M(56%)->552M(54%)
[52.799s][info][gc,start    ] GC(321) Garbage Collection (Allocation Rate)
[52.799s][info][gc,task     ] GC(321) Using 6 workers
[52.800s][info][gc,phases   ] GC(321) Pause Mark Start 0.007ms
[52.877s][info][gc,phases   ] GC(321) Concurrent Mark 77.880ms
[52.878s][info][gc,phases   ] GC(321) Pause Mark End 0.036ms
[52.878s][info][gc,phases   ] GC(321) Concurrent Mark Free 0.002ms
[52.881s][info][gc,phases   ] GC(321) Concurrent Process Non-Strong References 3.405ms
[52.881s][info][gc,phases   ] GC(321) Concurrent Reset Relocation Set 0.002ms
[52.885s][info][gc,phases   ] GC(321) Concurrent Select Relocation Set 3.651ms
[52.885s][info][gc,phases   ] GC(321) Pause Relocate Start 0.010ms
[52.888s][info][gc,phases   ] GC(321) Concurrent Relocate 2.951ms
[52.888s][info][gc,load     ] GC(321) Load: 0.00/0.00/0.00
[52.888s][info][gc,mmu      ] GC(321) MMU: 2ms/96.6%, 5ms/98.6%, 10ms/99.3%, 20ms/99.7%, 50ms/99.8%, 100ms/99.9%
[52.888s][info][gc,marking  ] GC(321) Mark: 4 stripe(s), 2 proactive flush(es), 1 terminate flush(es), 0 completion(s), 0 continuation(s) 
[52.888s][info][gc,marking  ] GC(321) Mark Stack Usage: 32M
[52.888s][info][gc,nmethod  ] GC(321) NMethods: 5456 registered, 1211 unregistered
[52.888s][info][gc,metaspace] GC(321) Metaspace: 59M used, 60M committed, 1088M reserved
[52.888s][info][gc,ref      ] GC(321) Soft: 3044 encountered, 0 discovered, 0 enqueued
[52.888s][info][gc,ref      ] GC(321) Weak: 5967 encountered, 2688 discovered, 0 enqueued
[52.888s][info][gc,ref      ] GC(321) Final: 60 encountered, 6 discovered, 0 enqueued
[52.888s][info][gc,ref      ] GC(321) Phantom: 608 encountered, 419 discovered, 0 enqueued
[52.888s][info][gc,reloc    ] GC(321) Small Pages: 265 / 530M, Empty: 304M, Relocated: 3M, In-Place: 0
[52.888s][info][gc,reloc    ] GC(321) Medium Pages: 1 / 32M, Empty: 0M, Relocated: 0M, In-Place: 0
[52.888s][info][gc,reloc    ] GC(321) Large Pages: 2 / 12M, Empty: 0M, Relocated: 0M, In-Place: 0
[52.889s][info][gc,reloc    ] GC(321) Forwarding Usage: 1M
[52.889s][info][gc,heap     ] GC(321) Min Capacity: 8M(1%)
[52.889s][info][gc,heap     ] GC(321) Max Capacity: 1024M(100%)
[52.889s][info][gc,heap     ] GC(321) Soft Max Capacity: 1024M(100%)
[52.889s][info][gc,heap     ] GC(321)                Mark Start          Mark End        Relocate Start      Relocate End           High               Low         
[52.889s][info][gc,heap     ] GC(321)  Capacity:     1024M (100%)       1024M (100%)       1024M (100%)       1024M (100%)       1024M (100%)       1024M (100%)   
[52.889s][info][gc,heap     ] GC(321)      Free:      450M (44%)         214M (21%)         496M (48%)         498M (49%)         502M (49%)         204M (20%)    
[52.889s][info][gc,heap     ] GC(321)      Used:      574M (56%)         810M (79%)         528M (52%)         526M (51%)         820M (80%)         522M (51%)    
[52.889s][info][gc,heap     ] GC(321)      Live:         -               203M (20%)         203M (20%)         203M (20%)            -                  -          
[52.889s][info][gc,heap     ] GC(321) Allocated:         -               236M (23%)         258M (25%)         267M (26%)            -                  -          
[52.889s][info][gc,heap     ] GC(321)   Garbage:         -               370M (36%)          66M (6%)           54M (5%)             -                  -          
[52.889s][info][gc,heap     ] GC(321) Reclaimed:         -                  -               304M (30%)         315M (31%)            -                  -          
[52.889s][info][gc          ] GC(321) Garbage Collection (Allocation Rate) 574M(56%)->526M(51%)
[52.893s][info][gc,start    ] GC(322) Garbage Collection (Allocation Rate)
[52.893s][info][gc,task     ] GC(322) Using 6 workers
[52.893s][info][gc,phases   ] GC(322) Pause Mark Start 0.010ms
[52.971s][info][gc,phases   ] GC(322) Concurrent Mark 77.847ms
[52.971s][info][gc,phases   ] GC(322) Pause Mark End 0.035ms
[52.972s][info][gc,phases   ] GC(322) Concurrent Mark Free 0.001ms
[52.975s][info][gc,phases   ] GC(322) Concurrent Process Non-Strong References 3.137ms
[52.975s][info][gc,phases   ] GC(322) Concurrent Reset Relocation Set 0.003ms
[52.978s][info][gc,phases   ] GC(322) Concurrent Select Relocation Set 3.641ms
[52.979s][info][gc,phases   ] GC(322) Pause Relocate Start 0.011ms
[52.982s][info][gc,phases   ] GC(322) Concurrent Relocate 2.984ms
[52.982s][info][gc,load     ] GC(322) Load: 0.00/0.00/0.00
[52.982s][info][gc,mmu      ] GC(322) MMU: 2ms/96.6%, 5ms/98.6%, 10ms/99.3%, 20ms/99.7%, 50ms/99.8%, 100ms/99.9%
[52.982s][info][gc,marking  ] GC(322) Mark: 4 stripe(s), 2 proactive flush(es), 1 terminate flush(es), 0 completion(s), 0 continuation(s) 
[52.982s][info][gc,marking  ] GC(322) Mark Stack Usage: 32M
[52.982s][info][gc,nmethod  ] GC(322) NMethods: 5456 registered, 1211 unregistered
[52.982s][info][gc,metaspace] GC(322) Metaspace: 59M used, 60M committed, 1088M reserved
[52.982s][info][gc,ref      ] GC(322) Soft: 3044 encountered, 0 discovered, 0 enqueued
[52.982s][info][gc,ref      ] GC(322) Weak: 5967 encountered, 1880 discovered, 0 enqueued
[52.982s][info][gc,ref      ] GC(322) Final: 60 encountered, 2 discovered, 0 enqueued
[52.982s][info][gc,ref      ] GC(322) Phantom: 608 encountered, 274 discovered, 0 enqueued
[52.982s][info][gc,reloc    ] GC(322) Small Pages: 250 / 500M, Empty: 274M, Relocated: 3M, In-Place: 0
[52.982s][info][gc,reloc    ] GC(322) Medium Pages: 1 / 32M, Empty: 0M, Relocated: 0M, In-Place: 0
[52.982s][info][gc,reloc    ] GC(322) Large Pages: 2 / 12M, Empty: 0M, Relocated: 0M, In-Place: 0
[52.982s][info][gc,reloc    ] GC(322) Forwarding Usage: 1M
[52.982s][info][gc,heap     ] GC(322) Min Capacity: 8M(1%)
[52.982s][info][gc,heap     ] GC(322) Max Capacity: 1024M(100%)
[52.982s][info][gc,heap     ] GC(322) Soft Max Capacity: 1024M(100%)
[52.982s][info][gc,heap     ] GC(322)                Mark Start          Mark End        Relocate Start      Relocate End           High               Low         
[52.982s][info][gc,heap     ] GC(322)  Capacity:     1024M (100%)       1024M (100%)       1024M (100%)       1024M (100%)       1024M (100%)       1024M (100%)   
[52.982s][info][gc,heap     ] GC(322)      Free:      480M (47%)         210M (21%)         460M (45%)         464M (45%)         480M (47%)         198M (19%)    
[52.982s][info][gc,heap     ] GC(322)      Used:      544M (53%)         814M (79%)         564M (55%)         560M (55%)         826M (81%)         544M (53%)    
[52.982s][info][gc,heap     ] GC(322)      Live:         -               203M (20%)         203M (20%)         203M (20%)            -                  -          
[52.982s][info][gc,heap     ] GC(322) Allocated:         -               270M (26%)         294M (29%)         301M (29%)            -                  -          
[52.982s][info][gc,heap     ] GC(322)   Garbage:         -               340M (33%)          66M (6%)           54M (5%)             -                  -          
[52.982s][info][gc,heap     ] GC(322) Reclaimed:         -                  -               274M (27%)         285M (28%)            -                  -          
[52.983s][info][gc          ] GC(322) Garbage Collection (Allocation Rate) 544M(53%)->560M(55%)
[53.002s][info][gc,start    ] GC(323) Garbage Collection (Allocation Rate)
[53.003s][info][gc,task     ] GC(323) Using 6 workers
[53.003s][info][gc,phases   ] GC(323) Pause Mark Start 0.012ms
[53.072s][info][gc,phases   ] GC(323) Concurrent Mark 69.651ms
[53.073s][info][gc,phases   ] GC(323) Pause Mark End 0.016ms
[53.073s][info][gc,phases   ] GC(323) Concurrent Mark Free 0.001ms
[53.075s][info][gc,phases   ] GC(323) Concurrent Process Non-Strong References 2.657ms
[53.075s][info][gc,phases   ] GC(323) Concurrent Reset Relocation Set 0.001ms
[53.078s][info][gc,phases   ] GC(323) Concurrent Select Relocation Set 2.377ms
[53.078s][info][gc,phases   ] GC(323) Pause Relocate Start 0.004ms
[53.081s][info][gc,phases   ] GC(323) Concurrent Relocate 2.787ms
[53.081s][info][gc,load     ] GC(323) Load: 0.00/0.00/0.00
[53.081s][info][gc,mmu      ] GC(323) MMU: 2ms/96.6%, 5ms/98.6%, 10ms/99.3%, 20ms/99.7%, 50ms/99.8%, 100ms/99.9%
[53.081s][info][gc,marking  ] GC(323) Mark: 4 stripe(s), 3 proactive flush(es), 1 terminate flush(es), 0 completion(s), 0 continuation(s) 
[53.081s][info][gc,marking  ] GC(323) Mark Stack Usage: 32M
[53.081s][info][gc,nmethod  ] GC(323) NMethods: 5456 registered, 1211 unregistered
[53.081s][info][gc,metaspace] GC(323) Metaspace: 59M used, 60M committed, 1088M reserved
[53.081s][info][gc,ref      ] GC(323) Soft: 3044 encountered, 0 discovered, 0 enqueued
[53.081s][info][gc,ref      ] GC(323) Weak: 5967 encountered, 1674 discovered, 0 enqueued
[53.081s][info][gc,ref      ] GC(323) Final: 60 encountered, 3 discovered, 0 enqueued
[53.081s][info][gc,ref      ] GC(323) Phantom: 608 encountered, 424 discovered, 0 enqueued
[53.081s][info][gc,reloc    ] GC(323) Small Pages: 282 / 564M, Empty: 336M, Relocated: 3M, In-Place: 0
[53.081s][info][gc,reloc    ] GC(323) Medium Pages: 1 / 32M, Empty: 0M, Relocated: 0M, In-Place: 0
[53.081s][info][gc,reloc    ] GC(323) Large Pages: 2 / 12M, Empty: 0M, Relocated: 0M, In-Place: 0
[53.081s][info][gc,reloc    ] GC(323) Forwarding Usage: 1M
[53.081s][info][gc,heap     ] GC(323) Min Capacity: 8M(1%)
[53.081s][info][gc,heap     ] GC(323) Max Capacity: 1024M(100%)
[53.081s][info][gc,heap     ] GC(323) Soft Max Capacity: 1024M(100%)
[53.081s][info][gc,heap     ] GC(323)                Mark Start          Mark End        Relocate Start      Relocate End           High               Low         
[53.081s][info][gc,heap     ] GC(323)  Capacity:     1024M (100%)       1024M (100%)       1024M (100%)       1024M (100%)       1024M (100%)       1024M (100%)   
[53.081s][info][gc,heap     ] GC(323)      Free:      416M (41%)         262M (26%)         586M (57%)         592M (58%)         596M (58%)         256M (25%)    
[53.081s][info][gc,heap     ] GC(323)      Used:      608M (59%)         762M (74%)         438M (43%)         432M (42%)         768M (75%)         428M (42%)    
[53.081s][info][gc,heap     ] GC(323)      Live:         -               203M (20%)         203M (20%)         203M (20%)            -                  -          
[53.081s][info][gc,heap     ] GC(323) Allocated:         -               154M (15%)         166M (16%)         173M (17%)            -                  -          
[53.081s][info][gc,heap     ] GC(323)   Garbage:         -               404M (39%)          68M (7%)           54M (5%)             -                  -          
[53.081s][info][gc,heap     ] GC(323) Reclaimed:         -                  -               336M (33%)         349M (34%)            -                  -          
[53.081s][info][gc          ] GC(323) Garbage Collection (Allocation Rate) 608M(59%)->432M(42%)
[53.104s][info][gc,start    ] GC(324) Garbage Collection (Allocation Rate)
[53.104s][info][gc,task     ] GC(324) Using 6 workers
[53.104s][info][gc,phases   ] GC(324) Pause Mark Start 0.009ms
[53.182s][info][gc,phases   ] GC(324) Concurrent Mark 77.876ms
[53.182s][info][gc,phases   ] GC(324) Pause Mark End 0.021ms
[53.182s][info][gc,phases   ] GC(324) Concurrent Mark Free 0.001ms
[53.185s][info][gc,phases   ] GC(324) Concurrent Process Non-Strong References 3.167ms
[53.185s][info][gc,phases   ] GC(324) Concurrent Reset Relocation Set 0.002ms
[53.189s][info][gc,phases   ] GC(324) Concurrent Select Relocation Set 3.634ms
[53.189s][info][gc,phases   ] GC(324) Pause Relocate Start 0.008ms
[53.192s][info][gc,phases   ] GC(324) Concurrent Relocate 2.977ms
[53.192s][info][gc,load     ] GC(324) Load: 0.00/0.00/0.00
[53.192s][info][gc,mmu      ] GC(324) MMU: 2ms/96.6%, 5ms/98.6%, 10ms/99.3%, 20ms/99.7%, 50ms/99.8%, 100ms/99.9%
[53.192s][info][gc,marking  ] GC(324) Mark: 4 stripe(s), 2 proactive flush(es), 1 terminate flush(es), 0 completion(s), 0 continuation(s) 
[53.192s][info][gc,marking  ] GC(324) Mark Stack Usage: 32M
[53.192s][info][gc,nmethod  ] GC(324) NMethods: 5456 registered, 1211 unregistered
[53.192s][info][gc,metaspace] GC(324) Metaspace: 59M used, 60M committed, 1088M reserved
[53.192s][info][gc,ref      ] GC(324) Soft: 3044 encountered, 0 discovered, 0 enqueued
[53.192s][info][gc,ref      ] GC(324) Weak: 5967 encountered, 2882 discovered, 0 enqueued
[53.192s][info][gc,ref      ] GC(324) Final: 60 encountered, 6 discovered, 0 enqueued
[53.192s][info][gc,ref      ] GC(324) Phantom: 608 encountered, 252 discovered, 0 enqueued
[53.192s][info][gc,reloc    ] GC(324) Small Pages: 233 / 466M, Empty: 242M, Relocated: 3M, In-Place: 0
[53.192s][info][gc,reloc    ] GC(324) Medium Pages: 1 / 32M, Empty: 0M, Relocated: 0M, In-Place: 0
[53.193s][info][gc,reloc    ] GC(324) Large Pages: 2 / 12M, Empty: 0M, Relocated: 0M, In-Place: 0
[53.193s][info][gc,reloc    ] GC(324) Forwarding Usage: 1M
[53.193s][info][gc,heap     ] GC(324) Min Capacity: 8M(1%)
[53.193s][info][gc,heap     ] GC(324) Max Capacity: 1024M(100%)
[53.193s][info][gc,heap     ] GC(324) Soft Max Capacity: 1024M(100%)
[53.193s][info][gc,heap     ] GC(324)                Mark Start          Mark End        Relocate Start      Relocate End           High               Low         
[53.193s][info][gc,heap     ] GC(324)  Capacity:     1024M (100%)       1024M (100%)       1024M (100%)       1024M (100%)       1024M (100%)       1024M (100%)   
[53.193s][info][gc,heap     ] GC(324)      Free:      514M (50%)         252M (25%)         470M (46%)         472M (46%)         514M (50%)         242M (24%)    
[53.193s][info][gc,heap     ] GC(324)      Used:      510M (50%)         772M (75%)         554M (54%)         552M (54%)         782M (76%)         510M (50%)    
[53.193s][info][gc,heap     ] GC(324)      Live:         -               203M (20%)         203M (20%)         203M (20%)            -                  -          
[53.193s][info][gc,heap     ] GC(324) Allocated:         -               262M (26%)         286M (28%)         293M (29%)            -                  -          
[53.193s][info][gc,heap     ] GC(324)   Garbage:         -               306M (30%)          64M (6%)           54M (5%)             -                  -          
[53.193s][info][gc,heap     ] GC(324) Reclaimed:         -                  -               242M (24%)         251M (25%)            -                  -          
[53.193s][info][gc          ] GC(324) Garbage Collection (Allocation Rate) 510M(50%)->552M(54%)
[53.197s][info][gc,start    ] GC(325) Garbage Collection (Allocation Rate)
[53.197s][info][gc,task     ] GC(325) Using 6 workers
[53.198s][info][gc,phases   ] GC(325) Pause Mark Start 0.011ms
[53.266s][info][gc,phases   ] GC(325) Concurrent Mark 67.871ms
[53.266s][info][gc,phases   ] GC(325) Pause Mark End 0.027ms
[53.266s][info][gc,phases   ] GC(325) Concurrent Mark Free 0.001ms
[53.269s][info][gc,phases   ] GC(325) Concurrent Process Non-Strong References 2.738ms
[53.269s][info][gc,phases   ] GC(325) Concurrent Reset Relocation Set 0.002ms
[53.272s][info][gc,phases   ] GC(325) Concurrent Select Relocation Set 3.544ms
[53.272s][info][gc,phases   ] GC(325) Pause Relocate Start 0.010ms
[53.275s][info][gc,phases   ] GC(325) Concurrent Relocate 2.755ms
[53.275s][info][gc,load     ] GC(325) Load: 0.00/0.00/0.00
[53.275s][info][gc,mmu      ] GC(325) MMU: 2ms/96.6%, 5ms/98.6%, 10ms/99.3%, 20ms/99.7%, 50ms/99.8%, 100ms/99.9%
[53.275s][info][gc,marking  ] GC(325) Mark: 4 stripe(s), 2 proactive flush(es), 1 terminate flush(es), 0 completion(s), 0 continuation(s) 
[53.275s][info][gc,marking  ] GC(325) Mark Stack Usage: 32M
[53.275s][info][gc,nmethod  ] GC(325) NMethods: 5469 registered, 1212 unregistered
[53.275s][info][gc,metaspace] GC(325) Metaspace: 59M used, 60M committed, 1088M reserved
[53.275s][info][gc,ref      ] GC(325) Soft: 3043 encountered, 0 discovered, 0 enqueued
[53.275s][info][gc,ref      ] GC(325) Weak: 5968 encountered, 2272 discovered, 0 enqueued
[53.275s][info][gc,ref      ] GC(325) Final: 60 encountered, 5 discovered, 0 enqueued
[53.276s][info][gc,ref      ] GC(325) Phantom: 608 encountered, 429 discovered, 0 enqueued
[53.276s][info][gc,reloc    ] GC(325) Small Pages: 259 / 518M, Empty: 290M, Relocated: 3M, In-Place: 0
[53.276s][info][gc,reloc    ] GC(325) Medium Pages: 1 / 32M, Empty: 0M, Relocated: 0M, In-Place: 0
[53.276s][info][gc,reloc    ] GC(325) Large Pages: 2 / 12M, Empty: 0M, Relocated: 0M, In-Place: 0
[53.276s][info][gc,reloc    ] GC(325) Forwarding Usage: 1M
[53.276s][info][gc,heap     ] GC(325) Min Capacity: 8M(1%)
[53.276s][info][gc,heap     ] GC(325) Max Capacity: 1024M(100%)
[53.276s][info][gc,heap     ] GC(325) Soft Max Capacity: 1024M(100%)
[53.276s][info][gc,heap     ] GC(325)                Mark Start          Mark End        Relocate Start      Relocate End           High               Low         
[53.276s][info][gc,heap     ] GC(325)  Capacity:     1024M (100%)       1024M (100%)       1024M (100%)       1024M (100%)       1024M (100%)       1024M (100%)   
[53.276s][info][gc,heap     ] GC(325)      Free:      462M (45%)         402M (39%)         692M (68%)         706M (69%)         706M (69%)         402M (39%)    
[53.276s][info][gc,heap     ] GC(325)      Used:      562M (55%)         622M (61%)         332M (32%)         318M (31%)         622M (61%)         318M (31%)    
[53.276s][info][gc,heap     ] GC(325)      Live:         -               203M (20%)         203M (20%)         203M (20%)            -                  -          
[53.276s][info][gc,heap     ] GC(325) Allocated:         -                60M (6%)           60M (6%)           60M (6%)             -                  -          
[53.276s][info][gc,heap     ] GC(325)   Garbage:         -               358M (35%)          68M (7%)           54M (5%)             -                  -          
[53.276s][info][gc,heap     ] GC(325) Reclaimed:         -                  -               290M (28%)         304M (30%)            -                  -          
[53.276s][info][gc          ] GC(325) Garbage Collection (Allocation Rate) 562M(55%)->318M(31%)
[53.276s][info][gc,start    ] GC(326) Garbage Collection (System.gc())
[53.276s][info][gc,task     ] GC(326) Using 10 workers
[53.276s][info][gc,phases   ] GC(326) Pause Mark Start 0.010ms
[53.328s][info][gc,phases   ] GC(326) Concurrent Mark 51.745ms
[53.328s][info][gc,phases   ] GC(326) Pause Mark End 0.020ms
[53.328s][info][gc,phases   ] GC(326) Concurrent Mark Free 0.001ms
[53.330s][info][gc,phases   ] GC(326) Concurrent Process Non-Strong References 1.704ms
[53.330s][info][gc,phases   ] GC(326) Concurrent Reset Relocation Set 0.002ms
[53.335s][info][gc,phases   ] GC(326) Concurrent Select Relocation Set 5.148ms
[53.335s][info][gc,phases   ] GC(326) Pause Relocate Start 0.009ms
[53.337s][info][gc,phases   ] GC(326) Concurrent Relocate 1.683ms
[53.337s][info][gc,load     ] GC(326) Load: 0.00/0.00/0.00
[53.337s][info][gc,mmu      ] GC(326) MMU: 2ms/96.6%, 5ms/98.6%, 10ms/99.3%, 20ms/99.7%, 50ms/99.8%, 100ms/99.9%
[53.337s][info][gc,marking  ] GC(326) Mark: 8 stripe(s), 1 proactive flush(es), 1 terminate flush(es), 0 completion(s), 0 continuation(s) 
[53.337s][info][gc,marking  ] GC(326) Mark Stack Usage: 32M
[53.337s][info][gc,nmethod  ] GC(326) NMethods: 5464 registered, 1218 unregistered
[53.337s][info][gc,metaspace] GC(326) Metaspace: 59M used, 60M committed, 1088M reserved
[53.337s][info][gc,ref      ] GC(326) Soft: 3042 encountered, 0 discovered, 0 enqueued
[53.337s][info][gc,ref      ] GC(326) Weak: 6036 encountered, 609 discovered, 119 enqueued
[53.337s][info][gc,ref      ] GC(326) Final: 60 encountered, 0 discovered, 0 enqueued
[53.337s][info][gc,ref      ] GC(326) Phantom: 608 encountered, 423 discovered, 0 enqueued
[53.337s][info][gc,reloc    ] GC(326) Small Pages: 134 / 268M, Empty: 40M, Relocated: 3M, In-Place: 0
[53.337s][info][gc,reloc    ] GC(326) Medium Pages: 1 / 32M, Empty: 0M, Relocated: 0M, In-Place: 0
[53.337s][info][gc,reloc    ] GC(326) Large Pages: 3 / 18M, Empty: 6M, Relocated: 0M, In-Place: 0
[53.338s][info][gc,reloc    ] GC(326) Forwarding Usage: 1M
[53.338s][info][gc,heap     ] GC(326) Min Capacity: 8M(1%)
[53.338s][info][gc,heap     ] GC(326) Max Capacity: 1024M(100%)
[53.338s][info][gc,heap     ] GC(326) Soft Max Capacity: 1024M(100%)
[53.338s][info][gc,heap     ] GC(326)                Mark Start          Mark End        Relocate Start      Relocate End           High               Low         
[53.338s][info][gc,heap     ] GC(326)  Capacity:     1024M (100%)       1024M (100%)       1024M (100%)       1024M (100%)       1024M (100%)       1024M (100%)   
[53.338s][info][gc,heap     ] GC(326)      Free:      706M (69%)         704M (69%)         746M (73%)         752M (73%)         752M (73%)         700M (68%)    
[53.338s][info][gc,heap     ] GC(326)      Used:      318M (31%)         320M (31%)         278M (27%)         272M (27%)         324M (32%)         272M (27%)    
[53.338s][info][gc,heap     ] GC(326)      Live:         -               203M (20%)         203M (20%)         203M (20%)            -                  -          
[53.338s][info][gc,heap     ] GC(326) Allocated:         -                 2M (0%)            6M (1%)            6M (1%)             -                  -          
[53.338s][info][gc,heap     ] GC(326)   Garbage:         -               114M (11%)          68M (7%)           62M (6%)             -                  -          
[53.338s][info][gc,heap     ] GC(326) Reclaimed:         -                  -                46M (4%)           52M (5%)             -                  -          
[53.338s][info][gc          ] GC(326) Garbage Collection (System.gc()) 318M(31%)->272M(27%)
[53.500s][info][gc,start    ] GC(327) Garbage Collection (Allocation Rate)
[53.500s][info][gc,task     ] GC(327) Using 8 workers
[53.500s][info][gc,phases   ] GC(327) Pause Mark Start 0.014ms
[53.562s][info][gc,phases   ] GC(327) Concurrent Mark 62.085ms
[53.563s][info][gc,phases   ] GC(327) Pause Mark End 0.033ms
[53.563s][info][gc,phases   ] GC(327) Concurrent Mark Free 0.001ms
[53.565s][info][gc,phases   ] GC(327) Concurrent Process Non-Strong References 2.437ms
[53.565s][info][gc,phases   ] GC(327) Concurrent Reset Relocation Set 0.002ms
[53.572s][info][gc,phases   ] GC(327) Concurrent Select Relocation Set 6.653ms
[53.572s][info][gc,phases   ] GC(327) Pause Relocate Start 0.011ms
[53.575s][info][gc,phases   ] GC(327) Concurrent Relocate 3.195ms
[53.575s][info][gc,load     ] GC(327) Load: 0.00/0.00/0.00
[53.575s][info][gc,mmu      ] GC(327) MMU: 2ms/96.6%, 5ms/98.6%, 10ms/99.3%, 20ms/99.7%, 50ms/99.8%, 100ms/99.9%
[53.575s][info][gc,marking  ] GC(327) Mark: 8 stripe(s), 2 proactive flush(es), 1 terminate flush(es), 0 completion(s), 0 continuation(s) 
[53.575s][info][gc,marking  ] GC(327) Mark Stack Usage: 32M
[53.576s][info][gc,nmethod  ] GC(327) NMethods: 5471 registered, 1226 unregistered
[53.576s][info][gc,metaspace] GC(327) Metaspace: 59M used, 60M committed, 1088M reserved
[53.576s][info][gc,ref      ] GC(327) Soft: 3044 encountered, 0 discovered, 0 enqueued
[53.576s][info][gc,ref      ] GC(327) Weak: 6052 encountered, 2021 discovered, 74 enqueued
[53.576s][info][gc,ref      ] GC(327) Final: 60 encountered, 54 discovered, 0 enqueued
[53.576s][info][gc,ref      ] GC(327) Phantom: 608 encountered, 536 discovered, 0 enqueued
[53.576s][info][gc,reloc    ] GC(327) Small Pages: 268 / 536M, Empty: 282M, Relocated: 4M, In-Place: 0
[53.576s][info][gc,reloc    ] GC(327) Medium Pages: 2 / 64M, Empty: 32M, Relocated: 0M, In-Place: 0
[53.576s][info][gc,reloc    ] GC(327) Large Pages: 4 / 24M, Empty: 12M, Relocated: 0M, In-Place: 0
[53.576s][info][gc,reloc    ] GC(327) Forwarding Usage: 2M
[53.576s][info][gc,heap     ] GC(327) Min Capacity: 8M(1%)
[53.576s][info][gc,heap     ] GC(327) Max Capacity: 1024M(100%)
[53.576s][info][gc,heap     ] GC(327) Soft Max Capacity: 1024M(100%)
[53.576s][info][gc,heap     ] GC(327)                Mark Start          Mark End        Relocate Start      Relocate End           High               Low         
[53.576s][info][gc,heap     ] GC(327)  Capacity:     1024M (100%)       1024M (100%)       1024M (100%)       1024M (100%)       1024M (100%)       1024M (100%)   
[53.576s][info][gc,heap     ] GC(327)      Free:      400M (39%)         212M (21%)         504M (49%)         530M (52%)         534M (52%)         204M (20%)    
[53.576s][info][gc,heap     ] GC(327)      Used:      624M (61%)         812M (79%)         520M (51%)         494M (48%)         820M (80%)         490M (48%)    
[53.576s][info][gc,heap     ] GC(327)      Live:         -               203M (20%)         203M (20%)         203M (20%)            -                  -          
[53.576s][info][gc,heap     ] GC(327) Allocated:         -               188M (18%)         222M (22%)         233M (23%)            -                  -          
[53.576s][info][gc,heap     ] GC(327)   Garbage:         -               420M (41%)          94M (9%)           56M (5%)             -                  -          
[53.576s][info][gc,heap     ] GC(327) Reclaimed:         -                  -               326M (32%)         363M (36%)            -                  -          
[53.576s][info][gc          ] GC(327) Garbage Collection (Allocation Rate) 624M(61%)->494M(48%)
[53.594s][info][gc,start    ] GC(328) Garbage Collection (Allocation Rate)
[53.594s][info][gc,task     ] GC(328) Using 8 workers
[53.594s][info][gc,phases   ] GC(328) Pause Mark Start 0.011ms
[53.658s][info][gc,phases   ] GC(328) Concurrent Mark 64.115ms
[53.658s][info][gc,phases   ] GC(328) Pause Mark End 0.034ms
[53.658s][info][gc,phases   ] GC(328) Concurrent Mark Free 0.001ms
[53.661s][info][gc,phases   ] GC(328) Concurrent Process Non-Strong References 2.185ms
[53.661s][info][gc,phases   ] GC(328) Concurrent Reset Relocation Set 0.005ms
[53.665s][info][gc,phases   ] GC(328) Concurrent Select Relocation Set 3.906ms
[53.665s][info][gc,phases   ] GC(328) Pause Relocate Start 0.006ms
[53.667s][info][gc,phases   ] GC(328) Concurrent Relocate 2.093ms
[53.667s][info][gc,load     ] GC(328) Load: 0.00/0.00/0.00
[53.667s][info][gc,mmu      ] GC(328) MMU: 2ms/96.6%, 5ms/98.6%, 10ms/99.3%, 20ms/99.7%, 50ms/99.8%, 100ms/99.9%
[53.667s][info][gc,marking  ] GC(328) Mark: 8 stripe(s), 2 proactive flush(es), 1 terminate flush(es), 0 completion(s), 0 continuation(s) 
[53.667s][info][gc,marking  ] GC(328) Mark Stack Usage: 32M
[53.667s][info][gc,nmethod  ] GC(328) NMethods: 5471 registered, 1226 unregistered
[53.667s][info][gc,metaspace] GC(328) Metaspace: 59M used, 60M committed, 1088M reserved
[53.667s][info][gc,ref      ] GC(328) Soft: 3044 encountered, 0 discovered, 0 enqueued
[53.667s][info][gc,ref      ] GC(328) Weak: 5977 encountered, 1843 discovered, 14 enqueued
[53.667s][info][gc,ref      ] GC(328) Final: 60 encountered, 0 discovered, 0 enqueued
[53.667s][info][gc,ref      ] GC(328) Phantom: 608 encountered, 488 discovered, 0 enqueued
[53.667s][info][gc,reloc    ] GC(328) Small Pages: 256 / 512M, Empty: 276M, Relocated: 3M, In-Place: 0
[53.667s][info][gc,reloc    ] GC(328) Medium Pages: 1 / 32M, Empty: 0M, Relocated: 0M, In-Place: 0
[53.667s][info][gc,reloc    ] GC(328) Large Pages: 2 / 12M, Empty: 0M, Relocated: 0M, In-Place: 0
[53.667s][info][gc,reloc    ] GC(328) Forwarding Usage: 1M
[53.667s][info][gc,heap     ] GC(328) Min Capacity: 8M(1%)
[53.667s][info][gc,heap     ] GC(328) Max Capacity: 1024M(100%)
[53.667s][info][gc,heap     ] GC(328) Soft Max Capacity: 1024M(100%)
[53.667s][info][gc,heap     ] GC(328)                Mark Start          Mark End        Relocate Start      Relocate End           High               Low         
[53.667s][info][gc,heap     ] GC(328)  Capacity:     1024M (100%)       1024M (100%)       1024M (100%)       1024M (100%)       1024M (100%)       1024M (100%)   
[53.667s][info][gc,heap     ] GC(328)      Free:      468M (46%)         248M (24%)         502M (49%)         516M (50%)         516M (50%)         240M (23%)    
[53.667s][info][gc,heap     ] GC(328)      Used:      556M (54%)         776M (76%)         522M (51%)         508M (50%)         784M (77%)         508M (50%)    
[53.667s][info][gc,heap     ] GC(328)      Live:         -               203M (20%)         203M (20%)         203M (20%)            -                  -          
[53.667s][info][gc,heap     ] GC(328) Allocated:         -               220M (21%)         242M (24%)         245M (24%)            -                  -          
[53.668s][info][gc,heap     ] GC(328)   Garbage:         -               352M (34%)          76M (7%)           58M (6%)             -                  -          
[53.668s][info][gc,heap     ] GC(328) Reclaimed:         -                  -               276M (27%)         293M (29%)            -                  -          
[53.668s][info][gc          ] GC(328) Garbage Collection (Allocation Rate) 556M(54%)->508M(50%)
[53.705s][info][gc,start    ] GC(329) Garbage Collection (Allocation Rate)
[53.705s][info][gc,task     ] GC(329) Using 8 workers
[53.705s][info][gc,phases   ] GC(329) Pause Mark Start 0.013ms
[53.767s][info][gc,phases   ] GC(329) Concurrent Mark 62.143ms
[53.768s][info][gc,phases   ] GC(329) Pause Mark End 0.033ms
[53.768s][info][gc,phases   ] GC(329) Concurrent Mark Free 0.001ms
[53.770s][info][gc,phases   ] GC(329) Concurrent Process Non-Strong References 2.088ms
[53.770s][info][gc,phases   ] GC(329) Concurrent Reset Relocation Set 0.002ms
[53.773s][info][gc,phases   ] GC(329) Concurrent Select Relocation Set 3.630ms
[53.774s][info][gc,phases   ] GC(329) Pause Relocate Start 0.010ms
[53.775s][info][gc,phases   ] GC(329) Concurrent Relocate 1.776ms
[53.776s][info][gc,load     ] GC(329) Load: 0.00/0.00/0.00
[53.776s][info][gc,mmu      ] GC(329) MMU: 2ms/96.6%, 5ms/98.6%, 10ms/99.3%, 20ms/99.7%, 50ms/99.8%, 100ms/99.9%
[53.776s][info][gc,marking  ] GC(329) Mark: 8 stripe(s), 2 proactive flush(es), 1 terminate flush(es), 0 completion(s), 0 continuation(s) 
[53.776s][info][gc,marking  ] GC(329) Mark Stack Usage: 32M
[53.776s][info][gc,nmethod  ] GC(329) NMethods: 5471 registered, 1226 unregistered
[53.776s][info][gc,metaspace] GC(329) Metaspace: 59M used, 60M committed, 1088M reserved
[53.776s][info][gc,ref      ] GC(329) Soft: 3044 encountered, 0 discovered, 0 enqueued
[53.776s][info][gc,ref      ] GC(329) Weak: 5963 encountered, 1267 discovered, 0 enqueued
[53.776s][info][gc,ref      ] GC(329) Final: 60 encountered, 3 discovered, 0 enqueued
[53.776s][info][gc,ref      ] GC(329) Phantom: 608 encountered, 364 discovered, 0 enqueued
[53.776s][info][gc,reloc    ] GC(329) Small Pages: 293 / 586M, Empty: 354M, Relocated: 3M, In-Place: 0
[53.776s][info][gc,reloc    ] GC(329) Medium Pages: 1 / 32M, Empty: 0M, Relocated: 0M, In-Place: 0
[53.776s][info][gc,reloc    ] GC(329) Large Pages: 2 / 12M, Empty: 0M, Relocated: 0M, In-Place: 0
[53.776s][info][gc,reloc    ] GC(329) Forwarding Usage: 1M
[53.776s][info][gc,heap     ] GC(329) Min Capacity: 8M(1%)
[53.776s][info][gc,heap     ] GC(329) Max Capacity: 1024M(100%)
[53.776s][info][gc,heap     ] GC(329) Soft Max Capacity: 1024M(100%)
[53.776s][info][gc,heap     ] GC(329)                Mark Start          Mark End        Relocate Start      Relocate End           High               Low         
[53.776s][info][gc,heap     ] GC(329)  Capacity:     1024M (100%)       1024M (100%)       1024M (100%)       1024M (100%)       1024M (100%)       1024M (100%)   
[53.776s][info][gc,heap     ] GC(329)      Free:      394M (38%)         198M (19%)         532M (52%)         542M (53%)         542M (53%)         190M (19%)    
[53.776s][info][gc,heap     ] GC(329)      Used:      630M (62%)         826M (81%)         492M (48%)         482M (47%)         834M (81%)         482M (47%)    
[53.776s][info][gc,heap     ] GC(329)      Live:         -               203M (20%)         203M (20%)         203M (20%)            -                  -          
[53.776s][info][gc,heap     ] GC(329) Allocated:         -               196M (19%)         216M (21%)         219M (21%)            -                  -          
[53.776s][info][gc,heap     ] GC(329)   Garbage:         -               426M (42%)          72M (7%)           58M (6%)             -                  -          
[53.776s][info][gc,heap     ] GC(329) Reclaimed:         -                  -               354M (35%)         367M (36%)            -                  -          
[53.776s][info][gc          ] GC(329) Garbage Collection (Allocation Rate) 630M(62%)->482M(47%)
[53.799s][info][gc,start    ] GC(330) Garbage Collection (Allocation Rate)
[53.799s][info][gc,task     ] GC(330) Using 8 workers
[53.799s][info][gc,phases   ] GC(330) Pause Mark Start 0.010ms
[53.861s][info][gc,phases   ] GC(330) Concurrent Mark 62.213ms
[53.861s][info][gc,phases   ] GC(330) Pause Mark End 0.025ms
[53.861s][info][gc,phases   ] GC(330) Concurrent Mark Free 0.001ms
[53.863s][info][gc,phases   ] GC(330) Concurrent Process Non-Strong References 2.005ms
[53.863s][info][gc,phases   ] GC(330) Concurrent Reset Relocation Set 0.002ms
[53.867s][info][gc,phases   ] GC(330) Concurrent Select Relocation Set 3.592ms
[53.867s][info][gc,phases   ] GC(330) Pause Relocate Start 0.008ms
[53.870s][info][gc,phases   ] GC(330) Concurrent Relocate 2.960ms
[53.870s][info][gc,load     ] GC(330) Load: 0.00/0.00/0.00
[53.870s][info][gc,mmu      ] GC(330) MMU: 2ms/96.6%, 5ms/98.6%, 10ms/99.3%, 20ms/99.7%, 50ms/99.8%, 100ms/99.9%
[53.870s][info][gc,marking  ] GC(330) Mark: 8 stripe(s), 2 proactive flush(es), 1 terminate flush(es), 0 completion(s), 0 continuation(s) 
[53.870s][info][gc,marking  ] GC(330) Mark Stack Usage: 32M
[53.870s][info][gc,nmethod  ] GC(330) NMethods: 5471 registered, 1226 unregistered
[53.870s][info][gc,metaspace] GC(330) Metaspace: 59M used, 60M committed, 1088M reserved
[53.870s][info][gc,ref      ] GC(330) Soft: 3044 encountered, 0 discovered, 0 enqueued
[53.870s][info][gc,ref      ] GC(330) Weak: 5963 encountered, 1943 discovered, 0 enqueued
[53.870s][info][gc,ref      ] GC(330) Final: 60 encountered, 1 discovered, 0 enqueued
[53.870s][info][gc,ref      ] GC(330) Phantom: 608 encountered, 388 discovered, 0 enqueued
[53.870s][info][gc,reloc    ] GC(330) Small Pages: 245 / 490M, Empty: 256M, Relocated: 3M, In-Place: 0
[53.870s][info][gc,reloc    ] GC(330) Medium Pages: 1 / 32M, Empty: 0M, Relocated: 0M, In-Place: 0
[53.871s][info][gc,reloc    ] GC(330) Large Pages: 2 / 12M, Empty: 0M, Relocated: 0M, In-Place: 0
[53.871s][info][gc,reloc    ] GC(330) Forwarding Usage: 1M
[53.871s][info][gc,heap     ] GC(330) Min Capacity: 8M(1%)
[53.871s][info][gc,heap     ] GC(330) Max Capacity: 1024M(100%)
[53.871s][info][gc,heap     ] GC(330) Soft Max Capacity: 1024M(100%)
[53.871s][info][gc,heap     ] GC(330)                Mark Start          Mark End        Relocate Start      Relocate End           High               Low         
[53.871s][info][gc,heap     ] GC(330)  Capacity:     1024M (100%)       1024M (100%)       1024M (100%)       1024M (100%)       1024M (100%)       1024M (100%)   
[53.871s][info][gc,heap     ] GC(330)      Free:      490M (48%)         350M (34%)         592M (58%)         600M (59%)         604M (59%)         344M (34%)    
[53.871s][info][gc,heap     ] GC(330)      Used:      534M (52%)         674M (66%)         432M (42%)         424M (41%)         680M (66%)         420M (41%)    
[53.871s][info][gc,heap     ] GC(330)      Live:         -               203M (20%)         203M (20%)         203M (20%)            -                  -          
[53.871s][info][gc,heap     ] GC(330) Allocated:         -               140M (14%)         154M (15%)         161M (16%)            -                  -          
[53.871s][info][gc,heap     ] GC(330)   Garbage:         -               330M (32%)          74M (7%)           58M (6%)             -                  -          
[53.871s][info][gc,heap     ] GC(330) Reclaimed:         -                  -               256M (25%)         271M (27%)            -                  -          
[53.871s][info][gc          ] GC(330) Garbage Collection (Allocation Rate) 534M(52%)->424M(41%)
[53.908s][info][gc,start    ] GC(331) Garbage Collection (Allocation Rate)
[53.908s][info][gc,task     ] GC(331) Using 8 workers
[53.908s][info][gc,phases   ] GC(331) Pause Mark Start 0.012ms
[53.970s][info][gc,phases   ] GC(331) Concurrent Mark 62.212ms
[53.971s][info][gc,phases   ] GC(331) Pause Mark End 0.020ms
[53.971s][info][gc,phases   ] GC(331) Concurrent Mark Free 0.001ms
[53.973s][info][gc,phases   ] GC(331) Concurrent Process Non-Strong References 2.167ms
[53.973s][info][gc,phases   ] GC(331) Concurrent Reset Relocation Set 0.001ms
[53.975s][info][gc,phases   ] GC(331) Concurrent Select Relocation Set 2.428ms
[53.975s][info][gc,phases   ] GC(331) Pause Relocate Start 0.007ms
[53.978s][info][gc,phases   ] GC(331) Concurrent Relocate 2.933ms
[53.978s][info][gc,load     ] GC(331) Load: 0.00/0.00/0.00
[53.978s][info][gc,mmu      ] GC(331) MMU: 2ms/96.6%, 5ms/98.6%, 10ms/99.3%, 20ms/99.7%, 50ms/99.8%, 100ms/99.9%
[53.978s][info][gc,marking  ] GC(331) Mark: 8 stripe(s), 2 proactive flush(es), 1 terminate flush(es), 0 completion(s), 0 continuation(s) 
[53.978s][info][gc,marking  ] GC(331) Mark Stack Usage: 32M
[53.978s][info][gc,nmethod  ] GC(331) NMethods: 5471 registered, 1226 unregistered
[53.978s][info][gc,metaspace] GC(331) Metaspace: 59M used, 60M committed, 1088M reserved
[53.978s][info][gc,ref      ] GC(331) Soft: 3044 encountered, 0 discovered, 0 enqueued
[53.978s][info][gc,ref      ] GC(331) Weak: 5963 encountered, 1919 discovered, 0 enqueued
[53.978s][info][gc,ref      ] GC(331) Final: 60 encountered, 0 discovered, 0 enqueued
[53.978s][info][gc,ref      ] GC(331) Phantom: 608 encountered, 489 discovered, 0 enqueued
[53.978s][info][gc,reloc    ] GC(331) Small Pages: 237 / 474M, Empty: 240M, Relocated: 3M, In-Place: 0
[53.978s][info][gc,reloc    ] GC(331) Medium Pages: 1 / 32M, Empty: 0M, Relocated: 0M, In-Place: 0
[53.978s][info][gc,reloc    ] GC(331) Large Pages: 2 / 12M, Empty: 0M, Relocated: 0M, In-Place: 0
[53.979s][info][gc,reloc    ] GC(331) Forwarding Usage: 1M
[53.979s][info][gc,heap     ] GC(331) Min Capacity: 8M(1%)
[53.979s][info][gc,heap     ] GC(331) Max Capacity: 1024M(100%)
[53.979s][info][gc,heap     ] GC(331) Soft Max Capacity: 1024M(100%)
[53.979s][info][gc,heap     ] GC(331)                Mark Start          Mark End        Relocate Start      Relocate End           High               Low         
[53.979s][info][gc,heap     ] GC(331)  Capacity:     1024M (100%)       1024M (100%)       1024M (100%)       1024M (100%)       1024M (100%)       1024M (100%)   
[53.979s][info][gc,heap     ] GC(331)      Free:      506M (49%)         350M (34%)         578M (56%)         588M (57%)         590M (58%)         346M (34%)    
[53.979s][info][gc,heap     ] GC(331)      Used:      518M (51%)         674M (66%)         446M (44%)         436M (43%)         678M (66%)         434M (42%)    
[53.979s][info][gc,heap     ] GC(331)      Live:         -               203M (20%)         203M (20%)         203M (20%)            -                  -          
[53.979s][info][gc,heap     ] GC(331) Allocated:         -               156M (15%)         168M (16%)         173M (17%)            -                  -          
[53.979s][info][gc,heap     ] GC(331)   Garbage:         -               314M (31%)          74M (7%)           58M (6%)             -                  -          
[53.979s][info][gc,heap     ] GC(331) Reclaimed:         -                  -               240M (23%)         255M (25%)            -                  -          
[53.979s][info][gc          ] GC(331) Garbage Collection (Allocation Rate) 518M(51%)->436M(43%)
[54.002s][info][gc,start    ] GC(332) Garbage Collection (Allocation Rate)
[54.002s][info][gc,task     ] GC(332) Using 8 workers
[54.002s][info][gc,phases   ] GC(332) Pause Mark Start 0.010ms
[54.064s][info][gc,phases   ] GC(332) Concurrent Mark 62.248ms
[54.064s][info][gc,phases   ] GC(332) Pause Mark End 0.019ms
[54.064s][info][gc,phases   ] GC(332) Concurrent Mark Free 0.001ms
[54.066s][info][gc,phases   ] GC(332) Concurrent Process Non-Strong References 1.973ms
[54.066s][info][gc,phases   ] GC(332) Concurrent Reset Relocation Set 0.003ms
[54.070s][info][gc,phases   ] GC(332) Concurrent Select Relocation Set 3.590ms
[54.070s][info][gc,phases   ] GC(332) Pause Relocate Start 0.007ms
[54.072s][info][gc,phases   ] GC(332) Concurrent Relocate 1.564ms
[54.072s][info][gc,load     ] GC(332) Load: 0.00/0.00/0.00
[54.072s][info][gc,mmu      ] GC(332) MMU: 2ms/96.6%, 5ms/98.6%, 10ms/99.3%, 20ms/99.7%, 50ms/99.8%, 100ms/99.9%
[54.072s][info][gc,marking  ] GC(332) Mark: 8 stripe(s), 2 proactive flush(es), 1 terminate flush(es), 0 completion(s), 0 continuation(s) 
[54.072s][info][gc,marking  ] GC(332) Mark Stack Usage: 32M
[54.072s][info][gc,nmethod  ] GC(332) NMethods: 5471 registered, 1226 unregistered
[54.072s][info][gc,metaspace] GC(332) Metaspace: 59M used, 60M committed, 1088M reserved
[54.072s][info][gc,ref      ] GC(332) Soft: 3044 encountered, 0 discovered, 0 enqueued
[54.072s][info][gc,ref      ] GC(332) Weak: 5963 encountered, 769 discovered, 0 enqueued
[54.072s][info][gc,ref      ] GC(332) Final: 60 encountered, 54 discovered, 0 enqueued
[54.072s][info][gc,ref      ] GC(332) Phantom: 608 encountered, 450 discovered, 0 enqueued
[54.072s][info][gc,reloc    ] GC(332) Small Pages: 222 / 444M, Empty: 216M, Relocated: 3M, In-Place: 0
[54.072s][info][gc,reloc    ] GC(332) Medium Pages: 1 / 32M, Empty: 0M, Relocated: 0M, In-Place: 0
[54.072s][info][gc,reloc    ] GC(332) Large Pages: 2 / 12M, Empty: 0M, Relocated: 0M, In-Place: 0
[54.072s][info][gc,reloc    ] GC(332) Forwarding Usage: 1M
[54.072s][info][gc,heap     ] GC(332) Min Capacity: 8M(1%)
[54.072s][info][gc,heap     ] GC(332) Max Capacity: 1024M(100%)
[54.072s][info][gc,heap     ] GC(332) Soft Max Capacity: 1024M(100%)
[54.072s][info][gc,heap     ] GC(332)                Mark Start          Mark End        Relocate Start      Relocate End           High               Low         
[54.072s][info][gc,heap     ] GC(332)  Capacity:     1024M (100%)       1024M (100%)       1024M (100%)       1024M (100%)       1024M (100%)       1024M (100%)   
[54.072s][info][gc,heap     ] GC(332)      Free:      536M (52%)         398M (39%)         600M (59%)         606M (59%)         606M (59%)         392M (38%)    
[54.072s][info][gc,heap     ] GC(332)      Used:      488M (48%)         626M (61%)         424M (41%)         418M (41%)         632M (62%)         418M (41%)    
[54.072s][info][gc,heap     ] GC(332)      Live:         -               203M (20%)         203M (20%)         203M (20%)            -                  -          
[54.072s][info][gc,heap     ] GC(332) Allocated:         -               138M (13%)         152M (15%)         155M (15%)            -                  -          
[54.072s][info][gc,heap     ] GC(332)   Garbage:         -               284M (28%)          68M (7%)           58M (6%)             -                  -          
[54.073s][info][gc,heap     ] GC(332) Reclaimed:         -                  -               216M (21%)         225M (22%)            -                  -          
[54.073s][info][gc          ] GC(332) Garbage Collection (Allocation Rate) 488M(48%)->418M(41%)
[54.095s][info][gc,start    ] GC(333) Garbage Collection (Allocation Rate)
[54.095s][info][gc,task     ] GC(333) Using 8 workers
[54.096s][info][gc,phases   ] GC(333) Pause Mark Start 0.009ms
[54.158s][info][gc,phases   ] GC(333) Concurrent Mark 62.241ms
[54.158s][info][gc,phases   ] GC(333) Pause Mark End 0.022ms
[54.158s][info][gc,phases   ] GC(333) Concurrent Mark Free 0.001ms
[54.160s][info][gc,phases   ] GC(333) Concurrent Process Non-Strong References 2.152ms
[54.160s][info][gc,phases   ] GC(333) Concurrent Reset Relocation Set 0.002ms
[54.164s][info][gc,phases   ] GC(333) Concurrent Select Relocation Set 3.549ms
[54.164s][info][gc,phases   ] GC(333) Pause Relocate Start 0.005ms
[54.166s][info][gc,phases   ] GC(333) Concurrent Relocate 1.548ms
[54.166s][info][gc,load     ] GC(333) Load: 0.00/0.00/0.00
[54.166s][info][gc,mmu      ] GC(333) MMU: 2ms/96.6%, 5ms/98.6%, 10ms/99.3%, 20ms/99.7%, 50ms/99.8%, 100ms/99.9%
[54.166s][info][gc,marking  ] GC(333) Mark: 8 stripe(s), 3 proactive flush(es), 1 terminate flush(es), 0 completion(s), 0 continuation(s) 
[54.166s][info][gc,marking  ] GC(333) Mark Stack Usage: 32M
[54.166s][info][gc,nmethod  ] GC(333) NMethods: 5471 registered, 1226 unregistered
[54.166s][info][gc,metaspace] GC(333) Metaspace: 59M used, 60M committed, 1088M reserved
[54.166s][info][gc,ref      ] GC(333) Soft: 3044 encountered, 0 discovered, 0 enqueued
[54.166s][info][gc,ref      ] GC(333) Weak: 5963 encountered, 711 discovered, 0 enqueued
[54.166s][info][gc,ref      ] GC(333) Final: 60 encountered, 36 discovered, 0 enqueued
[54.166s][info][gc,ref      ] GC(333) Phantom: 608 encountered, 394 discovered, 0 enqueued
[54.166s][info][gc,reloc    ] GC(333) Small Pages: 216 / 432M, Empty: 204M, Relocated: 3M, In-Place: 0
[54.166s][info][gc,reloc    ] GC(333) Medium Pages: 1 / 32M, Empty: 0M, Relocated: 0M, In-Place: 0
[54.166s][info][gc,reloc    ] GC(333) Large Pages: 2 / 12M, Empty: 0M, Relocated: 0M, In-Place: 0
[54.166s][info][gc,reloc    ] GC(333) Forwarding Usage: 1M
[54.166s][info][gc,heap     ] GC(333) Min Capacity: 8M(1%)
[54.166s][info][gc,heap     ] GC(333) Max Capacity: 1024M(100%)
[54.166s][info][gc,heap     ] GC(333) Soft Max Capacity: 1024M(100%)
[54.166s][info][gc,heap     ] GC(333)                Mark Start          Mark End        Relocate Start      Relocate End           High               Low         
[54.166s][info][gc,heap     ] GC(333)  Capacity:     1024M (100%)       1024M (100%)       1024M (100%)       1024M (100%)       1024M (100%)       1024M (100%)   
[54.166s][info][gc,heap     ] GC(333)      Free:      548M (54%)         410M (40%)         602M (59%)         608M (59%)         608M (59%)         404M (39%)    
[54.166s][info][gc,heap     ] GC(333)      Used:      476M (46%)         614M (60%)         422M (41%)         416M (41%)         620M (61%)         416M (41%)    
[54.166s][info][gc,heap     ] GC(333)      Live:         -               203M (20%)         203M (20%)         203M (20%)            -                  -          
[54.166s][info][gc,heap     ] GC(333) Allocated:         -               138M (13%)         150M (15%)         153M (15%)            -                  -          
[54.166s][info][gc,heap     ] GC(333)   Garbage:         -               272M (27%)          68M (7%)           58M (6%)             -                  -          
[54.166s][info][gc,heap     ] GC(333) Reclaimed:         -                  -               204M (20%)         213M (21%)            -                  -          
[54.166s][info][gc          ] GC(333) Garbage Collection (Allocation Rate) 476M(46%)->416M(41%)
[54.205s][info][gc,start    ] GC(334) Garbage Collection (Allocation Rate)
[54.205s][info][gc,task     ] GC(334) Using 8 workers
[54.205s][info][gc,phases   ] GC(334) Pause Mark Start 0.013ms
[54.262s][info][gc,phases   ] GC(334) Concurrent Mark 56.986ms
[54.262s][info][gc,phases   ] GC(334) Pause Mark End 0.018ms
[54.262s][info][gc,phases   ] GC(334) Concurrent Mark Free 0.001ms
[54.264s][info][gc,phases   ] GC(334) Concurrent Process Non-Strong References 1.930ms
[54.264s][info][gc,phases   ] GC(334) Concurrent Reset Relocation Set 0.002ms
[54.269s][info][gc,phases   ] GC(334) Concurrent Select Relocation Set 5.150ms
[54.270s][info][gc,phases   ] GC(334) Pause Relocate Start 0.005ms
[54.273s][info][gc,phases   ] GC(334) Concurrent Relocate 2.901ms
[54.273s][info][gc,load     ] GC(334) Load: 0.00/0.00/0.00
[54.273s][info][gc,mmu      ] GC(334) MMU: 2ms/96.6%, 5ms/98.6%, 10ms/99.3%, 20ms/99.7%, 50ms/99.8%, 100ms/99.9%
[54.273s][info][gc,marking  ] GC(334) Mark: 8 stripe(s), 2 proactive flush(es), 1 terminate flush(es), 0 completion(s), 0 continuation(s) 
[54.273s][info][gc,marking  ] GC(334) Mark Stack Usage: 32M
[54.273s][info][gc,nmethod  ] GC(334) NMethods: 5491 registered, 1226 unregistered
[54.273s][info][gc,metaspace] GC(334) Metaspace: 59M used, 60M committed, 1088M reserved
[54.273s][info][gc,ref      ] GC(334) Soft: 3043 encountered, 0 discovered, 0 enqueued
[54.273s][info][gc,ref      ] GC(334) Weak: 5966 encountered, 1443 discovered, 0 enqueued
[54.273s][info][gc,ref      ] GC(334) Final: 60 encountered, 2 discovered, 0 enqueued
[54.273s][info][gc,ref      ] GC(334) Phantom: 608 encountered, 408 discovered, 0 enqueued
[54.273s][info][gc,reloc    ] GC(334) Small Pages: 233 / 466M, Empty: 230M, Relocated: 3M, In-Place: 0
[54.273s][info][gc,reloc    ] GC(334) Medium Pages: 1 / 32M, Empty: 0M, Relocated: 0M, In-Place: 0
[54.273s][info][gc,reloc    ] GC(334) Large Pages: 2 / 12M, Empty: 0M, Relocated: 0M, In-Place: 0
[54.273s][info][gc,reloc    ] GC(334) Forwarding Usage: 1M
[54.273s][info][gc,heap     ] GC(334) Min Capacity: 8M(1%)
[54.273s][info][gc,heap     ] GC(334) Max Capacity: 1024M(100%)
[54.273s][info][gc,heap     ] GC(334) Soft Max Capacity: 1024M(100%)
[54.273s][info][gc,heap     ] GC(334)                Mark Start          Mark End        Relocate Start      Relocate End           High               Low         
[54.273s][info][gc,heap     ] GC(334)  Capacity:     1024M (100%)       1024M (100%)       1024M (100%)       1024M (100%)       1024M (100%)       1024M (100%)   
[54.273s][info][gc,heap     ] GC(334)      Free:      514M (50%)         474M (46%)         704M (69%)         722M (71%)         722M (71%)         474M (46%)    
[54.273s][info][gc,heap     ] GC(334)      Used:      510M (50%)         550M (54%)         320M (31%)         302M (29%)         550M (54%)         302M (29%)    
[54.273s][info][gc,heap     ] GC(334)      Live:         -               203M (20%)         203M (20%)         203M (20%)            -                  -          
[54.273s][info][gc,heap     ] GC(334) Allocated:         -                40M (4%)           40M (4%)           39M (4%)             -                  -          
[54.273s][info][gc,heap     ] GC(334)   Garbage:         -               306M (30%)          76M (7%)           58M (6%)             -                  -          
[54.273s][info][gc,heap     ] GC(334) Reclaimed:         -                  -               230M (22%)         247M (24%)            -                  -          
[54.273s][info][gc          ] GC(334) Garbage Collection (Allocation Rate) 510M(50%)->302M(29%)
[54.273s][info][gc,start    ] GC(335) Garbage Collection (System.gc())
[54.273s][info][gc,task     ] GC(335) Using 10 workers
[54.274s][info][gc,phases   ] GC(335) Pause Mark Start 0.008ms
[54.325s][info][gc,phases   ] GC(335) Concurrent Mark 50.932ms
[54.325s][info][gc,phases   ] GC(335) Pause Mark End 0.027ms
[54.325s][info][gc,phases   ] GC(335) Concurrent Mark Free 0.001ms
[54.327s][info][gc,phases   ] GC(335) Concurrent Process Non-Strong References 1.785ms
[54.327s][info][gc,phases   ] GC(335) Concurrent Reset Relocation Set 0.002ms
[54.330s][info][gc,phases   ] GC(335) Concurrent Select Relocation Set 3.544ms
[54.330s][info][gc,phases   ] GC(335) Pause Relocate Start 0.009ms
[54.332s][info][gc,phases   ] GC(335) Concurrent Relocate 1.741ms
[54.332s][info][gc,load     ] GC(335) Load: 0.00/0.00/0.00
[54.332s][info][gc,mmu      ] GC(335) MMU: 2ms/96.6%, 5ms/98.6%, 10ms/99.3%, 20ms/99.7%, 50ms/99.8%, 100ms/99.9%
[54.332s][info][gc,marking  ] GC(335) Mark: 8 stripe(s), 1 proactive flush(es), 1 terminate flush(es), 0 completion(s), 0 continuation(s) 
[54.332s][info][gc,marking  ] GC(335) Mark Stack Usage: 32M
[54.332s][info][gc,nmethod  ] GC(335) NMethods: 5487 registered, 1230 unregistered
[54.332s][info][gc,metaspace] GC(335) Metaspace: 59M used, 60M committed, 1088M reserved
[54.332s][info][gc,ref      ] GC(335) Soft: 3042 encountered, 0 discovered, 0 enqueued
[54.332s][info][gc,ref      ] GC(335) Weak: 6023 encountered, 1619 discovered, 121 enqueued
[54.332s][info][gc,ref      ] GC(335) Final: 60 encountered, 36 discovered, 0 enqueued
[54.332s][info][gc,ref      ] GC(335) Phantom: 608 encountered, 372 discovered, 0 enqueued
[54.332s][info][gc,reloc    ] GC(335) Small Pages: 126 / 252M, Empty: 24M, Relocated: 3M, In-Place: 0
[54.332s][info][gc,reloc    ] GC(335) Medium Pages: 1 / 32M, Empty: 0M, Relocated: 0M, In-Place: 0
[54.333s][info][gc,reloc    ] GC(335) Large Pages: 3 / 18M, Empty: 6M, Relocated: 0M, In-Place: 0
[54.333s][info][gc,reloc    ] GC(335) Forwarding Usage: 1M
[54.333s][info][gc,heap     ] GC(335) Min Capacity: 8M(1%)
[54.333s][info][gc,heap     ] GC(335) Max Capacity: 1024M(100%)
[54.333s][info][gc,heap     ] GC(335) Soft Max Capacity: 1024M(100%)
[54.333s][info][gc,heap     ] GC(335)                Mark Start          Mark End        Relocate Start      Relocate End           High               Low         
[54.333s][info][gc,heap     ] GC(335)  Capacity:     1024M (100%)       1024M (100%)       1024M (100%)       1024M (100%)       1024M (100%)       1024M (100%)   
[54.333s][info][gc,heap     ] GC(335)      Free:      722M (71%)         720M (70%)         746M (73%)         752M (73%)         752M (73%)         716M (70%)    
[54.333s][info][gc,heap     ] GC(335)      Used:      302M (29%)         304M (30%)         278M (27%)         272M (27%)         308M (30%)         272M (27%)    
[54.333s][info][gc,heap     ] GC(335)      Live:         -               203M (20%)         203M (20%)         203M (20%)            -                  -          
[54.333s][info][gc,heap     ] GC(335) Allocated:         -                 2M (0%)            6M (1%)            6M (1%)             -                  -          
[54.333s][info][gc,heap     ] GC(335)   Garbage:         -                98M (10%)          68M (7%)           62M (6%)             -                  -          
[54.333s][info][gc,heap     ] GC(335) Reclaimed:         -                  -                30M (3%)           36M (4%)             -                  -          
[54.333s][info][gc          ] GC(335) Garbage Collection (System.gc()) 302M(29%)->272M(27%)
[54.496s][info][gc,start    ] GC(336) Garbage Collection (Allocation Rate)
[54.496s][info][gc,task     ] GC(336) Using 6 workers
[54.497s][info][gc,phases   ] GC(336) Pause Mark Start 0.016ms
[54.574s][info][gc,phases   ] GC(336) Concurrent Mark 77.698ms
[54.575s][info][gc,phases   ] GC(336) Pause Mark End 0.021ms
[54.575s][info][gc,phases   ] GC(336) Concurrent Mark Free 0.001ms
[54.577s][info][gc,phases   ] GC(336) Concurrent Process Non-Strong References 2.723ms
[54.577s][info][gc,phases   ] GC(336) Concurrent Reset Relocation Set 0.002ms
[54.583s][info][gc,phases   ] GC(336) Concurrent Select Relocation Set 5.864ms
[54.583s][info][gc,phases   ] GC(336) Pause Relocate Start 0.009ms
[54.587s][info][gc,phases   ] GC(336) Concurrent Relocate 3.084ms
[54.587s][info][gc,load     ] GC(336) Load: 0.00/0.00/0.00
[54.587s][info][gc,mmu      ] GC(336) MMU: 2ms/96.6%, 5ms/98.6%, 10ms/99.3%, 20ms/99.7%, 50ms/99.8%, 100ms/99.9%
[54.587s][info][gc,marking  ] GC(336) Mark: 4 stripe(s), 2 proactive flush(es), 1 terminate flush(es), 0 completion(s), 0 continuation(s) 
[54.587s][info][gc,marking  ] GC(336) Mark Stack Usage: 32M
[54.587s][info][gc,nmethod  ] GC(336) NMethods: 5522 registered, 1232 unregistered
[54.587s][info][gc,metaspace] GC(336) Metaspace: 59M used, 60M committed, 1088M reserved
[54.587s][info][gc,ref      ] GC(336) Soft: 3044 encountered, 0 discovered, 0 enqueued
[54.587s][info][gc,ref      ] GC(336) Weak: 6067 encountered, 1711 discovered, 75 enqueued
[54.587s][info][gc,ref      ] GC(336) Final: 60 encountered, 1 discovered, 0 enqueued
[54.587s][info][gc,ref      ] GC(336) Phantom: 608 encountered, 439 discovered, 0 enqueued
[54.587s][info][gc,reloc    ] GC(336) Small Pages: 268 / 536M, Empty: 282M, Relocated: 4M, In-Place: 0
[54.587s][info][gc,reloc    ] GC(336) Medium Pages: 2 / 64M, Empty: 32M, Relocated: 0M, In-Place: 0
[54.587s][info][gc,reloc    ] GC(336) Large Pages: 4 / 24M, Empty: 12M, Relocated: 0M, In-Place: 0
[54.587s][info][gc,reloc    ] GC(336) Forwarding Usage: 2M
[54.587s][info][gc,heap     ] GC(336) Min Capacity: 8M(1%)
[54.587s][info][gc,heap     ] GC(336) Max Capacity: 1024M(100%)
[54.587s][info][gc,heap     ] GC(336) Soft Max Capacity: 1024M(100%)
[54.587s][info][gc,heap     ] GC(336)                Mark Start          Mark End        Relocate Start      Relocate End           High               Low         
[54.587s][info][gc,heap     ] GC(336)  Capacity:     1024M (100%)       1024M (100%)       1024M (100%)       1024M (100%)       1024M (100%)       1024M (100%)   
[54.587s][info][gc,heap     ] GC(336)      Free:      400M (39%)         138M (13%)         430M (42%)         464M (45%)         466M (46%)         128M (13%)    
[54.587s][info][gc,heap     ] GC(336)      Used:      624M (61%)         886M (87%)         594M (58%)         560M (55%)         896M (88%)         558M (54%)    
[54.587s][info][gc,heap     ] GC(336)      Live:         -               203M (20%)         203M (20%)         203M (20%)            -                  -          
[54.587s][info][gc,heap     ] GC(336) Allocated:         -               262M (26%)         296M (29%)         303M (30%)            -                  -          
[54.587s][info][gc,heap     ] GC(336)   Garbage:         -               420M (41%)          94M (9%)           52M (5%)             -                  -          
[54.587s][info][gc,heap     ] GC(336) Reclaimed:         -                  -               326M (32%)         367M (36%)            -                  -          
[54.587s][info][gc          ] GC(336) Garbage Collection (Allocation Rate) 624M(61%)->560M(55%)
[54.606s][info][gc,start    ] GC(337) Garbage Collection (Allocation Rate)
[54.606s][info][gc,task     ] GC(337) Using 6 workers
[54.606s][info][gc,phases   ] GC(337) Pause Mark Start 0.010ms
[54.684s][info][gc,phases   ] GC(337) Concurrent Mark 77.876ms
[54.684s][info][gc,phases   ] GC(337) Pause Mark End 0.017ms
[54.684s][info][gc,phases   ] GC(337) Concurrent Mark Free 0.001ms
[54.687s][info][gc,phases   ] GC(337) Concurrent Process Non-Strong References 2.644ms
[54.687s][info][gc,phases   ] GC(337) Concurrent Reset Relocation Set 0.002ms
[54.689s][info][gc,phases   ] GC(337) Concurrent Select Relocation Set 2.681ms
[54.689s][info][gc,phases   ] GC(337) Pause Relocate Start 0.007ms
[54.692s][info][gc,phases   ] GC(337) Concurrent Relocate 2.088ms
[54.692s][info][gc,load     ] GC(337) Load: 0.00/0.00/0.00
[54.692s][info][gc,mmu      ] GC(337) MMU: 2ms/96.6%, 5ms/98.6%, 10ms/99.3%, 20ms/99.7%, 50ms/99.8%, 100ms/99.9%
[54.692s][info][gc,marking  ] GC(337) Mark: 4 stripe(s), 2 proactive flush(es), 1 terminate flush(es), 0 completion(s), 0 continuation(s) 
[54.692s][info][gc,marking  ] GC(337) Mark Stack Usage: 32M
[54.692s][info][gc,nmethod  ] GC(337) NMethods: 5522 registered, 1232 unregistered
[54.692s][info][gc,metaspace] GC(337) Metaspace: 59M used, 60M committed, 1088M reserved
[54.692s][info][gc,ref      ] GC(337) Soft: 3044 encountered, 0 discovered, 0 enqueued
[54.692s][info][gc,ref      ] GC(337) Weak: 5991 encountered, 3195 discovered, 19 enqueued
[54.692s][info][gc,ref      ] GC(337) Final: 60 encountered, 5 discovered, 0 enqueued
[54.692s][info][gc,ref      ] GC(337) Phantom: 608 encountered, 421 discovered, 0 enqueued
[54.692s][info][gc,reloc    ] GC(337) Small Pages: 287 / 574M, Empty: 338M, Relocated: 3M, In-Place: 0
[54.692s][info][gc,reloc    ] GC(337) Medium Pages: 1 / 32M, Empty: 0M, Relocated: 0M, In-Place: 0
[54.692s][info][gc,reloc    ] GC(337) Large Pages: 2 / 12M, Empty: 0M, Relocated: 0M, In-Place: 0
[54.692s][info][gc,reloc    ] GC(337) Forwarding Usage: 1M
[54.692s][info][gc,heap     ] GC(337) Min Capacity: 8M(1%)
[54.692s][info][gc,heap     ] GC(337) Max Capacity: 1024M(100%)
[54.692s][info][gc,heap     ] GC(337) Soft Max Capacity: 1024M(100%)
[54.692s][info][gc,heap     ] GC(337)                Mark Start          Mark End        Relocate Start      Relocate End           High               Low         
[54.692s][info][gc,heap     ] GC(337)  Capacity:     1024M (100%)       1024M (100%)       1024M (100%)       1024M (100%)       1024M (100%)       1024M (100%)   
[54.692s][info][gc,heap     ] GC(337)      Free:      406M (40%)         204M (20%)         532M (52%)         550M (54%)         550M (54%)         200M (20%)    
[54.692s][info][gc,heap     ] GC(337)      Used:      618M (60%)         820M (80%)         492M (48%)         474M (46%)         824M (80%)         474M (46%)    
[54.692s][info][gc,heap     ] GC(337)      Live:         -               203M (20%)         203M (20%)         203M (20%)            -                  -          
[54.692s][info][gc,heap     ] GC(337) Allocated:         -               202M (20%)         212M (21%)         215M (21%)            -                  -          
[54.692s][info][gc,heap     ] GC(337)   Garbage:         -               414M (40%)          76M (7%)           54M (5%)             -                  -          
[54.692s][info][gc,heap     ] GC(337) Reclaimed:         -                  -               338M (33%)         359M (35%)            -                  -          
[54.692s][info][gc          ] GC(337) Garbage Collection (Allocation Rate) 618M(60%)->474M(46%)
[54.699s][info][gc,start    ] GC(338) Garbage Collection (Allocation Rate)
[54.699s][info][gc,task     ] GC(338) Using 6 workers
[54.700s][info][gc,phases   ] GC(338) Pause Mark Start 0.009ms
[54.778s][info][gc,phases   ] GC(338) Concurrent Mark 77.924ms
[54.778s][info][gc,phases   ] GC(338) Pause Mark End 0.021ms
[54.778s][info][gc,phases   ] GC(338) Concurrent Mark Free 0.001ms
[54.781s][info][gc,phases   ] GC(338) Concurrent Process Non-Strong References 3.159ms
[54.781s][info][gc,phases   ] GC(338) Concurrent Reset Relocation Set 0.002ms
[54.785s][info][gc,phases   ] GC(338) Concurrent Select Relocation Set 3.565ms
[54.785s][info][gc,phases   ] GC(338) Pause Relocate Start 0.008ms
[54.788s][info][gc,phases   ] GC(338) Concurrent Relocate 2.974ms
[54.788s][info][gc,load     ] GC(338) Load: 0.00/0.00/0.00
[54.788s][info][gc,mmu      ] GC(338) MMU: 2ms/96.6%, 5ms/98.6%, 10ms/99.3%, 20ms/99.7%, 50ms/99.8%, 100ms/99.9%
[54.788s][info][gc,marking  ] GC(338) Mark: 4 stripe(s), 2 proactive flush(es), 1 terminate flush(es), 0 completion(s), 0 continuation(s) 
[54.788s][info][gc,marking  ] GC(338) Mark Stack Usage: 32M
[54.788s][info][gc,nmethod  ] GC(338) NMethods: 5522 registered, 1232 unregistered
[54.788s][info][gc,metaspace] GC(338) Metaspace: 59M used, 60M committed, 1088M reserved
[54.788s][info][gc,ref      ] GC(338) Soft: 3044 encountered, 0 discovered, 0 enqueued
[54.788s][info][gc,ref      ] GC(338) Weak: 5972 encountered, 375 discovered, 0 enqueued
[54.788s][info][gc,ref      ] GC(338) Final: 60 encountered, 1 discovered, 0 enqueued
[54.788s][info][gc,ref      ] GC(338) Phantom: 608 encountered, 377 discovered, 0 enqueued
[54.788s][info][gc,reloc    ] GC(338) Small Pages: 224 / 448M, Empty: 218M, Relocated: 3M, In-Place: 0
[54.788s][info][gc,reloc    ] GC(338) Medium Pages: 1 / 32M, Empty: 0M, Relocated: 0M, In-Place: 0
[54.788s][info][gc,reloc    ] GC(338) Large Pages: 2 / 12M, Empty: 0M, Relocated: 0M, In-Place: 0
[54.788s][info][gc,reloc    ] GC(338) Forwarding Usage: 1M
[54.788s][info][gc,heap     ] GC(338) Min Capacity: 8M(1%)
[54.788s][info][gc,heap     ] GC(338) Max Capacity: 1024M(100%)
[54.788s][info][gc,heap     ] GC(338) Soft Max Capacity: 1024M(100%)
[54.788s][info][gc,heap     ] GC(338)                Mark Start          Mark End        Relocate Start      Relocate End           High               Low         
[54.788s][info][gc,heap     ] GC(338)  Capacity:     1024M (100%)       1024M (100%)       1024M (100%)       1024M (100%)       1024M (100%)       1024M (100%)   
[54.788s][info][gc,heap     ] GC(338)      Free:      532M (52%)         296M (29%)         492M (48%)         504M (49%)         532M (52%)         286M (28%)    
[54.788s][info][gc,heap     ] GC(338)      Used:      492M (48%)         728M (71%)         532M (52%)         520M (51%)         738M (72%)         492M (48%)    
[54.788s][info][gc,heap     ] GC(338)      Live:         -               203M (20%)         203M (20%)         203M (20%)            -                  -          
[54.788s][info][gc,heap     ] GC(338) Allocated:         -               236M (23%)         258M (25%)         261M (26%)            -                  -          
[54.789s][info][gc,heap     ] GC(338)   Garbage:         -               288M (28%)          70M (7%)           54M (5%)             -                  -          
[54.789s][info][gc,heap     ] GC(338) Reclaimed:         -                  -               218M (21%)         233M (23%)            -                  -          
[54.789s][info][gc          ] GC(338) Garbage Collection (Allocation Rate) 492M(48%)->520M(51%)
[54.793s][info][gc,start    ] GC(339) Garbage Collection (Allocation Rate)
[54.793s][info][gc,task     ] GC(339) Using 6 workers
[54.793s][info][gc,phases   ] GC(339) Pause Mark Start 0.009ms
[54.860s][info][gc,phases   ] GC(339) Concurrent Mark 66.338ms
[54.860s][info][gc,phases   ] GC(339) Pause Mark End 0.027ms
[54.860s][info][gc,phases   ] GC(339) Concurrent Mark Free 0.001ms
[54.863s][info][gc,phases   ] GC(339) Concurrent Process Non-Strong References 2.694ms
[54.863s][info][gc,phases   ] GC(339) Concurrent Reset Relocation Set 0.002ms
[54.866s][info][gc,phases   ] GC(339) Concurrent Select Relocation Set 3.514ms
[54.866s][info][gc,phases   ] GC(339) Pause Relocate Start 0.008ms
[54.869s][info][gc,phases   ] GC(339) Concurrent Relocate 3.043ms
[54.870s][info][gc,load     ] GC(339) Load: 0.00/0.00/0.00
[54.870s][info][gc,mmu      ] GC(339) MMU: 2ms/96.6%, 5ms/98.6%, 10ms/99.3%, 20ms/99.7%, 50ms/99.8%, 100ms/99.9%
[54.870s][info][gc,marking  ] GC(339) Mark: 4 stripe(s), 2 proactive flush(es), 1 terminate flush(es), 0 completion(s), 0 continuation(s) 
[54.870s][info][gc,marking  ] GC(339) Mark Stack Usage: 32M
[54.870s][info][gc,nmethod  ] GC(339) NMethods: 5522 registered, 1232 unregistered
[54.870s][info][gc,metaspace] GC(339) Metaspace: 59M used, 60M committed, 1088M reserved
[54.870s][info][gc,ref      ] GC(339) Soft: 3044 encountered, 0 discovered, 0 enqueued
[54.870s][info][gc,ref      ] GC(339) Weak: 5972 encountered, 3028 discovered, 0 enqueued
[54.870s][info][gc,ref      ] GC(339) Final: 60 encountered, 1 discovered, 0 enqueued
[54.870s][info][gc,ref      ] GC(339) Phantom: 608 encountered, 311 discovered, 0 enqueued
[54.870s][info][gc,reloc    ] GC(339) Small Pages: 244 / 488M, Empty: 262M, Relocated: 3M, In-Place: 0
[54.870s][info][gc,reloc    ] GC(339) Medium Pages: 1 / 32M, Empty: 0M, Relocated: 0M, In-Place: 0
[54.870s][info][gc,reloc    ] GC(339) Large Pages: 2 / 12M, Empty: 0M, Relocated: 0M, In-Place: 0
[54.870s][info][gc,reloc    ] GC(339) Forwarding Usage: 1M
[54.870s][info][gc,heap     ] GC(339) Min Capacity: 8M(1%)
[54.870s][info][gc,heap     ] GC(339) Max Capacity: 1024M(100%)
[54.870s][info][gc,heap     ] GC(339) Soft Max Capacity: 1024M(100%)
[54.870s][info][gc,heap     ] GC(339)                Mark Start          Mark End        Relocate Start      Relocate End           High               Low         
[54.870s][info][gc,heap     ] GC(339)  Capacity:     1024M (100%)       1024M (100%)       1024M (100%)       1024M (100%)       1024M (100%)       1024M (100%)   
[54.870s][info][gc,heap     ] GC(339)      Free:      492M (48%)         366M (36%)         616M (60%)         620M (61%)         624M (61%)         362M (35%)    
[54.870s][info][gc,heap     ] GC(339)      Used:      532M (52%)         658M (64%)         408M (40%)         404M (39%)         662M (65%)         400M (39%)    
[54.870s][info][gc,heap     ] GC(339)      Live:         -               203M (20%)         203M (20%)         203M (20%)            -                  -          
[54.870s][info][gc,heap     ] GC(339) Allocated:         -               126M (12%)         138M (13%)         145M (14%)            -                  -          
[54.870s][info][gc,heap     ] GC(339)   Garbage:         -               328M (32%)          66M (6%)           54M (5%)             -                  -          
[54.870s][info][gc,heap     ] GC(339) Reclaimed:         -                  -               262M (26%)         273M (27%)            -                  -          
[54.870s][info][gc          ] GC(339) Garbage Collection (Allocation Rate) 532M(52%)->404M(39%)
[54.907s][info][gc,start    ] GC(340) Garbage Collection (Allocation Rate)
[54.907s][info][gc,task     ] GC(340) Using 6 workers
[54.907s][info][gc,phases   ] GC(340) Pause Mark Start 0.013ms
[54.985s][info][gc,phases   ] GC(340) Concurrent Mark 77.822ms
[54.985s][info][gc,phases   ] GC(340) Pause Mark End 0.021ms
[54.985s][info][gc,phases   ] GC(340) Concurrent Mark Free 0.001ms
[54.988s][info][gc,phases   ] GC(340) Concurrent Process Non-Strong References 2.785ms
[54.988s][info][gc,phases   ] GC(340) Concurrent Reset Relocation Set 0.002ms
[54.991s][info][gc,phases   ] GC(340) Concurrent Select Relocation Set 3.570ms
[54.991s][info][gc,phases   ] GC(340) Pause Relocate Start 0.008ms
[54.995s][info][gc,phases   ] GC(340) Concurrent Relocate 3.288ms
[54.995s][info][gc,load     ] GC(340) Load: 0.00/0.00/0.00
[54.995s][info][gc,mmu      ] GC(340) MMU: 2ms/96.6%, 5ms/98.6%, 10ms/99.3%, 20ms/99.7%, 50ms/99.8%, 100ms/99.9%
[54.995s][info][gc,marking  ] GC(340) Mark: 4 stripe(s), 3 proactive flush(es), 1 terminate flush(es), 0 completion(s), 0 continuation(s) 
[54.995s][info][gc,marking  ] GC(340) Mark Stack Usage: 32M
[54.995s][info][gc,nmethod  ] GC(340) NMethods: 5522 registered, 1232 unregistered
[54.995s][info][gc,metaspace] GC(340) Metaspace: 59M used, 60M committed, 1088M reserved
[54.995s][info][gc,ref      ] GC(340) Soft: 3044 encountered, 0 discovered, 0 enqueued
[54.995s][info][gc,ref      ] GC(340) Weak: 5972 encountered, 2492 discovered, 0 enqueued
[54.995s][info][gc,ref      ] GC(340) Final: 60 encountered, 1 discovered, 0 enqueued
[54.995s][info][gc,ref      ] GC(340) Phantom: 608 encountered, 394 discovered, 0 enqueued
[54.995s][info][gc,reloc    ] GC(340) Small Pages: 232 / 464M, Empty: 238M, Relocated: 3M, In-Place: 0
[54.995s][info][gc,reloc    ] GC(340) Medium Pages: 1 / 32M, Empty: 0M, Relocated: 0M, In-Place: 0
[54.995s][info][gc,reloc    ] GC(340) Large Pages: 2 / 12M, Empty: 0M, Relocated: 0M, In-Place: 0
[54.995s][info][gc,reloc    ] GC(340) Forwarding Usage: 1M
[54.995s][info][gc,heap     ] GC(340) Min Capacity: 8M(1%)
[54.995s][info][gc,heap     ] GC(340) Max Capacity: 1024M(100%)
[54.995s][info][gc,heap     ] GC(340) Soft Max Capacity: 1024M(100%)
[54.995s][info][gc,heap     ] GC(340)                Mark Start          Mark End        Relocate Start      Relocate End           High               Low         
[54.995s][info][gc,heap     ] GC(340)  Capacity:     1024M (100%)       1024M (100%)       1024M (100%)       1024M (100%)       1024M (100%)       1024M (100%)   
[54.995s][info][gc,heap     ] GC(340)      Free:      516M (50%)         294M (29%)         514M (50%)         516M (50%)         520M (51%)         286M (28%)    
[54.995s][info][gc,heap     ] GC(340)      Used:      508M (50%)         730M (71%)         510M (50%)         508M (50%)         738M (72%)         504M (49%)    
[54.996s][info][gc,heap     ] GC(340)      Live:         -               203M (20%)         203M (20%)         203M (20%)            -                  -          
[54.996s][info][gc,heap     ] GC(340) Allocated:         -               222M (22%)         240M (23%)         249M (24%)            -                  -          
[54.996s][info][gc,heap     ] GC(340)   Garbage:         -               304M (30%)          66M (6%)           54M (5%)             -                  -          
[54.996s][info][gc,heap     ] GC(340) Reclaimed:         -                  -               238M (23%)         249M (24%)            -                  -          
[54.996s][info][gc          ] GC(340) Garbage Collection (Allocation Rate) 508M(50%)->508M(50%)
[55.000s][info][gc,start    ] GC(341) Garbage Collection (Allocation Rate)
[55.000s][info][gc,task     ] GC(341) Using 6 workers
[55.000s][info][gc,phases   ] GC(341) Pause Mark Start 0.009ms
[55.078s][info][gc,phases   ] GC(341) Concurrent Mark 77.873ms
[55.079s][info][gc,phases   ] GC(341) Pause Mark End 0.029ms
[55.079s][info][gc,phases   ] GC(341) Concurrent Mark Free 0.001ms
[55.082s][info][gc,phases   ] GC(341) Concurrent Process Non-Strong References 3.151ms
[55.082s][info][gc,phases   ] GC(341) Concurrent Reset Relocation Set 0.002ms
[55.087s][info][gc,phases   ] GC(341) Concurrent Select Relocation Set 5.117ms
[55.087s][info][gc,phases   ] GC(341) Pause Relocate Start 0.007ms
[55.089s][info][gc,phases   ] GC(341) Concurrent Relocate 1.682ms
[55.089s][info][gc,load     ] GC(341) Load: 0.00/0.00/0.00
[55.089s][info][gc,mmu      ] GC(341) MMU: 2ms/96.6%, 5ms/98.6%, 10ms/99.3%, 20ms/99.7%, 50ms/99.8%, 100ms/99.9%
[55.089s][info][gc,marking  ] GC(341) Mark: 4 stripe(s), 2 proactive flush(es), 1 terminate flush(es), 0 completion(s), 0 continuation(s) 
[55.089s][info][gc,marking  ] GC(341) Mark Stack Usage: 32M
[55.089s][info][gc,nmethod  ] GC(341) NMethods: 5522 registered, 1232 unregistered
[55.089s][info][gc,metaspace] GC(341) Metaspace: 59M used, 60M committed, 1088M reserved
[55.089s][info][gc,ref      ] GC(341) Soft: 3044 encountered, 0 discovered, 0 enqueued
[55.089s][info][gc,ref      ] GC(341) Weak: 5972 encountered, 2223 discovered, 0 enqueued
[55.089s][info][gc,ref      ] GC(341) Final: 60 encountered, 3 discovered, 0 enqueued
[55.089s][info][gc,ref      ] GC(341) Phantom: 608 encountered, 394 discovered, 0 enqueued
[55.089s][info][gc,reloc    ] GC(341) Small Pages: 240 / 480M, Empty: 246M, Relocated: 3M, In-Place: 0
[55.089s][info][gc,reloc    ] GC(341) Medium Pages: 1 / 32M, Empty: 0M, Relocated: 0M, In-Place: 0
[55.089s][info][gc,reloc    ] GC(341) Large Pages: 2 / 12M, Empty: 0M, Relocated: 0M, In-Place: 0
[55.089s][info][gc,reloc    ] GC(341) Forwarding Usage: 1M
[55.089s][info][gc,heap     ] GC(341) Min Capacity: 8M(1%)
[55.089s][info][gc,heap     ] GC(341) Max Capacity: 1024M(100%)
[55.089s][info][gc,heap     ] GC(341) Soft Max Capacity: 1024M(100%)
[55.090s][info][gc,heap     ] GC(341)                Mark Start          Mark End        Relocate Start      Relocate End           High               Low         
[55.090s][info][gc,heap     ] GC(341)  Capacity:     1024M (100%)       1024M (100%)       1024M (100%)       1024M (100%)       1024M (100%)       1024M (100%)   
[55.090s][info][gc,heap     ] GC(341)      Free:      500M (49%)         274M (27%)         492M (48%)         508M (50%)         508M (50%)         264M (26%)    
[55.090s][info][gc,heap     ] GC(341)      Used:      524M (51%)         750M (73%)         532M (52%)         516M (50%)         760M (74%)         516M (50%)    
[55.090s][info][gc,heap     ] GC(341)      Live:         -               203M (20%)         203M (20%)         203M (20%)            -                  -          
[55.090s][info][gc,heap     ] GC(341) Allocated:         -               226M (22%)         254M (25%)         257M (25%)            -                  -          
[55.090s][info][gc,heap     ] GC(341)   Garbage:         -               320M (31%)          74M (7%)           54M (5%)             -                  -          
[55.090s][info][gc,heap     ] GC(341) Reclaimed:         -                  -               246M (24%)         265M (26%)            -                  -          
[55.090s][info][gc          ] GC(341) Garbage Collection (Allocation Rate) 524M(51%)->516M(50%)
[55.094s][info][gc,start    ] GC(342) Garbage Collection (Allocation Rate)
[55.094s][info][gc,task     ] GC(342) Using 6 workers
[55.094s][info][gc,phases   ] GC(342) Pause Mark Start 0.013ms
[55.172s][info][gc,phases   ] GC(342) Concurrent Mark 77.825ms
[55.172s][info][gc,phases   ] GC(342) Pause Mark End 0.027ms
[55.172s][info][gc,phases   ] GC(342) Concurrent Mark Free 0.001ms
[55.175s][info][gc,phases   ] GC(342) Concurrent Process Non-Strong References 2.755ms
[55.175s][info][gc,phases   ] GC(342) Concurrent Reset Relocation Set 0.003ms
[55.179s][info][gc,phases   ] GC(342) Concurrent Select Relocation Set 3.566ms
[55.179s][info][gc,phases   ] GC(342) Pause Relocate Start 0.006ms
[55.182s][info][gc,phases   ] GC(342) Concurrent Relocate 2.861ms
[55.182s][info][gc,load     ] GC(342) Load: 0.00/0.00/0.00
[55.182s][info][gc,mmu      ] GC(342) MMU: 2ms/96.6%, 5ms/98.6%, 10ms/99.3%, 20ms/99.7%, 50ms/99.8%, 100ms/99.9%
[55.182s][info][gc,marking  ] GC(342) Mark: 4 stripe(s), 2 proactive flush(es), 1 terminate flush(es), 0 completion(s), 0 continuation(s) 
[55.182s][info][gc,marking  ] GC(342) Mark Stack Usage: 32M
[55.182s][info][gc,nmethod  ] GC(342) NMethods: 5534 registered, 1232 unregistered
[55.182s][info][gc,metaspace] GC(342) Metaspace: 59M used, 60M committed, 1088M reserved
[55.182s][info][gc,ref      ] GC(342) Soft: 3044 encountered, 0 discovered, 0 enqueued
[55.182s][info][gc,ref      ] GC(342) Weak: 5972 encountered, 518 discovered, 0 enqueued
[55.182s][info][gc,ref      ] GC(342) Final: 60 encountered, 1 discovered, 0 enqueued
[55.182s][info][gc,ref      ] GC(342) Phantom: 608 encountered, 320 discovered, 0 enqueued
[55.182s][info][gc,reloc    ] GC(342) Small Pages: 244 / 488M, Empty: 262M, Relocated: 3M, In-Place: 0
[55.182s][info][gc,reloc    ] GC(342) Medium Pages: 1 / 32M, Empty: 0M, Relocated: 0M, In-Place: 0
[55.182s][info][gc,reloc    ] GC(342) Large Pages: 2 / 12M, Empty: 0M, Relocated: 0M, In-Place: 0
[55.182s][info][gc,reloc    ] GC(342) Forwarding Usage: 1M
[55.182s][info][gc,heap     ] GC(342) Min Capacity: 8M(1%)
[55.182s][info][gc,heap     ] GC(342) Max Capacity: 1024M(100%)
[55.182s][info][gc,heap     ] GC(342) Soft Max Capacity: 1024M(100%)
[55.182s][info][gc,heap     ] GC(342)                Mark Start          Mark End        Relocate Start      Relocate End           High               Low         
[55.182s][info][gc,heap     ] GC(342)  Capacity:     1024M (100%)       1024M (100%)       1024M (100%)       1024M (100%)       1024M (100%)       1024M (100%)   
[55.182s][info][gc,heap     ] GC(342)      Free:      492M (48%)         278M (27%)         530M (52%)         536M (52%)         536M (52%)         274M (27%)    
[55.182s][info][gc,heap     ] GC(342)      Used:      532M (52%)         746M (73%)         494M (48%)         488M (48%)         750M (73%)         488M (48%)    
[55.183s][info][gc,heap     ] GC(342)      Live:         -               203M (20%)         203M (20%)         203M (20%)            -                  -          
[55.183s][info][gc,heap     ] GC(342) Allocated:         -               214M (21%)         224M (22%)         229M (22%)            -                  -          
[55.183s][info][gc,heap     ] GC(342)   Garbage:         -               328M (32%)          66M (6%)           54M (5%)             -                  -          
[55.183s][info][gc,heap     ] GC(342) Reclaimed:         -                  -               262M (26%)         273M (27%)            -                  -          
[55.183s][info][gc          ] GC(342) Garbage Collection (Allocation Rate) 532M(52%)->488M(48%)
[55.199s][info][gc,start    ] GC(343) Garbage Collection (Allocation Rate)
[55.199s][info][gc,task     ] GC(343) Using 6 workers
[55.199s][info][gc,phases   ] GC(343) Pause Mark Start 0.010ms
[55.277s][info][gc,phases   ] GC(343) Concurrent Mark 77.796ms
[55.277s][info][gc,phases   ] GC(343) Pause Mark End 0.018ms
[55.277s][info][gc,phases   ] GC(343) Concurrent Mark Free 0.001ms
[55.280s][info][gc,phases   ] GC(343) Concurrent Process Non-Strong References 2.629ms
[55.280s][info][gc,phases   ] GC(343) Concurrent Reset Relocation Set 0.002ms
[55.285s][info][gc,phases   ] GC(343) Concurrent Select Relocation Set 5.013ms
[55.285s][info][gc,phases   ] GC(343) Pause Relocate Start 0.008ms
[55.287s][info][gc,phases   ] GC(343) Concurrent Relocate 1.970ms
[55.287s][info][gc,load     ] GC(343) Load: 0.00/0.00/0.00
[55.287s][info][gc,mmu      ] GC(343) MMU: 2ms/96.6%, 5ms/98.6%, 10ms/99.3%, 20ms/99.7%, 50ms/99.8%, 100ms/99.9%
[55.287s][info][gc,marking  ] GC(343) Mark: 4 stripe(s), 2 proactive flush(es), 1 terminate flush(es), 0 completion(s), 0 continuation(s) 
[55.287s][info][gc,marking  ] GC(343) Mark Stack Usage: 32M
[55.287s][info][gc,nmethod  ] GC(343) NMethods: 5560 registered, 1232 unregistered
[55.287s][info][gc,metaspace] GC(343) Metaspace: 59M used, 60M committed, 1088M reserved
[55.287s][info][gc,ref      ] GC(343) Soft: 3042 encountered, 0 discovered, 0 enqueued
[55.287s][info][gc,ref      ] GC(343) Weak: 5975 encountered, 2464 discovered, 0 enqueued
[55.287s][info][gc,ref      ] GC(343) Final: 60 encountered, 3 discovered, 0 enqueued
[55.287s][info][gc,ref      ] GC(343) Phantom: 608 encountered, 316 discovered, 0 enqueued
[55.287s][info][gc,reloc    ] GC(343) Small Pages: 232 / 464M, Empty: 236M, Relocated: 3M, In-Place: 0
[55.287s][info][gc,reloc    ] GC(343) Medium Pages: 1 / 32M, Empty: 0M, Relocated: 0M, In-Place: 0
[55.287s][info][gc,reloc    ] GC(343) Large Pages: 2 / 12M, Empty: 0M, Relocated: 0M, In-Place: 0
[55.287s][info][gc,reloc    ] GC(343) Forwarding Usage: 1M
[55.287s][info][gc,heap     ] GC(343) Min Capacity: 8M(1%)
[55.287s][info][gc,heap     ] GC(343) Max Capacity: 1024M(100%)
[55.287s][info][gc,heap     ] GC(343) Soft Max Capacity: 1024M(100%)
[55.287s][info][gc,heap     ] GC(343)                Mark Start          Mark End        Relocate Start      Relocate End           High               Low         
[55.287s][info][gc,heap     ] GC(343)  Capacity:     1024M (100%)       1024M (100%)       1024M (100%)       1024M (100%)       1024M (100%)       1024M (100%)   
[55.287s][info][gc,heap     ] GC(343)      Free:      516M (50%)         504M (49%)         740M (72%)         754M (74%)         754M (74%)         504M (49%)    
[55.287s][info][gc,heap     ] GC(343)      Used:      508M (50%)         520M (51%)         284M (28%)         270M (26%)         520M (51%)         270M (26%)    
[55.288s][info][gc,heap     ] GC(343)      Live:         -               203M (20%)         203M (20%)         203M (20%)            -                  -          
[55.288s][info][gc,heap     ] GC(343) Allocated:         -                12M (1%)           12M (1%)           12M (1%)             -                  -          
[55.288s][info][gc,heap     ] GC(343)   Garbage:         -               304M (30%)          68M (7%)           54M (5%)             -                  -          
[55.288s][info][gc,heap     ] GC(343) Reclaimed:         -                  -               236M (23%)         250M (24%)            -                  -          
[55.288s][info][gc          ] GC(343) Garbage Collection (Allocation Rate) 508M(50%)->270M(26%)
[55.288s][info][gc,start    ] GC(344) Garbage Collection (System.gc())
[55.288s][info][gc,task     ] GC(344) Using 10 workers
[55.288s][info][gc,phases   ] GC(344) Pause Mark Start 0.010ms
[55.355s][info][gc,phases   ] GC(344) Concurrent Mark 66.895ms
[55.355s][info][gc,phases   ] GC(344) Pause Mark End 0.031ms
[55.355s][info][gc,phases   ] GC(344) Concurrent Mark Free 0.001ms
[55.357s][info][gc,phases   ] GC(344) Concurrent Process Non-Strong References 1.968ms
[55.357s][info][gc,phases   ] GC(344) Concurrent Reset Relocation Set 0.002ms
[55.361s][info][gc,phases   ] GC(344) Concurrent Select Relocation Set 3.523ms
[55.361s][info][gc,phases   ] GC(344) Pause Relocate Start 0.007ms
[55.363s][info][gc,phases   ] GC(344) Concurrent Relocate 1.859ms
[55.363s][info][gc,load     ] GC(344) Load: 0.00/0.00/0.00
[55.363s][info][gc,mmu      ] GC(344) MMU: 2ms/96.6%, 5ms/98.6%, 10ms/99.3%, 20ms/99.7%, 50ms/99.8%, 100ms/99.9%
[55.363s][info][gc,marking  ] GC(344) Mark: 8 stripe(s), 2 proactive flush(es), 1 terminate flush(es), 0 completion(s), 0 continuation(s) 
[55.363s][info][gc,marking  ] GC(344) Mark Stack Usage: 32M
[55.363s][info][gc,nmethod  ] GC(344) NMethods: 5559 registered, 1233 unregistered
[55.363s][info][gc,metaspace] GC(344) Metaspace: 59M used, 60M committed, 1088M reserved
[55.363s][info][gc,ref      ] GC(344) Soft: 3042 encountered, 0 discovered, 0 enqueued
[55.363s][info][gc,ref      ] GC(344) Weak: 6040 encountered, 649 discovered, 121 enqueued
[55.363s][info][gc,ref      ] GC(344) Final: 60 encountered, 0 discovered, 0 enqueued
[55.363s][info][gc,ref      ] GC(344) Phantom: 608 encountered, 415 discovered, 0 enqueued
[55.363s][info][gc,reloc    ] GC(344) Small Pages: 110 / 220M, Empty: 0M, Relocated: 3M, In-Place: 0
[55.363s][info][gc,reloc    ] GC(344) Medium Pages: 1 / 32M, Empty: 0M, Relocated: 0M, In-Place: 0
[55.363s][info][gc,reloc    ] GC(344) Large Pages: 3 / 18M, Empty: 6M, Relocated: 0M, In-Place: 0
[55.363s][info][gc,reloc    ] GC(344) Forwarding Usage: 1M
[55.363s][info][gc,heap     ] GC(344) Min Capacity: 8M(1%)
[55.363s][info][gc,heap     ] GC(344) Max Capacity: 1024M(100%)
[55.363s][info][gc,heap     ] GC(344) Soft Max Capacity: 1024M(100%)
[55.363s][info][gc,heap     ] GC(344)                Mark Start          Mark End        Relocate Start      Relocate End           High               Low         
[55.363s][info][gc,heap     ] GC(344)  Capacity:     1024M (100%)       1024M (100%)       1024M (100%)       1024M (100%)       1024M (100%)       1024M (100%)   
[55.363s][info][gc,heap     ] GC(344)      Free:      754M (74%)         752M (73%)         754M (74%)         754M (74%)         754M (74%)         736M (72%)    
[55.363s][info][gc,heap     ] GC(344)      Used:      270M (26%)         272M (27%)         270M (26%)         270M (26%)         288M (28%)         270M (26%)    
[55.363s][info][gc,heap     ] GC(344)      Live:         -               203M (20%)         203M (20%)         203M (20%)            -                  -          
[55.363s][info][gc,heap     ] GC(344) Allocated:         -                 2M (0%)            6M (1%)            6M (1%)             -                  -          
[55.363s][info][gc,heap     ] GC(344)   Garbage:         -                66M (6%)           60M (6%)           60M (6%)             -                  -          
[55.364s][info][gc,heap     ] GC(344) Reclaimed:         -                  -                 6M (1%)            6M (1%)             -                  -          
[55.364s][info][gc          ] GC(344) Garbage Collection (System.gc()) 270M(26%)->270M(26%)
[55.507s][info][gc,start    ] GC(345) Garbage Collection (Allocation Rate)
[55.507s][info][gc,task     ] GC(345) Using 7 workers
[55.507s][info][gc,phases   ] GC(345) Pause Mark Start 0.014ms
[55.569s][info][gc,phases   ] GC(345) Concurrent Mark 62.062ms
[55.570s][info][gc,phases   ] GC(345) Pause Mark End 0.018ms
[55.570s][info][gc,phases   ] GC(345) Concurrent Mark Free 0.001ms
[55.572s][info][gc,phases   ] GC(345) Concurrent Process Non-Strong References 2.183ms
[55.572s][info][gc,phases   ] GC(345) Concurrent Reset Relocation Set 0.002ms
[55.577s][info][gc,phases   ] GC(345) Concurrent Select Relocation Set 5.260ms
[55.577s][info][gc,phases   ] GC(345) Pause Relocate Start 0.008ms
[55.579s][info][gc,phases   ] GC(345) Concurrent Relocate 1.628ms
[55.579s][info][gc,load     ] GC(345) Load: 0.00/0.00/0.00
[55.579s][info][gc,mmu      ] GC(345) MMU: 2ms/96.6%, 5ms/98.6%, 10ms/99.3%, 20ms/99.7%, 50ms/99.8%, 100ms/99.9%
[55.579s][info][gc,marking  ] GC(345) Mark: 4 stripe(s), 2 proactive flush(es), 1 terminate flush(es), 0 completion(s), 0 continuation(s) 
[55.579s][info][gc,marking  ] GC(345) Mark Stack Usage: 32M
[55.579s][info][gc,nmethod  ] GC(345) NMethods: 5567 registered, 1237 unregistered
[55.579s][info][gc,metaspace] GC(345) Metaspace: 59M used, 60M committed, 1088M reserved
[55.579s][info][gc,ref      ] GC(345) Soft: 3044 encountered, 0 discovered, 0 enqueued
[55.579s][info][gc,ref      ] GC(345) Weak: 6057 encountered, 340 discovered, 74 enqueued
[55.579s][info][gc,ref      ] GC(345) Final: 60 encountered, 0 discovered, 0 enqueued
[55.579s][info][gc,ref      ] GC(345) Phantom: 608 encountered, 387 discovered, 0 enqueued
[55.579s][info][gc,reloc    ] GC(345) Small Pages: 227 / 454M, Empty: 202M, Relocated: 3M, In-Place: 0
[55.579s][info][gc,reloc    ] GC(345) Medium Pages: 2 / 64M, Empty: 32M, Relocated: 0M, In-Place: 0
[55.579s][info][gc,reloc    ] GC(345) Large Pages: 4 / 24M, Empty: 12M, Relocated: 0M, In-Place: 0
[55.579s][info][gc,reloc    ] GC(345) Forwarding Usage: 1M
[55.579s][info][gc,heap     ] GC(345) Min Capacity: 8M(1%)
[55.580s][info][gc,heap     ] GC(345) Max Capacity: 1024M(100%)
[55.580s][info][gc,heap     ] GC(345) Soft Max Capacity: 1024M(100%)
[55.580s][info][gc,heap     ] GC(345)                Mark Start          Mark End        Relocate Start      Relocate End           High               Low         
[55.580s][info][gc,heap     ] GC(345)  Capacity:     1024M (100%)       1024M (100%)       1024M (100%)       1024M (100%)       1024M (100%)       1024M (100%)   
[55.580s][info][gc,heap     ] GC(345)      Free:      482M (47%)         298M (29%)         514M (50%)         544M (53%)         544M (53%)         290M (28%)    
[55.580s][info][gc,heap     ] GC(345)      Used:      542M (53%)         726M (71%)         510M (50%)         480M (47%)         734M (72%)         480M (47%)    
[55.580s][info][gc,heap     ] GC(345)      Live:         -               204M (20%)         204M (20%)         204M (20%)            -                  -          
[55.580s][info][gc,heap     ] GC(345) Allocated:         -               184M (18%)         214M (21%)         219M (21%)            -                  -          
[55.580s][info][gc,heap     ] GC(345)   Garbage:         -               337M (33%)          91M (9%)           55M (5%)             -                  -          
[55.580s][info][gc,heap     ] GC(345) Reclaimed:         -                  -               246M (24%)         281M (28%)            -                  -          
[55.580s][info][gc          ] GC(345) Garbage Collection (Allocation Rate) 542M(53%)->480M(47%)
[55.601s][info][gc,start    ] GC(346) Garbage Collection (Allocation Rate)
[55.601s][info][gc,task     ] GC(346) Using 7 workers
[55.601s][info][gc,phases   ] GC(346) Pause Mark Start 0.010ms
[55.663s][info][gc,phases   ] GC(346) Concurrent Mark 62.178ms
[55.663s][info][gc,phases   ] GC(346) Pause Mark End 0.030ms
[55.663s][info][gc,phases   ] GC(346) Concurrent Mark Free 0.001ms
[55.666s][info][gc,phases   ] GC(346) Concurrent Process Non-Strong References 2.468ms
[55.666s][info][gc,phases   ] GC(346) Concurrent Reset Relocation Set 0.003ms
[55.671s][info][gc,phases   ] GC(346) Concurrent Select Relocation Set 5.216ms
[55.671s][info][gc,phases   ] GC(346) Pause Relocate Start 0.008ms
[55.674s][info][gc,phases   ] GC(346) Concurrent Relocate 2.730ms
[55.674s][info][gc,load     ] GC(346) Load: 0.00/0.00/0.00
[55.674s][info][gc,mmu      ] GC(346) MMU: 2ms/96.6%, 5ms/98.6%, 10ms/99.3%, 20ms/99.7%, 50ms/99.8%, 100ms/99.9%
[55.674s][info][gc,marking  ] GC(346) Mark: 4 stripe(s), 2 proactive flush(es), 1 terminate flush(es), 0 completion(s), 0 continuation(s) 
[55.674s][info][gc,marking  ] GC(346) Mark Stack Usage: 32M
[55.674s][info][gc,nmethod  ] GC(346) NMethods: 5567 registered, 1237 unregistered
[55.674s][info][gc,metaspace] GC(346) Metaspace: 59M used, 60M committed, 1088M reserved
[55.674s][info][gc,ref      ] GC(346) Soft: 3044 encountered, 0 discovered, 0 enqueued
[55.674s][info][gc,ref      ] GC(346) Weak: 5983 encountered, 2831 discovered, 14 enqueued
[55.674s][info][gc,ref      ] GC(346) Final: 60 encountered, 0 discovered, 0 enqueued
[55.674s][info][gc,ref      ] GC(346) Phantom: 608 encountered, 340 discovered, 0 enqueued
[55.674s][info][gc,reloc    ] GC(346) Small Pages: 256 / 512M, Empty: 274M, Relocated: 3M, In-Place: 0
[55.675s][info][gc,reloc    ] GC(346) Medium Pages: 1 / 32M, Empty: 0M, Relocated: 0M, In-Place: 0
[55.675s][info][gc,reloc    ] GC(346) Large Pages: 2 / 12M, Empty: 0M, Relocated: 0M, In-Place: 0
[55.675s][info][gc,reloc    ] GC(346) Forwarding Usage: 1M
[55.675s][info][gc,heap     ] GC(346) Min Capacity: 8M(1%)
[55.675s][info][gc,heap     ] GC(346) Max Capacity: 1024M(100%)
[55.675s][info][gc,heap     ] GC(346) Soft Max Capacity: 1024M(100%)
[55.675s][info][gc,heap     ] GC(346)                Mark Start          Mark End        Relocate Start      Relocate End           High               Low         
[55.675s][info][gc,heap     ] GC(346)  Capacity:     1024M (100%)       1024M (100%)       1024M (100%)       1024M (100%)       1024M (100%)       1024M (100%)   
[55.675s][info][gc,heap     ] GC(346)      Free:      468M (46%)         252M (25%)         498M (49%)         512M (50%)         514M (50%)         242M (24%)    
[55.675s][info][gc,heap     ] GC(346)      Used:      556M (54%)         772M (75%)         526M (51%)         512M (50%)         782M (76%)         510M (50%)    
[55.675s][info][gc,heap     ] GC(346)      Live:         -               204M (20%)         204M (20%)         204M (20%)            -                  -          
[55.675s][info][gc,heap     ] GC(346) Allocated:         -               216M (21%)         244M (24%)         251M (25%)            -                  -          
[55.675s][info][gc,heap     ] GC(346)   Garbage:         -               351M (34%)          77M (8%)           56M (5%)             -                  -          
[55.675s][info][gc,heap     ] GC(346) Reclaimed:         -                  -               274M (27%)         295M (29%)            -                  -          
[55.675s][info][gc          ] GC(346) Garbage Collection (Allocation Rate) 556M(54%)->512M(50%)
[55.694s][info][gc,start    ] GC(347) Garbage Collection (Allocation Rate)
[55.695s][info][gc,task     ] GC(347) Using 7 workers
[55.695s][info][gc,phases   ] GC(347) Pause Mark Start 0.009ms
[55.757s][info][gc,phases   ] GC(347) Concurrent Mark 62.145ms
[55.757s][info][gc,phases   ] GC(347) Pause Mark End 0.020ms
[55.757s][info][gc,phases   ] GC(347) Concurrent Mark Free 0.001ms
[55.760s][info][gc,phases   ] GC(347) Concurrent Process Non-Strong References 2.109ms
[55.760s][info][gc,phases   ] GC(347) Concurrent Reset Relocation Set 0.003ms
[55.763s][info][gc,phases   ] GC(347) Concurrent Select Relocation Set 3.579ms
[55.763s][info][gc,phases   ] GC(347) Pause Relocate Start 0.005ms
[55.765s][info][gc,phases   ] GC(347) Concurrent Relocate 1.613ms
[55.765s][info][gc,load     ] GC(347) Load: 0.00/0.00/0.00
[55.765s][info][gc,mmu      ] GC(347) MMU: 2ms/96.6%, 5ms/98.6%, 10ms/99.3%, 20ms/99.7%, 50ms/99.8%, 100ms/99.9%
[55.765s][info][gc,marking  ] GC(347) Mark: 4 stripe(s), 2 proactive flush(es), 1 terminate flush(es), 0 completion(s), 0 continuation(s) 
[55.765s][info][gc,marking  ] GC(347) Mark Stack Usage: 32M
[55.765s][info][gc,nmethod  ] GC(347) NMethods: 5567 registered, 1237 unregistered
[55.765s][info][gc,metaspace] GC(347) Metaspace: 59M used, 60M committed, 1088M reserved
[55.765s][info][gc,ref      ] GC(347) Soft: 3044 encountered, 0 discovered, 0 enqueued
[55.765s][info][gc,ref      ] GC(347) Weak: 5969 encountered, 425 discovered, 0 enqueued
[55.765s][info][gc,ref      ] GC(347) Final: 60 encountered, 0 discovered, 0 enqueued
[55.765s][info][gc,ref      ] GC(347) Phantom: 608 encountered, 347 discovered, 0 enqueued
[55.765s][info][gc,reloc    ] GC(347) Small Pages: 264 / 528M, Empty: 298M, Relocated: 3M, In-Place: 0
[55.765s][info][gc,reloc    ] GC(347) Medium Pages: 1 / 32M, Empty: 0M, Relocated: 0M, In-Place: 0
[55.765s][info][gc,reloc    ] GC(347) Large Pages: 2 / 12M, Empty: 0M, Relocated: 0M, In-Place: 0
[55.765s][info][gc,reloc    ] GC(347) Forwarding Usage: 1M
[55.765s][info][gc,heap     ] GC(347) Min Capacity: 8M(1%)
[55.765s][info][gc,heap     ] GC(347) Max Capacity: 1024M(100%)
[55.765s][info][gc,heap     ] GC(347) Soft Max Capacity: 1024M(100%)
[55.765s][info][gc,heap     ] GC(347)                Mark Start          Mark End        Relocate Start      Relocate End           High               Low         
[55.765s][info][gc,heap     ] GC(347)  Capacity:     1024M (100%)       1024M (100%)       1024M (100%)       1024M (100%)       1024M (100%)       1024M (100%)   
[55.766s][info][gc,heap     ] GC(347)      Free:      452M (44%)         272M (27%)         550M (54%)         562M (55%)         562M (55%)         264M (26%)    
[55.766s][info][gc,heap     ] GC(347)      Used:      572M (56%)         752M (73%)         474M (46%)         462M (45%)         760M (74%)         462M (45%)    
[55.766s][info][gc,heap     ] GC(347)      Live:         -               203M (20%)         203M (20%)         203M (20%)            -                  -          
[55.766s][info][gc,heap     ] GC(347) Allocated:         -               180M (18%)         200M (20%)         201M (20%)            -                  -          
[55.766s][info][gc,heap     ] GC(347)   Garbage:         -               368M (36%)          70M (7%)           56M (5%)             -                  -          
[55.766s][info][gc,heap     ] GC(347) Reclaimed:         -                  -               298M (29%)         311M (30%)            -                  -          
[55.766s][info][gc          ] GC(347) Garbage Collection (Allocation Rate) 572M(56%)->462M(45%)
[55.804s][info][gc,start    ] GC(348) Garbage Collection (Allocation Rate)
[55.804s][info][gc,task     ] GC(348) Using 7 workers
[55.804s][info][gc,phases   ] GC(348) Pause Mark Start 0.012ms
[55.866s][info][gc,phases   ] GC(348) Concurrent Mark 62.142ms
[55.866s][info][gc,phases   ] GC(348) Pause Mark End 0.017ms
[55.866s][info][gc,phases   ] GC(348) Concurrent Mark Free 0.002ms
[55.869s][info][gc,phases   ] GC(348) Concurrent Process Non-Strong References 2.289ms
[55.869s][info][gc,phases   ] GC(348) Concurrent Reset Relocation Set 0.003ms
[55.872s][info][gc,phases   ] GC(348) Concurrent Select Relocation Set 3.533ms
[55.873s][info][gc,phases   ] GC(348) Pause Relocate Start 0.005ms
[55.875s][info][gc,phases   ] GC(348) Concurrent Relocate 2.784ms
[55.875s][info][gc,load     ] GC(348) Load: 0.00/0.00/0.00
[55.875s][info][gc,mmu      ] GC(348) MMU: 2ms/96.6%, 5ms/98.6%, 10ms/99.3%, 20ms/99.7%, 50ms/99.8%, 100ms/99.9%
[55.875s][info][gc,marking  ] GC(348) Mark: 4 stripe(s), 2 proactive flush(es), 1 terminate flush(es), 0 completion(s), 0 continuation(s) 
[55.876s][info][gc,marking  ] GC(348) Mark Stack Usage: 32M
[55.876s][info][gc,nmethod  ] GC(348) NMethods: 5567 registered, 1237 unregistered
[55.876s][info][gc,metaspace] GC(348) Metaspace: 59M used, 60M committed, 1088M reserved
[55.876s][info][gc,ref      ] GC(348) Soft: 3044 encountered, 0 discovered, 0 enqueued
[55.876s][info][gc,ref      ] GC(348) Weak: 5969 encountered, 2821 discovered, 0 enqueued
[55.876s][info][gc,ref      ] GC(348) Final: 60 encountered, 6 discovered, 0 enqueued
[55.876s][info][gc,ref      ] GC(348) Phantom: 608 encountered, 390 discovered, 0 enqueued
[55.876s][info][gc,reloc    ] GC(348) Small Pages: 248 / 496M, Empty: 266M, Relocated: 3M, In-Place: 0
[55.876s][info][gc,reloc    ] GC(348) Medium Pages: 1 / 32M, Empty: 0M, Relocated: 0M, In-Place: 0
[55.876s][info][gc,reloc    ] GC(348) Large Pages: 2 / 12M, Empty: 0M, Relocated: 0M, In-Place: 0
[55.876s][info][gc,reloc    ] GC(348) Forwarding Usage: 1M
[55.876s][info][gc,heap     ] GC(348) Min Capacity: 8M(1%)
[55.876s][info][gc,heap     ] GC(348) Max Capacity: 1024M(100%)
[55.876s][info][gc,heap     ] GC(348) Soft Max Capacity: 1024M(100%)
[55.876s][info][gc,heap     ] GC(348)                Mark Start          Mark End        Relocate Start      Relocate End           High               Low         
[55.876s][info][gc,heap     ] GC(348)  Capacity:     1024M (100%)       1024M (100%)       1024M (100%)       1024M (100%)       1024M (100%)       1024M (100%)   
[55.876s][info][gc,heap     ] GC(348)      Free:      484M (47%)         360M (35%)         614M (60%)         620M (61%)         624M (61%)         356M (35%)    
[55.876s][info][gc,heap     ] GC(348)      Used:      540M (53%)         664M (65%)         410M (40%)         404M (39%)         668M (65%)         400M (39%)    
[55.876s][info][gc,heap     ] GC(348)      Live:         -               204M (20%)         204M (20%)         204M (20%)            -                  -          
[55.876s][info][gc,heap     ] GC(348) Allocated:         -               124M (12%)         136M (13%)         143M (14%)            -                  -          
[55.876s][info][gc,heap     ] GC(348)   Garbage:         -               335M (33%)          69M (7%)           56M (5%)             -                  -          
[55.876s][info][gc,heap     ] GC(348) Reclaimed:         -                  -               266M (26%)         279M (27%)            -                  -          
[55.876s][info][gc          ] GC(348) Garbage Collection (Allocation Rate) 540M(53%)->404M(39%)
[56.007s][info][gc,start    ] GC(349) Garbage Collection (Allocation Rate)
[56.007s][info][gc,task     ] GC(349) Using 10 workers
[56.007s][info][gc,phases   ] GC(349) Pause Mark Start 0.015ms
[56.061s][info][gc,phases   ] GC(349) Concurrent Mark 53.303ms
[56.061s][info][gc,phases   ] GC(349) Pause Mark End 0.021ms
[56.061s][info][gc,phases   ] GC(349) Concurrent Mark Free 0.001ms
[56.062s][info][gc,phases   ] GC(349) Concurrent Process Non-Strong References 1.629ms
[56.062s][info][gc,phases   ] GC(349) Concurrent Reset Relocation Set 0.001ms
[56.066s][info][gc,phases   ] GC(349) Concurrent Select Relocation Set 3.423ms
[56.066s][info][gc,phases   ] GC(349) Pause Relocate Start 0.010ms
[56.068s][info][gc,phases   ] GC(349) Concurrent Relocate 1.618ms
[56.068s][info][gc,load     ] GC(349) Load: 0.00/0.00/0.00
[56.068s][info][gc,mmu      ] GC(349) MMU: 2ms/96.6%, 5ms/98.6%, 10ms/99.3%, 20ms/99.7%, 50ms/99.8%, 100ms/99.9%
[56.068s][info][gc,marking  ] GC(349) Mark: 8 stripe(s), 3 proactive flush(es), 1 terminate flush(es), 0 completion(s), 0 continuation(s) 
[56.068s][info][gc,marking  ] GC(349) Mark Stack Usage: 32M
[56.068s][info][gc,nmethod  ] GC(349) NMethods: 5567 registered, 1237 unregistered
[56.068s][info][gc,metaspace] GC(349) Metaspace: 59M used, 60M committed, 1088M reserved
[56.068s][info][gc,ref      ] GC(349) Soft: 3044 encountered, 0 discovered, 0 enqueued
[56.068s][info][gc,ref      ] GC(349) Weak: 5970 encountered, 449 discovered, 1 enqueued
[56.068s][info][gc,ref      ] GC(349) Final: 60 encountered, 0 discovered, 0 enqueued
[56.068s][info][gc,ref      ] GC(349) Phantom: 608 encountered, 359 discovered, 0 enqueued
[56.068s][info][gc,reloc    ] GC(349) Small Pages: 391 / 782M, Empty: 546M, Relocated: 3M, In-Place: 0
[56.068s][info][gc,reloc    ] GC(349) Medium Pages: 1 / 32M, Empty: 0M, Relocated: 0M, In-Place: 0
[56.068s][info][gc,reloc    ] GC(349) Large Pages: 2 / 12M, Empty: 0M, Relocated: 0M, In-Place: 0
[56.068s][info][gc,reloc    ] GC(349) Forwarding Usage: 1M
[56.068s][info][gc,heap     ] GC(349) Min Capacity: 8M(1%)
[56.068s][info][gc,heap     ] GC(349) Max Capacity: 1024M(100%)
[56.068s][info][gc,heap     ] GC(349) Soft Max Capacity: 1024M(100%)
[56.068s][info][gc,heap     ] GC(349)                Mark Start          Mark End        Relocate Start      Relocate End           High               Low         
[56.068s][info][gc,heap     ] GC(349)  Capacity:     1024M (100%)       1024M (100%)       1024M (100%)       1024M (100%)       1024M (100%)       1024M (100%)   
[56.068s][info][gc,heap     ] GC(349)      Free:      198M (19%)          54M (5%)          586M (57%)         596M (58%)         596M (58%)          52M (5%)     
[56.068s][info][gc,heap     ] GC(349)      Used:      826M (81%)         970M (95%)         438M (43%)         428M (42%)         972M (95%)         428M (42%)    
[56.068s][info][gc,heap     ] GC(349)      Live:         -               204M (20%)         204M (20%)         204M (20%)            -                  -          
[56.068s][info][gc,heap     ] GC(349) Allocated:         -               144M (14%)         158M (15%)         161M (16%)            -                  -          
[56.068s][info][gc,heap     ] GC(349)   Garbage:         -               621M (61%)          75M (7%)           62M (6%)             -                  -          
[56.068s][info][gc,heap     ] GC(349) Reclaimed:         -                  -               546M (53%)         559M (55%)            -                  -          
[56.068s][info][gc          ] GC(349) Garbage Collection (Allocation Rate) 826M(81%)->428M(42%)
[56.201s][info][gc,start    ] GC(350) Garbage Collection (Allocation Rate)
[56.201s][info][gc,task     ] GC(350) Using 8 workers
[56.201s][info][gc,phases   ] GC(350) Pause Mark Start 0.014ms
[56.259s][info][gc,phases   ] GC(350) Concurrent Mark 57.250ms
[56.259s][info][gc,phases   ] GC(350) Pause Mark End 0.024ms
[56.259s][info][gc,phases   ] GC(350) Concurrent Mark Free 0.001ms
[56.261s][info][gc,phases   ] GC(350) Concurrent Process Non-Strong References 2.020ms
[56.261s][info][gc,phases   ] GC(350) Concurrent Reset Relocation Set 0.002ms
[56.263s][info][gc,phases   ] GC(350) Concurrent Select Relocation Set 2.299ms
[56.264s][info][gc,phases   ] GC(350) Pause Relocate Start 0.008ms
[56.265s][info][gc,phases   ] GC(350) Concurrent Relocate 1.630ms
[56.265s][info][gc,load     ] GC(350) Load: 0.00/0.00/0.00
[56.265s][info][gc,mmu      ] GC(350) MMU: 2ms/96.6%, 5ms/98.6%, 10ms/99.3%, 20ms/99.7%, 50ms/99.8%, 100ms/99.9%
[56.265s][info][gc,marking  ] GC(350) Mark: 8 stripe(s), 2 proactive flush(es), 1 terminate flush(es), 0 completion(s), 0 continuation(s) 
[56.265s][info][gc,marking  ] GC(350) Mark Stack Usage: 32M
[56.265s][info][gc,nmethod  ] GC(350) NMethods: 5571 registered, 1237 unregistered
[56.265s][info][gc,metaspace] GC(350) Metaspace: 59M used, 60M committed, 1088M reserved
[56.265s][info][gc,ref      ] GC(350) Soft: 3044 encountered, 0 discovered, 0 enqueued
[56.265s][info][gc,ref      ] GC(350) Weak: 5967 encountered, 1374 discovered, 0 enqueued
[56.265s][info][gc,ref      ] GC(350) Final: 60 encountered, 2 discovered, 0 enqueued
[56.266s][info][gc,ref      ] GC(350) Phantom: 608 encountered, 441 discovered, 0 enqueued
[56.266s][info][gc,reloc    ] GC(350) Small Pages: 338 / 676M, Empty: 440M, Relocated: 3M, In-Place: 0
[56.266s][info][gc,reloc    ] GC(350) Medium Pages: 1 / 32M, Empty: 0M, Relocated: 0M, In-Place: 0
[56.266s][info][gc,reloc    ] GC(350) Large Pages: 2 / 12M, Empty: 0M, Relocated: 0M, In-Place: 0
[56.266s][info][gc,reloc    ] GC(350) Forwarding Usage: 1M
[56.266s][info][gc,heap     ] GC(350) Min Capacity: 8M(1%)
[56.266s][info][gc,heap     ] GC(350) Max Capacity: 1024M(100%)
[56.266s][info][gc,heap     ] GC(350) Soft Max Capacity: 1024M(100%)
[56.266s][info][gc,heap     ] GC(350)                Mark Start          Mark End        Relocate Start      Relocate End           High               Low         
[56.266s][info][gc,heap     ] GC(350)  Capacity:     1024M (100%)       1024M (100%)       1024M (100%)       1024M (100%)       1024M (100%)       1024M (100%)   
[56.266s][info][gc,heap     ] GC(350)      Free:      304M (30%)         220M (21%)         658M (64%)         676M (66%)         676M (66%)         218M (21%)    
[56.266s][info][gc,heap     ] GC(350)      Used:      720M (70%)         804M (79%)         366M (36%)         348M (34%)         806M (79%)         348M (34%)    
[56.266s][info][gc,heap     ] GC(350)      Live:         -               203M (20%)         203M (20%)         203M (20%)            -                  -          
[56.266s][info][gc,heap     ] GC(350) Allocated:         -                84M (8%)           86M (8%)           86M (8%)             -                  -          
[56.266s][info][gc,heap     ] GC(350)   Garbage:         -               516M (50%)          76M (7%)           58M (6%)             -                  -          
[56.266s][info][gc,heap     ] GC(350) Reclaimed:         -                  -               440M (43%)         458M (45%)            -                  -          
[56.266s][info][gc          ] GC(350) Garbage Collection (Allocation Rate) 720M(70%)->348M(34%)
[56.274s][info][gc,start    ] GC(351) Garbage Collection (System.gc())
[56.274s][info][gc,task     ] GC(351) Using 10 workers
[56.275s][info][gc,phases   ] GC(351) Pause Mark Start 0.011ms
[56.334s][info][gc,phases   ] GC(351) Concurrent Mark 59.256ms
[56.334s][info][gc,phases   ] GC(351) Pause Mark End 0.026ms
[56.334s][info][gc,phases   ] GC(351) Concurrent Mark Free 0.001ms
[56.336s][info][gc,phases   ] GC(351) Concurrent Process Non-Strong References 1.796ms
[56.336s][info][gc,phases   ] GC(351) Concurrent Reset Relocation Set 0.002ms
[56.339s][info][gc,phases   ] GC(351) Concurrent Select Relocation Set 3.187ms
[56.339s][info][gc,phases   ] GC(351) Pause Relocate Start 0.011ms
[56.341s][info][gc,phases   ] GC(351) Concurrent Relocate 1.611ms
[56.341s][info][gc,load     ] GC(351) Load: 0.00/0.00/0.00
[56.341s][info][gc,mmu      ] GC(351) MMU: 2ms/96.6%, 5ms/98.6%, 10ms/99.3%, 20ms/99.7%, 50ms/99.8%, 100ms/99.9%
[56.341s][info][gc,marking  ] GC(351) Mark: 8 stripe(s), 1 proactive flush(es), 1 terminate flush(es), 0 completion(s), 0 continuation(s) 
[56.341s][info][gc,marking  ] GC(351) Mark Stack Usage: 32M
[56.341s][info][gc,nmethod  ] GC(351) NMethods: 5580 registered, 1240 unregistered
[56.341s][info][gc,metaspace] GC(351) Metaspace: 59M used, 60M committed, 1088M reserved
[56.341s][info][gc,ref      ] GC(351) Soft: 3042 encountered, 0 discovered, 0 enqueued
[56.341s][info][gc,ref      ] GC(351) Weak: 6029 encountered, 589 discovered, 121 enqueued
[56.341s][info][gc,ref      ] GC(351) Final: 60 encountered, 1 discovered, 0 enqueued
[56.341s][info][gc,ref      ] GC(351) Phantom: 608 encountered, 340 discovered, 0 enqueued
[56.341s][info][gc,reloc    ] GC(351) Small Pages: 149 / 298M, Empty: 68M, Relocated: 3M, In-Place: 0
[56.341s][info][gc,reloc    ] GC(351) Medium Pages: 1 / 32M, Empty: 0M, Relocated: 0M, In-Place: 0
[56.341s][info][gc,reloc    ] GC(351) Large Pages: 3 / 18M, Empty: 6M, Relocated: 0M, In-Place: 0
[56.341s][info][gc,reloc    ] GC(351) Forwarding Usage: 1M
[56.341s][info][gc,heap     ] GC(351) Min Capacity: 8M(1%)
[56.341s][info][gc,heap     ] GC(351) Max Capacity: 1024M(100%)
[56.341s][info][gc,heap     ] GC(351) Soft Max Capacity: 1024M(100%)
[56.341s][info][gc,heap     ] GC(351)                Mark Start          Mark End        Relocate Start      Relocate End           High               Low         
[56.341s][info][gc,heap     ] GC(351)  Capacity:     1024M (100%)       1024M (100%)       1024M (100%)       1024M (100%)       1024M (100%)       1024M (100%)   
[56.341s][info][gc,heap     ] GC(351)      Free:      676M (66%)         674M (66%)         744M (73%)         752M (73%)         752M (73%)         670M (65%)    
[56.341s][info][gc,heap     ] GC(351)      Used:      348M (34%)         350M (34%)         280M (27%)         272M (27%)         354M (35%)         272M (27%)    
[56.342s][info][gc,heap     ] GC(351)      Live:         -               203M (20%)         203M (20%)         203M (20%)            -                  -          
[56.342s][info][gc,heap     ] GC(351) Allocated:         -                 2M (0%)            6M (1%)            6M (1%)             -                  -          
[56.342s][info][gc,heap     ] GC(351)   Garbage:         -               144M (14%)          70M (7%)           62M (6%)             -                  -          
[56.342s][info][gc,heap     ] GC(351) Reclaimed:         -                  -                74M (7%)           82M (8%)             -                  -          
[56.342s][info][gc          ] GC(351) Garbage Collection (System.gc()) 348M(34%)->272M(27%)
[56.506s][info][gc,start    ] GC(352) Garbage Collection (Allocation Rate)
[56.506s][info][gc,task     ] GC(352) Using 7 workers
[56.506s][info][gc,phases   ] GC(352) Pause Mark Start 0.019ms
[56.568s][info][gc,phases   ] GC(352) Concurrent Mark 62.031ms
[56.568s][info][gc,phases   ] GC(352) Pause Mark End 0.020ms
[56.568s][info][gc,phases   ] GC(352) Concurrent Mark Free 0.002ms
[56.571s][info][gc,phases   ] GC(352) Concurrent Process Non-Strong References 2.522ms
[56.571s][info][gc,phases   ] GC(352) Concurrent Reset Relocation Set 0.002ms
[56.575s][info][gc,phases   ] GC(352) Concurrent Select Relocation Set 3.741ms
[56.575s][info][gc,phases   ] GC(352) Pause Relocate Start 0.009ms
[56.577s][info][gc,phases   ] GC(352) Concurrent Relocate 2.091ms
[56.577s][info][gc,load     ] GC(352) Load: 0.00/0.00/0.00
[56.577s][info][gc,mmu      ] GC(352) MMU: 2ms/96.6%, 5ms/98.6%, 10ms/99.3%, 20ms/99.7%, 50ms/99.8%, 100ms/99.9%
[56.577s][info][gc,marking  ] GC(352) Mark: 4 stripe(s), 2 proactive flush(es), 1 terminate flush(es), 0 completion(s), 0 continuation(s) 
[56.577s][info][gc,marking  ] GC(352) Mark Stack Usage: 32M
[56.577s][info][gc,nmethod  ] GC(352) NMethods: 5630 registered, 1244 unregistered
[56.577s][info][gc,metaspace] GC(352) Metaspace: 59M used, 60M committed, 1088M reserved
[56.577s][info][gc,ref      ] GC(352) Soft: 3045 encountered, 0 discovered, 0 enqueued
[56.577s][info][gc,ref      ] GC(352) Weak: 6071 encountered, 2003 discovered, 75 enqueued
[56.577s][info][gc,ref      ] GC(352) Final: 60 encountered, 5 discovered, 0 enqueued
[56.577s][info][gc,ref      ] GC(352) Phantom: 608 encountered, 334 discovered, 0 enqueued
[56.577s][info][gc,reloc    ] GC(352) Small Pages: 250 / 500M, Empty: 246M, Relocated: 3M, In-Place: 0
[56.577s][info][gc,reloc    ] GC(352) Medium Pages: 2 / 64M, Empty: 32M, Relocated: 0M, In-Place: 0
[56.577s][info][gc,reloc    ] GC(352) Large Pages: 4 / 24M, Empty: 12M, Relocated: 0M, In-Place: 0
[56.577s][info][gc,reloc    ] GC(352) Forwarding Usage: 1M
[56.577s][info][gc,heap     ] GC(352) Min Capacity: 8M(1%)
[56.577s][info][gc,heap     ] GC(352) Max Capacity: 1024M(100%)
[56.577s][info][gc,heap     ] GC(352) Soft Max Capacity: 1024M(100%)
[56.577s][info][gc,heap     ] GC(352)                Mark Start          Mark End        Relocate Start      Relocate End           High               Low         
[56.577s][info][gc,heap     ] GC(352)  Capacity:     1024M (100%)       1024M (100%)       1024M (100%)       1024M (100%)       1024M (100%)       1024M (100%)   
[56.577s][info][gc,heap     ] GC(352)      Free:      436M (43%)         252M (25%)         516M (50%)         546M (53%)         548M (54%)         242M (24%)    
[56.577s][info][gc,heap     ] GC(352)      Used:      588M (57%)         772M (75%)         508M (50%)         478M (47%)         782M (76%)         476M (46%)    
[56.577s][info][gc,heap     ] GC(352)      Live:         -               204M (20%)         204M (20%)         204M (20%)            -                  -          
[56.577s][info][gc,heap     ] GC(352) Allocated:         -               184M (18%)         210M (21%)         217M (21%)            -                  -          
[56.577s][info][gc,heap     ] GC(352)   Garbage:         -               383M (37%)          93M (9%)           55M (5%)             -                  -          
[56.577s][info][gc,heap     ] GC(352) Reclaimed:         -                  -               290M (28%)         327M (32%)            -                  -          
[56.577s][info][gc          ] GC(352) Garbage Collection (Allocation Rate) 588M(57%)->478M(47%)
[56.599s][info][gc,start    ] GC(353) Garbage Collection (Allocation Rate)
[56.600s][info][gc,task     ] GC(353) Using 7 workers
[56.600s][info][gc,phases   ] GC(353) Pause Mark Start 0.015ms
[56.662s][info][gc,phases   ] GC(353) Concurrent Mark 61.911ms
[56.662s][info][gc,phases   ] GC(353) Pause Mark End 0.017ms
[56.662s][info][gc,phases   ] GC(353) Concurrent Mark Free 0.001ms
[56.664s][info][gc,phases   ] GC(353) Concurrent Process Non-Strong References 2.103ms
[56.664s][info][gc,phases   ] GC(353) Concurrent Reset Relocation Set 0.002ms
[56.667s][info][gc,phases   ] GC(353) Concurrent Select Relocation Set 2.483ms
[56.667s][info][gc,phases   ] GC(353) Pause Relocate Start 0.006ms
[56.669s][info][gc,phases   ] GC(353) Concurrent Relocate 2.765ms
[56.669s][info][gc,load     ] GC(353) Load: 0.00/0.00/0.00
[56.669s][info][gc,mmu      ] GC(353) MMU: 2ms/96.6%, 5ms/98.6%, 10ms/99.3%, 20ms/99.7%, 50ms/99.8%, 100ms/99.9%
[56.669s][info][gc,marking  ] GC(353) Mark: 4 stripe(s), 2 proactive flush(es), 1 terminate flush(es), 0 completion(s), 0 continuation(s) 
[56.669s][info][gc,marking  ] GC(353) Mark Stack Usage: 32M
[56.670s][info][gc,nmethod  ] GC(353) NMethods: 5631 registered, 1244 unregistered
[56.670s][info][gc,metaspace] GC(353) Metaspace: 59M used, 60M committed, 1088M reserved
[56.670s][info][gc,ref      ] GC(353) Soft: 3045 encountered, 0 discovered, 0 enqueued
[56.670s][info][gc,ref      ] GC(353) Weak: 5995 encountered, 2106 discovered, 19 enqueued
[56.670s][info][gc,ref      ] GC(353) Final: 60 encountered, 7 discovered, 0 enqueued
[56.670s][info][gc,ref      ] GC(353) Phantom: 608 encountered, 393 discovered, 0 enqueued
[56.670s][info][gc,reloc    ] GC(353) Small Pages: 256 / 512M, Empty: 278M, Relocated: 3M, In-Place: 0
[56.670s][info][gc,reloc    ] GC(353) Medium Pages: 1 / 32M, Empty: 0M, Relocated: 0M, In-Place: 0
[56.670s][info][gc,reloc    ] GC(353) Large Pages: 2 / 12M, Empty: 0M, Relocated: 0M, In-Place: 0
[56.670s][info][gc,reloc    ] GC(353) Forwarding Usage: 1M
[56.670s][info][gc,heap     ] GC(353) Min Capacity: 8M(1%)
[56.670s][info][gc,heap     ] GC(353) Max Capacity: 1024M(100%)
[56.670s][info][gc,heap     ] GC(353) Soft Max Capacity: 1024M(100%)
[56.670s][info][gc,heap     ] GC(353)                Mark Start          Mark End        Relocate Start      Relocate End           High               Low         
[56.670s][info][gc,heap     ] GC(353)  Capacity:     1024M (100%)       1024M (100%)       1024M (100%)       1024M (100%)       1024M (100%)       1024M (100%)   
[56.670s][info][gc,heap     ] GC(353)      Free:      468M (46%)         254M (25%)         514M (50%)         524M (51%)         528M (52%)         246M (24%)    
[56.670s][info][gc,heap     ] GC(353)      Used:      556M (54%)         770M (75%)         510M (50%)         500M (49%)         778M (76%)         496M (48%)    
[56.670s][info][gc,heap     ] GC(353)      Live:         -               204M (20%)         204M (20%)         204M (20%)            -                  -          
[56.670s][info][gc,heap     ] GC(353) Allocated:         -               214M (21%)         232M (23%)         239M (23%)            -                  -          
[56.670s][info][gc,heap     ] GC(353)   Garbage:         -               351M (34%)          73M (7%)           55M (5%)             -                  -          
[56.670s][info][gc,heap     ] GC(353) Reclaimed:         -                  -               278M (27%)         295M (29%)            -                  -          
[56.670s][info][gc          ] GC(353) Garbage Collection (Allocation Rate) 556M(54%)->500M(49%)
[56.693s][info][gc,start    ] GC(354) Garbage Collection (Allocation Rate)
[56.693s][info][gc,task     ] GC(354) Using 7 workers
[56.693s][info][gc,phases   ] GC(354) Pause Mark Start 0.010ms
[56.755s][info][gc,phases   ] GC(354) Concurrent Mark 62.189ms
[56.756s][info][gc,phases   ] GC(354) Pause Mark End 0.017ms
[56.756s][info][gc,phases   ] GC(354) Concurrent Mark Free 0.001ms
[56.758s][info][gc,phases   ] GC(354) Concurrent Process Non-Strong References 2.366ms
[56.758s][info][gc,phases   ] GC(354) Concurrent Reset Relocation Set 0.002ms
[56.762s][info][gc,phases   ] GC(354) Concurrent Select Relocation Set 3.651ms
[56.762s][info][gc,phases   ] GC(354) Pause Relocate Start 0.006ms
[56.765s][info][gc,phases   ] GC(354) Concurrent Relocate 2.744ms
[56.765s][info][gc,load     ] GC(354) Load: 0.00/0.00/0.00
[56.765s][info][gc,mmu      ] GC(354) MMU: 2ms/96.6%, 5ms/98.6%, 10ms/99.3%, 20ms/99.7%, 50ms/99.8%, 100ms/99.9%
[56.765s][info][gc,marking  ] GC(354) Mark: 4 stripe(s), 2 proactive flush(es), 1 terminate flush(es), 0 completion(s), 0 continuation(s) 
[56.765s][info][gc,marking  ] GC(354) Mark Stack Usage: 32M
[56.765s][info][gc,nmethod  ] GC(354) NMethods: 5631 registered, 1244 unregistered
[56.765s][info][gc,metaspace] GC(354) Metaspace: 59M used, 60M committed, 1088M reserved
[56.765s][info][gc,ref      ] GC(354) Soft: 3045 encountered, 0 discovered, 0 enqueued
[56.765s][info][gc,ref      ] GC(354) Weak: 5976 encountered, 366 discovered, 0 enqueued
[56.765s][info][gc,ref      ] GC(354) Final: 60 encountered, 0 discovered, 0 enqueued
[56.765s][info][gc,ref      ] GC(354) Phantom: 608 encountered, 355 discovered, 0 enqueued
[56.765s][info][gc,reloc    ] GC(354) Small Pages: 261 / 522M, Empty: 292M, Relocated: 3M, In-Place: 0
[56.765s][info][gc,reloc    ] GC(354) Medium Pages: 1 / 32M, Empty: 0M, Relocated: 0M, In-Place: 0
[56.765s][info][gc,reloc    ] GC(354) Large Pages: 2 / 12M, Empty: 0M, Relocated: 0M, In-Place: 0
[56.765s][info][gc,reloc    ] GC(354) Forwarding Usage: 1M
[56.765s][info][gc,heap     ] GC(354) Min Capacity: 8M(1%)
[56.765s][info][gc,heap     ] GC(354) Max Capacity: 1024M(100%)
[56.765s][info][gc,heap     ] GC(354) Soft Max Capacity: 1024M(100%)
[56.765s][info][gc,heap     ] GC(354)                Mark Start          Mark End        Relocate Start      Relocate End           High               Low         
[56.765s][info][gc,heap     ] GC(354)  Capacity:     1024M (100%)       1024M (100%)       1024M (100%)       1024M (100%)       1024M (100%)       1024M (100%)   
[56.765s][info][gc,heap     ] GC(354)      Free:      458M (45%)         284M (28%)         558M (54%)         566M (55%)         568M (55%)         276M (27%)    
[56.765s][info][gc,heap     ] GC(354)      Used:      566M (55%)         740M (72%)         466M (46%)         458M (45%)         748M (73%)         456M (45%)    
[56.765s][info][gc,heap     ] GC(354)      Live:         -               204M (20%)         204M (20%)         204M (20%)            -                  -          
[56.765s][info][gc,heap     ] GC(354) Allocated:         -               174M (17%)         192M (19%)         197M (19%)            -                  -          
[56.766s][info][gc,heap     ] GC(354)   Garbage:         -               361M (35%)          69M (7%)           55M (5%)             -                  -          
[56.766s][info][gc,heap     ] GC(354) Reclaimed:         -                  -               292M (29%)         305M (30%)            -                  -          
[56.766s][info][gc          ] GC(354) Garbage Collection (Allocation Rate) 566M(55%)->458M(45%)
[56.802s][info][gc,start    ] GC(355) Garbage Collection (Allocation Rate)
[56.802s][info][gc,task     ] GC(355) Using 7 workers
[56.803s][info][gc,phases   ] GC(355) Pause Mark Start 0.011ms
[56.865s][info][gc,phases   ] GC(355) Concurrent Mark 62.196ms
[56.865s][info][gc,phases   ] GC(355) Pause Mark End 0.027ms
[56.865s][info][gc,phases   ] GC(355) Concurrent Mark Free 0.001ms
[56.867s][info][gc,phases   ] GC(355) Concurrent Process Non-Strong References 2.345ms
[56.868s][info][gc,phases   ] GC(355) Concurrent Reset Relocation Set 0.002ms
[56.871s][info][gc,phases   ] GC(355) Concurrent Select Relocation Set 3.639ms
[56.871s][info][gc,phases   ] GC(355) Pause Relocate Start 0.009ms
[56.873s][info][gc,phases   ] GC(355) Concurrent Relocate 1.644ms
[56.873s][info][gc,load     ] GC(355) Load: 0.00/0.00/0.00
[56.873s][info][gc,mmu      ] GC(355) MMU: 2ms/96.6%, 5ms/98.6%, 10ms/99.3%, 20ms/99.7%, 50ms/99.8%, 100ms/99.9%
[56.873s][info][gc,marking  ] GC(355) Mark: 4 stripe(s), 2 proactive flush(es), 1 terminate flush(es), 0 completion(s), 0 continuation(s) 
[56.873s][info][gc,marking  ] GC(355) Mark Stack Usage: 32M
[56.873s][info][gc,nmethod  ] GC(355) NMethods: 5631 registered, 1244 unregistered
[56.873s][info][gc,metaspace] GC(355) Metaspace: 59M used, 60M committed, 1088M reserved
[56.873s][info][gc,ref      ] GC(355) Soft: 3045 encountered, 0 discovered, 0 enqueued
[56.873s][info][gc,ref      ] GC(355) Weak: 5976 encountered, 479 discovered, 0 enqueued
[56.873s][info][gc,ref      ] GC(355) Final: 60 encountered, 0 discovered, 0 enqueued
[56.873s][info][gc,ref      ] GC(355) Phantom: 608 encountered, 395 discovered, 0 enqueued
[56.873s][info][gc,reloc    ] GC(355) Small Pages: 250 / 500M, Empty: 272M, Relocated: 3M, In-Place: 0
[56.873s][info][gc,reloc    ] GC(355) Medium Pages: 1 / 32M, Empty: 0M, Relocated: 0M, In-Place: 0
[56.873s][info][gc,reloc    ] GC(355) Large Pages: 2 / 12M, Empty: 0M, Relocated: 0M, In-Place: 0
[56.873s][info][gc,reloc    ] GC(355) Forwarding Usage: 1M
[56.874s][info][gc,heap     ] GC(355) Min Capacity: 8M(1%)
[56.874s][info][gc,heap     ] GC(355) Max Capacity: 1024M(100%)
[56.874s][info][gc,heap     ] GC(355) Soft Max Capacity: 1024M(100%)
[56.874s][info][gc,heap     ] GC(355)                Mark Start          Mark End        Relocate Start      Relocate End           High               Low         
[56.874s][info][gc,heap     ] GC(355)  Capacity:     1024M (100%)       1024M (100%)       1024M (100%)       1024M (100%)       1024M (100%)       1024M (100%)   
[56.874s][info][gc,heap     ] GC(355)      Free:      480M (47%)         334M (33%)         592M (58%)         600M (59%)         600M (59%)         328M (32%)    
[56.874s][info][gc,heap     ] GC(355)      Used:      544M (53%)         690M (67%)         432M (42%)         424M (41%)         696M (68%)         424M (41%)    
[56.874s][info][gc,heap     ] GC(355)      Live:         -               204M (20%)         204M (20%)         204M (20%)            -                  -          
[56.874s][info][gc,heap     ] GC(355) Allocated:         -               146M (14%)         160M (16%)         163M (16%)            -                  -          
[56.874s][info][gc,heap     ] GC(355)   Garbage:         -               339M (33%)          67M (7%)           55M (5%)             -                  -          
[56.874s][info][gc,heap     ] GC(355) Reclaimed:         -                  -               272M (27%)         283M (28%)            -                  -          
[56.874s][info][gc          ] GC(355) Garbage Collection (Allocation Rate) 544M(53%)->424M(41%)
[57.005s][info][gc,start    ] GC(356) Garbage Collection (Allocation Rate)
[57.006s][info][gc,task     ] GC(356) Using 9 workers
[57.006s][info][gc,phases   ] GC(356) Pause Mark Start 0.015ms
[57.068s][info][gc,phases   ] GC(356) Concurrent Mark 62.082ms
[57.068s][info][gc,phases   ] GC(356) Pause Mark End 0.026ms
[57.068s][info][gc,phases   ] GC(356) Concurrent Mark Free 0.001ms
[57.070s][info][gc,phases   ] GC(356) Concurrent Process Non-Strong References 1.881ms
[57.070s][info][gc,phases   ] GC(356) Concurrent Reset Relocation Set 0.002ms
[57.074s][info][gc,phases   ] GC(356) Concurrent Select Relocation Set 3.694ms
[57.074s][info][gc,phases   ] GC(356) Pause Relocate Start 0.008ms
[57.076s][info][gc,phases   ] GC(356) Concurrent Relocate 1.645ms
[57.076s][info][gc,load     ] GC(356) Load: 0.00/0.00/0.00
[57.076s][info][gc,mmu      ] GC(356) MMU: 2ms/96.6%, 5ms/98.6%, 10ms/99.3%, 20ms/99.7%, 50ms/99.8%, 100ms/99.9%
[57.076s][info][gc,marking  ] GC(356) Mark: 8 stripe(s), 2 proactive flush(es), 1 terminate flush(es), 0 completion(s), 0 continuation(s) 
[57.076s][info][gc,marking  ] GC(356) Mark Stack Usage: 32M
[57.076s][info][gc,nmethod  ] GC(356) NMethods: 5631 registered, 1244 unregistered
[57.076s][info][gc,metaspace] GC(356) Metaspace: 59M used, 60M committed, 1088M reserved
[57.076s][info][gc,ref      ] GC(356) Soft: 3045 encountered, 0 discovered, 0 enqueued
[57.076s][info][gc,ref      ] GC(356) Weak: 5976 encountered, 1880 discovered, 0 enqueued
[57.076s][info][gc,ref      ] GC(356) Final: 60 encountered, 3 discovered, 0 enqueued
[57.076s][info][gc,ref      ] GC(356) Phantom: 608 encountered, 389 discovered, 0 enqueued
[57.076s][info][gc,reloc    ] GC(356) Small Pages: 375 / 750M, Empty: 520M, Relocated: 3M, In-Place: 0
[57.076s][info][gc,reloc    ] GC(356) Medium Pages: 1 / 32M, Empty: 0M, Relocated: 0M, In-Place: 0
[57.076s][info][gc,reloc    ] GC(356) Large Pages: 2 / 12M, Empty: 0M, Relocated: 0M, In-Place: 0
[57.076s][info][gc,reloc    ] GC(356) Forwarding Usage: 1M
[57.076s][info][gc,heap     ] GC(356) Min Capacity: 8M(1%)
[57.076s][info][gc,heap     ] GC(356) Max Capacity: 1024M(100%)
[57.076s][info][gc,heap     ] GC(356) Soft Max Capacity: 1024M(100%)
[57.076s][info][gc,heap     ] GC(356)                Mark Start          Mark End        Relocate Start      Relocate End           High               Low         
[57.076s][info][gc,heap     ] GC(356)  Capacity:     1024M (100%)       1024M (100%)       1024M (100%)       1024M (100%)       1024M (100%)       1024M (100%)   
[57.076s][info][gc,heap     ] GC(356)      Free:      230M (22%)          46M (4%)          552M (54%)         558M (54%)         558M (54%)          42M (4%)     
[57.076s][info][gc,heap     ] GC(356)      Used:      794M (78%)         978M (96%)         472M (46%)         466M (46%)         982M (96%)         466M (46%)    
[57.076s][info][gc,heap     ] GC(356)      Live:         -               204M (20%)         204M (20%)         204M (20%)            -                  -          
[57.076s][info][gc,heap     ] GC(356) Allocated:         -               184M (18%)         198M (19%)         201M (20%)            -                  -          
[57.076s][info][gc,heap     ] GC(356)   Garbage:         -               589M (58%)          69M (7%)           59M (6%)             -                  -          
[57.076s][info][gc,heap     ] GC(356) Reclaimed:         -                  -               520M (51%)         529M (52%)            -                  -          
[57.076s][info][gc          ] GC(356) Garbage Collection (Allocation Rate) 794M(78%)->466M(46%)
[57.099s][info][gc,start    ] GC(357) Garbage Collection (Allocation Rate)
[57.099s][info][gc,task     ] GC(357) Using 9 workers
[57.099s][info][gc,phases   ] GC(357) Pause Mark Start 0.010ms
[57.162s][info][gc,phases   ] GC(357) Concurrent Mark 62.255ms
[57.162s][info][gc,phases   ] GC(357) Pause Mark End 0.020ms
[57.162s][info][gc,phases   ] GC(357) Concurrent Mark Free 0.001ms
[57.164s][info][gc,phases   ] GC(357) Concurrent Process Non-Strong References 2.220ms
[57.164s][info][gc,phases   ] GC(357) Concurrent Reset Relocation Set 0.002ms
[57.167s][info][gc,phases   ] GC(357) Concurrent Select Relocation Set 2.524ms
[57.167s][info][gc,phases   ] GC(357) Pause Relocate Start 0.007ms
[57.168s][info][gc,phases   ] GC(357) Concurrent Relocate 1.625ms
[57.169s][info][gc,load     ] GC(357) Load: 0.00/0.00/0.00
[57.169s][info][gc,mmu      ] GC(357) MMU: 2ms/96.6%, 5ms/98.6%, 10ms/99.3%, 20ms/99.7%, 50ms/99.8%, 100ms/99.9%
[57.169s][info][gc,marking  ] GC(357) Mark: 8 stripe(s), 3 proactive flush(es), 1 terminate flush(es), 0 completion(s), 0 continuation(s) 
[57.169s][info][gc,marking  ] GC(357) Mark Stack Usage: 32M
[57.169s][info][gc,nmethod  ] GC(357) NMethods: 5631 registered, 1244 unregistered
[57.169s][info][gc,metaspace] GC(357) Metaspace: 59M used, 60M committed, 1088M reserved
[57.169s][info][gc,ref      ] GC(357) Soft: 3045 encountered, 0 discovered, 0 enqueued
[57.169s][info][gc,ref      ] GC(357) Weak: 5976 encountered, 1248 discovered, 0 enqueued
[57.169s][info][gc,ref      ] GC(357) Final: 60 encountered, 55 discovered, 0 enqueued
[57.169s][info][gc,ref      ] GC(357) Phantom: 608 encountered, 380 discovered, 0 enqueued
[57.169s][info][gc,reloc    ] GC(357) Small Pages: 242 / 484M, Empty: 254M, Relocated: 3M, In-Place: 0
[57.169s][info][gc,reloc    ] GC(357) Medium Pages: 1 / 32M, Empty: 0M, Relocated: 0M, In-Place: 0
[57.169s][info][gc,reloc    ] GC(357) Large Pages: 2 / 12M, Empty: 0M, Relocated: 0M, In-Place: 0
[57.169s][info][gc,reloc    ] GC(357) Forwarding Usage: 1M
[57.169s][info][gc,heap     ] GC(357) Min Capacity: 8M(1%)
[57.169s][info][gc,heap     ] GC(357) Max Capacity: 1024M(100%)
[57.169s][info][gc,heap     ] GC(357) Soft Max Capacity: 1024M(100%)
[57.169s][info][gc,heap     ] GC(357)                Mark Start          Mark End        Relocate Start      Relocate End           High               Low         
[57.169s][info][gc,heap     ] GC(357)  Capacity:     1024M (100%)       1024M (100%)       1024M (100%)       1024M (100%)       1024M (100%)       1024M (100%)   
[57.169s][info][gc,heap     ] GC(357)      Free:      496M (48%)         336M (33%)         578M (56%)         584M (57%)         584M (57%)         330M (32%)    
[57.169s][info][gc,heap     ] GC(357)      Used:      528M (52%)         688M (67%)         446M (44%)         440M (43%)         694M (68%)         440M (43%)    
[57.169s][info][gc,heap     ] GC(357)      Live:         -               204M (20%)         204M (20%)         204M (20%)            -                  -          
[57.169s][info][gc,heap     ] GC(357) Allocated:         -               160M (16%)         172M (17%)         175M (17%)            -                  -          
[57.169s][info][gc,heap     ] GC(357)   Garbage:         -               323M (32%)          69M (7%)           59M (6%)             -                  -          
[57.169s][info][gc,heap     ] GC(357) Reclaimed:         -                  -               254M (25%)         263M (26%)            -                  -          
[57.169s][info][gc          ] GC(357) Garbage Collection (Allocation Rate) 528M(52%)->440M(43%)
[57.237s][info][gc,start    ] GC(358) Garbage Collection (System.gc())
[57.238s][info][gc,task     ] GC(358) Using 10 workers
[57.238s][info][gc,phases   ] GC(358) Pause Mark Start 0.014ms
[57.297s][info][gc,phases   ] GC(358) Concurrent Mark 59.383ms
[57.297s][info][gc,phases   ] GC(358) Pause Mark End 0.017ms
[57.297s][info][gc,phases   ] GC(358) Concurrent Mark Free 0.001ms
[57.299s][info][gc,phases   ] GC(358) Concurrent Process Non-Strong References 1.746ms
[57.299s][info][gc,phases   ] GC(358) Concurrent Reset Relocation Set 0.002ms
[57.305s][info][gc,phases   ] GC(358) Concurrent Select Relocation Set 5.370ms
[57.305s][info][gc,phases   ] GC(358) Pause Relocate Start 0.008ms
[57.306s][info][gc,phases   ] GC(358) Concurrent Relocate 1.597ms
[57.306s][info][gc,load     ] GC(358) Load: 0.00/0.00/0.00
[57.307s][info][gc,mmu      ] GC(358) MMU: 2ms/96.6%, 5ms/98.6%, 10ms/99.3%, 20ms/99.7%, 50ms/99.8%, 100ms/99.9%
[57.307s][info][gc,marking  ] GC(358) Mark: 8 stripe(s), 2 proactive flush(es), 1 terminate flush(es), 0 completion(s), 0 continuation(s) 
[57.307s][info][gc,marking  ] GC(358) Mark Stack Usage: 32M
[57.307s][info][gc,nmethod  ] GC(358) NMethods: 5653 registered, 1244 unregistered
[57.307s][info][gc,metaspace] GC(358) Metaspace: 59M used, 60M committed, 1088M reserved
[57.307s][info][gc,ref      ] GC(358) Soft: 3043 encountered, 0 discovered, 0 enqueued
[57.307s][info][gc,ref      ] GC(358) Weak: 6041 encountered, 1398 discovered, 120 enqueued
[57.307s][info][gc,ref      ] GC(358) Final: 60 encountered, 0 discovered, 0 enqueued
[57.307s][info][gc,ref      ] GC(358) Phantom: 608 encountered, 417 discovered, 0 enqueued
[57.307s][info][gc,reloc    ] GC(358) Small Pages: 239 / 478M, Empty: 242M, Relocated: 3M, In-Place: 0
[57.307s][info][gc,reloc    ] GC(358) Medium Pages: 1 / 32M, Empty: 0M, Relocated: 0M, In-Place: 0
[57.307s][info][gc,reloc    ] GC(358) Large Pages: 3 / 18M, Empty: 6M, Relocated: 0M, In-Place: 0
[57.307s][info][gc,reloc    ] GC(358) Forwarding Usage: 1M
[57.307s][info][gc,heap     ] GC(358) Min Capacity: 8M(1%)
[57.307s][info][gc,heap     ] GC(358) Max Capacity: 1024M(100%)
[57.307s][info][gc,heap     ] GC(358) Soft Max Capacity: 1024M(100%)
[57.307s][info][gc,heap     ] GC(358)                Mark Start          Mark End        Relocate Start      Relocate End           High               Low         
[57.307s][info][gc,heap     ] GC(358)  Capacity:     1024M (100%)       1024M (100%)       1024M (100%)       1024M (100%)       1024M (100%)       1024M (100%)   
[57.307s][info][gc,heap     ] GC(358)      Free:      496M (48%)         494M (48%)         738M (72%)         752M (73%)         752M (73%)         494M (48%)    
[57.307s][info][gc,heap     ] GC(358)      Used:      528M (52%)         530M (52%)         286M (28%)         272M (27%)         530M (52%)         272M (27%)    
[57.307s][info][gc,heap     ] GC(358)      Live:         -               203M (20%)         203M (20%)         203M (20%)            -                  -          
[57.307s][info][gc,heap     ] GC(358) Allocated:         -                 2M (0%)            6M (1%)            6M (1%)             -                  -          
[57.307s][info][gc,heap     ] GC(358)   Garbage:         -               324M (32%)          76M (7%)           62M (6%)             -                  -          
[57.307s][info][gc,heap     ] GC(358) Reclaimed:         -                  -               248M (24%)         262M (26%)            -                  -          
[57.307s][info][gc          ] GC(358) Garbage Collection (System.gc()) 528M(52%)->272M(27%)
[57.500s][info][gc,start    ] GC(359) Garbage Collection (Allocation Rate)
[57.500s][info][gc,task     ] GC(359) Using 10 workers
[57.501s][info][gc,phases   ] GC(359) Pause Mark Start 0.015ms
[57.563s][info][gc,phases   ] GC(359) Concurrent Mark 62.069ms
[57.563s][info][gc,phases   ] GC(359) Pause Mark End 0.022ms
[57.563s][info][gc,phases   ] GC(359) Concurrent Mark Free 0.001ms
[57.565s][info][gc,phases   ] GC(359) Concurrent Process Non-Strong References 2.099ms
[57.565s][info][gc,phases   ] GC(359) Concurrent Reset Relocation Set 0.002ms
[57.571s][info][gc,phases   ] GC(359) Concurrent Select Relocation Set 5.505ms
[57.571s][info][gc,phases   ] GC(359) Pause Relocate Start 0.008ms
[57.573s][info][gc,phases   ] GC(359) Concurrent Relocate 1.649ms
[57.573s][info][gc,load     ] GC(359) Load: 0.00/0.00/0.00
[57.573s][info][gc,mmu      ] GC(359) MMU: 2ms/96.6%, 5ms/98.6%, 10ms/99.3%, 20ms/99.7%, 50ms/99.8%, 100ms/99.9%
[57.573s][info][gc,marking  ] GC(359) Mark: 8 stripe(s), 2 proactive flush(es), 1 terminate flush(es), 0 completion(s), 0 continuation(s) 
[57.573s][info][gc,marking  ] GC(359) Mark Stack Usage: 32M
[57.573s][info][gc,nmethod  ] GC(359) NMethods: 5665 registered, 1253 unregistered
[57.573s][info][gc,metaspace] GC(359) Metaspace: 59M used, 60M committed, 1088M reserved
[57.573s][info][gc,ref      ] GC(359) Soft: 3045 encountered, 0 discovered, 0 enqueued
[57.573s][info][gc,ref      ] GC(359) Weak: 6061 encountered, 1843 discovered, 76 enqueued
[57.573s][info][gc,ref      ] GC(359) Final: 60 encountered, 56 discovered, 0 enqueued
[57.573s][info][gc,ref      ] GC(359) Phantom: 608 encountered, 378 discovered, 0 enqueued
[57.573s][info][gc,reloc    ] GC(359) Small Pages: 323 / 646M, Empty: 392M, Relocated: 3M, In-Place: 0
[57.573s][info][gc,reloc    ] GC(359) Medium Pages: 2 / 64M, Empty: 32M, Relocated: 0M, In-Place: 0
[57.573s][info][gc,reloc    ] GC(359) Large Pages: 4 / 24M, Empty: 12M, Relocated: 0M, In-Place: 0
[57.573s][info][gc,reloc    ] GC(359) Forwarding Usage: 1M
[57.573s][info][gc,heap     ] GC(359) Min Capacity: 8M(1%)
[57.573s][info][gc,heap     ] GC(359) Max Capacity: 1024M(100%)
[57.573s][info][gc,heap     ] GC(359) Soft Max Capacity: 1024M(100%)
[57.573s][info][gc,heap     ] GC(359)                Mark Start          Mark End        Relocate Start      Relocate End           High               Low         
[57.573s][info][gc,heap     ] GC(359)  Capacity:     1024M (100%)       1024M (100%)       1024M (100%)       1024M (100%)       1024M (100%)       1024M (100%)   
[57.573s][info][gc,heap     ] GC(359)      Free:      290M (28%)          80M (8%)          486M (47%)         512M (50%)         512M (50%)          70M (7%)     
[57.573s][info][gc,heap     ] GC(359)      Used:      734M (72%)         944M (92%)         538M (53%)         512M (50%)         954M (93%)         512M (50%)    
[57.573s][info][gc,heap     ] GC(359)      Live:         -               204M (20%)         204M (20%)         204M (20%)            -                  -          
[57.573s][info][gc,heap     ] GC(359) Allocated:         -               210M (21%)         240M (23%)         245M (24%)            -                  -          
[57.573s][info][gc,heap     ] GC(359)   Garbage:         -               529M (52%)          93M (9%)           61M (6%)             -                  -          
[57.573s][info][gc,heap     ] GC(359) Reclaimed:         -                  -               436M (43%)         467M (46%)            -                  -          
[57.573s][info][gc          ] GC(359) Garbage Collection (Allocation Rate) 734M(72%)->512M(50%)
[57.594s][info][gc,start    ] GC(360) Garbage Collection (Allocation Rate)
[57.594s][info][gc,task     ] GC(360) Using 10 workers
[57.594s][info][gc,phases   ] GC(360) Pause Mark Start 0.013ms
[57.656s][info][gc,phases   ] GC(360) Concurrent Mark 62.118ms
[57.657s][info][gc,phases   ] GC(360) Pause Mark End 0.031ms
[57.657s][info][gc,phases   ] GC(360) Concurrent Mark Free 0.001ms
[57.659s][info][gc,phases   ] GC(360) Concurrent Process Non-Strong References 1.970ms
[57.659s][info][gc,phases   ] GC(360) Concurrent Reset Relocation Set 0.002ms
[57.661s][info][gc,phases   ] GC(360) Concurrent Select Relocation Set 2.623ms
[57.662s][info][gc,phases   ] GC(360) Pause Relocate Start 0.010ms
[57.663s][info][gc,phases   ] GC(360) Concurrent Relocate 1.859ms
[57.663s][info][gc,load     ] GC(360) Load: 0.00/0.00/0.00
[57.664s][info][gc,mmu      ] GC(360) MMU: 2ms/96.6%, 5ms/98.6%, 10ms/99.3%, 20ms/99.7%, 50ms/99.8%, 100ms/99.9%
[57.664s][info][gc,marking  ] GC(360) Mark: 8 stripe(s), 2 proactive flush(es), 1 terminate flush(es), 0 completion(s), 0 continuation(s) 
[57.664s][info][gc,marking  ] GC(360) Mark Stack Usage: 32M
[57.664s][info][gc,nmethod  ] GC(360) NMethods: 5665 registered, 1253 unregistered
[57.664s][info][gc,metaspace] GC(360) Metaspace: 59M used, 60M committed, 1088M reserved
[57.664s][info][gc,ref      ] GC(360) Soft: 3045 encountered, 0 discovered, 0 enqueued
[57.664s][info][gc,ref      ] GC(360) Weak: 5985 encountered, 1332 discovered, 14 enqueued
[57.664s][info][gc,ref      ] GC(360) Final: 60 encountered, 0 discovered, 0 enqueued
[57.664s][info][gc,ref      ] GC(360) Phantom: 608 encountered, 368 discovered, 0 enqueued
[57.664s][info][gc,reloc    ] GC(360) Small Pages: 272 / 544M, Empty: 300M, Relocated: 3M, In-Place: 0
[57.664s][info][gc,reloc    ] GC(360) Medium Pages: 1 / 32M, Empty: 0M, Relocated: 0M, In-Place: 0
[57.664s][info][gc,reloc    ] GC(360) Large Pages: 2 / 12M, Empty: 0M, Relocated: 0M, In-Place: 0
[57.664s][info][gc,reloc    ] GC(360) Forwarding Usage: 1M
[57.664s][info][gc,heap     ] GC(360) Min Capacity: 8M(1%)
[57.664s][info][gc,heap     ] GC(360) Max Capacity: 1024M(100%)
[57.664s][info][gc,heap     ] GC(360) Soft Max Capacity: 1024M(100%)
[57.664s][info][gc,heap     ] GC(360)                Mark Start          Mark End        Relocate Start      Relocate End           High               Low         
[57.664s][info][gc,heap     ] GC(360)  Capacity:     1024M (100%)       1024M (100%)       1024M (100%)       1024M (100%)       1024M (100%)       1024M (100%)   
[57.664s][info][gc,heap     ] GC(360)      Free:      436M (43%)         240M (23%)         528M (52%)         546M (53%)         546M (53%)         234M (23%)    
[57.664s][info][gc,heap     ] GC(360)      Used:      588M (57%)         784M (77%)         496M (48%)         478M (47%)         790M (77%)         478M (47%)    
[57.664s][info][gc,heap     ] GC(360)      Live:         -               204M (20%)         204M (20%)         204M (20%)            -                  -          
[57.664s][info][gc,heap     ] GC(360) Allocated:         -               196M (19%)         208M (20%)         211M (21%)            -                  -          
[57.664s][info][gc,heap     ] GC(360)   Garbage:         -               383M (37%)          83M (8%)           61M (6%)             -                  -          
[57.664s][info][gc,heap     ] GC(360) Reclaimed:         -                  -               300M (29%)         321M (31%)            -                  -          
[57.664s][info][gc          ] GC(360) Garbage Collection (Allocation Rate) 588M(57%)->478M(47%)
[57.703s][info][gc,start    ] GC(361) Garbage Collection (Allocation Rate)
[57.703s][info][gc,task     ] GC(361) Using 10 workers
[57.704s][info][gc,phases   ] GC(361) Pause Mark Start 0.012ms
[57.766s][info][gc,phases   ] GC(361) Concurrent Mark 62.227ms
[57.766s][info][gc,phases   ] GC(361) Pause Mark End 0.028ms
[57.766s][info][gc,phases   ] GC(361) Concurrent Mark Free 0.001ms
[57.768s][info][gc,phases   ] GC(361) Concurrent Process Non-Strong References 2.047ms
[57.768s][info][gc,phases   ] GC(361) Concurrent Reset Relocation Set 0.004ms
[57.772s][info][gc,phases   ] GC(361) Concurrent Select Relocation Set 3.680ms
[57.772s][info][gc,phases   ] GC(361) Pause Relocate Start 0.007ms
[57.774s][info][gc,phases   ] GC(361) Concurrent Relocate 1.592ms
[57.774s][info][gc,load     ] GC(361) Load: 0.00/0.00/0.00
[57.774s][info][gc,mmu      ] GC(361) MMU: 2ms/96.6%, 5ms/98.6%, 10ms/99.3%, 20ms/99.7%, 50ms/99.8%, 100ms/99.9%
[57.774s][info][gc,marking  ] GC(361) Mark: 8 stripe(s), 2 proactive flush(es), 1 terminate flush(es), 0 completion(s), 0 continuation(s) 
[57.774s][info][gc,marking  ] GC(361) Mark Stack Usage: 32M
[57.774s][info][gc,nmethod  ] GC(361) NMethods: 5665 registered, 1253 unregistered
[57.774s][info][gc,metaspace] GC(361) Metaspace: 59M used, 60M committed, 1088M reserved
[57.774s][info][gc,ref      ] GC(361) Soft: 3045 encountered, 0 discovered, 0 enqueued
[57.774s][info][gc,ref      ] GC(361) Weak: 5971 encountered, 1730 discovered, 0 enqueued
[57.774s][info][gc,ref      ] GC(361) Final: 60 encountered, 57 discovered, 0 enqueued
[57.774s][info][gc,ref      ] GC(361) Phantom: 608 encountered, 477 discovered, 0 enqueued
[57.774s][info][gc,reloc    ] GC(361) Small Pages: 264 / 528M, Empty: 292M, Relocated: 3M, In-Place: 0
[57.774s][info][gc,reloc    ] GC(361) Medium Pages: 1 / 32M, Empty: 0M, Relocated: 0M, In-Place: 0
[57.774s][info][gc,reloc    ] GC(361) Large Pages: 2 / 12M, Empty: 0M, Relocated: 0M, In-Place: 0
[57.774s][info][gc,reloc    ] GC(361) Forwarding Usage: 1M
[57.774s][info][gc,heap     ] GC(361) Min Capacity: 8M(1%)
[57.774s][info][gc,heap     ] GC(361) Max Capacity: 1024M(100%)
[57.774s][info][gc,heap     ] GC(361) Soft Max Capacity: 1024M(100%)
[57.774s][info][gc,heap     ] GC(361)                Mark Start          Mark End        Relocate Start      Relocate End           High               Low         
[57.774s][info][gc,heap     ] GC(361)  Capacity:     1024M (100%)       1024M (100%)       1024M (100%)       1024M (100%)       1024M (100%)       1024M (100%)   
[57.774s][info][gc,heap     ] GC(361)      Free:      452M (44%)         290M (28%)         566M (55%)         574M (56%)         574M (56%)         284M (28%)    
[57.774s][info][gc,heap     ] GC(361)      Used:      572M (56%)         734M (72%)         458M (45%)         450M (44%)         740M (72%)         450M (44%)    
[57.774s][info][gc,heap     ] GC(361)      Live:         -               204M (20%)         204M (20%)         204M (20%)            -                  -          
[57.774s][info][gc,heap     ] GC(361) Allocated:         -               162M (16%)         178M (17%)         183M (18%)            -                  -          
[57.774s][info][gc,heap     ] GC(361)   Garbage:         -               367M (36%)          75M (7%)           61M (6%)             -                  -          
[57.774s][info][gc,heap     ] GC(361) Reclaimed:         -                  -               292M (29%)         305M (30%)            -                  -          
[57.774s][info][gc          ] GC(361) Garbage Collection (Allocation Rate) 572M(56%)->450M(44%)
[57.797s][info][gc,start    ] GC(362) Garbage Collection (Allocation Rate)
[57.797s][info][gc,task     ] GC(362) Using 10 workers
[57.797s][info][gc,phases   ] GC(362) Pause Mark Start 0.010ms
[57.863s][info][gc,phases   ] GC(362) Concurrent Mark 65.265ms
[57.863s][info][gc,phases   ] GC(362) Pause Mark End 0.019ms
[57.863s][info][gc,phases   ] GC(362) Concurrent Mark Free 0.001ms
[57.865s][info][gc,phases   ] GC(362) Concurrent Process Non-Strong References 2.050ms
[57.865s][info][gc,phases   ] GC(362) Concurrent Reset Relocation Set 0.002ms
[57.868s][info][gc,phases   ] GC(362) Concurrent Select Relocation Set 2.914ms
[57.868s][info][gc,phases   ] GC(362) Pause Relocate Start 0.008ms
[57.871s][info][gc,phases   ] GC(362) Concurrent Relocate 2.766ms
[57.871s][info][gc,load     ] GC(362) Load: 0.00/0.00/0.00
[57.871s][info][gc,mmu      ] GC(362) MMU: 2ms/96.6%, 5ms/98.6%, 10ms/99.3%, 20ms/99.7%, 50ms/99.8%, 100ms/99.9%
[57.871s][info][gc,marking  ] GC(362) Mark: 8 stripe(s), 2 proactive flush(es), 1 terminate flush(es), 0 completion(s), 0 continuation(s) 
[57.871s][info][gc,marking  ] GC(362) Mark Stack Usage: 32M
[57.871s][info][gc,nmethod  ] GC(362) NMethods: 5665 registered, 1253 unregistered
[57.871s][info][gc,metaspace] GC(362) Metaspace: 59M used, 60M committed, 1088M reserved
[57.871s][info][gc,ref      ] GC(362) Soft: 3045 encountered, 0 discovered, 0 enqueued
[57.871s][info][gc,ref      ] GC(362) Weak: 5971 encountered, 406 discovered, 0 enqueued
[57.871s][info][gc,ref      ] GC(362) Final: 60 encountered, 0 discovered, 0 enqueued
[57.871s][info][gc,ref      ] GC(362) Phantom: 608 encountered, 485 discovered, 0 enqueued
[57.871s][info][gc,reloc    ] GC(362) Small Pages: 243 / 486M, Empty: 250M, Relocated: 3M, In-Place: 0
[57.871s][info][gc,reloc    ] GC(362) Medium Pages: 1 / 32M, Empty: 0M, Relocated: 0M, In-Place: 0
[57.871s][info][gc,reloc    ] GC(362) Large Pages: 2 / 12M, Empty: 0M, Relocated: 0M, In-Place: 0
[57.871s][info][gc,reloc    ] GC(362) Forwarding Usage: 1M
[57.871s][info][gc,heap     ] GC(362) Min Capacity: 8M(1%)
[57.871s][info][gc,heap     ] GC(362) Max Capacity: 1024M(100%)
[57.871s][info][gc,heap     ] GC(362) Soft Max Capacity: 1024M(100%)
[57.871s][info][gc,heap     ] GC(362)                Mark Start          Mark End        Relocate Start      Relocate End           High               Low         
[57.871s][info][gc,heap     ] GC(362)  Capacity:     1024M (100%)       1024M (100%)       1024M (100%)       1024M (100%)       1024M (100%)       1024M (100%)   
[57.871s][info][gc,heap     ] GC(362)      Free:      494M (48%)         270M (26%)         502M (49%)         508M (50%)         510M (50%)         264M (26%)    
[57.871s][info][gc,heap     ] GC(362)      Used:      530M (52%)         754M (74%)         522M (51%)         516M (50%)         760M (74%)         514M (50%)    
[57.871s][info][gc,heap     ] GC(362)      Live:         -               204M (20%)         204M (20%)         204M (20%)            -                  -          
[57.871s][info][gc,heap     ] GC(362) Allocated:         -               224M (22%)         242M (24%)         249M (24%)            -                  -          
[57.871s][info][gc,heap     ] GC(362)   Garbage:         -               325M (32%)          75M (7%)           61M (6%)             -                  -          
[57.871s][info][gc,heap     ] GC(362) Reclaimed:         -                  -               250M (24%)         263M (26%)            -                  -          
[57.871s][info][gc          ] GC(362) Garbage Collection (Allocation Rate) 530M(52%)->516M(50%)
[57.894s][info][gc,start    ] GC(363) Garbage Collection (Allocation Rate)
[57.894s][info][gc,task     ] GC(363) Using 10 workers
[57.894s][info][gc,phases   ] GC(363) Pause Mark Start 0.011ms
[57.956s][info][gc,phases   ] GC(363) Concurrent Mark 62.205ms
[57.956s][info][gc,phases   ] GC(363) Pause Mark End 0.023ms
[57.957s][info][gc,phases   ] GC(363) Concurrent Mark Free 0.001ms
[57.959s][info][gc,phases   ] GC(363) Concurrent Process Non-Strong References 2.029ms
[57.959s][info][gc,phases   ] GC(363) Concurrent Reset Relocation Set 0.002ms
[57.962s][info][gc,phases   ] GC(363) Concurrent Select Relocation Set 3.691ms
[57.962s][info][gc,phases   ] GC(363) Pause Relocate Start 0.007ms
[57.964s][info][gc,phases   ] GC(363) Concurrent Relocate 1.647ms
[57.964s][info][gc,load     ] GC(363) Load: 0.00/0.00/0.00
[57.964s][info][gc,mmu      ] GC(363) MMU: 2ms/96.6%, 5ms/98.6%, 10ms/99.3%, 20ms/99.7%, 50ms/99.8%, 100ms/99.9%
[57.964s][info][gc,marking  ] GC(363) Mark: 8 stripe(s), 2 proactive flush(es), 1 terminate flush(es), 0 completion(s), 0 continuation(s) 
[57.964s][info][gc,marking  ] GC(363) Mark Stack Usage: 32M
[57.964s][info][gc,nmethod  ] GC(363) NMethods: 5665 registered, 1253 unregistered
[57.964s][info][gc,metaspace] GC(363) Metaspace: 59M used, 60M committed, 1088M reserved
[57.964s][info][gc,ref      ] GC(363) Soft: 3045 encountered, 0 discovered, 0 enqueued
[57.964s][info][gc,ref      ] GC(363) Weak: 5971 encountered, 1237 discovered, 0 enqueued
[57.964s][info][gc,ref      ] GC(363) Final: 60 encountered, 1 discovered, 0 enqueued
[57.965s][info][gc,ref      ] GC(363) Phantom: 608 encountered, 478 discovered, 0 enqueued
[57.965s][info][gc,reloc    ] GC(363) Small Pages: 277 / 554M, Empty: 320M, Relocated: 3M, In-Place: 0
[57.965s][info][gc,reloc    ] GC(363) Medium Pages: 1 / 32M, Empty: 0M, Relocated: 0M, In-Place: 0
[57.965s][info][gc,reloc    ] GC(363) Large Pages: 2 / 12M, Empty: 0M, Relocated: 0M, In-Place: 0
[57.965s][info][gc,reloc    ] GC(363) Forwarding Usage: 1M
[57.965s][info][gc,heap     ] GC(363) Min Capacity: 8M(1%)
[57.965s][info][gc,heap     ] GC(363) Max Capacity: 1024M(100%)
[57.965s][info][gc,heap     ] GC(363) Soft Max Capacity: 1024M(100%)
[57.965s][info][gc,heap     ] GC(363)                Mark Start          Mark End        Relocate Start      Relocate End           High               Low         
[57.965s][info][gc,heap     ] GC(363)  Capacity:     1024M (100%)       1024M (100%)       1024M (100%)       1024M (100%)       1024M (100%)       1024M (100%)   
[57.965s][info][gc,heap     ] GC(363)      Free:      426M (42%)         240M (23%)         540M (53%)         546M (53%)         546M (53%)         234M (23%)    
[57.965s][info][gc,heap     ] GC(363)      Used:      598M (58%)         784M (77%)         484M (47%)         478M (47%)         790M (77%)         478M (47%)    
[57.965s][info][gc,heap     ] GC(363)      Live:         -               204M (20%)         204M (20%)         204M (20%)            -                  -          
[57.965s][info][gc,heap     ] GC(363) Allocated:         -               186M (18%)         206M (20%)         211M (21%)            -                  -          
[57.965s][info][gc,heap     ] GC(363)   Garbage:         -               393M (38%)          73M (7%)           61M (6%)             -                  -          
[57.965s][info][gc,heap     ] GC(363) Reclaimed:         -                  -               320M (31%)         331M (32%)            -                  -          
[57.965s][info][gc          ] GC(363) Garbage Collection (Allocation Rate) 598M(58%)->478M(47%)
[58.003s][info][gc,start    ] GC(364) Garbage Collection (Allocation Rate)
[58.003s][info][gc,task     ] GC(364) Using 10 workers
[58.003s][info][gc,phases   ] GC(364) Pause Mark Start 0.012ms
[58.050s][info][gc,phases   ] GC(364) Concurrent Mark 46.487ms
[58.050s][info][gc,phases   ] GC(364) Pause Mark End 0.019ms
[58.050s][info][gc,phases   ] GC(364) Concurrent Mark Free 0.001ms
[58.052s][info][gc,phases   ] GC(364) Concurrent Process Non-Strong References 1.826ms
[58.052s][info][gc,phases   ] GC(364) Concurrent Reset Relocation Set 0.003ms
[58.056s][info][gc,phases   ] GC(364) Concurrent Select Relocation Set 3.691ms
[58.056s][info][gc,phases   ] GC(364) Pause Relocate Start 0.007ms
[58.057s][info][gc,phases   ] GC(364) Concurrent Relocate 1.401ms
[58.058s][info][gc,load     ] GC(364) Load: 0.00/0.00/0.00
[58.058s][info][gc,mmu      ] GC(364) MMU: 2ms/96.6%, 5ms/98.6%, 10ms/99.3%, 20ms/99.7%, 50ms/99.8%, 100ms/99.9%
[58.058s][info][gc,marking  ] GC(364) Mark: 8 stripe(s), 2 proactive flush(es), 1 terminate flush(es), 0 completion(s), 0 continuation(s) 
[58.058s][info][gc,marking  ] GC(364) Mark Stack Usage: 32M
[58.058s][info][gc,nmethod  ] GC(364) NMethods: 5665 registered, 1253 unregistered
[58.058s][info][gc,metaspace] GC(364) Metaspace: 59M used, 60M committed, 1088M reserved
[58.058s][info][gc,ref      ] GC(364) Soft: 3045 encountered, 0 discovered, 0 enqueued
[58.058s][info][gc,ref      ] GC(364) Weak: 5971 encountered, 2019 discovered, 0 enqueued
[58.058s][info][gc,ref      ] GC(364) Final: 60 encountered, 3 discovered, 0 enqueued
[58.058s][info][gc,ref      ] GC(364) Phantom: 608 encountered, 485 discovered, 0 enqueued
[58.058s][info][gc,reloc    ] GC(364) Small Pages: 273 / 546M, Empty: 310M, Relocated: 3M, In-Place: 0
[58.058s][info][gc,reloc    ] GC(364) Medium Pages: 1 / 32M, Empty: 0M, Relocated: 0M, In-Place: 0
[58.058s][info][gc,reloc    ] GC(364) Large Pages: 2 / 12M, Empty: 0M, Relocated: 0M, In-Place: 0
[58.058s][info][gc,reloc    ] GC(364) Forwarding Usage: 1M
[58.058s][info][gc,heap     ] GC(364) Min Capacity: 8M(1%)
[58.058s][info][gc,heap     ] GC(364) Max Capacity: 1024M(100%)
[58.058s][info][gc,heap     ] GC(364) Soft Max Capacity: 1024M(100%)
[58.058s][info][gc,heap     ] GC(364)                Mark Start          Mark End        Relocate Start      Relocate End           High               Low         
[58.058s][info][gc,heap     ] GC(364)  Capacity:     1024M (100%)       1024M (100%)       1024M (100%)       1024M (100%)       1024M (100%)       1024M (100%)   
[58.058s][info][gc,heap     ] GC(364)      Free:      434M (42%)         328M (32%)         618M (60%)         628M (61%)         628M (61%)         320M (31%)    
[58.058s][info][gc,heap     ] GC(364)      Used:      590M (58%)         696M (68%)         406M (40%)         396M (39%)         704M (69%)         396M (39%)    
[58.058s][info][gc,heap     ] GC(364)      Live:         -               204M (20%)         204M (20%)         204M (20%)            -                  -          
[58.058s][info][gc,heap     ] GC(364) Allocated:         -               106M (10%)         126M (12%)         129M (13%)            -                  -          
[58.058s][info][gc,heap     ] GC(364)   Garbage:         -               385M (38%)          75M (7%)           61M (6%)             -                  -          
[58.058s][info][gc,heap     ] GC(364) Reclaimed:         -                  -               310M (30%)         323M (32%)            -                  -          
[58.058s][info][gc          ] GC(364) Garbage Collection (Allocation Rate) 590M(58%)->396M(39%)
[58.097s][info][gc,start    ] GC(365) Garbage Collection (Allocation Rate)
[58.097s][info][gc,task     ] GC(365) Using 10 workers
[58.097s][info][gc,phases   ] GC(365) Pause Mark Start 0.015ms
[58.160s][info][gc,phases   ] GC(365) Concurrent Mark 62.186ms
[58.160s][info][gc,phases   ] GC(365) Pause Mark End 0.022ms
[58.160s][info][gc,phases   ] GC(365) Concurrent Mark Free 0.001ms
[58.162s][info][gc,phases   ] GC(365) Concurrent Process Non-Strong References 1.757ms
[58.162s][info][gc,phases   ] GC(365) Concurrent Reset Relocation Set 0.002ms
[58.165s][info][gc,phases   ] GC(365) Concurrent Select Relocation Set 3.596ms
[58.165s][info][gc,phases   ] GC(365) Pause Relocate Start 0.007ms
[58.167s][info][gc,phases   ] GC(365) Concurrent Relocate 1.898ms
[58.167s][info][gc,load     ] GC(365) Load: 0.00/0.00/0.00
[58.167s][info][gc,mmu      ] GC(365) MMU: 2ms/96.6%, 5ms/98.6%, 10ms/99.3%, 20ms/99.7%, 50ms/99.8%, 100ms/99.9%
[58.167s][info][gc,marking  ] GC(365) Mark: 8 stripe(s), 2 proactive flush(es), 1 terminate flush(es), 0 completion(s), 0 continuation(s) 
[58.167s][info][gc,marking  ] GC(365) Mark Stack Usage: 32M
[58.168s][info][gc,nmethod  ] GC(365) NMethods: 5677 registered, 1253 unregistered
[58.168s][info][gc,metaspace] GC(365) Metaspace: 59M used, 60M committed, 1088M reserved
[58.168s][info][gc,ref      ] GC(365) Soft: 3044 encountered, 0 discovered, 0 enqueued
[58.168s][info][gc,ref      ] GC(365) Weak: 5974 encountered, 2644 discovered, 0 enqueued
[58.168s][info][gc,ref      ] GC(365) Final: 60 encountered, 4 discovered, 0 enqueued
[58.168s][info][gc,ref      ] GC(365) Phantom: 608 encountered, 344 discovered, 0 enqueued
[58.168s][info][gc,reloc    ] GC(365) Small Pages: 228 / 456M, Empty: 218M, Relocated: 3M, In-Place: 0
[58.168s][info][gc,reloc    ] GC(365) Medium Pages: 1 / 32M, Empty: 0M, Relocated: 0M, In-Place: 0
[58.168s][info][gc,reloc    ] GC(365) Large Pages: 2 / 12M, Empty: 0M, Relocated: 0M, In-Place: 0
[58.168s][info][gc,reloc    ] GC(365) Forwarding Usage: 1M
[58.168s][info][gc,heap     ] GC(365) Min Capacity: 8M(1%)
[58.168s][info][gc,heap     ] GC(365) Max Capacity: 1024M(100%)
[58.168s][info][gc,heap     ] GC(365) Soft Max Capacity: 1024M(100%)
[58.168s][info][gc,heap     ] GC(365)                Mark Start          Mark End        Relocate Start      Relocate End           High               Low         
[58.168s][info][gc,heap     ] GC(365)  Capacity:     1024M (100%)       1024M (100%)       1024M (100%)       1024M (100%)       1024M (100%)       1024M (100%)   
[58.168s][info][gc,heap     ] GC(365)      Free:      524M (51%)         496M (48%)         714M (70%)         730M (71%)         730M (71%)         496M (48%)    
[58.168s][info][gc,heap     ] GC(365)      Used:      500M (49%)         528M (52%)         310M (30%)         294M (29%)         528M (52%)         294M (29%)    
[58.168s][info][gc,heap     ] GC(365)      Live:         -               203M (20%)         203M (20%)         203M (20%)            -                  -          
[58.168s][info][gc,heap     ] GC(365) Allocated:         -                28M (3%)           28M (3%)           28M (3%)             -                  -          
[58.168s][info][gc,heap     ] GC(365)   Garbage:         -               296M (29%)          78M (8%)           62M (6%)             -                  -          
[58.168s][info][gc,heap     ] GC(365) Reclaimed:         -                  -               218M (21%)         234M (23%)            -                  -          
[58.168s][info][gc          ] GC(365) Garbage Collection (Allocation Rate) 500M(49%)->294M(29%)
[58.168s][info][gc,start    ] GC(366) Garbage Collection (System.gc())
[58.168s][info][gc,task     ] GC(366) Using 10 workers
[58.168s][info][gc,phases   ] GC(366) Pause Mark Start 0.007ms
[58.222s][info][gc,phases   ] GC(366) Concurrent Mark 53.700ms
[58.222s][info][gc,phases   ] GC(366) Pause Mark End 0.018ms
[58.222s][info][gc,phases   ] GC(366) Concurrent Mark Free 0.001ms
[58.224s][info][gc,phases   ] GC(366) Concurrent Process Non-Strong References 1.849ms
[58.224s][info][gc,phases   ] GC(366) Concurrent Reset Relocation Set 0.003ms
[58.228s][info][gc,phases   ] GC(366) Concurrent Select Relocation Set 3.667ms
[58.228s][info][gc,phases   ] GC(366) Pause Relocate Start 0.008ms
[58.230s][info][gc,phases   ] GC(366) Concurrent Relocate 1.796ms
[58.230s][info][gc,load     ] GC(366) Load: 0.00/0.00/0.00
[58.230s][info][gc,mmu      ] GC(366) MMU: 2ms/96.6%, 5ms/98.6%, 10ms/99.3%, 20ms/99.7%, 50ms/99.8%, 100ms/99.9%
[58.230s][info][gc,marking  ] GC(366) Mark: 8 stripe(s), 1 proactive flush(es), 1 terminate flush(es), 0 completion(s), 0 continuation(s) 
[58.230s][info][gc,marking  ] GC(366) Mark Stack Usage: 32M
[58.230s][info][gc,nmethod  ] GC(366) NMethods: 5675 registered, 1256 unregistered
[58.230s][info][gc,metaspace] GC(366) Metaspace: 59M used, 60M committed, 1088M reserved
[58.230s][info][gc,ref      ] GC(366) Soft: 3043 encountered, 0 discovered, 0 enqueued
[58.230s][info][gc,ref      ] GC(366) Weak: 6032 encountered, 590 discovered, 121 enqueued
[58.230s][info][gc,ref      ] GC(366) Final: 60 encountered, 1 discovered, 0 enqueued
[58.230s][info][gc,ref      ] GC(366) Phantom: 608 encountered, 420 discovered, 0 enqueued
[58.230s][info][gc,reloc    ] GC(366) Small Pages: 122 / 244M, Empty: 14M, Relocated: 3M, In-Place: 0
[58.230s][info][gc,reloc    ] GC(366) Medium Pages: 1 / 32M, Empty: 0M, Relocated: 0M, In-Place: 0
[58.230s][info][gc,reloc    ] GC(366) Large Pages: 3 / 18M, Empty: 6M, Relocated: 0M, In-Place: 0
[58.230s][info][gc,reloc    ] GC(366) Forwarding Usage: 1M
[58.230s][info][gc,heap     ] GC(366) Min Capacity: 8M(1%)
[58.231s][info][gc,heap     ] GC(366) Max Capacity: 1024M(100%)
[58.231s][info][gc,heap     ] GC(366) Soft Max Capacity: 1024M(100%)
[58.231s][info][gc,heap     ] GC(366)                Mark Start          Mark End        Relocate Start      Relocate End           High               Low         
[58.231s][info][gc,heap     ] GC(366)  Capacity:     1024M (100%)       1024M (100%)       1024M (100%)       1024M (100%)       1024M (100%)       1024M (100%)   
[58.231s][info][gc,heap     ] GC(366)      Free:      730M (71%)         728M (71%)         744M (73%)         752M (73%)         752M (73%)         724M (71%)    
[58.231s][info][gc,heap     ] GC(366)      Used:      294M (29%)         296M (29%)         280M (27%)         272M (27%)         300M (29%)         272M (27%)    
[58.231s][info][gc,heap     ] GC(366)      Live:         -               203M (20%)         203M (20%)         203M (20%)            -                  -          
[58.231s][info][gc,heap     ] GC(366) Allocated:         -                 2M (0%)            6M (1%)            6M (1%)             -                  -          
[58.231s][info][gc,heap     ] GC(366)   Garbage:         -                90M (9%)           70M (7%)           62M (6%)             -                  -          
[58.231s][info][gc,heap     ] GC(366) Reclaimed:         -                  -                20M (2%)           28M (3%)             -                  -          
[58.231s][info][gc          ] GC(366) Garbage Collection (System.gc()) 294M(29%)->272M(27%)
[58.394s][info][gc,start    ] GC(367) Garbage Collection (Allocation Rate)
[58.394s][info][gc,task     ] GC(367) Using 7 workers
[58.394s][info][gc,phases   ] GC(367) Pause Mark Start 0.017ms
[58.463s][info][gc,phases   ] GC(367) Concurrent Mark 68.959ms
[58.463s][info][gc,phases   ] GC(367) Pause Mark End 0.030ms
[58.464s][info][gc,phases   ] GC(367) Concurrent Mark Free 0.002ms
[58.466s][info][gc,phases   ] GC(367) Concurrent Process Non-Strong References 2.489ms
[58.466s][info][gc,phases   ] GC(367) Concurrent Reset Relocation Set 0.002ms
[58.472s][info][gc,phases   ] GC(367) Concurrent Select Relocation Set 5.557ms
[58.472s][info][gc,phases   ] GC(367) Pause Relocate Start 0.008ms
[58.475s][info][gc,phases   ] GC(367) Concurrent Relocate 2.668ms
[58.475s][info][gc,load     ] GC(367) Load: 0.00/0.00/0.00
[58.475s][info][gc,mmu      ] GC(367) MMU: 2ms/96.6%, 5ms/98.6%, 10ms/99.3%, 20ms/99.7%, 50ms/99.8%, 100ms/99.9%
[58.475s][info][gc,marking  ] GC(367) Mark: 4 stripe(s), 2 proactive flush(es), 1 terminate flush(es), 0 completion(s), 0 continuation(s) 
[58.475s][info][gc,marking  ] GC(367) Mark Stack Usage: 32M
[58.475s][info][gc,nmethod  ] GC(367) NMethods: 5683 registered, 1260 unregistered
[58.475s][info][gc,metaspace] GC(367) Metaspace: 59M used, 60M committed, 1088M reserved
[58.475s][info][gc,ref      ] GC(367) Soft: 3045 encountered, 0 discovered, 0 enqueued
[58.475s][info][gc,ref      ] GC(367) Weak: 6076 encountered, 495 discovered, 75 enqueued
[58.475s][info][gc,ref      ] GC(367) Final: 60 encountered, 0 discovered, 0 enqueued
[58.475s][info][gc,ref      ] GC(367) Phantom: 608 encountered, 346 discovered, 0 enqueued
[58.475s][info][gc,reloc    ] GC(367) Small Pages: 264 / 528M, Empty: 276M, Relocated: 3M, In-Place: 0
[58.475s][info][gc,reloc    ] GC(367) Medium Pages: 2 / 64M, Empty: 32M, Relocated: 0M, In-Place: 0
[58.475s][info][gc,reloc    ] GC(367) Large Pages: 4 / 24M, Empty: 12M, Relocated: 0M, In-Place: 0
[58.475s][info][gc,reloc    ] GC(367) Forwarding Usage: 1M
[58.475s][info][gc,heap     ] GC(367) Min Capacity: 8M(1%)
[58.475s][info][gc,heap     ] GC(367) Max Capacity: 1024M(100%)
[58.475s][info][gc,heap     ] GC(367) Soft Max Capacity: 1024M(100%)
[58.475s][info][gc,heap     ] GC(367)                Mark Start          Mark End        Relocate Start      Relocate End           High               Low         
[58.475s][info][gc,heap     ] GC(367)  Capacity:     1024M (100%)       1024M (100%)       1024M (100%)       1024M (100%)       1024M (100%)       1024M (100%)   
[58.475s][info][gc,heap     ] GC(367)      Free:      408M (40%)         184M (18%)         472M (46%)         502M (49%)         504M (49%)         176M (17%)    
[58.475s][info][gc,heap     ] GC(367)      Used:      616M (60%)         840M (82%)         552M (54%)         522M (51%)         848M (83%)         520M (51%)    
[58.475s][info][gc,heap     ] GC(367)      Live:         -               204M (20%)         204M (20%)         204M (20%)            -                  -          
[58.475s][info][gc,heap     ] GC(367) Allocated:         -               224M (22%)         256M (25%)         261M (26%)            -                  -          
[58.475s][info][gc,heap     ] GC(367)   Garbage:         -               411M (40%)          91M (9%)           55M (5%)             -                  -          
[58.475s][info][gc,heap     ] GC(367) Reclaimed:         -                  -               320M (31%)         355M (35%)            -                  -          
[58.476s][info][gc          ] GC(367) Garbage Collection (Allocation Rate) 616M(60%)->522M(51%)
[58.495s][info][gc,start    ] GC(368) Garbage Collection (Allocation Rate)
[58.495s][info][gc,task     ] GC(368) Using 7 workers
[58.495s][info][gc,phases   ] GC(368) Pause Mark Start 0.010ms
[58.557s][info][gc,phases   ] GC(368) Concurrent Mark 62.183ms
[58.557s][info][gc,phases   ] GC(368) Pause Mark End 0.018ms
[58.557s][info][gc,phases   ] GC(368) Concurrent Mark Free 0.001ms
[58.560s][info][gc,phases   ] GC(368) Concurrent Process Non-Strong References 2.332ms
[58.560s][info][gc,phases   ] GC(368) Concurrent Reset Relocation Set 0.003ms
[58.563s][info][gc,phases   ] GC(368) Concurrent Select Relocation Set 3.641ms
[58.563s][info][gc,phases   ] GC(368) Pause Relocate Start 0.006ms
[58.566s][info][gc,phases   ] GC(368) Concurrent Relocate 2.773ms
[58.566s][info][gc,load     ] GC(368) Load: 0.00/0.00/0.00
[58.566s][info][gc,mmu      ] GC(368) MMU: 2ms/96.6%, 5ms/98.6%, 10ms/99.3%, 20ms/99.7%, 50ms/99.8%, 100ms/99.9%
[58.566s][info][gc,marking  ] GC(368) Mark: 4 stripe(s), 2 proactive flush(es), 1 terminate flush(es), 0 completion(s), 0 continuation(s) 
[58.566s][info][gc,marking  ] GC(368) Mark Stack Usage: 32M
[58.566s][info][gc,nmethod  ] GC(368) NMethods: 5683 registered, 1260 unregistered
[58.566s][info][gc,metaspace] GC(368) Metaspace: 59M used, 60M committed, 1088M reserved
[58.566s][info][gc,ref      ] GC(368) Soft: 3045 encountered, 0 discovered, 0 enqueued
[58.566s][info][gc,ref      ] GC(368) Weak: 6002 encountered, 390 discovered, 19 enqueued
[58.567s][info][gc,ref      ] GC(368) Final: 60 encountered, 0 discovered, 0 enqueued
[58.567s][info][gc,ref      ] GC(368) Phantom: 608 encountered, 372 discovered, 0 enqueued
[58.567s][info][gc,reloc    ] GC(368) Small Pages: 263 / 526M, Empty: 288M, Relocated: 3M, In-Place: 0
[58.567s][info][gc,reloc    ] GC(368) Medium Pages: 1 / 32M, Empty: 0M, Relocated: 0M, In-Place: 0
[58.567s][info][gc,reloc    ] GC(368) Large Pages: 2 / 12M, Empty: 0M, Relocated: 0M, In-Place: 0
[58.567s][info][gc,reloc    ] GC(368) Forwarding Usage: 1M
[58.567s][info][gc,heap     ] GC(368) Min Capacity: 8M(1%)
[58.567s][info][gc,heap     ] GC(368) Max Capacity: 1024M(100%)
[58.567s][info][gc,heap     ] GC(368) Soft Max Capacity: 1024M(100%)
[58.567s][info][gc,heap     ] GC(368)                Mark Start          Mark End        Relocate Start      Relocate End           High               Low         
[58.567s][info][gc,heap     ] GC(368)  Capacity:     1024M (100%)       1024M (100%)       1024M (100%)       1024M (100%)       1024M (100%)       1024M (100%)   
[58.567s][info][gc,heap     ] GC(368)      Free:      454M (44%)         304M (30%)         576M (56%)         588M (57%)         592M (58%)         296M (29%)    
[58.567s][info][gc,heap     ] GC(368)      Used:      570M (56%)         720M (70%)         448M (44%)         436M (43%)         728M (71%)         432M (42%)    
[58.567s][info][gc,heap     ] GC(368)      Live:         -               204M (20%)         204M (20%)         204M (20%)            -                  -          
[58.567s][info][gc,heap     ] GC(368) Allocated:         -               150M (15%)         166M (16%)         175M (17%)            -                  -          
[58.567s][info][gc,heap     ] GC(368)   Garbage:         -               365M (36%)          77M (8%)           55M (5%)             -                  -          
[58.567s][info][gc,heap     ] GC(368) Reclaimed:         -                  -               288M (28%)         309M (30%)            -                  -          
[58.567s][info][gc          ] GC(368) Garbage Collection (Allocation Rate) 570M(56%)->436M(43%)
[58.604s][info][gc,start    ] GC(369) Garbage Collection (Allocation Rate)
[58.604s][info][gc,task     ] GC(369) Using 7 workers
[58.604s][info][gc,phases   ] GC(369) Pause Mark Start 0.011ms
[58.666s][info][gc,phases   ] GC(369) Concurrent Mark 62.193ms
[58.666s][info][gc,phases   ] GC(369) Pause Mark End 0.019ms
[58.667s][info][gc,phases   ] GC(369) Concurrent Mark Free 0.001ms
[58.669s][info][gc,phases   ] GC(369) Concurrent Process Non-Strong References 2.238ms
[58.669s][info][gc,phases   ] GC(369) Concurrent Reset Relocation Set 0.002ms
[58.671s][info][gc,phases   ] GC(369) Concurrent Select Relocation Set 2.448ms
[58.671s][info][gc,phases   ] GC(369) Pause Relocate Start 0.007ms
[58.674s][info][gc,phases   ] GC(369) Concurrent Relocate 2.762ms
[58.674s][info][gc,load     ] GC(369) Load: 0.00/0.00/0.00
[58.674s][info][gc,mmu      ] GC(369) MMU: 2ms/96.6%, 5ms/98.6%, 10ms/99.3%, 20ms/99.7%, 50ms/99.8%, 100ms/99.9%
[58.674s][info][gc,marking  ] GC(369) Mark: 4 stripe(s), 2 proactive flush(es), 1 terminate flush(es), 0 completion(s), 0 continuation(s) 
[58.674s][info][gc,marking  ] GC(369) Mark Stack Usage: 32M
[58.674s][info][gc,nmethod  ] GC(369) NMethods: 5683 registered, 1260 unregistered
[58.674s][info][gc,metaspace] GC(369) Metaspace: 59M used, 60M committed, 1088M reserved
[58.674s][info][gc,ref      ] GC(369) Soft: 3045 encountered, 0 discovered, 0 enqueued
[58.674s][info][gc,ref      ] GC(369) Weak: 5983 encountered, 2174 discovered, 0 enqueued
[58.674s][info][gc,ref      ] GC(369) Final: 60 encountered, 0 discovered, 0 enqueued
[58.674s][info][gc,ref      ] GC(369) Phantom: 608 encountered, 423 discovered, 0 enqueued
[58.674s][info][gc,reloc    ] GC(369) Small Pages: 262 / 524M, Empty: 296M, Relocated: 3M, In-Place: 0
[58.674s][info][gc,reloc    ] GC(369) Medium Pages: 1 / 32M, Empty: 0M, Relocated: 0M, In-Place: 0
[58.674s][info][gc,reloc    ] GC(369) Large Pages: 2 / 12M, Empty: 0M, Relocated: 0M, In-Place: 0
[58.674s][info][gc,reloc    ] GC(369) Forwarding Usage: 1M
[58.674s][info][gc,heap     ] GC(369) Min Capacity: 8M(1%)
[58.674s][info][gc,heap     ] GC(369) Max Capacity: 1024M(100%)
[58.674s][info][gc,heap     ] GC(369) Soft Max Capacity: 1024M(100%)
[58.674s][info][gc,heap     ] GC(369)                Mark Start          Mark End        Relocate Start      Relocate End           High               Low         
[58.674s][info][gc,heap     ] GC(369)  Capacity:     1024M (100%)       1024M (100%)       1024M (100%)       1024M (100%)       1024M (100%)       1024M (100%)   
[58.674s][info][gc,heap     ] GC(369)      Free:      456M (45%)         264M (26%)         548M (54%)         552M (54%)         554M (54%)         258M (25%)    
[58.674s][info][gc,heap     ] GC(369)      Used:      568M (55%)         760M (74%)         476M (46%)         472M (46%)         766M (75%)         470M (46%)    
[58.675s][info][gc,heap     ] GC(369)      Live:         -               204M (20%)         204M (20%)         204M (20%)            -                  -          
[58.675s][info][gc,heap     ] GC(369) Allocated:         -               192M (19%)         204M (20%)         211M (21%)            -                  -          
[58.675s][info][gc,heap     ] GC(369)   Garbage:         -               363M (36%)          67M (7%)           55M (5%)             -                  -          
[58.675s][info][gc,heap     ] GC(369) Reclaimed:         -                  -               296M (29%)         307M (30%)            -                  -          
[58.675s][info][gc          ] GC(369) Garbage Collection (Allocation Rate) 568M(55%)->472M(46%)
[58.698s][info][gc,start    ] GC(370) Garbage Collection (Allocation Rate)
[58.698s][info][gc,task     ] GC(370) Using 7 workers
[58.698s][info][gc,phases   ] GC(370) Pause Mark Start 0.009ms
[58.760s][info][gc,phases   ] GC(370) Concurrent Mark 62.317ms
[58.760s][info][gc,phases   ] GC(370) Pause Mark End 0.024ms
[58.760s][info][gc,phases   ] GC(370) Concurrent Mark Free 0.001ms
[58.763s][info][gc,phases   ] GC(370) Concurrent Process Non-Strong References 2.367ms
[58.763s][info][gc,phases   ] GC(370) Concurrent Reset Relocation Set 0.002ms
[58.766s][info][gc,phases   ] GC(370) Concurrent Select Relocation Set 3.687ms
[58.767s][info][gc,phases   ] GC(370) Pause Relocate Start 0.006ms
[58.769s][info][gc,phases   ] GC(370) Concurrent Relocate 2.640ms
[58.769s][info][gc,load     ] GC(370) Load: 0.00/0.00/0.00
[58.769s][info][gc,mmu      ] GC(370) MMU: 2ms/96.6%, 5ms/98.6%, 10ms/99.3%, 20ms/99.7%, 50ms/99.8%, 100ms/99.9%
[58.769s][info][gc,marking  ] GC(370) Mark: 4 stripe(s), 2 proactive flush(es), 1 terminate flush(es), 0 completion(s), 0 continuation(s) 
[58.769s][info][gc,marking  ] GC(370) Mark Stack Usage: 32M
[58.769s][info][gc,nmethod  ] GC(370) NMethods: 5683 registered, 1260 unregistered
[58.769s][info][gc,metaspace] GC(370) Metaspace: 59M used, 60M committed, 1088M reserved
[58.769s][info][gc,ref      ] GC(370) Soft: 3045 encountered, 0 discovered, 0 enqueued
[58.770s][info][gc,ref      ] GC(370) Weak: 5983 encountered, 3090 discovered, 0 enqueued
[58.770s][info][gc,ref      ] GC(370) Final: 60 encountered, 0 discovered, 0 enqueued
[58.770s][info][gc,ref      ] GC(370) Phantom: 608 encountered, 393 discovered, 0 enqueued
[58.770s][info][gc,reloc    ] GC(370) Small Pages: 247 / 494M, Empty: 264M, Relocated: 3M, In-Place: 0
[58.770s][info][gc,reloc    ] GC(370) Medium Pages: 1 / 32M, Empty: 0M, Relocated: 0M, In-Place: 0
[58.770s][info][gc,reloc    ] GC(370) Large Pages: 2 / 12M, Empty: 0M, Relocated: 0M, In-Place: 0
[58.770s][info][gc,reloc    ] GC(370) Forwarding Usage: 1M
[58.770s][info][gc,heap     ] GC(370) Min Capacity: 8M(1%)
[58.770s][info][gc,heap     ] GC(370) Max Capacity: 1024M(100%)
[58.770s][info][gc,heap     ] GC(370) Soft Max Capacity: 1024M(100%)
[58.770s][info][gc,heap     ] GC(370)                Mark Start          Mark End        Relocate Start      Relocate End           High               Low         
[58.770s][info][gc,heap     ] GC(370)  Capacity:     1024M (100%)       1024M (100%)       1024M (100%)       1024M (100%)       1024M (100%)       1024M (100%)   
[58.770s][info][gc,heap     ] GC(370)      Free:      486M (47%)         264M (26%)         506M (49%)         510M (50%)         514M (50%)         254M (25%)    
[58.770s][info][gc,heap     ] GC(370)      Used:      538M (53%)         760M (74%)         518M (51%)         514M (50%)         770M (75%)         510M (50%)    
[58.770s][info][gc,heap     ] GC(370)      Live:         -               204M (20%)         204M (20%)         204M (20%)            -                  -          
[58.770s][info][gc,heap     ] GC(370) Allocated:         -               222M (22%)         244M (24%)         253M (25%)            -                  -          
[58.770s][info][gc,heap     ] GC(370)   Garbage:         -               333M (33%)          69M (7%)           55M (5%)             -                  -          
[58.770s][info][gc,heap     ] GC(370) Reclaimed:         -                  -               264M (26%)         277M (27%)            -                  -          
[58.770s][info][gc          ] GC(370) Garbage Collection (Allocation Rate) 538M(53%)->514M(50%)
[58.807s][info][gc,start    ] GC(371) Garbage Collection (Allocation Rate)
[58.807s][info][gc,task     ] GC(371) Using 7 workers
[58.807s][info][gc,phases   ] GC(371) Pause Mark Start 0.013ms
[58.885s][info][gc,phases   ] GC(371) Concurrent Mark 77.789ms
[58.885s][info][gc,phases   ] GC(371) Pause Mark End 0.031ms
[58.885s][info][gc,phases   ] GC(371) Concurrent Mark Free 0.001ms
[58.888s][info][gc,phases   ] GC(371) Concurrent Process Non-Strong References 2.782ms
[58.888s][info][gc,phases   ] GC(371) Concurrent Reset Relocation Set 0.003ms
[58.892s][info][gc,phases   ] GC(371) Concurrent Select Relocation Set 3.683ms
[58.892s][info][gc,phases   ] GC(371) Pause Relocate Start 0.008ms
[58.894s][info][gc,phases   ] GC(371) Concurrent Relocate 2.234ms
[58.894s][info][gc,load     ] GC(371) Load: 0.00/0.00/0.00
[58.894s][info][gc,mmu      ] GC(371) MMU: 2ms/96.6%, 5ms/98.6%, 10ms/99.3%, 20ms/99.7%, 50ms/99.8%, 100ms/99.9%
[58.894s][info][gc,marking  ] GC(371) Mark: 4 stripe(s), 3 proactive flush(es), 1 terminate flush(es), 0 completion(s), 0 continuation(s) 
[58.894s][info][gc,marking  ] GC(371) Mark Stack Usage: 32M
[58.894s][info][gc,nmethod  ] GC(371) NMethods: 5683 registered, 1260 unregistered
[58.895s][info][gc,metaspace] GC(371) Metaspace: 59M used, 60M committed, 1088M reserved
[58.895s][info][gc,ref      ] GC(371) Soft: 3045 encountered, 0 discovered, 0 enqueued
[58.895s][info][gc,ref      ] GC(371) Weak: 5983 encountered, 1733 discovered, 0 enqueued
[58.895s][info][gc,ref      ] GC(371) Final: 60 encountered, 1 discovered, 0 enqueued
[58.895s][info][gc,ref      ] GC(371) Phantom: 608 encountered, 379 discovered, 0 enqueued
[58.895s][info][gc,reloc    ] GC(371) Small Pages: 301 / 602M, Empty: 372M, Relocated: 3M, In-Place: 0
[58.895s][info][gc,reloc    ] GC(371) Medium Pages: 1 / 32M, Empty: 0M, Relocated: 0M, In-Place: 0
[58.895s][info][gc,reloc    ] GC(371) Large Pages: 2 / 12M, Empty: 0M, Relocated: 0M, In-Place: 0
[58.895s][info][gc,reloc    ] GC(371) Forwarding Usage: 1M
[58.895s][info][gc,heap     ] GC(371) Min Capacity: 8M(1%)
[58.895s][info][gc,heap     ] GC(371) Max Capacity: 1024M(100%)
[58.895s][info][gc,heap     ] GC(371) Soft Max Capacity: 1024M(100%)
[58.895s][info][gc,heap     ] GC(371)                Mark Start          Mark End        Relocate Start      Relocate End           High               Low         
[58.895s][info][gc,heap     ] GC(371)  Capacity:     1024M (100%)       1024M (100%)       1024M (100%)       1024M (100%)       1024M (100%)       1024M (100%)   
[58.895s][info][gc,heap     ] GC(371)      Free:      378M (37%)         112M (11%)         460M (45%)         466M (46%)         466M (46%)         100M (10%)    
[58.895s][info][gc,heap     ] GC(371)      Used:      646M (63%)         912M (89%)         564M (55%)         558M (54%)         924M (90%)         558M (54%)    
[58.895s][info][gc,heap     ] GC(371)      Live:         -               204M (20%)         204M (20%)         204M (20%)            -                  -          
[58.895s][info][gc,heap     ] GC(371) Allocated:         -               266M (26%)         290M (28%)         297M (29%)            -                  -          
[58.895s][info][gc,heap     ] GC(371)   Garbage:         -               441M (43%)          69M (7%)           55M (5%)             -                  -          
[58.895s][info][gc,heap     ] GC(371) Reclaimed:         -                  -               372M (36%)         385M (38%)            -                  -          
[58.895s][info][gc          ] GC(371) Garbage Collection (Allocation Rate) 646M(63%)->558M(54%)
[58.901s][info][gc,start    ] GC(372) Garbage Collection (Allocation Rate)
[58.901s][info][gc,task     ] GC(372) Using 7 workers
[58.901s][info][gc,phases   ] GC(372) Pause Mark Start 0.010ms
[58.979s][info][gc,phases   ] GC(372) Concurrent Mark 77.843ms
[58.979s][info][gc,phases   ] GC(372) Pause Mark End 0.029ms
[58.979s][info][gc,phases   ] GC(372) Concurrent Mark Free 0.001ms
[58.981s][info][gc,phases   ] GC(372) Concurrent Process Non-Strong References 2.446ms
[58.982s][info][gc,phases   ] GC(372) Concurrent Reset Relocation Set 0.002ms
[58.985s][info][gc,phases   ] GC(372) Concurrent Select Relocation Set 3.648ms
[58.985s][info][gc,phases   ] GC(372) Pause Relocate Start 0.007ms
[58.987s][info][gc,phases   ] GC(372) Concurrent Relocate 2.012ms
[58.987s][info][gc,load     ] GC(372) Load: 0.00/0.00/0.00
[58.987s][info][gc,mmu      ] GC(372) MMU: 2ms/96.6%, 5ms/98.6%, 10ms/99.3%, 20ms/99.7%, 50ms/99.8%, 100ms/99.9%
[58.988s][info][gc,marking  ] GC(372) Mark: 4 stripe(s), 2 proactive flush(es), 1 terminate flush(es), 0 completion(s), 0 continuation(s) 
[58.988s][info][gc,marking  ] GC(372) Mark Stack Usage: 32M
[58.988s][info][gc,nmethod  ] GC(372) NMethods: 5683 registered, 1260 unregistered
[58.988s][info][gc,metaspace] GC(372) Metaspace: 59M used, 60M committed, 1088M reserved
[58.988s][info][gc,ref      ] GC(372) Soft: 3045 encountered, 0 discovered, 0 enqueued
[58.988s][info][gc,ref      ] GC(372) Weak: 5983 encountered, 404 discovered, 0 enqueued
[58.988s][info][gc,ref      ] GC(372) Final: 60 encountered, 0 discovered, 0 enqueued
[58.988s][info][gc,ref      ] GC(372) Phantom: 608 encountered, 384 discovered, 0 enqueued
[58.988s][info][gc,reloc    ] GC(372) Small Pages: 269 / 538M, Empty: 310M, Relocated: 3M, In-Place: 0
[58.988s][info][gc,reloc    ] GC(372) Medium Pages: 1 / 32M, Empty: 0M, Relocated: 0M, In-Place: 0
[58.988s][info][gc,reloc    ] GC(372) Large Pages: 2 / 12M, Empty: 0M, Relocated: 0M, In-Place: 0
[58.988s][info][gc,reloc    ] GC(372) Forwarding Usage: 1M
[58.988s][info][gc,heap     ] GC(372) Min Capacity: 8M(1%)
[58.988s][info][gc,heap     ] GC(372) Max Capacity: 1024M(100%)
[58.988s][info][gc,heap     ] GC(372) Soft Max Capacity: 1024M(100%)
[58.988s][info][gc,heap     ] GC(372)                Mark Start          Mark End        Relocate Start      Relocate End           High               Low         
[58.988s][info][gc,heap     ] GC(372)  Capacity:     1024M (100%)       1024M (100%)       1024M (100%)       1024M (100%)       1024M (100%)       1024M (100%)   
[58.988s][info][gc,heap     ] GC(372)      Free:      442M (43%)         184M (18%)         488M (48%)         496M (48%)         496M (48%)         180M (18%)    
[58.988s][info][gc,heap     ] GC(372)      Used:      582M (57%)         840M (82%)         536M (52%)         528M (52%)         844M (82%)         528M (52%)    
[58.988s][info][gc,heap     ] GC(372)      Live:         -               204M (20%)         204M (20%)         204M (20%)            -                  -          
[58.988s][info][gc,heap     ] GC(372) Allocated:         -               258M (25%)         264M (26%)         267M (26%)            -                  -          
[58.988s][info][gc,heap     ] GC(372)   Garbage:         -               377M (37%)          67M (7%)           55M (5%)             -                  -          
[58.988s][info][gc,heap     ] GC(372) Reclaimed:         -                  -               310M (30%)         321M (31%)            -                  -          
[58.988s][info][gc          ] GC(372) Garbage Collection (Allocation Rate) 582M(57%)->528M(52%)
[58.994s][info][gc,start    ] GC(373) Garbage Collection (Allocation Rate)
[58.994s][info][gc,task     ] GC(373) Using 7 workers
[58.995s][info][gc,phases   ] GC(373) Pause Mark Start 0.011ms
[59.056s][info][gc,phases   ] GC(373) Concurrent Mark 61.255ms
[59.056s][info][gc,phases   ] GC(373) Pause Mark End 0.028ms
[59.056s][info][gc,phases   ] GC(373) Concurrent Mark Free 0.001ms
[59.058s][info][gc,phases   ] GC(373) Concurrent Process Non-Strong References 2.144ms
[59.059s][info][gc,phases   ] GC(373) Concurrent Reset Relocation Set 0.002ms
[59.064s][info][gc,phases   ] GC(373) Concurrent Select Relocation Set 5.442ms
[59.064s][info][gc,phases   ] GC(373) Pause Relocate Start 0.007ms
[59.066s][info][gc,phases   ] GC(373) Concurrent Relocate 2.159ms
[59.066s][info][gc,load     ] GC(373) Load: 0.00/0.00/0.00
[59.066s][info][gc,mmu      ] GC(373) MMU: 2ms/96.6%, 5ms/98.6%, 10ms/99.3%, 20ms/99.7%, 50ms/99.8%, 100ms/99.9%
[59.066s][info][gc,marking  ] GC(373) Mark: 4 stripe(s), 2 proactive flush(es), 1 terminate flush(es), 0 completion(s), 0 continuation(s) 
[59.066s][info][gc,marking  ] GC(373) Mark Stack Usage: 32M
[59.066s][info][gc,nmethod  ] GC(373) NMethods: 5693 registered, 1260 unregistered
[59.067s][info][gc,metaspace] GC(373) Metaspace: 59M used, 60M committed, 1088M reserved
[59.067s][info][gc,ref      ] GC(373) Soft: 3044 encountered, 0 discovered, 0 enqueued
[59.067s][info][gc,ref      ] GC(373) Weak: 5985 encountered, 1232 discovered, 0 enqueued
[59.067s][info][gc,ref      ] GC(373) Final: 60 encountered, 0 discovered, 0 enqueued
[59.067s][info][gc,ref      ] GC(373) Phantom: 608 encountered, 362 discovered, 0 enqueued
[59.067s][info][gc,reloc    ] GC(373) Small Pages: 248 / 496M, Empty: 262M, Relocated: 3M, In-Place: 0
[59.067s][info][gc,reloc    ] GC(373) Medium Pages: 1 / 32M, Empty: 0M, Relocated: 0M, In-Place: 0
[59.067s][info][gc,reloc    ] GC(373) Large Pages: 2 / 12M, Empty: 0M, Relocated: 0M, In-Place: 0
[59.067s][info][gc,reloc    ] GC(373) Forwarding Usage: 1M
[59.067s][info][gc,heap     ] GC(373) Min Capacity: 8M(1%)
[59.067s][info][gc,heap     ] GC(373) Max Capacity: 1024M(100%)
[59.067s][info][gc,heap     ] GC(373) Soft Max Capacity: 1024M(100%)
[59.067s][info][gc,heap     ] GC(373)                Mark Start          Mark End        Relocate Start      Relocate End           High               Low         
[59.067s][info][gc,heap     ] GC(373)  Capacity:     1024M (100%)       1024M (100%)       1024M (100%)       1024M (100%)       1024M (100%)       1024M (100%)   
[59.067s][info][gc,heap     ] GC(373)      Free:      484M (47%)         442M (43%)         704M (69%)         722M (71%)         722M (71%)         442M (43%)    
[59.067s][info][gc,heap     ] GC(373)      Used:      540M (53%)         582M (57%)         320M (31%)         302M (29%)         582M (57%)         302M (29%)    
[59.067s][info][gc,heap     ] GC(373)      Live:         -               203M (20%)         203M (20%)         203M (20%)            -                  -          
[59.067s][info][gc,heap     ] GC(373) Allocated:         -                42M (4%)           42M (4%)           42M (4%)             -                  -          
[59.067s][info][gc,heap     ] GC(373)   Garbage:         -               336M (33%)          74M (7%)           56M (5%)             -                  -          
[59.067s][info][gc,heap     ] GC(373) Reclaimed:         -                  -               262M (26%)         280M (27%)            -                  -          
[59.067s][info][gc          ] GC(373) Garbage Collection (Allocation Rate) 540M(53%)->302M(29%)
[59.067s][info][gc,start    ] GC(374) Garbage Collection (System.gc())
[59.067s][info][gc,task     ] GC(374) Using 10 workers
[59.067s][info][gc,phases   ] GC(374) Pause Mark Start 0.014ms
[59.118s][info][gc,phases   ] GC(374) Concurrent Mark 51.037ms
[59.119s][info][gc,phases   ] GC(374) Pause Mark End 0.019ms
[59.119s][info][gc,phases   ] GC(374) Concurrent Mark Free 0.001ms
[59.120s][info][gc,phases   ] GC(374) Concurrent Process Non-Strong References 1.695ms
[59.120s][info][gc,phases   ] GC(374) Concurrent Reset Relocation Set 0.002ms
[59.124s][info][gc,phases   ] GC(374) Concurrent Select Relocation Set 3.614ms
[59.124s][info][gc,phases   ] GC(374) Pause Relocate Start 0.009ms
[59.126s][info][gc,phases   ] GC(374) Concurrent Relocate 2.122ms
[59.126s][info][gc,load     ] GC(374) Load: 0.00/0.00/0.00
[59.126s][info][gc,mmu      ] GC(374) MMU: 2ms/96.6%, 5ms/98.6%, 10ms/99.3%, 20ms/99.7%, 50ms/99.8%, 100ms/99.9%
[59.127s][info][gc,marking  ] GC(374) Mark: 8 stripe(s), 3 proactive flush(es), 1 terminate flush(es), 0 completion(s), 0 continuation(s) 
[59.127s][info][gc,marking  ] GC(374) Mark Stack Usage: 32M
[59.127s][info][gc,nmethod  ] GC(374) NMethods: 5690 registered, 1264 unregistered
[59.127s][info][gc,metaspace] GC(374) Metaspace: 59M used, 60M committed, 1088M reserved
[59.127s][info][gc,ref      ] GC(374) Soft: 3043 encountered, 0 discovered, 0 enqueued
[59.127s][info][gc,ref      ] GC(374) Weak: 6048 encountered, 1792 discovered, 118 enqueued
[59.127s][info][gc,ref      ] GC(374) Final: 60 encountered, 0 discovered, 0 enqueued
[59.127s][info][gc,ref      ] GC(374) Phantom: 608 encountered, 369 discovered, 0 enqueued
[59.127s][info][gc,reloc    ] GC(374) Small Pages: 126 / 252M, Empty: 26M, Relocated: 3M, In-Place: 0
[59.127s][info][gc,reloc    ] GC(374) Medium Pages: 1 / 32M, Empty: 0M, Relocated: 0M, In-Place: 0
[59.127s][info][gc,reloc    ] GC(374) Large Pages: 3 / 18M, Empty: 6M, Relocated: 0M, In-Place: 0
[59.127s][info][gc,reloc    ] GC(374) Forwarding Usage: 1M
[59.127s][info][gc,heap     ] GC(374) Min Capacity: 8M(1%)
[59.127s][info][gc,heap     ] GC(374) Max Capacity: 1024M(100%)
[59.127s][info][gc,heap     ] GC(374) Soft Max Capacity: 1024M(100%)
[59.127s][info][gc,heap     ] GC(374)                Mark Start          Mark End        Relocate Start      Relocate End           High               Low         
[59.127s][info][gc,heap     ] GC(374)  Capacity:     1024M (100%)       1024M (100%)       1024M (100%)       1024M (100%)       1024M (100%)       1024M (100%)   
[59.127s][info][gc,heap     ] GC(374)      Free:      722M (71%)         718M (70%)         746M (73%)         750M (73%)         750M (73%)         714M (70%)    
[59.127s][info][gc,heap     ] GC(374)      Used:      302M (29%)         306M (30%)         278M (27%)         274M (27%)         310M (30%)         274M (27%)    
[59.127s][info][gc,heap     ] GC(374)      Live:         -               203M (20%)         203M (20%)         203M (20%)            -                  -          
[59.127s][info][gc,heap     ] GC(374) Allocated:         -                 4M (0%)            8M (1%)            8M (1%)             -                  -          
[59.127s][info][gc,heap     ] GC(374)   Garbage:         -                98M (10%)          66M (6%)           62M (6%)             -                  -          
[59.127s][info][gc,heap     ] GC(374) Reclaimed:         -                  -                32M (3%)           36M (4%)             -                  -          
[59.127s][info][gc          ] GC(374) Garbage Collection (System.gc()) 302M(29%)->274M(27%)
[59.306s][info][gc,start    ] GC(375) Garbage Collection (Allocation Rate)
[59.306s][info][gc,task     ] GC(375) Using 8 workers
[59.306s][info][gc,phases   ] GC(375) Pause Mark Start 0.016ms
[59.368s][info][gc,phases   ] GC(375) Concurrent Mark 62.068ms
[59.369s][info][gc,phases   ] GC(375) Pause Mark End 0.020ms
[59.369s][info][gc,phases   ] GC(375) Concurrent Mark Free 0.001ms
[59.371s][info][gc,phases   ] GC(375) Concurrent Process Non-Strong References 1.932ms
[59.371s][info][gc,phases   ] GC(375) Concurrent Reset Relocation Set 0.002ms
[59.377s][info][gc,phases   ] GC(375) Concurrent Select Relocation Set 6.288ms
[59.377s][info][gc,phases   ] GC(375) Pause Relocate Start 0.008ms
[59.380s][info][gc,phases   ] GC(375) Concurrent Relocate 2.714ms
[59.380s][info][gc,load     ] GC(375) Load: 0.00/0.00/0.00
[59.380s][info][gc,mmu      ] GC(375) MMU: 2ms/96.6%, 5ms/98.6%, 10ms/99.3%, 20ms/99.7%, 50ms/99.8%, 100ms/99.9%
[59.380s][info][gc,marking  ] GC(375) Mark: 8 stripe(s), 2 proactive flush(es), 1 terminate flush(es), 0 completion(s), 0 continuation(s) 
[59.380s][info][gc,marking  ] GC(375) Mark Stack Usage: 32M
[59.380s][info][gc,nmethod  ] GC(375) NMethods: 5715 registered, 1265 unregistered
[59.380s][info][gc,metaspace] GC(375) Metaspace: 59M used, 60M committed, 1088M reserved
[59.380s][info][gc,ref      ] GC(375) Soft: 3045 encountered, 0 discovered, 0 enqueued
[59.380s][info][gc,ref      ] GC(375) Weak: 6063 encountered, 578 discovered, 74 enqueued
[59.380s][info][gc,ref      ] GC(375) Final: 60 encountered, 17 discovered, 0 enqueued
[59.380s][info][gc,ref      ] GC(375) Phantom: 608 encountered, 447 discovered, 0 enqueued
[59.380s][info][gc,reloc    ] GC(375) Small Pages: 296 / 592M, Empty: 336M, Relocated: 4M, In-Place: 0
[59.380s][info][gc,reloc    ] GC(375) Medium Pages: 2 / 64M, Empty: 32M, Relocated: 0M, In-Place: 0
[59.380s][info][gc,reloc    ] GC(375) Large Pages: 4 / 24M, Empty: 12M, Relocated: 0M, In-Place: 0
[59.380s][info][gc,reloc    ] GC(375) Forwarding Usage: 2M
[59.380s][info][gc,heap     ] GC(375) Min Capacity: 8M(1%)
[59.380s][info][gc,heap     ] GC(375) Max Capacity: 1024M(100%)
[59.380s][info][gc,heap     ] GC(375) Soft Max Capacity: 1024M(100%)
[59.380s][info][gc,heap     ] GC(375)                Mark Start          Mark End        Relocate Start      Relocate End           High               Low         
[59.380s][info][gc,heap     ] GC(375)  Capacity:     1024M (100%)       1024M (100%)       1024M (100%)       1024M (100%)       1024M (100%)       1024M (100%)   
[59.380s][info][gc,heap     ] GC(375)      Free:      344M (34%)         158M (15%)         514M (50%)         548M (54%)         548M (54%)         152M (15%)    
[59.381s][info][gc,heap     ] GC(375)      Used:      680M (66%)         866M (85%)         510M (50%)         476M (46%)         872M (85%)         476M (46%)    
[59.381s][info][gc,heap     ] GC(375)      Live:         -               204M (20%)         204M (20%)         204M (20%)            -                  -          
[59.381s][info][gc,heap     ] GC(375) Allocated:         -               186M (18%)         210M (21%)         215M (21%)            -                  -          
[59.381s][info][gc,heap     ] GC(375)   Garbage:         -               475M (46%)          95M (9%)           55M (5%)             -                  -          
[59.381s][info][gc,heap     ] GC(375) Reclaimed:         -                  -               380M (37%)         419M (41%)            -                  -          
[59.381s][info][gc          ] GC(375) Garbage Collection (Allocation Rate) 680M(66%)->476M(46%)
[59.400s][info][gc,start    ] GC(376) Garbage Collection (Allocation Rate)
[59.400s][info][gc,task     ] GC(376) Using 8 workers
[59.400s][info][gc,phases   ] GC(376) Pause Mark Start 0.011ms
[59.462s][info][gc,phases   ] GC(376) Concurrent Mark 62.195ms
[59.462s][info][gc,phases   ] GC(376) Pause Mark End 0.025ms
[59.462s][info][gc,phases   ] GC(376) Concurrent Mark Free 0.001ms
[59.465s][info][gc,phases   ] GC(376) Concurrent Process Non-Strong References 2.230ms
[59.465s][info][gc,phases   ] GC(376) Concurrent Reset Relocation Set 0.004ms
[59.469s][info][gc,phases   ] GC(376) Concurrent Select Relocation Set 3.925ms
[59.469s][info][gc,phases   ] GC(376) Pause Relocate Start 0.007ms
[59.470s][info][gc,phases   ] GC(376) Concurrent Relocate 1.646ms
[59.470s][info][gc,load     ] GC(376) Load: 0.00/0.00/0.00
[59.470s][info][gc,mmu      ] GC(376) MMU: 2ms/96.6%, 5ms/98.6%, 10ms/99.3%, 20ms/99.7%, 50ms/99.8%, 100ms/99.9%
[59.471s][info][gc,marking  ] GC(376) Mark: 8 stripe(s), 2 proactive flush(es), 1 terminate flush(es), 0 completion(s), 0 continuation(s) 
[59.471s][info][gc,marking  ] GC(376) Mark Stack Usage: 32M
[59.471s][info][gc,nmethod  ] GC(376) NMethods: 5714 registered, 1266 unregistered
[59.471s][info][gc,metaspace] GC(376) Metaspace: 59M used, 60M committed, 1088M reserved
[59.471s][info][gc,ref      ] GC(376) Soft: 3045 encountered, 0 discovered, 0 enqueued
[59.471s][info][gc,ref      ] GC(376) Weak: 5988 encountered, 1790 discovered, 14 enqueued
[59.471s][info][gc,ref      ] GC(376) Final: 60 encountered, 0 discovered, 0 enqueued
[59.471s][info][gc,ref      ] GC(376) Phantom: 608 encountered, 373 discovered, 0 enqueued
[59.471s][info][gc,reloc    ] GC(376) Small Pages: 245 / 490M, Empty: 254M, Relocated: 3M, In-Place: 0
[59.471s][info][gc,reloc    ] GC(376) Medium Pages: 1 / 32M, Empty: 0M, Relocated: 0M, In-Place: 0
[59.471s][info][gc,reloc    ] GC(376) Large Pages: 2 / 12M, Empty: 0M, Relocated: 0M, In-Place: 0
[59.471s][info][gc,reloc    ] GC(376) Forwarding Usage: 1M
[59.471s][info][gc,heap     ] GC(376) Min Capacity: 8M(1%)
[59.471s][info][gc,heap     ] GC(376) Max Capacity: 1024M(100%)
[59.471s][info][gc,heap     ] GC(376) Soft Max Capacity: 1024M(100%)
[59.471s][info][gc,heap     ] GC(376)                Mark Start          Mark End        Relocate Start      Relocate End           High               Low         
[59.471s][info][gc,heap     ] GC(376)  Capacity:     1024M (100%)       1024M (100%)       1024M (100%)       1024M (100%)       1024M (100%)       1024M (100%)   
[59.471s][info][gc,heap     ] GC(376)      Free:      490M (48%)         278M (27%)         508M (50%)         520M (51%)         520M (51%)         268M (26%)    
[59.471s][info][gc,heap     ] GC(376)      Used:      534M (52%)         746M (73%)         516M (50%)         504M (49%)         756M (74%)         504M (49%)    
[59.471s][info][gc,heap     ] GC(376)      Live:         -               204M (20%)         204M (20%)         204M (20%)            -                  -          
[59.471s][info][gc,heap     ] GC(376) Allocated:         -               212M (21%)         236M (23%)         241M (24%)            -                  -          
[59.471s][info][gc,heap     ] GC(376)   Garbage:         -               329M (32%)          75M (7%)           57M (6%)             -                  -          
[59.471s][info][gc,heap     ] GC(376) Reclaimed:         -                  -               254M (25%)         271M (27%)            -                  -          
[59.471s][info][gc          ] GC(376) Garbage Collection (Allocation Rate) 534M(52%)->504M(49%)
[59.493s][info][gc,start    ] GC(377) Garbage Collection (Allocation Rate)
[59.493s][info][gc,task     ] GC(377) Using 8 workers
[59.494s][info][gc,phases   ] GC(377) Pause Mark Start 0.010ms
[59.556s][info][gc,phases   ] GC(377) Concurrent Mark 62.250ms
[59.556s][info][gc,phases   ] GC(377) Pause Mark End 0.021ms
[59.556s][info][gc,phases   ] GC(377) Concurrent Mark Free 0.001ms
[59.558s][info][gc,phases   ] GC(377) Concurrent Process Non-Strong References 2.216ms
[59.558s][info][gc,phases   ] GC(377) Concurrent Reset Relocation Set 0.002ms
[59.564s][info][gc,phases   ] GC(377) Concurrent Select Relocation Set 5.681ms
[59.564s][info][gc,phases   ] GC(377) Pause Relocate Start 0.008ms
[59.567s][info][gc,phases   ] GC(377) Concurrent Relocate 2.844ms
[59.567s][info][gc,load     ] GC(377) Load: 0.00/0.00/0.00
[59.567s][info][gc,mmu      ] GC(377) MMU: 2ms/96.6%, 5ms/98.6%, 10ms/99.3%, 20ms/99.7%, 50ms/99.8%, 100ms/99.9%
[59.567s][info][gc,marking  ] GC(377) Mark: 8 stripe(s), 2 proactive flush(es), 1 terminate flush(es), 0 completion(s), 0 continuation(s) 
[59.567s][info][gc,marking  ] GC(377) Mark Stack Usage: 32M
[59.567s][info][gc,nmethod  ] GC(377) NMethods: 5714 registered, 1266 unregistered
[59.567s][info][gc,metaspace] GC(377) Metaspace: 59M used, 60M committed, 1088M reserved
[59.567s][info][gc,ref      ] GC(377) Soft: 3045 encountered, 0 discovered, 0 enqueued
[59.567s][info][gc,ref      ] GC(377) Weak: 5974 encountered, 1432 discovered, 0 enqueued
[59.567s][info][gc,ref      ] GC(377) Final: 60 encountered, 58 discovered, 0 enqueued
[59.567s][info][gc,ref      ] GC(377) Phantom: 608 encountered, 482 discovered, 0 enqueued
[59.567s][info][gc,reloc    ] GC(377) Small Pages: 270 / 540M, Empty: 308M, Relocated: 3M, In-Place: 0
[59.567s][info][gc,reloc    ] GC(377) Medium Pages: 1 / 32M, Empty: 0M, Relocated: 0M, In-Place: 0
[59.568s][info][gc,reloc    ] GC(377) Large Pages: 2 / 12M, Empty: 0M, Relocated: 0M, In-Place: 0
[59.568s][info][gc,reloc    ] GC(377) Forwarding Usage: 1M
[59.568s][info][gc,heap     ] GC(377) Min Capacity: 8M(1%)
[59.568s][info][gc,heap     ] GC(377) Max Capacity: 1024M(100%)
[59.568s][info][gc,heap     ] GC(377) Soft Max Capacity: 1024M(100%)
[59.568s][info][gc,heap     ] GC(377)                Mark Start          Mark End        Relocate Start      Relocate End           High               Low         
[59.568s][info][gc,heap     ] GC(377)  Capacity:     1024M (100%)       1024M (100%)       1024M (100%)       1024M (100%)       1024M (100%)       1024M (100%)   
[59.568s][info][gc,heap     ] GC(377)      Free:      440M (43%)         226M (22%)         504M (49%)         508M (50%)         512M (50%)         216M (21%)    
[59.568s][info][gc,heap     ] GC(377)      Used:      584M (57%)         798M (78%)         520M (51%)         516M (50%)         808M (79%)         512M (50%)    
[59.568s][info][gc,heap     ] GC(377)      Live:         -               204M (20%)         204M (20%)         204M (20%)            -                  -          
[59.568s][info][gc,heap     ] GC(377) Allocated:         -               214M (21%)         244M (24%)         253M (25%)            -                  -          
[59.568s][info][gc,heap     ] GC(377)   Garbage:         -               379M (37%)          71M (7%)           57M (6%)             -                  -          
[59.568s][info][gc,heap     ] GC(377) Reclaimed:         -                  -               308M (30%)         321M (31%)            -                  -          
[59.568s][info][gc          ] GC(377) Garbage Collection (Allocation Rate) 584M(57%)->516M(50%)
[59.603s][info][gc,start    ] GC(378) Garbage Collection (Allocation Rate)
[59.603s][info][gc,task     ] GC(378) Using 8 workers
[59.603s][info][gc,phases   ] GC(378) Pause Mark Start 0.013ms
[59.665s][info][gc,phases   ] GC(378) Concurrent Mark 61.993ms
[59.665s][info][gc,phases   ] GC(378) Pause Mark End 0.020ms
[59.665s][info][gc,phases   ] GC(378) Concurrent Mark Free 0.001ms
[59.668s][info][gc,phases   ] GC(378) Concurrent Process Non-Strong References 2.358ms
[59.668s][info][gc,phases   ] GC(378) Concurrent Reset Relocation Set 0.002ms
[59.671s][info][gc,phases   ] GC(378) Concurrent Select Relocation Set 2.850ms
[59.671s][info][gc,phases   ] GC(378) Pause Relocate Start 0.007ms
[59.673s][info][gc,phases   ] GC(378) Concurrent Relocate 2.825ms
[59.674s][info][gc,load     ] GC(378) Load: 0.00/0.00/0.00
[59.674s][info][gc,mmu      ] GC(378) MMU: 2ms/96.6%, 5ms/98.6%, 10ms/99.3%, 20ms/99.7%, 50ms/99.8%, 100ms/99.9%
[59.674s][info][gc,marking  ] GC(378) Mark: 8 stripe(s), 2 proactive flush(es), 1 terminate flush(es), 0 completion(s), 0 continuation(s) 
[59.674s][info][gc,marking  ] GC(378) Mark Stack Usage: 32M
[59.674s][info][gc,nmethod  ] GC(378) NMethods: 5714 registered, 1266 unregistered
[59.674s][info][gc,metaspace] GC(378) Metaspace: 59M used, 60M committed, 1088M reserved
[59.674s][info][gc,ref      ] GC(378) Soft: 3045 encountered, 0 discovered, 0 enqueued
[59.674s][info][gc,ref      ] GC(378) Weak: 5974 encountered, 1481 discovered, 0 enqueued
[59.674s][info][gc,ref      ] GC(378) Final: 60 encountered, 0 discovered, 0 enqueued
[59.674s][info][gc,ref      ] GC(378) Phantom: 608 encountered, 471 discovered, 0 enqueued
[59.674s][info][gc,reloc    ] GC(378) Small Pages: 299 / 598M, Empty: 366M, Relocated: 3M, In-Place: 0
[59.674s][info][gc,reloc    ] GC(378) Medium Pages: 1 / 32M, Empty: 0M, Relocated: 0M, In-Place: 0
[59.674s][info][gc,reloc    ] GC(378) Large Pages: 2 / 12M, Empty: 0M, Relocated: 0M, In-Place: 0
[59.674s][info][gc,reloc    ] GC(378) Forwarding Usage: 1M
[59.674s][info][gc,heap     ] GC(378) Min Capacity: 8M(1%)
[59.674s][info][gc,heap     ] GC(378) Max Capacity: 1024M(100%)
[59.674s][info][gc,heap     ] GC(378) Soft Max Capacity: 1024M(100%)
[59.674s][info][gc,heap     ] GC(378)                Mark Start          Mark End        Relocate Start      Relocate End           High               Low         
[59.674s][info][gc,heap     ] GC(378)  Capacity:     1024M (100%)       1024M (100%)       1024M (100%)       1024M (100%)       1024M (100%)       1024M (100%)   
[59.674s][info][gc,heap     ] GC(378)      Free:      382M (37%)         168M (16%)         514M (50%)         520M (51%)         524M (51%)         158M (15%)    
[59.674s][info][gc,heap     ] GC(378)      Used:      642M (63%)         856M (84%)         510M (50%)         504M (49%)         866M (85%)         500M (49%)    
[59.674s][info][gc,heap     ] GC(378)      Live:         -               204M (20%)         204M (20%)         204M (20%)            -                  -          
[59.674s][info][gc,heap     ] GC(378) Allocated:         -               214M (21%)         234M (23%)         241M (24%)            -                  -          
[59.674s][info][gc,heap     ] GC(378)   Garbage:         -               437M (43%)          71M (7%)           57M (6%)             -                  -          
[59.674s][info][gc,heap     ] GC(378) Reclaimed:         -                  -               366M (36%)         379M (37%)            -                  -          
[59.674s][info][gc          ] GC(378) Garbage Collection (Allocation Rate) 642M(63%)->504M(49%)
[59.696s][info][gc,start    ] GC(379) Garbage Collection (Allocation Rate)
[59.696s][info][gc,task     ] GC(379) Using 8 workers
[59.696s][info][gc,phases   ] GC(379) Pause Mark Start 0.011ms
[59.759s][info][gc,phases   ] GC(379) Concurrent Mark 62.213ms
[59.759s][info][gc,phases   ] GC(379) Pause Mark End 0.024ms
[59.759s][info][gc,phases   ] GC(379) Concurrent Mark Free 0.001ms
[59.761s][info][gc,phases   ] GC(379) Concurrent Process Non-Strong References 2.266ms
[59.761s][info][gc,phases   ] GC(379) Concurrent Reset Relocation Set 0.003ms
[59.765s][info][gc,phases   ] GC(379) Concurrent Select Relocation Set 3.646ms
[59.765s][info][gc,phases   ] GC(379) Pause Relocate Start 0.007ms
[59.768s][info][gc,phases   ] GC(379) Concurrent Relocate 2.866ms
[59.768s][info][gc,load     ] GC(379) Load: 0.00/0.00/0.00
[59.768s][info][gc,mmu      ] GC(379) MMU: 2ms/96.6%, 5ms/98.6%, 10ms/99.3%, 20ms/99.7%, 50ms/99.8%, 100ms/99.9%
[59.768s][info][gc,marking  ] GC(379) Mark: 8 stripe(s), 2 proactive flush(es), 1 terminate flush(es), 0 completion(s), 0 continuation(s) 
[59.768s][info][gc,marking  ] GC(379) Mark Stack Usage: 32M
[59.768s][info][gc,nmethod  ] GC(379) NMethods: 5714 registered, 1266 unregistered
[59.768s][info][gc,metaspace] GC(379) Metaspace: 59M used, 60M committed, 1088M reserved
[59.768s][info][gc,ref      ] GC(379) Soft: 3045 encountered, 0 discovered, 0 enqueued
[59.768s][info][gc,ref      ] GC(379) Weak: 5974 encountered, 2131 discovered, 0 enqueued
[59.768s][info][gc,ref      ] GC(379) Final: 60 encountered, 0 discovered, 0 enqueued
[59.768s][info][gc,ref      ] GC(379) Phantom: 608 encountered, 414 discovered, 0 enqueued
[59.768s][info][gc,reloc    ] GC(379) Small Pages: 268 / 536M, Empty: 306M, Relocated: 3M, In-Place: 0
[59.768s][info][gc,reloc    ] GC(379) Medium Pages: 1 / 32M, Empty: 0M, Relocated: 0M, In-Place: 0
[59.768s][info][gc,reloc    ] GC(379) Large Pages: 2 / 12M, Empty: 0M, Relocated: 0M, In-Place: 0
[59.769s][info][gc,reloc    ] GC(379) Forwarding Usage: 1M
[59.769s][info][gc,heap     ] GC(379) Min Capacity: 8M(1%)
[59.769s][info][gc,heap     ] GC(379) Max Capacity: 1024M(100%)
[59.769s][info][gc,heap     ] GC(379) Soft Max Capacity: 1024M(100%)
[59.769s][info][gc,heap     ] GC(379)                Mark Start          Mark End        Relocate Start      Relocate End           High               Low         
[59.769s][info][gc,heap     ] GC(379)  Capacity:     1024M (100%)       1024M (100%)       1024M (100%)       1024M (100%)       1024M (100%)       1024M (100%)   
[59.769s][info][gc,heap     ] GC(379)      Free:      444M (43%)         280M (27%)         566M (55%)         570M (56%)         574M (56%)         272M (27%)    
[59.769s][info][gc,heap     ] GC(379)      Used:      580M (57%)         744M (73%)         458M (45%)         454M (44%)         752M (73%)         450M (44%)    
[59.769s][info][gc,heap     ] GC(379)      Live:         -               204M (20%)         204M (20%)         204M (20%)            -                  -          
[59.769s][info][gc,heap     ] GC(379) Allocated:         -               164M (16%)         184M (18%)         191M (19%)            -                  -          
[59.769s][info][gc,heap     ] GC(379)   Garbage:         -               375M (37%)          69M (7%)           57M (6%)             -                  -          
[59.769s][info][gc,heap     ] GC(379) Reclaimed:         -                  -               306M (30%)         317M (31%)            -                  -          
[59.769s][info][gc          ] GC(379) Garbage Collection (Allocation Rate) 580M(57%)->454M(44%)
[59.806s][info][gc,start    ] GC(380) Garbage Collection (Allocation Rate)
[59.806s][info][gc,task     ] GC(380) Using 8 workers
[59.806s][info][gc,phases   ] GC(380) Pause Mark Start 0.013ms
[59.874s][info][gc,phases   ] GC(380) Concurrent Mark 68.252ms
[59.874s][info][gc,phases   ] GC(380) Pause Mark End 0.026ms
[59.874s][info][gc,phases   ] GC(380) Concurrent Mark Free 0.001ms
[59.877s][info][gc,phases   ] GC(380) Concurrent Process Non-Strong References 2.134ms
[59.877s][info][gc,phases   ] GC(380) Concurrent Reset Relocation Set 0.002ms
[59.880s][info][gc,phases   ] GC(380) Concurrent Select Relocation Set 3.614ms
[59.880s][info][gc,phases   ] GC(380) Pause Relocate Start 0.007ms
[59.882s][info][gc,phases   ] GC(380) Concurrent Relocate 1.957ms
[59.883s][info][gc,load     ] GC(380) Load: 0.00/0.00/0.00
[59.883s][info][gc,mmu      ] GC(380) MMU: 2ms/96.6%, 5ms/98.6%, 10ms/99.3%, 20ms/99.7%, 50ms/99.8%, 100ms/99.9%
[59.883s][info][gc,marking  ] GC(380) Mark: 8 stripe(s), 2 proactive flush(es), 1 terminate flush(es), 0 completion(s), 0 continuation(s) 
[59.883s][info][gc,marking  ] GC(380) Mark Stack Usage: 32M
[59.883s][info][gc,nmethod  ] GC(380) NMethods: 5716 registered, 1266 unregistered
[59.883s][info][gc,metaspace] GC(380) Metaspace: 59M used, 60M committed, 1088M reserved
[59.883s][info][gc,ref      ] GC(380) Soft: 3045 encountered, 0 discovered, 0 enqueued
[59.883s][info][gc,ref      ] GC(380) Weak: 5974 encountered, 2183 discovered, 0 enqueued
[59.883s][info][gc,ref      ] GC(380) Final: 60 encountered, 58 discovered, 0 enqueued
[59.883s][info][gc,ref      ] GC(380) Phantom: 608 encountered, 386 discovered, 0 enqueued
[59.883s][info][gc,reloc    ] GC(380) Small Pages: 261 / 522M, Empty: 294M, Relocated: 3M, In-Place: 0
[59.883s][info][gc,reloc    ] GC(380) Medium Pages: 1 / 32M, Empty: 0M, Relocated: 0M, In-Place: 0
[59.883s][info][gc,reloc    ] GC(380) Large Pages: 2 / 12M, Empty: 0M, Relocated: 0M, In-Place: 0
[59.883s][info][gc,reloc    ] GC(380) Forwarding Usage: 1M
[59.883s][info][gc,heap     ] GC(380) Min Capacity: 8M(1%)
[59.883s][info][gc,heap     ] GC(380) Max Capacity: 1024M(100%)
[59.883s][info][gc,heap     ] GC(380) Soft Max Capacity: 1024M(100%)
[59.883s][info][gc,heap     ] GC(380)                Mark Start          Mark End        Relocate Start      Relocate End           High               Low         
[59.883s][info][gc,heap     ] GC(380)  Capacity:     1024M (100%)       1024M (100%)       1024M (100%)       1024M (100%)       1024M (100%)       1024M (100%)   
[59.883s][info][gc,heap     ] GC(380)      Free:      458M (45%)         278M (27%)         562M (55%)         570M (56%)         570M (56%)         274M (27%)    
[59.883s][info][gc,heap     ] GC(380)      Used:      566M (55%)         746M (73%)         462M (45%)         454M (44%)         750M (73%)         454M (44%)    
[59.883s][info][gc,heap     ] GC(380)      Live:         -               204M (20%)         204M (20%)         204M (20%)            -                  -          
[59.883s][info][gc,heap     ] GC(380) Allocated:         -               180M (18%)         190M (19%)         191M (19%)            -                  -          
[59.883s][info][gc,heap     ] GC(380)   Garbage:         -               361M (35%)          67M (7%)           57M (6%)             -                  -          
[59.883s][info][gc,heap     ] GC(380) Reclaimed:         -                  -               294M (29%)         303M (30%)            -                  -          
[59.883s][info][gc          ] GC(380) Garbage Collection (Allocation Rate) 566M(55%)->454M(44%)
[59.906s][info][gc,start    ] GC(381) Garbage Collection (Allocation Rate)
[59.906s][info][gc,task     ] GC(381) Using 8 workers
[59.906s][info][gc,phases   ] GC(381) Pause Mark Start 0.014ms
[59.969s][info][gc,phases   ] GC(381) Concurrent Mark 62.878ms
[59.969s][info][gc,phases   ] GC(381) Pause Mark End 0.020ms
[59.969s][info][gc,phases   ] GC(381) Concurrent Mark Free 0.001ms
[59.973s][info][gc,phases   ] GC(381) Concurrent Process Non-Strong References 3.619ms
[59.973s][info][gc,phases   ] GC(381) Concurrent Reset Relocation Set 0.003ms
[59.976s][info][gc,phases   ] GC(381) Concurrent Select Relocation Set 3.576ms
[59.976s][info][gc,phases   ] GC(381) Pause Relocate Start 0.006ms
[59.978s][info][gc,phases   ] GC(381) Concurrent Relocate 2.023ms
[59.979s][info][gc,load     ] GC(381) Load: 0.00/0.00/0.00
[59.979s][info][gc,mmu      ] GC(381) MMU: 2ms/96.6%, 5ms/98.6%, 10ms/99.3%, 20ms/99.7%, 50ms/99.8%, 100ms/99.9%
[59.979s][info][gc,marking  ] GC(381) Mark: 8 stripe(s), 2 proactive flush(es), 1 terminate flush(es), 0 completion(s), 0 continuation(s) 
[59.979s][info][gc,marking  ] GC(381) Mark Stack Usage: 32M
[59.979s][info][gc,nmethod  ] GC(381) NMethods: 5405 registered, 1611 unregistered
[59.979s][info][gc,metaspace] GC(381) Metaspace: 59M used, 60M committed, 1088M reserved
[59.979s][info][gc,ref      ] GC(381) Soft: 3044 encountered, 0 discovered, 0 enqueued
[59.979s][info][gc,ref      ] GC(381) Weak: 5978 encountered, 1817 discovered, 0 enqueued
[59.979s][info][gc,ref      ] GC(381) Final: 60 encountered, 55 discovered, 0 enqueued
[59.979s][info][gc,ref      ] GC(381) Phantom: 608 encountered, 400 discovered, 0 enqueued
[59.979s][info][gc,reloc    ] GC(381) Small Pages: 226 / 452M, Empty: 216M, Relocated: 3M, In-Place: 0
[59.979s][info][gc,reloc    ] GC(381) Medium Pages: 1 / 32M, Empty: 0M, Relocated: 0M, In-Place: 0
[59.979s][info][gc,reloc    ] GC(381) Large Pages: 2 / 12M, Empty: 0M, Relocated: 0M, In-Place: 0
[59.979s][info][gc,reloc    ] GC(381) Forwarding Usage: 1M
[59.979s][info][gc,heap     ] GC(381) Min Capacity: 8M(1%)
[59.979s][info][gc,heap     ] GC(381) Max Capacity: 1024M(100%)
[59.979s][info][gc,heap     ] GC(381) Soft Max Capacity: 1024M(100%)
[59.979s][info][gc,heap     ] GC(381)                Mark Start          Mark End        Relocate Start      Relocate End           High               Low         
[59.979s][info][gc,heap     ] GC(381)  Capacity:     1024M (100%)       1024M (100%)       1024M (100%)       1024M (100%)       1024M (100%)       1024M (100%)   
[59.979s][info][gc,heap     ] GC(381)      Free:      528M (52%)         500M (49%)         716M (70%)         734M (72%)         734M (72%)         500M (49%)    
[59.979s][info][gc,heap     ] GC(381)      Used:      496M (48%)         524M (51%)         308M (30%)         290M (28%)         524M (51%)         290M (28%)    
[59.979s][info][gc,heap     ] GC(381)      Live:         -               204M (20%)         204M (20%)         204M (20%)            -                  -          
[59.979s][info][gc,heap     ] GC(381) Allocated:         -                28M (3%)           28M (3%)           28M (3%)             -                  -          
[59.979s][info][gc,heap     ] GC(381)   Garbage:         -               291M (29%)          75M (7%)           57M (6%)             -                  -          
[59.979s][info][gc,heap     ] GC(381) Reclaimed:         -                  -               216M (21%)         234M (23%)            -                  -          
[59.979s][info][gc          ] GC(381) Garbage Collection (Allocation Rate) 496M(48%)->290M(28%)
[59.979s][info][gc,start    ] GC(382) Garbage Collection (System.gc())
[59.979s][info][gc,task     ] GC(382) Using 10 workers
[59.979s][info][gc,phases   ] GC(382) Pause Mark Start 0.007ms
[60.047s][info][gc,phases   ] GC(382) Concurrent Mark 67.333ms
[60.047s][info][gc,phases   ] GC(382) Pause Mark End 0.022ms
[60.047s][info][gc,phases   ] GC(382) Concurrent Mark Free 0.001ms
[60.050s][info][gc,phases   ] GC(382) Concurrent Process Non-Strong References 2.384ms
[60.050s][info][gc,phases   ] GC(382) Concurrent Reset Relocation Set 0.003ms
[60.053s][info][gc,phases   ] GC(382) Concurrent Select Relocation Set 3.593ms
[60.053s][info][gc,phases   ] GC(382) Pause Relocate Start 0.007ms
[60.056s][info][gc,phases   ] GC(382) Concurrent Relocate 2.642ms
[60.056s][info][gc,load     ] GC(382) Load: 0.00/0.00/0.00
[60.056s][info][gc,mmu      ] GC(382) MMU: 2ms/96.6%, 5ms/98.6%, 10ms/99.3%, 20ms/99.7%, 50ms/99.8%, 100ms/99.9%
[60.056s][info][gc,marking  ] GC(382) Mark: 8 stripe(s), 4 proactive flush(es), 1 terminate flush(es), 0 completion(s), 0 continuation(s) 
[60.056s][info][gc,marking  ] GC(382) Mark Stack Usage: 32M
[60.056s][info][gc,nmethod  ] GC(382) NMethods: 5407 registered, 1612 unregistered
[60.056s][info][gc,metaspace] GC(382) Metaspace: 59M used, 60M committed, 1088M reserved
[60.056s][info][gc,ref      ] GC(382) Soft: 3043 encountered, 0 discovered, 0 enqueued
[60.056s][info][gc,ref      ] GC(382) Weak: 6035 encountered, 1045 discovered, 121 enqueued
[60.056s][info][gc,ref      ] GC(382) Final: 60 encountered, 36 discovered, 0 enqueued
[60.056s][info][gc,ref      ] GC(382) Phantom: 608 encountered, 487 discovered, 0 enqueued
[60.056s][info][gc,reloc    ] GC(382) Small Pages: 120 / 240M, Empty: 14M, Relocated: 3M, In-Place: 0
[60.056s][info][gc,reloc    ] GC(382) Medium Pages: 1 / 32M, Empty: 0M, Relocated: 0M, In-Place: 0
[60.056s][info][gc,reloc    ] GC(382) Large Pages: 3 / 18M, Empty: 6M, Relocated: 0M, In-Place: 0
[60.056s][info][gc,reloc    ] GC(382) Forwarding Usage: 1M
[60.057s][info][gc,heap     ] GC(382) Min Capacity: 8M(1%)
[60.057s][info][gc,heap     ] GC(382) Max Capacity: 1024M(100%)
[60.057s][info][gc,heap     ] GC(382) Soft Max Capacity: 1024M(100%)
[60.057s][info][gc,heap     ] GC(382)                Mark Start          Mark End        Relocate Start      Relocate End           High               Low         
[60.057s][info][gc,heap     ] GC(382)  Capacity:     1024M (100%)       1024M (100%)       1024M (100%)       1024M (100%)       1024M (100%)       1024M (100%)   
[60.057s][info][gc,heap     ] GC(382)      Free:      734M (72%)         732M (71%)         748M (73%)         752M (73%)         752M (73%)         728M (71%)    
[60.057s][info][gc,heap     ] GC(382)      Used:      290M (28%)         292M (29%)         276M (27%)         272M (27%)         296M (29%)         272M (27%)    
[60.057s][info][gc,heap     ] GC(382)      Live:         -               203M (20%)         203M (20%)         203M (20%)            -                  -          
[60.057s][info][gc,heap     ] GC(382) Allocated:         -                 2M (0%)            6M (1%)            5M (1%)             -                  -          
[60.057s][info][gc,heap     ] GC(382)   Garbage:         -                86M (8%)           66M (6%)           62M (6%)             -                  -          
[60.057s][info][gc,heap     ] GC(382) Reclaimed:         -                  -                20M (2%)           23M (2%)             -                  -          
[60.057s][info][gc          ] GC(382) Garbage Collection (System.gc()) 290M(28%)->272M(27%)
[60.094s][info][gc,start    ] GC(383) Garbage Collection (Allocation Rate)
[60.094s][info][gc,stats    ] === Garbage Collection Statistics =======================================================================================================================
[60.094s][info][gc,task     ] GC(383) Using 10 workers
[60.094s][info][gc,stats    ]                                                              Last 10s              Last 10m              Last 10h                Total
[60.094s][info][gc,stats    ]                                                              Avg / Max             Avg / Max             Avg / Max             Avg / Max
[60.094s][info][gc,stats    ]   Collector: Garbage Collection Cycle                     73.606 / 90.310       76.775 / 325.572      76.775 / 325.572      76.775 / 325.572     ms
[60.094s][info][gc,stats    ]  Contention: Mark Segment Reset Contention                    40 / 55               28 / 57               28 / 57               28 / 57          ops/s
[60.094s][info][gc,stats    ]  Contention: Mark SeqNum Reset Contention                      2 / 6                 2 / 7                 2 / 7                 2 / 7           ops/s
[60.094s][info][gc,stats    ]    Critical: Allocation Stall                                  0 / 0                 0 / 5                 0 / 5                 0 / 5           ops/s
[60.094s][info][gc,stats    ]    Critical: Allocation Stall                              0.000 / 0.000        29.562 / 58.885       29.562 / 58.885       29.562 / 58.885      ms
[60.094s][info][gc,phases   ] GC(383) Pause Mark Start 0.015ms
[60.094s][info][gc,stats    ]    Critical: GC Locker Stall                                   0 / 0                 0 / 1                 0 / 1                 0 / 1           ops/s
[60.094s][info][gc,stats    ]    Critical: GC Locker Stall                               0.000 / 0.000         0.001 / 0.001         0.001 / 0.001         0.001 / 0.001       ms
[60.094s][info][gc,stats    ]    Critical: Relocation Stall                                  0 / 0                 0 / 0                 0 / 0                 0 / 0           ops/s
[60.094s][info][gc,stats    ]    Critical: Relocation Stall                              0.000 / 0.000         0.000 / 0.000         0.000 / 0.000         0.000 / 0.000       ms
[60.094s][info][gc,stats    ]      Memory: Allocation Rate                                2497 / 2724           1735 / 2724           1735 / 2724           1735 / 2724        MB/s
[60.094s][info][gc,stats    ]      Memory: Defragment                                        1 / 12                2 / 30                2 / 30                2 / 30          ops/s
[60.094s][info][gc,stats    ]      Memory: Out Of Memory                                     0 / 0                 0 / 0                 0 / 0                 0 / 0           ops/s
[60.094s][info][gc,stats    ]      Memory: Page Cache Flush                                  4 / 24               10 / 82               10 / 82               10 / 82          MB/s
[60.094s][info][gc,stats    ]      Memory: Page Cache Hit L1                              1291 / 1418            895 / 1418            895 / 1418            895 / 1418        ops/s
[60.095s][info][gc,stats    ]      Memory: Page Cache Hit L2                                 0 / 0                 0 / 0                 0 / 0                 0 / 0           ops/s
[60.095s][info][gc,stats    ]      Memory: Page Cache Hit L3                                 1 / 10               10 / 122              10 / 122              10 / 122         ops/s
[60.095s][info][gc,stats    ]      Memory: Page Cache Miss                                   0 / 1                 0 / 5                 0 / 5                 0 / 5           ops/s
[60.095s][info][gc,stats    ]      Memory: Uncommit                                          0 / 0                 0 / 0                 0 / 0                 0 / 0           MB/s
[60.095s][info][gc,stats    ]      Memory: Undo Object Allocation Failed                     0 / 2                 0 / 4                 0 / 4                 0 / 4           ops/s
[60.095s][info][gc,stats    ]      Memory: Undo Object Allocation Succeeded                  3 / 5                 2 / 11                2 / 11                2 / 11          ops/s
[60.095s][info][gc,stats    ]      Memory: Undo Page Allocation                             78 / 108              36 / 108              36 / 108              36 / 108         ops/s
[60.095s][info][gc,stats    ]       Phase: Concurrent Mark                              64.361 / 77.924       65.017 / 124.633      65.017 / 124.633      65.017 / 124.633     ms
[60.095s][info][gc,stats    ]       Phase: Concurrent Mark Continue                      0.000 / 0.000         0.000 / 0.000         0.000 / 0.000         0.000 / 0.000       ms
[60.095s][info][gc,stats    ]       Phase: Concurrent Mark Free                          0.001 / 0.002         0.001 / 0.004         0.001 / 0.004         0.001 / 0.004       ms
[60.095s][info][gc,stats    ]       Phase: Concurrent Process Non-Strong References      2.286 / 3.619         2.392 / 18.709        2.392 / 18.709        2.392 / 18.709      ms
[60.095s][info][gc,stats    ]       Phase: Concurrent Relocate                           2.241 / 3.288         3.202 / 32.034        3.202 / 32.034        3.202 / 32.034      ms
[60.095s][info][gc,stats    ]       Phase: Concurrent Reset Relocation Set               0.002 / 0.005         0.003 / 0.053         0.003 / 0.053         0.003 / 0.053       ms
[60.095s][info][gc,stats    ]       Phase: Concurrent Select Relocation Set              3.863 / 6.653         4.375 / 27.180        4.375 / 27.180        4.375 / 27.180      ms
[60.095s][info][gc,stats    ]       Phase: Pause Mark End                                0.023 / 0.036         0.024 / 0.048         0.024 / 0.048         0.024 / 0.048       ms
[60.095s][info][gc,stats    ]       Phase: Pause Mark Start                              0.012 / 0.019         0.013 / 0.069         0.013 / 0.069         0.013 / 0.069       ms
[60.095s][info][gc,stats    ]       Phase: Pause Relocate Start                          0.008 / 0.012         0.008 / 0.024         0.008 / 0.024         0.008 / 0.024       ms
[60.095s][info][gc,stats    ]    Subphase: Concurrent Classes Purge                      0.033 / 1.441         0.081 / 4.896         0.081 / 4.896         0.081 / 4.896       ms
[60.095s][info][gc,stats    ]    Subphase: Concurrent Classes Unlink                     1.650 / 2.531         1.743 / 15.033        1.743 / 15.033        1.743 / 15.033      ms
[60.095s][info][gc,stats    ]    Subphase: Concurrent Mark                              56.842 / 73.160       55.900 / 121.544      55.900 / 121.544      55.900 / 121.544     ms
[60.095s][info][gc,stats    ]    Subphase: Concurrent Mark Try Flush                     0.145 / 0.349         0.148 / 14.518        0.148 / 14.518        0.148 / 14.518      ms
[60.095s][info][gc,stats    ]    Subphase: Concurrent Mark Try Terminate                 6.535 / 16.568        7.376 / 16.649        7.376 / 16.649        7.376 / 16.649      ms
[60.095s][info][gc,stats    ]    Subphase: Concurrent References Enqueue                 0.001 / 0.004         0.002 / 0.005         0.002 / 0.005         0.002 / 0.005       ms
[60.095s][info][gc,stats    ]    Subphase: Concurrent References Process                 0.093 / 0.241         0.091 / 0.241         0.091 / 0.241         0.091 / 0.241       ms
[60.095s][info][gc,stats    ]    Subphase: Concurrent Roots ClassLoaderDataGraph         0.107 / 0.620         0.102 / 0.915         0.102 / 0.915         0.102 / 0.915       ms
[60.095s][info][gc,stats    ]    Subphase: Concurrent Roots CodeCache                    0.000 / 0.000         0.000 / 0.000         0.000 / 0.000         0.000 / 0.000       ms
[60.095s][info][gc,stats    ]    Subphase: Concurrent Roots JavaThreads                  5.228 / 6.907         6.597 / 25.474        6.597 / 25.474        6.597 / 25.474      ms
[60.095s][info][gc,stats    ]    Subphase: Concurrent Roots OopStorageSet                0.030 / 0.053         0.028 / 0.249         0.028 / 0.249         0.028 / 0.249       ms
[60.096s][info][gc,stats    ]    Subphase: Concurrent Weak Roots OopStorageSet           0.259 / 0.442         0.231 / 0.445         0.231 / 0.445         0.231 / 0.445       ms
[60.096s][info][gc,stats    ]    Subphase: Pause Mark Try Complete                       0.000 / 0.000         0.001 / 0.005         0.001 / 0.005         0.001 / 0.005       ms
[60.096s][info][gc,stats    ]      System: Java Threads                                    265 / 268             229 / 268             229 / 268             229 / 268         threads
[60.096s][info][gc,stats    ] =========================================================================================================================================================
[60.156s][info][gc,phases   ] GC(383) Concurrent Mark 61.877ms
[60.156s][info][gc,phases   ] GC(383) Pause Mark End 0.018ms
[60.156s][info][gc,phases   ] GC(383) Concurrent Mark Free 0.001ms
[60.160s][info][gc,phases   ] GC(383) Concurrent Process Non-Strong References 3.774ms
[60.160s][info][gc,phases   ] GC(383) Concurrent Reset Relocation Set 0.002ms
[60.166s][info][gc,phases   ] GC(383) Concurrent Select Relocation Set 5.485ms
[60.166s][info][gc,phases   ] GC(383) Pause Relocate Start 0.007ms
[60.168s][info][gc,phases   ] GC(383) Concurrent Relocate 2.128ms
[60.168s][info][gc,load     ] GC(383) Load: 0.00/0.00/0.00
[60.168s][info][gc,mmu      ] GC(383) MMU: 2ms/96.6%, 5ms/98.6%, 10ms/99.3%, 20ms/99.7%, 50ms/99.8%, 100ms/99.9%
[60.168s][info][gc,marking  ] GC(383) Mark: 8 stripe(s), 2 proactive flush(es), 1 terminate flush(es), 0 completion(s), 0 continuation(s) 
[60.168s][info][gc,marking  ] GC(383) Mark Stack Usage: 32M
[60.168s][info][gc,nmethod  ] GC(383) NMethods: 5178 registered, 1961 unregistered
[60.168s][info][gc,metaspace] GC(383) Metaspace: 59M used, 60M committed, 1088M reserved
[60.168s][info][gc,ref      ] GC(383) Soft: 3043 encountered, 0 discovered, 0 enqueued
[60.168s][info][gc,ref      ] GC(383) Weak: 6001 encountered, 531 discovered, 58 enqueued
[60.168s][info][gc,ref      ] GC(383) Final: 60 encountered, 0 discovered, 0 enqueued
[60.168s][info][gc,ref      ] GC(383) Phantom: 608 encountered, 406 discovered, 0 enqueued
[60.168s][info][gc,reloc    ] GC(383) Small Pages: 118 / 236M, Empty: 0M, Relocated: 3M, In-Place: 0
[60.168s][info][gc,reloc    ] GC(383) Medium Pages: 2 / 64M, Empty: 32M, Relocated: 0M, In-Place: 0
[60.168s][info][gc,reloc    ] GC(383) Large Pages: 3 / 18M, Empty: 6M, Relocated: 0M, In-Place: 0
[60.168s][info][gc,reloc    ] GC(383) Forwarding Usage: 1M
[60.169s][info][gc,heap     ] GC(383) Min Capacity: 8M(1%)
[60.169s][info][gc,heap     ] GC(383) Max Capacity: 1024M(100%)
[60.169s][info][gc,heap     ] GC(383) Soft Max Capacity: 1024M(100%)
[60.169s][info][gc,heap     ] GC(383)                Mark Start          Mark End        Relocate Start      Relocate End           High               Low         
[60.169s][info][gc,heap     ] GC(383)  Capacity:     1024M (100%)       1024M (100%)       1024M (100%)       1024M (100%)       1024M (100%)       1024M (100%)   
[60.169s][info][gc,heap     ] GC(383)      Free:      706M (69%)         612M (60%)         622M (61%)         630M (62%)         706M (69%)         590M (58%)    
[60.169s][info][gc,heap     ] GC(383)      Used:      318M (31%)         412M (40%)         402M (39%)         394M (38%)         434M (42%)         318M (31%)    
[60.169s][info][gc,heap     ] GC(383)      Live:         -               204M (20%)         204M (20%)         204M (20%)            -                  -          
[60.169s][info][gc,heap     ] GC(383) Allocated:         -                94M (9%)          122M (12%)         127M (12%)            -                  -          
[60.169s][info][gc,heap     ] GC(383)   Garbage:         -               113M (11%)          75M (7%)           61M (6%)             -                  -          
[60.169s][info][gc,heap     ] GC(383) Reclaimed:         -                  -                38M (4%)           51M (5%)             -                  -          
[60.169s][info][gc          ] GC(383) Garbage Collection (Allocation Rate) 318M(31%)->394M(38%)
[60.203s][info][gc,start    ] GC(384) Garbage Collection (Allocation Rate)
[60.203s][info][gc,task     ] GC(384) Using 10 workers
[60.203s][info][gc,phases   ] GC(384) Pause Mark Start 0.012ms
[60.265s][info][gc,phases   ] GC(384) Concurrent Mark 62.079ms
[60.266s][info][gc,phases   ] GC(384) Pause Mark End 0.025ms
[60.266s][info][gc,phases   ] GC(384) Concurrent Mark Free 0.001ms
[60.268s][info][gc,phases   ] GC(384) Concurrent Process Non-Strong References 1.942ms
[60.268s][info][gc,phases   ] GC(384) Concurrent Reset Relocation Set 0.002ms
[60.274s][info][gc,phases   ] GC(384) Concurrent Select Relocation Set 6.313ms
[60.274s][info][gc,phases   ] GC(384) Pause Relocate Start 0.008ms
[60.277s][info][gc,phases   ] GC(384) Concurrent Relocate 2.946ms
[60.277s][info][gc,load     ] GC(384) Load: 0.00/0.00/0.00
[60.277s][info][gc,mmu      ] GC(384) MMU: 2ms/96.6%, 5ms/98.6%, 10ms/99.3%, 20ms/99.7%, 50ms/99.8%, 100ms/99.9%
[60.277s][info][gc,marking  ] GC(384) Mark: 8 stripe(s), 3 proactive flush(es), 1 terminate flush(es), 0 completion(s), 0 continuation(s) 
[60.277s][info][gc,marking  ] GC(384) Mark Stack Usage: 32M
[60.277s][info][gc,nmethod  ] GC(384) NMethods: 5176 registered, 1963 unregistered
[60.277s][info][gc,metaspace] GC(384) Metaspace: 59M used, 60M committed, 1088M reserved
[60.277s][info][gc,ref      ] GC(384) Soft: 3045 encountered, 0 discovered, 0 enqueued
[60.277s][info][gc,ref      ] GC(384) Weak: 6019 encountered, 822 discovered, 36 enqueued
[60.277s][info][gc,ref      ] GC(384) Final: 60 encountered, 2 discovered, 0 enqueued
[60.278s][info][gc,ref      ] GC(384) Phantom: 608 encountered, 368 discovered, 0 enqueued
[60.278s][info][gc,reloc    ] GC(384) Small Pages: 203 / 406M, Empty: 156M, Relocated: 4M, In-Place: 0
[60.278s][info][gc,reloc    ] GC(384) Medium Pages: 2 / 64M, Empty: 32M, Relocated: 0M, In-Place: 0
[60.278s][info][gc,reloc    ] GC(384) Large Pages: 3 / 18M, Empty: 6M, Relocated: 0M, In-Place: 0
[60.278s][info][gc,reloc    ] GC(384) Forwarding Usage: 2M
[60.278s][info][gc,heap     ] GC(384) Min Capacity: 8M(1%)
[60.278s][info][gc,heap     ] GC(384) Max Capacity: 1024M(100%)
[60.278s][info][gc,heap     ] GC(384) Soft Max Capacity: 1024M(100%)
[60.278s][info][gc,heap     ] GC(384)                Mark Start          Mark End        Relocate Start      Relocate End           High               Low         
[60.278s][info][gc,heap     ] GC(384)  Capacity:     1024M (100%)       1024M (100%)       1024M (100%)       1024M (100%)       1024M (100%)       1024M (100%)   
[60.278s][info][gc,heap     ] GC(384)      Free:      536M (52%)         350M (34%)         520M (51%)         542M (53%)         542M (53%)         344M (34%)    
[60.278s][info][gc,heap     ] GC(384)      Used:      488M (48%)         674M (66%)         504M (49%)         482M (47%)         680M (66%)         482M (47%)    
[60.278s][info][gc,heap     ] GC(384)      Live:         -               204M (20%)         204M (20%)         204M (20%)            -                  -          
[60.278s][info][gc,heap     ] GC(384) Allocated:         -               186M (18%)         210M (21%)         217M (21%)            -                  -          
[60.278s][info][gc,heap     ] GC(384)   Garbage:         -               283M (28%)          89M (9%)           59M (6%)             -                  -          
[60.278s][info][gc,heap     ] GC(384) Reclaimed:         -                  -               194M (19%)         223M (22%)            -                  -          
[60.278s][info][gc          ] GC(384) Garbage Collection (Allocation Rate) 488M(48%)->482M(47%)
[60.297s][info][gc,start    ] GC(385) Garbage Collection (Allocation Rate)
[60.297s][info][gc,task     ] GC(385) Using 10 workers
[60.297s][info][gc,phases   ] GC(385) Pause Mark Start 0.011ms
[60.359s][info][gc,phases   ] GC(385) Concurrent Mark 62.162ms
[60.359s][info][gc,phases   ] GC(385) Pause Mark End 0.021ms
[60.359s][info][gc,phases   ] GC(385) Concurrent Mark Free 0.001ms
[60.362s][info][gc,phases   ] GC(385) Concurrent Process Non-Strong References 2.052ms
[60.362s][info][gc,phases   ] GC(385) Concurrent Reset Relocation Set 0.004ms
[60.366s][info][gc,phases   ] GC(385) Concurrent Select Relocation Set 4.125ms
[60.366s][info][gc,phases   ] GC(385) Pause Relocate Start 0.008ms
[60.368s][info][gc,phases   ] GC(385) Concurrent Relocate 1.811ms
[60.368s][info][gc,load     ] GC(385) Load: 0.00/0.00/0.00
[60.368s][info][gc,mmu      ] GC(385) MMU: 2ms/96.6%, 5ms/98.6%, 10ms/99.3%, 20ms/99.7%, 50ms/99.8%, 100ms/99.9%
[60.368s][info][gc,marking  ] GC(385) Mark: 8 stripe(s), 2 proactive flush(es), 1 terminate flush(es), 0 completion(s), 0 continuation(s) 
[60.368s][info][gc,marking  ] GC(385) Mark Stack Usage: 32M
[60.368s][info][gc,nmethod  ] GC(385) NMethods: 5176 registered, 1963 unregistered
[60.368s][info][gc,metaspace] GC(385) Metaspace: 59M used, 60M committed, 1088M reserved
[60.368s][info][gc,ref      ] GC(385) Soft: 3045 encountered, 0 discovered, 0 enqueued
[60.368s][info][gc,ref      ] GC(385) Weak: 5983 encountered, 1900 discovered, 0 enqueued
[60.368s][info][gc,ref      ] GC(385) Final: 60 encountered, 36 discovered, 0 enqueued
[60.368s][info][gc,ref      ] GC(385) Phantom: 608 encountered, 335 discovered, 0 enqueued
[60.368s][info][gc,reloc    ] GC(385) Small Pages: 249 / 498M, Empty: 262M, Relocated: 3M, In-Place: 0
[60.368s][info][gc,reloc    ] GC(385) Medium Pages: 1 / 32M, Empty: 0M, Relocated: 0M, In-Place: 0
[60.368s][info][gc,reloc    ] GC(385) Large Pages: 2 / 12M, Empty: 0M, Relocated: 0M, In-Place: 0
[60.368s][info][gc,reloc    ] GC(385) Forwarding Usage: 1M
[60.368s][info][gc,heap     ] GC(385) Min Capacity: 8M(1%)
[60.368s][info][gc,heap     ] GC(385) Max Capacity: 1024M(100%)
[60.368s][info][gc,heap     ] GC(385) Soft Max Capacity: 1024M(100%)
[60.368s][info][gc,heap     ] GC(385)                Mark Start          Mark End        Relocate Start      Relocate End           High               Low         
[60.368s][info][gc,heap     ] GC(385)  Capacity:     1024M (100%)       1024M (100%)       1024M (100%)       1024M (100%)       1024M (100%)       1024M (100%)   
[60.368s][info][gc,heap     ] GC(385)      Free:      482M (47%)         298M (29%)         536M (52%)         544M (53%)         544M (53%)         288M (28%)    
[60.368s][info][gc,heap     ] GC(385)      Used:      542M (53%)         726M (71%)         488M (48%)         480M (47%)         736M (72%)         480M (47%)    
[60.368s][info][gc,heap     ] GC(385)      Live:         -               204M (20%)         204M (20%)         204M (20%)            -                  -          
[60.368s][info][gc,heap     ] GC(385) Allocated:         -               184M (18%)         208M (20%)         213M (21%)            -                  -          
[60.368s][info][gc,heap     ] GC(385)   Garbage:         -               337M (33%)          75M (7%)           61M (6%)             -                  -          
[60.369s][info][gc,heap     ] GC(385) Reclaimed:         -                  -               262M (26%)         275M (27%)            -                  -          
[60.369s][info][gc          ] GC(385) Garbage Collection (Allocation Rate) 542M(53%)->480M(47%)
[60.406s][info][gc,start    ] GC(386) Garbage Collection (Allocation Rate)
[60.406s][info][gc,task     ] GC(386) Using 10 workers
[60.406s][info][gc,phases   ] GC(386) Pause Mark Start 0.012ms
[60.469s][info][gc,phases   ] GC(386) Concurrent Mark 62.200ms
[60.469s][info][gc,phases   ] GC(386) Pause Mark End 0.029ms
[60.469s][info][gc,phases   ] GC(386) Concurrent Mark Free 0.002ms
[60.471s][info][gc,phases   ] GC(386) Concurrent Process Non-Strong References 1.822ms
[60.471s][info][gc,phases   ] GC(386) Concurrent Reset Relocation Set 0.003ms
[60.474s][info][gc,phases   ] GC(386) Concurrent Select Relocation Set 3.659ms
[60.474s][info][gc,phases   ] GC(386) Pause Relocate Start 0.008ms
[60.476s][info][gc,phases   ] GC(386) Concurrent Relocate 1.648ms
[60.476s][info][gc,load     ] GC(386) Load: 0.00/0.00/0.00
[60.476s][info][gc,mmu      ] GC(386) MMU: 2ms/96.6%, 5ms/98.6%, 10ms/99.3%, 20ms/99.7%, 50ms/99.8%, 100ms/99.9%
[60.476s][info][gc,marking  ] GC(386) Mark: 8 stripe(s), 2 proactive flush(es), 1 terminate flush(es), 0 completion(s), 0 continuation(s) 
[60.476s][info][gc,marking  ] GC(386) Mark Stack Usage: 32M
[60.476s][info][gc,nmethod  ] GC(386) NMethods: 5176 registered, 1963 unregistered
[60.476s][info][gc,metaspace] GC(386) Metaspace: 59M used, 60M committed, 1088M reserved
[60.476s][info][gc,ref      ] GC(386) Soft: 3045 encountered, 0 discovered, 0 enqueued
[60.476s][info][gc,ref      ] GC(386) Weak: 5983 encountered, 360 discovered, 0 enqueued
[60.476s][info][gc,ref      ] GC(386) Final: 60 encountered, 0 discovered, 0 enqueued
[60.477s][info][gc,ref      ] GC(386) Phantom: 608 encountered, 331 discovered, 0 enqueued
[60.477s][info][gc,reloc    ] GC(386) Small Pages: 283 / 566M, Empty: 330M, Relocated: 3M, In-Place: 0
[60.477s][info][gc,reloc    ] GC(386) Medium Pages: 1 / 32M, Empty: 0M, Relocated: 0M, In-Place: 0
[60.477s][info][gc,reloc    ] GC(386) Large Pages: 2 / 12M, Empty: 0M, Relocated: 0M, In-Place: 0
[60.477s][info][gc,reloc    ] GC(386) Forwarding Usage: 1M
[60.477s][info][gc,heap     ] GC(386) Min Capacity: 8M(1%)
[60.477s][info][gc,heap     ] GC(386) Max Capacity: 1024M(100%)
[60.477s][info][gc,heap     ] GC(386) Soft Max Capacity: 1024M(100%)
[60.477s][info][gc,heap     ] GC(386)                Mark Start          Mark End        Relocate Start      Relocate End           High               Low         
[60.477s][info][gc,heap     ] GC(386)  Capacity:     1024M (100%)       1024M (100%)       1024M (100%)       1024M (100%)       1024M (100%)       1024M (100%)   
[60.477s][info][gc,heap     ] GC(386)      Free:      414M (40%)         208M (20%)         518M (51%)         526M (51%)         526M (51%)         200M (20%)    
[60.477s][info][gc,heap     ] GC(386)      Used:      610M (60%)         816M (80%)         506M (49%)         498M (49%)         824M (80%)         498M (49%)    
[60.477s][info][gc,heap     ] GC(386)      Live:         -               204M (20%)         204M (20%)         204M (20%)            -                  -          
[60.477s][info][gc,heap     ] GC(386) Allocated:         -               206M (20%)         226M (22%)         231M (23%)            -                  -          
[60.477s][info][gc,heap     ] GC(386)   Garbage:         -               405M (40%)          75M (7%)           61M (6%)             -                  -          
[60.477s][info][gc,heap     ] GC(386) Reclaimed:         -                  -               330M (32%)         343M (34%)            -                  -          
[60.477s][info][gc          ] GC(386) Garbage Collection (Allocation Rate) 610M(60%)->498M(49%)
[60.500s][info][gc,start    ] GC(387) Garbage Collection (Allocation Rate)
[60.500s][info][gc,task     ] GC(387) Using 10 workers
[60.500s][info][gc,phases   ] GC(387) Pause Mark Start 0.011ms
[60.562s][info][gc,phases   ] GC(387) Concurrent Mark 62.119ms
[60.562s][info][gc,phases   ] GC(387) Pause Mark End 0.024ms
[60.562s][info][gc,phases   ] GC(387) Concurrent Mark Free 0.001ms
[60.564s][info][gc,phases   ] GC(387) Concurrent Process Non-Strong References 1.811ms
[60.564s][info][gc,phases   ] GC(387) Concurrent Reset Relocation Set 0.002ms
[60.568s][info][gc,phases   ] GC(387) Concurrent Select Relocation Set 3.686ms
[60.568s][info][gc,phases   ] GC(387) Pause Relocate Start 0.007ms
[60.570s][info][gc,phases   ] GC(387) Concurrent Relocate 1.948ms
[60.570s][info][gc,load     ] GC(387) Load: 0.00/0.00/0.00
[60.570s][info][gc,mmu      ] GC(387) MMU: 2ms/96.6%, 5ms/98.6%, 10ms/99.3%, 20ms/99.7%, 50ms/99.8%, 100ms/99.9%
[60.570s][info][gc,marking  ] GC(387) Mark: 8 stripe(s), 2 proactive flush(es), 1 terminate flush(es), 0 completion(s), 0 continuation(s) 
[60.570s][info][gc,marking  ] GC(387) Mark Stack Usage: 32M
[60.570s][info][gc,nmethod  ] GC(387) NMethods: 5176 registered, 1963 unregistered
[60.570s][info][gc,metaspace] GC(387) Metaspace: 59M used, 60M committed, 1088M reserved
[60.570s][info][gc,ref      ] GC(387) Soft: 3045 encountered, 0 discovered, 0 enqueued
[60.570s][info][gc,ref      ] GC(387) Weak: 5983 encountered, 839 discovered, 0 enqueued
[60.570s][info][gc,ref      ] GC(387) Final: 60 encountered, 3 discovered, 0 enqueued
[60.571s][info][gc,ref      ] GC(387) Phantom: 608 encountered, 434 discovered, 0 enqueued
[60.571s][info][gc,reloc    ] GC(387) Small Pages: 269 / 538M, Empty: 304M, Relocated: 3M, In-Place: 0
[60.571s][info][gc,reloc    ] GC(387) Medium Pages: 1 / 32M, Empty: 0M, Relocated: 0M, In-Place: 0
[60.571s][info][gc,reloc    ] GC(387) Large Pages: 2 / 12M, Empty: 0M, Relocated: 0M, In-Place: 0
[60.571s][info][gc,reloc    ] GC(387) Forwarding Usage: 1M
[60.571s][info][gc,heap     ] GC(387) Min Capacity: 8M(1%)
[60.571s][info][gc,heap     ] GC(387) Max Capacity: 1024M(100%)
[60.571s][info][gc,heap     ] GC(387) Soft Max Capacity: 1024M(100%)
[60.571s][info][gc,heap     ] GC(387)                Mark Start          Mark End        Relocate Start      Relocate End           High               Low         
[60.571s][info][gc,heap     ] GC(387)  Capacity:     1024M (100%)       1024M (100%)       1024M (100%)       1024M (100%)       1024M (100%)       1024M (100%)   
[60.571s][info][gc,heap     ] GC(387)      Free:      442M (43%)         224M (22%)         506M (49%)         514M (50%)         514M (50%)         216M (21%)    
[60.571s][info][gc,heap     ] GC(387)      Used:      582M (57%)         800M (78%)         518M (51%)         510M (50%)         808M (79%)         510M (50%)    
[60.571s][info][gc,heap     ] GC(387)      Live:         -               204M (20%)         204M (20%)         204M (20%)            -                  -          
[60.571s][info][gc,heap     ] GC(387) Allocated:         -               218M (21%)         240M (23%)         243M (24%)            -                  -          
[60.571s][info][gc,heap     ] GC(387)   Garbage:         -               377M (37%)          73M (7%)           61M (6%)             -                  -          
[60.571s][info][gc,heap     ] GC(387) Reclaimed:         -                  -               304M (30%)         315M (31%)            -                  -          
[60.571s][info][gc          ] GC(387) Garbage Collection (Allocation Rate) 582M(57%)->510M(50%)
[60.594s][info][gc,start    ] GC(388) Garbage Collection (Allocation Rate)
[60.594s][info][gc,task     ] GC(388) Using 10 workers
[60.594s][info][gc,phases   ] GC(388) Pause Mark Start 0.014ms
[60.656s][info][gc,phases   ] GC(388) Concurrent Mark 62.140ms
[60.656s][info][gc,phases   ] GC(388) Pause Mark End 0.027ms
[60.656s][info][gc,phases   ] GC(388) Concurrent Mark Free 0.001ms
[60.658s][info][gc,phases   ] GC(388) Concurrent Process Non-Strong References 1.856ms
[60.658s][info][gc,phases   ] GC(388) Concurrent Reset Relocation Set 0.002ms
[60.662s][info][gc,phases   ] GC(388) Concurrent Select Relocation Set 3.653ms
[60.662s][info][gc,phases   ] GC(388) Pause Relocate Start 0.008ms
[60.664s][info][gc,phases   ] GC(388) Concurrent Relocate 2.049ms
[60.664s][info][gc,load     ] GC(388) Load: 0.00/0.00/0.00
[60.664s][info][gc,mmu      ] GC(388) MMU: 2ms/96.6%, 5ms/98.6%, 10ms/99.3%, 20ms/99.7%, 50ms/99.8%, 100ms/99.9%
[60.664s][info][gc,marking  ] GC(388) Mark: 8 stripe(s), 2 proactive flush(es), 1 terminate flush(es), 0 completion(s), 0 continuation(s) 
[60.664s][info][gc,marking  ] GC(388) Mark Stack Usage: 32M
[60.664s][info][gc,nmethod  ] GC(388) NMethods: 5176 registered, 1963 unregistered
[60.664s][info][gc,metaspace] GC(388) Metaspace: 59M used, 60M committed, 1088M reserved
[60.664s][info][gc,ref      ] GC(388) Soft: 3045 encountered, 0 discovered, 0 enqueued
[60.664s][info][gc,ref      ] GC(388) Weak: 5983 encountered, 1898 discovered, 0 enqueued
[60.664s][info][gc,ref      ] GC(388) Final: 60 encountered, 0 discovered, 0 enqueued
[60.664s][info][gc,ref      ] GC(388) Phantom: 608 encountered, 406 discovered, 0 enqueued
[60.664s][info][gc,reloc    ] GC(388) Small Pages: 259 / 518M, Empty: 282M, Relocated: 3M, In-Place: 0
[60.664s][info][gc,reloc    ] GC(388) Medium Pages: 1 / 32M, Empty: 0M, Relocated: 0M, In-Place: 0
[60.665s][info][gc,reloc    ] GC(388) Large Pages: 2 / 12M, Empty: 0M, Relocated: 0M, In-Place: 0
[60.665s][info][gc,reloc    ] GC(388) Forwarding Usage: 1M
[60.665s][info][gc,heap     ] GC(388) Min Capacity: 8M(1%)
[60.665s][info][gc,heap     ] GC(388) Max Capacity: 1024M(100%)
[60.665s][info][gc,heap     ] GC(388) Soft Max Capacity: 1024M(100%)
[60.665s][info][gc,heap     ] GC(388)                Mark Start          Mark End        Relocate Start      Relocate End           High               Low         
[60.665s][info][gc,heap     ] GC(388)  Capacity:     1024M (100%)       1024M (100%)       1024M (100%)       1024M (100%)       1024M (100%)       1024M (100%)   
[60.665s][info][gc,heap     ] GC(388)      Free:      462M (45%)         322M (31%)         590M (58%)         600M (59%)         600M (59%)         318M (31%)    
[60.665s][info][gc,heap     ] GC(388)      Used:      562M (55%)         702M (69%)         434M (42%)         424M (41%)         706M (69%)         424M (41%)    
[60.665s][info][gc,heap     ] GC(388)      Live:         -               204M (20%)         204M (20%)         204M (20%)            -                  -          
[60.665s][info][gc,heap     ] GC(388) Allocated:         -               140M (14%)         154M (15%)         157M (15%)            -                  -          
[60.665s][info][gc,heap     ] GC(388)   Garbage:         -               357M (35%)          75M (7%)           61M (6%)             -                  -          
[60.665s][info][gc,heap     ] GC(388) Reclaimed:         -                  -               282M (28%)         295M (29%)            -                  -          
[60.665s][info][gc          ] GC(388) Garbage Collection (Allocation Rate) 562M(55%)->424M(41%)
[60.703s][info][gc,start    ] GC(389) Garbage Collection (Allocation Rate)
[60.703s][info][gc,task     ] GC(389) Using 10 workers
[60.703s][info][gc,phases   ] GC(389) Pause Mark Start 0.013ms
[60.765s][info][gc,phases   ] GC(389) Concurrent Mark 62.144ms
[60.765s][info][gc,phases   ] GC(389) Pause Mark End 0.034ms
[60.766s][info][gc,phases   ] GC(389) Concurrent Mark Free 0.001ms
[60.768s][info][gc,phases   ] GC(389) Concurrent Process Non-Strong References 1.953ms
[60.768s][info][gc,phases   ] GC(389) Concurrent Reset Relocation Set 0.001ms
[60.770s][info][gc,phases   ] GC(389) Concurrent Select Relocation Set 2.478ms
[60.770s][info][gc,phases   ] GC(389) Pause Relocate Start 0.010ms
[60.773s][info][gc,phases   ] GC(389) Concurrent Relocate 2.797ms
[60.773s][info][gc,load     ] GC(389) Load: 0.00/0.00/0.00
[60.773s][info][gc,mmu      ] GC(389) MMU: 2ms/96.6%, 5ms/98.6%, 10ms/99.3%, 20ms/99.7%, 50ms/99.8%, 100ms/99.9%
[60.773s][info][gc,marking  ] GC(389) Mark: 8 stripe(s), 2 proactive flush(es), 1 terminate flush(es), 0 completion(s), 0 continuation(s) 
[60.773s][info][gc,marking  ] GC(389) Mark Stack Usage: 32M
[60.773s][info][gc,nmethod  ] GC(389) NMethods: 5176 registered, 1963 unregistered
[60.773s][info][gc,metaspace] GC(389) Metaspace: 59M used, 60M committed, 1088M reserved
[60.773s][info][gc,ref      ] GC(389) Soft: 3045 encountered, 0 discovered, 0 enqueued
[60.773s][info][gc,ref      ] GC(389) Weak: 5983 encountered, 385 discovered, 0 enqueued
[60.773s][info][gc,ref      ] GC(389) Final: 60 encountered, 0 discovered, 0 enqueued
[60.773s][info][gc,ref      ] GC(389) Phantom: 608 encountered, 418 discovered, 0 enqueued
[60.773s][info][gc,reloc    ] GC(389) Small Pages: 246 / 492M, Empty: 258M, Relocated: 3M, In-Place: 0
[60.773s][info][gc,reloc    ] GC(389) Medium Pages: 1 / 32M, Empty: 0M, Relocated: 0M, In-Place: 0
[60.773s][info][gc,reloc    ] GC(389) Large Pages: 2 / 12M, Empty: 0M, Relocated: 0M, In-Place: 0
[60.773s][info][gc,reloc    ] GC(389) Forwarding Usage: 1M
[60.773s][info][gc,heap     ] GC(389) Min Capacity: 8M(1%)
[60.773s][info][gc,heap     ] GC(389) Max Capacity: 1024M(100%)
[60.773s][info][gc,heap     ] GC(389) Soft Max Capacity: 1024M(100%)
[60.773s][info][gc,heap     ] GC(389)                Mark Start          Mark End        Relocate Start      Relocate End           High               Low         
[60.773s][info][gc,heap     ] GC(389)  Capacity:     1024M (100%)       1024M (100%)       1024M (100%)       1024M (100%)       1024M (100%)       1024M (100%)   
[60.773s][info][gc,heap     ] GC(389)      Free:      488M (48%)         328M (32%)         572M (56%)         574M (56%)         578M (56%)         322M (31%)    
[60.773s][info][gc,heap     ] GC(389)      Used:      536M (52%)         696M (68%)         452M (44%)         450M (44%)         702M (69%)         446M (44%)    
[60.773s][info][gc,heap     ] GC(389)      Live:         -               204M (20%)         204M (20%)         204M (20%)            -                  -          
[60.773s][info][gc,heap     ] GC(389) Allocated:         -               160M (16%)         174M (17%)         183M (18%)            -                  -          
[60.773s][info][gc,heap     ] GC(389)   Garbage:         -               331M (32%)          73M (7%)           61M (6%)             -                  -          
[60.773s][info][gc,heap     ] GC(389) Reclaimed:         -                  -               258M (25%)         269M (26%)            -                  -          
[60.773s][info][gc          ] GC(389) Garbage Collection (Allocation Rate) 536M(52%)->450M(44%)
[60.797s][info][gc,start    ] GC(390) Garbage Collection (Allocation Rate)
[60.797s][info][gc,task     ] GC(390) Using 10 workers
[60.812s][info][gc,phases   ] GC(390) Pause Mark Start 0.011ms
[60.866s][info][gc,phases   ] GC(390) Concurrent Mark 53.693ms
[60.866s][info][gc,phases   ] GC(390) Pause Mark End 0.029ms
[60.866s][info][gc,phases   ] GC(390) Concurrent Mark Free 0.001ms
[60.868s][info][gc,phases   ] GC(390) Concurrent Process Non-Strong References 1.661ms
[60.868s][info][gc,phases   ] GC(390) Concurrent Reset Relocation Set 0.003ms
[60.872s][info][gc,phases   ] GC(390) Concurrent Select Relocation Set 3.673ms
[60.872s][info][gc,phases   ] GC(390) Pause Relocate Start 0.008ms
[60.874s][info][gc,phases   ] GC(390) Concurrent Relocate 1.686ms
[60.874s][info][gc,load     ] GC(390) Load: 0.00/0.00/0.00
[60.874s][info][gc,mmu      ] GC(390) MMU: 2ms/96.6%, 5ms/98.6%, 10ms/99.3%, 20ms/99.7%, 50ms/99.8%, 100ms/99.9%
[60.874s][info][gc,marking  ] GC(390) Mark: 8 stripe(s), 2 proactive flush(es), 1 terminate flush(es), 0 completion(s), 0 continuation(s) 
[60.874s][info][gc,marking  ] GC(390) Mark Stack Usage: 32M
[60.874s][info][gc,nmethod  ] GC(390) NMethods: 5176 registered, 1963 unregistered
[60.874s][info][gc,metaspace] GC(390) Metaspace: 59M used, 60M committed, 1088M reserved
[60.874s][info][gc,ref      ] GC(390) Soft: 3045 encountered, 0 discovered, 0 enqueued
[60.874s][info][gc,ref      ] GC(390) Weak: 5983 encountered, 591 discovered, 0 enqueued
[60.874s][info][gc,ref      ] GC(390) Final: 60 encountered, 0 discovered, 0 enqueued
[60.874s][info][gc,ref      ] GC(390) Phantom: 608 encountered, 361 discovered, 0 enqueued
[60.874s][info][gc,reloc    ] GC(390) Small Pages: 244 / 488M, Empty: 254M, Relocated: 3M, In-Place: 0
[60.874s][info][gc,reloc    ] GC(390) Medium Pages: 1 / 32M, Empty: 0M, Relocated: 0M, In-Place: 0
[60.874s][info][gc,reloc    ] GC(390) Large Pages: 2 / 12M, Empty: 0M, Relocated: 0M, In-Place: 0
[60.874s][info][gc,reloc    ] GC(390) Forwarding Usage: 1M
[60.874s][info][gc,heap     ] GC(390) Min Capacity: 8M(1%)
[60.874s][info][gc,heap     ] GC(390) Max Capacity: 1024M(100%)
[60.874s][info][gc,heap     ] GC(390) Soft Max Capacity: 1024M(100%)
[60.874s][info][gc,heap     ] GC(390)                Mark Start          Mark End        Relocate Start      Relocate End           High               Low         
[60.874s][info][gc,heap     ] GC(390)  Capacity:     1024M (100%)       1024M (100%)       1024M (100%)       1024M (100%)       1024M (100%)       1024M (100%)   
[60.874s][info][gc,heap     ] GC(390)      Free:      492M (48%)         354M (35%)         588M (57%)         594M (58%)         594M (58%)         346M (34%)    
[60.874s][info][gc,heap     ] GC(390)      Used:      532M (52%)         670M (65%)         436M (43%)         430M (42%)         678M (66%)         430M (42%)    
[60.874s][info][gc,heap     ] GC(390)      Live:         -               204M (20%)         204M (20%)         204M (20%)            -                  -          
[60.874s][info][gc,heap     ] GC(390) Allocated:         -               138M (13%)         158M (15%)         163M (16%)            -                  -          
[60.874s][info][gc,heap     ] GC(390)   Garbage:         -               327M (32%)          73M (7%)           61M (6%)             -                  -          
[60.874s][info][gc,heap     ] GC(390) Reclaimed:         -                  -               254M (25%)         265M (26%)            -                  -          
[60.874s][info][gc          ] GC(390) Garbage Collection (Allocation Rate) 532M(52%)->430M(42%)
[60.897s][info][gc,start    ] GC(391) Garbage Collection (Allocation Rate)
[60.897s][info][gc,task     ] GC(391) Using 10 workers
[60.897s][info][gc,phases   ] GC(391) Pause Mark Start 0.012ms
[60.947s][info][gc,phases   ] GC(391) Concurrent Mark 49.934ms
[60.948s][info][gc,phases   ] GC(391) Pause Mark End 0.024ms
[60.948s][info][gc,phases   ] GC(391) Concurrent Mark Free 0.001ms
[60.949s][info][gc,phases   ] GC(391) Concurrent Process Non-Strong References 1.518ms
[60.949s][info][gc,phases   ] GC(391) Concurrent Reset Relocation Set 0.003ms
[60.953s][info][gc,phases   ] GC(391) Concurrent Select Relocation Set 3.672ms
[60.953s][info][gc,phases   ] GC(391) Pause Relocate Start 0.008ms
[60.955s][info][gc,phases   ] GC(391) Concurrent Relocate 1.466ms
[60.955s][info][gc,load     ] GC(391) Load: 0.00/0.00/0.00
[60.955s][info][gc,mmu      ] GC(391) MMU: 2ms/96.6%, 5ms/98.6%, 10ms/99.3%, 20ms/99.7%, 50ms/99.8%, 100ms/99.9%
[60.955s][info][gc,marking  ] GC(391) Mark: 8 stripe(s), 2 proactive flush(es), 1 terminate flush(es), 0 completion(s), 0 continuation(s) 
[60.955s][info][gc,marking  ] GC(391) Mark Stack Usage: 32M
[60.955s][info][gc,nmethod  ] GC(391) NMethods: 5227 registered, 1963 unregistered
[60.955s][info][gc,metaspace] GC(391) Metaspace: 59M used, 60M committed, 1088M reserved
[60.955s][info][gc,ref      ] GC(391) Soft: 3044 encountered, 0 discovered, 0 enqueued
[60.955s][info][gc,ref      ] GC(391) Weak: 5987 encountered, 546 discovered, 0 enqueued
[60.955s][info][gc,ref      ] GC(391) Final: 60 encountered, 0 discovered, 0 enqueued
[60.955s][info][gc,ref      ] GC(391) Phantom: 608 encountered, 341 discovered, 0 enqueued
[60.955s][info][gc,reloc    ] GC(391) Small Pages: 216 / 432M, Empty: 194M, Relocated: 3M, In-Place: 0
[60.955s][info][gc,reloc    ] GC(391) Medium Pages: 1 / 32M, Empty: 0M, Relocated: 0M, In-Place: 0
[60.955s][info][gc,reloc    ] GC(391) Large Pages: 2 / 12M, Empty: 0M, Relocated: 0M, In-Place: 0
[60.955s][info][gc,reloc    ] GC(391) Forwarding Usage: 1M
[60.955s][info][gc,heap     ] GC(391) Min Capacity: 8M(1%)
[60.955s][info][gc,heap     ] GC(391) Max Capacity: 1024M(100%)
[60.955s][info][gc,heap     ] GC(391) Soft Max Capacity: 1024M(100%)
[60.955s][info][gc,heap     ] GC(391)                Mark Start          Mark End        Relocate Start      Relocate End           High               Low         
[60.955s][info][gc,heap     ] GC(391)  Capacity:     1024M (100%)       1024M (100%)       1024M (100%)       1024M (100%)       1024M (100%)       1024M (100%)   
[60.955s][info][gc,heap     ] GC(391)      Free:      548M (54%)         490M (48%)         684M (67%)         700M (68%)         700M (68%)         490M (48%)    
[60.955s][info][gc,heap     ] GC(391)      Used:      476M (46%)         534M (52%)         340M (33%)         324M (32%)         534M (52%)         324M (32%)    
[60.955s][info][gc,heap     ] GC(391)      Live:         -               204M (20%)         204M (20%)         204M (20%)            -                  -          
[60.955s][info][gc,heap     ] GC(391) Allocated:         -                58M (6%)           58M (6%)           58M (6%)             -                  -          
[60.955s][info][gc,heap     ] GC(391)   Garbage:         -               271M (27%)          77M (8%)           61M (6%)             -                  -          
[60.955s][info][gc,heap     ] GC(391) Reclaimed:         -                  -               194M (19%)         210M (21%)            -                  -          
[60.955s][info][gc          ] GC(391) Garbage Collection (Allocation Rate) 476M(46%)->324M(32%)
[60.956s][info][gc,start    ] GC(392) Garbage Collection (System.gc())
[60.956s][info][gc,task     ] GC(392) Using 10 workers
[60.956s][info][gc,phases   ] GC(392) Pause Mark Start 0.006ms
[60.996s][info][gc,phases   ] GC(392) Concurrent Mark 40.480ms
[60.996s][info][gc,phases   ] GC(392) Pause Mark End 0.024ms
[60.996s][info][gc,phases   ] GC(392) Concurrent Mark Free 0.001ms
[60.998s][info][gc,phases   ] GC(392) Concurrent Process Non-Strong References 1.612ms
[60.998s][info][gc,phases   ] GC(392) Concurrent Reset Relocation Set 0.002ms
[61.000s][info][gc,phases   ] GC(392) Concurrent Select Relocation Set 2.409ms
[61.000s][info][gc,phases   ] GC(392) Pause Relocate Start 0.009ms
[61.002s][info][gc,phases   ] GC(392) Concurrent Relocate 1.467ms
[61.002s][info][gc,load     ] GC(392) Load: 0.00/0.00/0.00
[61.002s][info][gc,mmu      ] GC(392) MMU: 2ms/96.6%, 5ms/98.6%, 10ms/99.3%, 20ms/99.7%, 50ms/99.8%, 100ms/99.9%
[61.002s][info][gc,marking  ] GC(392) Mark: 8 stripe(s), 3 proactive flush(es), 1 terminate flush(es), 0 completion(s), 0 continuation(s) 
[61.002s][info][gc,marking  ] GC(392) Mark Stack Usage: 32M
[61.002s][info][gc,nmethod  ] GC(392) NMethods: 5236 registered, 1967 unregistered
[61.002s][info][gc,metaspace] GC(392) Metaspace: 59M used, 60M committed, 1088M reserved
[61.002s][info][gc,ref      ] GC(392) Soft: 3043 encountered, 0 discovered, 0 enqueued
[61.002s][info][gc,ref      ] GC(392) Weak: 6051 encountered, 1581 discovered, 121 enqueued
[61.002s][info][gc,ref      ] GC(392) Final: 60 encountered, 19 discovered, 0 enqueued
[61.002s][info][gc,ref      ] GC(392) Phantom: 608 encountered, 509 discovered, 0 enqueued
[61.002s][info][gc,reloc    ] GC(392) Small Pages: 137 / 274M, Empty: 44M, Relocated: 3M, In-Place: 0
[61.002s][info][gc,reloc    ] GC(392) Medium Pages: 1 / 32M, Empty: 0M, Relocated: 0M, In-Place: 0
[61.002s][info][gc,reloc    ] GC(392) Large Pages: 3 / 18M, Empty: 6M, Relocated: 0M, In-Place: 0
[61.002s][info][gc,reloc    ] GC(392) Forwarding Usage: 1M
[61.002s][info][gc,heap     ] GC(392) Min Capacity: 8M(1%)
[61.002s][info][gc,heap     ] GC(392) Max Capacity: 1024M(100%)
[61.002s][info][gc,heap     ] GC(392) Soft Max Capacity: 1024M(100%)
[61.002s][info][gc,heap     ] GC(392)                Mark Start          Mark End        Relocate Start      Relocate End           High               Low         
[61.002s][info][gc,heap     ] GC(392)  Capacity:     1024M (100%)       1024M (100%)       1024M (100%)       1024M (100%)       1024M (100%)       1024M (100%)   
[61.002s][info][gc,heap     ] GC(392)      Free:      700M (68%)         700M (68%)         744M (73%)         752M (73%)         752M (73%)         694M (68%)    
[61.002s][info][gc,heap     ] GC(392)      Used:      324M (32%)         324M (32%)         280M (27%)         272M (27%)         330M (32%)         272M (27%)    
[61.002s][info][gc,heap     ] GC(392)      Live:         -               203M (20%)         203M (20%)         203M (20%)            -                  -          
[61.002s][info][gc,heap     ] GC(392) Allocated:         -                 0M (0%)            6M (1%)            5M (1%)             -                  -          
[61.002s][info][gc,heap     ] GC(392)   Garbage:         -               120M (12%)          70M (7%)           62M (6%)             -                  -          
[61.002s][info][gc,heap     ] GC(392) Reclaimed:         -                  -                50M (5%)           57M (6%)             -                  -          
[61.002s][info][gc          ] GC(392) Garbage Collection (System.gc()) 324M(32%)->272M(27%)
[61.199s][info][gc,start    ] GC(393) Garbage Collection (Allocation Rate)
[61.199s][info][gc,task     ] GC(393) Using 10 workers
[61.200s][info][gc,phases   ] GC(393) Pause Mark Start 0.016ms
[61.262s][info][gc,phases   ] GC(393) Concurrent Mark 62.062ms
[61.262s][info][gc,phases   ] GC(393) Pause Mark End 0.034ms
[61.262s][info][gc,phases   ] GC(393) Concurrent Mark Free 0.001ms
[61.264s][info][gc,phases   ] GC(393) Concurrent Process Non-Strong References 1.874ms
[61.264s][info][gc,phases   ] GC(393) Concurrent Reset Relocation Set 0.001ms
[61.268s][info][gc,phases   ] GC(393) Concurrent Select Relocation Set 4.441ms
[61.268s][info][gc,phases   ] GC(393) Pause Relocate Start 0.013ms
[61.271s][info][gc,phases   ] GC(393) Concurrent Relocate 2.740ms
[61.271s][info][gc,load     ] GC(393) Load: 0.00/0.00/0.00
[61.271s][info][gc,mmu      ] GC(393) MMU: 2ms/96.6%, 5ms/98.6%, 10ms/99.3%, 20ms/99.7%, 50ms/99.8%, 100ms/99.9%
[61.271s][info][gc,marking  ] GC(393) Mark: 8 stripe(s), 3 proactive flush(es), 1 terminate flush(es), 0 completion(s), 0 continuation(s) 
[61.271s][info][gc,marking  ] GC(393) Mark Stack Usage: 32M
[61.271s][info][gc,nmethod  ] GC(393) NMethods: 5256 registered, 1971 unregistered
[61.271s][info][gc,metaspace] GC(393) Metaspace: 59M used, 60M committed, 1088M reserved
[61.271s][info][gc,ref      ] GC(393) Soft: 3045 encountered, 0 discovered, 0 enqueued
[61.271s][info][gc,ref      ] GC(393) Weak: 6067 encountered, 1536 discovered, 74 enqueued
[61.271s][info][gc,ref      ] GC(393) Final: 60 encountered, 57 discovered, 0 enqueued
[61.271s][info][gc,ref      ] GC(393) Phantom: 608 encountered, 330 discovered, 0 enqueued
[61.271s][info][gc,reloc    ] GC(393) Small Pages: 327 / 654M, Empty: 400M, Relocated: 4M, In-Place: 0
[61.271s][info][gc,reloc    ] GC(393) Medium Pages: 2 / 64M, Empty: 32M, Relocated: 0M, In-Place: 0
[61.272s][info][gc,reloc    ] GC(393) Large Pages: 4 / 24M, Empty: 12M, Relocated: 0M, In-Place: 0
[61.272s][info][gc,reloc    ] GC(393) Forwarding Usage: 2M
[61.272s][info][gc,heap     ] GC(393) Min Capacity: 8M(1%)
[61.272s][info][gc,heap     ] GC(393) Max Capacity: 1024M(100%)
[61.272s][info][gc,heap     ] GC(393) Soft Max Capacity: 1024M(100%)
[61.272s][info][gc,heap     ] GC(393)                Mark Start          Mark End        Relocate Start      Relocate End           High               Low         
[61.272s][info][gc,heap     ] GC(393)  Capacity:     1024M (100%)       1024M (100%)       1024M (100%)       1024M (100%)       1024M (100%)       1024M (100%)   
[61.272s][info][gc,heap     ] GC(393)      Free:      282M (28%)          72M (7%)          490M (48%)         516M (50%)         518M (51%)          64M (6%)     
[61.272s][info][gc,heap     ] GC(393)      Used:      742M (72%)         952M (93%)         534M (52%)         508M (50%)         960M (94%)         506M (49%)    
[61.272s][info][gc,heap     ] GC(393)      Live:         -               204M (20%)         204M (20%)         204M (20%)            -                  -          
[61.272s][info][gc,heap     ] GC(393) Allocated:         -               210M (21%)         236M (23%)         243M (24%)            -                  -          
[61.272s][info][gc,heap     ] GC(393)   Garbage:         -               537M (53%)          93M (9%)           59M (6%)             -                  -          
[61.272s][info][gc,heap     ] GC(393) Reclaimed:         -                  -               444M (43%)         477M (47%)            -                  -          
[61.272s][info][gc          ] GC(393) Garbage Collection (Allocation Rate) 742M(72%)->508M(50%)
[61.293s][info][gc,start    ] GC(394) Garbage Collection (Allocation Rate)
[61.293s][info][gc,task     ] GC(394) Using 10 workers
[61.293s][info][gc,phases   ] GC(394) Pause Mark Start 0.011ms
[61.355s][info][gc,phases   ] GC(394) Concurrent Mark 62.154ms
[61.356s][info][gc,phases   ] GC(394) Pause Mark End 0.027ms
[61.356s][info][gc,phases   ] GC(394) Concurrent Mark Free 0.001ms
[61.358s][info][gc,phases   ] GC(394) Concurrent Process Non-Strong References 1.892ms
[61.358s][info][gc,phases   ] GC(394) Concurrent Reset Relocation Set 0.004ms
[61.361s][info][gc,phases   ] GC(394) Concurrent Select Relocation Set 3.713ms
[61.362s][info][gc,phases   ] GC(394) Pause Relocate Start 0.008ms
[61.365s][info][gc,phases   ] GC(394) Concurrent Relocate 3.312ms
[61.365s][info][gc,load     ] GC(394) Load: 0.00/0.00/0.00
[61.365s][info][gc,mmu      ] GC(394) MMU: 2ms/96.6%, 5ms/98.6%, 10ms/99.3%, 20ms/99.7%, 50ms/99.8%, 100ms/99.9%
[61.365s][info][gc,marking  ] GC(394) Mark: 8 stripe(s), 2 proactive flush(es), 1 terminate flush(es), 0 completion(s), 0 continuation(s) 
[61.365s][info][gc,marking  ] GC(394) Mark Stack Usage: 32M
[61.365s][info][gc,nmethod  ] GC(394) NMethods: 5256 registered, 1971 unregistered
[61.365s][info][gc,metaspace] GC(394) Metaspace: 59M used, 60M committed, 1088M reserved
[61.365s][info][gc,ref      ] GC(394) Soft: 3045 encountered, 0 discovered, 0 enqueued
[61.365s][info][gc,ref      ] GC(394) Weak: 5992 encountered, 1507 discovered, 14 enqueued
[61.365s][info][gc,ref      ] GC(394) Final: 60 encountered, 0 discovered, 0 enqueued
[61.365s][info][gc,ref      ] GC(394) Phantom: 608 encountered, 482 discovered, 0 enqueued
[61.365s][info][gc,reloc    ] GC(394) Small Pages: 267 / 534M, Empty: 292M, Relocated: 4M, In-Place: 0
[61.365s][info][gc,reloc    ] GC(394) Medium Pages: 1 / 32M, Empty: 0M, Relocated: 0M, In-Place: 0
[61.365s][info][gc,reloc    ] GC(394) Large Pages: 2 / 12M, Empty: 0M, Relocated: 0M, In-Place: 0
[61.365s][info][gc,reloc    ] GC(394) Forwarding Usage: 2M
[61.365s][info][gc,heap     ] GC(394) Min Capacity: 8M(1%)
[61.365s][info][gc,heap     ] GC(394) Max Capacity: 1024M(100%)
[61.365s][info][gc,heap     ] GC(394) Soft Max Capacity: 1024M(100%)
[61.365s][info][gc,heap     ] GC(394)                Mark Start          Mark End        Relocate Start      Relocate End           High               Low         
[61.365s][info][gc,heap     ] GC(394)  Capacity:     1024M (100%)       1024M (100%)       1024M (100%)       1024M (100%)       1024M (100%)       1024M (100%)   
[61.366s][info][gc,heap     ] GC(394)      Free:      446M (44%)         246M (24%)         518M (51%)         532M (52%)         534M (52%)         238M (23%)    
[61.366s][info][gc,heap     ] GC(394)      Used:      578M (56%)         778M (76%)         506M (49%)         492M (48%)         786M (77%)         490M (48%)    
[61.366s][info][gc,heap     ] GC(394)      Live:         -               204M (20%)         204M (20%)         204M (20%)            -                  -          
[61.366s][info][gc,heap     ] GC(394) Allocated:         -               200M (20%)         220M (21%)         227M (22%)            -                  -          
[61.366s][info][gc,heap     ] GC(394)   Garbage:         -               373M (37%)          81M (8%)           59M (6%)             -                  -          
[61.366s][info][gc,heap     ] GC(394) Reclaimed:         -                  -               292M (29%)         313M (31%)            -                  -          
[61.366s][info][gc          ] GC(394) Garbage Collection (Allocation Rate) 578M(56%)->492M(48%)
[61.402s][info][gc,start    ] GC(395) Garbage Collection (Allocation Rate)
[61.402s][info][gc,task     ] GC(395) Using 10 workers
[61.402s][info][gc,phases   ] GC(395) Pause Mark Start 0.012ms
[61.467s][info][gc,phases   ] GC(395) Concurrent Mark 64.125ms
[61.467s][info][gc,phases   ] GC(395) Pause Mark End 0.024ms
[61.467s][info][gc,phases   ] GC(395) Concurrent Mark Free 0.001ms
[61.469s][info][gc,phases   ] GC(395) Concurrent Process Non-Strong References 1.787ms
[61.469s][info][gc,phases   ] GC(395) Concurrent Reset Relocation Set 0.004ms
[61.473s][info][gc,phases   ] GC(395) Concurrent Select Relocation Set 3.701ms
[61.473s][info][gc,phases   ] GC(395) Pause Relocate Start 0.008ms
[61.476s][info][gc,phases   ] GC(395) Concurrent Relocate 3.077ms
[61.476s][info][gc,load     ] GC(395) Load: 0.00/0.00/0.00
[61.476s][info][gc,mmu      ] GC(395) MMU: 2ms/96.6%, 5ms/98.6%, 10ms/99.3%, 20ms/99.7%, 50ms/99.8%, 100ms/99.9%
[61.476s][info][gc,marking  ] GC(395) Mark: 8 stripe(s), 2 proactive flush(es), 1 terminate flush(es), 0 completion(s), 0 continuation(s) 
[61.476s][info][gc,marking  ] GC(395) Mark Stack Usage: 32M
[61.476s][info][gc,nmethod  ] GC(395) NMethods: 5256 registered, 1971 unregistered
[61.476s][info][gc,metaspace] GC(395) Metaspace: 59M used, 60M committed, 1088M reserved
[61.476s][info][gc,ref      ] GC(395) Soft: 3045 encountered, 0 discovered, 0 enqueued
[61.476s][info][gc,ref      ] GC(395) Weak: 5978 encountered, 695 discovered, 0 enqueued
[61.476s][info][gc,ref      ] GC(395) Final: 60 encountered, 54 discovered, 0 enqueued
[61.476s][info][gc,ref      ] GC(395) Phantom: 608 encountered, 385 discovered, 0 enqueued
[61.476s][info][gc,reloc    ] GC(395) Small Pages: 283 / 566M, Empty: 336M, Relocated: 4M, In-Place: 0
[61.476s][info][gc,reloc    ] GC(395) Medium Pages: 1 / 32M, Empty: 0M, Relocated: 0M, In-Place: 0
[61.476s][info][gc,reloc    ] GC(395) Large Pages: 2 / 12M, Empty: 0M, Relocated: 0M, In-Place: 0
[61.476s][info][gc,reloc    ] GC(395) Forwarding Usage: 2M
[61.476s][info][gc,heap     ] GC(395) Min Capacity: 8M(1%)
[61.476s][info][gc,heap     ] GC(395) Max Capacity: 1024M(100%)
[61.476s][info][gc,heap     ] GC(395) Soft Max Capacity: 1024M(100%)
[61.476s][info][gc,heap     ] GC(395)                Mark Start          Mark End        Relocate Start      Relocate End           High               Low         
[61.476s][info][gc,heap     ] GC(395)  Capacity:     1024M (100%)       1024M (100%)       1024M (100%)       1024M (100%)       1024M (100%)       1024M (100%)   
[61.476s][info][gc,heap     ] GC(395)      Free:      414M (40%)         212M (21%)         530M (52%)         530M (52%)         532M (52%)         204M (20%)    
[61.476s][info][gc,heap     ] GC(395)      Used:      610M (60%)         812M (79%)         494M (48%)         494M (48%)         820M (80%)         492M (48%)    
[61.477s][info][gc,heap     ] GC(395)      Live:         -               204M (20%)         204M (20%)         204M (20%)            -                  -          
[61.477s][info][gc,heap     ] GC(395) Allocated:         -               202M (20%)         220M (21%)         229M (22%)            -                  -          
[61.477s][info][gc,heap     ] GC(395)   Garbage:         -               405M (40%)          69M (7%)           59M (6%)             -                  -          
[61.477s][info][gc,heap     ] GC(395) Reclaimed:         -                  -               336M (33%)         345M (34%)            -                  -          
[61.477s][info][gc          ] GC(395) Garbage Collection (Allocation Rate) 610M(60%)->494M(48%)
[61.498s][info][gc,start    ] GC(396) Garbage Collection (Allocation Rate)
[61.498s][info][gc,task     ] GC(396) Using 10 workers
[61.498s][info][gc,phases   ] GC(396) Pause Mark Start 0.011ms
[61.560s][info][gc,phases   ] GC(396) Concurrent Mark 62.208ms
[61.561s][info][gc,phases   ] GC(396) Pause Mark End 0.020ms
[61.561s][info][gc,phases   ] GC(396) Concurrent Mark Free 0.001ms
[61.562s][info][gc,phases   ] GC(396) Concurrent Process Non-Strong References 1.802ms
[61.562s][info][gc,phases   ] GC(396) Concurrent Reset Relocation Set 0.002ms
[61.565s][info][gc,phases   ] GC(396) Concurrent Select Relocation Set 2.767ms
[61.565s][info][gc,phases   ] GC(396) Pause Relocate Start 0.009ms
[61.568s][info][gc,phases   ] GC(396) Concurrent Relocate 3.080ms
[61.569s][info][gc,load     ] GC(396) Load: 0.00/0.00/0.00
[61.569s][info][gc,mmu      ] GC(396) MMU: 2ms/96.6%, 5ms/98.6%, 10ms/99.3%, 20ms/99.7%, 50ms/99.8%, 100ms/99.9%
[61.569s][info][gc,marking  ] GC(396) Mark: 8 stripe(s), 2 proactive flush(es), 1 terminate flush(es), 0 completion(s), 0 continuation(s) 
[61.569s][info][gc,marking  ] GC(396) Mark Stack Usage: 32M
[61.569s][info][gc,nmethod  ] GC(396) NMethods: 5256 registered, 1971 unregistered
[61.569s][info][gc,metaspace] GC(396) Metaspace: 59M used, 60M committed, 1088M reserved
[61.569s][info][gc,ref      ] GC(396) Soft: 3045 encountered, 0 discovered, 0 enqueued
[61.569s][info][gc,ref      ] GC(396) Weak: 5978 encountered, 2071 discovered, 0 enqueued
[61.569s][info][gc,ref      ] GC(396) Final: 60 encountered, 56 discovered, 0 enqueued
[61.569s][info][gc,ref      ] GC(396) Phantom: 608 encountered, 371 discovered, 0 enqueued
[61.569s][info][gc,reloc    ] GC(396) Small Pages: 261 / 522M, Empty: 288M, Relocated: 4M, In-Place: 0
[61.569s][info][gc,reloc    ] GC(396) Medium Pages: 1 / 32M, Empty: 0M, Relocated: 0M, In-Place: 0
[61.569s][info][gc,reloc    ] GC(396) Large Pages: 2 / 12M, Empty: 0M, Relocated: 0M, In-Place: 0
[61.569s][info][gc,reloc    ] GC(396) Forwarding Usage: 2M
[61.569s][info][gc,heap     ] GC(396) Min Capacity: 8M(1%)
[61.569s][info][gc,heap     ] GC(396) Max Capacity: 1024M(100%)
[61.569s][info][gc,heap     ] GC(396) Soft Max Capacity: 1024M(100%)
[61.569s][info][gc,heap     ] GC(396)                Mark Start          Mark End        Relocate Start      Relocate End           High               Low         
[61.569s][info][gc,heap     ] GC(396)  Capacity:     1024M (100%)       1024M (100%)       1024M (100%)       1024M (100%)       1024M (100%)       1024M (100%)   
[61.569s][info][gc,heap     ] GC(396)      Free:      458M (45%)         260M (25%)         532M (52%)         540M (53%)         540M (53%)         254M (25%)    
[61.569s][info][gc,heap     ] GC(396)      Used:      566M (55%)         764M (75%)         492M (48%)         484M (47%)         770M (75%)         484M (47%)    
[61.569s][info][gc,heap     ] GC(396)      Live:         -               204M (20%)         204M (20%)         204M (20%)            -                  -          
[61.569s][info][gc,heap     ] GC(396) Allocated:         -               198M (19%)         214M (21%)         219M (21%)            -                  -          
[61.569s][info][gc,heap     ] GC(396)   Garbage:         -               361M (35%)          73M (7%)           59M (6%)             -                  -          
[61.569s][info][gc,heap     ] GC(396) Reclaimed:         -                  -               288M (28%)         301M (29%)            -                  -          
[61.569s][info][gc          ] GC(396) Garbage Collection (Allocation Rate) 566M(55%)->484M(47%)
[61.607s][info][gc,start    ] GC(397) Garbage Collection (Allocation Rate)
[61.607s][info][gc,task     ] GC(397) Using 10 workers
[61.607s][info][gc,phases   ] GC(397) Pause Mark Start 0.012ms
[61.670s][info][gc,phases   ] GC(397) Concurrent Mark 62.245ms
[61.670s][info][gc,phases   ] GC(397) Pause Mark End 0.026ms
[61.670s][info][gc,phases   ] GC(397) Concurrent Mark Free 0.001ms
[61.672s][info][gc,phases   ] GC(397) Concurrent Process Non-Strong References 1.794ms
[61.672s][info][gc,phases   ] GC(397) Concurrent Reset Relocation Set 0.003ms
[61.675s][info][gc,phases   ] GC(397) Concurrent Select Relocation Set 2.671ms
[61.675s][info][gc,phases   ] GC(397) Pause Relocate Start 0.009ms
[61.679s][info][gc,phases   ] GC(397) Concurrent Relocate 4.207ms
[61.679s][info][gc,load     ] GC(397) Load: 0.00/0.00/0.00
[61.679s][info][gc,mmu      ] GC(397) MMU: 2ms/96.6%, 5ms/98.6%, 10ms/99.3%, 20ms/99.7%, 50ms/99.8%, 100ms/99.9%
[61.679s][info][gc,marking  ] GC(397) Mark: 8 stripe(s), 2 proactive flush(es), 1 terminate flush(es), 0 completion(s), 0 continuation(s) 
[61.679s][info][gc,marking  ] GC(397) Mark Stack Usage: 32M
[61.679s][info][gc,nmethod  ] GC(397) NMethods: 5256 registered, 1971 unregistered
[61.679s][info][gc,metaspace] GC(397) Metaspace: 59M used, 60M committed, 1088M reserved
[61.679s][info][gc,ref      ] GC(397) Soft: 3045 encountered, 0 discovered, 0 enqueued
[61.679s][info][gc,ref      ] GC(397) Weak: 5978 encountered, 2262 discovered, 0 enqueued
[61.679s][info][gc,ref      ] GC(397) Final: 60 encountered, 55 discovered, 0 enqueued
[61.679s][info][gc,ref      ] GC(397) Phantom: 608 encountered, 443 discovered, 0 enqueued
[61.679s][info][gc,reloc    ] GC(397) Small Pages: 264 / 528M, Empty: 294M, Relocated: 4M, In-Place: 0
[61.679s][info][gc,reloc    ] GC(397) Medium Pages: 1 / 32M, Empty: 0M, Relocated: 0M, In-Place: 0
[61.679s][info][gc,reloc    ] GC(397) Large Pages: 2 / 12M, Empty: 0M, Relocated: 0M, In-Place: 0
[61.679s][info][gc,reloc    ] GC(397) Forwarding Usage: 2M
[61.679s][info][gc,heap     ] GC(397) Min Capacity: 8M(1%)
[61.679s][info][gc,heap     ] GC(397) Max Capacity: 1024M(100%)
[61.679s][info][gc,heap     ] GC(397) Soft Max Capacity: 1024M(100%)
[61.679s][info][gc,heap     ] GC(397)                Mark Start          Mark End        Relocate Start      Relocate End           High               Low         
[61.679s][info][gc,heap     ] GC(397)  Capacity:     1024M (100%)       1024M (100%)       1024M (100%)       1024M (100%)       1024M (100%)       1024M (100%)   
[61.679s][info][gc,heap     ] GC(397)      Free:      452M (44%)         312M (30%)         594M (58%)         596M (58%)         602M (59%)         308M (30%)    
[61.679s][info][gc,heap     ] GC(397)      Used:      572M (56%)         712M (70%)         430M (42%)         428M (42%)         716M (70%)         422M (41%)    
[61.679s][info][gc,heap     ] GC(397)      Live:         -               204M (20%)         204M (20%)         204M (20%)            -                  -          
[61.679s][info][gc,heap     ] GC(397) Allocated:         -               140M (14%)         152M (15%)         163M (16%)            -                  -          
[61.679s][info][gc,heap     ] GC(397)   Garbage:         -               367M (36%)          73M (7%)           59M (6%)             -                  -          
[61.679s][info][gc,heap     ] GC(397) Reclaimed:         -                  -               294M (29%)         307M (30%)            -                  -          
[61.679s][info][gc          ] GC(397) Garbage Collection (Allocation Rate) 572M(56%)->428M(42%)
[61.701s][info][gc,start    ] GC(398) Garbage Collection (Allocation Rate)
[61.701s][info][gc,task     ] GC(398) Using 10 workers
[61.701s][info][gc,phases   ] GC(398) Pause Mark Start 0.011ms
[61.763s][info][gc,phases   ] GC(398) Concurrent Mark 62.171ms
[61.764s][info][gc,phases   ] GC(398) Pause Mark End 0.017ms
[61.764s][info][gc,phases   ] GC(398) Concurrent Mark Free 0.001ms
[61.766s][info][gc,phases   ] GC(398) Concurrent Process Non-Strong References 1.792ms
[61.766s][info][gc,phases   ] GC(398) Concurrent Reset Relocation Set 0.003ms
[61.769s][info][gc,phases   ] GC(398) Concurrent Select Relocation Set 3.702ms
[61.769s][info][gc,phases   ] GC(398) Pause Relocate Start 0.009ms
[61.772s][info][gc,phases   ] GC(398) Concurrent Relocate 2.693ms
[61.772s][info][gc,load     ] GC(398) Load: 0.00/0.00/0.00
[61.772s][info][gc,mmu      ] GC(398) MMU: 2ms/96.6%, 5ms/98.6%, 10ms/99.3%, 20ms/99.7%, 50ms/99.8%, 100ms/99.9%
[61.772s][info][gc,marking  ] GC(398) Mark: 8 stripe(s), 2 proactive flush(es), 1 terminate flush(es), 0 completion(s), 0 continuation(s) 
[61.772s][info][gc,marking  ] GC(398) Mark Stack Usage: 32M
[61.772s][info][gc,nmethod  ] GC(398) NMethods: 5256 registered, 1971 unregistered
[61.772s][info][gc,metaspace] GC(398) Metaspace: 59M used, 60M committed, 1088M reserved
[61.772s][info][gc,ref      ] GC(398) Soft: 3045 encountered, 0 discovered, 0 enqueued
[61.772s][info][gc,ref      ] GC(398) Weak: 5978 encountered, 1547 discovered, 0 enqueued
[61.772s][info][gc,ref      ] GC(398) Final: 60 encountered, 5 discovered, 0 enqueued
[61.773s][info][gc,ref      ] GC(398) Phantom: 608 encountered, 392 discovered, 0 enqueued
[61.773s][info][gc,reloc    ] GC(398) Small Pages: 229 / 458M, Empty: 226M, Relocated: 4M, In-Place: 0
[61.773s][info][gc,reloc    ] GC(398) Medium Pages: 1 / 32M, Empty: 0M, Relocated: 0M, In-Place: 0
[61.773s][info][gc,reloc    ] GC(398) Large Pages: 2 / 12M, Empty: 0M, Relocated: 0M, In-Place: 0
[61.773s][info][gc,reloc    ] GC(398) Forwarding Usage: 2M
[61.773s][info][gc,heap     ] GC(398) Min Capacity: 8M(1%)
[61.773s][info][gc,heap     ] GC(398) Max Capacity: 1024M(100%)
[61.773s][info][gc,heap     ] GC(398) Soft Max Capacity: 1024M(100%)
[61.773s][info][gc,heap     ] GC(398)                Mark Start          Mark End        Relocate Start      Relocate End           High               Low         
[61.773s][info][gc,heap     ] GC(398)  Capacity:     1024M (100%)       1024M (100%)       1024M (100%)       1024M (100%)       1024M (100%)       1024M (100%)   
[61.773s][info][gc,heap     ] GC(398)      Free:      522M (51%)         318M (31%)         524M (51%)         528M (52%)         530M (52%)         312M (30%)    
[61.773s][info][gc,heap     ] GC(398)      Used:      502M (49%)         706M (69%)         500M (49%)         496M (48%)         712M (70%)         494M (48%)    
[61.773s][info][gc,heap     ] GC(398)      Live:         -               204M (20%)         204M (20%)         204M (20%)            -                  -          
[61.773s][info][gc,heap     ] GC(398) Allocated:         -               204M (20%)         224M (22%)         231M (23%)            -                  -          
[61.773s][info][gc,heap     ] GC(398)   Garbage:         -               297M (29%)          71M (7%)           59M (6%)             -                  -          
[61.773s][info][gc,heap     ] GC(398) Reclaimed:         -                  -               226M (22%)         237M (23%)            -                  -          
[61.773s][info][gc          ] GC(398) Garbage Collection (Allocation Rate) 502M(49%)->496M(48%)
[61.795s][info][gc,start    ] GC(399) Garbage Collection (Allocation Rate)
[61.795s][info][gc,task     ] GC(399) Using 10 workers
[61.795s][info][gc,phases   ] GC(399) Pause Mark Start 0.014ms
[61.856s][info][gc,phases   ] GC(399) Concurrent Mark 61.225ms
[61.856s][info][gc,phases   ] GC(399) Pause Mark End 0.023ms
[61.856s][info][gc,phases   ] GC(399) Concurrent Mark Free 0.001ms
[61.858s][info][gc,phases   ] GC(399) Concurrent Process Non-Strong References 1.911ms
[61.858s][info][gc,phases   ] GC(399) Concurrent Reset Relocation Set 0.002ms
[61.861s][info][gc,phases   ] GC(399) Concurrent Select Relocation Set 2.595ms
[61.861s][info][gc,phases   ] GC(399) Pause Relocate Start 0.007ms
[61.863s][info][gc,phases   ] GC(399) Concurrent Relocate 1.626ms
[61.863s][info][gc,load     ] GC(399) Load: 0.00/0.00/0.00
[61.863s][info][gc,mmu      ] GC(399) MMU: 2ms/96.6%, 5ms/98.6%, 10ms/99.3%, 20ms/99.7%, 50ms/99.8%, 100ms/99.9%
[61.863s][info][gc,marking  ] GC(399) Mark: 8 stripe(s), 2 proactive flush(es), 1 terminate flush(es), 0 completion(s), 0 continuation(s) 
[61.863s][info][gc,marking  ] GC(399) Mark Stack Usage: 32M
[61.863s][info][gc,nmethod  ] GC(399) NMethods: 5270 registered, 1971 unregistered
[61.863s][info][gc,metaspace] GC(399) Metaspace: 59M used, 60M committed, 1088M reserved
[61.863s][info][gc,ref      ] GC(399) Soft: 3043 encountered, 0 discovered, 0 enqueued
[61.863s][info][gc,ref      ] GC(399) Weak: 6030 encountered, 2268 discovered, 4 enqueued
[61.863s][info][gc,ref      ] GC(399) Final: 60 encountered, 0 discovered, 0 enqueued
[61.863s][info][gc,ref      ] GC(399) Phantom: 608 encountered, 331 discovered, 0 enqueued
[61.863s][info][gc,reloc    ] GC(399) Small Pages: 249 / 498M, Empty: 268M, Relocated: 3M, In-Place: 0
[61.863s][info][gc,reloc    ] GC(399) Medium Pages: 1 / 32M, Empty: 0M, Relocated: 0M, In-Place: 0
[61.863s][info][gc,reloc    ] GC(399) Large Pages: 3 / 18M, Empty: 6M, Relocated: 0M, In-Place: 0
[61.863s][info][gc,reloc    ] GC(399) Forwarding Usage: 1M
[61.863s][info][gc,heap     ] GC(399) Min Capacity: 8M(1%)
[61.863s][info][gc,heap     ] GC(399) Max Capacity: 1024M(100%)
[61.863s][info][gc,heap     ] GC(399) Soft Max Capacity: 1024M(100%)
[61.863s][info][gc,heap     ] GC(399)                Mark Start          Mark End        Relocate Start      Relocate End           High               Low         
[61.863s][info][gc,heap     ] GC(399)  Capacity:     1024M (100%)       1024M (100%)       1024M (100%)       1024M (100%)       1024M (100%)       1024M (100%)   
[61.863s][info][gc,heap     ] GC(399)      Free:      476M (46%)         470M (46%)         744M (73%)         752M (73%)         752M (73%)         470M (46%)    
[61.863s][info][gc,heap     ] GC(399)      Used:      548M (54%)         554M (54%)         280M (27%)         272M (27%)         554M (54%)         272M (27%)    
[61.863s][info][gc,heap     ] GC(399)      Live:         -               203M (20%)         203M (20%)         203M (20%)            -                  -          
[61.863s][info][gc,heap     ] GC(399) Allocated:         -                 6M (1%)            6M (1%)            6M (1%)             -                  -          
[61.863s][info][gc,heap     ] GC(399)   Garbage:         -               344M (34%)          70M (7%)           62M (6%)             -                  -          
[61.863s][info][gc,heap     ] GC(399) Reclaimed:         -                  -               274M (27%)         282M (28%)            -                  -          
[61.863s][info][gc          ] GC(399) Garbage Collection (Allocation Rate) 548M(54%)->272M(27%)
[61.863s][info][gc,start    ] GC(400) Garbage Collection (System.gc())
[61.863s][info][gc,task     ] GC(400) Using 10 workers
[61.863s][info][gc,phases   ] GC(400) Pause Mark Start 0.005ms
[61.919s][info][gc,phases   ] GC(400) Concurrent Mark 55.423ms
[61.919s][info][gc,phases   ] GC(400) Pause Mark End 0.019ms
[61.919s][info][gc,phases   ] GC(400) Concurrent Mark Free 0.001ms
[61.920s][info][gc,phases   ] GC(400) Concurrent Process Non-Strong References 1.593ms
[61.921s][info][gc,phases   ] GC(400) Concurrent Reset Relocation Set 0.002ms
[61.924s][info][gc,phases   ] GC(400) Concurrent Select Relocation Set 3.539ms
[61.924s][info][gc,phases   ] GC(400) Pause Relocate Start 0.008ms
[61.926s][info][gc,phases   ] GC(400) Concurrent Relocate 1.418ms
[61.926s][info][gc,load     ] GC(400) Load: 0.00/0.00/0.00
[61.926s][info][gc,mmu      ] GC(400) MMU: 2ms/96.6%, 5ms/98.6%, 10ms/99.3%, 20ms/99.7%, 50ms/99.8%, 100ms/99.9%
[61.926s][info][gc,marking  ] GC(400) Mark: 8 stripe(s), 2 proactive flush(es), 1 terminate flush(es), 0 completion(s), 0 continuation(s) 
[61.926s][info][gc,marking  ] GC(400) Mark Stack Usage: 32M
[61.926s][info][gc,nmethod  ] GC(400) NMethods: 5270 registered, 1971 unregistered
[61.926s][info][gc,metaspace] GC(400) Metaspace: 59M used, 60M committed, 1088M reserved
[61.926s][info][gc,ref      ] GC(400) Soft: 3043 encountered, 0 discovered, 0 enqueued
[61.926s][info][gc,ref      ] GC(400) Weak: 6034 encountered, 2170 discovered, 117 enqueued
[61.926s][info][gc,ref      ] GC(400) Final: 60 encountered, 2 discovered, 0 enqueued
[61.926s][info][gc,ref      ] GC(400) Phantom: 608 encountered, 527 discovered, 0 enqueued
[61.926s][info][gc,reloc    ] GC(400) Small Pages: 114 / 228M, Empty: 0M, Relocated: 3M, In-Place: 0
[61.926s][info][gc,reloc    ] GC(400) Medium Pages: 1 / 32M, Empty: 0M, Relocated: 0M, In-Place: 0
[61.926s][info][gc,reloc    ] GC(400) Large Pages: 2 / 12M, Empty: 0M, Relocated: 0M, In-Place: 0
[61.926s][info][gc,reloc    ] GC(400) Forwarding Usage: 1M
[61.926s][info][gc,heap     ] GC(400) Min Capacity: 8M(1%)
[61.926s][info][gc,heap     ] GC(400) Max Capacity: 1024M(100%)
[61.926s][info][gc,heap     ] GC(400) Soft Max Capacity: 1024M(100%)
[61.926s][info][gc,heap     ] GC(400)                Mark Start          Mark End        Relocate Start      Relocate End           High               Low         
[61.926s][info][gc,heap     ] GC(400)  Capacity:     1024M (100%)       1024M (100%)       1024M (100%)       1024M (100%)       1024M (100%)       1024M (100%)   
[61.926s][info][gc,heap     ] GC(400)      Free:      752M (73%)         750M (73%)         746M (73%)         752M (73%)         752M (73%)         726M (71%)    
[61.926s][info][gc,heap     ] GC(400)      Used:      272M (27%)         274M (27%)         278M (27%)         272M (27%)         298M (29%)         272M (27%)    
[61.926s][info][gc,heap     ] GC(400)      Live:         -               203M (20%)         203M (20%)         203M (20%)            -                  -          
[61.926s][info][gc,heap     ] GC(400) Allocated:         -                 2M (0%)            6M (1%)            6M (1%)             -                  -          
[61.926s][info][gc,heap     ] GC(400)   Garbage:         -                68M (7%)           68M (7%)           62M (6%)             -                  -          
[61.926s][info][gc,heap     ] GC(400) Reclaimed:         -                  -                 0M (0%)            6M (1%)             -                  -          
[61.926s][info][gc          ] GC(400) Garbage Collection (System.gc()) 272M(27%)->272M(27%)
[62.098s][info][gc,start    ] GC(401) Garbage Collection (Allocation Rate)
[62.099s][info][gc,task     ] GC(401) Using 7 workers
[62.099s][info][gc,phases   ] GC(401) Pause Mark Start 0.017ms
[62.161s][info][gc,phases   ] GC(401) Concurrent Mark 62.087ms
[62.161s][info][gc,phases   ] GC(401) Pause Mark End 0.025ms
[62.161s][info][gc,phases   ] GC(401) Concurrent Mark Free 0.001ms
[62.163s][info][gc,phases   ] GC(401) Concurrent Process Non-Strong References 2.233ms
[62.163s][info][gc,phases   ] GC(401) Concurrent Reset Relocation Set 0.002ms
[62.169s][info][gc,phases   ] GC(401) Concurrent Select Relocation Set 5.793ms
[62.169s][info][gc,phases   ] GC(401) Pause Relocate Start 0.007ms
[62.172s][info][gc,phases   ] GC(401) Concurrent Relocate 2.880ms
[62.172s][info][gc,load     ] GC(401) Load: 0.00/0.00/0.00
[62.172s][info][gc,mmu      ] GC(401) MMU: 2ms/96.6%, 5ms/98.6%, 10ms/99.3%, 20ms/99.7%, 50ms/99.8%, 100ms/99.9%
[62.172s][info][gc,marking  ] GC(401) Mark: 4 stripe(s), 2 proactive flush(es), 1 terminate flush(es), 0 completion(s), 0 continuation(s) 
[62.172s][info][gc,marking  ] GC(401) Mark Stack Usage: 32M
[62.173s][info][gc,nmethod  ] GC(401) NMethods: 5277 registered, 1972 unregistered
[62.173s][info][gc,metaspace] GC(401) Metaspace: 59M used, 60M committed, 1088M reserved
[62.173s][info][gc,ref      ] GC(401) Soft: 3045 encountered, 0 discovered, 0 enqueued
[62.173s][info][gc,ref      ] GC(401) Weak: 6080 encountered, 2612 discovered, 75 enqueued
[62.173s][info][gc,ref      ] GC(401) Final: 60 encountered, 0 discovered, 0 enqueued
[62.173s][info][gc,ref      ] GC(401) Phantom: 608 encountered, 484 discovered, 0 enqueued
[62.173s][info][gc,reloc    ] GC(401) Small Pages: 254 / 508M, Empty: 256M, Relocated: 4M, In-Place: 0
[62.173s][info][gc,reloc    ] GC(401) Medium Pages: 2 / 64M, Empty: 32M, Relocated: 0M, In-Place: 0
[62.173s][info][gc,reloc    ] GC(401) Large Pages: 4 / 24M, Empty: 12M, Relocated: 0M, In-Place: 0
[62.173s][info][gc,reloc    ] GC(401) Forwarding Usage: 2M
[62.173s][info][gc,heap     ] GC(401) Min Capacity: 8M(1%)
[62.173s][info][gc,heap     ] GC(401) Max Capacity: 1024M(100%)
[62.173s][info][gc,heap     ] GC(401) Soft Max Capacity: 1024M(100%)
[62.173s][info][gc,heap     ] GC(401)                Mark Start          Mark End        Relocate Start      Relocate End           High               Low         
[62.173s][info][gc,heap     ] GC(401)  Capacity:     1024M (100%)       1024M (100%)       1024M (100%)       1024M (100%)       1024M (100%)       1024M (100%)   
[62.173s][info][gc,heap     ] GC(401)      Free:      428M (42%)         222M (22%)         490M (48%)         518M (51%)         522M (51%)         214M (21%)    
[62.173s][info][gc,heap     ] GC(401)      Used:      596M (58%)         802M (78%)         534M (52%)         506M (49%)         810M (79%)         502M (49%)    
[62.173s][info][gc,heap     ] GC(401)      Live:         -               204M (20%)         204M (20%)         204M (20%)            -                  -          
[62.173s][info][gc,heap     ] GC(401) Allocated:         -               206M (20%)         238M (23%)         247M (24%)            -                  -          
[62.173s][info][gc,heap     ] GC(401)   Garbage:         -               391M (38%)          91M (9%)           53M (5%)             -                  -          
[62.173s][info][gc,heap     ] GC(401) Reclaimed:         -                  -               300M (29%)         337M (33%)            -                  -          
[62.173s][info][gc          ] GC(401) Garbage Collection (Allocation Rate) 596M(58%)->506M(49%)
[62.208s][info][gc,start    ] GC(402) Garbage Collection (Allocation Rate)
[62.208s][info][gc,task     ] GC(402) Using 8 workers
[62.208s][info][gc,phases   ] GC(402) Pause Mark Start 0.011ms
[62.270s][info][gc,phases   ] GC(402) Concurrent Mark 62.215ms
[62.270s][info][gc,phases   ] GC(402) Pause Mark End 0.030ms
[62.270s][info][gc,phases   ] GC(402) Concurrent Mark Free 0.001ms
[62.273s][info][gc,phases   ] GC(402) Concurrent Process Non-Strong References 2.249ms
[62.273s][info][gc,phases   ] GC(402) Concurrent Reset Relocation Set 0.004ms
[62.277s][info][gc,phases   ] GC(402) Concurrent Select Relocation Set 3.875ms
[62.277s][info][gc,phases   ] GC(402) Pause Relocate Start 0.007ms
[62.279s][info][gc,phases   ] GC(402) Concurrent Relocate 1.883ms
[62.279s][info][gc,load     ] GC(402) Load: 0.00/0.00/0.00
[62.279s][info][gc,mmu      ] GC(402) MMU: 2ms/96.6%, 5ms/98.6%, 10ms/99.3%, 20ms/99.7%, 50ms/99.8%, 100ms/99.9%
[62.279s][info][gc,marking  ] GC(402) Mark: 8 stripe(s), 2 proactive flush(es), 1 terminate flush(es), 0 completion(s), 0 continuation(s) 
[62.279s][info][gc,marking  ] GC(402) Mark Stack Usage: 32M
[62.279s][info][gc,nmethod  ] GC(402) NMethods: 5277 registered, 1972 unregistered
[62.279s][info][gc,metaspace] GC(402) Metaspace: 59M used, 60M committed, 1088M reserved
[62.279s][info][gc,ref      ] GC(402) Soft: 3045 encountered, 0 discovered, 0 enqueued
[62.279s][info][gc,ref      ] GC(402) Weak: 6005 encountered, 1988 discovered, 19 enqueued
[62.279s][info][gc,ref      ] GC(402) Final: 60 encountered, 1 discovered, 0 enqueued
[62.279s][info][gc,ref      ] GC(402) Phantom: 608 encountered, 466 discovered, 0 enqueued
[62.279s][info][gc,reloc    ] GC(402) Small Pages: 293 / 586M, Empty: 350M, Relocated: 3M, In-Place: 0
[62.279s][info][gc,reloc    ] GC(402) Medium Pages: 1 / 32M, Empty: 0M, Relocated: 0M, In-Place: 0
[62.279s][info][gc,reloc    ] GC(402) Large Pages: 2 / 12M, Empty: 0M, Relocated: 0M, In-Place: 0
[62.279s][info][gc,reloc    ] GC(402) Forwarding Usage: 1M
[62.279s][info][gc,heap     ] GC(402) Min Capacity: 8M(1%)
[62.279s][info][gc,heap     ] GC(402) Max Capacity: 1024M(100%)
[62.279s][info][gc,heap     ] GC(402) Soft Max Capacity: 1024M(100%)
[62.279s][info][gc,heap     ] GC(402)                Mark Start          Mark End        Relocate Start      Relocate End           High               Low         
[62.279s][info][gc,heap     ] GC(402)  Capacity:     1024M (100%)       1024M (100%)       1024M (100%)       1024M (100%)       1024M (100%)       1024M (100%)   
[62.279s][info][gc,heap     ] GC(402)      Free:      394M (38%)         178M (17%)         506M (49%)         518M (51%)         518M (51%)         170M (17%)    
[62.279s][info][gc,heap     ] GC(402)      Used:      630M (62%)         846M (83%)         518M (51%)         506M (49%)         854M (83%)         506M (49%)    
[62.279s][info][gc,heap     ] GC(402)      Live:         -               204M (20%)         204M (20%)         204M (20%)            -                  -          
[62.279s][info][gc,heap     ] GC(402) Allocated:         -               216M (21%)         238M (23%)         243M (24%)            -                  -          
[62.280s][info][gc,heap     ] GC(402)   Garbage:         -               425M (42%)          75M (7%)           57M (6%)             -                  -          
[62.280s][info][gc,heap     ] GC(402) Reclaimed:         -                  -               350M (34%)         367M (36%)            -                  -          
[62.280s][info][gc          ] GC(402) Garbage Collection (Allocation Rate) 630M(62%)->506M(49%)
[62.302s][info][gc,start    ] GC(403) Garbage Collection (Allocation Rate)
[62.302s][info][gc,task     ] GC(403) Using 8 workers
[62.302s][info][gc,phases   ] GC(403) Pause Mark Start 0.014ms
[62.364s][info][gc,phases   ] GC(403) Concurrent Mark 62.180ms
[62.364s][info][gc,phases   ] GC(403) Pause Mark End 0.018ms
[62.364s][info][gc,phases   ] GC(403) Concurrent Mark Free 0.001ms
[62.366s][info][gc,phases   ] GC(403) Concurrent Process Non-Strong References 2.041ms
[62.366s][info][gc,phases   ] GC(403) Concurrent Reset Relocation Set 0.003ms
[62.370s][info][gc,phases   ] GC(403) Concurrent Select Relocation Set 3.582ms
[62.370s][info][gc,phases   ] GC(403) Pause Relocate Start 0.007ms
[62.372s][info][gc,phases   ] GC(403) Concurrent Relocate 1.700ms
[62.372s][info][gc,load     ] GC(403) Load: 0.00/0.00/0.00
[62.372s][info][gc,mmu      ] GC(403) MMU: 2ms/96.6%, 5ms/98.6%, 10ms/99.3%, 20ms/99.7%, 50ms/99.8%, 100ms/99.9%
[62.372s][info][gc,marking  ] GC(403) Mark: 8 stripe(s), 3 proactive flush(es), 1 terminate flush(es), 0 completion(s), 0 continuation(s) 
[62.372s][info][gc,marking  ] GC(403) Mark Stack Usage: 32M
[62.372s][info][gc,nmethod  ] GC(403) NMethods: 5277 registered, 1972 unregistered
[62.372s][info][gc,metaspace] GC(403) Metaspace: 59M used, 60M committed, 1088M reserved
[62.372s][info][gc,ref      ] GC(403) Soft: 3045 encountered, 0 discovered, 0 enqueued
[62.372s][info][gc,ref      ] GC(403) Weak: 5986 encountered, 530 discovered, 0 enqueued
[62.372s][info][gc,ref      ] GC(403) Final: 60 encountered, 1 discovered, 0 enqueued
[62.372s][info][gc,ref      ] GC(403) Phantom: 608 encountered, 463 discovered, 0 enqueued
[62.372s][info][gc,reloc    ] GC(403) Small Pages: 268 / 536M, Empty: 302M, Relocated: 3M, In-Place: 0
[62.372s][info][gc,reloc    ] GC(403) Medium Pages: 1 / 32M, Empty: 0M, Relocated: 0M, In-Place: 0
[62.372s][info][gc,reloc    ] GC(403) Large Pages: 2 / 12M, Empty: 0M, Relocated: 0M, In-Place: 0
[62.372s][info][gc,reloc    ] GC(403) Forwarding Usage: 1M
[62.372s][info][gc,heap     ] GC(403) Min Capacity: 8M(1%)
[62.372s][info][gc,heap     ] GC(403) Max Capacity: 1024M(100%)
[62.372s][info][gc,heap     ] GC(403) Soft Max Capacity: 1024M(100%)
[62.372s][info][gc,heap     ] GC(403)                Mark Start          Mark End        Relocate Start      Relocate End           High               Low         
[62.372s][info][gc,heap     ] GC(403)  Capacity:     1024M (100%)       1024M (100%)       1024M (100%)       1024M (100%)       1024M (100%)       1024M (100%)   
[62.372s][info][gc,heap     ] GC(403)      Free:      444M (43%)         240M (23%)         522M (51%)         532M (52%)         534M (52%)         232M (23%)    
[62.372s][info][gc,heap     ] GC(403)      Used:      580M (57%)         784M (77%)         502M (49%)         492M (48%)         792M (77%)         490M (48%)    
[62.372s][info][gc,heap     ] GC(403)      Live:         -               204M (20%)         204M (20%)         204M (20%)            -                  -          
[62.373s][info][gc,heap     ] GC(403) Allocated:         -               204M (20%)         224M (22%)         229M (22%)            -                  -          
[62.373s][info][gc,heap     ] GC(403)   Garbage:         -               375M (37%)          73M (7%)           57M (6%)             -                  -          
[62.373s][info][gc,heap     ] GC(403) Reclaimed:         -                  -               302M (29%)         317M (31%)            -                  -          
[62.373s][info][gc          ] GC(403) Garbage Collection (Allocation Rate) 580M(57%)->492M(48%)
[62.395s][info][gc,start    ] GC(404) Garbage Collection (Allocation Rate)
[62.395s][info][gc,task     ] GC(404) Using 8 workers
[62.395s][info][gc,phases   ] GC(404) Pause Mark Start 0.010ms
[62.458s][info][gc,phases   ] GC(404) Concurrent Mark 62.270ms
[62.458s][info][gc,phases   ] GC(404) Pause Mark End 0.027ms
[62.458s][info][gc,phases   ] GC(404) Concurrent Mark Free 0.001ms
[62.460s][info][gc,phases   ] GC(404) Concurrent Process Non-Strong References 2.101ms
[62.460s][info][gc,phases   ] GC(404) Concurrent Reset Relocation Set 0.002ms
[62.463s][info][gc,phases   ] GC(404) Concurrent Select Relocation Set 3.236ms
[62.463s][info][gc,phases   ] GC(404) Pause Relocate Start 0.008ms
[62.465s][info][gc,phases   ] GC(404) Concurrent Relocate 1.261ms
[62.465s][info][gc,load     ] GC(404) Load: 0.00/0.00/0.00
[62.465s][info][gc,mmu      ] GC(404) MMU: 2ms/96.6%, 5ms/98.6%, 10ms/99.3%, 20ms/99.7%, 50ms/99.8%, 100ms/99.9%
[62.465s][info][gc,marking  ] GC(404) Mark: 8 stripe(s), 3 proactive flush(es), 1 terminate flush(es), 0 completion(s), 0 continuation(s) 
[62.465s][info][gc,marking  ] GC(404) Mark Stack Usage: 32M
[62.465s][info][gc,nmethod  ] GC(404) NMethods: 5277 registered, 1972 unregistered
[62.465s][info][gc,metaspace] GC(404) Metaspace: 59M used, 60M committed, 1088M reserved
[62.465s][info][gc,ref      ] GC(404) Soft: 3045 encountered, 0 discovered, 0 enqueued
[62.465s][info][gc,ref      ] GC(404) Weak: 5986 encountered, 2122 discovered, 0 enqueued
[62.465s][info][gc,ref      ] GC(404) Final: 60 encountered, 54 discovered, 0 enqueued
[62.465s][info][gc,ref      ] GC(404) Phantom: 608 encountered, 348 discovered, 0 enqueued
[62.465s][info][gc,reloc    ] GC(404) Small Pages: 265 / 530M, Empty: 296M, Relocated: 3M, In-Place: 0
[62.465s][info][gc,reloc    ] GC(404) Medium Pages: 1 / 32M, Empty: 0M, Relocated: 0M, In-Place: 0
[62.465s][info][gc,reloc    ] GC(404) Large Pages: 2 / 12M, Empty: 0M, Relocated: 0M, In-Place: 0
[62.465s][info][gc,reloc    ] GC(404) Forwarding Usage: 1M
[62.465s][info][gc,heap     ] GC(404) Min Capacity: 8M(1%)
[62.465s][info][gc,heap     ] GC(404) Max Capacity: 1024M(100%)
[62.465s][info][gc,heap     ] GC(404) Soft Max Capacity: 1024M(100%)
[62.465s][info][gc,heap     ] GC(404)                Mark Start          Mark End        Relocate Start      Relocate End           High               Low         
[62.465s][info][gc,heap     ] GC(404)  Capacity:     1024M (100%)       1024M (100%)       1024M (100%)       1024M (100%)       1024M (100%)       1024M (100%)   
[62.465s][info][gc,heap     ] GC(404)      Free:      450M (44%)         232M (23%)         508M (50%)         520M (51%)         520M (51%)         224M (22%)    
[62.465s][info][gc,heap     ] GC(404)      Used:      574M (56%)         792M (77%)         516M (50%)         504M (49%)         800M (78%)         504M (49%)    
[62.465s][info][gc,heap     ] GC(404)      Live:         -               204M (20%)         204M (20%)         204M (20%)            -                  -          
[62.465s][info][gc,heap     ] GC(404) Allocated:         -               218M (21%)         238M (23%)         241M (24%)            -                  -          
[62.465s][info][gc,heap     ] GC(404)   Garbage:         -               369M (36%)          73M (7%)           57M (6%)             -                  -          
[62.465s][info][gc,heap     ] GC(404) Reclaimed:         -                  -               296M (29%)         311M (30%)            -                  -          
[62.465s][info][gc          ] GC(404) Garbage Collection (Allocation Rate) 574M(56%)->504M(49%)
[62.505s][info][gc,start    ] GC(405) Garbage Collection (Allocation Rate)
[62.505s][info][gc,task     ] GC(405) Using 8 workers
[62.505s][info][gc,phases   ] GC(405) Pause Mark Start 0.013ms
[62.567s][info][gc,phases   ] GC(405) Concurrent Mark 62.139ms
[62.567s][info][gc,phases   ] GC(405) Pause Mark End 0.020ms
[62.567s][info][gc,phases   ] GC(405) Concurrent Mark Free 0.001ms
[62.569s][info][gc,phases   ] GC(405) Concurrent Process Non-Strong References 1.976ms
[62.569s][info][gc,phases   ] GC(405) Concurrent Reset Relocation Set 0.002ms
[62.572s][info][gc,phases   ] GC(405) Concurrent Select Relocation Set 2.739ms
[62.572s][info][gc,phases   ] GC(405) Pause Relocate Start 0.007ms
[62.574s][info][gc,phases   ] GC(405) Concurrent Relocate 1.704ms
[62.574s][info][gc,load     ] GC(405) Load: 0.00/0.00/0.00
[62.574s][info][gc,mmu      ] GC(405) MMU: 2ms/96.6%, 5ms/98.6%, 10ms/99.3%, 20ms/99.7%, 50ms/99.8%, 100ms/99.9%
[62.574s][info][gc,marking  ] GC(405) Mark: 8 stripe(s), 2 proactive flush(es), 1 terminate flush(es), 0 completion(s), 0 continuation(s) 
[62.574s][info][gc,marking  ] GC(405) Mark Stack Usage: 32M
[62.574s][info][gc,nmethod  ] GC(405) NMethods: 5277 registered, 1972 unregistered
[62.574s][info][gc,metaspace] GC(405) Metaspace: 59M used, 60M committed, 1088M reserved
[62.574s][info][gc,ref      ] GC(405) Soft: 3045 encountered, 0 discovered, 0 enqueued
[62.574s][info][gc,ref      ] GC(405) Weak: 5986 encountered, 2022 discovered, 0 enqueued
[62.574s][info][gc,ref      ] GC(405) Final: 60 encountered, 3 discovered, 0 enqueued
[62.574s][info][gc,ref      ] GC(405) Phantom: 608 encountered, 417 discovered, 0 enqueued
[62.574s][info][gc,reloc    ] GC(405) Small Pages: 299 / 598M, Empty: 368M, Relocated: 3M, In-Place: 0
[62.574s][info][gc,reloc    ] GC(405) Medium Pages: 1 / 32M, Empty: 0M, Relocated: 0M, In-Place: 0
[62.574s][info][gc,reloc    ] GC(405) Large Pages: 2 / 12M, Empty: 0M, Relocated: 0M, In-Place: 0
[62.574s][info][gc,reloc    ] GC(405) Forwarding Usage: 1M
[62.574s][info][gc,heap     ] GC(405) Min Capacity: 8M(1%)
[62.574s][info][gc,heap     ] GC(405) Max Capacity: 1024M(100%)
[62.574s][info][gc,heap     ] GC(405) Soft Max Capacity: 1024M(100%)
[62.574s][info][gc,heap     ] GC(405)                Mark Start          Mark End        Relocate Start      Relocate End           High               Low         
[62.574s][info][gc,heap     ] GC(405)  Capacity:     1024M (100%)       1024M (100%)       1024M (100%)       1024M (100%)       1024M (100%)       1024M (100%)   
[62.574s][info][gc,heap     ] GC(405)      Free:      382M (37%)         166M (16%)         518M (51%)         526M (51%)         526M (51%)         160M (16%)    
[62.574s][info][gc,heap     ] GC(405)      Used:      642M (63%)         858M (84%)         506M (49%)         498M (49%)         864M (84%)         498M (49%)    
[62.574s][info][gc,heap     ] GC(405)      Live:         -               204M (20%)         204M (20%)         204M (20%)            -                  -          
[62.574s][info][gc,heap     ] GC(405) Allocated:         -               216M (21%)         232M (23%)         235M (23%)            -                  -          
[62.574s][info][gc,heap     ] GC(405)   Garbage:         -               437M (43%)          69M (7%)           57M (6%)             -                  -          
[62.574s][info][gc,heap     ] GC(405) Reclaimed:         -                  -               368M (36%)         379M (37%)            -                  -          
[62.574s][info][gc          ] GC(405) Garbage Collection (Allocation Rate) 642M(63%)->498M(49%)
[62.598s][info][gc,start    ] GC(406) Garbage Collection (Allocation Rate)
[62.598s][info][gc,task     ] GC(406) Using 8 workers
[62.599s][info][gc,phases   ] GC(406) Pause Mark Start 0.012ms
[62.668s][info][gc,phases   ] GC(406) Concurrent Mark 68.970ms
[62.668s][info][gc,phases   ] GC(406) Pause Mark End 0.018ms
[62.668s][info][gc,phases   ] GC(406) Concurrent Mark Free 0.001ms
[62.670s][info][gc,phases   ] GC(406) Concurrent Process Non-Strong References 2.119ms
[62.670s][info][gc,phases   ] GC(406) Concurrent Reset Relocation Set 0.003ms
[62.675s][info][gc,phases   ] GC(406) Concurrent Select Relocation Set 5.378ms
[62.675s][info][gc,phases   ] GC(406) Pause Relocate Start 0.007ms
[62.678s][info][gc,phases   ] GC(406) Concurrent Relocate 2.091ms
[62.678s][info][gc,load     ] GC(406) Load: 0.00/0.00/0.00
[62.678s][info][gc,mmu      ] GC(406) MMU: 2ms/96.6%, 5ms/98.6%, 10ms/99.3%, 20ms/99.7%, 50ms/99.8%, 100ms/99.9%
[62.678s][info][gc,marking  ] GC(406) Mark: 8 stripe(s), 2 proactive flush(es), 1 terminate flush(es), 0 completion(s), 0 continuation(s) 
[62.678s][info][gc,marking  ] GC(406) Mark Stack Usage: 32M
[62.678s][info][gc,nmethod  ] GC(406) NMethods: 5277 registered, 1972 unregistered
[62.678s][info][gc,metaspace] GC(406) Metaspace: 59M used, 60M committed, 1088M reserved
[62.678s][info][gc,ref      ] GC(406) Soft: 3045 encountered, 0 discovered, 0 enqueued
[62.678s][info][gc,ref      ] GC(406) Weak: 5986 encountered, 1072 discovered, 0 enqueued
[62.678s][info][gc,ref      ] GC(406) Final: 60 encountered, 0 discovered, 0 enqueued
[62.678s][info][gc,ref      ] GC(406) Phantom: 608 encountered, 580 discovered, 0 enqueued
[62.678s][info][gc,reloc    ] GC(406) Small Pages: 252 / 504M, Empty: 272M, Relocated: 3M, In-Place: 0
[62.678s][info][gc,reloc    ] GC(406) Medium Pages: 1 / 32M, Empty: 0M, Relocated: 0M, In-Place: 0
[62.678s][info][gc,reloc    ] GC(406) Large Pages: 2 / 12M, Empty: 0M, Relocated: 0M, In-Place: 0
[62.678s][info][gc,reloc    ] GC(406) Forwarding Usage: 1M
[62.678s][info][gc,heap     ] GC(406) Min Capacity: 8M(1%)
[62.678s][info][gc,heap     ] GC(406) Max Capacity: 1024M(100%)
[62.678s][info][gc,heap     ] GC(406) Soft Max Capacity: 1024M(100%)
[62.678s][info][gc,heap     ] GC(406)                Mark Start          Mark End        Relocate Start      Relocate End           High               Low         
[62.678s][info][gc,heap     ] GC(406)  Capacity:     1024M (100%)       1024M (100%)       1024M (100%)       1024M (100%)       1024M (100%)       1024M (100%)   
[62.678s][info][gc,heap     ] GC(406)      Free:      476M (46%)         346M (34%)         600M (59%)         610M (60%)         610M (60%)         340M (33%)    
[62.678s][info][gc,heap     ] GC(406)      Used:      548M (54%)         678M (66%)         424M (41%)         414M (40%)         684M (67%)         414M (40%)    
[62.678s][info][gc,heap     ] GC(406)      Live:         -               204M (20%)         204M (20%)         204M (20%)            -                  -          
[62.678s][info][gc,heap     ] GC(406) Allocated:         -               130M (13%)         148M (14%)         151M (15%)            -                  -          
[62.678s][info][gc,heap     ] GC(406)   Garbage:         -               343M (34%)          71M (7%)           57M (6%)             -                  -          
[62.678s][info][gc,heap     ] GC(406) Reclaimed:         -                  -               272M (27%)         285M (28%)            -                  -          
[62.678s][info][gc          ] GC(406) Garbage Collection (Allocation Rate) 548M(54%)->414M(40%)
[62.699s][info][gc,start    ] GC(407) Garbage Collection (Allocation Rate)
[62.699s][info][gc,task     ] GC(407) Using 8 workers
[62.699s][info][gc,phases   ] GC(407) Pause Mark Start 0.010ms
[62.759s][info][gc,phases   ] GC(407) Concurrent Mark 60.203ms
[62.759s][info][gc,phases   ] GC(407) Pause Mark End 0.017ms
[62.759s][info][gc,phases   ] GC(407) Concurrent Mark Free 0.001ms
[62.762s][info][gc,phases   ] GC(407) Concurrent Process Non-Strong References 2.006ms
[62.762s][info][gc,phases   ] GC(407) Concurrent Reset Relocation Set 0.003ms
[62.765s][info][gc,phases   ] GC(407) Concurrent Select Relocation Set 3.523ms
[62.765s][info][gc,phases   ] GC(407) Pause Relocate Start 0.008ms
[62.767s][info][gc,phases   ] GC(407) Concurrent Relocate 1.666ms
[62.767s][info][gc,load     ] GC(407) Load: 0.00/0.00/0.00
[62.767s][info][gc,mmu      ] GC(407) MMU: 2ms/96.6%, 5ms/98.6%, 10ms/99.3%, 20ms/99.7%, 50ms/99.8%, 100ms/99.9%
[62.767s][info][gc,marking  ] GC(407) Mark: 8 stripe(s), 2 proactive flush(es), 1 terminate flush(es), 0 completion(s), 0 continuation(s) 
[62.767s][info][gc,marking  ] GC(407) Mark Stack Usage: 32M
[62.767s][info][gc,nmethod  ] GC(407) NMethods: 5285 registered, 1972 unregistered
[62.767s][info][gc,metaspace] GC(407) Metaspace: 59M used, 60M committed, 1088M reserved
[62.767s][info][gc,ref      ] GC(407) Soft: 3045 encountered, 0 discovered, 0 enqueued
[62.767s][info][gc,ref      ] GC(407) Weak: 5983 encountered, 1808 discovered, 0 enqueued
[62.767s][info][gc,ref      ] GC(407) Final: 60 encountered, 2 discovered, 0 enqueued
[62.767s][info][gc,ref      ] GC(407) Phantom: 608 encountered, 405 discovered, 0 enqueued
[62.767s][info][gc,reloc    ] GC(407) Small Pages: 211 / 422M, Empty: 198M, Relocated: 3M, In-Place: 0
[62.767s][info][gc,reloc    ] GC(407) Medium Pages: 1 / 32M, Empty: 0M, Relocated: 0M, In-Place: 0
[62.767s][info][gc,reloc    ] GC(407) Large Pages: 2 / 12M, Empty: 0M, Relocated: 0M, In-Place: 0
[62.767s][info][gc,reloc    ] GC(407) Forwarding Usage: 1M
[62.767s][info][gc,heap     ] GC(407) Min Capacity: 8M(1%)
[62.767s][info][gc,heap     ] GC(407) Max Capacity: 1024M(100%)
[62.767s][info][gc,heap     ] GC(407) Soft Max Capacity: 1024M(100%)
[62.768s][info][gc,heap     ] GC(407)                Mark Start          Mark End        Relocate Start      Relocate End           High               Low         
[62.768s][info][gc,heap     ] GC(407)  Capacity:     1024M (100%)       1024M (100%)       1024M (100%)       1024M (100%)       1024M (100%)       1024M (100%)   
[62.768s][info][gc,heap     ] GC(407)      Free:      558M (54%)         486M (47%)         684M (67%)         690M (67%)         690M (67%)         486M (47%)    
[62.768s][info][gc,heap     ] GC(407)      Used:      466M (46%)         538M (53%)         340M (33%)         334M (33%)         538M (53%)         334M (33%)    
[62.768s][info][gc,heap     ] GC(407)      Live:         -               204M (20%)         204M (20%)         204M (20%)            -                  -          
[62.768s][info][gc,heap     ] GC(407) Allocated:         -                72M (7%)           72M (7%)           72M (7%)             -                  -          
[62.768s][info][gc,heap     ] GC(407)   Garbage:         -               261M (26%)          63M (6%)           57M (6%)             -                  -          
[62.768s][info][gc,heap     ] GC(407) Reclaimed:         -                  -               198M (19%)         204M (20%)            -                  -          
[62.768s][info][gc          ] GC(407) Garbage Collection (Allocation Rate) 466M(46%)->334M(33%)
[62.768s][info][gc,start    ] GC(408) Garbage Collection (System.gc())
[62.768s][info][gc,task     ] GC(408) Using 10 workers
[62.768s][info][gc,phases   ] GC(408) Pause Mark Start 0.007ms
[62.822s][info][gc,phases   ] GC(408) Concurrent Mark 53.792ms
[62.822s][info][gc,phases   ] GC(408) Pause Mark End 0.025ms
[62.822s][info][gc,phases   ] GC(408) Concurrent Mark Free 0.001ms
[62.824s][info][gc,phases   ] GC(408) Concurrent Process Non-Strong References 1.915ms
[62.824s][info][gc,phases   ] GC(408) Concurrent Reset Relocation Set 0.002ms
[62.829s][info][gc,phases   ] GC(408) Concurrent Select Relocation Set 5.209ms
[62.829s][info][gc,phases   ] GC(408) Pause Relocate Start 0.009ms
[62.831s][info][gc,phases   ] GC(408) Concurrent Relocate 1.773ms
[62.831s][info][gc,load     ] GC(408) Load: 0.00/0.00/0.00
[62.831s][info][gc,mmu      ] GC(408) MMU: 2ms/96.6%, 5ms/98.6%, 10ms/99.3%, 20ms/99.7%, 50ms/99.8%, 100ms/99.9%
[62.831s][info][gc,marking  ] GC(408) Mark: 8 stripe(s), 1 proactive flush(es), 1 terminate flush(es), 0 completion(s), 0 continuation(s) 
[62.831s][info][gc,marking  ] GC(408) Mark Stack Usage: 32M
[62.831s][info][gc,nmethod  ] GC(408) NMethods: 5281 registered, 1976 unregistered
[62.831s][info][gc,metaspace] GC(408) Metaspace: 59M used, 60M committed, 1088M reserved
[62.831s][info][gc,ref      ] GC(408) Soft: 3043 encountered, 0 discovered, 0 enqueued
[62.831s][info][gc,ref      ] GC(408) Weak: 6051 encountered, 637 discovered, 120 enqueued
[62.831s][info][gc,ref      ] GC(408) Final: 60 encountered, 1 discovered, 0 enqueued
[62.832s][info][gc,ref      ] GC(408) Phantom: 608 encountered, 409 discovered, 0 enqueued
[62.832s][info][gc,reloc    ] GC(408) Small Pages: 142 / 284M, Empty: 52M, Relocated: 3M, In-Place: 0
[62.832s][info][gc,reloc    ] GC(408) Medium Pages: 1 / 32M, Empty: 0M, Relocated: 0M, In-Place: 0
[62.832s][info][gc,reloc    ] GC(408) Large Pages: 3 / 18M, Empty: 6M, Relocated: 0M, In-Place: 0
[62.832s][info][gc,reloc    ] GC(408) Forwarding Usage: 1M
[62.832s][info][gc,heap     ] GC(408) Min Capacity: 8M(1%)
[62.832s][info][gc,heap     ] GC(408) Max Capacity: 1024M(100%)
[62.832s][info][gc,heap     ] GC(408) Soft Max Capacity: 1024M(100%)
[62.832s][info][gc,heap     ] GC(408)                Mark Start          Mark End        Relocate Start      Relocate End           High               Low         
[62.832s][info][gc,heap     ] GC(408)  Capacity:     1024M (100%)       1024M (100%)       1024M (100%)       1024M (100%)       1024M (100%)       1024M (100%)   
[62.832s][info][gc,heap     ] GC(408)      Free:      690M (67%)         688M (67%)         742M (72%)         752M (73%)         752M (73%)         684M (67%)    
[62.832s][info][gc,heap     ] GC(408)      Used:      334M (33%)         336M (33%)         282M (28%)         272M (27%)         340M (33%)         272M (27%)    
[62.832s][info][gc,heap     ] GC(408)      Live:         -               203M (20%)         203M (20%)         203M (20%)            -                  -          
[62.832s][info][gc,heap     ] GC(408) Allocated:         -                 2M (0%)            6M (1%)            6M (1%)             -                  -          
[62.832s][info][gc,heap     ] GC(408)   Garbage:         -               130M (13%)          72M (7%)           62M (6%)             -                  -          
[62.832s][info][gc,heap     ] GC(408) Reclaimed:         -                  -                58M (6%)           68M (7%)             -                  -          
[62.832s][info][gc          ] GC(408) Garbage Collection (System.gc()) 334M(33%)->272M(27%)
[62.994s][info][gc,start    ] GC(409) Garbage Collection (Allocation Rate)
[62.994s][info][gc,task     ] GC(409) Using 6 workers
[62.994s][info][gc,phases   ] GC(409) Pause Mark Start 0.017ms
[63.072s][info][gc,phases   ] GC(409) Concurrent Mark 77.721ms
[63.072s][info][gc,phases   ] GC(409) Pause Mark End 0.028ms
[63.072s][info][gc,phases   ] GC(409) Concurrent Mark Free 0.001ms
[63.075s][info][gc,phases   ] GC(409) Concurrent Process Non-Strong References 3.085ms
[63.075s][info][gc,phases   ] GC(409) Concurrent Reset Relocation Set 0.002ms
[63.081s][info][gc,phases   ] GC(409) Concurrent Select Relocation Set 6.164ms
[63.081s][info][gc,phases   ] GC(409) Pause Relocate Start 0.006ms
[63.085s][info][gc,phases   ] GC(409) Concurrent Relocate 3.317ms
[63.085s][info][gc,load     ] GC(409) Load: 0.00/0.00/0.00
[63.085s][info][gc,mmu      ] GC(409) MMU: 2ms/96.6%, 5ms/98.6%, 10ms/99.3%, 20ms/99.7%, 50ms/99.8%, 100ms/99.9%
[63.085s][info][gc,marking  ] GC(409) Mark: 4 stripe(s), 2 proactive flush(es), 1 terminate flush(es), 0 completion(s), 0 continuation(s) 
[63.085s][info][gc,marking  ] GC(409) Mark Stack Usage: 32M
[63.085s][info][gc,nmethod  ] GC(409) NMethods: 5286 registered, 1980 unregistered
[63.085s][info][gc,metaspace] GC(409) Metaspace: 59M used, 60M committed, 1088M reserved
[63.085s][info][gc,ref      ] GC(409) Soft: 3045 encountered, 0 discovered, 0 enqueued
[63.085s][info][gc,ref      ] GC(409) Weak: 6066 encountered, 2785 discovered, 73 enqueued
[63.085s][info][gc,ref      ] GC(409) Final: 60 encountered, 1 discovered, 0 enqueued
[63.085s][info][gc,ref      ] GC(409) Phantom: 608 encountered, 455 discovered, 0 enqueued
[63.085s][info][gc,reloc    ] GC(409) Small Pages: 252 / 504M, Empty: 250M, Relocated: 4M, In-Place: 0
[63.085s][info][gc,reloc    ] GC(409) Medium Pages: 2 / 64M, Empty: 32M, Relocated: 0M, In-Place: 0
[63.085s][info][gc,reloc    ] GC(409) Large Pages: 4 / 24M, Empty: 12M, Relocated: 0M, In-Place: 0
[63.085s][info][gc,reloc    ] GC(409) Forwarding Usage: 2M
[63.085s][info][gc,heap     ] GC(409) Min Capacity: 8M(1%)
[63.085s][info][gc,heap     ] GC(409) Max Capacity: 1024M(100%)
[63.085s][info][gc,heap     ] GC(409) Soft Max Capacity: 1024M(100%)
[63.085s][info][gc,heap     ] GC(409)                Mark Start          Mark End        Relocate Start      Relocate End           High               Low         
[63.085s][info][gc,heap     ] GC(409)  Capacity:     1024M (100%)       1024M (100%)       1024M (100%)       1024M (100%)       1024M (100%)       1024M (100%)   
[63.085s][info][gc,heap     ] GC(409)      Free:      432M (42%)         202M (20%)         460M (45%)         490M (48%)         494M (48%)         190M (19%)    
[63.085s][info][gc,heap     ] GC(409)      Used:      592M (58%)         822M (80%)         564M (55%)         534M (52%)         834M (81%)         530M (52%)    
[63.085s][info][gc,heap     ] GC(409)      Live:         -               204M (20%)         204M (20%)         204M (20%)            -                  -          
[63.086s][info][gc,heap     ] GC(409) Allocated:         -               230M (22%)         266M (26%)         277M (27%)            -                  -          
[63.086s][info][gc,heap     ] GC(409)   Garbage:         -               387M (38%)          93M (9%)           51M (5%)             -                  -          
[63.086s][info][gc,heap     ] GC(409) Reclaimed:         -                  -               294M (29%)         335M (33%)            -                  -          
[63.086s][info][gc          ] GC(409) Garbage Collection (Allocation Rate) 592M(58%)->534M(52%)
[63.103s][info][gc,start    ] GC(410) Garbage Collection (Allocation Rate)
[63.103s][info][gc,task     ] GC(410) Using 6 workers
[63.103s][info][gc,phases   ] GC(410) Pause Mark Start 0.013ms
[63.181s][info][gc,phases   ] GC(410) Concurrent Mark 77.778ms
[63.181s][info][gc,phases   ] GC(410) Pause Mark End 0.017ms
[63.181s][info][gc,phases   ] GC(410) Concurrent Mark Free 0.001ms
[63.184s][info][gc,phases   ] GC(410) Concurrent Process Non-Strong References 2.857ms
[63.184s][info][gc,phases   ] GC(410) Concurrent Reset Relocation Set 0.003ms
[63.188s][info][gc,phases   ] GC(410) Concurrent Select Relocation Set 3.842ms
[63.188s][info][gc,phases   ] GC(410) Pause Relocate Start 0.009ms
[63.191s][info][gc,phases   ] GC(410) Concurrent Relocate 2.862ms
[63.191s][info][gc,load     ] GC(410) Load: 0.00/0.00/0.00
[63.191s][info][gc,mmu      ] GC(410) MMU: 2ms/96.6%, 5ms/98.6%, 10ms/99.3%, 20ms/99.7%, 50ms/99.8%, 100ms/99.9%
[63.191s][info][gc,marking  ] GC(410) Mark: 4 stripe(s), 2 proactive flush(es), 1 terminate flush(es), 0 completion(s), 0 continuation(s) 
[63.191s][info][gc,marking  ] GC(410) Mark Stack Usage: 32M
[63.191s][info][gc,nmethod  ] GC(410) NMethods: 5284 registered, 1982 unregistered
[63.191s][info][gc,metaspace] GC(410) Metaspace: 59M used, 60M committed, 1088M reserved
[63.191s][info][gc,ref      ] GC(410) Soft: 3045 encountered, 0 discovered, 0 enqueued
[63.191s][info][gc,ref      ] GC(410) Weak: 5992 encountered, 3631 discovered, 14 enqueued
[63.191s][info][gc,ref      ] GC(410) Final: 60 encountered, 1 discovered, 0 enqueued
[63.191s][info][gc,ref      ] GC(410) Phantom: 608 encountered, 430 discovered, 0 enqueued
[63.191s][info][gc,reloc    ] GC(410) Small Pages: 276 / 552M, Empty: 318M, Relocated: 3M, In-Place: 0
[63.192s][info][gc,reloc    ] GC(410) Medium Pages: 1 / 32M, Empty: 0M, Relocated: 0M, In-Place: 0
[63.192s][info][gc,reloc    ] GC(410) Large Pages: 2 / 12M, Empty: 0M, Relocated: 0M, In-Place: 0
[63.192s][info][gc,reloc    ] GC(410) Forwarding Usage: 1M
[63.192s][info][gc,heap     ] GC(410) Min Capacity: 8M(1%)
[63.192s][info][gc,heap     ] GC(410) Max Capacity: 1024M(100%)
[63.192s][info][gc,heap     ] GC(410) Soft Max Capacity: 1024M(100%)
[63.192s][info][gc,heap     ] GC(410)                Mark Start          Mark End        Relocate Start      Relocate End           High               Low         
[63.192s][info][gc,heap     ] GC(410)  Capacity:     1024M (100%)       1024M (100%)       1024M (100%)       1024M (100%)       1024M (100%)       1024M (100%)   
[63.192s][info][gc,heap     ] GC(410)      Free:      428M (42%)         188M (18%)         488M (48%)         502M (49%)         504M (49%)         180M (18%)    
[63.192s][info][gc,heap     ] GC(410)      Used:      596M (58%)         836M (82%)         536M (52%)         522M (51%)         844M (82%)         520M (51%)    
[63.192s][info][gc,heap     ] GC(410)      Live:         -               204M (20%)         204M (20%)         204M (20%)            -                  -          
[63.192s][info][gc,heap     ] GC(410) Allocated:         -               240M (23%)         258M (25%)         263M (26%)            -                  -          
[63.192s][info][gc,heap     ] GC(410)   Garbage:         -               391M (38%)          73M (7%)           53M (5%)             -                  -          
[63.192s][info][gc,heap     ] GC(410) Reclaimed:         -                  -               318M (31%)         337M (33%)            -                  -          
[63.192s][info][gc          ] GC(410) Garbage Collection (Allocation Rate) 596M(58%)->522M(51%)
[63.197s][info][gc,start    ] GC(411) Garbage Collection (Allocation Rate)
[63.197s][info][gc,task     ] GC(411) Using 6 workers
[63.197s][info][gc,phases   ] GC(411) Pause Mark Start 0.010ms
[63.268s][info][gc,phases   ] GC(411) Concurrent Mark 71.143ms
[63.268s][info][gc,phases   ] GC(411) Pause Mark End 0.038ms
[63.268s][info][gc,phases   ] GC(411) Concurrent Mark Free 0.001ms
[63.271s][info][gc,phases   ] GC(411) Concurrent Process Non-Strong References 2.734ms
[63.271s][info][gc,phases   ] GC(411) Concurrent Reset Relocation Set 0.003ms
[63.275s][info][gc,phases   ] GC(411) Concurrent Select Relocation Set 3.618ms
[63.275s][info][gc,phases   ] GC(411) Pause Relocate Start 0.010ms
[63.278s][info][gc,phases   ] GC(411) Concurrent Relocate 2.878ms
[63.278s][info][gc,load     ] GC(411) Load: 0.00/0.00/0.00
[63.278s][info][gc,mmu      ] GC(411) MMU: 2ms/96.6%, 5ms/98.6%, 10ms/99.3%, 20ms/99.7%, 50ms/99.8%, 100ms/99.9%
[63.278s][info][gc,marking  ] GC(411) Mark: 4 stripe(s), 2 proactive flush(es), 1 terminate flush(es), 0 completion(s), 0 continuation(s) 
[63.278s][info][gc,marking  ] GC(411) Mark Stack Usage: 32M
[63.278s][info][gc,nmethod  ] GC(411) NMethods: 5284 registered, 1982 unregistered
[63.278s][info][gc,metaspace] GC(411) Metaspace: 59M used, 60M committed, 1088M reserved
[63.278s][info][gc,ref      ] GC(411) Soft: 3045 encountered, 0 discovered, 0 enqueued
[63.278s][info][gc,ref      ] GC(411) Weak: 5978 encountered, 2127 discovered, 0 enqueued
[63.278s][info][gc,ref      ] GC(411) Final: 60 encountered, 4 discovered, 0 enqueued
[63.278s][info][gc,ref      ] GC(411) Phantom: 608 encountered, 444 discovered, 0 enqueued
[63.278s][info][gc,reloc    ] GC(411) Small Pages: 246 / 492M, Empty: 266M, Relocated: 3M, In-Place: 0
[63.278s][info][gc,reloc    ] GC(411) Medium Pages: 1 / 32M, Empty: 0M, Relocated: 0M, In-Place: 0
[63.278s][info][gc,reloc    ] GC(411) Large Pages: 2 / 12M, Empty: 0M, Relocated: 0M, In-Place: 0
[63.278s][info][gc,reloc    ] GC(411) Forwarding Usage: 1M
[63.278s][info][gc,heap     ] GC(411) Min Capacity: 8M(1%)
[63.278s][info][gc,heap     ] GC(411) Max Capacity: 1024M(100%)
[63.278s][info][gc,heap     ] GC(411) Soft Max Capacity: 1024M(100%)
[63.278s][info][gc,heap     ] GC(411)                Mark Start          Mark End        Relocate Start      Relocate End           High               Low         
[63.278s][info][gc,heap     ] GC(411)  Capacity:     1024M (100%)       1024M (100%)       1024M (100%)       1024M (100%)       1024M (100%)       1024M (100%)   
[63.279s][info][gc,heap     ] GC(411)      Free:      488M (48%)         248M (24%)         490M (48%)         492M (48%)         496M (48%)         238M (23%)    
[63.279s][info][gc,heap     ] GC(411)      Used:      536M (52%)         776M (76%)         534M (52%)         532M (52%)         786M (77%)         528M (52%)    
[63.279s][info][gc,heap     ] GC(411)      Live:         -               204M (20%)         204M (20%)         204M (20%)            -                  -          
[63.279s][info][gc,heap     ] GC(411) Allocated:         -               240M (23%)         264M (26%)         273M (27%)            -                  -          
[63.279s][info][gc,heap     ] GC(411)   Garbage:         -               331M (32%)          65M (6%)           53M (5%)             -                  -          
[63.279s][info][gc,heap     ] GC(411) Reclaimed:         -                  -               266M (26%)         277M (27%)            -                  -          
[63.279s][info][gc          ] GC(411) Garbage Collection (Allocation Rate) 536M(52%)->532M(52%)
[63.299s][info][gc,start    ] GC(412) Garbage Collection (Allocation Rate)
[63.299s][info][gc,task     ] GC(412) Using 6 workers
[63.299s][info][gc,phases   ] GC(412) Pause Mark Start 0.011ms
[63.377s][info][gc,phases   ] GC(412) Concurrent Mark 77.788ms
[63.378s][info][gc,phases   ] GC(412) Pause Mark End 0.021ms
[63.378s][info][gc,phases   ] GC(412) Concurrent Mark Free 0.001ms
[63.381s][info][gc,phases   ] GC(412) Concurrent Process Non-Strong References 2.875ms
[63.381s][info][gc,phases   ] GC(412) Concurrent Reset Relocation Set 0.002ms
[63.386s][info][gc,phases   ] GC(412) Concurrent Select Relocation Set 5.345ms
[63.386s][info][gc,phases   ] GC(412) Pause Relocate Start 0.008ms
[63.389s][info][gc,phases   ] GC(412) Concurrent Relocate 2.902ms
[63.389s][info][gc,load     ] GC(412) Load: 0.00/0.00/0.00
[63.389s][info][gc,mmu      ] GC(412) MMU: 2ms/96.6%, 5ms/98.6%, 10ms/99.3%, 20ms/99.7%, 50ms/99.8%, 100ms/99.9%
[63.389s][info][gc,marking  ] GC(412) Mark: 4 stripe(s), 2 proactive flush(es), 1 terminate flush(es), 0 completion(s), 0 continuation(s) 
[63.389s][info][gc,marking  ] GC(412) Mark Stack Usage: 32M
[63.389s][info][gc,nmethod  ] GC(412) NMethods: 5284 registered, 1982 unregistered
[63.389s][info][gc,metaspace] GC(412) Metaspace: 59M used, 60M committed, 1088M reserved
[63.389s][info][gc,ref      ] GC(412) Soft: 3045 encountered, 0 discovered, 0 enqueued
[63.389s][info][gc,ref      ] GC(412) Weak: 5978 encountered, 2298 discovered, 0 enqueued
[63.389s][info][gc,ref      ] GC(412) Final: 60 encountered, 2 discovered, 0 enqueued
[63.389s][info][gc,ref      ] GC(412) Phantom: 608 encountered, 399 discovered, 0 enqueued
[63.389s][info][gc,reloc    ] GC(412) Small Pages: 281 / 562M, Empty: 334M, Relocated: 3M, In-Place: 0
[63.389s][info][gc,reloc    ] GC(412) Medium Pages: 1 / 32M, Empty: 0M, Relocated: 0M, In-Place: 0
[63.389s][info][gc,reloc    ] GC(412) Large Pages: 2 / 12M, Empty: 0M, Relocated: 0M, In-Place: 0
[63.389s][info][gc,reloc    ] GC(412) Forwarding Usage: 1M
[63.389s][info][gc,heap     ] GC(412) Min Capacity: 8M(1%)
[63.390s][info][gc,heap     ] GC(412) Max Capacity: 1024M(100%)
[63.390s][info][gc,heap     ] GC(412) Soft Max Capacity: 1024M(100%)
[63.390s][info][gc,heap     ] GC(412)                Mark Start          Mark End        Relocate Start      Relocate End           High               Low         
[63.390s][info][gc,heap     ] GC(412)  Capacity:     1024M (100%)       1024M (100%)       1024M (100%)       1024M (100%)       1024M (100%)       1024M (100%)   
[63.390s][info][gc,heap     ] GC(412)      Free:      418M (41%)         146M (14%)         448M (44%)         452M (44%)         456M (45%)         134M (13%)    
[63.390s][info][gc,heap     ] GC(412)      Used:      606M (59%)         878M (86%)         576M (56%)         572M (56%)         890M (87%)         568M (55%)    
[63.390s][info][gc,heap     ] GC(412)      Live:         -               204M (20%)         204M (20%)         204M (20%)            -                  -          
[63.390s][info][gc,heap     ] GC(412) Allocated:         -               272M (27%)         304M (30%)         313M (31%)            -                  -          
[63.390s][info][gc,heap     ] GC(412)   Garbage:         -               401M (39%)          67M (7%)           53M (5%)             -                  -          
[63.390s][info][gc,heap     ] GC(412) Reclaimed:         -                  -               334M (33%)         347M (34%)            -                  -          
[63.390s][info][gc          ] GC(412) Garbage Collection (Allocation Rate) 606M(59%)->572M(56%)
[63.393s][info][gc,start    ] GC(413) Garbage Collection (Allocation Rate)
[63.393s][info][gc,task     ] GC(413) Using 6 workers
[63.393s][info][gc,phases   ] GC(413) Pause Mark Start 0.009ms
[63.471s][info][gc,phases   ] GC(413) Concurrent Mark 77.855ms
[63.471s][info][gc,phases   ] GC(413) Pause Mark End 0.029ms
[63.471s][info][gc,phases   ] GC(413) Concurrent Mark Free 0.001ms
[63.474s][info][gc,phases   ] GC(413) Concurrent Process Non-Strong References 2.816ms
[63.474s][info][gc,phases   ] GC(413) Concurrent Reset Relocation Set 0.002ms
[63.478s][info][gc,phases   ] GC(413) Concurrent Select Relocation Set 3.625ms
[63.478s][info][gc,phases   ] GC(413) Pause Relocate Start 0.009ms
[63.481s][info][gc,phases   ] GC(413) Concurrent Relocate 2.873ms
[63.481s][info][gc,load     ] GC(413) Load: 0.00/0.00/0.00
[63.481s][info][gc,mmu      ] GC(413) MMU: 2ms/96.6%, 5ms/98.6%, 10ms/99.3%, 20ms/99.7%, 50ms/99.8%, 100ms/99.9%
[63.481s][info][gc,marking  ] GC(413) Mark: 4 stripe(s), 2 proactive flush(es), 1 terminate flush(es), 0 completion(s), 0 continuation(s) 
[63.481s][info][gc,marking  ] GC(413) Mark Stack Usage: 32M
[63.481s][info][gc,nmethod  ] GC(413) NMethods: 5284 registered, 1982 unregistered
[63.481s][info][gc,metaspace] GC(413) Metaspace: 59M used, 60M committed, 1088M reserved
[63.481s][info][gc,ref      ] GC(413) Soft: 3045 encountered, 0 discovered, 0 enqueued
[63.481s][info][gc,ref      ] GC(413) Weak: 5978 encountered, 268 discovered, 0 enqueued
[63.481s][info][gc,ref      ] GC(413) Final: 60 encountered, 0 discovered, 0 enqueued
[63.481s][info][gc,ref      ] GC(413) Phantom: 608 encountered, 484 discovered, 0 enqueued
[63.481s][info][gc,reloc    ] GC(413) Small Pages: 271 / 542M, Empty: 314M, Relocated: 3M, In-Place: 0
[63.481s][info][gc,reloc    ] GC(413) Medium Pages: 1 / 32M, Empty: 0M, Relocated: 0M, In-Place: 0
[63.481s][info][gc,reloc    ] GC(413) Large Pages: 2 / 12M, Empty: 0M, Relocated: 0M, In-Place: 0
[63.481s][info][gc,reloc    ] GC(413) Forwarding Usage: 1M
[63.481s][info][gc,heap     ] GC(413) Min Capacity: 8M(1%)
[63.482s][info][gc,heap     ] GC(413) Max Capacity: 1024M(100%)
[63.482s][info][gc,heap     ] GC(413) Soft Max Capacity: 1024M(100%)
[63.482s][info][gc,heap     ] GC(413)                Mark Start          Mark End        Relocate Start      Relocate End           High               Low         
[63.482s][info][gc,heap     ] GC(413)  Capacity:     1024M (100%)       1024M (100%)       1024M (100%)       1024M (100%)       1024M (100%)       1024M (100%)   
[63.482s][info][gc,heap     ] GC(413)      Free:      438M (43%)         166M (16%)         456M (45%)         460M (45%)         464M (45%)         154M (15%)    
[63.482s][info][gc,heap     ] GC(413)      Used:      586M (57%)         858M (84%)         568M (55%)         564M (55%)         870M (85%)         560M (55%)    
[63.482s][info][gc,heap     ] GC(413)      Live:         -               204M (20%)         204M (20%)         204M (20%)            -                  -          
[63.482s][info][gc,heap     ] GC(413) Allocated:         -               272M (27%)         296M (29%)         305M (30%)            -                  -          
[63.482s][info][gc,heap     ] GC(413)   Garbage:         -               381M (37%)          67M (7%)           53M (5%)             -                  -          
[63.482s][info][gc,heap     ] GC(413) Reclaimed:         -                  -               314M (31%)         327M (32%)            -                  -          
[63.482s][info][gc          ] GC(413) Garbage Collection (Allocation Rate) 586M(57%)->564M(55%)
[63.502s][info][gc,start    ] GC(414) Garbage Collection (Allocation Rate)
[63.502s][info][gc,task     ] GC(414) Using 6 workers
[63.503s][info][gc,phases   ] GC(414) Pause Mark Start 0.013ms
[63.589s][info][gc,phases   ] GC(414) Concurrent Mark 86.424ms
[63.589s][info][gc,phases   ] GC(414) Pause Mark End 0.025ms
[63.589s][info][gc,phases   ] GC(414) Concurrent Mark Free 0.001ms
[63.592s][info][gc,phases   ] GC(414) Concurrent Process Non-Strong References 2.809ms
[63.592s][info][gc,phases   ] GC(414) Concurrent Reset Relocation Set 0.002ms
[63.596s][info][gc,phases   ] GC(414) Concurrent Select Relocation Set 3.631ms
[63.596s][info][gc,phases   ] GC(414) Pause Relocate Start 0.009ms
[63.598s][info][gc,phases   ] GC(414) Concurrent Relocate 2.137ms
[63.598s][info][gc,load     ] GC(414) Load: 0.00/0.00/0.00
[63.598s][info][gc,mmu      ] GC(414) MMU: 2ms/96.6%, 5ms/98.6%, 10ms/99.3%, 20ms/99.7%, 50ms/99.8%, 100ms/99.9%
[63.598s][info][gc,marking  ] GC(414) Mark: 4 stripe(s), 3 proactive flush(es), 1 terminate flush(es), 0 completion(s), 0 continuation(s) 
[63.598s][info][gc,marking  ] GC(414) Mark Stack Usage: 32M
[63.598s][info][gc,nmethod  ] GC(414) NMethods: 5284 registered, 1982 unregistered
[63.598s][info][gc,metaspace] GC(414) Metaspace: 59M used, 60M committed, 1088M reserved
[63.598s][info][gc,ref      ] GC(414) Soft: 3045 encountered, 0 discovered, 0 enqueued
[63.598s][info][gc,ref      ] GC(414) Weak: 5978 encountered, 1575 discovered, 0 enqueued
[63.599s][info][gc,ref      ] GC(414) Final: 60 encountered, 1 discovered, 0 enqueued
[63.599s][info][gc,ref      ] GC(414) Phantom: 608 encountered, 445 discovered, 0 enqueued
[63.599s][info][gc,reloc    ] GC(414) Small Pages: 297 / 594M, Empty: 366M, Relocated: 3M, In-Place: 0
[63.599s][info][gc,reloc    ] GC(414) Medium Pages: 1 / 32M, Empty: 0M, Relocated: 0M, In-Place: 0
[63.599s][info][gc,reloc    ] GC(414) Large Pages: 2 / 12M, Empty: 0M, Relocated: 0M, In-Place: 0
[63.599s][info][gc,reloc    ] GC(414) Forwarding Usage: 1M
[63.599s][info][gc,heap     ] GC(414) Min Capacity: 8M(1%)
[63.599s][info][gc,heap     ] GC(414) Max Capacity: 1024M(100%)
[63.599s][info][gc,heap     ] GC(414) Soft Max Capacity: 1024M(100%)
[63.599s][info][gc,heap     ] GC(414)                Mark Start          Mark End        Relocate Start      Relocate End           High               Low         
[63.599s][info][gc,heap     ] GC(414)  Capacity:     1024M (100%)       1024M (100%)       1024M (100%)       1024M (100%)       1024M (100%)       1024M (100%)   
[63.599s][info][gc,heap     ] GC(414)      Free:      386M (38%)         132M (13%)         488M (48%)         502M (49%)         502M (49%)         126M (12%)    
[63.599s][info][gc,heap     ] GC(414)      Used:      638M (62%)         892M (87%)         536M (52%)         522M (51%)         898M (88%)         522M (51%)    
[63.599s][info][gc,heap     ] GC(414)      Live:         -               204M (20%)         204M (20%)         204M (20%)            -                  -          
[63.599s][info][gc,heap     ] GC(414) Allocated:         -               254M (25%)         264M (26%)         264M (26%)            -                  -          
[63.599s][info][gc,heap     ] GC(414)   Garbage:         -               433M (42%)          67M (7%)           53M (5%)             -                  -          
[63.599s][info][gc,heap     ] GC(414) Reclaimed:         -                  -               366M (36%)         380M (37%)            -                  -          
[63.599s][info][gc          ] GC(414) Garbage Collection (Allocation Rate) 638M(62%)->522M(51%)
[63.605s][info][gc,start    ] GC(415) Garbage Collection (Allocation Rate)
[63.605s][info][gc,task     ] GC(415) Using 6 workers
[63.605s][info][gc,phases   ] GC(415) Pause Mark Start 0.010ms
[63.687s][info][gc,phases   ] GC(415) Concurrent Mark 82.512ms
[63.688s][info][gc,phases   ] GC(415) Pause Mark End 0.030ms
[63.688s][info][gc,phases   ] GC(415) Concurrent Mark Free 0.001ms
[63.691s][info][gc,phases   ] GC(415) Concurrent Process Non-Strong References 2.946ms
[63.691s][info][gc,phases   ] GC(415) Concurrent Reset Relocation Set 0.002ms
[63.696s][info][gc,phases   ] GC(415) Concurrent Select Relocation Set 5.226ms
[63.696s][info][gc,phases   ] GC(415) Pause Relocate Start 0.009ms
[63.698s][info][gc,phases   ] GC(415) Concurrent Relocate 2.100ms
[63.698s][info][gc,load     ] GC(415) Load: 0.00/0.00/0.00
[63.699s][info][gc,mmu      ] GC(415) MMU: 2ms/96.6%, 5ms/98.6%, 10ms/99.3%, 20ms/99.7%, 50ms/99.8%, 100ms/99.9%
[63.699s][info][gc,marking  ] GC(415) Mark: 4 stripe(s), 2 proactive flush(es), 1 terminate flush(es), 0 completion(s), 0 continuation(s) 
[63.699s][info][gc,marking  ] GC(415) Mark Stack Usage: 32M
[63.699s][info][gc,nmethod  ] GC(415) NMethods: 5273 registered, 1999 unregistered
[63.699s][info][gc,metaspace] GC(415) Metaspace: 59M used, 60M committed, 1088M reserved
[63.699s][info][gc,ref      ] GC(415) Soft: 3043 encountered, 0 discovered, 0 enqueued
[63.699s][info][gc,ref      ] GC(415) Weak: 6035 encountered, 2491 discovered, 1 enqueued
[63.699s][info][gc,ref      ] GC(415) Final: 60 encountered, 4 discovered, 0 enqueued
[63.699s][info][gc,ref      ] GC(415) Phantom: 608 encountered, 588 discovered, 0 enqueued
[63.699s][info][gc,reloc    ] GC(415) Small Pages: 239 / 478M, Empty: 254M, Relocated: 3M, In-Place: 0
[63.699s][info][gc,reloc    ] GC(415) Medium Pages: 1 / 32M, Empty: 0M, Relocated: 0M, In-Place: 0
[63.699s][info][gc,reloc    ] GC(415) Large Pages: 3 / 18M, Empty: 0M, Relocated: 0M, In-Place: 0
[63.699s][info][gc,reloc    ] GC(415) Forwarding Usage: 1M
[63.699s][info][gc,heap     ] GC(415) Min Capacity: 8M(1%)
[63.699s][info][gc,heap     ] GC(415) Max Capacity: 1024M(100%)
[63.699s][info][gc,heap     ] GC(415) Soft Max Capacity: 1024M(100%)
[63.699s][info][gc,heap     ] GC(415)                Mark Start          Mark End        Relocate Start      Relocate End           High               Low         
[63.699s][info][gc,heap     ] GC(415)  Capacity:     1024M (100%)       1024M (100%)       1024M (100%)       1024M (100%)       1024M (100%)       1024M (100%)   
[63.699s][info][gc,heap     ] GC(415)      Free:      496M (48%)         490M (48%)         744M (73%)         754M (74%)         754M (74%)         490M (48%)    
[63.699s][info][gc,heap     ] GC(415)      Used:      528M (52%)         534M (52%)         280M (27%)         270M (26%)         534M (52%)         270M (26%)    
[63.699s][info][gc,heap     ] GC(415)      Live:         -               210M (21%)         210M (21%)         210M (21%)            -                  -          
[63.699s][info][gc,heap     ] GC(415) Allocated:         -                 6M (1%)            6M (1%)            6M (1%)             -                  -          
[63.699s][info][gc,heap     ] GC(415)   Garbage:         -               317M (31%)          63M (6%)           53M (5%)             -                  -          
[63.699s][info][gc,heap     ] GC(415) Reclaimed:         -                  -               254M (25%)         264M (26%)            -                  -          
[63.699s][info][gc          ] GC(415) Garbage Collection (Allocation Rate) 528M(52%)->270M(26%)
[63.699s][info][gc,start    ] GC(416) Garbage Collection (System.gc())
[63.699s][info][gc,task     ] GC(416) Using 10 workers
[63.699s][info][gc,phases   ] GC(416) Pause Mark Start 0.013ms
[63.750s][info][gc,phases   ] GC(416) Concurrent Mark 50.427ms
[63.750s][info][gc,phases   ] GC(416) Pause Mark End 0.034ms
[63.750s][info][gc,phases   ] GC(416) Concurrent Mark Free 0.001ms
[63.752s][info][gc,phases   ] GC(416) Concurrent Process Non-Strong References 1.772ms
[63.752s][info][gc,phases   ] GC(416) Concurrent Reset Relocation Set 0.001ms
[63.754s][info][gc,phases   ] GC(416) Concurrent Select Relocation Set 2.297ms
[63.754s][info][gc,phases   ] GC(416) Pause Relocate Start 0.006ms
[63.756s][info][gc,phases   ] GC(416) Concurrent Relocate 1.932ms
[63.756s][info][gc,load     ] GC(416) Load: 0.00/0.00/0.00
[63.756s][info][gc,mmu      ] GC(416) MMU: 2ms/96.6%, 5ms/98.6%, 10ms/99.3%, 20ms/99.7%, 50ms/99.8%, 100ms/99.9%
[63.756s][info][gc,marking  ] GC(416) Mark: 8 stripe(s), 1 proactive flush(es), 1 terminate flush(es), 0 completion(s), 0 continuation(s) 
[63.756s][info][gc,marking  ] GC(416) Mark Stack Usage: 32M
[63.756s][info][gc,nmethod  ] GC(416) NMethods: 5271 registered, 2001 unregistered
[63.756s][info][gc,metaspace] GC(416) Metaspace: 59M used, 60M committed, 1088M reserved
[63.757s][info][gc,ref      ] GC(416) Soft: 3043 encountered, 0 discovered, 0 enqueued
[63.757s][info][gc,ref      ] GC(416) Weak: 6038 encountered, 551 discovered, 120 enqueued
[63.757s][info][gc,ref      ] GC(416) Final: 60 encountered, 3 discovered, 0 enqueued
[63.757s][info][gc,ref      ] GC(416) Phantom: 608 encountered, 367 discovered, 0 enqueued
[63.757s][info][gc,reloc    ] GC(416) Small Pages: 110 / 220M, Empty: 0M, Relocated: 3M, In-Place: 0
[63.757s][info][gc,reloc    ] GC(416) Medium Pages: 1 / 32M, Empty: 0M, Relocated: 0M, In-Place: 0
[63.757s][info][gc,reloc    ] GC(416) Large Pages: 3 / 18M, Empty: 6M, Relocated: 0M, In-Place: 0
[63.757s][info][gc,reloc    ] GC(416) Forwarding Usage: 1M
[63.757s][info][gc,heap     ] GC(416) Min Capacity: 8M(1%)
[63.757s][info][gc,heap     ] GC(416) Max Capacity: 1024M(100%)
[63.757s][info][gc,heap     ] GC(416) Soft Max Capacity: 1024M(100%)
[63.757s][info][gc,heap     ] GC(416)                Mark Start          Mark End        Relocate Start      Relocate End           High               Low         
[63.757s][info][gc,heap     ] GC(416)  Capacity:     1024M (100%)       1024M (100%)       1024M (100%)       1024M (100%)       1024M (100%)       1024M (100%)   
[63.757s][info][gc,heap     ] GC(416)      Free:      754M (74%)         752M (73%)         754M (74%)         754M (74%)         754M (74%)         736M (72%)    
[63.757s][info][gc,heap     ] GC(416)      Used:      270M (26%)         272M (27%)         270M (26%)         270M (26%)         288M (28%)         270M (26%)    
[63.757s][info][gc,heap     ] GC(416)      Live:         -               203M (20%)         203M (20%)         203M (20%)            -                  -          
[63.757s][info][gc,heap     ] GC(416) Allocated:         -                 2M (0%)            6M (1%)            6M (1%)             -                  -          
[63.757s][info][gc,heap     ] GC(416)   Garbage:         -                66M (6%)           60M (6%)           60M (6%)             -                  -          
[63.757s][info][gc,heap     ] GC(416) Reclaimed:         -                  -                 6M (1%)            6M (1%)             -                  -          
[63.757s][info][gc          ] GC(416) Garbage Collection (System.gc()) 270M(26%)->270M(26%)
[63.901s][info][gc,start    ] GC(417) Garbage Collection (Allocation Rate)
[63.901s][info][gc,task     ] GC(417) Using 6 workers
[63.901s][info][gc,phases   ] GC(417) Pause Mark Start 0.019ms
[63.979s][info][gc,phases   ] GC(417) Concurrent Mark 77.718ms
[63.979s][info][gc,phases   ] GC(417) Pause Mark End 0.030ms
[63.979s][info][gc,phases   ] GC(417) Concurrent Mark Free 0.001ms
[63.983s][info][gc,phases   ] GC(417) Concurrent Process Non-Strong References 3.828ms
[63.983s][info][gc,phases   ] GC(417) Concurrent Reset Relocation Set 0.002ms
[63.989s][info][gc,phases   ] GC(417) Concurrent Select Relocation Set 6.219ms
[63.989s][info][gc,phases   ] GC(417) Pause Relocate Start 0.010ms
[63.994s][info][gc,phases   ] GC(417) Concurrent Relocate 4.389ms
[63.994s][info][gc,load     ] GC(417) Load: 0.00/0.00/0.00
[63.994s][info][gc,mmu      ] GC(417) MMU: 2ms/96.6%, 5ms/98.6%, 10ms/99.3%, 20ms/99.7%, 50ms/99.8%, 100ms/99.9%
[63.994s][info][gc,marking  ] GC(417) Mark: 4 stripe(s), 2 proactive flush(es), 1 terminate flush(es), 0 completion(s), 0 continuation(s) 
[63.994s][info][gc,marking  ] GC(417) Mark Stack Usage: 32M
[63.994s][info][gc,nmethod  ] GC(417) NMethods: 5102 registered, 2193 unregistered
[63.994s][info][gc,metaspace] GC(417) Metaspace: 59M used, 60M committed, 1088M reserved
[63.994s][info][gc,ref      ] GC(417) Soft: 3045 encountered, 0 discovered, 0 enqueued
[63.994s][info][gc,ref      ] GC(417) Weak: 6083 encountered, 3132 discovered, 75 enqueued
[63.994s][info][gc,ref      ] GC(417) Final: 60 encountered, 0 discovered, 0 enqueued
[63.994s][info][gc,ref      ] GC(417) Phantom: 608 encountered, 446 discovered, 0 enqueued
[63.994s][info][gc,reloc    ] GC(417) Small Pages: 252 / 504M, Empty: 252M, Relocated: 4M, In-Place: 0
[63.994s][info][gc,reloc    ] GC(417) Medium Pages: 2 / 64M, Empty: 32M, Relocated: 0M, In-Place: 0
[63.994s][info][gc,reloc    ] GC(417) Large Pages: 4 / 24M, Empty: 12M, Relocated: 0M, In-Place: 0
[63.994s][info][gc,reloc    ] GC(417) Forwarding Usage: 2M
[63.994s][info][gc,heap     ] GC(417) Min Capacity: 8M(1%)
[63.994s][info][gc,heap     ] GC(417) Max Capacity: 1024M(100%)
[63.994s][info][gc,heap     ] GC(417) Soft Max Capacity: 1024M(100%)
[63.994s][info][gc,heap     ] GC(417)                Mark Start          Mark End        Relocate Start      Relocate End           High               Low         
[63.994s][info][gc,heap     ] GC(417)  Capacity:     1024M (100%)       1024M (100%)       1024M (100%)       1024M (100%)       1024M (100%)       1024M (100%)   
[63.995s][info][gc,heap     ] GC(417)      Free:      432M (42%)         198M (19%)         456M (45%)         488M (48%)         490M (48%)         184M (18%)    
[63.995s][info][gc,heap     ] GC(417)      Used:      592M (58%)         826M (81%)         568M (55%)         536M (52%)         840M (82%)         534M (52%)    
[63.995s][info][gc,heap     ] GC(417)      Live:         -               204M (20%)         204M (20%)         204M (20%)            -                  -          
[63.995s][info][gc,heap     ] GC(417) Allocated:         -               234M (23%)         272M (27%)         279M (27%)            -                  -          
[63.995s][info][gc,heap     ] GC(417)   Garbage:         -               387M (38%)          91M (9%)           51M (5%)             -                  -          
[63.995s][info][gc,heap     ] GC(417) Reclaimed:         -                  -               296M (29%)         335M (33%)            -                  -          
[63.995s][info][gc          ] GC(417) Garbage Collection (Allocation Rate) 592M(58%)->536M(52%)
[64.104s][info][gc,start    ] GC(418) Garbage Collection (Allocation Rate)
[64.104s][info][gc,task     ] GC(418) Using 9 workers
[64.104s][info][gc,phases   ] GC(418) Pause Mark Start 0.012ms
[64.166s][info][gc,phases   ] GC(418) Concurrent Mark 62.156ms
[64.166s][info][gc,phases   ] GC(418) Pause Mark End 0.020ms
[64.166s][info][gc,phases   ] GC(418) Concurrent Mark Free 0.001ms
[64.168s][info][gc,phases   ] GC(418) Concurrent Process Non-Strong References 1.795ms
[64.168s][info][gc,phases   ] GC(418) Concurrent Reset Relocation Set 0.004ms
[64.172s][info][gc,phases   ] GC(418) Concurrent Select Relocation Set 3.830ms
[64.172s][info][gc,phases   ] GC(418) Pause Relocate Start 0.006ms
[64.174s][info][gc,phases   ] GC(418) Concurrent Relocate 1.707ms
[64.174s][info][gc,load     ] GC(418) Load: 0.00/0.00/0.00
[64.174s][info][gc,mmu      ] GC(418) MMU: 2ms/96.6%, 5ms/98.6%, 10ms/99.3%, 20ms/99.7%, 50ms/99.8%, 100ms/99.9%
[64.174s][info][gc,marking  ] GC(418) Mark: 8 stripe(s), 2 proactive flush(es), 1 terminate flush(es), 0 completion(s), 0 continuation(s) 
[64.174s][info][gc,marking  ] GC(418) Mark Stack Usage: 32M
[64.174s][info][gc,nmethod  ] GC(418) NMethods: 5102 registered, 2193 unregistered
[64.174s][info][gc,metaspace] GC(418) Metaspace: 59M used, 60M committed, 1088M reserved
[64.174s][info][gc,ref      ] GC(418) Soft: 3045 encountered, 0 discovered, 0 enqueued
[64.174s][info][gc,ref      ] GC(418) Weak: 6007 encountered, 957 discovered, 19 enqueued
[64.174s][info][gc,ref      ] GC(418) Final: 60 encountered, 55 discovered, 0 enqueued
[64.174s][info][gc,ref      ] GC(418) Phantom: 608 encountered, 370 discovered, 0 enqueued
[64.174s][info][gc,reloc    ] GC(418) Small Pages: 351 / 702M, Empty: 468M, Relocated: 3M, In-Place: 0
[64.174s][info][gc,reloc    ] GC(418) Medium Pages: 1 / 32M, Empty: 0M, Relocated: 0M, In-Place: 0
[64.174s][info][gc,reloc    ] GC(418) Large Pages: 2 / 12M, Empty: 0M, Relocated: 0M, In-Place: 0
[64.174s][info][gc,reloc    ] GC(418) Forwarding Usage: 1M
[64.174s][info][gc,heap     ] GC(418) Min Capacity: 8M(1%)
[64.174s][info][gc,heap     ] GC(418) Max Capacity: 1024M(100%)
[64.174s][info][gc,heap     ] GC(418) Soft Max Capacity: 1024M(100%)
[64.174s][info][gc,heap     ] GC(418)                Mark Start          Mark End        Relocate Start      Relocate End           High               Low         
[64.174s][info][gc,heap     ] GC(418)  Capacity:     1024M (100%)       1024M (100%)       1024M (100%)       1024M (100%)       1024M (100%)       1024M (100%)   
[64.175s][info][gc,heap     ] GC(418)      Free:      278M (27%)         158M (15%)         616M (60%)         626M (61%)         626M (61%)         156M (15%)    
[64.175s][info][gc,heap     ] GC(418)      Used:      746M (73%)         866M (85%)         408M (40%)         398M (39%)         868M (85%)         398M (39%)    
[64.175s][info][gc,heap     ] GC(418)      Live:         -               204M (20%)         204M (20%)         204M (20%)            -                  -          
[64.175s][info][gc,heap     ] GC(418) Allocated:         -               120M (12%)         130M (13%)         133M (13%)            -                  -          
[64.175s][info][gc,heap     ] GC(418)   Garbage:         -               541M (53%)          73M (7%)           59M (6%)             -                  -          
[64.175s][info][gc,heap     ] GC(418) Reclaimed:         -                  -               468M (46%)         481M (47%)            -                  -          
[64.175s][info][gc          ] GC(418) Garbage Collection (Allocation Rate) 746M(73%)->398M(39%)
[64.197s][info][gc,start    ] GC(419) Garbage Collection (Allocation Rate)
[64.197s][info][gc,task     ] GC(419) Using 9 workers
[64.198s][info][gc,phases   ] GC(419) Pause Mark Start 0.013ms
[64.260s][info][gc,phases   ] GC(419) Concurrent Mark 62.102ms
[64.260s][info][gc,phases   ] GC(419) Pause Mark End 0.033ms
[64.260s][info][gc,phases   ] GC(419) Concurrent Mark Free 0.001ms
[64.262s][info][gc,phases   ] GC(419) Concurrent Process Non-Strong References 1.979ms
[64.262s][info][gc,phases   ] GC(419) Concurrent Reset Relocation Set 0.002ms
[64.266s][info][gc,phases   ] GC(419) Concurrent Select Relocation Set 3.522ms
[64.266s][info][gc,phases   ] GC(419) Pause Relocate Start 0.008ms
[64.268s][info][gc,phases   ] GC(419) Concurrent Relocate 1.698ms
[64.268s][info][gc,load     ] GC(419) Load: 0.00/0.00/0.00
[64.268s][info][gc,mmu      ] GC(419) MMU: 2ms/96.6%, 5ms/98.6%, 10ms/99.3%, 20ms/99.7%, 50ms/99.8%, 100ms/99.9%
[64.268s][info][gc,marking  ] GC(419) Mark: 8 stripe(s), 2 proactive flush(es), 1 terminate flush(es), 0 completion(s), 0 continuation(s) 
[64.268s][info][gc,marking  ] GC(419) Mark Stack Usage: 32M
[64.268s][info][gc,nmethod  ] GC(419) NMethods: 5102 registered, 2193 unregistered
[64.268s][info][gc,metaspace] GC(419) Metaspace: 59M used, 60M committed, 1088M reserved
[64.268s][info][gc,ref      ] GC(419) Soft: 3045 encountered, 0 discovered, 0 enqueued
[64.268s][info][gc,ref      ] GC(419) Weak: 5988 encountered, 1893 discovered, 0 enqueued
[64.268s][info][gc,ref      ] GC(419) Final: 60 encountered, 34 discovered, 0 enqueued
[64.268s][info][gc,ref      ] GC(419) Phantom: 608 encountered, 457 discovered, 0 enqueued
[64.268s][info][gc,reloc    ] GC(419) Small Pages: 196 / 392M, Empty: 160M, Relocated: 3M, In-Place: 0
[64.268s][info][gc,reloc    ] GC(419) Medium Pages: 1 / 32M, Empty: 0M, Relocated: 0M, In-Place: 0
[64.268s][info][gc,reloc    ] GC(419) Large Pages: 2 / 12M, Empty: 0M, Relocated: 0M, In-Place: 0
[64.268s][info][gc,reloc    ] GC(419) Forwarding Usage: 1M
[64.268s][info][gc,heap     ] GC(419) Min Capacity: 8M(1%)
[64.268s][info][gc,heap     ] GC(419) Max Capacity: 1024M(100%)
[64.268s][info][gc,heap     ] GC(419) Soft Max Capacity: 1024M(100%)
[64.268s][info][gc,heap     ] GC(419)                Mark Start          Mark End        Relocate Start      Relocate End           High               Low         
[64.268s][info][gc,heap     ] GC(419)  Capacity:     1024M (100%)       1024M (100%)       1024M (100%)       1024M (100%)       1024M (100%)       1024M (100%)   
[64.268s][info][gc,heap     ] GC(419)      Free:      588M (57%)         486M (47%)         636M (62%)         646M (63%)         646M (63%)         482M (47%)    
[64.268s][info][gc,heap     ] GC(419)      Used:      436M (43%)         538M (53%)         388M (38%)         378M (37%)         542M (53%)         378M (37%)    
[64.268s][info][gc,heap     ] GC(419)      Live:         -               204M (20%)         204M (20%)         204M (20%)            -                  -          
[64.268s][info][gc,heap     ] GC(419) Allocated:         -               102M (10%)         112M (11%)         113M (11%)            -                  -          
[64.268s][info][gc,heap     ] GC(419)   Garbage:         -               231M (23%)          71M (7%)           59M (6%)             -                  -          
[64.268s][info][gc,heap     ] GC(419) Reclaimed:         -                  -               160M (16%)         171M (17%)            -                  -          
[64.268s][info][gc          ] GC(419) Garbage Collection (Allocation Rate) 436M(43%)->378M(37%)
[64.307s][info][gc,start    ] GC(420) Garbage Collection (Allocation Rate)
[64.307s][info][gc,task     ] GC(420) Using 9 workers
[64.307s][info][gc,phases   ] GC(420) Pause Mark Start 0.013ms
[64.369s][info][gc,phases   ] GC(420) Concurrent Mark 62.124ms
[64.369s][info][gc,phases   ] GC(420) Pause Mark End 0.027ms
[64.369s][info][gc,phases   ] GC(420) Concurrent Mark Free 0.001ms
[64.371s][info][gc,phases   ] GC(420) Concurrent Process Non-Strong References 2.000ms
[64.371s][info][gc,phases   ] GC(420) Concurrent Reset Relocation Set 0.002ms
[64.375s][info][gc,phases   ] GC(420) Concurrent Select Relocation Set 3.520ms
[64.375s][info][gc,phases   ] GC(420) Pause Relocate Start 0.008ms
[64.377s][info][gc,phases   ] GC(420) Concurrent Relocate 1.710ms
[64.377s][info][gc,load     ] GC(420) Load: 0.00/0.00/0.00
[64.377s][info][gc,mmu      ] GC(420) MMU: 2ms/96.6%, 5ms/98.6%, 10ms/99.3%, 20ms/99.7%, 50ms/99.8%, 100ms/99.9%
[64.377s][info][gc,marking  ] GC(420) Mark: 8 stripe(s), 2 proactive flush(es), 1 terminate flush(es), 0 completion(s), 0 continuation(s) 
[64.377s][info][gc,marking  ] GC(420) Mark Stack Usage: 32M
[64.377s][info][gc,nmethod  ] GC(420) NMethods: 5102 registered, 2193 unregistered
[64.377s][info][gc,metaspace] GC(420) Metaspace: 59M used, 60M committed, 1088M reserved
[64.377s][info][gc,ref      ] GC(420) Soft: 3045 encountered, 0 discovered, 0 enqueued
[64.377s][info][gc,ref      ] GC(420) Weak: 5988 encountered, 1373 discovered, 0 enqueued
[64.377s][info][gc,ref      ] GC(420) Final: 60 encountered, 0 discovered, 0 enqueued
[64.377s][info][gc,ref      ] GC(420) Phantom: 608 encountered, 360 discovered, 0 enqueued
[64.377s][info][gc,reloc    ] GC(420) Small Pages: 201 / 402M, Empty: 174M, Relocated: 3M, In-Place: 0
[64.377s][info][gc,reloc    ] GC(420) Medium Pages: 1 / 32M, Empty: 0M, Relocated: 0M, In-Place: 0
[64.377s][info][gc,reloc    ] GC(420) Large Pages: 2 / 12M, Empty: 0M, Relocated: 0M, In-Place: 0
[64.377s][info][gc,reloc    ] GC(420) Forwarding Usage: 1M
[64.377s][info][gc,heap     ] GC(420) Min Capacity: 8M(1%)
[64.377s][info][gc,heap     ] GC(420) Max Capacity: 1024M(100%)
[64.377s][info][gc,heap     ] GC(420) Soft Max Capacity: 1024M(100%)
[64.377s][info][gc,heap     ] GC(420)                Mark Start          Mark End        Relocate Start      Relocate End           High               Low         
[64.377s][info][gc,heap     ] GC(420)  Capacity:     1024M (100%)       1024M (100%)       1024M (100%)       1024M (100%)       1024M (100%)       1024M (100%)   
[64.378s][info][gc,heap     ] GC(420)      Free:      578M (56%)         468M (46%)         632M (62%)         634M (62%)         634M (62%)         464M (45%)    
[64.378s][info][gc,heap     ] GC(420)      Used:      446M (44%)         556M (54%)         392M (38%)         390M (38%)         560M (55%)         390M (38%)    
[64.378s][info][gc,heap     ] GC(420)      Live:         -               204M (20%)         204M (20%)         204M (20%)            -                  -          
[64.378s][info][gc,heap     ] GC(420) Allocated:         -               110M (11%)         120M (12%)         125M (12%)            -                  -          
[64.378s][info][gc,heap     ] GC(420)   Garbage:         -               241M (24%)          67M (7%)           59M (6%)             -                  -          
[64.378s][info][gc,heap     ] GC(420) Reclaimed:         -                  -               174M (17%)         181M (18%)            -                  -          
[64.378s][info][gc          ] GC(420) Garbage Collection (Allocation Rate) 446M(44%)->390M(38%)
[64.400s][info][gc,start    ] GC(421) Garbage Collection (Allocation Rate)
[64.400s][info][gc,task     ] GC(421) Using 9 workers
[64.401s][info][gc,phases   ] GC(421) Pause Mark Start 0.013ms
[64.470s][info][gc,phases   ] GC(421) Concurrent Mark 69.165ms
[64.470s][info][gc,phases   ] GC(421) Pause Mark End 0.021ms
[64.470s][info][gc,phases   ] GC(421) Concurrent Mark Free 0.001ms
[64.472s][info][gc,phases   ] GC(421) Concurrent Process Non-Strong References 2.238ms
[64.472s][info][gc,phases   ] GC(421) Concurrent Reset Relocation Set 0.001ms
[64.475s][info][gc,phases   ] GC(421) Concurrent Select Relocation Set 2.554ms
[64.475s][info][gc,phases   ] GC(421) Pause Relocate Start 0.007ms
[64.478s][info][gc,phases   ] GC(421) Concurrent Relocate 2.936ms
[64.478s][info][gc,load     ] GC(421) Load: 0.00/0.00/0.00
[64.478s][info][gc,mmu      ] GC(421) MMU: 2ms/96.6%, 5ms/98.6%, 10ms/99.3%, 20ms/99.7%, 50ms/99.8%, 100ms/99.9%
[64.478s][info][gc,marking  ] GC(421) Mark: 8 stripe(s), 2 proactive flush(es), 1 terminate flush(es), 0 completion(s), 0 continuation(s) 
[64.478s][info][gc,marking  ] GC(421) Mark Stack Usage: 32M
[64.478s][info][gc,nmethod  ] GC(421) NMethods: 5102 registered, 2193 unregistered
[64.478s][info][gc,metaspace] GC(421) Metaspace: 59M used, 60M committed, 1088M reserved
[64.478s][info][gc,ref      ] GC(421) Soft: 3045 encountered, 0 discovered, 0 enqueued
[64.478s][info][gc,ref      ] GC(421) Weak: 5988 encountered, 1693 discovered, 0 enqueued
[64.478s][info][gc,ref      ] GC(421) Final: 60 encountered, 0 discovered, 0 enqueued
[64.478s][info][gc,ref      ] GC(421) Phantom: 608 encountered, 440 discovered, 0 enqueued
[64.478s][info][gc,reloc    ] GC(421) Small Pages: 209 / 418M, Empty: 184M, Relocated: 3M, In-Place: 0
[64.478s][info][gc,reloc    ] GC(421) Medium Pages: 1 / 32M, Empty: 0M, Relocated: 0M, In-Place: 0
[64.478s][info][gc,reloc    ] GC(421) Large Pages: 2 / 12M, Empty: 0M, Relocated: 0M, In-Place: 0
[64.478s][info][gc,reloc    ] GC(421) Forwarding Usage: 1M
[64.478s][info][gc,heap     ] GC(421) Min Capacity: 8M(1%)
[64.478s][info][gc,heap     ] GC(421) Max Capacity: 1024M(100%)
[64.478s][info][gc,heap     ] GC(421) Soft Max Capacity: 1024M(100%)
[64.478s][info][gc,heap     ] GC(421)                Mark Start          Mark End        Relocate Start      Relocate End           High               Low         
[64.478s][info][gc,heap     ] GC(421)  Capacity:     1024M (100%)       1024M (100%)       1024M (100%)       1024M (100%)       1024M (100%)       1024M (100%)   
[64.478s][info][gc,heap     ] GC(421)      Free:      562M (55%)         380M (37%)         548M (54%)         556M (54%)         562M (55%)         372M (36%)    
[64.478s][info][gc,heap     ] GC(421)      Used:      462M (45%)         644M (63%)         476M (46%)         468M (46%)         652M (64%)         462M (45%)    
[64.478s][info][gc,heap     ] GC(421)      Live:         -               204M (20%)         204M (20%)         204M (20%)            -                  -          
[64.478s][info][gc,heap     ] GC(421) Allocated:         -               182M (18%)         198M (19%)         203M (20%)            -                  -          
[64.478s][info][gc,heap     ] GC(421)   Garbage:         -               257M (25%)          73M (7%)           59M (6%)             -                  -          
[64.478s][info][gc,heap     ] GC(421) Reclaimed:         -                  -               184M (18%)         197M (19%)            -                  -          
[64.478s][info][gc          ] GC(421) Garbage Collection (Allocation Rate) 462M(45%)->468M(46%)
[64.501s][info][gc,start    ] GC(422) Garbage Collection (Allocation Rate)
[64.501s][info][gc,task     ] GC(422) Using 9 workers
[64.501s][info][gc,phases   ] GC(422) Pause Mark Start 0.010ms
[64.564s][info][gc,phases   ] GC(422) Concurrent Mark 62.069ms
[64.564s][info][gc,phases   ] GC(422) Pause Mark End 0.023ms
[64.564s][info][gc,phases   ] GC(422) Concurrent Mark Free 0.001ms
[64.566s][info][gc,phases   ] GC(422) Concurrent Process Non-Strong References 1.831ms
[64.566s][info][gc,phases   ] GC(422) Concurrent Reset Relocation Set 0.002ms
[64.569s][info][gc,phases   ] GC(422) Concurrent Select Relocation Set 3.560ms
[64.569s][info][gc,phases   ] GC(422) Pause Relocate Start 0.008ms
[64.572s][info][gc,phases   ] GC(422) Concurrent Relocate 2.058ms
[64.572s][info][gc,load     ] GC(422) Load: 0.00/0.00/0.00
[64.572s][info][gc,mmu      ] GC(422) MMU: 2ms/96.6%, 5ms/98.6%, 10ms/99.3%, 20ms/99.7%, 50ms/99.8%, 100ms/99.9%
[64.572s][info][gc,marking  ] GC(422) Mark: 8 stripe(s), 2 proactive flush(es), 1 terminate flush(es), 0 completion(s), 0 continuation(s) 
[64.572s][info][gc,marking  ] GC(422) Mark Stack Usage: 32M
[64.572s][info][gc,nmethod  ] GC(422) NMethods: 5102 registered, 2193 unregistered
[64.572s][info][gc,metaspace] GC(422) Metaspace: 59M used, 60M committed, 1088M reserved
[64.572s][info][gc,ref      ] GC(422) Soft: 3045 encountered, 0 discovered, 0 enqueued
[64.572s][info][gc,ref      ] GC(422) Weak: 5988 encountered, 1755 discovered, 0 enqueued
[64.572s][info][gc,ref      ] GC(422) Final: 60 encountered, 3 discovered, 0 enqueued
[64.572s][info][gc,ref      ] GC(422) Phantom: 608 encountered, 474 discovered, 0 enqueued
[64.572s][info][gc,reloc    ] GC(422) Small Pages: 239 / 478M, Empty: 250M, Relocated: 3M, In-Place: 0
[64.572s][info][gc,reloc    ] GC(422) Medium Pages: 1 / 32M, Empty: 0M, Relocated: 0M, In-Place: 0
[64.572s][info][gc,reloc    ] GC(422) Large Pages: 2 / 12M, Empty: 0M, Relocated: 0M, In-Place: 0
[64.572s][info][gc,reloc    ] GC(422) Forwarding Usage: 1M
[64.572s][info][gc,heap     ] GC(422) Min Capacity: 8M(1%)
[64.572s][info][gc,heap     ] GC(422) Max Capacity: 1024M(100%)
[64.572s][info][gc,heap     ] GC(422) Soft Max Capacity: 1024M(100%)
[64.572s][info][gc,heap     ] GC(422)                Mark Start          Mark End        Relocate Start      Relocate End           High               Low         
[64.572s][info][gc,heap     ] GC(422)  Capacity:     1024M (100%)       1024M (100%)       1024M (100%)       1024M (100%)       1024M (100%)       1024M (100%)   
[64.572s][info][gc,heap     ] GC(422)      Free:      502M (49%)         360M (35%)         598M (58%)         600M (59%)         600M (59%)         356M (35%)    
[64.572s][info][gc,heap     ] GC(422)      Used:      522M (51%)         664M (65%)         426M (42%)         424M (41%)         668M (65%)         424M (41%)    
[64.572s][info][gc,heap     ] GC(422)      Live:         -               204M (20%)         204M (20%)         204M (20%)            -                  -          
[64.572s][info][gc,heap     ] GC(422) Allocated:         -               142M (14%)         154M (15%)         159M (16%)            -                  -          
[64.572s][info][gc,heap     ] GC(422)   Garbage:         -               317M (31%)          67M (7%)           59M (6%)             -                  -          
[64.572s][info][gc,heap     ] GC(422) Reclaimed:         -                  -               250M (24%)         257M (25%)            -                  -          
[64.572s][info][gc          ] GC(422) Garbage Collection (Allocation Rate) 522M(51%)->424M(41%)
[64.595s][info][gc,start    ] GC(423) Garbage Collection (Allocation Rate)
[64.595s][info][gc,task     ] GC(423) Using 9 workers
[64.595s][info][gc,phases   ] GC(423) Pause Mark Start 0.010ms
[64.657s][info][gc,phases   ] GC(423) Concurrent Mark 62.181ms
[64.657s][info][gc,phases   ] GC(423) Pause Mark End 0.018ms
[64.657s][info][gc,phases   ] GC(423) Concurrent Mark Free 0.001ms
[64.659s][info][gc,phases   ] GC(423) Concurrent Process Non-Strong References 1.732ms
[64.659s][info][gc,phases   ] GC(423) Concurrent Reset Relocation Set 0.001ms
[64.662s][info][gc,phases   ] GC(423) Concurrent Select Relocation Set 2.456ms
[64.662s][info][gc,phases   ] GC(423) Pause Relocate Start 0.007ms
[64.663s][info][gc,phases   ] GC(423) Concurrent Relocate 1.268ms
[64.663s][info][gc,load     ] GC(423) Load: 0.00/0.00/0.00
[64.663s][info][gc,mmu      ] GC(423) MMU: 2ms/96.6%, 5ms/98.6%, 10ms/99.3%, 20ms/99.7%, 50ms/99.8%, 100ms/99.9%
[64.663s][info][gc,marking  ] GC(423) Mark: 8 stripe(s), 2 proactive flush(es), 1 terminate flush(es), 0 completion(s), 0 continuation(s) 
[64.663s][info][gc,marking  ] GC(423) Mark Stack Usage: 32M
[64.663s][info][gc,nmethod  ] GC(423) NMethods: 5102 registered, 2193 unregistered
[64.663s][info][gc,metaspace] GC(423) Metaspace: 59M used, 60M committed, 1088M reserved
[64.663s][info][gc,ref      ] GC(423) Soft: 3045 encountered, 0 discovered, 0 enqueued
[64.663s][info][gc,ref      ] GC(423) Weak: 5988 encountered, 2017 discovered, 0 enqueued
[64.663s][info][gc,ref      ] GC(423) Final: 60 encountered, 1 discovered, 0 enqueued
[64.663s][info][gc,ref      ] GC(423) Phantom: 608 encountered, 440 discovered, 0 enqueued
[64.663s][info][gc,reloc    ] GC(423) Small Pages: 228 / 456M, Empty: 226M, Relocated: 3M, In-Place: 0
[64.663s][info][gc,reloc    ] GC(423) Medium Pages: 1 / 32M, Empty: 0M, Relocated: 0M, In-Place: 0
[64.663s][info][gc,reloc    ] GC(423) Large Pages: 2 / 12M, Empty: 0M, Relocated: 0M, In-Place: 0
[64.664s][info][gc,reloc    ] GC(423) Forwarding Usage: 1M
[64.664s][info][gc,heap     ] GC(423) Min Capacity: 8M(1%)
[64.664s][info][gc,heap     ] GC(423) Max Capacity: 1024M(100%)
[64.664s][info][gc,heap     ] GC(423) Soft Max Capacity: 1024M(100%)
[64.664s][info][gc,heap     ] GC(423)                Mark Start          Mark End        Relocate Start      Relocate End           High               Low         
[64.664s][info][gc,heap     ] GC(423)  Capacity:     1024M (100%)       1024M (100%)       1024M (100%)       1024M (100%)       1024M (100%)       1024M (100%)   
[64.664s][info][gc,heap     ] GC(423)      Free:      524M (51%)         346M (34%)         562M (55%)         570M (56%)         570M (56%)         342M (33%)    
[64.664s][info][gc,heap     ] GC(423)      Used:      500M (49%)         678M (66%)         462M (45%)         454M (44%)         682M (67%)         454M (44%)    
[64.664s][info][gc,heap     ] GC(423)      Live:         -               204M (20%)         204M (20%)         204M (20%)            -                  -          
[64.664s][info][gc,heap     ] GC(423) Allocated:         -               178M (17%)         188M (18%)         189M (19%)            -                  -          
[64.664s][info][gc,heap     ] GC(423)   Garbage:         -               295M (29%)          69M (7%)           59M (6%)             -                  -          
[64.664s][info][gc,heap     ] GC(423) Reclaimed:         -                  -               226M (22%)         235M (23%)            -                  -          
[64.664s][info][gc          ] GC(423) Garbage Collection (Allocation Rate) 500M(49%)->454M(44%)
[64.704s][info][gc,start    ] GC(424) Garbage Collection (Allocation Rate)
[64.704s][info][gc,task     ] GC(424) Using 9 workers
[64.704s][info][gc,phases   ] GC(424) Pause Mark Start 0.011ms
[64.765s][info][gc,phases   ] GC(424) Concurrent Mark 60.663ms
[64.765s][info][gc,phases   ] GC(424) Pause Mark End 0.021ms
[64.765s][info][gc,phases   ] GC(424) Concurrent Mark Free 0.001ms
[64.767s][info][gc,phases   ] GC(424) Concurrent Process Non-Strong References 1.828ms
[64.767s][info][gc,phases   ] GC(424) Concurrent Reset Relocation Set 0.003ms
[64.771s][info][gc,phases   ] GC(424) Concurrent Select Relocation Set 3.612ms
[64.771s][info][gc,phases   ] GC(424) Pause Relocate Start 0.009ms
[64.773s][info][gc,phases   ] GC(424) Concurrent Relocate 2.126ms
[64.773s][info][gc,load     ] GC(424) Load: 0.00/0.00/0.00
[64.773s][info][gc,mmu      ] GC(424) MMU: 2ms/96.6%, 5ms/98.6%, 10ms/99.3%, 20ms/99.7%, 50ms/99.8%, 100ms/99.9%
[64.773s][info][gc,marking  ] GC(424) Mark: 8 stripe(s), 2 proactive flush(es), 1 terminate flush(es), 0 completion(s), 0 continuation(s) 
[64.773s][info][gc,marking  ] GC(424) Mark Stack Usage: 32M
[64.773s][info][gc,nmethod  ] GC(424) NMethods: 5114 registered, 2193 unregistered
[64.774s][info][gc,metaspace] GC(424) Metaspace: 59M used, 60M committed, 1088M reserved
[64.774s][info][gc,ref      ] GC(424) Soft: 3045 encountered, 0 discovered, 0 enqueued
[64.774s][info][gc,ref      ] GC(424) Weak: 5986 encountered, 1787 discovered, 0 enqueued
[64.774s][info][gc,ref      ] GC(424) Final: 60 encountered, 56 discovered, 0 enqueued
[64.774s][info][gc,ref      ] GC(424) Phantom: 608 encountered, 367 discovered, 0 enqueued
[64.774s][info][gc,reloc    ] GC(424) Small Pages: 264 / 528M, Empty: 298M, Relocated: 3M, In-Place: 0
[64.774s][info][gc,reloc    ] GC(424) Medium Pages: 1 / 32M, Empty: 0M, Relocated: 0M, In-Place: 0
[64.774s][info][gc,reloc    ] GC(424) Large Pages: 2 / 12M, Empty: 0M, Relocated: 0M, In-Place: 0
[64.774s][info][gc,reloc    ] GC(424) Forwarding Usage: 1M
[64.774s][info][gc,heap     ] GC(424) Min Capacity: 8M(1%)
[64.774s][info][gc,heap     ] GC(424) Max Capacity: 1024M(100%)
[64.774s][info][gc,heap     ] GC(424) Soft Max Capacity: 1024M(100%)
[64.774s][info][gc,heap     ] GC(424)                Mark Start          Mark End        Relocate Start      Relocate End           High               Low         
[64.774s][info][gc,heap     ] GC(424)  Capacity:     1024M (100%)       1024M (100%)       1024M (100%)       1024M (100%)       1024M (100%)       1024M (100%)   
[64.774s][info][gc,heap     ] GC(424)      Free:      452M (44%)         350M (34%)         648M (63%)         658M (64%)         658M (64%)         350M (34%)    
[64.774s][info][gc,heap     ] GC(424)      Used:      572M (56%)         674M (66%)         376M (37%)         366M (36%)         674M (66%)         366M (36%)    
[64.774s][info][gc,heap     ] GC(424)      Live:         -               204M (20%)         204M (20%)         204M (20%)            -                  -          
[64.774s][info][gc,heap     ] GC(424) Allocated:         -               102M (10%)         102M (10%)         101M (10%)            -                  -          
[64.774s][info][gc,heap     ] GC(424)   Garbage:         -               367M (36%)          69M (7%)           59M (6%)             -                  -          
[64.774s][info][gc,heap     ] GC(424) Reclaimed:         -                  -               298M (29%)         307M (30%)            -                  -          
[64.774s][info][gc          ] GC(424) Garbage Collection (Allocation Rate) 572M(56%)->366M(36%)
[64.774s][info][gc,start    ] GC(425) Garbage Collection (System.gc())
[64.774s][info][gc,task     ] GC(425) Using 10 workers
[64.774s][info][gc,phases   ] GC(425) Pause Mark Start 0.008ms
[64.833s][info][gc,phases   ] GC(425) Concurrent Mark 58.399ms
[64.833s][info][gc,phases   ] GC(425) Pause Mark End 0.032ms
[64.833s][info][gc,phases   ] GC(425) Concurrent Mark Free 0.001ms
[64.835s][info][gc,phases   ] GC(425) Concurrent Process Non-Strong References 2.025ms
[64.835s][info][gc,phases   ] GC(425) Concurrent Reset Relocation Set 0.002ms
[64.841s][info][gc,phases   ] GC(425) Concurrent Select Relocation Set 5.344ms
[64.841s][info][gc,phases   ] GC(425) Pause Relocate Start 0.009ms
[64.843s][info][gc,phases   ] GC(425) Concurrent Relocate 2.025ms
[64.843s][info][gc,load     ] GC(425) Load: 0.00/0.00/0.00
[64.843s][info][gc,mmu      ] GC(425) MMU: 2ms/96.6%, 5ms/98.6%, 10ms/99.3%, 20ms/99.7%, 50ms/99.8%, 100ms/99.9%
[64.843s][info][gc,marking  ] GC(425) Mark: 8 stripe(s), 2 proactive flush(es), 1 terminate flush(es), 0 completion(s), 0 continuation(s) 
[64.843s][info][gc,marking  ] GC(425) Mark Stack Usage: 32M
[64.843s][info][gc,nmethod  ] GC(425) NMethods: 5112 registered, 2198 unregistered
[64.843s][info][gc,metaspace] GC(425) Metaspace: 59M used, 60M committed, 1088M reserved
[64.843s][info][gc,ref      ] GC(425) Soft: 3043 encountered, 0 discovered, 0 enqueued
[64.843s][info][gc,ref      ] GC(425) Weak: 6056 encountered, 1539 discovered, 121 enqueued
[64.843s][info][gc,ref      ] GC(425) Final: 60 encountered, 25 discovered, 0 enqueued
[64.843s][info][gc,ref      ] GC(425) Phantom: 608 encountered, 381 discovered, 0 enqueued
[64.843s][info][gc,reloc    ] GC(425) Small Pages: 158 / 316M, Empty: 86M, Relocated: 3M, In-Place: 0
[64.843s][info][gc,reloc    ] GC(425) Medium Pages: 1 / 32M, Empty: 0M, Relocated: 0M, In-Place: 0
[64.843s][info][gc,reloc    ] GC(425) Large Pages: 3 / 18M, Empty: 6M, Relocated: 0M, In-Place: 0
[64.843s][info][gc,reloc    ] GC(425) Forwarding Usage: 1M
[64.843s][info][gc,heap     ] GC(425) Min Capacity: 8M(1%)
[64.843s][info][gc,heap     ] GC(425) Max Capacity: 1024M(100%)
[64.843s][info][gc,heap     ] GC(425) Soft Max Capacity: 1024M(100%)
[64.843s][info][gc,heap     ] GC(425)                Mark Start          Mark End        Relocate Start      Relocate End           High               Low         
[64.843s][info][gc,heap     ] GC(425)  Capacity:     1024M (100%)       1024M (100%)       1024M (100%)       1024M (100%)       1024M (100%)       1024M (100%)   
[64.843s][info][gc,heap     ] GC(425)      Free:      658M (64%)         656M (64%)         744M (73%)         752M (73%)         752M (73%)         650M (63%)    
[64.843s][info][gc,heap     ] GC(425)      Used:      366M (36%)         368M (36%)         280M (27%)         272M (27%)         374M (37%)         272M (27%)    
[64.843s][info][gc,heap     ] GC(425)      Live:         -               203M (20%)         203M (20%)         203M (20%)            -                  -          
[64.844s][info][gc,heap     ] GC(425) Allocated:         -                 2M (0%)            6M (1%)            5M (1%)             -                  -          
[64.844s][info][gc,heap     ] GC(425)   Garbage:         -               162M (16%)          70M (7%)           62M (6%)             -                  -          
[64.844s][info][gc,heap     ] GC(425) Reclaimed:         -                  -                92M (9%)           99M (10%)            -                  -          
[64.844s][info][gc          ] GC(425) Garbage Collection (System.gc()) 366M(36%)->272M(27%)
[65.005s][info][gc,start    ] GC(426) Garbage Collection (Allocation Rate)
[65.005s][info][gc,task     ] GC(426) Using 7 workers
[65.005s][info][gc,phases   ] GC(426) Pause Mark Start 0.014ms
[65.067s][info][gc,phases   ] GC(426) Concurrent Mark 62.068ms
[65.067s][info][gc,phases   ] GC(426) Pause Mark End 0.020ms
[65.067s][info][gc,phases   ] GC(426) Concurrent Mark Free 0.001ms
[65.069s][info][gc,phases   ] GC(426) Concurrent Process Non-Strong References 2.092ms
[65.069s][info][gc,phases   ] GC(426) Concurrent Reset Relocation Set 0.002ms
[65.075s][info][gc,phases   ] GC(426) Concurrent Select Relocation Set 5.943ms
[65.076s][info][gc,phases   ] GC(426) Pause Relocate Start 0.008ms
[65.078s][info][gc,phases   ] GC(426) Concurrent Relocate 2.466ms
[65.078s][info][gc,load     ] GC(426) Load: 0.00/0.00/0.00
[65.078s][info][gc,mmu      ] GC(426) MMU: 2ms/96.6%, 5ms/98.6%, 10ms/99.3%, 20ms/99.7%, 50ms/99.8%, 100ms/99.9%
[65.078s][info][gc,marking  ] GC(426) Mark: 4 stripe(s), 3 proactive flush(es), 1 terminate flush(es), 0 completion(s), 0 continuation(s) 
[65.078s][info][gc,marking  ] GC(426) Mark Stack Usage: 32M
[65.078s][info][gc,nmethod  ] GC(426) NMethods: 5117 registered, 2201 unregistered
[65.078s][info][gc,metaspace] GC(426) Metaspace: 59M used, 60M committed, 1088M reserved
[65.078s][info][gc,ref      ] GC(426) Soft: 3045 encountered, 0 discovered, 0 enqueued
[65.078s][info][gc,ref      ] GC(426) Weak: 6070 encountered, 460 discovered, 74 enqueued
[65.078s][info][gc,ref      ] GC(426) Final: 60 encountered, 0 discovered, 0 enqueued
[65.078s][info][gc,ref      ] GC(426) Phantom: 608 encountered, 353 discovered, 0 enqueued
[65.078s][info][gc,reloc    ] GC(426) Small Pages: 274 / 548M, Empty: 294M, Relocated: 4M, In-Place: 0
[65.078s][info][gc,reloc    ] GC(426) Medium Pages: 2 / 64M, Empty: 32M, Relocated: 0M, In-Place: 0
[65.078s][info][gc,reloc    ] GC(426) Large Pages: 4 / 24M, Empty: 12M, Relocated: 0M, In-Place: 0
[65.079s][info][gc,reloc    ] GC(426) Forwarding Usage: 2M
[65.079s][info][gc,heap     ] GC(426) Min Capacity: 8M(1%)
[65.079s][info][gc,heap     ] GC(426) Max Capacity: 1024M(100%)
[65.079s][info][gc,heap     ] GC(426) Soft Max Capacity: 1024M(100%)
[65.079s][info][gc,heap     ] GC(426)                Mark Start          Mark End        Relocate Start      Relocate End           High               Low         
[65.079s][info][gc,heap     ] GC(426)  Capacity:     1024M (100%)       1024M (100%)       1024M (100%)       1024M (100%)       1024M (100%)       1024M (100%)   
[65.079s][info][gc,heap     ] GC(426)      Free:      388M (38%)         182M (18%)         488M (48%)         522M (51%)         522M (51%)         174M (17%)    
[65.079s][info][gc,heap     ] GC(426)      Used:      636M (62%)         842M (82%)         536M (52%)         502M (49%)         850M (83%)         502M (49%)    
[65.079s][info][gc,heap     ] GC(426)      Live:         -               204M (20%)         204M (20%)         204M (20%)            -                  -          
[65.079s][info][gc,heap     ] GC(426) Allocated:         -               206M (20%)         238M (23%)         243M (24%)            -                  -          
[65.079s][info][gc,heap     ] GC(426)   Garbage:         -               431M (42%)          93M (9%)           53M (5%)             -                  -          
[65.079s][info][gc,heap     ] GC(426) Reclaimed:         -                  -               338M (33%)         377M (37%)            -                  -          
[65.079s][info][gc          ] GC(426) Garbage Collection (Allocation Rate) 636M(62%)->502M(49%)
[65.098s][info][gc,start    ] GC(427) Garbage Collection (Allocation Rate)
[65.098s][info][gc,task     ] GC(427) Using 7 workers
[65.099s][info][gc,phases   ] GC(427) Pause Mark Start 0.009ms
[65.161s][info][gc,phases   ] GC(427) Concurrent Mark 62.212ms
[65.161s][info][gc,phases   ] GC(427) Pause Mark End 0.016ms
[65.161s][info][gc,phases   ] GC(427) Concurrent Mark Free 0.001ms
[65.163s][info][gc,phases   ] GC(427) Concurrent Process Non-Strong References 2.174ms
[65.163s][info][gc,phases   ] GC(427) Concurrent Reset Relocation Set 0.003ms
[65.167s][info][gc,phases   ] GC(427) Concurrent Select Relocation Set 3.857ms
[65.167s][info][gc,phases   ] GC(427) Pause Relocate Start 0.007ms
[65.170s][info][gc,phases   ] GC(427) Concurrent Relocate 2.856ms
[65.170s][info][gc,load     ] GC(427) Load: 0.00/0.00/0.00
[65.170s][info][gc,mmu      ] GC(427) MMU: 2ms/96.6%, 5ms/98.6%, 10ms/99.3%, 20ms/99.7%, 50ms/99.8%, 100ms/99.9%
[65.170s][info][gc,marking  ] GC(427) Mark: 4 stripe(s), 2 proactive flush(es), 1 terminate flush(es), 0 completion(s), 0 continuation(s) 
[65.170s][info][gc,marking  ] GC(427) Mark Stack Usage: 32M
[65.170s][info][gc,nmethod  ] GC(427) NMethods: 5117 registered, 2201 unregistered
[65.170s][info][gc,metaspace] GC(427) Metaspace: 59M used, 60M committed, 1088M reserved
[65.170s][info][gc,ref      ] GC(427) Soft: 3045 encountered, 0 discovered, 0 enqueued
[65.170s][info][gc,ref      ] GC(427) Weak: 5995 encountered, 2524 discovered, 14 enqueued
[65.170s][info][gc,ref      ] GC(427) Final: 60 encountered, 0 discovered, 0 enqueued
[65.170s][info][gc,ref      ] GC(427) Phantom: 608 encountered, 428 discovered, 0 enqueued
[65.171s][info][gc,reloc    ] GC(427) Small Pages: 260 / 520M, Empty: 286M, Relocated: 3M, In-Place: 0
[65.171s][info][gc,reloc    ] GC(427) Medium Pages: 1 / 32M, Empty: 0M, Relocated: 0M, In-Place: 0
[65.171s][info][gc,reloc    ] GC(427) Large Pages: 2 / 12M, Empty: 0M, Relocated: 0M, In-Place: 0
[65.171s][info][gc,reloc    ] GC(427) Forwarding Usage: 1M
[65.171s][info][gc,heap     ] GC(427) Min Capacity: 8M(1%)
[65.171s][info][gc,heap     ] GC(427) Max Capacity: 1024M(100%)
[65.171s][info][gc,heap     ] GC(427) Soft Max Capacity: 1024M(100%)
[65.171s][info][gc,heap     ] GC(427)                Mark Start          Mark End        Relocate Start      Relocate End           High               Low         
[65.171s][info][gc,heap     ] GC(427)  Capacity:     1024M (100%)       1024M (100%)       1024M (100%)       1024M (100%)       1024M (100%)       1024M (100%)   
[65.171s][info][gc,heap     ] GC(427)      Free:      460M (45%)         276M (27%)         544M (53%)         554M (54%)         558M (54%)         270M (26%)    
[65.171s][info][gc,heap     ] GC(427)      Used:      564M (55%)         748M (73%)         480M (47%)         470M (46%)         754M (74%)         466M (46%)    
[65.171s][info][gc,heap     ] GC(427)      Live:         -               204M (20%)         204M (20%)         204M (20%)            -                  -          
[65.171s][info][gc,heap     ] GC(427) Allocated:         -               184M (18%)         202M (20%)         209M (21%)            -                  -          
[65.171s][info][gc,heap     ] GC(427)   Garbage:         -               359M (35%)          73M (7%)           55M (5%)             -                  -          
[65.171s][info][gc,heap     ] GC(427) Reclaimed:         -                  -               286M (28%)         303M (30%)            -                  -          
[65.171s][info][gc          ] GC(427) Garbage Collection (Allocation Rate) 564M(55%)->470M(46%)
[65.208s][info][gc,start    ] GC(428) Garbage Collection (Allocation Rate)
[65.208s][info][gc,task     ] GC(428) Using 7 workers
[65.208s][info][gc,phases   ] GC(428) Pause Mark Start 0.012ms
[65.270s][info][gc,phases   ] GC(428) Concurrent Mark 62.123ms
[65.270s][info][gc,phases   ] GC(428) Pause Mark End 0.029ms
[65.270s][info][gc,phases   ] GC(428) Concurrent Mark Free 0.001ms
[65.273s][info][gc,phases   ] GC(428) Concurrent Process Non-Strong References 2.197ms
[65.273s][info][gc,phases   ] GC(428) Concurrent Reset Relocation Set 0.002ms
[65.275s][info][gc,phases   ] GC(428) Concurrent Select Relocation Set 2.354ms
[65.275s][info][gc,phases   ] GC(428) Pause Relocate Start 0.007ms
[65.278s][info][gc,phases   ] GC(428) Concurrent Relocate 2.873ms
[65.278s][info][gc,load     ] GC(428) Load: 0.00/0.00/0.00
[65.278s][info][gc,mmu      ] GC(428) MMU: 2ms/96.6%, 5ms/98.6%, 10ms/99.3%, 20ms/99.7%, 50ms/99.8%, 100ms/99.9%
[65.278s][info][gc,marking  ] GC(428) Mark: 4 stripe(s), 2 proactive flush(es), 1 terminate flush(es), 0 completion(s), 0 continuation(s) 
[65.278s][info][gc,marking  ] GC(428) Mark Stack Usage: 32M
[65.278s][info][gc,nmethod  ] GC(428) NMethods: 5117 registered, 2201 unregistered
[65.278s][info][gc,metaspace] GC(428) Metaspace: 59M used, 60M committed, 1088M reserved
[65.278s][info][gc,ref      ] GC(428) Soft: 3045 encountered, 0 discovered, 0 enqueued
[65.278s][info][gc,ref      ] GC(428) Weak: 5981 encountered, 2565 discovered, 0 enqueued
[65.278s][info][gc,ref      ] GC(428) Final: 60 encountered, 0 discovered, 0 enqueued
[65.278s][info][gc,ref      ] GC(428) Phantom: 608 encountered, 384 discovered, 0 enqueued
[65.278s][info][gc,reloc    ] GC(428) Small Pages: 270 / 540M, Empty: 308M, Relocated: 3M, In-Place: 0
[65.278s][info][gc,reloc    ] GC(428) Medium Pages: 1 / 32M, Empty: 0M, Relocated: 0M, In-Place: 0
[65.278s][info][gc,reloc    ] GC(428) Large Pages: 2 / 12M, Empty: 0M, Relocated: 0M, In-Place: 0
[65.278s][info][gc,reloc    ] GC(428) Forwarding Usage: 1M
[65.278s][info][gc,heap     ] GC(428) Min Capacity: 8M(1%)
[65.278s][info][gc,heap     ] GC(428) Max Capacity: 1024M(100%)
[65.278s][info][gc,heap     ] GC(428) Soft Max Capacity: 1024M(100%)
[65.278s][info][gc,heap     ] GC(428)                Mark Start          Mark End        Relocate Start      Relocate End           High               Low         
[65.278s][info][gc,heap     ] GC(428)  Capacity:     1024M (100%)       1024M (100%)       1024M (100%)       1024M (100%)       1024M (100%)       1024M (100%)   
[65.278s][info][gc,heap     ] GC(428)      Free:      440M (43%)         282M (28%)         580M (57%)         590M (58%)         592M (58%)         278M (27%)    
[65.278s][info][gc,heap     ] GC(428)      Used:      584M (57%)         742M (72%)         444M (43%)         434M (42%)         746M (73%)         432M (42%)    
[65.278s][info][gc,heap     ] GC(428)      Live:         -               204M (20%)         204M (20%)         204M (20%)            -                  -          
[65.278s][info][gc,heap     ] GC(428) Allocated:         -               158M (15%)         168M (16%)         173M (17%)            -                  -          
[65.278s][info][gc,heap     ] GC(428)   Garbage:         -               379M (37%)          71M (7%)           55M (5%)             -                  -          
[65.278s][info][gc,heap     ] GC(428) Reclaimed:         -                  -               308M (30%)         323M (32%)            -                  -          
[65.278s][info][gc          ] GC(428) Garbage Collection (Allocation Rate) 584M(57%)->434M(42%)
[65.301s][info][gc,start    ] GC(429) Garbage Collection (Allocation Rate)
[65.301s][info][gc,task     ] GC(429) Using 7 workers
[65.302s][info][gc,phases   ] GC(429) Pause Mark Start 0.009ms
[65.364s][info][gc,phases   ] GC(429) Concurrent Mark 62.311ms
[65.364s][info][gc,phases   ] GC(429) Pause Mark End 0.026ms
[65.364s][info][gc,phases   ] GC(429) Concurrent Mark Free 0.001ms
[65.367s][info][gc,phases   ] GC(429) Concurrent Process Non-Strong References 2.624ms
[65.367s][info][gc,phases   ] GC(429) Concurrent Reset Relocation Set 0.002ms
[65.371s][info][gc,phases   ] GC(429) Concurrent Select Relocation Set 3.652ms
[65.371s][info][gc,phases   ] GC(429) Pause Relocate Start 0.012ms
[65.372s][info][gc,phases   ] GC(429) Concurrent Relocate 1.702ms
[65.373s][info][gc,load     ] GC(429) Load: 0.00/0.00/0.00
[65.373s][info][gc,mmu      ] GC(429) MMU: 2ms/96.6%, 5ms/98.6%, 10ms/99.3%, 20ms/99.7%, 50ms/99.8%, 100ms/99.9%
[65.373s][info][gc,marking  ] GC(429) Mark: 4 stripe(s), 2 proactive flush(es), 1 terminate flush(es), 0 completion(s), 0 continuation(s) 
[65.373s][info][gc,marking  ] GC(429) Mark Stack Usage: 32M
[65.373s][info][gc,nmethod  ] GC(429) NMethods: 5117 registered, 2201 unregistered
[65.373s][info][gc,metaspace] GC(429) Metaspace: 59M used, 60M committed, 1088M reserved
[65.373s][info][gc,ref      ] GC(429) Soft: 3045 encountered, 0 discovered, 0 enqueued
[65.373s][info][gc,ref      ] GC(429) Weak: 5981 encountered, 3163 discovered, 0 enqueued
[65.373s][info][gc,ref      ] GC(429) Final: 60 encountered, 0 discovered, 0 enqueued
[65.373s][info][gc,ref      ] GC(429) Phantom: 608 encountered, 458 discovered, 0 enqueued
[65.373s][info][gc,reloc    ] GC(429) Small Pages: 223 / 446M, Empty: 216M, Relocated: 3M, In-Place: 0
[65.373s][info][gc,reloc    ] GC(429) Medium Pages: 1 / 32M, Empty: 0M, Relocated: 0M, In-Place: 0
[65.373s][info][gc,reloc    ] GC(429) Large Pages: 2 / 12M, Empty: 0M, Relocated: 0M, In-Place: 0
[65.373s][info][gc,reloc    ] GC(429) Forwarding Usage: 1M
[65.373s][info][gc,heap     ] GC(429) Min Capacity: 8M(1%)
[65.373s][info][gc,heap     ] GC(429) Max Capacity: 1024M(100%)
[65.373s][info][gc,heap     ] GC(429) Soft Max Capacity: 1024M(100%)
[65.373s][info][gc,heap     ] GC(429)                Mark Start          Mark End        Relocate Start      Relocate End           High               Low         
[65.373s][info][gc,heap     ] GC(429)  Capacity:     1024M (100%)       1024M (100%)       1024M (100%)       1024M (100%)       1024M (100%)       1024M (100%)   
[65.373s][info][gc,heap     ] GC(429)      Free:      534M (52%)         350M (34%)         546M (53%)         556M (54%)         556M (54%)         342M (33%)    
[65.373s][info][gc,heap     ] GC(429)      Used:      490M (48%)         674M (66%)         478M (47%)         468M (46%)         682M (67%)         468M (46%)    
[65.373s][info][gc,heap     ] GC(429)      Live:         -               204M (20%)         204M (20%)         204M (20%)            -                  -          
[65.373s][info][gc,heap     ] GC(429) Allocated:         -               184M (18%)         204M (20%)         207M (20%)            -                  -          
[65.373s][info][gc,heap     ] GC(429)   Garbage:         -               285M (28%)          69M (7%)           55M (5%)             -                  -          
[65.373s][info][gc,heap     ] GC(429) Reclaimed:         -                  -               216M (21%)         229M (22%)            -                  -          
[65.373s][info][gc          ] GC(429) Garbage Collection (Allocation Rate) 490M(48%)->468M(46%)
[65.395s][info][gc,start    ] GC(430) Garbage Collection (Allocation Rate)
[65.395s][info][gc,task     ] GC(430) Using 7 workers
[65.395s][info][gc,phases   ] GC(430) Pause Mark Start 0.012ms
[65.473s][info][gc,phases   ] GC(430) Concurrent Mark 77.819ms
[65.473s][info][gc,phases   ] GC(430) Pause Mark End 0.017ms
[65.473s][info][gc,phases   ] GC(430) Concurrent Mark Free 0.001ms
[65.476s][info][gc,phases   ] GC(430) Concurrent Process Non-Strong References 2.581ms
[65.476s][info][gc,phases   ] GC(430) Concurrent Reset Relocation Set 0.002ms
[65.478s][info][gc,phases   ] GC(430) Concurrent Select Relocation Set 2.367ms
[65.479s][info][gc,phases   ] GC(430) Pause Relocate Start 0.008ms
[65.481s][info][gc,phases   ] GC(430) Concurrent Relocate 2.074ms
[65.481s][info][gc,load     ] GC(430) Load: 0.00/0.00/0.00
[65.481s][info][gc,mmu      ] GC(430) MMU: 2ms/96.6%, 5ms/98.6%, 10ms/99.3%, 20ms/99.7%, 50ms/99.8%, 100ms/99.9%
[65.481s][info][gc,marking  ] GC(430) Mark: 4 stripe(s), 2 proactive flush(es), 1 terminate flush(es), 0 completion(s), 0 continuation(s) 
[65.481s][info][gc,marking  ] GC(430) Mark Stack Usage: 32M
[65.481s][info][gc,nmethod  ] GC(430) NMethods: 5117 registered, 2201 unregistered
[65.481s][info][gc,metaspace] GC(430) Metaspace: 59M used, 60M committed, 1088M reserved
[65.481s][info][gc,ref      ] GC(430) Soft: 3045 encountered, 0 discovered, 0 enqueued
[65.481s][info][gc,ref      ] GC(430) Weak: 5981 encountered, 2983 discovered, 0 enqueued
[65.481s][info][gc,ref      ] GC(430) Final: 60 encountered, 4 discovered, 0 enqueued
[65.481s][info][gc,ref      ] GC(430) Phantom: 608 encountered, 410 discovered, 0 enqueued
[65.481s][info][gc,reloc    ] GC(430) Small Pages: 246 / 492M, Empty: 262M, Relocated: 3M, In-Place: 0
[65.481s][info][gc,reloc    ] GC(430) Medium Pages: 1 / 32M, Empty: 0M, Relocated: 0M, In-Place: 0
[65.481s][info][gc,reloc    ] GC(430) Large Pages: 2 / 12M, Empty: 0M, Relocated: 0M, In-Place: 0
[65.481s][info][gc,reloc    ] GC(430) Forwarding Usage: 1M
[65.481s][info][gc,heap     ] GC(430) Min Capacity: 8M(1%)
[65.481s][info][gc,heap     ] GC(430) Max Capacity: 1024M(100%)
[65.481s][info][gc,heap     ] GC(430) Soft Max Capacity: 1024M(100%)
[65.481s][info][gc,heap     ] GC(430)                Mark Start          Mark End        Relocate Start      Relocate End           High               Low         
[65.481s][info][gc,heap     ] GC(430)  Capacity:     1024M (100%)       1024M (100%)       1024M (100%)       1024M (100%)       1024M (100%)       1024M (100%)   
[65.481s][info][gc,heap     ] GC(430)      Free:      488M (48%)         302M (29%)         558M (54%)         570M (56%)         570M (56%)         300M (29%)    
[65.481s][info][gc,heap     ] GC(430)      Used:      536M (52%)         722M (71%)         466M (46%)         454M (44%)         724M (71%)         454M (44%)    
[65.481s][info][gc,heap     ] GC(430)      Live:         -               204M (20%)         204M (20%)         204M (20%)            -                  -          
[65.481s][info][gc,heap     ] GC(430) Allocated:         -               186M (18%)         192M (19%)         193M (19%)            -                  -          
[65.481s][info][gc,heap     ] GC(430)   Garbage:         -               331M (32%)          69M (7%)           55M (5%)             -                  -          
[65.481s][info][gc,heap     ] GC(430) Reclaimed:         -                  -               262M (26%)         275M (27%)            -                  -          
[65.481s][info][gc          ] GC(430) Garbage Collection (Allocation Rate) 536M(52%)->454M(44%)
[65.505s][info][gc,start    ] GC(431) Garbage Collection (Allocation Rate)
[65.505s][info][gc,task     ] GC(431) Using 7 workers
[65.505s][info][gc,phases   ] GC(431) Pause Mark Start 0.011ms
[65.567s][info][gc,phases   ] GC(431) Concurrent Mark 62.150ms
[65.567s][info][gc,phases   ] GC(431) Pause Mark End 0.023ms
[65.567s][info][gc,phases   ] GC(431) Concurrent Mark Free 0.001ms
[65.569s][info][gc,phases   ] GC(431) Concurrent Process Non-Strong References 2.246ms
[65.570s][info][gc,phases   ] GC(431) Concurrent Reset Relocation Set 0.002ms
[65.573s][info][gc,phases   ] GC(431) Concurrent Select Relocation Set 3.644ms
[65.573s][info][gc,phases   ] GC(431) Pause Relocate Start 0.006ms
[65.576s][info][gc,phases   ] GC(431) Concurrent Relocate 2.887ms
[65.576s][info][gc,load     ] GC(431) Load: 0.00/0.00/0.00
[65.576s][info][gc,mmu      ] GC(431) MMU: 2ms/96.6%, 5ms/98.6%, 10ms/99.3%, 20ms/99.7%, 50ms/99.8%, 100ms/99.9%
[65.576s][info][gc,marking  ] GC(431) Mark: 4 stripe(s), 2 proactive flush(es), 1 terminate flush(es), 0 completion(s), 0 continuation(s) 
[65.576s][info][gc,marking  ] GC(431) Mark Stack Usage: 32M
[65.576s][info][gc,nmethod  ] GC(431) NMethods: 5117 registered, 2201 unregistered
[65.576s][info][gc,metaspace] GC(431) Metaspace: 59M used, 60M committed, 1088M reserved
[65.576s][info][gc,ref      ] GC(431) Soft: 3045 encountered, 0 discovered, 0 enqueued
[65.577s][info][gc,ref      ] GC(431) Weak: 5981 encountered, 2819 discovered, 0 enqueued
[65.577s][info][gc,ref      ] GC(431) Final: 60 encountered, 0 discovered, 0 enqueued
[65.577s][info][gc,ref      ] GC(431) Phantom: 608 encountered, 433 discovered, 0 enqueued
[65.577s][info][gc,reloc    ] GC(431) Small Pages: 225 / 450M, Empty: 220M, Relocated: 3M, In-Place: 0
[65.577s][info][gc,reloc    ] GC(431) Medium Pages: 1 / 32M, Empty: 0M, Relocated: 0M, In-Place: 0
[65.577s][info][gc,reloc    ] GC(431) Large Pages: 2 / 12M, Empty: 0M, Relocated: 0M, In-Place: 0
[65.577s][info][gc,reloc    ] GC(431) Forwarding Usage: 1M
[65.577s][info][gc,heap     ] GC(431) Min Capacity: 8M(1%)
[65.577s][info][gc,heap     ] GC(431) Max Capacity: 1024M(100%)
[65.577s][info][gc,heap     ] GC(431) Soft Max Capacity: 1024M(100%)
[65.577s][info][gc,heap     ] GC(431)                Mark Start          Mark End        Relocate Start      Relocate End           High               Low         
[65.577s][info][gc,heap     ] GC(431)  Capacity:     1024M (100%)       1024M (100%)       1024M (100%)       1024M (100%)       1024M (100%)       1024M (100%)   
[65.577s][info][gc,heap     ] GC(431)      Free:      530M (52%)         356M (35%)         560M (55%)         566M (55%)         568M (55%)         350M (34%)    
[65.577s][info][gc,heap     ] GC(431)      Used:      494M (48%)         668M (65%)         464M (45%)         458M (45%)         674M (66%)         456M (45%)    
[65.577s][info][gc,heap     ] GC(431)      Live:         -               204M (20%)         204M (20%)         204M (20%)            -                  -          
[65.577s][info][gc,heap     ] GC(431) Allocated:         -               174M (17%)         190M (19%)         197M (19%)            -                  -          
[65.577s][info][gc,heap     ] GC(431)   Garbage:         -               289M (28%)          69M (7%)           55M (5%)             -                  -          
[65.577s][info][gc,heap     ] GC(431) Reclaimed:         -                  -               220M (21%)         233M (23%)            -                  -          
[65.577s][info][gc          ] GC(431) Garbage Collection (Allocation Rate) 494M(48%)->458M(45%)
[65.598s][info][gc,start    ] GC(432) Garbage Collection (Allocation Rate)
[65.598s][info][gc,task     ] GC(432) Using 7 workers
[65.598s][info][gc,phases   ] GC(432) Pause Mark Start 0.010ms
[65.676s][info][gc,phases   ] GC(432) Concurrent Mark 77.838ms
[65.677s][info][gc,phases   ] GC(432) Pause Mark End 0.026ms
[65.677s][info][gc,phases   ] GC(432) Concurrent Mark Free 0.001ms
[65.679s][info][gc,phases   ] GC(432) Concurrent Process Non-Strong References 2.800ms
[65.679s][info][gc,phases   ] GC(432) Concurrent Reset Relocation Set 0.002ms
[65.683s][info][gc,phases   ] GC(432) Concurrent Select Relocation Set 3.669ms
[65.683s][info][gc,phases   ] GC(432) Pause Relocate Start 0.009ms
[65.685s][info][gc,phases   ] GC(432) Concurrent Relocate 2.025ms
[65.685s][info][gc,load     ] GC(432) Load: 0.00/0.00/0.00
[65.686s][info][gc,mmu      ] GC(432) MMU: 2ms/96.6%, 5ms/98.6%, 10ms/99.3%, 20ms/99.7%, 50ms/99.8%, 100ms/99.9%
[65.686s][info][gc,marking  ] GC(432) Mark: 4 stripe(s), 2 proactive flush(es), 1 terminate flush(es), 0 completion(s), 0 continuation(s) 
[65.686s][info][gc,marking  ] GC(432) Mark Stack Usage: 32M
[65.686s][info][gc,nmethod  ] GC(432) NMethods: 5117 registered, 2201 unregistered
[65.686s][info][gc,metaspace] GC(432) Metaspace: 59M used, 60M committed, 1088M reserved
[65.686s][info][gc,ref      ] GC(432) Soft: 3045 encountered, 0 discovered, 0 enqueued
[65.686s][info][gc,ref      ] GC(432) Weak: 5981 encountered, 351 discovered, 0 enqueued
[65.686s][info][gc,ref      ] GC(432) Final: 60 encountered, 0 discovered, 0 enqueued
[65.686s][info][gc,ref      ] GC(432) Phantom: 608 encountered, 427 discovered, 0 enqueued
[65.686s][info][gc,reloc    ] GC(432) Small Pages: 239 / 478M, Empty: 252M, Relocated: 3M, In-Place: 0
[65.686s][info][gc,reloc    ] GC(432) Medium Pages: 1 / 32M, Empty: 0M, Relocated: 0M, In-Place: 0
[65.686s][info][gc,reloc    ] GC(432) Large Pages: 2 / 12M, Empty: 0M, Relocated: 0M, In-Place: 0
[65.686s][info][gc,reloc    ] GC(432) Forwarding Usage: 1M
[65.686s][info][gc,heap     ] GC(432) Min Capacity: 8M(1%)
[65.686s][info][gc,heap     ] GC(432) Max Capacity: 1024M(100%)
[65.686s][info][gc,heap     ] GC(432) Soft Max Capacity: 1024M(100%)
[65.686s][info][gc,heap     ] GC(432)                Mark Start          Mark End        Relocate Start      Relocate End           High               Low         
[65.686s][info][gc,heap     ] GC(432)  Capacity:     1024M (100%)       1024M (100%)       1024M (100%)       1024M (100%)       1024M (100%)       1024M (100%)   
[65.686s][info][gc,heap     ] GC(432)      Free:      502M (49%)         296M (29%)         534M (52%)         540M (53%)         540M (53%)         290M (28%)    
[65.686s][info][gc,heap     ] GC(432)      Used:      522M (51%)         728M (71%)         490M (48%)         484M (47%)         734M (72%)         484M (47%)    
[65.686s][info][gc,heap     ] GC(432)      Live:         -               204M (20%)         204M (20%)         204M (20%)            -                  -          
[65.686s][info][gc,heap     ] GC(432) Allocated:         -               206M (20%)         220M (21%)         223M (22%)            -                  -          
[65.686s][info][gc,heap     ] GC(432)   Garbage:         -               317M (31%)          65M (6%)           55M (5%)             -                  -          
[65.686s][info][gc,heap     ] GC(432) Reclaimed:         -                  -               252M (25%)         261M (26%)            -                  -          
[65.686s][info][gc          ] GC(432) Garbage Collection (Allocation Rate) 522M(51%)->484M(47%)
[65.708s][info][gc,start    ] GC(433) Garbage Collection (Allocation Rate)
[65.708s][info][gc,task     ] GC(433) Using 7 workers
[65.708s][info][gc,phases   ] GC(433) Pause Mark Start 0.013ms
[65.777s][info][gc,phases   ] GC(433) Concurrent Mark 69.411ms
[65.777s][info][gc,phases   ] GC(433) Pause Mark End 0.034ms
[65.778s][info][gc,phases   ] GC(433) Concurrent Mark Free 0.001ms
[65.780s][info][gc,phases   ] GC(433) Concurrent Process Non-Strong References 2.541ms
[65.780s][info][gc,phases   ] GC(433) Concurrent Reset Relocation Set 0.002ms
[65.783s][info][gc,phases   ] GC(433) Concurrent Select Relocation Set 2.489ms
[65.783s][info][gc,phases   ] GC(433) Pause Relocate Start 0.013ms
[65.785s][info][gc,phases   ] GC(433) Concurrent Relocate 2.134ms
[65.785s][info][gc,load     ] GC(433) Load: 0.00/0.00/0.00
[65.785s][info][gc,mmu      ] GC(433) MMU: 2ms/96.6%, 5ms/98.6%, 10ms/99.3%, 20ms/99.7%, 50ms/99.8%, 100ms/99.9%
[65.785s][info][gc,marking  ] GC(433) Mark: 4 stripe(s), 2 proactive flush(es), 1 terminate flush(es), 0 completion(s), 0 continuation(s) 
[65.785s][info][gc,marking  ] GC(433) Mark Stack Usage: 32M
[65.785s][info][gc,nmethod  ] GC(433) NMethods: 5148 registered, 2201 unregistered
[65.785s][info][gc,metaspace] GC(433) Metaspace: 59M used, 60M committed, 1088M reserved
[65.785s][info][gc,ref      ] GC(433) Soft: 3044 encountered, 0 discovered, 0 enqueued
[65.785s][info][gc,ref      ] GC(433) Weak: 5981 encountered, 3348 discovered, 0 enqueued
[65.785s][info][gc,ref      ] GC(433) Final: 60 encountered, 5 discovered, 0 enqueued
[65.785s][info][gc,ref      ] GC(433) Phantom: 608 encountered, 367 discovered, 0 enqueued
[65.785s][info][gc,reloc    ] GC(433) Small Pages: 239 / 478M, Empty: 248M, Relocated: 3M, In-Place: 0
[65.785s][info][gc,reloc    ] GC(433) Medium Pages: 1 / 32M, Empty: 0M, Relocated: 0M, In-Place: 0
[65.785s][info][gc,reloc    ] GC(433) Large Pages: 2 / 12M, Empty: 0M, Relocated: 0M, In-Place: 0
[65.785s][info][gc,reloc    ] GC(433) Forwarding Usage: 1M
[65.785s][info][gc,heap     ] GC(433) Min Capacity: 8M(1%)
[65.785s][info][gc,heap     ] GC(433) Max Capacity: 1024M(100%)
[65.785s][info][gc,heap     ] GC(433) Soft Max Capacity: 1024M(100%)
[65.785s][info][gc,heap     ] GC(433)                Mark Start          Mark End        Relocate Start      Relocate End           High               Low         
[65.785s][info][gc,heap     ] GC(433)  Capacity:     1024M (100%)       1024M (100%)       1024M (100%)       1024M (100%)       1024M (100%)       1024M (100%)   
[65.785s][info][gc,heap     ] GC(433)      Free:      502M (49%)         490M (48%)         738M (72%)         752M (73%)         752M (73%)         490M (48%)    
[65.785s][info][gc,heap     ] GC(433)      Used:      522M (51%)         534M (52%)         286M (28%)         272M (27%)         534M (52%)         272M (27%)    
[65.785s][info][gc,heap     ] GC(433)      Live:         -               204M (20%)         204M (20%)         204M (20%)            -                  -          
[65.785s][info][gc,heap     ] GC(433) Allocated:         -                12M (1%)           12M (1%)           12M (1%)             -                  -          
[65.785s][info][gc,heap     ] GC(433)   Garbage:         -               317M (31%)          69M (7%)           55M (5%)             -                  -          
[65.785s][info][gc,heap     ] GC(433) Reclaimed:         -                  -               248M (24%)         262M (26%)            -                  -          
[65.785s][info][gc          ] GC(433) Garbage Collection (Allocation Rate) 522M(51%)->272M(27%)
[65.785s][info][gc,start    ] GC(434) Garbage Collection (System.gc())
[65.785s][info][gc,task     ] GC(434) Using 10 workers
[65.786s][info][gc,phases   ] GC(434) Pause Mark Start 0.010ms
[65.840s][info][gc,phases   ] GC(434) Concurrent Mark 54.131ms
[65.840s][info][gc,phases   ] GC(434) Pause Mark End 0.030ms
[65.840s][info][gc,phases   ] GC(434) Concurrent Mark Free 0.001ms
[65.842s][info][gc,phases   ] GC(434) Concurrent Process Non-Strong References 1.916ms
[65.842s][info][gc,phases   ] GC(434) Concurrent Reset Relocation Set 0.002ms
[65.845s][info][gc,phases   ] GC(434) Concurrent Select Relocation Set 2.569ms
[65.845s][info][gc,phases   ] GC(434) Pause Relocate Start 0.010ms
[65.846s][info][gc,phases   ] GC(434) Concurrent Relocate 1.768ms
[65.847s][info][gc,load     ] GC(434) Load: 0.00/0.00/0.00
[65.847s][info][gc,mmu      ] GC(434) MMU: 2ms/96.6%, 5ms/98.6%, 10ms/99.3%, 20ms/99.7%, 50ms/99.8%, 100ms/99.9%
[65.847s][info][gc,marking  ] GC(434) Mark: 8 stripe(s), 2 proactive flush(es), 1 terminate flush(es), 0 completion(s), 0 continuation(s) 
[65.847s][info][gc,marking  ] GC(434) Mark Stack Usage: 32M
[65.847s][info][gc,nmethod  ] GC(434) NMethods: 5146 registered, 2204 unregistered
[65.847s][info][gc,metaspace] GC(434) Metaspace: 59M used, 60M committed, 1088M reserved
[65.847s][info][gc,ref      ] GC(434) Soft: 3043 encountered, 0 discovered, 0 enqueued
[65.847s][info][gc,ref      ] GC(434) Weak: 6041 encountered, 693 discovered, 121 enqueued
[65.847s][info][gc,ref      ] GC(434) Final: 60 encountered, 2 discovered, 0 enqueued
[65.847s][info][gc,ref      ] GC(434) Phantom: 608 encountered, 408 discovered, 0 enqueued
[65.847s][info][gc,reloc    ] GC(434) Small Pages: 111 / 222M, Empty: 2M, Relocated: 3M, In-Place: 0
[65.847s][info][gc,reloc    ] GC(434) Medium Pages: 1 / 32M, Empty: 0M, Relocated: 0M, In-Place: 0
[65.847s][info][gc,reloc    ] GC(434) Large Pages: 3 / 18M, Empty: 6M, Relocated: 0M, In-Place: 0
[65.847s][info][gc,reloc    ] GC(434) Forwarding Usage: 1M
[65.847s][info][gc,heap     ] GC(434) Min Capacity: 8M(1%)
[65.847s][info][gc,heap     ] GC(434) Max Capacity: 1024M(100%)
[65.847s][info][gc,heap     ] GC(434) Soft Max Capacity: 1024M(100%)
[65.847s][info][gc,heap     ] GC(434)                Mark Start          Mark End        Relocate Start      Relocate End           High               Low         
[65.847s][info][gc,heap     ] GC(434)  Capacity:     1024M (100%)       1024M (100%)       1024M (100%)       1024M (100%)       1024M (100%)       1024M (100%)   
[65.847s][info][gc,heap     ] GC(434)      Free:      752M (73%)         750M (73%)         754M (74%)         754M (74%)         754M (74%)         738M (72%)    
[65.847s][info][gc,heap     ] GC(434)      Used:      272M (27%)         274M (27%)         270M (26%)         270M (26%)         286M (28%)         270M (26%)    
[65.847s][info][gc,heap     ] GC(434)      Live:         -               204M (20%)         204M (20%)         204M (20%)            -                  -          
[65.847s][info][gc,heap     ] GC(434) Allocated:         -                 2M (0%)            6M (1%)            5M (1%)             -                  -          
[65.847s][info][gc,heap     ] GC(434)   Garbage:         -                67M (7%)           59M (6%)           59M (6%)             -                  -          
[65.847s][info][gc,heap     ] GC(434) Reclaimed:         -                  -                 8M (1%)            7M (1%)             -                  -          
[65.847s][info][gc          ] GC(434) Garbage Collection (System.gc()) 272M(27%)->270M(26%)
[65.997s][info][gc,start    ] GC(435) Garbage Collection (Allocation Rate)
[65.997s][info][gc,task     ] GC(435) Using 6 workers
[65.997s][info][gc,phases   ] GC(435) Pause Mark Start 0.018ms
[66.075s][info][gc,phases   ] GC(435) Concurrent Mark 77.680ms
[66.075s][info][gc,phases   ] GC(435) Pause Mark End 0.018ms
[66.075s][info][gc,phases   ] GC(435) Concurrent Mark Free 0.001ms
[66.078s][info][gc,phases   ] GC(435) Concurrent Process Non-Strong References 2.744ms
[66.078s][info][gc,phases   ] GC(435) Concurrent Reset Relocation Set 0.002ms
[66.084s][info][gc,phases   ] GC(435) Concurrent Select Relocation Set 6.018ms
[66.084s][info][gc,phases   ] GC(435) Pause Relocate Start 0.008ms
[66.087s][info][gc,phases   ] GC(435) Concurrent Relocate 2.833ms
[66.087s][info][gc,load     ] GC(435) Load: 0.00/0.00/0.00
[66.087s][info][gc,mmu      ] GC(435) MMU: 2ms/96.6%, 5ms/98.6%, 10ms/99.3%, 20ms/99.7%, 50ms/99.8%, 100ms/99.9%
[66.087s][info][gc,marking  ] GC(435) Mark: 4 stripe(s), 2 proactive flush(es), 1 terminate flush(es), 0 completion(s), 0 continuation(s) 
[66.087s][info][gc,marking  ] GC(435) Mark Stack Usage: 32M
[66.087s][info][gc,nmethod  ] GC(435) NMethods: 5152 registered, 2206 unregistered
[66.087s][info][gc,metaspace] GC(435) Metaspace: 59M used, 60M committed, 1088M reserved
[66.087s][info][gc,ref      ] GC(435) Soft: 3045 encountered, 0 discovered, 0 enqueued
[66.087s][info][gc,ref      ] GC(435) Weak: 6084 encountered, 3630 discovered, 76 enqueued
[66.087s][info][gc,ref      ] GC(435) Final: 60 encountered, 5 discovered, 0 enqueued
[66.087s][info][gc,ref      ] GC(435) Phantom: 608 encountered, 380 discovered, 0 enqueued
[66.087s][info][gc,reloc    ] GC(435) Small Pages: 248 / 496M, Empty: 244M, Relocated: 4M, In-Place: 0
[66.087s][info][gc,reloc    ] GC(435) Medium Pages: 2 / 64M, Empty: 32M, Relocated: 0M, In-Place: 0
[66.087s][info][gc,reloc    ] GC(435) Large Pages: 4 / 24M, Empty: 12M, Relocated: 0M, In-Place: 0
[66.088s][info][gc,reloc    ] GC(435) Forwarding Usage: 2M
[66.088s][info][gc,heap     ] GC(435) Min Capacity: 8M(1%)
[66.088s][info][gc,heap     ] GC(435) Max Capacity: 1024M(100%)
[66.088s][info][gc,heap     ] GC(435) Soft Max Capacity: 1024M(100%)
[66.088s][info][gc,heap     ] GC(435)                Mark Start          Mark End        Relocate Start      Relocate End           High               Low         
[66.088s][info][gc,heap     ] GC(435)  Capacity:     1024M (100%)       1024M (100%)       1024M (100%)       1024M (100%)       1024M (100%)       1024M (100%)   
[66.088s][info][gc,heap     ] GC(435)      Free:      440M (43%)         200M (20%)         452M (44%)         488M (48%)         488M (48%)         188M (18%)    
[66.088s][info][gc,heap     ] GC(435)      Used:      584M (57%)         824M (80%)         572M (56%)         536M (52%)         836M (82%)         536M (52%)    
[66.088s][info][gc,heap     ] GC(435)      Live:         -               204M (20%)         204M (20%)         204M (20%)            -                  -          
[66.088s][info][gc,heap     ] GC(435) Allocated:         -               240M (23%)         276M (27%)         279M (27%)            -                  -          
[66.088s][info][gc,heap     ] GC(435)   Garbage:         -               379M (37%)          91M (9%)           51M (5%)             -                  -          
[66.088s][info][gc,heap     ] GC(435) Reclaimed:         -                  -               288M (28%)         327M (32%)            -                  -          
[66.088s][info][gc          ] GC(435) Garbage Collection (Allocation Rate) 584M(57%)->536M(52%)
[66.106s][info][gc,start    ] GC(436) Garbage Collection (Allocation Rate)
[66.106s][info][gc,task     ] GC(436) Using 6 workers
[66.106s][info][gc,phases   ] GC(436) Pause Mark Start 0.010ms
[66.184s][info][gc,phases   ] GC(436) Concurrent Mark 77.788ms
[66.184s][info][gc,phases   ] GC(436) Pause Mark End 0.023ms
[66.184s][info][gc,phases   ] GC(436) Concurrent Mark Free 0.001ms
[66.187s][info][gc,phases   ] GC(436) Concurrent Process Non-Strong References 2.448ms
[66.187s][info][gc,phases   ] GC(436) Concurrent Reset Relocation Set 0.004ms
[66.191s][info][gc,phases   ] GC(436) Concurrent Select Relocation Set 3.909ms
[66.191s][info][gc,phases   ] GC(436) Pause Relocate Start 0.007ms
[66.194s][info][gc,phases   ] GC(436) Concurrent Relocate 2.914ms
[66.194s][info][gc,load     ] GC(436) Load: 0.00/0.00/0.00
[66.194s][info][gc,mmu      ] GC(436) MMU: 2ms/96.6%, 5ms/98.6%, 10ms/99.3%, 20ms/99.7%, 50ms/99.8%, 100ms/99.9%
[66.194s][info][gc,marking  ] GC(436) Mark: 4 stripe(s), 2 proactive flush(es), 1 terminate flush(es), 0 completion(s), 0 continuation(s) 
[66.194s][info][gc,marking  ] GC(436) Mark Stack Usage: 32M
[66.194s][info][gc,nmethod  ] GC(436) NMethods: 5152 registered, 2206 unregistered
[66.194s][info][gc,metaspace] GC(436) Metaspace: 59M used, 60M committed, 1088M reserved
[66.194s][info][gc,ref      ] GC(436) Soft: 3045 encountered, 0 discovered, 0 enqueued
[66.194s][info][gc,ref      ] GC(436) Weak: 6008 encountered, 288 discovered, 19 enqueued
[66.194s][info][gc,ref      ] GC(436) Final: 60 encountered, 0 discovered, 0 enqueued
[66.194s][info][gc,ref      ] GC(436) Phantom: 608 encountered, 360 discovered, 0 enqueued
[66.194s][info][gc,reloc    ] GC(436) Small Pages: 262 / 524M, Empty: 290M, Relocated: 3M, In-Place: 0
[66.194s][info][gc,reloc    ] GC(436) Medium Pages: 1 / 32M, Empty: 0M, Relocated: 0M, In-Place: 0
[66.194s][info][gc,reloc    ] GC(436) Large Pages: 2 / 12M, Empty: 0M, Relocated: 0M, In-Place: 0
[66.194s][info][gc,reloc    ] GC(436) Forwarding Usage: 1M
[66.194s][info][gc,heap     ] GC(436) Min Capacity: 8M(1%)
[66.195s][info][gc,heap     ] GC(436) Max Capacity: 1024M(100%)
[66.195s][info][gc,heap     ] GC(436) Soft Max Capacity: 1024M(100%)
[66.195s][info][gc,heap     ] GC(436)                Mark Start          Mark End        Relocate Start      Relocate End           High               Low         
[66.195s][info][gc,heap     ] GC(436)  Capacity:     1024M (100%)       1024M (100%)       1024M (100%)       1024M (100%)       1024M (100%)       1024M (100%)   
[66.195s][info][gc,heap     ] GC(436)      Free:      456M (45%)         328M (32%)         606M (59%)         622M (61%)         622M (61%)         324M (32%)    
[66.195s][info][gc,heap     ] GC(436)      Used:      568M (55%)         696M (68%)         418M (41%)         402M (39%)         700M (68%)         402M (39%)    
[66.195s][info][gc,heap     ] GC(436)      Live:         -               204M (20%)         204M (20%)         204M (20%)            -                  -          
[66.195s][info][gc,heap     ] GC(436) Allocated:         -               128M (13%)         140M (14%)         143M (14%)            -                  -          
[66.195s][info][gc,heap     ] GC(436)   Garbage:         -               363M (36%)          73M (7%)           53M (5%)             -                  -          
[66.195s][info][gc,heap     ] GC(436) Reclaimed:         -                  -               290M (28%)         309M (30%)            -                  -          
[66.195s][info][gc          ] GC(436) Garbage Collection (Allocation Rate) 568M(55%)->402M(39%)
[66.200s][info][gc,start    ] GC(437) Garbage Collection (Allocation Rate)
[66.200s][info][gc,task     ] GC(437) Using 6 workers
[66.200s][info][gc,phases   ] GC(437) Pause Mark Start 0.010ms
[66.278s][info][gc,phases   ] GC(437) Concurrent Mark 77.839ms
[66.278s][info][gc,phases   ] GC(437) Pause Mark End 0.023ms
[66.278s][info][gc,phases   ] GC(437) Concurrent Mark Free 0.001ms
[66.281s][info][gc,phases   ] GC(437) Concurrent Process Non-Strong References 2.950ms
[66.281s][info][gc,phases   ] GC(437) Concurrent Reset Relocation Set 0.002ms
[66.285s][info][gc,phases   ] GC(437) Concurrent Select Relocation Set 3.629ms
[66.285s][info][gc,phases   ] GC(437) Pause Relocate Start 0.007ms
[66.288s][info][gc,phases   ] GC(437) Concurrent Relocate 2.932ms
[66.288s][info][gc,load     ] GC(437) Load: 0.00/0.00/0.00
[66.288s][info][gc,mmu      ] GC(437) MMU: 2ms/96.6%, 5ms/98.6%, 10ms/99.3%, 20ms/99.7%, 50ms/99.8%, 100ms/99.9%
[66.288s][info][gc,marking  ] GC(437) Mark: 4 stripe(s), 2 proactive flush(es), 1 terminate flush(es), 0 completion(s), 0 continuation(s) 
[66.288s][info][gc,marking  ] GC(437) Mark Stack Usage: 32M
[66.288s][info][gc,nmethod  ] GC(437) NMethods: 5152 registered, 2206 unregistered
[66.288s][info][gc,metaspace] GC(437) Metaspace: 59M used, 60M committed, 1088M reserved
[66.288s][info][gc,ref      ] GC(437) Soft: 3045 encountered, 0 discovered, 0 enqueued
[66.288s][info][gc,ref      ] GC(437) Weak: 5989 encountered, 1659 discovered, 0 enqueued
[66.288s][info][gc,ref      ] GC(437) Final: 60 encountered, 1 discovered, 0 enqueued
[66.288s][info][gc,ref      ] GC(437) Phantom: 608 encountered, 414 discovered, 0 enqueued
[66.288s][info][gc,reloc    ] GC(437) Small Pages: 185 / 370M, Empty: 142M, Relocated: 3M, In-Place: 0
[66.288s][info][gc,reloc    ] GC(437) Medium Pages: 1 / 32M, Empty: 0M, Relocated: 0M, In-Place: 0
[66.288s][info][gc,reloc    ] GC(437) Large Pages: 2 / 12M, Empty: 0M, Relocated: 0M, In-Place: 0
[66.288s][info][gc,reloc    ] GC(437) Forwarding Usage: 1M
[66.288s][info][gc,heap     ] GC(437) Min Capacity: 8M(1%)
[66.288s][info][gc,heap     ] GC(437) Max Capacity: 1024M(100%)
[66.288s][info][gc,heap     ] GC(437) Soft Max Capacity: 1024M(100%)
[66.289s][info][gc,heap     ] GC(437)                Mark Start          Mark End        Relocate Start      Relocate End           High               Low         
[66.289s][info][gc,heap     ] GC(437)  Capacity:     1024M (100%)       1024M (100%)       1024M (100%)       1024M (100%)       1024M (100%)       1024M (100%)   
[66.289s][info][gc,heap     ] GC(437)      Free:      610M (60%)         454M (44%)         582M (57%)         590M (58%)         610M (60%)         448M (44%)    
[66.289s][info][gc,heap     ] GC(437)      Used:      414M (40%)         570M (56%)         442M (43%)         434M (42%)         576M (56%)         414M (40%)    
[66.289s][info][gc,heap     ] GC(437)      Live:         -               204M (20%)         204M (20%)         204M (20%)            -                  -          
[66.289s][info][gc,heap     ] GC(437) Allocated:         -               156M (15%)         170M (17%)         175M (17%)            -                  -          
[66.289s][info][gc,heap     ] GC(437)   Garbage:         -               209M (20%)          67M (7%)           53M (5%)             -                  -          
[66.289s][info][gc,heap     ] GC(437) Reclaimed:         -                  -               142M (14%)         155M (15%)            -                  -          
[66.289s][info][gc          ] GC(437) Garbage Collection (Allocation Rate) 414M(40%)->434M(42%)
[66.294s][info][gc,start    ] GC(438) Garbage Collection (Allocation Rate)
[66.294s][info][gc,task     ] GC(438) Using 6 workers
[66.294s][info][gc,phases   ] GC(438) Pause Mark Start 0.008ms
[66.372s][info][gc,phases   ] GC(438) Concurrent Mark 77.896ms
[66.372s][info][gc,phases   ] GC(438) Pause Mark End 0.024ms
[66.372s][info][gc,phases   ] GC(438) Concurrent Mark Free 0.001ms
[66.375s][info][gc,phases   ] GC(438) Concurrent Process Non-Strong References 2.928ms
[66.375s][info][gc,phases   ] GC(438) Concurrent Reset Relocation Set 0.002ms
[66.379s][info][gc,phases   ] GC(438) Concurrent Select Relocation Set 3.659ms
[66.379s][info][gc,phases   ] GC(438) Pause Relocate Start 0.011ms
[66.382s][info][gc,phases   ] GC(438) Concurrent Relocate 2.945ms
[66.382s][info][gc,load     ] GC(438) Load: 0.00/0.00/0.00
[66.382s][info][gc,mmu      ] GC(438) MMU: 2ms/96.6%, 5ms/98.6%, 10ms/99.3%, 20ms/99.7%, 50ms/99.8%, 100ms/99.9%
[66.382s][info][gc,marking  ] GC(438) Mark: 4 stripe(s), 3 proactive flush(es), 1 terminate flush(es), 0 completion(s), 0 continuation(s) 
[66.382s][info][gc,marking  ] GC(438) Mark Stack Usage: 32M
[66.382s][info][gc,nmethod  ] GC(438) NMethods: 5152 registered, 2206 unregistered
[66.382s][info][gc,metaspace] GC(438) Metaspace: 59M used, 60M committed, 1088M reserved
[66.382s][info][gc,ref      ] GC(438) Soft: 3045 encountered, 0 discovered, 0 enqueued
[66.382s][info][gc,ref      ] GC(438) Weak: 5989 encountered, 2785 discovered, 0 enqueued
[66.382s][info][gc,ref      ] GC(438) Final: 60 encountered, 3 discovered, 0 enqueued
[66.382s][info][gc,ref      ] GC(438) Phantom: 608 encountered, 329 discovered, 0 enqueued
[66.382s][info][gc,reloc    ] GC(438) Small Pages: 202 / 404M, Empty: 178M, Relocated: 3M, In-Place: 0
[66.382s][info][gc,reloc    ] GC(438) Medium Pages: 1 / 32M, Empty: 0M, Relocated: 0M, In-Place: 0
[66.382s][info][gc,reloc    ] GC(438) Large Pages: 2 / 12M, Empty: 0M, Relocated: 0M, In-Place: 0
[66.382s][info][gc,reloc    ] GC(438) Forwarding Usage: 1M
[66.382s][info][gc,heap     ] GC(438) Min Capacity: 8M(1%)
[66.382s][info][gc,heap     ] GC(438) Max Capacity: 1024M(100%)
[66.382s][info][gc,heap     ] GC(438) Soft Max Capacity: 1024M(100%)
[66.382s][info][gc,heap     ] GC(438)                Mark Start          Mark End        Relocate Start      Relocate End           High               Low         
[66.382s][info][gc,heap     ] GC(438)  Capacity:     1024M (100%)       1024M (100%)       1024M (100%)       1024M (100%)       1024M (100%)       1024M (100%)   
[66.382s][info][gc,heap     ] GC(438)      Free:      576M (56%)         398M (39%)         562M (55%)         566M (55%)         576M (56%)         392M (38%)    
[66.383s][info][gc,heap     ] GC(438)      Used:      448M (44%)         626M (61%)         462M (45%)         458M (45%)         632M (62%)         448M (44%)    
[66.383s][info][gc,heap     ] GC(438)      Live:         -               204M (20%)         204M (20%)         204M (20%)            -                  -          
[66.383s][info][gc,heap     ] GC(438) Allocated:         -               178M (17%)         192M (19%)         199M (20%)            -                  -          
[66.383s][info][gc,heap     ] GC(438)   Garbage:         -               243M (24%)          65M (6%)           53M (5%)             -                  -          
[66.383s][info][gc,heap     ] GC(438) Reclaimed:         -                  -               178M (17%)         189M (19%)            -                  -          
[66.383s][info][gc          ] GC(438) Garbage Collection (Allocation Rate) 448M(44%)->458M(45%)
[66.403s][info][gc,start    ] GC(439) Garbage Collection (Allocation Rate)
[66.403s][info][gc,task     ] GC(439) Using 6 workers
[66.403s][info][gc,phases   ] GC(439) Pause Mark Start 0.012ms
[66.481s][info][gc,phases   ] GC(439) Concurrent Mark 77.782ms
[66.481s][info][gc,phases   ] GC(439) Pause Mark End 0.028ms
[66.481s][info][gc,phases   ] GC(439) Concurrent Mark Free 0.001ms
[66.484s][info][gc,phases   ] GC(439) Concurrent Process Non-Strong References 3.012ms
[66.484s][info][gc,phases   ] GC(439) Concurrent Reset Relocation Set 0.002ms
[66.490s][info][gc,phases   ] GC(439) Concurrent Select Relocation Set 5.463ms
[66.490s][info][gc,phases   ] GC(439) Pause Relocate Start 0.008ms
[66.492s][info][gc,phases   ] GC(439) Concurrent Relocate 2.143ms
[66.492s][info][gc,load     ] GC(439) Load: 0.00/0.00/0.00
[66.492s][info][gc,mmu      ] GC(439) MMU: 2ms/96.6%, 5ms/98.6%, 10ms/99.3%, 20ms/99.7%, 50ms/99.8%, 100ms/99.9%
[66.492s][info][gc,marking  ] GC(439) Mark: 4 stripe(s), 2 proactive flush(es), 1 terminate flush(es), 0 completion(s), 0 continuation(s) 
[66.492s][info][gc,marking  ] GC(439) Mark Stack Usage: 32M
[66.493s][info][gc,nmethod  ] GC(439) NMethods: 5152 registered, 2206 unregistered
[66.493s][info][gc,metaspace] GC(439) Metaspace: 59M used, 60M committed, 1088M reserved
[66.493s][info][gc,ref      ] GC(439) Soft: 3045 encountered, 0 discovered, 0 enqueued
[66.493s][info][gc,ref      ] GC(439) Weak: 5989 encountered, 2469 discovered, 0 enqueued
[66.493s][info][gc,ref      ] GC(439) Final: 60 encountered, 2 discovered, 0 enqueued
[66.493s][info][gc,ref      ] GC(439) Phantom: 608 encountered, 484 discovered, 0 enqueued
[66.493s][info][gc,reloc    ] GC(439) Small Pages: 236 / 472M, Empty: 246M, Relocated: 3M, In-Place: 0
[66.493s][info][gc,reloc    ] GC(439) Medium Pages: 1 / 32M, Empty: 0M, Relocated: 0M, In-Place: 0
[66.493s][info][gc,reloc    ] GC(439) Large Pages: 2 / 12M, Empty: 0M, Relocated: 0M, In-Place: 0
[66.493s][info][gc,reloc    ] GC(439) Forwarding Usage: 1M
[66.493s][info][gc,heap     ] GC(439) Min Capacity: 8M(1%)
[66.493s][info][gc,heap     ] GC(439) Max Capacity: 1024M(100%)
[66.493s][info][gc,heap     ] GC(439) Soft Max Capacity: 1024M(100%)
[66.493s][info][gc,heap     ] GC(439)                Mark Start          Mark End        Relocate Start      Relocate End           High               Low         
[66.493s][info][gc,heap     ] GC(439)  Capacity:     1024M (100%)       1024M (100%)       1024M (100%)       1024M (100%)       1024M (100%)       1024M (100%)   
[66.493s][info][gc,heap     ] GC(439)      Free:      508M (50%)         308M (30%)         532M (52%)         540M (53%)         540M (53%)         300M (29%)    
[66.493s][info][gc,heap     ] GC(439)      Used:      516M (50%)         716M (70%)         492M (48%)         484M (47%)         724M (71%)         484M (47%)    
[66.493s][info][gc,heap     ] GC(439)      Live:         -               204M (20%)         204M (20%)         204M (20%)            -                  -          
[66.493s][info][gc,heap     ] GC(439) Allocated:         -               200M (20%)         222M (22%)         225M (22%)            -                  -          
[66.493s][info][gc,heap     ] GC(439)   Garbage:         -               311M (30%)          65M (6%)           53M (5%)             -                  -          
[66.493s][info][gc,heap     ] GC(439) Reclaimed:         -                  -               246M (24%)         257M (25%)            -                  -          
[66.493s][info][gc          ] GC(439) Garbage Collection (Allocation Rate) 516M(50%)->484M(47%)
[66.497s][info][gc,start    ] GC(440) Garbage Collection (Allocation Rate)
[66.497s][info][gc,task     ] GC(440) Using 6 workers
[66.497s][info][gc,phases   ] GC(440) Pause Mark Start 0.010ms
[66.575s][info][gc,phases   ] GC(440) Concurrent Mark 77.859ms
[66.575s][info][gc,phases   ] GC(440) Pause Mark End 0.020ms
[66.575s][info][gc,phases   ] GC(440) Concurrent Mark Free 0.001ms
[66.578s][info][gc,phases   ] GC(440) Concurrent Process Non-Strong References 2.704ms
[66.578s][info][gc,phases   ] GC(440) Concurrent Reset Relocation Set 0.002ms
[66.582s][info][gc,phases   ] GC(440) Concurrent Select Relocation Set 3.689ms
[66.582s][info][gc,phases   ] GC(440) Pause Relocate Start 0.006ms
[66.585s][info][gc,phases   ] GC(440) Concurrent Relocate 2.943ms
[66.585s][info][gc,load     ] GC(440) Load: 0.00/0.00/0.00
[66.585s][info][gc,mmu      ] GC(440) MMU: 2ms/96.6%, 5ms/98.6%, 10ms/99.3%, 20ms/99.7%, 50ms/99.8%, 100ms/99.9%
[66.585s][info][gc,marking  ] GC(440) Mark: 4 stripe(s), 2 proactive flush(es), 1 terminate flush(es), 0 completion(s), 0 continuation(s) 
[66.585s][info][gc,marking  ] GC(440) Mark Stack Usage: 32M
[66.585s][info][gc,nmethod  ] GC(440) NMethods: 5152 registered, 2206 unregistered
[66.585s][info][gc,metaspace] GC(440) Metaspace: 59M used, 60M committed, 1088M reserved
[66.585s][info][gc,ref      ] GC(440) Soft: 3045 encountered, 0 discovered, 0 enqueued
[66.585s][info][gc,ref      ] GC(440) Weak: 5989 encountered, 3316 discovered, 0 enqueued
[66.585s][info][gc,ref      ] GC(440) Final: 60 encountered, 5 discovered, 0 enqueued
[66.585s][info][gc,ref      ] GC(440) Phantom: 608 encountered, 448 discovered, 0 enqueued
[66.585s][info][gc,reloc    ] GC(440) Small Pages: 224 / 448M, Empty: 218M, Relocated: 3M, In-Place: 0
[66.585s][info][gc,reloc    ] GC(440) Medium Pages: 1 / 32M, Empty: 0M, Relocated: 0M, In-Place: 0
[66.585s][info][gc,reloc    ] GC(440) Large Pages: 2 / 12M, Empty: 0M, Relocated: 0M, In-Place: 0
[66.585s][info][gc,reloc    ] GC(440) Forwarding Usage: 1M
[66.585s][info][gc,heap     ] GC(440) Min Capacity: 8M(1%)
[66.585s][info][gc,heap     ] GC(440) Max Capacity: 1024M(100%)
[66.585s][info][gc,heap     ] GC(440) Soft Max Capacity: 1024M(100%)
[66.585s][info][gc,heap     ] GC(440)                Mark Start          Mark End        Relocate Start      Relocate End           High               Low         
[66.585s][info][gc,heap     ] GC(440)  Capacity:     1024M (100%)       1024M (100%)       1024M (100%)       1024M (100%)       1024M (100%)       1024M (100%)   
[66.585s][info][gc,heap     ] GC(440)      Free:      532M (52%)         360M (35%)         562M (55%)         572M (56%)         574M (56%)         352M (34%)    
[66.585s][info][gc,heap     ] GC(440)      Used:      492M (48%)         664M (65%)         462M (45%)         452M (44%)         672M (66%)         450M (44%)    
[66.585s][info][gc,heap     ] GC(440)      Live:         -               204M (20%)         204M (20%)         204M (20%)            -                  -          
[66.585s][info][gc,heap     ] GC(440) Allocated:         -               172M (17%)         188M (18%)         193M (19%)            -                  -          
[66.585s][info][gc,heap     ] GC(440)   Garbage:         -               287M (28%)          69M (7%)           53M (5%)             -                  -          
[66.585s][info][gc,heap     ] GC(440) Reclaimed:         -                  -               218M (21%)         233M (23%)            -                  -          
[66.585s][info][gc          ] GC(440) Garbage Collection (Allocation Rate) 492M(48%)->452M(44%)
[66.606s][info][gc,start    ] GC(441) Garbage Collection (Allocation Rate)
[66.606s][info][gc,task     ] GC(441) Using 6 workers
[66.606s][info][gc,phases   ] GC(441) Pause Mark Start 0.012ms
[66.684s][info][gc,phases   ] GC(441) Concurrent Mark 77.878ms
[66.684s][info][gc,phases   ] GC(441) Pause Mark End 0.029ms
[66.684s][info][gc,phases   ] GC(441) Concurrent Mark Free 0.001ms
[66.687s][info][gc,phases   ] GC(441) Concurrent Process Non-Strong References 2.740ms
[66.687s][info][gc,phases   ] GC(441) Concurrent Reset Relocation Set 0.002ms
[66.691s][info][gc,phases   ] GC(441) Concurrent Select Relocation Set 3.695ms
[66.691s][info][gc,phases   ] GC(441) Pause Relocate Start 0.010ms
[66.693s][info][gc,phases   ] GC(441) Concurrent Relocate 2.192ms
[66.693s][info][gc,load     ] GC(441) Load: 0.00/0.00/0.00
[66.694s][info][gc,mmu      ] GC(441) MMU: 2ms/96.6%, 5ms/98.6%, 10ms/99.3%, 20ms/99.7%, 50ms/99.8%, 100ms/99.9%
[66.694s][info][gc,marking  ] GC(441) Mark: 4 stripe(s), 2 proactive flush(es), 1 terminate flush(es), 0 completion(s), 0 continuation(s) 
[66.694s][info][gc,marking  ] GC(441) Mark Stack Usage: 32M
[66.694s][info][gc,nmethod  ] GC(441) NMethods: 5152 registered, 2206 unregistered
[66.694s][info][gc,metaspace] GC(441) Metaspace: 59M used, 60M committed, 1088M reserved
[66.694s][info][gc,ref      ] GC(441) Soft: 3045 encountered, 0 discovered, 0 enqueued
[66.694s][info][gc,ref      ] GC(441) Weak: 5989 encountered, 1581 discovered, 0 enqueued
[66.694s][info][gc,ref      ] GC(441) Final: 60 encountered, 1 discovered, 0 enqueued
[66.694s][info][gc,ref      ] GC(441) Phantom: 608 encountered, 422 discovered, 0 enqueued
[66.694s][info][gc,reloc    ] GC(441) Small Pages: 223 / 446M, Empty: 220M, Relocated: 3M, In-Place: 0
[66.694s][info][gc,reloc    ] GC(441) Medium Pages: 1 / 32M, Empty: 0M, Relocated: 0M, In-Place: 0
[66.694s][info][gc,reloc    ] GC(441) Large Pages: 2 / 12M, Empty: 0M, Relocated: 0M, In-Place: 0
[66.694s][info][gc,reloc    ] GC(441) Forwarding Usage: 1M
[66.694s][info][gc,heap     ] GC(441) Min Capacity: 8M(1%)
[66.694s][info][gc,heap     ] GC(441) Max Capacity: 1024M(100%)
[66.694s][info][gc,heap     ] GC(441) Soft Max Capacity: 1024M(100%)
[66.694s][info][gc,heap     ] GC(441)                Mark Start          Mark End        Relocate Start      Relocate End           High               Low         
[66.694s][info][gc,heap     ] GC(441)  Capacity:     1024M (100%)       1024M (100%)       1024M (100%)       1024M (100%)       1024M (100%)       1024M (100%)   
[66.694s][info][gc,heap     ] GC(441)      Free:      534M (52%)         390M (38%)         598M (58%)         604M (59%)         604M (59%)         384M (38%)    
[66.694s][info][gc,heap     ] GC(441)      Used:      490M (48%)         634M (62%)         426M (42%)         420M (41%)         640M (63%)         420M (41%)    
[66.694s][info][gc,heap     ] GC(441)      Live:         -               204M (20%)         204M (20%)         204M (20%)            -                  -          
[66.694s][info][gc,heap     ] GC(441) Allocated:         -               144M (14%)         156M (15%)         161M (16%)            -                  -          
[66.694s][info][gc,heap     ] GC(441)   Garbage:         -               285M (28%)          65M (6%)           53M (5%)             -                  -          
[66.694s][info][gc,heap     ] GC(441) Reclaimed:         -                  -               220M (21%)         231M (23%)            -                  -          
[66.694s][info][gc          ] GC(441) Garbage Collection (Allocation Rate) 490M(48%)->420M(41%)
[66.794s][info][gc,start    ] GC(442) Garbage Collection (Allocation Rate)
[66.794s][info][gc,task     ] GC(442) Using 6 workers
[66.794s][info][gc,phases   ] GC(442) Pause Mark Start 0.014ms
[66.865s][info][gc,phases   ] GC(442) Concurrent Mark 70.722ms
[66.877s][info][gc,phases   ] GC(442) Pause Mark End 0.029ms
[66.878s][info][gc,phases   ] GC(442) Concurrent Mark Free 0.001ms
[66.880s][info][gc,phases   ] GC(442) Concurrent Process Non-Strong References 2.403ms
[66.880s][info][gc,phases   ] GC(442) Concurrent Reset Relocation Set 0.003ms
[66.884s][info][gc,phases   ] GC(442) Concurrent Select Relocation Set 3.666ms
[66.884s][info][gc,phases   ] GC(442) Pause Relocate Start 0.008ms
[66.886s][info][gc,phases   ] GC(442) Concurrent Relocate 2.206ms
[66.886s][info][gc,load     ] GC(442) Load: 0.00/0.00/0.00
[66.886s][info][gc,mmu      ] GC(442) MMU: 2ms/96.6%, 5ms/98.6%, 10ms/99.3%, 20ms/99.7%, 50ms/99.8%, 100ms/99.9%
[66.886s][info][gc,marking  ] GC(442) Mark: 4 stripe(s), 2 proactive flush(es), 1 terminate flush(es), 0 completion(s), 0 continuation(s) 
[66.886s][info][gc,marking  ] GC(442) Mark Stack Usage: 32M
[66.886s][info][gc,nmethod  ] GC(442) NMethods: 5172 registered, 2206 unregistered
[66.886s][info][gc,metaspace] GC(442) Metaspace: 59M used, 60M committed, 1088M reserved
[66.886s][info][gc,ref      ] GC(442) Soft: 3045 encountered, 0 discovered, 0 enqueued
[66.886s][info][gc,ref      ] GC(442) Weak: 5986 encountered, 1287 discovered, 0 enqueued
[66.886s][info][gc,ref      ] GC(442) Final: 60 encountered, 1 discovered, 0 enqueued
[66.886s][info][gc,ref      ] GC(442) Phantom: 608 encountered, 320 discovered, 0 enqueued
[66.886s][info][gc,reloc    ] GC(442) Small Pages: 322 / 644M, Empty: 416M, Relocated: 3M, In-Place: 0
[66.886s][info][gc,reloc    ] GC(442) Medium Pages: 1 / 32M, Empty: 0M, Relocated: 0M, In-Place: 0
[66.887s][info][gc,reloc    ] GC(442) Large Pages: 2 / 12M, Empty: 0M, Relocated: 0M, In-Place: 0
[66.887s][info][gc,reloc    ] GC(442) Forwarding Usage: 1M
[66.887s][info][gc,heap     ] GC(442) Min Capacity: 8M(1%)
[66.887s][info][gc,heap     ] GC(442) Max Capacity: 1024M(100%)
[66.887s][info][gc,heap     ] GC(442) Soft Max Capacity: 1024M(100%)
[66.887s][info][gc,heap     ] GC(442)                Mark Start          Mark End        Relocate Start      Relocate End           High               Low         
[66.887s][info][gc,heap     ] GC(442)  Capacity:     1024M (100%)       1024M (100%)       1024M (100%)       1024M (100%)       1024M (100%)       1024M (100%)   
[66.887s][info][gc,heap     ] GC(442)      Free:      336M (33%)         194M (19%)         610M (60%)         624M (61%)         624M (61%)         194M (19%)    
[66.887s][info][gc,heap     ] GC(442)      Used:      688M (67%)         830M (81%)         414M (40%)         400M (39%)         830M (81%)         400M (39%)    
[66.887s][info][gc,heap     ] GC(442)      Live:         -               204M (20%)         204M (20%)         204M (20%)            -                  -          
[66.887s][info][gc,heap     ] GC(442) Allocated:         -               142M (14%)         142M (14%)         142M (14%)            -                  -          
[66.887s][info][gc,heap     ] GC(442)   Garbage:         -               483M (47%)          67M (7%)           53M (5%)             -                  -          
[66.887s][info][gc,heap     ] GC(442) Reclaimed:         -                  -               416M (41%)         430M (42%)            -                  -          
[66.887s][info][gc          ] GC(442) Garbage Collection (Allocation Rate) 688M(67%)->400M(39%)
[66.887s][info][gc,start    ] GC(443) Garbage Collection (System.gc())
[66.887s][info][gc,task     ] GC(443) Using 10 workers
[66.887s][info][gc,phases   ] GC(443) Pause Mark Start 0.008ms
[66.945s][info][gc,phases   ] GC(443) Concurrent Mark 57.931ms
[66.945s][info][gc,phases   ] GC(443) Pause Mark End 0.030ms
[66.945s][info][gc,phases   ] GC(443) Concurrent Mark Free 0.001ms
[66.947s][info][gc,phases   ] GC(443) Concurrent Process Non-Strong References 2.063ms
[66.947s][info][gc,phases   ] GC(443) Concurrent Reset Relocation Set 0.002ms
[66.952s][info][gc,phases   ] GC(443) Concurrent Select Relocation Set 4.776ms
[66.952s][info][gc,phases   ] GC(443) Pause Relocate Start 0.008ms
[66.955s][info][gc,phases   ] GC(443) Concurrent Relocate 2.166ms
[66.955s][info][gc,load     ] GC(443) Load: 0.00/0.00/0.00
[66.955s][info][gc,mmu      ] GC(443) MMU: 2ms/96.6%, 5ms/98.6%, 10ms/99.3%, 20ms/99.7%, 50ms/99.8%, 100ms/99.9%
[66.955s][info][gc,marking  ] GC(443) Mark: 8 stripe(s), 1 proactive flush(es), 1 terminate flush(es), 0 completion(s), 0 continuation(s) 
[66.955s][info][gc,marking  ] GC(443) Mark Stack Usage: 32M
[66.955s][info][gc,nmethod  ] GC(443) NMethods: 5167 registered, 2211 unregistered
[66.955s][info][gc,metaspace] GC(443) Metaspace: 59M used, 60M committed, 1088M reserved
[66.955s][info][gc,ref      ] GC(443) Soft: 3043 encountered, 0 discovered, 0 enqueued
[66.955s][info][gc,ref      ] GC(443) Weak: 6057 encountered, 1112 discovered, 121 enqueued
[66.955s][info][gc,ref      ] GC(443) Final: 60 encountered, 2 discovered, 0 enqueued
[66.955s][info][gc,ref      ] GC(443) Phantom: 608 encountered, 450 discovered, 0 enqueued
[66.955s][info][gc,reloc    ] GC(443) Small Pages: 175 / 350M, Empty: 126M, Relocated: 3M, In-Place: 0
[66.955s][info][gc,reloc    ] GC(443) Medium Pages: 1 / 32M, Empty: 0M, Relocated: 0M, In-Place: 0
[66.955s][info][gc,reloc    ] GC(443) Large Pages: 3 / 18M, Empty: 6M, Relocated: 0M, In-Place: 0
[66.955s][info][gc,reloc    ] GC(443) Forwarding Usage: 1M
[66.955s][info][gc,heap     ] GC(443) Min Capacity: 8M(1%)
[66.955s][info][gc,heap     ] GC(443) Max Capacity: 1024M(100%)
[66.955s][info][gc,heap     ] GC(443) Soft Max Capacity: 1024M(100%)
[66.955s][info][gc,heap     ] GC(443)                Mark Start          Mark End        Relocate Start      Relocate End           High               Low         
[66.955s][info][gc,heap     ] GC(443)  Capacity:     1024M (100%)       1024M (100%)       1024M (100%)       1024M (100%)       1024M (100%)       1024M (100%)   
[66.955s][info][gc,heap     ] GC(443)      Free:      624M (61%)         622M (61%)         750M (73%)         752M (73%)         754M (74%)         622M (61%)    
[66.955s][info][gc,heap     ] GC(443)      Used:      400M (39%)         402M (39%)         274M (27%)         272M (27%)         402M (39%)         270M (26%)    
[66.955s][info][gc,heap     ] GC(443)      Live:         -               204M (20%)         204M (20%)         204M (20%)            -                  -          
[66.955s][info][gc,heap     ] GC(443) Allocated:         -                 2M (0%)            6M (1%)            6M (1%)             -                  -          
[66.955s][info][gc,heap     ] GC(443)   Garbage:         -               195M (19%)          63M (6%)           61M (6%)             -                  -          
[66.955s][info][gc,heap     ] GC(443) Reclaimed:         -                  -               132M (13%)         134M (13%)            -                  -          
[66.955s][info][gc          ] GC(443) Garbage Collection (System.gc()) 400M(39%)->272M(27%)
[67.101s][info][gc,start    ] GC(444) Garbage Collection (Allocation Rate)
[67.101s][info][gc,task     ] GC(444) Using 7 workers
[67.102s][info][gc,phases   ] GC(444) Pause Mark Start 0.017ms
[67.164s][info][gc,phases   ] GC(444) Concurrent Mark 62.096ms
[67.164s][info][gc,phases   ] GC(444) Pause Mark End 0.018ms
[67.164s][info][gc,phases   ] GC(444) Concurrent Mark Free 0.001ms
[67.166s][info][gc,phases   ] GC(444) Concurrent Process Non-Strong References 2.282ms
[67.166s][info][gc,phases   ] GC(444) Concurrent Reset Relocation Set 0.003ms
[67.172s][info][gc,phases   ] GC(444) Concurrent Select Relocation Set 5.889ms
[67.172s][info][gc,phases   ] GC(444) Pause Relocate Start 0.007ms
[67.177s][info][gc,phases   ] GC(444) Concurrent Relocate 4.274ms
[67.177s][info][gc,load     ] GC(444) Load: 0.00/0.00/0.00
[67.177s][info][gc,mmu      ] GC(444) MMU: 2ms/96.6%, 5ms/98.6%, 10ms/99.3%, 20ms/99.7%, 50ms/99.8%, 100ms/99.9%
[67.177s][info][gc,marking  ] GC(444) Mark: 4 stripe(s), 2 proactive flush(es), 1 terminate flush(es), 0 completion(s), 0 continuation(s) 
[67.177s][info][gc,marking  ] GC(444) Mark Stack Usage: 32M
[67.177s][info][gc,nmethod  ] GC(444) NMethods: 5174 registered, 2212 unregistered
[67.177s][info][gc,metaspace] GC(444) Metaspace: 59M used, 60M committed, 1088M reserved
[67.177s][info][gc,ref      ] GC(444) Soft: 3045 encountered, 0 discovered, 0 enqueued
[67.177s][info][gc,ref      ] GC(444) Weak: 6072 encountered, 2270 discovered, 74 enqueued
[67.177s][info][gc,ref      ] GC(444) Final: 60 encountered, 5 discovered, 0 enqueued
[67.177s][info][gc,ref      ] GC(444) Phantom: 608 encountered, 442 discovered, 0 enqueued
[67.177s][info][gc,reloc    ] GC(444) Small Pages: 246 / 492M, Empty: 240M, Relocated: 4M, In-Place: 0
[67.177s][info][gc,reloc    ] GC(444) Medium Pages: 2 / 64M, Empty: 32M, Relocated: 0M, In-Place: 0
[67.177s][info][gc,reloc    ] GC(444) Large Pages: 4 / 24M, Empty: 12M, Relocated: 0M, In-Place: 0
[67.177s][info][gc,reloc    ] GC(444) Forwarding Usage: 2M
[67.177s][info][gc,heap     ] GC(444) Min Capacity: 8M(1%)
[67.177s][info][gc,heap     ] GC(444) Max Capacity: 1024M(100%)
[67.177s][info][gc,heap     ] GC(444) Soft Max Capacity: 1024M(100%)
[67.177s][info][gc,heap     ] GC(444)                Mark Start          Mark End        Relocate Start      Relocate End           High               Low         
[67.177s][info][gc,heap     ] GC(444)  Capacity:     1024M (100%)       1024M (100%)       1024M (100%)       1024M (100%)       1024M (100%)       1024M (100%)   
[67.177s][info][gc,heap     ] GC(444)      Free:      444M (43%)         234M (23%)         486M (47%)         516M (50%)         518M (51%)         226M (22%)    
[67.177s][info][gc,heap     ] GC(444)      Used:      580M (57%)         790M (77%)         538M (53%)         508M (50%)         798M (78%)         506M (49%)    
[67.177s][info][gc,heap     ] GC(444)      Live:         -               204M (20%)         204M (20%)         204M (20%)            -                  -          
[67.177s][info][gc,heap     ] GC(444) Allocated:         -               210M (21%)         242M (24%)         249M (24%)            -                  -          
[67.177s][info][gc,heap     ] GC(444)   Garbage:         -               375M (37%)          91M (9%)           53M (5%)             -                  -          
[67.177s][info][gc,heap     ] GC(444) Reclaimed:         -                  -               284M (28%)         321M (31%)            -                  -          
[67.178s][info][gc          ] GC(444) Garbage Collection (Allocation Rate) 580M(57%)->508M(50%)
[67.195s][info][gc,start    ] GC(445) Garbage Collection (Allocation Rate)
[67.195s][info][gc,task     ] GC(445) Using 7 workers
[67.195s][info][gc,phases   ] GC(445) Pause Mark Start 0.010ms
[67.257s][info][gc,phases   ] GC(445) Concurrent Mark 62.212ms
[67.258s][info][gc,phases   ] GC(445) Pause Mark End 0.028ms
[67.258s][info][gc,phases   ] GC(445) Concurrent Mark Free 0.001ms
[67.260s][info][gc,phases   ] GC(445) Concurrent Process Non-Strong References 2.387ms
[67.260s][info][gc,phases   ] GC(445) Concurrent Reset Relocation Set 0.004ms
[67.264s][info][gc,phases   ] GC(445) Concurrent Select Relocation Set 3.726ms
[67.264s][info][gc,phases   ] GC(445) Pause Relocate Start 0.011ms
[67.267s][info][gc,phases   ] GC(445) Concurrent Relocate 2.753ms
[67.267s][info][gc,load     ] GC(445) Load: 0.00/0.00/0.00
[67.267s][info][gc,mmu      ] GC(445) MMU: 2ms/96.6%, 5ms/98.6%, 10ms/99.3%, 20ms/99.7%, 50ms/99.8%, 100ms/99.9%
[67.267s][info][gc,marking  ] GC(445) Mark: 4 stripe(s), 3 proactive flush(es), 1 terminate flush(es), 0 completion(s), 0 continuation(s) 
[67.267s][info][gc,marking  ] GC(445) Mark Stack Usage: 32M
[67.267s][info][gc,nmethod  ] GC(445) NMethods: 5174 registered, 2212 unregistered
[67.267s][info][gc,metaspace] GC(445) Metaspace: 59M used, 60M committed, 1088M reserved
[67.267s][info][gc,ref      ] GC(445) Soft: 3045 encountered, 0 discovered, 0 enqueued
[67.267s][info][gc,ref      ] GC(445) Weak: 5998 encountered, 354 discovered, 14 enqueued
[67.267s][info][gc,ref      ] GC(445) Final: 60 encountered, 0 discovered, 0 enqueued
[67.267s][info][gc,ref      ] GC(445) Phantom: 608 encountered, 422 discovered, 0 enqueued
[67.267s][info][gc,reloc    ] GC(445) Small Pages: 251 / 502M, Empty: 268M, Relocated: 4M, In-Place: 0
[67.267s][info][gc,reloc    ] GC(445) Medium Pages: 1 / 32M, Empty: 0M, Relocated: 0M, In-Place: 0
[67.267s][info][gc,reloc    ] GC(445) Large Pages: 2 / 12M, Empty: 0M, Relocated: 0M, In-Place: 0
[67.267s][info][gc,reloc    ] GC(445) Forwarding Usage: 2M
[67.267s][info][gc,heap     ] GC(445) Min Capacity: 8M(1%)
[67.267s][info][gc,heap     ] GC(445) Max Capacity: 1024M(100%)
[67.267s][info][gc,heap     ] GC(445) Soft Max Capacity: 1024M(100%)
[67.268s][info][gc,heap     ] GC(445)                Mark Start          Mark End        Relocate Start      Relocate End           High               Low         
[67.268s][info][gc,heap     ] GC(445)  Capacity:     1024M (100%)       1024M (100%)       1024M (100%)       1024M (100%)       1024M (100%)       1024M (100%)   
[67.268s][info][gc,heap     ] GC(445)      Free:      478M (47%)         354M (35%)         608M (59%)         622M (61%)         622M (61%)         348M (34%)    
[67.268s][info][gc,heap     ] GC(445)      Used:      546M (53%)         670M (65%)         416M (41%)         402M (39%)         676M (66%)         402M (39%)    
[67.268s][info][gc,heap     ] GC(445)      Live:         -               204M (20%)         204M (20%)         204M (20%)            -                  -          
[67.268s][info][gc,heap     ] GC(445) Allocated:         -               124M (12%)         138M (13%)         143M (14%)            -                  -          
[67.268s][info][gc,heap     ] GC(445)   Garbage:         -               341M (33%)          73M (7%)           53M (5%)             -                  -          
[67.268s][info][gc,heap     ] GC(445) Reclaimed:         -                  -               268M (26%)         287M (28%)            -                  -          
[67.268s][info][gc          ] GC(445) Garbage Collection (Allocation Rate) 546M(53%)->402M(39%)
[67.304s][info][gc,start    ] GC(446) Garbage Collection (Allocation Rate)
[67.304s][info][gc,task     ] GC(446) Using 7 workers
[67.305s][info][gc,phases   ] GC(446) Pause Mark Start 0.012ms
[67.367s][info][gc,phases   ] GC(446) Concurrent Mark 62.168ms
[67.367s][info][gc,phases   ] GC(446) Pause Mark End 0.024ms
[67.367s][info][gc,phases   ] GC(446) Concurrent Mark Free 0.001ms
[67.369s][info][gc,phases   ] GC(446) Concurrent Process Non-Strong References 2.307ms
[67.369s][info][gc,phases   ] GC(446) Concurrent Reset Relocation Set 0.002ms
[67.373s][info][gc,phases   ] GC(446) Concurrent Select Relocation Set 3.925ms
[67.373s][info][gc,phases   ] GC(446) Pause Relocate Start 0.007ms
[67.375s][info][gc,phases   ] GC(446) Concurrent Relocate 1.301ms
[67.375s][info][gc,load     ] GC(446) Load: 0.00/0.00/0.00
[67.375s][info][gc,mmu      ] GC(446) MMU: 2ms/96.6%, 5ms/98.6%, 10ms/99.3%, 20ms/99.7%, 50ms/99.8%, 100ms/99.9%
[67.375s][info][gc,marking  ] GC(446) Mark: 4 stripe(s), 2 proactive flush(es), 1 terminate flush(es), 0 completion(s), 0 continuation(s) 
[67.375s][info][gc,marking  ] GC(446) Mark Stack Usage: 32M
[67.375s][info][gc,nmethod  ] GC(446) NMethods: 5174 registered, 2212 unregistered
[67.375s][info][gc,metaspace] GC(446) Metaspace: 59M used, 60M committed, 1088M reserved
[67.375s][info][gc,ref      ] GC(446) Soft: 3045 encountered, 0 discovered, 0 enqueued
[67.375s][info][gc,ref      ] GC(446) Weak: 5984 encountered, 246 discovered, 0 enqueued
[67.375s][info][gc,ref      ] GC(446) Final: 60 encountered, 0 discovered, 0 enqueued
[67.375s][info][gc,ref      ] GC(446) Phantom: 608 encountered, 302 discovered, 0 enqueued
[67.375s][info][gc,reloc    ] GC(446) Small Pages: 223 / 446M, Empty: 218M, Relocated: 3M, In-Place: 0
[67.375s][info][gc,reloc    ] GC(446) Medium Pages: 1 / 32M, Empty: 0M, Relocated: 0M, In-Place: 0
[67.375s][info][gc,reloc    ] GC(446) Large Pages: 2 / 12M, Empty: 0M, Relocated: 0M, In-Place: 0
[67.375s][info][gc,reloc    ] GC(446) Forwarding Usage: 1M
[67.375s][info][gc,heap     ] GC(446) Min Capacity: 8M(1%)
[67.375s][info][gc,heap     ] GC(446) Max Capacity: 1024M(100%)
[67.375s][info][gc,heap     ] GC(446) Soft Max Capacity: 1024M(100%)
[67.375s][info][gc,heap     ] GC(446)                Mark Start          Mark End        Relocate Start      Relocate End           High               Low         
[67.375s][info][gc,heap     ] GC(446)  Capacity:     1024M (100%)       1024M (100%)       1024M (100%)       1024M (100%)       1024M (100%)       1024M (100%)   
[67.375s][info][gc,heap     ] GC(446)      Free:      534M (52%)         390M (38%)         594M (58%)         602M (59%)         602M (59%)         384M (38%)    
[67.376s][info][gc,heap     ] GC(446)      Used:      490M (48%)         634M (62%)         430M (42%)         422M (41%)         640M (63%)         422M (41%)    
[67.376s][info][gc,heap     ] GC(446)      Live:         -               204M (20%)         204M (20%)         204M (20%)            -                  -          
[67.376s][info][gc,heap     ] GC(446) Allocated:         -               144M (14%)         158M (15%)         161M (16%)            -                  -          
[67.376s][info][gc,heap     ] GC(446)   Garbage:         -               285M (28%)          67M (7%)           55M (5%)             -                  -          
[67.376s][info][gc,heap     ] GC(446) Reclaimed:         -                  -               218M (21%)         229M (22%)            -                  -          
[67.376s][info][gc          ] GC(446) Garbage Collection (Allocation Rate) 490M(48%)->422M(41%)
[67.398s][info][gc,start    ] GC(447) Garbage Collection (Allocation Rate)
[67.398s][info][gc,task     ] GC(447) Using 7 workers
[67.398s][info][gc,phases   ] GC(447) Pause Mark Start 0.013ms
[67.461s][info][gc,phases   ] GC(447) Concurrent Mark 62.182ms
[67.461s][info][gc,phases   ] GC(447) Pause Mark End 0.017ms
[67.461s][info][gc,phases   ] GC(447) Concurrent Mark Free 0.001ms
[67.463s][info][gc,phases   ] GC(447) Concurrent Process Non-Strong References 2.509ms
[67.463s][info][gc,phases   ] GC(447) Concurrent Reset Relocation Set 0.002ms
[67.467s][info][gc,phases   ] GC(447) Concurrent Select Relocation Set 3.655ms
[67.467s][info][gc,phases   ] GC(447) Pause Relocate Start 0.007ms
[67.470s][info][gc,phases   ] GC(447) Concurrent Relocate 2.949ms
[67.470s][info][gc,load     ] GC(447) Load: 0.00/0.00/0.00
[67.470s][info][gc,mmu      ] GC(447) MMU: 2ms/96.6%, 5ms/98.6%, 10ms/99.3%, 20ms/99.7%, 50ms/99.8%, 100ms/99.9%
[67.470s][info][gc,marking  ] GC(447) Mark: 4 stripe(s), 2 proactive flush(es), 1 terminate flush(es), 0 completion(s), 0 continuation(s) 
[67.470s][info][gc,marking  ] GC(447) Mark Stack Usage: 32M
[67.470s][info][gc,nmethod  ] GC(447) NMethods: 5174 registered, 2212 unregistered
[67.470s][info][gc,metaspace] GC(447) Metaspace: 59M used, 60M committed, 1088M reserved
[67.470s][info][gc,ref      ] GC(447) Soft: 3045 encountered, 0 discovered, 0 enqueued
[67.470s][info][gc,ref      ] GC(447) Weak: 5984 encountered, 327 discovered, 0 enqueued
[67.470s][info][gc,ref      ] GC(447) Final: 60 encountered, 0 discovered, 0 enqueued
[67.470s][info][gc,ref      ] GC(447) Phantom: 608 encountered, 417 discovered, 0 enqueued
[67.471s][info][gc,reloc    ] GC(447) Small Pages: 223 / 446M, Empty: 216M, Relocated: 3M, In-Place: 0
[67.471s][info][gc,reloc    ] GC(447) Medium Pages: 1 / 32M, Empty: 0M, Relocated: 0M, In-Place: 0
[67.471s][info][gc,reloc    ] GC(447) Large Pages: 2 / 12M, Empty: 0M, Relocated: 0M, In-Place: 0
[67.471s][info][gc,reloc    ] GC(447) Forwarding Usage: 1M
[67.471s][info][gc,heap     ] GC(447) Min Capacity: 8M(1%)
[67.471s][info][gc,heap     ] GC(447) Max Capacity: 1024M(100%)
[67.471s][info][gc,heap     ] GC(447) Soft Max Capacity: 1024M(100%)
[67.471s][info][gc,heap     ] GC(447)                Mark Start          Mark End        Relocate Start      Relocate End           High               Low         
[67.471s][info][gc,heap     ] GC(447)  Capacity:     1024M (100%)       1024M (100%)       1024M (100%)       1024M (100%)       1024M (100%)       1024M (100%)   
[67.471s][info][gc,heap     ] GC(447)      Free:      534M (52%)         350M (34%)         548M (54%)         556M (54%)         558M (54%)         342M (33%)    
[67.471s][info][gc,heap     ] GC(447)      Used:      490M (48%)         674M (66%)         476M (46%)         468M (46%)         682M (67%)         466M (46%)    
[67.471s][info][gc,heap     ] GC(447)      Live:         -               204M (20%)         204M (20%)         204M (20%)            -                  -          
[67.471s][info][gc,heap     ] GC(447) Allocated:         -               184M (18%)         202M (20%)         207M (20%)            -                  -          
[67.471s][info][gc,heap     ] GC(447)   Garbage:         -               285M (28%)          69M (7%)           55M (5%)             -                  -          
[67.471s][info][gc,heap     ] GC(447) Reclaimed:         -                  -               216M (21%)         229M (22%)            -                  -          
[67.471s][info][gc          ] GC(447) Garbage Collection (Allocation Rate) 490M(48%)->468M(46%)
[67.507s][info][gc,start    ] GC(448) Garbage Collection (Allocation Rate)
[67.508s][info][gc,task     ] GC(448) Using 7 workers
[67.508s][info][gc,phases   ] GC(448) Pause Mark Start 0.011ms
[67.570s][info][gc,phases   ] GC(448) Concurrent Mark 62.188ms
[67.570s][info][gc,phases   ] GC(448) Pause Mark End 0.022ms
[67.570s][info][gc,phases   ] GC(448) Concurrent Mark Free 0.002ms
[67.572s][info][gc,phases   ] GC(448) Concurrent Process Non-Strong References 2.032ms
[67.572s][info][gc,phases   ] GC(448) Concurrent Reset Relocation Set 0.002ms
[67.576s][info][gc,phases   ] GC(448) Concurrent Select Relocation Set 3.668ms
[67.576s][info][gc,phases   ] GC(448) Pause Relocate Start 0.007ms
[67.578s][info][gc,phases   ] GC(448) Concurrent Relocate 1.776ms
[67.578s][info][gc,load     ] GC(448) Load: 0.00/0.00/0.00
[67.578s][info][gc,mmu      ] GC(448) MMU: 2ms/96.6%, 5ms/98.6%, 10ms/99.3%, 20ms/99.7%, 50ms/99.8%, 100ms/99.9%
[67.578s][info][gc,marking  ] GC(448) Mark: 4 stripe(s), 2 proactive flush(es), 1 terminate flush(es), 0 completion(s), 0 continuation(s) 
[67.578s][info][gc,marking  ] GC(448) Mark Stack Usage: 32M
[67.578s][info][gc,nmethod  ] GC(448) NMethods: 5174 registered, 2212 unregistered
[67.578s][info][gc,metaspace] GC(448) Metaspace: 59M used, 60M committed, 1088M reserved
[67.578s][info][gc,ref      ] GC(448) Soft: 3045 encountered, 0 discovered, 0 enqueued
[67.578s][info][gc,ref      ] GC(448) Weak: 5984 encountered, 2893 discovered, 0 enqueued
[67.578s][info][gc,ref      ] GC(448) Final: 60 encountered, 0 discovered, 0 enqueued
[67.578s][info][gc,ref      ] GC(448) Phantom: 608 encountered, 271 discovered, 0 enqueued
[67.578s][info][gc,reloc    ] GC(448) Small Pages: 250 / 500M, Empty: 272M, Relocated: 3M, In-Place: 0
[67.578s][info][gc,reloc    ] GC(448) Medium Pages: 1 / 32M, Empty: 0M, Relocated: 0M, In-Place: 0
[67.578s][info][gc,reloc    ] GC(448) Large Pages: 2 / 12M, Empty: 0M, Relocated: 0M, In-Place: 0
[67.578s][info][gc,reloc    ] GC(448) Forwarding Usage: 1M
[67.578s][info][gc,heap     ] GC(448) Min Capacity: 8M(1%)
[67.578s][info][gc,heap     ] GC(448) Max Capacity: 1024M(100%)
[67.578s][info][gc,heap     ] GC(448) Soft Max Capacity: 1024M(100%)
[67.578s][info][gc,heap     ] GC(448)                Mark Start          Mark End        Relocate Start      Relocate End           High               Low         
[67.578s][info][gc,heap     ] GC(448)  Capacity:     1024M (100%)       1024M (100%)       1024M (100%)       1024M (100%)       1024M (100%)       1024M (100%)   
[67.578s][info][gc,heap     ] GC(448)      Free:      480M (47%)         350M (34%)         610M (60%)         616M (60%)         616M (60%)         346M (34%)    
[67.578s][info][gc,heap     ] GC(448)      Used:      544M (53%)         674M (66%)         414M (40%)         408M (40%)         678M (66%)         408M (40%)    
[67.579s][info][gc,heap     ] GC(448)      Live:         -               204M (20%)         204M (20%)         204M (20%)            -                  -          
[67.579s][info][gc,heap     ] GC(448) Allocated:         -               130M (13%)         142M (14%)         147M (14%)            -                  -          
[67.579s][info][gc,heap     ] GC(448)   Garbage:         -               339M (33%)          67M (7%)           55M (5%)             -                  -          
[67.579s][info][gc,heap     ] GC(448) Reclaimed:         -                  -               272M (27%)         283M (28%)            -                  -          
[67.579s][info][gc          ] GC(448) Garbage Collection (Allocation Rate) 544M(53%)->408M(40%)
[67.695s][info][gc,start    ] GC(449) Garbage Collection (Allocation Rate)
[67.695s][info][gc,task     ] GC(449) Using 7 workers
[67.695s][info][gc,phases   ] GC(449) Pause Mark Start 0.015ms
[67.757s][info][gc,phases   ] GC(449) Concurrent Mark 62.218ms
[67.758s][info][gc,phases   ] GC(449) Pause Mark End 0.019ms
[67.758s][info][gc,phases   ] GC(449) Concurrent Mark Free 0.001ms
[67.760s][info][gc,phases   ] GC(449) Concurrent Process Non-Strong References 2.319ms
[67.760s][info][gc,phases   ] GC(449) Concurrent Reset Relocation Set 0.002ms
[67.764s][info][gc,phases   ] GC(449) Concurrent Select Relocation Set 3.689ms
[67.764s][info][gc,phases   ] GC(449) Pause Relocate Start 0.007ms
[67.766s][info][gc,phases   ] GC(449) Concurrent Relocate 1.705ms
[67.766s][info][gc,load     ] GC(449) Load: 0.00/0.00/0.00
[67.766s][info][gc,mmu      ] GC(449) MMU: 2ms/96.6%, 5ms/98.6%, 10ms/99.3%, 20ms/99.7%, 50ms/99.8%, 100ms/99.9%
[67.766s][info][gc,marking  ] GC(449) Mark: 4 stripe(s), 2 proactive flush(es), 1 terminate flush(es), 0 completion(s), 0 continuation(s) 
[67.766s][info][gc,marking  ] GC(449) Mark Stack Usage: 32M
[67.766s][info][gc,nmethod  ] GC(449) NMethods: 5174 registered, 2212 unregistered
[67.766s][info][gc,metaspace] GC(449) Metaspace: 59M used, 60M committed, 1088M reserved
[67.766s][info][gc,ref      ] GC(449) Soft: 3045 encountered, 0 discovered, 0 enqueued
[67.766s][info][gc,ref      ] GC(449) Weak: 5984 encountered, 572 discovered, 0 enqueued
[67.766s][info][gc,ref      ] GC(449) Final: 60 encountered, 0 discovered, 0 enqueued
[67.766s][info][gc,ref      ] GC(449) Phantom: 608 encountered, 421 discovered, 0 enqueued
[67.766s][info][gc,reloc    ] GC(449) Small Pages: 327 / 654M, Empty: 424M, Relocated: 3M, In-Place: 0
[67.766s][info][gc,reloc    ] GC(449) Medium Pages: 1 / 32M, Empty: 0M, Relocated: 0M, In-Place: 0
[67.766s][info][gc,reloc    ] GC(449) Large Pages: 2 / 12M, Empty: 0M, Relocated: 0M, In-Place: 0
[67.766s][info][gc,reloc    ] GC(449) Forwarding Usage: 1M
[67.766s][info][gc,heap     ] GC(449) Min Capacity: 8M(1%)
[67.766s][info][gc,heap     ] GC(449) Max Capacity: 1024M(100%)
[67.766s][info][gc,heap     ] GC(449) Soft Max Capacity: 1024M(100%)
[67.766s][info][gc,heap     ] GC(449)                Mark Start          Mark End        Relocate Start      Relocate End           High               Low         
[67.766s][info][gc,heap     ] GC(449)  Capacity:     1024M (100%)       1024M (100%)       1024M (100%)       1024M (100%)       1024M (100%)       1024M (100%)   
[67.766s][info][gc,heap     ] GC(449)      Free:      326M (32%)         154M (15%)         560M (55%)         568M (55%)         568M (55%)         146M (14%)    
[67.766s][info][gc,heap     ] GC(449)      Used:      698M (68%)         870M (85%)         464M (45%)         456M (45%)         878M (86%)         456M (45%)    
[67.766s][info][gc,heap     ] GC(449)      Live:         -               204M (20%)         204M (20%)         204M (20%)            -                  -          
[67.766s][info][gc,heap     ] GC(449) Allocated:         -               172M (17%)         190M (19%)         195M (19%)            -                  -          
[67.766s][info][gc,heap     ] GC(449)   Garbage:         -               493M (48%)          69M (7%)           55M (5%)             -                  -          
[67.766s][info][gc,heap     ] GC(449) Reclaimed:         -                  -               424M (41%)         437M (43%)            -                  -          
[67.766s][info][gc          ] GC(449) Garbage Collection (Allocation Rate) 698M(68%)->456M(45%)
[67.804s][info][gc,start    ] GC(450) Garbage Collection (Allocation Rate)
[67.804s][info][gc,task     ] GC(450) Using 7 workers
[67.804s][info][gc,phases   ] GC(450) Pause Mark Start 0.011ms
[67.867s][info][gc,phases   ] GC(450) Concurrent Mark 62.570ms
[67.867s][info][gc,phases   ] GC(450) Pause Mark End 0.019ms
[67.867s][info][gc,phases   ] GC(450) Concurrent Mark Free 0.001ms
[67.869s][info][gc,phases   ] GC(450) Concurrent Process Non-Strong References 2.104ms
[67.870s][info][gc,phases   ] GC(450) Concurrent Reset Relocation Set 0.003ms
[67.873s][info][gc,phases   ] GC(450) Concurrent Select Relocation Set 3.659ms
[67.873s][info][gc,phases   ] GC(450) Pause Relocate Start 0.007ms
[67.876s][info][gc,phases   ] GC(450) Concurrent Relocate 2.929ms
[67.876s][info][gc,load     ] GC(450) Load: 0.00/0.00/0.00
[67.876s][info][gc,mmu      ] GC(450) MMU: 2ms/96.6%, 5ms/98.6%, 10ms/99.3%, 20ms/99.7%, 50ms/99.8%, 100ms/99.9%
[67.876s][info][gc,marking  ] GC(450) Mark: 4 stripe(s), 2 proactive flush(es), 1 terminate flush(es), 0 completion(s), 0 continuation(s) 
[67.876s][info][gc,marking  ] GC(450) Mark Stack Usage: 32M
[67.876s][info][gc,nmethod  ] GC(450) NMethods: 5175 registered, 2212 unregistered
[67.876s][info][gc,metaspace] GC(450) Metaspace: 59M used, 60M committed, 1088M reserved
[67.877s][info][gc,ref      ] GC(450) Soft: 3045 encountered, 0 discovered, 0 enqueued
[67.877s][info][gc,ref      ] GC(450) Weak: 5982 encountered, 3012 discovered, 0 enqueued
[67.877s][info][gc,ref      ] GC(450) Final: 60 encountered, 0 discovered, 0 enqueued
[67.877s][info][gc,ref      ] GC(450) Phantom: 608 encountered, 486 discovered, 0 enqueued
[67.877s][info][gc,reloc    ] GC(450) Small Pages: 262 / 524M, Empty: 296M, Relocated: 3M, In-Place: 0
[67.877s][info][gc,reloc    ] GC(450) Medium Pages: 1 / 32M, Empty: 0M, Relocated: 0M, In-Place: 0
[67.877s][info][gc,reloc    ] GC(450) Large Pages: 2 / 12M, Empty: 0M, Relocated: 0M, In-Place: 0
[67.877s][info][gc,reloc    ] GC(450) Forwarding Usage: 1M
[67.877s][info][gc,heap     ] GC(450) Min Capacity: 8M(1%)
[67.877s][info][gc,heap     ] GC(450) Max Capacity: 1024M(100%)
[67.877s][info][gc,heap     ] GC(450) Soft Max Capacity: 1024M(100%)
[67.877s][info][gc,heap     ] GC(450)                Mark Start          Mark End        Relocate Start      Relocate End           High               Low         
[67.877s][info][gc,heap     ] GC(450)  Capacity:     1024M (100%)       1024M (100%)       1024M (100%)       1024M (100%)       1024M (100%)       1024M (100%)   
[67.877s][info][gc,heap     ] GC(450)      Free:      456M (45%)         302M (29%)         588M (57%)         596M (58%)         596M (58%)         298M (29%)    
[67.877s][info][gc,heap     ] GC(450)      Used:      568M (55%)         722M (71%)         436M (43%)         428M (42%)         726M (71%)         428M (42%)    
[67.877s][info][gc,heap     ] GC(450)      Live:         -               204M (20%)         204M (20%)         204M (20%)            -                  -          
[67.877s][info][gc,heap     ] GC(450) Allocated:         -               154M (15%)         164M (16%)         167M (16%)            -                  -          
[67.877s][info][gc,heap     ] GC(450)   Garbage:         -               363M (36%)          67M (7%)           55M (5%)             -                  -          
[67.877s][info][gc,heap     ] GC(450) Reclaimed:         -                  -               296M (29%)         307M (30%)            -                  -          
[67.877s][info][gc          ] GC(450) Garbage Collection (Allocation Rate) 568M(55%)->428M(42%)
[67.900s][info][gc,start    ] GC(451) Garbage Collection (System.gc())
[67.900s][info][gc,task     ] GC(451) Using 10 workers
[67.900s][info][gc,phases   ] GC(451) Pause Mark Start 0.014ms
[67.959s][info][gc,phases   ] GC(451) Concurrent Mark 59.216ms
[67.960s][info][gc,phases   ] GC(451) Pause Mark End 0.029ms
[67.960s][info][gc,phases   ] GC(451) Concurrent Mark Free 0.001ms
[67.962s][info][gc,phases   ] GC(451) Concurrent Process Non-Strong References 1.868ms
[67.962s][info][gc,phases   ] GC(451) Concurrent Reset Relocation Set 0.002ms
[67.967s][info][gc,phases   ] GC(451) Concurrent Select Relocation Set 5.378ms
[67.967s][info][gc,phases   ] GC(451) Pause Relocate Start 0.007ms
[67.969s][info][gc,phases   ] GC(451) Concurrent Relocate 2.039ms
[67.969s][info][gc,load     ] GC(451) Load: 0.00/0.00/0.00
[67.969s][info][gc,mmu      ] GC(451) MMU: 2ms/96.6%, 5ms/98.6%, 10ms/99.3%, 20ms/99.7%, 50ms/99.8%, 100ms/99.9%
[67.969s][info][gc,marking  ] GC(451) Mark: 8 stripe(s), 2 proactive flush(es), 1 terminate flush(es), 0 completion(s), 0 continuation(s) 
[67.969s][info][gc,marking  ] GC(451) Mark Stack Usage: 32M
[67.969s][info][gc,nmethod  ] GC(451) NMethods: 5181 registered, 2214 unregistered
[67.970s][info][gc,metaspace] GC(451) Metaspace: 59M used, 60M committed, 1088M reserved
[67.970s][info][gc,ref      ] GC(451) Soft: 3043 encountered, 0 discovered, 0 enqueued
[67.970s][info][gc,ref      ] GC(451) Weak: 6044 encountered, 2147 discovered, 121 enqueued
[67.970s][info][gc,ref      ] GC(451) Final: 60 encountered, 1 discovered, 0 enqueued
[67.970s][info][gc,ref      ] GC(451) Phantom: 608 encountered, 583 discovered, 0 enqueued
[67.970s][info][gc,reloc    ] GC(451) Small Pages: 194 / 388M, Empty: 154M, Relocated: 3M, In-Place: 0
[67.970s][info][gc,reloc    ] GC(451) Medium Pages: 1 / 32M, Empty: 0M, Relocated: 0M, In-Place: 0
[67.970s][info][gc,reloc    ] GC(451) Large Pages: 3 / 18M, Empty: 6M, Relocated: 0M, In-Place: 0
[67.970s][info][gc,reloc    ] GC(451) Forwarding Usage: 1M
[67.970s][info][gc,heap     ] GC(451) Min Capacity: 8M(1%)
[67.970s][info][gc,heap     ] GC(451) Max Capacity: 1024M(100%)
[67.970s][info][gc,heap     ] GC(451) Soft Max Capacity: 1024M(100%)
[67.970s][info][gc,heap     ] GC(451)                Mark Start          Mark End        Relocate Start      Relocate End           High               Low         
[67.970s][info][gc,heap     ] GC(451)  Capacity:     1024M (100%)       1024M (100%)       1024M (100%)       1024M (100%)       1024M (100%)       1024M (100%)   
[67.970s][info][gc,heap     ] GC(451)      Free:      586M (57%)         584M (57%)         740M (72%)         752M (73%)         752M (73%)         584M (57%)    
[67.970s][info][gc,heap     ] GC(451)      Used:      438M (43%)         440M (43%)         284M (28%)         272M (27%)         440M (43%)         272M (27%)    
[67.970s][info][gc,heap     ] GC(451)      Live:         -               204M (20%)         204M (20%)         204M (20%)            -                  -          
[67.970s][info][gc,heap     ] GC(451) Allocated:         -                 2M (0%)            6M (1%)            6M (1%)             -                  -          
[67.970s][info][gc,heap     ] GC(451)   Garbage:         -               233M (23%)          73M (7%)           61M (6%)             -                  -          
[67.970s][info][gc,heap     ] GC(451) Reclaimed:         -                  -               160M (16%)         172M (17%)            -                  -          
[67.970s][info][gc          ] GC(451) Garbage Collection (System.gc()) 438M(43%)->272M(27%)
[68.100s][info][gc,start    ] GC(452) Garbage Collection (Allocation Rate)
[68.100s][info][gc,task     ] GC(452) Using 7 workers
[68.100s][info][gc,phases   ] GC(452) Pause Mark Start 0.018ms
[68.163s][info][gc,phases   ] GC(452) Concurrent Mark 62.091ms
[68.163s][info][gc,phases   ] GC(452) Pause Mark End 0.021ms
[68.163s][info][gc,phases   ] GC(452) Concurrent Mark Free 0.001ms
[68.165s][info][gc,phases   ] GC(452) Concurrent Process Non-Strong References 2.197ms
[68.165s][info][gc,phases   ] GC(452) Concurrent Reset Relocation Set 0.002ms
[68.172s][info][gc,phases   ] GC(452) Concurrent Select Relocation Set 6.475ms
[68.172s][info][gc,phases   ] GC(452) Pause Relocate Start 0.008ms
[68.175s][info][gc,phases   ] GC(452) Concurrent Relocate 2.791ms
[68.175s][info][gc,load     ] GC(452) Load: 0.00/0.00/0.00
[68.175s][info][gc,mmu      ] GC(452) MMU: 2ms/96.6%, 5ms/98.6%, 10ms/99.3%, 20ms/99.7%, 50ms/99.8%, 100ms/99.9%
[68.175s][info][gc,marking  ] GC(452) Mark: 4 stripe(s), 2 proactive flush(es), 1 terminate flush(es), 0 completion(s), 0 continuation(s) 
[68.175s][info][gc,marking  ] GC(452) Mark Stack Usage: 32M
[68.175s][info][gc,nmethod  ] GC(452) NMethods: 5221 registered, 2214 unregistered
[68.175s][info][gc,metaspace] GC(452) Metaspace: 59M used, 60M committed, 1088M reserved
[68.175s][info][gc,ref      ] GC(452) Soft: 3045 encountered, 0 discovered, 0 enqueued
[68.175s][info][gc,ref      ] GC(452) Weak: 6086 encountered, 2140 discovered, 75 enqueued
[68.175s][info][gc,ref      ] GC(452) Final: 60 encountered, 0 discovered, 0 enqueued
[68.175s][info][gc,ref      ] GC(452) Phantom: 608 encountered, 478 discovered, 0 enqueued
[68.175s][info][gc,reloc    ] GC(452) Small Pages: 223 / 446M, Empty: 194M, Relocated: 4M, In-Place: 0
[68.175s][info][gc,reloc    ] GC(452) Medium Pages: 2 / 64M, Empty: 32M, Relocated: 0M, In-Place: 0
[68.175s][info][gc,reloc    ] GC(452) Large Pages: 4 / 24M, Empty: 12M, Relocated: 0M, In-Place: 0
[68.175s][info][gc,reloc    ] GC(452) Forwarding Usage: 2M
[68.175s][info][gc,heap     ] GC(452) Min Capacity: 8M(1%)
[68.175s][info][gc,heap     ] GC(452) Max Capacity: 1024M(100%)
[68.175s][info][gc,heap     ] GC(452) Soft Max Capacity: 1024M(100%)
[68.175s][info][gc,heap     ] GC(452)                Mark Start          Mark End        Relocate Start      Relocate End           High               Low         
[68.175s][info][gc,heap     ] GC(452)  Capacity:     1024M (100%)       1024M (100%)       1024M (100%)       1024M (100%)       1024M (100%)       1024M (100%)   
[68.175s][info][gc,heap     ] GC(452)      Free:      490M (48%)         282M (28%)         484M (47%)         516M (50%)         516M (50%)         272M (27%)    
[68.175s][info][gc,heap     ] GC(452)      Used:      534M (52%)         742M (72%)         540M (53%)         508M (50%)         752M (73%)         508M (50%)    
[68.175s][info][gc,heap     ] GC(452)      Live:         -               204M (20%)         204M (20%)         204M (20%)            -                  -          
[68.175s][info][gc,heap     ] GC(452) Allocated:         -               208M (20%)         244M (24%)         249M (24%)            -                  -          
[68.175s][info][gc,heap     ] GC(452)   Garbage:         -               329M (32%)          91M (9%)           53M (5%)             -                  -          
[68.175s][info][gc,heap     ] GC(452) Reclaimed:         -                  -               238M (23%)         275M (27%)            -                  -          
[68.176s][info][gc          ] GC(452) Garbage Collection (Allocation Rate) 534M(52%)->508M(50%)
[68.194s][info][gc,start    ] GC(453) Garbage Collection (Allocation Rate)
[68.194s][info][gc,task     ] GC(453) Using 7 workers
[68.194s][info][gc,phases   ] GC(453) Pause Mark Start 0.011ms
[68.256s][info][gc,phases   ] GC(453) Concurrent Mark 62.228ms
[68.256s][info][gc,phases   ] GC(453) Pause Mark End 0.017ms
[68.257s][info][gc,phases   ] GC(453) Concurrent Mark Free 0.001ms
[68.259s][info][gc,phases   ] GC(453) Concurrent Process Non-Strong References 2.194ms
[68.259s][info][gc,phases   ] GC(453) Concurrent Reset Relocation Set 0.003ms
[68.263s][info][gc,phases   ] GC(453) Concurrent Select Relocation Set 3.774ms
[68.263s][info][gc,phases   ] GC(453) Pause Relocate Start 0.007ms
[68.266s][info][gc,phases   ] GC(453) Concurrent Relocate 2.963ms
[68.266s][info][gc,load     ] GC(453) Load: 0.00/0.00/0.00
[68.266s][info][gc,mmu      ] GC(453) MMU: 2ms/96.6%, 5ms/98.6%, 10ms/99.3%, 20ms/99.7%, 50ms/99.8%, 100ms/99.9%
[68.266s][info][gc,marking  ] GC(453) Mark: 4 stripe(s), 2 proactive flush(es), 1 terminate flush(es), 0 completion(s), 0 continuation(s) 
[68.266s][info][gc,marking  ] GC(453) Mark Stack Usage: 32M
[68.266s][info][gc,nmethod  ] GC(453) NMethods: 5221 registered, 2214 unregistered
[68.266s][info][gc,metaspace] GC(453) Metaspace: 59M used, 60M committed, 1088M reserved
[68.266s][info][gc,ref      ] GC(453) Soft: 3045 encountered, 0 discovered, 0 enqueued
[68.266s][info][gc,ref      ] GC(453) Weak: 6010 encountered, 390 discovered, 19 enqueued
[68.266s][info][gc,ref      ] GC(453) Final: 60 encountered, 1 discovered, 0 enqueued
[68.266s][info][gc,ref      ] GC(453) Phantom: 608 encountered, 399 discovered, 0 enqueued
[68.266s][info][gc,reloc    ] GC(453) Small Pages: 256 / 512M, Empty: 278M, Relocated: 4M, In-Place: 0
[68.266s][info][gc,reloc    ] GC(453) Medium Pages: 1 / 32M, Empty: 0M, Relocated: 0M, In-Place: 0
[68.266s][info][gc,reloc    ] GC(453) Large Pages: 2 / 12M, Empty: 0M, Relocated: 0M, In-Place: 0
[68.266s][info][gc,reloc    ] GC(453) Forwarding Usage: 2M
[68.266s][info][gc,heap     ] GC(453) Min Capacity: 8M(1%)
[68.266s][info][gc,heap     ] GC(453) Max Capacity: 1024M(100%)
[68.266s][info][gc,heap     ] GC(453) Soft Max Capacity: 1024M(100%)
[68.266s][info][gc,heap     ] GC(453)                Mark Start          Mark End        Relocate Start      Relocate End           High               Low         
[68.266s][info][gc,heap     ] GC(453)  Capacity:     1024M (100%)       1024M (100%)       1024M (100%)       1024M (100%)       1024M (100%)       1024M (100%)   
[68.266s][info][gc,heap     ] GC(453)      Free:      468M (46%)         316M (31%)         578M (56%)         590M (58%)         592M (58%)         310M (30%)    
[68.266s][info][gc,heap     ] GC(453)      Used:      556M (54%)         708M (69%)         446M (44%)         434M (42%)         714M (70%)         432M (42%)    
[68.266s][info][gc,heap     ] GC(453)      Live:         -               204M (20%)         204M (20%)         204M (20%)            -                  -          
[68.266s][info][gc,heap     ] GC(453) Allocated:         -               152M (15%)         168M (16%)         175M (17%)            -                  -          
[68.266s][info][gc,heap     ] GC(453)   Garbage:         -               351M (34%)          73M (7%)           53M (5%)             -                  -          
[68.267s][info][gc,heap     ] GC(453) Reclaimed:         -                  -               278M (27%)         297M (29%)            -                  -          
[68.267s][info][gc          ] GC(453) Garbage Collection (Allocation Rate) 556M(54%)->434M(42%)
[68.303s][info][gc,start    ] GC(454) Garbage Collection (Allocation Rate)
[68.303s][info][gc,task     ] GC(454) Using 7 workers
[68.303s][info][gc,phases   ] GC(454) Pause Mark Start 0.011ms
[68.366s][info][gc,phases   ] GC(454) Concurrent Mark 62.251ms
[68.366s][info][gc,phases   ] GC(454) Pause Mark End 0.018ms
[68.366s][info][gc,phases   ] GC(454) Concurrent Mark Free 0.001ms
[68.368s][info][gc,phases   ] GC(454) Concurrent Process Non-Strong References 2.150ms
[68.368s][info][gc,phases   ] GC(454) Concurrent Reset Relocation Set 0.002ms
[68.372s][info][gc,phases   ] GC(454) Concurrent Select Relocation Set 3.784ms
[68.372s][info][gc,phases   ] GC(454) Pause Relocate Start 0.007ms
[68.377s][info][gc,phases   ] GC(454) Concurrent Relocate 4.916ms
[68.377s][info][gc,load     ] GC(454) Load: 0.00/0.00/0.00
[68.377s][info][gc,mmu      ] GC(454) MMU: 2ms/96.6%, 5ms/98.6%, 10ms/99.3%, 20ms/99.7%, 50ms/99.8%, 100ms/99.9%
[68.377s][info][gc,marking  ] GC(454) Mark: 4 stripe(s), 3 proactive flush(es), 1 terminate flush(es), 0 completion(s), 0 continuation(s) 
[68.377s][info][gc,marking  ] GC(454) Mark Stack Usage: 32M
[68.377s][info][gc,nmethod  ] GC(454) NMethods: 5221 registered, 2214 unregistered
[68.377s][info][gc,metaspace] GC(454) Metaspace: 59M used, 60M committed, 1088M reserved
[68.377s][info][gc,ref      ] GC(454) Soft: 3045 encountered, 0 discovered, 0 enqueued
[68.377s][info][gc,ref      ] GC(454) Weak: 5991 encountered, 359 discovered, 0 enqueued
[68.377s][info][gc,ref      ] GC(454) Final: 60 encountered, 0 discovered, 0 enqueued
[68.377s][info][gc,ref      ] GC(454) Phantom: 608 encountered, 429 discovered, 0 enqueued
[68.377s][info][gc,reloc    ] GC(454) Small Pages: 247 / 494M, Empty: 266M, Relocated: 4M, In-Place: 0
[68.377s][info][gc,reloc    ] GC(454) Medium Pages: 1 / 32M, Empty: 0M, Relocated: 0M, In-Place: 0
[68.377s][info][gc,reloc    ] GC(454) Large Pages: 2 / 12M, Empty: 0M, Relocated: 0M, In-Place: 0
[68.377s][info][gc,reloc    ] GC(454) Forwarding Usage: 2M
[68.377s][info][gc,heap     ] GC(454) Min Capacity: 8M(1%)
[68.377s][info][gc,heap     ] GC(454) Max Capacity: 1024M(100%)
[68.378s][info][gc,heap     ] GC(454) Soft Max Capacity: 1024M(100%)
[68.378s][info][gc,heap     ] GC(454)                Mark Start          Mark End        Relocate Start      Relocate End           High               Low         
[68.378s][info][gc,heap     ] GC(454)  Capacity:     1024M (100%)       1024M (100%)       1024M (100%)       1024M (100%)       1024M (100%)       1024M (100%)   
[68.378s][info][gc,heap     ] GC(454)      Free:      486M (47%)         310M (30%)         558M (54%)         558M (54%)         566M (55%)         304M (30%)    
[68.378s][info][gc,heap     ] GC(454)      Used:      538M (53%)         714M (70%)         466M (46%)         466M (46%)         720M (70%)         458M (45%)    
[68.378s][info][gc,heap     ] GC(454)      Live:         -               204M (20%)         204M (20%)         204M (20%)            -                  -          
[68.378s][info][gc,heap     ] GC(454) Allocated:         -               176M (17%)         194M (19%)         207M (20%)            -                  -          
[68.378s][info][gc,heap     ] GC(454)   Garbage:         -               333M (33%)          67M (7%)           53M (5%)             -                  -          
[68.378s][info][gc,heap     ] GC(454) Reclaimed:         -                  -               266M (26%)         279M (27%)            -                  -          
[68.378s][info][gc          ] GC(454) Garbage Collection (Allocation Rate) 538M(53%)->466M(46%)
[68.397s][info][gc,start    ] GC(455) Garbage Collection (Allocation Rate)
[68.397s][info][gc,task     ] GC(455) Using 7 workers
[68.397s][info][gc,phases   ] GC(455) Pause Mark Start 0.013ms
[68.459s][info][gc,phases   ] GC(455) Concurrent Mark 62.164ms
[68.460s][info][gc,phases   ] GC(455) Pause Mark End 0.025ms
[68.460s][info][gc,phases   ] GC(455) Concurrent Mark Free 0.001ms
[68.462s][info][gc,phases   ] GC(455) Concurrent Process Non-Strong References 2.259ms
[68.462s][info][gc,phases   ] GC(455) Concurrent Reset Relocation Set 0.002ms
[68.466s][info][gc,phases   ] GC(455) Concurrent Select Relocation Set 3.710ms
[68.466s][info][gc,phases   ] GC(455) Pause Relocate Start 0.007ms
[68.471s][info][gc,phases   ] GC(455) Concurrent Relocate 4.740ms
[68.471s][info][gc,load     ] GC(455) Load: 0.00/0.00/0.00
[68.471s][info][gc,mmu      ] GC(455) MMU: 2ms/96.6%, 5ms/98.6%, 10ms/99.3%, 20ms/99.7%, 50ms/99.8%, 100ms/99.9%
[68.471s][info][gc,marking  ] GC(455) Mark: 4 stripe(s), 2 proactive flush(es), 1 terminate flush(es), 0 completion(s), 0 continuation(s) 
[68.471s][info][gc,marking  ] GC(455) Mark Stack Usage: 32M
[68.471s][info][gc,nmethod  ] GC(455) NMethods: 5221 registered, 2214 unregistered
[68.471s][info][gc,metaspace] GC(455) Metaspace: 59M used, 60M committed, 1088M reserved
[68.471s][info][gc,ref      ] GC(455) Soft: 3045 encountered, 0 discovered, 0 enqueued
[68.471s][info][gc,ref      ] GC(455) Weak: 5991 encountered, 3053 discovered, 0 enqueued
[68.471s][info][gc,ref      ] GC(455) Final: 60 encountered, 2 discovered, 0 enqueued
[68.471s][info][gc,ref      ] GC(455) Phantom: 608 encountered, 399 discovered, 0 enqueued
[68.471s][info][gc,reloc    ] GC(455) Small Pages: 239 / 478M, Empty: 250M, Relocated: 4M, In-Place: 0
[68.471s][info][gc,reloc    ] GC(455) Medium Pages: 1 / 32M, Empty: 0M, Relocated: 0M, In-Place: 0
[68.471s][info][gc,reloc    ] GC(455) Large Pages: 2 / 12M, Empty: 0M, Relocated: 0M, In-Place: 0
[68.471s][info][gc,reloc    ] GC(455) Forwarding Usage: 2M
[68.471s][info][gc,heap     ] GC(455) Min Capacity: 8M(1%)
[68.471s][info][gc,heap     ] GC(455) Max Capacity: 1024M(100%)
[68.471s][info][gc,heap     ] GC(455) Soft Max Capacity: 1024M(100%)
[68.471s][info][gc,heap     ] GC(455)                Mark Start          Mark End        Relocate Start      Relocate End           High               Low         
[68.471s][info][gc,heap     ] GC(455)  Capacity:     1024M (100%)       1024M (100%)       1024M (100%)       1024M (100%)       1024M (100%)       1024M (100%)   
[68.471s][info][gc,heap     ] GC(455)      Free:      502M (49%)         324M (32%)         556M (54%)         558M (54%)         566M (55%)         318M (31%)    
[68.471s][info][gc,heap     ] GC(455)      Used:      522M (51%)         700M (68%)         468M (46%)         466M (46%)         706M (69%)         458M (45%)    
[68.471s][info][gc,heap     ] GC(455)      Live:         -               204M (20%)         204M (20%)         204M (20%)            -                  -          
[68.471s][info][gc,heap     ] GC(455) Allocated:         -               178M (17%)         196M (19%)         207M (20%)            -                  -          
[68.471s][info][gc,heap     ] GC(455)   Garbage:         -               317M (31%)          67M (7%)           53M (5%)             -                  -          
[68.471s][info][gc,heap     ] GC(455) Reclaimed:         -                  -               250M (24%)         263M (26%)            -                  -          
[68.471s][info][gc          ] GC(455) Garbage Collection (Allocation Rate) 522M(51%)->466M(46%)
[68.506s][info][gc,start    ] GC(456) Garbage Collection (Allocation Rate)
[68.506s][info][gc,task     ] GC(456) Using 7 workers
[68.506s][info][gc,phases   ] GC(456) Pause Mark Start 0.013ms
[68.584s][info][gc,phases   ] GC(456) Concurrent Mark 77.816ms
[68.585s][info][gc,phases   ] GC(456) Pause Mark End 0.027ms
[68.585s][info][gc,phases   ] GC(456) Concurrent Mark Free 0.001ms
[68.587s][info][gc,phases   ] GC(456) Concurrent Process Non-Strong References 2.472ms
[68.587s][info][gc,phases   ] GC(456) Concurrent Reset Relocation Set 0.002ms
[68.591s][info][gc,phases   ] GC(456) Concurrent Select Relocation Set 3.737ms
[68.591s][info][gc,phases   ] GC(456) Pause Relocate Start 0.010ms
[68.596s][info][gc,phases   ] GC(456) Concurrent Relocate 4.859ms
[68.596s][info][gc,load     ] GC(456) Load: 0.00/0.00/0.00
[68.596s][info][gc,mmu      ] GC(456) MMU: 2ms/96.6%, 5ms/98.6%, 10ms/99.3%, 20ms/99.7%, 50ms/99.8%, 100ms/99.9%
[68.596s][info][gc,marking  ] GC(456) Mark: 4 stripe(s), 2 proactive flush(es), 1 terminate flush(es), 0 completion(s), 0 continuation(s) 
[68.596s][info][gc,marking  ] GC(456) Mark Stack Usage: 32M
[68.596s][info][gc,nmethod  ] GC(456) NMethods: 5221 registered, 2214 unregistered
[68.596s][info][gc,metaspace] GC(456) Metaspace: 59M used, 60M committed, 1088M reserved
[68.596s][info][gc,ref      ] GC(456) Soft: 3045 encountered, 0 discovered, 0 enqueued
[68.596s][info][gc,ref      ] GC(456) Weak: 5991 encountered, 336 discovered, 0 enqueued
[68.596s][info][gc,ref      ] GC(456) Final: 60 encountered, 0 discovered, 0 enqueued
[68.596s][info][gc,ref      ] GC(456) Phantom: 608 encountered, 378 discovered, 0 enqueued
[68.596s][info][gc,reloc    ] GC(456) Small Pages: 255 / 510M, Empty: 282M, Relocated: 4M, In-Place: 0
[68.596s][info][gc,reloc    ] GC(456) Medium Pages: 1 / 32M, Empty: 0M, Relocated: 0M, In-Place: 0
[68.596s][info][gc,reloc    ] GC(456) Large Pages: 2 / 12M, Empty: 0M, Relocated: 0M, In-Place: 0
[68.596s][info][gc,reloc    ] GC(456) Forwarding Usage: 2M
[68.596s][info][gc,heap     ] GC(456) Min Capacity: 8M(1%)
[68.596s][info][gc,heap     ] GC(456) Max Capacity: 1024M(100%)
[68.597s][info][gc,heap     ] GC(456) Soft Max Capacity: 1024M(100%)
[68.597s][info][gc,heap     ] GC(456)                Mark Start          Mark End        Relocate Start      Relocate End           High               Low         
[68.597s][info][gc,heap     ] GC(456)  Capacity:     1024M (100%)       1024M (100%)       1024M (100%)       1024M (100%)       1024M (100%)       1024M (100%)   
[68.597s][info][gc,heap     ] GC(456)      Free:      470M (46%)         300M (29%)         572M (56%)         578M (56%)         580M (57%)         296M (29%)    
[68.597s][info][gc,heap     ] GC(456)      Used:      554M (54%)         724M (71%)         452M (44%)         446M (44%)         728M (71%)         444M (43%)    
[68.597s][info][gc,heap     ] GC(456)      Live:         -               204M (20%)         204M (20%)         204M (20%)            -                  -          
[68.597s][info][gc,heap     ] GC(456) Allocated:         -               170M (17%)         180M (18%)         187M (18%)            -                  -          
[68.597s][info][gc,heap     ] GC(456)   Garbage:         -               349M (34%)          67M (7%)           53M (5%)             -                  -          
[68.597s][info][gc,heap     ] GC(456) Reclaimed:         -                  -               282M (28%)         295M (29%)            -                  -          
[68.597s][info][gc          ] GC(456) Garbage Collection (Allocation Rate) 554M(54%)->446M(44%)
[68.600s][info][gc,start    ] GC(457) Garbage Collection (Allocation Rate)
[68.600s][info][gc,task     ] GC(457) Using 7 workers
[68.600s][info][gc,phases   ] GC(457) Pause Mark Start 0.010ms
[68.662s][info][gc,phases   ] GC(457) Concurrent Mark 62.194ms
[68.663s][info][gc,phases   ] GC(457) Pause Mark End 0.024ms
[68.663s][info][gc,phases   ] GC(457) Concurrent Mark Free 0.001ms
[68.665s][info][gc,phases   ] GC(457) Concurrent Process Non-Strong References 2.384ms
[68.665s][info][gc,phases   ] GC(457) Concurrent Reset Relocation Set 0.002ms
[68.669s][info][gc,phases   ] GC(457) Concurrent Select Relocation Set 3.748ms
[68.669s][info][gc,phases   ] GC(457) Pause Relocate Start 0.004ms
[68.672s][info][gc,phases   ] GC(457) Concurrent Relocate 2.791ms
[68.672s][info][gc,load     ] GC(457) Load: 0.00/0.00/0.00
[68.672s][info][gc,mmu      ] GC(457) MMU: 2ms/96.6%, 5ms/98.6%, 10ms/99.3%, 20ms/99.7%, 50ms/99.8%, 100ms/99.9%
[68.672s][info][gc,marking  ] GC(457) Mark: 4 stripe(s), 2 proactive flush(es), 1 terminate flush(es), 0 completion(s), 0 continuation(s) 
[68.672s][info][gc,marking  ] GC(457) Mark Stack Usage: 32M
[68.672s][info][gc,nmethod  ] GC(457) NMethods: 5221 registered, 2214 unregistered
[68.672s][info][gc,metaspace] GC(457) Metaspace: 59M used, 60M committed, 1088M reserved
[68.672s][info][gc,ref      ] GC(457) Soft: 3045 encountered, 0 discovered, 0 enqueued
[68.672s][info][gc,ref      ] GC(457) Weak: 5991 encountered, 2744 discovered, 0 enqueued
[68.672s][info][gc,ref      ] GC(457) Final: 60 encountered, 5 discovered, 0 enqueued
[68.672s][info][gc,ref      ] GC(457) Phantom: 608 encountered, 413 discovered, 0 enqueued
[68.672s][info][gc,reloc    ] GC(457) Small Pages: 204 / 408M, Empty: 184M, Relocated: 4M, In-Place: 0
[68.672s][info][gc,reloc    ] GC(457) Medium Pages: 1 / 32M, Empty: 0M, Relocated: 0M, In-Place: 0
[68.672s][info][gc,reloc    ] GC(457) Large Pages: 2 / 12M, Empty: 0M, Relocated: 0M, In-Place: 0
[68.672s][info][gc,reloc    ] GC(457) Forwarding Usage: 2M
[68.672s][info][gc,heap     ] GC(457) Min Capacity: 8M(1%)
[68.672s][info][gc,heap     ] GC(457) Max Capacity: 1024M(100%)
[68.672s][info][gc,heap     ] GC(457) Soft Max Capacity: 1024M(100%)
[68.672s][info][gc,heap     ] GC(457)                Mark Start          Mark End        Relocate Start      Relocate End           High               Low         
[68.672s][info][gc,heap     ] GC(457)  Capacity:     1024M (100%)       1024M (100%)       1024M (100%)       1024M (100%)       1024M (100%)       1024M (100%)   
[68.672s][info][gc,heap     ] GC(457)      Free:      572M (56%)         404M (39%)         570M (56%)         574M (56%)         574M (56%)         398M (39%)    
[68.672s][info][gc,heap     ] GC(457)      Used:      452M (44%)         620M (61%)         454M (44%)         450M (44%)         626M (61%)         450M (44%)    
[68.673s][info][gc,heap     ] GC(457)      Live:         -               204M (20%)         204M (20%)         204M (20%)            -                  -          
[68.673s][info][gc,heap     ] GC(457) Allocated:         -               168M (16%)         186M (18%)         191M (19%)            -                  -          
[68.673s][info][gc,heap     ] GC(457)   Garbage:         -               247M (24%)          63M (6%)           53M (5%)             -                  -          
[68.673s][info][gc,heap     ] GC(457) Reclaimed:         -                  -               184M (18%)         193M (19%)            -                  -          
[68.673s][info][gc          ] GC(457) Garbage Collection (Allocation Rate) 452M(44%)->450M(44%)
[68.694s][info][gc,start    ] GC(458) Garbage Collection (Allocation Rate)
[68.694s][info][gc,task     ] GC(458) Using 7 workers
[68.694s][info][gc,phases   ] GC(458) Pause Mark Start 0.010ms
[68.756s][info][gc,phases   ] GC(458) Concurrent Mark 62.204ms
[68.756s][info][gc,phases   ] GC(458) Pause Mark End 0.028ms
[68.756s][info][gc,phases   ] GC(458) Concurrent Mark Free 0.001ms
[68.759s][info][gc,phases   ] GC(458) Concurrent Process Non-Strong References 2.164ms
[68.759s][info][gc,phases   ] GC(458) Concurrent Reset Relocation Set 0.002ms
[68.766s][info][gc,phases   ] GC(458) Concurrent Select Relocation Set 6.861ms
[68.766s][info][gc,phases   ] GC(458) Pause Relocate Start 0.008ms
[68.769s][info][gc,phases   ] GC(458) Concurrent Relocate 3.011ms
[68.769s][info][gc,load     ] GC(458) Load: 0.00/0.00/0.00
[68.769s][info][gc,mmu      ] GC(458) MMU: 2ms/96.6%, 5ms/98.6%, 10ms/99.3%, 20ms/99.7%, 50ms/99.8%, 100ms/99.9%
[68.769s][info][gc,marking  ] GC(458) Mark: 4 stripe(s), 2 proactive flush(es), 1 terminate flush(es), 0 completion(s), 0 continuation(s) 
[68.769s][info][gc,marking  ] GC(458) Mark Stack Usage: 32M
[68.769s][info][gc,nmethod  ] GC(458) NMethods: 5221 registered, 2214 unregistered
[68.769s][info][gc,metaspace] GC(458) Metaspace: 59M used, 60M committed, 1088M reserved
[68.769s][info][gc,ref      ] GC(458) Soft: 3045 encountered, 0 discovered, 0 enqueued
[68.769s][info][gc,ref      ] GC(458) Weak: 5991 encountered, 2572 discovered, 0 enqueued
[68.769s][info][gc,ref      ] GC(458) Final: 60 encountered, 0 discovered, 0 enqueued
[68.769s][info][gc,ref      ] GC(458) Phantom: 608 encountered, 476 discovered, 0 enqueued
[68.769s][info][gc,reloc    ] GC(458) Small Pages: 231 / 462M, Empty: 236M, Relocated: 4M, In-Place: 0
[68.769s][info][gc,reloc    ] GC(458) Medium Pages: 1 / 32M, Empty: 0M, Relocated: 0M, In-Place: 0
[68.769s][info][gc,reloc    ] GC(458) Large Pages: 2 / 12M, Empty: 0M, Relocated: 0M, In-Place: 0
[68.769s][info][gc,reloc    ] GC(458) Forwarding Usage: 2M
[68.769s][info][gc,heap     ] GC(458) Min Capacity: 8M(1%)
[68.769s][info][gc,heap     ] GC(458) Max Capacity: 1024M(100%)
[68.769s][info][gc,heap     ] GC(458) Soft Max Capacity: 1024M(100%)
[68.769s][info][gc,heap     ] GC(458)                Mark Start          Mark End        Relocate Start      Relocate End           High               Low         
[68.769s][info][gc,heap     ] GC(458)  Capacity:     1024M (100%)       1024M (100%)       1024M (100%)       1024M (100%)       1024M (100%)       1024M (100%)   
[68.769s][info][gc,heap     ] GC(458)      Free:      518M (51%)         360M (35%)         570M (56%)         574M (56%)         580M (57%)         354M (35%)    
[68.769s][info][gc,heap     ] GC(458)      Used:      506M (49%)         664M (65%)         454M (44%)         450M (44%)         670M (65%)         444M (43%)    
[68.769s][info][gc,heap     ] GC(458)      Live:         -               204M (20%)         204M (20%)         204M (20%)            -                  -          
[68.769s][info][gc,heap     ] GC(458) Allocated:         -               158M (15%)         184M (18%)         191M (19%)            -                  -          
[68.769s][info][gc,heap     ] GC(458)   Garbage:         -               301M (29%)          65M (6%)           53M (5%)             -                  -          
[68.770s][info][gc,heap     ] GC(458) Reclaimed:         -                  -               236M (23%)         247M (24%)            -                  -          
[68.770s][info][gc          ] GC(458) Garbage Collection (Allocation Rate) 506M(49%)->450M(44%)
[68.793s][info][gc,start    ] GC(459) Garbage Collection (Allocation Rate)
[68.793s][info][gc,task     ] GC(459) Using 7 workers
[68.794s][info][gc,phases   ] GC(459) Pause Mark Start 0.015ms
[68.868s][info][gc,phases   ] GC(459) Concurrent Mark 74.755ms
[68.869s][info][gc,phases   ] GC(459) Pause Mark End 0.029ms
[68.869s][info][gc,phases   ] GC(459) Concurrent Mark Free 0.001ms
[68.871s][info][gc,phases   ] GC(459) Concurrent Process Non-Strong References 2.357ms
[68.871s][info][gc,phases   ] GC(459) Concurrent Reset Relocation Set 0.002ms
[68.875s][info][gc,phases   ] GC(459) Concurrent Select Relocation Set 3.946ms
[68.875s][info][gc,phases   ] GC(459) Pause Relocate Start 0.009ms
[68.877s][info][gc,phases   ] GC(459) Concurrent Relocate 1.863ms
[68.877s][info][gc,load     ] GC(459) Load: 0.00/0.00/0.00
[68.877s][info][gc,mmu      ] GC(459) MMU: 2ms/96.6%, 5ms/98.6%, 10ms/99.3%, 20ms/99.7%, 50ms/99.8%, 100ms/99.9%
[68.877s][info][gc,marking  ] GC(459) Mark: 4 stripe(s), 2 proactive flush(es), 1 terminate flush(es), 0 completion(s), 0 continuation(s) 
[68.877s][info][gc,marking  ] GC(459) Mark Stack Usage: 32M
[68.877s][info][gc,nmethod  ] GC(459) NMethods: 5252 registered, 2214 unregistered
[68.877s][info][gc,metaspace] GC(459) Metaspace: 59M used, 60M committed, 1088M reserved
[68.877s][info][gc,ref      ] GC(459) Soft: 3045 encountered, 0 discovered, 0 enqueued
[68.877s][info][gc,ref      ] GC(459) Weak: 5989 encountered, 2721 discovered, 0 enqueued
[68.877s][info][gc,ref      ] GC(459) Final: 60 encountered, 0 discovered, 0 enqueued
[68.877s][info][gc,ref      ] GC(459) Phantom: 608 encountered, 441 discovered, 0 enqueued
[68.878s][info][gc,reloc    ] GC(459) Small Pages: 237 / 474M, Empty: 248M, Relocated: 3M, In-Place: 0
[68.878s][info][gc,reloc    ] GC(459) Medium Pages: 1 / 32M, Empty: 0M, Relocated: 0M, In-Place: 0
[68.878s][info][gc,reloc    ] GC(459) Large Pages: 2 / 12M, Empty: 0M, Relocated: 0M, In-Place: 0
[68.878s][info][gc,reloc    ] GC(459) Forwarding Usage: 1M
[68.878s][info][gc,heap     ] GC(459) Min Capacity: 8M(1%)
[68.878s][info][gc,heap     ] GC(459) Max Capacity: 1024M(100%)
[68.878s][info][gc,heap     ] GC(459) Soft Max Capacity: 1024M(100%)
[68.878s][info][gc,heap     ] GC(459)                Mark Start          Mark End        Relocate Start      Relocate End           High               Low         
[68.878s][info][gc,heap     ] GC(459)  Capacity:     1024M (100%)       1024M (100%)       1024M (100%)       1024M (100%)       1024M (100%)       1024M (100%)   
[68.878s][info][gc,heap     ] GC(459)      Free:      506M (49%)         342M (33%)         588M (57%)         598M (58%)         598M (58%)         342M (33%)    
[68.878s][info][gc,heap     ] GC(459)      Used:      518M (51%)         682M (67%)         436M (43%)         426M (42%)         682M (67%)         426M (42%)    
[68.878s][info][gc,heap     ] GC(459)      Live:         -               204M (20%)         204M (20%)         204M (20%)            -                  -          
[68.878s][info][gc,heap     ] GC(459) Allocated:         -               164M (16%)         166M (16%)         166M (16%)            -                  -          
[68.878s][info][gc,heap     ] GC(459)   Garbage:         -               313M (31%)          65M (6%)           55M (5%)             -                  -          
[68.878s][info][gc,heap     ] GC(459) Reclaimed:         -                  -               248M (24%)         258M (25%)            -                  -          
[68.878s][info][gc          ] GC(459) Garbage Collection (Allocation Rate) 518M(51%)->426M(42%)
[68.886s][info][gc,start    ] GC(460) Garbage Collection (System.gc())
[68.886s][info][gc,task     ] GC(460) Using 10 workers
[68.886s][info][gc,phases   ] GC(460) Pause Mark Start 0.012ms
[68.947s][info][gc,phases   ] GC(460) Concurrent Mark 60.407ms
[68.947s][info][gc,phases   ] GC(460) Pause Mark End 0.033ms
[68.947s][info][gc,phases   ] GC(460) Concurrent Mark Free 0.001ms
[68.949s][info][gc,phases   ] GC(460) Concurrent Process Non-Strong References 1.889ms
[68.949s][info][gc,phases   ] GC(460) Concurrent Reset Relocation Set 0.001ms
[68.952s][info][gc,phases   ] GC(460) Concurrent Select Relocation Set 3.668ms
[68.953s][info][gc,phases   ] GC(460) Pause Relocate Start 0.007ms
[68.954s][info][gc,phases   ] GC(460) Concurrent Relocate 1.771ms
[68.954s][info][gc,load     ] GC(460) Load: 0.00/0.00/0.00
[68.954s][info][gc,mmu      ] GC(460) MMU: 2ms/96.6%, 5ms/98.6%, 10ms/99.3%, 20ms/99.7%, 50ms/99.8%, 100ms/99.9%
[68.954s][info][gc,marking  ] GC(460) Mark: 8 stripe(s), 1 proactive flush(es), 1 terminate flush(es), 0 completion(s), 0 continuation(s) 
[68.954s][info][gc,marking  ] GC(460) Mark Stack Usage: 32M
[68.954s][info][gc,nmethod  ] GC(460) NMethods: 5264 registered, 2216 unregistered
[68.954s][info][gc,metaspace] GC(460) Metaspace: 60M used, 60M committed, 1088M reserved
[68.954s][info][gc,ref      ] GC(460) Soft: 3043 encountered, 0 discovered, 0 enqueued
[68.955s][info][gc,ref      ] GC(460) Weak: 6059 encountered, 2195 discovered, 121 enqueued
[68.955s][info][gc,ref      ] GC(460) Final: 60 encountered, 4 discovered, 0 enqueued
[68.955s][info][gc,ref      ] GC(460) Phantom: 608 encountered, 439 discovered, 0 enqueued
[68.955s][info][gc,reloc    ] GC(460) Small Pages: 188 / 376M, Empty: 148M, Relocated: 3M, In-Place: 0
[68.955s][info][gc,reloc    ] GC(460) Medium Pages: 1 / 32M, Empty: 0M, Relocated: 0M, In-Place: 0
[68.955s][info][gc,reloc    ] GC(460) Large Pages: 3 / 18M, Empty: 6M, Relocated: 0M, In-Place: 0
[68.955s][info][gc,reloc    ] GC(460) Forwarding Usage: 1M
[68.955s][info][gc,heap     ] GC(460) Min Capacity: 8M(1%)
[68.955s][info][gc,heap     ] GC(460) Max Capacity: 1024M(100%)
[68.955s][info][gc,heap     ] GC(460) Soft Max Capacity: 1024M(100%)
[68.955s][info][gc,heap     ] GC(460)                Mark Start          Mark End        Relocate Start      Relocate End           High               Low         
[68.955s][info][gc,heap     ] GC(460)  Capacity:     1024M (100%)       1024M (100%)       1024M (100%)       1024M (100%)       1024M (100%)       1024M (100%)   
[68.955s][info][gc,heap     ] GC(460)      Free:      598M (58%)         596M (58%)         746M (73%)         752M (73%)         752M (73%)         596M (58%)    
[68.955s][info][gc,heap     ] GC(460)      Used:      426M (42%)         428M (42%)         278M (27%)         272M (27%)         428M (42%)         272M (27%)    
[68.955s][info][gc,heap     ] GC(460)      Live:         -               204M (20%)         204M (20%)         204M (20%)            -                  -          
[68.955s][info][gc,heap     ] GC(460) Allocated:         -                 2M (0%)            6M (1%)            6M (1%)             -                  -          
[68.955s][info][gc,heap     ] GC(460)   Garbage:         -               221M (22%)          67M (7%)           61M (6%)             -                  -          
[68.955s][info][gc,heap     ] GC(460) Reclaimed:         -                  -               154M (15%)         160M (16%)            -                  -          
[68.955s][info][gc          ] GC(460) Garbage Collection (System.gc()) 426M(42%)->272M(27%)
[69.103s][info][gc,start    ] GC(461) Garbage Collection (Allocation Rate)
[69.103s][info][gc,task     ] GC(461) Using 6 workers
[69.103s][info][gc,phases   ] GC(461) Pause Mark Start 0.017ms
[69.181s][info][gc,phases   ] GC(461) Concurrent Mark 77.675ms
[69.181s][info][gc,phases   ] GC(461) Pause Mark End 0.017ms
[69.181s][info][gc,phases   ] GC(461) Concurrent Mark Free 0.001ms
[69.184s][info][gc,phases   ] GC(461) Concurrent Process Non-Strong References 2.819ms
[69.184s][info][gc,phases   ] GC(461) Concurrent Reset Relocation Set 0.002ms
[69.191s][info][gc,phases   ] GC(461) Concurrent Select Relocation Set 6.787ms
[69.191s][info][gc,phases   ] GC(461) Pause Relocate Start 0.008ms
[69.194s][info][gc,phases   ] GC(461) Concurrent Relocate 2.985ms
[69.194s][info][gc,load     ] GC(461) Load: 0.00/0.00/0.00
[69.194s][info][gc,mmu      ] GC(461) MMU: 2ms/96.6%, 5ms/98.6%, 10ms/99.3%, 20ms/99.7%, 50ms/99.8%, 100ms/99.9%
[69.194s][info][gc,marking  ] GC(461) Mark: 4 stripe(s), 2 proactive flush(es), 1 terminate flush(es), 0 completion(s), 0 continuation(s) 
[69.194s][info][gc,marking  ] GC(461) Mark Stack Usage: 32M
[69.194s][info][gc,nmethod  ] GC(461) NMethods: 5309 registered, 2220 unregistered
[69.194s][info][gc,metaspace] GC(461) Metaspace: 60M used, 60M committed, 1088M reserved
[69.194s][info][gc,ref      ] GC(461) Soft: 3045 encountered, 0 discovered, 0 enqueued
[69.194s][info][gc,ref      ] GC(461) Weak: 6081 encountered, 509 discovered, 77 enqueued
[69.194s][info][gc,ref      ] GC(461) Final: 60 encountered, 0 discovered, 0 enqueued
[69.194s][info][gc,ref      ] GC(461) Phantom: 608 encountered, 440 discovered, 0 enqueued
[69.194s][info][gc,reloc    ] GC(461) Small Pages: 239 / 478M, Empty: 220M, Relocated: 5M, In-Place: 0
[69.194s][info][gc,reloc    ] GC(461) Medium Pages: 2 / 64M, Empty: 32M, Relocated: 0M, In-Place: 0
[69.194s][info][gc,reloc    ] GC(461) Large Pages: 4 / 24M, Empty: 12M, Relocated: 0M, In-Place: 0
[69.194s][info][gc,reloc    ] GC(461) Forwarding Usage: 2M
[69.194s][info][gc,heap     ] GC(461) Min Capacity: 8M(1%)
[69.194s][info][gc,heap     ] GC(461) Max Capacity: 1024M(100%)
[69.194s][info][gc,heap     ] GC(461) Soft Max Capacity: 1024M(100%)
[69.194s][info][gc,heap     ] GC(461)                Mark Start          Mark End        Relocate Start      Relocate End           High               Low         
[69.195s][info][gc,heap     ] GC(461)  Capacity:     1024M (100%)       1024M (100%)       1024M (100%)       1024M (100%)       1024M (100%)       1024M (100%)   
[69.195s][info][gc,heap     ] GC(461)      Free:      458M (45%)         190M (19%)         416M (41%)         452M (44%)         458M (45%)         180M (18%)    
[69.195s][info][gc,heap     ] GC(461)      Used:      566M (55%)         834M (81%)         608M (59%)         572M (56%)         844M (82%)         566M (55%)    
[69.195s][info][gc,heap     ] GC(461)      Live:         -               204M (20%)         204M (20%)         204M (20%)            -                  -          
[69.195s][info][gc,heap     ] GC(461) Allocated:         -               268M (26%)         306M (30%)         315M (31%)            -                  -          
[69.195s][info][gc,heap     ] GC(461)   Garbage:         -               361M (35%)          97M (10%)          51M (5%)             -                  -          
[69.195s][info][gc,heap     ] GC(461) Reclaimed:         -                  -               264M (26%)         309M (30%)            -                  -          
[69.195s][info][gc          ] GC(461) Garbage Collection (Allocation Rate) 566M(55%)->572M(56%)
[69.196s][info][gc,start    ] GC(462) Garbage Collection (Allocation Rate)
[69.196s][info][gc,task     ] GC(462) Using 6 workers
[69.197s][info][gc,phases   ] GC(462) Pause Mark Start 0.013ms
[69.275s][info][gc,phases   ] GC(462) Concurrent Mark 77.863ms
[69.275s][info][gc,phases   ] GC(462) Pause Mark End 0.018ms
[69.275s][info][gc,phases   ] GC(462) Concurrent Mark Free 0.001ms
[69.278s][info][gc,phases   ] GC(462) Concurrent Process Non-Strong References 3.161ms
[69.278s][info][gc,phases   ] GC(462) Concurrent Reset Relocation Set 0.004ms
[69.282s][info][gc,phases   ] GC(462) Concurrent Select Relocation Set 3.999ms
[69.282s][info][gc,phases   ] GC(462) Pause Relocate Start 0.010ms
[69.285s][info][gc,phases   ] GC(462) Concurrent Relocate 2.917ms
[69.285s][info][gc,load     ] GC(462) Load: 0.00/0.00/0.00
[69.285s][info][gc,mmu      ] GC(462) MMU: 2ms/96.6%, 5ms/98.6%, 10ms/99.3%, 20ms/99.7%, 50ms/99.8%, 100ms/99.9%
[69.285s][info][gc,marking  ] GC(462) Mark: 4 stripe(s), 2 proactive flush(es), 1 terminate flush(es), 0 completion(s), 0 continuation(s) 
[69.285s][info][gc,marking  ] GC(462) Mark Stack Usage: 32M
[69.285s][info][gc,nmethod  ] GC(462) NMethods: 5309 registered, 2220 unregistered
[69.285s][info][gc,metaspace] GC(462) Metaspace: 60M used, 60M committed, 1088M reserved
[69.285s][info][gc,ref      ] GC(462) Soft: 3045 encountered, 0 discovered, 0 enqueued
[69.286s][info][gc,ref      ] GC(462) Weak: 6003 encountered, 2935 discovered, 16 enqueued
[69.286s][info][gc,ref      ] GC(462) Final: 60 encountered, 7 discovered, 0 enqueued
[69.286s][info][gc,ref      ] GC(462) Phantom: 608 encountered, 425 discovered, 0 enqueued
[69.286s][info][gc,reloc    ] GC(462) Small Pages: 268 / 536M, Empty: 302M, Relocated: 3M, In-Place: 0
[69.286s][info][gc,reloc    ] GC(462) Medium Pages: 1 / 32M, Empty: 0M, Relocated: 0M, In-Place: 0
[69.286s][info][gc,reloc    ] GC(462) Large Pages: 2 / 12M, Empty: 0M, Relocated: 0M, In-Place: 0
[69.286s][info][gc,reloc    ] GC(462) Forwarding Usage: 1M
[69.286s][info][gc,heap     ] GC(462) Min Capacity: 8M(1%)
[69.286s][info][gc,heap     ] GC(462) Max Capacity: 1024M(100%)
[69.286s][info][gc,heap     ] GC(462) Soft Max Capacity: 1024M(100%)
[69.286s][info][gc,heap     ] GC(462)                Mark Start          Mark End        Relocate Start      Relocate End           High               Low         
[69.286s][info][gc,heap     ] GC(462)  Capacity:     1024M (100%)       1024M (100%)       1024M (100%)       1024M (100%)       1024M (100%)       1024M (100%)   
[69.286s][info][gc,heap     ] GC(462)      Free:      444M (43%)         176M (17%)         452M (44%)         466M (46%)         468M (46%)         164M (16%)    
[69.286s][info][gc,heap     ] GC(462)      Used:      580M (57%)         848M (83%)         572M (56%)         558M (54%)         860M (84%)         556M (54%)    
[69.286s][info][gc,heap     ] GC(462)      Live:         -               204M (20%)         204M (20%)         204M (20%)            -                  -          
[69.286s][info][gc,heap     ] GC(462) Allocated:         -               268M (26%)         294M (29%)         299M (29%)            -                  -          
[69.286s][info][gc,heap     ] GC(462)   Garbage:         -               375M (37%)          73M (7%)           53M (5%)             -                  -          
[69.286s][info][gc,heap     ] GC(462) Reclaimed:         -                  -               302M (29%)         321M (31%)            -                  -          
[69.286s][info][gc          ] GC(462) Garbage Collection (Allocation Rate) 580M(57%)->558M(54%)
[69.306s][info][gc,start    ] GC(463) Garbage Collection (Allocation Rate)
[69.306s][info][gc,task     ] GC(463) Using 6 workers
[69.306s][info][gc,phases   ] GC(463) Pause Mark Start 0.013ms
[69.384s][info][gc,phases   ] GC(463) Concurrent Mark 77.769ms
[69.384s][info][gc,phases   ] GC(463) Pause Mark End 0.025ms
[69.384s][info][gc,phases   ] GC(463) Concurrent Mark Free 0.001ms
[69.387s][info][gc,phases   ] GC(463) Concurrent Process Non-Strong References 2.760ms
[69.387s][info][gc,phases   ] GC(463) Concurrent Reset Relocation Set 0.002ms
[69.391s][info][gc,phases   ] GC(463) Concurrent Select Relocation Set 3.665ms
[69.391s][info][gc,phases   ] GC(463) Pause Relocate Start 0.011ms
[69.393s][info][gc,phases   ] GC(463) Concurrent Relocate 1.778ms
[69.393s][info][gc,load     ] GC(463) Load: 0.00/0.00/0.00
[69.393s][info][gc,mmu      ] GC(463) MMU: 2ms/96.6%, 5ms/98.6%, 10ms/99.3%, 20ms/99.7%, 50ms/99.8%, 100ms/99.9%
[69.393s][info][gc,marking  ] GC(463) Mark: 4 stripe(s), 2 proactive flush(es), 1 terminate flush(es), 0 completion(s), 0 continuation(s) 
[69.393s][info][gc,marking  ] GC(463) Mark Stack Usage: 32M
[69.393s][info][gc,nmethod  ] GC(463) NMethods: 5309 registered, 2220 unregistered
[69.393s][info][gc,metaspace] GC(463) Metaspace: 60M used, 60M committed, 1088M reserved
[69.393s][info][gc,ref      ] GC(463) Soft: 3045 encountered, 0 discovered, 0 enqueued
[69.393s][info][gc,ref      ] GC(463) Weak: 5987 encountered, 2876 discovered, 0 enqueued
[69.393s][info][gc,ref      ] GC(463) Final: 60 encountered, 6 discovered, 0 enqueued
[69.393s][info][gc,ref      ] GC(463) Phantom: 608 encountered, 376 discovered, 0 enqueued
[69.393s][info][gc,reloc    ] GC(463) Small Pages: 276 / 552M, Empty: 326M, Relocated: 3M, In-Place: 0
[69.393s][info][gc,reloc    ] GC(463) Medium Pages: 1 / 32M, Empty: 0M, Relocated: 0M, In-Place: 0
[69.393s][info][gc,reloc    ] GC(463) Large Pages: 2 / 12M, Empty: 0M, Relocated: 0M, In-Place: 0
[69.393s][info][gc,reloc    ] GC(463) Forwarding Usage: 1M
[69.393s][info][gc,heap     ] GC(463) Min Capacity: 8M(1%)
[69.393s][info][gc,heap     ] GC(463) Max Capacity: 1024M(100%)
[69.393s][info][gc,heap     ] GC(463) Soft Max Capacity: 1024M(100%)
[69.393s][info][gc,heap     ] GC(463)                Mark Start          Mark End        Relocate Start      Relocate End           High               Low         
[69.393s][info][gc,heap     ] GC(463)  Capacity:     1024M (100%)       1024M (100%)       1024M (100%)       1024M (100%)       1024M (100%)       1024M (100%)   
[69.393s][info][gc,heap     ] GC(463)      Free:      428M (42%)         284M (28%)         598M (58%)         604M (59%)         604M (59%)         278M (27%)    
[69.393s][info][gc,heap     ] GC(463)      Used:      596M (58%)         740M (72%)         426M (42%)         420M (41%)         746M (73%)         420M (41%)    
[69.393s][info][gc,heap     ] GC(463)      Live:         -               204M (20%)         204M (20%)         204M (20%)            -                  -          
[69.393s][info][gc,heap     ] GC(463) Allocated:         -               144M (14%)         156M (15%)         161M (16%)            -                  -          
[69.393s][info][gc,heap     ] GC(463)   Garbage:         -               391M (38%)          65M (6%)           53M (5%)             -                  -          
[69.393s][info][gc,heap     ] GC(463) Reclaimed:         -                  -               326M (32%)         337M (33%)            -                  -          
[69.394s][info][gc          ] GC(463) Garbage Collection (Allocation Rate) 596M(58%)->420M(41%)
[69.493s][info][gc,start    ] GC(464) Garbage Collection (Allocation Rate)
[69.493s][info][gc,task     ] GC(464) Using 8 workers
[69.493s][info][gc,phases   ] GC(464) Pause Mark Start 0.013ms
[69.556s][info][gc,phases   ] GC(464) Concurrent Mark 62.197ms
[69.556s][info][gc,phases   ] GC(464) Pause Mark End 0.021ms
[69.556s][info][gc,phases   ] GC(464) Concurrent Mark Free 0.001ms
[69.558s][info][gc,phases   ] GC(464) Concurrent Process Non-Strong References 2.206ms
[69.558s][info][gc,phases   ] GC(464) Concurrent Reset Relocation Set 0.002ms
[69.562s][info][gc,phases   ] GC(464) Concurrent Select Relocation Set 3.691ms
[69.562s][info][gc,phases   ] GC(464) Pause Relocate Start 0.007ms
[69.564s][info][gc,phases   ] GC(464) Concurrent Relocate 1.489ms
[69.564s][info][gc,load     ] GC(464) Load: 0.00/0.00/0.00
[69.564s][info][gc,mmu      ] GC(464) MMU: 2ms/96.6%, 5ms/98.6%, 10ms/99.3%, 20ms/99.7%, 50ms/99.8%, 100ms/99.9%
[69.564s][info][gc,marking  ] GC(464) Mark: 8 stripe(s), 2 proactive flush(es), 1 terminate flush(es), 0 completion(s), 0 continuation(s) 
[69.564s][info][gc,marking  ] GC(464) Mark Stack Usage: 32M
[69.564s][info][gc,nmethod  ] GC(464) NMethods: 5309 registered, 2220 unregistered
[69.564s][info][gc,metaspace] GC(464) Metaspace: 60M used, 60M committed, 1088M reserved
[69.564s][info][gc,ref      ] GC(464) Soft: 3045 encountered, 0 discovered, 0 enqueued
[69.564s][info][gc,ref      ] GC(464) Weak: 5987 encountered, 1654 discovered, 0 enqueued
[69.564s][info][gc,ref      ] GC(464) Final: 60 encountered, 54 discovered, 0 enqueued
[69.564s][info][gc,ref      ] GC(464) Phantom: 608 encountered, 412 discovered, 0 enqueued
[69.564s][info][gc,reloc    ] GC(464) Small Pages: 362 / 724M, Empty: 494M, Relocated: 3M, In-Place: 0
[69.564s][info][gc,reloc    ] GC(464) Medium Pages: 1 / 32M, Empty: 0M, Relocated: 0M, In-Place: 0
[69.564s][info][gc,reloc    ] GC(464) Large Pages: 2 / 12M, Empty: 0M, Relocated: 0M, In-Place: 0
[69.564s][info][gc,reloc    ] GC(464) Forwarding Usage: 1M
[69.564s][info][gc,heap     ] GC(464) Min Capacity: 8M(1%)
[69.564s][info][gc,heap     ] GC(464) Max Capacity: 1024M(100%)
[69.564s][info][gc,heap     ] GC(464) Soft Max Capacity: 1024M(100%)
[69.564s][info][gc,heap     ] GC(464)                Mark Start          Mark End        Relocate Start      Relocate End           High               Low         
[69.564s][info][gc,heap     ] GC(464)  Capacity:     1024M (100%)       1024M (100%)       1024M (100%)       1024M (100%)       1024M (100%)       1024M (100%)   
[69.564s][info][gc,heap     ] GC(464)      Free:      256M (25%)          58M (6%)          538M (53%)         546M (53%)         546M (53%)          54M (5%)     
[69.564s][info][gc,heap     ] GC(464)      Used:      768M (75%)         966M (94%)         486M (47%)         478M (47%)         970M (95%)         478M (47%)    
[69.564s][info][gc,heap     ] GC(464)      Live:         -               204M (20%)         204M (20%)         204M (20%)            -                  -          
[69.564s][info][gc,heap     ] GC(464) Allocated:         -               198M (19%)         212M (21%)         215M (21%)            -                  -          
[69.564s][info][gc,heap     ] GC(464)   Garbage:         -               563M (55%)          69M (7%)           57M (6%)             -                  -          
[69.564s][info][gc,heap     ] GC(464) Reclaimed:         -                  -               494M (48%)         505M (49%)            -                  -          
[69.564s][info][gc          ] GC(464) Garbage Collection (Allocation Rate) 768M(75%)->478M(47%)
[69.603s][info][gc,start    ] GC(465) Garbage Collection (Allocation Rate)
[69.603s][info][gc,task     ] GC(465) Using 8 workers
[69.603s][info][gc,phases   ] GC(465) Pause Mark Start 0.012ms
[69.665s][info][gc,phases   ] GC(465) Concurrent Mark 62.160ms
[69.665s][info][gc,phases   ] GC(465) Pause Mark End 0.017ms
[69.665s][info][gc,phases   ] GC(465) Concurrent Mark Free 0.001ms
[69.667s][info][gc,phases   ] GC(465) Concurrent Process Non-Strong References 2.025ms
[69.667s][info][gc,phases   ] GC(465) Concurrent Reset Relocation Set 0.002ms
[69.671s][info][gc,phases   ] GC(465) Concurrent Select Relocation Set 3.679ms
[69.671s][info][gc,phases   ] GC(465) Pause Relocate Start 0.008ms
[69.673s][info][gc,phases   ] GC(465) Concurrent Relocate 1.736ms
[69.673s][info][gc,load     ] GC(465) Load: 0.00/0.00/0.00
[69.673s][info][gc,mmu      ] GC(465) MMU: 2ms/96.6%, 5ms/98.6%, 10ms/99.3%, 20ms/99.7%, 50ms/99.8%, 100ms/99.9%
[69.673s][info][gc,marking  ] GC(465) Mark: 8 stripe(s), 2 proactive flush(es), 1 terminate flush(es), 0 completion(s), 0 continuation(s) 
[69.673s][info][gc,marking  ] GC(465) Mark Stack Usage: 32M
[69.673s][info][gc,nmethod  ] GC(465) NMethods: 5309 registered, 2220 unregistered
[69.673s][info][gc,metaspace] GC(465) Metaspace: 60M used, 60M committed, 1088M reserved
[69.673s][info][gc,ref      ] GC(465) Soft: 3045 encountered, 0 discovered, 0 enqueued
[69.673s][info][gc,ref      ] GC(465) Weak: 5987 encountered, 1085 discovered, 0 enqueued
[69.673s][info][gc,ref      ] GC(465) Final: 60 encountered, 0 discovered, 0 enqueued
[69.673s][info][gc,ref      ] GC(465) Phantom: 608 encountered, 470 discovered, 0 enqueued
[69.673s][info][gc,reloc    ] GC(465) Small Pages: 275 / 550M, Empty: 320M, Relocated: 3M, In-Place: 0
[69.673s][info][gc,reloc    ] GC(465) Medium Pages: 1 / 32M, Empty: 0M, Relocated: 0M, In-Place: 0
[69.673s][info][gc,reloc    ] GC(465) Large Pages: 2 / 12M, Empty: 0M, Relocated: 0M, In-Place: 0
[69.673s][info][gc,reloc    ] GC(465) Forwarding Usage: 1M
[69.673s][info][gc,heap     ] GC(465) Min Capacity: 8M(1%)
[69.673s][info][gc,heap     ] GC(465) Max Capacity: 1024M(100%)
[69.674s][info][gc,heap     ] GC(465) Soft Max Capacity: 1024M(100%)
[69.674s][info][gc,heap     ] GC(465)                Mark Start          Mark End        Relocate Start      Relocate End           High               Low         
[69.674s][info][gc,heap     ] GC(465)  Capacity:     1024M (100%)       1024M (100%)       1024M (100%)       1024M (100%)       1024M (100%)       1024M (100%)   
[69.674s][info][gc,heap     ] GC(465)      Free:      430M (42%)         244M (24%)         546M (53%)         554M (54%)         554M (54%)         238M (23%)    
[69.674s][info][gc,heap     ] GC(465)      Used:      594M (58%)         780M (76%)         478M (47%)         470M (46%)         786M (77%)         470M (46%)    
[69.674s][info][gc,heap     ] GC(465)      Live:         -               204M (20%)         204M (20%)         204M (20%)            -                  -          
[69.674s][info][gc,heap     ] GC(465) Allocated:         -               186M (18%)         204M (20%)         207M (20%)            -                  -          
[69.674s][info][gc,heap     ] GC(465)   Garbage:         -               389M (38%)          69M (7%)           57M (6%)             -                  -          
[69.674s][info][gc,heap     ] GC(465) Reclaimed:         -                  -               320M (31%)         331M (32%)            -                  -          
[69.674s][info][gc          ] GC(465) Garbage Collection (Allocation Rate) 594M(58%)->470M(46%)
[69.696s][info][gc,start    ] GC(466) Garbage Collection (Allocation Rate)
[69.696s][info][gc,task     ] GC(466) Using 8 workers
[69.697s][info][gc,phases   ] GC(466) Pause Mark Start 0.010ms
[69.759s][info][gc,phases   ] GC(466) Concurrent Mark 62.216ms
[69.759s][info][gc,phases   ] GC(466) Pause Mark End 0.020ms
[69.759s][info][gc,phases   ] GC(466) Concurrent Mark Free 0.001ms
[69.761s][info][gc,phases   ] GC(466) Concurrent Process Non-Strong References 2.276ms
[69.761s][info][gc,phases   ] GC(466) Concurrent Reset Relocation Set 0.002ms
[69.765s][info][gc,phases   ] GC(466) Concurrent Select Relocation Set 3.656ms
[69.765s][info][gc,phases   ] GC(466) Pause Relocate Start 0.008ms
[69.767s][info][gc,phases   ] GC(466) Concurrent Relocate 1.736ms
[69.767s][info][gc,load     ] GC(466) Load: 0.00/0.00/0.00
[69.767s][info][gc,mmu      ] GC(466) MMU: 2ms/96.6%, 5ms/98.6%, 10ms/99.3%, 20ms/99.7%, 50ms/99.8%, 100ms/99.9%
[69.767s][info][gc,marking  ] GC(466) Mark: 8 stripe(s), 2 proactive flush(es), 1 terminate flush(es), 0 completion(s), 0 continuation(s) 
[69.767s][info][gc,marking  ] GC(466) Mark Stack Usage: 32M
[69.767s][info][gc,nmethod  ] GC(466) NMethods: 5309 registered, 2220 unregistered
[69.767s][info][gc,metaspace] GC(466) Metaspace: 60M used, 60M committed, 1088M reserved
[69.767s][info][gc,ref      ] GC(466) Soft: 3045 encountered, 0 discovered, 0 enqueued
[69.767s][info][gc,ref      ] GC(466) Weak: 5987 encountered, 1889 discovered, 0 enqueued
[69.767s][info][gc,ref      ] GC(466) Final: 60 encountered, 55 discovered, 0 enqueued
[69.767s][info][gc,ref      ] GC(466) Phantom: 608 encountered, 416 discovered, 0 enqueued
[69.767s][info][gc,reloc    ] GC(466) Small Pages: 240 / 480M, Empty: 254M, Relocated: 3M, In-Place: 0
[69.767s][info][gc,reloc    ] GC(466) Medium Pages: 1 / 32M, Empty: 0M, Relocated: 0M, In-Place: 0
[69.767s][info][gc,reloc    ] GC(466) Large Pages: 2 / 12M, Empty: 0M, Relocated: 0M, In-Place: 0
[69.767s][info][gc,reloc    ] GC(466) Forwarding Usage: 1M
[69.767s][info][gc,heap     ] GC(466) Min Capacity: 8M(1%)
[69.767s][info][gc,heap     ] GC(466) Max Capacity: 1024M(100%)
[69.767s][info][gc,heap     ] GC(466) Soft Max Capacity: 1024M(100%)
[69.768s][info][gc,heap     ] GC(466)                Mark Start          Mark End        Relocate Start      Relocate End           High               Low         
[69.768s][info][gc,heap     ] GC(466)  Capacity:     1024M (100%)       1024M (100%)       1024M (100%)       1024M (100%)       1024M (100%)       1024M (100%)   
[69.768s][info][gc,heap     ] GC(466)      Free:      500M (49%)         352M (34%)         590M (58%)         592M (58%)         592M (58%)         346M (34%)    
[69.768s][info][gc,heap     ] GC(466)      Used:      524M (51%)         672M (66%)         434M (42%)         432M (42%)         678M (66%)         432M (42%)    
[69.768s][info][gc,heap     ] GC(466)      Live:         -               204M (20%)         204M (20%)         204M (20%)            -                  -          
[69.768s][info][gc,heap     ] GC(466) Allocated:         -               148M (14%)         164M (16%)         169M (17%)            -                  -          
[69.768s][info][gc,heap     ] GC(466)   Garbage:         -               319M (31%)          65M (6%)           57M (6%)             -                  -          
[69.768s][info][gc,heap     ] GC(466) Reclaimed:         -                  -               254M (25%)         261M (26%)            -                  -          
[69.768s][info][gc          ] GC(466) Garbage Collection (Allocation Rate) 524M(51%)->432M(42%)
[69.799s][info][gc,start    ] GC(467) Garbage Collection (Allocation Rate)
[69.799s][info][gc,task     ] GC(467) Using 8 workers
[69.799s][info][gc,phases   ] GC(467) Pause Mark Start 0.013ms
[69.862s][info][gc,phases   ] GC(467) Concurrent Mark 62.214ms
[69.862s][info][gc,phases   ] GC(467) Pause Mark End 0.023ms
[69.862s][info][gc,phases   ] GC(467) Concurrent Mark Free 0.001ms
[69.864s][info][gc,phases   ] GC(467) Concurrent Process Non-Strong References 2.251ms
[69.864s][info][gc,phases   ] GC(467) Concurrent Reset Relocation Set 0.002ms
[69.869s][info][gc,phases   ] GC(467) Concurrent Select Relocation Set 4.906ms
[69.869s][info][gc,phases   ] GC(467) Pause Relocate Start 0.008ms
[69.872s][info][gc,phases   ] GC(467) Concurrent Relocate 2.904ms
[69.872s][info][gc,load     ] GC(467) Load: 0.00/0.00/0.00
[69.872s][info][gc,mmu      ] GC(467) MMU: 2ms/96.6%, 5ms/98.6%, 10ms/99.3%, 20ms/99.7%, 50ms/99.8%, 100ms/99.9%
[69.872s][info][gc,marking  ] GC(467) Mark: 8 stripe(s), 2 proactive flush(es), 1 terminate flush(es), 0 completion(s), 0 continuation(s) 
[69.872s][info][gc,marking  ] GC(467) Mark Stack Usage: 32M
[69.872s][info][gc,nmethod  ] GC(467) NMethods: 5348 registered, 2223 unregistered
[69.872s][info][gc,metaspace] GC(467) Metaspace: 60M used, 60M committed, 1088M reserved
[69.872s][info][gc,ref      ] GC(467) Soft: 3043 encountered, 0 discovered, 0 enqueued
[69.872s][info][gc,ref      ] GC(467) Weak: 6048 encountered, 1174 discovered, 13 enqueued
[69.872s][info][gc,ref      ] GC(467) Final: 60 encountered, 1 discovered, 0 enqueued
[69.872s][info][gc,ref      ] GC(467) Phantom: 608 encountered, 598 discovered, 0 enqueued
[69.873s][info][gc,reloc    ] GC(467) Small Pages: 209 / 418M, Empty: 192M, Relocated: 3M, In-Place: 0
[69.873s][info][gc,reloc    ] GC(467) Medium Pages: 1 / 32M, Empty: 0M, Relocated: 0M, In-Place: 0
[69.873s][info][gc,reloc    ] GC(467) Large Pages: 3 / 18M, Empty: 6M, Relocated: 0M, In-Place: 0
[69.873s][info][gc,reloc    ] GC(467) Forwarding Usage: 1M
[69.873s][info][gc,heap     ] GC(467) Min Capacity: 8M(1%)
[69.873s][info][gc,heap     ] GC(467) Max Capacity: 1024M(100%)
[69.873s][info][gc,heap     ] GC(467) Soft Max Capacity: 1024M(100%)
[69.873s][info][gc,heap     ] GC(467)                Mark Start          Mark End        Relocate Start      Relocate End           High               Low         
[69.873s][info][gc,heap     ] GC(467)  Capacity:     1024M (100%)       1024M (100%)       1024M (100%)       1024M (100%)       1024M (100%)       1024M (100%)   
[69.873s][info][gc,heap     ] GC(467)      Free:      556M (54%)         554M (54%)         750M (73%)         758M (74%)         758M (74%)         554M (54%)    
[69.873s][info][gc,heap     ] GC(467)      Used:      468M (46%)         470M (46%)         274M (27%)         266M (26%)         470M (46%)         266M (26%)    
[69.873s][info][gc,heap     ] GC(467)      Live:         -               204M (20%)         204M (20%)         204M (20%)            -                  -          
[69.873s][info][gc,heap     ] GC(467) Allocated:         -                 2M (0%)            4M (0%)            4M (0%)             -                  -          
[69.873s][info][gc,heap     ] GC(467)   Garbage:         -               263M (26%)          65M (6%)           57M (6%)             -                  -          
[69.873s][info][gc,heap     ] GC(467) Reclaimed:         -                  -               198M (19%)         206M (20%)            -                  -          
[69.873s][info][gc          ] GC(467) Garbage Collection (Allocation Rate) 468M(46%)->266M(26%)
[69.873s][info][gc,start    ] GC(468) Garbage Collection (System.gc())
[69.873s][info][gc,task     ] GC(468) Using 10 workers
[69.873s][info][gc,phases   ] GC(468) Pause Mark Start 0.010ms
[69.924s][info][gc,phases   ] GC(468) Concurrent Mark 50.826ms
[69.924s][info][gc,phases   ] GC(468) Pause Mark End 0.030ms
[69.924s][info][gc,phases   ] GC(468) Concurrent Mark Free 0.001ms
[69.926s][info][gc,phases   ] GC(468) Concurrent Process Non-Strong References 1.710ms
[69.926s][info][gc,phases   ] GC(468) Concurrent Reset Relocation Set 0.002ms
[69.930s][info][gc,phases   ] GC(468) Concurrent Select Relocation Set 3.590ms
[69.930s][info][gc,phases   ] GC(468) Pause Relocate Start 0.009ms
[69.932s][info][gc,phases   ] GC(468) Concurrent Relocate 1.960ms
[69.932s][info][gc,load     ] GC(468) Load: 0.00/0.00/0.00
[69.932s][info][gc,mmu      ] GC(468) MMU: 2ms/96.6%, 5ms/98.6%, 10ms/99.3%, 20ms/99.7%, 50ms/99.8%, 100ms/99.9%
[69.932s][info][gc,marking  ] GC(468) Mark: 8 stripe(s), 1 proactive flush(es), 1 terminate flush(es), 0 completion(s), 0 continuation(s) 
[69.932s][info][gc,marking  ] GC(468) Mark Stack Usage: 32M
[69.932s][info][gc,nmethod  ] GC(468) NMethods: 5348 registered, 2223 unregistered
[69.932s][info][gc,metaspace] GC(468) Metaspace: 60M used, 60M committed, 1088M reserved
[69.932s][info][gc,ref      ] GC(468) Soft: 3043 encountered, 0 discovered, 0 enqueued
[69.932s][info][gc,ref      ] GC(468) Weak: 6038 encountered, 1516 discovered, 110 enqueued
[69.932s][info][gc,ref      ] GC(468) Final: 60 encountered, 56 discovered, 0 enqueued
[69.932s][info][gc,ref      ] GC(468) Phantom: 608 encountered, 340 discovered, 0 enqueued
[69.932s][info][gc,reloc    ] GC(468) Small Pages: 111 / 222M, Empty: 0M, Relocated: 3M, In-Place: 0
[69.932s][info][gc,reloc    ] GC(468) Medium Pages: 1 / 32M, Empty: 0M, Relocated: 0M, In-Place: 0
[69.932s][info][gc,reloc    ] GC(468) Large Pages: 2 / 12M, Empty: 0M, Relocated: 0M, In-Place: 0
[69.932s][info][gc,reloc    ] GC(468) Forwarding Usage: 1M
[69.932s][info][gc,heap     ] GC(468) Min Capacity: 8M(1%)
[69.932s][info][gc,heap     ] GC(468) Max Capacity: 1024M(100%)
[69.932s][info][gc,heap     ] GC(468) Soft Max Capacity: 1024M(100%)
[69.932s][info][gc,heap     ] GC(468)                Mark Start          Mark End        Relocate Start      Relocate End           High               Low         
[69.932s][info][gc,heap     ] GC(468)  Capacity:     1024M (100%)       1024M (100%)       1024M (100%)       1024M (100%)       1024M (100%)       1024M (100%)   
[69.932s][info][gc,heap     ] GC(468)      Free:      758M (74%)         758M (74%)         754M (74%)         754M (74%)         758M (74%)         734M (72%)    
[69.933s][info][gc,heap     ] GC(468)      Used:      266M (26%)         266M (26%)         270M (26%)         270M (26%)         290M (28%)         266M (26%)    
[69.933s][info][gc,heap     ] GC(468)      Live:         -               204M (20%)         204M (20%)         204M (20%)            -                  -          
[69.933s][info][gc,heap     ] GC(468) Allocated:         -                 0M (0%)            4M (0%)            4M (0%)             -                  -          
[69.933s][info][gc,heap     ] GC(468)   Garbage:         -                61M (6%)           61M (6%)           61M (6%)             -                  -          
[69.933s][info][gc,heap     ] GC(468) Reclaimed:         -                  -                 0M (0%)            0M (0%)             -                  -          
[69.933s][info][gc          ] GC(468) Garbage Collection (System.gc()) 266M(26%)->270M(26%)
[70.093s][info][gc,start    ] GC(469) Garbage Collection (Allocation Rate)
[70.093s][info][gc,stats    ] === Garbage Collection Statistics =======================================================================================================================
[70.093s][info][gc,task     ] GC(469) Using 5 workers
[70.093s][info][gc,stats    ]                                                              Last 10s              Last 10m              Last 10h                Total
[70.093s][info][gc,stats    ]                                                              Avg / Max             Avg / Max             Avg / Max             Avg / Max
[70.093s][info][gc,stats    ]   Collector: Garbage Collection Cycle                     75.221 / 95.901       76.490 / 325.572      76.490 / 325.572      76.490 / 325.572     ms
[70.093s][info][gc,stats    ]  Contention: Mark Segment Reset Contention                    38 / 50               29 / 57               29 / 57               29 / 57          ops/s
[70.093s][info][gc,phases   ] GC(469) Pause Mark Start 0.018ms
[70.093s][info][gc,stats    ]  Contention: Mark SeqNum Reset Contention                      1 / 6                 2 / 7                 2 / 7                 2 / 7           ops/s
[70.094s][info][gc,stats    ]    Critical: Allocation Stall                                  0 / 0                 0 / 5                 0 / 5                 0 / 5           ops/s
[70.094s][info][gc,stats    ]    Critical: Allocation Stall                              0.000 / 0.000        29.562 / 58.885       29.562 / 58.885       29.562 / 58.885      ms
[70.094s][info][gc,stats    ]    Critical: GC Locker Stall                                   0 / 1                 0 / 1                 0 / 1                 0 / 1           ops/s
[70.094s][info][gc,stats    ]    Critical: GC Locker Stall                               0.001 / 0.001         0.001 / 0.001         0.001 / 0.001         0.001 / 0.001       ms
[70.094s][info][gc,stats    ]    Critical: Relocation Stall                                  0 / 0                 0 / 0                 0 / 0                 0 / 0           ops/s
[70.094s][info][gc,stats    ]    Critical: Relocation Stall                              0.000 / 0.000         0.000 / 0.000         0.000 / 0.000         0.000 / 0.000       ms
[70.094s][info][gc,stats    ]      Memory: Allocation Rate                                2424 / 2738           1833 / 2738           1833 / 2738           1833 / 2738        MB/s
[70.094s][info][gc,stats    ]      Memory: Defragment                                        1 / 11                2 / 30                2 / 30                2 / 30          ops/s
[70.094s][info][gc,stats    ]      Memory: Out Of Memory                                     0 / 0                 0 / 0                 0 / 0                 0 / 0           ops/s
[70.094s][info][gc,stats    ]      Memory: Page Cache Flush                                  6 / 38                9 / 82                9 / 82                9 / 82          MB/s
[70.094s][info][gc,stats    ]      Memory: Page Cache Hit L1                              1256 / 1419            946 / 1419            946 / 1419            946 / 1419        ops/s
[70.094s][info][gc,stats    ]      Memory: Page Cache Hit L2                                 0 / 0                 0 / 0                 0 / 0                 0 / 0           ops/s
[70.094s][info][gc,stats    ]      Memory: Page Cache Hit L3                                 1 / 11                8 / 122               8 / 122               8 / 122         ops/s
[70.094s][info][gc,stats    ]      Memory: Page Cache Miss                                   0 / 2                 0 / 5                 0 / 5                 0 / 5           ops/s
[70.094s][info][gc,stats    ]      Memory: Uncommit                                          0 / 0                 0 / 0                 0 / 0                 0 / 0           MB/s
[70.094s][info][gc,stats    ]      Memory: Undo Object Allocation Failed                     0 / 3                 0 / 4                 0 / 4                 0 / 4           ops/s
[70.094s][info][gc,stats    ]      Memory: Undo Object Allocation Succeeded                  2 / 4                 2 / 11                2 / 11                2 / 11          ops/s
[70.094s][info][gc,stats    ]      Memory: Undo Page Allocation                             59 / 107              39 / 108              39 / 108              39 / 108         ops/s
[70.094s][info][gc,stats    ]       Phase: Concurrent Mark                              65.347 / 86.424       65.078 / 124.633      65.078 / 124.633      65.078 / 124.633     ms
[70.094s][info][gc,stats    ]       Phase: Concurrent Mark Continue                      0.000 / 0.000         0.000 / 0.000         0.000 / 0.000         0.000 / 0.000       ms
[70.094s][info][gc,stats    ]       Phase: Concurrent Mark Free                          0.001 / 0.002         0.001 / 0.004         0.001 / 0.004         0.001 / 0.004       ms
[70.094s][info][gc,stats    ]       Phase: Concurrent Process Non-Strong References      2.261 / 3.828         2.368 / 18.709        2.368 / 18.709        2.368 / 18.709      ms
[70.094s][info][gc,stats    ]       Phase: Concurrent Relocate                           2.430 / 4.916         3.061 / 32.034        3.061 / 32.034        3.061 / 32.034      ms
[70.094s][info][gc,stats    ]       Phase: Concurrent Reset Relocation Set               0.002 / 0.004         0.003 / 0.053         0.003 / 0.053         0.003 / 0.053       ms
[70.095s][info][gc,stats    ]       Phase: Concurrent Select Relocation Set              4.003 / 6.861         4.307 / 27.180        4.307 / 27.180        4.307 / 27.180      ms
[70.095s][info][gc,stats    ]       Phase: Pause Mark End                                0.024 / 0.038         0.024 / 0.048         0.024 / 0.048         0.024 / 0.048       ms
[70.095s][info][gc,stats    ]       Phase: Pause Mark Start                              0.012 / 0.019         0.013 / 0.069         0.013 / 0.069         0.013 / 0.069       ms
[70.095s][info][gc,stats    ]       Phase: Pause Relocate Start                          0.008 / 0.013         0.008 / 0.024         0.008 / 0.024         0.008 / 0.024       ms
[70.095s][info][gc,stats    ]    Subphase: Concurrent Classes Purge                      0.048 / 1.836         0.075 / 4.896         0.075 / 4.896         0.075 / 4.896       ms
[70.095s][info][gc,stats    ]    Subphase: Concurrent Classes Unlink                     1.590 / 2.330         1.715 / 15.033        1.715 / 15.033        1.715 / 15.033      ms
[70.095s][info][gc,stats    ]    Subphase: Concurrent Mark                              57.709 / 79.911       56.214 / 121.544      56.214 / 121.544      56.214 / 121.544     ms
[70.095s][info][gc,stats    ]    Subphase: Concurrent Mark Try Flush                     0.138 / 0.375         0.146 / 14.518        0.146 / 14.518        0.146 / 14.518      ms
[70.095s][info][gc,stats    ]    Subphase: Concurrent Mark Try Terminate                 7.449 / 16.332        7.388 / 16.649        7.388 / 16.649        7.388 / 16.649      ms
[70.095s][info][gc,stats    ]    Subphase: Concurrent References Enqueue                 0.001 / 0.005         0.002 / 0.005         0.002 / 0.005         0.002 / 0.005       ms
[70.095s][info][gc,stats    ]    Subphase: Concurrent References Process                 0.102 / 0.204         0.093 / 0.241         0.093 / 0.241         0.093 / 0.241       ms
[70.095s][info][gc,stats    ]    Subphase: Concurrent Roots ClassLoaderDataGraph         0.111 / 0.621         0.103 / 0.915         0.103 / 0.915         0.103 / 0.915       ms
[70.095s][info][gc,stats    ]    Subphase: Concurrent Roots CodeCache                    0.000 / 0.000         0.000 / 0.000         0.000 / 0.000         0.000 / 0.000       ms
[70.095s][info][gc,stats    ]    Subphase: Concurrent Roots JavaThreads                  5.041 / 6.486         6.326 / 25.474        6.326 / 25.474        6.326 / 25.474      ms
[70.095s][info][gc,stats    ]    Subphase: Concurrent Roots OopStorageSet                0.031 / 0.052         0.029 / 0.249         0.029 / 0.249         0.029 / 0.249       ms
[70.095s][info][gc,stats    ]    Subphase: Concurrent Weak Roots OopStorageSet           0.269 / 0.533         0.237 / 0.533         0.237 / 0.533         0.237 / 0.533       ms
[70.095s][info][gc,stats    ]    Subphase: Pause Mark Try Complete                       0.000 / 0.000         0.001 / 0.005         0.001 / 0.005         0.001 / 0.005       ms
[70.095s][info][gc,stats    ]      System: Java Threads                                    265 / 268             236 / 268             236 / 268             236 / 268         threads
[70.095s][info][gc,stats    ] =========================================================================================================================================================
[70.179s][info][gc,phases   ] GC(469) Concurrent Mark 84.987ms
[70.179s][info][gc,phases   ] GC(469) Pause Mark End 0.018ms
[70.179s][info][gc,phases   ] GC(469) Concurrent Mark Free 0.001ms
[70.182s][info][gc,phases   ] GC(469) Concurrent Process Non-Strong References 3.647ms
[70.183s][info][gc,phases   ] GC(469) Concurrent Reset Relocation Set 0.003ms
[70.189s][info][gc,phases   ] GC(469) Concurrent Select Relocation Set 6.362ms
[70.189s][info][gc,phases   ] GC(469) Pause Relocate Start 0.009ms
[70.192s][info][gc,phases   ] GC(469) Concurrent Relocate 3.408ms
[70.193s][info][gc,load     ] GC(469) Load: 0.00/0.00/0.00
[70.193s][info][gc,mmu      ] GC(469) MMU: 2ms/96.6%, 5ms/98.6%, 10ms/99.3%, 20ms/99.7%, 50ms/99.8%, 100ms/99.9%
[70.193s][info][gc,marking  ] GC(469) Mark: 4 stripe(s), 2 proactive flush(es), 1 terminate flush(es), 0 completion(s), 0 continuation(s) 
[70.193s][info][gc,marking  ] GC(469) Mark Stack Usage: 32M
[70.193s][info][gc,nmethod  ] GC(469) NMethods: 5358 registered, 2224 unregistered
[70.193s][info][gc,metaspace] GC(469) Metaspace: 60M used, 60M committed, 1088M reserved
[70.193s][info][gc,ref      ] GC(469) Soft: 3045 encountered, 0 discovered, 0 enqueued
[70.193s][info][gc,ref      ] GC(469) Weak: 6088 encountered, 3481 discovered, 74 enqueued
[70.193s][info][gc,ref      ] GC(469) Final: 60 encountered, 4 discovered, 0 enqueued
[70.193s][info][gc,ref      ] GC(469) Phantom: 608 encountered, 412 discovered, 0 enqueued
[70.193s][info][gc,reloc    ] GC(469) Small Pages: 254 / 508M, Empty: 256M, Relocated: 5M, In-Place: 0
[70.193s][info][gc,reloc    ] GC(469) Medium Pages: 2 / 64M, Empty: 32M, Relocated: 0M, In-Place: 0
[70.193s][info][gc,reloc    ] GC(469) Large Pages: 4 / 24M, Empty: 12M, Relocated: 0M, In-Place: 0
[70.193s][info][gc,reloc    ] GC(469) Forwarding Usage: 2M
[70.193s][info][gc,heap     ] GC(469) Min Capacity: 8M(1%)
[70.193s][info][gc,heap     ] GC(469) Max Capacity: 1024M(100%)
[70.193s][info][gc,heap     ] GC(469) Soft Max Capacity: 1024M(100%)
[70.193s][info][gc,heap     ] GC(469)                Mark Start          Mark End        Relocate Start      Relocate End           High               Low         
[70.193s][info][gc,heap     ] GC(469)  Capacity:     1024M (100%)       1024M (100%)       1024M (100%)       1024M (100%)       1024M (100%)       1024M (100%)   
[70.193s][info][gc,heap     ] GC(469)      Free:      428M (42%)         206M (20%)         470M (46%)         504M (49%)         504M (49%)         196M (19%)    
[70.193s][info][gc,heap     ] GC(469)      Used:      596M (58%)         818M (80%)         554M (54%)         520M (51%)         828M (81%)         520M (51%)    
[70.193s][info][gc,heap     ] GC(469)      Live:         -               204M (20%)         204M (20%)         204M (20%)            -                  -          
[70.193s][info][gc,heap     ] GC(469) Allocated:         -               222M (22%)         258M (25%)         265M (26%)            -                  -          
[70.193s][info][gc,heap     ] GC(469)   Garbage:         -               391M (38%)          91M (9%)           49M (5%)             -                  -          
[70.193s][info][gc,heap     ] GC(469) Reclaimed:         -                  -               300M (29%)         341M (33%)            -                  -          
[70.193s][info][gc          ] GC(469) Garbage Collection (Allocation Rate) 596M(58%)->520M(51%)
[70.194s][info][gc,start    ] GC(470) Garbage Collection (Allocation Rate)
[70.194s][info][gc,task     ] GC(470) Using 5 workers
[70.194s][info][gc,phases   ] GC(470) Pause Mark Start 0.008ms
[70.272s][info][gc,phases   ] GC(470) Concurrent Mark 77.806ms
[70.272s][info][gc,phases   ] GC(470) Pause Mark End 0.028ms
[70.272s][info][gc,phases   ] GC(470) Concurrent Mark Free 0.002ms
[70.276s][info][gc,phases   ] GC(470) Concurrent Process Non-Strong References 3.023ms
[70.276s][info][gc,phases   ] GC(470) Concurrent Reset Relocation Set 0.003ms
[70.280s][info][gc,phases   ] GC(470) Concurrent Select Relocation Set 3.910ms
[70.280s][info][gc,phases   ] GC(470) Pause Relocate Start 0.006ms
[70.282s][info][gc,phases   ] GC(470) Concurrent Relocate 2.103ms
[70.282s][info][gc,load     ] GC(470) Load: 0.00/0.00/0.00
[70.282s][info][gc,mmu      ] GC(470) MMU: 2ms/96.6%, 5ms/98.6%, 10ms/99.3%, 20ms/99.7%, 50ms/99.8%, 100ms/99.9%
[70.282s][info][gc,marking  ] GC(470) Mark: 4 stripe(s), 2 proactive flush(es), 1 terminate flush(es), 0 completion(s), 0 continuation(s) 
[70.282s][info][gc,marking  ] GC(470) Mark Stack Usage: 32M
[70.282s][info][gc,nmethod  ] GC(470) NMethods: 5358 registered, 2224 unregistered
[70.282s][info][gc,metaspace] GC(470) Metaspace: 60M used, 60M committed, 1088M reserved
[70.282s][info][gc,ref      ] GC(470) Soft: 3045 encountered, 0 discovered, 0 enqueued
[70.282s][info][gc,ref      ] GC(470) Weak: 6013 encountered, 3660 discovered, 19 enqueued
[70.282s][info][gc,ref      ] GC(470) Final: 60 encountered, 4 discovered, 0 enqueued
[70.282s][info][gc,ref      ] GC(470) Phantom: 608 encountered, 474 discovered, 0 enqueued
[70.282s][info][gc,reloc    ] GC(470) Small Pages: 240 / 480M, Empty: 248M, Relocated: 3M, In-Place: 0
[70.282s][info][gc,reloc    ] GC(470) Medium Pages: 1 / 32M, Empty: 0M, Relocated: 0M, In-Place: 0
[70.282s][info][gc,reloc    ] GC(470) Large Pages: 2 / 12M, Empty: 0M, Relocated: 0M, In-Place: 0
[70.282s][info][gc,reloc    ] GC(470) Forwarding Usage: 1M
[70.282s][info][gc,heap     ] GC(470) Min Capacity: 8M(1%)
[70.282s][info][gc,heap     ] GC(470) Max Capacity: 1024M(100%)
[70.283s][info][gc,heap     ] GC(470) Soft Max Capacity: 1024M(100%)
[70.283s][info][gc,heap     ] GC(470)                Mark Start          Mark End        Relocate Start      Relocate End           High               Low         
[70.283s][info][gc,heap     ] GC(470)  Capacity:     1024M (100%)       1024M (100%)       1024M (100%)       1024M (100%)       1024M (100%)       1024M (100%)   
[70.283s][info][gc,heap     ] GC(470)      Free:      500M (49%)         320M (31%)         556M (54%)         570M (56%)         570M (56%)         314M (31%)    
[70.283s][info][gc,heap     ] GC(470)      Used:      524M (51%)         704M (69%)         468M (46%)         454M (44%)         710M (69%)         454M (44%)    
[70.283s][info][gc,heap     ] GC(470)      Live:         -               204M (20%)         204M (20%)         204M (20%)            -                  -          
[70.283s][info][gc,heap     ] GC(470) Allocated:         -               180M (18%)         192M (19%)         197M (19%)            -                  -          
[70.283s][info][gc,heap     ] GC(470)   Garbage:         -               319M (31%)          71M (7%)           51M (5%)             -                  -          
[70.283s][info][gc,heap     ] GC(470) Reclaimed:         -                  -               248M (24%)         267M (26%)            -                  -          
[70.283s][info][gc          ] GC(470) Garbage Collection (Allocation Rate) 524M(51%)->454M(44%)
[70.304s][info][gc,start    ] GC(471) Garbage Collection (Allocation Rate)
[70.304s][info][gc,task     ] GC(471) Using 5 workers
[70.304s][info][gc,phases   ] GC(471) Pause Mark Start 0.010ms
[70.382s][info][gc,phases   ] GC(471) Concurrent Mark 77.771ms
[70.382s][info][gc,phases   ] GC(471) Pause Mark End 0.018ms
[70.382s][info][gc,phases   ] GC(471) Concurrent Mark Free 0.001ms
[70.385s][info][gc,phases   ] GC(471) Concurrent Process Non-Strong References 3.487ms
[70.385s][info][gc,phases   ] GC(471) Concurrent Reset Relocation Set 0.002ms
[70.389s][info][gc,phases   ] GC(471) Concurrent Select Relocation Set 3.626ms
[70.389s][info][gc,phases   ] GC(471) Pause Relocate Start 0.006ms
[70.392s][info][gc,phases   ] GC(471) Concurrent Relocate 2.916ms
[70.392s][info][gc,load     ] GC(471) Load: 0.00/0.00/0.00
[70.392s][info][gc,mmu      ] GC(471) MMU: 2ms/96.6%, 5ms/98.6%, 10ms/99.3%, 20ms/99.7%, 50ms/99.8%, 100ms/99.9%
[70.392s][info][gc,marking  ] GC(471) Mark: 4 stripe(s), 2 proactive flush(es), 1 terminate flush(es), 0 completion(s), 0 continuation(s) 
[70.392s][info][gc,marking  ] GC(471) Mark Stack Usage: 32M
[70.392s][info][gc,nmethod  ] GC(471) NMethods: 5358 registered, 2224 unregistered
[70.393s][info][gc,metaspace] GC(471) Metaspace: 60M used, 60M committed, 1088M reserved
[70.393s][info][gc,ref      ] GC(471) Soft: 3045 encountered, 0 discovered, 0 enqueued
[70.393s][info][gc,ref      ] GC(471) Weak: 5994 encountered, 3456 discovered, 0 enqueued
[70.393s][info][gc,ref      ] GC(471) Final: 60 encountered, 0 discovered, 0 enqueued
[70.393s][info][gc,ref      ] GC(471) Phantom: 608 encountered, 426 discovered, 0 enqueued
[70.393s][info][gc,reloc    ] GC(471) Small Pages: 235 / 470M, Empty: 246M, Relocated: 3M, In-Place: 0
[70.393s][info][gc,reloc    ] GC(471) Medium Pages: 1 / 32M, Empty: 0M, Relocated: 0M, In-Place: 0
[70.393s][info][gc,reloc    ] GC(471) Large Pages: 2 / 12M, Empty: 0M, Relocated: 0M, In-Place: 0
[70.393s][info][gc,reloc    ] GC(471) Forwarding Usage: 1M
[70.393s][info][gc,heap     ] GC(471) Min Capacity: 8M(1%)
[70.393s][info][gc,heap     ] GC(471) Max Capacity: 1024M(100%)
[70.393s][info][gc,heap     ] GC(471) Soft Max Capacity: 1024M(100%)
[70.393s][info][gc,heap     ] GC(471)                Mark Start          Mark End        Relocate Start      Relocate End           High               Low         
[70.393s][info][gc,heap     ] GC(471)  Capacity:     1024M (100%)       1024M (100%)       1024M (100%)       1024M (100%)       1024M (100%)       1024M (100%)   
[70.393s][info][gc,heap     ] GC(471)      Free:      510M (50%)         290M (28%)         514M (50%)         520M (51%)         520M (51%)         278M (27%)    
[70.393s][info][gc,heap     ] GC(471)      Used:      514M (50%)         734M (72%)         510M (50%)         504M (49%)         746M (73%)         504M (49%)    
[70.393s][info][gc,heap     ] GC(471)      Live:         -               204M (20%)         204M (20%)         204M (20%)            -                  -          
[70.393s][info][gc,heap     ] GC(471) Allocated:         -               220M (21%)         242M (24%)         247M (24%)            -                  -          
[70.393s][info][gc,heap     ] GC(471)   Garbage:         -               309M (30%)          63M (6%)           51M (5%)             -                  -          
[70.393s][info][gc,heap     ] GC(471) Reclaimed:         -                  -               246M (24%)         257M (25%)            -                  -          
[70.393s][info][gc          ] GC(471) Garbage Collection (Allocation Rate) 514M(50%)->504M(49%)
[70.397s][info][gc,start    ] GC(472) Garbage Collection (Allocation Rate)
[70.397s][info][gc,task     ] GC(472) Using 5 workers
[70.397s][info][gc,phases   ] GC(472) Pause Mark Start 0.008ms
[70.475s][info][gc,phases   ] GC(472) Concurrent Mark 77.901ms
[70.476s][info][gc,phases   ] GC(472) Pause Mark End 0.024ms
[70.476s][info][gc,phases   ] GC(472) Concurrent Mark Free 0.001ms
[70.479s][info][gc,phases   ] GC(472) Concurrent Process Non-Strong References 3.629ms
[70.479s][info][gc,phases   ] GC(472) Concurrent Reset Relocation Set 0.002ms
[70.483s][info][gc,phases   ] GC(472) Concurrent Select Relocation Set 3.647ms
[70.483s][info][gc,phases   ] GC(472) Pause Relocate Start 0.011ms
[70.486s][info][gc,phases   ] GC(472) Concurrent Relocate 2.959ms
[70.486s][info][gc,load     ] GC(472) Load: 0.00/0.00/0.00
[70.486s][info][gc,mmu      ] GC(472) MMU: 2ms/96.6%, 5ms/98.6%, 10ms/99.3%, 20ms/99.7%, 50ms/99.8%, 100ms/99.9%
[70.486s][info][gc,marking  ] GC(472) Mark: 4 stripe(s), 2 proactive flush(es), 1 terminate flush(es), 0 completion(s), 0 continuation(s) 
[70.486s][info][gc,marking  ] GC(472) Mark Stack Usage: 32M
[70.486s][info][gc,nmethod  ] GC(472) NMethods: 5358 registered, 2224 unregistered
[70.486s][info][gc,metaspace] GC(472) Metaspace: 60M used, 60M committed, 1088M reserved
[70.487s][info][gc,ref      ] GC(472) Soft: 3045 encountered, 0 discovered, 0 enqueued
[70.487s][info][gc,ref      ] GC(472) Weak: 5994 encountered, 3284 discovered, 0 enqueued
[70.487s][info][gc,ref      ] GC(472) Final: 60 encountered, 5 discovered, 0 enqueued
[70.487s][info][gc,ref      ] GC(472) Phantom: 608 encountered, 403 discovered, 0 enqueued
[70.487s][info][gc,reloc    ] GC(472) Small Pages: 236 / 472M, Empty: 246M, Relocated: 3M, In-Place: 0
[70.487s][info][gc,reloc    ] GC(472) Medium Pages: 1 / 32M, Empty: 0M, Relocated: 0M, In-Place: 0
[70.487s][info][gc,reloc    ] GC(472) Large Pages: 2 / 12M, Empty: 0M, Relocated: 0M, In-Place: 0
[70.487s][info][gc,reloc    ] GC(472) Forwarding Usage: 1M
[70.487s][info][gc,heap     ] GC(472) Min Capacity: 8M(1%)
[70.487s][info][gc,heap     ] GC(472) Max Capacity: 1024M(100%)
[70.487s][info][gc,heap     ] GC(472) Soft Max Capacity: 1024M(100%)
[70.487s][info][gc,heap     ] GC(472)                Mark Start          Mark End        Relocate Start      Relocate End           High               Low         
[70.487s][info][gc,heap     ] GC(472)  Capacity:     1024M (100%)       1024M (100%)       1024M (100%)       1024M (100%)       1024M (100%)       1024M (100%)   
[70.487s][info][gc,heap     ] GC(472)      Free:      508M (50%)         336M (33%)         566M (55%)         574M (56%)         576M (56%)         328M (32%)    
[70.487s][info][gc,heap     ] GC(472)      Used:      516M (50%)         688M (67%)         458M (45%)         450M (44%)         696M (68%)         448M (44%)    
[70.487s][info][gc,heap     ] GC(472)      Live:         -               204M (20%)         204M (20%)         204M (20%)            -                  -          
[70.487s][info][gc,heap     ] GC(472) Allocated:         -               172M (17%)         188M (18%)         193M (19%)            -                  -          
[70.487s][info][gc,heap     ] GC(472)   Garbage:         -               311M (30%)          65M (6%)           51M (5%)             -                  -          
[70.487s][info][gc,heap     ] GC(472) Reclaimed:         -                  -               246M (24%)         259M (25%)            -                  -          
[70.487s][info][gc          ] GC(472) Garbage Collection (Allocation Rate) 516M(50%)->450M(44%)
[70.507s][info][gc,start    ] GC(473) Garbage Collection (Allocation Rate)
[70.507s][info][gc,task     ] GC(473) Using 5 workers
[70.507s][info][gc,phases   ] GC(473) Pause Mark Start 0.013ms
[70.600s][info][gc,phases   ] GC(473) Concurrent Mark 93.413ms
[70.601s][info][gc,phases   ] GC(473) Pause Mark End 0.025ms
[70.601s][info][gc,phases   ] GC(473) Concurrent Mark Free 0.001ms
[70.604s][info][gc,phases   ] GC(473) Concurrent Process Non-Strong References 3.825ms
[70.604s][info][gc,phases   ] GC(473) Concurrent Reset Relocation Set 0.002ms
[70.608s][info][gc,phases   ] GC(473) Concurrent Select Relocation Set 3.633ms
[70.608s][info][gc,phases   ] GC(473) Pause Relocate Start 0.007ms
[70.611s][info][gc,phases   ] GC(473) Concurrent Relocate 2.184ms
[70.611s][info][gc,load     ] GC(473) Load: 0.00/0.00/0.00
[70.611s][info][gc,mmu      ] GC(473) MMU: 2ms/96.6%, 5ms/98.6%, 10ms/99.3%, 20ms/99.7%, 50ms/99.8%, 100ms/99.9%
[70.611s][info][gc,marking  ] GC(473) Mark: 4 stripe(s), 2 proactive flush(es), 1 terminate flush(es), 0 completion(s), 0 continuation(s) 
[70.611s][info][gc,marking  ] GC(473) Mark Stack Usage: 32M
[70.611s][info][gc,nmethod  ] GC(473) NMethods: 5358 registered, 2224 unregistered
[70.611s][info][gc,metaspace] GC(473) Metaspace: 60M used, 60M committed, 1088M reserved
[70.611s][info][gc,ref      ] GC(473) Soft: 3045 encountered, 0 discovered, 0 enqueued
[70.611s][info][gc,ref      ] GC(473) Weak: 5994 encountered, 649 discovered, 0 enqueued
[70.611s][info][gc,ref      ] GC(473) Final: 60 encountered, 1 discovered, 0 enqueued
[70.611s][info][gc,ref      ] GC(473) Phantom: 608 encountered, 426 discovered, 0 enqueued
[70.611s][info][gc,reloc    ] GC(473) Small Pages: 226 / 452M, Empty: 226M, Relocated: 3M, In-Place: 0
[70.611s][info][gc,reloc    ] GC(473) Medium Pages: 1 / 32M, Empty: 0M, Relocated: 0M, In-Place: 0
[70.611s][info][gc,reloc    ] GC(473) Large Pages: 2 / 12M, Empty: 0M, Relocated: 0M, In-Place: 0
[70.611s][info][gc,reloc    ] GC(473) Forwarding Usage: 1M
[70.611s][info][gc,heap     ] GC(473) Min Capacity: 8M(1%)
[70.611s][info][gc,heap     ] GC(473) Max Capacity: 1024M(100%)
[70.611s][info][gc,heap     ] GC(473) Soft Max Capacity: 1024M(100%)
[70.611s][info][gc,heap     ] GC(473)                Mark Start          Mark End        Relocate Start      Relocate End           High               Low         
[70.611s][info][gc,heap     ] GC(473)  Capacity:     1024M (100%)       1024M (100%)       1024M (100%)       1024M (100%)       1024M (100%)       1024M (100%)   
[70.611s][info][gc,heap     ] GC(473)      Free:      528M (52%)         322M (31%)         532M (52%)         540M (53%)         540M (53%)         314M (31%)    
[70.611s][info][gc,heap     ] GC(473)      Used:      496M (48%)         702M (69%)         492M (48%)         484M (47%)         710M (69%)         484M (47%)    
[70.611s][info][gc,heap     ] GC(473)      Live:         -               204M (20%)         204M (20%)         204M (20%)            -                  -          
[70.611s][info][gc,heap     ] GC(473) Allocated:         -               206M (20%)         222M (22%)         227M (22%)            -                  -          
[70.611s][info][gc,heap     ] GC(473)   Garbage:         -               291M (28%)          65M (6%)           51M (5%)             -                  -          
[70.611s][info][gc,heap     ] GC(473) Reclaimed:         -                  -               226M (22%)         239M (23%)            -                  -          
[70.611s][info][gc          ] GC(473) Garbage Collection (Allocation Rate) 496M(48%)->484M(47%)
[70.694s][info][gc,start    ] GC(474) Garbage Collection (Allocation Rate)
[70.694s][info][gc,task     ] GC(474) Using 7 workers
[70.694s][info][gc,phases   ] GC(474) Pause Mark Start 0.012ms
[70.757s][info][gc,phases   ] GC(474) Concurrent Mark 62.197ms
[70.757s][info][gc,phases   ] GC(474) Pause Mark End 0.029ms
[70.757s][info][gc,phases   ] GC(474) Concurrent Mark Free 0.002ms
[70.759s][info][gc,phases   ] GC(474) Concurrent Process Non-Strong References 2.289ms
[70.759s][info][gc,phases   ] GC(474) Concurrent Reset Relocation Set 0.004ms
[70.763s][info][gc,phases   ] GC(474) Concurrent Select Relocation Set 3.662ms
[70.763s][info][gc,phases   ] GC(474) Pause Relocate Start 0.011ms
[70.765s][info][gc,phases   ] GC(474) Concurrent Relocate 1.695ms
[70.765s][info][gc,load     ] GC(474) Load: 0.00/0.00/0.00
[70.765s][info][gc,mmu      ] GC(474) MMU: 2ms/96.6%, 5ms/98.6%, 10ms/99.3%, 20ms/99.7%, 50ms/99.8%, 100ms/99.9%
[70.765s][info][gc,marking  ] GC(474) Mark: 4 stripe(s), 2 proactive flush(es), 1 terminate flush(es), 0 completion(s), 0 continuation(s) 
[70.765s][info][gc,marking  ] GC(474) Mark Stack Usage: 32M
[70.765s][info][gc,nmethod  ] GC(474) NMethods: 5358 registered, 2224 unregistered
[70.765s][info][gc,metaspace] GC(474) Metaspace: 60M used, 60M committed, 1088M reserved
[70.765s][info][gc,ref      ] GC(474) Soft: 3045 encountered, 0 discovered, 0 enqueued
[70.765s][info][gc,ref      ] GC(474) Weak: 5994 encountered, 2902 discovered, 0 enqueued
[70.765s][info][gc,ref      ] GC(474) Final: 60 encountered, 2 discovered, 0 enqueued
[70.765s][info][gc,ref      ] GC(474) Phantom: 608 encountered, 370 discovered, 0 enqueued
[70.765s][info][gc,reloc    ] GC(474) Small Pages: 314 / 628M, Empty: 402M, Relocated: 3M, In-Place: 0
[70.765s][info][gc,reloc    ] GC(474) Medium Pages: 1 / 32M, Empty: 0M, Relocated: 0M, In-Place: 0
[70.765s][info][gc,reloc    ] GC(474) Large Pages: 2 / 12M, Empty: 0M, Relocated: 0M, In-Place: 0
[70.765s][info][gc,reloc    ] GC(474) Forwarding Usage: 1M
[70.765s][info][gc,heap     ] GC(474) Min Capacity: 8M(1%)
[70.765s][info][gc,heap     ] GC(474) Max Capacity: 1024M(100%)
[70.765s][info][gc,heap     ] GC(474) Soft Max Capacity: 1024M(100%)
[70.765s][info][gc,heap     ] GC(474)                Mark Start          Mark End        Relocate Start      Relocate End           High               Low         
[70.765s][info][gc,heap     ] GC(474)  Capacity:     1024M (100%)       1024M (100%)       1024M (100%)       1024M (100%)       1024M (100%)       1024M (100%)   
[70.765s][info][gc,heap     ] GC(474)      Free:      352M (34%)         212M (21%)         600M (59%)         606M (59%)         606M (59%)         206M (20%)    
[70.765s][info][gc,heap     ] GC(474)      Used:      672M (66%)         812M (79%)         424M (41%)         418M (41%)         818M (80%)         418M (41%)    
[70.766s][info][gc,heap     ] GC(474)      Live:         -               204M (20%)         204M (20%)         204M (20%)            -                  -          
[70.766s][info][gc,heap     ] GC(474) Allocated:         -               140M (14%)         154M (15%)         157M (15%)            -                  -          
[70.766s][info][gc,heap     ] GC(474)   Garbage:         -               467M (46%)          65M (6%)           55M (5%)             -                  -          
[70.766s][info][gc,heap     ] GC(474) Reclaimed:         -                  -               402M (39%)         411M (40%)            -                  -          
[70.766s][info][gc          ] GC(474) Garbage Collection (Allocation Rate) 672M(66%)->418M(41%)
[70.803s][info][gc,start    ] GC(475) Garbage Collection (Allocation Rate)
[70.803s][info][gc,task     ] GC(475) Using 7 workers
[70.804s][info][gc,phases   ] GC(475) Pause Mark Start 0.015ms
[70.868s][info][gc,phases   ] GC(475) Concurrent Mark 64.558ms
[70.868s][info][gc,phases   ] GC(475) Pause Mark End 0.016ms
[70.868s][info][gc,phases   ] GC(475) Concurrent Mark Free 0.001ms
[70.871s][info][gc,phases   ] GC(475) Concurrent Process Non-Strong References 2.304ms
[70.871s][info][gc,phases   ] GC(475) Concurrent Reset Relocation Set 0.002ms
[70.874s][info][gc,phases   ] GC(475) Concurrent Select Relocation Set 3.640ms
[70.875s][info][gc,phases   ] GC(475) Pause Relocate Start 0.008ms
[70.876s][info][gc,phases   ] GC(475) Concurrent Relocate 1.727ms
[70.876s][info][gc,load     ] GC(475) Load: 0.00/0.00/0.00
[70.876s][info][gc,mmu      ] GC(475) MMU: 2ms/96.6%, 5ms/98.6%, 10ms/99.3%, 20ms/99.7%, 50ms/99.8%, 100ms/99.9%
[70.876s][info][gc,marking  ] GC(475) Mark: 4 stripe(s), 2 proactive flush(es), 1 terminate flush(es), 0 completion(s), 0 continuation(s) 
[70.876s][info][gc,marking  ] GC(475) Mark Stack Usage: 32M
[70.877s][info][gc,nmethod  ] GC(475) NMethods: 5358 registered, 2224 unregistered
[70.877s][info][gc,metaspace] GC(475) Metaspace: 60M used, 60M committed, 1088M reserved
[70.877s][info][gc,ref      ] GC(475) Soft: 3045 encountered, 0 discovered, 0 enqueued
[70.877s][info][gc,ref      ] GC(475) Weak: 5994 encountered, 3268 discovered, 0 enqueued
[70.877s][info][gc,ref      ] GC(475) Final: 60 encountered, 0 discovered, 0 enqueued
[70.877s][info][gc,ref      ] GC(475) Phantom: 608 encountered, 364 discovered, 0 enqueued
[70.877s][info][gc,reloc    ] GC(475) Small Pages: 227 / 454M, Empty: 226M, Relocated: 3M, In-Place: 0
[70.877s][info][gc,reloc    ] GC(475) Medium Pages: 1 / 32M, Empty: 0M, Relocated: 0M, In-Place: 0
[70.877s][info][gc,reloc    ] GC(475) Large Pages: 2 / 12M, Empty: 0M, Relocated: 0M, In-Place: 0
[70.877s][info][gc,reloc    ] GC(475) Forwarding Usage: 1M
[70.877s][info][gc,heap     ] GC(475) Min Capacity: 8M(1%)
[70.877s][info][gc,heap     ] GC(475) Max Capacity: 1024M(100%)
[70.877s][info][gc,heap     ] GC(475) Soft Max Capacity: 1024M(100%)
[70.877s][info][gc,heap     ] GC(475)                Mark Start          Mark End        Relocate Start      Relocate End           High               Low         
[70.877s][info][gc,heap     ] GC(475)  Capacity:     1024M (100%)       1024M (100%)       1024M (100%)       1024M (100%)       1024M (100%)       1024M (100%)   
[70.877s][info][gc,heap     ] GC(475)      Free:      526M (51%)         372M (36%)         584M (57%)         594M (58%)         594M (58%)         366M (36%)    
[70.877s][info][gc,heap     ] GC(475)      Used:      498M (49%)         652M (64%)         440M (43%)         430M (42%)         658M (64%)         430M (42%)    
[70.877s][info][gc,heap     ] GC(475)      Live:         -               204M (20%)         204M (20%)         204M (20%)            -                  -          
[70.877s][info][gc,heap     ] GC(475) Allocated:         -               154M (15%)         168M (16%)         171M (17%)            -                  -          
[70.877s][info][gc,heap     ] GC(475)   Garbage:         -               293M (29%)          67M (7%)           53M (5%)             -                  -          
[70.877s][info][gc,heap     ] GC(475) Reclaimed:         -                  -               226M (22%)         239M (23%)            -                  -          
[70.877s][info][gc          ] GC(475) Garbage Collection (Allocation Rate) 498M(49%)->430M(42%)
[70.963s][info][gc,start    ] GC(476) Garbage Collection (System.gc())
[70.963s][info][gc,task     ] GC(476) Using 10 workers
[70.963s][info][gc,phases   ] GC(476) Pause Mark Start 0.013ms
[71.023s][info][gc,phases   ] GC(476) Concurrent Mark 59.287ms
[71.023s][info][gc,phases   ] GC(476) Pause Mark End 0.019ms
[71.023s][info][gc,phases   ] GC(476) Concurrent Mark Free 0.001ms
[71.025s][info][gc,phases   ] GC(476) Concurrent Process Non-Strong References 1.786ms
[71.025s][info][gc,phases   ] GC(476) Concurrent Reset Relocation Set 0.002ms
[71.030s][info][gc,phases   ] GC(476) Concurrent Select Relocation Set 5.215ms
[71.030s][info][gc,phases   ] GC(476) Pause Relocate Start 0.008ms
[71.032s][info][gc,phases   ] GC(476) Concurrent Relocate 1.670ms
[71.032s][info][gc,load     ] GC(476) Load: 0.00/0.00/0.00
[71.032s][info][gc,mmu      ] GC(476) MMU: 2ms/96.6%, 5ms/98.6%, 10ms/99.3%, 20ms/99.7%, 50ms/99.8%, 100ms/99.9%
[71.032s][info][gc,marking  ] GC(476) Mark: 8 stripe(s), 2 proactive flush(es), 1 terminate flush(es), 0 completion(s), 0 continuation(s) 
[71.032s][info][gc,marking  ] GC(476) Mark Stack Usage: 32M
[71.032s][info][gc,nmethod  ] GC(476) NMethods: 5366 registered, 2225 unregistered
[71.032s][info][gc,metaspace] GC(476) Metaspace: 60M used, 60M committed, 1088M reserved
[71.032s][info][gc,ref      ] GC(476) Soft: 3043 encountered, 0 discovered, 0 enqueued
[71.032s][info][gc,ref      ] GC(476) Weak: 6059 encountered, 1198 discovered, 120 enqueued
[71.032s][info][gc,ref      ] GC(476) Final: 60 encountered, 1 discovered, 0 enqueued
[71.032s][info][gc,ref      ] GC(476) Phantom: 608 encountered, 584 discovered, 0 enqueued
[71.032s][info][gc,reloc    ] GC(476) Small Pages: 234 / 468M, Empty: 240M, Relocated: 3M, In-Place: 0
[71.032s][info][gc,reloc    ] GC(476) Medium Pages: 1 / 32M, Empty: 0M, Relocated: 0M, In-Place: 0
[71.032s][info][gc,reloc    ] GC(476) Large Pages: 3 / 18M, Empty: 6M, Relocated: 0M, In-Place: 0
[71.032s][info][gc,reloc    ] GC(476) Forwarding Usage: 1M
[71.032s][info][gc,heap     ] GC(476) Min Capacity: 8M(1%)
[71.032s][info][gc,heap     ] GC(476) Max Capacity: 1024M(100%)
[71.032s][info][gc,heap     ] GC(476) Soft Max Capacity: 1024M(100%)
[71.032s][info][gc,heap     ] GC(476)                Mark Start          Mark End        Relocate Start      Relocate End           High               Low         
[71.032s][info][gc,heap     ] GC(476)  Capacity:     1024M (100%)       1024M (100%)       1024M (100%)       1024M (100%)       1024M (100%)       1024M (100%)   
[71.032s][info][gc,heap     ] GC(476)      Free:      506M (49%)         506M (49%)         746M (73%)         752M (73%)         752M (73%)         504M (49%)    
[71.033s][info][gc,heap     ] GC(476)      Used:      518M (51%)         518M (51%)         278M (27%)         272M (27%)         520M (51%)         272M (27%)    
[71.033s][info][gc,heap     ] GC(476)      Live:         -               204M (20%)         204M (20%)         204M (20%)            -                  -          
[71.033s][info][gc,heap     ] GC(476) Allocated:         -                 0M (0%)            6M (1%)            6M (1%)             -                  -          
[71.033s][info][gc,heap     ] GC(476)   Garbage:         -               313M (31%)          67M (7%)           61M (6%)             -                  -          
[71.033s][info][gc,heap     ] GC(476) Reclaimed:         -                  -               246M (24%)         252M (25%)            -                  -          
[71.033s][info][gc          ] GC(476) Garbage Collection (System.gc()) 518M(51%)->272M(27%)
[71.195s][info][gc,start    ] GC(477) Garbage Collection (Allocation Rate)
[71.195s][info][gc,task     ] GC(477) Using 7 workers
[71.195s][info][gc,phases   ] GC(477) Pause Mark Start 0.014ms
[71.257s][info][gc,phases   ] GC(477) Concurrent Mark 62.068ms
[71.257s][info][gc,phases   ] GC(477) Pause Mark End 0.023ms
[71.257s][info][gc,phases   ] GC(477) Concurrent Mark Free 0.001ms
[71.260s][info][gc,phases   ] GC(477) Concurrent Process Non-Strong References 2.525ms
[71.260s][info][gc,phases   ] GC(477) Concurrent Reset Relocation Set 0.002ms
[71.265s][info][gc,phases   ] GC(477) Concurrent Select Relocation Set 5.454ms
[71.265s][info][gc,phases   ] GC(477) Pause Relocate Start 0.009ms
[71.268s][info][gc,phases   ] GC(477) Concurrent Relocate 2.906ms
[71.268s][info][gc,load     ] GC(477) Load: 0.00/0.00/0.00
[71.268s][info][gc,mmu      ] GC(477) MMU: 2ms/96.6%, 5ms/98.6%, 10ms/99.3%, 20ms/99.7%, 50ms/99.8%, 100ms/99.9%
[71.269s][info][gc,marking  ] GC(477) Mark: 4 stripe(s), 2 proactive flush(es), 1 terminate flush(es), 0 completion(s), 0 continuation(s) 
[71.269s][info][gc,marking  ] GC(477) Mark Stack Usage: 32M
[71.269s][info][gc,nmethod  ] GC(477) NMethods: 5369 registered, 2228 unregistered
[71.269s][info][gc,metaspace] GC(477) Metaspace: 60M used, 61M committed, 1088M reserved
[71.269s][info][gc,ref      ] GC(477) Soft: 3045 encountered, 0 discovered, 0 enqueued
[71.269s][info][gc,ref      ] GC(477) Weak: 6075 encountered, 2368 discovered, 73 enqueued
[71.269s][info][gc,ref      ] GC(477) Final: 60 encountered, 5 discovered, 0 enqueued
[71.269s][info][gc,ref      ] GC(477) Phantom: 608 encountered, 453 discovered, 0 enqueued
[71.269s][info][gc,reloc    ] GC(477) Small Pages: 271 / 542M, Empty: 286M, Relocated: 3M, In-Place: 0
[71.269s][info][gc,reloc    ] GC(477) Medium Pages: 2 / 64M, Empty: 32M, Relocated: 0M, In-Place: 0
[71.269s][info][gc,reloc    ] GC(477) Large Pages: 4 / 24M, Empty: 12M, Relocated: 0M, In-Place: 0
[71.269s][info][gc,reloc    ] GC(477) Forwarding Usage: 1M
[71.269s][info][gc,heap     ] GC(477) Min Capacity: 8M(1%)
[71.269s][info][gc,heap     ] GC(477) Max Capacity: 1024M(100%)
[71.269s][info][gc,heap     ] GC(477) Soft Max Capacity: 1024M(100%)
[71.269s][info][gc,heap     ] GC(477)                Mark Start          Mark End        Relocate Start      Relocate End           High               Low         
[71.269s][info][gc,heap     ] GC(477)  Capacity:     1024M (100%)       1024M (100%)       1024M (100%)       1024M (100%)       1024M (100%)       1024M (100%)   
[71.269s][info][gc,heap     ] GC(477)      Free:      394M (38%)         188M (18%)         486M (47%)         520M (51%)         522M (51%)         178M (17%)    
[71.269s][info][gc,heap     ] GC(477)      Used:      630M (62%)         836M (82%)         538M (53%)         504M (49%)         846M (83%)         502M (49%)    
[71.269s][info][gc,heap     ] GC(477)      Live:         -               204M (20%)         204M (20%)         204M (20%)            -                  -          
[71.269s][info][gc,heap     ] GC(477) Allocated:         -               206M (20%)         238M (23%)         243M (24%)            -                  -          
[71.269s][info][gc,heap     ] GC(477)   Garbage:         -               425M (42%)          95M (9%)           55M (5%)             -                  -          
[71.269s][info][gc,heap     ] GC(477) Reclaimed:         -                  -               330M (32%)         369M (36%)            -                  -          
[71.269s][info][gc          ] GC(477) Garbage Collection (Allocation Rate) 630M(62%)->504M(49%)
[71.304s][info][gc,start    ] GC(478) Garbage Collection (Allocation Rate)
[71.304s][info][gc,task     ] GC(478) Using 7 workers
[71.304s][info][gc,phases   ] GC(478) Pause Mark Start 0.011ms
[71.366s][info][gc,phases   ] GC(478) Concurrent Mark 62.165ms
[71.377s][info][gc,phases   ] GC(478) Pause Mark End 0.029ms
[71.377s][info][gc,phases   ] GC(478) Concurrent Mark Free 0.001ms
[71.380s][info][gc,phases   ] GC(478) Concurrent Process Non-Strong References 2.567ms
[71.380s][info][gc,phases   ] GC(478) Concurrent Reset Relocation Set 0.003ms
[71.384s][info][gc,phases   ] GC(478) Concurrent Select Relocation Set 3.714ms
[71.384s][info][gc,phases   ] GC(478) Pause Relocate Start 0.008ms
[71.386s][info][gc,phases   ] GC(478) Concurrent Relocate 1.694ms
[71.386s][info][gc,load     ] GC(478) Load: 0.00/0.00/0.00
[71.386s][info][gc,mmu      ] GC(478) MMU: 2ms/96.6%, 5ms/98.6%, 10ms/99.3%, 20ms/99.7%, 50ms/99.8%, 100ms/99.9%
[71.386s][info][gc,marking  ] GC(478) Mark: 4 stripe(s), 2 proactive flush(es), 1 terminate flush(es), 0 completion(s), 0 continuation(s) 
[71.386s][info][gc,marking  ] GC(478) Mark Stack Usage: 32M
[71.386s][info][gc,nmethod  ] GC(478) NMethods: 5369 registered, 2228 unregistered
[71.386s][info][gc,metaspace] GC(478) Metaspace: 60M used, 61M committed, 1088M reserved
[71.386s][info][gc,ref      ] GC(478) Soft: 3045 encountered, 0 discovered, 0 enqueued
[71.386s][info][gc,ref      ] GC(478) Weak: 6002 encountered, 342 discovered, 14 enqueued
[71.386s][info][gc,ref      ] GC(478) Final: 60 encountered, 0 discovered, 0 enqueued
[71.386s][info][gc,ref      ] GC(478) Phantom: 608 encountered, 318 discovered, 0 enqueued
[71.386s][info][gc,reloc    ] GC(478) Small Pages: 268 / 536M, Empty: 298M, Relocated: 3M, In-Place: 0
[71.386s][info][gc,reloc    ] GC(478) Medium Pages: 1 / 32M, Empty: 0M, Relocated: 0M, In-Place: 0
[71.386s][info][gc,reloc    ] GC(478) Large Pages: 2 / 12M, Empty: 0M, Relocated: 0M, In-Place: 0
[71.386s][info][gc,reloc    ] GC(478) Forwarding Usage: 1M
[71.386s][info][gc,heap     ] GC(478) Min Capacity: 8M(1%)
[71.386s][info][gc,heap     ] GC(478) Max Capacity: 1024M(100%)
[71.386s][info][gc,heap     ] GC(478) Soft Max Capacity: 1024M(100%)
[71.386s][info][gc,heap     ] GC(478)                Mark Start          Mark End        Relocate Start      Relocate End           High               Low         
[71.386s][info][gc,heap     ] GC(478)  Capacity:     1024M (100%)       1024M (100%)       1024M (100%)       1024M (100%)       1024M (100%)       1024M (100%)   
[71.386s][info][gc,heap     ] GC(478)      Free:      444M (43%)         290M (28%)         574M (56%)         592M (58%)         592M (58%)         284M (28%)    
[71.386s][info][gc,heap     ] GC(478)      Used:      580M (57%)         734M (72%)         450M (44%)         432M (42%)         740M (72%)         432M (42%)    
[71.386s][info][gc,heap     ] GC(478)      Live:         -               204M (20%)         204M (20%)         204M (20%)            -                  -          
[71.386s][info][gc,heap     ] GC(478) Allocated:         -               154M (15%)         168M (16%)         171M (17%)            -                  -          
[71.386s][info][gc,heap     ] GC(478)   Garbage:         -               375M (37%)          77M (8%)           55M (5%)             -                  -          
[71.386s][info][gc,heap     ] GC(478) Reclaimed:         -                  -               298M (29%)         319M (31%)            -                  -          
[71.386s][info][gc          ] GC(478) Garbage Collection (Allocation Rate) 580M(57%)->432M(42%)
[71.398s][info][gc,start    ] GC(479) Garbage Collection (Allocation Rate)
[71.398s][info][gc,task     ] GC(479) Using 7 workers
[71.398s][info][gc,phases   ] GC(479) Pause Mark Start 0.010ms
[71.460s][info][gc,phases   ] GC(479) Concurrent Mark 62.198ms
[71.460s][info][gc,phases   ] GC(479) Pause Mark End 0.029ms
[71.460s][info][gc,phases   ] GC(479) Concurrent Mark Free 0.001ms
[71.463s][info][gc,phases   ] GC(479) Concurrent Process Non-Strong References 2.458ms
[71.463s][info][gc,phases   ] GC(479) Concurrent Reset Relocation Set 0.003ms
[71.467s][info][gc,phases   ] GC(479) Concurrent Select Relocation Set 3.653ms
[71.467s][info][gc,phases   ] GC(479) Pause Relocate Start 0.009ms
[71.470s][info][gc,phases   ] GC(479) Concurrent Relocate 2.882ms
[71.470s][info][gc,load     ] GC(479) Load: 0.00/0.00/0.00
[71.470s][info][gc,mmu      ] GC(479) MMU: 2ms/96.6%, 5ms/98.6%, 10ms/99.3%, 20ms/99.7%, 50ms/99.8%, 100ms/99.9%
[71.470s][info][gc,marking  ] GC(479) Mark: 4 stripe(s), 2 proactive flush(es), 1 terminate flush(es), 0 completion(s), 0 continuation(s) 
[71.470s][info][gc,marking  ] GC(479) Mark Stack Usage: 32M
[71.470s][info][gc,nmethod  ] GC(479) NMethods: 5369 registered, 2228 unregistered
[71.470s][info][gc,metaspace] GC(479) Metaspace: 60M used, 61M committed, 1088M reserved
[71.470s][info][gc,ref      ] GC(479) Soft: 3045 encountered, 0 discovered, 0 enqueued
[71.470s][info][gc,ref      ] GC(479) Weak: 5988 encountered, 3080 discovered, 0 enqueued
[71.470s][info][gc,ref      ] GC(479) Final: 60 encountered, 6 discovered, 0 enqueued
[71.470s][info][gc,ref      ] GC(479) Phantom: 608 encountered, 484 discovered, 0 enqueued
[71.470s][info][gc,reloc    ] GC(479) Small Pages: 206 / 412M, Empty: 180M, Relocated: 3M, In-Place: 0
[71.470s][info][gc,reloc    ] GC(479) Medium Pages: 1 / 32M, Empty: 0M, Relocated: 0M, In-Place: 0
[71.470s][info][gc,reloc    ] GC(479) Large Pages: 2 / 12M, Empty: 0M, Relocated: 0M, In-Place: 0
[71.470s][info][gc,reloc    ] GC(479) Forwarding Usage: 1M
[71.470s][info][gc,heap     ] GC(479) Min Capacity: 8M(1%)
[71.470s][info][gc,heap     ] GC(479) Max Capacity: 1024M(100%)
[71.470s][info][gc,heap     ] GC(479) Soft Max Capacity: 1024M(100%)
[71.470s][info][gc,heap     ] GC(479)                Mark Start          Mark End        Relocate Start      Relocate End           High               Low         
[71.470s][info][gc,heap     ] GC(479)  Capacity:     1024M (100%)       1024M (100%)       1024M (100%)       1024M (100%)       1024M (100%)       1024M (100%)   
[71.470s][info][gc,heap     ] GC(479)      Free:      568M (55%)         442M (43%)         608M (59%)         620M (61%)         622M (61%)         436M (43%)    
[71.470s][info][gc,heap     ] GC(479)      Used:      456M (45%)         582M (57%)         416M (41%)         404M (39%)         588M (57%)         402M (39%)    
[71.470s][info][gc,heap     ] GC(479)      Live:         -               204M (20%)         204M (20%)         204M (20%)            -                  -          
[71.470s][info][gc,heap     ] GC(479) Allocated:         -               126M (12%)         140M (14%)         143M (14%)            -                  -          
[71.470s][info][gc,heap     ] GC(479)   Garbage:         -               251M (25%)          71M (7%)           55M (5%)             -                  -          
[71.470s][info][gc,heap     ] GC(479) Reclaimed:         -                  -               180M (18%)         195M (19%)            -                  -          
[71.470s][info][gc          ] GC(479) Garbage Collection (Allocation Rate) 456M(45%)->404M(39%)
[71.601s][info][gc,start    ] GC(480) Garbage Collection (Allocation Rate)
[71.601s][info][gc,task     ] GC(480) Using 6 workers
[71.601s][info][gc,phases   ] GC(480) Pause Mark Start 0.013ms
[71.679s][info][gc,phases   ] GC(480) Concurrent Mark 77.776ms
[71.679s][info][gc,phases   ] GC(480) Pause Mark End 0.030ms
[71.679s][info][gc,phases   ] GC(480) Concurrent Mark Free 0.001ms
[71.682s][info][gc,phases   ] GC(480) Concurrent Process Non-Strong References 2.721ms
[71.682s][info][gc,phases   ] GC(480) Concurrent Reset Relocation Set 0.001ms
[71.684s][info][gc,phases   ] GC(480) Concurrent Select Relocation Set 2.559ms
[71.684s][info][gc,phases   ] GC(480) Pause Relocate Start 0.008ms
[71.687s][info][gc,phases   ] GC(480) Concurrent Relocate 2.131ms
[71.687s][info][gc,load     ] GC(480) Load: 0.00/0.00/0.00
[71.687s][info][gc,mmu      ] GC(480) MMU: 2ms/96.6%, 5ms/98.6%, 10ms/99.3%, 20ms/99.7%, 50ms/99.8%, 100ms/99.9%
[71.687s][info][gc,marking  ] GC(480) Mark: 4 stripe(s), 2 proactive flush(es), 1 terminate flush(es), 0 completion(s), 0 continuation(s) 
[71.687s][info][gc,marking  ] GC(480) Mark Stack Usage: 32M
[71.687s][info][gc,nmethod  ] GC(480) NMethods: 5369 registered, 2228 unregistered
[71.687s][info][gc,metaspace] GC(480) Metaspace: 60M used, 61M committed, 1088M reserved
[71.687s][info][gc,ref      ] GC(480) Soft: 3045 encountered, 0 discovered, 0 enqueued
[71.687s][info][gc,ref      ] GC(480) Weak: 5988 encountered, 578 discovered, 0 enqueued
[71.687s][info][gc,ref      ] GC(480) Final: 60 encountered, 0 discovered, 0 enqueued
[71.687s][info][gc,ref      ] GC(480) Phantom: 608 encountered, 345 discovered, 0 enqueued
[71.687s][info][gc,reloc    ] GC(480) Small Pages: 305 / 610M, Empty: 380M, Relocated: 3M, In-Place: 0
[71.687s][info][gc,reloc    ] GC(480) Medium Pages: 1 / 32M, Empty: 0M, Relocated: 0M, In-Place: 0
[71.687s][info][gc,reloc    ] GC(480) Large Pages: 2 / 12M, Empty: 0M, Relocated: 0M, In-Place: 0
[71.687s][info][gc,reloc    ] GC(480) Forwarding Usage: 1M
[71.687s][info][gc,heap     ] GC(480) Min Capacity: 8M(1%)
[71.687s][info][gc,heap     ] GC(480) Max Capacity: 1024M(100%)
[71.687s][info][gc,heap     ] GC(480) Soft Max Capacity: 1024M(100%)
[71.687s][info][gc,heap     ] GC(480)                Mark Start          Mark End        Relocate Start      Relocate End           High               Low         
[71.687s][info][gc,heap     ] GC(480)  Capacity:     1024M (100%)       1024M (100%)       1024M (100%)       1024M (100%)       1024M (100%)       1024M (100%)   
[71.687s][info][gc,heap     ] GC(480)      Free:      370M (36%)         232M (23%)         604M (59%)         616M (60%)         616M (60%)         228M (22%)    
[71.687s][info][gc,heap     ] GC(480)      Used:      654M (64%)         792M (77%)         420M (41%)         408M (40%)         796M (78%)         408M (40%)    
[71.687s][info][gc,heap     ] GC(480)      Live:         -               204M (20%)         204M (20%)         204M (20%)            -                  -          
[71.687s][info][gc,heap     ] GC(480) Allocated:         -               138M (13%)         146M (14%)         149M (15%)            -                  -          
[71.687s][info][gc,heap     ] GC(480)   Garbage:         -               449M (44%)          69M (7%)           53M (5%)             -                  -          
[71.687s][info][gc,heap     ] GC(480) Reclaimed:         -                  -               380M (37%)         395M (39%)            -                  -          
[71.687s][info][gc          ] GC(480) Garbage Collection (Allocation Rate) 654M(64%)->408M(40%)
[71.804s][info][gc,start    ] GC(481) Garbage Collection (Allocation Rate)
[71.804s][info][gc,task     ] GC(481) Using 8 workers
[71.804s][info][gc,phases   ] GC(481) Pause Mark Start 0.014ms
[71.866s][info][gc,phases   ] GC(481) Concurrent Mark 62.146ms
[71.866s][info][gc,phases   ] GC(481) Pause Mark End 0.024ms
[71.866s][info][gc,phases   ] GC(481) Concurrent Mark Free 0.001ms
[71.868s][info][gc,phases   ] GC(481) Concurrent Process Non-Strong References 1.921ms
[71.868s][info][gc,phases   ] GC(481) Concurrent Reset Relocation Set 0.002ms
[71.872s][info][gc,phases   ] GC(481) Concurrent Select Relocation Set 3.718ms
[71.872s][info][gc,phases   ] GC(481) Pause Relocate Start 0.007ms
[71.874s][info][gc,phases   ] GC(481) Concurrent Relocate 1.750ms
[71.874s][info][gc,load     ] GC(481) Load: 0.00/0.00/0.00
[71.874s][info][gc,mmu      ] GC(481) MMU: 2ms/96.6%, 5ms/98.6%, 10ms/99.3%, 20ms/99.7%, 50ms/99.8%, 100ms/99.9%
[71.874s][info][gc,marking  ] GC(481) Mark: 8 stripe(s), 2 proactive flush(es), 1 terminate flush(es), 0 completion(s), 0 continuation(s) 
[71.874s][info][gc,marking  ] GC(481) Mark Stack Usage: 32M
[71.874s][info][gc,nmethod  ] GC(481) NMethods: 5369 registered, 2228 unregistered
[71.874s][info][gc,metaspace] GC(481) Metaspace: 60M used, 61M committed, 1088M reserved
[71.874s][info][gc,ref      ] GC(481) Soft: 3045 encountered, 0 discovered, 0 enqueued
[71.874s][info][gc,ref      ] GC(481) Weak: 5988 encountered, 1229 discovered, 0 enqueued
[71.874s][info][gc,ref      ] GC(481) Final: 60 encountered, 3 discovered, 0 enqueued
[71.874s][info][gc,ref      ] GC(481) Phantom: 608 encountered, 418 discovered, 0 enqueued
[71.874s][info][gc,reloc    ] GC(481) Small Pages: 354 / 708M, Empty: 478M, Relocated: 3M, In-Place: 0
[71.874s][info][gc,reloc    ] GC(481) Medium Pages: 1 / 32M, Empty: 0M, Relocated: 0M, In-Place: 0
[71.875s][info][gc,reloc    ] GC(481) Large Pages: 2 / 12M, Empty: 0M, Relocated: 0M, In-Place: 0
[71.875s][info][gc,reloc    ] GC(481) Forwarding Usage: 1M
[71.875s][info][gc,heap     ] GC(481) Min Capacity: 8M(1%)
[71.875s][info][gc,heap     ] GC(481) Max Capacity: 1024M(100%)
[71.875s][info][gc,heap     ] GC(481) Soft Max Capacity: 1024M(100%)
[71.875s][info][gc,heap     ] GC(481)                Mark Start          Mark End        Relocate Start      Relocate End           High               Low         
[71.875s][info][gc,heap     ] GC(481)  Capacity:     1024M (100%)       1024M (100%)       1024M (100%)       1024M (100%)       1024M (100%)       1024M (100%)   
[71.875s][info][gc,heap     ] GC(481)      Free:      272M (27%)          80M (8%)          540M (53%)         548M (54%)         548M (54%)          74M (7%)     
[71.875s][info][gc,heap     ] GC(481)      Used:      752M (73%)         944M (92%)         484M (47%)         476M (46%)         950M (93%)         476M (46%)    
[71.875s][info][gc,heap     ] GC(481)      Live:         -               204M (20%)         204M (20%)         204M (20%)            -                  -          
[71.875s][info][gc,heap     ] GC(481) Allocated:         -               192M (19%)         210M (21%)         213M (21%)            -                  -          
[71.875s][info][gc,heap     ] GC(481)   Garbage:         -               547M (53%)          69M (7%)           57M (6%)             -                  -          
[71.875s][info][gc,heap     ] GC(481) Reclaimed:         -                  -               478M (47%)         489M (48%)            -                  -          
[71.875s][info][gc          ] GC(481) Garbage Collection (Allocation Rate) 752M(73%)->476M(46%)
[72.003s][info][gc,start    ] GC(482) Garbage Collection (Allocation Rate)
[72.003s][info][gc,task     ] GC(482) Using 9 workers
[72.003s][info][gc,phases   ] GC(482) Pause Mark Start 0.015ms
[72.064s][info][gc,phases   ] GC(482) Concurrent Mark 60.729ms
[72.064s][info][gc,phases   ] GC(482) Pause Mark End 0.021ms
[72.064s][info][gc,phases   ] GC(482) Concurrent Mark Free 0.002ms
[72.066s][info][gc,phases   ] GC(482) Concurrent Process Non-Strong References 1.978ms
[72.066s][info][gc,phases   ] GC(482) Concurrent Reset Relocation Set 0.003ms
[72.071s][info][gc,phases   ] GC(482) Concurrent Select Relocation Set 5.301ms
[72.072s][info][gc,phases   ] GC(482) Pause Relocate Start 0.008ms
[72.075s][info][gc,phases   ] GC(482) Concurrent Relocate 2.882ms
[72.075s][info][gc,load     ] GC(482) Load: 0.00/0.00/0.00
[72.075s][info][gc,mmu      ] GC(482) MMU: 2ms/96.6%, 5ms/98.6%, 10ms/99.3%, 20ms/99.7%, 50ms/99.8%, 100ms/99.9%
[72.075s][info][gc,marking  ] GC(482) Mark: 8 stripe(s), 2 proactive flush(es), 1 terminate flush(es), 0 completion(s), 0 continuation(s) 
[72.075s][info][gc,marking  ] GC(482) Mark Stack Usage: 32M
[72.075s][info][gc,nmethod  ] GC(482) NMethods: 5378 registered, 2228 unregistered
[72.075s][info][gc,metaspace] GC(482) Metaspace: 60M used, 61M committed, 1088M reserved
[72.075s][info][gc,ref      ] GC(482) Soft: 3044 encountered, 0 discovered, 0 enqueued
[72.075s][info][gc,ref      ] GC(482) Weak: 5987 encountered, 1765 discovered, 0 enqueued
[72.075s][info][gc,ref      ] GC(482) Final: 60 encountered, 38 discovered, 0 enqueued
[72.075s][info][gc,ref      ] GC(482) Phantom: 608 encountered, 482 discovered, 0 enqueued
[72.075s][info][gc,reloc    ] GC(482) Small Pages: 356 / 712M, Empty: 478M, Relocated: 3M, In-Place: 0
[72.075s][info][gc,reloc    ] GC(482) Medium Pages: 1 / 32M, Empty: 0M, Relocated: 0M, In-Place: 0
[72.075s][info][gc,reloc    ] GC(482) Large Pages: 2 / 12M, Empty: 0M, Relocated: 0M, In-Place: 0
[72.075s][info][gc,reloc    ] GC(482) Forwarding Usage: 1M
[72.075s][info][gc,heap     ] GC(482) Min Capacity: 8M(1%)
[72.075s][info][gc,heap     ] GC(482) Max Capacity: 1024M(100%)
[72.075s][info][gc,heap     ] GC(482) Soft Max Capacity: 1024M(100%)
[72.075s][info][gc,heap     ] GC(482)                Mark Start          Mark End        Relocate Start      Relocate End           High               Low         
[72.075s][info][gc,heap     ] GC(482)  Capacity:     1024M (100%)       1024M (100%)       1024M (100%)       1024M (100%)       1024M (100%)       1024M (100%)   
[72.075s][info][gc,heap     ] GC(482)      Free:      268M (26%)         254M (25%)         732M (71%)         746M (73%)         746M (73%)         254M (25%)    
[72.075s][info][gc,heap     ] GC(482)      Used:      756M (74%)         770M (75%)         292M (29%)         278M (27%)         770M (75%)         278M (27%)    
[72.075s][info][gc,heap     ] GC(482)      Live:         -               204M (20%)         204M (20%)         204M (20%)            -                  -          
[72.075s][info][gc,heap     ] GC(482) Allocated:         -                14M (1%)           14M (1%)           14M (1%)             -                  -          
[72.075s][info][gc,heap     ] GC(482)   Garbage:         -               551M (54%)          73M (7%)           59M (6%)             -                  -          
[72.075s][info][gc,heap     ] GC(482) Reclaimed:         -                  -               478M (47%)         492M (48%)            -                  -          
[72.075s][info][gc          ] GC(482) Garbage Collection (Allocation Rate) 756M(74%)->278M(27%)
[72.075s][info][gc,start    ] GC(483) Garbage Collection (System.gc())
[72.075s][info][gc,task     ] GC(483) Using 10 workers
[72.076s][info][gc,phases   ] GC(483) Pause Mark Start 0.007ms
[72.126s][info][gc,phases   ] GC(483) Concurrent Mark 50.712ms
[72.126s][info][gc,phases   ] GC(483) Pause Mark End 0.020ms
[72.126s][info][gc,phases   ] GC(483) Concurrent Mark Free 0.001ms
[72.128s][info][gc,phases   ] GC(483) Concurrent Process Non-Strong References 1.619ms
[72.128s][info][gc,phases   ] GC(483) Concurrent Reset Relocation Set 0.003ms
[72.132s][info][gc,phases   ] GC(483) Concurrent Select Relocation Set 3.634ms
[72.132s][info][gc,phases   ] GC(483) Pause Relocate Start 0.007ms
[72.134s][info][gc,phases   ] GC(483) Concurrent Relocate 1.668ms
[72.134s][info][gc,load     ] GC(483) Load: 0.00/0.00/0.00
[72.134s][info][gc,mmu      ] GC(483) MMU: 2ms/96.6%, 5ms/98.6%, 10ms/99.3%, 20ms/99.7%, 50ms/99.8%, 100ms/99.9%
[72.134s][info][gc,marking  ] GC(483) Mark: 8 stripe(s), 2 proactive flush(es), 1 terminate flush(es), 0 completion(s), 0 continuation(s) 
[72.134s][info][gc,marking  ] GC(483) Mark Stack Usage: 32M
[72.134s][info][gc,nmethod  ] GC(483) NMethods: 5372 registered, 2234 unregistered
[72.134s][info][gc,metaspace] GC(483) Metaspace: 60M used, 61M committed, 1088M reserved
[72.134s][info][gc,ref      ] GC(483) Soft: 3043 encountered, 0 discovered, 0 enqueued
[72.134s][info][gc,ref      ] GC(483) Weak: 6049 encountered, 1410 discovered, 121 enqueued
[72.134s][info][gc,ref      ] GC(483) Final: 60 encountered, 2 discovered, 0 enqueued
[72.134s][info][gc,ref      ] GC(483) Phantom: 608 encountered, 346 discovered, 0 enqueued
[72.134s][info][gc,reloc    ] GC(483) Small Pages: 114 / 228M, Empty: 2M, Relocated: 3M, In-Place: 0
[72.134s][info][gc,reloc    ] GC(483) Medium Pages: 1 / 32M, Empty: 0M, Relocated: 0M, In-Place: 0
[72.134s][info][gc,reloc    ] GC(483) Large Pages: 3 / 18M, Empty: 6M, Relocated: 0M, In-Place: 0
[72.134s][info][gc,reloc    ] GC(483) Forwarding Usage: 1M
[72.134s][info][gc,heap     ] GC(483) Min Capacity: 8M(1%)
[72.134s][info][gc,heap     ] GC(483) Max Capacity: 1024M(100%)
[72.134s][info][gc,heap     ] GC(483) Soft Max Capacity: 1024M(100%)
[72.134s][info][gc,heap     ] GC(483)                Mark Start          Mark End        Relocate Start      Relocate End           High               Low         
[72.134s][info][gc,heap     ] GC(483)  Capacity:     1024M (100%)       1024M (100%)       1024M (100%)       1024M (100%)       1024M (100%)       1024M (100%)   
[72.134s][info][gc,heap     ] GC(483)      Free:      746M (73%)         744M (73%)         748M (73%)         752M (73%)         752M (73%)         730M (71%)    
[72.134s][info][gc,heap     ] GC(483)      Used:      278M (27%)         280M (27%)         276M (27%)         272M (27%)         294M (29%)         272M (27%)    
[72.134s][info][gc,heap     ] GC(483)      Live:         -               204M (20%)         204M (20%)         204M (20%)            -                  -          
[72.134s][info][gc,heap     ] GC(483) Allocated:         -                 2M (0%)            6M (1%)            5M (1%)             -                  -          
[72.134s][info][gc,heap     ] GC(483)   Garbage:         -                73M (7%)           65M (6%)           61M (6%)             -                  -          
[72.134s][info][gc,heap     ] GC(483) Reclaimed:         -                  -                 8M (1%)           11M (1%)             -                  -          
[72.135s][info][gc          ] GC(483) Garbage Collection (System.gc()) 278M(27%)->272M(27%)
[72.298s][info][gc,start    ] GC(484) Garbage Collection (Allocation Rate)
[72.298s][info][gc,task     ] GC(484) Using 6 workers
[72.298s][info][gc,phases   ] GC(484) Pause Mark Start 0.016ms
[72.376s][info][gc,phases   ] GC(484) Concurrent Mark 77.743ms
[72.376s][info][gc,phases   ] GC(484) Pause Mark End 0.020ms
[72.376s][info][gc,phases   ] GC(484) Concurrent Mark Free 0.002ms
[72.380s][info][gc,phases   ] GC(484) Concurrent Process Non-Strong References 2.984ms
[72.380s][info][gc,phases   ] GC(484) Concurrent Reset Relocation Set 0.002ms
[72.385s][info][gc,phases   ] GC(484) Concurrent Select Relocation Set 5.479ms
[72.385s][info][gc,phases   ] GC(484) Pause Relocate Start 0.009ms
[72.387s][info][gc,phases   ] GC(484) Concurrent Relocate 2.147ms
[72.387s][info][gc,load     ] GC(484) Load: 0.00/0.00/0.00
[72.388s][info][gc,mmu      ] GC(484) MMU: 2ms/96.6%, 5ms/98.6%, 10ms/99.3%, 20ms/99.7%, 50ms/99.8%, 100ms/99.9%
[72.388s][info][gc,marking  ] GC(484) Mark: 4 stripe(s), 2 proactive flush(es), 1 terminate flush(es), 0 completion(s), 0 continuation(s) 
[72.388s][info][gc,marking  ] GC(484) Mark Stack Usage: 32M
[72.388s][info][gc,nmethod  ] GC(484) NMethods: 5378 registered, 2237 unregistered
[72.388s][info][gc,metaspace] GC(484) Metaspace: 60M used, 61M committed, 1088M reserved
[72.388s][info][gc,ref      ] GC(484) Soft: 3045 encountered, 0 discovered, 0 enqueued
[72.388s][info][gc,ref      ] GC(484) Weak: 6091 encountered, 457 discovered, 75 enqueued
[72.388s][info][gc,ref      ] GC(484) Final: 60 encountered, 0 discovered, 0 enqueued
[72.388s][info][gc,ref      ] GC(484) Phantom: 608 encountered, 387 discovered, 0 enqueued
[72.388s][info][gc,reloc    ] GC(484) Small Pages: 262 / 524M, Empty: 270M, Relocated: 3M, In-Place: 0
[72.388s][info][gc,reloc    ] GC(484) Medium Pages: 2 / 64M, Empty: 32M, Relocated: 0M, In-Place: 0
[72.388s][info][gc,reloc    ] GC(484) Large Pages: 4 / 24M, Empty: 12M, Relocated: 0M, In-Place: 0
[72.388s][info][gc,reloc    ] GC(484) Forwarding Usage: 1M
[72.388s][info][gc,heap     ] GC(484) Min Capacity: 8M(1%)
[72.388s][info][gc,heap     ] GC(484) Max Capacity: 1024M(100%)
[72.388s][info][gc,heap     ] GC(484) Soft Max Capacity: 1024M(100%)
[72.388s][info][gc,heap     ] GC(484)                Mark Start          Mark End        Relocate Start      Relocate End           High               Low         
[72.388s][info][gc,heap     ] GC(484)  Capacity:     1024M (100%)       1024M (100%)       1024M (100%)       1024M (100%)       1024M (100%)       1024M (100%)   
[72.388s][info][gc,heap     ] GC(484)      Free:      412M (40%)         172M (17%)         452M (44%)         488M (48%)         488M (48%)         160M (16%)    
[72.388s][info][gc,heap     ] GC(484)      Used:      612M (60%)         852M (83%)         572M (56%)         536M (52%)         864M (84%)         536M (52%)    
[72.388s][info][gc,heap     ] GC(484)      Live:         -               204M (20%)         204M (20%)         204M (20%)            -                  -          
[72.388s][info][gc,heap     ] GC(484) Allocated:         -               240M (23%)         274M (27%)         277M (27%)            -                  -          
[72.388s][info][gc,heap     ] GC(484)   Garbage:         -               407M (40%)          93M (9%)           53M (5%)             -                  -          
[72.388s][info][gc,heap     ] GC(484) Reclaimed:         -                  -               314M (31%)         353M (35%)            -                  -          
[72.388s][info][gc          ] GC(484) Garbage Collection (Allocation Rate) 612M(60%)->536M(52%)
[72.408s][info][gc,start    ] GC(485) Garbage Collection (Allocation Rate)
[72.408s][info][gc,task     ] GC(485) Using 6 workers
[72.408s][info][gc,phases   ] GC(485) Pause Mark Start 0.010ms
[72.486s][info][gc,phases   ] GC(485) Concurrent Mark 77.746ms
[72.486s][info][gc,phases   ] GC(485) Pause Mark End 0.019ms
[72.486s][info][gc,phases   ] GC(485) Concurrent Mark Free 0.001ms
[72.489s][info][gc,phases   ] GC(485) Concurrent Process Non-Strong References 2.925ms
[72.489s][info][gc,phases   ] GC(485) Concurrent Reset Relocation Set 0.004ms
[72.493s][info][gc,phases   ] GC(485) Concurrent Select Relocation Set 3.673ms
[72.493s][info][gc,phases   ] GC(485) Pause Relocate Start 0.006ms
[72.495s][info][gc,phases   ] GC(485) Concurrent Relocate 2.128ms
[72.495s][info][gc,load     ] GC(485) Load: 0.00/0.00/0.00
[72.495s][info][gc,mmu      ] GC(485) MMU: 2ms/96.6%, 5ms/98.6%, 10ms/99.3%, 20ms/99.7%, 50ms/99.8%, 100ms/99.9%
[72.495s][info][gc,marking  ] GC(485) Mark: 4 stripe(s), 2 proactive flush(es), 1 terminate flush(es), 0 completion(s), 0 continuation(s) 
[72.495s][info][gc,marking  ] GC(485) Mark Stack Usage: 32M
[72.495s][info][gc,nmethod  ] GC(485) NMethods: 5378 registered, 2237 unregistered
[72.495s][info][gc,metaspace] GC(485) Metaspace: 60M used, 61M committed, 1088M reserved
[72.495s][info][gc,ref      ] GC(485) Soft: 3045 encountered, 0 discovered, 0 enqueued
[72.495s][info][gc,ref      ] GC(485) Weak: 6015 encountered, 2021 discovered, 19 enqueued
[72.495s][info][gc,ref      ] GC(485) Final: 60 encountered, 1 discovered, 0 enqueued
[72.495s][info][gc,ref      ] GC(485) Phantom: 608 encountered, 414 discovered, 0 enqueued
[72.495s][info][gc,reloc    ] GC(485) Small Pages: 269 / 538M, Empty: 300M, Relocated: 3M, In-Place: 0
[72.495s][info][gc,reloc    ] GC(485) Medium Pages: 1 / 32M, Empty: 0M, Relocated: 0M, In-Place: 0
[72.495s][info][gc,reloc    ] GC(485) Large Pages: 2 / 12M, Empty: 0M, Relocated: 0M, In-Place: 0
[72.495s][info][gc,reloc    ] GC(485) Forwarding Usage: 1M
[72.495s][info][gc,heap     ] GC(485) Min Capacity: 8M(1%)
[72.495s][info][gc,heap     ] GC(485) Max Capacity: 1024M(100%)
[72.495s][info][gc,heap     ] GC(485) Soft Max Capacity: 1024M(100%)
[72.495s][info][gc,heap     ] GC(485)                Mark Start          Mark End        Relocate Start      Relocate End           High               Low         
[72.495s][info][gc,heap     ] GC(485)  Capacity:     1024M (100%)       1024M (100%)       1024M (100%)       1024M (100%)       1024M (100%)       1024M (100%)   
[72.495s][info][gc,heap     ] GC(485)      Free:      442M (43%)         266M (26%)         550M (54%)         570M (56%)         570M (56%)         260M (25%)    
[72.495s][info][gc,heap     ] GC(485)      Used:      582M (57%)         758M (74%)         474M (46%)         454M (44%)         764M (75%)         454M (44%)    
[72.495s][info][gc,heap     ] GC(485)      Live:         -               204M (20%)         204M (20%)         204M (20%)            -                  -          
[72.496s][info][gc,heap     ] GC(485) Allocated:         -               176M (17%)         192M (19%)         195M (19%)            -                  -          
[72.496s][info][gc,heap     ] GC(485)   Garbage:         -               377M (37%)          77M (8%)           53M (5%)             -                  -          
[72.496s][info][gc,heap     ] GC(485) Reclaimed:         -                  -               300M (29%)         323M (32%)            -                  -          
[72.496s][info][gc          ] GC(485) Garbage Collection (Allocation Rate) 582M(57%)->454M(44%)
[72.501s][info][gc,start    ] GC(486) Garbage Collection (Allocation Rate)
[72.501s][info][gc,task     ] GC(486) Using 6 workers
[72.501s][info][gc,phases   ] GC(486) Pause Mark Start 0.007ms
[72.579s][info][gc,phases   ] GC(486) Concurrent Mark 77.915ms
[72.579s][info][gc,phases   ] GC(486) Pause Mark End 0.023ms
[72.579s][info][gc,phases   ] GC(486) Concurrent Mark Free 0.001ms
[72.582s][info][gc,phases   ] GC(486) Concurrent Process Non-Strong References 2.790ms
[72.582s][info][gc,phases   ] GC(486) Concurrent Reset Relocation Set 0.003ms
[72.586s][info][gc,phases   ] GC(486) Concurrent Select Relocation Set 3.654ms
[72.586s][info][gc,phases   ] GC(486) Pause Relocate Start 0.008ms
[72.589s][info][gc,phases   ] GC(486) Concurrent Relocate 3.061ms
[72.589s][info][gc,load     ] GC(486) Load: 0.00/0.00/0.00
[72.589s][info][gc,mmu      ] GC(486) MMU: 2ms/96.6%, 5ms/98.6%, 10ms/99.3%, 20ms/99.7%, 50ms/99.8%, 100ms/99.9%
[72.589s][info][gc,marking  ] GC(486) Mark: 4 stripe(s), 2 proactive flush(es), 1 terminate flush(es), 0 completion(s), 0 continuation(s) 
[72.589s][info][gc,marking  ] GC(486) Mark Stack Usage: 32M
[72.589s][info][gc,nmethod  ] GC(486) NMethods: 5378 registered, 2237 unregistered
[72.590s][info][gc,metaspace] GC(486) Metaspace: 60M used, 61M committed, 1088M reserved
[72.590s][info][gc,ref      ] GC(486) Soft: 3045 encountered, 0 discovered, 0 enqueued
[72.590s][info][gc,ref      ] GC(486) Weak: 5996 encountered, 2313 discovered, 0 enqueued
[72.590s][info][gc,ref      ] GC(486) Final: 60 encountered, 1 discovered, 0 enqueued
[72.590s][info][gc,ref      ] GC(486) Phantom: 608 encountered, 437 discovered, 0 enqueued
[72.590s][info][gc,reloc    ] GC(486) Small Pages: 215 / 430M, Empty: 202M, Relocated: 3M, In-Place: 0
[72.590s][info][gc,reloc    ] GC(486) Medium Pages: 1 / 32M, Empty: 0M, Relocated: 0M, In-Place: 0
[72.590s][info][gc,reloc    ] GC(486) Large Pages: 2 / 12M, Empty: 0M, Relocated: 0M, In-Place: 0
[72.590s][info][gc,reloc    ] GC(486) Forwarding Usage: 1M
[72.590s][info][gc,heap     ] GC(486) Min Capacity: 8M(1%)
[72.590s][info][gc,heap     ] GC(486) Max Capacity: 1024M(100%)
[72.590s][info][gc,heap     ] GC(486) Soft Max Capacity: 1024M(100%)
[72.590s][info][gc,heap     ] GC(486)                Mark Start          Mark End        Relocate Start      Relocate End           High               Low         
[72.590s][info][gc,heap     ] GC(486)  Capacity:     1024M (100%)       1024M (100%)       1024M (100%)       1024M (100%)       1024M (100%)       1024M (100%)   
[72.590s][info][gc,heap     ] GC(486)      Free:      550M (54%)         324M (32%)         506M (49%)         512M (50%)         550M (54%)         316M (31%)    
[72.590s][info][gc,heap     ] GC(486)      Used:      474M (46%)         700M (68%)         518M (51%)         512M (50%)         708M (69%)         474M (46%)    
[72.590s][info][gc,heap     ] GC(486)      Live:         -               204M (20%)         204M (20%)         204M (20%)            -                  -          
[72.590s][info][gc,heap     ] GC(486) Allocated:         -               226M (22%)         246M (24%)         253M (25%)            -                  -          
[72.590s][info][gc,heap     ] GC(486)   Garbage:         -               269M (26%)          67M (7%)           53M (5%)             -                  -          
[72.590s][info][gc,heap     ] GC(486) Reclaimed:         -                  -               202M (20%)         215M (21%)            -                  -          
[72.590s][info][gc          ] GC(486) Garbage Collection (Allocation Rate) 474M(46%)->512M(50%)
[72.595s][info][gc,start    ] GC(487) Garbage Collection (Allocation Rate)
[72.595s][info][gc,task     ] GC(487) Using 6 workers
[72.595s][info][gc,phases   ] GC(487) Pause Mark Start 0.009ms
[72.673s][info][gc,phases   ] GC(487) Concurrent Mark 77.803ms
[72.673s][info][gc,phases   ] GC(487) Pause Mark End 0.035ms
[72.673s][info][gc,phases   ] GC(487) Concurrent Mark Free 0.001ms
[72.677s][info][gc,phases   ] GC(487) Concurrent Process Non-Strong References 3.141ms
[72.677s][info][gc,phases   ] GC(487) Concurrent Reset Relocation Set 0.002ms
[72.680s][info][gc,phases   ] GC(487) Concurrent Select Relocation Set 3.653ms
[72.680s][info][gc,phases   ] GC(487) Pause Relocate Start 0.010ms
[72.683s][info][gc,phases   ] GC(487) Concurrent Relocate 2.945ms
[72.683s][info][gc,load     ] GC(487) Load: 0.00/0.00/0.00
[72.684s][info][gc,mmu      ] GC(487) MMU: 2ms/96.6%, 5ms/98.6%, 10ms/99.3%, 20ms/99.7%, 50ms/99.8%, 100ms/99.9%
[72.684s][info][gc,marking  ] GC(487) Mark: 4 stripe(s), 2 proactive flush(es), 1 terminate flush(es), 0 completion(s), 0 continuation(s) 
[72.684s][info][gc,marking  ] GC(487) Mark Stack Usage: 32M
[72.684s][info][gc,nmethod  ] GC(487) NMethods: 5378 registered, 2237 unregistered
[72.684s][info][gc,metaspace] GC(487) Metaspace: 60M used, 61M committed, 1088M reserved
[72.684s][info][gc,ref      ] GC(487) Soft: 3045 encountered, 0 discovered, 0 enqueued
[72.684s][info][gc,ref      ] GC(487) Weak: 5996 encountered, 3143 discovered, 0 enqueued
[72.684s][info][gc,ref      ] GC(487) Final: 60 encountered, 6 discovered, 0 enqueued
[72.684s][info][gc,ref      ] GC(487) Phantom: 608 encountered, 357 discovered, 0 enqueued
[72.684s][info][gc,reloc    ] GC(487) Small Pages: 242 / 484M, Empty: 256M, Relocated: 3M, In-Place: 0
[72.684s][info][gc,reloc    ] GC(487) Medium Pages: 1 / 32M, Empty: 0M, Relocated: 0M, In-Place: 0
[72.684s][info][gc,reloc    ] GC(487) Large Pages: 2 / 12M, Empty: 0M, Relocated: 0M, In-Place: 0
[72.684s][info][gc,reloc    ] GC(487) Forwarding Usage: 1M
[72.684s][info][gc,heap     ] GC(487) Min Capacity: 8M(1%)
[72.684s][info][gc,heap     ] GC(487) Max Capacity: 1024M(100%)
[72.684s][info][gc,heap     ] GC(487) Soft Max Capacity: 1024M(100%)
[72.684s][info][gc,heap     ] GC(487)                Mark Start          Mark End        Relocate Start      Relocate End           High               Low         
[72.684s][info][gc,heap     ] GC(487)  Capacity:     1024M (100%)       1024M (100%)       1024M (100%)       1024M (100%)       1024M (100%)       1024M (100%)   
[72.684s][info][gc,heap     ] GC(487)      Free:      496M (48%)         280M (27%)         518M (51%)         524M (51%)         528M (52%)         272M (27%)    
[72.684s][info][gc,heap     ] GC(487)      Used:      528M (52%)         744M (73%)         506M (49%)         500M (49%)         752M (73%)         496M (48%)    
[72.684s][info][gc,heap     ] GC(487)      Live:         -               204M (20%)         204M (20%)         204M (20%)            -                  -          
[72.684s][info][gc,heap     ] GC(487) Allocated:         -               216M (21%)         234M (23%)         241M (24%)            -                  -          
[72.684s][info][gc,heap     ] GC(487)   Garbage:         -               323M (32%)          67M (7%)           53M (5%)             -                  -          
[72.684s][info][gc,heap     ] GC(487) Reclaimed:         -                  -               256M (25%)         269M (26%)            -                  -          
[72.684s][info][gc          ] GC(487) Garbage Collection (Allocation Rate) 528M(52%)->500M(49%)
[72.704s][info][gc,start    ] GC(488) Garbage Collection (Allocation Rate)
[72.704s][info][gc,task     ] GC(488) Using 6 workers
[72.704s][info][gc,phases   ] GC(488) Pause Mark Start 0.011ms
[72.782s][info][gc,phases   ] GC(488) Concurrent Mark 77.788ms
[72.782s][info][gc,phases   ] GC(488) Pause Mark End 0.025ms
[72.783s][info][gc,phases   ] GC(488) Concurrent Mark Free 0.001ms
[72.786s][info][gc,phases   ] GC(488) Concurrent Process Non-Strong References 3.055ms
[72.786s][info][gc,phases   ] GC(488) Concurrent Reset Relocation Set 0.002ms
[72.789s][info][gc,phases   ] GC(488) Concurrent Select Relocation Set 3.664ms
[72.790s][info][gc,phases   ] GC(488) Pause Relocate Start 0.006ms
[72.793s][info][gc,phases   ] GC(488) Concurrent Relocate 2.999ms
[72.793s][info][gc,load     ] GC(488) Load: 0.00/0.00/0.00
[72.793s][info][gc,mmu      ] GC(488) MMU: 2ms/96.6%, 5ms/98.6%, 10ms/99.3%, 20ms/99.7%, 50ms/99.8%, 100ms/99.9%
[72.793s][info][gc,marking  ] GC(488) Mark: 4 stripe(s), 2 proactive flush(es), 1 terminate flush(es), 0 completion(s), 0 continuation(s) 
[72.793s][info][gc,marking  ] GC(488) Mark Stack Usage: 32M
[72.793s][info][gc,nmethod  ] GC(488) NMethods: 5378 registered, 2237 unregistered
[72.793s][info][gc,metaspace] GC(488) Metaspace: 60M used, 61M committed, 1088M reserved
[72.793s][info][gc,ref      ] GC(488) Soft: 3045 encountered, 0 discovered, 0 enqueued
[72.793s][info][gc,ref      ] GC(488) Weak: 5996 encountered, 3234 discovered, 0 enqueued
[72.793s][info][gc,ref      ] GC(488) Final: 60 encountered, 2 discovered, 0 enqueued
[72.793s][info][gc,ref      ] GC(488) Phantom: 608 encountered, 488 discovered, 0 enqueued
[72.793s][info][gc,reloc    ] GC(488) Small Pages: 252 / 504M, Empty: 276M, Relocated: 3M, In-Place: 0
[72.793s][info][gc,reloc    ] GC(488) Medium Pages: 1 / 32M, Empty: 0M, Relocated: 0M, In-Place: 0
[72.793s][info][gc,reloc    ] GC(488) Large Pages: 2 / 12M, Empty: 0M, Relocated: 0M, In-Place: 0
[72.793s][info][gc,reloc    ] GC(488) Forwarding Usage: 1M
[72.793s][info][gc,heap     ] GC(488) Min Capacity: 8M(1%)
[72.793s][info][gc,heap     ] GC(488) Max Capacity: 1024M(100%)
[72.793s][info][gc,heap     ] GC(488) Soft Max Capacity: 1024M(100%)
[72.793s][info][gc,heap     ] GC(488)                Mark Start          Mark End        Relocate Start      Relocate End           High               Low         
[72.793s][info][gc,heap     ] GC(488)  Capacity:     1024M (100%)       1024M (100%)       1024M (100%)       1024M (100%)       1024M (100%)       1024M (100%)   
[72.793s][info][gc,heap     ] GC(488)      Free:      476M (46%)         288M (28%)         548M (54%)         554M (54%)         556M (54%)         280M (27%)    
[72.793s][info][gc,heap     ] GC(488)      Used:      548M (54%)         736M (72%)         476M (46%)         470M (46%)         744M (73%)         468M (46%)    
[72.793s][info][gc,heap     ] GC(488)      Live:         -               204M (20%)         204M (20%)         204M (20%)            -                  -          
[72.793s][info][gc,heap     ] GC(488) Allocated:         -               188M (18%)         204M (20%)         211M (21%)            -                  -          
[72.793s][info][gc,heap     ] GC(488)   Garbage:         -               343M (34%)          67M (7%)           53M (5%)             -                  -          
[72.793s][info][gc,heap     ] GC(488) Reclaimed:         -                  -               276M (27%)         289M (28%)            -                  -          
[72.793s][info][gc          ] GC(488) Garbage Collection (Allocation Rate) 548M(54%)->470M(46%)
[72.798s][info][gc,start    ] GC(489) Garbage Collection (Allocation Rate)
[72.798s][info][gc,task     ] GC(489) Using 6 workers
[72.798s][info][gc,phases   ] GC(489) Pause Mark Start 0.006ms
[72.876s][info][gc,phases   ] GC(489) Concurrent Mark 77.883ms
[72.876s][info][gc,phases   ] GC(489) Pause Mark End 0.018ms
[72.876s][info][gc,phases   ] GC(489) Concurrent Mark Free 0.001ms
[72.879s][info][gc,phases   ] GC(489) Concurrent Process Non-Strong References 2.879ms
[72.879s][info][gc,phases   ] GC(489) Concurrent Reset Relocation Set 0.002ms
[72.883s][info][gc,phases   ] GC(489) Concurrent Select Relocation Set 3.674ms
[72.883s][info][gc,phases   ] GC(489) Pause Relocate Start 0.005ms
[72.886s][info][gc,phases   ] GC(489) Concurrent Relocate 2.974ms
[72.886s][info][gc,load     ] GC(489) Load: 0.00/0.00/0.00
[72.886s][info][gc,mmu      ] GC(489) MMU: 2ms/96.6%, 5ms/98.6%, 10ms/99.3%, 20ms/99.7%, 50ms/99.8%, 100ms/99.9%
[72.886s][info][gc,marking  ] GC(489) Mark: 4 stripe(s), 2 proactive flush(es), 1 terminate flush(es), 0 completion(s), 0 continuation(s) 
[72.886s][info][gc,marking  ] GC(489) Mark Stack Usage: 32M
[72.886s][info][gc,nmethod  ] GC(489) NMethods: 5378 registered, 2237 unregistered
[72.886s][info][gc,metaspace] GC(489) Metaspace: 60M used, 61M committed, 1088M reserved
[72.886s][info][gc,ref      ] GC(489) Soft: 3045 encountered, 0 discovered, 0 enqueued
[72.886s][info][gc,ref      ] GC(489) Weak: 5996 encountered, 3273 discovered, 0 enqueued
[72.886s][info][gc,ref      ] GC(489) Final: 60 encountered, 2 discovered, 0 enqueued
[72.886s][info][gc,ref      ] GC(489) Phantom: 608 encountered, 495 discovered, 0 enqueued
[72.886s][info][gc,reloc    ] GC(489) Small Pages: 219 / 438M, Empty: 210M, Relocated: 3M, In-Place: 0
[72.887s][info][gc,reloc    ] GC(489) Medium Pages: 1 / 32M, Empty: 0M, Relocated: 0M, In-Place: 0
[72.887s][info][gc,reloc    ] GC(489) Large Pages: 2 / 12M, Empty: 0M, Relocated: 0M, In-Place: 0
[72.887s][info][gc,reloc    ] GC(489) Forwarding Usage: 1M
[72.887s][info][gc,heap     ] GC(489) Min Capacity: 8M(1%)
[72.887s][info][gc,heap     ] GC(489) Max Capacity: 1024M(100%)
[72.887s][info][gc,heap     ] GC(489) Soft Max Capacity: 1024M(100%)
[72.887s][info][gc,heap     ] GC(489)                Mark Start          Mark End        Relocate Start      Relocate End           High               Low         
[72.887s][info][gc,heap     ] GC(489)  Capacity:     1024M (100%)       1024M (100%)       1024M (100%)       1024M (100%)       1024M (100%)       1024M (100%)   
[72.887s][info][gc,heap     ] GC(489)      Free:      542M (53%)         338M (33%)         528M (52%)         536M (52%)         542M (53%)         328M (32%)    
[72.887s][info][gc,heap     ] GC(489)      Used:      482M (47%)         686M (67%)         496M (48%)         488M (48%)         696M (68%)         482M (47%)    
[72.887s][info][gc,heap     ] GC(489)      Live:         -               204M (20%)         204M (20%)         204M (20%)            -                  -          
[72.887s][info][gc,heap     ] GC(489) Allocated:         -               204M (20%)         224M (22%)         229M (22%)            -                  -          
[72.887s][info][gc,heap     ] GC(489)   Garbage:         -               277M (27%)          67M (7%)           53M (5%)             -                  -          
[72.887s][info][gc,heap     ] GC(489) Reclaimed:         -                  -               210M (21%)         223M (22%)            -                  -          
[72.887s][info][gc          ] GC(489) Garbage Collection (Allocation Rate) 482M(47%)->488M(48%)
[72.907s][info][gc,start    ] GC(490) Garbage Collection (Allocation Rate)
[72.907s][info][gc,task     ] GC(490) Using 6 workers
[72.908s][info][gc,phases   ] GC(490) Pause Mark Start 0.012ms
[72.985s][info][gc,phases   ] GC(490) Concurrent Mark 77.784ms
[72.986s][info][gc,phases   ] GC(490) Pause Mark End 0.029ms
[72.986s][info][gc,phases   ] GC(490) Concurrent Mark Free 0.001ms
[72.989s][info][gc,phases   ] GC(490) Concurrent Process Non-Strong References 3.004ms
[72.989s][info][gc,phases   ] GC(490) Concurrent Reset Relocation Set 0.002ms
[72.992s][info][gc,phases   ] GC(490) Concurrent Select Relocation Set 3.637ms
[72.993s][info][gc,phases   ] GC(490) Pause Relocate Start 0.007ms
[72.996s][info][gc,phases   ] GC(490) Concurrent Relocate 2.948ms
[72.996s][info][gc,load     ] GC(490) Load: 0.00/0.00/0.00
[72.996s][info][gc,mmu      ] GC(490) MMU: 2ms/96.6%, 5ms/98.6%, 10ms/99.3%, 20ms/99.7%, 50ms/99.8%, 100ms/99.9%
[72.996s][info][gc,marking  ] GC(490) Mark: 4 stripe(s), 2 proactive flush(es), 1 terminate flush(es), 0 completion(s), 0 continuation(s) 
[72.996s][info][gc,marking  ] GC(490) Mark Stack Usage: 32M
[72.996s][info][gc,nmethod  ] GC(490) NMethods: 5378 registered, 2237 unregistered
[72.996s][info][gc,metaspace] GC(490) Metaspace: 60M used, 61M committed, 1088M reserved
[72.996s][info][gc,ref      ] GC(490) Soft: 3045 encountered, 0 discovered, 0 enqueued
[72.996s][info][gc,ref      ] GC(490) Weak: 5996 encountered, 2224 discovered, 0 enqueued
[72.996s][info][gc,ref      ] GC(490) Final: 60 encountered, 1 discovered, 0 enqueued
[72.996s][info][gc,ref      ] GC(490) Phantom: 608 encountered, 462 discovered, 0 enqueued
[72.996s][info][gc,reloc    ] GC(490) Small Pages: 244 / 488M, Empty: 262M, Relocated: 3M, In-Place: 0
[72.996s][info][gc,reloc    ] GC(490) Medium Pages: 1 / 32M, Empty: 0M, Relocated: 0M, In-Place: 0
[72.996s][info][gc,reloc    ] GC(490) Large Pages: 2 / 12M, Empty: 0M, Relocated: 0M, In-Place: 0
[72.996s][info][gc,reloc    ] GC(490) Forwarding Usage: 1M
[72.996s][info][gc,heap     ] GC(490) Min Capacity: 8M(1%)
[72.996s][info][gc,heap     ] GC(490) Max Capacity: 1024M(100%)
[72.996s][info][gc,heap     ] GC(490) Soft Max Capacity: 1024M(100%)
[72.996s][info][gc,heap     ] GC(490)                Mark Start          Mark End        Relocate Start      Relocate End           High               Low         
[72.996s][info][gc,heap     ] GC(490)  Capacity:     1024M (100%)       1024M (100%)       1024M (100%)       1024M (100%)       1024M (100%)       1024M (100%)   
[72.996s][info][gc,heap     ] GC(490)      Free:      492M (48%)         330M (32%)         576M (56%)         582M (57%)         584M (57%)         322M (31%)    
[72.996s][info][gc,heap     ] GC(490)      Used:      532M (52%)         694M (68%)         448M (44%)         442M (43%)         702M (69%)         440M (43%)    
[72.996s][info][gc,heap     ] GC(490)      Live:         -               204M (20%)         204M (20%)         204M (20%)            -                  -          
[72.996s][info][gc,heap     ] GC(490) Allocated:         -               162M (16%)         178M (17%)         183M (18%)            -                  -          
[72.996s][info][gc,heap     ] GC(490)   Garbage:         -               327M (32%)          65M (6%)           53M (5%)             -                  -          
[72.996s][info][gc,heap     ] GC(490) Reclaimed:         -                  -               262M (26%)         273M (27%)            -                  -          
[72.996s][info][gc          ] GC(490) Garbage Collection (Allocation Rate) 532M(52%)->442M(43%)
[73.001s][info][gc,start    ] GC(491) Garbage Collection (Allocation Rate)
[73.001s][info][gc,task     ] GC(491) Using 6 workers
[73.001s][info][gc,phases   ] GC(491) Pause Mark Start 0.008ms
[73.071s][info][gc,phases   ] GC(491) Concurrent Mark 69.939ms
[73.071s][info][gc,phases   ] GC(491) Pause Mark End 0.018ms
[73.071s][info][gc,phases   ] GC(491) Concurrent Mark Free 0.001ms
[73.074s][info][gc,phases   ] GC(491) Concurrent Process Non-Strong References 2.288ms
[73.074s][info][gc,phases   ] GC(491) Concurrent Reset Relocation Set 0.002ms
[73.077s][info][gc,phases   ] GC(491) Concurrent Select Relocation Set 3.607ms
[73.078s][info][gc,phases   ] GC(491) Pause Relocate Start 0.008ms
[73.081s][info][gc,phases   ] GC(491) Concurrent Relocate 2.971ms
[73.081s][info][gc,load     ] GC(491) Load: 0.00/0.00/0.00
[73.081s][info][gc,mmu      ] GC(491) MMU: 2ms/96.6%, 5ms/98.6%, 10ms/99.3%, 20ms/99.7%, 50ms/99.8%, 100ms/99.9%
[73.081s][info][gc,marking  ] GC(491) Mark: 4 stripe(s), 2 proactive flush(es), 1 terminate flush(es), 0 completion(s), 0 continuation(s) 
[73.081s][info][gc,marking  ] GC(491) Mark Stack Usage: 32M
[73.081s][info][gc,nmethod  ] GC(491) NMethods: 5383 registered, 2237 unregistered
[73.081s][info][gc,metaspace] GC(491) Metaspace: 60M used, 61M committed, 1088M reserved
[73.081s][info][gc,ref      ] GC(491) Soft: 3045 encountered, 0 discovered, 0 enqueued
[73.081s][info][gc,ref      ] GC(491) Weak: 5992 encountered, 1630 discovered, 0 enqueued
[73.081s][info][gc,ref      ] GC(491) Final: 60 encountered, 6 discovered, 0 enqueued
[73.081s][info][gc,ref      ] GC(491) Phantom: 608 encountered, 264 discovered, 0 enqueued
[73.081s][info][gc,reloc    ] GC(491) Small Pages: 206 / 412M, Empty: 188M, Relocated: 3M, In-Place: 0
[73.081s][info][gc,reloc    ] GC(491) Medium Pages: 1 / 32M, Empty: 0M, Relocated: 0M, In-Place: 0
[73.081s][info][gc,reloc    ] GC(491) Large Pages: 2 / 12M, Empty: 0M, Relocated: 0M, In-Place: 0
[73.081s][info][gc,reloc    ] GC(491) Forwarding Usage: 1M
[73.081s][info][gc,heap     ] GC(491) Min Capacity: 8M(1%)
[73.081s][info][gc,heap     ] GC(491) Max Capacity: 1024M(100%)
[73.081s][info][gc,heap     ] GC(491) Soft Max Capacity: 1024M(100%)
[73.081s][info][gc,heap     ] GC(491)                Mark Start          Mark End        Relocate Start      Relocate End           High               Low         
[73.081s][info][gc,heap     ] GC(491)  Capacity:     1024M (100%)       1024M (100%)       1024M (100%)       1024M (100%)       1024M (100%)       1024M (100%)   
[73.081s][info][gc,heap     ] GC(491)      Free:      568M (55%)         438M (43%)         626M (61%)         636M (62%)         636M (62%)         438M (43%)    
[73.081s][info][gc,heap     ] GC(491)      Used:      456M (45%)         586M (57%)         398M (39%)         388M (38%)         586M (57%)         388M (38%)    
[73.081s][info][gc,heap     ] GC(491)      Live:         -               204M (20%)         204M (20%)         204M (20%)            -                  -          
[73.081s][info][gc,heap     ] GC(491) Allocated:         -               130M (13%)         130M (13%)         130M (13%)            -                  -          
[73.081s][info][gc,heap     ] GC(491)   Garbage:         -               251M (25%)          63M (6%)           53M (5%)             -                  -          
[73.081s][info][gc,heap     ] GC(491) Reclaimed:         -                  -               188M (18%)         198M (19%)            -                  -          
[73.081s][info][gc          ] GC(491) Garbage Collection (Allocation Rate) 456M(45%)->388M(38%)
[73.081s][info][gc,start    ] GC(492) Garbage Collection (System.gc())
[73.081s][info][gc,task     ] GC(492) Using 10 workers
[73.082s][info][gc,phases   ] GC(492) Pause Mark Start 0.006ms
[73.134s][info][gc,phases   ] GC(492) Concurrent Mark 52.102ms
[73.134s][info][gc,phases   ] GC(492) Pause Mark End 0.032ms
[73.134s][info][gc,phases   ] GC(492) Concurrent Mark Free 0.001ms
[73.136s][info][gc,phases   ] GC(492) Concurrent Process Non-Strong References 1.929ms
[73.136s][info][gc,phases   ] GC(492) Concurrent Reset Relocation Set 0.001ms
[73.138s][info][gc,phases   ] GC(492) Concurrent Select Relocation Set 2.521ms
[73.139s][info][gc,phases   ] GC(492) Pause Relocate Start 0.007ms
[73.140s][info][gc,phases   ] GC(492) Concurrent Relocate 1.760ms
[73.140s][info][gc,load     ] GC(492) Load: 0.00/0.00/0.00
[73.140s][info][gc,mmu      ] GC(492) MMU: 2ms/96.6%, 5ms/98.6%, 10ms/99.3%, 20ms/99.7%, 50ms/99.8%, 100ms/99.9%
[73.140s][info][gc,marking  ] GC(492) Mark: 8 stripe(s), 2 proactive flush(es), 1 terminate flush(es), 0 completion(s), 0 continuation(s) 
[73.140s][info][gc,marking  ] GC(492) Mark Stack Usage: 32M
[73.140s][info][gc,nmethod  ] GC(492) NMethods: 5383 registered, 2239 unregistered
[73.140s][info][gc,metaspace] GC(492) Metaspace: 60M used, 61M committed, 1088M reserved
[73.140s][info][gc,ref      ] GC(492) Soft: 3043 encountered, 0 discovered, 0 enqueued
[73.140s][info][gc,ref      ] GC(492) Weak: 6064 encountered, 939 discovered, 121 enqueued
[73.140s][info][gc,ref      ] GC(492) Final: 60 encountered, 1 discovered, 0 enqueued
[73.140s][info][gc,ref      ] GC(492) Phantom: 608 encountered, 598 discovered, 0 enqueued
[73.141s][info][gc,reloc    ] GC(492) Small Pages: 169 / 338M, Empty: 108M, Relocated: 3M, In-Place: 0
[73.141s][info][gc,reloc    ] GC(492) Medium Pages: 1 / 32M, Empty: 0M, Relocated: 0M, In-Place: 0
[73.141s][info][gc,reloc    ] GC(492) Large Pages: 3 / 18M, Empty: 6M, Relocated: 0M, In-Place: 0
[73.141s][info][gc,reloc    ] GC(492) Forwarding Usage: 1M
[73.141s][info][gc,heap     ] GC(492) Min Capacity: 8M(1%)
[73.141s][info][gc,heap     ] GC(492) Max Capacity: 1024M(100%)
[73.141s][info][gc,heap     ] GC(492) Soft Max Capacity: 1024M(100%)
[73.141s][info][gc,heap     ] GC(492)                Mark Start          Mark End        Relocate Start      Relocate End           High               Low         
[73.141s][info][gc,heap     ] GC(492)  Capacity:     1024M (100%)       1024M (100%)       1024M (100%)       1024M (100%)       1024M (100%)       1024M (100%)   
[73.141s][info][gc,heap     ] GC(492)      Free:      636M (62%)         634M (62%)         744M (73%)         752M (73%)         752M (73%)         630M (62%)    
[73.141s][info][gc,heap     ] GC(492)      Used:      388M (38%)         390M (38%)         280M (27%)         272M (27%)         394M (38%)         272M (27%)    
[73.141s][info][gc,heap     ] GC(492)      Live:         -               204M (20%)         204M (20%)         204M (20%)            -                  -          
[73.141s][info][gc,heap     ] GC(492) Allocated:         -                 2M (0%)            6M (1%)            6M (1%)             -                  -          
[73.141s][info][gc,heap     ] GC(492)   Garbage:         -               183M (18%)          69M (7%)           61M (6%)             -                  -          
[73.141s][info][gc,heap     ] GC(492) Reclaimed:         -                  -               114M (11%)         122M (12%)            -                  -          
[73.141s][info][gc          ] GC(492) Garbage Collection (System.gc()) 388M(38%)->272M(27%)
[73.306s][info][gc,start    ] GC(493) Garbage Collection (Allocation Rate)
[73.306s][info][gc,task     ] GC(493) Using 7 workers
[73.306s][info][gc,phases   ] GC(493) Pause Mark Start 0.014ms
[73.368s][info][gc,phases   ] GC(493) Concurrent Mark 62.144ms
[73.368s][info][gc,phases   ] GC(493) Pause Mark End 0.019ms
[73.368s][info][gc,phases   ] GC(493) Concurrent Mark Free 0.001ms
[73.371s][info][gc,phases   ] GC(493) Concurrent Process Non-Strong References 2.328ms
[73.371s][info][gc,phases   ] GC(493) Concurrent Reset Relocation Set 0.002ms
[73.376s][info][gc,phases   ] GC(493) Concurrent Select Relocation Set 5.498ms
[73.376s][info][gc,phases   ] GC(493) Pause Relocate Start 0.008ms
[73.378s][info][gc,phases   ] GC(493) Concurrent Relocate 2.099ms
[73.379s][info][gc,load     ] GC(493) Load: 0.00/0.00/0.00
[73.379s][info][gc,mmu      ] GC(493) MMU: 2ms/96.6%, 5ms/98.6%, 10ms/99.3%, 20ms/99.7%, 50ms/99.8%, 100ms/99.9%
[73.379s][info][gc,marking  ] GC(493) Mark: 4 stripe(s), 3 proactive flush(es), 1 terminate flush(es), 0 completion(s), 0 continuation(s) 
[73.379s][info][gc,marking  ] GC(493) Mark Stack Usage: 32M
[73.379s][info][gc,nmethod  ] GC(493) NMethods: 5388 registered, 2242 unregistered
[73.379s][info][gc,metaspace] GC(493) Metaspace: 60M used, 61M committed, 1088M reserved
[73.379s][info][gc,ref      ] GC(493) Soft: 3045 encountered, 0 discovered, 0 enqueued
[73.379s][info][gc,ref      ] GC(493) Weak: 6078 encountered, 555 discovered, 74 enqueued
[73.379s][info][gc,ref      ] GC(493) Final: 60 encountered, 0 discovered, 0 enqueued
[73.379s][info][gc,ref      ] GC(493) Phantom: 608 encountered, 356 discovered, 0 enqueued
[73.379s][info][gc,reloc    ] GC(493) Small Pages: 279 / 558M, Empty: 304M, Relocated: 3M, In-Place: 0
[73.379s][info][gc,reloc    ] GC(493) Medium Pages: 2 / 64M, Empty: 32M, Relocated: 0M, In-Place: 0
[73.379s][info][gc,reloc    ] GC(493) Large Pages: 4 / 24M, Empty: 12M, Relocated: 0M, In-Place: 0
[73.379s][info][gc,reloc    ] GC(493) Forwarding Usage: 1M
[73.379s][info][gc,heap     ] GC(493) Min Capacity: 8M(1%)
[73.379s][info][gc,heap     ] GC(493) Max Capacity: 1024M(100%)
[73.379s][info][gc,heap     ] GC(493) Soft Max Capacity: 1024M(100%)
[73.379s][info][gc,heap     ] GC(493)                Mark Start          Mark End        Relocate Start      Relocate End           High               Low         
[73.379s][info][gc,heap     ] GC(493)  Capacity:     1024M (100%)       1024M (100%)       1024M (100%)       1024M (100%)       1024M (100%)       1024M (100%)   
[73.379s][info][gc,heap     ] GC(493)      Free:      378M (37%)         188M (18%)         504M (49%)         538M (53%)         538M (53%)         180M (18%)    
[73.379s][info][gc,heap     ] GC(493)      Used:      646M (63%)         836M (82%)         520M (51%)         486M (47%)         844M (82%)         486M (47%)    
[73.379s][info][gc,heap     ] GC(493)      Live:         -               204M (20%)         204M (20%)         204M (20%)            -                  -          
[73.379s][info][gc,heap     ] GC(493) Allocated:         -               190M (19%)         222M (22%)         225M (22%)            -                  -          
[73.379s][info][gc,heap     ] GC(493)   Garbage:         -               441M (43%)          93M (9%)           55M (5%)             -                  -          
[73.379s][info][gc,heap     ] GC(493) Reclaimed:         -                  -               348M (34%)         385M (38%)            -                  -          
[73.379s][info][gc          ] GC(493) Garbage Collection (Allocation Rate) 646M(63%)->486M(47%)
[73.399s][info][gc,start    ] GC(494) Garbage Collection (Allocation Rate)
[73.399s][info][gc,task     ] GC(494) Using 7 workers
[73.399s][info][gc,phases   ] GC(494) Pause Mark Start 0.010ms
[73.462s][info][gc,phases   ] GC(494) Concurrent Mark 62.159ms
[73.462s][info][gc,phases   ] GC(494) Pause Mark End 0.023ms
[73.462s][info][gc,phases   ] GC(494) Concurrent Mark Free 0.001ms
[73.464s][info][gc,phases   ] GC(494) Concurrent Process Non-Strong References 2.223ms
[73.464s][info][gc,phases   ] GC(494) Concurrent Reset Relocation Set 0.003ms
[73.468s][info][gc,phases   ] GC(494) Concurrent Select Relocation Set 3.655ms
[73.468s][info][gc,phases   ] GC(494) Pause Relocate Start 0.007ms
[73.471s][info][gc,phases   ] GC(494) Concurrent Relocate 2.926ms
[73.471s][info][gc,load     ] GC(494) Load: 0.00/0.00/0.00
[73.471s][info][gc,mmu      ] GC(494) MMU: 2ms/96.6%, 5ms/98.6%, 10ms/99.3%, 20ms/99.7%, 50ms/99.8%, 100ms/99.9%
[73.471s][info][gc,marking  ] GC(494) Mark: 4 stripe(s), 2 proactive flush(es), 1 terminate flush(es), 0 completion(s), 0 continuation(s) 
[73.471s][info][gc,marking  ] GC(494) Mark Stack Usage: 32M
[73.471s][info][gc,nmethod  ] GC(494) NMethods: 5388 registered, 2242 unregistered
[73.471s][info][gc,metaspace] GC(494) Metaspace: 60M used, 61M committed, 1088M reserved
[73.471s][info][gc,ref      ] GC(494) Soft: 3045 encountered, 0 discovered, 0 enqueued
[73.471s][info][gc,ref      ] GC(494) Weak: 6004 encountered, 527 discovered, 14 enqueued
[73.471s][info][gc,ref      ] GC(494) Final: 60 encountered, 1 discovered, 0 enqueued
[73.471s][info][gc,ref      ] GC(494) Phantom: 608 encountered, 381 discovered, 0 enqueued
[73.471s][info][gc,reloc    ] GC(494) Small Pages: 242 / 484M, Empty: 252M, Relocated: 3M, In-Place: 0
[73.471s][info][gc,reloc    ] GC(494) Medium Pages: 1 / 32M, Empty: 0M, Relocated: 0M, In-Place: 0
[73.471s][info][gc,reloc    ] GC(494) Large Pages: 2 / 12M, Empty: 0M, Relocated: 0M, In-Place: 0
[73.471s][info][gc,reloc    ] GC(494) Forwarding Usage: 1M
[73.471s][info][gc,heap     ] GC(494) Min Capacity: 8M(1%)
[73.471s][info][gc,heap     ] GC(494) Max Capacity: 1024M(100%)
[73.472s][info][gc,heap     ] GC(494) Soft Max Capacity: 1024M(100%)
[73.472s][info][gc,heap     ] GC(494)                Mark Start          Mark End        Relocate Start      Relocate End           High               Low         
[73.472s][info][gc,heap     ] GC(494)  Capacity:     1024M (100%)       1024M (100%)       1024M (100%)       1024M (100%)       1024M (100%)       1024M (100%)   
[73.472s][info][gc,heap     ] GC(494)      Free:      496M (48%)         368M (36%)         608M (59%)         618M (60%)         620M (61%)         364M (36%)    
[73.472s][info][gc,heap     ] GC(494)      Used:      528M (52%)         656M (64%)         416M (41%)         406M (40%)         660M (64%)         404M (39%)    
[73.472s][info][gc,heap     ] GC(494)      Live:         -               204M (20%)         204M (20%)         204M (20%)            -                  -          
[73.472s][info][gc,heap     ] GC(494) Allocated:         -               128M (13%)         140M (14%)         145M (14%)            -                  -          
[73.472s][info][gc,heap     ] GC(494)   Garbage:         -               323M (32%)          71M (7%)           55M (5%)             -                  -          
[73.472s][info][gc,heap     ] GC(494) Reclaimed:         -                  -               252M (25%)         267M (26%)            -                  -          
[73.472s][info][gc          ] GC(494) Garbage Collection (Allocation Rate) 528M(52%)->406M(40%)
[73.602s][info][gc,start    ] GC(495) Garbage Collection (Allocation Rate)
[73.602s][info][gc,task     ] GC(495) Using 6 workers
[73.603s][info][gc,phases   ] GC(495) Pause Mark Start 0.013ms
[73.680s][info][gc,phases   ] GC(495) Concurrent Mark 77.779ms
[73.681s][info][gc,phases   ] GC(495) Pause Mark End 0.027ms
[73.681s][info][gc,phases   ] GC(495) Concurrent Mark Free 0.001ms
[73.684s][info][gc,phases   ] GC(495) Concurrent Process Non-Strong References 3.014ms
[73.684s][info][gc,phases   ] GC(495) Concurrent Reset Relocation Set 0.002ms
[73.687s][info][gc,phases   ] GC(495) Concurrent Select Relocation Set 3.672ms
[73.688s][info][gc,phases   ] GC(495) Pause Relocate Start 0.007ms
[73.690s][info][gc,phases   ] GC(495) Concurrent Relocate 2.142ms
[73.690s][info][gc,load     ] GC(495) Load: 0.00/0.00/0.00
[73.690s][info][gc,mmu      ] GC(495) MMU: 2ms/96.6%, 5ms/98.6%, 10ms/99.3%, 20ms/99.7%, 50ms/99.8%, 100ms/99.9%
[73.690s][info][gc,marking  ] GC(495) Mark: 4 stripe(s), 2 proactive flush(es), 1 terminate flush(es), 0 completion(s), 0 continuation(s) 
[73.690s][info][gc,marking  ] GC(495) Mark Stack Usage: 32M
[73.690s][info][gc,nmethod  ] GC(495) NMethods: 5388 registered, 2242 unregistered
[73.690s][info][gc,metaspace] GC(495) Metaspace: 60M used, 61M committed, 1088M reserved
[73.690s][info][gc,ref      ] GC(495) Soft: 3045 encountered, 0 discovered, 0 enqueued
[73.690s][info][gc,ref      ] GC(495) Weak: 5990 encountered, 1605 discovered, 0 enqueued
[73.690s][info][gc,ref      ] GC(495) Final: 60 encountered, 5 discovered, 0 enqueued
[73.690s][info][gc,ref      ] GC(495) Phantom: 608 encountered, 446 discovered, 0 enqueued
[73.690s][info][gc,reloc    ] GC(495) Small Pages: 330 / 660M, Empty: 430M, Relocated: 3M, In-Place: 0
[73.690s][info][gc,reloc    ] GC(495) Medium Pages: 1 / 32M, Empty: 0M, Relocated: 0M, In-Place: 0
[73.690s][info][gc,reloc    ] GC(495) Large Pages: 2 / 12M, Empty: 0M, Relocated: 0M, In-Place: 0
[73.690s][info][gc,reloc    ] GC(495) Forwarding Usage: 1M
[73.690s][info][gc,heap     ] GC(495) Min Capacity: 8M(1%)
[73.690s][info][gc,heap     ] GC(495) Max Capacity: 1024M(100%)
[73.690s][info][gc,heap     ] GC(495) Soft Max Capacity: 1024M(100%)
[73.690s][info][gc,heap     ] GC(495)                Mark Start          Mark End        Relocate Start      Relocate End           High               Low         
[73.690s][info][gc,heap     ] GC(495)  Capacity:     1024M (100%)       1024M (100%)       1024M (100%)       1024M (100%)       1024M (100%)       1024M (100%)   
[73.690s][info][gc,heap     ] GC(495)      Free:      320M (31%)         134M (13%)         548M (54%)         558M (54%)         558M (54%)         128M (13%)    
[73.690s][info][gc,heap     ] GC(495)      Used:      704M (69%)         890M (87%)         476M (46%)         466M (46%)         896M (88%)         466M (46%)    
[73.690s][info][gc,heap     ] GC(495)      Live:         -               204M (20%)         204M (20%)         204M (20%)            -                  -          
[73.691s][info][gc,heap     ] GC(495) Allocated:         -               186M (18%)         202M (20%)         207M (20%)            -                  -          
[73.691s][info][gc,heap     ] GC(495)   Garbage:         -               499M (49%)          69M (7%)           53M (5%)             -                  -          
[73.691s][info][gc,heap     ] GC(495) Reclaimed:         -                  -               430M (42%)         445M (44%)            -                  -          
[73.691s][info][gc          ] GC(495) Garbage Collection (Allocation Rate) 704M(69%)->466M(46%)
[73.696s][info][gc,start    ] GC(496) Garbage Collection (Allocation Rate)
[73.696s][info][gc,task     ] GC(496) Using 6 workers
[73.696s][info][gc,phases   ] GC(496) Pause Mark Start 0.008ms
[73.774s][info][gc,phases   ] GC(496) Concurrent Mark 77.827ms
[73.774s][info][gc,phases   ] GC(496) Pause Mark End 0.036ms
[73.774s][info][gc,phases   ] GC(496) Concurrent Mark Free 0.001ms
[73.778s][info][gc,phases   ] GC(496) Concurrent Process Non-Strong References 3.217ms
[73.778s][info][gc,phases   ] GC(496) Concurrent Reset Relocation Set 0.002ms
[73.782s][info][gc,phases   ] GC(496) Concurrent Select Relocation Set 3.694ms
[73.782s][info][gc,phases   ] GC(496) Pause Relocate Start 0.009ms
[73.784s][info][gc,phases   ] GC(496) Concurrent Relocate 2.194ms
[73.784s][info][gc,load     ] GC(496) Load: 0.00/0.00/0.00
[73.784s][info][gc,mmu      ] GC(496) MMU: 2ms/96.6%, 5ms/98.6%, 10ms/99.3%, 20ms/99.7%, 50ms/99.8%, 100ms/99.9%
[73.784s][info][gc,marking  ] GC(496) Mark: 4 stripe(s), 2 proactive flush(es), 1 terminate flush(es), 0 completion(s), 0 continuation(s) 
[73.784s][info][gc,marking  ] GC(496) Mark Stack Usage: 32M
[73.784s][info][gc,nmethod  ] GC(496) NMethods: 5388 registered, 2242 unregistered
[73.784s][info][gc,metaspace] GC(496) Metaspace: 60M used, 61M committed, 1088M reserved
[73.784s][info][gc,ref      ] GC(496) Soft: 3045 encountered, 0 discovered, 0 enqueued
[73.784s][info][gc,ref      ] GC(496) Weak: 5990 encountered, 2880 discovered, 0 enqueued
[73.784s][info][gc,ref      ] GC(496) Final: 60 encountered, 2 discovered, 0 enqueued
[73.784s][info][gc,ref      ] GC(496) Phantom: 608 encountered, 448 discovered, 0 enqueued
[73.784s][info][gc,reloc    ] GC(496) Small Pages: 222 / 444M, Empty: 220M, Relocated: 3M, In-Place: 0
[73.784s][info][gc,reloc    ] GC(496) Medium Pages: 1 / 32M, Empty: 0M, Relocated: 0M, In-Place: 0
[73.784s][info][gc,reloc    ] GC(496) Large Pages: 2 / 12M, Empty: 0M, Relocated: 0M, In-Place: 0
[73.784s][info][gc,reloc    ] GC(496) Forwarding Usage: 1M
[73.784s][info][gc,heap     ] GC(496) Min Capacity: 8M(1%)
[73.784s][info][gc,heap     ] GC(496) Max Capacity: 1024M(100%)
[73.784s][info][gc,heap     ] GC(496) Soft Max Capacity: 1024M(100%)
[73.784s][info][gc,heap     ] GC(496)                Mark Start          Mark End        Relocate Start      Relocate End           High               Low         
[73.784s][info][gc,heap     ] GC(496)  Capacity:     1024M (100%)       1024M (100%)       1024M (100%)       1024M (100%)       1024M (100%)       1024M (100%)   
[73.785s][info][gc,heap     ] GC(496)      Free:      536M (52%)         300M (29%)         496M (48%)         500M (49%)         536M (52%)         286M (28%)    
[73.785s][info][gc,heap     ] GC(496)      Used:      488M (48%)         724M (71%)         528M (52%)         524M (51%)         738M (72%)         488M (48%)    
[73.785s][info][gc,heap     ] GC(496)      Live:         -               204M (20%)         204M (20%)         204M (20%)            -                  -          
[73.785s][info][gc,heap     ] GC(496) Allocated:         -               236M (23%)         260M (25%)         265M (26%)            -                  -          
[73.785s][info][gc,heap     ] GC(496)   Garbage:         -               283M (28%)          63M (6%)           53M (5%)             -                  -          
[73.785s][info][gc,heap     ] GC(496) Reclaimed:         -                  -               220M (21%)         229M (22%)            -                  -          
[73.785s][info][gc          ] GC(496) Garbage Collection (Allocation Rate) 488M(48%)->524M(51%)
[73.805s][info][gc,start    ] GC(497) Garbage Collection (Allocation Rate)
[73.805s][info][gc,task     ] GC(497) Using 6 workers
[73.806s][info][gc,phases   ] GC(497) Pause Mark Start 0.013ms
[73.884s][info][gc,phases   ] GC(497) Concurrent Mark 77.721ms
[73.884s][info][gc,phases   ] GC(497) Pause Mark End 0.017ms
[73.884s][info][gc,phases   ] GC(497) Concurrent Mark Free 0.001ms
[73.887s][info][gc,phases   ] GC(497) Concurrent Process Non-Strong References 3.051ms
[73.887s][info][gc,phases   ] GC(497) Concurrent Reset Relocation Set 0.002ms
[73.891s][info][gc,phases   ] GC(497) Concurrent Select Relocation Set 3.645ms
[73.891s][info][gc,phases   ] GC(497) Pause Relocate Start 0.006ms
[73.894s][info][gc,phases   ] GC(497) Concurrent Relocate 3.020ms
[73.894s][info][gc,load     ] GC(497) Load: 0.00/0.00/0.00
[73.894s][info][gc,mmu      ] GC(497) MMU: 2ms/96.6%, 5ms/98.6%, 10ms/99.3%, 20ms/99.7%, 50ms/99.8%, 100ms/99.9%
[73.894s][info][gc,marking  ] GC(497) Mark: 4 stripe(s), 2 proactive flush(es), 1 terminate flush(es), 0 completion(s), 0 continuation(s) 
[73.894s][info][gc,marking  ] GC(497) Mark Stack Usage: 32M
[73.894s][info][gc,nmethod  ] GC(497) NMethods: 5388 registered, 2242 unregistered
[73.894s][info][gc,metaspace] GC(497) Metaspace: 60M used, 61M committed, 1088M reserved
[73.894s][info][gc,ref      ] GC(497) Soft: 3045 encountered, 0 discovered, 0 enqueued
[73.894s][info][gc,ref      ] GC(497) Weak: 5990 encountered, 2892 discovered, 0 enqueued
[73.894s][info][gc,ref      ] GC(497) Final: 60 encountered, 1 discovered, 0 enqueued
[73.894s][info][gc,ref      ] GC(497) Phantom: 608 encountered, 453 discovered, 0 enqueued
[73.894s][info][gc,reloc    ] GC(497) Small Pages: 265 / 530M, Empty: 302M, Relocated: 3M, In-Place: 0
[73.894s][info][gc,reloc    ] GC(497) Medium Pages: 1 / 32M, Empty: 0M, Relocated: 0M, In-Place: 0
[73.894s][info][gc,reloc    ] GC(497) Large Pages: 2 / 12M, Empty: 0M, Relocated: 0M, In-Place: 0
[73.894s][info][gc,reloc    ] GC(497) Forwarding Usage: 1M
[73.894s][info][gc,heap     ] GC(497) Min Capacity: 8M(1%)
[73.894s][info][gc,heap     ] GC(497) Max Capacity: 1024M(100%)
[73.894s][info][gc,heap     ] GC(497) Soft Max Capacity: 1024M(100%)
[73.894s][info][gc,heap     ] GC(497)                Mark Start          Mark End        Relocate Start      Relocate End           High               Low         
[73.894s][info][gc,heap     ] GC(497)  Capacity:     1024M (100%)       1024M (100%)       1024M (100%)       1024M (100%)       1024M (100%)       1024M (100%)   
[73.894s][info][gc,heap     ] GC(497)      Free:      450M (44%)         230M (22%)         508M (50%)         512M (50%)         516M (50%)         218M (21%)    
[73.894s][info][gc,heap     ] GC(497)      Used:      574M (56%)         794M (78%)         516M (50%)         512M (50%)         806M (79%)         508M (50%)    
[73.894s][info][gc,heap     ] GC(497)      Live:         -               204M (20%)         204M (20%)         204M (20%)            -                  -          
[73.894s][info][gc,heap     ] GC(497) Allocated:         -               220M (21%)         244M (24%)         253M (25%)            -                  -          
[73.894s][info][gc,heap     ] GC(497)   Garbage:         -               369M (36%)          67M (7%)           53M (5%)             -                  -          
[73.894s][info][gc,heap     ] GC(497) Reclaimed:         -                  -               302M (29%)         315M (31%)            -                  -          
[73.895s][info][gc          ] GC(497) Garbage Collection (Allocation Rate) 574M(56%)->512M(50%)
[73.899s][info][gc,start    ] GC(498) Garbage Collection (Allocation Rate)
[73.899s][info][gc,task     ] GC(498) Using 6 workers
[73.899s][info][gc,phases   ] GC(498) Pause Mark Start 0.008ms
[73.977s][info][gc,phases   ] GC(498) Concurrent Mark 77.856ms
[73.977s][info][gc,phases   ] GC(498) Pause Mark End 0.031ms
[73.978s][info][gc,phases   ] GC(498) Concurrent Mark Free 0.001ms
[73.981s][info][gc,phases   ] GC(498) Concurrent Process Non-Strong References 3.112ms
[73.981s][info][gc,phases   ] GC(498) Concurrent Reset Relocation Set 0.002ms
[73.984s][info][gc,phases   ] GC(498) Concurrent Select Relocation Set 3.674ms
[73.985s][info][gc,phases   ] GC(498) Pause Relocate Start 0.011ms
[73.988s][info][gc,phases   ] GC(498) Concurrent Relocate 3.050ms
[73.988s][info][gc,load     ] GC(498) Load: 0.00/0.00/0.00
[73.988s][info][gc,mmu      ] GC(498) MMU: 2ms/96.6%, 5ms/98.6%, 10ms/99.3%, 20ms/99.7%, 50ms/99.8%, 100ms/99.9%
[73.988s][info][gc,marking  ] GC(498) Mark: 4 stripe(s), 2 proactive flush(es), 1 terminate flush(es), 0 completion(s), 0 continuation(s) 
[73.988s][info][gc,marking  ] GC(498) Mark Stack Usage: 32M
[73.988s][info][gc,nmethod  ] GC(498) NMethods: 5388 registered, 2242 unregistered
[73.988s][info][gc,metaspace] GC(498) Metaspace: 60M used, 61M committed, 1088M reserved
[73.988s][info][gc,ref      ] GC(498) Soft: 3045 encountered, 0 discovered, 0 enqueued
[73.988s][info][gc,ref      ] GC(498) Weak: 5990 encountered, 601 discovered, 0 enqueued
[73.988s][info][gc,ref      ] GC(498) Final: 60 encountered, 0 discovered, 0 enqueued
[73.988s][info][gc,ref      ] GC(498) Phantom: 608 encountered, 402 discovered, 0 enqueued
[73.988s][info][gc,reloc    ] GC(498) Small Pages: 242 / 484M, Empty: 258M, Relocated: 3M, In-Place: 0
[73.988s][info][gc,reloc    ] GC(498) Medium Pages: 1 / 32M, Empty: 0M, Relocated: 0M, In-Place: 0
[73.988s][info][gc,reloc    ] GC(498) Large Pages: 2 / 12M, Empty: 0M, Relocated: 0M, In-Place: 0
[73.988s][info][gc,reloc    ] GC(498) Forwarding Usage: 1M
[73.988s][info][gc,heap     ] GC(498) Min Capacity: 8M(1%)
[73.988s][info][gc,heap     ] GC(498) Max Capacity: 1024M(100%)
[73.988s][info][gc,heap     ] GC(498) Soft Max Capacity: 1024M(100%)
[73.988s][info][gc,heap     ] GC(498)                Mark Start          Mark End        Relocate Start      Relocate End           High               Low         
[73.988s][info][gc,heap     ] GC(498)  Capacity:     1024M (100%)       1024M (100%)       1024M (100%)       1024M (100%)       1024M (100%)       1024M (100%)   
[73.988s][info][gc,heap     ] GC(498)      Free:      496M (48%)         244M (24%)         478M (47%)         480M (47%)         496M (48%)         232M (23%)    
[73.988s][info][gc,heap     ] GC(498)      Used:      528M (52%)         780M (76%)         546M (53%)         544M (53%)         792M (77%)         528M (52%)    
[73.988s][info][gc,heap     ] GC(498)      Live:         -               204M (20%)         204M (20%)         204M (20%)            -                  -          
[73.988s][info][gc,heap     ] GC(498) Allocated:         -               252M (25%)         276M (27%)         285M (28%)            -                  -          
[73.988s][info][gc,heap     ] GC(498)   Garbage:         -               323M (32%)          65M (6%)           53M (5%)             -                  -          
[73.988s][info][gc,heap     ] GC(498) Reclaimed:         -                  -               258M (25%)         269M (26%)            -                  -          
[73.989s][info][gc          ] GC(498) Garbage Collection (Allocation Rate) 528M(52%)->544M(53%)
[73.993s][info][gc,start    ] GC(499) Garbage Collection (Allocation Rate)
[73.993s][info][gc,task     ] GC(499) Using 6 workers
[73.993s][info][gc,phases   ] GC(499) Pause Mark Start 0.011ms
[74.060s][info][gc,phases   ] GC(499) Concurrent Mark 67.071ms
[74.060s][info][gc,phases   ] GC(499) Pause Mark End 0.017ms
[74.060s][info][gc,phases   ] GC(499) Concurrent Mark Free 0.001ms
[74.063s][info][gc,phases   ] GC(499) Concurrent Process Non-Strong References 2.427ms
[74.063s][info][gc,phases   ] GC(499) Concurrent Reset Relocation Set 0.002ms
[74.067s][info][gc,phases   ] GC(499) Concurrent Select Relocation Set 3.578ms
[74.067s][info][gc,phases   ] GC(499) Pause Relocate Start 0.006ms
[74.069s][info][gc,phases   ] GC(499) Concurrent Relocate 1.985ms
[74.069s][info][gc,load     ] GC(499) Load: 0.00/0.00/0.00
[74.069s][info][gc,mmu      ] GC(499) MMU: 2ms/96.6%, 5ms/98.6%, 10ms/99.3%, 20ms/99.7%, 50ms/99.8%, 100ms/99.9%
[74.069s][info][gc,marking  ] GC(499) Mark: 4 stripe(s), 2 proactive flush(es), 1 terminate flush(es), 0 completion(s), 0 continuation(s) 
[74.069s][info][gc,marking  ] GC(499) Mark Stack Usage: 32M
[74.069s][info][gc,nmethod  ] GC(499) NMethods: 5394 registered, 2242 unregistered
[74.069s][info][gc,metaspace] GC(499) Metaspace: 60M used, 61M committed, 1088M reserved
[74.069s][info][gc,ref      ] GC(499) Soft: 3045 encountered, 0 discovered, 0 enqueued
[74.069s][info][gc,ref      ] GC(499) Weak: 5989 encountered, 2681 discovered, 0 enqueued
[74.069s][info][gc,ref      ] GC(499) Final: 60 encountered, 3 discovered, 0 enqueued
[74.069s][info][gc,ref      ] GC(499) Phantom: 608 encountered, 426 discovered, 0 enqueued
[74.069s][info][gc,reloc    ] GC(499) Small Pages: 258 / 516M, Empty: 288M, Relocated: 3M, In-Place: 0
[74.069s][info][gc,reloc    ] GC(499) Medium Pages: 1 / 32M, Empty: 0M, Relocated: 0M, In-Place: 0
[74.069s][info][gc,reloc    ] GC(499) Large Pages: 2 / 12M, Empty: 0M, Relocated: 0M, In-Place: 0
[74.069s][info][gc,reloc    ] GC(499) Forwarding Usage: 1M
[74.069s][info][gc,heap     ] GC(499) Min Capacity: 8M(1%)
[74.069s][info][gc,heap     ] GC(499) Max Capacity: 1024M(100%)
[74.069s][info][gc,heap     ] GC(499) Soft Max Capacity: 1024M(100%)
[74.069s][info][gc,heap     ] GC(499)                Mark Start          Mark End        Relocate Start      Relocate End           High               Low         
[74.069s][info][gc,heap     ] GC(499)  Capacity:     1024M (100%)       1024M (100%)       1024M (100%)       1024M (100%)       1024M (100%)       1024M (100%)   
[74.069s][info][gc,heap     ] GC(499)      Free:      464M (45%)         400M (39%)         688M (67%)         702M (69%)         702M (69%)         400M (39%)    
[74.069s][info][gc,heap     ] GC(499)      Used:      560M (55%)         624M (61%)         336M (33%)         322M (31%)         624M (61%)         322M (31%)    
[74.069s][info][gc,heap     ] GC(499)      Live:         -               204M (20%)         204M (20%)         204M (20%)            -                  -          
[74.069s][info][gc,heap     ] GC(499) Allocated:         -                64M (6%)           64M (6%)           64M (6%)             -                  -          
[74.069s][info][gc,heap     ] GC(499)   Garbage:         -               355M (35%)          67M (7%)           53M (5%)             -                  -          
[74.069s][info][gc,heap     ] GC(499) Reclaimed:         -                  -               288M (28%)         302M (29%)            -                  -          
[74.070s][info][gc          ] GC(499) Garbage Collection (Allocation Rate) 560M(55%)->322M(31%)
[74.070s][info][gc,start    ] GC(500) Garbage Collection (System.gc())
[74.070s][info][gc,task     ] GC(500) Using 10 workers
[74.070s][info][gc,phases   ] GC(500) Pause Mark Start 0.005ms
[74.123s][info][gc,phases   ] GC(500) Concurrent Mark 53.026ms
[74.123s][info][gc,phases   ] GC(500) Pause Mark End 0.027ms
[74.177s][info][gc,phases   ] GC(500) Concurrent Mark Free 0.002ms
[74.180s][info][gc,phases   ] GC(500) Concurrent Process Non-Strong References 2.986ms
[74.180s][info][gc,phases   ] GC(500) Concurrent Reset Relocation Set 0.002ms
[74.184s][info][gc,phases   ] GC(500) Concurrent Select Relocation Set 3.630ms
[74.184s][info][gc,phases   ] GC(500) Pause Relocate Start 0.011ms
[74.187s][info][gc,phases   ] GC(500) Concurrent Relocate 3.360ms
[74.187s][info][gc,load     ] GC(500) Load: 0.00/0.00/0.00
[74.187s][info][gc,mmu      ] GC(500) MMU: 2ms/96.6%, 5ms/98.6%, 10ms/99.3%, 20ms/99.7%, 50ms/99.8%, 100ms/99.9%
[74.187s][info][gc,marking  ] GC(500) Mark: 8 stripe(s), 1 proactive flush(es), 1 terminate flush(es), 0 completion(s), 0 continuation(s) 
[74.187s][info][gc,marking  ] GC(500) Mark Stack Usage: 32M
[74.187s][info][gc,nmethod  ] GC(500) NMethods: 5392 registered, 2244 unregistered
[74.187s][info][gc,metaspace] GC(500) Metaspace: 60M used, 61M committed, 1088M reserved
[74.187s][info][gc,ref      ] GC(500) Soft: 3043 encountered, 0 discovered, 0 enqueued
[74.187s][info][gc,ref      ] GC(500) Weak: 6050 encountered, 970 discovered, 121 enqueued
[74.187s][info][gc,ref      ] GC(500) Final: 60 encountered, 3 discovered, 0 enqueued
[74.187s][info][gc,ref      ] GC(500) Phantom: 608 encountered, 425 discovered, 0 enqueued
[74.187s][info][gc,reloc    ] GC(500) Small Pages: 136 / 272M, Empty: 48M, Relocated: 3M, In-Place: 0
[74.188s][info][gc,reloc    ] GC(500) Medium Pages: 1 / 32M, Empty: 0M, Relocated: 0M, In-Place: 0
[74.188s][info][gc,reloc    ] GC(500) Large Pages: 3 / 18M, Empty: 6M, Relocated: 0M, In-Place: 0
[74.188s][info][gc,reloc    ] GC(500) Forwarding Usage: 1M
[74.188s][info][gc,heap     ] GC(500) Min Capacity: 8M(1%)
[74.188s][info][gc,heap     ] GC(500) Max Capacity: 1024M(100%)
[74.188s][info][gc,heap     ] GC(500) Soft Max Capacity: 1024M(100%)
[74.188s][info][gc,heap     ] GC(500)                Mark Start          Mark End        Relocate Start      Relocate End           High               Low         
[74.188s][info][gc,heap     ] GC(500)  Capacity:     1024M (100%)       1024M (100%)       1024M (100%)       1024M (100%)       1024M (100%)       1024M (100%)   
[74.188s][info][gc,heap     ] GC(500)      Free:      702M (69%)         700M (68%)         750M (73%)         752M (73%)         752M (73%)         696M (68%)    
[74.188s][info][gc,heap     ] GC(500)      Used:      322M (31%)         324M (32%)         274M (27%)         272M (27%)         328M (32%)         272M (27%)    
[74.188s][info][gc,heap     ] GC(500)      Live:         -               204M (20%)         204M (20%)         204M (20%)            -                  -          
[74.188s][info][gc,heap     ] GC(500) Allocated:         -                 2M (0%)            6M (1%)            5M (1%)             -                  -          
[74.188s][info][gc,heap     ] GC(500)   Garbage:         -               117M (12%)          63M (6%)           61M (6%)             -                  -          
[74.188s][info][gc,heap     ] GC(500) Reclaimed:         -                  -                54M (5%)           55M (5%)             -                  -          
[74.188s][info][gc          ] GC(500) Garbage Collection (System.gc()) 322M(31%)->272M(27%)
[74.201s][info][gc,start    ] GC(501) Garbage Collection (Allocation Rate)
[74.201s][info][gc,task     ] GC(501) Using 10 workers
[74.201s][info][gc,phases   ] GC(501) Pause Mark Start 0.012ms
[74.263s][info][gc,phases   ] GC(501) Concurrent Mark 62.038ms
[74.264s][info][gc,phases   ] GC(501) Pause Mark End 0.040ms
[74.264s][info][gc,phases   ] GC(501) Concurrent Mark Free 0.001ms
[74.266s][info][gc,phases   ] GC(501) Concurrent Process Non-Strong References 2.109ms
[74.266s][info][gc,phases   ] GC(501) Concurrent Reset Relocation Set 0.001ms
[74.269s][info][gc,phases   ] GC(501) Concurrent Select Relocation Set 3.049ms
[74.269s][info][gc,phases   ] GC(501) Pause Relocate Start 0.012ms
[74.271s][info][gc,phases   ] GC(501) Concurrent Relocate 2.073ms
[74.271s][info][gc,load     ] GC(501) Load: 0.00/0.00/0.00
[74.271s][info][gc,mmu      ] GC(501) MMU: 2ms/96.6%, 5ms/98.6%, 10ms/99.3%, 20ms/99.7%, 50ms/99.8%, 100ms/99.9%
[74.271s][info][gc,marking  ] GC(501) Mark: 8 stripe(s), 2 proactive flush(es), 1 terminate flush(es), 0 completion(s), 0 continuation(s) 
[74.271s][info][gc,marking  ] GC(501) Mark Stack Usage: 32M
[74.271s][info][gc,nmethod  ] GC(501) NMethods: 5396 registered, 2245 unregistered
[74.271s][info][gc,metaspace] GC(501) Metaspace: 60M used, 61M committed, 1088M reserved
[74.271s][info][gc,ref      ] GC(501) Soft: 3043 encountered, 0 discovered, 0 enqueued
[74.271s][info][gc,ref      ] GC(501) Weak: 5938 encountered, 278 discovered, 3 enqueued
[74.271s][info][gc,ref      ] GC(501) Final: 60 encountered, 0 discovered, 0 enqueued
[74.271s][info][gc,ref      ] GC(501) Phantom: 608 encountered, 583 discovered, 0 enqueued
[74.271s][info][gc,reloc    ] GC(501) Small Pages: 116 / 232M, Empty: 0M, Relocated: 3M, In-Place: 0
[74.271s][info][gc,reloc    ] GC(501) Medium Pages: 2 / 64M, Empty: 32M, Relocated: 0M, In-Place: 0
[74.271s][info][gc,reloc    ] GC(501) Large Pages: 2 / 12M, Empty: 0M, Relocated: 0M, In-Place: 0
[74.272s][info][gc,reloc    ] GC(501) Forwarding Usage: 1M
[74.272s][info][gc,heap     ] GC(501) Min Capacity: 8M(1%)
[74.272s][info][gc,heap     ] GC(501) Max Capacity: 1024M(100%)
[74.272s][info][gc,heap     ] GC(501) Soft Max Capacity: 1024M(100%)
[74.272s][info][gc,heap     ] GC(501)                Mark Start          Mark End        Relocate Start      Relocate End           High               Low         
[74.272s][info][gc,heap     ] GC(501)  Capacity:     1024M (100%)       1024M (100%)       1024M (100%)       1024M (100%)       1024M (100%)       1024M (100%)   
[74.272s][info][gc,heap     ] GC(501)      Free:      716M (70%)         646M (63%)         664M (65%)         668M (65%)         716M (70%)         632M (62%)    
[74.272s][info][gc,heap     ] GC(501)      Used:      308M (30%)         378M (37%)         360M (35%)         356M (35%)         392M (38%)         308M (30%)    
[74.272s][info][gc,heap     ] GC(501)      Live:         -               204M (20%)         204M (20%)         204M (20%)            -                  -          
[74.272s][info][gc,heap     ] GC(501) Allocated:         -                70M (7%)           84M (8%)           89M (9%)             -                  -          
[74.272s][info][gc,heap     ] GC(501)   Garbage:         -               103M (10%)          71M (7%)           61M (6%)             -                  -          
[74.272s][info][gc,heap     ] GC(501) Reclaimed:         -                  -                32M (3%)           41M (4%)             -                  -          
[74.272s][info][gc          ] GC(501) Garbage Collection (Allocation Rate) 308M(30%)->356M(35%)
[74.295s][info][gc,start    ] GC(502) Garbage Collection (Allocation Rate)
[74.295s][info][gc,task     ] GC(502) Using 10 workers
[74.295s][info][gc,phases   ] GC(502) Pause Mark Start 0.011ms
[74.357s][info][gc,phases   ] GC(502) Concurrent Mark 62.077ms
[74.357s][info][gc,phases   ] GC(502) Pause Mark End 0.027ms
[74.357s][info][gc,phases   ] GC(502) Concurrent Mark Free 0.002ms
[74.359s][info][gc,phases   ] GC(502) Concurrent Process Non-Strong References 2.011ms
[74.359s][info][gc,phases   ] GC(502) Concurrent Reset Relocation Set 0.002ms
[74.365s][info][gc,phases   ] GC(502) Concurrent Select Relocation Set 5.321ms
[74.365s][info][gc,phases   ] GC(502) Pause Relocate Start 0.008ms
[74.367s][info][gc,phases   ] GC(502) Concurrent Relocate 2.112ms
[74.367s][info][gc,load     ] GC(502) Load: 0.00/0.00/0.00
[74.367s][info][gc,mmu      ] GC(502) MMU: 2ms/96.6%, 5ms/98.6%, 10ms/99.3%, 20ms/99.7%, 50ms/99.8%, 100ms/99.9%
[74.367s][info][gc,marking  ] GC(502) Mark: 8 stripe(s), 2 proactive flush(es), 1 terminate flush(es), 0 completion(s), 0 continuation(s) 
[74.367s][info][gc,marking  ] GC(502) Mark Stack Usage: 32M
[74.367s][info][gc,nmethod  ] GC(502) NMethods: 5394 registered, 2247 unregistered
[74.367s][info][gc,metaspace] GC(502) Metaspace: 60M used, 61M committed, 1088M reserved
[74.367s][info][gc,ref      ] GC(502) Soft: 3045 encountered, 0 discovered, 0 enqueued
[74.367s][info][gc,ref      ] GC(502) Weak: 6090 encountered, 1317 discovered, 72 enqueued
[74.367s][info][gc,ref      ] GC(502) Final: 60 encountered, 56 discovered, 0 enqueued
[74.367s][info][gc,ref      ] GC(502) Phantom: 608 encountered, 426 discovered, 0 enqueued
[74.367s][info][gc,reloc    ] GC(502) Small Pages: 166 / 332M, Empty: 84M, Relocated: 3M, In-Place: 0
[74.367s][info][gc,reloc    ] GC(502) Medium Pages: 2 / 64M, Empty: 32M, Relocated: 0M, In-Place: 0
[74.367s][info][gc,reloc    ] GC(502) Large Pages: 4 / 24M, Empty: 12M, Relocated: 0M, In-Place: 0
[74.367s][info][gc,reloc    ] GC(502) Forwarding Usage: 1M
[74.368s][info][gc,heap     ] GC(502) Min Capacity: 8M(1%)
[74.368s][info][gc,heap     ] GC(502) Max Capacity: 1024M(100%)
[74.368s][info][gc,heap     ] GC(502) Soft Max Capacity: 1024M(100%)
[74.368s][info][gc,heap     ] GC(502)                Mark Start          Mark End        Relocate Start      Relocate End           High               Low         
[74.368s][info][gc,heap     ] GC(502)  Capacity:     1024M (100%)       1024M (100%)       1024M (100%)       1024M (100%)       1024M (100%)       1024M (100%)   
[74.368s][info][gc,heap     ] GC(502)      Free:      604M (59%)         402M (39%)         502M (49%)         524M (51%)         604M (59%)         380M (37%)    
[74.368s][info][gc,heap     ] GC(502)      Used:      420M (41%)         622M (61%)         522M (51%)         500M (49%)         644M (63%)         420M (41%)    
[74.368s][info][gc,heap     ] GC(502)      Live:         -               204M (20%)         204M (20%)         204M (20%)            -                  -          
[74.368s][info][gc,heap     ] GC(502) Allocated:         -               202M (20%)         230M (22%)         233M (23%)            -                  -          
[74.368s][info][gc,heap     ] GC(502)   Garbage:         -               215M (21%)          87M (9%)           61M (6%)             -                  -          
[74.368s][info][gc,heap     ] GC(502) Reclaimed:         -                  -               128M (13%)         153M (15%)            -                  -          
[74.368s][info][gc          ] GC(502) Garbage Collection (Allocation Rate) 420M(41%)->500M(49%)
[74.404s][info][gc,start    ] GC(503) Garbage Collection (Allocation Rate)
[74.404s][info][gc,task     ] GC(503) Using 10 workers
[74.404s][info][gc,phases   ] GC(503) Pause Mark Start 0.015ms
[74.466s][info][gc,phases   ] GC(503) Concurrent Mark 62.110ms
[74.466s][info][gc,phases   ] GC(503) Pause Mark End 0.022ms
[74.467s][info][gc,phases   ] GC(503) Concurrent Mark Free 0.001ms
[74.468s][info][gc,phases   ] GC(503) Concurrent Process Non-Strong References 1.840ms
[74.468s][info][gc,phases   ] GC(503) Concurrent Reset Relocation Set 0.002ms
[74.471s][info][gc,phases   ] GC(503) Concurrent Select Relocation Set 2.344ms
[74.471s][info][gc,phases   ] GC(503) Pause Relocate Start 0.007ms
[74.473s][info][gc,phases   ] GC(503) Concurrent Relocate 1.734ms
[74.473s][info][gc,load     ] GC(503) Load: 0.00/0.00/0.00
[74.473s][info][gc,mmu      ] GC(503) MMU: 2ms/96.6%, 5ms/98.6%, 10ms/99.3%, 20ms/99.7%, 50ms/99.8%, 100ms/99.9%
[74.473s][info][gc,marking  ] GC(503) Mark: 8 stripe(s), 2 proactive flush(es), 1 terminate flush(es), 0 completion(s), 0 continuation(s) 
[74.473s][info][gc,marking  ] GC(503) Mark Stack Usage: 32M
[74.473s][info][gc,nmethod  ] GC(503) NMethods: 5394 registered, 2247 unregistered
[74.473s][info][gc,metaspace] GC(503) Metaspace: 60M used, 61M committed, 1088M reserved
[74.473s][info][gc,ref      ] GC(503) Soft: 3045 encountered, 0 discovered, 0 enqueued
[74.473s][info][gc,ref      ] GC(503) Weak: 6017 encountered, 1859 discovered, 19 enqueued
[74.473s][info][gc,ref      ] GC(503) Final: 60 encountered, 6 discovered, 0 enqueued
[74.473s][info][gc,ref      ] GC(503) Phantom: 608 encountered, 359 discovered, 0 enqueued
[74.473s][info][gc,reloc    ] GC(503) Small Pages: 267 / 534M, Empty: 290M, Relocated: 3M, In-Place: 0
[74.473s][info][gc,reloc    ] GC(503) Medium Pages: 1 / 32M, Empty: 0M, Relocated: 0M, In-Place: 0
[74.473s][info][gc,reloc    ] GC(503) Large Pages: 2 / 12M, Empty: 0M, Relocated: 0M, In-Place: 0
[74.473s][info][gc,reloc    ] GC(503) Forwarding Usage: 1M
[74.473s][info][gc,heap     ] GC(503) Min Capacity: 8M(1%)
[74.473s][info][gc,heap     ] GC(503) Max Capacity: 1024M(100%)
[74.473s][info][gc,heap     ] GC(503) Soft Max Capacity: 1024M(100%)
[74.473s][info][gc,heap     ] GC(503)                Mark Start          Mark End        Relocate Start      Relocate End           High               Low         
[74.473s][info][gc,heap     ] GC(503)  Capacity:     1024M (100%)       1024M (100%)       1024M (100%)       1024M (100%)       1024M (100%)       1024M (100%)   
[74.473s][info][gc,heap     ] GC(503)      Free:      446M (44%)         316M (31%)         596M (58%)         616M (60%)         616M (60%)         312M (30%)    
[74.473s][info][gc,heap     ] GC(503)      Used:      578M (56%)         708M (69%)         428M (42%)         408M (40%)         712M (70%)         408M (40%)    
[74.473s][info][gc,heap     ] GC(503)      Live:         -               204M (20%)         204M (20%)         204M (20%)            -                  -          
[74.473s][info][gc,heap     ] GC(503) Allocated:         -               130M (13%)         140M (14%)         141M (14%)            -                  -          
[74.473s][info][gc,heap     ] GC(503)   Garbage:         -               373M (36%)          83M (8%)           61M (6%)             -                  -          
[74.473s][info][gc,heap     ] GC(503) Reclaimed:         -                  -               290M (28%)         311M (30%)            -                  -          
[74.473s][info][gc          ] GC(503) Garbage Collection (Allocation Rate) 578M(56%)->408M(40%)
[74.498s][info][gc,start    ] GC(504) Garbage Collection (Allocation Rate)
[74.498s][info][gc,task     ] GC(504) Using 10 workers
[74.498s][info][gc,phases   ] GC(504) Pause Mark Start 0.011ms
[74.560s][info][gc,phases   ] GC(504) Concurrent Mark 62.158ms
[74.560s][info][gc,phases   ] GC(504) Pause Mark End 0.023ms
[74.560s][info][gc,phases   ] GC(504) Concurrent Mark Free 0.001ms
[74.562s][info][gc,phases   ] GC(504) Concurrent Process Non-Strong References 1.932ms
[74.562s][info][gc,phases   ] GC(504) Concurrent Reset Relocation Set 0.003ms
[74.566s][info][gc,phases   ] GC(504) Concurrent Select Relocation Set 3.592ms
[74.566s][info][gc,phases   ] GC(504) Pause Relocate Start 0.008ms
[74.568s][info][gc,phases   ] GC(504) Concurrent Relocate 2.124ms
[74.568s][info][gc,load     ] GC(504) Load: 0.00/0.00/0.00
[74.568s][info][gc,mmu      ] GC(504) MMU: 2ms/96.6%, 5ms/98.6%, 10ms/99.3%, 20ms/99.7%, 50ms/99.8%, 100ms/99.9%
[74.568s][info][gc,marking  ] GC(504) Mark: 8 stripe(s), 3 proactive flush(es), 1 terminate flush(es), 0 completion(s), 0 continuation(s) 
[74.568s][info][gc,marking  ] GC(504) Mark Stack Usage: 32M
[74.568s][info][gc,nmethod  ] GC(504) NMethods: 5394 registered, 2247 unregistered
[74.568s][info][gc,metaspace] GC(504) Metaspace: 60M used, 61M committed, 1088M reserved
[74.569s][info][gc,ref      ] GC(504) Soft: 3045 encountered, 0 discovered, 0 enqueued
[74.569s][info][gc,ref      ] GC(504) Weak: 5998 encountered, 2056 discovered, 0 enqueued
[74.569s][info][gc,ref      ] GC(504) Final: 60 encountered, 3 discovered, 0 enqueued
[74.569s][info][gc,ref      ] GC(504) Phantom: 608 encountered, 357 discovered, 0 enqueued
[74.569s][info][gc,reloc    ] GC(504) Small Pages: 208 / 416M, Empty: 178M, Relocated: 3M, In-Place: 0
[74.569s][info][gc,reloc    ] GC(504) Medium Pages: 1 / 32M, Empty: 0M, Relocated: 0M, In-Place: 0
[74.569s][info][gc,reloc    ] GC(504) Large Pages: 2 / 12M, Empty: 0M, Relocated: 0M, In-Place: 0
[74.569s][info][gc,reloc    ] GC(504) Forwarding Usage: 1M
[74.569s][info][gc,heap     ] GC(504) Min Capacity: 8M(1%)
[74.569s][info][gc,heap     ] GC(504) Max Capacity: 1024M(100%)
[74.569s][info][gc,heap     ] GC(504) Soft Max Capacity: 1024M(100%)
[74.569s][info][gc,heap     ] GC(504)                Mark Start          Mark End        Relocate Start      Relocate End           High               Low         
[74.569s][info][gc,heap     ] GC(504)  Capacity:     1024M (100%)       1024M (100%)       1024M (100%)       1024M (100%)       1024M (100%)       1024M (100%)   
[74.569s][info][gc,heap     ] GC(504)      Free:      564M (55%)         438M (43%)         604M (59%)         616M (60%)         616M (60%)         432M (42%)    
[74.569s][info][gc,heap     ] GC(504)      Used:      460M (45%)         586M (57%)         420M (41%)         408M (40%)         592M (58%)         408M (40%)    
[74.569s][info][gc,heap     ] GC(504)      Live:         -               204M (20%)         204M (20%)         204M (20%)            -                  -          
[74.569s][info][gc,heap     ] GC(504) Allocated:         -               126M (12%)         138M (13%)         141M (14%)            -                  -          
[74.569s][info][gc,heap     ] GC(504)   Garbage:         -               255M (25%)          77M (8%)           61M (6%)             -                  -          
[74.569s][info][gc,heap     ] GC(504) Reclaimed:         -                  -               178M (17%)         193M (19%)            -                  -          
[74.569s][info][gc          ] GC(504) Garbage Collection (Allocation Rate) 460M(45%)->408M(40%)
[74.607s][info][gc,start    ] GC(505) Garbage Collection (Allocation Rate)
[74.607s][info][gc,task     ] GC(505) Using 10 workers
[74.607s][info][gc,phases   ] GC(505) Pause Mark Start 0.010ms
[74.669s][info][gc,phases   ] GC(505) Concurrent Mark 62.215ms
[74.670s][info][gc,phases   ] GC(505) Pause Mark End 0.021ms
[74.670s][info][gc,phases   ] GC(505) Concurrent Mark Free 0.001ms
[74.672s][info][gc,phases   ] GC(505) Concurrent Process Non-Strong References 2.004ms
[74.672s][info][gc,phases   ] GC(505) Concurrent Reset Relocation Set 0.002ms
[74.675s][info][gc,phases   ] GC(505) Concurrent Select Relocation Set 3.568ms
[74.675s][info][gc,phases   ] GC(505) Pause Relocate Start 0.009ms
[74.678s][info][gc,phases   ] GC(505) Concurrent Relocate 2.120ms
[74.678s][info][gc,load     ] GC(505) Load: 0.00/0.00/0.00
[74.678s][info][gc,mmu      ] GC(505) MMU: 2ms/96.6%, 5ms/98.6%, 10ms/99.3%, 20ms/99.7%, 50ms/99.8%, 100ms/99.9%
[74.678s][info][gc,marking  ] GC(505) Mark: 8 stripe(s), 2 proactive flush(es), 1 terminate flush(es), 0 completion(s), 0 continuation(s) 
[74.678s][info][gc,marking  ] GC(505) Mark Stack Usage: 32M
[74.678s][info][gc,nmethod  ] GC(505) NMethods: 5394 registered, 2247 unregistered
[74.678s][info][gc,metaspace] GC(505) Metaspace: 60M used, 61M committed, 1088M reserved
[74.678s][info][gc,ref      ] GC(505) Soft: 3045 encountered, 0 discovered, 0 enqueued
[74.678s][info][gc,ref      ] GC(505) Weak: 5998 encountered, 1169 discovered, 0 enqueued
[74.678s][info][gc,ref      ] GC(505) Final: 60 encountered, 1 discovered, 0 enqueued
[74.678s][info][gc,ref      ] GC(505) Phantom: 608 encountered, 523 discovered, 0 enqueued
[74.678s][info][gc,reloc    ] GC(505) Small Pages: 214 / 428M, Empty: 192M, Relocated: 3M, In-Place: 0
[74.678s][info][gc,reloc    ] GC(505) Medium Pages: 1 / 32M, Empty: 0M, Relocated: 0M, In-Place: 0
[74.678s][info][gc,reloc    ] GC(505) Large Pages: 2 / 12M, Empty: 0M, Relocated: 0M, In-Place: 0
[74.678s][info][gc,reloc    ] GC(505) Forwarding Usage: 1M
[74.678s][info][gc,heap     ] GC(505) Min Capacity: 8M(1%)
[74.678s][info][gc,heap     ] GC(505) Max Capacity: 1024M(100%)
[74.678s][info][gc,heap     ] GC(505) Soft Max Capacity: 1024M(100%)
[74.678s][info][gc,heap     ] GC(505)                Mark Start          Mark End        Relocate Start      Relocate End           High               Low         
[74.678s][info][gc,heap     ] GC(505)  Capacity:     1024M (100%)       1024M (100%)       1024M (100%)       1024M (100%)       1024M (100%)       1024M (100%)   
[74.678s][info][gc,heap     ] GC(505)      Free:      552M (54%)         454M (44%)         636M (62%)         644M (63%)         644M (63%)         450M (44%)    
[74.678s][info][gc,heap     ] GC(505)      Used:      472M (46%)         570M (56%)         388M (38%)         380M (37%)         574M (56%)         380M (37%)    
[74.678s][info][gc,heap     ] GC(505)      Live:         -               204M (20%)         204M (20%)         204M (20%)            -                  -          
[74.678s][info][gc,heap     ] GC(505) Allocated:         -                98M (10%)         108M (11%)         113M (11%)            -                  -          
[74.678s][info][gc,heap     ] GC(505)   Garbage:         -               267M (26%)          75M (7%)           61M (6%)             -                  -          
[74.678s][info][gc,heap     ] GC(505) Reclaimed:         -                  -               192M (19%)         205M (20%)            -                  -          
[74.678s][info][gc          ] GC(505) Garbage Collection (Allocation Rate) 472M(46%)->380M(37%)
[74.793s][info][gc,start    ] GC(506) Garbage Collection (Allocation Rate)
[74.793s][info][gc,task     ] GC(506) Using 9 workers
[74.793s][info][gc,phases   ] GC(506) Pause Mark Start 0.013ms
[74.851s][info][gc,phases   ] GC(506) Concurrent Mark 57.682ms
[74.851s][info][gc,phases   ] GC(506) Pause Mark End 0.019ms
[74.851s][info][gc,phases   ] GC(506) Concurrent Mark Free 0.002ms
[74.853s][info][gc,phases   ] GC(506) Concurrent Process Non-Strong References 1.722ms
[74.853s][info][gc,phases   ] GC(506) Concurrent Reset Relocation Set 0.003ms
[74.857s][info][gc,phases   ] GC(506) Concurrent Select Relocation Set 3.582ms
[74.857s][info][gc,phases   ] GC(506) Pause Relocate Start 0.008ms
[74.859s][info][gc,phases   ] GC(506) Concurrent Relocate 1.731ms
[74.859s][info][gc,load     ] GC(506) Load: 0.00/0.00/0.00
[74.859s][info][gc,mmu      ] GC(506) MMU: 2ms/96.6%, 5ms/98.6%, 10ms/99.3%, 20ms/99.7%, 50ms/99.8%, 100ms/99.9%
[74.859s][info][gc,marking  ] GC(506) Mark: 8 stripe(s), 2 proactive flush(es), 1 terminate flush(es), 0 completion(s), 0 continuation(s) 
[74.859s][info][gc,marking  ] GC(506) Mark Stack Usage: 32M
[74.859s][info][gc,nmethod  ] GC(506) NMethods: 5394 registered, 2247 unregistered
[74.859s][info][gc,metaspace] GC(506) Metaspace: 60M used, 61M committed, 1088M reserved
[74.859s][info][gc,ref      ] GC(506) Soft: 3045 encountered, 0 discovered, 0 enqueued
[74.859s][info][gc,ref      ] GC(506) Weak: 5998 encountered, 1783 discovered, 0 enqueued
[74.859s][info][gc,ref      ] GC(506) Final: 60 encountered, 5 discovered, 0 enqueued
[74.859s][info][gc,ref      ] GC(506) Phantom: 608 encountered, 396 discovered, 0 enqueued
[74.859s][info][gc,reloc    ] GC(506) Small Pages: 302 / 604M, Empty: 368M, Relocated: 3M, In-Place: 0
[74.859s][info][gc,reloc    ] GC(506) Medium Pages: 1 / 32M, Empty: 0M, Relocated: 0M, In-Place: 0
[74.859s][info][gc,reloc    ] GC(506) Large Pages: 2 / 12M, Empty: 0M, Relocated: 0M, In-Place: 0
[74.859s][info][gc,reloc    ] GC(506) Forwarding Usage: 1M
[74.859s][info][gc,heap     ] GC(506) Min Capacity: 8M(1%)
[74.859s][info][gc,heap     ] GC(506) Max Capacity: 1024M(100%)
[74.859s][info][gc,heap     ] GC(506) Soft Max Capacity: 1024M(100%)
[74.859s][info][gc,heap     ] GC(506)                Mark Start          Mark End        Relocate Start      Relocate End           High               Low         
[74.859s][info][gc,heap     ] GC(506)  Capacity:     1024M (100%)       1024M (100%)       1024M (100%)       1024M (100%)       1024M (100%)       1024M (100%)   
[74.859s][info][gc,heap     ] GC(506)      Free:      376M (37%)         252M (25%)         608M (59%)         620M (61%)         620M (61%)         248M (24%)    
[74.859s][info][gc,heap     ] GC(506)      Used:      648M (63%)         772M (75%)         416M (41%)         404M (39%)         776M (76%)         404M (39%)    
[74.859s][info][gc,heap     ] GC(506)      Live:         -               204M (20%)         204M (20%)         204M (20%)            -                  -          
[74.859s][info][gc,heap     ] GC(506) Allocated:         -               124M (12%)         136M (13%)         139M (14%)            -                  -          
[74.860s][info][gc,heap     ] GC(506)   Garbage:         -               443M (43%)          75M (7%)           59M (6%)             -                  -          
[74.860s][info][gc,heap     ] GC(506) Reclaimed:         -                  -               368M (36%)         383M (37%)            -                  -          
[74.860s][info][gc          ] GC(506) Garbage Collection (Allocation Rate) 648M(63%)->404M(39%)
[74.898s][info][gc,start    ] GC(507) Garbage Collection (Allocation Rate)
[74.898s][info][gc,task     ] GC(507) Using 9 workers
[74.898s][info][gc,phases   ] GC(507) Pause Mark Start 0.012ms
[74.961s][info][gc,phases   ] GC(507) Concurrent Mark 62.175ms
[74.961s][info][gc,phases   ] GC(507) Pause Mark End 0.031ms
[74.961s][info][gc,phases   ] GC(507) Concurrent Mark Free 0.002ms
[74.963s][info][gc,phases   ] GC(507) Concurrent Process Non-Strong References 2.025ms
[74.963s][info][gc,phases   ] GC(507) Concurrent Reset Relocation Set 0.002ms
[74.967s][info][gc,phases   ] GC(507) Concurrent Select Relocation Set 3.582ms
[74.967s][info][gc,phases   ] GC(507) Pause Relocate Start 0.008ms
[74.969s][info][gc,phases   ] GC(507) Concurrent Relocate 2.184ms
[74.969s][info][gc,load     ] GC(507) Load: 0.00/0.00/0.00
[74.969s][info][gc,mmu      ] GC(507) MMU: 2ms/96.6%, 5ms/98.6%, 10ms/99.3%, 20ms/99.7%, 50ms/99.8%, 100ms/99.9%
[74.969s][info][gc,marking  ] GC(507) Mark: 8 stripe(s), 2 proactive flush(es), 1 terminate flush(es), 0 completion(s), 0 continuation(s) 
[74.969s][info][gc,marking  ] GC(507) Mark Stack Usage: 32M
[74.969s][info][gc,nmethod  ] GC(507) NMethods: 5394 registered, 2247 unregistered
[74.969s][info][gc,metaspace] GC(507) Metaspace: 60M used, 61M committed, 1088M reserved
[74.969s][info][gc,ref      ] GC(507) Soft: 3045 encountered, 0 discovered, 0 enqueued
[74.969s][info][gc,ref      ] GC(507) Weak: 5998 encountered, 886 discovered, 0 enqueued
[74.969s][info][gc,ref      ] GC(507) Final: 60 encountered, 1 discovered, 0 enqueued
[74.969s][info][gc,ref      ] GC(507) Phantom: 608 encountered, 370 discovered, 0 enqueued
[74.969s][info][gc,reloc    ] GC(507) Small Pages: 213 / 426M, Empty: 194M, Relocated: 3M, In-Place: 0
[74.969s][info][gc,reloc    ] GC(507) Medium Pages: 1 / 32M, Empty: 0M, Relocated: 0M, In-Place: 0
[74.969s][info][gc,reloc    ] GC(507) Large Pages: 2 / 12M, Empty: 0M, Relocated: 0M, In-Place: 0
[74.969s][info][gc,reloc    ] GC(507) Forwarding Usage: 1M
[74.969s][info][gc,heap     ] GC(507) Min Capacity: 8M(1%)
[74.969s][info][gc,heap     ] GC(507) Max Capacity: 1024M(100%)
[74.969s][info][gc,heap     ] GC(507) Soft Max Capacity: 1024M(100%)
[74.969s][info][gc,heap     ] GC(507)                Mark Start          Mark End        Relocate Start      Relocate End           High               Low         
[74.970s][info][gc,heap     ] GC(507)  Capacity:     1024M (100%)       1024M (100%)       1024M (100%)       1024M (100%)       1024M (100%)       1024M (100%)   
[74.970s][info][gc,heap     ] GC(507)      Free:      554M (54%)         448M (44%)         634M (62%)         640M (63%)         640M (63%)         446M (44%)    
[74.970s][info][gc,heap     ] GC(507)      Used:      470M (46%)         576M (56%)         390M (38%)         384M (38%)         578M (56%)         384M (38%)    
[74.970s][info][gc,heap     ] GC(507)      Live:         -               204M (20%)         204M (20%)         204M (20%)            -                  -          
[74.970s][info][gc,heap     ] GC(507) Allocated:         -               106M (10%)         114M (11%)         119M (12%)            -                  -          
[74.970s][info][gc,heap     ] GC(507)   Garbage:         -               265M (26%)          71M (7%)           59M (6%)             -                  -          
[74.970s][info][gc,heap     ] GC(507) Reclaimed:         -                  -               194M (19%)         205M (20%)            -                  -          
[74.970s][info][gc          ] GC(507) Garbage Collection (Allocation Rate) 470M(46%)->384M(38%)
[75.007s][info][gc,start    ] GC(508) Garbage Collection (Allocation Rate)
[75.008s][info][gc,task     ] GC(508) Using 9 workers
[75.008s][info][gc,phases   ] GC(508) Pause Mark Start 0.012ms
[75.070s][info][gc,phases   ] GC(508) Concurrent Mark 62.186ms
[75.070s][info][gc,phases   ] GC(508) Pause Mark End 0.023ms
[75.070s][info][gc,phases   ] GC(508) Concurrent Mark Free 0.001ms
[75.072s][info][gc,phases   ] GC(508) Concurrent Process Non-Strong References 1.948ms
[75.072s][info][gc,phases   ] GC(508) Concurrent Reset Relocation Set 0.002ms
[75.077s][info][gc,phases   ] GC(508) Concurrent Select Relocation Set 5.259ms
[75.078s][info][gc,phases   ] GC(508) Pause Relocate Start 0.008ms
[75.080s][info][gc,phases   ] GC(508) Concurrent Relocate 2.192ms
[75.080s][info][gc,load     ] GC(508) Load: 0.00/0.00/0.00
[75.080s][info][gc,mmu      ] GC(508) MMU: 2ms/96.6%, 5ms/98.6%, 10ms/99.3%, 20ms/99.7%, 50ms/99.8%, 100ms/99.9%
[75.080s][info][gc,marking  ] GC(508) Mark: 8 stripe(s), 2 proactive flush(es), 1 terminate flush(es), 0 completion(s), 0 continuation(s) 
[75.080s][info][gc,marking  ] GC(508) Mark Stack Usage: 32M
[75.080s][info][gc,nmethod  ] GC(508) NMethods: 5394 registered, 2247 unregistered
[75.080s][info][gc,metaspace] GC(508) Metaspace: 60M used, 61M committed, 1088M reserved
[75.080s][info][gc,ref      ] GC(508) Soft: 3045 encountered, 0 discovered, 0 enqueued
[75.080s][info][gc,ref      ] GC(508) Weak: 5998 encountered, 327 discovered, 0 enqueued
[75.080s][info][gc,ref      ] GC(508) Final: 60 encountered, 0 discovered, 0 enqueued
[75.080s][info][gc,ref      ] GC(508) Phantom: 608 encountered, 445 discovered, 0 enqueued
[75.080s][info][gc,reloc    ] GC(508) Small Pages: 211 / 422M, Empty: 192M, Relocated: 3M, In-Place: 0
[75.080s][info][gc,reloc    ] GC(508) Medium Pages: 1 / 32M, Empty: 0M, Relocated: 0M, In-Place: 0
[75.080s][info][gc,reloc    ] GC(508) Large Pages: 2 / 12M, Empty: 0M, Relocated: 0M, In-Place: 0
[75.080s][info][gc,reloc    ] GC(508) Forwarding Usage: 1M
[75.080s][info][gc,heap     ] GC(508) Min Capacity: 8M(1%)
[75.080s][info][gc,heap     ] GC(508) Max Capacity: 1024M(100%)
[75.080s][info][gc,heap     ] GC(508) Soft Max Capacity: 1024M(100%)
[75.080s][info][gc,heap     ] GC(508)                Mark Start          Mark End        Relocate Start      Relocate End           High               Low         
[75.080s][info][gc,heap     ] GC(508)  Capacity:     1024M (100%)       1024M (100%)       1024M (100%)       1024M (100%)       1024M (100%)       1024M (100%)   
[75.081s][info][gc,heap     ] GC(508)      Free:      558M (54%)         418M (41%)         592M (58%)         596M (58%)         596M (58%)         412M (40%)    
[75.081s][info][gc,heap     ] GC(508)      Used:      466M (46%)         606M (59%)         432M (42%)         428M (42%)         612M (60%)         428M (42%)    
[75.081s][info][gc,heap     ] GC(508)      Live:         -               204M (20%)         204M (20%)         204M (20%)            -                  -          
[75.081s][info][gc,heap     ] GC(508) Allocated:         -               140M (14%)         158M (15%)         163M (16%)            -                  -          
[75.081s][info][gc,heap     ] GC(508)   Garbage:         -               261M (26%)          69M (7%)           59M (6%)             -                  -          
[75.081s][info][gc,heap     ] GC(508) Reclaimed:         -                  -               192M (19%)         201M (20%)            -                  -          
[75.081s][info][gc          ] GC(508) Garbage Collection (Allocation Rate) 466M(46%)->428M(42%)
[75.101s][info][gc,start    ] GC(509) Garbage Collection (Allocation Rate)
[75.101s][info][gc,task     ] GC(509) Using 9 workers
[75.101s][info][gc,phases   ] GC(509) Pause Mark Start 0.011ms
[75.164s][info][gc,phases   ] GC(509) Concurrent Mark 62.170ms
[75.164s][info][gc,phases   ] GC(509) Pause Mark End 0.035ms
[75.164s][info][gc,phases   ] GC(509) Concurrent Mark Free 0.001ms
[75.166s][info][gc,phases   ] GC(509) Concurrent Process Non-Strong References 2.126ms
[75.166s][info][gc,phases   ] GC(509) Concurrent Reset Relocation Set 0.004ms
[75.171s][info][gc,phases   ] GC(509) Concurrent Select Relocation Set 5.284ms
[75.172s][info][gc,phases   ] GC(509) Pause Relocate Start 0.009ms
[75.174s][info][gc,phases   ] GC(509) Concurrent Relocate 1.845ms
[75.174s][info][gc,load     ] GC(509) Load: 0.00/0.00/0.00
[75.174s][info][gc,mmu      ] GC(509) MMU: 2ms/96.6%, 5ms/98.6%, 10ms/99.3%, 20ms/99.7%, 50ms/99.8%, 100ms/99.9%
[75.174s][info][gc,marking  ] GC(509) Mark: 8 stripe(s), 2 proactive flush(es), 1 terminate flush(es), 0 completion(s), 0 continuation(s) 
[75.174s][info][gc,marking  ] GC(509) Mark Stack Usage: 32M
[75.174s][info][gc,nmethod  ] GC(509) NMethods: 5394 registered, 2247 unregistered
[75.174s][info][gc,metaspace] GC(509) Metaspace: 60M used, 61M committed, 1088M reserved
[75.174s][info][gc,ref      ] GC(509) Soft: 3045 encountered, 0 discovered, 0 enqueued
[75.174s][info][gc,ref      ] GC(509) Weak: 5998 encountered, 1230 discovered, 0 enqueued
[75.174s][info][gc,ref      ] GC(509) Final: 60 encountered, 4 discovered, 0 enqueued
[75.174s][info][gc,ref      ] GC(509) Phantom: 608 encountered, 501 discovered, 0 enqueued
[75.174s][info][gc,reloc    ] GC(509) Small Pages: 225 / 450M, Empty: 218M, Relocated: 3M, In-Place: 0
[75.174s][info][gc,reloc    ] GC(509) Medium Pages: 1 / 32M, Empty: 0M, Relocated: 0M, In-Place: 0
[75.174s][info][gc,reloc    ] GC(509) Large Pages: 2 / 12M, Empty: 0M, Relocated: 0M, In-Place: 0
[75.174s][info][gc,reloc    ] GC(509) Forwarding Usage: 1M
[75.174s][info][gc,heap     ] GC(509) Min Capacity: 8M(1%)
[75.174s][info][gc,heap     ] GC(509) Max Capacity: 1024M(100%)
[75.174s][info][gc,heap     ] GC(509) Soft Max Capacity: 1024M(100%)
[75.174s][info][gc,heap     ] GC(509)                Mark Start          Mark End        Relocate Start      Relocate End           High               Low         
[75.174s][info][gc,heap     ] GC(509)  Capacity:     1024M (100%)       1024M (100%)       1024M (100%)       1024M (100%)       1024M (100%)       1024M (100%)   
[75.174s][info][gc,heap     ] GC(509)      Free:      530M (52%)         358M (35%)         552M (54%)         558M (54%)         558M (54%)         350M (34%)    
[75.174s][info][gc,heap     ] GC(509)      Used:      494M (48%)         666M (65%)         472M (46%)         466M (46%)         674M (66%)         466M (46%)    
[75.174s][info][gc,heap     ] GC(509)      Live:         -               204M (20%)         204M (20%)         204M (20%)            -                  -          
[75.174s][info][gc,heap     ] GC(509) Allocated:         -               172M (17%)         196M (19%)         201M (20%)            -                  -          
[75.174s][info][gc,heap     ] GC(509)   Garbage:         -               289M (28%)          71M (7%)           59M (6%)             -                  -          
[75.174s][info][gc,heap     ] GC(509) Reclaimed:         -                  -               218M (21%)         229M (22%)            -                  -          
[75.174s][info][gc          ] GC(509) Garbage Collection (Allocation Rate) 494M(48%)->466M(46%)
[75.195s][info][gc,start    ] GC(510) Garbage Collection (Allocation Rate)
[75.195s][info][gc,task     ] GC(510) Using 9 workers
[75.195s][info][gc,phases   ] GC(510) Pause Mark Start 0.014ms
[75.256s][info][gc,phases   ] GC(510) Concurrent Mark 60.489ms
[75.256s][info][gc,phases   ] GC(510) Pause Mark End 0.030ms
[75.256s][info][gc,phases   ] GC(510) Concurrent Mark Free 0.001ms
[75.258s][info][gc,phases   ] GC(510) Concurrent Process Non-Strong References 1.876ms
[75.258s][info][gc,phases   ] GC(510) Concurrent Reset Relocation Set 0.002ms
[75.260s][info][gc,phases   ] GC(510) Concurrent Select Relocation Set 2.436ms
[75.260s][info][gc,phases   ] GC(510) Pause Relocate Start 0.012ms
[75.262s][info][gc,phases   ] GC(510) Concurrent Relocate 1.915ms
[75.262s][info][gc,load     ] GC(510) Load: 0.00/0.00/0.00
[75.262s][info][gc,mmu      ] GC(510) MMU: 2ms/96.6%, 5ms/98.6%, 10ms/99.3%, 20ms/99.7%, 50ms/99.8%, 100ms/99.9%
[75.263s][info][gc,marking  ] GC(510) Mark: 8 stripe(s), 3 proactive flush(es), 1 terminate flush(es), 0 completion(s), 0 continuation(s) 
[75.263s][info][gc,marking  ] GC(510) Mark Stack Usage: 32M
[75.263s][info][gc,nmethod  ] GC(510) NMethods: 5402 registered, 2247 unregistered
[75.263s][info][gc,metaspace] GC(510) Metaspace: 60M used, 61M committed, 1088M reserved
[75.263s][info][gc,ref      ] GC(510) Soft: 3045 encountered, 0 discovered, 0 enqueued
[75.263s][info][gc,ref      ] GC(510) Weak: 5996 encountered, 800 discovered, 0 enqueued
[75.263s][info][gc,ref      ] GC(510) Final: 60 encountered, 1 discovered, 0 enqueued
[75.263s][info][gc,ref      ] GC(510) Phantom: 608 encountered, 456 discovered, 0 enqueued
[75.263s][info][gc,reloc    ] GC(510) Small Pages: 241 / 482M, Empty: 250M, Relocated: 3M, In-Place: 0
[75.263s][info][gc,reloc    ] GC(510) Medium Pages: 1 / 32M, Empty: 0M, Relocated: 0M, In-Place: 0
[75.263s][info][gc,reloc    ] GC(510) Large Pages: 2 / 12M, Empty: 0M, Relocated: 0M, In-Place: 0
[75.263s][info][gc,reloc    ] GC(510) Forwarding Usage: 1M
[75.263s][info][gc,heap     ] GC(510) Min Capacity: 8M(1%)
[75.263s][info][gc,heap     ] GC(510) Max Capacity: 1024M(100%)
[75.263s][info][gc,heap     ] GC(510) Soft Max Capacity: 1024M(100%)
[75.263s][info][gc,heap     ] GC(510)                Mark Start          Mark End        Relocate Start      Relocate End           High               Low         
[75.263s][info][gc,heap     ] GC(510)  Capacity:     1024M (100%)       1024M (100%)       1024M (100%)       1024M (100%)       1024M (100%)       1024M (100%)   
[75.263s][info][gc,heap     ] GC(510)      Free:      498M (49%)         374M (37%)         624M (61%)         636M (62%)         636M (62%)         374M (37%)    
[75.263s][info][gc,heap     ] GC(510)      Used:      526M (51%)         650M (63%)         400M (39%)         388M (38%)         650M (63%)         388M (38%)    
[75.263s][info][gc,heap     ] GC(510)      Live:         -               204M (20%)         204M (20%)         204M (20%)            -                  -          
[75.263s][info][gc,heap     ] GC(510) Allocated:         -               124M (12%)         124M (12%)         124M (12%)            -                  -          
[75.263s][info][gc,heap     ] GC(510)   Garbage:         -               321M (31%)          71M (7%)           59M (6%)             -                  -          
[75.263s][info][gc,heap     ] GC(510) Reclaimed:         -                  -               250M (24%)         262M (26%)            -                  -          
[75.263s][info][gc          ] GC(510) Garbage Collection (Allocation Rate) 526M(51%)->388M(38%)
[75.263s][info][gc,start    ] GC(511) Garbage Collection (System.gc())
[75.263s][info][gc,task     ] GC(511) Using 10 workers
[75.263s][info][gc,phases   ] GC(511) Pause Mark Start 0.010ms
[75.319s][info][gc,phases   ] GC(511) Concurrent Mark 55.673ms
[75.319s][info][gc,phases   ] GC(511) Pause Mark End 0.021ms
[75.319s][info][gc,phases   ] GC(511) Concurrent Mark Free 0.001ms
[75.321s][info][gc,phases   ] GC(511) Concurrent Process Non-Strong References 2.050ms
[75.321s][info][gc,phases   ] GC(511) Concurrent Reset Relocation Set 0.002ms
[75.326s][info][gc,phases   ] GC(511) Concurrent Select Relocation Set 5.176ms
[75.326s][info][gc,phases   ] GC(511) Pause Relocate Start 0.008ms
[75.328s][info][gc,phases   ] GC(511) Concurrent Relocate 2.060ms
[75.329s][info][gc,load     ] GC(511) Load: 0.00/0.00/0.00
[75.329s][info][gc,mmu      ] GC(511) MMU: 2ms/96.6%, 5ms/98.6%, 10ms/99.3%, 20ms/99.7%, 50ms/99.8%, 100ms/99.9%
[75.329s][info][gc,marking  ] GC(511) Mark: 8 stripe(s), 2 proactive flush(es), 1 terminate flush(es), 0 completion(s), 0 continuation(s) 
[75.329s][info][gc,marking  ] GC(511) Mark Stack Usage: 32M
[75.329s][info][gc,nmethod  ] GC(511) NMethods: 5399 registered, 2251 unregistered
[75.329s][info][gc,metaspace] GC(511) Metaspace: 60M used, 61M committed, 1088M reserved
[75.329s][info][gc,ref      ] GC(511) Soft: 3043 encountered, 0 discovered, 0 enqueued
[75.329s][info][gc,ref      ] GC(511) Weak: 6063 encountered, 1682 discovered, 120 enqueued
[75.329s][info][gc,ref      ] GC(511) Final: 60 encountered, 1 discovered, 0 enqueued
[75.329s][info][gc,ref      ] GC(511) Phantom: 608 encountered, 354 discovered, 0 enqueued
[75.329s][info][gc,reloc    ] GC(511) Small Pages: 169 / 338M, Empty: 106M, Relocated: 3M, In-Place: 0
[75.329s][info][gc,reloc    ] GC(511) Medium Pages: 1 / 32M, Empty: 0M, Relocated: 0M, In-Place: 0
[75.329s][info][gc,reloc    ] GC(511) Large Pages: 3 / 18M, Empty: 6M, Relocated: 0M, In-Place: 0
[75.329s][info][gc,reloc    ] GC(511) Forwarding Usage: 1M
[75.329s][info][gc,heap     ] GC(511) Min Capacity: 8M(1%)
[75.329s][info][gc,heap     ] GC(511) Max Capacity: 1024M(100%)
[75.329s][info][gc,heap     ] GC(511) Soft Max Capacity: 1024M(100%)
[75.329s][info][gc,heap     ] GC(511)                Mark Start          Mark End        Relocate Start      Relocate End           High               Low         
[75.329s][info][gc,heap     ] GC(511)  Capacity:     1024M (100%)       1024M (100%)       1024M (100%)       1024M (100%)       1024M (100%)       1024M (100%)   
[75.329s][info][gc,heap     ] GC(511)      Free:      636M (62%)         636M (62%)         742M (72%)         752M (73%)         752M (73%)         630M (62%)    
[75.329s][info][gc,heap     ] GC(511)      Used:      388M (38%)         388M (38%)         282M (28%)         272M (27%)         394M (38%)         272M (27%)    
[75.329s][info][gc,heap     ] GC(511)      Live:         -               204M (20%)         204M (20%)         204M (20%)            -                  -          
[75.329s][info][gc,heap     ] GC(511) Allocated:         -                 0M (0%)            6M (1%)            6M (1%)             -                  -          
[75.329s][info][gc,heap     ] GC(511)   Garbage:         -               183M (18%)          71M (7%)           61M (6%)             -                  -          
[75.329s][info][gc,heap     ] GC(511) Reclaimed:         -                  -               112M (11%)         122M (12%)            -                  -          
[75.329s][info][gc          ] GC(511) Garbage Collection (System.gc()) 388M(38%)->272M(27%)
[75.498s][info][gc,start    ] GC(512) Garbage Collection (Allocation Rate)
[75.499s][info][gc,task     ] GC(512) Using 6 workers
[75.499s][info][gc,phases   ] GC(512) Pause Mark Start 0.015ms
[75.577s][info][gc,phases   ] GC(512) Concurrent Mark 77.718ms
[75.577s][info][gc,phases   ] GC(512) Pause Mark End 0.029ms
[75.577s][info][gc,phases   ] GC(512) Concurrent Mark Free 0.001ms
[75.580s][info][gc,phases   ] GC(512) Concurrent Process Non-Strong References 2.870ms
[75.580s][info][gc,phases   ] GC(512) Concurrent Reset Relocation Set 0.002ms
[75.585s][info][gc,phases   ] GC(512) Concurrent Select Relocation Set 5.337ms
[75.585s][info][gc,phases   ] GC(512) Pause Relocate Start 0.010ms
[75.587s][info][gc,phases   ] GC(512) Concurrent Relocate 1.809ms
[75.587s][info][gc,load     ] GC(512) Load: 0.00/0.00/0.00
[75.587s][info][gc,mmu      ] GC(512) MMU: 2ms/96.6%, 5ms/98.6%, 10ms/99.3%, 20ms/99.7%, 50ms/99.8%, 100ms/99.9%
[75.587s][info][gc,marking  ] GC(512) Mark: 4 stripe(s), 2 proactive flush(es), 1 terminate flush(es), 0 completion(s), 0 continuation(s) 
[75.588s][info][gc,marking  ] GC(512) Mark Stack Usage: 32M
[75.588s][info][gc,nmethod  ] GC(512) NMethods: 5404 registered, 2256 unregistered
[75.588s][info][gc,metaspace] GC(512) Metaspace: 60M used, 61M committed, 1088M reserved
[75.588s][info][gc,ref      ] GC(512) Soft: 3045 encountered, 0 discovered, 0 enqueued
[75.588s][info][gc,ref      ] GC(512) Weak: 6079 encountered, 3064 discovered, 73 enqueued
[75.588s][info][gc,ref      ] GC(512) Final: 60 encountered, 5 discovered, 0 enqueued
[75.588s][info][gc,ref      ] GC(512) Phantom: 608 encountered, 397 discovered, 0 enqueued
[75.588s][info][gc,reloc    ] GC(512) Small Pages: 271 / 542M, Empty: 286M, Relocated: 3M, In-Place: 0
[75.588s][info][gc,reloc    ] GC(512) Medium Pages: 2 / 64M, Empty: 32M, Relocated: 0M, In-Place: 0
[75.588s][info][gc,reloc    ] GC(512) Large Pages: 4 / 24M, Empty: 12M, Relocated: 0M, In-Place: 0
[75.588s][info][gc,reloc    ] GC(512) Forwarding Usage: 1M
[75.588s][info][gc,heap     ] GC(512) Min Capacity: 8M(1%)
[75.588s][info][gc,heap     ] GC(512) Max Capacity: 1024M(100%)
[75.588s][info][gc,heap     ] GC(512) Soft Max Capacity: 1024M(100%)
[75.588s][info][gc,heap     ] GC(512)                Mark Start          Mark End        Relocate Start      Relocate End           High               Low         
[75.588s][info][gc,heap     ] GC(512)  Capacity:     1024M (100%)       1024M (100%)       1024M (100%)       1024M (100%)       1024M (100%)       1024M (100%)   
[75.588s][info][gc,heap     ] GC(512)      Free:      394M (38%)         126M (12%)         424M (41%)         460M (45%)         460M (45%)         116M (11%)    
[75.588s][info][gc,heap     ] GC(512)      Used:      630M (62%)         898M (88%)         600M (59%)         564M (55%)         908M (89%)         564M (55%)    
[75.588s][info][gc,heap     ] GC(512)      Live:         -               204M (20%)         204M (20%)         204M (20%)            -                  -          
[75.588s][info][gc,heap     ] GC(512) Allocated:         -               268M (26%)         300M (29%)         305M (30%)            -                  -          
[75.588s][info][gc,heap     ] GC(512)   Garbage:         -               425M (42%)          95M (9%)           53M (5%)             -                  -          
[75.588s][info][gc,heap     ] GC(512) Reclaimed:         -                  -               330M (32%)         371M (36%)            -                  -          
[75.588s][info][gc          ] GC(512) Garbage Collection (Allocation Rate) 630M(62%)->564M(55%)
[75.608s][info][gc,start    ] GC(513) Garbage Collection (Allocation Rate)
[75.608s][info][gc,task     ] GC(513) Using 6 workers
[75.608s][info][gc,phases   ] GC(513) Pause Mark Start 0.011ms
[75.686s][info][gc,phases   ] GC(513) Concurrent Mark 77.829ms
[75.686s][info][gc,phases   ] GC(513) Pause Mark End 0.020ms
[75.686s][info][gc,phases   ] GC(513) Concurrent Mark Free 0.001ms
[75.689s][info][gc,phases   ] GC(513) Concurrent Process Non-Strong References 3.031ms
[75.689s][info][gc,phases   ] GC(513) Concurrent Reset Relocation Set 0.004ms
[75.693s][info][gc,phases   ] GC(513) Concurrent Select Relocation Set 3.650ms
[75.693s][info][gc,phases   ] GC(513) Pause Relocate Start 0.007ms
[75.695s][info][gc,phases   ] GC(513) Concurrent Relocate 2.224ms
[75.695s][info][gc,load     ] GC(513) Load: 0.00/0.00/0.00
[75.695s][info][gc,mmu      ] GC(513) MMU: 2ms/96.6%, 5ms/98.6%, 10ms/99.3%, 20ms/99.7%, 50ms/99.8%, 100ms/99.9%
[75.695s][info][gc,marking  ] GC(513) Mark: 4 stripe(s), 2 proactive flush(es), 1 terminate flush(es), 0 completion(s), 0 continuation(s) 
[75.695s][info][gc,marking  ] GC(513) Mark Stack Usage: 32M
[75.695s][info][gc,nmethod  ] GC(513) NMethods: 5404 registered, 2256 unregistered
[75.695s][info][gc,metaspace] GC(513) Metaspace: 60M used, 61M committed, 1088M reserved
[75.696s][info][gc,ref      ] GC(513) Soft: 3045 encountered, 0 discovered, 0 enqueued
[75.696s][info][gc,ref      ] GC(513) Weak: 6005 encountered, 3212 discovered, 14 enqueued
[75.696s][info][gc,ref      ] GC(513) Final: 60 encountered, 6 discovered, 0 enqueued
[75.696s][info][gc,ref      ] GC(513) Phantom: 608 encountered, 427 discovered, 0 enqueued
[75.696s][info][gc,reloc    ] GC(513) Small Pages: 292 / 584M, Empty: 348M, Relocated: 3M, In-Place: 0
[75.696s][info][gc,reloc    ] GC(513) Medium Pages: 1 / 32M, Empty: 0M, Relocated: 0M, In-Place: 0
[75.696s][info][gc,reloc    ] GC(513) Large Pages: 2 / 12M, Empty: 0M, Relocated: 0M, In-Place: 0
[75.696s][info][gc,reloc    ] GC(513) Forwarding Usage: 1M
[75.696s][info][gc,heap     ] GC(513) Min Capacity: 8M(1%)
[75.696s][info][gc,heap     ] GC(513) Max Capacity: 1024M(100%)
[75.696s][info][gc,heap     ] GC(513) Soft Max Capacity: 1024M(100%)
[75.696s][info][gc,heap     ] GC(513)                Mark Start          Mark End        Relocate Start      Relocate End           High               Low         
[75.696s][info][gc,heap     ] GC(513)  Capacity:     1024M (100%)       1024M (100%)       1024M (100%)       1024M (100%)       1024M (100%)       1024M (100%)   
[75.696s][info][gc,heap     ] GC(513)      Free:      396M (39%)         154M (15%)         480M (47%)         498M (49%)         498M (49%)         144M (14%)    
[75.696s][info][gc,heap     ] GC(513)      Used:      628M (61%)         870M (85%)         544M (53%)         526M (51%)         880M (86%)         526M (51%)    
[75.696s][info][gc,heap     ] GC(513)      Live:         -               204M (20%)         204M (20%)         204M (20%)            -                  -          
[75.696s][info][gc,heap     ] GC(513) Allocated:         -               242M (24%)         264M (26%)         267M (26%)            -                  -          
[75.696s][info][gc,heap     ] GC(513)   Garbage:         -               423M (41%)          75M (7%)           53M (5%)             -                  -          
[75.696s][info][gc,heap     ] GC(513) Reclaimed:         -                  -               348M (34%)         369M (36%)            -                  -          
[75.696s][info][gc          ] GC(513) Garbage Collection (Allocation Rate) 628M(61%)->526M(51%)
[75.701s][info][gc,start    ] GC(514) Garbage Collection (Allocation Rate)
[75.702s][info][gc,task     ] GC(514) Using 6 workers
[75.702s][info][gc,phases   ] GC(514) Pause Mark Start 0.010ms
[75.780s][info][gc,phases   ] GC(514) Concurrent Mark 77.910ms
[75.780s][info][gc,phases   ] GC(514) Pause Mark End 0.029ms
[75.780s][info][gc,phases   ] GC(514) Concurrent Mark Free 0.001ms
[75.783s][info][gc,phases   ] GC(514) Concurrent Process Non-Strong References 3.226ms
[75.783s][info][gc,phases   ] GC(514) Concurrent Reset Relocation Set 0.002ms
[75.787s][info][gc,phases   ] GC(514) Concurrent Select Relocation Set 3.564ms
[75.787s][info][gc,phases   ] GC(514) Pause Relocate Start 0.009ms
[75.790s][info][gc,phases   ] GC(514) Concurrent Relocate 3.138ms
[75.790s][info][gc,load     ] GC(514) Load: 0.00/0.00/0.00
[75.790s][info][gc,mmu      ] GC(514) MMU: 2ms/96.6%, 5ms/98.6%, 10ms/99.3%, 20ms/99.7%, 50ms/99.8%, 100ms/99.9%
[75.790s][info][gc,marking  ] GC(514) Mark: 4 stripe(s), 2 proactive flush(es), 1 terminate flush(es), 0 completion(s), 0 continuation(s) 
[75.790s][info][gc,marking  ] GC(514) Mark Stack Usage: 32M
[75.790s][info][gc,nmethod  ] GC(514) NMethods: 5404 registered, 2256 unregistered
[75.790s][info][gc,metaspace] GC(514) Metaspace: 60M used, 61M committed, 1088M reserved
[75.790s][info][gc,ref      ] GC(514) Soft: 3045 encountered, 0 discovered, 0 enqueued
[75.790s][info][gc,ref      ] GC(514) Weak: 5991 encountered, 3540 discovered, 0 enqueued
[75.790s][info][gc,ref      ] GC(514) Final: 60 encountered, 3 discovered, 0 enqueued
[75.790s][info][gc,ref      ] GC(514) Phantom: 608 encountered, 457 discovered, 0 enqueued
[75.790s][info][gc,reloc    ] GC(514) Small Pages: 247 / 494M, Empty: 262M, Relocated: 3M, In-Place: 0
[75.790s][info][gc,reloc    ] GC(514) Medium Pages: 1 / 32M, Empty: 0M, Relocated: 0M, In-Place: 0
[75.790s][info][gc,reloc    ] GC(514) Large Pages: 2 / 12M, Empty: 0M, Relocated: 0M, In-Place: 0
[75.790s][info][gc,reloc    ] GC(514) Forwarding Usage: 1M
[75.790s][info][gc,heap     ] GC(514) Min Capacity: 8M(1%)
[75.791s][info][gc,heap     ] GC(514) Max Capacity: 1024M(100%)
[75.791s][info][gc,heap     ] GC(514) Soft Max Capacity: 1024M(100%)
[75.791s][info][gc,heap     ] GC(514)                Mark Start          Mark End        Relocate Start      Relocate End           High               Low         
[75.791s][info][gc,heap     ] GC(514)  Capacity:     1024M (100%)       1024M (100%)       1024M (100%)       1024M (100%)       1024M (100%)       1024M (100%)   
[75.791s][info][gc,heap     ] GC(514)      Free:      486M (47%)         338M (33%)         586M (57%)         596M (58%)         600M (59%)         328M (32%)    
[75.791s][info][gc,heap     ] GC(514)      Used:      538M (53%)         686M (67%)         438M (43%)         428M (42%)         696M (68%)         424M (41%)    
[75.791s][info][gc,heap     ] GC(514)      Live:         -               204M (20%)         204M (20%)         204M (20%)            -                  -          
[75.791s][info][gc,heap     ] GC(514) Allocated:         -               148M (14%)         162M (16%)         169M (17%)            -                  -          
[75.791s][info][gc,heap     ] GC(514)   Garbage:         -               333M (33%)          71M (7%)           53M (5%)             -                  -          
[75.791s][info][gc,heap     ] GC(514) Reclaimed:         -                  -               262M (26%)         279M (27%)            -                  -          
[75.791s][info][gc          ] GC(514) Garbage Collection (Allocation Rate) 538M(53%)->428M(42%)
[75.795s][info][gc,start    ] GC(515) Garbage Collection (Allocation Rate)
[75.795s][info][gc,task     ] GC(515) Using 6 workers
[75.795s][info][gc,phases   ] GC(515) Pause Mark Start 0.010ms
[75.873s][info][gc,phases   ] GC(515) Concurrent Mark 77.837ms
[75.873s][info][gc,phases   ] GC(515) Pause Mark End 0.020ms
[75.874s][info][gc,phases   ] GC(515) Concurrent Mark Free 0.001ms
[75.876s][info][gc,phases   ] GC(515) Concurrent Process Non-Strong References 2.833ms
[75.876s][info][gc,phases   ] GC(515) Concurrent Reset Relocation Set 0.002ms
[75.880s][info][gc,phases   ] GC(515) Concurrent Select Relocation Set 3.575ms
[75.880s][info][gc,phases   ] GC(515) Pause Relocate Start 0.010ms
[75.883s][info][gc,phases   ] GC(515) Concurrent Relocate 3.104ms
[75.884s][info][gc,load     ] GC(515) Load: 0.00/0.00/0.00
[75.884s][info][gc,mmu      ] GC(515) MMU: 2ms/96.6%, 5ms/98.6%, 10ms/99.3%, 20ms/99.7%, 50ms/99.8%, 100ms/99.9%
[75.884s][info][gc,marking  ] GC(515) Mark: 4 stripe(s), 2 proactive flush(es), 1 terminate flush(es), 0 completion(s), 0 continuation(s) 
[75.884s][info][gc,marking  ] GC(515) Mark Stack Usage: 32M
[75.884s][info][gc,nmethod  ] GC(515) NMethods: 5404 registered, 2256 unregistered
[75.884s][info][gc,metaspace] GC(515) Metaspace: 60M used, 61M committed, 1088M reserved
[75.884s][info][gc,ref      ] GC(515) Soft: 3045 encountered, 0 discovered, 0 enqueued
[75.884s][info][gc,ref      ] GC(515) Weak: 5991 encountered, 765 discovered, 0 enqueued
[75.884s][info][gc,ref      ] GC(515) Final: 60 encountered, 2 discovered, 0 enqueued
[75.884s][info][gc,ref      ] GC(515) Phantom: 608 encountered, 390 discovered, 0 enqueued
[75.884s][info][gc,reloc    ] GC(515) Small Pages: 197 / 394M, Empty: 168M, Relocated: 3M, In-Place: 0
[75.884s][info][gc,reloc    ] GC(515) Medium Pages: 1 / 32M, Empty: 0M, Relocated: 0M, In-Place: 0
[75.884s][info][gc,reloc    ] GC(515) Large Pages: 2 / 12M, Empty: 0M, Relocated: 0M, In-Place: 0
[75.884s][info][gc,reloc    ] GC(515) Forwarding Usage: 1M
[75.884s][info][gc,heap     ] GC(515) Min Capacity: 8M(1%)
[75.884s][info][gc,heap     ] GC(515) Max Capacity: 1024M(100%)
[75.884s][info][gc,heap     ] GC(515) Soft Max Capacity: 1024M(100%)
[75.884s][info][gc,heap     ] GC(515)                Mark Start          Mark End        Relocate Start      Relocate End           High               Low         
[75.884s][info][gc,heap     ] GC(515)  Capacity:     1024M (100%)       1024M (100%)       1024M (100%)       1024M (100%)       1024M (100%)       1024M (100%)   
[75.884s][info][gc,heap     ] GC(515)      Free:      586M (57%)         406M (40%)         558M (54%)         560M (55%)         586M (57%)         398M (39%)    
[75.884s][info][gc,heap     ] GC(515)      Used:      438M (43%)         618M (60%)         466M (46%)         464M (45%)         626M (61%)         438M (43%)    
[75.884s][info][gc,heap     ] GC(515)      Live:         -               204M (20%)         204M (20%)         204M (20%)            -                  -          
[75.884s][info][gc,heap     ] GC(515) Allocated:         -               180M (18%)         196M (19%)         205M (20%)            -                  -          
[75.884s][info][gc,heap     ] GC(515)   Garbage:         -               233M (23%)          65M (6%)           53M (5%)             -                  -          
[75.884s][info][gc,heap     ] GC(515) Reclaimed:         -                  -               168M (16%)         179M (18%)            -                  -          
[75.884s][info][gc          ] GC(515) Garbage Collection (Allocation Rate) 438M(43%)->464M(45%)
[75.905s][info][gc,start    ] GC(516) Garbage Collection (Allocation Rate)
[75.905s][info][gc,task     ] GC(516) Using 6 workers
[75.905s][info][gc,phases   ] GC(516) Pause Mark Start 0.014ms
[75.983s][info][gc,phases   ] GC(516) Concurrent Mark 77.787ms
[75.983s][info][gc,phases   ] GC(516) Pause Mark End 0.029ms
[75.983s][info][gc,phases   ] GC(516) Concurrent Mark Free 0.001ms
[75.986s][info][gc,phases   ] GC(516) Concurrent Process Non-Strong References 3.029ms
[75.986s][info][gc,phases   ] GC(516) Concurrent Reset Relocation Set 0.002ms
[75.989s][info][gc,phases   ] GC(516) Concurrent Select Relocation Set 3.298ms
[75.989s][info][gc,phases   ] GC(516) Pause Relocate Start 0.010ms
[75.992s][info][gc,phases   ] GC(516) Concurrent Relocate 2.022ms
[75.992s][info][gc,load     ] GC(516) Load: 0.00/0.00/0.00
[75.992s][info][gc,mmu      ] GC(516) MMU: 2ms/96.6%, 5ms/98.6%, 10ms/99.3%, 20ms/99.7%, 50ms/99.8%, 100ms/99.9%
[75.992s][info][gc,marking  ] GC(516) Mark: 4 stripe(s), 2 proactive flush(es), 1 terminate flush(es), 0 completion(s), 0 continuation(s) 
[75.992s][info][gc,marking  ] GC(516) Mark Stack Usage: 32M
[75.992s][info][gc,nmethod  ] GC(516) NMethods: 5408 registered, 2256 unregistered
[75.992s][info][gc,metaspace] GC(516) Metaspace: 60M used, 61M committed, 1088M reserved
[75.992s][info][gc,ref      ] GC(516) Soft: 3045 encountered, 0 discovered, 0 enqueued
[75.992s][info][gc,ref      ] GC(516) Weak: 5991 encountered, 461 discovered, 0 enqueued
[75.992s][info][gc,ref      ] GC(516) Final: 60 encountered, 0 discovered, 0 enqueued
[75.992s][info][gc,ref      ] GC(516) Phantom: 608 encountered, 432 discovered, 0 enqueued
[75.992s][info][gc,reloc    ] GC(516) Small Pages: 236 / 472M, Empty: 246M, Relocated: 3M, In-Place: 0
[75.992s][info][gc,reloc    ] GC(516) Medium Pages: 1 / 32M, Empty: 0M, Relocated: 0M, In-Place: 0
[75.992s][info][gc,reloc    ] GC(516) Large Pages: 2 / 12M, Empty: 0M, Relocated: 0M, In-Place: 0
[75.992s][info][gc,reloc    ] GC(516) Forwarding Usage: 1M
[75.992s][info][gc,heap     ] GC(516) Min Capacity: 8M(1%)
[75.992s][info][gc,heap     ] GC(516) Max Capacity: 1024M(100%)
[75.992s][info][gc,heap     ] GC(516) Soft Max Capacity: 1024M(100%)
[75.992s][info][gc,heap     ] GC(516)                Mark Start          Mark End        Relocate Start      Relocate End           High               Low         
[75.992s][info][gc,heap     ] GC(516)  Capacity:     1024M (100%)       1024M (100%)       1024M (100%)       1024M (100%)       1024M (100%)       1024M (100%)   
[75.992s][info][gc,heap     ] GC(516)      Free:      508M (50%)         282M (28%)         508M (50%)         514M (50%)         516M (50%)         272M (27%)    
[75.992s][info][gc,heap     ] GC(516)      Used:      516M (50%)         742M (72%)         516M (50%)         510M (50%)         752M (73%)         508M (50%)    
[75.992s][info][gc,heap     ] GC(516)      Live:         -               204M (20%)         204M (20%)         204M (20%)            -                  -          
[75.992s][info][gc,heap     ] GC(516) Allocated:         -               226M (22%)         246M (24%)         251M (25%)            -                  -          
[75.992s][info][gc,heap     ] GC(516)   Garbage:         -               311M (30%)          65M (6%)           53M (5%)             -                  -          
[75.992s][info][gc,heap     ] GC(516) Reclaimed:         -                  -               246M (24%)         257M (25%)            -                  -          
[75.992s][info][gc          ] GC(516) Garbage Collection (Allocation Rate) 516M(50%)->510M(50%)
[75.993s][info][gc,start    ] GC(517) Garbage Collection (Allocation Rate)
[75.993s][info][gc,task     ] GC(517) Using 6 workers
[75.993s][info][gc,phases   ] GC(517) Pause Mark Start 0.010ms
[76.067s][info][gc,phases   ] GC(517) Concurrent Mark 73.362ms
[76.067s][info][gc,phases   ] GC(517) Pause Mark End 0.018ms
[76.067s][info][gc,phases   ] GC(517) Concurrent Mark Free 0.001ms
[76.070s][info][gc,phases   ] GC(517) Concurrent Process Non-Strong References 2.823ms
[76.070s][info][gc,phases   ] GC(517) Concurrent Reset Relocation Set 0.002ms
[76.075s][info][gc,phases   ] GC(517) Concurrent Select Relocation Set 5.152ms
[76.075s][info][gc,phases   ] GC(517) Pause Relocate Start 0.007ms
[76.077s][info][gc,phases   ] GC(517) Concurrent Relocate 1.949ms
[76.077s][info][gc,load     ] GC(517) Load: 0.00/0.00/0.00
[76.077s][info][gc,mmu      ] GC(517) MMU: 2ms/96.6%, 5ms/98.6%, 10ms/99.3%, 20ms/99.7%, 50ms/99.8%, 100ms/99.9%
[76.077s][info][gc,marking  ] GC(517) Mark: 4 stripe(s), 2 proactive flush(es), 1 terminate flush(es), 0 completion(s), 0 continuation(s) 
[76.077s][info][gc,marking  ] GC(517) Mark Stack Usage: 32M
[76.077s][info][gc,nmethod  ] GC(517) NMethods: 5408 registered, 2256 unregistered
[76.077s][info][gc,metaspace] GC(517) Metaspace: 60M used, 61M committed, 1088M reserved
[76.077s][info][gc,ref      ] GC(517) Soft: 3045 encountered, 0 discovered, 0 enqueued
[76.077s][info][gc,ref      ] GC(517) Weak: 5992 encountered, 413 discovered, 1 enqueued
[76.077s][info][gc,ref      ] GC(517) Final: 60 encountered, 1 discovered, 0 enqueued
[76.077s][info][gc,ref      ] GC(517) Phantom: 608 encountered, 403 discovered, 0 enqueued
[76.078s][info][gc,reloc    ] GC(517) Small Pages: 235 / 470M, Empty: 238M, Relocated: 3M, In-Place: 0
[76.078s][info][gc,reloc    ] GC(517) Medium Pages: 1 / 32M, Empty: 0M, Relocated: 0M, In-Place: 0
[76.078s][info][gc,reloc    ] GC(517) Large Pages: 2 / 12M, Empty: 0M, Relocated: 0M, In-Place: 0
[76.078s][info][gc,reloc    ] GC(517) Forwarding Usage: 1M
[76.078s][info][gc,heap     ] GC(517) Min Capacity: 8M(1%)
[76.078s][info][gc,heap     ] GC(517) Max Capacity: 1024M(100%)
[76.078s][info][gc,heap     ] GC(517) Soft Max Capacity: 1024M(100%)
[76.078s][info][gc,heap     ] GC(517)                Mark Start          Mark End        Relocate Start      Relocate End           High               Low         
[76.078s][info][gc,heap     ] GC(517)  Capacity:     1024M (100%)       1024M (100%)       1024M (100%)       1024M (100%)       1024M (100%)       1024M (100%)   
[76.078s][info][gc,heap     ] GC(517)      Free:      510M (50%)         276M (27%)         488M (48%)         500M (49%)         510M (50%)         266M (26%)    
[76.078s][info][gc,heap     ] GC(517)      Used:      514M (50%)         748M (73%)         536M (52%)         524M (51%)         758M (74%)         514M (50%)    
[76.078s][info][gc,heap     ] GC(517)      Live:         -               204M (20%)         204M (20%)         204M (20%)            -                  -          
[76.078s][info][gc,heap     ] GC(517) Allocated:         -               234M (23%)         260M (25%)         265M (26%)            -                  -          
[76.078s][info][gc,heap     ] GC(517)   Garbage:         -               309M (30%)          71M (7%)           53M (5%)             -                  -          
[76.078s][info][gc,heap     ] GC(517) Reclaimed:         -                  -               238M (23%)         255M (25%)            -                  -          
[76.078s][info][gc          ] GC(517) Garbage Collection (Allocation Rate) 514M(50%)->524M(51%)
[76.098s][info][gc,start    ] GC(518) Garbage Collection (Allocation Rate)
[76.098s][info][gc,task     ] GC(518) Using 6 workers
[76.098s][info][gc,phases   ] GC(518) Pause Mark Start 0.013ms
[76.176s][info][gc,phases   ] GC(518) Concurrent Mark 77.862ms
[76.176s][info][gc,phases   ] GC(518) Pause Mark End 0.030ms
[76.176s][info][gc,phases   ] GC(518) Concurrent Mark Free 0.001ms
[76.179s][info][gc,phases   ] GC(518) Concurrent Process Non-Strong References 2.808ms
[76.179s][info][gc,phases   ] GC(518) Concurrent Reset Relocation Set 0.002ms
[76.183s][info][gc,phases   ] GC(518) Concurrent Select Relocation Set 3.557ms
[76.183s][info][gc,phases   ] GC(518) Pause Relocate Start 0.010ms
[76.185s][info][gc,phases   ] GC(518) Concurrent Relocate 2.198ms
[76.185s][info][gc,load     ] GC(518) Load: 0.00/0.00/0.00
[76.185s][info][gc,mmu      ] GC(518) MMU: 2ms/96.6%, 5ms/98.6%, 10ms/99.3%, 20ms/99.7%, 50ms/99.8%, 100ms/99.9%
[76.185s][info][gc,marking  ] GC(518) Mark: 4 stripe(s), 2 proactive flush(es), 1 terminate flush(es), 0 completion(s), 0 continuation(s) 
[76.185s][info][gc,marking  ] GC(518) Mark Stack Usage: 32M
[76.185s][info][gc,nmethod  ] GC(518) NMethods: 5409 registered, 2256 unregistered
[76.185s][info][gc,metaspace] GC(518) Metaspace: 60M used, 61M committed, 1088M reserved
[76.185s][info][gc,ref      ] GC(518) Soft: 3045 encountered, 0 discovered, 0 enqueued
[76.186s][info][gc,ref      ] GC(518) Weak: 5991 encountered, 3413 discovered, 0 enqueued
[76.186s][info][gc,ref      ] GC(518) Final: 60 encountered, 5 discovered, 0 enqueued
[76.186s][info][gc,ref      ] GC(518) Phantom: 608 encountered, 332 discovered, 0 enqueued
[76.186s][info][gc,reloc    ] GC(518) Small Pages: 261 / 522M, Empty: 294M, Relocated: 3M, In-Place: 0
[76.186s][info][gc,reloc    ] GC(518) Medium Pages: 1 / 32M, Empty: 0M, Relocated: 0M, In-Place: 0
[76.186s][info][gc,reloc    ] GC(518) Large Pages: 2 / 12M, Empty: 0M, Relocated: 0M, In-Place: 0
[76.186s][info][gc,reloc    ] GC(518) Forwarding Usage: 1M
[76.186s][info][gc,heap     ] GC(518) Min Capacity: 8M(1%)
[76.186s][info][gc,heap     ] GC(518) Max Capacity: 1024M(100%)
[76.186s][info][gc,heap     ] GC(518) Soft Max Capacity: 1024M(100%)
[76.186s][info][gc,heap     ] GC(518)                Mark Start          Mark End        Relocate Start      Relocate End           High               Low         
[76.186s][info][gc,heap     ] GC(518)  Capacity:     1024M (100%)       1024M (100%)       1024M (100%)       1024M (100%)       1024M (100%)       1024M (100%)   
[76.186s][info][gc,heap     ] GC(518)      Free:      458M (45%)         244M (24%)         526M (51%)         536M (52%)         536M (52%)         240M (23%)    
[76.186s][info][gc,heap     ] GC(518)      Used:      566M (55%)         780M (76%)         498M (49%)         488M (48%)         784M (77%)         488M (48%)    
[76.186s][info][gc,heap     ] GC(518)      Live:         -               204M (20%)         204M (20%)         204M (20%)            -                  -          
[76.186s][info][gc,heap     ] GC(518) Allocated:         -               214M (21%)         226M (22%)         229M (22%)            -                  -          
[76.186s][info][gc,heap     ] GC(518)   Garbage:         -               361M (35%)          67M (7%)           53M (5%)             -                  -          
[76.186s][info][gc,heap     ] GC(518) Reclaimed:         -                  -               294M (29%)         307M (30%)            -                  -          
[76.186s][info][gc          ] GC(518) Garbage Collection (Allocation Rate) 566M(55%)->488M(48%)
[76.207s][info][gc,start    ] GC(519) Garbage Collection (Allocation Rate)
[76.207s][info][gc,task     ] GC(519) Using 6 workers
[76.208s][info][gc,phases   ] GC(519) Pause Mark Start 0.013ms
[76.285s][info][gc,phases   ] GC(519) Concurrent Mark 77.108ms
[76.285s][info][gc,phases   ] GC(519) Pause Mark End 0.031ms
[76.285s][info][gc,phases   ] GC(519) Concurrent Mark Free 0.001ms
[76.288s][info][gc,phases   ] GC(519) Concurrent Process Non-Strong References 3.123ms
[76.288s][info][gc,phases   ] GC(519) Concurrent Reset Relocation Set 0.002ms
[76.293s][info][gc,phases   ] GC(519) Concurrent Select Relocation Set 5.124ms
[76.294s][info][gc,phases   ] GC(519) Pause Relocate Start 0.007ms
[76.296s][info][gc,phases   ] GC(519) Concurrent Relocate 2.168ms
[76.296s][info][gc,load     ] GC(519) Load: 0.00/0.00/0.00
[76.296s][info][gc,mmu      ] GC(519) MMU: 2ms/96.6%, 5ms/98.6%, 10ms/99.3%, 20ms/99.7%, 50ms/99.8%, 100ms/99.9%
[76.296s][info][gc,marking  ] GC(519) Mark: 4 stripe(s), 2 proactive flush(es), 1 terminate flush(es), 0 completion(s), 0 continuation(s) 
[76.296s][info][gc,marking  ] GC(519) Mark Stack Usage: 32M
[76.296s][info][gc,nmethod  ] GC(519) NMethods: 5418 registered, 2257 unregistered
[76.296s][info][gc,metaspace] GC(519) Metaspace: 60M used, 61M committed, 1088M reserved
[76.296s][info][gc,ref      ] GC(519) Soft: 3043 encountered, 0 discovered, 0 enqueued
[76.296s][info][gc,ref      ] GC(519) Weak: 6048 encountered, 2692 discovered, 5 enqueued
[76.296s][info][gc,ref      ] GC(519) Final: 60 encountered, 0 discovered, 0 enqueued
[76.296s][info][gc,ref      ] GC(519) Phantom: 608 encountered, 376 discovered, 0 enqueued
[76.296s][info][gc,reloc    ] GC(519) Small Pages: 231 / 462M, Empty: 234M, Relocated: 3M, In-Place: 0
[76.296s][info][gc,reloc    ] GC(519) Medium Pages: 1 / 32M, Empty: 0M, Relocated: 0M, In-Place: 0
[76.296s][info][gc,reloc    ] GC(519) Large Pages: 3 / 18M, Empty: 6M, Relocated: 0M, In-Place: 0
[76.296s][info][gc,reloc    ] GC(519) Forwarding Usage: 1M
[76.296s][info][gc,heap     ] GC(519) Min Capacity: 8M(1%)
[76.296s][info][gc,heap     ] GC(519) Max Capacity: 1024M(100%)
[76.296s][info][gc,heap     ] GC(519) Soft Max Capacity: 1024M(100%)
[76.296s][info][gc,heap     ] GC(519)                Mark Start          Mark End        Relocate Start      Relocate End           High               Low         
[76.296s][info][gc,heap     ] GC(519)  Capacity:     1024M (100%)       1024M (100%)       1024M (100%)       1024M (100%)       1024M (100%)       1024M (100%)   
[76.296s][info][gc,heap     ] GC(519)      Free:      512M (50%)         506M (49%)         744M (73%)         758M (74%)         758M (74%)         506M (49%)    
[76.296s][info][gc,heap     ] GC(519)      Used:      512M (50%)         518M (51%)         280M (27%)         266M (26%)         518M (51%)         266M (26%)    
[76.296s][info][gc,heap     ] GC(519)      Live:         -               204M (20%)         204M (20%)         204M (20%)            -                  -          
[76.296s][info][gc,heap     ] GC(519) Allocated:         -                 6M (1%)            8M (1%)            8M (1%)             -                  -          
[76.297s][info][gc,heap     ] GC(519)   Garbage:         -               307M (30%)          67M (7%)           53M (5%)             -                  -          
[76.297s][info][gc,heap     ] GC(519) Reclaimed:         -                  -               240M (23%)         254M (25%)            -                  -          
[76.297s][info][gc          ] GC(519) Garbage Collection (Allocation Rate) 512M(50%)->266M(26%)
[76.297s][info][gc,start    ] GC(520) Garbage Collection (System.gc())
[76.297s][info][gc,task     ] GC(520) Using 10 workers
[76.297s][info][gc,phases   ] GC(520) Pause Mark Start 0.014ms
[76.347s][info][gc,phases   ] GC(520) Concurrent Mark 50.343ms
[76.347s][info][gc,phases   ] GC(520) Pause Mark End 0.029ms
[76.347s][info][gc,phases   ] GC(520) Concurrent Mark Free 0.001ms
[76.349s][info][gc,phases   ] GC(520) Concurrent Process Non-Strong References 1.635ms
[76.349s][info][gc,phases   ] GC(520) Concurrent Reset Relocation Set 0.001ms
[76.351s][info][gc,phases   ] GC(520) Concurrent Select Relocation Set 2.278ms
[76.351s][info][gc,phases   ] GC(520) Pause Relocate Start 0.007ms
[76.355s][info][gc,phases   ] GC(520) Concurrent Relocate 3.019ms
[76.355s][info][gc,load     ] GC(520) Load: 0.00/0.00/0.00
[76.355s][info][gc,mmu      ] GC(520) MMU: 2ms/96.6%, 5ms/98.6%, 10ms/99.3%, 20ms/99.7%, 50ms/99.8%, 100ms/99.9%
[76.355s][info][gc,marking  ] GC(520) Mark: 8 stripe(s), 1 proactive flush(es), 1 terminate flush(es), 0 completion(s), 0 continuation(s) 
[76.355s][info][gc,marking  ] GC(520) Mark Stack Usage: 32M
[76.355s][info][gc,nmethod  ] GC(520) NMethods: 5415 registered, 2260 unregistered
[76.355s][info][gc,metaspace] GC(520) Metaspace: 60M used, 61M committed, 1088M reserved
[76.355s][info][gc,ref      ] GC(520) Soft: 3043 encountered, 0 discovered, 0 enqueued
[76.355s][info][gc,ref      ] GC(520) Weak: 6050 encountered, 1957 discovered, 117 enqueued
[76.355s][info][gc,ref      ] GC(520) Final: 60 encountered, 36 discovered, 0 enqueued
[76.355s][info][gc,ref      ] GC(520) Phantom: 608 encountered, 490 discovered, 0 enqueued
[76.355s][info][gc,reloc    ] GC(520) Small Pages: 111 / 222M, Empty: 0M, Relocated: 3M, In-Place: 0
[76.355s][info][gc,reloc    ] GC(520) Medium Pages: 1 / 32M, Empty: 0M, Relocated: 0M, In-Place: 0
[76.355s][info][gc,reloc    ] GC(520) Large Pages: 2 / 12M, Empty: 0M, Relocated: 0M, In-Place: 0
[76.355s][info][gc,reloc    ] GC(520) Forwarding Usage: 1M
[76.355s][info][gc,heap     ] GC(520) Min Capacity: 8M(1%)
[76.355s][info][gc,heap     ] GC(520) Max Capacity: 1024M(100%)
[76.355s][info][gc,heap     ] GC(520) Soft Max Capacity: 1024M(100%)
[76.355s][info][gc,heap     ] GC(520)                Mark Start          Mark End        Relocate Start      Relocate End           High               Low         
[76.355s][info][gc,heap     ] GC(520)  Capacity:     1024M (100%)       1024M (100%)       1024M (100%)       1024M (100%)       1024M (100%)       1024M (100%)   
[76.355s][info][gc,heap     ] GC(520)      Free:      758M (74%)         758M (74%)         754M (74%)         752M (73%)         758M (74%)         736M (72%)    
[76.355s][info][gc,heap     ] GC(520)      Used:      266M (26%)         266M (26%)         270M (26%)         272M (27%)         288M (28%)         266M (26%)    
[76.355s][info][gc,heap     ] GC(520)      Live:         -               204M (20%)         204M (20%)         204M (20%)            -                  -          
[76.355s][info][gc,heap     ] GC(520) Allocated:         -                 0M (0%)            4M (0%)            6M (1%)             -                  -          
[76.355s][info][gc,heap     ] GC(520)   Garbage:         -                61M (6%)           61M (6%)           61M (6%)             -                  -          
[76.355s][info][gc,heap     ] GC(520) Reclaimed:         -                  -                 0M (0%)            0M (0%)             -                  -          
[76.355s][info][gc          ] GC(520) Garbage Collection (System.gc()) 266M(26%)->272M(27%)
[76.503s][info][gc,start    ] GC(521) Garbage Collection (Allocation Rate)
[76.504s][info][gc,task     ] GC(521) Using 6 workers
[76.504s][info][gc,phases   ] GC(521) Pause Mark Start 0.015ms
[76.582s][info][gc,phases   ] GC(521) Concurrent Mark 77.718ms
[76.582s][info][gc,phases   ] GC(521) Pause Mark End 0.026ms
[76.582s][info][gc,phases   ] GC(521) Concurrent Mark Free 0.001ms
[76.585s][info][gc,phases   ] GC(521) Concurrent Process Non-Strong References 2.698ms
[76.585s][info][gc,phases   ] GC(521) Concurrent Reset Relocation Set 0.002ms
[76.590s][info][gc,phases   ] GC(521) Concurrent Select Relocation Set 5.239ms
[76.590s][info][gc,phases   ] GC(521) Pause Relocate Start 0.008ms
[76.592s][info][gc,phases   ] GC(521) Concurrent Relocate 1.866ms
[76.592s][info][gc,load     ] GC(521) Load: 0.00/0.00/0.00
[76.592s][info][gc,mmu      ] GC(521) MMU: 2ms/96.6%, 5ms/98.6%, 10ms/99.3%, 20ms/99.7%, 50ms/99.8%, 100ms/99.9%
[76.592s][info][gc,marking  ] GC(521) Mark: 4 stripe(s), 2 proactive flush(es), 1 terminate flush(es), 0 completion(s), 0 continuation(s) 
[76.592s][info][gc,marking  ] GC(521) Mark Stack Usage: 32M
[76.592s][info][gc,nmethod  ] GC(521) NMethods: 5419 registered, 2262 unregistered
[76.592s][info][gc,metaspace] GC(521) Metaspace: 60M used, 61M committed, 1088M reserved
[76.592s][info][gc,ref      ] GC(521) Soft: 3045 encountered, 0 discovered, 0 enqueued
[76.592s][info][gc,ref      ] GC(521) Weak: 6094 encountered, 3332 discovered, 74 enqueued
[76.592s][info][gc,ref      ] GC(521) Final: 60 encountered, 7 discovered, 0 enqueued
[76.592s][info][gc,ref      ] GC(521) Phantom: 608 encountered, 441 discovered, 0 enqueued
[76.592s][info][gc,reloc    ] GC(521) Small Pages: 248 / 496M, Empty: 242M, Relocated: 3M, In-Place: 0
[76.592s][info][gc,reloc    ] GC(521) Medium Pages: 2 / 64M, Empty: 32M, Relocated: 0M, In-Place: 0
[76.592s][info][gc,reloc    ] GC(521) Large Pages: 4 / 24M, Empty: 12M, Relocated: 0M, In-Place: 0
[76.592s][info][gc,reloc    ] GC(521) Forwarding Usage: 1M
[76.592s][info][gc,heap     ] GC(521) Min Capacity: 8M(1%)
[76.592s][info][gc,heap     ] GC(521) Max Capacity: 1024M(100%)
[76.592s][info][gc,heap     ] GC(521) Soft Max Capacity: 1024M(100%)
[76.592s][info][gc,heap     ] GC(521)                Mark Start          Mark End        Relocate Start      Relocate End           High               Low         
[76.592s][info][gc,heap     ] GC(521)  Capacity:     1024M (100%)       1024M (100%)       1024M (100%)       1024M (100%)       1024M (100%)       1024M (100%)   
[76.593s][info][gc,heap     ] GC(521)      Free:      440M (43%)         202M (20%)         466M (46%)         502M (49%)         502M (49%)         194M (19%)    
[76.593s][info][gc,heap     ] GC(521)      Used:      584M (57%)         822M (80%)         558M (54%)         522M (51%)         830M (81%)         522M (51%)    
[76.593s][info][gc,heap     ] GC(521)      Live:         -               204M (20%)         204M (20%)         204M (20%)            -                  -          
[76.593s][info][gc,heap     ] GC(521) Allocated:         -               238M (23%)         260M (25%)         263M (26%)            -                  -          
[76.593s][info][gc,heap     ] GC(521)   Garbage:         -               379M (37%)          93M (9%)           53M (5%)             -                  -          
[76.593s][info][gc,heap     ] GC(521) Reclaimed:         -                  -               286M (28%)         325M (32%)            -                  -          
[76.593s][info][gc          ] GC(521) Garbage Collection (Allocation Rate) 584M(57%)->522M(51%)
[76.597s][info][gc,start    ] GC(522) Garbage Collection (Allocation Rate)
[76.597s][info][gc,task     ] GC(522) Using 6 workers
[76.597s][info][gc,phases   ] GC(522) Pause Mark Start 0.008ms
[76.667s][info][gc,phases   ] GC(522) Concurrent Mark 69.883ms
[76.667s][info][gc,phases   ] GC(522) Pause Mark End 0.018ms
[76.667s][info][gc,phases   ] GC(522) Concurrent Mark Free 0.001ms
[76.670s][info][gc,phases   ] GC(522) Concurrent Process Non-Strong References 2.725ms
[76.670s][info][gc,phases   ] GC(522) Concurrent Reset Relocation Set 0.004ms
[76.676s][info][gc,phases   ] GC(522) Concurrent Select Relocation Set 5.486ms
[76.676s][info][gc,phases   ] GC(522) Pause Relocate Start 0.007ms
[76.678s][info][gc,phases   ] GC(522) Concurrent Relocate 1.854ms
[76.678s][info][gc,load     ] GC(522) Load: 0.00/0.00/0.00
[76.678s][info][gc,mmu      ] GC(522) MMU: 2ms/96.6%, 5ms/98.6%, 10ms/99.3%, 20ms/99.7%, 50ms/99.8%, 100ms/99.9%
[76.678s][info][gc,marking  ] GC(522) Mark: 4 stripe(s), 2 proactive flush(es), 1 terminate flush(es), 0 completion(s), 0 continuation(s) 
[76.678s][info][gc,marking  ] GC(522) Mark Stack Usage: 32M
[76.678s][info][gc,nmethod  ] GC(522) NMethods: 5419 registered, 2262 unregistered
[76.678s][info][gc,metaspace] GC(522) Metaspace: 60M used, 61M committed, 1088M reserved
[76.678s][info][gc,ref      ] GC(522) Soft: 3045 encountered, 0 discovered, 0 enqueued
[76.678s][info][gc,ref      ] GC(522) Weak: 6019 encountered, 3152 discovered, 19 enqueued
[76.678s][info][gc,ref      ] GC(522) Final: 60 encountered, 1 discovered, 0 enqueued
[76.678s][info][gc,ref      ] GC(522) Phantom: 608 encountered, 399 discovered, 0 enqueued
[76.678s][info][gc,reloc    ] GC(522) Small Pages: 243 / 486M, Empty: 252M, Relocated: 3M, In-Place: 0
[76.678s][info][gc,reloc    ] GC(522) Medium Pages: 1 / 32M, Empty: 0M, Relocated: 0M, In-Place: 0
[76.678s][info][gc,reloc    ] GC(522) Large Pages: 2 / 12M, Empty: 0M, Relocated: 0M, In-Place: 0
[76.678s][info][gc,reloc    ] GC(522) Forwarding Usage: 1M
[76.678s][info][gc,heap     ] GC(522) Min Capacity: 8M(1%)
[76.678s][info][gc,heap     ] GC(522) Max Capacity: 1024M(100%)
[76.678s][info][gc,heap     ] GC(522) Soft Max Capacity: 1024M(100%)
[76.678s][info][gc,heap     ] GC(522)                Mark Start          Mark End        Relocate Start      Relocate End           High               Low         
[76.678s][info][gc,heap     ] GC(522)  Capacity:     1024M (100%)       1024M (100%)       1024M (100%)       1024M (100%)       1024M (100%)       1024M (100%)   
[76.678s][info][gc,heap     ] GC(522)      Free:      494M (48%)         352M (34%)         586M (57%)         602M (59%)         602M (59%)         346M (34%)    
[76.678s][info][gc,heap     ] GC(522)      Used:      530M (52%)         672M (66%)         438M (43%)         422M (41%)         678M (66%)         422M (41%)    
[76.678s][info][gc,heap     ] GC(522)      Live:         -               204M (20%)         204M (20%)         204M (20%)            -                  -          
[76.679s][info][gc,heap     ] GC(522) Allocated:         -               142M (14%)         160M (16%)         163M (16%)            -                  -          
[76.679s][info][gc,heap     ] GC(522)   Garbage:         -               325M (32%)          73M (7%)           53M (5%)             -                  -          
[76.679s][info][gc,heap     ] GC(522) Reclaimed:         -                  -               252M (25%)         271M (27%)            -                  -          
[76.679s][info][gc          ] GC(522) Garbage Collection (Allocation Rate) 530M(52%)->422M(41%)
[76.699s][info][gc,start    ] GC(523) Garbage Collection (Allocation Rate)
[76.699s][info][gc,task     ] GC(523) Using 6 workers
[76.699s][info][gc,phases   ] GC(523) Pause Mark Start 0.014ms
[76.777s][info][gc,phases   ] GC(523) Concurrent Mark 77.788ms
[76.777s][info][gc,phases   ] GC(523) Pause Mark End 0.025ms
[76.777s][info][gc,phases   ] GC(523) Concurrent Mark Free 0.001ms
[76.780s][info][gc,phases   ] GC(523) Concurrent Process Non-Strong References 2.705ms
[76.780s][info][gc,phases   ] GC(523) Concurrent Reset Relocation Set 0.002ms
[76.782s][info][gc,phases   ] GC(523) Concurrent Select Relocation Set 2.725ms
[76.782s][info][gc,phases   ] GC(523) Pause Relocate Start 0.008ms
[76.785s][info][gc,phases   ] GC(523) Concurrent Relocate 2.020ms
[76.785s][info][gc,load     ] GC(523) Load: 0.00/0.00/0.00
[76.785s][info][gc,mmu      ] GC(523) MMU: 2ms/96.6%, 5ms/98.6%, 10ms/99.3%, 20ms/99.7%, 50ms/99.8%, 100ms/99.9%
[76.785s][info][gc,marking  ] GC(523) Mark: 4 stripe(s), 2 proactive flush(es), 1 terminate flush(es), 0 completion(s), 0 continuation(s) 
[76.785s][info][gc,marking  ] GC(523) Mark Stack Usage: 32M
[76.785s][info][gc,nmethod  ] GC(523) NMethods: 5419 registered, 2262 unregistered
[76.785s][info][gc,metaspace] GC(523) Metaspace: 60M used, 61M committed, 1088M reserved
[76.785s][info][gc,ref      ] GC(523) Soft: 3045 encountered, 0 discovered, 0 enqueued
[76.785s][info][gc,ref      ] GC(523) Weak: 6000 encountered, 2385 discovered, 0 enqueued
[76.785s][info][gc,ref      ] GC(523) Final: 60 encountered, 2 discovered, 0 enqueued
[76.785s][info][gc,ref      ] GC(523) Phantom: 608 encountered, 368 discovered, 0 enqueued
[76.785s][info][gc,reloc    ] GC(523) Small Pages: 211 / 422M, Empty: 196M, Relocated: 3M, In-Place: 0
[76.785s][info][gc,reloc    ] GC(523) Medium Pages: 1 / 32M, Empty: 0M, Relocated: 0M, In-Place: 0
[76.785s][info][gc,reloc    ] GC(523) Large Pages: 2 / 12M, Empty: 0M, Relocated: 0M, In-Place: 0
[76.785s][info][gc,reloc    ] GC(523) Forwarding Usage: 1M
[76.785s][info][gc,heap     ] GC(523) Min Capacity: 8M(1%)
[76.785s][info][gc,heap     ] GC(523) Max Capacity: 1024M(100%)
[76.785s][info][gc,heap     ] GC(523) Soft Max Capacity: 1024M(100%)
[76.785s][info][gc,heap     ] GC(523)                Mark Start          Mark End        Relocate Start      Relocate End           High               Low         
[76.785s][info][gc,heap     ] GC(523)  Capacity:     1024M (100%)       1024M (100%)       1024M (100%)       1024M (100%)       1024M (100%)       1024M (100%)   
[76.785s][info][gc,heap     ] GC(523)      Free:      558M (54%)         400M (39%)         588M (57%)         596M (58%)         596M (58%)         396M (39%)    
[76.785s][info][gc,heap     ] GC(523)      Used:      466M (46%)         624M (61%)         436M (43%)         428M (42%)         628M (61%)         428M (42%)    
[76.785s][info][gc,heap     ] GC(523)      Live:         -               204M (20%)         204M (20%)         204M (20%)            -                  -          
[76.785s][info][gc,heap     ] GC(523) Allocated:         -               158M (15%)         166M (16%)         169M (17%)            -                  -          
[76.785s][info][gc,heap     ] GC(523)   Garbage:         -               261M (26%)          65M (6%)           53M (5%)             -                  -          
[76.785s][info][gc,heap     ] GC(523) Reclaimed:         -                  -               196M (19%)         207M (20%)            -                  -          
[76.785s][info][gc          ] GC(523) Garbage Collection (Allocation Rate) 466M(46%)->428M(42%)
[76.808s][info][gc,start    ] GC(524) Garbage Collection (Allocation Rate)
[76.808s][info][gc,task     ] GC(524) Using 6 workers
[76.808s][info][gc,phases   ] GC(524) Pause Mark Start 0.011ms
[76.886s][info][gc,phases   ] GC(524) Concurrent Mark 77.809ms
[76.886s][info][gc,phases   ] GC(524) Pause Mark End 0.028ms
[76.886s][info][gc,phases   ] GC(524) Concurrent Mark Free 0.001ms
[76.889s][info][gc,phases   ] GC(524) Concurrent Process Non-Strong References 2.957ms
[76.889s][info][gc,phases   ] GC(524) Concurrent Reset Relocation Set 0.002ms
[76.893s][info][gc,phases   ] GC(524) Concurrent Select Relocation Set 3.542ms
[76.893s][info][gc,phases   ] GC(524) Pause Relocate Start 0.010ms
[76.895s][info][gc,phases   ] GC(524) Concurrent Relocate 1.795ms
[76.895s][info][gc,load     ] GC(524) Load: 0.00/0.00/0.00
[76.895s][info][gc,mmu      ] GC(524) MMU: 2ms/96.6%, 5ms/98.6%, 10ms/99.3%, 20ms/99.7%, 50ms/99.8%, 100ms/99.9%
[76.895s][info][gc,marking  ] GC(524) Mark: 4 stripe(s), 2 proactive flush(es), 1 terminate flush(es), 0 completion(s), 0 continuation(s) 
[76.895s][info][gc,marking  ] GC(524) Mark Stack Usage: 32M
[76.895s][info][gc,nmethod  ] GC(524) NMethods: 5419 registered, 2262 unregistered
[76.895s][info][gc,metaspace] GC(524) Metaspace: 60M used, 61M committed, 1088M reserved
[76.895s][info][gc,ref      ] GC(524) Soft: 3045 encountered, 0 discovered, 0 enqueued
[76.895s][info][gc,ref      ] GC(524) Weak: 6000 encountered, 2457 discovered, 0 enqueued
[76.895s][info][gc,ref      ] GC(524) Final: 60 encountered, 5 discovered, 0 enqueued
[76.895s][info][gc,ref      ] GC(524) Phantom: 608 encountered, 294 discovered, 0 enqueued
[76.895s][info][gc,reloc    ] GC(524) Small Pages: 212 / 424M, Empty: 196M, Relocated: 3M, In-Place: 0
[76.895s][info][gc,reloc    ] GC(524) Medium Pages: 1 / 32M, Empty: 0M, Relocated: 0M, In-Place: 0
[76.895s][info][gc,reloc    ] GC(524) Large Pages: 2 / 12M, Empty: 0M, Relocated: 0M, In-Place: 0
[76.895s][info][gc,reloc    ] GC(524) Forwarding Usage: 1M
[76.895s][info][gc,heap     ] GC(524) Min Capacity: 8M(1%)
[76.895s][info][gc,heap     ] GC(524) Max Capacity: 1024M(100%)
[76.895s][info][gc,heap     ] GC(524) Soft Max Capacity: 1024M(100%)
[76.895s][info][gc,heap     ] GC(524)                Mark Start          Mark End        Relocate Start      Relocate End           High               Low         
[76.895s][info][gc,heap     ] GC(524)  Capacity:     1024M (100%)       1024M (100%)       1024M (100%)       1024M (100%)       1024M (100%)       1024M (100%)   
[76.895s][info][gc,heap     ] GC(524)      Free:      556M (54%)         382M (37%)         562M (55%)         570M (56%)         570M (56%)         376M (37%)    
[76.896s][info][gc,heap     ] GC(524)      Used:      468M (46%)         642M (63%)         462M (45%)         454M (44%)         648M (63%)         454M (44%)    
[76.896s][info][gc,heap     ] GC(524)      Live:         -               204M (20%)         204M (20%)         204M (20%)            -                  -          
[76.896s][info][gc,heap     ] GC(524) Allocated:         -               174M (17%)         190M (19%)         195M (19%)            -                  -          
[76.896s][info][gc,heap     ] GC(524)   Garbage:         -               263M (26%)          67M (7%)           53M (5%)             -                  -          
[76.896s][info][gc,heap     ] GC(524) Reclaimed:         -                  -               196M (19%)         209M (21%)            -                  -          
[76.896s][info][gc          ] GC(524) Garbage Collection (Allocation Rate) 468M(46%)->454M(44%)
[76.902s][info][gc,start    ] GC(525) Garbage Collection (Allocation Rate)
[76.902s][info][gc,task     ] GC(525) Using 6 workers
[76.902s][info][gc,phases   ] GC(525) Pause Mark Start 0.011ms
[76.980s][info][gc,phases   ] GC(525) Concurrent Mark 77.760ms
[76.980s][info][gc,phases   ] GC(525) Pause Mark End 0.019ms
[76.980s][info][gc,phases   ] GC(525) Concurrent Mark Free 0.001ms
[76.983s][info][gc,phases   ] GC(525) Concurrent Process Non-Strong References 3.005ms
[76.983s][info][gc,phases   ] GC(525) Concurrent Reset Relocation Set 0.003ms
[76.987s][info][gc,phases   ] GC(525) Concurrent Select Relocation Set 3.584ms
[76.987s][info][gc,phases   ] GC(525) Pause Relocate Start 0.009ms
[76.990s][info][gc,phases   ] GC(525) Concurrent Relocate 3.203ms
[76.990s][info][gc,load     ] GC(525) Load: 0.00/0.00/0.00
[76.990s][info][gc,mmu      ] GC(525) MMU: 2ms/96.6%, 5ms/98.6%, 10ms/99.3%, 20ms/99.7%, 50ms/99.8%, 100ms/99.9%
[76.990s][info][gc,marking  ] GC(525) Mark: 4 stripe(s), 2 proactive flush(es), 1 terminate flush(es), 0 completion(s), 0 continuation(s) 
[76.990s][info][gc,marking  ] GC(525) Mark Stack Usage: 32M
[76.990s][info][gc,nmethod  ] GC(525) NMethods: 5419 registered, 2262 unregistered
[76.990s][info][gc,metaspace] GC(525) Metaspace: 60M used, 61M committed, 1088M reserved
[76.990s][info][gc,ref      ] GC(525) Soft: 3045 encountered, 0 discovered, 0 enqueued
[76.990s][info][gc,ref      ] GC(525) Weak: 6000 encountered, 528 discovered, 0 enqueued
[76.990s][info][gc,ref      ] GC(525) Final: 60 encountered, 0 discovered, 0 enqueued
[76.990s][info][gc,ref      ] GC(525) Phantom: 608 encountered, 494 discovered, 0 enqueued
[76.990s][info][gc,reloc    ] GC(525) Small Pages: 216 / 432M, Empty: 204M, Relocated: 3M, In-Place: 0
[76.990s][info][gc,reloc    ] GC(525) Medium Pages: 1 / 32M, Empty: 0M, Relocated: 0M, In-Place: 0
[76.990s][info][gc,reloc    ] GC(525) Large Pages: 2 / 12M, Empty: 0M, Relocated: 0M, In-Place: 0
[76.990s][info][gc,reloc    ] GC(525) Forwarding Usage: 1M
[76.990s][info][gc,heap     ] GC(525) Min Capacity: 8M(1%)
[76.990s][info][gc,heap     ] GC(525) Max Capacity: 1024M(100%)
[76.990s][info][gc,heap     ] GC(525) Soft Max Capacity: 1024M(100%)
[76.991s][info][gc,heap     ] GC(525)                Mark Start          Mark End        Relocate Start      Relocate End           High               Low         
[76.991s][info][gc,heap     ] GC(525)  Capacity:     1024M (100%)       1024M (100%)       1024M (100%)       1024M (100%)       1024M (100%)       1024M (100%)   
[76.991s][info][gc,heap     ] GC(525)      Free:      548M (54%)         282M (28%)         462M (45%)         470M (46%)         548M (54%)         270M (26%)    
[76.991s][info][gc,heap     ] GC(525)      Used:      476M (46%)         742M (72%)         562M (55%)         554M (54%)         754M (74%)         476M (46%)    
[76.991s][info][gc,heap     ] GC(525)      Live:         -               204M (20%)         204M (20%)         204M (20%)            -                  -          
[76.991s][info][gc,heap     ] GC(525) Allocated:         -               266M (26%)         290M (28%)         295M (29%)            -                  -          
[76.991s][info][gc,heap     ] GC(525)   Garbage:         -               271M (27%)          67M (7%)           53M (5%)             -                  -          
[76.991s][info][gc,heap     ] GC(525) Reclaimed:         -                  -               204M (20%)         217M (21%)            -                  -          
[76.991s][info][gc          ] GC(525) Garbage Collection (Allocation Rate) 476M(46%)->554M(54%)
[76.995s][info][gc,start    ] GC(526) Garbage Collection (Allocation Rate)
[76.995s][info][gc,task     ] GC(526) Using 6 workers
[76.995s][info][gc,phases   ] GC(526) Pause Mark Start 0.009ms
[77.073s][info][gc,phases   ] GC(526) Concurrent Mark 77.841ms
[77.074s][info][gc,phases   ] GC(526) Pause Mark End 0.030ms
[77.074s][info][gc,phases   ] GC(526) Concurrent Mark Free 0.001ms
[77.077s][info][gc,phases   ] GC(526) Concurrent Process Non-Strong References 2.840ms
[77.077s][info][gc,phases   ] GC(526) Concurrent Reset Relocation Set 0.002ms
[77.080s][info][gc,phases   ] GC(526) Concurrent Select Relocation Set 3.547ms
[77.080s][info][gc,phases   ] GC(526) Pause Relocate Start 0.011ms
[77.083s][info][gc,phases   ] GC(526) Concurrent Relocate 2.287ms
[77.083s][info][gc,load     ] GC(526) Load: 0.00/0.00/0.00
[77.083s][info][gc,mmu      ] GC(526) MMU: 2ms/96.6%, 5ms/98.6%, 10ms/99.3%, 20ms/99.7%, 50ms/99.8%, 100ms/99.9%
[77.083s][info][gc,marking  ] GC(526) Mark: 4 stripe(s), 2 proactive flush(es), 1 terminate flush(es), 0 completion(s), 0 continuation(s) 
[77.083s][info][gc,marking  ] GC(526) Mark Stack Usage: 32M
[77.083s][info][gc,nmethod  ] GC(526) NMethods: 5419 registered, 2262 unregistered
[77.083s][info][gc,metaspace] GC(526) Metaspace: 60M used, 61M committed, 1088M reserved
[77.083s][info][gc,ref      ] GC(526) Soft: 3045 encountered, 0 discovered, 0 enqueued
[77.083s][info][gc,ref      ] GC(526) Weak: 5998 encountered, 482 discovered, 0 enqueued
[77.083s][info][gc,ref      ] GC(526) Final: 60 encountered, 0 discovered, 0 enqueued
[77.083s][info][gc,ref      ] GC(526) Phantom: 608 encountered, 318 discovered, 0 enqueued
[77.083s][info][gc,reloc    ] GC(526) Small Pages: 260 / 520M, Empty: 292M, Relocated: 3M, In-Place: 0
[77.083s][info][gc,reloc    ] GC(526) Medium Pages: 1 / 32M, Empty: 0M, Relocated: 0M, In-Place: 0
[77.083s][info][gc,reloc    ] GC(526) Large Pages: 2 / 12M, Empty: 0M, Relocated: 0M, In-Place: 0
[77.083s][info][gc,reloc    ] GC(526) Forwarding Usage: 1M
[77.083s][info][gc,heap     ] GC(526) Min Capacity: 8M(1%)
[77.083s][info][gc,heap     ] GC(526) Max Capacity: 1024M(100%)
[77.083s][info][gc,heap     ] GC(526) Soft Max Capacity: 1024M(100%)
[77.083s][info][gc,heap     ] GC(526)                Mark Start          Mark End        Relocate Start      Relocate End           High               Low         
[77.083s][info][gc,heap     ] GC(526)  Capacity:     1024M (100%)       1024M (100%)       1024M (100%)       1024M (100%)       1024M (100%)       1024M (100%)   
[77.083s][info][gc,heap     ] GC(526)      Free:      460M (45%)         308M (30%)         586M (57%)         594M (58%)         594M (58%)         302M (29%)    
[77.084s][info][gc,heap     ] GC(526)      Used:      564M (55%)         716M (70%)         438M (43%)         430M (42%)         722M (71%)         430M (42%)    
[77.084s][info][gc,heap     ] GC(526)      Live:         -               204M (20%)         204M (20%)         204M (20%)            -                  -          
[77.084s][info][gc,heap     ] GC(526) Allocated:         -               152M (15%)         166M (16%)         171M (17%)            -                  -          
[77.084s][info][gc,heap     ] GC(526)   Garbage:         -               359M (35%)          67M (7%)           53M (5%)             -                  -          
[77.084s][info][gc,heap     ] GC(526) Reclaimed:         -                  -               292M (29%)         305M (30%)            -                  -          
[77.084s][info][gc          ] GC(526) Garbage Collection (Allocation Rate) 564M(55%)->430M(42%)
[77.105s][info][gc,start    ] GC(527) Garbage Collection (Allocation Rate)
[77.105s][info][gc,task     ] GC(527) Using 6 workers
[77.105s][info][gc,phases   ] GC(527) Pause Mark Start 0.011ms
[77.183s][info][gc,phases   ] GC(527) Concurrent Mark 77.784ms
[77.183s][info][gc,phases   ] GC(527) Pause Mark End 0.018ms
[77.183s][info][gc,phases   ] GC(527) Concurrent Mark Free 0.001ms
[77.186s][info][gc,phases   ] GC(527) Concurrent Process Non-Strong References 2.844ms
[77.186s][info][gc,phases   ] GC(527) Concurrent Reset Relocation Set 0.002ms
[77.189s][info][gc,phases   ] GC(527) Concurrent Select Relocation Set 3.580ms
[77.190s][info][gc,phases   ] GC(527) Pause Relocate Start 0.007ms
[77.192s][info][gc,phases   ] GC(527) Concurrent Relocate 2.257ms
[77.192s][info][gc,load     ] GC(527) Load: 0.00/0.00/0.00
[77.192s][info][gc,mmu      ] GC(527) MMU: 2ms/96.6%, 5ms/98.6%, 10ms/99.3%, 20ms/99.7%, 50ms/99.8%, 100ms/99.9%
[77.192s][info][gc,marking  ] GC(527) Mark: 4 stripe(s), 2 proactive flush(es), 1 terminate flush(es), 0 completion(s), 0 continuation(s) 
[77.192s][info][gc,marking  ] GC(527) Mark Stack Usage: 32M
[77.192s][info][gc,nmethod  ] GC(527) NMethods: 5419 registered, 2262 unregistered
[77.192s][info][gc,metaspace] GC(527) Metaspace: 60M used, 61M committed, 1088M reserved
[77.192s][info][gc,ref      ] GC(527) Soft: 3045 encountered, 0 discovered, 0 enqueued
[77.192s][info][gc,ref      ] GC(527) Weak: 5998 encountered, 426 discovered, 0 enqueued
[77.192s][info][gc,ref      ] GC(527) Final: 60 encountered, 0 discovered, 0 enqueued
[77.192s][info][gc,ref      ] GC(527) Phantom: 608 encountered, 375 discovered, 0 enqueued
[77.192s][info][gc,reloc    ] GC(527) Small Pages: 219 / 438M, Empty: 212M, Relocated: 3M, In-Place: 0
[77.192s][info][gc,reloc    ] GC(527) Medium Pages: 1 / 32M, Empty: 0M, Relocated: 0M, In-Place: 0
[77.192s][info][gc,reloc    ] GC(527) Large Pages: 2 / 12M, Empty: 0M, Relocated: 0M, In-Place: 0
[77.192s][info][gc,reloc    ] GC(527) Forwarding Usage: 1M
[77.192s][info][gc,heap     ] GC(527) Min Capacity: 8M(1%)
[77.193s][info][gc,heap     ] GC(527) Max Capacity: 1024M(100%)
[77.193s][info][gc,heap     ] GC(527) Soft Max Capacity: 1024M(100%)
[77.193s][info][gc,heap     ] GC(527)                Mark Start          Mark End        Relocate Start      Relocate End           High               Low         
[77.193s][info][gc,heap     ] GC(527)  Capacity:     1024M (100%)       1024M (100%)       1024M (100%)       1024M (100%)       1024M (100%)       1024M (100%)   
[77.193s][info][gc,heap     ] GC(527)      Free:      542M (53%)         352M (34%)         548M (54%)         552M (54%)         552M (54%)         344M (34%)    
[77.193s][info][gc,heap     ] GC(527)      Used:      482M (47%)         672M (66%)         476M (46%)         472M (46%)         680M (66%)         472M (46%)    
[77.193s][info][gc,heap     ] GC(527)      Live:         -               204M (20%)         204M (20%)         204M (20%)            -                  -          
[77.193s][info][gc,heap     ] GC(527) Allocated:         -               190M (19%)         206M (20%)         213M (21%)            -                  -          
[77.193s][info][gc,heap     ] GC(527)   Garbage:         -               277M (27%)          65M (6%)           53M (5%)             -                  -          
[77.193s][info][gc,heap     ] GC(527) Reclaimed:         -                  -               212M (21%)         223M (22%)            -                  -          
[77.193s][info][gc          ] GC(527) Garbage Collection (Allocation Rate) 482M(47%)->472M(46%)
[77.198s][info][gc,start    ] GC(528) Garbage Collection (Allocation Rate)
[77.198s][info][gc,task     ] GC(528) Using 6 workers
[77.199s][info][gc,phases   ] GC(528) Pause Mark Start 0.009ms
[77.267s][info][gc,phases   ] GC(528) Concurrent Mark 68.718ms
[77.268s][info][gc,phases   ] GC(528) Pause Mark End 0.030ms
[77.268s][info][gc,phases   ] GC(528) Concurrent Mark Free 0.001ms
[77.270s][info][gc,phases   ] GC(528) Concurrent Process Non-Strong References 2.686ms
[77.270s][info][gc,phases   ] GC(528) Concurrent Reset Relocation Set 0.002ms
[77.274s][info][gc,phases   ] GC(528) Concurrent Select Relocation Set 3.527ms
[77.274s][info][gc,phases   ] GC(528) Pause Relocate Start 0.011ms
[77.276s][info][gc,phases   ] GC(528) Concurrent Relocate 2.231ms
[77.276s][info][gc,load     ] GC(528) Load: 0.00/0.00/0.00
[77.277s][info][gc,mmu      ] GC(528) MMU: 2ms/96.6%, 5ms/98.6%, 10ms/99.3%, 20ms/99.7%, 50ms/99.8%, 100ms/99.9%
[77.277s][info][gc,marking  ] GC(528) Mark: 4 stripe(s), 2 proactive flush(es), 1 terminate flush(es), 0 completion(s), 0 continuation(s) 
[77.277s][info][gc,marking  ] GC(528) Mark Stack Usage: 32M
[77.277s][info][gc,nmethod  ] GC(528) NMethods: 5420 registered, 2262 unregistered
[77.277s][info][gc,metaspace] GC(528) Metaspace: 60M used, 61M committed, 1088M reserved
[77.277s][info][gc,ref      ] GC(528) Soft: 3045 encountered, 0 discovered, 0 enqueued
[77.277s][info][gc,ref      ] GC(528) Weak: 5998 encountered, 3554 discovered, 0 enqueued
[77.277s][info][gc,ref      ] GC(528) Final: 60 encountered, 1 discovered, 0 enqueued
[77.277s][info][gc,ref      ] GC(528) Phantom: 608 encountered, 491 discovered, 0 enqueued
[77.277s][info][gc,reloc    ] GC(528) Small Pages: 225 / 450M, Empty: 226M, Relocated: 3M, In-Place: 0
[77.277s][info][gc,reloc    ] GC(528) Medium Pages: 1 / 32M, Empty: 0M, Relocated: 0M, In-Place: 0
[77.277s][info][gc,reloc    ] GC(528) Large Pages: 2 / 12M, Empty: 0M, Relocated: 0M, In-Place: 0
[77.277s][info][gc,reloc    ] GC(528) Forwarding Usage: 1M
[77.277s][info][gc,heap     ] GC(528) Min Capacity: 8M(1%)
[77.277s][info][gc,heap     ] GC(528) Max Capacity: 1024M(100%)
[77.277s][info][gc,heap     ] GC(528) Soft Max Capacity: 1024M(100%)
[77.277s][info][gc,heap     ] GC(528)                Mark Start          Mark End        Relocate Start      Relocate End           High               Low         
[77.277s][info][gc,heap     ] GC(528)  Capacity:     1024M (100%)       1024M (100%)       1024M (100%)       1024M (100%)       1024M (100%)       1024M (100%)   
[77.277s][info][gc,heap     ] GC(528)      Free:      530M (52%)         318M (31%)         530M (52%)         536M (52%)         536M (52%)         310M (30%)    
[77.277s][info][gc,heap     ] GC(528)      Used:      494M (48%)         706M (69%)         494M (48%)         488M (48%)         714M (70%)         488M (48%)    
[77.277s][info][gc,heap     ] GC(528)      Live:         -               204M (20%)         204M (20%)         204M (20%)            -                  -          
[77.277s][info][gc,heap     ] GC(528) Allocated:         -               212M (21%)         226M (22%)         229M (22%)            -                  -          
[77.277s][info][gc,heap     ] GC(528)   Garbage:         -               289M (28%)          63M (6%)           53M (5%)             -                  -          
[77.277s][info][gc,heap     ] GC(528) Reclaimed:         -                  -               226M (22%)         235M (23%)            -                  -          
[77.277s][info][gc          ] GC(528) Garbage Collection (Allocation Rate) 494M(48%)->488M(48%)
[77.299s][info][gc,start    ] GC(529) Garbage Collection (Allocation Rate)
[77.344s][info][gc,task     ] GC(529) Using 6 workers
[77.345s][info][gc,phases   ] GC(529) Pause Mark Start 0.013ms
[77.423s][info][gc,phases   ] GC(529) Concurrent Mark 78.433ms
[77.424s][info][gc,phases   ] GC(529) Pause Mark End 0.027ms
[77.424s][info][gc,phases   ] GC(529) Concurrent Mark Free 0.001ms
[77.427s][info][gc,phases   ] GC(529) Concurrent Process Non-Strong References 3.188ms
[77.427s][info][gc,phases   ] GC(529) Concurrent Reset Relocation Set 0.002ms
[77.432s][info][gc,phases   ] GC(529) Concurrent Select Relocation Set 5.572ms
[77.433s][info][gc,phases   ] GC(529) Pause Relocate Start 0.008ms
[77.436s][info][gc,phases   ] GC(529) Concurrent Relocate 3.004ms
[77.436s][info][gc,load     ] GC(529) Load: 0.00/0.00/0.00
[77.436s][info][gc,mmu      ] GC(529) MMU: 2ms/96.6%, 5ms/98.6%, 10ms/99.3%, 20ms/99.7%, 50ms/99.8%, 100ms/99.9%
[77.436s][info][gc,marking  ] GC(529) Mark: 4 stripe(s), 3 proactive flush(es), 1 terminate flush(es), 0 completion(s), 0 continuation(s) 
[77.436s][info][gc,marking  ] GC(529) Mark Stack Usage: 32M
[77.436s][info][gc,nmethod  ] GC(529) NMethods: 5428 registered, 2263 unregistered
[77.436s][info][gc,metaspace] GC(529) Metaspace: 60M used, 61M committed, 1088M reserved
[77.436s][info][gc,ref      ] GC(529) Soft: 3044 encountered, 0 discovered, 0 enqueued
[77.436s][info][gc,ref      ] GC(529) Weak: 5997 encountered, 2536 discovered, 0 enqueued
[77.436s][info][gc,ref      ] GC(529) Final: 60 encountered, 3 discovered, 0 enqueued
[77.436s][info][gc,ref      ] GC(529) Phantom: 608 encountered, 294 discovered, 0 enqueued
[77.436s][info][gc,reloc    ] GC(529) Small Pages: 242 / 484M, Empty: 252M, Relocated: 3M, In-Place: 0
[77.436s][info][gc,reloc    ] GC(529) Medium Pages: 1 / 32M, Empty: 0M, Relocated: 0M, In-Place: 0
[77.436s][info][gc,reloc    ] GC(529) Large Pages: 2 / 12M, Empty: 0M, Relocated: 0M, In-Place: 0
[77.436s][info][gc,reloc    ] GC(529) Forwarding Usage: 1M
[77.436s][info][gc,heap     ] GC(529) Min Capacity: 8M(1%)
[77.436s][info][gc,heap     ] GC(529) Max Capacity: 1024M(100%)
[77.436s][info][gc,heap     ] GC(529) Soft Max Capacity: 1024M(100%)
[77.436s][info][gc,heap     ] GC(529)                Mark Start          Mark End        Relocate Start      Relocate End           High               Low         
[77.436s][info][gc,heap     ] GC(529)  Capacity:     1024M (100%)       1024M (100%)       1024M (100%)       1024M (100%)       1024M (100%)       1024M (100%)   
[77.436s][info][gc,heap     ] GC(529)      Free:      496M (48%)         482M (47%)         734M (72%)         752M (73%)         752M (73%)         482M (47%)    
[77.436s][info][gc,heap     ] GC(529)      Used:      528M (52%)         542M (53%)         290M (28%)         272M (27%)         542M (53%)         272M (27%)    
[77.436s][info][gc,heap     ] GC(529)      Live:         -               204M (20%)         204M (20%)         204M (20%)            -                  -          
[77.436s][info][gc,heap     ] GC(529) Allocated:         -                14M (1%)           14M (1%)           14M (1%)             -                  -          
[77.436s][info][gc,heap     ] GC(529)   Garbage:         -               323M (32%)          71M (7%)           53M (5%)             -                  -          
[77.436s][info][gc,heap     ] GC(529) Reclaimed:         -                  -               252M (25%)         270M (26%)            -                  -          
[77.437s][info][gc          ] GC(529) Garbage Collection (Allocation Rate) 528M(52%)->272M(27%)
[77.437s][info][gc,start    ] GC(530) Garbage Collection (System.gc())
[77.437s][info][gc,task     ] GC(530) Using 10 workers
[77.437s][info][gc,phases   ] GC(530) Pause Mark Start 0.014ms
[77.486s][info][gc,phases   ] GC(530) Concurrent Mark 49.004ms
[77.486s][info][gc,phases   ] GC(530) Pause Mark End 0.034ms
[77.486s][info][gc,phases   ] GC(530) Concurrent Mark Free 0.001ms
[77.488s][info][gc,phases   ] GC(530) Concurrent Process Non-Strong References 1.755ms
[77.488s][info][gc,phases   ] GC(530) Concurrent Reset Relocation Set 0.001ms
[77.490s][info][gc,phases   ] GC(530) Concurrent Select Relocation Set 2.513ms
[77.490s][info][gc,phases   ] GC(530) Pause Relocate Start 0.006ms
[77.493s][info][gc,phases   ] GC(530) Concurrent Relocate 2.200ms
[77.493s][info][gc,load     ] GC(530) Load: 0.00/0.00/0.00
[77.493s][info][gc,mmu      ] GC(530) MMU: 2ms/96.6%, 5ms/98.6%, 10ms/99.3%, 20ms/99.7%, 50ms/99.8%, 100ms/99.9%
[77.493s][info][gc,marking  ] GC(530) Mark: 8 stripe(s), 2 proactive flush(es), 1 terminate flush(es), 0 completion(s), 0 continuation(s) 
[77.493s][info][gc,marking  ] GC(530) Mark Stack Usage: 32M
[77.493s][info][gc,nmethod  ] GC(530) NMethods: 5427 registered, 2264 unregistered
[77.493s][info][gc,metaspace] GC(530) Metaspace: 60M used, 61M committed, 1088M reserved
[77.493s][info][gc,ref      ] GC(530) Soft: 3043 encountered, 0 discovered, 0 enqueued
[77.493s][info][gc,ref      ] GC(530) Weak: 6066 encountered, 2127 discovered, 121 enqueued
[77.493s][info][gc,ref      ] GC(530) Final: 60 encountered, 3 discovered, 0 enqueued
[77.493s][info][gc,ref      ] GC(530) Phantom: 608 encountered, 373 discovered, 0 enqueued
[77.493s][info][gc,reloc    ] GC(530) Small Pages: 111 / 222M, Empty: 0M, Relocated: 3M, In-Place: 0
[77.493s][info][gc,reloc    ] GC(530) Medium Pages: 1 / 32M, Empty: 0M, Relocated: 0M, In-Place: 0
[77.493s][info][gc,reloc    ] GC(530) Large Pages: 3 / 18M, Empty: 6M, Relocated: 0M, In-Place: 0
[77.493s][info][gc,reloc    ] GC(530) Forwarding Usage: 1M
[77.493s][info][gc,heap     ] GC(530) Min Capacity: 8M(1%)
[77.493s][info][gc,heap     ] GC(530) Max Capacity: 1024M(100%)
[77.493s][info][gc,heap     ] GC(530) Soft Max Capacity: 1024M(100%)
[77.493s][info][gc,heap     ] GC(530)                Mark Start          Mark End        Relocate Start      Relocate End           High               Low         
[77.493s][info][gc,heap     ] GC(530)  Capacity:     1024M (100%)       1024M (100%)       1024M (100%)       1024M (100%)       1024M (100%)       1024M (100%)   
[77.493s][info][gc,heap     ] GC(530)      Free:      752M (73%)         750M (73%)         752M (73%)         752M (73%)         752M (73%)         734M (72%)    
[77.493s][info][gc,heap     ] GC(530)      Used:      272M (27%)         274M (27%)         272M (27%)         272M (27%)         290M (28%)         272M (27%)    
[77.493s][info][gc,heap     ] GC(530)      Live:         -               204M (20%)         204M (20%)         204M (20%)            -                  -          
[77.493s][info][gc,heap     ] GC(530) Allocated:         -                 2M (0%)            6M (1%)            5M (1%)             -                  -          
[77.493s][info][gc,heap     ] GC(530)   Garbage:         -                67M (7%)           61M (6%)           61M (6%)             -                  -          
