[0.017s][info][gc] Using Epsilon
[0.023s][info][gc,init] Version: 20+36-2344 (release)
[0.023s][info][gc,init] CPUs: 48 total, 48 available
[0.023s][info][gc,init] Memory: 382G
[0.023s][info][gc,init] Large Page Support: Disabled
[0.023s][info][gc,init] NUMA Support: Disabled
[0.023s][info][gc,init] Compressed Oops: Enabled (Zero based)
[0.023s][info][gc,init] Heap Min Capacity: 6656K
[0.023s][info][gc,init] Heap Initial Capacity: 2G
[0.023s][info][gc,init] Heap Max Capacity: 30718M
[0.023s][info][gc,init] Pre-touch: Disabled
[0.023s][warning][gc,init] Consider setting -Xms equal to -Xmx to avoid resizing hiccups
[0.032s][warning][gc,init] Consider enabling -XX:+AlwaysPreTouch to avoid memory commit hiccups
[0.032s][info   ][gc,init] TLAB Size Max: 4M
[0.032s][info   ][gc,init] TLAB Size Elasticity: 1.10x
[0.032s][info   ][gc,init] TLAB Size Decay Time: 1000ms
[0.034s][info   ][gc,metaspace] CDS archive(s) mapped at: [0x0000000800000000-0x0000000800c60000-0x0000000800c60000), size 12976128, SharedBaseAddress: 0x0000000800000000, ArchiveRelocationMode: 0.
[0.034s][info   ][gc,metaspace] Compressed class space mapped at: 0x0000000801000000-0x0000000841000000, reserved size: 1073741824
[0.034s][info   ][gc,metaspace] Narrow klass base: 0x0000000800000000, Narrow klass shift: 0, Narrow klass range: 0x100000000
[0.857s][info   ][gc          ] GC request for "System.gc()" is ignored
[2.225s][info   ][gc          ] Heap: 30718M reserved, 2048M (6.67%) committed, 1539M (5.01%) used
[2.225s][info   ][gc,metaspace] Metaspace: 1088M reserved, 8576K (0.77%) committed, 8419K (0.76%) used
[3.556s][info   ][gc          ] Heap: 30718M reserved, 3200M (10.42%) committed, 3075M (10.01%) used
[3.556s][info   ][gc,metaspace] Metaspace: 1088M reserved, 8576K (0.77%) committed, 8419K (0.76%) used
[4.907s][info   ][gc          ] Heap: 30718M reserved, 4736M (15.42%) committed, 4611M (15.01%) used
[4.907s][info   ][gc,metaspace] Metaspace: 1088M reserved, 8576K (0.77%) committed, 8421K (0.76%) used
[6.224s][info   ][gc          ] Heap: 30718M reserved, 6272M (20.42%) committed, 6147M (20.01%) used
[6.224s][info   ][gc,metaspace] Metaspace: 1088M reserved, 8576K (0.77%) committed, 8421K (0.76%) used
[6.838s][info   ][gc          ] GC request for "System.gc()" is ignored
[8.023s][info   ][gc          ] Heap: 30718M reserved, 7808M (25.42%) committed, 7685M (25.02%) used
[8.023s][info   ][gc,metaspace] Metaspace: 1088M reserved, 8832K (0.79%) committed, 8608K (0.77%) used
[9.294s][info   ][gc          ] Heap: 30718M reserved, 9344M (30.42%) committed, 9221M (30.02%) used
[9.294s][info   ][gc,metaspace] Metaspace: 1088M reserved, 8832K (0.79%) committed, 8608K (0.77%) used
[10.632s][info   ][gc          ] Heap: 30718M reserved, 10880M (35.42%) committed, 10757M (35.02%) used
[10.632s][info   ][gc,metaspace] Metaspace: 1088M reserved, 8832K (0.79%) committed, 8608K (0.77%) used
[11.854s][info   ][gc          ] Heap: 30718M reserved, 12416M (40.42%) committed, 12293M (40.02%) used
[11.855s][info   ][gc,metaspace] Metaspace: 1088M reserved, 8832K (0.79%) committed, 8608K (0.77%) used
[12.492s][info   ][gc          ] GC request for "System.gc()" is ignored
[13.424s][info   ][gc          ] Heap: 30718M reserved, 13952M (45.42%) committed, 13833M (45.03%) used
[13.424s][info   ][gc,metaspace] Metaspace: 1088M reserved, 8832K (0.79%) committed, 8608K (0.77%) used
[14.654s][info   ][gc          ] Heap: 30718M reserved, 15488M (50.42%) committed, 15369M (50.03%) used
[14.654s][info   ][gc,metaspace] Metaspace: 1088M reserved, 8832K (0.79%) committed, 8608K (0.77%) used
[15.950s][info   ][gc          ] Heap: 30718M reserved, 17024M (55.42%) committed, 16905M (55.03%) used
[15.950s][info   ][gc,metaspace] Metaspace: 1088M reserved, 8832K (0.79%) committed, 8608K (0.77%) used
[17.221s][info   ][gc          ] Heap: 30718M reserved, 18560M (60.42%) committed, 18441M (60.03%) used
[17.221s][info   ][gc,metaspace] Metaspace: 1088M reserved, 8832K (0.79%) committed, 8608K (0.77%) used
[17.997s][info   ][gc          ] GC request for "System.gc()" is ignored
[18.837s][info   ][gc          ] Heap: 30718M reserved, 20096M (65.42%) committed, 19979M (65.04%) used
[18.837s][info   ][gc,metaspace] Metaspace: 1088M reserved, 8832K (0.79%) committed, 8609K (0.77%) used
[20.093s][info   ][gc          ] Heap: 30718M reserved, 21632M (70.42%) committed, 21515M (70.04%) used
[20.093s][info   ][gc,metaspace] Metaspace: 1088M reserved, 8832K (0.79%) committed, 8609K (0.77%) used
[21.369s][info   ][gc          ] Heap: 30718M reserved, 23168M (75.42%) committed, 23051M (75.04%) used
[21.369s][info   ][gc,metaspace] Metaspace: 1088M reserved, 8832K (0.79%) committed, 8609K (0.77%) used
[22.618s][info   ][gc          ] Heap: 30718M reserved, 24704M (80.42%) committed, 24587M (80.04%) used
[22.618s][info   ][gc,metaspace] Metaspace: 1088M reserved, 8832K (0.79%) committed, 8609K (0.77%) used
[23.513s][info   ][gc          ] GC request for "System.gc()" is ignored
[24.254s][info   ][gc          ] Heap: 30718M reserved, 26240M (85.42%) committed, 26126M (85.05%) used
[24.255s][info   ][gc,metaspace] Metaspace: 1088M reserved, 8832K (0.79%) committed, 8612K (0.77%) used
[25.519s][info   ][gc          ] Heap: 30718M reserved, 27776M (90.42%) committed, 27662M (90.05%) used
[25.519s][info   ][gc,metaspace] Metaspace: 1088M reserved, 8832K (0.79%) committed, 8612K (0.77%) used
[26.847s][info   ][gc          ] Heap: 30718M reserved, 29312M (95.42%) committed, 29198M (95.05%) used
[26.847s][info   ][gc,metaspace] Metaspace: 1088M reserved, 8832K (0.79%) committed, 8612K (0.77%) used
