[0.016s][info][gc,init] CardTable entry size: 512
[0.017s][info][gc     ] Using G1
[0.028s][info][gc,init] Version: 20+36-2344 (release)
[0.029s][info][gc,init] CPUs: 48 total, 48 available
[0.029s][info][gc,init] Memory: 382G
[0.029s][info][gc,init] Large Page Support: Disabled
[0.029s][info][gc,init] NUMA Support: Disabled
[0.029s][info][gc,init] Compressed Oops: Enabled (Zero based)
[0.029s][info][gc,init] Heap Region Size: 16M
[0.029s][info][gc,init] Heap Min Capacity: 16M
[0.029s][info][gc,init] Heap Initial Capacity: 2G
[0.029s][info][gc,init] Heap Max Capacity: 30208M
[0.052s][info][gc,init] Pre-touch: Disabled
[0.052s][info][gc,init] Parallel Workers: 33
[0.052s][info][gc,init] Concurrent Workers: 8
[0.052s][info][gc,init] Concurrent Refinement Workers: 33
[0.052s][info][gc,init] Periodic GC: Disabled
[0.054s][info][gc,metaspace] CDS archive(s) mapped at: [0x0000000800000000-0x0000000800c60000-0x0000000800c60000), size 12976128, SharedBaseAddress: 0x0000000800000000, ArchiveRelocationMode: 0.
[0.054s][info][gc,metaspace] Compressed class space mapped at: 0x0000000801000000-0x0000000841000000, reserved size: 1073741824
[0.054s][info][gc,metaspace] Narrow klass base: 0x0000000800000000, Narrow klass shift: 0, Narrow klass range: 0x100000000
[0.854s][info][gc,start    ] GC(0) Pause Full (System.gc())
[0.854s][info][gc,task     ] GC(0) Using 3 workers of 33 for full compaction
[0.855s][info][gc,phases,start] GC(0) Phase 1: Mark live objects
[0.861s][info][gc,phases      ] GC(0) Phase 1: Mark live objects 6.765ms
[0.861s][info][gc,phases,start] GC(0) Phase 2: Prepare compaction
[0.865s][info][gc,phases      ] GC(0) Phase 2: Prepare compaction 3.583ms
[0.865s][info][gc,phases,start] GC(0) Phase 3: Adjust pointers
[0.868s][info][gc,phases      ] GC(0) Phase 3: Adjust pointers 3.452ms
[0.868s][info][gc,phases,start] GC(0) Phase 4: Compact heap
[0.872s][info][gc,phases      ] GC(0) Phase 4: Compact heap 3.554ms
[0.886s][info][gc,heap        ] GC(0) Eden regions: 3->0(1)
[0.886s][info][gc,heap        ] GC(0) Survivor regions: 0->0(0)
[0.886s][info][gc,heap        ] GC(0) Old regions: 0->3
[0.886s][info][gc,heap        ] GC(0) Archive regions: 0->0
[0.886s][info][gc,heap        ] GC(0) Humongous regions: 0->0
[0.886s][info][gc,metaspace   ] GC(0) Metaspace: 8265K(8448K)->8265K(8448K) NonClass: 7150K(7232K)->7150K(7232K) Class: 1115K(1216K)->1115K(1216K)
[0.886s][info][gc             ] GC(0) Pause Full (System.gc()) 35M->3M(160M) 32.534ms
[0.886s][info][gc,cpu         ] GC(0) User=0.06s Sys=0.11s Real=0.03s
[0.932s][info][gc,start       ] GC(1) Pause Young (Normal) (G1 Evacuation Pause)
[0.932s][info][gc,task        ] GC(1) Using 3 workers of 33 for evacuation
[0.934s][info][gc,phases      ] GC(1)   Pre Evacuate Collection Set: 0.1ms
[0.934s][info][gc,phases      ] GC(1)   Merge Heap Roots: 0.5ms
[0.934s][info][gc,phases      ] GC(1)   Evacuate Collection Set: 0.6ms
[0.934s][info][gc,phases      ] GC(1)   Post Evacuate Collection Set: 0.4ms
[0.934s][info][gc,phases      ] GC(1)   Other: 0.1ms
[0.934s][info][gc,heap        ] GC(1) Eden regions: 1->0(1)
[0.934s][info][gc,heap        ] GC(1) Survivor regions: 0->1(1)
[0.934s][info][gc,heap        ] GC(1) Old regions: 3->3
[0.934s][info][gc,heap        ] GC(1) Archive regions: 0->0
[0.934s][info][gc,heap        ] GC(1) Humongous regions: 0->0
[0.934s][info][gc,metaspace   ] GC(1) Metaspace: 8399K(8576K)->8399K(8576K) NonClass: 7271K(7360K)->7271K(7360K) Class: 1127K(1216K)->1127K(1216K)
[0.934s][info][gc             ] GC(1) Pause Young (Normal) (G1 Evacuation Pause) 19M->4M(160M) 2.146ms
[0.934s][info][gc,cpu         ] GC(1) User=0.00s Sys=0.00s Real=0.00s
[0.970s][info][gc,start       ] GC(2) Pause Young (Normal) (G1 Evacuation Pause)
[0.970s][info][gc,task        ] GC(2) Using 3 workers of 33 for evacuation
[0.971s][info][gc,phases      ] GC(2)   Pre Evacuate Collection Set: 0.0ms
[0.971s][info][gc,phases      ] GC(2)   Merge Heap Roots: 0.1ms
[0.971s][info][gc,phases      ] GC(2)   Evacuate Collection Set: 0.3ms
[0.971s][info][gc,phases      ] GC(2)   Post Evacuate Collection Set: 0.2ms
[0.971s][info][gc,phases      ] GC(2)   Other: 0.1ms
[0.971s][info][gc,heap        ] GC(2) Eden regions: 1->0(3)
[0.971s][info][gc,heap        ] GC(2) Survivor regions: 1->1(1)
[0.971s][info][gc,heap        ] GC(2) Old regions: 3->3
[0.971s][info][gc,heap        ] GC(2) Archive regions: 0->0
[0.971s][info][gc,heap        ] GC(2) Humongous regions: 0->0
[0.971s][info][gc,metaspace   ] GC(2) Metaspace: 8408K(8576K)->8408K(8576K) NonClass: 7280K(7360K)->7280K(7360K) Class: 1127K(1216K)->1127K(1216K)
[0.971s][info][gc             ] GC(2) Pause Young (Normal) (G1 Evacuation Pause) 20M->3M(160M) 1.020ms
[0.971s][info][gc,cpu         ] GC(2) User=0.00s Sys=0.00s Real=0.00s
[1.032s][info][gc,start       ] GC(3) Pause Young (Normal) (G1 Evacuation Pause)
[1.032s][info][gc,task        ] GC(3) Using 3 workers of 33 for evacuation
[1.033s][info][gc,phases      ] GC(3)   Pre Evacuate Collection Set: 0.0ms
[1.033s][info][gc,phases      ] GC(3)   Merge Heap Roots: 0.1ms
[1.034s][info][gc,phases      ] GC(3)   Evacuate Collection Set: 0.7ms
[1.034s][info][gc,phases      ] GC(3)   Post Evacuate Collection Set: 0.3ms
[1.034s][info][gc,phases      ] GC(3)   Other: 0.1ms
[1.034s][info][gc,heap        ] GC(3) Eden regions: 3->0(5)
[1.034s][info][gc,heap        ] GC(3) Survivor regions: 1->1(1)
[1.034s][info][gc,heap        ] GC(3) Old regions: 3->3
[1.034s][info][gc,heap        ] GC(3) Archive regions: 0->0
[1.034s][info][gc,heap        ] GC(3) Humongous regions: 0->0
[1.034s][info][gc,metaspace   ] GC(3) Metaspace: 8408K(8576K)->8408K(8576K) NonClass: 7280K(7360K)->7280K(7360K) Class: 1127K(1216K)->1127K(1216K)
[1.034s][info][gc             ] GC(3) Pause Young (Normal) (G1 Evacuation Pause) 51M->3M(160M) 1.437ms
[1.034s][info][gc,cpu         ] GC(3) User=0.00s Sys=0.00s Real=0.00s
[1.093s][info][gc,start       ] GC(4) Pause Young (Normal) (G1 Evacuation Pause)
[1.094s][info][gc,task        ] GC(4) Using 3 workers of 33 for evacuation
[1.102s][info][gc,phases      ] GC(4)   Pre Evacuate Collection Set: 0.1ms
[1.102s][info][gc,phases      ] GC(4)   Merge Heap Roots: 0.1ms
[1.102s][info][gc,phases      ] GC(4)   Evacuate Collection Set: 1.2ms
[1.102s][info][gc,phases      ] GC(4)   Post Evacuate Collection Set: 7.1ms
[1.102s][info][gc,phases      ] GC(4)   Other: 0.1ms
[1.102s][info][gc,heap        ] GC(4) Eden regions: 5->0(40)
[1.102s][info][gc,heap        ] GC(4) Survivor regions: 1->1(1)
[1.102s][info][gc,heap        ] GC(4) Old regions: 3->3
[1.102s][info][gc,heap        ] GC(4) Archive regions: 0->0
[1.103s][info][gc,heap        ] GC(4) Humongous regions: 0->0
[1.103s][info][gc,metaspace   ] GC(4) Metaspace: 8408K(8576K)->8408K(8576K) NonClass: 7280K(7360K)->7280K(7360K) Class: 1127K(1216K)->1127K(1216K)
[1.103s][info][gc             ] GC(4) Pause Young (Normal) (G1 Evacuation Pause) 83M->4M(1104M) 9.164ms
[1.103s][info][gc,cpu         ] GC(4) User=0.02s Sys=0.02s Real=0.01s
[1.666s][info][gc,start       ] GC(5) Pause Young (Normal) (G1 Evacuation Pause)
[1.667s][info][gc,task        ] GC(5) Using 26 workers of 33 for evacuation
[1.671s][info][gc,phases      ] GC(5)   Pre Evacuate Collection Set: 0.1ms
[1.671s][info][gc,phases      ] GC(5)   Merge Heap Roots: 0.1ms
[1.671s][info][gc,phases      ] GC(5)   Evacuate Collection Set: 2.3ms
[1.671s][info][gc,phases      ] GC(5)   Post Evacuate Collection Set: 0.6ms
[1.671s][info][gc,phases      ] GC(5)   Other: 1.4ms
[1.671s][info][gc,heap        ] GC(5) Eden regions: 40->0(40)
[1.671s][info][gc,heap        ] GC(5) Survivor regions: 1->1(6)
[1.671s][info][gc,heap        ] GC(5) Old regions: 3->3
[1.671s][info][gc,heap        ] GC(5) Archive regions: 0->0
[1.671s][info][gc,heap        ] GC(5) Humongous regions: 0->0
[1.671s][info][gc,metaspace   ] GC(5) Metaspace: 8408K(8576K)->8408K(8576K) NonClass: 7280K(7360K)->7280K(7360K) Class: 1127K(1216K)->1127K(1216K)
[1.671s][info][gc             ] GC(5) Pause Young (Normal) (G1 Evacuation Pause) 644M->6M(1104M) 5.166ms
[1.671s][info][gc,cpu         ] GC(5) User=0.00s Sys=0.00s Real=0.00s
[2.004s][info][gc,start       ] GC(6) Pause Young (Normal) (G1 Evacuation Pause)
[2.004s][info][gc,task        ] GC(6) Using 26 workers of 33 for evacuation
[2.009s][info][gc,phases      ] GC(6)   Pre Evacuate Collection Set: 0.1ms
[2.009s][info][gc,phases      ] GC(6)   Merge Heap Roots: 0.2ms
[2.010s][info][gc,phases      ] GC(6)   Evacuate Collection Set: 4.1ms
[2.010s][info][gc,phases      ] GC(6)   Post Evacuate Collection Set: 0.7ms
[2.010s][info][gc,phases      ] GC(6)   Other: 0.1ms
[2.010s][info][gc,heap        ] GC(6) Eden regions: 40->0(40)
[2.010s][info][gc,heap        ] GC(6) Survivor regions: 1->1(6)
[2.010s][info][gc,heap        ] GC(6) Old regions: 3->3
[2.010s][info][gc,heap        ] GC(6) Archive regions: 0->0
[2.010s][info][gc,heap        ] GC(6) Humongous regions: 0->0
[2.010s][info][gc,metaspace   ] GC(6) Metaspace: 8408K(8576K)->8408K(8576K) NonClass: 7280K(7360K)->7280K(7360K) Class: 1127K(1216K)->1127K(1216K)
[2.010s][info][gc             ] GC(6) Pause Young (Normal) (G1 Evacuation Pause) 646M->8M(1104M) 5.683ms
[2.010s][info][gc,cpu         ] GC(6) User=0.14s Sys=0.00s Real=0.02s
[2.328s][info][gc,start       ] GC(7) Pause Young (Normal) (G1 Evacuation Pause)
[2.329s][info][gc,task        ] GC(7) Using 26 workers of 33 for evacuation
[2.334s][info][gc,phases      ] GC(7)   Pre Evacuate Collection Set: 0.1ms
[2.334s][info][gc,phases      ] GC(7)   Merge Heap Roots: 0.2ms
[2.334s][info][gc,phases      ] GC(7)   Evacuate Collection Set: 4.6ms
[2.334s][info][gc,phases      ] GC(7)   Post Evacuate Collection Set: 0.7ms
[2.334s][info][gc,phases      ] GC(7)   Other: 0.1ms
[2.334s][info][gc,heap        ] GC(7) Eden regions: 40->0(40)
[2.334s][info][gc,heap        ] GC(7) Survivor regions: 1->1(6)
[2.334s][info][gc,heap        ] GC(7) Old regions: 3->3
[2.335s][info][gc,heap        ] GC(7) Archive regions: 0->0
[2.335s][info][gc,heap        ] GC(7) Humongous regions: 0->0
[2.335s][info][gc,metaspace   ] GC(7) Metaspace: 8408K(8576K)->8408K(8576K) NonClass: 7280K(7360K)->7280K(7360K) Class: 1127K(1216K)->1127K(1216K)
[2.335s][info][gc             ] GC(7) Pause Young (Normal) (G1 Evacuation Pause) 648M->11M(1104M) 6.252ms
[2.335s][info][gc,cpu         ] GC(7) User=0.00s Sys=0.00s Real=0.00s
[2.668s][info][gc,start       ] GC(8) Pause Young (Normal) (G1 Evacuation Pause)
[2.668s][info][gc,task        ] GC(8) Using 26 workers of 33 for evacuation
[2.674s][info][gc,phases      ] GC(8)   Pre Evacuate Collection Set: 0.1ms
[2.674s][info][gc,phases      ] GC(8)   Merge Heap Roots: 0.2ms
[2.674s][info][gc,phases      ] GC(8)   Evacuate Collection Set: 4.8ms
[2.674s][info][gc,phases      ] GC(8)   Post Evacuate Collection Set: 0.7ms
[2.674s][info][gc,phases      ] GC(8)   Other: 0.1ms
[2.674s][info][gc,heap        ] GC(8) Eden regions: 40->0(40)
[2.674s][info][gc,heap        ] GC(8) Survivor regions: 1->1(6)
[2.674s][info][gc,heap        ] GC(8) Old regions: 3->3
[2.674s][info][gc,heap        ] GC(8) Archive regions: 0->0
[2.674s][info][gc,heap        ] GC(8) Humongous regions: 0->0
[2.674s][info][gc,metaspace   ] GC(8) Metaspace: 8408K(8576K)->8408K(8576K) NonClass: 7280K(7360K)->7280K(7360K) Class: 1127K(1216K)->1127K(1216K)
[2.674s][info][gc             ] GC(8) Pause Young (Normal) (G1 Evacuation Pause) 651M->13M(1104M) 6.424ms
[2.674s][info][gc,cpu         ] GC(8) User=0.00s Sys=0.00s Real=0.00s
[3.017s][info][gc,start       ] GC(9) Pause Young (Normal) (G1 Evacuation Pause)
[3.017s][info][gc,task        ] GC(9) Using 26 workers of 33 for evacuation
[3.026s][info][gc,phases      ] GC(9)   Pre Evacuate Collection Set: 0.1ms
[3.026s][info][gc,phases      ] GC(9)   Merge Heap Roots: 0.2ms
[3.026s][info][gc,phases      ] GC(9)   Evacuate Collection Set: 4.8ms
[3.026s][info][gc,phases      ] GC(9)   Post Evacuate Collection Set: 4.1ms
[3.026s][info][gc,phases      ] GC(9)   Other: 0.1ms
[3.026s][info][gc,heap        ] GC(9) Eden regions: 40->0(58)
[3.026s][info][gc,heap        ] GC(9) Survivor regions: 1->1(6)
[3.026s][info][gc,heap        ] GC(9) Old regions: 3->3
[3.026s][info][gc,heap        ] GC(9) Archive regions: 0->0
[3.026s][info][gc,heap        ] GC(9) Humongous regions: 0->0
[3.026s][info][gc,metaspace   ] GC(9) Metaspace: 8408K(8576K)->8408K(8576K) NonClass: 7280K(7360K)->7280K(7360K) Class: 1127K(1216K)->1127K(1216K)
[3.027s][info][gc             ] GC(9) Pause Young (Normal) (G1 Evacuation Pause) 653M->15M(1584M) 9.831ms
[3.027s][info][gc,cpu         ] GC(9) User=0.02s Sys=0.00s Real=0.02s
[3.708s][info][gc,start       ] GC(10) Pause Young (Normal) (G1 Evacuation Pause)
[3.708s][info][gc,task        ] GC(10) Using 33 workers of 33 for evacuation
[3.713s][info][gc,phases      ] GC(10)   Pre Evacuate Collection Set: 0.2ms
[3.714s][info][gc,phases      ] GC(10)   Merge Heap Roots: 0.2ms
[3.714s][info][gc,phases      ] GC(10)   Evacuate Collection Set: 3.8ms
[3.714s][info][gc,phases      ] GC(10)   Post Evacuate Collection Set: 0.7ms
[3.714s][info][gc,phases      ] GC(10)   Other: 0.7ms
[3.714s][info][gc,heap        ] GC(10) Eden regions: 58->0(58)
[3.714s][info][gc,heap        ] GC(10) Survivor regions: 1->1(8)
[3.714s][info][gc,heap        ] GC(10) Old regions: 3->3
[3.714s][info][gc,heap        ] GC(10) Archive regions: 0->0
[3.714s][info][gc,heap        ] GC(10) Humongous regions: 0->0
[3.714s][info][gc,metaspace   ] GC(10) Metaspace: 8411K(8576K)->8411K(8576K) NonClass: 7284K(7360K)->7284K(7360K) Class: 1127K(1216K)->1127K(1216K)
[3.714s][info][gc             ] GC(10) Pause Young (Normal) (G1 Evacuation Pause) 943M->19M(1584M) 6.088ms
[3.714s][info][gc,cpu         ] GC(10) User=0.00s Sys=0.02s Real=0.02s
[4.185s][info][gc,start       ] GC(11) Pause Young (Normal) (G1 Evacuation Pause)
[4.186s][info][gc,task        ] GC(11) Using 33 workers of 33 for evacuation
[4.191s][info][gc,phases      ] GC(11)   Pre Evacuate Collection Set: 0.2ms
[4.191s][info][gc,phases      ] GC(11)   Merge Heap Roots: 0.2ms
[4.191s][info][gc,phases      ] GC(11)   Evacuate Collection Set: 3.9ms
[4.191s][info][gc,phases      ] GC(11)   Post Evacuate Collection Set: 0.7ms
[4.191s][info][gc,phases      ] GC(11)   Other: 0.1ms
[4.191s][info][gc,heap        ] GC(11) Eden regions: 58->0(57)
[4.191s][info][gc,heap        ] GC(11) Survivor regions: 1->2(8)
[4.191s][info][gc,heap        ] GC(11) Old regions: 3->3
[4.191s][info][gc,heap        ] GC(11) Archive regions: 0->0
[4.191s][info][gc,heap        ] GC(11) Humongous regions: 0->0
[4.191s][info][gc,metaspace   ] GC(11) Metaspace: 8411K(8576K)->8411K(8576K) NonClass: 7284K(7360K)->7284K(7360K) Class: 1127K(1216K)->1127K(1216K)
[4.191s][info][gc             ] GC(11) Pause Young (Normal) (G1 Evacuation Pause) 947M->22M(1584M) 5.723ms
[4.191s][info][gc,cpu         ] GC(11) User=0.52s Sys=0.00s Real=0.02s
[4.645s][info][gc,start       ] GC(12) Pause Young (Normal) (G1 Evacuation Pause)
[4.645s][info][gc,task        ] GC(12) Using 33 workers of 33 for evacuation
[4.650s][info][gc,phases      ] GC(12)   Pre Evacuate Collection Set: 0.2ms
[4.650s][info][gc,phases      ] GC(12)   Merge Heap Roots: 0.2ms
[4.650s][info][gc,phases      ] GC(12)   Evacuate Collection Set: 4.2ms
[4.650s][info][gc,phases      ] GC(12)   Post Evacuate Collection Set: 0.7ms
[4.651s][info][gc,phases      ] GC(12)   Other: 0.1ms
[4.651s][info][gc,heap        ] GC(12) Eden regions: 57->0(57)
[4.651s][info][gc,heap        ] GC(12) Survivor regions: 2->2(8)
[4.651s][info][gc,heap        ] GC(12) Old regions: 3->3
[4.651s][info][gc,heap        ] GC(12) Archive regions: 0->0
[4.651s][info][gc,heap        ] GC(12) Humongous regions: 0->0
[4.651s][info][gc,metaspace   ] GC(12) Metaspace: 8411K(8576K)->8411K(8576K) NonClass: 7284K(7360K)->7284K(7360K) Class: 1127K(1216K)->1127K(1216K)
[4.651s][info][gc             ] GC(12) Pause Young (Normal) (G1 Evacuation Pause) 934M->26M(1584M) 5.969ms
[4.651s][info][gc,cpu         ] GC(12) User=0.00s Sys=0.00s Real=0.00s
[5.234s][info][gc,start       ] GC(13) Pause Full (System.gc())
[5.234s][info][gc,task        ] GC(13) Using 8 workers of 33 for full compaction
[5.235s][info][gc,phases,start] GC(13) Phase 1: Mark live objects
[5.239s][info][gc,phases      ] GC(13) Phase 1: Mark live objects 4.344ms
[5.239s][info][gc,phases,start] GC(13) Phase 2: Prepare compaction
[5.242s][info][gc,phases      ] GC(13) Phase 2: Prepare compaction 2.423ms
[5.242s][info][gc,phases,start] GC(13) Phase 3: Adjust pointers
[5.245s][info][gc,phases      ] GC(13) Phase 3: Adjust pointers 3.026ms
[5.245s][info][gc,phases,start] GC(13) Phase 4: Compact heap
[5.247s][info][gc,phases      ] GC(13) Phase 4: Compact heap 1.905ms
[5.260s][info][gc,heap        ] GC(13) Eden regions: 14->0(8)
[5.260s][info][gc,heap        ] GC(13) Survivor regions: 2->0(8)
[5.260s][info][gc,heap        ] GC(13) Old regions: 3->4
[5.260s][info][gc,heap        ] GC(13) Archive regions: 0->0
[5.260s][info][gc,heap        ] GC(13) Humongous regions: 0->0
[5.260s][info][gc,metaspace   ] GC(13) Metaspace: 8598K(8832K)->8598K(8832K) NonClass: 7444K(7552K)->7444K(7552K) Class: 1153K(1280K)->1153K(1280K)
[5.260s][info][gc             ] GC(13) Pause Full (System.gc()) 242M->3M(224M) 26.147ms
[5.260s][info][gc,cpu         ] GC(13) User=0.13s Sys=0.39s Real=0.03s
[5.355s][info][gc,start       ] GC(14) Pause Young (Normal) (G1 Evacuation Pause)
[5.355s][info][gc,task        ] GC(14) Using 6 workers of 33 for evacuation
[5.356s][info][gc,phases      ] GC(14)   Pre Evacuate Collection Set: 0.1ms
[5.356s][info][gc,phases      ] GC(14)   Merge Heap Roots: 0.1ms
[5.356s][info][gc,phases      ] GC(14)   Evacuate Collection Set: 0.6ms
[5.356s][info][gc,phases      ] GC(14)   Post Evacuate Collection Set: 0.2ms
[5.356s][info][gc,phases      ] GC(14)   Other: 0.1ms
[5.356s][info][gc,heap        ] GC(14) Eden regions: 8->0(7)
[5.356s][info][gc,heap        ] GC(14) Survivor regions: 0->1(1)
[5.356s][info][gc,heap        ] GC(14) Old regions: 4->4
[5.356s][info][gc,heap        ] GC(14) Archive regions: 0->0
[5.356s][info][gc,heap        ] GC(14) Humongous regions: 0->0
[5.356s][info][gc,metaspace   ] GC(14) Metaspace: 8598K(8832K)->8598K(8832K) NonClass: 7444K(7552K)->7444K(7552K) Class: 1153K(1280K)->1153K(1280K)
[5.356s][info][gc             ] GC(14) Pause Young (Normal) (G1 Evacuation Pause) 131M->7M(224M) 1.579ms
[5.356s][info][gc,cpu         ] GC(14) User=0.00s Sys=0.00s Real=0.00s
[5.431s][info][gc,start       ] GC(15) Pause Young (Normal) (G1 Evacuation Pause)
[5.432s][info][gc,task        ] GC(15) Using 5 workers of 33 for evacuation
[5.436s][info][gc,phases      ] GC(15)   Pre Evacuate Collection Set: 0.1ms
[5.436s][info][gc,phases      ] GC(15)   Merge Heap Roots: 0.1ms
[5.436s][info][gc,phases      ] GC(15)   Evacuate Collection Set: 0.8ms
[5.436s][info][gc,phases      ] GC(15)   Post Evacuate Collection Set: 3.5ms
[5.436s][info][gc,phases      ] GC(15)   Other: 0.1ms
[5.436s][info][gc,heap        ] GC(15) Eden regions: 7->0(41)
[5.436s][info][gc,heap        ] GC(15) Survivor regions: 1->1(1)
[5.436s][info][gc,heap        ] GC(15) Old regions: 4->4
[5.436s][info][gc,heap        ] GC(15) Archive regions: 0->0
[5.436s][info][gc,heap        ] GC(15) Humongous regions: 0->0
[5.436s][info][gc,metaspace   ] GC(15) Metaspace: 8598K(8832K)->8598K(8832K) NonClass: 7444K(7552K)->7444K(7552K) Class: 1153K(1280K)->1153K(1280K)
[5.436s][info][gc             ] GC(15) Pause Young (Normal) (G1 Evacuation Pause) 119M->4M(1136M) 5.043ms
[5.437s][info][gc,cpu         ] GC(15) User=0.00s Sys=0.00s Real=0.00s
[5.786s][info][gc,start       ] GC(16) Pause Young (Normal) (G1 Evacuation Pause)
[5.786s][info][gc,task        ] GC(16) Using 27 workers of 33 for evacuation
[5.788s][info][gc,phases      ] GC(16)   Pre Evacuate Collection Set: 0.1ms
[5.789s][info][gc,phases      ] GC(16)   Merge Heap Roots: 0.2ms
[5.789s][info][gc,phases      ] GC(16)   Evacuate Collection Set: 1.5ms
[5.789s][info][gc,phases      ] GC(16)   Post Evacuate Collection Set: 0.5ms
[5.789s][info][gc,phases      ] GC(16)   Other: 0.1ms
[5.789s][info][gc,heap        ] GC(16) Eden regions: 41->0(41)
[5.789s][info][gc,heap        ] GC(16) Survivor regions: 1->1(6)
[5.789s][info][gc,heap        ] GC(16) Old regions: 4->4
[5.789s][info][gc,heap        ] GC(16) Archive regions: 0->0
[5.789s][info][gc,heap        ] GC(16) Humongous regions: 0->0
[5.789s][info][gc,metaspace   ] GC(16) Metaspace: 8598K(8832K)->8598K(8832K) NonClass: 7444K(7552K)->7444K(7552K) Class: 1153K(1280K)->1153K(1280K)
[5.789s][info][gc             ] GC(16) Pause Young (Normal) (G1 Evacuation Pause) 660M->6M(1136M) 2.850ms
[5.789s][info][gc,cpu         ] GC(16) User=0.00s Sys=0.00s Real=0.00s
[6.131s][info][gc,start       ] GC(17) Pause Young (Normal) (G1 Evacuation Pause)
[6.131s][info][gc,task        ] GC(17) Using 27 workers of 33 for evacuation
[6.134s][info][gc,phases      ] GC(17)   Pre Evacuate Collection Set: 0.1ms
[6.134s][info][gc,phases      ] GC(17)   Merge Heap Roots: 0.2ms
[6.134s][info][gc,phases      ] GC(17)   Evacuate Collection Set: 2.0ms
[6.134s][info][gc,phases      ] GC(17)   Post Evacuate Collection Set: 0.5ms
[6.134s][info][gc,phases      ] GC(17)   Other: 0.1ms
[6.134s][info][gc,heap        ] GC(17) Eden regions: 41->0(41)
[6.134s][info][gc,heap        ] GC(17) Survivor regions: 1->1(6)
[6.134s][info][gc,heap        ] GC(17) Old regions: 4->4
[6.134s][info][gc,heap        ] GC(17) Archive regions: 0->0
[6.134s][info][gc,heap        ] GC(17) Humongous regions: 0->0
[6.134s][info][gc,metaspace   ] GC(17) Metaspace: 8598K(8832K)->8598K(8832K) NonClass: 7444K(7552K)->7444K(7552K) Class: 1153K(1280K)->1153K(1280K)
[6.135s][info][gc             ] GC(17) Pause Young (Normal) (G1 Evacuation Pause) 662M->9M(1136M) 3.460ms
[6.135s][info][gc,cpu         ] GC(17) User=0.00s Sys=0.00s Real=0.00s
[6.477s][info][gc,start       ] GC(18) Pause Young (Normal) (G1 Evacuation Pause)
[6.477s][info][gc,task        ] GC(18) Using 27 workers of 33 for evacuation
[6.480s][info][gc,phases      ] GC(18)   Pre Evacuate Collection Set: 0.1ms
[6.480s][info][gc,phases      ] GC(18)   Merge Heap Roots: 0.1ms
[6.480s][info][gc,phases      ] GC(18)   Evacuate Collection Set: 2.1ms
[6.480s][info][gc,phases      ] GC(18)   Post Evacuate Collection Set: 0.5ms
[6.481s][info][gc,phases      ] GC(18)   Other: 0.1ms
[6.481s][info][gc,heap        ] GC(18) Eden regions: 41->0(41)
[6.481s][info][gc,heap        ] GC(18) Survivor regions: 1->1(6)
[6.481s][info][gc,heap        ] GC(18) Old regions: 4->4
[6.481s][info][gc,heap        ] GC(18) Archive regions: 0->0
[6.481s][info][gc,heap        ] GC(18) Humongous regions: 0->0
[6.481s][info][gc,metaspace   ] GC(18) Metaspace: 8598K(8832K)->8598K(8832K) NonClass: 7444K(7552K)->7444K(7552K) Class: 1153K(1280K)->1153K(1280K)
[6.481s][info][gc             ] GC(18) Pause Young (Normal) (G1 Evacuation Pause) 665M->11M(1136M) 3.327ms
[6.481s][info][gc,cpu         ] GC(18) User=0.00s Sys=0.00s Real=0.00s
[6.823s][info][gc,start       ] GC(19) Pause Young (Normal) (G1 Evacuation Pause)
[6.823s][info][gc,task        ] GC(19) Using 27 workers of 33 for evacuation
[6.827s][info][gc,phases      ] GC(19)   Pre Evacuate Collection Set: 0.2ms
[6.827s][info][gc,phases      ] GC(19)   Merge Heap Roots: 0.1ms
[6.827s][info][gc,phases      ] GC(19)   Evacuate Collection Set: 2.8ms
[6.827s][info][gc,phases      ] GC(19)   Post Evacuate Collection Set: 0.5ms
[6.827s][info][gc,phases      ] GC(19)   Other: 0.1ms
[6.827s][info][gc,heap        ] GC(19) Eden regions: 41->0(41)
[6.827s][info][gc,heap        ] GC(19) Survivor regions: 1->1(6)
[6.827s][info][gc,heap        ] GC(19) Old regions: 4->4
[6.827s][info][gc,heap        ] GC(19) Archive regions: 0->0
[6.827s][info][gc,heap        ] GC(19) Humongous regions: 0->0
[6.827s][info][gc,metaspace   ] GC(19) Metaspace: 8598K(8832K)->8598K(8832K) NonClass: 7444K(7552K)->7444K(7552K) Class: 1153K(1280K)->1153K(1280K)
[6.827s][info][gc             ] GC(19) Pause Young (Normal) (G1 Evacuation Pause) 667M->13M(1136M) 4.214ms
[6.827s][info][gc,cpu         ] GC(19) User=0.00s Sys=0.00s Real=0.01s
[7.180s][info][gc,start       ] GC(20) Pause Young (Normal) (G1 Evacuation Pause)
[7.180s][info][gc,task        ] GC(20) Using 27 workers of 33 for evacuation
[7.184s][info][gc,phases      ] GC(20)   Pre Evacuate Collection Set: 0.2ms
[7.185s][info][gc,phases      ] GC(20)   Merge Heap Roots: 0.2ms
[7.185s][info][gc,phases      ] GC(20)   Evacuate Collection Set: 3.0ms
[7.185s][info][gc,phases      ] GC(20)   Post Evacuate Collection Set: 0.5ms
[7.185s][info][gc,phases      ] GC(20)   Other: 0.1ms
[7.185s][info][gc,heap        ] GC(20) Eden regions: 41->0(41)
[7.185s][info][gc,heap        ] GC(20) Survivor regions: 1->1(6)
[7.185s][info][gc,heap        ] GC(20) Old regions: 4->4
[7.185s][info][gc,heap        ] GC(20) Archive regions: 0->0
[7.185s][info][gc,heap        ] GC(20) Humongous regions: 0->0
[7.185s][info][gc,metaspace   ] GC(20) Metaspace: 8598K(8832K)->8598K(8832K) NonClass: 7444K(7552K)->7444K(7552K) Class: 1153K(1280K)->1153K(1280K)
[7.185s][info][gc             ] GC(20) Pause Young (Normal) (G1 Evacuation Pause) 669M->16M(1136M) 4.601ms
[7.185s][info][gc,cpu         ] GC(20) User=0.00s Sys=0.00s Real=0.00s
[7.560s][info][gc,start       ] GC(21) Pause Young (Normal) (G1 Evacuation Pause)
[7.560s][info][gc,task        ] GC(21) Using 27 workers of 33 for evacuation
[7.565s][info][gc,phases      ] GC(21)   Pre Evacuate Collection Set: 0.1ms
[7.565s][info][gc,phases      ] GC(21)   Merge Heap Roots: 0.2ms
[7.565s][info][gc,phases      ] GC(21)   Evacuate Collection Set: 4.0ms
[7.565s][info][gc,phases      ] GC(21)   Post Evacuate Collection Set: 0.5ms
[7.565s][info][gc,phases      ] GC(21)   Other: 0.1ms
[7.565s][info][gc,heap        ] GC(21) Eden regions: 41->0(41)
[7.565s][info][gc,heap        ] GC(21) Survivor regions: 1->1(6)
[7.566s][info][gc,heap        ] GC(21) Old regions: 4->4
[7.566s][info][gc,heap        ] GC(21) Archive regions: 0->0
[7.566s][info][gc,heap        ] GC(21) Humongous regions: 0->0
[7.566s][info][gc,metaspace   ] GC(21) Metaspace: 8598K(8832K)->8598K(8832K) NonClass: 7444K(7552K)->7444K(7552K) Class: 1153K(1280K)->1153K(1280K)
[7.566s][info][gc             ] GC(21) Pause Young (Normal) (G1 Evacuation Pause) 672M->19M(1136M) 5.503ms
[7.566s][info][gc,cpu         ] GC(21) User=0.00s Sys=0.00s Real=0.00s
[7.907s][info][gc,start       ] GC(22) Pause Young (Normal) (G1 Evacuation Pause)
[7.907s][info][gc,task        ] GC(22) Using 27 workers of 33 for evacuation
[7.913s][info][gc,phases      ] GC(22)   Pre Evacuate Collection Set: 0.1ms
[7.913s][info][gc,phases      ] GC(22)   Merge Heap Roots: 0.2ms
[7.913s][info][gc,phases      ] GC(22)   Evacuate Collection Set: 4.0ms
[7.913s][info][gc,phases      ] GC(22)   Post Evacuate Collection Set: 2.2ms
[7.913s][info][gc,phases      ] GC(22)   Other: 0.1ms
[7.913s][info][gc,heap        ] GC(22) Eden regions: 41->0(49)
[7.914s][info][gc,heap        ] GC(22) Survivor regions: 1->2(6)
[7.914s][info][gc,heap        ] GC(22) Old regions: 4->4
[7.914s][info][gc,heap        ] GC(22) Archive regions: 0->0
[7.914s][info][gc,heap        ] GC(22) Humongous regions: 0->0
[7.914s][info][gc,metaspace   ] GC(22) Metaspace: 8598K(8832K)->8598K(8832K) NonClass: 7444K(7552K)->7444K(7552K) Class: 1153K(1280K)->1153K(1280K)
[7.914s][info][gc             ] GC(22) Pause Young (Normal) (G1 Evacuation Pause) 675M->21M(1376M) 7.156ms
[7.914s][info][gc,cpu         ] GC(22) User=0.42s Sys=0.00s Real=0.01s
[8.340s][info][gc,start       ] GC(23) Pause Young (Normal) (G1 Evacuation Pause)
[8.340s][info][gc,task        ] GC(23) Using 33 workers of 33 for evacuation
[8.345s][info][gc,phases      ] GC(23)   Pre Evacuate Collection Set: 0.2ms
[8.345s][info][gc,phases      ] GC(23)   Merge Heap Roots: 0.2ms
[8.345s][info][gc,phases      ] GC(23)   Evacuate Collection Set: 4.1ms
[8.345s][info][gc,phases      ] GC(23)   Post Evacuate Collection Set: 0.5ms
[8.345s][info][gc,phases      ] GC(23)   Other: 0.2ms
[8.345s][info][gc,heap        ] GC(23) Eden regions: 49->0(49)
[8.345s][info][gc,heap        ] GC(23) Survivor regions: 2->2(7)
[8.345s][info][gc,heap        ] GC(23) Old regions: 4->4
[8.345s][info][gc,heap        ] GC(23) Archive regions: 0->0
[8.345s][info][gc,heap        ] GC(23) Humongous regions: 0->0
[8.345s][info][gc,metaspace   ] GC(23) Metaspace: 8598K(8832K)->8598K(8832K) NonClass: 7444K(7552K)->7444K(7552K) Class: 1153K(1280K)->1153K(1280K)
[8.345s][info][gc             ] GC(23) Pause Young (Normal) (G1 Evacuation Pause) 805M->24M(1376M) 5.722ms
[8.345s][info][gc,cpu         ] GC(23) User=0.00s Sys=0.00s Real=0.00s
[9.113s][info][gc,start       ] GC(24) Pause Full (System.gc())
[9.113s][info][gc,task        ] GC(24) Using 8 workers of 33 for full compaction
[9.114s][info][gc,phases,start] GC(24) Phase 1: Mark live objects
[9.118s][info][gc,phases      ] GC(24) Phase 1: Mark live objects 4.104ms
[9.118s][info][gc,phases,start] GC(24) Phase 2: Prepare compaction
[9.120s][info][gc,phases      ] GC(24) Phase 2: Prepare compaction 2.041ms
[9.120s][info][gc,phases,start] GC(24) Phase 3: Adjust pointers
[9.122s][info][gc,phases      ] GC(24) Phase 3: Adjust pointers 2.696ms
[9.123s][info][gc,phases,start] GC(24) Phase 4: Compact heap
[9.124s][info][gc,phases      ] GC(24) Phase 4: Compact heap 1.632ms
[9.129s][info][gc,heap        ] GC(24) Eden regions: 44->0(8)
[9.129s][info][gc,heap        ] GC(24) Survivor regions: 2->0(7)
[9.129s][info][gc,heap        ] GC(24) Old regions: 4->4
[9.129s][info][gc,heap        ] GC(24) Archive regions: 0->0
[9.129s][info][gc,heap        ] GC(24) Humongous regions: 0->0
[9.129s][info][gc,metaspace   ] GC(24) Metaspace: 8598K(8832K)->8598K(8832K) NonClass: 7444K(7552K)->7444K(7552K) Class: 1153K(1280K)->1153K(1280K)
[9.129s][info][gc             ] GC(24) Pause Full (System.gc()) 720M->3M(224M) 15.955ms
[9.129s][info][gc,cpu         ] GC(24) User=0.13s Sys=0.00s Real=0.02s
[9.207s][info][gc,start       ] GC(25) Pause Young (Normal) (G1 Evacuation Pause)
[9.207s][info][gc,task        ] GC(25) Using 6 workers of 33 for evacuation
[9.209s][info][gc,phases      ] GC(25)   Pre Evacuate Collection Set: 0.1ms
[9.209s][info][gc,phases      ] GC(25)   Merge Heap Roots: 0.1ms
[9.209s][info][gc,phases      ] GC(25)   Evacuate Collection Set: 1.1ms
[9.209s][info][gc,phases      ] GC(25)   Post Evacuate Collection Set: 0.2ms
[9.209s][info][gc,phases      ] GC(25)   Other: 0.1ms
[9.209s][info][gc,heap        ] GC(25) Eden regions: 8->0(7)
[9.209s][info][gc,heap        ] GC(25) Survivor regions: 0->1(1)
[9.209s][info][gc,heap        ] GC(25) Old regions: 4->4
[9.209s][info][gc,heap        ] GC(25) Archive regions: 0->0
[9.209s][info][gc,heap        ] GC(25) Humongous regions: 0->0
[9.209s][info][gc,metaspace   ] GC(25) Metaspace: 8598K(8832K)->8598K(8832K) NonClass: 7444K(7552K)->7444K(7552K) Class: 1153K(1280K)->1153K(1280K)
[9.209s][info][gc             ] GC(25) Pause Young (Normal) (G1 Evacuation Pause) 131M->6M(224M) 2.044ms
[9.209s][info][gc,cpu         ] GC(25) User=0.00s Sys=0.00s Real=0.00s
[9.284s][info][gc,start       ] GC(26) Pause Young (Normal) (G1 Evacuation Pause)
[9.284s][info][gc,task        ] GC(26) Using 5 workers of 33 for evacuation
[9.285s][info][gc,phases      ] GC(26)   Pre Evacuate Collection Set: 0.1ms
[9.285s][info][gc,phases      ] GC(26)   Merge Heap Roots: 0.1ms
[9.285s][info][gc,phases      ] GC(26)   Evacuate Collection Set: 0.9ms
[9.285s][info][gc,phases      ] GC(26)   Post Evacuate Collection Set: 0.2ms
[9.285s][info][gc,phases      ] GC(26)   Other: 0.1ms
[9.285s][info][gc,heap        ] GC(26) Eden regions: 7->0(7)
[9.285s][info][gc,heap        ] GC(26) Survivor regions: 1->1(1)
[9.285s][info][gc,heap        ] GC(26) Old regions: 4->4
[9.285s][info][gc,heap        ] GC(26) Archive regions: 0->0
[9.286s][info][gc,heap        ] GC(26) Humongous regions: 0->0
[9.286s][info][gc,metaspace   ] GC(26) Metaspace: 8598K(8832K)->8598K(8832K) NonClass: 7444K(7552K)->7444K(7552K) Class: 1153K(1280K)->1153K(1280K)
[9.286s][info][gc             ] GC(26) Pause Young (Normal) (G1 Evacuation Pause) 118M->4M(224M) 1.917ms
[9.286s][info][gc,cpu         ] GC(26) User=0.00s Sys=0.02s Real=0.00s
[9.375s][info][gc,start       ] GC(27) Pause Young (Normal) (G1 Evacuation Pause)
[9.375s][info][gc,task        ] GC(27) Using 5 workers of 33 for evacuation
[9.382s][info][gc,phases      ] GC(27)   Pre Evacuate Collection Set: 0.1ms
[9.382s][info][gc,phases      ] GC(27)   Merge Heap Roots: 0.1ms
[9.382s][info][gc,phases      ] GC(27)   Evacuate Collection Set: 2.0ms
[9.383s][info][gc,phases      ] GC(27)   Post Evacuate Collection Set: 4.9ms
[9.383s][info][gc,phases      ] GC(27)   Other: 0.1ms
[9.383s][info][gc,heap        ] GC(27) Eden regions: 7->0(41)
[9.383s][info][gc,heap        ] GC(27) Survivor regions: 1->1(1)
[9.383s][info][gc,heap        ] GC(27) Old regions: 4->4
[9.383s][info][gc,heap        ] GC(27) Archive regions: 0->0
[9.383s][info][gc,heap        ] GC(27) Humongous regions: 0->0
[9.383s][info][gc,metaspace   ] GC(27) Metaspace: 8598K(8832K)->8598K(8832K) NonClass: 7444K(7552K)->7444K(7552K) Class: 1153K(1280K)->1153K(1280K)
[9.383s][info][gc             ] GC(27) Pause Young (Normal) (G1 Evacuation Pause) 116M->4M(1136M) 7.756ms
[9.383s][info][gc,cpu         ] GC(27) User=0.00s Sys=0.00s Real=0.00s
[9.786s][info][gc,start       ] GC(28) Pause Young (Normal) (G1 Evacuation Pause)
[9.786s][info][gc,task        ] GC(28) Using 27 workers of 33 for evacuation
[9.790s][info][gc,phases      ] GC(28)   Pre Evacuate Collection Set: 0.1ms
[9.790s][info][gc,phases      ] GC(28)   Merge Heap Roots: 0.2ms
[9.790s][info][gc,phases      ] GC(28)   Evacuate Collection Set: 3.0ms
[9.790s][info][gc,phases      ] GC(28)   Post Evacuate Collection Set: 0.5ms
[9.790s][info][gc,phases      ] GC(28)   Other: 0.1ms
[9.790s][info][gc,heap        ] GC(28) Eden regions: 41->0(41)
[9.790s][info][gc,heap        ] GC(28) Survivor regions: 1->1(6)
[9.790s][info][gc,heap        ] GC(28) Old regions: 4->4
[9.790s][info][gc,heap        ] GC(28) Archive regions: 0->0
[9.790s][info][gc,heap        ] GC(28) Humongous regions: 0->0
[9.790s][info][gc,metaspace   ] GC(28) Metaspace: 8598K(8832K)->8598K(8832K) NonClass: 7444K(7552K)->7444K(7552K) Class: 1153K(1280K)->1153K(1280K)
[9.790s][info][gc             ] GC(28) Pause Young (Normal) (G1 Evacuation Pause) 660M->7M(1136M) 4.411ms
[9.790s][info][gc,cpu         ] GC(28) User=0.00s Sys=0.00s Real=0.00s
[10.135s][info][gc,start       ] GC(29) Pause Young (Normal) (G1 Evacuation Pause)
[10.135s][info][gc,task        ] GC(29) Using 27 workers of 33 for evacuation
[10.140s][info][gc,phases      ] GC(29)   Pre Evacuate Collection Set: 0.1ms
[10.140s][info][gc,phases      ] GC(29)   Merge Heap Roots: 0.2ms
[10.140s][info][gc,phases      ] GC(29)   Evacuate Collection Set: 4.1ms
[10.140s][info][gc,phases      ] GC(29)   Post Evacuate Collection Set: 0.5ms
[10.140s][info][gc,phases      ] GC(29)   Other: 0.1ms
[10.140s][info][gc,heap        ] GC(29) Eden regions: 41->0(41)
[10.140s][info][gc,heap        ] GC(29) Survivor regions: 1->1(6)
[10.140s][info][gc,heap        ] GC(29) Old regions: 4->4
[10.140s][info][gc,heap        ] GC(29) Archive regions: 0->0
[10.140s][info][gc,heap        ] GC(29) Humongous regions: 0->0
[10.140s][info][gc,metaspace   ] GC(29) Metaspace: 8598K(8832K)->8598K(8832K) NonClass: 7444K(7552K)->7444K(7552K) Class: 1153K(1280K)->1153K(1280K)
[10.140s][info][gc             ] GC(29) Pause Young (Normal) (G1 Evacuation Pause) 663M->9M(1136M) 5.568ms
[10.140s][info][gc,cpu         ] GC(29) User=0.00s Sys=0.00s Real=0.01s
[10.482s][info][gc,start       ] GC(30) Pause Young (Normal) (G1 Evacuation Pause)
[10.482s][info][gc,task        ] GC(30) Using 27 workers of 33 for evacuation
[10.488s][info][gc,phases      ] GC(30)   Pre Evacuate Collection Set: 0.1ms
[10.488s][info][gc,phases      ] GC(30)   Merge Heap Roots: 0.1ms
[10.488s][info][gc,phases      ] GC(30)   Evacuate Collection Set: 4.8ms
[10.488s][info][gc,phases      ] GC(30)   Post Evacuate Collection Set: 0.5ms
[10.488s][info][gc,phases      ] GC(30)   Other: 0.1ms
[10.488s][info][gc,heap        ] GC(30) Eden regions: 41->0(41)
[10.488s][info][gc,heap        ] GC(30) Survivor regions: 1->1(6)
[10.488s][info][gc,heap        ] GC(30) Old regions: 4->4
[10.489s][info][gc,heap        ] GC(30) Archive regions: 0->0
[10.489s][info][gc,heap        ] GC(30) Humongous regions: 0->0
[10.489s][info][gc,metaspace   ] GC(30) Metaspace: 8598K(8832K)->8598K(8832K) NonClass: 7444K(7552K)->7444K(7552K) Class: 1153K(1280K)->1153K(1280K)
[10.489s][info][gc             ] GC(30) Pause Young (Normal) (G1 Evacuation Pause) 665M->11M(1136M) 6.438ms
[10.489s][info][gc,cpu         ] GC(30) User=0.03s Sys=0.02s Real=0.01s
[10.870s][info][gc,start       ] GC(31) Pause Young (Normal) (G1 Evacuation Pause)
[10.871s][info][gc,task        ] GC(31) Using 27 workers of 33 for evacuation
[10.877s][info][gc,phases      ] GC(31)   Pre Evacuate Collection Set: 0.2ms
[10.877s][info][gc,phases      ] GC(31)   Merge Heap Roots: 0.2ms
[10.877s][info][gc,phases      ] GC(31)   Evacuate Collection Set: 5.0ms
[10.877s][info][gc,phases      ] GC(31)   Post Evacuate Collection Set: 0.5ms
[10.877s][info][gc,phases      ] GC(31)   Other: 0.1ms
[10.877s][info][gc,heap        ] GC(31) Eden regions: 41->0(41)
[10.877s][info][gc,heap        ] GC(31) Survivor regions: 1->1(6)
[10.877s][info][gc,heap        ] GC(31) Old regions: 4->4
[10.877s][info][gc,heap        ] GC(31) Archive regions: 0->0
[10.877s][info][gc,heap        ] GC(31) Humongous regions: 0->0
[10.877s][info][gc,metaspace   ] GC(31) Metaspace: 8598K(8832K)->8598K(8832K) NonClass: 7444K(7552K)->7444K(7552K) Class: 1153K(1280K)->1153K(1280K)
[10.877s][info][gc             ] GC(31) Pause Young (Normal) (G1 Evacuation Pause) 667M->14M(1136M) 6.486ms
[10.877s][info][gc,cpu         ] GC(31) User=0.00s Sys=0.00s Real=0.00s
[11.251s][info][gc,start       ] GC(32) Pause Young (Normal) (G1 Evacuation Pause)
[11.251s][info][gc,task        ] GC(32) Using 27 workers of 33 for evacuation
[11.259s][info][gc,phases      ] GC(32)   Pre Evacuate Collection Set: 0.1ms
[11.259s][info][gc,phases      ] GC(32)   Merge Heap Roots: 0.2ms
[11.259s][info][gc,phases      ] GC(32)   Evacuate Collection Set: 5.1ms
[11.259s][info][gc,phases      ] GC(32)   Post Evacuate Collection Set: 2.6ms
[11.259s][info][gc,phases      ] GC(32)   Other: 0.1ms
[11.259s][info][gc,heap        ] GC(32) Eden regions: 41->0(53)
[11.259s][info][gc,heap        ] GC(32) Survivor regions: 1->1(6)
[11.259s][info][gc,heap        ] GC(32) Old regions: 4->4
[11.259s][info][gc,heap        ] GC(32) Archive regions: 0->0
[11.259s][info][gc,heap        ] GC(32) Humongous regions: 0->0
[11.260s][info][gc,metaspace   ] GC(32) Metaspace: 8598K(8832K)->8598K(8832K) NonClass: 7444K(7552K)->7444K(7552K) Class: 1153K(1280K)->1153K(1280K)
[11.260s][info][gc             ] GC(32) Pause Young (Normal) (G1 Evacuation Pause) 670M->16M(1440M) 8.687ms
[11.260s][info][gc,cpu         ] GC(32) User=0.00s Sys=0.00s Real=0.00s
[11.827s][info][gc,start       ] GC(33) Pause Young (Normal) (G1 Evacuation Pause)
[11.827s][info][gc,task        ] GC(33) Using 33 workers of 33 for evacuation
[11.832s][info][gc,phases      ] GC(33)   Pre Evacuate Collection Set: 0.2ms
[11.833s][info][gc,phases      ] GC(33)   Merge Heap Roots: 0.2ms
[11.833s][info][gc,phases      ] GC(33)   Evacuate Collection Set: 4.2ms
[11.833s][info][gc,phases      ] GC(33)   Post Evacuate Collection Set: 0.5ms
[11.833s][info][gc,phases      ] GC(33)   Other: 0.2ms
[11.833s][info][gc,heap        ] GC(33) Eden regions: 53->0(52)
[11.833s][info][gc,heap        ] GC(33) Survivor regions: 1->2(7)
[11.833s][info][gc,heap        ] GC(33) Old regions: 4->4
[11.833s][info][gc,heap        ] GC(33) Archive regions: 0->0
[11.833s][info][gc,heap        ] GC(33) Humongous regions: 0->0
[11.833s][info][gc,metaspace   ] GC(33) Metaspace: 8598K(8832K)->8598K(8832K) NonClass: 7444K(7552K)->7444K(7552K) Class: 1153K(1280K)->1153K(1280K)
[11.833s][info][gc             ] GC(33) Pause Young (Normal) (G1 Evacuation Pause) 864M->19M(1440M) 5.734ms
[11.833s][info][gc,cpu         ] GC(33) User=0.52s Sys=0.00s Real=0.02s
[12.291s][info][gc,start       ] GC(34) Pause Young (Normal) (G1 Evacuation Pause)
[12.291s][info][gc,task        ] GC(34) Using 33 workers of 33 for evacuation
[12.296s][info][gc,phases      ] GC(34)   Pre Evacuate Collection Set: 0.2ms
[12.296s][info][gc,phases      ] GC(34)   Merge Heap Roots: 0.2ms
[12.296s][info][gc,phases      ] GC(34)   Evacuate Collection Set: 4.0ms
[12.296s][info][gc,phases      ] GC(34)   Post Evacuate Collection Set: 0.6ms
[12.296s][info][gc,phases      ] GC(34)   Other: 0.1ms
[12.296s][info][gc,heap        ] GC(34) Eden regions: 52->0(52)
[12.296s][info][gc,heap        ] GC(34) Survivor regions: 2->2(7)
[12.296s][info][gc,heap        ] GC(34) Old regions: 4->4
[12.296s][info][gc,heap        ] GC(34) Archive regions: 0->0
[12.296s][info][gc,heap        ] GC(34) Humongous regions: 0->0
[12.297s][info][gc,metaspace   ] GC(34) Metaspace: 8598K(8832K)->8598K(8832K) NonClass: 7444K(7552K)->7444K(7552K) Class: 1153K(1280K)->1153K(1280K)
[12.297s][info][gc             ] GC(34) Pause Young (Normal) (G1 Evacuation Pause) 851M->22M(1440M) 5.554ms
[12.297s][info][gc,cpu         ] GC(34) User=0.00s Sys=0.00s Real=0.01s
[12.756s][info][gc,start       ] GC(35) Pause Young (Normal) (G1 Evacuation Pause)
[12.756s][info][gc,task        ] GC(35) Using 33 workers of 33 for evacuation
[12.761s][info][gc,phases      ] GC(35)   Pre Evacuate Collection Set: 0.2ms
[12.761s][info][gc,phases      ] GC(35)   Merge Heap Roots: 0.1ms
[12.761s][info][gc,phases      ] GC(35)   Evacuate Collection Set: 4.2ms
[12.761s][info][gc,phases      ] GC(35)   Post Evacuate Collection Set: 0.5ms
[12.761s][info][gc,phases      ] GC(35)   Other: 0.1ms
[12.761s][info][gc,heap        ] GC(35) Eden regions: 52->0(52)
[12.761s][info][gc,heap        ] GC(35) Survivor regions: 2->2(7)
[12.761s][info][gc,heap        ] GC(35) Old regions: 4->4
[12.761s][info][gc,heap        ] GC(35) Archive regions: 0->0
[12.761s][info][gc,heap        ] GC(35) Humongous regions: 0->0
[12.761s][info][gc,metaspace   ] GC(35) Metaspace: 8598K(8832K)->8598K(8832K) NonClass: 7444K(7552K)->7444K(7552K) Class: 1153K(1280K)->1153K(1280K)
[12.761s][info][gc             ] GC(35) Pause Young (Normal) (G1 Evacuation Pause) 854M->25M(1440M) 5.456ms
[12.761s][info][gc,cpu         ] GC(35) User=0.52s Sys=0.00s Real=0.02s
[13.205s][info][gc,start       ] GC(36) Pause Full (System.gc())
[13.205s][info][gc,task        ] GC(36) Using 8 workers of 33 for full compaction
[13.205s][info][gc,phases,start] GC(36) Phase 1: Mark live objects
[13.209s][info][gc,phases      ] GC(36) Phase 1: Mark live objects 3.394ms
[13.209s][info][gc,phases,start] GC(36) Phase 2: Prepare compaction
[13.210s][info][gc,phases      ] GC(36) Phase 2: Prepare compaction 1.663ms
[13.210s][info][gc,phases,start] GC(36) Phase 3: Adjust pointers
[13.213s][info][gc,phases      ] GC(36) Phase 3: Adjust pointers 2.618ms
[13.213s][info][gc,phases,start] GC(36) Phase 4: Compact heap
[13.214s][info][gc,phases      ] GC(36) Phase 4: Compact heap 0.896ms
[13.220s][info][gc,heap        ] GC(36) Eden regions: 10->0(8)
[13.221s][info][gc,heap        ] GC(36) Survivor regions: 2->0(7)
[13.221s][info][gc,heap        ] GC(36) Old regions: 4->4
[13.221s][info][gc,heap        ] GC(36) Archive regions: 0->0
[13.221s][info][gc,heap        ] GC(36) Humongous regions: 0->0
[13.221s][info][gc,metaspace   ] GC(36) Metaspace: 8598K(8832K)->8598K(8832K) NonClass: 7444K(7552K)->7444K(7552K) Class: 1153K(1280K)->1153K(1280K)
[13.221s][info][gc             ] GC(36) Pause Full (System.gc()) 185M->3M(224M) 15.978ms
[13.221s][info][gc,cpu         ] GC(36) User=0.05s Sys=0.31s Real=0.02s
[13.299s][info][gc,start       ] GC(37) Pause Young (Normal) (G1 Evacuation Pause)
[13.300s][info][gc,task        ] GC(37) Using 6 workers of 33 for evacuation
[13.301s][info][gc,phases      ] GC(37)   Pre Evacuate Collection Set: 0.1ms
[13.301s][info][gc,phases      ] GC(37)   Merge Heap Roots: 0.1ms
[13.301s][info][gc,phases      ] GC(37)   Evacuate Collection Set: 0.6ms
[13.301s][info][gc,phases      ] GC(37)   Post Evacuate Collection Set: 0.2ms
[13.301s][info][gc,phases      ] GC(37)   Other: 0.1ms
[13.301s][info][gc,heap        ] GC(37) Eden regions: 8->0(7)
[13.301s][info][gc,heap        ] GC(37) Survivor regions: 0->1(1)
[13.301s][info][gc,heap        ] GC(37) Old regions: 4->4
[13.301s][info][gc,heap        ] GC(37) Archive regions: 0->0
[13.301s][info][gc,heap        ] GC(37) Humongous regions: 0->0
[13.301s][info][gc,metaspace   ] GC(37) Metaspace: 8598K(8832K)->8598K(8832K) NonClass: 7444K(7552K)->7444K(7552K) Class: 1153K(1280K)->1153K(1280K)
[13.301s][info][gc             ] GC(37) Pause Young (Normal) (G1 Evacuation Pause) 131M->7M(224M) 1.568ms
[13.301s][info][gc,cpu         ] GC(37) User=0.00s Sys=0.00s Real=0.00s
[13.358s][info][gc,start       ] GC(38) Pause Young (Normal) (G1 Evacuation Pause)
[13.358s][info][gc,task        ] GC(38) Using 5 workers of 33 for evacuation
[13.362s][info][gc,phases      ] GC(38)   Pre Evacuate Collection Set: 0.1ms
[13.362s][info][gc,phases      ] GC(38)   Merge Heap Roots: 0.1ms
[13.362s][info][gc,phases      ] GC(38)   Evacuate Collection Set: 1.0ms
[13.363s][info][gc,phases      ] GC(38)   Post Evacuate Collection Set: 3.5ms
[13.363s][info][gc,phases      ] GC(38)   Other: 0.1ms
[13.363s][info][gc,heap        ] GC(38) Eden regions: 7->0(41)
[13.363s][info][gc,heap        ] GC(38) Survivor regions: 1->1(1)
[13.363s][info][gc,heap        ] GC(38) Old regions: 4->4
[13.363s][info][gc,heap        ] GC(38) Archive regions: 0->0
[13.363s][info][gc,heap        ] GC(38) Humongous regions: 0->0
[13.363s][info][gc,metaspace   ] GC(38) Metaspace: 8598K(8832K)->8598K(8832K) NonClass: 7444K(7552K)->7444K(7552K) Class: 1153K(1280K)->1153K(1280K)
[13.363s][info][gc             ] GC(38) Pause Young (Normal) (G1 Evacuation Pause) 119M->4M(1136M) 5.178ms
[13.363s][info][gc,cpu         ] GC(38) User=0.00s Sys=0.00s Real=0.00s
[13.725s][info][gc,start       ] GC(39) Pause Young (Normal) (G1 Evacuation Pause)
[13.725s][info][gc,task        ] GC(39) Using 27 workers of 33 for evacuation
[13.727s][info][gc,phases      ] GC(39)   Pre Evacuate Collection Set: 0.1ms
[13.727s][info][gc,phases      ] GC(39)   Merge Heap Roots: 0.2ms
[13.727s][info][gc,phases      ] GC(39)   Evacuate Collection Set: 1.3ms
[13.727s][info][gc,phases      ] GC(39)   Post Evacuate Collection Set: 0.4ms
[13.727s][info][gc,phases      ] GC(39)   Other: 0.1ms
[13.727s][info][gc,heap        ] GC(39) Eden regions: 41->0(41)
[13.727s][info][gc,heap        ] GC(39) Survivor regions: 1->1(6)
[13.727s][info][gc,heap        ] GC(39) Old regions: 4->4
[13.727s][info][gc,heap        ] GC(39) Archive regions: 0->0
[13.727s][info][gc,heap        ] GC(39) Humongous regions: 0->0
[13.728s][info][gc,metaspace   ] GC(39) Metaspace: 8598K(8832K)->8598K(8832K) NonClass: 7444K(7552K)->7444K(7552K) Class: 1153K(1280K)->1153K(1280K)
[13.728s][info][gc             ] GC(39) Pause Young (Normal) (G1 Evacuation Pause) 660M->6M(1136M) 2.677ms
[13.728s][info][gc,cpu         ] GC(39) User=0.00s Sys=0.00s Real=0.00s
[14.109s][info][gc,start       ] GC(40) Pause Young (Normal) (G1 Evacuation Pause)
[14.109s][info][gc,task        ] GC(40) Using 27 workers of 33 for evacuation
[14.112s][info][gc,phases      ] GC(40)   Pre Evacuate Collection Set: 0.1ms
[14.112s][info][gc,phases      ] GC(40)   Merge Heap Roots: 0.2ms
[14.112s][info][gc,phases      ] GC(40)   Evacuate Collection Set: 1.9ms
[14.112s][info][gc,phases      ] GC(40)   Post Evacuate Collection Set: 0.5ms
[14.112s][info][gc,phases      ] GC(40)   Other: 0.1ms
[14.112s][info][gc,heap        ] GC(40) Eden regions: 41->0(41)
[14.112s][info][gc,heap        ] GC(40) Survivor regions: 1->1(6)
[14.112s][info][gc,heap        ] GC(40) Old regions: 4->4
[14.112s][info][gc,heap        ] GC(40) Archive regions: 0->0
[14.112s][info][gc,heap        ] GC(40) Humongous regions: 0->0
[14.112s][info][gc,metaspace   ] GC(40) Metaspace: 8598K(8832K)->8598K(8832K) NonClass: 7444K(7552K)->7444K(7552K) Class: 1153K(1280K)->1153K(1280K)
[14.112s][info][gc             ] GC(40) Pause Young (Normal) (G1 Evacuation Pause) 662M->9M(1136M) 3.360ms
[14.112s][info][gc,cpu         ] GC(40) User=0.00s Sys=0.00s Real=0.00s
[14.468s][info][gc,start       ] GC(41) Pause Young (Normal) (G1 Evacuation Pause)
[14.469s][info][gc,task        ] GC(41) Using 27 workers of 33 for evacuation
[14.472s][info][gc,phases      ] GC(41)   Pre Evacuate Collection Set: 0.1ms
[14.472s][info][gc,phases      ] GC(41)   Merge Heap Roots: 0.1ms
[14.472s][info][gc,phases      ] GC(41)   Evacuate Collection Set: 2.2ms
[14.472s][info][gc,phases      ] GC(41)   Post Evacuate Collection Set: 0.5ms
[14.472s][info][gc,phases      ] GC(41)   Other: 0.1ms
[14.472s][info][gc,heap        ] GC(41) Eden regions: 41->0(41)
[14.472s][info][gc,heap        ] GC(41) Survivor regions: 1->1(6)
[14.472s][info][gc,heap        ] GC(41) Old regions: 4->4
[14.472s][info][gc,heap        ] GC(41) Archive regions: 0->0
[14.472s][info][gc,heap        ] GC(41) Humongous regions: 0->0
[14.472s][info][gc,metaspace   ] GC(41) Metaspace: 8598K(8832K)->8598K(8832K) NonClass: 7444K(7552K)->7444K(7552K) Class: 1153K(1280K)->1153K(1280K)
[14.472s][info][gc             ] GC(41) Pause Young (Normal) (G1 Evacuation Pause) 665M->11M(1136M) 3.662ms
[14.472s][info][gc,cpu         ] GC(41) User=0.00s Sys=0.02s Real=0.02s
[14.831s][info][gc,start       ] GC(42) Pause Young (Normal) (G1 Evacuation Pause)
[14.831s][info][gc,task        ] GC(42) Using 27 workers of 33 for evacuation
[14.835s][info][gc,phases      ] GC(42)   Pre Evacuate Collection Set: 0.1ms
[14.835s][info][gc,phases      ] GC(42)   Merge Heap Roots: 0.1ms
[14.835s][info][gc,phases      ] GC(42)   Evacuate Collection Set: 2.8ms
[14.835s][info][gc,phases      ] GC(42)   Post Evacuate Collection Set: 0.5ms
[14.835s][info][gc,phases      ] GC(42)   Other: 0.1ms
[14.835s][info][gc,heap        ] GC(42) Eden regions: 41->0(41)
[14.835s][info][gc,heap        ] GC(42) Survivor regions: 1->1(6)
[14.835s][info][gc,heap        ] GC(42) Old regions: 4->4
[14.835s][info][gc,heap        ] GC(42) Archive regions: 0->0
[14.835s][info][gc,heap        ] GC(42) Humongous regions: 0->0
[14.835s][info][gc,metaspace   ] GC(42) Metaspace: 8598K(8832K)->8598K(8832K) NonClass: 7444K(7552K)->7444K(7552K) Class: 1153K(1280K)->1153K(1280K)
[14.835s][info][gc             ] GC(42) Pause Young (Normal) (G1 Evacuation Pause) 667M->13M(1136M) 4.228ms
[14.835s][info][gc,cpu         ] GC(42) User=0.42s Sys=0.00s Real=0.00s
[15.192s][info][gc,start       ] GC(43) Pause Young (Normal) (G1 Evacuation Pause)
[15.193s][info][gc,task        ] GC(43) Using 27 workers of 33 for evacuation
[15.197s][info][gc,phases      ] GC(43)   Pre Evacuate Collection Set: 0.1ms
[15.197s][info][gc,phases      ] GC(43)   Merge Heap Roots: 0.1ms
[15.197s][info][gc,phases      ] GC(43)   Evacuate Collection Set: 3.1ms
[15.197s][info][gc,phases      ] GC(43)   Post Evacuate Collection Set: 0.4ms
[15.197s][info][gc,phases      ] GC(43)   Other: 0.1ms
[15.197s][info][gc,heap        ] GC(43) Eden regions: 41->0(41)
[15.197s][info][gc,heap        ] GC(43) Survivor regions: 1->1(6)
[15.197s][info][gc,heap        ] GC(43) Old regions: 4->4
[15.197s][info][gc,heap        ] GC(43) Archive regions: 0->0
[15.197s][info][gc,heap        ] GC(43) Humongous regions: 0->0
[15.197s][info][gc,metaspace   ] GC(43) Metaspace: 8598K(8832K)->8598K(8832K) NonClass: 7444K(7552K)->7444K(7552K) Class: 1153K(1280K)->1153K(1280K)
[15.197s][info][gc             ] GC(43) Pause Young (Normal) (G1 Evacuation Pause) 669M->16M(1136M) 4.441ms
[15.197s][info][gc,cpu         ] GC(43) User=0.00s Sys=0.00s Real=0.00s
[15.560s][info][gc,start       ] GC(44) Pause Young (Normal) (G1 Evacuation Pause)
[15.560s][info][gc,task        ] GC(44) Using 27 workers of 33 for evacuation
[15.565s][info][gc,phases      ] GC(44)   Pre Evacuate Collection Set: 0.1ms
[15.565s][info][gc,phases      ] GC(44)   Merge Heap Roots: 0.2ms
[15.565s][info][gc,phases      ] GC(44)   Evacuate Collection Set: 4.0ms
[15.565s][info][gc,phases      ] GC(44)   Post Evacuate Collection Set: 0.5ms
[15.565s][info][gc,phases      ] GC(44)   Other: 0.1ms
[15.565s][info][gc,heap        ] GC(44) Eden regions: 41->0(41)
[15.565s][info][gc,heap        ] GC(44) Survivor regions: 1->1(6)
[15.565s][info][gc,heap        ] GC(44) Old regions: 4->4
[15.565s][info][gc,heap        ] GC(44) Archive regions: 0->0
[15.565s][info][gc,heap        ] GC(44) Humongous regions: 0->0
[15.565s][info][gc,metaspace   ] GC(44) Metaspace: 8598K(8832K)->8598K(8832K) NonClass: 7444K(7552K)->7444K(7552K) Class: 1153K(1280K)->1153K(1280K)
[15.565s][info][gc             ] GC(44) Pause Young (Normal) (G1 Evacuation Pause) 672M->18M(1136M) 5.400ms
[15.565s][info][gc,cpu         ] GC(44) User=0.00s Sys=0.00s Real=0.00s
[15.907s][info][gc,start       ] GC(45) Pause Young (Normal) (G1 Evacuation Pause)
[15.907s][info][gc,task        ] GC(45) Using 27 workers of 33 for evacuation
[15.912s][info][gc,phases      ] GC(45)   Pre Evacuate Collection Set: 0.1ms
[15.912s][info][gc,phases      ] GC(45)   Merge Heap Roots: 0.2ms
[15.912s][info][gc,phases      ] GC(45)   Evacuate Collection Set: 3.9ms
[15.912s][info][gc,phases      ] GC(45)   Post Evacuate Collection Set: 0.5ms
[15.912s][info][gc,phases      ] GC(45)   Other: 0.1ms
[15.912s][info][gc,heap        ] GC(45) Eden regions: 41->0(40)
[15.912s][info][gc,heap        ] GC(45) Survivor regions: 1->2(6)
[15.912s][info][gc,heap        ] GC(45) Old regions: 4->4
[15.912s][info][gc,heap        ] GC(45) Archive regions: 0->0
[15.912s][info][gc,heap        ] GC(45) Humongous regions: 0->0
[15.912s][info][gc,metaspace   ] GC(45) Metaspace: 8598K(8832K)->8598K(8832K) NonClass: 7444K(7552K)->7444K(7552K) Class: 1153K(1280K)->1153K(1280K)
[15.912s][info][gc             ] GC(45) Pause Young (Normal) (G1 Evacuation Pause) 674M->20M(1136M) 5.387ms
[15.912s][info][gc,cpu         ] GC(45) User=0.00s Sys=0.00s Real=0.00s
[16.255s][info][gc,start       ] GC(46) Pause Young (Normal) (G1 Evacuation Pause)
[16.255s][info][gc,task        ] GC(46) Using 27 workers of 33 for evacuation
[16.263s][info][gc,phases      ] GC(46)   Pre Evacuate Collection Set: 0.1ms
[16.263s][info][gc,phases      ] GC(46)   Merge Heap Roots: 0.1ms
[16.263s][info][gc,phases      ] GC(46)   Evacuate Collection Set: 4.8ms
[16.263s][info][gc,phases      ] GC(46)   Post Evacuate Collection Set: 2.4ms
[16.263s][info][gc,phases      ] GC(46)   Other: 0.1ms
[16.263s][info][gc,heap        ] GC(46) Eden regions: 40->0(50)
[16.263s][info][gc,heap        ] GC(46) Survivor regions: 2->2(6)
[16.263s][info][gc,heap        ] GC(46) Old regions: 4->4
[16.263s][info][gc,heap        ] GC(46) Archive regions: 0->0
[16.263s][info][gc,heap        ] GC(46) Humongous regions: 0->0
[16.263s][info][gc,metaspace   ] GC(46) Metaspace: 8598K(8832K)->8598K(8832K) NonClass: 7444K(7552K)->7444K(7552K) Class: 1153K(1280K)->1153K(1280K)
[16.264s][info][gc             ] GC(46) Pause Young (Normal) (G1 Evacuation Pause) 660M->23M(1408M) 8.196ms
[16.264s][info][gc,cpu         ] GC(46) User=0.00s Sys=0.00s Real=0.00s
[16.987s][info][gc,start       ] GC(47) Pause Young (Normal) (G1 Evacuation Pause)
[16.987s][info][gc,task        ] GC(47) Using 33 workers of 33 for evacuation
[16.995s][info][gc,phases      ] GC(47)   Pre Evacuate Collection Set: 0.2ms
[16.995s][info][gc,phases      ] GC(47)   Merge Heap Roots: 0.2ms
[16.995s][info][gc,phases      ] GC(47)   Evacuate Collection Set: 6.5ms
[16.995s][info][gc,phases      ] GC(47)   Post Evacuate Collection Set: 0.5ms
[16.995s][info][gc,phases      ] GC(47)   Other: 0.1ms
[16.995s][info][gc,heap        ] GC(47) Eden regions: 50->0(50)
[16.995s][info][gc,heap        ] GC(47) Survivor regions: 2->2(7)
[16.995s][info][gc,heap        ] GC(47) Old regions: 4->4
[16.995s][info][gc,heap        ] GC(47) Archive regions: 0->0
[16.995s][info][gc,heap        ] GC(47) Humongous regions: 0->0
[16.995s][info][gc,metaspace   ] GC(47) Metaspace: 8598K(8832K)->8598K(8832K) NonClass: 7444K(7552K)->7444K(7552K) Class: 1153K(1280K)->1153K(1280K)
[16.995s][info][gc             ] GC(47) Pause Young (Normal) (G1 Evacuation Pause) 823M->27M(1408M) 8.106ms
[16.995s][info][gc,cpu         ] GC(47) User=0.52s Sys=0.00s Real=0.02s
[17.034s][info][gc,start       ] GC(48) Pause Full (System.gc())
[17.034s][info][gc,task        ] GC(48) Using 8 workers of 33 for full compaction
[17.035s][info][gc,phases,start] GC(48) Phase 1: Mark live objects
[17.038s][info][gc,phases      ] GC(48) Phase 1: Mark live objects 3.303ms
[17.038s][info][gc,phases,start] GC(48) Phase 2: Prepare compaction
[17.040s][info][gc,phases      ] GC(48) Phase 2: Prepare compaction 1.524ms
[17.040s][info][gc,phases,start] GC(48) Phase 3: Adjust pointers
[17.042s][info][gc,phases      ] GC(48) Phase 3: Adjust pointers 2.613ms
[17.042s][info][gc,phases,start] GC(48) Phase 4: Compact heap
[17.044s][info][gc,phases      ] GC(48) Phase 4: Compact heap 1.185ms
[17.048s][info][gc,heap        ] GC(48) Eden regions: 2->0(10)
[17.048s][info][gc,heap        ] GC(48) Survivor regions: 2->0(7)
[17.048s][info][gc,heap        ] GC(48) Old regions: 4->5
[17.048s][info][gc,heap        ] GC(48) Archive regions: 0->0
[17.048s][info][gc,heap        ] GC(48) Humongous regions: 0->0
[17.048s][info][gc,metaspace   ] GC(48) Metaspace: 8598K(8832K)->8598K(8832K) NonClass: 7444K(7552K)->7444K(7552K) Class: 1153K(1280K)->1153K(1280K)
[17.048s][info][gc             ] GC(48) Pause Full (System.gc()) 59M->3M(272M) 13.767ms
[17.048s][info][gc,cpu         ] GC(48) User=0.13s Sys=0.00s Real=0.02s
[17.147s][info][gc,start       ] GC(49) Pause Young (Normal) (G1 Evacuation Pause)
[17.147s][info][gc,task        ] GC(49) Using 7 workers of 33 for evacuation
[17.148s][info][gc,phases      ] GC(49)   Pre Evacuate Collection Set: 0.1ms
[17.148s][info][gc,phases      ] GC(49)   Merge Heap Roots: 0.1ms
[17.148s][info][gc,phases      ] GC(49)   Evacuate Collection Set: 0.6ms
[17.148s][info][gc,phases      ] GC(49)   Post Evacuate Collection Set: 0.2ms
[17.148s][info][gc,phases      ] GC(49)   Other: 0.1ms
[17.148s][info][gc,heap        ] GC(49) Eden regions: 10->0(9)
[17.148s][info][gc,heap        ] GC(49) Survivor regions: 0->1(2)
[17.148s][info][gc,heap        ] GC(49) Old regions: 5->5
[17.148s][info][gc,heap        ] GC(49) Archive regions: 0->0
[17.148s][info][gc,heap        ] GC(49) Humongous regions: 0->0
[17.148s][info][gc,metaspace   ] GC(49) Metaspace: 8598K(8832K)->8598K(8832K) NonClass: 7445K(7552K)->7445K(7552K) Class: 1153K(1280K)->1153K(1280K)
[17.148s][info][gc             ] GC(49) Pause Young (Normal) (G1 Evacuation Pause) 163M->7M(272M) 1.506ms
[17.149s][info][gc,cpu         ] GC(49) User=0.00s Sys=0.00s Real=0.00s
[17.221s][info][gc,start       ] GC(50) Pause Young (Normal) (G1 Evacuation Pause)
[17.221s][info][gc,task        ] GC(50) Using 6 workers of 33 for evacuation
[17.223s][info][gc,phases      ] GC(50)   Pre Evacuate Collection Set: 0.0ms
[17.223s][info][gc,phases      ] GC(50)   Merge Heap Roots: 0.1ms
[17.223s][info][gc,phases      ] GC(50)   Evacuate Collection Set: 1.1ms
[17.223s][info][gc,phases      ] GC(50)   Post Evacuate Collection Set: 0.2ms
[17.223s][info][gc,phases      ] GC(50)   Other: 0.1ms
[17.223s][info][gc,heap        ] GC(50) Eden regions: 9->0(9)
[17.223s][info][gc,heap        ] GC(50) Survivor regions: 1->1(2)
[17.223s][info][gc,heap        ] GC(50) Old regions: 5->5
[17.223s][info][gc,heap        ] GC(50) Archive regions: 0->0
[17.223s][info][gc,heap        ] GC(50) Humongous regions: 0->0
[17.223s][info][gc,metaspace   ] GC(50) Metaspace: 8598K(8832K)->8598K(8832K) NonClass: 7445K(7552K)->7445K(7552K) Class: 1153K(1280K)->1153K(1280K)
[17.223s][info][gc             ] GC(50) Pause Young (Normal) (G1 Evacuation Pause) 151M->4M(272M) 1.725ms
[17.223s][info][gc,cpu         ] GC(50) User=0.00s Sys=0.00s Real=0.00s
[17.308s][info][gc,start       ] GC(51) Pause Young (Normal) (G1 Evacuation Pause)
[17.308s][info][gc,task        ] GC(51) Using 6 workers of 33 for evacuation
[17.315s][info][gc,phases      ] GC(51)   Pre Evacuate Collection Set: 0.1ms
[17.315s][info][gc,phases      ] GC(51)   Merge Heap Roots: 0.1ms
[17.315s][info][gc,phases      ] GC(51)   Evacuate Collection Set: 1.2ms
[17.315s][info][gc,phases      ] GC(51)   Post Evacuate Collection Set: 5.2ms
[17.315s][info][gc,phases      ] GC(51)   Other: 0.1ms
[17.315s][info][gc,heap        ] GC(51) Eden regions: 9->0(42)
[17.315s][info][gc,heap        ] GC(51) Survivor regions: 1->1(2)
[17.315s][info][gc,heap        ] GC(51) Old regions: 5->5
[17.315s][info][gc,heap        ] GC(51) Archive regions: 0->0
[17.315s][info][gc,heap        ] GC(51) Humongous regions: 0->0
[17.315s][info][gc,metaspace   ] GC(51) Metaspace: 8598K(8832K)->8598K(8832K) NonClass: 7445K(7552K)->7445K(7552K) Class: 1153K(1280K)->1153K(1280K)
[17.315s][info][gc             ] GC(51) Pause Young (Normal) (G1 Evacuation Pause) 148M->5M(1168M) 7.150ms
[17.315s][info][gc,cpu         ] GC(51) User=0.00s Sys=0.00s Real=0.00s
[17.789s][info][gc,start       ] GC(52) Pause Young (Normal) (G1 Evacuation Pause)
[17.789s][info][gc,task        ] GC(52) Using 28 workers of 33 for evacuation
[17.795s][info][gc,phases      ] GC(52)   Pre Evacuate Collection Set: 0.1ms
[17.795s][info][gc,phases      ] GC(52)   Merge Heap Roots: 0.2ms
[17.795s][info][gc,phases      ] GC(52)   Evacuate Collection Set: 4.3ms
[17.795s][info][gc,phases      ] GC(52)   Post Evacuate Collection Set: 0.5ms
[17.795s][info][gc,phases      ] GC(52)   Other: 0.1ms
[17.795s][info][gc,heap        ] GC(52) Eden regions: 42->0(42)
[17.795s][info][gc,heap        ] GC(52) Survivor regions: 1->1(6)
[17.795s][info][gc,heap        ] GC(52) Old regions: 5->5
[17.795s][info][gc,heap        ] GC(52) Archive regions: 0->0
[17.795s][info][gc,heap        ] GC(52) Humongous regions: 0->0
[17.795s][info][gc,metaspace   ] GC(52) Metaspace: 8598K(8832K)->8598K(8832K) NonClass: 7445K(7552K)->7445K(7552K) Class: 1153K(1280K)->1153K(1280K)
[17.795s][info][gc             ] GC(52) Pause Young (Normal) (G1 Evacuation Pause) 677M->7M(1168M) 5.795ms
[17.795s][info][gc,cpu         ] GC(52) User=0.00s Sys=0.00s Real=0.01s
[18.167s][info][gc,start       ] GC(53) Pause Young (Normal) (G1 Evacuation Pause)
[18.167s][info][gc,task        ] GC(53) Using 28 workers of 33 for evacuation
[18.172s][info][gc,phases      ] GC(53)   Pre Evacuate Collection Set: 0.1ms
[18.173s][info][gc,phases      ] GC(53)   Merge Heap Roots: 0.2ms
[18.173s][info][gc,phases      ] GC(53)   Evacuate Collection Set: 4.5ms
[18.173s][info][gc,phases      ] GC(53)   Post Evacuate Collection Set: 0.5ms
[18.173s][info][gc,phases      ] GC(53)   Other: 0.1ms
[18.173s][info][gc,heap        ] GC(53) Eden regions: 42->0(42)
[18.173s][info][gc,heap        ] GC(53) Survivor regions: 1->1(6)
[18.173s][info][gc,heap        ] GC(53) Old regions: 5->5
[18.173s][info][gc,heap        ] GC(53) Archive regions: 0->0
[18.173s][info][gc,heap        ] GC(53) Humongous regions: 0->0
[18.173s][info][gc,metaspace   ] GC(53) Metaspace: 8598K(8832K)->8598K(8832K) NonClass: 7445K(7552K)->7445K(7552K) Class: 1153K(1280K)->1153K(1280K)
[18.173s][info][gc             ] GC(53) Pause Young (Normal) (G1 Evacuation Pause) 679M->10M(1168M) 5.981ms
[18.173s][info][gc,cpu         ] GC(53) User=0.00s Sys=0.00s Real=0.01s
[18.518s][info][gc,start       ] GC(54) Pause Young (Normal) (G1 Evacuation Pause)
[18.519s][info][gc,task        ] GC(54) Using 28 workers of 33 for evacuation
[18.524s][info][gc,phases      ] GC(54)   Pre Evacuate Collection Set: 0.1ms
[18.525s][info][gc,phases      ] GC(54)   Merge Heap Roots: 0.2ms
[18.525s][info][gc,phases      ] GC(54)   Evacuate Collection Set: 5.0ms
[18.525s][info][gc,phases      ] GC(54)   Post Evacuate Collection Set: 0.5ms
[18.525s][info][gc,phases      ] GC(54)   Other: 0.1ms
[18.525s][info][gc,heap        ] GC(54) Eden regions: 42->0(42)
[18.525s][info][gc,heap        ] GC(54) Survivor regions: 1->1(6)
[18.525s][info][gc,heap        ] GC(54) Old regions: 5->5
[18.525s][info][gc,heap        ] GC(54) Archive regions: 0->0
[18.525s][info][gc,heap        ] GC(54) Humongous regions: 0->0
[18.525s][info][gc,metaspace   ] GC(54) Metaspace: 8598K(8832K)->8598K(8832K) NonClass: 7445K(7552K)->7445K(7552K) Class: 1153K(1280K)->1153K(1280K)
[18.525s][info][gc             ] GC(54) Pause Young (Normal) (G1 Evacuation Pause) 682M->12M(1168M) 6.514ms
[18.525s][info][gc,cpu         ] GC(54) User=0.00s Sys=0.02s Real=0.02s
[18.882s][info][gc,start       ] GC(55) Pause Young (Normal) (G1 Evacuation Pause)
[18.882s][info][gc,task        ] GC(55) Using 28 workers of 33 for evacuation
[18.891s][info][gc,phases      ] GC(55)   Pre Evacuate Collection Set: 0.1ms
[18.891s][info][gc,phases      ] GC(55)   Merge Heap Roots: 0.2ms
[18.891s][info][gc,phases      ] GC(55)   Evacuate Collection Set: 5.6ms
[18.891s][info][gc,phases      ] GC(55)   Post Evacuate Collection Set: 2.6ms
[18.891s][info][gc,phases      ] GC(55)   Other: 0.1ms
[18.891s][info][gc,heap        ] GC(55) Eden regions: 42->0(53)
[18.891s][info][gc,heap        ] GC(55) Survivor regions: 1->1(6)
[18.891s][info][gc,heap        ] GC(55) Old regions: 5->5
[18.891s][info][gc,heap        ] GC(55) Archive regions: 0->0
[18.891s][info][gc,heap        ] GC(55) Humongous regions: 0->0
[18.891s][info][gc,metaspace   ] GC(55) Metaspace: 8598K(8832K)->8598K(8832K) NonClass: 7445K(7552K)->7445K(7552K) Class: 1153K(1280K)->1153K(1280K)
[18.891s][info][gc             ] GC(55) Pause Young (Normal) (G1 Evacuation Pause) 684M->15M(1456M) 9.104ms
[18.891s][info][gc,cpu         ] GC(55) User=0.44s Sys=0.00s Real=0.02s
[19.492s][info][gc,start       ] GC(56) Pause Young (Normal) (G1 Evacuation Pause)
[19.492s][info][gc,task        ] GC(56) Using 33 workers of 33 for evacuation
[19.496s][info][gc,phases      ] GC(56)   Pre Evacuate Collection Set: 0.2ms
[19.496s][info][gc,phases      ] GC(56)   Merge Heap Roots: 0.2ms
[19.496s][info][gc,phases      ] GC(56)   Evacuate Collection Set: 3.5ms
[19.496s][info][gc,phases      ] GC(56)   Post Evacuate Collection Set: 0.5ms
[19.497s][info][gc,phases      ] GC(56)   Other: 0.1ms
[19.497s][info][gc,heap        ] GC(56) Eden regions: 53->0(53)
[19.497s][info][gc,heap        ] GC(56) Survivor regions: 1->1(7)
[19.497s][info][gc,heap        ] GC(56) Old regions: 5->5
[19.497s][info][gc,heap        ] GC(56) Archive regions: 0->0
[19.497s][info][gc,heap        ] GC(56) Humongous regions: 0->0
[19.497s][info][gc,metaspace   ] GC(56) Metaspace: 8598K(8832K)->8598K(8832K) NonClass: 7445K(7552K)->7445K(7552K) Class: 1153K(1280K)->1153K(1280K)
[19.497s][info][gc             ] GC(56) Pause Young (Normal) (G1 Evacuation Pause) 863M->17M(1456M) 5.025ms
[19.497s][info][gc,cpu         ] GC(56) User=0.00s Sys=0.00s Real=0.00s
[19.950s][info][gc,start       ] GC(57) Pause Young (Normal) (G1 Evacuation Pause)
[19.950s][info][gc,task        ] GC(57) Using 33 workers of 33 for evacuation
[19.954s][info][gc,phases      ] GC(57)   Pre Evacuate Collection Set: 0.2ms
[19.954s][info][gc,phases      ] GC(57)   Merge Heap Roots: 0.2ms
[19.954s][info][gc,phases      ] GC(57)   Evacuate Collection Set: 3.5ms
[19.954s][info][gc,phases      ] GC(57)   Post Evacuate Collection Set: 0.5ms
[19.954s][info][gc,phases      ] GC(57)   Other: 0.1ms
[19.954s][info][gc,heap        ] GC(57) Eden regions: 53->0(52)
[19.954s][info][gc,heap        ] GC(57) Survivor regions: 1->2(7)
[19.955s][info][gc,heap        ] GC(57) Old regions: 5->5
[19.955s][info][gc,heap        ] GC(57) Archive regions: 0->0
[19.955s][info][gc,heap        ] GC(57) Humongous regions: 0->0
[19.955s][info][gc,metaspace   ] GC(57) Metaspace: 8598K(8832K)->8598K(8832K) NonClass: 7445K(7552K)->7445K(7552K) Class: 1153K(1280K)->1153K(1280K)
[19.955s][info][gc             ] GC(57) Pause Young (Normal) (G1 Evacuation Pause) 865M->21M(1456M) 5.066ms
[19.955s][info][gc,cpu         ] GC(57) User=0.00s Sys=0.00s Real=0.00s
[20.423s][info][gc,start       ] GC(58) Pause Young (Normal) (G1 Evacuation Pause)
[20.424s][info][gc,task        ] GC(58) Using 33 workers of 33 for evacuation
[20.429s][info][gc,phases      ] GC(58)   Pre Evacuate Collection Set: 0.2ms
[20.429s][info][gc,phases      ] GC(58)   Merge Heap Roots: 0.2ms
[20.429s][info][gc,phases      ] GC(58)   Evacuate Collection Set: 4.3ms
[20.429s][info][gc,phases      ] GC(58)   Post Evacuate Collection Set: 0.5ms
[20.429s][info][gc,phases      ] GC(58)   Other: 0.1ms
[20.429s][info][gc,heap        ] GC(58) Eden regions: 52->0(52)
[20.429s][info][gc,heap        ] GC(58) Survivor regions: 2->2(7)
[20.429s][info][gc,heap        ] GC(58) Old regions: 5->5
[20.429s][info][gc,heap        ] GC(58) Archive regions: 0->0
[20.429s][info][gc,heap        ] GC(58) Humongous regions: 0->0
[20.429s][info][gc,metaspace   ] GC(58) Metaspace: 8598K(8832K)->8598K(8832K) NonClass: 7445K(7552K)->7445K(7552K) Class: 1153K(1280K)->1153K(1280K)
[20.429s][info][gc             ] GC(58) Pause Young (Normal) (G1 Evacuation Pause) 853M->24M(1456M) 5.915ms
[20.429s][info][gc,cpu         ] GC(58) User=0.00s Sys=0.00s Real=0.00s
[21.133s][info][gc,start       ] GC(59) Pause Full (System.gc())
[21.133s][info][gc,task        ] GC(59) Using 8 workers of 33 for full compaction
[21.134s][info][gc,phases,start] GC(59) Phase 1: Mark live objects
[21.137s][info][gc,phases      ] GC(59) Phase 1: Mark live objects 3.012ms
[21.137s][info][gc,phases,start] GC(59) Phase 2: Prepare compaction
[21.139s][info][gc,phases      ] GC(59) Phase 2: Prepare compaction 2.611ms
[21.139s][info][gc,phases,start] GC(59) Phase 3: Adjust pointers
[21.142s][info][gc,phases      ] GC(59) Phase 3: Adjust pointers 2.634ms
[21.142s][info][gc,phases,start] GC(59) Phase 4: Compact heap
[21.144s][info][gc,phases      ] GC(59) Phase 4: Compact heap 1.556ms
[21.149s][info][gc,heap        ] GC(59) Eden regions: 40->0(10)
[21.149s][info][gc,heap        ] GC(59) Survivor regions: 2->0(7)
[21.149s][info][gc,heap        ] GC(59) Old regions: 5->5
[21.149s][info][gc,heap        ] GC(59) Archive regions: 0->0
[21.149s][info][gc,heap        ] GC(59) Humongous regions: 0->0
[21.149s][info][gc,metaspace   ] GC(59) Metaspace: 8599K(8832K)->8599K(8832K) NonClass: 7445K(7552K)->7445K(7552K) Class: 1153K(1280K)->1153K(1280K)
[21.149s][info][gc             ] GC(59) Pause Full (System.gc()) 664M->3M(272M) 16.196ms
[21.149s][info][gc,cpu         ] GC(59) User=0.13s Sys=0.00s Real=0.02s
[21.232s][info][gc,start       ] GC(60) Pause Young (Normal) (G1 Evacuation Pause)
[21.232s][info][gc,task        ] GC(60) Using 7 workers of 33 for evacuation
[21.233s][info][gc,phases      ] GC(60)   Pre Evacuate Collection Set: 0.1ms
[21.233s][info][gc,phases      ] GC(60)   Merge Heap Roots: 0.1ms
[21.233s][info][gc,phases      ] GC(60)   Evacuate Collection Set: 0.7ms
[21.233s][info][gc,phases      ] GC(60)   Post Evacuate Collection Set: 0.2ms
[21.233s][info][gc,phases      ] GC(60)   Other: 0.1ms
[21.233s][info][gc,heap        ] GC(60) Eden regions: 10->0(9)
[21.233s][info][gc,heap        ] GC(60) Survivor regions: 0->1(2)
[21.233s][info][gc,heap        ] GC(60) Old regions: 5->5
[21.233s][info][gc,heap        ] GC(60) Archive regions: 0->0
[21.233s][info][gc,heap        ] GC(60) Humongous regions: 0->0
[21.234s][info][gc,metaspace   ] GC(60) Metaspace: 8599K(8832K)->8599K(8832K) NonClass: 7446K(7552K)->7446K(7552K) Class: 1153K(1280K)->1153K(1280K)
[21.234s][info][gc             ] GC(60) Pause Young (Normal) (G1 Evacuation Pause) 163M->6M(272M) 1.679ms
[21.234s][info][gc,cpu         ] GC(60) User=0.00s Sys=0.00s Real=0.00s
[21.320s][info][gc,start       ] GC(61) Pause Young (Normal) (G1 Evacuation Pause)
[21.320s][info][gc,task        ] GC(61) Using 6 workers of 33 for evacuation
[21.322s][info][gc,phases      ] GC(61)   Pre Evacuate Collection Set: 0.1ms
[21.322s][info][gc,phases      ] GC(61)   Merge Heap Roots: 0.1ms
[21.322s][info][gc,phases      ] GC(61)   Evacuate Collection Set: 0.9ms
[21.322s][info][gc,phases      ] GC(61)   Post Evacuate Collection Set: 0.2ms
[21.322s][info][gc,phases      ] GC(61)   Other: 0.1ms
[21.322s][info][gc,heap        ] GC(61) Eden regions: 9->0(9)
[21.322s][info][gc,heap        ] GC(61) Survivor regions: 1->1(2)
[21.322s][info][gc,heap        ] GC(61) Old regions: 5->5
[21.322s][info][gc,heap        ] GC(61) Archive regions: 0->0
[21.322s][info][gc,heap        ] GC(61) Humongous regions: 0->0
[21.322s][info][gc,metaspace   ] GC(61) Metaspace: 8599K(8832K)->8599K(8832K) NonClass: 7446K(7552K)->7446K(7552K) Class: 1153K(1280K)->1153K(1280K)
[21.322s][info][gc             ] GC(61) Pause Young (Normal) (G1 Evacuation Pause) 150M->5M(272M) 1.781ms
[21.322s][info][gc,cpu         ] GC(61) User=0.00s Sys=0.00s Real=0.00s
[21.411s][info][gc,start       ] GC(62) Pause Young (Normal) (G1 Evacuation Pause)
[21.411s][info][gc,task        ] GC(62) Using 6 workers of 33 for evacuation
[21.417s][info][gc,phases      ] GC(62)   Pre Evacuate Collection Set: 0.1ms
[21.417s][info][gc,phases      ] GC(62)   Merge Heap Roots: 0.1ms
[21.417s][info][gc,phases      ] GC(62)   Evacuate Collection Set: 1.3ms
[21.417s][info][gc,phases      ] GC(62)   Post Evacuate Collection Set: 4.6ms
[21.417s][info][gc,phases      ] GC(62)   Other: 0.1ms
[21.417s][info][gc,heap        ] GC(62) Eden regions: 9->0(42)
[21.417s][info][gc,heap        ] GC(62) Survivor regions: 1->1(2)
[21.417s][info][gc,heap        ] GC(62) Old regions: 5->5
[21.417s][info][gc,heap        ] GC(62) Archive regions: 0->0
[21.418s][info][gc,heap        ] GC(62) Humongous regions: 0->0
[21.418s][info][gc,metaspace   ] GC(62) Metaspace: 8599K(8832K)->8599K(8832K) NonClass: 7446K(7552K)->7446K(7552K) Class: 1153K(1280K)->1153K(1280K)
[21.418s][info][gc             ] GC(62) Pause Young (Normal) (G1 Evacuation Pause) 149M->5M(1168M) 6.773ms
[21.418s][info][gc,cpu         ] GC(62) User=0.00s Sys=0.00s Real=0.00s
[21.849s][info][gc,start       ] GC(63) Pause Young (Normal) (G1 Evacuation Pause)
[21.849s][info][gc,task        ] GC(63) Using 28 workers of 33 for evacuation
[21.854s][info][gc,phases      ] GC(63)   Pre Evacuate Collection Set: 0.1ms
[21.854s][info][gc,phases      ] GC(63)   Merge Heap Roots: 0.2ms
[21.854s][info][gc,phases      ] GC(63)   Evacuate Collection Set: 3.4ms
[21.854s][info][gc,phases      ] GC(63)   Post Evacuate Collection Set: 0.4ms
[21.854s][info][gc,phases      ] GC(63)   Other: 0.1ms
[21.854s][info][gc,heap        ] GC(63) Eden regions: 42->0(42)
[21.854s][info][gc,heap        ] GC(63) Survivor regions: 1->1(6)
[21.854s][info][gc,heap        ] GC(63) Old regions: 5->5
[21.854s][info][gc,heap        ] GC(63) Archive regions: 0->0
[21.854s][info][gc,heap        ] GC(63) Humongous regions: 0->0
[21.854s][info][gc,metaspace   ] GC(63) Metaspace: 8599K(8832K)->8599K(8832K) NonClass: 7446K(7552K)->7446K(7552K) Class: 1153K(1280K)->1153K(1280K)
[21.854s][info][gc             ] GC(63) Pause Young (Normal) (G1 Evacuation Pause) 677M->7M(1168M) 4.747ms
[21.854s][info][gc,cpu         ] GC(63) User=0.00s Sys=0.00s Real=0.00s
[22.230s][info][gc,start       ] GC(64) Pause Young (Normal) (G1 Evacuation Pause)
[22.230s][info][gc,task        ] GC(64) Using 28 workers of 33 for evacuation
[22.239s][info][gc,phases      ] GC(64)   Pre Evacuate Collection Set: 0.1ms
[22.239s][info][gc,phases      ] GC(64)   Merge Heap Roots: 0.2ms
[22.239s][info][gc,phases      ] GC(64)   Evacuate Collection Set: 8.1ms
[22.239s][info][gc,phases      ] GC(64)   Post Evacuate Collection Set: 0.5ms
[22.239s][info][gc,phases      ] GC(64)   Other: 0.1ms
[22.239s][info][gc,heap        ] GC(64) Eden regions: 42->0(42)
[22.239s][info][gc,heap        ] GC(64) Survivor regions: 1->1(6)
[22.239s][info][gc,heap        ] GC(64) Old regions: 5->5
[22.239s][info][gc,heap        ] GC(64) Archive regions: 0->0
[22.239s][info][gc,heap        ] GC(64) Humongous regions: 0->0
[22.240s][info][gc,metaspace   ] GC(64) Metaspace: 8599K(8832K)->8599K(8832K) NonClass: 7446K(7552K)->7446K(7552K) Class: 1153K(1280K)->1153K(1280K)
[22.240s][info][gc             ] GC(64) Pause Young (Normal) (G1 Evacuation Pause) 679M->10M(1168M) 9.512ms
[22.240s][info][gc,cpu         ] GC(64) User=0.02s Sys=0.00s Real=0.02s
[22.601s][info][gc,start       ] GC(65) Pause Young (Normal) (G1 Evacuation Pause)
[22.601s][info][gc,task        ] GC(65) Using 28 workers of 33 for evacuation
[22.607s][info][gc,phases      ] GC(65)   Pre Evacuate Collection Set: 0.1ms
[22.607s][info][gc,phases      ] GC(65)   Merge Heap Roots: 0.1ms
[22.607s][info][gc,phases      ] GC(65)   Evacuate Collection Set: 4.9ms
[22.607s][info][gc,phases      ] GC(65)   Post Evacuate Collection Set: 0.5ms
[22.607s][info][gc,phases      ] GC(65)   Other: 0.1ms
[22.607s][info][gc,heap        ] GC(65) Eden regions: 42->0(42)
[22.607s][info][gc,heap        ] GC(65) Survivor regions: 1->1(6)
[22.607s][info][gc,heap        ] GC(65) Old regions: 5->5
[22.607s][info][gc,heap        ] GC(65) Archive regions: 0->0
[22.607s][info][gc,heap        ] GC(65) Humongous regions: 0->0
[22.607s][info][gc,metaspace   ] GC(65) Metaspace: 8599K(8832K)->8599K(8832K) NonClass: 7446K(7552K)->7446K(7552K) Class: 1153K(1280K)->1153K(1280K)
[22.607s][info][gc             ] GC(65) Pause Young (Normal) (G1 Evacuation Pause) 682M->12M(1168M) 6.362ms
[22.607s][info][gc,cpu         ] GC(65) User=0.03s Sys=0.00s Real=0.02s
[22.980s][info][gc,start       ] GC(66) Pause Young (Normal) (G1 Evacuation Pause)
[22.980s][info][gc,task        ] GC(66) Using 28 workers of 33 for evacuation
[22.986s][info][gc,phases      ] GC(66)   Pre Evacuate Collection Set: 0.1ms
[22.986s][info][gc,phases      ] GC(66)   Merge Heap Roots: 0.2ms
[22.986s][info][gc,phases      ] GC(66)   Evacuate Collection Set: 5.1ms
[22.986s][info][gc,phases      ] GC(66)   Post Evacuate Collection Set: 0.5ms
[22.986s][info][gc,phases      ] GC(66)   Other: 0.1ms
[22.986s][info][gc,heap        ] GC(66) Eden regions: 42->0(42)
[22.986s][info][gc,heap        ] GC(66) Survivor regions: 1->1(6)
[22.986s][info][gc,heap        ] GC(66) Old regions: 5->5
[22.986s][info][gc,heap        ] GC(66) Archive regions: 0->0
[22.986s][info][gc,heap        ] GC(66) Humongous regions: 0->0
[22.986s][info][gc,metaspace   ] GC(66) Metaspace: 8599K(8832K)->8599K(8832K) NonClass: 7446K(7552K)->7446K(7552K) Class: 1153K(1280K)->1153K(1280K)
[22.986s][info][gc             ] GC(66) Pause Young (Normal) (G1 Evacuation Pause) 684M->15M(1168M) 6.551ms
[22.986s][info][gc,cpu         ] GC(66) User=0.00s Sys=0.00s Real=0.00s
[23.384s][info][gc,start       ] GC(67) Pause Young (Normal) (G1 Evacuation Pause)
[23.384s][info][gc,task        ] GC(67) Using 28 workers of 33 for evacuation
[23.393s][info][gc,phases      ] GC(67)   Pre Evacuate Collection Set: 0.1ms
[23.393s][info][gc,phases      ] GC(67)   Merge Heap Roots: 0.1ms
[23.393s][info][gc,phases      ] GC(67)   Evacuate Collection Set: 5.3ms
[23.393s][info][gc,phases      ] GC(67)   Post Evacuate Collection Set: 2.7ms
[23.393s][info][gc,phases      ] GC(67)   Other: 0.1ms
[23.393s][info][gc,heap        ] GC(67) Eden regions: 42->0(54)
[23.393s][info][gc,heap        ] GC(67) Survivor regions: 1->1(6)
[23.393s][info][gc,heap        ] GC(67) Old regions: 5->5
[23.393s][info][gc,heap        ] GC(67) Archive regions: 0->0
[23.393s][info][gc,heap        ] GC(67) Humongous regions: 0->0
[23.393s][info][gc,metaspace   ] GC(67) Metaspace: 8599K(8832K)->8599K(8832K) NonClass: 7446K(7552K)->7446K(7552K) Class: 1153K(1280K)->1153K(1280K)
[23.393s][info][gc             ] GC(67) Pause Young (Normal) (G1 Evacuation Pause) 687M->18M(1472M) 9.047ms
[23.393s][info][gc,cpu         ] GC(67) User=0.44s Sys=0.00s Real=0.02s
[23.956s][info][gc,start       ] GC(68) Pause Young (Normal) (G1 Evacuation Pause)
[23.956s][info][gc,task        ] GC(68) Using 33 workers of 33 for evacuation
[23.961s][info][gc,phases      ] GC(68)   Pre Evacuate Collection Set: 0.2ms
[23.961s][info][gc,phases      ] GC(68)   Merge Heap Roots: 0.2ms
[23.961s][info][gc,phases      ] GC(68)   Evacuate Collection Set: 3.4ms
[23.961s][info][gc,phases      ] GC(68)   Post Evacuate Collection Set: 0.5ms
[23.961s][info][gc,phases      ] GC(68)   Other: 0.2ms
[23.961s][info][gc,heap        ] GC(68) Eden regions: 54->0(53)
[23.961s][info][gc,heap        ] GC(68) Survivor regions: 1->2(7)
[23.961s][info][gc,heap        ] GC(68) Old regions: 5->5
[23.961s][info][gc,heap        ] GC(68) Archive regions: 0->0
[23.961s][info][gc,heap        ] GC(68) Humongous regions: 0->0
[23.961s][info][gc,metaspace   ] GC(68) Metaspace: 8599K(8832K)->8599K(8832K) NonClass: 7446K(7552K)->7446K(7552K) Class: 1153K(1280K)->1153K(1280K)
[23.961s][info][gc             ] GC(68) Pause Young (Normal) (G1 Evacuation Pause) 882M->20M(1472M) 5.043ms
[23.961s][info][gc,cpu         ] GC(68) User=0.02s Sys=0.00s Real=0.02s
[24.425s][info][gc,start       ] GC(69) Pause Young (Normal) (G1 Evacuation Pause)
[24.425s][info][gc,task        ] GC(69) Using 33 workers of 33 for evacuation
[24.430s][info][gc,phases      ] GC(69)   Pre Evacuate Collection Set: 0.2ms
[24.430s][info][gc,phases      ] GC(69)   Merge Heap Roots: 0.2ms
[24.430s][info][gc,phases      ] GC(69)   Evacuate Collection Set: 4.2ms
[24.430s][info][gc,phases      ] GC(69)   Post Evacuate Collection Set: 0.6ms
[24.431s][info][gc,phases      ] GC(69)   Other: 0.1ms
[24.431s][info][gc,heap        ] GC(69) Eden regions: 53->0(53)
[24.431s][info][gc,heap        ] GC(69) Survivor regions: 2->2(7)
[24.431s][info][gc,heap        ] GC(69) Old regions: 5->5
[24.431s][info][gc,heap        ] GC(69) Archive regions: 0->0
[24.431s][info][gc,heap        ] GC(69) Humongous regions: 0->0
[24.431s][info][gc,metaspace   ] GC(69) Metaspace: 8599K(8832K)->8599K(8832K) NonClass: 7446K(7552K)->7446K(7552K) Class: 1153K(1280K)->1153K(1280K)
[24.431s][info][gc             ] GC(69) Pause Young (Normal) (G1 Evacuation Pause) 868M->24M(1472M) 5.795ms
[24.431s][info][gc,cpu         ] GC(69) User=0.00s Sys=0.00s Real=0.00s
[25.215s][info][gc,start       ] GC(70) Pause Full (System.gc())
[25.215s][info][gc,task        ] GC(70) Using 8 workers of 33 for full compaction
[25.215s][info][gc,phases,start] GC(70) Phase 1: Mark live objects
[25.220s][info][gc,phases      ] GC(70) Phase 1: Mark live objects 4.277ms
[25.220s][info][gc,phases,start] GC(70) Phase 2: Prepare compaction
[25.222s][info][gc,phases      ] GC(70) Phase 2: Prepare compaction 2.305ms
[25.222s][info][gc,phases,start] GC(70) Phase 3: Adjust pointers
[25.225s][info][gc,phases      ] GC(70) Phase 3: Adjust pointers 2.671ms
[25.225s][info][gc,phases,start] GC(70) Phase 4: Compact heap
[25.226s][info][gc,phases      ] GC(70) Phase 4: Compact heap 1.629ms
[25.231s][info][gc,heap        ] GC(70) Eden regions: 49->0(10)
[25.231s][info][gc,heap        ] GC(70) Survivor regions: 2->0(7)
[25.231s][info][gc,heap        ] GC(70) Old regions: 5->5
[25.231s][info][gc,heap        ] GC(70) Archive regions: 0->0
[25.231s][info][gc,heap        ] GC(70) Humongous regions: 0->0
[25.231s][info][gc,metaspace   ] GC(70) Metaspace: 8599K(8832K)->8599K(8832K) NonClass: 7446K(7552K)->7446K(7552K) Class: 1153K(1280K)->1153K(1280K)
[25.232s][info][gc             ] GC(70) Pause Full (System.gc()) 808M->3M(272M) 16.831ms
[25.232s][info][gc,cpu         ] GC(70) User=0.03s Sys=0.00s Real=0.02s
[25.327s][info][gc,start       ] GC(71) Pause Young (Normal) (G1 Evacuation Pause)
[25.327s][info][gc,task        ] GC(71) Using 7 workers of 33 for evacuation
[25.328s][info][gc,phases      ] GC(71)   Pre Evacuate Collection Set: 0.1ms
[25.328s][info][gc,phases      ] GC(71)   Merge Heap Roots: 0.1ms
[25.328s][info][gc,phases      ] GC(71)   Evacuate Collection Set: 0.6ms
[25.328s][info][gc,phases      ] GC(71)   Post Evacuate Collection Set: 0.2ms
[25.328s][info][gc,phases      ] GC(71)   Other: 0.1ms
[25.328s][info][gc,heap        ] GC(71) Eden regions: 10->0(9)
[25.328s][info][gc,heap        ] GC(71) Survivor regions: 0->1(2)
[25.328s][info][gc,heap        ] GC(71) Old regions: 5->5
[25.328s][info][gc,heap        ] GC(71) Archive regions: 0->0
[25.328s][info][gc,heap        ] GC(71) Humongous regions: 0->0
[25.328s][info][gc,metaspace   ] GC(71) Metaspace: 8599K(8832K)->8599K(8832K) NonClass: 7446K(7552K)->7446K(7552K) Class: 1153K(1280K)->1153K(1280K)
[25.328s][info][gc             ] GC(71) Pause Young (Normal) (G1 Evacuation Pause) 163M->6M(272M) 1.601ms
[25.328s][info][gc,cpu         ] GC(71) User=0.00s Sys=0.00s Real=0.00s
[25.402s][info][gc,start       ] GC(72) Pause Young (Normal) (G1 Evacuation Pause)
[25.402s][info][gc,task        ] GC(72) Using 6 workers of 33 for evacuation
[25.403s][info][gc,phases      ] GC(72)   Pre Evacuate Collection Set: 0.1ms
[25.403s][info][gc,phases      ] GC(72)   Merge Heap Roots: 0.1ms
[25.403s][info][gc,phases      ] GC(72)   Evacuate Collection Set: 1.0ms
[25.403s][info][gc,phases      ] GC(72)   Post Evacuate Collection Set: 0.2ms
[25.403s][info][gc,phases      ] GC(72)   Other: 0.1ms
[25.404s][info][gc,heap        ] GC(72) Eden regions: 9->0(9)
[25.404s][info][gc,heap        ] GC(72) Survivor regions: 1->1(2)
[25.404s][info][gc,heap        ] GC(72) Old regions: 5->5
[25.404s][info][gc,heap        ] GC(72) Archive regions: 0->0
[25.404s][info][gc,heap        ] GC(72) Humongous regions: 0->0
[25.404s][info][gc,metaspace   ] GC(72) Metaspace: 8599K(8832K)->8599K(8832K) NonClass: 7446K(7552K)->7446K(7552K) Class: 1153K(1280K)->1153K(1280K)
[25.404s][info][gc             ] GC(72) Pause Young (Normal) (G1 Evacuation Pause) 150M->4M(272M) 2.051ms
[25.404s][info][gc,cpu         ] GC(72) User=0.00s Sys=0.00s Real=0.00s
[25.477s][info][gc,start       ] GC(73) Pause Young (Normal) (G1 Evacuation Pause)
[25.477s][info][gc,task        ] GC(73) Using 6 workers of 33 for evacuation
[25.483s][info][gc,phases      ] GC(73)   Pre Evacuate Collection Set: 0.1ms
[25.483s][info][gc,phases      ] GC(73)   Merge Heap Roots: 0.1ms
[25.483s][info][gc,phases      ] GC(73)   Evacuate Collection Set: 1.1ms
[25.483s][info][gc,phases      ] GC(73)   Post Evacuate Collection Set: 4.6ms
[25.483s][info][gc,phases      ] GC(73)   Other: 0.1ms
[25.483s][info][gc,heap        ] GC(73) Eden regions: 9->0(42)
[25.483s][info][gc,heap        ] GC(73) Survivor regions: 1->1(2)
[25.484s][info][gc,heap        ] GC(73) Old regions: 5->5
[25.484s][info][gc,heap        ] GC(73) Archive regions: 0->0
[25.484s][info][gc,heap        ] GC(73) Humongous regions: 0->0
[25.484s][info][gc,metaspace   ] GC(73) Metaspace: 8599K(8832K)->8599K(8832K) NonClass: 7446K(7552K)->7446K(7552K) Class: 1153K(1280K)->1153K(1280K)
[25.484s][info][gc             ] GC(73) Pause Young (Normal) (G1 Evacuation Pause) 148M->5M(1168M) 6.465ms
[25.484s][info][gc,cpu         ] GC(73) User=0.09s Sys=0.00s Real=0.02s
[25.895s][info][gc,start       ] GC(74) Pause Young (Normal) (G1 Evacuation Pause)
[25.896s][info][gc,task        ] GC(74) Using 28 workers of 33 for evacuation
[25.901s][info][gc,phases      ] GC(74)   Pre Evacuate Collection Set: 0.1ms
[25.901s][info][gc,phases      ] GC(74)   Merge Heap Roots: 0.2ms
[25.901s][info][gc,phases      ] GC(74)   Evacuate Collection Set: 4.2ms
[25.901s][info][gc,phases      ] GC(74)   Post Evacuate Collection Set: 0.5ms
[25.901s][info][gc,phases      ] GC(74)   Other: 0.1ms
[25.901s][info][gc,heap        ] GC(74) Eden regions: 42->0(42)
[25.901s][info][gc,heap        ] GC(74) Survivor regions: 1->1(6)
[25.901s][info][gc,heap        ] GC(74) Old regions: 5->5
[25.901s][info][gc,heap        ] GC(74) Archive regions: 0->0
[25.901s][info][gc,heap        ] GC(74) Humongous regions: 0->0
[25.901s][info][gc,metaspace   ] GC(74) Metaspace: 8599K(8832K)->8599K(8832K) NonClass: 7446K(7552K)->7446K(7552K) Class: 1153K(1280K)->1153K(1280K)
[25.901s][info][gc             ] GC(74) Pause Young (Normal) (G1 Evacuation Pause) 677M->7M(1168M) 5.612ms
[25.901s][info][gc,cpu         ] GC(74) User=0.00s Sys=0.00s Real=0.00s
[26.268s][info][gc,start       ] GC(75) Pause Young (Normal) (G1 Evacuation Pause)
[26.268s][info][gc,task        ] GC(75) Using 28 workers of 33 for evacuation
[26.274s][info][gc,phases      ] GC(75)   Pre Evacuate Collection Set: 0.1ms
[26.287s][info][gc,phases      ] GC(75)   Merge Heap Roots: 0.1ms
[26.287s][info][gc,phases      ] GC(75)   Evacuate Collection Set: 5.1ms
[26.287s][info][gc,phases      ] GC(75)   Post Evacuate Collection Set: 0.5ms
[26.287s][info][gc,phases      ] GC(75)   Other: 0.1ms
[26.287s][info][gc,heap        ] GC(75) Eden regions: 42->0(42)
[26.287s][info][gc,heap        ] GC(75) Survivor regions: 1->1(6)
[26.287s][info][gc,heap        ] GC(75) Old regions: 5->5
[26.287s][info][gc,heap        ] GC(75) Archive regions: 0->0
[26.287s][info][gc,heap        ] GC(75) Humongous regions: 0->0
[26.287s][info][gc,metaspace   ] GC(75) Metaspace: 8599K(8832K)->8599K(8832K) NonClass: 7446K(7552K)->7446K(7552K) Class: 1153K(1280K)->1153K(1280K)
[26.287s][info][gc             ] GC(75) Pause Young (Normal) (G1 Evacuation Pause) 679M->10M(1168M) 19.640ms
[26.287s][info][gc,cpu         ] GC(75) User=0.11s Sys=0.16s Real=0.02s
[26.636s][info][gc,start       ] GC(76) Pause Young (Normal) (G1 Evacuation Pause)
[26.636s][info][gc,task        ] GC(76) Using 28 workers of 33 for evacuation
[26.642s][info][gc,phases      ] GC(76)   Pre Evacuate Collection Set: 0.1ms
[26.642s][info][gc,phases      ] GC(76)   Merge Heap Roots: 0.2ms
[26.642s][info][gc,phases      ] GC(76)   Evacuate Collection Set: 5.0ms
[26.642s][info][gc,phases      ] GC(76)   Post Evacuate Collection Set: 0.5ms
[26.642s][info][gc,phases      ] GC(76)   Other: 0.1ms
[26.642s][info][gc,heap        ] GC(76) Eden regions: 42->0(42)
[26.642s][info][gc,heap        ] GC(76) Survivor regions: 1->1(6)
[26.642s][info][gc,heap        ] GC(76) Old regions: 5->5
[26.642s][info][gc,heap        ] GC(76) Archive regions: 0->0
[26.642s][info][gc,heap        ] GC(76) Humongous regions: 0->0
[26.642s][info][gc,metaspace   ] GC(76) Metaspace: 8599K(8832K)->8599K(8832K) NonClass: 7446K(7552K)->7446K(7552K) Class: 1153K(1280K)->1153K(1280K)
[26.642s][info][gc             ] GC(76) Pause Young (Normal) (G1 Evacuation Pause) 682M->12M(1168M) 6.473ms
[26.643s][info][gc,cpu         ] GC(76) User=0.00s Sys=0.00s Real=0.00s
[27.032s][info][gc,start       ] GC(77) Pause Young (Normal) (G1 Evacuation Pause)
[27.032s][info][gc,task        ] GC(77) Using 28 workers of 33 for evacuation
[27.040s][info][gc,phases      ] GC(77)   Pre Evacuate Collection Set: 0.1ms
[27.040s][info][gc,phases      ] GC(77)   Merge Heap Roots: 0.2ms
[27.040s][info][gc,phases      ] GC(77)   Evacuate Collection Set: 5.4ms
[27.040s][info][gc,phases      ] GC(77)   Post Evacuate Collection Set: 2.7ms
[27.041s][info][gc,phases      ] GC(77)   Other: 0.1ms
[27.041s][info][gc,heap        ] GC(77) Eden regions: 42->0(54)
[27.041s][info][gc,heap        ] GC(77) Survivor regions: 1->1(6)
[27.041s][info][gc,heap        ] GC(77) Old regions: 5->5
[27.041s][info][gc,heap        ] GC(77) Archive regions: 0->0
[27.041s][info][gc,heap        ] GC(77) Humongous regions: 0->0
[27.041s][info][gc,metaspace   ] GC(77) Metaspace: 8599K(8832K)->8599K(8832K) NonClass: 7446K(7552K)->7446K(7552K) Class: 1153K(1280K)->1153K(1280K)
[27.041s][info][gc             ] GC(77) Pause Young (Normal) (G1 Evacuation Pause) 684M->15M(1472M) 9.061ms
[27.041s][info][gc,cpu         ] GC(77) User=0.11s Sys=0.33s Real=0.01s
[27.647s][info][gc,start       ] GC(78) Pause Young (Normal) (G1 Evacuation Pause)
[27.647s][info][gc,task        ] GC(78) Using 33 workers of 33 for evacuation
[27.651s][info][gc,phases      ] GC(78)   Pre Evacuate Collection Set: 0.2ms
[27.652s][info][gc,phases      ] GC(78)   Merge Heap Roots: 0.2ms
[27.652s][info][gc,phases      ] GC(78)   Evacuate Collection Set: 3.7ms
[27.652s][info][gc,phases      ] GC(78)   Post Evacuate Collection Set: 0.6ms
[27.652s][info][gc,phases      ] GC(78)   Other: 0.1ms
[27.652s][info][gc,heap        ] GC(78) Eden regions: 54->0(54)
[27.652s][info][gc,heap        ] GC(78) Survivor regions: 1->1(7)
[27.652s][info][gc,heap        ] GC(78) Old regions: 5->5
[27.652s][info][gc,heap        ] GC(78) Archive regions: 0->0
[27.652s][info][gc,heap        ] GC(78) Humongous regions: 0->0
[27.652s][info][gc,metaspace   ] GC(78) Metaspace: 8599K(8832K)->8599K(8832K) NonClass: 7446K(7552K)->7446K(7552K) Class: 1153K(1280K)->1153K(1280K)
[27.652s][info][gc             ] GC(78) Pause Young (Normal) (G1 Evacuation Pause) 879M->18M(1472M) 5.239ms
[27.652s][info][gc,cpu         ] GC(78) User=0.52s Sys=0.00s Real=0.01s
[28.101s][info][gc,start       ] GC(79) Pause Young (Normal) (G1 Evacuation Pause)
[28.101s][info][gc,task        ] GC(79) Using 33 workers of 33 for evacuation
[28.106s][info][gc,phases      ] GC(79)   Pre Evacuate Collection Set: 0.2ms
[28.106s][info][gc,phases      ] GC(79)   Merge Heap Roots: 0.2ms
[28.106s][info][gc,phases      ] GC(79)   Evacuate Collection Set: 3.6ms
[28.106s][info][gc,phases      ] GC(79)   Post Evacuate Collection Set: 0.5ms
[28.106s][info][gc,phases      ] GC(79)   Other: 0.1ms
[28.106s][info][gc,heap        ] GC(79) Eden regions: 54->0(53)
[28.106s][info][gc,heap        ] GC(79) Survivor regions: 1->2(7)
[28.106s][info][gc,heap        ] GC(79) Old regions: 5->5
[28.106s][info][gc,heap        ] GC(79) Archive regions: 0->0
[28.106s][info][gc,heap        ] GC(79) Humongous regions: 0->0
[28.106s][info][gc,metaspace   ] GC(79) Metaspace: 8599K(8832K)->8599K(8832K) NonClass: 7446K(7552K)->7446K(7552K) Class: 1153K(1280K)->1153K(1280K)
[28.106s][info][gc             ] GC(79) Pause Young (Normal) (G1 Evacuation Pause) 882M->21M(1472M) 5.137ms
[28.106s][info][gc,cpu         ] GC(79) User=0.00s Sys=0.00s Real=0.01s
[28.565s][info][gc,start       ] GC(80) Pause Young (Normal) (G1 Evacuation Pause)
[28.565s][info][gc,task        ] GC(80) Using 33 workers of 33 for evacuation
[28.570s][info][gc,phases      ] GC(80)   Pre Evacuate Collection Set: 0.2ms
[28.570s][info][gc,phases      ] GC(80)   Merge Heap Roots: 0.2ms
[28.570s][info][gc,phases      ] GC(80)   Evacuate Collection Set: 4.2ms
[28.570s][info][gc,phases      ] GC(80)   Post Evacuate Collection Set: 0.5ms
[28.570s][info][gc,phases      ] GC(80)   Other: 0.1ms
[28.570s][info][gc,heap        ] GC(80) Eden regions: 53->0(53)
[28.570s][info][gc,heap        ] GC(80) Survivor regions: 2->2(7)
[28.570s][info][gc,heap        ] GC(80) Old regions: 5->5
[28.570s][info][gc,heap        ] GC(80) Archive regions: 0->0
[28.570s][info][gc,heap        ] GC(80) Humongous regions: 0->0
[28.570s][info][gc,metaspace   ] GC(80) Metaspace: 8599K(8832K)->8599K(8832K) NonClass: 7446K(7552K)->7446K(7552K) Class: 1153K(1280K)->1153K(1280K)
[28.571s][info][gc             ] GC(80) Pause Young (Normal) (G1 Evacuation Pause) 869M->24M(1472M) 5.717ms
[28.571s][info][gc,cpu         ] GC(80) User=0.52s Sys=0.00s Real=0.02s
[29.229s][info][gc,start       ] GC(81) Pause Full (System.gc())
[29.229s][info][gc,task        ] GC(81) Using 8 workers of 33 for full compaction
[29.230s][info][gc,phases,start] GC(81) Phase 1: Mark live objects
[29.233s][info][gc,phases      ] GC(81) Phase 1: Mark live objects 3.409ms
[29.236s][info][gc,phases,start] GC(81) Phase 2: Prepare compaction
[29.238s][info][gc,phases      ] GC(81) Phase 2: Prepare compaction 1.949ms
[29.238s][info][gc,phases,start] GC(81) Phase 3: Adjust pointers
[29.240s][info][gc,phases      ] GC(81) Phase 3: Adjust pointers 2.637ms
[29.240s][info][gc,phases,start] GC(81) Phase 4: Compact heap
[29.242s][info][gc,phases      ] GC(81) Phase 4: Compact heap 1.564ms
[29.248s][info][gc,heap        ] GC(81) Eden regions: 37->0(10)
[29.248s][info][gc,heap        ] GC(81) Survivor regions: 2->0(7)
[29.248s][info][gc,heap        ] GC(81) Old regions: 5->5
[29.248s][info][gc,heap        ] GC(81) Archive regions: 0->0
[29.248s][info][gc,heap        ] GC(81) Humongous regions: 0->0
[29.248s][info][gc,metaspace   ] GC(81) Metaspace: 8600K(8832K)->8600K(8832K) NonClass: 7447K(7552K)->7447K(7552K) Class: 1153K(1280K)->1153K(1280K)
[29.248s][info][gc             ] GC(81) Pause Full (System.gc()) 616M->3M(272M) 19.079ms
[29.248s][info][gc,cpu         ] GC(81) User=0.13s Sys=0.02s Real=0.03s
[29.344s][info][gc,start       ] GC(82) Pause Young (Normal) (G1 Evacuation Pause)
[29.344s][info][gc,task        ] GC(82) Using 7 workers of 33 for evacuation
[29.345s][info][gc,phases      ] GC(82)   Pre Evacuate Collection Set: 0.1ms
[29.345s][info][gc,phases      ] GC(82)   Merge Heap Roots: 0.1ms
[29.345s][info][gc,phases      ] GC(82)   Evacuate Collection Set: 0.6ms
[29.345s][info][gc,phases      ] GC(82)   Post Evacuate Collection Set: 0.2ms
[29.345s][info][gc,phases      ] GC(82)   Other: 0.1ms
[29.345s][info][gc,heap        ] GC(82) Eden regions: 10->0(9)
[29.346s][info][gc,heap        ] GC(82) Survivor regions: 0->1(2)
[29.346s][info][gc,heap        ] GC(82) Old regions: 5->5
[29.346s][info][gc,heap        ] GC(82) Archive regions: 0->0
[29.346s][info][gc,heap        ] GC(82) Humongous regions: 0->0
[29.346s][info][gc,metaspace   ] GC(82) Metaspace: 8603K(8832K)->8603K(8832K) NonClass: 7449K(7552K)->7449K(7552K) Class: 1153K(1280K)->1153K(1280K)
[29.346s][info][gc             ] GC(82) Pause Young (Normal) (G1 Evacuation Pause) 163M->6M(272M) 1.601ms
[29.346s][info][gc,cpu         ] GC(82) User=0.00s Sys=0.00s Real=0.00s
[29.431s][info][gc,start       ] GC(83) Pause Young (Normal) (G1 Evacuation Pause)
[29.431s][info][gc,task        ] GC(83) Using 6 workers of 33 for evacuation
[29.433s][info][gc,phases      ] GC(83)   Pre Evacuate Collection Set: 0.1ms
[29.433s][info][gc,phases      ] GC(83)   Merge Heap Roots: 0.1ms
[29.433s][info][gc,phases      ] GC(83)   Evacuate Collection Set: 0.8ms
[29.433s][info][gc,phases      ] GC(83)   Post Evacuate Collection Set: 0.2ms
[29.433s][info][gc,phases      ] GC(83)   Other: 0.1ms
[29.433s][info][gc,heap        ] GC(83) Eden regions: 9->0(9)
[29.433s][info][gc,heap        ] GC(83) Survivor regions: 1->1(2)
[29.433s][info][gc,heap        ] GC(83) Old regions: 5->5
[29.433s][info][gc,heap        ] GC(83) Archive regions: 0->0
[29.433s][info][gc,heap        ] GC(83) Humongous regions: 0->0
[29.433s][info][gc,metaspace   ] GC(83) Metaspace: 8603K(8832K)->8603K(8832K) NonClass: 7449K(7552K)->7449K(7552K) Class: 1153K(1280K)->1153K(1280K)
[29.433s][info][gc             ] GC(83) Pause Young (Normal) (G1 Evacuation Pause) 150M->4M(272M) 1.464ms
[29.433s][info][gc,cpu         ] GC(83) User=0.00s Sys=0.00s Real=0.00s
[29.522s][info][gc,start       ] GC(84) Pause Young (Normal) (G1 Evacuation Pause)
[29.522s][info][gc,task        ] GC(84) Using 6 workers of 33 for evacuation
[29.529s][info][gc,phases      ] GC(84)   Pre Evacuate Collection Set: 0.0ms
[29.529s][info][gc,phases      ] GC(84)   Merge Heap Roots: 0.1ms
[29.529s][info][gc,phases      ] GC(84)   Evacuate Collection Set: 1.5ms
[29.529s][info][gc,phases      ] GC(84)   Post Evacuate Collection Set: 5.0ms
[29.529s][info][gc,phases      ] GC(84)   Other: 0.1ms
[29.529s][info][gc,heap        ] GC(84) Eden regions: 9->0(42)
[29.529s][info][gc,heap        ] GC(84) Survivor regions: 1->1(2)
[29.529s][info][gc,heap        ] GC(84) Old regions: 5->5
[29.529s][info][gc,heap        ] GC(84) Archive regions: 0->0
[29.529s][info][gc,heap        ] GC(84) Humongous regions: 0->0
[29.529s][info][gc,metaspace   ] GC(84) Metaspace: 8603K(8832K)->8603K(8832K) NonClass: 7449K(7552K)->7449K(7552K) Class: 1153K(1280K)->1153K(1280K)
[29.529s][info][gc             ] GC(84) Pause Young (Normal) (G1 Evacuation Pause) 148M->5M(1168M) 7.193ms
[29.529s][info][gc,cpu         ] GC(84) User=0.00s Sys=0.00s Real=0.00s
[29.970s][info][gc,start       ] GC(85) Pause Young (Normal) (G1 Evacuation Pause)
[29.970s][info][gc,task        ] GC(85) Using 28 workers of 33 for evacuation
[29.974s][info][gc,phases      ] GC(85)   Pre Evacuate Collection Set: 0.1ms
[29.974s][info][gc,phases      ] GC(85)   Merge Heap Roots: 0.2ms
[29.975s][info][gc,phases      ] GC(85)   Evacuate Collection Set: 3.5ms
[29.975s][info][gc,phases      ] GC(85)   Post Evacuate Collection Set: 0.5ms
[29.975s][info][gc,phases      ] GC(85)   Other: 0.1ms
[29.975s][info][gc,heap        ] GC(85) Eden regions: 42->0(42)
[29.975s][info][gc,heap        ] GC(85) Survivor regions: 1->1(6)
[29.975s][info][gc,heap        ] GC(85) Old regions: 5->5
[29.975s][info][gc,heap        ] GC(85) Archive regions: 0->0
[29.975s][info][gc,heap        ] GC(85) Humongous regions: 0->0
[29.975s][info][gc,metaspace   ] GC(85) Metaspace: 8603K(8832K)->8603K(8832K) NonClass: 7449K(7552K)->7449K(7552K) Class: 1153K(1280K)->1153K(1280K)
[29.975s][info][gc             ] GC(85) Pause Young (Normal) (G1 Evacuation Pause) 677M->7M(1168M) 4.855ms
[29.975s][info][gc,cpu         ] GC(85) User=0.00s Sys=0.00s Real=0.00s
[30.349s][info][gc,start       ] GC(86) Pause Young (Normal) (G1 Evacuation Pause)
[30.349s][info][gc,task        ] GC(86) Using 28 workers of 33 for evacuation
[30.356s][info][gc,phases      ] GC(86)   Pre Evacuate Collection Set: 0.1ms
[30.356s][info][gc,phases      ] GC(86)   Merge Heap Roots: 0.2ms
[30.356s][info][gc,phases      ] GC(86)   Evacuate Collection Set: 5.9ms
[30.356s][info][gc,phases      ] GC(86)   Post Evacuate Collection Set: 0.5ms
[30.356s][info][gc,phases      ] GC(86)   Other: 0.1ms
[30.356s][info][gc,heap        ] GC(86) Eden regions: 42->0(42)
[30.356s][info][gc,heap        ] GC(86) Survivor regions: 1->1(6)
[30.356s][info][gc,heap        ] GC(86) Old regions: 5->5
[30.356s][info][gc,heap        ] GC(86) Archive regions: 0->0
[30.356s][info][gc,heap        ] GC(86) Humongous regions: 0->0
[30.356s][info][gc,metaspace   ] GC(86) Metaspace: 8603K(8832K)->8603K(8832K) NonClass: 7449K(7552K)->7449K(7552K) Class: 1153K(1280K)->1153K(1280K)
[30.356s][info][gc             ] GC(86) Pause Young (Normal) (G1 Evacuation Pause) 679M->10M(1168M) 7.393ms
[30.356s][info][gc,cpu         ] GC(86) User=0.00s Sys=0.00s Real=0.01s
[30.716s][info][gc,start       ] GC(87) Pause Young (Normal) (G1 Evacuation Pause)
[30.717s][info][gc,task        ] GC(87) Using 28 workers of 33 for evacuation
[30.723s][info][gc,phases      ] GC(87)   Pre Evacuate Collection Set: 0.1ms
[30.723s][info][gc,phases      ] GC(87)   Merge Heap Roots: 0.2ms
[30.723s][info][gc,phases      ] GC(87)   Evacuate Collection Set: 5.1ms
[30.723s][info][gc,phases      ] GC(87)   Post Evacuate Collection Set: 0.5ms
[30.723s][info][gc,phases      ] GC(87)   Other: 0.1ms
[30.723s][info][gc,heap        ] GC(87) Eden regions: 42->0(42)
[30.723s][info][gc,heap        ] GC(87) Survivor regions: 1->1(6)
[30.723s][info][gc,heap        ] GC(87) Old regions: 5->5
[30.723s][info][gc,heap        ] GC(87) Archive regions: 0->0
[30.723s][info][gc,heap        ] GC(87) Humongous regions: 0->0
[30.723s][info][gc,metaspace   ] GC(87) Metaspace: 8603K(8832K)->8603K(8832K) NonClass: 7449K(7552K)->7449K(7552K) Class: 1153K(1280K)->1153K(1280K)
[30.723s][info][gc             ] GC(87) Pause Young (Normal) (G1 Evacuation Pause) 682M->12M(1168M) 6.475ms
[30.723s][info][gc,cpu         ] GC(87) User=0.00s Sys=0.00s Real=0.00s
[31.096s][info][gc,start       ] GC(88) Pause Young (Normal) (G1 Evacuation Pause)
[31.096s][info][gc,task        ] GC(88) Using 28 workers of 33 for evacuation
[31.103s][info][gc,phases      ] GC(88)   Pre Evacuate Collection Set: 0.1ms
[31.103s][info][gc,phases      ] GC(88)   Merge Heap Roots: 0.1ms
[31.103s][info][gc,phases      ] GC(88)   Evacuate Collection Set: 5.5ms
[31.103s][info][gc,phases      ] GC(88)   Post Evacuate Collection Set: 0.5ms
[31.103s][info][gc,phases      ] GC(88)   Other: 0.1ms
[31.103s][info][gc,heap        ] GC(88) Eden regions: 42->0(42)
[31.103s][info][gc,heap        ] GC(88) Survivor regions: 1->1(6)
[31.103s][info][gc,heap        ] GC(88) Old regions: 5->5
[31.103s][info][gc,heap        ] GC(88) Archive regions: 0->0
[31.103s][info][gc,heap        ] GC(88) Humongous regions: 0->0
[31.103s][info][gc,metaspace   ] GC(88) Metaspace: 8603K(8832K)->8603K(8832K) NonClass: 7449K(7552K)->7449K(7552K) Class: 1153K(1280K)->1153K(1280K)
[31.103s][info][gc             ] GC(88) Pause Young (Normal) (G1 Evacuation Pause) 684M->15M(1168M) 6.887ms
[31.103s][info][gc,cpu         ] GC(88) User=0.44s Sys=0.00s Real=0.02s
[31.497s][info][gc,start       ] GC(89) Pause Young (Normal) (G1 Evacuation Pause)
[31.498s][info][gc,task        ] GC(89) Using 28 workers of 33 for evacuation
[31.506s][info][gc,phases      ] GC(89)   Pre Evacuate Collection Set: 0.1ms
[31.506s][info][gc,phases      ] GC(89)   Merge Heap Roots: 0.2ms
[31.506s][info][gc,phases      ] GC(89)   Evacuate Collection Set: 5.3ms
[31.506s][info][gc,phases      ] GC(89)   Post Evacuate Collection Set: 2.6ms
[31.506s][info][gc,phases      ] GC(89)   Other: 0.1ms
[31.506s][info][gc,heap        ] GC(89) Eden regions: 42->0(54)
[31.506s][info][gc,heap        ] GC(89) Survivor regions: 1->1(6)
[31.506s][info][gc,heap        ] GC(89) Old regions: 5->5
[31.506s][info][gc,heap        ] GC(89) Archive regions: 0->0
[31.506s][info][gc,heap        ] GC(89) Humongous regions: 0->0
[31.506s][info][gc,metaspace   ] GC(89) Metaspace: 8603K(8832K)->8603K(8832K) NonClass: 7449K(7552K)->7449K(7552K) Class: 1153K(1280K)->1153K(1280K)
[31.506s][info][gc             ] GC(89) Pause Young (Normal) (G1 Evacuation Pause) 687M->17M(1472M) 8.870ms
[31.506s][info][gc,cpu         ] GC(89) User=0.00s Sys=0.00s Real=0.00s
[32.088s][info][gc,start       ] GC(90) Pause Young (Normal) (G1 Evacuation Pause)
[32.088s][info][gc,task        ] GC(90) Using 33 workers of 33 for evacuation
[32.092s][info][gc,phases      ] GC(90)   Pre Evacuate Collection Set: 0.2ms
[32.092s][info][gc,phases      ] GC(90)   Merge Heap Roots: 0.2ms
[32.092s][info][gc,phases      ] GC(90)   Evacuate Collection Set: 3.5ms
[32.093s][info][gc,phases      ] GC(90)   Post Evacuate Collection Set: 0.6ms
[32.093s][info][gc,phases      ] GC(90)   Other: 0.1ms
[32.093s][info][gc,heap        ] GC(90) Eden regions: 54->0(53)
[32.093s][info][gc,heap        ] GC(90) Survivor regions: 1->2(7)
[32.093s][info][gc,heap        ] GC(90) Old regions: 5->5
[32.093s][info][gc,heap        ] GC(90) Archive regions: 0->0
[32.093s][info][gc,heap        ] GC(90) Humongous regions: 0->0
[32.093s][info][gc,metaspace   ] GC(90) Metaspace: 8603K(8832K)->8603K(8832K) NonClass: 7449K(7552K)->7449K(7552K) Class: 1153K(1280K)->1153K(1280K)
[32.093s][info][gc             ] GC(90) Pause Young (Normal) (G1 Evacuation Pause) 881M->20M(1472M) 5.059ms
[32.093s][info][gc,cpu         ] GC(90) User=0.00s Sys=0.00s Real=0.01s
[32.569s][info][gc,start       ] GC(91) Pause Young (Normal) (G1 Evacuation Pause)
[32.569s][info][gc,task        ] GC(91) Using 33 workers of 33 for evacuation
[32.574s][info][gc,phases      ] GC(91)   Pre Evacuate Collection Set: 0.2ms
[32.574s][info][gc,phases      ] GC(91)   Merge Heap Roots: 0.2ms
[32.574s][info][gc,phases      ] GC(91)   Evacuate Collection Set: 4.3ms
[32.574s][info][gc,phases      ] GC(91)   Post Evacuate Collection Set: 0.5ms
[32.574s][info][gc,phases      ] GC(91)   Other: 0.1ms
[32.574s][info][gc,heap        ] GC(91) Eden regions: 53->0(53)
[32.574s][info][gc,heap        ] GC(91) Survivor regions: 2->2(7)
[32.574s][info][gc,heap        ] GC(91) Old regions: 5->5
[32.574s][info][gc,heap        ] GC(91) Archive regions: 0->0
[32.574s][info][gc,heap        ] GC(91) Humongous regions: 0->0
[32.574s][info][gc,metaspace   ] GC(91) Metaspace: 8603K(8832K)->8603K(8832K) NonClass: 7449K(7552K)->7449K(7552K) Class: 1153K(1280K)->1153K(1280K)
[32.574s][info][gc             ] GC(91) Pause Young (Normal) (G1 Evacuation Pause) 868M->23M(1472M) 5.840ms
[32.574s][info][gc,cpu         ] GC(91) User=0.00s Sys=0.00s Real=0.00s
[33.353s][info][gc,start       ] GC(92) Pause Full (System.gc())
[33.353s][info][gc,task        ] GC(92) Using 8 workers of 33 for full compaction
[33.353s][info][gc,phases,start] GC(92) Phase 1: Mark live objects
[33.357s][info][gc,phases      ] GC(92) Phase 1: Mark live objects 3.620ms
[33.357s][info][gc,phases,start] GC(92) Phase 2: Prepare compaction
[33.360s][info][gc,phases      ] GC(92) Phase 2: Prepare compaction 3.119ms
[33.360s][info][gc,phases,start] GC(92) Phase 3: Adjust pointers
[33.363s][info][gc,phases      ] GC(92) Phase 3: Adjust pointers 2.624ms
[33.363s][info][gc,phases,start] GC(92) Phase 4: Compact heap
[33.364s][info][gc,phases      ] GC(92) Phase 4: Compact heap 1.445ms
[33.369s][info][gc,heap        ] GC(92) Eden regions: 49->0(10)
[33.369s][info][gc,heap        ] GC(92) Survivor regions: 2->0(7)
[33.369s][info][gc,heap        ] GC(92) Old regions: 5->5
[33.369s][info][gc,heap        ] GC(92) Archive regions: 0->0
[33.369s][info][gc,heap        ] GC(92) Humongous regions: 0->0
[33.369s][info][gc,metaspace   ] GC(92) Metaspace: 8606K(8832K)->8606K(8832K) NonClass: 7452K(7552K)->7452K(7552K) Class: 1153K(1280K)->1153K(1280K)
[33.370s][info][gc             ] GC(92) Pause Full (System.gc()) 807M->3M(272M) 16.933ms
[33.370s][info][gc,cpu         ] GC(92) User=0.13s Sys=0.00s Real=0.02s
[33.464s][info][gc,start       ] GC(93) Pause Young (Normal) (G1 Evacuation Pause)
[33.464s][info][gc,task        ] GC(93) Using 7 workers of 33 for evacuation
[33.466s][info][gc,phases      ] GC(93)   Pre Evacuate Collection Set: 0.1ms
[33.466s][info][gc,phases      ] GC(93)   Merge Heap Roots: 0.1ms
[33.466s][info][gc,phases      ] GC(93)   Evacuate Collection Set: 1.3ms
[33.466s][info][gc,phases      ] GC(93)   Post Evacuate Collection Set: 0.2ms
[33.466s][info][gc,phases      ] GC(93)   Other: 0.1ms
[33.466s][info][gc,heap        ] GC(93) Eden regions: 10->0(9)
[33.466s][info][gc,heap        ] GC(93) Survivor regions: 0->1(2)
[33.466s][info][gc,heap        ] GC(93) Old regions: 5->5
[33.466s][info][gc,heap        ] GC(93) Archive regions: 0->0
[33.467s][info][gc,heap        ] GC(93) Humongous regions: 0->0
[33.467s][info][gc,metaspace   ] GC(93) Metaspace: 8608K(8832K)->8608K(8832K) NonClass: 7455K(7552K)->7455K(7552K) Class: 1153K(1280K)->1153K(1280K)
[33.467s][info][gc             ] GC(93) Pause Young (Normal) (G1 Evacuation Pause) 163M->6M(272M) 2.303ms
[33.467s][info][gc,cpu         ] GC(93) User=0.00s Sys=0.00s Real=0.00s
[33.557s][info][gc,start       ] GC(94) Pause Young (Normal) (G1 Evacuation Pause)
[33.557s][info][gc,task        ] GC(94) Using 6 workers of 33 for evacuation
[33.559s][info][gc,phases      ] GC(94)   Pre Evacuate Collection Set: 0.1ms
[33.559s][info][gc,phases      ] GC(94)   Merge Heap Roots: 0.1ms
[33.559s][info][gc,phases      ] GC(94)   Evacuate Collection Set: 1.0ms
[33.559s][info][gc,phases      ] GC(94)   Post Evacuate Collection Set: 0.3ms
[33.559s][info][gc,phases      ] GC(94)   Other: 0.1ms
[33.559s][info][gc,heap        ] GC(94) Eden regions: 9->0(9)
[33.559s][info][gc,heap        ] GC(94) Survivor regions: 1->1(2)
[33.559s][info][gc,heap        ] GC(94) Old regions: 5->5
[33.559s][info][gc,heap        ] GC(94) Archive regions: 0->0
[33.559s][info][gc,heap        ] GC(94) Humongous regions: 0->0
[33.559s][info][gc,metaspace   ] GC(94) Metaspace: 8608K(8832K)->8608K(8832K) NonClass: 7455K(7552K)->7455K(7552K) Class: 1153K(1280K)->1153K(1280K)
[33.559s][info][gc             ] GC(94) Pause Young (Normal) (G1 Evacuation Pause) 150M->4M(272M) 2.045ms
[33.559s][info][gc,cpu         ] GC(94) User=0.00s Sys=0.00s Real=0.00s
[33.643s][info][gc,start       ] GC(95) Pause Young (Normal) (G1 Evacuation Pause)
[33.643s][info][gc,task        ] GC(95) Using 6 workers of 33 for evacuation
[33.650s][info][gc,phases      ] GC(95)   Pre Evacuate Collection Set: 0.1ms
[33.650s][info][gc,phases      ] GC(95)   Merge Heap Roots: 0.1ms
[33.650s][info][gc,phases      ] GC(95)   Evacuate Collection Set: 1.0ms
[33.650s][info][gc,phases      ] GC(95)   Post Evacuate Collection Set: 5.5ms
[33.650s][info][gc,phases      ] GC(95)   Other: 0.1ms
[33.650s][info][gc,heap        ] GC(95) Eden regions: 9->0(42)
[33.650s][info][gc,heap        ] GC(95) Survivor regions: 1->1(2)
[33.650s][info][gc,heap        ] GC(95) Old regions: 5->5
[33.650s][info][gc,heap        ] GC(95) Archive regions: 0->0
[33.650s][info][gc,heap        ] GC(95) Humongous regions: 0->0
[33.650s][info][gc,metaspace   ] GC(95) Metaspace: 8608K(8832K)->8608K(8832K) NonClass: 7455K(7552K)->7455K(7552K) Class: 1153K(1280K)->1153K(1280K)
[33.650s][info][gc             ] GC(95) Pause Young (Normal) (G1 Evacuation Pause) 148M->5M(1168M) 7.318ms
[33.650s][info][gc,cpu         ] GC(95) User=0.03s Sys=0.00s Real=0.01s
[34.128s][info][gc,start       ] GC(96) Pause Young (Normal) (G1 Evacuation Pause)
[34.128s][info][gc,task        ] GC(96) Using 28 workers of 33 for evacuation
[34.132s][info][gc,phases      ] GC(96)   Pre Evacuate Collection Set: 0.1ms
[34.132s][info][gc,phases      ] GC(96)   Merge Heap Roots: 0.2ms
[34.132s][info][gc,phases      ] GC(96)   Evacuate Collection Set: 3.4ms
[34.132s][info][gc,phases      ] GC(96)   Post Evacuate Collection Set: 0.5ms
[34.132s][info][gc,phases      ] GC(96)   Other: 0.1ms
[34.132s][info][gc,heap        ] GC(96) Eden regions: 42->0(42)
[34.132s][info][gc,heap        ] GC(96) Survivor regions: 1->1(6)
[34.132s][info][gc,heap        ] GC(96) Old regions: 5->5
[34.133s][info][gc,heap        ] GC(96) Archive regions: 0->0
[34.133s][info][gc,heap        ] GC(96) Humongous regions: 0->0
[34.133s][info][gc,metaspace   ] GC(96) Metaspace: 8608K(8832K)->8608K(8832K) NonClass: 7455K(7552K)->7455K(7552K) Class: 1153K(1280K)->1153K(1280K)
[34.133s][info][gc             ] GC(96) Pause Young (Normal) (G1 Evacuation Pause) 677M->7M(1168M) 4.837ms
[34.133s][info][gc,cpu         ] GC(96) User=0.19s Sys=0.25s Real=0.00s
[34.505s][info][gc,start       ] GC(97) Pause Young (Normal) (G1 Evacuation Pause)
[34.505s][info][gc,task        ] GC(97) Using 28 workers of 33 for evacuation
[34.512s][info][gc,phases      ] GC(97)   Pre Evacuate Collection Set: 0.1ms
[34.512s][info][gc,phases      ] GC(97)   Merge Heap Roots: 0.2ms
[34.512s][info][gc,phases      ] GC(97)   Evacuate Collection Set: 6.2ms
[34.512s][info][gc,phases      ] GC(97)   Post Evacuate Collection Set: 0.5ms
[34.512s][info][gc,phases      ] GC(97)   Other: 0.1ms
[34.512s][info][gc,heap        ] GC(97) Eden regions: 42->0(42)
[34.512s][info][gc,heap        ] GC(97) Survivor regions: 1->1(6)
[34.512s][info][gc,heap        ] GC(97) Old regions: 5->5
[34.512s][info][gc,heap        ] GC(97) Archive regions: 0->0
[34.512s][info][gc,heap        ] GC(97) Humongous regions: 0->0
[34.512s][info][gc,metaspace   ] GC(97) Metaspace: 8608K(8832K)->8608K(8832K) NonClass: 7455K(7552K)->7455K(7552K) Class: 1153K(1280K)->1153K(1280K)
[34.512s][info][gc             ] GC(97) Pause Young (Normal) (G1 Evacuation Pause) 679M->10M(1168M) 7.652ms
[34.512s][info][gc,cpu         ] GC(97) User=0.09s Sys=0.02s Real=0.02s
[34.869s][info][gc,start       ] GC(98) Pause Young (Normal) (G1 Evacuation Pause)
[34.870s][info][gc,task        ] GC(98) Using 28 workers of 33 for evacuation
[34.875s][info][gc,phases      ] GC(98)   Pre Evacuate Collection Set: 0.1ms
[34.875s][info][gc,phases      ] GC(98)   Merge Heap Roots: 0.2ms
[34.875s][info][gc,phases      ] GC(98)   Evacuate Collection Set: 4.9ms
[34.876s][info][gc,phases      ] GC(98)   Post Evacuate Collection Set: 0.5ms
[34.876s][info][gc,phases      ] GC(98)   Other: 0.1ms
[34.876s][info][gc,heap        ] GC(98) Eden regions: 42->0(42)
[34.876s][info][gc,heap        ] GC(98) Survivor regions: 1->1(6)
[34.876s][info][gc,heap        ] GC(98) Old regions: 5->5
[34.876s][info][gc,heap        ] GC(98) Archive regions: 0->0
[34.876s][info][gc,heap        ] GC(98) Humongous regions: 0->0
[34.876s][info][gc,metaspace   ] GC(98) Metaspace: 8608K(8832K)->8608K(8832K) NonClass: 7455K(7552K)->7455K(7552K) Class: 1153K(1280K)->1153K(1280K)
[34.876s][info][gc             ] GC(98) Pause Young (Normal) (G1 Evacuation Pause) 682M->12M(1168M) 6.387ms
[34.876s][info][gc,cpu         ] GC(98) User=0.00s Sys=0.00s Real=0.01s
[35.247s][info][gc,start       ] GC(99) Pause Young (Normal) (G1 Evacuation Pause)
[35.247s][info][gc,task        ] GC(99) Using 28 workers of 33 for evacuation
[35.253s][info][gc,phases      ] GC(99)   Pre Evacuate Collection Set: 0.1ms
[35.253s][info][gc,phases      ] GC(99)   Merge Heap Roots: 0.2ms
[35.253s][info][gc,phases      ] GC(99)   Evacuate Collection Set: 5.1ms
[35.253s][info][gc,phases      ] GC(99)   Post Evacuate Collection Set: 0.5ms
[35.253s][info][gc,phases      ] GC(99)   Other: 0.1ms
[35.253s][info][gc,heap        ] GC(99) Eden regions: 42->0(42)
[35.253s][info][gc,heap        ] GC(99) Survivor regions: 1->1(6)
[35.253s][info][gc,heap        ] GC(99) Old regions: 5->5
[35.253s][info][gc,heap        ] GC(99) Archive regions: 0->0
[35.253s][info][gc,heap        ] GC(99) Humongous regions: 0->0
[35.253s][info][gc,metaspace   ] GC(99) Metaspace: 8608K(8832K)->8608K(8832K) NonClass: 7455K(7552K)->7455K(7552K) Class: 1153K(1280K)->1153K(1280K)
[35.253s][info][gc             ] GC(99) Pause Young (Normal) (G1 Evacuation Pause) 684M->15M(1168M) 6.489ms
[35.253s][info][gc,cpu         ] GC(99) User=0.00s Sys=0.00s Real=0.01s
[35.636s][info][gc,start       ] GC(100) Pause Young (Normal) (G1 Evacuation Pause)
[35.636s][info][gc,task        ] GC(100) Using 28 workers of 33 for evacuation
[35.644s][info][gc,phases      ] GC(100)   Pre Evacuate Collection Set: 0.1ms
[35.644s][info][gc,phases      ] GC(100)   Merge Heap Roots: 0.1ms
[35.644s][info][gc,phases      ] GC(100)   Evacuate Collection Set: 5.2ms
[35.644s][info][gc,phases      ] GC(100)   Post Evacuate Collection Set: 2.8ms
[35.644s][info][gc,phases      ] GC(100)   Other: 0.1ms
[35.644s][info][gc,heap        ] GC(100) Eden regions: 42->0(54)
[35.645s][info][gc,heap        ] GC(100) Survivor regions: 1->1(6)
[35.645s][info][gc,heap        ] GC(100) Old regions: 5->5
[35.645s][info][gc,heap        ] GC(100) Archive regions: 0->0
[35.645s][info][gc,heap        ] GC(100) Humongous regions: 0->0
[35.645s][info][gc,metaspace   ] GC(100) Metaspace: 8608K(8832K)->8608K(8832K) NonClass: 7455K(7552K)->7455K(7552K) Class: 1153K(1280K)->1153K(1280K)
[35.645s][info][gc             ] GC(100) Pause Young (Normal) (G1 Evacuation Pause) 687M->18M(1488M) 8.972ms
[35.645s][info][gc,cpu         ] GC(100) User=0.02s Sys=0.00s Real=0.01s
[36.231s][info][gc,start       ] GC(101) Pause Young (Normal) (G1 Evacuation Pause)
[36.231s][info][gc,task        ] GC(101) Using 33 workers of 33 for evacuation
[36.236s][info][gc,phases      ] GC(101)   Pre Evacuate Collection Set: 0.2ms
[36.236s][info][gc,phases      ] GC(101)   Merge Heap Roots: 0.2ms
[36.236s][info][gc,phases      ] GC(101)   Evacuate Collection Set: 3.5ms
[36.236s][info][gc,phases      ] GC(101)   Post Evacuate Collection Set: 0.5ms
[36.236s][info][gc,phases      ] GC(101)   Other: 0.1ms
[36.236s][info][gc,heap        ] GC(101) Eden regions: 54->0(53)
[36.236s][info][gc,heap        ] GC(101) Survivor regions: 1->2(7)
[36.236s][info][gc,heap        ] GC(101) Old regions: 5->5
[36.236s][info][gc,heap        ] GC(101) Archive regions: 0->0
[36.236s][info][gc,heap        ] GC(101) Humongous regions: 0->0
[36.236s][info][gc,metaspace   ] GC(101) Metaspace: 8608K(8832K)->8608K(8832K) NonClass: 7455K(7552K)->7455K(7552K) Class: 1153K(1280K)->1153K(1280K)
[36.236s][info][gc             ] GC(101) Pause Young (Normal) (G1 Evacuation Pause) 882M->20M(1488M) 5.050ms
[36.236s][info][gc,cpu         ] GC(101) User=0.00s Sys=0.00s Real=0.00s
[36.701s][info][gc,start       ] GC(102) Pause Young (Normal) (G1 Evacuation Pause)
[36.702s][info][gc,task        ] GC(102) Using 33 workers of 33 for evacuation
[36.707s][info][gc,phases      ] GC(102)   Pre Evacuate Collection Set: 0.2ms
[36.707s][info][gc,phases      ] GC(102)   Merge Heap Roots: 0.2ms
[36.707s][info][gc,phases      ] GC(102)   Evacuate Collection Set: 4.2ms
[36.707s][info][gc,phases      ] GC(102)   Post Evacuate Collection Set: 0.5ms
[36.707s][info][gc,phases      ] GC(102)   Other: 0.1ms
[36.707s][info][gc,heap        ] GC(102) Eden regions: 53->0(53)
[36.707s][info][gc,heap        ] GC(102) Survivor regions: 2->2(7)
[36.707s][info][gc,heap        ] GC(102) Old regions: 5->5
[36.707s][info][gc,heap        ] GC(102) Archive regions: 0->0
[36.707s][info][gc,heap        ] GC(102) Humongous regions: 0->0
[36.707s][info][gc,metaspace   ] GC(102) Metaspace: 8608K(8832K)->8608K(8832K) NonClass: 7455K(7552K)->7455K(7552K) Class: 1153K(1280K)->1153K(1280K)
[36.707s][info][gc             ] GC(102) Pause Young (Normal) (G1 Evacuation Pause) 868M->24M(1488M) 5.452ms
[36.707s][info][gc,cpu         ] GC(102) User=0.05s Sys=0.00s Real=0.00s
[37.495s][info][gc,start       ] GC(103) Pause Full (System.gc())
[37.496s][info][gc,task        ] GC(103) Using 8 workers of 33 for full compaction
[37.496s][info][gc,phases,start] GC(103) Phase 1: Mark live objects
[37.499s][info][gc,phases      ] GC(103) Phase 1: Mark live objects 3.362ms
[37.499s][info][gc,phases,start] GC(103) Phase 2: Prepare compaction
[37.503s][info][gc,phases      ] GC(103) Phase 2: Prepare compaction 3.566ms
[37.503s][info][gc,phases,start] GC(103) Phase 3: Adjust pointers
[37.506s][info][gc,phases      ] GC(103) Phase 3: Adjust pointers 2.665ms
[37.506s][info][gc,phases,start] GC(103) Phase 4: Compact heap
[37.507s][info][gc,phases      ] GC(103) Phase 4: Compact heap 1.677ms
[37.513s][info][gc,heap        ] GC(103) Eden regions: 49->0(10)
[37.513s][info][gc,heap        ] GC(103) Survivor regions: 2->0(7)
[37.513s][info][gc,heap        ] GC(103) Old regions: 5->5
[37.513s][info][gc,heap        ] GC(103) Archive regions: 0->0
[37.513s][info][gc,heap        ] GC(103) Humongous regions: 0->0
[37.513s][info][gc,metaspace   ] GC(103) Metaspace: 8608K(8832K)->8608K(8832K) NonClass: 7455K(7552K)->7455K(7552K) Class: 1153K(1280K)->1153K(1280K)
[37.513s][info][gc             ] GC(103) Pause Full (System.gc()) 808M->3M(272M) 17.853ms
[37.513s][info][gc,cpu         ] GC(103) User=0.00s Sys=0.02s Real=0.02s
[37.597s][info][gc,start       ] GC(104) Pause Young (Normal) (G1 Evacuation Pause)
[37.597s][info][gc,task        ] GC(104) Using 7 workers of 33 for evacuation
[37.598s][info][gc,phases      ] GC(104)   Pre Evacuate Collection Set: 0.1ms
[37.598s][info][gc,phases      ] GC(104)   Merge Heap Roots: 0.1ms
[37.598s][info][gc,phases      ] GC(104)   Evacuate Collection Set: 0.6ms
[37.598s][info][gc,phases      ] GC(104)   Post Evacuate Collection Set: 0.3ms
[37.598s][info][gc,phases      ] GC(104)   Other: 0.1ms
[37.598s][info][gc,heap        ] GC(104) Eden regions: 10->0(9)
[37.598s][info][gc,heap        ] GC(104) Survivor regions: 0->1(2)
[37.598s][info][gc,heap        ] GC(104) Old regions: 5->5
[37.598s][info][gc,heap        ] GC(104) Archive regions: 0->0
[37.598s][info][gc,heap        ] GC(104) Humongous regions: 0->0
[37.598s][info][gc,metaspace   ] GC(104) Metaspace: 8609K(8832K)->8609K(8832K) NonClass: 7456K(7552K)->7456K(7552K) Class: 1153K(1280K)->1153K(1280K)
[37.598s][info][gc             ] GC(104) Pause Young (Normal) (G1 Evacuation Pause) 163M->6M(272M) 1.662ms
[37.598s][info][gc,cpu         ] GC(104) User=0.02s Sys=0.00s Real=0.00s
[37.672s][info][gc,start       ] GC(105) Pause Young (Normal) (G1 Evacuation Pause)
[37.672s][info][gc,task        ] GC(105) Using 6 workers of 33 for evacuation
[37.674s][info][gc,phases      ] GC(105)   Pre Evacuate Collection Set: 0.1ms
[37.674s][info][gc,phases      ] GC(105)   Merge Heap Roots: 0.1ms
[37.674s][info][gc,phases      ] GC(105)   Evacuate Collection Set: 0.9ms
[37.674s][info][gc,phases      ] GC(105)   Post Evacuate Collection Set: 0.2ms
[37.674s][info][gc,phases      ] GC(105)   Other: 0.1ms
[37.674s][info][gc,heap        ] GC(105) Eden regions: 9->0(9)
[37.674s][info][gc,heap        ] GC(105) Survivor regions: 1->1(2)
[37.674s][info][gc,heap        ] GC(105) Old regions: 5->5
[37.674s][info][gc,heap        ] GC(105) Archive regions: 0->0
[37.674s][info][gc,heap        ] GC(105) Humongous regions: 0->0
[37.674s][info][gc,metaspace   ] GC(105) Metaspace: 8609K(8832K)->8609K(8832K) NonClass: 7456K(7552K)->7456K(7552K) Class: 1153K(1280K)->1153K(1280K)
[37.674s][info][gc             ] GC(105) Pause Young (Normal) (G1 Evacuation Pause) 150M->4M(272M) 1.948ms
[37.674s][info][gc,cpu         ] GC(105) User=0.00s Sys=0.00s Real=0.00s
[37.758s][info][gc,start       ] GC(106) Pause Young (Normal) (G1 Evacuation Pause)
[37.759s][info][gc,task        ] GC(106) Using 6 workers of 33 for evacuation
[37.765s][info][gc,phases      ] GC(106)   Pre Evacuate Collection Set: 0.1ms
[37.765s][info][gc,phases      ] GC(106)   Merge Heap Roots: 0.1ms
[37.765s][info][gc,phases      ] GC(106)   Evacuate Collection Set: 1.1ms
[37.765s][info][gc,phases      ] GC(106)   Post Evacuate Collection Set: 5.0ms
[37.765s][info][gc,phases      ] GC(106)   Other: 0.1ms
[37.765s][info][gc,heap        ] GC(106) Eden regions: 9->0(42)
[37.765s][info][gc,heap        ] GC(106) Survivor regions: 1->1(2)
[37.765s][info][gc,heap        ] GC(106) Old regions: 5->5
[37.765s][info][gc,heap        ] GC(106) Archive regions: 0->0
[37.765s][info][gc,heap        ] GC(106) Humongous regions: 0->0
[37.765s][info][gc,metaspace   ] GC(106) Metaspace: 8609K(8832K)->8609K(8832K) NonClass: 7456K(7552K)->7456K(7552K) Class: 1153K(1280K)->1153K(1280K)
[37.765s][info][gc             ] GC(106) Pause Young (Normal) (G1 Evacuation Pause) 148M->5M(1168M) 6.826ms
[37.765s][info][gc,cpu         ] GC(106) User=0.00s Sys=0.00s Real=0.01s
[38.208s][info][gc,start       ] GC(107) Pause Young (Normal) (G1 Evacuation Pause)
[38.208s][info][gc,task        ] GC(107) Using 28 workers of 33 for evacuation
[38.212s][info][gc,phases      ] GC(107)   Pre Evacuate Collection Set: 0.1ms
[38.212s][info][gc,phases      ] GC(107)   Merge Heap Roots: 0.2ms
[38.212s][info][gc,phases      ] GC(107)   Evacuate Collection Set: 3.4ms
[38.212s][info][gc,phases      ] GC(107)   Post Evacuate Collection Set: 0.4ms
[38.212s][info][gc,phases      ] GC(107)   Other: 0.1ms
[38.212s][info][gc,heap        ] GC(107) Eden regions: 42->0(42)
[38.213s][info][gc,heap        ] GC(107) Survivor regions: 1->1(6)
[38.213s][info][gc,heap        ] GC(107) Old regions: 5->5
[38.213s][info][gc,heap        ] GC(107) Archive regions: 0->0
[38.213s][info][gc,heap        ] GC(107) Humongous regions: 0->0
[38.213s][info][gc,metaspace   ] GC(107) Metaspace: 8609K(8832K)->8609K(8832K) NonClass: 7456K(7552K)->7456K(7552K) Class: 1153K(1280K)->1153K(1280K)
[38.213s][info][gc             ] GC(107) Pause Young (Normal) (G1 Evacuation Pause) 677M->7M(1168M) 4.808ms
[38.213s][info][gc,cpu         ] GC(107) User=0.02s Sys=0.00s Real=0.02s
[38.571s][info][gc,start       ] GC(108) Pause Young (Normal) (G1 Evacuation Pause)
[38.571s][info][gc,task        ] GC(108) Using 28 workers of 33 for evacuation
[38.577s][info][gc,phases      ] GC(108)   Pre Evacuate Collection Set: 0.1ms
[38.577s][info][gc,phases      ] GC(108)   Merge Heap Roots: 0.1ms
[38.577s][info][gc,phases      ] GC(108)   Evacuate Collection Set: 5.6ms
[38.577s][info][gc,phases      ] GC(108)   Post Evacuate Collection Set: 0.5ms
[38.577s][info][gc,phases      ] GC(108)   Other: 0.1ms
[38.577s][info][gc,heap        ] GC(108) Eden regions: 42->0(42)
[38.577s][info][gc,heap        ] GC(108) Survivor regions: 1->1(6)
[38.577s][info][gc,heap        ] GC(108) Old regions: 5->5
[38.577s][info][gc,heap        ] GC(108) Archive regions: 0->0
[38.577s][info][gc,heap        ] GC(108) Humongous regions: 0->0
[38.577s][info][gc,metaspace   ] GC(108) Metaspace: 8609K(8832K)->8609K(8832K) NonClass: 7456K(7552K)->7456K(7552K) Class: 1153K(1280K)->1153K(1280K)
[38.577s][info][gc             ] GC(108) Pause Young (Normal) (G1 Evacuation Pause) 679M->10M(1168M) 6.942ms
[38.578s][info][gc,cpu         ] GC(108) User=0.02s Sys=0.03s Real=0.02s
[38.922s][info][gc,start       ] GC(109) Pause Young (Normal) (G1 Evacuation Pause)
[38.922s][info][gc,task        ] GC(109) Using 28 workers of 33 for evacuation
[38.929s][info][gc,phases      ] GC(109)   Pre Evacuate Collection Set: 0.1ms
[38.929s][info][gc,phases      ] GC(109)   Merge Heap Roots: 0.2ms
[38.929s][info][gc,phases      ] GC(109)   Evacuate Collection Set: 5.4ms
[38.929s][info][gc,phases      ] GC(109)   Post Evacuate Collection Set: 0.5ms
[38.929s][info][gc,phases      ] GC(109)   Other: 0.1ms
[38.929s][info][gc,heap        ] GC(109) Eden regions: 42->0(42)
[38.929s][info][gc,heap        ] GC(109) Survivor regions: 1->1(6)
[38.929s][info][gc,heap        ] GC(109) Old regions: 5->5
[38.929s][info][gc,heap        ] GC(109) Archive regions: 0->0
[38.929s][info][gc,heap        ] GC(109) Humongous regions: 0->0
[38.929s][info][gc,metaspace   ] GC(109) Metaspace: 8609K(8832K)->8609K(8832K) NonClass: 7456K(7552K)->7456K(7552K) Class: 1153K(1280K)->1153K(1280K)
[38.929s][info][gc             ] GC(109) Pause Young (Normal) (G1 Evacuation Pause) 682M->12M(1168M) 6.793ms
[38.929s][info][gc,cpu         ] GC(109) User=0.06s Sys=0.38s Real=0.01s
[39.290s][info][gc,start       ] GC(110) Pause Young (Normal) (G1 Evacuation Pause)
[39.291s][info][gc,task        ] GC(110) Using 28 workers of 33 for evacuation
[39.297s][info][gc,phases      ] GC(110)   Pre Evacuate Collection Set: 0.1ms
[39.297s][info][gc,phases      ] GC(110)   Merge Heap Roots: 0.2ms
[39.297s][info][gc,phases      ] GC(110)   Evacuate Collection Set: 5.2ms
[39.297s][info][gc,phases      ] GC(110)   Post Evacuate Collection Set: 0.5ms
[39.297s][info][gc,phases      ] GC(110)   Other: 0.2ms
[39.297s][info][gc,heap        ] GC(110) Eden regions: 42->0(42)
[39.297s][info][gc,heap        ] GC(110) Survivor regions: 1->1(6)
[39.297s][info][gc,heap        ] GC(110) Old regions: 5->5
[39.297s][info][gc,heap        ] GC(110) Archive regions: 0->0
[39.297s][info][gc,heap        ] GC(110) Humongous regions: 0->0
[39.297s][info][gc,metaspace   ] GC(110) Metaspace: 8609K(8832K)->8609K(8832K) NonClass: 7456K(7552K)->7456K(7552K) Class: 1153K(1280K)->1153K(1280K)
[39.297s][info][gc             ] GC(110) Pause Young (Normal) (G1 Evacuation Pause) 684M->14M(1168M) 6.794ms
[39.297s][info][gc,cpu         ] GC(110) User=0.00s Sys=0.00s Real=0.01s
[39.679s][info][gc,start       ] GC(111) Pause Young (Normal) (G1 Evacuation Pause)
[39.679s][info][gc,task        ] GC(111) Using 28 workers of 33 for evacuation
[39.687s][info][gc,phases      ] GC(111)   Pre Evacuate Collection Set: 0.2ms
[39.687s][info][gc,phases      ] GC(111)   Merge Heap Roots: 0.2ms
[39.687s][info][gc,phases      ] GC(111)   Evacuate Collection Set: 5.2ms
[39.687s][info][gc,phases      ] GC(111)   Post Evacuate Collection Set: 2.8ms
[39.687s][info][gc,phases      ] GC(111)   Other: 0.1ms
[39.687s][info][gc,heap        ] GC(111) Eden regions: 42->0(54)
[39.687s][info][gc,heap        ] GC(111) Survivor regions: 1->1(6)
[39.687s][info][gc,heap        ] GC(111) Old regions: 5->5
[39.688s][info][gc,heap        ] GC(111) Archive regions: 0->0
[39.688s][info][gc,heap        ] GC(111) Humongous regions: 0->0
[39.688s][info][gc,metaspace   ] GC(111) Metaspace: 8609K(8832K)->8609K(8832K) NonClass: 7456K(7552K)->7456K(7552K) Class: 1153K(1280K)->1153K(1280K)
[39.688s][info][gc             ] GC(111) Pause Young (Normal) (G1 Evacuation Pause) 686M->17M(1488M) 9.047ms
[39.688s][info][gc,cpu         ] GC(111) User=0.00s Sys=0.00s Real=0.01s
[40.278s][info][gc,start       ] GC(112) Pause Young (Normal) (G1 Evacuation Pause)
[40.278s][info][gc,task        ] GC(112) Using 33 workers of 33 for evacuation
[40.282s][info][gc,phases      ] GC(112)   Pre Evacuate Collection Set: 0.2ms
[40.282s][info][gc,phases      ] GC(112)   Merge Heap Roots: 0.2ms
[40.282s][info][gc,phases      ] GC(112)   Evacuate Collection Set: 3.3ms
[40.282s][info][gc,phases      ] GC(112)   Post Evacuate Collection Set: 0.6ms
[40.282s][info][gc,phases      ] GC(112)   Other: 0.1ms
[40.282s][info][gc,heap        ] GC(112) Eden regions: 54->0(53)
[40.282s][info][gc,heap        ] GC(112) Survivor regions: 1->2(7)
[40.282s][info][gc,heap        ] GC(112) Old regions: 5->5
[40.282s][info][gc,heap        ] GC(112) Archive regions: 0->0
[40.282s][info][gc,heap        ] GC(112) Humongous regions: 0->0
[40.282s][info][gc,metaspace   ] GC(112) Metaspace: 8609K(8832K)->8609K(8832K) NonClass: 7456K(7552K)->7456K(7552K) Class: 1153K(1280K)->1153K(1280K)
[40.282s][info][gc             ] GC(112) Pause Young (Normal) (G1 Evacuation Pause) 881M->20M(1488M) 4.929ms
[40.282s][info][gc,cpu         ] GC(112) User=0.00s Sys=0.00s Real=0.00s
[40.734s][info][gc,start       ] GC(113) Pause Young (Normal) (G1 Evacuation Pause)
[40.735s][info][gc,task        ] GC(113) Using 33 workers of 33 for evacuation
[40.740s][info][gc,phases      ] GC(113)   Pre Evacuate Collection Set: 0.2ms
[40.740s][info][gc,phases      ] GC(113)   Merge Heap Roots: 0.2ms
[40.740s][info][gc,phases      ] GC(113)   Evacuate Collection Set: 4.2ms
[40.740s][info][gc,phases      ] GC(113)   Post Evacuate Collection Set: 0.5ms
[40.740s][info][gc,phases      ] GC(113)   Other: 0.1ms
[40.740s][info][gc,heap        ] GC(113) Eden regions: 53->0(53)
[40.740s][info][gc,heap        ] GC(113) Survivor regions: 2->2(7)
[40.740s][info][gc,heap        ] GC(113) Old regions: 5->5
[40.740s][info][gc,heap        ] GC(113) Archive regions: 0->0
[40.740s][info][gc,heap        ] GC(113) Humongous regions: 0->0
[40.740s][info][gc,metaspace   ] GC(113) Metaspace: 8609K(8832K)->8609K(8832K) NonClass: 7456K(7552K)->7456K(7552K) Class: 1153K(1280K)->1153K(1280K)
[40.740s][info][gc             ] GC(113) Pause Young (Normal) (G1 Evacuation Pause) 868M->23M(1488M) 5.968ms
[40.740s][info][gc,cpu         ] GC(113) User=0.52s Sys=0.00s Real=0.01s
[41.523s][info][gc,start       ] GC(114) Pause Full (System.gc())
[41.524s][info][gc,task        ] GC(114) Using 8 workers of 33 for full compaction
[41.524s][info][gc,phases,start] GC(114) Phase 1: Mark live objects
[41.527s][info][gc,phases      ] GC(114) Phase 1: Mark live objects 3.013ms
[41.527s][info][gc,phases,start] GC(114) Phase 2: Prepare compaction
[41.530s][info][gc,phases      ] GC(114) Phase 2: Prepare compaction 2.819ms
[41.530s][info][gc,phases,start] GC(114) Phase 3: Adjust pointers
[41.533s][info][gc,phases      ] GC(114) Phase 3: Adjust pointers 2.667ms
[41.533s][info][gc,phases,start] GC(114) Phase 4: Compact heap
[41.534s][info][gc,phases      ] GC(114) Phase 4: Compact heap 1.660ms
[41.540s][info][gc,heap        ] GC(114) Eden regions: 49->0(10)
[41.540s][info][gc,heap        ] GC(114) Survivor regions: 2->0(7)
[41.540s][info][gc,heap        ] GC(114) Old regions: 5->5
[41.540s][info][gc,heap        ] GC(114) Archive regions: 0->0
[41.540s][info][gc,heap        ] GC(114) Humongous regions: 0->0
[41.540s][info][gc,metaspace   ] GC(114) Metaspace: 8609K(8832K)->8609K(8832K) NonClass: 7456K(7552K)->7456K(7552K) Class: 1153K(1280K)->1153K(1280K)
[41.540s][info][gc             ] GC(114) Pause Full (System.gc()) 807M->3M(272M) 16.806ms
[41.540s][info][gc,cpu         ] GC(114) User=0.05s Sys=0.08s Real=0.02s
[41.635s][info][gc,start       ] GC(115) Pause Young (Normal) (G1 Evacuation Pause)
[41.635s][info][gc,task        ] GC(115) Using 7 workers of 33 for evacuation
[41.636s][info][gc,phases      ] GC(115)   Pre Evacuate Collection Set: 0.1ms
[41.636s][info][gc,phases      ] GC(115)   Merge Heap Roots: 0.1ms
[41.636s][info][gc,phases      ] GC(115)   Evacuate Collection Set: 0.7ms
[41.636s][info][gc,phases      ] GC(115)   Post Evacuate Collection Set: 0.2ms
[41.636s][info][gc,phases      ] GC(115)   Other: 0.1ms
[41.636s][info][gc,heap        ] GC(115) Eden regions: 10->0(9)
[41.636s][info][gc,heap        ] GC(115) Survivor regions: 0->1(2)
[41.636s][info][gc,heap        ] GC(115) Old regions: 5->5
[41.636s][info][gc,heap        ] GC(115) Archive regions: 0->0
[41.636s][info][gc,heap        ] GC(115) Humongous regions: 0->0
[41.636s][info][gc,metaspace   ] GC(115) Metaspace: 8611K(8832K)->8611K(8832K) NonClass: 7458K(7552K)->7458K(7552K) Class: 1153K(1280K)->1153K(1280K)
[41.636s][info][gc             ] GC(115) Pause Young (Normal) (G1 Evacuation Pause) 163M->6M(272M) 1.707ms
[41.636s][info][gc,cpu         ] GC(115) User=0.00s Sys=0.00s Real=0.00s
[41.723s][info][gc,start       ] GC(116) Pause Young (Normal) (G1 Evacuation Pause)
[41.723s][info][gc,task        ] GC(116) Using 6 workers of 33 for evacuation
[41.725s][info][gc,phases      ] GC(116)   Pre Evacuate Collection Set: 0.1ms
[41.725s][info][gc,phases      ] GC(116)   Merge Heap Roots: 0.1ms
[41.725s][info][gc,phases      ] GC(116)   Evacuate Collection Set: 1.0ms
[41.725s][info][gc,phases      ] GC(116)   Post Evacuate Collection Set: 0.2ms
[41.725s][info][gc,phases      ] GC(116)   Other: 0.1ms
[41.725s][info][gc,heap        ] GC(116) Eden regions: 9->0(9)
[41.725s][info][gc,heap        ] GC(116) Survivor regions: 1->1(2)
[41.725s][info][gc,heap        ] GC(116) Old regions: 5->5
[41.725s][info][gc,heap        ] GC(116) Archive regions: 0->0
[41.725s][info][gc,heap        ] GC(116) Humongous regions: 0->0
[41.725s][info][gc,metaspace   ] GC(116) Metaspace: 8611K(8832K)->8611K(8832K) NonClass: 7458K(7552K)->7458K(7552K) Class: 1153K(1280K)->1153K(1280K)
[41.725s][info][gc             ] GC(116) Pause Young (Normal) (G1 Evacuation Pause) 150M->4M(272M) 1.963ms
[41.725s][info][gc,cpu         ] GC(116) User=0.00s Sys=0.00s Real=0.00s
[41.817s][info][gc,start       ] GC(117) Pause Young (Normal) (G1 Evacuation Pause)
[41.817s][info][gc,task        ] GC(117) Using 6 workers of 33 for evacuation
[41.823s][info][gc,phases      ] GC(117)   Pre Evacuate Collection Set: 0.1ms
[41.823s][info][gc,phases      ] GC(117)   Merge Heap Roots: 0.1ms
[41.823s][info][gc,phases      ] GC(117)   Evacuate Collection Set: 1.0ms
[41.823s][info][gc,phases      ] GC(117)   Post Evacuate Collection Set: 4.5ms
[41.823s][info][gc,phases      ] GC(117)   Other: 0.1ms
[41.823s][info][gc,heap        ] GC(117) Eden regions: 9->0(42)
[41.823s][info][gc,heap        ] GC(117) Survivor regions: 1->1(2)
[41.823s][info][gc,heap        ] GC(117) Old regions: 5->5
[41.823s][info][gc,heap        ] GC(117) Archive regions: 0->0
[41.823s][info][gc,heap        ] GC(117) Humongous regions: 0->0
[41.823s][info][gc,metaspace   ] GC(117) Metaspace: 8611K(8832K)->8611K(8832K) NonClass: 7458K(7552K)->7458K(7552K) Class: 1153K(1280K)->1153K(1280K)
[41.823s][info][gc             ] GC(117) Pause Young (Normal) (G1 Evacuation Pause) 148M->5M(1168M) 6.335ms
[41.823s][info][gc,cpu         ] GC(117) User=0.00s Sys=0.00s Real=0.00s
[42.208s][info][gc,start       ] GC(118) Pause Young (Normal) (G1 Evacuation Pause)
[42.208s][info][gc,task        ] GC(118) Using 28 workers of 33 for evacuation
[42.212s][info][gc,phases      ] GC(118)   Pre Evacuate Collection Set: 0.1ms
[42.212s][info][gc,phases      ] GC(118)   Merge Heap Roots: 0.2ms
[42.212s][info][gc,phases      ] GC(118)   Evacuate Collection Set: 3.2ms
[42.212s][info][gc,phases      ] GC(118)   Post Evacuate Collection Set: 0.5ms
[42.212s][info][gc,phases      ] GC(118)   Other: 0.1ms
[42.212s][info][gc,heap        ] GC(118) Eden regions: 42->0(42)
[42.212s][info][gc,heap        ] GC(118) Survivor regions: 1->1(6)
[42.212s][info][gc,heap        ] GC(118) Old regions: 5->5
[42.212s][info][gc,heap        ] GC(118) Archive regions: 0->0
[42.212s][info][gc,heap        ] GC(118) Humongous regions: 0->0
[42.212s][info][gc,metaspace   ] GC(118) Metaspace: 8611K(8832K)->8611K(8832K) NonClass: 7458K(7552K)->7458K(7552K) Class: 1153K(1280K)->1153K(1280K)
[42.212s][info][gc             ] GC(118) Pause Young (Normal) (G1 Evacuation Pause) 677M->7M(1168M) 4.581ms
[42.212s][info][gc,cpu         ] GC(118) User=0.00s Sys=0.00s Real=0.00s
[42.570s][info][gc,start       ] GC(119) Pause Young (Normal) (G1 Evacuation Pause)
[42.570s][info][gc,task        ] GC(119) Using 28 workers of 33 for evacuation
[42.578s][info][gc,phases      ] GC(119)   Pre Evacuate Collection Set: 0.1ms
[42.578s][info][gc,phases      ] GC(119)   Merge Heap Roots: 0.1ms
[42.578s][info][gc,phases      ] GC(119)   Evacuate Collection Set: 7.1ms
[42.578s][info][gc,phases      ] GC(119)   Post Evacuate Collection Set: 0.4ms
[42.578s][info][gc,phases      ] GC(119)   Other: 0.1ms
[42.578s][info][gc,heap        ] GC(119) Eden regions: 42->0(42)
[42.578s][info][gc,heap        ] GC(119) Survivor regions: 1->1(6)
[42.578s][info][gc,heap        ] GC(119) Old regions: 5->5
[42.578s][info][gc,heap        ] GC(119) Archive regions: 0->0
[42.578s][info][gc,heap        ] GC(119) Humongous regions: 0->0
[42.578s][info][gc,metaspace   ] GC(119) Metaspace: 8611K(8832K)->8611K(8832K) NonClass: 7458K(7552K)->7458K(7552K) Class: 1153K(1280K)->1153K(1280K)
[42.579s][info][gc             ] GC(119) Pause Young (Normal) (G1 Evacuation Pause) 679M->10M(1168M) 8.445ms
[42.579s][info][gc,cpu         ] GC(119) User=0.03s Sys=0.02s Real=0.02s
[42.923s][info][gc,start       ] GC(120) Pause Young (Normal) (G1 Evacuation Pause)
[42.923s][info][gc,task        ] GC(120) Using 28 workers of 33 for evacuation
[42.929s][info][gc,phases      ] GC(120)   Pre Evacuate Collection Set: 0.1ms
[42.929s][info][gc,phases      ] GC(120)   Merge Heap Roots: 0.2ms
[42.929s][info][gc,phases      ] GC(120)   Evacuate Collection Set: 4.9ms
[42.929s][info][gc,phases      ] GC(120)   Post Evacuate Collection Set: 0.5ms
[42.929s][info][gc,phases      ] GC(120)   Other: 0.1ms
[42.929s][info][gc,heap        ] GC(120) Eden regions: 42->0(42)
[42.929s][info][gc,heap        ] GC(120) Survivor regions: 1->1(6)
[42.929s][info][gc,heap        ] GC(120) Old regions: 5->5
[42.929s][info][gc,heap        ] GC(120) Archive regions: 0->0
[42.929s][info][gc,heap        ] GC(120) Humongous regions: 0->0
[42.929s][info][gc,metaspace   ] GC(120) Metaspace: 8611K(8832K)->8611K(8832K) NonClass: 7458K(7552K)->7458K(7552K) Class: 1153K(1280K)->1153K(1280K)
[42.929s][info][gc             ] GC(120) Pause Young (Normal) (G1 Evacuation Pause) 682M->12M(1168M) 6.478ms
[42.929s][info][gc,cpu         ] GC(120) User=0.00s Sys=0.00s Real=0.00s
[43.303s][info][gc,start       ] GC(121) Pause Young (Normal) (G1 Evacuation Pause)
[43.303s][info][gc,task        ] GC(121) Using 28 workers of 33 for evacuation
[43.309s][info][gc,phases      ] GC(121)   Pre Evacuate Collection Set: 0.1ms
[43.309s][info][gc,phases      ] GC(121)   Merge Heap Roots: 0.1ms
[43.309s][info][gc,phases      ] GC(121)   Evacuate Collection Set: 4.5ms
[43.309s][info][gc,phases      ] GC(121)   Post Evacuate Collection Set: 1.3ms
[43.309s][info][gc,phases      ] GC(121)   Other: 0.1ms
[43.309s][info][gc,heap        ] GC(121) Eden regions: 42->0(52)
[43.309s][info][gc,heap        ] GC(121) Survivor regions: 1->1(6)
[43.309s][info][gc,heap        ] GC(121) Old regions: 5->5
[43.309s][info][gc,heap        ] GC(121) Archive regions: 0->0
[43.309s][info][gc,heap        ] GC(121) Humongous regions: 0->0
[43.309s][info][gc,metaspace   ] GC(121) Metaspace: 8611K(8832K)->8611K(8832K) NonClass: 7458K(7552K)->7458K(7552K) Class: 1153K(1280K)->1153K(1280K)
[43.309s][info][gc             ] GC(121) Pause Young (Normal) (G1 Evacuation Pause) 684M->15M(1424M) 6.334ms
[43.309s][info][gc,cpu         ] GC(121) User=0.00s Sys=0.00s Real=0.01s
[43.872s][info][gc,start       ] GC(122) Pause Young (Normal) (G1 Evacuation Pause)
[43.872s][info][gc,task        ] GC(122) Using 33 workers of 33 for evacuation
[43.876s][info][gc,phases      ] GC(122)   Pre Evacuate Collection Set: 0.2ms
[43.876s][info][gc,phases      ] GC(122)   Merge Heap Roots: 0.2ms
[43.876s][info][gc,phases      ] GC(122)   Evacuate Collection Set: 3.3ms
[43.876s][info][gc,phases      ] GC(122)   Post Evacuate Collection Set: 0.5ms
[43.876s][info][gc,phases      ] GC(122)   Other: 0.1ms
[43.876s][info][gc,heap        ] GC(122) Eden regions: 52->0(52)
[43.876s][info][gc,heap        ] GC(122) Survivor regions: 1->1(7)
[43.876s][info][gc,heap        ] GC(122) Old regions: 5->5
[43.876s][info][gc,heap        ] GC(122) Archive regions: 0->0
[43.877s][info][gc,heap        ] GC(122) Humongous regions: 0->0
[43.877s][info][gc,metaspace   ] GC(122) Metaspace: 8611K(8832K)->8611K(8832K) NonClass: 7458K(7552K)->7458K(7552K) Class: 1153K(1280K)->1153K(1280K)
[43.877s][info][gc             ] GC(122) Pause Young (Normal) (G1 Evacuation Pause) 847M->17M(1424M) 4.798ms
[43.877s][info][gc,cpu         ] GC(122) User=0.00s Sys=0.00s Real=0.00s
[44.328s][info][gc,start       ] GC(123) Pause Young (Normal) (G1 Evacuation Pause)
[44.328s][info][gc,task        ] GC(123) Using 33 workers of 33 for evacuation
[44.332s][info][gc,phases      ] GC(123)   Pre Evacuate Collection Set: 0.2ms
[44.332s][info][gc,phases      ] GC(123)   Merge Heap Roots: 0.2ms
[44.332s][info][gc,phases      ] GC(123)   Evacuate Collection Set: 3.5ms
[44.332s][info][gc,phases      ] GC(123)   Post Evacuate Collection Set: 0.5ms
[44.332s][info][gc,phases      ] GC(123)   Other: 0.1ms
[44.332s][info][gc,heap        ] GC(123) Eden regions: 52->0(51)
[44.332s][info][gc,heap        ] GC(123) Survivor regions: 1->2(7)
[44.332s][info][gc,heap        ] GC(123) Old regions: 5->5
[44.332s][info][gc,heap        ] GC(123) Archive regions: 0->0
[44.333s][info][gc,heap        ] GC(123) Humongous regions: 0->0
[44.333s][info][gc,metaspace   ] GC(123) Metaspace: 8611K(8832K)->8611K(8832K) NonClass: 7458K(7552K)->7458K(7552K) Class: 1153K(1280K)->1153K(1280K)
[44.333s][info][gc             ] GC(123) Pause Young (Normal) (G1 Evacuation Pause) 849M->21M(1424M) 5.193ms
[44.333s][info][gc,cpu         ] GC(123) User=0.52s Sys=0.00s Real=0.00s
[44.779s][info][gc,start       ] GC(124) Pause Young (Normal) (G1 Evacuation Pause)
[44.779s][info][gc,task        ] GC(124) Using 33 workers of 33 for evacuation
[44.785s][info][gc,phases      ] GC(124)   Pre Evacuate Collection Set: 0.2ms
[44.785s][info][gc,phases      ] GC(124)   Merge Heap Roots: 0.2ms
[44.785s][info][gc,phases      ] GC(124)   Evacuate Collection Set: 4.2ms
[44.785s][info][gc,phases      ] GC(124)   Post Evacuate Collection Set: 0.5ms
[44.785s][info][gc,phases      ] GC(124)   Other: 0.1ms
[44.785s][info][gc,heap        ] GC(124) Eden regions: 51->0(51)
[44.785s][info][gc,heap        ] GC(124) Survivor regions: 2->2(7)
[44.785s][info][gc,heap        ] GC(124) Old regions: 5->5
[44.785s][info][gc,heap        ] GC(124) Archive regions: 0->0
[44.785s][info][gc,heap        ] GC(124) Humongous regions: 0->0
[44.785s][info][gc,metaspace   ] GC(124) Metaspace: 8611K(8832K)->8611K(8832K) NonClass: 7458K(7552K)->7458K(7552K) Class: 1153K(1280K)->1153K(1280K)
[44.785s][info][gc             ] GC(124) Pause Young (Normal) (G1 Evacuation Pause) 837M->23M(1424M) 5.733ms
[44.785s][info][gc,cpu         ] GC(124) User=0.30s Sys=0.03s Real=0.01s
[45.516s][info][gc,start       ] GC(125) Pause Full (System.gc())
[45.517s][info][gc,task        ] GC(125) Using 8 workers of 33 for full compaction
[45.517s][info][gc,phases,start] GC(125) Phase 1: Mark live objects
[45.520s][info][gc,phases      ] GC(125) Phase 1: Mark live objects 3.569ms
[45.521s][info][gc,phases,start] GC(125) Phase 2: Prepare compaction
[45.523s][info][gc,phases      ] GC(125) Phase 2: Prepare compaction 2.209ms
[45.523s][info][gc,phases,start] GC(125) Phase 3: Adjust pointers
[45.525s][info][gc,phases      ] GC(125) Phase 3: Adjust pointers 2.663ms
[45.526s][info][gc,phases,start] GC(125) Phase 4: Compact heap
[45.527s][info][gc,phases      ] GC(125) Phase 4: Compact heap 1.585ms
[45.532s][info][gc,heap        ] GC(125) Eden regions: 43->0(10)
[45.532s][info][gc,heap        ] GC(125) Survivor regions: 2->0(7)
[45.532s][info][gc,heap        ] GC(125) Old regions: 5->5
[45.532s][info][gc,heap        ] GC(125) Archive regions: 0->0
[45.532s][info][gc,heap        ] GC(125) Humongous regions: 0->0
[45.532s][info][gc,metaspace   ] GC(125) Metaspace: 8612K(8832K)->8612K(8832K) NonClass: 7458K(7552K)->7458K(7552K) Class: 1153K(1280K)->1153K(1280K)
[45.532s][info][gc             ] GC(125) Pause Full (System.gc()) 711M->3M(272M) 15.999ms
[45.532s][info][gc,cpu         ] GC(125) User=0.13s Sys=0.00s Real=0.02s
[45.644s][info][gc,start       ] GC(126) Pause Young (Normal) (G1 Evacuation Pause)
[45.645s][info][gc,task        ] GC(126) Using 7 workers of 33 for evacuation
[45.646s][info][gc,phases      ] GC(126)   Pre Evacuate Collection Set: 0.1ms
[45.646s][info][gc,phases      ] GC(126)   Merge Heap Roots: 0.1ms
[45.646s][info][gc,phases      ] GC(126)   Evacuate Collection Set: 0.9ms
[45.646s][info][gc,phases      ] GC(126)   Post Evacuate Collection Set: 0.2ms
[45.646s][info][gc,phases      ] GC(126)   Other: 0.1ms
[45.646s][info][gc,heap        ] GC(126) Eden regions: 10->0(9)
[45.646s][info][gc,heap        ] GC(126) Survivor regions: 0->1(2)
[45.646s][info][gc,heap        ] GC(126) Old regions: 5->5
[45.646s][info][gc,heap        ] GC(126) Archive regions: 0->0
[45.646s][info][gc,heap        ] GC(126) Humongous regions: 0->0
[45.646s][info][gc,metaspace   ] GC(126) Metaspace: 8612K(8832K)->8612K(8832K) NonClass: 7459K(7552K)->7459K(7552K) Class: 1153K(1280K)->1153K(1280K)
[45.646s][info][gc             ] GC(126) Pause Young (Normal) (G1 Evacuation Pause) 163M->6M(272M) 1.838ms
[45.646s][info][gc,cpu         ] GC(126) User=0.00s Sys=0.00s Real=0.00s
[45.736s][info][gc,start       ] GC(127) Pause Young (Normal) (G1 Evacuation Pause)
[45.736s][info][gc,task        ] GC(127) Using 6 workers of 33 for evacuation
[45.738s][info][gc,phases      ] GC(127)   Pre Evacuate Collection Set: 0.1ms
[45.739s][info][gc,phases      ] GC(127)   Merge Heap Roots: 0.2ms
[45.739s][info][gc,phases      ] GC(127)   Evacuate Collection Set: 1.8ms
[45.739s][info][gc,phases      ] GC(127)   Post Evacuate Collection Set: 0.2ms
[45.739s][info][gc,phases      ] GC(127)   Other: 0.2ms
[45.739s][info][gc,heap        ] GC(127) Eden regions: 9->0(9)
[45.739s][info][gc,heap        ] GC(127) Survivor regions: 1->1(2)
[45.739s][info][gc,heap        ] GC(127) Old regions: 5->5
[45.739s][info][gc,heap        ] GC(127) Archive regions: 0->0
[45.739s][info][gc,heap        ] GC(127) Humongous regions: 0->0
[45.739s][info][gc,metaspace   ] GC(127) Metaspace: 8612K(8832K)->8612K(8832K) NonClass: 7459K(7552K)->7459K(7552K) Class: 1153K(1280K)->1153K(1280K)
[45.739s][info][gc             ] GC(127) Pause Young (Normal) (G1 Evacuation Pause) 150M->5M(272M) 3.040ms
[45.739s][info][gc,cpu         ] GC(127) User=0.00s Sys=0.02s Real=0.02s
[45.812s][info][gc,start       ] GC(128) Pause Young (Normal) (G1 Evacuation Pause)
[45.812s][info][gc,task        ] GC(128) Using 6 workers of 33 for evacuation
[45.818s][info][gc,phases      ] GC(128)   Pre Evacuate Collection Set: 0.1ms
[45.818s][info][gc,phases      ] GC(128)   Merge Heap Roots: 0.1ms
[45.818s][info][gc,phases      ] GC(128)   Evacuate Collection Set: 1.0ms
[45.818s][info][gc,phases      ] GC(128)   Post Evacuate Collection Set: 4.8ms
[45.818s][info][gc,phases      ] GC(128)   Other: 0.1ms
[45.819s][info][gc,heap        ] GC(128) Eden regions: 9->0(42)
[45.819s][info][gc,heap        ] GC(128) Survivor regions: 1->1(2)
[45.819s][info][gc,heap        ] GC(128) Old regions: 5->5
[45.819s][info][gc,heap        ] GC(128) Archive regions: 0->0
[45.819s][info][gc,heap        ] GC(128) Humongous regions: 0->0
[45.819s][info][gc,metaspace   ] GC(128) Metaspace: 8612K(8832K)->8612K(8832K) NonClass: 7459K(7552K)->7459K(7552K) Class: 1153K(1280K)->1153K(1280K)
[45.819s][info][gc             ] GC(128) Pause Young (Normal) (G1 Evacuation Pause) 149M->5M(1168M) 6.527ms
[45.819s][info][gc,cpu         ] GC(128) User=0.02s Sys=0.00s Real=0.02s
[46.258s][info][gc,start       ] GC(129) Pause Young (Normal) (G1 Evacuation Pause)
[46.258s][info][gc,task        ] GC(129) Using 28 workers of 33 for evacuation
[46.262s][info][gc,phases      ] GC(129)   Pre Evacuate Collection Set: 0.2ms
[46.262s][info][gc,phases      ] GC(129)   Merge Heap Roots: 0.2ms
[46.262s][info][gc,phases      ] GC(129)   Evacuate Collection Set: 2.4ms
[46.262s][info][gc,phases      ] GC(129)   Post Evacuate Collection Set: 0.5ms
[46.262s][info][gc,phases      ] GC(129)   Other: 0.1ms
[46.262s][info][gc,heap        ] GC(129) Eden regions: 42->0(42)
[46.262s][info][gc,heap        ] GC(129) Survivor regions: 1->1(6)
[46.262s][info][gc,heap        ] GC(129) Old regions: 5->5
[46.262s][info][gc,heap        ] GC(129) Archive regions: 0->0
[46.262s][info][gc,heap        ] GC(129) Humongous regions: 0->0
[46.262s][info][gc,metaspace   ] GC(129) Metaspace: 8612K(8832K)->8612K(8832K) NonClass: 7459K(7552K)->7459K(7552K) Class: 1153K(1280K)->1153K(1280K)
[46.262s][info][gc             ] GC(129) Pause Young (Normal) (G1 Evacuation Pause) 677M->7M(1168M) 3.833ms
[46.262s][info][gc,cpu         ] GC(129) User=0.00s Sys=0.00s Real=0.00s
[46.639s][info][gc,start       ] GC(130) Pause Young (Normal) (G1 Evacuation Pause)
[46.639s][info][gc,task        ] GC(130) Using 28 workers of 33 for evacuation
[46.646s][info][gc,phases      ] GC(130)   Pre Evacuate Collection Set: 0.1ms
[46.646s][info][gc,phases      ] GC(130)   Merge Heap Roots: 0.2ms
[46.646s][info][gc,phases      ] GC(130)   Evacuate Collection Set: 6.1ms
[46.646s][info][gc,phases      ] GC(130)   Post Evacuate Collection Set: 0.5ms
[46.646s][info][gc,phases      ] GC(130)   Other: 0.1ms
[46.646s][info][gc,heap        ] GC(130) Eden regions: 42->0(42)
[46.646s][info][gc,heap        ] GC(130) Survivor regions: 1->1(6)
[46.646s][info][gc,heap        ] GC(130) Old regions: 5->5
[46.646s][info][gc,heap        ] GC(130) Archive regions: 0->0
[46.646s][info][gc,heap        ] GC(130) Humongous regions: 0->0
[46.646s][info][gc,metaspace   ] GC(130) Metaspace: 8612K(8832K)->8612K(8832K) NonClass: 7459K(7552K)->7459K(7552K) Class: 1153K(1280K)->1153K(1280K)
[46.646s][info][gc             ] GC(130) Pause Young (Normal) (G1 Evacuation Pause) 679M->10M(1168M) 7.727ms
[46.646s][info][gc,cpu         ] GC(130) User=0.00s Sys=0.02s Real=0.02s
[46.992s][info][gc,start       ] GC(131) Pause Young (Normal) (G1 Evacuation Pause)
[46.992s][info][gc,task        ] GC(131) Using 28 workers of 33 for evacuation
[46.998s][info][gc,phases      ] GC(131)   Pre Evacuate Collection Set: 0.1ms
[46.998s][info][gc,phases      ] GC(131)   Merge Heap Roots: 0.1ms
[46.998s][info][gc,phases      ] GC(131)   Evacuate Collection Set: 5.0ms
[46.998s][info][gc,phases      ] GC(131)   Post Evacuate Collection Set: 0.5ms
[46.998s][info][gc,phases      ] GC(131)   Other: 0.1ms
[46.998s][info][gc,heap        ] GC(131) Eden regions: 42->0(42)
[46.998s][info][gc,heap        ] GC(131) Survivor regions: 1->1(6)
[46.998s][info][gc,heap        ] GC(131) Old regions: 5->5
[46.998s][info][gc,heap        ] GC(131) Archive regions: 0->0
[46.998s][info][gc,heap        ] GC(131) Humongous regions: 0->0
[46.998s][info][gc,metaspace   ] GC(131) Metaspace: 8612K(8832K)->8612K(8832K) NonClass: 7459K(7552K)->7459K(7552K) Class: 1153K(1280K)->1153K(1280K)
[46.998s][info][gc             ] GC(131) Pause Young (Normal) (G1 Evacuation Pause) 682M->12M(1168M) 6.394ms
[46.998s][info][gc,cpu         ] GC(131) User=0.00s Sys=0.00s Real=0.01s
[47.371s][info][gc,start       ] GC(132) Pause Young (Normal) (G1 Evacuation Pause)
[47.371s][info][gc,task        ] GC(132) Using 28 workers of 33 for evacuation
[47.377s][info][gc,phases      ] GC(132)   Pre Evacuate Collection Set: 0.1ms
[47.377s][info][gc,phases      ] GC(132)   Merge Heap Roots: 0.2ms
[47.377s][info][gc,phases      ] GC(132)   Evacuate Collection Set: 4.9ms
[47.377s][info][gc,phases      ] GC(132)   Post Evacuate Collection Set: 0.5ms
[47.377s][info][gc,phases      ] GC(132)   Other: 0.1ms
[47.377s][info][gc,heap        ] GC(132) Eden regions: 42->0(42)
[47.377s][info][gc,heap        ] GC(132) Survivor regions: 1->1(6)
[47.377s][info][gc,heap        ] GC(132) Old regions: 5->5
[47.377s][info][gc,heap        ] GC(132) Archive regions: 0->0
[47.377s][info][gc,heap        ] GC(132) Humongous regions: 0->0
[47.377s][info][gc,metaspace   ] GC(132) Metaspace: 8612K(8832K)->8612K(8832K) NonClass: 7459K(7552K)->7459K(7552K) Class: 1153K(1280K)->1153K(1280K)
[47.377s][info][gc             ] GC(132) Pause Young (Normal) (G1 Evacuation Pause) 684M->15M(1168M) 6.340ms
[47.378s][info][gc,cpu         ] GC(132) User=0.00s Sys=0.00s Real=0.01s
[47.774s][info][gc,start       ] GC(133) Pause Young (Normal) (G1 Evacuation Pause)
[47.774s][info][gc,task        ] GC(133) Using 28 workers of 33 for evacuation
[47.783s][info][gc,phases      ] GC(133)   Pre Evacuate Collection Set: 0.1ms
[47.783s][info][gc,phases      ] GC(133)   Merge Heap Roots: 0.2ms
[47.783s][info][gc,phases      ] GC(133)   Evacuate Collection Set: 5.3ms
[47.783s][info][gc,phases      ] GC(133)   Post Evacuate Collection Set: 2.9ms
[47.783s][info][gc,phases      ] GC(133)   Other: 0.1ms
[47.783s][info][gc,heap        ] GC(133) Eden regions: 42->0(55)
[47.783s][info][gc,heap        ] GC(133) Survivor regions: 1->1(6)
[47.783s][info][gc,heap        ] GC(133) Old regions: 5->5
[47.783s][info][gc,heap        ] GC(133) Archive regions: 0->0
[47.783s][info][gc,heap        ] GC(133) Humongous regions: 0->0
[47.783s][info][gc,metaspace   ] GC(133) Metaspace: 8612K(8832K)->8612K(8832K) NonClass: 7459K(7552K)->7459K(7552K) Class: 1153K(1280K)->1153K(1280K)
[47.783s][info][gc             ] GC(133) Pause Young (Normal) (G1 Evacuation Pause) 687M->18M(1504M) 9.117ms
[47.783s][info][gc,cpu         ] GC(133) User=0.00s Sys=0.00s Real=0.01s
[48.376s][info][gc,start       ] GC(134) Pause Young (Normal) (G1 Evacuation Pause)
[48.376s][info][gc,task        ] GC(134) Using 33 workers of 33 for evacuation
[48.380s][info][gc,phases      ] GC(134)   Pre Evacuate Collection Set: 0.2ms
[48.380s][info][gc,phases      ] GC(134)   Merge Heap Roots: 0.2ms
[48.380s][info][gc,phases      ] GC(134)   Evacuate Collection Set: 3.4ms
[48.380s][info][gc,phases      ] GC(134)   Post Evacuate Collection Set: 0.6ms
[48.380s][info][gc,phases      ] GC(134)   Other: 0.2ms
[48.380s][info][gc,heap        ] GC(134) Eden regions: 55->0(54)
[48.380s][info][gc,heap        ] GC(134) Survivor regions: 1->2(7)
[48.380s][info][gc,heap        ] GC(134) Old regions: 5->5
[48.380s][info][gc,heap        ] GC(134) Archive regions: 0->0
[48.380s][info][gc,heap        ] GC(134) Humongous regions: 0->0
[48.380s][info][gc,metaspace   ] GC(134) Metaspace: 8612K(8832K)->8612K(8832K) NonClass: 7459K(7552K)->7459K(7552K) Class: 1153K(1280K)->1153K(1280K)
[48.381s][info][gc             ] GC(134) Pause Young (Normal) (G1 Evacuation Pause) 898M->21M(1504M) 5.031ms
[48.381s][info][gc,cpu         ] GC(134) User=0.02s Sys=0.00s Real=0.02s
[48.851s][info][gc,start       ] GC(135) Pause Young (Normal) (G1 Evacuation Pause)
[48.851s][info][gc,task        ] GC(135) Using 33 workers of 33 for evacuation
[48.856s][info][gc,phases      ] GC(135)   Pre Evacuate Collection Set: 0.2ms
[48.856s][info][gc,phases      ] GC(135)   Merge Heap Roots: 0.2ms
[48.856s][info][gc,phases      ] GC(135)   Evacuate Collection Set: 4.2ms
[48.856s][info][gc,phases      ] GC(135)   Post Evacuate Collection Set: 0.5ms
[48.856s][info][gc,phases      ] GC(135)   Other: 0.1ms
[48.856s][info][gc,heap        ] GC(135) Eden regions: 54->0(54)
[48.856s][info][gc,heap        ] GC(135) Survivor regions: 2->2(7)
[48.856s][info][gc,heap        ] GC(135) Old regions: 5->5
[48.856s][info][gc,heap        ] GC(135) Archive regions: 0->0
[48.856s][info][gc,heap        ] GC(135) Humongous regions: 0->0
[48.856s][info][gc,metaspace   ] GC(135) Metaspace: 8612K(8832K)->8612K(8832K) NonClass: 7459K(7552K)->7459K(7552K) Class: 1153K(1280K)->1153K(1280K)
[48.856s][info][gc             ] GC(135) Pause Young (Normal) (G1 Evacuation Pause) 885M->23M(1504M) 5.761ms
[48.856s][info][gc,cpu         ] GC(135) User=0.00s Sys=0.00s Real=0.00s
[49.635s][info][gc,start       ] GC(136) Pause Full (System.gc())
[49.635s][info][gc,task        ] GC(136) Using 8 workers of 33 for full compaction
[49.636s][info][gc,phases,start] GC(136) Phase 1: Mark live objects
[49.639s][info][gc,phases      ] GC(136) Phase 1: Mark live objects 3.208ms
[49.639s][info][gc,phases,start] GC(136) Phase 2: Prepare compaction
[49.641s][info][gc,phases      ] GC(136) Phase 2: Prepare compaction 2.087ms
[49.641s][info][gc,phases,start] GC(136) Phase 3: Adjust pointers
[49.644s][info][gc,phases      ] GC(136) Phase 3: Adjust pointers 2.676ms
[49.644s][info][gc,phases,start] GC(136) Phase 4: Compact heap
[49.645s][info][gc,phases      ] GC(136) Phase 4: Compact heap 1.653ms
[49.651s][info][gc,heap        ] GC(136) Eden regions: 47->0(10)
[49.651s][info][gc,heap        ] GC(136) Survivor regions: 2->0(7)
[49.651s][info][gc,heap        ] GC(136) Old regions: 5->5
[49.651s][info][gc,heap        ] GC(136) Archive regions: 0->0
[49.651s][info][gc,heap        ] GC(136) Humongous regions: 0->0
[49.652s][info][gc,metaspace   ] GC(136) Metaspace: 8612K(8832K)->8612K(8832K) NonClass: 7459K(7552K)->7459K(7552K) Class: 1153K(1280K)->1153K(1280K)
[49.652s][info][gc             ] GC(136) Pause Full (System.gc()) 775M->3M(272M) 16.428ms
[49.652s][info][gc,cpu         ] GC(136) User=0.02s Sys=0.00s Real=0.01s
[49.734s][info][gc,start       ] GC(137) Pause Young (Normal) (G1 Evacuation Pause)
[49.735s][info][gc,task        ] GC(137) Using 7 workers of 33 for evacuation
[49.736s][info][gc,phases      ] GC(137)   Pre Evacuate Collection Set: 0.1ms
[49.736s][info][gc,phases      ] GC(137)   Merge Heap Roots: 0.1ms
[49.736s][info][gc,phases      ] GC(137)   Evacuate Collection Set: 0.7ms
[49.736s][info][gc,phases      ] GC(137)   Post Evacuate Collection Set: 0.2ms
[49.736s][info][gc,phases      ] GC(137)   Other: 0.1ms
[49.736s][info][gc,heap        ] GC(137) Eden regions: 10->0(9)
[49.736s][info][gc,heap        ] GC(137) Survivor regions: 0->1(2)
[49.736s][info][gc,heap        ] GC(137) Old regions: 5->5
[49.736s][info][gc,heap        ] GC(137) Archive regions: 0->0
[49.736s][info][gc,heap        ] GC(137) Humongous regions: 0->0
[49.736s][info][gc,metaspace   ] GC(137) Metaspace: 8624K(8896K)->8624K(8896K) NonClass: 7470K(7616K)->7470K(7616K) Class: 1153K(1280K)->1153K(1280K)
[49.736s][info][gc             ] GC(137) Pause Young (Normal) (G1 Evacuation Pause) 163M->6M(272M) 1.693ms
[49.736s][info][gc,cpu         ] GC(137) User=0.00s Sys=0.00s Real=0.00s
[49.830s][info][gc,start       ] GC(138) Pause Young (Normal) (G1 Evacuation Pause)
[49.830s][info][gc,task        ] GC(138) Using 6 workers of 33 for evacuation
[49.832s][info][gc,phases      ] GC(138)   Pre Evacuate Collection Set: 0.1ms
[49.832s][info][gc,phases      ] GC(138)   Merge Heap Roots: 0.1ms
[49.832s][info][gc,phases      ] GC(138)   Evacuate Collection Set: 1.0ms
[49.832s][info][gc,phases      ] GC(138)   Post Evacuate Collection Set: 0.2ms
[49.832s][info][gc,phases      ] GC(138)   Other: 0.1ms
[49.832s][info][gc,heap        ] GC(138) Eden regions: 9->0(9)
[49.832s][info][gc,heap        ] GC(138) Survivor regions: 1->1(2)
[49.832s][info][gc,heap        ] GC(138) Old regions: 5->5
[49.832s][info][gc,heap        ] GC(138) Archive regions: 0->0
[49.832s][info][gc,heap        ] GC(138) Humongous regions: 0->0
[49.832s][info][gc,metaspace   ] GC(138) Metaspace: 8624K(8896K)->8624K(8896K) NonClass: 7470K(7616K)->7470K(7616K) Class: 1153K(1280K)->1153K(1280K)
[49.832s][info][gc             ] GC(138) Pause Young (Normal) (G1 Evacuation Pause) 150M->4M(272M) 1.956ms
[49.832s][info][gc,cpu         ] GC(138) User=0.00s Sys=0.00s Real=0.00s
[49.923s][info][gc,start       ] GC(139) Pause Young (Normal) (G1 Evacuation Pause)
[49.923s][info][gc,task        ] GC(139) Using 6 workers of 33 for evacuation
[49.929s][info][gc,phases      ] GC(139)   Pre Evacuate Collection Set: 0.1ms
[49.929s][info][gc,phases      ] GC(139)   Merge Heap Roots: 0.1ms
[49.929s][info][gc,phases      ] GC(139)   Evacuate Collection Set: 1.2ms
[49.929s][info][gc,phases      ] GC(139)   Post Evacuate Collection Set: 4.5ms
[49.929s][info][gc,phases      ] GC(139)   Other: 0.1ms
[49.929s][info][gc,heap        ] GC(139) Eden regions: 9->0(42)
[49.929s][info][gc,heap        ] GC(139) Survivor regions: 1->1(2)
[49.929s][info][gc,heap        ] GC(139) Old regions: 5->5
[49.929s][info][gc,heap        ] GC(139) Archive regions: 0->0
[49.929s][info][gc,heap        ] GC(139) Humongous regions: 0->0
[49.929s][info][gc,metaspace   ] GC(139) Metaspace: 8624K(8896K)->8624K(8896K) NonClass: 7470K(7616K)->7470K(7616K) Class: 1153K(1280K)->1153K(1280K)
[49.929s][info][gc             ] GC(139) Pause Young (Normal) (G1 Evacuation Pause) 148M->5M(1168M) 6.434ms
[49.929s][info][gc,cpu         ] GC(139) User=0.00s Sys=0.00s Real=0.00s
[50.347s][info][gc,start       ] GC(140) Pause Young (Normal) (G1 Evacuation Pause)
[50.347s][info][gc,task        ] GC(140) Using 28 workers of 33 for evacuation
[50.352s][info][gc,phases      ] GC(140)   Pre Evacuate Collection Set: 0.2ms
[50.352s][info][gc,phases      ] GC(140)   Merge Heap Roots: 0.1ms
[50.352s][info][gc,phases      ] GC(140)   Evacuate Collection Set: 4.0ms
[50.352s][info][gc,phases      ] GC(140)   Post Evacuate Collection Set: 0.5ms
[50.352s][info][gc,phases      ] GC(140)   Other: 0.1ms
[50.352s][info][gc,heap        ] GC(140) Eden regions: 42->0(42)
[50.352s][info][gc,heap        ] GC(140) Survivor regions: 1->1(6)
[50.352s][info][gc,heap        ] GC(140) Old regions: 5->5
[50.352s][info][gc,heap        ] GC(140) Archive regions: 0->0
[50.352s][info][gc,heap        ] GC(140) Humongous regions: 0->0
[50.352s][info][gc,metaspace   ] GC(140) Metaspace: 8624K(8896K)->8624K(8896K) NonClass: 7470K(7616K)->7470K(7616K) Class: 1153K(1280K)->1153K(1280K)
[50.353s][info][gc             ] GC(140) Pause Young (Normal) (G1 Evacuation Pause) 677M->7M(1168M) 5.380ms
[50.353s][info][gc,cpu         ] GC(140) User=0.00s Sys=0.00s Real=0.00s
[50.726s][info][gc,start       ] GC(141) Pause Young (Normal) (G1 Evacuation Pause)
[50.726s][info][gc,task        ] GC(141) Using 28 workers of 33 for evacuation
[50.731s][info][gc,phases      ] GC(141)   Pre Evacuate Collection Set: 0.1ms
[50.732s][info][gc,phases      ] GC(141)   Merge Heap Roots: 0.2ms
[50.732s][info][gc,phases      ] GC(141)   Evacuate Collection Set: 4.4ms
[50.732s][info][gc,phases      ] GC(141)   Post Evacuate Collection Set: 0.5ms
[50.732s][info][gc,phases      ] GC(141)   Other: 0.1ms
[50.732s][info][gc,heap        ] GC(141) Eden regions: 42->0(42)
[50.732s][info][gc,heap        ] GC(141) Survivor regions: 1->1(6)
[50.732s][info][gc,heap        ] GC(141) Old regions: 5->5
[50.732s][info][gc,heap        ] GC(141) Archive regions: 0->0
[50.732s][info][gc,heap        ] GC(141) Humongous regions: 0->0
[50.732s][info][gc,metaspace   ] GC(141) Metaspace: 8624K(8896K)->8624K(8896K) NonClass: 7470K(7616K)->7470K(7616K) Class: 1153K(1280K)->1153K(1280K)
[50.732s][info][gc             ] GC(141) Pause Young (Normal) (G1 Evacuation Pause) 679M->10M(1168M) 5.902ms
[50.732s][info][gc,cpu         ] GC(141) User=0.00s Sys=0.00s Real=0.01s
[51.105s][info][gc,start       ] GC(142) Pause Young (Normal) (G1 Evacuation Pause)
[51.105s][info][gc,task        ] GC(142) Using 28 workers of 33 for evacuation
[51.111s][info][gc,phases      ] GC(142)   Pre Evacuate Collection Set: 0.2ms
[51.111s][info][gc,phases      ] GC(142)   Merge Heap Roots: 0.1ms
[51.111s][info][gc,phases      ] GC(142)   Evacuate Collection Set: 4.9ms
[51.111s][info][gc,phases      ] GC(142)   Post Evacuate Collection Set: 0.5ms
[51.111s][info][gc,phases      ] GC(142)   Other: 0.1ms
[51.111s][info][gc,heap        ] GC(142) Eden regions: 42->0(42)
[51.111s][info][gc,heap        ] GC(142) Survivor regions: 1->1(6)
[51.111s][info][gc,heap        ] GC(142) Old regions: 5->5
[51.111s][info][gc,heap        ] GC(142) Archive regions: 0->0
[51.111s][info][gc,heap        ] GC(142) Humongous regions: 0->0
[51.112s][info][gc,metaspace   ] GC(142) Metaspace: 8624K(8896K)->8624K(8896K) NonClass: 7470K(7616K)->7470K(7616K) Class: 1153K(1280K)->1153K(1280K)
[51.112s][info][gc             ] GC(142) Pause Young (Normal) (G1 Evacuation Pause) 682M->12M(1168M) 6.358ms
[51.112s][info][gc,cpu         ] GC(142) User=0.00s Sys=0.00s Real=0.00s
[51.498s][info][gc,start       ] GC(143) Pause Young (Normal) (G1 Evacuation Pause)
[51.498s][info][gc,task        ] GC(143) Using 28 workers of 33 for evacuation
[51.506s][info][gc,phases      ] GC(143)   Pre Evacuate Collection Set: 0.1ms
[51.506s][info][gc,phases      ] GC(143)   Merge Heap Roots: 0.2ms
[51.506s][info][gc,phases      ] GC(143)   Evacuate Collection Set: 5.0ms
[51.506s][info][gc,phases      ] GC(143)   Post Evacuate Collection Set: 2.3ms
[51.506s][info][gc,phases      ] GC(143)   Other: 0.1ms
[51.506s][info][gc,heap        ] GC(143) Eden regions: 42->0(51)
[51.506s][info][gc,heap        ] GC(143) Survivor regions: 1->1(6)
[51.506s][info][gc,heap        ] GC(143) Old regions: 5->5
[51.506s][info][gc,heap        ] GC(143) Archive regions: 0->0
[51.506s][info][gc,heap        ] GC(143) Humongous regions: 0->0
[51.506s][info][gc,metaspace   ] GC(143) Metaspace: 8624K(8896K)->8624K(8896K) NonClass: 7470K(7616K)->7470K(7616K) Class: 1153K(1280K)->1153K(1280K)
[51.506s][info][gc             ] GC(143) Pause Young (Normal) (G1 Evacuation Pause) 684M->15M(1408M) 8.272ms
[51.506s][info][gc,cpu         ] GC(143) User=0.00s Sys=0.00s Real=0.00s
[52.044s][info][gc,start       ] GC(144) Pause Young (Normal) (G1 Evacuation Pause)
[52.044s][info][gc,task        ] GC(144) Using 33 workers of 33 for evacuation
[52.055s][info][gc,phases      ] GC(144)   Pre Evacuate Collection Set: 0.2ms
[52.055s][info][gc,phases      ] GC(144)   Merge Heap Roots: 0.2ms
[52.055s][info][gc,phases      ] GC(144)   Evacuate Collection Set: 10.0ms
[52.055s][info][gc,phases      ] GC(144)   Post Evacuate Collection Set: 0.5ms
[52.055s][info][gc,phases      ] GC(144)   Other: 0.1ms
[52.055s][info][gc,heap        ] GC(144) Eden regions: 51->0(51)
[52.055s][info][gc,heap        ] GC(144) Survivor regions: 1->1(7)
[52.055s][info][gc,heap        ] GC(144) Old regions: 5->5
[52.055s][info][gc,heap        ] GC(144) Archive regions: 0->0
[52.056s][info][gc,heap        ] GC(144) Humongous regions: 0->0
[52.056s][info][gc,metaspace   ] GC(144) Metaspace: 8624K(8896K)->8624K(8896K) NonClass: 7470K(7616K)->7470K(7616K) Class: 1153K(1280K)->1153K(1280K)
[52.056s][info][gc             ] GC(144) Pause Young (Normal) (G1 Evacuation Pause) 831M->18M(1408M) 11.489ms
[52.056s][info][gc,cpu         ] GC(144) User=0.17s Sys=0.34s Real=0.01s
[52.497s][info][gc,start       ] GC(145) Pause Young (Normal) (G1 Evacuation Pause)
[52.497s][info][gc,task        ] GC(145) Using 33 workers of 33 for evacuation
[52.504s][info][gc,phases      ] GC(145)   Pre Evacuate Collection Set: 0.1ms
[52.504s][info][gc,phases      ] GC(145)   Merge Heap Roots: 0.1ms
[52.504s][info][gc,phases      ] GC(145)   Evacuate Collection Set: 6.5ms
[52.504s][info][gc,phases      ] GC(145)   Post Evacuate Collection Set: 0.5ms
[52.505s][info][gc,phases      ] GC(145)   Other: 0.1ms
[52.505s][info][gc,heap        ] GC(145) Eden regions: 51->0(50)
[52.505s][info][gc,heap        ] GC(145) Survivor regions: 1->2(7)
[52.505s][info][gc,heap        ] GC(145) Old regions: 5->5
[52.505s][info][gc,heap        ] GC(145) Archive regions: 0->0
[52.505s][info][gc,heap        ] GC(145) Humongous regions: 0->0
[52.505s][info][gc,metaspace   ] GC(145) Metaspace: 8624K(8896K)->8624K(8896K) NonClass: 7470K(7616K)->7470K(7616K) Class: 1153K(1280K)->1153K(1280K)
[52.505s][info][gc             ] GC(145) Pause Young (Normal) (G1 Evacuation Pause) 834M->20M(1408M) 7.973ms
[52.505s][info][gc,cpu         ] GC(145) User=0.05s Sys=0.00s Real=0.02s
[52.927s][info][gc,start       ] GC(146) Pause Young (Normal) (G1 Evacuation Pause)
[52.927s][info][gc,task        ] GC(146) Using 33 workers of 33 for evacuation
[52.932s][info][gc,phases      ] GC(146)   Pre Evacuate Collection Set: 0.2ms
[52.932s][info][gc,phases      ] GC(146)   Merge Heap Roots: 0.2ms
[52.932s][info][gc,phases      ] GC(146)   Evacuate Collection Set: 4.1ms
[52.932s][info][gc,phases      ] GC(146)   Post Evacuate Collection Set: 0.6ms
[52.932s][info][gc,phases      ] GC(146)   Other: 0.1ms
[52.932s][info][gc,heap        ] GC(146) Eden regions: 50->0(50)
[52.932s][info][gc,heap        ] GC(146) Survivor regions: 2->2(7)
[52.932s][info][gc,heap        ] GC(146) Old regions: 5->5
[52.932s][info][gc,heap        ] GC(146) Archive regions: 0->0
[52.932s][info][gc,heap        ] GC(146) Humongous regions: 0->0
[52.932s][info][gc,metaspace   ] GC(146) Metaspace: 8624K(8896K)->8624K(8896K) NonClass: 7470K(7616K)->7470K(7616K) Class: 1153K(1280K)->1153K(1280K)
[52.932s][info][gc             ] GC(146) Pause Young (Normal) (G1 Evacuation Pause) 820M->24M(1408M) 5.688ms
[52.932s][info][gc,cpu         ] GC(146) User=0.00s Sys=0.02s Real=0.01s
[53.683s][info][gc,start       ] GC(147) Pause Full (System.gc())
[53.683s][info][gc,task        ] GC(147) Using 8 workers of 33 for full compaction
[53.683s][info][gc,phases,start] GC(147) Phase 1: Mark live objects
[53.686s][info][gc,phases      ] GC(147) Phase 1: Mark live objects 3.133ms
[53.686s][info][gc,phases,start] GC(147) Phase 2: Prepare compaction
[53.688s][info][gc,phases      ] GC(147) Phase 2: Prepare compaction 2.104ms
[53.688s][info][gc,phases,start] GC(147) Phase 3: Adjust pointers
[53.691s][info][gc,phases      ] GC(147) Phase 3: Adjust pointers 2.674ms
[53.691s][info][gc,phases,start] GC(147) Phase 4: Compact heap
[53.693s][info][gc,phases      ] GC(147) Phase 4: Compact heap 1.563ms
[53.697s][info][gc,heap        ] GC(147) Eden regions: 46->0(8)
[53.698s][info][gc,heap        ] GC(147) Survivor regions: 2->0(7)
[53.698s][info][gc,heap        ] GC(147) Old regions: 5->4
[53.698s][info][gc,heap        ] GC(147) Archive regions: 0->0
[53.698s][info][gc,heap        ] GC(147) Humongous regions: 0->0
[53.698s][info][gc,metaspace   ] GC(147) Metaspace: 8625K(8896K)->8625K(8896K) NonClass: 7472K(7616K)->7472K(7616K) Class: 1153K(1280K)->1153K(1280K)
[53.698s][info][gc             ] GC(147) Pause Full (System.gc()) 760M->3M(224M) 15.236ms
[53.698s][info][gc,cpu         ] GC(147) User=0.11s Sys=0.02s Real=0.02s
[53.777s][info][gc,start       ] GC(148) Pause Young (Normal) (G1 Evacuation Pause)
[53.777s][info][gc,task        ] GC(148) Using 6 workers of 33 for evacuation
[53.781s][info][gc,phases      ] GC(148)   Pre Evacuate Collection Set: 0.1ms
[53.781s][info][gc,phases      ] GC(148)   Merge Heap Roots: 0.2ms
[53.781s][info][gc,phases      ] GC(148)   Evacuate Collection Set: 0.6ms
[53.781s][info][gc,phases      ] GC(148)   Post Evacuate Collection Set: 3.5ms
[53.781s][info][gc,phases      ] GC(148)   Other: 0.1ms
[53.781s][info][gc,heap        ] GC(148) Eden regions: 8->0(41)
[53.781s][info][gc,heap        ] GC(148) Survivor regions: 0->1(1)
[53.781s][info][gc,heap        ] GC(148) Old regions: 4->4
[53.781s][info][gc,heap        ] GC(148) Archive regions: 0->0
[53.782s][info][gc,heap        ] GC(148) Humongous regions: 0->0
[53.782s][info][gc,metaspace   ] GC(148) Metaspace: 8630K(8896K)->8630K(8896K) NonClass: 7476K(7616K)->7476K(7616K) Class: 1153K(1280K)->1153K(1280K)
[53.782s][info][gc             ] GC(148) Pause Young (Normal) (G1 Evacuation Pause) 131M->6M(1136M) 4.886ms
[53.782s][info][gc,cpu         ] GC(148) User=0.00s Sys=0.00s Real=0.00s
[54.137s][info][gc,start       ] GC(149) Pause Young (Normal) (G1 Evacuation Pause)
[54.137s][info][gc,task        ] GC(149) Using 27 workers of 33 for evacuation
[54.139s][info][gc,phases      ] GC(149)   Pre Evacuate Collection Set: 0.1ms
[54.139s][info][gc,phases      ] GC(149)   Merge Heap Roots: 0.2ms
[54.139s][info][gc,phases      ] GC(149)   Evacuate Collection Set: 1.2ms
[54.139s][info][gc,phases      ] GC(149)   Post Evacuate Collection Set: 0.5ms
[54.139s][info][gc,phases      ] GC(149)   Other: 0.1ms
[54.140s][info][gc,heap        ] GC(149) Eden regions: 41->0(41)
[54.140s][info][gc,heap        ] GC(149) Survivor regions: 1->1(6)
[54.140s][info][gc,heap        ] GC(149) Old regions: 4->4
[54.140s][info][gc,heap        ] GC(149) Archive regions: 0->0
[54.140s][info][gc,heap        ] GC(149) Humongous regions: 0->0
[54.140s][info][gc,metaspace   ] GC(149) Metaspace: 8630K(8896K)->8630K(8896K) NonClass: 7476K(7616K)->7476K(7616K) Class: 1153K(1280K)->1153K(1280K)
[54.140s][info][gc             ] GC(149) Pause Young (Normal) (G1 Evacuation Pause) 662M->6M(1136M) 2.643ms
[54.140s][info][gc,cpu         ] GC(149) User=0.00s Sys=0.00s Real=0.00s
[54.508s][info][gc,start       ] GC(150) Pause Young (Normal) (G1 Evacuation Pause)
[54.508s][info][gc,task        ] GC(150) Using 27 workers of 33 for evacuation
[54.512s][info][gc,phases      ] GC(150)   Pre Evacuate Collection Set: 0.1ms
[54.512s][info][gc,phases      ] GC(150)   Merge Heap Roots: 0.1ms
[54.512s][info][gc,phases      ] GC(150)   Evacuate Collection Set: 3.0ms
[54.512s][info][gc,phases      ] GC(150)   Post Evacuate Collection Set: 0.5ms
[54.512s][info][gc,phases      ] GC(150)   Other: 0.1ms
[54.512s][info][gc,heap        ] GC(150) Eden regions: 41->0(41)
[54.512s][info][gc,heap        ] GC(150) Survivor regions: 1->1(6)
[54.512s][info][gc,heap        ] GC(150) Old regions: 4->4
[54.512s][info][gc,heap        ] GC(150) Archive regions: 0->0
[54.512s][info][gc,heap        ] GC(150) Humongous regions: 0->0
[54.512s][info][gc,metaspace   ] GC(150) Metaspace: 8630K(8896K)->8630K(8896K) NonClass: 7476K(7616K)->7476K(7616K) Class: 1153K(1280K)->1153K(1280K)
[54.512s][info][gc             ] GC(150) Pause Young (Normal) (G1 Evacuation Pause) 662M->8M(1136M) 4.387ms
[54.513s][info][gc,cpu         ] GC(150) User=0.00s Sys=0.00s Real=0.00s
[54.870s][info][gc,start       ] GC(151) Pause Young (Normal) (G1 Evacuation Pause)
[54.870s][info][gc,task        ] GC(151) Using 27 workers of 33 for evacuation
[54.873s][info][gc,phases      ] GC(151)   Pre Evacuate Collection Set: 0.1ms
[54.873s][info][gc,phases      ] GC(151)   Merge Heap Roots: 0.2ms
[54.873s][info][gc,phases      ] GC(151)   Evacuate Collection Set: 2.1ms
[54.873s][info][gc,phases      ] GC(151)   Post Evacuate Collection Set: 0.4ms
[54.873s][info][gc,phases      ] GC(151)   Other: 0.1ms
[54.873s][info][gc,heap        ] GC(151) Eden regions: 41->0(41)
[54.873s][info][gc,heap        ] GC(151) Survivor regions: 1->1(6)
[54.873s][info][gc,heap        ] GC(151) Old regions: 4->4
[54.873s][info][gc,heap        ] GC(151) Archive regions: 0->0
[54.873s][info][gc,heap        ] GC(151) Humongous regions: 0->0
[54.873s][info][gc,metaspace   ] GC(151) Metaspace: 8630K(8896K)->8630K(8896K) NonClass: 7476K(7616K)->7476K(7616K) Class: 1153K(1280K)->1153K(1280K)
[54.873s][info][gc             ] GC(151) Pause Young (Normal) (G1 Evacuation Pause) 664M->11M(1136M) 3.495ms
[54.873s][info][gc,cpu         ] GC(151) User=0.00s Sys=0.00s Real=0.00s
[55.220s][info][gc,start       ] GC(152) Pause Young (Normal) (G1 Evacuation Pause)
[55.220s][info][gc,task        ] GC(152) Using 27 workers of 33 for evacuation
[55.226s][info][gc,phases      ] GC(152)   Pre Evacuate Collection Set: 0.1ms
[55.226s][info][gc,phases      ] GC(152)   Merge Heap Roots: 0.2ms
[55.226s][info][gc,phases      ] GC(152)   Evacuate Collection Set: 4.6ms
[55.226s][info][gc,phases      ] GC(152)   Post Evacuate Collection Set: 0.5ms
[55.226s][info][gc,phases      ] GC(152)   Other: 0.1ms
[55.226s][info][gc,heap        ] GC(152) Eden regions: 41->0(41)
[55.226s][info][gc,heap        ] GC(152) Survivor regions: 1->1(6)
[55.226s][info][gc,heap        ] GC(152) Old regions: 4->4
[55.226s][info][gc,heap        ] GC(152) Archive regions: 0->0
[55.226s][info][gc,heap        ] GC(152) Humongous regions: 0->0
[55.226s][info][gc,metaspace   ] GC(152) Metaspace: 8630K(8896K)->8630K(8896K) NonClass: 7476K(7616K)->7476K(7616K) Class: 1153K(1280K)->1153K(1280K)
[55.226s][info][gc             ] GC(152) Pause Young (Normal) (G1 Evacuation Pause) 667M->13M(1136M) 6.122ms
[55.226s][info][gc,cpu         ] GC(152) User=0.13s Sys=0.30s Real=0.01s
[55.572s][info][gc,start       ] GC(153) Pause Young (Normal) (G1 Evacuation Pause)
[55.572s][info][gc,task        ] GC(153) Using 27 workers of 33 for evacuation
[55.576s][info][gc,phases      ] GC(153)   Pre Evacuate Collection Set: 0.1ms
[55.576s][info][gc,phases      ] GC(153)   Merge Heap Roots: 0.2ms
[55.576s][info][gc,phases      ] GC(153)   Evacuate Collection Set: 3.3ms
[55.576s][info][gc,phases      ] GC(153)   Post Evacuate Collection Set: 0.5ms
[55.577s][info][gc,phases      ] GC(153)   Other: 0.1ms
[55.577s][info][gc,heap        ] GC(153) Eden regions: 41->0(41)
[55.577s][info][gc,heap        ] GC(153) Survivor regions: 1->1(6)
[55.577s][info][gc,heap        ] GC(153) Old regions: 4->4
[55.577s][info][gc,heap        ] GC(153) Archive regions: 0->0
[55.577s][info][gc,heap        ] GC(153) Humongous regions: 0->0
[55.577s][info][gc,metaspace   ] GC(153) Metaspace: 8630K(8896K)->8630K(8896K) NonClass: 7476K(7616K)->7476K(7616K) Class: 1153K(1280K)->1153K(1280K)
[55.577s][info][gc             ] GC(153) Pause Young (Normal) (G1 Evacuation Pause) 669M->15M(1136M) 4.711ms
[55.577s][info][gc,cpu         ] GC(153) User=0.00s Sys=0.00s Real=0.01s
[55.958s][info][gc,start       ] GC(154) Pause Young (Normal) (G1 Evacuation Pause)
[55.958s][info][gc,task        ] GC(154) Using 27 workers of 33 for evacuation
[55.966s][info][gc,phases      ] GC(154)   Pre Evacuate Collection Set: 0.1ms
[55.966s][info][gc,phases      ] GC(154)   Merge Heap Roots: 0.1ms
[55.966s][info][gc,phases      ] GC(154)   Evacuate Collection Set: 5.3ms
[55.967s][info][gc,phases      ] GC(154)   Post Evacuate Collection Set: 2.2ms
[55.967s][info][gc,phases      ] GC(154)   Other: 0.1ms
[55.967s][info][gc,heap        ] GC(154) Eden regions: 41->0(50)
[55.967s][info][gc,heap        ] GC(154) Survivor regions: 1->1(6)
[55.967s][info][gc,heap        ] GC(154) Old regions: 4->4
[55.967s][info][gc,heap        ] GC(154) Archive regions: 0->0
[55.967s][info][gc,heap        ] GC(154) Humongous regions: 0->0
[55.967s][info][gc,metaspace   ] GC(154) Metaspace: 8630K(8896K)->8630K(8896K) NonClass: 7476K(7616K)->7476K(7616K) Class: 1153K(1280K)->1153K(1280K)
[55.967s][info][gc             ] GC(154) Pause Young (Normal) (G1 Evacuation Pause) 671M->18M(1376M) 8.486ms
[55.967s][info][gc,cpu         ] GC(154) User=0.19s Sys=0.23s Real=0.02s
[56.491s][info][gc,start       ] GC(155) Pause Young (Normal) (G1 Evacuation Pause)
[56.491s][info][gc,task        ] GC(155) Using 33 workers of 33 for evacuation
[56.496s][info][gc,phases      ] GC(155)   Pre Evacuate Collection Set: 0.2ms
[56.496s][info][gc,phases      ] GC(155)   Merge Heap Roots: 0.2ms
[56.496s][info][gc,phases      ] GC(155)   Evacuate Collection Set: 3.5ms
[56.496s][info][gc,phases      ] GC(155)   Post Evacuate Collection Set: 0.5ms
[56.496s][info][gc,phases      ] GC(155)   Other: 0.1ms
[56.496s][info][gc,heap        ] GC(155) Eden regions: 50->0(49)
[56.496s][info][gc,heap        ] GC(155) Survivor regions: 1->2(7)
[56.496s][info][gc,heap        ] GC(155) Old regions: 4->4
[56.496s][info][gc,heap        ] GC(155) Archive regions: 0->0
[56.496s][info][gc,heap        ] GC(155) Humongous regions: 0->0
[56.496s][info][gc,metaspace   ] GC(155) Metaspace: 8630K(8896K)->8630K(8896K) NonClass: 7476K(7616K)->7476K(7616K) Class: 1153K(1280K)->1153K(1280K)
[56.496s][info][gc             ] GC(155) Pause Young (Normal) (G1 Evacuation Pause) 818M->21M(1376M) 5.097ms
[56.496s][info][gc,cpu         ] GC(155) User=0.03s Sys=0.00s Real=0.01s
[56.925s][info][gc,start       ] GC(156) Pause Young (Normal) (G1 Evacuation Pause)
[56.925s][info][gc,task        ] GC(156) Using 33 workers of 33 for evacuation
[56.931s][info][gc,phases      ] GC(156)   Pre Evacuate Collection Set: 0.2ms
[56.931s][info][gc,phases      ] GC(156)   Merge Heap Roots: 0.2ms
[56.931s][info][gc,phases      ] GC(156)   Evacuate Collection Set: 4.5ms
[56.931s][info][gc,phases      ] GC(156)   Post Evacuate Collection Set: 0.5ms
[56.931s][info][gc,phases      ] GC(156)   Other: 0.1ms
[56.931s][info][gc,heap        ] GC(156) Eden regions: 49->0(49)
[56.931s][info][gc,heap        ] GC(156) Survivor regions: 2->2(7)
[56.931s][info][gc,heap        ] GC(156) Old regions: 4->4
[56.931s][info][gc,heap        ] GC(156) Archive regions: 0->0
[56.931s][info][gc,heap        ] GC(156) Humongous regions: 0->0
[56.931s][info][gc,metaspace   ] GC(156) Metaspace: 8630K(8896K)->8630K(8896K) NonClass: 7476K(7616K)->7476K(7616K) Class: 1153K(1280K)->1153K(1280K)
[56.931s][info][gc             ] GC(156) Pause Young (Normal) (G1 Evacuation Pause) 805M->24M(1376M) 6.059ms
[56.931s][info][gc,cpu         ] GC(156) User=0.33s Sys=0.03s Real=0.01s
[57.682s][info][gc,start       ] GC(157) Pause Full (System.gc())
[57.682s][info][gc,task        ] GC(157) Using 8 workers of 33 for full compaction
[57.683s][info][gc,phases,start] GC(157) Phase 1: Mark live objects
[57.686s][info][gc,phases      ] GC(157) Phase 1: Mark live objects 3.564ms
[57.686s][info][gc,phases,start] GC(157) Phase 2: Prepare compaction
[57.689s][info][gc,phases      ] GC(157) Phase 2: Prepare compaction 2.270ms
[57.689s][info][gc,phases,start] GC(157) Phase 3: Adjust pointers
[57.692s][info][gc,phases      ] GC(157) Phase 3: Adjust pointers 2.705ms
[57.692s][info][gc,phases,start] GC(157) Phase 4: Compact heap
[57.693s][info][gc,phases      ] GC(157) Phase 4: Compact heap 1.642ms
[57.697s][info][gc,heap        ] GC(157) Eden regions: 41->0(8)
[57.697s][info][gc,heap        ] GC(157) Survivor regions: 2->0(7)
[57.697s][info][gc,heap        ] GC(157) Old regions: 4->4
[57.697s][info][gc,heap        ] GC(157) Archive regions: 0->0
[57.697s][info][gc,heap        ] GC(157) Humongous regions: 0->0
[57.697s][info][gc,metaspace   ] GC(157) Metaspace: 8630K(8896K)->8630K(8896K) NonClass: 7476K(7616K)->7476K(7616K) Class: 1153K(1280K)->1153K(1280K)
[57.697s][info][gc             ] GC(157) Pause Full (System.gc()) 680M->3M(224M) 14.478ms
[57.697s][info][gc,cpu         ] GC(157) User=0.03s Sys=0.00s Real=0.01s
[57.764s][info][gc,start       ] GC(158) Pause Young (Normal) (G1 Evacuation Pause)
[57.764s][info][gc,task        ] GC(158) Using 6 workers of 33 for evacuation
[57.765s][info][gc,phases      ] GC(158)   Pre Evacuate Collection Set: 0.1ms
[57.765s][info][gc,phases      ] GC(158)   Merge Heap Roots: 0.1ms
[57.765s][info][gc,phases      ] GC(158)   Evacuate Collection Set: 0.6ms
[57.765s][info][gc,phases      ] GC(158)   Post Evacuate Collection Set: 0.2ms
[57.765s][info][gc,phases      ] GC(158)   Other: 0.1ms
[57.765s][info][gc,heap        ] GC(158) Eden regions: 8->0(7)
[57.765s][info][gc,heap        ] GC(158) Survivor regions: 0->1(1)
[57.765s][info][gc,heap        ] GC(158) Old regions: 4->4
[57.765s][info][gc,heap        ] GC(158) Archive regions: 0->0
[57.765s][info][gc,heap        ] GC(158) Humongous regions: 0->0
[57.765s][info][gc,metaspace   ] GC(158) Metaspace: 8630K(8896K)->8630K(8896K) NonClass: 7477K(7616K)->7477K(7616K) Class: 1153K(1280K)->1153K(1280K)
[57.765s][info][gc             ] GC(158) Pause Young (Normal) (G1 Evacuation Pause) 131M->6M(224M) 1.557ms
[57.766s][info][gc,cpu         ] GC(158) User=0.00s Sys=0.00s Real=0.00s
[57.824s][info][gc,start       ] GC(159) Pause Young (Normal) (G1 Evacuation Pause)
[57.824s][info][gc,task        ] GC(159) Using 5 workers of 33 for evacuation
[57.826s][info][gc,phases      ] GC(159)   Pre Evacuate Collection Set: 0.1ms
[57.826s][info][gc,phases      ] GC(159)   Merge Heap Roots: 0.1ms
[57.826s][info][gc,phases      ] GC(159)   Evacuate Collection Set: 1.0ms
[57.826s][info][gc,phases      ] GC(159)   Post Evacuate Collection Set: 0.2ms
[57.826s][info][gc,phases      ] GC(159)   Other: 0.1ms
[57.826s][info][gc,heap        ] GC(159) Eden regions: 7->0(7)
[57.826s][info][gc,heap        ] GC(159) Survivor regions: 1->1(1)
[57.826s][info][gc,heap        ] GC(159) Old regions: 4->4
[57.826s][info][gc,heap        ] GC(159) Archive regions: 0->0
[57.826s][info][gc,heap        ] GC(159) Humongous regions: 0->0
[57.826s][info][gc,metaspace   ] GC(159) Metaspace: 8630K(8896K)->8630K(8896K) NonClass: 7477K(7616K)->7477K(7616K) Class: 1153K(1280K)->1153K(1280K)
[57.826s][info][gc             ] GC(159) Pause Young (Normal) (G1 Evacuation Pause) 118M->4M(224M) 2.059ms
[57.826s][info][gc,cpu         ] GC(159) User=0.00s Sys=0.00s Real=0.00s
[57.888s][info][gc,start       ] GC(160) Pause Young (Normal) (G1 Evacuation Pause)
[57.889s][info][gc,task        ] GC(160) Using 5 workers of 33 for evacuation
[57.894s][info][gc,phases      ] GC(160)   Pre Evacuate Collection Set: 0.1ms
[57.894s][info][gc,phases      ] GC(160)   Merge Heap Roots: 0.1ms
[57.895s][info][gc,phases      ] GC(160)   Evacuate Collection Set: 1.1ms
[57.895s][info][gc,phases      ] GC(160)   Post Evacuate Collection Set: 4.5ms
[57.895s][info][gc,phases      ] GC(160)   Other: 0.1ms
[57.895s][info][gc,heap        ] GC(160) Eden regions: 7->0(41)
[57.895s][info][gc,heap        ] GC(160) Survivor regions: 1->1(1)
[57.895s][info][gc,heap        ] GC(160) Old regions: 4->4
[57.895s][info][gc,heap        ] GC(160) Archive regions: 0->0
[57.895s][info][gc,heap        ] GC(160) Humongous regions: 0->0
[57.895s][info][gc,metaspace   ] GC(160) Metaspace: 8630K(8896K)->8630K(8896K) NonClass: 7477K(7616K)->7477K(7616K) Class: 1153K(1280K)->1153K(1280K)
[57.895s][info][gc             ] GC(160) Pause Young (Normal) (G1 Evacuation Pause) 116M->4M(1136M) 6.376ms
[57.895s][info][gc,cpu         ] GC(160) User=0.00s Sys=0.02s Real=0.01s
[58.281s][info][gc,start       ] GC(161) Pause Young (Normal) (G1 Evacuation Pause)
[58.281s][info][gc,task        ] GC(161) Using 27 workers of 33 for evacuation
[58.286s][info][gc,phases      ] GC(161)   Pre Evacuate Collection Set: 0.1ms
[58.286s][info][gc,phases      ] GC(161)   Merge Heap Roots: 0.2ms
[58.286s][info][gc,phases      ] GC(161)   Evacuate Collection Set: 4.0ms
[58.286s][info][gc,phases      ] GC(161)   Post Evacuate Collection Set: 0.5ms
[58.286s][info][gc,phases      ] GC(161)   Other: 0.1ms
[58.287s][info][gc,heap        ] GC(161) Eden regions: 41->0(41)
[58.287s][info][gc,heap        ] GC(161) Survivor regions: 1->1(6)
[58.287s][info][gc,heap        ] GC(161) Old regions: 4->4
[58.287s][info][gc,heap        ] GC(161) Archive regions: 0->0
[58.287s][info][gc,heap        ] GC(161) Humongous regions: 0->0
[58.287s][info][gc,metaspace   ] GC(161) Metaspace: 8630K(8896K)->8630K(8896K) NonClass: 7477K(7616K)->7477K(7616K) Class: 1153K(1280K)->1153K(1280K)
[58.287s][info][gc             ] GC(161) Pause Young (Normal) (G1 Evacuation Pause) 660M->7M(1136M) 5.442ms
[58.287s][info][gc,cpu         ] GC(161) User=0.06s Sys=0.36s Real=0.02s
[58.645s][info][gc,start       ] GC(162) Pause Young (Normal) (G1 Evacuation Pause)
[58.645s][info][gc,task        ] GC(162) Using 27 workers of 33 for evacuation
[58.650s][info][gc,phases      ] GC(162)   Pre Evacuate Collection Set: 0.1ms
[58.650s][info][gc,phases      ] GC(162)   Merge Heap Roots: 0.1ms
[58.650s][info][gc,phases      ] GC(162)   Evacuate Collection Set: 3.9ms
[58.650s][info][gc,phases      ] GC(162)   Post Evacuate Collection Set: 0.5ms
[58.650s][info][gc,phases      ] GC(162)   Other: 0.1ms
[58.650s][info][gc,heap        ] GC(162) Eden regions: 41->0(41)
[58.650s][info][gc,heap        ] GC(162) Survivor regions: 1->1(6)
[58.650s][info][gc,heap        ] GC(162) Old regions: 4->4
[58.650s][info][gc,heap        ] GC(162) Archive regions: 0->0
[58.650s][info][gc,heap        ] GC(162) Humongous regions: 0->0
[58.650s][info][gc,metaspace   ] GC(162) Metaspace: 8630K(8896K)->8630K(8896K) NonClass: 7477K(7616K)->7477K(7616K) Class: 1153K(1280K)->1153K(1280K)
[58.650s][info][gc             ] GC(162) Pause Young (Normal) (G1 Evacuation Pause) 663M->9M(1136M) 5.328ms
[58.650s][info][gc,cpu         ] GC(162) User=0.00s Sys=0.00s Real=0.00s
[59.021s][info][gc,start       ] GC(163) Pause Young (Normal) (G1 Evacuation Pause)
[59.022s][info][gc,task        ] GC(163) Using 27 workers of 33 for evacuation
[59.027s][info][gc,phases      ] GC(163)   Pre Evacuate Collection Set: 0.1ms
[59.027s][info][gc,phases      ] GC(163)   Merge Heap Roots: 0.1ms
[59.027s][info][gc,phases      ] GC(163)   Evacuate Collection Set: 4.7ms
[59.027s][info][gc,phases      ] GC(163)   Post Evacuate Collection Set: 0.5ms
[59.027s][info][gc,phases      ] GC(163)   Other: 0.1ms
[59.027s][info][gc,heap        ] GC(163) Eden regions: 41->0(41)
[59.027s][info][gc,heap        ] GC(163) Survivor regions: 1->1(6)
[59.027s][info][gc,heap        ] GC(163) Old regions: 4->4
[59.027s][info][gc,heap        ] GC(163) Archive regions: 0->0
[59.027s][info][gc,heap        ] GC(163) Humongous regions: 0->0
[59.027s][info][gc,metaspace   ] GC(163) Metaspace: 8630K(8896K)->8630K(8896K) NonClass: 7477K(7616K)->7477K(7616K) Class: 1153K(1280K)->1153K(1280K)
[59.028s][info][gc             ] GC(163) Pause Young (Normal) (G1 Evacuation Pause) 665M->11M(1136M) 6.106ms
[59.028s][info][gc,cpu         ] GC(163) User=0.00s Sys=0.00s Real=0.00s
[59.406s][info][gc,start       ] GC(164) Pause Young (Normal) (G1 Evacuation Pause)
[59.406s][info][gc,task        ] GC(164) Using 27 workers of 33 for evacuation
[59.415s][info][gc,phases      ] GC(164)   Pre Evacuate Collection Set: 0.1ms
[59.415s][info][gc,phases      ] GC(164)   Merge Heap Roots: 0.2ms
[59.415s][info][gc,phases      ] GC(164)   Evacuate Collection Set: 5.6ms
[59.415s][info][gc,phases      ] GC(164)   Post Evacuate Collection Set: 2.9ms
[59.415s][info][gc,phases      ] GC(164)   Other: 0.1ms
[59.415s][info][gc,heap        ] GC(164) Eden regions: 41->0(53)
[59.415s][info][gc,heap        ] GC(164) Survivor regions: 1->1(6)
[59.415s][info][gc,heap        ] GC(164) Old regions: 4->4
[59.415s][info][gc,heap        ] GC(164) Archive regions: 0->0
[59.415s][info][gc,heap        ] GC(164) Humongous regions: 0->0
[59.415s][info][gc,metaspace   ] GC(164) Metaspace: 8630K(8896K)->8630K(8896K) NonClass: 7477K(7616K)->7477K(7616K) Class: 1153K(1280K)->1153K(1280K)
[59.415s][info][gc             ] GC(164) Pause Young (Normal) (G1 Evacuation Pause) 667M->14M(1456M) 9.449ms
[59.415s][info][gc,cpu         ] GC(164) User=0.09s Sys=0.33s Real=0.01s
[59.971s][info][gc,start       ] GC(165) Pause Young (Normal) (G1 Evacuation Pause)
[59.971s][info][gc,task        ] GC(165) Using 33 workers of 33 for evacuation
[59.983s][info][gc,phases      ] GC(165)   Pre Evacuate Collection Set: 0.2ms
[59.984s][info][gc,phases      ] GC(165)   Merge Heap Roots: 0.2ms
[59.984s][info][gc,phases      ] GC(165)   Evacuate Collection Set: 11.1ms
[59.984s][info][gc,phases      ] GC(165)   Post Evacuate Collection Set: 0.5ms
[59.984s][info][gc,phases      ] GC(165)   Other: 0.1ms
[59.984s][info][gc,heap        ] GC(165) Eden regions: 53->0(53)
[59.984s][info][gc,heap        ] GC(165) Survivor regions: 1->1(7)
[59.984s][info][gc,heap        ] GC(165) Old regions: 4->4
[59.984s][info][gc,heap        ] GC(165) Archive regions: 0->0
[59.984s][info][gc,heap        ] GC(165) Humongous regions: 0->0
[59.984s][info][gc,metaspace   ] GC(165) Metaspace: 8633K(8896K)->8633K(8896K) NonClass: 7479K(7616K)->7479K(7616K) Class: 1153K(1280K)->1153K(1280K)
[59.984s][info][gc             ] GC(165) Pause Young (Normal) (G1 Evacuation Pause) 862M->17M(1456M) 12.608ms
[59.984s][info][gc,cpu         ] GC(165) User=0.23s Sys=0.28s Real=0.01s
[60.442s][info][gc,start       ] GC(166) Pause Young (Normal) (G1 Evacuation Pause)
[60.442s][info][gc,task        ] GC(166) Using 33 workers of 33 for evacuation
[60.455s][info][gc,phases      ] GC(166)   Pre Evacuate Collection Set: 0.2ms
[60.455s][info][gc,phases      ] GC(166)   Merge Heap Roots: 0.2ms
[60.455s][info][gc,phases      ] GC(166)   Evacuate Collection Set: 12.4ms
[60.455s][info][gc,phases      ] GC(166)   Post Evacuate Collection Set: 0.4ms
[60.455s][info][gc,phases      ] GC(166)   Other: 0.1ms
[60.455s][info][gc,heap        ] GC(166) Eden regions: 53->0(52)
[60.455s][info][gc,heap        ] GC(166) Survivor regions: 1->2(7)
[60.455s][info][gc,heap        ] GC(166) Old regions: 4->4
[60.455s][info][gc,heap        ] GC(166) Archive regions: 0->0
[60.455s][info][gc,heap        ] GC(166) Humongous regions: 0->0
[60.455s][info][gc,metaspace   ] GC(166) Metaspace: 8633K(8896K)->8633K(8896K) NonClass: 7479K(7616K)->7479K(7616K) Class: 1153K(1280K)->1153K(1280K)
[60.455s][info][gc             ] GC(166) Pause Young (Normal) (G1 Evacuation Pause) 865M->20M(1456M) 13.732ms
[60.455s][info][gc,cpu         ] GC(166) User=0.02s Sys=0.00s Real=0.02s
[60.902s][info][gc,start       ] GC(167) Pause Young (Normal) (G1 Evacuation Pause)
[60.914s][info][gc,task        ] GC(167) Using 33 workers of 33 for evacuation
[60.921s][info][gc,phases      ] GC(167)   Pre Evacuate Collection Set: 0.2ms
[60.921s][info][gc,phases      ] GC(167)   Merge Heap Roots: 0.2ms
[60.921s][info][gc,phases      ] GC(167)   Evacuate Collection Set: 5.4ms
[60.921s][info][gc,phases      ] GC(167)   Post Evacuate Collection Set: 0.5ms
[60.921s][info][gc,phases      ] GC(167)   Other: 0.2ms
[60.921s][info][gc,heap        ] GC(167) Eden regions: 52->0(52)
[60.921s][info][gc,heap        ] GC(167) Survivor regions: 2->2(7)
[60.921s][info][gc,heap        ] GC(167) Old regions: 4->4
[60.921s][info][gc,heap        ] GC(167) Archive regions: 0->0
[60.921s][info][gc,heap        ] GC(167) Humongous regions: 0->0
[60.921s][info][gc,metaspace   ] GC(167) Metaspace: 8633K(8896K)->8633K(8896K) NonClass: 7479K(7616K)->7479K(7616K) Class: 1153K(1280K)->1153K(1280K)
[60.921s][info][gc             ] GC(167) Pause Young (Normal) (G1 Evacuation Pause) 852M->24M(1456M) 18.990ms
[60.921s][info][gc,cpu         ] GC(167) User=0.28s Sys=0.00s Real=0.03s
[61.708s][info][gc,start       ] GC(168) Pause Full (System.gc())
[61.708s][info][gc,task        ] GC(168) Using 8 workers of 33 for full compaction
[61.708s][info][gc,phases,start] GC(168) Phase 1: Mark live objects
[61.712s][info][gc,phases      ] GC(168) Phase 1: Mark live objects 4.151ms
[61.713s][info][gc,phases,start] GC(168) Phase 2: Prepare compaction
[61.715s][info][gc,phases      ] GC(168) Phase 2: Prepare compaction 2.538ms
[61.715s][info][gc,phases,start] GC(168) Phase 3: Adjust pointers
[61.718s][info][gc,phases      ] GC(168) Phase 3: Adjust pointers 2.766ms
[61.718s][info][gc,phases,start] GC(168) Phase 4: Compact heap
[61.720s][info][gc,phases      ] GC(168) Phase 4: Compact heap 1.804ms
[61.724s][info][gc,heap        ] GC(168) Eden regions: 50->0(8)
[61.724s][info][gc,heap        ] GC(168) Survivor regions: 2->0(7)
[61.724s][info][gc,heap        ] GC(168) Old regions: 4->4
[61.724s][info][gc,heap        ] GC(168) Archive regions: 0->0
[61.724s][info][gc,heap        ] GC(168) Humongous regions: 0->0
[61.724s][info][gc,metaspace   ] GC(168) Metaspace: 8633K(8896K)->8633K(8896K) NonClass: 7480K(7616K)->7480K(7616K) Class: 1153K(1280K)->1153K(1280K)
[61.724s][info][gc             ] GC(168) Pause Full (System.gc()) 824M->3M(224M) 16.227ms
[61.724s][info][gc,cpu         ] GC(168) User=0.02s Sys=0.00s Real=0.02s
[61.807s][info][gc,start       ] GC(169) Pause Young (Normal) (G1 Evacuation Pause)
[61.807s][info][gc,task        ] GC(169) Using 6 workers of 33 for evacuation
[61.811s][info][gc,phases      ] GC(169)   Pre Evacuate Collection Set: 0.0ms
[61.811s][info][gc,phases      ] GC(169)   Merge Heap Roots: 0.1ms
[61.811s][info][gc,phases      ] GC(169)   Evacuate Collection Set: 0.5ms
[61.811s][info][gc,phases      ] GC(169)   Post Evacuate Collection Set: 2.8ms
[61.811s][info][gc,phases      ] GC(169)   Other: 0.1ms
[61.811s][info][gc,heap        ] GC(169) Eden regions: 8->0(41)
[61.811s][info][gc,heap        ] GC(169) Survivor regions: 0->1(1)
[61.811s][info][gc,heap        ] GC(169) Old regions: 4->4
[61.811s][info][gc,heap        ] GC(169) Archive regions: 0->0
[61.811s][info][gc,heap        ] GC(169) Humongous regions: 0->0
[61.811s][info][gc,metaspace   ] GC(169) Metaspace: 8641K(8896K)->8641K(8896K) NonClass: 7487K(7616K)->7487K(7616K) Class: 1153K(1280K)->1153K(1280K)
[61.811s][info][gc             ] GC(169) Pause Young (Normal) (G1 Evacuation Pause) 131M->6M(1136M) 3.760ms
[61.811s][info][gc,cpu         ] GC(169) User=0.00s Sys=0.00s Real=0.00s
[62.195s][info][gc,start       ] GC(170) Pause Young (Normal) (G1 Evacuation Pause)
[62.195s][info][gc,task        ] GC(170) Using 27 workers of 33 for evacuation
[62.197s][info][gc,phases      ] GC(170)   Pre Evacuate Collection Set: 0.1ms
[62.198s][info][gc,phases      ] GC(170)   Merge Heap Roots: 0.2ms
[62.198s][info][gc,phases      ] GC(170)   Evacuate Collection Set: 1.3ms
[62.198s][info][gc,phases      ] GC(170)   Post Evacuate Collection Set: 0.5ms
[62.198s][info][gc,phases      ] GC(170)   Other: 0.1ms
[62.198s][info][gc,heap        ] GC(170) Eden regions: 41->0(41)
[62.198s][info][gc,heap        ] GC(170) Survivor regions: 1->1(6)
[62.198s][info][gc,heap        ] GC(170) Old regions: 4->4
[62.198s][info][gc,heap        ] GC(170) Archive regions: 0->0
[62.198s][info][gc,heap        ] GC(170) Humongous regions: 0->0
[62.198s][info][gc,metaspace   ] GC(170) Metaspace: 8641K(8896K)->8641K(8896K) NonClass: 7487K(7616K)->7487K(7616K) Class: 1153K(1280K)->1153K(1280K)
[62.198s][info][gc             ] GC(170) Pause Young (Normal) (G1 Evacuation Pause) 662M->6M(1136M) 2.743ms
[62.198s][info][gc,cpu         ] GC(170) User=0.00s Sys=0.00s Real=0.00s
[62.553s][info][gc,start       ] GC(171) Pause Young (Normal) (G1 Evacuation Pause)
[62.553s][info][gc,task        ] GC(171) Using 27 workers of 33 for evacuation
[62.555s][info][gc,phases      ] GC(171)   Pre Evacuate Collection Set: 0.1ms
[62.555s][info][gc,phases      ] GC(171)   Merge Heap Roots: 0.2ms
[62.555s][info][gc,phases      ] GC(171)   Evacuate Collection Set: 1.7ms
[62.555s][info][gc,phases      ] GC(171)   Post Evacuate Collection Set: 0.5ms
[62.555s][info][gc,phases      ] GC(171)   Other: 0.1ms
[62.555s][info][gc,heap        ] GC(171) Eden regions: 41->0(41)
[62.555s][info][gc,heap        ] GC(171) Survivor regions: 1->1(6)
[62.556s][info][gc,heap        ] GC(171) Old regions: 4->4
[62.556s][info][gc,heap        ] GC(171) Archive regions: 0->0
[62.556s][info][gc,heap        ] GC(171) Humongous regions: 0->0
[62.556s][info][gc,metaspace   ] GC(171) Metaspace: 8641K(8896K)->8641K(8896K) NonClass: 7487K(7616K)->7487K(7616K) Class: 1153K(1280K)->1153K(1280K)
[62.556s][info][gc             ] GC(171) Pause Young (Normal) (G1 Evacuation Pause) 662M->8M(1136M) 3.170ms
[62.556s][info][gc,cpu         ] GC(171) User=0.00s Sys=0.00s Real=0.00s
[62.918s][info][gc,start       ] GC(172) Pause Young (Normal) (G1 Evacuation Pause)
[62.918s][info][gc,task        ] GC(172) Using 27 workers of 33 for evacuation
[62.921s][info][gc,phases      ] GC(172)   Pre Evacuate Collection Set: 0.1ms
[62.921s][info][gc,phases      ] GC(172)   Merge Heap Roots: 0.2ms
[62.921s][info][gc,phases      ] GC(172)   Evacuate Collection Set: 2.1ms
[62.921s][info][gc,phases      ] GC(172)   Post Evacuate Collection Set: 0.5ms
[62.921s][info][gc,phases      ] GC(172)   Other: 0.1ms
[62.921s][info][gc,heap        ] GC(172) Eden regions: 41->0(41)
[62.921s][info][gc,heap        ] GC(172) Survivor regions: 1->1(6)
[62.921s][info][gc,heap        ] GC(172) Old regions: 4->4
[62.921s][info][gc,heap        ] GC(172) Archive regions: 0->0
[62.921s][info][gc,heap        ] GC(172) Humongous regions: 0->0
[62.921s][info][gc,metaspace   ] GC(172) Metaspace: 8641K(8896K)->8641K(8896K) NonClass: 7487K(7616K)->7487K(7616K) Class: 1153K(1280K)->1153K(1280K)
[62.921s][info][gc             ] GC(172) Pause Young (Normal) (G1 Evacuation Pause) 664M->10M(1136M) 3.545ms
[62.922s][info][gc,cpu         ] GC(172) User=0.00s Sys=0.00s Real=0.00s
[63.298s][info][gc,start       ] GC(173) Pause Young (Normal) (G1 Evacuation Pause)
[63.298s][info][gc,task        ] GC(173) Using 27 workers of 33 for evacuation
[63.302s][info][gc,phases      ] GC(173)   Pre Evacuate Collection Set: 0.1ms
[63.302s][info][gc,phases      ] GC(173)   Merge Heap Roots: 0.2ms
[63.302s][info][gc,phases      ] GC(173)   Evacuate Collection Set: 2.7ms
[63.302s][info][gc,phases      ] GC(173)   Post Evacuate Collection Set: 0.5ms
[63.302s][info][gc,phases      ] GC(173)   Other: 0.1ms
[63.302s][info][gc,heap        ] GC(173) Eden regions: 41->0(41)
[63.302s][info][gc,heap        ] GC(173) Survivor regions: 1->1(6)
[63.302s][info][gc,heap        ] GC(173) Old regions: 4->4
[63.302s][info][gc,heap        ] GC(173) Archive regions: 0->0
[63.302s][info][gc,heap        ] GC(173) Humongous regions: 0->0
[63.302s][info][gc,metaspace   ] GC(173) Metaspace: 8641K(8896K)->8641K(8896K) NonClass: 7487K(7616K)->7487K(7616K) Class: 1153K(1280K)->1153K(1280K)
[63.302s][info][gc             ] GC(173) Pause Young (Normal) (G1 Evacuation Pause) 666M->13M(1136M) 4.134ms
[63.302s][info][gc,cpu         ] GC(173) User=0.42s Sys=0.00s Real=0.00s
[63.680s][info][gc,start       ] GC(174) Pause Young (Normal) (G1 Evacuation Pause)
[63.680s][info][gc,task        ] GC(174) Using 27 workers of 33 for evacuation
[63.685s][info][gc,phases      ] GC(174)   Pre Evacuate Collection Set: 0.1ms
[63.685s][info][gc,phases      ] GC(174)   Merge Heap Roots: 0.2ms
[63.685s][info][gc,phases      ] GC(174)   Evacuate Collection Set: 4.5ms
[63.685s][info][gc,phases      ] GC(174)   Post Evacuate Collection Set: 0.5ms
[63.685s][info][gc,phases      ] GC(174)   Other: 0.1ms
[63.685s][info][gc,heap        ] GC(174) Eden regions: 41->0(41)
[63.685s][info][gc,heap        ] GC(174) Survivor regions: 1->1(6)
[63.685s][info][gc,heap        ] GC(174) Old regions: 4->4
[63.686s][info][gc,heap        ] GC(174) Archive regions: 0->0
[63.686s][info][gc,heap        ] GC(174) Humongous regions: 0->0
[63.686s][info][gc,metaspace   ] GC(174) Metaspace: 8641K(8896K)->8641K(8896K) NonClass: 7487K(7616K)->7487K(7616K) Class: 1153K(1280K)->1153K(1280K)
[63.686s][info][gc             ] GC(174) Pause Young (Normal) (G1 Evacuation Pause) 669M->16M(1136M) 5.950ms
[63.686s][info][gc,cpu         ] GC(174) User=0.00s Sys=0.00s Real=0.01s
[64.086s][info][gc,start       ] GC(175) Pause Young (Normal) (G1 Evacuation Pause)
[64.086s][info][gc,task        ] GC(175) Using 27 workers of 33 for evacuation
[64.091s][info][gc,phases      ] GC(175)   Pre Evacuate Collection Set: 0.1ms
[64.091s][info][gc,phases      ] GC(175)   Merge Heap Roots: 0.2ms
[64.091s][info][gc,phases      ] GC(175)   Evacuate Collection Set: 4.8ms
[64.092s][info][gc,phases      ] GC(175)   Post Evacuate Collection Set: 0.5ms
[64.092s][info][gc,phases      ] GC(175)   Other: 0.1ms
[64.092s][info][gc,heap        ] GC(175) Eden regions: 41->0(41)
[64.092s][info][gc,heap        ] GC(175) Survivor regions: 1->1(6)
[64.092s][info][gc,heap        ] GC(175) Old regions: 4->4
[64.092s][info][gc,heap        ] GC(175) Archive regions: 0->0
[64.092s][info][gc,heap        ] GC(175) Humongous regions: 0->0
[64.092s][info][gc,metaspace   ] GC(175) Metaspace: 8641K(8896K)->8641K(8896K) NonClass: 7487K(7616K)->7487K(7616K) Class: 1153K(1280K)->1153K(1280K)
[64.092s][info][gc             ] GC(175) Pause Young (Normal) (G1 Evacuation Pause) 672M->18M(1136M) 6.288ms
[64.092s][info][gc,cpu         ] GC(175) User=0.00s Sys=0.00s Real=0.00s
[64.450s][info][gc,start       ] GC(176) Pause Young (Normal) (G1 Evacuation Pause)
[64.450s][info][gc,task        ] GC(176) Using 27 workers of 33 for evacuation
[64.457s][info][gc,phases      ] GC(176)   Pre Evacuate Collection Set: 0.1ms
[64.457s][info][gc,phases      ] GC(176)   Merge Heap Roots: 0.2ms
[64.457s][info][gc,phases      ] GC(176)   Evacuate Collection Set: 5.6ms
[64.457s][info][gc,phases      ] GC(176)   Post Evacuate Collection Set: 0.5ms
[64.457s][info][gc,phases      ] GC(176)   Other: 0.1ms
[64.457s][info][gc,heap        ] GC(176) Eden regions: 41->0(40)
[64.457s][info][gc,heap        ] GC(176) Survivor regions: 1->2(6)
[64.457s][info][gc,heap        ] GC(176) Old regions: 4->4
[64.457s][info][gc,heap        ] GC(176) Archive regions: 0->0
[64.457s][info][gc,heap        ] GC(176) Humongous regions: 0->0
[64.457s][info][gc,metaspace   ] GC(176) Metaspace: 8641K(8896K)->8641K(8896K) NonClass: 7487K(7616K)->7487K(7616K) Class: 1153K(1280K)->1153K(1280K)
[64.457s][info][gc             ] GC(176) Pause Young (Normal) (G1 Evacuation Pause) 674M->20M(1136M) 7.100ms
[64.457s][info][gc,cpu         ] GC(176) User=0.00s Sys=0.02s Real=0.01s
[64.796s][info][gc,start       ] GC(177) Pause Young (Normal) (G1 Evacuation Pause)
[64.796s][info][gc,task        ] GC(177) Using 27 workers of 33 for evacuation
[64.802s][info][gc,phases      ] GC(177)   Pre Evacuate Collection Set: 0.1ms
[64.802s][info][gc,phases      ] GC(177)   Merge Heap Roots: 0.1ms
[64.802s][info][gc,phases      ] GC(177)   Evacuate Collection Set: 4.3ms
[64.802s][info][gc,phases      ] GC(177)   Post Evacuate Collection Set: 1.2ms
[64.802s][info][gc,phases      ] GC(177)   Other: 0.1ms
[64.802s][info][gc,heap        ] GC(177) Eden regions: 40->0(49)
[64.802s][info][gc,heap        ] GC(177) Survivor regions: 2->2(6)
[64.802s][info][gc,heap        ] GC(177) Old regions: 4->4
[64.802s][info][gc,heap        ] GC(177) Archive regions: 0->0
[64.802s][info][gc,heap        ] GC(177) Humongous regions: 0->0
[64.802s][info][gc,metaspace   ] GC(177) Metaspace: 8641K(8896K)->8641K(8896K) NonClass: 7487K(7616K)->7487K(7616K) Class: 1153K(1280K)->1153K(1280K)
[64.802s][info][gc             ] GC(177) Pause Young (Normal) (G1 Evacuation Pause) 660M->22M(1376M) 6.233ms
[64.802s][info][gc,cpu         ] GC(177) User=0.03s Sys=0.00s Real=0.02s
[65.316s][info][gc,start       ] GC(178) Pause Young (Normal) (G1 Evacuation Pause)
[65.316s][info][gc,task        ] GC(178) Using 33 workers of 33 for evacuation
[65.321s][info][gc,phases      ] GC(178)   Pre Evacuate Collection Set: 0.2ms
[65.321s][info][gc,phases      ] GC(178)   Merge Heap Roots: 0.2ms
[65.321s][info][gc,phases      ] GC(178)   Evacuate Collection Set: 4.3ms
[65.321s][info][gc,phases      ] GC(178)   Post Evacuate Collection Set: 0.5ms
[65.321s][info][gc,phases      ] GC(178)   Other: 0.1ms
[65.321s][info][gc,heap        ] GC(178) Eden regions: 49->0(49)
[65.321s][info][gc,heap        ] GC(178) Survivor regions: 2->2(7)
[65.321s][info][gc,heap        ] GC(178) Old regions: 4->4
[65.321s][info][gc,heap        ] GC(178) Archive regions: 0->0
[65.321s][info][gc,heap        ] GC(178) Humongous regions: 0->0
[65.321s][info][gc,metaspace   ] GC(178) Metaspace: 8641K(8896K)->8641K(8896K) NonClass: 7487K(7616K)->7487K(7616K) Class: 1153K(1280K)->1153K(1280K)
[65.322s][info][gc             ] GC(178) Pause Young (Normal) (G1 Evacuation Pause) 806M->26M(1376M) 5.927ms
[65.322s][info][gc,cpu         ] GC(178) User=0.02s Sys=0.00s Real=0.00s
[65.752s][info][gc,heap,exit   ] Heap
[65.753s][info][gc,heap,exit   ]  garbage-first heap   total 1409024K, used 206885K [0x00000000a0000000, 0x0000000800000000)
[65.753s][info][gc,heap,exit   ]   region size 16384K, 14 young (229376K), 2 survivors (32768K)
[65.753s][info][gc,heap,exit   ]  Metaspace       used 8700K, committed 8960K, reserved 1114112K
[65.753s][info][gc,heap,exit   ]   class space    used 1162K, committed 1280K, reserved 1048576K
