[0.016s][info][gc,init] CardTable entry size: 512
[0.016s][info][gc     ] Using Serial
[0.024s][info][gc,init] Version: 20+36-2344 (release)
[0.024s][info][gc,init] CPUs: 48 total, 48 available
[0.024s][info][gc,init] Memory: 382G
[0.024s][info][gc,init] Large Page Support: Disabled
[0.024s][info][gc,init] NUMA Support: Disabled
[0.024s][info][gc,init] Compressed Oops: Enabled (Zero based)
[0.024s][info][gc,init] Heap Min Capacity: 8M
[0.024s][info][gc,init] Heap Initial Capacity: 2G
[0.024s][info][gc,init] Heap Max Capacity: 30718M
[0.024s][info][gc,init] Pre-touch: Disabled
[0.092s][info][gc,metaspace] CDS archive(s) mapped at: [0x0000000800000000-0x0000000800c60000-0x0000000800c60000), size 12976128, SharedBaseAddress: 0x0000000800000000, ArchiveRelocationMode: 0.
[0.092s][info][gc,metaspace] Compressed class space mapped at: 0x0000000801000000-0x0000000841000000, reserved size: 1073741824
[0.092s][info][gc,metaspace] Narrow klass base: 0x0000000800000000, Narrow klass shift: 0, Narrow klass range: 0x100000000
[1.088s][info][gc,start    ] GC(0) Pause Full (System.gc())
[1.088s][info][gc,phases,start] GC(0) Phase 1: Mark live objects
[1.100s][info][gc,phases      ] GC(0) Phase 1: Mark live objects 11.949ms
[1.100s][info][gc,phases,start] GC(0) Phase 2: Compute new object addresses
[1.106s][info][gc,phases      ] GC(0) Phase 2: Compute new object addresses 5.895ms
[1.106s][info][gc,phases,start] GC(0) Phase 3: Adjust pointers
[1.111s][info][gc,phases      ] GC(0) Phase 3: Adjust pointers 4.594ms
[1.111s][info][gc,phases,start] GC(0) Phase 4: Move objects
[1.114s][info][gc,phases      ] GC(0) Phase 4: Move objects 3.592ms
[1.178s][info][gc,heap        ] GC(0) DefNew: 111851K(629120K)->0K(629248K) Eden: 111851K(559232K)->0K(559360K) From: 0K(69888K)->0K(69888K)
[1.178s][info][gc,heap        ] GC(0) Tenured: 0K(1398144K)->3477K(1398144K)
[1.178s][info][gc,metaspace   ] GC(0) Metaspace: 8265K(8448K)->8265K(8448K) NonClass: 7150K(7232K)->7150K(7232K) Class: 1115K(1216K)->1115K(1216K)
[1.178s][info][gc             ] GC(0) Pause Full (System.gc()) 109M->3M(1979M) 90.222ms
[1.178s][info][gc,cpu         ] GC(0) User=0.03s Sys=0.00s Real=0.09s
[1.680s][info][gc,start       ] GC(1) Pause Young (Allocation Failure)
[1.689s][info][gc,heap        ] GC(1) DefNew: 559360K(629248K)->1857K(629248K) Eden: 559360K(559360K)->0K(559360K) From: 0K(69888K)->1857K(69888K)
[1.690s][info][gc,heap        ] GC(1) Tenured: 3477K(1398144K)->3477K(1398144K)
[1.690s][info][gc,metaspace   ] GC(1) Metaspace: 8409K(8576K)->8409K(8576K) NonClass: 7282K(7360K)->7282K(7360K) Class: 1127K(1216K)->1127K(1216K)
[1.690s][info][gc             ] GC(1) Pause Young (Allocation Failure) 549M->5M(1979M) 9.364ms
[1.690s][info][gc,cpu         ] GC(1) User=0.02s Sys=0.00s Real=0.01s
[1.978s][info][gc,start       ] GC(2) Pause Young (Allocation Failure)
[1.991s][info][gc,heap        ] GC(2) DefNew: 561217K(629248K)->3626K(629248K) Eden: 559360K(559360K)->0K(559360K) From: 1857K(69888K)->3626K(69888K)
[1.991s][info][gc,heap        ] GC(2) Tenured: 3477K(1398144K)->3477K(1398144K)
[1.992s][info][gc,metaspace   ] GC(2) Metaspace: 8409K(8576K)->8409K(8576K) NonClass: 7282K(7360K)->7282K(7360K) Class: 1127K(1216K)->1127K(1216K)
[1.992s][info][gc             ] GC(2) Pause Young (Allocation Failure) 551M->6M(1979M) 13.833ms
[1.992s][info][gc,cpu         ] GC(2) User=0.02s Sys=0.00s Real=0.01s
[2.268s][info][gc,start       ] GC(3) Pause Young (Allocation Failure)
[2.288s][info][gc,heap        ] GC(3) DefNew: 562986K(629248K)->5595K(629248K) Eden: 559360K(559360K)->0K(559360K) From: 3626K(69888K)->5595K(69888K)
[2.288s][info][gc,heap        ] GC(3) Tenured: 3477K(1398144K)->3477K(1398144K)
[2.288s][info][gc,metaspace   ] GC(3) Metaspace: 8409K(8576K)->8409K(8576K) NonClass: 7282K(7360K)->7282K(7360K) Class: 1127K(1216K)->1127K(1216K)
[2.288s][info][gc             ] GC(3) Pause Young (Allocation Failure) 553M->8M(1979M) 20.920ms
[2.288s][info][gc,cpu         ] GC(3) User=0.02s Sys=0.00s Real=0.02s
[2.592s][info][gc,start       ] GC(4) Pause Young (Allocation Failure)
[2.611s][info][gc,heap        ] GC(4) DefNew: 564955K(629248K)->7431K(629248K) Eden: 559360K(559360K)->0K(559360K) From: 5595K(69888K)->7431K(69888K)
[2.611s][info][gc,heap        ] GC(4) Tenured: 3477K(1398144K)->3477K(1398144K)
[2.611s][info][gc,metaspace   ] GC(4) Metaspace: 8409K(8576K)->8409K(8576K) NonClass: 7282K(7360K)->7282K(7360K) Class: 1127K(1216K)->1127K(1216K)
[2.611s][info][gc             ] GC(4) Pause Young (Allocation Failure) 555M->10M(1979M) 19.749ms
[2.611s][info][gc,cpu         ] GC(4) User=0.02s Sys=0.02s Real=0.02s
[2.887s][info][gc,start       ] GC(5) Pause Young (Allocation Failure)
[2.914s][info][gc,heap        ] GC(5) DefNew: 566791K(629248K)->9391K(629248K) Eden: 559360K(559360K)->0K(559360K) From: 7431K(69888K)->9391K(69888K)
[2.914s][info][gc,heap        ] GC(5) Tenured: 3477K(1398144K)->3477K(1398144K)
[2.914s][info][gc,metaspace   ] GC(5) Metaspace: 8409K(8576K)->8409K(8576K) NonClass: 7282K(7360K)->7282K(7360K) Class: 1127K(1216K)->1127K(1216K)
[2.914s][info][gc             ] GC(5) Pause Young (Allocation Failure) 556M->12M(1979M) 26.739ms
[2.914s][info][gc,cpu         ] GC(5) User=0.03s Sys=0.00s Real=0.03s
[3.218s][info][gc,start       ] GC(6) Pause Young (Allocation Failure)
[3.243s][info][gc,heap        ] GC(6) DefNew: 568751K(629248K)->11254K(629248K) Eden: 559360K(559360K)->0K(559360K) From: 9391K(69888K)->11254K(69888K)
[3.243s][info][gc,heap        ] GC(6) Tenured: 3477K(1398144K)->3477K(1398144K)
[3.243s][info][gc,metaspace   ] GC(6) Metaspace: 8409K(8576K)->8409K(8576K) NonClass: 7282K(7360K)->7282K(7360K) Class: 1127K(1216K)->1127K(1216K)
[3.244s][info][gc             ] GC(6) Pause Young (Allocation Failure) 558M->14M(1979M) 25.717ms
[3.244s][info][gc,cpu         ] GC(6) User=0.02s Sys=0.00s Real=0.03s
[3.566s][info][gc,start       ] GC(7) Pause Young (Allocation Failure)
[3.600s][info][gc,heap        ] GC(7) DefNew: 570614K(629248K)->13219K(629248K) Eden: 559360K(559360K)->0K(559360K) From: 11254K(69888K)->13219K(69888K)
[3.600s][info][gc,heap        ] GC(7) Tenured: 3477K(1398144K)->3477K(1398144K)
[3.600s][info][gc,metaspace   ] GC(7) Metaspace: 8411K(8576K)->8411K(8576K) NonClass: 7283K(7360K)->7283K(7360K) Class: 1127K(1216K)->1127K(1216K)
[3.600s][info][gc             ] GC(7) Pause Young (Allocation Failure) 560M->16M(1979M) 33.541ms
[3.600s][info][gc,cpu         ] GC(7) User=0.03s Sys=0.00s Real=0.04s
[3.891s][info][gc,start       ] GC(8) Pause Young (Allocation Failure)
[3.921s][info][gc,heap        ] GC(8) DefNew: 572579K(629248K)->15111K(629248K) Eden: 559360K(559360K)->0K(559360K) From: 13219K(69888K)->15111K(69888K)
[3.921s][info][gc,heap        ] GC(8) Tenured: 3477K(1398144K)->3477K(1398144K)
[3.921s][info][gc,metaspace   ] GC(8) Metaspace: 8411K(8576K)->8411K(8576K) NonClass: 7283K(7360K)->7283K(7360K) Class: 1127K(1216K)->1127K(1216K)
[3.921s][info][gc             ] GC(8) Pause Young (Allocation Failure) 562M->18M(1979M) 29.935ms
[3.921s][info][gc,cpu         ] GC(8) User=0.03s Sys=0.00s Real=0.03s
[4.229s][info][gc,start       ] GC(9) Pause Young (Allocation Failure)
[4.268s][info][gc,heap        ] GC(9) DefNew: 574471K(629248K)->16860K(629248K) Eden: 559360K(559360K)->0K(559360K) From: 15111K(69888K)->16860K(69888K)
[4.268s][info][gc,heap        ] GC(9) Tenured: 3477K(1398144K)->3477K(1398144K)
[4.268s][info][gc,metaspace   ] GC(9) Metaspace: 8411K(8576K)->8411K(8576K) NonClass: 7283K(7360K)->7283K(7360K) Class: 1127K(1216K)->1127K(1216K)
[4.268s][info][gc             ] GC(9) Pause Young (Allocation Failure) 564M->19M(1979M) 39.676ms
[4.268s][info][gc,cpu         ] GC(9) User=0.05s Sys=0.00s Real=0.04s
[4.549s][info][gc,start       ] GC(10) Pause Young (Allocation Failure)
[4.585s][info][gc,heap        ] GC(10) DefNew: 576220K(629248K)->18832K(629248K) Eden: 559360K(559360K)->0K(559360K) From: 16860K(69888K)->18832K(69888K)
[4.585s][info][gc,heap        ] GC(10) Tenured: 3477K(1398144K)->3477K(1398144K)
[4.585s][info][gc,metaspace   ] GC(10) Metaspace: 8411K(8576K)->8411K(8576K) NonClass: 7283K(7360K)->7283K(7360K) Class: 1127K(1216K)->1127K(1216K)
[4.586s][info][gc             ] GC(10) Pause Young (Allocation Failure) 566M->21M(1979M) 36.952ms
[4.586s][info][gc,cpu         ] GC(10) User=0.03s Sys=0.00s Real=0.03s
[4.864s][info][gc,start       ] GC(11) Pause Young (Allocation Failure)
[4.900s][info][gc,heap        ] GC(11) DefNew: 578192K(629248K)->20646K(629248K) Eden: 559360K(559360K)->0K(559360K) From: 18832K(69888K)->20646K(69888K)
[4.900s][info][gc,heap        ] GC(11) Tenured: 3477K(1398144K)->3477K(1398144K)
[4.900s][info][gc,metaspace   ] GC(11) Metaspace: 8411K(8576K)->8411K(8576K) NonClass: 7283K(7360K)->7283K(7360K) Class: 1127K(1216K)->1127K(1216K)
[4.900s][info][gc             ] GC(11) Pause Young (Allocation Failure) 568M->23M(1979M) 35.698ms
[4.900s][info][gc,cpu         ] GC(11) User=0.03s Sys=0.00s Real=0.03s
[5.597s][info][gc,start       ] GC(12) Pause Full (System.gc())
[5.597s][info][gc,phases,start] GC(12) Phase 1: Mark live objects
[5.609s][info][gc,phases      ] GC(12) Phase 1: Mark live objects 11.899ms
[5.609s][info][gc,phases,start] GC(12) Phase 2: Compute new object addresses
[5.714s][info][gc,phases      ] GC(12) Phase 2: Compute new object addresses 104.627ms
[5.714s][info][gc,phases,start] GC(12) Phase 3: Adjust pointers
[5.717s][info][gc,phases      ] GC(12) Phase 3: Adjust pointers 2.947ms
[5.717s][info][gc,phases,start] GC(12) Phase 4: Move objects
[5.717s][info][gc,phases      ] GC(12) Phase 4: Move objects 0.068ms
[5.717s][info][gc,heap        ] GC(12) DefNew: 412328K(629248K)->0K(629248K) Eden: 391682K(559360K)->0K(559360K) From: 20646K(69888K)->0K(69888K)
[5.717s][info][gc,heap        ] GC(12) Tenured: 3477K(1398144K)->3561K(1398144K)
[5.717s][info][gc,metaspace   ] GC(12) Metaspace: 8598K(8832K)->8598K(8832K) NonClass: 7444K(7552K)->7444K(7552K) Class: 1153K(1280K)->1153K(1280K)
[5.717s][info][gc             ] GC(12) Pause Full (System.gc()) 406M->3M(1979M) 119.987ms
[5.717s][info][gc,cpu         ] GC(12) User=0.13s Sys=0.00s Real=0.12s
[6.030s][info][gc,start       ] GC(13) Pause Young (Allocation Failure)
[6.037s][info][gc,heap        ] GC(13) DefNew: 559360K(629248K)->1924K(629248K) Eden: 559360K(559360K)->0K(559360K) From: 0K(69888K)->1924K(69888K)
[6.037s][info][gc,heap        ] GC(13) Tenured: 3561K(1398144K)->3561K(1398144K)
[6.037s][info][gc,metaspace   ] GC(13) Metaspace: 8598K(8832K)->8598K(8832K) NonClass: 7444K(7552K)->7444K(7552K) Class: 1153K(1280K)->1153K(1280K)
[6.037s][info][gc             ] GC(13) Pause Young (Allocation Failure) 549M->5M(1979M) 7.030ms
[6.037s][info][gc,cpu         ] GC(13) User=0.00s Sys=0.00s Real=0.01s
[6.315s][info][gc,start       ] GC(14) Pause Young (Allocation Failure)
[6.327s][info][gc,heap        ] GC(14) DefNew: 561284K(629248K)->3688K(629248K) Eden: 559360K(559360K)->0K(559360K) From: 1924K(69888K)->3688K(69888K)
[6.327s][info][gc,heap        ] GC(14) Tenured: 3561K(1398144K)->3561K(1398144K)
[6.327s][info][gc,metaspace   ] GC(14) Metaspace: 8598K(8832K)->8598K(8832K) NonClass: 7444K(7552K)->7444K(7552K) Class: 1153K(1280K)->1153K(1280K)
[6.327s][info][gc             ] GC(14) Pause Young (Allocation Failure) 551M->7M(1979M) 11.910ms
[6.327s][info][gc,cpu         ] GC(14) User=0.02s Sys=0.00s Real=0.01s
[6.602s][info][gc,start       ] GC(15) Pause Young (Allocation Failure)
[6.621s][info][gc,heap        ] GC(15) DefNew: 563048K(629248K)->5733K(629248K) Eden: 559360K(559360K)->0K(559360K) From: 3688K(69888K)->5733K(69888K)
[6.621s][info][gc,heap        ] GC(15) Tenured: 3561K(1398144K)->3561K(1398144K)
[6.621s][info][gc,metaspace   ] GC(15) Metaspace: 8598K(8832K)->8598K(8832K) NonClass: 7444K(7552K)->7444K(7552K) Class: 1153K(1280K)->1153K(1280K)
[6.621s][info][gc             ] GC(15) Pause Young (Allocation Failure) 553M->9M(1979M) 19.519ms
[6.621s][info][gc,cpu         ] GC(15) User=0.02s Sys=0.00s Real=0.02s
[6.896s][info][gc,start       ] GC(16) Pause Young (Allocation Failure)
[6.915s][info][gc,heap        ] GC(16) DefNew: 565093K(629248K)->7533K(629248K) Eden: 559360K(559360K)->0K(559360K) From: 5733K(69888K)->7533K(69888K)
[6.915s][info][gc,heap        ] GC(16) Tenured: 3561K(1398144K)->3561K(1398144K)
[6.915s][info][gc,metaspace   ] GC(16) Metaspace: 8598K(8832K)->8598K(8832K) NonClass: 7444K(7552K)->7444K(7552K) Class: 1153K(1280K)->1153K(1280K)
[6.915s][info][gc             ] GC(16) Pause Young (Allocation Failure) 555M->10M(1979M) 19.218ms
[6.915s][info][gc,cpu         ] GC(16) User=0.02s Sys=0.00s Real=0.02s
[7.226s][info][gc,start       ] GC(17) Pause Young (Allocation Failure)
[7.247s][info][gc,heap        ] GC(17) DefNew: 566893K(629248K)->9496K(629248K) Eden: 559360K(559360K)->0K(559360K) From: 7533K(69888K)->9496K(69888K)
[7.247s][info][gc,heap        ] GC(17) Tenured: 3561K(1398144K)->3561K(1398144K)
[7.247s][info][gc,metaspace   ] GC(17) Metaspace: 8598K(8832K)->8598K(8832K) NonClass: 7444K(7552K)->7444K(7552K) Class: 1153K(1280K)->1153K(1280K)
[7.247s][info][gc             ] GC(17) Pause Young (Allocation Failure) 557M->12M(1979M) 20.380ms
[7.247s][info][gc,cpu         ] GC(17) User=0.02s Sys=0.00s Real=0.02s
[7.527s][info][gc,start       ] GC(18) Pause Young (Allocation Failure)
[7.550s][info][gc,heap        ] GC(18) DefNew: 568856K(629248K)->11383K(629248K) Eden: 559360K(559360K)->0K(559360K) From: 9496K(69888K)->11383K(69888K)
[7.551s][info][gc,heap        ] GC(18) Tenured: 3561K(1398144K)->3561K(1398144K)
[7.551s][info][gc,metaspace   ] GC(18) Metaspace: 8598K(8832K)->8598K(8832K) NonClass: 7444K(7552K)->7444K(7552K) Class: 1153K(1280K)->1153K(1280K)
[7.551s][info][gc             ] GC(18) Pause Young (Allocation Failure) 559M->14M(1979M) 23.107ms
[7.551s][info][gc,cpu         ] GC(18) User=0.03s Sys=0.00s Real=0.02s
[7.862s][info][gc,start       ] GC(19) Pause Young (Allocation Failure)
[7.895s][info][gc,heap        ] GC(19) DefNew: 570743K(629248K)->13332K(629248K) Eden: 559360K(559360K)->0K(559360K) From: 11383K(69888K)->13332K(69888K)
[7.895s][info][gc,heap        ] GC(19) Tenured: 3561K(1398144K)->3561K(1398144K)
[7.895s][info][gc,metaspace   ] GC(19) Metaspace: 8598K(8832K)->8598K(8832K) NonClass: 7444K(7552K)->7444K(7552K) Class: 1153K(1280K)->1153K(1280K)
[7.895s][info][gc             ] GC(19) Pause Young (Allocation Failure) 560M->16M(1979M) 33.197ms
[7.895s][info][gc,cpu         ] GC(19) User=0.03s Sys=0.00s Real=0.03s
[8.172s][info][gc,start       ] GC(20) Pause Young (Allocation Failure)
[8.200s][info][gc,heap        ] GC(20) DefNew: 572692K(629248K)->15181K(629248K) Eden: 559360K(559360K)->0K(559360K) From: 13332K(69888K)->15181K(69888K)
[8.200s][info][gc,heap        ] GC(20) Tenured: 3561K(1398144K)->3561K(1398144K)
[8.200s][info][gc,metaspace   ] GC(20) Metaspace: 8598K(8832K)->8598K(8832K) NonClass: 7444K(7552K)->7444K(7552K) Class: 1153K(1280K)->1153K(1280K)
[8.200s][info][gc             ] GC(20) Pause Young (Allocation Failure) 562M->18M(1979M) 27.934ms
[8.200s][info][gc,cpu         ] GC(20) User=0.02s Sys=0.00s Real=0.03s
[8.471s][info][gc,start       ] GC(21) Pause Young (Allocation Failure)
[8.500s][info][gc,heap        ] GC(21) DefNew: 574541K(629248K)->16975K(629248K) Eden: 559360K(559360K)->0K(559360K) From: 15181K(69888K)->16975K(69888K)
[8.500s][info][gc,heap        ] GC(21) Tenured: 3561K(1398144K)->3561K(1398144K)
[8.500s][info][gc,metaspace   ] GC(21) Metaspace: 8598K(8832K)->8598K(8832K) NonClass: 7444K(7552K)->7444K(7552K) Class: 1153K(1280K)->1153K(1280K)
[8.500s][info][gc             ] GC(21) Pause Young (Allocation Failure) 564M->20M(1979M) 28.267ms
[8.500s][info][gc,cpu         ] GC(21) User=0.03s Sys=0.00s Real=0.03s
[8.790s][info][gc,start       ] GC(22) Pause Young (Allocation Failure)
[8.826s][info][gc,heap        ] GC(22) DefNew: 576335K(629248K)->19001K(629248K) Eden: 559360K(559360K)->0K(559360K) From: 16975K(69888K)->19001K(69888K)
[8.826s][info][gc,heap        ] GC(22) Tenured: 3561K(1398144K)->3561K(1398144K)
[8.826s][info][gc,metaspace   ] GC(22) Metaspace: 8598K(8832K)->8598K(8832K) NonClass: 7444K(7552K)->7444K(7552K) Class: 1153K(1280K)->1153K(1280K)
[8.826s][info][gc             ] GC(22) Pause Young (Allocation Failure) 566M->22M(1979M) 35.773ms
[8.826s][info][gc,cpu         ] GC(22) User=0.03s Sys=0.00s Real=0.04s
[9.145s][info][gc,start       ] GC(23) Pause Young (Allocation Failure)
[9.180s][info][gc,heap        ] GC(23) DefNew: 578361K(629248K)->20715K(629248K) Eden: 559360K(559360K)->0K(559360K) From: 19001K(69888K)->20715K(69888K)
[9.181s][info][gc,heap        ] GC(23) Tenured: 3561K(1398144K)->3561K(1398144K)
[9.181s][info][gc,metaspace   ] GC(23) Metaspace: 8598K(8832K)->8598K(8832K) NonClass: 7444K(7552K)->7444K(7552K) Class: 1153K(1280K)->1153K(1280K)
[9.181s][info][gc             ] GC(23) Pause Young (Allocation Failure) 568M->23M(1979M) 36.137ms
[9.181s][info][gc,cpu         ] GC(23) User=0.03s Sys=0.00s Real=0.04s
[9.741s][info][gc,start       ] GC(24) Pause Full (System.gc())
[9.741s][info][gc,phases,start] GC(24) Phase 1: Mark live objects
[9.753s][info][gc,phases      ] GC(24) Phase 1: Mark live objects 12.026ms
[9.753s][info][gc,phases,start] GC(24) Phase 2: Compute new object addresses
[9.844s][info][gc,phases      ] GC(24) Phase 2: Compute new object addresses 90.904ms
[9.844s][info][gc,phases,start] GC(24) Phase 3: Adjust pointers
[9.848s][info][gc,phases      ] GC(24) Phase 3: Adjust pointers 3.495ms
[9.848s][info][gc,phases,start] GC(24) Phase 4: Move objects
[9.848s][info][gc,phases      ] GC(24) Phase 4: Move objects 0.012ms
[9.848s][info][gc,heap        ] GC(24) DefNew: 334853K(629248K)->0K(629248K) Eden: 314138K(559360K)->0K(559360K) From: 20715K(69888K)->0K(69888K)
[9.848s][info][gc,heap        ] GC(24) Tenured: 3561K(1398144K)->3561K(1398144K)
[9.848s][info][gc,metaspace   ] GC(24) Metaspace: 8598K(8832K)->8598K(8832K) NonClass: 7444K(7552K)->7444K(7552K) Class: 1153K(1280K)->1153K(1280K)
[9.848s][info][gc             ] GC(24) Pause Full (System.gc()) 330M->3M(1979M) 106.891ms
[9.848s][info][gc,cpu         ] GC(24) User=0.11s Sys=0.00s Real=0.11s
[10.143s][info][gc,start       ] GC(25) Pause Young (Allocation Failure)
[10.150s][info][gc,heap        ] GC(25) DefNew: 559360K(629248K)->1945K(629248K) Eden: 559360K(559360K)->0K(559360K) From: 0K(69888K)->1945K(69888K)
[10.150s][info][gc,heap        ] GC(25) Tenured: 3561K(1398144K)->3561K(1398144K)
[10.150s][info][gc,metaspace   ] GC(25) Metaspace: 8598K(8832K)->8598K(8832K) NonClass: 7444K(7552K)->7444K(7552K) Class: 1153K(1280K)->1153K(1280K)
[10.150s][info][gc             ] GC(25) Pause Young (Allocation Failure) 549M->5M(1979M) 7.000ms
[10.150s][info][gc,cpu         ] GC(25) User=0.02s Sys=0.00s Real=0.02s
[10.427s][info][gc,start       ] GC(26) Pause Young (Allocation Failure)
[10.440s][info][gc,heap        ] GC(26) DefNew: 561305K(629248K)->3682K(629248K) Eden: 559360K(559360K)->0K(559360K) From: 1945K(69888K)->3682K(69888K)
[10.440s][info][gc,heap        ] GC(26) Tenured: 3561K(1398144K)->3561K(1398144K)
[10.440s][info][gc,metaspace   ] GC(26) Metaspace: 8598K(8832K)->8598K(8832K) NonClass: 7444K(7552K)->7444K(7552K) Class: 1153K(1280K)->1153K(1280K)
[10.440s][info][gc             ] GC(26) Pause Young (Allocation Failure) 551M->7M(1979M) 12.470ms
[10.440s][info][gc,cpu         ] GC(26) User=0.02s Sys=0.00s Real=0.01s
[10.715s][info][gc,start       ] GC(27) Pause Young (Allocation Failure)
[10.736s][info][gc,heap        ] GC(27) DefNew: 563042K(629248K)->5738K(629248K) Eden: 559360K(559360K)->0K(559360K) From: 3682K(69888K)->5738K(69888K)
[10.736s][info][gc,heap        ] GC(27) Tenured: 3561K(1398144K)->3561K(1398144K)
[10.736s][info][gc,metaspace   ] GC(27) Metaspace: 8598K(8832K)->8598K(8832K) NonClass: 7444K(7552K)->7444K(7552K) Class: 1153K(1280K)->1153K(1280K)
[10.737s][info][gc             ] GC(27) Pause Young (Allocation Failure) 553M->9M(1979M) 21.215ms
[10.737s][info][gc,cpu         ] GC(27) User=0.03s Sys=0.00s Real=0.02s
[11.045s][info][gc,start       ] GC(28) Pause Young (Allocation Failure)
[11.064s][info][gc,heap        ] GC(28) DefNew: 565098K(629248K)->7545K(629248K) Eden: 559360K(559360K)->0K(559360K) From: 5738K(69888K)->7545K(69888K)
[11.064s][info][gc,heap        ] GC(28) Tenured: 3561K(1398144K)->3561K(1398144K)
[11.064s][info][gc,metaspace   ] GC(28) Metaspace: 8598K(8832K)->8598K(8832K) NonClass: 7444K(7552K)->7444K(7552K) Class: 1153K(1280K)->1153K(1280K)
[11.064s][info][gc             ] GC(28) Pause Young (Allocation Failure) 555M->10M(1979M) 18.574ms
[11.064s][info][gc,cpu         ] GC(28) User=0.03s Sys=0.00s Real=0.02s
[11.374s][info][gc,start       ] GC(29) Pause Young (Allocation Failure)
[11.402s][info][gc,heap        ] GC(29) DefNew: 566905K(629248K)->9512K(629248K) Eden: 559360K(559360K)->0K(559360K) From: 7545K(69888K)->9512K(69888K)
[11.402s][info][gc,heap        ] GC(29) Tenured: 3561K(1398144K)->3561K(1398144K)
[11.402s][info][gc,metaspace   ] GC(29) Metaspace: 8598K(8832K)->8598K(8832K) NonClass: 7444K(7552K)->7444K(7552K) Class: 1153K(1280K)->1153K(1280K)
[11.403s][info][gc             ] GC(29) Pause Young (Allocation Failure) 557M->12M(1979M) 28.387ms
[11.403s][info][gc,cpu         ] GC(29) User=0.02s Sys=0.00s Real=0.03s
[11.758s][info][gc,start       ] GC(30) Pause Young (Allocation Failure)
[11.779s][info][gc,heap        ] GC(30) DefNew: 568872K(629248K)->11396K(629248K) Eden: 559360K(559360K)->0K(559360K) From: 9512K(69888K)->11396K(69888K)
[11.779s][info][gc,heap        ] GC(30) Tenured: 3561K(1398144K)->3561K(1398144K)
[11.779s][info][gc,metaspace   ] GC(30) Metaspace: 8598K(8832K)->8598K(8832K) NonClass: 7444K(7552K)->7444K(7552K) Class: 1153K(1280K)->1153K(1280K)
[11.779s][info][gc             ] GC(30) Pause Young (Allocation Failure) 559M->14M(1979M) 21.098ms
[11.779s][info][gc,cpu         ] GC(30) User=0.03s Sys=0.00s Real=0.02s
[12.142s][info][gc,start       ] GC(31) Pause Young (Allocation Failure)
[12.182s][info][gc,heap        ] GC(31) DefNew: 570756K(629248K)->13344K(629248K) Eden: 559360K(559360K)->0K(559360K) From: 11396K(69888K)->13344K(69888K)
[12.182s][info][gc,heap        ] GC(31) Tenured: 3561K(1398144K)->3561K(1398144K)
[12.182s][info][gc,metaspace   ] GC(31) Metaspace: 8598K(8832K)->8598K(8832K) NonClass: 7444K(7552K)->7444K(7552K) Class: 1153K(1280K)->1153K(1280K)
[12.182s][info][gc             ] GC(31) Pause Young (Allocation Failure) 560M->16M(1979M) 39.985ms
[12.182s][info][gc,cpu         ] GC(31) User=0.03s Sys=0.00s Real=0.04s
[12.528s][info][gc,start       ] GC(32) Pause Young (Allocation Failure)
[12.557s][info][gc,heap        ] GC(32) DefNew: 572704K(629248K)->15208K(629248K) Eden: 559360K(559360K)->0K(559360K) From: 13344K(69888K)->15208K(69888K)
[12.557s][info][gc,heap        ] GC(32) Tenured: 3561K(1398144K)->3561K(1398144K)
[12.557s][info][gc,metaspace   ] GC(32) Metaspace: 8598K(8832K)->8598K(8832K) NonClass: 7444K(7552K)->7444K(7552K) Class: 1153K(1280K)->1153K(1280K)
[12.557s][info][gc             ] GC(32) Pause Young (Allocation Failure) 562M->18M(1979M) 29.130ms
[12.557s][info][gc,cpu         ] GC(32) User=0.03s Sys=0.00s Real=0.03s
[12.901s][info][gc,start       ] GC(33) Pause Young (Allocation Failure)
[12.933s][info][gc,heap        ] GC(33) DefNew: 574568K(629248K)->16977K(629248K) Eden: 559360K(559360K)->0K(559360K) From: 15208K(69888K)->16977K(69888K)
[12.933s][info][gc,heap        ] GC(33) Tenured: 3561K(1398144K)->3561K(1398144K)
[12.933s][info][gc,metaspace   ] GC(33) Metaspace: 8598K(8832K)->8598K(8832K) NonClass: 7444K(7552K)->7444K(7552K) Class: 1153K(1280K)->1153K(1280K)
[12.933s][info][gc             ] GC(33) Pause Young (Allocation Failure) 564M->20M(1979M) 31.843ms
[12.933s][info][gc,cpu         ] GC(33) User=0.03s Sys=0.00s Real=0.03s
[13.227s][info][gc,start       ] GC(34) Pause Young (Allocation Failure)
[13.262s][info][gc,heap        ] GC(34) DefNew: 576337K(629248K)->19005K(629248K) Eden: 559360K(559360K)->0K(559360K) From: 16977K(69888K)->19005K(69888K)
[13.262s][info][gc,heap        ] GC(34) Tenured: 3561K(1398144K)->3561K(1398144K)
[13.262s][info][gc,metaspace   ] GC(34) Metaspace: 8598K(8832K)->8598K(8832K) NonClass: 7444K(7552K)->7444K(7552K) Class: 1153K(1280K)->1153K(1280K)
[13.262s][info][gc             ] GC(34) Pause Young (Allocation Failure) 566M->22M(1979M) 34.796ms
[13.262s][info][gc,cpu         ] GC(34) User=0.03s Sys=0.00s Real=0.03s
[13.558s][info][gc,start       ] GC(35) Pause Young (Allocation Failure)
[13.591s][info][gc,heap        ] GC(35) DefNew: 578365K(629248K)->20734K(629248K) Eden: 559360K(559360K)->0K(559360K) From: 19005K(69888K)->20734K(69888K)
[13.591s][info][gc,heap        ] GC(35) Tenured: 3561K(1398144K)->3561K(1398144K)
[13.591s][info][gc,metaspace   ] GC(35) Metaspace: 8598K(8832K)->8598K(8832K) NonClass: 7444K(7552K)->7444K(7552K) Class: 1153K(1280K)->1153K(1280K)
[13.591s][info][gc             ] GC(35) Pause Young (Allocation Failure) 568M->23M(1979M) 32.778ms
[13.591s][info][gc,cpu         ] GC(35) User=0.03s Sys=0.00s Real=0.03s
[14.152s][info][gc,start       ] GC(36) Pause Full (System.gc())
[14.152s][info][gc,phases,start] GC(36) Phase 1: Mark live objects
[14.163s][info][gc,phases      ] GC(36) Phase 1: Mark live objects 11.097ms
[14.163s][info][gc,phases,start] GC(36) Phase 2: Compute new object addresses
[14.251s][info][gc,phases      ] GC(36) Phase 2: Compute new object addresses 87.631ms
[14.251s][info][gc,phases,start] GC(36) Phase 3: Adjust pointers
[14.254s][info][gc,phases      ] GC(36) Phase 3: Adjust pointers 3.456ms
[14.254s][info][gc,phases,start] GC(36) Phase 4: Move objects
[14.255s][info][gc,phases      ] GC(36) Phase 4: Move objects 0.874ms
[14.255s][info][gc,heap        ] GC(36) DefNew: 323893K(629248K)->0K(629248K) Eden: 303158K(559360K)->0K(559360K) From: 20734K(69888K)->0K(69888K)
[14.255s][info][gc,heap        ] GC(36) Tenured: 3561K(1398144K)->3527K(1398144K)
[14.255s][info][gc,metaspace   ] GC(36) Metaspace: 8598K(8832K)->8598K(8832K) NonClass: 7444K(7552K)->7444K(7552K) Class: 1153K(1280K)->1153K(1280K)
[14.255s][info][gc             ] GC(36) Pause Full (System.gc()) 319M->3M(1979M) 103.476ms
[14.255s][info][gc,cpu         ] GC(36) User=0.11s Sys=0.00s Real=0.10s
[14.538s][info][gc,start       ] GC(37) Pause Young (Allocation Failure)
[14.545s][info][gc,heap        ] GC(37) DefNew: 559360K(629248K)->1944K(629248K) Eden: 559360K(559360K)->0K(559360K) From: 0K(69888K)->1944K(69888K)
[14.545s][info][gc,heap        ] GC(37) Tenured: 3527K(1398144K)->3527K(1398144K)
[14.546s][info][gc,metaspace   ] GC(37) Metaspace: 8598K(8832K)->8598K(8832K) NonClass: 7444K(7552K)->7444K(7552K) Class: 1153K(1280K)->1153K(1280K)
[14.546s][info][gc             ] GC(37) Pause Young (Allocation Failure) 549M->5M(1979M) 7.374ms
[14.546s][info][gc,cpu         ] GC(37) User=0.02s Sys=0.00s Real=0.01s
[14.862s][info][gc,start       ] GC(38) Pause Young (Allocation Failure)
[14.874s][info][gc,heap        ] GC(38) DefNew: 561304K(629248K)->3682K(629248K) Eden: 559360K(559360K)->0K(559360K) From: 1944K(69888K)->3682K(69888K)
[14.874s][info][gc,heap        ] GC(38) Tenured: 3527K(1398144K)->3527K(1398144K)
[14.874s][info][gc,metaspace   ] GC(38) Metaspace: 8598K(8832K)->8598K(8832K) NonClass: 7444K(7552K)->7444K(7552K) Class: 1153K(1280K)->1153K(1280K)
[14.875s][info][gc             ] GC(38) Pause Young (Allocation Failure) 551M->7M(1979M) 12.568ms
[14.875s][info][gc,cpu         ] GC(38) User=0.02s Sys=0.00s Real=0.01s
[15.193s][info][gc,start       ] GC(39) Pause Young (Allocation Failure)
[15.213s][info][gc,heap        ] GC(39) DefNew: 563042K(629248K)->5738K(629248K) Eden: 559360K(559360K)->0K(559360K) From: 3682K(69888K)->5738K(69888K)
[15.213s][info][gc,heap        ] GC(39) Tenured: 3527K(1398144K)->3527K(1398144K)
[15.213s][info][gc,metaspace   ] GC(39) Metaspace: 8598K(8832K)->8598K(8832K) NonClass: 7444K(7552K)->7444K(7552K) Class: 1153K(1280K)->1153K(1280K)
[15.213s][info][gc             ] GC(39) Pause Young (Allocation Failure) 553M->9M(1979M) 20.824ms
[15.213s][info][gc,cpu         ] GC(39) User=0.02s Sys=0.00s Real=0.02s
[15.496s][info][gc,start       ] GC(40) Pause Young (Allocation Failure)
[15.515s][info][gc,heap        ] GC(40) DefNew: 565098K(629248K)->7544K(629248K) Eden: 559360K(559360K)->0K(559360K) From: 5738K(69888K)->7544K(69888K)
[15.515s][info][gc,heap        ] GC(40) Tenured: 3527K(1398144K)->3527K(1398144K)
[15.515s][info][gc,metaspace   ] GC(40) Metaspace: 8598K(8832K)->8598K(8832K) NonClass: 7444K(7552K)->7444K(7552K) Class: 1153K(1280K)->1153K(1280K)
[15.515s][info][gc             ] GC(40) Pause Young (Allocation Failure) 555M->10M(1979M) 19.782ms
[15.515s][info][gc,cpu         ] GC(40) User=0.03s Sys=0.00s Real=0.02s
[15.796s][info][gc,start       ] GC(41) Pause Young (Allocation Failure)
[15.822s][info][gc,heap        ] GC(41) DefNew: 566904K(629248K)->9512K(629248K) Eden: 559360K(559360K)->0K(559360K) From: 7544K(69888K)->9512K(69888K)
[15.822s][info][gc,heap        ] GC(41) Tenured: 3527K(1398144K)->3527K(1398144K)
[15.822s][info][gc,metaspace   ] GC(41) Metaspace: 8598K(8832K)->8598K(8832K) NonClass: 7444K(7552K)->7444K(7552K) Class: 1153K(1280K)->1153K(1280K)
[15.822s][info][gc             ] GC(41) Pause Young (Allocation Failure) 557M->12M(1979M) 25.909ms
[15.822s][info][gc,cpu         ] GC(41) User=0.02s Sys=0.00s Real=0.03s
[16.101s][info][gc,start       ] GC(42) Pause Young (Allocation Failure)
[16.124s][info][gc,heap        ] GC(42) DefNew: 568872K(629248K)->11395K(629248K) Eden: 559360K(559360K)->0K(559360K) From: 9512K(69888K)->11395K(69888K)
[16.124s][info][gc,heap        ] GC(42) Tenured: 3527K(1398144K)->3527K(1398144K)
[16.124s][info][gc,metaspace   ] GC(42) Metaspace: 8598K(8832K)->8598K(8832K) NonClass: 7444K(7552K)->7444K(7552K) Class: 1153K(1280K)->1153K(1280K)
[16.125s][info][gc             ] GC(42) Pause Young (Allocation Failure) 558M->14M(1979M) 23.276ms
[16.125s][info][gc,cpu         ] GC(42) User=0.03s Sys=0.00s Real=0.02s
[16.436s][info][gc,start       ] GC(43) Pause Young (Allocation Failure)
[16.470s][info][gc,heap        ] GC(43) DefNew: 570755K(629248K)->13348K(629248K) Eden: 559360K(559360K)->0K(559360K) From: 11395K(69888K)->13348K(69888K)
[16.470s][info][gc,heap        ] GC(43) Tenured: 3527K(1398144K)->3527K(1398144K)
[16.470s][info][gc,metaspace   ] GC(43) Metaspace: 8598K(8832K)->8598K(8832K) NonClass: 7444K(7552K)->7444K(7552K) Class: 1153K(1280K)->1153K(1280K)
[16.470s][info][gc             ] GC(43) Pause Young (Allocation Failure) 560M->16M(1979M) 33.982ms
[16.470s][info][gc,cpu         ] GC(43) User=0.05s Sys=0.00s Real=0.03s
[16.751s][info][gc,start       ] GC(44) Pause Young (Allocation Failure)
[16.780s][info][gc,heap        ] GC(44) DefNew: 572708K(629248K)->15209K(629248K) Eden: 559360K(559360K)->0K(559360K) From: 13348K(69888K)->15209K(69888K)
[16.780s][info][gc,heap        ] GC(44) Tenured: 3527K(1398144K)->3527K(1398144K)
[16.780s][info][gc,metaspace   ] GC(44) Metaspace: 8598K(8832K)->8598K(8832K) NonClass: 7444K(7552K)->7444K(7552K) Class: 1153K(1280K)->1153K(1280K)
[16.780s][info][gc             ] GC(44) Pause Young (Allocation Failure) 562M->18M(1979M) 28.679ms
[16.780s][info][gc,cpu         ] GC(44) User=0.03s Sys=0.00s Real=0.03s
[17.078s][info][gc,start       ] GC(45) Pause Young (Allocation Failure)
[17.106s][info][gc,heap        ] GC(45) DefNew: 574569K(629248K)->16973K(629248K) Eden: 559360K(559360K)->0K(559360K) From: 15209K(69888K)->16973K(69888K)
[17.106s][info][gc,heap        ] GC(45) Tenured: 3527K(1398144K)->3527K(1398144K)
[17.106s][info][gc,metaspace   ] GC(45) Metaspace: 8598K(8832K)->8598K(8832K) NonClass: 7444K(7552K)->7444K(7552K) Class: 1153K(1280K)->1153K(1280K)
[17.106s][info][gc             ] GC(45) Pause Young (Allocation Failure) 564M->20M(1979M) 28.872ms
[17.106s][info][gc,cpu         ] GC(45) User=0.02s Sys=0.00s Real=0.03s
[17.417s][info][gc,start       ] GC(46) Pause Young (Allocation Failure)
[17.454s][info][gc,heap        ] GC(46) DefNew: 576333K(629248K)->19006K(629248K) Eden: 559360K(559360K)->0K(559360K) From: 16973K(69888K)->19006K(69888K)
[17.454s][info][gc,heap        ] GC(46) Tenured: 3527K(1398144K)->3527K(1398144K)
[17.454s][info][gc,metaspace   ] GC(46) Metaspace: 8598K(8832K)->8598K(8832K) NonClass: 7444K(7552K)->7444K(7552K) Class: 1153K(1280K)->1153K(1280K)
[17.454s][info][gc             ] GC(46) Pause Young (Allocation Failure) 566M->22M(1979M) 36.722ms
[17.454s][info][gc,cpu         ] GC(46) User=0.05s Sys=0.00s Real=0.04s
[17.744s][info][gc,start       ] GC(47) Pause Young (Allocation Failure)
[17.779s][info][gc,heap        ] GC(47) DefNew: 578366K(629248K)->20735K(629248K) Eden: 559360K(559360K)->0K(559360K) From: 19006K(69888K)->20735K(69888K)
[17.780s][info][gc,heap        ] GC(47) Tenured: 3527K(1398144K)->3527K(1398144K)
[17.780s][info][gc,metaspace   ] GC(47) Metaspace: 8598K(8832K)->8598K(8832K) NonClass: 7444K(7552K)->7444K(7552K) Class: 1153K(1280K)->1153K(1280K)
[17.780s][info][gc             ] GC(47) Pause Young (Allocation Failure) 568M->23M(1979M) 35.502ms
[17.780s][info][gc,cpu         ] GC(47) User=0.03s Sys=0.00s Real=0.04s
[18.366s][info][gc,start       ] GC(48) Pause Full (System.gc())
[18.366s][info][gc,phases,start] GC(48) Phase 1: Mark live objects
[18.371s][info][gc,phases      ] GC(48) Phase 1: Mark live objects 5.185ms
[18.371s][info][gc,phases,start] GC(48) Phase 2: Compute new object addresses
[18.455s][info][gc,phases      ] GC(48) Phase 2: Compute new object addresses 83.792ms
[18.455s][info][gc,phases,start] GC(48) Phase 3: Adjust pointers
[18.459s][info][gc,phases      ] GC(48) Phase 3: Adjust pointers 3.609ms
[18.459s][info][gc,phases,start] GC(48) Phase 4: Move objects
[18.459s][info][gc,phases      ] GC(48) Phase 4: Move objects 0.013ms
[18.459s][info][gc,heap        ] GC(48) DefNew: 323885K(629248K)->0K(629248K) Eden: 303150K(559360K)->0K(559360K) From: 20735K(69888K)->0K(69888K)
[18.459s][info][gc,heap        ] GC(48) Tenured: 3527K(1398144K)->3527K(1398144K)
[18.459s][info][gc,metaspace   ] GC(48) Metaspace: 8598K(8832K)->8598K(8832K) NonClass: 7444K(7552K)->7444K(7552K) Class: 1153K(1280K)->1153K(1280K)
[18.459s][info][gc             ] GC(48) Pause Full (System.gc()) 319M->3M(1979M) 92.947ms
[18.459s][info][gc,cpu         ] GC(48) User=0.11s Sys=0.00s Real=0.11s
[18.741s][info][gc,start       ] GC(49) Pause Young (Allocation Failure)
[18.749s][info][gc,heap        ] GC(49) DefNew: 559360K(629248K)->1944K(629248K) Eden: 559360K(559360K)->0K(559360K) From: 0K(69888K)->1944K(69888K)
[18.749s][info][gc,heap        ] GC(49) Tenured: 3527K(1398144K)->3527K(1398144K)
[18.749s][info][gc,metaspace   ] GC(49) Metaspace: 8599K(8832K)->8599K(8832K) NonClass: 7445K(7552K)->7445K(7552K) Class: 1153K(1280K)->1153K(1280K)
[18.749s][info][gc             ] GC(49) Pause Young (Allocation Failure) 549M->5M(1979M) 7.509ms
[18.749s][info][gc,cpu         ] GC(49) User=0.02s Sys=0.00s Real=0.01s
[19.057s][info][gc,start       ] GC(50) Pause Young (Allocation Failure)
[19.069s][info][gc,heap        ] GC(50) DefNew: 561304K(629248K)->3682K(629248K) Eden: 559360K(559360K)->0K(559360K) From: 1944K(69888K)->3682K(69888K)
[19.069s][info][gc,heap        ] GC(50) Tenured: 3527K(1398144K)->3527K(1398144K)
[19.069s][info][gc,metaspace   ] GC(50) Metaspace: 8599K(8832K)->8599K(8832K) NonClass: 7445K(7552K)->7445K(7552K) Class: 1153K(1280K)->1153K(1280K)
[19.069s][info][gc             ] GC(50) Pause Young (Allocation Failure) 551M->7M(1979M) 12.479ms
[19.069s][info][gc,cpu         ] GC(50) User=0.02s Sys=0.00s Real=0.01s
[19.392s][info][gc,start       ] GC(51) Pause Young (Allocation Failure)
[19.413s][info][gc,heap        ] GC(51) DefNew: 563042K(629248K)->5738K(629248K) Eden: 559360K(559360K)->0K(559360K) From: 3682K(69888K)->5738K(69888K)
[19.413s][info][gc,heap        ] GC(51) Tenured: 3527K(1398144K)->3527K(1398144K)
[19.413s][info][gc,metaspace   ] GC(51) Metaspace: 8599K(8832K)->8599K(8832K) NonClass: 7445K(7552K)->7445K(7552K) Class: 1153K(1280K)->1153K(1280K)
[19.413s][info][gc             ] GC(51) Pause Young (Allocation Failure) 553M->9M(1979M) 20.824ms
[19.413s][info][gc,cpu         ] GC(51) User=0.02s Sys=0.00s Real=0.02s
[19.724s][info][gc,start       ] GC(52) Pause Young (Allocation Failure)
[19.744s][info][gc,heap        ] GC(52) DefNew: 565098K(629248K)->7544K(629248K) Eden: 559360K(559360K)->0K(559360K) From: 5738K(69888K)->7544K(69888K)
[19.744s][info][gc,heap        ] GC(52) Tenured: 3527K(1398144K)->3527K(1398144K)
[19.744s][info][gc,metaspace   ] GC(52) Metaspace: 8599K(8832K)->8599K(8832K) NonClass: 7445K(7552K)->7445K(7552K) Class: 1153K(1280K)->1153K(1280K)
[19.744s][info][gc             ] GC(52) Pause Young (Allocation Failure) 555M->10M(1979M) 20.289ms
[19.744s][info][gc,cpu         ] GC(52) User=0.02s Sys=0.00s Real=0.02s
[20.053s][info][gc,start       ] GC(53) Pause Young (Allocation Failure)
[20.076s][info][gc,heap        ] GC(53) DefNew: 566904K(629248K)->9512K(629248K) Eden: 559360K(559360K)->0K(559360K) From: 7544K(69888K)->9512K(69888K)
[20.076s][info][gc,heap        ] GC(53) Tenured: 3527K(1398144K)->3527K(1398144K)
[20.076s][info][gc,metaspace   ] GC(53) Metaspace: 8599K(8832K)->8599K(8832K) NonClass: 7445K(7552K)->7445K(7552K) Class: 1153K(1280K)->1153K(1280K)
[20.076s][info][gc             ] GC(53) Pause Young (Allocation Failure) 557M->12M(1979M) 23.570ms
[20.076s][info][gc,cpu         ] GC(53) User=0.02s Sys=0.00s Real=0.02s
[20.358s][info][gc,start       ] GC(54) Pause Young (Allocation Failure)
[20.371s][info][gc,heap        ] GC(54) DefNew: 568872K(629248K)->11395K(629248K) Eden: 559360K(559360K)->0K(559360K) From: 9512K(69888K)->11395K(69888K)
[20.371s][info][gc,heap        ] GC(54) Tenured: 3527K(1398144K)->3527K(1398144K)
[20.371s][info][gc,metaspace   ] GC(54) Metaspace: 8599K(8832K)->8599K(8832K) NonClass: 7445K(7552K)->7445K(7552K) Class: 1153K(1280K)->1153K(1280K)
[20.371s][info][gc             ] GC(54) Pause Young (Allocation Failure) 558M->14M(1979M) 12.902ms
[20.371s][info][gc,cpu         ] GC(54) User=0.00s Sys=0.00s Real=0.01s
[20.683s][info][gc,start       ] GC(55) Pause Young (Allocation Failure)
[20.717s][info][gc,heap        ] GC(55) DefNew: 570755K(629248K)->13348K(629248K) Eden: 559360K(559360K)->0K(559360K) From: 11395K(69888K)->13348K(69888K)
[20.717s][info][gc,heap        ] GC(55) Tenured: 3527K(1398144K)->3527K(1398144K)
[20.717s][info][gc,metaspace   ] GC(55) Metaspace: 8599K(8832K)->8599K(8832K) NonClass: 7445K(7552K)->7445K(7552K) Class: 1153K(1280K)->1153K(1280K)
[20.717s][info][gc             ] GC(55) Pause Young (Allocation Failure) 560M->16M(1979M) 34.456ms
[20.717s][info][gc,cpu         ] GC(55) User=0.05s Sys=0.00s Real=0.04s
[21.012s][info][gc,start       ] GC(56) Pause Young (Allocation Failure)
[21.041s][info][gc,heap        ] GC(56) DefNew: 572708K(629248K)->15209K(629248K) Eden: 559360K(559360K)->0K(559360K) From: 13348K(69888K)->15209K(69888K)
[21.041s][info][gc,heap        ] GC(56) Tenured: 3527K(1398144K)->3527K(1398144K)
[21.041s][info][gc,metaspace   ] GC(56) Metaspace: 8599K(8832K)->8599K(8832K) NonClass: 7445K(7552K)->7445K(7552K) Class: 1153K(1280K)->1153K(1280K)
[21.041s][info][gc             ] GC(56) Pause Young (Allocation Failure) 562M->18M(1979M) 29.250ms
[21.041s][info][gc,cpu         ] GC(56) User=0.03s Sys=0.00s Real=0.03s
[21.339s][info][gc,start       ] GC(57) Pause Young (Allocation Failure)
[21.368s][info][gc,heap        ] GC(57) DefNew: 574569K(629248K)->16977K(629248K) Eden: 559360K(559360K)->0K(559360K) From: 15209K(69888K)->16977K(69888K)
[21.368s][info][gc,heap        ] GC(57) Tenured: 3527K(1398144K)->3527K(1398144K)
[21.368s][info][gc,metaspace   ] GC(57) Metaspace: 8599K(8832K)->8599K(8832K) NonClass: 7445K(7552K)->7445K(7552K) Class: 1153K(1280K)->1153K(1280K)
[21.368s][info][gc             ] GC(57) Pause Young (Allocation Failure) 564M->20M(1979M) 29.090ms
[21.368s][info][gc,cpu         ] GC(57) User=0.03s Sys=0.00s Real=0.03s
[21.661s][info][gc,start       ] GC(58) Pause Young (Allocation Failure)
[21.695s][info][gc,heap        ] GC(58) DefNew: 576337K(629248K)->19006K(629248K) Eden: 559360K(559360K)->0K(559360K) From: 16977K(69888K)->19006K(69888K)
[21.695s][info][gc,heap        ] GC(58) Tenured: 3527K(1398144K)->3527K(1398144K)
[21.695s][info][gc,metaspace   ] GC(58) Metaspace: 8599K(8832K)->8599K(8832K) NonClass: 7445K(7552K)->7445K(7552K) Class: 1153K(1280K)->1153K(1280K)
[21.695s][info][gc             ] GC(58) Pause Young (Allocation Failure) 566M->22M(1979M) 34.419ms
[21.695s][info][gc,cpu         ] GC(58) User=0.03s Sys=0.00s Real=0.03s
[21.986s][info][gc,start       ] GC(59) Pause Young (Allocation Failure)
[22.021s][info][gc,heap        ] GC(59) DefNew: 578366K(629248K)->20735K(629248K) Eden: 559360K(559360K)->0K(559360K) From: 19006K(69888K)->20735K(69888K)
[22.021s][info][gc,heap        ] GC(59) Tenured: 3527K(1398144K)->3527K(1398144K)
[22.021s][info][gc,metaspace   ] GC(59) Metaspace: 8599K(8832K)->8599K(8832K) NonClass: 7445K(7552K)->7445K(7552K) Class: 1153K(1280K)->1153K(1280K)
[22.021s][info][gc             ] GC(59) Pause Young (Allocation Failure) 568M->23M(1979M) 35.543ms
[22.021s][info][gc,cpu         ] GC(59) User=0.03s Sys=0.00s Real=0.04s
[22.515s][info][gc,start       ] GC(60) Pause Full (System.gc())
[22.552s][info][gc,phases,start] GC(60) Phase 1: Mark live objects
[22.564s][info][gc,phases      ] GC(60) Phase 1: Mark live objects 11.220ms
[22.564s][info][gc,phases,start] GC(60) Phase 2: Compute new object addresses
[22.654s][info][gc,phases      ] GC(60) Phase 2: Compute new object addresses 90.682ms
[22.654s][info][gc,phases,start] GC(60) Phase 3: Adjust pointers
[22.657s][info][gc,phases      ] GC(60) Phase 3: Adjust pointers 2.878ms
[22.657s][info][gc,phases,start] GC(60) Phase 4: Move objects
[22.657s][info][gc,phases      ] GC(60) Phase 4: Move objects 0.012ms
[22.657s][info][gc,heap        ] GC(60) DefNew: 323885K(629248K)->0K(629248K) Eden: 303149K(559360K)->0K(559360K) From: 20735K(69888K)->0K(69888K)
[22.657s][info][gc,heap        ] GC(60) Tenured: 3527K(1398144K)->3528K(1398144K)
[22.657s][info][gc,metaspace   ] GC(60) Metaspace: 8600K(8832K)->8600K(8832K) NonClass: 7446K(7552K)->7446K(7552K) Class: 1153K(1280K)->1153K(1280K)
[22.657s][info][gc             ] GC(60) Pause Full (System.gc()) 319M->3M(1979M) 142.002ms
[22.657s][info][gc,cpu         ] GC(60) User=0.11s Sys=0.00s Real=0.14s
[22.943s][info][gc,start       ] GC(61) Pause Young (Allocation Failure)
[22.949s][info][gc,heap        ] GC(61) DefNew: 559360K(629248K)->1944K(629248K) Eden: 559360K(559360K)->0K(559360K) From: 0K(69888K)->1944K(69888K)
[22.949s][info][gc,heap        ] GC(61) Tenured: 3528K(1398144K)->3528K(1398144K)
[22.949s][info][gc,metaspace   ] GC(61) Metaspace: 8600K(8832K)->8600K(8832K) NonClass: 7446K(7552K)->7446K(7552K) Class: 1153K(1280K)->1153K(1280K)
[22.950s][info][gc             ] GC(61) Pause Young (Allocation Failure) 549M->5M(1979M) 6.945ms
[22.950s][info][gc,cpu         ] GC(61) User=0.00s Sys=0.00s Real=0.01s
[23.218s][info][gc,start       ] GC(62) Pause Young (Allocation Failure)
[23.230s][info][gc,heap        ] GC(62) DefNew: 561304K(629248K)->3682K(629248K) Eden: 559360K(559360K)->0K(559360K) From: 1944K(69888K)->3682K(69888K)
[23.230s][info][gc,heap        ] GC(62) Tenured: 3528K(1398144K)->3528K(1398144K)
[23.230s][info][gc,metaspace   ] GC(62) Metaspace: 8600K(8832K)->8600K(8832K) NonClass: 7446K(7552K)->7446K(7552K) Class: 1153K(1280K)->1153K(1280K)
[23.230s][info][gc             ] GC(62) Pause Young (Allocation Failure) 551M->7M(1979M) 12.409ms
[23.230s][info][gc,cpu         ] GC(62) User=0.00s Sys=0.00s Real=0.01s
[23.508s][info][gc,start       ] GC(63) Pause Young (Allocation Failure)
[23.527s][info][gc,heap        ] GC(63) DefNew: 563042K(629248K)->5737K(629248K) Eden: 559360K(559360K)->0K(559360K) From: 3682K(69888K)->5737K(69888K)
[23.527s][info][gc,heap        ] GC(63) Tenured: 3528K(1398144K)->3528K(1398144K)
[23.527s][info][gc,metaspace   ] GC(63) Metaspace: 8600K(8832K)->8600K(8832K) NonClass: 7446K(7552K)->7446K(7552K) Class: 1153K(1280K)->1153K(1280K)
[23.527s][info][gc             ] GC(63) Pause Young (Allocation Failure) 553M->9M(1979M) 19.547ms
[23.527s][info][gc,cpu         ] GC(63) User=0.02s Sys=0.00s Real=0.02s
[23.818s][info][gc,start       ] GC(64) Pause Young (Allocation Failure)
[23.837s][info][gc,heap        ] GC(64) DefNew: 565097K(629248K)->7543K(629248K) Eden: 559360K(559360K)->0K(559360K) From: 5737K(69888K)->7543K(69888K)
[23.837s][info][gc,heap        ] GC(64) Tenured: 3528K(1398144K)->3528K(1398144K)
[23.837s][info][gc,metaspace   ] GC(64) Metaspace: 8600K(8832K)->8600K(8832K) NonClass: 7446K(7552K)->7446K(7552K) Class: 1153K(1280K)->1153K(1280K)
[23.838s][info][gc             ] GC(64) Pause Young (Allocation Failure) 555M->10M(1979M) 19.940ms
[23.838s][info][gc,cpu         ] GC(64) User=0.02s Sys=0.00s Real=0.02s
[24.143s][info][gc,start       ] GC(65) Pause Young (Allocation Failure)
[24.167s][info][gc,heap        ] GC(65) DefNew: 566903K(629248K)->9511K(629248K) Eden: 559360K(559360K)->0K(559360K) From: 7543K(69888K)->9511K(69888K)
[24.167s][info][gc,heap        ] GC(65) Tenured: 3528K(1398144K)->3528K(1398144K)
[24.167s][info][gc,metaspace   ] GC(65) Metaspace: 8600K(8832K)->8600K(8832K) NonClass: 7446K(7552K)->7446K(7552K) Class: 1153K(1280K)->1153K(1280K)
[24.167s][info][gc             ] GC(65) Pause Young (Allocation Failure) 557M->12M(1979M) 23.952ms
[24.167s][info][gc,cpu         ] GC(65) User=0.02s Sys=0.00s Real=0.02s
[24.450s][info][gc,start       ] GC(66) Pause Young (Allocation Failure)
[24.475s][info][gc,heap        ] GC(66) DefNew: 568871K(629248K)->11390K(629248K) Eden: 559360K(559360K)->0K(559360K) From: 9511K(69888K)->11390K(69888K)
[24.475s][info][gc,heap        ] GC(66) Tenured: 3528K(1398144K)->3528K(1398144K)
[24.475s][info][gc,metaspace   ] GC(66) Metaspace: 8600K(8832K)->8600K(8832K) NonClass: 7446K(7552K)->7446K(7552K) Class: 1153K(1280K)->1153K(1280K)
[24.475s][info][gc             ] GC(66) Pause Young (Allocation Failure) 558M->14M(1979M) 24.922ms
[24.475s][info][gc,cpu         ] GC(66) User=0.03s Sys=0.00s Real=0.03s
[24.800s][info][gc,start       ] GC(67) Pause Young (Allocation Failure)
[24.832s][info][gc,heap        ] GC(67) DefNew: 570750K(629248K)->13349K(629248K) Eden: 559360K(559360K)->0K(559360K) From: 11390K(69888K)->13349K(69888K)
[24.832s][info][gc,heap        ] GC(67) Tenured: 3528K(1398144K)->3528K(1398144K)
[24.832s][info][gc,metaspace   ] GC(67) Metaspace: 8600K(8832K)->8600K(8832K) NonClass: 7446K(7552K)->7446K(7552K) Class: 1153K(1280K)->1153K(1280K)
[24.832s][info][gc             ] GC(67) Pause Young (Allocation Failure) 560M->16M(1979M) 32.618ms
[24.832s][info][gc,cpu         ] GC(67) User=0.03s Sys=0.00s Real=0.03s
[25.131s][info][gc,start       ] GC(68) Pause Young (Allocation Failure)
[25.158s][info][gc,heap        ] GC(68) DefNew: 572709K(629248K)->15208K(629248K) Eden: 559360K(559360K)->0K(559360K) From: 13349K(69888K)->15208K(69888K)
[25.158s][info][gc,heap        ] GC(68) Tenured: 3528K(1398144K)->3528K(1398144K)
[25.158s][info][gc,metaspace   ] GC(68) Metaspace: 8600K(8832K)->8600K(8832K) NonClass: 7446K(7552K)->7446K(7552K) Class: 1153K(1280K)->1153K(1280K)
[25.158s][info][gc             ] GC(68) Pause Young (Allocation Failure) 562M->18M(1979M) 27.344ms
[25.158s][info][gc,cpu         ] GC(68) User=0.03s Sys=0.00s Real=0.03s
[25.438s][info][gc,start       ] GC(69) Pause Young (Allocation Failure)
[25.467s][info][gc,heap        ] GC(69) DefNew: 574568K(629248K)->16977K(629248K) Eden: 559360K(559360K)->0K(559360K) From: 15208K(69888K)->16977K(69888K)
[25.467s][info][gc,heap        ] GC(69) Tenured: 3528K(1398144K)->3528K(1398144K)
[25.467s][info][gc,metaspace   ] GC(69) Metaspace: 8600K(8832K)->8600K(8832K) NonClass: 7446K(7552K)->7446K(7552K) Class: 1153K(1280K)->1153K(1280K)
[25.468s][info][gc             ] GC(69) Pause Young (Allocation Failure) 564M->20M(1979M) 29.457ms
[25.468s][info][gc,cpu         ] GC(69) User=0.03s Sys=0.00s Real=0.03s
[25.758s][info][gc,start       ] GC(70) Pause Young (Allocation Failure)
[25.794s][info][gc,heap        ] GC(70) DefNew: 576337K(629248K)->19005K(629248K) Eden: 559360K(559360K)->0K(559360K) From: 16977K(69888K)->19005K(69888K)
[25.794s][info][gc,heap        ] GC(70) Tenured: 3528K(1398144K)->3528K(1398144K)
[25.794s][info][gc,metaspace   ] GC(70) Metaspace: 8600K(8832K)->8600K(8832K) NonClass: 7446K(7552K)->7446K(7552K) Class: 1153K(1280K)->1153K(1280K)
[25.794s][info][gc             ] GC(70) Pause Young (Allocation Failure) 566M->22M(1979M) 36.197ms
[25.794s][info][gc,cpu         ] GC(70) User=0.03s Sys=0.00s Real=0.04s
[26.118s][info][gc,start       ] GC(71) Pause Young (Allocation Failure)
[26.153s][info][gc,heap        ] GC(71) DefNew: 578365K(629248K)->20735K(629248K) Eden: 559360K(559360K)->0K(559360K) From: 19005K(69888K)->20735K(69888K)
[26.153s][info][gc,heap        ] GC(71) Tenured: 3528K(1398144K)->3528K(1398144K)
[26.153s][info][gc,metaspace   ] GC(71) Metaspace: 8600K(8832K)->8600K(8832K) NonClass: 7446K(7552K)->7446K(7552K) Class: 1153K(1280K)->1153K(1280K)
[26.153s][info][gc             ] GC(71) Pause Young (Allocation Failure) 568M->23M(1979M) 35.508ms
[26.153s][info][gc,cpu         ] GC(71) User=0.03s Sys=0.00s Real=0.04s
[26.654s][info][gc,start       ] GC(72) Pause Full (System.gc())
[26.654s][info][gc,phases,start] GC(72) Phase 1: Mark live objects
[26.660s][info][gc,phases      ] GC(72) Phase 1: Mark live objects 5.226ms
[26.660s][info][gc,phases,start] GC(72) Phase 2: Compute new object addresses
[26.762s][info][gc,phases      ] GC(72) Phase 2: Compute new object addresses 102.351ms
[26.762s][info][gc,phases,start] GC(72) Phase 3: Adjust pointers
[26.765s][info][gc,phases      ] GC(72) Phase 3: Adjust pointers 2.927ms
[26.765s][info][gc,phases,start] GC(72) Phase 4: Move objects
[26.765s][info][gc,phases      ] GC(72) Phase 4: Move objects 0.012ms
[26.765s][info][gc,heap        ] GC(72) DefNew: 323893K(629248K)->0K(629248K) Eden: 303158K(559360K)->0K(559360K) From: 20735K(69888K)->0K(69888K)
[26.765s][info][gc,heap        ] GC(72) Tenured: 3528K(1398144K)->3528K(1398144K)
[26.765s][info][gc,metaspace   ] GC(72) Metaspace: 8600K(8832K)->8600K(8832K) NonClass: 7446K(7552K)->7446K(7552K) Class: 1153K(1280K)->1153K(1280K)
[26.765s][info][gc             ] GC(72) Pause Full (System.gc()) 319M->3M(1979M) 110.799ms
[26.765s][info][gc,cpu         ] GC(72) User=0.13s Sys=0.00s Real=0.11s
[27.061s][info][gc,start       ] GC(73) Pause Young (Allocation Failure)
[27.068s][info][gc,heap        ] GC(73) DefNew: 559360K(629248K)->1945K(629248K) Eden: 559360K(559360K)->0K(559360K) From: 0K(69888K)->1945K(69888K)
[27.068s][info][gc,heap        ] GC(73) Tenured: 3528K(1398144K)->3528K(1398144K)
[27.068s][info][gc,metaspace   ] GC(73) Metaspace: 8600K(8832K)->8600K(8832K) NonClass: 7446K(7552K)->7446K(7552K) Class: 1153K(1280K)->1153K(1280K)
[27.068s][info][gc             ] GC(73) Pause Young (Allocation Failure) 549M->5M(1979M) 6.947ms
[27.068s][info][gc,cpu         ] GC(73) User=0.02s Sys=0.00s Real=0.01s
[27.347s][info][gc,start       ] GC(74) Pause Young (Allocation Failure)
[27.359s][info][gc,heap        ] GC(74) DefNew: 561305K(629248K)->3682K(629248K) Eden: 559360K(559360K)->0K(559360K) From: 1945K(69888K)->3682K(69888K)
[27.359s][info][gc,heap        ] GC(74) Tenured: 3528K(1398144K)->3528K(1398144K)
[27.359s][info][gc,metaspace   ] GC(74) Metaspace: 8600K(8832K)->8600K(8832K) NonClass: 7446K(7552K)->7446K(7552K) Class: 1153K(1280K)->1153K(1280K)
[27.359s][info][gc             ] GC(74) Pause Young (Allocation Failure) 551M->7M(1979M) 11.945ms
[27.359s][info][gc,cpu         ] GC(74) User=0.02s Sys=0.00s Real=0.01s
[27.651s][info][gc,start       ] GC(75) Pause Young (Allocation Failure)
[27.670s][info][gc,heap        ] GC(75) DefNew: 563042K(629248K)->5738K(629248K) Eden: 559360K(559360K)->0K(559360K) From: 3682K(69888K)->5738K(69888K)
[27.670s][info][gc,heap        ] GC(75) Tenured: 3528K(1398144K)->3528K(1398144K)
[27.670s][info][gc,metaspace   ] GC(75) Metaspace: 8600K(8832K)->8600K(8832K) NonClass: 7446K(7552K)->7446K(7552K) Class: 1153K(1280K)->1153K(1280K)
[27.670s][info][gc             ] GC(75) Pause Young (Allocation Failure) 553M->9M(1979M) 19.172ms
[27.670s][info][gc,cpu         ] GC(75) User=0.02s Sys=0.00s Real=0.02s
[27.971s][info][gc,start       ] GC(76) Pause Young (Allocation Failure)
[27.990s][info][gc,heap        ] GC(76) DefNew: 565098K(629248K)->7544K(629248K) Eden: 559360K(559360K)->0K(559360K) From: 5738K(69888K)->7544K(69888K)
[27.990s][info][gc,heap        ] GC(76) Tenured: 3528K(1398144K)->3528K(1398144K)
[27.990s][info][gc,metaspace   ] GC(76) Metaspace: 8600K(8832K)->8600K(8832K) NonClass: 7446K(7552K)->7446K(7552K) Class: 1153K(1280K)->1153K(1280K)
[27.990s][info][gc             ] GC(76) Pause Young (Allocation Failure) 555M->10M(1979M) 18.642ms
[27.990s][info][gc,cpu         ] GC(76) User=0.02s Sys=0.00s Real=0.02s
[28.278s][info][gc,start       ] GC(77) Pause Young (Allocation Failure)
[28.302s][info][gc,heap        ] GC(77) DefNew: 566904K(629248K)->9512K(629248K) Eden: 559360K(559360K)->0K(559360K) From: 7544K(69888K)->9512K(69888K)
[28.302s][info][gc,heap        ] GC(77) Tenured: 3528K(1398144K)->3528K(1398144K)
[28.302s][info][gc,metaspace   ] GC(77) Metaspace: 8600K(8832K)->8600K(8832K) NonClass: 7446K(7552K)->7446K(7552K) Class: 1153K(1280K)->1153K(1280K)
[28.302s][info][gc             ] GC(77) Pause Young (Allocation Failure) 557M->12M(1979M) 24.436ms
[28.302s][info][gc,cpu         ] GC(77) User=0.03s Sys=0.00s Real=0.03s
[28.580s][info][gc,start       ] GC(78) Pause Young (Allocation Failure)
[28.605s][info][gc,heap        ] GC(78) DefNew: 568872K(629248K)->11395K(629248K) Eden: 559360K(559360K)->0K(559360K) From: 9512K(69888K)->11395K(69888K)
[28.605s][info][gc,heap        ] GC(78) Tenured: 3528K(1398144K)->3528K(1398144K)
[28.605s][info][gc,metaspace   ] GC(78) Metaspace: 8600K(8832K)->8600K(8832K) NonClass: 7446K(7552K)->7446K(7552K) Class: 1153K(1280K)->1153K(1280K)
[28.605s][info][gc             ] GC(78) Pause Young (Allocation Failure) 558M->14M(1979M) 25.203ms
[28.605s][info][gc,cpu         ] GC(78) User=0.02s Sys=0.00s Real=0.03s
[28.932s][info][gc,start       ] GC(79) Pause Young (Allocation Failure)
[28.965s][info][gc,heap        ] GC(79) DefNew: 570755K(629248K)->13348K(629248K) Eden: 559360K(559360K)->0K(559360K) From: 11395K(69888K)->13348K(69888K)
[28.965s][info][gc,heap        ] GC(79) Tenured: 3528K(1398144K)->3528K(1398144K)
[28.965s][info][gc,metaspace   ] GC(79) Metaspace: 8600K(8832K)->8600K(8832K) NonClass: 7446K(7552K)->7446K(7552K) Class: 1153K(1280K)->1153K(1280K)
[28.965s][info][gc             ] GC(79) Pause Young (Allocation Failure) 560M->16M(1979M) 33.638ms
[28.965s][info][gc,cpu         ] GC(79) User=0.03s Sys=0.00s Real=0.03s
[29.245s][info][gc,start       ] GC(80) Pause Young (Allocation Failure)
[29.273s][info][gc,heap        ] GC(80) DefNew: 572708K(629248K)->15209K(629248K) Eden: 559360K(559360K)->0K(559360K) From: 13348K(69888K)->15209K(69888K)
[29.273s][info][gc,heap        ] GC(80) Tenured: 3528K(1398144K)->3528K(1398144K)
[29.273s][info][gc,metaspace   ] GC(80) Metaspace: 8600K(8832K)->8600K(8832K) NonClass: 7446K(7552K)->7446K(7552K) Class: 1153K(1280K)->1153K(1280K)
[29.273s][info][gc             ] GC(80) Pause Young (Allocation Failure) 562M->18M(1979M) 28.493ms
[29.273s][info][gc,cpu         ] GC(80) User=0.03s Sys=0.00s Real=0.03s
[29.552s][info][gc,start       ] GC(81) Pause Young (Allocation Failure)
[29.580s][info][gc,heap        ] GC(81) DefNew: 574569K(629248K)->16973K(629248K) Eden: 559360K(559360K)->0K(559360K) From: 15209K(69888K)->16973K(69888K)
[29.580s][info][gc,heap        ] GC(81) Tenured: 3528K(1398144K)->3528K(1398144K)
[29.580s][info][gc,metaspace   ] GC(81) Metaspace: 8600K(8832K)->8600K(8832K) NonClass: 7446K(7552K)->7446K(7552K) Class: 1153K(1280K)->1153K(1280K)
[29.581s][info][gc             ] GC(81) Pause Young (Allocation Failure) 564M->20M(1979M) 28.587ms
[29.581s][info][gc,cpu         ] GC(81) User=0.03s Sys=0.00s Real=0.03s
[29.893s][info][gc,start       ] GC(82) Pause Young (Allocation Failure)
[29.928s][info][gc,heap        ] GC(82) DefNew: 576333K(629248K)->19006K(629248K) Eden: 559360K(559360K)->0K(559360K) From: 16973K(69888K)->19006K(69888K)
[29.928s][info][gc,heap        ] GC(82) Tenured: 3528K(1398144K)->3528K(1398144K)
[29.928s][info][gc,metaspace   ] GC(82) Metaspace: 8600K(8832K)->8600K(8832K) NonClass: 7446K(7552K)->7446K(7552K) Class: 1153K(1280K)->1153K(1280K)
[29.928s][info][gc             ] GC(82) Pause Young (Allocation Failure) 566M->22M(1979M) 34.740ms
[29.928s][info][gc,cpu         ] GC(82) User=0.03s Sys=0.00s Real=0.03s
[30.209s][info][gc,start       ] GC(83) Pause Young (Allocation Failure)
[30.244s][info][gc,heap        ] GC(83) DefNew: 578366K(629248K)->20735K(629248K) Eden: 559360K(559360K)->0K(559360K) From: 19006K(69888K)->20735K(69888K)
[30.244s][info][gc,heap        ] GC(83) Tenured: 3528K(1398144K)->3528K(1398144K)
[30.244s][info][gc,metaspace   ] GC(83) Metaspace: 8600K(8832K)->8600K(8832K) NonClass: 7446K(7552K)->7446K(7552K) Class: 1153K(1280K)->1153K(1280K)
[30.244s][info][gc             ] GC(83) Pause Young (Allocation Failure) 568M->23M(1979M) 35.057ms
[30.244s][info][gc,cpu         ] GC(83) User=0.03s Sys=0.00s Real=0.03s
[30.768s][info][gc,start       ] GC(84) Pause Full (System.gc())
[30.768s][info][gc,phases,start] GC(84) Phase 1: Mark live objects
[30.773s][info][gc,phases      ] GC(84) Phase 1: Mark live objects 5.260ms
[30.773s][info][gc,phases,start] GC(84) Phase 2: Compute new object addresses
[30.857s][info][gc,phases      ] GC(84) Phase 2: Compute new object addresses 84.066ms
[30.857s][info][gc,phases,start] GC(84) Phase 3: Adjust pointers
[30.860s][info][gc,phases      ] GC(84) Phase 3: Adjust pointers 2.888ms
[30.860s][info][gc,phases,start] GC(84) Phase 4: Move objects
[30.860s][info][gc,phases      ] GC(84) Phase 4: Move objects 0.011ms
[30.860s][info][gc,heap        ] GC(84) DefNew: 323885K(629248K)->0K(629248K) Eden: 303149K(559360K)->0K(559360K) From: 20735K(69888K)->0K(69888K)
[30.860s][info][gc,heap        ] GC(84) Tenured: 3528K(1398144K)->3527K(1398144K)
[30.860s][info][gc,metaspace   ] GC(84) Metaspace: 8601K(8832K)->8601K(8832K) NonClass: 7447K(7552K)->7447K(7552K) Class: 1153K(1280K)->1153K(1280K)
[30.860s][info][gc             ] GC(84) Pause Full (System.gc()) 319M->3M(1979M) 92.483ms
[30.860s][info][gc,cpu         ] GC(84) User=0.09s Sys=0.00s Real=0.09s
[31.174s][info][gc,start       ] GC(85) Pause Young (Allocation Failure)
[31.180s][info][gc,heap        ] GC(85) DefNew: 559360K(629248K)->1944K(629248K) Eden: 559360K(559360K)->0K(559360K) From: 0K(69888K)->1944K(69888K)
[31.180s][info][gc,heap        ] GC(85) Tenured: 3527K(1398144K)->3527K(1398144K)
[31.180s][info][gc,metaspace   ] GC(85) Metaspace: 8603K(8832K)->8603K(8832K) NonClass: 7450K(7552K)->7450K(7552K) Class: 1153K(1280K)->1153K(1280K)
[31.180s][info][gc             ] GC(85) Pause Young (Allocation Failure) 549M->5M(1979M) 6.857ms
[31.180s][info][gc,cpu         ] GC(85) User=0.00s Sys=0.00s Real=0.01s
[31.449s][info][gc,start       ] GC(86) Pause Young (Allocation Failure)
[31.461s][info][gc,heap        ] GC(86) DefNew: 561304K(629248K)->3682K(629248K) Eden: 559360K(559360K)->0K(559360K) From: 1944K(69888K)->3682K(69888K)
[31.461s][info][gc,heap        ] GC(86) Tenured: 3527K(1398144K)->3527K(1398144K)
[31.461s][info][gc,metaspace   ] GC(86) Metaspace: 8603K(8832K)->8603K(8832K) NonClass: 7450K(7552K)->7450K(7552K) Class: 1153K(1280K)->1153K(1280K)
[31.461s][info][gc             ] GC(86) Pause Young (Allocation Failure) 551M->7M(1979M) 11.978ms
[31.461s][info][gc,cpu         ] GC(86) User=0.02s Sys=0.00s Real=0.01s
[31.737s][info][gc,start       ] GC(87) Pause Young (Allocation Failure)
[31.757s][info][gc,heap        ] GC(87) DefNew: 563042K(629248K)->5738K(629248K) Eden: 559360K(559360K)->0K(559360K) From: 3682K(69888K)->5738K(69888K)
[31.757s][info][gc,heap        ] GC(87) Tenured: 3527K(1398144K)->3527K(1398144K)
[31.757s][info][gc,metaspace   ] GC(87) Metaspace: 8603K(8832K)->8603K(8832K) NonClass: 7450K(7552K)->7450K(7552K) Class: 1153K(1280K)->1153K(1280K)
[31.757s][info][gc             ] GC(87) Pause Young (Allocation Failure) 553M->9M(1979M) 20.111ms
[31.757s][info][gc,cpu         ] GC(87) User=0.00s Sys=0.00s Real=0.01s
[32.086s][info][gc,start       ] GC(88) Pause Young (Allocation Failure)
[32.105s][info][gc,heap        ] GC(88) DefNew: 565098K(629248K)->7544K(629248K) Eden: 559360K(559360K)->0K(559360K) From: 5738K(69888K)->7544K(69888K)
[32.105s][info][gc,heap        ] GC(88) Tenured: 3527K(1398144K)->3527K(1398144K)
[32.105s][info][gc,metaspace   ] GC(88) Metaspace: 8603K(8832K)->8603K(8832K) NonClass: 7450K(7552K)->7450K(7552K) Class: 1153K(1280K)->1153K(1280K)
[32.105s][info][gc             ] GC(88) Pause Young (Allocation Failure) 555M->10M(1979M) 19.200ms
[32.105s][info][gc,cpu         ] GC(88) User=0.02s Sys=0.00s Real=0.02s
[32.394s][info][gc,start       ] GC(89) Pause Young (Allocation Failure)
[32.417s][info][gc,heap        ] GC(89) DefNew: 566904K(629248K)->9512K(629248K) Eden: 559360K(559360K)->0K(559360K) From: 7544K(69888K)->9512K(69888K)
[32.417s][info][gc,heap        ] GC(89) Tenured: 3527K(1398144K)->3527K(1398144K)
[32.417s][info][gc,metaspace   ] GC(89) Metaspace: 8603K(8832K)->8603K(8832K) NonClass: 7450K(7552K)->7450K(7552K) Class: 1153K(1280K)->1153K(1280K)
[32.417s][info][gc             ] GC(89) Pause Young (Allocation Failure) 557M->12M(1979M) 23.537ms
[32.417s][info][gc,cpu         ] GC(89) User=0.02s Sys=0.00s Real=0.02s
[32.690s][info][gc,start       ] GC(90) Pause Young (Allocation Failure)
[32.716s][info][gc,heap        ] GC(90) DefNew: 568872K(629248K)->11395K(629248K) Eden: 559360K(559360K)->0K(559360K) From: 9512K(69888K)->11395K(69888K)
[32.716s][info][gc,heap        ] GC(90) Tenured: 3527K(1398144K)->3527K(1398144K)
[32.716s][info][gc,metaspace   ] GC(90) Metaspace: 8603K(8832K)->8603K(8832K) NonClass: 7450K(7552K)->7450K(7552K) Class: 1153K(1280K)->1153K(1280K)
[32.716s][info][gc             ] GC(90) Pause Young (Allocation Failure) 558M->14M(1979M) 25.585ms
[32.716s][info][gc,cpu         ] GC(90) User=0.02s Sys=0.00s Real=0.03s
[33.038s][info][gc,start       ] GC(91) Pause Young (Allocation Failure)
[33.068s][info][gc,heap        ] GC(91) DefNew: 570755K(629248K)->13348K(629248K) Eden: 559360K(559360K)->0K(559360K) From: 11395K(69888K)->13348K(69888K)
[33.068s][info][gc,heap        ] GC(91) Tenured: 3527K(1398144K)->3527K(1398144K)
[33.068s][info][gc,metaspace   ] GC(91) Metaspace: 8603K(8832K)->8603K(8832K) NonClass: 7450K(7552K)->7450K(7552K) Class: 1153K(1280K)->1153K(1280K)
[33.068s][info][gc             ] GC(91) Pause Young (Allocation Failure) 560M->16M(1979M) 30.424ms
[33.068s][info][gc,cpu         ] GC(91) User=0.03s Sys=0.00s Real=0.03s
[33.370s][info][gc,start       ] GC(92) Pause Young (Allocation Failure)
[33.396s][info][gc,heap        ] GC(92) DefNew: 572708K(629248K)->15209K(629248K) Eden: 559360K(559360K)->0K(559360K) From: 13348K(69888K)->15209K(69888K)
[33.396s][info][gc,heap        ] GC(92) Tenured: 3527K(1398144K)->3527K(1398144K)
[33.396s][info][gc,metaspace   ] GC(92) Metaspace: 8603K(8832K)->8603K(8832K) NonClass: 7450K(7552K)->7450K(7552K) Class: 1153K(1280K)->1153K(1280K)
[33.396s][info][gc             ] GC(92) Pause Young (Allocation Failure) 562M->18M(1979M) 25.647ms
[33.396s][info][gc,cpu         ] GC(92) User=0.03s Sys=0.00s Real=0.03s
[33.674s][info][gc,start       ] GC(93) Pause Young (Allocation Failure)
[33.704s][info][gc,heap        ] GC(93) DefNew: 574569K(629248K)->16977K(629248K) Eden: 559360K(559360K)->0K(559360K) From: 15209K(69888K)->16977K(69888K)
[33.704s][info][gc,heap        ] GC(93) Tenured: 3527K(1398144K)->3527K(1398144K)
[33.704s][info][gc,metaspace   ] GC(93) Metaspace: 8603K(8832K)->8603K(8832K) NonClass: 7450K(7552K)->7450K(7552K) Class: 1153K(1280K)->1153K(1280K)
[33.704s][info][gc             ] GC(93) Pause Young (Allocation Failure) 564M->20M(1979M) 30.694ms
[33.704s][info][gc,cpu         ] GC(93) User=0.03s Sys=0.00s Real=0.03s
[34.017s][info][gc,start       ] GC(94) Pause Young (Allocation Failure)
[34.054s][info][gc,heap        ] GC(94) DefNew: 576337K(629248K)->19006K(629248K) Eden: 559360K(559360K)->0K(559360K) From: 16977K(69888K)->19006K(69888K)
[34.054s][info][gc,heap        ] GC(94) Tenured: 3527K(1398144K)->3527K(1398144K)
[34.054s][info][gc,metaspace   ] GC(94) Metaspace: 8603K(8832K)->8603K(8832K) NonClass: 7450K(7552K)->7450K(7552K) Class: 1153K(1280K)->1153K(1280K)
[34.054s][info][gc             ] GC(94) Pause Young (Allocation Failure) 566M->22M(1979M) 36.588ms
[34.054s][info][gc,cpu         ] GC(94) User=0.02s Sys=0.00s Real=0.02s
[34.332s][info][gc,start       ] GC(95) Pause Young (Allocation Failure)
[34.365s][info][gc,heap        ] GC(95) DefNew: 578366K(629248K)->20735K(629248K) Eden: 559360K(559360K)->0K(559360K) From: 19006K(69888K)->20735K(69888K)
[34.365s][info][gc,heap        ] GC(95) Tenured: 3527K(1398144K)->3527K(1398144K)
[34.365s][info][gc,metaspace   ] GC(95) Metaspace: 8603K(8832K)->8603K(8832K) NonClass: 7450K(7552K)->7450K(7552K) Class: 1153K(1280K)->1153K(1280K)
[34.365s][info][gc             ] GC(95) Pause Young (Allocation Failure) 568M->23M(1979M) 33.430ms
[34.365s][info][gc,cpu         ] GC(95) User=0.05s Sys=0.00s Real=0.05s
[34.864s][info][gc,start       ] GC(96) Pause Full (System.gc())
[34.864s][info][gc,phases,start] GC(96) Phase 1: Mark live objects
[34.870s][info][gc,phases      ] GC(96) Phase 1: Mark live objects 5.232ms
[34.870s][info][gc,phases,start] GC(96) Phase 2: Compute new object addresses
[34.966s][info][gc,phases      ] GC(96) Phase 2: Compute new object addresses 95.977ms
[34.966s][info][gc,phases,start] GC(96) Phase 3: Adjust pointers
[34.969s][info][gc,phases      ] GC(96) Phase 3: Adjust pointers 3.232ms
[34.969s][info][gc,phases,start] GC(96) Phase 4: Move objects
[34.969s][info][gc,phases      ] GC(96) Phase 4: Move objects 0.013ms
[34.969s][info][gc,heap        ] GC(96) DefNew: 323885K(629248K)->0K(629248K) Eden: 303149K(559360K)->0K(559360K) From: 20735K(69888K)->0K(69888K)
[34.969s][info][gc,heap        ] GC(96) Tenured: 3527K(1398144K)->3528K(1398144K)
[34.969s][info][gc,metaspace   ] GC(96) Metaspace: 8606K(8832K)->8606K(8832K) NonClass: 7453K(7552K)->7453K(7552K) Class: 1153K(1280K)->1153K(1280K)
[34.969s][info][gc             ] GC(96) Pause Full (System.gc()) 319M->3M(1979M) 104.730ms
[34.969s][info][gc,cpu         ] GC(96) User=0.09s Sys=0.00s Real=0.10s
[35.248s][info][gc,start       ] GC(97) Pause Young (Allocation Failure)
[35.255s][info][gc,heap        ] GC(97) DefNew: 559360K(629248K)->1944K(629248K) Eden: 559360K(559360K)->0K(559360K) From: 0K(69888K)->1944K(69888K)
[35.255s][info][gc,heap        ] GC(97) Tenured: 3528K(1398144K)->3528K(1398144K)
[35.255s][info][gc,metaspace   ] GC(97) Metaspace: 8608K(8832K)->8608K(8832K) NonClass: 7455K(7552K)->7455K(7552K) Class: 1153K(1280K)->1153K(1280K)
[35.255s][info][gc             ] GC(97) Pause Young (Allocation Failure) 549M->5M(1979M) 6.885ms
[35.255s][info][gc,cpu         ] GC(97) User=0.02s Sys=0.00s Real=0.02s
[35.522s][info][gc,start       ] GC(98) Pause Young (Allocation Failure)
[35.533s][info][gc,heap        ] GC(98) DefNew: 561304K(629248K)->3682K(629248K) Eden: 559360K(559360K)->0K(559360K) From: 1944K(69888K)->3682K(69888K)
[35.533s][info][gc,heap        ] GC(98) Tenured: 3528K(1398144K)->3528K(1398144K)
[35.533s][info][gc,metaspace   ] GC(98) Metaspace: 8608K(8832K)->8608K(8832K) NonClass: 7455K(7552K)->7455K(7552K) Class: 1153K(1280K)->1153K(1280K)
[35.533s][info][gc             ] GC(98) Pause Young (Allocation Failure) 551M->7M(1979M) 11.633ms
[35.533s][info][gc,cpu         ] GC(98) User=0.02s Sys=0.00s Real=0.01s
[35.826s][info][gc,start       ] GC(99) Pause Young (Allocation Failure)
[35.846s][info][gc,heap        ] GC(99) DefNew: 563042K(629248K)->5737K(629248K) Eden: 559360K(559360K)->0K(559360K) From: 3682K(69888K)->5737K(69888K)
[35.846s][info][gc,heap        ] GC(99) Tenured: 3528K(1398144K)->3528K(1398144K)
[35.846s][info][gc,metaspace   ] GC(99) Metaspace: 8608K(8832K)->8608K(8832K) NonClass: 7455K(7552K)->7455K(7552K) Class: 1153K(1280K)->1153K(1280K)
[35.846s][info][gc             ] GC(99) Pause Young (Allocation Failure) 553M->9M(1979M) 20.051ms
[35.846s][info][gc,cpu         ] GC(99) User=0.03s Sys=0.00s Real=0.02s
[36.151s][info][gc,start       ] GC(100) Pause Young (Allocation Failure)
[36.170s][info][gc,heap        ] GC(100) DefNew: 565097K(629248K)->7543K(629248K) Eden: 559360K(559360K)->0K(559360K) From: 5737K(69888K)->7543K(69888K)
[36.170s][info][gc,heap        ] GC(100) Tenured: 3528K(1398144K)->3528K(1398144K)
[36.170s][info][gc,metaspace   ] GC(100) Metaspace: 8608K(8832K)->8608K(8832K) NonClass: 7455K(7552K)->7455K(7552K) Class: 1153K(1280K)->1153K(1280K)
[36.170s][info][gc             ] GC(100) Pause Young (Allocation Failure) 555M->10M(1979M) 18.786ms
[36.170s][info][gc,cpu         ] GC(100) User=0.02s Sys=0.00s Real=0.02s
[36.456s][info][gc,start       ] GC(101) Pause Young (Allocation Failure)
[36.479s][info][gc,heap        ] GC(101) DefNew: 566903K(629248K)->9511K(629248K) Eden: 559360K(559360K)->0K(559360K) From: 7543K(69888K)->9511K(69888K)
[36.479s][info][gc,heap        ] GC(101) Tenured: 3528K(1398144K)->3528K(1398144K)
[36.479s][info][gc,metaspace   ] GC(101) Metaspace: 8608K(8832K)->8608K(8832K) NonClass: 7455K(7552K)->7455K(7552K) Class: 1153K(1280K)->1153K(1280K)
[36.479s][info][gc             ] GC(101) Pause Young (Allocation Failure) 557M->12M(1979M) 22.962ms
[36.479s][info][gc,cpu         ] GC(101) User=0.02s Sys=0.00s Real=0.02s
[36.754s][info][gc,start       ] GC(102) Pause Young (Allocation Failure)
[36.777s][info][gc,heap        ] GC(102) DefNew: 568871K(629248K)->11390K(629248K) Eden: 559360K(559360K)->0K(559360K) From: 9511K(69888K)->11390K(69888K)
[36.777s][info][gc,heap        ] GC(102) Tenured: 3528K(1398144K)->3528K(1398144K)
[36.777s][info][gc,metaspace   ] GC(102) Metaspace: 8608K(8832K)->8608K(8832K) NonClass: 7455K(7552K)->7455K(7552K) Class: 1153K(1280K)->1153K(1280K)
[36.777s][info][gc             ] GC(102) Pause Young (Allocation Failure) 558M->14M(1979M) 23.757ms
[36.777s][info][gc,cpu         ] GC(102) User=0.02s Sys=0.00s Real=0.02s
[37.101s][info][gc,start       ] GC(103) Pause Young (Allocation Failure)
[37.134s][info][gc,heap        ] GC(103) DefNew: 570750K(629248K)->13349K(629248K) Eden: 559360K(559360K)->0K(559360K) From: 11390K(69888K)->13349K(69888K)
[37.134s][info][gc,heap        ] GC(103) Tenured: 3528K(1398144K)->3528K(1398144K)
[37.134s][info][gc,metaspace   ] GC(103) Metaspace: 8608K(8832K)->8608K(8832K) NonClass: 7455K(7552K)->7455K(7552K) Class: 1153K(1280K)->1153K(1280K)
[37.134s][info][gc             ] GC(103) Pause Young (Allocation Failure) 560M->16M(1979M) 33.120ms
[37.134s][info][gc,cpu         ] GC(103) User=0.03s Sys=0.00s Real=0.03s
[37.416s][info][gc,start       ] GC(104) Pause Young (Allocation Failure)
[37.444s][info][gc,heap        ] GC(104) DefNew: 572709K(629248K)->15208K(629248K) Eden: 559360K(559360K)->0K(559360K) From: 13349K(69888K)->15208K(69888K)
[37.444s][info][gc,heap        ] GC(104) Tenured: 3528K(1398144K)->3528K(1398144K)
[37.444s][info][gc,metaspace   ] GC(104) Metaspace: 8608K(8832K)->8608K(8832K) NonClass: 7455K(7552K)->7455K(7552K) Class: 1153K(1280K)->1153K(1280K)
[37.444s][info][gc             ] GC(104) Pause Young (Allocation Failure) 562M->18M(1979M) 27.515ms
[37.444s][info][gc,cpu         ] GC(104) User=0.03s Sys=0.00s Real=0.03s
[37.719s][info][gc,start       ] GC(105) Pause Young (Allocation Failure)
[37.749s][info][gc,heap        ] GC(105) DefNew: 574568K(629248K)->16977K(629248K) Eden: 559360K(559360K)->0K(559360K) From: 15208K(69888K)->16977K(69888K)
[37.749s][info][gc,heap        ] GC(105) Tenured: 3528K(1398144K)->3528K(1398144K)
[37.749s][info][gc,metaspace   ] GC(105) Metaspace: 8608K(8832K)->8608K(8832K) NonClass: 7455K(7552K)->7455K(7552K) Class: 1153K(1280K)->1153K(1280K)
[37.749s][info][gc             ] GC(105) Pause Young (Allocation Failure) 564M->20M(1979M) 29.928ms
[37.749s][info][gc,cpu         ] GC(105) User=0.02s Sys=0.02s Real=0.03s
[38.055s][info][gc,start       ] GC(106) Pause Young (Allocation Failure)
[38.090s][info][gc,heap        ] GC(106) DefNew: 576337K(629248K)->19005K(629248K) Eden: 559360K(559360K)->0K(559360K) From: 16977K(69888K)->19005K(69888K)
[38.090s][info][gc,heap        ] GC(106) Tenured: 3528K(1398144K)->3528K(1398144K)
[38.090s][info][gc,metaspace   ] GC(106) Metaspace: 8608K(8832K)->8608K(8832K) NonClass: 7455K(7552K)->7455K(7552K) Class: 1153K(1280K)->1153K(1280K)
[38.090s][info][gc             ] GC(106) Pause Young (Allocation Failure) 566M->22M(1979M) 35.068ms
[38.090s][info][gc,cpu         ] GC(106) User=0.03s Sys=0.00s Real=0.03s
[38.371s][info][gc,start       ] GC(107) Pause Young (Allocation Failure)
[38.404s][info][gc,heap        ] GC(107) DefNew: 578365K(629248K)->20735K(629248K) Eden: 559360K(559360K)->0K(559360K) From: 19005K(69888K)->20735K(69888K)
[38.404s][info][gc,heap        ] GC(107) Tenured: 3528K(1398144K)->3528K(1398144K)
[38.404s][info][gc,metaspace   ] GC(107) Metaspace: 8608K(8832K)->8608K(8832K) NonClass: 7455K(7552K)->7455K(7552K) Class: 1153K(1280K)->1153K(1280K)
[38.404s][info][gc             ] GC(107) Pause Young (Allocation Failure) 568M->23M(1979M) 33.218ms
[38.404s][info][gc,cpu         ] GC(107) User=0.03s Sys=0.00s Real=0.03s
[38.898s][info][gc,start       ] GC(108) Pause Full (System.gc())
[38.898s][info][gc,phases,start] GC(108) Phase 1: Mark live objects
[38.909s][info][gc,phases      ] GC(108) Phase 1: Mark live objects 10.951ms
[38.909s][info][gc,phases,start] GC(108) Phase 2: Compute new object addresses
[39.008s][info][gc,phases      ] GC(108) Phase 2: Compute new object addresses 98.804ms
[39.008s][info][gc,phases,start] GC(108) Phase 3: Adjust pointers
[39.013s][info][gc,phases      ] GC(108) Phase 3: Adjust pointers 4.734ms
[39.013s][info][gc,phases,start] GC(108) Phase 4: Move objects
[39.013s][info][gc,phases      ] GC(108) Phase 4: Move objects 0.020ms
[39.013s][info][gc,heap        ] GC(108) DefNew: 323893K(629248K)->0K(629248K) Eden: 303158K(559360K)->0K(559360K) From: 20735K(69888K)->0K(69888K)
[39.013s][info][gc,heap        ] GC(108) Tenured: 3528K(1398144K)->3528K(1398144K)
[39.013s][info][gc,metaspace   ] GC(108) Metaspace: 8609K(8832K)->8609K(8832K) NonClass: 7455K(7552K)->7455K(7552K) Class: 1153K(1280K)->1153K(1280K)
[39.013s][info][gc             ] GC(108) Pause Full (System.gc()) 319M->3M(1979M) 115.007ms
[39.013s][info][gc,cpu         ] GC(108) User=0.11s Sys=0.00s Real=0.12s
[39.323s][info][gc,start       ] GC(109) Pause Young (Allocation Failure)
[39.330s][info][gc,heap        ] GC(109) DefNew: 559360K(629248K)->1945K(629248K) Eden: 559360K(559360K)->0K(559360K) From: 0K(69888K)->1945K(69888K)
[39.330s][info][gc,heap        ] GC(109) Tenured: 3528K(1398144K)->3528K(1398144K)
[39.330s][info][gc,metaspace   ] GC(109) Metaspace: 8610K(8832K)->8610K(8832K) NonClass: 7456K(7552K)->7456K(7552K) Class: 1153K(1280K)->1153K(1280K)
[39.330s][info][gc             ] GC(109) Pause Young (Allocation Failure) 549M->5M(1979M) 6.908ms
[39.330s][info][gc,cpu         ] GC(109) User=0.02s Sys=0.00s Real=0.01s
[39.599s][info][gc,start       ] GC(110) Pause Young (Allocation Failure)
[39.610s][info][gc,heap        ] GC(110) DefNew: 561305K(629248K)->3682K(629248K) Eden: 559360K(559360K)->0K(559360K) From: 1945K(69888K)->3682K(69888K)
[39.610s][info][gc,heap        ] GC(110) Tenured: 3528K(1398144K)->3528K(1398144K)
[39.610s][info][gc,metaspace   ] GC(110) Metaspace: 8610K(8832K)->8610K(8832K) NonClass: 7456K(7552K)->7456K(7552K) Class: 1153K(1280K)->1153K(1280K)
[39.610s][info][gc             ] GC(110) Pause Young (Allocation Failure) 551M->7M(1979M) 11.911ms
[39.611s][info][gc,cpu         ] GC(110) User=0.02s Sys=0.00s Real=0.01s
[39.902s][info][gc,start       ] GC(111) Pause Young (Allocation Failure)
[39.921s][info][gc,heap        ] GC(111) DefNew: 563042K(629248K)->5738K(629248K) Eden: 559360K(559360K)->0K(559360K) From: 3682K(69888K)->5738K(69888K)
[39.921s][info][gc,heap        ] GC(111) Tenured: 3528K(1398144K)->3528K(1398144K)
[39.921s][info][gc,metaspace   ] GC(111) Metaspace: 8610K(8832K)->8610K(8832K) NonClass: 7456K(7552K)->7456K(7552K) Class: 1153K(1280K)->1153K(1280K)
[39.921s][info][gc             ] GC(111) Pause Young (Allocation Failure) 553M->9M(1979M) 19.151ms
[39.921s][info][gc,cpu         ] GC(111) User=0.02s Sys=0.00s Real=0.01s
[40.217s][info][gc,start       ] GC(112) Pause Young (Allocation Failure)
[40.237s][info][gc,heap        ] GC(112) DefNew: 565098K(629248K)->7544K(629248K) Eden: 559360K(559360K)->0K(559360K) From: 5738K(69888K)->7544K(69888K)
[40.237s][info][gc,heap        ] GC(112) Tenured: 3528K(1398144K)->3528K(1398144K)
[40.237s][info][gc,metaspace   ] GC(112) Metaspace: 8610K(8832K)->8610K(8832K) NonClass: 7456K(7552K)->7456K(7552K) Class: 1153K(1280K)->1153K(1280K)
[40.237s][info][gc             ] GC(112) Pause Young (Allocation Failure) 555M->10M(1979M) 19.718ms
[40.237s][info][gc,cpu         ] GC(112) User=0.03s Sys=0.00s Real=0.02s
[40.528s][info][gc,start       ] GC(113) Pause Young (Allocation Failure)
[40.551s][info][gc,heap        ] GC(113) DefNew: 566904K(629248K)->9512K(629248K) Eden: 559360K(559360K)->0K(559360K) From: 7544K(69888K)->9512K(69888K)
[40.551s][info][gc,heap        ] GC(113) Tenured: 3528K(1398144K)->3528K(1398144K)
[40.551s][info][gc,metaspace   ] GC(113) Metaspace: 8610K(8832K)->8610K(8832K) NonClass: 7456K(7552K)->7456K(7552K) Class: 1153K(1280K)->1153K(1280K)
[40.551s][info][gc             ] GC(113) Pause Young (Allocation Failure) 557M->12M(1979M) 23.782ms
[40.551s][info][gc,cpu         ] GC(113) User=0.03s Sys=0.00s Real=0.02s
[40.860s][info][gc,start       ] GC(114) Pause Young (Allocation Failure)
[40.884s][info][gc,heap        ] GC(114) DefNew: 568872K(629248K)->11395K(629248K) Eden: 559360K(559360K)->0K(559360K) From: 9512K(69888K)->11395K(69888K)
[40.884s][info][gc,heap        ] GC(114) Tenured: 3528K(1398144K)->3528K(1398144K)
[40.884s][info][gc,metaspace   ] GC(114) Metaspace: 8610K(8832K)->8610K(8832K) NonClass: 7456K(7552K)->7456K(7552K) Class: 1153K(1280K)->1153K(1280K)
[40.884s][info][gc             ] GC(114) Pause Young (Allocation Failure) 558M->14M(1979M) 24.776ms
[40.884s][info][gc,cpu         ] GC(114) User=0.02s Sys=0.00s Real=0.02s
[41.230s][info][gc,start       ] GC(115) Pause Young (Allocation Failure)
[41.261s][info][gc,heap        ] GC(115) DefNew: 570755K(629248K)->13348K(629248K) Eden: 559360K(559360K)->0K(559360K) From: 11395K(69888K)->13348K(69888K)
[41.261s][info][gc,heap        ] GC(115) Tenured: 3528K(1398144K)->3528K(1398144K)
[41.261s][info][gc,metaspace   ] GC(115) Metaspace: 8610K(8832K)->8610K(8832K) NonClass: 7456K(7552K)->7456K(7552K) Class: 1153K(1280K)->1153K(1280K)
[41.261s][info][gc             ] GC(115) Pause Young (Allocation Failure) 560M->16M(1979M) 31.745ms
[41.261s][info][gc,cpu         ] GC(115) User=0.03s Sys=0.00s Real=0.03s
[41.542s][info][gc,start       ] GC(116) Pause Young (Allocation Failure)
[41.569s][info][gc,heap        ] GC(116) DefNew: 572708K(629248K)->15209K(629248K) Eden: 559360K(559360K)->0K(559360K) From: 13348K(69888K)->15209K(69888K)
[41.569s][info][gc,heap        ] GC(116) Tenured: 3528K(1398144K)->3528K(1398144K)
[41.569s][info][gc,metaspace   ] GC(116) Metaspace: 8610K(8832K)->8610K(8832K) NonClass: 7456K(7552K)->7456K(7552K) Class: 1153K(1280K)->1153K(1280K)
[41.569s][info][gc             ] GC(116) Pause Young (Allocation Failure) 562M->18M(1979M) 27.374ms
[41.569s][info][gc,cpu         ] GC(116) User=0.03s Sys=0.00s Real=0.03s
[41.844s][info][gc,start       ] GC(117) Pause Young (Allocation Failure)
[41.871s][info][gc,heap        ] GC(117) DefNew: 574569K(629248K)->16973K(629248K) Eden: 559360K(559360K)->0K(559360K) From: 15209K(69888K)->16973K(69888K)
[41.872s][info][gc,heap        ] GC(117) Tenured: 3528K(1398144K)->3528K(1398144K)
[41.872s][info][gc,metaspace   ] GC(117) Metaspace: 8610K(8832K)->8610K(8832K) NonClass: 7456K(7552K)->7456K(7552K) Class: 1153K(1280K)->1153K(1280K)
[41.872s][info][gc             ] GC(117) Pause Young (Allocation Failure) 564M->20M(1979M) 27.870ms
[41.872s][info][gc,cpu         ] GC(117) User=0.03s Sys=0.00s Real=0.03s
[42.162s][info][gc,start       ] GC(118) Pause Young (Allocation Failure)
[42.216s][info][gc,heap        ] GC(118) DefNew: 576333K(629248K)->19006K(629248K) Eden: 559360K(559360K)->0K(559360K) From: 16973K(69888K)->19006K(69888K)
[42.216s][info][gc,heap        ] GC(118) Tenured: 3528K(1398144K)->3528K(1398144K)
[42.216s][info][gc,metaspace   ] GC(118) Metaspace: 8610K(8832K)->8610K(8832K) NonClass: 7456K(7552K)->7456K(7552K) Class: 1153K(1280K)->1153K(1280K)
[42.216s][info][gc             ] GC(118) Pause Young (Allocation Failure) 566M->22M(1979M) 54.143ms
[42.216s][info][gc,cpu         ] GC(118) User=0.03s Sys=0.00s Real=0.06s
[42.510s][info][gc,start       ] GC(119) Pause Young (Allocation Failure)
[42.544s][info][gc,heap        ] GC(119) DefNew: 578366K(629248K)->20735K(629248K) Eden: 559360K(559360K)->0K(559360K) From: 19006K(69888K)->20735K(69888K)
[42.544s][info][gc,heap        ] GC(119) Tenured: 3528K(1398144K)->3528K(1398144K)
[42.544s][info][gc,metaspace   ] GC(119) Metaspace: 8610K(8832K)->8610K(8832K) NonClass: 7456K(7552K)->7456K(7552K) Class: 1153K(1280K)->1153K(1280K)
[42.544s][info][gc             ] GC(119) Pause Young (Allocation Failure) 568M->23M(1979M) 34.530ms
[42.544s][info][gc,cpu         ] GC(119) User=0.03s Sys=0.00s Real=0.02s
[43.052s][info][gc,start       ] GC(120) Pause Full (System.gc())
[43.053s][info][gc,phases,start] GC(120) Phase 1: Mark live objects
[43.064s][info][gc,phases      ] GC(120) Phase 1: Mark live objects 11.137ms
[43.064s][info][gc,phases,start] GC(120) Phase 2: Compute new object addresses
[43.155s][info][gc,phases      ] GC(120) Phase 2: Compute new object addresses 91.048ms
[43.155s][info][gc,phases,start] GC(120) Phase 3: Adjust pointers
[43.158s][info][gc,phases      ] GC(120) Phase 3: Adjust pointers 2.939ms
[43.158s][info][gc,phases,start] GC(120) Phase 4: Move objects
[43.158s][info][gc,phases      ] GC(120) Phase 4: Move objects 0.012ms
[43.158s][info][gc,heap        ] GC(120) DefNew: 323885K(629248K)->0K(629248K) Eden: 303149K(559360K)->0K(559360K) From: 20735K(69888K)->0K(69888K)
[43.158s][info][gc,heap        ] GC(120) Tenured: 3528K(1398144K)->3528K(1398144K)
[43.158s][info][gc,metaspace   ] GC(120) Metaspace: 8610K(8832K)->8610K(8832K) NonClass: 7456K(7552K)->7456K(7552K) Class: 1153K(1280K)->1153K(1280K)
[43.158s][info][gc             ] GC(120) Pause Full (System.gc()) 319M->3M(1979M) 105.516ms
[43.158s][info][gc,cpu         ] GC(120) User=0.11s Sys=0.00s Real=0.11s
[43.465s][info][gc,start       ] GC(121) Pause Young (Allocation Failure)
[43.472s][info][gc,heap        ] GC(121) DefNew: 559360K(629248K)->1944K(629248K) Eden: 559360K(559360K)->0K(559360K) From: 0K(69888K)->1944K(69888K)
[43.472s][info][gc,heap        ] GC(121) Tenured: 3528K(1398144K)->3528K(1398144K)
[43.472s][info][gc,metaspace   ] GC(121) Metaspace: 8611K(8832K)->8611K(8832K) NonClass: 7458K(7552K)->7458K(7552K) Class: 1153K(1280K)->1153K(1280K)
[43.472s][info][gc             ] GC(121) Pause Young (Allocation Failure) 549M->5M(1979M) 6.864ms
[43.472s][info][gc,cpu         ] GC(121) User=0.00s Sys=0.00s Real=0.00s
[43.741s][info][gc,start       ] GC(122) Pause Young (Allocation Failure)
[43.753s][info][gc,heap        ] GC(122) DefNew: 561304K(629248K)->3682K(629248K) Eden: 559360K(559360K)->0K(559360K) From: 1944K(69888K)->3682K(69888K)
[43.753s][info][gc,heap        ] GC(122) Tenured: 3528K(1398144K)->3528K(1398144K)
[43.753s][info][gc,metaspace   ] GC(122) Metaspace: 8611K(8832K)->8611K(8832K) NonClass: 7458K(7552K)->7458K(7552K) Class: 1153K(1280K)->1153K(1280K)
[43.753s][info][gc             ] GC(122) Pause Young (Allocation Failure) 551M->7M(1979M) 12.185ms
[43.753s][info][gc,cpu         ] GC(122) User=0.02s Sys=0.00s Real=0.01s
[44.048s][info][gc,start       ] GC(123) Pause Young (Allocation Failure)
[44.068s][info][gc,heap        ] GC(123) DefNew: 563042K(629248K)->5738K(629248K) Eden: 559360K(559360K)->0K(559360K) From: 3682K(69888K)->5738K(69888K)
[44.068s][info][gc,heap        ] GC(123) Tenured: 3528K(1398144K)->3528K(1398144K)
[44.068s][info][gc,metaspace   ] GC(123) Metaspace: 8611K(8832K)->8611K(8832K) NonClass: 7458K(7552K)->7458K(7552K) Class: 1153K(1280K)->1153K(1280K)
[44.068s][info][gc             ] GC(123) Pause Young (Allocation Failure) 553M->9M(1979M) 20.106ms
[44.068s][info][gc,cpu         ] GC(123) User=0.02s Sys=0.00s Real=0.02s
[44.372s][info][gc,start       ] GC(124) Pause Young (Allocation Failure)
[44.391s][info][gc,heap        ] GC(124) DefNew: 565098K(629248K)->7544K(629248K) Eden: 559360K(559360K)->0K(559360K) From: 5738K(69888K)->7544K(69888K)
[44.391s][info][gc,heap        ] GC(124) Tenured: 3528K(1398144K)->3528K(1398144K)
[44.391s][info][gc,metaspace   ] GC(124) Metaspace: 8611K(8832K)->8611K(8832K) NonClass: 7458K(7552K)->7458K(7552K) Class: 1153K(1280K)->1153K(1280K)
[44.391s][info][gc             ] GC(124) Pause Young (Allocation Failure) 555M->10M(1979M) 19.142ms
[44.391s][info][gc,cpu         ] GC(124) User=0.03s Sys=0.00s Real=0.02s
[44.680s][info][gc,start       ] GC(125) Pause Young (Allocation Failure)
[44.705s][info][gc,heap        ] GC(125) DefNew: 566904K(629248K)->9512K(629248K) Eden: 559360K(559360K)->0K(559360K) From: 7544K(69888K)->9512K(69888K)
[44.705s][info][gc,heap        ] GC(125) Tenured: 3528K(1398144K)->3528K(1398144K)
[44.705s][info][gc,metaspace   ] GC(125) Metaspace: 8611K(8832K)->8611K(8832K) NonClass: 7458K(7552K)->7458K(7552K) Class: 1153K(1280K)->1153K(1280K)
[44.705s][info][gc             ] GC(125) Pause Young (Allocation Failure) 557M->12M(1979M) 25.626ms
[44.705s][info][gc,cpu         ] GC(125) User=0.03s Sys=0.00s Real=0.03s
[45.004s][info][gc,start       ] GC(126) Pause Young (Allocation Failure)
[45.028s][info][gc,heap        ] GC(126) DefNew: 568872K(629248K)->11395K(629248K) Eden: 559360K(559360K)->0K(559360K) From: 9512K(69888K)->11395K(69888K)
[45.028s][info][gc,heap        ] GC(126) Tenured: 3528K(1398144K)->3528K(1398144K)
[45.028s][info][gc,metaspace   ] GC(126) Metaspace: 8611K(8832K)->8611K(8832K) NonClass: 7458K(7552K)->7458K(7552K) Class: 1153K(1280K)->1153K(1280K)
[45.028s][info][gc             ] GC(126) Pause Young (Allocation Failure) 558M->14M(1979M) 24.228ms
[45.028s][info][gc,cpu         ] GC(126) User=0.02s Sys=0.00s Real=0.02s
[45.342s][info][gc,start       ] GC(127) Pause Young (Allocation Failure)
[45.376s][info][gc,heap        ] GC(127) DefNew: 570755K(629248K)->13348K(629248K) Eden: 559360K(559360K)->0K(559360K) From: 11395K(69888K)->13348K(69888K)
[45.376s][info][gc,heap        ] GC(127) Tenured: 3528K(1398144K)->3528K(1398144K)
[45.376s][info][gc,metaspace   ] GC(127) Metaspace: 8611K(8832K)->8611K(8832K) NonClass: 7458K(7552K)->7458K(7552K) Class: 1153K(1280K)->1153K(1280K)
[45.376s][info][gc             ] GC(127) Pause Young (Allocation Failure) 560M->16M(1979M) 33.315ms
[45.376s][info][gc,cpu         ] GC(127) User=0.03s Sys=0.00s Real=0.03s
[45.653s][info][gc,start       ] GC(128) Pause Young (Allocation Failure)
[45.682s][info][gc,heap        ] GC(128) DefNew: 572708K(629248K)->15209K(629248K) Eden: 559360K(559360K)->0K(559360K) From: 13348K(69888K)->15209K(69888K)
[45.682s][info][gc,heap        ] GC(128) Tenured: 3528K(1398144K)->3528K(1398144K)
[45.682s][info][gc,metaspace   ] GC(128) Metaspace: 8611K(8832K)->8611K(8832K) NonClass: 7458K(7552K)->7458K(7552K) Class: 1153K(1280K)->1153K(1280K)
[45.682s][info][gc             ] GC(128) Pause Young (Allocation Failure) 562M->18M(1979M) 28.931ms
[45.682s][info][gc,cpu         ] GC(128) User=0.03s Sys=0.00s Real=0.03s
[45.957s][info][gc,start       ] GC(129) Pause Young (Allocation Failure)
[45.988s][info][gc,heap        ] GC(129) DefNew: 574569K(629248K)->16977K(629248K) Eden: 559360K(559360K)->0K(559360K) From: 15209K(69888K)->16977K(69888K)
[45.988s][info][gc,heap        ] GC(129) Tenured: 3528K(1398144K)->3528K(1398144K)
[45.988s][info][gc,metaspace   ] GC(129) Metaspace: 8611K(8832K)->8611K(8832K) NonClass: 7458K(7552K)->7458K(7552K) Class: 1153K(1280K)->1153K(1280K)
[45.988s][info][gc             ] GC(129) Pause Young (Allocation Failure) 564M->20M(1979M) 30.882ms
[45.988s][info][gc,cpu         ] GC(129) User=0.03s Sys=0.00s Real=0.03s
[46.280s][info][gc,start       ] GC(130) Pause Young (Allocation Failure)
[46.315s][info][gc,heap        ] GC(130) DefNew: 576337K(629248K)->19006K(629248K) Eden: 559360K(559360K)->0K(559360K) From: 16977K(69888K)->19006K(69888K)
[46.315s][info][gc,heap        ] GC(130) Tenured: 3528K(1398144K)->3528K(1398144K)
[46.315s][info][gc,metaspace   ] GC(130) Metaspace: 8611K(8832K)->8611K(8832K) NonClass: 7458K(7552K)->7458K(7552K) Class: 1153K(1280K)->1153K(1280K)
[46.315s][info][gc             ] GC(130) Pause Young (Allocation Failure) 566M->22M(1979M) 35.224ms
[46.315s][info][gc,cpu         ] GC(130) User=0.02s Sys=0.00s Real=0.03s
[46.591s][info][gc,start       ] GC(131) Pause Young (Allocation Failure)
[46.624s][info][gc,heap        ] GC(131) DefNew: 578366K(629248K)->20735K(629248K) Eden: 559360K(559360K)->0K(559360K) From: 19006K(69888K)->20735K(69888K)
[46.624s][info][gc,heap        ] GC(131) Tenured: 3528K(1398144K)->3528K(1398144K)
[46.624s][info][gc,metaspace   ] GC(131) Metaspace: 8611K(8832K)->8611K(8832K) NonClass: 7458K(7552K)->7458K(7552K) Class: 1153K(1280K)->1153K(1280K)
[46.624s][info][gc             ] GC(131) Pause Young (Allocation Failure) 568M->23M(1979M) 32.687ms
[46.624s][info][gc,cpu         ] GC(131) User=0.05s Sys=0.00s Real=0.04s
[47.113s][info][gc,start       ] GC(132) Pause Full (System.gc())
[47.113s][info][gc,phases,start] GC(132) Phase 1: Mark live objects
[47.124s][info][gc,phases      ] GC(132) Phase 1: Mark live objects 11.262ms
[47.124s][info][gc,phases,start] GC(132) Phase 2: Compute new object addresses
[47.214s][info][gc,phases      ] GC(132) Phase 2: Compute new object addresses 89.827ms
[47.214s][info][gc,phases,start] GC(132) Phase 3: Adjust pointers
[47.217s][info][gc,phases      ] GC(132) Phase 3: Adjust pointers 2.850ms
[47.217s][info][gc,phases,start] GC(132) Phase 4: Move objects
[47.217s][info][gc,phases      ] GC(132) Phase 4: Move objects 0.012ms
[47.217s][info][gc,heap        ] GC(132) DefNew: 323885K(629248K)->0K(629248K) Eden: 303149K(559360K)->0K(559360K) From: 20735K(69888K)->0K(69888K)
[47.217s][info][gc,heap        ] GC(132) Tenured: 3528K(1398144K)->3527K(1398144K)
[47.217s][info][gc,metaspace   ] GC(132) Metaspace: 8612K(8832K)->8612K(8832K) NonClass: 7458K(7552K)->7458K(7552K) Class: 1153K(1280K)->1153K(1280K)
[47.217s][info][gc             ] GC(132) Pause Full (System.gc()) 319M->3M(1979M) 104.353ms
[47.217s][info][gc,cpu         ] GC(132) User=0.11s Sys=0.00s Real=0.11s
[47.495s][info][gc,start       ] GC(133) Pause Young (Allocation Failure)
[47.502s][info][gc,heap        ] GC(133) DefNew: 559360K(629248K)->1944K(629248K) Eden: 559360K(559360K)->0K(559360K) From: 0K(69888K)->1944K(69888K)
[47.502s][info][gc,heap        ] GC(133) Tenured: 3527K(1398144K)->3527K(1398144K)
[47.502s][info][gc,metaspace   ] GC(133) Metaspace: 8613K(8832K)->8613K(8832K) NonClass: 7459K(7552K)->7459K(7552K) Class: 1153K(1280K)->1153K(1280K)
[47.502s][info][gc             ] GC(133) Pause Young (Allocation Failure) 549M->5M(1979M) 6.748ms
[47.502s][info][gc,cpu         ] GC(133) User=0.00s Sys=0.00s Real=0.00s
[47.782s][info][gc,start       ] GC(134) Pause Young (Allocation Failure)
[47.794s][info][gc,heap        ] GC(134) DefNew: 561304K(629248K)->3682K(629248K) Eden: 559360K(559360K)->0K(559360K) From: 1944K(69888K)->3682K(69888K)
[47.794s][info][gc,heap        ] GC(134) Tenured: 3527K(1398144K)->3527K(1398144K)
[47.794s][info][gc,metaspace   ] GC(134) Metaspace: 8613K(8832K)->8613K(8832K) NonClass: 7459K(7552K)->7459K(7552K) Class: 1153K(1280K)->1153K(1280K)
[47.794s][info][gc             ] GC(134) Pause Young (Allocation Failure) 551M->7M(1979M) 11.359ms
[47.794s][info][gc,cpu         ] GC(134) User=0.02s Sys=0.00s Real=0.02s
[48.083s][info][gc,start       ] GC(135) Pause Young (Allocation Failure)
[48.103s][info][gc,heap        ] GC(135) DefNew: 563042K(629248K)->5737K(629248K) Eden: 559360K(559360K)->0K(559360K) From: 3682K(69888K)->5737K(69888K)
[48.103s][info][gc,heap        ] GC(135) Tenured: 3527K(1398144K)->3527K(1398144K)
[48.103s][info][gc,metaspace   ] GC(135) Metaspace: 8613K(8832K)->8613K(8832K) NonClass: 7459K(7552K)->7459K(7552K) Class: 1153K(1280K)->1153K(1280K)
[48.103s][info][gc             ] GC(135) Pause Young (Allocation Failure) 553M->9M(1979M) 19.975ms
[48.103s][info][gc,cpu         ] GC(135) User=0.02s Sys=0.00s Real=0.02s
[48.394s][info][gc,start       ] GC(136) Pause Young (Allocation Failure)
[48.411s][info][gc,heap        ] GC(136) DefNew: 565097K(629248K)->7543K(629248K) Eden: 559360K(559360K)->0K(559360K) From: 5737K(69888K)->7543K(69888K)
[48.411s][info][gc,heap        ] GC(136) Tenured: 3527K(1398144K)->3527K(1398144K)
[48.411s][info][gc,metaspace   ] GC(136) Metaspace: 8613K(8832K)->8613K(8832K) NonClass: 7459K(7552K)->7459K(7552K) Class: 1153K(1280K)->1153K(1280K)
[48.412s][info][gc             ] GC(136) Pause Young (Allocation Failure) 555M->10M(1979M) 17.955ms
[48.412s][info][gc,cpu         ] GC(136) User=0.03s Sys=0.00s Real=0.03s
[48.699s][info][gc,start       ] GC(137) Pause Young (Allocation Failure)
[48.724s][info][gc,heap        ] GC(137) DefNew: 566903K(629248K)->9511K(629248K) Eden: 559360K(559360K)->0K(559360K) From: 7543K(69888K)->9511K(69888K)
[48.724s][info][gc,heap        ] GC(137) Tenured: 3527K(1398144K)->3527K(1398144K)
[48.724s][info][gc,metaspace   ] GC(137) Metaspace: 8613K(8832K)->8613K(8832K) NonClass: 7459K(7552K)->7459K(7552K) Class: 1153K(1280K)->1153K(1280K)
[48.724s][info][gc             ] GC(137) Pause Young (Allocation Failure) 557M->12M(1979M) 25.492ms
[48.724s][info][gc,cpu         ] GC(137) User=0.05s Sys=0.00s Real=0.04s
[49.013s][info][gc,start       ] GC(138) Pause Young (Allocation Failure)
[49.036s][info][gc,heap        ] GC(138) DefNew: 568871K(629248K)->11390K(629248K) Eden: 559360K(559360K)->0K(559360K) From: 9511K(69888K)->11390K(69888K)
[49.037s][info][gc,heap        ] GC(138) Tenured: 3527K(1398144K)->3527K(1398144K)
[49.037s][info][gc,metaspace   ] GC(138) Metaspace: 8613K(8832K)->8613K(8832K) NonClass: 7459K(7552K)->7459K(7552K) Class: 1153K(1280K)->1153K(1280K)
[49.037s][info][gc             ] GC(138) Pause Young (Allocation Failure) 558M->14M(1979M) 23.907ms
[49.037s][info][gc,cpu         ] GC(138) User=0.02s Sys=0.00s Real=0.02s
[49.348s][info][gc,start       ] GC(139) Pause Young (Allocation Failure)
[49.379s][info][gc,heap        ] GC(139) DefNew: 570750K(629248K)->13349K(629248K) Eden: 559360K(559360K)->0K(559360K) From: 11390K(69888K)->13349K(69888K)
[49.379s][info][gc,heap        ] GC(139) Tenured: 3527K(1398144K)->3527K(1398144K)
[49.379s][info][gc,metaspace   ] GC(139) Metaspace: 8613K(8832K)->8613K(8832K) NonClass: 7459K(7552K)->7459K(7552K) Class: 1153K(1280K)->1153K(1280K)
[49.379s][info][gc             ] GC(139) Pause Young (Allocation Failure) 560M->16M(1979M) 30.885ms
[49.379s][info][gc,cpu         ] GC(139) User=0.03s Sys=0.00s Real=0.03s
[49.669s][info][gc,start       ] GC(140) Pause Young (Allocation Failure)
[49.695s][info][gc,heap        ] GC(140) DefNew: 572709K(629248K)->15208K(629248K) Eden: 559360K(559360K)->0K(559360K) From: 13349K(69888K)->15208K(69888K)
[49.695s][info][gc,heap        ] GC(140) Tenured: 3527K(1398144K)->3527K(1398144K)
[49.695s][info][gc,metaspace   ] GC(140) Metaspace: 8613K(8832K)->8613K(8832K) NonClass: 7459K(7552K)->7459K(7552K) Class: 1153K(1280K)->1153K(1280K)
[49.695s][info][gc             ] GC(140) Pause Young (Allocation Failure) 562M->18M(1979M) 25.619ms
[49.695s][info][gc,cpu         ] GC(140) User=0.02s Sys=0.00s Real=0.01s
[49.990s][info][gc,start       ] GC(141) Pause Young (Allocation Failure)
[50.018s][info][gc,heap        ] GC(141) DefNew: 574568K(629248K)->16977K(629248K) Eden: 559360K(559360K)->0K(559360K) From: 15208K(69888K)->16977K(69888K)
[50.018s][info][gc,heap        ] GC(141) Tenured: 3527K(1398144K)->3527K(1398144K)
[50.018s][info][gc,metaspace   ] GC(141) Metaspace: 8613K(8832K)->8613K(8832K) NonClass: 7459K(7552K)->7459K(7552K) Class: 1153K(1280K)->1153K(1280K)
[50.018s][info][gc             ] GC(141) Pause Young (Allocation Failure) 564M->20M(1979M) 28.538ms
[50.018s][info][gc,cpu         ] GC(141) User=0.03s Sys=0.00s Real=0.03s
[50.310s][info][gc,start       ] GC(142) Pause Young (Allocation Failure)
[50.346s][info][gc,heap        ] GC(142) DefNew: 576337K(629248K)->19005K(629248K) Eden: 559360K(559360K)->0K(559360K) From: 16977K(69888K)->19005K(69888K)
[50.346s][info][gc,heap        ] GC(142) Tenured: 3527K(1398144K)->3527K(1398144K)
[50.346s][info][gc,metaspace   ] GC(142) Metaspace: 8613K(8832K)->8613K(8832K) NonClass: 7459K(7552K)->7459K(7552K) Class: 1153K(1280K)->1153K(1280K)
[50.346s][info][gc             ] GC(142) Pause Young (Allocation Failure) 566M->22M(1979M) 35.521ms
[50.346s][info][gc,cpu         ] GC(142) User=0.05s Sys=0.00s Real=0.04s
[50.625s][info][gc,start       ] GC(143) Pause Young (Allocation Failure)
[50.656s][info][gc,heap        ] GC(143) DefNew: 578365K(629248K)->20735K(629248K) Eden: 559360K(559360K)->0K(559360K) From: 19005K(69888K)->20735K(69888K)
[50.657s][info][gc,heap        ] GC(143) Tenured: 3527K(1398144K)->3527K(1398144K)
[50.657s][info][gc,metaspace   ] GC(143) Metaspace: 8613K(8832K)->8613K(8832K) NonClass: 7459K(7552K)->7459K(7552K) Class: 1153K(1280K)->1153K(1280K)
[50.657s][info][gc             ] GC(143) Pause Young (Allocation Failure) 568M->23M(1979M) 31.877ms
[50.657s][info][gc,cpu         ] GC(143) User=0.03s Sys=0.00s Real=0.03s
[51.163s][info][gc,start       ] GC(144) Pause Full (System.gc())
[51.163s][info][gc,phases,start] GC(144) Phase 1: Mark live objects
[51.168s][info][gc,phases      ] GC(144) Phase 1: Mark live objects 5.227ms
[51.168s][info][gc,phases,start] GC(144) Phase 2: Compute new object addresses
[51.251s][info][gc,phases      ] GC(144) Phase 2: Compute new object addresses 82.440ms
[51.251s][info][gc,phases,start] GC(144) Phase 3: Adjust pointers
[51.253s][info][gc,phases      ] GC(144) Phase 3: Adjust pointers 2.826ms
[51.253s][info][gc,phases,start] GC(144) Phase 4: Move objects
[51.253s][info][gc,phases      ] GC(144) Phase 4: Move objects 0.011ms
[51.254s][info][gc,heap        ] GC(144) DefNew: 323893K(629248K)->0K(629248K) Eden: 303158K(559360K)->0K(559360K) From: 20735K(69888K)->0K(69888K)
[51.254s][info][gc,heap        ] GC(144) Tenured: 3527K(1398144K)->3527K(1398144K)
[51.254s][info][gc,metaspace   ] GC(144) Metaspace: 8613K(8832K)->8613K(8832K) NonClass: 7459K(7552K)->7459K(7552K) Class: 1153K(1280K)->1153K(1280K)
[51.254s][info][gc             ] GC(144) Pause Full (System.gc()) 319M->3M(1979M) 90.771ms
[51.254s][info][gc,cpu         ] GC(144) User=0.09s Sys=0.00s Real=0.09s
[51.532s][info][gc,start       ] GC(145) Pause Young (Allocation Failure)
[51.539s][info][gc,heap        ] GC(145) DefNew: 559360K(629248K)->1945K(629248K) Eden: 559360K(559360K)->0K(559360K) From: 0K(69888K)->1945K(69888K)
[51.539s][info][gc,heap        ] GC(145) Tenured: 3527K(1398144K)->3527K(1398144K)
[51.539s][info][gc,metaspace   ] GC(145) Metaspace: 8624K(8896K)->8624K(8896K) NonClass: 7470K(7616K)->7470K(7616K) Class: 1153K(1280K)->1153K(1280K)
[51.539s][info][gc             ] GC(145) Pause Young (Allocation Failure) 549M->5M(1979M) 6.886ms
[51.539s][info][gc,cpu         ] GC(145) User=0.00s Sys=0.00s Real=0.01s
[51.819s][info][gc,start       ] GC(146) Pause Young (Allocation Failure)
[51.830s][info][gc,heap        ] GC(146) DefNew: 561305K(629248K)->3682K(629248K) Eden: 559360K(559360K)->0K(559360K) From: 1945K(69888K)->3682K(69888K)
[51.853s][info][gc,heap        ] GC(146) Tenured: 3527K(1398144K)->3527K(1398144K)
[51.853s][info][gc,metaspace   ] GC(146) Metaspace: 8624K(8896K)->8624K(8896K) NonClass: 7470K(7616K)->7470K(7616K) Class: 1153K(1280K)->1153K(1280K)
[51.853s][info][gc             ] GC(146) Pause Young (Allocation Failure) 551M->7M(1979M) 33.598ms
[51.853s][info][gc,cpu         ] GC(146) User=0.02s Sys=0.00s Real=0.04s
[52.154s][info][gc,start       ] GC(147) Pause Young (Allocation Failure)
[52.174s][info][gc,heap        ] GC(147) DefNew: 563042K(629248K)->5738K(629248K) Eden: 559360K(559360K)->0K(559360K) From: 3682K(69888K)->5738K(69888K)
[52.174s][info][gc,heap        ] GC(147) Tenured: 3527K(1398144K)->3527K(1398144K)
[52.174s][info][gc,metaspace   ] GC(147) Metaspace: 8624K(8896K)->8624K(8896K) NonClass: 7470K(7616K)->7470K(7616K) Class: 1153K(1280K)->1153K(1280K)
[52.174s][info][gc             ] GC(147) Pause Young (Allocation Failure) 553M->9M(1979M) 19.887ms
[52.174s][info][gc,cpu         ] GC(147) User=0.03s Sys=0.00s Real=0.02s
[52.473s][info][gc,start       ] GC(148) Pause Young (Allocation Failure)
[52.491s][info][gc,heap        ] GC(148) DefNew: 565098K(629248K)->7544K(629248K) Eden: 559360K(559360K)->0K(559360K) From: 5738K(69888K)->7544K(69888K)
[52.491s][info][gc,heap        ] GC(148) Tenured: 3527K(1398144K)->3527K(1398144K)
[52.491s][info][gc,metaspace   ] GC(148) Metaspace: 8624K(8896K)->8624K(8896K) NonClass: 7470K(7616K)->7470K(7616K) Class: 1153K(1280K)->1153K(1280K)
[52.491s][info][gc             ] GC(148) Pause Young (Allocation Failure) 555M->10M(1979M) 17.939ms
[52.491s][info][gc,cpu         ] GC(148) User=0.02s Sys=0.00s Real=0.02s
[52.794s][info][gc,start       ] GC(149) Pause Young (Allocation Failure)
[52.817s][info][gc,heap        ] GC(149) DefNew: 566904K(629248K)->9512K(629248K) Eden: 559360K(559360K)->0K(559360K) From: 7544K(69888K)->9512K(69888K)
[52.817s][info][gc,heap        ] GC(149) Tenured: 3527K(1398144K)->3527K(1398144K)
[52.817s][info][gc,metaspace   ] GC(149) Metaspace: 8624K(8896K)->8624K(8896K) NonClass: 7470K(7616K)->7470K(7616K) Class: 1153K(1280K)->1153K(1280K)
[52.817s][info][gc             ] GC(149) Pause Young (Allocation Failure) 557M->12M(1979M) 23.129ms
[52.817s][info][gc,cpu         ] GC(149) User=0.03s Sys=0.00s Real=0.02s
[53.097s][info][gc,start       ] GC(150) Pause Young (Allocation Failure)
[53.120s][info][gc,heap        ] GC(150) DefNew: 568872K(629248K)->11395K(629248K) Eden: 559360K(559360K)->0K(559360K) From: 9512K(69888K)->11395K(69888K)
[53.120s][info][gc,heap        ] GC(150) Tenured: 3527K(1398144K)->3527K(1398144K)
[53.120s][info][gc,metaspace   ] GC(150) Metaspace: 8624K(8896K)->8624K(8896K) NonClass: 7470K(7616K)->7470K(7616K) Class: 1153K(1280K)->1153K(1280K)
[53.120s][info][gc             ] GC(150) Pause Young (Allocation Failure) 558M->14M(1979M) 23.267ms
[53.120s][info][gc,cpu         ] GC(150) User=0.02s Sys=0.00s Real=0.02s
[53.428s][info][gc,start       ] GC(151) Pause Young (Allocation Failure)
[53.460s][info][gc,heap        ] GC(151) DefNew: 570755K(629248K)->13348K(629248K) Eden: 559360K(559360K)->0K(559360K) From: 11395K(69888K)->13348K(69888K)
[53.460s][info][gc,heap        ] GC(151) Tenured: 3527K(1398144K)->3527K(1398144K)
[53.460s][info][gc,metaspace   ] GC(151) Metaspace: 8624K(8896K)->8624K(8896K) NonClass: 7470K(7616K)->7470K(7616K) Class: 1153K(1280K)->1153K(1280K)
[53.460s][info][gc             ] GC(151) Pause Young (Allocation Failure) 560M->16M(1979M) 32.015ms
[53.460s][info][gc,cpu         ] GC(151) User=0.05s Sys=0.00s Real=0.04s
[53.737s][info][gc,start       ] GC(152) Pause Young (Allocation Failure)
[53.763s][info][gc,heap        ] GC(152) DefNew: 572708K(629248K)->15209K(629248K) Eden: 559360K(559360K)->0K(559360K) From: 13348K(69888K)->15209K(69888K)
[53.763s][info][gc,heap        ] GC(152) Tenured: 3527K(1398144K)->3527K(1398144K)
[53.763s][info][gc,metaspace   ] GC(152) Metaspace: 8624K(8896K)->8624K(8896K) NonClass: 7470K(7616K)->7470K(7616K) Class: 1153K(1280K)->1153K(1280K)
[53.763s][info][gc             ] GC(152) Pause Young (Allocation Failure) 562M->18M(1979M) 26.527ms
[53.763s][info][gc,cpu         ] GC(152) User=0.02s Sys=0.00s Real=0.02s
[54.052s][info][gc,start       ] GC(153) Pause Young (Allocation Failure)
[54.082s][info][gc,heap        ] GC(153) DefNew: 574569K(629248K)->16973K(629248K) Eden: 559360K(559360K)->0K(559360K) From: 15209K(69888K)->16973K(69888K)
[54.082s][info][gc,heap        ] GC(153) Tenured: 3527K(1398144K)->3527K(1398144K)
[54.082s][info][gc,metaspace   ] GC(153) Metaspace: 8624K(8896K)->8624K(8896K) NonClass: 7470K(7616K)->7470K(7616K) Class: 1153K(1280K)->1153K(1280K)
[54.082s][info][gc             ] GC(153) Pause Young (Allocation Failure) 564M->20M(1979M) 30.068ms
[54.082s][info][gc,cpu         ] GC(153) User=0.03s Sys=0.00s Real=0.03s
[54.391s][info][gc,start       ] GC(154) Pause Young (Allocation Failure)
[54.426s][info][gc,heap        ] GC(154) DefNew: 576333K(629248K)->19006K(629248K) Eden: 559360K(559360K)->0K(559360K) From: 16973K(69888K)->19006K(69888K)
[54.426s][info][gc,heap        ] GC(154) Tenured: 3527K(1398144K)->3527K(1398144K)
[54.426s][info][gc,metaspace   ] GC(154) Metaspace: 8624K(8896K)->8624K(8896K) NonClass: 7470K(7616K)->7470K(7616K) Class: 1153K(1280K)->1153K(1280K)
[54.427s][info][gc             ] GC(154) Pause Young (Allocation Failure) 566M->22M(1979M) 35.160ms
[54.427s][info][gc,cpu         ] GC(154) User=0.03s Sys=0.00s Real=0.03s
[54.709s][info][gc,start       ] GC(155) Pause Young (Allocation Failure)
[54.743s][info][gc,heap        ] GC(155) DefNew: 578366K(629248K)->20735K(629248K) Eden: 559360K(559360K)->0K(559360K) From: 19006K(69888K)->20735K(69888K)
[54.743s][info][gc,heap        ] GC(155) Tenured: 3527K(1398144K)->3527K(1398144K)
[54.743s][info][gc,metaspace   ] GC(155) Metaspace: 8624K(8896K)->8624K(8896K) NonClass: 7470K(7616K)->7470K(7616K) Class: 1153K(1280K)->1153K(1280K)
[54.743s][info][gc             ] GC(155) Pause Young (Allocation Failure) 568M->23M(1979M) 34.590ms
[54.743s][info][gc,cpu         ] GC(155) User=0.03s Sys=0.00s Real=0.03s
[55.255s][info][gc,start       ] GC(156) Pause Full (System.gc())
[55.256s][info][gc,phases,start] GC(156) Phase 1: Mark live objects
[55.267s][info][gc,phases      ] GC(156) Phase 1: Mark live objects 11.121ms
[55.267s][info][gc,phases,start] GC(156) Phase 2: Compute new object addresses
[55.355s][info][gc,phases      ] GC(156) Phase 2: Compute new object addresses 88.012ms
[55.355s][info][gc,phases,start] GC(156) Phase 3: Adjust pointers
[55.358s][info][gc,phases      ] GC(156) Phase 3: Adjust pointers 2.855ms
[55.358s][info][gc,phases,start] GC(156) Phase 4: Move objects
[55.358s][info][gc,phases      ] GC(156) Phase 4: Move objects 0.011ms
[55.358s][info][gc,heap        ] GC(156) DefNew: 323885K(629248K)->0K(629248K) Eden: 303149K(559360K)->0K(559360K) From: 20735K(69888K)->0K(69888K)
[55.358s][info][gc,heap        ] GC(156) Tenured: 3527K(1398144K)->3528K(1398144K)
[55.358s][info][gc,metaspace   ] GC(156) Metaspace: 8625K(8896K)->8625K(8896K) NonClass: 7472K(7616K)->7472K(7616K) Class: 1153K(1280K)->1153K(1280K)
[55.358s][info][gc             ] GC(156) Pause Full (System.gc()) 319M->3M(1979M) 102.395ms
[55.358s][info][gc,cpu         ] GC(156) User=0.11s Sys=0.00s Real=0.11s
[55.634s][info][gc,start       ] GC(157) Pause Young (Allocation Failure)
[55.641s][info][gc,heap        ] GC(157) DefNew: 559360K(629248K)->1944K(629248K) Eden: 559360K(559360K)->0K(559360K) From: 0K(69888K)->1944K(69888K)
[55.641s][info][gc,heap        ] GC(157) Tenured: 3528K(1398144K)->3528K(1398144K)
[55.641s][info][gc,metaspace   ] GC(157) Metaspace: 8630K(8896K)->8630K(8896K) NonClass: 7476K(7616K)->7476K(7616K) Class: 1153K(1280K)->1153K(1280K)
[55.641s][info][gc             ] GC(157) Pause Young (Allocation Failure) 549M->5M(1979M) 6.746ms
[55.641s][info][gc,cpu         ] GC(157) User=0.00s Sys=0.00s Real=0.00s
[55.906s][info][gc,start       ] GC(158) Pause Young (Allocation Failure)
[55.918s][info][gc,heap        ] GC(158) DefNew: 561304K(629248K)->3682K(629248K) Eden: 559360K(559360K)->0K(559360K) From: 1944K(69888K)->3682K(69888K)
[55.918s][info][gc,heap        ] GC(158) Tenured: 3528K(1398144K)->3528K(1398144K)
[55.918s][info][gc,metaspace   ] GC(158) Metaspace: 8630K(8896K)->8630K(8896K) NonClass: 7476K(7616K)->7476K(7616K) Class: 1153K(1280K)->1153K(1280K)
[55.918s][info][gc             ] GC(158) Pause Young (Allocation Failure) 551M->7M(1979M) 11.849ms
[55.918s][info][gc,cpu         ] GC(158) User=0.02s Sys=0.00s Real=0.02s
[56.205s][info][gc,start       ] GC(159) Pause Young (Allocation Failure)
[56.225s][info][gc,heap        ] GC(159) DefNew: 563042K(629248K)->5738K(629248K) Eden: 559360K(559360K)->0K(559360K) From: 3682K(69888K)->5738K(69888K)
[56.225s][info][gc,heap        ] GC(159) Tenured: 3528K(1398144K)->3528K(1398144K)
[56.225s][info][gc,metaspace   ] GC(159) Metaspace: 8630K(8896K)->8630K(8896K) NonClass: 7476K(7616K)->7476K(7616K) Class: 1153K(1280K)->1153K(1280K)
[56.225s][info][gc             ] GC(159) Pause Young (Allocation Failure) 553M->9M(1979M) 20.228ms
[56.225s][info][gc,cpu         ] GC(159) User=0.02s Sys=0.00s Real=0.02s
[56.511s][info][gc,start       ] GC(160) Pause Young (Allocation Failure)
[56.531s][info][gc,heap        ] GC(160) DefNew: 565098K(629248K)->7544K(629248K) Eden: 559360K(559360K)->0K(559360K) From: 5738K(69888K)->7544K(69888K)
[56.531s][info][gc,heap        ] GC(160) Tenured: 3528K(1398144K)->3528K(1398144K)
[56.531s][info][gc,metaspace   ] GC(160) Metaspace: 8630K(8896K)->8630K(8896K) NonClass: 7476K(7616K)->7476K(7616K) Class: 1153K(1280K)->1153K(1280K)
[56.531s][info][gc             ] GC(160) Pause Young (Allocation Failure) 555M->10M(1979M) 19.827ms
[56.531s][info][gc,cpu         ] GC(160) User=0.02s Sys=0.00s Real=0.02s
[56.848s][info][gc,start       ] GC(161) Pause Young (Allocation Failure)
[56.873s][info][gc,heap        ] GC(161) DefNew: 566904K(629248K)->9512K(629248K) Eden: 559360K(559360K)->0K(559360K) From: 7544K(69888K)->9512K(69888K)
[56.873s][info][gc,heap        ] GC(161) Tenured: 3528K(1398144K)->3528K(1398144K)
[56.873s][info][gc,metaspace   ] GC(161) Metaspace: 8630K(8896K)->8630K(8896K) NonClass: 7476K(7616K)->7476K(7616K) Class: 1153K(1280K)->1153K(1280K)
[56.873s][info][gc             ] GC(161) Pause Young (Allocation Failure) 557M->12M(1979M) 25.553ms
[56.873s][info][gc,cpu         ] GC(161) User=0.03s Sys=0.00s Real=0.03s
[57.149s][info][gc,start       ] GC(162) Pause Young (Allocation Failure)
[57.173s][info][gc,heap        ] GC(162) DefNew: 568872K(629248K)->11395K(629248K) Eden: 559360K(559360K)->0K(559360K) From: 9512K(69888K)->11395K(69888K)
[57.173s][info][gc,heap        ] GC(162) Tenured: 3528K(1398144K)->3528K(1398144K)
[57.173s][info][gc,metaspace   ] GC(162) Metaspace: 8630K(8896K)->8630K(8896K) NonClass: 7476K(7616K)->7476K(7616K) Class: 1153K(1280K)->1153K(1280K)
[57.173s][info][gc             ] GC(162) Pause Young (Allocation Failure) 558M->14M(1979M) 23.907ms
[57.173s][info][gc,cpu         ] GC(162) User=0.03s Sys=0.00s Real=0.02s
[57.484s][info][gc,start       ] GC(163) Pause Young (Allocation Failure)
[57.517s][info][gc,heap        ] GC(163) DefNew: 570755K(629248K)->13348K(629248K) Eden: 559360K(559360K)->0K(559360K) From: 11395K(69888K)->13348K(69888K)
[57.517s][info][gc,heap        ] GC(163) Tenured: 3528K(1398144K)->3528K(1398144K)
[57.517s][info][gc,metaspace   ] GC(163) Metaspace: 8630K(8896K)->8630K(8896K) NonClass: 7476K(7616K)->7476K(7616K) Class: 1153K(1280K)->1153K(1280K)
[57.517s][info][gc             ] GC(163) Pause Young (Allocation Failure) 560M->16M(1979M) 33.078ms
[57.517s][info][gc,cpu         ] GC(163) User=0.02s Sys=0.00s Real=0.02s
[57.829s][info][gc,start       ] GC(164) Pause Young (Allocation Failure)
[57.855s][info][gc,heap        ] GC(164) DefNew: 572708K(629248K)->15209K(629248K) Eden: 559360K(559360K)->0K(559360K) From: 13348K(69888K)->15209K(69888K)
[57.855s][info][gc,heap        ] GC(164) Tenured: 3528K(1398144K)->3528K(1398144K)
[57.855s][info][gc,metaspace   ] GC(164) Metaspace: 8630K(8896K)->8630K(8896K) NonClass: 7476K(7616K)->7476K(7616K) Class: 1153K(1280K)->1153K(1280K)
[57.855s][info][gc             ] GC(164) Pause Young (Allocation Failure) 562M->18M(1979M) 26.032ms
[57.855s][info][gc,cpu         ] GC(164) User=0.02s Sys=0.00s Real=0.02s
[58.149s][info][gc,start       ] GC(165) Pause Young (Allocation Failure)
[58.179s][info][gc,heap        ] GC(165) DefNew: 574569K(629248K)->16977K(629248K) Eden: 559360K(559360K)->0K(559360K) From: 15209K(69888K)->16977K(69888K)
[58.179s][info][gc,heap        ] GC(165) Tenured: 3528K(1398144K)->3528K(1398144K)
[58.179s][info][gc,metaspace   ] GC(165) Metaspace: 8630K(8896K)->8630K(8896K) NonClass: 7476K(7616K)->7476K(7616K) Class: 1153K(1280K)->1153K(1280K)
[58.179s][info][gc             ] GC(165) Pause Young (Allocation Failure) 564M->20M(1979M) 29.997ms
[58.179s][info][gc,cpu         ] GC(165) User=0.03s Sys=0.00s Real=0.03s
[58.469s][info][gc,start       ] GC(166) Pause Young (Allocation Failure)
[58.504s][info][gc,heap        ] GC(166) DefNew: 576337K(629248K)->19006K(629248K) Eden: 559360K(559360K)->0K(559360K) From: 16977K(69888K)->19006K(69888K)
[58.504s][info][gc,heap        ] GC(166) Tenured: 3528K(1398144K)->3528K(1398144K)
[58.504s][info][gc,metaspace   ] GC(166) Metaspace: 8630K(8896K)->8630K(8896K) NonClass: 7476K(7616K)->7476K(7616K) Class: 1153K(1280K)->1153K(1280K)
[58.504s][info][gc             ] GC(166) Pause Young (Allocation Failure) 566M->22M(1979M) 35.758ms
[58.504s][info][gc,cpu         ] GC(166) User=0.03s Sys=0.00s Real=0.03s
[58.798s][info][gc,start       ] GC(167) Pause Young (Allocation Failure)
[58.833s][info][gc,heap        ] GC(167) DefNew: 578366K(629248K)->20735K(629248K) Eden: 559360K(559360K)->0K(559360K) From: 19006K(69888K)->20735K(69888K)
[58.833s][info][gc,heap        ] GC(167) Tenured: 3528K(1398144K)->3528K(1398144K)
[58.833s][info][gc,metaspace   ] GC(167) Metaspace: 8630K(8896K)->8630K(8896K) NonClass: 7476K(7616K)->7476K(7616K) Class: 1153K(1280K)->1153K(1280K)
[58.833s][info][gc             ] GC(167) Pause Young (Allocation Failure) 568M->23M(1979M) 34.386ms
[58.833s][info][gc,cpu         ] GC(167) User=0.05s Sys=0.00s Real=0.05s
[59.356s][info][gc,start       ] GC(168) Pause Full (System.gc())
[59.356s][info][gc,phases,start] GC(168) Phase 1: Mark live objects
[59.361s][info][gc,phases      ] GC(168) Phase 1: Mark live objects 5.180ms
[59.361s][info][gc,phases,start] GC(168) Phase 2: Compute new object addresses
[59.442s][info][gc,phases      ] GC(168) Phase 2: Compute new object addresses 80.862ms
[59.442s][info][gc,phases,start] GC(168) Phase 3: Adjust pointers
[59.445s][info][gc,phases      ] GC(168) Phase 3: Adjust pointers 2.827ms
[59.445s][info][gc,phases,start] GC(168) Phase 4: Move objects
[59.445s][info][gc,phases      ] GC(168) Phase 4: Move objects 0.011ms
[59.445s][info][gc,heap        ] GC(168) DefNew: 323885K(629248K)->0K(629248K) Eden: 303149K(559360K)->0K(559360K) From: 20735K(69888K)->0K(69888K)
[59.445s][info][gc,heap        ] GC(168) Tenured: 3528K(1398144K)->3528K(1398144K)
[59.445s][info][gc,metaspace   ] GC(168) Metaspace: 8630K(8896K)->8630K(8896K) NonClass: 7476K(7616K)->7476K(7616K) Class: 1153K(1280K)->1153K(1280K)
[59.445s][info][gc             ] GC(168) Pause Full (System.gc()) 319M->3M(1979M) 89.159ms
[59.445s][info][gc,cpu         ] GC(168) User=0.09s Sys=0.00s Real=0.09s
[59.726s][info][gc,start       ] GC(169) Pause Young (Allocation Failure)
[59.733s][info][gc,heap        ] GC(169) DefNew: 559360K(629248K)->1944K(629248K) Eden: 559360K(559360K)->0K(559360K) From: 0K(69888K)->1944K(69888K)
[59.733s][info][gc,heap        ] GC(169) Tenured: 3528K(1398144K)->3528K(1398144K)
[59.733s][info][gc,metaspace   ] GC(169) Metaspace: 8630K(8896K)->8630K(8896K) NonClass: 7477K(7616K)->7477K(7616K) Class: 1153K(1280K)->1153K(1280K)
[59.733s][info][gc             ] GC(169) Pause Young (Allocation Failure) 549M->5M(1979M) 6.965ms
[59.733s][info][gc,cpu         ] GC(169) User=0.00s Sys=0.02s Real=0.01s
[59.999s][info][gc,start       ] GC(170) Pause Young (Allocation Failure)
[60.012s][info][gc,heap        ] GC(170) DefNew: 561304K(629248K)->3682K(629248K) Eden: 559360K(559360K)->0K(559360K) From: 1944K(69888K)->3682K(69888K)
[60.012s][info][gc,heap        ] GC(170) Tenured: 3528K(1398144K)->3528K(1398144K)
[60.012s][info][gc,metaspace   ] GC(170) Metaspace: 8630K(8896K)->8630K(8896K) NonClass: 7477K(7616K)->7477K(7616K) Class: 1153K(1280K)->1153K(1280K)
[60.012s][info][gc             ] GC(170) Pause Young (Allocation Failure) 551M->7M(1979M) 12.381ms
[60.012s][info][gc,cpu         ] GC(170) User=0.00s Sys=0.00s Real=0.01s
[60.286s][info][gc,start       ] GC(171) Pause Young (Allocation Failure)
[60.306s][info][gc,heap        ] GC(171) DefNew: 563042K(629248K)->5737K(629248K) Eden: 559360K(559360K)->0K(559360K) From: 3682K(69888K)->5737K(69888K)
[60.306s][info][gc,heap        ] GC(171) Tenured: 3528K(1398144K)->3528K(1398144K)
[60.306s][info][gc,metaspace   ] GC(171) Metaspace: 8630K(8896K)->8630K(8896K) NonClass: 7477K(7616K)->7477K(7616K) Class: 1153K(1280K)->1153K(1280K)
[60.306s][info][gc             ] GC(171) Pause Young (Allocation Failure) 553M->9M(1979M) 20.103ms
[60.306s][info][gc,cpu         ] GC(171) User=0.03s Sys=0.00s Real=0.03s
[60.619s][info][gc,start       ] GC(172) Pause Young (Allocation Failure)
[60.638s][info][gc,heap        ] GC(172) DefNew: 565097K(629248K)->7543K(629248K) Eden: 559360K(559360K)->0K(559360K) From: 5737K(69888K)->7543K(69888K)
[60.639s][info][gc,heap        ] GC(172) Tenured: 3528K(1398144K)->3528K(1398144K)
[60.639s][info][gc,metaspace   ] GC(172) Metaspace: 8630K(8896K)->8630K(8896K) NonClass: 7477K(7616K)->7477K(7616K) Class: 1153K(1280K)->1153K(1280K)
[60.639s][info][gc             ] GC(172) Pause Young (Allocation Failure) 555M->10M(1979M) 19.262ms
[60.639s][info][gc,cpu         ] GC(172) User=0.02s Sys=0.00s Real=0.02s
[60.937s][info][gc,start       ] GC(173) Pause Young (Allocation Failure)
[60.955s][info][gc,heap        ] GC(173) DefNew: 566903K(629248K)->9511K(629248K) Eden: 559360K(559360K)->0K(559360K) From: 7543K(69888K)->9511K(69888K)
[60.955s][info][gc,heap        ] GC(173) Tenured: 3528K(1398144K)->3528K(1398144K)
[60.955s][info][gc,metaspace   ] GC(173) Metaspace: 8630K(8896K)->8630K(8896K) NonClass: 7477K(7616K)->7477K(7616K) Class: 1153K(1280K)->1153K(1280K)
[60.955s][info][gc             ] GC(173) Pause Young (Allocation Failure) 557M->12M(1979M) 18.662ms
[60.955s][info][gc,cpu         ] GC(173) User=0.02s Sys=0.00s Real=0.01s
[61.235s][info][gc,start       ] GC(174) Pause Young (Allocation Failure)
[61.258s][info][gc,heap        ] GC(174) DefNew: 568871K(629248K)->11390K(629248K) Eden: 559360K(559360K)->0K(559360K) From: 9511K(69888K)->11390K(69888K)
[61.258s][info][gc,heap        ] GC(174) Tenured: 3528K(1398144K)->3528K(1398144K)
[61.258s][info][gc,metaspace   ] GC(174) Metaspace: 8630K(8896K)->8630K(8896K) NonClass: 7477K(7616K)->7477K(7616K) Class: 1153K(1280K)->1153K(1280K)
[61.258s][info][gc             ] GC(174) Pause Young (Allocation Failure) 558M->14M(1979M) 23.424ms
[61.258s][info][gc,cpu         ] GC(174) User=0.02s Sys=0.00s Real=0.02s
[61.574s][info][gc,start       ] GC(175) Pause Young (Allocation Failure)
[61.607s][info][gc,heap        ] GC(175) DefNew: 570750K(629248K)->13349K(629248K) Eden: 559360K(559360K)->0K(559360K) From: 11390K(69888K)->13349K(69888K)
[61.665s][info][gc,heap        ] GC(175) Tenured: 3528K(1398144K)->3528K(1398144K)
[61.665s][info][gc,metaspace   ] GC(175) Metaspace: 8633K(8896K)->8633K(8896K) NonClass: 7479K(7616K)->7479K(7616K) Class: 1153K(1280K)->1153K(1280K)
[61.665s][info][gc             ] GC(175) Pause Young (Allocation Failure) 560M->16M(1979M) 91.821ms
[61.665s][info][gc,cpu         ] GC(175) User=0.03s Sys=0.00s Real=0.08s
[61.960s][info][gc,start       ] GC(176) Pause Young (Allocation Failure)
[61.986s][info][gc,heap        ] GC(176) DefNew: 572709K(629248K)->15208K(629248K) Eden: 559360K(559360K)->0K(559360K) From: 13349K(69888K)->15208K(69888K)
[61.986s][info][gc,heap        ] GC(176) Tenured: 3528K(1398144K)->3528K(1398144K)
[61.986s][info][gc,metaspace   ] GC(176) Metaspace: 8633K(8896K)->8633K(8896K) NonClass: 7479K(7616K)->7479K(7616K) Class: 1153K(1280K)->1153K(1280K)
[61.986s][info][gc             ] GC(176) Pause Young (Allocation Failure) 562M->18M(1979M) 25.325ms
[61.986s][info][gc,cpu         ] GC(176) User=0.03s Sys=0.00s Real=0.03s
[62.296s][info][gc,start       ] GC(177) Pause Young (Allocation Failure)
[62.328s][info][gc,heap        ] GC(177) DefNew: 574568K(629248K)->16977K(629248K) Eden: 559360K(559360K)->0K(559360K) From: 15208K(69888K)->16977K(69888K)
[62.328s][info][gc,heap        ] GC(177) Tenured: 3528K(1398144K)->3528K(1398144K)
[62.328s][info][gc,metaspace   ] GC(177) Metaspace: 8633K(8896K)->8633K(8896K) NonClass: 7479K(7616K)->7479K(7616K) Class: 1153K(1280K)->1153K(1280K)
[62.328s][info][gc             ] GC(177) Pause Young (Allocation Failure) 564M->20M(1979M) 31.751ms
[62.328s][info][gc,cpu         ] GC(177) User=0.03s Sys=0.00s Real=0.03s
[62.619s][info][gc,start       ] GC(178) Pause Young (Allocation Failure)
[62.655s][info][gc,heap        ] GC(178) DefNew: 576337K(629248K)->19005K(629248K) Eden: 559360K(559360K)->0K(559360K) From: 16977K(69888K)->19005K(69888K)
[62.655s][info][gc,heap        ] GC(178) Tenured: 3528K(1398144K)->3528K(1398144K)
[62.655s][info][gc,metaspace   ] GC(178) Metaspace: 8633K(8896K)->8633K(8896K) NonClass: 7479K(7616K)->7479K(7616K) Class: 1153K(1280K)->1153K(1280K)
[62.655s][info][gc             ] GC(178) Pause Young (Allocation Failure) 566M->22M(1979M) 35.604ms
[62.655s][info][gc,cpu         ] GC(178) User=0.03s Sys=0.00s Real=0.03s
[62.947s][info][gc,start       ] GC(179) Pause Young (Allocation Failure)
[62.981s][info][gc,heap        ] GC(179) DefNew: 578365K(629248K)->20735K(629248K) Eden: 559360K(559360K)->0K(559360K) From: 19005K(69888K)->20735K(69888K)
[63.005s][info][gc,heap        ] GC(179) Tenured: 3528K(1398144K)->3528K(1398144K)
[63.005s][info][gc,metaspace   ] GC(179) Metaspace: 8633K(8896K)->8633K(8896K) NonClass: 7479K(7616K)->7479K(7616K) Class: 1153K(1280K)->1153K(1280K)
[63.005s][info][gc             ] GC(179) Pause Young (Allocation Failure) 568M->23M(1979M) 57.831ms
[63.005s][info][gc,cpu         ] GC(179) User=0.03s Sys=0.00s Real=0.06s
[63.516s][info][gc,start       ] GC(180) Pause Full (System.gc())
[63.516s][info][gc,phases,start] GC(180) Phase 1: Mark live objects
[63.527s][info][gc,phases      ] GC(180) Phase 1: Mark live objects 11.206ms
[63.527s][info][gc,phases,start] GC(180) Phase 2: Compute new object addresses
[63.616s][info][gc,phases      ] GC(180) Phase 2: Compute new object addresses 88.858ms
[63.616s][info][gc,phases,start] GC(180) Phase 3: Adjust pointers
[63.619s][info][gc,phases      ] GC(180) Phase 3: Adjust pointers 2.907ms
[63.619s][info][gc,phases,start] GC(180) Phase 4: Move objects
[63.619s][info][gc,phases      ] GC(180) Phase 4: Move objects 0.012ms
[63.619s][info][gc,heap        ] GC(180) DefNew: 323893K(629248K)->0K(629248K) Eden: 303158K(559360K)->0K(559360K) From: 20735K(69888K)->0K(69888K)
[63.619s][info][gc,heap        ] GC(180) Tenured: 3528K(1398144K)->3527K(1398144K)
[63.619s][info][gc,metaspace   ] GC(180) Metaspace: 8633K(8896K)->8633K(8896K) NonClass: 7480K(7616K)->7480K(7616K) Class: 1153K(1280K)->1153K(1280K)
[63.619s][info][gc             ] GC(180) Pause Full (System.gc()) 319M->3M(1979M) 103.369ms
[63.619s][info][gc,cpu         ] GC(180) User=0.11s Sys=0.00s Real=0.11s
[63.914s][info][gc,start       ] GC(181) Pause Young (Allocation Failure)
[63.921s][info][gc,heap        ] GC(181) DefNew: 559360K(629248K)->1945K(629248K) Eden: 559360K(559360K)->0K(559360K) From: 0K(69888K)->1945K(69888K)
[63.921s][info][gc,heap        ] GC(181) Tenured: 3527K(1398144K)->3527K(1398144K)
[63.921s][info][gc,metaspace   ] GC(181) Metaspace: 8641K(8896K)->8641K(8896K) NonClass: 7487K(7616K)->7487K(7616K) Class: 1153K(1280K)->1153K(1280K)
[63.921s][info][gc             ] GC(181) Pause Young (Allocation Failure) 549M->5M(1979M) 7.413ms
[63.921s][info][gc,cpu         ] GC(181) User=0.02s Sys=0.00s Real=0.01s
[64.203s][info][gc,start       ] GC(182) Pause Young (Allocation Failure)
[64.214s][info][gc,heap        ] GC(182) DefNew: 561305K(629248K)->3682K(629248K) Eden: 559360K(559360K)->0K(559360K) From: 1945K(69888K)->3682K(69888K)
[64.214s][info][gc,heap        ] GC(182) Tenured: 3527K(1398144K)->3527K(1398144K)
[64.214s][info][gc,metaspace   ] GC(182) Metaspace: 8641K(8896K)->8641K(8896K) NonClass: 7487K(7616K)->7487K(7616K) Class: 1153K(1280K)->1153K(1280K)
[64.214s][info][gc             ] GC(182) Pause Young (Allocation Failure) 551M->7M(1979M) 11.286ms
[64.214s][info][gc,cpu         ] GC(182) User=0.00s Sys=0.00s Real=0.01s
[64.506s][info][gc,start       ] GC(183) Pause Young (Allocation Failure)
[64.526s][info][gc,heap        ] GC(183) DefNew: 563042K(629248K)->5738K(629248K) Eden: 559360K(559360K)->0K(559360K) From: 3682K(69888K)->5738K(69888K)
[64.526s][info][gc,heap        ] GC(183) Tenured: 3527K(1398144K)->3527K(1398144K)
[64.526s][info][gc,metaspace   ] GC(183) Metaspace: 8641K(8896K)->8641K(8896K) NonClass: 7487K(7616K)->7487K(7616K) Class: 1153K(1280K)->1153K(1280K)
[64.527s][info][gc             ] GC(183) Pause Young (Allocation Failure) 553M->9M(1979M) 20.079ms
[64.527s][info][gc,cpu         ] GC(183) User=0.02s Sys=0.00s Real=0.02s
[64.828s][info][gc,start       ] GC(184) Pause Young (Allocation Failure)
[64.848s][info][gc,heap        ] GC(184) DefNew: 565098K(629248K)->7544K(629248K) Eden: 559360K(559360K)->0K(559360K) From: 5738K(69888K)->7544K(69888K)
[64.848s][info][gc,heap        ] GC(184) Tenured: 3527K(1398144K)->3527K(1398144K)
[64.848s][info][gc,metaspace   ] GC(184) Metaspace: 8641K(8896K)->8641K(8896K) NonClass: 7487K(7616K)->7487K(7616K) Class: 1153K(1280K)->1153K(1280K)
[64.848s][info][gc             ] GC(184) Pause Young (Allocation Failure) 555M->10M(1979M) 19.873ms
[64.848s][info][gc,cpu         ] GC(184) User=0.02s Sys=0.00s Real=0.02s
[65.136s][info][gc,start       ] GC(185) Pause Young (Allocation Failure)
[65.158s][info][gc,heap        ] GC(185) DefNew: 566904K(629248K)->9512K(629248K) Eden: 559360K(559360K)->0K(559360K) From: 7544K(69888K)->9512K(69888K)
[65.158s][info][gc,heap        ] GC(185) Tenured: 3527K(1398144K)->3527K(1398144K)
[65.158s][info][gc,metaspace   ] GC(185) Metaspace: 8641K(8896K)->8641K(8896K) NonClass: 7487K(7616K)->7487K(7616K) Class: 1153K(1280K)->1153K(1280K)
[65.158s][info][gc             ] GC(185) Pause Young (Allocation Failure) 557M->12M(1979M) 22.728ms
[65.158s][info][gc,cpu         ] GC(185) User=0.03s Sys=0.00s Real=0.03s
[65.456s][info][gc,start       ] GC(186) Pause Young (Allocation Failure)
[65.479s][info][gc,heap        ] GC(186) DefNew: 568872K(629248K)->11395K(629248K) Eden: 559360K(559360K)->0K(559360K) From: 9512K(69888K)->11395K(69888K)
[65.479s][info][gc,heap        ] GC(186) Tenured: 3527K(1398144K)->3527K(1398144K)
[65.479s][info][gc,metaspace   ] GC(186) Metaspace: 8641K(8896K)->8641K(8896K) NonClass: 7487K(7616K)->7487K(7616K) Class: 1153K(1280K)->1153K(1280K)
[65.479s][info][gc             ] GC(186) Pause Young (Allocation Failure) 558M->14M(1979M) 23.244ms
[65.480s][info][gc,cpu         ] GC(186) User=0.02s Sys=0.00s Real=0.02s
[65.797s][info][gc,start       ] GC(187) Pause Young (Allocation Failure)
[65.829s][info][gc,heap        ] GC(187) DefNew: 570755K(629248K)->13326K(629248K) Eden: 559360K(559360K)->0K(559360K) From: 11395K(69888K)->13326K(69888K)
[65.829s][info][gc,heap        ] GC(187) Tenured: 3527K(1398144K)->3527K(1398144K)
[65.829s][info][gc,metaspace   ] GC(187) Metaspace: 8641K(8896K)->8641K(8896K) NonClass: 7487K(7616K)->7487K(7616K) Class: 1153K(1280K)->1153K(1280K)
[65.829s][info][gc             ] GC(187) Pause Young (Allocation Failure) 560M->16M(1979M) 31.503ms
[65.829s][info][gc,cpu         ] GC(187) User=0.03s Sys=0.00s Real=0.03s
[66.105s][info][gc,start       ] GC(188) Pause Young (Allocation Failure)
[66.133s][info][gc,heap        ] GC(188) DefNew: 572686K(629248K)->15195K(629248K) Eden: 559360K(559360K)->0K(559360K) From: 13326K(69888K)->15195K(69888K)
[66.134s][info][gc,heap        ] GC(188) Tenured: 3527K(1398144K)->3527K(1398144K)
[66.134s][info][gc,metaspace   ] GC(188) Metaspace: 8641K(8896K)->8641K(8896K) NonClass: 7487K(7616K)->7487K(7616K) Class: 1153K(1280K)->1153K(1280K)
[66.134s][info][gc             ] GC(188) Pause Young (Allocation Failure) 562M->18M(1979M) 28.335ms
[66.134s][info][gc,cpu         ] GC(188) User=0.03s Sys=0.00s Real=0.03s
[66.428s][info][gc,start       ] GC(189) Pause Young (Allocation Failure)
[66.458s][info][gc,heap        ] GC(189) DefNew: 574555K(629248K)->16967K(629248K) Eden: 559360K(559360K)->0K(559360K) From: 15195K(69888K)->16967K(69888K)
[66.458s][info][gc,heap        ] GC(189) Tenured: 3527K(1398144K)->3527K(1398144K)
[66.458s][info][gc,metaspace   ] GC(189) Metaspace: 8641K(8896K)->8641K(8896K) NonClass: 7487K(7616K)->7487K(7616K) Class: 1153K(1280K)->1153K(1280K)
[66.458s][info][gc             ] GC(189) Pause Young (Allocation Failure) 564M->20M(1979M) 30.010ms
[66.458s][info][gc,cpu         ] GC(189) User=0.03s Sys=0.00s Real=0.03s
[66.751s][info][gc,start       ] GC(190) Pause Young (Allocation Failure)
[66.786s][info][gc,heap        ] GC(190) DefNew: 576327K(629248K)->18994K(629248K) Eden: 559360K(559360K)->0K(559360K) From: 16967K(69888K)->18994K(69888K)
[66.786s][info][gc,heap        ] GC(190) Tenured: 3527K(1398144K)->3527K(1398144K)
[66.786s][info][gc,metaspace   ] GC(190) Metaspace: 8641K(8896K)->8641K(8896K) NonClass: 7487K(7616K)->7487K(7616K) Class: 1153K(1280K)->1153K(1280K)
[66.786s][info][gc             ] GC(190) Pause Young (Allocation Failure) 566M->21M(1979M) 34.950ms
[66.786s][info][gc,cpu         ] GC(190) User=0.03s Sys=0.00s Real=0.04s
[67.075s][info][gc,start       ] GC(191) Pause Young (Allocation Failure)
[67.109s][info][gc,heap        ] GC(191) DefNew: 578354K(629248K)->20747K(629248K) Eden: 559360K(559360K)->0K(559360K) From: 18994K(69888K)->20747K(69888K)
[67.109s][info][gc,heap        ] GC(191) Tenured: 3527K(1398144K)->3527K(1398144K)
[67.109s][info][gc,metaspace   ] GC(191) Metaspace: 8641K(8896K)->8641K(8896K) NonClass: 7487K(7616K)->7487K(7616K) Class: 1153K(1280K)->1153K(1280K)
[67.109s][info][gc             ] GC(191) Pause Young (Allocation Failure) 568M->23M(1979M) 33.487ms
[67.109s][info][gc,cpu         ] GC(191) User=0.05s Sys=0.00s Real=0.03s
[67.620s][info][gc,heap,exit   ] Heap
[67.620s][info][gc,heap,exit   ]  def new generation   total 629248K, used 368444K [0x0000000080200000, 0x00000000aacc0000, 0x0000000300150000)
[67.620s][info][gc,heap,exit   ]   eden space 559360K,  62% used [0x0000000080200000, 0x000000009558c300, 0x00000000a2440000)
[67.620s][info][gc,heap,exit   ]   from space 69888K,  29% used [0x00000000a2440000, 0x00000000a3882ea0, 0x00000000a6880000)
[67.620s][info][gc,heap,exit   ]   to   space 69888K,   0% used [0x00000000a6880000, 0x00000000a6880000, 0x00000000aacc0000)
[67.620s][info][gc,heap,exit   ]  tenured generation   total 1398144K, used 3527K [0x0000000300150000, 0x00000003556b0000, 0x0000000800000000)
[67.620s][info][gc,heap,exit   ]    the space 1398144K,   0% used [0x0000000300150000, 0x00000003004c1fc8, 0x00000003004c2000, 0x00000003556b0000)
[67.620s][info][gc,heap,exit   ]  Metaspace       used 8701K, committed 8960K, reserved 1114112K
[67.620s][info][gc,heap,exit   ]   class space    used 1162K, committed 1280K, reserved 1048576K
