[0.016s][info][gc] Using Epsilon
[0.018s][info][gc,init] Version: 20+36-2344 (release)
[0.018s][info][gc,init] CPUs: 48 total, 48 available
[0.018s][info][gc,init] Memory: 382G
[0.018s][info][gc,init] Large Page Support: Disabled
[0.018s][info][gc,init] NUMA Support: Disabled
[0.018s][info][gc,init] Compressed Oops: Enabled (32-bit)
[0.018s][info][gc,init] Heap Min Capacity: 6656K
[0.018s][info][gc,init] Heap Initial Capacity: 512M
[0.018s][info][gc,init] Heap Max Capacity: 512M
[0.018s][info][gc,init] Pre-touch: Disabled
[0.018s][warning][gc,init] Consider enabling -XX:+AlwaysPreTouch to avoid memory commit hiccups
[0.024s][info   ][gc,init] TLAB Size Max: 4M
[0.024s][info   ][gc,init] TLAB Size Elasticity: 1.10x
[0.024s][info   ][gc,init] TLAB Size Decay Time: 1000ms
[0.025s][info   ][gc,metaspace] CDS archive(s) mapped at: [0x0000000800000000-0x0000000800c60000-0x0000000800c60000), size 12976128, SharedBaseAddress: 0x0000000800000000, ArchiveRelocationMode: 0.
[0.025s][info   ][gc,metaspace] Compressed class space mapped at: 0x0000000801000000-0x0000000841000000, reserved size: 1073741824
[0.025s][info   ][gc,metaspace] Narrow klass base: 0x0000000800000000, Narrow klass shift: 0, Narrow klass range: 0x100000000
[2.310s][info   ][gc          ] GC request for "System.gc()" is ignored
[2.341s][info   ][gc,heap,exit] Heap
[2.341s][info   ][gc,heap,exit] Epsilon Heap
[2.341s][info   ][gc,heap,exit] Allocation space:
[2.341s][info   ][gc,heap,exit]  space 524288K,   2% used [0x00000000e0000000, 0x00000000e0dc2f88, 0x0000000100000000)
[2.341s][info   ][gc,heap,exit]  Metaspace       used 4557K, committed 4736K, reserved 1114112K
[2.341s][info   ][gc,heap,exit]   class space    used 437K, committed 512K, reserved 1048576K
[2.341s][info   ][gc          ] Heap: 512M reserved, 512M (100.00%) committed, 14091K (2.69%) used
[2.341s][info   ][gc,metaspace] Metaspace: 1088M reserved, 4736K (0.43%) committed, 4557K (0.41%) used
