[0.018s][info][gc,init] CardTable entry size: 512
[0.019s][info][gc     ] Using G1
[0.035s][info][gc,init] Version: 20+36-2344 (release)
[0.035s][info][gc,init] CPUs: 48 total, 48 available
[0.035s][info][gc,init] Memory: 382G
[0.035s][info][gc,init] Large Page Support: Disabled
[0.035s][info][gc,init] NUMA Support: Disabled
[0.035s][info][gc,init] Compressed Oops: Enabled (Zero based)
[0.035s][info][gc,init] Heap Region Size: 2M
[0.035s][info][gc,init] Heap Min Capacity: 8M
[0.035s][info][gc,init] Heap Initial Capacity: 2G
[0.035s][info][gc,init] Heap Max Capacity: 4G
[0.050s][info][gc,init] Pre-touch: Disabled
[0.050s][info][gc,init] Parallel Workers: 33
[0.050s][info][gc,init] Concurrent Workers: 8
[0.050s][info][gc,init] Concurrent Refinement Workers: 33
[0.050s][info][gc,init] Periodic GC: Disabled
[0.052s][info][gc,metaspace] CDS archive(s) mapped at: [0x0000000800000000-0x0000000800c60000-0x0000000800c60000), size 12976128, SharedBaseAddress: 0x0000000800000000, ArchiveRelocationMode: 0.
[0.052s][info][gc,metaspace] Compressed class space mapped at: 0x0000000801000000-0x0000000841000000, reserved size: 1073741824
[0.052s][info][gc,metaspace] Narrow klass base: 0x0000000800000000, Narrow klass shift: 0, Narrow klass range: 0x100000000
[2.456s][info][gc,start    ] GC(0) Pause Full (System.gc())
[2.457s][info][gc,task     ] GC(0) Using 11 workers of 33 for full compaction
[2.457s][info][gc,phases,start] GC(0) Phase 1: Mark live objects
[2.461s][info][gc,phases      ] GC(0) Phase 1: Mark live objects 3.946ms
[2.461s][info][gc,phases,start] GC(0) Phase 2: Prepare compaction
[2.465s][info][gc,phases      ] GC(0) Phase 2: Prepare compaction 3.332ms
[2.465s][info][gc,phases,start] GC(0) Phase 3: Adjust pointers
[2.466s][info][gc,phases      ] GC(0) Phase 3: Adjust pointers 1.434ms
[2.466s][info][gc,phases,start] GC(0) Phase 4: Compact heap
[2.467s][info][gc,phases      ] GC(0) Phase 4: Compact heap 1.202ms
[2.480s][info][gc,heap        ] GC(0) Eden regions: 11->0(11)
[2.480s][info][gc,heap        ] GC(0) Survivor regions: 0->0(0)
[2.480s][info][gc,heap        ] GC(0) Old regions: 0->11
[2.480s][info][gc,heap        ] GC(0) Archive regions: 0->0
[2.480s][info][gc,heap        ] GC(0) Humongous regions: 0->0
[2.480s][info][gc,metaspace   ] GC(0) Metaspace: 4524K(4736K)->4524K(4736K) NonClass: 4089K(4224K)->4089K(4224K) Class: 435K(512K)->435K(512K)
[2.480s][info][gc             ] GC(0) Pause Full (System.gc()) 21M->2M(74M) 24.346ms
[2.480s][info][gc,cpu         ] GC(0) User=0.09s Sys=0.11s Real=0.03s
[2.508s][info][gc,heap,exit   ] Heap
[2.508s][info][gc,heap,exit   ]  garbage-first heap   total 75776K, used 4869K [0x0000000700000000, 0x0000000800000000)
[2.508s][info][gc,heap,exit   ]   region size 2048K, 2 young (4096K), 0 survivors (0K)
[2.508s][info][gc,heap,exit   ]  Metaspace       used 4548K, committed 4736K, reserved 1114112K
[2.508s][info][gc,heap,exit   ]   class space    used 437K, committed 512K, reserved 1048576K
