[0.017s][info][gc,init] CardTable entry size: 512
[0.018s][info][gc     ] Using G1
[0.026s][info][gc,init] Version: 20+36-2344 (release)
[0.026s][info][gc,init] CPUs: 48 total, 48 available
[0.026s][info][gc,init] Memory: 382G
[0.026s][info][gc,init] Large Page Support: Disabled
[0.026s][info][gc,init] NUMA Support: Disabled
[0.026s][info][gc,init] Compressed Oops: Enabled (32-bit)
[0.026s][info][gc,init] Heap Region Size: 1M
[0.026s][info][gc,init] Heap Min Capacity: 8M
[0.026s][info][gc,init] Heap Initial Capacity: 512M
[0.026s][info][gc,init] Heap Max Capacity: 512M
[0.036s][info][gc,init] Pre-touch: Disabled
[0.036s][info][gc,init] Parallel Workers: 33
[0.036s][info][gc,init] Concurrent Workers: 8
[0.036s][info][gc,init] Concurrent Refinement Workers: 33
[0.036s][info][gc,init] Periodic GC: Disabled
[0.037s][info][gc,metaspace] CDS archive(s) mapped at: [0x0000000800000000-0x0000000800c60000-0x0000000800c60000), size 12976128, SharedBaseAddress: 0x0000000800000000, ArchiveRelocationMode: 0.
[0.037s][info][gc,metaspace] Compressed class space mapped at: 0x0000000801000000-0x0000000841000000, reserved size: 1073741824
[0.037s][info][gc,metaspace] Narrow klass base: 0x0000000800000000, Narrow klass shift: 0, Narrow klass range: 0x100000000
[2.239s][info][gc,start    ] GC(0) Pause Full (System.gc())
[2.240s][info][gc,task     ] GC(0) Using 12 workers of 33 for full compaction
[2.241s][info][gc,phases,start] GC(0) Phase 1: Mark live objects
[2.244s][info][gc,phases      ] GC(0) Phase 1: Mark live objects 3.411ms
[2.244s][info][gc,phases,start] GC(0) Phase 2: Prepare compaction
[2.245s][info][gc,phases      ] GC(0) Phase 2: Prepare compaction 0.900ms
[2.245s][info][gc,phases,start] GC(0) Phase 3: Adjust pointers
[2.246s][info][gc,phases      ] GC(0) Phase 3: Adjust pointers 0.985ms
[2.246s][info][gc,phases,start] GC(0) Phase 4: Compact heap
[2.248s][info][gc,phases      ] GC(0) Phase 4: Compact heap 1.473ms
[2.253s][info][gc,heap        ] GC(0) Eden regions: 17->0(14)
[2.253s][info][gc,heap        ] GC(0) Survivor regions: 0->0(0)
[2.253s][info][gc,heap        ] GC(0) Old regions: 0->12
[2.253s][info][gc,heap        ] GC(0) Archive regions: 0->0
[2.253s][info][gc,heap        ] GC(0) Humongous regions: 0->0
[2.253s][info][gc,metaspace   ] GC(0) Metaspace: 4525K(4736K)->4525K(4736K) NonClass: 4090K(4224K)->4090K(4224K) Class: 434K(512K)->434K(512K)
[2.253s][info][gc             ] GC(0) Pause Full (System.gc()) 17M->2M(40M) 13.647ms
[2.253s][info][gc,cpu         ] GC(0) User=0.02s Sys=0.02s Real=0.02s
[2.287s][info][gc,heap,exit   ] Heap
[2.287s][info][gc,heap,exit   ]  garbage-first heap   total 40960K, used 3826K [0x00000000e0000000, 0x0000000100000000)
[2.287s][info][gc,heap,exit   ]   region size 1024K, 1 young (1024K), 0 survivors (0K)
[2.287s][info][gc,heap,exit   ]  Metaspace       used 4549K, committed 4736K, reserved 1114112K
[2.287s][info][gc,heap,exit   ]   class space    used 436K, committed 512K, reserved 1048576K
