[0.018s][info][gc,init] CardTable entry size: 512
[0.018s][info][gc     ] Using Parallel
[0.022s][info][gc,init] Version: 20+36-2344 (release)
[0.022s][info][gc,init] CPUs: 48 total, 48 available
[0.022s][info][gc,init] Memory: 382G
[0.022s][info][gc,init] Large Page Support: Disabled
[0.022s][info][gc,init] NUMA Support: Disabled
[0.022s][info][gc,init] Compressed Oops: Enabled (32-bit)
[0.022s][info][gc,init] Alignments: Space 512K, Generation 512K, Heap 2M
[0.022s][info][gc,init] Heap Min Capacity: 8M
[0.022s][info][gc,init] Heap Initial Capacity: 512M
[0.022s][info][gc,init] Heap Max Capacity: 512M
[0.028s][info][gc,init] Pre-touch: Disabled
[0.028s][info][gc,init] Parallel Workers: 33
[0.029s][info][gc,metaspace] CDS archive(s) mapped at: [0x0000000800000000-0x0000000800c60000-0x0000000800c60000), size 12976128, SharedBaseAddress: 0x0000000800000000, ArchiveRelocationMode: 0.
[0.029s][info][gc,metaspace] Compressed class space mapped at: 0x0000000801000000-0x0000000841000000, reserved size: 1073741824
[0.029s][info][gc,metaspace] Narrow klass base: 0x0000000800000000, Narrow klass shift: 0, Narrow klass range: 0x100000000
[3.250s][info][gc,start    ] GC(0) Pause Young (System.gc())
[3.254s][info][gc,heap     ] GC(0) PSYoungGen: 39478K(153088K)->3046K(153088K) Eden: 39478K(131584K)->0K(131584K) From: 0K(21504K)->3046K(21504K)
[3.254s][info][gc,heap     ] GC(0) ParOldGen: 0K(349696K)->16K(349696K)
[3.254s][info][gc,metaspace] GC(0) Metaspace: 4525K(4736K)->4525K(4736K) NonClass: 4090K(4224K)->4090K(4224K) Class: 434K(512K)->434K(512K)
[3.254s][info][gc          ] GC(0) Pause Young (System.gc()) 38M->2M(491M) 4.431ms
[3.254s][info][gc,cpu      ] GC(0) User=0.14s Sys=0.03s Real=0.02s
[3.254s][info][gc,start    ] GC(1) Pause Full (System.gc())
[3.254s][info][gc,phases,start] GC(1) Marking Phase
[3.261s][info][gc,phases      ] GC(1) Marking Phase 6.657ms
[3.261s][info][gc,phases,start] GC(1) Summary Phase
[3.261s][info][gc,phases      ] GC(1) Summary Phase 0.017ms
[3.261s][info][gc,phases,start] GC(1) Adjust Roots
[3.263s][info][gc,phases      ] GC(1) Adjust Roots 1.348ms
[3.263s][info][gc,phases,start] GC(1) Compaction Phase
[3.270s][info][gc,phases      ] GC(1) Compaction Phase 6.970ms
[3.270s][info][gc,phases,start] GC(1) Post Compact
[3.270s][info][gc,phases      ] GC(1) Post Compact 0.419ms
[3.270s][info][gc,heap        ] GC(1) PSYoungGen: 3046K(153088K)->0K(153088K) Eden: 0K(131584K)->0K(131584K) From: 3046K(21504K)->0K(21504K)
[3.270s][info][gc,heap        ] GC(1) ParOldGen: 16K(349696K)->2818K(349696K)
[3.270s][info][gc,metaspace   ] GC(1) Metaspace: 4525K(4736K)->4525K(4736K) NonClass: 4090K(4224K)->4090K(4224K) Class: 434K(512K)->434K(512K)
[3.270s][info][gc             ] GC(1) Pause Full (System.gc()) 2M->2M(491M) 15.671ms
[3.270s][info][gc,cpu         ] GC(1) User=0.08s Sys=0.00s Real=0.02s
[3.312s][info][gc,heap,exit   ] Heap
[3.312s][info][gc,heap,exit   ]  PSYoungGen      total 153088K, used 5789K [0x00000000f5580000, 0x0000000100000000, 0x0000000100000000)
[3.312s][info][gc,heap,exit   ]   eden space 131584K, 4% used [0x00000000f5580000,0x00000000f5b277a8,0x00000000fd600000)
[3.312s][info][gc,heap,exit   ]   from space 21504K, 0% used [0x00000000fd600000,0x00000000fd600000,0x00000000feb00000)
[3.312s][info][gc,heap,exit   ]   to   space 21504K, 0% used [0x00000000feb00000,0x00000000feb00000,0x0000000100000000)
[3.312s][info][gc,heap,exit   ]  ParOldGen       total 349696K, used 2818K [0x00000000e0000000, 0x00000000f5580000, 0x00000000f5580000)
[3.312s][info][gc,heap,exit   ]   object space 349696K, 0% used [0x00000000e0000000,0x00000000e02c09b0,0x00000000f5580000)
[3.312s][info][gc,heap,exit   ]  Metaspace       used 4549K, committed 4736K, reserved 1114112K
[3.312s][info][gc,heap,exit   ]   class space    used 436K, committed 512K, reserved 1048576K
