[0.016s][info][gc,init] CardTable entry size: 512
[0.016s][info][gc     ] Using Parallel
[0.027s][info][gc,init] Version: 20+36-2344 (release)
[0.027s][info][gc,init] CPUs: 48 total, 48 available
[0.027s][info][gc,init] Memory: 382G
[0.027s][info][gc,init] Large Page Support: Disabled
[0.027s][info][gc,init] NUMA Support: Disabled
[0.027s][info][gc,init] Compressed Oops: Enabled (32-bit)
[0.027s][info][gc,init] Alignments: Space 512K, Generation 512K, Heap 2M
[0.027s][info][gc,init] Heap Min Capacity: 8M
[0.027s][info][gc,init] Heap Initial Capacity: 2G
[0.037s][info][gc,init] Heap Max Capacity: 2G
[0.037s][info][gc,init] Pre-touch: Disabled
[0.037s][info][gc,init] Parallel Workers: 33
[0.038s][info][gc,metaspace] CDS archive(s) mapped at: [0x0000000800000000-0x0000000800c60000-0x0000000800c60000), size 12976128, SharedBaseAddress: 0x0000000800000000, ArchiveRelocationMode: 0.
[0.038s][info][gc,metaspace] Compressed class space mapped at: 0x0000000801000000-0x0000000841000000, reserved size: 1073741824
[0.038s][info][gc,metaspace] Narrow klass base: 0x0000000800000000, Narrow klass shift: 0, Narrow klass range: 0x100000000
[4.345s][info][gc,start    ] GC(0) Pause Young (System.gc())
[4.354s][info][gc,heap     ] GC(0) PSYoungGen: 115456K(611840K)->3424K(611840K) Eden: 115456K(524800K)->0K(524800K) From: 0K(87040K)->3424K(87040K)
[4.354s][info][gc,heap     ] GC(0) ParOldGen: 0K(1398272K)->16K(1398272K)
[4.354s][info][gc,metaspace] GC(0) Metaspace: 4520K(4736K)->4520K(4736K) NonClass: 4086K(4224K)->4086K(4224K) Class: 434K(512K)->434K(512K)
[4.355s][info][gc          ] GC(0) Pause Young (System.gc()) 112M->3M(1963M) 9.738ms
[4.355s][info][gc,cpu      ] GC(0) User=0.52s Sys=0.00s Real=0.01s
[4.355s][info][gc,start    ] GC(1) Pause Full (System.gc())
[4.355s][info][gc,phases,start] GC(1) Marking Phase
[4.364s][info][gc,phases      ] GC(1) Marking Phase 9.591ms
[4.364s][info][gc,phases,start] GC(1) Summary Phase
[4.364s][info][gc,phases      ] GC(1) Summary Phase 0.020ms
[4.364s][info][gc,phases,start] GC(1) Adjust Roots
[4.367s][info][gc,phases      ] GC(1) Adjust Roots 2.529ms
[4.367s][info][gc,phases,start] GC(1) Compaction Phase
[4.374s][info][gc,phases      ] GC(1) Compaction Phase 7.217ms
[4.374s][info][gc,phases,start] GC(1) Post Compact
[4.375s][info][gc,phases      ] GC(1) Post Compact 0.874ms
[4.375s][info][gc,heap        ] GC(1) PSYoungGen: 3424K(611840K)->0K(611840K) Eden: 0K(524800K)->0K(524800K) From: 3424K(87040K)->0K(87040K)
[4.375s][info][gc,heap        ] GC(1) ParOldGen: 16K(1398272K)->2819K(1398272K)
[4.375s][info][gc,metaspace   ] GC(1) Metaspace: 4520K(4736K)->4520K(4736K) NonClass: 4086K(4224K)->4086K(4224K) Class: 434K(512K)->434K(512K)
[4.375s][info][gc             ] GC(1) Pause Full (System.gc()) 3M->2M(1963M) 20.498ms
[4.375s][info][gc,cpu         ] GC(1) User=0.00s Sys=0.02s Real=0.02s
[4.410s][info][gc,heap,exit   ] Heap
[4.410s][info][gc,heap,exit   ]  PSYoungGen      total 611840K, used 34112K [0x00000000d5580000, 0x0000000100000000, 0x0000000100000000)
[4.410s][info][gc,heap,exit   ]   eden space 524800K, 6% used [0x00000000d5580000,0x00000000d76d0110,0x00000000f5600000)
[4.410s][info][gc,heap,exit   ]   from space 87040K, 0% used [0x00000000f5600000,0x00000000f5600000,0x00000000fab00000)
[4.410s][info][gc,heap,exit   ]   to   space 87040K, 0% used [0x00000000fab00000,0x00000000fab00000,0x0000000100000000)
[4.410s][info][gc,heap,exit   ]  ParOldGen       total 1398272K, used 2819K [0x0000000080000000, 0x00000000d5580000, 0x00000000d5580000)
[4.410s][info][gc,heap,exit   ]   object space 1398272K, 0% used [0x0000000080000000,0x00000000802c0f28,0x00000000d5580000)
[4.410s][info][gc,heap,exit   ]  Metaspace       used 4546K, committed 4736K, reserved 1114112K
[4.410s][info][gc,heap,exit   ]   class space    used 436K, committed 512K, reserved 1048576K
