[0.017s][info][gc,init] CardTable entry size: 512
[0.018s][info][gc     ] Using Parallel
[0.023s][info][gc,init] Version: 20+36-2344 (release)
[0.023s][info][gc,init] CPUs: 48 total, 48 available
[0.023s][info][gc,init] Memory: 382G
[0.023s][info][gc,init] Large Page Support: Disabled
[0.024s][info][gc,init] NUMA Support: Disabled
[0.024s][info][gc,init] Compressed Oops: Enabled (32-bit)
[0.024s][info][gc,init] Alignments: Space 512K, Generation 512K, Heap 2M
[0.024s][info][gc,init] Heap Min Capacity: 8M
[0.024s][info][gc,init] Heap Initial Capacity: 1G
[0.033s][info][gc,init] Heap Max Capacity: 1G
[0.033s][info][gc,init] Pre-touch: Disabled
[0.033s][info][gc,init] Parallel Workers: 33
[0.035s][info][gc,metaspace] CDS archive(s) mapped at: [0x0000000800000000-0x0000000800c60000-0x0000000800c60000), size 12976128, SharedBaseAddress: 0x0000000800000000, ArchiveRelocationMode: 0.
[0.035s][info][gc,metaspace] Compressed class space mapped at: 0x0000000801000000-0x0000000841000000, reserved size: 1073741824
[0.035s][info][gc,metaspace] Narrow klass base: 0x0000000800000000, Narrow klass shift: 0, Narrow klass range: 0x100000000
[2.179s][info][gc,start    ] GC(0) Pause Young (System.gc())
[2.185s][info][gc,heap     ] GC(0) PSYoungGen: 68159K(305664K)->3177K(305664K) Eden: 68159K(262144K)->0K(262144K) From: 0K(43520K)->3177K(43520K)
[2.185s][info][gc,heap     ] GC(0) ParOldGen: 0K(699392K)->16K(699392K)
[2.185s][info][gc,metaspace] GC(0) Metaspace: 4523K(4736K)->4523K(4736K) NonClass: 4089K(4224K)->4089K(4224K) Class: 434K(512K)->434K(512K)
[2.185s][info][gc          ] GC(0) Pause Young (System.gc()) 66M->3M(981M) 6.310ms
[2.185s][info][gc,cpu      ] GC(0) User=0.02s Sys=0.00s Real=0.02s
[2.185s][info][gc,start    ] GC(1) Pause Full (System.gc())
[2.185s][info][gc,phases,start] GC(1) Marking Phase
[2.193s][info][gc,phases      ] GC(1) Marking Phase 8.031ms
[2.193s][info][gc,phases,start] GC(1) Summary Phase
[2.193s][info][gc,phases      ] GC(1) Summary Phase 0.021ms
[2.193s][info][gc,phases,start] GC(1) Adjust Roots
[2.196s][info][gc,phases      ] GC(1) Adjust Roots 2.258ms
[2.196s][info][gc,phases,start] GC(1) Compaction Phase
[2.201s][info][gc,phases      ] GC(1) Compaction Phase 5.381ms
[2.201s][info][gc,phases,start] GC(1) Post Compact
[2.202s][info][gc,phases      ] GC(1) Post Compact 0.613ms
[2.202s][info][gc,heap        ] GC(1) PSYoungGen: 3177K(305664K)->0K(305664K) Eden: 0K(262144K)->0K(262144K) From: 3177K(43520K)->0K(43520K)
[2.202s][info][gc,heap        ] GC(1) ParOldGen: 16K(699392K)->2819K(699392K)
[2.202s][info][gc,metaspace   ] GC(1) Metaspace: 4523K(4736K)->4523K(4736K) NonClass: 4089K(4224K)->4089K(4224K) Class: 434K(512K)->434K(512K)
[2.202s][info][gc             ] GC(1) Pause Full (System.gc()) 3M->2M(981M) 16.576ms
[2.202s][info][gc,cpu         ] GC(1) User=0.03s Sys=0.00s Real=0.01s
[2.283s][info][gc,heap,exit   ] Heap
[2.283s][info][gc,heap,exit   ]  PSYoungGen      total 305664K, used 16777K [0x00000000eab00000, 0x0000000100000000, 0x0000000100000000)
[2.284s][info][gc,heap,exit   ]   eden space 262144K, 6% used [0x00000000eab00000,0x00000000ebb62558,0x00000000fab00000)
[2.284s][info][gc,heap,exit   ]   from space 43520K, 0% used [0x00000000fab00000,0x00000000fab00000,0x00000000fd580000)
[2.284s][info][gc,heap,exit   ]   to   space 43520K, 0% used [0x00000000fd580000,0x00000000fd580000,0x0000000100000000)
[2.284s][info][gc,heap,exit   ]  ParOldGen       total 699392K, used 2819K [0x00000000c0000000, 0x00000000eab00000, 0x00000000eab00000)
[2.284s][info][gc,heap,exit   ]   object space 699392K, 0% used [0x00000000c0000000,0x00000000c02c0cb8,0x00000000eab00000)
[2.284s][info][gc,heap,exit   ]  Metaspace       used 4548K, committed 4736K, reserved 1114112K
[2.284s][info][gc,heap,exit   ]   class space    used 436K, committed 512K, reserved 1048576K
