[0.018s][info][gc,init] CardTable entry size: 512
[0.018s][info][gc     ] Using Parallel
[0.029s][info][gc,init] Version: 20+36-2344 (release)
[0.029s][info][gc,init] CPUs: 48 total, 48 available
[0.029s][info][gc,init] Memory: 382G
[0.029s][info][gc,init] Large Page Support: Disabled
[0.030s][info][gc,init] NUMA Support: Disabled
[0.030s][info][gc,init] Compressed Oops: Enabled (Zero based)
[0.030s][info][gc,init] Alignments: Space 512K, Generation 512K, Heap 2M
[0.030s][info][gc,init] Heap Min Capacity: 8M
[0.030s][info][gc,init] Heap Initial Capacity: 2G
[0.037s][info][gc,init] Heap Max Capacity: 4G
[0.037s][info][gc,init] Pre-touch: Disabled
[0.037s][info][gc,init] Parallel Workers: 33
[0.038s][info][gc,metaspace] CDS archive(s) mapped at: [0x0000000800000000-0x0000000800c60000-0x0000000800c60000), size 12976128, SharedBaseAddress: 0x0000000800000000, ArchiveRelocationMode: 0.
[0.038s][info][gc,metaspace] Compressed class space mapped at: 0x0000000801000000-0x0000000841000000, reserved size: 1073741824
[0.038s][info][gc,metaspace] Narrow klass base: 0x0000000800000000, Narrow klass shift: 0, Narrow klass range: 0x100000000
[2.071s][info][gc,start    ] GC(0) Pause Young (System.gc())
[2.079s][info][gc,heap     ] GC(0) PSYoungGen: 115456K(611840K)->3385K(611840K) Eden: 115456K(524800K)->0K(524800K) From: 0K(87040K)->3385K(87040K)
[2.079s][info][gc,heap     ] GC(0) ParOldGen: 0K(1398272K)->16K(1398272K)
[2.079s][info][gc,metaspace] GC(0) Metaspace: 4523K(4736K)->4523K(4736K) NonClass: 4087K(4224K)->4087K(4224K) Class: 435K(512K)->435K(512K)
[2.079s][info][gc          ] GC(0) Pause Young (System.gc()) 112M->3M(1963M) 7.646ms
[2.079s][info][gc,cpu      ] GC(0) User=0.00s Sys=0.00s Real=0.00s
[2.079s][info][gc,start    ] GC(1) Pause Full (System.gc())
[2.079s][info][gc,phases,start] GC(1) Marking Phase
[2.088s][info][gc,phases      ] GC(1) Marking Phase 8.809ms
[2.088s][info][gc,phases,start] GC(1) Summary Phase
[2.088s][info][gc,phases      ] GC(1) Summary Phase 0.012ms
[2.088s][info][gc,phases,start] GC(1) Adjust Roots
[2.091s][info][gc,phases      ] GC(1) Adjust Roots 2.985ms
[2.091s][info][gc,phases,start] GC(1) Compaction Phase
[2.096s][info][gc,phases      ] GC(1) Compaction Phase 5.797ms
[2.097s][info][gc,phases,start] GC(1) Post Compact
[2.097s][info][gc,phases      ] GC(1) Post Compact 0.672ms
[2.097s][info][gc,heap        ] GC(1) PSYoungGen: 3385K(611840K)->0K(611840K) Eden: 0K(524800K)->0K(524800K) From: 3385K(87040K)->0K(87040K)
[2.097s][info][gc,heap        ] GC(1) ParOldGen: 16K(1398272K)->2819K(1398272K)
[2.097s][info][gc,metaspace   ] GC(1) Metaspace: 4523K(4736K)->4523K(4736K) NonClass: 4087K(4224K)->4087K(4224K) Class: 435K(512K)->435K(512K)
[2.097s][info][gc             ] GC(1) Pause Full (System.gc()) 3M->2M(1963M) 18.431ms
[2.097s][info][gc,cpu         ] GC(1) User=0.02s Sys=0.00s Real=0.02s
[2.128s][info][gc,heap,exit   ] Heap
[2.128s][info][gc,heap,exit   ]  PSYoungGen      total 611840K, used 23091K [0x00000007aab00000, 0x00000007d5580000, 0x0000000800000000)
[2.128s][info][gc,heap,exit   ]   eden space 524800K, 4% used [0x00000007aab00000,0x00000007ac18cd38,0x00000007cab80000)
[2.128s][info][gc,heap,exit   ]   from space 87040K, 0% used [0x00000007cab80000,0x00000007cab80000,0x00000007d0080000)
[2.128s][info][gc,heap,exit   ]   to   space 87040K, 0% used [0x00000007d0080000,0x00000007d0080000,0x00000007d5580000)
[2.128s][info][gc,heap,exit   ]  ParOldGen       total 1398272K, used 2819K [0x0000000700000000, 0x0000000755580000, 0x00000007aab00000)
[2.128s][info][gc,heap,exit   ]   object space 1398272K, 0% used [0x0000000700000000,0x00000007002c0e40,0x0000000755580000)
[2.128s][info][gc,heap,exit   ]  Metaspace       used 4547K, committed 4736K, reserved 1114112K
[2.128s][info][gc,heap,exit   ]   class space    used 437K, committed 512K, reserved 1048576K
