[0.016s][info][gc,init] CardTable entry size: 512
[0.016s][info][gc     ] Using Serial
[0.019s][info][gc,init] Version: 20+36-2344 (release)
[0.019s][info][gc,init] CPUs: 48 total, 48 available
[0.019s][info][gc,init] Memory: 382G
[0.019s][info][gc,init] Large Page Support: Disabled
[0.019s][info][gc,init] NUMA Support: Disabled
[0.019s][info][gc,init] Compressed Oops: Enabled (32-bit)
[0.019s][info][gc,init] Heap Min Capacity: 8M
[0.019s][info][gc,init] Heap Initial Capacity: 512M
[0.019s][info][gc,init] Heap Max Capacity: 512M
[0.019s][info][gc,init] Pre-touch: Disabled
[0.034s][info][gc,metaspace] CDS archive(s) mapped at: [0x0000000800000000-0x0000000800c60000-0x0000000800c60000), size 12976128, SharedBaseAddress: 0x0000000800000000, ArchiveRelocationMode: 0.
[0.034s][info][gc,metaspace] Compressed class space mapped at: 0x0000000801000000-0x0000000841000000, reserved size: 1073741824
[0.034s][info][gc,metaspace] Narrow klass base: 0x0000000800000000, Narrow klass shift: 0, Narrow klass range: 0x100000000
[2.658s][info][gc,start    ] GC(0) Pause Full (System.gc())
[2.658s][info][gc,phases,start] GC(0) Phase 1: Mark live objects
[2.668s][info][gc,phases      ] GC(0) Phase 1: Mark live objects 9.892ms
[2.668s][info][gc,phases,start] GC(0) Phase 2: Compute new object addresses
[2.673s][info][gc,phases      ] GC(0) Phase 2: Compute new object addresses 4.888ms
[2.673s][info][gc,phases,start] GC(0) Phase 3: Adjust pointers
[2.677s][info][gc,phases      ] GC(0) Phase 3: Adjust pointers 4.258ms
[2.677s][info][gc,phases,start] GC(0) Phase 4: Move objects
[2.679s][info][gc,phases      ] GC(0) Phase 4: Move objects 2.514ms
[2.680s][info][gc,heap        ] GC(0) DefNew: 47534K(157248K)->0K(157248K) Eden: 47534K(139776K)->0K(139776K) From: 0K(17472K)->0K(17472K)
[2.680s][info][gc,heap        ] GC(0) Tenured: 0K(349568K)->2818K(349568K)
[2.680s][info][gc,metaspace   ] GC(0) Metaspace: 4522K(4736K)->4522K(4736K) NonClass: 4087K(4224K)->4087K(4224K) Class: 435K(512K)->435K(512K)
[2.680s][info][gc             ] GC(0) Pause Full (System.gc()) 46M->2M(494M) 22.469ms
[2.680s][info][gc,cpu         ] GC(0) User=0.05s Sys=0.00s Real=0.03s
[2.732s][info][gc,heap,exit   ] Heap
[2.732s][info][gc,heap,exit   ]  def new generation   total 157248K, used 8945K [0x00000000e0000000, 0x00000000eaaa0000, 0x00000000eaaa0000)
[2.732s][info][gc,heap,exit   ]   eden space 139776K,   6% used [0x00000000e0000000, 0x00000000e08bc7a8, 0x00000000e8880000)
[2.732s][info][gc,heap,exit   ]   from space 17472K,   0% used [0x00000000e8880000, 0x00000000e8880000, 0x00000000e9990000)
[2.732s][info][gc,heap,exit   ]   to   space 17472K,   0% used [0x00000000e9990000, 0x00000000e9990000, 0x00000000eaaa0000)
[2.732s][info][gc,heap,exit   ]  tenured generation   total 349568K, used 2818K [0x00000000eaaa0000, 0x0000000100000000, 0x0000000100000000)
[2.732s][info][gc,heap,exit   ]    the space 349568K,   0% used [0x00000000eaaa0000, 0x00000000ead60920, 0x00000000ead60a00, 0x0000000100000000)
[2.733s][info][gc,heap,exit   ]  Metaspace       used 4547K, committed 4736K, reserved 1114112K
[2.733s][info][gc,heap,exit   ]   class space    used 437K, committed 512K, reserved 1048576K
