[0.015s][info][gc,init] CardTable entry size: 512
[0.015s][info][gc     ] Using Serial
[0.023s][info][gc,init] Version: 20+36-2344 (release)
[0.023s][info][gc,init] CPUs: 48 total, 48 available
[0.023s][info][gc,init] Memory: 382G
[0.023s][info][gc,init] Large Page Support: Disabled
[0.023s][info][gc,init] NUMA Support: Disabled
[0.023s][info][gc,init] Compressed Oops: Enabled (Zero based)
[0.023s][info][gc,init] Heap Min Capacity: 8M
[0.024s][info][gc,init] Heap Initial Capacity: 2G
[0.024s][info][gc,init] Heap Max Capacity: 4G
[0.024s][info][gc,init] Pre-touch: Disabled
[0.025s][info][gc,metaspace] CDS archive(s) mapped at: [0x0000000800000000-0x0000000800c60000-0x0000000800c60000), size 12976128, SharedBaseAddress: 0x0000000800000000, ArchiveRelocationMode: 0.
[0.025s][info][gc,metaspace] Compressed class space mapped at: 0x0000000801000000-0x0000000841000000, reserved size: 1073741824
[0.025s][info][gc,metaspace] Narrow klass base: 0x0000000800000000, Narrow klass shift: 0, Narrow klass range: 0x100000000
[2.131s][info][gc,start    ] GC(0) Pause Full (System.gc())
[2.131s][info][gc,phases,start] GC(0) Phase 1: Mark live objects
[2.142s][info][gc,phases      ] GC(0) Phase 1: Mark live objects 10.647ms
[2.142s][info][gc,phases,start] GC(0) Phase 2: Compute new object addresses
[2.146s][info][gc,phases      ] GC(0) Phase 2: Compute new object addresses 4.305ms
[2.146s][info][gc,phases,start] GC(0) Phase 3: Adjust pointers
[2.150s][info][gc,phases      ] GC(0) Phase 3: Adjust pointers 4.241ms
[2.151s][info][gc,phases,start] GC(0) Phase 4: Move objects
[2.153s][info][gc,phases      ] GC(0) Phase 4: Move objects 2.494ms
[2.153s][info][gc,heap        ] GC(0) DefNew: 145401K(629120K)->0K(629248K) Eden: 145401K(559232K)->0K(559360K) From: 0K(69888K)->0K(69888K)
[2.153s][info][gc,heap        ] GC(0) Tenured: 0K(1398144K)->2819K(1398144K)
[2.153s][info][gc,metaspace   ] GC(0) Metaspace: 4524K(4736K)->4524K(4736K) NonClass: 4089K(4224K)->4089K(4224K) Class: 434K(512K)->434K(512K)
[2.153s][info][gc             ] GC(0) Pause Full (System.gc()) 141M->2M(1979M) 22.512ms
[2.153s][info][gc,cpu         ] GC(0) User=0.02s Sys=0.00s Real=0.01s
[2.198s][info][gc,heap,exit   ] Heap
[2.198s][info][gc,heap,exit   ]  def new generation   total 629248K, used 35799K [0x0000000700000000, 0x000000072aac0000, 0x0000000755550000)
[2.198s][info][gc,heap,exit   ]   eden space 559360K,   6% used [0x0000000700000000, 0x00000007022f5c90, 0x0000000722240000)
[2.198s][info][gc,heap,exit   ]   from space 69888K,   0% used [0x0000000722240000, 0x0000000722240000, 0x0000000726680000)
[2.198s][info][gc,heap,exit   ]   to   space 69888K,   0% used [0x0000000726680000, 0x0000000726680000, 0x000000072aac0000)
[2.198s][info][gc,heap,exit   ]  tenured generation   total 1398144K, used 2819K [0x0000000755550000, 0x00000007aaab0000, 0x0000000800000000)
[2.198s][info][gc,heap,exit   ]    the space 1398144K,   0% used [0x0000000755550000, 0x0000000755810d60, 0x0000000755810e00, 0x00000007aaab0000)
[2.198s][info][gc,heap,exit   ]  Metaspace       used 4548K, committed 4736K, reserved 1114112K
[2.198s][info][gc,heap,exit   ]   class space    used 436K, committed 512K, reserved 1048576K
