[0.018s][info][gc,init] CardTable entry size: 512
[0.018s][info][gc     ] Using Serial
[0.026s][info][gc,init] Version: 20+36-2344 (release)
[0.026s][info][gc,init] CPUs: 48 total, 48 available
[0.026s][info][gc,init] Memory: 382G
[0.026s][info][gc,init] Large Page Support: Disabled
[0.026s][info][gc,init] NUMA Support: Disabled
[0.026s][info][gc,init] Compressed Oops: Enabled (32-bit)
[0.026s][info][gc,init] Heap Min Capacity: 8M
[0.026s][info][gc,init] Heap Initial Capacity: 2G
[0.026s][info][gc,init] Heap Max Capacity: 2G
[0.026s][info][gc,init] Pre-touch: Disabled
[0.037s][info][gc,metaspace] CDS archive(s) mapped at: [0x0000000800000000-0x0000000800c60000-0x0000000800c60000), size 12976128, SharedBaseAddress: 0x0000000800000000, ArchiveRelocationMode: 0.
[0.037s][info][gc,metaspace] Compressed class space mapped at: 0x0000000801000000-0x0000000841000000, reserved size: 1073741824
[0.037s][info][gc,metaspace] Narrow klass base: 0x0000000800000000, Narrow klass shift: 0, Narrow klass range: 0x100000000
[5.973s][info][gc,start    ] GC(0) Pause Full (System.gc())
[5.973s][info][gc,phases,start] GC(0) Phase 1: Mark live objects
[5.983s][info][gc,phases      ] GC(0) Phase 1: Mark live objects 10.385ms
[5.984s][info][gc,phases,start] GC(0) Phase 2: Compute new object addresses
[5.988s][info][gc,phases      ] GC(0) Phase 2: Compute new object addresses 4.699ms
[5.988s][info][gc,phases,start] GC(0) Phase 3: Adjust pointers
[5.993s][info][gc,phases      ] GC(0) Phase 3: Adjust pointers 4.638ms
[5.993s][info][gc,phases,start] GC(0) Phase 4: Move objects
[5.995s][info][gc,phases      ] GC(0) Phase 4: Move objects 2.417ms
[5.996s][info][gc,heap        ] GC(0) DefNew: 145400K(629120K)->0K(629120K) Eden: 145400K(559232K)->0K(559232K) From: 0K(69888K)->0K(69888K)
[5.996s][info][gc,heap        ] GC(0) Tenured: 0K(1398144K)->2820K(1398144K)
[5.996s][info][gc,metaspace   ] GC(0) Metaspace: 4526K(4736K)->4526K(4736K) NonClass: 4090K(4224K)->4090K(4224K) Class: 435K(512K)->435K(512K)
[5.996s][info][gc             ] GC(0) Pause Full (System.gc()) 141M->2M(1979M) 22.975ms
[5.996s][info][gc,cpu         ] GC(0) User=0.02s Sys=0.00s Real=0.02s
[6.039s][info][gc,heap,exit   ] Heap
[6.039s][info][gc,heap,exit   ]  def new generation   total 629120K, used 35790K [0x0000000080000000, 0x00000000aaaa0000, 0x00000000aaaa0000)
[6.039s][info][gc,heap,exit   ]   eden space 559232K,   6% used [0x0000000080000000, 0x00000000822f3bc0, 0x00000000a2220000)
[6.039s][info][gc,heap,exit   ]   from space 69888K,   0% used [0x00000000a2220000, 0x00000000a2220000, 0x00000000a6660000)
[6.039s][info][gc,heap,exit   ]   to   space 69888K,   0% used [0x00000000a6660000, 0x00000000a6660000, 0x00000000aaaa0000)
[6.039s][info][gc,heap,exit   ]  tenured generation   total 1398144K, used 2820K [0x00000000aaaa0000, 0x0000000100000000, 0x0000000100000000)
[6.039s][info][gc,heap,exit   ]    the space 1398144K,   0% used [0x00000000aaaa0000, 0x00000000aad613b0, 0x00000000aad61400, 0x0000000100000000)
[6.039s][info][gc,heap,exit   ]  Metaspace       used 4550K, committed 4736K, reserved 1114112K
[6.039s][info][gc,heap,exit   ]   class space    used 437K, committed 512K, reserved 1048576K
