[0.014s][info][gc,init] CardTable entry size: 512
[0.015s][info][gc     ] Using Serial
[0.018s][info][gc,init] Version: 20+36-2344 (release)
[0.019s][info][gc,init] CPUs: 48 total, 48 available
[0.019s][info][gc,init] Memory: 382G
[0.019s][info][gc,init] Large Page Support: Disabled
[0.019s][info][gc,init] NUMA Support: Disabled
[0.019s][info][gc,init] Compressed Oops: Enabled (32-bit)
[0.019s][info][gc,init] Heap Min Capacity: 8M
[0.019s][info][gc,init] Heap Initial Capacity: 1G
[0.019s][info][gc,init] Heap Max Capacity: 1G
[0.019s][info][gc,init] Pre-touch: Disabled
[0.044s][info][gc,metaspace] CDS archive(s) mapped at: [0x0000000800000000-0x0000000800c60000-0x0000000800c60000), size 12976128, SharedBaseAddress: 0x0000000800000000, ArchiveRelocationMode: 0.
[0.044s][info][gc,metaspace] Compressed class space mapped at: 0x0000000801000000-0x0000000841000000, reserved size: 1073741824
[0.044s][info][gc,metaspace] Narrow klass base: 0x0000000800000000, Narrow klass shift: 0, Narrow klass range: 0x100000000
[2.258s][info][gc,start    ] GC(0) Pause Full (System.gc())
[2.258s][info][gc,phases,start] GC(0) Phase 1: Mark live objects
[2.268s][info][gc,phases      ] GC(0) Phase 1: Mark live objects 10.411ms
[2.268s][info][gc,phases,start] GC(0) Phase 2: Compute new object addresses
[2.273s][info][gc,phases      ] GC(0) Phase 2: Compute new object addresses 4.378ms
[2.273s][info][gc,phases,start] GC(0) Phase 3: Adjust pointers
[2.277s][info][gc,phases      ] GC(0) Phase 3: Adjust pointers 4.452ms
[2.277s][info][gc,phases,start] GC(0) Phase 4: Move objects
[2.279s][info][gc,phases      ] GC(0) Phase 4: Move objects 2.280ms
[2.280s][info][gc,heap        ] GC(0) DefNew: 83885K(314560K)->0K(314560K) Eden: 83885K(279616K)->0K(279616K) From: 0K(34944K)->0K(34944K)
[2.280s][info][gc,heap        ] GC(0) Tenured: 0K(699072K)->2820K(699072K)
[2.280s][info][gc,metaspace   ] GC(0) Metaspace: 4526K(4736K)->4526K(4736K) NonClass: 4091K(4224K)->4091K(4224K) Class: 435K(512K)->435K(512K)
[2.280s][info][gc             ] GC(0) Pause Full (System.gc()) 81M->2M(989M) 22.448ms
[2.280s][info][gc,cpu         ] GC(0) User=0.05s Sys=0.00s Real=0.04s
[2.315s][info][gc,heap,exit   ] Heap
[2.315s][info][gc,heap,exit   ]  def new generation   total 314560K, used 17895K [0x00000000c0000000, 0x00000000d5550000, 0x00000000d5550000)
[2.315s][info][gc,heap,exit   ]   eden space 279616K,   6% used [0x00000000c0000000, 0x00000000c1179e28, 0x00000000d1110000)
[2.315s][info][gc,heap,exit   ]   from space 34944K,   0% used [0x00000000d1110000, 0x00000000d1110000, 0x00000000d3330000)
[2.316s][info][gc,heap,exit   ]   to   space 34944K,   0% used [0x00000000d3330000, 0x00000000d3330000, 0x00000000d5550000)
[2.316s][info][gc,heap,exit   ]  tenured generation   total 699072K, used 2820K [0x00000000d5550000, 0x0000000100000000, 0x0000000100000000)
[2.316s][info][gc,heap,exit   ]    the space 699072K,   0% used [0x00000000d5550000, 0x00000000d58110d8, 0x00000000d5811200, 0x0000000100000000)
[2.316s][info][gc,heap,exit   ]  Metaspace       used 4551K, committed 4736K, reserved 1114112K
[2.316s][info][gc,heap,exit   ]   class space    used 437K, committed 512K, reserved 1048576K
