[0.017s][info][gc,init] Initializing The Z Garbage Collector
[0.017s][info][gc,init] Version: 20+36-2344 (release)
[0.017s][info][gc,init] NUMA Support: Disabled
[0.017s][info][gc,init] CPUs: 48 total, 48 available
[0.017s][info][gc,init] Memory: 391843M
[0.017s][info][gc,init] Large Page Support: Disabled
[0.017s][info][gc,init] GC Workers: 5 (dynamic)
[0.018s][info][gc,init] Address Space Type: Contiguous/Unrestricted/Complete
[0.018s][info][gc,init] Address Space Size: 8192M x 3 = 24576M
[0.019s][info][gc,init] Min Capacity: 8M
[0.019s][info][gc,init] Initial Capacity: 512M
[0.044s][info][gc,init] Max Capacity: 512M
[0.044s][info][gc,init] Medium Page Size: 16M
[0.044s][info][gc,init] Pre-touch: Disabled
[0.045s][info][gc,init] Uncommit: Enabled
[0.045s][info][gc,init] Uncommit Delay: 300s
[0.078s][info][gc,init] Runtime Workers: 5
[0.079s][info][gc     ] Using The Z Garbage Collector
[0.080s][info][gc,metaspace] CDS archive(s) mapped at: [0x0000000800000000-0x0000000800c60000-0x0000000800c60000), size 12976128, SharedBaseAddress: 0x0000000800000000, ArchiveRelocationMode: 0.
[0.080s][info][gc,metaspace] Compressed class space mapped at: 0x0000000801000000-0x0000000841000000, reserved size: 1073741824
[0.080s][info][gc,metaspace] Narrow klass base: 0x0000000800000000, Narrow klass shift: 0, Narrow klass range: 0x100000000
[3.104s][info][gc,start    ] GC(0) Garbage Collection (System.gc())
[3.104s][info][gc,task     ] GC(0) Using 5 workers
[3.104s][info][gc,phases   ] GC(0) Pause Mark Start 0.014ms
[3.120s][info][gc,phases   ] GC(0) Concurrent Mark 15.565ms
[3.120s][info][gc,phases   ] GC(0) Pause Mark End 0.015ms
[3.120s][info][gc,phases   ] GC(0) Concurrent Mark Free 0.001ms
[3.122s][info][gc,phases   ] GC(0) Concurrent Process Non-Strong References 1.476ms
[3.122s][info][gc,phases   ] GC(0) Concurrent Reset Relocation Set 0.001ms
[3.137s][info][gc,phases   ] GC(0) Concurrent Select Relocation Set 14.937ms
[3.137s][info][gc,phases   ] GC(0) Pause Relocate Start 0.008ms
[3.140s][info][gc,phases   ] GC(0) Concurrent Relocate 3.218ms
[3.140s][info][gc,load     ] GC(0) Load: 0.00/0.00/0.00
[3.140s][info][gc,mmu      ] GC(0) MMU: 2ms/99.3%, 5ms/99.7%, 10ms/99.9%, 20ms/99.9%, 50ms/99.9%, 100ms/100.0%
[3.140s][info][gc,marking  ] GC(0) Mark: 4 stripe(s), 1 proactive flush(es), 1 terminate flush(es), 0 completion(s), 0 continuation(s) 
[3.140s][info][gc,marking  ] GC(0) Mark Stack Usage: 32M
[3.140s][info][gc,nmethod  ] GC(0) NMethods: 945 registered, 146 unregistered
[3.140s][info][gc,metaspace] GC(0) Metaspace: 4M used, 4M committed, 1088M reserved
[3.140s][info][gc,ref      ] GC(0) Soft: 3280 encountered, 0 discovered, 0 enqueued
[3.140s][info][gc,ref      ] GC(0) Weak: 453 encountered, 154 discovered, 150 enqueued
[3.140s][info][gc,ref      ] GC(0) Final: 2 encountered, 0 discovered, 0 enqueued
[3.140s][info][gc,ref      ] GC(0) Phantom: 138 encountered, 105 discovered, 86 enqueued
[3.140s][info][gc,reloc    ] GC(0) Small Pages: 9 / 18M, Empty: 0M, Relocated: 2M, In-Place: 0
[3.140s][info][gc,reloc    ] GC(0) Medium Pages: 0 / 0M, Empty: 0M, Relocated: 0M, In-Place: 0
[3.140s][info][gc,reloc    ] GC(0) Large Pages: 0 / 0M, Empty: 0M, Relocated: 0M, In-Place: 0
[3.140s][info][gc,reloc    ] GC(0) Forwarding Usage: 1M
[3.140s][info][gc,heap     ] GC(0) Min Capacity: 8M(2%)
[3.140s][info][gc,heap     ] GC(0) Max Capacity: 512M(100%)
[3.140s][info][gc,heap     ] GC(0) Soft Max Capacity: 512M(100%)
[3.140s][info][gc,heap     ] GC(0)                Mark Start          Mark End        Relocate Start      Relocate End           High               Low         
[3.140s][info][gc,heap     ] GC(0)  Capacity:      512M (100%)        512M (100%)        512M (100%)        512M (100%)        512M (100%)        512M (100%)   
[3.141s][info][gc,heap     ] GC(0)      Free:      494M (96%)         494M (96%)         492M (96%)         498M (97%)         498M (97%)         482M (94%)    
[3.141s][info][gc,heap     ] GC(0)      Used:       18M (4%)           18M (4%)           20M (4%)           14M (3%)           30M (6%)           14M (3%)     
[3.141s][info][gc,heap     ] GC(0)      Live:         -                 3M (1%)            3M (1%)            3M (1%)             -                  -          
[3.141s][info][gc,heap     ] GC(0) Allocated:         -                 0M (0%)            2M (0%)            2M (0%)             -                  -          
[3.141s][info][gc,heap     ] GC(0)   Garbage:         -                14M (3%)           14M (3%)            8M (2%)             -                  -          
[3.141s][info][gc,heap     ] GC(0) Reclaimed:         -                  -                 0M (0%)            6M (1%)             -                  -          
[3.141s][info][gc          ] GC(0) Garbage Collection (System.gc()) 18M(4%)->14M(3%)
[3.193s][info][gc,heap,exit] Heap
[3.193s][info][gc,heap,exit]  ZHeap           used 14M, capacity 512M, max capacity 512M
[3.193s][info][gc,heap,exit]  Metaspace       used 4549K, committed 4736K, reserved 1114112K
[3.193s][info][gc,heap,exit]   class space    used 437K, committed 512K, reserved 1048576K
