[0.017s][info][gc,init] Initializing The Z Garbage Collector
[0.017s][info][gc,init] Version: 20+36-2344 (release)
[0.017s][info][gc,init] NUMA Support: Disabled
[0.017s][info][gc,init] CPUs: 48 total, 48 available
[0.017s][info][gc,init] Memory: 391843M
[0.017s][info][gc,init] Large Page Support: Disabled
[0.018s][info][gc,init] GC Workers: 12 (dynamic)
[0.019s][info][gc,init] Address Space Type: Contiguous/Unrestricted/Complete
[0.019s][info][gc,init] Address Space Size: 32768M x 3 = 98304M
[0.020s][info][gc,init] Min Capacity: 8M
[0.020s][info][gc,init] Initial Capacity: 2048M
[0.037s][info][gc,init] Max Capacity: 2048M
[0.037s][info][gc,init] Medium Page Size: 32M
[0.037s][info][gc,init] Pre-touch: Disabled
[0.037s][info][gc,init] Uncommit: Enabled
[0.037s][info][gc,init] Uncommit Delay: 300s
[0.118s][info][gc,init] Runtime Workers: 20
[0.120s][info][gc     ] Using The Z Garbage Collector
[0.121s][info][gc,metaspace] CDS archive(s) mapped at: [0x0000000800000000-0x0000000800c60000-0x0000000800c60000), size 12976128, SharedBaseAddress: 0x0000000800000000, ArchiveRelocationMode: 0.
[0.121s][info][gc,metaspace] Compressed class space mapped at: 0x0000000801000000-0x0000000841000000, reserved size: 1073741824
[0.121s][info][gc,metaspace] Narrow klass base: 0x0000000800000000, Narrow klass shift: 0, Narrow klass range: 0x100000000
[2.379s][info][gc,start    ] GC(0) Garbage Collection (System.gc())
[2.380s][info][gc,task     ] GC(0) Using 12 workers
[2.380s][info][gc,phases   ] GC(0) Pause Mark Start 0.012ms
[2.395s][info][gc,phases   ] GC(0) Concurrent Mark 14.895ms
[2.395s][info][gc,phases   ] GC(0) Pause Mark End 0.020ms
[2.395s][info][gc,phases   ] GC(0) Concurrent Mark Free 0.001ms
[2.396s][info][gc,phases   ] GC(0) Concurrent Process Non-Strong References 1.016ms
[2.396s][info][gc,phases   ] GC(0) Concurrent Reset Relocation Set 0.001ms
[2.411s][info][gc,phases   ] GC(0) Concurrent Select Relocation Set 14.759ms
[2.411s][info][gc,phases   ] GC(0) Pause Relocate Start 0.006ms
[2.414s][info][gc,phases   ] GC(0) Concurrent Relocate 2.605ms
[2.414s][info][gc,load     ] GC(0) Load: 0.00/0.00/0.00
[2.414s][info][gc,mmu      ] GC(0) MMU: 2ms/99.0%, 5ms/99.6%, 10ms/99.8%, 20ms/99.8%, 50ms/99.9%, 100ms/100.0%
[2.414s][info][gc,marking  ] GC(0) Mark: 8 stripe(s), 2 proactive flush(es), 1 terminate flush(es), 0 completion(s), 0 continuation(s) 
[2.414s][info][gc,marking  ] GC(0) Mark Stack Usage: 32M
[2.414s][info][gc,nmethod  ] GC(0) NMethods: 942 registered, 146 unregistered
[2.414s][info][gc,metaspace] GC(0) Metaspace: 4M used, 4M committed, 1088M reserved
[2.414s][info][gc,ref      ] GC(0) Soft: 3280 encountered, 0 discovered, 0 enqueued
[2.414s][info][gc,ref      ] GC(0) Weak: 453 encountered, 157 discovered, 150 enqueued
[2.414s][info][gc,ref      ] GC(0) Final: 2 encountered, 0 discovered, 0 enqueued
[2.414s][info][gc,ref      ] GC(0) Phantom: 138 encountered, 104 discovered, 86 enqueued
[2.414s][info][gc,reloc    ] GC(0) Small Pages: 9 / 18M, Empty: 0M, Relocated: 2M, In-Place: 0
[2.414s][info][gc,reloc    ] GC(0) Medium Pages: 0 / 0M, Empty: 0M, Relocated: 0M, In-Place: 0
[2.414s][info][gc,reloc    ] GC(0) Large Pages: 0 / 0M, Empty: 0M, Relocated: 0M, In-Place: 0
[2.414s][info][gc,reloc    ] GC(0) Forwarding Usage: 1M
[2.414s][info][gc,heap     ] GC(0) Min Capacity: 8M(0%)
[2.414s][info][gc,heap     ] GC(0) Max Capacity: 2048M(100%)
[2.414s][info][gc,heap     ] GC(0) Soft Max Capacity: 2048M(100%)
[2.414s][info][gc,heap     ] GC(0)                Mark Start          Mark End        Relocate Start      Relocate End           High               Low         
[2.414s][info][gc,heap     ] GC(0)  Capacity:     2048M (100%)       2048M (100%)       2048M (100%)       2048M (100%)       2048M (100%)       2048M (100%)   
[2.414s][info][gc,heap     ] GC(0)      Free:     2030M (99%)        2030M (99%)        2028M (99%)        2028M (99%)        2030M (99%)        2012M (98%)    
[2.414s][info][gc,heap     ] GC(0)      Used:       18M (1%)           18M (1%)           20M (1%)           20M (1%)           36M (2%)           18M (1%)     
[2.415s][info][gc,heap     ] GC(0)      Live:         -                 3M (0%)            3M (0%)            3M (0%)             -                  -          
[2.415s][info][gc,heap     ] GC(0) Allocated:         -                 0M (0%)            2M (0%)            2M (0%)             -                  -          
[2.415s][info][gc,heap     ] GC(0)   Garbage:         -                14M (1%)           14M (1%)           14M (1%)             -                  -          
[2.415s][info][gc,heap     ] GC(0) Reclaimed:         -                  -                 0M (0%)            0M (0%)             -                  -          
[2.415s][info][gc          ] GC(0) Garbage Collection (System.gc()) 18M(1%)->20M(1%)
[2.452s][info][gc,heap,exit] Heap
[2.452s][info][gc,heap,exit]  ZHeap           used 20M, capacity 2048M, max capacity 2048M
[2.452s][info][gc,heap,exit]  Metaspace       used 4549K, committed 4736K, reserved 1114112K
[2.452s][info][gc,heap,exit]   class space    used 437K, committed 512K, reserved 1048576K
