[0.087s][info][gc,init] Initializing The Z Garbage Collector
[0.088s][info][gc,init] Version: 20+36-2344 (release)
[0.088s][info][gc,init] NUMA Support: Disabled
[0.088s][info][gc,init] CPUs: 48 total, 48 available
[0.088s][info][gc,init] Memory: 391843M
[0.088s][info][gc,init] Large Page Support: Disabled
[0.088s][info][gc,init] GC Workers: 12 (dynamic)
[0.090s][info][gc,init] Address Space Type: Contiguous/Unrestricted/Complete
[0.090s][info][gc,init] Address Space Size: 65536M x 3 = 196608M
[0.091s][info][gc,init] Min Capacity: 8M
[0.091s][info][gc,init] Initial Capacity: 2048M
[0.114s][info][gc,init] Max Capacity: 4096M
[0.114s][info][gc,init] Medium Page Size: 32M
[0.114s][info][gc,init] Pre-touch: Disabled
[0.115s][info][gc,init] Uncommit: Enabled
[0.115s][info][gc,init] Uncommit Delay: 300s
[0.199s][info][gc,init] Runtime Workers: 29
[0.202s][info][gc     ] Using The Z Garbage Collector
[0.203s][info][gc,metaspace] CDS archive(s) mapped at: [0x0000000800000000-0x0000000800c60000-0x0000000800c60000), size 12976128, SharedBaseAddress: 0x0000000800000000, ArchiveRelocationMode: 0.
[0.203s][info][gc,metaspace] Compressed class space mapped at: 0x0000000801000000-0x0000000841000000, reserved size: 1073741824
[0.203s][info][gc,metaspace] Narrow klass base: 0x0000000800000000, Narrow klass shift: 0, Narrow klass range: 0x100000000
[2.247s][info][gc,start    ] GC(0) Garbage Collection (System.gc())
[2.247s][info][gc,task     ] GC(0) Using 12 workers
[2.247s][info][gc,phases   ] GC(0) Pause Mark Start 0.014ms
[2.264s][info][gc,phases   ] GC(0) Concurrent Mark 16.917ms
[2.264s][info][gc,phases   ] GC(0) Pause Mark End 0.024ms
[2.264s][info][gc,phases   ] GC(0) Concurrent Mark Free 0.001ms
[2.265s][info][gc,phases   ] GC(0) Concurrent Process Non-Strong References 0.988ms
[2.265s][info][gc,phases   ] GC(0) Concurrent Reset Relocation Set 0.001ms
[2.280s][info][gc,phases   ] GC(0) Concurrent Select Relocation Set 14.613ms
[2.280s][info][gc,phases   ] GC(0) Pause Relocate Start 0.008ms
[2.283s][info][gc,phases   ] GC(0) Concurrent Relocate 2.199ms
[2.283s][info][gc,load     ] GC(0) Load: 0.00/0.00/0.00
[2.283s][info][gc,mmu      ] GC(0) MMU: 2ms/98.8%, 5ms/99.5%, 10ms/99.8%, 20ms/99.8%, 50ms/99.9%, 100ms/100.0%
[2.283s][info][gc,marking  ] GC(0) Mark: 8 stripe(s), 2 proactive flush(es), 1 terminate flush(es), 0 completion(s), 0 continuation(s) 
[2.283s][info][gc,marking  ] GC(0) Mark Stack Usage: 32M
[2.283s][info][gc,nmethod  ] GC(0) NMethods: 944 registered, 144 unregistered
[2.283s][info][gc,metaspace] GC(0) Metaspace: 4M used, 4M committed, 1088M reserved
[2.283s][info][gc,ref      ] GC(0) Soft: 3280 encountered, 0 discovered, 0 enqueued
[2.283s][info][gc,ref      ] GC(0) Weak: 453 encountered, 167 discovered, 150 enqueued
[2.283s][info][gc,ref      ] GC(0) Final: 2 encountered, 0 discovered, 0 enqueued
[2.283s][info][gc,ref      ] GC(0) Phantom: 138 encountered, 121 discovered, 86 enqueued
[2.283s][info][gc,reloc    ] GC(0) Small Pages: 17 / 34M, Empty: 0M, Relocated: 2M, In-Place: 0
[2.283s][info][gc,reloc    ] GC(0) Medium Pages: 0 / 0M, Empty: 0M, Relocated: 0M, In-Place: 0
[2.283s][info][gc,reloc    ] GC(0) Large Pages: 0 / 0M, Empty: 0M, Relocated: 0M, In-Place: 0
[2.283s][info][gc,reloc    ] GC(0) Forwarding Usage: 0M
[2.283s][info][gc,heap     ] GC(0) Min Capacity: 8M(0%)
[2.283s][info][gc,heap     ] GC(0) Max Capacity: 4096M(100%)
[2.283s][info][gc,heap     ] GC(0) Soft Max Capacity: 4096M(100%)
[2.283s][info][gc,heap     ] GC(0)                Mark Start          Mark End        Relocate Start      Relocate End           High               Low         
[2.283s][info][gc,heap     ] GC(0)  Capacity:     2048M (50%)        2048M (50%)        2048M (50%)        2048M (50%)        2048M (50%)        2048M (50%)    
[2.283s][info][gc,heap     ] GC(0)      Free:     4062M (99%)        4062M (99%)        4058M (99%)        4066M (99%)        4066M (99%)        4044M (99%)    
[2.283s][info][gc,heap     ] GC(0)      Used:       34M (1%)           34M (1%)           38M (1%)           30M (1%)           52M (1%)           30M (1%)     
[2.283s][info][gc,heap     ] GC(0)      Live:         -                 3M (0%)            3M (0%)            3M (0%)             -                  -          
[2.283s][info][gc,heap     ] GC(0) Allocated:         -                 0M (0%)            4M (0%)            4M (0%)             -                  -          
[2.283s][info][gc,heap     ] GC(0)   Garbage:         -                30M (1%)           30M (1%)           22M (1%)             -                  -          
[2.283s][info][gc,heap     ] GC(0) Reclaimed:         -                  -                 0M (0%)            8M (0%)             -                  -          
[2.283s][info][gc          ] GC(0) Garbage Collection (System.gc()) 34M(1%)->30M(1%)
[2.325s][info][gc,heap,exit] Heap
[2.325s][info][gc,heap,exit]  ZHeap           used 32M, capacity 2048M, max capacity 4096M
[2.325s][info][gc,heap,exit]  Metaspace       used 4548K, committed 4736K, reserved 1114112K
[2.325s][info][gc,heap,exit]   class space    used 437K, committed 512K, reserved 1048576K
