[0.017s][info][gc,init] CardTable entry size: 512
[0.018s][info][gc     ] Using Parallel
[0.030s][info][gc,init] Version: 20+36-2344 (release)
[0.030s][info][gc,init] CPUs: 48 total, 48 available
[0.030s][info][gc,init] Memory: 382G
[0.030s][info][gc,init] Large Page Support: Disabled
[0.030s][info][gc,init] NUMA Support: Disabled
[0.030s][info][gc,init] Compressed Oops: Enabled (Zero based)
[0.030s][info][gc,init] Alignments: Space 512K, Generation 512K, Heap 2M
[0.030s][info][gc,init] Heap Min Capacity: 8M
[0.030s][info][gc,init] Heap Initial Capacity: 2G
[0.030s][info][gc,init] Heap Max Capacity: 30718M
[0.081s][info][gc,init] Pre-touch: Disabled
[0.081s][info][gc,init] Parallel Workers: 33
[0.083s][info][gc,metaspace] CDS archive(s) mapped at: [0x0000000800000000-0x0000000800c60000-0x0000000800c60000), size 12976128, SharedBaseAddress: 0x0000000800000000, ArchiveRelocationMode: 0.
[0.083s][info][gc,metaspace] Compressed class space mapped at: 0x0000000801000000-0x0000000841000000, reserved size: 1073741824
[0.083s][info][gc,metaspace] Narrow klass base: 0x0000000800000000, Narrow klass shift: 0, Narrow klass range: 0x100000000
[0.797s][info][gc,start    ] GC(0) Pause Young (System.gc())
[0.814s][info][gc,heap     ] GC(0) PSYoungGen: 94464K(611840K)->1779K(611840K) Eden: 94464K(524800K)->0K(524800K) From: 0K(87040K)->1779K(87040K)
[0.814s][info][gc,heap     ] GC(0) ParOldGen: 0K(1398272K)->8K(1398272K)
[0.814s][info][gc,metaspace] GC(0) Metaspace: 1005K(1152K)->1005K(1152K) NonClass: 933K(1024K)->933K(1024K) Class: 72K(128K)->72K(128K)
[0.814s][info][gc          ] GC(0) Pause Young (System.gc()) 92M->1M(1963M) 16.945ms
[0.814s][info][gc,cpu      ] GC(0) User=0.25s Sys=0.05s Real=0.02s
[0.814s][info][gc,start    ] GC(1) Pause Full (System.gc())
[0.815s][info][gc,phases,start] GC(1) Marking Phase
[0.819s][info][gc,phases      ] GC(1) Marking Phase 4.734ms
[0.819s][info][gc,phases,start] GC(1) Summary Phase
[0.819s][info][gc,phases      ] GC(1) Summary Phase 0.031ms
[0.819s][info][gc,phases,start] GC(1) Adjust Roots
[0.821s][info][gc,phases      ] GC(1) Adjust Roots 1.312ms
[0.821s][info][gc,phases,start] GC(1) Compaction Phase
[0.827s][info][gc,phases      ] GC(1) Compaction Phase 6.492ms
[0.827s][info][gc,phases,start] GC(1) Post Compact
[0.828s][info][gc,phases      ] GC(1) Post Compact 0.660ms
[0.828s][info][gc,heap        ] GC(1) PSYoungGen: 1779K(611840K)->0K(611840K) Eden: 0K(524800K)->0K(524800K) From: 1779K(87040K)->0K(87040K)
[0.828s][info][gc,heap        ] GC(1) ParOldGen: 8K(1398272K)->1028K(1398272K)
[0.828s][info][gc,metaspace   ] GC(1) Metaspace: 1005K(1152K)->1005K(1152K) NonClass: 933K(1024K)->933K(1024K) Class: 72K(128K)->72K(128K)
[0.828s][info][gc             ] GC(1) Pause Full (System.gc()) 1M->1M(1963M) 13.576ms
[0.828s][info][gc,cpu         ] GC(1) User=0.02s Sys=0.00s Real=0.01s
[1.510s][info][gc,start       ] GC(2) Pause Young (Allocation Failure)
[1.515s][info][gc,heap        ] GC(2) PSYoungGen: 524800K(611840K)->8177K(611840K) Eden: 524800K(524800K)->0K(524800K) From: 0K(87040K)->8177K(87040K)
[1.515s][info][gc,heap        ] GC(2) ParOldGen: 1028K(1398272K)->1164K(1398272K)
[1.515s][info][gc,metaspace   ] GC(2) Metaspace: 2748K(2944K)->2748K(2944K) NonClass: 2513K(2624K)->2513K(2624K) Class: 235K(320K)->235K(320K)
[1.515s][info][gc             ] GC(2) Pause Young (Allocation Failure) 513M->9M(1963M) 5.699ms
[1.515s][info][gc,cpu         ] GC(2) User=0.03s Sys=0.50s Real=0.01s
[1.709s][info][gc,start       ] GC(3) Pause Young (Allocation Failure)
[1.713s][info][gc,heap        ] GC(3) PSYoungGen: 532977K(611840K)->4832K(611840K) Eden: 524800K(524800K)->0K(524800K) From: 8177K(87040K)->4832K(87040K)
[1.713s][info][gc,heap        ] GC(3) ParOldGen: 1164K(1398272K)->1172K(1398272K)
[1.713s][info][gc,metaspace   ] GC(3) Metaspace: 2812K(3008K)->2812K(3008K) NonClass: 2577K(2688K)->2577K(2688K) Class: 235K(320K)->235K(320K)
[1.713s][info][gc             ] GC(3) Pause Young (Allocation Failure) 521M->5M(1963M) 4.047ms
[1.713s][info][gc,cpu         ] GC(3) User=0.00s Sys=0.00s Real=0.00s
[2.484s][info][gc,heap,exit   ] Heap
[2.484s][info][gc,heap,exit   ]  PSYoungGen      total 611840K, used 302467K [0x0000000580100000, 0x00000005cac00000, 0x0000000800000000)
[2.484s][info][gc,heap,exit   ]   eden space 524800K, 56% used [0x0000000580100000,0x00000005923a8aa8,0x00000005a0180000)
[2.484s][info][gc,heap,exit   ]   from space 87040K, 5% used [0x00000005a0180000,0x00000005a0638240,0x00000005a5680000)
[2.484s][info][gc,heap,exit   ]   to   space 87040K, 0% used [0x00000005c5700000,0x00000005c5700000,0x00000005cac00000)
[2.484s][info][gc,heap,exit   ]  ParOldGen       total 1398272K, used 1172K [0x0000000080200000, 0x00000000d5780000, 0x0000000580100000)
[2.485s][info][gc,heap,exit   ]   object space 1398272K, 0% used [0x0000000080200000,0x0000000080325108,0x00000000d5780000)
[2.485s][info][gc,heap,exit   ]  Metaspace       used 2921K, committed 3072K, reserved 1114112K
[2.485s][info][gc,heap,exit   ]   class space    used 238K, committed 320K, reserved 1048576K
