[0.017s][info][gc,init] CardTable entry size: 512
[0.017s][info][gc     ] Using Serial
[0.026s][info][gc,init] Version: 20+36-2344 (release)
[0.026s][info][gc,init] CPUs: 48 total, 48 available
[0.026s][info][gc,init] Memory: 382G
[0.026s][info][gc,init] Large Page Support: Disabled
[0.026s][info][gc,init] NUMA Support: Disabled
[0.026s][info][gc,init] Compressed Oops: Enabled (Zero based)
[0.026s][info][gc,init] Heap Min Capacity: 8M
[0.026s][info][gc,init] Heap Initial Capacity: 2G
[0.026s][info][gc,init] Heap Max Capacity: 30718M
[0.026s][info][gc,init] Pre-touch: Disabled
[0.035s][info][gc,metaspace] CDS archive(s) mapped at: [0x0000000800000000-0x0000000800c60000-0x0000000800c60000), size 12976128, SharedBaseAddress: 0x0000000800000000, ArchiveRelocationMode: 0.
[0.035s][info][gc,metaspace] Compressed class space mapped at: 0x0000000801000000-0x0000000841000000, reserved size: 1073741824
[0.035s][info][gc,metaspace] Narrow klass base: 0x0000000800000000, Narrow klass shift: 0, Narrow klass range: 0x100000000
[0.591s][info][gc,start    ] GC(0) Pause Full (System.gc())
[0.591s][info][gc,phases,start] GC(0) Phase 1: Mark live objects
[0.595s][info][gc,phases      ] GC(0) Phase 1: Mark live objects 4.176ms
[0.595s][info][gc,phases,start] GC(0) Phase 2: Compute new object addresses
[0.596s][info][gc,phases      ] GC(0) Phase 2: Compute new object addresses 1.525ms
[0.597s][info][gc,phases,start] GC(0) Phase 3: Adjust pointers
[0.599s][info][gc,phases      ] GC(0) Phase 3: Adjust pointers 2.153ms
[0.599s][info][gc,phases,start] GC(0) Phase 4: Move objects
[0.600s][info][gc,phases      ] GC(0) Phase 4: Move objects 1.401ms
[0.600s][info][gc,heap        ] GC(0) DefNew: 100662K(629120K)->0K(629248K) Eden: 100662K(559232K)->0K(559360K) From: 0K(69888K)->0K(69888K)
[0.600s][info][gc,heap        ] GC(0) Tenured: 0K(1398144K)->1028K(1398144K)
[0.600s][info][gc,metaspace   ] GC(0) Metaspace: 1005K(1152K)->1005K(1152K) NonClass: 933K(1024K)->933K(1024K) Class: 72K(128K)->72K(128K)
[0.600s][info][gc             ] GC(0) Pause Full (System.gc()) 98M->1M(1979M) 9.988ms
[0.601s][info][gc,cpu         ] GC(0) User=0.00s Sys=0.00s Real=0.00s
[1.315s][info][gc,start       ] GC(1) Pause Young (Allocation Failure)
[1.325s][info][gc,heap        ] GC(1) DefNew: 559360K(629248K)->7670K(629248K) Eden: 559360K(559360K)->0K(559360K) From: 0K(69888K)->7670K(69888K)
[1.325s][info][gc,heap        ] GC(1) Tenured: 1028K(1398144K)->1028K(1398144K)
[1.325s][info][gc,metaspace   ] GC(1) Metaspace: 2747K(2944K)->2747K(2944K) NonClass: 2512K(2624K)->2512K(2624K) Class: 235K(320K)->235K(320K)
[1.325s][info][gc             ] GC(1) Pause Young (Allocation Failure) 547M->8M(1979M) 10.651ms
[1.325s][info][gc,cpu         ] GC(1) User=0.02s Sys=0.00s Real=0.01s
[1.563s][info][gc,start       ] GC(2) Pause Young (Allocation Failure)
[1.569s][info][gc,heap        ] GC(2) DefNew: 567030K(629248K)->3567K(629248K) Eden: 559360K(559360K)->0K(559360K) From: 7670K(69888K)->3567K(69888K)
[1.569s][info][gc,heap        ] GC(2) Tenured: 1028K(1398144K)->1028K(1398144K)
[1.569s][info][gc,metaspace   ] GC(2) Metaspace: 2815K(3008K)->2815K(3008K) NonClass: 2580K(2688K)->2580K(2688K) Class: 235K(320K)->235K(320K)
[1.569s][info][gc             ] GC(2) Pause Young (Allocation Failure) 554M->4M(1979M) 5.806ms
[1.569s][info][gc,cpu         ] GC(2) User=0.00s Sys=0.00s Real=0.01s
[2.341s][info][gc,heap,exit   ] Heap
[2.341s][info][gc,heap,exit   ]  def new generation   total 629248K, used 244133K [0x0000000080200000, 0x00000000aacc0000, 0x0000000300150000)
[2.341s][info][gc,heap,exit   ]   eden space 559360K,  43% used [0x0000000080200000, 0x000000008eced7d8, 0x00000000a2440000)
[2.341s][info][gc,heap,exit   ]   from space 69888K,   5% used [0x00000000a2440000, 0x00000000a27bbef0, 0x00000000a6880000)
[2.341s][info][gc,heap,exit   ]   to   space 69888K,   0% used [0x00000000a6880000, 0x00000000a6880000, 0x00000000aacc0000)
[2.341s][info][gc,heap,exit   ]  tenured generation   total 1398144K, used 1028K [0x0000000300150000, 0x00000003556b0000, 0x0000000800000000)
[2.341s][info][gc,heap,exit   ]    the space 1398144K,   0% used [0x0000000300150000, 0x00000003002510f8, 0x0000000300251200, 0x00000003556b0000)
[2.341s][info][gc,heap,exit   ]  Metaspace       used 2922K, committed 3072K, reserved 1114112K
[2.341s][info][gc,heap,exit   ]   class space    used 238K, committed 320K, reserved 1048576K
