[0.017s][info][gc,init] CardTable entry size: 512
[0.018s][info][gc     ] Using G1
[0.030s][info][gc,init] Version: 20+36-2344 (release)
[0.030s][info][gc,init] CPUs: 48 total, 48 available
[0.030s][info][gc,init] Memory: 382G
[0.030s][info][gc,init] Large Page Support: Disabled
[0.030s][info][gc,init] NUMA Support: Disabled
[0.030s][info][gc,init] Compressed Oops: Enabled (Zero based)
[0.030s][info][gc,init] Heap Region Size: 16M
[0.030s][info][gc,init] Heap Min Capacity: 16M
[0.030s][info][gc,init] Heap Initial Capacity: 2G
[0.030s][info][gc,init] Heap Max Capacity: 30208M
[0.117s][info][gc,init] Pre-touch: Disabled
[0.117s][info][gc,init] Parallel Workers: 33
[0.117s][info][gc,init] Concurrent Workers: 8
[0.117s][info][gc,init] Concurrent Refinement Workers: 33
[0.117s][info][gc,init] Periodic GC: Disabled
[0.119s][info][gc,metaspace] CDS archive(s) mapped at: [0x0000000800000000-0x0000000800c60000-0x0000000800c60000), size 12976128, SharedBaseAddress: 0x0000000800000000, ArchiveRelocationMode: 0.
[0.119s][info][gc,metaspace] Compressed class space mapped at: 0x0000000801000000-0x0000000841000000, reserved size: 1073741824
[0.119s][info][gc,metaspace] Narrow klass base: 0x0000000800000000, Narrow klass shift: 0, Narrow klass range: 0x100000000
[16.574s][info][gc,heap,exit] Heap
[16.574s][info][gc,heap,exit]  garbage-first heap   total 2097152K, used 62917K [0x00000000a0000000, 0x0000000800000000)
[16.574s][info][gc,heap,exit]   region size 16384K, 4 young (65536K), 0 survivors (0K)
[16.574s][info][gc,heap,exit]  Metaspace       used 7282K, committed 7552K, reserved 1114112K
[16.574s][info][gc,heap,exit]   class space    used 805K, committed 960K, reserved 1048576K
