[0.017s][info][gc,init] CardTable entry size: 512
[0.017s][info][gc     ] Using Serial
[0.026s][info][gc,init] Version: 20+36-2344 (release)
[0.026s][info][gc,init] CPUs: 48 total, 48 available
[0.026s][info][gc,init] Memory: 382G
[0.026s][info][gc,init] Large Page Support: Disabled
[0.026s][info][gc,init] NUMA Support: Disabled
[0.026s][info][gc,init] Compressed Oops: Enabled (Zero based)
[0.026s][info][gc,init] Heap Min Capacity: 8M
[0.026s][info][gc,init] Heap Initial Capacity: 2G
[0.026s][info][gc,init] Heap Max Capacity: 30718M
[0.026s][info][gc,init] Pre-touch: Disabled
[0.033s][info][gc,metaspace] CDS archive(s) mapped at: [0x0000000800000000-0x0000000800c60000-0x0000000800c60000), size 12976128, SharedBaseAddress: 0x0000000800000000, ArchiveRelocationMode: 0.
[0.033s][info][gc,metaspace] Compressed class space mapped at: 0x0000000801000000-0x0000000841000000, reserved size: 1073741824
[0.033s][info][gc,metaspace] Narrow klass base: 0x0000000800000000, Narrow klass shift: 0, Narrow klass range: 0x100000000
[18.986s][info][gc,heap,exit] Heap
[18.986s][info][gc,heap,exit]  def new generation   total 629120K, used 178956K [0x0000000080200000, 0x00000000aaca0000, 0x0000000300150000)
[18.986s][info][gc,heap,exit]   eden space 559232K,  32% used [0x0000000080200000, 0x000000008b0c3030, 0x00000000a2420000)
[18.986s][info][gc,heap,exit]   from space 69888K,   0% used [0x00000000a2420000, 0x00000000a2420000, 0x00000000a6860000)
[18.986s][info][gc,heap,exit]   to   space 69888K,   0% used [0x00000000a6860000, 0x00000000a6860000, 0x00000000aaca0000)
[18.986s][info][gc,heap,exit]  tenured generation   total 1398144K, used 0K [0x0000000300150000, 0x00000003556b0000, 0x0000000800000000)
[18.986s][info][gc,heap,exit]    the space 1398144K,   0% used [0x0000000300150000, 0x0000000300150000, 0x0000000300150200, 0x00000003556b0000)
[18.986s][info][gc,heap,exit]  Metaspace       used 7279K, committed 7552K, reserved 1114112K
[18.986s][info][gc,heap,exit]   class space    used 805K, committed 960K, reserved 1048576K
