[0.017s][info][gc] Using Epsilon
[0.022s][info][gc,init] Version: 20+36-2344 (release)
[0.022s][info][gc,init] CPUs: 48 total, 48 available
[0.022s][info][gc,init] Memory: 382G
[0.022s][info][gc,init] Large Page Support: Disabled
[0.022s][info][gc,init] NUMA Support: Disabled
[0.022s][info][gc,init] Compressed Oops: Enabled (Zero based)
[0.022s][info][gc,init] Heap Min Capacity: 6656K
[0.022s][info][gc,init] Heap Initial Capacity: 2G
[0.022s][info][gc,init] Heap Max Capacity: 4G
[0.022s][info][gc,init] Pre-touch: Disabled
[0.022s][warning][gc,init] Consider setting -Xms equal to -Xmx to avoid resizing hiccups
[0.029s][warning][gc,init] Consider enabling -XX:+AlwaysPreTouch to avoid memory commit hiccups
[0.030s][info   ][gc,init] TLAB Size Max: 4M
[0.030s][info   ][gc,init] TLAB Size Elasticity: 1.10x
[0.030s][info   ][gc,init] TLAB Size Decay Time: 1000ms
[0.031s][info   ][gc,metaspace] CDS archive(s) mapped at: [0x0000000800000000-0x0000000800c60000-0x0000000800c60000), size 12976128, SharedBaseAddress: 0x0000000800000000, ArchiveRelocationMode: 0.
[0.031s][info   ][gc,metaspace] Compressed class space mapped at: 0x0000000801000000-0x0000000841000000, reserved size: 1073741824
[0.031s][info   ][gc,metaspace] Narrow klass base: 0x0000000800000000, Narrow klass shift: 0, Narrow klass range: 0x100000000
[0.817s][info   ][gc,heap,exit] Heap
[0.817s][info   ][gc,heap,exit] Epsilon Heap
[0.817s][info   ][gc,heap,exit] Allocation space:
[0.817s][info   ][gc,heap,exit]  space 2097152K,   0% used [0x0000000700000000, 0x0000000701435e78, 0x0000000780000000)
[0.817s][info   ][gc,heap,exit]  Metaspace       used 8322K, committed 8512K, reserved 1114112K
[0.817s][info   ][gc,heap,exit]   class space    used 1114K, committed 1216K, reserved 1048576K
[0.817s][info   ][gc          ] Heap: 4096M reserved, 2048M (50.00%) committed, 20695K (0.49%) used
[0.817s][info   ][gc,metaspace] Metaspace: 1088M reserved, 8512K (0.76%) committed, 8322K (0.75%) used
