[0.017s][info][gc] Using Epsilon
[0.020s][info][gc,init] Version: 20+36-2344 (release)
[0.020s][info][gc,init] CPUs: 48 total, 48 available
[0.020s][info][gc,init] Memory: 382G
[0.020s][info][gc,init] Large Page Support: Disabled
[0.020s][info][gc,init] NUMA Support: Disabled
[0.020s][info][gc,init] Compressed Oops: Enabled (32-bit)
[0.020s][info][gc,init] Heap Min Capacity: 6656K
[0.020s][info][gc,init] Heap Initial Capacity: 1G
[0.020s][info][gc,init] Heap Max Capacity: 1G
[0.020s][info][gc,init] Pre-touch: Disabled
[0.020s][warning][gc,init] Consider enabling -XX:+AlwaysPreTouch to avoid memory commit hiccups
[0.027s][info   ][gc,init] TLAB Size Max: 4M
[0.028s][info   ][gc,init] TLAB Size Elasticity: 1.10x
[0.028s][info   ][gc,init] TLAB Size Decay Time: 1000ms
[0.029s][info   ][gc,metaspace] CDS archive(s) mapped at: [0x0000000800000000-0x0000000800c60000-0x0000000800c60000), size 12976128, SharedBaseAddress: 0x0000000800000000, ArchiveRelocationMode: 0.
[0.029s][info   ][gc,metaspace] Compressed class space mapped at: 0x0000000801000000-0x0000000841000000, reserved size: 1073741824
[0.029s][info   ][gc,metaspace] Narrow klass base: 0x0000000800000000, Narrow klass shift: 0, Narrow klass range: 0x100000000
[0.898s][info   ][gc,heap,exit] Heap
[0.898s][info   ][gc,heap,exit] Epsilon Heap
[0.898s][info   ][gc,heap,exit] Allocation space:
[0.898s][info   ][gc,heap,exit]  space 1048576K,   1% used [0x00000000c0000000, 0x00000000c14352c8, 0x0000000100000000)
[0.898s][info   ][gc,heap,exit]  Metaspace       used 8322K, committed 8512K, reserved 1114112K
[0.898s][info   ][gc,heap,exit]   class space    used 1114K, committed 1216K, reserved 1048576K
[0.898s][info   ][gc          ] Heap: 1024M reserved, 1024M (100.00%) committed, 20692K (1.97%) used
[0.898s][info   ][gc,metaspace] Metaspace: 1088M reserved, 8512K (0.76%) committed, 8322K (0.75%) used
