[0.017s][info][gc,init] CardTable entry size: 512
[0.017s][info][gc     ] Using Parallel
[0.027s][info][gc,init] Version: 20+36-2344 (release)
[0.027s][info][gc,init] CPUs: 48 total, 48 available
[0.027s][info][gc,init] Memory: 382G
[0.027s][info][gc,init] Large Page Support: Disabled
[0.027s][info][gc,init] NUMA Support: Disabled
[0.027s][info][gc,init] Compressed Oops: Enabled (32-bit)
[0.027s][info][gc,init] Alignments: Space 512K, Generation 512K, Heap 2M
[0.027s][info][gc,init] Heap Min Capacity: 8M
[0.027s][info][gc,init] Heap Initial Capacity: 2G
[0.033s][info][gc,init] Heap Max Capacity: 2G
[0.033s][info][gc,init] Pre-touch: Disabled
[0.033s][info][gc,init] Parallel Workers: 33
[0.034s][info][gc,metaspace] CDS archive(s) mapped at: [0x0000000800000000-0x0000000800c60000-0x0000000800c60000), size 12976128, SharedBaseAddress: 0x0000000800000000, ArchiveRelocationMode: 0.
[0.034s][info][gc,metaspace] Compressed class space mapped at: 0x0000000801000000-0x0000000841000000, reserved size: 1073741824
[0.034s][info][gc,metaspace] Narrow klass base: 0x0000000800000000, Narrow klass shift: 0, Narrow klass range: 0x100000000
[0.909s][info][gc,heap,exit] Heap
[0.909s][info][gc,heap,exit]  PSYoungGen      total 611840K, used 146947K [0x00000000d5580000, 0x0000000100000000, 0x0000000100000000)
[0.909s][info][gc,heap,exit]   eden space 524800K, 28% used [0x00000000d5580000,0x00000000de500f90,0x00000000f5600000)
[0.909s][info][gc,heap,exit]   from space 87040K, 0% used [0x00000000fab00000,0x00000000fab00000,0x0000000100000000)
[0.909s][info][gc,heap,exit]   to   space 87040K, 0% used [0x00000000f5600000,0x00000000f5600000,0x00000000fab00000)
[0.909s][info][gc,heap,exit]  ParOldGen       total 1398272K, used 0K [0x0000000080000000, 0x00000000d5580000, 0x00000000d5580000)
[0.909s][info][gc,heap,exit]   object space 1398272K, 0% used [0x0000000080000000,0x0000000080000000,0x00000000d5580000)
[0.909s][info][gc,heap,exit]  Metaspace       used 8324K, committed 8512K, reserved 1114112K
[0.910s][info][gc,heap,exit]   class space    used 1117K, committed 1216K, reserved 1048576K
