[0.015s][info][gc,init] Initializing The Z Garbage Collector
[0.016s][info][gc,init] Version: 20+36-2344 (release)
[0.016s][info][gc,init] NUMA Support: Disabled
[0.016s][info][gc,init] CPUs: 48 total, 48 available
[0.016s][info][gc,init] Memory: 391843M
[0.016s][info][gc,init] Large Page Support: Disabled
[0.016s][info][gc,init] GC Workers: 12 (dynamic)
[0.018s][info][gc,init] Address Space Type: Contiguous/Unrestricted/Complete
[0.018s][info][gc,init] Address Space Size: 32768M x 3 = 98304M
[0.018s][info][gc,init] Min Capacity: 8M
[0.018s][info][gc,init] Initial Capacity: 2048M
[0.039s][info][gc,init] Max Capacity: 2048M
[0.039s][info][gc,init] Medium Page Size: 32M
[0.039s][info][gc,init] Pre-touch: Disabled
[0.040s][info][gc,init] Uncommit: Enabled
[0.040s][info][gc,init] Uncommit Delay: 300s
[0.119s][info][gc,init] Runtime Workers: 20
[0.121s][info][gc     ] Using The Z Garbage Collector
[0.121s][info][gc,metaspace] CDS archive(s) mapped at: [0x0000000800000000-0x0000000800c60000-0x0000000800c60000), size 12976128, SharedBaseAddress: 0x0000000800000000, ArchiveRelocationMode: 0.
[0.122s][info][gc,metaspace] Compressed class space mapped at: 0x0000000801000000-0x0000000841000000, reserved size: 1073741824
[0.122s][info][gc,metaspace] Narrow klass base: 0x0000000800000000, Narrow klass shift: 0, Narrow klass range: 0x100000000
[0.935s][info][gc,heap,exit] Heap
[0.935s][info][gc,heap,exit]  ZHeap           used 26M, capacity 2048M, max capacity 2048M
[0.935s][info][gc,heap,exit]  Metaspace       used 8322K, committed 8512K, reserved 1114112K
[0.935s][info][gc,heap,exit]   class space    used 1114K, committed 1216K, reserved 1048576K
