[0.016s][info][gc,init] Initializing The Z Garbage Collector
[0.016s][info][gc,init] Version: 20+36-2344 (release)
[0.016s][info][gc,init] NUMA Support: Disabled
[0.016s][info][gc,init] CPUs: 48 total, 48 available
[0.016s][info][gc,init] Memory: 391843M
[0.016s][info][gc,init] Large Page Support: Disabled
[0.016s][info][gc,init] GC Workers: 5 (dynamic)
[0.017s][info][gc,init] Address Space Type: Contiguous/Unrestricted/Complete
[0.017s][info][gc,init] Address Space Size: 8192M x 3 = 24576M
[0.018s][info][gc,init] Min Capacity: 8M
[0.018s][info][gc,init] Initial Capacity: 512M
[0.028s][info][gc,init] Max Capacity: 512M
[0.029s][info][gc,init] Medium Page Size: 16M
[0.029s][info][gc,init] Pre-touch: Disabled
[0.029s][info][gc,init] Uncommit: Enabled
[0.029s][info][gc,init] Uncommit Delay: 300s
[0.056s][info][gc,init] Runtime Workers: 5
[0.057s][info][gc     ] Using The Z Garbage Collector
[0.059s][info][gc,metaspace] CDS archive(s) mapped at: [0x0000000800000000-0x0000000800c60000-0x0000000800c60000), size 12976128, SharedBaseAddress: 0x0000000800000000, ArchiveRelocationMode: 0.
[0.059s][info][gc,metaspace] Compressed class space mapped at: 0x0000000801000000-0x0000000841000000, reserved size: 1073741824
[0.059s][info][gc,metaspace] Narrow klass base: 0x0000000800000000, Narrow klass shift: 0, Narrow klass range: 0x100000000
[1.395s][info][gc,heap,exit] Heap
[1.395s][info][gc,heap,exit]  ZHeap           used 26M, capacity 512M, max capacity 512M
[1.395s][info][gc,heap,exit]  Metaspace       used 8325K, committed 8512K, reserved 1114112K
[1.395s][info][gc,heap,exit]   class space    used 1117K, committed 1216K, reserved 1048576K
