[0.015s][info][gc] Using Epsilon
[0.021s][info][gc,init] Version: 20+36-2344 (release)
[0.021s][info][gc,init] CPUs: 48 total, 48 available
[0.021s][info][gc,init] Memory: 382G
[0.021s][info][gc,init] Large Page Support: Disabled
[0.021s][info][gc,init] NUMA Support: Disabled
[0.021s][info][gc,init] Compressed Oops: Enabled (Zero based)
[0.021s][info][gc,init] Heap Min Capacity: 6656K
[0.021s][info][gc,init] Heap Initial Capacity: 2G
[0.021s][info][gc,init] Heap Max Capacity: 30718M
[0.021s][info][gc,init] Pre-touch: Disabled
[0.021s][warning][gc,init] Consider setting -Xms equal to -Xmx to avoid resizing hiccups
[0.026s][warning][gc,init] Consider enabling -XX:+AlwaysPreTouch to avoid memory commit hiccups
[0.026s][info   ][gc,init] TLAB Size Max: 4M
[0.026s][info   ][gc,init] TLAB Size Elasticity: 1.10x
[0.026s][info   ][gc,init] TLAB Size Decay Time: 1000ms
[0.028s][info   ][gc,metaspace] CDS archive(s) mapped at: [0x0000000800000000-0x0000000800c60000-0x0000000800c60000), size 12976128, SharedBaseAddress: 0x0000000800000000, ArchiveRelocationMode: 0.
[0.028s][info   ][gc,metaspace] Compressed class space mapped at: 0x0000000801000000-0x0000000841000000, reserved size: 1073741824
[0.028s][info   ][gc,metaspace] Narrow klass base: 0x0000000800000000, Narrow klass shift: 0, Narrow klass range: 0x100000000
[1.106s][info   ][gc          ] GC request for "System.gc()" is ignored
[3.278s][info   ][gc          ] Heap: 30718M reserved, 2048M (6.67%) committed, 1538M (5.01%) used
[3.278s][info   ][gc,metaspace] Metaspace: 1088M reserved, 15168K (1.36%) committed, 14600K (1.31%) used
[4.263s][info   ][gc          ] Heap: 30718M reserved, 3200M (10.42%) committed, 3074M (10.01%) used
[4.263s][info   ][gc,metaspace] Metaspace: 1088M reserved, 15168K (1.36%) committed, 14600K (1.31%) used
[5.279s][info   ][gc          ] Heap: 30718M reserved, 4736M (15.42%) committed, 4610M (15.01%) used
[5.279s][info   ][gc,metaspace] Metaspace: 1088M reserved, 15168K (1.36%) committed, 14600K (1.31%) used
[6.299s][info   ][gc          ] Heap: 30718M reserved, 6272M (20.42%) committed, 6146M (20.01%) used
[6.299s][info   ][gc,metaspace] Metaspace: 1088M reserved, 15168K (1.36%) committed, 14600K (1.31%) used
[7.298s][info   ][gc          ] Heap: 30718M reserved, 7808M (25.42%) committed, 7682M (25.01%) used
[7.298s][info   ][gc,metaspace] Metaspace: 1088M reserved, 15168K (1.36%) committed, 14604K (1.31%) used
[8.300s][info   ][gc          ] Heap: 30718M reserved, 9344M (30.42%) committed, 9218M (30.01%) used
[8.300s][info   ][gc,metaspace] Metaspace: 1088M reserved, 15168K (1.36%) committed, 14604K (1.31%) used
[9.319s][info   ][gc          ] Heap: 30718M reserved, 10880M (35.42%) committed, 10754M (35.01%) used
[9.319s][info   ][gc,metaspace] Metaspace: 1088M reserved, 15168K (1.36%) committed, 14604K (1.31%) used
[10.317s][info   ][gc          ] Heap: 30718M reserved, 12416M (40.42%) committed, 12290M (40.01%) used
[10.317s][info   ][gc,metaspace] Metaspace: 1088M reserved, 15168K (1.36%) committed, 14604K (1.31%) used
[11.315s][info   ][gc          ] Heap: 30718M reserved, 13952M (45.42%) committed, 13826M (45.01%) used
[11.315s][info   ][gc,metaspace] Metaspace: 1088M reserved, 15168K (1.36%) committed, 14604K (1.31%) used
[12.321s][info   ][gc          ] Heap: 30718M reserved, 15488M (50.42%) committed, 15362M (50.01%) used
[12.321s][info   ][gc,metaspace] Metaspace: 1088M reserved, 15168K (1.36%) committed, 14604K (1.31%) used
[12.795s][info   ][gc          ] GC request for "System.gc()" is ignored
[13.274s][info   ][gc          ] Heap: 30718M reserved, 17024M (55.42%) committed, 16899M (55.02%) used
[13.274s][info   ][gc,metaspace] Metaspace: 1088M reserved, 15296K (1.37%) committed, 14706K (1.32%) used
[14.270s][info   ][gc          ] Heap: 30718M reserved, 18560M (60.42%) committed, 18437M (60.02%) used
[14.270s][info   ][gc,metaspace] Metaspace: 1088M reserved, 15296K (1.37%) committed, 14706K (1.32%) used
[15.255s][info   ][gc          ] Heap: 30718M reserved, 20096M (65.42%) committed, 19973M (65.02%) used
[15.256s][info   ][gc,metaspace] Metaspace: 1088M reserved, 15296K (1.37%) committed, 14706K (1.32%) used
[16.283s][info   ][gc          ] Heap: 30718M reserved, 21632M (70.42%) committed, 21509M (70.02%) used
[16.283s][info   ][gc,metaspace] Metaspace: 1088M reserved, 15296K (1.37%) committed, 14706K (1.32%) used
[17.308s][info   ][gc          ] Heap: 30718M reserved, 23168M (75.42%) committed, 23045M (75.02%) used
[17.308s][info   ][gc,metaspace] Metaspace: 1088M reserved, 15296K (1.37%) committed, 14706K (1.32%) used
[18.323s][info   ][gc          ] Heap: 30718M reserved, 24704M (80.42%) committed, 24581M (80.02%) used
[18.323s][info   ][gc,metaspace] Metaspace: 1088M reserved, 15296K (1.37%) committed, 14706K (1.32%) used
[19.334s][info   ][gc          ] Heap: 30718M reserved, 26240M (85.42%) committed, 26117M (85.02%) used
[19.334s][info   ][gc,metaspace] Metaspace: 1088M reserved, 15296K (1.37%) committed, 14706K (1.32%) used
[20.359s][info   ][gc          ] Heap: 30718M reserved, 27776M (90.42%) committed, 27653M (90.02%) used
[20.359s][info   ][gc,metaspace] Metaspace: 1088M reserved, 15296K (1.37%) committed, 14706K (1.32%) used
[21.378s][info   ][gc          ] Heap: 30718M reserved, 29312M (95.42%) committed, 29189M (95.02%) used
[21.390s][info   ][gc,metaspace] Metaspace: 1088M reserved, 15296K (1.37%) committed, 14706K (1.32%) used
