[0.015s][info][gc,init] CardTable entry size: 512
[0.016s][info][gc     ] Using G1
[0.027s][info][gc,init] Version: 20+36-2344 (release)
[0.027s][info][gc,init] CPUs: 48 total, 48 available
[0.027s][info][gc,init] Memory: 382G
[0.027s][info][gc,init] Large Page Support: Disabled
[0.027s][info][gc,init] NUMA Support: Disabled
[0.027s][info][gc,init] Compressed Oops: Enabled (Zero based)
[0.027s][info][gc,init] Heap Region Size: 16M
[0.027s][info][gc,init] Heap Min Capacity: 16M
[0.027s][info][gc,init] Heap Initial Capacity: 2G
[0.027s][info][gc,init] Heap Max Capacity: 30208M
[0.035s][info][gc,init] Pre-touch: Disabled
[0.035s][info][gc,init] Parallel Workers: 33
[0.035s][info][gc,init] Concurrent Workers: 8
[0.035s][info][gc,init] Concurrent Refinement Workers: 33
[0.035s][info][gc,init] Periodic GC: Disabled
[0.036s][info][gc,metaspace] CDS archive(s) mapped at: [0x0000000800000000-0x0000000800c60000-0x0000000800c60000), size 12976128, SharedBaseAddress: 0x0000000800000000, ArchiveRelocationMode: 0.
[0.036s][info][gc,metaspace] Compressed class space mapped at: 0x0000000801000000-0x0000000841000000, reserved size: 1073741824
[0.036s][info][gc,metaspace] Narrow klass base: 0x0000000800000000, Narrow klass shift: 0, Narrow klass range: 0x100000000
[1.130s][info][gc,start    ] GC(0) Pause Full (System.gc())
[1.130s][info][gc,task     ] GC(0) Using 3 workers of 33 for full compaction
[1.130s][info][gc,phases,start] GC(0) Phase 1: Mark live objects
[1.140s][info][gc,phases      ] GC(0) Phase 1: Mark live objects 9.374ms
[1.140s][info][gc,phases,start] GC(0) Phase 2: Prepare compaction
[1.144s][info][gc,phases      ] GC(0) Phase 2: Prepare compaction 3.650ms
[1.144s][info][gc,phases,start] GC(0) Phase 3: Adjust pointers
[1.148s][info][gc,phases      ] GC(0) Phase 3: Adjust pointers 3.972ms
[1.148s][info][gc,phases,start] GC(0) Phase 4: Compact heap
[1.151s][info][gc,phases      ] GC(0) Phase 4: Compact heap 3.532ms
[1.165s][info][gc,heap        ] GC(0) Eden regions: 3->0(1)
[1.165s][info][gc,heap        ] GC(0) Survivor regions: 0->0(0)
[1.166s][info][gc,heap        ] GC(0) Old regions: 0->3
[1.166s][info][gc,heap        ] GC(0) Archive regions: 0->0
[1.166s][info][gc,heap        ] GC(0) Humongous regions: 0->0
[1.166s][info][gc,metaspace   ] GC(0) Metaspace: 8235K(8448K)->8235K(8448K) NonClass: 7129K(7232K)->7129K(7232K) Class: 1106K(1216K)->1106K(1216K)
[1.166s][info][gc             ] GC(0) Pause Full (System.gc()) 35M->3M(160M) 35.928ms
[1.166s][info][gc,cpu         ] GC(0) User=0.06s Sys=0.11s Real=0.03s
[1.744s][info][gc,start       ] GC(1) Pause Young (Normal) (G1 Evacuation Pause)
[1.744s][info][gc,task        ] GC(1) Using 3 workers of 33 for evacuation
[1.748s][info][gc,phases      ] GC(1)   Pre Evacuate Collection Set: 0.1ms
[1.748s][info][gc,phases      ] GC(1)   Merge Heap Roots: 0.6ms
[1.748s][info][gc,phases      ] GC(1)   Evacuate Collection Set: 2.7ms
[1.748s][info][gc,phases      ] GC(1)   Post Evacuate Collection Set: 0.5ms
[1.748s][info][gc,phases      ] GC(1)   Other: 0.1ms
[1.748s][info][gc,heap        ] GC(1) Eden regions: 1->0(1)
[1.748s][info][gc,heap        ] GC(1) Survivor regions: 0->1(1)
[1.748s][info][gc,heap        ] GC(1) Old regions: 3->3
[1.748s][info][gc,heap        ] GC(1) Archive regions: 0->0
[1.748s][info][gc,heap        ] GC(1) Humongous regions: 0->0
[1.748s][info][gc,metaspace   ] GC(1) Metaspace: 11742K(11968K)->11742K(11968K) NonClass: 10119K(10240K)->10119K(10240K) Class: 1622K(1728K)->1622K(1728K)
[1.748s][info][gc             ] GC(1) Pause Young (Normal) (G1 Evacuation Pause) 19M->5M(160M) 4.564ms
[1.748s][info][gc,cpu         ] GC(1) User=0.02s Sys=0.03s Real=0.01s
[1.921s][info][gc,start       ] GC(2) Pause Young (Normal) (G1 Evacuation Pause)
[1.921s][info][gc,task        ] GC(2) Using 33 workers of 33 for evacuation
[1.926s][info][gc,phases      ] GC(2)   Pre Evacuate Collection Set: 0.1ms
[1.926s][info][gc,phases      ] GC(2)   Merge Heap Roots: 0.1ms
[1.926s][info][gc,phases      ] GC(2)   Evacuate Collection Set: 3.3ms
[1.926s][info][gc,phases      ] GC(2)   Post Evacuate Collection Set: 0.4ms
[1.926s][info][gc,phases      ] GC(2)   Other: 0.8ms
[1.926s][info][gc,heap        ] GC(2) Eden regions: 1->0(2)
[1.926s][info][gc,heap        ] GC(2) Survivor regions: 1->1(1)
[1.926s][info][gc,heap        ] GC(2) Old regions: 3->3
[1.926s][info][gc,heap        ] GC(2) Archive regions: 0->0
[1.926s][info][gc,heap        ] GC(2) Humongous regions: 0->0
[1.926s][info][gc,metaspace   ] GC(2) Metaspace: 14383K(14912K)->14383K(14912K) NonClass: 12321K(12608K)->12321K(12608K) Class: 2062K(2304K)->2062K(2304K)
[1.926s][info][gc             ] GC(2) Pause Young (Normal) (G1 Evacuation Pause) 21M->6M(160M) 5.171ms
[1.926s][info][gc,cpu         ] GC(2) User=0.09s Sys=0.44s Real=0.00s
[2.118s][info][gc,start       ] GC(3) Pause Young (Normal) (G1 Evacuation Pause)
[2.118s][info][gc,task        ] GC(3) Using 33 workers of 33 for evacuation
[2.122s][info][gc,phases      ] GC(3)   Pre Evacuate Collection Set: 0.1ms
[2.122s][info][gc,phases      ] GC(3)   Merge Heap Roots: 0.1ms
[2.122s][info][gc,phases      ] GC(3)   Evacuate Collection Set: 3.1ms
[2.122s][info][gc,phases      ] GC(3)   Post Evacuate Collection Set: 0.5ms
[2.122s][info][gc,phases      ] GC(3)   Other: 0.1ms
[2.122s][info][gc,heap        ] GC(3) Eden regions: 2->0(5)
[2.122s][info][gc,heap        ] GC(3) Survivor regions: 1->1(1)
[2.122s][info][gc,heap        ] GC(3) Old regions: 3->3
[2.122s][info][gc,heap        ] GC(3) Archive regions: 0->0
[2.122s][info][gc,heap        ] GC(3) Humongous regions: 0->0
[2.122s][info][gc,metaspace   ] GC(3) Metaspace: 14535K(15040K)->14535K(15040K) NonClass: 12472K(12736K)->12472K(12736K) Class: 2062K(2304K)->2062K(2304K)
[2.122s][info][gc             ] GC(3) Pause Young (Normal) (G1 Evacuation Pause) 38M->6M(160M) 4.200ms
[2.122s][info][gc,cpu         ] GC(3) User=0.00s Sys=0.00s Real=0.00s
[2.485s][info][gc,start       ] GC(4) Pause Young (Normal) (G1 Evacuation Pause)
[2.485s][info][gc,task        ] GC(4) Using 33 workers of 33 for evacuation
[2.489s][info][gc,phases      ] GC(4)   Pre Evacuate Collection Set: 0.1ms
[2.489s][info][gc,phases      ] GC(4)   Merge Heap Roots: 0.1ms
[2.489s][info][gc,phases      ] GC(4)   Evacuate Collection Set: 3.1ms
[2.489s][info][gc,phases      ] GC(4)   Post Evacuate Collection Set: 0.6ms
[2.489s][info][gc,phases      ] GC(4)   Other: 0.1ms
[2.489s][info][gc,heap        ] GC(4) Eden regions: 5->0(5)
[2.489s][info][gc,heap        ] GC(4) Survivor regions: 1->1(1)
[2.489s][info][gc,heap        ] GC(4) Old regions: 3->3
[2.489s][info][gc,heap        ] GC(4) Archive regions: 0->0
[2.489s][info][gc,heap        ] GC(4) Humongous regions: 0->0
[2.489s][info][gc,metaspace   ] GC(4) Metaspace: 14597K(15104K)->14597K(15104K) NonClass: 12535K(12800K)->12535K(12800K) Class: 2062K(2304K)->2062K(2304K)
[2.489s][info][gc             ] GC(4) Pause Young (Normal) (G1 Evacuation Pause) 86M->7M(160M) 4.191ms
[2.489s][info][gc,cpu         ] GC(4) User=0.00s Sys=0.00s Real=0.00s
[2.640s][info][gc,start       ] GC(5) Pause Young (Normal) (G1 Evacuation Pause)
[2.640s][info][gc,task        ] GC(5) Using 33 workers of 33 for evacuation
[2.645s][info][gc,phases      ] GC(5)   Pre Evacuate Collection Set: 0.1ms
[2.645s][info][gc,phases      ] GC(5)   Merge Heap Roots: 0.1ms
[2.646s][info][gc,phases      ] GC(5)   Evacuate Collection Set: 1.3ms
[2.646s][info][gc,phases      ] GC(5)   Post Evacuate Collection Set: 4.0ms
[2.646s][info][gc,phases      ] GC(5)   Other: 0.1ms
[2.646s][info][gc,heap        ] GC(5) Eden regions: 5->0(40)
[2.646s][info][gc,heap        ] GC(5) Survivor regions: 1->1(1)
[2.646s][info][gc,heap        ] GC(5) Old regions: 3->3
[2.646s][info][gc,heap        ] GC(5) Archive regions: 0->0
[2.646s][info][gc,heap        ] GC(5) Humongous regions: 0->0
[2.646s][info][gc,metaspace   ] GC(5) Metaspace: 14597K(15104K)->14597K(15104K) NonClass: 12535K(12800K)->12535K(12800K) Class: 2062K(2304K)->2062K(2304K)
[2.646s][info][gc             ] GC(5) Pause Young (Normal) (G1 Evacuation Pause) 87M->7M(1104M) 5.857ms
[2.646s][info][gc,cpu         ] GC(5) User=0.00s Sys=0.00s Real=0.00s
[3.084s][info][gc,start       ] GC(6) Pause Young (Normal) (G1 Evacuation Pause)
[3.085s][info][gc,task        ] GC(6) Using 33 workers of 33 for evacuation
[3.089s][info][gc,phases      ] GC(6)   Pre Evacuate Collection Set: 0.1ms
[3.089s][info][gc,phases      ] GC(6)   Merge Heap Roots: 0.1ms
[3.089s][info][gc,phases      ] GC(6)   Evacuate Collection Set: 2.9ms
[3.089s][info][gc,phases      ] GC(6)   Post Evacuate Collection Set: 1.5ms
[3.089s][info][gc,phases      ] GC(6)   Other: 0.1ms
[3.089s][info][gc,heap        ] GC(6) Eden regions: 40->0(40)
[3.089s][info][gc,heap        ] GC(6) Survivor regions: 1->1(6)
[3.089s][info][gc,heap        ] GC(6) Old regions: 3->3
[3.089s][info][gc,heap        ] GC(6) Archive regions: 0->0
[3.089s][info][gc,heap        ] GC(6) Humongous regions: 0->0
[3.089s][info][gc,metaspace   ] GC(6) Metaspace: 14598K(15104K)->14598K(15104K) NonClass: 12535K(12800K)->12535K(12800K) Class: 2062K(2304K)->2062K(2304K)
[3.089s][info][gc             ] GC(6) Pause Young (Normal) (G1 Evacuation Pause) 647M->7M(1104M) 4.977ms
[3.089s][info][gc,cpu         ] GC(6) User=0.00s Sys=0.00s Real=0.01s
[3.500s][info][gc,start       ] GC(7) Pause Young (Normal) (G1 Evacuation Pause)
[3.501s][info][gc,task        ] GC(7) Using 33 workers of 33 for evacuation
[3.505s][info][gc,phases      ] GC(7)   Pre Evacuate Collection Set: 0.1ms
[3.505s][info][gc,phases      ] GC(7)   Merge Heap Roots: 0.1ms
[3.505s][info][gc,phases      ] GC(7)   Evacuate Collection Set: 2.9ms
[3.505s][info][gc,phases      ] GC(7)   Post Evacuate Collection Set: 1.5ms
[3.505s][info][gc,phases      ] GC(7)   Other: 0.1ms
[3.505s][info][gc,heap        ] GC(7) Eden regions: 40->0(40)
[3.505s][info][gc,heap        ] GC(7) Survivor regions: 1->1(6)
[3.505s][info][gc,heap        ] GC(7) Old regions: 3->3
[3.505s][info][gc,heap        ] GC(7) Archive regions: 0->0
[3.505s][info][gc,heap        ] GC(7) Humongous regions: 0->0
[3.505s][info][gc,metaspace   ] GC(7) Metaspace: 14598K(15104K)->14598K(15104K) NonClass: 12535K(12800K)->12535K(12800K) Class: 2062K(2304K)->2062K(2304K)
[3.505s][info][gc             ] GC(7) Pause Young (Normal) (G1 Evacuation Pause) 647M->7M(1104M) 4.969ms
[3.505s][info][gc,cpu         ] GC(7) User=0.06s Sys=0.45s Real=0.00s
[3.920s][info][gc,start       ] GC(8) Pause Young (Normal) (G1 Evacuation Pause)
[3.920s][info][gc,task        ] GC(8) Using 33 workers of 33 for evacuation
[3.923s][info][gc,phases      ] GC(8)   Pre Evacuate Collection Set: 0.1ms
[3.923s][info][gc,phases      ] GC(8)   Merge Heap Roots: 0.1ms
[3.923s][info][gc,phases      ] GC(8)   Evacuate Collection Set: 1.5ms
[3.923s][info][gc,phases      ] GC(8)   Post Evacuate Collection Set: 1.6ms
[3.923s][info][gc,phases      ] GC(8)   Other: 0.1ms
[3.923s][info][gc,heap        ] GC(8) Eden regions: 40->0(40)
[3.923s][info][gc,heap        ] GC(8) Survivor regions: 1->1(6)
[3.923s][info][gc,heap        ] GC(8) Old regions: 3->3
[3.923s][info][gc,heap        ] GC(8) Archive regions: 0->0
[3.923s][info][gc,heap        ] GC(8) Humongous regions: 0->0
[3.923s][info][gc,metaspace   ] GC(8) Metaspace: 14598K(15104K)->14598K(15104K) NonClass: 12535K(12800K)->12535K(12800K) Class: 2062K(2304K)->2062K(2304K)
[3.924s][info][gc             ] GC(8) Pause Young (Normal) (G1 Evacuation Pause) 647M->7M(1104M) 3.549ms
[3.924s][info][gc,cpu         ] GC(8) User=0.00s Sys=0.00s Real=0.00s
[4.319s][info][gc,start       ] GC(9) Pause Young (Normal) (G1 Evacuation Pause)
[4.319s][info][gc,task        ] GC(9) Using 33 workers of 33 for evacuation
[4.323s][info][gc,phases      ] GC(9)   Pre Evacuate Collection Set: 0.1ms
[4.323s][info][gc,phases      ] GC(9)   Merge Heap Roots: 0.1ms
[4.323s][info][gc,phases      ] GC(9)   Evacuate Collection Set: 1.5ms
[4.323s][info][gc,phases      ] GC(9)   Post Evacuate Collection Set: 1.6ms
[4.323s][info][gc,phases      ] GC(9)   Other: 0.1ms
[4.323s][info][gc,heap        ] GC(9) Eden regions: 40->0(40)
[4.323s][info][gc,heap        ] GC(9) Survivor regions: 1->1(6)
[4.323s][info][gc,heap        ] GC(9) Old regions: 3->3
[4.323s][info][gc,heap        ] GC(9) Archive regions: 0->0
[4.323s][info][gc,heap        ] GC(9) Humongous regions: 0->0
[4.323s][info][gc,metaspace   ] GC(9) Metaspace: 14598K(15104K)->14598K(15104K) NonClass: 12535K(12800K)->12535K(12800K) Class: 2062K(2304K)->2062K(2304K)
[4.323s][info][gc             ] GC(9) Pause Young (Normal) (G1 Evacuation Pause) 647M->7M(1104M) 3.659ms
[4.323s][info][gc,cpu         ] GC(9) User=0.00s Sys=0.00s Real=0.00s
[4.764s][info][gc,start       ] GC(10) Pause Young (Normal) (G1 Evacuation Pause)
[4.765s][info][gc,task        ] GC(10) Using 33 workers of 33 for evacuation
[4.768s][info][gc,phases      ] GC(10)   Pre Evacuate Collection Set: 0.1ms
[4.768s][info][gc,phases      ] GC(10)   Merge Heap Roots: 0.1ms
[4.768s][info][gc,phases      ] GC(10)   Evacuate Collection Set: 1.5ms
[4.768s][info][gc,phases      ] GC(10)   Post Evacuate Collection Set: 1.6ms
[4.768s][info][gc,phases      ] GC(10)   Other: 0.1ms
[4.768s][info][gc,heap        ] GC(10) Eden regions: 40->0(40)
[4.768s][info][gc,heap        ] GC(10) Survivor regions: 1->1(6)
[4.768s][info][gc,heap        ] GC(10) Old regions: 3->3
[4.768s][info][gc,heap        ] GC(10) Archive regions: 0->0
[4.768s][info][gc,heap        ] GC(10) Humongous regions: 0->0
[4.768s][info][gc,metaspace   ] GC(10) Metaspace: 14598K(15104K)->14598K(15104K) NonClass: 12536K(12800K)->12536K(12800K) Class: 2062K(2304K)->2062K(2304K)
[4.768s][info][gc             ] GC(10) Pause Young (Normal) (G1 Evacuation Pause) 647M->7M(1104M) 3.577ms
[4.768s][info][gc,cpu         ] GC(10) User=0.00s Sys=0.00s Real=0.00s
[5.174s][info][gc,start       ] GC(11) Pause Young (Normal) (G1 Evacuation Pause)
[5.175s][info][gc,task        ] GC(11) Using 33 workers of 33 for evacuation
[5.178s][info][gc,phases      ] GC(11)   Pre Evacuate Collection Set: 0.1ms
[5.178s][info][gc,phases      ] GC(11)   Merge Heap Roots: 0.1ms
[5.178s][info][gc,phases      ] GC(11)   Evacuate Collection Set: 1.5ms
[5.178s][info][gc,phases      ] GC(11)   Post Evacuate Collection Set: 1.6ms
[5.178s][info][gc,phases      ] GC(11)   Other: 0.1ms
[5.178s][info][gc,heap        ] GC(11) Eden regions: 40->0(40)
[5.178s][info][gc,heap        ] GC(11) Survivor regions: 1->1(6)
[5.178s][info][gc,heap        ] GC(11) Old regions: 3->3
[5.178s][info][gc,heap        ] GC(11) Archive regions: 0->0
[5.178s][info][gc,heap        ] GC(11) Humongous regions: 0->0
[5.178s][info][gc,metaspace   ] GC(11) Metaspace: 14598K(15104K)->14598K(15104K) NonClass: 12536K(12800K)->12536K(12800K) Class: 2062K(2304K)->2062K(2304K)
[5.178s][info][gc             ] GC(11) Pause Young (Normal) (G1 Evacuation Pause) 647M->7M(1104M) 3.625ms
[5.178s][info][gc,cpu         ] GC(11) User=0.00s Sys=0.00s Real=0.00s
[5.554s][info][gc,start       ] GC(12) Pause Young (Normal) (G1 Evacuation Pause)
[5.554s][info][gc,task        ] GC(12) Using 33 workers of 33 for evacuation
[5.557s][info][gc,phases      ] GC(12)   Pre Evacuate Collection Set: 0.1ms
[5.558s][info][gc,phases      ] GC(12)   Merge Heap Roots: 0.1ms
[5.558s][info][gc,phases      ] GC(12)   Evacuate Collection Set: 1.5ms
[5.558s][info][gc,phases      ] GC(12)   Post Evacuate Collection Set: 1.7ms
[5.558s][info][gc,phases      ] GC(12)   Other: 0.1ms
[5.558s][info][gc,heap        ] GC(12) Eden regions: 40->0(40)
[5.558s][info][gc,heap        ] GC(12) Survivor regions: 1->1(6)
[5.558s][info][gc,heap        ] GC(12) Old regions: 3->3
[5.558s][info][gc,heap        ] GC(12) Archive regions: 0->0
[5.558s][info][gc,heap        ] GC(12) Humongous regions: 0->0
[5.558s][info][gc,metaspace   ] GC(12) Metaspace: 14598K(15104K)->14598K(15104K) NonClass: 12536K(12800K)->12536K(12800K) Class: 2062K(2304K)->2062K(2304K)
[5.558s][info][gc             ] GC(12) Pause Young (Normal) (G1 Evacuation Pause) 647M->7M(1104M) 3.694ms
[5.558s][info][gc,cpu         ] GC(12) User=0.00s Sys=0.00s Real=0.00s
[5.966s][info][gc,start       ] GC(13) Pause Young (Normal) (G1 Evacuation Pause)
[5.966s][info][gc,task        ] GC(13) Using 33 workers of 33 for evacuation
[5.970s][info][gc,phases      ] GC(13)   Pre Evacuate Collection Set: 0.1ms
[5.970s][info][gc,phases      ] GC(13)   Merge Heap Roots: 0.1ms
[5.970s][info][gc,phases      ] GC(13)   Evacuate Collection Set: 1.5ms
[5.970s][info][gc,phases      ] GC(13)   Post Evacuate Collection Set: 1.5ms
[5.970s][info][gc,phases      ] GC(13)   Other: 0.1ms
[5.970s][info][gc,heap        ] GC(13) Eden regions: 40->0(40)
[5.970s][info][gc,heap        ] GC(13) Survivor regions: 1->1(6)
[5.970s][info][gc,heap        ] GC(13) Old regions: 3->3
[5.970s][info][gc,heap        ] GC(13) Archive regions: 0->0
[5.970s][info][gc,heap        ] GC(13) Humongous regions: 0->0
[5.970s][info][gc,metaspace   ] GC(13) Metaspace: 14598K(15104K)->14598K(15104K) NonClass: 12536K(12800K)->12536K(12800K) Class: 2062K(2304K)->2062K(2304K)
[5.970s][info][gc             ] GC(13) Pause Young (Normal) (G1 Evacuation Pause) 647M->7M(1104M) 3.704ms
[5.970s][info][gc,cpu         ] GC(13) User=0.00s Sys=0.00s Real=0.00s
[6.381s][info][gc,start       ] GC(14) Pause Young (Normal) (G1 Evacuation Pause)
[6.381s][info][gc,task        ] GC(14) Using 33 workers of 33 for evacuation
[6.385s][info][gc,phases      ] GC(14)   Pre Evacuate Collection Set: 0.1ms
[6.385s][info][gc,phases      ] GC(14)   Merge Heap Roots: 0.1ms
[6.385s][info][gc,phases      ] GC(14)   Evacuate Collection Set: 1.5ms
[6.385s][info][gc,phases      ] GC(14)   Post Evacuate Collection Set: 1.7ms
[6.385s][info][gc,phases      ] GC(14)   Other: 0.1ms
[6.385s][info][gc,heap        ] GC(14) Eden regions: 40->0(40)
[6.385s][info][gc,heap        ] GC(14) Survivor regions: 1->1(6)
[6.385s][info][gc,heap        ] GC(14) Old regions: 3->3
[6.385s][info][gc,heap        ] GC(14) Archive regions: 0->0
[6.385s][info][gc,heap        ] GC(14) Humongous regions: 0->0
[6.385s][info][gc,metaspace   ] GC(14) Metaspace: 14598K(15104K)->14598K(15104K) NonClass: 12536K(12800K)->12536K(12800K) Class: 2062K(2304K)->2062K(2304K)
[6.385s][info][gc             ] GC(14) Pause Young (Normal) (G1 Evacuation Pause) 647M->7M(1104M) 3.731ms
[6.385s][info][gc,cpu         ] GC(14) User=0.00s Sys=0.00s Real=0.00s
[6.830s][info][gc,start       ] GC(15) Pause Young (Normal) (G1 Evacuation Pause)
[6.830s][info][gc,task        ] GC(15) Using 33 workers of 33 for evacuation
[6.833s][info][gc,phases      ] GC(15)   Pre Evacuate Collection Set: 0.1ms
[6.833s][info][gc,phases      ] GC(15)   Merge Heap Roots: 0.1ms
[6.833s][info][gc,phases      ] GC(15)   Evacuate Collection Set: 1.6ms
[6.833s][info][gc,phases      ] GC(15)   Post Evacuate Collection Set: 1.7ms
[6.833s][info][gc,phases      ] GC(15)   Other: 0.1ms
[6.833s][info][gc,heap        ] GC(15) Eden regions: 40->0(40)
[6.833s][info][gc,heap        ] GC(15) Survivor regions: 1->1(6)
[6.833s][info][gc,heap        ] GC(15) Old regions: 3->3
[6.833s][info][gc,heap        ] GC(15) Archive regions: 0->0
[6.833s][info][gc,heap        ] GC(15) Humongous regions: 0->0
[6.833s][info][gc,metaspace   ] GC(15) Metaspace: 14598K(15104K)->14598K(15104K) NonClass: 12536K(12800K)->12536K(12800K) Class: 2062K(2304K)->2062K(2304K)
[6.834s][info][gc             ] GC(15) Pause Young (Normal) (G1 Evacuation Pause) 647M->7M(1104M) 3.787ms
[6.834s][info][gc,cpu         ] GC(15) User=0.00s Sys=0.00s Real=0.00s
[7.254s][info][gc,start       ] GC(16) Pause Young (Normal) (G1 Evacuation Pause)
[7.254s][info][gc,task        ] GC(16) Using 33 workers of 33 for evacuation
[7.258s][info][gc,phases      ] GC(16)   Pre Evacuate Collection Set: 0.1ms
[7.258s][info][gc,phases      ] GC(16)   Merge Heap Roots: 0.1ms
[7.258s][info][gc,phases      ] GC(16)   Evacuate Collection Set: 1.6ms
[7.258s][info][gc,phases      ] GC(16)   Post Evacuate Collection Set: 1.7ms
[7.258s][info][gc,phases      ] GC(16)   Other: 0.1ms
[7.258s][info][gc,heap        ] GC(16) Eden regions: 40->0(40)
[7.258s][info][gc,heap        ] GC(16) Survivor regions: 1->1(6)
[7.258s][info][gc,heap        ] GC(16) Old regions: 3->4
[7.258s][info][gc,heap        ] GC(16) Archive regions: 0->0
[7.258s][info][gc,heap        ] GC(16) Humongous regions: 0->0
[7.258s][info][gc,metaspace   ] GC(16) Metaspace: 14602K(15104K)->14602K(15104K) NonClass: 12539K(12800K)->12539K(12800K) Class: 2062K(2304K)->2062K(2304K)
[7.258s][info][gc             ] GC(16) Pause Young (Normal) (G1 Evacuation Pause) 647M->7M(1104M) 3.963ms
[7.258s][info][gc,cpu         ] GC(16) User=0.00s Sys=0.00s Real=0.00s
[7.678s][info][gc,start       ] GC(17) Pause Young (Normal) (G1 Evacuation Pause)
[7.678s][info][gc,task        ] GC(17) Using 33 workers of 33 for evacuation
[7.681s][info][gc,phases      ] GC(17)   Pre Evacuate Collection Set: 0.1ms
[7.681s][info][gc,phases      ] GC(17)   Merge Heap Roots: 0.1ms
[7.681s][info][gc,phases      ] GC(17)   Evacuate Collection Set: 1.4ms
[7.681s][info][gc,phases      ] GC(17)   Post Evacuate Collection Set: 1.7ms
[7.681s][info][gc,phases      ] GC(17)   Other: 0.1ms
[7.681s][info][gc,heap        ] GC(17) Eden regions: 40->0(40)
[7.681s][info][gc,heap        ] GC(17) Survivor regions: 1->1(6)
[7.681s][info][gc,heap        ] GC(17) Old regions: 4->4
[7.681s][info][gc,heap        ] GC(17) Archive regions: 0->0
[7.681s][info][gc,heap        ] GC(17) Humongous regions: 0->0
[7.681s][info][gc,metaspace   ] GC(17) Metaspace: 14602K(15104K)->14602K(15104K) NonClass: 12539K(12800K)->12539K(12800K) Class: 2062K(2304K)->2062K(2304K)
[7.681s][info][gc             ] GC(17) Pause Young (Normal) (G1 Evacuation Pause) 647M->7M(1104M) 3.633ms
[7.681s][info][gc,cpu         ] GC(17) User=0.00s Sys=0.00s Real=0.00s
[8.093s][info][gc,start       ] GC(18) Pause Young (Normal) (G1 Evacuation Pause)
[8.093s][info][gc,task        ] GC(18) Using 33 workers of 33 for evacuation
[8.095s][info][gc,phases      ] GC(18)   Pre Evacuate Collection Set: 0.1ms
[8.095s][info][gc,phases      ] GC(18)   Merge Heap Roots: 0.2ms
[8.095s][info][gc,phases      ] GC(18)   Evacuate Collection Set: 0.4ms
[8.095s][info][gc,phases      ] GC(18)   Post Evacuate Collection Set: 1.7ms
[8.095s][info][gc,phases      ] GC(18)   Other: 0.1ms
[8.095s][info][gc,heap        ] GC(18) Eden regions: 40->0(40)
[8.095s][info][gc,heap        ] GC(18) Survivor regions: 1->1(6)
[8.095s][info][gc,heap        ] GC(18) Old regions: 4->4
[8.095s][info][gc,heap        ] GC(18) Archive regions: 0->0
[8.095s][info][gc,heap        ] GC(18) Humongous regions: 0->0
[8.095s][info][gc,metaspace   ] GC(18) Metaspace: 14602K(15104K)->14602K(15104K) NonClass: 12539K(12800K)->12539K(12800K) Class: 2062K(2304K)->2062K(2304K)
[8.095s][info][gc             ] GC(18) Pause Young (Normal) (G1 Evacuation Pause) 647M->7M(1104M) 2.693ms
[8.095s][info][gc,cpu         ] GC(18) User=0.05s Sys=0.00s Real=0.00s
[8.509s][info][gc,start       ] GC(19) Pause Young (Normal) (G1 Evacuation Pause)
[8.510s][info][gc,task        ] GC(19) Using 33 workers of 33 for evacuation
[8.512s][info][gc,phases      ] GC(19)   Pre Evacuate Collection Set: 0.1ms
[8.512s][info][gc,phases      ] GC(19)   Merge Heap Roots: 0.2ms
[8.512s][info][gc,phases      ] GC(19)   Evacuate Collection Set: 0.4ms
[8.512s][info][gc,phases      ] GC(19)   Post Evacuate Collection Set: 1.8ms
[8.512s][info][gc,phases      ] GC(19)   Other: 0.1ms
[8.512s][info][gc,heap        ] GC(19) Eden regions: 40->0(40)
[8.512s][info][gc,heap        ] GC(19) Survivor regions: 1->1(6)
[8.512s][info][gc,heap        ] GC(19) Old regions: 4->4
[8.512s][info][gc,heap        ] GC(19) Archive regions: 0->0
[8.512s][info][gc,heap        ] GC(19) Humongous regions: 0->0
[8.512s][info][gc,metaspace   ] GC(19) Metaspace: 14602K(15104K)->14602K(15104K) NonClass: 12539K(12800K)->12539K(12800K) Class: 2062K(2304K)->2062K(2304K)
[8.512s][info][gc             ] GC(19) Pause Young (Normal) (G1 Evacuation Pause) 647M->8M(1104M) 2.746ms
[8.512s][info][gc,cpu         ] GC(19) User=0.00s Sys=0.00s Real=0.00s
[8.946s][info][gc,start       ] GC(20) Pause Young (Normal) (G1 Evacuation Pause)
[8.946s][info][gc,task        ] GC(20) Using 33 workers of 33 for evacuation
[8.948s][info][gc,phases      ] GC(20)   Pre Evacuate Collection Set: 0.1ms
[8.948s][info][gc,phases      ] GC(20)   Merge Heap Roots: 0.2ms
[8.948s][info][gc,phases      ] GC(20)   Evacuate Collection Set: 0.4ms
[8.948s][info][gc,phases      ] GC(20)   Post Evacuate Collection Set: 1.4ms
[8.948s][info][gc,phases      ] GC(20)   Other: 0.1ms
[8.948s][info][gc,heap        ] GC(20) Eden regions: 40->0(40)
[8.948s][info][gc,heap        ] GC(20) Survivor regions: 1->1(6)
[8.948s][info][gc,heap        ] GC(20) Old regions: 4->4
[8.948s][info][gc,heap        ] GC(20) Archive regions: 0->0
[8.948s][info][gc,heap        ] GC(20) Humongous regions: 0->0
[8.948s][info][gc,metaspace   ] GC(20) Metaspace: 14602K(15104K)->14602K(15104K) NonClass: 12539K(12800K)->12539K(12800K) Class: 2062K(2304K)->2062K(2304K)
[8.948s][info][gc             ] GC(20) Pause Young (Normal) (G1 Evacuation Pause) 648M->8M(1104M) 2.413ms
[8.948s][info][gc,cpu         ] GC(20) User=0.00s Sys=0.00s Real=0.00s
[9.359s][info][gc,start       ] GC(21) Pause Young (Normal) (G1 Evacuation Pause)
[9.359s][info][gc,task        ] GC(21) Using 33 workers of 33 for evacuation
[9.362s][info][gc,phases      ] GC(21)   Pre Evacuate Collection Set: 0.1ms
[9.362s][info][gc,phases      ] GC(21)   Merge Heap Roots: 0.1ms
[9.362s][info][gc,phases      ] GC(21)   Evacuate Collection Set: 0.4ms
[9.362s][info][gc,phases      ] GC(21)   Post Evacuate Collection Set: 1.7ms
[9.362s][info][gc,phases      ] GC(21)   Other: 0.1ms
[9.362s][info][gc,heap        ] GC(21) Eden regions: 40->0(40)
[9.362s][info][gc,heap        ] GC(21) Survivor regions: 1->1(6)
[9.362s][info][gc,heap        ] GC(21) Old regions: 4->4
[9.362s][info][gc,heap        ] GC(21) Archive regions: 0->0
[9.362s][info][gc,heap        ] GC(21) Humongous regions: 0->0
[9.362s][info][gc,metaspace   ] GC(21) Metaspace: 14602K(15104K)->14602K(15104K) NonClass: 12539K(12800K)->12539K(12800K) Class: 2062K(2304K)->2062K(2304K)
[9.362s][info][gc             ] GC(21) Pause Young (Normal) (G1 Evacuation Pause) 648M->8M(1104M) 2.595ms
[9.362s][info][gc,cpu         ] GC(21) User=0.52s Sys=0.00s Real=0.00s
[9.785s][info][gc,start       ] GC(22) Pause Young (Normal) (G1 Evacuation Pause)
[9.785s][info][gc,task        ] GC(22) Using 33 workers of 33 for evacuation
[9.787s][info][gc,phases      ] GC(22)   Pre Evacuate Collection Set: 0.1ms
[9.787s][info][gc,phases      ] GC(22)   Merge Heap Roots: 0.1ms
[9.787s][info][gc,phases      ] GC(22)   Evacuate Collection Set: 0.4ms
[9.787s][info][gc,phases      ] GC(22)   Post Evacuate Collection Set: 1.5ms
[9.787s][info][gc,phases      ] GC(22)   Other: 0.1ms
[9.787s][info][gc,heap        ] GC(22) Eden regions: 40->0(40)
[9.787s][info][gc,heap        ] GC(22) Survivor regions: 1->1(6)
[9.787s][info][gc,heap        ] GC(22) Old regions: 4->4
[9.787s][info][gc,heap        ] GC(22) Archive regions: 0->0
[9.787s][info][gc,heap        ] GC(22) Humongous regions: 0->0
[9.787s][info][gc,metaspace   ] GC(22) Metaspace: 14602K(15104K)->14602K(15104K) NonClass: 12539K(12800K)->12539K(12800K) Class: 2062K(2304K)->2062K(2304K)
[9.787s][info][gc             ] GC(22) Pause Young (Normal) (G1 Evacuation Pause) 648M->8M(1104M) 2.472ms
[9.787s][info][gc,cpu         ] GC(22) User=0.00s Sys=0.00s Real=0.00s
[10.195s][info][gc,start       ] GC(23) Pause Young (Normal) (G1 Evacuation Pause)
[10.195s][info][gc,task        ] GC(23) Using 33 workers of 33 for evacuation
[10.197s][info][gc,phases      ] GC(23)   Pre Evacuate Collection Set: 0.1ms
[10.197s][info][gc,phases      ] GC(23)   Merge Heap Roots: 0.1ms
[10.197s][info][gc,phases      ] GC(23)   Evacuate Collection Set: 0.4ms
[10.197s][info][gc,phases      ] GC(23)   Post Evacuate Collection Set: 1.6ms
[10.197s][info][gc,phases      ] GC(23)   Other: 0.1ms
[10.197s][info][gc,heap        ] GC(23) Eden regions: 40->0(40)
[10.197s][info][gc,heap        ] GC(23) Survivor regions: 1->1(6)
[10.197s][info][gc,heap        ] GC(23) Old regions: 4->4
[10.197s][info][gc,heap        ] GC(23) Archive regions: 0->0
[10.197s][info][gc,heap        ] GC(23) Humongous regions: 0->0
[10.197s][info][gc,metaspace   ] GC(23) Metaspace: 14602K(15104K)->14602K(15104K) NonClass: 12539K(12800K)->12539K(12800K) Class: 2062K(2304K)->2062K(2304K)
[10.197s][info][gc             ] GC(23) Pause Young (Normal) (G1 Evacuation Pause) 648M->8M(1104M) 2.606ms
[10.197s][info][gc,cpu         ] GC(23) User=0.00s Sys=0.00s Real=0.00s
[10.607s][info][gc,start       ] GC(24) Pause Young (Normal) (G1 Evacuation Pause)
[10.607s][info][gc,task        ] GC(24) Using 33 workers of 33 for evacuation
[10.610s][info][gc,phases      ] GC(24)   Pre Evacuate Collection Set: 0.1ms
[10.610s][info][gc,phases      ] GC(24)   Merge Heap Roots: 0.1ms
[10.610s][info][gc,phases      ] GC(24)   Evacuate Collection Set: 0.4ms
[10.610s][info][gc,phases      ] GC(24)   Post Evacuate Collection Set: 1.7ms
[10.610s][info][gc,phases      ] GC(24)   Other: 0.1ms
[10.610s][info][gc,heap        ] GC(24) Eden regions: 40->0(40)
[10.610s][info][gc,heap        ] GC(24) Survivor regions: 1->1(6)
[10.610s][info][gc,heap        ] GC(24) Old regions: 4->4
[10.610s][info][gc,heap        ] GC(24) Archive regions: 0->0
[10.610s][info][gc,heap        ] GC(24) Humongous regions: 0->0
[10.610s][info][gc,metaspace   ] GC(24) Metaspace: 14602K(15104K)->14602K(15104K) NonClass: 12539K(12800K)->12539K(12800K) Class: 2062K(2304K)->2062K(2304K)
[10.610s][info][gc             ] GC(24) Pause Young (Normal) (G1 Evacuation Pause) 648M->8M(1104M) 2.671ms
[10.610s][info][gc,cpu         ] GC(24) User=0.00s Sys=0.00s Real=0.00s
[11.025s][info][gc,start       ] GC(25) Pause Young (Normal) (G1 Evacuation Pause)
[11.025s][info][gc,task        ] GC(25) Using 33 workers of 33 for evacuation
[11.028s][info][gc,phases      ] GC(25)   Pre Evacuate Collection Set: 0.1ms
[11.028s][info][gc,phases      ] GC(25)   Merge Heap Roots: 0.1ms
[11.028s][info][gc,phases      ] GC(25)   Evacuate Collection Set: 0.4ms
[11.028s][info][gc,phases      ] GC(25)   Post Evacuate Collection Set: 1.8ms
[11.028s][info][gc,phases      ] GC(25)   Other: 0.1ms
[11.028s][info][gc,heap        ] GC(25) Eden regions: 40->0(40)
[11.028s][info][gc,heap        ] GC(25) Survivor regions: 1->1(6)
[11.028s][info][gc,heap        ] GC(25) Old regions: 4->4
[11.028s][info][gc,heap        ] GC(25) Archive regions: 0->0
[11.028s][info][gc,heap        ] GC(25) Humongous regions: 0->0
[11.028s][info][gc,metaspace   ] GC(25) Metaspace: 14602K(15104K)->14602K(15104K) NonClass: 12539K(12800K)->12539K(12800K) Class: 2062K(2304K)->2062K(2304K)
[11.028s][info][gc             ] GC(25) Pause Young (Normal) (G1 Evacuation Pause) 648M->8M(1104M) 2.743ms
[11.028s][info][gc,cpu         ] GC(25) User=0.00s Sys=0.00s Real=0.00s
[11.445s][info][gc,start       ] GC(26) Pause Young (Normal) (G1 Evacuation Pause)
[11.445s][info][gc,task        ] GC(26) Using 33 workers of 33 for evacuation
[11.448s][info][gc,phases      ] GC(26)   Pre Evacuate Collection Set: 0.1ms
[11.448s][info][gc,phases      ] GC(26)   Merge Heap Roots: 0.1ms
[11.448s][info][gc,phases      ] GC(26)   Evacuate Collection Set: 0.4ms
[11.448s][info][gc,phases      ] GC(26)   Post Evacuate Collection Set: 1.8ms
[11.448s][info][gc,phases      ] GC(26)   Other: 0.1ms
[11.448s][info][gc,heap        ] GC(26) Eden regions: 40->0(40)
[11.448s][info][gc,heap        ] GC(26) Survivor regions: 1->1(6)
[11.448s][info][gc,heap        ] GC(26) Old regions: 4->4
[11.448s][info][gc,heap        ] GC(26) Archive regions: 0->0
[11.448s][info][gc,heap        ] GC(26) Humongous regions: 0->0
[11.448s][info][gc,metaspace   ] GC(26) Metaspace: 14602K(15104K)->14602K(15104K) NonClass: 12539K(12800K)->12539K(12800K) Class: 2062K(2304K)->2062K(2304K)
[11.448s][info][gc             ] GC(26) Pause Young (Normal) (G1 Evacuation Pause) 648M->8M(1104M) 2.810ms
[11.448s][info][gc,cpu         ] GC(26) User=0.00s Sys=0.00s Real=0.00s
[11.877s][info][gc,start       ] GC(27) Pause Young (Normal) (G1 Evacuation Pause)
[11.878s][info][gc,task        ] GC(27) Using 33 workers of 33 for evacuation
[11.880s][info][gc,phases      ] GC(27)   Pre Evacuate Collection Set: 0.1ms
[11.880s][info][gc,phases      ] GC(27)   Merge Heap Roots: 0.2ms
[11.880s][info][gc,phases      ] GC(27)   Evacuate Collection Set: 0.4ms
[11.880s][info][gc,phases      ] GC(27)   Post Evacuate Collection Set: 1.5ms
[11.880s][info][gc,phases      ] GC(27)   Other: 0.1ms
[11.880s][info][gc,heap        ] GC(27) Eden regions: 40->0(40)
[11.880s][info][gc,heap        ] GC(27) Survivor regions: 1->1(6)
[11.880s][info][gc,heap        ] GC(27) Old regions: 4->4
[11.880s][info][gc,heap        ] GC(27) Archive regions: 0->0
[11.880s][info][gc,heap        ] GC(27) Humongous regions: 0->0
[11.880s][info][gc,metaspace   ] GC(27) Metaspace: 14602K(15104K)->14602K(15104K) NonClass: 12539K(12800K)->12539K(12800K) Class: 2062K(2304K)->2062K(2304K)
[11.880s][info][gc             ] GC(27) Pause Young (Normal) (G1 Evacuation Pause) 648M->8M(1104M) 2.475ms
[11.880s][info][gc,cpu         ] GC(27) User=0.00s Sys=0.00s Real=0.00s
[12.311s][info][gc,start       ] GC(28) Pause Young (Normal) (G1 Evacuation Pause)
[12.311s][info][gc,task        ] GC(28) Using 33 workers of 33 for evacuation
[12.313s][info][gc,phases      ] GC(28)   Pre Evacuate Collection Set: 0.1ms
[12.313s][info][gc,phases      ] GC(28)   Merge Heap Roots: 0.1ms
[12.313s][info][gc,phases      ] GC(28)   Evacuate Collection Set: 0.4ms
[12.313s][info][gc,phases      ] GC(28)   Post Evacuate Collection Set: 1.5ms
[12.313s][info][gc,phases      ] GC(28)   Other: 0.1ms
[12.313s][info][gc,heap        ] GC(28) Eden regions: 40->0(40)
[12.313s][info][gc,heap        ] GC(28) Survivor regions: 1->1(6)
[12.313s][info][gc,heap        ] GC(28) Old regions: 4->4
[12.313s][info][gc,heap        ] GC(28) Archive regions: 0->0
[12.313s][info][gc,heap        ] GC(28) Humongous regions: 0->0
[12.313s][info][gc,metaspace   ] GC(28) Metaspace: 14602K(15104K)->14602K(15104K) NonClass: 12539K(12800K)->12539K(12800K) Class: 2062K(2304K)->2062K(2304K)
[12.313s][info][gc             ] GC(28) Pause Young (Normal) (G1 Evacuation Pause) 648M->8M(1104M) 2.440ms
[12.313s][info][gc,cpu         ] GC(28) User=0.00s Sys=0.00s Real=0.00s
[12.726s][info][gc,start       ] GC(29) Pause Young (Normal) (G1 Evacuation Pause)
[12.726s][info][gc,task        ] GC(29) Using 33 workers of 33 for evacuation
[12.728s][info][gc,phases      ] GC(29)   Pre Evacuate Collection Set: 0.1ms
[12.728s][info][gc,phases      ] GC(29)   Merge Heap Roots: 0.1ms
[12.728s][info][gc,phases      ] GC(29)   Evacuate Collection Set: 0.4ms
[12.728s][info][gc,phases      ] GC(29)   Post Evacuate Collection Set: 1.6ms
[12.728s][info][gc,phases      ] GC(29)   Other: 0.1ms
[12.728s][info][gc,heap        ] GC(29) Eden regions: 40->0(40)
[12.728s][info][gc,heap        ] GC(29) Survivor regions: 1->1(6)
[12.728s][info][gc,heap        ] GC(29) Old regions: 4->4
[12.728s][info][gc,heap        ] GC(29) Archive regions: 0->0
[12.728s][info][gc,heap        ] GC(29) Humongous regions: 0->0
[12.728s][info][gc,metaspace   ] GC(29) Metaspace: 14602K(15104K)->14602K(15104K) NonClass: 12539K(12800K)->12539K(12800K) Class: 2062K(2304K)->2062K(2304K)
[12.728s][info][gc             ] GC(29) Pause Young (Normal) (G1 Evacuation Pause) 648M->8M(1104M) 2.538ms
[12.728s][info][gc,cpu         ] GC(29) User=0.00s Sys=0.00s Real=0.00s
[13.138s][info][gc,start       ] GC(30) Pause Young (Normal) (G1 Evacuation Pause)
[13.138s][info][gc,task        ] GC(30) Using 33 workers of 33 for evacuation
[13.140s][info][gc,phases      ] GC(30)   Pre Evacuate Collection Set: 0.1ms
[13.140s][info][gc,phases      ] GC(30)   Merge Heap Roots: 0.1ms
[13.141s][info][gc,phases      ] GC(30)   Evacuate Collection Set: 0.4ms
[13.141s][info][gc,phases      ] GC(30)   Post Evacuate Collection Set: 1.7ms
[13.141s][info][gc,phases      ] GC(30)   Other: 0.1ms
[13.141s][info][gc,heap        ] GC(30) Eden regions: 40->0(40)
[13.141s][info][gc,heap        ] GC(30) Survivor regions: 1->1(6)
[13.141s][info][gc,heap        ] GC(30) Old regions: 4->4
[13.141s][info][gc,heap        ] GC(30) Archive regions: 0->0
[13.141s][info][gc,heap        ] GC(30) Humongous regions: 0->0
[13.141s][info][gc,metaspace   ] GC(30) Metaspace: 14602K(15104K)->14602K(15104K) NonClass: 12539K(12800K)->12539K(12800K) Class: 2062K(2304K)->2062K(2304K)
[13.141s][info][gc             ] GC(30) Pause Young (Normal) (G1 Evacuation Pause) 648M->8M(1104M) 2.656ms
[13.141s][info][gc,cpu         ] GC(30) User=0.00s Sys=0.00s Real=0.00s
[13.553s][info][gc,start       ] GC(31) Pause Young (Normal) (G1 Evacuation Pause)
[13.553s][info][gc,task        ] GC(31) Using 33 workers of 33 for evacuation
[13.555s][info][gc,phases      ] GC(31)   Pre Evacuate Collection Set: 0.1ms
[13.556s][info][gc,phases      ] GC(31)   Merge Heap Roots: 0.1ms
[13.556s][info][gc,phases      ] GC(31)   Evacuate Collection Set: 0.4ms
[13.556s][info][gc,phases      ] GC(31)   Post Evacuate Collection Set: 1.9ms
[13.556s][info][gc,phases      ] GC(31)   Other: 0.1ms
[13.556s][info][gc,heap        ] GC(31) Eden regions: 40->0(40)
[13.556s][info][gc,heap        ] GC(31) Survivor regions: 1->1(6)
[13.556s][info][gc,heap        ] GC(31) Old regions: 4->4
[13.556s][info][gc,heap        ] GC(31) Archive regions: 0->0
[13.556s][info][gc,heap        ] GC(31) Humongous regions: 0->0
[13.556s][info][gc,metaspace   ] GC(31) Metaspace: 14602K(15104K)->14602K(15104K) NonClass: 12539K(12800K)->12539K(12800K) Class: 2062K(2304K)->2062K(2304K)
[13.556s][info][gc             ] GC(31) Pause Young (Normal) (G1 Evacuation Pause) 648M->9M(1104M) 2.811ms
[13.556s][info][gc,cpu         ] GC(31) User=0.00s Sys=0.00s Real=0.00s
[13.963s][info][gc,start       ] GC(32) Pause Young (Normal) (G1 Evacuation Pause)
[13.963s][info][gc,task        ] GC(32) Using 33 workers of 33 for evacuation
[13.965s][info][gc,phases      ] GC(32)   Pre Evacuate Collection Set: 0.1ms
[13.965s][info][gc,phases      ] GC(32)   Merge Heap Roots: 0.2ms
[13.965s][info][gc,phases      ] GC(32)   Evacuate Collection Set: 0.4ms
[13.966s][info][gc,phases      ] GC(32)   Post Evacuate Collection Set: 2.1ms
[13.966s][info][gc,phases      ] GC(32)   Other: 0.1ms
[13.966s][info][gc,heap        ] GC(32) Eden regions: 40->0(40)
[13.966s][info][gc,heap        ] GC(32) Survivor regions: 1->1(6)
[13.966s][info][gc,heap        ] GC(32) Old regions: 4->4
[13.966s][info][gc,heap        ] GC(32) Archive regions: 0->0
[13.966s][info][gc,heap        ] GC(32) Humongous regions: 0->0
[13.966s][info][gc,metaspace   ] GC(32) Metaspace: 14602K(15104K)->14602K(15104K) NonClass: 12539K(12800K)->12539K(12800K) Class: 2062K(2304K)->2062K(2304K)
[13.966s][info][gc             ] GC(32) Pause Young (Normal) (G1 Evacuation Pause) 649M->9M(1104M) 3.050ms
[13.966s][info][gc,cpu         ] GC(32) User=0.00s Sys=0.00s Real=0.00s
[14.498s][info][gc,start       ] GC(33) Pause Full (System.gc())
[14.498s][info][gc,task        ] GC(33) Using 6 workers of 33 for full compaction
[14.498s][info][gc,phases,start] GC(33) Phase 1: Mark live objects
[14.515s][info][gc,phases      ] GC(33) Phase 1: Mark live objects 16.569ms
[14.515s][info][gc,phases,start] GC(33) Phase 2: Prepare compaction
[14.518s][info][gc,phases      ] GC(33) Phase 2: Prepare compaction 2.404ms
[14.518s][info][gc,phases,start] GC(33) Phase 3: Adjust pointers
[14.524s][info][gc,phases      ] GC(33) Phase 3: Adjust pointers 6.145ms
[14.524s][info][gc,phases,start] GC(33) Phase 4: Compact heap
[14.526s][info][gc,phases      ] GC(33) Phase 4: Compact heap 1.912ms
[14.534s][info][gc,heap        ] GC(33) Eden regions: 38->0(12)
[14.534s][info][gc,heap        ] GC(33) Survivor regions: 1->0(6)
[14.535s][info][gc,heap        ] GC(33) Old regions: 4->6
[14.535s][info][gc,heap        ] GC(33) Archive regions: 0->0
[14.535s][info][gc,heap        ] GC(33) Humongous regions: 0->0
[14.535s][info][gc,metaspace   ] GC(33) Metaspace: 14700K(15232K)->14304K(15168K) NonClass: 12628K(12928K)->12341K(12864K) Class: 2072K(2304K)->1962K(2304K)
[14.535s][info][gc             ] GC(33) Pause Full (System.gc()) 617M->5M(320M) 36.700ms
[14.535s][info][gc,cpu         ] GC(33) User=0.22s Sys=0.00s Real=0.05s
[14.677s][info][gc,start       ] GC(34) Pause Young (Normal) (G1 Evacuation Pause)
[14.677s][info][gc,task        ] GC(34) Using 33 workers of 33 for evacuation
[14.679s][info][gc,phases      ] GC(34)   Pre Evacuate Collection Set: 0.1ms
[14.679s][info][gc,phases      ] GC(34)   Merge Heap Roots: 0.1ms
[14.679s][info][gc,phases      ] GC(34)   Evacuate Collection Set: 0.4ms
[14.679s][info][gc,phases      ] GC(34)   Post Evacuate Collection Set: 0.7ms
[14.679s][info][gc,phases      ] GC(34)   Other: 0.1ms
[14.679s][info][gc,heap        ] GC(34) Eden regions: 12->0(11)
[14.679s][info][gc,heap        ] GC(34) Survivor regions: 0->1(2)
[14.679s][info][gc,heap        ] GC(34) Old regions: 6->6
[14.679s][info][gc,heap        ] GC(34) Archive regions: 0->0
[14.679s][info][gc,heap        ] GC(34) Humongous regions: 0->0
[14.679s][info][gc,metaspace   ] GC(34) Metaspace: 14304K(15168K)->14304K(15168K) NonClass: 12342K(12864K)->12342K(12864K) Class: 1962K(2304K)->1962K(2304K)
[14.679s][info][gc             ] GC(34) Pause Young (Normal) (G1 Evacuation Pause) 197M->6M(320M) 1.663ms
[14.679s][info][gc,cpu         ] GC(34) User=0.00s Sys=0.00s Real=0.00s
[14.802s][info][gc,start       ] GC(35) Pause Young (Normal) (G1 Evacuation Pause)
[14.802s][info][gc,task        ] GC(35) Using 33 workers of 33 for evacuation
[14.803s][info][gc,phases      ] GC(35)   Pre Evacuate Collection Set: 0.1ms
[14.803s][info][gc,phases      ] GC(35)   Merge Heap Roots: 0.1ms
[14.803s][info][gc,phases      ] GC(35)   Evacuate Collection Set: 0.4ms
[14.803s][info][gc,phases      ] GC(35)   Post Evacuate Collection Set: 0.7ms
[14.803s][info][gc,phases      ] GC(35)   Other: 0.1ms
[14.803s][info][gc,heap        ] GC(35) Eden regions: 11->0(11)
[14.803s][info][gc,heap        ] GC(35) Survivor regions: 1->1(2)
[14.803s][info][gc,heap        ] GC(35) Old regions: 6->6
[14.803s][info][gc,heap        ] GC(35) Archive regions: 0->0
[14.803s][info][gc,heap        ] GC(35) Humongous regions: 0->0
[14.803s][info][gc,metaspace   ] GC(35) Metaspace: 14304K(15168K)->14304K(15168K) NonClass: 12342K(12864K)->12342K(12864K) Class: 1962K(2304K)->1962K(2304K)
[14.803s][info][gc             ] GC(35) Pause Young (Normal) (G1 Evacuation Pause) 182M->6M(320M) 1.620ms
[14.803s][info][gc,cpu         ] GC(35) User=0.00s Sys=0.00s Real=0.00s
[14.917s][info][gc,start       ] GC(36) Pause Young (Normal) (G1 Evacuation Pause)
[14.917s][info][gc,task        ] GC(36) Using 33 workers of 33 for evacuation
[14.919s][info][gc,phases      ] GC(36)   Pre Evacuate Collection Set: 0.1ms
[14.919s][info][gc,phases      ] GC(36)   Merge Heap Roots: 0.1ms
[14.919s][info][gc,phases      ] GC(36)   Evacuate Collection Set: 0.4ms
[14.919s][info][gc,phases      ] GC(36)   Post Evacuate Collection Set: 0.8ms
[14.919s][info][gc,phases      ] GC(36)   Other: 0.1ms
[14.919s][info][gc,heap        ] GC(36) Eden regions: 11->0(11)
[14.919s][info][gc,heap        ] GC(36) Survivor regions: 1->1(2)
[14.919s][info][gc,heap        ] GC(36) Old regions: 6->6
[14.919s][info][gc,heap        ] GC(36) Archive regions: 0->0
[14.919s][info][gc,heap        ] GC(36) Humongous regions: 0->0
[14.919s][info][gc,metaspace   ] GC(36) Metaspace: 14304K(15168K)->14304K(15168K) NonClass: 12342K(12864K)->12342K(12864K) Class: 1962K(2304K)->1962K(2304K)
[14.919s][info][gc             ] GC(36) Pause Young (Normal) (G1 Evacuation Pause) 182M->6M(320M) 1.724ms
[14.919s][info][gc,cpu         ] GC(36) User=0.00s Sys=0.00s Real=0.00s
[15.033s][info][gc,start       ] GC(37) Pause Young (Normal) (G1 Evacuation Pause)
[15.033s][info][gc,task        ] GC(37) Using 33 workers of 33 for evacuation
[15.035s][info][gc,phases      ] GC(37)   Pre Evacuate Collection Set: 0.1ms
[15.035s][info][gc,phases      ] GC(37)   Merge Heap Roots: 0.1ms
[15.035s][info][gc,phases      ] GC(37)   Evacuate Collection Set: 0.4ms
[15.035s][info][gc,phases      ] GC(37)   Post Evacuate Collection Set: 0.7ms
[15.035s][info][gc,phases      ] GC(37)   Other: 0.1ms
[15.035s][info][gc,heap        ] GC(37) Eden regions: 11->0(11)
[15.035s][info][gc,heap        ] GC(37) Survivor regions: 1->1(2)
[15.035s][info][gc,heap        ] GC(37) Old regions: 6->6
[15.035s][info][gc,heap        ] GC(37) Archive regions: 0->0
[15.035s][info][gc,heap        ] GC(37) Humongous regions: 0->0
[15.035s][info][gc,metaspace   ] GC(37) Metaspace: 14304K(15168K)->14304K(15168K) NonClass: 12342K(12864K)->12342K(12864K) Class: 1962K(2304K)->1962K(2304K)
[15.035s][info][gc             ] GC(37) Pause Young (Normal) (G1 Evacuation Pause) 182M->6M(320M) 1.622ms
[15.035s][info][gc,cpu         ] GC(37) User=0.00s Sys=0.00s Real=0.00s
[15.149s][info][gc,start       ] GC(38) Pause Young (Normal) (G1 Evacuation Pause)
[15.149s][info][gc,task        ] GC(38) Using 33 workers of 33 for evacuation
[15.153s][info][gc,phases      ] GC(38)   Pre Evacuate Collection Set: 0.1ms
[15.153s][info][gc,phases      ] GC(38)   Merge Heap Roots: 0.1ms
[15.153s][info][gc,phases      ] GC(38)   Evacuate Collection Set: 0.4ms
[15.153s][info][gc,phases      ] GC(38)   Post Evacuate Collection Set: 3.0ms
[15.153s][info][gc,phases      ] GC(38)   Other: 0.1ms
[15.153s][info][gc,heap        ] GC(38) Eden regions: 11->0(43)
[15.153s][info][gc,heap        ] GC(38) Survivor regions: 1->1(2)
[15.153s][info][gc,heap        ] GC(38) Old regions: 6->6
[15.153s][info][gc,heap        ] GC(38) Archive regions: 0->0
[15.153s][info][gc,heap        ] GC(38) Humongous regions: 0->0
[15.153s][info][gc,metaspace   ] GC(38) Metaspace: 14304K(15168K)->14304K(15168K) NonClass: 12342K(12864K)->12342K(12864K) Class: 1962K(2304K)->1962K(2304K)
[15.153s][info][gc             ] GC(38) Pause Young (Normal) (G1 Evacuation Pause) 182M->6M(1184M) 3.969ms
[15.153s][info][gc,cpu         ] GC(38) User=0.00s Sys=0.00s Real=0.00s
[15.569s][info][gc,start       ] GC(39) Pause Young (Normal) (G1 Evacuation Pause)
[15.569s][info][gc,task        ] GC(39) Using 33 workers of 33 for evacuation
[15.573s][info][gc,phases      ] GC(39)   Pre Evacuate Collection Set: 0.1ms
[15.573s][info][gc,phases      ] GC(39)   Merge Heap Roots: 0.1ms
[15.573s][info][gc,phases      ] GC(39)   Evacuate Collection Set: 1.9ms
[15.573s][info][gc,phases      ] GC(39)   Post Evacuate Collection Set: 1.7ms
[15.573s][info][gc,phases      ] GC(39)   Other: 0.1ms
[15.573s][info][gc,heap        ] GC(39) Eden regions: 43->0(43)
[15.573s][info][gc,heap        ] GC(39) Survivor regions: 1->1(6)
[15.573s][info][gc,heap        ] GC(39) Old regions: 6->6
[15.573s][info][gc,heap        ] GC(39) Archive regions: 0->0
[15.573s][info][gc,heap        ] GC(39) Humongous regions: 0->0
[15.573s][info][gc,metaspace   ] GC(39) Metaspace: 14304K(15168K)->14304K(15168K) NonClass: 12342K(12864K)->12342K(12864K) Class: 1962K(2304K)->1962K(2304K)
[15.573s][info][gc             ] GC(39) Pause Young (Normal) (G1 Evacuation Pause) 694M->6M(1184M) 4.143ms
[15.573s][info][gc,cpu         ] GC(39) User=0.00s Sys=0.00s Real=0.00s
[16.023s][info][gc,start       ] GC(40) Pause Young (Normal) (G1 Evacuation Pause)
[16.024s][info][gc,task        ] GC(40) Using 33 workers of 33 for evacuation
[16.028s][info][gc,phases      ] GC(40)   Pre Evacuate Collection Set: 0.1ms
[16.028s][info][gc,phases      ] GC(40)   Merge Heap Roots: 0.1ms
[16.028s][info][gc,phases      ] GC(40)   Evacuate Collection Set: 2.0ms
[16.028s][info][gc,phases      ] GC(40)   Post Evacuate Collection Set: 1.7ms
[16.028s][info][gc,phases      ] GC(40)   Other: 0.1ms
[16.028s][info][gc,heap        ] GC(40) Eden regions: 43->0(43)
[16.028s][info][gc,heap        ] GC(40) Survivor regions: 1->1(6)
[16.028s][info][gc,heap        ] GC(40) Old regions: 6->6
[16.028s][info][gc,heap        ] GC(40) Archive regions: 0->0
[16.028s][info][gc,heap        ] GC(40) Humongous regions: 0->0
[16.028s][info][gc,metaspace   ] GC(40) Metaspace: 14304K(15168K)->14304K(15168K) NonClass: 12342K(12864K)->12342K(12864K) Class: 1962K(2304K)->1962K(2304K)
[16.028s][info][gc             ] GC(40) Pause Young (Normal) (G1 Evacuation Pause) 694M->6M(1184M) 4.233ms
[16.028s][info][gc,cpu         ] GC(40) User=0.00s Sys=0.00s Real=0.00s
[16.482s][info][gc,start       ] GC(41) Pause Young (Normal) (G1 Evacuation Pause)
[16.482s][info][gc,task        ] GC(41) Using 33 workers of 33 for evacuation
[16.484s][info][gc,phases      ] GC(41)   Pre Evacuate Collection Set: 0.1ms
[16.484s][info][gc,phases      ] GC(41)   Merge Heap Roots: 0.1ms
[16.484s][info][gc,phases      ] GC(41)   Evacuate Collection Set: 0.6ms
[16.484s][info][gc,phases      ] GC(41)   Post Evacuate Collection Set: 1.9ms
[16.484s][info][gc,phases      ] GC(41)   Other: 0.1ms
[16.484s][info][gc,heap        ] GC(41) Eden regions: 43->0(43)
[16.484s][info][gc,heap        ] GC(41) Survivor regions: 1->1(6)
[16.484s][info][gc,heap        ] GC(41) Old regions: 6->6
[16.485s][info][gc,heap        ] GC(41) Archive regions: 0->0
[16.485s][info][gc,heap        ] GC(41) Humongous regions: 0->0
[16.485s][info][gc,metaspace   ] GC(41) Metaspace: 14304K(15168K)->14304K(15168K) NonClass: 12342K(12864K)->12342K(12864K) Class: 1962K(2304K)->1962K(2304K)
[16.485s][info][gc             ] GC(41) Pause Young (Normal) (G1 Evacuation Pause) 694M->7M(1184M) 3.053ms
[16.485s][info][gc,cpu         ] GC(41) User=0.00s Sys=0.00s Real=0.00s
[16.928s][info][gc,start       ] GC(42) Pause Young (Normal) (G1 Evacuation Pause)
[16.928s][info][gc,task        ] GC(42) Using 33 workers of 33 for evacuation
[16.931s][info][gc,phases      ] GC(42)   Pre Evacuate Collection Set: 0.1ms
[16.931s][info][gc,phases      ] GC(42)   Merge Heap Roots: 0.1ms
[16.931s][info][gc,phases      ] GC(42)   Evacuate Collection Set: 0.6ms
[16.931s][info][gc,phases      ] GC(42)   Post Evacuate Collection Set: 1.9ms
[16.931s][info][gc,phases      ] GC(42)   Other: 0.1ms
[16.931s][info][gc,heap        ] GC(42) Eden regions: 43->0(43)
[16.931s][info][gc,heap        ] GC(42) Survivor regions: 1->1(6)
[16.931s][info][gc,heap        ] GC(42) Old regions: 6->6
[16.931s][info][gc,heap        ] GC(42) Archive regions: 0->0
[16.931s][info][gc,heap        ] GC(42) Humongous regions: 0->0
[16.931s][info][gc,metaspace   ] GC(42) Metaspace: 14304K(15168K)->14304K(15168K) NonClass: 12342K(12864K)->12342K(12864K) Class: 1962K(2304K)->1962K(2304K)
[16.931s][info][gc             ] GC(42) Pause Young (Normal) (G1 Evacuation Pause) 695M->7M(1184M) 2.983ms
[16.931s][info][gc,cpu         ] GC(42) User=0.00s Sys=0.00s Real=0.00s
[17.377s][info][gc,start       ] GC(43) Pause Young (Normal) (G1 Evacuation Pause)
[17.377s][info][gc,task        ] GC(43) Using 33 workers of 33 for evacuation
[17.380s][info][gc,phases      ] GC(43)   Pre Evacuate Collection Set: 0.1ms
[17.380s][info][gc,phases      ] GC(43)   Merge Heap Roots: 0.1ms
[17.380s][info][gc,phases      ] GC(43)   Evacuate Collection Set: 0.5ms
[17.380s][info][gc,phases      ] GC(43)   Post Evacuate Collection Set: 2.0ms
[17.380s][info][gc,phases      ] GC(43)   Other: 0.1ms
[17.380s][info][gc,heap        ] GC(43) Eden regions: 43->0(43)
[17.380s][info][gc,heap        ] GC(43) Survivor regions: 1->1(6)
[17.380s][info][gc,heap        ] GC(43) Old regions: 6->6
[17.380s][info][gc,heap        ] GC(43) Archive regions: 0->0
[17.380s][info][gc,heap        ] GC(43) Humongous regions: 0->0
[17.380s][info][gc,metaspace   ] GC(43) Metaspace: 14304K(15168K)->14304K(15168K) NonClass: 12342K(12864K)->12342K(12864K) Class: 1962K(2304K)->1962K(2304K)
[17.380s][info][gc             ] GC(43) Pause Young (Normal) (G1 Evacuation Pause) 695M->7M(1184M) 3.063ms
[17.380s][info][gc,cpu         ] GC(43) User=0.00s Sys=0.00s Real=0.00s
[17.861s][info][gc,start       ] GC(44) Pause Young (Normal) (G1 Evacuation Pause)
[17.861s][info][gc,task        ] GC(44) Using 33 workers of 33 for evacuation
[17.865s][info][gc,phases      ] GC(44)   Pre Evacuate Collection Set: 0.1ms
[17.865s][info][gc,phases      ] GC(44)   Merge Heap Roots: 0.2ms
[17.865s][info][gc,phases      ] GC(44)   Evacuate Collection Set: 1.0ms
[17.865s][info][gc,phases      ] GC(44)   Post Evacuate Collection Set: 2.5ms
[17.865s][info][gc,phases      ] GC(44)   Other: 0.1ms
[17.865s][info][gc,heap        ] GC(44) Eden regions: 43->0(43)
[17.865s][info][gc,heap        ] GC(44) Survivor regions: 1->1(6)
[17.865s][info][gc,heap        ] GC(44) Old regions: 6->6
[17.865s][info][gc,heap        ] GC(44) Archive regions: 0->0
[17.865s][info][gc,heap        ] GC(44) Humongous regions: 0->0
[17.865s][info][gc,metaspace   ] GC(44) Metaspace: 14304K(15168K)->14304K(15168K) NonClass: 12342K(12864K)->12342K(12864K) Class: 1962K(2304K)->1962K(2304K)
[17.865s][info][gc             ] GC(44) Pause Young (Normal) (G1 Evacuation Pause) 695M->7M(1184M) 4.297ms
[17.865s][info][gc,cpu         ] GC(44) User=0.00s Sys=0.00s Real=0.00s
[18.324s][info][gc,start       ] GC(45) Pause Young (Normal) (G1 Evacuation Pause)
[18.324s][info][gc,task        ] GC(45) Using 33 workers of 33 for evacuation
[18.327s][info][gc,phases      ] GC(45)   Pre Evacuate Collection Set: 0.1ms
[18.327s][info][gc,phases      ] GC(45)   Merge Heap Roots: 0.1ms
[18.327s][info][gc,phases      ] GC(45)   Evacuate Collection Set: 0.5ms
[18.327s][info][gc,phases      ] GC(45)   Post Evacuate Collection Set: 1.6ms
[18.327s][info][gc,phases      ] GC(45)   Other: 0.1ms
[18.327s][info][gc,heap        ] GC(45) Eden regions: 43->0(43)
[18.327s][info][gc,heap        ] GC(45) Survivor regions: 1->1(6)
[18.327s][info][gc,heap        ] GC(45) Old regions: 6->6
[18.327s][info][gc,heap        ] GC(45) Archive regions: 0->0
[18.327s][info][gc,heap        ] GC(45) Humongous regions: 0->0
[18.327s][info][gc,metaspace   ] GC(45) Metaspace: 14304K(15168K)->14304K(15168K) NonClass: 12342K(12864K)->12342K(12864K) Class: 1962K(2304K)->1962K(2304K)
[18.327s][info][gc             ] GC(45) Pause Young (Normal) (G1 Evacuation Pause) 695M->7M(1184M) 2.669ms
[18.327s][info][gc,cpu         ] GC(45) User=0.00s Sys=0.00s Real=0.00s
[18.779s][info][gc,start       ] GC(46) Pause Young (Normal) (G1 Evacuation Pause)
[18.779s][info][gc,task        ] GC(46) Using 33 workers of 33 for evacuation
[18.782s][info][gc,phases      ] GC(46)   Pre Evacuate Collection Set: 0.1ms
[18.782s][info][gc,phases      ] GC(46)   Merge Heap Roots: 0.1ms
[18.782s][info][gc,phases      ] GC(46)   Evacuate Collection Set: 0.5ms
[18.782s][info][gc,phases      ] GC(46)   Post Evacuate Collection Set: 1.6ms
[18.782s][info][gc,phases      ] GC(46)   Other: 0.1ms
[18.782s][info][gc,heap        ] GC(46) Eden regions: 43->0(43)
[18.782s][info][gc,heap        ] GC(46) Survivor regions: 1->1(6)
[18.782s][info][gc,heap        ] GC(46) Old regions: 6->6
[18.782s][info][gc,heap        ] GC(46) Archive regions: 0->0
[18.782s][info][gc,heap        ] GC(46) Humongous regions: 0->0
[18.782s][info][gc,metaspace   ] GC(46) Metaspace: 14304K(15168K)->14304K(15168K) NonClass: 12342K(12864K)->12342K(12864K) Class: 1962K(2304K)->1962K(2304K)
[18.782s][info][gc             ] GC(46) Pause Young (Normal) (G1 Evacuation Pause) 695M->7M(1184M) 2.698ms
[18.782s][info][gc,cpu         ] GC(46) User=0.00s Sys=0.00s Real=0.00s
[19.224s][info][gc,start       ] GC(47) Pause Young (Normal) (G1 Evacuation Pause)
[19.224s][info][gc,task        ] GC(47) Using 33 workers of 33 for evacuation
[19.226s][info][gc,phases      ] GC(47)   Pre Evacuate Collection Set: 0.1ms
[19.226s][info][gc,phases      ] GC(47)   Merge Heap Roots: 0.1ms
[19.226s][info][gc,phases      ] GC(47)   Evacuate Collection Set: 0.6ms
[19.226s][info][gc,phases      ] GC(47)   Post Evacuate Collection Set: 1.7ms
[19.226s][info][gc,phases      ] GC(47)   Other: 0.1ms
[19.226s][info][gc,heap        ] GC(47) Eden regions: 43->0(43)
[19.226s][info][gc,heap        ] GC(47) Survivor regions: 1->1(6)
[19.226s][info][gc,heap        ] GC(47) Old regions: 6->6
[19.226s][info][gc,heap        ] GC(47) Archive regions: 0->0
[19.226s][info][gc,heap        ] GC(47) Humongous regions: 0->0
[19.226s][info][gc,metaspace   ] GC(47) Metaspace: 14304K(15168K)->14304K(15168K) NonClass: 12342K(12864K)->12342K(12864K) Class: 1962K(2304K)->1962K(2304K)
[19.226s][info][gc             ] GC(47) Pause Young (Normal) (G1 Evacuation Pause) 695M->7M(1184M) 2.859ms
[19.227s][info][gc,cpu         ] GC(47) User=0.00s Sys=0.00s Real=0.00s
[19.674s][info][gc,start       ] GC(48) Pause Young (Normal) (G1 Evacuation Pause)
[19.674s][info][gc,task        ] GC(48) Using 33 workers of 33 for evacuation
[19.677s][info][gc,phases      ] GC(48)   Pre Evacuate Collection Set: 0.1ms
[19.677s][info][gc,phases      ] GC(48)   Merge Heap Roots: 0.1ms
[19.677s][info][gc,phases      ] GC(48)   Evacuate Collection Set: 0.6ms
[19.677s][info][gc,phases      ] GC(48)   Post Evacuate Collection Set: 1.9ms
[19.677s][info][gc,phases      ] GC(48)   Other: 0.1ms
[19.677s][info][gc,heap        ] GC(48) Eden regions: 43->0(43)
[19.677s][info][gc,heap        ] GC(48) Survivor regions: 1->1(6)
[19.677s][info][gc,heap        ] GC(48) Old regions: 6->6
[19.677s][info][gc,heap        ] GC(48) Archive regions: 0->0
[19.677s][info][gc,heap        ] GC(48) Humongous regions: 0->0
[19.677s][info][gc,metaspace   ] GC(48) Metaspace: 14304K(15168K)->14304K(15168K) NonClass: 12342K(12864K)->12342K(12864K) Class: 1962K(2304K)->1962K(2304K)
[19.677s][info][gc             ] GC(48) Pause Young (Normal) (G1 Evacuation Pause) 695M->7M(1184M) 2.976ms
[19.677s][info][gc,cpu         ] GC(48) User=0.00s Sys=0.00s Real=0.00s
[20.122s][info][gc,start       ] GC(49) Pause Young (Normal) (G1 Evacuation Pause)
[20.122s][info][gc,task        ] GC(49) Using 33 workers of 33 for evacuation
[20.125s][info][gc,phases      ] GC(49)   Pre Evacuate Collection Set: 0.1ms
[20.125s][info][gc,phases      ] GC(49)   Merge Heap Roots: 0.1ms
[20.125s][info][gc,phases      ] GC(49)   Evacuate Collection Set: 0.5ms
[20.125s][info][gc,phases      ] GC(49)   Post Evacuate Collection Set: 1.9ms
[20.125s][info][gc,phases      ] GC(49)   Other: 0.1ms
[20.125s][info][gc,heap        ] GC(49) Eden regions: 43->0(43)
[20.125s][info][gc,heap        ] GC(49) Survivor regions: 1->1(6)
[20.125s][info][gc,heap        ] GC(49) Old regions: 6->7
[20.125s][info][gc,heap        ] GC(49) Archive regions: 0->0
[20.125s][info][gc,heap        ] GC(49) Humongous regions: 0->0
[20.125s][info][gc,metaspace   ] GC(49) Metaspace: 14304K(15168K)->14304K(15168K) NonClass: 12342K(12864K)->12342K(12864K) Class: 1962K(2304K)->1962K(2304K)
[20.125s][info][gc             ] GC(49) Pause Young (Normal) (G1 Evacuation Pause) 695M->7M(1184M) 2.974ms
[20.125s][info][gc,cpu         ] GC(49) User=0.00s Sys=0.00s Real=0.00s
[20.569s][info][gc,start       ] GC(50) Pause Young (Normal) (G1 Evacuation Pause)
[20.569s][info][gc,task        ] GC(50) Using 33 workers of 33 for evacuation
[20.572s][info][gc,phases      ] GC(50)   Pre Evacuate Collection Set: 0.1ms
[20.572s][info][gc,phases      ] GC(50)   Merge Heap Roots: 0.2ms
[20.572s][info][gc,phases      ] GC(50)   Evacuate Collection Set: 0.4ms
[20.572s][info][gc,phases      ] GC(50)   Post Evacuate Collection Set: 2.0ms
[20.572s][info][gc,phases      ] GC(50)   Other: 0.1ms
[20.572s][info][gc,heap        ] GC(50) Eden regions: 43->0(43)
[20.572s][info][gc,heap        ] GC(50) Survivor regions: 1->1(6)
[20.572s][info][gc,heap        ] GC(50) Old regions: 7->7
[20.572s][info][gc,heap        ] GC(50) Archive regions: 0->0
[20.572s][info][gc,heap        ] GC(50) Humongous regions: 0->0
[20.572s][info][gc,metaspace   ] GC(50) Metaspace: 14304K(15168K)->14304K(15168K) NonClass: 12342K(12864K)->12342K(12864K) Class: 1962K(2304K)->1962K(2304K)
[20.572s][info][gc             ] GC(50) Pause Young (Normal) (G1 Evacuation Pause) 695M->7M(1184M) 2.972ms
[20.572s][info][gc,cpu         ] GC(50) User=0.00s Sys=0.00s Real=0.00s
[21.017s][info][gc,start       ] GC(51) Pause Young (Normal) (G1 Evacuation Pause)
[21.017s][info][gc,task        ] GC(51) Using 33 workers of 33 for evacuation
[21.020s][info][gc,phases      ] GC(51)   Pre Evacuate Collection Set: 0.1ms
[21.020s][info][gc,phases      ] GC(51)   Merge Heap Roots: 0.2ms
[21.020s][info][gc,phases      ] GC(51)   Evacuate Collection Set: 0.4ms
[21.020s][info][gc,phases      ] GC(51)   Post Evacuate Collection Set: 2.1ms
[21.020s][info][gc,phases      ] GC(51)   Other: 0.1ms
[21.020s][info][gc,heap        ] GC(51) Eden regions: 43->0(43)
[21.020s][info][gc,heap        ] GC(51) Survivor regions: 1->1(6)
[21.020s][info][gc,heap        ] GC(51) Old regions: 7->7
[21.020s][info][gc,heap        ] GC(51) Archive regions: 0->0
[21.020s][info][gc,heap        ] GC(51) Humongous regions: 0->0
[21.020s][info][gc,metaspace   ] GC(51) Metaspace: 14304K(15168K)->14304K(15168K) NonClass: 12342K(12864K)->12342K(12864K) Class: 1962K(2304K)->1962K(2304K)
[21.020s][info][gc             ] GC(51) Pause Young (Normal) (G1 Evacuation Pause) 695M->7M(1184M) 3.114ms
[21.020s][info][gc,cpu         ] GC(51) User=0.00s Sys=0.00s Real=0.00s
[21.470s][info][gc,start       ] GC(52) Pause Young (Normal) (G1 Evacuation Pause)
[21.470s][info][gc,task        ] GC(52) Using 33 workers of 33 for evacuation
[21.473s][info][gc,phases      ] GC(52)   Pre Evacuate Collection Set: 0.1ms
[21.473s][info][gc,phases      ] GC(52)   Merge Heap Roots: 0.1ms
[21.473s][info][gc,phases      ] GC(52)   Evacuate Collection Set: 0.4ms
[21.473s][info][gc,phases      ] GC(52)   Post Evacuate Collection Set: 2.2ms
[21.473s][info][gc,phases      ] GC(52)   Other: 0.1ms
[21.473s][info][gc,heap        ] GC(52) Eden regions: 43->0(43)
[21.473s][info][gc,heap        ] GC(52) Survivor regions: 1->1(6)
[21.473s][info][gc,heap        ] GC(52) Old regions: 7->7
[21.473s][info][gc,heap        ] GC(52) Archive regions: 0->0
[21.473s][info][gc,heap        ] GC(52) Humongous regions: 0->0
[21.473s][info][gc,metaspace   ] GC(52) Metaspace: 14304K(15168K)->14304K(15168K) NonClass: 12342K(12864K)->12342K(12864K) Class: 1962K(2304K)->1962K(2304K)
[21.473s][info][gc             ] GC(52) Pause Young (Normal) (G1 Evacuation Pause) 695M->7M(1184M) 3.134ms
[21.473s][info][gc,cpu         ] GC(52) User=0.00s Sys=0.00s Real=0.00s
[21.927s][info][gc,start       ] GC(53) Pause Young (Normal) (G1 Evacuation Pause)
[21.927s][info][gc,task        ] GC(53) Using 33 workers of 33 for evacuation
[21.930s][info][gc,phases      ] GC(53)   Pre Evacuate Collection Set: 0.1ms
[21.930s][info][gc,phases      ] GC(53)   Merge Heap Roots: 0.1ms
[21.930s][info][gc,phases      ] GC(53)   Evacuate Collection Set: 0.4ms
[21.930s][info][gc,phases      ] GC(53)   Post Evacuate Collection Set: 2.1ms
[21.930s][info][gc,phases      ] GC(53)   Other: 0.1ms
[21.930s][info][gc,heap        ] GC(53) Eden regions: 43->0(43)
[21.930s][info][gc,heap        ] GC(53) Survivor regions: 1->1(6)
[21.930s][info][gc,heap        ] GC(53) Old regions: 7->7
[21.930s][info][gc,heap        ] GC(53) Archive regions: 0->0
[21.930s][info][gc,heap        ] GC(53) Humongous regions: 0->0
[21.930s][info][gc,metaspace   ] GC(53) Metaspace: 14304K(15168K)->14304K(15168K) NonClass: 12342K(12864K)->12342K(12864K) Class: 1962K(2304K)->1962K(2304K)
[21.930s][info][gc             ] GC(53) Pause Young (Normal) (G1 Evacuation Pause) 695M->7M(1184M) 3.098ms
[21.930s][info][gc,cpu         ] GC(53) User=0.00s Sys=0.00s Real=0.00s
[22.400s][info][gc,start       ] GC(54) Pause Young (Normal) (G1 Evacuation Pause)
[22.400s][info][gc,task        ] GC(54) Using 33 workers of 33 for evacuation
[22.403s][info][gc,phases      ] GC(54)   Pre Evacuate Collection Set: 0.1ms
[22.403s][info][gc,phases      ] GC(54)   Merge Heap Roots: 0.1ms
[22.403s][info][gc,phases      ] GC(54)   Evacuate Collection Set: 0.4ms
[22.403s][info][gc,phases      ] GC(54)   Post Evacuate Collection Set: 1.8ms
[22.403s][info][gc,phases      ] GC(54)   Other: 0.1ms
[22.403s][info][gc,heap        ] GC(54) Eden regions: 43->0(43)
[22.403s][info][gc,heap        ] GC(54) Survivor regions: 1->1(6)
[22.403s][info][gc,heap        ] GC(54) Old regions: 7->7
[22.403s][info][gc,heap        ] GC(54) Archive regions: 0->0
[22.403s][info][gc,heap        ] GC(54) Humongous regions: 0->0
[22.403s][info][gc,metaspace   ] GC(54) Metaspace: 14304K(15168K)->14304K(15168K) NonClass: 12342K(12864K)->12342K(12864K) Class: 1962K(2304K)->1962K(2304K)
[22.403s][info][gc             ] GC(54) Pause Young (Normal) (G1 Evacuation Pause) 695M->8M(1184M) 2.894ms
[22.403s][info][gc,cpu         ] GC(54) User=0.00s Sys=0.00s Real=0.00s
[22.851s][info][gc,start       ] GC(55) Pause Young (Normal) (G1 Evacuation Pause)
[22.851s][info][gc,task        ] GC(55) Using 33 workers of 33 for evacuation
[22.853s][info][gc,phases      ] GC(55)   Pre Evacuate Collection Set: 0.1ms
[22.853s][info][gc,phases      ] GC(55)   Merge Heap Roots: 0.1ms
[22.853s][info][gc,phases      ] GC(55)   Evacuate Collection Set: 0.4ms
[22.853s][info][gc,phases      ] GC(55)   Post Evacuate Collection Set: 1.9ms
[22.854s][info][gc,phases      ] GC(55)   Other: 0.1ms
[22.854s][info][gc,heap        ] GC(55) Eden regions: 43->0(43)
[22.854s][info][gc,heap        ] GC(55) Survivor regions: 1->1(6)
[22.854s][info][gc,heap        ] GC(55) Old regions: 7->7
[22.854s][info][gc,heap        ] GC(55) Archive regions: 0->0
[22.854s][info][gc,heap        ] GC(55) Humongous regions: 0->0
[22.854s][info][gc,metaspace   ] GC(55) Metaspace: 14304K(15168K)->14304K(15168K) NonClass: 12342K(12864K)->12342K(12864K) Class: 1962K(2304K)->1962K(2304K)
[22.854s][info][gc             ] GC(55) Pause Young (Normal) (G1 Evacuation Pause) 696M->8M(1184M) 2.873ms
[22.854s][info][gc,cpu         ] GC(55) User=0.00s Sys=0.00s Real=0.00s
[23.301s][info][gc,start       ] GC(56) Pause Young (Normal) (G1 Evacuation Pause)
[23.301s][info][gc,task        ] GC(56) Using 33 workers of 33 for evacuation
[23.304s][info][gc,phases      ] GC(56)   Pre Evacuate Collection Set: 0.1ms
[23.304s][info][gc,phases      ] GC(56)   Merge Heap Roots: 0.2ms
[23.304s][info][gc,phases      ] GC(56)   Evacuate Collection Set: 0.4ms
[23.304s][info][gc,phases      ] GC(56)   Post Evacuate Collection Set: 2.0ms
[23.304s][info][gc,phases      ] GC(56)   Other: 0.1ms
[23.304s][info][gc,heap        ] GC(56) Eden regions: 43->0(43)
[23.304s][info][gc,heap        ] GC(56) Survivor regions: 1->1(6)
[23.304s][info][gc,heap        ] GC(56) Old regions: 7->7
[23.304s][info][gc,heap        ] GC(56) Archive regions: 0->0
[23.304s][info][gc,heap        ] GC(56) Humongous regions: 0->0
[23.304s][info][gc,metaspace   ] GC(56) Metaspace: 14304K(15168K)->14304K(15168K) NonClass: 12342K(12864K)->12342K(12864K) Class: 1962K(2304K)->1962K(2304K)
[23.304s][info][gc             ] GC(56) Pause Young (Normal) (G1 Evacuation Pause) 696M->8M(1184M) 2.980ms
[23.304s][info][gc,cpu         ] GC(56) User=0.00s Sys=0.00s Real=0.00s
[23.751s][info][gc,start       ] GC(57) Pause Young (Normal) (G1 Evacuation Pause)
[23.751s][info][gc,task        ] GC(57) Using 33 workers of 33 for evacuation
[23.754s][info][gc,phases      ] GC(57)   Pre Evacuate Collection Set: 0.1ms
[23.754s][info][gc,phases      ] GC(57)   Merge Heap Roots: 0.1ms
[23.754s][info][gc,phases      ] GC(57)   Evacuate Collection Set: 0.4ms
[23.754s][info][gc,phases      ] GC(57)   Post Evacuate Collection Set: 2.1ms
[23.754s][info][gc,phases      ] GC(57)   Other: 0.1ms
[23.754s][info][gc,heap        ] GC(57) Eden regions: 43->0(43)
[23.754s][info][gc,heap        ] GC(57) Survivor regions: 1->1(6)
[23.754s][info][gc,heap        ] GC(57) Old regions: 7->7
[23.754s][info][gc,heap        ] GC(57) Archive regions: 0->0
[23.754s][info][gc,heap        ] GC(57) Humongous regions: 0->0
[23.754s][info][gc,metaspace   ] GC(57) Metaspace: 14304K(15168K)->14304K(15168K) NonClass: 12342K(12864K)->12342K(12864K) Class: 1962K(2304K)->1962K(2304K)
[23.754s][info][gc             ] GC(57) Pause Young (Normal) (G1 Evacuation Pause) 696M->8M(1184M) 3.091ms
[23.754s][info][gc,cpu         ] GC(57) User=0.00s Sys=0.00s Real=0.00s
[24.203s][info][gc,start       ] GC(58) Pause Young (Normal) (G1 Evacuation Pause)
[24.204s][info][gc,task        ] GC(58) Using 33 workers of 33 for evacuation
[24.207s][info][gc,phases      ] GC(58)   Pre Evacuate Collection Set: 0.1ms
[24.207s][info][gc,phases      ] GC(58)   Merge Heap Roots: 0.2ms
[24.207s][info][gc,phases      ] GC(58)   Evacuate Collection Set: 0.4ms
[24.207s][info][gc,phases      ] GC(58)   Post Evacuate Collection Set: 2.2ms
[24.207s][info][gc,phases      ] GC(58)   Other: 0.1ms
[24.207s][info][gc,heap        ] GC(58) Eden regions: 43->0(43)
[24.207s][info][gc,heap        ] GC(58) Survivor regions: 1->1(6)
[24.207s][info][gc,heap        ] GC(58) Old regions: 7->7
[24.207s][info][gc,heap        ] GC(58) Archive regions: 0->0
[24.207s][info][gc,heap        ] GC(58) Humongous regions: 0->0
[24.207s][info][gc,metaspace   ] GC(58) Metaspace: 14304K(15168K)->14304K(15168K) NonClass: 12342K(12864K)->12342K(12864K) Class: 1962K(2304K)->1962K(2304K)
[24.207s][info][gc             ] GC(58) Pause Young (Normal) (G1 Evacuation Pause) 696M->8M(1184M) 3.263ms
[24.207s][info][gc,cpu         ] GC(58) User=0.52s Sys=0.00s Real=0.00s
[24.656s][info][gc,start       ] GC(59) Pause Young (Normal) (G1 Evacuation Pause)
[24.656s][info][gc,task        ] GC(59) Using 33 workers of 33 for evacuation
[24.659s][info][gc,phases      ] GC(59)   Pre Evacuate Collection Set: 0.1ms
[24.659s][info][gc,phases      ] GC(59)   Merge Heap Roots: 0.2ms
[24.659s][info][gc,phases      ] GC(59)   Evacuate Collection Set: 0.4ms
[24.660s][info][gc,phases      ] GC(59)   Post Evacuate Collection Set: 2.3ms
[24.660s][info][gc,phases      ] GC(59)   Other: 0.1ms
[24.660s][info][gc,heap        ] GC(59) Eden regions: 43->0(43)
[24.660s][info][gc,heap        ] GC(59) Survivor regions: 1->1(6)
[24.660s][info][gc,heap        ] GC(59) Old regions: 7->7
[24.660s][info][gc,heap        ] GC(59) Archive regions: 0->0
[24.660s][info][gc,heap        ] GC(59) Humongous regions: 0->0
[24.660s][info][gc,metaspace   ] GC(59) Metaspace: 14304K(15168K)->14304K(15168K) NonClass: 12342K(12864K)->12342K(12864K) Class: 1962K(2304K)->1962K(2304K)
[24.660s][info][gc             ] GC(59) Pause Young (Normal) (G1 Evacuation Pause) 696M->8M(1184M) 3.278ms
[24.660s][info][gc,cpu         ] GC(59) User=0.52s Sys=0.00s Real=0.00s
[25.132s][info][gc,start       ] GC(60) Pause Young (Normal) (G1 Evacuation Pause)
[25.133s][info][gc,task        ] GC(60) Using 33 workers of 33 for evacuation
[25.135s][info][gc,phases      ] GC(60)   Pre Evacuate Collection Set: 0.1ms
[25.135s][info][gc,phases      ] GC(60)   Merge Heap Roots: 0.1ms
[25.135s][info][gc,phases      ] GC(60)   Evacuate Collection Set: 0.4ms
[25.135s][info][gc,phases      ] GC(60)   Post Evacuate Collection Set: 1.9ms
[25.135s][info][gc,phases      ] GC(60)   Other: 0.1ms
[25.135s][info][gc,heap        ] GC(60) Eden regions: 43->0(43)
[25.135s][info][gc,heap        ] GC(60) Survivor regions: 1->1(6)
[25.135s][info][gc,heap        ] GC(60) Old regions: 7->7
[25.135s][info][gc,heap        ] GC(60) Archive regions: 0->0
[25.135s][info][gc,heap        ] GC(60) Humongous regions: 0->0
[25.135s][info][gc,metaspace   ] GC(60) Metaspace: 14304K(15168K)->14304K(15168K) NonClass: 12342K(12864K)->12342K(12864K) Class: 1962K(2304K)->1962K(2304K)
[25.135s][info][gc             ] GC(60) Pause Young (Normal) (G1 Evacuation Pause) 696M->8M(1184M) 2.812ms
[25.135s][info][gc,cpu         ] GC(60) User=0.00s Sys=0.00s Real=0.00s
[25.507s][info][gc,start       ] GC(61) Pause Young (Normal) (G1 Evacuation Pause)
[25.507s][info][gc,task        ] GC(61) Using 30 workers of 33 for evacuation
[25.509s][info][gc,phases      ] GC(61)   Pre Evacuate Collection Set: 0.1ms
[25.510s][info][gc,phases      ] GC(61)   Merge Heap Roots: 0.1ms
[25.510s][info][gc,phases      ] GC(61)   Evacuate Collection Set: 0.4ms
[25.510s][info][gc,phases      ] GC(61)   Post Evacuate Collection Set: 2.0ms
[25.510s][info][gc,phases      ] GC(61)   Other: 0.1ms
[25.510s][info][gc,heap        ] GC(61) Eden regions: 43->0(43)
[25.510s][info][gc,heap        ] GC(61) Survivor regions: 1->1(6)
[25.510s][info][gc,heap        ] GC(61) Old regions: 7->7
[25.510s][info][gc,heap        ] GC(61) Archive regions: 0->0
[25.510s][info][gc,heap        ] GC(61) Humongous regions: 0->0
[25.510s][info][gc,metaspace   ] GC(61) Metaspace: 14304K(15168K)->14304K(15168K) NonClass: 12342K(12864K)->12342K(12864K) Class: 1962K(2304K)->1962K(2304K)
[25.510s][info][gc             ] GC(61) Pause Young (Normal) (G1 Evacuation Pause) 696M->8M(1184M) 3.034ms
[25.510s][info][gc,cpu         ] GC(61) User=0.00s Sys=0.00s Real=0.00s
[25.691s][info][gc,start       ] GC(62) Pause Full (System.gc())
[25.691s][info][gc,task        ] GC(62) Using 6 workers of 33 for full compaction
[25.692s][info][gc,phases,start] GC(62) Phase 1: Mark live objects
[25.704s][info][gc,phases      ] GC(62) Phase 1: Mark live objects 12.063ms
[25.704s][info][gc,phases,start] GC(62) Phase 2: Prepare compaction
[25.706s][info][gc,phases      ] GC(62) Phase 2: Prepare compaction 1.728ms
[25.706s][info][gc,phases,start] GC(62) Phase 3: Adjust pointers
[25.712s][info][gc,phases      ] GC(62) Phase 3: Adjust pointers 6.053ms
[25.712s][info][gc,phases,start] GC(62) Phase 4: Compact heap
[25.713s][info][gc,phases      ] GC(62) Phase 4: Compact heap 1.251ms
[25.721s][info][gc,heap        ] GC(62) Eden regions: 11->0(10)
[25.721s][info][gc,heap        ] GC(62) Survivor regions: 1->0(6)
[25.721s][info][gc,heap        ] GC(62) Old regions: 7->5
[25.721s][info][gc,heap        ] GC(62) Archive regions: 0->0
[25.721s][info][gc,heap        ] GC(62) Humongous regions: 0->0
[25.721s][info][gc,metaspace   ] GC(62) Metaspace: 14304K(15168K)->14304K(15168K) NonClass: 12342K(12864K)->12342K(12864K) Class: 1962K(2304K)->1962K(2304K)
[25.721s][info][gc             ] GC(62) Pause Full (System.gc()) 181M->5M(272M) 29.695ms
[25.721s][info][gc,cpu         ] GC(62) User=0.03s Sys=0.08s Real=0.03s
[25.831s][info][gc,start       ] GC(63) Pause Young (Normal) (G1 Evacuation Pause)
[25.831s][info][gc,task        ] GC(63) Using 33 workers of 33 for evacuation
[25.833s][info][gc,phases      ] GC(63)   Pre Evacuate Collection Set: 0.1ms
[25.833s][info][gc,phases      ] GC(63)   Merge Heap Roots: 0.1ms
[25.833s][info][gc,phases      ] GC(63)   Evacuate Collection Set: 0.5ms
[25.833s][info][gc,phases      ] GC(63)   Post Evacuate Collection Set: 1.2ms
[25.833s][info][gc,phases      ] GC(63)   Other: 0.1ms
[25.833s][info][gc,heap        ] GC(63) Eden regions: 10->0(9)
[25.833s][info][gc,heap        ] GC(63) Survivor regions: 0->1(2)
[25.833s][info][gc,heap        ] GC(63) Old regions: 5->5
[25.833s][info][gc,heap        ] GC(63) Archive regions: 0->0
[25.833s][info][gc,heap        ] GC(63) Humongous regions: 0->0
[25.833s][info][gc,metaspace   ] GC(63) Metaspace: 14308K(15168K)->14308K(15168K) NonClass: 12346K(12864K)->12346K(12864K) Class: 1962K(2304K)->1962K(2304K)
[25.833s][info][gc             ] GC(63) Pause Young (Normal) (G1 Evacuation Pause) 165M->6M(272M) 2.191ms
[25.833s][info][gc,cpu         ] GC(63) User=0.00s Sys=0.00s Real=0.00s
[25.926s][info][gc,start       ] GC(64) Pause Young (Normal) (G1 Evacuation Pause)
[25.926s][info][gc,task        ] GC(64) Using 33 workers of 33 for evacuation
[25.928s][info][gc,phases      ] GC(64)   Pre Evacuate Collection Set: 0.1ms
[25.928s][info][gc,phases      ] GC(64)   Merge Heap Roots: 0.1ms
[25.928s][info][gc,phases      ] GC(64)   Evacuate Collection Set: 0.5ms
[25.928s][info][gc,phases      ] GC(64)   Post Evacuate Collection Set: 1.2ms
[25.928s][info][gc,phases      ] GC(64)   Other: 0.1ms
[25.928s][info][gc,heap        ] GC(64) Eden regions: 9->0(9)
[25.928s][info][gc,heap        ] GC(64) Survivor regions: 1->1(2)
[25.928s][info][gc,heap        ] GC(64) Old regions: 5->5
[25.928s][info][gc,heap        ] GC(64) Archive regions: 0->0
[25.928s][info][gc,heap        ] GC(64) Humongous regions: 0->0
[25.928s][info][gc,metaspace   ] GC(64) Metaspace: 14308K(15168K)->14308K(15168K) NonClass: 12346K(12864K)->12346K(12864K) Class: 1962K(2304K)->1962K(2304K)
[25.928s][info][gc             ] GC(64) Pause Young (Normal) (G1 Evacuation Pause) 150M->6M(272M) 2.158ms
[25.929s][info][gc,cpu         ] GC(64) User=0.00s Sys=0.00s Real=0.00s
[26.019s][info][gc,start       ] GC(65) Pause Young (Normal) (G1 Evacuation Pause)
[26.019s][info][gc,task        ] GC(65) Using 33 workers of 33 for evacuation
[26.021s][info][gc,phases      ] GC(65)   Pre Evacuate Collection Set: 0.1ms
[26.021s][info][gc,phases      ] GC(65)   Merge Heap Roots: 0.1ms
[26.021s][info][gc,phases      ] GC(65)   Evacuate Collection Set: 0.4ms
[26.021s][info][gc,phases      ] GC(65)   Post Evacuate Collection Set: 1.2ms
[26.021s][info][gc,phases      ] GC(65)   Other: 0.1ms
[26.021s][info][gc,heap        ] GC(65) Eden regions: 9->0(9)
[26.021s][info][gc,heap        ] GC(65) Survivor regions: 1->1(2)
[26.021s][info][gc,heap        ] GC(65) Old regions: 5->5
[26.021s][info][gc,heap        ] GC(65) Archive regions: 0->0
[26.021s][info][gc,heap        ] GC(65) Humongous regions: 0->0
[26.021s][info][gc,metaspace   ] GC(65) Metaspace: 14308K(15168K)->14308K(15168K) NonClass: 12346K(12864K)->12346K(12864K) Class: 1962K(2304K)->1962K(2304K)
[26.021s][info][gc             ] GC(65) Pause Young (Normal) (G1 Evacuation Pause) 150M->6M(272M) 2.201ms
[26.021s][info][gc,cpu         ] GC(65) User=0.00s Sys=0.00s Real=0.00s
[26.109s][info][gc,start       ] GC(66) Pause Young (Normal) (G1 Evacuation Pause)
[26.109s][info][gc,task        ] GC(66) Using 33 workers of 33 for evacuation
[26.114s][info][gc,phases      ] GC(66)   Pre Evacuate Collection Set: 0.1ms
[26.114s][info][gc,phases      ] GC(66)   Merge Heap Roots: 0.1ms
[26.114s][info][gc,phases      ] GC(66)   Evacuate Collection Set: 0.4ms
[26.114s][info][gc,phases      ] GC(66)   Post Evacuate Collection Set: 3.6ms
[26.114s][info][gc,phases      ] GC(66)   Other: 0.1ms
[26.114s][info][gc,heap        ] GC(66) Eden regions: 9->0(42)
[26.114s][info][gc,heap        ] GC(66) Survivor regions: 1->1(2)
[26.114s][info][gc,heap        ] GC(66) Old regions: 5->5
[26.114s][info][gc,heap        ] GC(66) Archive regions: 0->0
[26.114s][info][gc,heap        ] GC(66) Humongous regions: 0->0
[26.114s][info][gc,metaspace   ] GC(66) Metaspace: 14308K(15168K)->14308K(15168K) NonClass: 12346K(12864K)->12346K(12864K) Class: 1962K(2304K)->1962K(2304K)
[26.114s][info][gc             ] GC(66) Pause Young (Normal) (G1 Evacuation Pause) 150M->6M(1168M) 4.550ms
[26.114s][info][gc,cpu         ] GC(66) User=0.52s Sys=0.00s Real=0.00s
[26.500s][info][gc,start       ] GC(67) Pause Young (Normal) (G1 Evacuation Pause)
[26.500s][info][gc,task        ] GC(67) Using 33 workers of 33 for evacuation
[26.504s][info][gc,phases      ] GC(67)   Pre Evacuate Collection Set: 0.1ms
[26.504s][info][gc,phases      ] GC(67)   Merge Heap Roots: 0.1ms
[26.504s][info][gc,phases      ] GC(67)   Evacuate Collection Set: 1.9ms
[26.504s][info][gc,phases      ] GC(67)   Post Evacuate Collection Set: 2.1ms
[26.504s][info][gc,phases      ] GC(67)   Other: 0.1ms
[26.504s][info][gc,heap        ] GC(67) Eden regions: 42->0(42)
[26.504s][info][gc,heap        ] GC(67) Survivor regions: 1->1(6)
[26.504s][info][gc,heap        ] GC(67) Old regions: 5->5
[26.504s][info][gc,heap        ] GC(67) Archive regions: 0->0
[26.504s][info][gc,heap        ] GC(67) Humongous regions: 0->0
[26.504s][info][gc,metaspace   ] GC(67) Metaspace: 14308K(15168K)->14308K(15168K) NonClass: 12346K(12864K)->12346K(12864K) Class: 1962K(2304K)->1962K(2304K)
[26.504s][info][gc             ] GC(67) Pause Young (Normal) (G1 Evacuation Pause) 678M->6M(1168M) 4.490ms
[26.504s][info][gc,cpu         ] GC(67) User=0.00s Sys=0.00s Real=0.00s
[26.918s][info][gc,start       ] GC(68) Pause Young (Normal) (G1 Evacuation Pause)
[26.918s][info][gc,task        ] GC(68) Using 33 workers of 33 for evacuation
[26.922s][info][gc,phases      ] GC(68)   Pre Evacuate Collection Set: 0.1ms
[26.922s][info][gc,phases      ] GC(68)   Merge Heap Roots: 0.1ms
[26.922s][info][gc,phases      ] GC(68)   Evacuate Collection Set: 2.0ms
[26.922s][info][gc,phases      ] GC(68)   Post Evacuate Collection Set: 2.1ms
[26.922s][info][gc,phases      ] GC(68)   Other: 0.1ms
[26.922s][info][gc,heap        ] GC(68) Eden regions: 42->0(42)
[26.922s][info][gc,heap        ] GC(68) Survivor regions: 1->1(6)
[26.922s][info][gc,heap        ] GC(68) Old regions: 5->5
[26.923s][info][gc,heap        ] GC(68) Archive regions: 0->0
[26.923s][info][gc,heap        ] GC(68) Humongous regions: 0->0
[26.923s][info][gc,metaspace   ] GC(68) Metaspace: 14308K(15168K)->14308K(15168K) NonClass: 12346K(12864K)->12346K(12864K) Class: 1962K(2304K)->1962K(2304K)
[26.923s][info][gc             ] GC(68) Pause Young (Normal) (G1 Evacuation Pause) 678M->6M(1168M) 4.737ms
[26.923s][info][gc,cpu         ] GC(68) User=0.00s Sys=0.00s Real=0.00s
[27.342s][info][gc,start       ] GC(69) Pause Young (Normal) (G1 Evacuation Pause)
[27.342s][info][gc,task        ] GC(69) Using 33 workers of 33 for evacuation
[27.345s][info][gc,phases      ] GC(69)   Pre Evacuate Collection Set: 0.1ms
[27.345s][info][gc,phases      ] GC(69)   Merge Heap Roots: 0.1ms
[27.345s][info][gc,phases      ] GC(69)   Evacuate Collection Set: 0.5ms
[27.346s][info][gc,phases      ] GC(69)   Post Evacuate Collection Set: 2.2ms
[27.346s][info][gc,phases      ] GC(69)   Other: 0.1ms
[27.346s][info][gc,heap        ] GC(69) Eden regions: 42->0(42)
[27.346s][info][gc,heap        ] GC(69) Survivor regions: 1->1(6)
[27.346s][info][gc,heap        ] GC(69) Old regions: 5->5
[27.346s][info][gc,heap        ] GC(69) Archive regions: 0->0
[27.346s][info][gc,heap        ] GC(69) Humongous regions: 0->0
[27.346s][info][gc,metaspace   ] GC(69) Metaspace: 14308K(15168K)->14308K(15168K) NonClass: 12346K(12864K)->12346K(12864K) Class: 1962K(2304K)->1962K(2304K)
[27.346s][info][gc             ] GC(69) Pause Young (Normal) (G1 Evacuation Pause) 678M->6M(1168M) 3.251ms
[27.346s][info][gc,cpu         ] GC(69) User=0.00s Sys=0.00s Real=0.00s
[27.756s][info][gc,start       ] GC(70) Pause Young (Normal) (G1 Evacuation Pause)
[27.756s][info][gc,task        ] GC(70) Using 33 workers of 33 for evacuation
[27.759s][info][gc,phases      ] GC(70)   Pre Evacuate Collection Set: 0.1ms
[27.759s][info][gc,phases      ] GC(70)   Merge Heap Roots: 0.1ms
[27.759s][info][gc,phases      ] GC(70)   Evacuate Collection Set: 0.6ms
[27.759s][info][gc,phases      ] GC(70)   Post Evacuate Collection Set: 2.2ms
[27.759s][info][gc,phases      ] GC(70)   Other: 0.1ms
[27.759s][info][gc,heap        ] GC(70) Eden regions: 42->0(42)
[27.759s][info][gc,heap        ] GC(70) Survivor regions: 1->1(6)
[27.759s][info][gc,heap        ] GC(70) Old regions: 5->5
[27.759s][info][gc,heap        ] GC(70) Archive regions: 0->0
[27.759s][info][gc,heap        ] GC(70) Humongous regions: 0->0
[27.759s][info][gc,metaspace   ] GC(70) Metaspace: 14308K(15168K)->14308K(15168K) NonClass: 12346K(12864K)->12346K(12864K) Class: 1962K(2304K)->1962K(2304K)
[27.759s][info][gc             ] GC(70) Pause Young (Normal) (G1 Evacuation Pause) 678M->7M(1168M) 3.333ms
[27.759s][info][gc,cpu         ] GC(70) User=0.00s Sys=0.00s Real=0.00s
[28.174s][info][gc,start       ] GC(71) Pause Young (Normal) (G1 Evacuation Pause)
[28.174s][info][gc,task        ] GC(71) Using 33 workers of 33 for evacuation
[28.177s][info][gc,phases      ] GC(71)   Pre Evacuate Collection Set: 0.1ms
[28.177s][info][gc,phases      ] GC(71)   Merge Heap Roots: 0.1ms
[28.177s][info][gc,phases      ] GC(71)   Evacuate Collection Set: 0.5ms
[28.177s][info][gc,phases      ] GC(71)   Post Evacuate Collection Set: 2.3ms
[28.177s][info][gc,phases      ] GC(71)   Other: 0.1ms
[28.177s][info][gc,heap        ] GC(71) Eden regions: 42->0(42)
[28.177s][info][gc,heap        ] GC(71) Survivor regions: 1->1(6)
[28.177s][info][gc,heap        ] GC(71) Old regions: 5->5
[28.177s][info][gc,heap        ] GC(71) Archive regions: 0->0
[28.177s][info][gc,heap        ] GC(71) Humongous regions: 0->0
[28.177s][info][gc,metaspace   ] GC(71) Metaspace: 14308K(15168K)->14308K(15168K) NonClass: 12346K(12864K)->12346K(12864K) Class: 1962K(2304K)->1962K(2304K)
[28.177s][info][gc             ] GC(71) Pause Young (Normal) (G1 Evacuation Pause) 679M->7M(1168M) 3.364ms
[28.177s][info][gc,cpu         ] GC(71) User=0.00s Sys=0.00s Real=0.00s
[28.588s][info][gc,start       ] GC(72) Pause Young (Normal) (G1 Evacuation Pause)
[28.588s][info][gc,task        ] GC(72) Using 33 workers of 33 for evacuation
[28.591s][info][gc,phases      ] GC(72)   Pre Evacuate Collection Set: 0.1ms
[28.591s][info][gc,phases      ] GC(72)   Merge Heap Roots: 0.1ms
[28.591s][info][gc,phases      ] GC(72)   Evacuate Collection Set: 0.6ms
[28.591s][info][gc,phases      ] GC(72)   Post Evacuate Collection Set: 2.4ms
[28.591s][info][gc,phases      ] GC(72)   Other: 0.1ms
[28.591s][info][gc,heap        ] GC(72) Eden regions: 42->0(42)
[28.591s][info][gc,heap        ] GC(72) Survivor regions: 1->1(6)
[28.592s][info][gc,heap        ] GC(72) Old regions: 5->5
[28.592s][info][gc,heap        ] GC(72) Archive regions: 0->0
[28.592s][info][gc,heap        ] GC(72) Humongous regions: 0->0
[28.592s][info][gc,metaspace   ] GC(72) Metaspace: 14308K(15168K)->14308K(15168K) NonClass: 12346K(12864K)->12346K(12864K) Class: 1962K(2304K)->1962K(2304K)
[28.592s][info][gc             ] GC(72) Pause Young (Normal) (G1 Evacuation Pause) 679M->7M(1168M) 3.464ms
[28.592s][info][gc,cpu         ] GC(72) User=0.00s Sys=0.00s Real=0.00s
[29.015s][info][gc,start       ] GC(73) Pause Young (Normal) (G1 Evacuation Pause)
[29.015s][info][gc,task        ] GC(73) Using 33 workers of 33 for evacuation
[29.018s][info][gc,phases      ] GC(73)   Pre Evacuate Collection Set: 0.1ms
[29.018s][info][gc,phases      ] GC(73)   Merge Heap Roots: 0.1ms
[29.018s][info][gc,phases      ] GC(73)   Evacuate Collection Set: 0.5ms
[29.018s][info][gc,phases      ] GC(73)   Post Evacuate Collection Set: 2.0ms
[29.018s][info][gc,phases      ] GC(73)   Other: 0.1ms
[29.018s][info][gc,heap        ] GC(73) Eden regions: 42->0(42)
[29.018s][info][gc,heap        ] GC(73) Survivor regions: 1->1(6)
[29.018s][info][gc,heap        ] GC(73) Old regions: 5->5
[29.018s][info][gc,heap        ] GC(73) Archive regions: 0->0
[29.018s][info][gc,heap        ] GC(73) Humongous regions: 0->0
[29.018s][info][gc,metaspace   ] GC(73) Metaspace: 14308K(15168K)->14308K(15168K) NonClass: 12346K(12864K)->12346K(12864K) Class: 1962K(2304K)->1962K(2304K)
[29.018s][info][gc             ] GC(73) Pause Young (Normal) (G1 Evacuation Pause) 679M->7M(1168M) 3.013ms
[29.018s][info][gc,cpu         ] GC(73) User=0.52s Sys=0.00s Real=0.00s
[29.432s][info][gc,start       ] GC(74) Pause Young (Normal) (G1 Evacuation Pause)
[29.432s][info][gc,task        ] GC(74) Using 33 workers of 33 for evacuation
[29.435s][info][gc,phases      ] GC(74)   Pre Evacuate Collection Set: 0.1ms
[29.435s][info][gc,phases      ] GC(74)   Merge Heap Roots: 0.1ms
[29.435s][info][gc,phases      ] GC(74)   Evacuate Collection Set: 0.5ms
[29.435s][info][gc,phases      ] GC(74)   Post Evacuate Collection Set: 2.2ms
[29.435s][info][gc,phases      ] GC(74)   Other: 0.1ms
[29.435s][info][gc,heap        ] GC(74) Eden regions: 42->0(42)
[29.435s][info][gc,heap        ] GC(74) Survivor regions: 1->1(6)
[29.435s][info][gc,heap        ] GC(74) Old regions: 5->5
[29.435s][info][gc,heap        ] GC(74) Archive regions: 0->0
[29.435s][info][gc,heap        ] GC(74) Humongous regions: 0->0
[29.435s][info][gc,metaspace   ] GC(74) Metaspace: 14308K(15168K)->14308K(15168K) NonClass: 12346K(12864K)->12346K(12864K) Class: 1962K(2304K)->1962K(2304K)
[29.435s][info][gc             ] GC(74) Pause Young (Normal) (G1 Evacuation Pause) 679M->7M(1168M) 3.213ms
[29.435s][info][gc,cpu         ] GC(74) User=0.00s Sys=0.00s Real=0.00s
[29.853s][info][gc,start       ] GC(75) Pause Young (Normal) (G1 Evacuation Pause)
[29.853s][info][gc,task        ] GC(75) Using 33 workers of 33 for evacuation
[29.856s][info][gc,phases      ] GC(75)   Pre Evacuate Collection Set: 0.1ms
[29.856s][info][gc,phases      ] GC(75)   Merge Heap Roots: 0.1ms
[29.856s][info][gc,phases      ] GC(75)   Evacuate Collection Set: 0.5ms
[29.856s][info][gc,phases      ] GC(75)   Post Evacuate Collection Set: 2.0ms
[29.856s][info][gc,phases      ] GC(75)   Other: 0.1ms
[29.856s][info][gc,heap        ] GC(75) Eden regions: 42->0(42)
[29.856s][info][gc,heap        ] GC(75) Survivor regions: 1->1(6)
[29.856s][info][gc,heap        ] GC(75) Old regions: 5->5
[29.856s][info][gc,heap        ] GC(75) Archive regions: 0->0
[29.856s][info][gc,heap        ] GC(75) Humongous regions: 0->0
[29.856s][info][gc,metaspace   ] GC(75) Metaspace: 14308K(15168K)->14308K(15168K) NonClass: 12346K(12864K)->12346K(12864K) Class: 1962K(2304K)->1962K(2304K)
[29.856s][info][gc             ] GC(75) Pause Young (Normal) (G1 Evacuation Pause) 679M->7M(1168M) 3.138ms
[29.856s][info][gc,cpu         ] GC(75) User=0.00s Sys=0.00s Real=0.00s
[30.265s][info][gc,start       ] GC(76) Pause Young (Normal) (G1 Evacuation Pause)
[30.265s][info][gc,task        ] GC(76) Using 33 workers of 33 for evacuation
[30.268s][info][gc,phases      ] GC(76)   Pre Evacuate Collection Set: 0.1ms
[30.268s][info][gc,phases      ] GC(76)   Merge Heap Roots: 0.1ms
[30.268s][info][gc,phases      ] GC(76)   Evacuate Collection Set: 0.6ms
[30.268s][info][gc,phases      ] GC(76)   Post Evacuate Collection Set: 2.2ms
[30.268s][info][gc,phases      ] GC(76)   Other: 0.1ms
[30.268s][info][gc,heap        ] GC(76) Eden regions: 42->0(42)
[30.268s][info][gc,heap        ] GC(76) Survivor regions: 1->1(6)
[30.268s][info][gc,heap        ] GC(76) Old regions: 5->5
[30.268s][info][gc,heap        ] GC(76) Archive regions: 0->0
[30.268s][info][gc,heap        ] GC(76) Humongous regions: 0->0
[30.268s][info][gc,metaspace   ] GC(76) Metaspace: 14308K(15168K)->14308K(15168K) NonClass: 12346K(12864K)->12346K(12864K) Class: 1962K(2304K)->1962K(2304K)
[30.268s][info][gc             ] GC(76) Pause Young (Normal) (G1 Evacuation Pause) 679M->7M(1168M) 3.290ms
[30.268s][info][gc,cpu         ] GC(76) User=0.52s Sys=0.00s Real=0.00s
[30.688s][info][gc,start       ] GC(77) Pause Young (Normal) (G1 Evacuation Pause)
[30.688s][info][gc,task        ] GC(77) Using 33 workers of 33 for evacuation
[30.691s][info][gc,phases      ] GC(77)   Pre Evacuate Collection Set: 0.1ms
[30.692s][info][gc,phases      ] GC(77)   Merge Heap Roots: 0.1ms
[30.692s][info][gc,phases      ] GC(77)   Evacuate Collection Set: 0.6ms
[30.692s][info][gc,phases      ] GC(77)   Post Evacuate Collection Set: 2.3ms
[30.692s][info][gc,phases      ] GC(77)   Other: 0.1ms
[30.692s][info][gc,heap        ] GC(77) Eden regions: 42->0(42)
[30.692s][info][gc,heap        ] GC(77) Survivor regions: 1->1(6)
[30.692s][info][gc,heap        ] GC(77) Old regions: 5->5
[30.692s][info][gc,heap        ] GC(77) Archive regions: 0->0
[30.692s][info][gc,heap        ] GC(77) Humongous regions: 0->0
[30.692s][info][gc,metaspace   ] GC(77) Metaspace: 14308K(15168K)->14308K(15168K) NonClass: 12346K(12864K)->12346K(12864K) Class: 1962K(2304K)->1962K(2304K)
[30.692s][info][gc             ] GC(77) Pause Young (Normal) (G1 Evacuation Pause) 679M->7M(1168M) 3.394ms
[30.692s][info][gc,cpu         ] GC(77) User=0.00s Sys=0.02s Real=0.00s
[31.099s][info][gc,start       ] GC(78) Pause Young (Normal) (G1 Evacuation Pause)
[31.099s][info][gc,task        ] GC(78) Using 33 workers of 33 for evacuation
[31.103s][info][gc,phases      ] GC(78)   Pre Evacuate Collection Set: 0.1ms
[31.103s][info][gc,phases      ] GC(78)   Merge Heap Roots: 0.1ms
[31.103s][info][gc,phases      ] GC(78)   Evacuate Collection Set: 0.5ms
[31.103s][info][gc,phases      ] GC(78)   Post Evacuate Collection Set: 2.3ms
[31.103s][info][gc,phases      ] GC(78)   Other: 0.1ms
[31.103s][info][gc,heap        ] GC(78) Eden regions: 42->0(42)
[31.103s][info][gc,heap        ] GC(78) Survivor regions: 1->1(6)
[31.103s][info][gc,heap        ] GC(78) Old regions: 5->6
[31.103s][info][gc,heap        ] GC(78) Archive regions: 0->0
[31.103s][info][gc,heap        ] GC(78) Humongous regions: 0->0
[31.103s][info][gc,metaspace   ] GC(78) Metaspace: 14308K(15168K)->14308K(15168K) NonClass: 12346K(12864K)->12346K(12864K) Class: 1962K(2304K)->1962K(2304K)
[31.103s][info][gc             ] GC(78) Pause Young (Normal) (G1 Evacuation Pause) 679M->7M(1168M) 3.363ms
[31.103s][info][gc,cpu         ] GC(78) User=0.00s Sys=0.00s Real=0.00s
[31.530s][info][gc,start       ] GC(79) Pause Young (Normal) (G1 Evacuation Pause)
[31.530s][info][gc,task        ] GC(79) Using 33 workers of 33 for evacuation
[31.533s][info][gc,phases      ] GC(79)   Pre Evacuate Collection Set: 0.1ms
[31.533s][info][gc,phases      ] GC(79)   Merge Heap Roots: 0.1ms
[31.533s][info][gc,phases      ] GC(79)   Evacuate Collection Set: 0.4ms
[31.533s][info][gc,phases      ] GC(79)   Post Evacuate Collection Set: 2.3ms
[31.533s][info][gc,phases      ] GC(79)   Other: 0.1ms
[31.533s][info][gc,heap        ] GC(79) Eden regions: 42->0(42)
[31.533s][info][gc,heap        ] GC(79) Survivor regions: 1->1(6)
[31.533s][info][gc,heap        ] GC(79) Old regions: 6->6
[31.533s][info][gc,heap        ] GC(79) Archive regions: 0->0
[31.533s][info][gc,heap        ] GC(79) Humongous regions: 0->0
[31.533s][info][gc,metaspace   ] GC(79) Metaspace: 14308K(15168K)->14308K(15168K) NonClass: 12346K(12864K)->12346K(12864K) Class: 1962K(2304K)->1962K(2304K)
[31.533s][info][gc             ] GC(79) Pause Young (Normal) (G1 Evacuation Pause) 679M->7M(1168M) 3.256ms
[31.533s][info][gc,cpu         ] GC(79) User=0.52s Sys=0.00s Real=0.00s
[31.969s][info][gc,start       ] GC(80) Pause Young (Normal) (G1 Evacuation Pause)
[31.969s][info][gc,task        ] GC(80) Using 33 workers of 33 for evacuation
[31.972s][info][gc,phases      ] GC(80)   Pre Evacuate Collection Set: 0.1ms
[31.972s][info][gc,phases      ] GC(80)   Merge Heap Roots: 0.1ms
[31.972s][info][gc,phases      ] GC(80)   Evacuate Collection Set: 0.4ms
[31.972s][info][gc,phases      ] GC(80)   Post Evacuate Collection Set: 2.1ms
[31.972s][info][gc,phases      ] GC(80)   Other: 0.1ms
[31.972s][info][gc,heap        ] GC(80) Eden regions: 42->0(42)
[31.972s][info][gc,heap        ] GC(80) Survivor regions: 1->1(6)
[31.972s][info][gc,heap        ] GC(80) Old regions: 6->6
[31.972s][info][gc,heap        ] GC(80) Archive regions: 0->0
[31.972s][info][gc,heap        ] GC(80) Humongous regions: 0->0
[31.972s][info][gc,metaspace   ] GC(80) Metaspace: 14308K(15168K)->14308K(15168K) NonClass: 12346K(12864K)->12346K(12864K) Class: 1962K(2304K)->1962K(2304K)
[31.972s][info][gc             ] GC(80) Pause Young (Normal) (G1 Evacuation Pause) 679M->7M(1168M) 3.018ms
[31.972s][info][gc,cpu         ] GC(80) User=0.52s Sys=0.00s Real=0.00s
[32.405s][info][gc,start       ] GC(81) Pause Young (Normal) (G1 Evacuation Pause)
[32.406s][info][gc,task        ] GC(81) Using 33 workers of 33 for evacuation
[32.408s][info][gc,phases      ] GC(81)   Pre Evacuate Collection Set: 0.1ms
[32.408s][info][gc,phases      ] GC(81)   Merge Heap Roots: 0.1ms
[32.408s][info][gc,phases      ] GC(81)   Evacuate Collection Set: 0.4ms
[32.408s][info][gc,phases      ] GC(81)   Post Evacuate Collection Set: 2.0ms
[32.408s][info][gc,phases      ] GC(81)   Other: 0.1ms
[32.408s][info][gc,heap        ] GC(81) Eden regions: 42->0(42)
[32.408s][info][gc,heap        ] GC(81) Survivor regions: 1->1(6)
[32.408s][info][gc,heap        ] GC(81) Old regions: 6->6
[32.408s][info][gc,heap        ] GC(81) Archive regions: 0->0
[32.408s][info][gc,heap        ] GC(81) Humongous regions: 0->0
[32.408s][info][gc,metaspace   ] GC(81) Metaspace: 14308K(15168K)->14308K(15168K) NonClass: 12346K(12864K)->12346K(12864K) Class: 1962K(2304K)->1962K(2304K)
[32.408s][info][gc             ] GC(81) Pause Young (Normal) (G1 Evacuation Pause) 679M->7M(1168M) 2.951ms
[32.408s][info][gc,cpu         ] GC(81) User=0.52s Sys=0.00s Real=0.00s
[32.830s][info][gc,start       ] GC(82) Pause Young (Normal) (G1 Evacuation Pause)
[32.830s][info][gc,task        ] GC(82) Using 33 workers of 33 for evacuation
[32.833s][info][gc,phases      ] GC(82)   Pre Evacuate Collection Set: 0.1ms
[32.833s][info][gc,phases      ] GC(82)   Merge Heap Roots: 0.2ms
[32.833s][info][gc,phases      ] GC(82)   Evacuate Collection Set: 0.4ms
[32.833s][info][gc,phases      ] GC(82)   Post Evacuate Collection Set: 2.1ms
[32.833s][info][gc,phases      ] GC(82)   Other: 0.1ms
[32.833s][info][gc,heap        ] GC(82) Eden regions: 42->0(42)
[32.833s][info][gc,heap        ] GC(82) Survivor regions: 1->1(6)
[32.833s][info][gc,heap        ] GC(82) Old regions: 6->6
[32.833s][info][gc,heap        ] GC(82) Archive regions: 0->0
[32.833s][info][gc,heap        ] GC(82) Humongous regions: 0->0
[32.833s][info][gc,metaspace   ] GC(82) Metaspace: 14308K(15168K)->14308K(15168K) NonClass: 12346K(12864K)->12346K(12864K) Class: 1962K(2304K)->1962K(2304K)
[32.833s][info][gc             ] GC(82) Pause Young (Normal) (G1 Evacuation Pause) 679M->7M(1168M) 3.066ms
[32.833s][info][gc,cpu         ] GC(82) User=0.00s Sys=0.00s Real=0.00s
[33.254s][info][gc,start       ] GC(83) Pause Young (Normal) (G1 Evacuation Pause)
[33.254s][info][gc,task        ] GC(83) Using 33 workers of 33 for evacuation
[33.257s][info][gc,phases      ] GC(83)   Pre Evacuate Collection Set: 0.1ms
[33.257s][info][gc,phases      ] GC(83)   Merge Heap Roots: 0.1ms
[33.257s][info][gc,phases      ] GC(83)   Evacuate Collection Set: 0.4ms
[33.257s][info][gc,phases      ] GC(83)   Post Evacuate Collection Set: 2.2ms
[33.257s][info][gc,phases      ] GC(83)   Other: 0.1ms
[33.257s][info][gc,heap        ] GC(83) Eden regions: 42->0(42)
[33.257s][info][gc,heap        ] GC(83) Survivor regions: 1->1(6)
[33.257s][info][gc,heap        ] GC(83) Old regions: 6->6
[33.257s][info][gc,heap        ] GC(83) Archive regions: 0->0
[33.257s][info][gc,heap        ] GC(83) Humongous regions: 0->0
[33.257s][info][gc,metaspace   ] GC(83) Metaspace: 14308K(15168K)->14308K(15168K) NonClass: 12346K(12864K)->12346K(12864K) Class: 1962K(2304K)->1962K(2304K)
[33.257s][info][gc             ] GC(83) Pause Young (Normal) (G1 Evacuation Pause) 679M->7M(1168M) 3.166ms
[33.257s][info][gc,cpu         ] GC(83) User=0.00s Sys=0.00s Real=0.00s
[33.681s][info][gc,start       ] GC(84) Pause Young (Normal) (G1 Evacuation Pause)
[33.681s][info][gc,task        ] GC(84) Using 33 workers of 33 for evacuation
[33.684s][info][gc,phases      ] GC(84)   Pre Evacuate Collection Set: 0.1ms
[33.684s][info][gc,phases      ] GC(84)   Merge Heap Roots: 0.1ms
[33.684s][info][gc,phases      ] GC(84)   Evacuate Collection Set: 0.4ms
[33.684s][info][gc,phases      ] GC(84)   Post Evacuate Collection Set: 2.3ms
[33.684s][info][gc,phases      ] GC(84)   Other: 0.1ms
[33.684s][info][gc,heap        ] GC(84) Eden regions: 42->0(42)
[33.684s][info][gc,heap        ] GC(84) Survivor regions: 1->1(6)
[33.684s][info][gc,heap        ] GC(84) Old regions: 6->6
[33.684s][info][gc,heap        ] GC(84) Archive regions: 0->0
[33.684s][info][gc,heap        ] GC(84) Humongous regions: 0->0
[33.684s][info][gc,metaspace   ] GC(84) Metaspace: 14308K(15168K)->14308K(15168K) NonClass: 12346K(12864K)->12346K(12864K) Class: 1962K(2304K)->1962K(2304K)
[33.684s][info][gc             ] GC(84) Pause Young (Normal) (G1 Evacuation Pause) 679M->8M(1168M) 3.199ms
[33.684s][info][gc,cpu         ] GC(84) User=0.00s Sys=0.00s Real=0.00s
[34.121s][info][gc,start       ] GC(85) Pause Young (Normal) (G1 Evacuation Pause)
[34.121s][info][gc,task        ] GC(85) Using 33 workers of 33 for evacuation
[34.125s][info][gc,phases      ] GC(85)   Pre Evacuate Collection Set: 0.1ms
[34.125s][info][gc,phases      ] GC(85)   Merge Heap Roots: 0.2ms
[34.125s][info][gc,phases      ] GC(85)   Evacuate Collection Set: 0.4ms
[34.125s][info][gc,phases      ] GC(85)   Post Evacuate Collection Set: 2.5ms
[34.125s][info][gc,phases      ] GC(85)   Other: 0.1ms
[34.125s][info][gc,heap        ] GC(85) Eden regions: 42->0(42)
[34.125s][info][gc,heap        ] GC(85) Survivor regions: 1->1(6)
[34.125s][info][gc,heap        ] GC(85) Old regions: 6->6
[34.125s][info][gc,heap        ] GC(85) Archive regions: 0->0
[34.125s][info][gc,heap        ] GC(85) Humongous regions: 0->0
[34.125s][info][gc,metaspace   ] GC(85) Metaspace: 14308K(15168K)->14308K(15168K) NonClass: 12346K(12864K)->12346K(12864K) Class: 1962K(2304K)->1962K(2304K)
[34.125s][info][gc             ] GC(85) Pause Young (Normal) (G1 Evacuation Pause) 680M->8M(1168M) 3.718ms
[34.125s][info][gc,cpu         ] GC(85) User=0.00s Sys=0.00s Real=0.00s
[34.559s][info][gc,start       ] GC(86) Pause Young (Normal) (G1 Evacuation Pause)
[34.559s][info][gc,task        ] GC(86) Using 33 workers of 33 for evacuation
[34.562s][info][gc,phases      ] GC(86)   Pre Evacuate Collection Set: 0.1ms
[34.562s][info][gc,phases      ] GC(86)   Merge Heap Roots: 0.1ms
[34.562s][info][gc,phases      ] GC(86)   Evacuate Collection Set: 0.4ms
[34.562s][info][gc,phases      ] GC(86)   Post Evacuate Collection Set: 2.2ms
[34.562s][info][gc,phases      ] GC(86)   Other: 0.1ms
[34.562s][info][gc,heap        ] GC(86) Eden regions: 42->0(42)
[34.562s][info][gc,heap        ] GC(86) Survivor regions: 1->1(6)
[34.562s][info][gc,heap        ] GC(86) Old regions: 6->6
[34.562s][info][gc,heap        ] GC(86) Archive regions: 0->0
[34.562s][info][gc,heap        ] GC(86) Humongous regions: 0->0
[34.562s][info][gc,metaspace   ] GC(86) Metaspace: 14308K(15168K)->14308K(15168K) NonClass: 12346K(12864K)->12346K(12864K) Class: 1962K(2304K)->1962K(2304K)
[34.562s][info][gc             ] GC(86) Pause Young (Normal) (G1 Evacuation Pause) 680M->8M(1168M) 3.249ms
[34.562s][info][gc,cpu         ] GC(86) User=0.00s Sys=0.00s Real=0.00s
[35.002s][info][gc,start       ] GC(87) Pause Young (Normal) (G1 Evacuation Pause)
[35.003s][info][gc,task        ] GC(87) Using 33 workers of 33 for evacuation
[35.005s][info][gc,phases      ] GC(87)   Pre Evacuate Collection Set: 0.1ms
[35.005s][info][gc,phases      ] GC(87)   Merge Heap Roots: 0.1ms
[35.005s][info][gc,phases      ] GC(87)   Evacuate Collection Set: 0.4ms
[35.005s][info][gc,phases      ] GC(87)   Post Evacuate Collection Set: 2.0ms
[35.005s][info][gc,phases      ] GC(87)   Other: 0.1ms
[35.005s][info][gc,heap        ] GC(87) Eden regions: 42->0(42)
[35.005s][info][gc,heap        ] GC(87) Survivor regions: 1->1(6)
[35.005s][info][gc,heap        ] GC(87) Old regions: 6->6
[35.005s][info][gc,heap        ] GC(87) Archive regions: 0->0
[35.005s][info][gc,heap        ] GC(87) Humongous regions: 0->0
[35.005s][info][gc,metaspace   ] GC(87) Metaspace: 14308K(15168K)->14308K(15168K) NonClass: 12346K(12864K)->12346K(12864K) Class: 1962K(2304K)->1962K(2304K)
[35.005s][info][gc             ] GC(87) Pause Young (Normal) (G1 Evacuation Pause) 680M->8M(1168M) 2.928ms
[35.005s][info][gc,cpu         ] GC(87) User=0.00s Sys=0.00s Real=0.00s
[35.426s][info][gc,start       ] GC(88) Pause Young (Normal) (G1 Evacuation Pause)
[35.426s][info][gc,task        ] GC(88) Using 33 workers of 33 for evacuation
[35.429s][info][gc,phases      ] GC(88)   Pre Evacuate Collection Set: 0.1ms
[35.429s][info][gc,phases      ] GC(88)   Merge Heap Roots: 0.2ms
[35.429s][info][gc,phases      ] GC(88)   Evacuate Collection Set: 0.4ms
[35.429s][info][gc,phases      ] GC(88)   Post Evacuate Collection Set: 2.1ms
[35.429s][info][gc,phases      ] GC(88)   Other: 0.1ms
[35.429s][info][gc,heap        ] GC(88) Eden regions: 42->0(42)
[35.429s][info][gc,heap        ] GC(88) Survivor regions: 1->1(6)
[35.429s][info][gc,heap        ] GC(88) Old regions: 6->6
[35.429s][info][gc,heap        ] GC(88) Archive regions: 0->0
[35.429s][info][gc,heap        ] GC(88) Humongous regions: 0->0
[35.429s][info][gc,metaspace   ] GC(88) Metaspace: 14308K(15168K)->14308K(15168K) NonClass: 12346K(12864K)->12346K(12864K) Class: 1962K(2304K)->1962K(2304K)
[35.429s][info][gc             ] GC(88) Pause Young (Normal) (G1 Evacuation Pause) 680M->8M(1168M) 3.017ms
[35.429s][info][gc,cpu         ] GC(88) User=0.00s Sys=0.00s Real=0.00s
[35.840s][info][gc,start       ] GC(89) Pause Young (Normal) (G1 Evacuation Pause)
[35.840s][info][gc,task        ] GC(89) Using 33 workers of 33 for evacuation
[35.843s][info][gc,phases      ] GC(89)   Pre Evacuate Collection Set: 0.1ms
[35.843s][info][gc,phases      ] GC(89)   Merge Heap Roots: 0.1ms
[35.843s][info][gc,phases      ] GC(89)   Evacuate Collection Set: 0.3ms
[35.843s][info][gc,phases      ] GC(89)   Post Evacuate Collection Set: 2.2ms
[35.843s][info][gc,phases      ] GC(89)   Other: 0.1ms
[35.843s][info][gc,heap        ] GC(89) Eden regions: 42->0(42)
[35.843s][info][gc,heap        ] GC(89) Survivor regions: 1->1(6)
[35.843s][info][gc,heap        ] GC(89) Old regions: 6->6
[35.843s][info][gc,heap        ] GC(89) Archive regions: 0->0
[35.843s][info][gc,heap        ] GC(89) Humongous regions: 0->0
[35.843s][info][gc,metaspace   ] GC(89) Metaspace: 14308K(15168K)->14308K(15168K) NonClass: 12346K(12864K)->12346K(12864K) Class: 1962K(2304K)->1962K(2304K)
[35.843s][info][gc             ] GC(89) Pause Young (Normal) (G1 Evacuation Pause) 680M->8M(1168M) 3.116ms
[35.843s][info][gc,cpu         ] GC(89) User=0.00s Sys=0.00s Real=0.00s
[36.162s][info][gc,start       ] GC(90) Pause Young (Normal) (G1 Evacuation Pause)
[36.162s][info][gc,task        ] GC(90) Using 30 workers of 33 for evacuation
[36.165s][info][gc,phases      ] GC(90)   Pre Evacuate Collection Set: 0.1ms
[36.165s][info][gc,phases      ] GC(90)   Merge Heap Roots: 0.2ms
[36.165s][info][gc,phases      ] GC(90)   Evacuate Collection Set: 0.4ms
[36.165s][info][gc,phases      ] GC(90)   Post Evacuate Collection Set: 2.4ms
[36.165s][info][gc,phases      ] GC(90)   Other: 0.1ms
[36.165s][info][gc,heap        ] GC(90) Eden regions: 42->0(42)
[36.165s][info][gc,heap        ] GC(90) Survivor regions: 1->1(6)
[36.165s][info][gc,heap        ] GC(90) Old regions: 6->6
[36.165s][info][gc,heap        ] GC(90) Archive regions: 0->0
[36.165s][info][gc,heap        ] GC(90) Humongous regions: 0->0
[36.165s][info][gc,metaspace   ] GC(90) Metaspace: 14308K(15168K)->14308K(15168K) NonClass: 12346K(12864K)->12346K(12864K) Class: 1962K(2304K)->1962K(2304K)
[36.165s][info][gc             ] GC(90) Pause Young (Normal) (G1 Evacuation Pause) 680M->8M(1168M) 3.353ms
[36.165s][info][gc,cpu         ] GC(90) User=0.00s Sys=0.00s Real=0.00s
[36.281s][info][gc,start       ] GC(91) Pause Full (System.gc())
[36.281s][info][gc,task        ] GC(91) Using 6 workers of 33 for full compaction
[36.281s][info][gc,phases,start] GC(91) Phase 1: Mark live objects
[36.289s][info][gc,phases      ] GC(91) Phase 1: Mark live objects 8.455ms
[36.289s][info][gc,phases,start] GC(91) Phase 2: Prepare compaction
[36.291s][info][gc,phases      ] GC(91) Phase 2: Prepare compaction 1.690ms
[36.291s][info][gc,phases,start] GC(91) Phase 3: Adjust pointers
[36.298s][info][gc,phases      ] GC(91) Phase 3: Adjust pointers 7.066ms
[36.298s][info][gc,phases,start] GC(91) Phase 4: Compact heap
[36.300s][info][gc,phases      ] GC(91) Phase 4: Compact heap 1.282ms
[36.308s][info][gc,heap        ] GC(91) Eden regions: 7->0(12)
[36.308s][info][gc,heap        ] GC(91) Survivor regions: 1->0(6)
[36.308s][info][gc,heap        ] GC(91) Old regions: 6->6
[36.308s][info][gc,heap        ] GC(91) Archive regions: 0->0
[36.308s][info][gc,heap        ] GC(91) Humongous regions: 0->0
[36.308s][info][gc,metaspace   ] GC(91) Metaspace: 14308K(15168K)->14308K(15168K) NonClass: 12346K(12864K)->12346K(12864K) Class: 1962K(2304K)->1962K(2304K)
[36.308s][info][gc             ] GC(91) Pause Full (System.gc()) 107M->5M(320M) 27.301ms
[36.308s][info][gc,cpu         ] GC(91) User=0.09s Sys=0.00s Real=0.01s
[36.443s][info][gc,start       ] GC(92) Pause Young (Normal) (G1 Evacuation Pause)
[36.443s][info][gc,task        ] GC(92) Using 33 workers of 33 for evacuation
[36.445s][info][gc,phases      ] GC(92)   Pre Evacuate Collection Set: 0.1ms
[36.445s][info][gc,phases      ] GC(92)   Merge Heap Roots: 0.1ms
[36.445s][info][gc,phases      ] GC(92)   Evacuate Collection Set: 0.5ms
[36.445s][info][gc,phases      ] GC(92)   Post Evacuate Collection Set: 1.7ms
[36.445s][info][gc,phases      ] GC(92)   Other: 0.1ms
[36.445s][info][gc,heap        ] GC(92) Eden regions: 12->0(11)
[36.445s][info][gc,heap        ] GC(92) Survivor regions: 0->1(2)
[36.445s][info][gc,heap        ] GC(92) Old regions: 6->6
[36.445s][info][gc,heap        ] GC(92) Archive regions: 0->0
[36.445s][info][gc,heap        ] GC(92) Humongous regions: 0->0
[36.445s][info][gc,metaspace   ] GC(92) Metaspace: 14309K(15168K)->14309K(15168K) NonClass: 12347K(12864K)->12347K(12864K) Class: 1962K(2304K)->1962K(2304K)
[36.445s][info][gc             ] GC(92) Pause Young (Normal) (G1 Evacuation Pause) 197M->6M(320M) 2.636ms
[36.445s][info][gc,cpu         ] GC(92) User=0.00s Sys=0.00s Real=0.00s
[36.554s][info][gc,start       ] GC(93) Pause Young (Normal) (G1 Evacuation Pause)
[36.554s][info][gc,task        ] GC(93) Using 33 workers of 33 for evacuation
[36.556s][info][gc,phases      ] GC(93)   Pre Evacuate Collection Set: 0.1ms
[36.556s][info][gc,phases      ] GC(93)   Merge Heap Roots: 0.1ms
[36.556s][info][gc,phases      ] GC(93)   Evacuate Collection Set: 0.5ms
[36.556s][info][gc,phases      ] GC(93)   Post Evacuate Collection Set: 1.7ms
[36.556s][info][gc,phases      ] GC(93)   Other: 0.1ms
[36.556s][info][gc,heap        ] GC(93) Eden regions: 11->0(11)
[36.556s][info][gc,heap        ] GC(93) Survivor regions: 1->1(2)
[36.556s][info][gc,heap        ] GC(93) Old regions: 6->6
[36.556s][info][gc,heap        ] GC(93) Archive regions: 0->0
[36.556s][info][gc,heap        ] GC(93) Humongous regions: 0->0
[36.556s][info][gc,metaspace   ] GC(93) Metaspace: 14309K(15168K)->14309K(15168K) NonClass: 12347K(12864K)->12347K(12864K) Class: 1962K(2304K)->1962K(2304K)
[36.556s][info][gc             ] GC(93) Pause Young (Normal) (G1 Evacuation Pause) 182M->6M(320M) 2.629ms
[36.556s][info][gc,cpu         ] GC(93) User=0.00s Sys=0.00s Real=0.00s
[36.664s][info][gc,start       ] GC(94) Pause Young (Normal) (G1 Evacuation Pause)
[36.664s][info][gc,task        ] GC(94) Using 33 workers of 33 for evacuation
[36.666s][info][gc,phases      ] GC(94)   Pre Evacuate Collection Set: 0.1ms
[36.666s][info][gc,phases      ] GC(94)   Merge Heap Roots: 0.1ms
[36.666s][info][gc,phases      ] GC(94)   Evacuate Collection Set: 0.5ms
[36.666s][info][gc,phases      ] GC(94)   Post Evacuate Collection Set: 1.7ms
[36.666s][info][gc,phases      ] GC(94)   Other: 0.1ms
[36.666s][info][gc,heap        ] GC(94) Eden regions: 11->0(11)
[36.666s][info][gc,heap        ] GC(94) Survivor regions: 1->1(2)
[36.666s][info][gc,heap        ] GC(94) Old regions: 6->6
[36.666s][info][gc,heap        ] GC(94) Archive regions: 0->0
[36.666s][info][gc,heap        ] GC(94) Humongous regions: 0->0
[36.666s][info][gc,metaspace   ] GC(94) Metaspace: 14309K(15168K)->14309K(15168K) NonClass: 12347K(12864K)->12347K(12864K) Class: 1962K(2304K)->1962K(2304K)
[36.666s][info][gc             ] GC(94) Pause Young (Normal) (G1 Evacuation Pause) 182M->6M(320M) 2.656ms
[36.666s][info][gc,cpu         ] GC(94) User=0.00s Sys=0.00s Real=0.00s
[36.774s][info][gc,start       ] GC(95) Pause Young (Normal) (G1 Evacuation Pause)
[36.774s][info][gc,task        ] GC(95) Using 33 workers of 33 for evacuation
[36.779s][info][gc,phases      ] GC(95)   Pre Evacuate Collection Set: 0.1ms
[36.779s][info][gc,phases      ] GC(95)   Merge Heap Roots: 0.1ms
[36.779s][info][gc,phases      ] GC(95)   Evacuate Collection Set: 0.5ms
[36.779s][info][gc,phases      ] GC(95)   Post Evacuate Collection Set: 4.0ms
[36.779s][info][gc,phases      ] GC(95)   Other: 0.1ms
[36.779s][info][gc,heap        ] GC(95) Eden regions: 11->0(43)
[36.779s][info][gc,heap        ] GC(95) Survivor regions: 1->1(2)
[36.779s][info][gc,heap        ] GC(95) Old regions: 6->6
[36.779s][info][gc,heap        ] GC(95) Archive regions: 0->0
[36.779s][info][gc,heap        ] GC(95) Humongous regions: 0->0
[36.779s][info][gc,metaspace   ] GC(95) Metaspace: 14309K(15168K)->14309K(15168K) NonClass: 12347K(12864K)->12347K(12864K) Class: 1962K(2304K)->1962K(2304K)
[36.779s][info][gc             ] GC(95) Pause Young (Normal) (G1 Evacuation Pause) 182M->6M(1184M) 4.985ms
[36.779s][info][gc,cpu         ] GC(95) User=0.00s Sys=0.00s Real=0.00s
[37.230s][info][gc,start       ] GC(96) Pause Young (Normal) (G1 Evacuation Pause)
[37.230s][info][gc,task        ] GC(96) Using 33 workers of 33 for evacuation
[37.237s][info][gc,phases      ] GC(96)   Pre Evacuate Collection Set: 0.2ms
[37.237s][info][gc,phases      ] GC(96)   Merge Heap Roots: 0.2ms
[37.237s][info][gc,phases      ] GC(96)   Evacuate Collection Set: 3.4ms
[37.237s][info][gc,phases      ] GC(96)   Post Evacuate Collection Set: 3.2ms
[37.237s][info][gc,phases      ] GC(96)   Other: 0.1ms
[37.237s][info][gc,heap        ] GC(96) Eden regions: 43->0(43)
[37.237s][info][gc,heap        ] GC(96) Survivor regions: 1->1(6)
[37.237s][info][gc,heap        ] GC(96) Old regions: 6->6
[37.237s][info][gc,heap        ] GC(96) Archive regions: 0->0
[37.237s][info][gc,heap        ] GC(96) Humongous regions: 0->0
[37.238s][info][gc,metaspace   ] GC(96) Metaspace: 14309K(15168K)->14309K(15168K) NonClass: 12347K(12864K)->12347K(12864K) Class: 1962K(2304K)->1962K(2304K)
[37.238s][info][gc             ] GC(96) Pause Young (Normal) (G1 Evacuation Pause) 694M->6M(1184M) 7.657ms
[37.238s][info][gc,cpu         ] GC(96) User=0.52s Sys=0.00s Real=0.01s
[37.694s][info][gc,start       ] GC(97) Pause Young (Normal) (G1 Evacuation Pause)
[37.694s][info][gc,task        ] GC(97) Using 33 workers of 33 for evacuation
[37.699s][info][gc,phases      ] GC(97)   Pre Evacuate Collection Set: 0.1ms
[37.699s][info][gc,phases      ] GC(97)   Merge Heap Roots: 0.1ms
[37.699s][info][gc,phases      ] GC(97)   Evacuate Collection Set: 2.1ms
[37.699s][info][gc,phases      ] GC(97)   Post Evacuate Collection Set: 2.0ms
[37.699s][info][gc,phases      ] GC(97)   Other: 0.1ms
[37.699s][info][gc,heap        ] GC(97) Eden regions: 43->0(43)
[37.699s][info][gc,heap        ] GC(97) Survivor regions: 1->1(6)
[37.699s][info][gc,heap        ] GC(97) Old regions: 6->6
[37.699s][info][gc,heap        ] GC(97) Archive regions: 0->0
[37.699s][info][gc,heap        ] GC(97) Humongous regions: 0->0
[37.699s][info][gc,metaspace   ] GC(97) Metaspace: 14309K(15168K)->14309K(15168K) NonClass: 12347K(12864K)->12347K(12864K) Class: 1962K(2304K)->1962K(2304K)
[37.699s][info][gc             ] GC(97) Pause Young (Normal) (G1 Evacuation Pause) 694M->6M(1184M) 4.659ms
[37.699s][info][gc,cpu         ] GC(97) User=0.00s Sys=0.00s Real=0.00s
[38.132s][info][gc,start       ] GC(98) Pause Young (Normal) (G1 Evacuation Pause)
[38.132s][info][gc,task        ] GC(98) Using 33 workers of 33 for evacuation
[38.136s][info][gc,phases      ] GC(98)   Pre Evacuate Collection Set: 0.1ms
[38.136s][info][gc,phases      ] GC(98)   Merge Heap Roots: 0.1ms
[38.136s][info][gc,phases      ] GC(98)   Evacuate Collection Set: 0.5ms
[38.136s][info][gc,phases      ] GC(98)   Post Evacuate Collection Set: 2.3ms
[38.136s][info][gc,phases      ] GC(98)   Other: 0.1ms
[38.136s][info][gc,heap        ] GC(98) Eden regions: 43->0(43)
[38.136s][info][gc,heap        ] GC(98) Survivor regions: 1->1(6)
[38.136s][info][gc,heap        ] GC(98) Old regions: 6->6
[38.136s][info][gc,heap        ] GC(98) Archive regions: 0->0
[38.136s][info][gc,heap        ] GC(98) Humongous regions: 0->0
[38.136s][info][gc,metaspace   ] GC(98) Metaspace: 14309K(15168K)->14309K(15168K) NonClass: 12347K(12864K)->12347K(12864K) Class: 1962K(2304K)->1962K(2304K)
[38.136s][info][gc             ] GC(98) Pause Young (Normal) (G1 Evacuation Pause) 694M->6M(1184M) 3.390ms
[38.136s][info][gc,cpu         ] GC(98) User=0.00s Sys=0.00s Real=0.00s
[38.570s][info][gc,start       ] GC(99) Pause Young (Normal) (G1 Evacuation Pause)
[38.570s][info][gc,task        ] GC(99) Using 33 workers of 33 for evacuation
[38.573s][info][gc,phases      ] GC(99)   Pre Evacuate Collection Set: 0.1ms
[38.573s][info][gc,phases      ] GC(99)   Merge Heap Roots: 0.1ms
[38.573s][info][gc,phases      ] GC(99)   Evacuate Collection Set: 0.6ms
[38.573s][info][gc,phases      ] GC(99)   Post Evacuate Collection Set: 2.1ms
[38.573s][info][gc,phases      ] GC(99)   Other: 0.1ms
[38.573s][info][gc,heap        ] GC(99) Eden regions: 43->0(43)
[38.573s][info][gc,heap        ] GC(99) Survivor regions: 1->1(6)
[38.573s][info][gc,heap        ] GC(99) Old regions: 6->6
[38.573s][info][gc,heap        ] GC(99) Archive regions: 0->0
[38.573s][info][gc,heap        ] GC(99) Humongous regions: 0->0
[38.573s][info][gc,metaspace   ] GC(99) Metaspace: 14309K(15168K)->14309K(15168K) NonClass: 12347K(12864K)->12347K(12864K) Class: 1962K(2304K)->1962K(2304K)
[38.573s][info][gc             ] GC(99) Pause Young (Normal) (G1 Evacuation Pause) 694M->7M(1184M) 3.170ms
[38.573s][info][gc,cpu         ] GC(99) User=0.00s Sys=0.00s Real=0.00s
[38.998s][info][gc,start       ] GC(100) Pause Young (Normal) (G1 Evacuation Pause)
[38.998s][info][gc,task        ] GC(100) Using 33 workers of 33 for evacuation
[39.001s][info][gc,phases      ] GC(100)   Pre Evacuate Collection Set: 0.1ms
[39.001s][info][gc,phases      ] GC(100)   Merge Heap Roots: 0.1ms
[39.001s][info][gc,phases      ] GC(100)   Evacuate Collection Set: 0.5ms
[39.001s][info][gc,phases      ] GC(100)   Post Evacuate Collection Set: 2.2ms
[39.001s][info][gc,phases      ] GC(100)   Other: 0.1ms
[39.001s][info][gc,heap        ] GC(100) Eden regions: 43->0(43)
[39.001s][info][gc,heap        ] GC(100) Survivor regions: 1->1(6)
[39.001s][info][gc,heap        ] GC(100) Old regions: 6->6
[39.001s][info][gc,heap        ] GC(100) Archive regions: 0->0
[39.001s][info][gc,heap        ] GC(100) Humongous regions: 0->0
[39.001s][info][gc,metaspace   ] GC(100) Metaspace: 14309K(15168K)->14309K(15168K) NonClass: 12347K(12864K)->12347K(12864K) Class: 1962K(2304K)->1962K(2304K)
[39.001s][info][gc             ] GC(100) Pause Young (Normal) (G1 Evacuation Pause) 695M->7M(1184M) 3.281ms
[39.002s][info][gc,cpu         ] GC(100) User=0.02s Sys=0.00s Real=0.00s
[39.426s][info][gc,start       ] GC(101) Pause Young (Normal) (G1 Evacuation Pause)
[39.427s][info][gc,task        ] GC(101) Using 33 workers of 33 for evacuation
[39.430s][info][gc,phases      ] GC(101)   Pre Evacuate Collection Set: 0.1ms
[39.430s][info][gc,phases      ] GC(101)   Merge Heap Roots: 0.1ms
[39.430s][info][gc,phases      ] GC(101)   Evacuate Collection Set: 0.6ms
[39.430s][info][gc,phases      ] GC(101)   Post Evacuate Collection Set: 2.3ms
[39.430s][info][gc,phases      ] GC(101)   Other: 0.1ms
[39.430s][info][gc,heap        ] GC(101) Eden regions: 43->0(43)
[39.430s][info][gc,heap        ] GC(101) Survivor regions: 1->1(6)
[39.430s][info][gc,heap        ] GC(101) Old regions: 6->6
[39.430s][info][gc,heap        ] GC(101) Archive regions: 0->0
[39.430s][info][gc,heap        ] GC(101) Humongous regions: 0->0
[39.430s][info][gc,metaspace   ] GC(101) Metaspace: 14309K(15168K)->14309K(15168K) NonClass: 12347K(12864K)->12347K(12864K) Class: 1962K(2304K)->1962K(2304K)
[39.430s][info][gc             ] GC(101) Pause Young (Normal) (G1 Evacuation Pause) 695M->7M(1184M) 3.387ms
[39.430s][info][gc,cpu         ] GC(101) User=0.00s Sys=0.00s Real=0.00s
[39.852s][info][gc,start       ] GC(102) Pause Young (Normal) (G1 Evacuation Pause)
[39.853s][info][gc,task        ] GC(102) Using 33 workers of 33 for evacuation
[39.856s][info][gc,phases      ] GC(102)   Pre Evacuate Collection Set: 0.1ms
[39.856s][info][gc,phases      ] GC(102)   Merge Heap Roots: 0.1ms
[39.856s][info][gc,phases      ] GC(102)   Evacuate Collection Set: 0.6ms
[39.856s][info][gc,phases      ] GC(102)   Post Evacuate Collection Set: 2.3ms
[39.856s][info][gc,phases      ] GC(102)   Other: 0.1ms
[39.856s][info][gc,heap        ] GC(102) Eden regions: 43->0(43)
[39.856s][info][gc,heap        ] GC(102) Survivor regions: 1->1(6)
[39.856s][info][gc,heap        ] GC(102) Old regions: 6->6
[39.856s][info][gc,heap        ] GC(102) Archive regions: 0->0
[39.856s][info][gc,heap        ] GC(102) Humongous regions: 0->0
[39.856s][info][gc,metaspace   ] GC(102) Metaspace: 14309K(15168K)->14309K(15168K) NonClass: 12347K(12864K)->12347K(12864K) Class: 1962K(2304K)->1962K(2304K)
[39.856s][info][gc             ] GC(102) Pause Young (Normal) (G1 Evacuation Pause) 695M->7M(1184M) 3.433ms
[39.856s][info][gc,cpu         ] GC(102) User=0.00s Sys=0.00s Real=0.00s
[40.283s][info][gc,start       ] GC(103) Pause Young (Normal) (G1 Evacuation Pause)
[40.283s][info][gc,task        ] GC(103) Using 33 workers of 33 for evacuation
[40.286s][info][gc,phases      ] GC(103)   Pre Evacuate Collection Set: 0.1ms
[40.286s][info][gc,phases      ] GC(103)   Merge Heap Roots: 0.1ms
[40.286s][info][gc,phases      ] GC(103)   Evacuate Collection Set: 0.5ms
[40.286s][info][gc,phases      ] GC(103)   Post Evacuate Collection Set: 2.3ms
[40.286s][info][gc,phases      ] GC(103)   Other: 0.1ms
[40.286s][info][gc,heap        ] GC(103) Eden regions: 43->0(43)
[40.286s][info][gc,heap        ] GC(103) Survivor regions: 1->1(6)
[40.286s][info][gc,heap        ] GC(103) Old regions: 6->6
[40.286s][info][gc,heap        ] GC(103) Archive regions: 0->0
[40.286s][info][gc,heap        ] GC(103) Humongous regions: 0->0
[40.286s][info][gc,metaspace   ] GC(103) Metaspace: 14309K(15168K)->14309K(15168K) NonClass: 12347K(12864K)->12347K(12864K) Class: 1962K(2304K)->1962K(2304K)
[40.286s][info][gc             ] GC(103) Pause Young (Normal) (G1 Evacuation Pause) 695M->7M(1184M) 3.391ms
[40.286s][info][gc,cpu         ] GC(103) User=0.00s Sys=0.00s Real=0.00s
[40.722s][info][gc,start       ] GC(104) Pause Young (Normal) (G1 Evacuation Pause)
[40.722s][info][gc,task        ] GC(104) Using 33 workers of 33 for evacuation
[40.725s][info][gc,phases      ] GC(104)   Pre Evacuate Collection Set: 0.1ms
[40.725s][info][gc,phases      ] GC(104)   Merge Heap Roots: 0.1ms
[40.725s][info][gc,phases      ] GC(104)   Evacuate Collection Set: 0.6ms
[40.725s][info][gc,phases      ] GC(104)   Post Evacuate Collection Set: 2.1ms
[40.725s][info][gc,phases      ] GC(104)   Other: 0.1ms
[40.725s][info][gc,heap        ] GC(104) Eden regions: 43->0(43)
[40.725s][info][gc,heap        ] GC(104) Survivor regions: 1->1(6)
[40.725s][info][gc,heap        ] GC(104) Old regions: 6->6
[40.725s][info][gc,heap        ] GC(104) Archive regions: 0->0
[40.725s][info][gc,heap        ] GC(104) Humongous regions: 0->0
[40.725s][info][gc,metaspace   ] GC(104) Metaspace: 14309K(15168K)->14309K(15168K) NonClass: 12347K(12864K)->12347K(12864K) Class: 1962K(2304K)->1962K(2304K)
[40.725s][info][gc             ] GC(104) Pause Young (Normal) (G1 Evacuation Pause) 695M->7M(1184M) 3.246ms
[40.725s][info][gc,cpu         ] GC(104) User=0.00s Sys=0.00s Real=0.00s
[41.157s][info][gc,start       ] GC(105) Pause Young (Normal) (G1 Evacuation Pause)
[41.157s][info][gc,task        ] GC(105) Using 33 workers of 33 for evacuation
[41.160s][info][gc,phases      ] GC(105)   Pre Evacuate Collection Set: 0.1ms
[41.160s][info][gc,phases      ] GC(105)   Merge Heap Roots: 0.1ms
[41.160s][info][gc,phases      ] GC(105)   Evacuate Collection Set: 0.6ms
[41.160s][info][gc,phases      ] GC(105)   Post Evacuate Collection Set: 2.0ms
[41.160s][info][gc,phases      ] GC(105)   Other: 0.1ms
[41.160s][info][gc,heap        ] GC(105) Eden regions: 43->0(43)
[41.160s][info][gc,heap        ] GC(105) Survivor regions: 1->1(6)
[41.160s][info][gc,heap        ] GC(105) Old regions: 6->6
[41.160s][info][gc,heap        ] GC(105) Archive regions: 0->0
[41.160s][info][gc,heap        ] GC(105) Humongous regions: 0->0
[41.160s][info][gc,metaspace   ] GC(105) Metaspace: 14309K(15168K)->14309K(15168K) NonClass: 12347K(12864K)->12347K(12864K) Class: 1962K(2304K)->1962K(2304K)
[41.160s][info][gc             ] GC(105) Pause Young (Normal) (G1 Evacuation Pause) 695M->7M(1184M) 3.140ms
[41.160s][info][gc,cpu         ] GC(105) User=0.02s Sys=0.00s Real=0.00s
[41.584s][info][gc,start       ] GC(106) Pause Young (Normal) (G1 Evacuation Pause)
[41.584s][info][gc,task        ] GC(106) Using 33 workers of 33 for evacuation
[41.587s][info][gc,phases      ] GC(106)   Pre Evacuate Collection Set: 0.1ms
[41.587s][info][gc,phases      ] GC(106)   Merge Heap Roots: 0.1ms
[41.587s][info][gc,phases      ] GC(106)   Evacuate Collection Set: 0.6ms
[41.587s][info][gc,phases      ] GC(106)   Post Evacuate Collection Set: 2.1ms
[41.587s][info][gc,phases      ] GC(106)   Other: 0.1ms
[41.587s][info][gc,heap        ] GC(106) Eden regions: 43->0(43)
[41.587s][info][gc,heap        ] GC(106) Survivor regions: 1->1(6)
[41.587s][info][gc,heap        ] GC(106) Old regions: 6->6
[41.587s][info][gc,heap        ] GC(106) Archive regions: 0->0
[41.587s][info][gc,heap        ] GC(106) Humongous regions: 0->0
[41.587s][info][gc,metaspace   ] GC(106) Metaspace: 14309K(15168K)->14309K(15168K) NonClass: 12347K(12864K)->12347K(12864K) Class: 1962K(2304K)->1962K(2304K)
[41.587s][info][gc             ] GC(106) Pause Young (Normal) (G1 Evacuation Pause) 695M->7M(1184M) 3.195ms
[41.587s][info][gc,cpu         ] GC(106) User=0.00s Sys=0.00s Real=0.00s
[42.012s][info][gc,start       ] GC(107) Pause Young (Normal) (G1 Evacuation Pause)
[42.012s][info][gc,task        ] GC(107) Using 33 workers of 33 for evacuation
[42.015s][info][gc,phases      ] GC(107)   Pre Evacuate Collection Set: 0.1ms
[42.015s][info][gc,phases      ] GC(107)   Merge Heap Roots: 0.1ms
[42.015s][info][gc,phases      ] GC(107)   Evacuate Collection Set: 0.6ms
[42.015s][info][gc,phases      ] GC(107)   Post Evacuate Collection Set: 2.2ms
[42.015s][info][gc,phases      ] GC(107)   Other: 0.1ms
[42.015s][info][gc,heap        ] GC(107) Eden regions: 43->0(43)
[42.015s][info][gc,heap        ] GC(107) Survivor regions: 1->1(6)
[42.015s][info][gc,heap        ] GC(107) Old regions: 6->7
[42.015s][info][gc,heap        ] GC(107) Archive regions: 0->0
[42.015s][info][gc,heap        ] GC(107) Humongous regions: 0->0
[42.015s][info][gc,metaspace   ] GC(107) Metaspace: 14309K(15168K)->14309K(15168K) NonClass: 12347K(12864K)->12347K(12864K) Class: 1962K(2304K)->1962K(2304K)
[42.015s][info][gc             ] GC(107) Pause Young (Normal) (G1 Evacuation Pause) 695M->7M(1184M) 3.336ms
[42.015s][info][gc,cpu         ] GC(107) User=0.00s Sys=0.00s Real=0.00s
[42.449s][info][gc,start       ] GC(108) Pause Young (Normal) (G1 Evacuation Pause)
[42.449s][info][gc,task        ] GC(108) Using 33 workers of 33 for evacuation
[42.452s][info][gc,phases      ] GC(108)   Pre Evacuate Collection Set: 0.1ms
[42.452s][info][gc,phases      ] GC(108)   Merge Heap Roots: 0.2ms
[42.452s][info][gc,phases      ] GC(108)   Evacuate Collection Set: 0.4ms
[42.452s][info][gc,phases      ] GC(108)   Post Evacuate Collection Set: 2.3ms
[42.452s][info][gc,phases      ] GC(108)   Other: 0.1ms
[42.452s][info][gc,heap        ] GC(108) Eden regions: 43->0(43)
[42.452s][info][gc,heap        ] GC(108) Survivor regions: 1->1(6)
[42.452s][info][gc,heap        ] GC(108) Old regions: 7->7
[42.452s][info][gc,heap        ] GC(108) Archive regions: 0->0
[42.452s][info][gc,heap        ] GC(108) Humongous regions: 0->0
[42.452s][info][gc,metaspace   ] GC(108) Metaspace: 14309K(15168K)->14309K(15168K) NonClass: 12347K(12864K)->12347K(12864K) Class: 1962K(2304K)->1962K(2304K)
[42.452s][info][gc             ] GC(108) Pause Young (Normal) (G1 Evacuation Pause) 695M->7M(1184M) 3.271ms
[42.452s][info][gc,cpu         ] GC(108) User=0.00s Sys=0.00s Real=0.00s
[43.041s][info][gc,start       ] GC(109) Pause Young (Normal) (G1 Evacuation Pause)
[43.041s][info][gc,task        ] GC(109) Using 33 workers of 33 for evacuation
[43.046s][info][gc,phases      ] GC(109)   Pre Evacuate Collection Set: 0.2ms
[43.046s][info][gc,phases      ] GC(109)   Merge Heap Roots: 0.2ms
[43.046s][info][gc,phases      ] GC(109)   Evacuate Collection Set: 0.7ms
[43.046s][info][gc,phases      ] GC(109)   Post Evacuate Collection Set: 3.1ms
[43.046s][info][gc,phases      ] GC(109)   Other: 0.1ms
[43.046s][info][gc,heap        ] GC(109) Eden regions: 43->0(43)
[43.046s][info][gc,heap        ] GC(109) Survivor regions: 1->1(6)
[43.046s][info][gc,heap        ] GC(109) Old regions: 7->7
[43.046s][info][gc,heap        ] GC(109) Archive regions: 0->0
[43.046s][info][gc,heap        ] GC(109) Humongous regions: 0->0
[43.046s][info][gc,metaspace   ] GC(109) Metaspace: 14309K(15168K)->14309K(15168K) NonClass: 12347K(12864K)->12347K(12864K) Class: 1962K(2304K)->1962K(2304K)
[43.046s][info][gc             ] GC(109) Pause Young (Normal) (G1 Evacuation Pause) 695M->7M(1184M) 4.947ms
[43.046s][info][gc,cpu         ] GC(109) User=0.00s Sys=0.00s Real=0.00s
[43.499s][info][gc,start       ] GC(110) Pause Young (Normal) (G1 Evacuation Pause)
[43.499s][info][gc,task        ] GC(110) Using 33 workers of 33 for evacuation
[43.502s][info][gc,phases      ] GC(110)   Pre Evacuate Collection Set: 0.1ms
[43.502s][info][gc,phases      ] GC(110)   Merge Heap Roots: 0.1ms
[43.502s][info][gc,phases      ] GC(110)   Evacuate Collection Set: 0.4ms
[43.502s][info][gc,phases      ] GC(110)   Post Evacuate Collection Set: 2.0ms
[43.502s][info][gc,phases      ] GC(110)   Other: 0.1ms
[43.502s][info][gc,heap        ] GC(110) Eden regions: 43->0(43)
[43.502s][info][gc,heap        ] GC(110) Survivor regions: 1->1(6)
[43.502s][info][gc,heap        ] GC(110) Old regions: 7->7
[43.502s][info][gc,heap        ] GC(110) Archive regions: 0->0
[43.502s][info][gc,heap        ] GC(110) Humongous regions: 0->0
[43.502s][info][gc,metaspace   ] GC(110) Metaspace: 14309K(15168K)->14309K(15168K) NonClass: 12347K(12864K)->12347K(12864K) Class: 1962K(2304K)->1962K(2304K)
[43.502s][info][gc             ] GC(110) Pause Young (Normal) (G1 Evacuation Pause) 695M->7M(1184M) 2.936ms
[43.502s][info][gc,cpu         ] GC(110) User=0.52s Sys=0.00s Real=0.00s
[43.934s][info][gc,start       ] GC(111) Pause Young (Normal) (G1 Evacuation Pause)
[43.934s][info][gc,task        ] GC(111) Using 33 workers of 33 for evacuation
[43.937s][info][gc,phases      ] GC(111)   Pre Evacuate Collection Set: 0.1ms
[43.937s][info][gc,phases      ] GC(111)   Merge Heap Roots: 0.1ms
[43.937s][info][gc,phases      ] GC(111)   Evacuate Collection Set: 0.4ms
[43.937s][info][gc,phases      ] GC(111)   Post Evacuate Collection Set: 2.3ms
[43.937s][info][gc,phases      ] GC(111)   Other: 0.1ms
[43.937s][info][gc,heap        ] GC(111) Eden regions: 43->0(43)
[43.937s][info][gc,heap        ] GC(111) Survivor regions: 1->1(6)
[43.937s][info][gc,heap        ] GC(111) Old regions: 7->7
[43.937s][info][gc,heap        ] GC(111) Archive regions: 0->0
[43.937s][info][gc,heap        ] GC(111) Humongous regions: 0->0
[43.937s][info][gc,metaspace   ] GC(111) Metaspace: 14309K(15168K)->14309K(15168K) NonClass: 12347K(12864K)->12347K(12864K) Class: 1962K(2304K)->1962K(2304K)
[43.937s][info][gc             ] GC(111) Pause Young (Normal) (G1 Evacuation Pause) 695M->7M(1184M) 3.272ms
[43.937s][info][gc,cpu         ] GC(111) User=0.00s Sys=0.00s Real=0.00s
[44.375s][info][gc,start       ] GC(112) Pause Young (Normal) (G1 Evacuation Pause)
[44.376s][info][gc,task        ] GC(112) Using 33 workers of 33 for evacuation
[44.378s][info][gc,phases      ] GC(112)   Pre Evacuate Collection Set: 0.1ms
[44.378s][info][gc,phases      ] GC(112)   Merge Heap Roots: 0.2ms
[44.378s][info][gc,phases      ] GC(112)   Evacuate Collection Set: 0.4ms
[44.378s][info][gc,phases      ] GC(112)   Post Evacuate Collection Set: 2.1ms
[44.378s][info][gc,phases      ] GC(112)   Other: 0.1ms
[44.378s][info][gc,heap        ] GC(112) Eden regions: 43->0(43)
[44.378s][info][gc,heap        ] GC(112) Survivor regions: 1->1(6)
[44.378s][info][gc,heap        ] GC(112) Old regions: 7->7
[44.378s][info][gc,heap        ] GC(112) Archive regions: 0->0
[44.378s][info][gc,heap        ] GC(112) Humongous regions: 0->0
[44.379s][info][gc,metaspace   ] GC(112) Metaspace: 14309K(15168K)->14309K(15168K) NonClass: 12347K(12864K)->12347K(12864K) Class: 1962K(2304K)->1962K(2304K)
[44.379s][info][gc             ] GC(112) Pause Young (Normal) (G1 Evacuation Pause) 695M->8M(1184M) 3.086ms
[44.379s][info][gc,cpu         ] GC(112) User=0.52s Sys=0.00s Real=0.00s
[44.811s][info][gc,start       ] GC(113) Pause Young (Normal) (G1 Evacuation Pause)
[44.811s][info][gc,task        ] GC(113) Using 33 workers of 33 for evacuation
[44.814s][info][gc,phases      ] GC(113)   Pre Evacuate Collection Set: 0.1ms
[44.814s][info][gc,phases      ] GC(113)   Merge Heap Roots: 0.1ms
[44.814s][info][gc,phases      ] GC(113)   Evacuate Collection Set: 0.4ms
[44.814s][info][gc,phases      ] GC(113)   Post Evacuate Collection Set: 2.2ms
[44.814s][info][gc,phases      ] GC(113)   Other: 0.1ms
[44.814s][info][gc,heap        ] GC(113) Eden regions: 43->0(43)
[44.814s][info][gc,heap        ] GC(113) Survivor regions: 1->1(6)
[44.814s][info][gc,heap        ] GC(113) Old regions: 7->7
[44.814s][info][gc,heap        ] GC(113) Archive regions: 0->0
[44.814s][info][gc,heap        ] GC(113) Humongous regions: 0->0
[44.814s][info][gc,metaspace   ] GC(113) Metaspace: 14309K(15168K)->14309K(15168K) NonClass: 12347K(12864K)->12347K(12864K) Class: 1962K(2304K)->1962K(2304K)
[44.814s][info][gc             ] GC(113) Pause Young (Normal) (G1 Evacuation Pause) 696M->8M(1184M) 3.173ms
[44.814s][info][gc,cpu         ] GC(113) User=0.02s Sys=0.00s Real=0.00s
[45.245s][info][gc,start       ] GC(114) Pause Young (Normal) (G1 Evacuation Pause)
[45.245s][info][gc,task        ] GC(114) Using 33 workers of 33 for evacuation
[45.248s][info][gc,phases      ] GC(114)   Pre Evacuate Collection Set: 0.1ms
[45.248s][info][gc,phases      ] GC(114)   Merge Heap Roots: 0.2ms
[45.248s][info][gc,phases      ] GC(114)   Evacuate Collection Set: 0.4ms
[45.248s][info][gc,phases      ] GC(114)   Post Evacuate Collection Set: 2.3ms
[45.248s][info][gc,phases      ] GC(114)   Other: 0.1ms
[45.248s][info][gc,heap        ] GC(114) Eden regions: 43->0(43)
[45.248s][info][gc,heap        ] GC(114) Survivor regions: 1->1(6)
[45.248s][info][gc,heap        ] GC(114) Old regions: 7->7
[45.248s][info][gc,heap        ] GC(114) Archive regions: 0->0
[45.248s][info][gc,heap        ] GC(114) Humongous regions: 0->0
[45.248s][info][gc,metaspace   ] GC(114) Metaspace: 14309K(15168K)->14309K(15168K) NonClass: 12347K(12864K)->12347K(12864K) Class: 1962K(2304K)->1962K(2304K)
[45.248s][info][gc             ] GC(114) Pause Young (Normal) (G1 Evacuation Pause) 696M->8M(1184M) 3.273ms
[45.248s][info][gc,cpu         ] GC(114) User=0.00s Sys=0.00s Real=0.00s
[45.679s][info][gc,start       ] GC(115) Pause Young (Normal) (G1 Evacuation Pause)
[45.679s][info][gc,task        ] GC(115) Using 33 workers of 33 for evacuation
[45.682s][info][gc,phases      ] GC(115)   Pre Evacuate Collection Set: 0.1ms
[45.682s][info][gc,phases      ] GC(115)   Merge Heap Roots: 0.1ms
[45.682s][info][gc,phases      ] GC(115)   Evacuate Collection Set: 0.4ms
[45.682s][info][gc,phases      ] GC(115)   Post Evacuate Collection Set: 2.4ms
[45.682s][info][gc,phases      ] GC(115)   Other: 0.1ms
[45.682s][info][gc,heap        ] GC(115) Eden regions: 43->0(43)
[45.682s][info][gc,heap        ] GC(115) Survivor regions: 1->1(6)
[45.682s][info][gc,heap        ] GC(115) Old regions: 7->7
[45.682s][info][gc,heap        ] GC(115) Archive regions: 0->0
[45.682s][info][gc,heap        ] GC(115) Humongous regions: 0->0
[45.682s][info][gc,metaspace   ] GC(115) Metaspace: 14309K(15168K)->14309K(15168K) NonClass: 12347K(12864K)->12347K(12864K) Class: 1962K(2304K)->1962K(2304K)
[45.682s][info][gc             ] GC(115) Pause Young (Normal) (G1 Evacuation Pause) 696M->8M(1184M) 3.353ms
[45.682s][info][gc,cpu         ] GC(115) User=0.00s Sys=0.00s Real=0.00s
[46.112s][info][gc,start       ] GC(116) Pause Young (Normal) (G1 Evacuation Pause)
[46.112s][info][gc,task        ] GC(116) Using 33 workers of 33 for evacuation
[46.115s][info][gc,phases      ] GC(116)   Pre Evacuate Collection Set: 0.1ms
[46.115s][info][gc,phases      ] GC(116)   Merge Heap Roots: 0.2ms
[46.115s][info][gc,phases      ] GC(116)   Evacuate Collection Set: 0.4ms
[46.116s][info][gc,phases      ] GC(116)   Post Evacuate Collection Set: 2.5ms
[46.116s][info][gc,phases      ] GC(116)   Other: 0.1ms
[46.116s][info][gc,heap        ] GC(116) Eden regions: 43->0(43)
[46.116s][info][gc,heap        ] GC(116) Survivor regions: 1->1(6)
[46.116s][info][gc,heap        ] GC(116) Old regions: 7->7
[46.116s][info][gc,heap        ] GC(116) Archive regions: 0->0
[46.116s][info][gc,heap        ] GC(116) Humongous regions: 0->0
[46.116s][info][gc,metaspace   ] GC(116) Metaspace: 14309K(15168K)->14309K(15168K) NonClass: 12347K(12864K)->12347K(12864K) Class: 1962K(2304K)->1962K(2304K)
[46.116s][info][gc             ] GC(116) Pause Young (Normal) (G1 Evacuation Pause) 696M->8M(1184M) 3.466ms
[46.116s][info][gc,cpu         ] GC(116) User=0.00s Sys=0.00s Real=0.00s
[46.543s][info][gc,start       ] GC(117) Pause Young (Normal) (G1 Evacuation Pause)
[46.543s][info][gc,task        ] GC(117) Using 33 workers of 33 for evacuation
[46.546s][info][gc,phases      ] GC(117)   Pre Evacuate Collection Set: 0.1ms
[46.546s][info][gc,phases      ] GC(117)   Merge Heap Roots: 0.2ms
[46.546s][info][gc,phases      ] GC(117)   Evacuate Collection Set: 0.4ms
[46.546s][info][gc,phases      ] GC(117)   Post Evacuate Collection Set: 2.5ms
[46.546s][info][gc,phases      ] GC(117)   Other: 0.1ms
[46.546s][info][gc,heap        ] GC(117) Eden regions: 43->0(43)
[46.546s][info][gc,heap        ] GC(117) Survivor regions: 1->1(6)
[46.546s][info][gc,heap        ] GC(117) Old regions: 7->7
[46.546s][info][gc,heap        ] GC(117) Archive regions: 0->0
[46.546s][info][gc,heap        ] GC(117) Humongous regions: 0->0
[46.546s][info][gc,metaspace   ] GC(117) Metaspace: 14309K(15168K)->14309K(15168K) NonClass: 12347K(12864K)->12347K(12864K) Class: 1962K(2304K)->1962K(2304K)
[46.546s][info][gc             ] GC(117) Pause Young (Normal) (G1 Evacuation Pause) 696M->8M(1184M) 3.539ms
[46.546s][info][gc,cpu         ] GC(117) User=0.00s Sys=0.00s Real=0.00s
[46.941s][info][gc,start       ] GC(118) Pause Young (Normal) (G1 Evacuation Pause)
[46.941s][info][gc,task        ] GC(118) Using 33 workers of 33 for evacuation
[46.945s][info][gc,phases      ] GC(118)   Pre Evacuate Collection Set: 0.1ms
[46.945s][info][gc,phases      ] GC(118)   Merge Heap Roots: 0.2ms
[46.945s][info][gc,phases      ] GC(118)   Evacuate Collection Set: 0.4ms
[46.945s][info][gc,phases      ] GC(118)   Post Evacuate Collection Set: 2.8ms
[46.945s][info][gc,phases      ] GC(118)   Other: 0.1ms
[46.945s][info][gc,heap        ] GC(118) Eden regions: 43->0(43)
[46.945s][info][gc,heap        ] GC(118) Survivor regions: 1->1(6)
[46.945s][info][gc,heap        ] GC(118) Old regions: 7->7
[46.945s][info][gc,heap        ] GC(118) Archive regions: 0->0
[46.945s][info][gc,heap        ] GC(118) Humongous regions: 0->0
[46.945s][info][gc,metaspace   ] GC(118) Metaspace: 14309K(15168K)->14309K(15168K) NonClass: 12347K(12864K)->12347K(12864K) Class: 1962K(2304K)->1962K(2304K)
[46.945s][info][gc             ] GC(118) Pause Young (Normal) (G1 Evacuation Pause) 696M->8M(1184M) 3.800ms
[46.945s][info][gc,cpu         ] GC(118) User=0.00s Sys=0.00s Real=0.00s
[47.158s][info][gc,start       ] GC(119) Pause Full (System.gc())
[47.158s][info][gc,task        ] GC(119) Using 6 workers of 33 for full compaction
[47.158s][info][gc,phases,start] GC(119) Phase 1: Mark live objects
[47.167s][info][gc,phases      ] GC(119) Phase 1: Mark live objects 8.396ms
[47.167s][info][gc,phases,start] GC(119) Phase 2: Prepare compaction
[47.168s][info][gc,phases      ] GC(119) Phase 2: Prepare compaction 1.594ms
[47.168s][info][gc,phases,start] GC(119) Phase 3: Adjust pointers
[47.175s][info][gc,phases      ] GC(119) Phase 3: Adjust pointers 6.689ms
[47.175s][info][gc,phases,start] GC(119) Phase 4: Compact heap
[47.176s][info][gc,phases      ] GC(119) Phase 4: Compact heap 0.857ms
[47.182s][info][gc,heap        ] GC(119) Eden regions: 23->0(12)
[47.182s][info][gc,heap        ] GC(119) Survivor regions: 1->0(6)
[47.182s][info][gc,heap        ] GC(119) Old regions: 7->6
[47.182s][info][gc,heap        ] GC(119) Archive regions: 0->0
[47.182s][info][gc,heap        ] GC(119) Humongous regions: 0->0
[47.182s][info][gc,metaspace   ] GC(119) Metaspace: 14309K(15168K)->14309K(15168K) NonClass: 12347K(12864K)->12347K(12864K) Class: 1962K(2304K)->1962K(2304K)
[47.182s][info][gc             ] GC(119) Pause Full (System.gc()) 373M->5M(320M) 24.245ms
[47.182s][info][gc,cpu         ] GC(119) User=0.09s Sys=0.00s Real=0.01s
[47.309s][info][gc,start       ] GC(120) Pause Young (Normal) (G1 Evacuation Pause)
[47.309s][info][gc,task        ] GC(120) Using 33 workers of 33 for evacuation
[47.312s][info][gc,phases      ] GC(120)   Pre Evacuate Collection Set: 0.1ms
[47.312s][info][gc,phases      ] GC(120)   Merge Heap Roots: 0.1ms
[47.312s][info][gc,phases      ] GC(120)   Evacuate Collection Set: 0.5ms
[47.312s][info][gc,phases      ] GC(120)   Post Evacuate Collection Set: 1.6ms
[47.312s][info][gc,phases      ] GC(120)   Other: 0.1ms
[47.312s][info][gc,heap        ] GC(120) Eden regions: 12->0(11)
[47.312s][info][gc,heap        ] GC(120) Survivor regions: 0->1(2)
[47.312s][info][gc,heap        ] GC(120) Old regions: 6->6
[47.312s][info][gc,heap        ] GC(120) Archive regions: 0->0
[47.312s][info][gc,heap        ] GC(120) Humongous regions: 0->0
[47.312s][info][gc,metaspace   ] GC(120) Metaspace: 14329K(15168K)->14329K(15168K) NonClass: 12367K(12864K)->12367K(12864K) Class: 1962K(2304K)->1962K(2304K)
[47.312s][info][gc             ] GC(120) Pause Young (Normal) (G1 Evacuation Pause) 197M->6M(320M) 2.657ms
[47.312s][info][gc,cpu         ] GC(120) User=0.00s Sys=0.00s Real=0.00s
[47.430s][info][gc,start       ] GC(121) Pause Young (Normal) (G1 Evacuation Pause)
[47.430s][info][gc,task        ] GC(121) Using 33 workers of 33 for evacuation
[47.432s][info][gc,phases      ] GC(121)   Pre Evacuate Collection Set: 0.1ms
[47.432s][info][gc,phases      ] GC(121)   Merge Heap Roots: 0.1ms
[47.432s][info][gc,phases      ] GC(121)   Evacuate Collection Set: 0.5ms
[47.432s][info][gc,phases      ] GC(121)   Post Evacuate Collection Set: 1.5ms
[47.432s][info][gc,phases      ] GC(121)   Other: 0.1ms
[47.433s][info][gc,heap        ] GC(121) Eden regions: 11->0(11)
[47.433s][info][gc,heap        ] GC(121) Survivor regions: 1->1(2)
[47.433s][info][gc,heap        ] GC(121) Old regions: 6->6
[47.433s][info][gc,heap        ] GC(121) Archive regions: 0->0
[47.433s][info][gc,heap        ] GC(121) Humongous regions: 0->0
[47.433s][info][gc,metaspace   ] GC(121) Metaspace: 14329K(15168K)->14329K(15168K) NonClass: 12367K(12864K)->12367K(12864K) Class: 1962K(2304K)->1962K(2304K)
[47.433s][info][gc             ] GC(121) Pause Young (Normal) (G1 Evacuation Pause) 182M->6M(320M) 2.493ms
[47.433s][info][gc,cpu         ] GC(121) User=0.00s Sys=0.00s Real=0.00s
[47.543s][info][gc,start       ] GC(122) Pause Young (Normal) (G1 Evacuation Pause)
[47.543s][info][gc,task        ] GC(122) Using 33 workers of 33 for evacuation
[47.546s][info][gc,phases      ] GC(122)   Pre Evacuate Collection Set: 0.1ms
[47.546s][info][gc,phases      ] GC(122)   Merge Heap Roots: 0.1ms
[47.546s][info][gc,phases      ] GC(122)   Evacuate Collection Set: 0.5ms
[47.546s][info][gc,phases      ] GC(122)   Post Evacuate Collection Set: 1.6ms
[47.546s][info][gc,phases      ] GC(122)   Other: 0.1ms
[47.546s][info][gc,heap        ] GC(122) Eden regions: 11->0(11)
[47.546s][info][gc,heap        ] GC(122) Survivor regions: 1->1(2)
[47.546s][info][gc,heap        ] GC(122) Old regions: 6->6
[47.546s][info][gc,heap        ] GC(122) Archive regions: 0->0
[47.546s][info][gc,heap        ] GC(122) Humongous regions: 0->0
[47.546s][info][gc,metaspace   ] GC(122) Metaspace: 14329K(15168K)->14329K(15168K) NonClass: 12367K(12864K)->12367K(12864K) Class: 1962K(2304K)->1962K(2304K)
[47.546s][info][gc             ] GC(122) Pause Young (Normal) (G1 Evacuation Pause) 182M->6M(320M) 2.531ms
[47.546s][info][gc,cpu         ] GC(122) User=0.00s Sys=0.00s Real=0.00s
[47.653s][info][gc,start       ] GC(123) Pause Young (Normal) (G1 Evacuation Pause)
[47.653s][info][gc,task        ] GC(123) Using 33 workers of 33 for evacuation
[47.658s][info][gc,phases      ] GC(123)   Pre Evacuate Collection Set: 0.1ms
[47.658s][info][gc,phases      ] GC(123)   Merge Heap Roots: 0.1ms
[47.658s][info][gc,phases      ] GC(123)   Evacuate Collection Set: 0.5ms
[47.658s][info][gc,phases      ] GC(123)   Post Evacuate Collection Set: 4.0ms
[47.658s][info][gc,phases      ] GC(123)   Other: 0.1ms
[47.658s][info][gc,heap        ] GC(123) Eden regions: 11->0(43)
[47.658s][info][gc,heap        ] GC(123) Survivor regions: 1->1(2)
[47.658s][info][gc,heap        ] GC(123) Old regions: 6->6
[47.658s][info][gc,heap        ] GC(123) Archive regions: 0->0
[47.658s][info][gc,heap        ] GC(123) Humongous regions: 0->0
[47.658s][info][gc,metaspace   ] GC(123) Metaspace: 14329K(15168K)->14329K(15168K) NonClass: 12367K(12864K)->12367K(12864K) Class: 1962K(2304K)->1962K(2304K)
[47.658s][info][gc             ] GC(123) Pause Young (Normal) (G1 Evacuation Pause) 182M->6M(1184M) 4.940ms
[47.658s][info][gc,cpu         ] GC(123) User=0.00s Sys=0.02s Real=0.01s
[48.056s][info][gc,start       ] GC(124) Pause Young (Normal) (G1 Evacuation Pause)
[48.057s][info][gc,task        ] GC(124) Using 33 workers of 33 for evacuation
[48.061s][info][gc,phases      ] GC(124)   Pre Evacuate Collection Set: 0.1ms
[48.061s][info][gc,phases      ] GC(124)   Merge Heap Roots: 0.1ms
[48.061s][info][gc,phases      ] GC(124)   Evacuate Collection Set: 1.9ms
[48.061s][info][gc,phases      ] GC(124)   Post Evacuate Collection Set: 2.3ms
[48.061s][info][gc,phases      ] GC(124)   Other: 0.1ms
[48.061s][info][gc,heap        ] GC(124) Eden regions: 43->0(43)
[48.061s][info][gc,heap        ] GC(124) Survivor regions: 1->1(6)
[48.061s][info][gc,heap        ] GC(124) Old regions: 6->6
[48.061s][info][gc,heap        ] GC(124) Archive regions: 0->0
[48.061s][info][gc,heap        ] GC(124) Humongous regions: 0->0
[48.061s][info][gc,metaspace   ] GC(124) Metaspace: 14329K(15168K)->14329K(15168K) NonClass: 12367K(12864K)->12367K(12864K) Class: 1962K(2304K)->1962K(2304K)
[48.061s][info][gc             ] GC(124) Pause Young (Normal) (G1 Evacuation Pause) 694M->6M(1184M) 4.721ms
[48.061s][info][gc,cpu         ] GC(124) User=0.00s Sys=0.00s Real=0.00s
[48.480s][info][gc,start       ] GC(125) Pause Young (Normal) (G1 Evacuation Pause)
[48.480s][info][gc,task        ] GC(125) Using 33 workers of 33 for evacuation
[48.485s][info][gc,phases      ] GC(125)   Pre Evacuate Collection Set: 0.1ms
[48.485s][info][gc,phases      ] GC(125)   Merge Heap Roots: 0.1ms
[48.485s][info][gc,phases      ] GC(125)   Evacuate Collection Set: 2.6ms
[48.485s][info][gc,phases      ] GC(125)   Post Evacuate Collection Set: 2.4ms
[48.485s][info][gc,phases      ] GC(125)   Other: 0.1ms
[48.485s][info][gc,heap        ] GC(125) Eden regions: 43->0(43)
[48.485s][info][gc,heap        ] GC(125) Survivor regions: 1->1(6)
[48.485s][info][gc,heap        ] GC(125) Old regions: 6->6
[48.485s][info][gc,heap        ] GC(125) Archive regions: 0->0
[48.485s][info][gc,heap        ] GC(125) Humongous regions: 0->0
[48.485s][info][gc,metaspace   ] GC(125) Metaspace: 14329K(15168K)->14329K(15168K) NonClass: 12367K(12864K)->12367K(12864K) Class: 1962K(2304K)->1962K(2304K)
[48.485s][info][gc             ] GC(125) Pause Young (Normal) (G1 Evacuation Pause) 694M->6M(1184M) 5.521ms
[48.485s][info][gc,cpu         ] GC(125) User=0.00s Sys=0.00s Real=0.00s
[48.906s][info][gc,start       ] GC(126) Pause Young (Normal) (G1 Evacuation Pause)
[48.906s][info][gc,task        ] GC(126) Using 33 workers of 33 for evacuation
[48.909s][info][gc,phases      ] GC(126)   Pre Evacuate Collection Set: 0.1ms
[48.909s][info][gc,phases      ] GC(126)   Merge Heap Roots: 0.1ms
[48.910s][info][gc,phases      ] GC(126)   Evacuate Collection Set: 0.6ms
[48.910s][info][gc,phases      ] GC(126)   Post Evacuate Collection Set: 2.4ms
[48.910s][info][gc,phases      ] GC(126)   Other: 0.1ms
[48.910s][info][gc,heap        ] GC(126) Eden regions: 43->0(43)
[48.910s][info][gc,heap        ] GC(126) Survivor regions: 1->1(6)
[48.910s][info][gc,heap        ] GC(126) Old regions: 6->6
[48.910s][info][gc,heap        ] GC(126) Archive regions: 0->0
[48.910s][info][gc,heap        ] GC(126) Humongous regions: 0->0
[48.910s][info][gc,metaspace   ] GC(126) Metaspace: 14329K(15168K)->14329K(15168K) NonClass: 12367K(12864K)->12367K(12864K) Class: 1962K(2304K)->1962K(2304K)
[48.910s][info][gc             ] GC(126) Pause Young (Normal) (G1 Evacuation Pause) 694M->6M(1184M) 3.538ms
[48.910s][info][gc,cpu         ] GC(126) User=0.52s Sys=0.00s Real=0.00s
[49.330s][info][gc,start       ] GC(127) Pause Young (Normal) (G1 Evacuation Pause)
[49.330s][info][gc,task        ] GC(127) Using 33 workers of 33 for evacuation
[49.333s][info][gc,phases      ] GC(127)   Pre Evacuate Collection Set: 0.1ms
[49.333s][info][gc,phases      ] GC(127)   Merge Heap Roots: 0.1ms
[49.333s][info][gc,phases      ] GC(127)   Evacuate Collection Set: 0.6ms
[49.333s][info][gc,phases      ] GC(127)   Post Evacuate Collection Set: 2.5ms
[49.333s][info][gc,phases      ] GC(127)   Other: 0.1ms
[49.333s][info][gc,heap        ] GC(127) Eden regions: 43->0(43)
[49.333s][info][gc,heap        ] GC(127) Survivor regions: 1->1(6)
[49.333s][info][gc,heap        ] GC(127) Old regions: 6->6
[49.333s][info][gc,heap        ] GC(127) Archive regions: 0->0
[49.333s][info][gc,heap        ] GC(127) Humongous regions: 0->0
[49.333s][info][gc,metaspace   ] GC(127) Metaspace: 14329K(15168K)->14329K(15168K) NonClass: 12367K(12864K)->12367K(12864K) Class: 1962K(2304K)->1962K(2304K)
[49.333s][info][gc             ] GC(127) Pause Young (Normal) (G1 Evacuation Pause) 694M->7M(1184M) 3.591ms
[49.333s][info][gc,cpu         ] GC(127) User=0.00s Sys=0.00s Real=0.00s
[49.756s][info][gc,start       ] GC(128) Pause Young (Normal) (G1 Evacuation Pause)
[49.756s][info][gc,task        ] GC(128) Using 33 workers of 33 for evacuation
[49.760s][info][gc,phases      ] GC(128)   Pre Evacuate Collection Set: 0.1ms
[49.760s][info][gc,phases      ] GC(128)   Merge Heap Roots: 0.1ms
[49.760s][info][gc,phases      ] GC(128)   Evacuate Collection Set: 0.5ms
[49.760s][info][gc,phases      ] GC(128)   Post Evacuate Collection Set: 2.5ms
[49.760s][info][gc,phases      ] GC(128)   Other: 0.1ms
[49.760s][info][gc,heap        ] GC(128) Eden regions: 43->0(43)
[49.760s][info][gc,heap        ] GC(128) Survivor regions: 1->1(6)
[49.760s][info][gc,heap        ] GC(128) Old regions: 6->6
[49.760s][info][gc,heap        ] GC(128) Archive regions: 0->0
[49.760s][info][gc,heap        ] GC(128) Humongous regions: 0->0
[49.760s][info][gc,metaspace   ] GC(128) Metaspace: 14329K(15168K)->14329K(15168K) NonClass: 12367K(12864K)->12367K(12864K) Class: 1962K(2304K)->1962K(2304K)
[49.760s][info][gc             ] GC(128) Pause Young (Normal) (G1 Evacuation Pause) 695M->7M(1184M) 3.510ms
[49.760s][info][gc,cpu         ] GC(128) User=0.00s Sys=0.00s Real=0.00s
[50.199s][info][gc,start       ] GC(129) Pause Young (Normal) (G1 Evacuation Pause)
[50.199s][info][gc,task        ] GC(129) Using 33 workers of 33 for evacuation
[50.202s][info][gc,phases      ] GC(129)   Pre Evacuate Collection Set: 0.1ms
[50.202s][info][gc,phases      ] GC(129)   Merge Heap Roots: 0.1ms
[50.202s][info][gc,phases      ] GC(129)   Evacuate Collection Set: 0.6ms
[50.202s][info][gc,phases      ] GC(129)   Post Evacuate Collection Set: 2.2ms
[50.202s][info][gc,phases      ] GC(129)   Other: 0.1ms
[50.202s][info][gc,heap        ] GC(129) Eden regions: 43->0(43)
[50.202s][info][gc,heap        ] GC(129) Survivor regions: 1->1(6)
[50.202s][info][gc,heap        ] GC(129) Old regions: 6->6
[50.202s][info][gc,heap        ] GC(129) Archive regions: 0->0
[50.202s][info][gc,heap        ] GC(129) Humongous regions: 0->0
[50.202s][info][gc,metaspace   ] GC(129) Metaspace: 14329K(15168K)->14329K(15168K) NonClass: 12367K(12864K)->12367K(12864K) Class: 1962K(2304K)->1962K(2304K)
[50.202s][info][gc             ] GC(129) Pause Young (Normal) (G1 Evacuation Pause) 695M->7M(1184M) 3.319ms
[50.202s][info][gc,cpu         ] GC(129) User=0.00s Sys=0.00s Real=0.00s
[50.619s][info][gc,start       ] GC(130) Pause Young (Normal) (G1 Evacuation Pause)
[50.619s][info][gc,task        ] GC(130) Using 33 workers of 33 for evacuation
[50.622s][info][gc,phases      ] GC(130)   Pre Evacuate Collection Set: 0.1ms
[50.622s][info][gc,phases      ] GC(130)   Merge Heap Roots: 0.1ms
[50.622s][info][gc,phases      ] GC(130)   Evacuate Collection Set: 0.6ms
[50.622s][info][gc,phases      ] GC(130)   Post Evacuate Collection Set: 2.2ms
[50.622s][info][gc,phases      ] GC(130)   Other: 0.1ms
[50.622s][info][gc,heap        ] GC(130) Eden regions: 43->0(43)
[50.622s][info][gc,heap        ] GC(130) Survivor regions: 1->1(6)
[50.622s][info][gc,heap        ] GC(130) Old regions: 6->6
[50.622s][info][gc,heap        ] GC(130) Archive regions: 0->0
[50.622s][info][gc,heap        ] GC(130) Humongous regions: 0->0
[50.622s][info][gc,metaspace   ] GC(130) Metaspace: 14329K(15168K)->14329K(15168K) NonClass: 12367K(12864K)->12367K(12864K) Class: 1962K(2304K)->1962K(2304K)
[50.622s][info][gc             ] GC(130) Pause Young (Normal) (G1 Evacuation Pause) 695M->7M(1184M) 3.345ms
[50.622s][info][gc,cpu         ] GC(130) User=0.00s Sys=0.00s Real=0.00s
[51.049s][info][gc,start       ] GC(131) Pause Young (Normal) (G1 Evacuation Pause)
[51.049s][info][gc,task        ] GC(131) Using 33 workers of 33 for evacuation
[51.052s][info][gc,phases      ] GC(131)   Pre Evacuate Collection Set: 0.1ms
[51.052s][info][gc,phases      ] GC(131)   Merge Heap Roots: 0.1ms
[51.052s][info][gc,phases      ] GC(131)   Evacuate Collection Set: 0.5ms
[51.052s][info][gc,phases      ] GC(131)   Post Evacuate Collection Set: 2.2ms
[51.052s][info][gc,phases      ] GC(131)   Other: 0.1ms
[51.052s][info][gc,heap        ] GC(131) Eden regions: 43->0(43)
[51.052s][info][gc,heap        ] GC(131) Survivor regions: 1->1(6)
[51.052s][info][gc,heap        ] GC(131) Old regions: 6->6
[51.052s][info][gc,heap        ] GC(131) Archive regions: 0->0
[51.052s][info][gc,heap        ] GC(131) Humongous regions: 0->0
[51.052s][info][gc,metaspace   ] GC(131) Metaspace: 14329K(15168K)->14329K(15168K) NonClass: 12367K(12864K)->12367K(12864K) Class: 1962K(2304K)->1962K(2304K)
[51.052s][info][gc             ] GC(131) Pause Young (Normal) (G1 Evacuation Pause) 695M->7M(1184M) 3.255ms
[51.052s][info][gc,cpu         ] GC(131) User=0.00s Sys=0.00s Real=0.00s
[51.475s][info][gc,start       ] GC(132) Pause Young (Normal) (G1 Evacuation Pause)
[51.475s][info][gc,task        ] GC(132) Using 33 workers of 33 for evacuation
[51.478s][info][gc,phases      ] GC(132)   Pre Evacuate Collection Set: 0.1ms
[51.478s][info][gc,phases      ] GC(132)   Merge Heap Roots: 0.1ms
[51.478s][info][gc,phases      ] GC(132)   Evacuate Collection Set: 0.6ms
[51.478s][info][gc,phases      ] GC(132)   Post Evacuate Collection Set: 2.4ms
[51.478s][info][gc,phases      ] GC(132)   Other: 0.1ms
[51.478s][info][gc,heap        ] GC(132) Eden regions: 43->0(43)
[51.478s][info][gc,heap        ] GC(132) Survivor regions: 1->1(6)
[51.478s][info][gc,heap        ] GC(132) Old regions: 6->6
[51.478s][info][gc,heap        ] GC(132) Archive regions: 0->0
[51.478s][info][gc,heap        ] GC(132) Humongous regions: 0->0
[51.478s][info][gc,metaspace   ] GC(132) Metaspace: 14329K(15168K)->14329K(15168K) NonClass: 12367K(12864K)->12367K(12864K) Class: 1962K(2304K)->1962K(2304K)
[51.478s][info][gc             ] GC(132) Pause Young (Normal) (G1 Evacuation Pause) 695M->7M(1184M) 3.474ms
[51.478s][info][gc,cpu         ] GC(132) User=0.00s Sys=0.00s Real=0.00s
[51.907s][info][gc,start       ] GC(133) Pause Young (Normal) (G1 Evacuation Pause)
[51.907s][info][gc,task        ] GC(133) Using 33 workers of 33 for evacuation
[51.911s][info][gc,phases      ] GC(133)   Pre Evacuate Collection Set: 0.1ms
[51.911s][info][gc,phases      ] GC(133)   Merge Heap Roots: 0.1ms
[51.911s][info][gc,phases      ] GC(133)   Evacuate Collection Set: 0.6ms
[51.911s][info][gc,phases      ] GC(133)   Post Evacuate Collection Set: 2.5ms
[51.911s][info][gc,phases      ] GC(133)   Other: 0.1ms
[51.911s][info][gc,heap        ] GC(133) Eden regions: 43->0(43)
[51.911s][info][gc,heap        ] GC(133) Survivor regions: 1->1(6)
[51.911s][info][gc,heap        ] GC(133) Old regions: 6->6
[51.911s][info][gc,heap        ] GC(133) Archive regions: 0->0
[51.911s][info][gc,heap        ] GC(133) Humongous regions: 0->0
[51.911s][info][gc,metaspace   ] GC(133) Metaspace: 14329K(15168K)->14329K(15168K) NonClass: 12367K(12864K)->12367K(12864K) Class: 1962K(2304K)->1962K(2304K)
[51.911s][info][gc             ] GC(133) Pause Young (Normal) (G1 Evacuation Pause) 695M->7M(1184M) 3.581ms
[51.911s][info][gc,cpu         ] GC(133) User=0.39s Sys=0.06s Real=0.00s
[52.326s][info][gc,start       ] GC(134) Pause Young (Normal) (G1 Evacuation Pause)
[52.326s][info][gc,task        ] GC(134) Using 33 workers of 33 for evacuation
[52.329s][info][gc,phases      ] GC(134)   Pre Evacuate Collection Set: 0.1ms
[52.329s][info][gc,phases      ] GC(134)   Merge Heap Roots: 0.1ms
[52.329s][info][gc,phases      ] GC(134)   Evacuate Collection Set: 0.6ms
[52.329s][info][gc,phases      ] GC(134)   Post Evacuate Collection Set: 2.5ms
[52.329s][info][gc,phases      ] GC(134)   Other: 0.1ms
[52.329s][info][gc,heap        ] GC(134) Eden regions: 43->0(43)
[52.330s][info][gc,heap        ] GC(134) Survivor regions: 1->1(6)
[52.330s][info][gc,heap        ] GC(134) Old regions: 6->6
[52.330s][info][gc,heap        ] GC(134) Archive regions: 0->0
[52.330s][info][gc,heap        ] GC(134) Humongous regions: 0->0
[52.330s][info][gc,metaspace   ] GC(134) Metaspace: 14329K(15168K)->14329K(15168K) NonClass: 12367K(12864K)->12367K(12864K) Class: 1962K(2304K)->1962K(2304K)
[52.330s][info][gc             ] GC(134) Pause Young (Normal) (G1 Evacuation Pause) 695M->7M(1184M) 3.685ms
[52.330s][info][gc,cpu         ] GC(134) User=0.00s Sys=0.00s Real=0.00s
[52.762s][info][gc,start       ] GC(135) Pause Young (Normal) (G1 Evacuation Pause)
[52.762s][info][gc,task        ] GC(135) Using 33 workers of 33 for evacuation
[52.765s][info][gc,phases      ] GC(135)   Pre Evacuate Collection Set: 0.1ms
[52.765s][info][gc,phases      ] GC(135)   Merge Heap Roots: 0.1ms
[52.765s][info][gc,phases      ] GC(135)   Evacuate Collection Set: 0.6ms
[52.765s][info][gc,phases      ] GC(135)   Post Evacuate Collection Set: 2.4ms
[52.765s][info][gc,phases      ] GC(135)   Other: 0.1ms
[52.765s][info][gc,heap        ] GC(135) Eden regions: 43->0(43)
[52.765s][info][gc,heap        ] GC(135) Survivor regions: 1->1(6)
[52.765s][info][gc,heap        ] GC(135) Old regions: 6->7
[52.765s][info][gc,heap        ] GC(135) Archive regions: 0->0
[52.765s][info][gc,heap        ] GC(135) Humongous regions: 0->0
[52.765s][info][gc,metaspace   ] GC(135) Metaspace: 14329K(15168K)->14329K(15168K) NonClass: 12367K(12864K)->12367K(12864K) Class: 1962K(2304K)->1962K(2304K)
[52.766s][info][gc             ] GC(135) Pause Young (Normal) (G1 Evacuation Pause) 695M->7M(1184M) 3.506ms
[52.766s][info][gc,cpu         ] GC(135) User=0.00s Sys=0.00s Real=0.00s
[53.211s][info][gc,start       ] GC(136) Pause Young (Normal) (G1 Evacuation Pause)
[53.211s][info][gc,task        ] GC(136) Using 33 workers of 33 for evacuation
[53.214s][info][gc,phases      ] GC(136)   Pre Evacuate Collection Set: 0.1ms
[53.214s][info][gc,phases      ] GC(136)   Merge Heap Roots: 0.2ms
[53.214s][info][gc,phases      ] GC(136)   Evacuate Collection Set: 0.3ms
[53.214s][info][gc,phases      ] GC(136)   Post Evacuate Collection Set: 2.2ms
[53.214s][info][gc,phases      ] GC(136)   Other: 0.1ms
[53.214s][info][gc,heap        ] GC(136) Eden regions: 43->0(43)
[53.214s][info][gc,heap        ] GC(136) Survivor regions: 1->1(6)
[53.214s][info][gc,heap        ] GC(136) Old regions: 7->7
[53.214s][info][gc,heap        ] GC(136) Archive regions: 0->0
[53.214s][info][gc,heap        ] GC(136) Humongous regions: 0->0
[53.214s][info][gc,metaspace   ] GC(136) Metaspace: 14329K(15168K)->14329K(15168K) NonClass: 12367K(12864K)->12367K(12864K) Class: 1962K(2304K)->1962K(2304K)
[53.214s][info][gc             ] GC(136) Pause Young (Normal) (G1 Evacuation Pause) 695M->7M(1184M) 3.104ms
[53.214s][info][gc,cpu         ] GC(136) User=0.00s Sys=0.00s Real=0.00s
[53.638s][info][gc,start       ] GC(137) Pause Young (Normal) (G1 Evacuation Pause)
[53.638s][info][gc,task        ] GC(137) Using 33 workers of 33 for evacuation
[53.641s][info][gc,phases      ] GC(137)   Pre Evacuate Collection Set: 0.1ms
[53.641s][info][gc,phases      ] GC(137)   Merge Heap Roots: 0.1ms
[53.641s][info][gc,phases      ] GC(137)   Evacuate Collection Set: 0.4ms
[53.641s][info][gc,phases      ] GC(137)   Post Evacuate Collection Set: 2.2ms
[53.641s][info][gc,phases      ] GC(137)   Other: 0.1ms
[53.641s][info][gc,heap        ] GC(137) Eden regions: 43->0(43)
[53.641s][info][gc,heap        ] GC(137) Survivor regions: 1->1(6)
[53.641s][info][gc,heap        ] GC(137) Old regions: 7->7
[53.641s][info][gc,heap        ] GC(137) Archive regions: 0->0
[53.641s][info][gc,heap        ] GC(137) Humongous regions: 0->0
[53.641s][info][gc,metaspace   ] GC(137) Metaspace: 14329K(15168K)->14329K(15168K) NonClass: 12367K(12864K)->12367K(12864K) Class: 1962K(2304K)->1962K(2304K)
[53.641s][info][gc             ] GC(137) Pause Young (Normal) (G1 Evacuation Pause) 695M->7M(1184M) 3.200ms
[53.641s][info][gc,cpu         ] GC(137) User=0.00s Sys=0.00s Real=0.00s
[54.070s][info][gc,start       ] GC(138) Pause Young (Normal) (G1 Evacuation Pause)
[54.070s][info][gc,task        ] GC(138) Using 33 workers of 33 for evacuation
[54.073s][info][gc,phases      ] GC(138)   Pre Evacuate Collection Set: 0.1ms
[54.073s][info][gc,phases      ] GC(138)   Merge Heap Roots: 0.1ms
[54.073s][info][gc,phases      ] GC(138)   Evacuate Collection Set: 0.4ms
[54.073s][info][gc,phases      ] GC(138)   Post Evacuate Collection Set: 2.3ms
[54.073s][info][gc,phases      ] GC(138)   Other: 0.1ms
[54.073s][info][gc,heap        ] GC(138) Eden regions: 43->0(43)
[54.073s][info][gc,heap        ] GC(138) Survivor regions: 1->1(6)
[54.073s][info][gc,heap        ] GC(138) Old regions: 7->7
[54.073s][info][gc,heap        ] GC(138) Archive regions: 0->0
[54.073s][info][gc,heap        ] GC(138) Humongous regions: 0->0
[54.073s][info][gc,metaspace   ] GC(138) Metaspace: 14329K(15168K)->14329K(15168K) NonClass: 12367K(12864K)->12367K(12864K) Class: 1962K(2304K)->1962K(2304K)
[54.073s][info][gc             ] GC(138) Pause Young (Normal) (G1 Evacuation Pause) 695M->7M(1184M) 3.244ms
[54.073s][info][gc,cpu         ] GC(138) User=0.00s Sys=0.00s Real=0.00s
[54.503s][info][gc,start       ] GC(139) Pause Young (Normal) (G1 Evacuation Pause)
[54.503s][info][gc,task        ] GC(139) Using 33 workers of 33 for evacuation
[54.506s][info][gc,phases      ] GC(139)   Pre Evacuate Collection Set: 0.1ms
[54.506s][info][gc,phases      ] GC(139)   Merge Heap Roots: 0.1ms
[54.506s][info][gc,phases      ] GC(139)   Evacuate Collection Set: 0.4ms
[54.506s][info][gc,phases      ] GC(139)   Post Evacuate Collection Set: 2.4ms
[54.506s][info][gc,phases      ] GC(139)   Other: 0.1ms
[54.506s][info][gc,heap        ] GC(139) Eden regions: 43->0(43)
[54.506s][info][gc,heap        ] GC(139) Survivor regions: 1->1(6)
[54.506s][info][gc,heap        ] GC(139) Old regions: 7->7
[54.506s][info][gc,heap        ] GC(139) Archive regions: 0->0
[54.506s][info][gc,heap        ] GC(139) Humongous regions: 0->0
[54.506s][info][gc,metaspace   ] GC(139) Metaspace: 14329K(15168K)->14329K(15168K) NonClass: 12367K(12864K)->12367K(12864K) Class: 1962K(2304K)->1962K(2304K)
[54.506s][info][gc             ] GC(139) Pause Young (Normal) (G1 Evacuation Pause) 695M->7M(1184M) 3.381ms
[54.506s][info][gc,cpu         ] GC(139) User=0.00s Sys=0.00s Real=0.00s
[54.935s][info][gc,start       ] GC(140) Pause Young (Normal) (G1 Evacuation Pause)
[54.935s][info][gc,task        ] GC(140) Using 33 workers of 33 for evacuation
[54.939s][info][gc,phases      ] GC(140)   Pre Evacuate Collection Set: 0.1ms
[54.939s][info][gc,phases      ] GC(140)   Merge Heap Roots: 0.1ms
[54.939s][info][gc,phases      ] GC(140)   Evacuate Collection Set: 0.4ms
[54.939s][info][gc,phases      ] GC(140)   Post Evacuate Collection Set: 2.5ms
[54.939s][info][gc,phases      ] GC(140)   Other: 0.1ms
[54.939s][info][gc,heap        ] GC(140) Eden regions: 43->0(43)
[54.939s][info][gc,heap        ] GC(140) Survivor regions: 1->1(6)
[54.939s][info][gc,heap        ] GC(140) Old regions: 7->7
[54.939s][info][gc,heap        ] GC(140) Archive regions: 0->0
[54.939s][info][gc,heap        ] GC(140) Humongous regions: 0->0
[54.939s][info][gc,metaspace   ] GC(140) Metaspace: 14329K(15168K)->14329K(15168K) NonClass: 12367K(12864K)->12367K(12864K) Class: 1962K(2304K)->1962K(2304K)
[54.939s][info][gc             ] GC(140) Pause Young (Normal) (G1 Evacuation Pause) 695M->8M(1184M) 3.487ms
[54.939s][info][gc,cpu         ] GC(140) User=0.00s Sys=0.00s Real=0.00s
[55.417s][info][gc,start       ] GC(141) Pause Young (Normal) (G1 Evacuation Pause)
[55.417s][info][gc,task        ] GC(141) Using 33 workers of 33 for evacuation
[55.422s][info][gc,phases      ] GC(141)   Pre Evacuate Collection Set: 0.2ms
[55.422s][info][gc,phases      ] GC(141)   Merge Heap Roots: 0.2ms
[55.422s][info][gc,phases      ] GC(141)   Evacuate Collection Set: 0.8ms
[55.422s][info][gc,phases      ] GC(141)   Post Evacuate Collection Set: 3.4ms
[55.422s][info][gc,phases      ] GC(141)   Other: 0.1ms
[55.422s][info][gc,heap        ] GC(141) Eden regions: 43->0(43)
[55.422s][info][gc,heap        ] GC(141) Survivor regions: 1->1(6)
[55.422s][info][gc,heap        ] GC(141) Old regions: 7->7
[55.422s][info][gc,heap        ] GC(141) Archive regions: 0->0
[55.422s][info][gc,heap        ] GC(141) Humongous regions: 0->0
[55.422s][info][gc,metaspace   ] GC(141) Metaspace: 14329K(15168K)->14329K(15168K) NonClass: 12367K(12864K)->12367K(12864K) Class: 1962K(2304K)->1962K(2304K)
[55.422s][info][gc             ] GC(141) Pause Young (Normal) (G1 Evacuation Pause) 696M->8M(1184M) 5.365ms
[55.422s][info][gc,cpu         ] GC(141) User=0.00s Sys=0.00s Real=0.00s
[55.869s][info][gc,start       ] GC(142) Pause Young (Normal) (G1 Evacuation Pause)
[55.869s][info][gc,task        ] GC(142) Using 33 workers of 33 for evacuation
[55.872s][info][gc,phases      ] GC(142)   Pre Evacuate Collection Set: 0.1ms
[55.872s][info][gc,phases      ] GC(142)   Merge Heap Roots: 0.1ms
[55.872s][info][gc,phases      ] GC(142)   Evacuate Collection Set: 0.4ms
[55.872s][info][gc,phases      ] GC(142)   Post Evacuate Collection Set: 2.2ms
[55.872s][info][gc,phases      ] GC(142)   Other: 0.1ms
[55.872s][info][gc,heap        ] GC(142) Eden regions: 43->0(43)
[55.872s][info][gc,heap        ] GC(142) Survivor regions: 1->1(6)
[55.872s][info][gc,heap        ] GC(142) Old regions: 7->7
[55.872s][info][gc,heap        ] GC(142) Archive regions: 0->0
[55.873s][info][gc,heap        ] GC(142) Humongous regions: 0->0
[55.873s][info][gc,metaspace   ] GC(142) Metaspace: 14329K(15168K)->14329K(15168K) NonClass: 12367K(12864K)->12367K(12864K) Class: 1962K(2304K)->1962K(2304K)
[55.873s][info][gc             ] GC(142) Pause Young (Normal) (G1 Evacuation Pause) 696M->8M(1184M) 3.147ms
[55.873s][info][gc,cpu         ] GC(142) User=0.00s Sys=0.00s Real=0.00s
[56.301s][info][gc,start       ] GC(143) Pause Young (Normal) (G1 Evacuation Pause)
[56.301s][info][gc,task        ] GC(143) Using 33 workers of 33 for evacuation
[56.304s][info][gc,phases      ] GC(143)   Pre Evacuate Collection Set: 0.1ms
[56.304s][info][gc,phases      ] GC(143)   Merge Heap Roots: 0.1ms
[56.304s][info][gc,phases      ] GC(143)   Evacuate Collection Set: 0.4ms
[56.304s][info][gc,phases      ] GC(143)   Post Evacuate Collection Set: 2.4ms
[56.304s][info][gc,phases      ] GC(143)   Other: 0.1ms
[56.304s][info][gc,heap        ] GC(143) Eden regions: 43->0(43)
[56.304s][info][gc,heap        ] GC(143) Survivor regions: 1->1(6)
[56.304s][info][gc,heap        ] GC(143) Old regions: 7->7
[56.304s][info][gc,heap        ] GC(143) Archive regions: 0->0
[56.304s][info][gc,heap        ] GC(143) Humongous regions: 0->0
[56.304s][info][gc,metaspace   ] GC(143) Metaspace: 14329K(15168K)->14329K(15168K) NonClass: 12367K(12864K)->12367K(12864K) Class: 1962K(2304K)->1962K(2304K)
[56.304s][info][gc             ] GC(143) Pause Young (Normal) (G1 Evacuation Pause) 696M->8M(1184M) 3.344ms
[56.304s][info][gc,cpu         ] GC(143) User=0.00s Sys=0.00s Real=0.00s
[56.744s][info][gc,start       ] GC(144) Pause Young (Normal) (G1 Evacuation Pause)
[56.744s][info][gc,task        ] GC(144) Using 33 workers of 33 for evacuation
[56.747s][info][gc,phases      ] GC(144)   Pre Evacuate Collection Set: 0.1ms
[56.747s][info][gc,phases      ] GC(144)   Merge Heap Roots: 0.1ms
[56.747s][info][gc,phases      ] GC(144)   Evacuate Collection Set: 0.4ms
[56.747s][info][gc,phases      ] GC(144)   Post Evacuate Collection Set: 2.2ms
[56.747s][info][gc,phases      ] GC(144)   Other: 0.1ms
[56.747s][info][gc,heap        ] GC(144) Eden regions: 43->0(43)
[56.747s][info][gc,heap        ] GC(144) Survivor regions: 1->1(6)
[56.747s][info][gc,heap        ] GC(144) Old regions: 7->7
[56.747s][info][gc,heap        ] GC(144) Archive regions: 0->0
[56.747s][info][gc,heap        ] GC(144) Humongous regions: 0->0
[56.747s][info][gc,metaspace   ] GC(144) Metaspace: 14329K(15168K)->14329K(15168K) NonClass: 12367K(12864K)->12367K(12864K) Class: 1962K(2304K)->1962K(2304K)
[56.747s][info][gc             ] GC(144) Pause Young (Normal) (G1 Evacuation Pause) 696M->8M(1184M) 3.246ms
[56.747s][info][gc,cpu         ] GC(144) User=0.00s Sys=0.00s Real=0.00s
[57.176s][info][gc,start       ] GC(145) Pause Young (Normal) (G1 Evacuation Pause)
[57.176s][info][gc,task        ] GC(145) Using 33 workers of 33 for evacuation
[57.179s][info][gc,phases      ] GC(145)   Pre Evacuate Collection Set: 0.1ms
[57.179s][info][gc,phases      ] GC(145)   Merge Heap Roots: 0.1ms
[57.179s][info][gc,phases      ] GC(145)   Evacuate Collection Set: 0.4ms
[57.179s][info][gc,phases      ] GC(145)   Post Evacuate Collection Set: 2.3ms
[57.179s][info][gc,phases      ] GC(145)   Other: 0.1ms
[57.179s][info][gc,heap        ] GC(145) Eden regions: 43->0(43)
[57.179s][info][gc,heap        ] GC(145) Survivor regions: 1->1(6)
[57.179s][info][gc,heap        ] GC(145) Old regions: 7->7
[57.179s][info][gc,heap        ] GC(145) Archive regions: 0->0
[57.179s][info][gc,heap        ] GC(145) Humongous regions: 0->0
[57.179s][info][gc,metaspace   ] GC(145) Metaspace: 14329K(15168K)->14329K(15168K) NonClass: 12367K(12864K)->12367K(12864K) Class: 1962K(2304K)->1962K(2304K)
[57.179s][info][gc             ] GC(145) Pause Young (Normal) (G1 Evacuation Pause) 696M->8M(1184M) 3.300ms
[57.179s][info][gc,cpu         ] GC(145) User=0.00s Sys=0.00s Real=0.00s
[57.541s][info][gc,start       ] GC(146) Pause Young (Normal) (G1 Evacuation Pause)
[57.541s][info][gc,task        ] GC(146) Using 33 workers of 33 for evacuation
[57.544s][info][gc,phases      ] GC(146)   Pre Evacuate Collection Set: 0.1ms
[57.544s][info][gc,phases      ] GC(146)   Merge Heap Roots: 0.2ms
[57.544s][info][gc,phases      ] GC(146)   Evacuate Collection Set: 0.5ms
[57.544s][info][gc,phases      ] GC(146)   Post Evacuate Collection Set: 2.6ms
[57.544s][info][gc,phases      ] GC(146)   Other: 0.1ms
[57.545s][info][gc,heap        ] GC(146) Eden regions: 43->0(43)
[57.545s][info][gc,heap        ] GC(146) Survivor regions: 1->1(6)
[57.545s][info][gc,heap        ] GC(146) Old regions: 7->7
[57.545s][info][gc,heap        ] GC(146) Archive regions: 0->0
[57.545s][info][gc,heap        ] GC(146) Humongous regions: 0->0
[57.545s][info][gc,metaspace   ] GC(146) Metaspace: 14329K(15168K)->14329K(15168K) NonClass: 12367K(12864K)->12367K(12864K) Class: 1962K(2304K)->1962K(2304K)
[57.545s][info][gc             ] GC(146) Pause Young (Normal) (G1 Evacuation Pause) 696M->8M(1184M) 3.647ms
[57.545s][info][gc,cpu         ] GC(146) User=0.00s Sys=0.00s Real=0.00s
[57.795s][info][gc,start       ] GC(147) Pause Full (System.gc())
[57.795s][info][gc,task        ] GC(147) Using 6 workers of 33 for full compaction
[57.795s][info][gc,phases,start] GC(147) Phase 1: Mark live objects
[57.806s][info][gc,phases      ] GC(147) Phase 1: Mark live objects 10.565ms
[57.806s][info][gc,phases,start] GC(147) Phase 2: Prepare compaction
[57.808s][info][gc,phases      ] GC(147) Phase 2: Prepare compaction 1.884ms
[57.808s][info][gc,phases,start] GC(147) Phase 3: Adjust pointers
[57.815s][info][gc,phases      ] GC(147) Phase 3: Adjust pointers 6.967ms
[57.815s][info][gc,phases,start] GC(147) Phase 4: Compact heap
[57.816s][info][gc,phases      ] GC(147) Phase 4: Compact heap 1.473ms
[57.823s][info][gc,heap        ] GC(147) Eden regions: 19->0(12)
[57.823s][info][gc,heap        ] GC(147) Survivor regions: 1->0(6)
[57.823s][info][gc,heap        ] GC(147) Old regions: 7->6
[57.823s][info][gc,heap        ] GC(147) Archive regions: 0->0
[57.823s][info][gc,heap        ] GC(147) Humongous regions: 0->0
[57.823s][info][gc,metaspace   ] GC(147) Metaspace: 14330K(15168K)->14330K(15168K) NonClass: 12367K(12864K)->12367K(12864K) Class: 1962K(2304K)->1962K(2304K)
[57.823s][info][gc             ] GC(147) Pause Full (System.gc()) 310M->5M(320M) 27.798ms
[57.823s][info][gc,cpu         ] GC(147) User=0.09s Sys=0.00s Real=0.02s
[57.955s][info][gc,start       ] GC(148) Pause Young (Normal) (G1 Evacuation Pause)
[57.955s][info][gc,task        ] GC(148) Using 33 workers of 33 for evacuation
[57.958s][info][gc,phases      ] GC(148)   Pre Evacuate Collection Set: 0.1ms
[57.958s][info][gc,phases      ] GC(148)   Merge Heap Roots: 0.1ms
[57.958s][info][gc,phases      ] GC(148)   Evacuate Collection Set: 0.5ms
[57.958s][info][gc,phases      ] GC(148)   Post Evacuate Collection Set: 1.9ms
[57.958s][info][gc,phases      ] GC(148)   Other: 0.1ms
[57.958s][info][gc,heap        ] GC(148) Eden regions: 12->0(11)
[57.958s][info][gc,heap        ] GC(148) Survivor regions: 0->1(2)
[57.958s][info][gc,heap        ] GC(148) Old regions: 6->6
[57.958s][info][gc,heap        ] GC(148) Archive regions: 0->0
[57.958s][info][gc,heap        ] GC(148) Humongous regions: 0->0
[57.958s][info][gc,metaspace   ] GC(148) Metaspace: 14332K(15168K)->14332K(15168K) NonClass: 12370K(12864K)->12370K(12864K) Class: 1962K(2304K)->1962K(2304K)
[57.958s][info][gc             ] GC(148) Pause Young (Normal) (G1 Evacuation Pause) 197M->6M(320M) 2.828ms
[57.958s][info][gc,cpu         ] GC(148) User=0.00s Sys=0.00s Real=0.00s
[58.077s][info][gc,start       ] GC(149) Pause Young (Normal) (G1 Evacuation Pause)
[58.077s][info][gc,task        ] GC(149) Using 33 workers of 33 for evacuation
[58.080s][info][gc,phases      ] GC(149)   Pre Evacuate Collection Set: 0.1ms
[58.080s][info][gc,phases      ] GC(149)   Merge Heap Roots: 0.1ms
[58.080s][info][gc,phases      ] GC(149)   Evacuate Collection Set: 0.5ms
[58.080s][info][gc,phases      ] GC(149)   Post Evacuate Collection Set: 2.0ms
[58.080s][info][gc,phases      ] GC(149)   Other: 0.1ms
[58.080s][info][gc,heap        ] GC(149) Eden regions: 11->0(11)
[58.080s][info][gc,heap        ] GC(149) Survivor regions: 1->1(2)
[58.080s][info][gc,heap        ] GC(149) Old regions: 6->6
[58.080s][info][gc,heap        ] GC(149) Archive regions: 0->0
[58.080s][info][gc,heap        ] GC(149) Humongous regions: 0->0
[58.080s][info][gc,metaspace   ] GC(149) Metaspace: 14332K(15168K)->14332K(15168K) NonClass: 12370K(12864K)->12370K(12864K) Class: 1962K(2304K)->1962K(2304K)
[58.080s][info][gc             ] GC(149) Pause Young (Normal) (G1 Evacuation Pause) 182M->6M(320M) 3.066ms
[58.080s][info][gc,cpu         ] GC(149) User=0.52s Sys=0.00s Real=0.02s
[58.189s][info][gc,start       ] GC(150) Pause Young (Normal) (G1 Evacuation Pause)
[58.189s][info][gc,task        ] GC(150) Using 33 workers of 33 for evacuation
[58.191s][info][gc,phases      ] GC(150)   Pre Evacuate Collection Set: 0.1ms
[58.191s][info][gc,phases      ] GC(150)   Merge Heap Roots: 0.1ms
[58.191s][info][gc,phases      ] GC(150)   Evacuate Collection Set: 0.5ms
[58.191s][info][gc,phases      ] GC(150)   Post Evacuate Collection Set: 1.9ms
[58.191s][info][gc,phases      ] GC(150)   Other: 0.1ms
[58.191s][info][gc,heap        ] GC(150) Eden regions: 11->0(11)
[58.191s][info][gc,heap        ] GC(150) Survivor regions: 1->1(2)
[58.191s][info][gc,heap        ] GC(150) Old regions: 6->6
[58.191s][info][gc,heap        ] GC(150) Archive regions: 0->0
[58.191s][info][gc,heap        ] GC(150) Humongous regions: 0->0
[58.191s][info][gc,metaspace   ] GC(150) Metaspace: 14332K(15168K)->14332K(15168K) NonClass: 12370K(12864K)->12370K(12864K) Class: 1962K(2304K)->1962K(2304K)
[58.191s][info][gc             ] GC(150) Pause Young (Normal) (G1 Evacuation Pause) 182M->6M(320M) 2.862ms
[58.191s][info][gc,cpu         ] GC(150) User=0.52s Sys=0.00s Real=0.00s
[58.299s][info][gc,start       ] GC(151) Pause Young (Normal) (G1 Evacuation Pause)
[58.299s][info][gc,task        ] GC(151) Using 33 workers of 33 for evacuation
[58.304s][info][gc,phases      ] GC(151)   Pre Evacuate Collection Set: 0.1ms
[58.304s][info][gc,phases      ] GC(151)   Merge Heap Roots: 0.1ms
[58.304s][info][gc,phases      ] GC(151)   Evacuate Collection Set: 0.4ms
[58.304s][info][gc,phases      ] GC(151)   Post Evacuate Collection Set: 4.3ms
[58.304s][info][gc,phases      ] GC(151)   Other: 0.1ms
[58.304s][info][gc,heap        ] GC(151) Eden regions: 11->0(43)
[58.304s][info][gc,heap        ] GC(151) Survivor regions: 1->1(2)
[58.304s][info][gc,heap        ] GC(151) Old regions: 6->6
[58.304s][info][gc,heap        ] GC(151) Archive regions: 0->0
[58.304s][info][gc,heap        ] GC(151) Humongous regions: 0->0
[58.304s][info][gc,metaspace   ] GC(151) Metaspace: 14332K(15168K)->14332K(15168K) NonClass: 12370K(12864K)->12370K(12864K) Class: 1962K(2304K)->1962K(2304K)
[58.304s][info][gc             ] GC(151) Pause Young (Normal) (G1 Evacuation Pause) 182M->6M(1184M) 5.228ms
[58.304s][info][gc,cpu         ] GC(151) User=0.00s Sys=0.00s Real=0.01s
[58.699s][info][gc,start       ] GC(152) Pause Young (Normal) (G1 Evacuation Pause)
[58.699s][info][gc,task        ] GC(152) Using 33 workers of 33 for evacuation
[58.704s][info][gc,phases      ] GC(152)   Pre Evacuate Collection Set: 0.1ms
[58.704s][info][gc,phases      ] GC(152)   Merge Heap Roots: 0.1ms
[58.704s][info][gc,phases      ] GC(152)   Evacuate Collection Set: 1.9ms
[58.704s][info][gc,phases      ] GC(152)   Post Evacuate Collection Set: 2.7ms
[58.704s][info][gc,phases      ] GC(152)   Other: 0.1ms
[58.704s][info][gc,heap        ] GC(152) Eden regions: 43->0(43)
[58.704s][info][gc,heap        ] GC(152) Survivor regions: 1->1(6)
[58.704s][info][gc,heap        ] GC(152) Old regions: 6->6
[58.704s][info][gc,heap        ] GC(152) Archive regions: 0->0
[58.704s][info][gc,heap        ] GC(152) Humongous regions: 0->0
[58.704s][info][gc,metaspace   ] GC(152) Metaspace: 14332K(15168K)->14332K(15168K) NonClass: 12370K(12864K)->12370K(12864K) Class: 1962K(2304K)->1962K(2304K)
[58.704s][info][gc             ] GC(152) Pause Young (Normal) (G1 Evacuation Pause) 694M->6M(1184M) 5.174ms
[58.704s][info][gc,cpu         ] GC(152) User=0.03s Sys=0.00s Real=0.01s
[59.134s][info][gc,start       ] GC(153) Pause Young (Normal) (G1 Evacuation Pause)
[59.134s][info][gc,task        ] GC(153) Using 33 workers of 33 for evacuation
[59.139s][info][gc,phases      ] GC(153)   Pre Evacuate Collection Set: 0.1ms
[59.139s][info][gc,phases      ] GC(153)   Merge Heap Roots: 0.1ms
[59.139s][info][gc,phases      ] GC(153)   Evacuate Collection Set: 2.0ms
[59.139s][info][gc,phases      ] GC(153)   Post Evacuate Collection Set: 2.7ms
[59.139s][info][gc,phases      ] GC(153)   Other: 0.1ms
[59.139s][info][gc,heap        ] GC(153) Eden regions: 43->0(43)
[59.139s][info][gc,heap        ] GC(153) Survivor regions: 1->1(6)
[59.139s][info][gc,heap        ] GC(153) Old regions: 6->6
[59.139s][info][gc,heap        ] GC(153) Archive regions: 0->0
[59.139s][info][gc,heap        ] GC(153) Humongous regions: 0->0
[59.139s][info][gc,metaspace   ] GC(153) Metaspace: 14332K(15168K)->14332K(15168K) NonClass: 12370K(12864K)->12370K(12864K) Class: 1962K(2304K)->1962K(2304K)
[59.139s][info][gc             ] GC(153) Pause Young (Normal) (G1 Evacuation Pause) 694M->6M(1184M) 5.304ms
[59.139s][info][gc,cpu         ] GC(153) User=0.00s Sys=0.00s Real=0.00s
[59.574s][info][gc,start       ] GC(154) Pause Young (Normal) (G1 Evacuation Pause)
[59.574s][info][gc,task        ] GC(154) Using 33 workers of 33 for evacuation
[59.577s][info][gc,phases      ] GC(154)   Pre Evacuate Collection Set: 0.1ms
[59.577s][info][gc,phases      ] GC(154)   Merge Heap Roots: 0.1ms
[59.577s][info][gc,phases      ] GC(154)   Evacuate Collection Set: 0.6ms
[59.577s][info][gc,phases      ] GC(154)   Post Evacuate Collection Set: 2.5ms
[59.577s][info][gc,phases      ] GC(154)   Other: 0.1ms
[59.577s][info][gc,heap        ] GC(154) Eden regions: 43->0(43)
[59.577s][info][gc,heap        ] GC(154) Survivor regions: 1->1(6)
[59.577s][info][gc,heap        ] GC(154) Old regions: 6->6
[59.577s][info][gc,heap        ] GC(154) Archive regions: 0->0
[59.577s][info][gc,heap        ] GC(154) Humongous regions: 0->0
[59.577s][info][gc,metaspace   ] GC(154) Metaspace: 14332K(15168K)->14332K(15168K) NonClass: 12370K(12864K)->12370K(12864K) Class: 1962K(2304K)->1962K(2304K)
[59.577s][info][gc             ] GC(154) Pause Young (Normal) (G1 Evacuation Pause) 694M->6M(1184M) 3.635ms
[59.577s][info][gc,cpu         ] GC(154) User=0.00s Sys=0.00s Real=0.00s
[60.006s][info][gc,start       ] GC(155) Pause Young (Normal) (G1 Evacuation Pause)
[60.006s][info][gc,task        ] GC(155) Using 33 workers of 33 for evacuation
[60.009s][info][gc,phases      ] GC(155)   Pre Evacuate Collection Set: 0.1ms
[60.009s][info][gc,phases      ] GC(155)   Merge Heap Roots: 0.1ms
[60.009s][info][gc,phases      ] GC(155)   Evacuate Collection Set: 0.5ms
[60.009s][info][gc,phases      ] GC(155)   Post Evacuate Collection Set: 2.5ms
[60.009s][info][gc,phases      ] GC(155)   Other: 0.1ms
[60.009s][info][gc,heap        ] GC(155) Eden regions: 43->0(43)
[60.009s][info][gc,heap        ] GC(155) Survivor regions: 1->1(6)
[60.009s][info][gc,heap        ] GC(155) Old regions: 6->6
[60.009s][info][gc,heap        ] GC(155) Archive regions: 0->0
[60.009s][info][gc,heap        ] GC(155) Humongous regions: 0->0
[60.009s][info][gc,metaspace   ] GC(155) Metaspace: 14332K(15168K)->14332K(15168K) NonClass: 12370K(12864K)->12370K(12864K) Class: 1962K(2304K)->1962K(2304K)
[60.009s][info][gc             ] GC(155) Pause Young (Normal) (G1 Evacuation Pause) 694M->7M(1184M) 3.567ms
[60.009s][info][gc,cpu         ] GC(155) User=0.00s Sys=0.00s Real=0.00s
[60.442s][info][gc,start       ] GC(156) Pause Young (Normal) (G1 Evacuation Pause)
[60.442s][info][gc,task        ] GC(156) Using 33 workers of 33 for evacuation
[60.445s][info][gc,phases      ] GC(156)   Pre Evacuate Collection Set: 0.1ms
[60.445s][info][gc,phases      ] GC(156)   Merge Heap Roots: 0.1ms
[60.445s][info][gc,phases      ] GC(156)   Evacuate Collection Set: 0.5ms
[60.445s][info][gc,phases      ] GC(156)   Post Evacuate Collection Set: 2.3ms
[60.445s][info][gc,phases      ] GC(156)   Other: 0.1ms
[60.445s][info][gc,heap        ] GC(156) Eden regions: 43->0(43)
[60.445s][info][gc,heap        ] GC(156) Survivor regions: 1->1(6)
[60.445s][info][gc,heap        ] GC(156) Old regions: 6->6
[60.445s][info][gc,heap        ] GC(156) Archive regions: 0->0
[60.445s][info][gc,heap        ] GC(156) Humongous regions: 0->0
[60.445s][info][gc,metaspace   ] GC(156) Metaspace: 14332K(15168K)->14332K(15168K) NonClass: 12370K(12864K)->12370K(12864K) Class: 1962K(2304K)->1962K(2304K)
[60.445s][info][gc             ] GC(156) Pause Young (Normal) (G1 Evacuation Pause) 695M->7M(1184M) 3.420ms
[60.445s][info][gc,cpu         ] GC(156) User=0.00s Sys=0.00s Real=0.00s
[60.868s][info][gc,start       ] GC(157) Pause Young (Normal) (G1 Evacuation Pause)
[60.868s][info][gc,task        ] GC(157) Using 33 workers of 33 for evacuation
[60.871s][info][gc,phases      ] GC(157)   Pre Evacuate Collection Set: 0.1ms
[60.871s][info][gc,phases      ] GC(157)   Merge Heap Roots: 0.1ms
[60.871s][info][gc,phases      ] GC(157)   Evacuate Collection Set: 0.6ms
[60.871s][info][gc,phases      ] GC(157)   Post Evacuate Collection Set: 2.5ms
[60.871s][info][gc,phases      ] GC(157)   Other: 0.1ms
[60.872s][info][gc,heap        ] GC(157) Eden regions: 43->0(43)
[60.872s][info][gc,heap        ] GC(157) Survivor regions: 1->1(6)
[60.872s][info][gc,heap        ] GC(157) Old regions: 6->6
[60.872s][info][gc,heap        ] GC(157) Archive regions: 0->0
[60.872s][info][gc,heap        ] GC(157) Humongous regions: 0->0
[60.872s][info][gc,metaspace   ] GC(157) Metaspace: 14332K(15168K)->14332K(15168K) NonClass: 12370K(12864K)->12370K(12864K) Class: 1962K(2304K)->1962K(2304K)
[60.872s][info][gc             ] GC(157) Pause Young (Normal) (G1 Evacuation Pause) 695M->7M(1184M) 3.550ms
[60.872s][info][gc,cpu         ] GC(157) User=0.00s Sys=0.00s Real=0.00s
[61.295s][info][gc,start       ] GC(158) Pause Young (Normal) (G1 Evacuation Pause)
[61.295s][info][gc,task        ] GC(158) Using 33 workers of 33 for evacuation
[61.298s][info][gc,phases      ] GC(158)   Pre Evacuate Collection Set: 0.1ms
[61.298s][info][gc,phases      ] GC(158)   Merge Heap Roots: 0.1ms
[61.298s][info][gc,phases      ] GC(158)   Evacuate Collection Set: 0.5ms
[61.298s][info][gc,phases      ] GC(158)   Post Evacuate Collection Set: 2.6ms
[61.298s][info][gc,phases      ] GC(158)   Other: 0.1ms
[61.298s][info][gc,heap        ] GC(158) Eden regions: 43->0(43)
[61.298s][info][gc,heap        ] GC(158) Survivor regions: 1->1(6)
[61.299s][info][gc,heap        ] GC(158) Old regions: 6->6
[61.299s][info][gc,heap        ] GC(158) Archive regions: 0->0
[61.299s][info][gc,heap        ] GC(158) Humongous regions: 0->0
[61.299s][info][gc,metaspace   ] GC(158) Metaspace: 14332K(15168K)->14332K(15168K) NonClass: 12370K(12864K)->12370K(12864K) Class: 1962K(2304K)->1962K(2304K)
[61.299s][info][gc             ] GC(158) Pause Young (Normal) (G1 Evacuation Pause) 695M->7M(1184M) 3.700ms
[61.299s][info][gc,cpu         ] GC(158) User=0.52s Sys=0.00s Real=0.00s
[61.722s][info][gc,start       ] GC(159) Pause Young (Normal) (G1 Evacuation Pause)
[61.722s][info][gc,task        ] GC(159) Using 33 workers of 33 for evacuation
[61.725s][info][gc,phases      ] GC(159)   Pre Evacuate Collection Set: 0.1ms
[61.725s][info][gc,phases      ] GC(159)   Merge Heap Roots: 0.1ms
[61.725s][info][gc,phases      ] GC(159)   Evacuate Collection Set: 0.5ms
[61.725s][info][gc,phases      ] GC(159)   Post Evacuate Collection Set: 2.7ms
[61.725s][info][gc,phases      ] GC(159)   Other: 0.1ms
[61.725s][info][gc,heap        ] GC(159) Eden regions: 43->0(43)
[61.725s][info][gc,heap        ] GC(159) Survivor regions: 1->1(6)
[61.725s][info][gc,heap        ] GC(159) Old regions: 6->6
[61.725s][info][gc,heap        ] GC(159) Archive regions: 0->0
[61.725s][info][gc,heap        ] GC(159) Humongous regions: 0->0
[61.725s][info][gc,metaspace   ] GC(159) Metaspace: 14332K(15168K)->14332K(15168K) NonClass: 12370K(12864K)->12370K(12864K) Class: 1962K(2304K)->1962K(2304K)
[61.726s][info][gc             ] GC(159) Pause Young (Normal) (G1 Evacuation Pause) 695M->7M(1184M) 3.722ms
[61.726s][info][gc,cpu         ] GC(159) User=0.00s Sys=0.00s Real=0.00s
[62.172s][info][gc,start       ] GC(160) Pause Young (Normal) (G1 Evacuation Pause)
[62.172s][info][gc,task        ] GC(160) Using 33 workers of 33 for evacuation
[62.177s][info][gc,phases      ] GC(160)   Pre Evacuate Collection Set: 0.1ms
[62.177s][info][gc,phases      ] GC(160)   Merge Heap Roots: 0.2ms
[62.177s][info][gc,phases      ] GC(160)   Evacuate Collection Set: 0.7ms
[62.177s][info][gc,phases      ] GC(160)   Post Evacuate Collection Set: 3.1ms
[62.177s][info][gc,phases      ] GC(160)   Other: 0.1ms
[62.177s][info][gc,heap        ] GC(160) Eden regions: 43->0(43)
[62.177s][info][gc,heap        ] GC(160) Survivor regions: 1->1(6)
[62.177s][info][gc,heap        ] GC(160) Old regions: 6->6
[62.177s][info][gc,heap        ] GC(160) Archive regions: 0->0
[62.177s][info][gc,heap        ] GC(160) Humongous regions: 0->0
[62.177s][info][gc,metaspace   ] GC(160) Metaspace: 14332K(15168K)->14332K(15168K) NonClass: 12370K(12864K)->12370K(12864K) Class: 1962K(2304K)->1962K(2304K)
[62.177s][info][gc             ] GC(160) Pause Young (Normal) (G1 Evacuation Pause) 695M->7M(1184M) 4.563ms
[62.177s][info][gc,cpu         ] GC(160) User=0.00s Sys=0.00s Real=0.00s
[62.616s][info][gc,start       ] GC(161) Pause Young (Normal) (G1 Evacuation Pause)
[62.617s][info][gc,task        ] GC(161) Using 33 workers of 33 for evacuation
[62.620s][info][gc,phases      ] GC(161)   Pre Evacuate Collection Set: 0.1ms
[62.620s][info][gc,phases      ] GC(161)   Merge Heap Roots: 0.1ms
[62.620s][info][gc,phases      ] GC(161)   Evacuate Collection Set: 0.6ms
[62.620s][info][gc,phases      ] GC(161)   Post Evacuate Collection Set: 2.4ms
[62.620s][info][gc,phases      ] GC(161)   Other: 0.1ms
[62.620s][info][gc,heap        ] GC(161) Eden regions: 43->0(43)
[62.620s][info][gc,heap        ] GC(161) Survivor regions: 1->1(6)
[62.620s][info][gc,heap        ] GC(161) Old regions: 6->6
[62.620s][info][gc,heap        ] GC(161) Archive regions: 0->0
[62.620s][info][gc,heap        ] GC(161) Humongous regions: 0->0
[62.620s][info][gc,metaspace   ] GC(161) Metaspace: 14332K(15168K)->14332K(15168K) NonClass: 12370K(12864K)->12370K(12864K) Class: 1962K(2304K)->1962K(2304K)
[62.620s][info][gc             ] GC(161) Pause Young (Normal) (G1 Evacuation Pause) 695M->7M(1184M) 3.553ms
[62.620s][info][gc,cpu         ] GC(161) User=0.00s Sys=0.00s Real=0.00s
[63.050s][info][gc,start       ] GC(162) Pause Young (Normal) (G1 Evacuation Pause)
[63.051s][info][gc,task        ] GC(162) Using 33 workers of 33 for evacuation
[63.054s][info][gc,phases      ] GC(162)   Pre Evacuate Collection Set: 0.1ms
[63.054s][info][gc,phases      ] GC(162)   Merge Heap Roots: 0.1ms
[63.054s][info][gc,phases      ] GC(162)   Evacuate Collection Set: 0.6ms
[63.054s][info][gc,phases      ] GC(162)   Post Evacuate Collection Set: 2.3ms
[63.054s][info][gc,phases      ] GC(162)   Other: 0.1ms
[63.054s][info][gc,heap        ] GC(162) Eden regions: 43->0(43)
[63.054s][info][gc,heap        ] GC(162) Survivor regions: 1->1(6)
[63.054s][info][gc,heap        ] GC(162) Old regions: 6->6
[63.054s][info][gc,heap        ] GC(162) Archive regions: 0->0
[63.054s][info][gc,heap        ] GC(162) Humongous regions: 0->0
[63.054s][info][gc,metaspace   ] GC(162) Metaspace: 14332K(15168K)->14332K(15168K) NonClass: 12370K(12864K)->12370K(12864K) Class: 1962K(2304K)->1962K(2304K)
[63.054s][info][gc             ] GC(162) Pause Young (Normal) (G1 Evacuation Pause) 695M->7M(1184M) 3.427ms
[63.054s][info][gc,cpu         ] GC(162) User=0.00s Sys=0.00s Real=0.00s
[63.475s][info][gc,start       ] GC(163) Pause Young (Normal) (G1 Evacuation Pause)
[63.476s][info][gc,task        ] GC(163) Using 33 workers of 33 for evacuation
[63.479s][info][gc,phases      ] GC(163)   Pre Evacuate Collection Set: 0.1ms
[63.479s][info][gc,phases      ] GC(163)   Merge Heap Roots: 0.1ms
[63.479s][info][gc,phases      ] GC(163)   Evacuate Collection Set: 0.6ms
[63.479s][info][gc,phases      ] GC(163)   Post Evacuate Collection Set: 2.4ms
[63.479s][info][gc,phases      ] GC(163)   Other: 0.1ms
[63.479s][info][gc,heap        ] GC(163) Eden regions: 43->0(43)
[63.479s][info][gc,heap        ] GC(163) Survivor regions: 1->1(6)
[63.479s][info][gc,heap        ] GC(163) Old regions: 6->7
[63.479s][info][gc,heap        ] GC(163) Archive regions: 0->0
[63.479s][info][gc,heap        ] GC(163) Humongous regions: 0->0
[63.479s][info][gc,metaspace   ] GC(163) Metaspace: 14332K(15168K)->14332K(15168K) NonClass: 12370K(12864K)->12370K(12864K) Class: 1962K(2304K)->1962K(2304K)
[63.479s][info][gc             ] GC(163) Pause Young (Normal) (G1 Evacuation Pause) 695M->7M(1184M) 3.503ms
[63.479s][info][gc,cpu         ] GC(163) User=0.00s Sys=0.00s Real=0.00s
[63.908s][info][gc,start       ] GC(164) Pause Young (Normal) (G1 Evacuation Pause)
[63.908s][info][gc,task        ] GC(164) Using 33 workers of 33 for evacuation
[63.911s][info][gc,phases      ] GC(164)   Pre Evacuate Collection Set: 0.1ms
[63.911s][info][gc,phases      ] GC(164)   Merge Heap Roots: 0.1ms
[63.911s][info][gc,phases      ] GC(164)   Evacuate Collection Set: 0.4ms
[63.911s][info][gc,phases      ] GC(164)   Post Evacuate Collection Set: 2.5ms
[63.911s][info][gc,phases      ] GC(164)   Other: 0.1ms
[63.911s][info][gc,heap        ] GC(164) Eden regions: 43->0(43)
[63.912s][info][gc,heap        ] GC(164) Survivor regions: 1->1(6)
[63.912s][info][gc,heap        ] GC(164) Old regions: 7->7
[63.912s][info][gc,heap        ] GC(164) Archive regions: 0->0
[63.912s][info][gc,heap        ] GC(164) Humongous regions: 0->0
[63.912s][info][gc,metaspace   ] GC(164) Metaspace: 14332K(15168K)->14332K(15168K) NonClass: 12370K(12864K)->12370K(12864K) Class: 1962K(2304K)->1962K(2304K)
[63.912s][info][gc             ] GC(164) Pause Young (Normal) (G1 Evacuation Pause) 695M->7M(1184M) 3.467ms
[63.912s][info][gc,cpu         ] GC(164) User=0.00s Sys=0.00s Real=0.00s
[64.341s][info][gc,start       ] GC(165) Pause Young (Normal) (G1 Evacuation Pause)
[64.341s][info][gc,task        ] GC(165) Using 33 workers of 33 for evacuation
[64.345s][info][gc,phases      ] GC(165)   Pre Evacuate Collection Set: 0.1ms
[64.345s][info][gc,phases      ] GC(165)   Merge Heap Roots: 0.1ms
[64.345s][info][gc,phases      ] GC(165)   Evacuate Collection Set: 0.4ms
[64.345s][info][gc,phases      ] GC(165)   Post Evacuate Collection Set: 2.6ms
[64.345s][info][gc,phases      ] GC(165)   Other: 0.1ms
[64.345s][info][gc,heap        ] GC(165) Eden regions: 43->0(43)
[64.345s][info][gc,heap        ] GC(165) Survivor regions: 1->1(6)
[64.345s][info][gc,heap        ] GC(165) Old regions: 7->7
[64.345s][info][gc,heap        ] GC(165) Archive regions: 0->0
[64.345s][info][gc,heap        ] GC(165) Humongous regions: 0->0
[64.345s][info][gc,metaspace   ] GC(165) Metaspace: 14332K(15168K)->14332K(15168K) NonClass: 12370K(12864K)->12370K(12864K) Class: 1962K(2304K)->1962K(2304K)
[64.345s][info][gc             ] GC(165) Pause Young (Normal) (G1 Evacuation Pause) 695M->7M(1184M) 3.604ms
[64.345s][info][gc,cpu         ] GC(165) User=0.00s Sys=0.02s Real=0.00s
[64.773s][info][gc,start       ] GC(166) Pause Young (Normal) (G1 Evacuation Pause)
[64.773s][info][gc,task        ] GC(166) Using 33 workers of 33 for evacuation
[64.776s][info][gc,phases      ] GC(166)   Pre Evacuate Collection Set: 0.1ms
[64.776s][info][gc,phases      ] GC(166)   Merge Heap Roots: 0.1ms
[64.776s][info][gc,phases      ] GC(166)   Evacuate Collection Set: 0.4ms
[64.776s][info][gc,phases      ] GC(166)   Post Evacuate Collection Set: 2.6ms
[64.776s][info][gc,phases      ] GC(166)   Other: 0.1ms
[64.776s][info][gc,heap        ] GC(166) Eden regions: 43->0(43)
[64.776s][info][gc,heap        ] GC(166) Survivor regions: 1->1(6)
[64.776s][info][gc,heap        ] GC(166) Old regions: 7->7
[64.776s][info][gc,heap        ] GC(166) Archive regions: 0->0
[64.776s][info][gc,heap        ] GC(166) Humongous regions: 0->0
[64.776s][info][gc,metaspace   ] GC(166) Metaspace: 14332K(15168K)->14332K(15168K) NonClass: 12370K(12864K)->12370K(12864K) Class: 1962K(2304K)->1962K(2304K)
[64.776s][info][gc             ] GC(166) Pause Young (Normal) (G1 Evacuation Pause) 695M->7M(1184M) 3.556ms
[64.776s][info][gc,cpu         ] GC(166) User=0.00s Sys=0.00s Real=0.00s
[65.210s][info][gc,start       ] GC(167) Pause Young (Normal) (G1 Evacuation Pause)
[65.210s][info][gc,task        ] GC(167) Using 33 workers of 33 for evacuation
[65.213s][info][gc,phases      ] GC(167)   Pre Evacuate Collection Set: 0.1ms
[65.213s][info][gc,phases      ] GC(167)   Merge Heap Roots: 0.2ms
[65.213s][info][gc,phases      ] GC(167)   Evacuate Collection Set: 0.4ms
[65.213s][info][gc,phases      ] GC(167)   Post Evacuate Collection Set: 2.7ms
[65.213s][info][gc,phases      ] GC(167)   Other: 0.1ms
[65.213s][info][gc,heap        ] GC(167) Eden regions: 43->0(43)
[65.213s][info][gc,heap        ] GC(167) Survivor regions: 1->1(6)
[65.213s][info][gc,heap        ] GC(167) Old regions: 7->7
[65.213s][info][gc,heap        ] GC(167) Archive regions: 0->0
[65.213s][info][gc,heap        ] GC(167) Humongous regions: 0->0
[65.213s][info][gc,metaspace   ] GC(167) Metaspace: 14332K(15168K)->14332K(15168K) NonClass: 12370K(12864K)->12370K(12864K) Class: 1962K(2304K)->1962K(2304K)
[65.213s][info][gc             ] GC(167) Pause Young (Normal) (G1 Evacuation Pause) 695M->7M(1184M) 3.639ms
[65.213s][info][gc,cpu         ] GC(167) User=0.00s Sys=0.00s Real=0.00s
[65.663s][info][gc,start       ] GC(168) Pause Young (Normal) (G1 Evacuation Pause)
[65.664s][info][gc,task        ] GC(168) Using 33 workers of 33 for evacuation
[65.667s][info][gc,phases      ] GC(168)   Pre Evacuate Collection Set: 0.1ms
[65.667s][info][gc,phases      ] GC(168)   Merge Heap Roots: 0.1ms
[65.667s][info][gc,phases      ] GC(168)   Evacuate Collection Set: 0.4ms
[65.667s][info][gc,phases      ] GC(168)   Post Evacuate Collection Set: 2.4ms
[65.667s][info][gc,phases      ] GC(168)   Other: 0.1ms
[65.667s][info][gc,heap        ] GC(168) Eden regions: 43->0(43)
[65.667s][info][gc,heap        ] GC(168) Survivor regions: 1->1(6)
[65.667s][info][gc,heap        ] GC(168) Old regions: 7->7
[65.667s][info][gc,heap        ] GC(168) Archive regions: 0->0
[65.667s][info][gc,heap        ] GC(168) Humongous regions: 0->0
[65.667s][info][gc,metaspace   ] GC(168) Metaspace: 14332K(15168K)->14332K(15168K) NonClass: 12370K(12864K)->12370K(12864K) Class: 1962K(2304K)->1962K(2304K)
[65.667s][info][gc             ] GC(168) Pause Young (Normal) (G1 Evacuation Pause) 695M->8M(1184M) 3.376ms
[65.667s][info][gc,cpu         ] GC(168) User=0.00s Sys=0.00s Real=0.00s
[66.093s][info][gc,start       ] GC(169) Pause Young (Normal) (G1 Evacuation Pause)
[66.093s][info][gc,task        ] GC(169) Using 33 workers of 33 for evacuation
[66.096s][info][gc,phases      ] GC(169)   Pre Evacuate Collection Set: 0.1ms
[66.096s][info][gc,phases      ] GC(169)   Merge Heap Roots: 0.1ms
[66.096s][info][gc,phases      ] GC(169)   Evacuate Collection Set: 0.4ms
[66.096s][info][gc,phases      ] GC(169)   Post Evacuate Collection Set: 2.5ms
[66.096s][info][gc,phases      ] GC(169)   Other: 0.1ms
[66.096s][info][gc,heap        ] GC(169) Eden regions: 43->0(43)
[66.096s][info][gc,heap        ] GC(169) Survivor regions: 1->1(6)
[66.096s][info][gc,heap        ] GC(169) Old regions: 7->7
[66.096s][info][gc,heap        ] GC(169) Archive regions: 0->0
[66.096s][info][gc,heap        ] GC(169) Humongous regions: 0->0
[66.096s][info][gc,metaspace   ] GC(169) Metaspace: 14332K(15168K)->14332K(15168K) NonClass: 12370K(12864K)->12370K(12864K) Class: 1962K(2304K)->1962K(2304K)
[66.096s][info][gc             ] GC(169) Pause Young (Normal) (G1 Evacuation Pause) 696M->8M(1184M) 3.431ms
[66.096s][info][gc,cpu         ] GC(169) User=0.00s Sys=0.00s Real=0.00s
[66.533s][info][gc,start       ] GC(170) Pause Young (Normal) (G1 Evacuation Pause)
[66.533s][info][gc,task        ] GC(170) Using 33 workers of 33 for evacuation
[66.536s][info][gc,phases      ] GC(170)   Pre Evacuate Collection Set: 0.1ms
[66.536s][info][gc,phases      ] GC(170)   Merge Heap Roots: 0.2ms
[66.536s][info][gc,phases      ] GC(170)   Evacuate Collection Set: 0.3ms
[66.536s][info][gc,phases      ] GC(170)   Post Evacuate Collection Set: 2.4ms
[66.536s][info][gc,phases      ] GC(170)   Other: 0.1ms
[66.536s][info][gc,heap        ] GC(170) Eden regions: 43->0(43)
[66.536s][info][gc,heap        ] GC(170) Survivor regions: 1->1(6)
[66.536s][info][gc,heap        ] GC(170) Old regions: 7->7
[66.536s][info][gc,heap        ] GC(170) Archive regions: 0->0
[66.536s][info][gc,heap        ] GC(170) Humongous regions: 0->0
[66.536s][info][gc,metaspace   ] GC(170) Metaspace: 14332K(15168K)->14332K(15168K) NonClass: 12370K(12864K)->12370K(12864K) Class: 1962K(2304K)->1962K(2304K)
[66.536s][info][gc             ] GC(170) Pause Young (Normal) (G1 Evacuation Pause) 696M->8M(1184M) 3.342ms
[66.536s][info][gc,cpu         ] GC(170) User=0.00s Sys=0.00s Real=0.00s
[66.964s][info][gc,start       ] GC(171) Pause Young (Normal) (G1 Evacuation Pause)
[67.001s][info][gc,task        ] GC(171) Using 33 workers of 33 for evacuation
[67.005s][info][gc,phases      ] GC(171)   Pre Evacuate Collection Set: 0.2ms
[67.005s][info][gc,phases      ] GC(171)   Merge Heap Roots: 0.2ms
[67.005s][info][gc,phases      ] GC(171)   Evacuate Collection Set: 0.6ms
[67.005s][info][gc,phases      ] GC(171)   Post Evacuate Collection Set: 3.1ms
[67.005s][info][gc,phases      ] GC(171)   Other: 0.1ms
[67.005s][info][gc,heap        ] GC(171) Eden regions: 43->0(43)
[67.005s][info][gc,heap        ] GC(171) Survivor regions: 1->1(6)
[67.005s][info][gc,heap        ] GC(171) Old regions: 7->7
[67.005s][info][gc,heap        ] GC(171) Archive regions: 0->0
[67.005s][info][gc,heap        ] GC(171) Humongous regions: 0->0
[67.005s][info][gc,metaspace   ] GC(171) Metaspace: 14332K(15168K)->14332K(15168K) NonClass: 12370K(12864K)->12370K(12864K) Class: 1962K(2304K)->1962K(2304K)
[67.005s][info][gc             ] GC(171) Pause Young (Normal) (G1 Evacuation Pause) 696M->8M(1184M) 41.382ms
[67.006s][info][gc,cpu         ] GC(171) User=0.00s Sys=0.00s Real=0.03s
[67.442s][info][gc,start       ] GC(172) Pause Young (Normal) (G1 Evacuation Pause)
[67.442s][info][gc,task        ] GC(172) Using 33 workers of 33 for evacuation
[67.446s][info][gc,phases      ] GC(172)   Pre Evacuate Collection Set: 0.1ms
[67.446s][info][gc,phases      ] GC(172)   Merge Heap Roots: 0.1ms
[67.446s][info][gc,phases      ] GC(172)   Evacuate Collection Set: 0.4ms
[67.446s][info][gc,phases      ] GC(172)   Post Evacuate Collection Set: 2.6ms
[67.446s][info][gc,phases      ] GC(172)   Other: 0.1ms
[67.446s][info][gc,heap        ] GC(172) Eden regions: 43->0(43)
[67.446s][info][gc,heap        ] GC(172) Survivor regions: 1->1(6)
[67.446s][info][gc,heap        ] GC(172) Old regions: 7->7
[67.446s][info][gc,heap        ] GC(172) Archive regions: 0->0
[67.446s][info][gc,heap        ] GC(172) Humongous regions: 0->0
[67.446s][info][gc,metaspace   ] GC(172) Metaspace: 14332K(15168K)->14332K(15168K) NonClass: 12370K(12864K)->12370K(12864K) Class: 1962K(2304K)->1962K(2304K)
[67.446s][info][gc             ] GC(172) Pause Young (Normal) (G1 Evacuation Pause) 696M->8M(1184M) 3.593ms
[67.446s][info][gc,cpu         ] GC(172) User=0.00s Sys=0.00s Real=0.00s
[67.987s][info][gc,start       ] GC(173) Pause Young (Normal) (G1 Evacuation Pause)
[67.987s][info][gc,task        ] GC(173) Using 33 workers of 33 for evacuation
[67.991s][info][gc,phases      ] GC(173)   Pre Evacuate Collection Set: 0.2ms
[67.991s][info][gc,phases      ] GC(173)   Merge Heap Roots: 0.2ms
[67.991s][info][gc,phases      ] GC(173)   Evacuate Collection Set: 0.7ms
[67.991s][info][gc,phases      ] GC(173)   Post Evacuate Collection Set: 3.4ms
[67.991s][info][gc,phases      ] GC(173)   Other: 0.1ms
[67.991s][info][gc,heap        ] GC(173) Eden regions: 43->0(43)
[67.991s][info][gc,heap        ] GC(173) Survivor regions: 1->1(6)
[67.991s][info][gc,heap        ] GC(173) Old regions: 7->7
[67.991s][info][gc,heap        ] GC(173) Archive regions: 0->0
[67.991s][info][gc,heap        ] GC(173) Humongous regions: 0->0
[67.991s][info][gc,metaspace   ] GC(173) Metaspace: 14332K(15168K)->14332K(15168K) NonClass: 12370K(12864K)->12370K(12864K) Class: 1962K(2304K)->1962K(2304K)
[67.991s][info][gc             ] GC(173) Pause Young (Normal) (G1 Evacuation Pause) 696M->8M(1184M) 4.776ms
[67.991s][info][gc,cpu         ] GC(173) User=0.00s Sys=0.00s Real=0.00s
[68.433s][info][gc,start       ] GC(174) Pause Young (Normal) (G1 Evacuation Pause)
[68.433s][info][gc,task        ] GC(174) Using 33 workers of 33 for evacuation
[68.436s][info][gc,phases      ] GC(174)   Pre Evacuate Collection Set: 0.1ms
[68.436s][info][gc,phases      ] GC(174)   Merge Heap Roots: 0.2ms
[68.436s][info][gc,phases      ] GC(174)   Evacuate Collection Set: 0.4ms
[68.436s][info][gc,phases      ] GC(174)   Post Evacuate Collection Set: 2.4ms
[68.436s][info][gc,phases      ] GC(174)   Other: 0.1ms
[68.436s][info][gc,heap        ] GC(174) Eden regions: 43->0(43)
[68.436s][info][gc,heap        ] GC(174) Survivor regions: 1->1(6)
[68.436s][info][gc,heap        ] GC(174) Old regions: 7->7
[68.437s][info][gc,heap        ] GC(174) Archive regions: 0->0
[68.437s][info][gc,heap        ] GC(174) Humongous regions: 0->0
[68.437s][info][gc,metaspace   ] GC(174) Metaspace: 14336K(15168K)->14336K(15168K) NonClass: 12374K(12864K)->12374K(12864K) Class: 1962K(2304K)->1962K(2304K)
[68.437s][info][gc             ] GC(174) Pause Young (Normal) (G1 Evacuation Pause) 696M->8M(1184M) 3.369ms
[68.437s][info][gc,cpu         ] GC(174) User=0.00s Sys=0.00s Real=0.00s
[68.600s][info][gc,start       ] GC(175) Pause Full (System.gc())
[68.600s][info][gc,task        ] GC(175) Using 6 workers of 33 for full compaction
[68.600s][info][gc,phases,start] GC(175) Phase 1: Mark live objects
[68.608s][info][gc,phases      ] GC(175) Phase 1: Mark live objects 7.444ms
[68.608s][info][gc,phases,start] GC(175) Phase 2: Prepare compaction
[68.609s][info][gc,phases      ] GC(175) Phase 2: Prepare compaction 1.449ms
[68.609s][info][gc,phases,start] GC(175) Phase 3: Adjust pointers
[68.616s][info][gc,phases      ] GC(175) Phase 3: Adjust pointers 6.876ms
[68.616s][info][gc,phases,start] GC(175) Phase 4: Compact heap
[68.617s][info][gc,phases      ] GC(175) Phase 4: Compact heap 1.256ms
[68.624s][info][gc,heap        ] GC(175) Eden regions: 20->0(12)
[68.624s][info][gc,heap        ] GC(175) Survivor regions: 1->0(6)
[68.624s][info][gc,heap        ] GC(175) Old regions: 7->6
[68.624s][info][gc,heap        ] GC(175) Archive regions: 0->0
[68.624s][info][gc,heap        ] GC(175) Humongous regions: 0->0
[68.624s][info][gc,metaspace   ] GC(175) Metaspace: 14338K(15168K)->14338K(15168K) NonClass: 12376K(12864K)->12376K(12864K) Class: 1962K(2304K)->1962K(2304K)
[68.624s][info][gc             ] GC(175) Pause Full (System.gc()) 322M->5M(320M) 24.172ms
[68.624s][info][gc,cpu         ] GC(175) User=0.06s Sys=0.00s Real=0.02s
[68.754s][info][gc,start       ] GC(176) Pause Young (Normal) (G1 Evacuation Pause)
[68.754s][info][gc,task        ] GC(176) Using 33 workers of 33 for evacuation
[68.756s][info][gc,phases      ] GC(176)   Pre Evacuate Collection Set: 0.1ms
[68.756s][info][gc,phases      ] GC(176)   Merge Heap Roots: 0.1ms
[68.756s][info][gc,phases      ] GC(176)   Evacuate Collection Set: 0.4ms
[68.756s][info][gc,phases      ] GC(176)   Post Evacuate Collection Set: 1.9ms
[68.756s][info][gc,phases      ] GC(176)   Other: 0.1ms
[68.756s][info][gc,heap        ] GC(176) Eden regions: 12->0(11)
[68.756s][info][gc,heap        ] GC(176) Survivor regions: 0->1(2)
[68.756s][info][gc,heap        ] GC(176) Old regions: 6->6
[68.756s][info][gc,heap        ] GC(176) Archive regions: 0->0
[68.756s][info][gc,heap        ] GC(176) Humongous regions: 0->0
[68.757s][info][gc,metaspace   ] GC(176) Metaspace: 14339K(15168K)->14339K(15168K) NonClass: 12377K(12864K)->12377K(12864K) Class: 1962K(2304K)->1962K(2304K)
[68.757s][info][gc             ] GC(176) Pause Young (Normal) (G1 Evacuation Pause) 197M->6M(320M) 2.873ms
[68.757s][info][gc,cpu         ] GC(176) User=0.00s Sys=0.00s Real=0.00s
[68.870s][info][gc,start       ] GC(177) Pause Young (Normal) (G1 Evacuation Pause)
[68.870s][info][gc,task        ] GC(177) Using 33 workers of 33 for evacuation
[68.872s][info][gc,phases      ] GC(177)   Pre Evacuate Collection Set: 0.1ms
[68.872s][info][gc,phases      ] GC(177)   Merge Heap Roots: 0.1ms
[68.872s][info][gc,phases      ] GC(177)   Evacuate Collection Set: 0.5ms
[68.872s][info][gc,phases      ] GC(177)   Post Evacuate Collection Set: 1.7ms
[68.872s][info][gc,phases      ] GC(177)   Other: 0.1ms
[68.872s][info][gc,heap        ] GC(177) Eden regions: 11->0(11)
[68.872s][info][gc,heap        ] GC(177) Survivor regions: 1->1(2)
[68.872s][info][gc,heap        ] GC(177) Old regions: 6->6
[68.872s][info][gc,heap        ] GC(177) Archive regions: 0->0
[68.872s][info][gc,heap        ] GC(177) Humongous regions: 0->0
[68.872s][info][gc,metaspace   ] GC(177) Metaspace: 14339K(15168K)->14339K(15168K) NonClass: 12377K(12864K)->12377K(12864K) Class: 1962K(2304K)->1962K(2304K)
[68.872s][info][gc             ] GC(177) Pause Young (Normal) (G1 Evacuation Pause) 182M->6M(320M) 2.604ms
[68.872s][info][gc,cpu         ] GC(177) User=0.00s Sys=0.00s Real=0.00s
[68.985s][info][gc,start       ] GC(178) Pause Young (Normal) (G1 Evacuation Pause)
[68.985s][info][gc,task        ] GC(178) Using 33 workers of 33 for evacuation
[68.988s][info][gc,phases      ] GC(178)   Pre Evacuate Collection Set: 0.1ms
[68.988s][info][gc,phases      ] GC(178)   Merge Heap Roots: 0.1ms
[68.988s][info][gc,phases      ] GC(178)   Evacuate Collection Set: 0.5ms
[68.988s][info][gc,phases      ] GC(178)   Post Evacuate Collection Set: 1.7ms
[68.988s][info][gc,phases      ] GC(178)   Other: 0.1ms
[68.988s][info][gc,heap        ] GC(178) Eden regions: 11->0(11)
[68.988s][info][gc,heap        ] GC(178) Survivor regions: 1->1(2)
[68.988s][info][gc,heap        ] GC(178) Old regions: 6->6
[68.988s][info][gc,heap        ] GC(178) Archive regions: 0->0
[68.988s][info][gc,heap        ] GC(178) Humongous regions: 0->0
[68.988s][info][gc,metaspace   ] GC(178) Metaspace: 14339K(15168K)->14339K(15168K) NonClass: 12377K(12864K)->12377K(12864K) Class: 1962K(2304K)->1962K(2304K)
[68.988s][info][gc             ] GC(178) Pause Young (Normal) (G1 Evacuation Pause) 182M->6M(320M) 2.648ms
[68.988s][info][gc,cpu         ] GC(178) User=0.02s Sys=0.00s Real=0.00s
[69.097s][info][gc,start       ] GC(179) Pause Young (Normal) (G1 Evacuation Pause)
[69.097s][info][gc,task        ] GC(179) Using 33 workers of 33 for evacuation
[69.101s][info][gc,phases      ] GC(179)   Pre Evacuate Collection Set: 0.1ms
[69.101s][info][gc,phases      ] GC(179)   Merge Heap Roots: 0.1ms
[69.101s][info][gc,phases      ] GC(179)   Evacuate Collection Set: 0.5ms
[69.101s][info][gc,phases      ] GC(179)   Post Evacuate Collection Set: 3.9ms
[69.101s][info][gc,phases      ] GC(179)   Other: 0.1ms
[69.101s][info][gc,heap        ] GC(179) Eden regions: 11->0(43)
[69.101s][info][gc,heap        ] GC(179) Survivor regions: 1->1(2)
[69.101s][info][gc,heap        ] GC(179) Old regions: 6->6
[69.101s][info][gc,heap        ] GC(179) Archive regions: 0->0
[69.101s][info][gc,heap        ] GC(179) Humongous regions: 0->0
[69.101s][info][gc,metaspace   ] GC(179) Metaspace: 14339K(15168K)->14339K(15168K) NonClass: 12377K(12864K)->12377K(12864K) Class: 1962K(2304K)->1962K(2304K)
[69.101s][info][gc             ] GC(179) Pause Young (Normal) (G1 Evacuation Pause) 182M->6M(1184M) 4.895ms
[69.101s][info][gc,cpu         ] GC(179) User=0.00s Sys=0.00s Real=0.01s
[69.502s][info][gc,start       ] GC(180) Pause Young (Normal) (G1 Evacuation Pause)
[69.502s][info][gc,task        ] GC(180) Using 33 workers of 33 for evacuation
[69.506s][info][gc,phases      ] GC(180)   Pre Evacuate Collection Set: 0.1ms
[69.506s][info][gc,phases      ] GC(180)   Merge Heap Roots: 0.1ms
[69.506s][info][gc,phases      ] GC(180)   Evacuate Collection Set: 1.8ms
[69.506s][info][gc,phases      ] GC(180)   Post Evacuate Collection Set: 2.5ms
[69.506s][info][gc,phases      ] GC(180)   Other: 0.1ms
[69.506s][info][gc,heap        ] GC(180) Eden regions: 43->0(43)
[69.506s][info][gc,heap        ] GC(180) Survivor regions: 1->1(6)
[69.506s][info][gc,heap        ] GC(180) Old regions: 6->6
[69.506s][info][gc,heap        ] GC(180) Archive regions: 0->0
[69.506s][info][gc,heap        ] GC(180) Humongous regions: 0->0
[69.506s][info][gc,metaspace   ] GC(180) Metaspace: 14339K(15168K)->14339K(15168K) NonClass: 12377K(12864K)->12377K(12864K) Class: 1962K(2304K)->1962K(2304K)
[69.507s][info][gc             ] GC(180) Pause Young (Normal) (G1 Evacuation Pause) 694M->6M(1184M) 4.808ms
[69.507s][info][gc,cpu         ] GC(180) User=0.00s Sys=0.00s Real=0.00s
[69.921s][info][gc,start       ] GC(181) Pause Young (Normal) (G1 Evacuation Pause)
[69.921s][info][gc,task        ] GC(181) Using 33 workers of 33 for evacuation
[69.925s][info][gc,phases      ] GC(181)   Pre Evacuate Collection Set: 0.1ms
[69.925s][info][gc,phases      ] GC(181)   Merge Heap Roots: 0.1ms
[69.925s][info][gc,phases      ] GC(181)   Evacuate Collection Set: 1.9ms
[69.925s][info][gc,phases      ] GC(181)   Post Evacuate Collection Set: 2.5ms
[69.925s][info][gc,phases      ] GC(181)   Other: 0.1ms
[69.925s][info][gc,heap        ] GC(181) Eden regions: 43->0(43)
[69.925s][info][gc,heap        ] GC(181) Survivor regions: 1->1(6)
[69.926s][info][gc,heap        ] GC(181) Old regions: 6->6
[69.926s][info][gc,heap        ] GC(181) Archive regions: 0->0
[69.926s][info][gc,heap        ] GC(181) Humongous regions: 0->0
[69.926s][info][gc,metaspace   ] GC(181) Metaspace: 14339K(15168K)->14339K(15168K) NonClass: 12377K(12864K)->12377K(12864K) Class: 1962K(2304K)->1962K(2304K)
[69.926s][info][gc             ] GC(181) Pause Young (Normal) (G1 Evacuation Pause) 694M->6M(1184M) 5.004ms
[69.926s][info][gc,cpu         ] GC(181) User=0.00s Sys=0.00s Real=0.00s
[70.350s][info][gc,start       ] GC(182) Pause Young (Normal) (G1 Evacuation Pause)
[70.350s][info][gc,task        ] GC(182) Using 33 workers of 33 for evacuation
[70.354s][info][gc,phases      ] GC(182)   Pre Evacuate Collection Set: 0.1ms
[70.354s][info][gc,phases      ] GC(182)   Merge Heap Roots: 0.1ms
[70.354s][info][gc,phases      ] GC(182)   Evacuate Collection Set: 0.6ms
[70.354s][info][gc,phases      ] GC(182)   Post Evacuate Collection Set: 2.7ms
[70.354s][info][gc,phases      ] GC(182)   Other: 0.1ms
[70.354s][info][gc,heap        ] GC(182) Eden regions: 43->0(43)
[70.354s][info][gc,heap        ] GC(182) Survivor regions: 1->1(6)
[70.354s][info][gc,heap        ] GC(182) Old regions: 6->6
[70.354s][info][gc,heap        ] GC(182) Archive regions: 0->0
[70.354s][info][gc,heap        ] GC(182) Humongous regions: 0->0
[70.354s][info][gc,metaspace   ] GC(182) Metaspace: 14339K(15168K)->14339K(15168K) NonClass: 12377K(12864K)->12377K(12864K) Class: 1962K(2304K)->1962K(2304K)
[70.354s][info][gc             ] GC(182) Pause Young (Normal) (G1 Evacuation Pause) 694M->6M(1184M) 3.806ms
[70.354s][info][gc,cpu         ] GC(182) User=0.00s Sys=0.00s Real=0.00s
[70.803s][info][gc,start       ] GC(183) Pause Young (Normal) (G1 Evacuation Pause)
[70.803s][info][gc,task        ] GC(183) Using 33 workers of 33 for evacuation
[70.807s][info][gc,phases      ] GC(183)   Pre Evacuate Collection Set: 0.1ms
[70.807s][info][gc,phases      ] GC(183)   Merge Heap Roots: 0.2ms
[70.807s][info][gc,phases      ] GC(183)   Evacuate Collection Set: 0.8ms
[70.807s][info][gc,phases      ] GC(183)   Post Evacuate Collection Set: 3.1ms
[70.807s][info][gc,phases      ] GC(183)   Other: 0.1ms
[70.807s][info][gc,heap        ] GC(183) Eden regions: 43->0(43)
[70.807s][info][gc,heap        ] GC(183) Survivor regions: 1->1(6)
[70.807s][info][gc,heap        ] GC(183) Old regions: 6->6
[70.807s][info][gc,heap        ] GC(183) Archive regions: 0->0
[70.807s][info][gc,heap        ] GC(183) Humongous regions: 0->0
[70.807s][info][gc,metaspace   ] GC(183) Metaspace: 14339K(15168K)->14339K(15168K) NonClass: 12377K(12864K)->12377K(12864K) Class: 1962K(2304K)->1962K(2304K)
[70.807s][info][gc             ] GC(183) Pause Young (Normal) (G1 Evacuation Pause) 694M->7M(1184M) 4.585ms
[70.807s][info][gc,cpu         ] GC(183) User=0.00s Sys=0.00s Real=0.00s
[71.247s][info][gc,start       ] GC(184) Pause Young (Normal) (G1 Evacuation Pause)
[71.247s][info][gc,task        ] GC(184) Using 33 workers of 33 for evacuation
[71.250s][info][gc,phases      ] GC(184)   Pre Evacuate Collection Set: 0.1ms
[71.250s][info][gc,phases      ] GC(184)   Merge Heap Roots: 0.1ms
[71.250s][info][gc,phases      ] GC(184)   Evacuate Collection Set: 0.5ms
[71.250s][info][gc,phases      ] GC(184)   Post Evacuate Collection Set: 2.3ms
[71.250s][info][gc,phases      ] GC(184)   Other: 0.1ms
[71.250s][info][gc,heap        ] GC(184) Eden regions: 43->0(43)
[71.250s][info][gc,heap        ] GC(184) Survivor regions: 1->1(6)
[71.250s][info][gc,heap        ] GC(184) Old regions: 6->6
[71.250s][info][gc,heap        ] GC(184) Archive regions: 0->0
[71.250s][info][gc,heap        ] GC(184) Humongous regions: 0->0
[71.250s][info][gc,metaspace   ] GC(184) Metaspace: 14339K(15168K)->14339K(15168K) NonClass: 12377K(12864K)->12377K(12864K) Class: 1962K(2304K)->1962K(2304K)
[71.250s][info][gc             ] GC(184) Pause Young (Normal) (G1 Evacuation Pause) 695M->7M(1184M) 3.404ms
[71.250s][info][gc,cpu         ] GC(184) User=0.00s Sys=0.00s Real=0.00s
[71.679s][info][gc,start       ] GC(185) Pause Young (Normal) (G1 Evacuation Pause)
[71.679s][info][gc,task        ] GC(185) Using 33 workers of 33 for evacuation
[71.682s][info][gc,phases      ] GC(185)   Pre Evacuate Collection Set: 0.1ms
[71.682s][info][gc,phases      ] GC(185)   Merge Heap Roots: 0.1ms
[71.682s][info][gc,phases      ] GC(185)   Evacuate Collection Set: 0.6ms
[71.682s][info][gc,phases      ] GC(185)   Post Evacuate Collection Set: 2.2ms
[71.682s][info][gc,phases      ] GC(185)   Other: 0.1ms
[71.682s][info][gc,heap        ] GC(185) Eden regions: 43->0(43)
[71.682s][info][gc,heap        ] GC(185) Survivor regions: 1->1(6)
[71.682s][info][gc,heap        ] GC(185) Old regions: 6->6
[71.682s][info][gc,heap        ] GC(185) Archive regions: 0->0
[71.682s][info][gc,heap        ] GC(185) Humongous regions: 0->0
[71.682s][info][gc,metaspace   ] GC(185) Metaspace: 14339K(15168K)->14339K(15168K) NonClass: 12377K(12864K)->12377K(12864K) Class: 1962K(2304K)->1962K(2304K)
[71.682s][info][gc             ] GC(185) Pause Young (Normal) (G1 Evacuation Pause) 695M->7M(1184M) 3.355ms
[71.683s][info][gc,cpu         ] GC(185) User=0.00s Sys=0.00s Real=0.00s
[72.099s][info][gc,start       ] GC(186) Pause Young (Normal) (G1 Evacuation Pause)
[72.099s][info][gc,task        ] GC(186) Using 33 workers of 33 for evacuation
[72.103s][info][gc,phases      ] GC(186)   Pre Evacuate Collection Set: 0.1ms
[72.103s][info][gc,phases      ] GC(186)   Merge Heap Roots: 0.1ms
[72.103s][info][gc,phases      ] GC(186)   Evacuate Collection Set: 0.6ms
[72.103s][info][gc,phases      ] GC(186)   Post Evacuate Collection Set: 2.3ms
[72.103s][info][gc,phases      ] GC(186)   Other: 0.1ms
[72.103s][info][gc,heap        ] GC(186) Eden regions: 43->0(43)
[72.103s][info][gc,heap        ] GC(186) Survivor regions: 1->1(6)
[72.103s][info][gc,heap        ] GC(186) Old regions: 6->6
[72.103s][info][gc,heap        ] GC(186) Archive regions: 0->0
[72.103s][info][gc,heap        ] GC(186) Humongous regions: 0->0
[72.103s][info][gc,metaspace   ] GC(186) Metaspace: 14339K(15168K)->14339K(15168K) NonClass: 12377K(12864K)->12377K(12864K) Class: 1962K(2304K)->1962K(2304K)
[72.103s][info][gc             ] GC(186) Pause Young (Normal) (G1 Evacuation Pause) 695M->7M(1184M) 3.438ms
[72.103s][info][gc,cpu         ] GC(186) User=0.00s Sys=0.00s Real=0.00s
[72.530s][info][gc,start       ] GC(187) Pause Young (Normal) (G1 Evacuation Pause)
[72.530s][info][gc,task        ] GC(187) Using 33 workers of 33 for evacuation
[72.533s][info][gc,phases      ] GC(187)   Pre Evacuate Collection Set: 0.1ms
[72.533s][info][gc,phases      ] GC(187)   Merge Heap Roots: 0.1ms
[72.533s][info][gc,phases      ] GC(187)   Evacuate Collection Set: 0.5ms
[72.533s][info][gc,phases      ] GC(187)   Post Evacuate Collection Set: 2.5ms
[72.533s][info][gc,phases      ] GC(187)   Other: 0.1ms
[72.533s][info][gc,heap        ] GC(187) Eden regions: 43->0(43)
[72.533s][info][gc,heap        ] GC(187) Survivor regions: 1->1(6)
[72.533s][info][gc,heap        ] GC(187) Old regions: 6->6
[72.533s][info][gc,heap        ] GC(187) Archive regions: 0->0
[72.533s][info][gc,heap        ] GC(187) Humongous regions: 0->0
[72.533s][info][gc,metaspace   ] GC(187) Metaspace: 14339K(15168K)->14339K(15168K) NonClass: 12377K(12864K)->12377K(12864K) Class: 1962K(2304K)->1962K(2304K)
[72.534s][info][gc             ] GC(187) Pause Young (Normal) (G1 Evacuation Pause) 695M->7M(1184M) 3.547ms
[72.534s][info][gc,cpu         ] GC(187) User=0.52s Sys=0.00s Real=0.00s
[72.952s][info][gc,start       ] GC(188) Pause Young (Normal) (G1 Evacuation Pause)
[72.952s][info][gc,task        ] GC(188) Using 33 workers of 33 for evacuation
[72.956s][info][gc,phases      ] GC(188)   Pre Evacuate Collection Set: 0.1ms
[72.956s][info][gc,phases      ] GC(188)   Merge Heap Roots: 0.1ms
[72.956s][info][gc,phases      ] GC(188)   Evacuate Collection Set: 0.5ms
[72.956s][info][gc,phases      ] GC(188)   Post Evacuate Collection Set: 2.6ms
[72.956s][info][gc,phases      ] GC(188)   Other: 0.1ms
[72.956s][info][gc,heap        ] GC(188) Eden regions: 43->0(43)
[72.956s][info][gc,heap        ] GC(188) Survivor regions: 1->1(6)
[72.956s][info][gc,heap        ] GC(188) Old regions: 6->6
[72.956s][info][gc,heap        ] GC(188) Archive regions: 0->0
[72.956s][info][gc,heap        ] GC(188) Humongous regions: 0->0
[72.956s][info][gc,metaspace   ] GC(188) Metaspace: 14339K(15168K)->14339K(15168K) NonClass: 12377K(12864K)->12377K(12864K) Class: 1962K(2304K)->1962K(2304K)
[72.956s][info][gc             ] GC(188) Pause Young (Normal) (G1 Evacuation Pause) 695M->7M(1184M) 3.658ms
[72.956s][info][gc,cpu         ] GC(188) User=0.52s Sys=0.00s Real=0.00s
[73.376s][info][gc,start       ] GC(189) Pause Young (Normal) (G1 Evacuation Pause)
[73.377s][info][gc,task        ] GC(189) Using 33 workers of 33 for evacuation
[73.380s][info][gc,phases      ] GC(189)   Pre Evacuate Collection Set: 0.1ms
[73.380s][info][gc,phases      ] GC(189)   Merge Heap Roots: 0.1ms
[73.380s][info][gc,phases      ] GC(189)   Evacuate Collection Set: 0.6ms
[73.380s][info][gc,phases      ] GC(189)   Post Evacuate Collection Set: 2.7ms
[73.380s][info][gc,phases      ] GC(189)   Other: 0.1ms
[73.380s][info][gc,heap        ] GC(189) Eden regions: 43->0(43)
[73.380s][info][gc,heap        ] GC(189) Survivor regions: 1->1(6)
[73.380s][info][gc,heap        ] GC(189) Old regions: 6->6
[73.380s][info][gc,heap        ] GC(189) Archive regions: 0->0
[73.380s][info][gc,heap        ] GC(189) Humongous regions: 0->0
[73.380s][info][gc,metaspace   ] GC(189) Metaspace: 14339K(15168K)->14339K(15168K) NonClass: 12377K(12864K)->12377K(12864K) Class: 1962K(2304K)->1962K(2304K)
[73.380s][info][gc             ] GC(189) Pause Young (Normal) (G1 Evacuation Pause) 695M->7M(1184M) 3.786ms
[73.380s][info][gc,cpu         ] GC(189) User=0.00s Sys=0.00s Real=0.00s
[73.802s][info][gc,start       ] GC(190) Pause Young (Normal) (G1 Evacuation Pause)
[73.802s][info][gc,task        ] GC(190) Using 33 workers of 33 for evacuation
[73.806s][info][gc,phases      ] GC(190)   Pre Evacuate Collection Set: 0.1ms
[73.806s][info][gc,phases      ] GC(190)   Merge Heap Roots: 0.1ms
[73.806s][info][gc,phases      ] GC(190)   Evacuate Collection Set: 0.6ms
[73.806s][info][gc,phases      ] GC(190)   Post Evacuate Collection Set: 2.8ms
[73.806s][info][gc,phases      ] GC(190)   Other: 0.1ms
[73.806s][info][gc,heap        ] GC(190) Eden regions: 43->0(43)
[73.806s][info][gc,heap        ] GC(190) Survivor regions: 1->1(6)
[73.806s][info][gc,heap        ] GC(190) Old regions: 6->6
[73.806s][info][gc,heap        ] GC(190) Archive regions: 0->0
[73.806s][info][gc,heap        ] GC(190) Humongous regions: 0->0
[73.806s][info][gc,metaspace   ] GC(190) Metaspace: 14339K(15168K)->14339K(15168K) NonClass: 12377K(12864K)->12377K(12864K) Class: 1962K(2304K)->1962K(2304K)
[73.806s][info][gc             ] GC(190) Pause Young (Normal) (G1 Evacuation Pause) 695M->7M(1184M) 3.925ms
[73.806s][info][gc,cpu         ] GC(190) User=0.00s Sys=0.00s Real=0.00s
[74.227s][info][gc,start       ] GC(191) Pause Young (Normal) (G1 Evacuation Pause)
[74.227s][info][gc,task        ] GC(191) Using 33 workers of 33 for evacuation
[74.231s][info][gc,phases      ] GC(191)   Pre Evacuate Collection Set: 0.1ms
[74.231s][info][gc,phases      ] GC(191)   Merge Heap Roots: 0.1ms
[74.231s][info][gc,phases      ] GC(191)   Evacuate Collection Set: 0.5ms
[74.231s][info][gc,phases      ] GC(191)   Post Evacuate Collection Set: 2.8ms
[74.231s][info][gc,phases      ] GC(191)   Other: 0.1ms
[74.231s][info][gc,heap        ] GC(191) Eden regions: 43->0(43)
[74.231s][info][gc,heap        ] GC(191) Survivor regions: 1->1(6)
[74.231s][info][gc,heap        ] GC(191) Old regions: 6->7
[74.231s][info][gc,heap        ] GC(191) Archive regions: 0->0
[74.231s][info][gc,heap        ] GC(191) Humongous regions: 0->0
[74.231s][info][gc,metaspace   ] GC(191) Metaspace: 14339K(15168K)->14339K(15168K) NonClass: 12377K(12864K)->12377K(12864K) Class: 1962K(2304K)->1962K(2304K)
[74.231s][info][gc             ] GC(191) Pause Young (Normal) (G1 Evacuation Pause) 695M->7M(1184M) 3.884ms
[74.231s][info][gc,cpu         ] GC(191) User=0.00s Sys=0.00s Real=0.00s
[74.659s][info][gc,start       ] GC(192) Pause Young (Normal) (G1 Evacuation Pause)
[74.659s][info][gc,task        ] GC(192) Using 33 workers of 33 for evacuation
[74.662s][info][gc,phases      ] GC(192)   Pre Evacuate Collection Set: 0.1ms
[74.662s][info][gc,phases      ] GC(192)   Merge Heap Roots: 0.1ms
[74.662s][info][gc,phases      ] GC(192)   Evacuate Collection Set: 0.4ms
[74.662s][info][gc,phases      ] GC(192)   Post Evacuate Collection Set: 2.9ms
[74.662s][info][gc,phases      ] GC(192)   Other: 0.1ms
[74.662s][info][gc,heap        ] GC(192) Eden regions: 43->0(43)
[74.662s][info][gc,heap        ] GC(192) Survivor regions: 1->1(6)
[74.662s][info][gc,heap        ] GC(192) Old regions: 7->7
[74.662s][info][gc,heap        ] GC(192) Archive regions: 0->0
[74.663s][info][gc,heap        ] GC(192) Humongous regions: 0->0
[74.663s][info][gc,metaspace   ] GC(192) Metaspace: 14339K(15168K)->14339K(15168K) NonClass: 12377K(12864K)->12377K(12864K) Class: 1962K(2304K)->1962K(2304K)
[74.663s][info][gc             ] GC(192) Pause Young (Normal) (G1 Evacuation Pause) 695M->7M(1184M) 3.824ms
[74.663s][info][gc,cpu         ] GC(192) User=0.00s Sys=0.00s Real=0.00s
[75.106s][info][gc,start       ] GC(193) Pause Young (Normal) (G1 Evacuation Pause)
[75.106s][info][gc,task        ] GC(193) Using 33 workers of 33 for evacuation
[75.109s][info][gc,phases      ] GC(193)   Pre Evacuate Collection Set: 0.1ms
[75.109s][info][gc,phases      ] GC(193)   Merge Heap Roots: 0.1ms
[75.109s][info][gc,phases      ] GC(193)   Evacuate Collection Set: 0.3ms
[75.109s][info][gc,phases      ] GC(193)   Post Evacuate Collection Set: 2.5ms
[75.109s][info][gc,phases      ] GC(193)   Other: 0.1ms
[75.110s][info][gc,heap        ] GC(193) Eden regions: 43->0(43)
[75.110s][info][gc,heap        ] GC(193) Survivor regions: 1->1(6)
[75.110s][info][gc,heap        ] GC(193) Old regions: 7->7
[75.110s][info][gc,heap        ] GC(193) Archive regions: 0->0
[75.110s][info][gc,heap        ] GC(193) Humongous regions: 0->0
[75.110s][info][gc,metaspace   ] GC(193) Metaspace: 14339K(15168K)->14339K(15168K) NonClass: 12377K(12864K)->12377K(12864K) Class: 1962K(2304K)->1962K(2304K)
[75.110s][info][gc             ] GC(193) Pause Young (Normal) (G1 Evacuation Pause) 695M->7M(1184M) 3.457ms
[75.110s][info][gc,cpu         ] GC(193) User=0.00s Sys=0.00s Real=0.00s
[75.533s][info][gc,start       ] GC(194) Pause Young (Normal) (G1 Evacuation Pause)
[75.533s][info][gc,task        ] GC(194) Using 33 workers of 33 for evacuation
[75.537s][info][gc,phases      ] GC(194)   Pre Evacuate Collection Set: 0.1ms
[75.537s][info][gc,phases      ] GC(194)   Merge Heap Roots: 0.1ms
[75.537s][info][gc,phases      ] GC(194)   Evacuate Collection Set: 0.4ms
[75.537s][info][gc,phases      ] GC(194)   Post Evacuate Collection Set: 2.6ms
[75.537s][info][gc,phases      ] GC(194)   Other: 0.1ms
[75.537s][info][gc,heap        ] GC(194) Eden regions: 43->0(43)
[75.537s][info][gc,heap        ] GC(194) Survivor regions: 1->1(6)
[75.537s][info][gc,heap        ] GC(194) Old regions: 7->7
[75.537s][info][gc,heap        ] GC(194) Archive regions: 0->0
[75.537s][info][gc,heap        ] GC(194) Humongous regions: 0->0
[75.537s][info][gc,metaspace   ] GC(194) Metaspace: 14339K(15168K)->14339K(15168K) NonClass: 12377K(12864K)->12377K(12864K) Class: 1962K(2304K)->1962K(2304K)
[75.537s][info][gc             ] GC(194) Pause Young (Normal) (G1 Evacuation Pause) 695M->7M(1184M) 3.527ms
[75.537s][info][gc,cpu         ] GC(194) User=0.00s Sys=0.00s Real=0.00s
[75.971s][info][gc,start       ] GC(195) Pause Young (Normal) (G1 Evacuation Pause)
[75.971s][info][gc,task        ] GC(195) Using 33 workers of 33 for evacuation
[75.975s][info][gc,phases      ] GC(195)   Pre Evacuate Collection Set: 0.1ms
[75.975s][info][gc,phases      ] GC(195)   Merge Heap Roots: 0.1ms
[75.975s][info][gc,phases      ] GC(195)   Evacuate Collection Set: 0.4ms
[75.975s][info][gc,phases      ] GC(195)   Post Evacuate Collection Set: 2.6ms
[75.975s][info][gc,phases      ] GC(195)   Other: 0.1ms
[75.975s][info][gc,heap        ] GC(195) Eden regions: 43->0(43)
[75.975s][info][gc,heap        ] GC(195) Survivor regions: 1->1(6)
[75.975s][info][gc,heap        ] GC(195) Old regions: 7->7
[75.975s][info][gc,heap        ] GC(195) Archive regions: 0->0
[75.975s][info][gc,heap        ] GC(195) Humongous regions: 0->0
[75.975s][info][gc,metaspace   ] GC(195) Metaspace: 14339K(15168K)->14339K(15168K) NonClass: 12377K(12864K)->12377K(12864K) Class: 1962K(2304K)->1962K(2304K)
[75.975s][info][gc             ] GC(195) Pause Young (Normal) (G1 Evacuation Pause) 695M->7M(1184M) 3.544ms
[75.975s][info][gc,cpu         ] GC(195) User=0.00s Sys=0.00s Real=0.00s
[76.399s][info][gc,start       ] GC(196) Pause Young (Normal) (G1 Evacuation Pause)
[76.399s][info][gc,task        ] GC(196) Using 33 workers of 33 for evacuation
[76.402s][info][gc,phases      ] GC(196)   Pre Evacuate Collection Set: 0.1ms
[76.403s][info][gc,phases      ] GC(196)   Merge Heap Roots: 0.1ms
[76.403s][info][gc,phases      ] GC(196)   Evacuate Collection Set: 0.4ms
[76.403s][info][gc,phases      ] GC(196)   Post Evacuate Collection Set: 2.7ms
[76.403s][info][gc,phases      ] GC(196)   Other: 0.1ms
[76.403s][info][gc,heap        ] GC(196) Eden regions: 43->0(43)
[76.403s][info][gc,heap        ] GC(196) Survivor regions: 1->1(6)
[76.403s][info][gc,heap        ] GC(196) Old regions: 7->7
[76.403s][info][gc,heap        ] GC(196) Archive regions: 0->0
[76.403s][info][gc,heap        ] GC(196) Humongous regions: 0->0
[76.403s][info][gc,metaspace   ] GC(196) Metaspace: 14339K(15168K)->14339K(15168K) NonClass: 12377K(12864K)->12377K(12864K) Class: 1962K(2304K)->1962K(2304K)
[76.403s][info][gc             ] GC(196) Pause Young (Normal) (G1 Evacuation Pause) 695M->8M(1184M) 3.664ms
[76.403s][info][gc,cpu         ] GC(196) User=0.00s Sys=0.00s Real=0.00s
[76.830s][info][gc,start       ] GC(197) Pause Young (Normal) (G1 Evacuation Pause)
[76.830s][info][gc,task        ] GC(197) Using 33 workers of 33 for evacuation
[76.833s][info][gc,phases      ] GC(197)   Pre Evacuate Collection Set: 0.1ms
[76.833s][info][gc,phases      ] GC(197)   Merge Heap Roots: 0.2ms
[76.833s][info][gc,phases      ] GC(197)   Evacuate Collection Set: 0.4ms
[76.833s][info][gc,phases      ] GC(197)   Post Evacuate Collection Set: 2.8ms
[76.833s][info][gc,phases      ] GC(197)   Other: 0.1ms
[76.833s][info][gc,heap        ] GC(197) Eden regions: 43->0(43)
[76.833s][info][gc,heap        ] GC(197) Survivor regions: 1->1(6)
[76.833s][info][gc,heap        ] GC(197) Old regions: 7->7
[76.833s][info][gc,heap        ] GC(197) Archive regions: 0->0
[76.833s][info][gc,heap        ] GC(197) Humongous regions: 0->0
[76.833s][info][gc,metaspace   ] GC(197) Metaspace: 14339K(15168K)->14339K(15168K) NonClass: 12377K(12864K)->12377K(12864K) Class: 1962K(2304K)->1962K(2304K)
[76.833s][info][gc             ] GC(197) Pause Young (Normal) (G1 Evacuation Pause) 696M->8M(1184M) 3.763ms
[76.833s][info][gc,cpu         ] GC(197) User=0.02s Sys=0.00s Real=0.00s
[77.261s][info][gc,start       ] GC(198) Pause Young (Normal) (G1 Evacuation Pause)
[77.261s][info][gc,task        ] GC(198) Using 33 workers of 33 for evacuation
[77.264s][info][gc,phases      ] GC(198)   Pre Evacuate Collection Set: 0.1ms
[77.264s][info][gc,phases      ] GC(198)   Merge Heap Roots: 0.1ms
[77.264s][info][gc,phases      ] GC(198)   Evacuate Collection Set: 0.4ms
[77.264s][info][gc,phases      ] GC(198)   Post Evacuate Collection Set: 2.9ms
[77.264s][info][gc,phases      ] GC(198)   Other: 0.1ms
[77.264s][info][gc,heap        ] GC(198) Eden regions: 43->0(43)
[77.264s][info][gc,heap        ] GC(198) Survivor regions: 1->1(6)
[77.264s][info][gc,heap        ] GC(198) Old regions: 7->7
[77.264s][info][gc,heap        ] GC(198) Archive regions: 0->0
[77.264s][info][gc,heap        ] GC(198) Humongous regions: 0->0
[77.264s][info][gc,metaspace   ] GC(198) Metaspace: 14339K(15168K)->14339K(15168K) NonClass: 12377K(12864K)->12377K(12864K) Class: 1962K(2304K)->1962K(2304K)
[77.264s][info][gc             ] GC(198) Pause Young (Normal) (G1 Evacuation Pause) 696M->8M(1184M) 3.808ms
[77.264s][info][gc,cpu         ] GC(198) User=0.00s Sys=0.00s Real=0.00s
[77.699s][info][gc,start       ] GC(199) Pause Young (Normal) (G1 Evacuation Pause)
[77.699s][info][gc,task        ] GC(199) Using 33 workers of 33 for evacuation
[77.702s][info][gc,phases      ] GC(199)   Pre Evacuate Collection Set: 0.1ms
[77.702s][info][gc,phases      ] GC(199)   Merge Heap Roots: 0.1ms
[77.702s][info][gc,phases      ] GC(199)   Evacuate Collection Set: 0.4ms
[77.702s][info][gc,phases      ] GC(199)   Post Evacuate Collection Set: 2.7ms
[77.702s][info][gc,phases      ] GC(199)   Other: 0.2ms
[77.702s][info][gc,heap        ] GC(199) Eden regions: 43->0(43)
[77.702s][info][gc,heap        ] GC(199) Survivor regions: 1->1(6)
[77.702s][info][gc,heap        ] GC(199) Old regions: 7->7
[77.702s][info][gc,heap        ] GC(199) Archive regions: 0->0
[77.702s][info][gc,heap        ] GC(199) Humongous regions: 0->0
[77.702s][info][gc,metaspace   ] GC(199) Metaspace: 14339K(15168K)->14339K(15168K) NonClass: 12377K(12864K)->12377K(12864K) Class: 1962K(2304K)->1962K(2304K)
[77.702s][info][gc             ] GC(199) Pause Young (Normal) (G1 Evacuation Pause) 696M->8M(1184M) 3.855ms
[77.702s][info][gc,cpu         ] GC(199) User=0.00s Sys=0.00s Real=0.00s
[78.139s][info][gc,start       ] GC(200) Pause Young (Normal) (G1 Evacuation Pause)
[78.139s][info][gc,task        ] GC(200) Using 33 workers of 33 for evacuation
[78.142s][info][gc,phases      ] GC(200)   Pre Evacuate Collection Set: 0.1ms
[78.142s][info][gc,phases      ] GC(200)   Merge Heap Roots: 0.1ms
[78.142s][info][gc,phases      ] GC(200)   Evacuate Collection Set: 0.4ms
[78.142s][info][gc,phases      ] GC(200)   Post Evacuate Collection Set: 2.6ms
[78.142s][info][gc,phases      ] GC(200)   Other: 0.1ms
[78.142s][info][gc,heap        ] GC(200) Eden regions: 43->0(43)
[78.142s][info][gc,heap        ] GC(200) Survivor regions: 1->1(6)
[78.142s][info][gc,heap        ] GC(200) Old regions: 7->7
[78.142s][info][gc,heap        ] GC(200) Archive regions: 0->0
[78.142s][info][gc,heap        ] GC(200) Humongous regions: 0->0
[78.142s][info][gc,metaspace   ] GC(200) Metaspace: 14339K(15168K)->14339K(15168K) NonClass: 12377K(12864K)->12377K(12864K) Class: 1962K(2304K)->1962K(2304K)
[78.142s][info][gc             ] GC(200) Pause Young (Normal) (G1 Evacuation Pause) 696M->8M(1184M) 3.571ms
[78.142s][info][gc,cpu         ] GC(200) User=0.05s Sys=0.00s Real=0.00s
[78.577s][info][gc,start       ] GC(201) Pause Young (Normal) (G1 Evacuation Pause)
[78.577s][info][gc,task        ] GC(201) Using 33 workers of 33 for evacuation
[78.580s][info][gc,phases      ] GC(201)   Pre Evacuate Collection Set: 0.1ms
[78.580s][info][gc,phases      ] GC(201)   Merge Heap Roots: 0.1ms
[78.580s][info][gc,phases      ] GC(201)   Evacuate Collection Set: 0.4ms
[78.580s][info][gc,phases      ] GC(201)   Post Evacuate Collection Set: 2.5ms
[78.580s][info][gc,phases      ] GC(201)   Other: 0.1ms
[78.580s][info][gc,heap        ] GC(201) Eden regions: 43->0(43)
[78.580s][info][gc,heap        ] GC(201) Survivor regions: 1->1(6)
[78.580s][info][gc,heap        ] GC(201) Old regions: 7->7
[78.580s][info][gc,heap        ] GC(201) Archive regions: 0->0
[78.580s][info][gc,heap        ] GC(201) Humongous regions: 0->0
[78.580s][info][gc,metaspace   ] GC(201) Metaspace: 14339K(15168K)->14339K(15168K) NonClass: 12377K(12864K)->12377K(12864K) Class: 1962K(2304K)->1962K(2304K)
[78.580s][info][gc             ] GC(201) Pause Young (Normal) (G1 Evacuation Pause) 696M->8M(1184M) 3.444ms
[78.580s][info][gc,cpu         ] GC(201) User=0.52s Sys=0.00s Real=0.00s
[78.956s][info][gc,start       ] GC(202) Pause Young (Normal) (G1 Evacuation Pause)
[78.956s][info][gc,task        ] GC(202) Using 33 workers of 33 for evacuation
[78.959s][info][gc,phases      ] GC(202)   Pre Evacuate Collection Set: 0.1ms
[78.959s][info][gc,phases      ] GC(202)   Merge Heap Roots: 0.2ms
[78.959s][info][gc,phases      ] GC(202)   Evacuate Collection Set: 0.4ms
[78.959s][info][gc,phases      ] GC(202)   Post Evacuate Collection Set: 2.9ms
[78.959s][info][gc,phases      ] GC(202)   Other: 0.1ms
[78.959s][info][gc,heap        ] GC(202) Eden regions: 43->0(43)
[78.959s][info][gc,heap        ] GC(202) Survivor regions: 1->1(6)
[78.959s][info][gc,heap        ] GC(202) Old regions: 7->7
[78.959s][info][gc,heap        ] GC(202) Archive regions: 0->0
[78.959s][info][gc,heap        ] GC(202) Humongous regions: 0->0
[78.959s][info][gc,metaspace   ] GC(202) Metaspace: 14339K(15168K)->14339K(15168K) NonClass: 12377K(12864K)->12377K(12864K) Class: 1962K(2304K)->1962K(2304K)
[78.960s][info][gc             ] GC(202) Pause Young (Normal) (G1 Evacuation Pause) 696M->8M(1184M) 3.970ms
[78.960s][info][gc,cpu         ] GC(202) User=0.00s Sys=0.00s Real=0.00s
[79.194s][info][gc,start       ] GC(203) Pause Full (System.gc())
[79.194s][info][gc,task        ] GC(203) Using 6 workers of 33 for full compaction
[79.195s][info][gc,phases,start] GC(203) Phase 1: Mark live objects
[79.206s][info][gc,phases      ] GC(203) Phase 1: Mark live objects 11.170ms
[79.206s][info][gc,phases,start] GC(203) Phase 2: Prepare compaction
[79.208s][info][gc,phases      ] GC(203) Phase 2: Prepare compaction 1.910ms
[79.208s][info][gc,phases,start] GC(203) Phase 3: Adjust pointers
[79.216s][info][gc,phases      ] GC(203) Phase 3: Adjust pointers 7.858ms
[79.216s][info][gc,phases,start] GC(203) Phase 4: Compact heap
[79.217s][info][gc,phases      ] GC(203) Phase 4: Compact heap 1.446ms
[79.224s][info][gc,heap        ] GC(203) Eden regions: 19->0(12)
[79.224s][info][gc,heap        ] GC(203) Survivor regions: 1->0(6)
[79.224s][info][gc,heap        ] GC(203) Old regions: 7->6
[79.224s][info][gc,heap        ] GC(203) Archive regions: 0->0
[79.224s][info][gc,heap        ] GC(203) Humongous regions: 0->0
[79.224s][info][gc,metaspace   ] GC(203) Metaspace: 14340K(15168K)->14340K(15168K) NonClass: 12378K(12864K)->12378K(12864K) Class: 1962K(2304K)->1962K(2304K)
[79.225s][info][gc             ] GC(203) Pause Full (System.gc()) 303M->5M(320M) 30.215ms
[79.225s][info][gc,cpu         ] GC(203) User=0.09s Sys=0.02s Real=0.03s
[79.355s][info][gc,start       ] GC(204) Pause Young (Normal) (G1 Evacuation Pause)
[79.356s][info][gc,task        ] GC(204) Using 33 workers of 33 for evacuation
[79.358s][info][gc,phases      ] GC(204)   Pre Evacuate Collection Set: 0.1ms
[79.358s][info][gc,phases      ] GC(204)   Merge Heap Roots: 0.1ms
[79.358s][info][gc,phases      ] GC(204)   Evacuate Collection Set: 0.4ms
[79.358s][info][gc,phases      ] GC(204)   Post Evacuate Collection Set: 2.2ms
[79.358s][info][gc,phases      ] GC(204)   Other: 0.1ms
[79.358s][info][gc,heap        ] GC(204) Eden regions: 12->0(11)
[79.358s][info][gc,heap        ] GC(204) Survivor regions: 0->1(2)
[79.359s][info][gc,heap        ] GC(204) Old regions: 6->6
[79.359s][info][gc,heap        ] GC(204) Archive regions: 0->0
[79.359s][info][gc,heap        ] GC(204) Humongous regions: 0->0
[79.359s][info][gc,metaspace   ] GC(204) Metaspace: 14341K(15168K)->14341K(15168K) NonClass: 12379K(12864K)->12379K(12864K) Class: 1962K(2304K)->1962K(2304K)
[79.359s][info][gc             ] GC(204) Pause Young (Normal) (G1 Evacuation Pause) 197M->6M(320M) 3.149ms
[79.359s][info][gc,cpu         ] GC(204) User=0.00s Sys=0.00s Real=0.00s
[79.475s][info][gc,start       ] GC(205) Pause Young (Normal) (G1 Evacuation Pause)
[79.475s][info][gc,task        ] GC(205) Using 33 workers of 33 for evacuation
[79.478s][info][gc,phases      ] GC(205)   Pre Evacuate Collection Set: 0.1ms
[79.478s][info][gc,phases      ] GC(205)   Merge Heap Roots: 0.1ms
[79.478s][info][gc,phases      ] GC(205)   Evacuate Collection Set: 0.5ms
[79.478s][info][gc,phases      ] GC(205)   Post Evacuate Collection Set: 2.2ms
[79.478s][info][gc,phases      ] GC(205)   Other: 0.1ms
[79.478s][info][gc,heap        ] GC(205) Eden regions: 11->0(11)
[79.478s][info][gc,heap        ] GC(205) Survivor regions: 1->1(2)
[79.478s][info][gc,heap        ] GC(205) Old regions: 6->6
[79.478s][info][gc,heap        ] GC(205) Archive regions: 0->0
[79.478s][info][gc,heap        ] GC(205) Humongous regions: 0->0
[79.478s][info][gc,metaspace   ] GC(205) Metaspace: 14341K(15168K)->14341K(15168K) NonClass: 12379K(12864K)->12379K(12864K) Class: 1962K(2304K)->1962K(2304K)
[79.479s][info][gc             ] GC(205) Pause Young (Normal) (G1 Evacuation Pause) 182M->6M(320M) 3.265ms
[79.479s][info][gc,cpu         ] GC(205) User=0.00s Sys=0.00s Real=0.00s
[79.592s][info][gc,start       ] GC(206) Pause Young (Normal) (G1 Evacuation Pause)
[79.592s][info][gc,task        ] GC(206) Using 33 workers of 33 for evacuation
[79.595s][info][gc,phases      ] GC(206)   Pre Evacuate Collection Set: 0.1ms
[79.595s][info][gc,phases      ] GC(206)   Merge Heap Roots: 0.1ms
[79.595s][info][gc,phases      ] GC(206)   Evacuate Collection Set: 0.4ms
[79.595s][info][gc,phases      ] GC(206)   Post Evacuate Collection Set: 2.1ms
[79.595s][info][gc,phases      ] GC(206)   Other: 0.1ms
[79.595s][info][gc,heap        ] GC(206) Eden regions: 11->0(11)
[79.595s][info][gc,heap        ] GC(206) Survivor regions: 1->1(2)
[79.595s][info][gc,heap        ] GC(206) Old regions: 6->6
[79.595s][info][gc,heap        ] GC(206) Archive regions: 0->0
[79.595s][info][gc,heap        ] GC(206) Humongous regions: 0->0
[79.595s][info][gc,metaspace   ] GC(206) Metaspace: 14341K(15168K)->14341K(15168K) NonClass: 12379K(12864K)->12379K(12864K) Class: 1962K(2304K)->1962K(2304K)
[79.595s][info][gc             ] GC(206) Pause Young (Normal) (G1 Evacuation Pause) 182M->6M(320M) 3.077ms
[79.595s][info][gc,cpu         ] GC(206) User=0.22s Sys=0.06s Real=0.00s
[79.701s][info][gc,start       ] GC(207) Pause Young (Normal) (G1 Evacuation Pause)
[79.701s][info][gc,task        ] GC(207) Using 33 workers of 33 for evacuation
[79.707s][info][gc,phases      ] GC(207)   Pre Evacuate Collection Set: 0.1ms
[79.707s][info][gc,phases      ] GC(207)   Merge Heap Roots: 0.1ms
[79.707s][info][gc,phases      ] GC(207)   Evacuate Collection Set: 0.4ms
[79.707s][info][gc,phases      ] GC(207)   Post Evacuate Collection Set: 4.7ms
[79.707s][info][gc,phases      ] GC(207)   Other: 0.1ms
[79.707s][info][gc,heap        ] GC(207) Eden regions: 11->0(43)
[79.707s][info][gc,heap        ] GC(207) Survivor regions: 1->1(2)
[79.707s][info][gc,heap        ] GC(207) Old regions: 6->6
[79.707s][info][gc,heap        ] GC(207) Archive regions: 0->0
[79.707s][info][gc,heap        ] GC(207) Humongous regions: 0->0
[79.707s][info][gc,metaspace   ] GC(207) Metaspace: 14341K(15168K)->14341K(15168K) NonClass: 12379K(12864K)->12379K(12864K) Class: 1962K(2304K)->1962K(2304K)
[79.707s][info][gc             ] GC(207) Pause Young (Normal) (G1 Evacuation Pause) 182M->6M(1184M) 5.619ms
[79.707s][info][gc,cpu         ] GC(207) User=0.00s Sys=0.02s Real=0.01s
[80.099s][info][gc,start       ] GC(208) Pause Young (Normal) (G1 Evacuation Pause)
[80.099s][info][gc,task        ] GC(208) Using 33 workers of 33 for evacuation
[80.104s][info][gc,phases      ] GC(208)   Pre Evacuate Collection Set: 0.1ms
[80.104s][info][gc,phases      ] GC(208)   Merge Heap Roots: 0.1ms
[80.104s][info][gc,phases      ] GC(208)   Evacuate Collection Set: 1.8ms
[80.104s][info][gc,phases      ] GC(208)   Post Evacuate Collection Set: 2.8ms
[80.104s][info][gc,phases      ] GC(208)   Other: 0.1ms
[80.104s][info][gc,heap        ] GC(208) Eden regions: 43->0(43)
[80.104s][info][gc,heap        ] GC(208) Survivor regions: 1->1(6)
[80.104s][info][gc,heap        ] GC(208) Old regions: 6->6
[80.104s][info][gc,heap        ] GC(208) Archive regions: 0->0
[80.104s][info][gc,heap        ] GC(208) Humongous regions: 0->0
[80.104s][info][gc,metaspace   ] GC(208) Metaspace: 14341K(15168K)->14341K(15168K) NonClass: 12379K(12864K)->12379K(12864K) Class: 1962K(2304K)->1962K(2304K)
[80.104s][info][gc             ] GC(208) Pause Young (Normal) (G1 Evacuation Pause) 694M->6M(1184M) 5.220ms
[80.104s][info][gc,cpu         ] GC(208) User=0.00s Sys=0.00s Real=0.01s
[80.543s][info][gc,start       ] GC(209) Pause Young (Normal) (G1 Evacuation Pause)
[80.543s][info][gc,task        ] GC(209) Using 33 workers of 33 for evacuation
[80.548s][info][gc,phases      ] GC(209)   Pre Evacuate Collection Set: 0.1ms
[80.548s][info][gc,phases      ] GC(209)   Merge Heap Roots: 0.1ms
[80.548s][info][gc,phases      ] GC(209)   Evacuate Collection Set: 2.0ms
[80.548s][info][gc,phases      ] GC(209)   Post Evacuate Collection Set: 2.9ms
[80.548s][info][gc,phases      ] GC(209)   Other: 0.1ms
[80.548s][info][gc,heap        ] GC(209) Eden regions: 43->0(43)
[80.548s][info][gc,heap        ] GC(209) Survivor regions: 1->1(6)
[80.548s][info][gc,heap        ] GC(209) Old regions: 6->6
[80.548s][info][gc,heap        ] GC(209) Archive regions: 0->0
[80.548s][info][gc,heap        ] GC(209) Humongous regions: 0->0
[80.548s][info][gc,metaspace   ] GC(209) Metaspace: 14341K(15168K)->14341K(15168K) NonClass: 12379K(12864K)->12379K(12864K) Class: 1962K(2304K)->1962K(2304K)
[80.548s][info][gc             ] GC(209) Pause Young (Normal) (G1 Evacuation Pause) 694M->6M(1184M) 5.491ms
[80.548s][info][gc,cpu         ] GC(209) User=0.00s Sys=0.00s Real=0.01s
[81.001s][info][gc,start       ] GC(210) Pause Young (Normal) (G1 Evacuation Pause)
[81.002s][info][gc,task        ] GC(210) Using 33 workers of 33 for evacuation
[81.005s][info][gc,phases      ] GC(210)   Pre Evacuate Collection Set: 0.1ms
[81.005s][info][gc,phases      ] GC(210)   Merge Heap Roots: 0.1ms
[81.005s][info][gc,phases      ] GC(210)   Evacuate Collection Set: 0.6ms
[81.005s][info][gc,phases      ] GC(210)   Post Evacuate Collection Set: 2.5ms
[81.005s][info][gc,phases      ] GC(210)   Other: 0.1ms
[81.005s][info][gc,heap        ] GC(210) Eden regions: 43->0(43)
[81.005s][info][gc,heap        ] GC(210) Survivor regions: 1->1(6)
[81.005s][info][gc,heap        ] GC(210) Old regions: 6->6
[81.005s][info][gc,heap        ] GC(210) Archive regions: 0->0
[81.005s][info][gc,heap        ] GC(210) Humongous regions: 0->0
[81.005s][info][gc,metaspace   ] GC(210) Metaspace: 14341K(15168K)->14341K(15168K) NonClass: 12379K(12864K)->12379K(12864K) Class: 1962K(2304K)->1962K(2304K)
[81.005s][info][gc             ] GC(210) Pause Young (Normal) (G1 Evacuation Pause) 694M->6M(1184M) 3.641ms
[81.005s][info][gc,cpu         ] GC(210) User=0.00s Sys=0.00s Real=0.00s
[81.423s][info][gc,start       ] GC(211) Pause Young (Normal) (G1 Evacuation Pause)
[81.423s][info][gc,task        ] GC(211) Using 33 workers of 33 for evacuation
[81.426s][info][gc,phases      ] GC(211)   Pre Evacuate Collection Set: 0.1ms
[81.426s][info][gc,phases      ] GC(211)   Merge Heap Roots: 0.1ms
[81.426s][info][gc,phases      ] GC(211)   Evacuate Collection Set: 0.5ms
[81.426s][info][gc,phases      ] GC(211)   Post Evacuate Collection Set: 2.5ms
[81.426s][info][gc,phases      ] GC(211)   Other: 0.1ms
[81.426s][info][gc,heap        ] GC(211) Eden regions: 43->0(43)
[81.426s][info][gc,heap        ] GC(211) Survivor regions: 1->1(6)
[81.426s][info][gc,heap        ] GC(211) Old regions: 6->6
[81.426s][info][gc,heap        ] GC(211) Archive regions: 0->0
[81.426s][info][gc,heap        ] GC(211) Humongous regions: 0->0
[81.426s][info][gc,metaspace   ] GC(211) Metaspace: 14341K(15168K)->14341K(15168K) NonClass: 12379K(12864K)->12379K(12864K) Class: 1962K(2304K)->1962K(2304K)
[81.426s][info][gc             ] GC(211) Pause Young (Normal) (G1 Evacuation Pause) 694M->7M(1184M) 3.617ms
[81.426s][info][gc,cpu         ] GC(211) User=0.00s Sys=0.00s Real=0.00s
[81.846s][info][gc,start       ] GC(212) Pause Young (Normal) (G1 Evacuation Pause)
[81.846s][info][gc,task        ] GC(212) Using 33 workers of 33 for evacuation
[81.850s][info][gc,phases      ] GC(212)   Pre Evacuate Collection Set: 0.1ms
[81.850s][info][gc,phases      ] GC(212)   Merge Heap Roots: 0.1ms
[81.850s][info][gc,phases      ] GC(212)   Evacuate Collection Set: 0.5ms
[81.850s][info][gc,phases      ] GC(212)   Post Evacuate Collection Set: 2.6ms
[81.850s][info][gc,phases      ] GC(212)   Other: 0.1ms
[81.850s][info][gc,heap        ] GC(212) Eden regions: 43->0(43)
[81.850s][info][gc,heap        ] GC(212) Survivor regions: 1->1(6)
[81.850s][info][gc,heap        ] GC(212) Old regions: 6->6
[81.850s][info][gc,heap        ] GC(212) Archive regions: 0->0
[81.850s][info][gc,heap        ] GC(212) Humongous regions: 0->0
[81.850s][info][gc,metaspace   ] GC(212) Metaspace: 14341K(15168K)->14341K(15168K) NonClass: 12379K(12864K)->12379K(12864K) Class: 1962K(2304K)->1962K(2304K)
[81.850s][info][gc             ] GC(212) Pause Young (Normal) (G1 Evacuation Pause) 695M->7M(1184M) 3.599ms
[81.850s][info][gc,cpu         ] GC(212) User=0.00s Sys=0.00s Real=0.00s
[82.266s][info][gc,start       ] GC(213) Pause Young (Normal) (G1 Evacuation Pause)
[82.266s][info][gc,task        ] GC(213) Using 33 workers of 33 for evacuation
[82.269s][info][gc,phases      ] GC(213)   Pre Evacuate Collection Set: 0.1ms
[82.269s][info][gc,phases      ] GC(213)   Merge Heap Roots: 0.1ms
[82.269s][info][gc,phases      ] GC(213)   Evacuate Collection Set: 0.5ms
[82.269s][info][gc,phases      ] GC(213)   Post Evacuate Collection Set: 2.7ms
[82.270s][info][gc,phases      ] GC(213)   Other: 0.1ms
[82.270s][info][gc,heap        ] GC(213) Eden regions: 43->0(43)
[82.270s][info][gc,heap        ] GC(213) Survivor regions: 1->1(6)
[82.270s][info][gc,heap        ] GC(213) Old regions: 6->6
[82.270s][info][gc,heap        ] GC(213) Archive regions: 0->0
[82.270s][info][gc,heap        ] GC(213) Humongous regions: 0->0
[82.270s][info][gc,metaspace   ] GC(213) Metaspace: 14341K(15168K)->14341K(15168K) NonClass: 12379K(12864K)->12379K(12864K) Class: 1962K(2304K)->1962K(2304K)
[82.270s][info][gc             ] GC(213) Pause Young (Normal) (G1 Evacuation Pause) 695M->7M(1184M) 3.774ms
[82.270s][info][gc,cpu         ] GC(213) User=0.52s Sys=0.00s Real=0.00s
[82.691s][info][gc,start       ] GC(214) Pause Young (Normal) (G1 Evacuation Pause)
[82.691s][info][gc,task        ] GC(214) Using 33 workers of 33 for evacuation
[82.695s][info][gc,phases      ] GC(214)   Pre Evacuate Collection Set: 0.1ms
[82.695s][info][gc,phases      ] GC(214)   Merge Heap Roots: 0.1ms
[82.695s][info][gc,phases      ] GC(214)   Evacuate Collection Set: 0.5ms
[82.695s][info][gc,phases      ] GC(214)   Post Evacuate Collection Set: 2.8ms
[82.695s][info][gc,phases      ] GC(214)   Other: 0.1ms
[82.695s][info][gc,heap        ] GC(214) Eden regions: 43->0(43)
[82.695s][info][gc,heap        ] GC(214) Survivor regions: 1->1(6)
[82.695s][info][gc,heap        ] GC(214) Old regions: 6->6
[82.695s][info][gc,heap        ] GC(214) Archive regions: 0->0
[82.695s][info][gc,heap        ] GC(214) Humongous regions: 0->0
[82.695s][info][gc,metaspace   ] GC(214) Metaspace: 14341K(15168K)->14341K(15168K) NonClass: 12379K(12864K)->12379K(12864K) Class: 1962K(2304K)->1962K(2304K)
[82.695s][info][gc             ] GC(214) Pause Young (Normal) (G1 Evacuation Pause) 695M->7M(1184M) 3.885ms
[82.695s][info][gc,cpu         ] GC(214) User=0.00s Sys=0.00s Real=0.00s
[83.255s][info][gc,start       ] GC(215) Pause Young (Normal) (G1 Evacuation Pause)
[83.255s][info][gc,task        ] GC(215) Using 33 workers of 33 for evacuation
[83.261s][info][gc,phases      ] GC(215)   Pre Evacuate Collection Set: 0.2ms
[83.261s][info][gc,phases      ] GC(215)   Merge Heap Roots: 0.2ms
[83.261s][info][gc,phases      ] GC(215)   Evacuate Collection Set: 1.3ms
[83.261s][info][gc,phases      ] GC(215)   Post Evacuate Collection Set: 3.7ms
[83.261s][info][gc,phases      ] GC(215)   Other: 0.1ms
[83.261s][info][gc,heap        ] GC(215) Eden regions: 43->0(43)
[83.261s][info][gc,heap        ] GC(215) Survivor regions: 1->1(6)
[83.261s][info][gc,heap        ] GC(215) Old regions: 6->6
[83.261s][info][gc,heap        ] GC(215) Archive regions: 0->0
[83.261s][info][gc,heap        ] GC(215) Humongous regions: 0->0
[83.261s][info][gc,metaspace   ] GC(215) Metaspace: 14341K(15168K)->14341K(15168K) NonClass: 12379K(12864K)->12379K(12864K) Class: 1962K(2304K)->1962K(2304K)
[83.261s][info][gc             ] GC(215) Pause Young (Normal) (G1 Evacuation Pause) 695M->7M(1184M) 5.992ms
[83.261s][info][gc,cpu         ] GC(215) User=0.00s Sys=0.00s Real=0.00s
[83.702s][info][gc,start       ] GC(216) Pause Young (Normal) (G1 Evacuation Pause)
[83.702s][info][gc,task        ] GC(216) Using 33 workers of 33 for evacuation
[83.705s][info][gc,phases      ] GC(216)   Pre Evacuate Collection Set: 0.1ms
[83.705s][info][gc,phases      ] GC(216)   Merge Heap Roots: 0.1ms
[83.705s][info][gc,phases      ] GC(216)   Evacuate Collection Set: 0.5ms
[83.705s][info][gc,phases      ] GC(216)   Post Evacuate Collection Set: 2.5ms
[83.705s][info][gc,phases      ] GC(216)   Other: 0.1ms
[83.705s][info][gc,heap        ] GC(216) Eden regions: 43->0(43)
[83.705s][info][gc,heap        ] GC(216) Survivor regions: 1->1(6)
[83.705s][info][gc,heap        ] GC(216) Old regions: 6->6
[83.706s][info][gc,heap        ] GC(216) Archive regions: 0->0
[83.706s][info][gc,heap        ] GC(216) Humongous regions: 0->0
[83.706s][info][gc,metaspace   ] GC(216) Metaspace: 14341K(15168K)->14341K(15168K) NonClass: 12379K(12864K)->12379K(12864K) Class: 1962K(2304K)->1962K(2304K)
[83.706s][info][gc             ] GC(216) Pause Young (Normal) (G1 Evacuation Pause) 695M->7M(1184M) 3.554ms
[83.706s][info][gc,cpu         ] GC(216) User=0.52s Sys=0.00s Real=0.00s
[84.125s][info][gc,start       ] GC(217) Pause Young (Normal) (G1 Evacuation Pause)
[84.125s][info][gc,task        ] GC(217) Using 33 workers of 33 for evacuation
[84.129s][info][gc,phases      ] GC(217)   Pre Evacuate Collection Set: 0.1ms
[84.129s][info][gc,phases      ] GC(217)   Merge Heap Roots: 0.1ms
[84.129s][info][gc,phases      ] GC(217)   Evacuate Collection Set: 0.6ms
[84.129s][info][gc,phases      ] GC(217)   Post Evacuate Collection Set: 2.7ms
[84.129s][info][gc,phases      ] GC(217)   Other: 0.1ms
[84.129s][info][gc,heap        ] GC(217) Eden regions: 43->0(43)
[84.129s][info][gc,heap        ] GC(217) Survivor regions: 1->1(6)
[84.129s][info][gc,heap        ] GC(217) Old regions: 6->6
[84.129s][info][gc,heap        ] GC(217) Archive regions: 0->0
[84.129s][info][gc,heap        ] GC(217) Humongous regions: 0->0
[84.129s][info][gc,metaspace   ] GC(217) Metaspace: 14341K(15168K)->14341K(15168K) NonClass: 12379K(12864K)->12379K(12864K) Class: 1962K(2304K)->1962K(2304K)
[84.129s][info][gc             ] GC(217) Pause Young (Normal) (G1 Evacuation Pause) 695M->7M(1184M) 3.884ms
[84.129s][info][gc,cpu         ] GC(217) User=0.52s Sys=0.00s Real=0.00s
[84.561s][info][gc,start       ] GC(218) Pause Young (Normal) (G1 Evacuation Pause)
[84.561s][info][gc,task        ] GC(218) Using 33 workers of 33 for evacuation
[84.564s][info][gc,phases      ] GC(218)   Pre Evacuate Collection Set: 0.1ms
[84.564s][info][gc,phases      ] GC(218)   Merge Heap Roots: 0.1ms
[84.564s][info][gc,phases      ] GC(218)   Evacuate Collection Set: 0.6ms
[84.564s][info][gc,phases      ] GC(218)   Post Evacuate Collection Set: 2.5ms
[84.564s][info][gc,phases      ] GC(218)   Other: 0.1ms
[84.564s][info][gc,heap        ] GC(218) Eden regions: 43->0(43)
[84.564s][info][gc,heap        ] GC(218) Survivor regions: 1->1(6)
[84.564s][info][gc,heap        ] GC(218) Old regions: 6->6
[84.564s][info][gc,heap        ] GC(218) Archive regions: 0->0
[84.564s][info][gc,heap        ] GC(218) Humongous regions: 0->0
[84.564s][info][gc,metaspace   ] GC(218) Metaspace: 14341K(15168K)->14341K(15168K) NonClass: 12379K(12864K)->12379K(12864K) Class: 1962K(2304K)->1962K(2304K)
[84.564s][info][gc             ] GC(218) Pause Young (Normal) (G1 Evacuation Pause) 695M->7M(1184M) 3.603ms
[84.564s][info][gc,cpu         ] GC(218) User=0.52s Sys=0.00s Real=0.00s
[84.979s][info][gc,start       ] GC(219) Pause Young (Normal) (G1 Evacuation Pause)
[84.979s][info][gc,task        ] GC(219) Using 33 workers of 33 for evacuation
[84.982s][info][gc,phases      ] GC(219)   Pre Evacuate Collection Set: 0.1ms
[84.982s][info][gc,phases      ] GC(219)   Merge Heap Roots: 0.1ms
[84.982s][info][gc,phases      ] GC(219)   Evacuate Collection Set: 0.5ms
[84.982s][info][gc,phases      ] GC(219)   Post Evacuate Collection Set: 2.6ms
[84.982s][info][gc,phases      ] GC(219)   Other: 0.1ms
[84.982s][info][gc,heap        ] GC(219) Eden regions: 43->0(43)
[84.982s][info][gc,heap        ] GC(219) Survivor regions: 1->1(6)
[84.982s][info][gc,heap        ] GC(219) Old regions: 6->7
[84.982s][info][gc,heap        ] GC(219) Archive regions: 0->0
[84.982s][info][gc,heap        ] GC(219) Humongous regions: 0->0
[84.982s][info][gc,metaspace   ] GC(219) Metaspace: 14341K(15168K)->14341K(15168K) NonClass: 12379K(12864K)->12379K(12864K) Class: 1962K(2304K)->1962K(2304K)
[84.983s][info][gc             ] GC(219) Pause Young (Normal) (G1 Evacuation Pause) 695M->7M(1184M) 3.730ms
[84.983s][info][gc,cpu         ] GC(219) User=0.00s Sys=0.00s Real=0.00s
[85.410s][info][gc,start       ] GC(220) Pause Young (Normal) (G1 Evacuation Pause)
[85.410s][info][gc,task        ] GC(220) Using 33 workers of 33 for evacuation
[85.413s][info][gc,phases      ] GC(220)   Pre Evacuate Collection Set: 0.1ms
[85.413s][info][gc,phases      ] GC(220)   Merge Heap Roots: 0.1ms
[85.413s][info][gc,phases      ] GC(220)   Evacuate Collection Set: 0.4ms
[85.413s][info][gc,phases      ] GC(220)   Post Evacuate Collection Set: 2.7ms
[85.413s][info][gc,phases      ] GC(220)   Other: 0.1ms
[85.413s][info][gc,heap        ] GC(220) Eden regions: 43->0(43)
[85.413s][info][gc,heap        ] GC(220) Survivor regions: 1->1(6)
[85.413s][info][gc,heap        ] GC(220) Old regions: 7->7
[85.413s][info][gc,heap        ] GC(220) Archive regions: 0->0
[85.413s][info][gc,heap        ] GC(220) Humongous regions: 0->0
[85.413s][info][gc,metaspace   ] GC(220) Metaspace: 14341K(15168K)->14341K(15168K) NonClass: 12379K(12864K)->12379K(12864K) Class: 1962K(2304K)->1962K(2304K)
[85.413s][info][gc             ] GC(220) Pause Young (Normal) (G1 Evacuation Pause) 695M->7M(1184M) 3.698ms
[85.413s][info][gc,cpu         ] GC(220) User=0.00s Sys=0.00s Real=0.00s
[85.838s][info][gc,start       ] GC(221) Pause Young (Normal) (G1 Evacuation Pause)
[85.838s][info][gc,task        ] GC(221) Using 33 workers of 33 for evacuation
[85.841s][info][gc,phases      ] GC(221)   Pre Evacuate Collection Set: 0.1ms
[85.841s][info][gc,phases      ] GC(221)   Merge Heap Roots: 0.1ms
[85.841s][info][gc,phases      ] GC(221)   Evacuate Collection Set: 0.4ms
[85.841s][info][gc,phases      ] GC(221)   Post Evacuate Collection Set: 2.7ms
[85.841s][info][gc,phases      ] GC(221)   Other: 0.1ms
[85.841s][info][gc,heap        ] GC(221) Eden regions: 43->0(43)
[85.841s][info][gc,heap        ] GC(221) Survivor regions: 1->1(6)
[85.841s][info][gc,heap        ] GC(221) Old regions: 7->7
[85.841s][info][gc,heap        ] GC(221) Archive regions: 0->0
[85.841s][info][gc,heap        ] GC(221) Humongous regions: 0->0
[85.841s][info][gc,metaspace   ] GC(221) Metaspace: 14341K(15168K)->14341K(15168K) NonClass: 12379K(12864K)->12379K(12864K) Class: 1962K(2304K)->1962K(2304K)
[85.842s][info][gc             ] GC(221) Pause Young (Normal) (G1 Evacuation Pause) 695M->7M(1184M) 3.707ms
[85.842s][info][gc,cpu         ] GC(221) User=0.00s Sys=0.00s Real=0.00s
[86.270s][info][gc,start       ] GC(222) Pause Young (Normal) (G1 Evacuation Pause)
[86.270s][info][gc,task        ] GC(222) Using 33 workers of 33 for evacuation
[86.273s][info][gc,phases      ] GC(222)   Pre Evacuate Collection Set: 0.1ms
[86.273s][info][gc,phases      ] GC(222)   Merge Heap Roots: 0.1ms
[86.273s][info][gc,phases      ] GC(222)   Evacuate Collection Set: 0.4ms
[86.273s][info][gc,phases      ] GC(222)   Post Evacuate Collection Set: 2.8ms
[86.273s][info][gc,phases      ] GC(222)   Other: 0.1ms
[86.273s][info][gc,heap        ] GC(222) Eden regions: 43->0(43)
[86.273s][info][gc,heap        ] GC(222) Survivor regions: 1->1(6)
[86.273s][info][gc,heap        ] GC(222) Old regions: 7->7
[86.273s][info][gc,heap        ] GC(222) Archive regions: 0->0
[86.273s][info][gc,heap        ] GC(222) Humongous regions: 0->0
[86.273s][info][gc,metaspace   ] GC(222) Metaspace: 14341K(15168K)->14341K(15168K) NonClass: 12379K(12864K)->12379K(12864K) Class: 1962K(2304K)->1962K(2304K)
[86.273s][info][gc             ] GC(222) Pause Young (Normal) (G1 Evacuation Pause) 695M->7M(1184M) 3.700ms
[86.273s][info][gc,cpu         ] GC(222) User=0.00s Sys=0.00s Real=0.00s
[86.711s][info][gc,start       ] GC(223) Pause Young (Normal) (G1 Evacuation Pause)
[86.711s][info][gc,task        ] GC(223) Using 33 workers of 33 for evacuation
[86.714s][info][gc,phases      ] GC(223)   Pre Evacuate Collection Set: 0.1ms
[86.714s][info][gc,phases      ] GC(223)   Merge Heap Roots: 0.1ms
[86.714s][info][gc,phases      ] GC(223)   Evacuate Collection Set: 0.4ms
[86.715s][info][gc,phases      ] GC(223)   Post Evacuate Collection Set: 2.5ms
[86.715s][info][gc,phases      ] GC(223)   Other: 0.1ms
[86.715s][info][gc,heap        ] GC(223) Eden regions: 43->0(43)
[86.715s][info][gc,heap        ] GC(223) Survivor regions: 1->1(6)
[86.715s][info][gc,heap        ] GC(223) Old regions: 7->7
[86.715s][info][gc,heap        ] GC(223) Archive regions: 0->0
[86.715s][info][gc,heap        ] GC(223) Humongous regions: 0->0
[86.715s][info][gc,metaspace   ] GC(223) Metaspace: 14341K(15168K)->14341K(15168K) NonClass: 12379K(12864K)->12379K(12864K) Class: 1962K(2304K)->1962K(2304K)
[86.715s][info][gc             ] GC(223) Pause Young (Normal) (G1 Evacuation Pause) 695M->7M(1184M) 3.470ms
[86.715s][info][gc,cpu         ] GC(223) User=0.00s Sys=0.00s Real=0.00s
[87.152s][info][gc,start       ] GC(224) Pause Young (Normal) (G1 Evacuation Pause)
[87.152s][info][gc,task        ] GC(224) Using 33 workers of 33 for evacuation
[87.156s][info][gc,phases      ] GC(224)   Pre Evacuate Collection Set: 0.1ms
[87.156s][info][gc,phases      ] GC(224)   Merge Heap Roots: 0.1ms
[87.156s][info][gc,phases      ] GC(224)   Evacuate Collection Set: 0.4ms
[87.156s][info][gc,phases      ] GC(224)   Post Evacuate Collection Set: 2.4ms
[87.156s][info][gc,phases      ] GC(224)   Other: 0.1ms
[87.156s][info][gc,heap        ] GC(224) Eden regions: 43->0(43)
[87.156s][info][gc,heap        ] GC(224) Survivor regions: 1->1(6)
[87.156s][info][gc,heap        ] GC(224) Old regions: 7->7
[87.156s][info][gc,heap        ] GC(224) Archive regions: 0->0
[87.156s][info][gc,heap        ] GC(224) Humongous regions: 0->0
[87.156s][info][gc,metaspace   ] GC(224) Metaspace: 14341K(15168K)->14341K(15168K) NonClass: 12379K(12864K)->12379K(12864K) Class: 1962K(2304K)->1962K(2304K)
[87.156s][info][gc             ] GC(224) Pause Young (Normal) (G1 Evacuation Pause) 695M->8M(1184M) 3.401ms
[87.156s][info][gc,cpu         ] GC(224) User=0.00s Sys=0.00s Real=0.00s
[87.585s][info][gc,start       ] GC(225) Pause Young (Normal) (G1 Evacuation Pause)
[87.585s][info][gc,task        ] GC(225) Using 33 workers of 33 for evacuation
[87.589s][info][gc,phases      ] GC(225)   Pre Evacuate Collection Set: 0.1ms
[87.589s][info][gc,phases      ] GC(225)   Merge Heap Roots: 0.1ms
[87.589s][info][gc,phases      ] GC(225)   Evacuate Collection Set: 0.4ms
[87.589s][info][gc,phases      ] GC(225)   Post Evacuate Collection Set: 2.6ms
[87.589s][info][gc,phases      ] GC(225)   Other: 0.1ms
[87.589s][info][gc,heap        ] GC(225) Eden regions: 43->0(43)
[87.589s][info][gc,heap        ] GC(225) Survivor regions: 1->1(6)
[87.589s][info][gc,heap        ] GC(225) Old regions: 7->7
[87.589s][info][gc,heap        ] GC(225) Archive regions: 0->0
[87.589s][info][gc,heap        ] GC(225) Humongous regions: 0->0
[87.589s][info][gc,metaspace   ] GC(225) Metaspace: 14341K(15168K)->14341K(15168K) NonClass: 12379K(12864K)->12379K(12864K) Class: 1962K(2304K)->1962K(2304K)
[87.589s][info][gc             ] GC(225) Pause Young (Normal) (G1 Evacuation Pause) 696M->8M(1184M) 3.550ms
[87.589s][info][gc,cpu         ] GC(225) User=0.00s Sys=0.00s Real=0.00s
[88.013s][info][gc,start       ] GC(226) Pause Young (Normal) (G1 Evacuation Pause)
[88.013s][info][gc,task        ] GC(226) Using 33 workers of 33 for evacuation
[88.017s][info][gc,phases      ] GC(226)   Pre Evacuate Collection Set: 0.1ms
[88.017s][info][gc,phases      ] GC(226)   Merge Heap Roots: 0.1ms
[88.017s][info][gc,phases      ] GC(226)   Evacuate Collection Set: 0.4ms
[88.017s][info][gc,phases      ] GC(226)   Post Evacuate Collection Set: 2.7ms
[88.017s][info][gc,phases      ] GC(226)   Other: 0.1ms
[88.017s][info][gc,heap        ] GC(226) Eden regions: 43->0(43)
[88.017s][info][gc,heap        ] GC(226) Survivor regions: 1->1(6)
[88.017s][info][gc,heap        ] GC(226) Old regions: 7->7
[88.017s][info][gc,heap        ] GC(226) Archive regions: 0->0
[88.017s][info][gc,heap        ] GC(226) Humongous regions: 0->0
[88.017s][info][gc,metaspace   ] GC(226) Metaspace: 14341K(15168K)->14341K(15168K) NonClass: 12379K(12864K)->12379K(12864K) Class: 1962K(2304K)->1962K(2304K)
[88.017s][info][gc             ] GC(226) Pause Young (Normal) (G1 Evacuation Pause) 696M->8M(1184M) 3.691ms
[88.017s][info][gc,cpu         ] GC(226) User=0.00s Sys=0.02s Real=0.00s
[88.442s][info][gc,start       ] GC(227) Pause Young (Normal) (G1 Evacuation Pause)
[88.442s][info][gc,task        ] GC(227) Using 33 workers of 33 for evacuation
[88.446s][info][gc,phases      ] GC(227)   Pre Evacuate Collection Set: 0.1ms
[88.446s][info][gc,phases      ] GC(227)   Merge Heap Roots: 0.2ms
[88.446s][info][gc,phases      ] GC(227)   Evacuate Collection Set: 0.4ms
[88.446s][info][gc,phases      ] GC(227)   Post Evacuate Collection Set: 2.8ms
[88.446s][info][gc,phases      ] GC(227)   Other: 0.1ms
[88.446s][info][gc,heap        ] GC(227) Eden regions: 43->0(43)
[88.446s][info][gc,heap        ] GC(227) Survivor regions: 1->1(6)
[88.446s][info][gc,heap        ] GC(227) Old regions: 7->7
[88.446s][info][gc,heap        ] GC(227) Archive regions: 0->0
[88.446s][info][gc,heap        ] GC(227) Humongous regions: 0->0
[88.446s][info][gc,metaspace   ] GC(227) Metaspace: 14341K(15168K)->14341K(15168K) NonClass: 12379K(12864K)->12379K(12864K) Class: 1962K(2304K)->1962K(2304K)
[88.446s][info][gc             ] GC(227) Pause Young (Normal) (G1 Evacuation Pause) 696M->8M(1184M) 3.794ms
[88.446s][info][gc,cpu         ] GC(227) User=0.00s Sys=0.00s Real=0.00s
[89.010s][info][gc,start       ] GC(228) Pause Young (Normal) (G1 Evacuation Pause)
[89.010s][info][gc,task        ] GC(228) Using 33 workers of 33 for evacuation
[89.015s][info][gc,phases      ] GC(228)   Pre Evacuate Collection Set: 0.2ms
[89.015s][info][gc,phases      ] GC(228)   Merge Heap Roots: 0.2ms
[89.015s][info][gc,phases      ] GC(228)   Evacuate Collection Set: 0.7ms
[89.015s][info][gc,phases      ] GC(228)   Post Evacuate Collection Set: 3.6ms
[89.015s][info][gc,phases      ] GC(228)   Other: 0.1ms
[89.015s][info][gc,heap        ] GC(228) Eden regions: 43->0(43)
[89.015s][info][gc,heap        ] GC(228) Survivor regions: 1->1(6)
[89.015s][info][gc,heap        ] GC(228) Old regions: 7->7
[89.015s][info][gc,heap        ] GC(228) Archive regions: 0->0
[89.015s][info][gc,heap        ] GC(228) Humongous regions: 0->0
[89.015s][info][gc,metaspace   ] GC(228) Metaspace: 14341K(15168K)->14341K(15168K) NonClass: 12379K(12864K)->12379K(12864K) Class: 1962K(2304K)->1962K(2304K)
[89.015s][info][gc             ] GC(228) Pause Young (Normal) (G1 Evacuation Pause) 696M->8M(1184M) 5.471ms
[89.015s][info][gc,cpu         ] GC(228) User=0.00s Sys=0.00s Real=0.00s
[89.471s][info][gc,start       ] GC(229) Pause Young (Normal) (G1 Evacuation Pause)
[89.471s][info][gc,task        ] GC(229) Using 33 workers of 33 for evacuation
[89.475s][info][gc,phases      ] GC(229)   Pre Evacuate Collection Set: 0.1ms
[89.475s][info][gc,phases      ] GC(229)   Merge Heap Roots: 0.2ms
[89.475s][info][gc,phases      ] GC(229)   Evacuate Collection Set: 0.4ms
[89.475s][info][gc,phases      ] GC(229)   Post Evacuate Collection Set: 2.4ms
[89.475s][info][gc,phases      ] GC(229)   Other: 0.1ms
[89.475s][info][gc,heap        ] GC(229) Eden regions: 43->0(43)
[89.475s][info][gc,heap        ] GC(229) Survivor regions: 1->1(6)
[89.475s][info][gc,heap        ] GC(229) Old regions: 7->7
[89.475s][info][gc,heap        ] GC(229) Archive regions: 0->0
[89.475s][info][gc,heap        ] GC(229) Humongous regions: 0->0
[89.475s][info][gc,metaspace   ] GC(229) Metaspace: 14341K(15168K)->14341K(15168K) NonClass: 12379K(12864K)->12379K(12864K) Class: 1962K(2304K)->1962K(2304K)
[89.475s][info][gc             ] GC(229) Pause Young (Normal) (G1 Evacuation Pause) 696M->8M(1184M) 3.422ms
[89.475s][info][gc,cpu         ] GC(229) User=0.00s Sys=0.00s Real=0.00s
[89.884s][info][gc,start       ] GC(230) Pause Young (Normal) (G1 Evacuation Pause)
[89.885s][info][gc,task        ] GC(230) Using 33 workers of 33 for evacuation
[89.888s][info][gc,phases      ] GC(230)   Pre Evacuate Collection Set: 0.1ms
[89.888s][info][gc,phases      ] GC(230)   Merge Heap Roots: 0.1ms
[89.888s][info][gc,phases      ] GC(230)   Evacuate Collection Set: 0.4ms
[89.888s][info][gc,phases      ] GC(230)   Post Evacuate Collection Set: 2.6ms
[89.888s][info][gc,phases      ] GC(230)   Other: 0.1ms
[89.888s][info][gc,heap        ] GC(230) Eden regions: 43->0(43)
[89.888s][info][gc,heap        ] GC(230) Survivor regions: 1->1(6)
[89.888s][info][gc,heap        ] GC(230) Old regions: 7->7
[89.888s][info][gc,heap        ] GC(230) Archive regions: 0->0
[89.888s][info][gc,heap        ] GC(230) Humongous regions: 0->0
[89.888s][info][gc,metaspace   ] GC(230) Metaspace: 14341K(15168K)->14341K(15168K) NonClass: 12379K(12864K)->12379K(12864K) Class: 1962K(2304K)->1962K(2304K)
[89.888s][info][gc             ] GC(230) Pause Young (Normal) (G1 Evacuation Pause) 696M->8M(1184M) 3.570ms
[89.888s][info][gc,cpu         ] GC(230) User=0.00s Sys=0.00s Real=0.00s
[90.156s][info][gc,start       ] GC(231) Pause Full (System.gc())
[90.157s][info][gc,task        ] GC(231) Using 6 workers of 33 for full compaction
[90.157s][info][gc,phases,start] GC(231) Phase 1: Mark live objects
[90.168s][info][gc,phases      ] GC(231) Phase 1: Mark live objects 10.841ms
[90.168s][info][gc,phases,start] GC(231) Phase 2: Prepare compaction
[90.170s][info][gc,phases      ] GC(231) Phase 2: Prepare compaction 2.007ms
[90.170s][info][gc,phases,start] GC(231) Phase 3: Adjust pointers
[90.177s][info][gc,phases      ] GC(231) Phase 3: Adjust pointers 7.226ms
[90.177s][info][gc,phases,start] GC(231) Phase 4: Compact heap
[90.179s][info][gc,phases      ] GC(231) Phase 4: Compact heap 1.585ms
[90.185s][info][gc,heap        ] GC(231) Eden regions: 27->0(12)
[90.185s][info][gc,heap        ] GC(231) Survivor regions: 1->0(6)
[90.185s][info][gc,heap        ] GC(231) Old regions: 7->6
[90.185s][info][gc,heap        ] GC(231) Archive regions: 0->0
[90.185s][info][gc,heap        ] GC(231) Humongous regions: 0->0
[90.185s][info][gc,metaspace   ] GC(231) Metaspace: 14341K(15168K)->14341K(15168K) NonClass: 12379K(12864K)->12379K(12864K) Class: 1962K(2304K)->1962K(2304K)
[90.185s][info][gc             ] GC(231) Pause Full (System.gc()) 426M->5M(320M) 28.680ms
[90.185s][info][gc,cpu         ] GC(231) User=0.09s Sys=0.00s Real=0.02s
[90.311s][info][gc,start       ] GC(232) Pause Young (Normal) (G1 Evacuation Pause)
[90.311s][info][gc,task        ] GC(232) Using 33 workers of 33 for evacuation
[90.314s][info][gc,phases      ] GC(232)   Pre Evacuate Collection Set: 0.1ms
[90.314s][info][gc,phases      ] GC(232)   Merge Heap Roots: 0.1ms
[90.314s][info][gc,phases      ] GC(232)   Evacuate Collection Set: 0.5ms
[90.314s][info][gc,phases      ] GC(232)   Post Evacuate Collection Set: 1.9ms
[90.314s][info][gc,phases      ] GC(232)   Other: 0.1ms
[90.314s][info][gc,heap        ] GC(232) Eden regions: 12->0(11)
[90.314s][info][gc,heap        ] GC(232) Survivor regions: 0->1(2)
[90.314s][info][gc,heap        ] GC(232) Old regions: 6->6
[90.314s][info][gc,heap        ] GC(232) Archive regions: 0->0
[90.314s][info][gc,heap        ] GC(232) Humongous regions: 0->0
[90.314s][info][gc,metaspace   ] GC(232) Metaspace: 14341K(15168K)->14341K(15168K) NonClass: 12379K(12864K)->12379K(12864K) Class: 1962K(2304K)->1962K(2304K)
[90.314s][info][gc             ] GC(232) Pause Young (Normal) (G1 Evacuation Pause) 197M->6M(320M) 2.922ms
[90.314s][info][gc,cpu         ] GC(232) User=0.03s Sys=0.00s Real=0.00s
[90.421s][info][gc,start       ] GC(233) Pause Young (Normal) (G1 Evacuation Pause)
[90.421s][info][gc,task        ] GC(233) Using 33 workers of 33 for evacuation
[90.424s][info][gc,phases      ] GC(233)   Pre Evacuate Collection Set: 0.1ms
[90.424s][info][gc,phases      ] GC(233)   Merge Heap Roots: 0.1ms
[90.424s][info][gc,phases      ] GC(233)   Evacuate Collection Set: 0.5ms
[90.424s][info][gc,phases      ] GC(233)   Post Evacuate Collection Set: 1.9ms
[90.424s][info][gc,phases      ] GC(233)   Other: 0.1ms
[90.424s][info][gc,heap        ] GC(233) Eden regions: 11->0(11)
[90.424s][info][gc,heap        ] GC(233) Survivor regions: 1->1(2)
[90.424s][info][gc,heap        ] GC(233) Old regions: 6->6
[90.424s][info][gc,heap        ] GC(233) Archive regions: 0->0
[90.424s][info][gc,heap        ] GC(233) Humongous regions: 0->0
[90.424s][info][gc,metaspace   ] GC(233) Metaspace: 14341K(15168K)->14341K(15168K) NonClass: 12379K(12864K)->12379K(12864K) Class: 1962K(2304K)->1962K(2304K)
[90.424s][info][gc             ] GC(233) Pause Young (Normal) (G1 Evacuation Pause) 182M->6M(320M) 2.865ms
[90.424s][info][gc,cpu         ] GC(233) User=0.52s Sys=0.00s Real=0.00s
[90.531s][info][gc,start       ] GC(234) Pause Young (Normal) (G1 Evacuation Pause)
[90.531s][info][gc,task        ] GC(234) Using 33 workers of 33 for evacuation
[90.534s][info][gc,phases      ] GC(234)   Pre Evacuate Collection Set: 0.1ms
[90.534s][info][gc,phases      ] GC(234)   Merge Heap Roots: 0.1ms
[90.534s][info][gc,phases      ] GC(234)   Evacuate Collection Set: 0.5ms
[90.534s][info][gc,phases      ] GC(234)   Post Evacuate Collection Set: 1.9ms
[90.534s][info][gc,phases      ] GC(234)   Other: 0.1ms
[90.534s][info][gc,heap        ] GC(234) Eden regions: 11->0(11)
[90.534s][info][gc,heap        ] GC(234) Survivor regions: 1->1(2)
[90.534s][info][gc,heap        ] GC(234) Old regions: 6->6
[90.534s][info][gc,heap        ] GC(234) Archive regions: 0->0
[90.534s][info][gc,heap        ] GC(234) Humongous regions: 0->0
[90.534s][info][gc,metaspace   ] GC(234) Metaspace: 14341K(15168K)->14341K(15168K) NonClass: 12379K(12864K)->12379K(12864K) Class: 1962K(2304K)->1962K(2304K)
[90.534s][info][gc             ] GC(234) Pause Young (Normal) (G1 Evacuation Pause) 182M->6M(320M) 2.879ms
[90.534s][info][gc,cpu         ] GC(234) User=0.52s Sys=0.00s Real=0.00s
[90.642s][info][gc,start       ] GC(235) Pause Young (Normal) (G1 Evacuation Pause)
[90.642s][info][gc,task        ] GC(235) Using 33 workers of 33 for evacuation
[90.647s][info][gc,phases      ] GC(235)   Pre Evacuate Collection Set: 0.1ms
[90.647s][info][gc,phases      ] GC(235)   Merge Heap Roots: 0.1ms
[90.647s][info][gc,phases      ] GC(235)   Evacuate Collection Set: 0.5ms
[90.647s][info][gc,phases      ] GC(235)   Post Evacuate Collection Set: 4.3ms
[90.647s][info][gc,phases      ] GC(235)   Other: 0.1ms
[90.647s][info][gc,heap        ] GC(235) Eden regions: 11->0(43)
[90.647s][info][gc,heap        ] GC(235) Survivor regions: 1->1(2)
[90.647s][info][gc,heap        ] GC(235) Old regions: 6->6
[90.647s][info][gc,heap        ] GC(235) Archive regions: 0->0
[90.647s][info][gc,heap        ] GC(235) Humongous regions: 0->0
[90.647s][info][gc,metaspace   ] GC(235) Metaspace: 14341K(15168K)->14341K(15168K) NonClass: 12379K(12864K)->12379K(12864K) Class: 1962K(2304K)->1962K(2304K)
[90.647s][info][gc             ] GC(235) Pause Young (Normal) (G1 Evacuation Pause) 182M->6M(1184M) 5.262ms
[90.647s][info][gc,cpu         ] GC(235) User=0.52s Sys=0.00s Real=0.01s
[91.045s][info][gc,start       ] GC(236) Pause Young (Normal) (G1 Evacuation Pause)
[91.045s][info][gc,task        ] GC(236) Using 33 workers of 33 for evacuation
[91.050s][info][gc,phases      ] GC(236)   Pre Evacuate Collection Set: 0.1ms
[91.050s][info][gc,phases      ] GC(236)   Merge Heap Roots: 0.1ms
[91.050s][info][gc,phases      ] GC(236)   Evacuate Collection Set: 1.8ms
[91.050s][info][gc,phases      ] GC(236)   Post Evacuate Collection Set: 2.8ms
[91.050s][info][gc,phases      ] GC(236)   Other: 0.1ms
[91.050s][info][gc,heap        ] GC(236) Eden regions: 43->0(43)
[91.050s][info][gc,heap        ] GC(236) Survivor regions: 1->1(6)
[91.050s][info][gc,heap        ] GC(236) Old regions: 6->6
[91.050s][info][gc,heap        ] GC(236) Archive regions: 0->0
[91.050s][info][gc,heap        ] GC(236) Humongous regions: 0->0
[91.050s][info][gc,metaspace   ] GC(236) Metaspace: 14341K(15168K)->14341K(15168K) NonClass: 12379K(12864K)->12379K(12864K) Class: 1962K(2304K)->1962K(2304K)
[91.050s][info][gc             ] GC(236) Pause Young (Normal) (G1 Evacuation Pause) 694M->6M(1184M) 5.129ms
[91.050s][info][gc,cpu         ] GC(236) User=0.52s Sys=0.00s Real=0.00s
[91.482s][info][gc,start       ] GC(237) Pause Young (Normal) (G1 Evacuation Pause)
[91.482s][info][gc,task        ] GC(237) Using 33 workers of 33 for evacuation
[91.487s][info][gc,phases      ] GC(237)   Pre Evacuate Collection Set: 0.1ms
[91.487s][info][gc,phases      ] GC(237)   Merge Heap Roots: 0.1ms
[91.487s][info][gc,phases      ] GC(237)   Evacuate Collection Set: 2.1ms
[91.487s][info][gc,phases      ] GC(237)   Post Evacuate Collection Set: 2.8ms
[91.487s][info][gc,phases      ] GC(237)   Other: 0.1ms
[91.487s][info][gc,heap        ] GC(237) Eden regions: 43->0(43)
[91.487s][info][gc,heap        ] GC(237) Survivor regions: 1->1(6)
[91.487s][info][gc,heap        ] GC(237) Old regions: 6->6
[91.487s][info][gc,heap        ] GC(237) Archive regions: 0->0
[91.487s][info][gc,heap        ] GC(237) Humongous regions: 0->0
[91.487s][info][gc,metaspace   ] GC(237) Metaspace: 14341K(15168K)->14341K(15168K) NonClass: 12379K(12864K)->12379K(12864K) Class: 1962K(2304K)->1962K(2304K)
[91.487s][info][gc             ] GC(237) Pause Young (Normal) (G1 Evacuation Pause) 694M->6M(1184M) 5.378ms
[91.488s][info][gc,cpu         ] GC(237) User=0.52s Sys=0.00s Real=0.01s
[91.906s][info][gc,start       ] GC(238) Pause Young (Normal) (G1 Evacuation Pause)
[91.907s][info][gc,task        ] GC(238) Using 33 workers of 33 for evacuation
[91.911s][info][gc,phases      ] GC(238)   Pre Evacuate Collection Set: 0.1ms
[91.911s][info][gc,phases      ] GC(238)   Merge Heap Roots: 0.1ms
[91.911s][info][gc,phases      ] GC(238)   Evacuate Collection Set: 0.5ms
[91.911s][info][gc,phases      ] GC(238)   Post Evacuate Collection Set: 2.7ms
[91.911s][info][gc,phases      ] GC(238)   Other: 0.2ms
[91.911s][info][gc,heap        ] GC(238) Eden regions: 43->0(43)
[91.911s][info][gc,heap        ] GC(238) Survivor regions: 1->1(6)
[91.911s][info][gc,heap        ] GC(238) Old regions: 6->6
[91.911s][info][gc,heap        ] GC(238) Archive regions: 0->0
[91.911s][info][gc,heap        ] GC(238) Humongous regions: 0->0
[91.911s][info][gc,metaspace   ] GC(238) Metaspace: 14341K(15168K)->14341K(15168K) NonClass: 12379K(12864K)->12379K(12864K) Class: 1962K(2304K)->1962K(2304K)
[91.911s][info][gc             ] GC(238) Pause Young (Normal) (G1 Evacuation Pause) 694M->6M(1184M) 4.740ms
[91.911s][info][gc,cpu         ] GC(238) User=0.00s Sys=0.02s Real=0.00s
[92.353s][info][gc,start       ] GC(239) Pause Young (Normal) (G1 Evacuation Pause)
[92.353s][info][gc,task        ] GC(239) Using 33 workers of 33 for evacuation
[92.356s][info][gc,phases      ] GC(239)   Pre Evacuate Collection Set: 0.1ms
[92.356s][info][gc,phases      ] GC(239)   Merge Heap Roots: 0.1ms
[92.357s][info][gc,phases      ] GC(239)   Evacuate Collection Set: 0.5ms
[92.357s][info][gc,phases      ] GC(239)   Post Evacuate Collection Set: 2.5ms
[92.357s][info][gc,phases      ] GC(239)   Other: 0.1ms
[92.357s][info][gc,heap        ] GC(239) Eden regions: 43->0(43)
[92.357s][info][gc,heap        ] GC(239) Survivor regions: 1->1(6)
[92.357s][info][gc,heap        ] GC(239) Old regions: 6->6
[92.357s][info][gc,heap        ] GC(239) Archive regions: 0->0
[92.357s][info][gc,heap        ] GC(239) Humongous regions: 0->0
[92.357s][info][gc,metaspace   ] GC(239) Metaspace: 14341K(15168K)->14341K(15168K) NonClass: 12379K(12864K)->12379K(12864K) Class: 1962K(2304K)->1962K(2304K)
[92.357s][info][gc             ] GC(239) Pause Young (Normal) (G1 Evacuation Pause) 694M->7M(1184M) 3.614ms
[92.357s][info][gc,cpu         ] GC(239) User=0.00s Sys=0.00s Real=0.00s
[92.774s][info][gc,start       ] GC(240) Pause Young (Normal) (G1 Evacuation Pause)
[92.774s][info][gc,task        ] GC(240) Using 33 workers of 33 for evacuation
[92.778s][info][gc,phases      ] GC(240)   Pre Evacuate Collection Set: 0.1ms
[92.778s][info][gc,phases      ] GC(240)   Merge Heap Roots: 0.1ms
[92.778s][info][gc,phases      ] GC(240)   Evacuate Collection Set: 0.5ms
[92.778s][info][gc,phases      ] GC(240)   Post Evacuate Collection Set: 2.6ms
[92.778s][info][gc,phases      ] GC(240)   Other: 0.1ms
[92.778s][info][gc,heap        ] GC(240) Eden regions: 43->0(43)
[92.778s][info][gc,heap        ] GC(240) Survivor regions: 1->1(6)
[92.778s][info][gc,heap        ] GC(240) Old regions: 6->6
[92.778s][info][gc,heap        ] GC(240) Archive regions: 0->0
[92.778s][info][gc,heap        ] GC(240) Humongous regions: 0->0
[92.778s][info][gc,metaspace   ] GC(240) Metaspace: 14341K(15168K)->14341K(15168K) NonClass: 12379K(12864K)->12379K(12864K) Class: 1962K(2304K)->1962K(2304K)
[92.778s][info][gc             ] GC(240) Pause Young (Normal) (G1 Evacuation Pause) 695M->7M(1184M) 3.663ms
[92.778s][info][gc,cpu         ] GC(240) User=0.00s Sys=0.00s Real=0.00s
[93.208s][info][gc,start       ] GC(241) Pause Young (Normal) (G1 Evacuation Pause)
[93.216s][info][gc,task        ] GC(241) Using 33 workers of 33 for evacuation
[93.219s][info][gc,phases      ] GC(241)   Pre Evacuate Collection Set: 0.1ms
[93.219s][info][gc,phases      ] GC(241)   Merge Heap Roots: 0.1ms
[93.219s][info][gc,phases      ] GC(241)   Evacuate Collection Set: 0.6ms
[93.219s][info][gc,phases      ] GC(241)   Post Evacuate Collection Set: 2.5ms
[93.219s][info][gc,phases      ] GC(241)   Other: 0.1ms
[93.219s][info][gc,heap        ] GC(241) Eden regions: 43->0(43)
[93.219s][info][gc,heap        ] GC(241) Survivor regions: 1->1(6)
[93.219s][info][gc,heap        ] GC(241) Old regions: 6->6
[93.219s][info][gc,heap        ] GC(241) Archive regions: 0->0
[93.219s][info][gc,heap        ] GC(241) Humongous regions: 0->0
[93.219s][info][gc,metaspace   ] GC(241) Metaspace: 14341K(15168K)->14341K(15168K) NonClass: 12379K(12864K)->12379K(12864K) Class: 1962K(2304K)->1962K(2304K)
[93.219s][info][gc             ] GC(241) Pause Young (Normal) (G1 Evacuation Pause) 695M->7M(1184M) 11.285ms
[93.219s][info][gc,cpu         ] GC(241) User=0.00s Sys=0.00s Real=0.01s
[93.637s][info][gc,start       ] GC(242) Pause Young (Normal) (G1 Evacuation Pause)
[93.637s][info][gc,task        ] GC(242) Using 33 workers of 33 for evacuation
[93.640s][info][gc,phases      ] GC(242)   Pre Evacuate Collection Set: 0.1ms
[93.640s][info][gc,phases      ] GC(242)   Merge Heap Roots: 0.1ms
[93.640s][info][gc,phases      ] GC(242)   Evacuate Collection Set: 0.6ms
[93.640s][info][gc,phases      ] GC(242)   Post Evacuate Collection Set: 2.6ms
[93.640s][info][gc,phases      ] GC(242)   Other: 0.1ms
[93.640s][info][gc,heap        ] GC(242) Eden regions: 43->0(43)
[93.640s][info][gc,heap        ] GC(242) Survivor regions: 1->1(6)
[93.640s][info][gc,heap        ] GC(242) Old regions: 6->6
[93.640s][info][gc,heap        ] GC(242) Archive regions: 0->0
[93.640s][info][gc,heap        ] GC(242) Humongous regions: 0->0
[93.640s][info][gc,metaspace   ] GC(242) Metaspace: 14341K(15168K)->14341K(15168K) NonClass: 12379K(12864K)->12379K(12864K) Class: 1962K(2304K)->1962K(2304K)
[93.640s][info][gc             ] GC(242) Pause Young (Normal) (G1 Evacuation Pause) 695M->7M(1184M) 3.695ms
[93.640s][info][gc,cpu         ] GC(242) User=0.00s Sys=0.00s Real=0.00s
[94.064s][info][gc,start       ] GC(243) Pause Young (Normal) (G1 Evacuation Pause)
[94.065s][info][gc,task        ] GC(243) Using 33 workers of 33 for evacuation
[94.068s][info][gc,phases      ] GC(243)   Pre Evacuate Collection Set: 0.1ms
[94.068s][info][gc,phases      ] GC(243)   Merge Heap Roots: 0.1ms
[94.068s][info][gc,phases      ] GC(243)   Evacuate Collection Set: 0.5ms
[94.068s][info][gc,phases      ] GC(243)   Post Evacuate Collection Set: 2.7ms
[94.068s][info][gc,phases      ] GC(243)   Other: 0.1ms
[94.068s][info][gc,heap        ] GC(243) Eden regions: 43->0(43)
[94.068s][info][gc,heap        ] GC(243) Survivor regions: 1->1(6)
[94.068s][info][gc,heap        ] GC(243) Old regions: 6->6
[94.068s][info][gc,heap        ] GC(243) Archive regions: 0->0
[94.068s][info][gc,heap        ] GC(243) Humongous regions: 0->0
[94.068s][info][gc,metaspace   ] GC(243) Metaspace: 14341K(15168K)->14341K(15168K) NonClass: 12379K(12864K)->12379K(12864K) Class: 1962K(2304K)->1962K(2304K)
[94.068s][info][gc             ] GC(243) Pause Young (Normal) (G1 Evacuation Pause) 695M->7M(1184M) 3.808ms
[94.068s][info][gc,cpu         ] GC(243) User=0.00s Sys=0.00s Real=0.00s
[94.490s][info][gc,start       ] GC(244) Pause Young (Normal) (G1 Evacuation Pause)
[94.490s][info][gc,task        ] GC(244) Using 33 workers of 33 for evacuation
[94.494s][info][gc,phases      ] GC(244)   Pre Evacuate Collection Set: 0.1ms
[94.494s][info][gc,phases      ] GC(244)   Merge Heap Roots: 0.1ms
[94.494s][info][gc,phases      ] GC(244)   Evacuate Collection Set: 0.6ms
[94.494s][info][gc,phases      ] GC(244)   Post Evacuate Collection Set: 2.8ms
[94.494s][info][gc,phases      ] GC(244)   Other: 0.1ms
[94.494s][info][gc,heap        ] GC(244) Eden regions: 43->0(43)
[94.494s][info][gc,heap        ] GC(244) Survivor regions: 1->1(6)
[94.494s][info][gc,heap        ] GC(244) Old regions: 6->6
[94.494s][info][gc,heap        ] GC(244) Archive regions: 0->0
[94.494s][info][gc,heap        ] GC(244) Humongous regions: 0->0
[94.494s][info][gc,metaspace   ] GC(244) Metaspace: 14341K(15168K)->14341K(15168K) NonClass: 12379K(12864K)->12379K(12864K) Class: 1962K(2304K)->1962K(2304K)
[94.494s][info][gc             ] GC(244) Pause Young (Normal) (G1 Evacuation Pause) 695M->7M(1184M) 3.960ms
[94.494s][info][gc,cpu         ] GC(244) User=0.00s Sys=0.00s Real=0.00s
[94.921s][info][gc,start       ] GC(245) Pause Young (Normal) (G1 Evacuation Pause)
[94.921s][info][gc,task        ] GC(245) Using 33 workers of 33 for evacuation
[94.925s][info][gc,phases      ] GC(245)   Pre Evacuate Collection Set: 0.1ms
[94.925s][info][gc,phases      ] GC(245)   Merge Heap Roots: 0.1ms
[94.925s][info][gc,phases      ] GC(245)   Evacuate Collection Set: 0.6ms
[94.925s][info][gc,phases      ] GC(245)   Post Evacuate Collection Set: 2.9ms
[94.925s][info][gc,phases      ] GC(245)   Other: 0.1ms
[94.925s][info][gc,heap        ] GC(245) Eden regions: 43->0(43)
[94.925s][info][gc,heap        ] GC(245) Survivor regions: 1->1(6)
[94.925s][info][gc,heap        ] GC(245) Old regions: 6->6
[94.925s][info][gc,heap        ] GC(245) Archive regions: 0->0
[94.925s][info][gc,heap        ] GC(245) Humongous regions: 0->0
[94.925s][info][gc,metaspace   ] GC(245) Metaspace: 14341K(15168K)->14341K(15168K) NonClass: 12379K(12864K)->12379K(12864K) Class: 1962K(2304K)->1962K(2304K)
[94.925s][info][gc             ] GC(245) Pause Young (Normal) (G1 Evacuation Pause) 695M->7M(1184M) 4.062ms
[94.925s][info][gc,cpu         ] GC(245) User=0.52s Sys=0.00s Real=0.00s
[95.343s][info][gc,start       ] GC(246) Pause Young (Normal) (G1 Evacuation Pause)
[95.343s][info][gc,task        ] GC(246) Using 33 workers of 33 for evacuation
[95.347s][info][gc,phases      ] GC(246)   Pre Evacuate Collection Set: 0.1ms
[95.347s][info][gc,phases      ] GC(246)   Merge Heap Roots: 0.1ms
[95.347s][info][gc,phases      ] GC(246)   Evacuate Collection Set: 0.6ms
[95.347s][info][gc,phases      ] GC(246)   Post Evacuate Collection Set: 2.9ms
[95.347s][info][gc,phases      ] GC(246)   Other: 0.1ms
[95.347s][info][gc,heap        ] GC(246) Eden regions: 43->0(43)
[95.347s][info][gc,heap        ] GC(246) Survivor regions: 1->1(6)
[95.347s][info][gc,heap        ] GC(246) Old regions: 6->6
[95.347s][info][gc,heap        ] GC(246) Archive regions: 0->0
[95.347s][info][gc,heap        ] GC(246) Humongous regions: 0->0
[95.347s][info][gc,metaspace   ] GC(246) Metaspace: 14341K(15168K)->14341K(15168K) NonClass: 12379K(12864K)->12379K(12864K) Class: 1962K(2304K)->1962K(2304K)
[95.347s][info][gc             ] GC(246) Pause Young (Normal) (G1 Evacuation Pause) 695M->7M(1184M) 4.020ms
[95.347s][info][gc,cpu         ] GC(246) User=0.52s Sys=0.00s Real=0.00s
[95.768s][info][gc,start       ] GC(247) Pause Young (Normal) (G1 Evacuation Pause)
[95.768s][info][gc,task        ] GC(247) Using 33 workers of 33 for evacuation
[95.772s][info][gc,phases      ] GC(247)   Pre Evacuate Collection Set: 0.1ms
[95.772s][info][gc,phases      ] GC(247)   Merge Heap Roots: 0.1ms
[95.772s][info][gc,phases      ] GC(247)   Evacuate Collection Set: 0.6ms
[95.772s][info][gc,phases      ] GC(247)   Post Evacuate Collection Set: 3.0ms
[95.772s][info][gc,phases      ] GC(247)   Other: 0.1ms
[95.772s][info][gc,heap        ] GC(247) Eden regions: 43->0(43)
[95.772s][info][gc,heap        ] GC(247) Survivor regions: 1->1(6)
[95.772s][info][gc,heap        ] GC(247) Old regions: 6->7
[95.772s][info][gc,heap        ] GC(247) Archive regions: 0->0
[95.772s][info][gc,heap        ] GC(247) Humongous regions: 0->0
[95.772s][info][gc,metaspace   ] GC(247) Metaspace: 14341K(15168K)->14341K(15168K) NonClass: 12379K(12864K)->12379K(12864K) Class: 1962K(2304K)->1962K(2304K)
[95.772s][info][gc             ] GC(247) Pause Young (Normal) (G1 Evacuation Pause) 695M->7M(1184M) 4.105ms
[95.772s][info][gc,cpu         ] GC(247) User=0.00s Sys=0.00s Real=0.00s
[96.209s][info][gc,start       ] GC(248) Pause Young (Normal) (G1 Evacuation Pause)
[96.209s][info][gc,task        ] GC(248) Using 33 workers of 33 for evacuation
[96.212s][info][gc,phases      ] GC(248)   Pre Evacuate Collection Set: 0.1ms
[96.212s][info][gc,phases      ] GC(248)   Merge Heap Roots: 0.1ms
[96.212s][info][gc,phases      ] GC(248)   Evacuate Collection Set: 0.4ms
[96.212s][info][gc,phases      ] GC(248)   Post Evacuate Collection Set: 2.7ms
[96.212s][info][gc,phases      ] GC(248)   Other: 0.1ms
[96.212s][info][gc,heap        ] GC(248) Eden regions: 43->0(43)
[96.212s][info][gc,heap        ] GC(248) Survivor regions: 1->1(6)
[96.212s][info][gc,heap        ] GC(248) Old regions: 7->7
[96.212s][info][gc,heap        ] GC(248) Archive regions: 0->0
[96.212s][info][gc,heap        ] GC(248) Humongous regions: 0->0
[96.212s][info][gc,metaspace   ] GC(248) Metaspace: 14341K(15168K)->14341K(15168K) NonClass: 12379K(12864K)->12379K(12864K) Class: 1962K(2304K)->1962K(2304K)
[96.212s][info][gc             ] GC(248) Pause Young (Normal) (G1 Evacuation Pause) 695M->7M(1184M) 3.629ms
[96.212s][info][gc,cpu         ] GC(248) User=0.00s Sys=0.00s Real=0.00s
[96.644s][info][gc,start       ] GC(249) Pause Young (Normal) (G1 Evacuation Pause)
[96.644s][info][gc,task        ] GC(249) Using 33 workers of 33 for evacuation
[96.648s][info][gc,phases      ] GC(249)   Pre Evacuate Collection Set: 0.1ms
[96.648s][info][gc,phases      ] GC(249)   Merge Heap Roots: 0.1ms
[96.648s][info][gc,phases      ] GC(249)   Evacuate Collection Set: 0.3ms
[96.648s][info][gc,phases      ] GC(249)   Post Evacuate Collection Set: 2.6ms
[96.648s][info][gc,phases      ] GC(249)   Other: 0.1ms
[96.648s][info][gc,heap        ] GC(249) Eden regions: 43->0(43)
[96.648s][info][gc,heap        ] GC(249) Survivor regions: 1->1(6)
[96.648s][info][gc,heap        ] GC(249) Old regions: 7->7
[96.648s][info][gc,heap        ] GC(249) Archive regions: 0->0
[96.648s][info][gc,heap        ] GC(249) Humongous regions: 0->0
[96.648s][info][gc,metaspace   ] GC(249) Metaspace: 14341K(15168K)->14341K(15168K) NonClass: 12379K(12864K)->12379K(12864K) Class: 1962K(2304K)->1962K(2304K)
[96.648s][info][gc             ] GC(249) Pause Young (Normal) (G1 Evacuation Pause) 695M->7M(1184M) 3.546ms
[96.648s][info][gc,cpu         ] GC(249) User=0.00s Sys=0.00s Real=0.00s
[97.075s][info][gc,start       ] GC(250) Pause Young (Normal) (G1 Evacuation Pause)
[97.075s][info][gc,task        ] GC(250) Using 33 workers of 33 for evacuation
[97.078s][info][gc,phases      ] GC(250)   Pre Evacuate Collection Set: 0.1ms
[97.078s][info][gc,phases      ] GC(250)   Merge Heap Roots: 0.1ms
[97.078s][info][gc,phases      ] GC(250)   Evacuate Collection Set: 0.3ms
[97.078s][info][gc,phases      ] GC(250)   Post Evacuate Collection Set: 2.7ms
[97.079s][info][gc,phases      ] GC(250)   Other: 0.1ms
[97.079s][info][gc,heap        ] GC(250) Eden regions: 43->0(43)
[97.079s][info][gc,heap        ] GC(250) Survivor regions: 1->1(6)
[97.079s][info][gc,heap        ] GC(250) Old regions: 7->7
[97.079s][info][gc,heap        ] GC(250) Archive regions: 0->0
[97.079s][info][gc,heap        ] GC(250) Humongous regions: 0->0
[97.079s][info][gc,metaspace   ] GC(250) Metaspace: 14341K(15168K)->14341K(15168K) NonClass: 12379K(12864K)->12379K(12864K) Class: 1962K(2304K)->1962K(2304K)
[97.079s][info][gc             ] GC(250) Pause Young (Normal) (G1 Evacuation Pause) 695M->7M(1184M) 3.667ms
[97.079s][info][gc,cpu         ] GC(250) User=0.00s Sys=0.00s Real=0.00s
[97.502s][info][gc,start       ] GC(251) Pause Young (Normal) (G1 Evacuation Pause)
[97.502s][info][gc,task        ] GC(251) Using 33 workers of 33 for evacuation
[97.506s][info][gc,phases      ] GC(251)   Pre Evacuate Collection Set: 0.1ms
[97.506s][info][gc,phases      ] GC(251)   Merge Heap Roots: 0.1ms
[97.506s][info][gc,phases      ] GC(251)   Evacuate Collection Set: 0.4ms
[97.506s][info][gc,phases      ] GC(251)   Post Evacuate Collection Set: 3.0ms
[97.506s][info][gc,phases      ] GC(251)   Other: 0.1ms
[97.506s][info][gc,heap        ] GC(251) Eden regions: 43->0(43)
[97.506s][info][gc,heap        ] GC(251) Survivor regions: 1->1(6)
[97.506s][info][gc,heap        ] GC(251) Old regions: 7->7
[97.506s][info][gc,heap        ] GC(251) Archive regions: 0->0
[97.506s][info][gc,heap        ] GC(251) Humongous regions: 0->0
[97.506s][info][gc,metaspace   ] GC(251) Metaspace: 14341K(15168K)->14341K(15168K) NonClass: 12379K(12864K)->12379K(12864K) Class: 1962K(2304K)->1962K(2304K)
[97.506s][info][gc             ] GC(251) Pause Young (Normal) (G1 Evacuation Pause) 695M->7M(1184M) 3.918ms
[97.506s][info][gc,cpu         ] GC(251) User=0.00s Sys=0.00s Real=0.00s
[97.928s][info][gc,start       ] GC(252) Pause Young (Normal) (G1 Evacuation Pause)
[97.928s][info][gc,task        ] GC(252) Using 33 workers of 33 for evacuation
[97.931s][info][gc,phases      ] GC(252)   Pre Evacuate Collection Set: 0.1ms
[97.931s][info][gc,phases      ] GC(252)   Merge Heap Roots: 0.1ms
[97.931s][info][gc,phases      ] GC(252)   Evacuate Collection Set: 0.4ms
[97.931s][info][gc,phases      ] GC(252)   Post Evacuate Collection Set: 3.0ms
[97.931s][info][gc,phases      ] GC(252)   Other: 0.1ms
[97.931s][info][gc,heap        ] GC(252) Eden regions: 43->0(43)
[97.931s][info][gc,heap        ] GC(252) Survivor regions: 1->1(6)
[97.931s][info][gc,heap        ] GC(252) Old regions: 7->7
[97.931s][info][gc,heap        ] GC(252) Archive regions: 0->0
[97.931s][info][gc,heap        ] GC(252) Humongous regions: 0->0
[97.931s][info][gc,metaspace   ] GC(252) Metaspace: 14341K(15168K)->14341K(15168K) NonClass: 12379K(12864K)->12379K(12864K) Class: 1962K(2304K)->1962K(2304K)
[97.931s][info][gc             ] GC(252) Pause Young (Normal) (G1 Evacuation Pause) 695M->8M(1184M) 3.907ms
[97.932s][info][gc,cpu         ] GC(252) User=0.00s Sys=0.00s Real=0.00s
[98.358s][info][gc,start       ] GC(253) Pause Young (Normal) (G1 Evacuation Pause)
[98.358s][info][gc,task        ] GC(253) Using 33 workers of 33 for evacuation
[98.362s][info][gc,phases      ] GC(253)   Pre Evacuate Collection Set: 0.1ms
[98.362s][info][gc,phases      ] GC(253)   Merge Heap Roots: 0.1ms
[98.362s][info][gc,phases      ] GC(253)   Evacuate Collection Set: 0.4ms
[98.362s][info][gc,phases      ] GC(253)   Post Evacuate Collection Set: 3.0ms
[98.362s][info][gc,phases      ] GC(253)   Other: 0.1ms
[98.362s][info][gc,heap        ] GC(253) Eden regions: 43->0(43)
[98.362s][info][gc,heap        ] GC(253) Survivor regions: 1->1(6)
[98.362s][info][gc,heap        ] GC(253) Old regions: 7->7
[98.362s][info][gc,heap        ] GC(253) Archive regions: 0->0
[98.362s][info][gc,heap        ] GC(253) Humongous regions: 0->0
[98.362s][info][gc,metaspace   ] GC(253) Metaspace: 14341K(15168K)->14341K(15168K) NonClass: 12379K(12864K)->12379K(12864K) Class: 1962K(2304K)->1962K(2304K)
[98.362s][info][gc             ] GC(253) Pause Young (Normal) (G1 Evacuation Pause) 696M->8M(1184M) 3.951ms
[98.362s][info][gc,cpu         ] GC(253) User=0.52s Sys=0.00s Real=0.00s
[98.792s][info][gc,start       ] GC(254) Pause Young (Normal) (G1 Evacuation Pause)
[98.792s][info][gc,task        ] GC(254) Using 33 workers of 33 for evacuation
[98.796s][info][gc,phases      ] GC(254)   Pre Evacuate Collection Set: 0.1ms
[98.796s][info][gc,phases      ] GC(254)   Merge Heap Roots: 0.1ms
[98.796s][info][gc,phases      ] GC(254)   Evacuate Collection Set: 0.4ms
[98.796s][info][gc,phases      ] GC(254)   Post Evacuate Collection Set: 2.8ms
[98.796s][info][gc,phases      ] GC(254)   Other: 0.1ms
[98.796s][info][gc,heap        ] GC(254) Eden regions: 43->0(43)
[98.796s][info][gc,heap        ] GC(254) Survivor regions: 1->1(6)
[98.796s][info][gc,heap        ] GC(254) Old regions: 7->7
[98.796s][info][gc,heap        ] GC(254) Archive regions: 0->0
[98.796s][info][gc,heap        ] GC(254) Humongous regions: 0->0
[98.796s][info][gc,metaspace   ] GC(254) Metaspace: 14341K(15168K)->14341K(15168K) NonClass: 12379K(12864K)->12379K(12864K) Class: 1962K(2304K)->1962K(2304K)
[98.796s][info][gc             ] GC(254) Pause Young (Normal) (G1 Evacuation Pause) 696M->8M(1184M) 3.811ms
[98.796s][info][gc,cpu         ] GC(254) User=0.00s Sys=0.00s Real=0.00s
[99.245s][info][gc,start       ] GC(255) Pause Young (Normal) (G1 Evacuation Pause)
[99.245s][info][gc,task        ] GC(255) Using 33 workers of 33 for evacuation
[99.249s][info][gc,phases      ] GC(255)   Pre Evacuate Collection Set: 0.1ms
[99.249s][info][gc,phases      ] GC(255)   Merge Heap Roots: 0.2ms
[99.249s][info][gc,phases      ] GC(255)   Evacuate Collection Set: 0.3ms
[99.249s][info][gc,phases      ] GC(255)   Post Evacuate Collection Set: 2.6ms
[99.249s][info][gc,phases      ] GC(255)   Other: 0.1ms
[99.249s][info][gc,heap        ] GC(255) Eden regions: 43->0(43)
[99.249s][info][gc,heap        ] GC(255) Survivor regions: 1->1(6)
[99.249s][info][gc,heap        ] GC(255) Old regions: 7->7
[99.249s][info][gc,heap        ] GC(255) Archive regions: 0->0
[99.249s][info][gc,heap        ] GC(255) Humongous regions: 0->0
[99.249s][info][gc,metaspace   ] GC(255) Metaspace: 14341K(15168K)->14341K(15168K) NonClass: 12379K(12864K)->12379K(12864K) Class: 1962K(2304K)->1962K(2304K)
[99.249s][info][gc             ] GC(255) Pause Young (Normal) (G1 Evacuation Pause) 696M->8M(1184M) 3.536ms
[99.249s][info][gc,cpu         ] GC(255) User=0.00s Sys=0.00s Real=0.00s
[99.671s][info][gc,start       ] GC(256) Pause Young (Normal) (G1 Evacuation Pause)
[99.671s][info][gc,task        ] GC(256) Using 33 workers of 33 for evacuation
[99.675s][info][gc,phases      ] GC(256)   Pre Evacuate Collection Set: 0.1ms
[99.675s][info][gc,phases      ] GC(256)   Merge Heap Roots: 0.1ms
[99.675s][info][gc,phases      ] GC(256)   Evacuate Collection Set: 0.4ms
[99.675s][info][gc,phases      ] GC(256)   Post Evacuate Collection Set: 2.7ms
[99.675s][info][gc,phases      ] GC(256)   Other: 0.1ms
[99.675s][info][gc,heap        ] GC(256) Eden regions: 43->0(43)
[99.675s][info][gc,heap        ] GC(256) Survivor regions: 1->1(6)
[99.675s][info][gc,heap        ] GC(256) Old regions: 7->7
[99.675s][info][gc,heap        ] GC(256) Archive regions: 0->0
[99.675s][info][gc,heap        ] GC(256) Humongous regions: 0->0
[99.675s][info][gc,metaspace   ] GC(256) Metaspace: 14341K(15168K)->14341K(15168K) NonClass: 12379K(12864K)->12379K(12864K) Class: 1962K(2304K)->1962K(2304K)
[99.675s][info][gc             ] GC(256) Pause Young (Normal) (G1 Evacuation Pause) 696M->8M(1184M) 3.635ms
[99.675s][info][gc,cpu         ] GC(256) User=0.52s Sys=0.00s Real=0.00s
[100.100s][info][gc,start       ] GC(257) Pause Young (Normal) (G1 Evacuation Pause)
[100.100s][info][gc,task        ] GC(257) Using 33 workers of 33 for evacuation
[100.103s][info][gc,phases      ] GC(257)   Pre Evacuate Collection Set: 0.1ms
[100.103s][info][gc,phases      ] GC(257)   Merge Heap Roots: 0.1ms
[100.103s][info][gc,phases      ] GC(257)   Evacuate Collection Set: 0.4ms
[100.103s][info][gc,phases      ] GC(257)   Post Evacuate Collection Set: 2.8ms
[100.103s][info][gc,phases      ] GC(257)   Other: 0.1ms
[100.103s][info][gc,heap        ] GC(257) Eden regions: 43->0(43)
[100.103s][info][gc,heap        ] GC(257) Survivor regions: 1->1(6)
[100.103s][info][gc,heap        ] GC(257) Old regions: 7->7
[100.103s][info][gc,heap        ] GC(257) Archive regions: 0->0
[100.103s][info][gc,heap        ] GC(257) Humongous regions: 0->0
[100.104s][info][gc,metaspace   ] GC(257) Metaspace: 14341K(15168K)->14341K(15168K) NonClass: 12379K(12864K)->12379K(12864K) Class: 1962K(2304K)->1962K(2304K)
[100.104s][info][gc             ] GC(257) Pause Young (Normal) (G1 Evacuation Pause) 696M->8M(1184M) 3.687ms
[100.104s][info][gc,cpu         ] GC(257) User=0.00s Sys=0.00s Real=0.00s
[100.472s][info][gc,start       ] GC(258) Pause Young (Normal) (G1 Evacuation Pause)
[100.472s][info][gc,task        ] GC(258) Using 33 workers of 33 for evacuation
[100.476s][info][gc,phases      ] GC(258)   Pre Evacuate Collection Set: 0.1ms
[100.476s][info][gc,phases      ] GC(258)   Merge Heap Roots: 0.2ms
[100.476s][info][gc,phases      ] GC(258)   Evacuate Collection Set: 0.4ms
[100.476s][info][gc,phases      ] GC(258)   Post Evacuate Collection Set: 3.2ms
[100.476s][info][gc,phases      ] GC(258)   Other: 0.1ms
[100.476s][info][gc,heap        ] GC(258) Eden regions: 43->0(43)
[100.476s][info][gc,heap        ] GC(258) Survivor regions: 1->1(6)
[100.476s][info][gc,heap        ] GC(258) Old regions: 7->7
[100.476s][info][gc,heap        ] GC(258) Archive regions: 0->0
[100.476s][info][gc,heap        ] GC(258) Humongous regions: 0->0
[100.476s][info][gc,metaspace   ] GC(258) Metaspace: 14341K(15168K)->14341K(15168K) NonClass: 12379K(12864K)->12379K(12864K) Class: 1962K(2304K)->1962K(2304K)
[100.476s][info][gc             ] GC(258) Pause Young (Normal) (G1 Evacuation Pause) 696M->8M(1184M) 4.159ms
[100.476s][info][gc,cpu         ] GC(258) User=0.00s Sys=0.00s Real=0.00s
[100.759s][info][gc,start       ] GC(259) Pause Full (System.gc())
[100.759s][info][gc,task        ] GC(259) Using 6 workers of 33 for full compaction
[100.760s][info][gc,phases,start] GC(259) Phase 1: Mark live objects
[100.771s][info][gc,phases      ] GC(259) Phase 1: Mark live objects 10.803ms
[100.771s][info][gc,phases,start] GC(259) Phase 2: Prepare compaction
[100.772s][info][gc,phases      ] GC(259) Phase 2: Prepare compaction 1.871ms
[100.772s][info][gc,phases,start] GC(259) Phase 3: Adjust pointers
[100.781s][info][gc,phases      ] GC(259) Phase 3: Adjust pointers 8.620ms
[100.781s][info][gc,phases,start] GC(259) Phase 4: Compact heap
[100.783s][info][gc,phases      ] GC(259) Phase 4: Compact heap 1.469ms
[100.789s][info][gc,heap        ] GC(259) Eden regions: 21->0(12)
[100.789s][info][gc,heap        ] GC(259) Survivor regions: 1->0(6)
[100.789s][info][gc,heap        ] GC(259) Old regions: 7->6
[100.789s][info][gc,heap        ] GC(259) Archive regions: 0->0
[100.789s][info][gc,heap        ] GC(259) Humongous regions: 0->0
[100.789s][info][gc,metaspace   ] GC(259) Metaspace: 14341K(15168K)->14341K(15168K) NonClass: 12379K(12864K)->12379K(12864K) Class: 1962K(2304K)->1962K(2304K)
[100.789s][info][gc             ] GC(259) Pause Full (System.gc()) 338M->5M(320M) 30.073ms
[100.789s][info][gc,cpu         ] GC(259) User=0.11s Sys=0.00s Real=0.03s
[100.919s][info][gc,start       ] GC(260) Pause Young (Normal) (G1 Evacuation Pause)
[100.919s][info][gc,task        ] GC(260) Using 33 workers of 33 for evacuation
[100.922s][info][gc,phases      ] GC(260)   Pre Evacuate Collection Set: 0.1ms
[100.922s][info][gc,phases      ] GC(260)   Merge Heap Roots: 0.1ms
[100.922s][info][gc,phases      ] GC(260)   Evacuate Collection Set: 0.5ms
[100.922s][info][gc,phases      ] GC(260)   Post Evacuate Collection Set: 2.3ms
[100.922s][info][gc,phases      ] GC(260)   Other: 0.1ms
[100.922s][info][gc,heap        ] GC(260) Eden regions: 12->0(11)
[100.922s][info][gc,heap        ] GC(260) Survivor regions: 0->1(2)
[100.922s][info][gc,heap        ] GC(260) Old regions: 6->6
[100.922s][info][gc,heap        ] GC(260) Archive regions: 0->0
[100.922s][info][gc,heap        ] GC(260) Humongous regions: 0->0
[100.922s][info][gc,metaspace   ] GC(260) Metaspace: 14341K(15168K)->14341K(15168K) NonClass: 12379K(12864K)->12379K(12864K) Class: 1962K(2304K)->1962K(2304K)
[100.922s][info][gc             ] GC(260) Pause Young (Normal) (G1 Evacuation Pause) 197M->6M(320M) 3.275ms
[100.922s][info][gc,cpu         ] GC(260) User=0.00s Sys=0.00s Real=0.00s
[101.028s][info][gc,start       ] GC(261) Pause Young (Normal) (G1 Evacuation Pause)
[101.028s][info][gc,task        ] GC(261) Using 33 workers of 33 for evacuation
[101.031s][info][gc,phases      ] GC(261)   Pre Evacuate Collection Set: 0.1ms
[101.031s][info][gc,phases      ] GC(261)   Merge Heap Roots: 0.1ms
[101.031s][info][gc,phases      ] GC(261)   Evacuate Collection Set: 0.5ms
[101.031s][info][gc,phases      ] GC(261)   Post Evacuate Collection Set: 2.3ms
[101.031s][info][gc,phases      ] GC(261)   Other: 0.1ms
[101.031s][info][gc,heap        ] GC(261) Eden regions: 11->0(11)
[101.031s][info][gc,heap        ] GC(261) Survivor regions: 1->1(2)
[101.031s][info][gc,heap        ] GC(261) Old regions: 6->6
[101.031s][info][gc,heap        ] GC(261) Archive regions: 0->0
[101.031s][info][gc,heap        ] GC(261) Humongous regions: 0->0
[101.031s][info][gc,metaspace   ] GC(261) Metaspace: 14341K(15168K)->14341K(15168K) NonClass: 12379K(12864K)->12379K(12864K) Class: 1962K(2304K)->1962K(2304K)
[101.031s][info][gc             ] GC(261) Pause Young (Normal) (G1 Evacuation Pause) 182M->6M(320M) 3.247ms
[101.031s][info][gc,cpu         ] GC(261) User=0.00s Sys=0.00s Real=0.00s
[101.138s][info][gc,start       ] GC(262) Pause Young (Normal) (G1 Evacuation Pause)
[101.138s][info][gc,task        ] GC(262) Using 33 workers of 33 for evacuation
[101.141s][info][gc,phases      ] GC(262)   Pre Evacuate Collection Set: 0.1ms
[101.141s][info][gc,phases      ] GC(262)   Merge Heap Roots: 0.1ms
[101.141s][info][gc,phases      ] GC(262)   Evacuate Collection Set: 0.4ms
[101.141s][info][gc,phases      ] GC(262)   Post Evacuate Collection Set: 2.3ms
[101.141s][info][gc,phases      ] GC(262)   Other: 0.1ms
[101.141s][info][gc,heap        ] GC(262) Eden regions: 11->0(11)
[101.141s][info][gc,heap        ] GC(262) Survivor regions: 1->1(2)
[101.141s][info][gc,heap        ] GC(262) Old regions: 6->6
[101.141s][info][gc,heap        ] GC(262) Archive regions: 0->0
[101.141s][info][gc,heap        ] GC(262) Humongous regions: 0->0
[101.141s][info][gc,metaspace   ] GC(262) Metaspace: 14341K(15168K)->14341K(15168K) NonClass: 12379K(12864K)->12379K(12864K) Class: 1962K(2304K)->1962K(2304K)
[101.141s][info][gc             ] GC(262) Pause Young (Normal) (G1 Evacuation Pause) 182M->6M(320M) 3.263ms
[101.141s][info][gc,cpu         ] GC(262) User=0.00s Sys=0.00s Real=0.00s
[101.250s][info][gc,start       ] GC(263) Pause Young (Normal) (G1 Evacuation Pause)
[101.250s][info][gc,task        ] GC(263) Using 33 workers of 33 for evacuation
[101.255s][info][gc,phases      ] GC(263)   Pre Evacuate Collection Set: 0.1ms
[101.255s][info][gc,phases      ] GC(263)   Merge Heap Roots: 0.1ms
[101.255s][info][gc,phases      ] GC(263)   Evacuate Collection Set: 0.5ms
[101.255s][info][gc,phases      ] GC(263)   Post Evacuate Collection Set: 4.7ms
[101.255s][info][gc,phases      ] GC(263)   Other: 0.1ms
[101.255s][info][gc,heap        ] GC(263) Eden regions: 11->0(43)
[101.255s][info][gc,heap        ] GC(263) Survivor regions: 1->1(2)
[101.255s][info][gc,heap        ] GC(263) Old regions: 6->6
[101.255s][info][gc,heap        ] GC(263) Archive regions: 0->0
[101.255s][info][gc,heap        ] GC(263) Humongous regions: 0->0
[101.255s][info][gc,metaspace   ] GC(263) Metaspace: 14341K(15168K)->14341K(15168K) NonClass: 12379K(12864K)->12379K(12864K) Class: 1962K(2304K)->1962K(2304K)
[101.255s][info][gc             ] GC(263) Pause Young (Normal) (G1 Evacuation Pause) 182M->6M(1184M) 5.650ms
[101.255s][info][gc,cpu         ] GC(263) User=0.00s Sys=0.00s Real=0.00s
[101.648s][info][gc,start       ] GC(264) Pause Young (Normal) (G1 Evacuation Pause)
[101.648s][info][gc,task        ] GC(264) Using 33 workers of 33 for evacuation
[101.653s][info][gc,phases      ] GC(264)   Pre Evacuate Collection Set: 0.1ms
[101.653s][info][gc,phases      ] GC(264)   Merge Heap Roots: 0.1ms
[101.653s][info][gc,phases      ] GC(264)   Evacuate Collection Set: 2.0ms
[101.653s][info][gc,phases      ] GC(264)   Post Evacuate Collection Set: 2.9ms
[101.653s][info][gc,phases      ] GC(264)   Other: 0.1ms
[101.653s][info][gc,heap        ] GC(264) Eden regions: 43->0(43)
[101.653s][info][gc,heap        ] GC(264) Survivor regions: 1->1(6)
[101.653s][info][gc,heap        ] GC(264) Old regions: 6->6
[101.653s][info][gc,heap        ] GC(264) Archive regions: 0->0
[101.653s][info][gc,heap        ] GC(264) Humongous regions: 0->0
[101.653s][info][gc,metaspace   ] GC(264) Metaspace: 14341K(15168K)->14341K(15168K) NonClass: 12379K(12864K)->12379K(12864K) Class: 1962K(2304K)->1962K(2304K)
[101.653s][info][gc             ] GC(264) Pause Young (Normal) (G1 Evacuation Pause) 694M->6M(1184M) 5.432ms
[101.653s][info][gc,cpu         ] GC(264) User=0.00s Sys=0.00s Real=0.00s
[102.097s][info][gc,start       ] GC(265) Pause Young (Normal) (G1 Evacuation Pause)
[102.098s][info][gc,task        ] GC(265) Using 33 workers of 33 for evacuation
[102.102s][info][gc,phases      ] GC(265)   Pre Evacuate Collection Set: 0.1ms
[102.102s][info][gc,phases      ] GC(265)   Merge Heap Roots: 0.1ms
[102.102s][info][gc,phases      ] GC(265)   Evacuate Collection Set: 1.9ms
[102.102s][info][gc,phases      ] GC(265)   Post Evacuate Collection Set: 2.7ms
[102.102s][info][gc,phases      ] GC(265)   Other: 0.1ms
[102.103s][info][gc,heap        ] GC(265) Eden regions: 43->0(43)
[102.103s][info][gc,heap        ] GC(265) Survivor regions: 1->1(6)
[102.103s][info][gc,heap        ] GC(265) Old regions: 6->6
[102.103s][info][gc,heap        ] GC(265) Archive regions: 0->0
[102.103s][info][gc,heap        ] GC(265) Humongous regions: 0->0
[102.103s][info][gc,metaspace   ] GC(265) Metaspace: 14341K(15168K)->14341K(15168K) NonClass: 12379K(12864K)->12379K(12864K) Class: 1962K(2304K)->1962K(2304K)
[102.103s][info][gc             ] GC(265) Pause Young (Normal) (G1 Evacuation Pause) 694M->6M(1184M) 5.170ms
[102.103s][info][gc,cpu         ] GC(265) User=0.00s Sys=0.00s Real=0.01s
[102.527s][info][gc,start       ] GC(266) Pause Young (Normal) (G1 Evacuation Pause)
[102.527s][info][gc,task        ] GC(266) Using 33 workers of 33 for evacuation
[102.531s][info][gc,phases      ] GC(266)   Pre Evacuate Collection Set: 0.1ms
[102.531s][info][gc,phases      ] GC(266)   Merge Heap Roots: 0.1ms
[102.531s][info][gc,phases      ] GC(266)   Evacuate Collection Set: 0.5ms
[102.531s][info][gc,phases      ] GC(266)   Post Evacuate Collection Set: 2.7ms
[102.531s][info][gc,phases      ] GC(266)   Other: 0.1ms
[102.531s][info][gc,heap        ] GC(266) Eden regions: 43->0(43)
[102.531s][info][gc,heap        ] GC(266) Survivor regions: 1->1(6)
[102.531s][info][gc,heap        ] GC(266) Old regions: 6->6
[102.531s][info][gc,heap        ] GC(266) Archive regions: 0->0
[102.531s][info][gc,heap        ] GC(266) Humongous regions: 0->0
[102.531s][info][gc,metaspace   ] GC(266) Metaspace: 14341K(15168K)->14341K(15168K) NonClass: 12379K(12864K)->12379K(12864K) Class: 1962K(2304K)->1962K(2304K)
[102.531s][info][gc             ] GC(266) Pause Young (Normal) (G1 Evacuation Pause) 694M->6M(1184M) 3.818ms
[102.531s][info][gc,cpu         ] GC(266) User=0.00s Sys=0.00s Real=0.00s
[102.960s][info][gc,start       ] GC(267) Pause Young (Normal) (G1 Evacuation Pause)
[102.960s][info][gc,task        ] GC(267) Using 33 workers of 33 for evacuation
[102.963s][info][gc,phases      ] GC(267)   Pre Evacuate Collection Set: 0.1ms
[102.963s][info][gc,phases      ] GC(267)   Merge Heap Roots: 0.1ms
[102.963s][info][gc,phases      ] GC(267)   Evacuate Collection Set: 0.5ms
[102.963s][info][gc,phases      ] GC(267)   Post Evacuate Collection Set: 2.7ms
[102.963s][info][gc,phases      ] GC(267)   Other: 0.1ms
[102.963s][info][gc,heap        ] GC(267) Eden regions: 43->0(43)
[102.963s][info][gc,heap        ] GC(267) Survivor regions: 1->1(6)
[102.963s][info][gc,heap        ] GC(267) Old regions: 6->6
[102.963s][info][gc,heap        ] GC(267) Archive regions: 0->0
[102.963s][info][gc,heap        ] GC(267) Humongous regions: 0->0
[102.963s][info][gc,metaspace   ] GC(267) Metaspace: 14341K(15168K)->14341K(15168K) NonClass: 12379K(12864K)->12379K(12864K) Class: 1962K(2304K)->1962K(2304K)
[102.963s][info][gc             ] GC(267) Pause Young (Normal) (G1 Evacuation Pause) 694M->7M(1184M) 3.746ms
[102.963s][info][gc,cpu         ] GC(267) User=0.00s Sys=0.00s Real=0.00s
[103.380s][info][gc,start       ] GC(268) Pause Young (Normal) (G1 Evacuation Pause)
[103.380s][info][gc,task        ] GC(268) Using 33 workers of 33 for evacuation
[103.383s][info][gc,phases      ] GC(268)   Pre Evacuate Collection Set: 0.1ms
[103.383s][info][gc,phases      ] GC(268)   Merge Heap Roots: 0.1ms
[103.383s][info][gc,phases      ] GC(268)   Evacuate Collection Set: 0.5ms
[103.383s][info][gc,phases      ] GC(268)   Post Evacuate Collection Set: 2.8ms
[103.383s][info][gc,phases      ] GC(268)   Other: 0.1ms
[103.383s][info][gc,heap        ] GC(268) Eden regions: 43->0(43)
[103.383s][info][gc,heap        ] GC(268) Survivor regions: 1->1(6)
[103.383s][info][gc,heap        ] GC(268) Old regions: 6->6
[103.383s][info][gc,heap        ] GC(268) Archive regions: 0->0
[103.384s][info][gc,heap        ] GC(268) Humongous regions: 0->0
[103.384s][info][gc,metaspace   ] GC(268) Metaspace: 14341K(15168K)->14341K(15168K) NonClass: 12379K(12864K)->12379K(12864K) Class: 1962K(2304K)->1962K(2304K)
[103.384s][info][gc             ] GC(268) Pause Young (Normal) (G1 Evacuation Pause) 695M->7M(1184M) 3.939ms
[103.384s][info][gc,cpu         ] GC(268) User=0.00s Sys=0.00s Real=0.00s
[103.799s][info][gc,start       ] GC(269) Pause Young (Normal) (G1 Evacuation Pause)
[103.799s][info][gc,task        ] GC(269) Using 33 workers of 33 for evacuation
[103.803s][info][gc,phases      ] GC(269)   Pre Evacuate Collection Set: 0.1ms
[103.803s][info][gc,phases      ] GC(269)   Merge Heap Roots: 0.1ms
[103.803s][info][gc,phases      ] GC(269)   Evacuate Collection Set: 0.5ms
[103.803s][info][gc,phases      ] GC(269)   Post Evacuate Collection Set: 2.9ms
[103.803s][info][gc,phases      ] GC(269)   Other: 0.1ms
[103.803s][info][gc,heap        ] GC(269) Eden regions: 43->0(43)
[103.803s][info][gc,heap        ] GC(269) Survivor regions: 1->1(6)
[103.803s][info][gc,heap        ] GC(269) Old regions: 6->6
[103.803s][info][gc,heap        ] GC(269) Archive regions: 0->0
[103.803s][info][gc,heap        ] GC(269) Humongous regions: 0->0
[103.803s][info][gc,metaspace   ] GC(269) Metaspace: 14341K(15168K)->14341K(15168K) NonClass: 12379K(12864K)->12379K(12864K) Class: 1962K(2304K)->1962K(2304K)
[103.803s][info][gc             ] GC(269) Pause Young (Normal) (G1 Evacuation Pause) 695M->7M(1184M) 3.996ms
[103.803s][info][gc,cpu         ] GC(269) User=0.00s Sys=0.00s Real=0.00s
[104.214s][info][gc,start       ] GC(270) Pause Young (Normal) (G1 Evacuation Pause)
[104.214s][info][gc,task        ] GC(270) Using 33 workers of 33 for evacuation
[104.218s][info][gc,phases      ] GC(270)   Pre Evacuate Collection Set: 0.1ms
[104.218s][info][gc,phases      ] GC(270)   Merge Heap Roots: 0.1ms
[104.218s][info][gc,phases      ] GC(270)   Evacuate Collection Set: 0.6ms
[104.218s][info][gc,phases      ] GC(270)   Post Evacuate Collection Set: 3.1ms
[104.218s][info][gc,phases      ] GC(270)   Other: 0.1ms
[104.218s][info][gc,heap        ] GC(270) Eden regions: 43->0(43)
[104.218s][info][gc,heap        ] GC(270) Survivor regions: 1->1(6)
[104.218s][info][gc,heap        ] GC(270) Old regions: 6->6
[104.218s][info][gc,heap        ] GC(270) Archive regions: 0->0
[104.218s][info][gc,heap        ] GC(270) Humongous regions: 0->0
[104.218s][info][gc,metaspace   ] GC(270) Metaspace: 14341K(15168K)->14341K(15168K) NonClass: 12379K(12864K)->12379K(12864K) Class: 1962K(2304K)->1962K(2304K)
[104.218s][info][gc             ] GC(270) Pause Young (Normal) (G1 Evacuation Pause) 695M->7M(1184M) 4.159ms
[104.218s][info][gc,cpu         ] GC(270) User=0.00s Sys=0.00s Real=0.00s
[104.649s][info][gc,start       ] GC(271) Pause Young (Normal) (G1 Evacuation Pause)
[104.649s][info][gc,task        ] GC(271) Using 33 workers of 33 for evacuation
[104.653s][info][gc,phases      ] GC(271)   Pre Evacuate Collection Set: 0.1ms
[104.653s][info][gc,phases      ] GC(271)   Merge Heap Roots: 0.1ms
[104.653s][info][gc,phases      ] GC(271)   Evacuate Collection Set: 0.5ms
[104.653s][info][gc,phases      ] GC(271)   Post Evacuate Collection Set: 3.0ms
[104.653s][info][gc,phases      ] GC(271)   Other: 0.1ms
[104.653s][info][gc,heap        ] GC(271) Eden regions: 43->0(43)
[104.653s][info][gc,heap        ] GC(271) Survivor regions: 1->1(6)
[104.653s][info][gc,heap        ] GC(271) Old regions: 6->6
[104.653s][info][gc,heap        ] GC(271) Archive regions: 0->0
[104.653s][info][gc,heap        ] GC(271) Humongous regions: 0->0
[104.653s][info][gc,metaspace   ] GC(271) Metaspace: 14341K(15168K)->14341K(15168K) NonClass: 12379K(12864K)->12379K(12864K) Class: 1962K(2304K)->1962K(2304K)
[104.653s][info][gc             ] GC(271) Pause Young (Normal) (G1 Evacuation Pause) 695M->7M(1184M) 4.058ms
[104.653s][info][gc,cpu         ] GC(271) User=0.00s Sys=0.00s Real=0.00s
[105.075s][info][gc,start       ] GC(272) Pause Young (Normal) (G1 Evacuation Pause)
[105.076s][info][gc,task        ] GC(272) Using 33 workers of 33 for evacuation
[105.079s][info][gc,phases      ] GC(272)   Pre Evacuate Collection Set: 0.1ms
[105.079s][info][gc,phases      ] GC(272)   Merge Heap Roots: 0.1ms
[105.079s][info][gc,phases      ] GC(272)   Evacuate Collection Set: 0.5ms
[105.079s][info][gc,phases      ] GC(272)   Post Evacuate Collection Set: 2.8ms
[105.079s][info][gc,phases      ] GC(272)   Other: 0.1ms
[105.079s][info][gc,heap        ] GC(272) Eden regions: 43->0(43)
[105.079s][info][gc,heap        ] GC(272) Survivor regions: 1->1(6)
[105.079s][info][gc,heap        ] GC(272) Old regions: 6->6
[105.079s][info][gc,heap        ] GC(272) Archive regions: 0->0
[105.079s][info][gc,heap        ] GC(272) Humongous regions: 0->0
[105.079s][info][gc,metaspace   ] GC(272) Metaspace: 14341K(15168K)->14341K(15168K) NonClass: 12379K(12864K)->12379K(12864K) Class: 1962K(2304K)->1962K(2304K)
[105.079s][info][gc             ] GC(272) Pause Young (Normal) (G1 Evacuation Pause) 695M->7M(1184M) 3.882ms
[105.079s][info][gc,cpu         ] GC(272) User=0.02s Sys=0.00s Real=0.00s
[105.504s][info][gc,start       ] GC(273) Pause Young (Normal) (G1 Evacuation Pause)
[105.504s][info][gc,task        ] GC(273) Using 33 workers of 33 for evacuation
[105.508s][info][gc,phases      ] GC(273)   Pre Evacuate Collection Set: 0.1ms
[105.508s][info][gc,phases      ] GC(273)   Merge Heap Roots: 0.1ms
[105.508s][info][gc,phases      ] GC(273)   Evacuate Collection Set: 0.6ms
[105.508s][info][gc,phases      ] GC(273)   Post Evacuate Collection Set: 2.6ms
[105.508s][info][gc,phases      ] GC(273)   Other: 0.1ms
[105.508s][info][gc,heap        ] GC(273) Eden regions: 43->0(43)
[105.508s][info][gc,heap        ] GC(273) Survivor regions: 1->1(6)
[105.508s][info][gc,heap        ] GC(273) Old regions: 6->6
[105.508s][info][gc,heap        ] GC(273) Archive regions: 0->0
[105.508s][info][gc,heap        ] GC(273) Humongous regions: 0->0
[105.508s][info][gc,metaspace   ] GC(273) Metaspace: 14341K(15168K)->14341K(15168K) NonClass: 12379K(12864K)->12379K(12864K) Class: 1962K(2304K)->1962K(2304K)
[105.508s][info][gc             ] GC(273) Pause Young (Normal) (G1 Evacuation Pause) 695M->7M(1184M) 3.727ms
[105.508s][info][gc,cpu         ] GC(273) User=0.00s Sys=0.00s Real=0.00s
[105.926s][info][gc,start       ] GC(274) Pause Young (Normal) (G1 Evacuation Pause)
[105.926s][info][gc,task        ] GC(274) Using 33 workers of 33 for evacuation
[105.929s][info][gc,phases      ] GC(274)   Pre Evacuate Collection Set: 0.1ms
[105.929s][info][gc,phases      ] GC(274)   Merge Heap Roots: 0.1ms
[105.929s][info][gc,phases      ] GC(274)   Evacuate Collection Set: 0.5ms
[105.929s][info][gc,phases      ] GC(274)   Post Evacuate Collection Set: 2.7ms
[105.929s][info][gc,phases      ] GC(274)   Other: 0.1ms
[105.929s][info][gc,heap        ] GC(274) Eden regions: 43->0(43)
[105.929s][info][gc,heap        ] GC(274) Survivor regions: 1->1(6)
[105.929s][info][gc,heap        ] GC(274) Old regions: 6->7
[105.929s][info][gc,heap        ] GC(274) Archive regions: 0->0
[105.929s][info][gc,heap        ] GC(274) Humongous regions: 0->0
[105.930s][info][gc,metaspace   ] GC(274) Metaspace: 14341K(15168K)->14341K(15168K) NonClass: 12379K(12864K)->12379K(12864K) Class: 1962K(2304K)->1962K(2304K)
[105.930s][info][gc             ] GC(274) Pause Young (Normal) (G1 Evacuation Pause) 695M->7M(1184M) 3.914ms
[105.930s][info][gc,cpu         ] GC(274) User=0.00s Sys=0.00s Real=0.00s
[106.346s][info][gc,start       ] GC(275) Pause Young (Normal) (G1 Evacuation Pause)
[106.346s][info][gc,task        ] GC(275) Using 33 workers of 33 for evacuation
[106.349s][info][gc,phases      ] GC(275)   Pre Evacuate Collection Set: 0.1ms
[106.349s][info][gc,phases      ] GC(275)   Merge Heap Roots: 0.1ms
[106.349s][info][gc,phases      ] GC(275)   Evacuate Collection Set: 0.5ms
[106.349s][info][gc,phases      ] GC(275)   Post Evacuate Collection Set: 2.9ms
[106.349s][info][gc,phases      ] GC(275)   Other: 0.1ms
[106.349s][info][gc,heap        ] GC(275) Eden regions: 43->0(43)
[106.349s][info][gc,heap        ] GC(275) Survivor regions: 1->1(6)
[106.349s][info][gc,heap        ] GC(275) Old regions: 7->7
[106.349s][info][gc,heap        ] GC(275) Archive regions: 0->0
[106.349s][info][gc,heap        ] GC(275) Humongous regions: 0->0
[106.349s][info][gc,metaspace   ] GC(275) Metaspace: 14341K(15168K)->14341K(15168K) NonClass: 12379K(12864K)->12379K(12864K) Class: 1962K(2304K)->1962K(2304K)
[106.350s][info][gc             ] GC(275) Pause Young (Normal) (G1 Evacuation Pause) 695M->7M(1184M) 3.938ms
[106.350s][info][gc,cpu         ] GC(275) User=0.00s Sys=0.00s Real=0.00s
[106.775s][info][gc,start       ] GC(276) Pause Young (Normal) (G1 Evacuation Pause)
[106.775s][info][gc,task        ] GC(276) Using 33 workers of 33 for evacuation
[106.779s][info][gc,phases      ] GC(276)   Pre Evacuate Collection Set: 0.1ms
[106.779s][info][gc,phases      ] GC(276)   Merge Heap Roots: 0.2ms
[106.779s][info][gc,phases      ] GC(276)   Evacuate Collection Set: 0.4ms
[106.779s][info][gc,phases      ] GC(276)   Post Evacuate Collection Set: 3.0ms
[106.779s][info][gc,phases      ] GC(276)   Other: 0.1ms
[106.779s][info][gc,heap        ] GC(276) Eden regions: 43->0(43)
[106.779s][info][gc,heap        ] GC(276) Survivor regions: 1->1(6)
[106.779s][info][gc,heap        ] GC(276) Old regions: 7->7
[106.779s][info][gc,heap        ] GC(276) Archive regions: 0->0
[106.779s][info][gc,heap        ] GC(276) Humongous regions: 0->0
[106.779s][info][gc,metaspace   ] GC(276) Metaspace: 14341K(15168K)->14341K(15168K) NonClass: 12379K(12864K)->12379K(12864K) Class: 1962K(2304K)->1962K(2304K)
[106.779s][info][gc             ] GC(276) Pause Young (Normal) (G1 Evacuation Pause) 695M->7M(1184M) 3.962ms
[106.779s][info][gc,cpu         ] GC(276) User=0.00s Sys=0.00s Real=0.00s
[107.292s][info][gc,start       ] GC(277) Pause Young (Normal) (G1 Evacuation Pause)
[107.293s][info][gc,task        ] GC(277) Using 33 workers of 33 for evacuation
[107.298s][info][gc,phases      ] GC(277)   Pre Evacuate Collection Set: 0.2ms
[107.298s][info][gc,phases      ] GC(277)   Merge Heap Roots: 0.2ms
[107.298s][info][gc,phases      ] GC(277)   Evacuate Collection Set: 0.8ms
[107.298s][info][gc,phases      ] GC(277)   Post Evacuate Collection Set: 4.0ms
[107.298s][info][gc,phases      ] GC(277)   Other: 0.1ms
[107.298s][info][gc,heap        ] GC(277) Eden regions: 43->0(43)
[107.298s][info][gc,heap        ] GC(277) Survivor regions: 1->1(6)
[107.298s][info][gc,heap        ] GC(277) Old regions: 7->7
[107.298s][info][gc,heap        ] GC(277) Archive regions: 0->0
[107.298s][info][gc,heap        ] GC(277) Humongous regions: 0->0
[107.298s][info][gc,metaspace   ] GC(277) Metaspace: 14341K(15168K)->14341K(15168K) NonClass: 12379K(12864K)->12379K(12864K) Class: 1962K(2304K)->1962K(2304K)
[107.298s][info][gc             ] GC(277) Pause Young (Normal) (G1 Evacuation Pause) 695M->7M(1184M) 5.941ms
[107.298s][info][gc,cpu         ] GC(277) User=0.00s Sys=0.00s Real=0.00s
[107.749s][info][gc,start       ] GC(278) Pause Young (Normal) (G1 Evacuation Pause)
[107.749s][info][gc,task        ] GC(278) Using 33 workers of 33 for evacuation
[107.752s][info][gc,phases      ] GC(278)   Pre Evacuate Collection Set: 0.1ms
[107.752s][info][gc,phases      ] GC(278)   Merge Heap Roots: 0.2ms
[107.752s][info][gc,phases      ] GC(278)   Evacuate Collection Set: 0.4ms
[107.752s][info][gc,phases      ] GC(278)   Post Evacuate Collection Set: 2.6ms
[107.752s][info][gc,phases      ] GC(278)   Other: 0.1ms
[107.752s][info][gc,heap        ] GC(278) Eden regions: 43->0(43)
[107.752s][info][gc,heap        ] GC(278) Survivor regions: 1->1(6)
[107.753s][info][gc,heap        ] GC(278) Old regions: 7->7
[107.753s][info][gc,heap        ] GC(278) Archive regions: 0->0
[107.753s][info][gc,heap        ] GC(278) Humongous regions: 0->0
[107.753s][info][gc,metaspace   ] GC(278) Metaspace: 14341K(15168K)->14341K(15168K) NonClass: 12379K(12864K)->12379K(12864K) Class: 1962K(2304K)->1962K(2304K)
[107.753s][info][gc             ] GC(278) Pause Young (Normal) (G1 Evacuation Pause) 695M->7M(1184M) 3.671ms
[107.753s][info][gc,cpu         ] GC(278) User=0.52s Sys=0.00s Real=0.00s
[108.180s][info][gc,start       ] GC(279) Pause Young (Normal) (G1 Evacuation Pause)
[108.180s][info][gc,task        ] GC(279) Using 33 workers of 33 for evacuation
[108.184s][info][gc,phases      ] GC(279)   Pre Evacuate Collection Set: 0.1ms
[108.184s][info][gc,phases      ] GC(279)   Merge Heap Roots: 0.2ms
[108.184s][info][gc,phases      ] GC(279)   Evacuate Collection Set: 0.4ms
[108.184s][info][gc,phases      ] GC(279)   Post Evacuate Collection Set: 2.8ms
[108.184s][info][gc,phases      ] GC(279)   Other: 0.1ms
[108.184s][info][gc,heap        ] GC(279) Eden regions: 43->0(43)
[108.184s][info][gc,heap        ] GC(279) Survivor regions: 1->1(6)
[108.184s][info][gc,heap        ] GC(279) Old regions: 7->7
[108.184s][info][gc,heap        ] GC(279) Archive regions: 0->0
[108.184s][info][gc,heap        ] GC(279) Humongous regions: 0->0
[108.184s][info][gc,metaspace   ] GC(279) Metaspace: 14341K(15168K)->14341K(15168K) NonClass: 12379K(12864K)->12379K(12864K) Class: 1962K(2304K)->1962K(2304K)
[108.184s][info][gc             ] GC(279) Pause Young (Normal) (G1 Evacuation Pause) 695M->7M(1184M) 3.826ms
[108.184s][info][gc,cpu         ] GC(279) User=0.00s Sys=0.00s Real=0.00s
[108.625s][info][gc,start       ] GC(280) Pause Young (Normal) (G1 Evacuation Pause)
[108.625s][info][gc,task        ] GC(280) Using 33 workers of 33 for evacuation
[108.629s][info][gc,phases      ] GC(280)   Pre Evacuate Collection Set: 0.1ms
[108.629s][info][gc,phases      ] GC(280)   Merge Heap Roots: 0.2ms
[108.629s][info][gc,phases      ] GC(280)   Evacuate Collection Set: 0.4ms
[108.629s][info][gc,phases      ] GC(280)   Post Evacuate Collection Set: 2.7ms
[108.629s][info][gc,phases      ] GC(280)   Other: 0.1ms
[108.629s][info][gc,heap        ] GC(280) Eden regions: 43->0(43)
[108.629s][info][gc,heap        ] GC(280) Survivor regions: 1->1(6)
[108.629s][info][gc,heap        ] GC(280) Old regions: 7->7
[108.629s][info][gc,heap        ] GC(280) Archive regions: 0->0
[108.629s][info][gc,heap        ] GC(280) Humongous regions: 0->0
[108.629s][info][gc,metaspace   ] GC(280) Metaspace: 14341K(15168K)->14341K(15168K) NonClass: 12379K(12864K)->12379K(12864K) Class: 1962K(2304K)->1962K(2304K)
[108.629s][info][gc             ] GC(280) Pause Young (Normal) (G1 Evacuation Pause) 695M->8M(1184M) 3.720ms
[108.629s][info][gc,cpu         ] GC(280) User=0.00s Sys=0.00s Real=0.00s
[109.060s][info][gc,start       ] GC(281) Pause Young (Normal) (G1 Evacuation Pause)
[109.060s][info][gc,task        ] GC(281) Using 33 workers of 33 for evacuation
[109.064s][info][gc,phases      ] GC(281)   Pre Evacuate Collection Set: 0.1ms
[109.064s][info][gc,phases      ] GC(281)   Merge Heap Roots: 0.1ms
[109.064s][info][gc,phases      ] GC(281)   Evacuate Collection Set: 0.4ms
[109.064s][info][gc,phases      ] GC(281)   Post Evacuate Collection Set: 2.8ms
[109.064s][info][gc,phases      ] GC(281)   Other: 0.1ms
[109.064s][info][gc,heap        ] GC(281) Eden regions: 43->0(43)
[109.064s][info][gc,heap        ] GC(281) Survivor regions: 1->1(6)
[109.064s][info][gc,heap        ] GC(281) Old regions: 7->7
[109.064s][info][gc,heap        ] GC(281) Archive regions: 0->0
[109.064s][info][gc,heap        ] GC(281) Humongous regions: 0->0
[109.064s][info][gc,metaspace   ] GC(281) Metaspace: 14341K(15168K)->14341K(15168K) NonClass: 12379K(12864K)->12379K(12864K) Class: 1962K(2304K)->1962K(2304K)
[109.064s][info][gc             ] GC(281) Pause Young (Normal) (G1 Evacuation Pause) 696M->8M(1184M) 3.847ms
[109.064s][info][gc,cpu         ] GC(281) User=0.05s Sys=0.00s Real=0.00s
[109.492s][info][gc,start       ] GC(282) Pause Young (Normal) (G1 Evacuation Pause)
[109.492s][info][gc,task        ] GC(282) Using 33 workers of 33 for evacuation
[109.495s][info][gc,phases      ] GC(282)   Pre Evacuate Collection Set: 0.1ms
[109.495s][info][gc,phases      ] GC(282)   Merge Heap Roots: 0.2ms
[109.495s][info][gc,phases      ] GC(282)   Evacuate Collection Set: 0.5ms
[109.495s][info][gc,phases      ] GC(282)   Post Evacuate Collection Set: 2.9ms
[109.496s][info][gc,phases      ] GC(282)   Other: 0.1ms
[109.496s][info][gc,heap        ] GC(282) Eden regions: 43->0(43)
[109.496s][info][gc,heap        ] GC(282) Survivor regions: 1->1(6)
[109.496s][info][gc,heap        ] GC(282) Old regions: 7->7
[109.496s][info][gc,heap        ] GC(282) Archive regions: 0->0
[109.496s][info][gc,heap        ] GC(282) Humongous regions: 0->0
[109.496s][info][gc,metaspace   ] GC(282) Metaspace: 14341K(15168K)->14341K(15168K) NonClass: 12379K(12864K)->12379K(12864K) Class: 1962K(2304K)->1962K(2304K)
[109.496s][info][gc             ] GC(282) Pause Young (Normal) (G1 Evacuation Pause) 696M->8M(1184M) 4.018ms
[109.496s][info][gc,cpu         ] GC(282) User=0.00s Sys=0.00s Real=0.00s
[109.923s][info][gc,start       ] GC(283) Pause Young (Normal) (G1 Evacuation Pause)
[109.923s][info][gc,task        ] GC(283) Using 33 workers of 33 for evacuation
[109.927s][info][gc,phases      ] GC(283)   Pre Evacuate Collection Set: 0.1ms
[109.927s][info][gc,phases      ] GC(283)   Merge Heap Roots: 0.1ms
[109.927s][info][gc,phases      ] GC(283)   Evacuate Collection Set: 0.4ms
[109.927s][info][gc,phases      ] GC(283)   Post Evacuate Collection Set: 3.0ms
[109.927s][info][gc,phases      ] GC(283)   Other: 0.1ms
[109.927s][info][gc,heap        ] GC(283) Eden regions: 43->0(43)
[109.927s][info][gc,heap        ] GC(283) Survivor regions: 1->1(6)
[109.927s][info][gc,heap        ] GC(283) Old regions: 7->7
[109.927s][info][gc,heap        ] GC(283) Archive regions: 0->0
[109.927s][info][gc,heap        ] GC(283) Humongous regions: 0->0
[109.927s][info][gc,metaspace   ] GC(283) Metaspace: 14341K(15168K)->14341K(15168K) NonClass: 12379K(12864K)->12379K(12864K) Class: 1962K(2304K)->1962K(2304K)
[109.927s][info][gc             ] GC(283) Pause Young (Normal) (G1 Evacuation Pause) 696M->8M(1184M) 3.971ms
[109.927s][info][gc,cpu         ] GC(283) User=0.00s Sys=0.00s Real=0.00s
[110.361s][info][gc,start       ] GC(284) Pause Young (Normal) (G1 Evacuation Pause)
[110.361s][info][gc,task        ] GC(284) Using 33 workers of 33 for evacuation
[110.365s][info][gc,phases      ] GC(284)   Pre Evacuate Collection Set: 0.1ms
[110.365s][info][gc,phases      ] GC(284)   Merge Heap Roots: 0.2ms
[110.365s][info][gc,phases      ] GC(284)   Evacuate Collection Set: 0.4ms
[110.365s][info][gc,phases      ] GC(284)   Post Evacuate Collection Set: 2.9ms
[110.365s][info][gc,phases      ] GC(284)   Other: 0.1ms
[110.365s][info][gc,heap        ] GC(284) Eden regions: 43->0(43)
[110.365s][info][gc,heap        ] GC(284) Survivor regions: 1->1(6)
[110.365s][info][gc,heap        ] GC(284) Old regions: 7->7
[110.365s][info][gc,heap        ] GC(284) Archive regions: 0->0
[110.365s][info][gc,heap        ] GC(284) Humongous regions: 0->0
[110.365s][info][gc,metaspace   ] GC(284) Metaspace: 14341K(15168K)->14341K(15168K) NonClass: 12379K(12864K)->12379K(12864K) Class: 1962K(2304K)->1962K(2304K)
[110.365s][info][gc             ] GC(284) Pause Young (Normal) (G1 Evacuation Pause) 696M->8M(1184M) 3.897ms
[110.365s][info][gc,cpu         ] GC(284) User=0.00s Sys=0.00s Real=0.00s
[110.817s][info][gc,start       ] GC(285) Pause Young (Normal) (G1 Evacuation Pause)
[110.817s][info][gc,task        ] GC(285) Using 33 workers of 33 for evacuation
[110.821s][info][gc,phases      ] GC(285)   Pre Evacuate Collection Set: 0.1ms
[110.821s][info][gc,phases      ] GC(285)   Merge Heap Roots: 0.1ms
[110.821s][info][gc,phases      ] GC(285)   Evacuate Collection Set: 0.5ms
[110.821s][info][gc,phases      ] GC(285)   Post Evacuate Collection Set: 2.6ms
[110.821s][info][gc,phases      ] GC(285)   Other: 0.1ms
[110.821s][info][gc,heap        ] GC(285) Eden regions: 43->0(43)
[110.821s][info][gc,heap        ] GC(285) Survivor regions: 1->1(6)
[110.821s][info][gc,heap        ] GC(285) Old regions: 7->7
[110.821s][info][gc,heap        ] GC(285) Archive regions: 0->0
[110.821s][info][gc,heap        ] GC(285) Humongous regions: 0->0
[110.821s][info][gc,metaspace   ] GC(285) Metaspace: 14341K(15168K)->14341K(15168K) NonClass: 12379K(12864K)->12379K(12864K) Class: 1962K(2304K)->1962K(2304K)
[110.821s][info][gc             ] GC(285) Pause Young (Normal) (G1 Evacuation Pause) 696M->8M(1184M) 3.621ms
[110.821s][info][gc,cpu         ] GC(285) User=0.00s Sys=0.00s Real=0.00s
[111.230s][info][gc,start       ] GC(286) Pause Young (Normal) (G1 Evacuation Pause)
[111.261s][info][gc,task        ] GC(286) Using 33 workers of 33 for evacuation
[111.266s][info][gc,phases      ] GC(286)   Pre Evacuate Collection Set: 0.2ms
[111.266s][info][gc,phases      ] GC(286)   Merge Heap Roots: 0.2ms
[111.266s][info][gc,phases      ] GC(286)   Evacuate Collection Set: 0.6ms
[111.266s][info][gc,phases      ] GC(286)   Post Evacuate Collection Set: 3.3ms
[111.266s][info][gc,phases      ] GC(286)   Other: 0.1ms
[111.266s][info][gc,heap        ] GC(286) Eden regions: 43->0(43)
[111.266s][info][gc,heap        ] GC(286) Survivor regions: 1->1(6)
[111.266s][info][gc,heap        ] GC(286) Old regions: 7->7
[111.266s][info][gc,heap        ] GC(286) Archive regions: 0->0
[111.266s][info][gc,heap        ] GC(286) Humongous regions: 0->0
[111.266s][info][gc,metaspace   ] GC(286) Metaspace: 14341K(15168K)->14341K(15168K) NonClass: 12379K(12864K)->12379K(12864K) Class: 1962K(2304K)->1962K(2304K)
[111.266s][info][gc             ] GC(286) Pause Young (Normal) (G1 Evacuation Pause) 696M->8M(1184M) 35.926ms
[111.266s][info][gc,cpu         ] GC(286) User=0.02s Sys=0.00s Real=0.03s
[111.462s][info][gc,start       ] GC(287) Pause Full (System.gc())
[111.462s][info][gc,task        ] GC(287) Using 6 workers of 33 for full compaction
[111.462s][info][gc,phases,start] GC(287) Phase 1: Mark live objects
[111.473s][info][gc,phases      ] GC(287) Phase 1: Mark live objects 11.190ms
[111.474s][info][gc,phases,start] GC(287) Phase 2: Prepare compaction
[111.475s][info][gc,phases      ] GC(287) Phase 2: Prepare compaction 1.358ms
[111.475s][info][gc,phases,start] GC(287) Phase 3: Adjust pointers
[111.482s][info][gc,phases      ] GC(287) Phase 3: Adjust pointers 7.472ms
[111.482s][info][gc,phases,start] GC(287) Phase 4: Compact heap
[111.484s][info][gc,phases      ] GC(287) Phase 4: Compact heap 1.272ms
[111.490s][info][gc,heap        ] GC(287) Eden regions: 24->0(12)
[111.490s][info][gc,heap        ] GC(287) Survivor regions: 1->0(6)
[111.490s][info][gc,heap        ] GC(287) Old regions: 7->6
[111.490s][info][gc,heap        ] GC(287) Archive regions: 0->0
[111.490s][info][gc,heap        ] GC(287) Humongous regions: 0->0
[111.490s][info][gc,metaspace   ] GC(287) Metaspace: 14341K(15168K)->14341K(15168K) NonClass: 12379K(12864K)->12379K(12864K) Class: 1962K(2304K)->1962K(2304K)
[111.490s][info][gc             ] GC(287) Pause Full (System.gc()) 392M->5M(320M) 28.167ms
[111.490s][info][gc,cpu         ] GC(287) User=0.09s Sys=0.00s Real=0.02s
[111.621s][info][gc,start       ] GC(288) Pause Young (Normal) (G1 Evacuation Pause)
[111.621s][info][gc,task        ] GC(288) Using 33 workers of 33 for evacuation
[111.624s][info][gc,phases      ] GC(288)   Pre Evacuate Collection Set: 0.1ms
[111.624s][info][gc,phases      ] GC(288)   Merge Heap Roots: 0.1ms
[111.624s][info][gc,phases      ] GC(288)   Evacuate Collection Set: 0.4ms
[111.624s][info][gc,phases      ] GC(288)   Post Evacuate Collection Set: 2.2ms
[111.624s][info][gc,phases      ] GC(288)   Other: 0.1ms
[111.624s][info][gc,heap        ] GC(288) Eden regions: 12->0(11)
[111.624s][info][gc,heap        ] GC(288) Survivor regions: 0->1(2)
[111.624s][info][gc,heap        ] GC(288) Old regions: 6->6
[111.624s][info][gc,heap        ] GC(288) Archive regions: 0->0
[111.624s][info][gc,heap        ] GC(288) Humongous regions: 0->0
[111.624s][info][gc,metaspace   ] GC(288) Metaspace: 14341K(15168K)->14341K(15168K) NonClass: 12379K(12864K)->12379K(12864K) Class: 1962K(2304K)->1962K(2304K)
[111.624s][info][gc             ] GC(288) Pause Young (Normal) (G1 Evacuation Pause) 197M->6M(320M) 3.187ms
[111.624s][info][gc,cpu         ] GC(288) User=0.00s Sys=0.00s Real=0.00s
[111.744s][info][gc,start       ] GC(289) Pause Young (Normal) (G1 Evacuation Pause)
[111.744s][info][gc,task        ] GC(289) Using 33 workers of 33 for evacuation
[111.750s][info][gc,phases      ] GC(289)   Pre Evacuate Collection Set: 0.1ms
[111.750s][info][gc,phases      ] GC(289)   Merge Heap Roots: 0.1ms
[111.750s][info][gc,phases      ] GC(289)   Evacuate Collection Set: 0.5ms
[111.750s][info][gc,phases      ] GC(289)   Post Evacuate Collection Set: 5.2ms
[111.750s][info][gc,phases      ] GC(289)   Other: 0.1ms
[111.750s][info][gc,heap        ] GC(289) Eden regions: 11->0(43)
[111.750s][info][gc,heap        ] GC(289) Survivor regions: 1->1(2)
[111.750s][info][gc,heap        ] GC(289) Old regions: 6->6
[111.750s][info][gc,heap        ] GC(289) Archive regions: 0->0
[111.750s][info][gc,heap        ] GC(289) Humongous regions: 0->0
[111.750s][info][gc,metaspace   ] GC(289) Metaspace: 14341K(15168K)->14341K(15168K) NonClass: 12379K(12864K)->12379K(12864K) Class: 1962K(2304K)->1962K(2304K)
[111.750s][info][gc             ] GC(289) Pause Young (Normal) (G1 Evacuation Pause) 182M->6M(1184M) 6.332ms
[111.750s][info][gc,cpu         ] GC(289) User=0.00s Sys=0.02s Real=0.02s
[112.167s][info][gc,start       ] GC(290) Pause Young (Normal) (G1 Evacuation Pause)
[112.167s][info][gc,task        ] GC(290) Using 33 workers of 33 for evacuation
[112.172s][info][gc,phases      ] GC(290)   Pre Evacuate Collection Set: 0.1ms
[112.172s][info][gc,phases      ] GC(290)   Merge Heap Roots: 0.1ms
[112.172s][info][gc,phases      ] GC(290)   Evacuate Collection Set: 1.8ms
[112.172s][info][gc,phases      ] GC(290)   Post Evacuate Collection Set: 2.9ms
[112.172s][info][gc,phases      ] GC(290)   Other: 0.1ms
[112.172s][info][gc,heap        ] GC(290) Eden regions: 43->0(43)
[112.172s][info][gc,heap        ] GC(290) Survivor regions: 1->1(6)
[112.172s][info][gc,heap        ] GC(290) Old regions: 6->6
[112.172s][info][gc,heap        ] GC(290) Archive regions: 0->0
[112.172s][info][gc,heap        ] GC(290) Humongous regions: 0->0
[112.172s][info][gc,metaspace   ] GC(290) Metaspace: 14341K(15168K)->14341K(15168K) NonClass: 12379K(12864K)->12379K(12864K) Class: 1962K(2304K)->1962K(2304K)
[112.172s][info][gc             ] GC(290) Pause Young (Normal) (G1 Evacuation Pause) 694M->6M(1184M) 5.238ms
[112.172s][info][gc,cpu         ] GC(290) User=0.00s Sys=0.00s Real=0.00s
[112.595s][info][gc,start       ] GC(291) Pause Young (Normal) (G1 Evacuation Pause)
[112.595s][info][gc,task        ] GC(291) Using 33 workers of 33 for evacuation
[112.600s][info][gc,phases      ] GC(291)   Pre Evacuate Collection Set: 0.1ms
[112.600s][info][gc,phases      ] GC(291)   Merge Heap Roots: 0.1ms
[112.600s][info][gc,phases      ] GC(291)   Evacuate Collection Set: 2.0ms
[112.600s][info][gc,phases      ] GC(291)   Post Evacuate Collection Set: 3.0ms
[112.600s][info][gc,phases      ] GC(291)   Other: 0.1ms
[112.600s][info][gc,heap        ] GC(291) Eden regions: 43->0(43)
[112.600s][info][gc,heap        ] GC(291) Survivor regions: 1->1(6)
[112.600s][info][gc,heap        ] GC(291) Old regions: 6->6
[112.600s][info][gc,heap        ] GC(291) Archive regions: 0->0
[112.600s][info][gc,heap        ] GC(291) Humongous regions: 0->0
[112.600s][info][gc,metaspace   ] GC(291) Metaspace: 14341K(15168K)->14341K(15168K) NonClass: 12379K(12864K)->12379K(12864K) Class: 1962K(2304K)->1962K(2304K)
[112.600s][info][gc             ] GC(291) Pause Young (Normal) (G1 Evacuation Pause) 694M->6M(1184M) 5.502ms
[112.600s][info][gc,cpu         ] GC(291) User=0.00s Sys=0.00s Real=0.00s
[113.059s][info][gc,start       ] GC(292) Pause Young (Normal) (G1 Evacuation Pause)
[113.059s][info][gc,task        ] GC(292) Using 33 workers of 33 for evacuation
[113.065s][info][gc,phases      ] GC(292)   Pre Evacuate Collection Set: 0.2ms
[113.065s][info][gc,phases      ] GC(292)   Merge Heap Roots: 0.2ms
[113.065s][info][gc,phases      ] GC(292)   Evacuate Collection Set: 1.2ms
[113.065s][info][gc,phases      ] GC(292)   Post Evacuate Collection Set: 3.9ms
[113.065s][info][gc,phases      ] GC(292)   Other: 0.1ms
[113.065s][info][gc,heap        ] GC(292) Eden regions: 43->0(43)
[113.065s][info][gc,heap        ] GC(292) Survivor regions: 1->1(6)
[113.065s][info][gc,heap        ] GC(292) Old regions: 6->6
[113.065s][info][gc,heap        ] GC(292) Archive regions: 0->0
[113.065s][info][gc,heap        ] GC(292) Humongous regions: 0->0
[113.065s][info][gc,metaspace   ] GC(292) Metaspace: 14341K(15168K)->14341K(15168K) NonClass: 12379K(12864K)->12379K(12864K) Class: 1962K(2304K)->1962K(2304K)
[113.065s][info][gc             ] GC(292) Pause Young (Normal) (G1 Evacuation Pause) 694M->6M(1184M) 6.169ms
[113.065s][info][gc,cpu         ] GC(292) User=0.00s Sys=0.00s Real=0.00s
[113.503s][info][gc,start       ] GC(293) Pause Young (Normal) (G1 Evacuation Pause)
[113.503s][info][gc,task        ] GC(293) Using 33 workers of 33 for evacuation
[113.507s][info][gc,phases      ] GC(293)   Pre Evacuate Collection Set: 0.1ms
[113.507s][info][gc,phases      ] GC(293)   Merge Heap Roots: 0.1ms
[113.507s][info][gc,phases      ] GC(293)   Evacuate Collection Set: 0.5ms
[113.507s][info][gc,phases      ] GC(293)   Post Evacuate Collection Set: 3.3ms
[113.507s][info][gc,phases      ] GC(293)   Other: 0.1ms
[113.507s][info][gc,heap        ] GC(293) Eden regions: 43->0(52)
[113.507s][info][gc,heap        ] GC(293) Survivor regions: 1->1(6)
[113.507s][info][gc,heap        ] GC(293) Old regions: 6->6
[113.507s][info][gc,heap        ] GC(293) Archive regions: 0->0
[113.507s][info][gc,heap        ] GC(293) Humongous regions: 0->0
[113.507s][info][gc,metaspace   ] GC(293) Metaspace: 14341K(15168K)->14341K(15168K) NonClass: 12379K(12864K)->12379K(12864K) Class: 1962K(2304K)->1962K(2304K)
[113.508s][info][gc             ] GC(293) Pause Young (Normal) (G1 Evacuation Pause) 694M->7M(1424M) 4.386ms
[113.508s][info][gc,cpu         ] GC(293) User=0.00s Sys=0.00s Real=0.00s
[114.010s][info][gc,start       ] GC(294) Pause Young (Normal) (G1 Evacuation Pause)
[114.010s][info][gc,task        ] GC(294) Using 33 workers of 33 for evacuation
[114.014s][info][gc,phases      ] GC(294)   Pre Evacuate Collection Set: 0.1ms
[114.014s][info][gc,phases      ] GC(294)   Merge Heap Roots: 0.1ms
[114.014s][info][gc,phases      ] GC(294)   Evacuate Collection Set: 0.5ms
[114.014s][info][gc,phases      ] GC(294)   Post Evacuate Collection Set: 3.1ms
[114.014s][info][gc,phases      ] GC(294)   Other: 0.1ms
[114.014s][info][gc,heap        ] GC(294) Eden regions: 52->0(52)
[114.014s][info][gc,heap        ] GC(294) Survivor regions: 1->1(7)
[114.014s][info][gc,heap        ] GC(294) Old regions: 6->6
[114.014s][info][gc,heap        ] GC(294) Archive regions: 0->0
[114.014s][info][gc,heap        ] GC(294) Humongous regions: 0->0
[114.014s][info][gc,metaspace   ] GC(294) Metaspace: 14341K(15168K)->14341K(15168K) NonClass: 12379K(12864K)->12379K(12864K) Class: 1962K(2304K)->1962K(2304K)
[114.014s][info][gc             ] GC(294) Pause Young (Normal) (G1 Evacuation Pause) 839M->7M(1424M) 4.090ms
[114.014s][info][gc,cpu         ] GC(294) User=0.00s Sys=0.00s Real=0.00s
[114.534s][info][gc,start       ] GC(295) Pause Young (Normal) (G1 Evacuation Pause)
[114.534s][info][gc,task        ] GC(295) Using 33 workers of 33 for evacuation
[114.538s][info][gc,phases      ] GC(295)   Pre Evacuate Collection Set: 0.1ms
[114.538s][info][gc,phases      ] GC(295)   Merge Heap Roots: 0.1ms
[114.538s][info][gc,phases      ] GC(295)   Evacuate Collection Set: 0.5ms
[114.538s][info][gc,phases      ] GC(295)   Post Evacuate Collection Set: 2.9ms
[114.538s][info][gc,phases      ] GC(295)   Other: 0.1ms
[114.538s][info][gc,heap        ] GC(295) Eden regions: 52->0(52)
[114.538s][info][gc,heap        ] GC(295) Survivor regions: 1->1(7)
[114.538s][info][gc,heap        ] GC(295) Old regions: 6->6
[114.538s][info][gc,heap        ] GC(295) Archive regions: 0->0
[114.538s][info][gc,heap        ] GC(295) Humongous regions: 0->0
[114.538s][info][gc,metaspace   ] GC(295) Metaspace: 14341K(15168K)->14341K(15168K) NonClass: 12379K(12864K)->12379K(12864K) Class: 1962K(2304K)->1962K(2304K)
[114.538s][info][gc             ] GC(295) Pause Young (Normal) (G1 Evacuation Pause) 839M->7M(1424M) 3.981ms
[114.538s][info][gc,cpu         ] GC(295) User=0.00s Sys=0.00s Real=0.00s
[115.051s][info][gc,start       ] GC(296) Pause Young (Normal) (G1 Evacuation Pause)
[115.051s][info][gc,task        ] GC(296) Using 33 workers of 33 for evacuation
[115.055s][info][gc,phases      ] GC(296)   Pre Evacuate Collection Set: 0.1ms
[115.055s][info][gc,phases      ] GC(296)   Merge Heap Roots: 0.1ms
[115.055s][info][gc,phases      ] GC(296)   Evacuate Collection Set: 0.5ms
[115.055s][info][gc,phases      ] GC(296)   Post Evacuate Collection Set: 3.1ms
[115.055s][info][gc,phases      ] GC(296)   Other: 0.1ms
[115.055s][info][gc,heap        ] GC(296) Eden regions: 52->0(52)
[115.055s][info][gc,heap        ] GC(296) Survivor regions: 1->1(7)
[115.055s][info][gc,heap        ] GC(296) Old regions: 6->6
[115.055s][info][gc,heap        ] GC(296) Archive regions: 0->0
[115.055s][info][gc,heap        ] GC(296) Humongous regions: 0->0
[115.055s][info][gc,metaspace   ] GC(296) Metaspace: 14341K(15168K)->14341K(15168K) NonClass: 12379K(12864K)->12379K(12864K) Class: 1962K(2304K)->1962K(2304K)
[115.055s][info][gc             ] GC(296) Pause Young (Normal) (G1 Evacuation Pause) 839M->7M(1424M) 4.133ms
[115.055s][info][gc,cpu         ] GC(296) User=0.00s Sys=0.00s Real=0.00s
[115.564s][info][gc,start       ] GC(297) Pause Young (Normal) (G1 Evacuation Pause)
[115.565s][info][gc,task        ] GC(297) Using 33 workers of 33 for evacuation
[115.568s][info][gc,phases      ] GC(297)   Pre Evacuate Collection Set: 0.1ms
[115.569s][info][gc,phases      ] GC(297)   Merge Heap Roots: 0.1ms
[115.569s][info][gc,phases      ] GC(297)   Evacuate Collection Set: 0.5ms
[115.569s][info][gc,phases      ] GC(297)   Post Evacuate Collection Set: 3.1ms
[115.569s][info][gc,phases      ] GC(297)   Other: 0.1ms
[115.569s][info][gc,heap        ] GC(297) Eden regions: 52->0(52)
[115.569s][info][gc,heap        ] GC(297) Survivor regions: 1->1(7)
[115.569s][info][gc,heap        ] GC(297) Old regions: 6->6
[115.569s][info][gc,heap        ] GC(297) Archive regions: 0->0
[115.569s][info][gc,heap        ] GC(297) Humongous regions: 0->0
[115.569s][info][gc,metaspace   ] GC(297) Metaspace: 14341K(15168K)->14341K(15168K) NonClass: 12379K(12864K)->12379K(12864K) Class: 1962K(2304K)->1962K(2304K)
[115.569s][info][gc             ] GC(297) Pause Young (Normal) (G1 Evacuation Pause) 839M->7M(1424M) 4.200ms
[115.569s][info][gc,cpu         ] GC(297) User=0.00s Sys=0.00s Real=0.01s
[116.086s][info][gc,start       ] GC(298) Pause Young (Normal) (G1 Evacuation Pause)
[116.086s][info][gc,task        ] GC(298) Using 33 workers of 33 for evacuation
[116.090s][info][gc,phases      ] GC(298)   Pre Evacuate Collection Set: 0.1ms
[116.090s][info][gc,phases      ] GC(298)   Merge Heap Roots: 0.1ms
[116.090s][info][gc,phases      ] GC(298)   Evacuate Collection Set: 0.5ms
[116.090s][info][gc,phases      ] GC(298)   Post Evacuate Collection Set: 3.1ms
[116.090s][info][gc,phases      ] GC(298)   Other: 0.1ms
[116.090s][info][gc,heap        ] GC(298) Eden regions: 52->0(52)
[116.090s][info][gc,heap        ] GC(298) Survivor regions: 1->1(7)
[116.090s][info][gc,heap        ] GC(298) Old regions: 6->6
[116.090s][info][gc,heap        ] GC(298) Archive regions: 0->0
[116.090s][info][gc,heap        ] GC(298) Humongous regions: 0->0
[116.090s][info][gc,metaspace   ] GC(298) Metaspace: 14341K(15168K)->14341K(15168K) NonClass: 12379K(12864K)->12379K(12864K) Class: 1962K(2304K)->1962K(2304K)
[116.090s][info][gc             ] GC(298) Pause Young (Normal) (G1 Evacuation Pause) 839M->7M(1424M) 4.152ms
[116.090s][info][gc,cpu         ] GC(298) User=0.00s Sys=0.00s Real=0.00s
[116.620s][info][gc,start       ] GC(299) Pause Young (Normal) (G1 Evacuation Pause)
[116.621s][info][gc,task        ] GC(299) Using 33 workers of 33 for evacuation
[116.624s][info][gc,phases      ] GC(299)   Pre Evacuate Collection Set: 0.1ms
[116.624s][info][gc,phases      ] GC(299)   Merge Heap Roots: 0.1ms
[116.624s][info][gc,phases      ] GC(299)   Evacuate Collection Set: 0.5ms
[116.624s][info][gc,phases      ] GC(299)   Post Evacuate Collection Set: 2.8ms
[116.624s][info][gc,phases      ] GC(299)   Other: 0.1ms
[116.624s][info][gc,heap        ] GC(299) Eden regions: 52->0(52)
[116.624s][info][gc,heap        ] GC(299) Survivor regions: 1->1(7)
[116.624s][info][gc,heap        ] GC(299) Old regions: 6->6
[116.624s][info][gc,heap        ] GC(299) Archive regions: 0->0
[116.624s][info][gc,heap        ] GC(299) Humongous regions: 0->0
[116.624s][info][gc,metaspace   ] GC(299) Metaspace: 14341K(15168K)->14341K(15168K) NonClass: 12379K(12864K)->12379K(12864K) Class: 1962K(2304K)->1962K(2304K)
[116.624s][info][gc             ] GC(299) Pause Young (Normal) (G1 Evacuation Pause) 839M->7M(1424M) 3.882ms
[116.624s][info][gc,cpu         ] GC(299) User=0.00s Sys=0.00s Real=0.00s
[117.124s][info][gc,start       ] GC(300) Pause Young (Normal) (G1 Evacuation Pause)
[117.124s][info][gc,task        ] GC(300) Using 33 workers of 33 for evacuation
[117.128s][info][gc,phases      ] GC(300)   Pre Evacuate Collection Set: 0.1ms
[117.128s][info][gc,phases      ] GC(300)   Merge Heap Roots: 0.1ms
[117.128s][info][gc,phases      ] GC(300)   Evacuate Collection Set: 0.5ms
[117.128s][info][gc,phases      ] GC(300)   Post Evacuate Collection Set: 2.9ms
[117.128s][info][gc,phases      ] GC(300)   Other: 0.1ms
[117.128s][info][gc,heap        ] GC(300) Eden regions: 52->0(52)
[117.128s][info][gc,heap        ] GC(300) Survivor regions: 1->1(7)
[117.128s][info][gc,heap        ] GC(300) Old regions: 6->6
[117.128s][info][gc,heap        ] GC(300) Archive regions: 0->0
[117.128s][info][gc,heap        ] GC(300) Humongous regions: 0->0
[117.128s][info][gc,metaspace   ] GC(300) Metaspace: 14341K(15168K)->14341K(15168K) NonClass: 12379K(12864K)->12379K(12864K) Class: 1962K(2304K)->1962K(2304K)
[117.128s][info][gc             ] GC(300) Pause Young (Normal) (G1 Evacuation Pause) 839M->7M(1424M) 3.956ms
[117.128s][info][gc,cpu         ] GC(300) User=0.52s Sys=0.00s Real=0.00s
[117.634s][info][gc,start       ] GC(301) Pause Young (Normal) (G1 Evacuation Pause)
[117.634s][info][gc,task        ] GC(301) Using 33 workers of 33 for evacuation
[117.638s][info][gc,phases      ] GC(301)   Pre Evacuate Collection Set: 0.1ms
[117.638s][info][gc,phases      ] GC(301)   Merge Heap Roots: 0.1ms
[117.638s][info][gc,phases      ] GC(301)   Evacuate Collection Set: 0.6ms
[117.638s][info][gc,phases      ] GC(301)   Post Evacuate Collection Set: 2.9ms
[117.638s][info][gc,phases      ] GC(301)   Other: 0.1ms
[117.638s][info][gc,heap        ] GC(301) Eden regions: 52->0(52)
[117.638s][info][gc,heap        ] GC(301) Survivor regions: 1->1(7)
[117.638s][info][gc,heap        ] GC(301) Old regions: 6->6
[117.638s][info][gc,heap        ] GC(301) Archive regions: 0->0
[117.638s][info][gc,heap        ] GC(301) Humongous regions: 0->0
[117.638s][info][gc,metaspace   ] GC(301) Metaspace: 14341K(15168K)->14341K(15168K) NonClass: 12379K(12864K)->12379K(12864K) Class: 1962K(2304K)->1962K(2304K)
[117.638s][info][gc             ] GC(301) Pause Young (Normal) (G1 Evacuation Pause) 839M->7M(1424M) 4.067ms
[117.638s][info][gc,cpu         ] GC(301) User=0.00s Sys=0.00s Real=0.00s
[118.147s][info][gc,start       ] GC(302) Pause Young (Normal) (G1 Evacuation Pause)
[118.147s][info][gc,task        ] GC(302) Using 33 workers of 33 for evacuation
[118.151s][info][gc,phases      ] GC(302)   Pre Evacuate Collection Set: 0.1ms
[118.151s][info][gc,phases      ] GC(302)   Merge Heap Roots: 0.1ms
[118.151s][info][gc,phases      ] GC(302)   Evacuate Collection Set: 0.6ms
[118.151s][info][gc,phases      ] GC(302)   Post Evacuate Collection Set: 3.1ms
[118.151s][info][gc,phases      ] GC(302)   Other: 0.1ms
[118.151s][info][gc,heap        ] GC(302) Eden regions: 52->0(52)
[118.151s][info][gc,heap        ] GC(302) Survivor regions: 1->1(7)
[118.151s][info][gc,heap        ] GC(302) Old regions: 6->6
[118.151s][info][gc,heap        ] GC(302) Archive regions: 0->0
[118.151s][info][gc,heap        ] GC(302) Humongous regions: 0->0
[118.151s][info][gc,metaspace   ] GC(302) Metaspace: 14341K(15168K)->14341K(15168K) NonClass: 12379K(12864K)->12379K(12864K) Class: 1962K(2304K)->1962K(2304K)
[118.151s][info][gc             ] GC(302) Pause Young (Normal) (G1 Evacuation Pause) 839M->7M(1424M) 4.229ms
[118.151s][info][gc,cpu         ] GC(302) User=0.00s Sys=0.00s Real=0.00s
[118.800s][info][gc,start       ] GC(303) Pause Young (Normal) (G1 Evacuation Pause)
[118.800s][info][gc,task        ] GC(303) Using 33 workers of 33 for evacuation
[118.805s][info][gc,phases      ] GC(303)   Pre Evacuate Collection Set: 0.2ms
[118.805s][info][gc,phases      ] GC(303)   Merge Heap Roots: 0.2ms
[118.805s][info][gc,phases      ] GC(303)   Evacuate Collection Set: 0.9ms
[118.805s][info][gc,phases      ] GC(303)   Post Evacuate Collection Set: 4.0ms
[118.805s][info][gc,phases      ] GC(303)   Other: 0.1ms
[118.805s][info][gc,heap        ] GC(303) Eden regions: 52->0(52)
[118.805s][info][gc,heap        ] GC(303) Survivor regions: 1->1(7)
[118.805s][info][gc,heap        ] GC(303) Old regions: 6->7
[118.805s][info][gc,heap        ] GC(303) Archive regions: 0->0
[118.806s][info][gc,heap        ] GC(303) Humongous regions: 0->0
[118.806s][info][gc,metaspace   ] GC(303) Metaspace: 14341K(15168K)->14341K(15168K) NonClass: 12379K(12864K)->12379K(12864K) Class: 1962K(2304K)->1962K(2304K)
[118.806s][info][gc             ] GC(303) Pause Young (Normal) (G1 Evacuation Pause) 839M->7M(1424M) 6.061ms
[118.806s][info][gc,cpu         ] GC(303) User=0.00s Sys=0.00s Real=0.00s
[119.350s][info][gc,start       ] GC(304) Pause Young (Normal) (G1 Evacuation Pause)
[119.350s][info][gc,task        ] GC(304) Using 33 workers of 33 for evacuation
[119.353s][info][gc,phases      ] GC(304)   Pre Evacuate Collection Set: 0.1ms
[119.353s][info][gc,phases      ] GC(304)   Merge Heap Roots: 0.2ms
[119.353s][info][gc,phases      ] GC(304)   Evacuate Collection Set: 0.4ms
[119.353s][info][gc,phases      ] GC(304)   Post Evacuate Collection Set: 2.8ms
[119.353s][info][gc,phases      ] GC(304)   Other: 0.1ms
[119.354s][info][gc,heap        ] GC(304) Eden regions: 52->0(52)
[119.354s][info][gc,heap        ] GC(304) Survivor regions: 1->1(7)
[119.354s][info][gc,heap        ] GC(304) Old regions: 7->7
[119.354s][info][gc,heap        ] GC(304) Archive regions: 0->0
[119.354s][info][gc,heap        ] GC(304) Humongous regions: 0->0
[119.354s][info][gc,metaspace   ] GC(304) Metaspace: 14341K(15168K)->14341K(15168K) NonClass: 12379K(12864K)->12379K(12864K) Class: 1962K(2304K)->1962K(2304K)
[119.354s][info][gc             ] GC(304) Pause Young (Normal) (G1 Evacuation Pause) 839M->7M(1424M) 3.822ms
[119.354s][info][gc,cpu         ] GC(304) User=0.00s Sys=0.00s Real=0.00s
[119.884s][info][gc,start       ] GC(305) Pause Young (Normal) (G1 Evacuation Pause)
[119.885s][info][gc,task        ] GC(305) Using 33 workers of 33 for evacuation
[119.888s][info][gc,phases      ] GC(305)   Pre Evacuate Collection Set: 0.1ms
[119.888s][info][gc,phases      ] GC(305)   Merge Heap Roots: 0.1ms
[119.888s][info][gc,phases      ] GC(305)   Evacuate Collection Set: 0.4ms
[119.888s][info][gc,phases      ] GC(305)   Post Evacuate Collection Set: 2.8ms
[119.888s][info][gc,phases      ] GC(305)   Other: 0.1ms
[119.888s][info][gc,heap        ] GC(305) Eden regions: 52->0(52)
[119.888s][info][gc,heap        ] GC(305) Survivor regions: 1->1(7)
[119.888s][info][gc,heap        ] GC(305) Old regions: 7->7
[119.888s][info][gc,heap        ] GC(305) Archive regions: 0->0
[119.888s][info][gc,heap        ] GC(305) Humongous regions: 0->0
[119.888s][info][gc,metaspace   ] GC(305) Metaspace: 14341K(15168K)->14341K(15168K) NonClass: 12379K(12864K)->12379K(12864K) Class: 1962K(2304K)->1962K(2304K)
[119.888s][info][gc             ] GC(305) Pause Young (Normal) (G1 Evacuation Pause) 839M->8M(1424M) 3.806ms
[119.888s][info][gc,cpu         ] GC(305) User=0.00s Sys=0.00s Real=0.00s
[120.411s][info][gc,start       ] GC(306) Pause Young (Normal) (G1 Evacuation Pause)
[120.412s][info][gc,task        ] GC(306) Using 33 workers of 33 for evacuation
[120.415s][info][gc,phases      ] GC(306)   Pre Evacuate Collection Set: 0.1ms
[120.415s][info][gc,phases      ] GC(306)   Merge Heap Roots: 0.2ms
[120.415s][info][gc,phases      ] GC(306)   Evacuate Collection Set: 0.4ms
[120.415s][info][gc,phases      ] GC(306)   Post Evacuate Collection Set: 3.0ms
[120.415s][info][gc,phases      ] GC(306)   Other: 0.1ms
[120.415s][info][gc,heap        ] GC(306) Eden regions: 52->0(52)
[120.415s][info][gc,heap        ] GC(306) Survivor regions: 1->1(7)
[120.415s][info][gc,heap        ] GC(306) Old regions: 7->7
[120.415s][info][gc,heap        ] GC(306) Archive regions: 0->0
[120.415s][info][gc,heap        ] GC(306) Humongous regions: 0->0
[120.415s][info][gc,metaspace   ] GC(306) Metaspace: 14341K(15168K)->14341K(15168K) NonClass: 12379K(12864K)->12379K(12864K) Class: 1962K(2304K)->1962K(2304K)
[120.415s][info][gc             ] GC(306) Pause Young (Normal) (G1 Evacuation Pause) 840M->8M(1424M) 3.983ms
[120.415s][info][gc,cpu         ] GC(306) User=0.00s Sys=0.00s Real=0.00s
[120.936s][info][gc,start       ] GC(307) Pause Young (Normal) (G1 Evacuation Pause)
[120.936s][info][gc,task        ] GC(307) Using 33 workers of 33 for evacuation
[120.940s][info][gc,phases      ] GC(307)   Pre Evacuate Collection Set: 0.1ms
[120.940s][info][gc,phases      ] GC(307)   Merge Heap Roots: 0.2ms
[120.940s][info][gc,phases      ] GC(307)   Evacuate Collection Set: 0.4ms
[120.940s][info][gc,phases      ] GC(307)   Post Evacuate Collection Set: 3.1ms
[120.940s][info][gc,phases      ] GC(307)   Other: 0.1ms
[120.940s][info][gc,heap        ] GC(307) Eden regions: 52->0(52)
[120.940s][info][gc,heap        ] GC(307) Survivor regions: 1->1(7)
[120.940s][info][gc,heap        ] GC(307) Old regions: 7->7
[120.940s][info][gc,heap        ] GC(307) Archive regions: 0->0
[120.940s][info][gc,heap        ] GC(307) Humongous regions: 0->0
[120.940s][info][gc,metaspace   ] GC(307) Metaspace: 14341K(15168K)->14341K(15168K) NonClass: 12379K(12864K)->12379K(12864K) Class: 1962K(2304K)->1962K(2304K)
[120.940s][info][gc             ] GC(307) Pause Young (Normal) (G1 Evacuation Pause) 840M->8M(1424M) 4.056ms
[120.940s][info][gc,cpu         ] GC(307) User=0.52s Sys=0.00s Real=0.00s
[121.459s][info][gc,start       ] GC(308) Pause Young (Normal) (G1 Evacuation Pause)
[121.459s][info][gc,task        ] GC(308) Using 33 workers of 33 for evacuation
[121.463s][info][gc,phases      ] GC(308)   Pre Evacuate Collection Set: 0.1ms
[121.463s][info][gc,phases      ] GC(308)   Merge Heap Roots: 0.1ms
[121.463s][info][gc,phases      ] GC(308)   Evacuate Collection Set: 0.4ms
[121.463s][info][gc,phases      ] GC(308)   Post Evacuate Collection Set: 3.1ms
[121.463s][info][gc,phases      ] GC(308)   Other: 0.1ms
[121.463s][info][gc,heap        ] GC(308) Eden regions: 52->0(52)
[121.463s][info][gc,heap        ] GC(308) Survivor regions: 1->1(7)
[121.463s][info][gc,heap        ] GC(308) Old regions: 7->7
[121.463s][info][gc,heap        ] GC(308) Archive regions: 0->0
[121.463s][info][gc,heap        ] GC(308) Humongous regions: 0->0
[121.463s][info][gc,metaspace   ] GC(308) Metaspace: 14341K(15168K)->14341K(15168K) NonClass: 12379K(12864K)->12379K(12864K) Class: 1962K(2304K)->1962K(2304K)
[121.463s][info][gc             ] GC(308) Pause Young (Normal) (G1 Evacuation Pause) 840M->8M(1424M) 4.140ms
[121.463s][info][gc,cpu         ] GC(308) User=0.00s Sys=0.00s Real=0.00s
[121.989s][info][gc,start       ] GC(309) Pause Young (Normal) (G1 Evacuation Pause)
[121.989s][info][gc,task        ] GC(309) Using 33 workers of 33 for evacuation
[121.992s][info][gc,phases      ] GC(309)   Pre Evacuate Collection Set: 0.1ms
[121.992s][info][gc,phases      ] GC(309)   Merge Heap Roots: 0.2ms
[121.992s][info][gc,phases      ] GC(309)   Evacuate Collection Set: 0.4ms
[121.993s][info][gc,phases      ] GC(309)   Post Evacuate Collection Set: 3.0ms
[121.993s][info][gc,phases      ] GC(309)   Other: 0.1ms
[121.993s][info][gc,heap        ] GC(309) Eden regions: 52->0(52)
[121.993s][info][gc,heap        ] GC(309) Survivor regions: 1->1(7)
[121.993s][info][gc,heap        ] GC(309) Old regions: 7->7
[121.993s][info][gc,heap        ] GC(309) Archive regions: 0->0
[121.993s][info][gc,heap        ] GC(309) Humongous regions: 0->0
[121.993s][info][gc,metaspace   ] GC(309) Metaspace: 14341K(15168K)->14341K(15168K) NonClass: 12379K(12864K)->12379K(12864K) Class: 1962K(2304K)->1962K(2304K)
[121.993s][info][gc             ] GC(309) Pause Young (Normal) (G1 Evacuation Pause) 840M->8M(1424M) 3.999ms
[121.993s][info][gc,cpu         ] GC(309) User=0.00s Sys=0.00s Real=0.00s
[122.297s][info][gc,start       ] GC(310) Pause Full (System.gc())
[122.297s][info][gc,task        ] GC(310) Using 8 workers of 33 for full compaction
[122.298s][info][gc,phases,start] GC(310) Phase 1: Mark live objects
[122.307s][info][gc,phases      ] GC(310) Phase 1: Mark live objects 9.464ms
[122.307s][info][gc,phases,start] GC(310) Phase 2: Prepare compaction
[122.309s][info][gc,phases      ] GC(310) Phase 2: Prepare compaction 1.863ms
[122.309s][info][gc,phases,start] GC(310) Phase 3: Adjust pointers
[122.317s][info][gc,phases      ] GC(310) Phase 3: Adjust pointers 7.318ms
[122.331s][info][gc,phases,start] GC(310) Phase 4: Compact heap
[122.333s][info][gc,phases      ] GC(310) Phase 4: Compact heap 1.589ms
[122.340s][info][gc,heap        ] GC(310) Eden regions: 33->0(14)
[122.340s][info][gc,heap        ] GC(310) Survivor regions: 1->0(7)
[122.340s][info][gc,heap        ] GC(310) Old regions: 7->7
[122.340s][info][gc,heap        ] GC(310) Archive regions: 0->0
[122.340s][info][gc,heap        ] GC(310) Humongous regions: 0->0
[122.340s][info][gc,metaspace   ] GC(310) Metaspace: 14343K(15168K)->14343K(15168K) NonClass: 12380K(12864K)->12380K(12864K) Class: 1962K(2304K)->1962K(2304K)
[122.340s][info][gc             ] GC(310) Pause Full (System.gc()) 523M->5M(384M) 43.063ms
[122.340s][info][gc,cpu         ] GC(310) User=0.13s Sys=0.00s Real=0.03s
[122.492s][info][gc,start       ] GC(311) Pause Young (Normal) (G1 Evacuation Pause)
[122.492s][info][gc,task        ] GC(311) Using 33 workers of 33 for evacuation
[122.495s][info][gc,phases      ] GC(311)   Pre Evacuate Collection Set: 0.1ms
[122.495s][info][gc,phases      ] GC(311)   Merge Heap Roots: 0.1ms
[122.495s][info][gc,phases      ] GC(311)   Evacuate Collection Set: 0.4ms
[122.495s][info][gc,phases      ] GC(311)   Post Evacuate Collection Set: 2.0ms
[122.495s][info][gc,phases      ] GC(311)   Other: 0.1ms
[122.495s][info][gc,heap        ] GC(311) Eden regions: 14->0(13)
[122.495s][info][gc,heap        ] GC(311) Survivor regions: 0->1(2)
[122.495s][info][gc,heap        ] GC(311) Old regions: 7->7
[122.495s][info][gc,heap        ] GC(311) Archive regions: 0->0
[122.495s][info][gc,heap        ] GC(311) Humongous regions: 0->0
[122.495s][info][gc,metaspace   ] GC(311) Metaspace: 14346K(15168K)->14346K(15168K) NonClass: 12384K(12864K)->12384K(12864K) Class: 1962K(2304K)->1962K(2304K)
[122.495s][info][gc             ] GC(311) Pause Young (Normal) (G1 Evacuation Pause) 229M->6M(384M) 2.988ms
[122.495s][info][gc,cpu         ] GC(311) User=0.00s Sys=0.00s Real=0.00s
[122.631s][info][gc,start       ] GC(312) Pause Young (Normal) (G1 Evacuation Pause)
[122.631s][info][gc,task        ] GC(312) Using 33 workers of 33 for evacuation
[122.634s][info][gc,phases      ] GC(312)   Pre Evacuate Collection Set: 0.1ms
[122.634s][info][gc,phases      ] GC(312)   Merge Heap Roots: 0.1ms
[122.634s][info][gc,phases      ] GC(312)   Evacuate Collection Set: 0.5ms
[122.634s][info][gc,phases      ] GC(312)   Post Evacuate Collection Set: 2.0ms
[122.634s][info][gc,phases      ] GC(312)   Other: 0.1ms
[122.634s][info][gc,heap        ] GC(312) Eden regions: 13->0(13)
[122.634s][info][gc,heap        ] GC(312) Survivor regions: 1->1(2)
[122.634s][info][gc,heap        ] GC(312) Old regions: 7->7
[122.634s][info][gc,heap        ] GC(312) Archive regions: 0->0
[122.634s][info][gc,heap        ] GC(312) Humongous regions: 0->0
[122.634s][info][gc,metaspace   ] GC(312) Metaspace: 14346K(15168K)->14346K(15168K) NonClass: 12384K(12864K)->12384K(12864K) Class: 1962K(2304K)->1962K(2304K)
[122.634s][info][gc             ] GC(312) Pause Young (Normal) (G1 Evacuation Pause) 214M->6M(384M) 3.026ms
[122.634s][info][gc,cpu         ] GC(312) User=0.00s Sys=0.00s Real=0.00s
[122.763s][info][gc,start       ] GC(313) Pause Young (Normal) (G1 Evacuation Pause)
[122.763s][info][gc,task        ] GC(313) Using 33 workers of 33 for evacuation
[122.765s][info][gc,phases      ] GC(313)   Pre Evacuate Collection Set: 0.1ms
[122.765s][info][gc,phases      ] GC(313)   Merge Heap Roots: 0.1ms
[122.765s][info][gc,phases      ] GC(313)   Evacuate Collection Set: 0.5ms
[122.765s][info][gc,phases      ] GC(313)   Post Evacuate Collection Set: 2.0ms
[122.765s][info][gc,phases      ] GC(313)   Other: 0.1ms
[122.765s][info][gc,heap        ] GC(313) Eden regions: 13->0(13)
[122.766s][info][gc,heap        ] GC(313) Survivor regions: 1->1(2)
[122.766s][info][gc,heap        ] GC(313) Old regions: 7->7
[122.766s][info][gc,heap        ] GC(313) Archive regions: 0->0
[122.766s][info][gc,heap        ] GC(313) Humongous regions: 0->0
[122.766s][info][gc,metaspace   ] GC(313) Metaspace: 14346K(15168K)->14346K(15168K) NonClass: 12384K(12864K)->12384K(12864K) Class: 1962K(2304K)->1962K(2304K)
[122.766s][info][gc             ] GC(313) Pause Young (Normal) (G1 Evacuation Pause) 214M->6M(384M) 3.002ms
[122.766s][info][gc,cpu         ] GC(313) User=0.00s Sys=0.00s Real=0.00s
[122.895s][info][gc,start       ] GC(314) Pause Young (Normal) (G1 Evacuation Pause)
[122.895s][info][gc,task        ] GC(314) Using 33 workers of 33 for evacuation
[122.900s][info][gc,phases      ] GC(314)   Pre Evacuate Collection Set: 0.1ms
[122.900s][info][gc,phases      ] GC(314)   Merge Heap Roots: 0.1ms
[122.900s][info][gc,phases      ] GC(314)   Evacuate Collection Set: 0.5ms
[122.900s][info][gc,phases      ] GC(314)   Post Evacuate Collection Set: 4.3ms
[122.900s][info][gc,phases      ] GC(314)   Other: 0.1ms
[122.900s][info][gc,heap        ] GC(314) Eden regions: 13->0(44)
[122.900s][info][gc,heap        ] GC(314) Survivor regions: 1->1(2)
[122.900s][info][gc,heap        ] GC(314) Old regions: 7->7
[122.900s][info][gc,heap        ] GC(314) Archive regions: 0->0
[122.900s][info][gc,heap        ] GC(314) Humongous regions: 0->0
[122.900s][info][gc,metaspace   ] GC(314) Metaspace: 14346K(15168K)->14346K(15168K) NonClass: 12384K(12864K)->12384K(12864K) Class: 1962K(2304K)->1962K(2304K)
[122.900s][info][gc             ] GC(314) Pause Young (Normal) (G1 Evacuation Pause) 214M->6M(1216M) 5.286ms
[122.900s][info][gc,cpu         ] GC(314) User=0.00s Sys=0.00s Real=0.01s
[123.301s][info][gc,start       ] GC(315) Pause Young (Normal) (G1 Evacuation Pause)
[123.301s][info][gc,task        ] GC(315) Using 33 workers of 33 for evacuation
[123.306s][info][gc,phases      ] GC(315)   Pre Evacuate Collection Set: 0.1ms
[123.306s][info][gc,phases      ] GC(315)   Merge Heap Roots: 0.1ms
[123.306s][info][gc,phases      ] GC(315)   Evacuate Collection Set: 2.3ms
[123.306s][info][gc,phases      ] GC(315)   Post Evacuate Collection Set: 2.8ms
[123.306s][info][gc,phases      ] GC(315)   Other: 0.1ms
[123.306s][info][gc,heap        ] GC(315) Eden regions: 44->0(44)
[123.306s][info][gc,heap        ] GC(315) Survivor regions: 1->1(6)
[123.306s][info][gc,heap        ] GC(315) Old regions: 7->7
[123.306s][info][gc,heap        ] GC(315) Archive regions: 0->0
[123.306s][info][gc,heap        ] GC(315) Humongous regions: 0->0
[123.306s][info][gc,metaspace   ] GC(315) Metaspace: 14346K(15168K)->14346K(15168K) NonClass: 12384K(12864K)->12384K(12864K) Class: 1962K(2304K)->1962K(2304K)
[123.306s][info][gc             ] GC(315) Pause Young (Normal) (G1 Evacuation Pause) 710M->6M(1216M) 5.603ms
[123.306s][info][gc,cpu         ] GC(315) User=0.00s Sys=0.00s Real=0.01s
[123.738s][info][gc,start       ] GC(316) Pause Young (Normal) (G1 Evacuation Pause)
[123.738s][info][gc,task        ] GC(316) Using 33 workers of 33 for evacuation
[123.744s][info][gc,phases      ] GC(316)   Pre Evacuate Collection Set: 0.1ms
[123.744s][info][gc,phases      ] GC(316)   Merge Heap Roots: 0.1ms
[123.744s][info][gc,phases      ] GC(316)   Evacuate Collection Set: 2.1ms
[123.744s][info][gc,phases      ] GC(316)   Post Evacuate Collection Set: 2.9ms
[123.744s][info][gc,phases      ] GC(316)   Other: 0.1ms
[123.744s][info][gc,heap        ] GC(316) Eden regions: 44->0(44)
[123.744s][info][gc,heap        ] GC(316) Survivor regions: 1->1(6)
[123.744s][info][gc,heap        ] GC(316) Old regions: 7->7
[123.744s][info][gc,heap        ] GC(316) Archive regions: 0->0
[123.744s][info][gc,heap        ] GC(316) Humongous regions: 0->0
[123.744s][info][gc,metaspace   ] GC(316) Metaspace: 14346K(15168K)->14346K(15168K) NonClass: 12384K(12864K)->12384K(12864K) Class: 1962K(2304K)->1962K(2304K)
[123.744s][info][gc             ] GC(316) Pause Young (Normal) (G1 Evacuation Pause) 710M->6M(1216M) 5.569ms
[123.744s][info][gc,cpu         ] GC(316) User=0.00s Sys=0.00s Real=0.01s
[124.181s][info][gc,start       ] GC(317) Pause Young (Normal) (G1 Evacuation Pause)
[124.181s][info][gc,task        ] GC(317) Using 33 workers of 33 for evacuation
[124.185s][info][gc,phases      ] GC(317)   Pre Evacuate Collection Set: 0.1ms
[124.185s][info][gc,phases      ] GC(317)   Merge Heap Roots: 0.1ms
[124.185s][info][gc,phases      ] GC(317)   Evacuate Collection Set: 0.5ms
[124.185s][info][gc,phases      ] GC(317)   Post Evacuate Collection Set: 2.9ms
[124.185s][info][gc,phases      ] GC(317)   Other: 0.1ms
[124.185s][info][gc,heap        ] GC(317) Eden regions: 44->0(44)
[124.185s][info][gc,heap        ] GC(317) Survivor regions: 1->1(6)
[124.185s][info][gc,heap        ] GC(317) Old regions: 7->7
[124.185s][info][gc,heap        ] GC(317) Archive regions: 0->0
[124.185s][info][gc,heap        ] GC(317) Humongous regions: 0->0
[124.185s][info][gc,metaspace   ] GC(317) Metaspace: 14346K(15168K)->14346K(15168K) NonClass: 12384K(12864K)->12384K(12864K) Class: 1962K(2304K)->1962K(2304K)
[124.185s][info][gc             ] GC(317) Pause Young (Normal) (G1 Evacuation Pause) 710M->7M(1216M) 3.974ms
[124.185s][info][gc,cpu         ] GC(317) User=0.00s Sys=0.00s Real=0.00s
[124.617s][info][gc,start       ] GC(318) Pause Young (Normal) (G1 Evacuation Pause)
[124.617s][info][gc,task        ] GC(318) Using 33 workers of 33 for evacuation
[124.621s][info][gc,phases      ] GC(318)   Pre Evacuate Collection Set: 0.1ms
[124.621s][info][gc,phases      ] GC(318)   Merge Heap Roots: 0.1ms
[124.621s][info][gc,phases      ] GC(318)   Evacuate Collection Set: 0.6ms
[124.621s][info][gc,phases      ] GC(318)   Post Evacuate Collection Set: 2.9ms
[124.621s][info][gc,phases      ] GC(318)   Other: 0.1ms
[124.621s][info][gc,heap        ] GC(318) Eden regions: 44->0(44)
[124.621s][info][gc,heap        ] GC(318) Survivor regions: 1->1(6)
[124.621s][info][gc,heap        ] GC(318) Old regions: 7->7
[124.621s][info][gc,heap        ] GC(318) Archive regions: 0->0
[124.621s][info][gc,heap        ] GC(318) Humongous regions: 0->0
[124.621s][info][gc,metaspace   ] GC(318) Metaspace: 14346K(15168K)->14346K(15168K) NonClass: 12384K(12864K)->12384K(12864K) Class: 1962K(2304K)->1962K(2304K)
[124.621s][info][gc             ] GC(318) Pause Young (Normal) (G1 Evacuation Pause) 711M->7M(1216M) 4.078ms
[124.621s][info][gc,cpu         ] GC(318) User=0.00s Sys=0.00s Real=0.00s
[125.061s][info][gc,start       ] GC(319) Pause Young (Normal) (G1 Evacuation Pause)
[125.061s][info][gc,task        ] GC(319) Using 33 workers of 33 for evacuation
[125.065s][info][gc,phases      ] GC(319)   Pre Evacuate Collection Set: 0.1ms
[125.065s][info][gc,phases      ] GC(319)   Merge Heap Roots: 0.1ms
[125.065s][info][gc,phases      ] GC(319)   Evacuate Collection Set: 0.6ms
[125.065s][info][gc,phases      ] GC(319)   Post Evacuate Collection Set: 2.7ms
[125.065s][info][gc,phases      ] GC(319)   Other: 0.1ms
[125.065s][info][gc,heap        ] GC(319) Eden regions: 44->0(44)
[125.065s][info][gc,heap        ] GC(319) Survivor regions: 1->1(6)
[125.065s][info][gc,heap        ] GC(319) Old regions: 7->7
[125.065s][info][gc,heap        ] GC(319) Archive regions: 0->0
[125.065s][info][gc,heap        ] GC(319) Humongous regions: 0->0
[125.065s][info][gc,metaspace   ] GC(319) Metaspace: 14346K(15168K)->14346K(15168K) NonClass: 12384K(12864K)->12384K(12864K) Class: 1962K(2304K)->1962K(2304K)
[125.065s][info][gc             ] GC(319) Pause Young (Normal) (G1 Evacuation Pause) 711M->7M(1216M) 3.792ms
[125.065s][info][gc,cpu         ] GC(319) User=0.52s Sys=0.00s Real=0.00s
[125.507s][info][gc,start       ] GC(320) Pause Young (Normal) (G1 Evacuation Pause)
[125.507s][info][gc,task        ] GC(320) Using 33 workers of 33 for evacuation
[125.510s][info][gc,phases      ] GC(320)   Pre Evacuate Collection Set: 0.1ms
[125.510s][info][gc,phases      ] GC(320)   Merge Heap Roots: 0.1ms
[125.510s][info][gc,phases      ] GC(320)   Evacuate Collection Set: 0.6ms
[125.510s][info][gc,phases      ] GC(320)   Post Evacuate Collection Set: 2.6ms
[125.510s][info][gc,phases      ] GC(320)   Other: 0.1ms
[125.510s][info][gc,heap        ] GC(320) Eden regions: 44->0(44)
[125.510s][info][gc,heap        ] GC(320) Survivor regions: 1->1(6)
[125.510s][info][gc,heap        ] GC(320) Old regions: 7->7
[125.510s][info][gc,heap        ] GC(320) Archive regions: 0->0
[125.510s][info][gc,heap        ] GC(320) Humongous regions: 0->0
[125.510s][info][gc,metaspace   ] GC(320) Metaspace: 14346K(15168K)->14346K(15168K) NonClass: 12384K(12864K)->12384K(12864K) Class: 1962K(2304K)->1962K(2304K)
[125.510s][info][gc             ] GC(320) Pause Young (Normal) (G1 Evacuation Pause) 711M->7M(1216M) 3.691ms
[125.510s][info][gc,cpu         ] GC(320) User=0.00s Sys=0.00s Real=0.00s
[125.943s][info][gc,start       ] GC(321) Pause Young (Normal) (G1 Evacuation Pause)
[125.943s][info][gc,task        ] GC(321) Using 33 workers of 33 for evacuation
[125.947s][info][gc,phases      ] GC(321)   Pre Evacuate Collection Set: 0.1ms
[125.947s][info][gc,phases      ] GC(321)   Merge Heap Roots: 0.1ms
[125.947s][info][gc,phases      ] GC(321)   Evacuate Collection Set: 0.5ms
[125.947s][info][gc,phases      ] GC(321)   Post Evacuate Collection Set: 2.7ms
[125.947s][info][gc,phases      ] GC(321)   Other: 0.1ms
[125.947s][info][gc,heap        ] GC(321) Eden regions: 44->0(44)
[125.947s][info][gc,heap        ] GC(321) Survivor regions: 1->1(6)
[125.947s][info][gc,heap        ] GC(321) Old regions: 7->7
[125.947s][info][gc,heap        ] GC(321) Archive regions: 0->0
[125.947s][info][gc,heap        ] GC(321) Humongous regions: 0->0
[125.947s][info][gc,metaspace   ] GC(321) Metaspace: 14346K(15168K)->14346K(15168K) NonClass: 12384K(12864K)->12384K(12864K) Class: 1962K(2304K)->1962K(2304K)
[125.947s][info][gc             ] GC(321) Pause Young (Normal) (G1 Evacuation Pause) 711M->7M(1216M) 3.746ms
[125.947s][info][gc,cpu         ] GC(321) User=0.00s Sys=0.00s Real=0.00s
[126.383s][info][gc,start       ] GC(322) Pause Young (Normal) (G1 Evacuation Pause)
[126.383s][info][gc,task        ] GC(322) Using 33 workers of 33 for evacuation
[126.386s][info][gc,phases      ] GC(322)   Pre Evacuate Collection Set: 0.1ms
[126.386s][info][gc,phases      ] GC(322)   Merge Heap Roots: 0.1ms
[126.386s][info][gc,phases      ] GC(322)   Evacuate Collection Set: 0.5ms
[126.386s][info][gc,phases      ] GC(322)   Post Evacuate Collection Set: 2.8ms
[126.386s][info][gc,phases      ] GC(322)   Other: 0.1ms
[126.386s][info][gc,heap        ] GC(322) Eden regions: 44->0(44)
[126.386s][info][gc,heap        ] GC(322) Survivor regions: 1->1(6)
[126.386s][info][gc,heap        ] GC(322) Old regions: 7->7
[126.386s][info][gc,heap        ] GC(322) Archive regions: 0->0
[126.386s][info][gc,heap        ] GC(322) Humongous regions: 0->0
[126.386s][info][gc,metaspace   ] GC(322) Metaspace: 14346K(15168K)->14346K(15168K) NonClass: 12384K(12864K)->12384K(12864K) Class: 1962K(2304K)->1962K(2304K)
[126.387s][info][gc             ] GC(322) Pause Young (Normal) (G1 Evacuation Pause) 711M->7M(1216M) 3.895ms
[126.387s][info][gc,cpu         ] GC(322) User=0.00s Sys=0.00s Real=0.00s
[126.814s][info][gc,start       ] GC(323) Pause Young (Normal) (G1 Evacuation Pause)
[126.814s][info][gc,task        ] GC(323) Using 33 workers of 33 for evacuation
[126.818s][info][gc,phases      ] GC(323)   Pre Evacuate Collection Set: 0.1ms
[126.818s][info][gc,phases      ] GC(323)   Merge Heap Roots: 0.1ms
[126.818s][info][gc,phases      ] GC(323)   Evacuate Collection Set: 0.6ms
[126.818s][info][gc,phases      ] GC(323)   Post Evacuate Collection Set: 2.9ms
[126.818s][info][gc,phases      ] GC(323)   Other: 0.1ms
[126.818s][info][gc,heap        ] GC(323) Eden regions: 44->0(44)
[126.818s][info][gc,heap        ] GC(323) Survivor regions: 1->1(6)
[126.818s][info][gc,heap        ] GC(323) Old regions: 7->7
[126.818s][info][gc,heap        ] GC(323) Archive regions: 0->0
[126.818s][info][gc,heap        ] GC(323) Humongous regions: 0->0
[126.818s][info][gc,metaspace   ] GC(323) Metaspace: 14346K(15168K)->14346K(15168K) NonClass: 12384K(12864K)->12384K(12864K) Class: 1962K(2304K)->1962K(2304K)
[126.818s][info][gc             ] GC(323) Pause Young (Normal) (G1 Evacuation Pause) 711M->7M(1216M) 4.047ms
[126.818s][info][gc,cpu         ] GC(323) User=0.00s Sys=0.02s Real=0.01s
[127.392s][info][gc,start       ] GC(324) Pause Young (Normal) (G1 Evacuation Pause)
[127.392s][info][gc,task        ] GC(324) Using 33 workers of 33 for evacuation
[127.397s][info][gc,phases      ] GC(324)   Pre Evacuate Collection Set: 0.2ms
[127.397s][info][gc,phases      ] GC(324)   Merge Heap Roots: 0.2ms
[127.397s][info][gc,phases      ] GC(324)   Evacuate Collection Set: 1.2ms
[127.397s][info][gc,phases      ] GC(324)   Post Evacuate Collection Set: 3.8ms
[127.397s][info][gc,phases      ] GC(324)   Other: 0.1ms
[127.398s][info][gc,heap        ] GC(324) Eden regions: 44->0(44)
[127.398s][info][gc,heap        ] GC(324) Survivor regions: 1->1(6)
[127.398s][info][gc,heap        ] GC(324) Old regions: 7->7
[127.398s][info][gc,heap        ] GC(324) Archive regions: 0->0
[127.398s][info][gc,heap        ] GC(324) Humongous regions: 0->0
[127.398s][info][gc,metaspace   ] GC(324) Metaspace: 14346K(15168K)->14346K(15168K) NonClass: 12384K(12864K)->12384K(12864K) Class: 1962K(2304K)->1962K(2304K)
[127.398s][info][gc             ] GC(324) Pause Young (Normal) (G1 Evacuation Pause) 711M->7M(1216M) 6.009ms
[127.398s][info][gc,cpu         ] GC(324) User=0.00s Sys=0.00s Real=0.00s
[127.850s][info][gc,start       ] GC(325) Pause Young (Normal) (G1 Evacuation Pause)
[127.851s][info][gc,task        ] GC(325) Using 33 workers of 33 for evacuation
[127.854s][info][gc,phases      ] GC(325)   Pre Evacuate Collection Set: 0.1ms
[127.854s][info][gc,phases      ] GC(325)   Merge Heap Roots: 0.1ms
[127.854s][info][gc,phases      ] GC(325)   Evacuate Collection Set: 0.5ms
[127.854s][info][gc,phases      ] GC(325)   Post Evacuate Collection Set: 2.6ms
[127.854s][info][gc,phases      ] GC(325)   Other: 0.1ms
[127.854s][info][gc,heap        ] GC(325) Eden regions: 44->0(44)
[127.854s][info][gc,heap        ] GC(325) Survivor regions: 1->1(6)
[127.854s][info][gc,heap        ] GC(325) Old regions: 7->7
[127.854s][info][gc,heap        ] GC(325) Archive regions: 0->0
[127.854s][info][gc,heap        ] GC(325) Humongous regions: 0->0
[127.854s][info][gc,metaspace   ] GC(325) Metaspace: 14346K(15168K)->14346K(15168K) NonClass: 12384K(12864K)->12384K(12864K) Class: 1962K(2304K)->1962K(2304K)
[127.854s][info][gc             ] GC(325) Pause Young (Normal) (G1 Evacuation Pause) 711M->7M(1216M) 3.674ms
[127.854s][info][gc,cpu         ] GC(325) User=0.00s Sys=0.00s Real=0.00s
[128.286s][info][gc,start       ] GC(326) Pause Young (Normal) (G1 Evacuation Pause)
[128.286s][info][gc,task        ] GC(326) Using 33 workers of 33 for evacuation
[128.290s][info][gc,phases      ] GC(326)   Pre Evacuate Collection Set: 0.1ms
[128.290s][info][gc,phases      ] GC(326)   Merge Heap Roots: 0.1ms
[128.290s][info][gc,phases      ] GC(326)   Evacuate Collection Set: 0.6ms
[128.290s][info][gc,phases      ] GC(326)   Post Evacuate Collection Set: 2.9ms
[128.290s][info][gc,phases      ] GC(326)   Other: 0.1ms
[128.290s][info][gc,heap        ] GC(326) Eden regions: 44->0(44)
[128.290s][info][gc,heap        ] GC(326) Survivor regions: 1->1(6)
[128.290s][info][gc,heap        ] GC(326) Old regions: 7->8
[128.290s][info][gc,heap        ] GC(326) Archive regions: 0->0
[128.290s][info][gc,heap        ] GC(326) Humongous regions: 0->0
[128.290s][info][gc,metaspace   ] GC(326) Metaspace: 14346K(15168K)->14346K(15168K) NonClass: 12384K(12864K)->12384K(12864K) Class: 1962K(2304K)->1962K(2304K)
[128.290s][info][gc             ] GC(326) Pause Young (Normal) (G1 Evacuation Pause) 711M->7M(1216M) 4.047ms
[128.290s][info][gc,cpu         ] GC(326) User=0.00s Sys=0.00s Real=0.00s
[128.737s][info][gc,start       ] GC(327) Pause Young (Normal) (G1 Evacuation Pause)
[128.737s][info][gc,task        ] GC(327) Using 33 workers of 33 for evacuation
[128.740s][info][gc,phases      ] GC(327)   Pre Evacuate Collection Set: 0.1ms
[128.740s][info][gc,phases      ] GC(327)   Merge Heap Roots: 0.2ms
[128.740s][info][gc,phases      ] GC(327)   Evacuate Collection Set: 0.3ms
[128.740s][info][gc,phases      ] GC(327)   Post Evacuate Collection Set: 2.6ms
[128.740s][info][gc,phases      ] GC(327)   Other: 0.1ms
[128.740s][info][gc,heap        ] GC(327) Eden regions: 44->0(44)
[128.740s][info][gc,heap        ] GC(327) Survivor regions: 1->1(6)
[128.740s][info][gc,heap        ] GC(327) Old regions: 8->8
[128.740s][info][gc,heap        ] GC(327) Archive regions: 0->0
[128.740s][info][gc,heap        ] GC(327) Humongous regions: 0->0
[128.740s][info][gc,metaspace   ] GC(327) Metaspace: 14346K(15168K)->14346K(15168K) NonClass: 12384K(12864K)->12384K(12864K) Class: 1962K(2304K)->1962K(2304K)
[128.740s][info][gc             ] GC(327) Pause Young (Normal) (G1 Evacuation Pause) 711M->7M(1216M) 3.563ms
[128.740s][info][gc,cpu         ] GC(327) User=0.00s Sys=0.00s Real=0.00s
[129.180s][info][gc,start       ] GC(328) Pause Young (Normal) (G1 Evacuation Pause)
[129.180s][info][gc,task        ] GC(328) Using 33 workers of 33 for evacuation
[129.184s][info][gc,phases      ] GC(328)   Pre Evacuate Collection Set: 0.1ms
[129.184s][info][gc,phases      ] GC(328)   Merge Heap Roots: 0.1ms
[129.184s][info][gc,phases      ] GC(328)   Evacuate Collection Set: 0.4ms
[129.184s][info][gc,phases      ] GC(328)   Post Evacuate Collection Set: 2.7ms
[129.184s][info][gc,phases      ] GC(328)   Other: 0.1ms
[129.184s][info][gc,heap        ] GC(328) Eden regions: 44->0(44)
[129.184s][info][gc,heap        ] GC(328) Survivor regions: 1->1(6)
[129.184s][info][gc,heap        ] GC(328) Old regions: 8->8
[129.184s][info][gc,heap        ] GC(328) Archive regions: 0->0
[129.184s][info][gc,heap        ] GC(328) Humongous regions: 0->0
[129.184s][info][gc,metaspace   ] GC(328) Metaspace: 14346K(15168K)->14346K(15168K) NonClass: 12384K(12864K)->12384K(12864K) Class: 1962K(2304K)->1962K(2304K)
[129.184s][info][gc             ] GC(328) Pause Young (Normal) (G1 Evacuation Pause) 711M->7M(1216M) 3.791ms
[129.184s][info][gc,cpu         ] GC(328) User=0.00s Sys=0.00s Real=0.00s
[129.621s][info][gc,start       ] GC(329) Pause Young (Normal) (G1 Evacuation Pause)
[129.622s][info][gc,task        ] GC(329) Using 33 workers of 33 for evacuation
[129.625s][info][gc,phases      ] GC(329)   Pre Evacuate Collection Set: 0.1ms
[129.625s][info][gc,phases      ] GC(329)   Merge Heap Roots: 0.1ms
[129.625s][info][gc,phases      ] GC(329)   Evacuate Collection Set: 0.4ms
[129.625s][info][gc,phases      ] GC(329)   Post Evacuate Collection Set: 2.9ms
[129.625s][info][gc,phases      ] GC(329)   Other: 0.1ms
[129.625s][info][gc,heap        ] GC(329) Eden regions: 44->0(44)
[129.625s][info][gc,heap        ] GC(329) Survivor regions: 1->1(6)
[129.625s][info][gc,heap        ] GC(329) Old regions: 8->8
[129.625s][info][gc,heap        ] GC(329) Archive regions: 0->0
[129.625s][info][gc,heap        ] GC(329) Humongous regions: 0->0
[129.625s][info][gc,metaspace   ] GC(329) Metaspace: 14346K(15168K)->14346K(15168K) NonClass: 12384K(12864K)->12384K(12864K) Class: 1962K(2304K)->1962K(2304K)
[129.625s][info][gc             ] GC(329) Pause Young (Normal) (G1 Evacuation Pause) 711M->7M(1216M) 3.841ms
[129.625s][info][gc,cpu         ] GC(329) User=0.00s Sys=0.00s Real=0.00s
[130.062s][info][gc,start       ] GC(330) Pause Young (Normal) (G1 Evacuation Pause)
[130.062s][info][gc,task        ] GC(330) Using 33 workers of 33 for evacuation
[130.066s][info][gc,phases      ] GC(330)   Pre Evacuate Collection Set: 0.1ms
[130.066s][info][gc,phases      ] GC(330)   Merge Heap Roots: 0.1ms
[130.066s][info][gc,phases      ] GC(330)   Evacuate Collection Set: 0.4ms
[130.066s][info][gc,phases      ] GC(330)   Post Evacuate Collection Set: 3.0ms
[130.066s][info][gc,phases      ] GC(330)   Other: 0.1ms
[130.066s][info][gc,heap        ] GC(330) Eden regions: 44->0(44)
[130.066s][info][gc,heap        ] GC(330) Survivor regions: 1->1(6)
[130.066s][info][gc,heap        ] GC(330) Old regions: 8->8
[130.066s][info][gc,heap        ] GC(330) Archive regions: 0->0
[130.066s][info][gc,heap        ] GC(330) Humongous regions: 0->0
[130.066s][info][gc,metaspace   ] GC(330) Metaspace: 14346K(15168K)->14346K(15168K) NonClass: 12384K(12864K)->12384K(12864K) Class: 1962K(2304K)->1962K(2304K)
[130.066s][info][gc             ] GC(330) Pause Young (Normal) (G1 Evacuation Pause) 711M->7M(1216M) 3.916ms
[130.066s][info][gc,cpu         ] GC(330) User=0.52s Sys=0.00s Real=0.00s
[130.502s][info][gc,start       ] GC(331) Pause Young (Normal) (G1 Evacuation Pause)
[130.502s][info][gc,task        ] GC(331) Using 33 workers of 33 for evacuation
[130.506s][info][gc,phases      ] GC(331)   Pre Evacuate Collection Set: 0.1ms
[130.506s][info][gc,phases      ] GC(331)   Merge Heap Roots: 0.2ms
[130.506s][info][gc,phases      ] GC(331)   Evacuate Collection Set: 0.4ms
[130.506s][info][gc,phases      ] GC(331)   Post Evacuate Collection Set: 3.1ms
[130.506s][info][gc,phases      ] GC(331)   Other: 0.1ms
[130.506s][info][gc,heap        ] GC(331) Eden regions: 44->0(44)
[130.506s][info][gc,heap        ] GC(331) Survivor regions: 1->1(6)
[130.506s][info][gc,heap        ] GC(331) Old regions: 8->8
[130.506s][info][gc,heap        ] GC(331) Archive regions: 0->0
[130.506s][info][gc,heap        ] GC(331) Humongous regions: 0->0
[130.506s][info][gc,metaspace   ] GC(331) Metaspace: 14346K(15168K)->14346K(15168K) NonClass: 12384K(12864K)->12384K(12864K) Class: 1962K(2304K)->1962K(2304K)
[130.506s][info][gc             ] GC(331) Pause Young (Normal) (G1 Evacuation Pause) 711M->8M(1216M) 4.046ms
[130.506s][info][gc,cpu         ] GC(331) User=0.00s Sys=0.00s Real=0.00s
[130.946s][info][gc,start       ] GC(332) Pause Young (Normal) (G1 Evacuation Pause)
[130.946s][info][gc,task        ] GC(332) Using 33 workers of 33 for evacuation
[130.950s][info][gc,phases      ] GC(332)   Pre Evacuate Collection Set: 0.1ms
[130.950s][info][gc,phases      ] GC(332)   Merge Heap Roots: 0.1ms
[130.950s][info][gc,phases      ] GC(332)   Evacuate Collection Set: 0.4ms
[130.950s][info][gc,phases      ] GC(332)   Post Evacuate Collection Set: 3.1ms
[130.950s][info][gc,phases      ] GC(332)   Other: 0.1ms
[130.950s][info][gc,heap        ] GC(332) Eden regions: 44->0(44)
[130.950s][info][gc,heap        ] GC(332) Survivor regions: 1->1(6)
[130.950s][info][gc,heap        ] GC(332) Old regions: 8->8
[130.950s][info][gc,heap        ] GC(332) Archive regions: 0->0
[130.950s][info][gc,heap        ] GC(332) Humongous regions: 0->0
[130.950s][info][gc,metaspace   ] GC(332) Metaspace: 14346K(15168K)->14346K(15168K) NonClass: 12384K(12864K)->12384K(12864K) Class: 1962K(2304K)->1962K(2304K)
[130.950s][info][gc             ] GC(332) Pause Young (Normal) (G1 Evacuation Pause) 712M->8M(1216M) 4.062ms
[130.950s][info][gc,cpu         ] GC(332) User=0.00s Sys=0.00s Real=0.00s
[131.393s][info][gc,start       ] GC(333) Pause Young (Normal) (G1 Evacuation Pause)
[131.393s][info][gc,task        ] GC(333) Using 33 workers of 33 for evacuation
[131.397s][info][gc,phases      ] GC(333)   Pre Evacuate Collection Set: 0.1ms
[131.397s][info][gc,phases      ] GC(333)   Merge Heap Roots: 0.1ms
[131.397s][info][gc,phases      ] GC(333)   Evacuate Collection Set: 0.4ms
[131.397s][info][gc,phases      ] GC(333)   Post Evacuate Collection Set: 3.1ms
[131.397s][info][gc,phases      ] GC(333)   Other: 0.1ms
[131.397s][info][gc,heap        ] GC(333) Eden regions: 44->0(44)
[131.397s][info][gc,heap        ] GC(333) Survivor regions: 1->1(6)
[131.397s][info][gc,heap        ] GC(333) Old regions: 8->8
[131.397s][info][gc,heap        ] GC(333) Archive regions: 0->0
[131.397s][info][gc,heap        ] GC(333) Humongous regions: 0->0
[131.397s][info][gc,metaspace   ] GC(333) Metaspace: 14346K(15168K)->14346K(15168K) NonClass: 12384K(12864K)->12384K(12864K) Class: 1962K(2304K)->1962K(2304K)
[131.397s][info][gc             ] GC(333) Pause Young (Normal) (G1 Evacuation Pause) 712M->8M(1216M) 4.101ms
[131.397s][info][gc,cpu         ] GC(333) User=0.00s Sys=0.00s Real=0.00s
[131.848s][info][gc,start       ] GC(334) Pause Young (Normal) (G1 Evacuation Pause)
[131.849s][info][gc,task        ] GC(334) Using 33 workers of 33 for evacuation
[131.852s][info][gc,phases      ] GC(334)   Pre Evacuate Collection Set: 0.1ms
[131.852s][info][gc,phases      ] GC(334)   Merge Heap Roots: 0.1ms
[131.852s][info][gc,phases      ] GC(334)   Evacuate Collection Set: 0.4ms
[131.852s][info][gc,phases      ] GC(334)   Post Evacuate Collection Set: 2.8ms
[131.852s][info][gc,phases      ] GC(334)   Other: 0.1ms
[131.852s][info][gc,heap        ] GC(334) Eden regions: 44->0(44)
[131.852s][info][gc,heap        ] GC(334) Survivor regions: 1->1(6)
[131.852s][info][gc,heap        ] GC(334) Old regions: 8->8
[131.852s][info][gc,heap        ] GC(334) Archive regions: 0->0
[131.852s][info][gc,heap        ] GC(334) Humongous regions: 0->0
[131.852s][info][gc,metaspace   ] GC(334) Metaspace: 14346K(15168K)->14346K(15168K) NonClass: 12384K(12864K)->12384K(12864K) Class: 1962K(2304K)->1962K(2304K)
[131.852s][info][gc             ] GC(334) Pause Young (Normal) (G1 Evacuation Pause) 712M->8M(1216M) 3.815ms
[131.852s][info][gc,cpu         ] GC(334) User=0.00s Sys=0.00s Real=0.00s
[132.303s][info][gc,start       ] GC(335) Pause Young (Normal) (G1 Evacuation Pause)
[132.303s][info][gc,task        ] GC(335) Using 33 workers of 33 for evacuation
[132.306s][info][gc,phases      ] GC(335)   Pre Evacuate Collection Set: 0.1ms
[132.306s][info][gc,phases      ] GC(335)   Merge Heap Roots: 0.1ms
[132.306s][info][gc,phases      ] GC(335)   Evacuate Collection Set: 0.4ms
[132.306s][info][gc,phases      ] GC(335)   Post Evacuate Collection Set: 2.8ms
[132.306s][info][gc,phases      ] GC(335)   Other: 0.1ms
[132.306s][info][gc,heap        ] GC(335) Eden regions: 44->0(44)
[132.306s][info][gc,heap        ] GC(335) Survivor regions: 1->1(6)
[132.306s][info][gc,heap        ] GC(335) Old regions: 8->8
[132.306s][info][gc,heap        ] GC(335) Archive regions: 0->0
[132.306s][info][gc,heap        ] GC(335) Humongous regions: 0->0
[132.306s][info][gc,metaspace   ] GC(335) Metaspace: 14346K(15168K)->14346K(15168K) NonClass: 12384K(12864K)->12384K(12864K) Class: 1962K(2304K)->1962K(2304K)
[132.306s][info][gc             ] GC(335) Pause Young (Normal) (G1 Evacuation Pause) 712M->8M(1216M) 3.748ms
[132.306s][info][gc,cpu         ] GC(335) User=0.00s Sys=0.00s Real=0.00s
[132.739s][info][gc,start       ] GC(336) Pause Young (Normal) (G1 Evacuation Pause)
[132.739s][info][gc,task        ] GC(336) Using 33 workers of 33 for evacuation
[132.743s][info][gc,phases      ] GC(336)   Pre Evacuate Collection Set: 0.1ms
[132.743s][info][gc,phases      ] GC(336)   Merge Heap Roots: 0.1ms
[132.743s][info][gc,phases      ] GC(336)   Evacuate Collection Set: 0.4ms
[132.743s][info][gc,phases      ] GC(336)   Post Evacuate Collection Set: 2.9ms
[132.743s][info][gc,phases      ] GC(336)   Other: 0.2ms
[132.743s][info][gc,heap        ] GC(336) Eden regions: 44->0(44)
[132.743s][info][gc,heap        ] GC(336) Survivor regions: 1->1(6)
[132.743s][info][gc,heap        ] GC(336) Old regions: 8->8
[132.743s][info][gc,heap        ] GC(336) Archive regions: 0->0
[132.743s][info][gc,heap        ] GC(336) Humongous regions: 0->0
[132.743s][info][gc,metaspace   ] GC(336) Metaspace: 14346K(15168K)->14346K(15168K) NonClass: 12384K(12864K)->12384K(12864K) Class: 1962K(2304K)->1962K(2304K)
[132.743s][info][gc             ] GC(336) Pause Young (Normal) (G1 Evacuation Pause) 712M->8M(1216M) 3.950ms
[132.743s][info][gc,cpu         ] GC(336) User=0.00s Sys=0.00s Real=0.00s
[133.155s][info][gc,start       ] GC(337) Pause Full (System.gc())
[133.155s][info][gc,task        ] GC(337) Using 6 workers of 33 for full compaction
[133.156s][info][gc,phases,start] GC(337) Phase 1: Mark live objects
[133.172s][info][gc,phases      ] GC(337) Phase 1: Mark live objects 16.185ms
[133.172s][info][gc,phases,start] GC(337) Phase 2: Prepare compaction
[133.174s][info][gc,phases      ] GC(337) Phase 2: Prepare compaction 1.878ms
[133.174s][info][gc,phases,start] GC(337) Phase 3: Adjust pointers
[133.180s][info][gc,phases      ] GC(337) Phase 3: Adjust pointers 6.404ms
[133.180s][info][gc,phases,start] GC(337) Phase 4: Compact heap
[133.182s][info][gc,phases      ] GC(337) Phase 4: Compact heap 1.237ms
[133.186s][info][gc,heap        ] GC(337) Eden regions: 42->0(12)
[133.186s][info][gc,heap        ] GC(337) Survivor regions: 1->0(6)
[133.186s][info][gc,heap        ] GC(337) Old regions: 8->6
[133.186s][info][gc,heap        ] GC(337) Archive regions: 0->0
[133.186s][info][gc,heap        ] GC(337) Humongous regions: 0->0
[133.186s][info][gc,metaspace   ] GC(337) Metaspace: 14346K(15168K)->14346K(15168K) NonClass: 12384K(12864K)->12384K(12864K) Class: 1962K(2304K)->1962K(2304K)
[133.186s][info][gc             ] GC(337) Pause Full (System.gc()) 674M->5M(320M) 31.071ms
[133.186s][info][gc,cpu         ] GC(337) User=0.05s Sys=0.48s Real=0.03s
[133.320s][info][gc,start       ] GC(338) Pause Young (Normal) (G1 Evacuation Pause)
[133.320s][info][gc,task        ] GC(338) Using 33 workers of 33 for evacuation
[133.324s][info][gc,phases      ] GC(338)   Pre Evacuate Collection Set: 0.1ms
[133.324s][info][gc,phases      ] GC(338)   Merge Heap Roots: 0.1ms
[133.324s][info][gc,phases      ] GC(338)   Evacuate Collection Set: 0.5ms
[133.324s][info][gc,phases      ] GC(338)   Post Evacuate Collection Set: 2.6ms
[133.324s][info][gc,phases      ] GC(338)   Other: 0.1ms
[133.324s][info][gc,heap        ] GC(338) Eden regions: 12->0(11)
[133.324s][info][gc,heap        ] GC(338) Survivor regions: 0->1(2)
[133.324s][info][gc,heap        ] GC(338) Old regions: 6->6
[133.324s][info][gc,heap        ] GC(338) Archive regions: 0->0
[133.324s][info][gc,heap        ] GC(338) Humongous regions: 0->0
[133.324s][info][gc,metaspace   ] GC(338) Metaspace: 14346K(15168K)->14346K(15168K) NonClass: 12384K(12864K)->12384K(12864K) Class: 1962K(2304K)->1962K(2304K)
[133.324s][info][gc             ] GC(338) Pause Young (Normal) (G1 Evacuation Pause) 197M->6M(320M) 3.660ms
[133.324s][info][gc,cpu         ] GC(338) User=0.00s Sys=0.00s Real=0.00s
[133.443s][info][gc,start       ] GC(339) Pause Young (Normal) (G1 Evacuation Pause)
[133.443s][info][gc,task        ] GC(339) Using 33 workers of 33 for evacuation
[133.446s][info][gc,phases      ] GC(339)   Pre Evacuate Collection Set: 0.1ms
[133.446s][info][gc,phases      ] GC(339)   Merge Heap Roots: 0.1ms
[133.446s][info][gc,phases      ] GC(339)   Evacuate Collection Set: 0.5ms
[133.446s][info][gc,phases      ] GC(339)   Post Evacuate Collection Set: 2.5ms
[133.446s][info][gc,phases      ] GC(339)   Other: 0.1ms
[133.446s][info][gc,heap        ] GC(339) Eden regions: 11->0(11)
[133.446s][info][gc,heap        ] GC(339) Survivor regions: 1->1(2)
[133.446s][info][gc,heap        ] GC(339) Old regions: 6->6
[133.446s][info][gc,heap        ] GC(339) Archive regions: 0->0
[133.446s][info][gc,heap        ] GC(339) Humongous regions: 0->0
[133.446s][info][gc,metaspace   ] GC(339) Metaspace: 14346K(15168K)->14346K(15168K) NonClass: 12384K(12864K)->12384K(12864K) Class: 1962K(2304K)->1962K(2304K)
[133.446s][info][gc             ] GC(339) Pause Young (Normal) (G1 Evacuation Pause) 182M->6M(320M) 3.433ms
[133.446s][info][gc,cpu         ] GC(339) User=0.00s Sys=0.00s Real=0.00s
[133.570s][info][gc,start       ] GC(340) Pause Young (Normal) (G1 Evacuation Pause)
[133.570s][info][gc,task        ] GC(340) Using 33 workers of 33 for evacuation
[133.573s][info][gc,phases      ] GC(340)   Pre Evacuate Collection Set: 0.1ms
[133.573s][info][gc,phases      ] GC(340)   Merge Heap Roots: 0.1ms
[133.573s][info][gc,phases      ] GC(340)   Evacuate Collection Set: 0.5ms
[133.573s][info][gc,phases      ] GC(340)   Post Evacuate Collection Set: 2.5ms
[133.573s][info][gc,phases      ] GC(340)   Other: 0.1ms
[133.573s][info][gc,heap        ] GC(340) Eden regions: 11->0(11)
[133.573s][info][gc,heap        ] GC(340) Survivor regions: 1->1(2)
[133.573s][info][gc,heap        ] GC(340) Old regions: 6->6
[133.573s][info][gc,heap        ] GC(340) Archive regions: 0->0
[133.573s][info][gc,heap        ] GC(340) Humongous regions: 0->0
[133.573s][info][gc,metaspace   ] GC(340) Metaspace: 14346K(15168K)->14346K(15168K) NonClass: 12384K(12864K)->12384K(12864K) Class: 1962K(2304K)->1962K(2304K)
[133.573s][info][gc             ] GC(340) Pause Young (Normal) (G1 Evacuation Pause) 182M->6M(320M) 3.482ms
[133.573s][info][gc,cpu         ] GC(340) User=0.00s Sys=0.00s Real=0.00s
[133.679s][info][gc,start       ] GC(341) Pause Young (Normal) (G1 Evacuation Pause)
[133.680s][info][gc,task        ] GC(341) Using 33 workers of 33 for evacuation
[133.685s][info][gc,phases      ] GC(341)   Pre Evacuate Collection Set: 0.1ms
[133.685s][info][gc,phases      ] GC(341)   Merge Heap Roots: 0.1ms
[133.685s][info][gc,phases      ] GC(341)   Evacuate Collection Set: 0.5ms
[133.685s][info][gc,phases      ] GC(341)   Post Evacuate Collection Set: 4.9ms
[133.685s][info][gc,phases      ] GC(341)   Other: 0.1ms
[133.685s][info][gc,heap        ] GC(341) Eden regions: 11->0(43)
[133.685s][info][gc,heap        ] GC(341) Survivor regions: 1->1(2)
[133.685s][info][gc,heap        ] GC(341) Old regions: 6->6
[133.685s][info][gc,heap        ] GC(341) Archive regions: 0->0
[133.685s][info][gc,heap        ] GC(341) Humongous regions: 0->0
[133.685s][info][gc,metaspace   ] GC(341) Metaspace: 14346K(15168K)->14346K(15168K) NonClass: 12384K(12864K)->12384K(12864K) Class: 1962K(2304K)->1962K(2304K)
[133.685s][info][gc             ] GC(341) Pause Young (Normal) (G1 Evacuation Pause) 182M->6M(1184M) 5.936ms
[133.685s][info][gc,cpu         ] GC(341) User=0.00s Sys=0.00s Real=0.01s
[134.188s][info][gc,start       ] GC(342) Pause Young (Normal) (G1 Evacuation Pause)
[134.188s][info][gc,task        ] GC(342) Using 33 workers of 33 for evacuation
[134.196s][info][gc,phases      ] GC(342)   Pre Evacuate Collection Set: 0.2ms
[134.196s][info][gc,phases      ] GC(342)   Merge Heap Roots: 0.2ms
[134.196s][info][gc,phases      ] GC(342)   Evacuate Collection Set: 3.3ms
[134.196s][info][gc,phases      ] GC(342)   Post Evacuate Collection Set: 4.2ms
[134.196s][info][gc,phases      ] GC(342)   Other: 0.1ms
[134.196s][info][gc,heap        ] GC(342) Eden regions: 43->0(43)
[134.196s][info][gc,heap        ] GC(342) Survivor regions: 1->1(6)
[134.196s][info][gc,heap        ] GC(342) Old regions: 6->6
[134.196s][info][gc,heap        ] GC(342) Archive regions: 0->0
[134.196s][info][gc,heap        ] GC(342) Humongous regions: 0->0
[134.196s][info][gc,metaspace   ] GC(342) Metaspace: 14346K(15168K)->14346K(15168K) NonClass: 12384K(12864K)->12384K(12864K) Class: 1962K(2304K)->1962K(2304K)
[134.196s][info][gc             ] GC(342) Pause Young (Normal) (G1 Evacuation Pause) 694M->6M(1184M) 8.597ms
[134.196s][info][gc,cpu         ] GC(342) User=0.52s Sys=0.00s Real=0.01s
[134.642s][info][gc,start       ] GC(343) Pause Young (Normal) (G1 Evacuation Pause)
[134.642s][info][gc,task        ] GC(343) Using 33 workers of 33 for evacuation
[134.647s][info][gc,phases      ] GC(343)   Pre Evacuate Collection Set: 0.1ms
[134.647s][info][gc,phases      ] GC(343)   Merge Heap Roots: 0.1ms
[134.647s][info][gc,phases      ] GC(343)   Evacuate Collection Set: 2.0ms
[134.647s][info][gc,phases      ] GC(343)   Post Evacuate Collection Set: 3.0ms
[134.647s][info][gc,phases      ] GC(343)   Other: 0.1ms
[134.647s][info][gc,heap        ] GC(343) Eden regions: 43->0(43)
[134.647s][info][gc,heap        ] GC(343) Survivor regions: 1->1(6)
[134.648s][info][gc,heap        ] GC(343) Old regions: 6->6
[134.648s][info][gc,heap        ] GC(343) Archive regions: 0->0
[134.648s][info][gc,heap        ] GC(343) Humongous regions: 0->0
[134.648s][info][gc,metaspace   ] GC(343) Metaspace: 14346K(15168K)->14346K(15168K) NonClass: 12384K(12864K)->12384K(12864K) Class: 1962K(2304K)->1962K(2304K)
[134.648s][info][gc             ] GC(343) Pause Young (Normal) (G1 Evacuation Pause) 694M->6M(1184M) 5.566ms
[134.648s][info][gc,cpu         ] GC(343) User=0.00s Sys=0.00s Real=0.01s
[135.073s][info][gc,start       ] GC(344) Pause Young (Normal) (G1 Evacuation Pause)
[135.074s][info][gc,task        ] GC(344) Using 33 workers of 33 for evacuation
[135.077s][info][gc,phases      ] GC(344)   Pre Evacuate Collection Set: 0.1ms
[135.077s][info][gc,phases      ] GC(344)   Merge Heap Roots: 0.1ms
[135.077s][info][gc,phases      ] GC(344)   Evacuate Collection Set: 0.6ms
[135.078s][info][gc,phases      ] GC(344)   Post Evacuate Collection Set: 3.0ms
[135.078s][info][gc,phases      ] GC(344)   Other: 0.1ms
[135.078s][info][gc,heap        ] GC(344) Eden regions: 43->0(43)
[135.078s][info][gc,heap        ] GC(344) Survivor regions: 1->1(6)
[135.078s][info][gc,heap        ] GC(344) Old regions: 6->6
[135.078s][info][gc,heap        ] GC(344) Archive regions: 0->0
[135.078s][info][gc,heap        ] GC(344) Humongous regions: 0->0
[135.078s][info][gc,metaspace   ] GC(344) Metaspace: 14346K(15168K)->14346K(15168K) NonClass: 12384K(12864K)->12384K(12864K) Class: 1962K(2304K)->1962K(2304K)
[135.078s][info][gc             ] GC(344) Pause Young (Normal) (G1 Evacuation Pause) 694M->6M(1184M) 4.124ms
[135.078s][info][gc,cpu         ] GC(344) User=0.00s Sys=0.00s Real=0.00s
[135.511s][info][gc,start       ] GC(345) Pause Young (Normal) (G1 Evacuation Pause)
[135.511s][info][gc,task        ] GC(345) Using 33 workers of 33 for evacuation
[135.515s][info][gc,phases      ] GC(345)   Pre Evacuate Collection Set: 0.1ms
[135.515s][info][gc,phases      ] GC(345)   Merge Heap Roots: 0.1ms
[135.515s][info][gc,phases      ] GC(345)   Evacuate Collection Set: 0.6ms
[135.515s][info][gc,phases      ] GC(345)   Post Evacuate Collection Set: 2.8ms
[135.515s][info][gc,phases      ] GC(345)   Other: 0.1ms
[135.515s][info][gc,heap        ] GC(345) Eden regions: 43->0(43)
[135.515s][info][gc,heap        ] GC(345) Survivor regions: 1->1(6)
[135.515s][info][gc,heap        ] GC(345) Old regions: 6->6
[135.515s][info][gc,heap        ] GC(345) Archive regions: 0->0
[135.515s][info][gc,heap        ] GC(345) Humongous regions: 0->0
[135.515s][info][gc,metaspace   ] GC(345) Metaspace: 14346K(15168K)->14346K(15168K) NonClass: 12384K(12864K)->12384K(12864K) Class: 1962K(2304K)->1962K(2304K)
[135.515s][info][gc             ] GC(345) Pause Young (Normal) (G1 Evacuation Pause) 694M->7M(1184M) 3.900ms
[135.515s][info][gc,cpu         ] GC(345) User=0.00s Sys=0.00s Real=0.00s
[135.933s][info][gc,start       ] GC(346) Pause Young (Normal) (G1 Evacuation Pause)
[135.933s][info][gc,task        ] GC(346) Using 33 workers of 33 for evacuation
[135.937s][info][gc,phases      ] GC(346)   Pre Evacuate Collection Set: 0.1ms
[135.937s][info][gc,phases      ] GC(346)   Merge Heap Roots: 0.1ms
[135.937s][info][gc,phases      ] GC(346)   Evacuate Collection Set: 0.6ms
[135.937s][info][gc,phases      ] GC(346)   Post Evacuate Collection Set: 2.9ms
[135.937s][info][gc,phases      ] GC(346)   Other: 0.1ms
[135.937s][info][gc,heap        ] GC(346) Eden regions: 43->0(43)
[135.937s][info][gc,heap        ] GC(346) Survivor regions: 1->1(6)
[135.937s][info][gc,heap        ] GC(346) Old regions: 6->6
[135.937s][info][gc,heap        ] GC(346) Archive regions: 0->0
[135.937s][info][gc,heap        ] GC(346) Humongous regions: 0->0
[135.937s][info][gc,metaspace   ] GC(346) Metaspace: 14346K(15168K)->14346K(15168K) NonClass: 12384K(12864K)->12384K(12864K) Class: 1962K(2304K)->1962K(2304K)
[135.937s][info][gc             ] GC(346) Pause Young (Normal) (G1 Evacuation Pause) 695M->7M(1184M) 4.018ms
[135.937s][info][gc,cpu         ] GC(346) User=0.00s Sys=0.00s Real=0.00s
[136.361s][info][gc,start       ] GC(347) Pause Young (Normal) (G1 Evacuation Pause)
[136.361s][info][gc,task        ] GC(347) Using 33 workers of 33 for evacuation
[136.365s][info][gc,phases      ] GC(347)   Pre Evacuate Collection Set: 0.1ms
[136.365s][info][gc,phases      ] GC(347)   Merge Heap Roots: 0.1ms
[136.365s][info][gc,phases      ] GC(347)   Evacuate Collection Set: 0.5ms
[136.365s][info][gc,phases      ] GC(347)   Post Evacuate Collection Set: 3.0ms
[136.365s][info][gc,phases      ] GC(347)   Other: 0.1ms
[136.365s][info][gc,heap        ] GC(347) Eden regions: 43->0(43)
[136.365s][info][gc,heap        ] GC(347) Survivor regions: 1->1(6)
[136.365s][info][gc,heap        ] GC(347) Old regions: 6->6
[136.365s][info][gc,heap        ] GC(347) Archive regions: 0->0
[136.365s][info][gc,heap        ] GC(347) Humongous regions: 0->0
[136.365s][info][gc,metaspace   ] GC(347) Metaspace: 14346K(15168K)->14346K(15168K) NonClass: 12384K(12864K)->12384K(12864K) Class: 1962K(2304K)->1962K(2304K)
[136.365s][info][gc             ] GC(347) Pause Young (Normal) (G1 Evacuation Pause) 695M->7M(1184M) 4.112ms
[136.365s][info][gc,cpu         ] GC(347) User=0.00s Sys=0.00s Real=0.00s
[136.785s][info][gc,start       ] GC(348) Pause Young (Normal) (G1 Evacuation Pause)
[136.785s][info][gc,task        ] GC(348) Using 33 workers of 33 for evacuation
[136.789s][info][gc,phases      ] GC(348)   Pre Evacuate Collection Set: 0.1ms
[136.789s][info][gc,phases      ] GC(348)   Merge Heap Roots: 0.1ms
[136.789s][info][gc,phases      ] GC(348)   Evacuate Collection Set: 0.6ms
[136.789s][info][gc,phases      ] GC(348)   Post Evacuate Collection Set: 3.0ms
[136.789s][info][gc,phases      ] GC(348)   Other: 0.1ms
[136.789s][info][gc,heap        ] GC(348) Eden regions: 43->0(43)
[136.789s][info][gc,heap        ] GC(348) Survivor regions: 1->1(6)
[136.789s][info][gc,heap        ] GC(348) Old regions: 6->6
[136.789s][info][gc,heap        ] GC(348) Archive regions: 0->0
[136.789s][info][gc,heap        ] GC(348) Humongous regions: 0->0
[136.789s][info][gc,metaspace   ] GC(348) Metaspace: 14346K(15168K)->14346K(15168K) NonClass: 12384K(12864K)->12384K(12864K) Class: 1962K(2304K)->1962K(2304K)
[136.789s][info][gc             ] GC(348) Pause Young (Normal) (G1 Evacuation Pause) 695M->7M(1184M) 4.143ms
[136.789s][info][gc,cpu         ] GC(348) User=0.00s Sys=0.00s Real=0.00s
[137.209s][info][gc,start       ] GC(349) Pause Young (Normal) (G1 Evacuation Pause)
[137.209s][info][gc,task        ] GC(349) Using 33 workers of 33 for evacuation
[137.213s][info][gc,phases      ] GC(349)   Pre Evacuate Collection Set: 0.1ms
[137.213s][info][gc,phases      ] GC(349)   Merge Heap Roots: 0.1ms
[137.213s][info][gc,phases      ] GC(349)   Evacuate Collection Set: 0.6ms
[137.213s][info][gc,phases      ] GC(349)   Post Evacuate Collection Set: 3.1ms
[137.213s][info][gc,phases      ] GC(349)   Other: 0.1ms
[137.213s][info][gc,heap        ] GC(349) Eden regions: 43->0(43)
[137.213s][info][gc,heap        ] GC(349) Survivor regions: 1->1(6)
[137.213s][info][gc,heap        ] GC(349) Old regions: 6->6
[137.213s][info][gc,heap        ] GC(349) Archive regions: 0->0
[137.213s][info][gc,heap        ] GC(349) Humongous regions: 0->0
[137.213s][info][gc,metaspace   ] GC(349) Metaspace: 14346K(15168K)->14346K(15168K) NonClass: 12384K(12864K)->12384K(12864K) Class: 1962K(2304K)->1962K(2304K)
[137.213s][info][gc             ] GC(349) Pause Young (Normal) (G1 Evacuation Pause) 695M->7M(1184M) 4.184ms
[137.213s][info][gc,cpu         ] GC(349) User=0.00s Sys=0.00s Real=0.00s
[137.643s][info][gc,start       ] GC(350) Pause Young (Normal) (G1 Evacuation Pause)
[137.643s][info][gc,task        ] GC(350) Using 33 workers of 33 for evacuation
[137.647s][info][gc,phases      ] GC(350)   Pre Evacuate Collection Set: 0.1ms
[137.647s][info][gc,phases      ] GC(350)   Merge Heap Roots: 0.1ms
[137.647s][info][gc,phases      ] GC(350)   Evacuate Collection Set: 0.6ms
[137.647s][info][gc,phases      ] GC(350)   Post Evacuate Collection Set: 2.8ms
[137.647s][info][gc,phases      ] GC(350)   Other: 0.1ms
[137.647s][info][gc,heap        ] GC(350) Eden regions: 43->0(43)
[137.647s][info][gc,heap        ] GC(350) Survivor regions: 1->1(6)
[137.647s][info][gc,heap        ] GC(350) Old regions: 6->6
[137.647s][info][gc,heap        ] GC(350) Archive regions: 0->0
[137.647s][info][gc,heap        ] GC(350) Humongous regions: 0->0
[137.647s][info][gc,metaspace   ] GC(350) Metaspace: 14346K(15168K)->14346K(15168K) NonClass: 12384K(12864K)->12384K(12864K) Class: 1962K(2304K)->1962K(2304K)
[137.647s][info][gc             ] GC(350) Pause Young (Normal) (G1 Evacuation Pause) 695M->7M(1184M) 3.948ms
[137.647s][info][gc,cpu         ] GC(350) User=0.00s Sys=0.00s Real=0.00s
[138.076s][info][gc,start       ] GC(351) Pause Young (Normal) (G1 Evacuation Pause)
[138.076s][info][gc,task        ] GC(351) Using 33 workers of 33 for evacuation
[138.079s][info][gc,phases      ] GC(351)   Pre Evacuate Collection Set: 0.1ms
[138.079s][info][gc,phases      ] GC(351)   Merge Heap Roots: 0.1ms
[138.079s][info][gc,phases      ] GC(351)   Evacuate Collection Set: 0.6ms
[138.079s][info][gc,phases      ] GC(351)   Post Evacuate Collection Set: 2.7ms
[138.079s][info][gc,phases      ] GC(351)   Other: 0.1ms
[138.079s][info][gc,heap        ] GC(351) Eden regions: 43->0(43)
[138.079s][info][gc,heap        ] GC(351) Survivor regions: 1->1(6)
[138.079s][info][gc,heap        ] GC(351) Old regions: 6->6
[138.079s][info][gc,heap        ] GC(351) Archive regions: 0->0
[138.079s][info][gc,heap        ] GC(351) Humongous regions: 0->0
[138.079s][info][gc,metaspace   ] GC(351) Metaspace: 14346K(15168K)->14346K(15168K) NonClass: 12384K(12864K)->12384K(12864K) Class: 1962K(2304K)->1962K(2304K)
[138.079s][info][gc             ] GC(351) Pause Young (Normal) (G1 Evacuation Pause) 695M->7M(1184M) 3.815ms
[138.079s][info][gc,cpu         ] GC(351) User=0.00s Sys=0.00s Real=0.00s
[138.499s][info][gc,start       ] GC(352) Pause Young (Normal) (G1 Evacuation Pause)
[138.499s][info][gc,task        ] GC(352) Using 33 workers of 33 for evacuation
[138.503s][info][gc,phases      ] GC(352)   Pre Evacuate Collection Set: 0.1ms
[138.503s][info][gc,phases      ] GC(352)   Merge Heap Roots: 0.1ms
[138.503s][info][gc,phases      ] GC(352)   Evacuate Collection Set: 0.6ms
[138.503s][info][gc,phases      ] GC(352)   Post Evacuate Collection Set: 2.8ms
[138.503s][info][gc,phases      ] GC(352)   Other: 0.1ms
[138.503s][info][gc,heap        ] GC(352) Eden regions: 43->0(43)
[138.503s][info][gc,heap        ] GC(352) Survivor regions: 1->1(6)
[138.503s][info][gc,heap        ] GC(352) Old regions: 6->6
[138.503s][info][gc,heap        ] GC(352) Archive regions: 0->0
[138.503s][info][gc,heap        ] GC(352) Humongous regions: 0->0
[138.503s][info][gc,metaspace   ] GC(352) Metaspace: 14346K(15168K)->14346K(15168K) NonClass: 12384K(12864K)->12384K(12864K) Class: 1962K(2304K)->1962K(2304K)
[138.503s][info][gc             ] GC(352) Pause Young (Normal) (G1 Evacuation Pause) 695M->7M(1184M) 3.950ms
[138.503s][info][gc,cpu         ] GC(352) User=0.52s Sys=0.00s Real=0.00s
[138.924s][info][gc,start       ] GC(353) Pause Young (Normal) (G1 Evacuation Pause)
[138.924s][info][gc,task        ] GC(353) Using 33 workers of 33 for evacuation
[138.928s][info][gc,phases      ] GC(353)   Pre Evacuate Collection Set: 0.1ms
[138.928s][info][gc,phases      ] GC(353)   Merge Heap Roots: 0.1ms
[138.928s][info][gc,phases      ] GC(353)   Evacuate Collection Set: 0.5ms
[138.928s][info][gc,phases      ] GC(353)   Post Evacuate Collection Set: 3.0ms
[138.928s][info][gc,phases      ] GC(353)   Other: 0.1ms
[138.928s][info][gc,heap        ] GC(353) Eden regions: 43->0(43)
[138.928s][info][gc,heap        ] GC(353) Survivor regions: 1->1(6)
[138.928s][info][gc,heap        ] GC(353) Old regions: 6->7
[138.928s][info][gc,heap        ] GC(353) Archive regions: 0->0
[138.928s][info][gc,heap        ] GC(353) Humongous regions: 0->0
[138.928s][info][gc,metaspace   ] GC(353) Metaspace: 14346K(15168K)->14346K(15168K) NonClass: 12384K(12864K)->12384K(12864K) Class: 1962K(2304K)->1962K(2304K)
[138.928s][info][gc             ] GC(353) Pause Young (Normal) (G1 Evacuation Pause) 695M->7M(1184M) 4.029ms
[138.928s][info][gc,cpu         ] GC(353) User=0.00s Sys=0.00s Real=0.00s
[139.353s][info][gc,start       ] GC(354) Pause Young (Normal) (G1 Evacuation Pause)
[139.353s][info][gc,task        ] GC(354) Using 33 workers of 33 for evacuation
[139.357s][info][gc,phases      ] GC(354)   Pre Evacuate Collection Set: 0.1ms
[139.357s][info][gc,phases      ] GC(354)   Merge Heap Roots: 0.1ms
[139.357s][info][gc,phases      ] GC(354)   Evacuate Collection Set: 0.4ms
[139.357s][info][gc,phases      ] GC(354)   Post Evacuate Collection Set: 3.1ms
[139.357s][info][gc,phases      ] GC(354)   Other: 0.1ms
[139.357s][info][gc,heap        ] GC(354) Eden regions: 43->0(43)
[139.357s][info][gc,heap        ] GC(354) Survivor regions: 1->1(6)
[139.357s][info][gc,heap        ] GC(354) Old regions: 7->7
[139.357s][info][gc,heap        ] GC(354) Archive regions: 0->0
[139.357s][info][gc,heap        ] GC(354) Humongous regions: 0->0
[139.357s][info][gc,metaspace   ] GC(354) Metaspace: 14346K(15168K)->14346K(15168K) NonClass: 12384K(12864K)->12384K(12864K) Class: 1962K(2304K)->1962K(2304K)
[139.357s][info][gc             ] GC(354) Pause Young (Normal) (G1 Evacuation Pause) 695M->7M(1184M) 4.102ms
[139.357s][info][gc,cpu         ] GC(354) User=0.00s Sys=0.00s Real=0.00s
[139.784s][info][gc,start       ] GC(355) Pause Young (Normal) (G1 Evacuation Pause)
[139.784s][info][gc,task        ] GC(355) Using 33 workers of 33 for evacuation
[139.788s][info][gc,phases      ] GC(355)   Pre Evacuate Collection Set: 0.1ms
[139.788s][info][gc,phases      ] GC(355)   Merge Heap Roots: 0.1ms
[139.788s][info][gc,phases      ] GC(355)   Evacuate Collection Set: 0.4ms
[139.788s][info][gc,phases      ] GC(355)   Post Evacuate Collection Set: 3.1ms
[139.788s][info][gc,phases      ] GC(355)   Other: 0.1ms
[139.788s][info][gc,heap        ] GC(355) Eden regions: 43->0(43)
[139.788s][info][gc,heap        ] GC(355) Survivor regions: 1->1(6)
[139.788s][info][gc,heap        ] GC(355) Old regions: 7->7
[139.788s][info][gc,heap        ] GC(355) Archive regions: 0->0
[139.788s][info][gc,heap        ] GC(355) Humongous regions: 0->0
[139.788s][info][gc,metaspace   ] GC(355) Metaspace: 14346K(15168K)->14346K(15168K) NonClass: 12384K(12864K)->12384K(12864K) Class: 1962K(2304K)->1962K(2304K)
[139.788s][info][gc             ] GC(355) Pause Young (Normal) (G1 Evacuation Pause) 695M->7M(1184M) 4.140ms
[139.788s][info][gc,cpu         ] GC(355) User=0.00s Sys=0.00s Real=0.00s
[140.220s][info][gc,start       ] GC(356) Pause Young (Normal) (G1 Evacuation Pause)
[140.220s][info][gc,task        ] GC(356) Using 33 workers of 33 for evacuation
[140.223s][info][gc,phases      ] GC(356)   Pre Evacuate Collection Set: 0.1ms
[140.223s][info][gc,phases      ] GC(356)   Merge Heap Roots: 0.2ms
[140.224s][info][gc,phases      ] GC(356)   Evacuate Collection Set: 0.3ms
[140.224s][info][gc,phases      ] GC(356)   Post Evacuate Collection Set: 3.0ms
[140.224s][info][gc,phases      ] GC(356)   Other: 0.1ms
[140.224s][info][gc,heap        ] GC(356) Eden regions: 43->0(43)
[140.224s][info][gc,heap        ] GC(356) Survivor regions: 1->1(6)
[140.224s][info][gc,heap        ] GC(356) Old regions: 7->7
[140.224s][info][gc,heap        ] GC(356) Archive regions: 0->0
[140.224s][info][gc,heap        ] GC(356) Humongous regions: 0->0
[140.224s][info][gc,metaspace   ] GC(356) Metaspace: 14346K(15168K)->14346K(15168K) NonClass: 12384K(12864K)->12384K(12864K) Class: 1962K(2304K)->1962K(2304K)
[140.224s][info][gc             ] GC(356) Pause Young (Normal) (G1 Evacuation Pause) 695M->7M(1184M) 3.885ms
[140.224s][info][gc,cpu         ] GC(356) User=0.00s Sys=0.00s Real=0.00s
[140.671s][info][gc,start       ] GC(357) Pause Young (Normal) (G1 Evacuation Pause)
[140.671s][info][gc,task        ] GC(357) Using 33 workers of 33 for evacuation
[140.674s][info][gc,phases      ] GC(357)   Pre Evacuate Collection Set: 0.1ms
[140.674s][info][gc,phases      ] GC(357)   Merge Heap Roots: 0.1ms
[140.674s][info][gc,phases      ] GC(357)   Evacuate Collection Set: 0.4ms
[140.674s][info][gc,phases      ] GC(357)   Post Evacuate Collection Set: 2.7ms
[140.674s][info][gc,phases      ] GC(357)   Other: 0.1ms
[140.674s][info][gc,heap        ] GC(357) Eden regions: 43->0(43)
[140.674s][info][gc,heap        ] GC(357) Survivor regions: 1->1(6)
[140.674s][info][gc,heap        ] GC(357) Old regions: 7->7
[140.675s][info][gc,heap        ] GC(357) Archive regions: 0->0
[140.675s][info][gc,heap        ] GC(357) Humongous regions: 0->0
[140.675s][info][gc,metaspace   ] GC(357) Metaspace: 14346K(15168K)->14346K(15168K) NonClass: 12384K(12864K)->12384K(12864K) Class: 1962K(2304K)->1962K(2304K)
[140.675s][info][gc             ] GC(357) Pause Young (Normal) (G1 Evacuation Pause) 695M->7M(1184M) 3.713ms
[140.675s][info][gc,cpu         ] GC(357) User=0.52s Sys=0.00s Real=0.00s
[141.102s][info][gc,start       ] GC(358) Pause Young (Normal) (G1 Evacuation Pause)
[141.102s][info][gc,task        ] GC(358) Using 33 workers of 33 for evacuation
[141.106s][info][gc,phases      ] GC(358)   Pre Evacuate Collection Set: 0.1ms
[141.106s][info][gc,phases      ] GC(358)   Merge Heap Roots: 0.1ms
[141.106s][info][gc,phases      ] GC(358)   Evacuate Collection Set: 0.4ms
[141.106s][info][gc,phases      ] GC(358)   Post Evacuate Collection Set: 2.8ms
[141.106s][info][gc,phases      ] GC(358)   Other: 0.1ms
[141.106s][info][gc,heap        ] GC(358) Eden regions: 43->0(43)
[141.106s][info][gc,heap        ] GC(358) Survivor regions: 1->1(6)
[141.106s][info][gc,heap        ] GC(358) Old regions: 7->7
[141.106s][info][gc,heap        ] GC(358) Archive regions: 0->0
[141.106s][info][gc,heap        ] GC(358) Humongous regions: 0->0
[141.106s][info][gc,metaspace   ] GC(358) Metaspace: 14346K(15168K)->14346K(15168K) NonClass: 12384K(12864K)->12384K(12864K) Class: 1962K(2304K)->1962K(2304K)
[141.106s][info][gc             ] GC(358) Pause Young (Normal) (G1 Evacuation Pause) 695M->8M(1184M) 3.732ms
[141.106s][info][gc,cpu         ] GC(358) User=0.00s Sys=0.00s Real=0.00s
[141.529s][info][gc,start       ] GC(359) Pause Young (Normal) (G1 Evacuation Pause)
[141.530s][info][gc,task        ] GC(359) Using 33 workers of 33 for evacuation
[141.533s][info][gc,phases      ] GC(359)   Pre Evacuate Collection Set: 0.1ms
[141.533s][info][gc,phases      ] GC(359)   Merge Heap Roots: 0.2ms
[141.533s][info][gc,phases      ] GC(359)   Evacuate Collection Set: 0.4ms
[141.533s][info][gc,phases      ] GC(359)   Post Evacuate Collection Set: 2.9ms
[141.533s][info][gc,phases      ] GC(359)   Other: 0.1ms
[141.533s][info][gc,heap        ] GC(359) Eden regions: 43->0(43)
[141.533s][info][gc,heap        ] GC(359) Survivor regions: 1->1(6)
[141.533s][info][gc,heap        ] GC(359) Old regions: 7->7
[141.533s][info][gc,heap        ] GC(359) Archive regions: 0->0
[141.533s][info][gc,heap        ] GC(359) Humongous regions: 0->0
[141.533s][info][gc,metaspace   ] GC(359) Metaspace: 14346K(15168K)->14346K(15168K) NonClass: 12384K(12864K)->12384K(12864K) Class: 1962K(2304K)->1962K(2304K)
[141.533s][info][gc             ] GC(359) Pause Young (Normal) (G1 Evacuation Pause) 696M->8M(1184M) 3.854ms
[141.533s][info][gc,cpu         ] GC(359) User=0.52s Sys=0.00s Real=0.00s
[141.957s][info][gc,start       ] GC(360) Pause Young (Normal) (G1 Evacuation Pause)
[141.957s][info][gc,task        ] GC(360) Using 33 workers of 33 for evacuation
[141.960s][info][gc,phases      ] GC(360)   Pre Evacuate Collection Set: 0.1ms
[141.960s][info][gc,phases      ] GC(360)   Merge Heap Roots: 0.1ms
[141.960s][info][gc,phases      ] GC(360)   Evacuate Collection Set: 0.3ms
[141.960s][info][gc,phases      ] GC(360)   Post Evacuate Collection Set: 3.0ms
[141.961s][info][gc,phases      ] GC(360)   Other: 0.1ms
[141.961s][info][gc,heap        ] GC(360) Eden regions: 43->0(43)
[141.961s][info][gc,heap        ] GC(360) Survivor regions: 1->1(6)
[141.961s][info][gc,heap        ] GC(360) Old regions: 7->7
[141.961s][info][gc,heap        ] GC(360) Archive regions: 0->0
[141.961s][info][gc,heap        ] GC(360) Humongous regions: 0->0
[141.961s][info][gc,metaspace   ] GC(360) Metaspace: 14346K(15168K)->14346K(15168K) NonClass: 12384K(12864K)->12384K(12864K) Class: 1962K(2304K)->1962K(2304K)
[141.961s][info][gc             ] GC(360) Pause Young (Normal) (G1 Evacuation Pause) 696M->8M(1184M) 3.937ms
[141.961s][info][gc,cpu         ] GC(360) User=0.00s Sys=0.00s Real=0.00s
[142.383s][info][gc,start       ] GC(361) Pause Young (Normal) (G1 Evacuation Pause)
[142.383s][info][gc,task        ] GC(361) Using 33 workers of 33 for evacuation
[142.387s][info][gc,phases      ] GC(361)   Pre Evacuate Collection Set: 0.1ms
[142.387s][info][gc,phases      ] GC(361)   Merge Heap Roots: 0.1ms
[142.387s][info][gc,phases      ] GC(361)   Evacuate Collection Set: 0.4ms
[142.387s][info][gc,phases      ] GC(361)   Post Evacuate Collection Set: 3.1ms
[142.387s][info][gc,phases      ] GC(361)   Other: 0.1ms
[142.387s][info][gc,heap        ] GC(361) Eden regions: 43->0(43)
[142.387s][info][gc,heap        ] GC(361) Survivor regions: 1->1(6)
[142.387s][info][gc,heap        ] GC(361) Old regions: 7->7
[142.387s][info][gc,heap        ] GC(361) Archive regions: 0->0
[142.387s][info][gc,heap        ] GC(361) Humongous regions: 0->0
[142.387s][info][gc,metaspace   ] GC(361) Metaspace: 14346K(15168K)->14346K(15168K) NonClass: 12384K(12864K)->12384K(12864K) Class: 1962K(2304K)->1962K(2304K)
[142.387s][info][gc             ] GC(361) Pause Young (Normal) (G1 Evacuation Pause) 696M->8M(1184M) 4.032ms
[142.387s][info][gc,cpu         ] GC(361) User=0.00s Sys=0.00s Real=0.00s
[142.879s][info][gc,start       ] GC(362) Pause Young (Normal) (G1 Evacuation Pause)
[142.879s][info][gc,task        ] GC(362) Using 33 workers of 33 for evacuation
[142.885s][info][gc,phases      ] GC(362)   Pre Evacuate Collection Set: 0.2ms
[142.885s][info][gc,phases      ] GC(362)   Merge Heap Roots: 0.2ms
[142.885s][info][gc,phases      ] GC(362)   Evacuate Collection Set: 0.7ms
[142.885s][info][gc,phases      ] GC(362)   Post Evacuate Collection Set: 4.1ms
[142.885s][info][gc,phases      ] GC(362)   Other: 0.1ms
[142.885s][info][gc,heap        ] GC(362) Eden regions: 43->0(43)
[142.885s][info][gc,heap        ] GC(362) Survivor regions: 1->1(6)
[142.885s][info][gc,heap        ] GC(362) Old regions: 7->7
[142.885s][info][gc,heap        ] GC(362) Archive regions: 0->0
[142.885s][info][gc,heap        ] GC(362) Humongous regions: 0->0
[142.885s][info][gc,metaspace   ] GC(362) Metaspace: 14346K(15168K)->14346K(15168K) NonClass: 12384K(12864K)->12384K(12864K) Class: 1962K(2304K)->1962K(2304K)
[142.885s][info][gc             ] GC(362) Pause Young (Normal) (G1 Evacuation Pause) 696M->8M(1184M) 5.972ms
[142.885s][info][gc,cpu         ] GC(362) User=0.00s Sys=0.00s Real=0.00s
[143.344s][info][gc,start       ] GC(363) Pause Young (Normal) (G1 Evacuation Pause)
[143.344s][info][gc,task        ] GC(363) Using 33 workers of 33 for evacuation
[143.348s][info][gc,phases      ] GC(363)   Pre Evacuate Collection Set: 0.1ms
[143.348s][info][gc,phases      ] GC(363)   Merge Heap Roots: 0.2ms
[143.348s][info][gc,phases      ] GC(363)   Evacuate Collection Set: 0.4ms
[143.348s][info][gc,phases      ] GC(363)   Post Evacuate Collection Set: 2.8ms
[143.348s][info][gc,phases      ] GC(363)   Other: 0.1ms
[143.348s][info][gc,heap        ] GC(363) Eden regions: 43->0(43)
[143.348s][info][gc,heap        ] GC(363) Survivor regions: 1->1(6)
[143.348s][info][gc,heap        ] GC(363) Old regions: 7->7
[143.348s][info][gc,heap        ] GC(363) Archive regions: 0->0
[143.348s][info][gc,heap        ] GC(363) Humongous regions: 0->0
[143.348s][info][gc,metaspace   ] GC(363) Metaspace: 14346K(15168K)->14346K(15168K) NonClass: 12384K(12864K)->12384K(12864K) Class: 1962K(2304K)->1962K(2304K)
[143.348s][info][gc             ] GC(363) Pause Young (Normal) (G1 Evacuation Pause) 696M->8M(1184M) 3.776ms
[143.348s][info][gc,cpu         ] GC(363) User=0.52s Sys=0.00s Real=0.00s
[143.752s][info][gc,start       ] GC(364) Pause Young (Normal) (G1 Evacuation Pause)
[143.753s][info][gc,task        ] GC(364) Using 33 workers of 33 for evacuation
[143.756s][info][gc,phases      ] GC(364)   Pre Evacuate Collection Set: 0.1ms
[143.756s][info][gc,phases      ] GC(364)   Merge Heap Roots: 0.2ms
[143.756s][info][gc,phases      ] GC(364)   Evacuate Collection Set: 0.4ms
[143.756s][info][gc,phases      ] GC(364)   Post Evacuate Collection Set: 3.0ms
[143.756s][info][gc,phases      ] GC(364)   Other: 0.1ms
[143.756s][info][gc,heap        ] GC(364) Eden regions: 43->0(43)
[143.756s][info][gc,heap        ] GC(364) Survivor regions: 1->1(6)
[143.756s][info][gc,heap        ] GC(364) Old regions: 7->7
[143.756s][info][gc,heap        ] GC(364) Archive regions: 0->0
[143.756s][info][gc,heap        ] GC(364) Humongous regions: 0->0
[143.756s][info][gc,metaspace   ] GC(364) Metaspace: 14346K(15168K)->14346K(15168K) NonClass: 12384K(12864K)->12384K(12864K) Class: 1962K(2304K)->1962K(2304K)
[143.756s][info][gc             ] GC(364) Pause Young (Normal) (G1 Evacuation Pause) 696M->8M(1184M) 3.951ms
[143.756s][info][gc,cpu         ] GC(364) User=0.00s Sys=0.00s Real=0.00s
[143.969s][info][gc,start       ] GC(365) Pause Full (System.gc())
[143.969s][info][gc,task        ] GC(365) Using 6 workers of 33 for full compaction
[143.970s][info][gc,phases,start] GC(365) Phase 1: Mark live objects
[143.978s][info][gc,phases      ] GC(365) Phase 1: Mark live objects 8.800ms
[143.978s][info][gc,phases,start] GC(365) Phase 2: Prepare compaction
[143.980s][info][gc,phases      ] GC(365) Phase 2: Prepare compaction 1.879ms
[143.980s][info][gc,phases,start] GC(365) Phase 3: Adjust pointers
[143.988s][info][gc,phases      ] GC(365) Phase 3: Adjust pointers 7.619ms
[143.988s][info][gc,phases,start] GC(365) Phase 4: Compact heap
[143.989s][info][gc,phases      ] GC(365) Phase 4: Compact heap 1.467ms
[143.996s][info][gc,heap        ] GC(365) Eden regions: 25->0(12)
[143.996s][info][gc,heap        ] GC(365) Survivor regions: 1->0(6)
[143.996s][info][gc,heap        ] GC(365) Old regions: 7->6
[143.996s][info][gc,heap        ] GC(365) Archive regions: 0->0
[143.996s][info][gc,heap        ] GC(365) Humongous regions: 0->0
[143.996s][info][gc,metaspace   ] GC(365) Metaspace: 14349K(15168K)->14349K(15168K) NonClass: 12386K(12864K)->12386K(12864K) Class: 1962K(2304K)->1962K(2304K)
[143.996s][info][gc             ] GC(365) Pause Full (System.gc()) 393M->5M(320M) 26.869ms
[143.996s][info][gc,cpu         ] GC(365) User=0.09s Sys=0.00s Real=0.02s
[144.123s][info][gc,start       ] GC(366) Pause Young (Normal) (G1 Evacuation Pause)
[144.123s][info][gc,task        ] GC(366) Using 33 workers of 33 for evacuation
[144.126s][info][gc,phases      ] GC(366)   Pre Evacuate Collection Set: 0.1ms
[144.126s][info][gc,phases      ] GC(366)   Merge Heap Roots: 0.1ms
[144.126s][info][gc,phases      ] GC(366)   Evacuate Collection Set: 0.4ms
[144.126s][info][gc,phases      ] GC(366)   Post Evacuate Collection Set: 2.3ms
[144.126s][info][gc,phases      ] GC(366)   Other: 0.1ms
[144.126s][info][gc,heap        ] GC(366) Eden regions: 12->0(11)
[144.126s][info][gc,heap        ] GC(366) Survivor regions: 0->1(2)
[144.126s][info][gc,heap        ] GC(366) Old regions: 6->6
[144.126s][info][gc,heap        ] GC(366) Archive regions: 0->0
[144.126s][info][gc,heap        ] GC(366) Humongous regions: 0->0
[144.126s][info][gc,metaspace   ] GC(366) Metaspace: 14356K(15168K)->14356K(15168K) NonClass: 12393K(12864K)->12393K(12864K) Class: 1962K(2304K)->1962K(2304K)
[144.126s][info][gc             ] GC(366) Pause Young (Normal) (G1 Evacuation Pause) 197M->6M(320M) 3.204ms
[144.126s][info][gc,cpu         ] GC(366) User=0.00s Sys=0.00s Real=0.00s
[144.246s][info][gc,start       ] GC(367) Pause Young (Normal) (G1 Evacuation Pause)
[144.246s][info][gc,task        ] GC(367) Using 33 workers of 33 for evacuation
[144.249s][info][gc,phases      ] GC(367)   Pre Evacuate Collection Set: 0.1ms
[144.249s][info][gc,phases      ] GC(367)   Merge Heap Roots: 0.1ms
[144.249s][info][gc,phases      ] GC(367)   Evacuate Collection Set: 0.5ms
[144.249s][info][gc,phases      ] GC(367)   Post Evacuate Collection Set: 2.3ms
[144.249s][info][gc,phases      ] GC(367)   Other: 0.1ms
[144.249s][info][gc,heap        ] GC(367) Eden regions: 11->0(11)
[144.249s][info][gc,heap        ] GC(367) Survivor regions: 1->1(2)
[144.249s][info][gc,heap        ] GC(367) Old regions: 6->6
[144.249s][info][gc,heap        ] GC(367) Archive regions: 0->0
[144.249s][info][gc,heap        ] GC(367) Humongous regions: 0->0
[144.249s][info][gc,metaspace   ] GC(367) Metaspace: 14356K(15168K)->14356K(15168K) NonClass: 12393K(12864K)->12393K(12864K) Class: 1962K(2304K)->1962K(2304K)
[144.249s][info][gc             ] GC(367) Pause Young (Normal) (G1 Evacuation Pause) 182M->6M(320M) 3.281ms
[144.249s][info][gc,cpu         ] GC(367) User=0.00s Sys=0.00s Real=0.00s
[144.363s][info][gc,start       ] GC(368) Pause Young (Normal) (G1 Evacuation Pause)
[144.363s][info][gc,task        ] GC(368) Using 33 workers of 33 for evacuation
[144.368s][info][gc,phases      ] GC(368)   Pre Evacuate Collection Set: 0.1ms
[144.368s][info][gc,phases      ] GC(368)   Merge Heap Roots: 0.1ms
[144.368s][info][gc,phases      ] GC(368)   Evacuate Collection Set: 0.5ms
[144.368s][info][gc,phases      ] GC(368)   Post Evacuate Collection Set: 4.7ms
[144.368s][info][gc,phases      ] GC(368)   Other: 0.1ms
[144.368s][info][gc,heap        ] GC(368) Eden regions: 11->0(43)
[144.368s][info][gc,heap        ] GC(368) Survivor regions: 1->1(2)
[144.368s][info][gc,heap        ] GC(368) Old regions: 6->6
[144.368s][info][gc,heap        ] GC(368) Archive regions: 0->0
[144.369s][info][gc,heap        ] GC(368) Humongous regions: 0->0
[144.369s][info][gc,metaspace   ] GC(368) Metaspace: 14356K(15168K)->14356K(15168K) NonClass: 12393K(12864K)->12393K(12864K) Class: 1962K(2304K)->1962K(2304K)
[144.369s][info][gc             ] GC(368) Pause Young (Normal) (G1 Evacuation Pause) 182M->6M(1184M) 5.712ms
[144.369s][info][gc,cpu         ] GC(368) User=0.00s Sys=0.00s Real=0.00s
[144.771s][info][gc,start       ] GC(369) Pause Young (Normal) (G1 Evacuation Pause)
[144.778s][info][gc,task        ] GC(369) Using 33 workers of 33 for evacuation
[144.784s][info][gc,phases      ] GC(369)   Pre Evacuate Collection Set: 0.1ms
[144.784s][info][gc,phases      ] GC(369)   Merge Heap Roots: 0.1ms
[144.784s][info][gc,phases      ] GC(369)   Evacuate Collection Set: 1.8ms
[144.784s][info][gc,phases      ] GC(369)   Post Evacuate Collection Set: 3.1ms
[144.784s][info][gc,phases      ] GC(369)   Other: 0.1ms
[144.784s][info][gc,heap        ] GC(369) Eden regions: 43->0(43)
[144.784s][info][gc,heap        ] GC(369) Survivor regions: 1->1(6)
[144.784s][info][gc,heap        ] GC(369) Old regions: 6->6
[144.784s][info][gc,heap        ] GC(369) Archive regions: 0->0
[144.784s][info][gc,heap        ] GC(369) Humongous regions: 0->0
[144.784s][info][gc,metaspace   ] GC(369) Metaspace: 14356K(15168K)->14356K(15168K) NonClass: 12393K(12864K)->12393K(12864K) Class: 1962K(2304K)->1962K(2304K)
[144.784s][info][gc             ] GC(369) Pause Young (Normal) (G1 Evacuation Pause) 694M->6M(1184M) 13.020ms
[144.784s][info][gc,cpu         ] GC(369) User=0.00s Sys=0.00s Real=0.00s
[145.204s][info][gc,start       ] GC(370) Pause Young (Normal) (G1 Evacuation Pause)
[145.204s][info][gc,task        ] GC(370) Using 33 workers of 33 for evacuation
[145.209s][info][gc,phases      ] GC(370)   Pre Evacuate Collection Set: 0.1ms
[145.209s][info][gc,phases      ] GC(370)   Merge Heap Roots: 0.1ms
[145.209s][info][gc,phases      ] GC(370)   Evacuate Collection Set: 2.0ms
[145.209s][info][gc,phases      ] GC(370)   Post Evacuate Collection Set: 3.1ms
[145.209s][info][gc,phases      ] GC(370)   Other: 0.1ms
[145.209s][info][gc,heap        ] GC(370) Eden regions: 43->0(43)
[145.209s][info][gc,heap        ] GC(370) Survivor regions: 1->1(6)
[145.209s][info][gc,heap        ] GC(370) Old regions: 6->6
[145.209s][info][gc,heap        ] GC(370) Archive regions: 0->0
[145.209s][info][gc,heap        ] GC(370) Humongous regions: 0->0
[145.209s][info][gc,metaspace   ] GC(370) Metaspace: 14356K(15168K)->14356K(15168K) NonClass: 12393K(12864K)->12393K(12864K) Class: 1962K(2304K)->1962K(2304K)
[145.209s][info][gc             ] GC(370) Pause Young (Normal) (G1 Evacuation Pause) 694M->6M(1184M) 5.586ms
[145.209s][info][gc,cpu         ] GC(370) User=0.00s Sys=0.02s Real=0.01s
[145.692s][info][gc,start       ] GC(371) Pause Young (Normal) (G1 Evacuation Pause)
[145.692s][info][gc,task        ] GC(371) Using 33 workers of 33 for evacuation
[145.698s][info][gc,phases      ] GC(371)   Pre Evacuate Collection Set: 0.2ms
[145.698s][info][gc,phases      ] GC(371)   Merge Heap Roots: 0.2ms
[145.698s][info][gc,phases      ] GC(371)   Evacuate Collection Set: 1.2ms
[145.698s][info][gc,phases      ] GC(371)   Post Evacuate Collection Set: 4.1ms
[145.698s][info][gc,phases      ] GC(371)   Other: 0.1ms
[145.698s][info][gc,heap        ] GC(371) Eden regions: 43->0(43)
[145.698s][info][gc,heap        ] GC(371) Survivor regions: 1->1(6)
[145.698s][info][gc,heap        ] GC(371) Old regions: 6->6
[145.698s][info][gc,heap        ] GC(371) Archive regions: 0->0
[145.698s][info][gc,heap        ] GC(371) Humongous regions: 0->0
[145.698s][info][gc,metaspace   ] GC(371) Metaspace: 14356K(15168K)->14356K(15168K) NonClass: 12393K(12864K)->12393K(12864K) Class: 1962K(2304K)->1962K(2304K)
[145.698s][info][gc             ] GC(371) Pause Young (Normal) (G1 Evacuation Pause) 694M->6M(1184M) 6.351ms
[145.698s][info][gc,cpu         ] GC(371) User=0.00s Sys=0.00s Real=0.00s
[146.140s][info][gc,start       ] GC(372) Pause Young (Normal) (G1 Evacuation Pause)
[146.140s][info][gc,task        ] GC(372) Using 33 workers of 33 for evacuation
[146.144s][info][gc,phases      ] GC(372)   Pre Evacuate Collection Set: 0.1ms
[146.144s][info][gc,phases      ] GC(372)   Merge Heap Roots: 0.1ms
[146.144s][info][gc,phases      ] GC(372)   Evacuate Collection Set: 0.5ms
[146.144s][info][gc,phases      ] GC(372)   Post Evacuate Collection Set: 3.5ms
[146.144s][info][gc,phases      ] GC(372)   Other: 0.1ms
[146.144s][info][gc,heap        ] GC(372) Eden regions: 43->0(52)
[146.144s][info][gc,heap        ] GC(372) Survivor regions: 1->1(6)
[146.144s][info][gc,heap        ] GC(372) Old regions: 6->6
[146.144s][info][gc,heap        ] GC(372) Archive regions: 0->0
[146.144s][info][gc,heap        ] GC(372) Humongous regions: 0->0
[146.144s][info][gc,metaspace   ] GC(372) Metaspace: 14356K(15168K)->14356K(15168K) NonClass: 12393K(12864K)->12393K(12864K) Class: 1962K(2304K)->1962K(2304K)
[146.144s][info][gc             ] GC(372) Pause Young (Normal) (G1 Evacuation Pause) 694M->7M(1424M) 4.572ms
[146.144s][info][gc,cpu         ] GC(372) User=0.52s Sys=0.00s Real=0.00s
[146.645s][info][gc,start       ] GC(373) Pause Young (Normal) (G1 Evacuation Pause)
[146.645s][info][gc,task        ] GC(373) Using 33 workers of 33 for evacuation
[146.649s][info][gc,phases      ] GC(373)   Pre Evacuate Collection Set: 0.1ms
[146.650s][info][gc,phases      ] GC(373)   Merge Heap Roots: 0.1ms
[146.650s][info][gc,phases      ] GC(373)   Evacuate Collection Set: 0.5ms
[146.650s][info][gc,phases      ] GC(373)   Post Evacuate Collection Set: 3.3ms
[146.650s][info][gc,phases      ] GC(373)   Other: 0.1ms
[146.650s][info][gc,heap        ] GC(373) Eden regions: 52->0(52)
[146.650s][info][gc,heap        ] GC(373) Survivor regions: 1->1(7)
[146.650s][info][gc,heap        ] GC(373) Old regions: 6->6
[146.650s][info][gc,heap        ] GC(373) Archive regions: 0->0
[146.650s][info][gc,heap        ] GC(373) Humongous regions: 0->0
[146.650s][info][gc,metaspace   ] GC(373) Metaspace: 14356K(15168K)->14356K(15168K) NonClass: 12393K(12864K)->12393K(12864K) Class: 1962K(2304K)->1962K(2304K)
[146.650s][info][gc             ] GC(373) Pause Young (Normal) (G1 Evacuation Pause) 839M->7M(1424M) 4.358ms
[146.650s][info][gc,cpu         ] GC(373) User=0.00s Sys=0.00s Real=0.00s
[147.175s][info][gc,start       ] GC(374) Pause Young (Normal) (G1 Evacuation Pause)
[147.175s][info][gc,task        ] GC(374) Using 33 workers of 33 for evacuation
[147.179s][info][gc,phases      ] GC(374)   Pre Evacuate Collection Set: 0.1ms
[147.179s][info][gc,phases      ] GC(374)   Merge Heap Roots: 0.1ms
[147.179s][info][gc,phases      ] GC(374)   Evacuate Collection Set: 0.5ms
[147.179s][info][gc,phases      ] GC(374)   Post Evacuate Collection Set: 3.0ms
[147.179s][info][gc,phases      ] GC(374)   Other: 0.1ms
[147.179s][info][gc,heap        ] GC(374) Eden regions: 52->0(52)
[147.179s][info][gc,heap        ] GC(374) Survivor regions: 1->1(7)
[147.179s][info][gc,heap        ] GC(374) Old regions: 6->6
[147.179s][info][gc,heap        ] GC(374) Archive regions: 0->0
[147.179s][info][gc,heap        ] GC(374) Humongous regions: 0->0
[147.179s][info][gc,metaspace   ] GC(374) Metaspace: 14356K(15168K)->14356K(15168K) NonClass: 12393K(12864K)->12393K(12864K) Class: 1962K(2304K)->1962K(2304K)
[147.179s][info][gc             ] GC(374) Pause Young (Normal) (G1 Evacuation Pause) 839M->7M(1424M) 4.077ms
[147.179s][info][gc,cpu         ] GC(374) User=0.00s Sys=0.00s Real=0.00s
[147.691s][info][gc,start       ] GC(375) Pause Young (Normal) (G1 Evacuation Pause)
[147.691s][info][gc,task        ] GC(375) Using 33 workers of 33 for evacuation
[147.695s][info][gc,phases      ] GC(375)   Pre Evacuate Collection Set: 0.1ms
[147.695s][info][gc,phases      ] GC(375)   Merge Heap Roots: 0.1ms
[147.695s][info][gc,phases      ] GC(375)   Evacuate Collection Set: 0.5ms
[147.695s][info][gc,phases      ] GC(375)   Post Evacuate Collection Set: 3.1ms
[147.695s][info][gc,phases      ] GC(375)   Other: 0.1ms
[147.695s][info][gc,heap        ] GC(375) Eden regions: 52->0(52)
[147.695s][info][gc,heap        ] GC(375) Survivor regions: 1->1(7)
[147.695s][info][gc,heap        ] GC(375) Old regions: 6->6
[147.695s][info][gc,heap        ] GC(375) Archive regions: 0->0
[147.695s][info][gc,heap        ] GC(375) Humongous regions: 0->0
[147.695s][info][gc,metaspace   ] GC(375) Metaspace: 14356K(15168K)->14356K(15168K) NonClass: 12393K(12864K)->12393K(12864K) Class: 1962K(2304K)->1962K(2304K)
[147.695s][info][gc             ] GC(375) Pause Young (Normal) (G1 Evacuation Pause) 839M->7M(1424M) 4.221ms
[147.695s][info][gc,cpu         ] GC(375) User=0.00s Sys=0.00s Real=0.00s
[148.198s][info][gc,start       ] GC(376) Pause Young (Normal) (G1 Evacuation Pause)
[148.198s][info][gc,task        ] GC(376) Using 33 workers of 33 for evacuation
[148.202s][info][gc,phases      ] GC(376)   Pre Evacuate Collection Set: 0.1ms
[148.202s][info][gc,phases      ] GC(376)   Merge Heap Roots: 0.1ms
[148.202s][info][gc,phases      ] GC(376)   Evacuate Collection Set: 0.5ms
[148.202s][info][gc,phases      ] GC(376)   Post Evacuate Collection Set: 3.2ms
[148.202s][info][gc,phases      ] GC(376)   Other: 0.1ms
[148.202s][info][gc,heap        ] GC(376) Eden regions: 52->0(52)
[148.202s][info][gc,heap        ] GC(376) Survivor regions: 1->1(7)
[148.202s][info][gc,heap        ] GC(376) Old regions: 6->6
[148.202s][info][gc,heap        ] GC(376) Archive regions: 0->0
[148.202s][info][gc,heap        ] GC(376) Humongous regions: 0->0
[148.202s][info][gc,metaspace   ] GC(376) Metaspace: 14356K(15168K)->14356K(15168K) NonClass: 12393K(12864K)->12393K(12864K) Class: 1962K(2304K)->1962K(2304K)
[148.203s][info][gc             ] GC(376) Pause Young (Normal) (G1 Evacuation Pause) 839M->7M(1424M) 4.302ms
[148.203s][info][gc,cpu         ] GC(376) User=0.00s Sys=0.00s Real=0.01s
[148.715s][info][gc,start       ] GC(377) Pause Young (Normal) (G1 Evacuation Pause)
[148.715s][info][gc,task        ] GC(377) Using 33 workers of 33 for evacuation
[148.719s][info][gc,phases      ] GC(377)   Pre Evacuate Collection Set: 0.1ms
[148.720s][info][gc,phases      ] GC(377)   Merge Heap Roots: 0.1ms
[148.720s][info][gc,phases      ] GC(377)   Evacuate Collection Set: 0.6ms
[148.720s][info][gc,phases      ] GC(377)   Post Evacuate Collection Set: 3.3ms
[148.720s][info][gc,phases      ] GC(377)   Other: 0.1ms
[148.720s][info][gc,heap        ] GC(377) Eden regions: 52->0(52)
[148.720s][info][gc,heap        ] GC(377) Survivor regions: 1->1(7)
[148.720s][info][gc,heap        ] GC(377) Old regions: 6->6
[148.720s][info][gc,heap        ] GC(377) Archive regions: 0->0
[148.720s][info][gc,heap        ] GC(377) Humongous regions: 0->0
[148.720s][info][gc,metaspace   ] GC(377) Metaspace: 14356K(15168K)->14356K(15168K) NonClass: 12393K(12864K)->12393K(12864K) Class: 1962K(2304K)->1962K(2304K)
[148.720s][info][gc             ] GC(377) Pause Young (Normal) (G1 Evacuation Pause) 839M->7M(1424M) 4.385ms
[148.720s][info][gc,cpu         ] GC(377) User=0.00s Sys=0.00s Real=0.00s
[149.262s][info][gc,start       ] GC(378) Pause Young (Normal) (G1 Evacuation Pause)
[149.262s][info][gc,task        ] GC(378) Using 33 workers of 33 for evacuation
[149.266s][info][gc,phases      ] GC(378)   Pre Evacuate Collection Set: 0.1ms
[149.266s][info][gc,phases      ] GC(378)   Merge Heap Roots: 0.1ms
[149.266s][info][gc,phases      ] GC(378)   Evacuate Collection Set: 0.5ms
[149.266s][info][gc,phases      ] GC(378)   Post Evacuate Collection Set: 2.9ms
[149.266s][info][gc,phases      ] GC(378)   Other: 0.1ms
[149.266s][info][gc,heap        ] GC(378) Eden regions: 52->0(52)
[149.266s][info][gc,heap        ] GC(378) Survivor regions: 1->1(7)
[149.266s][info][gc,heap        ] GC(378) Old regions: 6->6
[149.266s][info][gc,heap        ] GC(378) Archive regions: 0->0
[149.266s][info][gc,heap        ] GC(378) Humongous regions: 0->0
[149.266s][info][gc,metaspace   ] GC(378) Metaspace: 14356K(15168K)->14356K(15168K) NonClass: 12393K(12864K)->12393K(12864K) Class: 1962K(2304K)->1962K(2304K)
[149.266s][info][gc             ] GC(378) Pause Young (Normal) (G1 Evacuation Pause) 839M->7M(1424M) 4.072ms
[149.266s][info][gc,cpu         ] GC(378) User=0.00s Sys=0.00s Real=0.00s
[149.775s][info][gc,start       ] GC(379) Pause Young (Normal) (G1 Evacuation Pause)
[149.775s][info][gc,task        ] GC(379) Using 33 workers of 33 for evacuation
[149.779s][info][gc,phases      ] GC(379)   Pre Evacuate Collection Set: 0.1ms
[149.779s][info][gc,phases      ] GC(379)   Merge Heap Roots: 0.1ms
[149.779s][info][gc,phases      ] GC(379)   Evacuate Collection Set: 0.5ms
[149.779s][info][gc,phases      ] GC(379)   Post Evacuate Collection Set: 3.0ms
[149.779s][info][gc,phases      ] GC(379)   Other: 0.1ms
[149.779s][info][gc,heap        ] GC(379) Eden regions: 52->0(52)
[149.779s][info][gc,heap        ] GC(379) Survivor regions: 1->1(7)
[149.779s][info][gc,heap        ] GC(379) Old regions: 6->6
[149.779s][info][gc,heap        ] GC(379) Archive regions: 0->0
[149.779s][info][gc,heap        ] GC(379) Humongous regions: 0->0
[149.779s][info][gc,metaspace   ] GC(379) Metaspace: 14356K(15168K)->14356K(15168K) NonClass: 12393K(12864K)->12393K(12864K) Class: 1962K(2304K)->1962K(2304K)
[149.779s][info][gc             ] GC(379) Pause Young (Normal) (G1 Evacuation Pause) 839M->7M(1424M) 4.108ms
[149.779s][info][gc,cpu         ] GC(379) User=0.00s Sys=0.00s Real=0.00s
[150.297s][info][gc,start       ] GC(380) Pause Young (Normal) (G1 Evacuation Pause)
[150.297s][info][gc,task        ] GC(380) Using 33 workers of 33 for evacuation
[150.301s][info][gc,phases      ] GC(380)   Pre Evacuate Collection Set: 0.1ms
[150.301s][info][gc,phases      ] GC(380)   Merge Heap Roots: 0.1ms
[150.301s][info][gc,phases      ] GC(380)   Evacuate Collection Set: 0.6ms
[150.301s][info][gc,phases      ] GC(380)   Post Evacuate Collection Set: 3.0ms
[150.301s][info][gc,phases      ] GC(380)   Other: 0.1ms
[150.301s][info][gc,heap        ] GC(380) Eden regions: 52->0(52)
[150.301s][info][gc,heap        ] GC(380) Survivor regions: 1->1(7)
[150.301s][info][gc,heap        ] GC(380) Old regions: 6->6
[150.301s][info][gc,heap        ] GC(380) Archive regions: 0->0
[150.301s][info][gc,heap        ] GC(380) Humongous regions: 0->0
[150.301s][info][gc,metaspace   ] GC(380) Metaspace: 14356K(15168K)->14356K(15168K) NonClass: 12393K(12864K)->12393K(12864K) Class: 1962K(2304K)->1962K(2304K)
[150.301s][info][gc             ] GC(380) Pause Young (Normal) (G1 Evacuation Pause) 839M->7M(1424M) 4.182ms
[150.301s][info][gc,cpu         ] GC(380) User=0.52s Sys=0.00s Real=0.00s
[150.810s][info][gc,start       ] GC(381) Pause Young (Normal) (G1 Evacuation Pause)
[150.810s][info][gc,task        ] GC(381) Using 33 workers of 33 for evacuation
[150.814s][info][gc,phases      ] GC(381)   Pre Evacuate Collection Set: 0.1ms
[150.814s][info][gc,phases      ] GC(381)   Merge Heap Roots: 0.1ms
[150.814s][info][gc,phases      ] GC(381)   Evacuate Collection Set: 0.6ms
[150.814s][info][gc,phases      ] GC(381)   Post Evacuate Collection Set: 3.2ms
[150.814s][info][gc,phases      ] GC(381)   Other: 0.1ms
[150.814s][info][gc,heap        ] GC(381) Eden regions: 52->0(52)
[150.814s][info][gc,heap        ] GC(381) Survivor regions: 1->1(7)
[150.814s][info][gc,heap        ] GC(381) Old regions: 6->7
[150.814s][info][gc,heap        ] GC(381) Archive regions: 0->0
[150.814s][info][gc,heap        ] GC(381) Humongous regions: 0->0
[150.814s][info][gc,metaspace   ] GC(381) Metaspace: 14356K(15168K)->14356K(15168K) NonClass: 12393K(12864K)->12393K(12864K) Class: 1962K(2304K)->1962K(2304K)
[150.814s][info][gc             ] GC(381) Pause Young (Normal) (G1 Evacuation Pause) 839M->7M(1424M) 4.377ms
[150.814s][info][gc,cpu         ] GC(381) User=0.05s Sys=0.00s Real=0.00s
[151.434s][info][gc,start       ] GC(382) Pause Young (Normal) (G1 Evacuation Pause)
[151.434s][info][gc,task        ] GC(382) Using 33 workers of 33 for evacuation
[151.439s][info][gc,phases      ] GC(382)   Pre Evacuate Collection Set: 0.2ms
[151.439s][info][gc,phases      ] GC(382)   Merge Heap Roots: 0.3ms
[151.439s][info][gc,phases      ] GC(382)   Evacuate Collection Set: 0.8ms
[151.439s][info][gc,phases      ] GC(382)   Post Evacuate Collection Set: 4.2ms
[151.439s][info][gc,phases      ] GC(382)   Other: 0.1ms
[151.439s][info][gc,heap        ] GC(382) Eden regions: 52->0(52)
[151.440s][info][gc,heap        ] GC(382) Survivor regions: 1->1(7)
[151.440s][info][gc,heap        ] GC(382) Old regions: 7->7
[151.440s][info][gc,heap        ] GC(382) Archive regions: 0->0
[151.440s][info][gc,heap        ] GC(382) Humongous regions: 0->0
[151.440s][info][gc,metaspace   ] GC(382) Metaspace: 14356K(15168K)->14356K(15168K) NonClass: 12393K(12864K)->12393K(12864K) Class: 1962K(2304K)->1962K(2304K)
[151.440s][info][gc             ] GC(382) Pause Young (Normal) (G1 Evacuation Pause) 839M->7M(1424M) 6.243ms
[151.440s][info][gc,cpu         ] GC(382) User=0.52s Sys=0.00s Real=0.01s
[151.975s][info][gc,start       ] GC(383) Pause Young (Normal) (G1 Evacuation Pause)
[151.975s][info][gc,task        ] GC(383) Using 33 workers of 33 for evacuation
[151.979s][info][gc,phases      ] GC(383)   Pre Evacuate Collection Set: 0.1ms
[151.979s][info][gc,phases      ] GC(383)   Merge Heap Roots: 0.2ms
[151.979s][info][gc,phases      ] GC(383)   Evacuate Collection Set: 0.3ms
[151.979s][info][gc,phases      ] GC(383)   Post Evacuate Collection Set: 2.9ms
[151.979s][info][gc,phases      ] GC(383)   Other: 0.1ms
[151.979s][info][gc,heap        ] GC(383) Eden regions: 52->0(52)
[151.979s][info][gc,heap        ] GC(383) Survivor regions: 1->1(7)
[151.979s][info][gc,heap        ] GC(383) Old regions: 7->7
[151.979s][info][gc,heap        ] GC(383) Archive regions: 0->0
[151.979s][info][gc,heap        ] GC(383) Humongous regions: 0->0
[151.979s][info][gc,metaspace   ] GC(383) Metaspace: 14356K(15168K)->14356K(15168K) NonClass: 12393K(12864K)->12393K(12864K) Class: 1962K(2304K)->1962K(2304K)
[151.979s][info][gc             ] GC(383) Pause Young (Normal) (G1 Evacuation Pause) 839M->7M(1424M) 3.828ms
[151.979s][info][gc,cpu         ] GC(383) User=0.00s Sys=0.00s Real=0.00s
[152.503s][info][gc,start       ] GC(384) Pause Young (Normal) (G1 Evacuation Pause)
[152.503s][info][gc,task        ] GC(384) Using 33 workers of 33 for evacuation
[152.506s][info][gc,phases      ] GC(384)   Pre Evacuate Collection Set: 0.1ms
[152.506s][info][gc,phases      ] GC(384)   Merge Heap Roots: 0.2ms
[152.506s][info][gc,phases      ] GC(384)   Evacuate Collection Set: 0.4ms
[152.506s][info][gc,phases      ] GC(384)   Post Evacuate Collection Set: 2.9ms
[152.506s][info][gc,phases      ] GC(384)   Other: 0.1ms
[152.506s][info][gc,heap        ] GC(384) Eden regions: 52->0(52)
[152.506s][info][gc,heap        ] GC(384) Survivor regions: 1->1(7)
[152.506s][info][gc,heap        ] GC(384) Old regions: 7->7
[152.506s][info][gc,heap        ] GC(384) Archive regions: 0->0
[152.506s][info][gc,heap        ] GC(384) Humongous regions: 0->0
[152.506s][info][gc,metaspace   ] GC(384) Metaspace: 14356K(15168K)->14356K(15168K) NonClass: 12393K(12864K)->12393K(12864K) Class: 1962K(2304K)->1962K(2304K)
[152.506s][info][gc             ] GC(384) Pause Young (Normal) (G1 Evacuation Pause) 839M->8M(1424M) 3.827ms
[152.506s][info][gc,cpu         ] GC(384) User=0.00s Sys=0.00s Real=0.00s
[153.021s][info][gc,start       ] GC(385) Pause Young (Normal) (G1 Evacuation Pause)
[153.021s][info][gc,task        ] GC(385) Using 33 workers of 33 for evacuation
[153.025s][info][gc,phases      ] GC(385)   Pre Evacuate Collection Set: 0.1ms
[153.025s][info][gc,phases      ] GC(385)   Merge Heap Roots: 0.2ms
[153.025s][info][gc,phases      ] GC(385)   Evacuate Collection Set: 0.4ms
[153.025s][info][gc,phases      ] GC(385)   Post Evacuate Collection Set: 3.0ms
[153.025s][info][gc,phases      ] GC(385)   Other: 0.1ms
[153.025s][info][gc,heap        ] GC(385) Eden regions: 52->0(52)
[153.025s][info][gc,heap        ] GC(385) Survivor regions: 1->1(7)
[153.025s][info][gc,heap        ] GC(385) Old regions: 7->7
[153.025s][info][gc,heap        ] GC(385) Archive regions: 0->0
[153.025s][info][gc,heap        ] GC(385) Humongous regions: 0->0
[153.025s][info][gc,metaspace   ] GC(385) Metaspace: 14356K(15168K)->14356K(15168K) NonClass: 12393K(12864K)->12393K(12864K) Class: 1962K(2304K)->1962K(2304K)
[153.025s][info][gc             ] GC(385) Pause Young (Normal) (G1 Evacuation Pause) 840M->8M(1424M) 3.982ms
[153.025s][info][gc,cpu         ] GC(385) User=0.00s Sys=0.00s Real=0.00s
[153.544s][info][gc,start       ] GC(386) Pause Young (Normal) (G1 Evacuation Pause)
[153.544s][info][gc,task        ] GC(386) Using 33 workers of 33 for evacuation
[153.548s][info][gc,phases      ] GC(386)   Pre Evacuate Collection Set: 0.1ms
[153.548s][info][gc,phases      ] GC(386)   Merge Heap Roots: 0.1ms
[153.548s][info][gc,phases      ] GC(386)   Evacuate Collection Set: 0.4ms
[153.548s][info][gc,phases      ] GC(386)   Post Evacuate Collection Set: 3.2ms
[153.548s][info][gc,phases      ] GC(386)   Other: 0.1ms
[153.548s][info][gc,heap        ] GC(386) Eden regions: 52->0(52)
[153.548s][info][gc,heap        ] GC(386) Survivor regions: 1->1(7)
[153.548s][info][gc,heap        ] GC(386) Old regions: 7->7
[153.548s][info][gc,heap        ] GC(386) Archive regions: 0->0
[153.548s][info][gc,heap        ] GC(386) Humongous regions: 0->0
[153.548s][info][gc,metaspace   ] GC(386) Metaspace: 14356K(15168K)->14356K(15168K) NonClass: 12393K(12864K)->12393K(12864K) Class: 1962K(2304K)->1962K(2304K)
[153.548s][info][gc             ] GC(386) Pause Young (Normal) (G1 Evacuation Pause) 840M->8M(1424M) 4.138ms
[153.548s][info][gc,cpu         ] GC(386) User=0.00s Sys=0.00s Real=0.00s
[154.064s][info][gc,start       ] GC(387) Pause Young (Normal) (G1 Evacuation Pause)
[154.064s][info][gc,task        ] GC(387) Using 33 workers of 33 for evacuation
[154.068s][info][gc,phases      ] GC(387)   Pre Evacuate Collection Set: 0.1ms
[154.068s][info][gc,phases      ] GC(387)   Merge Heap Roots: 0.1ms
[154.068s][info][gc,phases      ] GC(387)   Evacuate Collection Set: 0.4ms
[154.068s][info][gc,phases      ] GC(387)   Post Evacuate Collection Set: 3.2ms
[154.068s][info][gc,phases      ] GC(387)   Other: 0.1ms
[154.068s][info][gc,heap        ] GC(387) Eden regions: 52->0(52)
[154.068s][info][gc,heap        ] GC(387) Survivor regions: 1->1(7)
[154.068s][info][gc,heap        ] GC(387) Old regions: 7->7
[154.069s][info][gc,heap        ] GC(387) Archive regions: 0->0
[154.069s][info][gc,heap        ] GC(387) Humongous regions: 0->0
[154.069s][info][gc,metaspace   ] GC(387) Metaspace: 14356K(15168K)->14356K(15168K) NonClass: 12393K(12864K)->12393K(12864K) Class: 1962K(2304K)->1962K(2304K)
[154.069s][info][gc             ] GC(387) Pause Young (Normal) (G1 Evacuation Pause) 840M->8M(1424M) 4.233ms
[154.069s][info][gc,cpu         ] GC(387) User=0.00s Sys=0.00s Real=0.00s
[154.553s][info][gc,start       ] GC(388) Pause Young (Normal) (G1 Evacuation Pause)
[154.553s][info][gc,task        ] GC(388) Using 33 workers of 33 for evacuation
[154.557s][info][gc,phases      ] GC(388)   Pre Evacuate Collection Set: 0.1ms
[154.557s][info][gc,phases      ] GC(388)   Merge Heap Roots: 0.2ms
[154.557s][info][gc,phases      ] GC(388)   Evacuate Collection Set: 0.5ms
[154.557s][info][gc,phases      ] GC(388)   Post Evacuate Collection Set: 3.2ms
[154.557s][info][gc,phases      ] GC(388)   Other: 0.1ms
[154.557s][info][gc,heap        ] GC(388) Eden regions: 52->0(52)
[154.557s][info][gc,heap        ] GC(388) Survivor regions: 1->1(7)
[154.557s][info][gc,heap        ] GC(388) Old regions: 7->7
[154.557s][info][gc,heap        ] GC(388) Archive regions: 0->0
[154.557s][info][gc,heap        ] GC(388) Humongous regions: 0->0
[154.557s][info][gc,metaspace   ] GC(388) Metaspace: 14356K(15168K)->14356K(15168K) NonClass: 12393K(12864K)->12393K(12864K) Class: 1962K(2304K)->1962K(2304K)
[154.557s][info][gc             ] GC(388) Pause Young (Normal) (G1 Evacuation Pause) 840M->8M(1424M) 4.202ms
[154.557s][info][gc,cpu         ] GC(388) User=0.00s Sys=0.00s Real=0.00s
[154.758s][info][gc,start       ] GC(389) Pause Full (System.gc())
[154.758s][info][gc,task        ] GC(389) Using 8 workers of 33 for full compaction
[154.759s][info][gc,phases,start] GC(389) Phase 1: Mark live objects
[154.767s][info][gc,phases      ] GC(389) Phase 1: Mark live objects 8.838ms
[154.767s][info][gc,phases,start] GC(389) Phase 2: Prepare compaction
[154.769s][info][gc,phases      ] GC(389) Phase 2: Prepare compaction 1.599ms
[154.769s][info][gc,phases,start] GC(389) Phase 3: Adjust pointers
[154.777s][info][gc,phases      ] GC(389) Phase 3: Adjust pointers 7.407ms
[154.777s][info][gc,phases,start] GC(389) Phase 4: Compact heap
[154.778s][info][gc,phases      ] GC(389) Phase 4: Compact heap 1.150ms
[154.787s][info][gc,heap        ] GC(389) Eden regions: 16->0(12)
[154.787s][info][gc,heap        ] GC(389) Survivor regions: 1->0(7)
[154.787s][info][gc,heap        ] GC(389) Old regions: 7->6
[154.787s][info][gc,heap        ] GC(389) Archive regions: 0->0
[154.787s][info][gc,heap        ] GC(389) Humongous regions: 0->0
[154.787s][info][gc,metaspace   ] GC(389) Metaspace: 14356K(15168K)->14356K(15168K) NonClass: 12393K(12864K)->12393K(12864K) Class: 1962K(2304K)->1962K(2304K)
[154.787s][info][gc             ] GC(389) Pause Full (System.gc()) 256M->5M(320M) 28.955ms
[154.787s][info][gc,cpu         ] GC(389) User=0.13s Sys=0.00s Real=0.02s
[154.915s][info][gc,start       ] GC(390) Pause Young (Normal) (G1 Evacuation Pause)
[154.915s][info][gc,task        ] GC(390) Using 33 workers of 33 for evacuation
[154.918s][info][gc,phases      ] GC(390)   Pre Evacuate Collection Set: 0.1ms
[154.918s][info][gc,phases      ] GC(390)   Merge Heap Roots: 0.1ms
[154.918s][info][gc,phases      ] GC(390)   Evacuate Collection Set: 0.4ms
[154.918s][info][gc,phases      ] GC(390)   Post Evacuate Collection Set: 2.1ms
[154.918s][info][gc,phases      ] GC(390)   Other: 0.1ms
[154.918s][info][gc,heap        ] GC(390) Eden regions: 12->0(11)
[154.918s][info][gc,heap        ] GC(390) Survivor regions: 0->1(2)
[154.918s][info][gc,heap        ] GC(390) Old regions: 6->6
[154.918s][info][gc,heap        ] GC(390) Archive regions: 0->0
[154.918s][info][gc,heap        ] GC(390) Humongous regions: 0->0
[154.918s][info][gc,metaspace   ] GC(390) Metaspace: 14359K(15232K)->14359K(15232K) NonClass: 12396K(12928K)->12396K(12928K) Class: 1962K(2304K)->1962K(2304K)
[154.918s][info][gc             ] GC(390) Pause Young (Normal) (G1 Evacuation Pause) 197M->6M(320M) 3.029ms
[154.918s][info][gc,cpu         ] GC(390) User=0.00s Sys=0.00s Real=0.00s
[155.031s][info][gc,start       ] GC(391) Pause Young (Normal) (G1 Evacuation Pause)
[155.031s][info][gc,task        ] GC(391) Using 33 workers of 33 for evacuation
[155.034s][info][gc,phases      ] GC(391)   Pre Evacuate Collection Set: 0.1ms
[155.034s][info][gc,phases      ] GC(391)   Merge Heap Roots: 0.1ms
[155.034s][info][gc,phases      ] GC(391)   Evacuate Collection Set: 0.5ms
[155.034s][info][gc,phases      ] GC(391)   Post Evacuate Collection Set: 2.0ms
[155.034s][info][gc,phases      ] GC(391)   Other: 0.1ms
[155.034s][info][gc,heap        ] GC(391) Eden regions: 11->0(11)
[155.034s][info][gc,heap        ] GC(391) Survivor regions: 1->1(2)
[155.034s][info][gc,heap        ] GC(391) Old regions: 6->6
[155.034s][info][gc,heap        ] GC(391) Archive regions: 0->0
[155.034s][info][gc,heap        ] GC(391) Humongous regions: 0->0
[155.034s][info][gc,metaspace   ] GC(391) Metaspace: 14359K(15232K)->14359K(15232K) NonClass: 12396K(12928K)->12396K(12928K) Class: 1962K(2304K)->1962K(2304K)
[155.034s][info][gc             ] GC(391) Pause Young (Normal) (G1 Evacuation Pause) 182M->6M(320M) 3.009ms
[155.034s][info][gc,cpu         ] GC(391) User=0.52s Sys=0.00s Real=0.00s
[155.145s][info][gc,start       ] GC(392) Pause Young (Normal) (G1 Evacuation Pause)
[155.146s][info][gc,task        ] GC(392) Using 33 workers of 33 for evacuation
[155.148s][info][gc,phases      ] GC(392)   Pre Evacuate Collection Set: 0.1ms
[155.148s][info][gc,phases      ] GC(392)   Merge Heap Roots: 0.1ms
[155.148s][info][gc,phases      ] GC(392)   Evacuate Collection Set: 0.4ms
[155.148s][info][gc,phases      ] GC(392)   Post Evacuate Collection Set: 2.0ms
[155.148s][info][gc,phases      ] GC(392)   Other: 0.1ms
[155.148s][info][gc,heap        ] GC(392) Eden regions: 11->0(11)
[155.148s][info][gc,heap        ] GC(392) Survivor regions: 1->1(2)
[155.148s][info][gc,heap        ] GC(392) Old regions: 6->6
[155.148s][info][gc,heap        ] GC(392) Archive regions: 0->0
[155.148s][info][gc,heap        ] GC(392) Humongous regions: 0->0
[155.148s][info][gc,metaspace   ] GC(392) Metaspace: 14359K(15232K)->14359K(15232K) NonClass: 12396K(12928K)->12396K(12928K) Class: 1962K(2304K)->1962K(2304K)
[155.148s][info][gc             ] GC(392) Pause Young (Normal) (G1 Evacuation Pause) 182M->6M(320M) 2.963ms
[155.148s][info][gc,cpu         ] GC(392) User=0.00s Sys=0.00s Real=0.00s
[155.255s][info][gc,start       ] GC(393) Pause Young (Normal) (G1 Evacuation Pause)
[155.255s][info][gc,task        ] GC(393) Using 33 workers of 33 for evacuation
[155.261s][info][gc,phases      ] GC(393)   Pre Evacuate Collection Set: 0.1ms
[155.261s][info][gc,phases      ] GC(393)   Merge Heap Roots: 0.1ms
[155.261s][info][gc,phases      ] GC(393)   Evacuate Collection Set: 0.5ms
[155.261s][info][gc,phases      ] GC(393)   Post Evacuate Collection Set: 4.4ms
[155.261s][info][gc,phases      ] GC(393)   Other: 0.1ms
[155.261s][info][gc,heap        ] GC(393) Eden regions: 11->0(43)
[155.261s][info][gc,heap        ] GC(393) Survivor regions: 1->1(2)
[155.261s][info][gc,heap        ] GC(393) Old regions: 6->6
[155.261s][info][gc,heap        ] GC(393) Archive regions: 0->0
[155.261s][info][gc,heap        ] GC(393) Humongous regions: 0->0
[155.261s][info][gc,metaspace   ] GC(393) Metaspace: 14359K(15232K)->14359K(15232K) NonClass: 12396K(12928K)->12396K(12928K) Class: 1962K(2304K)->1962K(2304K)
[155.261s][info][gc             ] GC(393) Pause Young (Normal) (G1 Evacuation Pause) 182M->6M(1184M) 5.366ms
[155.261s][info][gc,cpu         ] GC(393) User=0.00s Sys=0.00s Real=0.00s
[155.659s][info][gc,start       ] GC(394) Pause Young (Normal) (G1 Evacuation Pause)
[155.659s][info][gc,task        ] GC(394) Using 33 workers of 33 for evacuation
[155.664s][info][gc,phases      ] GC(394)   Pre Evacuate Collection Set: 0.1ms
[155.664s][info][gc,phases      ] GC(394)   Merge Heap Roots: 0.1ms
[155.664s][info][gc,phases      ] GC(394)   Evacuate Collection Set: 1.9ms
[155.664s][info][gc,phases      ] GC(394)   Post Evacuate Collection Set: 2.9ms
[155.664s][info][gc,phases      ] GC(394)   Other: 0.1ms
[155.664s][info][gc,heap        ] GC(394) Eden regions: 43->0(43)
[155.664s][info][gc,heap        ] GC(394) Survivor regions: 1->1(6)
[155.664s][info][gc,heap        ] GC(394) Old regions: 6->6
[155.664s][info][gc,heap        ] GC(394) Archive regions: 0->0
[155.664s][info][gc,heap        ] GC(394) Humongous regions: 0->0
[155.664s][info][gc,metaspace   ] GC(394) Metaspace: 14359K(15232K)->14359K(15232K) NonClass: 12396K(12928K)->12396K(12928K) Class: 1962K(2304K)->1962K(2304K)
[155.664s][info][gc             ] GC(394) Pause Young (Normal) (G1 Evacuation Pause) 694M->6M(1184M) 5.360ms
[155.664s][info][gc,cpu         ] GC(394) User=0.00s Sys=0.00s Real=0.00s
[156.084s][info][gc,start       ] GC(395) Pause Young (Normal) (G1 Evacuation Pause)
[156.085s][info][gc,task        ] GC(395) Using 33 workers of 33 for evacuation
[156.090s][info][gc,phases      ] GC(395)   Pre Evacuate Collection Set: 0.1ms
[156.090s][info][gc,phases      ] GC(395)   Merge Heap Roots: 0.1ms
[156.090s][info][gc,phases      ] GC(395)   Evacuate Collection Set: 2.0ms
[156.090s][info][gc,phases      ] GC(395)   Post Evacuate Collection Set: 2.9ms
[156.090s][info][gc,phases      ] GC(395)   Other: 0.1ms
[156.090s][info][gc,heap        ] GC(395) Eden regions: 43->0(43)
[156.090s][info][gc,heap        ] GC(395) Survivor regions: 1->1(6)
[156.090s][info][gc,heap        ] GC(395) Old regions: 6->6
[156.090s][info][gc,heap        ] GC(395) Archive regions: 0->0
[156.090s][info][gc,heap        ] GC(395) Humongous regions: 0->0
[156.090s][info][gc,metaspace   ] GC(395) Metaspace: 14359K(15232K)->14359K(15232K) NonClass: 12396K(12928K)->12396K(12928K) Class: 1962K(2304K)->1962K(2304K)
[156.090s][info][gc             ] GC(395) Pause Young (Normal) (G1 Evacuation Pause) 694M->6M(1184M) 5.453ms
[156.090s][info][gc,cpu         ] GC(395) User=0.00s Sys=0.00s Real=0.01s
[156.517s][info][gc,start       ] GC(396) Pause Young (Normal) (G1 Evacuation Pause)
[156.517s][info][gc,task        ] GC(396) Using 33 workers of 33 for evacuation
[156.521s][info][gc,phases      ] GC(396)   Pre Evacuate Collection Set: 0.1ms
[156.521s][info][gc,phases      ] GC(396)   Merge Heap Roots: 0.1ms
[156.521s][info][gc,phases      ] GC(396)   Evacuate Collection Set: 0.6ms
[156.521s][info][gc,phases      ] GC(396)   Post Evacuate Collection Set: 3.0ms
[156.521s][info][gc,phases      ] GC(396)   Other: 0.1ms
[156.521s][info][gc,heap        ] GC(396) Eden regions: 43->0(43)
[156.521s][info][gc,heap        ] GC(396) Survivor regions: 1->1(6)
[156.521s][info][gc,heap        ] GC(396) Old regions: 6->6
[156.521s][info][gc,heap        ] GC(396) Archive regions: 0->0
[156.521s][info][gc,heap        ] GC(396) Humongous regions: 0->0
[156.521s][info][gc,metaspace   ] GC(396) Metaspace: 14359K(15232K)->14359K(15232K) NonClass: 12396K(12928K)->12396K(12928K) Class: 1962K(2304K)->1962K(2304K)
[156.521s][info][gc             ] GC(396) Pause Young (Normal) (G1 Evacuation Pause) 694M->6M(1184M) 4.096ms
[156.521s][info][gc,cpu         ] GC(396) User=0.02s Sys=0.00s Real=0.00s
[156.943s][info][gc,start       ] GC(397) Pause Young (Normal) (G1 Evacuation Pause)
[156.943s][info][gc,task        ] GC(397) Using 33 workers of 33 for evacuation
[156.947s][info][gc,phases      ] GC(397)   Pre Evacuate Collection Set: 0.1ms
[156.947s][info][gc,phases      ] GC(397)   Merge Heap Roots: 0.1ms
[156.947s][info][gc,phases      ] GC(397)   Evacuate Collection Set: 0.5ms
[156.947s][info][gc,phases      ] GC(397)   Post Evacuate Collection Set: 3.1ms
[156.947s][info][gc,phases      ] GC(397)   Other: 0.1ms
[156.947s][info][gc,heap        ] GC(397) Eden regions: 43->0(43)
[156.947s][info][gc,heap        ] GC(397) Survivor regions: 1->1(6)
[156.947s][info][gc,heap        ] GC(397) Old regions: 6->6
[156.947s][info][gc,heap        ] GC(397) Archive regions: 0->0
[156.947s][info][gc,heap        ] GC(397) Humongous regions: 0->0
[156.947s][info][gc,metaspace   ] GC(397) Metaspace: 14359K(15232K)->14359K(15232K) NonClass: 12396K(12928K)->12396K(12928K) Class: 1962K(2304K)->1962K(2304K)
[156.947s][info][gc             ] GC(397) Pause Young (Normal) (G1 Evacuation Pause) 694M->7M(1184M) 4.179ms
[156.947s][info][gc,cpu         ] GC(397) User=0.00s Sys=0.00s Real=0.00s
[157.367s][info][gc,start       ] GC(398) Pause Young (Normal) (G1 Evacuation Pause)
[157.367s][info][gc,task        ] GC(398) Using 33 workers of 33 for evacuation
[157.371s][info][gc,phases      ] GC(398)   Pre Evacuate Collection Set: 0.1ms
[157.371s][info][gc,phases      ] GC(398)   Merge Heap Roots: 0.1ms
[157.371s][info][gc,phases      ] GC(398)   Evacuate Collection Set: 0.5ms
[157.371s][info][gc,phases      ] GC(398)   Post Evacuate Collection Set: 3.2ms
[157.371s][info][gc,phases      ] GC(398)   Other: 0.1ms
[157.371s][info][gc,heap        ] GC(398) Eden regions: 43->0(43)
[157.371s][info][gc,heap        ] GC(398) Survivor regions: 1->1(6)
[157.371s][info][gc,heap        ] GC(398) Old regions: 6->6
[157.371s][info][gc,heap        ] GC(398) Archive regions: 0->0
[157.371s][info][gc,heap        ] GC(398) Humongous regions: 0->0
[157.371s][info][gc,metaspace   ] GC(398) Metaspace: 14359K(15232K)->14359K(15232K) NonClass: 12396K(12928K)->12396K(12928K) Class: 1962K(2304K)->1962K(2304K)
[157.372s][info][gc             ] GC(398) Pause Young (Normal) (G1 Evacuation Pause) 695M->7M(1184M) 4.266ms
[157.372s][info][gc,cpu         ] GC(398) User=0.00s Sys=0.00s Real=0.00s
[157.794s][info][gc,start       ] GC(399) Pause Young (Normal) (G1 Evacuation Pause)
[157.795s][info][gc,task        ] GC(399) Using 33 workers of 33 for evacuation
[157.799s][info][gc,phases      ] GC(399)   Pre Evacuate Collection Set: 0.1ms
[157.799s][info][gc,phases      ] GC(399)   Merge Heap Roots: 0.1ms
[157.799s][info][gc,phases      ] GC(399)   Evacuate Collection Set: 0.6ms
[157.799s][info][gc,phases      ] GC(399)   Post Evacuate Collection Set: 3.2ms
[157.799s][info][gc,phases      ] GC(399)   Other: 0.1ms
[157.799s][info][gc,heap        ] GC(399) Eden regions: 43->0(43)
[157.799s][info][gc,heap        ] GC(399) Survivor regions: 1->1(6)
[157.799s][info][gc,heap        ] GC(399) Old regions: 6->6
[157.799s][info][gc,heap        ] GC(399) Archive regions: 0->0
[157.799s][info][gc,heap        ] GC(399) Humongous regions: 0->0
[157.799s][info][gc,metaspace   ] GC(399) Metaspace: 14359K(15232K)->14359K(15232K) NonClass: 12396K(12928K)->12396K(12928K) Class: 1962K(2304K)->1962K(2304K)
[157.799s][info][gc             ] GC(399) Pause Young (Normal) (G1 Evacuation Pause) 695M->7M(1184M) 4.349ms
[157.799s][info][gc,cpu         ] GC(399) User=0.00s Sys=0.00s Real=0.00s
[158.225s][info][gc,start       ] GC(400) Pause Young (Normal) (G1 Evacuation Pause)
[158.226s][info][gc,task        ] GC(400) Using 33 workers of 33 for evacuation
[158.230s][info][gc,phases      ] GC(400)   Pre Evacuate Collection Set: 0.1ms
[158.230s][info][gc,phases      ] GC(400)   Merge Heap Roots: 0.1ms
[158.230s][info][gc,phases      ] GC(400)   Evacuate Collection Set: 0.5ms
[158.230s][info][gc,phases      ] GC(400)   Post Evacuate Collection Set: 3.1ms
[158.230s][info][gc,phases      ] GC(400)   Other: 0.1ms
[158.230s][info][gc,heap        ] GC(400) Eden regions: 43->0(43)
[158.230s][info][gc,heap        ] GC(400) Survivor regions: 1->1(6)
[158.230s][info][gc,heap        ] GC(400) Old regions: 6->6
[158.230s][info][gc,heap        ] GC(400) Archive regions: 0->0
[158.230s][info][gc,heap        ] GC(400) Humongous regions: 0->0
[158.230s][info][gc,metaspace   ] GC(400) Metaspace: 14359K(15232K)->14359K(15232K) NonClass: 12396K(12928K)->12396K(12928K) Class: 1962K(2304K)->1962K(2304K)
[158.230s][info][gc             ] GC(400) Pause Young (Normal) (G1 Evacuation Pause) 695M->7M(1184M) 4.182ms
[158.230s][info][gc,cpu         ] GC(400) User=0.00s Sys=0.00s Real=0.00s
[158.670s][info][gc,start       ] GC(401) Pause Young (Normal) (G1 Evacuation Pause)
[158.670s][info][gc,task        ] GC(401) Using 33 workers of 33 for evacuation
[158.674s][info][gc,phases      ] GC(401)   Pre Evacuate Collection Set: 0.1ms
[158.674s][info][gc,phases      ] GC(401)   Merge Heap Roots: 0.1ms
[158.674s][info][gc,phases      ] GC(401)   Evacuate Collection Set: 0.5ms
[158.674s][info][gc,phases      ] GC(401)   Post Evacuate Collection Set: 2.9ms
[158.674s][info][gc,phases      ] GC(401)   Other: 0.1ms
[158.674s][info][gc,heap        ] GC(401) Eden regions: 43->0(43)
[158.674s][info][gc,heap        ] GC(401) Survivor regions: 1->1(6)
[158.674s][info][gc,heap        ] GC(401) Old regions: 6->6
[158.674s][info][gc,heap        ] GC(401) Archive regions: 0->0
[158.674s][info][gc,heap        ] GC(401) Humongous regions: 0->0
[158.674s][info][gc,metaspace   ] GC(401) Metaspace: 14359K(15232K)->14359K(15232K) NonClass: 12396K(12928K)->12396K(12928K) Class: 1962K(2304K)->1962K(2304K)
[158.674s][info][gc             ] GC(401) Pause Young (Normal) (G1 Evacuation Pause) 695M->7M(1184M) 4.036ms
[158.674s][info][gc,cpu         ] GC(401) User=0.00s Sys=0.00s Real=0.00s
[159.097s][info][gc,start       ] GC(402) Pause Young (Normal) (G1 Evacuation Pause)
[159.097s][info][gc,task        ] GC(402) Using 33 workers of 33 for evacuation
[159.101s][info][gc,phases      ] GC(402)   Pre Evacuate Collection Set: 0.1ms
[159.101s][info][gc,phases      ] GC(402)   Merge Heap Roots: 0.1ms
[159.101s][info][gc,phases      ] GC(402)   Evacuate Collection Set: 0.6ms
[159.101s][info][gc,phases      ] GC(402)   Post Evacuate Collection Set: 2.9ms
[159.101s][info][gc,phases      ] GC(402)   Other: 0.1ms
[159.101s][info][gc,heap        ] GC(402) Eden regions: 43->0(43)
[159.101s][info][gc,heap        ] GC(402) Survivor regions: 1->1(6)
[159.101s][info][gc,heap        ] GC(402) Old regions: 6->6
[159.101s][info][gc,heap        ] GC(402) Archive regions: 0->0
[159.101s][info][gc,heap        ] GC(402) Humongous regions: 0->0
[159.101s][info][gc,metaspace   ] GC(402) Metaspace: 14359K(15232K)->14359K(15232K) NonClass: 12396K(12928K)->12396K(12928K) Class: 1962K(2304K)->1962K(2304K)
[159.101s][info][gc             ] GC(402) Pause Young (Normal) (G1 Evacuation Pause) 695M->7M(1184M) 4.040ms
[159.101s][info][gc,cpu         ] GC(402) User=0.00s Sys=0.00s Real=0.00s
[159.520s][info][gc,start       ] GC(403) Pause Young (Normal) (G1 Evacuation Pause)
[159.521s][info][gc,task        ] GC(403) Using 33 workers of 33 for evacuation
[159.524s][info][gc,phases      ] GC(403)   Pre Evacuate Collection Set: 0.1ms
[159.524s][info][gc,phases      ] GC(403)   Merge Heap Roots: 0.1ms
[159.524s][info][gc,phases      ] GC(403)   Evacuate Collection Set: 0.6ms
[159.524s][info][gc,phases      ] GC(403)   Post Evacuate Collection Set: 3.0ms
[159.524s][info][gc,phases      ] GC(403)   Other: 0.1ms
[159.524s][info][gc,heap        ] GC(403) Eden regions: 43->0(43)
[159.524s][info][gc,heap        ] GC(403) Survivor regions: 1->1(6)
[159.524s][info][gc,heap        ] GC(403) Old regions: 6->6
[159.524s][info][gc,heap        ] GC(403) Archive regions: 0->0
[159.524s][info][gc,heap        ] GC(403) Humongous regions: 0->0
[159.524s][info][gc,metaspace   ] GC(403) Metaspace: 14359K(15232K)->14359K(15232K) NonClass: 12396K(12928K)->12396K(12928K) Class: 1962K(2304K)->1962K(2304K)
[159.524s][info][gc             ] GC(403) Pause Young (Normal) (G1 Evacuation Pause) 695M->7M(1184M) 4.035ms
[159.524s][info][gc,cpu         ] GC(403) User=0.00s Sys=0.00s Real=0.00s
[159.950s][info][gc,start       ] GC(404) Pause Young (Normal) (G1 Evacuation Pause)
[159.950s][info][gc,task        ] GC(404) Using 33 workers of 33 for evacuation
[159.954s][info][gc,phases      ] GC(404)   Pre Evacuate Collection Set: 0.1ms
[159.954s][info][gc,phases      ] GC(404)   Merge Heap Roots: 0.1ms
[159.954s][info][gc,phases      ] GC(404)   Evacuate Collection Set: 0.6ms
[159.954s][info][gc,phases      ] GC(404)   Post Evacuate Collection Set: 3.1ms
[159.954s][info][gc,phases      ] GC(404)   Other: 0.1ms
[159.954s][info][gc,heap        ] GC(404) Eden regions: 43->0(43)
[159.954s][info][gc,heap        ] GC(404) Survivor regions: 1->1(6)
[159.954s][info][gc,heap        ] GC(404) Old regions: 6->6
[159.954s][info][gc,heap        ] GC(404) Archive regions: 0->0
[159.954s][info][gc,heap        ] GC(404) Humongous regions: 0->0
[159.954s][info][gc,metaspace   ] GC(404) Metaspace: 14359K(15232K)->14359K(15232K) NonClass: 12396K(12928K)->12396K(12928K) Class: 1962K(2304K)->1962K(2304K)
[159.954s][info][gc             ] GC(404) Pause Young (Normal) (G1 Evacuation Pause) 695M->7M(1184M) 4.259ms
[159.954s][info][gc,cpu         ] GC(404) User=0.00s Sys=0.00s Real=0.00s
[160.377s][info][gc,start       ] GC(405) Pause Young (Normal) (G1 Evacuation Pause)
[160.377s][info][gc,task        ] GC(405) Using 33 workers of 33 for evacuation
[160.381s][info][gc,phases      ] GC(405)   Pre Evacuate Collection Set: 0.1ms
[160.381s][info][gc,phases      ] GC(405)   Merge Heap Roots: 0.1ms
[160.381s][info][gc,phases      ] GC(405)   Evacuate Collection Set: 0.5ms
[160.381s][info][gc,phases      ] GC(405)   Post Evacuate Collection Set: 3.2ms
[160.381s][info][gc,phases      ] GC(405)   Other: 0.1ms
[160.381s][info][gc,heap        ] GC(405) Eden regions: 43->0(43)
[160.381s][info][gc,heap        ] GC(405) Survivor regions: 1->1(6)
[160.381s][info][gc,heap        ] GC(405) Old regions: 6->7
[160.381s][info][gc,heap        ] GC(405) Archive regions: 0->0
[160.381s][info][gc,heap        ] GC(405) Humongous regions: 0->0
[160.381s][info][gc,metaspace   ] GC(405) Metaspace: 14359K(15232K)->14359K(15232K) NonClass: 12396K(12928K)->12396K(12928K) Class: 1962K(2304K)->1962K(2304K)
[160.381s][info][gc             ] GC(405) Pause Young (Normal) (G1 Evacuation Pause) 695M->7M(1184M) 4.353ms
[160.381s][info][gc,cpu         ] GC(405) User=0.00s Sys=0.02s Real=0.00s
[160.938s][info][gc,start       ] GC(406) Pause Young (Normal) (G1 Evacuation Pause)
[160.938s][info][gc,task        ] GC(406) Using 33 workers of 33 for evacuation
[160.944s][info][gc,phases      ] GC(406)   Pre Evacuate Collection Set: 0.2ms
[160.944s][info][gc,phases      ] GC(406)   Merge Heap Roots: 0.2ms
[160.944s][info][gc,phases      ] GC(406)   Evacuate Collection Set: 0.6ms
[160.944s][info][gc,phases      ] GC(406)   Post Evacuate Collection Set: 4.1ms
[160.944s][info][gc,phases      ] GC(406)   Other: 0.1ms
[160.944s][info][gc,heap        ] GC(406) Eden regions: 43->0(43)
[160.944s][info][gc,heap        ] GC(406) Survivor regions: 1->1(6)
[160.944s][info][gc,heap        ] GC(406) Old regions: 7->7
[160.944s][info][gc,heap        ] GC(406) Archive regions: 0->0
[160.944s][info][gc,heap        ] GC(406) Humongous regions: 0->0
[160.944s][info][gc,metaspace   ] GC(406) Metaspace: 14359K(15232K)->14359K(15232K) NonClass: 12396K(12928K)->12396K(12928K) Class: 1962K(2304K)->1962K(2304K)
[160.944s][info][gc             ] GC(406) Pause Young (Normal) (G1 Evacuation Pause) 695M->7M(1184M) 5.820ms
[160.944s][info][gc,cpu         ] GC(406) User=0.52s Sys=0.00s Real=0.01s
[161.396s][info][gc,start       ] GC(407) Pause Young (Normal) (G1 Evacuation Pause)
[161.435s][info][gc,task        ] GC(407) Using 33 workers of 33 for evacuation
[161.440s][info][gc,phases      ] GC(407)   Pre Evacuate Collection Set: 0.2ms
[161.440s][info][gc,phases      ] GC(407)   Merge Heap Roots: 0.2ms
[161.440s][info][gc,phases      ] GC(407)   Evacuate Collection Set: 0.5ms
[161.440s][info][gc,phases      ] GC(407)   Post Evacuate Collection Set: 3.6ms
[161.440s][info][gc,phases      ] GC(407)   Other: 0.1ms
[161.440s][info][gc,heap        ] GC(407) Eden regions: 43->0(43)
[161.440s][info][gc,heap        ] GC(407) Survivor regions: 1->1(6)
[161.440s][info][gc,heap        ] GC(407) Old regions: 7->7
[161.440s][info][gc,heap        ] GC(407) Archive regions: 0->0
[161.440s][info][gc,heap        ] GC(407) Humongous regions: 0->0
[161.440s][info][gc,metaspace   ] GC(407) Metaspace: 14359K(15232K)->14359K(15232K) NonClass: 12396K(12928K)->12396K(12928K) Class: 1962K(2304K)->1962K(2304K)
[161.440s][info][gc             ] GC(407) Pause Young (Normal) (G1 Evacuation Pause) 695M->7M(1184M) 44.318ms
[161.440s][info][gc,cpu         ] GC(407) User=0.00s Sys=0.00s Real=0.03s
[161.877s][info][gc,start       ] GC(408) Pause Young (Normal) (G1 Evacuation Pause)
[161.877s][info][gc,task        ] GC(408) Using 33 workers of 33 for evacuation
[161.881s][info][gc,phases      ] GC(408)   Pre Evacuate Collection Set: 0.1ms
[161.881s][info][gc,phases      ] GC(408)   Merge Heap Roots: 0.1ms
[161.881s][info][gc,phases      ] GC(408)   Evacuate Collection Set: 0.4ms
[161.881s][info][gc,phases      ] GC(408)   Post Evacuate Collection Set: 3.1ms
[161.881s][info][gc,phases      ] GC(408)   Other: 0.1ms
[161.881s][info][gc,heap        ] GC(408) Eden regions: 43->0(43)
[161.881s][info][gc,heap        ] GC(408) Survivor regions: 1->1(6)
[161.881s][info][gc,heap        ] GC(408) Old regions: 7->7
[161.881s][info][gc,heap        ] GC(408) Archive regions: 0->0
[161.881s][info][gc,heap        ] GC(408) Humongous regions: 0->0
[161.881s][info][gc,metaspace   ] GC(408) Metaspace: 14359K(15232K)->14359K(15232K) NonClass: 12396K(12928K)->12396K(12928K) Class: 1962K(2304K)->1962K(2304K)
[161.881s][info][gc             ] GC(408) Pause Young (Normal) (G1 Evacuation Pause) 695M->7M(1184M) 4.018ms
[161.881s][info][gc,cpu         ] GC(408) User=0.00s Sys=0.00s Real=0.00s
[162.321s][info][gc,start       ] GC(409) Pause Young (Normal) (G1 Evacuation Pause)
[162.321s][info][gc,task        ] GC(409) Using 33 workers of 33 for evacuation
[162.324s][info][gc,phases      ] GC(409)   Pre Evacuate Collection Set: 0.1ms
[162.324s][info][gc,phases      ] GC(409)   Merge Heap Roots: 0.1ms
[162.324s][info][gc,phases      ] GC(409)   Evacuate Collection Set: 0.4ms
[162.324s][info][gc,phases      ] GC(409)   Post Evacuate Collection Set: 2.9ms
[162.324s][info][gc,phases      ] GC(409)   Other: 0.1ms
[162.324s][info][gc,heap        ] GC(409) Eden regions: 43->0(43)
[162.324s][info][gc,heap        ] GC(409) Survivor regions: 1->1(6)
[162.324s][info][gc,heap        ] GC(409) Old regions: 7->7
[162.324s][info][gc,heap        ] GC(409) Archive regions: 0->0
[162.324s][info][gc,heap        ] GC(409) Humongous regions: 0->0
[162.324s][info][gc,metaspace   ] GC(409) Metaspace: 14359K(15232K)->14359K(15232K) NonClass: 12396K(12928K)->12396K(12928K) Class: 1962K(2304K)->1962K(2304K)
[162.324s][info][gc             ] GC(409) Pause Young (Normal) (G1 Evacuation Pause) 695M->7M(1184M) 3.814ms
[162.324s][info][gc,cpu         ] GC(409) User=0.00s Sys=0.00s Real=0.00s
[162.753s][info][gc,start       ] GC(410) Pause Young (Normal) (G1 Evacuation Pause)
[162.753s][info][gc,task        ] GC(410) Using 33 workers of 33 for evacuation
[162.757s][info][gc,phases      ] GC(410)   Pre Evacuate Collection Set: 0.1ms
[162.757s][info][gc,phases      ] GC(410)   Merge Heap Roots: 0.1ms
[162.757s][info][gc,phases      ] GC(410)   Evacuate Collection Set: 0.4ms
[162.757s][info][gc,phases      ] GC(410)   Post Evacuate Collection Set: 3.0ms
[162.757s][info][gc,phases      ] GC(410)   Other: 0.1ms
[162.757s][info][gc,heap        ] GC(410) Eden regions: 43->0(43)
[162.757s][info][gc,heap        ] GC(410) Survivor regions: 1->1(6)
[162.757s][info][gc,heap        ] GC(410) Old regions: 7->7
[162.757s][info][gc,heap        ] GC(410) Archive regions: 0->0
[162.757s][info][gc,heap        ] GC(410) Humongous regions: 0->0
[162.757s][info][gc,metaspace   ] GC(410) Metaspace: 14359K(15232K)->14359K(15232K) NonClass: 12396K(12928K)->12396K(12928K) Class: 1962K(2304K)->1962K(2304K)
[162.757s][info][gc             ] GC(410) Pause Young (Normal) (G1 Evacuation Pause) 695M->8M(1184M) 4.018ms
[162.757s][info][gc,cpu         ] GC(410) User=0.00s Sys=0.00s Real=0.00s
[163.188s][info][gc,start       ] GC(411) Pause Young (Normal) (G1 Evacuation Pause)
[163.188s][info][gc,task        ] GC(411) Using 33 workers of 33 for evacuation
[163.192s][info][gc,phases      ] GC(411)   Pre Evacuate Collection Set: 0.1ms
[163.192s][info][gc,phases      ] GC(411)   Merge Heap Roots: 0.2ms
[163.192s][info][gc,phases      ] GC(411)   Evacuate Collection Set: 0.4ms
[163.192s][info][gc,phases      ] GC(411)   Post Evacuate Collection Set: 3.1ms
[163.192s][info][gc,phases      ] GC(411)   Other: 0.1ms
[163.192s][info][gc,heap        ] GC(411) Eden regions: 43->0(43)
[163.192s][info][gc,heap        ] GC(411) Survivor regions: 1->1(6)
[163.192s][info][gc,heap        ] GC(411) Old regions: 7->7
[163.192s][info][gc,heap        ] GC(411) Archive regions: 0->0
[163.192s][info][gc,heap        ] GC(411) Humongous regions: 0->0
[163.192s][info][gc,metaspace   ] GC(411) Metaspace: 14359K(15232K)->14359K(15232K) NonClass: 12396K(12928K)->12396K(12928K) Class: 1962K(2304K)->1962K(2304K)
[163.192s][info][gc             ] GC(411) Pause Young (Normal) (G1 Evacuation Pause) 696M->8M(1184M) 4.107ms
[163.192s][info][gc,cpu         ] GC(411) User=0.02s Sys=0.00s Real=0.01s
[163.774s][info][gc,start       ] GC(412) Pause Young (Normal) (G1 Evacuation Pause)
[163.775s][info][gc,task        ] GC(412) Using 33 workers of 33 for evacuation
[163.780s][info][gc,phases      ] GC(412)   Pre Evacuate Collection Set: 0.2ms
[163.780s][info][gc,phases      ] GC(412)   Merge Heap Roots: 0.2ms
[163.780s][info][gc,phases      ] GC(412)   Evacuate Collection Set: 0.7ms
[163.780s][info][gc,phases      ] GC(412)   Post Evacuate Collection Set: 4.1ms
[163.780s][info][gc,phases      ] GC(412)   Other: 0.1ms
[163.780s][info][gc,heap        ] GC(412) Eden regions: 43->0(43)
[163.780s][info][gc,heap        ] GC(412) Survivor regions: 1->1(6)
[163.780s][info][gc,heap        ] GC(412) Old regions: 7->7
[163.780s][info][gc,heap        ] GC(412) Archive regions: 0->0
[163.780s][info][gc,heap        ] GC(412) Humongous regions: 0->0
[163.780s][info][gc,metaspace   ] GC(412) Metaspace: 14359K(15232K)->14359K(15232K) NonClass: 12396K(12928K)->12396K(12928K) Class: 1962K(2304K)->1962K(2304K)
[163.780s][info][gc             ] GC(412) Pause Young (Normal) (G1 Evacuation Pause) 696M->8M(1184M) 5.868ms
[163.780s][info][gc,cpu         ] GC(412) User=0.00s Sys=0.00s Real=0.00s
[164.236s][info][gc,start       ] GC(413) Pause Young (Normal) (G1 Evacuation Pause)
[164.237s][info][gc,task        ] GC(413) Using 33 workers of 33 for evacuation
[164.240s][info][gc,phases      ] GC(413)   Pre Evacuate Collection Set: 0.1ms
[164.240s][info][gc,phases      ] GC(413)   Merge Heap Roots: 0.1ms
[164.240s][info][gc,phases      ] GC(413)   Evacuate Collection Set: 0.4ms
[164.240s][info][gc,phases      ] GC(413)   Post Evacuate Collection Set: 2.8ms
[164.240s][info][gc,phases      ] GC(413)   Other: 0.1ms
[164.240s][info][gc,heap        ] GC(413) Eden regions: 43->0(43)
[164.240s][info][gc,heap        ] GC(413) Survivor regions: 1->1(6)
[164.240s][info][gc,heap        ] GC(413) Old regions: 7->7
[164.240s][info][gc,heap        ] GC(413) Archive regions: 0->0
[164.240s][info][gc,heap        ] GC(413) Humongous regions: 0->0
[164.240s][info][gc,metaspace   ] GC(413) Metaspace: 14359K(15232K)->14359K(15232K) NonClass: 12396K(12928K)->12396K(12928K) Class: 1962K(2304K)->1962K(2304K)
[164.240s][info][gc             ] GC(413) Pause Young (Normal) (G1 Evacuation Pause) 696M->8M(1184M) 3.815ms
[164.240s][info][gc,cpu         ] GC(413) User=0.00s Sys=0.00s Real=0.00s
[164.671s][info][gc,start       ] GC(414) Pause Young (Normal) (G1 Evacuation Pause)
[164.671s][info][gc,task        ] GC(414) Using 33 workers of 33 for evacuation
[164.675s][info][gc,phases      ] GC(414)   Pre Evacuate Collection Set: 0.1ms
[164.675s][info][gc,phases      ] GC(414)   Merge Heap Roots: 0.2ms
[164.675s][info][gc,phases      ] GC(414)   Evacuate Collection Set: 0.4ms
[164.675s][info][gc,phases      ] GC(414)   Post Evacuate Collection Set: 3.0ms
[164.675s][info][gc,phases      ] GC(414)   Other: 0.1ms
[164.675s][info][gc,heap        ] GC(414) Eden regions: 43->0(43)
[164.675s][info][gc,heap        ] GC(414) Survivor regions: 1->1(6)
[164.675s][info][gc,heap        ] GC(414) Old regions: 7->7
[164.675s][info][gc,heap        ] GC(414) Archive regions: 0->0
[164.675s][info][gc,heap        ] GC(414) Humongous regions: 0->0
[164.675s][info][gc,metaspace   ] GC(414) Metaspace: 14359K(15232K)->14359K(15232K) NonClass: 12396K(12928K)->12396K(12928K) Class: 1962K(2304K)->1962K(2304K)
[164.675s][info][gc             ] GC(414) Pause Young (Normal) (G1 Evacuation Pause) 696M->8M(1184M) 3.986ms
[164.675s][info][gc,cpu         ] GC(414) User=0.00s Sys=0.00s Real=0.00s
[165.116s][info][gc,start       ] GC(415) Pause Young (Normal) (G1 Evacuation Pause)
[165.116s][info][gc,task        ] GC(415) Using 33 workers of 33 for evacuation
[165.120s][info][gc,phases      ] GC(415)   Pre Evacuate Collection Set: 0.1ms
[165.120s][info][gc,phases      ] GC(415)   Merge Heap Roots: 0.1ms
[165.120s][info][gc,phases      ] GC(415)   Evacuate Collection Set: 0.4ms
[165.120s][info][gc,phases      ] GC(415)   Post Evacuate Collection Set: 2.9ms
[165.120s][info][gc,phases      ] GC(415)   Other: 0.1ms
[165.120s][info][gc,heap        ] GC(415) Eden regions: 43->0(43)
[165.120s][info][gc,heap        ] GC(415) Survivor regions: 1->1(6)
[165.120s][info][gc,heap        ] GC(415) Old regions: 7->7
[165.120s][info][gc,heap        ] GC(415) Archive regions: 0->0
[165.120s][info][gc,heap        ] GC(415) Humongous regions: 0->0
[165.120s][info][gc,metaspace   ] GC(415) Metaspace: 14359K(15232K)->14359K(15232K) NonClass: 12396K(12928K)->12396K(12928K) Class: 1962K(2304K)->1962K(2304K)
[165.120s][info][gc             ] GC(415) Pause Young (Normal) (G1 Evacuation Pause) 696M->8M(1184M) 3.795ms
[165.120s][info][gc,cpu         ] GC(415) User=0.00s Sys=0.00s Real=0.00s
[165.530s][info][gc,start       ] GC(416) Pause Young (Normal) (G1 Evacuation Pause)
[165.530s][info][gc,task        ] GC(416) Using 33 workers of 33 for evacuation
[165.534s][info][gc,phases      ] GC(416)   Pre Evacuate Collection Set: 0.1ms
[165.534s][info][gc,phases      ] GC(416)   Merge Heap Roots: 0.1ms
[165.534s][info][gc,phases      ] GC(416)   Evacuate Collection Set: 0.4ms
[165.534s][info][gc,phases      ] GC(416)   Post Evacuate Collection Set: 3.2ms
[165.534s][info][gc,phases      ] GC(416)   Other: 0.1ms
[165.534s][info][gc,heap        ] GC(416) Eden regions: 43->0(43)
[165.534s][info][gc,heap        ] GC(416) Survivor regions: 1->1(6)
[165.534s][info][gc,heap        ] GC(416) Old regions: 7->7
[165.534s][info][gc,heap        ] GC(416) Archive regions: 0->0
[165.534s][info][gc,heap        ] GC(416) Humongous regions: 0->0
[165.534s][info][gc,metaspace   ] GC(416) Metaspace: 14359K(15232K)->14359K(15232K) NonClass: 12396K(12928K)->12396K(12928K) Class: 1962K(2304K)->1962K(2304K)
[165.534s][info][gc             ] GC(416) Pause Young (Normal) (G1 Evacuation Pause) 696M->8M(1184M) 4.178ms
[165.534s][info][gc,cpu         ] GC(416) User=0.00s Sys=0.00s Real=0.00s
[165.765s][info][gc,start       ] GC(417) Pause Full (System.gc())
[165.765s][info][gc,task        ] GC(417) Using 6 workers of 33 for full compaction
[165.765s][info][gc,phases,start] GC(417) Phase 1: Mark live objects
[165.777s][info][gc,phases      ] GC(417) Phase 1: Mark live objects 12.238ms
[165.777s][info][gc,phases,start] GC(417) Phase 2: Prepare compaction
[165.779s][info][gc,phases      ] GC(417) Phase 2: Prepare compaction 2.015ms
[165.779s][info][gc,phases,start] GC(417) Phase 3: Adjust pointers
[165.787s][info][gc,phases      ] GC(417) Phase 3: Adjust pointers 7.136ms
[165.787s][info][gc,phases,start] GC(417) Phase 4: Compact heap
[165.788s][info][gc,phases      ] GC(417) Phase 4: Compact heap 1.139ms
[165.793s][info][gc,heap        ] GC(417) Eden regions: 26->0(12)
[165.794s][info][gc,heap        ] GC(417) Survivor regions: 1->0(6)
[165.794s][info][gc,heap        ] GC(417) Old regions: 7->6
[165.794s][info][gc,heap        ] GC(417) Archive regions: 0->0
[165.794s][info][gc,heap        ] GC(417) Humongous regions: 0->0
[165.794s][info][gc,metaspace   ] GC(417) Metaspace: 14359K(15232K)->14359K(15232K) NonClass: 12397K(12928K)->12397K(12928K) Class: 1962K(2304K)->1962K(2304K)
[165.794s][info][gc             ] GC(417) Pause Full (System.gc()) 413M->5M(320M) 29.165ms
[165.794s][info][gc,cpu         ] GC(417) User=0.03s Sys=0.06s Real=0.02s
[165.924s][info][gc,start       ] GC(418) Pause Young (Normal) (G1 Evacuation Pause)
[165.924s][info][gc,task        ] GC(418) Using 33 workers of 33 for evacuation
[165.927s][info][gc,phases      ] GC(418)   Pre Evacuate Collection Set: 0.1ms
[165.927s][info][gc,phases      ] GC(418)   Merge Heap Roots: 0.1ms
[165.927s][info][gc,phases      ] GC(418)   Evacuate Collection Set: 0.5ms
[165.927s][info][gc,phases      ] GC(418)   Post Evacuate Collection Set: 2.5ms
[165.927s][info][gc,phases      ] GC(418)   Other: 0.1ms
[165.927s][info][gc,heap        ] GC(418) Eden regions: 12->0(11)
[165.927s][info][gc,heap        ] GC(418) Survivor regions: 0->1(2)
[165.927s][info][gc,heap        ] GC(418) Old regions: 6->6
[165.927s][info][gc,heap        ] GC(418) Archive regions: 0->0
[165.927s][info][gc,heap        ] GC(418) Humongous regions: 0->0
[165.927s][info][gc,metaspace   ] GC(418) Metaspace: 14359K(15232K)->14359K(15232K) NonClass: 12397K(12928K)->12397K(12928K) Class: 1962K(2304K)->1962K(2304K)
[165.927s][info][gc             ] GC(418) Pause Young (Normal) (G1 Evacuation Pause) 197M->6M(320M) 3.454ms
[165.927s][info][gc,cpu         ] GC(418) User=0.00s Sys=0.00s Real=0.00s
[166.048s][info][gc,start       ] GC(419) Pause Young (Normal) (G1 Evacuation Pause)
[166.048s][info][gc,task        ] GC(419) Using 33 workers of 33 for evacuation
[166.051s][info][gc,phases      ] GC(419)   Pre Evacuate Collection Set: 0.1ms
[166.051s][info][gc,phases      ] GC(419)   Merge Heap Roots: 0.1ms
[166.051s][info][gc,phases      ] GC(419)   Evacuate Collection Set: 0.5ms
[166.051s][info][gc,phases      ] GC(419)   Post Evacuate Collection Set: 2.5ms
[166.052s][info][gc,phases      ] GC(419)   Other: 0.1ms
[166.052s][info][gc,heap        ] GC(419) Eden regions: 11->0(11)
[166.052s][info][gc,heap        ] GC(419) Survivor regions: 1->1(2)
[166.052s][info][gc,heap        ] GC(419) Old regions: 6->6
[166.052s][info][gc,heap        ] GC(419) Archive regions: 0->0
[166.052s][info][gc,heap        ] GC(419) Humongous regions: 0->0
[166.052s][info][gc,metaspace   ] GC(419) Metaspace: 14359K(15232K)->14359K(15232K) NonClass: 12397K(12928K)->12397K(12928K) Class: 1962K(2304K)->1962K(2304K)
[166.052s][info][gc             ] GC(419) Pause Young (Normal) (G1 Evacuation Pause) 182M->6M(320M) 3.517ms
[166.052s][info][gc,cpu         ] GC(419) User=0.00s Sys=0.00s Real=0.00s
[166.164s][info][gc,start       ] GC(420) Pause Young (Normal) (G1 Evacuation Pause)
[166.164s][info][gc,task        ] GC(420) Using 33 workers of 33 for evacuation
[166.167s][info][gc,phases      ] GC(420)   Pre Evacuate Collection Set: 0.1ms
[166.167s][info][gc,phases      ] GC(420)   Merge Heap Roots: 0.1ms
[166.168s][info][gc,phases      ] GC(420)   Evacuate Collection Set: 0.5ms
[166.168s][info][gc,phases      ] GC(420)   Post Evacuate Collection Set: 2.5ms
[166.168s][info][gc,phases      ] GC(420)   Other: 0.1ms
[166.168s][info][gc,heap        ] GC(420) Eden regions: 11->0(11)
[166.168s][info][gc,heap        ] GC(420) Survivor regions: 1->1(2)
[166.168s][info][gc,heap        ] GC(420) Old regions: 6->6
[166.168s][info][gc,heap        ] GC(420) Archive regions: 0->0
[166.168s][info][gc,heap        ] GC(420) Humongous regions: 0->0
[166.168s][info][gc,metaspace   ] GC(420) Metaspace: 14359K(15232K)->14359K(15232K) NonClass: 12397K(12928K)->12397K(12928K) Class: 1962K(2304K)->1962K(2304K)
[166.168s][info][gc             ] GC(420) Pause Young (Normal) (G1 Evacuation Pause) 182M->6M(320M) 3.483ms
[166.168s][info][gc,cpu         ] GC(420) User=0.00s Sys=0.00s Real=0.00s
[166.275s][info][gc,start       ] GC(421) Pause Young (Normal) (G1 Evacuation Pause)
[166.275s][info][gc,task        ] GC(421) Using 33 workers of 33 for evacuation
[166.281s][info][gc,phases      ] GC(421)   Pre Evacuate Collection Set: 0.1ms
[166.281s][info][gc,phases      ] GC(421)   Merge Heap Roots: 0.1ms
[166.281s][info][gc,phases      ] GC(421)   Evacuate Collection Set: 0.4ms
[166.281s][info][gc,phases      ] GC(421)   Post Evacuate Collection Set: 4.7ms
[166.281s][info][gc,phases      ] GC(421)   Other: 0.1ms
[166.281s][info][gc,heap        ] GC(421) Eden regions: 11->0(43)
[166.281s][info][gc,heap        ] GC(421) Survivor regions: 1->1(2)
[166.281s][info][gc,heap        ] GC(421) Old regions: 6->6
[166.281s][info][gc,heap        ] GC(421) Archive regions: 0->0
[166.281s][info][gc,heap        ] GC(421) Humongous regions: 0->0
[166.281s][info][gc,metaspace   ] GC(421) Metaspace: 14359K(15232K)->14359K(15232K) NonClass: 12397K(12928K)->12397K(12928K) Class: 1962K(2304K)->1962K(2304K)
[166.281s][info][gc             ] GC(421) Pause Young (Normal) (G1 Evacuation Pause) 182M->6M(1184M) 5.692ms
[166.281s][info][gc,cpu         ] GC(421) User=0.00s Sys=0.00s Real=0.01s
[166.683s][info][gc,start       ] GC(422) Pause Young (Normal) (G1 Evacuation Pause)
[166.683s][info][gc,task        ] GC(422) Using 33 workers of 33 for evacuation
[166.689s][info][gc,phases      ] GC(422)   Pre Evacuate Collection Set: 0.1ms
[166.689s][info][gc,phases      ] GC(422)   Merge Heap Roots: 0.1ms
[166.689s][info][gc,phases      ] GC(422)   Evacuate Collection Set: 1.9ms
[166.689s][info][gc,phases      ] GC(422)   Post Evacuate Collection Set: 3.2ms
[166.689s][info][gc,phases      ] GC(422)   Other: 0.1ms
[166.689s][info][gc,heap        ] GC(422) Eden regions: 43->0(43)
[166.689s][info][gc,heap        ] GC(422) Survivor regions: 1->1(6)
[166.689s][info][gc,heap        ] GC(422) Old regions: 6->6
[166.689s][info][gc,heap        ] GC(422) Archive regions: 0->0
[166.689s][info][gc,heap        ] GC(422) Humongous regions: 0->0
[166.689s][info][gc,metaspace   ] GC(422) Metaspace: 14359K(15232K)->14359K(15232K) NonClass: 12397K(12928K)->12397K(12928K) Class: 1962K(2304K)->1962K(2304K)
[166.689s][info][gc             ] GC(422) Pause Young (Normal) (G1 Evacuation Pause) 694M->6M(1184M) 5.741ms
[166.689s][info][gc,cpu         ] GC(422) User=0.00s Sys=0.00s Real=0.00s
[167.131s][info][gc,start       ] GC(423) Pause Young (Normal) (G1 Evacuation Pause)
[167.131s][info][gc,task        ] GC(423) Using 33 workers of 33 for evacuation
[167.136s][info][gc,phases      ] GC(423)   Pre Evacuate Collection Set: 0.1ms
[167.136s][info][gc,phases      ] GC(423)   Merge Heap Roots: 0.1ms
[167.136s][info][gc,phases      ] GC(423)   Evacuate Collection Set: 2.0ms
[167.136s][info][gc,phases      ] GC(423)   Post Evacuate Collection Set: 2.9ms
[167.137s][info][gc,phases      ] GC(423)   Other: 0.1ms
[167.137s][info][gc,heap        ] GC(423) Eden regions: 43->0(43)
[167.137s][info][gc,heap        ] GC(423) Survivor regions: 1->1(6)
[167.137s][info][gc,heap        ] GC(423) Old regions: 6->6
[167.137s][info][gc,heap        ] GC(423) Archive regions: 0->0
[167.137s][info][gc,heap        ] GC(423) Humongous regions: 0->0
[167.137s][info][gc,metaspace   ] GC(423) Metaspace: 14359K(15232K)->14359K(15232K) NonClass: 12397K(12928K)->12397K(12928K) Class: 1962K(2304K)->1962K(2304K)
[167.137s][info][gc             ] GC(423) Pause Young (Normal) (G1 Evacuation Pause) 694M->6M(1184M) 5.483ms
[167.137s][info][gc,cpu         ] GC(423) User=0.00s Sys=0.00s Real=0.01s
[167.563s][info][gc,start       ] GC(424) Pause Young (Normal) (G1 Evacuation Pause)
[167.564s][info][gc,task        ] GC(424) Using 33 workers of 33 for evacuation
[167.567s][info][gc,phases      ] GC(424)   Pre Evacuate Collection Set: 0.1ms
[167.567s][info][gc,phases      ] GC(424)   Merge Heap Roots: 0.1ms
[167.567s][info][gc,phases      ] GC(424)   Evacuate Collection Set: 0.5ms
[167.567s][info][gc,phases      ] GC(424)   Post Evacuate Collection Set: 3.0ms
[167.567s][info][gc,phases      ] GC(424)   Other: 0.1ms
[167.567s][info][gc,heap        ] GC(424) Eden regions: 43->0(43)
[167.567s][info][gc,heap        ] GC(424) Survivor regions: 1->1(6)
[167.568s][info][gc,heap        ] GC(424) Old regions: 6->6
[167.568s][info][gc,heap        ] GC(424) Archive regions: 0->0
[167.568s][info][gc,heap        ] GC(424) Humongous regions: 0->0
[167.568s][info][gc,metaspace   ] GC(424) Metaspace: 14359K(15232K)->14359K(15232K) NonClass: 12397K(12928K)->12397K(12928K) Class: 1962K(2304K)->1962K(2304K)
[167.568s][info][gc             ] GC(424) Pause Young (Normal) (G1 Evacuation Pause) 694M->6M(1184M) 4.082ms
[167.568s][info][gc,cpu         ] GC(424) User=0.02s Sys=0.00s Real=0.01s
[167.992s][info][gc,start       ] GC(425) Pause Young (Normal) (G1 Evacuation Pause)
[167.992s][info][gc,task        ] GC(425) Using 33 workers of 33 for evacuation
[167.996s][info][gc,phases      ] GC(425)   Pre Evacuate Collection Set: 0.1ms
[167.996s][info][gc,phases      ] GC(425)   Merge Heap Roots: 0.1ms
[167.996s][info][gc,phases      ] GC(425)   Evacuate Collection Set: 0.6ms
[167.996s][info][gc,phases      ] GC(425)   Post Evacuate Collection Set: 2.9ms
[167.996s][info][gc,phases      ] GC(425)   Other: 0.1ms
[167.996s][info][gc,heap        ] GC(425) Eden regions: 43->0(43)
[167.996s][info][gc,heap        ] GC(425) Survivor regions: 1->1(6)
[167.996s][info][gc,heap        ] GC(425) Old regions: 6->6
[167.996s][info][gc,heap        ] GC(425) Archive regions: 0->0
[167.996s][info][gc,heap        ] GC(425) Humongous regions: 0->0
[167.996s][info][gc,metaspace   ] GC(425) Metaspace: 14359K(15232K)->14359K(15232K) NonClass: 12397K(12928K)->12397K(12928K) Class: 1962K(2304K)->1962K(2304K)
[167.996s][info][gc             ] GC(425) Pause Young (Normal) (G1 Evacuation Pause) 694M->7M(1184M) 3.955ms
[167.996s][info][gc,cpu         ] GC(425) User=0.00s Sys=0.00s Real=0.00s
[168.421s][info][gc,start       ] GC(426) Pause Young (Normal) (G1 Evacuation Pause)
[168.421s][info][gc,task        ] GC(426) Using 33 workers of 33 for evacuation
[168.425s][info][gc,phases      ] GC(426)   Pre Evacuate Collection Set: 0.1ms
[168.425s][info][gc,phases      ] GC(426)   Merge Heap Roots: 0.1ms
[168.425s][info][gc,phases      ] GC(426)   Evacuate Collection Set: 0.5ms
[168.425s][info][gc,phases      ] GC(426)   Post Evacuate Collection Set: 2.9ms
[168.425s][info][gc,phases      ] GC(426)   Other: 0.1ms
[168.425s][info][gc,heap        ] GC(426) Eden regions: 43->0(43)
[168.425s][info][gc,heap        ] GC(426) Survivor regions: 1->1(6)
[168.425s][info][gc,heap        ] GC(426) Old regions: 6->6
[168.425s][info][gc,heap        ] GC(426) Archive regions: 0->0
[168.425s][info][gc,heap        ] GC(426) Humongous regions: 0->0
[168.425s][info][gc,metaspace   ] GC(426) Metaspace: 14359K(15232K)->14359K(15232K) NonClass: 12397K(12928K)->12397K(12928K) Class: 1962K(2304K)->1962K(2304K)
[168.425s][info][gc             ] GC(426) Pause Young (Normal) (G1 Evacuation Pause) 695M->7M(1184M) 4.052ms
[168.425s][info][gc,cpu         ] GC(426) User=0.52s Sys=0.00s Real=0.00s
[168.843s][info][gc,start       ] GC(427) Pause Young (Normal) (G1 Evacuation Pause)
[168.843s][info][gc,task        ] GC(427) Using 33 workers of 33 for evacuation
[168.847s][info][gc,phases      ] GC(427)   Pre Evacuate Collection Set: 0.1ms
[168.847s][info][gc,phases      ] GC(427)   Merge Heap Roots: 0.1ms
[168.847s][info][gc,phases      ] GC(427)   Evacuate Collection Set: 0.6ms
[168.847s][info][gc,phases      ] GC(427)   Post Evacuate Collection Set: 3.1ms
[168.847s][info][gc,phases      ] GC(427)   Other: 0.1ms
[168.847s][info][gc,heap        ] GC(427) Eden regions: 43->0(43)
[168.847s][info][gc,heap        ] GC(427) Survivor regions: 1->1(6)
[168.847s][info][gc,heap        ] GC(427) Old regions: 6->6
[168.847s][info][gc,heap        ] GC(427) Archive regions: 0->0
[168.847s][info][gc,heap        ] GC(427) Humongous regions: 0->0
[168.847s][info][gc,metaspace   ] GC(427) Metaspace: 14359K(15232K)->14359K(15232K) NonClass: 12397K(12928K)->12397K(12928K) Class: 1962K(2304K)->1962K(2304K)
[168.847s][info][gc             ] GC(427) Pause Young (Normal) (G1 Evacuation Pause) 695M->7M(1184M) 4.181ms
[168.847s][info][gc,cpu         ] GC(427) User=0.52s Sys=0.00s Real=0.00s
[169.271s][info][gc,start       ] GC(428) Pause Young (Normal) (G1 Evacuation Pause)
[169.271s][info][gc,task        ] GC(428) Using 33 workers of 33 for evacuation
[169.275s][info][gc,phases      ] GC(428)   Pre Evacuate Collection Set: 0.1ms
[169.275s][info][gc,phases      ] GC(428)   Merge Heap Roots: 0.1ms
[169.275s][info][gc,phases      ] GC(428)   Evacuate Collection Set: 0.6ms
[169.275s][info][gc,phases      ] GC(428)   Post Evacuate Collection Set: 3.2ms
[169.275s][info][gc,phases      ] GC(428)   Other: 0.1ms
[169.275s][info][gc,heap        ] GC(428) Eden regions: 43->0(43)
[169.275s][info][gc,heap        ] GC(428) Survivor regions: 1->1(6)
[169.275s][info][gc,heap        ] GC(428) Old regions: 6->6
[169.275s][info][gc,heap        ] GC(428) Archive regions: 0->0
[169.275s][info][gc,heap        ] GC(428) Humongous regions: 0->0
[169.275s][info][gc,metaspace   ] GC(428) Metaspace: 14359K(15232K)->14359K(15232K) NonClass: 12397K(12928K)->12397K(12928K) Class: 1962K(2304K)->1962K(2304K)
[169.275s][info][gc             ] GC(428) Pause Young (Normal) (G1 Evacuation Pause) 695M->7M(1184M) 4.256ms
[169.275s][info][gc,cpu         ] GC(428) User=0.00s Sys=0.00s Real=0.00s
[169.704s][info][gc,start       ] GC(429) Pause Young (Normal) (G1 Evacuation Pause)
[169.704s][info][gc,task        ] GC(429) Using 33 workers of 33 for evacuation
[169.708s][info][gc,phases      ] GC(429)   Pre Evacuate Collection Set: 0.1ms
[169.708s][info][gc,phases      ] GC(429)   Merge Heap Roots: 0.1ms
[169.708s][info][gc,phases      ] GC(429)   Evacuate Collection Set: 0.6ms
[169.708s][info][gc,phases      ] GC(429)   Post Evacuate Collection Set: 3.0ms
[169.708s][info][gc,phases      ] GC(429)   Other: 0.1ms
[169.708s][info][gc,heap        ] GC(429) Eden regions: 43->0(43)
[169.708s][info][gc,heap        ] GC(429) Survivor regions: 1->1(6)
[169.708s][info][gc,heap        ] GC(429) Old regions: 6->6
[169.708s][info][gc,heap        ] GC(429) Archive regions: 0->0
[169.708s][info][gc,heap        ] GC(429) Humongous regions: 0->0
[169.708s][info][gc,metaspace   ] GC(429) Metaspace: 14359K(15232K)->14359K(15232K) NonClass: 12397K(12928K)->12397K(12928K) Class: 1962K(2304K)->1962K(2304K)
[169.708s][info][gc             ] GC(429) Pause Young (Normal) (G1 Evacuation Pause) 695M->7M(1184M) 4.096ms
[169.708s][info][gc,cpu         ] GC(429) User=0.52s Sys=0.00s Real=0.00s
[170.136s][info][gc,start       ] GC(430) Pause Young (Normal) (G1 Evacuation Pause)
[170.136s][info][gc,task        ] GC(430) Using 33 workers of 33 for evacuation
[170.140s][info][gc,phases      ] GC(430)   Pre Evacuate Collection Set: 0.1ms
[170.140s][info][gc,phases      ] GC(430)   Merge Heap Roots: 0.1ms
[170.140s][info][gc,phases      ] GC(430)   Evacuate Collection Set: 0.6ms
[170.140s][info][gc,phases      ] GC(430)   Post Evacuate Collection Set: 3.0ms
[170.140s][info][gc,phases      ] GC(430)   Other: 0.1ms
[170.140s][info][gc,heap        ] GC(430) Eden regions: 43->0(43)
[170.140s][info][gc,heap        ] GC(430) Survivor regions: 1->1(6)
[170.140s][info][gc,heap        ] GC(430) Old regions: 6->6
[170.140s][info][gc,heap        ] GC(430) Archive regions: 0->0
[170.140s][info][gc,heap        ] GC(430) Humongous regions: 0->0
[170.140s][info][gc,metaspace   ] GC(430) Metaspace: 14359K(15232K)->14359K(15232K) NonClass: 12397K(12928K)->12397K(12928K) Class: 1962K(2304K)->1962K(2304K)
[170.140s][info][gc             ] GC(430) Pause Young (Normal) (G1 Evacuation Pause) 695M->7M(1184M) 4.099ms
[170.140s][info][gc,cpu         ] GC(430) User=0.00s Sys=0.00s Real=0.00s
[170.574s][info][gc,start       ] GC(431) Pause Young (Normal) (G1 Evacuation Pause)
[170.574s][info][gc,task        ] GC(431) Using 33 workers of 33 for evacuation
[170.578s][info][gc,phases      ] GC(431)   Pre Evacuate Collection Set: 0.1ms
[170.578s][info][gc,phases      ] GC(431)   Merge Heap Roots: 0.1ms
[170.578s][info][gc,phases      ] GC(431)   Evacuate Collection Set: 0.5ms
[170.578s][info][gc,phases      ] GC(431)   Post Evacuate Collection Set: 2.7ms
[170.578s][info][gc,phases      ] GC(431)   Other: 0.1ms
[170.578s][info][gc,heap        ] GC(431) Eden regions: 43->0(43)
[170.578s][info][gc,heap        ] GC(431) Survivor regions: 1->1(6)
[170.578s][info][gc,heap        ] GC(431) Old regions: 6->6
[170.578s][info][gc,heap        ] GC(431) Archive regions: 0->0
[170.578s][info][gc,heap        ] GC(431) Humongous regions: 0->0
[170.578s][info][gc,metaspace   ] GC(431) Metaspace: 14359K(15232K)->14359K(15232K) NonClass: 12397K(12928K)->12397K(12928K) Class: 1962K(2304K)->1962K(2304K)
[170.578s][info][gc             ] GC(431) Pause Young (Normal) (G1 Evacuation Pause) 695M->7M(1184M) 3.837ms
[170.578s][info][gc,cpu         ] GC(431) User=0.00s Sys=0.00s Real=0.00s
[170.997s][info][gc,start       ] GC(432) Pause Young (Normal) (G1 Evacuation Pause)
[170.998s][info][gc,task        ] GC(432) Using 33 workers of 33 for evacuation
[171.001s][info][gc,phases      ] GC(432)   Pre Evacuate Collection Set: 0.1ms
[171.001s][info][gc,phases      ] GC(432)   Merge Heap Roots: 0.1ms
[171.001s][info][gc,phases      ] GC(432)   Evacuate Collection Set: 0.6ms
[171.001s][info][gc,phases      ] GC(432)   Post Evacuate Collection Set: 2.9ms
[171.001s][info][gc,phases      ] GC(432)   Other: 0.1ms
[171.001s][info][gc,heap        ] GC(432) Eden regions: 43->0(43)
[171.001s][info][gc,heap        ] GC(432) Survivor regions: 1->1(6)
[171.001s][info][gc,heap        ] GC(432) Old regions: 6->6
[171.001s][info][gc,heap        ] GC(432) Archive regions: 0->0
[171.001s][info][gc,heap        ] GC(432) Humongous regions: 0->0
[171.001s][info][gc,metaspace   ] GC(432) Metaspace: 14359K(15232K)->14359K(15232K) NonClass: 12397K(12928K)->12397K(12928K) Class: 1962K(2304K)->1962K(2304K)
[171.001s][info][gc             ] GC(432) Pause Young (Normal) (G1 Evacuation Pause) 695M->7M(1184M) 4.039ms
[171.001s][info][gc,cpu         ] GC(432) User=0.00s Sys=0.00s Real=0.00s
[171.423s][info][gc,start       ] GC(433) Pause Young (Normal) (G1 Evacuation Pause)
[171.423s][info][gc,task        ] GC(433) Using 33 workers of 33 for evacuation
[171.427s][info][gc,phases      ] GC(433)   Pre Evacuate Collection Set: 0.1ms
[171.427s][info][gc,phases      ] GC(433)   Merge Heap Roots: 0.1ms
[171.427s][info][gc,phases      ] GC(433)   Evacuate Collection Set: 0.6ms
[171.427s][info][gc,phases      ] GC(433)   Post Evacuate Collection Set: 3.0ms
[171.427s][info][gc,phases      ] GC(433)   Other: 0.1ms
[171.427s][info][gc,heap        ] GC(433) Eden regions: 43->0(43)
[171.427s][info][gc,heap        ] GC(433) Survivor regions: 1->1(6)
[171.427s][info][gc,heap        ] GC(433) Old regions: 6->7
[171.427s][info][gc,heap        ] GC(433) Archive regions: 0->0
[171.427s][info][gc,heap        ] GC(433) Humongous regions: 0->0
[171.427s][info][gc,metaspace   ] GC(433) Metaspace: 14359K(15232K)->14359K(15232K) NonClass: 12397K(12928K)->12397K(12928K) Class: 1962K(2304K)->1962K(2304K)
[171.427s][info][gc             ] GC(433) Pause Young (Normal) (G1 Evacuation Pause) 695M->7M(1184M) 4.150ms
[171.427s][info][gc,cpu         ] GC(433) User=0.00s Sys=0.00s Real=0.00s
[171.861s][info][gc,start       ] GC(434) Pause Young (Normal) (G1 Evacuation Pause)
[171.861s][info][gc,task        ] GC(434) Using 33 workers of 33 for evacuation
[171.865s][info][gc,phases      ] GC(434)   Pre Evacuate Collection Set: 0.1ms
[171.865s][info][gc,phases      ] GC(434)   Merge Heap Roots: 0.1ms
[171.865s][info][gc,phases      ] GC(434)   Evacuate Collection Set: 0.4ms
[171.865s][info][gc,phases      ] GC(434)   Post Evacuate Collection Set: 3.1ms
[171.865s][info][gc,phases      ] GC(434)   Other: 0.1ms
[171.865s][info][gc,heap        ] GC(434) Eden regions: 43->0(43)
[171.865s][info][gc,heap        ] GC(434) Survivor regions: 1->1(6)
[171.865s][info][gc,heap        ] GC(434) Old regions: 7->7
[171.865s][info][gc,heap        ] GC(434) Archive regions: 0->0
[171.865s][info][gc,heap        ] GC(434) Humongous regions: 0->0
[171.865s][info][gc,metaspace   ] GC(434) Metaspace: 14359K(15232K)->14359K(15232K) NonClass: 12397K(12928K)->12397K(12928K) Class: 1962K(2304K)->1962K(2304K)
[171.865s][info][gc             ] GC(434) Pause Young (Normal) (G1 Evacuation Pause) 695M->7M(1184M) 4.068ms
[171.865s][info][gc,cpu         ] GC(434) User=0.02s Sys=0.00s Real=0.00s
[172.296s][info][gc,start       ] GC(435) Pause Young (Normal) (G1 Evacuation Pause)
[172.296s][info][gc,task        ] GC(435) Using 33 workers of 33 for evacuation
[172.300s][info][gc,phases      ] GC(435)   Pre Evacuate Collection Set: 0.1ms
[172.300s][info][gc,phases      ] GC(435)   Merge Heap Roots: 0.1ms
[172.300s][info][gc,phases      ] GC(435)   Evacuate Collection Set: 0.4ms
[172.300s][info][gc,phases      ] GC(435)   Post Evacuate Collection Set: 3.2ms
[172.300s][info][gc,phases      ] GC(435)   Other: 0.1ms
[172.300s][info][gc,heap        ] GC(435) Eden regions: 43->0(43)
[172.300s][info][gc,heap        ] GC(435) Survivor regions: 1->1(6)
[172.300s][info][gc,heap        ] GC(435) Old regions: 7->7
[172.300s][info][gc,heap        ] GC(435) Archive regions: 0->0
[172.300s][info][gc,heap        ] GC(435) Humongous regions: 0->0
[172.300s][info][gc,metaspace   ] GC(435) Metaspace: 14359K(15232K)->14359K(15232K) NonClass: 12397K(12928K)->12397K(12928K) Class: 1962K(2304K)->1962K(2304K)
[172.300s][info][gc             ] GC(435) Pause Young (Normal) (G1 Evacuation Pause) 695M->7M(1184M) 4.165ms
[172.300s][info][gc,cpu         ] GC(435) User=0.52s Sys=0.00s Real=0.00s
[172.733s][info][gc,start       ] GC(436) Pause Young (Normal) (G1 Evacuation Pause)
[172.733s][info][gc,task        ] GC(436) Using 33 workers of 33 for evacuation
[172.737s][info][gc,phases      ] GC(436)   Pre Evacuate Collection Set: 0.1ms
[172.737s][info][gc,phases      ] GC(436)   Merge Heap Roots: 0.1ms
[172.737s][info][gc,phases      ] GC(436)   Evacuate Collection Set: 0.4ms
[172.737s][info][gc,phases      ] GC(436)   Post Evacuate Collection Set: 3.3ms
[172.737s][info][gc,phases      ] GC(436)   Other: 0.1ms
[172.737s][info][gc,heap        ] GC(436) Eden regions: 43->0(43)
[172.737s][info][gc,heap        ] GC(436) Survivor regions: 1->1(6)
[172.738s][info][gc,heap        ] GC(436) Old regions: 7->7
[172.738s][info][gc,heap        ] GC(436) Archive regions: 0->0
[172.738s][info][gc,heap        ] GC(436) Humongous regions: 0->0
[172.738s][info][gc,metaspace   ] GC(436) Metaspace: 14359K(15232K)->14359K(15232K) NonClass: 12397K(12928K)->12397K(12928K) Class: 1962K(2304K)->1962K(2304K)
[172.738s][info][gc             ] GC(436) Pause Young (Normal) (G1 Evacuation Pause) 695M->7M(1184M) 4.374ms
[172.738s][info][gc,cpu         ] GC(436) User=0.00s Sys=0.00s Real=0.00s
[173.313s][info][gc,start       ] GC(437) Pause Young (Normal) (G1 Evacuation Pause)
[173.313s][info][gc,task        ] GC(437) Using 33 workers of 33 for evacuation
[173.318s][info][gc,phases      ] GC(437)   Pre Evacuate Collection Set: 0.2ms
[173.318s][info][gc,phases      ] GC(437)   Merge Heap Roots: 0.2ms
[173.318s][info][gc,phases      ] GC(437)   Evacuate Collection Set: 0.7ms
[173.318s][info][gc,phases      ] GC(437)   Post Evacuate Collection Set: 4.2ms
[173.318s][info][gc,phases      ] GC(437)   Other: 0.1ms
[173.318s][info][gc,heap        ] GC(437) Eden regions: 43->0(43)
[173.319s][info][gc,heap        ] GC(437) Survivor regions: 1->1(6)
[173.319s][info][gc,heap        ] GC(437) Old regions: 7->7
[173.319s][info][gc,heap        ] GC(437) Archive regions: 0->0
[173.319s][info][gc,heap        ] GC(437) Humongous regions: 0->0
[173.319s][info][gc,metaspace   ] GC(437) Metaspace: 14359K(15232K)->14359K(15232K) NonClass: 12397K(12928K)->12397K(12928K) Class: 1962K(2304K)->1962K(2304K)
[173.319s][info][gc             ] GC(437) Pause Young (Normal) (G1 Evacuation Pause) 695M->7M(1184M) 6.049ms
[173.319s][info][gc,cpu         ] GC(437) User=0.52s Sys=0.00s Real=0.01s
[173.771s][info][gc,start       ] GC(438) Pause Young (Normal) (G1 Evacuation Pause)
[173.771s][info][gc,task        ] GC(438) Using 33 workers of 33 for evacuation
[173.775s][info][gc,phases      ] GC(438)   Pre Evacuate Collection Set: 0.1ms
[173.775s][info][gc,phases      ] GC(438)   Merge Heap Roots: 0.1ms
[173.775s][info][gc,phases      ] GC(438)   Evacuate Collection Set: 0.4ms
[173.775s][info][gc,phases      ] GC(438)   Post Evacuate Collection Set: 2.9ms
[173.775s][info][gc,phases      ] GC(438)   Other: 0.1ms
[173.775s][info][gc,heap        ] GC(438) Eden regions: 43->0(43)
[173.775s][info][gc,heap        ] GC(438) Survivor regions: 1->1(6)
[173.775s][info][gc,heap        ] GC(438) Old regions: 7->7
[173.775s][info][gc,heap        ] GC(438) Archive regions: 0->0
[173.775s][info][gc,heap        ] GC(438) Humongous regions: 0->0
[173.775s][info][gc,metaspace   ] GC(438) Metaspace: 14359K(15232K)->14359K(15232K) NonClass: 12397K(12928K)->12397K(12928K) Class: 1962K(2304K)->1962K(2304K)
[173.775s][info][gc             ] GC(438) Pause Young (Normal) (G1 Evacuation Pause) 695M->8M(1184M) 3.887ms
[173.775s][info][gc,cpu         ] GC(438) User=0.00s Sys=0.00s Real=0.00s
[174.210s][info][gc,start       ] GC(439) Pause Young (Normal) (G1 Evacuation Pause)
[174.210s][info][gc,task        ] GC(439) Using 33 workers of 33 for evacuation
[174.214s][info][gc,phases      ] GC(439)   Pre Evacuate Collection Set: 0.1ms
[174.214s][info][gc,phases      ] GC(439)   Merge Heap Roots: 0.1ms
[174.214s][info][gc,phases      ] GC(439)   Evacuate Collection Set: 0.4ms
[174.214s][info][gc,phases      ] GC(439)   Post Evacuate Collection Set: 3.1ms
[174.214s][info][gc,phases      ] GC(439)   Other: 0.1ms
[174.214s][info][gc,heap        ] GC(439) Eden regions: 43->0(43)
[174.214s][info][gc,heap        ] GC(439) Survivor regions: 1->1(6)
[174.214s][info][gc,heap        ] GC(439) Old regions: 7->7
[174.214s][info][gc,heap        ] GC(439) Archive regions: 0->0
[174.214s][info][gc,heap        ] GC(439) Humongous regions: 0->0
[174.214s][info][gc,metaspace   ] GC(439) Metaspace: 14359K(15232K)->14359K(15232K) NonClass: 12397K(12928K)->12397K(12928K) Class: 1962K(2304K)->1962K(2304K)
[174.214s][info][gc             ] GC(439) Pause Young (Normal) (G1 Evacuation Pause) 696M->8M(1184M) 4.064ms
[174.214s][info][gc,cpu         ] GC(439) User=0.00s Sys=0.00s Real=0.00s
[174.659s][info][gc,start       ] GC(440) Pause Young (Normal) (G1 Evacuation Pause)
[174.659s][info][gc,task        ] GC(440) Using 33 workers of 33 for evacuation
[174.663s][info][gc,phases      ] GC(440)   Pre Evacuate Collection Set: 0.1ms
[174.663s][info][gc,phases      ] GC(440)   Merge Heap Roots: 0.1ms
[174.663s][info][gc,phases      ] GC(440)   Evacuate Collection Set: 0.4ms
[174.663s][info][gc,phases      ] GC(440)   Post Evacuate Collection Set: 3.0ms
[174.663s][info][gc,phases      ] GC(440)   Other: 0.1ms
[174.663s][info][gc,heap        ] GC(440) Eden regions: 43->0(43)
[174.663s][info][gc,heap        ] GC(440) Survivor regions: 1->1(6)
[174.663s][info][gc,heap        ] GC(440) Old regions: 7->7
[174.663s][info][gc,heap        ] GC(440) Archive regions: 0->0
[174.663s][info][gc,heap        ] GC(440) Humongous regions: 0->0
[174.663s][info][gc,metaspace   ] GC(440) Metaspace: 14359K(15232K)->14359K(15232K) NonClass: 12397K(12928K)->12397K(12928K) Class: 1962K(2304K)->1962K(2304K)
[174.663s][info][gc             ] GC(440) Pause Young (Normal) (G1 Evacuation Pause) 696M->8M(1184M) 3.936ms
[174.663s][info][gc,cpu         ] GC(440) User=0.00s Sys=0.00s Real=0.00s
[175.095s][info][gc,start       ] GC(441) Pause Young (Normal) (G1 Evacuation Pause)
[175.096s][info][gc,task        ] GC(441) Using 33 workers of 33 for evacuation
[175.099s][info][gc,phases      ] GC(441)   Pre Evacuate Collection Set: 0.1ms
[175.099s][info][gc,phases      ] GC(441)   Merge Heap Roots: 0.1ms
[175.099s][info][gc,phases      ] GC(441)   Evacuate Collection Set: 0.3ms
[175.099s][info][gc,phases      ] GC(441)   Post Evacuate Collection Set: 3.2ms
[175.099s][info][gc,phases      ] GC(441)   Other: 0.1ms
[175.099s][info][gc,heap        ] GC(441) Eden regions: 43->0(43)
[175.099s][info][gc,heap        ] GC(441) Survivor regions: 1->1(6)
[175.099s][info][gc,heap        ] GC(441) Old regions: 7->7
[175.099s][info][gc,heap        ] GC(441) Archive regions: 0->0
[175.099s][info][gc,heap        ] GC(441) Humongous regions: 0->0
[175.099s][info][gc,metaspace   ] GC(441) Metaspace: 14359K(15232K)->14359K(15232K) NonClass: 12397K(12928K)->12397K(12928K) Class: 1962K(2304K)->1962K(2304K)
[175.100s][info][gc             ] GC(441) Pause Young (Normal) (G1 Evacuation Pause) 696M->8M(1184M) 4.095ms
[175.100s][info][gc,cpu         ] GC(441) User=0.00s Sys=0.00s Real=0.00s
[175.527s][info][gc,start       ] GC(442) Pause Young (Normal) (G1 Evacuation Pause)
[175.527s][info][gc,task        ] GC(442) Using 33 workers of 33 for evacuation
[175.531s][info][gc,phases      ] GC(442)   Pre Evacuate Collection Set: 0.1ms
[175.531s][info][gc,phases      ] GC(442)   Merge Heap Roots: 0.1ms
[175.531s][info][gc,phases      ] GC(442)   Evacuate Collection Set: 0.3ms
[175.531s][info][gc,phases      ] GC(442)   Post Evacuate Collection Set: 3.2ms
[175.531s][info][gc,phases      ] GC(442)   Other: 0.1ms
[175.531s][info][gc,heap        ] GC(442) Eden regions: 43->0(43)
[175.531s][info][gc,heap        ] GC(442) Survivor regions: 1->1(6)
[175.531s][info][gc,heap        ] GC(442) Old regions: 7->7
[175.531s][info][gc,heap        ] GC(442) Archive regions: 0->0
[175.531s][info][gc,heap        ] GC(442) Humongous regions: 0->0
[175.531s][info][gc,metaspace   ] GC(442) Metaspace: 14359K(15232K)->14359K(15232K) NonClass: 12397K(12928K)->12397K(12928K) Class: 1962K(2304K)->1962K(2304K)
[175.531s][info][gc             ] GC(442) Pause Young (Normal) (G1 Evacuation Pause) 696M->8M(1184M) 4.171ms
[175.531s][info][gc,cpu         ] GC(442) User=0.00s Sys=0.00s Real=0.00s
[175.962s][info][gc,start       ] GC(443) Pause Young (Normal) (G1 Evacuation Pause)
[175.962s][info][gc,task        ] GC(443) Using 33 workers of 33 for evacuation
[175.966s][info][gc,phases      ] GC(443)   Pre Evacuate Collection Set: 0.1ms
[175.966s][info][gc,phases      ] GC(443)   Merge Heap Roots: 0.1ms
[175.966s][info][gc,phases      ] GC(443)   Evacuate Collection Set: 0.4ms
[175.966s][info][gc,phases      ] GC(443)   Post Evacuate Collection Set: 3.3ms
[175.966s][info][gc,phases      ] GC(443)   Other: 0.1ms
[175.966s][info][gc,heap        ] GC(443) Eden regions: 43->0(43)
[175.966s][info][gc,heap        ] GC(443) Survivor regions: 1->1(6)
[175.966s][info][gc,heap        ] GC(443) Old regions: 7->7
[175.966s][info][gc,heap        ] GC(443) Archive regions: 0->0
[175.966s][info][gc,heap        ] GC(443) Humongous regions: 0->0
[175.966s][info][gc,metaspace   ] GC(443) Metaspace: 14359K(15232K)->14359K(15232K) NonClass: 12397K(12928K)->12397K(12928K) Class: 1962K(2304K)->1962K(2304K)
[175.966s][info][gc             ] GC(443) Pause Young (Normal) (G1 Evacuation Pause) 696M->8M(1184M) 4.285ms
[175.966s][info][gc,cpu         ] GC(443) User=0.00s Sys=0.00s Real=0.00s
[176.379s][info][gc,start       ] GC(444) Pause Young (Normal) (G1 Evacuation Pause)
[176.379s][info][gc,task        ] GC(444) Using 33 workers of 33 for evacuation
[176.383s][info][gc,phases      ] GC(444)   Pre Evacuate Collection Set: 0.1ms
[176.384s][info][gc,phases      ] GC(444)   Merge Heap Roots: 0.2ms
[176.384s][info][gc,phases      ] GC(444)   Evacuate Collection Set: 0.4ms
[176.384s][info][gc,phases      ] GC(444)   Post Evacuate Collection Set: 3.5ms
[176.384s][info][gc,phases      ] GC(444)   Other: 0.1ms
[176.384s][info][gc,heap        ] GC(444) Eden regions: 43->0(43)
[176.384s][info][gc,heap        ] GC(444) Survivor regions: 1->1(6)
[176.384s][info][gc,heap        ] GC(444) Old regions: 7->7
[176.384s][info][gc,heap        ] GC(444) Archive regions: 0->0
[176.384s][info][gc,heap        ] GC(444) Humongous regions: 0->0
[176.384s][info][gc,metaspace   ] GC(444) Metaspace: 14359K(15232K)->14359K(15232K) NonClass: 12397K(12928K)->12397K(12928K) Class: 1962K(2304K)->1962K(2304K)
[176.384s][info][gc             ] GC(444) Pause Young (Normal) (G1 Evacuation Pause) 696M->8M(1184M) 4.470ms
[176.384s][info][gc,cpu         ] GC(444) User=0.00s Sys=0.00s Real=0.01s
[176.615s][info][gc,start       ] GC(445) Pause Full (System.gc())
[176.615s][info][gc,task        ] GC(445) Using 6 workers of 33 for full compaction
[176.615s][info][gc,phases,start] GC(445) Phase 1: Mark live objects
[176.625s][info][gc,phases      ] GC(445) Phase 1: Mark live objects 9.840ms
[176.625s][info][gc,phases,start] GC(445) Phase 2: Prepare compaction
[176.627s][info][gc,phases      ] GC(445) Phase 2: Prepare compaction 1.845ms
[176.627s][info][gc,phases,start] GC(445) Phase 3: Adjust pointers
[176.635s][info][gc,phases      ] GC(445) Phase 3: Adjust pointers 7.401ms
[176.635s][info][gc,phases,start] GC(445) Phase 4: Compact heap
[176.636s][info][gc,phases      ] GC(445) Phase 4: Compact heap 1.468ms
[176.641s][info][gc,heap        ] GC(445) Eden regions: 22->0(12)
[176.641s][info][gc,heap        ] GC(445) Survivor regions: 1->0(6)
[176.641s][info][gc,heap        ] GC(445) Old regions: 7->6
[176.641s][info][gc,heap        ] GC(445) Archive regions: 0->0
[176.641s][info][gc,heap        ] GC(445) Humongous regions: 0->0
[176.641s][info][gc,metaspace   ] GC(445) Metaspace: 14359K(15232K)->14359K(15232K) NonClass: 12397K(12928K)->12397K(12928K) Class: 1962K(2304K)->1962K(2304K)
[176.641s][info][gc             ] GC(445) Pause Full (System.gc()) 350M->5M(320M) 26.146ms
[176.641s][info][gc,cpu         ] GC(445) User=0.09s Sys=0.00s Real=0.01s
[176.773s][info][gc,start       ] GC(446) Pause Young (Normal) (G1 Evacuation Pause)
[176.794s][info][gc,task        ] GC(446) Using 33 workers of 33 for evacuation
[176.840s][info][gc,phases      ] GC(446)   Pre Evacuate Collection Set: 0.1ms
[176.840s][info][gc,phases      ] GC(446)   Merge Heap Roots: 0.2ms
[176.840s][info][gc,phases      ] GC(446)   Evacuate Collection Set: 0.9ms
[176.840s][info][gc,phases      ] GC(446)   Post Evacuate Collection Set: 3.2ms
[176.840s][info][gc,phases      ] GC(446)   Other: 42.2ms
[176.840s][info][gc,heap        ] GC(446) Eden regions: 12->0(11)
[176.840s][info][gc,heap        ] GC(446) Survivor regions: 0->1(2)
[176.840s][info][gc,heap        ] GC(446) Old regions: 6->6
[176.840s][info][gc,heap        ] GC(446) Archive regions: 0->0
[176.841s][info][gc,heap        ] GC(446) Humongous regions: 0->0
[176.841s][info][gc,metaspace   ] GC(446) Metaspace: 14359K(15232K)->14359K(15232K) NonClass: 12397K(12928K)->12397K(12928K) Class: 1962K(2304K)->1962K(2304K)
[176.841s][info][gc             ] GC(446) Pause Young (Normal) (G1 Evacuation Pause) 197M->6M(320M) 67.658ms
[176.841s][info][gc,cpu         ] GC(446) User=0.52s Sys=0.00s Real=0.07s
[176.960s][info][gc,start       ] GC(447) Pause Young (Normal) (G1 Evacuation Pause)
[176.960s][info][gc,task        ] GC(447) Using 33 workers of 33 for evacuation
[176.963s][info][gc,phases      ] GC(447)   Pre Evacuate Collection Set: 0.1ms
[176.963s][info][gc,phases      ] GC(447)   Merge Heap Roots: 0.1ms
[176.963s][info][gc,phases      ] GC(447)   Evacuate Collection Set: 0.4ms
[176.963s][info][gc,phases      ] GC(447)   Post Evacuate Collection Set: 2.3ms
[176.963s][info][gc,phases      ] GC(447)   Other: 0.1ms
[176.963s][info][gc,heap        ] GC(447) Eden regions: 11->0(11)
[176.964s][info][gc,heap        ] GC(447) Survivor regions: 1->1(2)
[176.964s][info][gc,heap        ] GC(447) Old regions: 6->6
[176.964s][info][gc,heap        ] GC(447) Archive regions: 0->0
[176.964s][info][gc,heap        ] GC(447) Humongous regions: 0->0
[176.964s][info][gc,metaspace   ] GC(447) Metaspace: 14359K(15232K)->14359K(15232K) NonClass: 12397K(12928K)->12397K(12928K) Class: 1962K(2304K)->1962K(2304K)
[176.964s][info][gc             ] GC(447) Pause Young (Normal) (G1 Evacuation Pause) 182M->6M(320M) 3.233ms
[176.964s][info][gc,cpu         ] GC(447) User=0.00s Sys=0.00s Real=0.00s
[177.074s][info][gc,start       ] GC(448) Pause Young (Normal) (G1 Evacuation Pause)
[177.074s][info][gc,task        ] GC(448) Using 33 workers of 33 for evacuation
[177.077s][info][gc,phases      ] GC(448)   Pre Evacuate Collection Set: 0.1ms
[177.077s][info][gc,phases      ] GC(448)   Merge Heap Roots: 0.1ms
[177.077s][info][gc,phases      ] GC(448)   Evacuate Collection Set: 0.4ms
[177.077s][info][gc,phases      ] GC(448)   Post Evacuate Collection Set: 2.3ms
[177.077s][info][gc,phases      ] GC(448)   Other: 0.1ms
[177.077s][info][gc,heap        ] GC(448) Eden regions: 11->0(11)
[177.077s][info][gc,heap        ] GC(448) Survivor regions: 1->1(2)
[177.077s][info][gc,heap        ] GC(448) Old regions: 6->6
[177.077s][info][gc,heap        ] GC(448) Archive regions: 0->0
[177.077s][info][gc,heap        ] GC(448) Humongous regions: 0->0
[177.077s][info][gc,metaspace   ] GC(448) Metaspace: 14359K(15232K)->14359K(15232K) NonClass: 12397K(12928K)->12397K(12928K) Class: 1962K(2304K)->1962K(2304K)
[177.077s][info][gc             ] GC(448) Pause Young (Normal) (G1 Evacuation Pause) 182M->6M(320M) 3.237ms
[177.077s][info][gc,cpu         ] GC(448) User=0.00s Sys=0.00s Real=0.00s
[177.186s][info][gc,start       ] GC(449) Pause Young (Normal) (G1 Evacuation Pause)
[177.186s][info][gc,task        ] GC(449) Using 33 workers of 33 for evacuation
[177.191s][info][gc,phases      ] GC(449)   Pre Evacuate Collection Set: 0.1ms
[177.192s][info][gc,phases      ] GC(449)   Merge Heap Roots: 0.1ms
[177.192s][info][gc,phases      ] GC(449)   Evacuate Collection Set: 0.5ms
[177.192s][info][gc,phases      ] GC(449)   Post Evacuate Collection Set: 4.5ms
[177.192s][info][gc,phases      ] GC(449)   Other: 0.1ms
[177.192s][info][gc,heap        ] GC(449) Eden regions: 11->0(43)
[177.192s][info][gc,heap        ] GC(449) Survivor regions: 1->1(2)
[177.192s][info][gc,heap        ] GC(449) Old regions: 6->6
[177.192s][info][gc,heap        ] GC(449) Archive regions: 0->0
[177.192s][info][gc,heap        ] GC(449) Humongous regions: 0->0
[177.192s][info][gc,metaspace   ] GC(449) Metaspace: 14359K(15232K)->14359K(15232K) NonClass: 12397K(12928K)->12397K(12928K) Class: 1962K(2304K)->1962K(2304K)
[177.192s][info][gc             ] GC(449) Pause Young (Normal) (G1 Evacuation Pause) 182M->6M(1184M) 5.511ms
[177.192s][info][gc,cpu         ] GC(449) User=0.52s Sys=0.00s Real=0.00s
[177.595s][info][gc,start       ] GC(450) Pause Young (Normal) (G1 Evacuation Pause)
[177.595s][info][gc,task        ] GC(450) Using 33 workers of 33 for evacuation
[177.600s][info][gc,phases      ] GC(450)   Pre Evacuate Collection Set: 0.1ms
[177.600s][info][gc,phases      ] GC(450)   Merge Heap Roots: 0.1ms
[177.601s][info][gc,phases      ] GC(450)   Evacuate Collection Set: 1.9ms
[177.601s][info][gc,phases      ] GC(450)   Post Evacuate Collection Set: 3.1ms
[177.601s][info][gc,phases      ] GC(450)   Other: 0.1ms
[177.601s][info][gc,heap        ] GC(450) Eden regions: 43->0(43)
[177.601s][info][gc,heap        ] GC(450) Survivor regions: 1->1(6)
[177.601s][info][gc,heap        ] GC(450) Old regions: 6->6
[177.601s][info][gc,heap        ] GC(450) Archive regions: 0->0
[177.601s][info][gc,heap        ] GC(450) Humongous regions: 0->0
[177.601s][info][gc,metaspace   ] GC(450) Metaspace: 14359K(15232K)->14359K(15232K) NonClass: 12397K(12928K)->12397K(12928K) Class: 1962K(2304K)->1962K(2304K)
[177.601s][info][gc             ] GC(450) Pause Young (Normal) (G1 Evacuation Pause) 694M->6M(1184M) 5.509ms
[177.601s][info][gc,cpu         ] GC(450) User=0.02s Sys=0.00s Real=0.01s
[178.025s][info][gc,start       ] GC(451) Pause Young (Normal) (G1 Evacuation Pause)
[178.025s][info][gc,task        ] GC(451) Using 33 workers of 33 for evacuation
[178.031s][info][gc,phases      ] GC(451)   Pre Evacuate Collection Set: 0.1ms
[178.031s][info][gc,phases      ] GC(451)   Merge Heap Roots: 0.1ms
[178.031s][info][gc,phases      ] GC(451)   Evacuate Collection Set: 2.0ms
[178.031s][info][gc,phases      ] GC(451)   Post Evacuate Collection Set: 3.2ms
[178.031s][info][gc,phases      ] GC(451)   Other: 0.1ms
[178.031s][info][gc,heap        ] GC(451) Eden regions: 43->0(43)
[178.031s][info][gc,heap        ] GC(451) Survivor regions: 1->1(6)
[178.031s][info][gc,heap        ] GC(451) Old regions: 6->6
[178.031s][info][gc,heap        ] GC(451) Archive regions: 0->0
[178.031s][info][gc,heap        ] GC(451) Humongous regions: 0->0
[178.031s][info][gc,metaspace   ] GC(451) Metaspace: 14359K(15232K)->14359K(15232K) NonClass: 12397K(12928K)->12397K(12928K) Class: 1962K(2304K)->1962K(2304K)
[178.031s][info][gc             ] GC(451) Pause Young (Normal) (G1 Evacuation Pause) 694M->6M(1184M) 5.668ms
[178.031s][info][gc,cpu         ] GC(451) User=0.00s Sys=0.00s Real=0.01s
[178.459s][info][gc,start       ] GC(452) Pause Young (Normal) (G1 Evacuation Pause)
[178.460s][info][gc,task        ] GC(452) Using 33 workers of 33 for evacuation
[178.464s][info][gc,phases      ] GC(452)   Pre Evacuate Collection Set: 0.1ms
[178.464s][info][gc,phases      ] GC(452)   Merge Heap Roots: 0.1ms
[178.464s][info][gc,phases      ] GC(452)   Evacuate Collection Set: 0.5ms
[178.464s][info][gc,phases      ] GC(452)   Post Evacuate Collection Set: 3.3ms
[178.464s][info][gc,phases      ] GC(452)   Other: 0.1ms
[178.464s][info][gc,heap        ] GC(452) Eden regions: 43->0(43)
[178.464s][info][gc,heap        ] GC(452) Survivor regions: 1->1(6)
[178.464s][info][gc,heap        ] GC(452) Old regions: 6->6
[178.464s][info][gc,heap        ] GC(452) Archive regions: 0->0
[178.464s][info][gc,heap        ] GC(452) Humongous regions: 0->0
[178.464s][info][gc,metaspace   ] GC(452) Metaspace: 14359K(15232K)->14359K(15232K) NonClass: 12397K(12928K)->12397K(12928K) Class: 1962K(2304K)->1962K(2304K)
[178.464s][info][gc             ] GC(452) Pause Young (Normal) (G1 Evacuation Pause) 694M->6M(1184M) 4.328ms
[178.464s][info][gc,cpu         ] GC(452) User=0.00s Sys=0.00s Real=0.00s
[178.910s][info][gc,start       ] GC(453) Pause Young (Normal) (G1 Evacuation Pause)
[178.910s][info][gc,task        ] GC(453) Using 33 workers of 33 for evacuation
[178.914s][info][gc,phases      ] GC(453)   Pre Evacuate Collection Set: 0.1ms
[178.914s][info][gc,phases      ] GC(453)   Merge Heap Roots: 0.1ms
[178.914s][info][gc,phases      ] GC(453)   Evacuate Collection Set: 0.7ms
[178.914s][info][gc,phases      ] GC(453)   Post Evacuate Collection Set: 3.6ms
[178.914s][info][gc,phases      ] GC(453)   Other: 0.1ms
[178.914s][info][gc,heap        ] GC(453) Eden regions: 43->0(43)
[178.914s][info][gc,heap        ] GC(453) Survivor regions: 1->1(6)
[178.914s][info][gc,heap        ] GC(453) Old regions: 6->6
[178.915s][info][gc,heap        ] GC(453) Archive regions: 0->0
[178.915s][info][gc,heap        ] GC(453) Humongous regions: 0->0
[178.915s][info][gc,metaspace   ] GC(453) Metaspace: 14359K(15232K)->14359K(15232K) NonClass: 12397K(12928K)->12397K(12928K) Class: 1962K(2304K)->1962K(2304K)
[178.915s][info][gc             ] GC(453) Pause Young (Normal) (G1 Evacuation Pause) 694M->7M(1184M) 5.038ms
[178.915s][info][gc,cpu         ] GC(453) User=0.00s Sys=0.00s Real=0.00s
[179.352s][info][gc,start       ] GC(454) Pause Young (Normal) (G1 Evacuation Pause)
[179.352s][info][gc,task        ] GC(454) Using 33 workers of 33 for evacuation
[179.357s][info][gc,phases      ] GC(454)   Pre Evacuate Collection Set: 0.1ms
[179.357s][info][gc,phases      ] GC(454)   Merge Heap Roots: 0.1ms
[179.357s][info][gc,phases      ] GC(454)   Evacuate Collection Set: 0.5ms
[179.357s][info][gc,phases      ] GC(454)   Post Evacuate Collection Set: 3.6ms
[179.357s][info][gc,phases      ] GC(454)   Other: 0.1ms
[179.357s][info][gc,heap        ] GC(454) Eden regions: 43->0(52)
[179.357s][info][gc,heap        ] GC(454) Survivor regions: 1->1(6)
[179.357s][info][gc,heap        ] GC(454) Old regions: 6->6
[179.357s][info][gc,heap        ] GC(454) Archive regions: 0->0
[179.357s][info][gc,heap        ] GC(454) Humongous regions: 0->0
[179.357s][info][gc,metaspace   ] GC(454) Metaspace: 14359K(15232K)->14359K(15232K) NonClass: 12397K(12928K)->12397K(12928K) Class: 1962K(2304K)->1962K(2304K)
[179.357s][info][gc             ] GC(454) Pause Young (Normal) (G1 Evacuation Pause) 695M->7M(1424M) 4.668ms
[179.357s][info][gc,cpu         ] GC(454) User=0.00s Sys=0.00s Real=0.01s
[179.863s][info][gc,start       ] GC(455) Pause Young (Normal) (G1 Evacuation Pause)
[179.863s][info][gc,task        ] GC(455) Using 33 workers of 33 for evacuation
[179.867s][info][gc,phases      ] GC(455)   Pre Evacuate Collection Set: 0.1ms
[179.867s][info][gc,phases      ] GC(455)   Merge Heap Roots: 0.1ms
[179.867s][info][gc,phases      ] GC(455)   Evacuate Collection Set: 0.5ms
[179.867s][info][gc,phases      ] GC(455)   Post Evacuate Collection Set: 3.0ms
[179.867s][info][gc,phases      ] GC(455)   Other: 0.1ms
[179.867s][info][gc,heap        ] GC(455) Eden regions: 52->0(52)
[179.867s][info][gc,heap        ] GC(455) Survivor regions: 1->1(7)
[179.867s][info][gc,heap        ] GC(455) Old regions: 6->6
[179.867s][info][gc,heap        ] GC(455) Archive regions: 0->0
[179.867s][info][gc,heap        ] GC(455) Humongous regions: 0->0
[179.867s][info][gc,metaspace   ] GC(455) Metaspace: 14359K(15232K)->14359K(15232K) NonClass: 12397K(12928K)->12397K(12928K) Class: 1962K(2304K)->1962K(2304K)
[179.867s][info][gc             ] GC(455) Pause Young (Normal) (G1 Evacuation Pause) 839M->7M(1424M) 4.068ms
[179.867s][info][gc,cpu         ] GC(455) User=0.00s Sys=0.00s Real=0.00s
[180.376s][info][gc,start       ] GC(456) Pause Young (Normal) (G1 Evacuation Pause)
[180.376s][info][gc,task        ] GC(456) Using 33 workers of 33 for evacuation
[180.380s][info][gc,phases      ] GC(456)   Pre Evacuate Collection Set: 0.1ms
[180.380s][info][gc,phases      ] GC(456)   Merge Heap Roots: 0.1ms
[180.380s][info][gc,phases      ] GC(456)   Evacuate Collection Set: 0.5ms
[180.380s][info][gc,phases      ] GC(456)   Post Evacuate Collection Set: 3.2ms
[180.380s][info][gc,phases      ] GC(456)   Other: 0.1ms
[180.380s][info][gc,heap        ] GC(456) Eden regions: 52->0(52)
[180.380s][info][gc,heap        ] GC(456) Survivor regions: 1->1(7)
[180.380s][info][gc,heap        ] GC(456) Old regions: 6->6
[180.380s][info][gc,heap        ] GC(456) Archive regions: 0->0
[180.380s][info][gc,heap        ] GC(456) Humongous regions: 0->0
[180.380s][info][gc,metaspace   ] GC(456) Metaspace: 14359K(15232K)->14359K(15232K) NonClass: 12397K(12928K)->12397K(12928K) Class: 1962K(2304K)->1962K(2304K)
[180.380s][info][gc             ] GC(456) Pause Young (Normal) (G1 Evacuation Pause) 839M->7M(1424M) 4.236ms
[180.380s][info][gc,cpu         ] GC(456) User=0.20s Sys=0.06s Real=0.00s
[180.886s][info][gc,start       ] GC(457) Pause Young (Normal) (G1 Evacuation Pause)
[180.886s][info][gc,task        ] GC(457) Using 33 workers of 33 for evacuation
[180.891s][info][gc,phases      ] GC(457)   Pre Evacuate Collection Set: 0.1ms
[180.891s][info][gc,phases      ] GC(457)   Merge Heap Roots: 0.1ms
[180.891s][info][gc,phases      ] GC(457)   Evacuate Collection Set: 0.5ms
[180.891s][info][gc,phases      ] GC(457)   Post Evacuate Collection Set: 3.4ms
[180.891s][info][gc,phases      ] GC(457)   Other: 0.1ms
[180.891s][info][gc,heap        ] GC(457) Eden regions: 52->0(52)
[180.891s][info][gc,heap        ] GC(457) Survivor regions: 1->1(7)
[180.891s][info][gc,heap        ] GC(457) Old regions: 6->6
[180.891s][info][gc,heap        ] GC(457) Archive regions: 0->0
[180.891s][info][gc,heap        ] GC(457) Humongous regions: 0->0
[180.891s][info][gc,metaspace   ] GC(457) Metaspace: 14359K(15232K)->14359K(15232K) NonClass: 12397K(12928K)->12397K(12928K) Class: 1962K(2304K)->1962K(2304K)
[180.891s][info][gc             ] GC(457) Pause Young (Normal) (G1 Evacuation Pause) 839M->7M(1424M) 4.439ms
[180.891s][info][gc,cpu         ] GC(457) User=0.00s Sys=0.00s Real=0.00s
[181.397s][info][gc,start       ] GC(458) Pause Young (Normal) (G1 Evacuation Pause)
[181.397s][info][gc,task        ] GC(458) Using 33 workers of 33 for evacuation
[181.401s][info][gc,phases      ] GC(458)   Pre Evacuate Collection Set: 0.1ms
[181.401s][info][gc,phases      ] GC(458)   Merge Heap Roots: 0.1ms
[181.401s][info][gc,phases      ] GC(458)   Evacuate Collection Set: 0.5ms
[181.401s][info][gc,phases      ] GC(458)   Post Evacuate Collection Set: 3.4ms
[181.401s][info][gc,phases      ] GC(458)   Other: 0.1ms
[181.401s][info][gc,heap        ] GC(458) Eden regions: 52->0(52)
[181.401s][info][gc,heap        ] GC(458) Survivor regions: 1->1(7)
[181.401s][info][gc,heap        ] GC(458) Old regions: 6->6
[181.401s][info][gc,heap        ] GC(458) Archive regions: 0->0
[181.401s][info][gc,heap        ] GC(458) Humongous regions: 0->0
[181.401s][info][gc,metaspace   ] GC(458) Metaspace: 14359K(15232K)->14359K(15232K) NonClass: 12397K(12928K)->12397K(12928K) Class: 1962K(2304K)->1962K(2304K)
[181.401s][info][gc             ] GC(458) Pause Young (Normal) (G1 Evacuation Pause) 839M->7M(1424M) 4.478ms
[181.401s][info][gc,cpu         ] GC(458) User=0.00s Sys=0.00s Real=0.00s
[181.913s][info][gc,start       ] GC(459) Pause Young (Normal) (G1 Evacuation Pause)
[181.913s][info][gc,task        ] GC(459) Using 33 workers of 33 for evacuation
[181.918s][info][gc,phases      ] GC(459)   Pre Evacuate Collection Set: 0.1ms
[181.918s][info][gc,phases      ] GC(459)   Merge Heap Roots: 0.1ms
[181.918s][info][gc,phases      ] GC(459)   Evacuate Collection Set: 0.5ms
[181.918s][info][gc,phases      ] GC(459)   Post Evacuate Collection Set: 3.3ms
[181.918s][info][gc,phases      ] GC(459)   Other: 0.1ms
[181.918s][info][gc,heap        ] GC(459) Eden regions: 52->0(52)
[181.918s][info][gc,heap        ] GC(459) Survivor regions: 1->1(7)
[181.918s][info][gc,heap        ] GC(459) Old regions: 6->6
[181.918s][info][gc,heap        ] GC(459) Archive regions: 0->0
[181.918s][info][gc,heap        ] GC(459) Humongous regions: 0->0
[181.918s][info][gc,metaspace   ] GC(459) Metaspace: 14359K(15232K)->14359K(15232K) NonClass: 12397K(12928K)->12397K(12928K) Class: 1962K(2304K)->1962K(2304K)
[181.918s][info][gc             ] GC(459) Pause Young (Normal) (G1 Evacuation Pause) 839M->7M(1424M) 4.401ms
[181.918s][info][gc,cpu         ] GC(459) User=0.00s Sys=0.00s Real=0.00s
[182.445s][info][gc,start       ] GC(460) Pause Young (Normal) (G1 Evacuation Pause)
[182.445s][info][gc,task        ] GC(460) Using 33 workers of 33 for evacuation
[182.449s][info][gc,phases      ] GC(460)   Pre Evacuate Collection Set: 0.1ms
[182.449s][info][gc,phases      ] GC(460)   Merge Heap Roots: 0.1ms
[182.449s][info][gc,phases      ] GC(460)   Evacuate Collection Set: 0.5ms
[182.449s][info][gc,phases      ] GC(460)   Post Evacuate Collection Set: 3.1ms
[182.449s][info][gc,phases      ] GC(460)   Other: 0.1ms
[182.449s][info][gc,heap        ] GC(460) Eden regions: 52->0(52)
[182.449s][info][gc,heap        ] GC(460) Survivor regions: 1->1(7)
[182.449s][info][gc,heap        ] GC(460) Old regions: 6->6
[182.449s][info][gc,heap        ] GC(460) Archive regions: 0->0
[182.449s][info][gc,heap        ] GC(460) Humongous regions: 0->0
[182.449s][info][gc,metaspace   ] GC(460) Metaspace: 14359K(15232K)->14359K(15232K) NonClass: 12397K(12928K)->12397K(12928K) Class: 1962K(2304K)->1962K(2304K)
[182.449s][info][gc             ] GC(460) Pause Young (Normal) (G1 Evacuation Pause) 839M->7M(1424M) 4.206ms
[182.449s][info][gc,cpu         ] GC(460) User=0.00s Sys=0.00s Real=0.00s
[182.966s][info][gc,start       ] GC(461) Pause Young (Normal) (G1 Evacuation Pause)
[182.967s][info][gc,task        ] GC(461) Using 33 workers of 33 for evacuation
[182.971s][info][gc,phases      ] GC(461)   Pre Evacuate Collection Set: 0.1ms
[182.971s][info][gc,phases      ] GC(461)   Merge Heap Roots: 0.1ms
[182.971s][info][gc,phases      ] GC(461)   Evacuate Collection Set: 0.6ms
[182.971s][info][gc,phases      ] GC(461)   Post Evacuate Collection Set: 3.1ms
[182.971s][info][gc,phases      ] GC(461)   Other: 0.1ms
[182.971s][info][gc,heap        ] GC(461) Eden regions: 52->0(52)
[182.971s][info][gc,heap        ] GC(461) Survivor regions: 1->1(7)
[182.971s][info][gc,heap        ] GC(461) Old regions: 6->7
[182.971s][info][gc,heap        ] GC(461) Archive regions: 0->0
[182.971s][info][gc,heap        ] GC(461) Humongous regions: 0->0
[182.971s][info][gc,metaspace   ] GC(461) Metaspace: 14359K(15232K)->14359K(15232K) NonClass: 12397K(12928K)->12397K(12928K) Class: 1962K(2304K)->1962K(2304K)
[182.971s][info][gc             ] GC(461) Pause Young (Normal) (G1 Evacuation Pause) 839M->7M(1424M) 4.245ms
[182.971s][info][gc,cpu         ] GC(461) User=0.52s Sys=0.00s Real=0.00s
[183.496s][info][gc,start       ] GC(462) Pause Young (Normal) (G1 Evacuation Pause)
[183.496s][info][gc,task        ] GC(462) Using 33 workers of 33 for evacuation
[183.500s][info][gc,phases      ] GC(462)   Pre Evacuate Collection Set: 0.1ms
[183.500s][info][gc,phases      ] GC(462)   Merge Heap Roots: 0.2ms
[183.500s][info][gc,phases      ] GC(462)   Evacuate Collection Set: 0.4ms
[183.500s][info][gc,phases      ] GC(462)   Post Evacuate Collection Set: 3.2ms
[183.500s][info][gc,phases      ] GC(462)   Other: 0.1ms
[183.500s][info][gc,heap        ] GC(462) Eden regions: 52->0(52)
[183.500s][info][gc,heap        ] GC(462) Survivor regions: 1->1(7)
[183.500s][info][gc,heap        ] GC(462) Old regions: 7->7
[183.500s][info][gc,heap        ] GC(462) Archive regions: 0->0
[183.500s][info][gc,heap        ] GC(462) Humongous regions: 0->0
[183.500s][info][gc,metaspace   ] GC(462) Metaspace: 14359K(15232K)->14359K(15232K) NonClass: 12397K(12928K)->12397K(12928K) Class: 1962K(2304K)->1962K(2304K)
[183.500s][info][gc             ] GC(462) Pause Young (Normal) (G1 Evacuation Pause) 839M->7M(1424M) 4.189ms
[183.500s][info][gc,cpu         ] GC(462) User=0.00s Sys=0.00s Real=0.00s
[184.025s][info][gc,start       ] GC(463) Pause Young (Normal) (G1 Evacuation Pause)
[184.025s][info][gc,task        ] GC(463) Using 33 workers of 33 for evacuation
[184.030s][info][gc,phases      ] GC(463)   Pre Evacuate Collection Set: 0.1ms
[184.030s][info][gc,phases      ] GC(463)   Merge Heap Roots: 0.2ms
[184.030s][info][gc,phases      ] GC(463)   Evacuate Collection Set: 0.4ms
[184.030s][info][gc,phases      ] GC(463)   Post Evacuate Collection Set: 3.4ms
[184.030s][info][gc,phases      ] GC(463)   Other: 0.1ms
[184.030s][info][gc,heap        ] GC(463) Eden regions: 52->0(52)
[184.030s][info][gc,heap        ] GC(463) Survivor regions: 1->1(7)
[184.030s][info][gc,heap        ] GC(463) Old regions: 7->7
[184.030s][info][gc,heap        ] GC(463) Archive regions: 0->0
[184.030s][info][gc,heap        ] GC(463) Humongous regions: 0->0
[184.030s][info][gc,metaspace   ] GC(463) Metaspace: 14359K(15232K)->14359K(15232K) NonClass: 12397K(12928K)->12397K(12928K) Class: 1962K(2304K)->1962K(2304K)
[184.030s][info][gc             ] GC(463) Pause Young (Normal) (G1 Evacuation Pause) 839M->7M(1424M) 4.381ms
[184.030s][info][gc,cpu         ] GC(463) User=0.00s Sys=0.00s Real=0.00s
[184.604s][info][gc,start       ] GC(464) Pause Young (Normal) (G1 Evacuation Pause)
[184.604s][info][gc,task        ] GC(464) Using 33 workers of 33 for evacuation
[184.610s][info][gc,phases      ] GC(464)   Pre Evacuate Collection Set: 0.2ms
[184.610s][info][gc,phases      ] GC(464)   Merge Heap Roots: 0.2ms
[184.610s][info][gc,phases      ] GC(464)   Evacuate Collection Set: 0.7ms
[184.610s][info][gc,phases      ] GC(464)   Post Evacuate Collection Set: 4.4ms
[184.610s][info][gc,phases      ] GC(464)   Other: 0.2ms
[184.610s][info][gc,heap        ] GC(464) Eden regions: 52->0(52)
[184.610s][info][gc,heap        ] GC(464) Survivor regions: 1->1(7)
[184.610s][info][gc,heap        ] GC(464) Old regions: 7->7
[184.610s][info][gc,heap        ] GC(464) Archive regions: 0->0
[184.610s][info][gc,heap        ] GC(464) Humongous regions: 0->0
[184.610s][info][gc,metaspace   ] GC(464) Metaspace: 14359K(15232K)->14359K(15232K) NonClass: 12397K(12928K)->12397K(12928K) Class: 1962K(2304K)->1962K(2304K)
[184.610s][info][gc             ] GC(464) Pause Young (Normal) (G1 Evacuation Pause) 839M->8M(1424M) 6.312ms
[184.611s][info][gc,cpu         ] GC(464) User=0.00s Sys=0.00s Real=0.01s
[185.158s][info][gc,start       ] GC(465) Pause Young (Normal) (G1 Evacuation Pause)
[185.158s][info][gc,task        ] GC(465) Using 33 workers of 33 for evacuation
[185.162s][info][gc,phases      ] GC(465)   Pre Evacuate Collection Set: 0.1ms
[185.162s][info][gc,phases      ] GC(465)   Merge Heap Roots: 0.2ms
[185.162s][info][gc,phases      ] GC(465)   Evacuate Collection Set: 0.4ms
[185.162s][info][gc,phases      ] GC(465)   Post Evacuate Collection Set: 3.1ms
[185.162s][info][gc,phases      ] GC(465)   Other: 0.1ms
[185.162s][info][gc,heap        ] GC(465) Eden regions: 52->0(52)
[185.162s][info][gc,heap        ] GC(465) Survivor regions: 1->1(7)
[185.162s][info][gc,heap        ] GC(465) Old regions: 7->7
[185.162s][info][gc,heap        ] GC(465) Archive regions: 0->0
[185.162s][info][gc,heap        ] GC(465) Humongous regions: 0->0
[185.162s][info][gc,metaspace   ] GC(465) Metaspace: 14359K(15232K)->14359K(15232K) NonClass: 12397K(12928K)->12397K(12928K) Class: 1962K(2304K)->1962K(2304K)
[185.162s][info][gc             ] GC(465) Pause Young (Normal) (G1 Evacuation Pause) 840M->8M(1424M) 4.133ms
[185.162s][info][gc,cpu         ] GC(465) User=0.02s Sys=0.00s Real=0.01s
[185.699s][info][gc,start       ] GC(466) Pause Young (Normal) (G1 Evacuation Pause)
[185.699s][info][gc,task        ] GC(466) Using 33 workers of 33 for evacuation
[185.703s][info][gc,phases      ] GC(466)   Pre Evacuate Collection Set: 0.1ms
[185.703s][info][gc,phases      ] GC(466)   Merge Heap Roots: 0.1ms
[185.703s][info][gc,phases      ] GC(466)   Evacuate Collection Set: 0.4ms
[185.703s][info][gc,phases      ] GC(466)   Post Evacuate Collection Set: 3.1ms
[185.703s][info][gc,phases      ] GC(466)   Other: 0.1ms
[185.703s][info][gc,heap        ] GC(466) Eden regions: 52->0(52)
[185.703s][info][gc,heap        ] GC(466) Survivor regions: 1->1(7)
[185.703s][info][gc,heap        ] GC(466) Old regions: 7->7
[185.703s][info][gc,heap        ] GC(466) Archive regions: 0->0
[185.703s][info][gc,heap        ] GC(466) Humongous regions: 0->0
[185.703s][info][gc,metaspace   ] GC(466) Metaspace: 14359K(15232K)->14359K(15232K) NonClass: 12397K(12928K)->12397K(12928K) Class: 1962K(2304K)->1962K(2304K)
[185.703s][info][gc             ] GC(466) Pause Young (Normal) (G1 Evacuation Pause) 840M->8M(1424M) 4.045ms
[185.703s][info][gc,cpu         ] GC(466) User=0.00s Sys=0.00s Real=0.00s
[186.229s][info][gc,start       ] GC(467) Pause Young (Normal) (G1 Evacuation Pause)
[186.229s][info][gc,task        ] GC(467) Using 33 workers of 33 for evacuation
[186.233s][info][gc,phases      ] GC(467)   Pre Evacuate Collection Set: 0.1ms
[186.233s][info][gc,phases      ] GC(467)   Merge Heap Roots: 0.2ms
[186.233s][info][gc,phases      ] GC(467)   Evacuate Collection Set: 0.4ms
[186.233s][info][gc,phases      ] GC(467)   Post Evacuate Collection Set: 3.2ms
[186.233s][info][gc,phases      ] GC(467)   Other: 0.1ms
[186.233s][info][gc,heap        ] GC(467) Eden regions: 52->0(52)
[186.233s][info][gc,heap        ] GC(467) Survivor regions: 1->1(7)
[186.233s][info][gc,heap        ] GC(467) Old regions: 7->7
[186.233s][info][gc,heap        ] GC(467) Archive regions: 0->0
[186.233s][info][gc,heap        ] GC(467) Humongous regions: 0->0
[186.233s][info][gc,metaspace   ] GC(467) Metaspace: 14359K(15232K)->14359K(15232K) NonClass: 12397K(12928K)->12397K(12928K) Class: 1962K(2304K)->1962K(2304K)
[186.233s][info][gc             ] GC(467) Pause Young (Normal) (G1 Evacuation Pause) 840M->8M(1424M) 4.199ms
[186.233s][info][gc,cpu         ] GC(467) User=0.00s Sys=0.00s Real=0.00s
[186.757s][info][gc,start       ] GC(468) Pause Young (Normal) (G1 Evacuation Pause)
[186.757s][info][gc,task        ] GC(468) Using 33 workers of 33 for evacuation
[186.762s][info][gc,phases      ] GC(468)   Pre Evacuate Collection Set: 0.1ms
[186.762s][info][gc,phases      ] GC(468)   Merge Heap Roots: 0.1ms
[186.762s][info][gc,phases      ] GC(468)   Evacuate Collection Set: 0.4ms
[186.762s][info][gc,phases      ] GC(468)   Post Evacuate Collection Set: 3.4ms
[186.762s][info][gc,phases      ] GC(468)   Other: 0.1ms
[186.762s][info][gc,heap        ] GC(468) Eden regions: 52->0(52)
[186.762s][info][gc,heap        ] GC(468) Survivor regions: 1->1(7)
[186.762s][info][gc,heap        ] GC(468) Old regions: 7->7
[186.762s][info][gc,heap        ] GC(468) Archive regions: 0->0
[186.762s][info][gc,heap        ] GC(468) Humongous regions: 0->0
[186.762s][info][gc,metaspace   ] GC(468) Metaspace: 14359K(15232K)->14359K(15232K) NonClass: 12397K(12928K)->12397K(12928K) Class: 1962K(2304K)->1962K(2304K)
[186.762s][info][gc             ] GC(468) Pause Young (Normal) (G1 Evacuation Pause) 840M->8M(1424M) 4.334ms
[186.762s][info][gc,cpu         ] GC(468) User=0.00s Sys=0.00s Real=0.00s
[187.238s][info][gc,start       ] GC(469) Pause Young (Normal) (G1 Evacuation Pause)
[187.238s][info][gc,task        ] GC(469) Using 33 workers of 33 for evacuation
[187.243s][info][gc,phases      ] GC(469)   Pre Evacuate Collection Set: 0.1ms
[187.243s][info][gc,phases      ] GC(469)   Merge Heap Roots: 0.2ms
[187.243s][info][gc,phases      ] GC(469)   Evacuate Collection Set: 0.4ms
[187.243s][info][gc,phases      ] GC(469)   Post Evacuate Collection Set: 3.7ms
[187.243s][info][gc,phases      ] GC(469)   Other: 0.1ms
[187.243s][info][gc,heap        ] GC(469) Eden regions: 52->0(52)
[187.243s][info][gc,heap        ] GC(469) Survivor regions: 1->1(7)
[187.243s][info][gc,heap        ] GC(469) Old regions: 7->7
[187.243s][info][gc,heap        ] GC(469) Archive regions: 0->0
[187.243s][info][gc,heap        ] GC(469) Humongous regions: 0->0
[187.243s][info][gc,metaspace   ] GC(469) Metaspace: 14359K(15232K)->14359K(15232K) NonClass: 12397K(12928K)->12397K(12928K) Class: 1962K(2304K)->1962K(2304K)
[187.243s][info][gc             ] GC(469) Pause Young (Normal) (G1 Evacuation Pause) 840M->8M(1424M) 4.707ms
[187.243s][info][gc,cpu         ] GC(469) User=0.00s Sys=0.00s Real=0.00s
[187.450s][info][gc,start       ] GC(470) Pause Full (System.gc())
[187.450s][info][gc,task        ] GC(470) Using 8 workers of 33 for full compaction
[187.450s][info][gc,phases,start] GC(470) Phase 1: Mark live objects
[187.462s][info][gc,phases      ] GC(470) Phase 1: Mark live objects 11.287ms
[187.462s][info][gc,phases,start] GC(470) Phase 2: Prepare compaction
[187.464s][info][gc,phases      ] GC(470) Phase 2: Prepare compaction 2.061ms
[187.464s][info][gc,phases,start] GC(470) Phase 3: Adjust pointers
[187.471s][info][gc,phases      ] GC(470) Phase 3: Adjust pointers 7.416ms
[187.471s][info][gc,phases,start] GC(470) Phase 4: Compact heap
[187.473s][info][gc,phases      ] GC(470) Phase 4: Compact heap 1.264ms
[187.480s][info][gc,heap        ] GC(470) Eden regions: 17->0(14)
[187.481s][info][gc,heap        ] GC(470) Survivor regions: 1->0(7)
[187.481s][info][gc,heap        ] GC(470) Old regions: 7->7
[187.481s][info][gc,heap        ] GC(470) Archive regions: 0->0
[187.481s][info][gc,heap        ] GC(470) Humongous regions: 0->0
[187.481s][info][gc,metaspace   ] GC(470) Metaspace: 14359K(15232K)->14359K(15232K) NonClass: 12397K(12928K)->12397K(12928K) Class: 1962K(2304K)->1962K(2304K)
[187.481s][info][gc             ] GC(470) Pause Full (System.gc()) 276M->5M(384M) 30.847ms
[187.481s][info][gc,cpu         ] GC(470) User=0.13s Sys=0.00s Real=0.02s
[187.647s][info][gc,start       ] GC(471) Pause Young (Normal) (G1 Evacuation Pause)
[187.647s][info][gc,task        ] GC(471) Using 33 workers of 33 for evacuation
[187.650s][info][gc,phases      ] GC(471)   Pre Evacuate Collection Set: 0.1ms
[187.650s][info][gc,phases      ] GC(471)   Merge Heap Roots: 0.1ms
[187.650s][info][gc,phases      ] GC(471)   Evacuate Collection Set: 0.5ms
[187.650s][info][gc,phases      ] GC(471)   Post Evacuate Collection Set: 2.6ms
[187.650s][info][gc,phases      ] GC(471)   Other: 0.1ms
[187.650s][info][gc,heap        ] GC(471) Eden regions: 14->0(13)
[187.650s][info][gc,heap        ] GC(471) Survivor regions: 0->1(2)
[187.650s][info][gc,heap        ] GC(471) Old regions: 7->7
[187.650s][info][gc,heap        ] GC(471) Archive regions: 0->0
[187.650s][info][gc,heap        ] GC(471) Humongous regions: 0->0
[187.650s][info][gc,metaspace   ] GC(471) Metaspace: 14359K(15232K)->14359K(15232K) NonClass: 12397K(12928K)->12397K(12928K) Class: 1962K(2304K)->1962K(2304K)
[187.650s][info][gc             ] GC(471) Pause Young (Normal) (G1 Evacuation Pause) 229M->6M(384M) 3.621ms
[187.650s][info][gc,cpu         ] GC(471) User=0.00s Sys=0.00s Real=0.00s
[187.804s][info][gc,start       ] GC(472) Pause Young (Normal) (G1 Evacuation Pause)
[187.804s][info][gc,task        ] GC(472) Using 33 workers of 33 for evacuation
[187.807s][info][gc,phases      ] GC(472)   Pre Evacuate Collection Set: 0.1ms
[187.807s][info][gc,phases      ] GC(472)   Merge Heap Roots: 0.1ms
[187.807s][info][gc,phases      ] GC(472)   Evacuate Collection Set: 0.5ms
[187.807s][info][gc,phases      ] GC(472)   Post Evacuate Collection Set: 2.6ms
[187.807s][info][gc,phases      ] GC(472)   Other: 0.1ms
[187.807s][info][gc,heap        ] GC(472) Eden regions: 13->0(13)
[187.807s][info][gc,heap        ] GC(472) Survivor regions: 1->1(2)
[187.807s][info][gc,heap        ] GC(472) Old regions: 7->7
[187.807s][info][gc,heap        ] GC(472) Archive regions: 0->0
[187.807s][info][gc,heap        ] GC(472) Humongous regions: 0->0
[187.808s][info][gc,metaspace   ] GC(472) Metaspace: 14359K(15232K)->14359K(15232K) NonClass: 12397K(12928K)->12397K(12928K) Class: 1962K(2304K)->1962K(2304K)
[187.808s][info][gc             ] GC(472) Pause Young (Normal) (G1 Evacuation Pause) 214M->6M(384M) 3.790ms
[187.808s][info][gc,cpu         ] GC(472) User=0.52s Sys=0.00s Real=0.02s
[187.942s][info][gc,start       ] GC(473) Pause Young (Normal) (G1 Evacuation Pause)
[187.942s][info][gc,task        ] GC(473) Using 33 workers of 33 for evacuation
[187.945s][info][gc,phases      ] GC(473)   Pre Evacuate Collection Set: 0.1ms
[187.945s][info][gc,phases      ] GC(473)   Merge Heap Roots: 0.1ms
[187.945s][info][gc,phases      ] GC(473)   Evacuate Collection Set: 0.5ms
[187.945s][info][gc,phases      ] GC(473)   Post Evacuate Collection Set: 2.4ms
[187.945s][info][gc,phases      ] GC(473)   Other: 0.1ms
[187.945s][info][gc,heap        ] GC(473) Eden regions: 13->0(13)
[187.945s][info][gc,heap        ] GC(473) Survivor regions: 1->1(2)
[187.945s][info][gc,heap        ] GC(473) Old regions: 7->7
[187.945s][info][gc,heap        ] GC(473) Archive regions: 0->0
[187.945s][info][gc,heap        ] GC(473) Humongous regions: 0->0
[187.945s][info][gc,metaspace   ] GC(473) Metaspace: 14359K(15232K)->14359K(15232K) NonClass: 12397K(12928K)->12397K(12928K) Class: 1962K(2304K)->1962K(2304K)
[187.945s][info][gc             ] GC(473) Pause Young (Normal) (G1 Evacuation Pause) 214M->6M(384M) 3.441ms
[187.946s][info][gc,cpu         ] GC(473) User=0.00s Sys=0.00s Real=0.00s
[188.082s][info][gc,start       ] GC(474) Pause Young (Normal) (G1 Evacuation Pause)
[188.082s][info][gc,task        ] GC(474) Using 33 workers of 33 for evacuation
[188.088s][info][gc,phases      ] GC(474)   Pre Evacuate Collection Set: 0.1ms
[188.088s][info][gc,phases      ] GC(474)   Merge Heap Roots: 0.1ms
[188.088s][info][gc,phases      ] GC(474)   Evacuate Collection Set: 0.5ms
[188.088s][info][gc,phases      ] GC(474)   Post Evacuate Collection Set: 4.6ms
[188.088s][info][gc,phases      ] GC(474)   Other: 0.1ms
[188.088s][info][gc,heap        ] GC(474) Eden regions: 13->0(44)
[188.088s][info][gc,heap        ] GC(474) Survivor regions: 1->1(2)
[188.088s][info][gc,heap        ] GC(474) Old regions: 7->7
[188.088s][info][gc,heap        ] GC(474) Archive regions: 0->0
[188.088s][info][gc,heap        ] GC(474) Humongous regions: 0->0
[188.088s][info][gc,metaspace   ] GC(474) Metaspace: 14359K(15232K)->14359K(15232K) NonClass: 12397K(12928K)->12397K(12928K) Class: 1962K(2304K)->1962K(2304K)
[188.088s][info][gc             ] GC(474) Pause Young (Normal) (G1 Evacuation Pause) 214M->6M(1216M) 5.630ms
[188.088s][info][gc,cpu         ] GC(474) User=0.00s Sys=0.00s Real=0.01s
[188.505s][info][gc,start       ] GC(475) Pause Young (Normal) (G1 Evacuation Pause)
[188.505s][info][gc,task        ] GC(475) Using 33 workers of 33 for evacuation
[188.510s][info][gc,phases      ] GC(475)   Pre Evacuate Collection Set: 0.1ms
[188.510s][info][gc,phases      ] GC(475)   Merge Heap Roots: 0.1ms
[188.510s][info][gc,phases      ] GC(475)   Evacuate Collection Set: 1.8ms
[188.510s][info][gc,phases      ] GC(475)   Post Evacuate Collection Set: 3.0ms
[188.510s][info][gc,phases      ] GC(475)   Other: 0.1ms
[188.510s][info][gc,heap        ] GC(475) Eden regions: 44->0(44)
[188.510s][info][gc,heap        ] GC(475) Survivor regions: 1->1(6)
[188.510s][info][gc,heap        ] GC(475) Old regions: 7->7
[188.510s][info][gc,heap        ] GC(475) Archive regions: 0->0
[188.510s][info][gc,heap        ] GC(475) Humongous regions: 0->0
[188.510s][info][gc,metaspace   ] GC(475) Metaspace: 14359K(15232K)->14359K(15232K) NonClass: 12397K(12928K)->12397K(12928K) Class: 1962K(2304K)->1962K(2304K)
[188.510s][info][gc             ] GC(475) Pause Young (Normal) (G1 Evacuation Pause) 710M->6M(1216M) 5.356ms
[188.510s][info][gc,cpu         ] GC(475) User=0.00s Sys=0.00s Real=0.01s
[188.949s][info][gc,start       ] GC(476) Pause Young (Normal) (G1 Evacuation Pause)
[188.949s][info][gc,task        ] GC(476) Using 33 workers of 33 for evacuation
[188.954s][info][gc,phases      ] GC(476)   Pre Evacuate Collection Set: 0.1ms
[188.954s][info][gc,phases      ] GC(476)   Merge Heap Roots: 0.1ms
[188.954s][info][gc,phases      ] GC(476)   Evacuate Collection Set: 1.9ms
[188.954s][info][gc,phases      ] GC(476)   Post Evacuate Collection Set: 3.0ms
[188.954s][info][gc,phases      ] GC(476)   Other: 0.1ms
[188.955s][info][gc,heap        ] GC(476) Eden regions: 44->0(44)
[188.955s][info][gc,heap        ] GC(476) Survivor regions: 1->1(6)
[188.955s][info][gc,heap        ] GC(476) Old regions: 7->7
[188.955s][info][gc,heap        ] GC(476) Archive regions: 0->0
[188.955s][info][gc,heap        ] GC(476) Humongous regions: 0->0
[188.955s][info][gc,metaspace   ] GC(476) Metaspace: 14359K(15232K)->14359K(15232K) NonClass: 12397K(12928K)->12397K(12928K) Class: 1962K(2304K)->1962K(2304K)
[188.955s][info][gc             ] GC(476) Pause Young (Normal) (G1 Evacuation Pause) 710M->6M(1216M) 5.430ms
[188.955s][info][gc,cpu         ] GC(476) User=0.00s Sys=0.00s Real=0.00s
[189.392s][info][gc,start       ] GC(477) Pause Young (Normal) (G1 Evacuation Pause)
[189.392s][info][gc,task        ] GC(477) Using 33 workers of 33 for evacuation
[189.396s][info][gc,phases      ] GC(477)   Pre Evacuate Collection Set: 0.1ms
[189.396s][info][gc,phases      ] GC(477)   Merge Heap Roots: 0.1ms
[189.396s][info][gc,phases      ] GC(477)   Evacuate Collection Set: 0.5ms
[189.396s][info][gc,phases      ] GC(477)   Post Evacuate Collection Set: 3.1ms
[189.396s][info][gc,phases      ] GC(477)   Other: 0.1ms
[189.396s][info][gc,heap        ] GC(477) Eden regions: 44->0(44)
[189.396s][info][gc,heap        ] GC(477) Survivor regions: 1->1(6)
[189.396s][info][gc,heap        ] GC(477) Old regions: 7->7
[189.396s][info][gc,heap        ] GC(477) Archive regions: 0->0
[189.396s][info][gc,heap        ] GC(477) Humongous regions: 0->0
[189.396s][info][gc,metaspace   ] GC(477) Metaspace: 14359K(15232K)->14359K(15232K) NonClass: 12397K(12928K)->12397K(12928K) Class: 1962K(2304K)->1962K(2304K)
[189.396s][info][gc             ] GC(477) Pause Young (Normal) (G1 Evacuation Pause) 710M->7M(1216M) 4.223ms
[189.396s][info][gc,cpu         ] GC(477) User=0.52s Sys=0.00s Real=0.00s
[189.825s][info][gc,start       ] GC(478) Pause Young (Normal) (G1 Evacuation Pause)
[189.825s][info][gc,task        ] GC(478) Using 33 workers of 33 for evacuation
[189.829s][info][gc,phases      ] GC(478)   Pre Evacuate Collection Set: 0.1ms
[189.829s][info][gc,phases      ] GC(478)   Merge Heap Roots: 0.1ms
[189.829s][info][gc,phases      ] GC(478)   Evacuate Collection Set: 0.5ms
[189.829s][info][gc,phases      ] GC(478)   Post Evacuate Collection Set: 3.2ms
[189.829s][info][gc,phases      ] GC(478)   Other: 0.1ms
[189.829s][info][gc,heap        ] GC(478) Eden regions: 44->0(44)
[189.829s][info][gc,heap        ] GC(478) Survivor regions: 1->1(6)
[189.829s][info][gc,heap        ] GC(478) Old regions: 7->7
[189.829s][info][gc,heap        ] GC(478) Archive regions: 0->0
[189.829s][info][gc,heap        ] GC(478) Humongous regions: 0->0
[189.829s][info][gc,metaspace   ] GC(478) Metaspace: 14359K(15232K)->14359K(15232K) NonClass: 12397K(12928K)->12397K(12928K) Class: 1962K(2304K)->1962K(2304K)
[189.829s][info][gc             ] GC(478) Pause Young (Normal) (G1 Evacuation Pause) 711M->7M(1216M) 4.276ms
[189.829s][info][gc,cpu         ] GC(478) User=0.00s Sys=0.00s Real=0.00s
[190.298s][info][gc,start       ] GC(479) Pause Young (Normal) (G1 Evacuation Pause)
[190.298s][info][gc,task        ] GC(479) Using 33 workers of 33 for evacuation
[190.304s][info][gc,phases      ] GC(479)   Pre Evacuate Collection Set: 0.2ms
[190.304s][info][gc,phases      ] GC(479)   Merge Heap Roots: 0.2ms
[190.304s][info][gc,phases      ] GC(479)   Evacuate Collection Set: 1.1ms
[190.304s][info][gc,phases      ] GC(479)   Post Evacuate Collection Set: 4.2ms
[190.304s][info][gc,phases      ] GC(479)   Other: 0.1ms
[190.304s][info][gc,heap        ] GC(479) Eden regions: 44->0(44)
[190.304s][info][gc,heap        ] GC(479) Survivor regions: 1->1(6)
[190.304s][info][gc,heap        ] GC(479) Old regions: 7->7
[190.304s][info][gc,heap        ] GC(479) Archive regions: 0->0
[190.304s][info][gc,heap        ] GC(479) Humongous regions: 0->0
[190.304s][info][gc,metaspace   ] GC(479) Metaspace: 14359K(15232K)->14359K(15232K) NonClass: 12397K(12928K)->12397K(12928K) Class: 1962K(2304K)->1962K(2304K)
[190.304s][info][gc             ] GC(479) Pause Young (Normal) (G1 Evacuation Pause) 711M->7M(1216M) 6.335ms
[190.305s][info][gc,cpu         ] GC(479) User=0.00s Sys=0.00s Real=0.00s
[190.756s][info][gc,start       ] GC(480) Pause Young (Normal) (G1 Evacuation Pause)
[190.756s][info][gc,task        ] GC(480) Using 33 workers of 33 for evacuation
[190.761s][info][gc,phases      ] GC(480)   Pre Evacuate Collection Set: 0.1ms
[190.761s][info][gc,phases      ] GC(480)   Merge Heap Roots: 0.1ms
[190.761s][info][gc,phases      ] GC(480)   Evacuate Collection Set: 0.6ms
[190.761s][info][gc,phases      ] GC(480)   Post Evacuate Collection Set: 3.6ms
[190.761s][info][gc,phases      ] GC(480)   Other: 0.1ms
[190.761s][info][gc,heap        ] GC(480) Eden regions: 44->0(54)
[190.761s][info][gc,heap        ] GC(480) Survivor regions: 1->1(6)
[190.761s][info][gc,heap        ] GC(480) Old regions: 7->7
[190.761s][info][gc,heap        ] GC(480) Archive regions: 0->0
[190.761s][info][gc,heap        ] GC(480) Humongous regions: 0->0
[190.761s][info][gc,metaspace   ] GC(480) Metaspace: 14359K(15232K)->14359K(15232K) NonClass: 12397K(12928K)->12397K(12928K) Class: 1962K(2304K)->1962K(2304K)
[190.761s][info][gc             ] GC(480) Pause Young (Normal) (G1 Evacuation Pause) 711M->7M(1472M) 4.719ms
[190.761s][info][gc,cpu         ] GC(480) User=0.00s Sys=0.00s Real=0.00s
[191.296s][info][gc,start       ] GC(481) Pause Young (Normal) (G1 Evacuation Pause)
[191.296s][info][gc,task        ] GC(481) Using 33 workers of 33 for evacuation
[191.300s][info][gc,phases      ] GC(481)   Pre Evacuate Collection Set: 0.1ms
[191.300s][info][gc,phases      ] GC(481)   Merge Heap Roots: 0.1ms
[191.300s][info][gc,phases      ] GC(481)   Evacuate Collection Set: 0.5ms
[191.300s][info][gc,phases      ] GC(481)   Post Evacuate Collection Set: 3.1ms
[191.300s][info][gc,phases      ] GC(481)   Other: 0.1ms
[191.300s][info][gc,heap        ] GC(481) Eden regions: 54->0(54)
[191.300s][info][gc,heap        ] GC(481) Survivor regions: 1->1(7)
[191.300s][info][gc,heap        ] GC(481) Old regions: 7->7
[191.300s][info][gc,heap        ] GC(481) Archive regions: 0->0
[191.300s][info][gc,heap        ] GC(481) Humongous regions: 0->0
[191.300s][info][gc,metaspace   ] GC(481) Metaspace: 14359K(15232K)->14359K(15232K) NonClass: 12397K(12928K)->12397K(12928K) Class: 1962K(2304K)->1962K(2304K)
[191.300s][info][gc             ] GC(481) Pause Young (Normal) (G1 Evacuation Pause) 871M->7M(1472M) 4.138ms
[191.300s][info][gc,cpu         ] GC(481) User=0.52s Sys=0.00s Real=0.00s
[191.839s][info][gc,start       ] GC(482) Pause Young (Normal) (G1 Evacuation Pause)
[191.839s][info][gc,task        ] GC(482) Using 33 workers of 33 for evacuation
[191.843s][info][gc,phases      ] GC(482)   Pre Evacuate Collection Set: 0.1ms
[191.843s][info][gc,phases      ] GC(482)   Merge Heap Roots: 0.1ms
[191.843s][info][gc,phases      ] GC(482)   Evacuate Collection Set: 0.6ms
[191.843s][info][gc,phases      ] GC(482)   Post Evacuate Collection Set: 3.2ms
[191.843s][info][gc,phases      ] GC(482)   Other: 0.1ms
[191.843s][info][gc,heap        ] GC(482) Eden regions: 54->0(54)
[191.843s][info][gc,heap        ] GC(482) Survivor regions: 1->1(7)
[191.843s][info][gc,heap        ] GC(482) Old regions: 7->7
[191.843s][info][gc,heap        ] GC(482) Archive regions: 0->0
[191.843s][info][gc,heap        ] GC(482) Humongous regions: 0->0
[191.843s][info][gc,metaspace   ] GC(482) Metaspace: 14359K(15232K)->14359K(15232K) NonClass: 12397K(12928K)->12397K(12928K) Class: 1962K(2304K)->1962K(2304K)
[191.843s][info][gc             ] GC(482) Pause Young (Normal) (G1 Evacuation Pause) 871M->7M(1472M) 4.331ms
[191.843s][info][gc,cpu         ] GC(482) User=0.00s Sys=0.00s Real=0.01s
[192.371s][info][gc,start       ] GC(483) Pause Young (Normal) (G1 Evacuation Pause)
[192.371s][info][gc,task        ] GC(483) Using 33 workers of 33 for evacuation
[192.376s][info][gc,phases      ] GC(483)   Pre Evacuate Collection Set: 0.1ms
[192.376s][info][gc,phases      ] GC(483)   Merge Heap Roots: 0.1ms
[192.376s][info][gc,phases      ] GC(483)   Evacuate Collection Set: 0.5ms
[192.376s][info][gc,phases      ] GC(483)   Post Evacuate Collection Set: 3.3ms
[192.376s][info][gc,phases      ] GC(483)   Other: 0.1ms
[192.376s][info][gc,heap        ] GC(483) Eden regions: 54->0(54)
[192.376s][info][gc,heap        ] GC(483) Survivor regions: 1->1(7)
[192.376s][info][gc,heap        ] GC(483) Old regions: 7->7
[192.376s][info][gc,heap        ] GC(483) Archive regions: 0->0
[192.376s][info][gc,heap        ] GC(483) Humongous regions: 0->0
[192.376s][info][gc,metaspace   ] GC(483) Metaspace: 14359K(15232K)->14359K(15232K) NonClass: 12397K(12928K)->12397K(12928K) Class: 1962K(2304K)->1962K(2304K)
[192.376s][info][gc             ] GC(483) Pause Young (Normal) (G1 Evacuation Pause) 871M->7M(1472M) 4.436ms
[192.376s][info][gc,cpu         ] GC(483) User=0.00s Sys=0.00s Real=0.00s
[192.907s][info][gc,start       ] GC(484) Pause Young (Normal) (G1 Evacuation Pause)
[192.907s][info][gc,task        ] GC(484) Using 33 workers of 33 for evacuation
[192.911s][info][gc,phases      ] GC(484)   Pre Evacuate Collection Set: 0.1ms
[192.911s][info][gc,phases      ] GC(484)   Merge Heap Roots: 0.1ms
[192.911s][info][gc,phases      ] GC(484)   Evacuate Collection Set: 0.5ms
[192.911s][info][gc,phases      ] GC(484)   Post Evacuate Collection Set: 3.5ms
[192.911s][info][gc,phases      ] GC(484)   Other: 0.1ms
[192.911s][info][gc,heap        ] GC(484) Eden regions: 54->0(54)
[192.911s][info][gc,heap        ] GC(484) Survivor regions: 1->1(7)
[192.911s][info][gc,heap        ] GC(484) Old regions: 7->7
[192.911s][info][gc,heap        ] GC(484) Archive regions: 0->0
[192.911s][info][gc,heap        ] GC(484) Humongous regions: 0->0
[192.911s][info][gc,metaspace   ] GC(484) Metaspace: 14359K(15232K)->14359K(15232K) NonClass: 12397K(12928K)->12397K(12928K) Class: 1962K(2304K)->1962K(2304K)
[192.911s][info][gc             ] GC(484) Pause Young (Normal) (G1 Evacuation Pause) 871M->7M(1472M) 4.547ms
[192.911s][info][gc,cpu         ] GC(484) User=0.52s Sys=0.00s Real=0.00s
[193.443s][info][gc,start       ] GC(485) Pause Young (Normal) (G1 Evacuation Pause)
[193.443s][info][gc,task        ] GC(485) Using 33 workers of 33 for evacuation
[193.447s][info][gc,phases      ] GC(485)   Pre Evacuate Collection Set: 0.1ms
[193.447s][info][gc,phases      ] GC(485)   Merge Heap Roots: 0.1ms
[193.447s][info][gc,phases      ] GC(485)   Evacuate Collection Set: 0.6ms
[193.447s][info][gc,phases      ] GC(485)   Post Evacuate Collection Set: 3.6ms
[193.447s][info][gc,phases      ] GC(485)   Other: 0.1ms
[193.447s][info][gc,heap        ] GC(485) Eden regions: 54->0(54)
[193.447s][info][gc,heap        ] GC(485) Survivor regions: 1->1(7)
[193.447s][info][gc,heap        ] GC(485) Old regions: 7->7
[193.447s][info][gc,heap        ] GC(485) Archive regions: 0->0
[193.447s][info][gc,heap        ] GC(485) Humongous regions: 0->0
[193.448s][info][gc,metaspace   ] GC(485) Metaspace: 14359K(15232K)->14359K(15232K) NonClass: 12397K(12928K)->12397K(12928K) Class: 1962K(2304K)->1962K(2304K)
[193.448s][info][gc             ] GC(485) Pause Young (Normal) (G1 Evacuation Pause) 871M->7M(1472M) 4.695ms
[193.448s][info][gc,cpu         ] GC(485) User=0.00s Sys=0.00s Real=0.00s
[194.113s][info][gc,start       ] GC(486) Pause Young (Normal) (G1 Evacuation Pause)
[194.113s][info][gc,task        ] GC(486) Using 33 workers of 33 for evacuation
[194.119s][info][gc,phases      ] GC(486)   Pre Evacuate Collection Set: 0.2ms
[194.119s][info][gc,phases      ] GC(486)   Merge Heap Roots: 0.2ms
[194.120s][info][gc,phases      ] GC(486)   Evacuate Collection Set: 1.0ms
[194.120s][info][gc,phases      ] GC(486)   Post Evacuate Collection Set: 4.7ms
[194.120s][info][gc,phases      ] GC(486)   Other: 0.1ms
[194.120s][info][gc,heap        ] GC(486) Eden regions: 54->0(54)
[194.120s][info][gc,heap        ] GC(486) Survivor regions: 1->1(7)
[194.120s][info][gc,heap        ] GC(486) Old regions: 7->8
[194.120s][info][gc,heap        ] GC(486) Archive regions: 0->0
[194.120s][info][gc,heap        ] GC(486) Humongous regions: 0->0
[194.120s][info][gc,metaspace   ] GC(486) Metaspace: 14359K(15232K)->14359K(15232K) NonClass: 12397K(12928K)->12397K(12928K) Class: 1962K(2304K)->1962K(2304K)
[194.120s][info][gc             ] GC(486) Pause Young (Normal) (G1 Evacuation Pause) 871M->7M(1472M) 6.785ms
[194.120s][info][gc,cpu         ] GC(486) User=0.00s Sys=0.00s Real=0.00s
[194.674s][info][gc,start       ] GC(487) Pause Young (Normal) (G1 Evacuation Pause)
[194.674s][info][gc,task        ] GC(487) Using 33 workers of 33 for evacuation
[194.678s][info][gc,phases      ] GC(487)   Pre Evacuate Collection Set: 0.1ms
[194.678s][info][gc,phases      ] GC(487)   Merge Heap Roots: 0.1ms
[194.678s][info][gc,phases      ] GC(487)   Evacuate Collection Set: 0.4ms
[194.678s][info][gc,phases      ] GC(487)   Post Evacuate Collection Set: 3.2ms
[194.678s][info][gc,phases      ] GC(487)   Other: 0.1ms
[194.678s][info][gc,heap        ] GC(487) Eden regions: 54->0(54)
[194.678s][info][gc,heap        ] GC(487) Survivor regions: 1->1(7)
[194.678s][info][gc,heap        ] GC(487) Old regions: 8->8
[194.678s][info][gc,heap        ] GC(487) Archive regions: 0->0
[194.678s][info][gc,heap        ] GC(487) Humongous regions: 0->0
[194.678s][info][gc,metaspace   ] GC(487) Metaspace: 14359K(15232K)->14359K(15232K) NonClass: 12397K(12928K)->12397K(12928K) Class: 1962K(2304K)->1962K(2304K)
[194.678s][info][gc             ] GC(487) Pause Young (Normal) (G1 Evacuation Pause) 871M->7M(1472M) 4.211ms
[194.678s][info][gc,cpu         ] GC(487) User=0.00s Sys=0.00s Real=0.00s
[195.222s][info][gc,start       ] GC(488) Pause Young (Normal) (G1 Evacuation Pause)
[195.222s][info][gc,task        ] GC(488) Using 33 workers of 33 for evacuation
[195.226s][info][gc,phases      ] GC(488)   Pre Evacuate Collection Set: 0.1ms
[195.226s][info][gc,phases      ] GC(488)   Merge Heap Roots: 0.2ms
[195.226s][info][gc,phases      ] GC(488)   Evacuate Collection Set: 0.4ms
[195.226s][info][gc,phases      ] GC(488)   Post Evacuate Collection Set: 3.2ms
[195.226s][info][gc,phases      ] GC(488)   Other: 0.1ms
[195.226s][info][gc,heap        ] GC(488) Eden regions: 54->0(54)
[195.226s][info][gc,heap        ] GC(488) Survivor regions: 1->1(7)
[195.226s][info][gc,heap        ] GC(488) Old regions: 8->8
[195.226s][info][gc,heap        ] GC(488) Archive regions: 0->0
[195.226s][info][gc,heap        ] GC(488) Humongous regions: 0->0
[195.226s][info][gc,metaspace   ] GC(488) Metaspace: 14359K(15232K)->14359K(15232K) NonClass: 12397K(12928K)->12397K(12928K) Class: 1962K(2304K)->1962K(2304K)
[195.226s][info][gc             ] GC(488) Pause Young (Normal) (G1 Evacuation Pause) 871M->7M(1472M) 4.210ms
[195.226s][info][gc,cpu         ] GC(488) User=0.00s Sys=0.00s Real=0.00s
[195.761s][info][gc,start       ] GC(489) Pause Young (Normal) (G1 Evacuation Pause)
[195.761s][info][gc,task        ] GC(489) Using 33 workers of 33 for evacuation
[195.766s][info][gc,phases      ] GC(489)   Pre Evacuate Collection Set: 0.1ms
[195.766s][info][gc,phases      ] GC(489)   Merge Heap Roots: 0.1ms
[195.766s][info][gc,phases      ] GC(489)   Evacuate Collection Set: 0.4ms
[195.766s][info][gc,phases      ] GC(489)   Post Evacuate Collection Set: 3.4ms
[195.766s][info][gc,phases      ] GC(489)   Other: 0.1ms
[195.766s][info][gc,heap        ] GC(489) Eden regions: 54->0(54)
[195.766s][info][gc,heap        ] GC(489) Survivor regions: 1->1(7)
[195.766s][info][gc,heap        ] GC(489) Old regions: 8->8
[195.766s][info][gc,heap        ] GC(489) Archive regions: 0->0
[195.766s][info][gc,heap        ] GC(489) Humongous regions: 0->0
[195.766s][info][gc,metaspace   ] GC(489) Metaspace: 14359K(15232K)->14359K(15232K) NonClass: 12397K(12928K)->12397K(12928K) Class: 1962K(2304K)->1962K(2304K)
[195.766s][info][gc             ] GC(489) Pause Young (Normal) (G1 Evacuation Pause) 871M->8M(1472M) 4.435ms
[195.766s][info][gc,cpu         ] GC(489) User=0.00s Sys=0.00s Real=0.00s
[196.295s][info][gc,start       ] GC(490) Pause Young (Normal) (G1 Evacuation Pause)
[196.295s][info][gc,task        ] GC(490) Using 33 workers of 33 for evacuation
[196.300s][info][gc,phases      ] GC(490)   Pre Evacuate Collection Set: 0.1ms
[196.300s][info][gc,phases      ] GC(490)   Merge Heap Roots: 0.1ms
[196.300s][info][gc,phases      ] GC(490)   Evacuate Collection Set: 0.4ms
[196.300s][info][gc,phases      ] GC(490)   Post Evacuate Collection Set: 3.5ms
[196.300s][info][gc,phases      ] GC(490)   Other: 0.1ms
[196.300s][info][gc,heap        ] GC(490) Eden regions: 54->0(54)
[196.300s][info][gc,heap        ] GC(490) Survivor regions: 1->1(7)
[196.300s][info][gc,heap        ] GC(490) Old regions: 8->8
[196.300s][info][gc,heap        ] GC(490) Archive regions: 0->0
[196.300s][info][gc,heap        ] GC(490) Humongous regions: 0->0
[196.300s][info][gc,metaspace   ] GC(490) Metaspace: 14359K(15232K)->14359K(15232K) NonClass: 12397K(12928K)->12397K(12928K) Class: 1962K(2304K)->1962K(2304K)
[196.300s][info][gc             ] GC(490) Pause Young (Normal) (G1 Evacuation Pause) 872M->8M(1472M) 4.617ms
[196.300s][info][gc,cpu         ] GC(490) User=0.00s Sys=0.00s Real=0.00s
[196.968s][info][gc,start       ] GC(491) Pause Young (Normal) (G1 Evacuation Pause)
[196.968s][info][gc,task        ] GC(491) Using 33 workers of 33 for evacuation
[196.974s][info][gc,phases      ] GC(491)   Pre Evacuate Collection Set: 0.2ms
[196.974s][info][gc,phases      ] GC(491)   Merge Heap Roots: 0.2ms
[196.974s][info][gc,phases      ] GC(491)   Evacuate Collection Set: 0.8ms
[196.974s][info][gc,phases      ] GC(491)   Post Evacuate Collection Set: 4.6ms
[196.974s][info][gc,phases      ] GC(491)   Other: 0.1ms
[196.974s][info][gc,heap        ] GC(491) Eden regions: 54->0(54)
[196.974s][info][gc,heap        ] GC(491) Survivor regions: 1->1(7)
[196.974s][info][gc,heap        ] GC(491) Old regions: 8->8
[196.974s][info][gc,heap        ] GC(491) Archive regions: 0->0
[196.974s][info][gc,heap        ] GC(491) Humongous regions: 0->0
[196.974s][info][gc,metaspace   ] GC(491) Metaspace: 14359K(15232K)->14359K(15232K) NonClass: 12397K(12928K)->12397K(12928K) Class: 1962K(2304K)->1962K(2304K)
[196.974s][info][gc             ] GC(491) Pause Young (Normal) (G1 Evacuation Pause) 872M->8M(1472M) 6.458ms
[196.974s][info][gc,cpu         ] GC(491) User=0.00s Sys=0.00s Real=0.00s
[197.527s][info][gc,start       ] GC(492) Pause Young (Normal) (G1 Evacuation Pause)
[197.527s][info][gc,task        ] GC(492) Using 33 workers of 33 for evacuation
[197.531s][info][gc,phases      ] GC(492)   Pre Evacuate Collection Set: 0.1ms
[197.531s][info][gc,phases      ] GC(492)   Merge Heap Roots: 0.2ms
[197.531s][info][gc,phases      ] GC(492)   Evacuate Collection Set: 0.4ms
[197.531s][info][gc,phases      ] GC(492)   Post Evacuate Collection Set: 3.2ms
[197.531s][info][gc,phases      ] GC(492)   Other: 0.1ms
[197.531s][info][gc,heap        ] GC(492) Eden regions: 54->0(54)
[197.531s][info][gc,heap        ] GC(492) Survivor regions: 1->1(7)
[197.531s][info][gc,heap        ] GC(492) Old regions: 8->8
[197.531s][info][gc,heap        ] GC(492) Archive regions: 0->0
[197.531s][info][gc,heap        ] GC(492) Humongous regions: 0->0
[197.531s][info][gc,metaspace   ] GC(492) Metaspace: 14359K(15232K)->14359K(15232K) NonClass: 12397K(12928K)->12397K(12928K) Class: 1962K(2304K)->1962K(2304K)
[197.531s][info][gc             ] GC(492) Pause Young (Normal) (G1 Evacuation Pause) 872M->8M(1472M) 4.199ms
[197.531s][info][gc,cpu         ] GC(492) User=0.00s Sys=0.00s Real=0.00s
[198.071s][info][gc,start       ] GC(493) Pause Young (Normal) (G1 Evacuation Pause)
[198.071s][info][gc,task        ] GC(493) Using 33 workers of 33 for evacuation
[198.075s][info][gc,phases      ] GC(493)   Pre Evacuate Collection Set: 0.1ms
[198.075s][info][gc,phases      ] GC(493)   Merge Heap Roots: 0.1ms
[198.075s][info][gc,phases      ] GC(493)   Evacuate Collection Set: 0.4ms
[198.075s][info][gc,phases      ] GC(493)   Post Evacuate Collection Set: 3.2ms
[198.075s][info][gc,phases      ] GC(493)   Other: 0.1ms
[198.075s][info][gc,heap        ] GC(493) Eden regions: 54->0(54)
[198.075s][info][gc,heap        ] GC(493) Survivor regions: 1->1(7)
[198.075s][info][gc,heap        ] GC(493) Old regions: 8->8
[198.075s][info][gc,heap        ] GC(493) Archive regions: 0->0
[198.075s][info][gc,heap        ] GC(493) Humongous regions: 0->0
[198.075s][info][gc,metaspace   ] GC(493) Metaspace: 14359K(15232K)->14359K(15232K) NonClass: 12397K(12928K)->12397K(12928K) Class: 1962K(2304K)->1962K(2304K)
[198.075s][info][gc             ] GC(493) Pause Young (Normal) (G1 Evacuation Pause) 872M->8M(1472M) 4.162ms
[198.075s][info][gc,cpu         ] GC(493) User=0.00s Sys=0.00s Real=0.00s
[198.397s][info][gc,start       ] GC(494) Pause Full (System.gc())
[198.397s][info][gc,task        ] GC(494) Using 8 workers of 33 for full compaction
[198.398s][info][gc,phases,start] GC(494) Phase 1: Mark live objects
[198.412s][info][gc,phases      ] GC(494) Phase 1: Mark live objects 14.708ms
[198.412s][info][gc,phases,start] GC(494) Phase 2: Prepare compaction
[198.414s][info][gc,phases      ] GC(494) Phase 2: Prepare compaction 1.466ms
[198.414s][info][gc,phases,start] GC(494) Phase 3: Adjust pointers
[198.420s][info][gc,phases      ] GC(494) Phase 3: Adjust pointers 6.659ms
[198.420s][info][gc,phases,start] GC(494) Phase 4: Compact heap
[198.421s][info][gc,phases      ] GC(494) Phase 4: Compact heap 0.962ms
[198.428s][info][gc,heap        ] GC(494) Eden regions: 36->0(16)
[198.428s][info][gc,heap        ] GC(494) Survivor regions: 1->0(7)
[198.428s][info][gc,heap        ] GC(494) Old regions: 8->8
[198.428s][info][gc,heap        ] GC(494) Archive regions: 0->0
[198.428s][info][gc,heap        ] GC(494) Humongous regions: 0->0
[198.428s][info][gc,metaspace   ] GC(494) Metaspace: 14359K(15232K)->14359K(15232K) NonClass: 12397K(12928K)->12397K(12928K) Class: 1962K(2304K)->1962K(2304K)
[198.428s][info][gc             ] GC(494) Pause Full (System.gc()) 569M->5M(432M) 30.935ms
[198.428s][info][gc,cpu         ] GC(494) User=0.06s Sys=0.47s Real=0.03s
[198.599s][info][gc,start       ] GC(495) Pause Young (Normal) (G1 Evacuation Pause)
[198.599s][info][gc,task        ] GC(495) Using 33 workers of 33 for evacuation
[198.603s][info][gc,phases      ] GC(495)   Pre Evacuate Collection Set: 0.1ms
[198.603s][info][gc,phases      ] GC(495)   Merge Heap Roots: 0.1ms
[198.603s][info][gc,phases      ] GC(495)   Evacuate Collection Set: 0.5ms
[198.603s][info][gc,phases      ] GC(495)   Post Evacuate Collection Set: 2.6ms
[198.603s][info][gc,phases      ] GC(495)   Other: 0.1ms
[198.603s][info][gc,heap        ] GC(495) Eden regions: 16->0(15)
[198.603s][info][gc,heap        ] GC(495) Survivor regions: 0->1(2)
[198.603s][info][gc,heap        ] GC(495) Old regions: 8->8
[198.603s][info][gc,heap        ] GC(495) Archive regions: 0->0
[198.603s][info][gc,heap        ] GC(495) Humongous regions: 0->0
[198.603s][info][gc,metaspace   ] GC(495) Metaspace: 14359K(15232K)->14359K(15232K) NonClass: 12397K(12928K)->12397K(12928K) Class: 1962K(2304K)->1962K(2304K)
[198.603s][info][gc             ] GC(495) Pause Young (Normal) (G1 Evacuation Pause) 261M->6M(432M) 3.593ms
[198.603s][info][gc,cpu         ] GC(495) User=0.00s Sys=0.00s Real=0.00s
[198.766s][info][gc,start       ] GC(496) Pause Young (Normal) (G1 Evacuation Pause)
[198.766s][info][gc,task        ] GC(496) Using 33 workers of 33 for evacuation
[198.769s][info][gc,phases      ] GC(496)   Pre Evacuate Collection Set: 0.1ms
[198.769s][info][gc,phases      ] GC(496)   Merge Heap Roots: 0.1ms
[198.769s][info][gc,phases      ] GC(496)   Evacuate Collection Set: 0.5ms
[198.769s][info][gc,phases      ] GC(496)   Post Evacuate Collection Set: 2.7ms
[198.769s][info][gc,phases      ] GC(496)   Other: 0.1ms
[198.769s][info][gc,heap        ] GC(496) Eden regions: 15->0(15)
[198.769s][info][gc,heap        ] GC(496) Survivor regions: 1->1(2)
[198.770s][info][gc,heap        ] GC(496) Old regions: 8->8
[198.770s][info][gc,heap        ] GC(496) Archive regions: 0->0
[198.770s][info][gc,heap        ] GC(496) Humongous regions: 0->0
[198.770s][info][gc,metaspace   ] GC(496) Metaspace: 14359K(15232K)->14359K(15232K) NonClass: 12397K(12928K)->12397K(12928K) Class: 1962K(2304K)->1962K(2304K)
[198.770s][info][gc             ] GC(496) Pause Young (Normal) (G1 Evacuation Pause) 246M->6M(432M) 3.797ms
[198.770s][info][gc,cpu         ] GC(496) User=0.00s Sys=0.00s Real=0.00s
[198.928s][info][gc,start       ] GC(497) Pause Young (Normal) (G1 Evacuation Pause)
[198.928s][info][gc,task        ] GC(497) Using 33 workers of 33 for evacuation
[198.931s][info][gc,phases      ] GC(497)   Pre Evacuate Collection Set: 0.1ms
[198.931s][info][gc,phases      ] GC(497)   Merge Heap Roots: 0.1ms
[198.931s][info][gc,phases      ] GC(497)   Evacuate Collection Set: 0.5ms
[198.931s][info][gc,phases      ] GC(497)   Post Evacuate Collection Set: 2.7ms
[198.931s][info][gc,phases      ] GC(497)   Other: 0.2ms
[198.931s][info][gc,heap        ] GC(497) Eden regions: 15->0(15)
[198.931s][info][gc,heap        ] GC(497) Survivor regions: 1->1(2)
[198.931s][info][gc,heap        ] GC(497) Old regions: 8->8
[198.931s][info][gc,heap        ] GC(497) Archive regions: 0->0
[198.931s][info][gc,heap        ] GC(497) Humongous regions: 0->0
[198.931s][info][gc,metaspace   ] GC(497) Metaspace: 14359K(15232K)->14359K(15232K) NonClass: 12397K(12928K)->12397K(12928K) Class: 1962K(2304K)->1962K(2304K)
[198.932s][info][gc             ] GC(497) Pause Young (Normal) (G1 Evacuation Pause) 246M->6M(432M) 3.747ms
[198.932s][info][gc,cpu         ] GC(497) User=0.00s Sys=0.00s Real=0.00s
[199.081s][info][gc,start       ] GC(498) Pause Young (Normal) (G1 Evacuation Pause)
[199.081s][info][gc,task        ] GC(498) Using 33 workers of 33 for evacuation
[199.087s][info][gc,phases      ] GC(498)   Pre Evacuate Collection Set: 0.1ms
[199.087s][info][gc,phases      ] GC(498)   Merge Heap Roots: 0.1ms
[199.087s][info][gc,phases      ] GC(498)   Evacuate Collection Set: 0.5ms
[199.087s][info][gc,phases      ] GC(498)   Post Evacuate Collection Set: 4.8ms
[199.087s][info][gc,phases      ] GC(498)   Other: 0.1ms
[199.087s][info][gc,heap        ] GC(498) Eden regions: 15->0(45)
[199.087s][info][gc,heap        ] GC(498) Survivor regions: 1->1(2)
[199.087s][info][gc,heap        ] GC(498) Old regions: 8->8
[199.087s][info][gc,heap        ] GC(498) Archive regions: 0->0
[199.087s][info][gc,heap        ] GC(498) Humongous regions: 0->0
[199.087s][info][gc,metaspace   ] GC(498) Metaspace: 14359K(15232K)->14359K(15232K) NonClass: 12397K(12928K)->12397K(12928K) Class: 1962K(2304K)->1962K(2304K)
[199.087s][info][gc             ] GC(498) Pause Young (Normal) (G1 Evacuation Pause) 246M->6M(1248M) 5.735ms
[199.087s][info][gc,cpu         ] GC(498) User=0.00s Sys=0.00s Real=0.00s
[199.506s][info][gc,start       ] GC(499) Pause Young (Normal) (G1 Evacuation Pause)
[199.506s][info][gc,task        ] GC(499) Using 33 workers of 33 for evacuation
[199.511s][info][gc,phases      ] GC(499)   Pre Evacuate Collection Set: 0.1ms
[199.511s][info][gc,phases      ] GC(499)   Merge Heap Roots: 0.1ms
[199.511s][info][gc,phases      ] GC(499)   Evacuate Collection Set: 2.0ms
[199.511s][info][gc,phases      ] GC(499)   Post Evacuate Collection Set: 3.4ms
[199.511s][info][gc,phases      ] GC(499)   Other: 0.1ms
[199.511s][info][gc,heap        ] GC(499) Eden regions: 45->0(45)
[199.511s][info][gc,heap        ] GC(499) Survivor regions: 1->1(6)
[199.511s][info][gc,heap        ] GC(499) Old regions: 8->8
[199.511s][info][gc,heap        ] GC(499) Archive regions: 0->0
[199.512s][info][gc,heap        ] GC(499) Humongous regions: 0->0
[199.512s][info][gc,metaspace   ] GC(499) Metaspace: 14359K(15232K)->14359K(15232K) NonClass: 12397K(12928K)->12397K(12928K) Class: 1962K(2304K)->1962K(2304K)
[199.512s][info][gc             ] GC(499) Pause Young (Normal) (G1 Evacuation Pause) 726M->6M(1248M) 5.903ms
[199.512s][info][gc,cpu         ] GC(499) User=0.00s Sys=0.00s Real=0.00s
[199.958s][info][gc,start       ] GC(500) Pause Young (Normal) (G1 Evacuation Pause)
[199.958s][info][gc,task        ] GC(500) Using 33 workers of 33 for evacuation
[199.964s][info][gc,phases      ] GC(500)   Pre Evacuate Collection Set: 0.1ms
[199.964s][info][gc,phases      ] GC(500)   Merge Heap Roots: 0.1ms
[199.964s][info][gc,phases      ] GC(500)   Evacuate Collection Set: 2.0ms
[199.964s][info][gc,phases      ] GC(500)   Post Evacuate Collection Set: 3.3ms
[199.964s][info][gc,phases      ] GC(500)   Other: 0.1ms
[199.964s][info][gc,heap        ] GC(500) Eden regions: 45->0(45)
[199.964s][info][gc,heap        ] GC(500) Survivor regions: 1->1(6)
[199.964s][info][gc,heap        ] GC(500) Old regions: 8->8
[199.964s][info][gc,heap        ] GC(500) Archive regions: 0->0
[199.964s][info][gc,heap        ] GC(500) Humongous regions: 0->0
[199.964s][info][gc,metaspace   ] GC(500) Metaspace: 14359K(15232K)->14359K(15232K) NonClass: 12397K(12928K)->12397K(12928K) Class: 1962K(2304K)->1962K(2304K)
[199.964s][info][gc             ] GC(500) Pause Young (Normal) (G1 Evacuation Pause) 726M->6M(1248M) 5.892ms
[199.964s][info][gc,cpu         ] GC(500) User=0.00s Sys=0.00s Real=0.00s
[200.413s][info][gc,start       ] GC(501) Pause Young (Normal) (G1 Evacuation Pause)
[200.413s][info][gc,task        ] GC(501) Using 33 workers of 33 for evacuation
[200.417s][info][gc,phases      ] GC(501)   Pre Evacuate Collection Set: 0.1ms
[200.417s][info][gc,phases      ] GC(501)   Merge Heap Roots: 0.1ms
[200.417s][info][gc,phases      ] GC(501)   Evacuate Collection Set: 0.5ms
[200.417s][info][gc,phases      ] GC(501)   Post Evacuate Collection Set: 3.1ms
[200.417s][info][gc,phases      ] GC(501)   Other: 0.1ms
[200.417s][info][gc,heap        ] GC(501) Eden regions: 45->0(45)
[200.417s][info][gc,heap        ] GC(501) Survivor regions: 1->1(6)
[200.417s][info][gc,heap        ] GC(501) Old regions: 8->8
[200.417s][info][gc,heap        ] GC(501) Archive regions: 0->0
[200.417s][info][gc,heap        ] GC(501) Humongous regions: 0->0
[200.417s][info][gc,metaspace   ] GC(501) Metaspace: 14359K(15232K)->14359K(15232K) NonClass: 12397K(12928K)->12397K(12928K) Class: 1962K(2304K)->1962K(2304K)
[200.417s][info][gc             ] GC(501) Pause Young (Normal) (G1 Evacuation Pause) 726M->7M(1248M) 4.197ms
[200.417s][info][gc,cpu         ] GC(501) User=0.00s Sys=0.00s Real=0.00s
[200.868s][info][gc,start       ] GC(502) Pause Young (Normal) (G1 Evacuation Pause)
[200.868s][info][gc,task        ] GC(502) Using 33 workers of 33 for evacuation
[200.872s][info][gc,phases      ] GC(502)   Pre Evacuate Collection Set: 0.1ms
[200.872s][info][gc,phases      ] GC(502)   Merge Heap Roots: 0.1ms
[200.872s][info][gc,phases      ] GC(502)   Evacuate Collection Set: 0.5ms
[200.872s][info][gc,phases      ] GC(502)   Post Evacuate Collection Set: 3.0ms
[200.872s][info][gc,phases      ] GC(502)   Other: 0.1ms
[200.872s][info][gc,heap        ] GC(502) Eden regions: 45->0(45)
[200.872s][info][gc,heap        ] GC(502) Survivor regions: 1->1(6)
[200.872s][info][gc,heap        ] GC(502) Old regions: 8->8
[200.872s][info][gc,heap        ] GC(502) Archive regions: 0->0
[200.872s][info][gc,heap        ] GC(502) Humongous regions: 0->0
[200.872s][info][gc,metaspace   ] GC(502) Metaspace: 14359K(15232K)->14359K(15232K) NonClass: 12397K(12928K)->12397K(12928K) Class: 1962K(2304K)->1962K(2304K)
[200.872s][info][gc             ] GC(502) Pause Young (Normal) (G1 Evacuation Pause) 727M->7M(1248M) 4.067ms
[200.872s][info][gc,cpu         ] GC(502) User=0.00s Sys=0.00s Real=0.00s
[201.312s][info][gc,start       ] GC(503) Pause Young (Normal) (G1 Evacuation Pause)
[201.312s][info][gc,task        ] GC(503) Using 33 workers of 33 for evacuation
[201.316s][info][gc,phases      ] GC(503)   Pre Evacuate Collection Set: 0.1ms
[201.316s][info][gc,phases      ] GC(503)   Merge Heap Roots: 0.1ms
[201.316s][info][gc,phases      ] GC(503)   Evacuate Collection Set: 0.5ms
[201.316s][info][gc,phases      ] GC(503)   Post Evacuate Collection Set: 3.1ms
[201.316s][info][gc,phases      ] GC(503)   Other: 0.1ms
[201.316s][info][gc,heap        ] GC(503) Eden regions: 45->0(45)
[201.316s][info][gc,heap        ] GC(503) Survivor regions: 1->1(6)
[201.316s][info][gc,heap        ] GC(503) Old regions: 8->8
[201.316s][info][gc,heap        ] GC(503) Archive regions: 0->0
[201.316s][info][gc,heap        ] GC(503) Humongous regions: 0->0
[201.316s][info][gc,metaspace   ] GC(503) Metaspace: 14359K(15232K)->14359K(15232K) NonClass: 12397K(12928K)->12397K(12928K) Class: 1962K(2304K)->1962K(2304K)
[201.316s][info][gc             ] GC(503) Pause Young (Normal) (G1 Evacuation Pause) 727M->7M(1248M) 4.218ms
[201.316s][info][gc,cpu         ] GC(503) User=0.52s Sys=0.00s Real=0.00s
[201.758s][info][gc,start       ] GC(504) Pause Young (Normal) (G1 Evacuation Pause)
[201.758s][info][gc,task        ] GC(504) Using 33 workers of 33 for evacuation
[201.762s][info][gc,phases      ] GC(504)   Pre Evacuate Collection Set: 0.1ms
[201.762s][info][gc,phases      ] GC(504)   Merge Heap Roots: 0.1ms
[201.762s][info][gc,phases      ] GC(504)   Evacuate Collection Set: 0.6ms
[201.762s][info][gc,phases      ] GC(504)   Post Evacuate Collection Set: 3.2ms
[201.762s][info][gc,phases      ] GC(504)   Other: 0.1ms
[201.762s][info][gc,heap        ] GC(504) Eden regions: 45->0(45)
[201.762s][info][gc,heap        ] GC(504) Survivor regions: 1->1(6)
[201.762s][info][gc,heap        ] GC(504) Old regions: 8->8
[201.762s][info][gc,heap        ] GC(504) Archive regions: 0->0
[201.762s][info][gc,heap        ] GC(504) Humongous regions: 0->0
[201.762s][info][gc,metaspace   ] GC(504) Metaspace: 14359K(15232K)->14359K(15232K) NonClass: 12397K(12928K)->12397K(12928K) Class: 1962K(2304K)->1962K(2304K)
[201.762s][info][gc             ] GC(504) Pause Young (Normal) (G1 Evacuation Pause) 727M->7M(1248M) 4.421ms
[201.762s][info][gc,cpu         ] GC(504) User=0.00s Sys=0.00s Real=0.00s
[202.201s][info][gc,start       ] GC(505) Pause Young (Normal) (G1 Evacuation Pause)
[202.201s][info][gc,task        ] GC(505) Using 33 workers of 33 for evacuation
[202.206s][info][gc,phases      ] GC(505)   Pre Evacuate Collection Set: 0.1ms
[202.206s][info][gc,phases      ] GC(505)   Merge Heap Roots: 0.1ms
[202.206s][info][gc,phases      ] GC(505)   Evacuate Collection Set: 0.5ms
[202.206s][info][gc,phases      ] GC(505)   Post Evacuate Collection Set: 3.3ms
[202.206s][info][gc,phases      ] GC(505)   Other: 0.1ms
[202.206s][info][gc,heap        ] GC(505) Eden regions: 45->0(45)
[202.206s][info][gc,heap        ] GC(505) Survivor regions: 1->1(6)
[202.206s][info][gc,heap        ] GC(505) Old regions: 8->8
[202.206s][info][gc,heap        ] GC(505) Archive regions: 0->0
[202.206s][info][gc,heap        ] GC(505) Humongous regions: 0->0
[202.206s][info][gc,metaspace   ] GC(505) Metaspace: 14359K(15232K)->14359K(15232K) NonClass: 12397K(12928K)->12397K(12928K) Class: 1962K(2304K)->1962K(2304K)
[202.206s][info][gc             ] GC(505) Pause Young (Normal) (G1 Evacuation Pause) 727M->7M(1248M) 4.423ms
[202.206s][info][gc,cpu         ] GC(505) User=0.52s Sys=0.00s Real=0.00s
[202.653s][info][gc,start       ] GC(506) Pause Young (Normal) (G1 Evacuation Pause)
[202.653s][info][gc,task        ] GC(506) Using 33 workers of 33 for evacuation
[202.658s][info][gc,phases      ] GC(506)   Pre Evacuate Collection Set: 0.1ms
[202.658s][info][gc,phases      ] GC(506)   Merge Heap Roots: 0.1ms
[202.658s][info][gc,phases      ] GC(506)   Evacuate Collection Set: 0.7ms
[202.658s][info][gc,phases      ] GC(506)   Post Evacuate Collection Set: 3.6ms
[202.658s][info][gc,phases      ] GC(506)   Other: 0.1ms
[202.658s][info][gc,heap        ] GC(506) Eden regions: 45->0(45)
[202.658s][info][gc,heap        ] GC(506) Survivor regions: 1->1(6)
[202.658s][info][gc,heap        ] GC(506) Old regions: 8->8
[202.658s][info][gc,heap        ] GC(506) Archive regions: 0->0
[202.658s][info][gc,heap        ] GC(506) Humongous regions: 0->0
[202.658s][info][gc,metaspace   ] GC(506) Metaspace: 14359K(15232K)->14359K(15232K) NonClass: 12397K(12928K)->12397K(12928K) Class: 1962K(2304K)->1962K(2304K)
[202.658s][info][gc             ] GC(506) Pause Young (Normal) (G1 Evacuation Pause) 727M->7M(1248M) 4.847ms
[202.658s][info][gc,cpu         ] GC(506) User=0.00s Sys=0.00s Real=0.00s
[203.105s][info][gc,start       ] GC(507) Pause Young (Normal) (G1 Evacuation Pause)
[203.105s][info][gc,task        ] GC(507) Using 33 workers of 33 for evacuation
[203.109s][info][gc,phases      ] GC(507)   Pre Evacuate Collection Set: 0.1ms
[203.109s][info][gc,phases      ] GC(507)   Merge Heap Roots: 0.1ms
[203.109s][info][gc,phases      ] GC(507)   Evacuate Collection Set: 0.6ms
[203.109s][info][gc,phases      ] GC(507)   Post Evacuate Collection Set: 3.0ms
[203.109s][info][gc,phases      ] GC(507)   Other: 0.1ms
[203.109s][info][gc,heap        ] GC(507) Eden regions: 45->0(45)
[203.109s][info][gc,heap        ] GC(507) Survivor regions: 1->1(6)
[203.109s][info][gc,heap        ] GC(507) Old regions: 8->8
[203.109s][info][gc,heap        ] GC(507) Archive regions: 0->0
[203.109s][info][gc,heap        ] GC(507) Humongous regions: 0->0
[203.109s][info][gc,metaspace   ] GC(507) Metaspace: 14359K(15232K)->14359K(15232K) NonClass: 12397K(12928K)->12397K(12928K) Class: 1962K(2304K)->1962K(2304K)
[203.109s][info][gc             ] GC(507) Pause Young (Normal) (G1 Evacuation Pause) 727M->7M(1248M) 4.140ms
[203.109s][info][gc,cpu         ] GC(507) User=0.00s Sys=0.00s Real=0.00s
[203.561s][info][gc,start       ] GC(508) Pause Young (Normal) (G1 Evacuation Pause)
[203.561s][info][gc,task        ] GC(508) Using 33 workers of 33 for evacuation
[203.565s][info][gc,phases      ] GC(508)   Pre Evacuate Collection Set: 0.1ms
[203.565s][info][gc,phases      ] GC(508)   Merge Heap Roots: 0.1ms
[203.565s][info][gc,phases      ] GC(508)   Evacuate Collection Set: 0.6ms
[203.565s][info][gc,phases      ] GC(508)   Post Evacuate Collection Set: 2.9ms
[203.565s][info][gc,phases      ] GC(508)   Other: 0.1ms
[203.565s][info][gc,heap        ] GC(508) Eden regions: 45->0(45)
[203.565s][info][gc,heap        ] GC(508) Survivor regions: 1->1(6)
[203.565s][info][gc,heap        ] GC(508) Old regions: 8->8
[203.565s][info][gc,heap        ] GC(508) Archive regions: 0->0
[203.565s][info][gc,heap        ] GC(508) Humongous regions: 0->0
[203.565s][info][gc,metaspace   ] GC(508) Metaspace: 14359K(15232K)->14359K(15232K) NonClass: 12397K(12928K)->12397K(12928K) Class: 1962K(2304K)->1962K(2304K)
[203.565s][info][gc             ] GC(508) Pause Young (Normal) (G1 Evacuation Pause) 727M->7M(1248M) 4.104ms
[203.565s][info][gc,cpu         ] GC(508) User=0.52s Sys=0.00s Real=0.00s
[204.002s][info][gc,start       ] GC(509) Pause Young (Normal) (G1 Evacuation Pause)
[204.002s][info][gc,task        ] GC(509) Using 33 workers of 33 for evacuation
[204.006s][info][gc,phases      ] GC(509)   Pre Evacuate Collection Set: 0.1ms
[204.006s][info][gc,phases      ] GC(509)   Merge Heap Roots: 0.1ms
[204.006s][info][gc,phases      ] GC(509)   Evacuate Collection Set: 0.6ms
[204.006s][info][gc,phases      ] GC(509)   Post Evacuate Collection Set: 3.0ms
[204.006s][info][gc,phases      ] GC(509)   Other: 0.1ms
[204.006s][info][gc,heap        ] GC(509) Eden regions: 45->0(45)
[204.006s][info][gc,heap        ] GC(509) Survivor regions: 1->1(6)
[204.006s][info][gc,heap        ] GC(509) Old regions: 8->8
[204.006s][info][gc,heap        ] GC(509) Archive regions: 0->0
[204.006s][info][gc,heap        ] GC(509) Humongous regions: 0->0
[204.007s][info][gc,metaspace   ] GC(509) Metaspace: 14359K(15232K)->14359K(15232K) NonClass: 12397K(12928K)->12397K(12928K) Class: 1962K(2304K)->1962K(2304K)
[204.007s][info][gc             ] GC(509) Pause Young (Normal) (G1 Evacuation Pause) 727M->7M(1248M) 4.209ms
[204.007s][info][gc,cpu         ] GC(509) User=0.00s Sys=0.00s Real=0.00s
[204.444s][info][gc,start       ] GC(510) Pause Young (Normal) (G1 Evacuation Pause)
[204.444s][info][gc,task        ] GC(510) Using 33 workers of 33 for evacuation
[204.448s][info][gc,phases      ] GC(510)   Pre Evacuate Collection Set: 0.1ms
[204.448s][info][gc,phases      ] GC(510)   Merge Heap Roots: 0.1ms
[204.448s][info][gc,phases      ] GC(510)   Evacuate Collection Set: 0.6ms
[204.448s][info][gc,phases      ] GC(510)   Post Evacuate Collection Set: 3.2ms
[204.448s][info][gc,phases      ] GC(510)   Other: 0.1ms
[204.448s][info][gc,heap        ] GC(510) Eden regions: 45->0(45)
[204.448s][info][gc,heap        ] GC(510) Survivor regions: 1->1(6)
[204.448s][info][gc,heap        ] GC(510) Old regions: 8->9
[204.448s][info][gc,heap        ] GC(510) Archive regions: 0->0
[204.448s][info][gc,heap        ] GC(510) Humongous regions: 0->0
[204.448s][info][gc,metaspace   ] GC(510) Metaspace: 14359K(15232K)->14359K(15232K) NonClass: 12397K(12928K)->12397K(12928K) Class: 1962K(2304K)->1962K(2304K)
[204.448s][info][gc             ] GC(510) Pause Young (Normal) (G1 Evacuation Pause) 727M->7M(1248M) 4.309ms
[204.448s][info][gc,cpu         ] GC(510) User=0.00s Sys=0.00s Real=0.00s
[204.890s][info][gc,start       ] GC(511) Pause Young (Normal) (G1 Evacuation Pause)
[204.890s][info][gc,task        ] GC(511) Using 33 workers of 33 for evacuation
[204.894s][info][gc,phases      ] GC(511)   Pre Evacuate Collection Set: 0.1ms
[204.894s][info][gc,phases      ] GC(511)   Merge Heap Roots: 0.1ms
[204.894s][info][gc,phases      ] GC(511)   Evacuate Collection Set: 0.4ms
[204.894s][info][gc,phases      ] GC(511)   Post Evacuate Collection Set: 3.3ms
[204.894s][info][gc,phases      ] GC(511)   Other: 0.1ms
[204.894s][info][gc,heap        ] GC(511) Eden regions: 45->0(45)
[204.894s][info][gc,heap        ] GC(511) Survivor regions: 1->1(6)
[204.894s][info][gc,heap        ] GC(511) Old regions: 9->9
[204.894s][info][gc,heap        ] GC(511) Archive regions: 0->0
[204.894s][info][gc,heap        ] GC(511) Humongous regions: 0->0
[204.894s][info][gc,metaspace   ] GC(511) Metaspace: 14359K(15232K)->14359K(15232K) NonClass: 12397K(12928K)->12397K(12928K) Class: 1962K(2304K)->1962K(2304K)
[204.894s][info][gc             ] GC(511) Pause Young (Normal) (G1 Evacuation Pause) 727M->7M(1248M) 4.286ms
[204.894s][info][gc,cpu         ] GC(511) User=0.52s Sys=0.00s Real=0.00s
[205.461s][info][gc,start       ] GC(512) Pause Young (Normal) (G1 Evacuation Pause)
[205.462s][info][gc,task        ] GC(512) Using 33 workers of 33 for evacuation
[205.467s][info][gc,phases      ] GC(512)   Pre Evacuate Collection Set: 0.2ms
[205.467s][info][gc,phases      ] GC(512)   Merge Heap Roots: 0.2ms
[205.467s][info][gc,phases      ] GC(512)   Evacuate Collection Set: 0.7ms
[205.467s][info][gc,phases      ] GC(512)   Post Evacuate Collection Set: 4.3ms
[205.467s][info][gc,phases      ] GC(512)   Other: 0.1ms
[205.467s][info][gc,heap        ] GC(512) Eden regions: 45->0(45)
[205.467s][info][gc,heap        ] GC(512) Survivor regions: 1->1(6)
[205.467s][info][gc,heap        ] GC(512) Old regions: 9->9
[205.467s][info][gc,heap        ] GC(512) Archive regions: 0->0
[205.467s][info][gc,heap        ] GC(512) Humongous regions: 0->0
[205.467s][info][gc,metaspace   ] GC(512) Metaspace: 14359K(15232K)->14359K(15232K) NonClass: 12397K(12928K)->12397K(12928K) Class: 1962K(2304K)->1962K(2304K)
[205.467s][info][gc             ] GC(512) Pause Young (Normal) (G1 Evacuation Pause) 727M->7M(1248M) 6.107ms
[205.468s][info][gc,cpu         ] GC(512) User=0.00s Sys=0.00s Real=0.01s
[205.931s][info][gc,start       ] GC(513) Pause Young (Normal) (G1 Evacuation Pause)
[205.931s][info][gc,task        ] GC(513) Using 33 workers of 33 for evacuation
[205.934s][info][gc,phases      ] GC(513)   Pre Evacuate Collection Set: 0.1ms
[205.934s][info][gc,phases      ] GC(513)   Merge Heap Roots: 0.1ms
[205.934s][info][gc,phases      ] GC(513)   Evacuate Collection Set: 0.4ms
[205.934s][info][gc,phases      ] GC(513)   Post Evacuate Collection Set: 3.0ms
[205.934s][info][gc,phases      ] GC(513)   Other: 0.1ms
[205.934s][info][gc,heap        ] GC(513) Eden regions: 45->0(45)
[205.934s][info][gc,heap        ] GC(513) Survivor regions: 1->1(6)
[205.934s][info][gc,heap        ] GC(513) Old regions: 9->9
[205.935s][info][gc,heap        ] GC(513) Archive regions: 0->0
[205.935s][info][gc,heap        ] GC(513) Humongous regions: 0->0
[205.935s][info][gc,metaspace   ] GC(513) Metaspace: 14359K(15232K)->14359K(15232K) NonClass: 12397K(12928K)->12397K(12928K) Class: 1962K(2304K)->1962K(2304K)
[205.935s][info][gc             ] GC(513) Pause Young (Normal) (G1 Evacuation Pause) 727M->7M(1248M) 3.955ms
[205.935s][info][gc,cpu         ] GC(513) User=0.00s Sys=0.00s Real=0.00s
[206.374s][info][gc,start       ] GC(514) Pause Young (Normal) (G1 Evacuation Pause)
[206.374s][info][gc,task        ] GC(514) Using 33 workers of 33 for evacuation
[206.378s][info][gc,phases      ] GC(514)   Pre Evacuate Collection Set: 0.1ms
[206.378s][info][gc,phases      ] GC(514)   Merge Heap Roots: 0.1ms
[206.378s][info][gc,phases      ] GC(514)   Evacuate Collection Set: 0.4ms
[206.378s][info][gc,phases      ] GC(514)   Post Evacuate Collection Set: 3.3ms
[206.378s][info][gc,phases      ] GC(514)   Other: 0.1ms
[206.378s][info][gc,heap        ] GC(514) Eden regions: 45->0(45)
[206.378s][info][gc,heap        ] GC(514) Survivor regions: 1->1(6)
[206.378s][info][gc,heap        ] GC(514) Old regions: 9->9
[206.378s][info][gc,heap        ] GC(514) Archive regions: 0->0
[206.378s][info][gc,heap        ] GC(514) Humongous regions: 0->0
[206.378s][info][gc,metaspace   ] GC(514) Metaspace: 14359K(15232K)->14359K(15232K) NonClass: 12397K(12928K)->12397K(12928K) Class: 1962K(2304K)->1962K(2304K)
[206.378s][info][gc             ] GC(514) Pause Young (Normal) (G1 Evacuation Pause) 727M->8M(1248M) 4.249ms
[206.378s][info][gc,cpu         ] GC(514) User=0.52s Sys=0.00s Real=0.00s
[206.832s][info][gc,start       ] GC(515) Pause Young (Normal) (G1 Evacuation Pause)
[206.832s][info][gc,task        ] GC(515) Using 33 workers of 33 for evacuation
[206.835s][info][gc,phases      ] GC(515)   Pre Evacuate Collection Set: 0.1ms
[206.835s][info][gc,phases      ] GC(515)   Merge Heap Roots: 0.1ms
[206.835s][info][gc,phases      ] GC(515)   Evacuate Collection Set: 0.4ms
[206.835s][info][gc,phases      ] GC(515)   Post Evacuate Collection Set: 3.0ms
[206.835s][info][gc,phases      ] GC(515)   Other: 0.1ms
[206.835s][info][gc,heap        ] GC(515) Eden regions: 45->0(45)
[206.835s][info][gc,heap        ] GC(515) Survivor regions: 1->1(6)
[206.836s][info][gc,heap        ] GC(515) Old regions: 9->9
[206.836s][info][gc,heap        ] GC(515) Archive regions: 0->0
[206.836s][info][gc,heap        ] GC(515) Humongous regions: 0->0
[206.836s][info][gc,metaspace   ] GC(515) Metaspace: 14359K(15232K)->14359K(15232K) NonClass: 12397K(12928K)->12397K(12928K) Class: 1962K(2304K)->1962K(2304K)
[206.836s][info][gc             ] GC(515) Pause Young (Normal) (G1 Evacuation Pause) 728M->8M(1248M) 4.023ms
[206.836s][info][gc,cpu         ] GC(515) User=0.00s Sys=0.00s Real=0.00s
[207.277s][info][gc,start       ] GC(516) Pause Young (Normal) (G1 Evacuation Pause)
[207.277s][info][gc,task        ] GC(516) Using 33 workers of 33 for evacuation
[207.281s][info][gc,phases      ] GC(516)   Pre Evacuate Collection Set: 0.1ms
[207.281s][info][gc,phases      ] GC(516)   Merge Heap Roots: 0.1ms
[207.281s][info][gc,phases      ] GC(516)   Evacuate Collection Set: 0.4ms
[207.281s][info][gc,phases      ] GC(516)   Post Evacuate Collection Set: 3.1ms
[207.281s][info][gc,phases      ] GC(516)   Other: 0.1ms
[207.281s][info][gc,heap        ] GC(516) Eden regions: 45->0(45)
[207.281s][info][gc,heap        ] GC(516) Survivor regions: 1->1(6)
[207.281s][info][gc,heap        ] GC(516) Old regions: 9->9
[207.281s][info][gc,heap        ] GC(516) Archive regions: 0->0
[207.281s][info][gc,heap        ] GC(516) Humongous regions: 0->0
[207.281s][info][gc,metaspace   ] GC(516) Metaspace: 14359K(15232K)->14359K(15232K) NonClass: 12397K(12928K)->12397K(12928K) Class: 1962K(2304K)->1962K(2304K)
[207.281s][info][gc             ] GC(516) Pause Young (Normal) (G1 Evacuation Pause) 728M->8M(1248M) 4.118ms
[207.281s][info][gc,cpu         ] GC(516) User=0.00s Sys=0.00s Real=0.00s
[207.722s][info][gc,start       ] GC(517) Pause Young (Normal) (G1 Evacuation Pause)
[207.722s][info][gc,task        ] GC(517) Using 33 workers of 33 for evacuation
[207.726s][info][gc,phases      ] GC(517)   Pre Evacuate Collection Set: 0.1ms
[207.726s][info][gc,phases      ] GC(517)   Merge Heap Roots: 0.2ms
[207.726s][info][gc,phases      ] GC(517)   Evacuate Collection Set: 0.4ms
[207.726s][info][gc,phases      ] GC(517)   Post Evacuate Collection Set: 3.3ms
[207.726s][info][gc,phases      ] GC(517)   Other: 0.1ms
[207.726s][info][gc,heap        ] GC(517) Eden regions: 45->0(45)
[207.726s][info][gc,heap        ] GC(517) Survivor regions: 1->1(6)
[207.726s][info][gc,heap        ] GC(517) Old regions: 9->9
[207.726s][info][gc,heap        ] GC(517) Archive regions: 0->0
[207.726s][info][gc,heap        ] GC(517) Humongous regions: 0->0
[207.726s][info][gc,metaspace   ] GC(517) Metaspace: 14359K(15232K)->14359K(15232K) NonClass: 12397K(12928K)->12397K(12928K) Class: 1962K(2304K)->1962K(2304K)
[207.726s][info][gc             ] GC(517) Pause Young (Normal) (G1 Evacuation Pause) 728M->8M(1248M) 4.250ms
[207.726s][info][gc,cpu         ] GC(517) User=0.00s Sys=0.00s Real=0.00s
[208.168s][info][gc,start       ] GC(518) Pause Young (Normal) (G1 Evacuation Pause)
[208.168s][info][gc,task        ] GC(518) Using 33 workers of 33 for evacuation
[208.172s][info][gc,phases      ] GC(518)   Pre Evacuate Collection Set: 0.1ms
[208.172s][info][gc,phases      ] GC(518)   Merge Heap Roots: 0.1ms
[208.172s][info][gc,phases      ] GC(518)   Evacuate Collection Set: 0.4ms
[208.172s][info][gc,phases      ] GC(518)   Post Evacuate Collection Set: 3.4ms
[208.172s][info][gc,phases      ] GC(518)   Other: 0.1ms
[208.173s][info][gc,heap        ] GC(518) Eden regions: 45->0(45)
[208.173s][info][gc,heap        ] GC(518) Survivor regions: 1->1(6)
[208.173s][info][gc,heap        ] GC(518) Old regions: 9->9
[208.173s][info][gc,heap        ] GC(518) Archive regions: 0->0
[208.173s][info][gc,heap        ] GC(518) Humongous regions: 0->0
[208.173s][info][gc,metaspace   ] GC(518) Metaspace: 14359K(15232K)->14359K(15232K) NonClass: 12397K(12928K)->12397K(12928K) Class: 1962K(2304K)->1962K(2304K)
[208.173s][info][gc             ] GC(518) Pause Young (Normal) (G1 Evacuation Pause) 728M->8M(1248M) 4.377ms
[208.173s][info][gc,cpu         ] GC(518) User=0.00s Sys=0.00s Real=0.00s
[208.614s][info][gc,start       ] GC(519) Pause Young (Normal) (G1 Evacuation Pause)
[208.614s][info][gc,task        ] GC(519) Using 33 workers of 33 for evacuation
[208.618s][info][gc,phases      ] GC(519)   Pre Evacuate Collection Set: 0.1ms
[208.618s][info][gc,phases      ] GC(519)   Merge Heap Roots: 0.1ms
[208.618s][info][gc,phases      ] GC(519)   Evacuate Collection Set: 0.4ms
[208.618s][info][gc,phases      ] GC(519)   Post Evacuate Collection Set: 3.5ms
[208.618s][info][gc,phases      ] GC(519)   Other: 0.1ms
[208.618s][info][gc,heap        ] GC(519) Eden regions: 45->0(45)
[208.618s][info][gc,heap        ] GC(519) Survivor regions: 1->1(6)
[208.618s][info][gc,heap        ] GC(519) Old regions: 9->9
[208.618s][info][gc,heap        ] GC(519) Archive regions: 0->0
[208.618s][info][gc,heap        ] GC(519) Humongous regions: 0->0
[208.618s][info][gc,metaspace   ] GC(519) Metaspace: 14359K(15232K)->14359K(15232K) NonClass: 12397K(12928K)->12397K(12928K) Class: 1962K(2304K)->1962K(2304K)
[208.618s][info][gc             ] GC(519) Pause Young (Normal) (G1 Evacuation Pause) 728M->8M(1248M) 4.431ms
[208.618s][info][gc,cpu         ] GC(519) User=0.00s Sys=0.00s Real=0.00s
[209.000s][info][gc,start       ] GC(520) Pause Young (Normal) (G1 Evacuation Pause)
[209.001s][info][gc,task        ] GC(520) Using 32 workers of 33 for evacuation
[209.005s][info][gc,phases      ] GC(520)   Pre Evacuate Collection Set: 0.1ms
[209.005s][info][gc,phases      ] GC(520)   Merge Heap Roots: 0.1ms
[209.005s][info][gc,phases      ] GC(520)   Evacuate Collection Set: 0.5ms
[209.005s][info][gc,phases      ] GC(520)   Post Evacuate Collection Set: 3.7ms
[209.005s][info][gc,phases      ] GC(520)   Other: 0.1ms
[209.005s][info][gc,heap        ] GC(520) Eden regions: 45->0(45)
[209.005s][info][gc,heap        ] GC(520) Survivor regions: 1->1(6)
[209.005s][info][gc,heap        ] GC(520) Old regions: 9->9
[209.005s][info][gc,heap        ] GC(520) Archive regions: 0->0
[209.005s][info][gc,heap        ] GC(520) Humongous regions: 0->0
[209.005s][info][gc,metaspace   ] GC(520) Metaspace: 14359K(15232K)->14359K(15232K) NonClass: 12397K(12928K)->12397K(12928K) Class: 1962K(2304K)->1962K(2304K)
[209.005s][info][gc             ] GC(520) Pause Young (Normal) (G1 Evacuation Pause) 728M->8M(1248M) 4.720ms
[209.005s][info][gc,cpu         ] GC(520) User=0.52s Sys=0.00s Real=0.00s
[209.145s][info][gc,start       ] GC(521) Pause Full (System.gc())
[209.145s][info][gc,task        ] GC(521) Using 6 workers of 33 for full compaction
[209.145s][info][gc,phases,start] GC(521) Phase 1: Mark live objects
[209.156s][info][gc,phases      ] GC(521) Phase 1: Mark live objects 10.159ms
[209.156s][info][gc,phases,start] GC(521) Phase 2: Prepare compaction
[209.157s][info][gc,phases      ] GC(521) Phase 2: Prepare compaction 1.685ms
[209.157s][info][gc,phases,start] GC(521) Phase 3: Adjust pointers
[209.167s][info][gc,phases      ] GC(521) Phase 3: Adjust pointers 10.204ms
[209.168s][info][gc,phases,start] GC(521) Phase 4: Compact heap
[209.169s][info][gc,phases      ] GC(521) Phase 4: Compact heap 1.285ms
[209.176s][info][gc,heap        ] GC(521) Eden regions: 7->0(12)
[209.176s][info][gc,heap        ] GC(521) Survivor regions: 1->0(6)
[209.176s][info][gc,heap        ] GC(521) Old regions: 9->6
[209.176s][info][gc,heap        ] GC(521) Archive regions: 0->0
[209.176s][info][gc,heap        ] GC(521) Humongous regions: 0->0
[209.176s][info][gc,metaspace   ] GC(521) Metaspace: 14359K(15232K)->14359K(15232K) NonClass: 12397K(12928K)->12397K(12928K) Class: 1962K(2304K)->1962K(2304K)
[209.176s][info][gc             ] GC(521) Pause Full (System.gc()) 116M->5M(320M) 31.727ms
[209.176s][info][gc,cpu         ] GC(521) User=0.09s Sys=0.02s Real=0.03s
[209.306s][info][gc,start       ] GC(522) Pause Young (Normal) (G1 Evacuation Pause)
[209.306s][info][gc,task        ] GC(522) Using 33 workers of 33 for evacuation
[209.310s][info][gc,phases      ] GC(522)   Pre Evacuate Collection Set: 0.1ms
[209.310s][info][gc,phases      ] GC(522)   Merge Heap Roots: 0.1ms
[209.310s][info][gc,phases      ] GC(522)   Evacuate Collection Set: 0.4ms
[209.310s][info][gc,phases      ] GC(522)   Post Evacuate Collection Set: 2.7ms
[209.310s][info][gc,phases      ] GC(522)   Other: 0.2ms
[209.310s][info][gc,heap        ] GC(522) Eden regions: 12->0(11)
[209.310s][info][gc,heap        ] GC(522) Survivor regions: 0->1(2)
[209.310s][info][gc,heap        ] GC(522) Old regions: 6->6
[209.310s][info][gc,heap        ] GC(522) Archive regions: 0->0
[209.310s][info][gc,heap        ] GC(522) Humongous regions: 0->0
[209.310s][info][gc,metaspace   ] GC(522) Metaspace: 14359K(15232K)->14359K(15232K) NonClass: 12397K(12928K)->12397K(12928K) Class: 1962K(2304K)->1962K(2304K)
[209.310s][info][gc             ] GC(522) Pause Young (Normal) (G1 Evacuation Pause) 197M->6M(320M) 3.746ms
[209.310s][info][gc,cpu         ] GC(522) User=0.00s Sys=0.00s Real=0.00s
[209.420s][info][gc,start       ] GC(523) Pause Young (Normal) (G1 Evacuation Pause)
[209.420s][info][gc,task        ] GC(523) Using 33 workers of 33 for evacuation
[209.423s][info][gc,phases      ] GC(523)   Pre Evacuate Collection Set: 0.1ms
[209.423s][info][gc,phases      ] GC(523)   Merge Heap Roots: 0.1ms
[209.423s][info][gc,phases      ] GC(523)   Evacuate Collection Set: 0.5ms
[209.423s][info][gc,phases      ] GC(523)   Post Evacuate Collection Set: 2.6ms
[209.423s][info][gc,phases      ] GC(523)   Other: 0.1ms
[209.423s][info][gc,heap        ] GC(523) Eden regions: 11->0(11)
[209.424s][info][gc,heap        ] GC(523) Survivor regions: 1->1(2)
[209.424s][info][gc,heap        ] GC(523) Old regions: 6->6
[209.424s][info][gc,heap        ] GC(523) Archive regions: 0->0
[209.424s][info][gc,heap        ] GC(523) Humongous regions: 0->0
[209.424s][info][gc,metaspace   ] GC(523) Metaspace: 14359K(15232K)->14359K(15232K) NonClass: 12397K(12928K)->12397K(12928K) Class: 1962K(2304K)->1962K(2304K)
[209.424s][info][gc             ] GC(523) Pause Young (Normal) (G1 Evacuation Pause) 182M->6M(320M) 3.617ms
[209.424s][info][gc,cpu         ] GC(523) User=0.00s Sys=0.00s Real=0.00s
[209.534s][info][gc,start       ] GC(524) Pause Young (Normal) (G1 Evacuation Pause)
[209.535s][info][gc,task        ] GC(524) Using 33 workers of 33 for evacuation
[209.538s][info][gc,phases      ] GC(524)   Pre Evacuate Collection Set: 0.1ms
[209.538s][info][gc,phases      ] GC(524)   Merge Heap Roots: 0.1ms
[209.538s][info][gc,phases      ] GC(524)   Evacuate Collection Set: 0.5ms
[209.538s][info][gc,phases      ] GC(524)   Post Evacuate Collection Set: 2.6ms
[209.538s][info][gc,phases      ] GC(524)   Other: 0.1ms
[209.538s][info][gc,heap        ] GC(524) Eden regions: 11->0(11)
[209.538s][info][gc,heap        ] GC(524) Survivor regions: 1->1(2)
[209.538s][info][gc,heap        ] GC(524) Old regions: 6->6
[209.538s][info][gc,heap        ] GC(524) Archive regions: 0->0
[209.538s][info][gc,heap        ] GC(524) Humongous regions: 0->0
[209.538s][info][gc,metaspace   ] GC(524) Metaspace: 14359K(15232K)->14359K(15232K) NonClass: 12397K(12928K)->12397K(12928K) Class: 1962K(2304K)->1962K(2304K)
[209.538s][info][gc             ] GC(524) Pause Young (Normal) (G1 Evacuation Pause) 182M->6M(320M) 3.556ms
[209.538s][info][gc,cpu         ] GC(524) User=0.00s Sys=0.00s Real=0.00s
[209.646s][info][gc,start       ] GC(525) Pause Young (Normal) (G1 Evacuation Pause)
[209.647s][info][gc,task        ] GC(525) Using 33 workers of 33 for evacuation
[209.652s][info][gc,phases      ] GC(525)   Pre Evacuate Collection Set: 0.1ms
[209.652s][info][gc,phases      ] GC(525)   Merge Heap Roots: 0.1ms
[209.652s][info][gc,phases      ] GC(525)   Evacuate Collection Set: 0.4ms
[209.652s][info][gc,phases      ] GC(525)   Post Evacuate Collection Set: 4.9ms
[209.652s][info][gc,phases      ] GC(525)   Other: 0.1ms
[209.652s][info][gc,heap        ] GC(525) Eden regions: 11->0(43)
[209.652s][info][gc,heap        ] GC(525) Survivor regions: 1->1(2)
[209.652s][info][gc,heap        ] GC(525) Old regions: 6->6
[209.652s][info][gc,heap        ] GC(525) Archive regions: 0->0
[209.652s][info][gc,heap        ] GC(525) Humongous regions: 0->0
[209.652s][info][gc,metaspace   ] GC(525) Metaspace: 14359K(15232K)->14359K(15232K) NonClass: 12397K(12928K)->12397K(12928K) Class: 1962K(2304K)->1962K(2304K)
[209.652s][info][gc             ] GC(525) Pause Young (Normal) (G1 Evacuation Pause) 182M->6M(1184M) 5.881ms
[209.652s][info][gc,cpu         ] GC(525) User=0.00s Sys=0.00s Real=0.00s
[210.053s][info][gc,start       ] GC(526) Pause Young (Normal) (G1 Evacuation Pause)
[210.053s][info][gc,task        ] GC(526) Using 33 workers of 33 for evacuation
[210.058s][info][gc,phases      ] GC(526)   Pre Evacuate Collection Set: 0.1ms
[210.058s][info][gc,phases      ] GC(526)   Merge Heap Roots: 0.1ms
[210.058s][info][gc,phases      ] GC(526)   Evacuate Collection Set: 1.9ms
[210.058s][info][gc,phases      ] GC(526)   Post Evacuate Collection Set: 3.3ms
[210.058s][info][gc,phases      ] GC(526)   Other: 0.1ms
[210.058s][info][gc,heap        ] GC(526) Eden regions: 43->0(43)
[210.058s][info][gc,heap        ] GC(526) Survivor regions: 1->1(6)
[210.058s][info][gc,heap        ] GC(526) Old regions: 6->6
[210.058s][info][gc,heap        ] GC(526) Archive regions: 0->0
[210.058s][info][gc,heap        ] GC(526) Humongous regions: 0->0
[210.058s][info][gc,metaspace   ] GC(526) Metaspace: 14359K(15232K)->14359K(15232K) NonClass: 12397K(12928K)->12397K(12928K) Class: 1962K(2304K)->1962K(2304K)
[210.058s][info][gc             ] GC(526) Pause Young (Normal) (G1 Evacuation Pause) 694M->6M(1184M) 5.671ms
[210.058s][info][gc,cpu         ] GC(526) User=0.00s Sys=0.00s Real=0.00s
[210.476s][info][gc,start       ] GC(527) Pause Young (Normal) (G1 Evacuation Pause)
[210.476s][info][gc,task        ] GC(527) Using 33 workers of 33 for evacuation
[210.482s][info][gc,phases      ] GC(527)   Pre Evacuate Collection Set: 0.1ms
[210.482s][info][gc,phases      ] GC(527)   Merge Heap Roots: 0.1ms
[210.482s][info][gc,phases      ] GC(527)   Evacuate Collection Set: 2.0ms
[210.482s][info][gc,phases      ] GC(527)   Post Evacuate Collection Set: 3.1ms
[210.482s][info][gc,phases      ] GC(527)   Other: 0.1ms
[210.482s][info][gc,heap        ] GC(527) Eden regions: 43->0(43)
[210.482s][info][gc,heap        ] GC(527) Survivor regions: 1->1(6)
[210.482s][info][gc,heap        ] GC(527) Old regions: 6->6
[210.482s][info][gc,heap        ] GC(527) Archive regions: 0->0
[210.482s][info][gc,heap        ] GC(527) Humongous regions: 0->0
[210.482s][info][gc,metaspace   ] GC(527) Metaspace: 14359K(15232K)->14359K(15232K) NonClass: 12397K(12928K)->12397K(12928K) Class: 1962K(2304K)->1962K(2304K)
[210.482s][info][gc             ] GC(527) Pause Young (Normal) (G1 Evacuation Pause) 694M->6M(1184M) 5.718ms
[210.482s][info][gc,cpu         ] GC(527) User=0.00s Sys=0.00s Real=0.01s
[210.903s][info][gc,start       ] GC(528) Pause Young (Normal) (G1 Evacuation Pause)
[210.903s][info][gc,task        ] GC(528) Using 33 workers of 33 for evacuation
[210.908s][info][gc,phases      ] GC(528)   Pre Evacuate Collection Set: 0.1ms
[210.908s][info][gc,phases      ] GC(528)   Merge Heap Roots: 0.1ms
[210.908s][info][gc,phases      ] GC(528)   Evacuate Collection Set: 0.6ms
[210.908s][info][gc,phases      ] GC(528)   Post Evacuate Collection Set: 3.3ms
[210.908s][info][gc,phases      ] GC(528)   Other: 0.1ms
[210.908s][info][gc,heap        ] GC(528) Eden regions: 43->0(43)
[210.908s][info][gc,heap        ] GC(528) Survivor regions: 1->1(6)
[210.908s][info][gc,heap        ] GC(528) Old regions: 6->6
[210.908s][info][gc,heap        ] GC(528) Archive regions: 0->0
[210.908s][info][gc,heap        ] GC(528) Humongous regions: 0->0
[210.908s][info][gc,metaspace   ] GC(528) Metaspace: 14359K(15232K)->14359K(15232K) NonClass: 12397K(12928K)->12397K(12928K) Class: 1962K(2304K)->1962K(2304K)
[210.908s][info][gc             ] GC(528) Pause Young (Normal) (G1 Evacuation Pause) 694M->6M(1184M) 4.394ms
[210.908s][info][gc,cpu         ] GC(528) User=0.00s Sys=0.00s Real=0.00s
[211.319s][info][gc,start       ] GC(529) Pause Young (Normal) (G1 Evacuation Pause)
[211.320s][info][gc,task        ] GC(529) Using 33 workers of 33 for evacuation
[211.324s][info][gc,phases      ] GC(529)   Pre Evacuate Collection Set: 0.1ms
[211.324s][info][gc,phases      ] GC(529)   Merge Heap Roots: 0.1ms
[211.324s][info][gc,phases      ] GC(529)   Evacuate Collection Set: 0.5ms
[211.324s][info][gc,phases      ] GC(529)   Post Evacuate Collection Set: 3.4ms
[211.324s][info][gc,phases      ] GC(529)   Other: 0.1ms
[211.324s][info][gc,heap        ] GC(529) Eden regions: 43->0(43)
[211.324s][info][gc,heap        ] GC(529) Survivor regions: 1->1(6)
[211.324s][info][gc,heap        ] GC(529) Old regions: 6->6
[211.324s][info][gc,heap        ] GC(529) Archive regions: 0->0
[211.324s][info][gc,heap        ] GC(529) Humongous regions: 0->0
[211.324s][info][gc,metaspace   ] GC(529) Metaspace: 14359K(15232K)->14359K(15232K) NonClass: 12397K(12928K)->12397K(12928K) Class: 1962K(2304K)->1962K(2304K)
[211.324s][info][gc             ] GC(529) Pause Young (Normal) (G1 Evacuation Pause) 694M->7M(1184M) 4.449ms
[211.324s][info][gc,cpu         ] GC(529) User=0.00s Sys=0.00s Real=0.00s
[211.745s][info][gc,start       ] GC(530) Pause Young (Normal) (G1 Evacuation Pause)
[211.745s][info][gc,task        ] GC(530) Using 33 workers of 33 for evacuation
[211.749s][info][gc,phases      ] GC(530)   Pre Evacuate Collection Set: 0.1ms
[211.749s][info][gc,phases      ] GC(530)   Merge Heap Roots: 0.1ms
[211.749s][info][gc,phases      ] GC(530)   Evacuate Collection Set: 0.5ms
[211.749s][info][gc,phases      ] GC(530)   Post Evacuate Collection Set: 3.4ms
[211.749s][info][gc,phases      ] GC(530)   Other: 0.1ms
[211.749s][info][gc,heap        ] GC(530) Eden regions: 43->0(43)
[211.749s][info][gc,heap        ] GC(530) Survivor regions: 1->1(6)
[211.749s][info][gc,heap        ] GC(530) Old regions: 6->6
[211.749s][info][gc,heap        ] GC(530) Archive regions: 0->0
[211.749s][info][gc,heap        ] GC(530) Humongous regions: 0->0
[211.749s][info][gc,metaspace   ] GC(530) Metaspace: 14359K(15232K)->14359K(15232K) NonClass: 12397K(12928K)->12397K(12928K) Class: 1962K(2304K)->1962K(2304K)
[211.749s][info][gc             ] GC(530) Pause Young (Normal) (G1 Evacuation Pause) 695M->7M(1184M) 4.479ms
[211.749s][info][gc,cpu         ] GC(530) User=0.00s Sys=0.00s Real=0.00s
[212.172s][info][gc,start       ] GC(531) Pause Young (Normal) (G1 Evacuation Pause)
[212.172s][info][gc,task        ] GC(531) Using 33 workers of 33 for evacuation
[212.176s][info][gc,phases      ] GC(531)   Pre Evacuate Collection Set: 0.1ms
[212.176s][info][gc,phases      ] GC(531)   Merge Heap Roots: 0.1ms
[212.176s][info][gc,phases      ] GC(531)   Evacuate Collection Set: 0.5ms
[212.176s][info][gc,phases      ] GC(531)   Post Evacuate Collection Set: 3.3ms
[212.176s][info][gc,phases      ] GC(531)   Other: 0.1ms
[212.176s][info][gc,heap        ] GC(531) Eden regions: 43->0(43)
[212.176s][info][gc,heap        ] GC(531) Survivor regions: 1->1(6)
[212.176s][info][gc,heap        ] GC(531) Old regions: 6->6
[212.176s][info][gc,heap        ] GC(531) Archive regions: 0->0
[212.176s][info][gc,heap        ] GC(531) Humongous regions: 0->0
[212.176s][info][gc,metaspace   ] GC(531) Metaspace: 14359K(15232K)->14359K(15232K) NonClass: 12397K(12928K)->12397K(12928K) Class: 1962K(2304K)->1962K(2304K)
[212.176s][info][gc             ] GC(531) Pause Young (Normal) (G1 Evacuation Pause) 695M->7M(1184M) 4.400ms
[212.176s][info][gc,cpu         ] GC(531) User=0.52s Sys=0.00s Real=0.00s
[212.617s][info][gc,start       ] GC(532) Pause Young (Normal) (G1 Evacuation Pause)
[212.617s][info][gc,task        ] GC(532) Using 33 workers of 33 for evacuation
[212.621s][info][gc,phases      ] GC(532)   Pre Evacuate Collection Set: 0.1ms
[212.621s][info][gc,phases      ] GC(532)   Merge Heap Roots: 0.1ms
[212.621s][info][gc,phases      ] GC(532)   Evacuate Collection Set: 0.6ms
[212.621s][info][gc,phases      ] GC(532)   Post Evacuate Collection Set: 3.1ms
[212.621s][info][gc,phases      ] GC(532)   Other: 0.1ms
[212.621s][info][gc,heap        ] GC(532) Eden regions: 43->0(43)
[212.621s][info][gc,heap        ] GC(532) Survivor regions: 1->1(6)
[212.621s][info][gc,heap        ] GC(532) Old regions: 6->6
[212.621s][info][gc,heap        ] GC(532) Archive regions: 0->0
[212.621s][info][gc,heap        ] GC(532) Humongous regions: 0->0
[212.621s][info][gc,metaspace   ] GC(532) Metaspace: 14359K(15232K)->14359K(15232K) NonClass: 12397K(12928K)->12397K(12928K) Class: 1962K(2304K)->1962K(2304K)
[212.621s][info][gc             ] GC(532) Pause Young (Normal) (G1 Evacuation Pause) 695M->7M(1184M) 4.208ms
[212.622s][info][gc,cpu         ] GC(532) User=0.00s Sys=0.00s Real=0.00s
[213.042s][info][gc,start       ] GC(533) Pause Young (Normal) (G1 Evacuation Pause)
[213.042s][info][gc,task        ] GC(533) Using 33 workers of 33 for evacuation
[213.046s][info][gc,phases      ] GC(533)   Pre Evacuate Collection Set: 0.1ms
[213.046s][info][gc,phases      ] GC(533)   Merge Heap Roots: 0.1ms
[213.046s][info][gc,phases      ] GC(533)   Evacuate Collection Set: 0.5ms
[213.046s][info][gc,phases      ] GC(533)   Post Evacuate Collection Set: 3.1ms
[213.046s][info][gc,phases      ] GC(533)   Other: 0.1ms
[213.046s][info][gc,heap        ] GC(533) Eden regions: 43->0(43)
[213.046s][info][gc,heap        ] GC(533) Survivor regions: 1->1(6)
[213.046s][info][gc,heap        ] GC(533) Old regions: 6->6
[213.046s][info][gc,heap        ] GC(533) Archive regions: 0->0
[213.046s][info][gc,heap        ] GC(533) Humongous regions: 0->0
[213.046s][info][gc,metaspace   ] GC(533) Metaspace: 14359K(15232K)->14359K(15232K) NonClass: 12397K(12928K)->12397K(12928K) Class: 1962K(2304K)->1962K(2304K)
[213.046s][info][gc             ] GC(533) Pause Young (Normal) (G1 Evacuation Pause) 695M->7M(1184M) 4.244ms
[213.046s][info][gc,cpu         ] GC(533) User=0.00s Sys=0.00s Real=0.00s
[213.470s][info][gc,start       ] GC(534) Pause Young (Normal) (G1 Evacuation Pause)
[213.470s][info][gc,task        ] GC(534) Using 33 workers of 33 for evacuation
[213.474s][info][gc,phases      ] GC(534)   Pre Evacuate Collection Set: 0.1ms
[213.474s][info][gc,phases      ] GC(534)   Merge Heap Roots: 0.1ms
[213.474s][info][gc,phases      ] GC(534)   Evacuate Collection Set: 0.5ms
[213.474s][info][gc,phases      ] GC(534)   Post Evacuate Collection Set: 3.1ms
[213.474s][info][gc,phases      ] GC(534)   Other: 0.1ms
[213.474s][info][gc,heap        ] GC(534) Eden regions: 43->0(43)
[213.474s][info][gc,heap        ] GC(534) Survivor regions: 1->1(6)
[213.474s][info][gc,heap        ] GC(534) Old regions: 6->6
[213.474s][info][gc,heap        ] GC(534) Archive regions: 0->0
[213.474s][info][gc,heap        ] GC(534) Humongous regions: 0->0
[213.474s][info][gc,metaspace   ] GC(534) Metaspace: 14359K(15232K)->14359K(15232K) NonClass: 12397K(12928K)->12397K(12928K) Class: 1962K(2304K)->1962K(2304K)
[213.474s][info][gc             ] GC(534) Pause Young (Normal) (G1 Evacuation Pause) 695M->7M(1184M) 4.218ms
[213.474s][info][gc,cpu         ] GC(534) User=0.00s Sys=0.52s Real=0.00s
[213.896s][info][gc,start       ] GC(535) Pause Young (Normal) (G1 Evacuation Pause)
[213.896s][info][gc,task        ] GC(535) Using 33 workers of 33 for evacuation
[213.900s][info][gc,phases      ] GC(535)   Pre Evacuate Collection Set: 0.1ms
[213.901s][info][gc,phases      ] GC(535)   Merge Heap Roots: 0.1ms
[213.901s][info][gc,phases      ] GC(535)   Evacuate Collection Set: 0.6ms
[213.901s][info][gc,phases      ] GC(535)   Post Evacuate Collection Set: 3.3ms
[213.901s][info][gc,phases      ] GC(535)   Other: 0.1ms
[213.901s][info][gc,heap        ] GC(535) Eden regions: 43->0(43)
[213.901s][info][gc,heap        ] GC(535) Survivor regions: 1->1(6)
[213.901s][info][gc,heap        ] GC(535) Old regions: 6->6
[213.901s][info][gc,heap        ] GC(535) Archive regions: 0->0
[213.901s][info][gc,heap        ] GC(535) Humongous regions: 0->0
[213.901s][info][gc,metaspace   ] GC(535) Metaspace: 14359K(15232K)->14359K(15232K) NonClass: 12397K(12928K)->12397K(12928K) Class: 1962K(2304K)->1962K(2304K)
[213.901s][info][gc             ] GC(535) Pause Young (Normal) (G1 Evacuation Pause) 695M->7M(1184M) 4.415ms
[213.901s][info][gc,cpu         ] GC(535) User=0.00s Sys=0.00s Real=0.00s
[214.320s][info][gc,start       ] GC(536) Pause Young (Normal) (G1 Evacuation Pause)
[214.320s][info][gc,task        ] GC(536) Using 33 workers of 33 for evacuation
[214.325s][info][gc,phases      ] GC(536)   Pre Evacuate Collection Set: 0.1ms
[214.325s][info][gc,phases      ] GC(536)   Merge Heap Roots: 0.1ms
[214.325s][info][gc,phases      ] GC(536)   Evacuate Collection Set: 0.6ms
[214.325s][info][gc,phases      ] GC(536)   Post Evacuate Collection Set: 4.1ms
[214.325s][info][gc,phases      ] GC(536)   Other: 0.1ms
[214.325s][info][gc,heap        ] GC(536) Eden regions: 43->0(52)
[214.325s][info][gc,heap        ] GC(536) Survivor regions: 1->1(6)
[214.325s][info][gc,heap        ] GC(536) Old regions: 6->6
[214.325s][info][gc,heap        ] GC(536) Archive regions: 0->0
[214.325s][info][gc,heap        ] GC(536) Humongous regions: 0->0
[214.325s][info][gc,metaspace   ] GC(536) Metaspace: 14359K(15232K)->14359K(15232K) NonClass: 12397K(12928K)->12397K(12928K) Class: 1962K(2304K)->1962K(2304K)
[214.325s][info][gc             ] GC(536) Pause Young (Normal) (G1 Evacuation Pause) 695M->7M(1424M) 5.188ms
[214.325s][info][gc,cpu         ] GC(536) User=0.00s Sys=0.00s Real=0.00s
[214.915s][info][gc,start       ] GC(537) Pause Young (Normal) (G1 Evacuation Pause)
[214.916s][info][gc,task        ] GC(537) Using 33 workers of 33 for evacuation
[214.922s][info][gc,phases      ] GC(537)   Pre Evacuate Collection Set: 0.2ms
[214.922s][info][gc,phases      ] GC(537)   Merge Heap Roots: 0.2ms
[214.922s][info][gc,phases      ] GC(537)   Evacuate Collection Set: 0.9ms
[214.922s][info][gc,phases      ] GC(537)   Post Evacuate Collection Set: 4.7ms
[214.922s][info][gc,phases      ] GC(537)   Other: 0.1ms
[214.922s][info][gc,heap        ] GC(537) Eden regions: 52->0(52)
[214.922s][info][gc,heap        ] GC(537) Survivor regions: 1->1(7)
[214.922s][info][gc,heap        ] GC(537) Old regions: 6->7
[214.922s][info][gc,heap        ] GC(537) Archive regions: 0->0
[214.922s][info][gc,heap        ] GC(537) Humongous regions: 0->0
[214.922s][info][gc,metaspace   ] GC(537) Metaspace: 14359K(15232K)->14359K(15232K) NonClass: 12397K(12928K)->12397K(12928K) Class: 1962K(2304K)->1962K(2304K)
[214.922s][info][gc             ] GC(537) Pause Young (Normal) (G1 Evacuation Pause) 839M->7M(1424M) 6.694ms
[214.922s][info][gc,cpu         ] GC(537) User=0.00s Sys=0.00s Real=0.00s
[215.460s][info][gc,start       ] GC(538) Pause Young (Normal) (G1 Evacuation Pause)
[215.460s][info][gc,task        ] GC(538) Using 33 workers of 33 for evacuation
[215.464s][info][gc,phases      ] GC(538)   Pre Evacuate Collection Set: 0.1ms
[215.464s][info][gc,phases      ] GC(538)   Merge Heap Roots: 0.2ms
[215.464s][info][gc,phases      ] GC(538)   Evacuate Collection Set: 0.3ms
[215.464s][info][gc,phases      ] GC(538)   Post Evacuate Collection Set: 3.3ms
[215.464s][info][gc,phases      ] GC(538)   Other: 0.1ms
[215.464s][info][gc,heap        ] GC(538) Eden regions: 52->0(52)
[215.464s][info][gc,heap        ] GC(538) Survivor regions: 1->1(7)
[215.464s][info][gc,heap        ] GC(538) Old regions: 7->7
[215.464s][info][gc,heap        ] GC(538) Archive regions: 0->0
[215.464s][info][gc,heap        ] GC(538) Humongous regions: 0->0
[215.464s][info][gc,metaspace   ] GC(538) Metaspace: 14359K(15232K)->14359K(15232K) NonClass: 12397K(12928K)->12397K(12928K) Class: 1962K(2304K)->1962K(2304K)
[215.464s][info][gc             ] GC(538) Pause Young (Normal) (G1 Evacuation Pause) 839M->7M(1424M) 4.233ms
[215.464s][info][gc,cpu         ] GC(538) User=0.00s Sys=0.00s Real=0.00s
[215.986s][info][gc,start       ] GC(539) Pause Young (Normal) (G1 Evacuation Pause)
[215.986s][info][gc,task        ] GC(539) Using 33 workers of 33 for evacuation
[215.990s][info][gc,phases      ] GC(539)   Pre Evacuate Collection Set: 0.1ms
[215.990s][info][gc,phases      ] GC(539)   Merge Heap Roots: 0.2ms
[215.990s][info][gc,phases      ] GC(539)   Evacuate Collection Set: 0.4ms
[215.990s][info][gc,phases      ] GC(539)   Post Evacuate Collection Set: 3.2ms
[215.990s][info][gc,phases      ] GC(539)   Other: 0.1ms
[215.990s][info][gc,heap        ] GC(539) Eden regions: 52->0(52)
[215.990s][info][gc,heap        ] GC(539) Survivor regions: 1->1(7)
[215.990s][info][gc,heap        ] GC(539) Old regions: 7->7
[215.990s][info][gc,heap        ] GC(539) Archive regions: 0->0
[215.990s][info][gc,heap        ] GC(539) Humongous regions: 0->0
[215.990s][info][gc,metaspace   ] GC(539) Metaspace: 14359K(15232K)->14359K(15232K) NonClass: 12397K(12928K)->12397K(12928K) Class: 1962K(2304K)->1962K(2304K)
[215.990s][info][gc             ] GC(539) Pause Young (Normal) (G1 Evacuation Pause) 839M->7M(1424M) 4.216ms
[215.990s][info][gc,cpu         ] GC(539) User=0.00s Sys=0.00s Real=0.00s
[216.501s][info][gc,start       ] GC(540) Pause Young (Normal) (G1 Evacuation Pause)
[216.501s][info][gc,task        ] GC(540) Using 33 workers of 33 for evacuation
[216.505s][info][gc,phases      ] GC(540)   Pre Evacuate Collection Set: 0.1ms
[216.505s][info][gc,phases      ] GC(540)   Merge Heap Roots: 0.2ms
[216.505s][info][gc,phases      ] GC(540)   Evacuate Collection Set: 0.4ms
[216.505s][info][gc,phases      ] GC(540)   Post Evacuate Collection Set: 3.4ms
[216.505s][info][gc,phases      ] GC(540)   Other: 0.1ms
[216.505s][info][gc,heap        ] GC(540) Eden regions: 52->0(52)
[216.505s][info][gc,heap        ] GC(540) Survivor regions: 1->1(7)
[216.505s][info][gc,heap        ] GC(540) Old regions: 7->7
[216.505s][info][gc,heap        ] GC(540) Archive regions: 0->0
[216.505s][info][gc,heap        ] GC(540) Humongous regions: 0->0
[216.505s][info][gc,metaspace   ] GC(540) Metaspace: 14359K(15232K)->14359K(15232K) NonClass: 12397K(12928K)->12397K(12928K) Class: 1962K(2304K)->1962K(2304K)
[216.505s][info][gc             ] GC(540) Pause Young (Normal) (G1 Evacuation Pause) 839M->7M(1424M) 4.339ms
[216.505s][info][gc,cpu         ] GC(540) User=0.52s Sys=0.00s Real=0.00s
[217.020s][info][gc,start       ] GC(541) Pause Young (Normal) (G1 Evacuation Pause)
[217.020s][info][gc,task        ] GC(541) Using 33 workers of 33 for evacuation
[217.024s][info][gc,phases      ] GC(541)   Pre Evacuate Collection Set: 0.1ms
[217.024s][info][gc,phases      ] GC(541)   Merge Heap Roots: 0.1ms
[217.024s][info][gc,phases      ] GC(541)   Evacuate Collection Set: 0.4ms
[217.025s][info][gc,phases      ] GC(541)   Post Evacuate Collection Set: 3.5ms
[217.025s][info][gc,phases      ] GC(541)   Other: 0.1ms
[217.025s][info][gc,heap        ] GC(541) Eden regions: 52->0(52)
[217.025s][info][gc,heap        ] GC(541) Survivor regions: 1->1(7)
[217.025s][info][gc,heap        ] GC(541) Old regions: 7->7
[217.025s][info][gc,heap        ] GC(541) Archive regions: 0->0
[217.025s][info][gc,heap        ] GC(541) Humongous regions: 0->0
[217.025s][info][gc,metaspace   ] GC(541) Metaspace: 14359K(15232K)->14359K(15232K) NonClass: 12397K(12928K)->12397K(12928K) Class: 1962K(2304K)->1962K(2304K)
[217.025s][info][gc             ] GC(541) Pause Young (Normal) (G1 Evacuation Pause) 839M->7M(1424M) 4.542ms
[217.025s][info][gc,cpu         ] GC(541) User=0.00s Sys=0.00s Real=0.01s
[217.543s][info][gc,start       ] GC(542) Pause Young (Normal) (G1 Evacuation Pause)
[217.543s][info][gc,task        ] GC(542) Using 33 workers of 33 for evacuation
[217.547s][info][gc,phases      ] GC(542)   Pre Evacuate Collection Set: 0.1ms
[217.547s][info][gc,phases      ] GC(542)   Merge Heap Roots: 0.1ms
[217.547s][info][gc,phases      ] GC(542)   Evacuate Collection Set: 0.4ms
[217.547s][info][gc,phases      ] GC(542)   Post Evacuate Collection Set: 3.6ms
[217.547s][info][gc,phases      ] GC(542)   Other: 0.1ms
[217.547s][info][gc,heap        ] GC(542) Eden regions: 52->0(52)
[217.547s][info][gc,heap        ] GC(542) Survivor regions: 1->1(7)
[217.547s][info][gc,heap        ] GC(542) Old regions: 7->7
[217.547s][info][gc,heap        ] GC(542) Archive regions: 0->0
[217.547s][info][gc,heap        ] GC(542) Humongous regions: 0->0
[217.547s][info][gc,metaspace   ] GC(542) Metaspace: 14359K(15232K)->14359K(15232K) NonClass: 12397K(12928K)->12397K(12928K) Class: 1962K(2304K)->1962K(2304K)
[217.547s][info][gc             ] GC(542) Pause Young (Normal) (G1 Evacuation Pause) 839M->8M(1424M) 4.558ms
[217.547s][info][gc,cpu         ] GC(542) User=0.00s Sys=0.00s Real=0.00s
[218.072s][info][gc,start       ] GC(543) Pause Young (Normal) (G1 Evacuation Pause)
[218.072s][info][gc,task        ] GC(543) Using 33 workers of 33 for evacuation
[218.076s][info][gc,phases      ] GC(543)   Pre Evacuate Collection Set: 0.1ms
[218.076s][info][gc,phases      ] GC(543)   Merge Heap Roots: 0.2ms
[218.076s][info][gc,phases      ] GC(543)   Evacuate Collection Set: 0.4ms
[218.076s][info][gc,phases      ] GC(543)   Post Evacuate Collection Set: 3.5ms
[218.076s][info][gc,phases      ] GC(543)   Other: 0.1ms
[218.076s][info][gc,heap        ] GC(543) Eden regions: 52->0(52)
[218.076s][info][gc,heap        ] GC(543) Survivor regions: 1->1(7)
[218.077s][info][gc,heap        ] GC(543) Old regions: 7->7
[218.077s][info][gc,heap        ] GC(543) Archive regions: 0->0
[218.077s][info][gc,heap        ] GC(543) Humongous regions: 0->0
[218.077s][info][gc,metaspace   ] GC(543) Metaspace: 14359K(15232K)->14359K(15232K) NonClass: 12397K(12928K)->12397K(12928K) Class: 1962K(2304K)->1962K(2304K)
[218.077s][info][gc             ] GC(543) Pause Young (Normal) (G1 Evacuation Pause) 840M->8M(1424M) 4.525ms
[218.077s][info][gc,cpu         ] GC(543) User=0.00s Sys=0.00s Real=0.00s
[218.614s][info][gc,start       ] GC(544) Pause Young (Normal) (G1 Evacuation Pause)
[218.614s][info][gc,task        ] GC(544) Using 33 workers of 33 for evacuation
[218.618s][info][gc,phases      ] GC(544)   Pre Evacuate Collection Set: 0.1ms
[218.618s][info][gc,phases      ] GC(544)   Merge Heap Roots: 0.1ms
[218.618s][info][gc,phases      ] GC(544)   Evacuate Collection Set: 0.4ms
[218.618s][info][gc,phases      ] GC(544)   Post Evacuate Collection Set: 3.2ms
[218.618s][info][gc,phases      ] GC(544)   Other: 0.1ms
[218.618s][info][gc,heap        ] GC(544) Eden regions: 52->0(52)
[218.618s][info][gc,heap        ] GC(544) Survivor regions: 1->1(7)
[218.618s][info][gc,heap        ] GC(544) Old regions: 7->7
[218.618s][info][gc,heap        ] GC(544) Archive regions: 0->0
[218.618s][info][gc,heap        ] GC(544) Humongous regions: 0->0
[218.619s][info][gc,metaspace   ] GC(544) Metaspace: 14359K(15232K)->14359K(15232K) NonClass: 12397K(12928K)->12397K(12928K) Class: 1962K(2304K)->1962K(2304K)
[218.619s][info][gc             ] GC(544) Pause Young (Normal) (G1 Evacuation Pause) 840M->8M(1424M) 4.274ms
[218.619s][info][gc,cpu         ] GC(544) User=0.00s Sys=0.00s Real=0.00s
[219.134s][info][gc,start       ] GC(545) Pause Young (Normal) (G1 Evacuation Pause)
[219.134s][info][gc,task        ] GC(545) Using 33 workers of 33 for evacuation
[219.138s][info][gc,phases      ] GC(545)   Pre Evacuate Collection Set: 0.1ms
[219.138s][info][gc,phases      ] GC(545)   Merge Heap Roots: 0.1ms
[219.138s][info][gc,phases      ] GC(545)   Evacuate Collection Set: 0.4ms
[219.138s][info][gc,phases      ] GC(545)   Post Evacuate Collection Set: 3.3ms
[219.138s][info][gc,phases      ] GC(545)   Other: 0.1ms
[219.138s][info][gc,heap        ] GC(545) Eden regions: 52->0(52)
[219.138s][info][gc,heap        ] GC(545) Survivor regions: 1->1(7)
[219.138s][info][gc,heap        ] GC(545) Old regions: 7->7
[219.138s][info][gc,heap        ] GC(545) Archive regions: 0->0
[219.138s][info][gc,heap        ] GC(545) Humongous regions: 0->0
[219.138s][info][gc,metaspace   ] GC(545) Metaspace: 14359K(15232K)->14359K(15232K) NonClass: 12397K(12928K)->12397K(12928K) Class: 1962K(2304K)->1962K(2304K)
[219.138s][info][gc             ] GC(545) Pause Young (Normal) (G1 Evacuation Pause) 840M->8M(1424M) 4.237ms
[219.138s][info][gc,cpu         ] GC(545) User=0.00s Sys=0.00s Real=0.00s
[219.635s][info][gc,start       ] GC(546) Pause Young (Normal) (G1 Evacuation Pause)
[219.635s][info][gc,task        ] GC(546) Using 33 workers of 33 for evacuation
[219.639s][info][gc,phases      ] GC(546)   Pre Evacuate Collection Set: 0.1ms
[219.639s][info][gc,phases      ] GC(546)   Merge Heap Roots: 0.2ms
[219.639s][info][gc,phases      ] GC(546)   Evacuate Collection Set: 0.4ms
[219.639s][info][gc,phases      ] GC(546)   Post Evacuate Collection Set: 3.7ms
[219.639s][info][gc,phases      ] GC(546)   Other: 0.1ms
[219.639s][info][gc,heap        ] GC(546) Eden regions: 52->0(52)
[219.639s][info][gc,heap        ] GC(546) Survivor regions: 1->1(7)
[219.639s][info][gc,heap        ] GC(546) Old regions: 7->7
[219.639s][info][gc,heap        ] GC(546) Archive regions: 0->0
[219.639s][info][gc,heap        ] GC(546) Humongous regions: 0->0
[219.639s][info][gc,metaspace   ] GC(546) Metaspace: 14359K(15232K)->14359K(15232K) NonClass: 12397K(12928K)->12397K(12928K) Class: 1962K(2304K)->1962K(2304K)
[219.640s][info][gc             ] GC(546) Pause Young (Normal) (G1 Evacuation Pause) 840M->8M(1424M) 4.681ms
[219.640s][info][gc,cpu         ] GC(546) User=0.00s Sys=0.00s Real=0.01s
[219.837s][info][gc,start       ] GC(547) Pause Full (System.gc())
[219.837s][info][gc,task        ] GC(547) Using 8 workers of 33 for full compaction
[219.837s][info][gc,phases,start] GC(547) Phase 1: Mark live objects
[219.849s][info][gc,phases      ] GC(547) Phase 1: Mark live objects 12.067ms
[219.849s][info][gc,phases,start] GC(547) Phase 2: Prepare compaction
[219.850s][info][gc,phases      ] GC(547) Phase 2: Prepare compaction 1.093ms
[219.850s][info][gc,phases,start] GC(547) Phase 3: Adjust pointers
[219.858s][info][gc,phases      ] GC(547) Phase 3: Adjust pointers 7.548ms
[219.858s][info][gc,phases,start] GC(547) Phase 4: Compact heap
[219.858s][info][gc,phases      ] GC(547) Phase 4: Compact heap 0.675ms
[219.863s][info][gc,heap        ] GC(547) Eden regions: 26->0(16)
[219.864s][info][gc,heap        ] GC(547) Survivor regions: 1->0(7)
[219.864s][info][gc,heap        ] GC(547) Old regions: 7->8
[219.864s][info][gc,heap        ] GC(547) Archive regions: 0->0
[219.864s][info][gc,heap        ] GC(547) Humongous regions: 0->0
[219.864s][info][gc,metaspace   ] GC(547) Metaspace: 14359K(15232K)->14359K(15232K) NonClass: 12397K(12928K)->12397K(12928K) Class: 1962K(2304K)->1962K(2304K)
[219.864s][info][gc             ] GC(547) Pause Full (System.gc()) 421M->5M(432M) 27.115ms
[219.864s][info][gc,cpu         ] GC(547) User=0.13s Sys=0.00s Real=0.02s
[220.035s][info][gc,start       ] GC(548) Pause Young (Normal) (G1 Evacuation Pause)
[220.035s][info][gc,task        ] GC(548) Using 33 workers of 33 for evacuation
[220.041s][info][gc,phases      ] GC(548)   Pre Evacuate Collection Set: 0.1ms
[220.041s][info][gc,phases      ] GC(548)   Merge Heap Roots: 0.1ms
[220.041s][info][gc,phases      ] GC(548)   Evacuate Collection Set: 0.5ms
[220.041s][info][gc,phases      ] GC(548)   Post Evacuate Collection Set: 5.2ms
[220.041s][info][gc,phases      ] GC(548)   Other: 0.1ms
[220.041s][info][gc,heap        ] GC(548) Eden regions: 16->0(45)
[220.041s][info][gc,heap        ] GC(548) Survivor regions: 0->1(2)
[220.041s][info][gc,heap        ] GC(548) Old regions: 8->8
[220.041s][info][gc,heap        ] GC(548) Archive regions: 0->0
[220.041s][info][gc,heap        ] GC(548) Humongous regions: 0->0
[220.041s][info][gc,metaspace   ] GC(548) Metaspace: 14380K(15232K)->14380K(15232K) NonClass: 12418K(12928K)->12418K(12928K) Class: 1962K(2304K)->1962K(2304K)
[220.041s][info][gc             ] GC(548) Pause Young (Normal) (G1 Evacuation Pause) 261M->6M(1248M) 6.221ms
[220.041s][info][gc,cpu         ] GC(548) User=0.00s Sys=0.00s Real=0.00s
[220.488s][info][gc,start       ] GC(549) Pause Young (Normal) (G1 Evacuation Pause)
[220.488s][info][gc,task        ] GC(549) Using 33 workers of 33 for evacuation
[220.493s][info][gc,phases      ] GC(549)   Pre Evacuate Collection Set: 0.1ms
[220.493s][info][gc,phases      ] GC(549)   Merge Heap Roots: 0.1ms
[220.493s][info][gc,phases      ] GC(549)   Evacuate Collection Set: 1.8ms
[220.493s][info][gc,phases      ] GC(549)   Post Evacuate Collection Set: 3.5ms
[220.493s][info][gc,phases      ] GC(549)   Other: 0.1ms
[220.493s][info][gc,heap        ] GC(549) Eden regions: 45->0(45)
[220.494s][info][gc,heap        ] GC(549) Survivor regions: 1->1(6)
[220.494s][info][gc,heap        ] GC(549) Old regions: 8->8
[220.494s][info][gc,heap        ] GC(549) Archive regions: 0->0
[220.494s][info][gc,heap        ] GC(549) Humongous regions: 0->0
[220.494s][info][gc,metaspace   ] GC(549) Metaspace: 14380K(15232K)->14380K(15232K) NonClass: 12418K(12928K)->12418K(12928K) Class: 1962K(2304K)->1962K(2304K)
[220.494s][info][gc             ] GC(549) Pause Young (Normal) (G1 Evacuation Pause) 726M->6M(1248M) 5.935ms
[220.494s][info][gc,cpu         ] GC(549) User=0.00s Sys=0.00s Real=0.01s
[220.931s][info][gc,start       ] GC(550) Pause Young (Normal) (G1 Evacuation Pause)
[220.931s][info][gc,task        ] GC(550) Using 33 workers of 33 for evacuation
[220.936s][info][gc,phases      ] GC(550)   Pre Evacuate Collection Set: 0.1ms
[220.936s][info][gc,phases      ] GC(550)   Merge Heap Roots: 0.1ms
[220.936s][info][gc,phases      ] GC(550)   Evacuate Collection Set: 2.0ms
[220.936s][info][gc,phases      ] GC(550)   Post Evacuate Collection Set: 3.3ms
[220.936s][info][gc,phases      ] GC(550)   Other: 0.1ms
[220.936s][info][gc,heap        ] GC(550) Eden regions: 45->0(45)
[220.936s][info][gc,heap        ] GC(550) Survivor regions: 1->1(6)
[220.936s][info][gc,heap        ] GC(550) Old regions: 8->8
[220.937s][info][gc,heap        ] GC(550) Archive regions: 0->0
[220.937s][info][gc,heap        ] GC(550) Humongous regions: 0->0
[220.937s][info][gc,metaspace   ] GC(550) Metaspace: 14380K(15232K)->14380K(15232K) NonClass: 12418K(12928K)->12418K(12928K) Class: 1962K(2304K)->1962K(2304K)
[220.937s][info][gc             ] GC(550) Pause Young (Normal) (G1 Evacuation Pause) 726M->6M(1248M) 5.846ms
[220.937s][info][gc,cpu         ] GC(550) User=0.00s Sys=0.00s Real=0.01s
[221.378s][info][gc,start       ] GC(551) Pause Young (Normal) (G1 Evacuation Pause)
[221.378s][info][gc,task        ] GC(551) Using 33 workers of 33 for evacuation
[221.382s][info][gc,phases      ] GC(551)   Pre Evacuate Collection Set: 0.1ms
[221.382s][info][gc,phases      ] GC(551)   Merge Heap Roots: 0.1ms
[221.382s][info][gc,phases      ] GC(551)   Evacuate Collection Set: 0.6ms
[221.383s][info][gc,phases      ] GC(551)   Post Evacuate Collection Set: 3.3ms
[221.383s][info][gc,phases      ] GC(551)   Other: 0.1ms
[221.383s][info][gc,heap        ] GC(551) Eden regions: 45->0(45)
[221.383s][info][gc,heap        ] GC(551) Survivor regions: 1->1(6)
[221.383s][info][gc,heap        ] GC(551) Old regions: 8->8
[221.383s][info][gc,heap        ] GC(551) Archive regions: 0->0
[221.383s][info][gc,heap        ] GC(551) Humongous regions: 0->0
[221.383s][info][gc,metaspace   ] GC(551) Metaspace: 14380K(15232K)->14380K(15232K) NonClass: 12418K(12928K)->12418K(12928K) Class: 1962K(2304K)->1962K(2304K)
[221.383s][info][gc             ] GC(551) Pause Young (Normal) (G1 Evacuation Pause) 726M->6M(1248M) 4.454ms
[221.383s][info][gc,cpu         ] GC(551) User=0.00s Sys=0.00s Real=0.00s
[221.830s][info][gc,start       ] GC(552) Pause Young (Normal) (G1 Evacuation Pause)
[221.830s][info][gc,task        ] GC(552) Using 33 workers of 33 for evacuation
[221.834s][info][gc,phases      ] GC(552)   Pre Evacuate Collection Set: 0.1ms
[221.834s][info][gc,phases      ] GC(552)   Merge Heap Roots: 0.1ms
[221.834s][info][gc,phases      ] GC(552)   Evacuate Collection Set: 0.6ms
[221.834s][info][gc,phases      ] GC(552)   Post Evacuate Collection Set: 3.1ms
[221.834s][info][gc,phases      ] GC(552)   Other: 0.1ms
[221.834s][info][gc,heap        ] GC(552) Eden regions: 45->0(45)
[221.834s][info][gc,heap        ] GC(552) Survivor regions: 1->1(6)
[221.834s][info][gc,heap        ] GC(552) Old regions: 8->8
[221.834s][info][gc,heap        ] GC(552) Archive regions: 0->0
[221.834s][info][gc,heap        ] GC(552) Humongous regions: 0->0
[221.834s][info][gc,metaspace   ] GC(552) Metaspace: 14380K(15232K)->14380K(15232K) NonClass: 12418K(12928K)->12418K(12928K) Class: 1962K(2304K)->1962K(2304K)
[221.834s][info][gc             ] GC(552) Pause Young (Normal) (G1 Evacuation Pause) 726M->7M(1248M) 4.263ms
[221.834s][info][gc,cpu         ] GC(552) User=0.00s Sys=0.00s Real=0.00s
[222.268s][info][gc,start       ] GC(553) Pause Young (Normal) (G1 Evacuation Pause)
[222.268s][info][gc,task        ] GC(553) Using 33 workers of 33 for evacuation
[222.273s][info][gc,phases      ] GC(553)   Pre Evacuate Collection Set: 0.1ms
[222.273s][info][gc,phases      ] GC(553)   Merge Heap Roots: 0.1ms
[222.273s][info][gc,phases      ] GC(553)   Evacuate Collection Set: 0.6ms
[222.273s][info][gc,phases      ] GC(553)   Post Evacuate Collection Set: 3.2ms
[222.273s][info][gc,phases      ] GC(553)   Other: 0.1ms
[222.273s][info][gc,heap        ] GC(553) Eden regions: 45->0(45)
[222.273s][info][gc,heap        ] GC(553) Survivor regions: 1->1(6)
[222.273s][info][gc,heap        ] GC(553) Old regions: 8->8
[222.273s][info][gc,heap        ] GC(553) Archive regions: 0->0
[222.273s][info][gc,heap        ] GC(553) Humongous regions: 0->0
[222.273s][info][gc,metaspace   ] GC(553) Metaspace: 14380K(15232K)->14380K(15232K) NonClass: 12418K(12928K)->12418K(12928K) Class: 1962K(2304K)->1962K(2304K)
[222.273s][info][gc             ] GC(553) Pause Young (Normal) (G1 Evacuation Pause) 727M->7M(1248M) 4.366ms
[222.273s][info][gc,cpu         ] GC(553) User=0.00s Sys=0.00s Real=0.00s
[222.705s][info][gc,start       ] GC(554) Pause Young (Normal) (G1 Evacuation Pause)
[222.705s][info][gc,task        ] GC(554) Using 33 workers of 33 for evacuation
[222.709s][info][gc,phases      ] GC(554)   Pre Evacuate Collection Set: 0.1ms
[222.709s][info][gc,phases      ] GC(554)   Merge Heap Roots: 0.1ms
[222.709s][info][gc,phases      ] GC(554)   Evacuate Collection Set: 0.6ms
[222.709s][info][gc,phases      ] GC(554)   Post Evacuate Collection Set: 3.4ms
[222.709s][info][gc,phases      ] GC(554)   Other: 0.1ms
[222.709s][info][gc,heap        ] GC(554) Eden regions: 45->0(45)
[222.709s][info][gc,heap        ] GC(554) Survivor regions: 1->1(6)
[222.709s][info][gc,heap        ] GC(554) Old regions: 8->8
[222.709s][info][gc,heap        ] GC(554) Archive regions: 0->0
[222.709s][info][gc,heap        ] GC(554) Humongous regions: 0->0
[222.709s][info][gc,metaspace   ] GC(554) Metaspace: 14380K(15232K)->14380K(15232K) NonClass: 12418K(12928K)->12418K(12928K) Class: 1962K(2304K)->1962K(2304K)
[222.709s][info][gc             ] GC(554) Pause Young (Normal) (G1 Evacuation Pause) 727M->7M(1248M) 4.540ms
[222.709s][info][gc,cpu         ] GC(554) User=0.00s Sys=0.02s Real=0.00s
[223.149s][info][gc,start       ] GC(555) Pause Young (Normal) (G1 Evacuation Pause)
[223.149s][info][gc,task        ] GC(555) Using 33 workers of 33 for evacuation
[223.153s][info][gc,phases      ] GC(555)   Pre Evacuate Collection Set: 0.1ms
[223.153s][info][gc,phases      ] GC(555)   Merge Heap Roots: 0.1ms
[223.153s][info][gc,phases      ] GC(555)   Evacuate Collection Set: 0.6ms
[223.153s][info][gc,phases      ] GC(555)   Post Evacuate Collection Set: 3.5ms
[223.153s][info][gc,phases      ] GC(555)   Other: 0.1ms
[223.153s][info][gc,heap        ] GC(555) Eden regions: 45->0(45)
[223.153s][info][gc,heap        ] GC(555) Survivor regions: 1->1(6)
[223.153s][info][gc,heap        ] GC(555) Old regions: 8->8
[223.153s][info][gc,heap        ] GC(555) Archive regions: 0->0
[223.153s][info][gc,heap        ] GC(555) Humongous regions: 0->0
[223.153s][info][gc,metaspace   ] GC(555) Metaspace: 14380K(15232K)->14380K(15232K) NonClass: 12418K(12928K)->12418K(12928K) Class: 1962K(2304K)->1962K(2304K)
[223.153s][info][gc             ] GC(555) Pause Young (Normal) (G1 Evacuation Pause) 727M->7M(1248M) 4.628ms
[223.153s][info][gc,cpu         ] GC(555) User=0.00s Sys=0.00s Real=0.00s
[223.598s][info][gc,start       ] GC(556) Pause Young (Normal) (G1 Evacuation Pause)
[223.598s][info][gc,task        ] GC(556) Using 33 workers of 33 for evacuation
[223.603s][info][gc,phases      ] GC(556)   Pre Evacuate Collection Set: 0.1ms
[223.603s][info][gc,phases      ] GC(556)   Merge Heap Roots: 0.1ms
[223.603s][info][gc,phases      ] GC(556)   Evacuate Collection Set: 0.6ms
[223.603s][info][gc,phases      ] GC(556)   Post Evacuate Collection Set: 3.5ms
[223.603s][info][gc,phases      ] GC(556)   Other: 0.1ms
[223.603s][info][gc,heap        ] GC(556) Eden regions: 45->0(45)
[223.603s][info][gc,heap        ] GC(556) Survivor regions: 1->1(6)
[223.603s][info][gc,heap        ] GC(556) Old regions: 8->8
[223.603s][info][gc,heap        ] GC(556) Archive regions: 0->0
[223.603s][info][gc,heap        ] GC(556) Humongous regions: 0->0
[223.603s][info][gc,metaspace   ] GC(556) Metaspace: 14380K(15232K)->14380K(15232K) NonClass: 12418K(12928K)->12418K(12928K) Class: 1962K(2304K)->1962K(2304K)
[223.603s][info][gc             ] GC(556) Pause Young (Normal) (G1 Evacuation Pause) 727M->7M(1248M) 4.607ms
[223.603s][info][gc,cpu         ] GC(556) User=0.00s Sys=0.00s Real=0.01s
[224.063s][info][gc,start       ] GC(557) Pause Young (Normal) (G1 Evacuation Pause)
[224.063s][info][gc,task        ] GC(557) Using 33 workers of 33 for evacuation
[224.067s][info][gc,phases      ] GC(557)   Pre Evacuate Collection Set: 0.1ms
[224.067s][info][gc,phases      ] GC(557)   Merge Heap Roots: 0.1ms
[224.067s][info][gc,phases      ] GC(557)   Evacuate Collection Set: 0.6ms
[224.067s][info][gc,phases      ] GC(557)   Post Evacuate Collection Set: 3.2ms
[224.067s][info][gc,phases      ] GC(557)   Other: 0.1ms
[224.067s][info][gc,heap        ] GC(557) Eden regions: 45->0(45)
[224.067s][info][gc,heap        ] GC(557) Survivor regions: 1->1(6)
[224.067s][info][gc,heap        ] GC(557) Old regions: 8->8
[224.067s][info][gc,heap        ] GC(557) Archive regions: 0->0
[224.067s][info][gc,heap        ] GC(557) Humongous regions: 0->0
[224.067s][info][gc,metaspace   ] GC(557) Metaspace: 14380K(15232K)->14380K(15232K) NonClass: 12418K(12928K)->12418K(12928K) Class: 1962K(2304K)->1962K(2304K)
[224.067s][info][gc             ] GC(557) Pause Young (Normal) (G1 Evacuation Pause) 727M->7M(1248M) 4.438ms
[224.067s][info][gc,cpu         ] GC(557) User=0.02s Sys=0.50s Real=0.00s
[224.523s][info][gc,start       ] GC(558) Pause Young (Normal) (G1 Evacuation Pause)
[224.523s][info][gc,task        ] GC(558) Using 33 workers of 33 for evacuation
[224.527s][info][gc,phases      ] GC(558)   Pre Evacuate Collection Set: 0.1ms
[224.527s][info][gc,phases      ] GC(558)   Merge Heap Roots: 0.1ms
[224.527s][info][gc,phases      ] GC(558)   Evacuate Collection Set: 0.6ms
[224.527s][info][gc,phases      ] GC(558)   Post Evacuate Collection Set: 3.1ms
[224.527s][info][gc,phases      ] GC(558)   Other: 0.1ms
[224.527s][info][gc,heap        ] GC(558) Eden regions: 45->0(45)
[224.527s][info][gc,heap        ] GC(558) Survivor regions: 1->1(6)
[224.527s][info][gc,heap        ] GC(558) Old regions: 8->8
[224.527s][info][gc,heap        ] GC(558) Archive regions: 0->0
[224.527s][info][gc,heap        ] GC(558) Humongous regions: 0->0
[224.528s][info][gc,metaspace   ] GC(558) Metaspace: 14380K(15232K)->14380K(15232K) NonClass: 12418K(12928K)->12418K(12928K) Class: 1962K(2304K)->1962K(2304K)
[224.528s][info][gc             ] GC(558) Pause Young (Normal) (G1 Evacuation Pause) 727M->7M(1248M) 4.296ms
[224.528s][info][gc,cpu         ] GC(558) User=0.00s Sys=0.00s Real=0.00s
[224.966s][info][gc,start       ] GC(559) Pause Young (Normal) (G1 Evacuation Pause)
[224.966s][info][gc,task        ] GC(559) Using 33 workers of 33 for evacuation
[224.970s][info][gc,phases      ] GC(559)   Pre Evacuate Collection Set: 0.1ms
[224.970s][info][gc,phases      ] GC(559)   Merge Heap Roots: 0.1ms
[224.970s][info][gc,phases      ] GC(559)   Evacuate Collection Set: 0.6ms
[224.970s][info][gc,phases      ] GC(559)   Post Evacuate Collection Set: 3.2ms
[224.970s][info][gc,phases      ] GC(559)   Other: 0.1ms
[224.970s][info][gc,heap        ] GC(559) Eden regions: 45->0(45)
[224.970s][info][gc,heap        ] GC(559) Survivor regions: 1->1(6)
[224.970s][info][gc,heap        ] GC(559) Old regions: 8->8
[224.970s][info][gc,heap        ] GC(559) Archive regions: 0->0
[224.970s][info][gc,heap        ] GC(559) Humongous regions: 0->0
[224.970s][info][gc,metaspace   ] GC(559) Metaspace: 14380K(15232K)->14380K(15232K) NonClass: 12418K(12928K)->12418K(12928K) Class: 1962K(2304K)->1962K(2304K)
[224.970s][info][gc             ] GC(559) Pause Young (Normal) (G1 Evacuation Pause) 727M->7M(1248M) 4.421ms
[224.970s][info][gc,cpu         ] GC(559) User=0.52s Sys=0.00s Real=0.00s
[225.410s][info][gc,start       ] GC(560) Pause Young (Normal) (G1 Evacuation Pause)
[225.410s][info][gc,task        ] GC(560) Using 33 workers of 33 for evacuation
[225.414s][info][gc,phases      ] GC(560)   Pre Evacuate Collection Set: 0.1ms
[225.414s][info][gc,phases      ] GC(560)   Merge Heap Roots: 0.1ms
[225.414s][info][gc,phases      ] GC(560)   Evacuate Collection Set: 0.6ms
[225.414s][info][gc,phases      ] GC(560)   Post Evacuate Collection Set: 3.4ms
[225.414s][info][gc,phases      ] GC(560)   Other: 0.1ms
[225.414s][info][gc,heap        ] GC(560) Eden regions: 45->0(45)
[225.414s][info][gc,heap        ] GC(560) Survivor regions: 1->1(6)
[225.414s][info][gc,heap        ] GC(560) Old regions: 8->8
[225.414s][info][gc,heap        ] GC(560) Archive regions: 0->0
[225.414s][info][gc,heap        ] GC(560) Humongous regions: 0->0
[225.414s][info][gc,metaspace   ] GC(560) Metaspace: 14380K(15232K)->14380K(15232K) NonClass: 12418K(12928K)->12418K(12928K) Class: 1962K(2304K)->1962K(2304K)
[225.414s][info][gc             ] GC(560) Pause Young (Normal) (G1 Evacuation Pause) 727M->7M(1248M) 4.574ms
[225.414s][info][gc,cpu         ] GC(560) User=0.00s Sys=0.00s Real=0.00s
[225.854s][info][gc,start       ] GC(561) Pause Young (Normal) (G1 Evacuation Pause)
[225.854s][info][gc,task        ] GC(561) Using 33 workers of 33 for evacuation
[225.858s][info][gc,phases      ] GC(561)   Pre Evacuate Collection Set: 0.1ms
[225.858s][info][gc,phases      ] GC(561)   Merge Heap Roots: 0.1ms
[225.858s][info][gc,phases      ] GC(561)   Evacuate Collection Set: 0.6ms
[225.858s][info][gc,phases      ] GC(561)   Post Evacuate Collection Set: 3.5ms
[225.858s][info][gc,phases      ] GC(561)   Other: 0.1ms
[225.858s][info][gc,heap        ] GC(561) Eden regions: 45->0(45)
[225.858s][info][gc,heap        ] GC(561) Survivor regions: 1->1(6)
[225.858s][info][gc,heap        ] GC(561) Old regions: 8->8
[225.858s][info][gc,heap        ] GC(561) Archive regions: 0->0
[225.858s][info][gc,heap        ] GC(561) Humongous regions: 0->0
[225.858s][info][gc,metaspace   ] GC(561) Metaspace: 14380K(15232K)->14380K(15232K) NonClass: 12418K(12928K)->12418K(12928K) Class: 1962K(2304K)->1962K(2304K)
[225.858s][info][gc             ] GC(561) Pause Young (Normal) (G1 Evacuation Pause) 727M->7M(1248M) 4.659ms
[225.858s][info][gc,cpu         ] GC(561) User=0.00s Sys=0.00s Real=0.00s
[226.373s][info][gc,start       ] GC(562) Pause Young (Normal) (G1 Evacuation Pause)
[226.373s][info][gc,task        ] GC(562) Using 33 workers of 33 for evacuation
[226.379s][info][gc,phases      ] GC(562)   Pre Evacuate Collection Set: 0.2ms
[226.379s][info][gc,phases      ] GC(562)   Merge Heap Roots: 0.2ms
[226.379s][info][gc,phases      ] GC(562)   Evacuate Collection Set: 1.4ms
[226.380s][info][gc,phases      ] GC(562)   Post Evacuate Collection Set: 4.5ms
[226.380s][info][gc,phases      ] GC(562)   Other: 0.1ms
[226.380s][info][gc,heap        ] GC(562) Eden regions: 45->0(45)
[226.380s][info][gc,heap        ] GC(562) Survivor regions: 1->1(6)
[226.380s][info][gc,heap        ] GC(562) Old regions: 8->8
[226.380s][info][gc,heap        ] GC(562) Archive regions: 0->0
[226.380s][info][gc,heap        ] GC(562) Humongous regions: 0->0
[226.380s][info][gc,metaspace   ] GC(562) Metaspace: 14380K(15232K)->14380K(15232K) NonClass: 12418K(12928K)->12418K(12928K) Class: 1962K(2304K)->1962K(2304K)
[226.380s][info][gc             ] GC(562) Pause Young (Normal) (G1 Evacuation Pause) 727M->7M(1248M) 7.028ms
[226.380s][info][gc,cpu         ] GC(562) User=0.00s Sys=0.00s Real=0.00s
[226.838s][info][gc,start       ] GC(563) Pause Young (Normal) (G1 Evacuation Pause)
[226.838s][info][gc,task        ] GC(563) Using 33 workers of 33 for evacuation
[226.842s][info][gc,phases      ] GC(563)   Pre Evacuate Collection Set: 0.1ms
[226.842s][info][gc,phases      ] GC(563)   Merge Heap Roots: 0.1ms
[226.842s][info][gc,phases      ] GC(563)   Evacuate Collection Set: 0.6ms
[226.842s][info][gc,phases      ] GC(563)   Post Evacuate Collection Set: 3.2ms
[226.842s][info][gc,phases      ] GC(563)   Other: 0.1ms
[226.842s][info][gc,heap        ] GC(563) Eden regions: 45->0(45)
[226.842s][info][gc,heap        ] GC(563) Survivor regions: 1->1(6)
[226.842s][info][gc,heap        ] GC(563) Old regions: 8->9
[226.842s][info][gc,heap        ] GC(563) Archive regions: 0->0
[226.842s][info][gc,heap        ] GC(563) Humongous regions: 0->0
[226.842s][info][gc,metaspace   ] GC(563) Metaspace: 14380K(15232K)->14380K(15232K) NonClass: 12418K(12928K)->12418K(12928K) Class: 1962K(2304K)->1962K(2304K)
[226.842s][info][gc             ] GC(563) Pause Young (Normal) (G1 Evacuation Pause) 727M->7M(1248M) 4.283ms
[226.842s][info][gc,cpu         ] GC(563) User=0.00s Sys=0.00s Real=0.00s
[227.293s][info][gc,start       ] GC(564) Pause Young (Normal) (G1 Evacuation Pause)
[227.293s][info][gc,task        ] GC(564) Using 33 workers of 33 for evacuation
[227.297s][info][gc,phases      ] GC(564)   Pre Evacuate Collection Set: 0.1ms
[227.297s][info][gc,phases      ] GC(564)   Merge Heap Roots: 0.2ms
[227.297s][info][gc,phases      ] GC(564)   Evacuate Collection Set: 0.4ms
[227.297s][info][gc,phases      ] GC(564)   Post Evacuate Collection Set: 3.4ms
[227.297s][info][gc,phases      ] GC(564)   Other: 0.1ms
[227.297s][info][gc,heap        ] GC(564) Eden regions: 45->0(45)
[227.297s][info][gc,heap        ] GC(564) Survivor regions: 1->1(6)
[227.297s][info][gc,heap        ] GC(564) Old regions: 9->9
[227.297s][info][gc,heap        ] GC(564) Archive regions: 0->0
[227.297s][info][gc,heap        ] GC(564) Humongous regions: 0->0
[227.297s][info][gc,metaspace   ] GC(564) Metaspace: 14380K(15232K)->14380K(15232K) NonClass: 12418K(12928K)->12418K(12928K) Class: 1962K(2304K)->1962K(2304K)
[227.297s][info][gc             ] GC(564) Pause Young (Normal) (G1 Evacuation Pause) 727M->7M(1248M) 4.381ms
[227.297s][info][gc,cpu         ] GC(564) User=0.00s Sys=0.00s Real=0.00s
[227.761s][info][gc,start       ] GC(565) Pause Young (Normal) (G1 Evacuation Pause)
[227.761s][info][gc,task        ] GC(565) Using 33 workers of 33 for evacuation
[227.765s][info][gc,phases      ] GC(565)   Pre Evacuate Collection Set: 0.1ms
[227.765s][info][gc,phases      ] GC(565)   Merge Heap Roots: 0.1ms
[227.765s][info][gc,phases      ] GC(565)   Evacuate Collection Set: 0.4ms
[227.765s][info][gc,phases      ] GC(565)   Post Evacuate Collection Set: 3.2ms
[227.765s][info][gc,phases      ] GC(565)   Other: 0.1ms
[227.765s][info][gc,heap        ] GC(565) Eden regions: 45->0(45)
[227.765s][info][gc,heap        ] GC(565) Survivor regions: 1->1(6)
[227.765s][info][gc,heap        ] GC(565) Old regions: 9->9
[227.765s][info][gc,heap        ] GC(565) Archive regions: 0->0
[227.765s][info][gc,heap        ] GC(565) Humongous regions: 0->0
[227.765s][info][gc,metaspace   ] GC(565) Metaspace: 14380K(15232K)->14380K(15232K) NonClass: 12418K(12928K)->12418K(12928K) Class: 1962K(2304K)->1962K(2304K)
[227.765s][info][gc             ] GC(565) Pause Young (Normal) (G1 Evacuation Pause) 727M->8M(1248M) 4.190ms
[227.765s][info][gc,cpu         ] GC(565) User=0.00s Sys=0.00s Real=0.00s
[228.218s][info][gc,start       ] GC(566) Pause Young (Normal) (G1 Evacuation Pause)
[228.218s][info][gc,task        ] GC(566) Using 33 workers of 33 for evacuation
[228.222s][info][gc,phases      ] GC(566)   Pre Evacuate Collection Set: 0.1ms
[228.222s][info][gc,phases      ] GC(566)   Merge Heap Roots: 0.1ms
[228.222s][info][gc,phases      ] GC(566)   Evacuate Collection Set: 0.4ms
[228.222s][info][gc,phases      ] GC(566)   Post Evacuate Collection Set: 3.3ms
[228.222s][info][gc,phases      ] GC(566)   Other: 0.1ms
[228.222s][info][gc,heap        ] GC(566) Eden regions: 45->0(45)
[228.222s][info][gc,heap        ] GC(566) Survivor regions: 1->1(6)
[228.222s][info][gc,heap        ] GC(566) Old regions: 9->9
[228.222s][info][gc,heap        ] GC(566) Archive regions: 0->0
[228.222s][info][gc,heap        ] GC(566) Humongous regions: 0->0
[228.222s][info][gc,metaspace   ] GC(566) Metaspace: 14380K(15232K)->14380K(15232K) NonClass: 12418K(12928K)->12418K(12928K) Class: 1962K(2304K)->1962K(2304K)
[228.222s][info][gc             ] GC(566) Pause Young (Normal) (G1 Evacuation Pause) 728M->8M(1248M) 4.304ms
[228.222s][info][gc,cpu         ] GC(566) User=0.52s Sys=0.00s Real=0.00s
[228.671s][info][gc,start       ] GC(567) Pause Young (Normal) (G1 Evacuation Pause)
[228.671s][info][gc,task        ] GC(567) Using 33 workers of 33 for evacuation
[228.675s][info][gc,phases      ] GC(567)   Pre Evacuate Collection Set: 0.1ms
[228.675s][info][gc,phases      ] GC(567)   Merge Heap Roots: 0.1ms
[228.675s][info][gc,phases      ] GC(567)   Evacuate Collection Set: 0.4ms
[228.675s][info][gc,phases      ] GC(567)   Post Evacuate Collection Set: 3.4ms
[228.675s][info][gc,phases      ] GC(567)   Other: 0.1ms
[228.675s][info][gc,heap        ] GC(567) Eden regions: 45->0(45)
[228.675s][info][gc,heap        ] GC(567) Survivor regions: 1->1(6)
[228.675s][info][gc,heap        ] GC(567) Old regions: 9->9
[228.675s][info][gc,heap        ] GC(567) Archive regions: 0->0
[228.675s][info][gc,heap        ] GC(567) Humongous regions: 0->0
[228.675s][info][gc,metaspace   ] GC(567) Metaspace: 14380K(15232K)->14380K(15232K) NonClass: 12418K(12928K)->12418K(12928K) Class: 1962K(2304K)->1962K(2304K)
[228.675s][info][gc             ] GC(567) Pause Young (Normal) (G1 Evacuation Pause) 728M->8M(1248M) 4.422ms
[228.675s][info][gc,cpu         ] GC(567) User=0.52s Sys=0.00s Real=0.00s
[229.212s][info][gc,start       ] GC(568) Pause Young (Normal) (G1 Evacuation Pause)
[229.212s][info][gc,task        ] GC(568) Using 33 workers of 33 for evacuation
[229.218s][info][gc,phases      ] GC(568)   Pre Evacuate Collection Set: 0.2ms
[229.218s][info][gc,phases      ] GC(568)   Merge Heap Roots: 0.2ms
[229.218s][info][gc,phases      ] GC(568)   Evacuate Collection Set: 0.7ms
[229.218s][info][gc,phases      ] GC(568)   Post Evacuate Collection Set: 4.5ms
[229.218s][info][gc,phases      ] GC(568)   Other: 0.1ms
[229.218s][info][gc,heap        ] GC(568) Eden regions: 45->0(45)
[229.218s][info][gc,heap        ] GC(568) Survivor regions: 1->1(6)
[229.218s][info][gc,heap        ] GC(568) Old regions: 9->9
[229.218s][info][gc,heap        ] GC(568) Archive regions: 0->0
[229.218s][info][gc,heap        ] GC(568) Humongous regions: 0->0
[229.218s][info][gc,metaspace   ] GC(568) Metaspace: 14380K(15232K)->14380K(15232K) NonClass: 12418K(12928K)->12418K(12928K) Class: 1962K(2304K)->1962K(2304K)
[229.218s][info][gc             ] GC(568) Pause Young (Normal) (G1 Evacuation Pause) 728M->8M(1248M) 6.394ms
[229.219s][info][gc,cpu         ] GC(568) User=0.00s Sys=0.00s Real=0.01s
[229.691s][info][gc,start       ] GC(569) Pause Young (Normal) (G1 Evacuation Pause)
[229.691s][info][gc,task        ] GC(569) Using 33 workers of 33 for evacuation
[229.695s][info][gc,phases      ] GC(569)   Pre Evacuate Collection Set: 0.1ms
[229.695s][info][gc,phases      ] GC(569)   Merge Heap Roots: 0.1ms
[229.695s][info][gc,phases      ] GC(569)   Evacuate Collection Set: 0.4ms
[229.695s][info][gc,phases      ] GC(569)   Post Evacuate Collection Set: 3.1ms
[229.695s][info][gc,phases      ] GC(569)   Other: 0.1ms
[229.695s][info][gc,heap        ] GC(569) Eden regions: 45->0(45)
[229.695s][info][gc,heap        ] GC(569) Survivor regions: 1->1(6)
[229.695s][info][gc,heap        ] GC(569) Old regions: 9->9
[229.695s][info][gc,heap        ] GC(569) Archive regions: 0->0
[229.695s][info][gc,heap        ] GC(569) Humongous regions: 0->0
[229.695s][info][gc,metaspace   ] GC(569) Metaspace: 14380K(15232K)->14380K(15232K) NonClass: 12418K(12928K)->12418K(12928K) Class: 1962K(2304K)->1962K(2304K)
[229.695s][info][gc             ] GC(569) Pause Young (Normal) (G1 Evacuation Pause) 728M->8M(1248M) 4.132ms
[229.695s][info][gc,cpu         ] GC(569) User=0.00s Sys=0.00s Real=0.00s
[230.156s][info][gc,start       ] GC(570) Pause Young (Normal) (G1 Evacuation Pause)
[230.157s][info][gc,task        ] GC(570) Using 33 workers of 33 for evacuation
[230.160s][info][gc,phases      ] GC(570)   Pre Evacuate Collection Set: 0.1ms
[230.160s][info][gc,phases      ] GC(570)   Merge Heap Roots: 0.1ms
[230.160s][info][gc,phases      ] GC(570)   Evacuate Collection Set: 0.4ms
[230.160s][info][gc,phases      ] GC(570)   Post Evacuate Collection Set: 3.1ms
[230.160s][info][gc,phases      ] GC(570)   Other: 0.1ms
[230.160s][info][gc,heap        ] GC(570) Eden regions: 45->0(45)
[230.160s][info][gc,heap        ] GC(570) Survivor regions: 1->1(6)
[230.160s][info][gc,heap        ] GC(570) Old regions: 9->9
[230.160s][info][gc,heap        ] GC(570) Archive regions: 0->0
[230.160s][info][gc,heap        ] GC(570) Humongous regions: 0->0
[230.160s][info][gc,metaspace   ] GC(570) Metaspace: 14380K(15232K)->14380K(15232K) NonClass: 12418K(12928K)->12418K(12928K) Class: 1962K(2304K)->1962K(2304K)
[230.161s][info][gc             ] GC(570) Pause Young (Normal) (G1 Evacuation Pause) 728M->8M(1248M) 4.057ms
[230.161s][info][gc,cpu         ] GC(570) User=0.52s Sys=0.00s Real=0.00s
[230.550s][info][gc,start       ] GC(571) Pause Young (Normal) (G1 Evacuation Pause)
[230.551s][info][gc,task        ] GC(571) Using 31 workers of 33 for evacuation
[230.555s][info][gc,phases      ] GC(571)   Pre Evacuate Collection Set: 0.1ms
[230.555s][info][gc,phases      ] GC(571)   Merge Heap Roots: 0.2ms
[230.555s][info][gc,phases      ] GC(571)   Evacuate Collection Set: 0.4ms
[230.555s][info][gc,phases      ] GC(571)   Post Evacuate Collection Set: 3.5ms
[230.555s][info][gc,phases      ] GC(571)   Other: 0.1ms
[230.555s][info][gc,heap        ] GC(571) Eden regions: 45->0(45)
[230.555s][info][gc,heap        ] GC(571) Survivor regions: 1->1(6)
[230.555s][info][gc,heap        ] GC(571) Old regions: 9->9
[230.555s][info][gc,heap        ] GC(571) Archive regions: 0->0
[230.555s][info][gc,heap        ] GC(571) Humongous regions: 0->0
[230.555s][info][gc,metaspace   ] GC(571) Metaspace: 14380K(15232K)->14380K(15232K) NonClass: 12418K(12928K)->12418K(12928K) Class: 1962K(2304K)->1962K(2304K)
[230.555s][info][gc             ] GC(571) Pause Young (Normal) (G1 Evacuation Pause) 728M->8M(1248M) 4.911ms
[230.555s][info][gc,cpu         ] GC(571) User=0.00s Sys=0.00s Real=0.00s
[230.697s][info][gc,start       ] GC(572) Pause Full (System.gc())
[230.697s][info][gc,task        ] GC(572) Using 6 workers of 33 for full compaction
[230.697s][info][gc,phases,start] GC(572) Phase 1: Mark live objects
[230.705s][info][gc,phases      ] GC(572) Phase 1: Mark live objects 8.024ms
[230.705s][info][gc,phases,start] GC(572) Phase 2: Prepare compaction
[230.706s][info][gc,phases      ] GC(572) Phase 2: Prepare compaction 1.323ms
[230.707s][info][gc,phases,start] GC(572) Phase 3: Adjust pointers
[230.716s][info][gc,phases      ] GC(572) Phase 3: Adjust pointers 9.972ms
[230.717s][info][gc,phases,start] GC(572) Phase 4: Compact heap
[230.718s][info][gc,phases      ] GC(572) Phase 4: Compact heap 1.181ms
[230.723s][info][gc,heap        ] GC(572) Eden regions: 4->0(10)
[230.723s][info][gc,heap        ] GC(572) Survivor regions: 1->0(6)
[230.723s][info][gc,heap        ] GC(572) Old regions: 9->5
[230.723s][info][gc,heap        ] GC(572) Archive regions: 0->0
[230.723s][info][gc,heap        ] GC(572) Humongous regions: 0->0
[230.723s][info][gc,metaspace   ] GC(572) Metaspace: 14380K(15232K)->14380K(15232K) NonClass: 12418K(12928K)->12418K(12928K) Class: 1962K(2304K)->1962K(2304K)
[230.723s][info][gc             ] GC(572) Pause Full (System.gc()) 70M->5M(272M) 26.336ms
[230.723s][info][gc,cpu         ] GC(572) User=0.09s Sys=0.00s Real=0.01s
[230.843s][info][gc,start       ] GC(573) Pause Young (Normal) (G1 Evacuation Pause)
[230.843s][info][gc,task        ] GC(573) Using 33 workers of 33 for evacuation
[230.846s][info][gc,phases      ] GC(573)   Pre Evacuate Collection Set: 0.1ms
[230.846s][info][gc,phases      ] GC(573)   Merge Heap Roots: 0.1ms
[230.846s][info][gc,phases      ] GC(573)   Evacuate Collection Set: 0.5ms
[230.846s][info][gc,phases      ] GC(573)   Post Evacuate Collection Set: 2.7ms
[230.846s][info][gc,phases      ] GC(573)   Other: 0.1ms
[230.846s][info][gc,heap        ] GC(573) Eden regions: 10->0(9)
[230.846s][info][gc,heap        ] GC(573) Survivor regions: 0->1(2)
[230.846s][info][gc,heap        ] GC(573) Old regions: 5->5
[230.846s][info][gc,heap        ] GC(573) Archive regions: 0->0
[230.846s][info][gc,heap        ] GC(573) Humongous regions: 0->0
[230.846s][info][gc,metaspace   ] GC(573) Metaspace: 14380K(15232K)->14380K(15232K) NonClass: 12418K(12928K)->12418K(12928K) Class: 1962K(2304K)->1962K(2304K)
[230.846s][info][gc             ] GC(573) Pause Young (Normal) (G1 Evacuation Pause) 165M->6M(272M) 3.745ms
[230.846s][info][gc,cpu         ] GC(573) User=0.52s Sys=0.00s Real=0.00s
[230.939s][info][gc,start       ] GC(574) Pause Young (Normal) (G1 Evacuation Pause)
[230.939s][info][gc,task        ] GC(574) Using 33 workers of 33 for evacuation
[230.945s][info][gc,phases      ] GC(574)   Pre Evacuate Collection Set: 0.1ms
[230.945s][info][gc,phases      ] GC(574)   Merge Heap Roots: 0.1ms
[230.945s][info][gc,phases      ] GC(574)   Evacuate Collection Set: 0.5ms
[230.945s][info][gc,phases      ] GC(574)   Post Evacuate Collection Set: 5.2ms
[230.945s][info][gc,phases      ] GC(574)   Other: 0.1ms
[230.945s][info][gc,heap        ] GC(574) Eden regions: 9->0(42)
[230.945s][info][gc,heap        ] GC(574) Survivor regions: 1->1(2)
[230.945s][info][gc,heap        ] GC(574) Old regions: 5->5
[230.945s][info][gc,heap        ] GC(574) Archive regions: 0->0
[230.945s][info][gc,heap        ] GC(574) Humongous regions: 0->0
[230.945s][info][gc,metaspace   ] GC(574) Metaspace: 14380K(15232K)->14380K(15232K) NonClass: 12418K(12928K)->12418K(12928K) Class: 1962K(2304K)->1962K(2304K)
[230.945s][info][gc             ] GC(574) Pause Young (Normal) (G1 Evacuation Pause) 150M->6M(1168M) 6.143ms
[230.945s][info][gc,cpu         ] GC(574) User=0.00s Sys=0.00s Real=0.01s
[231.355s][info][gc,start       ] GC(575) Pause Young (Normal) (G1 Evacuation Pause)
[231.355s][info][gc,task        ] GC(575) Using 33 workers of 33 for evacuation
[231.360s][info][gc,phases      ] GC(575)   Pre Evacuate Collection Set: 0.1ms
[231.360s][info][gc,phases      ] GC(575)   Merge Heap Roots: 0.1ms
[231.360s][info][gc,phases      ] GC(575)   Evacuate Collection Set: 1.8ms
[231.360s][info][gc,phases      ] GC(575)   Post Evacuate Collection Set: 3.4ms
[231.360s][info][gc,phases      ] GC(575)   Other: 0.1ms
[231.360s][info][gc,heap        ] GC(575) Eden regions: 42->0(42)
[231.360s][info][gc,heap        ] GC(575) Survivor regions: 1->1(6)
[231.360s][info][gc,heap        ] GC(575) Old regions: 5->5
[231.360s][info][gc,heap        ] GC(575) Archive regions: 0->0
[231.360s][info][gc,heap        ] GC(575) Humongous regions: 0->0
[231.360s][info][gc,metaspace   ] GC(575) Metaspace: 14380K(15232K)->14380K(15232K) NonClass: 12418K(12928K)->12418K(12928K) Class: 1962K(2304K)->1962K(2304K)
[231.360s][info][gc             ] GC(575) Pause Young (Normal) (G1 Evacuation Pause) 678M->6M(1168M) 5.749ms
[231.360s][info][gc,cpu         ] GC(575) User=0.00s Sys=0.00s Real=0.01s
[231.767s][info][gc,start       ] GC(576) Pause Young (Normal) (G1 Evacuation Pause)
[231.768s][info][gc,task        ] GC(576) Using 33 workers of 33 for evacuation
[231.773s][info][gc,phases      ] GC(576)   Pre Evacuate Collection Set: 0.1ms
[231.773s][info][gc,phases      ] GC(576)   Merge Heap Roots: 0.1ms
[231.773s][info][gc,phases      ] GC(576)   Evacuate Collection Set: 1.8ms
[231.773s][info][gc,phases      ] GC(576)   Post Evacuate Collection Set: 3.3ms
[231.773s][info][gc,phases      ] GC(576)   Other: 0.1ms
[231.773s][info][gc,heap        ] GC(576) Eden regions: 42->0(42)
[231.773s][info][gc,heap        ] GC(576) Survivor regions: 1->1(6)
[231.773s][info][gc,heap        ] GC(576) Old regions: 5->5
[231.773s][info][gc,heap        ] GC(576) Archive regions: 0->0
[231.773s][info][gc,heap        ] GC(576) Humongous regions: 0->0
[231.773s][info][gc,metaspace   ] GC(576) Metaspace: 14380K(15232K)->14380K(15232K) NonClass: 12418K(12928K)->12418K(12928K) Class: 1962K(2304K)->1962K(2304K)
[231.773s][info][gc             ] GC(576) Pause Young (Normal) (G1 Evacuation Pause) 678M->6M(1168M) 5.635ms
[231.773s][info][gc,cpu         ] GC(576) User=0.00s Sys=0.00s Real=0.01s
[232.192s][info][gc,start       ] GC(577) Pause Young (Normal) (G1 Evacuation Pause)
[232.192s][info][gc,task        ] GC(577) Using 33 workers of 33 for evacuation
[232.196s][info][gc,phases      ] GC(577)   Pre Evacuate Collection Set: 0.1ms
[232.196s][info][gc,phases      ] GC(577)   Merge Heap Roots: 0.1ms
[232.196s][info][gc,phases      ] GC(577)   Evacuate Collection Set: 0.5ms
[232.196s][info][gc,phases      ] GC(577)   Post Evacuate Collection Set: 3.3ms
[232.196s][info][gc,phases      ] GC(577)   Other: 0.1ms
[232.196s][info][gc,heap        ] GC(577) Eden regions: 42->0(42)
[232.196s][info][gc,heap        ] GC(577) Survivor regions: 1->1(6)
[232.196s][info][gc,heap        ] GC(577) Old regions: 5->5
[232.196s][info][gc,heap        ] GC(577) Archive regions: 0->0
[232.196s][info][gc,heap        ] GC(577) Humongous regions: 0->0
[232.196s][info][gc,metaspace   ] GC(577) Metaspace: 14380K(15232K)->14380K(15232K) NonClass: 12418K(12928K)->12418K(12928K) Class: 1962K(2304K)->1962K(2304K)
[232.196s][info][gc             ] GC(577) Pause Young (Normal) (G1 Evacuation Pause) 678M->6M(1168M) 4.414ms
[232.196s][info][gc,cpu         ] GC(577) User=0.00s Sys=0.00s Real=0.00s
[232.628s][info][gc,start       ] GC(578) Pause Young (Normal) (G1 Evacuation Pause)
[232.629s][info][gc,task        ] GC(578) Using 33 workers of 33 for evacuation
[232.632s][info][gc,phases      ] GC(578)   Pre Evacuate Collection Set: 0.1ms
[232.632s][info][gc,phases      ] GC(578)   Merge Heap Roots: 0.1ms
[232.632s][info][gc,phases      ] GC(578)   Evacuate Collection Set: 0.5ms
[232.632s][info][gc,phases      ] GC(578)   Post Evacuate Collection Set: 3.0ms
[232.632s][info][gc,phases      ] GC(578)   Other: 0.1ms
[232.632s][info][gc,heap        ] GC(578) Eden regions: 42->0(42)
[232.632s][info][gc,heap        ] GC(578) Survivor regions: 1->1(6)
[232.632s][info][gc,heap        ] GC(578) Old regions: 5->5
[232.632s][info][gc,heap        ] GC(578) Archive regions: 0->0
[232.632s][info][gc,heap        ] GC(578) Humongous regions: 0->0
[232.632s][info][gc,metaspace   ] GC(578) Metaspace: 14380K(15232K)->14380K(15232K) NonClass: 12418K(12928K)->12418K(12928K) Class: 1962K(2304K)->1962K(2304K)
[232.633s][info][gc             ] GC(578) Pause Young (Normal) (G1 Evacuation Pause) 678M->7M(1168M) 4.069ms
[232.633s][info][gc,cpu         ] GC(578) User=0.00s Sys=0.00s Real=0.00s
[233.038s][info][gc,start       ] GC(579) Pause Young (Normal) (G1 Evacuation Pause)
[233.038s][info][gc,task        ] GC(579) Using 33 workers of 33 for evacuation
[233.042s][info][gc,phases      ] GC(579)   Pre Evacuate Collection Set: 0.1ms
[233.042s][info][gc,phases      ] GC(579)   Merge Heap Roots: 0.1ms
[233.042s][info][gc,phases      ] GC(579)   Evacuate Collection Set: 0.5ms
[233.042s][info][gc,phases      ] GC(579)   Post Evacuate Collection Set: 3.1ms
[233.042s][info][gc,phases      ] GC(579)   Other: 0.1ms
[233.042s][info][gc,heap        ] GC(579) Eden regions: 42->0(42)
[233.042s][info][gc,heap        ] GC(579) Survivor regions: 1->1(6)
[233.042s][info][gc,heap        ] GC(579) Old regions: 5->5
[233.042s][info][gc,heap        ] GC(579) Archive regions: 0->0
[233.042s][info][gc,heap        ] GC(579) Humongous regions: 0->0
[233.042s][info][gc,metaspace   ] GC(579) Metaspace: 14380K(15232K)->14380K(15232K) NonClass: 12418K(12928K)->12418K(12928K) Class: 1962K(2304K)->1962K(2304K)
[233.042s][info][gc             ] GC(579) Pause Young (Normal) (G1 Evacuation Pause) 679M->7M(1168M) 4.145ms
[233.042s][info][gc,cpu         ] GC(579) User=0.00s Sys=0.00s Real=0.00s
[233.466s][info][gc,start       ] GC(580) Pause Young (Normal) (G1 Evacuation Pause)
[233.466s][info][gc,task        ] GC(580) Using 33 workers of 33 for evacuation
[233.470s][info][gc,phases      ] GC(580)   Pre Evacuate Collection Set: 0.1ms
[233.470s][info][gc,phases      ] GC(580)   Merge Heap Roots: 0.1ms
[233.470s][info][gc,phases      ] GC(580)   Evacuate Collection Set: 0.5ms
[233.470s][info][gc,phases      ] GC(580)   Post Evacuate Collection Set: 3.0ms
[233.470s][info][gc,phases      ] GC(580)   Other: 0.1ms
[233.470s][info][gc,heap        ] GC(580) Eden regions: 42->0(42)
[233.470s][info][gc,heap        ] GC(580) Survivor regions: 1->1(6)
[233.470s][info][gc,heap        ] GC(580) Old regions: 5->5
[233.470s][info][gc,heap        ] GC(580) Archive regions: 0->0
[233.470s][info][gc,heap        ] GC(580) Humongous regions: 0->0
[233.470s][info][gc,metaspace   ] GC(580) Metaspace: 14380K(15232K)->14380K(15232K) NonClass: 12418K(12928K)->12418K(12928K) Class: 1962K(2304K)->1962K(2304K)
[233.470s][info][gc             ] GC(580) Pause Young (Normal) (G1 Evacuation Pause) 679M->7M(1168M) 4.115ms
[233.470s][info][gc,cpu         ] GC(580) User=0.00s Sys=0.02s Real=0.00s
[233.881s][info][gc,start       ] GC(581) Pause Young (Normal) (G1 Evacuation Pause)
[233.881s][info][gc,task        ] GC(581) Using 33 workers of 33 for evacuation
[233.885s][info][gc,phases      ] GC(581)   Pre Evacuate Collection Set: 0.1ms
[233.885s][info][gc,phases      ] GC(581)   Merge Heap Roots: 0.1ms
[233.885s][info][gc,phases      ] GC(581)   Evacuate Collection Set: 0.5ms
[233.885s][info][gc,phases      ] GC(581)   Post Evacuate Collection Set: 3.2ms
[233.885s][info][gc,phases      ] GC(581)   Other: 0.1ms
[233.885s][info][gc,heap        ] GC(581) Eden regions: 42->0(42)
[233.885s][info][gc,heap        ] GC(581) Survivor regions: 1->1(6)
[233.885s][info][gc,heap        ] GC(581) Old regions: 5->5
[233.885s][info][gc,heap        ] GC(581) Archive regions: 0->0
[233.885s][info][gc,heap        ] GC(581) Humongous regions: 0->0
[233.885s][info][gc,metaspace   ] GC(581) Metaspace: 14380K(15232K)->14380K(15232K) NonClass: 12418K(12928K)->12418K(12928K) Class: 1962K(2304K)->1962K(2304K)
[233.885s][info][gc             ] GC(581) Pause Young (Normal) (G1 Evacuation Pause) 679M->7M(1168M) 4.263ms
[233.885s][info][gc,cpu         ] GC(581) User=0.00s Sys=0.00s Real=0.00s
[234.298s][info][gc,start       ] GC(582) Pause Young (Normal) (G1 Evacuation Pause)
[234.298s][info][gc,task        ] GC(582) Using 33 workers of 33 for evacuation
[234.302s][info][gc,phases      ] GC(582)   Pre Evacuate Collection Set: 0.1ms
[234.302s][info][gc,phases      ] GC(582)   Merge Heap Roots: 0.1ms
[234.302s][info][gc,phases      ] GC(582)   Evacuate Collection Set: 0.6ms
[234.302s][info][gc,phases      ] GC(582)   Post Evacuate Collection Set: 3.3ms
[234.302s][info][gc,phases      ] GC(582)   Other: 0.1ms
[234.302s][info][gc,heap        ] GC(582) Eden regions: 42->0(42)
[234.302s][info][gc,heap        ] GC(582) Survivor regions: 1->1(6)
[234.302s][info][gc,heap        ] GC(582) Old regions: 5->5
[234.302s][info][gc,heap        ] GC(582) Archive regions: 0->0
[234.302s][info][gc,heap        ] GC(582) Humongous regions: 0->0
[234.302s][info][gc,metaspace   ] GC(582) Metaspace: 14380K(15232K)->14380K(15232K) NonClass: 12418K(12928K)->12418K(12928K) Class: 1962K(2304K)->1962K(2304K)
[234.302s][info][gc             ] GC(582) Pause Young (Normal) (G1 Evacuation Pause) 679M->7M(1168M) 4.435ms
[234.302s][info][gc,cpu         ] GC(582) User=0.02s Sys=0.00s Real=0.00s
[234.714s][info][gc,start       ] GC(583) Pause Young (Normal) (G1 Evacuation Pause)
[234.714s][info][gc,task        ] GC(583) Using 33 workers of 33 for evacuation
[234.718s][info][gc,phases      ] GC(583)   Pre Evacuate Collection Set: 0.1ms
[234.718s][info][gc,phases      ] GC(583)   Merge Heap Roots: 0.1ms
[234.718s][info][gc,phases      ] GC(583)   Evacuate Collection Set: 0.5ms
[234.719s][info][gc,phases      ] GC(583)   Post Evacuate Collection Set: 3.3ms
[234.719s][info][gc,phases      ] GC(583)   Other: 0.1ms
[234.719s][info][gc,heap        ] GC(583) Eden regions: 42->0(42)
[234.719s][info][gc,heap        ] GC(583) Survivor regions: 1->1(6)
[234.719s][info][gc,heap        ] GC(583) Old regions: 5->5
[234.719s][info][gc,heap        ] GC(583) Archive regions: 0->0
[234.719s][info][gc,heap        ] GC(583) Humongous regions: 0->0
[234.719s][info][gc,metaspace   ] GC(583) Metaspace: 14380K(15232K)->14380K(15232K) NonClass: 12418K(12928K)->12418K(12928K) Class: 1962K(2304K)->1962K(2304K)
[234.719s][info][gc             ] GC(583) Pause Young (Normal) (G1 Evacuation Pause) 679M->7M(1168M) 4.448ms
[234.719s][info][gc,cpu         ] GC(583) User=0.00s Sys=0.00s Real=0.00s
[235.134s][info][gc,start       ] GC(584) Pause Young (Normal) (G1 Evacuation Pause)
[235.135s][info][gc,task        ] GC(584) Using 33 workers of 33 for evacuation
[235.139s][info][gc,phases      ] GC(584)   Pre Evacuate Collection Set: 0.1ms
[235.139s][info][gc,phases      ] GC(584)   Merge Heap Roots: 0.1ms
[235.139s][info][gc,phases      ] GC(584)   Evacuate Collection Set: 0.6ms
[235.139s][info][gc,phases      ] GC(584)   Post Evacuate Collection Set: 3.3ms
[235.139s][info][gc,phases      ] GC(584)   Other: 0.1ms
[235.139s][info][gc,heap        ] GC(584) Eden regions: 42->0(42)
[235.139s][info][gc,heap        ] GC(584) Survivor regions: 1->1(6)
[235.139s][info][gc,heap        ] GC(584) Old regions: 5->5
[235.139s][info][gc,heap        ] GC(584) Archive regions: 0->0
[235.139s][info][gc,heap        ] GC(584) Humongous regions: 0->0
[235.139s][info][gc,metaspace   ] GC(584) Metaspace: 14380K(15232K)->14380K(15232K) NonClass: 12418K(12928K)->12418K(12928K) Class: 1962K(2304K)->1962K(2304K)
[235.139s][info][gc             ] GC(584) Pause Young (Normal) (G1 Evacuation Pause) 679M->7M(1168M) 4.435ms
[235.139s][info][gc,cpu         ] GC(584) User=0.00s Sys=0.00s Real=0.00s
[235.562s][info][gc,start       ] GC(585) Pause Young (Normal) (G1 Evacuation Pause)
[235.562s][info][gc,task        ] GC(585) Using 33 workers of 33 for evacuation
[235.567s][info][gc,phases      ] GC(585)   Pre Evacuate Collection Set: 0.1ms
[235.567s][info][gc,phases      ] GC(585)   Merge Heap Roots: 0.1ms
[235.567s][info][gc,phases      ] GC(585)   Evacuate Collection Set: 0.6ms
[235.567s][info][gc,phases      ] GC(585)   Post Evacuate Collection Set: 3.8ms
[235.567s][info][gc,phases      ] GC(585)   Other: 0.1ms
[235.567s][info][gc,heap        ] GC(585) Eden regions: 42->0(51)
[235.567s][info][gc,heap        ] GC(585) Survivor regions: 1->1(6)
[235.567s][info][gc,heap        ] GC(585) Old regions: 5->5
[235.567s][info][gc,heap        ] GC(585) Archive regions: 0->0
[235.567s][info][gc,heap        ] GC(585) Humongous regions: 0->0
[235.567s][info][gc,metaspace   ] GC(585) Metaspace: 14380K(15232K)->14380K(15232K) NonClass: 12418K(12928K)->12418K(12928K) Class: 1962K(2304K)->1962K(2304K)
[235.567s][info][gc             ] GC(585) Pause Young (Normal) (G1 Evacuation Pause) 679M->7M(1408M) 4.899ms
[235.567s][info][gc,cpu         ] GC(585) User=0.00s Sys=0.00s Real=0.00s
[236.065s][info][gc,start       ] GC(586) Pause Young (Normal) (G1 Evacuation Pause)
[236.065s][info][gc,task        ] GC(586) Using 33 workers of 33 for evacuation
[236.069s][info][gc,phases      ] GC(586)   Pre Evacuate Collection Set: 0.1ms
[236.070s][info][gc,phases      ] GC(586)   Merge Heap Roots: 0.1ms
[236.070s][info][gc,phases      ] GC(586)   Evacuate Collection Set: 0.5ms
[236.070s][info][gc,phases      ] GC(586)   Post Evacuate Collection Set: 3.2ms
[236.070s][info][gc,phases      ] GC(586)   Other: 0.1ms
[236.070s][info][gc,heap        ] GC(586) Eden regions: 51->0(51)
[236.070s][info][gc,heap        ] GC(586) Survivor regions: 1->1(7)
[236.070s][info][gc,heap        ] GC(586) Old regions: 5->5
[236.070s][info][gc,heap        ] GC(586) Archive regions: 0->0
[236.070s][info][gc,heap        ] GC(586) Humongous regions: 0->0
[236.070s][info][gc,metaspace   ] GC(586) Metaspace: 14380K(15232K)->14380K(15232K) NonClass: 12418K(12928K)->12418K(12928K) Class: 1962K(2304K)->1962K(2304K)
[236.070s][info][gc             ] GC(586) Pause Young (Normal) (G1 Evacuation Pause) 823M->7M(1408M) 4.317ms
[236.070s][info][gc,cpu         ] GC(586) User=0.00s Sys=0.00s Real=0.00s
[236.572s][info][gc,start       ] GC(587) Pause Young (Normal) (G1 Evacuation Pause)
[236.572s][info][gc,task        ] GC(587) Using 33 workers of 33 for evacuation
[236.576s][info][gc,phases      ] GC(587)   Pre Evacuate Collection Set: 0.1ms
[236.577s][info][gc,phases      ] GC(587)   Merge Heap Roots: 0.1ms
[236.577s][info][gc,phases      ] GC(587)   Evacuate Collection Set: 0.5ms
[236.577s][info][gc,phases      ] GC(587)   Post Evacuate Collection Set: 3.3ms
[236.577s][info][gc,phases      ] GC(587)   Other: 0.1ms
[236.577s][info][gc,heap        ] GC(587) Eden regions: 51->0(51)
[236.577s][info][gc,heap        ] GC(587) Survivor regions: 1->1(7)
[236.577s][info][gc,heap        ] GC(587) Old regions: 5->5
[236.577s][info][gc,heap        ] GC(587) Archive regions: 0->0
[236.577s][info][gc,heap        ] GC(587) Humongous regions: 0->0
[236.577s][info][gc,metaspace   ] GC(587) Metaspace: 14380K(15232K)->14380K(15232K) NonClass: 12418K(12928K)->12418K(12928K) Class: 1962K(2304K)->1962K(2304K)
[236.577s][info][gc             ] GC(587) Pause Young (Normal) (G1 Evacuation Pause) 823M->7M(1408M) 4.364ms
[236.577s][info][gc,cpu         ] GC(587) User=0.00s Sys=0.00s Real=0.00s
[237.079s][info][gc,start       ] GC(588) Pause Young (Normal) (G1 Evacuation Pause)
[237.079s][info][gc,task        ] GC(588) Using 33 workers of 33 for evacuation
[237.083s][info][gc,phases      ] GC(588)   Pre Evacuate Collection Set: 0.1ms
[237.083s][info][gc,phases      ] GC(588)   Merge Heap Roots: 0.1ms
[237.083s][info][gc,phases      ] GC(588)   Evacuate Collection Set: 0.5ms
[237.083s][info][gc,phases      ] GC(588)   Post Evacuate Collection Set: 3.4ms
[237.083s][info][gc,phases      ] GC(588)   Other: 0.1ms
[237.083s][info][gc,heap        ] GC(588) Eden regions: 51->0(51)
[237.083s][info][gc,heap        ] GC(588) Survivor regions: 1->1(7)
[237.083s][info][gc,heap        ] GC(588) Old regions: 5->6
[237.083s][info][gc,heap        ] GC(588) Archive regions: 0->0
[237.083s][info][gc,heap        ] GC(588) Humongous regions: 0->0
[237.083s][info][gc,metaspace   ] GC(588) Metaspace: 14380K(15232K)->14380K(15232K) NonClass: 12418K(12928K)->12418K(12928K) Class: 1962K(2304K)->1962K(2304K)
[237.083s][info][gc             ] GC(588) Pause Young (Normal) (G1 Evacuation Pause) 823M->7M(1408M) 4.553ms
[237.083s][info][gc,cpu         ] GC(588) User=0.52s Sys=0.00s Real=0.01s
[237.586s][info][gc,start       ] GC(589) Pause Young (Normal) (G1 Evacuation Pause)
[237.586s][info][gc,task        ] GC(589) Using 33 workers of 33 for evacuation
[237.590s][info][gc,phases      ] GC(589)   Pre Evacuate Collection Set: 0.1ms
[237.590s][info][gc,phases      ] GC(589)   Merge Heap Roots: 0.2ms
[237.590s][info][gc,phases      ] GC(589)   Evacuate Collection Set: 0.4ms
[237.590s][info][gc,phases      ] GC(589)   Post Evacuate Collection Set: 3.5ms
[237.590s][info][gc,phases      ] GC(589)   Other: 0.1ms
[237.590s][info][gc,heap        ] GC(589) Eden regions: 51->0(51)
[237.590s][info][gc,heap        ] GC(589) Survivor regions: 1->1(7)
[237.590s][info][gc,heap        ] GC(589) Old regions: 6->6
[237.590s][info][gc,heap        ] GC(589) Archive regions: 0->0
[237.590s][info][gc,heap        ] GC(589) Humongous regions: 0->0
[237.590s][info][gc,metaspace   ] GC(589) Metaspace: 14380K(15232K)->14380K(15232K) NonClass: 12418K(12928K)->12418K(12928K) Class: 1962K(2304K)->1962K(2304K)
[237.590s][info][gc             ] GC(589) Pause Young (Normal) (G1 Evacuation Pause) 823M->7M(1408M) 4.494ms
[237.590s][info][gc,cpu         ] GC(589) User=0.00s Sys=0.00s Real=0.00s
[238.105s][info][gc,start       ] GC(590) Pause Young (Normal) (G1 Evacuation Pause)
[238.105s][info][gc,task        ] GC(590) Using 33 workers of 33 for evacuation
[238.109s][info][gc,phases      ] GC(590)   Pre Evacuate Collection Set: 0.1ms
[238.109s][info][gc,phases      ] GC(590)   Merge Heap Roots: 0.1ms
[238.109s][info][gc,phases      ] GC(590)   Evacuate Collection Set: 0.4ms
[238.109s][info][gc,phases      ] GC(590)   Post Evacuate Collection Set: 3.4ms
[238.109s][info][gc,phases      ] GC(590)   Other: 0.1ms
[238.109s][info][gc,heap        ] GC(590) Eden regions: 51->0(51)
[238.109s][info][gc,heap        ] GC(590) Survivor regions: 1->1(7)
[238.109s][info][gc,heap        ] GC(590) Old regions: 6->6
[238.109s][info][gc,heap        ] GC(590) Archive regions: 0->0
[238.109s][info][gc,heap        ] GC(590) Humongous regions: 0->0
[238.109s][info][gc,metaspace   ] GC(590) Metaspace: 14380K(15232K)->14380K(15232K) NonClass: 12418K(12928K)->12418K(12928K) Class: 1962K(2304K)->1962K(2304K)
[238.109s][info][gc             ] GC(590) Pause Young (Normal) (G1 Evacuation Pause) 823M->7M(1408M) 4.350ms
[238.109s][info][gc,cpu         ] GC(590) User=0.00s Sys=0.00s Real=0.00s
[238.631s][info][gc,start       ] GC(591) Pause Young (Normal) (G1 Evacuation Pause)
[238.631s][info][gc,task        ] GC(591) Using 33 workers of 33 for evacuation
[238.635s][info][gc,phases      ] GC(591)   Pre Evacuate Collection Set: 0.1ms
[238.635s][info][gc,phases      ] GC(591)   Merge Heap Roots: 0.1ms
[238.635s][info][gc,phases      ] GC(591)   Evacuate Collection Set: 0.4ms
[238.635s][info][gc,phases      ] GC(591)   Post Evacuate Collection Set: 3.1ms
[238.635s][info][gc,phases      ] GC(591)   Other: 0.1ms
[238.635s][info][gc,heap        ] GC(591) Eden regions: 51->0(51)
[238.635s][info][gc,heap        ] GC(591) Survivor regions: 1->1(7)
[238.635s][info][gc,heap        ] GC(591) Old regions: 6->6
[238.635s][info][gc,heap        ] GC(591) Archive regions: 0->0
[238.635s][info][gc,heap        ] GC(591) Humongous regions: 0->0
[238.635s][info][gc,metaspace   ] GC(591) Metaspace: 14380K(15232K)->14380K(15232K) NonClass: 12418K(12928K)->12418K(12928K) Class: 1962K(2304K)->1962K(2304K)
[238.635s][info][gc             ] GC(591) Pause Young (Normal) (G1 Evacuation Pause) 823M->8M(1408M) 4.129ms
[238.635s][info][gc,cpu         ] GC(591) User=0.00s Sys=0.00s Real=0.01s
[239.136s][info][gc,start       ] GC(592) Pause Young (Normal) (G1 Evacuation Pause)
[239.136s][info][gc,task        ] GC(592) Using 33 workers of 33 for evacuation
[239.140s][info][gc,phases      ] GC(592)   Pre Evacuate Collection Set: 0.1ms
[239.140s][info][gc,phases      ] GC(592)   Merge Heap Roots: 0.1ms
[239.140s][info][gc,phases      ] GC(592)   Evacuate Collection Set: 0.4ms
[239.140s][info][gc,phases      ] GC(592)   Post Evacuate Collection Set: 3.2ms
[239.140s][info][gc,phases      ] GC(592)   Other: 0.1ms
[239.140s][info][gc,heap        ] GC(592) Eden regions: 51->0(51)
[239.140s][info][gc,heap        ] GC(592) Survivor regions: 1->1(7)
[239.140s][info][gc,heap        ] GC(592) Old regions: 6->6
[239.140s][info][gc,heap        ] GC(592) Archive regions: 0->0
[239.140s][info][gc,heap        ] GC(592) Humongous regions: 0->0
[239.140s][info][gc,metaspace   ] GC(592) Metaspace: 14380K(15232K)->14380K(15232K) NonClass: 12418K(12928K)->12418K(12928K) Class: 1962K(2304K)->1962K(2304K)
[239.140s][info][gc             ] GC(592) Pause Young (Normal) (G1 Evacuation Pause) 824M->8M(1408M) 4.188ms
[239.140s][info][gc,cpu         ] GC(592) User=0.00s Sys=0.00s Real=0.00s
[239.643s][info][gc,start       ] GC(593) Pause Young (Normal) (G1 Evacuation Pause)
[239.643s][info][gc,task        ] GC(593) Using 33 workers of 33 for evacuation
[239.647s][info][gc,phases      ] GC(593)   Pre Evacuate Collection Set: 0.1ms
[239.647s][info][gc,phases      ] GC(593)   Merge Heap Roots: 0.1ms
[239.647s][info][gc,phases      ] GC(593)   Evacuate Collection Set: 0.4ms
[239.647s][info][gc,phases      ] GC(593)   Post Evacuate Collection Set: 3.4ms
[239.647s][info][gc,phases      ] GC(593)   Other: 0.1ms
[239.647s][info][gc,heap        ] GC(593) Eden regions: 51->0(51)
[239.647s][info][gc,heap        ] GC(593) Survivor regions: 1->1(7)
[239.647s][info][gc,heap        ] GC(593) Old regions: 6->6
[239.647s][info][gc,heap        ] GC(593) Archive regions: 0->0
[239.647s][info][gc,heap        ] GC(593) Humongous regions: 0->0
[239.647s][info][gc,metaspace   ] GC(593) Metaspace: 14380K(15232K)->14380K(15232K) NonClass: 12418K(12928K)->12418K(12928K) Class: 1962K(2304K)->1962K(2304K)
[239.647s][info][gc             ] GC(593) Pause Young (Normal) (G1 Evacuation Pause) 824M->8M(1408M) 4.371ms
[239.647s][info][gc,cpu         ] GC(593) User=0.00s Sys=0.00s Real=0.00s
[240.150s][info][gc,start       ] GC(594) Pause Young (Normal) (G1 Evacuation Pause)
[240.150s][info][gc,task        ] GC(594) Using 33 workers of 33 for evacuation
[240.154s][info][gc,phases      ] GC(594)   Pre Evacuate Collection Set: 0.1ms
[240.154s][info][gc,phases      ] GC(594)   Merge Heap Roots: 0.1ms
[240.154s][info][gc,phases      ] GC(594)   Evacuate Collection Set: 0.4ms
[240.154s][info][gc,phases      ] GC(594)   Post Evacuate Collection Set: 3.5ms
[240.154s][info][gc,phases      ] GC(594)   Other: 0.1ms
[240.154s][info][gc,heap        ] GC(594) Eden regions: 51->0(51)
[240.154s][info][gc,heap        ] GC(594) Survivor regions: 1->1(7)
[240.154s][info][gc,heap        ] GC(594) Old regions: 6->6
[240.154s][info][gc,heap        ] GC(594) Archive regions: 0->0
[240.154s][info][gc,heap        ] GC(594) Humongous regions: 0->0
[240.154s][info][gc,metaspace   ] GC(594) Metaspace: 14380K(15232K)->14380K(15232K) NonClass: 12418K(12928K)->12418K(12928K) Class: 1962K(2304K)->1962K(2304K)
[240.154s][info][gc             ] GC(594) Pause Young (Normal) (G1 Evacuation Pause) 824M->8M(1408M) 4.505ms
[240.154s][info][gc,cpu         ] GC(594) User=0.00s Sys=0.00s Real=0.00s
[240.682s][info][gc,start       ] GC(595) Pause Young (Normal) (G1 Evacuation Pause)
[240.683s][info][gc,task        ] GC(595) Using 33 workers of 33 for evacuation
[240.688s][info][gc,phases      ] GC(595)   Pre Evacuate Collection Set: 0.2ms
[240.688s][info][gc,phases      ] GC(595)   Merge Heap Roots: 0.2ms
[240.688s][info][gc,phases      ] GC(595)   Evacuate Collection Set: 0.5ms
[240.688s][info][gc,phases      ] GC(595)   Post Evacuate Collection Set: 4.1ms
[240.688s][info][gc,phases      ] GC(595)   Other: 0.1ms
[240.688s][info][gc,heap        ] GC(595) Eden regions: 51->0(51)
[240.688s][info][gc,heap        ] GC(595) Survivor regions: 1->1(7)
[240.688s][info][gc,heap        ] GC(595) Old regions: 6->6
[240.688s][info][gc,heap        ] GC(595) Archive regions: 0->0
[240.688s][info][gc,heap        ] GC(595) Humongous regions: 0->0
[240.688s][info][gc,metaspace   ] GC(595) Metaspace: 14380K(15232K)->14380K(15232K) NonClass: 12418K(12928K)->12418K(12928K) Class: 1962K(2304K)->1962K(2304K)
[240.688s][info][gc             ] GC(595) Pause Young (Normal) (G1 Evacuation Pause) 824M->8M(1408M) 5.552ms
[240.688s][info][gc,cpu         ] GC(595) User=0.00s Sys=0.00s Real=0.00s
[241.167s][info][gc,start       ] GC(596) Pause Young (Normal) (G1 Evacuation Pause)
[241.167s][info][gc,task        ] GC(596) Using 33 workers of 33 for evacuation
[241.172s][info][gc,phases      ] GC(596)   Pre Evacuate Collection Set: 0.1ms
[241.172s][info][gc,phases      ] GC(596)   Merge Heap Roots: 0.2ms
[241.172s][info][gc,phases      ] GC(596)   Evacuate Collection Set: 0.4ms
[241.172s][info][gc,phases      ] GC(596)   Post Evacuate Collection Set: 3.3ms
[241.172s][info][gc,phases      ] GC(596)   Other: 0.1ms
[241.172s][info][gc,heap        ] GC(596) Eden regions: 51->0(51)
[241.172s][info][gc,heap        ] GC(596) Survivor regions: 1->1(7)
[241.172s][info][gc,heap        ] GC(596) Old regions: 6->6
[241.172s][info][gc,heap        ] GC(596) Archive regions: 0->0
[241.172s][info][gc,heap        ] GC(596) Humongous regions: 0->0
[241.172s][info][gc,metaspace   ] GC(596) Metaspace: 14380K(15232K)->14380K(15232K) NonClass: 12418K(12928K)->12418K(12928K) Class: 1962K(2304K)->1962K(2304K)
[241.172s][info][gc             ] GC(596) Pause Young (Normal) (G1 Evacuation Pause) 824M->8M(1408M) 4.348ms
[241.172s][info][gc,cpu         ] GC(596) User=0.00s Sys=0.00s Real=0.00s
[241.333s][info][gc,start       ] GC(597) Pause Full (System.gc())
[241.333s][info][gc,task        ] GC(597) Using 8 workers of 33 for full compaction
[241.333s][info][gc,phases,start] GC(597) Phase 1: Mark live objects
[241.339s][info][gc,phases      ] GC(597) Phase 1: Mark live objects 6.016ms
[241.339s][info][gc,phases,start] GC(597) Phase 2: Prepare compaction
[241.341s][info][gc,phases      ] GC(597) Phase 2: Prepare compaction 1.716ms
[241.341s][info][gc,phases,start] GC(597) Phase 3: Adjust pointers
[241.349s][info][gc,phases      ] GC(597) Phase 3: Adjust pointers 7.978ms
[241.349s][info][gc,phases,start] GC(597) Phase 4: Compact heap
[241.350s][info][gc,phases      ] GC(597) Phase 4: Compact heap 1.341ms
[241.358s][info][gc,heap        ] GC(597) Eden regions: 16->0(12)
[241.358s][info][gc,heap        ] GC(597) Survivor regions: 1->0(7)
[241.358s][info][gc,heap        ] GC(597) Old regions: 6->6
[241.358s][info][gc,heap        ] GC(597) Archive regions: 0->0
[241.358s][info][gc,heap        ] GC(597) Humongous regions: 0->0
[241.358s][info][gc,metaspace   ] GC(597) Metaspace: 14380K(15232K)->14380K(15232K) NonClass: 12418K(12928K)->12418K(12928K) Class: 1962K(2304K)->1962K(2304K)
[241.358s][info][gc             ] GC(597) Pause Full (System.gc()) 255M->5M(320M) 25.403ms
[241.358s][info][gc,cpu         ] GC(597) User=0.02s Sys=0.00s Real=0.02s
[241.489s][info][gc,start       ] GC(598) Pause Young (Normal) (G1 Evacuation Pause)
[241.489s][info][gc,task        ] GC(598) Using 33 workers of 33 for evacuation
[241.492s][info][gc,phases      ] GC(598)   Pre Evacuate Collection Set: 0.1ms
[241.492s][info][gc,phases      ] GC(598)   Merge Heap Roots: 0.1ms
[241.492s][info][gc,phases      ] GC(598)   Evacuate Collection Set: 0.4ms
[241.492s][info][gc,phases      ] GC(598)   Post Evacuate Collection Set: 2.5ms
[241.492s][info][gc,phases      ] GC(598)   Other: 0.1ms
[241.492s][info][gc,heap        ] GC(598) Eden regions: 12->0(11)
[241.492s][info][gc,heap        ] GC(598) Survivor regions: 0->1(2)
[241.492s][info][gc,heap        ] GC(598) Old regions: 6->6
[241.492s][info][gc,heap        ] GC(598) Archive regions: 0->0
[241.492s][info][gc,heap        ] GC(598) Humongous regions: 0->0
[241.492s][info][gc,metaspace   ] GC(598) Metaspace: 14380K(15232K)->14380K(15232K) NonClass: 12418K(12928K)->12418K(12928K) Class: 1962K(2304K)->1962K(2304K)
[241.492s][info][gc             ] GC(598) Pause Young (Normal) (G1 Evacuation Pause) 197M->6M(320M) 3.528ms
[241.492s][info][gc,cpu         ] GC(598) User=0.00s Sys=0.00s Real=0.00s
[241.616s][info][gc,start       ] GC(599) Pause Young (Normal) (G1 Evacuation Pause)
[241.616s][info][gc,task        ] GC(599) Using 33 workers of 33 for evacuation
[241.620s][info][gc,phases      ] GC(599)   Pre Evacuate Collection Set: 0.1ms
[241.620s][info][gc,phases      ] GC(599)   Merge Heap Roots: 0.1ms
[241.620s][info][gc,phases      ] GC(599)   Evacuate Collection Set: 0.5ms
[241.620s][info][gc,phases      ] GC(599)   Post Evacuate Collection Set: 2.5ms
[241.620s][info][gc,phases      ] GC(599)   Other: 0.1ms
[241.620s][info][gc,heap        ] GC(599) Eden regions: 11->0(11)
[241.620s][info][gc,heap        ] GC(599) Survivor regions: 1->1(2)
[241.620s][info][gc,heap        ] GC(599) Old regions: 6->6
[241.620s][info][gc,heap        ] GC(599) Archive regions: 0->0
[241.620s][info][gc,heap        ] GC(599) Humongous regions: 0->0
[241.620s][info][gc,metaspace   ] GC(599) Metaspace: 14380K(15232K)->14380K(15232K) NonClass: 12418K(12928K)->12418K(12928K) Class: 1962K(2304K)->1962K(2304K)
[241.620s][info][gc             ] GC(599) Pause Young (Normal) (G1 Evacuation Pause) 182M->6M(320M) 3.623ms
[241.620s][info][gc,cpu         ] GC(599) User=0.00s Sys=0.00s Real=0.00s
[241.732s][info][gc,start       ] GC(600) Pause Young (Normal) (G1 Evacuation Pause)
[241.732s][info][gc,task        ] GC(600) Using 33 workers of 33 for evacuation
[241.735s][info][gc,phases      ] GC(600)   Pre Evacuate Collection Set: 0.1ms
[241.735s][info][gc,phases      ] GC(600)   Merge Heap Roots: 0.1ms
[241.735s][info][gc,phases      ] GC(600)   Evacuate Collection Set: 0.5ms
[241.735s][info][gc,phases      ] GC(600)   Post Evacuate Collection Set: 2.5ms
[241.735s][info][gc,phases      ] GC(600)   Other: 0.1ms
[241.735s][info][gc,heap        ] GC(600) Eden regions: 11->0(11)
[241.735s][info][gc,heap        ] GC(600) Survivor regions: 1->1(2)
[241.736s][info][gc,heap        ] GC(600) Old regions: 6->6
[241.736s][info][gc,heap        ] GC(600) Archive regions: 0->0
[241.736s][info][gc,heap        ] GC(600) Humongous regions: 0->0
[241.736s][info][gc,metaspace   ] GC(600) Metaspace: 14380K(15232K)->14380K(15232K) NonClass: 12418K(12928K)->12418K(12928K) Class: 1962K(2304K)->1962K(2304K)
[241.736s][info][gc             ] GC(600) Pause Young (Normal) (G1 Evacuation Pause) 182M->6M(320M) 3.438ms
[241.736s][info][gc,cpu         ] GC(600) User=0.00s Sys=0.00s Real=0.00s
[241.842s][info][gc,start       ] GC(601) Pause Young (Normal) (G1 Evacuation Pause)
[241.842s][info][gc,task        ] GC(601) Using 33 workers of 33 for evacuation
[241.848s][info][gc,phases      ] GC(601)   Pre Evacuate Collection Set: 0.1ms
[241.848s][info][gc,phases      ] GC(601)   Merge Heap Roots: 0.1ms
[241.848s][info][gc,phases      ] GC(601)   Evacuate Collection Set: 0.4ms
[241.848s][info][gc,phases      ] GC(601)   Post Evacuate Collection Set: 4.9ms
[241.848s][info][gc,phases      ] GC(601)   Other: 0.1ms
[241.848s][info][gc,heap        ] GC(601) Eden regions: 11->0(43)
[241.848s][info][gc,heap        ] GC(601) Survivor regions: 1->1(2)
[241.848s][info][gc,heap        ] GC(601) Old regions: 6->6
[241.848s][info][gc,heap        ] GC(601) Archive regions: 0->0
[241.848s][info][gc,heap        ] GC(601) Humongous regions: 0->0
[241.848s][info][gc,metaspace   ] GC(601) Metaspace: 14380K(15232K)->14380K(15232K) NonClass: 12418K(12928K)->12418K(12928K) Class: 1962K(2304K)->1962K(2304K)
[241.848s][info][gc             ] GC(601) Pause Young (Normal) (G1 Evacuation Pause) 182M->6M(1184M) 5.863ms
[241.848s][info][gc,cpu         ] GC(601) User=0.02s Sys=0.02s Real=0.01s
[242.241s][info][gc,start       ] GC(602) Pause Young (Normal) (G1 Evacuation Pause)
[242.241s][info][gc,task        ] GC(602) Using 33 workers of 33 for evacuation
[242.246s][info][gc,phases      ] GC(602)   Pre Evacuate Collection Set: 0.1ms
[242.246s][info][gc,phases      ] GC(602)   Merge Heap Roots: 0.1ms
[242.246s][info][gc,phases      ] GC(602)   Evacuate Collection Set: 1.9ms
[242.246s][info][gc,phases      ] GC(602)   Post Evacuate Collection Set: 3.3ms
[242.246s][info][gc,phases      ] GC(602)   Other: 0.1ms
[242.246s][info][gc,heap        ] GC(602) Eden regions: 43->0(43)
[242.246s][info][gc,heap        ] GC(602) Survivor regions: 1->1(6)
[242.246s][info][gc,heap        ] GC(602) Old regions: 6->6
[242.246s][info][gc,heap        ] GC(602) Archive regions: 0->0
[242.246s][info][gc,heap        ] GC(602) Humongous regions: 0->0
[242.246s][info][gc,metaspace   ] GC(602) Metaspace: 14380K(15232K)->14380K(15232K) NonClass: 12418K(12928K)->12418K(12928K) Class: 1962K(2304K)->1962K(2304K)
[242.247s][info][gc             ] GC(602) Pause Young (Normal) (G1 Evacuation Pause) 694M->6M(1184M) 5.769ms
[242.247s][info][gc,cpu         ] GC(602) User=0.00s Sys=0.00s Real=0.00s
[242.680s][info][gc,start       ] GC(603) Pause Young (Normal) (G1 Evacuation Pause)
[242.681s][info][gc,task        ] GC(603) Using 33 workers of 33 for evacuation
[242.686s][info][gc,phases      ] GC(603)   Pre Evacuate Collection Set: 0.1ms
[242.686s][info][gc,phases      ] GC(603)   Merge Heap Roots: 0.1ms
[242.686s][info][gc,phases      ] GC(603)   Evacuate Collection Set: 2.0ms
[242.686s][info][gc,phases      ] GC(603)   Post Evacuate Collection Set: 3.3ms
[242.686s][info][gc,phases      ] GC(603)   Other: 0.1ms
[242.686s][info][gc,heap        ] GC(603) Eden regions: 43->0(43)
[242.686s][info][gc,heap        ] GC(603) Survivor regions: 1->1(6)
[242.686s][info][gc,heap        ] GC(603) Old regions: 6->6
[242.686s][info][gc,heap        ] GC(603) Archive regions: 0->0
[242.686s][info][gc,heap        ] GC(603) Humongous regions: 0->0
[242.686s][info][gc,metaspace   ] GC(603) Metaspace: 14380K(15232K)->14380K(15232K) NonClass: 12418K(12928K)->12418K(12928K) Class: 1962K(2304K)->1962K(2304K)
[242.686s][info][gc             ] GC(603) Pause Young (Normal) (G1 Evacuation Pause) 694M->6M(1184M) 5.785ms
[242.686s][info][gc,cpu         ] GC(603) User=0.00s Sys=0.00s Real=0.01s
[243.103s][info][gc,start       ] GC(604) Pause Young (Normal) (G1 Evacuation Pause)
[243.103s][info][gc,task        ] GC(604) Using 33 workers of 33 for evacuation
[243.107s][info][gc,phases      ] GC(604)   Pre Evacuate Collection Set: 0.1ms
[243.107s][info][gc,phases      ] GC(604)   Merge Heap Roots: 0.1ms
[243.107s][info][gc,phases      ] GC(604)   Evacuate Collection Set: 0.5ms
[243.107s][info][gc,phases      ] GC(604)   Post Evacuate Collection Set: 3.3ms
[243.107s][info][gc,phases      ] GC(604)   Other: 0.1ms
[243.107s][info][gc,heap        ] GC(604) Eden regions: 43->0(43)
[243.107s][info][gc,heap        ] GC(604) Survivor regions: 1->1(6)
[243.107s][info][gc,heap        ] GC(604) Old regions: 6->6
[243.107s][info][gc,heap        ] GC(604) Archive regions: 0->0
[243.108s][info][gc,heap        ] GC(604) Humongous regions: 0->0
[243.108s][info][gc,metaspace   ] GC(604) Metaspace: 14380K(15232K)->14380K(15232K) NonClass: 12418K(12928K)->12418K(12928K) Class: 1962K(2304K)->1962K(2304K)
[243.108s][info][gc             ] GC(604) Pause Young (Normal) (G1 Evacuation Pause) 694M->6M(1184M) 4.423ms
[243.108s][info][gc,cpu         ] GC(604) User=0.00s Sys=0.00s Real=0.00s
[243.563s][info][gc,start       ] GC(605) Pause Young (Normal) (G1 Evacuation Pause)
[243.564s][info][gc,task        ] GC(605) Using 33 workers of 33 for evacuation
[243.569s][info][gc,phases      ] GC(605)   Pre Evacuate Collection Set: 0.2ms
[243.570s][info][gc,phases      ] GC(605)   Merge Heap Roots: 0.2ms
[243.570s][info][gc,phases      ] GC(605)   Evacuate Collection Set: 1.1ms
[243.570s][info][gc,phases      ] GC(605)   Post Evacuate Collection Set: 4.3ms
[243.570s][info][gc,phases      ] GC(605)   Other: 0.1ms
[243.570s][info][gc,heap        ] GC(605) Eden regions: 43->0(43)
[243.570s][info][gc,heap        ] GC(605) Survivor regions: 1->1(6)
[243.570s][info][gc,heap        ] GC(605) Old regions: 6->6
[243.570s][info][gc,heap        ] GC(605) Archive regions: 0->0
[243.570s][info][gc,heap        ] GC(605) Humongous regions: 0->0
[243.570s][info][gc,metaspace   ] GC(605) Metaspace: 14380K(15232K)->14380K(15232K) NonClass: 12418K(12928K)->12418K(12928K) Class: 1962K(2304K)->1962K(2304K)
[243.570s][info][gc             ] GC(605) Pause Young (Normal) (G1 Evacuation Pause) 694M->7M(1184M) 6.473ms
[243.570s][info][gc,cpu         ] GC(605) User=0.00s Sys=0.00s Real=0.01s
[244.009s][info][gc,start       ] GC(606) Pause Young (Normal) (G1 Evacuation Pause)
[244.009s][info][gc,task        ] GC(606) Using 33 workers of 33 for evacuation
[244.014s][info][gc,phases      ] GC(606)   Pre Evacuate Collection Set: 0.1ms
[244.014s][info][gc,phases      ] GC(606)   Merge Heap Roots: 0.1ms
[244.014s][info][gc,phases      ] GC(606)   Evacuate Collection Set: 0.5ms
[244.014s][info][gc,phases      ] GC(606)   Post Evacuate Collection Set: 3.7ms
[244.014s][info][gc,phases      ] GC(606)   Other: 0.1ms
[244.014s][info][gc,heap        ] GC(606) Eden regions: 43->0(52)
[244.014s][info][gc,heap        ] GC(606) Survivor regions: 1->1(6)
[244.014s][info][gc,heap        ] GC(606) Old regions: 6->6
[244.014s][info][gc,heap        ] GC(606) Archive regions: 0->0
[244.014s][info][gc,heap        ] GC(606) Humongous regions: 0->0
[244.014s][info][gc,metaspace   ] GC(606) Metaspace: 14380K(15232K)->14380K(15232K) NonClass: 12418K(12928K)->12418K(12928K) Class: 1962K(2304K)->1962K(2304K)
[244.014s][info][gc             ] GC(606) Pause Young (Normal) (G1 Evacuation Pause) 695M->7M(1424M) 4.725ms
[244.014s][info][gc,cpu         ] GC(606) User=0.00s Sys=0.00s Real=0.00s
[244.523s][info][gc,start       ] GC(607) Pause Young (Normal) (G1 Evacuation Pause)
[244.523s][info][gc,task        ] GC(607) Using 33 workers of 33 for evacuation
[244.527s][info][gc,phases      ] GC(607)   Pre Evacuate Collection Set: 0.1ms
[244.527s][info][gc,phases      ] GC(607)   Merge Heap Roots: 0.1ms
[244.527s][info][gc,phases      ] GC(607)   Evacuate Collection Set: 0.5ms
[244.527s][info][gc,phases      ] GC(607)   Post Evacuate Collection Set: 3.3ms
[244.527s][info][gc,phases      ] GC(607)   Other: 0.1ms
[244.527s][info][gc,heap        ] GC(607) Eden regions: 52->0(52)
[244.527s][info][gc,heap        ] GC(607) Survivor regions: 1->1(7)
[244.527s][info][gc,heap        ] GC(607) Old regions: 6->6
[244.527s][info][gc,heap        ] GC(607) Archive regions: 0->0
[244.527s][info][gc,heap        ] GC(607) Humongous regions: 0->0
[244.527s][info][gc,metaspace   ] GC(607) Metaspace: 14380K(15232K)->14380K(15232K) NonClass: 12418K(12928K)->12418K(12928K) Class: 1962K(2304K)->1962K(2304K)
[244.527s][info][gc             ] GC(607) Pause Young (Normal) (G1 Evacuation Pause) 839M->7M(1424M) 4.354ms
[244.527s][info][gc,cpu         ] GC(607) User=0.00s Sys=0.00s Real=0.00s
[245.040s][info][gc,start       ] GC(608) Pause Young (Normal) (G1 Evacuation Pause)
[245.040s][info][gc,task        ] GC(608) Using 33 workers of 33 for evacuation
[245.044s][info][gc,phases      ] GC(608)   Pre Evacuate Collection Set: 0.1ms
[245.044s][info][gc,phases      ] GC(608)   Merge Heap Roots: 0.1ms
[245.044s][info][gc,phases      ] GC(608)   Evacuate Collection Set: 0.5ms
[245.044s][info][gc,phases      ] GC(608)   Post Evacuate Collection Set: 3.3ms
[245.044s][info][gc,phases      ] GC(608)   Other: 0.1ms
[245.044s][info][gc,heap        ] GC(608) Eden regions: 52->0(52)
[245.044s][info][gc,heap        ] GC(608) Survivor regions: 1->1(7)
[245.044s][info][gc,heap        ] GC(608) Old regions: 6->6
[245.044s][info][gc,heap        ] GC(608) Archive regions: 0->0
[245.044s][info][gc,heap        ] GC(608) Humongous regions: 0->0
[245.044s][info][gc,metaspace   ] GC(608) Metaspace: 14380K(15232K)->14380K(15232K) NonClass: 12418K(12928K)->12418K(12928K) Class: 1962K(2304K)->1962K(2304K)
[245.044s][info][gc             ] GC(608) Pause Young (Normal) (G1 Evacuation Pause) 839M->7M(1424M) 4.357ms
[245.044s][info][gc,cpu         ] GC(608) User=0.00s Sys=0.00s Real=0.01s
[245.552s][info][gc,start       ] GC(609) Pause Young (Normal) (G1 Evacuation Pause)
[245.552s][info][gc,task        ] GC(609) Using 33 workers of 33 for evacuation
[245.556s][info][gc,phases      ] GC(609)   Pre Evacuate Collection Set: 0.1ms
[245.556s][info][gc,phases      ] GC(609)   Merge Heap Roots: 0.1ms
[245.556s][info][gc,phases      ] GC(609)   Evacuate Collection Set: 0.5ms
[245.556s][info][gc,phases      ] GC(609)   Post Evacuate Collection Set: 3.4ms
[245.556s][info][gc,phases      ] GC(609)   Other: 0.1ms
[245.556s][info][gc,heap        ] GC(609) Eden regions: 52->0(52)
[245.556s][info][gc,heap        ] GC(609) Survivor regions: 1->1(7)
[245.556s][info][gc,heap        ] GC(609) Old regions: 6->6
[245.556s][info][gc,heap        ] GC(609) Archive regions: 0->0
[245.556s][info][gc,heap        ] GC(609) Humongous regions: 0->0
[245.556s][info][gc,metaspace   ] GC(609) Metaspace: 14380K(15232K)->14380K(15232K) NonClass: 12418K(12928K)->12418K(12928K) Class: 1962K(2304K)->1962K(2304K)
[245.556s][info][gc             ] GC(609) Pause Young (Normal) (G1 Evacuation Pause) 839M->7M(1424M) 4.427ms
[245.556s][info][gc,cpu         ] GC(609) User=0.00s Sys=0.00s Real=0.00s
[246.066s][info][gc,start       ] GC(610) Pause Young (Normal) (G1 Evacuation Pause)
[246.066s][info][gc,task        ] GC(610) Using 33 workers of 33 for evacuation
[246.070s][info][gc,phases      ] GC(610)   Pre Evacuate Collection Set: 0.1ms
[246.070s][info][gc,phases      ] GC(610)   Merge Heap Roots: 0.1ms
[246.070s][info][gc,phases      ] GC(610)   Evacuate Collection Set: 0.5ms
[246.070s][info][gc,phases      ] GC(610)   Post Evacuate Collection Set: 3.4ms
[246.070s][info][gc,phases      ] GC(610)   Other: 0.1ms
[246.070s][info][gc,heap        ] GC(610) Eden regions: 52->0(52)
[246.070s][info][gc,heap        ] GC(610) Survivor regions: 1->1(7)
[246.070s][info][gc,heap        ] GC(610) Old regions: 6->6
[246.070s][info][gc,heap        ] GC(610) Archive regions: 0->0
[246.070s][info][gc,heap        ] GC(610) Humongous regions: 0->0
[246.070s][info][gc,metaspace   ] GC(610) Metaspace: 14380K(15232K)->14380K(15232K) NonClass: 12418K(12928K)->12418K(12928K) Class: 1962K(2304K)->1962K(2304K)
[246.070s][info][gc             ] GC(610) Pause Young (Normal) (G1 Evacuation Pause) 839M->7M(1424M) 4.482ms
[246.070s][info][gc,cpu         ] GC(610) User=0.00s Sys=0.00s Real=0.00s
[246.584s][info][gc,start       ] GC(611) Pause Young (Normal) (G1 Evacuation Pause)
[246.584s][info][gc,task        ] GC(611) Using 33 workers of 33 for evacuation
[246.589s][info][gc,phases      ] GC(611)   Pre Evacuate Collection Set: 0.1ms
[246.589s][info][gc,phases      ] GC(611)   Merge Heap Roots: 0.1ms
[246.589s][info][gc,phases      ] GC(611)   Evacuate Collection Set: 0.5ms
[246.589s][info][gc,phases      ] GC(611)   Post Evacuate Collection Set: 3.4ms
[246.589s][info][gc,phases      ] GC(611)   Other: 0.1ms
[246.589s][info][gc,heap        ] GC(611) Eden regions: 52->0(52)
[246.589s][info][gc,heap        ] GC(611) Survivor regions: 1->1(7)
[246.589s][info][gc,heap        ] GC(611) Old regions: 6->6
[246.589s][info][gc,heap        ] GC(611) Archive regions: 0->0
[246.589s][info][gc,heap        ] GC(611) Humongous regions: 0->0
[246.589s][info][gc,metaspace   ] GC(611) Metaspace: 14380K(15232K)->14380K(15232K) NonClass: 12418K(12928K)->12418K(12928K) Class: 1962K(2304K)->1962K(2304K)
[246.589s][info][gc             ] GC(611) Pause Young (Normal) (G1 Evacuation Pause) 839M->7M(1424M) 4.438ms
[246.589s][info][gc,cpu         ] GC(611) User=0.00s Sys=0.00s Real=0.00s
[247.129s][info][gc,start       ] GC(612) Pause Young (Normal) (G1 Evacuation Pause)
[247.130s][info][gc,task        ] GC(612) Using 33 workers of 33 for evacuation
[247.134s][info][gc,phases      ] GC(612)   Pre Evacuate Collection Set: 0.1ms
[247.134s][info][gc,phases      ] GC(612)   Merge Heap Roots: 0.1ms
[247.134s][info][gc,phases      ] GC(612)   Evacuate Collection Set: 0.5ms
[247.134s][info][gc,phases      ] GC(612)   Post Evacuate Collection Set: 3.2ms
[247.134s][info][gc,phases      ] GC(612)   Other: 0.1ms
[247.134s][info][gc,heap        ] GC(612) Eden regions: 52->0(52)
[247.134s][info][gc,heap        ] GC(612) Survivor regions: 1->1(7)
[247.134s][info][gc,heap        ] GC(612) Old regions: 6->6
[247.134s][info][gc,heap        ] GC(612) Archive regions: 0->0
[247.134s][info][gc,heap        ] GC(612) Humongous regions: 0->0
[247.134s][info][gc,metaspace   ] GC(612) Metaspace: 14380K(15232K)->14380K(15232K) NonClass: 12418K(12928K)->12418K(12928K) Class: 1962K(2304K)->1962K(2304K)
[247.134s][info][gc             ] GC(612) Pause Young (Normal) (G1 Evacuation Pause) 839M->7M(1424M) 4.199ms
[247.134s][info][gc,cpu         ] GC(612) User=0.00s Sys=0.00s Real=0.00s
[247.640s][info][gc,start       ] GC(613) Pause Young (Normal) (G1 Evacuation Pause)
[247.640s][info][gc,task        ] GC(613) Using 33 workers of 33 for evacuation
[247.644s][info][gc,phases      ] GC(613)   Pre Evacuate Collection Set: 0.1ms
[247.644s][info][gc,phases      ] GC(613)   Merge Heap Roots: 0.1ms
[247.644s][info][gc,phases      ] GC(613)   Evacuate Collection Set: 0.6ms
[247.644s][info][gc,phases      ] GC(613)   Post Evacuate Collection Set: 3.2ms
[247.644s][info][gc,phases      ] GC(613)   Other: 0.1ms
[247.644s][info][gc,heap        ] GC(613) Eden regions: 52->0(52)
[247.644s][info][gc,heap        ] GC(613) Survivor regions: 1->1(7)
[247.644s][info][gc,heap        ] GC(613) Old regions: 6->7
[247.644s][info][gc,heap        ] GC(613) Archive regions: 0->0
[247.644s][info][gc,heap        ] GC(613) Humongous regions: 0->0
[247.644s][info][gc,metaspace   ] GC(613) Metaspace: 14380K(15232K)->14380K(15232K) NonClass: 12418K(12928K)->12418K(12928K) Class: 1962K(2304K)->1962K(2304K)
[247.644s][info][gc             ] GC(613) Pause Young (Normal) (G1 Evacuation Pause) 839M->7M(1424M) 4.340ms
[247.644s][info][gc,cpu         ] GC(613) User=0.52s Sys=0.00s Real=0.00s
[248.161s][info][gc,start       ] GC(614) Pause Young (Normal) (G1 Evacuation Pause)
[248.161s][info][gc,task        ] GC(614) Using 33 workers of 33 for evacuation
[248.166s][info][gc,phases      ] GC(614)   Pre Evacuate Collection Set: 0.1ms
[248.166s][info][gc,phases      ] GC(614)   Merge Heap Roots: 0.2ms
[248.166s][info][gc,phases      ] GC(614)   Evacuate Collection Set: 0.4ms
[248.166s][info][gc,phases      ] GC(614)   Post Evacuate Collection Set: 3.4ms
[248.166s][info][gc,phases      ] GC(614)   Other: 0.1ms
[248.166s][info][gc,heap        ] GC(614) Eden regions: 52->0(52)
[248.166s][info][gc,heap        ] GC(614) Survivor regions: 1->1(7)
[248.166s][info][gc,heap        ] GC(614) Old regions: 7->7
[248.166s][info][gc,heap        ] GC(614) Archive regions: 0->0
[248.166s][info][gc,heap        ] GC(614) Humongous regions: 0->0
[248.166s][info][gc,metaspace   ] GC(614) Metaspace: 14380K(15232K)->14380K(15232K) NonClass: 12418K(12928K)->12418K(12928K) Class: 1962K(2304K)->1962K(2304K)
[248.166s][info][gc             ] GC(614) Pause Young (Normal) (G1 Evacuation Pause) 839M->7M(1424M) 4.413ms
[248.166s][info][gc,cpu         ] GC(614) User=0.00s Sys=0.00s Real=0.00s
[248.687s][info][gc,start       ] GC(615) Pause Young (Normal) (G1 Evacuation Pause)
[248.687s][info][gc,task        ] GC(615) Using 33 workers of 33 for evacuation
[248.691s][info][gc,phases      ] GC(615)   Pre Evacuate Collection Set: 0.1ms
[248.691s][info][gc,phases      ] GC(615)   Merge Heap Roots: 0.1ms
[248.691s][info][gc,phases      ] GC(615)   Evacuate Collection Set: 0.4ms
[248.691s][info][gc,phases      ] GC(615)   Post Evacuate Collection Set: 3.5ms
[248.691s][info][gc,phases      ] GC(615)   Other: 0.1ms
[248.691s][info][gc,heap        ] GC(615) Eden regions: 52->0(52)
[248.692s][info][gc,heap        ] GC(615) Survivor regions: 1->1(7)
[248.692s][info][gc,heap        ] GC(615) Old regions: 7->7
[248.692s][info][gc,heap        ] GC(615) Archive regions: 0->0
[248.692s][info][gc,heap        ] GC(615) Humongous regions: 0->0
[248.692s][info][gc,metaspace   ] GC(615) Metaspace: 14380K(15232K)->14380K(15232K) NonClass: 12418K(12928K)->12418K(12928K) Class: 1962K(2304K)->1962K(2304K)
[248.692s][info][gc             ] GC(615) Pause Young (Normal) (G1 Evacuation Pause) 839M->7M(1424M) 4.505ms
[248.692s][info][gc,cpu         ] GC(615) User=0.00s Sys=0.00s Real=0.00s
[249.245s][info][gc,start       ] GC(616) Pause Young (Normal) (G1 Evacuation Pause)
[249.245s][info][gc,task        ] GC(616) Using 33 workers of 33 for evacuation
[249.250s][info][gc,phases      ] GC(616)   Pre Evacuate Collection Set: 0.2ms
[249.250s][info][gc,phases      ] GC(616)   Merge Heap Roots: 0.2ms
[249.250s][info][gc,phases      ] GC(616)   Evacuate Collection Set: 0.7ms
[249.250s][info][gc,phases      ] GC(616)   Post Evacuate Collection Set: 4.4ms
[249.250s][info][gc,phases      ] GC(616)   Other: 0.1ms
[249.251s][info][gc,heap        ] GC(616) Eden regions: 52->0(52)
[249.251s][info][gc,heap        ] GC(616) Survivor regions: 1->1(7)
[249.251s][info][gc,heap        ] GC(616) Old regions: 7->7
[249.251s][info][gc,heap        ] GC(616) Archive regions: 0->0
[249.251s][info][gc,heap        ] GC(616) Humongous regions: 0->0
[249.251s][info][gc,metaspace   ] GC(616) Metaspace: 14380K(15232K)->14380K(15232K) NonClass: 12418K(12928K)->12418K(12928K) Class: 1962K(2304K)->1962K(2304K)
[249.251s][info][gc             ] GC(616) Pause Young (Normal) (G1 Evacuation Pause) 839M->7M(1424M) 6.009ms
[249.251s][info][gc,cpu         ] GC(616) User=0.00s Sys=0.00s Real=0.00s
[249.789s][info][gc,start       ] GC(617) Pause Young (Normal) (G1 Evacuation Pause)
[249.789s][info][gc,task        ] GC(617) Using 33 workers of 33 for evacuation
[249.793s][info][gc,phases      ] GC(617)   Pre Evacuate Collection Set: 0.1ms
[249.793s][info][gc,phases      ] GC(617)   Merge Heap Roots: 0.1ms
[249.793s][info][gc,phases      ] GC(617)   Evacuate Collection Set: 0.4ms
[249.793s][info][gc,phases      ] GC(617)   Post Evacuate Collection Set: 3.2ms
[249.793s][info][gc,phases      ] GC(617)   Other: 0.1ms
[249.793s][info][gc,heap        ] GC(617) Eden regions: 52->0(52)
[249.793s][info][gc,heap        ] GC(617) Survivor regions: 1->1(7)
[249.794s][info][gc,heap        ] GC(617) Old regions: 7->7
[249.794s][info][gc,heap        ] GC(617) Archive regions: 0->0
[249.794s][info][gc,heap        ] GC(617) Humongous regions: 0->0
[249.794s][info][gc,metaspace   ] GC(617) Metaspace: 14380K(15232K)->14380K(15232K) NonClass: 12418K(12928K)->12418K(12928K) Class: 1962K(2304K)->1962K(2304K)
[249.794s][info][gc             ] GC(617) Pause Young (Normal) (G1 Evacuation Pause) 839M->8M(1424M) 4.203ms
[249.794s][info][gc,cpu         ] GC(617) User=0.00s Sys=0.00s Real=0.00s
[250.321s][info][gc,start       ] GC(618) Pause Young (Normal) (G1 Evacuation Pause)
[250.321s][info][gc,task        ] GC(618) Using 33 workers of 33 for evacuation
[250.325s][info][gc,phases      ] GC(618)   Pre Evacuate Collection Set: 0.1ms
[250.325s][info][gc,phases      ] GC(618)   Merge Heap Roots: 0.2ms
[250.325s][info][gc,phases      ] GC(618)   Evacuate Collection Set: 0.4ms
[250.325s][info][gc,phases      ] GC(618)   Post Evacuate Collection Set: 3.2ms
[250.325s][info][gc,phases      ] GC(618)   Other: 0.1ms
[250.325s][info][gc,heap        ] GC(618) Eden regions: 52->0(52)
[250.325s][info][gc,heap        ] GC(618) Survivor regions: 1->1(7)
[250.325s][info][gc,heap        ] GC(618) Old regions: 7->7
[250.325s][info][gc,heap        ] GC(618) Archive regions: 0->0
[250.325s][info][gc,heap        ] GC(618) Humongous regions: 0->0
[250.325s][info][gc,metaspace   ] GC(618) Metaspace: 14380K(15232K)->14380K(15232K) NonClass: 12418K(12928K)->12418K(12928K) Class: 1962K(2304K)->1962K(2304K)
[250.325s][info][gc             ] GC(618) Pause Young (Normal) (G1 Evacuation Pause) 840M->8M(1424M) 4.160ms
[250.325s][info][gc,cpu         ] GC(618) User=0.00s Sys=0.00s Real=0.00s
[250.842s][info][gc,start       ] GC(619) Pause Young (Normal) (G1 Evacuation Pause)
[250.842s][info][gc,task        ] GC(619) Using 33 workers of 33 for evacuation
[250.846s][info][gc,phases      ] GC(619)   Pre Evacuate Collection Set: 0.1ms
[250.846s][info][gc,phases      ] GC(619)   Merge Heap Roots: 0.1ms
[250.846s][info][gc,phases      ] GC(619)   Evacuate Collection Set: 0.4ms
[250.846s][info][gc,phases      ] GC(619)   Post Evacuate Collection Set: 3.3ms
[250.846s][info][gc,phases      ] GC(619)   Other: 0.1ms
[250.846s][info][gc,heap        ] GC(619) Eden regions: 52->0(52)
[250.846s][info][gc,heap        ] GC(619) Survivor regions: 1->1(7)
[250.846s][info][gc,heap        ] GC(619) Old regions: 7->7
[250.846s][info][gc,heap        ] GC(619) Archive regions: 0->0
[250.846s][info][gc,heap        ] GC(619) Humongous regions: 0->0
[250.846s][info][gc,metaspace   ] GC(619) Metaspace: 14380K(15232K)->14380K(15232K) NonClass: 12418K(12928K)->12418K(12928K) Class: 1962K(2304K)->1962K(2304K)
[250.846s][info][gc             ] GC(619) Pause Young (Normal) (G1 Evacuation Pause) 840M->8M(1424M) 4.342ms
[250.847s][info][gc,cpu         ] GC(619) User=0.52s Sys=0.00s Real=0.00s
[251.365s][info][gc,start       ] GC(620) Pause Young (Normal) (G1 Evacuation Pause)
[251.366s][info][gc,task        ] GC(620) Using 33 workers of 33 for evacuation
[251.370s][info][gc,phases      ] GC(620)   Pre Evacuate Collection Set: 0.1ms
[251.370s][info][gc,phases      ] GC(620)   Merge Heap Roots: 0.1ms
[251.370s][info][gc,phases      ] GC(620)   Evacuate Collection Set: 0.4ms
[251.370s][info][gc,phases      ] GC(620)   Post Evacuate Collection Set: 3.5ms
[251.370s][info][gc,phases      ] GC(620)   Other: 0.1ms
[251.370s][info][gc,heap        ] GC(620) Eden regions: 52->0(52)
[251.370s][info][gc,heap        ] GC(620) Survivor regions: 1->1(7)
[251.370s][info][gc,heap        ] GC(620) Old regions: 7->7
[251.370s][info][gc,heap        ] GC(620) Archive regions: 0->0
[251.370s][info][gc,heap        ] GC(620) Humongous regions: 0->0
[251.370s][info][gc,metaspace   ] GC(620) Metaspace: 14380K(15232K)->14380K(15232K) NonClass: 12418K(12928K)->12418K(12928K) Class: 1962K(2304K)->1962K(2304K)
[251.370s][info][gc             ] GC(620) Pause Young (Normal) (G1 Evacuation Pause) 840M->8M(1424M) 4.451ms
[251.370s][info][gc,cpu         ] GC(620) User=0.00s Sys=0.00s Real=0.00s
[251.822s][info][gc,start       ] GC(621) Pause Young (Normal) (G1 Evacuation Pause)
[251.822s][info][gc,task        ] GC(621) Using 33 workers of 33 for evacuation
[251.826s][info][gc,phases      ] GC(621)   Pre Evacuate Collection Set: 0.1ms
[251.826s][info][gc,phases      ] GC(621)   Merge Heap Roots: 0.2ms
[251.826s][info][gc,phases      ] GC(621)   Evacuate Collection Set: 0.5ms
[251.826s][info][gc,phases      ] GC(621)   Post Evacuate Collection Set: 3.7ms
[251.826s][info][gc,phases      ] GC(621)   Other: 0.1ms
[251.826s][info][gc,heap        ] GC(621) Eden regions: 52->0(52)
[251.826s][info][gc,heap        ] GC(621) Survivor regions: 1->1(7)
[251.826s][info][gc,heap        ] GC(621) Old regions: 7->7
[251.826s][info][gc,heap        ] GC(621) Archive regions: 0->0
[251.826s][info][gc,heap        ] GC(621) Humongous regions: 0->0
[251.826s][info][gc,metaspace   ] GC(621) Metaspace: 14380K(15232K)->14380K(15232K) NonClass: 12418K(12928K)->12418K(12928K) Class: 1962K(2304K)->1962K(2304K)
[251.826s][info][gc             ] GC(621) Pause Young (Normal) (G1 Evacuation Pause) 840M->8M(1424M) 4.779ms
[251.826s][info][gc,cpu         ] GC(621) User=0.00s Sys=0.00s Real=0.00s
[252.038s][info][gc,start       ] GC(622) Pause Full (System.gc())
[252.038s][info][gc,task        ] GC(622) Using 8 workers of 33 for full compaction
[252.038s][info][gc,phases,start] GC(622) Phase 1: Mark live objects
[252.048s][info][gc,phases      ] GC(622) Phase 1: Mark live objects 10.375ms
[252.049s][info][gc,phases,start] GC(622) Phase 2: Prepare compaction
[252.050s][info][gc,phases      ] GC(622) Phase 2: Prepare compaction 1.716ms
[252.050s][info][gc,phases,start] GC(622) Phase 3: Adjust pointers
[252.058s][info][gc,phases      ] GC(622) Phase 3: Adjust pointers 7.518ms
[252.058s][info][gc,phases,start] GC(622) Phase 4: Compact heap
[252.059s][info][gc,phases      ] GC(622) Phase 4: Compact heap 0.965ms
[252.066s][info][gc,heap        ] GC(622) Eden regions: 19->0(16)
[252.066s][info][gc,heap        ] GC(622) Survivor regions: 1->0(7)
[252.066s][info][gc,heap        ] GC(622) Old regions: 7->8
[252.066s][info][gc,heap        ] GC(622) Archive regions: 0->0
[252.066s][info][gc,heap        ] GC(622) Humongous regions: 0->0
[252.066s][info][gc,metaspace   ] GC(622) Metaspace: 14380K(15232K)->14380K(15232K) NonClass: 12418K(12928K)->12418K(12928K) Class: 1962K(2304K)->1962K(2304K)
[252.067s][info][gc             ] GC(622) Pause Full (System.gc()) 309M->5M(432M) 29.029ms
[252.067s][info][gc,cpu         ] GC(622) User=0.13s Sys=0.00s Real=0.01s
[252.258s][info][gc,start       ] GC(623) Pause Young (Normal) (G1 Evacuation Pause)
[252.258s][info][gc,task        ] GC(623) Using 33 workers of 33 for evacuation
[252.262s][info][gc,phases      ] GC(623)   Pre Evacuate Collection Set: 0.1ms
[252.262s][info][gc,phases      ] GC(623)   Merge Heap Roots: 0.1ms
[252.262s][info][gc,phases      ] GC(623)   Evacuate Collection Set: 0.6ms
[252.262s][info][gc,phases      ] GC(623)   Post Evacuate Collection Set: 2.9ms
[252.262s][info][gc,phases      ] GC(623)   Other: 0.2ms
[252.262s][info][gc,heap        ] GC(623) Eden regions: 16->0(15)
[252.262s][info][gc,heap        ] GC(623) Survivor regions: 0->1(2)
[252.262s][info][gc,heap        ] GC(623) Old regions: 8->8
[252.262s][info][gc,heap        ] GC(623) Archive regions: 0->0
[252.262s][info][gc,heap        ] GC(623) Humongous regions: 0->0
[252.262s][info][gc,metaspace   ] GC(623) Metaspace: 14380K(15232K)->14380K(15232K) NonClass: 12418K(12928K)->12418K(12928K) Class: 1962K(2304K)->1962K(2304K)
[252.262s][info][gc             ] GC(623) Pause Young (Normal) (G1 Evacuation Pause) 261M->6M(432M) 4.251ms
[252.262s][info][gc,cpu         ] GC(623) User=0.00s Sys=0.00s Real=0.00s
[252.430s][info][gc,start       ] GC(624) Pause Young (Normal) (G1 Evacuation Pause)
[252.430s][info][gc,task        ] GC(624) Using 33 workers of 33 for evacuation
[252.433s][info][gc,phases      ] GC(624)   Pre Evacuate Collection Set: 0.1ms
[252.433s][info][gc,phases      ] GC(624)   Merge Heap Roots: 0.1ms
[252.433s][info][gc,phases      ] GC(624)   Evacuate Collection Set: 0.5ms
[252.433s][info][gc,phases      ] GC(624)   Post Evacuate Collection Set: 2.6ms
[252.433s][info][gc,phases      ] GC(624)   Other: 0.1ms
[252.433s][info][gc,heap        ] GC(624) Eden regions: 15->0(15)
[252.433s][info][gc,heap        ] GC(624) Survivor regions: 1->1(2)
[252.433s][info][gc,heap        ] GC(624) Old regions: 8->8
[252.433s][info][gc,heap        ] GC(624) Archive regions: 0->0
[252.433s][info][gc,heap        ] GC(624) Humongous regions: 0->0
[252.433s][info][gc,metaspace   ] GC(624) Metaspace: 14380K(15232K)->14380K(15232K) NonClass: 12418K(12928K)->12418K(12928K) Class: 1962K(2304K)->1962K(2304K)
[252.433s][info][gc             ] GC(624) Pause Young (Normal) (G1 Evacuation Pause) 246M->6M(432M) 3.631ms
[252.433s][info][gc,cpu         ] GC(624) User=0.00s Sys=0.00s Real=0.00s
[252.582s][info][gc,start       ] GC(625) Pause Young (Normal) (G1 Evacuation Pause)
[252.583s][info][gc,task        ] GC(625) Using 33 workers of 33 for evacuation
[252.586s][info][gc,phases      ] GC(625)   Pre Evacuate Collection Set: 0.1ms
[252.586s][info][gc,phases      ] GC(625)   Merge Heap Roots: 0.1ms
[252.586s][info][gc,phases      ] GC(625)   Evacuate Collection Set: 0.5ms
[252.586s][info][gc,phases      ] GC(625)   Post Evacuate Collection Set: 2.6ms
[252.586s][info][gc,phases      ] GC(625)   Other: 0.1ms
[252.586s][info][gc,heap        ] GC(625) Eden regions: 15->0(15)
[252.586s][info][gc,heap        ] GC(625) Survivor regions: 1->1(2)
[252.586s][info][gc,heap        ] GC(625) Old regions: 8->8
[252.586s][info][gc,heap        ] GC(625) Archive regions: 0->0
[252.586s][info][gc,heap        ] GC(625) Humongous regions: 0->0
[252.586s][info][gc,metaspace   ] GC(625) Metaspace: 14380K(15232K)->14380K(15232K) NonClass: 12418K(12928K)->12418K(12928K) Class: 1962K(2304K)->1962K(2304K)
[252.586s][info][gc             ] GC(625) Pause Young (Normal) (G1 Evacuation Pause) 246M->6M(432M) 3.542ms
[252.586s][info][gc,cpu         ] GC(625) User=0.00s Sys=0.00s Real=0.00s
[252.737s][info][gc,start       ] GC(626) Pause Young (Normal) (G1 Evacuation Pause)
[252.737s][info][gc,task        ] GC(626) Using 33 workers of 33 for evacuation
[252.742s][info][gc,phases      ] GC(626)   Pre Evacuate Collection Set: 0.1ms
[252.742s][info][gc,phases      ] GC(626)   Merge Heap Roots: 0.1ms
[252.742s][info][gc,phases      ] GC(626)   Evacuate Collection Set: 0.5ms
[252.742s][info][gc,phases      ] GC(626)   Post Evacuate Collection Set: 4.5ms
[252.742s][info][gc,phases      ] GC(626)   Other: 0.1ms
[252.742s][info][gc,heap        ] GC(626) Eden regions: 15->0(45)
[252.742s][info][gc,heap        ] GC(626) Survivor regions: 1->1(2)
[252.742s][info][gc,heap        ] GC(626) Old regions: 8->8
[252.742s][info][gc,heap        ] GC(626) Archive regions: 0->0
[252.742s][info][gc,heap        ] GC(626) Humongous regions: 0->0
[252.742s][info][gc,metaspace   ] GC(626) Metaspace: 14380K(15232K)->14380K(15232K) NonClass: 12418K(12928K)->12418K(12928K) Class: 1962K(2304K)->1962K(2304K)
[252.742s][info][gc             ] GC(626) Pause Young (Normal) (G1 Evacuation Pause) 246M->6M(1248M) 5.559ms
[252.742s][info][gc,cpu         ] GC(626) User=0.00s Sys=0.00s Real=0.00s
[253.156s][info][gc,start       ] GC(627) Pause Young (Normal) (G1 Evacuation Pause)
[253.156s][info][gc,task        ] GC(627) Using 33 workers of 33 for evacuation
[253.161s][info][gc,phases      ] GC(627)   Pre Evacuate Collection Set: 0.1ms
[253.161s][info][gc,phases      ] GC(627)   Merge Heap Roots: 0.1ms
[253.162s][info][gc,phases      ] GC(627)   Evacuate Collection Set: 1.8ms
[253.162s][info][gc,phases      ] GC(627)   Post Evacuate Collection Set: 3.1ms
[253.162s][info][gc,phases      ] GC(627)   Other: 0.1ms
[253.162s][info][gc,heap        ] GC(627) Eden regions: 45->0(45)
[253.162s][info][gc,heap        ] GC(627) Survivor regions: 1->1(6)
[253.162s][info][gc,heap        ] GC(627) Old regions: 8->8
[253.162s][info][gc,heap        ] GC(627) Archive regions: 0->0
[253.162s][info][gc,heap        ] GC(627) Humongous regions: 0->0
[253.162s][info][gc,metaspace   ] GC(627) Metaspace: 14380K(15232K)->14380K(15232K) NonClass: 12418K(12928K)->12418K(12928K) Class: 1962K(2304K)->1962K(2304K)
[253.162s][info][gc             ] GC(627) Pause Young (Normal) (G1 Evacuation Pause) 726M->6M(1248M) 5.482ms
[253.162s][info][gc,cpu         ] GC(627) User=0.03s Sys=0.48s Real=0.00s
[253.602s][info][gc,start       ] GC(628) Pause Young (Normal) (G1 Evacuation Pause)
[253.602s][info][gc,task        ] GC(628) Using 33 workers of 33 for evacuation
[253.607s][info][gc,phases      ] GC(628)   Pre Evacuate Collection Set: 0.1ms
[253.607s][info][gc,phases      ] GC(628)   Merge Heap Roots: 0.1ms
[253.608s][info][gc,phases      ] GC(628)   Evacuate Collection Set: 2.0ms
[253.608s][info][gc,phases      ] GC(628)   Post Evacuate Collection Set: 3.1ms
[253.608s][info][gc,phases      ] GC(628)   Other: 0.1ms
[253.608s][info][gc,heap        ] GC(628) Eden regions: 45->0(45)
[253.608s][info][gc,heap        ] GC(628) Survivor regions: 1->1(6)
[253.608s][info][gc,heap        ] GC(628) Old regions: 8->8
[253.608s][info][gc,heap        ] GC(628) Archive regions: 0->0
[253.608s][info][gc,heap        ] GC(628) Humongous regions: 0->0
[253.608s][info][gc,metaspace   ] GC(628) Metaspace: 14380K(15232K)->14380K(15232K) NonClass: 12418K(12928K)->12418K(12928K) Class: 1962K(2304K)->1962K(2304K)
[253.608s][info][gc             ] GC(628) Pause Young (Normal) (G1 Evacuation Pause) 726M->6M(1248M) 5.673ms
[253.608s][info][gc,cpu         ] GC(628) User=0.00s Sys=0.00s Real=0.01s
[254.059s][info][gc,start       ] GC(629) Pause Young (Normal) (G1 Evacuation Pause)
[254.059s][info][gc,task        ] GC(629) Using 33 workers of 33 for evacuation
[254.063s][info][gc,phases      ] GC(629)   Pre Evacuate Collection Set: 0.1ms
[254.063s][info][gc,phases      ] GC(629)   Merge Heap Roots: 0.1ms
[254.063s][info][gc,phases      ] GC(629)   Evacuate Collection Set: 0.6ms
[254.063s][info][gc,phases      ] GC(629)   Post Evacuate Collection Set: 3.3ms
[254.063s][info][gc,phases      ] GC(629)   Other: 0.1ms
[254.063s][info][gc,heap        ] GC(629) Eden regions: 45->0(45)
[254.063s][info][gc,heap        ] GC(629) Survivor regions: 1->1(6)
[254.063s][info][gc,heap        ] GC(629) Old regions: 8->8
[254.063s][info][gc,heap        ] GC(629) Archive regions: 0->0
[254.063s][info][gc,heap        ] GC(629) Humongous regions: 0->0
[254.063s][info][gc,metaspace   ] GC(629) Metaspace: 14380K(15232K)->14380K(15232K) NonClass: 12418K(12928K)->12418K(12928K) Class: 1962K(2304K)->1962K(2304K)
[254.063s][info][gc             ] GC(629) Pause Young (Normal) (G1 Evacuation Pause) 726M->7M(1248M) 4.392ms
[254.063s][info][gc,cpu         ] GC(629) User=0.00s Sys=0.00s Real=0.01s
[254.504s][info][gc,start       ] GC(630) Pause Young (Normal) (G1 Evacuation Pause)
[254.504s][info][gc,task        ] GC(630) Using 33 workers of 33 for evacuation
[254.508s][info][gc,phases      ] GC(630)   Pre Evacuate Collection Set: 0.1ms
[254.508s][info][gc,phases      ] GC(630)   Merge Heap Roots: 0.1ms
[254.508s][info][gc,phases      ] GC(630)   Evacuate Collection Set: 0.6ms
[254.508s][info][gc,phases      ] GC(630)   Post Evacuate Collection Set: 3.4ms
[254.508s][info][gc,phases      ] GC(630)   Other: 0.1ms
[254.508s][info][gc,heap        ] GC(630) Eden regions: 45->0(45)
[254.508s][info][gc,heap        ] GC(630) Survivor regions: 1->1(6)
[254.508s][info][gc,heap        ] GC(630) Old regions: 8->8
[254.508s][info][gc,heap        ] GC(630) Archive regions: 0->0
[254.508s][info][gc,heap        ] GC(630) Humongous regions: 0->0
[254.508s][info][gc,metaspace   ] GC(630) Metaspace: 14380K(15232K)->14380K(15232K) NonClass: 12418K(12928K)->12418K(12928K) Class: 1962K(2304K)->1962K(2304K)
[254.508s][info][gc             ] GC(630) Pause Young (Normal) (G1 Evacuation Pause) 727M->7M(1248M) 4.454ms
[254.508s][info][gc,cpu         ] GC(630) User=0.00s Sys=0.00s Real=0.00s
[254.948s][info][gc,start       ] GC(631) Pause Young (Normal) (G1 Evacuation Pause)
[254.949s][info][gc,task        ] GC(631) Using 33 workers of 33 for evacuation
[254.953s][info][gc,phases      ] GC(631)   Pre Evacuate Collection Set: 0.1ms
[254.953s][info][gc,phases      ] GC(631)   Merge Heap Roots: 0.1ms
[254.953s][info][gc,phases      ] GC(631)   Evacuate Collection Set: 0.5ms
[254.953s][info][gc,phases      ] GC(631)   Post Evacuate Collection Set: 3.4ms
[254.953s][info][gc,phases      ] GC(631)   Other: 0.1ms
[254.953s][info][gc,heap        ] GC(631) Eden regions: 45->0(45)
[254.953s][info][gc,heap        ] GC(631) Survivor regions: 1->1(6)
[254.953s][info][gc,heap        ] GC(631) Old regions: 8->8
[254.953s][info][gc,heap        ] GC(631) Archive regions: 0->0
[254.953s][info][gc,heap        ] GC(631) Humongous regions: 0->0
[254.953s][info][gc,metaspace   ] GC(631) Metaspace: 14380K(15232K)->14380K(15232K) NonClass: 12418K(12928K)->12418K(12928K) Class: 1962K(2304K)->1962K(2304K)
[254.953s][info][gc             ] GC(631) Pause Young (Normal) (G1 Evacuation Pause) 727M->7M(1248M) 4.522ms
[254.953s][info][gc,cpu         ] GC(631) User=0.00s Sys=0.00s Real=0.00s
[255.385s][info][gc,start       ] GC(632) Pause Young (Normal) (G1 Evacuation Pause)
[255.385s][info][gc,task        ] GC(632) Using 33 workers of 33 for evacuation
[255.390s][info][gc,phases      ] GC(632)   Pre Evacuate Collection Set: 0.1ms
[255.390s][info][gc,phases      ] GC(632)   Merge Heap Roots: 0.1ms
[255.390s][info][gc,phases      ] GC(632)   Evacuate Collection Set: 0.6ms
[255.390s][info][gc,phases      ] GC(632)   Post Evacuate Collection Set: 3.5ms
[255.390s][info][gc,phases      ] GC(632)   Other: 0.1ms
[255.390s][info][gc,heap        ] GC(632) Eden regions: 45->0(45)
[255.390s][info][gc,heap        ] GC(632) Survivor regions: 1->1(6)
[255.390s][info][gc,heap        ] GC(632) Old regions: 8->8
[255.390s][info][gc,heap        ] GC(632) Archive regions: 0->0
[255.390s][info][gc,heap        ] GC(632) Humongous regions: 0->0
[255.390s][info][gc,metaspace   ] GC(632) Metaspace: 14380K(15232K)->14380K(15232K) NonClass: 12418K(12928K)->12418K(12928K) Class: 1962K(2304K)->1962K(2304K)
[255.390s][info][gc             ] GC(632) Pause Young (Normal) (G1 Evacuation Pause) 727M->7M(1248M) 4.647ms
[255.390s][info][gc,cpu         ] GC(632) User=0.00s Sys=0.00s Real=0.00s
[255.845s][info][gc,start       ] GC(633) Pause Young (Normal) (G1 Evacuation Pause)
[255.846s][info][gc,task        ] GC(633) Using 33 workers of 33 for evacuation
[255.851s][info][gc,phases      ] GC(633)   Pre Evacuate Collection Set: 0.1ms
[255.851s][info][gc,phases      ] GC(633)   Merge Heap Roots: 0.1ms
[255.851s][info][gc,phases      ] GC(633)   Evacuate Collection Set: 0.6ms
[255.851s][info][gc,phases      ] GC(633)   Post Evacuate Collection Set: 4.1ms
[255.851s][info][gc,phases      ] GC(633)   Other: 0.1ms
[255.851s][info][gc,heap        ] GC(633) Eden regions: 45->0(45)
[255.851s][info][gc,heap        ] GC(633) Survivor regions: 1->1(6)
[255.851s][info][gc,heap        ] GC(633) Old regions: 8->8
[255.851s][info][gc,heap        ] GC(633) Archive regions: 0->0
[255.851s][info][gc,heap        ] GC(633) Humongous regions: 0->0
[255.851s][info][gc,metaspace   ] GC(633) Metaspace: 14380K(15232K)->14380K(15232K) NonClass: 12418K(12928K)->12418K(12928K) Class: 1962K(2304K)->1962K(2304K)
[255.851s][info][gc             ] GC(633) Pause Young (Normal) (G1 Evacuation Pause) 727M->7M(1248M) 5.583ms
[255.851s][info][gc,cpu         ] GC(633) User=0.00s Sys=0.00s Real=0.00s
[256.307s][info][gc,start       ] GC(634) Pause Young (Normal) (G1 Evacuation Pause)
[256.307s][info][gc,task        ] GC(634) Using 33 workers of 33 for evacuation
[256.312s][info][gc,phases      ] GC(634)   Pre Evacuate Collection Set: 0.1ms
[256.312s][info][gc,phases      ] GC(634)   Merge Heap Roots: 0.1ms
[256.312s][info][gc,phases      ] GC(634)   Evacuate Collection Set: 0.5ms
[256.312s][info][gc,phases      ] GC(634)   Post Evacuate Collection Set: 3.9ms
[256.312s][info][gc,phases      ] GC(634)   Other: 0.1ms
[256.312s][info][gc,heap        ] GC(634) Eden regions: 45->0(55)
[256.312s][info][gc,heap        ] GC(634) Survivor regions: 1->1(6)
[256.312s][info][gc,heap        ] GC(634) Old regions: 8->8
[256.312s][info][gc,heap        ] GC(634) Archive regions: 0->0
[256.312s][info][gc,heap        ] GC(634) Humongous regions: 0->0
[256.312s][info][gc,metaspace   ] GC(634) Metaspace: 14380K(15232K)->14380K(15232K) NonClass: 12418K(12928K)->12418K(12928K) Class: 1962K(2304K)->1962K(2304K)
[256.312s][info][gc             ] GC(634) Pause Young (Normal) (G1 Evacuation Pause) 727M->7M(1504M) 5.004ms
[256.312s][info][gc,cpu         ] GC(634) User=0.00s Sys=0.00s Real=0.00s
[256.849s][info][gc,start       ] GC(635) Pause Young (Normal) (G1 Evacuation Pause)
[256.849s][info][gc,task        ] GC(635) Using 33 workers of 33 for evacuation
[256.853s][info][gc,phases      ] GC(635)   Pre Evacuate Collection Set: 0.1ms
[256.853s][info][gc,phases      ] GC(635)   Merge Heap Roots: 0.1ms
[256.853s][info][gc,phases      ] GC(635)   Evacuate Collection Set: 0.5ms
[256.853s][info][gc,phases      ] GC(635)   Post Evacuate Collection Set: 3.6ms
[256.853s][info][gc,phases      ] GC(635)   Other: 0.1ms
[256.853s][info][gc,heap        ] GC(635) Eden regions: 55->0(55)
[256.853s][info][gc,heap        ] GC(635) Survivor regions: 1->1(7)
[256.853s][info][gc,heap        ] GC(635) Old regions: 8->8
[256.853s][info][gc,heap        ] GC(635) Archive regions: 0->0
[256.853s][info][gc,heap        ] GC(635) Humongous regions: 0->0
[256.853s][info][gc,metaspace   ] GC(635) Metaspace: 14380K(15232K)->14380K(15232K) NonClass: 12418K(12928K)->12418K(12928K) Class: 1962K(2304K)->1962K(2304K)
[256.853s][info][gc             ] GC(635) Pause Young (Normal) (G1 Evacuation Pause) 887M->7M(1504M) 4.684ms
[256.853s][info][gc,cpu         ] GC(635) User=0.00s Sys=0.00s Real=0.01s
[257.388s][info][gc,start       ] GC(636) Pause Young (Normal) (G1 Evacuation Pause)
[257.388s][info][gc,task        ] GC(636) Using 33 workers of 33 for evacuation
[257.392s][info][gc,phases      ] GC(636)   Pre Evacuate Collection Set: 0.1ms
[257.393s][info][gc,phases      ] GC(636)   Merge Heap Roots: 0.1ms
[257.393s][info][gc,phases      ] GC(636)   Evacuate Collection Set: 0.5ms
[257.393s][info][gc,phases      ] GC(636)   Post Evacuate Collection Set: 3.6ms
[257.393s][info][gc,phases      ] GC(636)   Other: 0.1ms
[257.393s][info][gc,heap        ] GC(636) Eden regions: 55->0(55)
[257.393s][info][gc,heap        ] GC(636) Survivor regions: 1->1(7)
[257.393s][info][gc,heap        ] GC(636) Old regions: 8->8
[257.393s][info][gc,heap        ] GC(636) Archive regions: 0->0
[257.393s][info][gc,heap        ] GC(636) Humongous regions: 0->0
[257.393s][info][gc,metaspace   ] GC(636) Metaspace: 14380K(15232K)->14380K(15232K) NonClass: 12418K(12928K)->12418K(12928K) Class: 1962K(2304K)->1962K(2304K)
[257.393s][info][gc             ] GC(636) Pause Young (Normal) (G1 Evacuation Pause) 887M->7M(1504M) 4.643ms
[257.393s][info][gc,cpu         ] GC(636) User=0.05s Sys=0.00s Real=0.01s
[257.925s][info][gc,start       ] GC(637) Pause Young (Normal) (G1 Evacuation Pause)
[257.925s][info][gc,task        ] GC(637) Using 33 workers of 33 for evacuation
[257.930s][info][gc,phases      ] GC(637)   Pre Evacuate Collection Set: 0.1ms
[257.930s][info][gc,phases      ] GC(637)   Merge Heap Roots: 0.1ms
[257.930s][info][gc,phases      ] GC(637)   Evacuate Collection Set: 0.5ms
[257.930s][info][gc,phases      ] GC(637)   Post Evacuate Collection Set: 3.7ms
[257.930s][info][gc,phases      ] GC(637)   Other: 0.1ms
[257.930s][info][gc,heap        ] GC(637) Eden regions: 55->0(55)
[257.930s][info][gc,heap        ] GC(637) Survivor regions: 1->1(7)
[257.930s][info][gc,heap        ] GC(637) Old regions: 8->8
[257.930s][info][gc,heap        ] GC(637) Archive regions: 0->0
[257.930s][info][gc,heap        ] GC(637) Humongous regions: 0->0
[257.930s][info][gc,metaspace   ] GC(637) Metaspace: 14380K(15232K)->14380K(15232K) NonClass: 12418K(12928K)->12418K(12928K) Class: 1962K(2304K)->1962K(2304K)
[257.930s][info][gc             ] GC(637) Pause Young (Normal) (G1 Evacuation Pause) 887M->7M(1504M) 4.765ms
[257.930s][info][gc,cpu         ] GC(637) User=0.00s Sys=0.00s Real=0.00s
[258.468s][info][gc,start       ] GC(638) Pause Young (Normal) (G1 Evacuation Pause)
[258.468s][info][gc,task        ] GC(638) Using 33 workers of 33 for evacuation
[258.472s][info][gc,phases      ] GC(638)   Pre Evacuate Collection Set: 0.1ms
[258.472s][info][gc,phases      ] GC(638)   Merge Heap Roots: 0.1ms
[258.472s][info][gc,phases      ] GC(638)   Evacuate Collection Set: 0.6ms
[258.472s][info][gc,phases      ] GC(638)   Post Evacuate Collection Set: 3.7ms
[258.472s][info][gc,phases      ] GC(638)   Other: 0.1ms
[258.472s][info][gc,heap        ] GC(638) Eden regions: 55->0(55)
[258.472s][info][gc,heap        ] GC(638) Survivor regions: 1->1(7)
[258.472s][info][gc,heap        ] GC(638) Old regions: 8->9
[258.472s][info][gc,heap        ] GC(638) Archive regions: 0->0
[258.472s][info][gc,heap        ] GC(638) Humongous regions: 0->0
[258.472s][info][gc,metaspace   ] GC(638) Metaspace: 14380K(15232K)->14380K(15232K) NonClass: 12418K(12928K)->12418K(12928K) Class: 1962K(2304K)->1962K(2304K)
[258.473s][info][gc             ] GC(638) Pause Young (Normal) (G1 Evacuation Pause) 887M->7M(1504M) 4.872ms
[258.473s][info][gc,cpu         ] GC(638) User=0.52s Sys=0.00s Real=0.00s
[259.032s][info][gc,start       ] GC(639) Pause Young (Normal) (G1 Evacuation Pause)
[259.032s][info][gc,task        ] GC(639) Using 33 workers of 33 for evacuation
[259.037s][info][gc,phases      ] GC(639)   Pre Evacuate Collection Set: 0.1ms
[259.037s][info][gc,phases      ] GC(639)   Merge Heap Roots: 0.2ms
[259.037s][info][gc,phases      ] GC(639)   Evacuate Collection Set: 0.4ms
[259.037s][info][gc,phases      ] GC(639)   Post Evacuate Collection Set: 3.7ms
[259.037s][info][gc,phases      ] GC(639)   Other: 0.1ms
[259.037s][info][gc,heap        ] GC(639) Eden regions: 55->0(55)
[259.037s][info][gc,heap        ] GC(639) Survivor regions: 1->1(7)
[259.037s][info][gc,heap        ] GC(639) Old regions: 9->9
[259.037s][info][gc,heap        ] GC(639) Archive regions: 0->0
[259.037s][info][gc,heap        ] GC(639) Humongous regions: 0->0
[259.037s][info][gc,metaspace   ] GC(639) Metaspace: 14380K(15232K)->14380K(15232K) NonClass: 12418K(12928K)->12418K(12928K) Class: 1962K(2304K)->1962K(2304K)
[259.037s][info][gc             ] GC(639) Pause Young (Normal) (G1 Evacuation Pause) 887M->7M(1504M) 4.680ms
[259.037s][info][gc,cpu         ] GC(639) User=0.00s Sys=0.00s Real=0.00s
[259.601s][info][gc,start       ] GC(640) Pause Young (Normal) (G1 Evacuation Pause)
[259.601s][info][gc,task        ] GC(640) Using 33 workers of 33 for evacuation
[259.605s][info][gc,phases      ] GC(640)   Pre Evacuate Collection Set: 0.1ms
[259.605s][info][gc,phases      ] GC(640)   Merge Heap Roots: 0.2ms
[259.605s][info][gc,phases      ] GC(640)   Evacuate Collection Set: 0.4ms
[259.605s][info][gc,phases      ] GC(640)   Post Evacuate Collection Set: 3.4ms
[259.605s][info][gc,phases      ] GC(640)   Other: 0.1ms
[259.605s][info][gc,heap        ] GC(640) Eden regions: 55->0(55)
[259.605s][info][gc,heap        ] GC(640) Survivor regions: 1->1(7)
[259.605s][info][gc,heap        ] GC(640) Old regions: 9->9
[259.605s][info][gc,heap        ] GC(640) Archive regions: 0->0
[259.605s][info][gc,heap        ] GC(640) Humongous regions: 0->0
[259.605s][info][gc,metaspace   ] GC(640) Metaspace: 14380K(15232K)->14380K(15232K) NonClass: 12418K(12928K)->12418K(12928K) Class: 1962K(2304K)->1962K(2304K)
[259.605s][info][gc             ] GC(640) Pause Young (Normal) (G1 Evacuation Pause) 887M->7M(1504M) 4.399ms
[259.605s][info][gc,cpu         ] GC(640) User=0.00s Sys=0.00s Real=0.00s
[260.149s][info][gc,start       ] GC(641) Pause Young (Normal) (G1 Evacuation Pause)
[260.149s][info][gc,task        ] GC(641) Using 33 workers of 33 for evacuation
[260.154s][info][gc,phases      ] GC(641)   Pre Evacuate Collection Set: 0.1ms
[260.154s][info][gc,phases      ] GC(641)   Merge Heap Roots: 0.2ms
[260.154s][info][gc,phases      ] GC(641)   Evacuate Collection Set: 0.4ms
[260.154s][info][gc,phases      ] GC(641)   Post Evacuate Collection Set: 3.5ms
[260.154s][info][gc,phases      ] GC(641)   Other: 0.1ms
[260.154s][info][gc,heap        ] GC(641) Eden regions: 55->0(55)
[260.154s][info][gc,heap        ] GC(641) Survivor regions: 1->1(7)
[260.154s][info][gc,heap        ] GC(641) Old regions: 9->9
[260.154s][info][gc,heap        ] GC(641) Archive regions: 0->0
[260.154s][info][gc,heap        ] GC(641) Humongous regions: 0->0
[260.154s][info][gc,metaspace   ] GC(641) Metaspace: 14380K(15232K)->14380K(15232K) NonClass: 12418K(12928K)->12418K(12928K) Class: 1962K(2304K)->1962K(2304K)
[260.154s][info][gc             ] GC(641) Pause Young (Normal) (G1 Evacuation Pause) 887M->8M(1504M) 4.502ms
[260.154s][info][gc,cpu         ] GC(641) User=0.00s Sys=0.00s Real=0.00s
[260.702s][info][gc,start       ] GC(642) Pause Young (Normal) (G1 Evacuation Pause)
[260.703s][info][gc,task        ] GC(642) Using 33 workers of 33 for evacuation
[260.707s][info][gc,phases      ] GC(642)   Pre Evacuate Collection Set: 0.1ms
[260.707s][info][gc,phases      ] GC(642)   Merge Heap Roots: 0.1ms
[260.707s][info][gc,phases      ] GC(642)   Evacuate Collection Set: 0.4ms
[260.707s][info][gc,phases      ] GC(642)   Post Evacuate Collection Set: 3.7ms
[260.707s][info][gc,phases      ] GC(642)   Other: 0.1ms
[260.707s][info][gc,heap        ] GC(642) Eden regions: 55->0(55)
[260.707s][info][gc,heap        ] GC(642) Survivor regions: 1->1(7)
[260.707s][info][gc,heap        ] GC(642) Old regions: 9->9
[260.707s][info][gc,heap        ] GC(642) Archive regions: 0->0
[260.707s][info][gc,heap        ] GC(642) Humongous regions: 0->0
[260.707s][info][gc,metaspace   ] GC(642) Metaspace: 14380K(15232K)->14380K(15232K) NonClass: 12418K(12928K)->12418K(12928K) Class: 1962K(2304K)->1962K(2304K)
[260.707s][info][gc             ] GC(642) Pause Young (Normal) (G1 Evacuation Pause) 888M->8M(1504M) 4.682ms
[260.707s][info][gc,cpu         ] GC(642) User=0.52s Sys=0.00s Real=0.00s
[261.252s][info][gc,start       ] GC(643) Pause Young (Normal) (G1 Evacuation Pause)
[261.252s][info][gc,task        ] GC(643) Using 33 workers of 33 for evacuation
[261.256s][info][gc,phases      ] GC(643)   Pre Evacuate Collection Set: 0.1ms
[261.256s][info][gc,phases      ] GC(643)   Merge Heap Roots: 0.1ms
[261.256s][info][gc,phases      ] GC(643)   Evacuate Collection Set: 0.4ms
[261.256s][info][gc,phases      ] GC(643)   Post Evacuate Collection Set: 3.7ms
[261.256s][info][gc,phases      ] GC(643)   Other: 0.1ms
[261.256s][info][gc,heap        ] GC(643) Eden regions: 55->0(55)
[261.256s][info][gc,heap        ] GC(643) Survivor regions: 1->1(7)
[261.256s][info][gc,heap        ] GC(643) Old regions: 9->9
[261.256s][info][gc,heap        ] GC(643) Archive regions: 0->0
[261.256s][info][gc,heap        ] GC(643) Humongous regions: 0->0
[261.257s][info][gc,metaspace   ] GC(643) Metaspace: 14380K(15232K)->14380K(15232K) NonClass: 12418K(12928K)->12418K(12928K) Class: 1962K(2304K)->1962K(2304K)
[261.257s][info][gc             ] GC(643) Pause Young (Normal) (G1 Evacuation Pause) 888M->8M(1504M) 4.681ms
[261.257s][info][gc,cpu         ] GC(643) User=0.00s Sys=0.00s Real=0.00s
[261.810s][info][gc,start       ] GC(644) Pause Young (Normal) (G1 Evacuation Pause)
[261.810s][info][gc,task        ] GC(644) Using 33 workers of 33 for evacuation
[261.814s][info][gc,phases      ] GC(644)   Pre Evacuate Collection Set: 0.1ms
[261.814s][info][gc,phases      ] GC(644)   Merge Heap Roots: 0.2ms
[261.814s][info][gc,phases      ] GC(644)   Evacuate Collection Set: 0.4ms
[261.814s][info][gc,phases      ] GC(644)   Post Evacuate Collection Set: 3.7ms
[261.814s][info][gc,phases      ] GC(644)   Other: 0.1ms
[261.815s][info][gc,heap        ] GC(644) Eden regions: 55->0(55)
[261.815s][info][gc,heap        ] GC(644) Survivor regions: 1->1(7)
[261.815s][info][gc,heap        ] GC(644) Old regions: 9->9
[261.815s][info][gc,heap        ] GC(644) Archive regions: 0->0
[261.815s][info][gc,heap        ] GC(644) Humongous regions: 0->0
[261.815s][info][gc,metaspace   ] GC(644) Metaspace: 14380K(15232K)->14380K(15232K) NonClass: 12418K(12928K)->12418K(12928K) Class: 1962K(2304K)->1962K(2304K)
[261.815s][info][gc             ] GC(644) Pause Young (Normal) (G1 Evacuation Pause) 888M->8M(1504M) 4.648ms
[261.815s][info][gc,cpu         ] GC(644) User=0.03s Sys=0.00s Real=0.00s
[262.372s][info][gc,start       ] GC(645) Pause Young (Normal) (G1 Evacuation Pause)
[262.372s][info][gc,task        ] GC(645) Using 33 workers of 33 for evacuation
[262.376s][info][gc,phases      ] GC(645)   Pre Evacuate Collection Set: 0.1ms
[262.376s][info][gc,phases      ] GC(645)   Merge Heap Roots: 0.2ms
[262.376s][info][gc,phases      ] GC(645)   Evacuate Collection Set: 0.4ms
[262.376s][info][gc,phases      ] GC(645)   Post Evacuate Collection Set: 3.6ms
[262.376s][info][gc,phases      ] GC(645)   Other: 0.1ms
[262.376s][info][gc,heap        ] GC(645) Eden regions: 55->0(55)
[262.376s][info][gc,heap        ] GC(645) Survivor regions: 1->1(7)
[262.376s][info][gc,heap        ] GC(645) Old regions: 9->9
[262.376s][info][gc,heap        ] GC(645) Archive regions: 0->0
[262.376s][info][gc,heap        ] GC(645) Humongous regions: 0->0
[262.376s][info][gc,metaspace   ] GC(645) Metaspace: 14380K(15232K)->14380K(15232K) NonClass: 12418K(12928K)->12418K(12928K) Class: 1962K(2304K)->1962K(2304K)
[262.376s][info][gc             ] GC(645) Pause Young (Normal) (G1 Evacuation Pause) 888M->8M(1504M) 4.564ms
[262.376s][info][gc,cpu         ] GC(645) User=0.02s Sys=0.00s Real=0.00s
[262.683s][info][gc,start       ] GC(646) Pause Full (System.gc())
[262.683s][info][gc,task        ] GC(646) Using 8 workers of 33 for full compaction
[262.684s][info][gc,phases,start] GC(646) Phase 1: Mark live objects
[262.696s][info][gc,phases      ] GC(646) Phase 1: Mark live objects 12.820ms
[262.696s][info][gc,phases,start] GC(646) Phase 2: Prepare compaction
[262.698s][info][gc,phases      ] GC(646) Phase 2: Prepare compaction 1.548ms
[262.698s][info][gc,phases,start] GC(646) Phase 3: Adjust pointers
[262.704s][info][gc,phases      ] GC(646) Phase 3: Adjust pointers 6.120ms
[262.704s][info][gc,phases,start] GC(646) Phase 4: Compact heap
[262.706s][info][gc,phases      ] GC(646) Phase 4: Compact heap 1.530ms
[262.713s][info][gc,heap        ] GC(646) Eden regions: 32->0(14)
[262.713s][info][gc,heap        ] GC(646) Survivor regions: 1->0(7)
[262.713s][info][gc,heap        ] GC(646) Old regions: 9->7
[262.713s][info][gc,heap        ] GC(646) Archive regions: 0->0
[262.713s][info][gc,heap        ] GC(646) Humongous regions: 0->0
[262.713s][info][gc,metaspace   ] GC(646) Metaspace: 14380K(15232K)->14380K(15232K) NonClass: 12418K(12928K)->12418K(12928K) Class: 1962K(2304K)->1962K(2304K)
[262.713s][info][gc             ] GC(646) Pause Full (System.gc()) 512M->5M(384M) 30.345ms
[262.713s][info][gc,cpu         ] GC(646) User=0.05s Sys=0.09s Real=0.03s
[262.860s][info][gc,start       ] GC(647) Pause Young (Normal) (G1 Evacuation Pause)
[262.861s][info][gc,task        ] GC(647) Using 33 workers of 33 for evacuation
[262.864s][info][gc,phases      ] GC(647)   Pre Evacuate Collection Set: 0.1ms
[262.864s][info][gc,phases      ] GC(647)   Merge Heap Roots: 0.1ms
[262.864s][info][gc,phases      ] GC(647)   Evacuate Collection Set: 0.5ms
[262.864s][info][gc,phases      ] GC(647)   Post Evacuate Collection Set: 2.8ms
[262.864s][info][gc,phases      ] GC(647)   Other: 0.1ms
[262.864s][info][gc,heap        ] GC(647) Eden regions: 14->0(13)
[262.864s][info][gc,heap        ] GC(647) Survivor regions: 0->1(2)
[262.864s][info][gc,heap        ] GC(647) Old regions: 7->7
[262.864s][info][gc,heap        ] GC(647) Archive regions: 0->0
[262.864s][info][gc,heap        ] GC(647) Humongous regions: 0->0
[262.864s][info][gc,metaspace   ] GC(647) Metaspace: 14380K(15232K)->14380K(15232K) NonClass: 12418K(12928K)->12418K(12928K) Class: 1962K(2304K)->1962K(2304K)
[262.864s][info][gc             ] GC(647) Pause Young (Normal) (G1 Evacuation Pause) 229M->6M(384M) 3.780ms
[262.864s][info][gc,cpu         ] GC(647) User=0.52s Sys=0.00s Real=0.00s
[263.007s][info][gc,start       ] GC(648) Pause Young (Normal) (G1 Evacuation Pause)
[263.007s][info][gc,task        ] GC(648) Using 33 workers of 33 for evacuation
[263.011s][info][gc,phases      ] GC(648)   Pre Evacuate Collection Set: 0.1ms
[263.011s][info][gc,phases      ] GC(648)   Merge Heap Roots: 0.1ms
[263.011s][info][gc,phases      ] GC(648)   Evacuate Collection Set: 0.5ms
[263.011s][info][gc,phases      ] GC(648)   Post Evacuate Collection Set: 2.9ms
[263.011s][info][gc,phases      ] GC(648)   Other: 0.1ms
[263.011s][info][gc,heap        ] GC(648) Eden regions: 13->0(13)
[263.011s][info][gc,heap        ] GC(648) Survivor regions: 1->1(2)
[263.011s][info][gc,heap        ] GC(648) Old regions: 7->7
[263.011s][info][gc,heap        ] GC(648) Archive regions: 0->0
[263.011s][info][gc,heap        ] GC(648) Humongous regions: 0->0
[263.011s][info][gc,metaspace   ] GC(648) Metaspace: 14380K(15232K)->14380K(15232K) NonClass: 12418K(12928K)->12418K(12928K) Class: 1962K(2304K)->1962K(2304K)
[263.011s][info][gc             ] GC(648) Pause Young (Normal) (G1 Evacuation Pause) 214M->6M(384M) 3.984ms
[263.011s][info][gc,cpu         ] GC(648) User=0.52s Sys=0.00s Real=0.02s
[263.144s][info][gc,start       ] GC(649) Pause Young (Normal) (G1 Evacuation Pause)
[263.144s][info][gc,task        ] GC(649) Using 33 workers of 33 for evacuation
[263.147s][info][gc,phases      ] GC(649)   Pre Evacuate Collection Set: 0.1ms
[263.147s][info][gc,phases      ] GC(649)   Merge Heap Roots: 0.1ms
[263.147s][info][gc,phases      ] GC(649)   Evacuate Collection Set: 0.5ms
[263.147s][info][gc,phases      ] GC(649)   Post Evacuate Collection Set: 2.7ms
[263.147s][info][gc,phases      ] GC(649)   Other: 0.1ms
[263.147s][info][gc,heap        ] GC(649) Eden regions: 13->0(13)
[263.147s][info][gc,heap        ] GC(649) Survivor regions: 1->1(2)
[263.147s][info][gc,heap        ] GC(649) Old regions: 7->7
[263.147s][info][gc,heap        ] GC(649) Archive regions: 0->0
[263.147s][info][gc,heap        ] GC(649) Humongous regions: 0->0
[263.147s][info][gc,metaspace   ] GC(649) Metaspace: 14380K(15232K)->14380K(15232K) NonClass: 12418K(12928K)->12418K(12928K) Class: 1962K(2304K)->1962K(2304K)
[263.147s][info][gc             ] GC(649) Pause Young (Normal) (G1 Evacuation Pause) 214M->6M(384M) 3.755ms
[263.147s][info][gc,cpu         ] GC(649) User=0.00s Sys=0.00s Real=0.00s
[263.276s][info][gc,start       ] GC(650) Pause Young (Normal) (G1 Evacuation Pause)
[263.276s][info][gc,task        ] GC(650) Using 33 workers of 33 for evacuation
[263.282s][info][gc,phases      ] GC(650)   Pre Evacuate Collection Set: 0.1ms
[263.282s][info][gc,phases      ] GC(650)   Merge Heap Roots: 0.1ms
[263.282s][info][gc,phases      ] GC(650)   Evacuate Collection Set: 0.5ms
[263.282s][info][gc,phases      ] GC(650)   Post Evacuate Collection Set: 5.1ms
[263.282s][info][gc,phases      ] GC(650)   Other: 0.1ms
[263.282s][info][gc,heap        ] GC(650) Eden regions: 13->0(44)
[263.282s][info][gc,heap        ] GC(650) Survivor regions: 1->1(2)
[263.282s][info][gc,heap        ] GC(650) Old regions: 7->7
[263.282s][info][gc,heap        ] GC(650) Archive regions: 0->0
[263.282s][info][gc,heap        ] GC(650) Humongous regions: 0->0
[263.282s][info][gc,metaspace   ] GC(650) Metaspace: 14380K(15232K)->14380K(15232K) NonClass: 12418K(12928K)->12418K(12928K) Class: 1962K(2304K)->1962K(2304K)
[263.282s][info][gc             ] GC(650) Pause Young (Normal) (G1 Evacuation Pause) 214M->6M(1216M) 6.124ms
[263.282s][info][gc,cpu         ] GC(650) User=0.00s Sys=0.00s Real=0.00s
[263.687s][info][gc,start       ] GC(651) Pause Young (Normal) (G1 Evacuation Pause)
[263.687s][info][gc,task        ] GC(651) Using 33 workers of 33 for evacuation
[263.692s][info][gc,phases      ] GC(651)   Pre Evacuate Collection Set: 0.1ms
[263.692s][info][gc,phases      ] GC(651)   Merge Heap Roots: 0.1ms
[263.692s][info][gc,phases      ] GC(651)   Evacuate Collection Set: 1.7ms
[263.692s][info][gc,phases      ] GC(651)   Post Evacuate Collection Set: 3.5ms
[263.692s][info][gc,phases      ] GC(651)   Other: 0.1ms
[263.692s][info][gc,heap        ] GC(651) Eden regions: 44->0(44)
[263.692s][info][gc,heap        ] GC(651) Survivor regions: 1->1(6)
[263.692s][info][gc,heap        ] GC(651) Old regions: 7->7
[263.692s][info][gc,heap        ] GC(651) Archive regions: 0->0
[263.692s][info][gc,heap        ] GC(651) Humongous regions: 0->0
[263.692s][info][gc,metaspace   ] GC(651) Metaspace: 14380K(15232K)->14380K(15232K) NonClass: 12418K(12928K)->12418K(12928K) Class: 1962K(2304K)->1962K(2304K)
[263.692s][info][gc             ] GC(651) Pause Young (Normal) (G1 Evacuation Pause) 710M->6M(1216M) 5.810ms
[263.692s][info][gc,cpu         ] GC(651) User=0.02s Sys=0.50s Real=0.01s
[264.125s][info][gc,start       ] GC(652) Pause Young (Normal) (G1 Evacuation Pause)
[264.125s][info][gc,task        ] GC(652) Using 33 workers of 33 for evacuation
[264.131s][info][gc,phases      ] GC(652)   Pre Evacuate Collection Set: 0.1ms
[264.131s][info][gc,phases      ] GC(652)   Merge Heap Roots: 0.1ms
[264.131s][info][gc,phases      ] GC(652)   Evacuate Collection Set: 1.9ms
[264.131s][info][gc,phases      ] GC(652)   Post Evacuate Collection Set: 3.5ms
[264.131s][info][gc,phases      ] GC(652)   Other: 0.1ms
[264.131s][info][gc,heap        ] GC(652) Eden regions: 44->0(44)
[264.131s][info][gc,heap        ] GC(652) Survivor regions: 1->1(6)
[264.131s][info][gc,heap        ] GC(652) Old regions: 7->7
[264.131s][info][gc,heap        ] GC(652) Archive regions: 0->0
[264.131s][info][gc,heap        ] GC(652) Humongous regions: 0->0
[264.131s][info][gc,metaspace   ] GC(652) Metaspace: 14380K(15232K)->14380K(15232K) NonClass: 12418K(12928K)->12418K(12928K) Class: 1962K(2304K)->1962K(2304K)
[264.131s][info][gc             ] GC(652) Pause Young (Normal) (G1 Evacuation Pause) 710M->6M(1216M) 6.051ms
[264.131s][info][gc,cpu         ] GC(652) User=0.03s Sys=0.48s Real=0.01s
[264.574s][info][gc,start       ] GC(653) Pause Young (Normal) (G1 Evacuation Pause)
[264.574s][info][gc,task        ] GC(653) Using 33 workers of 33 for evacuation
[264.578s][info][gc,phases      ] GC(653)   Pre Evacuate Collection Set: 0.1ms
[264.578s][info][gc,phases      ] GC(653)   Merge Heap Roots: 0.1ms
[264.578s][info][gc,phases      ] GC(653)   Evacuate Collection Set: 0.6ms
[264.578s][info][gc,phases      ] GC(653)   Post Evacuate Collection Set: 3.5ms
[264.578s][info][gc,phases      ] GC(653)   Other: 0.1ms
[264.578s][info][gc,heap        ] GC(653) Eden regions: 44->0(44)
[264.578s][info][gc,heap        ] GC(653) Survivor regions: 1->1(6)
[264.578s][info][gc,heap        ] GC(653) Old regions: 7->7
[264.578s][info][gc,heap        ] GC(653) Archive regions: 0->0
[264.578s][info][gc,heap        ] GC(653) Humongous regions: 0->0
[264.578s][info][gc,metaspace   ] GC(653) Metaspace: 14380K(15232K)->14380K(15232K) NonClass: 12418K(12928K)->12418K(12928K) Class: 1962K(2304K)->1962K(2304K)
[264.578s][info][gc             ] GC(653) Pause Young (Normal) (G1 Evacuation Pause) 710M->7M(1216M) 4.639ms
[264.578s][info][gc,cpu         ] GC(653) User=0.00s Sys=0.00s Real=0.00s
[265.018s][info][gc,start       ] GC(654) Pause Young (Normal) (G1 Evacuation Pause)
[265.018s][info][gc,task        ] GC(654) Using 33 workers of 33 for evacuation
[265.022s][info][gc,phases      ] GC(654)   Pre Evacuate Collection Set: 0.1ms
[265.022s][info][gc,phases      ] GC(654)   Merge Heap Roots: 0.1ms
[265.022s][info][gc,phases      ] GC(654)   Evacuate Collection Set: 0.6ms
[265.022s][info][gc,phases      ] GC(654)   Post Evacuate Collection Set: 3.3ms
[265.022s][info][gc,phases      ] GC(654)   Other: 0.1ms
[265.022s][info][gc,heap        ] GC(654) Eden regions: 44->0(44)
[265.022s][info][gc,heap        ] GC(654) Survivor regions: 1->1(6)
[265.022s][info][gc,heap        ] GC(654) Old regions: 7->7
[265.022s][info][gc,heap        ] GC(654) Archive regions: 0->0
[265.022s][info][gc,heap        ] GC(654) Humongous regions: 0->0
[265.022s][info][gc,metaspace   ] GC(654) Metaspace: 14380K(15232K)->14380K(15232K) NonClass: 12418K(12928K)->12418K(12928K) Class: 1962K(2304K)->1962K(2304K)
[265.022s][info][gc             ] GC(654) Pause Young (Normal) (G1 Evacuation Pause) 711M->7M(1216M) 4.432ms
[265.022s][info][gc,cpu         ] GC(654) User=0.00s Sys=0.00s Real=0.00s
[265.470s][info][gc,start       ] GC(655) Pause Young (Normal) (G1 Evacuation Pause)
[265.470s][info][gc,task        ] GC(655) Using 33 workers of 33 for evacuation
[265.474s][info][gc,phases      ] GC(655)   Pre Evacuate Collection Set: 0.1ms
[265.474s][info][gc,phases      ] GC(655)   Merge Heap Roots: 0.1ms
[265.474s][info][gc,phases      ] GC(655)   Evacuate Collection Set: 0.6ms
[265.474s][info][gc,phases      ] GC(655)   Post Evacuate Collection Set: 3.2ms
[265.474s][info][gc,phases      ] GC(655)   Other: 0.1ms
[265.474s][info][gc,heap        ] GC(655) Eden regions: 44->0(44)
[265.474s][info][gc,heap        ] GC(655) Survivor regions: 1->1(6)
[265.474s][info][gc,heap        ] GC(655) Old regions: 7->7
[265.474s][info][gc,heap        ] GC(655) Archive regions: 0->0
[265.474s][info][gc,heap        ] GC(655) Humongous regions: 0->0
[265.474s][info][gc,metaspace   ] GC(655) Metaspace: 14380K(15232K)->14380K(15232K) NonClass: 12418K(12928K)->12418K(12928K) Class: 1962K(2304K)->1962K(2304K)
[265.474s][info][gc             ] GC(655) Pause Young (Normal) (G1 Evacuation Pause) 711M->7M(1216M) 4.276ms
[265.474s][info][gc,cpu         ] GC(655) User=0.02s Sys=0.00s Real=0.01s
[265.903s][info][gc,start       ] GC(656) Pause Young (Normal) (G1 Evacuation Pause)
[265.904s][info][gc,task        ] GC(656) Using 33 workers of 33 for evacuation
[265.908s][info][gc,phases      ] GC(656)   Pre Evacuate Collection Set: 0.1ms
[265.908s][info][gc,phases      ] GC(656)   Merge Heap Roots: 0.1ms
[265.908s][info][gc,phases      ] GC(656)   Evacuate Collection Set: 0.6ms
[265.908s][info][gc,phases      ] GC(656)   Post Evacuate Collection Set: 3.3ms
[265.908s][info][gc,phases      ] GC(656)   Other: 0.1ms
[265.908s][info][gc,heap        ] GC(656) Eden regions: 44->0(44)
[265.908s][info][gc,heap        ] GC(656) Survivor regions: 1->1(6)
[265.908s][info][gc,heap        ] GC(656) Old regions: 7->7
[265.908s][info][gc,heap        ] GC(656) Archive regions: 0->0
[265.908s][info][gc,heap        ] GC(656) Humongous regions: 0->0
[265.908s][info][gc,metaspace   ] GC(656) Metaspace: 14380K(15232K)->14380K(15232K) NonClass: 12418K(12928K)->12418K(12928K) Class: 1962K(2304K)->1962K(2304K)
[265.908s][info][gc             ] GC(656) Pause Young (Normal) (G1 Evacuation Pause) 711M->7M(1216M) 4.363ms
[265.908s][info][gc,cpu         ] GC(656) User=0.47s Sys=0.02s Real=0.00s
[266.335s][info][gc,start       ] GC(657) Pause Young (Normal) (G1 Evacuation Pause)
[266.335s][info][gc,task        ] GC(657) Using 33 workers of 33 for evacuation
[266.339s][info][gc,phases      ] GC(657)   Pre Evacuate Collection Set: 0.1ms
[266.339s][info][gc,phases      ] GC(657)   Merge Heap Roots: 0.1ms
[266.339s][info][gc,phases      ] GC(657)   Evacuate Collection Set: 0.5ms
[266.339s][info][gc,phases      ] GC(657)   Post Evacuate Collection Set: 3.4ms
[266.339s][info][gc,phases      ] GC(657)   Other: 0.1ms
[266.339s][info][gc,heap        ] GC(657) Eden regions: 44->0(44)
[266.340s][info][gc,heap        ] GC(657) Survivor regions: 1->1(6)
[266.340s][info][gc,heap        ] GC(657) Old regions: 7->7
[266.340s][info][gc,heap        ] GC(657) Archive regions: 0->0
[266.340s][info][gc,heap        ] GC(657) Humongous regions: 0->0
[266.340s][info][gc,metaspace   ] GC(657) Metaspace: 14380K(15232K)->14380K(15232K) NonClass: 12418K(12928K)->12418K(12928K) Class: 1962K(2304K)->1962K(2304K)
[266.340s][info][gc             ] GC(657) Pause Young (Normal) (G1 Evacuation Pause) 711M->7M(1216M) 4.481ms
[266.340s][info][gc,cpu         ] GC(657) User=0.00s Sys=0.00s Real=0.00s
[266.772s][info][gc,start       ] GC(658) Pause Young (Normal) (G1 Evacuation Pause)
[266.772s][info][gc,task        ] GC(658) Using 33 workers of 33 for evacuation
[266.776s][info][gc,phases      ] GC(658)   Pre Evacuate Collection Set: 0.1ms
[266.776s][info][gc,phases      ] GC(658)   Merge Heap Roots: 0.1ms
[266.776s][info][gc,phases      ] GC(658)   Evacuate Collection Set: 0.5ms
[266.776s][info][gc,phases      ] GC(658)   Post Evacuate Collection Set: 3.5ms
[266.776s][info][gc,phases      ] GC(658)   Other: 0.1ms
[266.776s][info][gc,heap        ] GC(658) Eden regions: 44->0(44)
[266.776s][info][gc,heap        ] GC(658) Survivor regions: 1->1(6)
[266.776s][info][gc,heap        ] GC(658) Old regions: 7->7
[266.776s][info][gc,heap        ] GC(658) Archive regions: 0->0
[266.776s][info][gc,heap        ] GC(658) Humongous regions: 0->0
[266.776s][info][gc,metaspace   ] GC(658) Metaspace: 14380K(15232K)->14380K(15232K) NonClass: 12418K(12928K)->12418K(12928K) Class: 1962K(2304K)->1962K(2304K)
[266.776s][info][gc             ] GC(658) Pause Young (Normal) (G1 Evacuation Pause) 711M->7M(1216M) 4.570ms
[266.776s][info][gc,cpu         ] GC(658) User=0.00s Sys=0.00s Real=0.00s
[267.319s][info][gc,start       ] GC(659) Pause Young (Normal) (G1 Evacuation Pause)
[267.319s][info][gc,task        ] GC(659) Using 33 workers of 33 for evacuation
[267.325s][info][gc,phases      ] GC(659)   Pre Evacuate Collection Set: 0.2ms
[267.325s][info][gc,phases      ] GC(659)   Merge Heap Roots: 0.2ms
[267.325s][info][gc,phases      ] GC(659)   Evacuate Collection Set: 1.2ms
[267.325s][info][gc,phases      ] GC(659)   Post Evacuate Collection Set: 4.6ms
[267.326s][info][gc,phases      ] GC(659)   Other: 0.1ms
[267.326s][info][gc,heap        ] GC(659) Eden regions: 44->0(44)
[267.326s][info][gc,heap        ] GC(659) Survivor regions: 1->1(6)
[267.326s][info][gc,heap        ] GC(659) Old regions: 7->7
[267.326s][info][gc,heap        ] GC(659) Archive regions: 0->0
[267.326s][info][gc,heap        ] GC(659) Humongous regions: 0->0
[267.326s][info][gc,metaspace   ] GC(659) Metaspace: 14380K(15232K)->14380K(15232K) NonClass: 12418K(12928K)->12418K(12928K) Class: 1962K(2304K)->1962K(2304K)
[267.326s][info][gc             ] GC(659) Pause Young (Normal) (G1 Evacuation Pause) 711M->7M(1216M) 6.872ms
[267.326s][info][gc,cpu         ] GC(659) User=0.00s Sys=0.00s Real=0.00s
[267.773s][info][gc,start       ] GC(660) Pause Young (Normal) (G1 Evacuation Pause)
[267.774s][info][gc,task        ] GC(660) Using 33 workers of 33 for evacuation
[267.778s][info][gc,phases      ] GC(660)   Pre Evacuate Collection Set: 0.1ms
[267.778s][info][gc,phases      ] GC(660)   Merge Heap Roots: 0.1ms
[267.778s][info][gc,phases      ] GC(660)   Evacuate Collection Set: 0.6ms
[267.778s][info][gc,phases      ] GC(660)   Post Evacuate Collection Set: 3.9ms
[267.778s][info][gc,phases      ] GC(660)   Other: 0.1ms
[267.778s][info][gc,heap        ] GC(660) Eden regions: 44->0(54)
[267.778s][info][gc,heap        ] GC(660) Survivor regions: 1->1(6)
[267.778s][info][gc,heap        ] GC(660) Old regions: 7->7
[267.778s][info][gc,heap        ] GC(660) Archive regions: 0->0
[267.778s][info][gc,heap        ] GC(660) Humongous regions: 0->0
[267.779s][info][gc,metaspace   ] GC(660) Metaspace: 14380K(15232K)->14380K(15232K) NonClass: 12418K(12928K)->12418K(12928K) Class: 1962K(2304K)->1962K(2304K)
[267.779s][info][gc             ] GC(660) Pause Young (Normal) (G1 Evacuation Pause) 711M->7M(1472M) 5.038ms
[267.779s][info][gc,cpu         ] GC(660) User=0.00s Sys=0.00s Real=0.00s
[268.307s][info][gc,start       ] GC(661) Pause Young (Normal) (G1 Evacuation Pause)
[268.307s][info][gc,task        ] GC(661) Using 33 workers of 33 for evacuation
[268.312s][info][gc,phases      ] GC(661)   Pre Evacuate Collection Set: 0.1ms
[268.312s][info][gc,phases      ] GC(661)   Merge Heap Roots: 0.1ms
[268.312s][info][gc,phases      ] GC(661)   Evacuate Collection Set: 0.6ms
[268.312s][info][gc,phases      ] GC(661)   Post Evacuate Collection Set: 3.8ms
[268.312s][info][gc,phases      ] GC(661)   Other: 0.1ms
[268.312s][info][gc,heap        ] GC(661) Eden regions: 54->0(54)
[268.312s][info][gc,heap        ] GC(661) Survivor regions: 1->1(7)
[268.312s][info][gc,heap        ] GC(661) Old regions: 7->7
[268.312s][info][gc,heap        ] GC(661) Archive regions: 0->0
[268.312s][info][gc,heap        ] GC(661) Humongous regions: 0->0
[268.312s][info][gc,metaspace   ] GC(661) Metaspace: 14380K(15232K)->14380K(15232K) NonClass: 12418K(12928K)->12418K(12928K) Class: 1962K(2304K)->1962K(2304K)
[268.312s][info][gc             ] GC(661) Pause Young (Normal) (G1 Evacuation Pause) 871M->7M(1472M) 4.893ms
[268.312s][info][gc,cpu         ] GC(661) User=0.00s Sys=0.00s Real=0.01s
[268.856s][info][gc,start       ] GC(662) Pause Young (Normal) (G1 Evacuation Pause)
[268.856s][info][gc,task        ] GC(662) Using 33 workers of 33 for evacuation
[268.861s][info][gc,phases      ] GC(662)   Pre Evacuate Collection Set: 0.1ms
[268.884s][info][gc,phases      ] GC(662)   Merge Heap Roots: 0.1ms
[268.884s][info][gc,phases      ] GC(662)   Evacuate Collection Set: 0.5ms
[268.884s][info][gc,phases      ] GC(662)   Post Evacuate Collection Set: 3.4ms
[268.884s][info][gc,phases      ] GC(662)   Other: 0.1ms
[268.884s][info][gc,heap        ] GC(662) Eden regions: 54->0(54)
[268.884s][info][gc,heap        ] GC(662) Survivor regions: 1->1(7)
[268.884s][info][gc,heap        ] GC(662) Old regions: 7->8
[268.884s][info][gc,heap        ] GC(662) Archive regions: 0->0
[268.884s][info][gc,heap        ] GC(662) Humongous regions: 0->0
[268.884s][info][gc,metaspace   ] GC(662) Metaspace: 14380K(15232K)->14380K(15232K) NonClass: 12418K(12928K)->12418K(12928K) Class: 1962K(2304K)->1962K(2304K)
[268.884s][info][gc             ] GC(662) Pause Young (Normal) (G1 Evacuation Pause) 871M->7M(1472M) 27.522ms
[268.884s][info][gc,cpu         ] GC(662) User=0.00s Sys=0.00s Real=0.03s
[269.416s][info][gc,start       ] GC(663) Pause Young (Normal) (G1 Evacuation Pause)
[269.416s][info][gc,task        ] GC(663) Using 33 workers of 33 for evacuation
[269.420s][info][gc,phases      ] GC(663)   Pre Evacuate Collection Set: 0.1ms
[269.420s][info][gc,phases      ] GC(663)   Merge Heap Roots: 0.2ms
[269.420s][info][gc,phases      ] GC(663)   Evacuate Collection Set: 0.4ms
[269.420s][info][gc,phases      ] GC(663)   Post Evacuate Collection Set: 3.6ms
[269.420s][info][gc,phases      ] GC(663)   Other: 0.1ms
[269.420s][info][gc,heap        ] GC(663) Eden regions: 54->0(54)
[269.420s][info][gc,heap        ] GC(663) Survivor regions: 1->1(7)
[269.420s][info][gc,heap        ] GC(663) Old regions: 8->8
[269.420s][info][gc,heap        ] GC(663) Archive regions: 0->0
[269.420s][info][gc,heap        ] GC(663) Humongous regions: 0->0
[269.420s][info][gc,metaspace   ] GC(663) Metaspace: 14380K(15232K)->14380K(15232K) NonClass: 12418K(12928K)->12418K(12928K) Class: 1962K(2304K)->1962K(2304K)
[269.420s][info][gc             ] GC(663) Pause Young (Normal) (G1 Evacuation Pause) 871M->7M(1472M) 4.593ms
[269.420s][info][gc,cpu         ] GC(663) User=0.00s Sys=0.00s Real=0.01s
[269.950s][info][gc,start       ] GC(664) Pause Young (Normal) (G1 Evacuation Pause)
[269.950s][info][gc,task        ] GC(664) Using 33 workers of 33 for evacuation
[269.955s][info][gc,phases      ] GC(664)   Pre Evacuate Collection Set: 0.1ms
[269.955s][info][gc,phases      ] GC(664)   Merge Heap Roots: 0.1ms
[269.955s][info][gc,phases      ] GC(664)   Evacuate Collection Set: 0.4ms
[269.955s][info][gc,phases      ] GC(664)   Post Evacuate Collection Set: 3.7ms
[269.955s][info][gc,phases      ] GC(664)   Other: 0.1ms
[269.955s][info][gc,heap        ] GC(664) Eden regions: 54->0(54)
[269.955s][info][gc,heap        ] GC(664) Survivor regions: 1->1(7)
[269.955s][info][gc,heap        ] GC(664) Old regions: 8->8
[269.955s][info][gc,heap        ] GC(664) Archive regions: 0->0
[269.955s][info][gc,heap        ] GC(664) Humongous regions: 0->0
[269.955s][info][gc,metaspace   ] GC(664) Metaspace: 14380K(15232K)->14380K(15232K) NonClass: 12418K(12928K)->12418K(12928K) Class: 1962K(2304K)->1962K(2304K)
[269.955s][info][gc             ] GC(664) Pause Young (Normal) (G1 Evacuation Pause) 871M->7M(1472M) 4.642ms
[269.955s][info][gc,cpu         ] GC(664) User=0.52s Sys=0.00s Real=0.00s
[270.497s][info][gc,start       ] GC(665) Pause Young (Normal) (G1 Evacuation Pause)
[270.497s][info][gc,task        ] GC(665) Using 33 workers of 33 for evacuation
[270.502s][info][gc,phases      ] GC(665)   Pre Evacuate Collection Set: 0.1ms
[270.502s][info][gc,phases      ] GC(665)   Merge Heap Roots: 0.1ms
[270.502s][info][gc,phases      ] GC(665)   Evacuate Collection Set: 0.4ms
[270.502s][info][gc,phases      ] GC(665)   Post Evacuate Collection Set: 3.6ms
[270.502s][info][gc,phases      ] GC(665)   Other: 0.1ms
[270.502s][info][gc,heap        ] GC(665) Eden regions: 54->0(54)
[270.502s][info][gc,heap        ] GC(665) Survivor regions: 1->1(7)
[270.502s][info][gc,heap        ] GC(665) Old regions: 8->8
[270.502s][info][gc,heap        ] GC(665) Archive regions: 0->0
[270.502s][info][gc,heap        ] GC(665) Humongous regions: 0->0
[270.502s][info][gc,metaspace   ] GC(665) Metaspace: 14380K(15232K)->14380K(15232K) NonClass: 12418K(12928K)->12418K(12928K) Class: 1962K(2304K)->1962K(2304K)
[270.502s][info][gc             ] GC(665) Pause Young (Normal) (G1 Evacuation Pause) 871M->7M(1472M) 4.580ms
[270.502s][info][gc,cpu         ] GC(665) User=0.03s Sys=0.00s Real=0.00s
[271.047s][info][gc,start       ] GC(666) Pause Young (Normal) (G1 Evacuation Pause)
[271.047s][info][gc,task        ] GC(666) Using 33 workers of 33 for evacuation
[271.051s][info][gc,phases      ] GC(666)   Pre Evacuate Collection Set: 0.1ms
[271.051s][info][gc,phases      ] GC(666)   Merge Heap Roots: 0.2ms
[271.051s][info][gc,phases      ] GC(666)   Evacuate Collection Set: 0.4ms
[271.051s][info][gc,phases      ] GC(666)   Post Evacuate Collection Set: 3.3ms
[271.051s][info][gc,phases      ] GC(666)   Other: 0.1ms
[271.051s][info][gc,heap        ] GC(666) Eden regions: 54->0(54)
[271.051s][info][gc,heap        ] GC(666) Survivor regions: 1->1(7)
[271.051s][info][gc,heap        ] GC(666) Old regions: 8->8
[271.051s][info][gc,heap        ] GC(666) Archive regions: 0->0
[271.051s][info][gc,heap        ] GC(666) Humongous regions: 0->0
[271.051s][info][gc,metaspace   ] GC(666) Metaspace: 14380K(15232K)->14380K(15232K) NonClass: 12418K(12928K)->12418K(12928K) Class: 1962K(2304K)->1962K(2304K)
[271.051s][info][gc             ] GC(666) Pause Young (Normal) (G1 Evacuation Pause) 871M->8M(1472M) 4.290ms
[271.051s][info][gc,cpu         ] GC(666) User=0.52s Sys=0.00s Real=0.00s
[271.580s][info][gc,start       ] GC(667) Pause Young (Normal) (G1 Evacuation Pause)
[271.580s][info][gc,task        ] GC(667) Using 33 workers of 33 for evacuation
[271.584s][info][gc,phases      ] GC(667)   Pre Evacuate Collection Set: 0.1ms
[271.585s][info][gc,phases      ] GC(667)   Merge Heap Roots: 0.2ms
[271.585s][info][gc,phases      ] GC(667)   Evacuate Collection Set: 0.4ms
[271.585s][info][gc,phases      ] GC(667)   Post Evacuate Collection Set: 3.4ms
[271.585s][info][gc,phases      ] GC(667)   Other: 0.1ms
[271.585s][info][gc,heap        ] GC(667) Eden regions: 54->0(54)
[271.585s][info][gc,heap        ] GC(667) Survivor regions: 1->1(7)
[271.585s][info][gc,heap        ] GC(667) Old regions: 8->8
[271.585s][info][gc,heap        ] GC(667) Archive regions: 0->0
[271.585s][info][gc,heap        ] GC(667) Humongous regions: 0->0
[271.585s][info][gc,metaspace   ] GC(667) Metaspace: 14380K(15232K)->14380K(15232K) NonClass: 12418K(12928K)->12418K(12928K) Class: 1962K(2304K)->1962K(2304K)
[271.585s][info][gc             ] GC(667) Pause Young (Normal) (G1 Evacuation Pause) 872M->8M(1472M) 4.410ms
[271.585s][info][gc,cpu         ] GC(667) User=0.00s Sys=0.00s Real=0.00s
[272.115s][info][gc,start       ] GC(668) Pause Young (Normal) (G1 Evacuation Pause)
[272.115s][info][gc,task        ] GC(668) Using 33 workers of 33 for evacuation
[272.119s][info][gc,phases      ] GC(668)   Pre Evacuate Collection Set: 0.1ms
[272.119s][info][gc,phases      ] GC(668)   Merge Heap Roots: 0.2ms
[272.119s][info][gc,phases      ] GC(668)   Evacuate Collection Set: 0.4ms
[272.119s][info][gc,phases      ] GC(668)   Post Evacuate Collection Set: 3.6ms
[272.119s][info][gc,phases      ] GC(668)   Other: 0.1ms
[272.119s][info][gc,heap        ] GC(668) Eden regions: 54->0(54)
[272.119s][info][gc,heap        ] GC(668) Survivor regions: 1->1(7)
[272.119s][info][gc,heap        ] GC(668) Old regions: 8->8
[272.119s][info][gc,heap        ] GC(668) Archive regions: 0->0
[272.119s][info][gc,heap        ] GC(668) Humongous regions: 0->0
[272.119s][info][gc,metaspace   ] GC(668) Metaspace: 14380K(15232K)->14380K(15232K) NonClass: 12418K(12928K)->12418K(12928K) Class: 1962K(2304K)->1962K(2304K)
[272.119s][info][gc             ] GC(668) Pause Young (Normal) (G1 Evacuation Pause) 872M->8M(1472M) 4.568ms
[272.119s][info][gc,cpu         ] GC(668) User=0.00s Sys=0.00s Real=0.01s
[272.648s][info][gc,start       ] GC(669) Pause Young (Normal) (G1 Evacuation Pause)
[272.648s][info][gc,task        ] GC(669) Using 33 workers of 33 for evacuation
[272.652s][info][gc,phases      ] GC(669)   Pre Evacuate Collection Set: 0.1ms
[272.652s][info][gc,phases      ] GC(669)   Merge Heap Roots: 0.2ms
[272.652s][info][gc,phases      ] GC(669)   Evacuate Collection Set: 0.4ms
[272.652s][info][gc,phases      ] GC(669)   Post Evacuate Collection Set: 3.6ms
[272.652s][info][gc,phases      ] GC(669)   Other: 0.1ms
[272.652s][info][gc,heap        ] GC(669) Eden regions: 54->0(54)
[272.652s][info][gc,heap        ] GC(669) Survivor regions: 1->1(7)
[272.652s][info][gc,heap        ] GC(669) Old regions: 8->8
[272.652s][info][gc,heap        ] GC(669) Archive regions: 0->0
[272.652s][info][gc,heap        ] GC(669) Humongous regions: 0->0
[272.652s][info][gc,metaspace   ] GC(669) Metaspace: 14380K(15232K)->14380K(15232K) NonClass: 12418K(12928K)->12418K(12928K) Class: 1962K(2304K)->1962K(2304K)
[272.652s][info][gc             ] GC(669) Pause Young (Normal) (G1 Evacuation Pause) 872M->8M(1472M) 4.653ms
[272.652s][info][gc,cpu         ] GC(669) User=0.00s Sys=0.00s Real=0.00s
[273.167s][info][gc,start       ] GC(670) Pause Young (Normal) (G1 Evacuation Pause)
[273.168s][info][gc,task        ] GC(670) Using 33 workers of 33 for evacuation
[273.172s][info][gc,phases      ] GC(670)   Pre Evacuate Collection Set: 0.1ms
[273.172s][info][gc,phases      ] GC(670)   Merge Heap Roots: 0.2ms
[273.172s][info][gc,phases      ] GC(670)   Evacuate Collection Set: 0.4ms
[273.172s][info][gc,phases      ] GC(670)   Post Evacuate Collection Set: 3.8ms
[273.172s][info][gc,phases      ] GC(670)   Other: 0.1ms
[273.172s][info][gc,heap        ] GC(670) Eden regions: 54->0(54)
[273.172s][info][gc,heap        ] GC(670) Survivor regions: 1->1(7)
[273.172s][info][gc,heap        ] GC(670) Old regions: 8->8
[273.172s][info][gc,heap        ] GC(670) Archive regions: 0->0
[273.172s][info][gc,heap        ] GC(670) Humongous regions: 0->0
[273.172s][info][gc,metaspace   ] GC(670) Metaspace: 14380K(15232K)->14380K(15232K) NonClass: 12418K(12928K)->12418K(12928K) Class: 1962K(2304K)->1962K(2304K)
[273.172s][info][gc             ] GC(670) Pause Young (Normal) (G1 Evacuation Pause) 872M->8M(1472M) 4.872ms
[273.172s][info][gc,cpu         ] GC(670) User=0.00s Sys=0.00s Real=0.00s
[273.420s][info][gc,start       ] GC(671) Pause Full (System.gc())
[273.421s][info][gc,task        ] GC(671) Using 8 workers of 33 for full compaction
[273.421s][info][gc,phases,start] GC(671) Phase 1: Mark live objects
[273.431s][info][gc,phases      ] GC(671) Phase 1: Mark live objects 9.866ms
[273.431s][info][gc,phases,start] GC(671) Phase 2: Prepare compaction
[273.433s][info][gc,phases      ] GC(671) Phase 2: Prepare compaction 1.838ms
[273.433s][info][gc,phases,start] GC(671) Phase 3: Adjust pointers
[273.441s][info][gc,phases      ] GC(671) Phase 3: Adjust pointers 7.981ms
[273.441s][info][gc,phases,start] GC(671) Phase 4: Compact heap
[273.442s][info][gc,phases      ] GC(671) Phase 4: Compact heap 0.884ms
[273.449s][info][gc,heap        ] GC(671) Eden regions: 23->0(16)
[273.449s][info][gc,heap        ] GC(671) Survivor regions: 1->0(7)
[273.449s][info][gc,heap        ] GC(671) Old regions: 8->8
[273.449s][info][gc,heap        ] GC(671) Archive regions: 0->0
[273.449s][info][gc,heap        ] GC(671) Humongous regions: 0->0
[273.449s][info][gc,metaspace   ] GC(671) Metaspace: 14380K(15232K)->14380K(15232K) NonClass: 12418K(12928K)->12418K(12928K) Class: 1962K(2304K)->1962K(2304K)
[273.449s][info][gc             ] GC(671) Pause Full (System.gc()) 371M->5M(432M) 29.030ms
[273.450s][info][gc,cpu         ] GC(671) User=0.13s Sys=0.00s Real=0.02s
[273.640s][info][gc,start       ] GC(672) Pause Young (Normal) (G1 Evacuation Pause)
[273.640s][info][gc,task        ] GC(672) Using 33 workers of 33 for evacuation
[273.647s][info][gc,phases      ] GC(672)   Pre Evacuate Collection Set: 0.1ms
[273.647s][info][gc,phases      ] GC(672)   Merge Heap Roots: 0.1ms
[273.647s][info][gc,phases      ] GC(672)   Evacuate Collection Set: 0.5ms
[273.647s][info][gc,phases      ] GC(672)   Post Evacuate Collection Set: 5.8ms
[273.647s][info][gc,phases      ] GC(672)   Other: 0.1ms
[273.647s][info][gc,heap        ] GC(672) Eden regions: 16->0(45)
[273.647s][info][gc,heap        ] GC(672) Survivor regions: 0->1(2)
[273.647s][info][gc,heap        ] GC(672) Old regions: 8->8
[273.647s][info][gc,heap        ] GC(672) Archive regions: 0->0
[273.647s][info][gc,heap        ] GC(672) Humongous regions: 0->0
[273.647s][info][gc,metaspace   ] GC(672) Metaspace: 14381K(15232K)->14381K(15232K) NonClass: 12418K(12928K)->12418K(12928K) Class: 1962K(2304K)->1962K(2304K)
[273.647s][info][gc             ] GC(672) Pause Young (Normal) (G1 Evacuation Pause) 261M->6M(1248M) 7.039ms
[273.647s][info][gc,cpu         ] GC(672) User=0.00s Sys=0.00s Real=0.00s
[274.104s][info][gc,start       ] GC(673) Pause Young (Normal) (G1 Evacuation Pause)
[274.104s][info][gc,task        ] GC(673) Using 33 workers of 33 for evacuation
[274.109s][info][gc,phases      ] GC(673)   Pre Evacuate Collection Set: 0.1ms
[274.109s][info][gc,phases      ] GC(673)   Merge Heap Roots: 0.1ms
[274.109s][info][gc,phases      ] GC(673)   Evacuate Collection Set: 1.7ms
[274.109s][info][gc,phases      ] GC(673)   Post Evacuate Collection Set: 3.2ms
[274.109s][info][gc,phases      ] GC(673)   Other: 0.1ms
[274.109s][info][gc,heap        ] GC(673) Eden regions: 45->0(45)
[274.109s][info][gc,heap        ] GC(673) Survivor regions: 1->1(6)
[274.109s][info][gc,heap        ] GC(673) Old regions: 8->8
[274.109s][info][gc,heap        ] GC(673) Archive regions: 0->0
[274.109s][info][gc,heap        ] GC(673) Humongous regions: 0->0
[274.109s][info][gc,metaspace   ] GC(673) Metaspace: 14381K(15232K)->14381K(15232K) NonClass: 12418K(12928K)->12418K(12928K) Class: 1962K(2304K)->1962K(2304K)
[274.109s][info][gc             ] GC(673) Pause Young (Normal) (G1 Evacuation Pause) 726M->6M(1248M) 5.471ms
[274.109s][info][gc,cpu         ] GC(673) User=0.00s Sys=0.00s Real=0.00s
[274.556s][info][gc,start       ] GC(674) Pause Young (Normal) (G1 Evacuation Pause)
[274.556s][info][gc,task        ] GC(674) Using 33 workers of 33 for evacuation
[274.562s][info][gc,phases      ] GC(674)   Pre Evacuate Collection Set: 0.1ms
[274.562s][info][gc,phases      ] GC(674)   Merge Heap Roots: 0.1ms
[274.562s][info][gc,phases      ] GC(674)   Evacuate Collection Set: 1.9ms
[274.562s][info][gc,phases      ] GC(674)   Post Evacuate Collection Set: 3.3ms
[274.562s][info][gc,phases      ] GC(674)   Other: 0.1ms
[274.562s][info][gc,heap        ] GC(674) Eden regions: 45->0(45)
[274.562s][info][gc,heap        ] GC(674) Survivor regions: 1->1(6)
[274.562s][info][gc,heap        ] GC(674) Old regions: 8->8
[274.562s][info][gc,heap        ] GC(674) Archive regions: 0->0
[274.562s][info][gc,heap        ] GC(674) Humongous regions: 0->0
[274.562s][info][gc,metaspace   ] GC(674) Metaspace: 14381K(15232K)->14381K(15232K) NonClass: 12418K(12928K)->12418K(12928K) Class: 1962K(2304K)->1962K(2304K)
[274.562s][info][gc             ] GC(674) Pause Young (Normal) (G1 Evacuation Pause) 726M->6M(1248M) 5.786ms
[274.562s][info][gc,cpu         ] GC(674) User=0.00s Sys=0.00s Real=0.01s
[275.001s][info][gc,start       ] GC(675) Pause Young (Normal) (G1 Evacuation Pause)
[275.001s][info][gc,task        ] GC(675) Using 33 workers of 33 for evacuation
[275.006s][info][gc,phases      ] GC(675)   Pre Evacuate Collection Set: 0.1ms
[275.006s][info][gc,phases      ] GC(675)   Merge Heap Roots: 0.1ms
[275.006s][info][gc,phases      ] GC(675)   Evacuate Collection Set: 0.6ms
[275.006s][info][gc,phases      ] GC(675)   Post Evacuate Collection Set: 3.5ms
[275.006s][info][gc,phases      ] GC(675)   Other: 0.1ms
[275.006s][info][gc,heap        ] GC(675) Eden regions: 45->0(45)
[275.006s][info][gc,heap        ] GC(675) Survivor regions: 1->1(6)
[275.006s][info][gc,heap        ] GC(675) Old regions: 8->8
[275.006s][info][gc,heap        ] GC(675) Archive regions: 0->0
[275.006s][info][gc,heap        ] GC(675) Humongous regions: 0->0
[275.006s][info][gc,metaspace   ] GC(675) Metaspace: 14381K(15232K)->14381K(15232K) NonClass: 12418K(12928K)->12418K(12928K) Class: 1962K(2304K)->1962K(2304K)
[275.006s][info][gc             ] GC(675) Pause Young (Normal) (G1 Evacuation Pause) 726M->6M(1248M) 4.617ms
[275.006s][info][gc,cpu         ] GC(675) User=0.52s Sys=0.00s Real=0.00s
[275.441s][info][gc,start       ] GC(676) Pause Young (Normal) (G1 Evacuation Pause)
[275.441s][info][gc,task        ] GC(676) Using 33 workers of 33 for evacuation
[275.445s][info][gc,phases      ] GC(676)   Pre Evacuate Collection Set: 0.1ms
[275.445s][info][gc,phases      ] GC(676)   Merge Heap Roots: 0.1ms
[275.445s][info][gc,phases      ] GC(676)   Evacuate Collection Set: 0.6ms
[275.445s][info][gc,phases      ] GC(676)   Post Evacuate Collection Set: 3.4ms
[275.445s][info][gc,phases      ] GC(676)   Other: 0.1ms
[275.445s][info][gc,heap        ] GC(676) Eden regions: 45->0(45)
[275.445s][info][gc,heap        ] GC(676) Survivor regions: 1->1(6)
[275.445s][info][gc,heap        ] GC(676) Old regions: 8->8
[275.445s][info][gc,heap        ] GC(676) Archive regions: 0->0
[275.445s][info][gc,heap        ] GC(676) Humongous regions: 0->0
[275.445s][info][gc,metaspace   ] GC(676) Metaspace: 14381K(15232K)->14381K(15232K) NonClass: 12418K(12928K)->12418K(12928K) Class: 1962K(2304K)->1962K(2304K)
[275.445s][info][gc             ] GC(676) Pause Young (Normal) (G1 Evacuation Pause) 726M->7M(1248M) 4.546ms
[275.445s][info][gc,cpu         ] GC(676) User=0.00s Sys=0.00s Real=0.00s
[275.889s][info][gc,start       ] GC(677) Pause Young (Normal) (G1 Evacuation Pause)
[275.889s][info][gc,task        ] GC(677) Using 33 workers of 33 for evacuation
[275.893s][info][gc,phases      ] GC(677)   Pre Evacuate Collection Set: 0.1ms
[275.893s][info][gc,phases      ] GC(677)   Merge Heap Roots: 0.1ms
[275.893s][info][gc,phases      ] GC(677)   Evacuate Collection Set: 0.5ms
[275.893s][info][gc,phases      ] GC(677)   Post Evacuate Collection Set: 3.4ms
[275.893s][info][gc,phases      ] GC(677)   Other: 0.1ms
[275.893s][info][gc,heap        ] GC(677) Eden regions: 45->0(45)
[275.893s][info][gc,heap        ] GC(677) Survivor regions: 1->1(6)
[275.893s][info][gc,heap        ] GC(677) Old regions: 8->8
[275.893s][info][gc,heap        ] GC(677) Archive regions: 0->0
[275.893s][info][gc,heap        ] GC(677) Humongous regions: 0->0
[275.893s][info][gc,metaspace   ] GC(677) Metaspace: 14381K(15232K)->14381K(15232K) NonClass: 12418K(12928K)->12418K(12928K) Class: 1962K(2304K)->1962K(2304K)
[275.893s][info][gc             ] GC(677) Pause Young (Normal) (G1 Evacuation Pause) 727M->7M(1248M) 4.502ms
[275.893s][info][gc,cpu         ] GC(677) User=0.52s Sys=0.00s Real=0.00s
[276.350s][info][gc,start       ] GC(678) Pause Young (Normal) (G1 Evacuation Pause)
[276.350s][info][gc,task        ] GC(678) Using 33 workers of 33 for evacuation
[276.354s][info][gc,phases      ] GC(678)   Pre Evacuate Collection Set: 0.1ms
[276.354s][info][gc,phases      ] GC(678)   Merge Heap Roots: 0.1ms
[276.354s][info][gc,phases      ] GC(678)   Evacuate Collection Set: 0.6ms
[276.354s][info][gc,phases      ] GC(678)   Post Evacuate Collection Set: 3.2ms
[276.354s][info][gc,phases      ] GC(678)   Other: 0.1ms
[276.354s][info][gc,heap        ] GC(678) Eden regions: 45->0(45)
[276.354s][info][gc,heap        ] GC(678) Survivor regions: 1->1(6)
[276.354s][info][gc,heap        ] GC(678) Old regions: 8->8
[276.354s][info][gc,heap        ] GC(678) Archive regions: 0->0
[276.354s][info][gc,heap        ] GC(678) Humongous regions: 0->0
[276.354s][info][gc,metaspace   ] GC(678) Metaspace: 14381K(15232K)->14381K(15232K) NonClass: 12418K(12928K)->12418K(12928K) Class: 1962K(2304K)->1962K(2304K)
[276.354s][info][gc             ] GC(678) Pause Young (Normal) (G1 Evacuation Pause) 727M->7M(1248M) 4.359ms
[276.354s][info][gc,cpu         ] GC(678) User=0.00s Sys=0.00s Real=0.00s
[276.806s][info][gc,start       ] GC(679) Pause Young (Normal) (G1 Evacuation Pause)
[276.806s][info][gc,task        ] GC(679) Using 33 workers of 33 for evacuation
[276.810s][info][gc,phases      ] GC(679)   Pre Evacuate Collection Set: 0.1ms
[276.810s][info][gc,phases      ] GC(679)   Merge Heap Roots: 0.1ms
[276.810s][info][gc,phases      ] GC(679)   Evacuate Collection Set: 0.6ms
[276.810s][info][gc,phases      ] GC(679)   Post Evacuate Collection Set: 3.1ms
[276.810s][info][gc,phases      ] GC(679)   Other: 0.1ms
[276.810s][info][gc,heap        ] GC(679) Eden regions: 45->0(45)
[276.810s][info][gc,heap        ] GC(679) Survivor regions: 1->1(6)
[276.810s][info][gc,heap        ] GC(679) Old regions: 8->8
[276.810s][info][gc,heap        ] GC(679) Archive regions: 0->0
[276.810s][info][gc,heap        ] GC(679) Humongous regions: 0->0
[276.810s][info][gc,metaspace   ] GC(679) Metaspace: 14381K(15232K)->14381K(15232K) NonClass: 12418K(12928K)->12418K(12928K) Class: 1962K(2304K)->1962K(2304K)
[276.810s][info][gc             ] GC(679) Pause Young (Normal) (G1 Evacuation Pause) 727M->7M(1248M) 4.241ms
[276.810s][info][gc,cpu         ] GC(679) User=0.00s Sys=0.00s Real=0.00s
[277.249s][info][gc,start       ] GC(680) Pause Young (Normal) (G1 Evacuation Pause)
[277.249s][info][gc,task        ] GC(680) Using 33 workers of 33 for evacuation
[277.253s][info][gc,phases      ] GC(680)   Pre Evacuate Collection Set: 0.1ms
[277.253s][info][gc,phases      ] GC(680)   Merge Heap Roots: 0.1ms
[277.253s][info][gc,phases      ] GC(680)   Evacuate Collection Set: 0.6ms
[277.253s][info][gc,phases      ] GC(680)   Post Evacuate Collection Set: 3.2ms
[277.253s][info][gc,phases      ] GC(680)   Other: 0.1ms
[277.253s][info][gc,heap        ] GC(680) Eden regions: 45->0(45)
[277.253s][info][gc,heap        ] GC(680) Survivor regions: 1->1(6)
[277.253s][info][gc,heap        ] GC(680) Old regions: 8->8
[277.253s][info][gc,heap        ] GC(680) Archive regions: 0->0
[277.253s][info][gc,heap        ] GC(680) Humongous regions: 0->0
[277.253s][info][gc,metaspace   ] GC(680) Metaspace: 14381K(15232K)->14381K(15232K) NonClass: 12418K(12928K)->12418K(12928K) Class: 1962K(2304K)->1962K(2304K)
[277.253s][info][gc             ] GC(680) Pause Young (Normal) (G1 Evacuation Pause) 727M->7M(1248M) 4.350ms
[277.253s][info][gc,cpu         ] GC(680) User=0.00s Sys=0.00s Real=0.00s
[277.696s][info][gc,start       ] GC(681) Pause Young (Normal) (G1 Evacuation Pause)
[277.696s][info][gc,task        ] GC(681) Using 33 workers of 33 for evacuation
[277.701s][info][gc,phases      ] GC(681)   Pre Evacuate Collection Set: 0.1ms
[277.701s][info][gc,phases      ] GC(681)   Merge Heap Roots: 0.1ms
[277.701s][info][gc,phases      ] GC(681)   Evacuate Collection Set: 0.6ms
[277.701s][info][gc,phases      ] GC(681)   Post Evacuate Collection Set: 3.4ms
[277.701s][info][gc,phases      ] GC(681)   Other: 0.1ms
[277.701s][info][gc,heap        ] GC(681) Eden regions: 45->0(45)
[277.701s][info][gc,heap        ] GC(681) Survivor regions: 1->1(6)
[277.701s][info][gc,heap        ] GC(681) Old regions: 8->8
[277.701s][info][gc,heap        ] GC(681) Archive regions: 0->0
[277.701s][info][gc,heap        ] GC(681) Humongous regions: 0->0
[277.701s][info][gc,metaspace   ] GC(681) Metaspace: 14381K(15232K)->14381K(15232K) NonClass: 12418K(12928K)->12418K(12928K) Class: 1962K(2304K)->1962K(2304K)
[277.701s][info][gc             ] GC(681) Pause Young (Normal) (G1 Evacuation Pause) 727M->7M(1248M) 4.508ms
[277.701s][info][gc,cpu         ] GC(681) User=0.00s Sys=0.00s Real=0.00s
[278.141s][info][gc,start       ] GC(682) Pause Young (Normal) (G1 Evacuation Pause)
[278.141s][info][gc,task        ] GC(682) Using 33 workers of 33 for evacuation
[278.145s][info][gc,phases      ] GC(682)   Pre Evacuate Collection Set: 0.1ms
[278.145s][info][gc,phases      ] GC(682)   Merge Heap Roots: 0.1ms
[278.145s][info][gc,phases      ] GC(682)   Evacuate Collection Set: 0.6ms
[278.145s][info][gc,phases      ] GC(682)   Post Evacuate Collection Set: 3.5ms
[278.145s][info][gc,phases      ] GC(682)   Other: 0.1ms
[278.145s][info][gc,heap        ] GC(682) Eden regions: 45->0(45)
[278.146s][info][gc,heap        ] GC(682) Survivor regions: 1->1(6)
[278.146s][info][gc,heap        ] GC(682) Old regions: 8->8
[278.146s][info][gc,heap        ] GC(682) Archive regions: 0->0
[278.146s][info][gc,heap        ] GC(682) Humongous regions: 0->0
[278.146s][info][gc,metaspace   ] GC(682) Metaspace: 14381K(15232K)->14381K(15232K) NonClass: 12418K(12928K)->12418K(12928K) Class: 1962K(2304K)->1962K(2304K)
[278.146s][info][gc             ] GC(682) Pause Young (Normal) (G1 Evacuation Pause) 727M->7M(1248M) 4.597ms
[278.146s][info][gc,cpu         ] GC(682) User=0.52s Sys=0.00s Real=0.00s
[278.577s][info][gc,start       ] GC(683) Pause Young (Normal) (G1 Evacuation Pause)
[278.577s][info][gc,task        ] GC(683) Using 33 workers of 33 for evacuation
[278.582s][info][gc,phases      ] GC(683)   Pre Evacuate Collection Set: 0.1ms
[278.582s][info][gc,phases      ] GC(683)   Merge Heap Roots: 0.1ms
[278.582s][info][gc,phases      ] GC(683)   Evacuate Collection Set: 0.6ms
[278.582s][info][gc,phases      ] GC(683)   Post Evacuate Collection Set: 3.5ms
[278.582s][info][gc,phases      ] GC(683)   Other: 0.1ms
[278.582s][info][gc,heap        ] GC(683) Eden regions: 45->0(45)
[278.582s][info][gc,heap        ] GC(683) Survivor regions: 1->1(6)
[278.582s][info][gc,heap        ] GC(683) Old regions: 8->8
[278.582s][info][gc,heap        ] GC(683) Archive regions: 0->0
[278.582s][info][gc,heap        ] GC(683) Humongous regions: 0->0
[278.582s][info][gc,metaspace   ] GC(683) Metaspace: 14381K(15232K)->14381K(15232K) NonClass: 12418K(12928K)->12418K(12928K) Class: 1962K(2304K)->1962K(2304K)
[278.582s][info][gc             ] GC(683) Pause Young (Normal) (G1 Evacuation Pause) 727M->7M(1248M) 4.674ms
[278.582s][info][gc,cpu         ] GC(683) User=0.52s Sys=0.00s Real=0.00s
[279.044s][info][gc,start       ] GC(684) Pause Young (Normal) (G1 Evacuation Pause)
[279.044s][info][gc,task        ] GC(684) Using 33 workers of 33 for evacuation
[279.048s][info][gc,phases      ] GC(684)   Pre Evacuate Collection Set: 0.1ms
[279.048s][info][gc,phases      ] GC(684)   Merge Heap Roots: 0.1ms
[279.048s][info][gc,phases      ] GC(684)   Evacuate Collection Set: 0.6ms
[279.048s][info][gc,phases      ] GC(684)   Post Evacuate Collection Set: 3.1ms
[279.048s][info][gc,phases      ] GC(684)   Other: 0.1ms
[279.048s][info][gc,heap        ] GC(684) Eden regions: 45->0(45)
[279.048s][info][gc,heap        ] GC(684) Survivor regions: 1->1(6)
[279.048s][info][gc,heap        ] GC(684) Old regions: 8->8
[279.048s][info][gc,heap        ] GC(684) Archive regions: 0->0
[279.048s][info][gc,heap        ] GC(684) Humongous regions: 0->0
[279.048s][info][gc,metaspace   ] GC(684) Metaspace: 14381K(15232K)->14381K(15232K) NonClass: 12418K(12928K)->12418K(12928K) Class: 1962K(2304K)->1962K(2304K)
[279.048s][info][gc             ] GC(684) Pause Young (Normal) (G1 Evacuation Pause) 727M->7M(1248M) 4.344ms
[279.048s][info][gc,cpu         ] GC(684) User=0.00s Sys=0.00s Real=0.00s
[279.500s][info][gc,start       ] GC(685) Pause Young (Normal) (G1 Evacuation Pause)
[279.500s][info][gc,task        ] GC(685) Using 33 workers of 33 for evacuation
[279.504s][info][gc,phases      ] GC(685)   Pre Evacuate Collection Set: 0.1ms
[279.504s][info][gc,phases      ] GC(685)   Merge Heap Roots: 0.1ms
[279.504s][info][gc,phases      ] GC(685)   Evacuate Collection Set: 0.6ms
[279.504s][info][gc,phases      ] GC(685)   Post Evacuate Collection Set: 3.0ms
[279.504s][info][gc,phases      ] GC(685)   Other: 0.1ms
[279.504s][info][gc,heap        ] GC(685) Eden regions: 45->0(45)
[279.504s][info][gc,heap        ] GC(685) Survivor regions: 1->1(6)
[279.504s][info][gc,heap        ] GC(685) Old regions: 8->8
[279.504s][info][gc,heap        ] GC(685) Archive regions: 0->0
[279.504s][info][gc,heap        ] GC(685) Humongous regions: 0->0
[279.504s][info][gc,metaspace   ] GC(685) Metaspace: 14381K(15232K)->14381K(15232K) NonClass: 12418K(12928K)->12418K(12928K) Class: 1962K(2304K)->1962K(2304K)
[279.505s][info][gc             ] GC(685) Pause Young (Normal) (G1 Evacuation Pause) 727M->7M(1248M) 4.224ms
[279.505s][info][gc,cpu         ] GC(685) User=0.52s Sys=0.00s Real=0.00s
[279.938s][info][gc,start       ] GC(686) Pause Young (Normal) (G1 Evacuation Pause)
[279.938s][info][gc,task        ] GC(686) Using 33 workers of 33 for evacuation
[279.942s][info][gc,phases      ] GC(686)   Pre Evacuate Collection Set: 0.1ms
[279.942s][info][gc,phases      ] GC(686)   Merge Heap Roots: 0.1ms
[279.942s][info][gc,phases      ] GC(686)   Evacuate Collection Set: 0.7ms
[279.942s][info][gc,phases      ] GC(686)   Post Evacuate Collection Set: 3.1ms
[279.942s][info][gc,phases      ] GC(686)   Other: 0.1ms
[279.942s][info][gc,heap        ] GC(686) Eden regions: 45->0(45)
[279.942s][info][gc,heap        ] GC(686) Survivor regions: 1->1(6)
[279.942s][info][gc,heap        ] GC(686) Old regions: 8->8
[279.942s][info][gc,heap        ] GC(686) Archive regions: 0->0
[279.942s][info][gc,heap        ] GC(686) Humongous regions: 0->0
[279.942s][info][gc,metaspace   ] GC(686) Metaspace: 14381K(15232K)->14381K(15232K) NonClass: 12418K(12928K)->12418K(12928K) Class: 1962K(2304K)->1962K(2304K)
[279.942s][info][gc             ] GC(686) Pause Young (Normal) (G1 Evacuation Pause) 727M->7M(1248M) 4.396ms
[279.942s][info][gc,cpu         ] GC(686) User=0.00s Sys=0.52s Real=0.00s
[280.383s][info][gc,start       ] GC(687) Pause Young (Normal) (G1 Evacuation Pause)
[280.383s][info][gc,task        ] GC(687) Using 33 workers of 33 for evacuation
[280.388s][info][gc,phases      ] GC(687)   Pre Evacuate Collection Set: 0.1ms
[280.388s][info][gc,phases      ] GC(687)   Merge Heap Roots: 0.1ms
[280.388s][info][gc,phases      ] GC(687)   Evacuate Collection Set: 0.6ms
[280.388s][info][gc,phases      ] GC(687)   Post Evacuate Collection Set: 3.3ms
[280.388s][info][gc,phases      ] GC(687)   Other: 0.1ms
[280.388s][info][gc,heap        ] GC(687) Eden regions: 45->0(45)
[280.388s][info][gc,heap        ] GC(687) Survivor regions: 1->1(6)
[280.388s][info][gc,heap        ] GC(687) Old regions: 8->9
[280.388s][info][gc,heap        ] GC(687) Archive regions: 0->0
[280.388s][info][gc,heap        ] GC(687) Humongous regions: 0->0
[280.388s][info][gc,metaspace   ] GC(687) Metaspace: 14381K(15232K)->14381K(15232K) NonClass: 12418K(12928K)->12418K(12928K) Class: 1962K(2304K)->1962K(2304K)
[280.388s][info][gc             ] GC(687) Pause Young (Normal) (G1 Evacuation Pause) 727M->7M(1248M) 4.429ms
[280.388s][info][gc,cpu         ] GC(687) User=0.00s Sys=0.00s Real=0.00s
[280.836s][info][gc,start       ] GC(688) Pause Young (Normal) (G1 Evacuation Pause)
[280.836s][info][gc,task        ] GC(688) Using 33 workers of 33 for evacuation
[280.840s][info][gc,phases      ] GC(688)   Pre Evacuate Collection Set: 0.1ms
[280.840s][info][gc,phases      ] GC(688)   Merge Heap Roots: 0.2ms
[280.840s][info][gc,phases      ] GC(688)   Evacuate Collection Set: 0.4ms
[280.840s][info][gc,phases      ] GC(688)   Post Evacuate Collection Set: 3.4ms
[280.841s][info][gc,phases      ] GC(688)   Other: 0.1ms
[280.841s][info][gc,heap        ] GC(688) Eden regions: 45->0(45)
[280.841s][info][gc,heap        ] GC(688) Survivor regions: 1->1(6)
[280.841s][info][gc,heap        ] GC(688) Old regions: 9->9
[280.841s][info][gc,heap        ] GC(688) Archive regions: 0->0
[280.841s][info][gc,heap        ] GC(688) Humongous regions: 0->0
[280.841s][info][gc,metaspace   ] GC(688) Metaspace: 14381K(15232K)->14381K(15232K) NonClass: 12418K(12928K)->12418K(12928K) Class: 1962K(2304K)->1962K(2304K)
[280.841s][info][gc             ] GC(688) Pause Young (Normal) (G1 Evacuation Pause) 727M->7M(1248M) 4.429ms
[280.841s][info][gc,cpu         ] GC(688) User=0.00s Sys=0.00s Real=0.00s
[281.404s][info][gc,start       ] GC(689) Pause Young (Normal) (G1 Evacuation Pause)
[281.405s][info][gc,task        ] GC(689) Using 33 workers of 33 for evacuation
[281.410s][info][gc,phases      ] GC(689)   Pre Evacuate Collection Set: 0.2ms
[281.410s][info][gc,phases      ] GC(689)   Merge Heap Roots: 0.2ms
[281.410s][info][gc,phases      ] GC(689)   Evacuate Collection Set: 0.7ms
[281.410s][info][gc,phases      ] GC(689)   Post Evacuate Collection Set: 4.4ms
[281.411s][info][gc,phases      ] GC(689)   Other: 0.1ms
[281.411s][info][gc,heap        ] GC(689) Eden regions: 45->0(45)
[281.411s][info][gc,heap        ] GC(689) Survivor regions: 1->1(6)
[281.411s][info][gc,heap        ] GC(689) Old regions: 9->9
[281.411s][info][gc,heap        ] GC(689) Archive regions: 0->0
[281.411s][info][gc,heap        ] GC(689) Humongous regions: 0->0
[281.411s][info][gc,metaspace   ] GC(689) Metaspace: 14381K(15232K)->14381K(15232K) NonClass: 12418K(12928K)->12418K(12928K) Class: 1962K(2304K)->1962K(2304K)
[281.411s][info][gc             ] GC(689) Pause Young (Normal) (G1 Evacuation Pause) 727M->7M(1248M) 6.276ms
[281.411s][info][gc,cpu         ] GC(689) User=0.00s Sys=0.00s Real=0.00s
[281.878s][info][gc,start       ] GC(690) Pause Young (Normal) (G1 Evacuation Pause)
[281.879s][info][gc,task        ] GC(690) Using 33 workers of 33 for evacuation
[281.882s][info][gc,phases      ] GC(690)   Pre Evacuate Collection Set: 0.1ms
[281.882s][info][gc,phases      ] GC(690)   Merge Heap Roots: 0.2ms
[281.882s][info][gc,phases      ] GC(690)   Evacuate Collection Set: 0.4ms
[281.882s][info][gc,phases      ] GC(690)   Post Evacuate Collection Set: 3.1ms
[281.882s][info][gc,phases      ] GC(690)   Other: 0.1ms
[281.882s][info][gc,heap        ] GC(690) Eden regions: 45->0(45)
[281.882s][info][gc,heap        ] GC(690) Survivor regions: 1->1(6)
[281.882s][info][gc,heap        ] GC(690) Old regions: 9->9
[281.882s][info][gc,heap        ] GC(690) Archive regions: 0->0
[281.882s][info][gc,heap        ] GC(690) Humongous regions: 0->0
[281.882s][info][gc,metaspace   ] GC(690) Metaspace: 14381K(15232K)->14381K(15232K) NonClass: 12418K(12928K)->12418K(12928K) Class: 1962K(2304K)->1962K(2304K)
[281.883s][info][gc             ] GC(690) Pause Young (Normal) (G1 Evacuation Pause) 727M->8M(1248M) 4.118ms
[281.883s][info][gc,cpu         ] GC(690) User=0.00s Sys=0.00s Real=0.00s
[282.327s][info][gc,start       ] GC(691) Pause Young (Normal) (G1 Evacuation Pause)
[282.327s][info][gc,task        ] GC(691) Using 33 workers of 33 for evacuation
[282.331s][info][gc,phases      ] GC(691)   Pre Evacuate Collection Set: 0.1ms
[282.331s][info][gc,phases      ] GC(691)   Merge Heap Roots: 0.1ms
[282.331s][info][gc,phases      ] GC(691)   Evacuate Collection Set: 0.4ms
[282.331s][info][gc,phases      ] GC(691)   Post Evacuate Collection Set: 3.3ms
[282.331s][info][gc,phases      ] GC(691)   Other: 0.1ms
[282.331s][info][gc,heap        ] GC(691) Eden regions: 45->0(45)
[282.331s][info][gc,heap        ] GC(691) Survivor regions: 1->1(6)
[282.331s][info][gc,heap        ] GC(691) Old regions: 9->9
[282.331s][info][gc,heap        ] GC(691) Archive regions: 0->0
[282.331s][info][gc,heap        ] GC(691) Humongous regions: 0->0
[282.331s][info][gc,metaspace   ] GC(691) Metaspace: 14381K(15232K)->14381K(15232K) NonClass: 12418K(12928K)->12418K(12928K) Class: 1962K(2304K)->1962K(2304K)
[282.331s][info][gc             ] GC(691) Pause Young (Normal) (G1 Evacuation Pause) 728M->8M(1248M) 4.313ms
[282.331s][info][gc,cpu         ] GC(691) User=0.00s Sys=0.00s Real=0.00s
[282.786s][info][gc,start       ] GC(692) Pause Young (Normal) (G1 Evacuation Pause)
[282.786s][info][gc,task        ] GC(692) Using 33 workers of 33 for evacuation
[282.790s][info][gc,phases      ] GC(692)   Pre Evacuate Collection Set: 0.1ms
[282.790s][info][gc,phases      ] GC(692)   Merge Heap Roots: 0.1ms
[282.790s][info][gc,phases      ] GC(692)   Evacuate Collection Set: 0.4ms
[282.790s][info][gc,phases      ] GC(692)   Post Evacuate Collection Set: 3.2ms
[282.790s][info][gc,phases      ] GC(692)   Other: 0.1ms
[282.790s][info][gc,heap        ] GC(692) Eden regions: 45->0(45)
[282.790s][info][gc,heap        ] GC(692) Survivor regions: 1->1(6)
[282.790s][info][gc,heap        ] GC(692) Old regions: 9->9
[282.790s][info][gc,heap        ] GC(692) Archive regions: 0->0
[282.790s][info][gc,heap        ] GC(692) Humongous regions: 0->0
[282.790s][info][gc,metaspace   ] GC(692) Metaspace: 14381K(15232K)->14381K(15232K) NonClass: 12418K(12928K)->12418K(12928K) Class: 1962K(2304K)->1962K(2304K)
[282.790s][info][gc             ] GC(692) Pause Young (Normal) (G1 Evacuation Pause) 728M->8M(1248M) 4.176ms
[282.790s][info][gc,cpu         ] GC(692) User=0.00s Sys=0.00s Real=0.00s
[283.233s][info][gc,start       ] GC(693) Pause Young (Normal) (G1 Evacuation Pause)
[283.233s][info][gc,task        ] GC(693) Using 33 workers of 33 for evacuation
[283.237s][info][gc,phases      ] GC(693)   Pre Evacuate Collection Set: 0.1ms
[283.237s][info][gc,phases      ] GC(693)   Merge Heap Roots: 0.1ms
[283.237s][info][gc,phases      ] GC(693)   Evacuate Collection Set: 0.4ms
[283.238s][info][gc,phases      ] GC(693)   Post Evacuate Collection Set: 3.3ms
[283.238s][info][gc,phases      ] GC(693)   Other: 0.1ms
[283.238s][info][gc,heap        ] GC(693) Eden regions: 45->0(45)
[283.238s][info][gc,heap        ] GC(693) Survivor regions: 1->1(6)
[283.238s][info][gc,heap        ] GC(693) Old regions: 9->9
[283.238s][info][gc,heap        ] GC(693) Archive regions: 0->0
[283.238s][info][gc,heap        ] GC(693) Humongous regions: 0->0
[283.238s][info][gc,metaspace   ] GC(693) Metaspace: 14381K(15232K)->14381K(15232K) NonClass: 12418K(12928K)->12418K(12928K) Class: 1962K(2304K)->1962K(2304K)
[283.238s][info][gc             ] GC(693) Pause Young (Normal) (G1 Evacuation Pause) 728M->8M(1248M) 4.268ms
[283.238s][info][gc,cpu         ] GC(693) User=0.52s Sys=0.00s Real=0.01s
[283.680s][info][gc,start       ] GC(694) Pause Young (Normal) (G1 Evacuation Pause)
[283.681s][info][gc,task        ] GC(694) Using 33 workers of 33 for evacuation
[283.685s][info][gc,phases      ] GC(694)   Pre Evacuate Collection Set: 0.1ms
[283.685s][info][gc,phases      ] GC(694)   Merge Heap Roots: 0.2ms
[283.685s][info][gc,phases      ] GC(694)   Evacuate Collection Set: 0.4ms
[283.685s][info][gc,phases      ] GC(694)   Post Evacuate Collection Set: 3.4ms
[283.685s][info][gc,phases      ] GC(694)   Other: 0.1ms
[283.685s][info][gc,heap        ] GC(694) Eden regions: 45->0(45)
[283.685s][info][gc,heap        ] GC(694) Survivor regions: 1->1(6)
[283.685s][info][gc,heap        ] GC(694) Old regions: 9->9
[283.685s][info][gc,heap        ] GC(694) Archive regions: 0->0
[283.685s][info][gc,heap        ] GC(694) Humongous regions: 0->0
[283.685s][info][gc,metaspace   ] GC(694) Metaspace: 14381K(15232K)->14381K(15232K) NonClass: 12418K(12928K)->12418K(12928K) Class: 1962K(2304K)->1962K(2304K)
[283.685s][info][gc             ] GC(694) Pause Young (Normal) (G1 Evacuation Pause) 728M->8M(1248M) 4.407ms
[283.685s][info][gc,cpu         ] GC(694) User=0.00s Sys=0.00s Real=0.00s
[284.061s][info][gc,start       ] GC(695) Pause Young (Normal) (G1 Evacuation Pause)
[284.061s][info][gc,task        ] GC(695) Using 31 workers of 33 for evacuation
[284.065s][info][gc,phases      ] GC(695)   Pre Evacuate Collection Set: 0.1ms
[284.065s][info][gc,phases      ] GC(695)   Merge Heap Roots: 0.2ms
[284.065s][info][gc,phases      ] GC(695)   Evacuate Collection Set: 0.3ms
[284.065s][info][gc,phases      ] GC(695)   Post Evacuate Collection Set: 3.7ms
[284.065s][info][gc,phases      ] GC(695)   Other: 0.1ms
[284.066s][info][gc,heap        ] GC(695) Eden regions: 45->0(45)
[284.066s][info][gc,heap        ] GC(695) Survivor regions: 1->1(6)
[284.066s][info][gc,heap        ] GC(695) Old regions: 9->9
[284.066s][info][gc,heap        ] GC(695) Archive regions: 0->0
[284.066s][info][gc,heap        ] GC(695) Humongous regions: 0->0
[284.066s][info][gc,metaspace   ] GC(695) Metaspace: 14381K(15232K)->14381K(15232K) NonClass: 12418K(12928K)->12418K(12928K) Class: 1962K(2304K)->1962K(2304K)
[284.066s][info][gc             ] GC(695) Pause Young (Normal) (G1 Evacuation Pause) 728M->8M(1248M) 4.602ms
[284.066s][info][gc,cpu         ] GC(695) User=0.52s Sys=0.00s Real=0.01s
[284.139s][info][gc,start       ] GC(696) Pause Full (System.gc())
[284.139s][info][gc,task        ] GC(696) Using 6 workers of 33 for full compaction
[284.140s][info][gc,phases,start] GC(696) Phase 1: Mark live objects
[284.147s][info][gc,phases      ] GC(696) Phase 1: Mark live objects 7.190ms
[284.147s][info][gc,phases,start] GC(696) Phase 2: Prepare compaction
[284.148s][info][gc,phases      ] GC(696) Phase 2: Prepare compaction 1.526ms
[284.148s][info][gc,phases,start] GC(696) Phase 3: Adjust pointers
[284.159s][info][gc,phases      ] GC(696) Phase 3: Adjust pointers 10.812ms
[284.159s][info][gc,phases,start] GC(696) Phase 4: Compact heap
[284.160s][info][gc,phases      ] GC(696) Phase 4: Compact heap 1.111ms
[284.165s][info][gc,heap        ] GC(696) Eden regions: 4->0(12)
[284.165s][info][gc,heap        ] GC(696) Survivor regions: 1->0(6)
[284.165s][info][gc,heap        ] GC(696) Old regions: 9->6
[284.165s][info][gc,heap        ] GC(696) Archive regions: 0->0
[284.165s][info][gc,heap        ] GC(696) Humongous regions: 0->0
[284.165s][info][gc,metaspace   ] GC(696) Metaspace: 14381K(15232K)->14381K(15232K) NonClass: 12418K(12928K)->12418K(12928K) Class: 1962K(2304K)->1962K(2304K)
[284.165s][info][gc             ] GC(696) Pause Full (System.gc()) 57M->5M(320M) 25.661ms
[284.165s][info][gc,cpu         ] GC(696) User=0.09s Sys=0.00s Real=0.01s
[284.291s][info][gc,start       ] GC(697) Pause Young (Normal) (G1 Evacuation Pause)
[284.291s][info][gc,task        ] GC(697) Using 33 workers of 33 for evacuation
[284.295s][info][gc,phases      ] GC(697)   Pre Evacuate Collection Set: 0.1ms
[284.295s][info][gc,phases      ] GC(697)   Merge Heap Roots: 0.1ms
[284.295s][info][gc,phases      ] GC(697)   Evacuate Collection Set: 0.5ms
[284.295s][info][gc,phases      ] GC(697)   Post Evacuate Collection Set: 2.9ms
[284.295s][info][gc,phases      ] GC(697)   Other: 0.1ms
[284.295s][info][gc,heap        ] GC(697) Eden regions: 12->0(11)
[284.295s][info][gc,heap        ] GC(697) Survivor regions: 0->1(2)
[284.295s][info][gc,heap        ] GC(697) Old regions: 6->6
[284.295s][info][gc,heap        ] GC(697) Archive regions: 0->0
[284.295s][info][gc,heap        ] GC(697) Humongous regions: 0->0
[284.295s][info][gc,metaspace   ] GC(697) Metaspace: 14381K(15232K)->14381K(15232K) NonClass: 12418K(12928K)->12418K(12928K) Class: 1962K(2304K)->1962K(2304K)
[284.295s][info][gc             ] GC(697) Pause Young (Normal) (G1 Evacuation Pause) 197M->6M(320M) 3.898ms
[284.295s][info][gc,cpu         ] GC(697) User=0.00s Sys=0.00s Real=0.00s
[284.416s][info][gc,start       ] GC(698) Pause Young (Normal) (G1 Evacuation Pause)
[284.416s][info][gc,task        ] GC(698) Using 33 workers of 33 for evacuation
[284.420s][info][gc,phases      ] GC(698)   Pre Evacuate Collection Set: 0.1ms
[284.420s][info][gc,phases      ] GC(698)   Merge Heap Roots: 0.1ms
[284.420s][info][gc,phases      ] GC(698)   Evacuate Collection Set: 0.5ms
[284.420s][info][gc,phases      ] GC(698)   Post Evacuate Collection Set: 3.0ms
[284.420s][info][gc,phases      ] GC(698)   Other: 0.1ms
[284.420s][info][gc,heap        ] GC(698) Eden regions: 11->0(11)
[284.420s][info][gc,heap        ] GC(698) Survivor regions: 1->1(2)
[284.420s][info][gc,heap        ] GC(698) Old regions: 6->6
[284.420s][info][gc,heap        ] GC(698) Archive regions: 0->0
[284.420s][info][gc,heap        ] GC(698) Humongous regions: 0->0
[284.420s][info][gc,metaspace   ] GC(698) Metaspace: 14381K(15232K)->14381K(15232K) NonClass: 12418K(12928K)->12418K(12928K) Class: 1962K(2304K)->1962K(2304K)
[284.420s][info][gc             ] GC(698) Pause Young (Normal) (G1 Evacuation Pause) 182M->6M(320M) 4.029ms
[284.420s][info][gc,cpu         ] GC(698) User=0.00s Sys=0.00s Real=0.00s
[284.531s][info][gc,start       ] GC(699) Pause Young (Normal) (G1 Evacuation Pause)
[284.531s][info][gc,task        ] GC(699) Using 33 workers of 33 for evacuation
[284.535s][info][gc,phases      ] GC(699)   Pre Evacuate Collection Set: 0.1ms
[284.535s][info][gc,phases      ] GC(699)   Merge Heap Roots: 0.1ms
[284.535s][info][gc,phases      ] GC(699)   Evacuate Collection Set: 0.4ms
[284.535s][info][gc,phases      ] GC(699)   Post Evacuate Collection Set: 2.9ms
[284.535s][info][gc,phases      ] GC(699)   Other: 0.1ms
[284.535s][info][gc,heap        ] GC(699) Eden regions: 11->0(11)
[284.535s][info][gc,heap        ] GC(699) Survivor regions: 1->1(2)
[284.535s][info][gc,heap        ] GC(699) Old regions: 6->6
[284.535s][info][gc,heap        ] GC(699) Archive regions: 0->0
[284.535s][info][gc,heap        ] GC(699) Humongous regions: 0->0
[284.535s][info][gc,metaspace   ] GC(699) Metaspace: 14381K(15232K)->14381K(15232K) NonClass: 12418K(12928K)->12418K(12928K) Class: 1962K(2304K)->1962K(2304K)
[284.535s][info][gc             ] GC(699) Pause Young (Normal) (G1 Evacuation Pause) 182M->6M(320M) 3.838ms
[284.535s][info][gc,cpu         ] GC(699) User=0.52s Sys=0.00s Real=0.00s
[284.643s][info][gc,start       ] GC(700) Pause Young (Normal) (G1 Evacuation Pause)
[284.643s][info][gc,task        ] GC(700) Using 33 workers of 33 for evacuation
[284.649s][info][gc,phases      ] GC(700)   Pre Evacuate Collection Set: 0.1ms
[284.649s][info][gc,phases      ] GC(700)   Merge Heap Roots: 0.1ms
[284.649s][info][gc,phases      ] GC(700)   Evacuate Collection Set: 0.5ms
[284.649s][info][gc,phases      ] GC(700)   Post Evacuate Collection Set: 5.3ms
[284.649s][info][gc,phases      ] GC(700)   Other: 0.1ms
[284.649s][info][gc,heap        ] GC(700) Eden regions: 11->0(43)
[284.650s][info][gc,heap        ] GC(700) Survivor regions: 1->1(2)
[284.650s][info][gc,heap        ] GC(700) Old regions: 6->6
[284.650s][info][gc,heap        ] GC(700) Archive regions: 0->0
[284.650s][info][gc,heap        ] GC(700) Humongous regions: 0->0
[284.650s][info][gc,metaspace   ] GC(700) Metaspace: 14381K(15232K)->14381K(15232K) NonClass: 12418K(12928K)->12418K(12928K) Class: 1962K(2304K)->1962K(2304K)
[284.650s][info][gc             ] GC(700) Pause Young (Normal) (G1 Evacuation Pause) 182M->6M(1184M) 6.289ms
[284.650s][info][gc,cpu         ] GC(700) User=0.00s Sys=0.00s Real=0.01s
[285.052s][info][gc,start       ] GC(701) Pause Young (Normal) (G1 Evacuation Pause)
[285.052s][info][gc,task        ] GC(701) Using 33 workers of 33 for evacuation
[285.058s][info][gc,phases      ] GC(701)   Pre Evacuate Collection Set: 0.1ms
[285.058s][info][gc,phases      ] GC(701)   Merge Heap Roots: 0.1ms
[285.058s][info][gc,phases      ] GC(701)   Evacuate Collection Set: 1.9ms
[285.058s][info][gc,phases      ] GC(701)   Post Evacuate Collection Set: 3.7ms
[285.058s][info][gc,phases      ] GC(701)   Other: 0.1ms
[285.058s][info][gc,heap        ] GC(701) Eden regions: 43->0(43)
[285.058s][info][gc,heap        ] GC(701) Survivor regions: 1->1(6)
[285.058s][info][gc,heap        ] GC(701) Old regions: 6->6
[285.058s][info][gc,heap        ] GC(701) Archive regions: 0->0
[285.058s][info][gc,heap        ] GC(701) Humongous regions: 0->0
[285.058s][info][gc,metaspace   ] GC(701) Metaspace: 14381K(15232K)->14381K(15232K) NonClass: 12418K(12928K)->12418K(12928K) Class: 1962K(2304K)->1962K(2304K)
[285.058s][info][gc             ] GC(701) Pause Young (Normal) (G1 Evacuation Pause) 694M->6M(1184M) 6.138ms
[285.058s][info][gc,cpu         ] GC(701) User=0.00s Sys=0.00s Real=0.00s
[285.496s][info][gc,start       ] GC(702) Pause Young (Normal) (G1 Evacuation Pause)
[285.496s][info][gc,task        ] GC(702) Using 33 workers of 33 for evacuation
[285.502s][info][gc,phases      ] GC(702)   Pre Evacuate Collection Set: 0.1ms
[285.502s][info][gc,phases      ] GC(702)   Merge Heap Roots: 0.1ms
[285.502s][info][gc,phases      ] GC(702)   Evacuate Collection Set: 2.0ms
[285.502s][info][gc,phases      ] GC(702)   Post Evacuate Collection Set: 3.4ms
[285.502s][info][gc,phases      ] GC(702)   Other: 0.1ms
[285.502s][info][gc,heap        ] GC(702) Eden regions: 43->0(43)
[285.502s][info][gc,heap        ] GC(702) Survivor regions: 1->1(6)
[285.502s][info][gc,heap        ] GC(702) Old regions: 6->6
[285.502s][info][gc,heap        ] GC(702) Archive regions: 0->0
[285.502s][info][gc,heap        ] GC(702) Humongous regions: 0->0
[285.502s][info][gc,metaspace   ] GC(702) Metaspace: 14381K(15232K)->14381K(15232K) NonClass: 12418K(12928K)->12418K(12928K) Class: 1962K(2304K)->1962K(2304K)
[285.502s][info][gc             ] GC(702) Pause Young (Normal) (G1 Evacuation Pause) 694M->6M(1184M) 5.934ms
[285.502s][info][gc,cpu         ] GC(702) User=0.52s Sys=0.00s Real=0.01s
[285.940s][info][gc,start       ] GC(703) Pause Young (Normal) (G1 Evacuation Pause)
[285.940s][info][gc,task        ] GC(703) Using 33 workers of 33 for evacuation
[285.944s][info][gc,phases      ] GC(703)   Pre Evacuate Collection Set: 0.1ms
[285.944s][info][gc,phases      ] GC(703)   Merge Heap Roots: 0.1ms
[285.944s][info][gc,phases      ] GC(703)   Evacuate Collection Set: 0.6ms
[285.944s][info][gc,phases      ] GC(703)   Post Evacuate Collection Set: 3.2ms
[285.944s][info][gc,phases      ] GC(703)   Other: 0.1ms
[285.944s][info][gc,heap        ] GC(703) Eden regions: 43->0(43)
[285.944s][info][gc,heap        ] GC(703) Survivor regions: 1->1(6)
[285.944s][info][gc,heap        ] GC(703) Old regions: 6->6
[285.944s][info][gc,heap        ] GC(703) Archive regions: 0->0
[285.944s][info][gc,heap        ] GC(703) Humongous regions: 0->0
[285.944s][info][gc,metaspace   ] GC(703) Metaspace: 14381K(15232K)->14381K(15232K) NonClass: 12418K(12928K)->12418K(12928K) Class: 1962K(2304K)->1962K(2304K)
[285.944s][info][gc             ] GC(703) Pause Young (Normal) (G1 Evacuation Pause) 694M->6M(1184M) 4.320ms
[285.944s][info][gc,cpu         ] GC(703) User=0.00s Sys=0.00s Real=0.00s
[286.358s][info][gc,start       ] GC(704) Pause Young (Normal) (G1 Evacuation Pause)
[286.359s][info][gc,task        ] GC(704) Using 33 workers of 33 for evacuation
[286.363s][info][gc,phases      ] GC(704)   Pre Evacuate Collection Set: 0.1ms
[286.363s][info][gc,phases      ] GC(704)   Merge Heap Roots: 0.1ms
[286.363s][info][gc,phases      ] GC(704)   Evacuate Collection Set: 0.6ms
[286.363s][info][gc,phases      ] GC(704)   Post Evacuate Collection Set: 3.3ms
[286.363s][info][gc,phases      ] GC(704)   Other: 0.1ms
[286.363s][info][gc,heap        ] GC(704) Eden regions: 43->0(43)
[286.363s][info][gc,heap        ] GC(704) Survivor regions: 1->1(6)
[286.363s][info][gc,heap        ] GC(704) Old regions: 6->6
[286.363s][info][gc,heap        ] GC(704) Archive regions: 0->0
[286.363s][info][gc,heap        ] GC(704) Humongous regions: 0->0
[286.363s][info][gc,metaspace   ] GC(704) Metaspace: 14381K(15232K)->14381K(15232K) NonClass: 12418K(12928K)->12418K(12928K) Class: 1962K(2304K)->1962K(2304K)
[286.363s][info][gc             ] GC(704) Pause Young (Normal) (G1 Evacuation Pause) 694M->7M(1184M) 4.382ms
[286.363s][info][gc,cpu         ] GC(704) User=0.52s Sys=0.00s Real=0.00s
[286.788s][info][gc,start       ] GC(705) Pause Young (Normal) (G1 Evacuation Pause)
[286.788s][info][gc,task        ] GC(705) Using 33 workers of 33 for evacuation
[286.793s][info][gc,phases      ] GC(705)   Pre Evacuate Collection Set: 0.1ms
[286.793s][info][gc,phases      ] GC(705)   Merge Heap Roots: 0.1ms
[286.793s][info][gc,phases      ] GC(705)   Evacuate Collection Set: 0.6ms
[286.793s][info][gc,phases      ] GC(705)   Post Evacuate Collection Set: 3.5ms
[286.793s][info][gc,phases      ] GC(705)   Other: 0.1ms
[286.793s][info][gc,heap        ] GC(705) Eden regions: 43->0(43)
[286.793s][info][gc,heap        ] GC(705) Survivor regions: 1->1(6)
[286.793s][info][gc,heap        ] GC(705) Old regions: 6->6
[286.793s][info][gc,heap        ] GC(705) Archive regions: 0->0
[286.793s][info][gc,heap        ] GC(705) Humongous regions: 0->0
[286.793s][info][gc,metaspace   ] GC(705) Metaspace: 14381K(15232K)->14381K(15232K) NonClass: 12418K(12928K)->12418K(12928K) Class: 1962K(2304K)->1962K(2304K)
[286.793s][info][gc             ] GC(705) Pause Young (Normal) (G1 Evacuation Pause) 695M->7M(1184M) 4.602ms
[286.793s][info][gc,cpu         ] GC(705) User=0.00s Sys=0.00s Real=0.00s
[287.216s][info][gc,start       ] GC(706) Pause Young (Normal) (G1 Evacuation Pause)
[287.216s][info][gc,task        ] GC(706) Using 33 workers of 33 for evacuation
[287.221s][info][gc,phases      ] GC(706)   Pre Evacuate Collection Set: 0.1ms
[287.221s][info][gc,phases      ] GC(706)   Merge Heap Roots: 0.1ms
[287.221s][info][gc,phases      ] GC(706)   Evacuate Collection Set: 0.5ms
[287.221s][info][gc,phases      ] GC(706)   Post Evacuate Collection Set: 4.2ms
[287.221s][info][gc,phases      ] GC(706)   Other: 0.1ms
[287.221s][info][gc,heap        ] GC(706) Eden regions: 43->0(52)
[287.221s][info][gc,heap        ] GC(706) Survivor regions: 1->1(6)
[287.221s][info][gc,heap        ] GC(706) Old regions: 6->6
[287.221s][info][gc,heap        ] GC(706) Archive regions: 0->0
[287.221s][info][gc,heap        ] GC(706) Humongous regions: 0->0
[287.221s][info][gc,metaspace   ] GC(706) Metaspace: 14381K(15232K)->14381K(15232K) NonClass: 12418K(12928K)->12418K(12928K) Class: 1962K(2304K)->1962K(2304K)
[287.221s][info][gc             ] GC(706) Pause Young (Normal) (G1 Evacuation Pause) 695M->7M(1424M) 5.319ms
[287.221s][info][gc,cpu         ] GC(706) User=0.00s Sys=0.00s Real=0.00s
[287.721s][info][gc,start       ] GC(707) Pause Young (Normal) (G1 Evacuation Pause)
[287.721s][info][gc,task        ] GC(707) Using 33 workers of 33 for evacuation
[287.726s][info][gc,phases      ] GC(707)   Pre Evacuate Collection Set: 0.1ms
[287.726s][info][gc,phases      ] GC(707)   Merge Heap Roots: 0.1ms
[287.726s][info][gc,phases      ] GC(707)   Evacuate Collection Set: 0.5ms
[287.726s][info][gc,phases      ] GC(707)   Post Evacuate Collection Set: 3.8ms
[287.726s][info][gc,phases      ] GC(707)   Other: 0.1ms
[287.726s][info][gc,heap        ] GC(707) Eden regions: 52->0(52)
[287.726s][info][gc,heap        ] GC(707) Survivor regions: 1->1(7)
[287.726s][info][gc,heap        ] GC(707) Old regions: 6->6
[287.726s][info][gc,heap        ] GC(707) Archive regions: 0->0
[287.726s][info][gc,heap        ] GC(707) Humongous regions: 0->0
[287.726s][info][gc,metaspace   ] GC(707) Metaspace: 14381K(15232K)->14381K(15232K) NonClass: 12418K(12928K)->12418K(12928K) Class: 1962K(2304K)->1962K(2304K)
[287.726s][info][gc             ] GC(707) Pause Young (Normal) (G1 Evacuation Pause) 839M->7M(1424M) 4.923ms
[287.726s][info][gc,cpu         ] GC(707) User=0.00s Sys=0.00s Real=0.00s
[288.232s][info][gc,start       ] GC(708) Pause Young (Normal) (G1 Evacuation Pause)
[288.232s][info][gc,task        ] GC(708) Using 33 workers of 33 for evacuation
[288.236s][info][gc,phases      ] GC(708)   Pre Evacuate Collection Set: 0.1ms
[288.236s][info][gc,phases      ] GC(708)   Merge Heap Roots: 0.1ms
[288.236s][info][gc,phases      ] GC(708)   Evacuate Collection Set: 0.5ms
[288.236s][info][gc,phases      ] GC(708)   Post Evacuate Collection Set: 3.7ms
[288.236s][info][gc,phases      ] GC(708)   Other: 0.1ms
[288.236s][info][gc,heap        ] GC(708) Eden regions: 52->0(52)
[288.236s][info][gc,heap        ] GC(708) Survivor regions: 1->1(7)
[288.236s][info][gc,heap        ] GC(708) Old regions: 6->6
[288.236s][info][gc,heap        ] GC(708) Archive regions: 0->0
[288.237s][info][gc,heap        ] GC(708) Humongous regions: 0->0
[288.237s][info][gc,metaspace   ] GC(708) Metaspace: 14381K(15232K)->14381K(15232K) NonClass: 12418K(12928K)->12418K(12928K) Class: 1962K(2304K)->1962K(2304K)
[288.237s][info][gc             ] GC(708) Pause Young (Normal) (G1 Evacuation Pause) 839M->7M(1424M) 4.798ms
[288.237s][info][gc,cpu         ] GC(708) User=0.48s Sys=0.03s Real=0.01s
[288.761s][info][gc,start       ] GC(709) Pause Young (Normal) (G1 Evacuation Pause)
[288.761s][info][gc,task        ] GC(709) Using 33 workers of 33 for evacuation
[288.765s][info][gc,phases      ] GC(709)   Pre Evacuate Collection Set: 0.1ms
[288.765s][info][gc,phases      ] GC(709)   Merge Heap Roots: 0.1ms
[288.765s][info][gc,phases      ] GC(709)   Evacuate Collection Set: 0.5ms
[288.765s][info][gc,phases      ] GC(709)   Post Evacuate Collection Set: 3.4ms
[288.765s][info][gc,phases      ] GC(709)   Other: 0.1ms
[288.765s][info][gc,heap        ] GC(709) Eden regions: 52->0(52)
[288.765s][info][gc,heap        ] GC(709) Survivor regions: 1->1(7)
[288.765s][info][gc,heap        ] GC(709) Old regions: 6->6
[288.765s][info][gc,heap        ] GC(709) Archive regions: 0->0
[288.765s][info][gc,heap        ] GC(709) Humongous regions: 0->0
[288.765s][info][gc,metaspace   ] GC(709) Metaspace: 14381K(15232K)->14381K(15232K) NonClass: 12418K(12928K)->12418K(12928K) Class: 1962K(2304K)->1962K(2304K)
[288.765s][info][gc             ] GC(709) Pause Young (Normal) (G1 Evacuation Pause) 839M->7M(1424M) 4.474ms
[288.765s][info][gc,cpu         ] GC(709) User=0.00s Sys=0.00s Real=0.00s
[289.261s][info][gc,start       ] GC(710) Pause Young (Normal) (G1 Evacuation Pause)
[289.261s][info][gc,task        ] GC(710) Using 33 workers of 33 for evacuation
[289.266s][info][gc,phases      ] GC(710)   Pre Evacuate Collection Set: 0.1ms
[289.266s][info][gc,phases      ] GC(710)   Merge Heap Roots: 0.1ms
[289.266s][info][gc,phases      ] GC(710)   Evacuate Collection Set: 0.5ms
[289.266s][info][gc,phases      ] GC(710)   Post Evacuate Collection Set: 3.5ms
[289.266s][info][gc,phases      ] GC(710)   Other: 0.1ms
[289.266s][info][gc,heap        ] GC(710) Eden regions: 52->0(52)
[289.266s][info][gc,heap        ] GC(710) Survivor regions: 1->1(7)
[289.266s][info][gc,heap        ] GC(710) Old regions: 6->6
[289.266s][info][gc,heap        ] GC(710) Archive regions: 0->0
[289.266s][info][gc,heap        ] GC(710) Humongous regions: 0->0
[289.266s][info][gc,metaspace   ] GC(710) Metaspace: 14381K(15232K)->14381K(15232K) NonClass: 12418K(12928K)->12418K(12928K) Class: 1962K(2304K)->1962K(2304K)
[289.266s][info][gc             ] GC(710) Pause Young (Normal) (G1 Evacuation Pause) 839M->7M(1424M) 4.644ms
[289.266s][info][gc,cpu         ] GC(710) User=0.00s Sys=0.00s Real=0.00s
[289.778s][info][gc,start       ] GC(711) Pause Young (Normal) (G1 Evacuation Pause)
[289.778s][info][gc,task        ] GC(711) Using 33 workers of 33 for evacuation
[289.782s][info][gc,phases      ] GC(711)   Pre Evacuate Collection Set: 0.1ms
[289.782s][info][gc,phases      ] GC(711)   Merge Heap Roots: 0.1ms
[289.782s][info][gc,phases      ] GC(711)   Evacuate Collection Set: 0.6ms
[289.782s][info][gc,phases      ] GC(711)   Post Evacuate Collection Set: 3.6ms
[289.782s][info][gc,phases      ] GC(711)   Other: 0.1ms
[289.782s][info][gc,heap        ] GC(711) Eden regions: 52->0(52)
[289.782s][info][gc,heap        ] GC(711) Survivor regions: 1->1(7)
[289.782s][info][gc,heap        ] GC(711) Old regions: 6->6
[289.782s][info][gc,heap        ] GC(711) Archive regions: 0->0
[289.782s][info][gc,heap        ] GC(711) Humongous regions: 0->0
[289.782s][info][gc,metaspace   ] GC(711) Metaspace: 14381K(15232K)->14381K(15232K) NonClass: 12418K(12928K)->12418K(12928K) Class: 1962K(2304K)->1962K(2304K)
[289.782s][info][gc             ] GC(711) Pause Young (Normal) (G1 Evacuation Pause) 839M->7M(1424M) 4.696ms
[289.782s][info][gc,cpu         ] GC(711) User=0.00s Sys=0.00s Real=0.00s
[290.296s][info][gc,start       ] GC(712) Pause Young (Normal) (G1 Evacuation Pause)
[290.296s][info][gc,task        ] GC(712) Using 33 workers of 33 for evacuation
[290.300s][info][gc,phases      ] GC(712)   Pre Evacuate Collection Set: 0.1ms
[290.300s][info][gc,phases      ] GC(712)   Merge Heap Roots: 0.1ms
[290.300s][info][gc,phases      ] GC(712)   Evacuate Collection Set: 0.5ms
[290.300s][info][gc,phases      ] GC(712)   Post Evacuate Collection Set: 3.7ms
[290.300s][info][gc,phases      ] GC(712)   Other: 0.1ms
[290.301s][info][gc,heap        ] GC(712) Eden regions: 52->0(52)
[290.301s][info][gc,heap        ] GC(712) Survivor regions: 1->1(7)
[290.301s][info][gc,heap        ] GC(712) Old regions: 6->7
[290.301s][info][gc,heap        ] GC(712) Archive regions: 0->0
[290.301s][info][gc,heap        ] GC(712) Humongous regions: 0->0
[290.301s][info][gc,metaspace   ] GC(712) Metaspace: 14381K(15232K)->14381K(15232K) NonClass: 12418K(12928K)->12418K(12928K) Class: 1962K(2304K)->1962K(2304K)
[290.301s][info][gc             ] GC(712) Pause Young (Normal) (G1 Evacuation Pause) 839M->7M(1424M) 4.834ms
[290.301s][info][gc,cpu         ] GC(712) User=0.52s Sys=0.00s Real=0.00s
[290.957s][info][gc,start       ] GC(713) Pause Young (Normal) (G1 Evacuation Pause)
[290.957s][info][gc,task        ] GC(713) Using 33 workers of 33 for evacuation
[290.963s][info][gc,phases      ] GC(713)   Pre Evacuate Collection Set: 0.2ms
[290.963s][info][gc,phases      ] GC(713)   Merge Heap Roots: 0.2ms
[290.963s][info][gc,phases      ] GC(713)   Evacuate Collection Set: 0.8ms
[290.963s][info][gc,phases      ] GC(713)   Post Evacuate Collection Set: 4.7ms
[290.963s][info][gc,phases      ] GC(713)   Other: 0.1ms
[290.963s][info][gc,heap        ] GC(713) Eden regions: 52->0(52)
[290.963s][info][gc,heap        ] GC(713) Survivor regions: 1->1(7)
[290.963s][info][gc,heap        ] GC(713) Old regions: 7->7
[290.963s][info][gc,heap        ] GC(713) Archive regions: 0->0
[290.963s][info][gc,heap        ] GC(713) Humongous regions: 0->0
[290.963s][info][gc,metaspace   ] GC(713) Metaspace: 14381K(15232K)->14381K(15232K) NonClass: 12418K(12928K)->12418K(12928K) Class: 1962K(2304K)->1962K(2304K)
[290.963s][info][gc             ] GC(713) Pause Young (Normal) (G1 Evacuation Pause) 839M->7M(1424M) 6.658ms
[290.964s][info][gc,cpu         ] GC(713) User=0.00s Sys=0.00s Real=0.00s
[291.494s][info][gc,start       ] GC(714) Pause Young (Normal) (G1 Evacuation Pause)
[291.494s][info][gc,task        ] GC(714) Using 33 workers of 33 for evacuation
[291.498s][info][gc,phases      ] GC(714)   Pre Evacuate Collection Set: 0.1ms
[291.498s][info][gc,phases      ] GC(714)   Merge Heap Roots: 0.1ms
[291.498s][info][gc,phases      ] GC(714)   Evacuate Collection Set: 0.4ms
[291.498s][info][gc,phases      ] GC(714)   Post Evacuate Collection Set: 3.5ms
[291.498s][info][gc,phases      ] GC(714)   Other: 0.1ms
[291.498s][info][gc,heap        ] GC(714) Eden regions: 52->0(52)
[291.498s][info][gc,heap        ] GC(714) Survivor regions: 1->1(7)
[291.498s][info][gc,heap        ] GC(714) Old regions: 7->7
[291.498s][info][gc,heap        ] GC(714) Archive regions: 0->0
[291.498s][info][gc,heap        ] GC(714) Humongous regions: 0->0
[291.498s][info][gc,metaspace   ] GC(714) Metaspace: 14381K(15232K)->14381K(15232K) NonClass: 12418K(12928K)->12418K(12928K) Class: 1962K(2304K)->1962K(2304K)
[291.499s][info][gc             ] GC(714) Pause Young (Normal) (G1 Evacuation Pause) 839M->7M(1424M) 4.435ms
[291.499s][info][gc,cpu         ] GC(714) User=0.00s Sys=0.00s Real=0.00s
[292.015s][info][gc,start       ] GC(715) Pause Young (Normal) (G1 Evacuation Pause)
[292.015s][info][gc,task        ] GC(715) Using 33 workers of 33 for evacuation
[292.019s][info][gc,phases      ] GC(715)   Pre Evacuate Collection Set: 0.1ms
[292.019s][info][gc,phases      ] GC(715)   Merge Heap Roots: 0.2ms
[292.019s][info][gc,phases      ] GC(715)   Evacuate Collection Set: 0.4ms
[292.019s][info][gc,phases      ] GC(715)   Post Evacuate Collection Set: 3.4ms
[292.019s][info][gc,phases      ] GC(715)   Other: 0.1ms
[292.019s][info][gc,heap        ] GC(715) Eden regions: 52->0(52)
[292.019s][info][gc,heap        ] GC(715) Survivor regions: 1->1(7)
[292.019s][info][gc,heap        ] GC(715) Old regions: 7->7
[292.019s][info][gc,heap        ] GC(715) Archive regions: 0->0
[292.019s][info][gc,heap        ] GC(715) Humongous regions: 0->0
[292.019s][info][gc,metaspace   ] GC(715) Metaspace: 14381K(15232K)->14381K(15232K) NonClass: 12418K(12928K)->12418K(12928K) Class: 1962K(2304K)->1962K(2304K)
[292.019s][info][gc             ] GC(715) Pause Young (Normal) (G1 Evacuation Pause) 839M->7M(1424M) 4.376ms
[292.019s][info][gc,cpu         ] GC(715) User=0.52s Sys=0.00s Real=0.00s
[292.529s][info][gc,start       ] GC(716) Pause Young (Normal) (G1 Evacuation Pause)
[292.530s][info][gc,task        ] GC(716) Using 33 workers of 33 for evacuation
[292.534s][info][gc,phases      ] GC(716)   Pre Evacuate Collection Set: 0.1ms
[292.534s][info][gc,phases      ] GC(716)   Merge Heap Roots: 0.1ms
[292.534s][info][gc,phases      ] GC(716)   Evacuate Collection Set: 0.4ms
[292.534s][info][gc,phases      ] GC(716)   Post Evacuate Collection Set: 3.5ms
[292.534s][info][gc,phases      ] GC(716)   Other: 0.1ms
[292.534s][info][gc,heap        ] GC(716) Eden regions: 52->0(52)
[292.534s][info][gc,heap        ] GC(716) Survivor regions: 1->1(7)
[292.534s][info][gc,heap        ] GC(716) Old regions: 7->7
[292.534s][info][gc,heap        ] GC(716) Archive regions: 0->0
[292.534s][info][gc,heap        ] GC(716) Humongous regions: 0->0
[292.534s][info][gc,metaspace   ] GC(716) Metaspace: 14381K(15232K)->14381K(15232K) NonClass: 12418K(12928K)->12418K(12928K) Class: 1962K(2304K)->1962K(2304K)
[292.534s][info][gc             ] GC(716) Pause Young (Normal) (G1 Evacuation Pause) 839M->8M(1424M) 4.498ms
[292.534s][info][gc,cpu         ] GC(716) User=0.52s Sys=0.00s Real=0.00s
[293.043s][info][gc,start       ] GC(717) Pause Young (Normal) (G1 Evacuation Pause)
[293.044s][info][gc,task        ] GC(717) Using 33 workers of 33 for evacuation
[293.048s][info][gc,phases      ] GC(717)   Pre Evacuate Collection Set: 0.1ms
[293.048s][info][gc,phases      ] GC(717)   Merge Heap Roots: 0.1ms
[293.048s][info][gc,phases      ] GC(717)   Evacuate Collection Set: 0.4ms
[293.048s][info][gc,phases      ] GC(717)   Post Evacuate Collection Set: 3.7ms
[293.048s][info][gc,phases      ] GC(717)   Other: 0.1ms
[293.048s][info][gc,heap        ] GC(717) Eden regions: 52->0(52)
[293.048s][info][gc,heap        ] GC(717) Survivor regions: 1->1(7)
[293.048s][info][gc,heap        ] GC(717) Old regions: 7->7
[293.048s][info][gc,heap        ] GC(717) Archive regions: 0->0
[293.048s][info][gc,heap        ] GC(717) Humongous regions: 0->0
[293.048s][info][gc,metaspace   ] GC(717) Metaspace: 14381K(15232K)->14381K(15232K) NonClass: 12418K(12928K)->12418K(12928K) Class: 1962K(2304K)->1962K(2304K)
[293.048s][info][gc             ] GC(717) Pause Young (Normal) (G1 Evacuation Pause) 840M->8M(1424M) 4.694ms
[293.048s][info][gc,cpu         ] GC(717) User=0.02s Sys=0.00s Real=0.00s
[293.554s][info][gc,start       ] GC(718) Pause Young (Normal) (G1 Evacuation Pause)
[293.554s][info][gc,task        ] GC(718) Using 33 workers of 33 for evacuation
[293.559s][info][gc,phases      ] GC(718)   Pre Evacuate Collection Set: 0.1ms
[293.559s][info][gc,phases      ] GC(718)   Merge Heap Roots: 0.2ms
[293.559s][info][gc,phases      ] GC(718)   Evacuate Collection Set: 0.4ms
[293.559s][info][gc,phases      ] GC(718)   Post Evacuate Collection Set: 3.7ms
[293.559s][info][gc,phases      ] GC(718)   Other: 0.1ms
[293.559s][info][gc,heap        ] GC(718) Eden regions: 52->0(52)
[293.559s][info][gc,heap        ] GC(718) Survivor regions: 1->1(7)
[293.559s][info][gc,heap        ] GC(718) Old regions: 7->7
[293.559s][info][gc,heap        ] GC(718) Archive regions: 0->0
[293.559s][info][gc,heap        ] GC(718) Humongous regions: 0->0
[293.559s][info][gc,metaspace   ] GC(718) Metaspace: 14381K(15232K)->14381K(15232K) NonClass: 12418K(12928K)->12418K(12928K) Class: 1962K(2304K)->1962K(2304K)
[293.559s][info][gc             ] GC(718) Pause Young (Normal) (G1 Evacuation Pause) 840M->8M(1424M) 4.762ms
[293.559s][info][gc,cpu         ] GC(718) User=0.00s Sys=0.00s Real=0.00s
[294.078s][info][gc,start       ] GC(719) Pause Young (Normal) (G1 Evacuation Pause)
[294.078s][info][gc,task        ] GC(719) Using 33 workers of 33 for evacuation
[294.083s][info][gc,phases      ] GC(719)   Pre Evacuate Collection Set: 0.1ms
[294.083s][info][gc,phases      ] GC(719)   Merge Heap Roots: 0.2ms
[294.083s][info][gc,phases      ] GC(719)   Evacuate Collection Set: 0.4ms
[294.083s][info][gc,phases      ] GC(719)   Post Evacuate Collection Set: 3.6ms
[294.083s][info][gc,phases      ] GC(719)   Other: 0.1ms
[294.083s][info][gc,heap        ] GC(719) Eden regions: 52->0(52)
[294.083s][info][gc,heap        ] GC(719) Survivor regions: 1->1(7)
[294.083s][info][gc,heap        ] GC(719) Old regions: 7->7
[294.083s][info][gc,heap        ] GC(719) Archive regions: 0->0
[294.083s][info][gc,heap        ] GC(719) Humongous regions: 0->0
[294.083s][info][gc,metaspace   ] GC(719) Metaspace: 14381K(15232K)->14381K(15232K) NonClass: 12418K(12928K)->12418K(12928K) Class: 1962K(2304K)->1962K(2304K)
[294.083s][info][gc             ] GC(719) Pause Young (Normal) (G1 Evacuation Pause) 840M->8M(1424M) 4.589ms
[294.083s][info][gc,cpu         ] GC(719) User=0.52s Sys=0.00s Real=0.01s
[294.594s][info][gc,start       ] GC(720) Pause Young (Normal) (G1 Evacuation Pause)
[294.594s][info][gc,task        ] GC(720) Using 33 workers of 33 for evacuation
[294.598s][info][gc,phases      ] GC(720)   Pre Evacuate Collection Set: 0.1ms
[294.598s][info][gc,phases      ] GC(720)   Merge Heap Roots: 0.1ms
[294.598s][info][gc,phases      ] GC(720)   Evacuate Collection Set: 0.4ms
[294.598s][info][gc,phases      ] GC(720)   Post Evacuate Collection Set: 3.6ms
[294.598s][info][gc,phases      ] GC(720)   Other: 0.1ms
[294.598s][info][gc,heap        ] GC(720) Eden regions: 52->0(52)
[294.598s][info][gc,heap        ] GC(720) Survivor regions: 1->1(7)
[294.598s][info][gc,heap        ] GC(720) Old regions: 7->7
[294.598s][info][gc,heap        ] GC(720) Archive regions: 0->0
[294.598s][info][gc,heap        ] GC(720) Humongous regions: 0->0
[294.598s][info][gc,metaspace   ] GC(720) Metaspace: 14381K(15232K)->14381K(15232K) NonClass: 12418K(12928K)->12418K(12928K) Class: 1962K(2304K)->1962K(2304K)
[294.598s][info][gc             ] GC(720) Pause Young (Normal) (G1 Evacuation Pause) 840M->8M(1424M) 4.618ms
[294.598s][info][gc,cpu         ] GC(720) User=0.00s Sys=0.00s Real=0.00s
[294.845s][info][gc,start       ] GC(721) Pause Full (System.gc())
[294.845s][info][gc,task        ] GC(721) Using 8 workers of 33 for full compaction
[294.846s][info][gc,phases,start] GC(721) Phase 1: Mark live objects
[294.856s][info][gc,phases      ] GC(721) Phase 1: Mark live objects 10.614ms
[294.856s][info][gc,phases,start] GC(721) Phase 2: Prepare compaction
[294.858s][info][gc,phases      ] GC(721) Phase 2: Prepare compaction 1.792ms
[294.858s][info][gc,phases,start] GC(721) Phase 3: Adjust pointers
[294.866s][info][gc,phases      ] GC(721) Phase 3: Adjust pointers 8.019ms
[294.866s][info][gc,phases,start] GC(721) Phase 4: Compact heap
[294.867s][info][gc,phases      ] GC(721) Phase 4: Compact heap 0.929ms
[294.875s][info][gc,heap        ] GC(721) Eden regions: 28->0(16)
[294.875s][info][gc,heap        ] GC(721) Survivor regions: 1->0(7)
[294.875s][info][gc,heap        ] GC(721) Old regions: 7->8
[294.875s][info][gc,heap        ] GC(721) Archive regions: 0->0
[294.875s][info][gc,heap        ] GC(721) Humongous regions: 0->0
[294.875s][info][gc,metaspace   ] GC(721) Metaspace: 14382K(15232K)->14382K(15232K) NonClass: 12419K(12928K)->12419K(12928K) Class: 1962K(2304K)->1962K(2304K)
[294.875s][info][gc             ] GC(721) Pause Full (System.gc()) 446M->5M(432M) 29.516ms
[294.875s][info][gc,cpu         ] GC(721) User=0.13s Sys=0.00s Real=0.02s
[295.039s][info][gc,start       ] GC(722) Pause Young (Normal) (G1 Evacuation Pause)
[295.039s][info][gc,task        ] GC(722) Using 33 workers of 33 for evacuation
[295.043s][info][gc,phases      ] GC(722)   Pre Evacuate Collection Set: 0.1ms
[295.043s][info][gc,phases      ] GC(722)   Merge Heap Roots: 0.1ms
[295.043s][info][gc,phases      ] GC(722)   Evacuate Collection Set: 0.4ms
[295.043s][info][gc,phases      ] GC(722)   Post Evacuate Collection Set: 2.8ms
[295.043s][info][gc,phases      ] GC(722)   Other: 0.1ms
[295.043s][info][gc,heap        ] GC(722) Eden regions: 16->0(15)
[295.043s][info][gc,heap        ] GC(722) Survivor regions: 0->1(2)
[295.043s][info][gc,heap        ] GC(722) Old regions: 8->8
[295.043s][info][gc,heap        ] GC(722) Archive regions: 0->0
[295.043s][info][gc,heap        ] GC(722) Humongous regions: 0->0
[295.043s][info][gc,metaspace   ] GC(722) Metaspace: 14385K(15232K)->14385K(15232K) NonClass: 12423K(12928K)->12423K(12928K) Class: 1962K(2304K)->1962K(2304K)
[295.043s][info][gc             ] GC(722) Pause Young (Normal) (G1 Evacuation Pause) 261M->6M(432M) 3.756ms
[295.043s][info][gc,cpu         ] GC(722) User=0.00s Sys=0.00s Real=0.00s
[295.208s][info][gc,start       ] GC(723) Pause Young (Normal) (G1 Evacuation Pause)
[295.208s][info][gc,task        ] GC(723) Using 33 workers of 33 for evacuation
[295.212s][info][gc,phases      ] GC(723)   Pre Evacuate Collection Set: 0.1ms
[295.212s][info][gc,phases      ] GC(723)   Merge Heap Roots: 0.1ms
[295.212s][info][gc,phases      ] GC(723)   Evacuate Collection Set: 0.5ms
[295.212s][info][gc,phases      ] GC(723)   Post Evacuate Collection Set: 3.0ms
[295.212s][info][gc,phases      ] GC(723)   Other: 0.1ms
[295.212s][info][gc,heap        ] GC(723) Eden regions: 15->0(15)
[295.212s][info][gc,heap        ] GC(723) Survivor regions: 1->1(2)
[295.212s][info][gc,heap        ] GC(723) Old regions: 8->8
[295.212s][info][gc,heap        ] GC(723) Archive regions: 0->0
[295.212s][info][gc,heap        ] GC(723) Humongous regions: 0->0
[295.212s][info][gc,metaspace   ] GC(723) Metaspace: 14385K(15232K)->14385K(15232K) NonClass: 12423K(12928K)->12423K(12928K) Class: 1962K(2304K)->1962K(2304K)
[295.212s][info][gc             ] GC(723) Pause Young (Normal) (G1 Evacuation Pause) 246M->6M(432M) 4.271ms
[295.213s][info][gc,cpu         ] GC(723) User=0.52s Sys=0.00s Real=0.01s
[295.370s][info][gc,start       ] GC(724) Pause Young (Normal) (G1 Evacuation Pause)
[295.370s][info][gc,task        ] GC(724) Using 33 workers of 33 for evacuation
[295.373s][info][gc,phases      ] GC(724)   Pre Evacuate Collection Set: 0.1ms
[295.373s][info][gc,phases      ] GC(724)   Merge Heap Roots: 0.1ms
[295.373s][info][gc,phases      ] GC(724)   Evacuate Collection Set: 0.5ms
[295.373s][info][gc,phases      ] GC(724)   Post Evacuate Collection Set: 2.9ms
[295.373s][info][gc,phases      ] GC(724)   Other: 0.1ms
[295.373s][info][gc,heap        ] GC(724) Eden regions: 15->0(15)
[295.373s][info][gc,heap        ] GC(724) Survivor regions: 1->1(2)
[295.373s][info][gc,heap        ] GC(724) Old regions: 8->8
[295.373s][info][gc,heap        ] GC(724) Archive regions: 0->0
[295.373s][info][gc,heap        ] GC(724) Humongous regions: 0->0
[295.373s][info][gc,metaspace   ] GC(724) Metaspace: 14385K(15232K)->14385K(15232K) NonClass: 12423K(12928K)->12423K(12928K) Class: 1962K(2304K)->1962K(2304K)
[295.373s][info][gc             ] GC(724) Pause Young (Normal) (G1 Evacuation Pause) 246M->6M(432M) 3.877ms
[295.373s][info][gc,cpu         ] GC(724) User=0.00s Sys=0.00s Real=0.00s
[295.520s][info][gc,start       ] GC(725) Pause Young (Normal) (G1 Evacuation Pause)
[295.520s][info][gc,task        ] GC(725) Using 33 workers of 33 for evacuation
[295.526s][info][gc,phases      ] GC(725)   Pre Evacuate Collection Set: 0.1ms
[295.526s][info][gc,phases      ] GC(725)   Merge Heap Roots: 0.1ms
[295.526s][info][gc,phases      ] GC(725)   Evacuate Collection Set: 0.5ms
[295.526s][info][gc,phases      ] GC(725)   Post Evacuate Collection Set: 4.9ms
[295.526s][info][gc,phases      ] GC(725)   Other: 0.1ms
[295.526s][info][gc,heap        ] GC(725) Eden regions: 15->0(45)
[295.526s][info][gc,heap        ] GC(725) Survivor regions: 1->1(2)
[295.526s][info][gc,heap        ] GC(725) Old regions: 8->8
[295.526s][info][gc,heap        ] GC(725) Archive regions: 0->0
[295.526s][info][gc,heap        ] GC(725) Humongous regions: 0->0
[295.526s][info][gc,metaspace   ] GC(725) Metaspace: 14385K(15232K)->14385K(15232K) NonClass: 12423K(12928K)->12423K(12928K) Class: 1962K(2304K)->1962K(2304K)
[295.526s][info][gc             ] GC(725) Pause Young (Normal) (G1 Evacuation Pause) 246M->6M(1248M) 5.924ms
[295.526s][info][gc,cpu         ] GC(725) User=0.00s Sys=0.00s Real=0.01s
[295.937s][info][gc,start       ] GC(726) Pause Young (Normal) (G1 Evacuation Pause)
[295.937s][info][gc,task        ] GC(726) Using 33 workers of 33 for evacuation
[295.943s][info][gc,phases      ] GC(726)   Pre Evacuate Collection Set: 0.1ms
[295.943s][info][gc,phases      ] GC(726)   Merge Heap Roots: 0.1ms
[295.943s][info][gc,phases      ] GC(726)   Evacuate Collection Set: 1.8ms
[295.943s][info][gc,phases      ] GC(726)   Post Evacuate Collection Set: 3.6ms
[295.943s][info][gc,phases      ] GC(726)   Other: 0.1ms
[295.943s][info][gc,heap        ] GC(726) Eden regions: 45->0(45)
[295.943s][info][gc,heap        ] GC(726) Survivor regions: 1->1(6)
[295.943s][info][gc,heap        ] GC(726) Old regions: 8->8
[295.943s][info][gc,heap        ] GC(726) Archive regions: 0->0
[295.943s][info][gc,heap        ] GC(726) Humongous regions: 0->0
[295.943s][info][gc,metaspace   ] GC(726) Metaspace: 14385K(15232K)->14385K(15232K) NonClass: 12423K(12928K)->12423K(12928K) Class: 1962K(2304K)->1962K(2304K)
[295.943s][info][gc             ] GC(726) Pause Young (Normal) (G1 Evacuation Pause) 726M->6M(1248M) 5.918ms
[295.943s][info][gc,cpu         ] GC(726) User=0.00s Sys=0.00s Real=0.00s
[296.382s][info][gc,start       ] GC(727) Pause Young (Normal) (G1 Evacuation Pause)
[296.382s][info][gc,task        ] GC(727) Using 33 workers of 33 for evacuation
[296.388s][info][gc,phases      ] GC(727)   Pre Evacuate Collection Set: 0.1ms
[296.388s][info][gc,phases      ] GC(727)   Merge Heap Roots: 0.1ms
[296.388s][info][gc,phases      ] GC(727)   Evacuate Collection Set: 1.9ms
[296.388s][info][gc,phases      ] GC(727)   Post Evacuate Collection Set: 3.5ms
[296.388s][info][gc,phases      ] GC(727)   Other: 0.1ms
[296.388s][info][gc,heap        ] GC(727) Eden regions: 45->0(45)
[296.388s][info][gc,heap        ] GC(727) Survivor regions: 1->1(6)
[296.388s][info][gc,heap        ] GC(727) Old regions: 8->8
[296.388s][info][gc,heap        ] GC(727) Archive regions: 0->0
[296.388s][info][gc,heap        ] GC(727) Humongous regions: 0->0
[296.388s][info][gc,metaspace   ] GC(727) Metaspace: 14385K(15232K)->14385K(15232K) NonClass: 12423K(12928K)->12423K(12928K) Class: 1962K(2304K)->1962K(2304K)
[296.388s][info][gc             ] GC(727) Pause Young (Normal) (G1 Evacuation Pause) 726M->6M(1248M) 6.004ms
[296.388s][info][gc,cpu         ] GC(727) User=0.00s Sys=0.00s Real=0.01s
[296.831s][info][gc,start       ] GC(728) Pause Young (Normal) (G1 Evacuation Pause)
[296.832s][info][gc,task        ] GC(728) Using 33 workers of 33 for evacuation
[296.836s][info][gc,phases      ] GC(728)   Pre Evacuate Collection Set: 0.1ms
[296.836s][info][gc,phases      ] GC(728)   Merge Heap Roots: 0.1ms
[296.836s][info][gc,phases      ] GC(728)   Evacuate Collection Set: 0.5ms
[296.836s][info][gc,phases      ] GC(728)   Post Evacuate Collection Set: 3.6ms
[296.836s][info][gc,phases      ] GC(728)   Other: 0.1ms
[296.836s][info][gc,heap        ] GC(728) Eden regions: 45->0(45)
[296.836s][info][gc,heap        ] GC(728) Survivor regions: 1->1(6)
[296.836s][info][gc,heap        ] GC(728) Old regions: 8->8
[296.836s][info][gc,heap        ] GC(728) Archive regions: 0->0
[296.836s][info][gc,heap        ] GC(728) Humongous regions: 0->0
[296.836s][info][gc,metaspace   ] GC(728) Metaspace: 14385K(15232K)->14385K(15232K) NonClass: 12423K(12928K)->12423K(12928K) Class: 1962K(2304K)->1962K(2304K)
[296.836s][info][gc             ] GC(728) Pause Young (Normal) (G1 Evacuation Pause) 726M->7M(1248M) 4.660ms
[296.836s][info][gc,cpu         ] GC(728) User=0.00s Sys=0.00s Real=0.01s
[297.294s][info][gc,start       ] GC(729) Pause Young (Normal) (G1 Evacuation Pause)
[297.294s][info][gc,task        ] GC(729) Using 33 workers of 33 for evacuation
[297.299s][info][gc,phases      ] GC(729)   Pre Evacuate Collection Set: 0.1ms
[297.299s][info][gc,phases      ] GC(729)   Merge Heap Roots: 0.1ms
[297.299s][info][gc,phases      ] GC(729)   Evacuate Collection Set: 0.6ms
[297.299s][info][gc,phases      ] GC(729)   Post Evacuate Collection Set: 3.3ms
[297.299s][info][gc,phases      ] GC(729)   Other: 0.1ms
[297.299s][info][gc,heap        ] GC(729) Eden regions: 45->0(45)
[297.299s][info][gc,heap        ] GC(729) Survivor regions: 1->1(6)
[297.299s][info][gc,heap        ] GC(729) Old regions: 8->8
[297.299s][info][gc,heap        ] GC(729) Archive regions: 0->0
[297.299s][info][gc,heap        ] GC(729) Humongous regions: 0->0
[297.299s][info][gc,metaspace   ] GC(729) Metaspace: 14385K(15232K)->14385K(15232K) NonClass: 12423K(12928K)->12423K(12928K) Class: 1962K(2304K)->1962K(2304K)
[297.299s][info][gc             ] GC(729) Pause Young (Normal) (G1 Evacuation Pause) 727M->7M(1248M) 4.469ms
[297.299s][info][gc,cpu         ] GC(729) User=0.39s Sys=0.03s Real=0.00s
[297.740s][info][gc,start       ] GC(730) Pause Young (Normal) (G1 Evacuation Pause)
[297.747s][info][gc,task        ] GC(730) Using 33 workers of 33 for evacuation
[297.752s][info][gc,phases      ] GC(730)   Pre Evacuate Collection Set: 0.1ms
[297.752s][info][gc,phases      ] GC(730)   Merge Heap Roots: 0.1ms
[297.752s][info][gc,phases      ] GC(730)   Evacuate Collection Set: 0.6ms
[297.752s][info][gc,phases      ] GC(730)   Post Evacuate Collection Set: 3.3ms
[297.752s][info][gc,phases      ] GC(730)   Other: 0.1ms
[297.752s][info][gc,heap        ] GC(730) Eden regions: 45->0(45)
[297.752s][info][gc,heap        ] GC(730) Survivor regions: 1->1(6)
[297.752s][info][gc,heap        ] GC(730) Old regions: 8->8
[297.752s][info][gc,heap        ] GC(730) Archive regions: 0->0
[297.752s][info][gc,heap        ] GC(730) Humongous regions: 0->0
[297.752s][info][gc,metaspace   ] GC(730) Metaspace: 14385K(15232K)->14385K(15232K) NonClass: 12423K(12928K)->12423K(12928K) Class: 1962K(2304K)->1962K(2304K)
[297.752s][info][gc             ] GC(730) Pause Young (Normal) (G1 Evacuation Pause) 727M->7M(1248M) 11.900ms
[297.752s][info][gc,cpu         ] GC(730) User=0.00s Sys=0.00s Real=0.01s
[298.189s][info][gc,start       ] GC(731) Pause Young (Normal) (G1 Evacuation Pause)
[298.189s][info][gc,task        ] GC(731) Using 33 workers of 33 for evacuation
[298.193s][info][gc,phases      ] GC(731)   Pre Evacuate Collection Set: 0.1ms
[298.193s][info][gc,phases      ] GC(731)   Merge Heap Roots: 0.1ms
[298.193s][info][gc,phases      ] GC(731)   Evacuate Collection Set: 0.6ms
[298.193s][info][gc,phases      ] GC(731)   Post Evacuate Collection Set: 3.4ms
[298.193s][info][gc,phases      ] GC(731)   Other: 0.1ms
[298.193s][info][gc,heap        ] GC(731) Eden regions: 45->0(45)
[298.193s][info][gc,heap        ] GC(731) Survivor regions: 1->1(6)
[298.193s][info][gc,heap        ] GC(731) Old regions: 8->8
[298.193s][info][gc,heap        ] GC(731) Archive regions: 0->0
[298.193s][info][gc,heap        ] GC(731) Humongous regions: 0->0
[298.193s][info][gc,metaspace   ] GC(731) Metaspace: 14385K(15232K)->14385K(15232K) NonClass: 12423K(12928K)->12423K(12928K) Class: 1962K(2304K)->1962K(2304K)
[298.193s][info][gc             ] GC(731) Pause Young (Normal) (G1 Evacuation Pause) 727M->7M(1248M) 4.557ms
[298.193s][info][gc,cpu         ] GC(731) User=0.00s Sys=0.02s Real=0.00s
[298.635s][info][gc,start       ] GC(732) Pause Young (Normal) (G1 Evacuation Pause)
[298.635s][info][gc,task        ] GC(732) Using 33 workers of 33 for evacuation
[298.639s][info][gc,phases      ] GC(732)   Pre Evacuate Collection Set: 0.1ms
[298.639s][info][gc,phases      ] GC(732)   Merge Heap Roots: 0.1ms
[298.639s][info][gc,phases      ] GC(732)   Evacuate Collection Set: 0.5ms
[298.639s][info][gc,phases      ] GC(732)   Post Evacuate Collection Set: 3.5ms
[298.639s][info][gc,phases      ] GC(732)   Other: 0.1ms
[298.639s][info][gc,heap        ] GC(732) Eden regions: 45->0(45)
[298.639s][info][gc,heap        ] GC(732) Survivor regions: 1->1(6)
[298.639s][info][gc,heap        ] GC(732) Old regions: 8->8
[298.639s][info][gc,heap        ] GC(732) Archive regions: 0->0
[298.639s][info][gc,heap        ] GC(732) Humongous regions: 0->0
[298.639s][info][gc,metaspace   ] GC(732) Metaspace: 14385K(15232K)->14385K(15232K) NonClass: 12423K(12928K)->12423K(12928K) Class: 1962K(2304K)->1962K(2304K)
[298.640s][info][gc             ] GC(732) Pause Young (Normal) (G1 Evacuation Pause) 727M->7M(1248M) 4.598ms
[298.640s][info][gc,cpu         ] GC(732) User=0.00s Sys=0.00s Real=0.00s
[299.089s][info][gc,start       ] GC(733) Pause Young (Normal) (G1 Evacuation Pause)
[299.089s][info][gc,task        ] GC(733) Using 33 workers of 33 for evacuation
[299.093s][info][gc,phases      ] GC(733)   Pre Evacuate Collection Set: 0.1ms
[299.093s][info][gc,phases      ] GC(733)   Merge Heap Roots: 0.1ms
[299.093s][info][gc,phases      ] GC(733)   Evacuate Collection Set: 0.6ms
[299.093s][info][gc,phases      ] GC(733)   Post Evacuate Collection Set: 3.6ms
[299.093s][info][gc,phases      ] GC(733)   Other: 0.1ms
[299.093s][info][gc,heap        ] GC(733) Eden regions: 45->0(45)
[299.093s][info][gc,heap        ] GC(733) Survivor regions: 1->1(6)
[299.093s][info][gc,heap        ] GC(733) Old regions: 8->8
[299.093s][info][gc,heap        ] GC(733) Archive regions: 0->0
[299.093s][info][gc,heap        ] GC(733) Humongous regions: 0->0
[299.093s][info][gc,metaspace   ] GC(733) Metaspace: 14385K(15232K)->14385K(15232K) NonClass: 12423K(12928K)->12423K(12928K) Class: 1962K(2304K)->1962K(2304K)
[299.093s][info][gc             ] GC(733) Pause Young (Normal) (G1 Evacuation Pause) 727M->7M(1248M) 4.730ms
[299.093s][info][gc,cpu         ] GC(733) User=0.00s Sys=0.00s Real=0.00s
[299.562s][info][gc,start       ] GC(734) Pause Young (Normal) (G1 Evacuation Pause)
[299.562s][info][gc,task        ] GC(734) Using 33 workers of 33 for evacuation
[299.568s][info][gc,phases      ] GC(734)   Pre Evacuate Collection Set: 0.1ms
[299.568s][info][gc,phases      ] GC(734)   Merge Heap Roots: 0.2ms
[299.568s][info][gc,phases      ] GC(734)   Evacuate Collection Set: 1.1ms
[299.568s][info][gc,phases      ] GC(734)   Post Evacuate Collection Set: 4.3ms
[299.568s][info][gc,phases      ] GC(734)   Other: 0.1ms
[299.568s][info][gc,heap        ] GC(734) Eden regions: 45->0(45)
[299.568s][info][gc,heap        ] GC(734) Survivor regions: 1->1(6)
[299.568s][info][gc,heap        ] GC(734) Old regions: 8->8
[299.568s][info][gc,heap        ] GC(734) Archive regions: 0->0
[299.568s][info][gc,heap        ] GC(734) Humongous regions: 0->0
[299.568s][info][gc,metaspace   ] GC(734) Metaspace: 14385K(15232K)->14385K(15232K) NonClass: 12423K(12928K)->12423K(12928K) Class: 1962K(2304K)->1962K(2304K)
[299.568s][info][gc             ] GC(734) Pause Young (Normal) (G1 Evacuation Pause) 727M->7M(1248M) 6.276ms
[299.569s][info][gc,cpu         ] GC(734) User=0.00s Sys=0.00s Real=0.00s
[300.022s][info][gc,start       ] GC(735) Pause Young (Normal) (G1 Evacuation Pause)
[300.022s][info][gc,task        ] GC(735) Using 33 workers of 33 for evacuation
[300.027s][info][gc,phases      ] GC(735)   Pre Evacuate Collection Set: 0.1ms
[300.027s][info][gc,phases      ] GC(735)   Merge Heap Roots: 0.1ms
[300.027s][info][gc,phases      ] GC(735)   Evacuate Collection Set: 0.6ms
[300.027s][info][gc,phases      ] GC(735)   Post Evacuate Collection Set: 4.0ms
[300.027s][info][gc,phases      ] GC(735)   Other: 0.1ms
[300.027s][info][gc,heap        ] GC(735) Eden regions: 45->0(55)
[300.027s][info][gc,heap        ] GC(735) Survivor regions: 1->1(6)
[300.027s][info][gc,heap        ] GC(735) Old regions: 8->8
[300.027s][info][gc,heap        ] GC(735) Archive regions: 0->0
[300.027s][info][gc,heap        ] GC(735) Humongous regions: 0->0
[300.027s][info][gc,metaspace   ] GC(735) Metaspace: 14385K(15232K)->14385K(15232K) NonClass: 12423K(12928K)->12423K(12928K) Class: 1962K(2304K)->1962K(2304K)
[300.027s][info][gc             ] GC(735) Pause Young (Normal) (G1 Evacuation Pause) 727M->7M(1504M) 5.150ms
[300.027s][info][gc,cpu         ] GC(735) User=0.00s Sys=0.00s Real=0.00s
[300.548s][info][gc,start       ] GC(736) Pause Young (Normal) (G1 Evacuation Pause)
[300.549s][info][gc,task        ] GC(736) Using 33 workers of 33 for evacuation
[300.553s][info][gc,phases      ] GC(736)   Pre Evacuate Collection Set: 0.1ms
[300.553s][info][gc,phases      ] GC(736)   Merge Heap Roots: 0.1ms
[300.553s][info][gc,phases      ] GC(736)   Evacuate Collection Set: 0.6ms
[300.553s][info][gc,phases      ] GC(736)   Post Evacuate Collection Set: 3.7ms
[300.553s][info][gc,phases      ] GC(736)   Other: 0.1ms
[300.553s][info][gc,heap        ] GC(736) Eden regions: 55->0(55)
[300.553s][info][gc,heap        ] GC(736) Survivor regions: 1->1(7)
[300.553s][info][gc,heap        ] GC(736) Old regions: 8->8
[300.553s][info][gc,heap        ] GC(736) Archive regions: 0->0
[300.553s][info][gc,heap        ] GC(736) Humongous regions: 0->0
[300.553s][info][gc,metaspace   ] GC(736) Metaspace: 14385K(15232K)->14385K(15232K) NonClass: 12423K(12928K)->12423K(12928K) Class: 1962K(2304K)->1962K(2304K)
[300.553s][info][gc             ] GC(736) Pause Young (Normal) (G1 Evacuation Pause) 887M->7M(1504M) 4.847ms
[300.553s][info][gc,cpu         ] GC(736) User=0.00s Sys=0.00s Real=0.01s
[301.097s][info][gc,start       ] GC(737) Pause Young (Normal) (G1 Evacuation Pause)
[301.097s][info][gc,task        ] GC(737) Using 33 workers of 33 for evacuation
[301.101s][info][gc,phases      ] GC(737)   Pre Evacuate Collection Set: 0.1ms
[301.101s][info][gc,phases      ] GC(737)   Merge Heap Roots: 0.1ms
[301.101s][info][gc,phases      ] GC(737)   Evacuate Collection Set: 0.6ms
[301.101s][info][gc,phases      ] GC(737)   Post Evacuate Collection Set: 3.5ms
[301.101s][info][gc,phases      ] GC(737)   Other: 0.1ms
[301.101s][info][gc,heap        ] GC(737) Eden regions: 55->0(55)
[301.101s][info][gc,heap        ] GC(737) Survivor regions: 1->1(7)
[301.101s][info][gc,heap        ] GC(737) Old regions: 8->9
[301.101s][info][gc,heap        ] GC(737) Archive regions: 0->0
[301.101s][info][gc,heap        ] GC(737) Humongous regions: 0->0
[301.101s][info][gc,metaspace   ] GC(737) Metaspace: 14385K(15232K)->14385K(15232K) NonClass: 12423K(12928K)->12423K(12928K) Class: 1962K(2304K)->1962K(2304K)
[301.101s][info][gc             ] GC(737) Pause Young (Normal) (G1 Evacuation Pause) 887M->7M(1504M) 4.658ms
[301.101s][info][gc,cpu         ] GC(737) User=0.00s Sys=0.00s Real=0.01s
[301.642s][info][gc,start       ] GC(738) Pause Young (Normal) (G1 Evacuation Pause)
[301.642s][info][gc,task        ] GC(738) Using 33 workers of 33 for evacuation
[301.647s][info][gc,phases      ] GC(738)   Pre Evacuate Collection Set: 0.1ms
[301.647s][info][gc,phases      ] GC(738)   Merge Heap Roots: 0.2ms
[301.647s][info][gc,phases      ] GC(738)   Evacuate Collection Set: 0.4ms
[301.647s][info][gc,phases      ] GC(738)   Post Evacuate Collection Set: 3.7ms
[301.647s][info][gc,phases      ] GC(738)   Other: 0.1ms
[301.647s][info][gc,heap        ] GC(738) Eden regions: 55->0(55)
[301.647s][info][gc,heap        ] GC(738) Survivor regions: 1->1(7)
[301.647s][info][gc,heap        ] GC(738) Old regions: 9->9
[301.647s][info][gc,heap        ] GC(738) Archive regions: 0->0
[301.647s][info][gc,heap        ] GC(738) Humongous regions: 0->0
[301.647s][info][gc,metaspace   ] GC(738) Metaspace: 14385K(15232K)->14385K(15232K) NonClass: 12423K(12928K)->12423K(12928K) Class: 1962K(2304K)->1962K(2304K)
[301.647s][info][gc             ] GC(738) Pause Young (Normal) (G1 Evacuation Pause) 887M->7M(1504M) 4.693ms
[301.647s][info][gc,cpu         ] GC(738) User=0.00s Sys=0.00s Real=0.01s
[302.189s][info][gc,start       ] GC(739) Pause Young (Normal) (G1 Evacuation Pause)
[302.189s][info][gc,task        ] GC(739) Using 33 workers of 33 for evacuation
[302.193s][info][gc,phases      ] GC(739)   Pre Evacuate Collection Set: 0.1ms
[302.193s][info][gc,phases      ] GC(739)   Merge Heap Roots: 0.2ms
[302.193s][info][gc,phases      ] GC(739)   Evacuate Collection Set: 0.4ms
[302.193s][info][gc,phases      ] GC(739)   Post Evacuate Collection Set: 3.8ms
[302.193s][info][gc,phases      ] GC(739)   Other: 0.1ms
[302.193s][info][gc,heap        ] GC(739) Eden regions: 55->0(55)
[302.193s][info][gc,heap        ] GC(739) Survivor regions: 1->1(7)
[302.193s][info][gc,heap        ] GC(739) Old regions: 9->9
[302.193s][info][gc,heap        ] GC(739) Archive regions: 0->0
[302.193s][info][gc,heap        ] GC(739) Humongous regions: 0->0
[302.193s][info][gc,metaspace   ] GC(739) Metaspace: 14385K(15232K)->14385K(15232K) NonClass: 12423K(12928K)->12423K(12928K) Class: 1962K(2304K)->1962K(2304K)
[302.193s][info][gc             ] GC(739) Pause Young (Normal) (G1 Evacuation Pause) 887M->7M(1504M) 4.803ms
[302.193s][info][gc,cpu         ] GC(739) User=0.02s Sys=0.36s Real=0.00s
[302.744s][info][gc,start       ] GC(740) Pause Young (Normal) (G1 Evacuation Pause)
[302.744s][info][gc,task        ] GC(740) Using 33 workers of 33 for evacuation
[302.748s][info][gc,phases      ] GC(740)   Pre Evacuate Collection Set: 0.1ms
[302.748s][info][gc,phases      ] GC(740)   Merge Heap Roots: 0.1ms
[302.748s][info][gc,phases      ] GC(740)   Evacuate Collection Set: 0.4ms
[302.748s][info][gc,phases      ] GC(740)   Post Evacuate Collection Set: 3.6ms
[302.748s][info][gc,phases      ] GC(740)   Other: 0.1ms
[302.748s][info][gc,heap        ] GC(740) Eden regions: 55->0(55)
[302.748s][info][gc,heap        ] GC(740) Survivor regions: 1->1(7)
[302.748s][info][gc,heap        ] GC(740) Old regions: 9->9
[302.749s][info][gc,heap        ] GC(740) Archive regions: 0->0
[302.749s][info][gc,heap        ] GC(740) Humongous regions: 0->0
[302.749s][info][gc,metaspace   ] GC(740) Metaspace: 14385K(15232K)->14385K(15232K) NonClass: 12423K(12928K)->12423K(12928K) Class: 1962K(2304K)->1962K(2304K)
[302.749s][info][gc             ] GC(740) Pause Young (Normal) (G1 Evacuation Pause) 887M->8M(1504M) 4.606ms
[302.749s][info][gc,cpu         ] GC(740) User=0.00s Sys=0.00s Real=0.00s
[303.298s][info][gc,start       ] GC(741) Pause Young (Normal) (G1 Evacuation Pause)
[303.298s][info][gc,task        ] GC(741) Using 33 workers of 33 for evacuation
[303.303s][info][gc,phases      ] GC(741)   Pre Evacuate Collection Set: 0.1ms
[303.303s][info][gc,phases      ] GC(741)   Merge Heap Roots: 0.2ms
[303.303s][info][gc,phases      ] GC(741)   Evacuate Collection Set: 0.5ms
[303.303s][info][gc,phases      ] GC(741)   Post Evacuate Collection Set: 3.4ms
[303.303s][info][gc,phases      ] GC(741)   Other: 0.1ms
[303.303s][info][gc,heap        ] GC(741) Eden regions: 55->0(55)
[303.303s][info][gc,heap        ] GC(741) Survivor regions: 1->1(7)
[303.303s][info][gc,heap        ] GC(741) Old regions: 9->9
[303.303s][info][gc,heap        ] GC(741) Archive regions: 0->0
[303.303s][info][gc,heap        ] GC(741) Humongous regions: 0->0
[303.303s][info][gc,metaspace   ] GC(741) Metaspace: 14385K(15232K)->14385K(15232K) NonClass: 12423K(12928K)->12423K(12928K) Class: 1962K(2304K)->1962K(2304K)
[303.303s][info][gc             ] GC(741) Pause Young (Normal) (G1 Evacuation Pause) 888M->8M(1504M) 4.430ms
[303.303s][info][gc,cpu         ] GC(741) User=0.00s Sys=0.00s Real=0.00s
[303.844s][info][gc,start       ] GC(742) Pause Young (Normal) (G1 Evacuation Pause)
[303.844s][info][gc,task        ] GC(742) Using 33 workers of 33 for evacuation
[303.848s][info][gc,phases      ] GC(742)   Pre Evacuate Collection Set: 0.1ms
[303.848s][info][gc,phases      ] GC(742)   Merge Heap Roots: 0.1ms
[303.848s][info][gc,phases      ] GC(742)   Evacuate Collection Set: 0.4ms
[303.848s][info][gc,phases      ] GC(742)   Post Evacuate Collection Set: 3.5ms
[303.848s][info][gc,phases      ] GC(742)   Other: 0.1ms
[303.848s][info][gc,heap        ] GC(742) Eden regions: 55->0(55)
[303.848s][info][gc,heap        ] GC(742) Survivor regions: 1->1(7)
[303.848s][info][gc,heap        ] GC(742) Old regions: 9->9
[303.848s][info][gc,heap        ] GC(742) Archive regions: 0->0
[303.848s][info][gc,heap        ] GC(742) Humongous regions: 0->0
[303.848s][info][gc,metaspace   ] GC(742) Metaspace: 14385K(15232K)->14385K(15232K) NonClass: 12423K(12928K)->12423K(12928K) Class: 1962K(2304K)->1962K(2304K)
[303.848s][info][gc             ] GC(742) Pause Young (Normal) (G1 Evacuation Pause) 888M->8M(1504M) 4.510ms
[303.848s][info][gc,cpu         ] GC(742) User=0.52s Sys=0.00s Real=0.00s
[304.389s][info][gc,start       ] GC(743) Pause Young (Normal) (G1 Evacuation Pause)
[304.389s][info][gc,task        ] GC(743) Using 33 workers of 33 for evacuation
[304.393s][info][gc,phases      ] GC(743)   Pre Evacuate Collection Set: 0.1ms
[304.393s][info][gc,phases      ] GC(743)   Merge Heap Roots: 0.2ms
[304.393s][info][gc,phases      ] GC(743)   Evacuate Collection Set: 0.4ms
[304.393s][info][gc,phases      ] GC(743)   Post Evacuate Collection Set: 3.7ms
[304.393s][info][gc,phases      ] GC(743)   Other: 0.1ms
[304.393s][info][gc,heap        ] GC(743) Eden regions: 55->0(55)
[304.393s][info][gc,heap        ] GC(743) Survivor regions: 1->1(7)
[304.393s][info][gc,heap        ] GC(743) Old regions: 9->9
[304.393s][info][gc,heap        ] GC(743) Archive regions: 0->0
[304.393s][info][gc,heap        ] GC(743) Humongous regions: 0->0
[304.393s][info][gc,metaspace   ] GC(743) Metaspace: 14385K(15232K)->14385K(15232K) NonClass: 12423K(12928K)->12423K(12928K) Class: 1962K(2304K)->1962K(2304K)
[304.393s][info][gc             ] GC(743) Pause Young (Normal) (G1 Evacuation Pause) 888M->8M(1504M) 4.738ms
[304.393s][info][gc,cpu         ] GC(743) User=0.52s Sys=0.00s Real=0.00s
[304.934s][info][gc,start       ] GC(744) Pause Young (Normal) (G1 Evacuation Pause)
[304.935s][info][gc,task        ] GC(744) Using 33 workers of 33 for evacuation
[304.939s][info][gc,phases      ] GC(744)   Pre Evacuate Collection Set: 0.1ms
[304.939s][info][gc,phases      ] GC(744)   Merge Heap Roots: 0.2ms
[304.939s][info][gc,phases      ] GC(744)   Evacuate Collection Set: 0.4ms
[304.939s][info][gc,phases      ] GC(744)   Post Evacuate Collection Set: 3.7ms
[304.939s][info][gc,phases      ] GC(744)   Other: 0.1ms
[304.939s][info][gc,heap        ] GC(744) Eden regions: 55->0(55)
[304.939s][info][gc,heap        ] GC(744) Survivor regions: 1->1(7)
[304.939s][info][gc,heap        ] GC(744) Old regions: 9->9
[304.939s][info][gc,heap        ] GC(744) Archive regions: 0->0
[304.939s][info][gc,heap        ] GC(744) Humongous regions: 0->0
[304.939s][info][gc,metaspace   ] GC(744) Metaspace: 14385K(15232K)->14385K(15232K) NonClass: 12423K(12928K)->12423K(12928K) Class: 1962K(2304K)->1962K(2304K)
[304.939s][info][gc             ] GC(744) Pause Young (Normal) (G1 Evacuation Pause) 888M->8M(1504M) 4.703ms
[304.939s][info][gc,cpu         ] GC(744) User=0.02s Sys=0.00s Real=0.00s
[305.370s][info][gc,start       ] GC(745) Pause Young (Normal) (G1 Evacuation Pause)
[305.370s][info][gc,task        ] GC(745) Using 33 workers of 33 for evacuation
[305.375s][info][gc,phases      ] GC(745)   Pre Evacuate Collection Set: 0.1ms
[305.375s][info][gc,phases      ] GC(745)   Merge Heap Roots: 0.2ms
[305.375s][info][gc,phases      ] GC(745)   Evacuate Collection Set: 0.4ms
[305.375s][info][gc,phases      ] GC(745)   Post Evacuate Collection Set: 4.0ms
[305.375s][info][gc,phases      ] GC(745)   Other: 0.1ms
[305.375s][info][gc,heap        ] GC(745) Eden regions: 55->0(55)
[305.375s][info][gc,heap        ] GC(745) Survivor regions: 1->1(7)
[305.375s][info][gc,heap        ] GC(745) Old regions: 9->9
[305.375s][info][gc,heap        ] GC(745) Archive regions: 0->0
[305.375s][info][gc,heap        ] GC(745) Humongous regions: 0->0
[305.375s][info][gc,metaspace   ] GC(745) Metaspace: 14385K(15232K)->14385K(15232K) NonClass: 12423K(12928K)->12423K(12928K) Class: 1962K(2304K)->1962K(2304K)
[305.375s][info][gc             ] GC(745) Pause Young (Normal) (G1 Evacuation Pause) 888M->8M(1504M) 5.063ms
[305.375s][info][gc,cpu         ] GC(745) User=0.00s Sys=0.00s Real=0.01s
[305.420s][info][gc,start       ] GC(746) Pause Full (System.gc())
[305.420s][info][gc,task        ] GC(746) Using 8 workers of 33 for full compaction
[305.420s][info][gc,phases,start] GC(746) Phase 1: Mark live objects
[305.426s][info][gc,phases      ] GC(746) Phase 1: Mark live objects 5.639ms
[305.426s][info][gc,phases,start] GC(746) Phase 2: Prepare compaction
[305.427s][info][gc,phases      ] GC(746) Phase 2: Prepare compaction 1.533ms
[305.427s][info][gc,phases,start] GC(746) Phase 3: Adjust pointers
[305.435s][info][gc,phases      ] GC(746) Phase 3: Adjust pointers 7.825ms
[305.435s][info][gc,phases,start] GC(746) Phase 4: Compact heap
[305.436s][info][gc,phases      ] GC(746) Phase 4: Compact heap 0.892ms
[305.447s][info][gc,heap        ] GC(746) Eden regions: 3->0(12)
[305.447s][info][gc,heap        ] GC(746) Survivor regions: 1->0(7)
[305.447s][info][gc,heap        ] GC(746) Old regions: 9->6
[305.447s][info][gc,heap        ] GC(746) Archive regions: 0->0
[305.447s][info][gc,heap        ] GC(746) Humongous regions: 0->0
[305.448s][info][gc,metaspace   ] GC(746) Metaspace: 14385K(15232K)->14385K(15232K) NonClass: 12423K(12928K)->12423K(12928K) Class: 1962K(2304K)->1962K(2304K)
[305.448s][info][gc             ] GC(746) Pause Full (System.gc()) 43M->5M(320M) 27.821ms
[305.448s][info][gc,cpu         ] GC(746) User=0.03s Sys=0.00s Real=0.02s
[305.576s][info][gc,start       ] GC(747) Pause Young (Normal) (G1 Evacuation Pause)
[305.576s][info][gc,task        ] GC(747) Using 33 workers of 33 for evacuation
[305.582s][info][gc,phases      ] GC(747)   Pre Evacuate Collection Set: 0.1ms
[305.582s][info][gc,phases      ] GC(747)   Merge Heap Roots: 0.1ms
[305.582s][info][gc,phases      ] GC(747)   Evacuate Collection Set: 0.5ms
[305.582s][info][gc,phases      ] GC(747)   Post Evacuate Collection Set: 5.2ms
[305.582s][info][gc,phases      ] GC(747)   Other: 0.1ms
[305.582s][info][gc,heap        ] GC(747) Eden regions: 12->0(43)
[305.582s][info][gc,heap        ] GC(747) Survivor regions: 0->1(2)
[305.582s][info][gc,heap        ] GC(747) Old regions: 6->6
[305.582s][info][gc,heap        ] GC(747) Archive regions: 0->0
[305.582s][info][gc,heap        ] GC(747) Humongous regions: 0->0
[305.582s][info][gc,metaspace   ] GC(747) Metaspace: 14385K(15232K)->14385K(15232K) NonClass: 12423K(12928K)->12423K(12928K) Class: 1962K(2304K)->1962K(2304K)
[305.582s][info][gc             ] GC(747) Pause Young (Normal) (G1 Evacuation Pause) 197M->6M(1184M) 6.207ms
[305.582s][info][gc,cpu         ] GC(747) User=0.05s Sys=0.23s Real=0.00s
[306.003s][info][gc,start       ] GC(748) Pause Young (Normal) (G1 Evacuation Pause)
[306.003s][info][gc,task        ] GC(748) Using 33 workers of 33 for evacuation
[306.007s][info][gc,phases      ] GC(748)   Pre Evacuate Collection Set: 0.1ms
[306.007s][info][gc,phases      ] GC(748)   Merge Heap Roots: 0.1ms
[306.007s][info][gc,phases      ] GC(748)   Evacuate Collection Set: 0.5ms
[306.007s][info][gc,phases      ] GC(748)   Post Evacuate Collection Set: 3.4ms
[306.007s][info][gc,phases      ] GC(748)   Other: 0.1ms
[306.007s][info][gc,heap        ] GC(748) Eden regions: 43->0(43)
[306.007s][info][gc,heap        ] GC(748) Survivor regions: 1->1(6)
[306.007s][info][gc,heap        ] GC(748) Old regions: 6->6
[306.007s][info][gc,heap        ] GC(748) Archive regions: 0->0
[306.007s][info][gc,heap        ] GC(748) Humongous regions: 0->0
[306.007s][info][gc,metaspace   ] GC(748) Metaspace: 14385K(15232K)->14385K(15232K) NonClass: 12423K(12928K)->12423K(12928K) Class: 1962K(2304K)->1962K(2304K)
[306.007s][info][gc             ] GC(748) Pause Young (Normal) (G1 Evacuation Pause) 694M->6M(1184M) 4.418ms
[306.007s][info][gc,cpu         ] GC(748) User=0.00s Sys=0.00s Real=0.00s
[306.428s][info][gc,start       ] GC(749) Pause Young (Normal) (G1 Evacuation Pause)
[306.428s][info][gc,task        ] GC(749) Using 33 workers of 33 for evacuation
[306.432s][info][gc,phases      ] GC(749)   Pre Evacuate Collection Set: 0.1ms
[306.432s][info][gc,phases      ] GC(749)   Merge Heap Roots: 0.1ms
[306.432s][info][gc,phases      ] GC(749)   Evacuate Collection Set: 0.5ms
[306.432s][info][gc,phases      ] GC(749)   Post Evacuate Collection Set: 3.2ms
[306.432s][info][gc,phases      ] GC(749)   Other: 0.1ms
[306.433s][info][gc,heap        ] GC(749) Eden regions: 43->0(43)
[306.433s][info][gc,heap        ] GC(749) Survivor regions: 1->1(6)
[306.433s][info][gc,heap        ] GC(749) Old regions: 6->6
[306.433s][info][gc,heap        ] GC(749) Archive regions: 0->0
[306.433s][info][gc,heap        ] GC(749) Humongous regions: 0->0
[306.433s][info][gc,metaspace   ] GC(749) Metaspace: 14385K(15232K)->14385K(15232K) NonClass: 12423K(12928K)->12423K(12928K) Class: 1962K(2304K)->1962K(2304K)
[306.433s][info][gc             ] GC(749) Pause Young (Normal) (G1 Evacuation Pause) 694M->6M(1184M) 4.248ms
[306.433s][info][gc,cpu         ] GC(749) User=0.00s Sys=0.00s Real=0.00s
[306.850s][info][gc,start       ] GC(750) Pause Young (Normal) (G1 Evacuation Pause)
[306.850s][info][gc,task        ] GC(750) Using 33 workers of 33 for evacuation
[306.854s][info][gc,phases      ] GC(750)   Pre Evacuate Collection Set: 0.1ms
[306.854s][info][gc,phases      ] GC(750)   Merge Heap Roots: 0.1ms
[306.854s][info][gc,phases      ] GC(750)   Evacuate Collection Set: 0.5ms
[306.854s][info][gc,phases      ] GC(750)   Post Evacuate Collection Set: 3.4ms
[306.854s][info][gc,phases      ] GC(750)   Other: 0.1ms
[306.854s][info][gc,heap        ] GC(750) Eden regions: 43->0(43)
[306.854s][info][gc,heap        ] GC(750) Survivor regions: 1->1(6)
[306.854s][info][gc,heap        ] GC(750) Old regions: 6->6
[306.854s][info][gc,heap        ] GC(750) Archive regions: 0->0
[306.854s][info][gc,heap        ] GC(750) Humongous regions: 0->0
[306.854s][info][gc,metaspace   ] GC(750) Metaspace: 14385K(15232K)->14385K(15232K) NonClass: 12423K(12928K)->12423K(12928K) Class: 1962K(2304K)->1962K(2304K)
[306.854s][info][gc             ] GC(750) Pause Young (Normal) (G1 Evacuation Pause) 694M->6M(1184M) 4.459ms
[306.854s][info][gc,cpu         ] GC(750) User=0.00s Sys=0.00s Real=0.00s
[307.271s][info][gc,start       ] GC(751) Pause Young (Normal) (G1 Evacuation Pause)
[307.271s][info][gc,task        ] GC(751) Using 33 workers of 33 for evacuation
[307.275s][info][gc,phases      ] GC(751)   Pre Evacuate Collection Set: 0.1ms
[307.275s][info][gc,phases      ] GC(751)   Merge Heap Roots: 0.1ms
[307.275s][info][gc,phases      ] GC(751)   Evacuate Collection Set: 0.5ms
[307.275s][info][gc,phases      ] GC(751)   Post Evacuate Collection Set: 3.5ms
[307.275s][info][gc,phases      ] GC(751)   Other: 0.1ms
[307.276s][info][gc,heap        ] GC(751) Eden regions: 43->0(43)
[307.276s][info][gc,heap        ] GC(751) Survivor regions: 1->1(6)
[307.276s][info][gc,heap        ] GC(751) Old regions: 6->6
[307.276s][info][gc,heap        ] GC(751) Archive regions: 0->0
[307.276s][info][gc,heap        ] GC(751) Humongous regions: 0->0
[307.276s][info][gc,metaspace   ] GC(751) Metaspace: 14385K(15232K)->14385K(15232K) NonClass: 12423K(12928K)->12423K(12928K) Class: 1962K(2304K)->1962K(2304K)
[307.276s][info][gc             ] GC(751) Pause Young (Normal) (G1 Evacuation Pause) 694M->6M(1184M) 4.513ms
[307.276s][info][gc,cpu         ] GC(751) User=0.00s Sys=0.00s Real=0.00s
[307.690s][info][gc,start       ] GC(752) Pause Young (Normal) (G1 Evacuation Pause)
[307.690s][info][gc,task        ] GC(752) Using 33 workers of 33 for evacuation
[307.694s][info][gc,phases      ] GC(752)   Pre Evacuate Collection Set: 0.1ms
[307.694s][info][gc,phases      ] GC(752)   Merge Heap Roots: 0.1ms
[307.694s][info][gc,phases      ] GC(752)   Evacuate Collection Set: 0.4ms
[307.694s][info][gc,phases      ] GC(752)   Post Evacuate Collection Set: 3.5ms
[307.694s][info][gc,phases      ] GC(752)   Other: 0.1ms
[307.694s][info][gc,heap        ] GC(752) Eden regions: 43->0(43)
[307.694s][info][gc,heap        ] GC(752) Survivor regions: 1->1(6)
[307.694s][info][gc,heap        ] GC(752) Old regions: 6->6
[307.694s][info][gc,heap        ] GC(752) Archive regions: 0->0
[307.694s][info][gc,heap        ] GC(752) Humongous regions: 0->0
[307.694s][info][gc,metaspace   ] GC(752) Metaspace: 14385K(15232K)->14385K(15232K) NonClass: 12423K(12928K)->12423K(12928K) Class: 1962K(2304K)->1962K(2304K)
[307.694s][info][gc             ] GC(752) Pause Young (Normal) (G1 Evacuation Pause) 694M->7M(1184M) 4.532ms
[307.694s][info][gc,cpu         ] GC(752) User=0.00s Sys=0.00s Real=0.00s
[308.117s][info][gc,start       ] GC(753) Pause Young (Normal) (G1 Evacuation Pause)
[308.118s][info][gc,task        ] GC(753) Using 33 workers of 33 for evacuation
[308.122s][info][gc,phases      ] GC(753)   Pre Evacuate Collection Set: 0.1ms
[308.122s][info][gc,phases      ] GC(753)   Merge Heap Roots: 0.1ms
[308.122s][info][gc,phases      ] GC(753)   Evacuate Collection Set: 0.5ms
[308.122s][info][gc,phases      ] GC(753)   Post Evacuate Collection Set: 3.5ms
[308.122s][info][gc,phases      ] GC(753)   Other: 0.1ms
[308.122s][info][gc,heap        ] GC(753) Eden regions: 43->0(43)
[308.122s][info][gc,heap        ] GC(753) Survivor regions: 1->1(6)
[308.122s][info][gc,heap        ] GC(753) Old regions: 6->6
[308.122s][info][gc,heap        ] GC(753) Archive regions: 0->0
[308.122s][info][gc,heap        ] GC(753) Humongous regions: 0->0
[308.122s][info][gc,metaspace   ] GC(753) Metaspace: 14385K(15232K)->14385K(15232K) NonClass: 12423K(12928K)->12423K(12928K) Class: 1962K(2304K)->1962K(2304K)
[308.122s][info][gc             ] GC(753) Pause Young (Normal) (G1 Evacuation Pause) 695M->7M(1184M) 4.520ms
[308.122s][info][gc,cpu         ] GC(753) User=0.00s Sys=0.00s Real=0.00s
[308.558s][info][gc,start       ] GC(754) Pause Young (Normal) (G1 Evacuation Pause)
[308.559s][info][gc,task        ] GC(754) Using 33 workers of 33 for evacuation
[308.563s][info][gc,phases      ] GC(754)   Pre Evacuate Collection Set: 0.1ms
[308.563s][info][gc,phases      ] GC(754)   Merge Heap Roots: 0.1ms
[308.563s][info][gc,phases      ] GC(754)   Evacuate Collection Set: 0.5ms
[308.563s][info][gc,phases      ] GC(754)   Post Evacuate Collection Set: 3.3ms
[308.563s][info][gc,phases      ] GC(754)   Other: 0.1ms
[308.563s][info][gc,heap        ] GC(754) Eden regions: 43->0(43)
[308.563s][info][gc,heap        ] GC(754) Survivor regions: 1->1(6)
[308.563s][info][gc,heap        ] GC(754) Old regions: 6->6
[308.563s][info][gc,heap        ] GC(754) Archive regions: 0->0
[308.563s][info][gc,heap        ] GC(754) Humongous regions: 0->0
[308.563s][info][gc,metaspace   ] GC(754) Metaspace: 14385K(15232K)->14385K(15232K) NonClass: 12423K(12928K)->12423K(12928K) Class: 1962K(2304K)->1962K(2304K)
[308.563s][info][gc             ] GC(754) Pause Young (Normal) (G1 Evacuation Pause) 695M->7M(1184M) 4.362ms
[308.563s][info][gc,cpu         ] GC(754) User=0.00s Sys=0.00s Real=0.00s
[308.993s][info][gc,start       ] GC(755) Pause Young (Normal) (G1 Evacuation Pause)
[308.993s][info][gc,task        ] GC(755) Using 33 workers of 33 for evacuation
[308.997s][info][gc,phases      ] GC(755)   Pre Evacuate Collection Set: 0.1ms
[308.997s][info][gc,phases      ] GC(755)   Merge Heap Roots: 0.1ms
[308.997s][info][gc,phases      ] GC(755)   Evacuate Collection Set: 0.5ms
[308.997s][info][gc,phases      ] GC(755)   Post Evacuate Collection Set: 3.1ms
[308.997s][info][gc,phases      ] GC(755)   Other: 0.1ms
[308.997s][info][gc,heap        ] GC(755) Eden regions: 43->0(43)
[308.997s][info][gc,heap        ] GC(755) Survivor regions: 1->1(6)
[308.997s][info][gc,heap        ] GC(755) Old regions: 6->6
[308.997s][info][gc,heap        ] GC(755) Archive regions: 0->0
[308.997s][info][gc,heap        ] GC(755) Humongous regions: 0->0
[308.997s][info][gc,metaspace   ] GC(755) Metaspace: 14385K(15232K)->14385K(15232K) NonClass: 12423K(12928K)->12423K(12928K) Class: 1962K(2304K)->1962K(2304K)
[308.997s][info][gc             ] GC(755) Pause Young (Normal) (G1 Evacuation Pause) 695M->7M(1184M) 4.193ms
[308.997s][info][gc,cpu         ] GC(755) User=0.00s Sys=0.00s Real=0.00s
[309.418s][info][gc,start       ] GC(756) Pause Young (Normal) (G1 Evacuation Pause)
[309.418s][info][gc,task        ] GC(756) Using 33 workers of 33 for evacuation
[309.422s][info][gc,phases      ] GC(756)   Pre Evacuate Collection Set: 0.1ms
[309.422s][info][gc,phases      ] GC(756)   Merge Heap Roots: 0.1ms
[309.422s][info][gc,phases      ] GC(756)   Evacuate Collection Set: 0.5ms
[309.422s][info][gc,phases      ] GC(756)   Post Evacuate Collection Set: 3.3ms
[309.422s][info][gc,phases      ] GC(756)   Other: 0.1ms
[309.422s][info][gc,heap        ] GC(756) Eden regions: 43->0(43)
[309.423s][info][gc,heap        ] GC(756) Survivor regions: 1->1(6)
[309.423s][info][gc,heap        ] GC(756) Old regions: 6->6
[309.423s][info][gc,heap        ] GC(756) Archive regions: 0->0
[309.423s][info][gc,heap        ] GC(756) Humongous regions: 0->0
[309.423s][info][gc,metaspace   ] GC(756) Metaspace: 14385K(15232K)->14385K(15232K) NonClass: 12423K(12928K)->12423K(12928K) Class: 1962K(2304K)->1962K(2304K)
[309.423s][info][gc             ] GC(756) Pause Young (Normal) (G1 Evacuation Pause) 695M->7M(1184M) 4.366ms
[309.423s][info][gc,cpu         ] GC(756) User=0.00s Sys=0.00s Real=0.00s
[309.842s][info][gc,start       ] GC(757) Pause Young (Normal) (G1 Evacuation Pause)
[309.842s][info][gc,task        ] GC(757) Using 33 workers of 33 for evacuation
[309.846s][info][gc,phases      ] GC(757)   Pre Evacuate Collection Set: 0.1ms
[309.846s][info][gc,phases      ] GC(757)   Merge Heap Roots: 0.1ms
[309.846s][info][gc,phases      ] GC(757)   Evacuate Collection Set: 0.5ms
[309.846s][info][gc,phases      ] GC(757)   Post Evacuate Collection Set: 3.4ms
[309.846s][info][gc,phases      ] GC(757)   Other: 0.1ms
[309.846s][info][gc,heap        ] GC(757) Eden regions: 43->0(43)
[309.846s][info][gc,heap        ] GC(757) Survivor regions: 1->1(6)
[309.846s][info][gc,heap        ] GC(757) Old regions: 6->6
[309.846s][info][gc,heap        ] GC(757) Archive regions: 0->0
[309.846s][info][gc,heap        ] GC(757) Humongous regions: 0->0
[309.846s][info][gc,metaspace   ] GC(757) Metaspace: 14385K(15232K)->14385K(15232K) NonClass: 12423K(12928K)->12423K(12928K) Class: 1962K(2304K)->1962K(2304K)
[309.846s][info][gc             ] GC(757) Pause Young (Normal) (G1 Evacuation Pause) 695M->7M(1184M) 4.451ms
[309.846s][info][gc,cpu         ] GC(757) User=0.00s Sys=0.00s Real=0.00s
[310.262s][info][gc,start       ] GC(758) Pause Young (Normal) (G1 Evacuation Pause)
[310.262s][info][gc,task        ] GC(758) Using 33 workers of 33 for evacuation
[310.266s][info][gc,phases      ] GC(758)   Pre Evacuate Collection Set: 0.1ms
[310.266s][info][gc,phases      ] GC(758)   Merge Heap Roots: 0.1ms
[310.266s][info][gc,phases      ] GC(758)   Evacuate Collection Set: 0.5ms
[310.266s][info][gc,phases      ] GC(758)   Post Evacuate Collection Set: 3.5ms
[310.266s][info][gc,phases      ] GC(758)   Other: 0.1ms
[310.266s][info][gc,heap        ] GC(758) Eden regions: 43->0(43)
[310.266s][info][gc,heap        ] GC(758) Survivor regions: 1->1(6)
[310.266s][info][gc,heap        ] GC(758) Old regions: 6->6
[310.266s][info][gc,heap        ] GC(758) Archive regions: 0->0
[310.266s][info][gc,heap        ] GC(758) Humongous regions: 0->0
[310.266s][info][gc,metaspace   ] GC(758) Metaspace: 14385K(15232K)->14385K(15232K) NonClass: 12423K(12928K)->12423K(12928K) Class: 1962K(2304K)->1962K(2304K)
[310.266s][info][gc             ] GC(758) Pause Young (Normal) (G1 Evacuation Pause) 695M->7M(1184M) 4.584ms
[310.266s][info][gc,cpu         ] GC(758) User=0.00s Sys=0.00s Real=0.01s
[310.779s][info][gc,start       ] GC(759) Pause Young (Normal) (G1 Evacuation Pause)
[310.779s][info][gc,task        ] GC(759) Using 33 workers of 33 for evacuation
[310.785s][info][gc,phases      ] GC(759)   Pre Evacuate Collection Set: 0.2ms
[310.785s][info][gc,phases      ] GC(759)   Merge Heap Roots: 0.2ms
[310.785s][info][gc,phases      ] GC(759)   Evacuate Collection Set: 1.1ms
[310.785s][info][gc,phases      ] GC(759)   Post Evacuate Collection Set: 4.6ms
[310.785s][info][gc,phases      ] GC(759)   Other: 0.1ms
[310.785s][info][gc,heap        ] GC(759) Eden regions: 43->0(43)
[310.785s][info][gc,heap        ] GC(759) Survivor regions: 1->1(6)
[310.785s][info][gc,heap        ] GC(759) Old regions: 6->6
[310.785s][info][gc,heap        ] GC(759) Archive regions: 0->0
[310.785s][info][gc,heap        ] GC(759) Humongous regions: 0->0
[310.785s][info][gc,metaspace   ] GC(759) Metaspace: 14385K(15232K)->14385K(15232K) NonClass: 12423K(12928K)->12423K(12928K) Class: 1962K(2304K)->1962K(2304K)
[310.785s][info][gc             ] GC(759) Pause Young (Normal) (G1 Evacuation Pause) 695M->7M(1184M) 6.772ms
[310.786s][info][gc,cpu         ] GC(759) User=0.00s Sys=0.00s Real=0.00s
[311.221s][info][gc,start       ] GC(760) Pause Young (Normal) (G1 Evacuation Pause)
[311.221s][info][gc,task        ] GC(760) Using 33 workers of 33 for evacuation
[311.225s][info][gc,phases      ] GC(760)   Pre Evacuate Collection Set: 0.1ms
[311.225s][info][gc,phases      ] GC(760)   Merge Heap Roots: 0.1ms
[311.225s][info][gc,phases      ] GC(760)   Evacuate Collection Set: 0.5ms
[311.225s][info][gc,phases      ] GC(760)   Post Evacuate Collection Set: 3.2ms
[311.225s][info][gc,phases      ] GC(760)   Other: 0.1ms
[311.225s][info][gc,heap        ] GC(760) Eden regions: 43->0(43)
[311.225s][info][gc,heap        ] GC(760) Survivor regions: 1->1(6)
[311.225s][info][gc,heap        ] GC(760) Old regions: 6->6
[311.225s][info][gc,heap        ] GC(760) Archive regions: 0->0
[311.225s][info][gc,heap        ] GC(760) Humongous regions: 0->0
[311.225s][info][gc,metaspace   ] GC(760) Metaspace: 14385K(15232K)->14385K(15232K) NonClass: 12423K(12928K)->12423K(12928K) Class: 1962K(2304K)->1962K(2304K)
[311.225s][info][gc             ] GC(760) Pause Young (Normal) (G1 Evacuation Pause) 695M->7M(1184M) 4.285ms
[311.225s][info][gc,cpu         ] GC(760) User=0.00s Sys=0.00s Real=0.00s
[311.643s][info][gc,start       ] GC(761) Pause Young (Normal) (G1 Evacuation Pause)
[311.643s][info][gc,task        ] GC(761) Using 33 workers of 33 for evacuation
[311.647s][info][gc,phases      ] GC(761)   Pre Evacuate Collection Set: 0.1ms
[311.647s][info][gc,phases      ] GC(761)   Merge Heap Roots: 0.1ms
[311.647s][info][gc,phases      ] GC(761)   Evacuate Collection Set: 0.5ms
[311.647s][info][gc,phases      ] GC(761)   Post Evacuate Collection Set: 3.4ms
[311.647s][info][gc,phases      ] GC(761)   Other: 0.1ms
[311.647s][info][gc,heap        ] GC(761) Eden regions: 43->0(43)
[311.647s][info][gc,heap        ] GC(761) Survivor regions: 1->1(6)
[311.647s][info][gc,heap        ] GC(761) Old regions: 6->6
[311.647s][info][gc,heap        ] GC(761) Archive regions: 0->0
[311.647s][info][gc,heap        ] GC(761) Humongous regions: 0->0
[311.647s][info][gc,metaspace   ] GC(761) Metaspace: 14385K(15232K)->14385K(15232K) NonClass: 12423K(12928K)->12423K(12928K) Class: 1962K(2304K)->1962K(2304K)
[311.647s][info][gc             ] GC(761) Pause Young (Normal) (G1 Evacuation Pause) 695M->7M(1184M) 4.481ms
[311.647s][info][gc,cpu         ] GC(761) User=0.00s Sys=0.00s Real=0.01s
[312.074s][info][gc,start       ] GC(762) Pause Young (Normal) (G1 Evacuation Pause)
[312.074s][info][gc,task        ] GC(762) Using 33 workers of 33 for evacuation
[312.078s][info][gc,phases      ] GC(762)   Pre Evacuate Collection Set: 0.1ms
[312.078s][info][gc,phases      ] GC(762)   Merge Heap Roots: 0.1ms
[312.078s][info][gc,phases      ] GC(762)   Evacuate Collection Set: 0.5ms
[312.078s][info][gc,phases      ] GC(762)   Post Evacuate Collection Set: 3.2ms
[312.078s][info][gc,phases      ] GC(762)   Other: 0.1ms
[312.078s][info][gc,heap        ] GC(762) Eden regions: 43->0(43)
[312.078s][info][gc,heap        ] GC(762) Survivor regions: 1->1(6)
[312.078s][info][gc,heap        ] GC(762) Old regions: 6->7
[312.078s][info][gc,heap        ] GC(762) Archive regions: 0->0
[312.078s][info][gc,heap        ] GC(762) Humongous regions: 0->0
[312.078s][info][gc,metaspace   ] GC(762) Metaspace: 14385K(15232K)->14385K(15232K) NonClass: 12423K(12928K)->12423K(12928K) Class: 1962K(2304K)->1962K(2304K)
[312.078s][info][gc             ] GC(762) Pause Young (Normal) (G1 Evacuation Pause) 695M->7M(1184M) 4.289ms
[312.078s][info][gc,cpu         ] GC(762) User=0.00s Sys=0.00s Real=0.00s
[312.505s][info][gc,start       ] GC(763) Pause Young (Normal) (G1 Evacuation Pause)
[312.505s][info][gc,task        ] GC(763) Using 33 workers of 33 for evacuation
[312.509s][info][gc,phases      ] GC(763)   Pre Evacuate Collection Set: 0.1ms
[312.509s][info][gc,phases      ] GC(763)   Merge Heap Roots: 0.2ms
[312.509s][info][gc,phases      ] GC(763)   Evacuate Collection Set: 0.4ms
[312.509s][info][gc,phases      ] GC(763)   Post Evacuate Collection Set: 3.3ms
[312.509s][info][gc,phases      ] GC(763)   Other: 0.1ms
[312.509s][info][gc,heap        ] GC(763) Eden regions: 43->0(43)
[312.509s][info][gc,heap        ] GC(763) Survivor regions: 1->1(6)
[312.509s][info][gc,heap        ] GC(763) Old regions: 7->7
[312.509s][info][gc,heap        ] GC(763) Archive regions: 0->0
[312.509s][info][gc,heap        ] GC(763) Humongous regions: 0->0
[312.509s][info][gc,metaspace   ] GC(763) Metaspace: 14385K(15232K)->14385K(15232K) NonClass: 12423K(12928K)->12423K(12928K) Class: 1962K(2304K)->1962K(2304K)
[312.509s][info][gc             ] GC(763) Pause Young (Normal) (G1 Evacuation Pause) 695M->7M(1184M) 4.310ms
[312.509s][info][gc,cpu         ] GC(763) User=0.00s Sys=0.00s Real=0.00s
[312.935s][info][gc,start       ] GC(764) Pause Young (Normal) (G1 Evacuation Pause)
[312.935s][info][gc,task        ] GC(764) Using 33 workers of 33 for evacuation
[312.939s][info][gc,phases      ] GC(764)   Pre Evacuate Collection Set: 0.1ms
[312.939s][info][gc,phases      ] GC(764)   Merge Heap Roots: 0.1ms
[312.939s][info][gc,phases      ] GC(764)   Evacuate Collection Set: 0.4ms
[312.939s][info][gc,phases      ] GC(764)   Post Evacuate Collection Set: 3.5ms
[312.939s][info][gc,phases      ] GC(764)   Other: 0.1ms
[312.939s][info][gc,heap        ] GC(764) Eden regions: 43->0(43)
[312.939s][info][gc,heap        ] GC(764) Survivor regions: 1->1(6)
[312.939s][info][gc,heap        ] GC(764) Old regions: 7->7
[312.939s][info][gc,heap        ] GC(764) Archive regions: 0->0
[312.939s][info][gc,heap        ] GC(764) Humongous regions: 0->0
[312.939s][info][gc,metaspace   ] GC(764) Metaspace: 14385K(15232K)->14385K(15232K) NonClass: 12423K(12928K)->12423K(12928K) Class: 1962K(2304K)->1962K(2304K)
[312.940s][info][gc             ] GC(764) Pause Young (Normal) (G1 Evacuation Pause) 695M->7M(1184M) 4.443ms
[312.940s][info][gc,cpu         ] GC(764) User=0.52s Sys=0.00s Real=0.00s
[313.368s][info][gc,start       ] GC(765) Pause Young (Normal) (G1 Evacuation Pause)
[313.368s][info][gc,task        ] GC(765) Using 33 workers of 33 for evacuation
[313.373s][info][gc,phases      ] GC(765)   Pre Evacuate Collection Set: 0.1ms
[313.373s][info][gc,phases      ] GC(765)   Merge Heap Roots: 0.1ms
[313.373s][info][gc,phases      ] GC(765)   Evacuate Collection Set: 0.3ms
[313.373s][info][gc,phases      ] GC(765)   Post Evacuate Collection Set: 3.5ms
[313.373s][info][gc,phases      ] GC(765)   Other: 0.1ms
[313.373s][info][gc,heap        ] GC(765) Eden regions: 43->0(43)
[313.373s][info][gc,heap        ] GC(765) Survivor regions: 1->1(6)
[313.373s][info][gc,heap        ] GC(765) Old regions: 7->7
[313.373s][info][gc,heap        ] GC(765) Archive regions: 0->0
[313.373s][info][gc,heap        ] GC(765) Humongous regions: 0->0
[313.373s][info][gc,metaspace   ] GC(765) Metaspace: 14385K(15232K)->14385K(15232K) NonClass: 12423K(12928K)->12423K(12928K) Class: 1962K(2304K)->1962K(2304K)
[313.373s][info][gc             ] GC(765) Pause Young (Normal) (G1 Evacuation Pause) 695M->8M(1184M) 4.449ms
[313.373s][info][gc,cpu         ] GC(765) User=0.00s Sys=0.00s Real=0.00s
[313.802s][info][gc,start       ] GC(766) Pause Young (Normal) (G1 Evacuation Pause)
[313.802s][info][gc,task        ] GC(766) Using 33 workers of 33 for evacuation
[313.806s][info][gc,phases      ] GC(766)   Pre Evacuate Collection Set: 0.1ms
[313.806s][info][gc,phases      ] GC(766)   Merge Heap Roots: 0.1ms
[313.806s][info][gc,phases      ] GC(766)   Evacuate Collection Set: 0.4ms
[313.806s][info][gc,phases      ] GC(766)   Post Evacuate Collection Set: 3.4ms
[313.806s][info][gc,phases      ] GC(766)   Other: 0.1ms
[313.806s][info][gc,heap        ] GC(766) Eden regions: 43->0(43)
[313.806s][info][gc,heap        ] GC(766) Survivor regions: 1->1(6)
[313.806s][info][gc,heap        ] GC(766) Old regions: 7->7
[313.806s][info][gc,heap        ] GC(766) Archive regions: 0->0
[313.806s][info][gc,heap        ] GC(766) Humongous regions: 0->0
[313.806s][info][gc,metaspace   ] GC(766) Metaspace: 14385K(15232K)->14385K(15232K) NonClass: 12423K(12928K)->12423K(12928K) Class: 1962K(2304K)->1962K(2304K)
[313.806s][info][gc             ] GC(766) Pause Young (Normal) (G1 Evacuation Pause) 696M->8M(1184M) 4.388ms
[313.806s][info][gc,cpu         ] GC(766) User=0.00s Sys=0.00s Real=0.00s
[314.243s][info][gc,start       ] GC(767) Pause Young (Normal) (G1 Evacuation Pause)
[314.243s][info][gc,task        ] GC(767) Using 33 workers of 33 for evacuation
[314.247s][info][gc,phases      ] GC(767)   Pre Evacuate Collection Set: 0.1ms
[314.247s][info][gc,phases      ] GC(767)   Merge Heap Roots: 0.1ms
[314.247s][info][gc,phases      ] GC(767)   Evacuate Collection Set: 0.4ms
[314.247s][info][gc,phases      ] GC(767)   Post Evacuate Collection Set: 3.3ms
[314.247s][info][gc,phases      ] GC(767)   Other: 0.1ms
[314.247s][info][gc,heap        ] GC(767) Eden regions: 43->0(43)
[314.247s][info][gc,heap        ] GC(767) Survivor regions: 1->1(6)
[314.247s][info][gc,heap        ] GC(767) Old regions: 7->7
[314.247s][info][gc,heap        ] GC(767) Archive regions: 0->0
[314.247s][info][gc,heap        ] GC(767) Humongous regions: 0->0
[314.248s][info][gc,metaspace   ] GC(767) Metaspace: 14385K(15232K)->14385K(15232K) NonClass: 12423K(12928K)->12423K(12928K) Class: 1962K(2304K)->1962K(2304K)
[314.248s][info][gc             ] GC(767) Pause Young (Normal) (G1 Evacuation Pause) 696M->8M(1184M) 4.256ms
[314.248s][info][gc,cpu         ] GC(767) User=0.00s Sys=0.00s Real=0.00s
[314.683s][info][gc,start       ] GC(768) Pause Young (Normal) (G1 Evacuation Pause)
[314.683s][info][gc,task        ] GC(768) Using 33 workers of 33 for evacuation
[314.687s][info][gc,phases      ] GC(768)   Pre Evacuate Collection Set: 0.1ms
[314.687s][info][gc,phases      ] GC(768)   Merge Heap Roots: 0.1ms
[314.687s][info][gc,phases      ] GC(768)   Evacuate Collection Set: 0.4ms
[314.687s][info][gc,phases      ] GC(768)   Post Evacuate Collection Set: 3.1ms
[314.687s][info][gc,phases      ] GC(768)   Other: 0.1ms
[314.687s][info][gc,heap        ] GC(768) Eden regions: 43->0(43)
[314.687s][info][gc,heap        ] GC(768) Survivor regions: 1->1(6)
[314.687s][info][gc,heap        ] GC(768) Old regions: 7->7
[314.687s][info][gc,heap        ] GC(768) Archive regions: 0->0
[314.687s][info][gc,heap        ] GC(768) Humongous regions: 0->0
[314.687s][info][gc,metaspace   ] GC(768) Metaspace: 14385K(15232K)->14385K(15232K) NonClass: 12423K(12928K)->12423K(12928K) Class: 1962K(2304K)->1962K(2304K)
[314.687s][info][gc             ] GC(768) Pause Young (Normal) (G1 Evacuation Pause) 696M->8M(1184M) 4.119ms
[314.687s][info][gc,cpu         ] GC(768) User=0.00s Sys=0.00s Real=0.00s
[315.113s][info][gc,start       ] GC(769) Pause Young (Normal) (G1 Evacuation Pause)
[315.114s][info][gc,task        ] GC(769) Using 33 workers of 33 for evacuation
[315.118s][info][gc,phases      ] GC(769)   Pre Evacuate Collection Set: 0.1ms
[315.118s][info][gc,phases      ] GC(769)   Merge Heap Roots: 0.1ms
[315.118s][info][gc,phases      ] GC(769)   Evacuate Collection Set: 0.4ms
[315.118s][info][gc,phases      ] GC(769)   Post Evacuate Collection Set: 3.3ms
[315.118s][info][gc,phases      ] GC(769)   Other: 0.1ms
[315.118s][info][gc,heap        ] GC(769) Eden regions: 43->0(43)
[315.118s][info][gc,heap        ] GC(769) Survivor regions: 1->1(6)
[315.118s][info][gc,heap        ] GC(769) Old regions: 7->7
[315.118s][info][gc,heap        ] GC(769) Archive regions: 0->0
[315.118s][info][gc,heap        ] GC(769) Humongous regions: 0->0
[315.118s][info][gc,metaspace   ] GC(769) Metaspace: 14385K(15232K)->14385K(15232K) NonClass: 12423K(12928K)->12423K(12928K) Class: 1962K(2304K)->1962K(2304K)
[315.118s][info][gc             ] GC(769) Pause Young (Normal) (G1 Evacuation Pause) 696M->8M(1184M) 4.244ms
[315.118s][info][gc,cpu         ] GC(769) User=0.00s Sys=0.00s Real=0.00s
[315.539s][info][gc,start       ] GC(770) Pause Young (Normal) (G1 Evacuation Pause)
[315.539s][info][gc,task        ] GC(770) Using 33 workers of 33 for evacuation
[315.543s][info][gc,phases      ] GC(770)   Pre Evacuate Collection Set: 0.1ms
[315.543s][info][gc,phases      ] GC(770)   Merge Heap Roots: 0.1ms
[315.543s][info][gc,phases      ] GC(770)   Evacuate Collection Set: 0.4ms
[315.543s][info][gc,phases      ] GC(770)   Post Evacuate Collection Set: 3.4ms
[315.543s][info][gc,phases      ] GC(770)   Other: 0.1ms
[315.543s][info][gc,heap        ] GC(770) Eden regions: 43->0(43)
[315.543s][info][gc,heap        ] GC(770) Survivor regions: 1->1(6)
[315.543s][info][gc,heap        ] GC(770) Old regions: 7->7
[315.543s][info][gc,heap        ] GC(770) Archive regions: 0->0
[315.543s][info][gc,heap        ] GC(770) Humongous regions: 0->0
[315.543s][info][gc,metaspace   ] GC(770) Metaspace: 14385K(15232K)->14385K(15232K) NonClass: 12423K(12928K)->12423K(12928K) Class: 1962K(2304K)->1962K(2304K)
[315.543s][info][gc             ] GC(770) Pause Young (Normal) (G1 Evacuation Pause) 696M->8M(1184M) 4.367ms
[315.543s][info][gc,cpu         ] GC(770) User=0.00s Sys=0.00s Real=0.00s
[315.886s][info][gc,start       ] GC(771) Pause Young (Normal) (G1 Evacuation Pause)
[315.886s][info][gc,task        ] GC(771) Using 33 workers of 33 for evacuation
[315.890s][info][gc,phases      ] GC(771)   Pre Evacuate Collection Set: 0.1ms
[315.890s][info][gc,phases      ] GC(771)   Merge Heap Roots: 0.2ms
[315.890s][info][gc,phases      ] GC(771)   Evacuate Collection Set: 0.4ms
[315.890s][info][gc,phases      ] GC(771)   Post Evacuate Collection Set: 3.7ms
[315.890s][info][gc,phases      ] GC(771)   Other: 0.1ms
[315.890s][info][gc,heap        ] GC(771) Eden regions: 43->0(43)
[315.890s][info][gc,heap        ] GC(771) Survivor regions: 1->1(6)
[315.890s][info][gc,heap        ] GC(771) Old regions: 7->7
[315.890s][info][gc,heap        ] GC(771) Archive regions: 0->0
[315.890s][info][gc,heap        ] GC(771) Humongous regions: 0->0
[315.890s][info][gc,metaspace   ] GC(771) Metaspace: 14385K(15232K)->14385K(15232K) NonClass: 12423K(12928K)->12423K(12928K) Class: 1962K(2304K)->1962K(2304K)
[315.890s][info][gc             ] GC(771) Pause Young (Normal) (G1 Evacuation Pause) 696M->8M(1184M) 4.729ms
[315.890s][info][gc,cpu         ] GC(771) User=0.00s Sys=0.00s Real=0.00s
[316.034s][info][gc,start       ] GC(772) Pause Full (System.gc())
[316.034s][info][gc,task        ] GC(772) Using 6 workers of 33 for full compaction
[316.034s][info][gc,phases,start] GC(772) Phase 1: Mark live objects
[316.042s][info][gc,phases      ] GC(772) Phase 1: Mark live objects 7.458ms
[316.042s][info][gc,phases,start] GC(772) Phase 2: Prepare compaction
[316.044s][info][gc,phases      ] GC(772) Phase 2: Prepare compaction 1.793ms
[316.044s][info][gc,phases,start] GC(772) Phase 3: Adjust pointers
[316.054s][info][gc,phases      ] GC(772) Phase 3: Adjust pointers 10.732ms
[316.054s][info][gc,phases,start] GC(772) Phase 4: Compact heap
[316.056s][info][gc,phases      ] GC(772) Phase 4: Compact heap 1.190ms
[316.060s][info][gc,heap        ] GC(772) Eden regions: 15->0(12)
[316.060s][info][gc,heap        ] GC(772) Survivor regions: 1->0(6)
[316.060s][info][gc,heap        ] GC(772) Old regions: 7->6
[316.060s][info][gc,heap        ] GC(772) Archive regions: 0->0
[316.060s][info][gc,heap        ] GC(772) Humongous regions: 0->0
[316.060s][info][gc,metaspace   ] GC(772) Metaspace: 14385K(15232K)->14385K(15232K) NonClass: 12423K(12928K)->12423K(12928K) Class: 1962K(2304K)->1962K(2304K)
[316.060s][info][gc             ] GC(772) Pause Full (System.gc()) 234M->5M(320M) 26.373ms
[316.060s][info][gc,cpu         ] GC(772) User=0.09s Sys=0.00s Real=0.01s
[316.183s][info][gc,start       ] GC(773) Pause Young (Normal) (G1 Evacuation Pause)
[316.183s][info][gc,task        ] GC(773) Using 33 workers of 33 for evacuation
[316.186s][info][gc,phases      ] GC(773)   Pre Evacuate Collection Set: 0.1ms
[316.186s][info][gc,phases      ] GC(773)   Merge Heap Roots: 0.1ms
[316.186s][info][gc,phases      ] GC(773)   Evacuate Collection Set: 0.4ms
[316.186s][info][gc,phases      ] GC(773)   Post Evacuate Collection Set: 3.0ms
[316.186s][info][gc,phases      ] GC(773)   Other: 0.1ms
[316.186s][info][gc,heap        ] GC(773) Eden regions: 12->0(11)
[316.187s][info][gc,heap        ] GC(773) Survivor regions: 0->1(2)
[316.187s][info][gc,heap        ] GC(773) Old regions: 6->6
[316.187s][info][gc,heap        ] GC(773) Archive regions: 0->0
[316.187s][info][gc,heap        ] GC(773) Humongous regions: 0->0
[316.187s][info][gc,metaspace   ] GC(773) Metaspace: 14385K(15232K)->14385K(15232K) NonClass: 12423K(12928K)->12423K(12928K) Class: 1962K(2304K)->1962K(2304K)
[316.187s][info][gc             ] GC(773) Pause Young (Normal) (G1 Evacuation Pause) 197M->6M(320M) 4.015ms
[316.187s][info][gc,cpu         ] GC(773) User=0.00s Sys=0.00s Real=0.01s
[316.301s][info][gc,start       ] GC(774) Pause Young (Normal) (G1 Evacuation Pause)
[316.301s][info][gc,task        ] GC(774) Using 33 workers of 33 for evacuation
[316.305s][info][gc,phases      ] GC(774)   Pre Evacuate Collection Set: 0.1ms
[316.305s][info][gc,phases      ] GC(774)   Merge Heap Roots: 0.1ms
[316.305s][info][gc,phases      ] GC(774)   Evacuate Collection Set: 0.5ms
[316.305s][info][gc,phases      ] GC(774)   Post Evacuate Collection Set: 3.0ms
[316.305s][info][gc,phases      ] GC(774)   Other: 0.1ms
[316.305s][info][gc,heap        ] GC(774) Eden regions: 11->0(11)
[316.305s][info][gc,heap        ] GC(774) Survivor regions: 1->1(2)
[316.305s][info][gc,heap        ] GC(774) Old regions: 6->6
[316.305s][info][gc,heap        ] GC(774) Archive regions: 0->0
[316.305s][info][gc,heap        ] GC(774) Humongous regions: 0->0
[316.305s][info][gc,metaspace   ] GC(774) Metaspace: 14385K(15232K)->14385K(15232K) NonClass: 12423K(12928K)->12423K(12928K) Class: 1962K(2304K)->1962K(2304K)
[316.305s][info][gc             ] GC(774) Pause Young (Normal) (G1 Evacuation Pause) 182M->6M(320M) 3.977ms
[316.305s][info][gc,cpu         ] GC(774) User=0.00s Sys=0.00s Real=0.00s
[316.485s][info][gc,start       ] GC(775) Pause Young (Normal) (G1 Evacuation Pause)
[316.485s][info][gc,task        ] GC(775) Using 33 workers of 33 for evacuation
[316.490s][info][gc,phases      ] GC(775)   Pre Evacuate Collection Set: 0.2ms
[316.490s][info][gc,phases      ] GC(775)   Merge Heap Roots: 0.2ms
[316.490s][info][gc,phases      ] GC(775)   Evacuate Collection Set: 0.9ms
[316.490s][info][gc,phases      ] GC(775)   Post Evacuate Collection Set: 3.7ms
[316.491s][info][gc,phases      ] GC(775)   Other: 0.1ms
[316.491s][info][gc,heap        ] GC(775) Eden regions: 11->0(11)
[316.491s][info][gc,heap        ] GC(775) Survivor regions: 1->1(2)
[316.491s][info][gc,heap        ] GC(775) Old regions: 6->6
[316.491s][info][gc,heap        ] GC(775) Archive regions: 0->0
[316.491s][info][gc,heap        ] GC(775) Humongous regions: 0->0
[316.491s][info][gc,metaspace   ] GC(775) Metaspace: 14385K(15232K)->14385K(15232K) NonClass: 12423K(12928K)->12423K(12928K) Class: 1962K(2304K)->1962K(2304K)
[316.491s][info][gc             ] GC(775) Pause Young (Normal) (G1 Evacuation Pause) 182M->6M(320M) 5.680ms
[316.491s][info][gc,cpu         ] GC(775) User=0.00s Sys=0.00s Real=0.00s
[316.608s][info][gc,start       ] GC(776) Pause Young (Normal) (G1 Evacuation Pause)
[316.608s][info][gc,task        ] GC(776) Using 33 workers of 33 for evacuation
[316.613s][info][gc,phases      ] GC(776)   Pre Evacuate Collection Set: 0.1ms
[316.613s][info][gc,phases      ] GC(776)   Merge Heap Roots: 0.1ms
[316.613s][info][gc,phases      ] GC(776)   Evacuate Collection Set: 0.4ms
[316.613s][info][gc,phases      ] GC(776)   Post Evacuate Collection Set: 5.0ms
[316.613s][info][gc,phases      ] GC(776)   Other: 0.1ms
[316.613s][info][gc,heap        ] GC(776) Eden regions: 11->0(43)
[316.613s][info][gc,heap        ] GC(776) Survivor regions: 1->1(2)
[316.613s][info][gc,heap        ] GC(776) Old regions: 6->6
[316.614s][info][gc,heap        ] GC(776) Archive regions: 0->0
[316.614s][info][gc,heap        ] GC(776) Humongous regions: 0->0
[316.614s][info][gc,metaspace   ] GC(776) Metaspace: 14385K(15232K)->14385K(15232K) NonClass: 12423K(12928K)->12423K(12928K) Class: 1962K(2304K)->1962K(2304K)
[316.614s][info][gc             ] GC(776) Pause Young (Normal) (G1 Evacuation Pause) 182M->6M(1184M) 5.903ms
[316.614s][info][gc,cpu         ] GC(776) User=0.00s Sys=0.00s Real=0.00s
[317.029s][info][gc,start       ] GC(777) Pause Young (Normal) (G1 Evacuation Pause)
[317.030s][info][gc,task        ] GC(777) Using 33 workers of 33 for evacuation
[317.035s][info][gc,phases      ] GC(777)   Pre Evacuate Collection Set: 0.1ms
[317.035s][info][gc,phases      ] GC(777)   Merge Heap Roots: 0.1ms
[317.035s][info][gc,phases      ] GC(777)   Evacuate Collection Set: 2.0ms
[317.035s][info][gc,phases      ] GC(777)   Post Evacuate Collection Set: 3.2ms
[317.035s][info][gc,phases      ] GC(777)   Other: 0.1ms
[317.035s][info][gc,heap        ] GC(777) Eden regions: 43->0(43)
[317.035s][info][gc,heap        ] GC(777) Survivor regions: 1->1(6)
[317.035s][info][gc,heap        ] GC(777) Old regions: 6->6
[317.035s][info][gc,heap        ] GC(777) Archive regions: 0->0
[317.035s][info][gc,heap        ] GC(777) Humongous regions: 0->0
[317.035s][info][gc,metaspace   ] GC(777) Metaspace: 14385K(15232K)->14385K(15232K) NonClass: 12423K(12928K)->12423K(12928K) Class: 1962K(2304K)->1962K(2304K)
[317.035s][info][gc             ] GC(777) Pause Young (Normal) (G1 Evacuation Pause) 694M->6M(1184M) 5.823ms
[317.035s][info][gc,cpu         ] GC(777) User=0.52s Sys=0.00s Real=0.01s
[317.455s][info][gc,start       ] GC(778) Pause Young (Normal) (G1 Evacuation Pause)
[317.455s][info][gc,task        ] GC(778) Using 33 workers of 33 for evacuation
[317.461s][info][gc,phases      ] GC(778)   Pre Evacuate Collection Set: 0.1ms
[317.461s][info][gc,phases      ] GC(778)   Merge Heap Roots: 0.1ms
[317.461s][info][gc,phases      ] GC(778)   Evacuate Collection Set: 2.2ms
[317.461s][info][gc,phases      ] GC(778)   Post Evacuate Collection Set: 3.3ms
[317.461s][info][gc,phases      ] GC(778)   Other: 0.1ms
[317.461s][info][gc,heap        ] GC(778) Eden regions: 43->0(43)
[317.461s][info][gc,heap        ] GC(778) Survivor regions: 1->1(6)
[317.461s][info][gc,heap        ] GC(778) Old regions: 6->6
[317.461s][info][gc,heap        ] GC(778) Archive regions: 0->0
[317.461s][info][gc,heap        ] GC(778) Humongous regions: 0->0
[317.461s][info][gc,metaspace   ] GC(778) Metaspace: 14385K(15232K)->14385K(15232K) NonClass: 12423K(12928K)->12423K(12928K) Class: 1962K(2304K)->1962K(2304K)
[317.461s][info][gc             ] GC(778) Pause Young (Normal) (G1 Evacuation Pause) 694M->6M(1184M) 6.019ms
[317.461s][info][gc,cpu         ] GC(778) User=0.00s Sys=0.00s Real=0.00s
[317.886s][info][gc,start       ] GC(779) Pause Young (Normal) (G1 Evacuation Pause)
[317.886s][info][gc,task        ] GC(779) Using 33 workers of 33 for evacuation
[317.890s][info][gc,phases      ] GC(779)   Pre Evacuate Collection Set: 0.1ms
[317.890s][info][gc,phases      ] GC(779)   Merge Heap Roots: 0.1ms
[317.891s][info][gc,phases      ] GC(779)   Evacuate Collection Set: 0.6ms
[317.891s][info][gc,phases      ] GC(779)   Post Evacuate Collection Set: 3.2ms
[317.891s][info][gc,phases      ] GC(779)   Other: 0.1ms
[317.891s][info][gc,heap        ] GC(779) Eden regions: 43->0(43)
[317.891s][info][gc,heap        ] GC(779) Survivor regions: 1->1(6)
[317.891s][info][gc,heap        ] GC(779) Old regions: 6->6
[317.891s][info][gc,heap        ] GC(779) Archive regions: 0->0
[317.891s][info][gc,heap        ] GC(779) Humongous regions: 0->0
[317.891s][info][gc,metaspace   ] GC(779) Metaspace: 14385K(15232K)->14385K(15232K) NonClass: 12423K(12928K)->12423K(12928K) Class: 1962K(2304K)->1962K(2304K)
[317.891s][info][gc             ] GC(779) Pause Young (Normal) (G1 Evacuation Pause) 694M->6M(1184M) 4.345ms
[317.891s][info][gc,cpu         ] GC(779) User=0.00s Sys=0.00s Real=0.01s
[318.308s][info][gc,start       ] GC(780) Pause Young (Normal) (G1 Evacuation Pause)
[318.308s][info][gc,task        ] GC(780) Using 33 workers of 33 for evacuation
[318.312s][info][gc,phases      ] GC(780)   Pre Evacuate Collection Set: 0.1ms
[318.312s][info][gc,phases      ] GC(780)   Merge Heap Roots: 0.1ms
[318.312s][info][gc,phases      ] GC(780)   Evacuate Collection Set: 0.5ms
[318.312s][info][gc,phases      ] GC(780)   Post Evacuate Collection Set: 3.3ms
[318.312s][info][gc,phases      ] GC(780)   Other: 0.1ms
[318.312s][info][gc,heap        ] GC(780) Eden regions: 43->0(43)
[318.312s][info][gc,heap        ] GC(780) Survivor regions: 1->1(6)
[318.312s][info][gc,heap        ] GC(780) Old regions: 6->6
[318.312s][info][gc,heap        ] GC(780) Archive regions: 0->0
[318.312s][info][gc,heap        ] GC(780) Humongous regions: 0->0
[318.312s][info][gc,metaspace   ] GC(780) Metaspace: 14385K(15232K)->14385K(15232K) NonClass: 12423K(12928K)->12423K(12928K) Class: 1962K(2304K)->1962K(2304K)
[318.312s][info][gc             ] GC(780) Pause Young (Normal) (G1 Evacuation Pause) 694M->7M(1184M) 4.404ms
[318.313s][info][gc,cpu         ] GC(780) User=0.00s Sys=0.00s Real=0.01s
[318.732s][info][gc,start       ] GC(781) Pause Young (Normal) (G1 Evacuation Pause)
[318.733s][info][gc,task        ] GC(781) Using 33 workers of 33 for evacuation
[318.737s][info][gc,phases      ] GC(781)   Pre Evacuate Collection Set: 0.1ms
[318.737s][info][gc,phases      ] GC(781)   Merge Heap Roots: 0.1ms
[318.737s][info][gc,phases      ] GC(781)   Evacuate Collection Set: 0.5ms
[318.737s][info][gc,phases      ] GC(781)   Post Evacuate Collection Set: 3.4ms
[318.737s][info][gc,phases      ] GC(781)   Other: 0.1ms
[318.737s][info][gc,heap        ] GC(781) Eden regions: 43->0(43)
[318.737s][info][gc,heap        ] GC(781) Survivor regions: 1->1(6)
[318.737s][info][gc,heap        ] GC(781) Old regions: 6->6
[318.737s][info][gc,heap        ] GC(781) Archive regions: 0->0
[318.737s][info][gc,heap        ] GC(781) Humongous regions: 0->0
[318.737s][info][gc,metaspace   ] GC(781) Metaspace: 14385K(15232K)->14385K(15232K) NonClass: 12423K(12928K)->12423K(12928K) Class: 1962K(2304K)->1962K(2304K)
[318.737s][info][gc             ] GC(781) Pause Young (Normal) (G1 Evacuation Pause) 695M->7M(1184M) 4.513ms
[318.737s][info][gc,cpu         ] GC(781) User=0.52s Sys=0.00s Real=0.00s
[319.156s][info][gc,start       ] GC(782) Pause Young (Normal) (G1 Evacuation Pause)
[319.156s][info][gc,task        ] GC(782) Using 33 workers of 33 for evacuation
[319.161s][info][gc,phases      ] GC(782)   Pre Evacuate Collection Set: 0.1ms
[319.161s][info][gc,phases      ] GC(782)   Merge Heap Roots: 0.1ms
[319.161s][info][gc,phases      ] GC(782)   Evacuate Collection Set: 0.5ms
[319.161s][info][gc,phases      ] GC(782)   Post Evacuate Collection Set: 3.5ms
[319.161s][info][gc,phases      ] GC(782)   Other: 0.1ms
[319.161s][info][gc,heap        ] GC(782) Eden regions: 43->0(43)
[319.161s][info][gc,heap        ] GC(782) Survivor regions: 1->1(6)
[319.161s][info][gc,heap        ] GC(782) Old regions: 6->6
[319.161s][info][gc,heap        ] GC(782) Archive regions: 0->0
[319.161s][info][gc,heap        ] GC(782) Humongous regions: 0->0
[319.161s][info][gc,metaspace   ] GC(782) Metaspace: 14385K(15232K)->14385K(15232K) NonClass: 12423K(12928K)->12423K(12928K) Class: 1962K(2304K)->1962K(2304K)
[319.161s][info][gc             ] GC(782) Pause Young (Normal) (G1 Evacuation Pause) 695M->7M(1184M) 4.603ms
[319.161s][info][gc,cpu         ] GC(782) User=0.00s Sys=0.00s Real=0.00s
[319.589s][info][gc,start       ] GC(783) Pause Young (Normal) (G1 Evacuation Pause)
[319.590s][info][gc,task        ] GC(783) Using 33 workers of 33 for evacuation
[319.594s][info][gc,phases      ] GC(783)   Pre Evacuate Collection Set: 0.1ms
[319.594s][info][gc,phases      ] GC(783)   Merge Heap Roots: 0.1ms
[319.595s][info][gc,phases      ] GC(783)   Evacuate Collection Set: 0.6ms
[319.595s][info][gc,phases      ] GC(783)   Post Evacuate Collection Set: 4.0ms
[319.595s][info][gc,phases      ] GC(783)   Other: 0.1ms
[319.595s][info][gc,heap        ] GC(783) Eden regions: 43->0(52)
[319.595s][info][gc,heap        ] GC(783) Survivor regions: 1->1(6)
[319.595s][info][gc,heap        ] GC(783) Old regions: 6->6
[319.595s][info][gc,heap        ] GC(783) Archive regions: 0->0
[319.595s][info][gc,heap        ] GC(783) Humongous regions: 0->0
[319.595s][info][gc,metaspace   ] GC(783) Metaspace: 14385K(15232K)->14385K(15232K) NonClass: 12423K(12928K)->12423K(12928K) Class: 1962K(2304K)->1962K(2304K)
[319.595s][info][gc             ] GC(783) Pause Young (Normal) (G1 Evacuation Pause) 695M->7M(1424M) 5.167ms
[319.595s][info][gc,cpu         ] GC(783) User=0.00s Sys=0.00s Real=0.00s
[320.105s][info][gc,start       ] GC(784) Pause Young (Normal) (G1 Evacuation Pause)
[320.105s][info][gc,task        ] GC(784) Using 33 workers of 33 for evacuation
[320.110s][info][gc,phases      ] GC(784)   Pre Evacuate Collection Set: 0.1ms
[320.110s][info][gc,phases      ] GC(784)   Merge Heap Roots: 0.1ms
[320.110s][info][gc,phases      ] GC(784)   Evacuate Collection Set: 0.5ms
[320.110s][info][gc,phases      ] GC(784)   Post Evacuate Collection Set: 3.7ms
[320.110s][info][gc,phases      ] GC(784)   Other: 0.1ms
[320.110s][info][gc,heap        ] GC(784) Eden regions: 52->0(52)
[320.110s][info][gc,heap        ] GC(784) Survivor regions: 1->1(7)
[320.110s][info][gc,heap        ] GC(784) Old regions: 6->6
[320.110s][info][gc,heap        ] GC(784) Archive regions: 0->0
[320.110s][info][gc,heap        ] GC(784) Humongous regions: 0->0
[320.110s][info][gc,metaspace   ] GC(784) Metaspace: 14385K(15232K)->14385K(15232K) NonClass: 12423K(12928K)->12423K(12928K) Class: 1962K(2304K)->1962K(2304K)
[320.110s][info][gc             ] GC(784) Pause Young (Normal) (G1 Evacuation Pause) 839M->7M(1424M) 4.716ms
[320.110s][info][gc,cpu         ] GC(784) User=0.00s Sys=0.00s Real=0.00s
[320.626s][info][gc,start       ] GC(785) Pause Young (Normal) (G1 Evacuation Pause)
[320.627s][info][gc,task        ] GC(785) Using 33 workers of 33 for evacuation
[320.631s][info][gc,phases      ] GC(785)   Pre Evacuate Collection Set: 0.1ms
[320.631s][info][gc,phases      ] GC(785)   Merge Heap Roots: 0.1ms
[320.631s][info][gc,phases      ] GC(785)   Evacuate Collection Set: 0.5ms
[320.631s][info][gc,phases      ] GC(785)   Post Evacuate Collection Set: 3.4ms
[320.631s][info][gc,phases      ] GC(785)   Other: 0.1ms
[320.631s][info][gc,heap        ] GC(785) Eden regions: 52->0(52)
[320.631s][info][gc,heap        ] GC(785) Survivor regions: 1->1(7)
[320.631s][info][gc,heap        ] GC(785) Old regions: 6->6
[320.631s][info][gc,heap        ] GC(785) Archive regions: 0->0
[320.631s][info][gc,heap        ] GC(785) Humongous regions: 0->0
[320.631s][info][gc,metaspace   ] GC(785) Metaspace: 14385K(15232K)->14385K(15232K) NonClass: 12423K(12928K)->12423K(12928K) Class: 1962K(2304K)->1962K(2304K)
[320.631s][info][gc             ] GC(785) Pause Young (Normal) (G1 Evacuation Pause) 839M->7M(1424M) 4.451ms
[320.631s][info][gc,cpu         ] GC(785) User=0.00s Sys=0.00s Real=0.00s
[321.135s][info][gc,start       ] GC(786) Pause Young (Normal) (G1 Evacuation Pause)
[321.135s][info][gc,task        ] GC(786) Using 33 workers of 33 for evacuation
[321.140s][info][gc,phases      ] GC(786)   Pre Evacuate Collection Set: 0.1ms
[321.140s][info][gc,phases      ] GC(786)   Merge Heap Roots: 0.1ms
[321.140s][info][gc,phases      ] GC(786)   Evacuate Collection Set: 0.5ms
[321.140s][info][gc,phases      ] GC(786)   Post Evacuate Collection Set: 3.5ms
[321.140s][info][gc,phases      ] GC(786)   Other: 0.1ms
[321.140s][info][gc,heap        ] GC(786) Eden regions: 52->0(52)
[321.140s][info][gc,heap        ] GC(786) Survivor regions: 1->1(7)
[321.140s][info][gc,heap        ] GC(786) Old regions: 6->6
[321.140s][info][gc,heap        ] GC(786) Archive regions: 0->0
[321.140s][info][gc,heap        ] GC(786) Humongous regions: 0->0
[321.140s][info][gc,metaspace   ] GC(786) Metaspace: 14385K(15232K)->14385K(15232K) NonClass: 12423K(12928K)->12423K(12928K) Class: 1962K(2304K)->1962K(2304K)
[321.140s][info][gc             ] GC(786) Pause Young (Normal) (G1 Evacuation Pause) 839M->7M(1424M) 4.573ms
[321.140s][info][gc,cpu         ] GC(786) User=0.00s Sys=0.00s Real=0.00s
[321.654s][info][gc,start       ] GC(787) Pause Young (Normal) (G1 Evacuation Pause)
[321.654s][info][gc,task        ] GC(787) Using 33 workers of 33 for evacuation
[321.658s][info][gc,phases      ] GC(787)   Pre Evacuate Collection Set: 0.1ms
[321.658s][info][gc,phases      ] GC(787)   Merge Heap Roots: 0.1ms
[321.658s][info][gc,phases      ] GC(787)   Evacuate Collection Set: 0.5ms
[321.658s][info][gc,phases      ] GC(787)   Post Evacuate Collection Set: 3.7ms
[321.658s][info][gc,phases      ] GC(787)   Other: 0.1ms
[321.658s][info][gc,heap        ] GC(787) Eden regions: 52->0(52)
[321.658s][info][gc,heap        ] GC(787) Survivor regions: 1->1(7)
[321.658s][info][gc,heap        ] GC(787) Old regions: 6->6
[321.658s][info][gc,heap        ] GC(787) Archive regions: 0->0
[321.658s][info][gc,heap        ] GC(787) Humongous regions: 0->0
[321.658s][info][gc,metaspace   ] GC(787) Metaspace: 14385K(15232K)->14385K(15232K) NonClass: 12423K(12928K)->12423K(12928K) Class: 1962K(2304K)->1962K(2304K)
[321.659s][info][gc             ] GC(787) Pause Young (Normal) (G1 Evacuation Pause) 839M->7M(1424M) 4.772ms
[321.659s][info][gc,cpu         ] GC(787) User=0.52s Sys=0.00s Real=0.00s
[322.240s][info][gc,start       ] GC(788) Pause Young (Normal) (G1 Evacuation Pause)
[322.240s][info][gc,task        ] GC(788) Using 33 workers of 33 for evacuation
[322.246s][info][gc,phases      ] GC(788)   Pre Evacuate Collection Set: 0.2ms
[322.246s][info][gc,phases      ] GC(788)   Merge Heap Roots: 0.2ms
[322.246s][info][gc,phases      ] GC(788)   Evacuate Collection Set: 0.9ms
[322.246s][info][gc,phases      ] GC(788)   Post Evacuate Collection Set: 4.7ms
[322.247s][info][gc,phases      ] GC(788)   Other: 0.1ms
[322.247s][info][gc,heap        ] GC(788) Eden regions: 52->0(52)
[322.247s][info][gc,heap        ] GC(788) Survivor regions: 1->1(7)
[322.247s][info][gc,heap        ] GC(788) Old regions: 6->7
[322.247s][info][gc,heap        ] GC(788) Archive regions: 0->0
[322.247s][info][gc,heap        ] GC(788) Humongous regions: 0->0
[322.247s][info][gc,metaspace   ] GC(788) Metaspace: 14385K(15232K)->14385K(15232K) NonClass: 12423K(12928K)->12423K(12928K) Class: 1962K(2304K)->1962K(2304K)
[322.247s][info][gc             ] GC(788) Pause Young (Normal) (G1 Evacuation Pause) 839M->7M(1424M) 6.705ms
[322.247s][info][gc,cpu         ] GC(788) User=0.00s Sys=0.00s Real=0.00s
[322.785s][info][gc,start       ] GC(789) Pause Young (Normal) (G1 Evacuation Pause)
[322.785s][info][gc,task        ] GC(789) Using 33 workers of 33 for evacuation
[322.789s][info][gc,phases      ] GC(789)   Pre Evacuate Collection Set: 0.1ms
[322.789s][info][gc,phases      ] GC(789)   Merge Heap Roots: 0.2ms
[322.789s][info][gc,phases      ] GC(789)   Evacuate Collection Set: 0.4ms
[322.789s][info][gc,phases      ] GC(789)   Post Evacuate Collection Set: 3.4ms
[322.789s][info][gc,phases      ] GC(789)   Other: 0.1ms
[322.789s][info][gc,heap        ] GC(789) Eden regions: 52->0(52)
[322.789s][info][gc,heap        ] GC(789) Survivor regions: 1->1(7)
[322.789s][info][gc,heap        ] GC(789) Old regions: 7->7
[322.789s][info][gc,heap        ] GC(789) Archive regions: 0->0
[322.789s][info][gc,heap        ] GC(789) Humongous regions: 0->0
[322.789s][info][gc,metaspace   ] GC(789) Metaspace: 14385K(15232K)->14385K(15232K) NonClass: 12423K(12928K)->12423K(12928K) Class: 1962K(2304K)->1962K(2304K)
[322.789s][info][gc             ] GC(789) Pause Young (Normal) (G1 Evacuation Pause) 839M->7M(1424M) 4.318ms
[322.789s][info][gc,cpu         ] GC(789) User=0.00s Sys=0.00s Real=0.00s
[323.319s][info][gc,start       ] GC(790) Pause Young (Normal) (G1 Evacuation Pause)
[323.319s][info][gc,task        ] GC(790) Using 33 workers of 33 for evacuation
[323.323s][info][gc,phases      ] GC(790)   Pre Evacuate Collection Set: 0.1ms
[323.323s][info][gc,phases      ] GC(790)   Merge Heap Roots: 0.1ms
[323.323s][info][gc,phases      ] GC(790)   Evacuate Collection Set: 0.4ms
[323.323s][info][gc,phases      ] GC(790)   Post Evacuate Collection Set: 3.3ms
[323.323s][info][gc,phases      ] GC(790)   Other: 0.1ms
[323.323s][info][gc,heap        ] GC(790) Eden regions: 52->0(52)
[323.323s][info][gc,heap        ] GC(790) Survivor regions: 1->1(7)
[323.323s][info][gc,heap        ] GC(790) Old regions: 7->7
[323.323s][info][gc,heap        ] GC(790) Archive regions: 0->0
[323.323s][info][gc,heap        ] GC(790) Humongous regions: 0->0
[323.323s][info][gc,metaspace   ] GC(790) Metaspace: 14385K(15232K)->14385K(15232K) NonClass: 12423K(12928K)->12423K(12928K) Class: 1962K(2304K)->1962K(2304K)
[323.323s][info][gc             ] GC(790) Pause Young (Normal) (G1 Evacuation Pause) 839M->7M(1424M) 4.254ms
[323.323s][info][gc,cpu         ] GC(790) User=0.00s Sys=0.00s Real=0.00s
[323.842s][info][gc,start       ] GC(791) Pause Young (Normal) (G1 Evacuation Pause)
[323.843s][info][gc,task        ] GC(791) Using 33 workers of 33 for evacuation
[323.847s][info][gc,phases      ] GC(791)   Pre Evacuate Collection Set: 0.1ms
[323.847s][info][gc,phases      ] GC(791)   Merge Heap Roots: 0.2ms
[323.847s][info][gc,phases      ] GC(791)   Evacuate Collection Set: 0.4ms
[323.847s][info][gc,phases      ] GC(791)   Post Evacuate Collection Set: 3.5ms
[323.847s][info][gc,phases      ] GC(791)   Other: 0.1ms
[323.847s][info][gc,heap        ] GC(791) Eden regions: 52->0(52)
[323.847s][info][gc,heap        ] GC(791) Survivor regions: 1->1(7)
[323.847s][info][gc,heap        ] GC(791) Old regions: 7->7
[323.847s][info][gc,heap        ] GC(791) Archive regions: 0->0
[323.847s][info][gc,heap        ] GC(791) Humongous regions: 0->0
[323.847s][info][gc,metaspace   ] GC(791) Metaspace: 14385K(15232K)->14385K(15232K) NonClass: 12423K(12928K)->12423K(12928K) Class: 1962K(2304K)->1962K(2304K)
[323.847s][info][gc             ] GC(791) Pause Young (Normal) (G1 Evacuation Pause) 839M->7M(1424M) 4.448ms
[323.847s][info][gc,cpu         ] GC(791) User=0.52s Sys=0.00s Real=0.00s
[324.367s][info][gc,start       ] GC(792) Pause Young (Normal) (G1 Evacuation Pause)
[324.367s][info][gc,task        ] GC(792) Using 33 workers of 33 for evacuation
[324.371s][info][gc,phases      ] GC(792)   Pre Evacuate Collection Set: 0.1ms
[324.371s][info][gc,phases      ] GC(792)   Merge Heap Roots: 0.2ms
[324.371s][info][gc,phases      ] GC(792)   Evacuate Collection Set: 0.4ms
[324.371s][info][gc,phases      ] GC(792)   Post Evacuate Collection Set: 3.6ms
[324.371s][info][gc,phases      ] GC(792)   Other: 0.1ms
[324.371s][info][gc,heap        ] GC(792) Eden regions: 52->0(52)
[324.371s][info][gc,heap        ] GC(792) Survivor regions: 1->1(7)
[324.371s][info][gc,heap        ] GC(792) Old regions: 7->7
[324.371s][info][gc,heap        ] GC(792) Archive regions: 0->0
[324.371s][info][gc,heap        ] GC(792) Humongous regions: 0->0
[324.371s][info][gc,metaspace   ] GC(792) Metaspace: 14385K(15232K)->14385K(15232K) NonClass: 12423K(12928K)->12423K(12928K) Class: 1962K(2304K)->1962K(2304K)
[324.371s][info][gc             ] GC(792) Pause Young (Normal) (G1 Evacuation Pause) 839M->8M(1424M) 4.581ms
[324.371s][info][gc,cpu         ] GC(792) User=0.00s Sys=0.00s Real=0.00s
[324.893s][info][gc,start       ] GC(793) Pause Young (Normal) (G1 Evacuation Pause)
[324.893s][info][gc,task        ] GC(793) Using 33 workers of 33 for evacuation
[324.898s][info][gc,phases      ] GC(793)   Pre Evacuate Collection Set: 0.1ms
[324.898s][info][gc,phases      ] GC(793)   Merge Heap Roots: 0.1ms
[324.898s][info][gc,phases      ] GC(793)   Evacuate Collection Set: 0.4ms
[324.898s][info][gc,phases      ] GC(793)   Post Evacuate Collection Set: 3.7ms
[324.898s][info][gc,phases      ] GC(793)   Other: 0.1ms
[324.898s][info][gc,heap        ] GC(793) Eden regions: 52->0(52)
[324.898s][info][gc,heap        ] GC(793) Survivor regions: 1->1(7)
[324.898s][info][gc,heap        ] GC(793) Old regions: 7->7
[324.898s][info][gc,heap        ] GC(793) Archive regions: 0->0
[324.898s][info][gc,heap        ] GC(793) Humongous regions: 0->0
[324.898s][info][gc,metaspace   ] GC(793) Metaspace: 14385K(15232K)->14385K(15232K) NonClass: 12423K(12928K)->12423K(12928K) Class: 1962K(2304K)->1962K(2304K)
[324.898s][info][gc             ] GC(793) Pause Young (Normal) (G1 Evacuation Pause) 840M->8M(1424M) 4.630ms
[324.898s][info][gc,cpu         ] GC(793) User=0.00s Sys=0.00s Real=0.00s
[325.427s][info][gc,start       ] GC(794) Pause Young (Normal) (G1 Evacuation Pause)
[325.427s][info][gc,task        ] GC(794) Using 33 workers of 33 for evacuation
[325.431s][info][gc,phases      ] GC(794)   Pre Evacuate Collection Set: 0.1ms
[325.431s][info][gc,phases      ] GC(794)   Merge Heap Roots: 0.1ms
[325.431s][info][gc,phases      ] GC(794)   Evacuate Collection Set: 0.4ms
[325.431s][info][gc,phases      ] GC(794)   Post Evacuate Collection Set: 3.4ms
[325.431s][info][gc,phases      ] GC(794)   Other: 0.1ms
[325.431s][info][gc,heap        ] GC(794) Eden regions: 52->0(52)
[325.431s][info][gc,heap        ] GC(794) Survivor regions: 1->1(7)
[325.431s][info][gc,heap        ] GC(794) Old regions: 7->7
[325.431s][info][gc,heap        ] GC(794) Archive regions: 0->0
[325.432s][info][gc,heap        ] GC(794) Humongous regions: 0->0
[325.432s][info][gc,metaspace   ] GC(794) Metaspace: 14385K(15232K)->14385K(15232K) NonClass: 12423K(12928K)->12423K(12928K) Class: 1962K(2304K)->1962K(2304K)
[325.432s][info][gc             ] GC(794) Pause Young (Normal) (G1 Evacuation Pause) 840M->8M(1424M) 4.375ms
[325.432s][info][gc,cpu         ] GC(794) User=0.00s Sys=0.00s Real=0.00s
[325.964s][info][gc,start       ] GC(795) Pause Young (Normal) (G1 Evacuation Pause)
[325.964s][info][gc,task        ] GC(795) Using 33 workers of 33 for evacuation
[325.968s][info][gc,phases      ] GC(795)   Pre Evacuate Collection Set: 0.1ms
[325.968s][info][gc,phases      ] GC(795)   Merge Heap Roots: 0.1ms
[325.968s][info][gc,phases      ] GC(795)   Evacuate Collection Set: 0.4ms
[325.968s][info][gc,phases      ] GC(795)   Post Evacuate Collection Set: 3.3ms
[325.968s][info][gc,phases      ] GC(795)   Other: 0.1ms
[325.968s][info][gc,heap        ] GC(795) Eden regions: 52->0(52)
[325.968s][info][gc,heap        ] GC(795) Survivor regions: 1->1(7)
[325.968s][info][gc,heap        ] GC(795) Old regions: 7->7
[325.968s][info][gc,heap        ] GC(795) Archive regions: 0->0
[325.968s][info][gc,heap        ] GC(795) Humongous regions: 0->0
[325.968s][info][gc,metaspace   ] GC(795) Metaspace: 14385K(15232K)->14385K(15232K) NonClass: 12423K(12928K)->12423K(12928K) Class: 1962K(2304K)->1962K(2304K)
[325.968s][info][gc             ] GC(795) Pause Young (Normal) (G1 Evacuation Pause) 840M->8M(1424M) 4.209ms
[325.968s][info][gc,cpu         ] GC(795) User=0.00s Sys=0.00s Real=0.00s
[326.477s][info][gc,start       ] GC(796) Pause Young (Normal) (G1 Evacuation Pause)
[326.477s][info][gc,task        ] GC(796) Using 33 workers of 33 for evacuation
[326.481s][info][gc,phases      ] GC(796)   Pre Evacuate Collection Set: 0.1ms
[326.481s][info][gc,phases      ] GC(796)   Merge Heap Roots: 0.1ms
[326.481s][info][gc,phases      ] GC(796)   Evacuate Collection Set: 0.3ms
[326.481s][info][gc,phases      ] GC(796)   Post Evacuate Collection Set: 3.5ms
[326.481s][info][gc,phases      ] GC(796)   Other: 0.1ms
[326.481s][info][gc,heap        ] GC(796) Eden regions: 52->0(52)
[326.481s][info][gc,heap        ] GC(796) Survivor regions: 1->1(7)
[326.481s][info][gc,heap        ] GC(796) Old regions: 7->7
[326.481s][info][gc,heap        ] GC(796) Archive regions: 0->0
[326.481s][info][gc,heap        ] GC(796) Humongous regions: 0->0
[326.481s][info][gc,metaspace   ] GC(796) Metaspace: 14385K(15232K)->14385K(15232K) NonClass: 12423K(12928K)->12423K(12928K) Class: 1962K(2304K)->1962K(2304K)
[326.481s][info][gc             ] GC(796) Pause Young (Normal) (G1 Evacuation Pause) 840M->8M(1424M) 4.391ms
[326.481s][info][gc,cpu         ] GC(796) User=0.00s Sys=0.00s Real=0.00s
[327.252s][info][gc,heap,exit   ] Heap
[327.252s][info][gc,heap,exit   ]  garbage-first heap   total 1458176K, used 593412K [0x00000000a0000000, 0x0000000800000000)
[327.252s][info][gc,heap,exit   ]   region size 16384K, 37 young (606208K), 1 survivors (16384K)
[327.252s][info][gc,heap,exit   ]  Metaspace       used 14445K, committed 15296K, reserved 1114112K
[327.252s][info][gc,heap,exit   ]   class space    used 1971K, committed 2304K, reserved 1048576K
