[0.018s][info][gc,init] CardTable entry size: 512
[0.018s][info][gc     ] Using Parallel
[0.031s][info][gc,init] Version: 20+36-2344 (release)
[0.031s][info][gc,init] CPUs: 48 total, 48 available
[0.031s][info][gc,init] Memory: 382G
[0.031s][info][gc,init] Large Page Support: Disabled
[0.031s][info][gc,init] NUMA Support: Disabled
[0.031s][info][gc,init] Compressed Oops: Enabled (Zero based)
[0.031s][info][gc,init] Alignments: Space 512K, Generation 512K, Heap 2M
[0.031s][info][gc,init] Heap Min Capacity: 8M
[0.031s][info][gc,init] Heap Initial Capacity: 2G
[0.041s][info][gc,init] Heap Max Capacity: 30718M
[0.041s][info][gc,init] Pre-touch: Disabled
[0.041s][info][gc,init] Parallel Workers: 33
[0.042s][info][gc,metaspace] CDS archive(s) mapped at: [0x0000000800000000-0x0000000800c60000-0x0000000800c60000), size 12976128, SharedBaseAddress: 0x0000000800000000, ArchiveRelocationMode: 0.
[0.042s][info][gc,metaspace] Compressed class space mapped at: 0x0000000801000000-0x0000000841000000, reserved size: 1073741824
[0.042s][info][gc,metaspace] Narrow klass base: 0x0000000800000000, Narrow klass shift: 0, Narrow klass range: 0x100000000
[1.173s][info][gc,start    ] GC(0) Pause Young (System.gc())
[1.181s][info][gc,heap     ] GC(0) PSYoungGen: 104964K(611840K)->4129K(611840K) Eden: 104964K(524800K)->0K(524800K) From: 0K(87040K)->4129K(87040K)
[1.181s][info][gc,heap     ] GC(0) ParOldGen: 0K(1398272K)->16K(1398272K)
[1.181s][info][gc,metaspace] GC(0) Metaspace: 8237K(8448K)->8237K(8448K) NonClass: 7128K(7232K)->7128K(7232K) Class: 1109K(1216K)->1109K(1216K)
[1.181s][info][gc          ] GC(0) Pause Young (System.gc()) 102M->4M(1963M) 7.771ms
[1.181s][info][gc,cpu      ] GC(0) User=0.48s Sys=0.03s Real=0.02s
[1.181s][info][gc,start    ] GC(1) Pause Full (System.gc())
[1.181s][info][gc,phases,start] GC(1) Marking Phase
[1.191s][info][gc,phases      ] GC(1) Marking Phase 10.223ms
[1.191s][info][gc,phases,start] GC(1) Summary Phase
[1.191s][info][gc,phases      ] GC(1) Summary Phase 0.011ms
[1.191s][info][gc,phases,start] GC(1) Adjust Roots
[1.193s][info][gc,phases      ] GC(1) Adjust Roots 1.590ms
[1.193s][info][gc,phases,start] GC(1) Compaction Phase
[1.198s][info][gc,phases      ] GC(1) Compaction Phase 5.026ms
[1.198s][info][gc,phases,start] GC(1) Post Compact
[1.199s][info][gc,phases      ] GC(1) Post Compact 0.974ms
[1.199s][info][gc,heap        ] GC(1) PSYoungGen: 4129K(611840K)->0K(611840K) Eden: 0K(524800K)->0K(524800K) From: 4129K(87040K)->0K(87040K)
[1.199s][info][gc,heap        ] GC(1) ParOldGen: 16K(1398272K)->3469K(1398272K)
[1.199s][info][gc,metaspace   ] GC(1) Metaspace: 8237K(8448K)->8237K(8448K) NonClass: 7128K(7232K)->7128K(7232K) Class: 1109K(1216K)->1109K(1216K)
[1.199s][info][gc             ] GC(1) Pause Full (System.gc()) 4M->3M(1963M) 18.028ms
[1.199s][info][gc,cpu         ] GC(1) User=0.02s Sys=0.00s Real=0.02s
[2.597s][info][gc,start       ] GC(2) Pause Young (Allocation Failure)
[2.601s][info][gc,heap        ] GC(2) PSYoungGen: 524800K(611840K)->4257K(611840K) Eden: 524800K(524800K)->0K(524800K) From: 0K(87040K)->4257K(87040K)
[2.601s][info][gc,heap        ] GC(2) ParOldGen: 3469K(1398272K)->3477K(1398272K)
[2.601s][info][gc,metaspace   ] GC(2) Metaspace: 14642K(15232K)->14642K(15232K) NonClass: 12557K(12864K)->12557K(12864K) Class: 2084K(2368K)->2084K(2368K)
[2.601s][info][gc             ] GC(2) Pause Young (Allocation Failure) 515M->7M(1963M) 3.940ms
[2.601s][info][gc,cpu         ] GC(2) User=0.00s Sys=0.00s Real=0.00s
[2.972s][info][gc,start       ] GC(3) Pause Young (Allocation Failure)
[2.974s][info][gc,heap        ] GC(3) PSYoungGen: 529057K(611840K)->4264K(611840K) Eden: 524800K(524800K)->0K(524800K) From: 4257K(87040K)->4264K(87040K)
[2.974s][info][gc,heap        ] GC(3) ParOldGen: 3477K(1398272K)->3485K(1398272K)
[2.974s][info][gc,metaspace   ] GC(3) Metaspace: 14648K(15232K)->14648K(15232K) NonClass: 12564K(12864K)->12564K(12864K) Class: 2084K(2368K)->2084K(2368K)
[2.974s][info][gc             ] GC(3) Pause Young (Allocation Failure) 520M->7M(1963M) 2.160ms
[2.974s][info][gc,cpu         ] GC(3) User=0.00s Sys=0.00s Real=0.00s
[3.311s][info][gc,start       ] GC(4) Pause Young (Allocation Failure)
[3.313s][info][gc,heap        ] GC(4) PSYoungGen: 529064K(611840K)->4338K(611840K) Eden: 524800K(524800K)->0K(524800K) From: 4264K(87040K)->4338K(87040K)
[3.313s][info][gc,heap        ] GC(4) ParOldGen: 3485K(1398272K)->3493K(1398272K)
[3.313s][info][gc,metaspace   ] GC(4) Metaspace: 14648K(15232K)->14648K(15232K) NonClass: 12564K(12864K)->12564K(12864K) Class: 2084K(2368K)->2084K(2368K)
[3.313s][info][gc             ] GC(4) Pause Young (Allocation Failure) 520M->7M(1963M) 1.870ms
[3.313s][info][gc,cpu         ] GC(4) User=0.00s Sys=0.00s Real=0.00s
[3.608s][info][gc,start       ] GC(5) Pause Young (Allocation Failure)
[3.610s][info][gc,heap        ] GC(5) PSYoungGen: 529138K(611840K)->4364K(611840K) Eden: 524800K(524800K)->0K(524800K) From: 4338K(87040K)->4364K(87040K)
[3.610s][info][gc,heap        ] GC(5) ParOldGen: 3493K(1398272K)->3501K(1398272K)
[3.610s][info][gc,metaspace   ] GC(5) Metaspace: 14648K(15232K)->14648K(15232K) NonClass: 12564K(12864K)->12564K(12864K) Class: 2084K(2368K)->2084K(2368K)
[3.610s][info][gc             ] GC(5) Pause Young (Allocation Failure) 520M->7M(1963M) 2.078ms
[3.610s][info][gc,cpu         ] GC(5) User=0.00s Sys=0.00s Real=0.00s
[3.950s][info][gc,start       ] GC(6) Pause Young (Allocation Failure)
[3.952s][info][gc,heap        ] GC(6) PSYoungGen: 529164K(611840K)->4392K(516608K) Eden: 524800K(524800K)->0K(512000K) From: 4364K(87040K)->4392K(4608K)
[3.952s][info][gc,heap        ] GC(6) ParOldGen: 3501K(1398272K)->3509K(1398272K)
[3.952s][info][gc,metaspace   ] GC(6) Metaspace: 14648K(15232K)->14648K(15232K) NonClass: 12564K(12864K)->12564K(12864K) Class: 2084K(2368K)->2084K(2368K)
[3.952s][info][gc             ] GC(6) Pause Young (Allocation Failure) 520M->7M(1870M) 2.540ms
[3.952s][info][gc,cpu         ] GC(6) User=0.52s Sys=0.00s Real=0.00s
[4.250s][info][gc,start       ] GC(7) Pause Young (Allocation Failure)
[4.254s][info][gc,heap        ] GC(7) PSYoungGen: 516392K(516608K)->4466K(504320K) Eden: 512000K(512000K)->0K(499712K) From: 4392K(4608K)->4466K(4608K)
[4.254s][info][gc,heap        ] GC(7) ParOldGen: 3509K(1398272K)->3517K(1398272K)
[4.254s][info][gc,metaspace   ] GC(7) Metaspace: 14648K(15232K)->14648K(15232K) NonClass: 12564K(12864K)->12564K(12864K) Class: 2084K(2368K)->2084K(2368K)
[4.254s][info][gc             ] GC(7) Pause Young (Allocation Failure) 507M->7M(1858M) 3.863ms
[4.254s][info][gc,cpu         ] GC(7) User=0.00s Sys=0.00s Real=0.00s
[4.604s][info][gc,start       ] GC(8) Pause Young (Allocation Failure)
[4.608s][info][gc,heap        ] GC(8) PSYoungGen: 504178K(504320K)->512K(488448K) Eden: 499712K(499712K)->0K(487936K) From: 4466K(4608K)->512K(512K)
[4.608s][info][gc,heap        ] GC(8) ParOldGen: 3517K(1398272K)->7589K(1398272K)
[4.608s][info][gc,metaspace   ] GC(8) Metaspace: 14649K(15232K)->14649K(15232K) NonClass: 12564K(12864K)->12564K(12864K) Class: 2084K(2368K)->2084K(2368K)
[4.608s][info][gc             ] GC(8) Pause Young (Allocation Failure) 495M->7M(1842M) 3.838ms
[4.608s][info][gc,cpu         ] GC(8) User=0.00s Sys=0.00s Real=0.00s
[4.959s][info][gc,start       ] GC(9) Pause Young (Allocation Failure)
[4.960s][info][gc,heap        ] GC(9) PSYoungGen: 488448K(488448K)->1056K(478208K) Eden: 487936K(487936K)->0K(476672K) From: 512K(512K)->1056K(1536K)
[4.960s][info][gc,heap        ] GC(9) ParOldGen: 7589K(1398272K)->7749K(1398272K)
[4.960s][info][gc,metaspace   ] GC(9) Metaspace: 14649K(15232K)->14649K(15232K) NonClass: 12564K(12864K)->12564K(12864K) Class: 2084K(2368K)->2084K(2368K)
[4.960s][info][gc             ] GC(9) Pause Young (Allocation Failure) 484M->8M(1832M) 1.316ms
[4.960s][info][gc,cpu         ] GC(9) User=0.00s Sys=0.00s Real=0.00s
[5.312s][info][gc,start       ] GC(10) Pause Young (Allocation Failure)
[5.314s][info][gc,heap        ] GC(10) PSYoungGen: 477728K(478208K)->1024K(466432K) Eden: 476672K(476672K)->0K(465408K) From: 1056K(1536K)->1024K(1024K)
[5.314s][info][gc,heap        ] GC(10) ParOldGen: 7749K(1398272K)->7957K(1398272K)
[5.314s][info][gc,metaspace   ] GC(10) Metaspace: 14649K(15232K)->14649K(15232K) NonClass: 12564K(12864K)->12564K(12864K) Class: 2084K(2368K)->2084K(2368K)
[5.314s][info][gc             ] GC(10) Pause Young (Allocation Failure) 474M->8M(1821M) 1.984ms
[5.314s][info][gc,cpu         ] GC(10) User=0.00s Sys=0.00s Real=0.00s
[5.655s][info][gc,start       ] GC(11) Pause Young (Allocation Failure)
[5.656s][info][gc,heap        ] GC(11) PSYoungGen: 466432K(466432K)->1088K(456192K) Eden: 465408K(465408K)->0K(454656K) From: 1024K(1024K)->1088K(1536K)
[5.656s][info][gc,heap        ] GC(11) ParOldGen: 7957K(1398272K)->8189K(1398272K)
[5.656s][info][gc,metaspace   ] GC(11) Metaspace: 14649K(15232K)->14649K(15232K) NonClass: 12564K(12864K)->12564K(12864K) Class: 2084K(2368K)->2084K(2368K)
[5.656s][info][gc             ] GC(11) Pause Young (Allocation Failure) 463M->9M(1811M) 1.439ms
[5.656s][info][gc,cpu         ] GC(11) User=0.00s Sys=0.00s Real=0.00s
[5.996s][info][gc,start       ] GC(12) Pause Young (Allocation Failure)
[5.998s][info][gc,heap        ] GC(12) PSYoungGen: 455744K(456192K)->1056K(445952K) Eden: 454656K(454656K)->0K(444416K) From: 1088K(1536K)->1056K(1536K)
[5.998s][info][gc,heap        ] GC(12) ParOldGen: 8189K(1398272K)->8445K(1398272K)
[5.998s][info][gc,metaspace   ] GC(12) Metaspace: 14649K(15232K)->14649K(15232K) NonClass: 12564K(12864K)->12564K(12864K) Class: 2084K(2368K)->2084K(2368K)
[5.998s][info][gc             ] GC(12) Pause Young (Allocation Failure) 453M->9M(1801M) 1.336ms
[5.998s][info][gc,cpu         ] GC(12) User=0.00s Sys=0.00s Real=0.00s
[6.328s][info][gc,start       ] GC(13) Pause Young (Allocation Failure)
[6.329s][info][gc,heap        ] GC(13) PSYoungGen: 445472K(445952K)->1024K(435712K) Eden: 444416K(444416K)->0K(434688K) From: 1056K(1536K)->1024K(1024K)
[6.329s][info][gc,heap        ] GC(13) ParOldGen: 8445K(1398272K)->8589K(1398272K)
[6.329s][info][gc,metaspace   ] GC(13) Metaspace: 14649K(15232K)->14649K(15232K) NonClass: 12564K(12864K)->12564K(12864K) Class: 2084K(2368K)->2084K(2368K)
[6.329s][info][gc             ] GC(13) Pause Young (Allocation Failure) 443M->9M(1791M) 1.260ms
[6.329s][info][gc,cpu         ] GC(13) User=0.00s Sys=0.00s Real=0.00s
[6.646s][info][gc,start       ] GC(14) Pause Young (Allocation Failure)
[6.647s][info][gc,heap        ] GC(14) PSYoungGen: 435712K(435712K)->1024K(425984K) Eden: 434688K(434688K)->0K(424960K) From: 1024K(1024K)->1024K(1024K)
[6.647s][info][gc,heap        ] GC(14) ParOldGen: 8589K(1398272K)->8725K(1398272K)
[6.647s][info][gc,metaspace   ] GC(14) Metaspace: 14649K(15232K)->14649K(15232K) NonClass: 12564K(12864K)->12564K(12864K) Class: 2084K(2368K)->2084K(2368K)
[6.647s][info][gc             ] GC(14) Pause Young (Allocation Failure) 433M->9M(1781M) 1.418ms
[6.647s][info][gc,cpu         ] GC(14) User=0.00s Sys=0.00s Real=0.00s
[6.956s][info][gc,start       ] GC(15) Pause Young (Allocation Failure)
[6.957s][info][gc,heap        ] GC(15) PSYoungGen: 425984K(425984K)->1056K(417280K) Eden: 424960K(424960K)->0K(415744K) From: 1024K(1024K)->1056K(1536K)
[6.957s][info][gc,heap        ] GC(15) ParOldGen: 8725K(1398272K)->8845K(1398272K)
[6.957s][info][gc,metaspace   ] GC(15) Metaspace: 14649K(15232K)->14649K(15232K) NonClass: 12564K(12864K)->12564K(12864K) Class: 2084K(2368K)->2084K(2368K)
[6.957s][info][gc             ] GC(15) Pause Young (Allocation Failure) 424M->9M(1773M) 1.347ms
[6.957s][info][gc,cpu         ] GC(15) User=0.00s Sys=0.00s Real=0.00s
[7.262s][info][gc,start       ] GC(16) Pause Young (Allocation Failure)
[7.264s][info][gc,heap        ] GC(16) PSYoungGen: 416800K(417280K)->1024K(408064K) Eden: 415744K(415744K)->0K(407040K) From: 1056K(1536K)->1024K(1024K)
[7.264s][info][gc,heap        ] GC(16) ParOldGen: 8845K(1398272K)->9101K(1398272K)
[7.264s][info][gc,metaspace   ] GC(16) Metaspace: 14652K(15296K)->14652K(15296K) NonClass: 12568K(12928K)->12568K(12928K) Class: 2084K(2368K)->2084K(2368K)
[7.264s][info][gc             ] GC(16) Pause Young (Allocation Failure) 415M->9M(1764M) 1.350ms
[7.264s][info][gc,cpu         ] GC(16) User=0.00s Sys=0.00s Real=0.00s
[7.569s][info][gc,start       ] GC(17) Pause Young (Allocation Failure)
[7.570s][info][gc,heap        ] GC(17) PSYoungGen: 408064K(408064K)->1056K(399872K) Eden: 407040K(407040K)->0K(398336K) From: 1024K(1024K)->1056K(1536K)
[7.570s][info][gc,heap        ] GC(17) ParOldGen: 9101K(1398272K)->9213K(1398272K)
[7.571s][info][gc,metaspace   ] GC(17) Metaspace: 14652K(15296K)->14652K(15296K) NonClass: 12568K(12928K)->12568K(12928K) Class: 2084K(2368K)->2084K(2368K)
[7.571s][info][gc             ] GC(17) Pause Young (Allocation Failure) 407M->10M(1756M) 1.178ms
[7.571s][info][gc,cpu         ] GC(17) User=0.00s Sys=0.00s Real=0.00s
[7.869s][info][gc,start       ] GC(18) Pause Young (Allocation Failure)
[7.870s][info][gc,heap        ] GC(18) PSYoungGen: 399392K(399872K)->992K(391168K) Eden: 398336K(398336K)->0K(390144K) From: 1056K(1536K)->992K(1024K)
[7.870s][info][gc,heap        ] GC(18) ParOldGen: 9213K(1398272K)->9341K(1398272K)
[7.870s][info][gc,metaspace   ] GC(18) Metaspace: 14652K(15296K)->14652K(15296K) NonClass: 12568K(12928K)->12568K(12928K) Class: 2084K(2368K)->2084K(2368K)
[7.870s][info][gc             ] GC(18) Pause Young (Allocation Failure) 399M->10M(1747M) 1.202ms
[7.870s][info][gc,cpu         ] GC(18) User=0.00s Sys=0.00s Real=0.00s
[8.153s][info][gc,start       ] GC(19) Pause Young (Allocation Failure)
[8.154s][info][gc,heap        ] GC(19) PSYoungGen: 391136K(391168K)->1056K(388096K) Eden: 390144K(390144K)->0K(381952K) From: 992K(1024K)->1056K(6144K)
[8.154s][info][gc,heap        ] GC(19) ParOldGen: 9341K(1398272K)->9469K(1398272K)
[8.154s][info][gc,metaspace   ] GC(19) Metaspace: 14652K(15296K)->14652K(15296K) NonClass: 12568K(12928K)->12568K(12928K) Class: 2084K(2368K)->2084K(2368K)
[8.154s][info][gc             ] GC(19) Pause Young (Allocation Failure) 391M->10M(1744M) 1.244ms
[8.154s][info][gc,cpu         ] GC(19) User=0.00s Sys=0.00s Real=0.00s
[8.432s][info][gc,start       ] GC(20) Pause Young (Allocation Failure)
[8.433s][info][gc,heap        ] GC(20) PSYoungGen: 383008K(388096K)->1024K(375296K) Eden: 381952K(381952K)->0K(374272K) From: 1056K(6144K)->1024K(1024K)
[8.433s][info][gc,heap        ] GC(20) ParOldGen: 9469K(1398272K)->9589K(1398272K)
[8.433s][info][gc,metaspace   ] GC(20) Metaspace: 14652K(15296K)->14652K(15296K) NonClass: 12568K(12928K)->12568K(12928K) Class: 2084K(2368K)->2084K(2368K)
[8.433s][info][gc             ] GC(20) Pause Young (Allocation Failure) 383M->10M(1732M) 1.265ms
[8.433s][info][gc,cpu         ] GC(20) User=0.00s Sys=0.00s Real=0.00s
[8.707s][info][gc,start       ] GC(21) Pause Young (Allocation Failure)
[8.709s][info][gc,heap        ] GC(21) PSYoungGen: 375296K(375296K)->1056K(368128K) Eden: 374272K(374272K)->0K(366592K) From: 1024K(1024K)->1056K(1536K)
[8.709s][info][gc,heap        ] GC(21) ParOldGen: 9589K(1398272K)->9701K(1398272K)
[8.709s][info][gc,metaspace   ] GC(21) Metaspace: 14652K(15296K)->14652K(15296K) NonClass: 12568K(12928K)->12568K(12928K) Class: 2084K(2368K)->2084K(2368K)
[8.709s][info][gc             ] GC(21) Pause Young (Allocation Failure) 375M->10M(1725M) 1.288ms
[8.709s][info][gc,cpu         ] GC(21) User=0.00s Sys=0.00s Real=0.00s
[8.973s][info][gc,start       ] GC(22) Pause Young (Allocation Failure)
[8.975s][info][gc,heap        ] GC(22) PSYoungGen: 367648K(368128K)->1056K(360960K) Eden: 366592K(366592K)->0K(359424K) From: 1056K(1536K)->1056K(1536K)
[8.975s][info][gc,heap        ] GC(22) ParOldGen: 9701K(1398272K)->9829K(1398272K)
[8.975s][info][gc,metaspace   ] GC(22) Metaspace: 14652K(15296K)->14652K(15296K) NonClass: 12568K(12928K)->12568K(12928K) Class: 2084K(2368K)->2084K(2368K)
[8.975s][info][gc             ] GC(22) Pause Young (Allocation Failure) 368M->10M(1718M) 1.304ms
[8.975s][info][gc,cpu         ] GC(22) User=0.00s Sys=0.00s Real=0.00s
[9.236s][info][gc,start       ] GC(23) Pause Young (Allocation Failure)
[9.237s][info][gc,heap        ] GC(23) PSYoungGen: 360480K(360960K)->1056K(353792K) Eden: 359424K(359424K)->0K(352256K) From: 1056K(1536K)->1056K(1536K)
[9.237s][info][gc,heap        ] GC(23) ParOldGen: 9829K(1398272K)->9933K(1398272K)
[9.237s][info][gc,metaspace   ] GC(23) Metaspace: 14652K(15296K)->14652K(15296K) NonClass: 12568K(12928K)->12568K(12928K) Class: 2084K(2368K)->2084K(2368K)
[9.237s][info][gc             ] GC(23) Pause Young (Allocation Failure) 361M->10M(1711M) 1.468ms
[9.237s][info][gc,cpu         ] GC(23) User=0.00s Sys=0.00s Real=0.00s
[9.493s][info][gc,start       ] GC(24) Pause Young (Allocation Failure)
[9.494s][info][gc,heap        ] GC(24) PSYoungGen: 353312K(353792K)->1024K(346624K) Eden: 352256K(352256K)->0K(345600K) From: 1056K(1536K)->1024K(1024K)
[9.494s][info][gc,heap        ] GC(24) ParOldGen: 9933K(1398272K)->10045K(1398272K)
[9.494s][info][gc,metaspace   ] GC(24) Metaspace: 14652K(15296K)->14652K(15296K) NonClass: 12568K(12928K)->12568K(12928K) Class: 2084K(2368K)->2084K(2368K)
[9.494s][info][gc             ] GC(24) Pause Young (Allocation Failure) 354M->10M(1704M) 1.444ms
[9.495s][info][gc,cpu         ] GC(24) User=0.00s Sys=0.00s Real=0.00s
[9.876s][info][gc,start       ] GC(25) Pause Young (Allocation Failure)
[9.878s][info][gc,heap        ] GC(25) PSYoungGen: 346624K(346624K)->1056K(344064K) Eden: 345600K(345600K)->0K(338944K) From: 1024K(1024K)->1056K(5120K)
[9.878s][info][gc,heap        ] GC(25) ParOldGen: 10045K(1398272K)->10149K(1398272K)
[9.878s][info][gc,metaspace   ] GC(25) Metaspace: 14652K(15296K)->14652K(15296K) NonClass: 12568K(12928K)->12568K(12928K) Class: 2084K(2368K)->2084K(2368K)
[9.878s][info][gc             ] GC(25) Pause Young (Allocation Failure) 348M->10M(1701M) 2.029ms
[9.878s][info][gc,cpu         ] GC(25) User=0.00s Sys=0.00s Real=0.00s
[10.142s][info][gc,start       ] GC(26) Pause Young (Allocation Failure)
[10.143s][info][gc,heap        ] GC(26) PSYoungGen: 340000K(344064K)->1024K(333824K) Eden: 338944K(338944K)->0K(332800K) From: 1056K(5120K)->1024K(1024K)
[10.143s][info][gc,heap        ] GC(26) ParOldGen: 10149K(1398272K)->10261K(1398272K)
[10.143s][info][gc,metaspace   ] GC(26) Metaspace: 14652K(15296K)->14652K(15296K) NonClass: 12568K(12928K)->12568K(12928K) Class: 2084K(2368K)->2084K(2368K)
[10.143s][info][gc             ] GC(26) Pause Young (Allocation Failure) 341M->11M(1691M) 1.222ms
[10.143s][info][gc,cpu         ] GC(26) User=0.00s Sys=0.00s Real=0.00s
[10.392s][info][gc,start       ] GC(27) Pause Young (Allocation Failure)
[10.393s][info][gc,heap        ] GC(27) PSYoungGen: 333824K(333824K)->1056K(331264K) Eden: 332800K(332800K)->0K(326656K) From: 1024K(1024K)->1056K(4608K)
[10.393s][info][gc,heap        ] GC(27) ParOldGen: 10261K(1398272K)->10373K(1398272K)
[10.393s][info][gc,metaspace   ] GC(27) Metaspace: 14652K(15296K)->14652K(15296K) NonClass: 12568K(12928K)->12568K(12928K) Class: 2084K(2368K)->2084K(2368K)
[10.393s][info][gc             ] GC(27) Pause Young (Allocation Failure) 336M->11M(1689M) 1.155ms
[10.393s][info][gc,cpu         ] GC(27) User=0.00s Sys=0.00s Real=0.00s
[10.645s][info][gc,start       ] GC(28) Pause Young (Allocation Failure)
[10.646s][info][gc,heap        ] GC(28) PSYoungGen: 327712K(331264K)->1056K(322048K) Eden: 326656K(326656K)->0K(320512K) From: 1056K(4608K)->1056K(1536K)
[10.646s][info][gc,heap        ] GC(28) ParOldGen: 10373K(1398272K)->10485K(1398272K)
[10.646s][info][gc,metaspace   ] GC(28) Metaspace: 14652K(15296K)->14652K(15296K) NonClass: 12568K(12928K)->12568K(12928K) Class: 2084K(2368K)->2084K(2368K)
[10.646s][info][gc             ] GC(28) Pause Young (Allocation Failure) 330M->11M(1680M) 1.079ms
[10.646s][info][gc,cpu         ] GC(28) User=0.00s Sys=0.00s Real=0.00s
[10.878s][info][gc,start       ] GC(29) Pause Young (Allocation Failure)
[10.879s][info][gc,heap        ] GC(29) PSYoungGen: 321568K(322048K)->1056K(316416K) Eden: 320512K(320512K)->0K(314880K) From: 1056K(1536K)->1056K(1536K)
[10.879s][info][gc,heap        ] GC(29) ParOldGen: 10485K(1398272K)->10589K(1398272K)
[10.879s][info][gc,metaspace   ] GC(29) Metaspace: 14652K(15296K)->14652K(15296K) NonClass: 12568K(12928K)->12568K(12928K) Class: 2084K(2368K)->2084K(2368K)
[10.879s][info][gc             ] GC(29) Pause Young (Allocation Failure) 324M->11M(1674M) 1.182ms
[10.879s][info][gc,cpu         ] GC(29) User=0.00s Sys=0.00s Real=0.00s
[11.114s][info][gc,start       ] GC(30) Pause Young (Allocation Failure)
[11.115s][info][gc,heap        ] GC(30) PSYoungGen: 315936K(316416K)->1024K(310272K) Eden: 314880K(314880K)->0K(309248K) From: 1056K(1536K)->1024K(1024K)
[11.115s][info][gc,heap        ] GC(30) ParOldGen: 10589K(1398272K)->10717K(1398272K)
[11.115s][info][gc,metaspace   ] GC(30) Metaspace: 14652K(15296K)->14652K(15296K) NonClass: 12568K(12928K)->12568K(12928K) Class: 2084K(2368K)->2084K(2368K)
[11.115s][info][gc             ] GC(30) Pause Young (Allocation Failure) 318M->11M(1668M) 1.216ms
[11.115s][info][gc,cpu         ] GC(30) User=0.00s Sys=0.00s Real=0.00s
[11.340s][info][gc,start       ] GC(31) Pause Young (Allocation Failure)
[11.341s][info][gc,heap        ] GC(31) PSYoungGen: 310272K(310272K)->1056K(305152K) Eden: 309248K(309248K)->0K(303616K) From: 1024K(1024K)->1056K(1536K)
[11.341s][info][gc,heap        ] GC(31) ParOldGen: 10717K(1398272K)->10821K(1398272K)
[11.341s][info][gc,metaspace   ] GC(31) Metaspace: 14652K(15296K)->14652K(15296K) NonClass: 12568K(12928K)->12568K(12928K) Class: 2084K(2368K)->2084K(2368K)
[11.341s][info][gc             ] GC(31) Pause Young (Allocation Failure) 313M->11M(1663M) 1.221ms
[11.341s][info][gc,cpu         ] GC(31) User=0.00s Sys=0.00s Real=0.00s
[11.562s][info][gc,start       ] GC(32) Pause Young (Allocation Failure)
[11.563s][info][gc,heap        ] GC(32) PSYoungGen: 304672K(305152K)->960K(299520K) Eden: 303616K(303616K)->0K(298496K) From: 1056K(1536K)->960K(1024K)
[11.563s][info][gc,heap        ] GC(32) ParOldGen: 10821K(1398272K)->10925K(1398272K)
[11.563s][info][gc,metaspace   ] GC(32) Metaspace: 14652K(15296K)->14652K(15296K) NonClass: 12568K(12928K)->12568K(12928K) Class: 2084K(2368K)->2084K(2368K)
[11.563s][info][gc             ] GC(32) Pause Young (Allocation Failure) 308M->11M(1658M) 1.314ms
[11.563s][info][gc,cpu         ] GC(32) User=0.00s Sys=0.00s Real=0.00s
[11.782s][info][gc,start       ] GC(33) Pause Young (Allocation Failure)
[11.783s][info][gc,heap        ] GC(33) PSYoungGen: 299456K(299520K)->1024K(294400K) Eden: 298496K(298496K)->0K(293376K) From: 960K(1024K)->1024K(1024K)
[11.783s][info][gc,heap        ] GC(33) ParOldGen: 10925K(1398272K)->11013K(1398272K)
[11.783s][info][gc,metaspace   ] GC(33) Metaspace: 14652K(15296K)->14652K(15296K) NonClass: 12568K(12928K)->12568K(12928K) Class: 2084K(2368K)->2084K(2368K)
[11.783s][info][gc             ] GC(33) Pause Young (Allocation Failure) 303M->11M(1653M) 1.227ms
[11.783s][info][gc,cpu         ] GC(33) User=0.00s Sys=0.00s Real=0.00s
[12.000s][info][gc,start       ] GC(34) Pause Young (Allocation Failure)
[12.001s][info][gc,heap        ] GC(34) PSYoungGen: 294400K(294400K)->992K(289280K) Eden: 293376K(293376K)->0K(288256K) From: 1024K(1024K)->992K(1024K)
[12.001s][info][gc,heap        ] GC(34) ParOldGen: 11013K(1398272K)->11109K(1398272K)
[12.001s][info][gc,metaspace   ] GC(34) Metaspace: 14652K(15296K)->14652K(15296K) NonClass: 12568K(12928K)->12568K(12928K) Class: 2084K(2368K)->2084K(2368K)
[12.001s][info][gc             ] GC(34) Pause Young (Allocation Failure) 298M->11M(1648M) 1.311ms
[12.001s][info][gc,cpu         ] GC(34) User=0.00s Sys=0.00s Real=0.00s
[12.215s][info][gc,start       ] GC(35) Pause Young (Allocation Failure)
[12.216s][info][gc,heap        ] GC(35) PSYoungGen: 289248K(289280K)->1024K(284672K) Eden: 288256K(288256K)->0K(283648K) From: 992K(1024K)->1024K(1024K)
[12.216s][info][gc,heap        ] GC(35) ParOldGen: 11109K(1398272K)->11237K(1398272K)
[12.216s][info][gc,metaspace   ] GC(35) Metaspace: 14652K(15296K)->14652K(15296K) NonClass: 12568K(12928K)->12568K(12928K) Class: 2084K(2368K)->2084K(2368K)
[12.216s][info][gc             ] GC(35) Pause Young (Allocation Failure) 293M->11M(1643M) 1.319ms
[12.216s][info][gc,cpu         ] GC(35) User=0.00s Sys=0.00s Real=0.00s
[12.424s][info][gc,start       ] GC(36) Pause Young (Allocation Failure)
[12.425s][info][gc,heap        ] GC(36) PSYoungGen: 284672K(284672K)->1056K(280576K) Eden: 283648K(283648K)->0K(279040K) From: 1024K(1024K)->1056K(1536K)
[12.425s][info][gc,heap        ] GC(36) ParOldGen: 11237K(1398272K)->11329K(1398272K)
[12.425s][info][gc,metaspace   ] GC(36) Metaspace: 14652K(15296K)->14652K(15296K) NonClass: 12568K(12928K)->12568K(12928K) Class: 2084K(2368K)->2084K(2368K)
[12.425s][info][gc             ] GC(36) Pause Young (Allocation Failure) 288M->12M(1639M) 1.342ms
[12.425s][info][gc,cpu         ] GC(36) User=0.00s Sys=0.00s Real=0.00s
[12.723s][info][gc,start       ] GC(37) Pause Young (Allocation Failure)
[12.724s][info][gc,heap        ] GC(37) PSYoungGen: 280096K(280576K)->1056K(275968K) Eden: 279040K(279040K)->0K(274432K) From: 1056K(1536K)->1056K(1536K)
[12.725s][info][gc,heap        ] GC(37) ParOldGen: 11329K(1398272K)->11417K(1398272K)
[12.725s][info][gc,metaspace   ] GC(37) Metaspace: 14652K(15296K)->14652K(15296K) NonClass: 12568K(12928K)->12568K(12928K) Class: 2084K(2368K)->2084K(2368K)
[12.725s][info][gc             ] GC(37) Pause Young (Allocation Failure) 284M->12M(1635M) 1.843ms
[12.725s][info][gc,cpu         ] GC(37) User=0.00s Sys=0.00s Real=0.00s
[12.940s][info][gc,start       ] GC(38) Pause Young (Allocation Failure)
[12.941s][info][gc,heap        ] GC(38) PSYoungGen: 275488K(275968K)->992K(270848K) Eden: 274432K(274432K)->0K(269824K) From: 1056K(1536K)->992K(1024K)
[12.941s][info][gc,heap        ] GC(38) ParOldGen: 11417K(1398272K)->11505K(1398272K)
[12.941s][info][gc,metaspace   ] GC(38) Metaspace: 14652K(15296K)->14652K(15296K) NonClass: 12568K(12928K)->12568K(12928K) Class: 2084K(2368K)->2084K(2368K)
[12.941s][info][gc             ] GC(38) Pause Young (Allocation Failure) 280M->12M(1630M) 1.224ms
[12.941s][info][gc,cpu         ] GC(38) User=0.00s Sys=0.00s Real=0.00s
[13.157s][info][gc,start       ] GC(39) Pause Young (Allocation Failure)
[13.158s][info][gc,heap        ] GC(39) PSYoungGen: 270816K(270848K)->1056K(267264K) Eden: 269824K(269824K)->0K(265728K) From: 992K(1024K)->1056K(1536K)
[13.158s][info][gc,heap        ] GC(39) ParOldGen: 11505K(1398272K)->11601K(1398272K)
[13.158s][info][gc,metaspace   ] GC(39) Metaspace: 14652K(15296K)->14652K(15296K) NonClass: 12568K(12928K)->12568K(12928K) Class: 2084K(2368K)->2084K(2368K)
[13.158s][info][gc             ] GC(39) Pause Young (Allocation Failure) 275M->12M(1626M) 1.062ms
[13.158s][info][gc,cpu         ] GC(39) User=0.00s Sys=0.00s Real=0.00s
[13.355s][info][gc,start       ] GC(40) Pause Young (Allocation Failure)
[13.356s][info][gc,heap        ] GC(40) PSYoungGen: 266784K(267264K)->1024K(262656K) Eden: 265728K(265728K)->0K(261632K) From: 1056K(1536K)->1024K(1024K)
[13.356s][info][gc,heap        ] GC(40) ParOldGen: 11601K(1398272K)->11689K(1398272K)
[13.356s][info][gc,metaspace   ] GC(40) Metaspace: 14652K(15296K)->14652K(15296K) NonClass: 12568K(12928K)->12568K(12928K) Class: 2084K(2368K)->2084K(2368K)
[13.356s][info][gc             ] GC(40) Pause Young (Allocation Failure) 271M->12M(1622M) 1.051ms
[13.356s][info][gc,cpu         ] GC(40) User=0.00s Sys=0.00s Real=0.00s
[13.545s][info][gc,start       ] GC(41) Pause Young (Allocation Failure)
[13.546s][info][gc,heap        ] GC(41) PSYoungGen: 262656K(262656K)->1024K(258560K) Eden: 261632K(261632K)->0K(257536K) From: 1024K(1024K)->1024K(1024K)
[13.546s][info][gc,heap        ] GC(41) ParOldGen: 11689K(1398272K)->11777K(1398272K)
[13.546s][info][gc,metaspace   ] GC(41) Metaspace: 14652K(15296K)->14652K(15296K) NonClass: 12568K(12928K)->12568K(12928K) Class: 2084K(2368K)->2084K(2368K)
[13.546s][info][gc             ] GC(41) Pause Young (Allocation Failure) 267M->12M(1618M) 1.036ms
[13.546s][info][gc,cpu         ] GC(41) User=0.00s Sys=0.00s Real=0.00s
[13.734s][info][gc,start       ] GC(42) Pause Young (Allocation Failure)
[13.735s][info][gc,heap        ] GC(42) PSYoungGen: 258560K(258560K)->992K(254464K) Eden: 257536K(257536K)->0K(253440K) From: 1024K(1024K)->992K(1024K)
[13.735s][info][gc,heap        ] GC(42) ParOldGen: 11777K(1398272K)->11865K(1398272K)
[13.735s][info][gc,metaspace   ] GC(42) Metaspace: 14652K(15296K)->14652K(15296K) NonClass: 12568K(12928K)->12568K(12928K) Class: 2084K(2368K)->2084K(2368K)
[13.735s][info][gc             ] GC(42) Pause Young (Allocation Failure) 264M->12M(1614M) 1.135ms
[13.735s][info][gc,cpu         ] GC(42) User=0.00s Sys=0.00s Real=0.00s
[13.926s][info][gc,start       ] GC(43) Pause Young (Allocation Failure)
[13.927s][info][gc,heap        ] GC(43) PSYoungGen: 254432K(254464K)->1024K(251904K) Eden: 253440K(253440K)->0K(249344K) From: 992K(1024K)->1024K(2560K)
[13.927s][info][gc,heap        ] GC(43) ParOldGen: 11865K(1398272K)->11945K(1398272K)
[13.927s][info][gc,metaspace   ] GC(43) Metaspace: 14652K(15296K)->14652K(15296K) NonClass: 12568K(12928K)->12568K(12928K) Class: 2084K(2368K)->2084K(2368K)
[13.927s][info][gc             ] GC(43) Pause Young (Allocation Failure) 260M->12M(1611M) 1.098ms
[13.927s][info][gc,cpu         ] GC(43) User=0.00s Sys=0.00s Real=0.00s
[14.109s][info][gc,start       ] GC(44) Pause Young (Allocation Failure)
[14.110s][info][gc,heap        ] GC(44) PSYoungGen: 250368K(251904K)->1024K(246784K) Eden: 249344K(249344K)->0K(245760K) From: 1024K(2560K)->1024K(1024K)
[14.110s][info][gc,heap        ] GC(44) ParOldGen: 11945K(1398272K)->12025K(1398272K)
[14.110s][info][gc,metaspace   ] GC(44) Metaspace: 14652K(15296K)->14652K(15296K) NonClass: 12568K(12928K)->12568K(12928K) Class: 2084K(2368K)->2084K(2368K)
[14.110s][info][gc             ] GC(44) Pause Young (Allocation Failure) 256M->12M(1606M) 1.095ms
[14.110s][info][gc,cpu         ] GC(44) User=0.00s Sys=0.00s Real=0.00s
[14.291s][info][gc,start       ] GC(45) Pause Young (Allocation Failure)
[14.292s][info][gc,heap        ] GC(45) PSYoungGen: 246784K(246784K)->1024K(243200K) Eden: 245760K(245760K)->0K(242176K) From: 1024K(1024K)->1024K(1024K)
[14.292s][info][gc,heap        ] GC(45) ParOldGen: 12025K(1398272K)->12105K(1398272K)
[14.292s][info][gc,metaspace   ] GC(45) Metaspace: 14652K(15296K)->14652K(15296K) NonClass: 12568K(12928K)->12568K(12928K) Class: 2084K(2368K)->2084K(2368K)
[14.292s][info][gc             ] GC(45) Pause Young (Allocation Failure) 252M->12M(1603M) 1.116ms
[14.292s][info][gc,cpu         ] GC(45) User=0.00s Sys=0.00s Real=0.00s
[14.469s][info][gc,start       ] GC(46) Pause Young (Allocation Failure)
[14.470s][info][gc,heap        ] GC(46) PSYoungGen: 243200K(243200K)->1056K(240128K) Eden: 242176K(242176K)->0K(238592K) From: 1024K(1024K)->1056K(1536K)
[14.470s][info][gc,heap        ] GC(46) ParOldGen: 12105K(1398272K)->12161K(1398272K)
[14.470s][info][gc,metaspace   ] GC(46) Metaspace: 14652K(15296K)->14652K(15296K) NonClass: 12568K(12928K)->12568K(12928K) Class: 2084K(2368K)->2084K(2368K)
[14.470s][info][gc             ] GC(46) Pause Young (Allocation Failure) 249M->12M(1600M) 1.164ms
[14.470s][info][gc,cpu         ] GC(46) User=0.00s Sys=0.00s Real=0.00s
[14.645s][info][gc,start       ] GC(47) Pause Young (Allocation Failure)
[14.646s][info][gc,heap        ] GC(47) PSYoungGen: 239648K(240128K)->1056K(236544K) Eden: 238592K(238592K)->0K(235008K) From: 1056K(1536K)->1056K(1536K)
[14.646s][info][gc,heap        ] GC(47) ParOldGen: 12161K(1398272K)->12241K(1398272K)
[14.646s][info][gc,metaspace   ] GC(47) Metaspace: 14652K(15296K)->14652K(15296K) NonClass: 12568K(12928K)->12568K(12928K) Class: 2084K(2368K)->2084K(2368K)
[14.646s][info][gc             ] GC(47) Pause Young (Allocation Failure) 245M->12M(1596M) 1.174ms
[14.646s][info][gc,cpu         ] GC(47) User=0.00s Sys=0.00s Real=0.00s
[14.818s][info][gc,start       ] GC(48) Pause Young (Allocation Failure)
[14.819s][info][gc,heap        ] GC(48) PSYoungGen: 236064K(236544K)->992K(232448K) Eden: 235008K(235008K)->0K(231424K) From: 1056K(1536K)->992K(1024K)
[14.819s][info][gc,heap        ] GC(48) ParOldGen: 12241K(1398272K)->12313K(1398272K)
[14.819s][info][gc,metaspace   ] GC(48) Metaspace: 14652K(15296K)->14652K(15296K) NonClass: 12568K(12928K)->12568K(12928K) Class: 2084K(2368K)->2084K(2368K)
[14.819s][info][gc             ] GC(48) Pause Young (Allocation Failure) 242M->12M(1592M) 1.224ms
[14.819s][info][gc,cpu         ] GC(48) User=0.00s Sys=0.00s Real=0.00s
[14.990s][info][gc,start       ] GC(49) Pause Young (Allocation Failure)
[14.991s][info][gc,heap        ] GC(49) PSYoungGen: 232416K(232448K)->1024K(229376K) Eden: 231424K(231424K)->0K(228352K) From: 992K(1024K)->1024K(1024K)
[14.991s][info][gc,heap        ] GC(49) ParOldGen: 12313K(1398272K)->12393K(1398272K)
[14.991s][info][gc,metaspace   ] GC(49) Metaspace: 14652K(15296K)->14652K(15296K) NonClass: 12568K(12928K)->12568K(12928K) Class: 2084K(2368K)->2084K(2368K)
[14.991s][info][gc             ] GC(49) Pause Young (Allocation Failure) 238M->13M(1589M) 1.228ms
[14.991s][info][gc,cpu         ] GC(49) User=0.00s Sys=0.00s Real=0.00s
[15.157s][info][gc,start       ] GC(50) Pause Young (Allocation Failure)
[15.158s][info][gc,heap        ] GC(50) PSYoungGen: 229376K(229376K)->992K(226304K) Eden: 228352K(228352K)->0K(225280K) From: 1024K(1024K)->992K(1024K)
[15.158s][info][gc,heap        ] GC(50) ParOldGen: 12393K(1398272K)->12465K(1398272K)
[15.158s][info][gc,metaspace   ] GC(50) Metaspace: 14652K(15296K)->14652K(15296K) NonClass: 12568K(12928K)->12568K(12928K) Class: 2084K(2368K)->2084K(2368K)
[15.158s][info][gc             ] GC(50) Pause Young (Allocation Failure) 236M->13M(1586M) 1.265ms
[15.158s][info][gc,cpu         ] GC(50) User=0.00s Sys=0.00s Real=0.00s
[15.323s][info][gc,start       ] GC(51) Pause Young (Allocation Failure)
[15.324s][info][gc,heap        ] GC(51) PSYoungGen: 226272K(226304K)->1056K(224256K) Eden: 225280K(225280K)->0K(222208K) From: 992K(1024K)->1056K(2048K)
[15.324s][info][gc,heap        ] GC(51) ParOldGen: 12465K(1398272K)->12529K(1398272K)
[15.324s][info][gc,metaspace   ] GC(51) Metaspace: 14652K(15296K)->14652K(15296K) NonClass: 12568K(12928K)->12568K(12928K) Class: 2084K(2368K)->2084K(2368K)
[15.324s][info][gc             ] GC(51) Pause Young (Allocation Failure) 233M->13M(1584M) 1.258ms
[15.324s][info][gc,cpu         ] GC(51) User=0.00s Sys=0.00s Real=0.00s
[15.613s][info][gc,start       ] GC(52) Pause Young (Allocation Failure)
[15.615s][info][gc,heap        ] GC(52) PSYoungGen: 223264K(224256K)->1024K(220160K) Eden: 222208K(222208K)->0K(219136K) From: 1056K(2048K)->1024K(1024K)
[15.615s][info][gc,heap        ] GC(52) ParOldGen: 12529K(1398272K)->12609K(1398272K)
[15.615s][info][gc,metaspace   ] GC(52) Metaspace: 14652K(15296K)->14652K(15296K) NonClass: 12568K(12928K)->12568K(12928K) Class: 2084K(2368K)->2084K(2368K)
[15.615s][info][gc             ] GC(52) Pause Young (Allocation Failure) 230M->13M(1580M) 1.782ms
[15.615s][info][gc,cpu         ] GC(52) User=0.00s Sys=0.00s Real=0.00s
[15.794s][info][gc,start       ] GC(53) Pause Young (Allocation Failure)
[15.796s][info][gc,heap        ] GC(53) PSYoungGen: 220160K(220160K)->992K(217088K) Eden: 219136K(219136K)->0K(216064K) From: 1024K(1024K)->992K(1024K)
[15.796s][info][gc,heap        ] GC(53) ParOldGen: 12609K(1398272K)->12681K(1398272K)
[15.796s][info][gc,metaspace   ] GC(53) Metaspace: 14652K(15296K)->14652K(15296K) NonClass: 12568K(12928K)->12568K(12928K) Class: 2084K(2368K)->2084K(2368K)
[15.796s][info][gc             ] GC(53) Pause Young (Allocation Failure) 227M->13M(1577M) 1.157ms
[15.796s][info][gc,cpu         ] GC(53) User=0.52s Sys=0.00s Real=0.00s
[15.960s][info][gc,start       ] GC(54) Pause Young (Allocation Failure)
[15.961s][info][gc,heap        ] GC(54) PSYoungGen: 217056K(217088K)->992K(214016K) Eden: 216064K(216064K)->0K(212992K) From: 992K(1024K)->992K(1024K)
[15.961s][info][gc,heap        ] GC(54) ParOldGen: 12681K(1398272K)->12761K(1398272K)
[15.961s][info][gc,metaspace   ] GC(54) Metaspace: 14652K(15296K)->14652K(15296K) NonClass: 12568K(12928K)->12568K(12928K) Class: 2084K(2368K)->2084K(2368K)
[15.961s][info][gc             ] GC(54) Pause Young (Allocation Failure) 224M->13M(1574M) 1.061ms
[15.961s][info][gc,cpu         ] GC(54) User=0.00s Sys=0.00s Real=0.00s
[16.132s][info][gc,start       ] GC(55) Pause Young (Allocation Failure)
[16.133s][info][gc,heap        ] GC(55) PSYoungGen: 213984K(214016K)->1056K(211456K) Eden: 212992K(212992K)->0K(209920K) From: 992K(1024K)->1056K(1536K)
[16.133s][info][gc,heap        ] GC(55) ParOldGen: 12761K(1398272K)->12833K(1398272K)
[16.133s][info][gc,metaspace   ] GC(55) Metaspace: 14652K(15296K)->14652K(15296K) NonClass: 12568K(12928K)->12568K(12928K) Class: 2084K(2368K)->2084K(2368K)
[16.133s][info][gc             ] GC(55) Pause Young (Allocation Failure) 221M->13M(1572M) 0.966ms
[16.133s][info][gc,cpu         ] GC(55) User=0.00s Sys=0.00s Real=0.00s
[16.289s][info][gc,start       ] GC(56) Pause Young (Allocation Failure)
[16.290s][info][gc,heap        ] GC(56) PSYoungGen: 210976K(211456K)->928K(208384K) Eden: 209920K(209920K)->0K(207360K) From: 1056K(1536K)->928K(1024K)
[16.290s][info][gc,heap        ] GC(56) ParOldGen: 12833K(1398272K)->12913K(1398272K)
[16.290s][info][gc,metaspace   ] GC(56) Metaspace: 14652K(15296K)->14652K(15296K) NonClass: 12568K(12928K)->12568K(12928K) Class: 2084K(2368K)->2084K(2368K)
[16.290s][info][gc             ] GC(56) Pause Young (Allocation Failure) 218M->13M(1569M) 0.959ms
[16.290s][info][gc,cpu         ] GC(56) User=0.00s Sys=0.00s Real=0.00s
[16.408s][info][gc,start       ] GC(57) Pause Young (Allocation Failure)
[16.409s][info][gc,heap        ] GC(57) PSYoungGen: 208288K(208384K)->960K(205824K) Eden: 207360K(207360K)->0K(204800K) From: 928K(1024K)->960K(1024K)
[16.409s][info][gc,heap        ] GC(57) ParOldGen: 12913K(1398272K)->12993K(1398272K)
[16.409s][info][gc,metaspace   ] GC(57) Metaspace: 14652K(15296K)->14652K(15296K) NonClass: 12568K(12928K)->12568K(12928K) Class: 2084K(2368K)->2084K(2368K)
[16.409s][info][gc             ] GC(57) Pause Young (Allocation Failure) 216M->13M(1566M) 0.910ms
[16.409s][info][gc,cpu         ] GC(57) User=0.00s Sys=0.00s Real=0.00s
[16.519s][info][gc,start       ] GC(58) Pause Young (Allocation Failure)
[16.520s][info][gc,heap        ] GC(58) PSYoungGen: 205760K(205824K)->800K(203264K) Eden: 204800K(204800K)->0K(202240K) From: 960K(1024K)->800K(1024K)
[16.520s][info][gc,heap        ] GC(58) ParOldGen: 12993K(1398272K)->13041K(1398272K)
[16.520s][info][gc,metaspace   ] GC(58) Metaspace: 14652K(15296K)->14652K(15296K) NonClass: 12568K(12928K)->12568K(12928K) Class: 2084K(2368K)->2084K(2368K)
[16.520s][info][gc             ] GC(58) Pause Young (Allocation Failure) 213M->13M(1564M) 0.871ms
[16.520s][info][gc,cpu         ] GC(58) User=0.00s Sys=0.00s Real=0.00s
[16.671s][info][gc,start       ] GC(59) Pause Young (Allocation Failure)
[16.672s][info][gc,heap        ] GC(59) PSYoungGen: 203040K(203264K)->992K(200704K) Eden: 202240K(202240K)->0K(199680K) From: 800K(1024K)->992K(1024K)
[16.672s][info][gc,heap        ] GC(59) ParOldGen: 13041K(1398272K)->13097K(1398272K)
[16.672s][info][gc,metaspace   ] GC(59) Metaspace: 14652K(15296K)->14652K(15296K) NonClass: 12568K(12928K)->12568K(12928K) Class: 2084K(2368K)->2084K(2368K)
[16.672s][info][gc             ] GC(59) Pause Young (Allocation Failure) 211M->13M(1561M) 1.005ms
[16.672s][info][gc,cpu         ] GC(59) User=0.00s Sys=0.00s Real=0.00s
[16.873s][info][gc,start       ] GC(60) Pause Young (Allocation Failure)
[16.874s][info][gc,heap        ] GC(60) PSYoungGen: 200672K(200704K)->672K(198144K) Eden: 199680K(199680K)->0K(197120K) From: 992K(1024K)->672K(1024K)
[16.874s][info][gc,heap        ] GC(60) ParOldGen: 13097K(1398272K)->13161K(1398272K)
[16.874s][info][gc,metaspace   ] GC(60) Metaspace: 14652K(15296K)->14652K(15296K) NonClass: 12568K(12928K)->12568K(12928K) Class: 2084K(2368K)->2084K(2368K)
[16.874s][info][gc             ] GC(60) Pause Young (Allocation Failure) 208M->13M(1559M) 1.072ms
[16.874s][info][gc,cpu         ] GC(60) User=0.52s Sys=0.00s Real=0.00s
[17.129s][info][gc,start       ] GC(61) Pause Young (Allocation Failure)
[17.130s][info][gc,heap        ] GC(61) PSYoungGen: 197792K(198144K)->992K(195584K) Eden: 197120K(197120K)->0K(194560K) From: 672K(1024K)->992K(1024K)
[17.131s][info][gc,heap        ] GC(61) ParOldGen: 13161K(1398272K)->13257K(1398272K)
[17.131s][info][gc,metaspace   ] GC(61) Metaspace: 14652K(15296K)->14652K(15296K) NonClass: 12568K(12928K)->12568K(12928K) Class: 2084K(2368K)->2084K(2368K)
[17.131s][info][gc             ] GC(61) Pause Young (Allocation Failure) 206M->13M(1556M) 1.149ms
[17.131s][info][gc,cpu         ] GC(61) User=0.00s Sys=0.00s Real=0.00s
[17.443s][info][gc,start       ] GC(62) Pause Young (Allocation Failure)
[17.445s][info][gc,heap        ] GC(62) PSYoungGen: 195552K(195584K)->544K(193024K) Eden: 194560K(194560K)->0K(192000K) From: 992K(1024K)->544K(1024K)
[17.445s][info][gc,heap        ] GC(62) ParOldGen: 13257K(1398272K)->13377K(1398272K)
[17.445s][info][gc,metaspace   ] GC(62) Metaspace: 14652K(15296K)->14652K(15296K) NonClass: 12568K(12928K)->12568K(12928K) Class: 2084K(2368K)->2084K(2368K)
[17.445s][info][gc             ] GC(62) Pause Young (Allocation Failure) 203M->13M(1554M) 1.353ms
[17.445s][info][gc,cpu         ] GC(62) User=0.00s Sys=0.00s Real=0.00s
[17.547s][info][gc,start       ] GC(63) Pause Young (System.gc())
[17.548s][info][gc,heap        ] GC(63) PSYoungGen: 48655K(193024K)->1024K(193024K) Eden: 48111K(192000K)->0K(192000K) From: 544K(1024K)->1024K(1024K)
[17.549s][info][gc,heap        ] GC(63) ParOldGen: 13377K(1398272K)->13473K(1398272K)
[17.549s][info][gc,metaspace   ] GC(63) Metaspace: 14755K(15360K)->14755K(15360K) NonClass: 12661K(12992K)->12661K(12992K) Class: 2094K(2368K)->2094K(2368K)
[17.549s][info][gc             ] GC(63) Pause Young (System.gc()) 60M->14M(1554M) 1.246ms
[17.549s][info][gc,cpu         ] GC(63) User=0.00s Sys=0.00s Real=0.00s
[17.549s][info][gc,start       ] GC(64) Pause Full (System.gc())
[17.549s][info][gc,phases,start] GC(64) Marking Phase
[17.571s][info][gc,phases      ] GC(64) Marking Phase 22.399ms
[17.571s][info][gc,phases,start] GC(64) Summary Phase
[17.571s][info][gc,phases      ] GC(64) Summary Phase 0.015ms
[17.571s][info][gc,phases,start] GC(64) Adjust Roots
[17.578s][info][gc,phases      ] GC(64) Adjust Roots 7.262ms
[17.578s][info][gc,phases,start] GC(64) Compaction Phase
[17.588s][info][gc,phases      ] GC(64) Compaction Phase 9.475ms
[17.588s][info][gc,phases,start] GC(64) Post Compact
[17.590s][info][gc,phases      ] GC(64) Post Compact 2.014ms
[17.590s][info][gc,heap        ] GC(64) PSYoungGen: 1024K(193024K)->0K(193024K) Eden: 0K(192000K)->0K(192000K) From: 1024K(1024K)->0K(1024K)
[17.590s][info][gc,heap        ] GC(64) ParOldGen: 13473K(1398272K)->5386K(1398272K)
[17.590s][info][gc,metaspace   ] GC(64) Metaspace: 14755K(15360K)->14305K(15360K) NonClass: 12661K(12992K)->12336K(12992K) Class: 2094K(2368K)->1969K(2368K)
[17.590s][info][gc             ] GC(64) Pause Full (System.gc()) 14M->5M(1554M) 41.403ms
[17.590s][info][gc,cpu         ] GC(64) User=0.67s Sys=0.02s Real=0.05s
[17.762s][info][gc,start       ] GC(65) Pause Young (Allocation Failure)
[17.763s][info][gc,heap        ] GC(65) PSYoungGen: 192000K(193024K)->1536K(190976K) Eden: 192000K(192000K)->0K(189440K) From: 0K(1024K)->1536K(1536K)
[17.763s][info][gc,heap        ] GC(65) ParOldGen: 5386K(1398272K)->5599K(1398272K)
[17.763s][info][gc,metaspace   ] GC(65) Metaspace: 14306K(15360K)->14306K(15360K) NonClass: 12337K(12992K)->12337K(12992K) Class: 1969K(2368K)->1969K(2368K)
[17.763s][info][gc             ] GC(65) Pause Young (Allocation Failure) 192M->6M(1552M) 1.165ms
[17.763s][info][gc,cpu         ] GC(65) User=0.00s Sys=0.00s Real=0.00s
[17.874s][info][gc,start       ] GC(66) Pause Young (Allocation Failure)
[17.875s][info][gc,heap        ] GC(66) PSYoungGen: 190976K(190976K)->1024K(188416K) Eden: 189440K(189440K)->0K(187392K) From: 1536K(1536K)->1024K(1024K)
[17.875s][info][gc,heap        ] GC(66) ParOldGen: 5599K(1398272K)->7128K(1398272K)
[17.875s][info][gc,metaspace   ] GC(66) Metaspace: 14306K(15360K)->14306K(15360K) NonClass: 12337K(12992K)->12337K(12992K) Class: 1969K(2368K)->1969K(2368K)
[17.875s][info][gc             ] GC(66) Pause Young (Allocation Failure) 191M->7M(1549M) 1.338ms
[17.875s][info][gc,cpu         ] GC(66) User=0.00s Sys=0.00s Real=0.00s
[17.995s][info][gc,start       ] GC(67) Pause Young (Allocation Failure)
[17.996s][info][gc,heap        ] GC(67) PSYoungGen: 188416K(188416K)->1024K(186368K) Eden: 187392K(187392K)->0K(185344K) From: 1024K(1024K)->1024K(1024K)
[17.996s][info][gc,heap        ] GC(67) ParOldGen: 7128K(1398272K)->7192K(1398272K)
[17.996s][info][gc,metaspace   ] GC(67) Metaspace: 14306K(15360K)->14306K(15360K) NonClass: 12337K(12992K)->12337K(12992K) Class: 1969K(2368K)->1969K(2368K)
[17.996s][info][gc             ] GC(67) Pause Young (Allocation Failure) 190M->8M(1547M) 1.131ms
[17.996s][info][gc,cpu         ] GC(67) User=0.00s Sys=0.00s Real=0.00s
[18.116s][info][gc,start       ] GC(68) Pause Young (Allocation Failure)
[18.117s][info][gc,heap        ] GC(68) PSYoungGen: 186368K(186368K)->960K(184320K) Eden: 185344K(185344K)->0K(183296K) From: 1024K(1024K)->960K(1024K)
[18.117s][info][gc,heap        ] GC(68) ParOldGen: 7192K(1398272K)->7248K(1398272K)
[18.117s][info][gc,metaspace   ] GC(68) Metaspace: 14306K(15360K)->14306K(15360K) NonClass: 12337K(12992K)->12337K(12992K) Class: 1969K(2368K)->1969K(2368K)
[18.117s][info][gc             ] GC(68) Pause Young (Allocation Failure) 189M->8M(1545M) 1.101ms
[18.117s][info][gc,cpu         ] GC(68) User=0.00s Sys=0.00s Real=0.00s
[18.235s][info][gc,start       ] GC(69) Pause Young (Allocation Failure)
[18.236s][info][gc,heap        ] GC(69) PSYoungGen: 184256K(184320K)->1024K(182272K) Eden: 183296K(183296K)->0K(181248K) From: 960K(1024K)->1024K(1024K)
[18.236s][info][gc,heap        ] GC(69) ParOldGen: 7248K(1398272K)->7280K(1398272K)
[18.236s][info][gc,metaspace   ] GC(69) Metaspace: 14306K(15360K)->14306K(15360K) NonClass: 12337K(12992K)->12337K(12992K) Class: 1969K(2368K)->1969K(2368K)
[18.236s][info][gc             ] GC(69) Pause Young (Allocation Failure) 187M->8M(1543M) 1.094ms
[18.236s][info][gc,cpu         ] GC(69) User=0.00s Sys=0.00s Real=0.00s
[18.354s][info][gc,start       ] GC(70) Pause Young (Allocation Failure)
[18.355s][info][gc,heap        ] GC(70) PSYoungGen: 182272K(182272K)->1024K(180224K) Eden: 181248K(181248K)->0K(179200K) From: 1024K(1024K)->1024K(1024K)
[18.355s][info][gc,heap        ] GC(70) ParOldGen: 7280K(1398272K)->7328K(1398272K)
[18.355s][info][gc,metaspace   ] GC(70) Metaspace: 14306K(15360K)->14306K(15360K) NonClass: 12337K(12992K)->12337K(12992K) Class: 1969K(2368K)->1969K(2368K)
[18.355s][info][gc             ] GC(70) Pause Young (Allocation Failure) 185M->8M(1541M) 1.138ms
[18.355s][info][gc,cpu         ] GC(70) User=0.00s Sys=0.00s Real=0.00s
[18.472s][info][gc,start       ] GC(71) Pause Young (Allocation Failure)
[18.473s][info][gc,heap        ] GC(71) PSYoungGen: 180224K(180224K)->992K(178176K) Eden: 179200K(179200K)->0K(177152K) From: 1024K(1024K)->992K(1024K)
[18.473s][info][gc,heap        ] GC(71) ParOldGen: 7328K(1398272K)->7408K(1398272K)
[18.473s][info][gc,metaspace   ] GC(71) Metaspace: 14306K(15360K)->14306K(15360K) NonClass: 12337K(12992K)->12337K(12992K) Class: 1969K(2368K)->1969K(2368K)
[18.473s][info][gc             ] GC(71) Pause Young (Allocation Failure) 183M->8M(1539M) 1.145ms
[18.473s][info][gc,cpu         ] GC(71) User=0.00s Sys=0.00s Real=0.00s
[18.588s][info][gc,start       ] GC(72) Pause Young (Allocation Failure)
[18.589s][info][gc,heap        ] GC(72) PSYoungGen: 178144K(178176K)->1024K(176128K) Eden: 177152K(177152K)->0K(175104K) From: 992K(1024K)->1024K(1024K)
[18.589s][info][gc,heap        ] GC(72) ParOldGen: 7408K(1398272K)->7464K(1398272K)
[18.589s][info][gc,metaspace   ] GC(72) Metaspace: 14306K(15360K)->14306K(15360K) NonClass: 12337K(12992K)->12337K(12992K) Class: 1969K(2368K)->1969K(2368K)
[18.589s][info][gc             ] GC(72) Pause Young (Allocation Failure) 181M->8M(1537M) 1.193ms
[18.589s][info][gc,cpu         ] GC(72) User=0.00s Sys=0.00s Real=0.00s
[18.703s][info][gc,start       ] GC(73) Pause Young (Allocation Failure)
[18.704s][info][gc,heap        ] GC(73) PSYoungGen: 176128K(176128K)->1024K(174080K) Eden: 175104K(175104K)->0K(173056K) From: 1024K(1024K)->1024K(1024K)
[18.704s][info][gc,heap        ] GC(73) ParOldGen: 7464K(1398272K)->7520K(1398272K)
[18.704s][info][gc,metaspace   ] GC(73) Metaspace: 14306K(15360K)->14306K(15360K) NonClass: 12337K(12992K)->12337K(12992K) Class: 1969K(2368K)->1969K(2368K)
[18.704s][info][gc             ] GC(73) Pause Young (Allocation Failure) 179M->8M(1535M) 1.341ms
[18.704s][info][gc,cpu         ] GC(73) User=0.00s Sys=0.00s Real=0.00s
[18.818s][info][gc,start       ] GC(74) Pause Young (Allocation Failure)
[18.819s][info][gc,heap        ] GC(74) PSYoungGen: 174080K(174080K)->1024K(172032K) Eden: 173056K(173056K)->0K(171008K) From: 1024K(1024K)->1024K(1024K)
[18.819s][info][gc,heap        ] GC(74) ParOldGen: 7520K(1398272K)->7576K(1398272K)
[18.819s][info][gc,metaspace   ] GC(74) Metaspace: 14306K(15360K)->14306K(15360K) NonClass: 12337K(12992K)->12337K(12992K) Class: 1969K(2368K)->1969K(2368K)
[18.819s][info][gc             ] GC(74) Pause Young (Allocation Failure) 177M->8M(1533M) 1.197ms
[18.819s][info][gc,cpu         ] GC(74) User=0.00s Sys=0.00s Real=0.00s
[18.931s][info][gc,start       ] GC(75) Pause Young (Allocation Failure)
[18.932s][info][gc,heap        ] GC(75) PSYoungGen: 172032K(172032K)->1024K(169984K) Eden: 171008K(171008K)->0K(168960K) From: 1024K(1024K)->1024K(1024K)
[18.932s][info][gc,heap        ] GC(75) ParOldGen: 7576K(1398272K)->7632K(1398272K)
[18.932s][info][gc,metaspace   ] GC(75) Metaspace: 14306K(15360K)->14306K(15360K) NonClass: 12337K(12992K)->12337K(12992K) Class: 1969K(2368K)->1969K(2368K)
[18.932s][info][gc             ] GC(75) Pause Young (Allocation Failure) 175M->8M(1531M) 1.270ms
[18.932s][info][gc,cpu         ] GC(75) User=0.00s Sys=0.00s Real=0.00s
[19.042s][info][gc,start       ] GC(76) Pause Young (Allocation Failure)
[19.043s][info][gc,heap        ] GC(76) PSYoungGen: 169984K(169984K)->1024K(167936K) Eden: 168960K(168960K)->0K(166912K) From: 1024K(1024K)->1024K(1024K)
[19.043s][info][gc,heap        ] GC(76) ParOldGen: 7632K(1398272K)->7696K(1398272K)
[19.043s][info][gc,metaspace   ] GC(76) Metaspace: 14306K(15360K)->14306K(15360K) NonClass: 12337K(12992K)->12337K(12992K) Class: 1969K(2368K)->1969K(2368K)
[19.043s][info][gc             ] GC(76) Pause Young (Allocation Failure) 173M->8M(1529M) 1.293ms
[19.043s][info][gc,cpu         ] GC(76) User=0.00s Sys=0.00s Real=0.00s
[19.151s][info][gc,start       ] GC(77) Pause Young (Allocation Failure)
[19.152s][info][gc,heap        ] GC(77) PSYoungGen: 167936K(167936K)->1024K(166400K) Eden: 166912K(166912K)->0K(165376K) From: 1024K(1024K)->1024K(1024K)
[19.152s][info][gc,heap        ] GC(77) ParOldGen: 7696K(1398272K)->7744K(1398272K)
[19.152s][info][gc,metaspace   ] GC(77) Metaspace: 14306K(15360K)->14306K(15360K) NonClass: 12337K(12992K)->12337K(12992K) Class: 1969K(2368K)->1969K(2368K)
[19.152s][info][gc             ] GC(77) Pause Young (Allocation Failure) 171M->8M(1528M) 1.326ms
[19.152s][info][gc,cpu         ] GC(77) User=0.00s Sys=0.00s Real=0.00s
[19.260s][info][gc,start       ] GC(78) Pause Young (Allocation Failure)
[19.262s][info][gc,heap        ] GC(78) PSYoungGen: 166400K(166400K)->992K(164864K) Eden: 165376K(165376K)->0K(163840K) From: 1024K(1024K)->992K(1024K)
[19.262s][info][gc,heap        ] GC(78) ParOldGen: 7744K(1398272K)->7808K(1398272K)
[19.262s][info][gc,metaspace   ] GC(78) Metaspace: 14306K(15360K)->14306K(15360K) NonClass: 12337K(12992K)->12337K(12992K) Class: 1969K(2368K)->1969K(2368K)
[19.262s][info][gc             ] GC(78) Pause Young (Allocation Failure) 170M->8M(1526M) 1.290ms
[19.262s][info][gc,cpu         ] GC(78) User=0.00s Sys=0.00s Real=0.00s
[19.418s][info][gc,start       ] GC(79) Pause Young (Allocation Failure)
[19.419s][info][gc,heap        ] GC(79) PSYoungGen: 164832K(164864K)->992K(163328K) Eden: 163840K(163840K)->0K(162304K) From: 992K(1024K)->992K(1024K)
[19.419s][info][gc,heap        ] GC(79) ParOldGen: 7808K(1398272K)->7856K(1398272K)
[19.419s][info][gc,metaspace   ] GC(79) Metaspace: 14306K(15360K)->14306K(15360K) NonClass: 12337K(12992K)->12337K(12992K) Class: 1969K(2368K)->1969K(2368K)
[19.419s][info][gc             ] GC(79) Pause Young (Allocation Failure) 168M->8M(1525M) 1.761ms
[19.419s][info][gc,cpu         ] GC(79) User=0.00s Sys=0.00s Real=0.00s
[19.536s][info][gc,start       ] GC(80) Pause Young (Allocation Failure)
[19.537s][info][gc,heap        ] GC(80) PSYoungGen: 163296K(163328K)->1024K(161792K) Eden: 162304K(162304K)->0K(160768K) From: 992K(1024K)->1024K(1024K)
[19.537s][info][gc,heap        ] GC(80) ParOldGen: 7856K(1398272K)->7896K(1398272K)
[19.537s][info][gc,metaspace   ] GC(80) Metaspace: 14306K(15360K)->14306K(15360K) NonClass: 12337K(12992K)->12337K(12992K) Class: 1969K(2368K)->1969K(2368K)
[19.537s][info][gc             ] GC(80) Pause Young (Allocation Failure) 167M->8M(1523M) 1.223ms
[19.537s][info][gc,cpu         ] GC(80) User=0.00s Sys=0.00s Real=0.00s
[19.645s][info][gc,start       ] GC(81) Pause Young (Allocation Failure)
[19.646s][info][gc,heap        ] GC(81) PSYoungGen: 161792K(161792K)->992K(160256K) Eden: 160768K(160768K)->0K(159232K) From: 1024K(1024K)->992K(1024K)
[19.646s][info][gc,heap        ] GC(81) ParOldGen: 7896K(1398272K)->7952K(1398272K)
[19.646s][info][gc,metaspace   ] GC(81) Metaspace: 14306K(15360K)->14306K(15360K) NonClass: 12337K(12992K)->12337K(12992K) Class: 1969K(2368K)->1969K(2368K)
[19.646s][info][gc             ] GC(81) Pause Young (Allocation Failure) 165M->8M(1522M) 1.164ms
[19.646s][info][gc,cpu         ] GC(81) User=0.00s Sys=0.00s Real=0.00s
[19.754s][info][gc,start       ] GC(82) Pause Young (Allocation Failure)
[19.755s][info][gc,heap        ] GC(82) PSYoungGen: 160224K(160256K)->1024K(158720K) Eden: 159232K(159232K)->0K(157696K) From: 992K(1024K)->1024K(1024K)
[19.755s][info][gc,heap        ] GC(82) ParOldGen: 7952K(1398272K)->8000K(1398272K)
[19.755s][info][gc,metaspace   ] GC(82) Metaspace: 14306K(15360K)->14306K(15360K) NonClass: 12337K(12992K)->12337K(12992K) Class: 1969K(2368K)->1969K(2368K)
[19.755s][info][gc             ] GC(82) Pause Young (Allocation Failure) 164M->8M(1520M) 1.086ms
[19.755s][info][gc,cpu         ] GC(82) User=0.00s Sys=0.00s Real=0.00s
[19.876s][info][gc,start       ] GC(83) Pause Young (Allocation Failure)
[19.877s][info][gc,heap        ] GC(83) PSYoungGen: 158720K(158720K)->1024K(157184K) Eden: 157696K(157696K)->0K(156160K) From: 1024K(1024K)->1024K(1024K)
[19.877s][info][gc,heap        ] GC(83) ParOldGen: 8000K(1398272K)->8040K(1398272K)
[19.877s][info][gc,metaspace   ] GC(83) Metaspace: 14306K(15360K)->14306K(15360K) NonClass: 12337K(12992K)->12337K(12992K) Class: 1969K(2368K)->1969K(2368K)
[19.877s][info][gc             ] GC(83) Pause Young (Allocation Failure) 162M->8M(1519M) 1.104ms
[19.877s][info][gc,cpu         ] GC(83) User=0.00s Sys=0.00s Real=0.00s
[19.993s][info][gc,start       ] GC(84) Pause Young (Allocation Failure)
[19.994s][info][gc,heap        ] GC(84) PSYoungGen: 157183K(157184K)->1056K(156160K) Eden: 156159K(156160K)->0K(154624K) From: 1024K(1024K)->1056K(1536K)
[19.994s][info][gc,heap        ] GC(84) ParOldGen: 8040K(1398272K)->8080K(1398272K)
[19.994s][info][gc,metaspace   ] GC(84) Metaspace: 14306K(15360K)->14306K(15360K) NonClass: 12337K(12992K)->12337K(12992K) Class: 1969K(2368K)->1969K(2368K)
[19.994s][info][gc             ] GC(84) Pause Young (Allocation Failure) 161M->8M(1518M) 0.978ms
[19.994s][info][gc,cpu         ] GC(84) User=0.00s Sys=0.00s Real=0.00s
[20.101s][info][gc,start       ] GC(85) Pause Young (Allocation Failure)
[20.102s][info][gc,heap        ] GC(85) PSYoungGen: 155680K(156160K)->1024K(154112K) Eden: 154624K(154624K)->0K(153088K) From: 1056K(1536K)->1024K(1024K)
[20.102s][info][gc,heap        ] GC(85) ParOldGen: 8080K(1398272K)->8152K(1398272K)
[20.102s][info][gc,metaspace   ] GC(85) Metaspace: 14306K(15360K)->14306K(15360K) NonClass: 12337K(12992K)->12337K(12992K) Class: 1969K(2368K)->1969K(2368K)
[20.102s][info][gc             ] GC(85) Pause Young (Allocation Failure) 159M->8M(1516M) 0.877ms
[20.102s][info][gc,cpu         ] GC(85) User=0.00s Sys=0.00s Real=0.00s
[20.202s][info][gc,start       ] GC(86) Pause Young (Allocation Failure)
[20.203s][info][gc,heap        ] GC(86) PSYoungGen: 154112K(154112K)->1024K(152576K) Eden: 153088K(153088K)->0K(151552K) From: 1024K(1024K)->1024K(1024K)
[20.203s][info][gc,heap        ] GC(86) ParOldGen: 8152K(1398272K)->8192K(1398272K)
[20.203s][info][gc,metaspace   ] GC(86) Metaspace: 14306K(15360K)->14306K(15360K) NonClass: 12337K(12992K)->12337K(12992K) Class: 1969K(2368K)->1969K(2368K)
[20.203s][info][gc             ] GC(86) Pause Young (Allocation Failure) 158M->9M(1514M) 0.906ms
[20.203s][info][gc,cpu         ] GC(86) User=0.00s Sys=0.00s Real=0.00s
[20.300s][info][gc,start       ] GC(87) Pause Young (Allocation Failure)
[20.301s][info][gc,heap        ] GC(87) PSYoungGen: 152575K(152576K)->1024K(151040K) Eden: 151551K(151552K)->0K(150016K) From: 1024K(1024K)->1024K(1024K)
[20.301s][info][gc,heap        ] GC(87) ParOldGen: 8192K(1398272K)->8240K(1398272K)
[20.301s][info][gc,metaspace   ] GC(87) Metaspace: 14306K(15360K)->14306K(15360K) NonClass: 12337K(12992K)->12337K(12992K) Class: 1969K(2368K)->1969K(2368K)
[20.301s][info][gc             ] GC(87) Pause Young (Allocation Failure) 157M->9M(1513M) 0.955ms
[20.301s][info][gc,cpu         ] GC(87) User=0.00s Sys=0.00s Real=0.00s
[20.400s][info][gc,start       ] GC(88) Pause Young (Allocation Failure)
[20.403s][info][gc,heap        ] GC(88) PSYoungGen: 151040K(151040K)->1024K(149504K) Eden: 150016K(150016K)->0K(148480K) From: 1024K(1024K)->1024K(1024K)
[20.403s][info][gc,heap        ] GC(88) ParOldGen: 8240K(1398272K)->8280K(1398272K)
[20.403s][info][gc,metaspace   ] GC(88) Metaspace: 14306K(15360K)->14306K(15360K) NonClass: 12337K(12992K)->12337K(12992K) Class: 1969K(2368K)->1969K(2368K)
[20.403s][info][gc             ] GC(88) Pause Young (Allocation Failure) 155M->9M(1511M) 2.572ms
[20.403s][info][gc,cpu         ] GC(88) User=0.00s Sys=0.00s Real=0.00s
[20.498s][info][gc,start       ] GC(89) Pause Young (Allocation Failure)
[20.498s][info][gc,heap        ] GC(89) PSYoungGen: 149504K(149504K)->1024K(147968K) Eden: 148480K(148480K)->0K(146944K) From: 1024K(1024K)->1024K(1024K)
[20.499s][info][gc,heap        ] GC(89) ParOldGen: 8280K(1398272K)->8328K(1398272K)
[20.499s][info][gc,metaspace   ] GC(89) Metaspace: 14306K(15360K)->14306K(15360K) NonClass: 12337K(12992K)->12337K(12992K) Class: 1969K(2368K)->1969K(2368K)
[20.499s][info][gc             ] GC(89) Pause Young (Allocation Failure) 154M->9M(1510M) 0.968ms
[20.499s][info][gc,cpu         ] GC(89) User=0.02s Sys=0.00s Real=0.00s
[20.594s][info][gc,start       ] GC(90) Pause Young (Allocation Failure)
[20.595s][info][gc,heap        ] GC(90) PSYoungGen: 147968K(147968K)->1024K(146432K) Eden: 146944K(146944K)->0K(145408K) From: 1024K(1024K)->1024K(1024K)
[20.595s][info][gc,heap        ] GC(90) ParOldGen: 8328K(1398272K)->8360K(1398272K)
[20.595s][info][gc,metaspace   ] GC(90) Metaspace: 14306K(15360K)->14306K(15360K) NonClass: 12337K(12992K)->12337K(12992K) Class: 1969K(2368K)->1969K(2368K)
[20.595s][info][gc             ] GC(90) Pause Young (Allocation Failure) 152M->9M(1508M) 0.980ms
[20.595s][info][gc,cpu         ] GC(90) User=0.00s Sys=0.00s Real=0.00s
[20.688s][info][gc,start       ] GC(91) Pause Young (Allocation Failure)
[20.689s][info][gc,heap        ] GC(91) PSYoungGen: 146432K(146432K)->1024K(144896K) Eden: 145408K(145408K)->0K(143872K) From: 1024K(1024K)->1024K(1024K)
[20.689s][info][gc,heap        ] GC(91) ParOldGen: 8360K(1398272K)->8400K(1398272K)
[20.689s][info][gc,metaspace   ] GC(91) Metaspace: 14306K(15360K)->14306K(15360K) NonClass: 12337K(12992K)->12337K(12992K) Class: 1969K(2368K)->1969K(2368K)
[20.689s][info][gc             ] GC(91) Pause Young (Allocation Failure) 151M->9M(1507M) 0.984ms
[20.689s][info][gc,cpu         ] GC(91) User=0.00s Sys=0.00s Real=0.00s
[20.783s][info][gc,start       ] GC(92) Pause Young (Allocation Failure)
[20.784s][info][gc,heap        ] GC(92) PSYoungGen: 144896K(144896K)->992K(143360K) Eden: 143872K(143872K)->0K(142336K) From: 1024K(1024K)->992K(1024K)
[20.784s][info][gc,heap        ] GC(92) ParOldGen: 8400K(1398272K)->8448K(1398272K)
[20.784s][info][gc,metaspace   ] GC(92) Metaspace: 14306K(15360K)->14306K(15360K) NonClass: 12337K(12992K)->12337K(12992K) Class: 1969K(2368K)->1969K(2368K)
[20.784s][info][gc             ] GC(92) Pause Young (Allocation Failure) 149M->9M(1505M) 1.074ms
[20.784s][info][gc,cpu         ] GC(92) User=0.00s Sys=0.00s Real=0.00s
[20.877s][info][gc,start       ] GC(93) Pause Young (Allocation Failure)
[20.878s][info][gc,heap        ] GC(93) PSYoungGen: 143328K(143360K)->992K(142336K) Eden: 142336K(142336K)->0K(141312K) From: 992K(1024K)->992K(1024K)
[20.878s][info][gc,heap        ] GC(93) ParOldGen: 8448K(1398272K)->8496K(1398272K)
[20.878s][info][gc,metaspace   ] GC(93) Metaspace: 14306K(15360K)->14306K(15360K) NonClass: 12337K(12992K)->12337K(12992K) Class: 1969K(2368K)->1969K(2368K)
[20.878s][info][gc             ] GC(93) Pause Young (Allocation Failure) 148M->9M(1504M) 1.027ms
[20.878s][info][gc,cpu         ] GC(93) User=0.00s Sys=0.00s Real=0.00s
[20.970s][info][gc,start       ] GC(94) Pause Young (Allocation Failure)
[20.971s][info][gc,heap        ] GC(94) PSYoungGen: 142304K(142336K)->1024K(141312K) Eden: 141312K(141312K)->0K(140288K) From: 992K(1024K)->1024K(1024K)
[20.971s][info][gc,heap        ] GC(94) ParOldGen: 8496K(1398272K)->8552K(1398272K)
[20.971s][info][gc,metaspace   ] GC(94) Metaspace: 14306K(15360K)->14306K(15360K) NonClass: 12337K(12992K)->12337K(12992K) Class: 1969K(2368K)->1969K(2368K)
[20.971s][info][gc             ] GC(94) Pause Young (Allocation Failure) 147M->9M(1503M) 1.056ms
[20.971s][info][gc,cpu         ] GC(94) User=0.00s Sys=0.00s Real=0.00s
[21.062s][info][gc,start       ] GC(95) Pause Young (Allocation Failure)
[21.063s][info][gc,heap        ] GC(95) PSYoungGen: 141312K(141312K)->992K(140288K) Eden: 140288K(140288K)->0K(139264K) From: 1024K(1024K)->992K(1024K)
[21.063s][info][gc,heap        ] GC(95) ParOldGen: 8552K(1398272K)->8608K(1398272K)
[21.063s][info][gc,metaspace   ] GC(95) Metaspace: 14306K(15360K)->14306K(15360K) NonClass: 12337K(12992K)->12337K(12992K) Class: 1969K(2368K)->1969K(2368K)
[21.063s][info][gc             ] GC(95) Pause Young (Allocation Failure) 146M->9M(1502M) 1.049ms
[21.063s][info][gc,cpu         ] GC(95) User=0.00s Sys=0.00s Real=0.00s
[21.153s][info][gc,start       ] GC(96) Pause Young (Allocation Failure)
[21.154s][info][gc,heap        ] GC(96) PSYoungGen: 140255K(140288K)->1024K(139264K) Eden: 139263K(139264K)->0K(138240K) From: 992K(1024K)->1024K(1024K)
[21.154s][info][gc,heap        ] GC(96) ParOldGen: 8608K(1398272K)->8656K(1398272K)
[21.154s][info][gc,metaspace   ] GC(96) Metaspace: 14306K(15360K)->14306K(15360K) NonClass: 12337K(12992K)->12337K(12992K) Class: 1969K(2368K)->1969K(2368K)
[21.154s][info][gc             ] GC(96) Pause Young (Allocation Failure) 145M->9M(1501M) 1.095ms
[21.154s][info][gc,cpu         ] GC(96) User=0.00s Sys=0.00s Real=0.00s
[21.244s][info][gc,start       ] GC(97) Pause Young (Allocation Failure)
[21.245s][info][gc,heap        ] GC(97) PSYoungGen: 139264K(139264K)->1024K(138240K) Eden: 138240K(138240K)->0K(137216K) From: 1024K(1024K)->1024K(1024K)
[21.245s][info][gc,heap        ] GC(97) ParOldGen: 8656K(1398272K)->8704K(1398272K)
[21.245s][info][gc,metaspace   ] GC(97) Metaspace: 14306K(15360K)->14306K(15360K) NonClass: 12337K(12992K)->12337K(12992K) Class: 1969K(2368K)->1969K(2368K)
[21.245s][info][gc             ] GC(97) Pause Young (Allocation Failure) 144M->9M(1500M) 1.096ms
[21.245s][info][gc,cpu         ] GC(97) User=0.00s Sys=0.00s Real=0.00s
[21.334s][info][gc,start       ] GC(98) Pause Young (Allocation Failure)
[21.335s][info][gc,heap        ] GC(98) PSYoungGen: 138240K(138240K)->1024K(137216K) Eden: 137216K(137216K)->0K(136192K) From: 1024K(1024K)->1024K(1024K)
[21.335s][info][gc,heap        ] GC(98) ParOldGen: 8704K(1398272K)->8752K(1398272K)
[21.335s][info][gc,metaspace   ] GC(98) Metaspace: 14306K(15360K)->14306K(15360K) NonClass: 12337K(12992K)->12337K(12992K) Class: 1969K(2368K)->1969K(2368K)
[21.335s][info][gc             ] GC(98) Pause Young (Allocation Failure) 143M->9M(1499M) 1.099ms
[21.335s][info][gc,cpu         ] GC(98) User=0.00s Sys=0.00s Real=0.00s
[21.424s][info][gc,start       ] GC(99) Pause Young (Allocation Failure)
[21.425s][info][gc,heap        ] GC(99) PSYoungGen: 137215K(137216K)->992K(136192K) Eden: 136191K(136192K)->0K(135168K) From: 1024K(1024K)->992K(1024K)
[21.425s][info][gc,heap        ] GC(99) ParOldGen: 8752K(1398272K)->8792K(1398272K)
[21.425s][info][gc,metaspace   ] GC(99) Metaspace: 14306K(15360K)->14306K(15360K) NonClass: 12337K(12992K)->12337K(12992K) Class: 1969K(2368K)->1969K(2368K)
[21.425s][info][gc             ] GC(99) Pause Young (Allocation Failure) 142M->9M(1498M) 1.121ms
[21.425s][info][gc,cpu         ] GC(99) User=0.00s Sys=0.00s Real=0.00s
[21.512s][info][gc,start       ] GC(100) Pause Young (Allocation Failure)
[21.513s][info][gc,heap        ] GC(100) PSYoungGen: 136160K(136192K)->1024K(135168K) Eden: 135168K(135168K)->0K(134144K) From: 992K(1024K)->1024K(1024K)
[21.513s][info][gc,heap        ] GC(100) ParOldGen: 8792K(1398272K)->8848K(1398272K)
[21.513s][info][gc,metaspace   ] GC(100) Metaspace: 14306K(15360K)->14306K(15360K) NonClass: 12337K(12992K)->12337K(12992K) Class: 1969K(2368K)->1969K(2368K)
[21.513s][info][gc             ] GC(100) Pause Young (Allocation Failure) 141M->9M(1497M) 1.130ms
[21.513s][info][gc,cpu         ] GC(100) User=0.00s Sys=0.00s Real=0.00s
[21.601s][info][gc,start       ] GC(101) Pause Young (Allocation Failure)
[21.602s][info][gc,heap        ] GC(101) PSYoungGen: 135168K(135168K)->992K(134144K) Eden: 134144K(134144K)->0K(133120K) From: 1024K(1024K)->992K(1024K)
[21.602s][info][gc,heap        ] GC(101) ParOldGen: 8848K(1398272K)->8896K(1398272K)
[21.602s][info][gc,metaspace   ] GC(101) Metaspace: 14306K(15360K)->14306K(15360K) NonClass: 12337K(12992K)->12337K(12992K) Class: 1969K(2368K)->1969K(2368K)
[21.602s][info][gc             ] GC(101) Pause Young (Allocation Failure) 140M->9M(1496M) 1.134ms
[21.602s][info][gc,cpu         ] GC(101) User=0.00s Sys=0.00s Real=0.00s
[21.690s][info][gc,start       ] GC(102) Pause Young (Allocation Failure)
[21.693s][info][gc,heap        ] GC(102) PSYoungGen: 134112K(134144K)->1024K(133120K) Eden: 133120K(133120K)->0K(132096K) From: 992K(1024K)->1024K(1024K)
[21.694s][info][gc,heap        ] GC(102) ParOldGen: 8896K(1398272K)->8936K(1398272K)
[21.694s][info][gc,metaspace   ] GC(102) Metaspace: 14306K(15360K)->14306K(15360K) NonClass: 12337K(12992K)->12337K(12992K) Class: 1969K(2368K)->1969K(2368K)
[21.694s][info][gc             ] GC(102) Pause Young (Allocation Failure) 139M->9M(1495M) 3.753ms
[21.694s][info][gc,cpu         ] GC(102) User=0.00s Sys=0.00s Real=0.00s
[21.778s][info][gc,start       ] GC(103) Pause Young (Allocation Failure)
[21.779s][info][gc,heap        ] GC(103) PSYoungGen: 133120K(133120K)->1024K(159744K) Eden: 132096K(132096K)->0K(158720K) From: 1024K(1024K)->1024K(1024K)
[21.779s][info][gc,heap        ] GC(103) ParOldGen: 8936K(1398272K)->8992K(1398272K)
[21.779s][info][gc,metaspace   ] GC(103) Metaspace: 14306K(15360K)->14306K(15360K) NonClass: 12337K(12992K)->12337K(12992K) Class: 1969K(2368K)->1969K(2368K)
[21.780s][info][gc             ] GC(103) Pause Young (Allocation Failure) 138M->9M(1521M) 1.152ms
[21.780s][info][gc,cpu         ] GC(103) User=0.00s Sys=0.02s Real=0.00s
[21.883s][info][gc,start       ] GC(104) Pause Young (Allocation Failure)
[21.885s][info][gc,heap        ] GC(104) PSYoungGen: 159744K(159744K)->992K(191488K) Eden: 158720K(158720K)->0K(190464K) From: 1024K(1024K)->992K(1024K)
[21.885s][info][gc,heap        ] GC(104) ParOldGen: 8992K(1398272K)->9040K(1398272K)
[21.885s][info][gc,metaspace   ] GC(104) Metaspace: 14306K(15360K)->14306K(15360K) NonClass: 12337K(12992K)->12337K(12992K) Class: 1969K(2368K)->1969K(2368K)
[21.885s][info][gc             ] GC(104) Pause Young (Allocation Failure) 164M->9M(1552M) 1.264ms
[21.885s][info][gc,cpu         ] GC(104) User=0.00s Sys=0.00s Real=0.00s
[22.009s][info][gc,start       ] GC(105) Pause Young (Allocation Failure)
[22.011s][info][gc,heap        ] GC(105) PSYoungGen: 191456K(191488K)->928K(189440K) Eden: 190464K(190464K)->0K(188416K) From: 992K(1024K)->928K(1024K)
[22.011s][info][gc,heap        ] GC(105) ParOldGen: 9040K(1398272K)->9080K(1398272K)
[22.011s][info][gc,metaspace   ] GC(105) Metaspace: 14306K(15360K)->14306K(15360K) NonClass: 12337K(12992K)->12337K(12992K) Class: 1969K(2368K)->1969K(2368K)
[22.011s][info][gc             ] GC(105) Pause Young (Allocation Failure) 195M->9M(1550M) 1.283ms
[22.011s][info][gc,cpu         ] GC(105) User=0.00s Sys=0.00s Real=0.00s
[22.133s][info][gc,start       ] GC(106) Pause Young (Allocation Failure)
[22.134s][info][gc,heap        ] GC(106) PSYoungGen: 189344K(189440K)->1024K(187392K) Eden: 188416K(188416K)->0K(186368K) From: 928K(1024K)->1024K(1024K)
[22.134s][info][gc,heap        ] GC(106) ParOldGen: 9080K(1398272K)->9144K(1398272K)
[22.134s][info][gc,metaspace   ] GC(106) Metaspace: 14306K(15360K)->14306K(15360K) NonClass: 12337K(12992K)->12337K(12992K) Class: 1969K(2368K)->1969K(2368K)
[22.134s][info][gc             ] GC(106) Pause Young (Allocation Failure) 193M->9M(1548M) 1.340ms
[22.134s][info][gc,cpu         ] GC(106) User=0.00s Sys=0.00s Real=0.00s
[22.255s][info][gc,start       ] GC(107) Pause Young (Allocation Failure)
[22.256s][info][gc,heap        ] GC(107) PSYoungGen: 187392K(187392K)->1024K(185344K) Eden: 186368K(186368K)->0K(184320K) From: 1024K(1024K)->1024K(1024K)
[22.256s][info][gc,heap        ] GC(107) ParOldGen: 9144K(1398272K)->9208K(1398272K)
[22.256s][info][gc,metaspace   ] GC(107) Metaspace: 14306K(15360K)->14306K(15360K) NonClass: 12337K(12992K)->12337K(12992K) Class: 1969K(2368K)->1969K(2368K)
[22.256s][info][gc             ] GC(107) Pause Young (Allocation Failure) 191M->9M(1546M) 1.321ms
[22.256s][info][gc,cpu         ] GC(107) User=0.00s Sys=0.00s Real=0.00s
[22.375s][info][gc,start       ] GC(108) Pause Young (Allocation Failure)
[22.377s][info][gc,heap        ] GC(108) PSYoungGen: 185344K(185344K)->1024K(183296K) Eden: 184320K(184320K)->0K(182272K) From: 1024K(1024K)->1024K(1024K)
[22.377s][info][gc,heap        ] GC(108) ParOldGen: 9208K(1398272K)->9248K(1398272K)
[22.377s][info][gc,metaspace   ] GC(108) Metaspace: 14306K(15360K)->14306K(15360K) NonClass: 12337K(12992K)->12337K(12992K) Class: 1969K(2368K)->1969K(2368K)
[22.377s][info][gc             ] GC(108) Pause Young (Allocation Failure) 189M->10M(1544M) 1.362ms
[22.377s][info][gc,cpu         ] GC(108) User=0.00s Sys=0.00s Real=0.00s
[22.497s][info][gc,start       ] GC(109) Pause Young (Allocation Failure)
[22.498s][info][gc,heap        ] GC(109) PSYoungGen: 183296K(183296K)->1024K(181248K) Eden: 182272K(182272K)->0K(180224K) From: 1024K(1024K)->1024K(1024K)
[22.499s][info][gc,heap        ] GC(109) ParOldGen: 9248K(1398272K)->9344K(1398272K)
[22.499s][info][gc,metaspace   ] GC(109) Metaspace: 14306K(15360K)->14306K(15360K) NonClass: 12337K(12992K)->12337K(12992K) Class: 1969K(2368K)->1969K(2368K)
[22.499s][info][gc             ] GC(109) Pause Young (Allocation Failure) 188M->10M(1542M) 1.344ms
[22.499s][info][gc,cpu         ] GC(109) User=0.52s Sys=0.00s Real=0.00s
[22.616s][info][gc,start       ] GC(110) Pause Young (Allocation Failure)
[22.617s][info][gc,heap        ] GC(110) PSYoungGen: 181248K(181248K)->1024K(179200K) Eden: 180224K(180224K)->0K(178176K) From: 1024K(1024K)->1024K(1024K)
[22.617s][info][gc,heap        ] GC(110) ParOldGen: 9344K(1398272K)->9432K(1398272K)
[22.617s][info][gc,metaspace   ] GC(110) Metaspace: 14306K(15360K)->14306K(15360K) NonClass: 12337K(12992K)->12337K(12992K) Class: 1969K(2368K)->1969K(2368K)
[22.617s][info][gc             ] GC(110) Pause Young (Allocation Failure) 186M->10M(1540M) 1.375ms
[22.617s][info][gc,cpu         ] GC(110) User=0.00s Sys=0.00s Real=0.00s
[22.733s][info][gc,start       ] GC(111) Pause Young (Allocation Failure)
[22.734s][info][gc,heap        ] GC(111) PSYoungGen: 179200K(179200K)->1024K(177152K) Eden: 178176K(178176K)->0K(176128K) From: 1024K(1024K)->1024K(1024K)
[22.734s][info][gc,heap        ] GC(111) ParOldGen: 9432K(1398272K)->9504K(1398272K)
[22.734s][info][gc,metaspace   ] GC(111) Metaspace: 14306K(15360K)->14306K(15360K) NonClass: 12337K(12992K)->12337K(12992K) Class: 1969K(2368K)->1969K(2368K)
[22.734s][info][gc             ] GC(111) Pause Young (Allocation Failure) 184M->10M(1538M) 1.378ms
[22.734s][info][gc,cpu         ] GC(111) User=0.00s Sys=0.00s Real=0.00s
[22.849s][info][gc,start       ] GC(112) Pause Young (Allocation Failure)
[22.850s][info][gc,heap        ] GC(112) PSYoungGen: 177152K(177152K)->1024K(175104K) Eden: 176128K(176128K)->0K(174080K) From: 1024K(1024K)->1024K(1024K)
[22.850s][info][gc,heap        ] GC(112) ParOldGen: 9504K(1398272K)->9560K(1398272K)
[22.850s][info][gc,metaspace   ] GC(112) Metaspace: 14306K(15360K)->14306K(15360K) NonClass: 12337K(12992K)->12337K(12992K) Class: 1969K(2368K)->1969K(2368K)
[22.850s][info][gc             ] GC(112) Pause Young (Allocation Failure) 182M->10M(1536M) 1.413ms
[22.850s][info][gc,cpu         ] GC(112) User=0.00s Sys=0.00s Real=0.00s
[22.961s][info][gc,start       ] GC(113) Pause Young (Allocation Failure)
[22.962s][info][gc,heap        ] GC(113) PSYoungGen: 175104K(175104K)->1024K(173056K) Eden: 174080K(174080K)->0K(172032K) From: 1024K(1024K)->1024K(1024K)
[22.962s][info][gc,heap        ] GC(113) ParOldGen: 9560K(1398272K)->9600K(1398272K)
[22.962s][info][gc,metaspace   ] GC(113) Metaspace: 14306K(15360K)->14306K(15360K) NonClass: 12337K(12992K)->12337K(12992K) Class: 1969K(2368K)->1969K(2368K)
[22.962s][info][gc             ] GC(113) Pause Young (Allocation Failure) 180M->10M(1534M) 1.440ms
[22.962s][info][gc,cpu         ] GC(113) User=0.00s Sys=0.00s Real=0.00s
[23.075s][info][gc,start       ] GC(114) Pause Young (Allocation Failure)
[23.076s][info][gc,heap        ] GC(114) PSYoungGen: 173056K(173056K)->1024K(207872K) Eden: 172032K(172032K)->0K(206848K) From: 1024K(1024K)->1024K(1024K)
[23.076s][info][gc,heap        ] GC(114) ParOldGen: 9600K(1398272K)->9648K(1398272K)
[23.076s][info][gc,metaspace   ] GC(114) Metaspace: 14306K(15360K)->14306K(15360K) NonClass: 12337K(12992K)->12337K(12992K) Class: 1969K(2368K)->1969K(2368K)
[23.076s][info][gc             ] GC(114) Pause Young (Allocation Failure) 178M->10M(1568M) 1.442ms
[23.076s][info][gc,cpu         ] GC(114) User=0.52s Sys=0.00s Real=0.00s
[23.371s][info][gc,start       ] GC(115) Pause Young (Allocation Failure)
[23.372s][info][gc,heap        ] GC(115) PSYoungGen: 207872K(207872K)->992K(205312K) Eden: 206848K(206848K)->0K(204288K) From: 1024K(1024K)->992K(1024K)
[23.373s][info][gc,heap        ] GC(115) ParOldGen: 9648K(1398272K)->9696K(1398272K)
[23.373s][info][gc,metaspace   ] GC(115) Metaspace: 14306K(15360K)->14306K(15360K) NonClass: 12337K(12992K)->12337K(12992K) Class: 1969K(2368K)->1969K(2368K)
[23.373s][info][gc             ] GC(115) Pause Young (Allocation Failure) 212M->10M(1566M) 2.027ms
[23.373s][info][gc,cpu         ] GC(115) User=0.00s Sys=0.00s Real=0.00s
[23.520s][info][gc,start       ] GC(116) Pause Young (Allocation Failure)
[23.521s][info][gc,heap        ] GC(116) PSYoungGen: 205280K(205312K)->1024K(202752K) Eden: 204288K(204288K)->0K(201728K) From: 992K(1024K)->1024K(1024K)
[23.521s][info][gc,heap        ] GC(116) ParOldGen: 9696K(1398272K)->9768K(1398272K)
[23.521s][info][gc,metaspace   ] GC(116) Metaspace: 14306K(15360K)->14306K(15360K) NonClass: 12337K(12992K)->12337K(12992K) Class: 1969K(2368K)->1969K(2368K)
[23.521s][info][gc             ] GC(116) Pause Young (Allocation Failure) 209M->10M(1563M) 1.382ms
[23.521s][info][gc,cpu         ] GC(116) User=0.00s Sys=0.00s Real=0.00s
[23.660s][info][gc,start       ] GC(117) Pause Young (Allocation Failure)
[23.661s][info][gc,heap        ] GC(117) PSYoungGen: 202752K(202752K)->1024K(200192K) Eden: 201728K(201728K)->0K(199168K) From: 1024K(1024K)->1024K(1024K)
[23.661s][info][gc,heap        ] GC(117) ParOldGen: 9768K(1398272K)->9816K(1398272K)
[23.661s][info][gc,metaspace   ] GC(117) Metaspace: 14306K(15360K)->14306K(15360K) NonClass: 12337K(12992K)->12337K(12992K) Class: 1969K(2368K)->1969K(2368K)
[23.661s][info][gc             ] GC(117) Pause Young (Allocation Failure) 207M->10M(1561M) 1.368ms
[23.661s][info][gc,cpu         ] GC(117) User=0.00s Sys=0.00s Real=0.00s
[23.793s][info][gc,start       ] GC(118) Pause Young (Allocation Failure)
[23.794s][info][gc,heap        ] GC(118) PSYoungGen: 200192K(200192K)->1024K(197632K) Eden: 199168K(199168K)->0K(196608K) From: 1024K(1024K)->1024K(1024K)
[23.794s][info][gc,heap        ] GC(118) ParOldGen: 9816K(1398272K)->9880K(1398272K)
[23.794s][info][gc,metaspace   ] GC(118) Metaspace: 14306K(15360K)->14306K(15360K) NonClass: 12337K(12992K)->12337K(12992K) Class: 1969K(2368K)->1969K(2368K)
[23.794s][info][gc             ] GC(118) Pause Young (Allocation Failure) 205M->10M(1558M) 1.210ms
[23.795s][info][gc,cpu         ] GC(118) User=0.00s Sys=0.00s Real=0.00s
[23.924s][info][gc,start       ] GC(119) Pause Young (Allocation Failure)
[23.925s][info][gc,heap        ] GC(119) PSYoungGen: 197632K(197632K)->1024K(195072K) Eden: 196608K(196608K)->0K(194048K) From: 1024K(1024K)->1024K(1024K)
[23.925s][info][gc,heap        ] GC(119) ParOldGen: 9880K(1398272K)->9936K(1398272K)
[23.925s][info][gc,metaspace   ] GC(119) Metaspace: 14306K(15360K)->14306K(15360K) NonClass: 12337K(12992K)->12337K(12992K) Class: 1969K(2368K)->1969K(2368K)
[23.925s][info][gc             ] GC(119) Pause Young (Allocation Failure) 202M->10M(1556M) 1.183ms
[23.925s][info][gc,cpu         ] GC(119) User=0.00s Sys=0.00s Real=0.00s
[24.064s][info][gc,start       ] GC(120) Pause Young (Allocation Failure)
[24.065s][info][gc,heap        ] GC(120) PSYoungGen: 195072K(195072K)->1024K(192512K) Eden: 194048K(194048K)->0K(191488K) From: 1024K(1024K)->1024K(1024K)
[24.065s][info][gc,heap        ] GC(120) ParOldGen: 9936K(1398272K)->9992K(1398272K)
[24.065s][info][gc,metaspace   ] GC(120) Metaspace: 14306K(15360K)->14306K(15360K) NonClass: 12337K(12992K)->12337K(12992K) Class: 1969K(2368K)->1969K(2368K)
[24.065s][info][gc             ] GC(120) Pause Young (Allocation Failure) 200M->10M(1553M) 1.180ms
[24.065s][info][gc,cpu         ] GC(120) User=0.00s Sys=0.00s Real=0.00s
[24.198s][info][gc,start       ] GC(121) Pause Young (Allocation Failure)
[24.199s][info][gc,heap        ] GC(121) PSYoungGen: 192512K(192512K)->1024K(190464K) Eden: 191488K(191488K)->0K(189440K) From: 1024K(1024K)->1024K(1024K)
[24.199s][info][gc,heap        ] GC(121) ParOldGen: 9992K(1398272K)->10048K(1398272K)
[24.199s][info][gc,metaspace   ] GC(121) Metaspace: 14306K(15360K)->14306K(15360K) NonClass: 12337K(12992K)->12337K(12992K) Class: 1969K(2368K)->1969K(2368K)
[24.199s][info][gc             ] GC(121) Pause Young (Allocation Failure) 197M->10M(1551M) 1.154ms
[24.199s][info][gc,cpu         ] GC(121) User=0.00s Sys=0.00s Real=0.00s
[24.323s][info][gc,start       ] GC(122) Pause Young (Allocation Failure)
[24.324s][info][gc,heap        ] GC(122) PSYoungGen: 190464K(190464K)->1024K(188416K) Eden: 189440K(189440K)->0K(187392K) From: 1024K(1024K)->1024K(1024K)
[24.324s][info][gc,heap        ] GC(122) ParOldGen: 10048K(1398272K)->10112K(1398272K)
[24.324s][info][gc,metaspace   ] GC(122) Metaspace: 14306K(15360K)->14306K(15360K) NonClass: 12337K(12992K)->12337K(12992K) Class: 1969K(2368K)->1969K(2368K)
[24.324s][info][gc             ] GC(122) Pause Young (Allocation Failure) 195M->10M(1549M) 1.110ms
[24.324s][info][gc,cpu         ] GC(122) User=0.00s Sys=0.00s Real=0.00s
[24.447s][info][gc,start       ] GC(123) Pause Young (Allocation Failure)
[24.448s][info][gc,heap        ] GC(123) PSYoungGen: 188416K(188416K)->1024K(186368K) Eden: 187392K(187392K)->0K(185344K) From: 1024K(1024K)->1024K(1024K)
[24.448s][info][gc,heap        ] GC(123) ParOldGen: 10112K(1398272K)->10152K(1398272K)
[24.448s][info][gc,metaspace   ] GC(123) Metaspace: 14306K(15360K)->14306K(15360K) NonClass: 12337K(12992K)->12337K(12992K) Class: 1969K(2368K)->1969K(2368K)
[24.448s][info][gc             ] GC(123) Pause Young (Allocation Failure) 193M->10M(1547M) 1.179ms
[24.448s][info][gc,cpu         ] GC(123) User=0.00s Sys=0.00s Real=0.00s
[24.567s][info][gc,start       ] GC(124) Pause Young (Allocation Failure)
[24.568s][info][gc,heap        ] GC(124) PSYoungGen: 186368K(186368K)->992K(184320K) Eden: 185344K(185344K)->0K(183296K) From: 1024K(1024K)->992K(1024K)
[24.568s][info][gc,heap        ] GC(124) ParOldGen: 10152K(1398272K)->10200K(1398272K)
[24.568s][info][gc,metaspace   ] GC(124) Metaspace: 14306K(15360K)->14306K(15360K) NonClass: 12337K(12992K)->12337K(12992K) Class: 1969K(2368K)->1969K(2368K)
[24.568s][info][gc             ] GC(124) Pause Young (Allocation Failure) 191M->10M(1545M) 1.163ms
[24.568s][info][gc,cpu         ] GC(124) User=0.00s Sys=0.00s Real=0.00s
[24.686s][info][gc,start       ] GC(125) Pause Young (Allocation Failure)
[24.687s][info][gc,heap        ] GC(125) PSYoungGen: 184288K(184320K)->1024K(182272K) Eden: 183296K(183296K)->0K(181248K) From: 992K(1024K)->1024K(1024K)
[24.687s][info][gc,heap        ] GC(125) ParOldGen: 10200K(1398272K)->10240K(1398272K)
[24.687s][info][gc,metaspace   ] GC(125) Metaspace: 14306K(15360K)->14306K(15360K) NonClass: 12337K(12992K)->12337K(12992K) Class: 1969K(2368K)->1969K(2368K)
[24.687s][info][gc             ] GC(125) Pause Young (Allocation Failure) 189M->11M(1543M) 1.213ms
[24.687s][info][gc,cpu         ] GC(125) User=0.44s Sys=0.00s Real=0.00s
[24.805s][info][gc,start       ] GC(126) Pause Young (Allocation Failure)
[24.806s][info][gc,heap        ] GC(126) PSYoungGen: 182272K(182272K)->1024K(180224K) Eden: 181248K(181248K)->0K(179200K) From: 1024K(1024K)->1024K(1024K)
[24.806s][info][gc,heap        ] GC(126) ParOldGen: 10240K(1398272K)->10280K(1398272K)
[24.806s][info][gc,metaspace   ] GC(126) Metaspace: 14306K(15360K)->14306K(15360K) NonClass: 12337K(12992K)->12337K(12992K) Class: 1969K(2368K)->1969K(2368K)
[24.806s][info][gc             ] GC(126) Pause Young (Allocation Failure) 188M->11M(1541M) 1.236ms
[24.806s][info][gc,cpu         ] GC(126) User=0.00s Sys=0.00s Real=0.00s
[24.921s][info][gc,start       ] GC(127) Pause Young (Allocation Failure)
[24.922s][info][gc,heap        ] GC(127) PSYoungGen: 180224K(180224K)->1024K(178176K) Eden: 179200K(179200K)->0K(177152K) From: 1024K(1024K)->1024K(1024K)
[24.922s][info][gc,heap        ] GC(127) ParOldGen: 10280K(1398272K)->10336K(1398272K)
[24.922s][info][gc,metaspace   ] GC(127) Metaspace: 14306K(15360K)->14306K(15360K) NonClass: 12337K(12992K)->12337K(12992K) Class: 1969K(2368K)->1969K(2368K)
[24.922s][info][gc             ] GC(127) Pause Young (Allocation Failure) 186M->11M(1539M) 1.212ms
[24.922s][info][gc,cpu         ] GC(127) User=0.00s Sys=0.00s Real=0.00s
[25.036s][info][gc,start       ] GC(128) Pause Young (Allocation Failure)
[25.037s][info][gc,heap        ] GC(128) PSYoungGen: 178176K(178176K)->1024K(176128K) Eden: 177152K(177152K)->0K(175104K) From: 1024K(1024K)->1024K(1024K)
[25.037s][info][gc,heap        ] GC(128) ParOldGen: 10336K(1398272K)->10384K(1398272K)
[25.037s][info][gc,metaspace   ] GC(128) Metaspace: 14306K(15360K)->14306K(15360K) NonClass: 12337K(12992K)->12337K(12992K) Class: 1969K(2368K)->1969K(2368K)
[25.037s][info][gc             ] GC(128) Pause Young (Allocation Failure) 184M->11M(1537M) 1.238ms
[25.037s][info][gc,cpu         ] GC(128) User=0.00s Sys=0.00s Real=0.00s
[25.152s][info][gc,start       ] GC(129) Pause Young (Allocation Failure)
[25.153s][info][gc,heap        ] GC(129) PSYoungGen: 176128K(176128K)->1024K(174080K) Eden: 175104K(175104K)->0K(173056K) From: 1024K(1024K)->1024K(1024K)
[25.153s][info][gc,heap        ] GC(129) ParOldGen: 10384K(1398272K)->10432K(1398272K)
[25.153s][info][gc,metaspace   ] GC(129) Metaspace: 14306K(15360K)->14306K(15360K) NonClass: 12337K(12992K)->12337K(12992K) Class: 1969K(2368K)->1969K(2368K)
[25.153s][info][gc             ] GC(129) Pause Young (Allocation Failure) 182M->11M(1535M) 1.279ms
[25.153s][info][gc,cpu         ] GC(129) User=0.00s Sys=0.00s Real=0.00s
[25.266s][info][gc,start       ] GC(130) Pause Young (Allocation Failure)
[25.267s][info][gc,heap        ] GC(130) PSYoungGen: 174080K(174080K)->1024K(172032K) Eden: 173056K(173056K)->0K(171008K) From: 1024K(1024K)->1024K(1024K)
[25.267s][info][gc,heap        ] GC(130) ParOldGen: 10432K(1398272K)->10496K(1398272K)
[25.267s][info][gc,metaspace   ] GC(130) Metaspace: 14306K(15360K)->14306K(15360K) NonClass: 12337K(12992K)->12337K(12992K) Class: 1969K(2368K)->1969K(2368K)
[25.267s][info][gc             ] GC(130) Pause Young (Allocation Failure) 180M->11M(1533M) 1.270ms
[25.267s][info][gc,cpu         ] GC(130) User=0.00s Sys=0.00s Real=0.00s
[25.379s][info][gc,start       ] GC(131) Pause Young (Allocation Failure)
[25.380s][info][gc,heap        ] GC(131) PSYoungGen: 172032K(172032K)->1024K(169984K) Eden: 171008K(171008K)->0K(168960K) From: 1024K(1024K)->1024K(1024K)
[25.380s][info][gc,heap        ] GC(131) ParOldGen: 10496K(1398272K)->10544K(1398272K)
[25.380s][info][gc,metaspace   ] GC(131) Metaspace: 14306K(15360K)->14306K(15360K) NonClass: 12337K(12992K)->12337K(12992K) Class: 1969K(2368K)->1969K(2368K)
[25.380s][info][gc             ] GC(131) Pause Young (Allocation Failure) 178M->11M(1531M) 1.287ms
[25.380s][info][gc,cpu         ] GC(131) User=0.00s Sys=0.00s Real=0.00s
[25.490s][info][gc,start       ] GC(132) Pause Young (Allocation Failure)
[25.491s][info][gc,heap        ] GC(132) PSYoungGen: 169984K(169984K)->1024K(167936K) Eden: 168960K(168960K)->0K(166912K) From: 1024K(1024K)->1024K(1024K)
[25.491s][info][gc,heap        ] GC(132) ParOldGen: 10544K(1398272K)->10600K(1398272K)
[25.491s][info][gc,metaspace   ] GC(132) Metaspace: 14306K(15360K)->14306K(15360K) NonClass: 12337K(12992K)->12337K(12992K) Class: 1969K(2368K)->1969K(2368K)
[25.491s][info][gc             ] GC(132) Pause Young (Allocation Failure) 176M->11M(1529M) 1.307ms
[25.491s][info][gc,cpu         ] GC(132) User=0.00s Sys=0.00s Real=0.00s
[25.598s][info][gc,start       ] GC(133) Pause Young (Allocation Failure)
[25.599s][info][gc,heap        ] GC(133) PSYoungGen: 167936K(167936K)->1024K(166400K) Eden: 166912K(166912K)->0K(165376K) From: 1024K(1024K)->1024K(1024K)
[25.599s][info][gc,heap        ] GC(133) ParOldGen: 10600K(1398272K)->10648K(1398272K)
[25.600s][info][gc,metaspace   ] GC(133) Metaspace: 14306K(15360K)->14306K(15360K) NonClass: 12337K(12992K)->12337K(12992K) Class: 1969K(2368K)->1969K(2368K)
[25.600s][info][gc             ] GC(133) Pause Young (Allocation Failure) 174M->11M(1528M) 1.339ms
[25.600s][info][gc,cpu         ] GC(133) User=0.00s Sys=0.00s Real=0.00s
[25.706s][info][gc,start       ] GC(134) Pause Young (Allocation Failure)
[25.707s][info][gc,heap        ] GC(134) PSYoungGen: 166400K(166400K)->1024K(164864K) Eden: 165376K(165376K)->0K(163840K) From: 1024K(1024K)->1024K(1024K)
[25.707s][info][gc,heap        ] GC(134) ParOldGen: 10648K(1398272K)->10680K(1398272K)
[25.707s][info][gc,metaspace   ] GC(134) Metaspace: 14306K(15360K)->14306K(15360K) NonClass: 12337K(12992K)->12337K(12992K) Class: 1969K(2368K)->1969K(2368K)
[25.707s][info][gc             ] GC(134) Pause Young (Allocation Failure) 172M->11M(1526M) 1.337ms
[25.707s][info][gc,cpu         ] GC(134) User=0.00s Sys=0.00s Real=0.00s
[25.813s][info][gc,start       ] GC(135) Pause Young (Allocation Failure)
[25.815s][info][gc,heap        ] GC(135) PSYoungGen: 164864K(164864K)->1024K(163328K) Eden: 163840K(163840K)->0K(162304K) From: 1024K(1024K)->1024K(1024K)
[25.815s][info][gc,heap        ] GC(135) ParOldGen: 10680K(1398272K)->10736K(1398272K)
[25.815s][info][gc,metaspace   ] GC(135) Metaspace: 14306K(15360K)->14306K(15360K) NonClass: 12337K(12992K)->12337K(12992K) Class: 1969K(2368K)->1969K(2368K)
[25.815s][info][gc             ] GC(135) Pause Young (Allocation Failure) 171M->11M(1525M) 1.322ms
[25.815s][info][gc,cpu         ] GC(135) User=0.00s Sys=0.00s Real=0.00s
[25.922s][info][gc,start       ] GC(136) Pause Young (Allocation Failure)
[25.923s][info][gc,heap        ] GC(136) PSYoungGen: 163328K(163328K)->1024K(161792K) Eden: 162304K(162304K)->0K(160768K) From: 1024K(1024K)->1024K(1024K)
[25.923s][info][gc,heap        ] GC(136) ParOldGen: 10736K(1398272K)->10784K(1398272K)
[25.923s][info][gc,metaspace   ] GC(136) Metaspace: 14306K(15360K)->14306K(15360K) NonClass: 12337K(12992K)->12337K(12992K) Class: 1969K(2368K)->1969K(2368K)
[25.923s][info][gc             ] GC(136) Pause Young (Allocation Failure) 169M->11M(1523M) 1.331ms
[25.923s][info][gc,cpu         ] GC(136) User=0.00s Sys=0.00s Real=0.00s
[26.029s][info][gc,start       ] GC(137) Pause Young (Allocation Failure)
[26.030s][info][gc,heap        ] GC(137) PSYoungGen: 161792K(161792K)->1024K(194048K) Eden: 160768K(160768K)->0K(193024K) From: 1024K(1024K)->1024K(1024K)
[26.030s][info][gc,heap        ] GC(137) ParOldGen: 10784K(1398272K)->10824K(1398272K)
[26.030s][info][gc,metaspace   ] GC(137) Metaspace: 14306K(15360K)->14306K(15360K) NonClass: 12337K(12992K)->12337K(12992K) Class: 1969K(2368K)->1969K(2368K)
[26.030s][info][gc             ] GC(137) Pause Young (Allocation Failure) 168M->11M(1555M) 1.355ms
[26.030s][info][gc,cpu         ] GC(137) User=0.52s Sys=0.00s Real=0.00s
[26.155s][info][gc,start       ] GC(138) Pause Young (Allocation Failure)
[26.156s][info][gc,heap        ] GC(138) PSYoungGen: 194048K(194048K)->1024K(191488K) Eden: 193024K(193024K)->0K(190464K) From: 1024K(1024K)->1024K(1024K)
[26.156s][info][gc,heap        ] GC(138) ParOldGen: 10824K(1398272K)->10880K(1398272K)
[26.156s][info][gc,metaspace   ] GC(138) Metaspace: 14306K(15360K)->14306K(15360K) NonClass: 12337K(12992K)->12337K(12992K) Class: 1969K(2368K)->1969K(2368K)
[26.156s][info][gc             ] GC(138) Pause Young (Allocation Failure) 200M->11M(1552M) 1.412ms
[26.156s][info][gc,cpu         ] GC(138) User=0.02s Sys=0.00s Real=0.00s
[26.281s][info][gc,start       ] GC(139) Pause Young (Allocation Failure)
[26.282s][info][gc,heap        ] GC(139) PSYoungGen: 191488K(191488K)->1024K(189440K) Eden: 190464K(190464K)->0K(188416K) From: 1024K(1024K)->1024K(1024K)
[26.282s][info][gc,heap        ] GC(139) ParOldGen: 10880K(1398272K)->10944K(1398272K)
[26.282s][info][gc,metaspace   ] GC(139) Metaspace: 14306K(15360K)->14306K(15360K) NonClass: 12337K(12992K)->12337K(12992K) Class: 1969K(2368K)->1969K(2368K)
[26.282s][info][gc             ] GC(139) Pause Young (Allocation Failure) 197M->11M(1550M) 1.441ms
[26.282s][info][gc,cpu         ] GC(139) User=0.00s Sys=0.00s Real=0.00s
[26.406s][info][gc,start       ] GC(140) Pause Young (Allocation Failure)
[26.407s][info][gc,heap        ] GC(140) PSYoungGen: 189440K(189440K)->1024K(187392K) Eden: 188416K(188416K)->0K(186368K) From: 1024K(1024K)->1024K(1024K)
[26.407s][info][gc,heap        ] GC(140) ParOldGen: 10944K(1398272K)->10992K(1398272K)
[26.407s][info][gc,metaspace   ] GC(140) Metaspace: 14306K(15360K)->14306K(15360K) NonClass: 12337K(12992K)->12337K(12992K) Class: 1969K(2368K)->1969K(2368K)
[26.407s][info][gc             ] GC(140) Pause Young (Allocation Failure) 195M->11M(1548M) 1.455ms
[26.407s][info][gc,cpu         ] GC(140) User=0.00s Sys=0.00s Real=0.00s
[26.530s][info][gc,start       ] GC(141) Pause Young (Allocation Failure)
[26.531s][info][gc,heap        ] GC(141) PSYoungGen: 187392K(187392K)->992K(224768K) Eden: 186368K(186368K)->0K(223744K) From: 1024K(1024K)->992K(1024K)
[26.531s][info][gc,heap        ] GC(141) ParOldGen: 10992K(1398272K)->11056K(1398272K)
[26.531s][info][gc,metaspace   ] GC(141) Metaspace: 14306K(15360K)->14306K(15360K) NonClass: 12337K(12992K)->12337K(12992K) Class: 1969K(2368K)->1969K(2368K)
[26.531s][info][gc             ] GC(141) Pause Young (Allocation Failure) 193M->11M(1585M) 1.539ms
[26.531s][info][gc,cpu         ] GC(141) User=0.02s Sys=0.00s Real=0.00s
[26.678s][info][gc,start       ] GC(142) Pause Young (Allocation Failure)
[26.679s][info][gc,heap        ] GC(142) PSYoungGen: 224736K(224768K)->1024K(221696K) Eden: 223744K(223744K)->0K(220672K) From: 992K(1024K)->1024K(1024K)
[26.679s][info][gc,heap        ] GC(142) ParOldGen: 11056K(1398272K)->11112K(1398272K)
[26.679s][info][gc,metaspace   ] GC(142) Metaspace: 14306K(15360K)->14306K(15360K) NonClass: 12337K(12992K)->12337K(12992K) Class: 1969K(2368K)->1969K(2368K)
[26.679s][info][gc             ] GC(142) Pause Young (Allocation Failure) 230M->11M(1582M) 1.546ms
[26.679s][info][gc,cpu         ] GC(142) User=0.00s Sys=0.00s Real=0.00s
[26.824s][info][gc,start       ] GC(143) Pause Young (Allocation Failure)
[26.825s][info][gc,heap        ] GC(143) PSYoungGen: 221696K(221696K)->992K(218624K) Eden: 220672K(220672K)->0K(217600K) From: 1024K(1024K)->992K(1024K)
[26.825s][info][gc,heap        ] GC(143) ParOldGen: 11112K(1398272K)->11168K(1398272K)
[26.825s][info][gc,metaspace   ] GC(143) Metaspace: 14306K(15360K)->14306K(15360K) NonClass: 12337K(12992K)->12337K(12992K) Class: 1969K(2368K)->1969K(2368K)
[26.825s][info][gc             ] GC(143) Pause Young (Allocation Failure) 227M->11M(1579M) 1.559ms
[26.825s][info][gc,cpu         ] GC(143) User=0.00s Sys=0.00s Real=0.00s
[26.967s][info][gc,start       ] GC(144) Pause Young (Allocation Failure)
[26.969s][info][gc,heap        ] GC(144) PSYoungGen: 218592K(218624K)->1024K(215552K) Eden: 217600K(217600K)->0K(214528K) From: 992K(1024K)->1024K(1024K)
[26.969s][info][gc,heap        ] GC(144) ParOldGen: 11168K(1398272K)->11224K(1398272K)
[26.969s][info][gc,metaspace   ] GC(144) Metaspace: 14306K(15360K)->14306K(15360K) NonClass: 12337K(12992K)->12337K(12992K) Class: 1969K(2368K)->1969K(2368K)
[26.969s][info][gc             ] GC(144) Pause Young (Allocation Failure) 224M->11M(1576M) 1.592ms
[26.969s][info][gc,cpu         ] GC(144) User=0.00s Sys=0.00s Real=0.00s
[27.263s][info][gc,start       ] GC(145) Pause Young (Allocation Failure)
[27.265s][info][gc,heap        ] GC(145) PSYoungGen: 215552K(215552K)->1024K(212480K) Eden: 214528K(214528K)->0K(211456K) From: 1024K(1024K)->1024K(1024K)
[27.265s][info][gc,heap        ] GC(145) ParOldGen: 11224K(1398272K)->11280K(1398272K)
[27.265s][info][gc,metaspace   ] GC(145) Metaspace: 14306K(15360K)->14306K(15360K) NonClass: 12337K(12992K)->12337K(12992K) Class: 1969K(2368K)->1969K(2368K)
[27.265s][info][gc             ] GC(145) Pause Young (Allocation Failure) 221M->12M(1573M) 2.136ms
[27.265s][info][gc,cpu         ] GC(145) User=0.00s Sys=0.00s Real=0.00s
[27.413s][info][gc,start       ] GC(146) Pause Young (Allocation Failure)
[27.415s][info][gc,heap        ] GC(146) PSYoungGen: 212480K(212480K)->992K(209920K) Eden: 211456K(211456K)->0K(208896K) From: 1024K(1024K)->992K(1024K)
[27.415s][info][gc,heap        ] GC(146) ParOldGen: 11280K(1398272K)->11352K(1398272K)
[27.415s][info][gc,metaspace   ] GC(146) Metaspace: 14306K(15360K)->14306K(15360K) NonClass: 12337K(12992K)->12337K(12992K) Class: 1969K(2368K)->1969K(2368K)
[27.415s][info][gc             ] GC(146) Pause Young (Allocation Failure) 218M->12M(1570M) 1.510ms
[27.415s][info][gc,cpu         ] GC(146) User=0.00s Sys=0.00s Real=0.00s
[27.558s][info][gc,start       ] GC(147) Pause Young (Allocation Failure)
[27.559s][info][gc,heap        ] GC(147) PSYoungGen: 209888K(209920K)->1024K(207360K) Eden: 208896K(208896K)->0K(206336K) From: 992K(1024K)->1024K(1024K)
[27.559s][info][gc,heap        ] GC(147) ParOldGen: 11352K(1398272K)->11400K(1398272K)
[27.559s][info][gc,metaspace   ] GC(147) Metaspace: 14306K(15360K)->14306K(15360K) NonClass: 12337K(12992K)->12337K(12992K) Class: 1969K(2368K)->1969K(2368K)
[27.559s][info][gc             ] GC(147) Pause Young (Allocation Failure) 216M->12M(1568M) 1.407ms
[27.559s][info][gc,cpu         ] GC(147) User=0.00s Sys=0.00s Real=0.00s
[27.714s][info][gc,start       ] GC(148) Pause Young (Allocation Failure)
[27.715s][info][gc,heap        ] GC(148) PSYoungGen: 207360K(207360K)->992K(204800K) Eden: 206336K(206336K)->0K(203776K) From: 1024K(1024K)->992K(1024K)
[27.715s][info][gc,heap        ] GC(148) ParOldGen: 11400K(1398272K)->11456K(1398272K)
[27.715s][info][gc,metaspace   ] GC(148) Metaspace: 14306K(15360K)->14306K(15360K) NonClass: 12337K(12992K)->12337K(12992K) Class: 1969K(2368K)->1969K(2368K)
[27.715s][info][gc             ] GC(148) Pause Young (Allocation Failure) 213M->12M(1565M) 1.382ms
[27.715s][info][gc,cpu         ] GC(148) User=0.00s Sys=0.00s Real=0.00s
[27.862s][info][gc,start       ] GC(149) Pause Young (Allocation Failure)
[27.864s][info][gc,heap        ] GC(149) PSYoungGen: 204768K(204800K)->992K(202240K) Eden: 203776K(203776K)->0K(201216K) From: 992K(1024K)->992K(1024K)
[27.864s][info][gc,heap        ] GC(149) ParOldGen: 11456K(1398272K)->11532K(1398272K)
[27.864s][info][gc,metaspace   ] GC(149) Metaspace: 14306K(15360K)->14306K(15360K) NonClass: 12337K(12992K)->12337K(12992K) Class: 1969K(2368K)->1969K(2368K)
[27.864s][info][gc             ] GC(149) Pause Young (Allocation Failure) 211M->12M(1563M) 1.241ms
[27.864s][info][gc,cpu         ] GC(149) User=0.00s Sys=0.00s Real=0.00s
[27.996s][info][gc,start       ] GC(150) Pause Young (Allocation Failure)
[27.997s][info][gc,heap        ] GC(150) PSYoungGen: 202208K(202240K)->1024K(199680K) Eden: 201216K(201216K)->0K(198656K) From: 992K(1024K)->1024K(1024K)
[27.997s][info][gc,heap        ] GC(150) ParOldGen: 11532K(1398272K)->11588K(1398272K)
[27.997s][info][gc,metaspace   ] GC(150) Metaspace: 14306K(15360K)->14306K(15360K) NonClass: 12337K(12992K)->12337K(12992K) Class: 1969K(2368K)->1969K(2368K)
[27.997s][info][gc             ] GC(150) Pause Young (Allocation Failure) 208M->12M(1560M) 1.264ms
[27.997s][info][gc,cpu         ] GC(150) User=0.00s Sys=0.00s Real=0.00s
[28.126s][info][gc,start       ] GC(151) Pause Young (Allocation Failure)
[28.127s][info][gc,heap        ] GC(151) PSYoungGen: 199680K(199680K)->1024K(197120K) Eden: 198656K(198656K)->0K(196096K) From: 1024K(1024K)->1024K(1024K)
[28.127s][info][gc,heap        ] GC(151) ParOldGen: 11588K(1398272K)->11652K(1398272K)
[28.127s][info][gc,metaspace   ] GC(151) Metaspace: 14306K(15360K)->14306K(15360K) NonClass: 12337K(12992K)->12337K(12992K) Class: 1969K(2368K)->1969K(2368K)
[28.127s][info][gc             ] GC(151) Pause Young (Allocation Failure) 206M->12M(1558M) 1.305ms
[28.127s][info][gc,cpu         ] GC(151) User=0.00s Sys=0.00s Real=0.00s
[28.253s][info][gc,start       ] GC(152) Pause Young (Allocation Failure)
[28.255s][info][gc,heap        ] GC(152) PSYoungGen: 197120K(197120K)->992K(194560K) Eden: 196096K(196096K)->0K(193536K) From: 1024K(1024K)->992K(1024K)
[28.255s][info][gc,heap        ] GC(152) ParOldGen: 11652K(1398272K)->11708K(1398272K)
[28.255s][info][gc,metaspace   ] GC(152) Metaspace: 14306K(15360K)->14306K(15360K) NonClass: 12337K(12992K)->12337K(12992K) Class: 1969K(2368K)->1969K(2368K)
[28.255s][info][gc             ] GC(152) Pause Young (Allocation Failure) 203M->12M(1555M) 1.253ms
[28.255s][info][gc,cpu         ] GC(152) User=0.00s Sys=0.00s Real=0.00s
[28.379s][info][gc,start       ] GC(153) Pause Young (Allocation Failure)
[28.380s][info][gc,heap        ] GC(153) PSYoungGen: 194528K(194560K)->1024K(192000K) Eden: 193536K(193536K)->0K(190976K) From: 992K(1024K)->1024K(1024K)
[28.380s][info][gc,heap        ] GC(153) ParOldGen: 11708K(1398272K)->11772K(1398272K)
[28.380s][info][gc,metaspace   ] GC(153) Metaspace: 14306K(15360K)->14306K(15360K) NonClass: 12337K(12992K)->12337K(12992K) Class: 1969K(2368K)->1969K(2368K)
[28.380s][info][gc             ] GC(153) Pause Young (Allocation Failure) 201M->12M(1553M) 1.269ms
[28.380s][info][gc,cpu         ] GC(153) User=0.00s Sys=0.00s Real=0.00s
[28.505s][info][gc,start       ] GC(154) Pause Young (Allocation Failure)
[28.506s][info][gc,heap        ] GC(154) PSYoungGen: 192000K(192000K)->1024K(189952K) Eden: 190976K(190976K)->0K(188928K) From: 1024K(1024K)->1024K(1024K)
[28.506s][info][gc,heap        ] GC(154) ParOldGen: 11772K(1398272K)->11828K(1398272K)
[28.506s][info][gc,metaspace   ] GC(154) Metaspace: 14306K(15360K)->14306K(15360K) NonClass: 12337K(12992K)->12337K(12992K) Class: 1969K(2368K)->1969K(2368K)
[28.506s][info][gc             ] GC(154) Pause Young (Allocation Failure) 198M->12M(1551M) 1.272ms
[28.506s][info][gc,cpu         ] GC(154) User=0.00s Sys=0.00s Real=0.00s
[28.630s][info][gc,start       ] GC(155) Pause Young (Allocation Failure)
[28.631s][info][gc,heap        ] GC(155) PSYoungGen: 189952K(189952K)->1024K(187904K) Eden: 188928K(188928K)->0K(186880K) From: 1024K(1024K)->1024K(1024K)
[28.632s][info][gc,heap        ] GC(155) ParOldGen: 11828K(1398272K)->11876K(1398272K)
[28.632s][info][gc,metaspace   ] GC(155) Metaspace: 14306K(15360K)->14306K(15360K) NonClass: 12337K(12992K)->12337K(12992K) Class: 1969K(2368K)->1969K(2368K)
[28.632s][info][gc             ] GC(155) Pause Young (Allocation Failure) 197M->12M(1549M) 1.367ms
[28.632s][info][gc,cpu         ] GC(155) User=0.00s Sys=0.00s Real=0.00s
[28.751s][info][gc,start       ] GC(156) Pause Young (Allocation Failure)
[28.753s][info][gc,heap        ] GC(156) PSYoungGen: 187904K(187904K)->960K(185856K) Eden: 186880K(186880K)->0K(184832K) From: 1024K(1024K)->960K(1024K)
[28.753s][info][gc,heap        ] GC(156) ParOldGen: 11876K(1398272K)->11940K(1398272K)
[28.753s][info][gc,metaspace   ] GC(156) Metaspace: 14306K(15360K)->14306K(15360K) NonClass: 12337K(12992K)->12337K(12992K) Class: 1969K(2368K)->1969K(2368K)
[28.753s][info][gc             ] GC(156) Pause Young (Allocation Failure) 195M->12M(1547M) 1.329ms
[28.753s][info][gc,cpu         ] GC(156) User=0.00s Sys=0.00s Real=0.00s
[28.872s][info][gc,start       ] GC(157) Pause Young (Allocation Failure)
[28.873s][info][gc,heap        ] GC(157) PSYoungGen: 185792K(185856K)->1024K(183808K) Eden: 184832K(184832K)->0K(182784K) From: 960K(1024K)->1024K(1024K)
[28.873s][info][gc,heap        ] GC(157) ParOldGen: 11940K(1398272K)->12004K(1398272K)
[28.873s][info][gc,metaspace   ] GC(157) Metaspace: 14306K(15360K)->14306K(15360K) NonClass: 12337K(12992K)->12337K(12992K) Class: 1969K(2368K)->1969K(2368K)
[28.873s][info][gc             ] GC(157) Pause Young (Allocation Failure) 193M->12M(1545M) 1.359ms
[28.873s][info][gc,cpu         ] GC(157) User=0.00s Sys=0.00s Real=0.00s
[28.992s][info][gc,start       ] GC(158) Pause Young (Allocation Failure)
[28.993s][info][gc,heap        ] GC(158) PSYoungGen: 183808K(183808K)->1024K(181760K) Eden: 182784K(182784K)->0K(180736K) From: 1024K(1024K)->1024K(1024K)
[28.993s][info][gc,heap        ] GC(158) ParOldGen: 12004K(1398272K)->12052K(1398272K)
[28.993s][info][gc,metaspace   ] GC(158) Metaspace: 14306K(15360K)->14306K(15360K) NonClass: 12337K(12992K)->12337K(12992K) Class: 1969K(2368K)->1969K(2368K)
[28.993s][info][gc             ] GC(158) Pause Young (Allocation Failure) 191M->12M(1543M) 1.386ms
[28.993s][info][gc,cpu         ] GC(158) User=0.00s Sys=0.00s Real=0.00s
[29.110s][info][gc,start       ] GC(159) Pause Young (Allocation Failure)
[29.111s][info][gc,heap        ] GC(159) PSYoungGen: 181760K(181760K)->1024K(179712K) Eden: 180736K(180736K)->0K(178688K) From: 1024K(1024K)->1024K(1024K)
[29.111s][info][gc,heap        ] GC(159) ParOldGen: 12052K(1398272K)->12108K(1398272K)
[29.111s][info][gc,metaspace   ] GC(159) Metaspace: 14306K(15360K)->14306K(15360K) NonClass: 12337K(12992K)->12337K(12992K) Class: 1969K(2368K)->1969K(2368K)
[29.111s][info][gc             ] GC(159) Pause Young (Allocation Failure) 189M->12M(1541M) 1.366ms
[29.111s][info][gc,cpu         ] GC(159) User=0.00s Sys=0.00s Real=0.00s
[29.224s][info][gc,start       ] GC(160) Pause Young (Allocation Failure)
[29.225s][info][gc,heap        ] GC(160) PSYoungGen: 179712K(179712K)->1024K(177664K) Eden: 178688K(178688K)->0K(176640K) From: 1024K(1024K)->1024K(1024K)
[29.225s][info][gc,heap        ] GC(160) ParOldGen: 12108K(1398272K)->12148K(1398272K)
[29.225s][info][gc,metaspace   ] GC(160) Metaspace: 14306K(15360K)->14306K(15360K) NonClass: 12337K(12992K)->12337K(12992K) Class: 1969K(2368K)->1969K(2368K)
[29.225s][info][gc             ] GC(160) Pause Young (Allocation Failure) 187M->12M(1539M) 1.370ms
[29.225s][info][gc,cpu         ] GC(160) User=0.00s Sys=0.00s Real=0.00s
[29.337s][info][gc,start       ] GC(161) Pause Young (Allocation Failure)
[29.339s][info][gc,heap        ] GC(161) PSYoungGen: 177664K(177664K)->1024K(175616K) Eden: 176640K(176640K)->0K(174592K) From: 1024K(1024K)->1024K(1024K)
[29.339s][info][gc,heap        ] GC(161) ParOldGen: 12148K(1398272K)->12220K(1398272K)
[29.339s][info][gc,metaspace   ] GC(161) Metaspace: 14306K(15360K)->14306K(15360K) NonClass: 12337K(12992K)->12337K(12992K) Class: 1969K(2368K)->1969K(2368K)
[29.339s][info][gc             ] GC(161) Pause Young (Allocation Failure) 185M->12M(1537M) 1.444ms
[29.339s][info][gc,cpu         ] GC(161) User=0.00s Sys=0.00s Real=0.00s
[29.448s][info][gc,start       ] GC(162) Pause Young (Allocation Failure)
[29.450s][info][gc,heap        ] GC(162) PSYoungGen: 175616K(175616K)->1024K(173568K) Eden: 174592K(174592K)->0K(172544K) From: 1024K(1024K)->1024K(1024K)
[29.450s][info][gc,heap        ] GC(162) ParOldGen: 12220K(1398272K)->12268K(1398272K)
[29.450s][info][gc,metaspace   ] GC(162) Metaspace: 14306K(15360K)->14306K(15360K) NonClass: 12337K(12992K)->12337K(12992K) Class: 1969K(2368K)->1969K(2368K)
[29.450s][info][gc             ] GC(162) Pause Young (Allocation Failure) 183M->12M(1535M) 1.418ms
[29.450s][info][gc,cpu         ] GC(162) User=0.00s Sys=0.00s Real=0.00s
[29.557s][info][gc,start       ] GC(163) Pause Young (Allocation Failure)
[29.559s][info][gc,heap        ] GC(163) PSYoungGen: 173568K(173568K)->1024K(208384K) Eden: 172544K(172544K)->0K(207360K) From: 1024K(1024K)->1024K(1024K)
[29.559s][info][gc,heap        ] GC(163) ParOldGen: 12268K(1398272K)->12316K(1398272K)
[29.559s][info][gc,metaspace   ] GC(163) Metaspace: 14306K(15360K)->14306K(15360K) NonClass: 12337K(12992K)->12337K(12992K) Class: 1969K(2368K)->1969K(2368K)
[29.559s][info][gc             ] GC(163) Pause Young (Allocation Failure) 181M->13M(1569M) 1.453ms
[29.559s][info][gc,cpu         ] GC(163) User=0.00s Sys=0.00s Real=0.00s
[29.687s][info][gc,start       ] GC(164) Pause Young (Allocation Failure)
[29.689s][info][gc,heap        ] GC(164) PSYoungGen: 208384K(208384K)->992K(249856K) Eden: 207360K(207360K)->0K(248832K) From: 1024K(1024K)->992K(1024K)
[29.689s][info][gc,heap        ] GC(164) ParOldGen: 12316K(1398272K)->12356K(1398272K)
[29.689s][info][gc,metaspace   ] GC(164) Metaspace: 14306K(15360K)->14306K(15360K) NonClass: 12337K(12992K)->12337K(12992K) Class: 1969K(2368K)->1969K(2368K)
[29.689s][info][gc             ] GC(164) Pause Young (Allocation Failure) 215M->13M(1609M) 1.532ms
[29.689s][info][gc,cpu         ] GC(164) User=0.00s Sys=0.00s Real=0.00s
[29.838s][info][gc,start       ] GC(165) Pause Young (Allocation Failure)
[29.840s][info][gc,heap        ] GC(165) PSYoungGen: 249824K(249856K)->1024K(246272K) Eden: 248832K(248832K)->0K(245248K) From: 992K(1024K)->1024K(1024K)
[29.840s][info][gc,heap        ] GC(165) ParOldGen: 12356K(1398272K)->12412K(1398272K)
[29.840s][info][gc,metaspace   ] GC(165) Metaspace: 14306K(15360K)->14306K(15360K) NonClass: 12337K(12992K)->12337K(12992K) Class: 1969K(2368K)->1969K(2368K)
[29.840s][info][gc             ] GC(165) Pause Young (Allocation Failure) 256M->13M(1606M) 1.577ms
[29.840s][info][gc,cpu         ] GC(165) User=0.00s Sys=0.00s Real=0.00s
[29.980s][info][gc,start       ] GC(166) Pause Young (Allocation Failure)
[29.981s][info][gc,heap        ] GC(166) PSYoungGen: 246272K(246272K)->832K(242688K) Eden: 245248K(245248K)->0K(241664K) From: 1024K(1024K)->832K(1024K)
[29.981s][info][gc,heap        ] GC(166) ParOldGen: 12412K(1398272K)->12460K(1398272K)
[29.981s][info][gc,metaspace   ] GC(166) Metaspace: 14306K(15360K)->14306K(15360K) NonClass: 12337K(12992K)->12337K(12992K) Class: 1969K(2368K)->1969K(2368K)
[29.981s][info][gc             ] GC(166) Pause Young (Allocation Failure) 252M->12M(1602M) 1.611ms
[29.981s][info][gc,cpu         ] GC(166) User=0.00s Sys=0.00s Real=0.00s
[30.080s][info][gc,start       ] GC(167) Pause Young (Allocation Failure)
[30.081s][info][gc,heap        ] GC(167) PSYoungGen: 242496K(242688K)->768K(291328K) Eden: 241664K(241664K)->0K(290304K) From: 832K(1024K)->768K(1024K)
[30.081s][info][gc,heap        ] GC(167) ParOldGen: 12460K(1398272K)->12508K(1398272K)
[30.081s][info][gc,metaspace   ] GC(167) Metaspace: 14306K(15360K)->14306K(15360K) NonClass: 12337K(12992K)->12337K(12992K) Class: 1969K(2368K)->1969K(2368K)
[30.081s][info][gc             ] GC(167) Pause Young (Allocation Failure) 248M->12M(1650M) 1.452ms
[30.081s][info][gc,cpu         ] GC(167) User=0.00s Sys=0.00s Real=0.00s
[30.217s][info][gc,start       ] GC(168) Pause Young (Allocation Failure)
[30.219s][info][gc,heap        ] GC(168) PSYoungGen: 291072K(291328K)->576K(349696K) Eden: 290304K(290304K)->0K(348672K) From: 768K(1024K)->576K(1024K)
[30.219s][info][gc,heap        ] GC(168) ParOldGen: 12508K(1398272K)->12564K(1398272K)
[30.219s][info][gc,metaspace   ] GC(168) Metaspace: 14306K(15360K)->14306K(15360K) NonClass: 12337K(12992K)->12337K(12992K) Class: 1969K(2368K)->1969K(2368K)
[30.219s][info][gc             ] GC(168) Pause Young (Allocation Failure) 296M->12M(1707M) 1.551ms
[30.219s][info][gc,cpu         ] GC(168) User=0.00s Sys=0.00s Real=0.00s
[30.264s][info][gc,start       ] GC(169) Pause Young (System.gc())
[30.266s][info][gc,heap        ] GC(169) PSYoungGen: 31601K(349696K)->160K(349184K) Eden: 31025K(348672K)->0K(348672K) From: 576K(1024K)->160K(512K)
[30.267s][info][gc,heap        ] GC(169) ParOldGen: 12564K(1398272K)->12636K(1398272K)
[30.267s][info][gc,metaspace   ] GC(169) Metaspace: 14306K(15360K)->14306K(15360K) NonClass: 12337K(12992K)->12337K(12992K) Class: 1969K(2368K)->1969K(2368K)
[30.267s][info][gc             ] GC(169) Pause Young (System.gc()) 43M->12M(1706M) 2.122ms
[30.267s][info][gc,cpu         ] GC(169) User=0.00s Sys=0.00s Real=0.00s
[30.267s][info][gc,start       ] GC(170) Pause Full (System.gc())
[30.267s][info][gc,phases,start] GC(170) Marking Phase
[30.284s][info][gc,phases      ] GC(170) Marking Phase 16.928ms
[30.284s][info][gc,phases,start] GC(170) Summary Phase
[30.284s][info][gc,phases      ] GC(170) Summary Phase 0.017ms
[30.284s][info][gc,phases,start] GC(170) Adjust Roots
[30.289s][info][gc,phases      ] GC(170) Adjust Roots 5.381ms
[30.289s][info][gc,phases,start] GC(170) Compaction Phase
[30.293s][info][gc,phases      ] GC(170) Compaction Phase 3.910ms
[30.293s][info][gc,phases,start] GC(170) Post Compact
[30.294s][info][gc,phases      ] GC(170) Post Compact 0.757ms
[30.294s][info][gc,heap        ] GC(170) PSYoungGen: 160K(349184K)->0K(349184K) Eden: 0K(348672K)->0K(348672K) From: 160K(512K)->0K(512K)
[30.294s][info][gc,heap        ] GC(170) ParOldGen: 12636K(1398272K)->5386K(1398272K)
[30.294s][info][gc,metaspace   ] GC(170) Metaspace: 14306K(15360K)->14306K(15360K) NonClass: 12337K(12992K)->12337K(12992K) Class: 1969K(2368K)->1969K(2368K)
[30.294s][info][gc             ] GC(170) Pause Full (System.gc()) 12M->5M(1706M) 27.259ms
[30.294s][info][gc,cpu         ] GC(170) User=0.02s Sys=0.00s Real=0.01s
[30.581s][info][gc,start       ] GC(171) Pause Young (Allocation Failure)
[30.583s][info][gc,heap        ] GC(171) PSYoungGen: 348672K(349184K)->1536K(343552K) Eden: 348672K(348672K)->0K(342016K) From: 0K(512K)->1536K(1536K)
[30.583s][info][gc,heap        ] GC(171) ParOldGen: 5386K(1398272K)->5600K(1398272K)
[30.583s][info][gc,metaspace   ] GC(171) Metaspace: 14310K(15360K)->14310K(15360K) NonClass: 12341K(12992K)->12341K(12992K) Class: 1969K(2368K)->1969K(2368K)
[30.583s][info][gc             ] GC(171) Pause Young (Allocation Failure) 345M->6M(1701M) 1.922ms
[30.583s][info][gc,cpu         ] GC(171) User=0.00s Sys=0.00s Real=0.00s
[30.791s][info][gc,start       ] GC(172) Pause Young (Allocation Failure)
[30.793s][info][gc,heap        ] GC(172) PSYoungGen: 343552K(343552K)->992K(336384K) Eden: 342016K(342016K)->0K(335360K) From: 1536K(1536K)->992K(1024K)
[30.793s][info][gc,heap        ] GC(172) ParOldGen: 5600K(1398272K)->7133K(1398272K)
[30.793s][info][gc,metaspace   ] GC(172) Metaspace: 14310K(15360K)->14310K(15360K) NonClass: 12341K(12992K)->12341K(12992K) Class: 1969K(2368K)->1969K(2368K)
[30.793s][info][gc             ] GC(172) Pause Young (Allocation Failure) 340M->7M(1694M) 1.920ms
[30.793s][info][gc,cpu         ] GC(172) User=0.00s Sys=0.00s Real=0.00s
[31.009s][info][gc,start       ] GC(173) Pause Young (Allocation Failure)
[31.011s][info][gc,heap        ] GC(173) PSYoungGen: 336352K(336384K)->1024K(330240K) Eden: 335360K(335360K)->0K(329216K) From: 992K(1024K)->1024K(1024K)
[31.011s][info][gc,heap        ] GC(173) ParOldGen: 7133K(1398272K)->7229K(1398272K)
[31.011s][info][gc,metaspace   ] GC(173) Metaspace: 14310K(15360K)->14310K(15360K) NonClass: 12341K(12992K)->12341K(12992K) Class: 1969K(2368K)->1969K(2368K)
[31.011s][info][gc             ] GC(173) Pause Young (Allocation Failure) 335M->8M(1688M) 1.905ms
[31.011s][info][gc,cpu         ] GC(173) User=0.00s Sys=0.00s Real=0.00s
[31.222s][info][gc,start       ] GC(174) Pause Young (Allocation Failure)
[31.223s][info][gc,heap        ] GC(174) PSYoungGen: 330240K(330240K)->1024K(324096K) Eden: 329216K(329216K)->0K(323072K) From: 1024K(1024K)->1024K(1024K)
[31.223s][info][gc,heap        ] GC(174) ParOldGen: 7229K(1398272K)->7341K(1398272K)
[31.223s][info][gc,metaspace   ] GC(174) Metaspace: 14310K(15360K)->14310K(15360K) NonClass: 12341K(12992K)->12341K(12992K) Class: 1969K(2368K)->1969K(2368K)
[31.223s][info][gc             ] GC(174) Pause Young (Allocation Failure) 329M->8M(1682M) 1.850ms
[31.223s][info][gc,cpu         ] GC(174) User=0.00s Sys=0.00s Real=0.00s
[31.442s][info][gc,start       ] GC(175) Pause Young (Allocation Failure)
[31.444s][info][gc,heap        ] GC(175) PSYoungGen: 324096K(324096K)->992K(317952K) Eden: 323072K(323072K)->0K(316928K) From: 1024K(1024K)->992K(1024K)
[31.444s][info][gc,heap        ] GC(175) ParOldGen: 7341K(1398272K)->7453K(1398272K)
[31.444s][info][gc,metaspace   ] GC(175) Metaspace: 14310K(15360K)->14310K(15360K) NonClass: 12341K(12992K)->12341K(12992K) Class: 1969K(2368K)->1969K(2368K)
[31.444s][info][gc             ] GC(175) Pause Young (Allocation Failure) 323M->8M(1676M) 1.707ms
[31.444s][info][gc,cpu         ] GC(175) User=0.00s Sys=0.00s Real=0.00s
[31.661s][info][gc,start       ] GC(176) Pause Young (Allocation Failure)
[31.662s][info][gc,heap        ] GC(176) PSYoungGen: 317920K(317952K)->992K(312320K) Eden: 316928K(316928K)->0K(311296K) From: 992K(1024K)->992K(1024K)
[31.663s][info][gc,heap        ] GC(176) ParOldGen: 7453K(1398272K)->7541K(1398272K)
[31.663s][info][gc,metaspace   ] GC(176) Metaspace: 14310K(15360K)->14310K(15360K) NonClass: 12341K(12992K)->12341K(12992K) Class: 1969K(2368K)->1969K(2368K)
[31.663s][info][gc             ] GC(176) Pause Young (Allocation Failure) 317M->8M(1670M) 1.552ms
[31.663s][info][gc,cpu         ] GC(176) User=0.00s Sys=0.00s Real=0.00s
[31.882s][info][gc,start       ] GC(177) Pause Young (Allocation Failure)
[31.883s][info][gc,heap        ] GC(177) PSYoungGen: 312288K(312320K)->1024K(306688K) Eden: 311296K(311296K)->0K(305664K) From: 992K(1024K)->1024K(1024K)
[31.883s][info][gc,heap        ] GC(177) ParOldGen: 7541K(1398272K)->7645K(1398272K)
[31.883s][info][gc,metaspace   ] GC(177) Metaspace: 14310K(15360K)->14310K(15360K) NonClass: 12341K(12992K)->12341K(12992K) Class: 1969K(2368K)->1969K(2368K)
[31.883s][info][gc             ] GC(177) Pause Young (Allocation Failure) 312M->8M(1665M) 1.452ms
[31.883s][info][gc,cpu         ] GC(177) User=0.00s Sys=0.00s Real=0.00s
[32.078s][info][gc,start       ] GC(178) Pause Young (Allocation Failure)
[32.080s][info][gc,heap        ] GC(178) PSYoungGen: 306688K(306688K)->1024K(301568K) Eden: 305664K(305664K)->0K(300544K) From: 1024K(1024K)->1024K(1024K)
[32.080s][info][gc,heap        ] GC(178) ParOldGen: 7645K(1398272K)->7725K(1398272K)
[32.080s][info][gc,metaspace   ] GC(178) Metaspace: 14310K(15360K)->14310K(15360K) NonClass: 12341K(12992K)->12341K(12992K) Class: 1969K(2368K)->1969K(2368K)
[32.080s][info][gc             ] GC(178) Pause Young (Allocation Failure) 306M->8M(1660M) 1.550ms
[32.080s][info][gc,cpu         ] GC(178) User=0.00s Sys=0.00s Real=0.00s
[32.274s][info][gc,start       ] GC(179) Pause Young (Allocation Failure)
[32.275s][info][gc,heap        ] GC(179) PSYoungGen: 301568K(301568K)->1024K(296448K) Eden: 300544K(300544K)->0K(295424K) From: 1024K(1024K)->1024K(1024K)
[32.275s][info][gc,heap        ] GC(179) ParOldGen: 7725K(1398272K)->7805K(1398272K)
[32.275s][info][gc,metaspace   ] GC(179) Metaspace: 14310K(15360K)->14310K(15360K) NonClass: 12341K(12992K)->12341K(12992K) Class: 1969K(2368K)->1969K(2368K)
[32.275s][info][gc             ] GC(179) Pause Young (Allocation Failure) 302M->8M(1655M) 1.597ms
[32.275s][info][gc,cpu         ] GC(179) User=0.00s Sys=0.00s Real=0.00s
[32.465s][info][gc,start       ] GC(180) Pause Young (Allocation Failure)
[32.466s][info][gc,heap        ] GC(180) PSYoungGen: 296448K(296448K)->992K(291328K) Eden: 295424K(295424K)->0K(290304K) From: 1024K(1024K)->992K(1024K)
[32.466s][info][gc,heap        ] GC(180) ParOldGen: 7805K(1398272K)->7869K(1398272K)
[32.466s][info][gc,metaspace   ] GC(180) Metaspace: 14310K(15360K)->14310K(15360K) NonClass: 12341K(12992K)->12341K(12992K) Class: 1969K(2368K)->1969K(2368K)
[32.466s][info][gc             ] GC(180) Pause Young (Allocation Failure) 297M->8M(1650M) 1.538ms
[32.466s][info][gc,cpu         ] GC(180) User=0.00s Sys=0.00s Real=0.00s
[32.655s][info][gc,start       ] GC(181) Pause Young (Allocation Failure)
[32.657s][info][gc,heap        ] GC(181) PSYoungGen: 291296K(291328K)->992K(286208K) Eden: 290304K(290304K)->0K(285184K) From: 992K(1024K)->992K(1024K)
[32.657s][info][gc,heap        ] GC(181) ParOldGen: 7869K(1398272K)->7917K(1398272K)
[32.657s][info][gc,metaspace   ] GC(181) Metaspace: 14310K(15360K)->14310K(15360K) NonClass: 12341K(12992K)->12341K(12992K) Class: 1969K(2368K)->1969K(2368K)
[32.657s][info][gc             ] GC(181) Pause Young (Allocation Failure) 292M->8M(1645M) 1.557ms
[32.657s][info][gc,cpu         ] GC(181) User=0.00s Sys=0.00s Real=0.00s
[32.840s][info][gc,start       ] GC(182) Pause Young (Allocation Failure)
[32.842s][info][gc,heap        ] GC(182) PSYoungGen: 286176K(286208K)->992K(281600K) Eden: 285184K(285184K)->0K(280576K) From: 992K(1024K)->992K(1024K)
[32.842s][info][gc,heap        ] GC(182) ParOldGen: 7917K(1398272K)->7989K(1398272K)
[32.842s][info][gc,metaspace   ] GC(182) Metaspace: 14310K(15360K)->14310K(15360K) NonClass: 12341K(12992K)->12341K(12992K) Class: 1969K(2368K)->1969K(2368K)
[32.842s][info][gc             ] GC(182) Pause Young (Allocation Failure) 287M->8M(1640M) 1.642ms
[32.842s][info][gc,cpu         ] GC(182) User=0.00s Sys=0.00s Real=0.00s
[33.022s][info][gc,start       ] GC(183) Pause Young (Allocation Failure)
[33.024s][info][gc,heap        ] GC(183) PSYoungGen: 281568K(281600K)->992K(276992K) Eden: 280576K(280576K)->0K(275968K) From: 992K(1024K)->992K(1024K)
[33.024s][info][gc,heap        ] GC(183) ParOldGen: 7989K(1398272K)->8077K(1398272K)
[33.024s][info][gc,metaspace   ] GC(183) Metaspace: 14310K(15360K)->14310K(15360K) NonClass: 12341K(12992K)->12341K(12992K) Class: 1969K(2368K)->1969K(2368K)
[33.024s][info][gc             ] GC(183) Pause Young (Allocation Failure) 282M->8M(1636M) 1.658ms
[33.024s][info][gc,cpu         ] GC(183) User=0.00s Sys=0.00s Real=0.00s
[33.201s][info][gc,start       ] GC(184) Pause Young (Allocation Failure)
[33.202s][info][gc,heap        ] GC(184) PSYoungGen: 276960K(276992K)->960K(272384K) Eden: 275968K(275968K)->0K(271360K) From: 992K(1024K)->960K(1024K)
[33.202s][info][gc,heap        ] GC(184) ParOldGen: 8077K(1398272K)->8141K(1398272K)
[33.202s][info][gc,metaspace   ] GC(184) Metaspace: 14310K(15360K)->14310K(15360K) NonClass: 12341K(12992K)->12341K(12992K) Class: 1969K(2368K)->1969K(2368K)
[33.202s][info][gc             ] GC(184) Pause Young (Allocation Failure) 278M->8M(1631M) 1.616ms
[33.202s][info][gc,cpu         ] GC(184) User=0.52s Sys=0.00s Real=0.00s
[33.377s][info][gc,start       ] GC(185) Pause Young (Allocation Failure)
[33.379s][info][gc,heap        ] GC(185) PSYoungGen: 272320K(272384K)->1024K(267776K) Eden: 271360K(271360K)->0K(266752K) From: 960K(1024K)->1024K(1024K)
[33.379s][info][gc,heap        ] GC(185) ParOldGen: 8141K(1398272K)->8221K(1398272K)
[33.379s][info][gc,metaspace   ] GC(185) Metaspace: 14310K(15360K)->14310K(15360K) NonClass: 12341K(12992K)->12341K(12992K) Class: 1969K(2368K)->1969K(2368K)
[33.379s][info][gc             ] GC(185) Pause Young (Allocation Failure) 273M->9M(1627M) 1.651ms
[33.379s][info][gc,cpu         ] GC(185) User=0.00s Sys=0.00s Real=0.00s
[33.552s][info][gc,start       ] GC(186) Pause Young (Allocation Failure)
[33.554s][info][gc,heap        ] GC(186) PSYoungGen: 267776K(267776K)->1024K(263680K) Eden: 266752K(266752K)->0K(262656K) From: 1024K(1024K)->1024K(1024K)
[33.554s][info][gc,heap        ] GC(186) ParOldGen: 8221K(1398272K)->8317K(1398272K)
[33.554s][info][gc,metaspace   ] GC(186) Metaspace: 14310K(15360K)->14310K(15360K) NonClass: 12341K(12992K)->12341K(12992K) Class: 1969K(2368K)->1969K(2368K)
[33.554s][info][gc             ] GC(186) Pause Young (Allocation Failure) 269M->9M(1623M) 1.680ms
[33.554s][info][gc,cpu         ] GC(186) User=0.00s Sys=0.00s Real=0.00s
[33.722s][info][gc,start       ] GC(187) Pause Young (Allocation Failure)
[33.723s][info][gc,heap        ] GC(187) PSYoungGen: 263680K(263680K)->928K(259584K) Eden: 262656K(262656K)->0K(258560K) From: 1024K(1024K)->928K(1024K)
[33.723s][info][gc,heap        ] GC(187) ParOldGen: 8317K(1398272K)->8397K(1398272K)
[33.723s][info][gc,metaspace   ] GC(187) Metaspace: 14310K(15360K)->14310K(15360K) NonClass: 12341K(12992K)->12341K(12992K) Class: 1969K(2368K)->1969K(2368K)
[33.723s][info][gc             ] GC(187) Pause Young (Allocation Failure) 265M->9M(1619M) 1.727ms
[33.723s][info][gc,cpu         ] GC(187) User=0.00s Sys=0.00s Real=0.00s
[33.889s][info][gc,start       ] GC(188) Pause Young (Allocation Failure)
[33.891s][info][gc,heap        ] GC(188) PSYoungGen: 259488K(259584K)->960K(255488K) Eden: 258560K(258560K)->0K(254464K) From: 928K(1024K)->960K(1024K)
[33.891s][info][gc,heap        ] GC(188) ParOldGen: 8397K(1398272K)->8469K(1398272K)
[33.891s][info][gc,metaspace   ] GC(188) Metaspace: 14310K(15360K)->14310K(15360K) NonClass: 12341K(12992K)->12341K(12992K) Class: 1969K(2368K)->1969K(2368K)
[33.891s][info][gc             ] GC(188) Pause Young (Allocation Failure) 261M->9M(1615M) 1.657ms
[33.891s][info][gc,cpu         ] GC(188) User=0.00s Sys=0.00s Real=0.00s
[34.058s][info][gc,start       ] GC(189) Pause Young (Allocation Failure)
[34.059s][info][gc,heap        ] GC(189) PSYoungGen: 255424K(255488K)->992K(251392K) Eden: 254464K(254464K)->0K(250368K) From: 960K(1024K)->992K(1024K)
[34.059s][info][gc,heap        ] GC(189) ParOldGen: 8469K(1398272K)->8541K(1398272K)
[34.059s][info][gc,metaspace   ] GC(189) Metaspace: 14310K(15360K)->14310K(15360K) NonClass: 12341K(12992K)->12341K(12992K) Class: 1969K(2368K)->1969K(2368K)
[34.059s][info][gc             ] GC(189) Pause Young (Allocation Failure) 257M->9M(1611M) 1.680ms
[34.059s][info][gc,cpu         ] GC(189) User=0.00s Sys=0.00s Real=0.00s
[34.233s][info][gc,start       ] GC(190) Pause Young (Allocation Failure)
[34.234s][info][gc,heap        ] GC(190) PSYoungGen: 251360K(251392K)->1024K(247808K) Eden: 250368K(250368K)->0K(246784K) From: 992K(1024K)->1024K(1024K)
[34.234s][info][gc,heap        ] GC(190) ParOldGen: 8541K(1398272K)->8645K(1398272K)
[34.234s][info][gc,metaspace   ] GC(190) Metaspace: 14310K(15360K)->14310K(15360K) NonClass: 12341K(12992K)->12341K(12992K) Class: 1969K(2368K)->1969K(2368K)
[34.234s][info][gc             ] GC(190) Pause Young (Allocation Failure) 253M->9M(1607M) 1.598ms
[34.234s][info][gc,cpu         ] GC(190) User=0.00s Sys=0.00s Real=0.00s
[34.402s][info][gc,start       ] GC(191) Pause Young (Allocation Failure)
[34.403s][info][gc,heap        ] GC(191) PSYoungGen: 247808K(247808K)->960K(244224K) Eden: 246784K(246784K)->0K(243200K) From: 1024K(1024K)->960K(1024K)
[34.403s][info][gc,heap        ] GC(191) ParOldGen: 8645K(1398272K)->8749K(1398272K)
[34.403s][info][gc,metaspace   ] GC(191) Metaspace: 14310K(15360K)->14310K(15360K) NonClass: 12341K(12992K)->12341K(12992K) Class: 1969K(2368K)->1969K(2368K)
[34.403s][info][gc             ] GC(191) Pause Young (Allocation Failure) 250M->9M(1604M) 1.492ms
[34.403s][info][gc,cpu         ] GC(191) User=0.00s Sys=0.00s Real=0.00s
[34.562s][info][gc,start       ] GC(192) Pause Young (Allocation Failure)
[34.564s][info][gc,heap        ] GC(192) PSYoungGen: 244160K(244224K)->1024K(240640K) Eden: 243200K(243200K)->0K(239616K) From: 960K(1024K)->1024K(1024K)
[34.564s][info][gc,heap        ] GC(192) ParOldGen: 8749K(1398272K)->8837K(1398272K)
[34.564s][info][gc,metaspace   ] GC(192) Metaspace: 14310K(15360K)->14310K(15360K) NonClass: 12341K(12992K)->12341K(12992K) Class: 1969K(2368K)->1969K(2368K)
[34.564s][info][gc             ] GC(192) Pause Young (Allocation Failure) 246M->9M(1600M) 1.472ms
[34.564s][info][gc,cpu         ] GC(192) User=0.00s Sys=0.00s Real=0.00s
[34.717s][info][gc,start       ] GC(193) Pause Young (Allocation Failure)
[34.718s][info][gc,heap        ] GC(193) PSYoungGen: 240640K(240640K)->992K(237056K) Eden: 239616K(239616K)->0K(236032K) From: 1024K(1024K)->992K(1024K)
[34.718s][info][gc,heap        ] GC(193) ParOldGen: 8837K(1398272K)->8925K(1398272K)
[34.718s][info][gc,metaspace   ] GC(193) Metaspace: 14310K(15360K)->14310K(15360K) NonClass: 12341K(12992K)->12341K(12992K) Class: 1969K(2368K)->1969K(2368K)
[34.718s][info][gc             ] GC(193) Pause Young (Allocation Failure) 243M->9M(1597M) 1.484ms
[34.718s][info][gc,cpu         ] GC(193) User=0.52s Sys=0.00s Real=0.00s
[34.882s][info][gc,start       ] GC(194) Pause Young (Allocation Failure)
[34.884s][info][gc,heap        ] GC(194) PSYoungGen: 237024K(237056K)->960K(233472K) Eden: 236032K(236032K)->0K(232448K) From: 992K(1024K)->960K(1024K)
[34.884s][info][gc,heap        ] GC(194) ParOldGen: 8925K(1398272K)->8981K(1398272K)
[34.884s][info][gc,metaspace   ] GC(194) Metaspace: 14310K(15360K)->14310K(15360K) NonClass: 12341K(12992K)->12341K(12992K) Class: 1969K(2368K)->1969K(2368K)
[34.884s][info][gc             ] GC(194) Pause Young (Allocation Failure) 240M->9M(1593M) 1.378ms
[34.884s][info][gc,cpu         ] GC(194) User=0.00s Sys=0.00s Real=0.00s
[35.033s][info][gc,start       ] GC(195) Pause Young (Allocation Failure)
[35.035s][info][gc,heap        ] GC(195) PSYoungGen: 233408K(233472K)->1024K(230400K) Eden: 232448K(232448K)->0K(229376K) From: 960K(1024K)->1024K(1024K)
[35.035s][info][gc,heap        ] GC(195) ParOldGen: 8981K(1398272K)->9061K(1398272K)
[35.035s][info][gc,metaspace   ] GC(195) Metaspace: 14310K(15360K)->14310K(15360K) NonClass: 12341K(12992K)->12341K(12992K) Class: 1969K(2368K)->1969K(2368K)
[35.035s][info][gc             ] GC(195) Pause Young (Allocation Failure) 236M->9M(1590M) 1.396ms
[35.035s][info][gc,cpu         ] GC(195) User=0.00s Sys=0.00s Real=0.00s
[35.182s][info][gc,start       ] GC(196) Pause Young (Allocation Failure)
[35.183s][info][gc,heap        ] GC(196) PSYoungGen: 230400K(230400K)->992K(227328K) Eden: 229376K(229376K)->0K(226304K) From: 1024K(1024K)->992K(1024K)
[35.183s][info][gc,heap        ] GC(196) ParOldGen: 9061K(1398272K)->9125K(1398272K)
[35.183s][info][gc,metaspace   ] GC(196) Metaspace: 14310K(15360K)->14310K(15360K) NonClass: 12341K(12992K)->12341K(12992K) Class: 1969K(2368K)->1969K(2368K)
[35.183s][info][gc             ] GC(196) Pause Young (Allocation Failure) 233M->9M(1587M) 1.433ms
[35.183s][info][gc,cpu         ] GC(196) User=0.00s Sys=0.00s Real=0.00s
[35.327s][info][gc,start       ] GC(197) Pause Young (Allocation Failure)
[35.329s][info][gc,heap        ] GC(197) PSYoungGen: 227296K(227328K)->992K(224256K) Eden: 226304K(226304K)->0K(223232K) From: 992K(1024K)->992K(1024K)
[35.329s][info][gc,heap        ] GC(197) ParOldGen: 9125K(1398272K)->9197K(1398272K)
[35.329s][info][gc,metaspace   ] GC(197) Metaspace: 14310K(15360K)->14310K(15360K) NonClass: 12341K(12992K)->12341K(12992K) Class: 1969K(2368K)->1969K(2368K)
[35.329s][info][gc             ] GC(197) Pause Young (Allocation Failure) 230M->9M(1584M) 1.470ms
[35.329s][info][gc,cpu         ] GC(197) User=0.00s Sys=0.00s Real=0.00s
[35.471s][info][gc,start       ] GC(198) Pause Young (Allocation Failure)
[35.472s][info][gc,heap        ] GC(198) PSYoungGen: 224224K(224256K)->992K(221184K) Eden: 223232K(223232K)->0K(220160K) From: 992K(1024K)->992K(1024K)
[35.473s][info][gc,heap        ] GC(198) ParOldGen: 9197K(1398272K)->9253K(1398272K)
[35.473s][info][gc,metaspace   ] GC(198) Metaspace: 14310K(15360K)->14310K(15360K) NonClass: 12341K(12992K)->12341K(12992K) Class: 1969K(2368K)->1969K(2368K)
[35.473s][info][gc             ] GC(198) Pause Young (Allocation Failure) 227M->10M(1581M) 1.474ms
[35.473s][info][gc,cpu         ] GC(198) User=0.00s Sys=0.00s Real=0.00s
[35.614s][info][gc,start       ] GC(199) Pause Young (Allocation Failure)
[35.615s][info][gc,heap        ] GC(199) PSYoungGen: 221152K(221184K)->1024K(218112K) Eden: 220160K(220160K)->0K(217088K) From: 992K(1024K)->1024K(1024K)
[35.615s][info][gc,heap        ] GC(199) ParOldGen: 9253K(1398272K)->9293K(1398272K)
[35.615s][info][gc,metaspace   ] GC(199) Metaspace: 14310K(15360K)->14310K(15360K) NonClass: 12341K(12992K)->12341K(12992K) Class: 1969K(2368K)->1969K(2368K)
[35.615s][info][gc             ] GC(199) Pause Young (Allocation Failure) 225M->10M(1578M) 1.505ms
[35.615s][info][gc,cpu         ] GC(199) User=0.00s Sys=0.00s Real=0.00s
[35.756s][info][gc,start       ] GC(200) Pause Young (Allocation Failure)
[35.757s][info][gc,heap        ] GC(200) PSYoungGen: 218112K(218112K)->992K(215040K) Eden: 217088K(217088K)->0K(214016K) From: 1024K(1024K)->992K(1024K)
[35.757s][info][gc,heap        ] GC(200) ParOldGen: 9293K(1398272K)->9365K(1398272K)
[35.757s][info][gc,metaspace   ] GC(200) Metaspace: 14310K(15360K)->14310K(15360K) NonClass: 12341K(12992K)->12341K(12992K) Class: 1969K(2368K)->1969K(2368K)
[35.757s][info][gc             ] GC(200) Pause Young (Allocation Failure) 222M->10M(1575M) 1.557ms
[35.757s][info][gc,cpu         ] GC(200) User=0.00s Sys=0.00s Real=0.00s
[35.895s][info][gc,start       ] GC(201) Pause Young (Allocation Failure)
[35.896s][info][gc,heap        ] GC(201) PSYoungGen: 215008K(215040K)->992K(211968K) Eden: 214016K(214016K)->0K(210944K) From: 992K(1024K)->992K(1024K)
[35.896s][info][gc,heap        ] GC(201) ParOldGen: 9365K(1398272K)->9405K(1398272K)
[35.896s][info][gc,metaspace   ] GC(201) Metaspace: 14310K(15360K)->14310K(15360K) NonClass: 12341K(12992K)->12341K(12992K) Class: 1969K(2368K)->1969K(2368K)
[35.896s][info][gc             ] GC(201) Pause Young (Allocation Failure) 219M->10M(1572M) 1.551ms
[35.896s][info][gc,cpu         ] GC(201) User=0.00s Sys=0.00s Real=0.00s
[36.031s][info][gc,start       ] GC(202) Pause Young (Allocation Failure)
[36.032s][info][gc,heap        ] GC(202) PSYoungGen: 211936K(211968K)->1024K(209408K) Eden: 210944K(210944K)->0K(208384K) From: 992K(1024K)->1024K(1024K)
[36.032s][info][gc,heap        ] GC(202) ParOldGen: 9405K(1398272K)->9477K(1398272K)
[36.033s][info][gc,metaspace   ] GC(202) Metaspace: 14310K(15360K)->14310K(15360K) NonClass: 12341K(12992K)->12341K(12992K) Class: 1969K(2368K)->1969K(2368K)
[36.033s][info][gc             ] GC(202) Pause Young (Allocation Failure) 216M->10M(1570M) 1.545ms
[36.033s][info][gc,cpu         ] GC(202) User=0.00s Sys=0.00s Real=0.00s
[36.167s][info][gc,start       ] GC(203) Pause Young (Allocation Failure)
[36.169s][info][gc,heap        ] GC(203) PSYoungGen: 209408K(209408K)->1024K(206848K) Eden: 208384K(208384K)->0K(205824K) From: 1024K(1024K)->1024K(1024K)
[36.169s][info][gc,heap        ] GC(203) ParOldGen: 9477K(1398272K)->9517K(1398272K)
[36.169s][info][gc,metaspace   ] GC(203) Metaspace: 14310K(15360K)->14310K(15360K) NonClass: 12341K(12992K)->12341K(12992K) Class: 1969K(2368K)->1969K(2368K)
[36.169s][info][gc             ] GC(203) Pause Young (Allocation Failure) 213M->10M(1567M) 1.629ms
[36.169s][info][gc,cpu         ] GC(203) User=0.00s Sys=0.00s Real=0.00s
[36.300s][info][gc,start       ] GC(204) Pause Young (Allocation Failure)
[36.301s][info][gc,heap        ] GC(204) PSYoungGen: 206848K(206848K)->992K(204288K) Eden: 205824K(205824K)->0K(203264K) From: 1024K(1024K)->992K(1024K)
[36.301s][info][gc,heap        ] GC(204) ParOldGen: 9517K(1398272K)->9573K(1398272K)
[36.301s][info][gc,metaspace   ] GC(204) Metaspace: 14310K(15360K)->14310K(15360K) NonClass: 12341K(12992K)->12341K(12992K) Class: 1969K(2368K)->1969K(2368K)
[36.301s][info][gc             ] GC(204) Pause Young (Allocation Failure) 211M->10M(1565M) 1.665ms
[36.302s][info][gc,cpu         ] GC(204) User=0.00s Sys=0.00s Real=0.00s
[36.432s][info][gc,start       ] GC(205) Pause Young (Allocation Failure)
[36.434s][info][gc,heap        ] GC(205) PSYoungGen: 204256K(204288K)->992K(201728K) Eden: 203264K(203264K)->0K(200704K) From: 992K(1024K)->992K(1024K)
[36.434s][info][gc,heap        ] GC(205) ParOldGen: 9573K(1398272K)->9629K(1398272K)
[36.434s][info][gc,metaspace   ] GC(205) Metaspace: 14310K(15360K)->14310K(15360K) NonClass: 12341K(12992K)->12341K(12992K) Class: 1969K(2368K)->1969K(2368K)
[36.434s][info][gc             ] GC(205) Pause Young (Allocation Failure) 208M->10M(1562M) 1.715ms
[36.434s][info][gc,cpu         ] GC(205) User=0.00s Sys=0.00s Real=0.00s
[36.561s][info][gc,start       ] GC(206) Pause Young (Allocation Failure)
[36.563s][info][gc,heap        ] GC(206) PSYoungGen: 201696K(201728K)->992K(242176K) Eden: 200704K(200704K)->0K(241152K) From: 992K(1024K)->992K(1024K)
[36.563s][info][gc,heap        ] GC(206) ParOldGen: 9629K(1398272K)->9685K(1398272K)
[36.563s][info][gc,metaspace   ] GC(206) Metaspace: 14310K(15360K)->14310K(15360K) NonClass: 12341K(12992K)->12341K(12992K) Class: 1969K(2368K)->1969K(2368K)
[36.563s][info][gc             ] GC(206) Pause Young (Allocation Failure) 206M->10M(1602M) 1.643ms
[36.563s][info][gc,cpu         ] GC(206) User=0.00s Sys=0.00s Real=0.00s
[36.719s][info][gc,start       ] GC(207) Pause Young (Allocation Failure)
[36.721s][info][gc,heap        ] GC(207) PSYoungGen: 242144K(242176K)->1024K(238592K) Eden: 241152K(241152K)->0K(237568K) From: 992K(1024K)->1024K(1024K)
[36.721s][info][gc,heap        ] GC(207) ParOldGen: 9685K(1398272K)->9725K(1398272K)
[36.721s][info][gc,metaspace   ] GC(207) Metaspace: 14310K(15360K)->14310K(15360K) NonClass: 12341K(12992K)->12341K(12992K) Class: 1969K(2368K)->1969K(2368K)
[36.721s][info][gc             ] GC(207) Pause Young (Allocation Failure) 245M->10M(1598M) 1.724ms
[36.721s][info][gc,cpu         ] GC(207) User=0.00s Sys=0.00s Real=0.00s
[36.873s][info][gc,start       ] GC(208) Pause Young (Allocation Failure)
[36.875s][info][gc,heap        ] GC(208) PSYoungGen: 238592K(238592K)->1024K(235008K) Eden: 237568K(237568K)->0K(233984K) From: 1024K(1024K)->1024K(1024K)
[36.875s][info][gc,heap        ] GC(208) ParOldGen: 9725K(1398272K)->9805K(1398272K)
[36.875s][info][gc,metaspace   ] GC(208) Metaspace: 14310K(15360K)->14310K(15360K) NonClass: 12341K(12992K)->12341K(12992K) Class: 1969K(2368K)->1969K(2368K)
[36.875s][info][gc             ] GC(208) Pause Young (Allocation Failure) 242M->10M(1595M) 1.693ms
[36.875s][info][gc,cpu         ] GC(208) User=0.00s Sys=0.00s Real=0.00s
[37.025s][info][gc,start       ] GC(209) Pause Young (Allocation Failure)
[37.027s][info][gc,heap        ] GC(209) PSYoungGen: 235008K(235008K)->1024K(231424K) Eden: 233984K(233984K)->0K(230400K) From: 1024K(1024K)->1024K(1024K)
[37.027s][info][gc,heap        ] GC(209) ParOldGen: 9805K(1398272K)->9901K(1398272K)
[37.027s][info][gc,metaspace   ] GC(209) Metaspace: 14310K(15360K)->14310K(15360K) NonClass: 12341K(12992K)->12341K(12992K) Class: 1969K(2368K)->1969K(2368K)
[37.027s][info][gc             ] GC(209) Pause Young (Allocation Failure) 239M->10M(1591M) 1.771ms
[37.027s][info][gc,cpu         ] GC(209) User=0.00s Sys=0.00s Real=0.00s
[37.176s][info][gc,start       ] GC(210) Pause Young (Allocation Failure)
[37.177s][info][gc,heap        ] GC(210) PSYoungGen: 231424K(231424K)->992K(228352K) Eden: 230400K(230400K)->0K(227328K) From: 1024K(1024K)->992K(1024K)
[37.177s][info][gc,heap        ] GC(210) ParOldGen: 9901K(1398272K)->9973K(1398272K)
[37.177s][info][gc,metaspace   ] GC(210) Metaspace: 14310K(15360K)->14310K(15360K) NonClass: 12341K(12992K)->12341K(12992K) Class: 1969K(2368K)->1969K(2368K)
[37.177s][info][gc             ] GC(210) Pause Young (Allocation Failure) 235M->10M(1588M) 1.743ms
[37.177s][info][gc,cpu         ] GC(210) User=0.00s Sys=0.00s Real=0.00s
[37.325s][info][gc,start       ] GC(211) Pause Young (Allocation Failure)
[37.326s][info][gc,heap        ] GC(211) PSYoungGen: 228320K(228352K)->1024K(273920K) Eden: 227328K(227328K)->0K(272896K) From: 992K(1024K)->1024K(1024K)
[37.326s][info][gc,heap        ] GC(211) ParOldGen: 9973K(1398272K)->10053K(1398272K)
[37.327s][info][gc,metaspace   ] GC(211) Metaspace: 14310K(15360K)->14310K(15360K) NonClass: 12341K(12992K)->12341K(12992K) Class: 1969K(2368K)->1969K(2368K)
[37.327s][info][gc             ] GC(211) Pause Young (Allocation Failure) 232M->10M(1633M) 1.886ms
[37.327s][info][gc,cpu         ] GC(211) User=0.52s Sys=0.00s Real=0.00s
[37.502s][info][gc,start       ] GC(212) Pause Young (Allocation Failure)
[37.504s][info][gc,heap        ] GC(212) PSYoungGen: 273920K(273920K)->992K(269312K) Eden: 272896K(272896K)->0K(268288K) From: 1024K(1024K)->992K(1024K)
[37.504s][info][gc,heap        ] GC(212) ParOldGen: 10053K(1398272K)->10109K(1398272K)
[37.504s][info][gc,metaspace   ] GC(212) Metaspace: 14310K(15360K)->14310K(15360K) NonClass: 12341K(12992K)->12341K(12992K) Class: 1969K(2368K)->1969K(2368K)
[37.504s][info][gc             ] GC(212) Pause Young (Allocation Failure) 277M->10M(1628M) 1.832ms
[37.504s][info][gc,cpu         ] GC(212) User=0.00s Sys=0.00s Real=0.00s
[37.680s][info][gc,start       ] GC(213) Pause Young (Allocation Failure)
[37.682s][info][gc,heap        ] GC(213) PSYoungGen: 269280K(269312K)->992K(265216K) Eden: 268288K(268288K)->0K(264192K) From: 992K(1024K)->992K(1024K)
[37.682s][info][gc,heap        ] GC(213) ParOldGen: 10109K(1398272K)->10181K(1398272K)
[37.682s][info][gc,metaspace   ] GC(213) Metaspace: 14310K(15360K)->14310K(15360K) NonClass: 12341K(12992K)->12341K(12992K) Class: 1969K(2368K)->1969K(2368K)
[37.682s][info][gc             ] GC(213) Pause Young (Allocation Failure) 272M->10M(1624M) 1.832ms
[37.682s][info][gc,cpu         ] GC(213) User=0.00s Sys=0.00s Real=0.00s
[37.899s][info][gc,start       ] GC(214) Pause Young (Allocation Failure)
[37.901s][info][gc,heap        ] GC(214) PSYoungGen: 265184K(265216K)->992K(261120K) Eden: 264192K(264192K)->0K(260096K) From: 992K(1024K)->992K(1024K)
[37.901s][info][gc,heap        ] GC(214) ParOldGen: 10181K(1398272K)->10253K(1398272K)
[37.901s][info][gc,metaspace   ] GC(214) Metaspace: 14310K(15360K)->14310K(15360K) NonClass: 12341K(12992K)->12341K(12992K) Class: 1969K(2368K)->1969K(2368K)
[37.901s][info][gc             ] GC(214) Pause Young (Allocation Failure) 268M->10M(1620M) 2.499ms
[37.901s][info][gc,cpu         ] GC(214) User=0.00s Sys=0.00s Real=0.00s
[38.084s][info][gc,start       ] GC(215) Pause Young (Allocation Failure)
[38.086s][info][gc,heap        ] GC(215) PSYoungGen: 261088K(261120K)->1024K(257024K) Eden: 260096K(260096K)->0K(256000K) From: 992K(1024K)->1024K(1024K)
[38.086s][info][gc,heap        ] GC(215) ParOldGen: 10253K(1398272K)->10349K(1398272K)
[38.086s][info][gc,metaspace   ] GC(215) Metaspace: 14310K(15360K)->14310K(15360K) NonClass: 12341K(12992K)->12341K(12992K) Class: 1969K(2368K)->1969K(2368K)
[38.086s][info][gc             ] GC(215) Pause Young (Allocation Failure) 264M->11M(1616M) 1.741ms
[38.086s][info][gc,cpu         ] GC(215) User=0.00s Sys=0.00s Real=0.00s
[38.261s][info][gc,start       ] GC(216) Pause Young (Allocation Failure)
[38.263s][info][gc,heap        ] GC(216) PSYoungGen: 257024K(257024K)->1024K(252928K) Eden: 256000K(256000K)->0K(251904K) From: 1024K(1024K)->1024K(1024K)
[38.263s][info][gc,heap        ] GC(216) ParOldGen: 10349K(1398272K)->10437K(1398272K)
[38.263s][info][gc,metaspace   ] GC(216) Metaspace: 14310K(15360K)->14310K(15360K) NonClass: 12341K(12992K)->12341K(12992K) Class: 1969K(2368K)->1969K(2368K)
[38.263s][info][gc             ] GC(216) Pause Young (Allocation Failure) 261M->11M(1612M) 1.664ms
[38.263s][info][gc,cpu         ] GC(216) User=0.00s Sys=0.00s Real=0.00s
[38.445s][info][gc,start       ] GC(217) Pause Young (Allocation Failure)
[38.447s][info][gc,heap        ] GC(217) PSYoungGen: 252928K(252928K)->1024K(249344K) Eden: 251904K(251904K)->0K(248320K) From: 1024K(1024K)->1024K(1024K)
[38.447s][info][gc,heap        ] GC(217) ParOldGen: 10437K(1398272K)->10509K(1398272K)
[38.447s][info][gc,metaspace   ] GC(217) Metaspace: 14310K(15360K)->14310K(15360K) NonClass: 12341K(12992K)->12341K(12992K) Class: 1969K(2368K)->1969K(2368K)
[38.447s][info][gc             ] GC(217) Pause Young (Allocation Failure) 257M->11M(1609M) 1.597ms
[38.447s][info][gc,cpu         ] GC(217) User=0.00s Sys=0.00s Real=0.00s
[38.614s][info][gc,start       ] GC(218) Pause Young (Allocation Failure)
[38.615s][info][gc,heap        ] GC(218) PSYoungGen: 249344K(249344K)->960K(245760K) Eden: 248320K(248320K)->0K(244736K) From: 1024K(1024K)->960K(1024K)
[38.615s][info][gc,heap        ] GC(218) ParOldGen: 10509K(1398272K)->10581K(1398272K)
[38.615s][info][gc,metaspace   ] GC(218) Metaspace: 14310K(15360K)->14310K(15360K) NonClass: 12341K(12992K)->12341K(12992K) Class: 1969K(2368K)->1969K(2368K)
[38.615s][info][gc             ] GC(218) Pause Young (Allocation Failure) 253M->11M(1605M) 1.515ms
[38.615s][info][gc,cpu         ] GC(218) User=0.00s Sys=0.00s Real=0.00s
[38.771s][info][gc,start       ] GC(219) Pause Young (Allocation Failure)
[38.773s][info][gc,heap        ] GC(219) PSYoungGen: 245696K(245760K)->1024K(242176K) Eden: 244736K(244736K)->0K(241152K) From: 960K(1024K)->1024K(1024K)
[38.773s][info][gc,heap        ] GC(219) ParOldGen: 10581K(1398272K)->10645K(1398272K)
[38.773s][info][gc,metaspace   ] GC(219) Metaspace: 14310K(15360K)->14310K(15360K) NonClass: 12341K(12992K)->12341K(12992K) Class: 1969K(2368K)->1969K(2368K)
[38.773s][info][gc             ] GC(219) Pause Young (Allocation Failure) 250M->11M(1602M) 1.538ms
[38.773s][info][gc,cpu         ] GC(219) User=0.00s Sys=0.00s Real=0.00s
[38.927s][info][gc,start       ] GC(220) Pause Young (Allocation Failure)
[38.928s][info][gc,heap        ] GC(220) PSYoungGen: 242176K(242176K)->1024K(238592K) Eden: 241152K(241152K)->0K(237568K) From: 1024K(1024K)->1024K(1024K)
[38.928s][info][gc,heap        ] GC(220) ParOldGen: 10645K(1398272K)->10693K(1398272K)
[38.928s][info][gc,metaspace   ] GC(220) Metaspace: 14310K(15360K)->14310K(15360K) NonClass: 12341K(12992K)->12341K(12992K) Class: 1969K(2368K)->1969K(2368K)
[38.928s][info][gc             ] GC(220) Pause Young (Allocation Failure) 246M->11M(1598M) 1.539ms
[38.928s][info][gc,cpu         ] GC(220) User=0.00s Sys=0.00s Real=0.00s
[39.081s][info][gc,start       ] GC(221) Pause Young (Allocation Failure)
[39.082s][info][gc,heap        ] GC(221) PSYoungGen: 238592K(238592K)->1024K(235008K) Eden: 237568K(237568K)->0K(233984K) From: 1024K(1024K)->1024K(1024K)
[39.082s][info][gc,heap        ] GC(221) ParOldGen: 10693K(1398272K)->10765K(1398272K)
[39.082s][info][gc,metaspace   ] GC(221) Metaspace: 14310K(15360K)->14310K(15360K) NonClass: 12341K(12992K)->12341K(12992K) Class: 1969K(2368K)->1969K(2368K)
[39.082s][info][gc             ] GC(221) Pause Young (Allocation Failure) 243M->11M(1595M) 1.584ms
[39.082s][info][gc,cpu         ] GC(221) User=0.00s Sys=0.00s Real=0.00s
[39.233s][info][gc,start       ] GC(222) Pause Young (Allocation Failure)
[39.235s][info][gc,heap        ] GC(222) PSYoungGen: 235008K(235008K)->1024K(231424K) Eden: 233984K(233984K)->0K(230400K) From: 1024K(1024K)->1024K(1024K)
[39.235s][info][gc,heap        ] GC(222) ParOldGen: 10765K(1398272K)->10829K(1398272K)
[39.235s][info][gc,metaspace   ] GC(222) Metaspace: 14310K(15360K)->14310K(15360K) NonClass: 12341K(12992K)->12341K(12992K) Class: 1969K(2368K)->1969K(2368K)
[39.235s][info][gc             ] GC(222) Pause Young (Allocation Failure) 240M->11M(1591M) 1.581ms
[39.235s][info][gc,cpu         ] GC(222) User=0.00s Sys=0.00s Real=0.00s
[39.382s][info][gc,start       ] GC(223) Pause Young (Allocation Failure)
[39.384s][info][gc,heap        ] GC(223) PSYoungGen: 231424K(231424K)->992K(228352K) Eden: 230400K(230400K)->0K(227328K) From: 1024K(1024K)->992K(1024K)
[39.384s][info][gc,heap        ] GC(223) ParOldGen: 10829K(1398272K)->10885K(1398272K)
[39.384s][info][gc,metaspace   ] GC(223) Metaspace: 14310K(15360K)->14310K(15360K) NonClass: 12341K(12992K)->12341K(12992K) Class: 1969K(2368K)->1969K(2368K)
[39.384s][info][gc             ] GC(223) Pause Young (Allocation Failure) 236M->11M(1588M) 1.686ms
[39.384s][info][gc,cpu         ] GC(223) User=0.00s Sys=0.00s Real=0.00s
[39.530s][info][gc,start       ] GC(224) Pause Young (Allocation Failure)
[39.531s][info][gc,heap        ] GC(224) PSYoungGen: 228320K(228352K)->1024K(225280K) Eden: 227328K(227328K)->0K(224256K) From: 992K(1024K)->1024K(1024K)
[39.532s][info][gc,heap        ] GC(224) ParOldGen: 10885K(1398272K)->10949K(1398272K)
[39.532s][info][gc,metaspace   ] GC(224) Metaspace: 14310K(15360K)->14310K(15360K) NonClass: 12341K(12992K)->12341K(12992K) Class: 1969K(2368K)->1969K(2368K)
[39.532s][info][gc             ] GC(224) Pause Young (Allocation Failure) 233M->11M(1585M) 1.659ms
[39.532s][info][gc,cpu         ] GC(224) User=0.00s Sys=0.00s Real=0.00s
[39.677s][info][gc,start       ] GC(225) Pause Young (Allocation Failure)
[39.678s][info][gc,heap        ] GC(225) PSYoungGen: 225280K(225280K)->992K(222208K) Eden: 224256K(224256K)->0K(221184K) From: 1024K(1024K)->992K(1024K)
[39.678s][info][gc,heap        ] GC(225) ParOldGen: 10949K(1398272K)->11013K(1398272K)
[39.678s][info][gc,metaspace   ] GC(225) Metaspace: 14310K(15360K)->14310K(15360K) NonClass: 12341K(12992K)->12341K(12992K) Class: 1969K(2368K)->1969K(2368K)
[39.678s][info][gc             ] GC(225) Pause Young (Allocation Failure) 230M->11M(1582M) 1.702ms
[39.678s][info][gc,cpu         ] GC(225) User=0.00s Sys=0.00s Real=0.00s
[39.819s][info][gc,start       ] GC(226) Pause Young (Allocation Failure)
[39.820s][info][gc,heap        ] GC(226) PSYoungGen: 222176K(222208K)->992K(219136K) Eden: 221184K(221184K)->0K(218112K) From: 992K(1024K)->992K(1024K)
[39.820s][info][gc,heap        ] GC(226) ParOldGen: 11013K(1398272K)->11093K(1398272K)
[39.820s][info][gc,metaspace   ] GC(226) Metaspace: 14310K(15360K)->14310K(15360K) NonClass: 12341K(12992K)->12341K(12992K) Class: 1969K(2368K)->1969K(2368K)
[39.820s][info][gc             ] GC(226) Pause Young (Allocation Failure) 227M->11M(1579M) 1.691ms
[39.820s][info][gc,cpu         ] GC(226) User=0.00s Sys=0.00s Real=0.00s
[39.961s][info][gc,start       ] GC(227) Pause Young (Allocation Failure)
[39.963s][info][gc,heap        ] GC(227) PSYoungGen: 219104K(219136K)->1024K(216064K) Eden: 218112K(218112K)->0K(215040K) From: 992K(1024K)->1024K(1024K)
[39.963s][info][gc,heap        ] GC(227) ParOldGen: 11093K(1398272K)->11133K(1398272K)
[39.963s][info][gc,metaspace   ] GC(227) Metaspace: 14310K(15360K)->14310K(15360K) NonClass: 12341K(12992K)->12341K(12992K) Class: 1969K(2368K)->1969K(2368K)
[39.963s][info][gc             ] GC(227) Pause Young (Allocation Failure) 224M->11M(1576M) 1.694ms
[39.963s][info][gc,cpu         ] GC(227) User=0.00s Sys=0.00s Real=0.00s
[40.100s][info][gc,start       ] GC(228) Pause Young (Allocation Failure)
[40.102s][info][gc,heap        ] GC(228) PSYoungGen: 216064K(216064K)->992K(259072K) Eden: 215040K(215040K)->0K(258048K) From: 1024K(1024K)->992K(1024K)
[40.102s][info][gc,heap        ] GC(228) ParOldGen: 11133K(1398272K)->11209K(1398272K)
[40.102s][info][gc,metaspace   ] GC(228) Metaspace: 14310K(15360K)->14310K(15360K) NonClass: 12341K(12992K)->12341K(12992K) Class: 1969K(2368K)->1969K(2368K)
[40.102s][info][gc             ] GC(228) Pause Young (Allocation Failure) 221M->11M(1618M) 1.772ms
[40.102s][info][gc,cpu         ] GC(228) User=0.00s Sys=0.00s Real=0.00s
[40.267s][info][gc,start       ] GC(229) Pause Young (Allocation Failure)
[40.269s][info][gc,heap        ] GC(229) PSYoungGen: 259040K(259072K)->1024K(254976K) Eden: 258048K(258048K)->0K(253952K) From: 992K(1024K)->1024K(1024K)
[40.269s][info][gc,heap        ] GC(229) ParOldGen: 11209K(1398272K)->11273K(1398272K)
[40.269s][info][gc,metaspace   ] GC(229) Metaspace: 14310K(15360K)->14310K(15360K) NonClass: 12341K(12992K)->12341K(12992K) Class: 1969K(2368K)->1969K(2368K)
[40.269s][info][gc             ] GC(229) Pause Young (Allocation Failure) 263M->12M(1614M) 1.782ms
[40.269s][info][gc,cpu         ] GC(229) User=0.00s Sys=0.00s Real=0.00s
[40.434s][info][gc,start       ] GC(230) Pause Young (Allocation Failure)
[40.436s][info][gc,heap        ] GC(230) PSYoungGen: 254976K(254976K)->960K(250880K) Eden: 253952K(253952K)->0K(249856K) From: 1024K(1024K)->960K(1024K)
[40.436s][info][gc,heap        ] GC(230) ParOldGen: 11273K(1398272K)->11345K(1398272K)
[40.436s][info][gc,metaspace   ] GC(230) Metaspace: 14310K(15360K)->14310K(15360K) NonClass: 12341K(12992K)->12341K(12992K) Class: 1969K(2368K)->1969K(2368K)
[40.436s][info][gc             ] GC(230) Pause Young (Allocation Failure) 260M->12M(1610M) 1.810ms
[40.436s][info][gc,cpu         ] GC(230) User=0.52s Sys=0.00s Real=0.00s
[40.752s][info][gc,start       ] GC(231) Pause Young (Allocation Failure)
[40.754s][info][gc,heap        ] GC(231) PSYoungGen: 250816K(250880K)->960K(247296K) Eden: 249856K(249856K)->0K(246272K) From: 960K(1024K)->960K(1024K)
[40.754s][info][gc,heap        ] GC(231) ParOldGen: 11345K(1398272K)->11393K(1398272K)
[40.754s][info][gc,metaspace   ] GC(231) Metaspace: 14310K(15360K)->14310K(15360K) NonClass: 12341K(12992K)->12341K(12992K) Class: 1969K(2368K)->1969K(2368K)
[40.754s][info][gc             ] GC(231) Pause Young (Allocation Failure) 256M->12M(1607M) 2.453ms
[40.755s][info][gc,cpu         ] GC(231) User=0.00s Sys=0.00s Real=0.00s
[40.933s][info][gc,start       ] GC(232) Pause Young (Allocation Failure)
[40.935s][info][gc,heap        ] GC(232) PSYoungGen: 247232K(247296K)->1024K(243712K) Eden: 246272K(246272K)->0K(242688K) From: 960K(1024K)->1024K(1024K)
[40.935s][info][gc,heap        ] GC(232) ParOldGen: 11393K(1398272K)->11465K(1398272K)
[40.935s][info][gc,metaspace   ] GC(232) Metaspace: 14310K(15360K)->14310K(15360K) NonClass: 12341K(12992K)->12341K(12992K) Class: 1969K(2368K)->1969K(2368K)
[40.935s][info][gc             ] GC(232) Pause Young (Allocation Failure) 252M->12M(1603M) 1.783ms
[40.935s][info][gc,cpu         ] GC(232) User=0.00s Sys=0.00s Real=0.00s
[41.101s][info][gc,start       ] GC(233) Pause Young (Allocation Failure)
[41.103s][info][gc,heap        ] GC(233) PSYoungGen: 243712K(243712K)->1024K(240128K) Eden: 242688K(242688K)->0K(239104K) From: 1024K(1024K)->1024K(1024K)
[41.103s][info][gc,heap        ] GC(233) ParOldGen: 11465K(1398272K)->11561K(1398272K)
[41.103s][info][gc,metaspace   ] GC(233) Metaspace: 14310K(15360K)->14310K(15360K) NonClass: 12341K(12992K)->12341K(12992K) Class: 1969K(2368K)->1969K(2368K)
[41.103s][info][gc             ] GC(233) Pause Young (Allocation Failure) 249M->12M(1600M) 1.579ms
[41.103s][info][gc,cpu         ] GC(233) User=0.00s Sys=0.00s Real=0.00s
[41.276s][info][gc,start       ] GC(234) Pause Young (Allocation Failure)
[41.277s][info][gc,heap        ] GC(234) PSYoungGen: 240128K(240128K)->992K(236544K) Eden: 239104K(239104K)->0K(235520K) From: 1024K(1024K)->992K(1024K)
[41.277s][info][gc,heap        ] GC(234) ParOldGen: 11561K(1398272K)->11633K(1398272K)
[41.277s][info][gc,metaspace   ] GC(234) Metaspace: 14310K(15360K)->14310K(15360K) NonClass: 12341K(12992K)->12341K(12992K) Class: 1969K(2368K)->1969K(2368K)
[41.277s][info][gc             ] GC(234) Pause Young (Allocation Failure) 245M->12M(1596M) 1.546ms
[41.277s][info][gc,cpu         ] GC(234) User=0.00s Sys=0.00s Real=0.00s
[41.437s][info][gc,start       ] GC(235) Pause Young (Allocation Failure)
[41.438s][info][gc,heap        ] GC(235) PSYoungGen: 236512K(236544K)->960K(232960K) Eden: 235520K(235520K)->0K(231936K) From: 992K(1024K)->960K(1024K)
[41.438s][info][gc,heap        ] GC(235) ParOldGen: 11633K(1398272K)->11721K(1398272K)
[41.438s][info][gc,metaspace   ] GC(235) Metaspace: 14310K(15360K)->14310K(15360K) NonClass: 12341K(12992K)->12341K(12992K) Class: 1969K(2368K)->1969K(2368K)
[41.438s][info][gc             ] GC(235) Pause Young (Allocation Failure) 242M->12M(1593M) 1.456ms
[41.438s][info][gc,cpu         ] GC(235) User=0.00s Sys=0.00s Real=0.00s
[41.586s][info][gc,start       ] GC(236) Pause Young (Allocation Failure)
[41.587s][info][gc,heap        ] GC(236) PSYoungGen: 232896K(232960K)->992K(229888K) Eden: 231936K(231936K)->0K(228864K) From: 960K(1024K)->992K(1024K)
[41.587s][info][gc,heap        ] GC(236) ParOldGen: 11721K(1398272K)->11817K(1398272K)
[41.587s][info][gc,metaspace   ] GC(236) Metaspace: 14310K(15360K)->14310K(15360K) NonClass: 12341K(12992K)->12341K(12992K) Class: 1969K(2368K)->1969K(2368K)
[41.588s][info][gc             ] GC(236) Pause Young (Allocation Failure) 238M->12M(1590M) 1.500ms
[41.588s][info][gc,cpu         ] GC(236) User=0.00s Sys=0.00s Real=0.00s
[41.734s][info][gc,start       ] GC(237) Pause Young (Allocation Failure)
[41.735s][info][gc,heap        ] GC(237) PSYoungGen: 229856K(229888K)->992K(226816K) Eden: 228864K(228864K)->0K(225792K) From: 992K(1024K)->992K(1024K)
[41.735s][info][gc,heap        ] GC(237) ParOldGen: 11817K(1398272K)->11881K(1398272K)
[41.735s][info][gc,metaspace   ] GC(237) Metaspace: 14310K(15360K)->14310K(15360K) NonClass: 12341K(12992K)->12341K(12992K) Class: 1969K(2368K)->1969K(2368K)
[41.735s][info][gc             ] GC(237) Pause Young (Allocation Failure) 236M->12M(1587M) 1.488ms
[41.735s][info][gc,cpu         ] GC(237) User=0.00s Sys=0.00s Real=0.00s
[41.878s][info][gc,start       ] GC(238) Pause Young (Allocation Failure)
[41.880s][info][gc,heap        ] GC(238) PSYoungGen: 226784K(226816K)->1024K(223744K) Eden: 225792K(225792K)->0K(222720K) From: 992K(1024K)->1024K(1024K)
[41.880s][info][gc,heap        ] GC(238) ParOldGen: 11881K(1398272K)->11929K(1398272K)
[41.880s][info][gc,metaspace   ] GC(238) Metaspace: 14310K(15360K)->14310K(15360K) NonClass: 12341K(12992K)->12341K(12992K) Class: 1969K(2368K)->1969K(2368K)
[41.880s][info][gc             ] GC(238) Pause Young (Allocation Failure) 233M->12M(1584M) 1.531ms
[41.880s][info][gc,cpu         ] GC(238) User=0.00s Sys=0.00s Real=0.00s
[42.023s][info][gc,start       ] GC(239) Pause Young (Allocation Failure)
[42.025s][info][gc,heap        ] GC(239) PSYoungGen: 223744K(223744K)->1024K(220672K) Eden: 222720K(222720K)->0K(219648K) From: 1024K(1024K)->1024K(1024K)
[42.025s][info][gc,heap        ] GC(239) ParOldGen: 11929K(1398272K)->11985K(1398272K)
[42.025s][info][gc,metaspace   ] GC(239) Metaspace: 14310K(15360K)->14310K(15360K) NonClass: 12341K(12992K)->12341K(12992K) Class: 1969K(2368K)->1969K(2368K)
[42.025s][info][gc             ] GC(239) Pause Young (Allocation Failure) 230M->12M(1581M) 1.547ms
[42.025s][info][gc,cpu         ] GC(239) User=0.00s Sys=0.00s Real=0.00s
[42.163s][info][gc,start       ] GC(240) Pause Young (Allocation Failure)
[42.164s][info][gc,heap        ] GC(240) PSYoungGen: 220672K(220672K)->928K(217600K) Eden: 219648K(219648K)->0K(216576K) From: 1024K(1024K)->928K(1024K)
[42.164s][info][gc,heap        ] GC(240) ParOldGen: 11985K(1398272K)->12049K(1398272K)
[42.165s][info][gc,metaspace   ] GC(240) Metaspace: 14310K(15360K)->14310K(15360K) NonClass: 12341K(12992K)->12341K(12992K) Class: 1969K(2368K)->1969K(2368K)
[42.165s][info][gc             ] GC(240) Pause Young (Allocation Failure) 227M->12M(1578M) 1.501ms
[42.165s][info][gc,cpu         ] GC(240) User=0.00s Sys=0.00s Real=0.00s
[42.299s][info][gc,start       ] GC(241) Pause Young (Allocation Failure)
[42.300s][info][gc,heap        ] GC(241) PSYoungGen: 217504K(217600K)->960K(214528K) Eden: 216576K(216576K)->0K(213504K) From: 928K(1024K)->960K(1024K)
[42.324s][info][gc,heap        ] GC(241) ParOldGen: 12049K(1398272K)->12105K(1398272K)
[42.324s][info][gc,metaspace   ] GC(241) Metaspace: 14310K(15360K)->14310K(15360K) NonClass: 12341K(12992K)->12341K(12992K) Class: 1969K(2368K)->1969K(2368K)
[42.324s][info][gc             ] GC(241) Pause Young (Allocation Failure) 224M->12M(1575M) 24.831ms
[42.324s][info][gc,cpu         ] GC(241) User=0.00s Sys=0.00s Real=0.01s
[42.462s][info][gc,start       ] GC(242) Pause Young (Allocation Failure)
[42.464s][info][gc,heap        ] GC(242) PSYoungGen: 214464K(214528K)->960K(211456K) Eden: 213504K(213504K)->0K(210432K) From: 960K(1024K)->960K(1024K)
[42.464s][info][gc,heap        ] GC(242) ParOldGen: 12105K(1398272K)->12169K(1398272K)
[42.464s][info][gc,metaspace   ] GC(242) Metaspace: 14310K(15360K)->14310K(15360K) NonClass: 12341K(12992K)->12341K(12992K) Class: 1969K(2368K)->1969K(2368K)
[42.464s][info][gc             ] GC(242) Pause Young (Allocation Failure) 221M->12M(1572M) 1.594ms
[42.464s][info][gc,cpu         ] GC(242) User=0.00s Sys=0.00s Real=0.00s
[42.594s][info][gc,start       ] GC(243) Pause Young (Allocation Failure)
[42.595s][info][gc,heap        ] GC(243) PSYoungGen: 211392K(211456K)->800K(208896K) Eden: 210432K(210432K)->0K(207872K) From: 960K(1024K)->800K(1024K)
[42.595s][info][gc,heap        ] GC(243) ParOldGen: 12169K(1398272K)->12241K(1398272K)
[42.595s][info][gc,metaspace   ] GC(243) Metaspace: 14310K(15360K)->14310K(15360K) NonClass: 12341K(12992K)->12341K(12992K) Class: 1969K(2368K)->1969K(2368K)
[42.595s][info][gc             ] GC(243) Pause Young (Allocation Failure) 218M->12M(1569M) 1.627ms
[42.595s][info][gc,cpu         ] GC(243) User=0.00s Sys=0.00s Real=0.00s
[42.688s][info][gc,start       ] GC(244) Pause Young (Allocation Failure)
[42.689s][info][gc,heap        ] GC(244) PSYoungGen: 208672K(208896K)->800K(250880K) Eden: 207872K(207872K)->0K(249856K) From: 800K(1024K)->800K(1024K)
[42.690s][info][gc,heap        ] GC(244) ParOldGen: 12241K(1398272K)->12297K(1398272K)
[42.690s][info][gc,metaspace   ] GC(244) Metaspace: 14310K(15360K)->14310K(15360K) NonClass: 12341K(12992K)->12341K(12992K) Class: 1969K(2368K)->1969K(2368K)
[42.690s][info][gc             ] GC(244) Pause Young (Allocation Failure) 215M->12M(1610M) 1.554ms
[42.690s][info][gc,cpu         ] GC(244) User=0.00s Sys=0.00s Real=0.00s
[42.810s][info][gc,start       ] GC(245) Pause Young (Allocation Failure)
[42.811s][info][gc,heap        ] GC(245) PSYoungGen: 250656K(250880K)->608K(301056K) Eden: 249856K(249856K)->0K(300032K) From: 800K(1024K)->608K(1024K)
[42.811s][info][gc,heap        ] GC(245) ParOldGen: 12297K(1398272K)->12337K(1398272K)
[42.811s][info][gc,metaspace   ] GC(245) Metaspace: 14310K(15360K)->14310K(15360K) NonClass: 12341K(12992K)->12341K(12992K) Class: 1969K(2368K)->1969K(2368K)
[42.811s][info][gc             ] GC(245) Pause Young (Allocation Failure) 256M->12M(1659M) 1.545ms
[42.811s][info][gc,cpu         ] GC(245) User=0.52s Sys=0.00s Real=0.00s
[42.986s][info][gc,start       ] GC(246) Pause Young (System.gc())
[42.988s][info][gc,heap        ] GC(246) PSYoungGen: 116038K(301056K)->256K(300544K) Eden: 115430K(300032K)->0K(300032K) From: 608K(1024K)->256K(512K)
[42.988s][info][gc,heap        ] GC(246) ParOldGen: 12337K(1398272K)->12417K(1398272K)
[42.988s][info][gc,metaspace   ] GC(246) Metaspace: 14310K(15360K)->14310K(15360K) NonClass: 12341K(12992K)->12341K(12992K) Class: 1969K(2368K)->1969K(2368K)
[42.988s][info][gc             ] GC(246) Pause Young (System.gc()) 125M->12M(1659M) 2.378ms
[42.988s][info][gc,cpu         ] GC(246) User=0.00s Sys=0.00s Real=0.00s
[42.988s][info][gc,start       ] GC(247) Pause Full (System.gc())
[42.988s][info][gc,phases,start] GC(247) Marking Phase
[43.005s][info][gc,phases      ] GC(247) Marking Phase 16.509ms
[43.005s][info][gc,phases,start] GC(247) Summary Phase
[43.005s][info][gc,phases      ] GC(247) Summary Phase 0.021ms
[43.005s][info][gc,phases,start] GC(247) Adjust Roots
[43.008s][info][gc,phases      ] GC(247) Adjust Roots 2.931ms
[43.008s][info][gc,phases,start] GC(247) Compaction Phase
[43.010s][info][gc,phases      ] GC(247) Compaction Phase 2.626ms
[43.010s][info][gc,phases,start] GC(247) Post Compact
[43.011s][info][gc,phases      ] GC(247) Post Compact 0.519ms
[43.011s][info][gc,heap        ] GC(247) PSYoungGen: 256K(300544K)->0K(300544K) Eden: 0K(300032K)->0K(300032K) From: 256K(512K)->0K(512K)
[43.011s][info][gc,heap        ] GC(247) ParOldGen: 12417K(1398272K)->5387K(1398272K)
[43.011s][info][gc,metaspace   ] GC(247) Metaspace: 14310K(15360K)->14310K(15360K) NonClass: 12341K(12992K)->12341K(12992K) Class: 1969K(2368K)->1969K(2368K)
[43.011s][info][gc             ] GC(247) Pause Full (System.gc()) 12M->5M(1659M) 22.843ms
[43.011s][info][gc,cpu         ] GC(247) User=0.02s Sys=0.00s Real=0.01s
[43.268s][info][gc,start       ] GC(248) Pause Young (Allocation Failure)
[43.270s][info][gc,heap        ] GC(248) PSYoungGen: 300032K(300544K)->1536K(296448K) Eden: 300032K(300032K)->0K(294912K) From: 0K(512K)->1536K(1536K)
[43.270s][info][gc,heap        ] GC(248) ParOldGen: 5387K(1398272K)->5572K(1398272K)
[43.270s][info][gc,metaspace   ] GC(248) Metaspace: 14310K(15360K)->14310K(15360K) NonClass: 12341K(12992K)->12341K(12992K) Class: 1969K(2368K)->1969K(2368K)
[43.270s][info][gc             ] GC(248) Pause Young (Allocation Failure) 298M->6M(1655M) 1.863ms
[43.270s][info][gc,cpu         ] GC(248) User=0.00s Sys=0.00s Real=0.00s
[43.449s][info][gc,start       ] GC(249) Pause Young (Allocation Failure)
[43.451s][info][gc,heap        ] GC(249) PSYoungGen: 296448K(296448K)->1024K(290816K) Eden: 294912K(294912K)->0K(289792K) From: 1536K(1536K)->1024K(1024K)
[43.451s][info][gc,heap        ] GC(249) ParOldGen: 5572K(1398272K)->7100K(1398272K)
[43.451s][info][gc,metaspace   ] GC(249) Metaspace: 14310K(15360K)->14310K(15360K) NonClass: 12341K(12992K)->12341K(12992K) Class: 1969K(2368K)->1969K(2368K)
[43.451s][info][gc             ] GC(249) Pause Young (Allocation Failure) 294M->7M(1649M) 1.924ms
[43.451s][info][gc,cpu         ] GC(249) User=0.00s Sys=0.00s Real=0.00s
[43.635s][info][gc,start       ] GC(250) Pause Young (Allocation Failure)
[43.637s][info][gc,heap        ] GC(250) PSYoungGen: 290816K(290816K)->1024K(285696K) Eden: 289792K(289792K)->0K(284672K) From: 1024K(1024K)->1024K(1024K)
[43.637s][info][gc,heap        ] GC(250) ParOldGen: 7100K(1398272K)->7188K(1398272K)
[43.637s][info][gc,metaspace   ] GC(250) Metaspace: 14310K(15360K)->14310K(15360K) NonClass: 12341K(12992K)->12341K(12992K) Class: 1969K(2368K)->1969K(2368K)
[43.637s][info][gc             ] GC(250) Pause Young (Allocation Failure) 290M->8M(1644M) 1.873ms
[43.637s][info][gc,cpu         ] GC(250) User=0.00s Sys=0.00s Real=0.00s
[43.819s][info][gc,start       ] GC(251) Pause Young (Allocation Failure)
[43.821s][info][gc,heap        ] GC(251) PSYoungGen: 285696K(285696K)->1024K(281088K) Eden: 284672K(284672K)->0K(280064K) From: 1024K(1024K)->1024K(1024K)
[43.821s][info][gc,heap        ] GC(251) ParOldGen: 7188K(1398272K)->7276K(1398272K)
[43.821s][info][gc,metaspace   ] GC(251) Metaspace: 14310K(15360K)->14310K(15360K) NonClass: 12341K(12992K)->12341K(12992K) Class: 1969K(2368K)->1969K(2368K)
[43.821s][info][gc             ] GC(251) Pause Young (Allocation Failure) 286M->8M(1640M) 1.800ms
[43.821s][info][gc,cpu         ] GC(251) User=0.00s Sys=0.00s Real=0.00s
[44.003s][info][gc,start       ] GC(252) Pause Young (Allocation Failure)
[44.005s][info][gc,heap        ] GC(252) PSYoungGen: 281088K(281088K)->1024K(276480K) Eden: 280064K(280064K)->0K(275456K) From: 1024K(1024K)->1024K(1024K)
[44.005s][info][gc,heap        ] GC(252) ParOldGen: 7276K(1398272K)->7356K(1398272K)
[44.005s][info][gc,metaspace   ] GC(252) Metaspace: 14310K(15360K)->14310K(15360K) NonClass: 12341K(12992K)->12341K(12992K) Class: 1969K(2368K)->1969K(2368K)
[44.005s][info][gc             ] GC(252) Pause Young (Allocation Failure) 281M->8M(1635M) 1.889ms
[44.005s][info][gc,cpu         ] GC(252) User=0.00s Sys=0.00s Real=0.00s
[44.184s][info][gc,start       ] GC(253) Pause Young (Allocation Failure)
[44.186s][info][gc,heap        ] GC(253) PSYoungGen: 276480K(276480K)->1024K(271872K) Eden: 275456K(275456K)->0K(270848K) From: 1024K(1024K)->1024K(1024K)
[44.186s][info][gc,heap        ] GC(253) ParOldGen: 7356K(1398272K)->7428K(1398272K)
[44.186s][info][gc,metaspace   ] GC(253) Metaspace: 14310K(15360K)->14310K(15360K) NonClass: 12341K(12992K)->12341K(12992K) Class: 1969K(2368K)->1969K(2368K)
[44.186s][info][gc             ] GC(253) Pause Young (Allocation Failure) 277M->8M(1631M) 1.875ms
[44.186s][info][gc,cpu         ] GC(253) User=0.52s Sys=0.00s Real=0.00s
[44.360s][info][gc,start       ] GC(254) Pause Young (Allocation Failure)
[44.361s][info][gc,heap        ] GC(254) PSYoungGen: 271872K(271872K)->1024K(267264K) Eden: 270848K(270848K)->0K(266240K) From: 1024K(1024K)->1024K(1024K)
[44.362s][info][gc,heap        ] GC(254) ParOldGen: 7428K(1398272K)->7516K(1398272K)
[44.362s][info][gc,metaspace   ] GC(254) Metaspace: 14310K(15360K)->14310K(15360K) NonClass: 12341K(12992K)->12341K(12992K) Class: 1969K(2368K)->1969K(2368K)
[44.362s][info][gc             ] GC(254) Pause Young (Allocation Failure) 272M->8M(1626M) 1.978ms
[44.362s][info][gc,cpu         ] GC(254) User=0.00s Sys=0.00s Real=0.00s
[44.612s][info][gc,start       ] GC(255) Pause Young (Allocation Failure)
[44.614s][info][gc,heap        ] GC(255) PSYoungGen: 267264K(267264K)->1024K(263168K) Eden: 266240K(266240K)->0K(262144K) From: 1024K(1024K)->1024K(1024K)
[44.614s][info][gc,heap        ] GC(255) ParOldGen: 7516K(1398272K)->7612K(1398272K)
[44.614s][info][gc,metaspace   ] GC(255) Metaspace: 14310K(15360K)->14310K(15360K) NonClass: 12341K(12992K)->12341K(12992K) Class: 1969K(2368K)->1969K(2368K)
[44.614s][info][gc             ] GC(255) Pause Young (Allocation Failure) 268M->8M(1622M) 2.597ms
[44.614s][info][gc,cpu         ] GC(255) User=0.00s Sys=0.00s Real=0.00s
[44.798s][info][gc,start       ] GC(256) Pause Young (Allocation Failure)
[44.800s][info][gc,heap        ] GC(256) PSYoungGen: 263168K(263168K)->1024K(259072K) Eden: 262144K(262144K)->0K(258048K) From: 1024K(1024K)->1024K(1024K)
[44.800s][info][gc,heap        ] GC(256) ParOldGen: 7612K(1398272K)->7676K(1398272K)
[44.800s][info][gc,metaspace   ] GC(256) Metaspace: 14310K(15360K)->14310K(15360K) NonClass: 12341K(12992K)->12341K(12992K) Class: 1969K(2368K)->1969K(2368K)
[44.800s][info][gc             ] GC(256) Pause Young (Allocation Failure) 264M->8M(1618M) 1.856ms
[44.800s][info][gc,cpu         ] GC(256) User=0.00s Sys=0.00s Real=0.00s
[44.991s][info][gc,start       ] GC(257) Pause Young (Allocation Failure)
[44.992s][info][gc,heap        ] GC(257) PSYoungGen: 259072K(259072K)->1024K(254976K) Eden: 258048K(258048K)->0K(253952K) From: 1024K(1024K)->1024K(1024K)
[44.992s][info][gc,heap        ] GC(257) ParOldGen: 7676K(1398272K)->7740K(1398272K)
[44.992s][info][gc,metaspace   ] GC(257) Metaspace: 14310K(15360K)->14310K(15360K) NonClass: 12341K(12992K)->12341K(12992K) Class: 1969K(2368K)->1969K(2368K)
[44.992s][info][gc             ] GC(257) Pause Young (Allocation Failure) 260M->8M(1614M) 1.694ms
[44.992s][info][gc,cpu         ] GC(257) User=0.00s Sys=0.00s Real=0.00s
[45.162s][info][gc,start       ] GC(258) Pause Young (Allocation Failure)
[45.164s][info][gc,heap        ] GC(258) PSYoungGen: 254976K(254976K)->1024K(250880K) Eden: 253952K(253952K)->0K(249856K) From: 1024K(1024K)->1024K(1024K)
[45.164s][info][gc,heap        ] GC(258) ParOldGen: 7740K(1398272K)->7820K(1398272K)
[45.164s][info][gc,metaspace   ] GC(258) Metaspace: 14310K(15360K)->14310K(15360K) NonClass: 12341K(12992K)->12341K(12992K) Class: 1969K(2368K)->1969K(2368K)
[45.164s][info][gc             ] GC(258) Pause Young (Allocation Failure) 256M->8M(1610M) 1.623ms
[45.164s][info][gc,cpu         ] GC(258) User=0.00s Sys=0.00s Real=0.00s
[45.326s][info][gc,start       ] GC(259) Pause Young (Allocation Failure)
[45.328s][info][gc,heap        ] GC(259) PSYoungGen: 250880K(250880K)->992K(247296K) Eden: 249856K(249856K)->0K(246272K) From: 1024K(1024K)->992K(1024K)
[45.328s][info][gc,heap        ] GC(259) ParOldGen: 7820K(1398272K)->7908K(1398272K)
[45.328s][info][gc,metaspace   ] GC(259) Metaspace: 14310K(15360K)->14310K(15360K) NonClass: 12341K(12992K)->12341K(12992K) Class: 1969K(2368K)->1969K(2368K)
[45.328s][info][gc             ] GC(259) Pause Young (Allocation Failure) 252M->8M(1607M) 1.653ms
[45.328s][info][gc,cpu         ] GC(259) User=0.00s Sys=0.00s Real=0.00s
[45.485s][info][gc,start       ] GC(260) Pause Young (Allocation Failure)
[45.487s][info][gc,heap        ] GC(260) PSYoungGen: 247264K(247296K)->1024K(243712K) Eden: 246272K(246272K)->0K(242688K) From: 992K(1024K)->1024K(1024K)
[45.487s][info][gc,heap        ] GC(260) ParOldGen: 7908K(1398272K)->7980K(1398272K)
[45.487s][info][gc,metaspace   ] GC(260) Metaspace: 14310K(15360K)->14310K(15360K) NonClass: 12341K(12992K)->12341K(12992K) Class: 1969K(2368K)->1969K(2368K)
[45.487s][info][gc             ] GC(260) Pause Young (Allocation Failure) 249M->8M(1603M) 1.632ms
[45.487s][info][gc,cpu         ] GC(260) User=0.00s Sys=0.00s Real=0.00s
[45.656s][info][gc,start       ] GC(261) Pause Young (Allocation Failure)
[45.658s][info][gc,heap        ] GC(261) PSYoungGen: 243712K(243712K)->992K(240128K) Eden: 242688K(242688K)->0K(239104K) From: 1024K(1024K)->992K(1024K)
[45.658s][info][gc,heap        ] GC(261) ParOldGen: 7980K(1398272K)->8036K(1398272K)
[45.658s][info][gc,metaspace   ] GC(261) Metaspace: 14310K(15360K)->14310K(15360K) NonClass: 12341K(12992K)->12341K(12992K) Class: 1969K(2368K)->1969K(2368K)
[45.658s][info][gc             ] GC(261) Pause Young (Allocation Failure) 245M->8M(1600M) 1.655ms
[45.658s][info][gc,cpu         ] GC(261) User=0.00s Sys=0.00s Real=0.00s
[45.812s][info][gc,start       ] GC(262) Pause Young (Allocation Failure)
[45.814s][info][gc,heap        ] GC(262) PSYoungGen: 240096K(240128K)->1024K(236544K) Eden: 239104K(239104K)->0K(235520K) From: 992K(1024K)->1024K(1024K)
[45.814s][info][gc,heap        ] GC(262) ParOldGen: 8036K(1398272K)->8116K(1398272K)
[45.814s][info][gc,metaspace   ] GC(262) Metaspace: 14310K(15360K)->14310K(15360K) NonClass: 12341K(12992K)->12341K(12992K) Class: 1969K(2368K)->1969K(2368K)
[45.814s][info][gc             ] GC(262) Pause Young (Allocation Failure) 242M->8M(1596M) 1.661ms
[45.814s][info][gc,cpu         ] GC(262) User=0.00s Sys=0.00s Real=0.00s
[45.964s][info][gc,start       ] GC(263) Pause Young (Allocation Failure)
[45.965s][info][gc,heap        ] GC(263) PSYoungGen: 236544K(236544K)->1024K(232960K) Eden: 235520K(235520K)->0K(231936K) From: 1024K(1024K)->1024K(1024K)
[45.965s][info][gc,heap        ] GC(263) ParOldGen: 8116K(1398272K)->8188K(1398272K)
[45.966s][info][gc,metaspace   ] GC(263) Metaspace: 14310K(15360K)->14310K(15360K) NonClass: 12341K(12992K)->12341K(12992K) Class: 1969K(2368K)->1969K(2368K)
[45.966s][info][gc             ] GC(263) Pause Young (Allocation Failure) 238M->8M(1593M) 1.683ms
[45.966s][info][gc,cpu         ] GC(263) User=0.00s Sys=0.00s Real=0.00s
[46.115s][info][gc,start       ] GC(264) Pause Young (Allocation Failure)
[46.117s][info][gc,heap        ] GC(264) PSYoungGen: 232960K(232960K)->928K(229888K) Eden: 231936K(231936K)->0K(228864K) From: 1024K(1024K)->928K(1024K)
[46.117s][info][gc,heap        ] GC(264) ParOldGen: 8188K(1398272K)->8252K(1398272K)
[46.117s][info][gc,metaspace   ] GC(264) Metaspace: 14310K(15360K)->14310K(15360K) NonClass: 12341K(12992K)->12341K(12992K) Class: 1969K(2368K)->1969K(2368K)
[46.117s][info][gc             ] GC(264) Pause Young (Allocation Failure) 235M->8M(1590M) 1.708ms
[46.117s][info][gc,cpu         ] GC(264) User=0.00s Sys=0.00s Real=0.00s
[46.264s][info][gc,start       ] GC(265) Pause Young (Allocation Failure)
[46.265s][info][gc,heap        ] GC(265) PSYoungGen: 229792K(229888K)->992K(226816K) Eden: 228864K(228864K)->0K(225792K) From: 928K(1024K)->992K(1024K)
[46.265s][info][gc,heap        ] GC(265) ParOldGen: 8252K(1398272K)->8340K(1398272K)
[46.265s][info][gc,metaspace   ] GC(265) Metaspace: 14310K(15360K)->14310K(15360K) NonClass: 12341K(12992K)->12341K(12992K) Class: 1969K(2368K)->1969K(2368K)
[46.265s][info][gc             ] GC(265) Pause Young (Allocation Failure) 232M->9M(1587M) 1.689ms
[46.265s][info][gc,cpu         ] GC(265) User=0.52s Sys=0.00s Real=0.00s
[46.413s][info][gc,start       ] GC(266) Pause Young (Allocation Failure)
[46.415s][info][gc,heap        ] GC(266) PSYoungGen: 226784K(226816K)->1024K(223744K) Eden: 225792K(225792K)->0K(222720K) From: 992K(1024K)->1024K(1024K)
[46.415s][info][gc,heap        ] GC(266) ParOldGen: 8340K(1398272K)->8420K(1398272K)
[46.415s][info][gc,metaspace   ] GC(266) Metaspace: 14310K(15360K)->14310K(15360K) NonClass: 12341K(12992K)->12341K(12992K) Class: 1969K(2368K)->1969K(2368K)
[46.415s][info][gc             ] GC(266) Pause Young (Allocation Failure) 229M->9M(1584M) 1.735ms
[46.415s][info][gc,cpu         ] GC(266) User=0.00s Sys=0.00s Real=0.00s
[46.559s][info][gc,start       ] GC(267) Pause Young (Allocation Failure)
[46.561s][info][gc,heap        ] GC(267) PSYoungGen: 223744K(223744K)->992K(220672K) Eden: 222720K(222720K)->0K(219648K) From: 1024K(1024K)->992K(1024K)
[46.561s][info][gc,heap        ] GC(267) ParOldGen: 8420K(1398272K)->8476K(1398272K)
[46.561s][info][gc,metaspace   ] GC(267) Metaspace: 14310K(15360K)->14310K(15360K) NonClass: 12341K(12992K)->12341K(12992K) Class: 1969K(2368K)->1969K(2368K)
[46.561s][info][gc             ] GC(267) Pause Young (Allocation Failure) 226M->9M(1581M) 1.757ms
[46.561s][info][gc,cpu         ] GC(267) User=0.00s Sys=0.00s Real=0.00s
[46.702s][info][gc,start       ] GC(268) Pause Young (Allocation Failure)
[46.703s][info][gc,heap        ] GC(268) PSYoungGen: 220640K(220672K)->1024K(217600K) Eden: 219648K(219648K)->0K(216576K) From: 992K(1024K)->1024K(1024K)
[46.703s][info][gc,heap        ] GC(268) ParOldGen: 8476K(1398272K)->8564K(1398272K)
[46.703s][info][gc,metaspace   ] GC(268) Metaspace: 14310K(15360K)->14310K(15360K) NonClass: 12341K(12992K)->12341K(12992K) Class: 1969K(2368K)->1969K(2368K)
[46.703s][info][gc             ] GC(268) Pause Young (Allocation Failure) 223M->9M(1578M) 1.752ms
[46.703s][info][gc,cpu         ] GC(268) User=0.00s Sys=0.00s Real=0.00s
[46.842s][info][gc,start       ] GC(269) Pause Young (Allocation Failure)
[46.844s][info][gc,heap        ] GC(269) PSYoungGen: 217600K(217600K)->992K(261120K) Eden: 216576K(216576K)->0K(260096K) From: 1024K(1024K)->992K(1024K)
[46.844s][info][gc,heap        ] GC(269) ParOldGen: 8564K(1398272K)->8628K(1398272K)
[46.844s][info][gc,metaspace   ] GC(269) Metaspace: 14310K(15360K)->14310K(15360K) NonClass: 12341K(12992K)->12341K(12992K) Class: 1969K(2368K)->1969K(2368K)
[46.844s][info][gc             ] GC(269) Pause Young (Allocation Failure) 220M->9M(1620M) 1.774ms
[46.844s][info][gc,cpu         ] GC(269) User=0.00s Sys=0.00s Real=0.00s
[47.012s][info][gc,start       ] GC(270) Pause Young (Allocation Failure)
[47.013s][info][gc,heap        ] GC(270) PSYoungGen: 261088K(261120K)->1024K(313344K) Eden: 260096K(260096K)->0K(312320K) From: 992K(1024K)->1024K(1024K)
[47.013s][info][gc,heap        ] GC(270) ParOldGen: 8628K(1398272K)->8692K(1398272K)
[47.013s][info][gc,metaspace   ] GC(270) Metaspace: 14310K(15360K)->14310K(15360K) NonClass: 12341K(12992K)->12341K(12992K) Class: 1969K(2368K)->1969K(2368K)
[47.013s][info][gc             ] GC(270) Pause Young (Allocation Failure) 263M->9M(1671M) 1.864ms
[47.013s][info][gc,cpu         ] GC(270) User=0.00s Sys=0.00s Real=0.00s
[47.214s][info][gc,start       ] GC(271) Pause Young (Allocation Failure)
[47.216s][info][gc,heap        ] GC(271) PSYoungGen: 313344K(313344K)->1024K(307712K) Eden: 312320K(312320K)->0K(306688K) From: 1024K(1024K)->1024K(1024K)
[47.216s][info][gc,heap        ] GC(271) ParOldGen: 8692K(1398272K)->8764K(1398272K)
[47.216s][info][gc,metaspace   ] GC(271) Metaspace: 14310K(15360K)->14310K(15360K) NonClass: 12341K(12992K)->12341K(12992K) Class: 1969K(2368K)->1969K(2368K)
[47.216s][info][gc             ] GC(271) Pause Young (Allocation Failure) 314M->9M(1666M) 1.896ms
[47.216s][info][gc,cpu         ] GC(271) User=0.00s Sys=0.00s Real=0.00s
[47.552s][info][gc,start       ] GC(272) Pause Young (Allocation Failure)
[47.554s][info][gc,heap        ] GC(272) PSYoungGen: 307712K(307712K)->1024K(302080K) Eden: 306688K(306688K)->0K(301056K) From: 1024K(1024K)->1024K(1024K)
[47.554s][info][gc,heap        ] GC(272) ParOldGen: 8764K(1398272K)->8828K(1398272K)
[47.554s][info][gc,metaspace   ] GC(272) Metaspace: 14310K(15360K)->14310K(15360K) NonClass: 12341K(12992K)->12341K(12992K) Class: 1969K(2368K)->1969K(2368K)
[47.554s][info][gc             ] GC(272) Pause Young (Allocation Failure) 309M->9M(1660M) 2.554ms
[47.554s][info][gc,cpu         ] GC(272) User=0.00s Sys=0.00s Real=0.00s
[47.762s][info][gc,start       ] GC(273) Pause Young (Allocation Failure)
[47.764s][info][gc,heap        ] GC(273) PSYoungGen: 302080K(302080K)->1024K(296960K) Eden: 301056K(301056K)->0K(295936K) From: 1024K(1024K)->1024K(1024K)
[47.764s][info][gc,heap        ] GC(273) ParOldGen: 8828K(1398272K)->8916K(1398272K)
[47.764s][info][gc,metaspace   ] GC(273) Metaspace: 14310K(15360K)->14310K(15360K) NonClass: 12341K(12992K)->12341K(12992K) Class: 1969K(2368K)->1969K(2368K)
[47.764s][info][gc             ] GC(273) Pause Young (Allocation Failure) 303M->9M(1655M) 1.849ms
[47.764s][info][gc,cpu         ] GC(273) User=0.00s Sys=0.02s Real=0.00s
[47.964s][info][gc,start       ] GC(274) Pause Young (Allocation Failure)
[47.966s][info][gc,heap        ] GC(274) PSYoungGen: 296960K(296960K)->992K(291840K) Eden: 295936K(295936K)->0K(290816K) From: 1024K(1024K)->992K(1024K)
[47.966s][info][gc,heap        ] GC(274) ParOldGen: 8916K(1398272K)->9028K(1398272K)
[47.966s][info][gc,metaspace   ] GC(274) Metaspace: 14310K(15360K)->14310K(15360K) NonClass: 12341K(12992K)->12341K(12992K) Class: 1969K(2368K)->1969K(2368K)
[47.966s][info][gc             ] GC(274) Pause Young (Allocation Failure) 298M->9M(1650M) 1.793ms
[47.966s][info][gc,cpu         ] GC(274) User=0.00s Sys=0.00s Real=0.00s
[48.159s][info][gc,start       ] GC(275) Pause Young (Allocation Failure)
[48.161s][info][gc,heap        ] GC(275) PSYoungGen: 291808K(291840K)->1024K(286720K) Eden: 290816K(290816K)->0K(285696K) From: 992K(1024K)->1024K(1024K)
[48.161s][info][gc,heap        ] GC(275) ParOldGen: 9028K(1398272K)->9108K(1398272K)
[48.161s][info][gc,metaspace   ] GC(275) Metaspace: 14310K(15360K)->14310K(15360K) NonClass: 12341K(12992K)->12341K(12992K) Class: 1969K(2368K)->1969K(2368K)
[48.161s][info][gc             ] GC(275) Pause Young (Allocation Failure) 293M->9M(1645M) 1.630ms
[48.161s][info][gc,cpu         ] GC(275) User=0.00s Sys=0.00s Real=0.00s
[48.358s][info][gc,start       ] GC(276) Pause Young (Allocation Failure)
[48.360s][info][gc,heap        ] GC(276) PSYoungGen: 286720K(286720K)->1024K(282112K) Eden: 285696K(285696K)->0K(281088K) From: 1024K(1024K)->1024K(1024K)
[48.360s][info][gc,heap        ] GC(276) ParOldGen: 9108K(1398272K)->9196K(1398272K)
[48.360s][info][gc,metaspace   ] GC(276) Metaspace: 14310K(15360K)->14310K(15360K) NonClass: 12341K(12992K)->12341K(12992K) Class: 1969K(2368K)->1969K(2368K)
[48.360s][info][gc             ] GC(276) Pause Young (Allocation Failure) 288M->9M(1641M) 1.592ms
[48.360s][info][gc,cpu         ] GC(276) User=0.00s Sys=0.00s Real=0.00s
[48.539s][info][gc,start       ] GC(277) Pause Young (Allocation Failure)
[48.541s][info][gc,heap        ] GC(277) PSYoungGen: 282112K(282112K)->1024K(277504K) Eden: 281088K(281088K)->0K(276480K) From: 1024K(1024K)->1024K(1024K)
[48.541s][info][gc,heap        ] GC(277) ParOldGen: 9196K(1398272K)->9276K(1398272K)
[48.541s][info][gc,metaspace   ] GC(277) Metaspace: 14310K(15360K)->14310K(15360K) NonClass: 12341K(12992K)->12341K(12992K) Class: 1969K(2368K)->1969K(2368K)
[48.541s][info][gc             ] GC(277) Pause Young (Allocation Failure) 284M->10M(1636M) 1.679ms
[48.541s][info][gc,cpu         ] GC(277) User=0.00s Sys=0.00s Real=0.00s
[48.719s][info][gc,start       ] GC(278) Pause Young (Allocation Failure)
[48.721s][info][gc,heap        ] GC(278) PSYoungGen: 277504K(277504K)->1024K(272896K) Eden: 276480K(276480K)->0K(271872K) From: 1024K(1024K)->1024K(1024K)
[48.721s][info][gc,heap        ] GC(278) ParOldGen: 9276K(1398272K)->9348K(1398272K)
[48.721s][info][gc,metaspace   ] GC(278) Metaspace: 14310K(15360K)->14310K(15360K) NonClass: 12341K(12992K)->12341K(12992K) Class: 1969K(2368K)->1969K(2368K)
[48.721s][info][gc             ] GC(278) Pause Young (Allocation Failure) 280M->10M(1632M) 1.688ms
[48.721s][info][gc,cpu         ] GC(278) User=0.00s Sys=0.00s Real=0.00s
[48.895s][info][gc,start       ] GC(279) Pause Young (Allocation Failure)
[48.897s][info][gc,heap        ] GC(279) PSYoungGen: 272896K(272896K)->1024K(268288K) Eden: 271872K(271872K)->0K(267264K) From: 1024K(1024K)->1024K(1024K)
[48.897s][info][gc,heap        ] GC(279) ParOldGen: 9348K(1398272K)->9420K(1398272K)
[48.897s][info][gc,metaspace   ] GC(279) Metaspace: 14310K(15360K)->14310K(15360K) NonClass: 12341K(12992K)->12341K(12992K) Class: 1969K(2368K)->1969K(2368K)
[48.897s][info][gc             ] GC(279) Pause Young (Allocation Failure) 275M->10M(1627M) 1.635ms
[48.897s][info][gc,cpu         ] GC(279) User=0.00s Sys=0.00s Real=0.00s
[49.069s][info][gc,start       ] GC(280) Pause Young (Allocation Failure)
[49.070s][info][gc,heap        ] GC(280) PSYoungGen: 268288K(268288K)->1024K(264192K) Eden: 267264K(267264K)->0K(263168K) From: 1024K(1024K)->1024K(1024K)
[49.070s][info][gc,heap        ] GC(280) ParOldGen: 9420K(1398272K)->9500K(1398272K)
[49.070s][info][gc,metaspace   ] GC(280) Metaspace: 14310K(15360K)->14310K(15360K) NonClass: 12341K(12992K)->12341K(12992K) Class: 1969K(2368K)->1969K(2368K)
[49.070s][info][gc             ] GC(280) Pause Young (Allocation Failure) 271M->10M(1623M) 1.705ms
[49.070s][info][gc,cpu         ] GC(280) User=0.00s Sys=0.00s Real=0.00s
[49.237s][info][gc,start       ] GC(281) Pause Young (Allocation Failure)
[49.239s][info][gc,heap        ] GC(281) PSYoungGen: 264192K(264192K)->992K(260096K) Eden: 263168K(263168K)->0K(259072K) From: 1024K(1024K)->992K(1024K)
[49.239s][info][gc,heap        ] GC(281) ParOldGen: 9500K(1398272K)->9564K(1398272K)
[49.239s][info][gc,metaspace   ] GC(281) Metaspace: 14310K(15360K)->14310K(15360K) NonClass: 12341K(12992K)->12341K(12992K) Class: 1969K(2368K)->1969K(2368K)
[49.239s][info][gc             ] GC(281) Pause Young (Allocation Failure) 267M->10M(1619M) 1.706ms
[49.239s][info][gc,cpu         ] GC(281) User=0.00s Sys=0.00s Real=0.00s
[49.404s][info][gc,start       ] GC(282) Pause Young (Allocation Failure)
[49.406s][info][gc,heap        ] GC(282) PSYoungGen: 260064K(260096K)->1024K(256000K) Eden: 259072K(259072K)->0K(254976K) From: 992K(1024K)->1024K(1024K)
[49.406s][info][gc,heap        ] GC(282) ParOldGen: 9564K(1398272K)->9636K(1398272K)
[49.406s][info][gc,metaspace   ] GC(282) Metaspace: 14310K(15360K)->14310K(15360K) NonClass: 12341K(12992K)->12341K(12992K) Class: 1969K(2368K)->1969K(2368K)
[49.406s][info][gc             ] GC(282) Pause Young (Allocation Failure) 263M->10M(1615M) 1.715ms
[49.406s][info][gc,cpu         ] GC(282) User=0.52s Sys=0.00s Real=0.00s
[49.569s][info][gc,start       ] GC(283) Pause Young (Allocation Failure)
[49.571s][info][gc,heap        ] GC(283) PSYoungGen: 256000K(256000K)->1024K(251904K) Eden: 254976K(254976K)->0K(250880K) From: 1024K(1024K)->1024K(1024K)
[49.571s][info][gc,heap        ] GC(283) ParOldGen: 9636K(1398272K)->9700K(1398272K)
[49.571s][info][gc,metaspace   ] GC(283) Metaspace: 14310K(15360K)->14310K(15360K) NonClass: 12341K(12992K)->12341K(12992K) Class: 1969K(2368K)->1969K(2368K)
[49.571s][info][gc             ] GC(283) Pause Young (Allocation Failure) 259M->10M(1611M) 1.794ms
[49.571s][info][gc,cpu         ] GC(283) User=0.00s Sys=0.00s Real=0.00s
[49.735s][info][gc,start       ] GC(284) Pause Young (Allocation Failure)
[49.736s][info][gc,heap        ] GC(284) PSYoungGen: 251904K(251904K)->1024K(248320K) Eden: 250880K(250880K)->0K(247296K) From: 1024K(1024K)->1024K(1024K)
[49.736s][info][gc,heap        ] GC(284) ParOldGen: 9700K(1398272K)->9764K(1398272K)
[49.736s][info][gc,metaspace   ] GC(284) Metaspace: 14310K(15360K)->14310K(15360K) NonClass: 12341K(12992K)->12341K(12992K) Class: 1969K(2368K)->1969K(2368K)
[49.736s][info][gc             ] GC(284) Pause Young (Allocation Failure) 255M->10M(1608M) 1.750ms
[49.736s][info][gc,cpu         ] GC(284) User=0.00s Sys=0.00s Real=0.00s
[49.896s][info][gc,start       ] GC(285) Pause Young (Allocation Failure)
[49.897s][info][gc,heap        ] GC(285) PSYoungGen: 248320K(248320K)->1024K(244736K) Eden: 247296K(247296K)->0K(243712K) From: 1024K(1024K)->1024K(1024K)
[49.897s][info][gc,heap        ] GC(285) ParOldGen: 9764K(1398272K)->9820K(1398272K)
[49.897s][info][gc,metaspace   ] GC(285) Metaspace: 14310K(15360K)->14310K(15360K) NonClass: 12341K(12992K)->12341K(12992K) Class: 1969K(2368K)->1969K(2368K)
[49.897s][info][gc             ] GC(285) Pause Young (Allocation Failure) 252M->10M(1604M) 1.779ms
[49.897s][info][gc,cpu         ] GC(285) User=0.00s Sys=0.00s Real=0.00s
[50.055s][info][gc,start       ] GC(286) Pause Young (Allocation Failure)
[50.057s][info][gc,heap        ] GC(286) PSYoungGen: 244736K(244736K)->1024K(241152K) Eden: 243712K(243712K)->0K(240128K) From: 1024K(1024K)->1024K(1024K)
[50.057s][info][gc,heap        ] GC(286) ParOldGen: 9820K(1398272K)->9868K(1398272K)
[50.057s][info][gc,metaspace   ] GC(286) Metaspace: 14310K(15360K)->14310K(15360K) NonClass: 12341K(12992K)->12341K(12992K) Class: 1969K(2368K)->1969K(2368K)
[50.057s][info][gc             ] GC(286) Pause Young (Allocation Failure) 248M->10M(1601M) 1.813ms
[50.057s][info][gc,cpu         ] GC(286) User=0.00s Sys=0.00s Real=0.00s
[50.211s][info][gc,start       ] GC(287) Pause Young (Allocation Failure)
[50.213s][info][gc,heap        ] GC(287) PSYoungGen: 241152K(241152K)->992K(237568K) Eden: 240128K(240128K)->0K(236544K) From: 1024K(1024K)->992K(1024K)
[50.213s][info][gc,heap        ] GC(287) ParOldGen: 9868K(1398272K)->9940K(1398272K)
[50.213s][info][gc,metaspace   ] GC(287) Metaspace: 14310K(15360K)->14310K(15360K) NonClass: 12341K(12992K)->12341K(12992K) Class: 1969K(2368K)->1969K(2368K)
[50.213s][info][gc             ] GC(287) Pause Young (Allocation Failure) 245M->10M(1597M) 1.849ms
[50.213s][info][gc,cpu         ] GC(287) User=0.00s Sys=0.00s Real=0.00s
[50.366s][info][gc,start       ] GC(288) Pause Young (Allocation Failure)
[50.368s][info][gc,heap        ] GC(288) PSYoungGen: 237536K(237568K)->1024K(233984K) Eden: 236544K(236544K)->0K(232960K) From: 992K(1024K)->1024K(1024K)
[50.368s][info][gc,heap        ] GC(288) ParOldGen: 9940K(1398272K)->10036K(1398272K)
[50.368s][info][gc,metaspace   ] GC(288) Metaspace: 14310K(15360K)->14310K(15360K) NonClass: 12341K(12992K)->12341K(12992K) Class: 1969K(2368K)->1969K(2368K)
[50.368s][info][gc             ] GC(288) Pause Young (Allocation Failure) 241M->10M(1594M) 1.847ms
[50.368s][info][gc,cpu         ] GC(288) User=0.00s Sys=0.00s Real=0.00s
[50.517s][info][gc,start       ] GC(289) Pause Young (Allocation Failure)
[50.519s][info][gc,heap        ] GC(289) PSYoungGen: 233984K(233984K)->1024K(280576K) Eden: 232960K(232960K)->0K(279552K) From: 1024K(1024K)->1024K(1024K)
[50.519s][info][gc,heap        ] GC(289) ParOldGen: 10036K(1398272K)->10116K(1398272K)
[50.519s][info][gc,metaspace   ] GC(289) Metaspace: 14310K(15360K)->14310K(15360K) NonClass: 12341K(12992K)->12341K(12992K) Class: 1969K(2368K)->1969K(2368K)
[50.519s][info][gc             ] GC(289) Pause Young (Allocation Failure) 238M->10M(1639M) 1.841ms
[50.519s][info][gc,cpu         ] GC(289) User=0.00s Sys=0.00s Real=0.00s
[50.698s][info][gc,start       ] GC(290) Pause Young (Allocation Failure)
[50.699s][info][gc,heap        ] GC(290) PSYoungGen: 280576K(280576K)->1024K(275968K) Eden: 279552K(279552K)->0K(274944K) From: 1024K(1024K)->1024K(1024K)
[50.700s][info][gc,heap        ] GC(290) ParOldGen: 10116K(1398272K)->10164K(1398272K)
[50.700s][info][gc,metaspace   ] GC(290) Metaspace: 14310K(15360K)->14310K(15360K) NonClass: 12341K(12992K)->12341K(12992K) Class: 1969K(2368K)->1969K(2368K)
[50.700s][info][gc             ] GC(290) Pause Young (Allocation Failure) 283M->10M(1635M) 1.942ms
[50.700s][info][gc,cpu         ] GC(290) User=0.00s Sys=0.00s Real=0.00s
[50.878s][info][gc,start       ] GC(291) Pause Young (Allocation Failure)
[50.880s][info][gc,heap        ] GC(291) PSYoungGen: 275968K(275968K)->1024K(271360K) Eden: 274944K(274944K)->0K(270336K) From: 1024K(1024K)->1024K(1024K)
[50.880s][info][gc,heap        ] GC(291) ParOldGen: 10164K(1398272K)->10220K(1398272K)
[50.880s][info][gc,metaspace   ] GC(291) Metaspace: 14310K(15360K)->14310K(15360K) NonClass: 12341K(12992K)->12341K(12992K) Class: 1969K(2368K)->1969K(2368K)
[50.880s][info][gc             ] GC(291) Pause Young (Allocation Failure) 279M->10M(1630M) 1.999ms
[50.880s][info][gc,cpu         ] GC(291) User=0.00s Sys=0.00s Real=0.00s
[51.054s][info][gc,start       ] GC(292) Pause Young (Allocation Failure)
[51.056s][info][gc,heap        ] GC(292) PSYoungGen: 271360K(271360K)->992K(267264K) Eden: 270336K(270336K)->0K(266240K) From: 1024K(1024K)->992K(1024K)
[51.056s][info][gc,heap        ] GC(292) ParOldGen: 10220K(1398272K)->10292K(1398272K)
[51.056s][info][gc,metaspace   ] GC(292) Metaspace: 14310K(15360K)->14310K(15360K) NonClass: 12341K(12992K)->12341K(12992K) Class: 1969K(2368K)->1969K(2368K)
[51.056s][info][gc             ] GC(292) Pause Young (Allocation Failure) 274M->11M(1626M) 2.030ms
[51.056s][info][gc,cpu         ] GC(292) User=0.00s Sys=0.00s Real=0.00s
[51.231s][info][gc,start       ] GC(293) Pause Young (Allocation Failure)
[51.233s][info][gc,heap        ] GC(293) PSYoungGen: 267232K(267264K)->992K(263168K) Eden: 266240K(266240K)->0K(262144K) From: 992K(1024K)->992K(1024K)
[51.233s][info][gc,heap        ] GC(293) ParOldGen: 10292K(1398272K)->10364K(1398272K)
[51.233s][info][gc,metaspace   ] GC(293) Metaspace: 14310K(15360K)->14310K(15360K) NonClass: 12341K(12992K)->12341K(12992K) Class: 1969K(2368K)->1969K(2368K)
[51.233s][info][gc             ] GC(293) Pause Young (Allocation Failure) 271M->11M(1622M) 2.023ms
[51.233s][info][gc,cpu         ] GC(293) User=0.00s Sys=0.00s Real=0.00s
[51.498s][info][gc,start       ] GC(294) Pause Young (Allocation Failure)
[51.501s][info][gc,heap        ] GC(294) PSYoungGen: 263136K(263168K)->992K(259072K) Eden: 262144K(262144K)->0K(258048K) From: 992K(1024K)->992K(1024K)
[51.501s][info][gc,heap        ] GC(294) ParOldGen: 10364K(1398272K)->10428K(1398272K)
[51.501s][info][gc,metaspace   ] GC(294) Metaspace: 14310K(15360K)->14310K(15360K) NonClass: 12341K(12992K)->12341K(12992K) Class: 1969K(2368K)->1969K(2368K)
[51.501s][info][gc             ] GC(294) Pause Young (Allocation Failure) 267M->11M(1618M) 2.642ms
[51.501s][info][gc,cpu         ] GC(294) User=0.00s Sys=0.00s Real=0.00s
[51.679s][info][gc,start       ] GC(295) Pause Young (Allocation Failure)
[51.681s][info][gc,heap        ] GC(295) PSYoungGen: 259040K(259072K)->992K(254976K) Eden: 258048K(258048K)->0K(253952K) From: 992K(1024K)->992K(1024K)
[51.681s][info][gc,heap        ] GC(295) ParOldGen: 10428K(1398272K)->10516K(1398272K)
[51.681s][info][gc,metaspace   ] GC(295) Metaspace: 14310K(15360K)->14310K(15360K) NonClass: 12341K(12992K)->12341K(12992K) Class: 1969K(2368K)->1969K(2368K)
[51.681s][info][gc             ] GC(295) Pause Young (Allocation Failure) 263M->11M(1614M) 1.860ms
[51.681s][info][gc,cpu         ] GC(295) User=0.00s Sys=0.00s Real=0.00s
[51.853s][info][gc,start       ] GC(296) Pause Young (Allocation Failure)
[51.855s][info][gc,heap        ] GC(296) PSYoungGen: 254944K(254976K)->1024K(250880K) Eden: 253952K(253952K)->0K(249856K) From: 992K(1024K)->1024K(1024K)
[51.855s][info][gc,heap        ] GC(296) ParOldGen: 10516K(1398272K)->10612K(1398272K)
[51.855s][info][gc,metaspace   ] GC(296) Metaspace: 14310K(15360K)->14310K(15360K) NonClass: 12341K(12992K)->12341K(12992K) Class: 1969K(2368K)->1969K(2368K)
[51.855s][info][gc             ] GC(296) Pause Young (Allocation Failure) 259M->11M(1610M) 1.839ms
[51.855s][info][gc,cpu         ] GC(296) User=0.00s Sys=0.00s Real=0.00s
[52.045s][info][gc,start       ] GC(297) Pause Young (Allocation Failure)
[52.047s][info][gc,heap        ] GC(297) PSYoungGen: 250880K(250880K)->1024K(247296K) Eden: 249856K(249856K)->0K(246272K) From: 1024K(1024K)->1024K(1024K)
[52.047s][info][gc,heap        ] GC(297) ParOldGen: 10612K(1398272K)->10700K(1398272K)
[52.047s][info][gc,metaspace   ] GC(297) Metaspace: 14310K(15360K)->14310K(15360K) NonClass: 12341K(12992K)->12341K(12992K) Class: 1969K(2368K)->1969K(2368K)
[52.047s][info][gc             ] GC(297) Pause Young (Allocation Failure) 255M->11M(1607M) 1.738ms
[52.047s][info][gc,cpu         ] GC(297) User=0.52s Sys=0.00s Real=0.00s
[52.214s][info][gc,start       ] GC(298) Pause Young (Allocation Failure)
[52.216s][info][gc,heap        ] GC(298) PSYoungGen: 247296K(247296K)->992K(243712K) Eden: 246272K(246272K)->0K(242688K) From: 1024K(1024K)->992K(1024K)
[52.216s][info][gc,heap        ] GC(298) ParOldGen: 10700K(1398272K)->10756K(1398272K)
[52.216s][info][gc,metaspace   ] GC(298) Metaspace: 14310K(15360K)->14310K(15360K) NonClass: 12341K(12992K)->12341K(12992K) Class: 1969K(2368K)->1969K(2368K)
[52.216s][info][gc             ] GC(298) Pause Young (Allocation Failure) 251M->11M(1603M) 1.681ms
[52.216s][info][gc,cpu         ] GC(298) User=0.00s Sys=0.00s Real=0.00s
[52.369s][info][gc,start       ] GC(299) Pause Young (Allocation Failure)
[52.371s][info][gc,heap        ] GC(299) PSYoungGen: 243680K(243712K)->1024K(240128K) Eden: 242688K(242688K)->0K(239104K) From: 992K(1024K)->1024K(1024K)
[52.371s][info][gc,heap        ] GC(299) ParOldGen: 10756K(1398272K)->10828K(1398272K)
[52.371s][info][gc,metaspace   ] GC(299) Metaspace: 14310K(15360K)->14310K(15360K) NonClass: 12341K(12992K)->12341K(12992K) Class: 1969K(2368K)->1969K(2368K)
[52.371s][info][gc             ] GC(299) Pause Young (Allocation Failure) 248M->11M(1600M) 1.726ms
[52.371s][info][gc,cpu         ] GC(299) User=0.00s Sys=0.00s Real=0.00s
[52.523s][info][gc,start       ] GC(300) Pause Young (Allocation Failure)
[52.525s][info][gc,heap        ] GC(300) PSYoungGen: 240128K(240128K)->1024K(236544K) Eden: 239104K(239104K)->0K(235520K) From: 1024K(1024K)->1024K(1024K)
[52.525s][info][gc,heap        ] GC(300) ParOldGen: 10828K(1398272K)->10884K(1398272K)
[52.525s][info][gc,metaspace   ] GC(300) Metaspace: 14310K(15360K)->14310K(15360K) NonClass: 12341K(12992K)->12341K(12992K) Class: 1969K(2368K)->1969K(2368K)
[52.525s][info][gc             ] GC(300) Pause Young (Allocation Failure) 245M->11M(1596M) 1.711ms
[52.525s][info][gc,cpu         ] GC(300) User=0.00s Sys=0.00s Real=0.00s
[52.676s][info][gc,start       ] GC(301) Pause Young (Allocation Failure)
[52.678s][info][gc,heap        ] GC(301) PSYoungGen: 236544K(236544K)->1024K(232960K) Eden: 235520K(235520K)->0K(231936K) From: 1024K(1024K)->1024K(1024K)
[52.678s][info][gc,heap        ] GC(301) ParOldGen: 10884K(1398272K)->10988K(1398272K)
[52.678s][info][gc,metaspace   ] GC(301) Metaspace: 14310K(15360K)->14310K(15360K) NonClass: 12341K(12992K)->12341K(12992K) Class: 1969K(2368K)->1969K(2368K)
[52.678s][info][gc             ] GC(301) Pause Young (Allocation Failure) 241M->11M(1593M) 1.709ms
[52.678s][info][gc,cpu         ] GC(301) User=0.00s Sys=0.00s Real=0.00s
[52.826s][info][gc,start       ] GC(302) Pause Young (Allocation Failure)
[52.828s][info][gc,heap        ] GC(302) PSYoungGen: 232960K(232960K)->1024K(229888K) Eden: 231936K(231936K)->0K(228864K) From: 1024K(1024K)->1024K(1024K)
[52.828s][info][gc,heap        ] GC(302) ParOldGen: 10988K(1398272K)->11060K(1398272K)
[52.828s][info][gc,metaspace   ] GC(302) Metaspace: 14310K(15360K)->14310K(15360K) NonClass: 12341K(12992K)->12341K(12992K) Class: 1969K(2368K)->1969K(2368K)
[52.828s][info][gc             ] GC(302) Pause Young (Allocation Failure) 238M->11M(1590M) 1.734ms
[52.828s][info][gc,cpu         ] GC(302) User=0.52s Sys=0.00s Real=0.00s
[52.975s][info][gc,start       ] GC(303) Pause Young (Allocation Failure)
[52.977s][info][gc,heap        ] GC(303) PSYoungGen: 229888K(229888K)->1024K(226816K) Eden: 228864K(228864K)->0K(225792K) From: 1024K(1024K)->1024K(1024K)
[52.977s][info][gc,heap        ] GC(303) ParOldGen: 11060K(1398272K)->11132K(1398272K)
[52.977s][info][gc,metaspace   ] GC(303) Metaspace: 14310K(15360K)->14310K(15360K) NonClass: 12341K(12992K)->12341K(12992K) Class: 1969K(2368K)->1969K(2368K)
[52.977s][info][gc             ] GC(303) Pause Young (Allocation Failure) 235M->11M(1587M) 1.771ms
[52.977s][info][gc,cpu         ] GC(303) User=0.00s Sys=0.00s Real=0.00s
[53.122s][info][gc,start       ] GC(304) Pause Young (Allocation Failure)
[53.124s][info][gc,heap        ] GC(304) PSYoungGen: 226816K(226816K)->1024K(223744K) Eden: 225792K(225792K)->0K(222720K) From: 1024K(1024K)->1024K(1024K)
[53.124s][info][gc,heap        ] GC(304) ParOldGen: 11132K(1398272K)->11192K(1398272K)
[53.124s][info][gc,metaspace   ] GC(304) Metaspace: 14310K(15360K)->14310K(15360K) NonClass: 12341K(12992K)->12341K(12992K) Class: 1969K(2368K)->1969K(2368K)
[53.124s][info][gc             ] GC(304) Pause Young (Allocation Failure) 232M->11M(1584M) 1.798ms
[53.124s][info][gc,cpu         ] GC(304) User=0.52s Sys=0.00s Real=0.00s
[53.265s][info][gc,start       ] GC(305) Pause Young (Allocation Failure)
[53.266s][info][gc,heap        ] GC(305) PSYoungGen: 223744K(223744K)->1024K(268288K) Eden: 222720K(222720K)->0K(267264K) From: 1024K(1024K)->1024K(1024K)
[53.266s][info][gc,heap        ] GC(305) ParOldGen: 11192K(1398272K)->11248K(1398272K)
[53.266s][info][gc,metaspace   ] GC(305) Metaspace: 14310K(15360K)->14310K(15360K) NonClass: 12341K(12992K)->12341K(12992K) Class: 1969K(2368K)->1969K(2368K)
[53.266s][info][gc             ] GC(305) Pause Young (Allocation Failure) 229M->11M(1627M) 1.809ms
[53.266s][info][gc,cpu         ] GC(305) User=0.00s Sys=0.00s Real=0.00s
[53.438s][info][gc,start       ] GC(306) Pause Young (Allocation Failure)
[53.440s][info][gc,heap        ] GC(306) PSYoungGen: 268288K(268288K)->1024K(322048K) Eden: 267264K(267264K)->0K(321024K) From: 1024K(1024K)->1024K(1024K)
[53.440s][info][gc,heap        ] GC(306) ParOldGen: 11248K(1398272K)->11304K(1398272K)
[53.440s][info][gc,metaspace   ] GC(306) Metaspace: 14310K(15360K)->14310K(15360K) NonClass: 12341K(12992K)->12341K(12992K) Class: 1969K(2368K)->1969K(2368K)
[53.440s][info][gc             ] GC(306) Pause Young (Allocation Failure) 272M->12M(1680M) 1.883ms
[53.440s][info][gc,cpu         ] GC(306) User=0.00s Sys=0.00s Real=0.00s
[53.646s][info][gc,start       ] GC(307) Pause Young (Allocation Failure)
[53.647s][info][gc,heap        ] GC(307) PSYoungGen: 322048K(322048K)->992K(316416K) Eden: 321024K(321024K)->0K(315392K) From: 1024K(1024K)->992K(1024K)
[53.647s][info][gc,heap        ] GC(307) ParOldGen: 11304K(1398272K)->11392K(1398272K)
[53.647s][info][gc,metaspace   ] GC(307) Metaspace: 14310K(15360K)->14310K(15360K) NonClass: 12341K(12992K)->12341K(12992K) Class: 1969K(2368K)->1969K(2368K)
[53.648s][info][gc             ] GC(307) Pause Young (Allocation Failure) 325M->12M(1674M) 1.950ms
[53.648s][info][gc,cpu         ] GC(307) User=0.00s Sys=0.00s Real=0.00s
[53.851s][info][gc,start       ] GC(308) Pause Young (Allocation Failure)
[53.853s][info][gc,heap        ] GC(308) PSYoungGen: 316384K(316416K)->1024K(310784K) Eden: 315392K(315392K)->0K(309760K) From: 992K(1024K)->1024K(1024K)
[53.853s][info][gc,heap        ] GC(308) ParOldGen: 11392K(1398272K)->11464K(1398272K)
[53.853s][info][gc,metaspace   ] GC(308) Metaspace: 14310K(15360K)->14310K(15360K) NonClass: 12341K(12992K)->12341K(12992K) Class: 1969K(2368K)->1969K(2368K)
[53.853s][info][gc             ] GC(308) Pause Young (Allocation Failure) 320M->12M(1669M) 2.027ms
[53.853s][info][gc,cpu         ] GC(308) User=0.00s Sys=0.00s Real=0.00s
[54.052s][info][gc,start       ] GC(309) Pause Young (Allocation Failure)
[54.054s][info][gc,heap        ] GC(309) PSYoungGen: 310784K(310784K)->1024K(305152K) Eden: 309760K(309760K)->0K(304128K) From: 1024K(1024K)->1024K(1024K)
[54.054s][info][gc,heap        ] GC(309) ParOldGen: 11464K(1398272K)->11528K(1398272K)
[54.054s][info][gc,metaspace   ] GC(309) Metaspace: 14310K(15360K)->14310K(15360K) NonClass: 12341K(12992K)->12341K(12992K) Class: 1969K(2368K)->1969K(2368K)
[54.054s][info][gc             ] GC(309) Pause Young (Allocation Failure) 314M->12M(1663M) 2.056ms
[54.054s][info][gc,cpu         ] GC(309) User=0.00s Sys=0.00s Real=0.00s
[54.251s][info][gc,start       ] GC(310) Pause Young (Allocation Failure)
[54.253s][info][gc,heap        ] GC(310) PSYoungGen: 305152K(305152K)->960K(300032K) Eden: 304128K(304128K)->0K(299008K) From: 1024K(1024K)->960K(1024K)
[54.253s][info][gc,heap        ] GC(310) ParOldGen: 11528K(1398272K)->11640K(1398272K)
[54.253s][info][gc,metaspace   ] GC(310) Metaspace: 14310K(15360K)->14310K(15360K) NonClass: 12341K(12992K)->12341K(12992K) Class: 1969K(2368K)->1969K(2368K)
[54.253s][info][gc             ] GC(310) Pause Young (Allocation Failure) 309M->12M(1658M) 2.071ms
[54.253s][info][gc,cpu         ] GC(310) User=0.00s Sys=0.00s Real=0.00s
[54.450s][info][gc,start       ] GC(311) Pause Young (Allocation Failure)
[54.452s][info][gc,heap        ] GC(311) PSYoungGen: 299968K(300032K)->1024K(294912K) Eden: 299008K(299008K)->0K(293888K) From: 960K(1024K)->1024K(1024K)
[54.452s][info][gc,heap        ] GC(311) ParOldGen: 11640K(1398272K)->11720K(1398272K)
[54.452s][info][gc,metaspace   ] GC(311) Metaspace: 14310K(15360K)->14310K(15360K) NonClass: 12341K(12992K)->12341K(12992K) Class: 1969K(2368K)->1969K(2368K)
[54.452s][info][gc             ] GC(311) Pause Young (Allocation Failure) 304M->12M(1653M) 2.028ms
[54.452s][info][gc,cpu         ] GC(311) User=0.52s Sys=0.00s Real=0.00s
[54.658s][info][gc,start       ] GC(312) Pause Young (Allocation Failure)
[54.659s][info][gc,heap        ] GC(312) PSYoungGen: 294912K(294912K)->992K(289792K) Eden: 293888K(293888K)->0K(288768K) From: 1024K(1024K)->992K(1024K)
[54.659s][info][gc,heap        ] GC(312) ParOldGen: 11720K(1398272K)->11800K(1398272K)
[54.659s][info][gc,metaspace   ] GC(312) Metaspace: 14310K(15360K)->14310K(15360K) NonClass: 12341K(12992K)->12341K(12992K) Class: 1969K(2368K)->1969K(2368K)
[54.659s][info][gc             ] GC(312) Pause Young (Allocation Failure) 299M->12M(1648M) 1.818ms
[54.659s][info][gc,cpu         ] GC(312) User=0.00s Sys=0.00s Real=0.00s
[54.859s][info][gc,start       ] GC(313) Pause Young (Allocation Failure)
[54.861s][info][gc,heap        ] GC(313) PSYoungGen: 289760K(289792K)->1024K(284672K) Eden: 288768K(288768K)->0K(283648K) From: 992K(1024K)->1024K(1024K)
[54.861s][info][gc,heap        ] GC(313) ParOldGen: 11800K(1398272K)->11864K(1398272K)
[54.861s][info][gc,metaspace   ] GC(313) Metaspace: 14310K(15360K)->14310K(15360K) NonClass: 12341K(12992K)->12341K(12992K) Class: 1969K(2368K)->1969K(2368K)
[54.861s][info][gc             ] GC(313) Pause Young (Allocation Failure) 294M->12M(1643M) 1.667ms
[54.861s][info][gc,cpu         ] GC(313) User=0.00s Sys=0.00s Real=0.00s
[55.037s][info][gc,start       ] GC(314) Pause Young (Allocation Failure)
[55.039s][info][gc,heap        ] GC(314) PSYoungGen: 284672K(284672K)->1024K(280064K) Eden: 283648K(283648K)->0K(279040K) From: 1024K(1024K)->1024K(1024K)
[55.039s][info][gc,heap        ] GC(314) ParOldGen: 11864K(1398272K)->11936K(1398272K)
[55.039s][info][gc,metaspace   ] GC(314) Metaspace: 14310K(15360K)->14310K(15360K) NonClass: 12341K(12992K)->12341K(12992K) Class: 1969K(2368K)->1969K(2368K)
[55.039s][info][gc             ] GC(314) Pause Young (Allocation Failure) 289M->12M(1639M) 1.761ms
[55.039s][info][gc,cpu         ] GC(314) User=0.00s Sys=0.00s Real=0.00s
[55.213s][info][gc,start       ] GC(315) Pause Young (Allocation Failure)
[55.215s][info][gc,heap        ] GC(315) PSYoungGen: 280064K(280064K)->992K(275456K) Eden: 279040K(279040K)->0K(274432K) From: 1024K(1024K)->992K(1024K)
[55.215s][info][gc,heap        ] GC(315) ParOldGen: 11936K(1398272K)->12016K(1398272K)
[55.215s][info][gc,metaspace   ] GC(315) Metaspace: 14310K(15360K)->14310K(15360K) NonClass: 12341K(12992K)->12341K(12992K) Class: 1969K(2368K)->1969K(2368K)
[55.215s][info][gc             ] GC(315) Pause Young (Allocation Failure) 285M->12M(1634M) 1.768ms
[55.215s][info][gc,cpu         ] GC(315) User=0.00s Sys=0.00s Real=0.00s
[55.366s][info][gc,start       ] GC(316) Pause Young (Allocation Failure)
[55.368s][info][gc,heap        ] GC(316) PSYoungGen: 275424K(275456K)->864K(270848K) Eden: 274432K(274432K)->0K(269824K) From: 992K(1024K)->864K(1024K)
[55.368s][info][gc,heap        ] GC(316) ParOldGen: 12016K(1398272K)->12088K(1398272K)
[55.368s][info][gc,metaspace   ] GC(316) Metaspace: 14310K(15360K)->14310K(15360K) NonClass: 12341K(12992K)->12341K(12992K) Class: 1969K(2368K)->1969K(2368K)
[55.368s][info][gc             ] GC(316) Pause Young (Allocation Failure) 280M->12M(1630M) 1.785ms
[55.368s][info][gc,cpu         ] GC(316) User=0.00s Sys=0.00s Real=0.00s
[55.480s][info][gc,start       ] GC(317) Pause Young (Allocation Failure)
[55.481s][info][gc,heap        ] GC(317) PSYoungGen: 270688K(270848K)->768K(266752K) Eden: 269824K(269824K)->0K(265728K) From: 864K(1024K)->768K(1024K)
[55.481s][info][gc,heap        ] GC(317) ParOldGen: 12088K(1398272K)->12144K(1398272K)
[55.481s][info][gc,metaspace   ] GC(317) Metaspace: 14310K(15360K)->14310K(15360K) NonClass: 12341K(12992K)->12341K(12992K) Class: 1969K(2368K)->1969K(2368K)
[55.481s][info][gc             ] GC(317) Pause Young (Allocation Failure) 276M->12M(1626M) 1.624ms
[55.481s][info][gc,cpu         ] GC(317) User=0.00s Sys=0.00s Real=0.00s
[55.662s][info][gc,start       ] GC(318) Pause Young (System.gc())
[55.664s][info][gc,heap        ] GC(318) PSYoungGen: 199979K(266752K)->256K(266240K) Eden: 199211K(265728K)->0K(265728K) From: 768K(1024K)->256K(512K)
[55.664s][info][gc,heap        ] GC(318) ParOldGen: 12144K(1398272K)->12192K(1398272K)
[55.664s][info][gc,metaspace   ] GC(318) Metaspace: 14310K(15360K)->14310K(15360K) NonClass: 12341K(12992K)->12341K(12992K) Class: 1969K(2368K)->1969K(2368K)
[55.664s][info][gc             ] GC(318) Pause Young (System.gc()) 207M->12M(1625M) 2.268ms
[55.664s][info][gc,cpu         ] GC(318) User=0.00s Sys=0.00s Real=0.00s
[55.664s][info][gc,start       ] GC(319) Pause Full (System.gc())
[55.664s][info][gc,phases,start] GC(319) Marking Phase
[55.679s][info][gc,phases      ] GC(319) Marking Phase 15.345ms
[55.679s][info][gc,phases,start] GC(319) Summary Phase
[55.680s][info][gc,phases      ] GC(319) Summary Phase 0.017ms
[55.680s][info][gc,phases,start] GC(319) Adjust Roots
[55.685s][info][gc,phases      ] GC(319) Adjust Roots 5.036ms
[55.685s][info][gc,phases,start] GC(319) Compaction Phase
[55.686s][info][gc,phases      ] GC(319) Compaction Phase 1.744ms
[55.686s][info][gc,phases,start] GC(319) Post Compact
[55.687s][info][gc,phases      ] GC(319) Post Compact 0.488ms
[55.687s][info][gc,heap        ] GC(319) PSYoungGen: 256K(266240K)->0K(266240K) Eden: 0K(265728K)->0K(265728K) From: 256K(512K)->0K(512K)
[55.687s][info][gc,heap        ] GC(319) ParOldGen: 12192K(1398272K)->5386K(1398272K)
[55.687s][info][gc,metaspace   ] GC(319) Metaspace: 14310K(15360K)->14310K(15360K) NonClass: 12341K(12992K)->12341K(12992K) Class: 1969K(2368K)->1969K(2368K)
[55.687s][info][gc             ] GC(319) Pause Full (System.gc()) 12M->5M(1625M) 22.832ms
[55.687s][info][gc,cpu         ] GC(319) User=0.02s Sys=0.00s Real=0.02s
[55.909s][info][gc,start       ] GC(320) Pause Young (Allocation Failure)
[55.911s][info][gc,heap        ] GC(320) PSYoungGen: 265728K(266240K)->1536K(263168K) Eden: 265728K(265728K)->0K(261632K) From: 0K(512K)->1536K(1536K)
[55.911s][info][gc,heap        ] GC(320) ParOldGen: 5386K(1398272K)->5588K(1398272K)
[55.911s][info][gc,metaspace   ] GC(320) Metaspace: 14329K(15360K)->14329K(15360K) NonClass: 12360K(12992K)->12360K(12992K) Class: 1969K(2368K)->1969K(2368K)
[55.911s][info][gc             ] GC(320) Pause Young (Allocation Failure) 264M->6M(1622M) 1.864ms
[55.911s][info][gc,cpu         ] GC(320) User=0.00s Sys=0.00s Real=0.00s
[56.069s][info][gc,start       ] GC(321) Pause Young (Allocation Failure)
[56.071s][info][gc,heap        ] GC(321) PSYoungGen: 263168K(263168K)->1024K(258560K) Eden: 261632K(261632K)->0K(257536K) From: 1536K(1536K)->1024K(1024K)
[56.071s][info][gc,heap        ] GC(321) ParOldGen: 5588K(1398272K)->7081K(1398272K)
[56.071s][info][gc,metaspace   ] GC(321) Metaspace: 14329K(15360K)->14329K(15360K) NonClass: 12360K(12992K)->12360K(12992K) Class: 1969K(2368K)->1969K(2368K)
[56.071s][info][gc             ] GC(321) Pause Young (Allocation Failure) 262M->7M(1618M) 1.969ms
[56.071s][info][gc,cpu         ] GC(321) User=0.00s Sys=0.00s Real=0.00s
[56.240s][info][gc,start       ] GC(322) Pause Young (Allocation Failure)
[56.241s][info][gc,heap        ] GC(322) PSYoungGen: 258560K(258560K)->992K(254464K) Eden: 257536K(257536K)->0K(253440K) From: 1024K(1024K)->992K(1024K)
[56.241s][info][gc,heap        ] GC(322) ParOldGen: 7081K(1398272K)->7169K(1398272K)
[56.241s][info][gc,metaspace   ] GC(322) Metaspace: 14329K(15360K)->14329K(15360K) NonClass: 12360K(12992K)->12360K(12992K) Class: 1969K(2368K)->1969K(2368K)
[56.241s][info][gc             ] GC(322) Pause Young (Allocation Failure) 259M->7M(1614M) 1.791ms
[56.241s][info][gc,cpu         ] GC(322) User=0.00s Sys=0.00s Real=0.00s
[56.407s][info][gc,start       ] GC(323) Pause Young (Allocation Failure)
[56.409s][info][gc,heap        ] GC(323) PSYoungGen: 254432K(254464K)->992K(250368K) Eden: 253440K(253440K)->0K(249344K) From: 992K(1024K)->992K(1024K)
[56.409s][info][gc,heap        ] GC(323) ParOldGen: 7169K(1398272K)->7265K(1398272K)
[56.409s][info][gc,metaspace   ] GC(323) Metaspace: 14329K(15360K)->14329K(15360K) NonClass: 12360K(12992K)->12360K(12992K) Class: 1969K(2368K)->1969K(2368K)
[56.409s][info][gc             ] GC(323) Pause Young (Allocation Failure) 255M->8M(1610M) 1.869ms
[56.409s][info][gc,cpu         ] GC(323) User=0.00s Sys=0.00s Real=0.00s
[56.573s][info][gc,start       ] GC(324) Pause Young (Allocation Failure)
[56.575s][info][gc,heap        ] GC(324) PSYoungGen: 250336K(250368K)->960K(246784K) Eden: 249344K(249344K)->0K(245760K) From: 992K(1024K)->960K(1024K)
[56.575s][info][gc,heap        ] GC(324) ParOldGen: 7265K(1398272K)->7353K(1398272K)
[56.575s][info][gc,metaspace   ] GC(324) Metaspace: 14329K(15360K)->14329K(15360K) NonClass: 12360K(12992K)->12360K(12992K) Class: 1969K(2368K)->1969K(2368K)
[56.575s][info][gc             ] GC(324) Pause Young (Allocation Failure) 251M->8M(1606M) 1.863ms
[56.575s][info][gc,cpu         ] GC(324) User=0.00s Sys=0.00s Real=0.00s
[56.735s][info][gc,start       ] GC(325) Pause Young (Allocation Failure)
[56.737s][info][gc,heap        ] GC(325) PSYoungGen: 246720K(246784K)->992K(243200K) Eden: 245760K(245760K)->0K(242176K) From: 960K(1024K)->992K(1024K)
[56.737s][info][gc,heap        ] GC(325) ParOldGen: 7353K(1398272K)->7433K(1398272K)
[56.737s][info][gc,metaspace   ] GC(325) Metaspace: 14329K(15360K)->14329K(15360K) NonClass: 12360K(12992K)->12360K(12992K) Class: 1969K(2368K)->1969K(2368K)
[56.737s][info][gc             ] GC(325) Pause Young (Allocation Failure) 248M->8M(1603M) 1.913ms
[56.737s][info][gc,cpu         ] GC(325) User=0.00s Sys=0.00s Real=0.00s
[56.895s][info][gc,start       ] GC(326) Pause Young (Allocation Failure)
[56.897s][info][gc,heap        ] GC(326) PSYoungGen: 243168K(243200K)->992K(239616K) Eden: 242176K(242176K)->0K(238592K) From: 992K(1024K)->992K(1024K)
[56.897s][info][gc,heap        ] GC(326) ParOldGen: 7433K(1398272K)->7489K(1398272K)
[56.897s][info][gc,metaspace   ] GC(326) Metaspace: 14329K(15360K)->14329K(15360K) NonClass: 12360K(12992K)->12360K(12992K) Class: 1969K(2368K)->1969K(2368K)
[56.897s][info][gc             ] GC(326) Pause Young (Allocation Failure) 244M->8M(1599M) 1.855ms
[56.897s][info][gc,cpu         ] GC(326) User=0.00s Sys=0.00s Real=0.00s
[57.054s][info][gc,start       ] GC(327) Pause Young (Allocation Failure)
[57.056s][info][gc,heap        ] GC(327) PSYoungGen: 239584K(239616K)->1024K(287744K) Eden: 238592K(238592K)->0K(286720K) From: 992K(1024K)->1024K(1024K)
[57.056s][info][gc,heap        ] GC(327) ParOldGen: 7489K(1398272K)->7585K(1398272K)
[57.056s][info][gc,metaspace   ] GC(327) Metaspace: 14329K(15360K)->14329K(15360K) NonClass: 12360K(12992K)->12360K(12992K) Class: 1969K(2368K)->1969K(2368K)
[57.056s][info][gc             ] GC(327) Pause Young (Allocation Failure) 241M->8M(1646M) 1.922ms
[57.056s][info][gc,cpu         ] GC(327) User=0.00s Sys=0.00s Real=0.00s
[57.244s][info][gc,start       ] GC(328) Pause Young (Allocation Failure)
[57.246s][info][gc,heap        ] GC(328) PSYoungGen: 287744K(287744K)->1024K(283136K) Eden: 286720K(286720K)->0K(282112K) From: 1024K(1024K)->1024K(1024K)
[57.246s][info][gc,heap        ] GC(328) ParOldGen: 7585K(1398272K)->7657K(1398272K)
[57.246s][info][gc,metaspace   ] GC(328) Metaspace: 14329K(15360K)->14329K(15360K) NonClass: 12360K(12992K)->12360K(12992K) Class: 1969K(2368K)->1969K(2368K)
[57.246s][info][gc             ] GC(328) Pause Young (Allocation Failure) 288M->8M(1642M) 2.003ms
[57.246s][info][gc,cpu         ] GC(328) User=0.00s Sys=0.00s Real=0.00s
[57.429s][info][gc,start       ] GC(329) Pause Young (Allocation Failure)
[57.431s][info][gc,heap        ] GC(329) PSYoungGen: 283136K(283136K)->1024K(278528K) Eden: 282112K(282112K)->0K(277504K) From: 1024K(1024K)->1024K(1024K)
[57.431s][info][gc,heap        ] GC(329) ParOldGen: 7657K(1398272K)->7753K(1398272K)
[57.431s][info][gc,metaspace   ] GC(329) Metaspace: 14329K(15360K)->14329K(15360K) NonClass: 12360K(12992K)->12360K(12992K) Class: 1969K(2368K)->1969K(2368K)
[57.431s][info][gc             ] GC(329) Pause Young (Allocation Failure) 283M->8M(1637M) 2.037ms
[57.432s][info][gc,cpu         ] GC(329) User=0.00s Sys=0.00s Real=0.00s
[57.612s][info][gc,start       ] GC(330) Pause Young (Allocation Failure)
[57.614s][info][gc,heap        ] GC(330) PSYoungGen: 278528K(278528K)->992K(273920K) Eden: 277504K(277504K)->0K(272896K) From: 1024K(1024K)->992K(1024K)
[57.614s][info][gc,heap        ] GC(330) ParOldGen: 7753K(1398272K)->7809K(1398272K)
[57.614s][info][gc,metaspace   ] GC(330) Metaspace: 14329K(15360K)->14329K(15360K) NonClass: 12360K(12992K)->12360K(12992K) Class: 1969K(2368K)->1969K(2368K)
[57.614s][info][gc             ] GC(330) Pause Young (Allocation Failure) 279M->8M(1633M) 2.044ms
[57.614s][info][gc,cpu         ] GC(330) User=0.00s Sys=0.00s Real=0.00s
[57.793s][info][gc,start       ] GC(331) Pause Young (Allocation Failure)
[57.795s][info][gc,heap        ] GC(331) PSYoungGen: 273888K(273920K)->992K(269312K) Eden: 272896K(272896K)->0K(268288K) From: 992K(1024K)->992K(1024K)
[57.795s][info][gc,heap        ] GC(331) ParOldGen: 7809K(1398272K)->7857K(1398272K)
[57.795s][info][gc,metaspace   ] GC(331) Metaspace: 14329K(15360K)->14329K(15360K) NonClass: 12360K(12992K)->12360K(12992K) Class: 1969K(2368K)->1969K(2368K)
[57.795s][info][gc             ] GC(331) Pause Young (Allocation Failure) 275M->8M(1628M) 2.066ms
[57.795s][info][gc,cpu         ] GC(331) User=0.00s Sys=0.00s Real=0.00s
[57.974s][info][gc,start       ] GC(332) Pause Young (Allocation Failure)
[57.976s][info][gc,heap        ] GC(332) PSYoungGen: 269280K(269312K)->992K(265216K) Eden: 268288K(268288K)->0K(264192K) From: 992K(1024K)->992K(1024K)
[57.976s][info][gc,heap        ] GC(332) ParOldGen: 7857K(1398272K)->7937K(1398272K)
[57.976s][info][gc,metaspace   ] GC(332) Metaspace: 14329K(15360K)->14329K(15360K) NonClass: 12360K(12992K)->12360K(12992K) Class: 1969K(2368K)->1969K(2368K)
[57.976s][info][gc             ] GC(332) Pause Young (Allocation Failure) 270M->8M(1624M) 2.071ms
[57.976s][info][gc,cpu         ] GC(332) User=0.00s Sys=0.00s Real=0.00s
[58.199s][info][gc,start       ] GC(333) Pause Young (Allocation Failure)
[58.202s][info][gc,heap        ] GC(333) PSYoungGen: 265184K(265216K)->1024K(318464K) Eden: 264192K(264192K)->0K(317440K) From: 992K(1024K)->1024K(1024K)
[58.202s][info][gc,heap        ] GC(333) ParOldGen: 7937K(1398272K)->8001K(1398272K)
[58.202s][info][gc,metaspace   ] GC(333) Metaspace: 14329K(15360K)->14329K(15360K) NonClass: 12360K(12992K)->12360K(12992K) Class: 1969K(2368K)->1969K(2368K)
[58.202s][info][gc             ] GC(333) Pause Young (Allocation Failure) 266M->8M(1676M) 2.712ms
[58.202s][info][gc,cpu         ] GC(333) User=0.00s Sys=0.00s Real=0.00s
[58.426s][info][gc,start       ] GC(334) Pause Young (Allocation Failure)
[58.428s][info][gc,heap        ] GC(334) PSYoungGen: 318464K(318464K)->1024K(312832K) Eden: 317440K(317440K)->0K(311808K) From: 1024K(1024K)->1024K(1024K)
[58.428s][info][gc,heap        ] GC(334) ParOldGen: 8001K(1398272K)->8065K(1398272K)
[58.428s][info][gc,metaspace   ] GC(334) Metaspace: 14329K(15360K)->14329K(15360K) NonClass: 12360K(12992K)->12360K(12992K) Class: 1969K(2368K)->1969K(2368K)
[58.428s][info][gc             ] GC(334) Pause Young (Allocation Failure) 318M->8M(1671M) 2.049ms
[58.428s][info][gc,cpu         ] GC(334) User=0.00s Sys=0.00s Real=0.00s
[58.639s][info][gc,start       ] GC(335) Pause Young (Allocation Failure)
[58.641s][info][gc,heap        ] GC(335) PSYoungGen: 312832K(312832K)->1024K(307200K) Eden: 311808K(311808K)->0K(306176K) From: 1024K(1024K)->1024K(1024K)
[58.641s][info][gc,heap        ] GC(335) ParOldGen: 8065K(1398272K)->8153K(1398272K)
[58.641s][info][gc,metaspace   ] GC(335) Metaspace: 14329K(15360K)->14329K(15360K) NonClass: 12360K(12992K)->12360K(12992K) Class: 1969K(2368K)->1969K(2368K)
[58.641s][info][gc             ] GC(335) Pause Young (Allocation Failure) 313M->8M(1665M) 1.945ms
[58.641s][info][gc,cpu         ] GC(335) User=0.00s Sys=0.00s Real=0.00s
[58.864s][info][gc,start       ] GC(336) Pause Young (Allocation Failure)
[58.866s][info][gc,heap        ] GC(336) PSYoungGen: 307200K(307200K)->928K(301568K) Eden: 306176K(306176K)->0K(300544K) From: 1024K(1024K)->928K(1024K)
[58.866s][info][gc,heap        ] GC(336) ParOldGen: 8153K(1398272K)->8233K(1398272K)
[58.866s][info][gc,metaspace   ] GC(336) Metaspace: 14329K(15360K)->14329K(15360K) NonClass: 12360K(12992K)->12360K(12992K) Class: 1969K(2368K)->1969K(2368K)
[58.866s][info][gc             ] GC(336) Pause Young (Allocation Failure) 307M->8M(1660M) 1.858ms
[58.866s][info][gc,cpu         ] GC(336) User=0.00s Sys=0.00s Real=0.00s
[59.065s][info][gc,start       ] GC(337) Pause Young (Allocation Failure)
[59.067s][info][gc,heap        ] GC(337) PSYoungGen: 301472K(301568K)->992K(296448K) Eden: 300544K(300544K)->0K(295424K) From: 928K(1024K)->992K(1024K)
[59.067s][info][gc,heap        ] GC(337) ParOldGen: 8233K(1398272K)->8313K(1398272K)
[59.067s][info][gc,metaspace   ] GC(337) Metaspace: 14329K(15360K)->14329K(15360K) NonClass: 12360K(12992K)->12360K(12992K) Class: 1969K(2368K)->1969K(2368K)
[59.067s][info][gc             ] GC(337) Pause Young (Allocation Failure) 302M->9M(1655M) 1.887ms
[59.067s][info][gc,cpu         ] GC(337) User=0.00s Sys=0.00s Real=0.00s
[59.260s][info][gc,start       ] GC(338) Pause Young (Allocation Failure)
[59.262s][info][gc,heap        ] GC(338) PSYoungGen: 296416K(296448K)->960K(291328K) Eden: 295424K(295424K)->0K(290304K) From: 992K(1024K)->960K(1024K)
[59.262s][info][gc,heap        ] GC(338) ParOldGen: 8313K(1398272K)->8409K(1398272K)
[59.262s][info][gc,metaspace   ] GC(338) Metaspace: 14329K(15360K)->14329K(15360K) NonClass: 12360K(12992K)->12360K(12992K) Class: 1969K(2368K)->1969K(2368K)
[59.262s][info][gc             ] GC(338) Pause Young (Allocation Failure) 297M->9M(1650M) 1.882ms
[59.262s][info][gc,cpu         ] GC(338) User=0.00s Sys=0.00s Real=0.00s
[59.452s][info][gc,start       ] GC(339) Pause Young (Allocation Failure)
[59.453s][info][gc,heap        ] GC(339) PSYoungGen: 291264K(291328K)->992K(286208K) Eden: 290304K(290304K)->0K(285184K) From: 960K(1024K)->992K(1024K)
[59.453s][info][gc,heap        ] GC(339) ParOldGen: 8409K(1398272K)->8473K(1398272K)
[59.453s][info][gc,metaspace   ] GC(339) Metaspace: 14329K(15360K)->14329K(15360K) NonClass: 12360K(12992K)->12360K(12992K) Class: 1969K(2368K)->1969K(2368K)
[59.453s][info][gc             ] GC(339) Pause Young (Allocation Failure) 292M->9M(1645M) 1.906ms
[59.454s][info][gc,cpu         ] GC(339) User=0.00s Sys=0.00s Real=0.00s
[59.640s][info][gc,start       ] GC(340) Pause Young (Allocation Failure)
[59.642s][info][gc,heap        ] GC(340) PSYoungGen: 286176K(286208K)->960K(281600K) Eden: 285184K(285184K)->0K(280576K) From: 992K(1024K)->960K(1024K)
[59.642s][info][gc,heap        ] GC(340) ParOldGen: 8473K(1398272K)->8561K(1398272K)
[59.642s][info][gc,metaspace   ] GC(340) Metaspace: 14329K(15360K)->14329K(15360K) NonClass: 12360K(12992K)->12360K(12992K) Class: 1969K(2368K)->1969K(2368K)
[59.642s][info][gc             ] GC(340) Pause Young (Allocation Failure) 287M->9M(1640M) 1.887ms
[59.642s][info][gc,cpu         ] GC(340) User=0.00s Sys=0.00s Real=0.00s
[59.825s][info][gc,start       ] GC(341) Pause Young (Allocation Failure)
[59.827s][info][gc,heap        ] GC(341) PSYoungGen: 281536K(281600K)->928K(276992K) Eden: 280576K(280576K)->0K(275968K) From: 960K(1024K)->928K(1024K)
[59.827s][info][gc,heap        ] GC(341) ParOldGen: 8561K(1398272K)->8625K(1398272K)
[59.827s][info][gc,metaspace   ] GC(341) Metaspace: 14329K(15360K)->14329K(15360K) NonClass: 12360K(12992K)->12360K(12992K) Class: 1969K(2368K)->1969K(2368K)
[59.827s][info][gc             ] GC(341) Pause Young (Allocation Failure) 283M->9M(1636M) 1.976ms
[59.827s][info][gc,cpu         ] GC(341) User=0.52s Sys=0.00s Real=0.00s
[60.006s][info][gc,start       ] GC(342) Pause Young (Allocation Failure)
[60.008s][info][gc,heap        ] GC(342) PSYoungGen: 276896K(276992K)->960K(272384K) Eden: 275968K(275968K)->0K(271360K) From: 928K(1024K)->960K(1024K)
[60.008s][info][gc,heap        ] GC(342) ParOldGen: 8625K(1398272K)->8721K(1398272K)
[60.008s][info][gc,metaspace   ] GC(342) Metaspace: 14329K(15360K)->14329K(15360K) NonClass: 12360K(12992K)->12360K(12992K) Class: 1969K(2368K)->1969K(2368K)
[60.008s][info][gc             ] GC(342) Pause Young (Allocation Failure) 278M->9M(1631M) 1.954ms
[60.008s][info][gc,cpu         ] GC(342) User=0.00s Sys=0.00s Real=0.00s
[60.184s][info][gc,start       ] GC(343) Pause Young (Allocation Failure)
[60.186s][info][gc,heap        ] GC(343) PSYoungGen: 272320K(272384K)->992K(267776K) Eden: 271360K(271360K)->0K(266752K) From: 960K(1024K)->992K(1024K)
[60.186s][info][gc,heap        ] GC(343) ParOldGen: 8721K(1398272K)->8809K(1398272K)
[60.186s][info][gc,metaspace   ] GC(343) Metaspace: 14329K(15360K)->14329K(15360K) NonClass: 12360K(12992K)->12360K(12992K) Class: 1969K(2368K)->1969K(2368K)
[60.186s][info][gc             ] GC(343) Pause Young (Allocation Failure) 274M->9M(1627M) 1.937ms
[60.186s][info][gc,cpu         ] GC(343) User=0.52s Sys=0.00s Real=0.00s
[60.359s][info][gc,start       ] GC(344) Pause Young (Allocation Failure)
[60.361s][info][gc,heap        ] GC(344) PSYoungGen: 267744K(267776K)->960K(263680K) Eden: 266752K(266752K)->0K(262656K) From: 992K(1024K)->960K(1024K)
[60.361s][info][gc,heap        ] GC(344) ParOldGen: 8809K(1398272K)->8865K(1398272K)
[60.361s][info][gc,metaspace   ] GC(344) Metaspace: 14329K(15360K)->14329K(15360K) NonClass: 12360K(12992K)->12360K(12992K) Class: 1969K(2368K)->1969K(2368K)
[60.361s][info][gc             ] GC(344) Pause Young (Allocation Failure) 270M->9M(1623M) 2.004ms
[60.361s][info][gc,cpu         ] GC(344) User=0.00s Sys=0.00s Real=0.00s
[60.534s][info][gc,start       ] GC(345) Pause Young (Allocation Failure)
[60.536s][info][gc,heap        ] GC(345) PSYoungGen: 263616K(263680K)->992K(259584K) Eden: 262656K(262656K)->0K(258560K) From: 960K(1024K)->992K(1024K)
[60.536s][info][gc,heap        ] GC(345) ParOldGen: 8865K(1398272K)->8953K(1398272K)
[60.536s][info][gc,metaspace   ] GC(345) Metaspace: 14329K(15360K)->14329K(15360K) NonClass: 12360K(12992K)->12360K(12992K) Class: 1969K(2368K)->1969K(2368K)
[60.536s][info][gc             ] GC(345) Pause Young (Allocation Failure) 266M->9M(1619M) 1.991ms
[60.536s][info][gc,cpu         ] GC(345) User=0.00s Sys=0.00s Real=0.00s
[60.705s][info][gc,start       ] GC(346) Pause Young (Allocation Failure)
[60.707s][info][gc,heap        ] GC(346) PSYoungGen: 259552K(259584K)->992K(255488K) Eden: 258560K(258560K)->0K(254464K) From: 992K(1024K)->992K(1024K)
[60.707s][info][gc,heap        ] GC(346) ParOldGen: 8953K(1398272K)->9025K(1398272K)
[60.707s][info][gc,metaspace   ] GC(346) Metaspace: 14329K(15360K)->14329K(15360K) NonClass: 12360K(12992K)->12360K(12992K) Class: 1969K(2368K)->1969K(2368K)
[60.707s][info][gc             ] GC(346) Pause Young (Allocation Failure) 262M->9M(1615M) 2.001ms
[60.707s][info][gc,cpu         ] GC(346) User=0.00s Sys=0.00s Real=0.00s
[60.876s][info][gc,start       ] GC(347) Pause Young (Allocation Failure)
[60.878s][info][gc,heap        ] GC(347) PSYoungGen: 255456K(255488K)->1024K(306688K) Eden: 254464K(254464K)->0K(305664K) From: 992K(1024K)->1024K(1024K)
[60.878s][info][gc,heap        ] GC(347) ParOldGen: 9025K(1398272K)->9097K(1398272K)
[60.878s][info][gc,metaspace   ] GC(347) Metaspace: 14329K(15360K)->14329K(15360K) NonClass: 12360K(12992K)->12360K(12992K) Class: 1969K(2368K)->1969K(2368K)
[60.878s][info][gc             ] GC(347) Pause Young (Allocation Failure) 258M->9M(1665M) 2.078ms
[60.878s][info][gc,cpu         ] GC(347) User=0.00s Sys=0.00s Real=0.00s
[61.138s][info][gc,start       ] GC(348) Pause Young (Allocation Failure)
[61.141s][info][gc,heap        ] GC(348) PSYoungGen: 306688K(306688K)->960K(301568K) Eden: 305664K(305664K)->0K(300544K) From: 1024K(1024K)->960K(1024K)
[61.141s][info][gc,heap        ] GC(348) ParOldGen: 9097K(1398272K)->9193K(1398272K)
[61.141s][info][gc,metaspace   ] GC(348) Metaspace: 14329K(15360K)->14329K(15360K) NonClass: 12360K(12992K)->12360K(12992K) Class: 1969K(2368K)->1969K(2368K)
[61.141s][info][gc             ] GC(348) Pause Young (Allocation Failure) 308M->9M(1660M) 2.827ms
[61.141s][info][gc,cpu         ] GC(348) User=0.00s Sys=0.00s Real=0.00s
[61.357s][info][gc,start       ] GC(349) Pause Young (Allocation Failure)
[61.359s][info][gc,heap        ] GC(349) PSYoungGen: 301504K(301568K)->960K(296448K) Eden: 300544K(300544K)->0K(295424K) From: 960K(1024K)->960K(1024K)
[61.359s][info][gc,heap        ] GC(349) ParOldGen: 9193K(1398272K)->9273K(1398272K)
[61.359s][info][gc,metaspace   ] GC(349) Metaspace: 14329K(15360K)->14329K(15360K) NonClass: 12360K(12992K)->12360K(12992K) Class: 1969K(2368K)->1969K(2368K)
[61.359s][info][gc             ] GC(349) Pause Young (Allocation Failure) 303M->9M(1655M) 1.978ms
[61.359s][info][gc,cpu         ] GC(349) User=0.52s Sys=0.00s Real=0.00s
[61.581s][info][gc,start       ] GC(350) Pause Young (Allocation Failure)
[61.583s][info][gc,heap        ] GC(350) PSYoungGen: 296384K(296448K)->992K(291328K) Eden: 295424K(295424K)->0K(290304K) From: 960K(1024K)->992K(1024K)
[61.583s][info][gc,heap        ] GC(350) ParOldGen: 9273K(1398272K)->9361K(1398272K)
[61.583s][info][gc,metaspace   ] GC(350) Metaspace: 14329K(15360K)->14329K(15360K) NonClass: 12360K(12992K)->12360K(12992K) Class: 1969K(2368K)->1969K(2368K)
[61.583s][info][gc             ] GC(350) Pause Young (Allocation Failure) 298M->10M(1650M) 1.858ms
[61.583s][info][gc,cpu         ] GC(350) User=0.00s Sys=0.00s Real=0.00s
[61.783s][info][gc,start       ] GC(351) Pause Young (Allocation Failure)
[61.785s][info][gc,heap        ] GC(351) PSYoungGen: 291296K(291328K)->1024K(286208K) Eden: 290304K(290304K)->0K(285184K) From: 992K(1024K)->1024K(1024K)
[61.785s][info][gc,heap        ] GC(351) ParOldGen: 9361K(1398272K)->9449K(1398272K)
[61.785s][info][gc,metaspace   ] GC(351) Metaspace: 14329K(15360K)->14329K(15360K) NonClass: 12360K(12992K)->12360K(12992K) Class: 1969K(2368K)->1969K(2368K)
[61.785s][info][gc             ] GC(351) Pause Young (Allocation Failure) 293M->10M(1645M) 1.833ms
[61.785s][info][gc,cpu         ] GC(351) User=0.00s Sys=0.00s Real=0.00s
[61.970s][info][gc,start       ] GC(352) Pause Young (Allocation Failure)
[61.972s][info][gc,heap        ] GC(352) PSYoungGen: 286208K(286208K)->1024K(281600K) Eden: 285184K(285184K)->0K(280576K) From: 1024K(1024K)->1024K(1024K)
[61.972s][info][gc,heap        ] GC(352) ParOldGen: 9449K(1398272K)->9553K(1398272K)
[61.972s][info][gc,metaspace   ] GC(352) Metaspace: 14329K(15360K)->14329K(15360K) NonClass: 12360K(12992K)->12360K(12992K) Class: 1969K(2368K)->1969K(2368K)
[61.972s][info][gc             ] GC(352) Pause Young (Allocation Failure) 288M->10M(1640M) 1.807ms
[61.972s][info][gc,cpu         ] GC(352) User=0.00s Sys=0.00s Real=0.00s
[62.156s][info][gc,start       ] GC(353) Pause Young (Allocation Failure)
[62.158s][info][gc,heap        ] GC(353) PSYoungGen: 281600K(281600K)->1024K(276992K) Eden: 280576K(280576K)->0K(275968K) From: 1024K(1024K)->1024K(1024K)
[62.158s][info][gc,heap        ] GC(353) ParOldGen: 9553K(1398272K)->9609K(1398272K)
[62.158s][info][gc,metaspace   ] GC(353) Metaspace: 14329K(15360K)->14329K(15360K) NonClass: 12360K(12992K)->12360K(12992K) Class: 1969K(2368K)->1969K(2368K)
[62.158s][info][gc             ] GC(353) Pause Young (Allocation Failure) 284M->10M(1636M) 1.865ms
[62.158s][info][gc,cpu         ] GC(353) User=0.00s Sys=0.00s Real=0.00s
[62.339s][info][gc,start       ] GC(354) Pause Young (Allocation Failure)
[62.341s][info][gc,heap        ] GC(354) PSYoungGen: 276992K(276992K)->1024K(272384K) Eden: 275968K(275968K)->0K(271360K) From: 1024K(1024K)->1024K(1024K)
[62.341s][info][gc,heap        ] GC(354) ParOldGen: 9609K(1398272K)->9681K(1398272K)
[62.341s][info][gc,metaspace   ] GC(354) Metaspace: 14329K(15360K)->14329K(15360K) NonClass: 12360K(12992K)->12360K(12992K) Class: 1969K(2368K)->1969K(2368K)
[62.341s][info][gc             ] GC(354) Pause Young (Allocation Failure) 279M->10M(1631M) 1.875ms
[62.341s][info][gc,cpu         ] GC(354) User=0.00s Sys=0.00s Real=0.00s
[62.517s][info][gc,start       ] GC(355) Pause Young (Allocation Failure)
[62.519s][info][gc,heap        ] GC(355) PSYoungGen: 272384K(272384K)->992K(267776K) Eden: 271360K(271360K)->0K(266752K) From: 1024K(1024K)->992K(1024K)
[62.519s][info][gc,heap        ] GC(355) ParOldGen: 9681K(1398272K)->9745K(1398272K)
[62.519s][info][gc,metaspace   ] GC(355) Metaspace: 14329K(15360K)->14329K(15360K) NonClass: 12360K(12992K)->12360K(12992K) Class: 1969K(2368K)->1969K(2368K)
[62.519s][info][gc             ] GC(355) Pause Young (Allocation Failure) 275M->10M(1627M) 1.881ms
[62.519s][info][gc,cpu         ] GC(355) User=0.00s Sys=0.00s Real=0.00s
[62.690s][info][gc,start       ] GC(356) Pause Young (Allocation Failure)
[62.692s][info][gc,heap        ] GC(356) PSYoungGen: 267744K(267776K)->992K(263680K) Eden: 266752K(266752K)->0K(262656K) From: 992K(1024K)->992K(1024K)
[62.692s][info][gc,heap        ] GC(356) ParOldGen: 9745K(1398272K)->9809K(1398272K)
[62.692s][info][gc,metaspace   ] GC(356) Metaspace: 14329K(15360K)->14329K(15360K) NonClass: 12360K(12992K)->12360K(12992K) Class: 1969K(2368K)->1969K(2368K)
[62.692s][info][gc             ] GC(356) Pause Young (Allocation Failure) 270M->10M(1623M) 1.855ms
[62.692s][info][gc,cpu         ] GC(356) User=0.00s Sys=0.00s Real=0.00s
[62.864s][info][gc,start       ] GC(357) Pause Young (Allocation Failure)
[62.866s][info][gc,heap        ] GC(357) PSYoungGen: 263648K(263680K)->992K(259584K) Eden: 262656K(262656K)->0K(258560K) From: 992K(1024K)->992K(1024K)
[62.866s][info][gc,heap        ] GC(357) ParOldGen: 9809K(1398272K)->9873K(1398272K)
[62.866s][info][gc,metaspace   ] GC(357) Metaspace: 14329K(15360K)->14329K(15360K) NonClass: 12360K(12992K)->12360K(12992K) Class: 1969K(2368K)->1969K(2368K)
[62.866s][info][gc             ] GC(357) Pause Young (Allocation Failure) 267M->10M(1619M) 1.905ms
[62.866s][info][gc,cpu         ] GC(357) User=0.00s Sys=0.00s Real=0.00s
[63.037s][info][gc,start       ] GC(358) Pause Young (Allocation Failure)
[63.039s][info][gc,heap        ] GC(358) PSYoungGen: 259552K(259584K)->992K(255488K) Eden: 258560K(258560K)->0K(254464K) From: 992K(1024K)->992K(1024K)
[63.039s][info][gc,heap        ] GC(358) ParOldGen: 9873K(1398272K)->9937K(1398272K)
[63.039s][info][gc,metaspace   ] GC(358) Metaspace: 14329K(15360K)->14329K(15360K) NonClass: 12360K(12992K)->12360K(12992K) Class: 1969K(2368K)->1969K(2368K)
[63.039s][info][gc             ] GC(358) Pause Young (Allocation Failure) 263M->10M(1615M) 1.935ms
[63.039s][info][gc,cpu         ] GC(358) User=0.00s Sys=0.00s Real=0.00s
[63.205s][info][gc,start       ] GC(359) Pause Young (Allocation Failure)
[63.207s][info][gc,heap        ] GC(359) PSYoungGen: 255456K(255488K)->960K(251392K) Eden: 254464K(254464K)->0K(250368K) From: 992K(1024K)->960K(1024K)
[63.207s][info][gc,heap        ] GC(359) ParOldGen: 9937K(1398272K)->10017K(1398272K)
[63.207s][info][gc,metaspace   ] GC(359) Metaspace: 14329K(15360K)->14329K(15360K) NonClass: 12360K(12992K)->12360K(12992K) Class: 1969K(2368K)->1969K(2368K)
[63.207s][info][gc             ] GC(359) Pause Young (Allocation Failure) 259M->10M(1611M) 1.954ms
[63.207s][info][gc,cpu         ] GC(359) User=0.00s Sys=0.00s Real=0.00s
[63.372s][info][gc,start       ] GC(360) Pause Young (Allocation Failure)
[63.374s][info][gc,heap        ] GC(360) PSYoungGen: 251328K(251392K)->1024K(247808K) Eden: 250368K(250368K)->0K(246784K) From: 960K(1024K)->1024K(1024K)
[63.374s][info][gc,heap        ] GC(360) ParOldGen: 10017K(1398272K)->10089K(1398272K)
[63.374s][info][gc,metaspace   ] GC(360) Metaspace: 14329K(15360K)->14329K(15360K) NonClass: 12360K(12992K)->12360K(12992K) Class: 1969K(2368K)->1969K(2368K)
[63.374s][info][gc             ] GC(360) Pause Young (Allocation Failure) 255M->10M(1607M) 1.959ms
[63.374s][info][gc,cpu         ] GC(360) User=0.52s Sys=0.00s Real=0.00s
[63.538s][info][gc,start       ] GC(361) Pause Young (Allocation Failure)
[63.540s][info][gc,heap        ] GC(361) PSYoungGen: 247807K(247808K)->960K(244224K) Eden: 246783K(246784K)->0K(243200K) From: 1024K(1024K)->960K(1024K)
[63.540s][info][gc,heap        ] GC(361) ParOldGen: 10089K(1398272K)->10153K(1398272K)
[63.540s][info][gc,metaspace   ] GC(361) Metaspace: 14329K(15360K)->14329K(15360K) NonClass: 12360K(12992K)->12360K(12992K) Class: 1969K(2368K)->1969K(2368K)
[63.540s][info][gc             ] GC(361) Pause Young (Allocation Failure) 251M->10M(1604M) 2.011ms
[63.540s][info][gc,cpu         ] GC(361) User=0.00s Sys=0.00s Real=0.00s
[63.699s][info][gc,start       ] GC(362) Pause Young (Allocation Failure)
[63.701s][info][gc,heap        ] GC(362) PSYoungGen: 244160K(244224K)->1024K(292864K) Eden: 243200K(243200K)->0K(291840K) From: 960K(1024K)->1024K(1024K)
[63.701s][info][gc,heap        ] GC(362) ParOldGen: 10153K(1398272K)->10217K(1398272K)
[63.701s][info][gc,metaspace   ] GC(362) Metaspace: 14329K(15360K)->14329K(15360K) NonClass: 12360K(12992K)->12360K(12992K) Class: 1969K(2368K)->1969K(2368K)
[63.701s][info][gc             ] GC(362) Pause Young (Allocation Failure) 248M->10M(1651M) 2.003ms
[63.701s][info][gc,cpu         ] GC(362) User=0.00s Sys=0.00s Real=0.00s
[63.892s][info][gc,start       ] GC(363) Pause Young (Allocation Failure)
[63.894s][info][gc,heap        ] GC(363) PSYoungGen: 292864K(292864K)->992K(351232K) Eden: 291840K(291840K)->0K(350208K) From: 1024K(1024K)->992K(1024K)
[63.894s][info][gc,heap        ] GC(363) ParOldGen: 10217K(1398272K)->10305K(1398272K)
[63.894s][info][gc,metaspace   ] GC(363) Metaspace: 14329K(15360K)->14329K(15360K) NonClass: 12360K(12992K)->12360K(12992K) Class: 1969K(2368K)->1969K(2368K)
[63.894s][info][gc             ] GC(363) Pause Young (Allocation Failure) 295M->11M(1708M) 2.103ms
[63.894s][info][gc,cpu         ] GC(363) User=0.00s Sys=0.00s Real=0.00s
[64.122s][info][gc,start       ] GC(364) Pause Young (Allocation Failure)
[64.125s][info][gc,heap        ] GC(364) PSYoungGen: 351200K(351232K)->960K(344576K) Eden: 350208K(350208K)->0K(343552K) From: 992K(1024K)->960K(1024K)
[64.125s][info][gc,heap        ] GC(364) ParOldGen: 10305K(1398272K)->10377K(1398272K)
[64.125s][info][gc,metaspace   ] GC(364) Metaspace: 14329K(15360K)->14329K(15360K) NonClass: 12360K(12992K)->12360K(12992K) Class: 1969K(2368K)->1969K(2368K)
[64.125s][info][gc             ] GC(364) Pause Young (Allocation Failure) 353M->11M(1702M) 2.219ms
[64.125s][info][gc,cpu         ] GC(364) User=0.52s Sys=0.00s Real=0.00s
[64.348s][info][gc,start       ] GC(365) Pause Young (Allocation Failure)
[64.350s][info][gc,heap        ] GC(365) PSYoungGen: 344512K(344576K)->992K(337920K) Eden: 343552K(343552K)->0K(336896K) From: 960K(1024K)->992K(1024K)
[64.350s][info][gc,heap        ] GC(365) ParOldGen: 10377K(1398272K)->10473K(1398272K)
[64.350s][info][gc,metaspace   ] GC(365) Metaspace: 14329K(15360K)->14329K(15360K) NonClass: 12360K(12992K)->12360K(12992K) Class: 1969K(2368K)->1969K(2368K)
[64.350s][info][gc             ] GC(365) Pause Young (Allocation Failure) 346M->11M(1695M) 2.248ms
[64.350s][info][gc,cpu         ] GC(365) User=0.00s Sys=0.00s Real=0.00s
[64.570s][info][gc,start       ] GC(366) Pause Young (Allocation Failure)
[64.573s][info][gc,heap        ] GC(366) PSYoungGen: 337888K(337920K)->992K(331776K) Eden: 336896K(336896K)->0K(330752K) From: 992K(1024K)->992K(1024K)
[64.573s][info][gc,heap        ] GC(366) ParOldGen: 10473K(1398272K)->10553K(1398272K)
[64.573s][info][gc,metaspace   ] GC(366) Metaspace: 14329K(15360K)->14329K(15360K) NonClass: 12360K(12992K)->12360K(12992K) Class: 1969K(2368K)->1969K(2368K)
[64.573s][info][gc             ] GC(366) Pause Young (Allocation Failure) 340M->11M(1689M) 2.243ms
[64.573s][info][gc,cpu         ] GC(366) User=0.00s Sys=0.00s Real=0.00s
[64.794s][info][gc,start       ] GC(367) Pause Young (Allocation Failure)
[64.796s][info][gc,heap        ] GC(367) PSYoungGen: 331744K(331776K)->1024K(325632K) Eden: 330752K(330752K)->0K(324608K) From: 992K(1024K)->1024K(1024K)
[64.796s][info][gc,heap        ] GC(367) ParOldGen: 10553K(1398272K)->10641K(1398272K)
[64.796s][info][gc,metaspace   ] GC(367) Metaspace: 14329K(15360K)->14329K(15360K) NonClass: 12360K(12992K)->12360K(12992K) Class: 1969K(2368K)->1969K(2368K)
[64.796s][info][gc             ] GC(367) Pause Young (Allocation Failure) 334M->11M(1683M) 2.262ms
[64.796s][info][gc,cpu         ] GC(367) User=0.52s Sys=0.00s Real=0.00s
[65.063s][info][gc,start       ] GC(368) Pause Young (Allocation Failure)
[65.065s][info][gc,heap        ] GC(368) PSYoungGen: 325632K(325632K)->960K(319488K) Eden: 324608K(324608K)->0K(318464K) From: 1024K(1024K)->960K(1024K)
[65.066s][info][gc,heap        ] GC(368) ParOldGen: 10641K(1398272K)->10713K(1398272K)
[65.066s][info][gc,metaspace   ] GC(368) Metaspace: 14329K(15360K)->14329K(15360K) NonClass: 12360K(12992K)->12360K(12992K) Class: 1969K(2368K)->1969K(2368K)
[65.066s][info][gc             ] GC(368) Pause Young (Allocation Failure) 328M->11M(1677M) 2.965ms
[65.066s][info][gc,cpu         ] GC(368) User=0.00s Sys=0.00s Real=0.00s
[65.293s][info][gc,start       ] GC(369) Pause Young (Allocation Failure)
[65.295s][info][gc,heap        ] GC(369) PSYoungGen: 319424K(319488K)->992K(313856K) Eden: 318464K(318464K)->0K(312832K) From: 960K(1024K)->992K(1024K)
[65.295s][info][gc,heap        ] GC(369) ParOldGen: 10713K(1398272K)->10801K(1398272K)
[65.295s][info][gc,metaspace   ] GC(369) Metaspace: 14329K(15360K)->14329K(15360K) NonClass: 12360K(12992K)->12360K(12992K) Class: 1969K(2368K)->1969K(2368K)
[65.295s][info][gc             ] GC(369) Pause Young (Allocation Failure) 322M->11M(1672M) 2.292ms
[65.295s][info][gc,cpu         ] GC(369) User=0.00s Sys=0.00s Real=0.00s
[65.532s][info][gc,start       ] GC(370) Pause Young (Allocation Failure)
[65.534s][info][gc,heap        ] GC(370) PSYoungGen: 313824K(313856K)->992K(308224K) Eden: 312832K(312832K)->0K(307200K) From: 992K(1024K)->992K(1024K)
[65.534s][info][gc,heap        ] GC(370) ParOldGen: 10801K(1398272K)->10881K(1398272K)
[65.534s][info][gc,metaspace   ] GC(370) Metaspace: 14329K(15360K)->14329K(15360K) NonClass: 12360K(12992K)->12360K(12992K) Class: 1969K(2368K)->1969K(2368K)
[65.534s][info][gc             ] GC(370) Pause Young (Allocation Failure) 317M->11M(1666M) 2.046ms
[65.534s][info][gc,cpu         ] GC(370) User=0.00s Sys=0.00s Real=0.00s
[65.744s][info][gc,start       ] GC(371) Pause Young (Allocation Failure)
[65.746s][info][gc,heap        ] GC(371) PSYoungGen: 308192K(308224K)->1024K(302592K) Eden: 307200K(307200K)->0K(301568K) From: 992K(1024K)->1024K(1024K)
[65.746s][info][gc,heap        ] GC(371) ParOldGen: 10881K(1398272K)->11025K(1398272K)
[65.746s][info][gc,metaspace   ] GC(371) Metaspace: 14329K(15360K)->14329K(15360K) NonClass: 12360K(12992K)->12360K(12992K) Class: 1969K(2368K)->1969K(2368K)
[65.746s][info][gc             ] GC(371) Pause Young (Allocation Failure) 311M->11M(1661M) 1.947ms
[65.746s][info][gc,cpu         ] GC(371) User=0.00s Sys=0.00s Real=0.00s
[65.945s][info][gc,start       ] GC(372) Pause Young (Allocation Failure)
[65.947s][info][gc,heap        ] GC(372) PSYoungGen: 302592K(302592K)->992K(297472K) Eden: 301568K(301568K)->0K(296448K) From: 1024K(1024K)->992K(1024K)
[65.947s][info][gc,heap        ] GC(372) ParOldGen: 11025K(1398272K)->11133K(1398272K)
[65.947s][info][gc,metaspace   ] GC(372) Metaspace: 14329K(15360K)->14329K(15360K) NonClass: 12360K(12992K)->12360K(12992K) Class: 1969K(2368K)->1969K(2368K)
[65.947s][info][gc             ] GC(372) Pause Young (Allocation Failure) 306M->11M(1656M) 2.007ms
[65.947s][info][gc,cpu         ] GC(372) User=0.00s Sys=0.00s Real=0.00s
[66.140s][info][gc,start       ] GC(373) Pause Young (Allocation Failure)
[66.142s][info][gc,heap        ] GC(373) PSYoungGen: 297440K(297472K)->1024K(292352K) Eden: 296448K(296448K)->0K(291328K) From: 992K(1024K)->1024K(1024K)
[66.142s][info][gc,heap        ] GC(373) ParOldGen: 11133K(1398272K)->11221K(1398272K)
[66.142s][info][gc,metaspace   ] GC(373) Metaspace: 14329K(15360K)->14329K(15360K) NonClass: 12360K(12992K)->12360K(12992K) Class: 1969K(2368K)->1969K(2368K)
[66.142s][info][gc             ] GC(373) Pause Young (Allocation Failure) 301M->11M(1651M) 2.029ms
[66.142s][info][gc,cpu         ] GC(373) User=0.00s Sys=0.00s Real=0.00s
[66.332s][info][gc,start       ] GC(374) Pause Young (Allocation Failure)
[66.333s][info][gc,heap        ] GC(374) PSYoungGen: 292352K(292352K)->992K(287232K) Eden: 291328K(291328K)->0K(286208K) From: 1024K(1024K)->992K(1024K)
[66.334s][info][gc,heap        ] GC(374) ParOldGen: 11221K(1398272K)->11285K(1398272K)
[66.334s][info][gc,metaspace   ] GC(374) Metaspace: 14329K(15360K)->14329K(15360K) NonClass: 12360K(12992K)->12360K(12992K) Class: 1969K(2368K)->1969K(2368K)
[66.334s][info][gc             ] GC(374) Pause Young (Allocation Failure) 296M->11M(1646M) 2.021ms
[66.334s][info][gc,cpu         ] GC(374) User=0.00s Sys=0.00s Real=0.00s
[66.523s][info][gc,start       ] GC(375) Pause Young (Allocation Failure)
[66.525s][info][gc,heap        ] GC(375) PSYoungGen: 287200K(287232K)->1024K(282624K) Eden: 286208K(286208K)->0K(281600K) From: 992K(1024K)->1024K(1024K)
[66.525s][info][gc,heap        ] GC(375) ParOldGen: 11285K(1398272K)->11357K(1398272K)
[66.525s][info][gc,metaspace   ] GC(375) Metaspace: 14329K(15360K)->14329K(15360K) NonClass: 12360K(12992K)->12360K(12992K) Class: 1969K(2368K)->1969K(2368K)
[66.525s][info][gc             ] GC(375) Pause Young (Allocation Failure) 291M->12M(1641M) 2.021ms
[66.525s][info][gc,cpu         ] GC(375) User=0.00s Sys=0.00s Real=0.00s
[66.708s][info][gc,start       ] GC(376) Pause Young (Allocation Failure)
[66.710s][info][gc,heap        ] GC(376) PSYoungGen: 282624K(282624K)->992K(278016K) Eden: 281600K(281600K)->0K(276992K) From: 1024K(1024K)->992K(1024K)
[66.710s][info][gc,heap        ] GC(376) ParOldGen: 11357K(1398272K)->11429K(1398272K)
[66.710s][info][gc,metaspace   ] GC(376) Metaspace: 14329K(15360K)->14329K(15360K) NonClass: 12360K(12992K)->12360K(12992K) Class: 1969K(2368K)->1969K(2368K)
[66.710s][info][gc             ] GC(376) Pause Young (Allocation Failure) 287M->12M(1637M) 1.975ms
[66.710s][info][gc,cpu         ] GC(376) User=0.00s Sys=0.00s Real=0.00s
[66.892s][info][gc,start       ] GC(377) Pause Young (Allocation Failure)
[66.894s][info][gc,heap        ] GC(377) PSYoungGen: 277984K(278016K)->992K(273408K) Eden: 276992K(276992K)->0K(272384K) From: 992K(1024K)->992K(1024K)
[66.894s][info][gc,heap        ] GC(377) ParOldGen: 11429K(1398272K)->11509K(1398272K)
[66.894s][info][gc,metaspace   ] GC(377) Metaspace: 14329K(15360K)->14329K(15360K) NonClass: 12360K(12992K)->12360K(12992K) Class: 1969K(2368K)->1969K(2368K)
[66.894s][info][gc             ] GC(377) Pause Young (Allocation Failure) 282M->12M(1632M) 2.056ms
[66.894s][info][gc,cpu         ] GC(377) User=0.00s Sys=0.00s Real=0.00s
[67.073s][info][gc,start       ] GC(378) Pause Young (Allocation Failure)
[67.075s][info][gc,heap        ] GC(378) PSYoungGen: 273376K(273408K)->992K(268800K) Eden: 272384K(272384K)->0K(267776K) From: 992K(1024K)->992K(1024K)
[67.075s][info][gc,heap        ] GC(378) ParOldGen: 11509K(1398272K)->11581K(1398272K)
[67.075s][info][gc,metaspace   ] GC(378) Metaspace: 14329K(15360K)->14329K(15360K) NonClass: 12360K(12992K)->12360K(12992K) Class: 1969K(2368K)->1969K(2368K)
[67.075s][info][gc             ] GC(378) Pause Young (Allocation Failure) 278M->12M(1628M) 2.121ms
[67.075s][info][gc,cpu         ] GC(378) User=0.00s Sys=0.00s Real=0.00s
[67.249s][info][gc,start       ] GC(379) Pause Young (Allocation Failure)
[67.251s][info][gc,heap        ] GC(379) PSYoungGen: 268768K(268800K)->992K(264704K) Eden: 267776K(267776K)->0K(263680K) From: 992K(1024K)->992K(1024K)
[67.251s][info][gc,heap        ] GC(379) ParOldGen: 11581K(1398272K)->11661K(1398272K)
[67.251s][info][gc,metaspace   ] GC(379) Metaspace: 14329K(15360K)->14329K(15360K) NonClass: 12360K(12992K)->12360K(12992K) Class: 1969K(2368K)->1969K(2368K)
[67.251s][info][gc             ] GC(379) Pause Young (Allocation Failure) 273M->12M(1624M) 2.109ms
[67.251s][info][gc,cpu         ] GC(379) User=0.00s Sys=0.00s Real=0.00s
[67.421s][info][gc,start       ] GC(380) Pause Young (Allocation Failure)
[67.423s][info][gc,heap        ] GC(380) PSYoungGen: 264672K(264704K)->992K(317440K) Eden: 263680K(263680K)->0K(316416K) From: 992K(1024K)->992K(1024K)
[67.423s][info][gc,heap        ] GC(380) ParOldGen: 11661K(1398272K)->11749K(1398272K)
[67.423s][info][gc,metaspace   ] GC(380) Metaspace: 14329K(15360K)->14329K(15360K) NonClass: 12360K(12992K)->12360K(12992K) Class: 1969K(2368K)->1969K(2368K)
[67.423s][info][gc             ] GC(380) Pause Young (Allocation Failure) 269M->12M(1675M) 2.134ms
[67.423s][info][gc,cpu         ] GC(380) User=0.00s Sys=0.00s Real=0.00s
[67.629s][info][gc,start       ] GC(381) Pause Young (Allocation Failure)
[67.631s][info][gc,heap        ] GC(381) PSYoungGen: 317408K(317440K)->992K(311808K) Eden: 316416K(316416K)->0K(310784K) From: 992K(1024K)->992K(1024K)
[67.631s][info][gc,heap        ] GC(381) ParOldGen: 11749K(1398272K)->11821K(1398272K)
[67.631s][info][gc,metaspace   ] GC(381) Metaspace: 14329K(15360K)->14329K(15360K) NonClass: 12360K(12992K)->12360K(12992K) Class: 1969K(2368K)->1969K(2368K)
[67.631s][info][gc             ] GC(381) Pause Young (Allocation Failure) 321M->12M(1670M) 2.222ms
[67.631s][info][gc,cpu         ] GC(381) User=0.00s Sys=0.00s Real=0.00s
[67.912s][info][gc,start       ] GC(382) Pause Young (Allocation Failure)
[67.915s][info][gc,heap        ] GC(382) PSYoungGen: 311776K(311808K)->960K(306176K) Eden: 310784K(310784K)->0K(305152K) From: 992K(1024K)->960K(1024K)
[67.915s][info][gc,heap        ] GC(382) ParOldGen: 11821K(1398272K)->11909K(1398272K)
[67.915s][info][gc,metaspace   ] GC(382) Metaspace: 14329K(15360K)->14329K(15360K) NonClass: 12360K(12992K)->12360K(12992K) Class: 1969K(2368K)->1969K(2368K)
[67.915s][info][gc             ] GC(382) Pause Young (Allocation Failure) 316M->12M(1664M) 2.716ms
[67.915s][info][gc,cpu         ] GC(382) User=0.00s Sys=0.00s Real=0.00s
[68.127s][info][gc,start       ] GC(383) Pause Young (Allocation Failure)
[68.129s][info][gc,heap        ] GC(383) PSYoungGen: 306112K(306176K)->832K(301056K) Eden: 305152K(305152K)->0K(300032K) From: 960K(1024K)->832K(1024K)
[68.129s][info][gc,heap        ] GC(383) ParOldGen: 11909K(1398272K)->11981K(1398272K)
[68.129s][info][gc,metaspace   ] GC(383) Metaspace: 14329K(15360K)->14329K(15360K) NonClass: 12360K(12992K)->12360K(12992K) Class: 1969K(2368K)->1969K(2368K)
[68.129s][info][gc             ] GC(383) Pause Young (Allocation Failure) 310M->12M(1659M) 2.165ms
[68.129s][info][gc,cpu         ] GC(383) User=0.00s Sys=0.00s Real=0.00s
[68.265s][info][gc,start       ] GC(384) Pause Young (Allocation Failure)
[68.267s][info][gc,heap        ] GC(384) PSYoungGen: 300864K(301056K)->768K(361472K) Eden: 300032K(300032K)->0K(360448K) From: 832K(1024K)->768K(1024K)
[68.267s][info][gc,heap        ] GC(384) ParOldGen: 11981K(1398272K)->12053K(1398272K)
[68.267s][info][gc,metaspace   ] GC(384) Metaspace: 14329K(15360K)->14329K(15360K) NonClass: 12360K(12992K)->12360K(12992K) Class: 1969K(2368K)->1969K(2368K)
[68.267s][info][gc             ] GC(384) Pause Young (Allocation Failure) 305M->12M(1718M) 1.847ms
[68.267s][info][gc,cpu         ] GC(384) User=0.00s Sys=0.00s Real=0.00s
[68.448s][info][gc,start       ] GC(385) Pause Young (System.gc())
[68.450s][info][gc,heap        ] GC(385) PSYoungGen: 243249K(361472K)->352K(360960K) Eden: 242481K(360448K)->0K(360448K) From: 768K(1024K)->352K(512K)
[68.450s][info][gc,heap        ] GC(385) ParOldGen: 12053K(1398272K)->12117K(1398272K)
[68.451s][info][gc,metaspace   ] GC(385) Metaspace: 14330K(15360K)->14330K(15360K) NonClass: 12361K(12992K)->12361K(12992K) Class: 1969K(2368K)->1969K(2368K)
[68.451s][info][gc             ] GC(385) Pause Young (System.gc()) 249M->12M(1718M) 2.645ms
[68.451s][info][gc,cpu         ] GC(385) User=0.00s Sys=0.00s Real=0.00s
[68.451s][info][gc,start       ] GC(386) Pause Full (System.gc())
[68.451s][info][gc,phases,start] GC(386) Marking Phase
[68.467s][info][gc,phases      ] GC(386) Marking Phase 15.793ms
[68.467s][info][gc,phases,start] GC(386) Summary Phase
[68.467s][info][gc,phases      ] GC(386) Summary Phase 0.025ms
[68.467s][info][gc,phases,start] GC(386) Adjust Roots
[68.470s][info][gc,phases      ] GC(386) Adjust Roots 3.629ms
[68.470s][info][gc,phases,start] GC(386) Compaction Phase
[68.472s][info][gc,phases      ] GC(386) Compaction Phase 1.913ms
[68.472s][info][gc,phases,start] GC(386) Post Compact
[68.473s][info][gc,phases      ] GC(386) Post Compact 0.559ms
[68.473s][info][gc,heap        ] GC(386) PSYoungGen: 352K(360960K)->0K(360960K) Eden: 0K(360448K)->0K(360448K) From: 352K(512K)->0K(512K)
[68.473s][info][gc,heap        ] GC(386) ParOldGen: 12117K(1398272K)->5387K(1398272K)
[68.473s][info][gc,metaspace   ] GC(386) Metaspace: 14330K(15360K)->14330K(15360K) NonClass: 12361K(12992K)->12361K(12992K) Class: 1969K(2368K)->1969K(2368K)
[68.473s][info][gc             ] GC(386) Pause Full (System.gc()) 12M->5M(1718M) 22.229ms
[68.473s][info][gc,cpu         ] GC(386) User=0.02s Sys=0.00s Real=0.01s
[68.782s][info][gc,start       ] GC(387) Pause Young (Allocation Failure)
[68.784s][info][gc,heap        ] GC(387) PSYoungGen: 360448K(360960K)->1536K(354816K) Eden: 360448K(360448K)->0K(353280K) From: 0K(512K)->1536K(1536K)
[68.784s][info][gc,heap        ] GC(387) ParOldGen: 5387K(1398272K)->5618K(1398272K)
[68.784s][info][gc,metaspace   ] GC(387) Metaspace: 14332K(15360K)->14332K(15360K) NonClass: 12363K(12992K)->12363K(12992K) Class: 1969K(2368K)->1969K(2368K)
[68.784s][info][gc             ] GC(387) Pause Young (Allocation Failure) 357M->6M(1712M) 2.111ms
[68.784s][info][gc,cpu         ] GC(387) User=0.00s Sys=0.00s Real=0.00s
[68.998s][info][gc,start       ] GC(388) Pause Young (Allocation Failure)
[69.000s][info][gc,heap        ] GC(388) PSYoungGen: 354816K(354816K)->1024K(347648K) Eden: 353280K(353280K)->0K(346624K) From: 1536K(1536K)->1024K(1024K)
[69.000s][info][gc,heap        ] GC(388) ParOldGen: 5618K(1398272K)->7142K(1398272K)
[69.000s][info][gc,metaspace   ] GC(388) Metaspace: 14332K(15360K)->14332K(15360K) NonClass: 12363K(12992K)->12363K(12992K) Class: 1969K(2368K)->1969K(2368K)
[69.000s][info][gc             ] GC(388) Pause Young (Allocation Failure) 351M->7M(1705M) 2.131ms
[69.000s][info][gc,cpu         ] GC(388) User=0.00s Sys=0.00s Real=0.00s
[69.229s][info][gc,start       ] GC(389) Pause Young (Allocation Failure)
[69.230s][info][gc,heap        ] GC(389) PSYoungGen: 347648K(347648K)->1024K(340992K) Eden: 346624K(346624K)->0K(339968K) From: 1024K(1024K)->1024K(1024K)
[69.230s][info][gc,heap        ] GC(389) ParOldGen: 7142K(1398272K)->7238K(1398272K)
[69.230s][info][gc,metaspace   ] GC(389) Metaspace: 14332K(15360K)->14332K(15360K) NonClass: 12363K(12992K)->12363K(12992K) Class: 1969K(2368K)->1969K(2368K)
[69.230s][info][gc             ] GC(389) Pause Young (Allocation Failure) 346M->8M(1698M) 1.936ms
[69.231s][info][gc,cpu         ] GC(389) User=0.00s Sys=0.00s Real=0.00s
[69.447s][info][gc,start       ] GC(390) Pause Young (Allocation Failure)
[69.449s][info][gc,heap        ] GC(390) PSYoungGen: 340992K(340992K)->1024K(334336K) Eden: 339968K(339968K)->0K(333312K) From: 1024K(1024K)->1024K(1024K)
[69.449s][info][gc,heap        ] GC(390) ParOldGen: 7238K(1398272K)->7350K(1398272K)
[69.449s][info][gc,metaspace   ] GC(390) Metaspace: 14332K(15360K)->14332K(15360K) NonClass: 12363K(12992K)->12363K(12992K) Class: 1969K(2368K)->1969K(2368K)
[69.449s][info][gc             ] GC(390) Pause Young (Allocation Failure) 340M->8M(1692M) 2.058ms
[69.449s][info][gc,cpu         ] GC(390) User=0.00s Sys=0.00s Real=0.00s
[69.665s][info][gc,start       ] GC(391) Pause Young (Allocation Failure)
[69.667s][info][gc,heap        ] GC(391) PSYoungGen: 334336K(334336K)->960K(328192K) Eden: 333312K(333312K)->0K(327168K) From: 1024K(1024K)->960K(1024K)
[69.667s][info][gc,heap        ] GC(391) ParOldGen: 7350K(1398272K)->7430K(1398272K)
[69.667s][info][gc,metaspace   ] GC(391) Metaspace: 14332K(15360K)->14332K(15360K) NonClass: 12363K(12992K)->12363K(12992K) Class: 1969K(2368K)->1969K(2368K)
[69.667s][info][gc             ] GC(391) Pause Young (Allocation Failure) 333M->8M(1686M) 2.075ms
[69.667s][info][gc,cpu         ] GC(391) User=0.00s Sys=0.00s Real=0.00s
[69.878s][info][gc,start       ] GC(392) Pause Young (Allocation Failure)
[69.880s][info][gc,heap        ] GC(392) PSYoungGen: 328128K(328192K)->1024K(322048K) Eden: 327168K(327168K)->0K(321024K) From: 960K(1024K)->1024K(1024K)
[69.880s][info][gc,heap        ] GC(392) ParOldGen: 7430K(1398272K)->7518K(1398272K)
[69.880s][info][gc,metaspace   ] GC(392) Metaspace: 14332K(15360K)->14332K(15360K) NonClass: 12363K(12992K)->12363K(12992K) Class: 1969K(2368K)->1969K(2368K)
[69.880s][info][gc             ] GC(392) Pause Young (Allocation Failure) 327M->8M(1680M) 2.081ms
[69.880s][info][gc,cpu         ] GC(392) User=0.00s Sys=0.00s Real=0.00s
[70.087s][info][gc,start       ] GC(393) Pause Young (Allocation Failure)
[70.089s][info][gc,heap        ] GC(393) PSYoungGen: 322048K(322048K)->960K(316416K) Eden: 321024K(321024K)->0K(315392K) From: 1024K(1024K)->960K(1024K)
[70.089s][info][gc,heap        ] GC(393) ParOldGen: 7518K(1398272K)->7630K(1398272K)
[70.089s][info][gc,metaspace   ] GC(393) Metaspace: 14332K(15360K)->14332K(15360K) NonClass: 12363K(12992K)->12363K(12992K) Class: 1969K(2368K)->1969K(2368K)
[70.089s][info][gc             ] GC(393) Pause Young (Allocation Failure) 321M->8M(1674M) 2.063ms
[70.089s][info][gc,cpu         ] GC(393) User=0.00s Sys=0.00s Real=0.00s
[70.294s][info][gc,start       ] GC(394) Pause Young (Allocation Failure)
[70.296s][info][gc,heap        ] GC(394) PSYoungGen: 316352K(316416K)->1024K(310784K) Eden: 315392K(315392K)->0K(309760K) From: 960K(1024K)->1024K(1024K)
[70.296s][info][gc,heap        ] GC(394) ParOldGen: 7630K(1398272K)->7718K(1398272K)
[70.296s][info][gc,metaspace   ] GC(394) Metaspace: 14332K(15360K)->14332K(15360K) NonClass: 12363K(12992K)->12363K(12992K) Class: 1969K(2368K)->1969K(2368K)
[70.296s][info][gc             ] GC(394) Pause Young (Allocation Failure) 316M->8M(1669M) 2.119ms
[70.296s][info][gc,cpu         ] GC(394) User=0.52s Sys=0.00s Real=0.00s
[70.491s][info][gc,start       ] GC(395) Pause Young (Allocation Failure)
[70.494s][info][gc,heap        ] GC(395) PSYoungGen: 310784K(310784K)->1024K(305152K) Eden: 309760K(309760K)->0K(304128K) From: 1024K(1024K)->1024K(1024K)
[70.494s][info][gc,heap        ] GC(395) ParOldGen: 7718K(1398272K)->7806K(1398272K)
[70.494s][info][gc,metaspace   ] GC(395) Metaspace: 14332K(15360K)->14332K(15360K) NonClass: 12363K(12992K)->12363K(12992K) Class: 1969K(2368K)->1969K(2368K)
[70.494s][info][gc             ] GC(395) Pause Young (Allocation Failure) 311M->8M(1663M) 2.145ms
[70.494s][info][gc,cpu         ] GC(395) User=0.00s Sys=0.00s Real=0.00s
[70.691s][info][gc,start       ] GC(396) Pause Young (Allocation Failure)
[70.693s][info][gc,heap        ] GC(396) PSYoungGen: 305152K(305152K)->1024K(300032K) Eden: 304128K(304128K)->0K(299008K) From: 1024K(1024K)->1024K(1024K)
[70.693s][info][gc,heap        ] GC(396) ParOldGen: 7806K(1398272K)->7886K(1398272K)
[70.693s][info][gc,metaspace   ] GC(396) Metaspace: 14332K(15360K)->14332K(15360K) NonClass: 12363K(12992K)->12363K(12992K) Class: 1969K(2368K)->1969K(2368K)
[70.693s][info][gc             ] GC(396) Pause Young (Allocation Failure) 305M->8M(1658M) 2.184ms
[70.693s][info][gc,cpu         ] GC(396) User=0.00s Sys=0.00s Real=0.00s
[70.886s][info][gc,start       ] GC(397) Pause Young (Allocation Failure)
[70.888s][info][gc,heap        ] GC(397) PSYoungGen: 300032K(300032K)->992K(294912K) Eden: 299008K(299008K)->0K(293888K) From: 1024K(1024K)->992K(1024K)
[70.888s][info][gc,heap        ] GC(397) ParOldGen: 7886K(1398272K)->7974K(1398272K)
[70.888s][info][gc,metaspace   ] GC(397) Metaspace: 14332K(15360K)->14332K(15360K) NonClass: 12363K(12992K)->12363K(12992K) Class: 1969K(2368K)->1969K(2368K)
[70.888s][info][gc             ] GC(397) Pause Young (Allocation Failure) 300M->8M(1653M) 2.248ms
[70.888s][info][gc,cpu         ] GC(397) User=0.00s Sys=0.00s Real=0.00s
[71.077s][info][gc,start       ] GC(398) Pause Young (Allocation Failure)
[71.080s][info][gc,heap        ] GC(398) PSYoungGen: 294880K(294912K)->1024K(289792K) Eden: 293888K(293888K)->0K(288768K) From: 992K(1024K)->1024K(1024K)
[71.080s][info][gc,heap        ] GC(398) ParOldGen: 7974K(1398272K)->8038K(1398272K)
[71.080s][info][gc,metaspace   ] GC(398) Metaspace: 14332K(15360K)->14332K(15360K) NonClass: 12363K(12992K)->12363K(12992K) Class: 1969K(2368K)->1969K(2368K)
[71.080s][info][gc             ] GC(398) Pause Young (Allocation Failure) 295M->8M(1648M) 2.375ms
[71.080s][info][gc,cpu         ] GC(398) User=0.00s Sys=0.00s Real=0.00s
[71.265s][info][gc,start       ] GC(399) Pause Young (Allocation Failure)
[71.267s][info][gc,heap        ] GC(399) PSYoungGen: 289792K(289792K)->1024K(347648K) Eden: 288768K(288768K)->0K(346624K) From: 1024K(1024K)->1024K(1024K)
[71.267s][info][gc,heap        ] GC(399) ParOldGen: 8038K(1398272K)->8110K(1398272K)
[71.267s][info][gc,metaspace   ] GC(399) Metaspace: 14332K(15360K)->14332K(15360K) NonClass: 12363K(12992K)->12363K(12992K) Class: 1969K(2368K)->1969K(2368K)
[71.267s][info][gc             ] GC(399) Pause Young (Allocation Failure) 290M->8M(1705M) 2.302ms
[71.267s][info][gc,cpu         ] GC(399) User=0.00s Sys=0.00s Real=0.00s
[71.494s][info][gc,start       ] GC(400) Pause Young (Allocation Failure)
[71.497s][info][gc,heap        ] GC(400) PSYoungGen: 347648K(347648K)->992K(340992K) Eden: 346624K(346624K)->0K(339968K) From: 1024K(1024K)->992K(1024K)
[71.497s][info][gc,heap        ] GC(400) ParOldGen: 8110K(1398272K)->8182K(1398272K)
[71.497s][info][gc,metaspace   ] GC(400) Metaspace: 14332K(15360K)->14332K(15360K) NonClass: 12363K(12992K)->12363K(12992K) Class: 1969K(2368K)->1969K(2368K)
[71.497s][info][gc             ] GC(400) Pause Young (Allocation Failure) 347M->8M(1698M) 2.414ms
[71.497s][info][gc,cpu         ] GC(400) User=0.00s Sys=0.00s Real=0.00s
[71.717s][info][gc,start       ] GC(401) Pause Young (Allocation Failure)
[71.720s][info][gc,heap        ] GC(401) PSYoungGen: 340960K(340992K)->992K(334336K) Eden: 339968K(339968K)->0K(333312K) From: 992K(1024K)->992K(1024K)
[71.720s][info][gc,heap        ] GC(401) ParOldGen: 8182K(1398272K)->8278K(1398272K)
[71.720s][info][gc,metaspace   ] GC(401) Metaspace: 14332K(15360K)->14332K(15360K) NonClass: 12363K(12992K)->12363K(12992K) Class: 1969K(2368K)->1969K(2368K)
[71.720s][info][gc             ] GC(401) Pause Young (Allocation Failure) 340M->9M(1692M) 2.344ms
[71.720s][info][gc,cpu         ] GC(401) User=0.00s Sys=0.00s Real=0.00s
[71.944s][info][gc,start       ] GC(402) Pause Young (Allocation Failure)
[71.946s][info][gc,heap        ] GC(402) PSYoungGen: 334304K(334336K)->992K(328192K) Eden: 333312K(333312K)->0K(327168K) From: 992K(1024K)->992K(1024K)
[71.946s][info][gc,heap        ] GC(402) ParOldGen: 8278K(1398272K)->8382K(1398272K)
[71.946s][info][gc,metaspace   ] GC(402) Metaspace: 14332K(15360K)->14332K(15360K) NonClass: 12363K(12992K)->12363K(12992K) Class: 1969K(2368K)->1969K(2368K)
[71.946s][info][gc             ] GC(402) Pause Young (Allocation Failure) 334M->9M(1686M) 2.204ms
[71.946s][info][gc,cpu         ] GC(402) User=0.00s Sys=0.00s Real=0.00s
[72.167s][info][gc,start       ] GC(403) Pause Young (Allocation Failure)
[72.169s][info][gc,heap        ] GC(403) PSYoungGen: 328160K(328192K)->992K(322048K) Eden: 327168K(327168K)->0K(321024K) From: 992K(1024K)->992K(1024K)
[72.169s][info][gc,heap        ] GC(403) ParOldGen: 8382K(1398272K)->8454K(1398272K)
[72.169s][info][gc,metaspace   ] GC(403) Metaspace: 14332K(15360K)->14332K(15360K) NonClass: 12363K(12992K)->12363K(12992K) Class: 1969K(2368K)->1969K(2368K)
[72.169s][info][gc             ] GC(403) Pause Young (Allocation Failure) 328M->9M(1680M) 2.091ms
[72.169s][info][gc,cpu         ] GC(403) User=0.00s Sys=0.00s Real=0.00s
[72.394s][info][gc,start       ] GC(404) Pause Young (Allocation Failure)
[72.396s][info][gc,heap        ] GC(404) PSYoungGen: 322016K(322048K)->992K(316416K) Eden: 321024K(321024K)->0K(315392K) From: 992K(1024K)->992K(1024K)
[72.396s][info][gc,heap        ] GC(404) ParOldGen: 8454K(1398272K)->8558K(1398272K)
[72.396s][info][gc,metaspace   ] GC(404) Metaspace: 14332K(15360K)->14332K(15360K) NonClass: 12363K(12992K)->12363K(12992K) Class: 1969K(2368K)->1969K(2368K)
[72.396s][info][gc             ] GC(404) Pause Young (Allocation Failure) 322M->9M(1674M) 2.017ms
[72.396s][info][gc,cpu         ] GC(404) User=0.00s Sys=0.00s Real=0.00s
[72.600s][info][gc,start       ] GC(405) Pause Young (Allocation Failure)
[72.602s][info][gc,heap        ] GC(405) PSYoungGen: 316384K(316416K)->1024K(310784K) Eden: 315392K(315392K)->0K(309760K) From: 992K(1024K)->1024K(1024K)
[72.602s][info][gc,heap        ] GC(405) ParOldGen: 8558K(1398272K)->8646K(1398272K)
[72.602s][info][gc,metaspace   ] GC(405) Metaspace: 14332K(15360K)->14332K(15360K) NonClass: 12363K(12992K)->12363K(12992K) Class: 1969K(2368K)->1969K(2368K)
[72.602s][info][gc             ] GC(405) Pause Young (Allocation Failure) 317M->9M(1669M) 2.082ms
[72.602s][info][gc,cpu         ] GC(405) User=0.00s Sys=0.00s Real=0.00s
[72.801s][info][gc,start       ] GC(406) Pause Young (Allocation Failure)
[72.803s][info][gc,heap        ] GC(406) PSYoungGen: 310784K(310784K)->992K(305152K) Eden: 309760K(309760K)->0K(304128K) From: 1024K(1024K)->992K(1024K)
[72.803s][info][gc,heap        ] GC(406) ParOldGen: 8646K(1398272K)->8734K(1398272K)
[72.804s][info][gc,metaspace   ] GC(406) Metaspace: 14332K(15360K)->14332K(15360K) NonClass: 12363K(12992K)->12363K(12992K) Class: 1969K(2368K)->1969K(2368K)
[72.804s][info][gc             ] GC(406) Pause Young (Allocation Failure) 311M->9M(1663M) 2.029ms
[72.804s][info][gc,cpu         ] GC(406) User=0.00s Sys=0.00s Real=0.00s
[72.999s][info][gc,start       ] GC(407) Pause Young (Allocation Failure)
[73.001s][info][gc,heap        ] GC(407) PSYoungGen: 305120K(305152K)->992K(300032K) Eden: 304128K(304128K)->0K(299008K) From: 992K(1024K)->992K(1024K)
[73.001s][info][gc,heap        ] GC(407) ParOldGen: 8734K(1398272K)->8822K(1398272K)
[73.001s][info][gc,metaspace   ] GC(407) Metaspace: 14332K(15360K)->14332K(15360K) NonClass: 12363K(12992K)->12363K(12992K) Class: 1969K(2368K)->1969K(2368K)
[73.001s][info][gc             ] GC(407) Pause Young (Allocation Failure) 306M->9M(1658M) 2.083ms
[73.001s][info][gc,cpu         ] GC(407) User=0.00s Sys=0.00s Real=0.00s
[73.192s][info][gc,start       ] GC(408) Pause Young (Allocation Failure)
[73.194s][info][gc,heap        ] GC(408) PSYoungGen: 300000K(300032K)->960K(294912K) Eden: 299008K(299008K)->0K(293888K) From: 992K(1024K)->960K(1024K)
[73.194s][info][gc,heap        ] GC(408) ParOldGen: 8822K(1398272K)->8894K(1398272K)
[73.194s][info][gc,metaspace   ] GC(408) Metaspace: 14332K(15360K)->14332K(15360K) NonClass: 12363K(12992K)->12363K(12992K) Class: 1969K(2368K)->1969K(2368K)
[73.194s][info][gc             ] GC(408) Pause Young (Allocation Failure) 301M->9M(1653M) 2.077ms
[73.194s][info][gc,cpu         ] GC(408) User=0.00s Sys=0.00s Real=0.00s
[73.385s][info][gc,start       ] GC(409) Pause Young (Allocation Failure)
[73.387s][info][gc,heap        ] GC(409) PSYoungGen: 294848K(294912K)->1024K(289792K) Eden: 293888K(293888K)->0K(288768K) From: 960K(1024K)->1024K(1024K)
[73.387s][info][gc,heap        ] GC(409) ParOldGen: 8894K(1398272K)->8966K(1398272K)
[73.387s][info][gc,metaspace   ] GC(409) Metaspace: 14332K(15360K)->14332K(15360K) NonClass: 12363K(12992K)->12363K(12992K) Class: 1969K(2368K)->1969K(2368K)
[73.387s][info][gc             ] GC(409) Pause Young (Allocation Failure) 296M->9M(1648M) 2.142ms
[73.387s][info][gc,cpu         ] GC(409) User=0.00s Sys=0.00s Real=0.00s
[73.572s][info][gc,start       ] GC(410) Pause Young (Allocation Failure)
[73.574s][info][gc,heap        ] GC(410) PSYoungGen: 289792K(289792K)->992K(284672K) Eden: 288768K(288768K)->0K(283648K) From: 1024K(1024K)->992K(1024K)
[73.574s][info][gc,heap        ] GC(410) ParOldGen: 8966K(1398272K)->9062K(1398272K)
[73.574s][info][gc,metaspace   ] GC(410) Metaspace: 14332K(15360K)->14332K(15360K) NonClass: 12363K(12992K)->12363K(12992K) Class: 1969K(2368K)->1969K(2368K)
[73.575s][info][gc             ] GC(410) Pause Young (Allocation Failure) 291M->9M(1643M) 2.191ms
[73.575s][info][gc,cpu         ] GC(410) User=0.00s Sys=0.00s Real=0.00s
[73.759s][info][gc,start       ] GC(411) Pause Young (Allocation Failure)
[73.761s][info][gc,heap        ] GC(411) PSYoungGen: 284640K(284672K)->1024K(280064K) Eden: 283648K(283648K)->0K(279040K) From: 992K(1024K)->1024K(1024K)
[73.761s][info][gc,heap        ] GC(411) ParOldGen: 9062K(1398272K)->9150K(1398272K)
[73.761s][info][gc,metaspace   ] GC(411) Metaspace: 14332K(15360K)->14332K(15360K) NonClass: 12363K(12992K)->12363K(12992K) Class: 1969K(2368K)->1969K(2368K)
[73.761s][info][gc             ] GC(411) Pause Young (Allocation Failure) 286M->9M(1639M) 2.176ms
[73.761s][info][gc,cpu         ] GC(411) User=0.00s Sys=0.00s Real=0.00s
[73.943s][info][gc,start       ] GC(412) Pause Young (Allocation Failure)
[73.945s][info][gc,heap        ] GC(412) PSYoungGen: 280064K(280064K)->1024K(335872K) Eden: 279040K(279040K)->0K(334848K) From: 1024K(1024K)->1024K(1024K)
[73.945s][info][gc,heap        ] GC(412) ParOldGen: 9150K(1398272K)->9214K(1398272K)
[73.945s][info][gc,metaspace   ] GC(412) Metaspace: 14332K(15360K)->14332K(15360K) NonClass: 12363K(12992K)->12363K(12992K) Class: 1969K(2368K)->1969K(2368K)
[73.945s][info][gc             ] GC(412) Pause Young (Allocation Failure) 282M->9M(1693M) 2.260ms
[73.945s][info][gc,cpu         ] GC(412) User=0.00s Sys=0.00s Real=0.00s
[74.160s][info][gc,start       ] GC(413) Pause Young (Allocation Failure)
[74.162s][info][gc,heap        ] GC(413) PSYoungGen: 335872K(335872K)->1024K(329728K) Eden: 334848K(334848K)->0K(328704K) From: 1024K(1024K)->1024K(1024K)
[74.162s][info][gc,heap        ] GC(413) ParOldGen: 9214K(1398272K)->9302K(1398272K)
[74.162s][info][gc,metaspace   ] GC(413) Metaspace: 14332K(15360K)->14332K(15360K) NonClass: 12363K(12992K)->12363K(12992K) Class: 1969K(2368K)->1969K(2368K)
[74.162s][info][gc             ] GC(413) Pause Young (Allocation Failure) 336M->10M(1687M) 2.315ms
[74.162s][info][gc,cpu         ] GC(413) User=0.00s Sys=0.00s Real=0.00s
[74.374s][info][gc,start       ] GC(414) Pause Young (Allocation Failure)
[74.376s][info][gc,heap        ] GC(414) PSYoungGen: 329728K(329728K)->992K(323584K) Eden: 328704K(328704K)->0K(322560K) From: 1024K(1024K)->992K(1024K)
[74.376s][info][gc,heap        ] GC(414) ParOldGen: 9302K(1398272K)->9398K(1398272K)
[74.376s][info][gc,metaspace   ] GC(414) Metaspace: 14332K(15360K)->14332K(15360K) NonClass: 12363K(12992K)->12363K(12992K) Class: 1969K(2368K)->1969K(2368K)
[74.376s][info][gc             ] GC(414) Pause Young (Allocation Failure) 331M->10M(1681M) 2.338ms
[74.376s][info][gc,cpu         ] GC(414) User=0.00s Sys=0.00s Real=0.00s
[74.620s][info][gc,start       ] GC(415) Pause Young (Allocation Failure)
[74.623s][info][gc,heap        ] GC(415) PSYoungGen: 323552K(323584K)->992K(317952K) Eden: 322560K(322560K)->0K(316928K) From: 992K(1024K)->992K(1024K)
[74.623s][info][gc,heap        ] GC(415) ParOldGen: 9398K(1398272K)->9470K(1398272K)
[74.623s][info][gc,metaspace   ] GC(415) Metaspace: 14332K(15360K)->14332K(15360K) NonClass: 12363K(12992K)->12363K(12992K) Class: 1969K(2368K)->1969K(2368K)
[74.623s][info][gc             ] GC(415) Pause Young (Allocation Failure) 325M->10M(1676M) 3.004ms
[74.623s][info][gc,cpu         ] GC(415) User=0.02s Sys=0.00s Real=0.00s
[74.842s][info][gc,start       ] GC(416) Pause Young (Allocation Failure)
[74.844s][info][gc,heap        ] GC(416) PSYoungGen: 317920K(317952K)->1024K(312320K) Eden: 316928K(316928K)->0K(311296K) From: 992K(1024K)->1024K(1024K)
[74.844s][info][gc,heap        ] GC(416) ParOldGen: 9470K(1398272K)->9558K(1398272K)
[74.844s][info][gc,metaspace   ] GC(416) Metaspace: 14332K(15360K)->14332K(15360K) NonClass: 12363K(12992K)->12363K(12992K) Class: 1969K(2368K)->1969K(2368K)
[74.844s][info][gc             ] GC(416) Pause Young (Allocation Failure) 319M->10M(1670M) 2.177ms
[74.844s][info][gc,cpu         ] GC(416) User=0.00s Sys=0.00s Real=0.00s
[75.084s][info][gc,start       ] GC(417) Pause Young (Allocation Failure)
[75.086s][info][gc,heap        ] GC(417) PSYoungGen: 312320K(312320K)->992K(306688K) Eden: 311296K(311296K)->0K(305664K) From: 1024K(1024K)->992K(1024K)
[75.086s][info][gc,heap        ] GC(417) ParOldGen: 9558K(1398272K)->9630K(1398272K)
[75.086s][info][gc,metaspace   ] GC(417) Metaspace: 14332K(15360K)->14332K(15360K) NonClass: 12363K(12992K)->12363K(12992K) Class: 1969K(2368K)->1969K(2368K)
[75.086s][info][gc             ] GC(417) Pause Young (Allocation Failure) 314M->10M(1665M) 2.037ms
[75.086s][info][gc,cpu         ] GC(417) User=0.00s Sys=0.00s Real=0.00s
[75.288s][info][gc,start       ] GC(418) Pause Young (Allocation Failure)
[75.290s][info][gc,heap        ] GC(418) PSYoungGen: 306656K(306688K)->1024K(301568K) Eden: 305664K(305664K)->0K(300544K) From: 992K(1024K)->1024K(1024K)
[75.291s][info][gc,heap        ] GC(418) ParOldGen: 9630K(1398272K)->9726K(1398272K)
[75.291s][info][gc,metaspace   ] GC(418) Metaspace: 14332K(15360K)->14332K(15360K) NonClass: 12363K(12992K)->12363K(12992K) Class: 1969K(2368K)->1969K(2368K)
[75.291s][info][gc             ] GC(418) Pause Young (Allocation Failure) 308M->10M(1660M) 2.058ms
[75.291s][info][gc,cpu         ] GC(418) User=0.00s Sys=0.00s Real=0.00s
[75.485s][info][gc,start       ] GC(419) Pause Young (Allocation Failure)
[75.487s][info][gc,heap        ] GC(419) PSYoungGen: 301568K(301568K)->992K(296448K) Eden: 300544K(300544K)->0K(295424K) From: 1024K(1024K)->992K(1024K)
[75.487s][info][gc,heap        ] GC(419) ParOldGen: 9726K(1398272K)->9814K(1398272K)
[75.487s][info][gc,metaspace   ] GC(419) Metaspace: 14332K(15360K)->14332K(15360K) NonClass: 12363K(12992K)->12363K(12992K) Class: 1969K(2368K)->1969K(2368K)
[75.487s][info][gc             ] GC(419) Pause Young (Allocation Failure) 303M->10M(1655M) 2.081ms
[75.487s][info][gc,cpu         ] GC(419) User=0.00s Sys=0.00s Real=0.00s
[75.680s][info][gc,start       ] GC(420) Pause Young (Allocation Failure)
[75.682s][info][gc,heap        ] GC(420) PSYoungGen: 296416K(296448K)->1024K(291328K) Eden: 295424K(295424K)->0K(290304K) From: 992K(1024K)->1024K(1024K)
[75.682s][info][gc,heap        ] GC(420) ParOldGen: 9814K(1398272K)->9902K(1398272K)
[75.682s][info][gc,metaspace   ] GC(420) Metaspace: 14332K(15360K)->14332K(15360K) NonClass: 12363K(12992K)->12363K(12992K) Class: 1969K(2368K)->1969K(2368K)
[75.682s][info][gc             ] GC(420) Pause Young (Allocation Failure) 299M->10M(1650M) 2.036ms
[75.682s][info][gc,cpu         ] GC(420) User=0.00s Sys=0.00s Real=0.00s
[75.869s][info][gc,start       ] GC(421) Pause Young (Allocation Failure)
[75.871s][info][gc,heap        ] GC(421) PSYoungGen: 291328K(291328K)->1024K(286208K) Eden: 290304K(290304K)->0K(285184K) From: 1024K(1024K)->1024K(1024K)
[75.871s][info][gc,heap        ] GC(421) ParOldGen: 9902K(1398272K)->9974K(1398272K)
[75.871s][info][gc,metaspace   ] GC(421) Metaspace: 14332K(15360K)->14332K(15360K) NonClass: 12363K(12992K)->12363K(12992K) Class: 1969K(2368K)->1969K(2368K)
[75.871s][info][gc             ] GC(421) Pause Young (Allocation Failure) 294M->10M(1645M) 2.040ms
[75.871s][info][gc,cpu         ] GC(421) User=0.00s Sys=0.00s Real=0.00s
[76.055s][info][gc,start       ] GC(422) Pause Young (Allocation Failure)
[76.057s][info][gc,heap        ] GC(422) PSYoungGen: 286208K(286208K)->1024K(281600K) Eden: 285184K(285184K)->0K(280576K) From: 1024K(1024K)->1024K(1024K)
[76.057s][info][gc,heap        ] GC(422) ParOldGen: 9974K(1398272K)->10054K(1398272K)
[76.057s][info][gc,metaspace   ] GC(422) Metaspace: 14332K(15360K)->14332K(15360K) NonClass: 12363K(12992K)->12363K(12992K) Class: 1969K(2368K)->1969K(2368K)
[76.057s][info][gc             ] GC(422) Pause Young (Allocation Failure) 289M->10M(1640M) 2.110ms
[76.057s][info][gc,cpu         ] GC(422) User=0.00s Sys=0.00s Real=0.00s
[76.236s][info][gc,start       ] GC(423) Pause Young (Allocation Failure)
[76.238s][info][gc,heap        ] GC(423) PSYoungGen: 281600K(281600K)->1024K(276992K) Eden: 280576K(280576K)->0K(275968K) From: 1024K(1024K)->1024K(1024K)
[76.238s][info][gc,heap        ] GC(423) ParOldGen: 10054K(1398272K)->10134K(1398272K)
[76.238s][info][gc,metaspace   ] GC(423) Metaspace: 14332K(15360K)->14332K(15360K) NonClass: 12363K(12992K)->12363K(12992K) Class: 1969K(2368K)->1969K(2368K)
[76.238s][info][gc             ] GC(423) Pause Young (Allocation Failure) 284M->10M(1636M) 2.122ms
[76.239s][info][gc,cpu         ] GC(423) User=0.00s Sys=0.00s Real=0.00s
[76.416s][info][gc,start       ] GC(424) Pause Young (Allocation Failure)
[76.419s][info][gc,heap        ] GC(424) PSYoungGen: 276992K(276992K)->1024K(272384K) Eden: 275968K(275968K)->0K(271360K) From: 1024K(1024K)->1024K(1024K)
[76.419s][info][gc,heap        ] GC(424) ParOldGen: 10134K(1398272K)->10214K(1398272K)
[76.419s][info][gc,metaspace   ] GC(424) Metaspace: 14332K(15360K)->14332K(15360K) NonClass: 12363K(12992K)->12363K(12992K) Class: 1969K(2368K)->1969K(2368K)
[76.419s][info][gc             ] GC(424) Pause Young (Allocation Failure) 280M->10M(1631M) 2.071ms
[76.419s][info][gc,cpu         ] GC(424) User=0.00s Sys=0.00s Real=0.00s
[76.593s][info][gc,start       ] GC(425) Pause Young (Allocation Failure)
[76.595s][info][gc,heap        ] GC(425) PSYoungGen: 272384K(272384K)->992K(326656K) Eden: 271360K(271360K)->0K(325632K) From: 1024K(1024K)->992K(1024K)
[76.595s][info][gc,heap        ] GC(425) ParOldGen: 10214K(1398272K)->10278K(1398272K)
[76.595s][info][gc,metaspace   ] GC(425) Metaspace: 14332K(15360K)->14332K(15360K) NonClass: 12363K(12992K)->12363K(12992K) Class: 1969K(2368K)->1969K(2368K)
[76.595s][info][gc             ] GC(425) Pause Young (Allocation Failure) 275M->11M(1684M) 2.158ms
[76.595s][info][gc,cpu         ] GC(425) User=0.00s Sys=0.00s Real=0.00s
[76.806s][info][gc,start       ] GC(426) Pause Young (Allocation Failure)
[76.808s][info][gc,heap        ] GC(426) PSYoungGen: 326624K(326656K)->992K(320512K) Eden: 325632K(325632K)->0K(319488K) From: 992K(1024K)->992K(1024K)
[76.808s][info][gc,heap        ] GC(426) ParOldGen: 10278K(1398272K)->10390K(1398272K)
[76.808s][info][gc,metaspace   ] GC(426) Metaspace: 14332K(15360K)->14332K(15360K) NonClass: 12363K(12992K)->12363K(12992K) Class: 1969K(2368K)->1969K(2368K)
[76.808s][info][gc             ] GC(426) Pause Young (Allocation Failure) 329M->11M(1678M) 2.219ms
[76.808s][info][gc,cpu         ] GC(426) User=0.00s Sys=0.00s Real=0.00s
[77.014s][info][gc,start       ] GC(427) Pause Young (Allocation Failure)
[77.016s][info][gc,heap        ] GC(427) PSYoungGen: 320480K(320512K)->1024K(314880K) Eden: 319488K(319488K)->0K(313856K) From: 992K(1024K)->1024K(1024K)
[77.017s][info][gc,heap        ] GC(427) ParOldGen: 10390K(1398272K)->10494K(1398272K)
[77.017s][info][gc,metaspace   ] GC(427) Metaspace: 14332K(15360K)->14332K(15360K) NonClass: 12363K(12992K)->12363K(12992K) Class: 1969K(2368K)->1969K(2368K)
[77.017s][info][gc             ] GC(427) Pause Young (Allocation Failure) 323M->11M(1673M) 2.193ms
[77.017s][info][gc,cpu         ] GC(427) User=0.00s Sys=0.00s Real=0.00s
[77.218s][info][gc,start       ] GC(428) Pause Young (Allocation Failure)
[77.220s][info][gc,heap        ] GC(428) PSYoungGen: 314880K(314880K)->992K(309248K) Eden: 313856K(313856K)->0K(308224K) From: 1024K(1024K)->992K(1024K)
[77.221s][info][gc,heap        ] GC(428) ParOldGen: 10494K(1398272K)->10622K(1398272K)
[77.221s][info][gc,metaspace   ] GC(428) Metaspace: 14332K(15360K)->14332K(15360K) NonClass: 12363K(12992K)->12363K(12992K) Class: 1969K(2368K)->1969K(2368K)
[77.221s][info][gc             ] GC(428) Pause Young (Allocation Failure) 317M->11M(1667M) 2.270ms
[77.221s][info][gc,cpu         ] GC(428) User=0.00s Sys=0.00s Real=0.00s
[77.519s][info][gc,start       ] GC(429) Pause Young (Allocation Failure)
[77.521s][info][gc,heap        ] GC(429) PSYoungGen: 309216K(309248K)->992K(303616K) Eden: 308224K(308224K)->0K(302592K) From: 992K(1024K)->992K(1024K)
[77.521s][info][gc,heap        ] GC(429) ParOldGen: 10622K(1398272K)->10702K(1398272K)
[77.521s][info][gc,metaspace   ] GC(429) Metaspace: 14332K(15360K)->14332K(15360K) NonClass: 12363K(12992K)->12363K(12992K) Class: 1969K(2368K)->1969K(2368K)
[77.521s][info][gc             ] GC(429) Pause Young (Allocation Failure) 312M->11M(1662M) 2.907ms
[77.521s][info][gc,cpu         ] GC(429) User=0.00s Sys=0.00s Real=0.00s
[77.734s][info][gc,start       ] GC(430) Pause Young (Allocation Failure)
[77.736s][info][gc,heap        ] GC(430) PSYoungGen: 303584K(303616K)->1024K(298496K) Eden: 302592K(302592K)->0K(297472K) From: 992K(1024K)->1024K(1024K)
[77.736s][info][gc,heap        ] GC(430) ParOldGen: 10702K(1398272K)->10798K(1398272K)
[77.736s][info][gc,metaspace   ] GC(430) Metaspace: 14332K(15360K)->14332K(15360K) NonClass: 12363K(12992K)->12363K(12992K) Class: 1969K(2368K)->1969K(2368K)
[77.736s][info][gc             ] GC(430) Pause Young (Allocation Failure) 306M->11M(1657M) 2.140ms
[77.736s][info][gc,cpu         ] GC(430) User=0.00s Sys=0.00s Real=0.00s
[77.939s][info][gc,start       ] GC(431) Pause Young (Allocation Failure)
[77.941s][info][gc,heap        ] GC(431) PSYoungGen: 298496K(298496K)->992K(293376K) Eden: 297472K(297472K)->0K(292352K) From: 1024K(1024K)->992K(1024K)
[77.941s][info][gc,heap        ] GC(431) ParOldGen: 10798K(1398272K)->10894K(1398272K)
[77.941s][info][gc,metaspace   ] GC(431) Metaspace: 14332K(15360K)->14332K(15360K) NonClass: 12363K(12992K)->12363K(12992K) Class: 1969K(2368K)->1969K(2368K)
[77.941s][info][gc             ] GC(431) Pause Young (Allocation Failure) 302M->11M(1652M) 2.121ms
[77.941s][info][gc,cpu         ] GC(431) User=0.00s Sys=0.00s Real=0.00s
[78.140s][info][gc,start       ] GC(432) Pause Young (Allocation Failure)
[78.142s][info][gc,heap        ] GC(432) PSYoungGen: 293344K(293376K)->1024K(288256K) Eden: 292352K(292352K)->0K(287232K) From: 992K(1024K)->1024K(1024K)
[78.142s][info][gc,heap        ] GC(432) ParOldGen: 10894K(1398272K)->10982K(1398272K)
[78.142s][info][gc,metaspace   ] GC(432) Metaspace: 14332K(15360K)->14332K(15360K) NonClass: 12363K(12992K)->12363K(12992K) Class: 1969K(2368K)->1969K(2368K)
[78.142s][info][gc             ] GC(432) Pause Young (Allocation Failure) 297M->11M(1647M) 2.021ms
[78.142s][info][gc,cpu         ] GC(432) User=0.00s Sys=0.00s Real=0.00s
[78.336s][info][gc,start       ] GC(433) Pause Young (Allocation Failure)
[78.338s][info][gc,heap        ] GC(433) PSYoungGen: 288256K(288256K)->992K(283648K) Eden: 287232K(287232K)->0K(282624K) From: 1024K(1024K)->992K(1024K)
[78.338s][info][gc,heap        ] GC(433) ParOldGen: 10982K(1398272K)->11046K(1398272K)
[78.338s][info][gc,metaspace   ] GC(433) Metaspace: 14332K(15360K)->14332K(15360K) NonClass: 12363K(12992K)->12363K(12992K) Class: 1969K(2368K)->1969K(2368K)
[78.338s][info][gc             ] GC(433) Pause Young (Allocation Failure) 292M->11M(1642M) 2.138ms
[78.338s][info][gc,cpu         ] GC(433) User=0.00s Sys=0.00s Real=0.00s
[78.521s][info][gc,start       ] GC(434) Pause Young (Allocation Failure)
[78.523s][info][gc,heap        ] GC(434) PSYoungGen: 283616K(283648K)->1024K(279040K) Eden: 282624K(282624K)->0K(278016K) From: 992K(1024K)->1024K(1024K)
[78.523s][info][gc,heap        ] GC(434) ParOldGen: 11046K(1398272K)->11138K(1398272K)
[78.523s][info][gc,metaspace   ] GC(434) Metaspace: 14332K(15360K)->14332K(15360K) NonClass: 12363K(12992K)->12363K(12992K) Class: 1969K(2368K)->1969K(2368K)
[78.523s][info][gc             ] GC(434) Pause Young (Allocation Failure) 287M->11M(1638M) 1.972ms
[78.523s][info][gc,cpu         ] GC(434) User=0.00s Sys=0.00s Real=0.00s
[78.700s][info][gc,start       ] GC(435) Pause Young (Allocation Failure)
[78.702s][info][gc,heap        ] GC(435) PSYoungGen: 279040K(279040K)->992K(274432K) Eden: 278016K(278016K)->0K(273408K) From: 1024K(1024K)->992K(1024K)
[78.702s][info][gc,heap        ] GC(435) ParOldGen: 11138K(1398272K)->11194K(1398272K)
[78.702s][info][gc,metaspace   ] GC(435) Metaspace: 14332K(15360K)->14332K(15360K) NonClass: 12363K(12992K)->12363K(12992K) Class: 1969K(2368K)->1969K(2368K)
[78.702s][info][gc             ] GC(435) Pause Young (Allocation Failure) 283M->11M(1633M) 2.009ms
[78.702s][info][gc,cpu         ] GC(435) User=0.00s Sys=0.00s Real=0.00s
[78.879s][info][gc,start       ] GC(436) Pause Young (Allocation Failure)
[78.881s][info][gc,heap        ] GC(436) PSYoungGen: 274400K(274432K)->1024K(269824K) Eden: 273408K(273408K)->0K(268800K) From: 992K(1024K)->1024K(1024K)
[78.881s][info][gc,heap        ] GC(436) ParOldGen: 11194K(1398272K)->11306K(1398272K)
[78.881s][info][gc,metaspace   ] GC(436) Metaspace: 14332K(15360K)->14332K(15360K) NonClass: 12363K(12992K)->12363K(12992K) Class: 1969K(2368K)->1969K(2368K)
[78.881s][info][gc             ] GC(436) Pause Young (Allocation Failure) 278M->12M(1629M) 2.038ms
[78.881s][info][gc,cpu         ] GC(436) User=0.00s Sys=0.00s Real=0.00s
[79.055s][info][gc,start       ] GC(437) Pause Young (Allocation Failure)
[79.057s][info][gc,heap        ] GC(437) PSYoungGen: 269824K(269824K)->1024K(265728K) Eden: 268800K(268800K)->0K(264704K) From: 1024K(1024K)->1024K(1024K)
[79.057s][info][gc,heap        ] GC(437) ParOldGen: 11306K(1398272K)->11386K(1398272K)
[79.057s][info][gc,metaspace   ] GC(437) Metaspace: 14332K(15360K)->14332K(15360K) NonClass: 12363K(12992K)->12363K(12992K) Class: 1969K(2368K)->1969K(2368K)
[79.057s][info][gc             ] GC(437) Pause Young (Allocation Failure) 274M->12M(1625M) 1.950ms
[79.057s][info][gc,cpu         ] GC(437) User=0.00s Sys=0.00s Real=0.00s
[79.226s][info][gc,start       ] GC(438) Pause Young (Allocation Failure)
[79.228s][info][gc,heap        ] GC(438) PSYoungGen: 265728K(265728K)->992K(261632K) Eden: 264704K(264704K)->0K(260608K) From: 1024K(1024K)->992K(1024K)
[79.228s][info][gc,heap        ] GC(438) ParOldGen: 11386K(1398272K)->11466K(1398272K)
[79.228s][info][gc,metaspace   ] GC(438) Metaspace: 14332K(15360K)->14332K(15360K) NonClass: 12363K(12992K)->12363K(12992K) Class: 1969K(2368K)->1969K(2368K)
[79.228s][info][gc             ] GC(438) Pause Young (Allocation Failure) 270M->12M(1621M) 2.028ms
[79.228s][info][gc,cpu         ] GC(438) User=0.00s Sys=0.00s Real=0.00s
[79.396s][info][gc,start       ] GC(439) Pause Young (Allocation Failure)
[79.398s][info][gc,heap        ] GC(439) PSYoungGen: 261600K(261632K)->960K(313856K) Eden: 260608K(260608K)->0K(312832K) From: 992K(1024K)->960K(1024K)
[79.398s][info][gc,heap        ] GC(439) ParOldGen: 11466K(1398272K)->11546K(1398272K)
[79.398s][info][gc,metaspace   ] GC(439) Metaspace: 14332K(15360K)->14332K(15360K) NonClass: 12363K(12992K)->12363K(12992K) Class: 1969K(2368K)->1969K(2368K)
[79.398s][info][gc             ] GC(439) Pause Young (Allocation Failure) 266M->12M(1672M) 2.063ms
[79.398s][info][gc,cpu         ] GC(439) User=0.00s Sys=0.00s Real=0.00s
[79.599s][info][gc,start       ] GC(440) Pause Young (Allocation Failure)
[79.601s][info][gc,heap        ] GC(440) PSYoungGen: 313792K(313856K)->992K(308224K) Eden: 312832K(312832K)->0K(307200K) From: 960K(1024K)->992K(1024K)
[79.601s][info][gc,heap        ] GC(440) ParOldGen: 11546K(1398272K)->11642K(1398272K)
[79.601s][info][gc,metaspace   ] GC(440) Metaspace: 14332K(15360K)->14332K(15360K) NonClass: 12363K(12992K)->12363K(12992K) Class: 1969K(2368K)->1969K(2368K)
[79.601s][info][gc             ] GC(440) Pause Young (Allocation Failure) 317M->12M(1666M) 2.161ms
[79.601s][info][gc,cpu         ] GC(440) User=0.00s Sys=0.00s Real=0.00s
[79.796s][info][gc,start       ] GC(441) Pause Young (Allocation Failure)
[79.806s][info][gc,heap        ] GC(441) PSYoungGen: 308192K(308224K)->1024K(302592K) Eden: 307200K(307200K)->0K(301568K) From: 992K(1024K)->1024K(1024K)
[79.806s][info][gc,heap        ] GC(441) ParOldGen: 11642K(1398272K)->11722K(1398272K)
[79.806s][info][gc,metaspace   ] GC(441) Metaspace: 14332K(15360K)->14332K(15360K) NonClass: 12363K(12992K)->12363K(12992K) Class: 1969K(2368K)->1969K(2368K)
[79.806s][info][gc             ] GC(441) Pause Young (Allocation Failure) 312M->12M(1661M) 10.227ms
[79.806s][info][gc,cpu         ] GC(441) User=0.00s Sys=0.00s Real=0.01s
[79.997s][info][gc,start       ] GC(442) Pause Young (Allocation Failure)
[79.999s][info][gc,heap        ] GC(442) PSYoungGen: 302592K(302592K)->1024K(340992K) Eden: 301568K(301568K)->0K(339456K) From: 1024K(1024K)->1024K(1536K)
[79.999s][info][gc,heap        ] GC(442) ParOldGen: 11722K(1398272K)->11794K(1398272K)
[79.999s][info][gc,metaspace   ] GC(442) Metaspace: 14332K(15360K)->14332K(15360K) NonClass: 12363K(12992K)->12363K(12992K) Class: 1969K(2368K)->1969K(2368K)
[79.999s][info][gc             ] GC(442) Pause Young (Allocation Failure) 306M->12M(1698M) 2.205ms
[79.999s][info][gc,cpu         ] GC(442) User=0.52s Sys=0.00s Real=0.00s
[80.211s][info][gc,start       ] GC(443) Pause Young (Allocation Failure)
[80.213s][info][gc,heap        ] GC(443) PSYoungGen: 340480K(340992K)->1056K(334336K) Eden: 339456K(339456K)->0K(332800K) From: 1024K(1536K)->1056K(1536K)
[80.214s][info][gc,heap        ] GC(443) ParOldGen: 11794K(1398272K)->11858K(1398272K)
[80.214s][info][gc,metaspace   ] GC(443) Metaspace: 14335K(15360K)->14335K(15360K) NonClass: 12366K(12992K)->12366K(12992K) Class: 1969K(2368K)->1969K(2368K)
[80.214s][info][gc             ] GC(443) Pause Young (Allocation Failure) 344M->12M(1692M) 2.207ms
[80.214s][info][gc,cpu         ] GC(443) User=0.00s Sys=0.00s Real=0.00s
[80.419s][info][gc,start       ] GC(444) Pause Young (Allocation Failure)
[80.422s][info][gc,heap        ] GC(444) PSYoungGen: 333856K(334336K)->1056K(363520K) Eden: 332800K(332800K)->0K(361984K) From: 1056K(1536K)->1056K(1536K)
[80.422s][info][gc,heap        ] GC(444) ParOldGen: 11858K(1398272K)->11930K(1398272K)
[80.422s][info][gc,metaspace   ] GC(444) Metaspace: 14335K(15360K)->14335K(15360K) NonClass: 12366K(12992K)->12366K(12992K) Class: 1969K(2368K)->1969K(2368K)
[80.422s][info][gc             ] GC(444) Pause Young (Allocation Failure) 337M->12M(1720M) 2.410ms
[80.422s][info][gc,cpu         ] GC(444) User=0.52s Sys=0.00s Real=0.00s
[80.646s][info][gc,start       ] GC(445) Pause Young (Allocation Failure)
[80.648s][info][gc,heap        ] GC(445) PSYoungGen: 363040K(363520K)->1056K(356352K) Eden: 361984K(361984K)->0K(354816K) From: 1056K(1536K)->1056K(1536K)
[80.648s][info][gc,heap        ] GC(445) ParOldGen: 11930K(1398272K)->11986K(1398272K)
[80.648s][info][gc,metaspace   ] GC(445) Metaspace: 14336K(15360K)->14336K(15360K) NonClass: 12367K(12992K)->12367K(12992K) Class: 1969K(2368K)->1969K(2368K)
[80.648s][info][gc             ] GC(445) Pause Young (Allocation Failure) 366M->12M(1713M) 2.295ms
[80.648s][info][gc,cpu         ] GC(445) User=0.00s Sys=0.00s Real=0.00s
[80.861s][info][gc,start       ] GC(446) Pause Young (Allocation Failure)
[80.864s][info][gc,heap        ] GC(446) PSYoungGen: 355872K(356352K)->896K(400896K) Eden: 354816K(354816K)->0K(399360K) From: 1056K(1536K)->896K(1536K)
[80.864s][info][gc,heap        ] GC(446) ParOldGen: 11986K(1398272K)->12042K(1398272K)
[80.864s][info][gc,metaspace   ] GC(446) Metaspace: 14336K(15360K)->14336K(15360K) NonClass: 12367K(12992K)->12367K(12992K) Class: 1969K(2368K)->1969K(2368K)
[80.864s][info][gc             ] GC(446) Pause Young (Allocation Failure) 359M->12M(1757M) 2.449ms
[80.864s][info][gc,cpu         ] GC(446) User=0.00s Sys=0.00s Real=0.00s
[81.080s][info][gc,start       ] GC(447) Pause Young (System.gc())
[81.083s][info][gc,heap        ] GC(447) PSYoungGen: 296881K(400896K)->608K(427520K) Eden: 295985K(399360K)->0K(425984K) From: 896K(1536K)->608K(1536K)
[81.083s][info][gc,heap        ] GC(447) ParOldGen: 12042K(1398272K)->12114K(1398272K)
[81.083s][info][gc,metaspace   ] GC(447) Metaspace: 14338K(15360K)->14338K(15360K) NonClass: 12369K(12992K)->12369K(12992K) Class: 1969K(2368K)->1969K(2368K)
[81.083s][info][gc             ] GC(447) Pause Young (System.gc()) 301M->12M(1783M) 3.111ms
[81.083s][info][gc,cpu         ] GC(447) User=0.00s Sys=0.00s Real=0.00s
[81.083s][info][gc,start       ] GC(448) Pause Full (System.gc())
[81.083s][info][gc,phases,start] GC(448) Marking Phase
[81.095s][info][gc,phases      ] GC(448) Marking Phase 12.278ms
[81.095s][info][gc,phases,start] GC(448) Summary Phase
[81.095s][info][gc,phases      ] GC(448) Summary Phase 0.012ms
[81.095s][info][gc,phases,start] GC(448) Adjust Roots
[81.100s][info][gc,phases      ] GC(448) Adjust Roots 4.970ms
[81.100s][info][gc,phases,start] GC(448) Compaction Phase
[81.102s][info][gc,phases      ] GC(448) Compaction Phase 1.544ms
[81.102s][info][gc,phases,start] GC(448) Post Compact
[81.102s][info][gc,phases      ] GC(448) Post Compact 0.530ms
[81.103s][info][gc,heap        ] GC(448) PSYoungGen: 608K(427520K)->0K(427520K) Eden: 0K(425984K)->0K(425984K) From: 608K(1536K)->0K(1536K)
[81.103s][info][gc,heap        ] GC(448) ParOldGen: 12114K(1398272K)->5387K(1398272K)
[81.103s][info][gc,metaspace   ] GC(448) Metaspace: 14338K(15360K)->14338K(15360K) NonClass: 12369K(12992K)->12369K(12992K) Class: 1969K(2368K)->1969K(2368K)
[81.103s][info][gc             ] GC(448) Pause Full (System.gc()) 12M->5M(1783M) 19.583ms
[81.103s][info][gc,cpu         ] GC(448) User=0.02s Sys=0.00s Real=0.01s
[81.455s][info][gc,start       ] GC(449) Pause Young (Allocation Failure)
[81.459s][info][gc,heap        ] GC(449) PSYoungGen: 425984K(427520K)->1536K(418304K) Eden: 425984K(425984K)->0K(416768K) From: 0K(1536K)->1536K(1536K)
[81.459s][info][gc,heap        ] GC(449) ParOldGen: 5387K(1398272K)->5748K(1398272K)
[81.459s][info][gc,metaspace   ] GC(449) Metaspace: 14339K(15360K)->14339K(15360K) NonClass: 12370K(12992K)->12370K(12992K) Class: 1969K(2368K)->1969K(2368K)
[81.459s][info][gc             ] GC(449) Pause Young (Allocation Failure) 421M->7M(1774M) 3.142ms
[81.459s][info][gc,cpu         ] GC(449) User=0.00s Sys=0.00s Real=0.00s
[81.784s][info][gc,start       ] GC(450) Pause Young (Allocation Failure)
[81.787s][info][gc,heap        ] GC(450) PSYoungGen: 418304K(418304K)->512K(408064K) Eden: 416768K(416768K)->0K(407552K) From: 1536K(1536K)->512K(512K)
[81.787s][info][gc,heap        ] GC(450) ParOldGen: 5748K(1398272K)->7175K(1398272K)
[81.787s][info][gc,metaspace   ] GC(450) Metaspace: 14339K(15360K)->14339K(15360K) NonClass: 12370K(12992K)->12370K(12992K) Class: 1969K(2368K)->1969K(2368K)
[81.787s][info][gc             ] GC(450) Pause Young (Allocation Failure) 414M->7M(1764M) 2.300ms
[81.787s][info][gc,cpu         ] GC(450) User=0.00s Sys=0.00s Real=0.00s
[82.094s][info][gc,start       ] GC(451) Pause Young (Allocation Failure)
[82.096s][info][gc,heap        ] GC(451) PSYoungGen: 408064K(408064K)->1024K(400896K) Eden: 407552K(407552K)->0K(398848K) From: 512K(512K)->1024K(2048K)
[82.096s][info][gc,heap        ] GC(451) ParOldGen: 7175K(1398272K)->7231K(1398272K)
[82.096s][info][gc,metaspace   ] GC(451) Metaspace: 14339K(15360K)->14339K(15360K) NonClass: 12370K(12992K)->12370K(12992K) Class: 1969K(2368K)->1969K(2368K)
[82.097s][info][gc             ] GC(451) Pause Young (Allocation Failure) 405M->8M(1757M) 2.135ms
[82.097s][info][gc,cpu         ] GC(451) User=0.00s Sys=0.00s Real=0.00s
[82.371s][info][gc,start       ] GC(452) Pause Young (Allocation Failure)
[82.374s][info][gc,heap        ] GC(452) PSYoungGen: 399872K(400896K)->992K(391680K) Eden: 398848K(398848K)->0K(390656K) From: 1024K(2048K)->992K(1024K)
[82.374s][info][gc,heap        ] GC(452) ParOldGen: 7231K(1398272K)->7391K(1398272K)
[82.374s][info][gc,metaspace   ] GC(452) Metaspace: 14339K(15360K)->14339K(15360K) NonClass: 12370K(12992K)->12370K(12992K) Class: 1969K(2368K)->1969K(2368K)
[82.374s][info][gc             ] GC(452) Pause Young (Allocation Failure) 397M->8M(1748M) 2.254ms
[82.374s][info][gc,cpu         ] GC(452) User=0.52s Sys=0.00s Real=0.00s
[82.647s][info][gc,start       ] GC(453) Pause Young (Allocation Failure)
[82.649s][info][gc,heap        ] GC(453) PSYoungGen: 391648K(391680K)->1024K(383488K) Eden: 390656K(390656K)->0K(382464K) From: 992K(1024K)->1024K(1024K)
[82.649s][info][gc,heap        ] GC(453) ParOldGen: 7391K(1398272K)->7479K(1398272K)
[82.649s][info][gc,metaspace   ] GC(453) Metaspace: 14339K(15360K)->14339K(15360K) NonClass: 12370K(12992K)->12370K(12992K) Class: 1969K(2368K)->1969K(2368K)
[82.649s][info][gc             ] GC(453) Pause Young (Allocation Failure) 389M->8M(1740M) 2.270ms
[82.649s][info][gc,cpu         ] GC(453) User=0.00s Sys=0.00s Real=0.00s
[82.915s][info][gc,start       ] GC(454) Pause Young (Allocation Failure)
[82.918s][info][gc,heap        ] GC(454) PSYoungGen: 383488K(383488K)->1024K(375808K) Eden: 382464K(382464K)->0K(374784K) From: 1024K(1024K)->1024K(1024K)
[82.918s][info][gc,heap        ] GC(454) ParOldGen: 7479K(1398272K)->7575K(1398272K)
[82.918s][info][gc,metaspace   ] GC(454) Metaspace: 14339K(15360K)->14339K(15360K) NonClass: 12370K(12992K)->12370K(12992K) Class: 1969K(2368K)->1969K(2368K)
[82.918s][info][gc             ] GC(454) Pause Young (Allocation Failure) 381M->8M(1732M) 2.266ms
[82.918s][info][gc,cpu         ] GC(454) User=0.00s Sys=0.00s Real=0.00s
[83.179s][info][gc,start       ] GC(455) Pause Young (Allocation Failure)
[83.181s][info][gc,heap        ] GC(455) PSYoungGen: 375808K(375808K)->1024K(368128K) Eden: 374784K(374784K)->0K(367104K) From: 1024K(1024K)->1024K(1024K)
[83.181s][info][gc,heap        ] GC(455) ParOldGen: 7575K(1398272K)->7679K(1398272K)
[83.181s][info][gc,metaspace   ] GC(455) Metaspace: 14339K(15360K)->14339K(15360K) NonClass: 12370K(12992K)->12370K(12992K) Class: 1969K(2368K)->1969K(2368K)
[83.181s][info][gc             ] GC(455) Pause Young (Allocation Failure) 374M->8M(1725M) 2.277ms
[83.181s][info][gc,cpu         ] GC(455) User=0.00s Sys=0.00s Real=0.00s
[83.439s][info][gc,start       ] GC(456) Pause Young (Allocation Failure)
[83.442s][info][gc,heap        ] GC(456) PSYoungGen: 368128K(368128K)->1024K(360960K) Eden: 367104K(367104K)->0K(359936K) From: 1024K(1024K)->1024K(1024K)
[83.442s][info][gc,heap        ] GC(456) ParOldGen: 7679K(1398272K)->7775K(1398272K)
[83.442s][info][gc,metaspace   ] GC(456) Metaspace: 14339K(15360K)->14339K(15360K) NonClass: 12370K(12992K)->12370K(12992K) Class: 1969K(2368K)->1969K(2368K)
[83.442s][info][gc             ] GC(456) Pause Young (Allocation Failure) 366M->8M(1718M) 2.319ms
[83.442s][info][gc,cpu         ] GC(456) User=0.00s Sys=0.00s Real=0.00s
[83.688s][info][gc,start       ] GC(457) Pause Young (Allocation Failure)
[83.690s][info][gc,heap        ] GC(457) PSYoungGen: 360960K(360960K)->1024K(354816K) Eden: 359936K(359936K)->0K(352768K) From: 1024K(1024K)->1024K(2048K)
[83.691s][info][gc,heap        ] GC(457) ParOldGen: 7775K(1398272K)->7847K(1398272K)
[83.691s][info][gc,metaspace   ] GC(457) Metaspace: 14339K(15360K)->14339K(15360K) NonClass: 12370K(12992K)->12370K(12992K) Class: 1969K(2368K)->1969K(2368K)
[83.691s][info][gc             ] GC(457) Pause Young (Allocation Failure) 360M->8M(1712M) 2.351ms
[83.691s][info][gc,cpu         ] GC(457) User=0.00s Sys=0.00s Real=0.00s
[83.939s][info][gc,start       ] GC(458) Pause Young (Allocation Failure)
[83.942s][info][gc,heap        ] GC(458) PSYoungGen: 353792K(354816K)->1024K(347136K) Eden: 352768K(352768K)->0K(346112K) From: 1024K(2048K)->1024K(1024K)
[83.942s][info][gc,heap        ] GC(458) ParOldGen: 7847K(1398272K)->7943K(1398272K)
[83.942s][info][gc,metaspace   ] GC(458) Metaspace: 14339K(15360K)->14339K(15360K) NonClass: 12370K(12992K)->12370K(12992K) Class: 1969K(2368K)->1969K(2368K)
[83.942s][info][gc             ] GC(458) Pause Young (Allocation Failure) 353M->8M(1704M) 2.373ms
[83.942s][info][gc,cpu         ] GC(458) User=0.00s Sys=0.00s Real=0.00s
[84.209s][info][gc,start       ] GC(459) Pause Young (Allocation Failure)
[84.212s][info][gc,heap        ] GC(459) PSYoungGen: 347136K(347136K)->960K(340480K) Eden: 346112K(346112K)->0K(339456K) From: 1024K(1024K)->960K(1024K)
[84.212s][info][gc,heap        ] GC(459) ParOldGen: 7943K(1398272K)->8047K(1398272K)
[84.212s][info][gc,metaspace   ] GC(459) Metaspace: 14339K(15360K)->14339K(15360K) NonClass: 12370K(12992K)->12370K(12992K) Class: 1969K(2368K)->1969K(2368K)
[84.212s][info][gc             ] GC(459) Pause Young (Allocation Failure) 346M->8M(1698M) 2.843ms
[84.212s][info][gc,cpu         ] GC(459) User=0.00s Sys=0.00s Real=0.00s
[84.468s][info][gc,start       ] GC(460) Pause Young (Allocation Failure)
[84.470s][info][gc,heap        ] GC(460) PSYoungGen: 340416K(340480K)->1024K(333824K) Eden: 339456K(339456K)->0K(332800K) From: 960K(1024K)->1024K(1024K)
[84.470s][info][gc,heap        ] GC(460) ParOldGen: 8047K(1398272K)->8151K(1398272K)
[84.470s][info][gc,metaspace   ] GC(460) Metaspace: 14339K(15360K)->14339K(15360K) NonClass: 12370K(12992K)->12370K(12992K) Class: 1969K(2368K)->1969K(2368K)
[84.470s][info][gc             ] GC(460) Pause Young (Allocation Failure) 340M->8M(1691M) 2.216ms
[84.470s][info][gc,cpu         ] GC(460) User=0.00s Sys=0.00s Real=0.00s
[84.714s][info][gc,start       ] GC(461) Pause Young (Allocation Failure)
[84.716s][info][gc,heap        ] GC(461) PSYoungGen: 333824K(333824K)->1024K(327680K) Eden: 332800K(332800K)->0K(326656K) From: 1024K(1024K)->1024K(1024K)
[84.716s][info][gc,heap        ] GC(461) ParOldGen: 8151K(1398272K)->8263K(1398272K)
[84.716s][info][gc,metaspace   ] GC(461) Metaspace: 14339K(15360K)->14339K(15360K) NonClass: 12370K(12992K)->12370K(12992K) Class: 1969K(2368K)->1969K(2368K)
[84.716s][info][gc             ] GC(461) Pause Young (Allocation Failure) 333M->9M(1685M) 2.101ms
[84.716s][info][gc,cpu         ] GC(461) User=0.00s Sys=0.00s Real=0.00s
[84.964s][info][gc,start       ] GC(462) Pause Young (Allocation Failure)
[84.966s][info][gc,heap        ] GC(462) PSYoungGen: 327680K(327680K)->960K(321536K) Eden: 326656K(326656K)->0K(320512K) From: 1024K(1024K)->960K(1024K)
[84.966s][info][gc,heap        ] GC(462) ParOldGen: 8263K(1398272K)->8407K(1398272K)
[84.966s][info][gc,metaspace   ] GC(462) Metaspace: 14339K(15360K)->14339K(15360K) NonClass: 12370K(12992K)->12370K(12992K) Class: 1969K(2368K)->1969K(2368K)
[84.966s][info][gc             ] GC(462) Pause Young (Allocation Failure) 328M->9M(1679M) 2.057ms
[84.966s][info][gc,cpu         ] GC(462) User=0.00s Sys=0.00s Real=0.00s
[85.191s][info][gc,start       ] GC(463) Pause Young (Allocation Failure)
[85.193s][info][gc,heap        ] GC(463) PSYoungGen: 321472K(321536K)->1024K(315904K) Eden: 320512K(320512K)->0K(314880K) From: 960K(1024K)->1024K(1024K)
[85.193s][info][gc,heap        ] GC(463) ParOldGen: 8407K(1398272K)->8503K(1398272K)
[85.193s][info][gc,metaspace   ] GC(463) Metaspace: 14339K(15360K)->14339K(15360K) NonClass: 12370K(12992K)->12370K(12992K) Class: 1969K(2368K)->1969K(2368K)
[85.193s][info][gc             ] GC(463) Pause Young (Allocation Failure) 322M->9M(1674M) 2.029ms
[85.193s][info][gc,cpu         ] GC(463) User=0.00s Sys=0.00s Real=0.00s
[85.411s][info][gc,start       ] GC(464) Pause Young (Allocation Failure)
[85.413s][info][gc,heap        ] GC(464) PSYoungGen: 315904K(315904K)->1024K(310272K) Eden: 314880K(314880K)->0K(309248K) From: 1024K(1024K)->1024K(1024K)
[85.413s][info][gc,heap        ] GC(464) ParOldGen: 8503K(1398272K)->8591K(1398272K)
[85.413s][info][gc,metaspace   ] GC(464) Metaspace: 14339K(15360K)->14339K(15360K) NonClass: 12370K(12992K)->12370K(12992K) Class: 1969K(2368K)->1969K(2368K)
[85.413s][info][gc             ] GC(464) Pause Young (Allocation Failure) 316M->9M(1668M) 2.113ms
[85.413s][info][gc,cpu         ] GC(464) User=0.00s Sys=0.00s Real=0.00s
[85.630s][info][gc,start       ] GC(465) Pause Young (Allocation Failure)
[85.632s][info][gc,heap        ] GC(465) PSYoungGen: 310272K(310272K)->1024K(304640K) Eden: 309248K(309248K)->0K(303616K) From: 1024K(1024K)->1024K(1024K)
[85.632s][info][gc,heap        ] GC(465) ParOldGen: 8591K(1398272K)->8671K(1398272K)
[85.632s][info][gc,metaspace   ] GC(465) Metaspace: 14339K(15360K)->14339K(15360K) NonClass: 12370K(12992K)->12370K(12992K) Class: 1969K(2368K)->1969K(2368K)
[85.632s][info][gc             ] GC(465) Pause Young (Allocation Failure) 311M->9M(1663M) 2.117ms
[85.632s][info][gc,cpu         ] GC(465) User=0.00s Sys=0.00s Real=0.00s
[85.845s][info][gc,start       ] GC(466) Pause Young (Allocation Failure)
[85.847s][info][gc,heap        ] GC(466) PSYoungGen: 304640K(304640K)->992K(299520K) Eden: 303616K(303616K)->0K(298496K) From: 1024K(1024K)->992K(1024K)
[85.847s][info][gc,heap        ] GC(466) ParOldGen: 8671K(1398272K)->8759K(1398272K)
[85.847s][info][gc,metaspace   ] GC(466) Metaspace: 14339K(15360K)->14339K(15360K) NonClass: 12370K(12992K)->12370K(12992K) Class: 1969K(2368K)->1969K(2368K)
[85.847s][info][gc             ] GC(466) Pause Young (Allocation Failure) 305M->9M(1658M) 2.102ms
[85.847s][info][gc,cpu         ] GC(466) User=0.00s Sys=0.00s Real=0.00s
[86.056s][info][gc,start       ] GC(467) Pause Young (Allocation Failure)
[86.058s][info][gc,heap        ] GC(467) PSYoungGen: 299488K(299520K)->1024K(294400K) Eden: 298496K(298496K)->0K(293376K) From: 992K(1024K)->1024K(1024K)
[86.058s][info][gc,heap        ] GC(467) ParOldGen: 8759K(1398272K)->8879K(1398272K)
[86.058s][info][gc,metaspace   ] GC(467) Metaspace: 14339K(15360K)->14339K(15360K) NonClass: 12370K(12992K)->12370K(12992K) Class: 1969K(2368K)->1969K(2368K)
[86.058s][info][gc             ] GC(467) Pause Young (Allocation Failure) 301M->9M(1653M) 2.167ms
[86.059s][info][gc,cpu         ] GC(467) User=0.00s Sys=0.00s Real=0.00s
[86.263s][info][gc,start       ] GC(468) Pause Young (Allocation Failure)
[86.265s][info][gc,heap        ] GC(468) PSYoungGen: 294400K(294400K)->1024K(289280K) Eden: 293376K(293376K)->0K(288256K) From: 1024K(1024K)->1024K(1024K)
[86.265s][info][gc,heap        ] GC(468) ParOldGen: 8879K(1398272K)->8975K(1398272K)
[86.265s][info][gc,metaspace   ] GC(468) Metaspace: 14339K(15360K)->14339K(15360K) NonClass: 12370K(12992K)->12370K(12992K) Class: 1969K(2368K)->1969K(2368K)
[86.265s][info][gc             ] GC(468) Pause Young (Allocation Failure) 296M->9M(1648M) 2.129ms
[86.265s][info][gc,cpu         ] GC(468) User=0.52s Sys=0.00s Real=0.00s
[86.465s][info][gc,start       ] GC(469) Pause Young (Allocation Failure)
[86.467s][info][gc,heap        ] GC(469) PSYoungGen: 289280K(289280K)->1024K(284672K) Eden: 288256K(288256K)->0K(283648K) From: 1024K(1024K)->1024K(1024K)
[86.467s][info][gc,heap        ] GC(469) ParOldGen: 8975K(1398272K)->9055K(1398272K)
[86.467s][info][gc,metaspace   ] GC(469) Metaspace: 14339K(15360K)->14339K(15360K) NonClass: 12370K(12992K)->12370K(12992K) Class: 1969K(2368K)->1969K(2368K)
[86.467s][info][gc             ] GC(469) Pause Young (Allocation Failure) 291M->9M(1643M) 2.186ms
[86.467s][info][gc,cpu         ] GC(469) User=0.00s Sys=0.00s Real=0.00s
[86.667s][info][gc,start       ] GC(470) Pause Young (Allocation Failure)
[86.682s][info][gc,heap        ] GC(470) PSYoungGen: 284672K(284672K)->1024K(280064K) Eden: 283648K(283648K)->0K(279040K) From: 1024K(1024K)->1024K(1024K)
[86.683s][info][gc,heap        ] GC(470) ParOldGen: 9055K(1398272K)->9135K(1398272K)
[86.683s][info][gc,metaspace   ] GC(470) Metaspace: 14339K(15360K)->14339K(15360K) NonClass: 12370K(12992K)->12370K(12992K) Class: 1969K(2368K)->1969K(2368K)
[86.683s][info][gc             ] GC(470) Pause Young (Allocation Failure) 286M->9M(1639M) 15.701ms
[86.683s][info][gc,cpu         ] GC(470) User=0.00s Sys=0.00s Real=0.00s
[86.876s][info][gc,start       ] GC(471) Pause Young (Allocation Failure)
[86.878s][info][gc,heap        ] GC(471) PSYoungGen: 280064K(280064K)->1024K(275456K) Eden: 279040K(279040K)->0K(274432K) From: 1024K(1024K)->1024K(1024K)
[86.878s][info][gc,heap        ] GC(471) ParOldGen: 9135K(1398272K)->9215K(1398272K)
[86.878s][info][gc,metaspace   ] GC(471) Metaspace: 14339K(15360K)->14339K(15360K) NonClass: 12370K(12992K)->12370K(12992K) Class: 1969K(2368K)->1969K(2368K)
[86.878s][info][gc             ] GC(471) Pause Young (Allocation Failure) 282M->9M(1634M) 2.285ms
[86.878s][info][gc,cpu         ] GC(471) User=0.00s Sys=0.00s Real=0.00s
[87.064s][info][gc,start       ] GC(472) Pause Young (Allocation Failure)
[87.067s][info][gc,heap        ] GC(472) PSYoungGen: 275456K(275456K)->1024K(270848K) Eden: 274432K(274432K)->0K(269824K) From: 1024K(1024K)->1024K(1024K)
[87.067s][info][gc,heap        ] GC(472) ParOldGen: 9215K(1398272K)->9295K(1398272K)
[87.067s][info][gc,metaspace   ] GC(472) Metaspace: 14339K(15360K)->14339K(15360K) NonClass: 12370K(12992K)->12370K(12992K) Class: 1969K(2368K)->1969K(2368K)
[87.067s][info][gc             ] GC(472) Pause Young (Allocation Failure) 277M->10M(1630M) 2.304ms
[87.067s][info][gc,cpu         ] GC(472) User=0.00s Sys=0.00s Real=0.00s
[87.255s][info][gc,start       ] GC(473) Pause Young (Allocation Failure)
[87.257s][info][gc,heap        ] GC(473) PSYoungGen: 270848K(270848K)->1024K(325120K) Eden: 269824K(269824K)->0K(324096K) From: 1024K(1024K)->1024K(1024K)
[87.258s][info][gc,heap        ] GC(473) ParOldGen: 9295K(1398272K)->9383K(1398272K)
[87.258s][info][gc,metaspace   ] GC(473) Metaspace: 14339K(15360K)->14339K(15360K) NonClass: 12370K(12992K)->12370K(12992K) Class: 1969K(2368K)->1969K(2368K)
[87.258s][info][gc             ] GC(473) Pause Young (Allocation Failure) 273M->10M(1683M) 2.348ms
[87.258s][info][gc,cpu         ] GC(473) User=0.00s Sys=0.00s Real=0.00s
[87.483s][info][gc,start       ] GC(474) Pause Young (Allocation Failure)
[87.485s][info][gc,heap        ] GC(474) PSYoungGen: 325120K(325120K)->1024K(390144K) Eden: 324096K(324096K)->0K(389120K) From: 1024K(1024K)->1024K(1024K)
[87.485s][info][gc,heap        ] GC(474) ParOldGen: 9383K(1398272K)->9455K(1398272K)
[87.485s][info][gc,metaspace   ] GC(474) Metaspace: 14339K(15360K)->14339K(15360K) NonClass: 12370K(12992K)->12370K(12992K) Class: 1969K(2368K)->1969K(2368K)
[87.485s][info][gc             ] GC(474) Pause Young (Allocation Failure) 326M->10M(1746M) 2.451ms
[87.485s][info][gc,cpu         ] GC(474) User=0.44s Sys=0.02s Real=0.00s
[87.756s][info][gc,start       ] GC(475) Pause Young (Allocation Failure)
[87.759s][info][gc,heap        ] GC(475) PSYoungGen: 390144K(390144K)->1024K(381952K) Eden: 389120K(389120K)->0K(380928K) From: 1024K(1024K)->1024K(1024K)
[87.759s][info][gc,heap        ] GC(475) ParOldGen: 9455K(1398272K)->9551K(1398272K)
[87.759s][info][gc,metaspace   ] GC(475) Metaspace: 14339K(15360K)->14339K(15360K) NonClass: 12370K(12992K)->12370K(12992K) Class: 1969K(2368K)->1969K(2368K)
[87.759s][info][gc             ] GC(475) Pause Young (Allocation Failure) 390M->10M(1738M) 2.499ms
[87.759s][info][gc,cpu         ] GC(475) User=0.00s Sys=0.00s Real=0.00s
[88.098s][info][gc,start       ] GC(476) Pause Young (Allocation Failure)
[88.101s][info][gc,heap        ] GC(476) PSYoungGen: 381952K(381952K)->1024K(374272K) Eden: 380928K(380928K)->0K(373248K) From: 1024K(1024K)->1024K(1024K)
[88.101s][info][gc,heap        ] GC(476) ParOldGen: 9551K(1398272K)->9647K(1398272K)
[88.101s][info][gc,metaspace   ] GC(476) Metaspace: 14339K(15360K)->14339K(15360K) NonClass: 12370K(12992K)->12370K(12992K) Class: 1969K(2368K)->1969K(2368K)
[88.101s][info][gc             ] GC(476) Pause Young (Allocation Failure) 382M->10M(1731M) 3.233ms
[88.101s][info][gc,cpu         ] GC(476) User=0.00s Sys=0.00s Real=0.00s
[88.385s][info][gc,start       ] GC(477) Pause Young (Allocation Failure)
[88.387s][info][gc,heap        ] GC(477) PSYoungGen: 374272K(374272K)->1024K(366592K) Eden: 373248K(373248K)->0K(365568K) From: 1024K(1024K)->1024K(1024K)
[88.387s][info][gc,heap        ] GC(477) ParOldGen: 9647K(1398272K)->9743K(1398272K)
[88.387s][info][gc,metaspace   ] GC(477) Metaspace: 14339K(15360K)->14339K(15360K) NonClass: 12370K(12992K)->12370K(12992K) Class: 1969K(2368K)->1969K(2368K)
[88.387s][info][gc             ] GC(477) Pause Young (Allocation Failure) 374M->10M(1723M) 2.354ms
[88.387s][info][gc,cpu         ] GC(477) User=0.00s Sys=0.00s Real=0.00s
[88.672s][info][gc,start       ] GC(478) Pause Young (Allocation Failure)
[88.674s][info][gc,heap        ] GC(478) PSYoungGen: 366592K(366592K)->1024K(359424K) Eden: 365568K(365568K)->0K(358400K) From: 1024K(1024K)->1024K(1024K)
[88.674s][info][gc,heap        ] GC(478) ParOldGen: 9743K(1398272K)->9839K(1398272K)
[88.675s][info][gc,metaspace   ] GC(478) Metaspace: 14339K(15360K)->14339K(15360K) NonClass: 12370K(12992K)->12370K(12992K) Class: 1969K(2368K)->1969K(2368K)
[88.675s][info][gc             ] GC(478) Pause Young (Allocation Failure) 367M->10M(1716M) 2.259ms
[88.675s][info][gc,cpu         ] GC(478) User=0.00s Sys=0.00s Real=0.00s
[88.927s][info][gc,start       ] GC(479) Pause Young (Allocation Failure)
[88.929s][info][gc,heap        ] GC(479) PSYoungGen: 359424K(359424K)->1024K(352256K) Eden: 358400K(358400K)->0K(351232K) From: 1024K(1024K)->1024K(1024K)
[88.929s][info][gc,heap        ] GC(479) ParOldGen: 9839K(1398272K)->9967K(1398272K)
[88.929s][info][gc,metaspace   ] GC(479) Metaspace: 14339K(15360K)->14339K(15360K) NonClass: 12370K(12992K)->12370K(12992K) Class: 1969K(2368K)->1969K(2368K)
[88.929s][info][gc             ] GC(479) Pause Young (Allocation Failure) 360M->10M(1709M) 2.212ms
[88.929s][info][gc,cpu         ] GC(479) User=0.00s Sys=0.00s Real=0.00s
[89.173s][info][gc,start       ] GC(480) Pause Young (Allocation Failure)
[89.175s][info][gc,heap        ] GC(480) PSYoungGen: 352256K(352256K)->1024K(345600K) Eden: 351232K(351232K)->0K(344576K) From: 1024K(1024K)->1024K(1024K)
[89.175s][info][gc,heap        ] GC(480) ParOldGen: 9967K(1398272K)->10079K(1398272K)
[89.175s][info][gc,metaspace   ] GC(480) Metaspace: 14339K(15360K)->14339K(15360K) NonClass: 12370K(12992K)->12370K(12992K) Class: 1969K(2368K)->1969K(2368K)
[89.175s][info][gc             ] GC(480) Pause Young (Allocation Failure) 353M->10M(1703M) 2.225ms
[89.175s][info][gc,cpu         ] GC(480) User=0.00s Sys=0.00s Real=0.00s
[89.413s][info][gc,start       ] GC(481) Pause Young (Allocation Failure)
[89.416s][info][gc,heap        ] GC(481) PSYoungGen: 345600K(345600K)->992K(338944K) Eden: 344576K(344576K)->0K(337920K) From: 1024K(1024K)->992K(1024K)
[89.416s][info][gc,heap        ] GC(481) ParOldGen: 10079K(1398272K)->10199K(1398272K)
[89.416s][info][gc,metaspace   ] GC(481) Metaspace: 14339K(15360K)->14339K(15360K) NonClass: 12370K(12992K)->12370K(12992K) Class: 1969K(2368K)->1969K(2368K)
[89.416s][info][gc             ] GC(481) Pause Young (Allocation Failure) 347M->10M(1696M) 2.242ms
[89.416s][info][gc,cpu         ] GC(481) User=0.00s Sys=0.00s Real=0.00s
[89.653s][info][gc,start       ] GC(482) Pause Young (Allocation Failure)
[89.655s][info][gc,heap        ] GC(482) PSYoungGen: 338912K(338944K)->1024K(332800K) Eden: 337920K(337920K)->0K(331776K) From: 992K(1024K)->1024K(1024K)
[89.655s][info][gc,heap        ] GC(482) ParOldGen: 10199K(1398272K)->10279K(1398272K)
[89.655s][info][gc,metaspace   ] GC(482) Metaspace: 14339K(15360K)->14339K(15360K) NonClass: 12370K(12992K)->12370K(12992K) Class: 1969K(2368K)->1969K(2368K)
[89.655s][info][gc             ] GC(482) Pause Young (Allocation Failure) 340M->11M(1690M) 2.275ms
[89.655s][info][gc,cpu         ] GC(482) User=0.00s Sys=0.00s Real=0.00s
[89.887s][info][gc,start       ] GC(483) Pause Young (Allocation Failure)
[89.889s][info][gc,heap        ] GC(483) PSYoungGen: 332800K(332800K)->1024K(326656K) Eden: 331776K(331776K)->0K(325632K) From: 1024K(1024K)->1024K(1024K)
[89.889s][info][gc,heap        ] GC(483) ParOldGen: 10279K(1398272K)->10383K(1398272K)
[89.889s][info][gc,metaspace   ] GC(483) Metaspace: 14339K(15360K)->14339K(15360K) NonClass: 12370K(12992K)->12370K(12992K) Class: 1969K(2368K)->1969K(2368K)
[89.890s][info][gc             ] GC(483) Pause Young (Allocation Failure) 335M->11M(1684M) 2.336ms
[89.890s][info][gc,cpu         ] GC(483) User=0.52s Sys=0.00s Real=0.00s
[90.118s][info][gc,start       ] GC(484) Pause Young (Allocation Failure)
[90.120s][info][gc,heap        ] GC(484) PSYoungGen: 326656K(326656K)->992K(320512K) Eden: 325632K(325632K)->0K(319488K) From: 1024K(1024K)->992K(1024K)
[90.120s][info][gc,heap        ] GC(484) ParOldGen: 10383K(1398272K)->10471K(1398272K)
[90.120s][info][gc,metaspace   ] GC(484) Metaspace: 14339K(15360K)->14339K(15360K) NonClass: 12370K(12992K)->12370K(12992K) Class: 1969K(2368K)->1969K(2368K)
[90.120s][info][gc             ] GC(484) Pause Young (Allocation Failure) 329M->11M(1678M) 2.355ms
[90.120s][info][gc,cpu         ] GC(484) User=0.00s Sys=0.00s Real=0.00s
[90.344s][info][gc,start       ] GC(485) Pause Young (Allocation Failure)
[90.346s][info][gc,heap        ] GC(485) PSYoungGen: 320480K(320512K)->1024K(314880K) Eden: 319488K(319488K)->0K(313856K) From: 992K(1024K)->1024K(1024K)
[90.346s][info][gc,heap        ] GC(485) ParOldGen: 10471K(1398272K)->10575K(1398272K)
[90.346s][info][gc,metaspace   ] GC(485) Metaspace: 14339K(15360K)->14339K(15360K) NonClass: 12370K(12992K)->12370K(12992K) Class: 1969K(2368K)->1969K(2368K)
[90.346s][info][gc             ] GC(485) Pause Young (Allocation Failure) 323M->11M(1673M) 2.377ms
[90.346s][info][gc,cpu         ] GC(485) User=0.00s Sys=0.00s Real=0.00s
[90.564s][info][gc,start       ] GC(486) Pause Young (Allocation Failure)
[90.567s][info][gc,heap        ] GC(486) PSYoungGen: 314880K(314880K)->1024K(309248K) Eden: 313856K(313856K)->0K(308224K) From: 1024K(1024K)->1024K(1024K)
[90.567s][info][gc,heap        ] GC(486) ParOldGen: 10575K(1398272K)->10687K(1398272K)
[90.567s][info][gc,metaspace   ] GC(486) Metaspace: 14339K(15360K)->14339K(15360K) NonClass: 12370K(12992K)->12370K(12992K) Class: 1969K(2368K)->1969K(2368K)
[90.567s][info][gc             ] GC(486) Pause Young (Allocation Failure) 317M->11M(1667M) 2.397ms
[90.567s][info][gc,cpu         ] GC(486) User=0.00s Sys=0.00s Real=0.00s
[90.782s][info][gc,start       ] GC(487) Pause Young (Allocation Failure)
[90.784s][info][gc,heap        ] GC(487) PSYoungGen: 309248K(309248K)->1024K(303616K) Eden: 308224K(308224K)->0K(302592K) From: 1024K(1024K)->1024K(1024K)
[90.784s][info][gc,heap        ] GC(487) ParOldGen: 10687K(1398272K)->10759K(1398272K)
[90.784s][info][gc,metaspace   ] GC(487) Metaspace: 14339K(15360K)->14339K(15360K) NonClass: 12370K(12992K)->12370K(12992K) Class: 1969K(2368K)->1969K(2368K)
[90.784s][info][gc             ] GC(487) Pause Young (Allocation Failure) 312M->11M(1662M) 2.466ms
[90.784s][info][gc,cpu         ] GC(487) User=0.00s Sys=0.00s Real=0.00s
[90.996s][info][gc,start       ] GC(488) Pause Young (Allocation Failure)
[91.000s][info][gc,heap        ] GC(488) PSYoungGen: 303616K(303616K)->992K(298496K) Eden: 302592K(302592K)->0K(297472K) From: 1024K(1024K)->992K(1024K)
[91.000s][info][gc,heap        ] GC(488) ParOldGen: 10759K(1398272K)->10847K(1398272K)
[91.000s][info][gc,metaspace   ] GC(488) Metaspace: 14339K(15360K)->14339K(15360K) NonClass: 12370K(12992K)->12370K(12992K) Class: 1969K(2368K)->1969K(2368K)
[91.000s][info][gc             ] GC(488) Pause Young (Allocation Failure) 307M->11M(1657M) 3.675ms
[91.000s][info][gc,cpu         ] GC(488) User=0.52s Sys=0.00s Real=0.00s
[91.218s][info][gc,start       ] GC(489) Pause Young (Allocation Failure)
[91.220s][info][gc,heap        ] GC(489) PSYoungGen: 298464K(298496K)->1024K(293376K) Eden: 297472K(297472K)->0K(292352K) From: 992K(1024K)->1024K(1024K)
[91.220s][info][gc,heap        ] GC(489) ParOldGen: 10847K(1398272K)->10947K(1398272K)
[91.220s][info][gc,metaspace   ] GC(489) Metaspace: 14339K(15360K)->14339K(15360K) NonClass: 12370K(12992K)->12370K(12992K) Class: 1969K(2368K)->1969K(2368K)
[91.220s][info][gc             ] GC(489) Pause Young (Allocation Failure) 302M->11M(1652M) 2.272ms
[91.220s][info][gc,cpu         ] GC(489) User=0.00s Sys=0.00s Real=0.00s
[91.434s][info][gc,start       ] GC(490) Pause Young (Allocation Failure)
[91.436s][info][gc,heap        ] GC(490) PSYoungGen: 293376K(293376K)->1024K(288256K) Eden: 292352K(292352K)->0K(287232K) From: 1024K(1024K)->1024K(1024K)
[91.436s][info][gc,heap        ] GC(490) ParOldGen: 10947K(1398272K)->11059K(1398272K)
[91.436s][info][gc,metaspace   ] GC(490) Metaspace: 14339K(15360K)->14339K(15360K) NonClass: 12370K(12992K)->12370K(12992K) Class: 1969K(2368K)->1969K(2368K)
[91.436s][info][gc             ] GC(490) Pause Young (Allocation Failure) 297M->11M(1647M) 2.141ms
[91.436s][info][gc,cpu         ] GC(490) User=0.00s Sys=0.00s Real=0.00s
[91.639s][info][gc,start       ] GC(491) Pause Young (Allocation Failure)
[91.641s][info][gc,heap        ] GC(491) PSYoungGen: 288256K(288256K)->992K(283648K) Eden: 287232K(287232K)->0K(282624K) From: 1024K(1024K)->992K(1024K)
[91.641s][info][gc,heap        ] GC(491) ParOldGen: 11059K(1398272K)->11139K(1398272K)
[91.641s][info][gc,metaspace   ] GC(491) Metaspace: 14339K(15360K)->14339K(15360K) NonClass: 12370K(12992K)->12370K(12992K) Class: 1969K(2368K)->1969K(2368K)
[91.641s][info][gc             ] GC(491) Pause Young (Allocation Failure) 292M->11M(1642M) 2.223ms
[91.641s][info][gc,cpu         ] GC(491) User=0.00s Sys=0.00s Real=0.00s
[91.856s][info][gc,start       ] GC(492) Pause Young (Allocation Failure)
[91.858s][info][gc,heap        ] GC(492) PSYoungGen: 283616K(283648K)->992K(279040K) Eden: 282624K(282624K)->0K(278016K) From: 992K(1024K)->992K(1024K)
[91.858s][info][gc,heap        ] GC(492) ParOldGen: 11139K(1398272K)->11235K(1398272K)
[91.858s][info][gc,metaspace   ] GC(492) Metaspace: 14339K(15360K)->14339K(15360K) NonClass: 12370K(12992K)->12370K(12992K) Class: 1969K(2368K)->1969K(2368K)
[91.858s][info][gc             ] GC(492) Pause Young (Allocation Failure) 287M->11M(1638M) 2.104ms
[91.858s][info][gc,cpu         ] GC(492) User=0.52s Sys=0.00s Real=0.00s
[92.051s][info][gc,start       ] GC(493) Pause Young (Allocation Failure)
[92.053s][info][gc,heap        ] GC(493) PSYoungGen: 279008K(279040K)->1024K(274432K) Eden: 278016K(278016K)->0K(273408K) From: 992K(1024K)->1024K(1024K)
[92.053s][info][gc,heap        ] GC(493) ParOldGen: 11235K(1398272K)->11323K(1398272K)
[92.053s][info][gc,metaspace   ] GC(493) Metaspace: 14339K(15360K)->14339K(15360K) NonClass: 12370K(12992K)->12370K(12992K) Class: 1969K(2368K)->1969K(2368K)
[92.053s][info][gc             ] GC(493) Pause Young (Allocation Failure) 283M->12M(1633M) 2.109ms
[92.053s][info][gc,cpu         ] GC(493) User=0.00s Sys=0.00s Real=0.00s
[92.244s][info][gc,start       ] GC(494) Pause Young (Allocation Failure)
[92.246s][info][gc,heap        ] GC(494) PSYoungGen: 274432K(274432K)->1024K(269824K) Eden: 273408K(273408K)->0K(268800K) From: 1024K(1024K)->1024K(1024K)
[92.246s][info][gc,heap        ] GC(494) ParOldGen: 11323K(1398272K)->11427K(1398272K)
[92.246s][info][gc,metaspace   ] GC(494) Metaspace: 14339K(15360K)->14339K(15360K) NonClass: 12370K(12992K)->12370K(12992K) Class: 1969K(2368K)->1969K(2368K)
[92.246s][info][gc             ] GC(494) Pause Young (Allocation Failure) 279M->12M(1629M) 2.193ms
[92.246s][info][gc,cpu         ] GC(494) User=0.00s Sys=0.00s Real=0.00s
[92.434s][info][gc,start       ] GC(495) Pause Young (Allocation Failure)
[92.436s][info][gc,heap        ] GC(495) PSYoungGen: 269824K(269824K)->992K(265728K) Eden: 268800K(268800K)->0K(264704K) From: 1024K(1024K)->992K(1024K)
[92.436s][info][gc,heap        ] GC(495) ParOldGen: 11427K(1398272K)->11515K(1398272K)
[92.436s][info][gc,metaspace   ] GC(495) Metaspace: 14339K(15360K)->14339K(15360K) NonClass: 12370K(12992K)->12370K(12992K) Class: 1969K(2368K)->1969K(2368K)
[92.436s][info][gc             ] GC(495) Pause Young (Allocation Failure) 274M->12M(1625M) 2.147ms
[92.436s][info][gc,cpu         ] GC(495) User=0.52s Sys=0.00s Real=0.00s
[92.623s][info][gc,start       ] GC(496) Pause Young (Allocation Failure)
[92.625s][info][gc,heap        ] GC(496) PSYoungGen: 265696K(265728K)->992K(261632K) Eden: 264704K(264704K)->0K(260608K) From: 992K(1024K)->992K(1024K)
[92.625s][info][gc,heap        ] GC(496) ParOldGen: 11515K(1398272K)->11595K(1398272K)
[92.625s][info][gc,metaspace   ] GC(496) Metaspace: 14339K(15360K)->14339K(15360K) NonClass: 12370K(12992K)->12370K(12992K) Class: 1969K(2368K)->1969K(2368K)
[92.625s][info][gc             ] GC(496) Pause Young (Allocation Failure) 270M->12M(1621M) 2.194ms
[92.625s][info][gc,cpu         ] GC(496) User=0.00s Sys=0.00s Real=0.00s
[92.806s][info][gc,start       ] GC(497) Pause Young (Allocation Failure)
[92.808s][info][gc,heap        ] GC(497) PSYoungGen: 261600K(261632K)->1024K(313856K) Eden: 260608K(260608K)->0K(312832K) From: 992K(1024K)->1024K(1024K)
[92.808s][info][gc,heap        ] GC(497) ParOldGen: 11595K(1398272K)->11683K(1398272K)
[92.808s][info][gc,metaspace   ] GC(497) Metaspace: 14339K(15360K)->14339K(15360K) NonClass: 12370K(12992K)->12370K(12992K) Class: 1969K(2368K)->1969K(2368K)
[92.808s][info][gc             ] GC(497) Pause Young (Allocation Failure) 266M->12M(1672M) 2.200ms
[92.808s][info][gc,cpu         ] GC(497) User=0.00s Sys=0.00s Real=0.00s
[93.023s][info][gc,start       ] GC(498) Pause Young (Allocation Failure)
[93.025s][info][gc,heap        ] GC(498) PSYoungGen: 313856K(313856K)->992K(308224K) Eden: 312832K(312832K)->0K(307200K) From: 1024K(1024K)->992K(1024K)
[93.025s][info][gc,heap        ] GC(498) ParOldGen: 11683K(1398272K)->11755K(1398272K)
[93.026s][info][gc,metaspace   ] GC(498) Metaspace: 14339K(15360K)->14339K(15360K) NonClass: 12370K(12992K)->12370K(12992K) Class: 1969K(2368K)->1969K(2368K)
[93.026s][info][gc             ] GC(498) Pause Young (Allocation Failure) 317M->12M(1666M) 2.443ms
[93.026s][info][gc,cpu         ] GC(498) User=0.00s Sys=0.00s Real=0.00s
[93.233s][info][gc,start       ] GC(499) Pause Young (Allocation Failure)
[93.236s][info][gc,heap        ] GC(499) PSYoungGen: 308192K(308224K)->992K(302592K) Eden: 307200K(307200K)->0K(301568K) From: 992K(1024K)->992K(1024K)
[93.236s][info][gc,heap        ] GC(499) ParOldGen: 11755K(1398272K)->11851K(1398272K)
[93.236s][info][gc,metaspace   ] GC(499) Metaspace: 14339K(15360K)->14339K(15360K) NonClass: 12370K(12992K)->12370K(12992K) Class: 1969K(2368K)->1969K(2368K)
[93.236s][info][gc             ] GC(499) Pause Young (Allocation Failure) 312M->12M(1661M) 2.327ms
[93.236s][info][gc,cpu         ] GC(499) User=0.00s Sys=0.00s Real=0.00s
[93.434s][info][gc,start       ] GC(500) Pause Young (Allocation Failure)
[93.436s][info][gc,heap        ] GC(500) PSYoungGen: 302560K(302592K)->960K(363008K) Eden: 301568K(301568K)->0K(361984K) From: 992K(1024K)->960K(1024K)
[93.436s][info][gc,heap        ] GC(500) ParOldGen: 11851K(1398272K)->11947K(1398272K)
[93.436s][info][gc,metaspace   ] GC(500) Metaspace: 14339K(15360K)->14339K(15360K) NonClass: 12370K(12992K)->12370K(12992K) Class: 1969K(2368K)->1969K(2368K)
[93.436s][info][gc             ] GC(500) Pause Young (Allocation Failure) 307M->12M(1720M) 2.364ms
[93.436s][info][gc,cpu         ] GC(500) User=0.00s Sys=0.00s Real=0.00s
[93.657s][info][gc,start       ] GC(501) Pause Young (Allocation Failure)
[93.660s][info][gc,heap        ] GC(501) PSYoungGen: 362944K(363008K)->896K(399872K) Eden: 361984K(361984K)->0K(398336K) From: 960K(1024K)->896K(1536K)
[93.660s][info][gc,heap        ] GC(501) ParOldGen: 11947K(1398272K)->12027K(1398272K)
[93.660s][info][gc,metaspace   ] GC(501) Metaspace: 14339K(15360K)->14339K(15360K) NonClass: 12370K(12992K)->12370K(12992K) Class: 1969K(2368K)->1969K(2368K)
[93.660s][info][gc             ] GC(501) Pause Young (Allocation Failure) 366M->12M(1756M) 2.654ms
[93.660s][info][gc,cpu         ] GC(501) User=0.00s Sys=0.00s Real=0.00s
[93.868s][info][gc,start       ] GC(502) Pause Young (Allocation Failure)
[93.870s][info][gc,heap        ] GC(502) PSYoungGen: 399232K(399872K)->832K(436224K) Eden: 398336K(398336K)->0K(434688K) From: 896K(1536K)->832K(1536K)
[93.871s][info][gc,heap        ] GC(502) ParOldGen: 12027K(1398272K)->12091K(1398272K)
[93.871s][info][gc,metaspace   ] GC(502) Metaspace: 14339K(15360K)->14339K(15360K) NonClass: 12370K(12992K)->12370K(12992K) Class: 1969K(2368K)->1969K(2368K)
[93.871s][info][gc             ] GC(502) Pause Young (Allocation Failure) 401M->12M(1791M) 2.490ms
[93.871s][info][gc,cpu         ] GC(502) User=0.00s Sys=0.00s Real=0.00s
[94.075s][info][gc,start       ] GC(503) Pause Young (System.gc())
[94.078s][info][gc,heap        ] GC(503) PSYoungGen: 170035K(436224K)->480K(436224K) Eden: 169203K(434688K)->0K(434688K) From: 832K(1536K)->480K(1536K)
[94.078s][info][gc,heap        ] GC(503) ParOldGen: 12091K(1398272K)->12195K(1398272K)
[94.078s][info][gc,metaspace   ] GC(503) Metaspace: 14340K(15360K)->14340K(15360K) NonClass: 12371K(12992K)->12371K(12992K) Class: 1969K(2368K)->1969K(2368K)
[94.078s][info][gc             ] GC(503) Pause Young (System.gc()) 177M->12M(1791M) 2.711ms
[94.078s][info][gc,cpu         ] GC(503) User=0.00s Sys=0.00s Real=0.00s
[94.078s][info][gc,start       ] GC(504) Pause Full (System.gc())
[94.078s][info][gc,phases,start] GC(504) Marking Phase
[94.091s][info][gc,phases      ] GC(504) Marking Phase 12.815ms
[94.091s][info][gc,phases,start] GC(504) Summary Phase
[94.091s][info][gc,phases      ] GC(504) Summary Phase 0.019ms
[94.091s][info][gc,phases,start] GC(504) Adjust Roots
[94.096s][info][gc,phases      ] GC(504) Adjust Roots 5.361ms
[94.096s][info][gc,phases,start] GC(504) Compaction Phase
[94.098s][info][gc,phases      ] GC(504) Compaction Phase 1.989ms
[94.099s][info][gc,phases,start] GC(504) Post Compact
[94.099s][info][gc,phases      ] GC(504) Post Compact 0.605ms
[94.099s][info][gc,heap        ] GC(504) PSYoungGen: 480K(436224K)->0K(436224K) Eden: 0K(434688K)->0K(434688K) From: 480K(1536K)->0K(1536K)
[94.099s][info][gc,heap        ] GC(504) ParOldGen: 12195K(1398272K)->5387K(1398272K)
[94.099s][info][gc,metaspace   ] GC(504) Metaspace: 14340K(15360K)->14340K(15360K) NonClass: 12371K(12992K)->12371K(12992K) Class: 1969K(2368K)->1969K(2368K)
[94.099s][info][gc             ] GC(504) Pause Full (System.gc()) 12M->5M(1791M) 21.163ms
[94.099s][info][gc,cpu         ] GC(504) User=0.02s Sys=0.00s Real=0.02s
[94.476s][info][gc,start       ] GC(505) Pause Young (Allocation Failure)
[94.479s][info][gc,heap        ] GC(505) PSYoungGen: 434688K(436224K)->1536K(426496K) Eden: 434688K(434688K)->0K(424960K) From: 0K(1536K)->1536K(1536K)
[94.479s][info][gc,heap        ] GC(505) ParOldGen: 5387K(1398272K)->5873K(1398272K)
[94.479s][info][gc,metaspace   ] GC(505) Metaspace: 14343K(15360K)->14343K(15360K) NonClass: 12374K(12992K)->12374K(12992K) Class: 1969K(2368K)->1969K(2368K)
[94.479s][info][gc             ] GC(505) Pause Young (Allocation Failure) 429M->7M(1782M) 2.843ms
[94.479s][info][gc,cpu         ] GC(505) User=0.00s Sys=0.00s Real=0.00s
[94.758s][info][gc,start       ] GC(506) Pause Young (Allocation Failure)
[94.761s][info][gc,heap        ] GC(506) PSYoungGen: 426496K(426496K)->1056K(417280K) Eden: 424960K(424960K)->0K(415744K) From: 1536K(1536K)->1056K(1536K)
[94.761s][info][gc,heap        ] GC(506) ParOldGen: 5873K(1398272K)->7106K(1398272K)
[94.761s][info][gc,metaspace   ] GC(506) Metaspace: 14343K(15360K)->14343K(15360K) NonClass: 12374K(12992K)->12374K(12992K) Class: 1969K(2368K)->1969K(2368K)
[94.761s][info][gc             ] GC(506) Pause Young (Allocation Failure) 422M->7M(1773M) 2.371ms
[94.761s][info][gc,cpu         ] GC(506) User=0.00s Sys=0.00s Real=0.00s
[95.051s][info][gc,start       ] GC(507) Pause Young (Allocation Failure)
[95.053s][info][gc,heap        ] GC(507) PSYoungGen: 416800K(417280K)->1056K(408576K) Eden: 415744K(415744K)->0K(407040K) From: 1056K(1536K)->1056K(1536K)
[95.053s][info][gc,heap        ] GC(507) ParOldGen: 7106K(1398272K)->7218K(1398272K)
[95.053s][info][gc,metaspace   ] GC(507) Metaspace: 14343K(15360K)->14343K(15360K) NonClass: 12374K(12992K)->12374K(12992K) Class: 1969K(2368K)->1969K(2368K)
[95.053s][info][gc             ] GC(507) Pause Young (Allocation Failure) 413M->8M(1764M) 2.175ms
[95.053s][info][gc,cpu         ] GC(507) User=0.00s Sys=0.00s Real=0.00s
[95.330s][info][gc,start       ] GC(508) Pause Young (Allocation Failure)
[95.332s][info][gc,heap        ] GC(508) PSYoungGen: 408096K(408576K)->1024K(399360K) Eden: 407040K(407040K)->0K(398336K) From: 1056K(1536K)->1024K(1024K)
[95.332s][info][gc,heap        ] GC(508) ParOldGen: 7218K(1398272K)->7314K(1398272K)
[95.332s][info][gc,metaspace   ] GC(508) Metaspace: 14343K(15360K)->14343K(15360K) NonClass: 12374K(12992K)->12374K(12992K) Class: 1969K(2368K)->1969K(2368K)
[95.332s][info][gc             ] GC(508) Pause Young (Allocation Failure) 405M->8M(1755M) 2.308ms
[95.332s][info][gc,cpu         ] GC(508) User=0.00s Sys=0.00s Real=0.00s
[95.604s][info][gc,start       ] GC(509) Pause Young (Allocation Failure)
[95.607s][info][gc,heap        ] GC(509) PSYoungGen: 399360K(399360K)->1024K(391168K) Eden: 398336K(398336K)->0K(390144K) From: 1024K(1024K)->1024K(1024K)
[95.607s][info][gc,heap        ] GC(509) ParOldGen: 7314K(1398272K)->7450K(1398272K)
[95.607s][info][gc,metaspace   ] GC(509) Metaspace: 14343K(15360K)->14343K(15360K) NonClass: 12374K(12992K)->12374K(12992K) Class: 1969K(2368K)->1969K(2368K)
[95.607s][info][gc             ] GC(509) Pause Young (Allocation Failure) 397M->8M(1747M) 2.226ms
[95.607s][info][gc,cpu         ] GC(509) User=0.00s Sys=0.00s Real=0.00s
[95.873s][info][gc,start       ] GC(510) Pause Young (Allocation Failure)
[95.875s][info][gc,heap        ] GC(510) PSYoungGen: 391168K(391168K)->1056K(383488K) Eden: 390144K(390144K)->0K(381952K) From: 1024K(1024K)->1056K(1536K)
[95.875s][info][gc,heap        ] GC(510) ParOldGen: 7450K(1398272K)->7554K(1398272K)
[95.875s][info][gc,metaspace   ] GC(510) Metaspace: 14343K(15360K)->14343K(15360K) NonClass: 12374K(12992K)->12374K(12992K) Class: 1969K(2368K)->1969K(2368K)
[95.875s][info][gc             ] GC(510) Pause Young (Allocation Failure) 389M->8M(1740M) 2.344ms
[95.875s][info][gc,cpu         ] GC(510) User=0.00s Sys=0.02s Real=0.00s
[96.134s][info][gc,start       ] GC(511) Pause Young (Allocation Failure)
[96.136s][info][gc,heap        ] GC(511) PSYoungGen: 383008K(383488K)->1024K(375296K) Eden: 381952K(381952K)->0K(374272K) From: 1056K(1536K)->1024K(1024K)
[96.136s][info][gc,heap        ] GC(511) ParOldGen: 7554K(1398272K)->7642K(1398272K)
[96.136s][info][gc,metaspace   ] GC(511) Metaspace: 14343K(15360K)->14343K(15360K) NonClass: 12374K(12992K)->12374K(12992K) Class: 1969K(2368K)->1969K(2368K)
[96.136s][info][gc             ] GC(511) Pause Young (Allocation Failure) 381M->8M(1732M) 2.318ms
[96.136s][info][gc,cpu         ] GC(511) User=0.00s Sys=0.00s Real=0.00s
[96.390s][info][gc,start       ] GC(512) Pause Young (Allocation Failure)
[96.392s][info][gc,heap        ] GC(512) PSYoungGen: 375296K(375296K)->1024K(367616K) Eden: 374272K(374272K)->0K(366592K) From: 1024K(1024K)->1024K(1024K)
[96.392s][info][gc,heap        ] GC(512) ParOldGen: 7642K(1398272K)->7746K(1398272K)
[96.392s][info][gc,metaspace   ] GC(512) Metaspace: 14343K(15360K)->14343K(15360K) NonClass: 12374K(12992K)->12374K(12992K) Class: 1969K(2368K)->1969K(2368K)
[96.392s][info][gc             ] GC(512) Pause Young (Allocation Failure) 373M->8M(1724M) 2.413ms
[96.392s][info][gc,cpu         ] GC(512) User=0.00s Sys=0.00s Real=0.00s
[96.644s][info][gc,start       ] GC(513) Pause Young (Allocation Failure)
[96.646s][info][gc,heap        ] GC(513) PSYoungGen: 367616K(367616K)->992K(360448K) Eden: 366592K(366592K)->0K(359424K) From: 1024K(1024K)->992K(1024K)
[96.646s][info][gc,heap        ] GC(513) ParOldGen: 7746K(1398272K)->7826K(1398272K)
[96.646s][info][gc,metaspace   ] GC(513) Metaspace: 14343K(15360K)->14343K(15360K) NonClass: 12374K(12992K)->12374K(12992K) Class: 1969K(2368K)->1969K(2368K)
[96.646s][info][gc             ] GC(513) Pause Young (Allocation Failure) 366M->8M(1717M) 2.374ms
[96.646s][info][gc,cpu         ] GC(513) User=0.00s Sys=0.00s Real=0.00s
[96.893s][info][gc,start       ] GC(514) Pause Young (Allocation Failure)
[96.896s][info][gc,heap        ] GC(514) PSYoungGen: 360416K(360448K)->1024K(353280K) Eden: 359424K(359424K)->0K(352256K) From: 992K(1024K)->1024K(1024K)
[96.896s][info][gc,heap        ] GC(514) ParOldGen: 7826K(1398272K)->7938K(1398272K)
[96.896s][info][gc,metaspace   ] GC(514) Metaspace: 14343K(15360K)->14343K(15360K) NonClass: 12374K(12992K)->12374K(12992K) Class: 1969K(2368K)->1969K(2368K)
[96.896s][info][gc             ] GC(514) Pause Young (Allocation Failure) 359M->8M(1710M) 2.410ms
[96.896s][info][gc,cpu         ] GC(514) User=0.00s Sys=0.00s Real=0.00s
[97.133s][info][gc,start       ] GC(515) Pause Young (Allocation Failure)
[97.135s][info][gc,heap        ] GC(515) PSYoungGen: 353280K(353280K)->1024K(346624K) Eden: 352256K(352256K)->0K(345600K) From: 1024K(1024K)->1024K(1024K)
[97.135s][info][gc,heap        ] GC(515) ParOldGen: 7938K(1398272K)->8050K(1398272K)
[97.135s][info][gc,metaspace   ] GC(515) Metaspace: 14343K(15360K)->14343K(15360K) NonClass: 12374K(12992K)->12374K(12992K) Class: 1969K(2368K)->1969K(2368K)
[97.135s][info][gc             ] GC(515) Pause Young (Allocation Failure) 352M->8M(1704M) 2.450ms
[97.135s][info][gc,cpu         ] GC(515) User=0.00s Sys=0.00s Real=0.00s
[97.372s][info][gc,start       ] GC(516) Pause Young (Allocation Failure)
[97.375s][info][gc,heap        ] GC(516) PSYoungGen: 346624K(346624K)->1056K(340480K) Eden: 345600K(345600K)->0K(338944K) From: 1024K(1024K)->1056K(1536K)
[97.375s][info][gc,heap        ] GC(516) ParOldGen: 8050K(1398272K)->8114K(1398272K)
[97.375s][info][gc,metaspace   ] GC(516) Metaspace: 14343K(15360K)->14343K(15360K) NonClass: 12374K(12992K)->12374K(12992K) Class: 1969K(2368K)->1969K(2368K)
[97.375s][info][gc             ] GC(516) Pause Young (Allocation Failure) 346M->8M(1698M) 2.518ms
[97.375s][info][gc,cpu         ] GC(516) User=0.52s Sys=0.00s Real=0.00s
[97.608s][info][gc,start       ] GC(517) Pause Young (Allocation Failure)
[97.610s][info][gc,heap        ] GC(517) PSYoungGen: 340000K(340480K)->1024K(333824K) Eden: 338944K(338944K)->0K(332800K) From: 1056K(1536K)->1024K(1024K)
[97.611s][info][gc,heap        ] GC(517) ParOldGen: 8114K(1398272K)->8210K(1398272K)
[97.611s][info][gc,metaspace   ] GC(517) Metaspace: 14343K(15360K)->14343K(15360K) NonClass: 12374K(12992K)->12374K(12992K) Class: 1969K(2368K)->1969K(2368K)
[97.611s][info][gc             ] GC(517) Pause Young (Allocation Failure) 339M->9M(1691M) 2.443ms
[97.611s][info][gc,cpu         ] GC(517) User=0.00s Sys=0.00s Real=0.00s
[97.852s][info][gc,start       ] GC(518) Pause Young (Allocation Failure)
[97.854s][info][gc,heap        ] GC(518) PSYoungGen: 333824K(333824K)->1024K(327680K) Eden: 332800K(332800K)->0K(326656K) From: 1024K(1024K)->1024K(1024K)
[97.854s][info][gc,heap        ] GC(518) ParOldGen: 8210K(1398272K)->8322K(1398272K)
[97.854s][info][gc,metaspace   ] GC(518) Metaspace: 14343K(15360K)->14343K(15360K) NonClass: 12374K(12992K)->12374K(12992K) Class: 1969K(2368K)->1969K(2368K)
[97.854s][info][gc             ] GC(518) Pause Young (Allocation Failure) 334M->9M(1685M) 2.318ms
[97.854s][info][gc,cpu         ] GC(518) User=0.00s Sys=0.00s Real=0.00s
[98.085s][info][gc,start       ] GC(519) Pause Young (Allocation Failure)
[98.088s][info][gc,heap        ] GC(519) PSYoungGen: 327680K(327680K)->992K(321536K) Eden: 326656K(326656K)->0K(320512K) From: 1024K(1024K)->992K(1024K)
[98.088s][info][gc,heap        ] GC(519) ParOldGen: 8322K(1398272K)->8450K(1398272K)
[98.088s][info][gc,metaspace   ] GC(519) Metaspace: 14343K(15360K)->14343K(15360K) NonClass: 12374K(12992K)->12374K(12992K) Class: 1969K(2368K)->1969K(2368K)
[98.088s][info][gc             ] GC(519) Pause Young (Allocation Failure) 328M->9M(1679M) 2.219ms
[98.088s][info][gc,cpu         ] GC(519) User=0.00s Sys=0.00s Real=0.00s
[98.309s][info][gc,start       ] GC(520) Pause Young (Allocation Failure)
[98.312s][info][gc,heap        ] GC(520) PSYoungGen: 321504K(321536K)->1024K(315904K) Eden: 320512K(320512K)->0K(314880K) From: 992K(1024K)->1024K(1024K)
[98.312s][info][gc,heap        ] GC(520) ParOldGen: 8450K(1398272K)->8506K(1398272K)
[98.312s][info][gc,metaspace   ] GC(520) Metaspace: 14343K(15360K)->14343K(15360K) NonClass: 12374K(12992K)->12374K(12992K) Class: 1969K(2368K)->1969K(2368K)
[98.312s][info][gc             ] GC(520) Pause Young (Allocation Failure) 322M->9M(1674M) 2.207ms
[98.312s][info][gc,cpu         ] GC(520) User=0.52s Sys=0.00s Real=0.00s
[98.542s][info][gc,start       ] GC(521) Pause Young (Allocation Failure)
[98.544s][info][gc,heap        ] GC(521) PSYoungGen: 315904K(315904K)->992K(310272K) Eden: 314880K(314880K)->0K(309248K) From: 1024K(1024K)->992K(1024K)
[98.544s][info][gc,heap        ] GC(521) ParOldGen: 8506K(1398272K)->8626K(1398272K)
[98.544s][info][gc,metaspace   ] GC(521) Metaspace: 14343K(15360K)->14343K(15360K) NonClass: 12374K(12992K)->12374K(12992K) Class: 1969K(2368K)->1969K(2368K)
[98.544s][info][gc             ] GC(521) Pause Young (Allocation Failure) 316M->9M(1668M) 2.138ms
[98.544s][info][gc,cpu         ] GC(521) User=0.00s Sys=0.00s Real=0.00s
[98.752s][info][gc,start       ] GC(522) Pause Young (Allocation Failure)
[98.754s][info][gc,heap        ] GC(522) PSYoungGen: 310240K(310272K)->1056K(305152K) Eden: 309248K(309248K)->0K(303616K) From: 992K(1024K)->1056K(1536K)
[98.754s][info][gc,heap        ] GC(522) ParOldGen: 8626K(1398272K)->8714K(1398272K)
[98.754s][info][gc,metaspace   ] GC(522) Metaspace: 14343K(15360K)->14343K(15360K) NonClass: 12374K(12992K)->12374K(12992K) Class: 1969K(2368K)->1969K(2368K)
[98.754s][info][gc             ] GC(522) Pause Young (Allocation Failure) 311M->9M(1663M) 2.197ms
[98.754s][info][gc,cpu         ] GC(522) User=0.00s Sys=0.00s Real=0.00s
[98.958s][info][gc,start       ] GC(523) Pause Young (Allocation Failure)
[98.960s][info][gc,heap        ] GC(523) PSYoungGen: 304672K(305152K)->1024K(299520K) Eden: 303616K(303616K)->0K(298496K) From: 1056K(1536K)->1024K(1024K)
[98.960s][info][gc,heap        ] GC(523) ParOldGen: 8714K(1398272K)->8834K(1398272K)
[98.960s][info][gc,metaspace   ] GC(523) Metaspace: 14343K(15360K)->14343K(15360K) NonClass: 12374K(12992K)->12374K(12992K) Class: 1969K(2368K)->1969K(2368K)
[98.960s][info][gc             ] GC(523) Pause Young (Allocation Failure) 306M->9M(1658M) 2.167ms
[98.960s][info][gc,cpu         ] GC(523) User=0.00s Sys=0.00s Real=0.00s
[99.162s][info][gc,start       ] GC(524) Pause Young (Allocation Failure)
[99.164s][info][gc,heap        ] GC(524) PSYoungGen: 299520K(299520K)->1024K(294400K) Eden: 298496K(298496K)->0K(293376K) From: 1024K(1024K)->1024K(1024K)
[99.164s][info][gc,heap        ] GC(524) ParOldGen: 8834K(1398272K)->8922K(1398272K)
[99.164s][info][gc,metaspace   ] GC(524) Metaspace: 14343K(15360K)->14343K(15360K) NonClass: 12374K(12992K)->12374K(12992K) Class: 1969K(2368K)->1969K(2368K)
[99.165s][info][gc             ] GC(524) Pause Young (Allocation Failure) 301M->9M(1653M) 2.249ms
[99.165s][info][gc,cpu         ] GC(524) User=0.00s Sys=0.00s Real=0.00s
[99.363s][info][gc,start       ] GC(525) Pause Young (Allocation Failure)
[99.366s][info][gc,heap        ] GC(525) PSYoungGen: 294400K(294400K)->1024K(289280K) Eden: 293376K(293376K)->0K(288256K) From: 1024K(1024K)->1024K(1024K)
[99.366s][info][gc,heap        ] GC(525) ParOldGen: 8922K(1398272K)->9010K(1398272K)
[99.366s][info][gc,metaspace   ] GC(525) Metaspace: 14343K(15360K)->14343K(15360K) NonClass: 12374K(12992K)->12374K(12992K) Class: 1969K(2368K)->1969K(2368K)
[99.366s][info][gc             ] GC(525) Pause Young (Allocation Failure) 296M->9M(1648M) 2.282ms
[99.366s][info][gc,cpu         ] GC(525) User=0.00s Sys=0.00s Real=0.00s
[99.563s][info][gc,start       ] GC(526) Pause Young (Allocation Failure)
[99.565s][info][gc,heap        ] GC(526) PSYoungGen: 289280K(289280K)->1056K(285184K) Eden: 288256K(288256K)->0K(283648K) From: 1024K(1024K)->1056K(1536K)
[99.565s][info][gc,heap        ] GC(526) ParOldGen: 9010K(1398272K)->9098K(1398272K)
[99.565s][info][gc,metaspace   ] GC(526) Metaspace: 14343K(15360K)->14343K(15360K) NonClass: 12374K(12992K)->12374K(12992K) Class: 1969K(2368K)->1969K(2368K)
[99.565s][info][gc             ] GC(526) Pause Young (Allocation Failure) 291M->9M(1644M) 2.287ms
[99.565s][info][gc,cpu         ] GC(526) User=0.00s Sys=0.00s Real=0.00s
[99.758s][info][gc,start       ] GC(527) Pause Young (Allocation Failure)
[99.760s][info][gc,heap        ] GC(527) PSYoungGen: 284704K(285184K)->1024K(341504K) Eden: 283648K(283648K)->0K(340480K) From: 1056K(1536K)->1024K(1024K)
[99.760s][info][gc,heap        ] GC(527) ParOldGen: 9098K(1398272K)->9154K(1398272K)
[99.760s][info][gc,metaspace   ] GC(527) Metaspace: 14343K(15360K)->14343K(15360K) NonClass: 12374K(12992K)->12374K(12992K) Class: 1969K(2368K)->1969K(2368K)
[99.760s][info][gc             ] GC(527) Pause Young (Allocation Failure) 286M->9M(1699M) 2.272ms
[99.760s][info][gc,cpu         ] GC(527) User=0.00s Sys=0.00s Real=0.00s
[99.993s][info][gc,start       ] GC(528) Pause Young (Allocation Failure)
[99.995s][info][gc,heap        ] GC(528) PSYoungGen: 341504K(341504K)->1024K(409600K) Eden: 340480K(340480K)->0K(408576K) From: 1024K(1024K)->1024K(1024K)
[99.995s][info][gc,heap        ] GC(528) ParOldGen: 9154K(1398272K)->9226K(1398272K)
[99.995s][info][gc,metaspace   ] GC(528) Metaspace: 14343K(15360K)->14343K(15360K) NonClass: 12374K(12992K)->12374K(12992K) Class: 1969K(2368K)->1969K(2368K)
[99.995s][info][gc             ] GC(528) Pause Young (Allocation Failure) 342M->10M(1765M) 2.428ms
[99.995s][info][gc,cpu         ] GC(528) User=0.00s Sys=0.00s Real=0.00s
[100.278s][info][gc,start       ] GC(529) Pause Young (Allocation Failure)
[100.281s][info][gc,heap        ] GC(529) PSYoungGen: 409600K(409600K)->1024K(400896K) Eden: 408576K(408576K)->0K(399872K) From: 1024K(1024K)->1024K(1024K)
[100.281s][info][gc,heap        ] GC(529) ParOldGen: 9226K(1398272K)->9330K(1398272K)
[100.281s][info][gc,metaspace   ] GC(529) Metaspace: 14343K(15360K)->14343K(15360K) NonClass: 12374K(12992K)->12374K(12992K) Class: 1969K(2368K)->1969K(2368K)
[100.281s][info][gc             ] GC(529) Pause Young (Allocation Failure) 409M->10M(1757M) 2.526ms
[100.281s][info][gc,cpu         ] GC(529) User=0.00s Sys=0.00s Real=0.00s
[100.553s][info][gc,start       ] GC(530) Pause Young (Allocation Failure)
[100.556s][info][gc,heap        ] GC(530) PSYoungGen: 400896K(400896K)->1024K(392704K) Eden: 399872K(399872K)->0K(391680K) From: 1024K(1024K)->1024K(1024K)
[100.556s][info][gc,heap        ] GC(530) ParOldGen: 9330K(1398272K)->9434K(1398272K)
[100.556s][info][gc,metaspace   ] GC(530) Metaspace: 14343K(15360K)->14343K(15360K) NonClass: 12374K(12992K)->12374K(12992K) Class: 1969K(2368K)->1969K(2368K)
[100.556s][info][gc             ] GC(530) Pause Young (Allocation Failure) 400M->10M(1749M) 2.468ms
[100.556s][info][gc,cpu         ] GC(530) User=0.00s Sys=0.00s Real=0.00s
[100.845s][info][gc,start       ] GC(531) Pause Young (Allocation Failure)
[100.847s][info][gc,heap        ] GC(531) PSYoungGen: 392704K(392704K)->1024K(384512K) Eden: 391680K(391680K)->0K(383488K) From: 1024K(1024K)->1024K(1024K)
[100.847s][info][gc,heap        ] GC(531) ParOldGen: 9434K(1398272K)->9546K(1398272K)
[100.847s][info][gc,metaspace   ] GC(531) Metaspace: 14343K(15360K)->14343K(15360K) NonClass: 12374K(12992K)->12374K(12992K) Class: 1969K(2368K)->1969K(2368K)
[100.847s][info][gc             ] GC(531) Pause Young (Allocation Failure) 392M->10M(1741M) 2.563ms
[100.847s][info][gc,cpu         ] GC(531) User=0.00s Sys=0.00s Real=0.00s
[101.129s][info][gc,start       ] GC(532) Pause Young (Allocation Failure)
[101.132s][info][gc,heap        ] GC(532) PSYoungGen: 384512K(384512K)->1056K(377344K) Eden: 383488K(383488K)->0K(375808K) From: 1024K(1024K)->1056K(1536K)
[101.132s][info][gc,heap        ] GC(532) ParOldGen: 9546K(1398272K)->9642K(1398272K)
[101.132s][info][gc,metaspace   ] GC(532) Metaspace: 14343K(15360K)->14343K(15360K) NonClass: 12374K(12992K)->12374K(12992K) Class: 1969K(2368K)->1969K(2368K)
[101.132s][info][gc             ] GC(532) Pause Young (Allocation Failure) 384M->10M(1734M) 2.184ms
[101.132s][info][gc,cpu         ] GC(532) User=0.00s Sys=0.00s Real=0.00s
[101.385s][info][gc,start       ] GC(533) Pause Young (Allocation Failure)
[101.387s][info][gc,heap        ] GC(533) PSYoungGen: 376864K(377344K)->1024K(369152K) Eden: 375808K(375808K)->0K(368128K) From: 1056K(1536K)->1024K(1024K)
[101.387s][info][gc,heap        ] GC(533) ParOldGen: 9642K(1398272K)->9770K(1398272K)
[101.387s][info][gc,metaspace   ] GC(533) Metaspace: 14343K(15360K)->14343K(15360K) NonClass: 12374K(12992K)->12374K(12992K) Class: 1969K(2368K)->1969K(2368K)
[101.387s][info][gc             ] GC(533) Pause Young (Allocation Failure) 377M->10M(1726M) 2.179ms
[101.387s][info][gc,cpu         ] GC(533) User=0.00s Sys=0.00s Real=0.00s
[101.635s][info][gc,start       ] GC(534) Pause Young (Allocation Failure)
[101.637s][info][gc,heap        ] GC(534) PSYoungGen: 369152K(369152K)->1024K(361984K) Eden: 368128K(368128K)->0K(360960K) From: 1024K(1024K)->1024K(1024K)
[101.637s][info][gc,heap        ] GC(534) ParOldGen: 9770K(1398272K)->9866K(1398272K)
[101.637s][info][gc,metaspace   ] GC(534) Metaspace: 14343K(15360K)->14343K(15360K) NonClass: 12374K(12992K)->12374K(12992K) Class: 1969K(2368K)->1969K(2368K)
[101.637s][info][gc             ] GC(534) Pause Young (Allocation Failure) 370M->10M(1719M) 2.267ms
[101.637s][info][gc,cpu         ] GC(534) User=0.00s Sys=0.00s Real=0.00s
[101.880s][info][gc,start       ] GC(535) Pause Young (Allocation Failure)
[101.882s][info][gc,heap        ] GC(535) PSYoungGen: 361984K(361984K)->1024K(354816K) Eden: 360960K(360960K)->0K(353792K) From: 1024K(1024K)->1024K(1024K)
[101.882s][info][gc,heap        ] GC(535) ParOldGen: 9866K(1398272K)->9954K(1398272K)
[101.882s][info][gc,metaspace   ] GC(535) Metaspace: 14343K(15360K)->14343K(15360K) NonClass: 12374K(12992K)->12374K(12992K) Class: 1969K(2368K)->1969K(2368K)
[101.882s][info][gc             ] GC(535) Pause Young (Allocation Failure) 363M->10M(1712M) 2.250ms
[101.882s][info][gc,cpu         ] GC(535) User=0.00s Sys=0.00s Real=0.00s
[102.124s][info][gc,start       ] GC(536) Pause Young (Allocation Failure)
[102.126s][info][gc,heap        ] GC(536) PSYoungGen: 354816K(354816K)->1056K(348672K) Eden: 353792K(353792K)->0K(347136K) From: 1024K(1024K)->1056K(1536K)
[102.126s][info][gc,heap        ] GC(536) ParOldGen: 9954K(1398272K)->10042K(1398272K)
[102.126s][info][gc,metaspace   ] GC(536) Metaspace: 14343K(15360K)->14343K(15360K) NonClass: 12374K(12992K)->12374K(12992K) Class: 1969K(2368K)->1969K(2368K)
[102.126s][info][gc             ] GC(536) Pause Young (Allocation Failure) 356M->10M(1706M) 2.298ms
[102.126s][info][gc,cpu         ] GC(536) User=0.00s Sys=0.00s Real=0.00s
[102.364s][info][gc,start       ] GC(537) Pause Young (Allocation Failure)
[102.366s][info][gc,heap        ] GC(537) PSYoungGen: 348192K(348672K)->1024K(341504K) Eden: 347136K(347136K)->0K(340480K) From: 1056K(1536K)->1024K(1024K)
[102.366s][info][gc,heap        ] GC(537) ParOldGen: 10042K(1398272K)->10138K(1398272K)
[102.366s][info][gc,metaspace   ] GC(537) Metaspace: 14343K(15360K)->14343K(15360K) NonClass: 12374K(12992K)->12374K(12992K) Class: 1969K(2368K)->1969K(2368K)
[102.366s][info][gc             ] GC(537) Pause Young (Allocation Failure) 349M->10M(1699M) 2.211ms
[102.366s][info][gc,cpu         ] GC(537) User=0.00s Sys=0.00s Real=0.00s
[102.597s][info][gc,start       ] GC(538) Pause Young (Allocation Failure)
[102.600s][info][gc,heap        ] GC(538) PSYoungGen: 341504K(341504K)->1024K(334848K) Eden: 340480K(340480K)->0K(333824K) From: 1024K(1024K)->1024K(1024K)
[102.600s][info][gc,heap        ] GC(538) ParOldGen: 10138K(1398272K)->10226K(1398272K)
[102.600s][info][gc,metaspace   ] GC(538) Metaspace: 14343K(15360K)->14343K(15360K) NonClass: 12374K(12992K)->12374K(12992K) Class: 1969K(2368K)->1969K(2368K)
[102.600s][info][gc             ] GC(538) Pause Young (Allocation Failure) 343M->10M(1692M) 2.309ms
[102.600s][info][gc,cpu         ] GC(538) User=0.00s Sys=0.00s Real=0.00s
[102.827s][info][gc,start       ] GC(539) Pause Young (Allocation Failure)
[102.829s][info][gc,heap        ] GC(539) PSYoungGen: 334848K(334848K)->1024K(328704K) Eden: 333824K(333824K)->0K(327680K) From: 1024K(1024K)->1024K(1024K)
[102.829s][info][gc,heap        ] GC(539) ParOldGen: 10226K(1398272K)->10338K(1398272K)
[102.829s][info][gc,metaspace   ] GC(539) Metaspace: 14343K(15360K)->14343K(15360K) NonClass: 12374K(12992K)->12374K(12992K) Class: 1969K(2368K)->1969K(2368K)
[102.829s][info][gc             ] GC(539) Pause Young (Allocation Failure) 336M->11M(1686M) 2.349ms
[102.829s][info][gc,cpu         ] GC(539) User=0.00s Sys=0.00s Real=0.00s
[103.052s][info][gc,start       ] GC(540) Pause Young (Allocation Failure)
[103.055s][info][gc,heap        ] GC(540) PSYoungGen: 328704K(328704K)->1024K(322560K) Eden: 327680K(327680K)->0K(321536K) From: 1024K(1024K)->1024K(1024K)
[103.055s][info][gc,heap        ] GC(540) ParOldGen: 10338K(1398272K)->10394K(1398272K)
[103.055s][info][gc,metaspace   ] GC(540) Metaspace: 14343K(15360K)->14343K(15360K) NonClass: 12374K(12992K)->12374K(12992K) Class: 1969K(2368K)->1969K(2368K)
[103.055s][info][gc             ] GC(540) Pause Young (Allocation Failure) 331M->11M(1680M) 2.362ms
[103.055s][info][gc,cpu         ] GC(540) User=0.00s Sys=0.00s Real=0.00s
[103.358s][info][gc,start       ] GC(541) Pause Young (Allocation Failure)
[103.361s][info][gc,heap        ] GC(541) PSYoungGen: 322560K(322560K)->1024K(316928K) Eden: 321536K(321536K)->0K(315904K) From: 1024K(1024K)->1024K(1024K)
[103.361s][info][gc,heap        ] GC(541) ParOldGen: 10394K(1398272K)->10506K(1398272K)
[103.361s][info][gc,metaspace   ] GC(541) Metaspace: 14343K(15360K)->14343K(15360K) NonClass: 12374K(12992K)->12374K(12992K) Class: 1969K(2368K)->1969K(2368K)
[103.361s][info][gc             ] GC(541) Pause Young (Allocation Failure) 325M->11M(1675M) 3.009ms
[103.362s][info][gc,cpu         ] GC(541) User=0.00s Sys=0.00s Real=0.00s
[103.603s][info][gc,start       ] GC(542) Pause Young (Allocation Failure)
[103.605s][info][gc,heap        ] GC(542) PSYoungGen: 316928K(316928K)->1056K(311808K) Eden: 315904K(315904K)->0K(310272K) From: 1024K(1024K)->1056K(1536K)
[103.605s][info][gc,heap        ] GC(542) ParOldGen: 10506K(1398272K)->10586K(1398272K)
[103.605s][info][gc,metaspace   ] GC(542) Metaspace: 14343K(15360K)->14343K(15360K) NonClass: 12374K(12992K)->12374K(12992K) Class: 1969K(2368K)->1969K(2368K)
[103.605s][info][gc             ] GC(542) Pause Young (Allocation Failure) 319M->11M(1670M) 2.329ms
[103.605s][info][gc,cpu         ] GC(542) User=0.00s Sys=0.00s Real=0.00s
[103.846s][info][gc,start       ] GC(543) Pause Young (Allocation Failure)
[103.848s][info][gc,heap        ] GC(543) PSYoungGen: 311328K(311808K)->1024K(305664K) Eden: 310272K(310272K)->0K(304640K) From: 1056K(1536K)->1024K(1024K)
[103.848s][info][gc,heap        ] GC(543) ParOldGen: 10586K(1398272K)->10674K(1398272K)
[103.848s][info][gc,metaspace   ] GC(543) Metaspace: 14343K(15360K)->14343K(15360K) NonClass: 12374K(12992K)->12374K(12992K) Class: 1969K(2368K)->1969K(2368K)
[103.848s][info][gc             ] GC(543) Pause Young (Allocation Failure) 314M->11M(1664M) 1.988ms
[103.848s][info][gc,cpu         ] GC(543) User=0.00s Sys=0.00s Real=0.00s
[104.055s][info][gc,start       ] GC(544) Pause Young (Allocation Failure)
[104.057s][info][gc,heap        ] GC(544) PSYoungGen: 305664K(305664K)->1024K(300544K) Eden: 304640K(304640K)->0K(299520K) From: 1024K(1024K)->1024K(1024K)
[104.057s][info][gc,heap        ] GC(544) ParOldGen: 10674K(1398272K)->10778K(1398272K)
[104.057s][info][gc,metaspace   ] GC(544) Metaspace: 14343K(15360K)->14343K(15360K) NonClass: 12374K(12992K)->12374K(12992K) Class: 1969K(2368K)->1969K(2368K)
[104.057s][info][gc             ] GC(544) Pause Young (Allocation Failure) 308M->11M(1659M) 2.093ms
[104.057s][info][gc,cpu         ] GC(544) User=0.00s Sys=0.00s Real=0.00s
[104.261s][info][gc,start       ] GC(545) Pause Young (Allocation Failure)
[104.263s][info][gc,heap        ] GC(545) PSYoungGen: 300544K(300544K)->992K(295424K) Eden: 299520K(299520K)->0K(294400K) From: 1024K(1024K)->992K(1024K)
[104.263s][info][gc,heap        ] GC(545) ParOldGen: 10778K(1398272K)->10894K(1398272K)
[104.263s][info][gc,metaspace   ] GC(545) Metaspace: 14343K(15360K)->14343K(15360K) NonClass: 12374K(12992K)->12374K(12992K) Class: 1969K(2368K)->1969K(2368K)
[104.263s][info][gc             ] GC(545) Pause Young (Allocation Failure) 304M->11M(1654M) 2.084ms
[104.263s][info][gc,cpu         ] GC(545) User=0.00s Sys=0.00s Real=0.00s
[104.463s][info][gc,start       ] GC(546) Pause Young (Allocation Failure)
[104.465s][info][gc,heap        ] GC(546) PSYoungGen: 295392K(295424K)->1056K(290816K) Eden: 294400K(294400K)->0K(289280K) From: 992K(1024K)->1056K(1536K)
[104.465s][info][gc,heap        ] GC(546) ParOldGen: 10894K(1398272K)->10966K(1398272K)
[104.465s][info][gc,metaspace   ] GC(546) Metaspace: 14343K(15360K)->14343K(15360K) NonClass: 12374K(12992K)->12374K(12992K) Class: 1969K(2368K)->1969K(2368K)
[104.465s][info][gc             ] GC(546) Pause Young (Allocation Failure) 299M->11M(1649M) 2.113ms
[104.465s][info][gc,cpu         ] GC(546) User=0.00s Sys=0.00s Real=0.00s
[104.661s][info][gc,start       ] GC(547) Pause Young (Allocation Failure)
[104.663s][info][gc,heap        ] GC(547) PSYoungGen: 290336K(290816K)->1024K(285184K) Eden: 289280K(289280K)->0K(284160K) From: 1056K(1536K)->1024K(1024K)
[104.663s][info][gc,heap        ] GC(547) ParOldGen: 10966K(1398272K)->11030K(1398272K)
[104.663s][info][gc,metaspace   ] GC(547) Metaspace: 14343K(15360K)->14343K(15360K) NonClass: 12374K(12992K)->12374K(12992K) Class: 1969K(2368K)->1969K(2368K)
[104.663s][info][gc             ] GC(547) Pause Young (Allocation Failure) 294M->11M(1644M) 2.081ms
[104.663s][info][gc,cpu         ] GC(547) User=0.00s Sys=0.00s Real=0.00s
[104.859s][info][gc,start       ] GC(548) Pause Young (Allocation Failure)
[104.861s][info][gc,heap        ] GC(548) PSYoungGen: 285184K(285184K)->1024K(280576K) Eden: 284160K(284160K)->0K(279552K) From: 1024K(1024K)->1024K(1024K)
[104.861s][info][gc,heap        ] GC(548) ParOldGen: 11030K(1398272K)->11118K(1398272K)
[104.861s][info][gc,metaspace   ] GC(548) Metaspace: 14343K(15360K)->14343K(15360K) NonClass: 12374K(12992K)->12374K(12992K) Class: 1969K(2368K)->1969K(2368K)
[104.861s][info][gc             ] GC(548) Pause Young (Allocation Failure) 289M->11M(1639M) 2.325ms
[104.861s][info][gc,cpu         ] GC(548) User=0.00s Sys=0.00s Real=0.00s
[105.051s][info][gc,start       ] GC(549) Pause Young (Allocation Failure)
[105.053s][info][gc,heap        ] GC(549) PSYoungGen: 280576K(280576K)->1024K(275968K) Eden: 279552K(279552K)->0K(274944K) From: 1024K(1024K)->1024K(1024K)
[105.053s][info][gc,heap        ] GC(549) ParOldGen: 11118K(1398272K)->11198K(1398272K)
[105.053s][info][gc,metaspace   ] GC(549) Metaspace: 14343K(15360K)->14343K(15360K) NonClass: 12374K(12992K)->12374K(12992K) Class: 1969K(2368K)->1969K(2368K)
[105.053s][info][gc             ] GC(549) Pause Young (Allocation Failure) 284M->11M(1635M) 2.141ms
[105.053s][info][gc,cpu         ] GC(549) User=0.00s Sys=0.00s Real=0.00s
[105.245s][info][gc,start       ] GC(550) Pause Young (Allocation Failure)
[105.247s][info][gc,heap        ] GC(550) PSYoungGen: 275968K(275968K)->1056K(271872K) Eden: 274944K(274944K)->0K(270336K) From: 1024K(1024K)->1056K(1536K)
[105.247s][info][gc,heap        ] GC(550) ParOldGen: 11198K(1398272K)->11262K(1398272K)
[105.247s][info][gc,metaspace   ] GC(550) Metaspace: 14343K(15360K)->14343K(15360K) NonClass: 12374K(12992K)->12374K(12992K) Class: 1969K(2368K)->1969K(2368K)
[105.247s][info][gc             ] GC(550) Pause Young (Allocation Failure) 280M->12M(1631M) 2.181ms
[105.247s][info][gc,cpu         ] GC(550) User=0.00s Sys=0.00s Real=0.00s
[105.434s][info][gc,start       ] GC(551) Pause Young (Allocation Failure)
[105.436s][info][gc,heap        ] GC(551) PSYoungGen: 271392K(271872K)->1024K(325632K) Eden: 270336K(270336K)->0K(324608K) From: 1056K(1536K)->1024K(1024K)
[105.436s][info][gc,heap        ] GC(551) ParOldGen: 11262K(1398272K)->11334K(1398272K)
[105.436s][info][gc,metaspace   ] GC(551) Metaspace: 14343K(15360K)->14343K(15360K) NonClass: 12374K(12992K)->12374K(12992K) Class: 1969K(2368K)->1969K(2368K)
[105.436s][info][gc             ] GC(551) Pause Young (Allocation Failure) 276M->12M(1683M) 2.157ms
[105.436s][info][gc,cpu         ] GC(551) User=0.52s Sys=0.00s Real=0.00s
[105.656s][info][gc,start       ] GC(552) Pause Young (Allocation Failure)
[105.658s][info][gc,heap        ] GC(552) PSYoungGen: 325632K(325632K)->1024K(319488K) Eden: 324608K(324608K)->0K(318464K) From: 1024K(1024K)->1024K(1024K)
[105.658s][info][gc,heap        ] GC(552) ParOldGen: 11334K(1398272K)->11398K(1398272K)
[105.658s][info][gc,metaspace   ] GC(552) Metaspace: 14343K(15360K)->14343K(15360K) NonClass: 12374K(12992K)->12374K(12992K) Class: 1969K(2368K)->1969K(2368K)
[105.658s][info][gc             ] GC(552) Pause Young (Allocation Failure) 329M->12M(1677M) 2.297ms
[105.658s][info][gc,cpu         ] GC(552) User=0.00s Sys=0.00s Real=0.00s
[105.873s][info][gc,start       ] GC(553) Pause Young (Allocation Failure)
[105.875s][info][gc,heap        ] GC(553) PSYoungGen: 319488K(319488K)->1024K(313856K) Eden: 318464K(318464K)->0K(312832K) From: 1024K(1024K)->1024K(1024K)
[105.875s][info][gc,heap        ] GC(553) ParOldGen: 11398K(1398272K)->11494K(1398272K)
[105.875s][info][gc,metaspace   ] GC(553) Metaspace: 14343K(15360K)->14343K(15360K) NonClass: 12374K(12992K)->12374K(12992K) Class: 1969K(2368K)->1969K(2368K)
[105.875s][info][gc             ] GC(553) Pause Young (Allocation Failure) 323M->12M(1672M) 2.290ms
[105.875s][info][gc,cpu         ] GC(553) User=0.52s Sys=0.00s Real=0.00s
[106.081s][info][gc,start       ] GC(554) Pause Young (Allocation Failure)
[106.083s][info][gc,heap        ] GC(554) PSYoungGen: 313856K(313856K)->1024K(376832K) Eden: 312832K(312832K)->0K(375808K) From: 1024K(1024K)->1024K(1024K)
[106.083s][info][gc,heap        ] GC(554) ParOldGen: 11494K(1398272K)->11542K(1398272K)
[106.083s][info][gc,metaspace   ] GC(554) Metaspace: 14343K(15360K)->14343K(15360K) NonClass: 12374K(12992K)->12374K(12992K) Class: 1969K(2368K)->1969K(2368K)
[106.083s][info][gc             ] GC(554) Pause Young (Allocation Failure) 317M->12M(1733M) 2.359ms
[106.083s][info][gc,cpu         ] GC(554) User=0.00s Sys=0.00s Real=0.00s
[106.326s][info][gc,start       ] GC(555) Pause Young (Allocation Failure)
[106.328s][info][gc,heap        ] GC(555) PSYoungGen: 376832K(376832K)->896K(452096K) Eden: 375808K(375808K)->0K(451072K) From: 1024K(1024K)->896K(1024K)
[106.328s][info][gc,heap        ] GC(555) ParOldGen: 11542K(1398272K)->11606K(1398272K)
[106.328s][info][gc,metaspace   ] GC(555) Metaspace: 14343K(15360K)->14343K(15360K) NonClass: 12374K(12992K)->12374K(12992K) Class: 1969K(2368K)->1969K(2368K)
[106.328s][info][gc             ] GC(555) Pause Young (Allocation Failure) 379M->12M(1807M) 2.571ms
[106.328s][info][gc,cpu         ] GC(555) User=0.52s Sys=0.00s Real=0.00s
[106.551s][info][gc,start       ] GC(556) Pause Young (Allocation Failure)
[106.554s][info][gc,heap        ] GC(556) PSYoungGen: 451968K(452096K)->832K(458752K) Eden: 451072K(451072K)->0K(457216K) From: 896K(1024K)->832K(1536K)
[106.554s][info][gc,heap        ] GC(556) ParOldGen: 11606K(1398272K)->11686K(1398272K)
[106.554s][info][gc,metaspace   ] GC(556) Metaspace: 14343K(15360K)->14343K(15360K) NonClass: 12374K(12992K)->12374K(12992K) Class: 1969K(2368K)->1969K(2368K)
[106.554s][info][gc             ] GC(556) Pause Young (Allocation Failure) 452M->12M(1813M) 2.757ms
[106.554s][info][gc,cpu         ] GC(556) User=0.00s Sys=0.00s Real=0.00s
[106.887s][info][gc,start       ] GC(557) Pause Young (Allocation Failure)
[106.890s][info][gc,heap        ] GC(557) PSYoungGen: 458048K(458752K)->544K(448000K) Eden: 457216K(457216K)->0K(446976K) From: 832K(1536K)->544K(1024K)
[106.890s][info][gc,heap        ] GC(557) ParOldGen: 11686K(1398272K)->11750K(1398272K)
[106.890s][info][gc,metaspace   ] GC(557) Metaspace: 14343K(15360K)->14343K(15360K) NonClass: 12374K(12992K)->12374K(12992K) Class: 1969K(2368K)->1969K(2368K)
[106.890s][info][gc             ] GC(557) Pause Young (Allocation Failure) 458M->12M(1803M) 2.815ms
[106.890s][info][gc,cpu         ] GC(557) User=0.52s Sys=0.00s Real=0.00s
[106.933s][info][gc,start       ] GC(558) Pause Young (System.gc())
[106.936s][info][gc,heap        ] GC(558) PSYoungGen: 13899K(448000K)->160K(447488K) Eden: 13355K(446976K)->0K(446976K) From: 544K(1024K)->160K(512K)
[106.936s][info][gc,heap        ] GC(558) ParOldGen: 11750K(1398272K)->11878K(1398272K)
[106.936s][info][gc,metaspace   ] GC(558) Metaspace: 14343K(15360K)->14343K(15360K) NonClass: 12374K(12992K)->12374K(12992K) Class: 1969K(2368K)->1969K(2368K)
[106.936s][info][gc             ] GC(558) Pause Young (System.gc()) 25M->11M(1802M) 3.050ms
[106.936s][info][gc,cpu         ] GC(558) User=0.00s Sys=0.00s Real=0.00s
[106.936s][info][gc,start       ] GC(559) Pause Full (System.gc())
[106.936s][info][gc,phases,start] GC(559) Marking Phase
[106.953s][info][gc,phases      ] GC(559) Marking Phase 16.322ms
[106.953s][info][gc,phases,start] GC(559) Summary Phase
[106.953s][info][gc,phases      ] GC(559) Summary Phase 0.023ms
[106.953s][info][gc,phases,start] GC(559) Adjust Roots
[106.958s][info][gc,phases      ] GC(559) Adjust Roots 5.735ms
[106.958s][info][gc,phases,start] GC(559) Compaction Phase
[106.960s][info][gc,phases      ] GC(559) Compaction Phase 2.091ms
[106.961s][info][gc,phases,start] GC(559) Post Compact
[106.961s][info][gc,phases      ] GC(559) Post Compact 0.541ms
[106.961s][info][gc,heap        ] GC(559) PSYoungGen: 160K(447488K)->0K(447488K) Eden: 0K(446976K)->0K(446976K) From: 160K(512K)->0K(512K)
[106.961s][info][gc,heap        ] GC(559) ParOldGen: 11878K(1398272K)->5387K(1398272K)
[106.961s][info][gc,metaspace   ] GC(559) Metaspace: 14343K(15360K)->14343K(15360K) NonClass: 12374K(12992K)->12374K(12992K) Class: 1969K(2368K)->1969K(2368K)
[106.961s][info][gc             ] GC(559) Pause Full (System.gc()) 11M->5M(1802M) 25.015ms
[106.961s][info][gc,cpu         ] GC(559) User=0.52s Sys=0.00s Real=0.02s
[107.337s][info][gc,start       ] GC(560) Pause Young (Allocation Failure)
[107.341s][info][gc,heap        ] GC(560) PSYoungGen: 446976K(447488K)->1536K(438272K) Eden: 446976K(446976K)->0K(436736K) From: 0K(512K)->1536K(1536K)
[107.341s][info][gc,heap        ] GC(560) ParOldGen: 5387K(1398272K)->5743K(1398272K)
[107.341s][info][gc,metaspace   ] GC(560) Metaspace: 14343K(15360K)->14343K(15360K) NonClass: 12374K(12992K)->12374K(12992K) Class: 1969K(2368K)->1969K(2368K)
[107.341s][info][gc             ] GC(560) Pause Young (Allocation Failure) 441M->7M(1793M) 3.230ms
[107.341s][info][gc,cpu         ] GC(560) User=0.00s Sys=0.00s Real=0.00s
[107.647s][info][gc,start       ] GC(561) Pause Young (Allocation Failure)
[107.649s][info][gc,heap        ] GC(561) PSYoungGen: 438272K(438272K)->1056K(428544K) Eden: 436736K(436736K)->0K(427008K) From: 1536K(1536K)->1056K(1536K)
[107.649s][info][gc,heap        ] GC(561) ParOldGen: 5743K(1398272K)->7088K(1398272K)
[107.649s][info][gc,metaspace   ] GC(561) Metaspace: 14343K(15360K)->14343K(15360K) NonClass: 12374K(12992K)->12374K(12992K) Class: 1969K(2368K)->1969K(2368K)
[107.649s][info][gc             ] GC(561) Pause Young (Allocation Failure) 433M->7M(1784M) 2.632ms
[107.649s][info][gc,cpu         ] GC(561) User=0.00s Sys=0.00s Real=0.00s
[107.952s][info][gc,start       ] GC(562) Pause Young (Allocation Failure)
[107.955s][info][gc,heap        ] GC(562) PSYoungGen: 428064K(428544K)->1056K(419328K) Eden: 427008K(427008K)->0K(417792K) From: 1056K(1536K)->1056K(1536K)
[107.955s][info][gc,heap        ] GC(562) ParOldGen: 7088K(1398272K)->7192K(1398272K)
[107.955s][info][gc,metaspace   ] GC(562) Metaspace: 14343K(15360K)->14343K(15360K) NonClass: 12374K(12992K)->12374K(12992K) Class: 1969K(2368K)->1969K(2368K)
[107.955s][info][gc             ] GC(562) Pause Young (Allocation Failure) 424M->8M(1775M) 2.272ms
[107.955s][info][gc,cpu         ] GC(562) User=0.00s Sys=0.00s Real=0.00s
[108.234s][info][gc,start       ] GC(563) Pause Young (Allocation Failure)
[108.236s][info][gc,heap        ] GC(563) PSYoungGen: 418848K(419328K)->1056K(410112K) Eden: 417792K(417792K)->0K(408576K) From: 1056K(1536K)->1056K(1536K)
[108.236s][info][gc,heap        ] GC(563) ParOldGen: 7192K(1398272K)->7296K(1398272K)
[108.236s][info][gc,metaspace   ] GC(563) Metaspace: 14343K(15360K)->14343K(15360K) NonClass: 12374K(12992K)->12374K(12992K) Class: 1969K(2368K)->1969K(2368K)
[108.236s][info][gc             ] GC(563) Pause Young (Allocation Failure) 416M->8M(1766M) 2.416ms
[108.236s][info][gc,cpu         ] GC(563) User=0.00s Sys=0.00s Real=0.00s
[108.508s][info][gc,start       ] GC(564) Pause Young (Allocation Failure)
[108.510s][info][gc,heap        ] GC(564) PSYoungGen: 409632K(410112K)->1024K(400896K) Eden: 408576K(408576K)->0K(399872K) From: 1056K(1536K)->1024K(1024K)
[108.510s][info][gc,heap        ] GC(564) ParOldGen: 7296K(1398272K)->7400K(1398272K)
[108.510s][info][gc,metaspace   ] GC(564) Metaspace: 14343K(15360K)->14343K(15360K) NonClass: 12374K(12992K)->12374K(12992K) Class: 1969K(2368K)->1969K(2368K)
[108.510s][info][gc             ] GC(564) Pause Young (Allocation Failure) 407M->8M(1757M) 2.369ms
[108.510s][info][gc,cpu         ] GC(564) User=0.00s Sys=0.00s Real=0.00s
[108.777s][info][gc,start       ] GC(565) Pause Young (Allocation Failure)
[108.779s][info][gc,heap        ] GC(565) PSYoungGen: 400896K(400896K)->1024K(392704K) Eden: 399872K(399872K)->0K(391680K) From: 1024K(1024K)->1024K(1024K)
[108.779s][info][gc,heap        ] GC(565) ParOldGen: 7400K(1398272K)->7504K(1398272K)
[108.779s][info][gc,metaspace   ] GC(565) Metaspace: 14343K(15360K)->14343K(15360K) NonClass: 12374K(12992K)->12374K(12992K) Class: 1969K(2368K)->1969K(2368K)
[108.779s][info][gc             ] GC(565) Pause Young (Allocation Failure) 398M->8M(1749M) 2.387ms
[108.779s][info][gc,cpu         ] GC(565) User=0.00s Sys=0.00s Real=0.00s
[109.041s][info][gc,start       ] GC(566) Pause Young (Allocation Failure)
[109.043s][info][gc,heap        ] GC(566) PSYoungGen: 392704K(392704K)->992K(384512K) Eden: 391680K(391680K)->0K(383488K) From: 1024K(1024K)->992K(1024K)
[109.043s][info][gc,heap        ] GC(566) ParOldGen: 7504K(1398272K)->7608K(1398272K)
[109.043s][info][gc,metaspace   ] GC(566) Metaspace: 14343K(15360K)->14343K(15360K) NonClass: 12374K(12992K)->12374K(12992K) Class: 1969K(2368K)->1969K(2368K)
[109.043s][info][gc             ] GC(566) Pause Young (Allocation Failure) 390M->8M(1741M) 2.412ms
[109.043s][info][gc,cpu         ] GC(566) User=0.00s Sys=0.00s Real=0.00s
[109.301s][info][gc,start       ] GC(567) Pause Young (Allocation Failure)
[109.303s][info][gc,heap        ] GC(567) PSYoungGen: 384480K(384512K)->1024K(376832K) Eden: 383488K(383488K)->0K(375808K) From: 992K(1024K)->1024K(1024K)
[109.303s][info][gc,heap        ] GC(567) ParOldGen: 7608K(1398272K)->7696K(1398272K)
[109.303s][info][gc,metaspace   ] GC(567) Metaspace: 14343K(15360K)->14343K(15360K) NonClass: 12374K(12992K)->12374K(12992K) Class: 1969K(2368K)->1969K(2368K)
[109.303s][info][gc             ] GC(567) Pause Young (Allocation Failure) 382M->8M(1733M) 2.449ms
[109.303s][info][gc,cpu         ] GC(567) User=0.00s Sys=0.00s Real=0.00s
[109.556s][info][gc,start       ] GC(568) Pause Young (Allocation Failure)
[109.558s][info][gc,heap        ] GC(568) PSYoungGen: 376832K(376832K)->1024K(369152K) Eden: 375808K(375808K)->0K(368128K) From: 1024K(1024K)->1024K(1024K)
[109.558s][info][gc,heap        ] GC(568) ParOldGen: 7696K(1398272K)->7832K(1398272K)
[109.558s][info][gc,metaspace   ] GC(568) Metaspace: 14343K(15360K)->14343K(15360K) NonClass: 12374K(12992K)->12374K(12992K) Class: 1969K(2368K)->1969K(2368K)
[109.558s][info][gc             ] GC(568) Pause Young (Allocation Failure) 375M->8M(1726M) 2.453ms
[109.558s][info][gc,cpu         ] GC(568) User=0.00s Sys=0.00s Real=0.00s
[109.806s][info][gc,start       ] GC(569) Pause Young (Allocation Failure)
[109.809s][info][gc,heap        ] GC(569) PSYoungGen: 369152K(369152K)->1056K(362496K) Eden: 368128K(368128K)->0K(360960K) From: 1024K(1024K)->1056K(1536K)
[109.809s][info][gc,heap        ] GC(569) ParOldGen: 7832K(1398272K)->7936K(1398272K)
[109.809s][info][gc,metaspace   ] GC(569) Metaspace: 14343K(15360K)->14343K(15360K) NonClass: 12374K(12992K)->12374K(12992K) Class: 1969K(2368K)->1969K(2368K)
[109.809s][info][gc             ] GC(569) Pause Young (Allocation Failure) 368M->8M(1719M) 2.533ms
[109.809s][info][gc,cpu         ] GC(569) User=0.00s Sys=0.00s Real=0.00s
[110.053s][info][gc,start       ] GC(570) Pause Young (Allocation Failure)
[110.055s][info][gc,heap        ] GC(570) PSYoungGen: 362016K(362496K)->1024K(354816K) Eden: 360960K(360960K)->0K(353792K) From: 1056K(1536K)->1024K(1024K)
[110.055s][info][gc,heap        ] GC(570) ParOldGen: 7936K(1398272K)->8048K(1398272K)
[110.055s][info][gc,metaspace   ] GC(570) Metaspace: 14343K(15360K)->14343K(15360K) NonClass: 12374K(12992K)->12374K(12992K) Class: 1969K(2368K)->1969K(2368K)
[110.055s][info][gc             ] GC(570) Pause Young (Allocation Failure) 361M->8M(1712M) 2.477ms
[110.055s][info][gc,cpu         ] GC(570) User=0.00s Sys=0.00s Real=0.00s
[110.304s][info][gc,start       ] GC(571) Pause Young (Allocation Failure)
[110.306s][info][gc,heap        ] GC(571) PSYoungGen: 354816K(354816K)->1024K(348160K) Eden: 353792K(353792K)->0K(347136K) From: 1024K(1024K)->1024K(1024K)
[110.306s][info][gc,heap        ] GC(571) ParOldGen: 8048K(1398272K)->8136K(1398272K)
[110.306s][info][gc,metaspace   ] GC(571) Metaspace: 14343K(15360K)->14343K(15360K) NonClass: 12374K(12992K)->12374K(12992K) Class: 1969K(2368K)->1969K(2368K)
[110.306s][info][gc             ] GC(571) Pause Young (Allocation Failure) 354M->8M(1705M) 2.281ms
[110.306s][info][gc,cpu         ] GC(571) User=0.00s Sys=0.00s Real=0.00s
[110.547s][info][gc,start       ] GC(572) Pause Young (Allocation Failure)
[110.550s][info][gc,heap        ] GC(572) PSYoungGen: 348160K(348160K)->1024K(341504K) Eden: 347136K(347136K)->0K(340480K) From: 1024K(1024K)->1024K(1024K)
[110.550s][info][gc,heap        ] GC(572) ParOldGen: 8136K(1398272K)->8248K(1398272K)
[110.550s][info][gc,metaspace   ] GC(572) Metaspace: 14343K(15360K)->14343K(15360K) NonClass: 12374K(12992K)->12374K(12992K) Class: 1969K(2368K)->1969K(2368K)
[110.550s][info][gc             ] GC(572) Pause Young (Allocation Failure) 347M->9M(1699M) 2.279ms
[110.550s][info][gc,cpu         ] GC(572) User=0.00s Sys=0.00s Real=0.00s
[110.803s][info][gc,start       ] GC(573) Pause Young (Allocation Failure)
[110.805s][info][gc,heap        ] GC(573) PSYoungGen: 341504K(341504K)->1056K(335360K) Eden: 340480K(340480K)->0K(333824K) From: 1024K(1024K)->1056K(1536K)
[110.805s][info][gc,heap        ] GC(573) ParOldGen: 8248K(1398272K)->8344K(1398272K)
[110.805s][info][gc,metaspace   ] GC(573) Metaspace: 14343K(15360K)->14343K(15360K) NonClass: 12374K(12992K)->12374K(12992K) Class: 1969K(2368K)->1969K(2368K)
[110.805s][info][gc             ] GC(573) Pause Young (Allocation Failure) 341M->9M(1693M) 2.202ms
[110.805s][info][gc,cpu         ] GC(573) User=0.00s Sys=0.00s Real=0.00s
[111.028s][info][gc,start       ] GC(574) Pause Young (Allocation Failure)
[111.030s][info][gc,heap        ] GC(574) PSYoungGen: 334880K(335360K)->1024K(328704K) Eden: 333824K(333824K)->0K(327680K) From: 1056K(1536K)->1024K(1024K)
[111.030s][info][gc,heap        ] GC(574) ParOldGen: 8344K(1398272K)->8448K(1398272K)
[111.030s][info][gc,metaspace   ] GC(574) Metaspace: 14343K(15360K)->14343K(15360K) NonClass: 12374K(12992K)->12374K(12992K) Class: 1969K(2368K)->1969K(2368K)
[111.030s][info][gc             ] GC(574) Pause Young (Allocation Failure) 335M->9M(1686M) 2.181ms
[111.030s][info][gc,cpu         ] GC(574) User=0.00s Sys=0.00s Real=0.00s
[111.248s][info][gc,start       ] GC(575) Pause Young (Allocation Failure)
[111.250s][info][gc,heap        ] GC(575) PSYoungGen: 328704K(328704K)->1056K(323072K) Eden: 327680K(327680K)->0K(321536K) From: 1024K(1024K)->1056K(1536K)
[111.250s][info][gc,heap        ] GC(575) ParOldGen: 8448K(1398272K)->8560K(1398272K)
[111.250s][info][gc,metaspace   ] GC(575) Metaspace: 14343K(15360K)->14343K(15360K) NonClass: 12374K(12992K)->12374K(12992K) Class: 1969K(2368K)->1969K(2368K)
[111.250s][info][gc             ] GC(575) Pause Young (Allocation Failure) 329M->9M(1681M) 2.211ms
[111.250s][info][gc,cpu         ] GC(575) User=0.42s Sys=0.09s Real=0.00s
[111.464s][info][gc,start       ] GC(576) Pause Young (Allocation Failure)
[111.466s][info][gc,heap        ] GC(576) PSYoungGen: 322592K(323072K)->1024K(316928K) Eden: 321536K(321536K)->0K(315904K) From: 1056K(1536K)->1024K(1024K)
[111.466s][info][gc,heap        ] GC(576) ParOldGen: 8560K(1398272K)->8688K(1398272K)
[111.466s][info][gc,metaspace   ] GC(576) Metaspace: 14343K(15360K)->14343K(15360K) NonClass: 12374K(12992K)->12374K(12992K) Class: 1969K(2368K)->1969K(2368K)
[111.466s][info][gc             ] GC(576) Pause Young (Allocation Failure) 323M->9M(1675M) 2.217ms
[111.466s][info][gc,cpu         ] GC(576) User=0.00s Sys=0.00s Real=0.00s
[111.680s][info][gc,start       ] GC(577) Pause Young (Allocation Failure)
[111.682s][info][gc,heap        ] GC(577) PSYoungGen: 316928K(316928K)->1024K(311296K) Eden: 315904K(315904K)->0K(310272K) From: 1024K(1024K)->1024K(1024K)
[111.682s][info][gc,heap        ] GC(577) ParOldGen: 8688K(1398272K)->8768K(1398272K)
[111.682s][info][gc,metaspace   ] GC(577) Metaspace: 14343K(15360K)->14343K(15360K) NonClass: 12374K(12992K)->12374K(12992K) Class: 1969K(2368K)->1969K(2368K)
[111.682s][info][gc             ] GC(577) Pause Young (Allocation Failure) 317M->9M(1669M) 2.250ms
[111.682s][info][gc,cpu         ] GC(577) User=0.00s Sys=0.00s Real=0.00s
[111.892s][info][gc,start       ] GC(578) Pause Young (Allocation Failure)
[111.894s][info][gc,heap        ] GC(578) PSYoungGen: 311296K(311296K)->1024K(305664K) Eden: 310272K(310272K)->0K(304640K) From: 1024K(1024K)->1024K(1024K)
[111.894s][info][gc,heap        ] GC(578) ParOldGen: 8768K(1398272K)->8848K(1398272K)
[111.894s][info][gc,metaspace   ] GC(578) Metaspace: 14343K(15360K)->14343K(15360K) NonClass: 12374K(12992K)->12374K(12992K) Class: 1969K(2368K)->1969K(2368K)
[111.894s][info][gc             ] GC(578) Pause Young (Allocation Failure) 312M->9M(1664M) 2.302ms
[111.894s][info][gc,cpu         ] GC(578) User=0.00s Sys=0.00s Real=0.00s
[112.100s][info][gc,start       ] GC(579) Pause Young (Allocation Failure)
[112.102s][info][gc,heap        ] GC(579) PSYoungGen: 305664K(305664K)->1024K(300544K) Eden: 304640K(304640K)->0K(299520K) From: 1024K(1024K)->1024K(1024K)
[112.102s][info][gc,heap        ] GC(579) ParOldGen: 8848K(1398272K)->8928K(1398272K)
[112.102s][info][gc,metaspace   ] GC(579) Metaspace: 14343K(15360K)->14343K(15360K) NonClass: 12374K(12992K)->12374K(12992K) Class: 1969K(2368K)->1969K(2368K)
[112.102s][info][gc             ] GC(579) Pause Young (Allocation Failure) 307M->9M(1659M) 2.246ms
[112.102s][info][gc,cpu         ] GC(579) User=0.00s Sys=0.00s Real=0.00s
[112.300s][info][gc,start       ] GC(580) Pause Young (Allocation Failure)
[112.302s][info][gc,heap        ] GC(580) PSYoungGen: 300544K(300544K)->1024K(295424K) Eden: 299520K(299520K)->0K(294400K) From: 1024K(1024K)->1024K(1024K)
[112.302s][info][gc,heap        ] GC(580) ParOldGen: 8928K(1398272K)->9008K(1398272K)
[112.302s][info][gc,metaspace   ] GC(580) Metaspace: 14343K(15360K)->14343K(15360K) NonClass: 12374K(12992K)->12374K(12992K) Class: 1969K(2368K)->1969K(2368K)
[112.302s][info][gc             ] GC(580) Pause Young (Allocation Failure) 302M->9M(1654M) 2.359ms
[112.303s][info][gc,cpu         ] GC(580) User=0.00s Sys=0.00s Real=0.00s
[112.498s][info][gc,start       ] GC(581) Pause Young (Allocation Failure)
[112.500s][info][gc,heap        ] GC(581) PSYoungGen: 295424K(295424K)->1056K(354816K) Eden: 294400K(294400K)->0K(353280K) From: 1024K(1024K)->1056K(1536K)
[112.500s][info][gc,heap        ] GC(581) ParOldGen: 9008K(1398272K)->9072K(1398272K)
[112.500s][info][gc,metaspace   ] GC(581) Metaspace: 14343K(15360K)->14343K(15360K) NonClass: 12374K(12992K)->12374K(12992K) Class: 1969K(2368K)->1969K(2368K)
[112.500s][info][gc             ] GC(581) Pause Young (Allocation Failure) 297M->9M(1712M) 2.312ms
[112.500s][info][gc,cpu         ] GC(581) User=0.28s Sys=0.00s Real=0.00s
[112.856s][info][gc,start       ] GC(582) Pause Young (Allocation Failure)
[112.859s][info][gc,heap        ] GC(582) PSYoungGen: 354336K(354816K)->1024K(347648K) Eden: 353280K(353280K)->0K(346624K) From: 1056K(1536K)->1024K(1024K)
[112.859s][info][gc,heap        ] GC(582) ParOldGen: 9072K(1398272K)->9136K(1398272K)
[112.859s][info][gc,metaspace   ] GC(582) Metaspace: 14343K(15360K)->14343K(15360K) NonClass: 12374K(12992K)->12374K(12992K) Class: 1969K(2368K)->1969K(2368K)
[112.859s][info][gc             ] GC(582) Pause Young (Allocation Failure) 354M->9M(1705M) 2.958ms
[112.859s][info][gc,cpu         ] GC(582) User=0.00s Sys=0.00s Real=0.00s
[113.109s][info][gc,start       ] GC(583) Pause Young (Allocation Failure)
[113.111s][info][gc,heap        ] GC(583) PSYoungGen: 347648K(347648K)->1024K(340992K) Eden: 346624K(346624K)->0K(339968K) From: 1024K(1024K)->1024K(1024K)
[113.111s][info][gc,heap        ] GC(583) ParOldGen: 9136K(1398272K)->9248K(1398272K)
[113.111s][info][gc,metaspace   ] GC(583) Metaspace: 14343K(15360K)->14343K(15360K) NonClass: 12374K(12992K)->12374K(12992K) Class: 1969K(2368K)->1969K(2368K)
[113.111s][info][gc             ] GC(583) Pause Young (Allocation Failure) 348M->10M(1698M) 2.258ms
[113.111s][info][gc,cpu         ] GC(583) User=0.00s Sys=0.00s Real=0.00s
[113.345s][info][gc,start       ] GC(584) Pause Young (Allocation Failure)
[113.347s][info][gc,heap        ] GC(584) PSYoungGen: 340992K(340992K)->1024K(334336K) Eden: 339968K(339968K)->0K(333312K) From: 1024K(1024K)->1024K(1024K)
[113.347s][info][gc,heap        ] GC(584) ParOldGen: 9248K(1398272K)->9368K(1398272K)
[113.347s][info][gc,metaspace   ] GC(584) Metaspace: 14343K(15360K)->14343K(15360K) NonClass: 12374K(12992K)->12374K(12992K) Class: 1969K(2368K)->1969K(2368K)
[113.347s][info][gc             ] GC(584) Pause Young (Allocation Failure) 342M->10M(1692M) 2.139ms
[113.347s][info][gc,cpu         ] GC(584) User=0.00s Sys=0.00s Real=0.00s
[113.568s][info][gc,start       ] GC(585) Pause Young (Allocation Failure)
[113.570s][info][gc,heap        ] GC(585) PSYoungGen: 334336K(334336K)->1056K(328704K) Eden: 333312K(333312K)->0K(327168K) From: 1024K(1024K)->1056K(1536K)
[113.570s][info][gc,heap        ] GC(585) ParOldGen: 9368K(1398272K)->9432K(1398272K)
[113.570s][info][gc,metaspace   ] GC(585) Metaspace: 14343K(15360K)->14343K(15360K) NonClass: 12374K(12992K)->12374K(12992K) Class: 1969K(2368K)->1969K(2368K)
[113.570s][info][gc             ] GC(585) Pause Young (Allocation Failure) 335M->10M(1686M) 2.175ms
[113.570s][info][gc,cpu         ] GC(585) User=0.00s Sys=0.00s Real=0.00s
[113.809s][info][gc,start       ] GC(586) Pause Young (Allocation Failure)
[113.811s][info][gc,heap        ] GC(586) PSYoungGen: 328224K(328704K)->1024K(322048K) Eden: 327168K(327168K)->0K(321024K) From: 1056K(1536K)->1024K(1024K)
[113.811s][info][gc,heap        ] GC(586) ParOldGen: 9432K(1398272K)->9528K(1398272K)
[113.811s][info][gc,metaspace   ] GC(586) Metaspace: 14343K(15360K)->14343K(15360K) NonClass: 12374K(12992K)->12374K(12992K) Class: 1969K(2368K)->1969K(2368K)
[113.812s][info][gc             ] GC(586) Pause Young (Allocation Failure) 329M->10M(1680M) 2.061ms
[113.812s][info][gc,cpu         ] GC(586) User=0.52s Sys=0.00s Real=0.00s
[114.026s][info][gc,start       ] GC(587) Pause Young (Allocation Failure)
[114.028s][info][gc,heap        ] GC(587) PSYoungGen: 322048K(322048K)->1056K(316928K) Eden: 321024K(321024K)->0K(315392K) From: 1024K(1024K)->1056K(1536K)
[114.028s][info][gc,heap        ] GC(587) ParOldGen: 9528K(1398272K)->9624K(1398272K)
[114.028s][info][gc,metaspace   ] GC(587) Metaspace: 14343K(15360K)->14343K(15360K) NonClass: 12374K(12992K)->12374K(12992K) Class: 1969K(2368K)->1969K(2368K)
[114.028s][info][gc             ] GC(587) Pause Young (Allocation Failure) 323M->10M(1675M) 2.152ms
[114.028s][info][gc,cpu         ] GC(587) User=0.00s Sys=0.00s Real=0.00s
[114.237s][info][gc,start       ] GC(588) Pause Young (Allocation Failure)
[114.239s][info][gc,heap        ] GC(588) PSYoungGen: 316448K(316928K)->1024K(310784K) Eden: 315392K(315392K)->0K(309760K) From: 1056K(1536K)->1024K(1024K)
[114.239s][info][gc,heap        ] GC(588) ParOldGen: 9624K(1398272K)->9704K(1398272K)
[114.239s][info][gc,metaspace   ] GC(588) Metaspace: 14343K(15360K)->14343K(15360K) NonClass: 12374K(12992K)->12374K(12992K) Class: 1969K(2368K)->1969K(2368K)
[114.240s][info][gc             ] GC(588) Pause Young (Allocation Failure) 318M->10M(1669M) 2.136ms
[114.240s][info][gc,cpu         ] GC(588) User=0.00s Sys=0.00s Real=0.00s
[114.445s][info][gc,start       ] GC(589) Pause Young (Allocation Failure)
[114.447s][info][gc,heap        ] GC(589) PSYoungGen: 310784K(310784K)->1024K(305152K) Eden: 309760K(309760K)->0K(304128K) From: 1024K(1024K)->1024K(1024K)
[114.447s][info][gc,heap        ] GC(589) ParOldGen: 9704K(1398272K)->9792K(1398272K)
[114.447s][info][gc,metaspace   ] GC(589) Metaspace: 14343K(15360K)->14343K(15360K) NonClass: 12374K(12992K)->12374K(12992K) Class: 1969K(2368K)->1969K(2368K)
[114.447s][info][gc             ] GC(589) Pause Young (Allocation Failure) 312M->10M(1663M) 2.149ms
[114.447s][info][gc,cpu         ] GC(589) User=0.00s Sys=0.00s Real=0.00s
[114.650s][info][gc,start       ] GC(590) Pause Young (Allocation Failure)
[114.652s][info][gc,heap        ] GC(590) PSYoungGen: 305152K(305152K)->1024K(300032K) Eden: 304128K(304128K)->0K(299008K) From: 1024K(1024K)->1024K(1024K)
[114.652s][info][gc,heap        ] GC(590) ParOldGen: 9792K(1398272K)->9880K(1398272K)
[114.652s][info][gc,metaspace   ] GC(590) Metaspace: 14343K(15360K)->14343K(15360K) NonClass: 12374K(12992K)->12374K(12992K) Class: 1969K(2368K)->1969K(2368K)
[114.652s][info][gc             ] GC(590) Pause Young (Allocation Failure) 307M->10M(1658M) 2.190ms
[114.652s][info][gc,cpu         ] GC(590) User=0.00s Sys=0.00s Real=0.00s
[114.851s][info][gc,start       ] GC(591) Pause Young (Allocation Failure)
[114.853s][info][gc,heap        ] GC(591) PSYoungGen: 300032K(300032K)->1024K(294912K) Eden: 299008K(299008K)->0K(293888K) From: 1024K(1024K)->1024K(1024K)
[114.853s][info][gc,heap        ] GC(591) ParOldGen: 9880K(1398272K)->9976K(1398272K)
[114.853s][info][gc,metaspace   ] GC(591) Metaspace: 14343K(15360K)->14343K(15360K) NonClass: 12374K(12992K)->12374K(12992K) Class: 1969K(2368K)->1969K(2368K)
[114.853s][info][gc             ] GC(591) Pause Young (Allocation Failure) 302M->10M(1653M) 2.193ms
[114.853s][info][gc,cpu         ] GC(591) User=0.00s Sys=0.00s Real=0.00s
[115.049s][info][gc,start       ] GC(592) Pause Young (Allocation Failure)
[115.051s][info][gc,heap        ] GC(592) PSYoungGen: 294912K(294912K)->1024K(289792K) Eden: 293888K(293888K)->0K(288768K) From: 1024K(1024K)->1024K(1024K)
[115.051s][info][gc,heap        ] GC(592) ParOldGen: 9976K(1398272K)->10048K(1398272K)
[115.051s][info][gc,metaspace   ] GC(592) Metaspace: 14343K(15360K)->14343K(15360K) NonClass: 12374K(12992K)->12374K(12992K) Class: 1969K(2368K)->1969K(2368K)
[115.051s][info][gc             ] GC(592) Pause Young (Allocation Failure) 297M->10M(1648M) 2.217ms
[115.052s][info][gc,cpu         ] GC(592) User=0.00s Sys=0.00s Real=0.00s
[115.244s][info][gc,start       ] GC(593) Pause Young (Allocation Failure)
[115.246s][info][gc,heap        ] GC(593) PSYoungGen: 289792K(289792K)->1056K(285184K) Eden: 288768K(288768K)->0K(283648K) From: 1024K(1024K)->1056K(1536K)
[115.246s][info][gc,heap        ] GC(593) ParOldGen: 10048K(1398272K)->10112K(1398272K)
[115.246s][info][gc,metaspace   ] GC(593) Metaspace: 14343K(15360K)->14343K(15360K) NonClass: 12374K(12992K)->12374K(12992K) Class: 1969K(2368K)->1969K(2368K)
[115.246s][info][gc             ] GC(593) Pause Young (Allocation Failure) 292M->10M(1644M) 2.294ms
[115.246s][info][gc,cpu         ] GC(593) User=0.00s Sys=0.00s Real=0.00s
[115.434s][info][gc,start       ] GC(594) Pause Young (Allocation Failure)
[115.436s][info][gc,heap        ] GC(594) PSYoungGen: 284704K(285184K)->1024K(341504K) Eden: 283648K(283648K)->0K(340480K) From: 1056K(1536K)->1024K(1024K)
[115.437s][info][gc,heap        ] GC(594) ParOldGen: 10112K(1398272K)->10200K(1398272K)
[115.437s][info][gc,metaspace   ] GC(594) Metaspace: 14343K(15360K)->14343K(15360K) NonClass: 12374K(12992K)->12374K(12992K) Class: 1969K(2368K)->1969K(2368K)
[115.437s][info][gc             ] GC(594) Pause Young (Allocation Failure) 287M->10M(1699M) 2.224ms
[115.437s][info][gc,cpu         ] GC(594) User=0.52s Sys=0.00s Real=0.00s
[115.665s][info][gc,start       ] GC(595) Pause Young (Allocation Failure)
[115.667s][info][gc,heap        ] GC(595) PSYoungGen: 341504K(341504K)->1024K(409600K) Eden: 340480K(340480K)->0K(408576K) From: 1024K(1024K)->1024K(1024K)
[115.667s][info][gc,heap        ] GC(595) ParOldGen: 10200K(1398272K)->10288K(1398272K)
[115.667s][info][gc,metaspace   ] GC(595) Metaspace: 14343K(15360K)->14343K(15360K) NonClass: 12374K(12992K)->12374K(12992K) Class: 1969K(2368K)->1969K(2368K)
[115.667s][info][gc             ] GC(595) Pause Young (Allocation Failure) 343M->11M(1765M) 2.405ms
[115.667s][info][gc,cpu         ] GC(595) User=0.00s Sys=0.00s Real=0.00s
[115.945s][info][gc,start       ] GC(596) Pause Young (Allocation Failure)
[115.947s][info][gc,heap        ] GC(596) PSYoungGen: 409600K(409600K)->1024K(400896K) Eden: 408576K(408576K)->0K(399872K) From: 1024K(1024K)->1024K(1024K)
[115.947s][info][gc,heap        ] GC(596) ParOldGen: 10288K(1398272K)->10368K(1398272K)
[115.947s][info][gc,metaspace   ] GC(596) Metaspace: 14343K(15360K)->14343K(15360K) NonClass: 12374K(12992K)->12374K(12992K) Class: 1969K(2368K)->1969K(2368K)
[115.947s][info][gc             ] GC(596) Pause Young (Allocation Failure) 410M->11M(1757M) 2.529ms
[115.947s][info][gc,cpu         ] GC(596) User=0.00s Sys=0.00s Real=0.00s
[116.214s][info][gc,start       ] GC(597) Pause Young (Allocation Failure)
[116.216s][info][gc,heap        ] GC(597) PSYoungGen: 400896K(400896K)->1056K(393216K) Eden: 399872K(399872K)->0K(391680K) From: 1024K(1024K)->1056K(1536K)
[116.216s][info][gc,heap        ] GC(597) ParOldGen: 10368K(1398272K)->10464K(1398272K)
[116.216s][info][gc,metaspace   ] GC(597) Metaspace: 14343K(15360K)->14343K(15360K) NonClass: 12374K(12992K)->12374K(12992K) Class: 1969K(2368K)->1969K(2368K)
[116.216s][info][gc             ] GC(597) Pause Young (Allocation Failure) 401M->11M(1749M) 2.506ms
[116.216s][info][gc,cpu         ] GC(597) User=0.00s Sys=0.00s Real=0.00s
[116.480s][info][gc,start       ] GC(598) Pause Young (Allocation Failure)
[116.482s][info][gc,heap        ] GC(598) PSYoungGen: 392736K(393216K)->1024K(384512K) Eden: 391680K(391680K)->0K(383488K) From: 1056K(1536K)->1024K(1024K)
[116.482s][info][gc,heap        ] GC(598) ParOldGen: 10464K(1398272K)->10560K(1398272K)
[116.482s][info][gc,metaspace   ] GC(598) Metaspace: 14343K(15360K)->14343K(15360K) NonClass: 12374K(12992K)->12374K(12992K) Class: 1969K(2368K)->1969K(2368K)
[116.482s][info][gc             ] GC(598) Pause Young (Allocation Failure) 393M->11M(1741M) 2.530ms
[116.482s][info][gc,cpu         ] GC(598) User=0.00s Sys=0.00s Real=0.00s
[116.759s][info][gc,start       ] GC(599) Pause Young (Allocation Failure)
[116.762s][info][gc,heap        ] GC(599) PSYoungGen: 384512K(384512K)->1024K(376832K) Eden: 383488K(383488K)->0K(375808K) From: 1024K(1024K)->1024K(1024K)
[116.762s][info][gc,heap        ] GC(599) ParOldGen: 10560K(1398272K)->10664K(1398272K)
[116.762s][info][gc,metaspace   ] GC(599) Metaspace: 14343K(15360K)->14343K(15360K) NonClass: 12374K(12992K)->12374K(12992K) Class: 1969K(2368K)->1969K(2368K)
[116.762s][info][gc             ] GC(599) Pause Young (Allocation Failure) 385M->11M(1733M) 2.665ms
[116.762s][info][gc,cpu         ] GC(599) User=0.00s Sys=0.00s Real=0.00s
[117.026s][info][gc,start       ] GC(600) Pause Young (Allocation Failure)
[117.028s][info][gc,heap        ] GC(600) PSYoungGen: 376832K(376832K)->1024K(369152K) Eden: 375808K(375808K)->0K(368128K) From: 1024K(1024K)->1024K(1024K)
[117.028s][info][gc,heap        ] GC(600) ParOldGen: 10664K(1398272K)->10768K(1398272K)
[117.028s][info][gc,metaspace   ] GC(600) Metaspace: 14343K(15360K)->14343K(15360K) NonClass: 12374K(12992K)->12374K(12992K) Class: 1969K(2368K)->1969K(2368K)
[117.028s][info][gc             ] GC(600) Pause Young (Allocation Failure) 378M->11M(1726M) 2.418ms
[117.028s][info][gc,cpu         ] GC(600) User=0.00s Sys=0.00s Real=0.00s
[117.304s][info][gc,start       ] GC(601) Pause Young (Allocation Failure)
[117.306s][info][gc,heap        ] GC(601) PSYoungGen: 369152K(369152K)->1056K(362496K) Eden: 368128K(368128K)->0K(360960K) From: 1024K(1024K)->1056K(1536K)
[117.306s][info][gc,heap        ] GC(601) ParOldGen: 10768K(1398272K)->10860K(1398272K)
[117.306s][info][gc,metaspace   ] GC(601) Metaspace: 14343K(15360K)->14343K(15360K) NonClass: 12374K(12992K)->12374K(12992K) Class: 1969K(2368K)->1969K(2368K)
[117.306s][info][gc             ] GC(601) Pause Young (Allocation Failure) 371M->11M(1719M) 2.315ms
[117.306s][info][gc,cpu         ] GC(601) User=0.00s Sys=0.00s Real=0.00s
[117.550s][info][gc,start       ] GC(602) Pause Young (Allocation Failure)
[117.552s][info][gc,heap        ] GC(602) PSYoungGen: 362016K(362496K)->1024K(354816K) Eden: 360960K(360960K)->0K(353792K) From: 1056K(1536K)->1024K(1024K)
[117.552s][info][gc,heap        ] GC(602) ParOldGen: 10860K(1398272K)->10972K(1398272K)
[117.552s][info][gc,metaspace   ] GC(602) Metaspace: 14343K(15360K)->14343K(15360K) NonClass: 12374K(12992K)->12374K(12992K) Class: 1969K(2368K)->1969K(2368K)
[117.552s][info][gc             ] GC(602) Pause Young (Allocation Failure) 364M->11M(1712M) 2.315ms
[117.552s][info][gc,cpu         ] GC(602) User=0.00s Sys=0.00s Real=0.00s
[117.785s][info][gc,start       ] GC(603) Pause Young (Allocation Failure)
[117.787s][info][gc,heap        ] GC(603) PSYoungGen: 354816K(354816K)->1024K(348160K) Eden: 353792K(353792K)->0K(347136K) From: 1024K(1024K)->1024K(1024K)
[117.787s][info][gc,heap        ] GC(603) ParOldGen: 10972K(1398272K)->11092K(1398272K)
[117.787s][info][gc,metaspace   ] GC(603) Metaspace: 14343K(15360K)->14343K(15360K) NonClass: 12374K(12992K)->12374K(12992K) Class: 1969K(2368K)->1969K(2368K)
[117.787s][info][gc             ] GC(603) Pause Young (Allocation Failure) 357M->11M(1705M) 2.376ms
[117.787s][info][gc,cpu         ] GC(603) User=0.00s Sys=0.00s Real=0.00s
[118.020s][info][gc,start       ] GC(604) Pause Young (Allocation Failure)
[118.023s][info][gc,heap        ] GC(604) PSYoungGen: 348160K(348160K)->992K(341504K) Eden: 347136K(347136K)->0K(340480K) From: 1024K(1024K)->992K(1024K)
[118.023s][info][gc,heap        ] GC(604) ParOldGen: 11092K(1398272K)->11196K(1398272K)
[118.023s][info][gc,metaspace   ] GC(604) Metaspace: 14343K(15360K)->14343K(15360K) NonClass: 12374K(12992K)->12374K(12992K) Class: 1969K(2368K)->1969K(2368K)
[118.023s][info][gc             ] GC(604) Pause Young (Allocation Failure) 350M->11M(1699M) 2.287ms
[118.023s][info][gc,cpu         ] GC(604) User=0.00s Sys=0.00s Real=0.00s
[118.251s][info][gc,start       ] GC(605) Pause Young (Allocation Failure)
[118.253s][info][gc,heap        ] GC(605) PSYoungGen: 341472K(341504K)->1056K(335360K) Eden: 340480K(340480K)->0K(333824K) From: 992K(1024K)->1056K(1536K)
[118.253s][info][gc,heap        ] GC(605) ParOldGen: 11196K(1398272K)->11284K(1398272K)
[118.253s][info][gc,metaspace   ] GC(605) Metaspace: 14343K(15360K)->14343K(15360K) NonClass: 12374K(12992K)->12374K(12992K) Class: 1969K(2368K)->1969K(2368K)
[118.253s][info][gc             ] GC(605) Pause Young (Allocation Failure) 344M->12M(1693M) 2.329ms
[118.253s][info][gc,cpu         ] GC(605) User=0.00s Sys=0.00s Real=0.00s
[118.473s][info][gc,start       ] GC(606) Pause Young (Allocation Failure)
[118.475s][info][gc,heap        ] GC(606) PSYoungGen: 334880K(335360K)->1024K(328704K) Eden: 333824K(333824K)->0K(327680K) From: 1056K(1536K)->1024K(1024K)
[118.475s][info][gc,heap        ] GC(606) ParOldGen: 11284K(1398272K)->11396K(1398272K)
[118.475s][info][gc,metaspace   ] GC(606) Metaspace: 14343K(15360K)->14343K(15360K) NonClass: 12374K(12992K)->12374K(12992K) Class: 1969K(2368K)->1969K(2368K)
[118.475s][info][gc             ] GC(606) Pause Young (Allocation Failure) 338M->12M(1686M) 2.304ms
[118.475s][info][gc,cpu         ] GC(606) User=0.00s Sys=0.00s Real=0.00s
[118.689s][info][gc,start       ] GC(607) Pause Young (Allocation Failure)
[118.691s][info][gc,heap        ] GC(607) PSYoungGen: 328704K(328704K)->1024K(322560K) Eden: 327680K(327680K)->0K(321536K) From: 1024K(1024K)->1024K(1024K)
[118.691s][info][gc,heap        ] GC(607) ParOldGen: 11396K(1398272K)->11484K(1398272K)
[118.691s][info][gc,metaspace   ] GC(607) Metaspace: 14343K(15360K)->14343K(15360K) NonClass: 12374K(12992K)->12374K(12992K) Class: 1969K(2368K)->1969K(2368K)
[118.691s][info][gc             ] GC(607) Pause Young (Allocation Failure) 332M->12M(1680M) 2.363ms
[118.691s][info][gc,cpu         ] GC(607) User=0.00s Sys=0.00s Real=0.00s
[118.897s][info][gc,start       ] GC(608) Pause Young (Allocation Failure)
[118.900s][info][gc,heap        ] GC(608) PSYoungGen: 322560K(322560K)->1024K(316928K) Eden: 321536K(321536K)->0K(315904K) From: 1024K(1024K)->1024K(1024K)
[118.900s][info][gc,heap        ] GC(608) ParOldGen: 11484K(1398272K)->11572K(1398272K)
[118.900s][info][gc,metaspace   ] GC(608) Metaspace: 14343K(15360K)->14343K(15360K) NonClass: 12374K(12992K)->12374K(12992K) Class: 1969K(2368K)->1969K(2368K)
[118.900s][info][gc             ] GC(608) Pause Young (Allocation Failure) 326M->12M(1675M) 2.379ms
[118.900s][info][gc,cpu         ] GC(608) User=0.00s Sys=0.00s Real=0.00s
[119.100s][info][gc,start       ] GC(609) Pause Young (Allocation Failure)
[119.102s][info][gc,heap        ] GC(609) PSYoungGen: 316928K(316928K)->1024K(380416K) Eden: 315904K(315904K)->0K(379392K) From: 1024K(1024K)->1024K(1024K)
[119.102s][info][gc,heap        ] GC(609) ParOldGen: 11572K(1398272K)->11652K(1398272K)
[119.102s][info][gc,metaspace   ] GC(609) Metaspace: 14343K(15360K)->14343K(15360K) NonClass: 12374K(12992K)->12374K(12992K) Class: 1969K(2368K)->1969K(2368K)
[119.102s][info][gc             ] GC(609) Pause Young (Allocation Failure) 320M->12M(1737M) 2.489ms
[119.102s][info][gc,cpu         ] GC(609) User=0.00s Sys=0.00s Real=0.00s
[119.291s][info][gc,start       ] GC(610) Pause Young (Allocation Failure)
[119.294s][info][gc,heap        ] GC(610) PSYoungGen: 380416K(380416K)->896K(456704K) Eden: 379392K(379392K)->0K(455680K) From: 1024K(1024K)->896K(1024K)
[119.294s][info][gc,heap        ] GC(610) ParOldGen: 11652K(1398272K)->11740K(1398272K)
[119.294s][info][gc,metaspace   ] GC(610) Metaspace: 14343K(15360K)->14343K(15360K) NonClass: 12374K(12992K)->12374K(12992K) Class: 1969K(2368K)->1969K(2368K)
[119.294s][info][gc             ] GC(610) Pause Young (Allocation Failure) 382M->12M(1811M) 2.539ms
[119.294s][info][gc,cpu         ] GC(610) User=0.00s Sys=0.00s Real=0.00s
[119.671s][info][gc,start       ] GC(611) Pause Young (System.gc())
[119.674s][info][gc,heap        ] GC(611) PSYoungGen: 456505K(456704K)->576K(456704K) Eden: 455609K(455680K)->0K(455680K) From: 896K(1024K)->576K(1024K)
[119.674s][info][gc,heap        ] GC(611) ParOldGen: 11740K(1398272K)->11812K(1398272K)
[119.674s][info][gc,metaspace   ] GC(611) Metaspace: 14343K(15360K)->14343K(15360K) NonClass: 12374K(12992K)->12374K(12992K) Class: 1969K(2368K)->1969K(2368K)
[119.674s][info][gc             ] GC(611) Pause Young (System.gc()) 457M->12M(1811M) 3.508ms
[119.674s][info][gc,cpu         ] GC(611) User=0.00s Sys=0.00s Real=0.00s
[119.674s][info][gc,start       ] GC(612) Pause Full (System.gc())
[119.674s][info][gc,phases,start] GC(612) Marking Phase
[119.690s][info][gc,phases      ] GC(612) Marking Phase 15.138ms
[119.690s][info][gc,phases,start] GC(612) Summary Phase
[119.690s][info][gc,phases      ] GC(612) Summary Phase 0.013ms
[119.690s][info][gc,phases,start] GC(612) Adjust Roots
[119.694s][info][gc,phases      ] GC(612) Adjust Roots 4.519ms
[119.694s][info][gc,phases,start] GC(612) Compaction Phase
[119.696s][info][gc,phases      ] GC(612) Compaction Phase 1.917ms
[119.696s][info][gc,phases,start] GC(612) Post Compact
[119.697s][info][gc,phases      ] GC(612) Post Compact 0.535ms
[119.697s][info][gc,heap        ] GC(612) PSYoungGen: 576K(456704K)->0K(456704K) Eden: 0K(455680K)->0K(455680K) From: 576K(1024K)->0K(1024K)
[119.697s][info][gc,heap        ] GC(612) ParOldGen: 11812K(1398272K)->7391K(1398272K)
[119.697s][info][gc,metaspace   ] GC(612) Metaspace: 14343K(15360K)->14343K(15360K) NonClass: 12374K(12992K)->12374K(12992K) Class: 1969K(2368K)->1969K(2368K)
[119.697s][info][gc             ] GC(612) Pause Full (System.gc()) 12M->7M(1811M) 22.404ms
[119.697s][info][gc,cpu         ] GC(612) User=0.52s Sys=0.00s Real=0.02s
[120.096s][info][gc,start       ] GC(613) Pause Young (Allocation Failure)
[120.099s][info][gc,heap        ] GC(613) PSYoungGen: 455680K(456704K)->1536K(446976K) Eden: 455680K(455680K)->0K(445440K) From: 0K(1024K)->1536K(1536K)
[120.099s][info][gc,heap        ] GC(613) ParOldGen: 7391K(1398272K)->7689K(1398272K)
[120.099s][info][gc,metaspace   ] GC(613) Metaspace: 14343K(15360K)->14343K(15360K) NonClass: 12374K(12992K)->12374K(12992K) Class: 1969K(2368K)->1969K(2368K)
[120.099s][info][gc             ] GC(613) Pause Young (Allocation Failure) 452M->9M(1802M) 2.901ms
[120.099s][info][gc,cpu         ] GC(613) User=0.00s Sys=0.00s Real=0.00s
[120.369s][info][gc,start       ] GC(614) Pause Young (Allocation Failure)
[120.371s][info][gc,heap        ] GC(614) PSYoungGen: 446976K(446976K)->1056K(437248K) Eden: 445440K(445440K)->0K(435712K) From: 1536K(1536K)->1056K(1536K)
[120.371s][info][gc,heap        ] GC(614) ParOldGen: 7689K(1398272K)->9120K(1398272K)
[120.371s][info][gc,metaspace   ] GC(614) Metaspace: 14343K(15360K)->14343K(15360K) NonClass: 12374K(12992K)->12374K(12992K) Class: 1969K(2368K)->1969K(2368K)
[120.371s][info][gc             ] GC(614) Pause Young (Allocation Failure) 444M->9M(1792M) 2.556ms
[120.371s][info][gc,cpu         ] GC(614) User=0.00s Sys=0.00s Real=0.00s
[120.667s][info][gc,start       ] GC(615) Pause Young (Allocation Failure)
[120.669s][info][gc,heap        ] GC(615) PSYoungGen: 436768K(437248K)->512K(426496K) Eden: 435712K(435712K)->0K(425984K) From: 1056K(1536K)->512K(512K)
[120.669s][info][gc,heap        ] GC(615) ParOldGen: 9120K(1398272K)->9304K(1398272K)
[120.669s][info][gc,metaspace   ] GC(615) Metaspace: 14343K(15360K)->14343K(15360K) NonClass: 12374K(12992K)->12374K(12992K) Class: 1969K(2368K)->1969K(2368K)
[120.669s][info][gc             ] GC(615) Pause Young (Allocation Failure) 435M->9M(1782M) 2.266ms
[120.669s][info][gc,cpu         ] GC(615) User=0.00s Sys=0.00s Real=0.00s
[120.939s][info][gc,start       ] GC(616) Pause Young (Allocation Failure)
[120.942s][info][gc,heap        ] GC(616) PSYoungGen: 426496K(426496K)->1056K(418304K) Eden: 425984K(425984K)->0K(416768K) From: 512K(512K)->1056K(1536K)
[120.942s][info][gc,heap        ] GC(616) ParOldGen: 9304K(1398272K)->9376K(1398272K)
[120.942s][info][gc,metaspace   ] GC(616) Metaspace: 14343K(15360K)->14343K(15360K) NonClass: 12374K(12992K)->12374K(12992K) Class: 1969K(2368K)->1969K(2368K)
[120.942s][info][gc             ] GC(616) Pause Young (Allocation Failure) 425M->10M(1774M) 2.339ms
[120.942s][info][gc,cpu         ] GC(616) User=0.00s Sys=0.00s Real=0.00s
[121.214s][info][gc,start       ] GC(617) Pause Young (Allocation Failure)
[121.216s][info][gc,heap        ] GC(617) PSYoungGen: 417824K(418304K)->1056K(409088K) Eden: 416768K(416768K)->0K(407552K) From: 1056K(1536K)->1056K(1536K)
[121.216s][info][gc,heap        ] GC(617) ParOldGen: 9376K(1398272K)->9464K(1398272K)
[121.216s][info][gc,metaspace   ] GC(617) Metaspace: 14343K(15360K)->14343K(15360K) NonClass: 12374K(12992K)->12374K(12992K) Class: 1969K(2368K)->1969K(2368K)
[121.216s][info][gc             ] GC(617) Pause Young (Allocation Failure) 417M->10M(1765M) 2.341ms
[121.216s][info][gc,cpu         ] GC(617) User=0.00s Sys=0.00s Real=0.00s
[121.482s][info][gc,start       ] GC(618) Pause Young (Allocation Failure)
[121.484s][info][gc,heap        ] GC(618) PSYoungGen: 408608K(409088K)->1024K(399872K) Eden: 407552K(407552K)->0K(398848K) From: 1056K(1536K)->1024K(1024K)
[121.484s][info][gc,heap        ] GC(618) ParOldGen: 9464K(1398272K)->9560K(1398272K)
[121.484s][info][gc,metaspace   ] GC(618) Metaspace: 14343K(15360K)->14343K(15360K) NonClass: 12374K(12992K)->12374K(12992K) Class: 1969K(2368K)->1969K(2368K)
[121.484s][info][gc             ] GC(618) Pause Young (Allocation Failure) 408M->10M(1756M) 2.426ms
[121.484s][info][gc,cpu         ] GC(618) User=0.00s Sys=0.00s Real=0.00s
[121.740s][info][gc,start       ] GC(619) Pause Young (Allocation Failure)
[121.742s][info][gc,heap        ] GC(619) PSYoungGen: 399872K(399872K)->1024K(391680K) Eden: 398848K(398848K)->0K(390656K) From: 1024K(1024K)->1024K(1024K)
[121.742s][info][gc,heap        ] GC(619) ParOldGen: 9560K(1398272K)->9664K(1398272K)
[121.742s][info][gc,metaspace   ] GC(619) Metaspace: 14343K(15360K)->14343K(15360K) NonClass: 12374K(12992K)->12374K(12992K) Class: 1969K(2368K)->1969K(2368K)
[121.742s][info][gc             ] GC(619) Pause Young (Allocation Failure) 399M->10M(1748M) 2.375ms
[121.742s][info][gc,cpu         ] GC(619) User=0.00s Sys=0.00s Real=0.00s
[121.993s][info][gc,start       ] GC(620) Pause Young (Allocation Failure)
[121.995s][info][gc,heap        ] GC(620) PSYoungGen: 391680K(391680K)->1024K(383488K) Eden: 390656K(390656K)->0K(382464K) From: 1024K(1024K)->1024K(1024K)
[121.995s][info][gc,heap        ] GC(620) ParOldGen: 9664K(1398272K)->9736K(1398272K)
[121.995s][info][gc,metaspace   ] GC(620) Metaspace: 14343K(15360K)->14343K(15360K) NonClass: 12374K(12992K)->12374K(12992K) Class: 1969K(2368K)->1969K(2368K)
[121.995s][info][gc             ] GC(620) Pause Young (Allocation Failure) 391M->10M(1740M) 2.434ms
[121.995s][info][gc,cpu         ] GC(620) User=0.00s Sys=0.00s Real=0.00s
[122.243s][info][gc,start       ] GC(621) Pause Young (Allocation Failure)
[122.246s][info][gc,heap        ] GC(621) PSYoungGen: 383488K(383488K)->1024K(375808K) Eden: 382464K(382464K)->0K(374784K) From: 1024K(1024K)->1024K(1024K)
[122.246s][info][gc,heap        ] GC(621) ParOldGen: 9736K(1398272K)->9808K(1398272K)
[122.246s][info][gc,metaspace   ] GC(621) Metaspace: 14343K(15360K)->14343K(15360K) NonClass: 12374K(12992K)->12374K(12992K) Class: 1969K(2368K)->1969K(2368K)
[122.246s][info][gc             ] GC(621) Pause Young (Allocation Failure) 384M->10M(1732M) 2.520ms
[122.246s][info][gc,cpu         ] GC(621) User=0.00s Sys=0.00s Real=0.00s
[122.488s][info][gc,start       ] GC(622) Pause Young (Allocation Failure)
[122.490s][info][gc,heap        ] GC(622) PSYoungGen: 375808K(375808K)->1056K(368640K) Eden: 374784K(374784K)->0K(367104K) From: 1024K(1024K)->1056K(1536K)
[122.490s][info][gc,heap        ] GC(622) ParOldGen: 9808K(1398272K)->9896K(1398272K)
[122.490s][info][gc,metaspace   ] GC(622) Metaspace: 14343K(15360K)->14343K(15360K) NonClass: 12374K(12992K)->12374K(12992K) Class: 1969K(2368K)->1969K(2368K)
[122.490s][info][gc             ] GC(622) Pause Young (Allocation Failure) 376M->10M(1725M) 2.546ms
[122.490s][info][gc,cpu         ] GC(622) User=0.00s Sys=0.00s Real=0.00s
[122.727s][info][gc,start       ] GC(623) Pause Young (Allocation Failure)
[122.730s][info][gc,heap        ] GC(623) PSYoungGen: 368160K(368640K)->1024K(360960K) Eden: 367104K(367104K)->0K(359936K) From: 1056K(1536K)->1024K(1024K)
[122.730s][info][gc,heap        ] GC(623) ParOldGen: 9896K(1398272K)->10008K(1398272K)
[122.730s][info][gc,metaspace   ] GC(623) Metaspace: 14343K(15360K)->14343K(15360K) NonClass: 12374K(12992K)->12374K(12992K) Class: 1969K(2368K)->1969K(2368K)
[122.730s][info][gc             ] GC(623) Pause Young (Allocation Failure) 369M->10M(1718M) 2.543ms
[122.730s][info][gc,cpu         ] GC(623) User=0.00s Sys=0.00s Real=0.00s
[122.961s][info][gc,start       ] GC(624) Pause Young (Allocation Failure)
[122.963s][info][gc,heap        ] GC(624) PSYoungGen: 360960K(360960K)->1024K(353792K) Eden: 359936K(359936K)->0K(352768K) From: 1024K(1024K)->1024K(1024K)
[122.963s][info][gc,heap        ] GC(624) ParOldGen: 10008K(1398272K)->10096K(1398272K)
[122.963s][info][gc,metaspace   ] GC(624) Metaspace: 14343K(15360K)->14343K(15360K) NonClass: 12374K(12992K)->12374K(12992K) Class: 1969K(2368K)->1969K(2368K)
[122.963s][info][gc             ] GC(624) Pause Young (Allocation Failure) 362M->10M(1711M) 2.611ms
[122.963s][info][gc,cpu         ] GC(624) User=0.00s Sys=0.00s Real=0.00s
[123.269s][info][gc,start       ] GC(625) Pause Young (Allocation Failure)
[123.272s][info][gc,heap        ] GC(625) PSYoungGen: 353792K(353792K)->1024K(347136K) Eden: 352768K(352768K)->0K(346112K) From: 1024K(1024K)->1024K(1024K)
[123.273s][info][gc,heap        ] GC(625) ParOldGen: 10096K(1398272K)->10168K(1398272K)
[123.273s][info][gc,metaspace   ] GC(625) Metaspace: 14343K(15360K)->14343K(15360K) NonClass: 12374K(12992K)->12374K(12992K) Class: 1969K(2368K)->1969K(2368K)
[123.273s][info][gc             ] GC(625) Pause Young (Allocation Failure) 355M->10M(1704M) 3.192ms
[123.273s][info][gc,cpu         ] GC(625) User=0.00s Sys=0.00s Real=0.00s
[123.510s][info][gc,start       ] GC(626) Pause Young (Allocation Failure)
[123.513s][info][gc,heap        ] GC(626) PSYoungGen: 347136K(347136K)->1056K(340992K) Eden: 346112K(346112K)->0K(339456K) From: 1024K(1024K)->1056K(1536K)
[123.513s][info][gc,heap        ] GC(626) ParOldGen: 10168K(1398272K)->10248K(1398272K)
[123.513s][info][gc,metaspace   ] GC(626) Metaspace: 14343K(15360K)->14343K(15360K) NonClass: 12374K(12992K)->12374K(12992K) Class: 1969K(2368K)->1969K(2368K)
[123.513s][info][gc             ] GC(626) Pause Young (Allocation Failure) 348M->11M(1698M) 2.454ms
[123.513s][info][gc,cpu         ] GC(626) User=0.00s Sys=0.00s Real=0.00s
[123.765s][info][gc,start       ] GC(627) Pause Young (Allocation Failure)
[123.767s][info][gc,heap        ] GC(627) PSYoungGen: 340512K(340992K)->1024K(333824K) Eden: 339456K(339456K)->0K(332800K) From: 1056K(1536K)->1024K(1024K)
[123.767s][info][gc,heap        ] GC(627) ParOldGen: 10248K(1398272K)->10344K(1398272K)
[123.767s][info][gc,metaspace   ] GC(627) Metaspace: 14343K(15360K)->14343K(15360K) NonClass: 12374K(12992K)->12374K(12992K) Class: 1969K(2368K)->1969K(2368K)
[123.767s][info][gc             ] GC(627) Pause Young (Allocation Failure) 342M->11M(1691M) 2.255ms
[123.767s][info][gc,cpu         ] GC(627) User=0.00s Sys=0.00s Real=0.00s
[123.988s][info][gc,start       ] GC(628) Pause Young (Allocation Failure)
[123.990s][info][gc,heap        ] GC(628) PSYoungGen: 333824K(333824K)->1024K(327680K) Eden: 332800K(332800K)->0K(326656K) From: 1024K(1024K)->1024K(1024K)
[123.990s][info][gc,heap        ] GC(628) ParOldGen: 10344K(1398272K)->10456K(1398272K)
[123.990s][info][gc,metaspace   ] GC(628) Metaspace: 14343K(15360K)->14343K(15360K) NonClass: 12374K(12992K)->12374K(12992K) Class: 1969K(2368K)->1969K(2368K)
[123.990s][info][gc             ] GC(628) Pause Young (Allocation Failure) 336M->11M(1685M) 2.248ms
[123.990s][info][gc,cpu         ] GC(628) User=0.00s Sys=0.00s Real=0.00s
[124.203s][info][gc,start       ] GC(629) Pause Young (Allocation Failure)
[124.206s][info][gc,heap        ] GC(629) PSYoungGen: 327680K(327680K)->1024K(321536K) Eden: 326656K(326656K)->0K(320512K) From: 1024K(1024K)->1024K(1024K)
[124.206s][info][gc,heap        ] GC(629) ParOldGen: 10456K(1398272K)->10568K(1398272K)
[124.206s][info][gc,metaspace   ] GC(629) Metaspace: 14343K(15360K)->14343K(15360K) NonClass: 12374K(12992K)->12374K(12992K) Class: 1969K(2368K)->1969K(2368K)
[124.206s][info][gc             ] GC(629) Pause Young (Allocation Failure) 330M->11M(1679M) 2.254ms
[124.206s][info][gc,cpu         ] GC(629) User=0.00s Sys=0.00s Real=0.00s
[124.414s][info][gc,start       ] GC(630) Pause Young (Allocation Failure)
[124.416s][info][gc,heap        ] GC(630) PSYoungGen: 321536K(321536K)->1056K(316416K) Eden: 320512K(320512K)->0K(314880K) From: 1024K(1024K)->1056K(1536K)
[124.416s][info][gc,heap        ] GC(630) ParOldGen: 10568K(1398272K)->10640K(1398272K)
[124.416s][info][gc,metaspace   ] GC(630) Metaspace: 14343K(15360K)->14343K(15360K) NonClass: 12374K(12992K)->12374K(12992K) Class: 1969K(2368K)->1969K(2368K)
[124.416s][info][gc             ] GC(630) Pause Young (Allocation Failure) 324M->11M(1674M) 2.289ms
[124.416s][info][gc,cpu         ] GC(630) User=0.00s Sys=0.00s Real=0.00s
[124.622s][info][gc,start       ] GC(631) Pause Young (Allocation Failure)
[124.624s][info][gc,heap        ] GC(631) PSYoungGen: 315936K(316416K)->1024K(310272K) Eden: 314880K(314880K)->0K(309248K) From: 1056K(1536K)->1024K(1024K)
[124.624s][info][gc,heap        ] GC(631) ParOldGen: 10640K(1398272K)->10760K(1398272K)
[124.624s][info][gc,metaspace   ] GC(631) Metaspace: 14343K(15360K)->14343K(15360K) NonClass: 12374K(12992K)->12374K(12992K) Class: 1969K(2368K)->1969K(2368K)
[124.624s][info][gc             ] GC(631) Pause Young (Allocation Failure) 318M->11M(1668M) 2.289ms
[124.624s][info][gc,cpu         ] GC(631) User=0.52s Sys=0.00s Real=0.00s
[124.824s][info][gc,start       ] GC(632) Pause Young (Allocation Failure)
[124.826s][info][gc,heap        ] GC(632) PSYoungGen: 310272K(310272K)->1056K(305152K) Eden: 309248K(309248K)->0K(303616K) From: 1024K(1024K)->1056K(1536K)
[124.826s][info][gc,heap        ] GC(632) ParOldGen: 10760K(1398272K)->10856K(1398272K)
[124.826s][info][gc,metaspace   ] GC(632) Metaspace: 14343K(15360K)->14343K(15360K) NonClass: 12374K(12992K)->12374K(12992K) Class: 1969K(2368K)->1969K(2368K)
[124.826s][info][gc             ] GC(632) Pause Young (Allocation Failure) 313M->11M(1663M) 2.322ms
[124.826s][info][gc,cpu         ] GC(632) User=0.00s Sys=0.00s Real=0.00s
[125.023s][info][gc,start       ] GC(633) Pause Young (Allocation Failure)
[125.026s][info][gc,heap        ] GC(633) PSYoungGen: 304672K(305152K)->1024K(365568K) Eden: 303616K(303616K)->0K(364544K) From: 1056K(1536K)->1024K(1024K)
[125.026s][info][gc,heap        ] GC(633) ParOldGen: 10856K(1398272K)->10944K(1398272K)
[125.026s][info][gc,metaspace   ] GC(633) Metaspace: 14343K(15360K)->14343K(15360K) NonClass: 12374K(12992K)->12374K(12992K) Class: 1969K(2368K)->1969K(2368K)
[125.026s][info][gc             ] GC(633) Pause Young (Allocation Failure) 308M->11M(1722M) 2.325ms
[125.026s][info][gc,cpu         ] GC(633) User=0.00s Sys=0.00s Real=0.00s
[125.263s][info][gc,start       ] GC(634) Pause Young (Allocation Failure)
[125.265s][info][gc,heap        ] GC(634) PSYoungGen: 365568K(365568K)->1024K(438784K) Eden: 364544K(364544K)->0K(437760K) From: 1024K(1024K)->1024K(1024K)
[125.265s][info][gc,heap        ] GC(634) ParOldGen: 10944K(1398272K)->11040K(1398272K)
[125.265s][info][gc,metaspace   ] GC(634) Metaspace: 14343K(15360K)->14343K(15360K) NonClass: 12374K(12992K)->12374K(12992K) Class: 1969K(2368K)->1969K(2368K)
[125.265s][info][gc             ] GC(634) Pause Young (Allocation Failure) 367M->11M(1794M) 2.472ms
[125.265s][info][gc,cpu         ] GC(634) User=0.52s Sys=0.00s Real=0.00s
[125.551s][info][gc,start       ] GC(635) Pause Young (Allocation Failure)
[125.554s][info][gc,heap        ] GC(635) PSYoungGen: 438784K(438784K)->1024K(429056K) Eden: 437760K(437760K)->0K(428032K) From: 1024K(1024K)->1024K(1024K)
[125.554s][info][gc,heap        ] GC(635) ParOldGen: 11040K(1398272K)->11152K(1398272K)
[125.554s][info][gc,metaspace   ] GC(635) Metaspace: 14343K(15360K)->14343K(15360K) NonClass: 12374K(12992K)->12374K(12992K) Class: 1969K(2368K)->1969K(2368K)
[125.554s][info][gc             ] GC(635) Pause Young (Allocation Failure) 439M->11M(1784M) 2.579ms
[125.554s][info][gc,cpu         ] GC(635) User=0.00s Sys=0.00s Real=0.00s
[125.835s][info][gc,start       ] GC(636) Pause Young (Allocation Failure)
[125.837s][info][gc,heap        ] GC(636) PSYoungGen: 429056K(429056K)->1056K(420352K) Eden: 428032K(428032K)->0K(418816K) From: 1024K(1024K)->1056K(1536K)
[125.837s][info][gc,heap        ] GC(636) ParOldGen: 11152K(1398272K)->11256K(1398272K)
[125.837s][info][gc,metaspace   ] GC(636) Metaspace: 14343K(15360K)->14343K(15360K) NonClass: 12374K(12992K)->12374K(12992K) Class: 1969K(2368K)->1969K(2368K)
[125.837s][info][gc             ] GC(636) Pause Young (Allocation Failure) 429M->12M(1776M) 2.611ms
[125.837s][info][gc,cpu         ] GC(636) User=0.00s Sys=0.00s Real=0.00s
[126.157s][info][gc,start       ] GC(637) Pause Young (Allocation Failure)
[126.160s][info][gc,heap        ] GC(637) PSYoungGen: 419872K(420352K)->1024K(410624K) Eden: 418816K(418816K)->0K(409600K) From: 1056K(1536K)->1024K(1024K)
[126.160s][info][gc,heap        ] GC(637) ParOldGen: 11256K(1398272K)->11344K(1398272K)
[126.160s][info][gc,metaspace   ] GC(637) Metaspace: 14343K(15360K)->14343K(15360K) NonClass: 12374K(12992K)->12374K(12992K) Class: 1969K(2368K)->1969K(2368K)
[126.160s][info][gc             ] GC(637) Pause Young (Allocation Failure) 421M->12M(1766M) 3.198ms
[126.160s][info][gc,cpu         ] GC(637) User=0.00s Sys=0.00s Real=0.00s
[126.449s][info][gc,start       ] GC(638) Pause Young (Allocation Failure)
[126.451s][info][gc,heap        ] GC(638) PSYoungGen: 410623K(410624K)->1024K(401920K) Eden: 409599K(409600K)->0K(400896K) From: 1024K(1024K)->1024K(1024K)
[126.451s][info][gc,heap        ] GC(638) ParOldGen: 11344K(1398272K)->11448K(1398272K)
[126.451s][info][gc,metaspace   ] GC(638) Metaspace: 14343K(15360K)->14343K(15360K) NonClass: 12374K(12992K)->12374K(12992K) Class: 1969K(2368K)->1969K(2368K)
[126.451s][info][gc             ] GC(638) Pause Young (Allocation Failure) 412M->12M(1758M) 2.447ms
[126.451s][info][gc,cpu         ] GC(638) User=0.00s Sys=0.00s Real=0.00s
[126.717s][info][gc,start       ] GC(639) Pause Young (Allocation Failure)
[126.719s][info][gc,heap        ] GC(639) PSYoungGen: 401920K(401920K)->1024K(393728K) Eden: 400896K(400896K)->0K(392704K) From: 1024K(1024K)->1024K(1024K)
[126.719s][info][gc,heap        ] GC(639) ParOldGen: 11448K(1398272K)->11536K(1398272K)
[126.719s][info][gc,metaspace   ] GC(639) Metaspace: 14343K(15360K)->14343K(15360K) NonClass: 12374K(12992K)->12374K(12992K) Class: 1969K(2368K)->1969K(2368K)
[126.719s][info][gc             ] GC(639) Pause Young (Allocation Failure) 403M->12M(1750M) 2.357ms
[126.719s][info][gc,cpu         ] GC(639) User=0.00s Sys=0.00s Real=0.00s
[126.994s][info][gc,start       ] GC(640) Pause Young (Allocation Failure)
[126.996s][info][gc,heap        ] GC(640) PSYoungGen: 393728K(393728K)->1056K(386048K) Eden: 392704K(392704K)->0K(384512K) From: 1024K(1024K)->1056K(1536K)
[126.996s][info][gc,heap        ] GC(640) ParOldGen: 11536K(1398272K)->11616K(1398272K)
[126.996s][info][gc,metaspace   ] GC(640) Metaspace: 14343K(15360K)->14343K(15360K) NonClass: 12374K(12992K)->12374K(12992K) Class: 1969K(2368K)->1969K(2368K)
[126.996s][info][gc             ] GC(640) Pause Young (Allocation Failure) 395M->12M(1742M) 2.317ms
[126.996s][info][gc,cpu         ] GC(640) User=0.00s Sys=0.00s Real=0.00s
[127.245s][info][gc,start       ] GC(641) Pause Young (Allocation Failure)
[127.247s][info][gc,heap        ] GC(641) PSYoungGen: 385568K(386048K)->992K(377856K) Eden: 384512K(384512K)->0K(376832K) From: 1056K(1536K)->992K(1024K)
[127.247s][info][gc,heap        ] GC(641) ParOldGen: 11616K(1398272K)->11720K(1398272K)
[127.247s][info][gc,metaspace   ] GC(641) Metaspace: 14343K(15360K)->14343K(15360K) NonClass: 12374K(12992K)->12374K(12992K) Class: 1969K(2368K)->1969K(2368K)
[127.247s][info][gc             ] GC(641) Pause Young (Allocation Failure) 387M->12M(1734M) 2.288ms
[127.247s][info][gc,cpu         ] GC(641) User=0.00s Sys=0.00s Real=0.00s
[127.493s][info][gc,start       ] GC(642) Pause Young (Allocation Failure)
[127.495s][info][gc,heap        ] GC(642) PSYoungGen: 377824K(377856K)->1024K(370176K) Eden: 376832K(376832K)->0K(369152K) From: 992K(1024K)->1024K(1024K)
[127.495s][info][gc,heap        ] GC(642) ParOldGen: 11720K(1398272K)->11824K(1398272K)
[127.495s][info][gc,metaspace   ] GC(642) Metaspace: 14343K(15360K)->14343K(15360K) NonClass: 12374K(12992K)->12374K(12992K) Class: 1969K(2368K)->1969K(2368K)
[127.495s][info][gc             ] GC(642) Pause Young (Allocation Failure) 380M->12M(1727M) 2.259ms
[127.495s][info][gc,cpu         ] GC(642) User=0.00s Sys=0.00s Real=0.00s
[127.734s][info][gc,start       ] GC(643) Pause Young (Allocation Failure)
[127.737s][info][gc,heap        ] GC(643) PSYoungGen: 370176K(370176K)->992K(363008K) Eden: 369152K(369152K)->0K(361984K) From: 1024K(1024K)->992K(1024K)
[127.737s][info][gc,heap        ] GC(643) ParOldGen: 11824K(1398272K)->11920K(1398272K)
[127.737s][info][gc,metaspace   ] GC(643) Metaspace: 14343K(15360K)->14343K(15360K) NonClass: 12374K(12992K)->12374K(12992K) Class: 1969K(2368K)->1969K(2368K)
[127.737s][info][gc             ] GC(643) Pause Young (Allocation Failure) 373M->12M(1720M) 2.362ms
[127.737s][info][gc,cpu         ] GC(643) User=0.00s Sys=0.00s Real=0.00s
[127.973s][info][gc,start       ] GC(644) Pause Young (Allocation Failure)
[127.976s][info][gc,heap        ] GC(644) PSYoungGen: 362976K(363008K)->1056K(356352K) Eden: 361984K(361984K)->0K(354816K) From: 992K(1024K)->1056K(1536K)
[127.976s][info][gc,heap        ] GC(644) ParOldGen: 11920K(1398272K)->12000K(1398272K)
[127.976s][info][gc,metaspace   ] GC(644) Metaspace: 14343K(15360K)->14343K(15360K) NonClass: 12374K(12992K)->12374K(12992K) Class: 1969K(2368K)->1969K(2368K)
[127.976s][info][gc             ] GC(644) Pause Young (Allocation Failure) 366M->12M(1713M) 2.429ms
[127.976s][info][gc,cpu         ] GC(644) User=0.00s Sys=0.00s Real=0.00s
[128.204s][info][gc,start       ] GC(645) Pause Young (Allocation Failure)
[128.206s][info][gc,heap        ] GC(645) PSYoungGen: 355872K(356352K)->1024K(349184K) Eden: 354816K(354816K)->0K(348160K) From: 1056K(1536K)->1024K(1024K)
[128.206s][info][gc,heap        ] GC(645) ParOldGen: 12000K(1398272K)->12120K(1398272K)
[128.206s][info][gc,metaspace   ] GC(645) Metaspace: 14343K(15360K)->14343K(15360K) NonClass: 12374K(12992K)->12374K(12992K) Class: 1969K(2368K)->1969K(2368K)
[128.206s][info][gc             ] GC(645) Pause Young (Allocation Failure) 359M->12M(1706M) 2.388ms
[128.206s][info][gc,cpu         ] GC(645) User=0.00s Sys=0.00s Real=0.00s
[128.432s][info][gc,start       ] GC(646) Pause Young (Allocation Failure)
[128.434s][info][gc,heap        ] GC(646) PSYoungGen: 349184K(349184K)->1024K(342528K) Eden: 348160K(348160K)->0K(341504K) From: 1024K(1024K)->1024K(1024K)
[128.434s][info][gc,heap        ] GC(646) ParOldGen: 12120K(1398272K)->12192K(1398272K)
[128.434s][info][gc,metaspace   ] GC(646) Metaspace: 14343K(15360K)->14343K(15360K) NonClass: 12374K(12992K)->12374K(12992K) Class: 1969K(2368K)->1969K(2368K)
[128.434s][info][gc             ] GC(646) Pause Young (Allocation Failure) 352M->12M(1700M) 2.442ms
[128.434s][info][gc,cpu         ] GC(646) User=0.00s Sys=0.00s Real=0.00s
[128.655s][info][gc,start       ] GC(647) Pause Young (Allocation Failure)
[128.658s][info][gc,heap        ] GC(647) PSYoungGen: 342528K(342528K)->1024K(335872K) Eden: 341504K(341504K)->0K(334848K) From: 1024K(1024K)->1024K(1024K)
[128.658s][info][gc,heap        ] GC(647) ParOldGen: 12192K(1398272K)->12296K(1398272K)
[128.658s][info][gc,metaspace   ] GC(647) Metaspace: 14343K(15360K)->14343K(15360K) NonClass: 12374K(12992K)->12374K(12992K) Class: 1969K(2368K)->1969K(2368K)
[128.658s][info][gc             ] GC(647) Pause Young (Allocation Failure) 346M->13M(1693M) 2.444ms
[128.658s][info][gc,cpu         ] GC(647) User=0.00s Sys=0.00s Real=0.00s
[128.996s][info][gc,start       ] GC(648) Pause Young (Allocation Failure)
[128.999s][info][gc,heap        ] GC(648) PSYoungGen: 335872K(335872K)->1024K(329728K) Eden: 334848K(334848K)->0K(328704K) From: 1024K(1024K)->1024K(1024K)
[128.999s][info][gc,heap        ] GC(648) ParOldGen: 12296K(1398272K)->12376K(1398272K)
[128.999s][info][gc,metaspace   ] GC(648) Metaspace: 14343K(15360K)->14343K(15360K) NonClass: 12374K(12992K)->12374K(12992K) Class: 1969K(2368K)->1969K(2368K)
[128.999s][info][gc             ] GC(648) Pause Young (Allocation Failure) 340M->13M(1687M) 3.101ms
[128.999s][info][gc,cpu         ] GC(648) User=0.52s Sys=0.00s Real=0.00s
[129.224s][info][gc,start       ] GC(649) Pause Young (Allocation Failure)
[129.226s][info][gc,heap        ] GC(649) PSYoungGen: 329728K(329728K)->1024K(323584K) Eden: 328704K(328704K)->0K(322560K) From: 1024K(1024K)->1024K(1024K)
[129.226s][info][gc,heap        ] GC(649) ParOldGen: 12376K(1398272K)->12504K(1398272K)
[129.226s][info][gc,metaspace   ] GC(649) Metaspace: 14343K(15360K)->14343K(15360K) NonClass: 12374K(12992K)->12374K(12992K) Class: 1969K(2368K)->1969K(2368K)
[129.226s][info][gc             ] GC(649) Pause Young (Allocation Failure) 334M->13M(1681M) 2.314ms
[129.226s][info][gc,cpu         ] GC(649) User=0.00s Sys=0.00s Real=0.00s
[129.439s][info][gc,start       ] GC(650) Pause Young (Allocation Failure)
[129.441s][info][gc,heap        ] GC(650) PSYoungGen: 323584K(323584K)->1056K(318464K) Eden: 322560K(322560K)->0K(316928K) From: 1024K(1024K)->1056K(1536K)
[129.441s][info][gc,heap        ] GC(650) ParOldGen: 12504K(1398272K)->12576K(1398272K)
[129.441s][info][gc,metaspace   ] GC(650) Metaspace: 14343K(15360K)->14343K(15360K) NonClass: 12374K(12992K)->12374K(12992K) Class: 1969K(2368K)->1969K(2368K)
[129.441s][info][gc             ] GC(650) Pause Young (Allocation Failure) 328M->13M(1676M) 2.234ms
[129.441s][info][gc,cpu         ] GC(650) User=0.00s Sys=0.00s Real=0.00s
[129.650s][info][gc,start       ] GC(651) Pause Young (Allocation Failure)
[129.652s][info][gc,heap        ] GC(651) PSYoungGen: 317984K(318464K)->992K(312320K) Eden: 316928K(316928K)->0K(311296K) From: 1056K(1536K)->992K(1024K)
[129.652s][info][gc,heap        ] GC(651) ParOldGen: 12576K(1398272K)->12680K(1398272K)
[129.652s][info][gc,metaspace   ] GC(651) Metaspace: 14343K(15360K)->14343K(15360K) NonClass: 12374K(12992K)->12374K(12992K) Class: 1969K(2368K)->1969K(2368K)
[129.652s][info][gc             ] GC(651) Pause Young (Allocation Failure) 322M->13M(1670M) 2.148ms
[129.652s][info][gc,cpu         ] GC(651) User=0.00s Sys=0.00s Real=0.00s
[129.870s][info][gc,start       ] GC(652) Pause Young (Allocation Failure)
[129.872s][info][gc,heap        ] GC(652) PSYoungGen: 312288K(312320K)->1024K(306688K) Eden: 311296K(311296K)->0K(305664K) From: 992K(1024K)->1024K(1024K)
[129.872s][info][gc,heap        ] GC(652) ParOldGen: 12680K(1398272K)->12772K(1398272K)
[129.872s][info][gc,metaspace   ] GC(652) Metaspace: 14343K(15360K)->14343K(15360K) NonClass: 12374K(12992K)->12374K(12992K) Class: 1969K(2368K)->1969K(2368K)
[129.872s][info][gc             ] GC(652) Pause Young (Allocation Failure) 317M->13M(1665M) 2.156ms
[129.872s][info][gc,cpu         ] GC(652) User=0.00s Sys=0.00s Real=0.00s
[130.073s][info][gc,start       ] GC(653) Pause Young (Allocation Failure)
[130.075s][info][gc,heap        ] GC(653) PSYoungGen: 306688K(306688K)->1024K(301568K) Eden: 305664K(305664K)->0K(300544K) From: 1024K(1024K)->1024K(1024K)
[130.075s][info][gc,heap        ] GC(653) ParOldGen: 12772K(1398272K)->12868K(1398272K)
[130.075s][info][gc,metaspace   ] GC(653) Metaspace: 14343K(15360K)->14343K(15360K) NonClass: 12374K(12992K)->12374K(12992K) Class: 1969K(2368K)->1969K(2368K)
[130.075s][info][gc             ] GC(653) Pause Young (Allocation Failure) 311M->13M(1660M) 2.185ms
[130.075s][info][gc,cpu         ] GC(653) User=0.00s Sys=0.00s Real=0.00s
[130.269s][info][gc,start       ] GC(654) Pause Young (Allocation Failure)
[130.271s][info][gc,heap        ] GC(654) PSYoungGen: 301568K(301568K)->1056K(296960K) Eden: 300544K(300544K)->0K(295424K) From: 1024K(1024K)->1056K(1536K)
[130.271s][info][gc,heap        ] GC(654) ParOldGen: 12868K(1398272K)->12932K(1398272K)
[130.271s][info][gc,metaspace   ] GC(654) Metaspace: 14343K(15360K)->14343K(15360K) NonClass: 12374K(12992K)->12374K(12992K) Class: 1969K(2368K)->1969K(2368K)
[130.271s][info][gc             ] GC(654) Pause Young (Allocation Failure) 307M->13M(1655M) 2.202ms
[130.271s][info][gc,cpu         ] GC(654) User=0.00s Sys=0.00s Real=0.00s
[130.461s][info][gc,start       ] GC(655) Pause Young (Allocation Failure)
[130.463s][info][gc,heap        ] GC(655) PSYoungGen: 296480K(296960K)->1024K(291328K) Eden: 295424K(295424K)->0K(290304K) From: 1056K(1536K)->1024K(1024K)
[130.463s][info][gc,heap        ] GC(655) ParOldGen: 12932K(1398272K)->13028K(1398272K)
[130.463s][info][gc,metaspace   ] GC(655) Metaspace: 14343K(15360K)->14343K(15360K) NonClass: 12374K(12992K)->12374K(12992K) Class: 1969K(2368K)->1969K(2368K)
[130.463s][info][gc             ] GC(655) Pause Young (Allocation Failure) 302M->13M(1650M) 2.157ms
[130.463s][info][gc,cpu         ] GC(655) User=0.00s Sys=0.00s Real=0.00s
[130.653s][info][gc,start       ] GC(656) Pause Young (Allocation Failure)
[130.656s][info][gc,heap        ] GC(656) PSYoungGen: 291328K(291328K)->1024K(349696K) Eden: 290304K(290304K)->0K(348672K) From: 1024K(1024K)->1024K(1024K)
[130.656s][info][gc,heap        ] GC(656) ParOldGen: 13028K(1398272K)->13108K(1398272K)
[130.656s][info][gc,metaspace   ] GC(656) Metaspace: 14343K(15360K)->14343K(15360K) NonClass: 12374K(12992K)->12374K(12992K) Class: 1969K(2368K)->1969K(2368K)
[130.656s][info][gc             ] GC(656) Pause Young (Allocation Failure) 297M->13M(1707M) 2.232ms
[130.656s][info][gc,cpu         ] GC(656) User=0.00s Sys=0.00s Real=0.00s
[130.881s][info][gc,start       ] GC(657) Pause Young (Allocation Failure)
[130.883s][info][gc,heap        ] GC(657) PSYoungGen: 349696K(349696K)->1024K(343040K) Eden: 348672K(348672K)->0K(342016K) From: 1024K(1024K)->1024K(1024K)
[130.883s][info][gc,heap        ] GC(657) ParOldGen: 13108K(1398272K)->13188K(1398272K)
[130.883s][info][gc,metaspace   ] GC(657) Metaspace: 14343K(15360K)->14343K(15360K) NonClass: 12374K(12992K)->12374K(12992K) Class: 1969K(2368K)->1969K(2368K)
[130.883s][info][gc             ] GC(657) Pause Young (Allocation Failure) 354M->13M(1700M) 2.327ms
[130.883s][info][gc,cpu         ] GC(657) User=0.00s Sys=0.00s Real=0.00s
[131.102s][info][gc,start       ] GC(658) Pause Young (Allocation Failure)
[131.104s][info][gc,heap        ] GC(658) PSYoungGen: 343040K(343040K)->1056K(336896K) Eden: 342016K(342016K)->0K(335360K) From: 1024K(1024K)->1056K(1536K)
[131.104s][info][gc,heap        ] GC(658) ParOldGen: 13188K(1398272K)->13276K(1398272K)
[131.104s][info][gc,metaspace   ] GC(658) Metaspace: 14343K(15360K)->14343K(15360K) NonClass: 12374K(12992K)->12374K(12992K) Class: 1969K(2368K)->1969K(2368K)
[131.104s][info][gc             ] GC(658) Pause Young (Allocation Failure) 347M->13M(1694M) 2.393ms
[131.104s][info][gc,cpu         ] GC(658) User=0.00s Sys=0.00s Real=0.00s
[131.319s][info][gc,start       ] GC(659) Pause Young (Allocation Failure)
[131.321s][info][gc,heap        ] GC(659) PSYoungGen: 336416K(336896K)->1024K(403456K) Eden: 335360K(335360K)->0K(402432K) From: 1056K(1536K)->1024K(1024K)
[131.321s][info][gc,heap        ] GC(659) ParOldGen: 13276K(1398272K)->13380K(1398272K)
[131.321s][info][gc,metaspace   ] GC(659) Metaspace: 14343K(15360K)->14343K(15360K) NonClass: 12374K(12992K)->12374K(12992K) Class: 1969K(2368K)->1969K(2368K)
[131.321s][info][gc             ] GC(659) Pause Young (Allocation Failure) 341M->14M(1759M) 2.390ms
[131.321s][info][gc,cpu         ] GC(659) User=0.00s Sys=0.00s Real=0.00s
[131.572s][info][gc,start       ] GC(660) Pause Young (Allocation Failure)
[131.574s][info][gc,heap        ] GC(660) PSYoungGen: 403456K(403456K)->1024K(394752K) Eden: 402432K(402432K)->0K(393728K) From: 1024K(1024K)->1024K(1024K)
[131.574s][info][gc,heap        ] GC(660) ParOldGen: 13380K(1398272K)->13444K(1398272K)
[131.574s][info][gc,metaspace   ] GC(660) Metaspace: 14343K(15360K)->14343K(15360K) NonClass: 12374K(12992K)->12374K(12992K) Class: 1969K(2368K)->1969K(2368K)
[131.574s][info][gc             ] GC(660) Pause Young (Allocation Failure) 407M->14M(1751M) 2.565ms
[131.574s][info][gc,cpu         ] GC(660) User=0.00s Sys=0.00s Real=0.00s
[131.816s][info][gc,start       ] GC(661) Pause Young (Allocation Failure)
[131.819s][info][gc,heap        ] GC(661) PSYoungGen: 394752K(394752K)->1024K(386560K) Eden: 393728K(393728K)->0K(385536K) From: 1024K(1024K)->1024K(1024K)
[131.819s][info][gc,heap        ] GC(661) ParOldGen: 13444K(1398272K)->13556K(1398272K)
[131.819s][info][gc,metaspace   ] GC(661) Metaspace: 14343K(15360K)->14343K(15360K) NonClass: 12374K(12992K)->12374K(12992K) Class: 1969K(2368K)->1969K(2368K)
[131.819s][info][gc             ] GC(661) Pause Young (Allocation Failure) 398M->14M(1743M) 2.543ms
[131.819s][info][gc,cpu         ] GC(661) User=0.00s Sys=0.00s Real=0.00s
[132.045s][info][gc,start       ] GC(662) Pause Young (Allocation Failure)
[132.047s][info][gc,heap        ] GC(662) PSYoungGen: 386560K(386560K)->1024K(463872K) Eden: 385536K(385536K)->0K(462848K) From: 1024K(1024K)->1024K(1024K)
[132.047s][info][gc,heap        ] GC(662) ParOldGen: 13556K(1398272K)->13652K(1398272K)
[132.047s][info][gc,metaspace   ] GC(662) Metaspace: 14343K(15360K)->14343K(15360K) NonClass: 12374K(12992K)->12374K(12992K) Class: 1969K(2368K)->1969K(2368K)
[132.047s][info][gc             ] GC(662) Pause Young (Allocation Failure) 390M->14M(1818M) 2.587ms
[132.047s][info][gc,cpu         ] GC(662) User=0.52s Sys=0.00s Real=0.00s
[132.278s][info][gc,start       ] GC(663) Pause Young (System.gc())
[132.281s][info][gc,heap        ] GC(663) PSYoungGen: 333652K(463872K)->416K(463360K) Eden: 332628K(462848K)->0K(462848K) From: 1024K(1024K)->416K(512K)
[132.281s][info][gc,heap        ] GC(663) ParOldGen: 13652K(1398272K)->13732K(1398272K)
[132.281s][info][gc,metaspace   ] GC(663) Metaspace: 14343K(15360K)->14343K(15360K) NonClass: 12374K(12992K)->12374K(12992K) Class: 1969K(2368K)->1969K(2368K)
[132.281s][info][gc             ] GC(663) Pause Young (System.gc()) 339M->13M(1818M) 3.675ms
[132.282s][info][gc,cpu         ] GC(663) User=0.00s Sys=0.00s Real=0.00s
[132.282s][info][gc,start       ] GC(664) Pause Full (System.gc())
[132.282s][info][gc,phases,start] GC(664) Marking Phase
[132.298s][info][gc,phases      ] GC(664) Marking Phase 16.745ms
[132.298s][info][gc,phases,start] GC(664) Summary Phase
[132.299s][info][gc,phases      ] GC(664) Summary Phase 0.018ms
[132.299s][info][gc,phases,start] GC(664) Adjust Roots
[132.304s][info][gc,phases      ] GC(664) Adjust Roots 4.976ms
[132.304s][info][gc,phases,start] GC(664) Compaction Phase
[132.305s][info][gc,phases      ] GC(664) Compaction Phase 1.654ms
[132.305s][info][gc,phases,start] GC(664) Post Compact
[132.306s][info][gc,phases      ] GC(664) Post Compact 0.508ms
[132.306s][info][gc,heap        ] GC(664) PSYoungGen: 416K(463360K)->0K(463360K) Eden: 0K(462848K)->0K(462848K) From: 416K(512K)->0K(512K)
[132.306s][info][gc,heap        ] GC(664) ParOldGen: 13732K(1398272K)->5386K(1398272K)
[132.306s][info][gc,metaspace   ] GC(664) Metaspace: 14343K(15360K)->14343K(15360K) NonClass: 12374K(12992K)->12374K(12992K) Class: 1969K(2368K)->1969K(2368K)
[132.306s][info][gc             ] GC(664) Pause Full (System.gc()) 13M->5M(1818M) 24.136ms
[132.306s][info][gc,cpu         ] GC(664) User=0.52s Sys=0.00s Real=0.02s
[132.710s][info][gc,start       ] GC(665) Pause Young (Allocation Failure)
[132.714s][info][gc,heap        ] GC(665) PSYoungGen: 462848K(463360K)->1536K(453632K) Eden: 462848K(462848K)->0K(452096K) From: 0K(512K)->1536K(1536K)
[132.714s][info][gc,heap        ] GC(665) ParOldGen: 5386K(1398272K)->5763K(1398272K)
[132.714s][info][gc,metaspace   ] GC(665) Metaspace: 14343K(15360K)->14343K(15360K) NonClass: 12374K(12992K)->12374K(12992K) Class: 1969K(2368K)->1969K(2368K)
[132.714s][info][gc             ] GC(665) Pause Young (Allocation Failure) 457M->7M(1808M) 3.581ms
[132.714s][info][gc,cpu         ] GC(665) User=0.00s Sys=0.00s Real=0.00s
[133.068s][info][gc,start       ] GC(666) Pause Young (Allocation Failure)
[133.071s][info][gc,heap        ] GC(666) PSYoungGen: 453632K(453632K)->1024K(442880K) Eden: 452096K(452096K)->0K(441856K) From: 1536K(1536K)->1024K(1024K)
[133.071s][info][gc,heap        ] GC(666) ParOldGen: 5763K(1398272K)->7097K(1398272K)
[133.071s][info][gc,metaspace   ] GC(666) Metaspace: 14343K(15360K)->14343K(15360K) NonClass: 12374K(12992K)->12374K(12992K) Class: 1969K(2368K)->1969K(2368K)
[133.071s][info][gc             ] GC(666) Pause Young (Allocation Failure) 448M->7M(1798M) 2.803ms
[133.071s][info][gc,cpu         ] GC(666) User=0.00s Sys=0.00s Real=0.00s
[133.414s][info][gc,start       ] GC(667) Pause Young (Allocation Failure)
[133.416s][info][gc,heap        ] GC(667) PSYoungGen: 442880K(442880K)->992K(433152K) Eden: 441856K(441856K)->0K(432128K) From: 1024K(1024K)->992K(1024K)
[133.416s][info][gc,heap        ] GC(667) ParOldGen: 7097K(1398272K)->7233K(1398272K)
[133.416s][info][gc,metaspace   ] GC(667) Metaspace: 14343K(15360K)->14343K(15360K) NonClass: 12374K(12992K)->12374K(12992K) Class: 1969K(2368K)->1969K(2368K)
[133.416s][info][gc             ] GC(667) Pause Young (Allocation Failure) 439M->8M(1788M) 2.453ms
[133.416s][info][gc,cpu         ] GC(667) User=0.00s Sys=0.00s Real=0.00s
[133.706s][info][gc,start       ] GC(668) Pause Young (Allocation Failure)
[133.708s][info][gc,heap        ] GC(668) PSYoungGen: 433120K(433152K)->992K(423424K) Eden: 432128K(432128K)->0K(422400K) From: 992K(1024K)->992K(1024K)
[133.709s][info][gc,heap        ] GC(668) ParOldGen: 7233K(1398272K)->7433K(1398272K)
[133.709s][info][gc,metaspace   ] GC(668) Metaspace: 14343K(15360K)->14343K(15360K) NonClass: 12374K(12992K)->12374K(12992K) Class: 1969K(2368K)->1969K(2368K)
[133.709s][info][gc             ] GC(668) Pause Young (Allocation Failure) 430M->8M(1779M) 2.457ms
[133.709s][info][gc,cpu         ] GC(668) User=0.00s Sys=0.00s Real=0.00s
[133.995s][info][gc,start       ] GC(669) Pause Young (Allocation Failure)
[133.997s][info][gc,heap        ] GC(669) PSYoungGen: 423392K(423424K)->1056K(414720K) Eden: 422400K(422400K)->0K(413184K) From: 992K(1024K)->1056K(1536K)
[133.997s][info][gc,heap        ] GC(669) ParOldGen: 7433K(1398272K)->7545K(1398272K)
[133.997s][info][gc,metaspace   ] GC(669) Metaspace: 14343K(15360K)->14343K(15360K) NonClass: 12374K(12992K)->12374K(12992K) Class: 1969K(2368K)->1969K(2368K)
[133.997s][info][gc             ] GC(669) Pause Young (Allocation Failure) 420M->8M(1770M) 2.512ms
[133.997s][info][gc,cpu         ] GC(669) User=0.00s Sys=0.00s Real=0.00s
[134.275s][info][gc,start       ] GC(670) Pause Young (Allocation Failure)
[134.277s][info][gc,heap        ] GC(670) PSYoungGen: 414240K(414720K)->992K(405504K) Eden: 413184K(413184K)->0K(404480K) From: 1056K(1536K)->992K(1024K)
[134.277s][info][gc,heap        ] GC(670) ParOldGen: 7545K(1398272K)->7673K(1398272K)
[134.277s][info][gc,metaspace   ] GC(670) Metaspace: 14343K(15360K)->14343K(15360K) NonClass: 12374K(12992K)->12374K(12992K) Class: 1969K(2368K)->1969K(2368K)
[134.277s][info][gc             ] GC(670) Pause Young (Allocation Failure) 411M->8M(1761M) 2.436ms
[134.277s][info][gc,cpu         ] GC(670) User=0.00s Sys=0.00s Real=0.00s
[134.548s][info][gc,start       ] GC(671) Pause Young (Allocation Failure)
[134.550s][info][gc,heap        ] GC(671) PSYoungGen: 405472K(405504K)->1024K(396800K) Eden: 404480K(404480K)->0K(395776K) From: 992K(1024K)->1024K(1024K)
[134.550s][info][gc,heap        ] GC(671) ParOldGen: 7673K(1398272K)->7793K(1398272K)
[134.550s][info][gc,metaspace   ] GC(671) Metaspace: 14343K(15360K)->14343K(15360K) NonClass: 12374K(12992K)->12374K(12992K) Class: 1969K(2368K)->1969K(2368K)
[134.550s][info][gc             ] GC(671) Pause Young (Allocation Failure) 403M->8M(1753M) 2.596ms
[134.550s][info][gc,cpu         ] GC(671) User=0.00s Sys=0.00s Real=0.00s
[134.816s][info][gc,start       ] GC(672) Pause Young (Allocation Failure)
[134.818s][info][gc,heap        ] GC(672) PSYoungGen: 396800K(396800K)->992K(388608K) Eden: 395776K(395776K)->0K(387584K) From: 1024K(1024K)->992K(1024K)
[134.818s][info][gc,heap        ] GC(672) ParOldGen: 7793K(1398272K)->7921K(1398272K)
[134.818s][info][gc,metaspace   ] GC(672) Metaspace: 14343K(15360K)->14343K(15360K) NonClass: 12374K(12992K)->12374K(12992K) Class: 1969K(2368K)->1969K(2368K)
[134.819s][info][gc             ] GC(672) Pause Young (Allocation Failure) 395M->8M(1745M) 2.522ms
[134.819s][info][gc,cpu         ] GC(672) User=0.00s Sys=0.00s Real=0.00s
[135.078s][info][gc,start       ] GC(673) Pause Young (Allocation Failure)
[135.080s][info][gc,heap        ] GC(673) PSYoungGen: 388576K(388608K)->1056K(380928K) Eden: 387584K(387584K)->0K(379392K) From: 992K(1024K)->1056K(1536K)
[135.080s][info][gc,heap        ] GC(673) ParOldGen: 7921K(1398272K)->8009K(1398272K)
[135.080s][info][gc,metaspace   ] GC(673) Metaspace: 14343K(15360K)->14343K(15360K) NonClass: 12374K(12992K)->12374K(12992K) Class: 1969K(2368K)->1969K(2368K)
[135.080s][info][gc             ] GC(673) Pause Young (Allocation Failure) 387M->8M(1737M) 2.522ms
[135.080s][info][gc,cpu         ] GC(673) User=0.00s Sys=0.00s Real=0.00s
[135.336s][info][gc,start       ] GC(674) Pause Young (Allocation Failure)
[135.338s][info][gc,heap        ] GC(674) PSYoungGen: 380448K(380928K)->1024K(372736K) Eden: 379392K(379392K)->0K(371712K) From: 1056K(1536K)->1024K(1024K)
[135.338s][info][gc,heap        ] GC(674) ParOldGen: 8009K(1398272K)->8121K(1398272K)
[135.338s][info][gc,metaspace   ] GC(674) Metaspace: 14343K(15360K)->14343K(15360K) NonClass: 12374K(12992K)->12374K(12992K) Class: 1969K(2368K)->1969K(2368K)
[135.338s][info][gc             ] GC(674) Pause Young (Allocation Failure) 379M->8M(1729M) 2.584ms
[135.338s][info][gc,cpu         ] GC(674) User=0.00s Sys=0.00s Real=0.00s
[135.591s][info][gc,start       ] GC(675) Pause Young (Allocation Failure)
[135.593s][info][gc,heap        ] GC(675) PSYoungGen: 372736K(372736K)->1024K(365056K) Eden: 371712K(371712K)->0K(364032K) From: 1024K(1024K)->1024K(1024K)
[135.593s][info][gc,heap        ] GC(675) ParOldGen: 8121K(1398272K)->8217K(1398272K)
[135.593s][info][gc,metaspace   ] GC(675) Metaspace: 14343K(15360K)->14343K(15360K) NonClass: 12374K(12992K)->12374K(12992K) Class: 1969K(2368K)->1969K(2368K)
[135.593s][info][gc             ] GC(675) Pause Young (Allocation Failure) 371M->9M(1722M) 2.698ms
[135.593s][info][gc,cpu         ] GC(675) User=0.52s Sys=0.00s Real=0.00s
[135.841s][info][gc,start       ] GC(676) Pause Young (Allocation Failure)
[135.843s][info][gc,heap        ] GC(676) PSYoungGen: 365056K(365056K)->1056K(358400K) Eden: 364032K(364032K)->0K(356864K) From: 1024K(1024K)->1056K(1536K)
[135.843s][info][gc,heap        ] GC(676) ParOldGen: 8217K(1398272K)->8321K(1398272K)
[135.843s][info][gc,metaspace   ] GC(676) Metaspace: 14343K(15360K)->14343K(15360K) NonClass: 12374K(12992K)->12374K(12992K) Class: 1969K(2368K)->1969K(2368K)
[135.843s][info][gc             ] GC(676) Pause Young (Allocation Failure) 364M->9M(1715M) 2.565ms
[135.843s][info][gc,cpu         ] GC(676) User=0.52s Sys=0.00s Real=0.00s
[136.113s][info][gc,start       ] GC(677) Pause Young (Allocation Failure)
[136.115s][info][gc,heap        ] GC(677) PSYoungGen: 357920K(358400K)->1088K(351232K) Eden: 356864K(356864K)->0K(349696K) From: 1056K(1536K)->1088K(1536K)
[136.115s][info][gc,heap        ] GC(677) ParOldGen: 8321K(1398272K)->8425K(1398272K)
[136.115s][info][gc,metaspace   ] GC(677) Metaspace: 14343K(15360K)->14343K(15360K) NonClass: 12374K(12992K)->12374K(12992K) Class: 1969K(2368K)->1969K(2368K)
[136.115s][info][gc             ] GC(677) Pause Young (Allocation Failure) 357M->9M(1708M) 2.461ms
[136.115s][info][gc,cpu         ] GC(677) User=0.00s Sys=0.00s Real=0.00s
[136.357s][info][gc,start       ] GC(678) Pause Young (Allocation Failure)
[136.360s][info][gc,heap        ] GC(678) PSYoungGen: 350784K(351232K)->512K(343552K) Eden: 349696K(349696K)->0K(343040K) From: 1088K(1536K)->512K(512K)
[136.360s][info][gc,heap        ] GC(678) ParOldGen: 8425K(1398272K)->8641K(1398272K)
[136.360s][info][gc,metaspace   ] GC(678) Metaspace: 14343K(15360K)->14343K(15360K) NonClass: 12374K(12992K)->12374K(12992K) Class: 1969K(2368K)->1969K(2368K)
[136.360s][info][gc             ] GC(678) Pause Young (Allocation Failure) 350M->8M(1701M) 2.420ms
[136.360s][info][gc,cpu         ] GC(678) User=0.52s Sys=0.00s Real=0.00s
[136.589s][info][gc,start       ] GC(679) Pause Young (Allocation Failure)
[136.591s][info][gc,heap        ] GC(679) PSYoungGen: 343552K(343552K)->1056K(337920K) Eden: 343040K(343040K)->0K(336384K) From: 512K(512K)->1056K(1536K)
[136.591s][info][gc,heap        ] GC(679) ParOldGen: 8641K(1398272K)->8681K(1398272K)
[136.591s][info][gc,metaspace   ] GC(679) Metaspace: 14343K(15360K)->14343K(15360K) NonClass: 12374K(12992K)->12374K(12992K) Class: 1969K(2368K)->1969K(2368K)
[136.591s][info][gc             ] GC(679) Pause Young (Allocation Failure) 343M->9M(1695M) 2.276ms
[136.591s][info][gc,cpu         ] GC(679) User=0.00s Sys=0.00s Real=0.00s
[136.835s][info][gc,start       ] GC(680) Pause Young (Allocation Failure)
[136.838s][info][gc,heap        ] GC(680) PSYoungGen: 337440K(337920K)->1024K(331264K) Eden: 336384K(336384K)->0K(330240K) From: 1056K(1536K)->1024K(1024K)
[136.838s][info][gc,heap        ] GC(680) ParOldGen: 8681K(1398272K)->8769K(1398272K)
[136.838s][info][gc,metaspace   ] GC(680) Metaspace: 14343K(15360K)->14343K(15360K) NonClass: 12374K(12992K)->12374K(12992K) Class: 1969K(2368K)->1969K(2368K)
[136.838s][info][gc             ] GC(680) Pause Young (Allocation Failure) 338M->9M(1689M) 2.309ms
[136.838s][info][gc,cpu         ] GC(680) User=0.00s Sys=0.00s Real=0.00s
[137.061s][info][gc,start       ] GC(681) Pause Young (Allocation Failure)
[137.063s][info][gc,heap        ] GC(681) PSYoungGen: 331264K(331264K)->1056K(325632K) Eden: 330240K(330240K)->0K(324096K) From: 1024K(1024K)->1056K(1536K)
[137.063s][info][gc,heap        ] GC(681) ParOldGen: 8769K(1398272K)->8841K(1398272K)
[137.063s][info][gc,metaspace   ] GC(681) Metaspace: 14343K(15360K)->14343K(15360K) NonClass: 12374K(12992K)->12374K(12992K) Class: 1969K(2368K)->1969K(2368K)
[137.063s][info][gc             ] GC(681) Pause Young (Allocation Failure) 332M->9M(1683M) 2.389ms
[137.063s][info][gc,cpu         ] GC(681) User=0.00s Sys=0.00s Real=0.00s
[137.279s][info][gc,start       ] GC(682) Pause Young (Allocation Failure)
[137.281s][info][gc,heap        ] GC(682) PSYoungGen: 325152K(325632K)->992K(318976K) Eden: 324096K(324096K)->0K(317952K) From: 1056K(1536K)->992K(1024K)
[137.281s][info][gc,heap        ] GC(682) ParOldGen: 8841K(1398272K)->8945K(1398272K)
[137.281s][info][gc,metaspace   ] GC(682) Metaspace: 14343K(15360K)->14343K(15360K) NonClass: 12374K(12992K)->12374K(12992K) Class: 1969K(2368K)->1969K(2368K)
[137.281s][info][gc             ] GC(682) Pause Young (Allocation Failure) 326M->9M(1677M) 2.364ms
[137.281s][info][gc,cpu         ] GC(682) User=0.52s Sys=0.00s Real=0.00s
[137.494s][info][gc,start       ] GC(683) Pause Young (Allocation Failure)
[137.496s][info][gc,heap        ] GC(683) PSYoungGen: 318944K(318976K)->1056K(313856K) Eden: 317952K(317952K)->0K(312320K) From: 992K(1024K)->1056K(1536K)
[137.496s][info][gc,heap        ] GC(683) ParOldGen: 8945K(1398272K)->9057K(1398272K)
[137.496s][info][gc,metaspace   ] GC(683) Metaspace: 14343K(15360K)->14343K(15360K) NonClass: 12374K(12992K)->12374K(12992K) Class: 1969K(2368K)->1969K(2368K)
[137.496s][info][gc             ] GC(683) Pause Young (Allocation Failure) 320M->9M(1672M) 2.412ms
[137.496s][info][gc,cpu         ] GC(683) User=0.00s Sys=0.00s Real=0.00s
[137.708s][info][gc,start       ] GC(684) Pause Young (Allocation Failure)
[137.711s][info][gc,heap        ] GC(684) PSYoungGen: 313376K(313856K)->1024K(307712K) Eden: 312320K(312320K)->0K(306688K) From: 1056K(1536K)->1024K(1024K)
[137.711s][info][gc,heap        ] GC(684) ParOldGen: 9057K(1398272K)->9145K(1398272K)
[137.711s][info][gc,metaspace   ] GC(684) Metaspace: 14343K(15360K)->14343K(15360K) NonClass: 12374K(12992K)->12374K(12992K) Class: 1969K(2368K)->1969K(2368K)
[137.711s][info][gc             ] GC(684) Pause Young (Allocation Failure) 314M->9M(1666M) 2.336ms
[137.711s][info][gc,cpu         ] GC(684) User=0.00s Sys=0.00s Real=0.00s
[137.920s][info][gc,start       ] GC(685) Pause Young (Allocation Failure)
[137.923s][info][gc,heap        ] GC(685) PSYoungGen: 307712K(307712K)->1024K(369152K) Eden: 306688K(306688K)->0K(368128K) From: 1024K(1024K)->1024K(1024K)
[137.923s][info][gc,heap        ] GC(685) ParOldGen: 9145K(1398272K)->9225K(1398272K)
[137.923s][info][gc,metaspace   ] GC(685) Metaspace: 14343K(15360K)->14343K(15360K) NonClass: 12374K(12992K)->12374K(12992K) Class: 1969K(2368K)->1969K(2368K)
[137.923s][info][gc             ] GC(685) Pause Young (Allocation Failure) 309M->10M(1726M) 2.427ms
[137.923s][info][gc,cpu         ] GC(685) User=0.00s Sys=0.00s Real=0.00s
[138.172s][info][gc,start       ] GC(686) Pause Young (Allocation Failure)
[138.174s][info][gc,heap        ] GC(686) PSYoungGen: 369152K(369152K)->1024K(361984K) Eden: 368128K(368128K)->0K(360960K) From: 1024K(1024K)->1024K(1024K)
[138.174s][info][gc,heap        ] GC(686) ParOldGen: 9225K(1398272K)->9297K(1398272K)
[138.174s][info][gc,metaspace   ] GC(686) Metaspace: 14343K(15360K)->14343K(15360K) NonClass: 12374K(12992K)->12374K(12992K) Class: 1969K(2368K)->1969K(2368K)
[138.174s][info][gc             ] GC(686) Pause Young (Allocation Failure) 369M->10M(1719M) 2.521ms
[138.174s][info][gc,cpu         ] GC(686) User=0.00s Sys=0.00s Real=0.00s
[138.421s][info][gc,start       ] GC(687) Pause Young (Allocation Failure)
[138.423s][info][gc,heap        ] GC(687) PSYoungGen: 361984K(361984K)->1024K(354816K) Eden: 360960K(360960K)->0K(353792K) From: 1024K(1024K)->1024K(1024K)
[138.423s][info][gc,heap        ] GC(687) ParOldGen: 9297K(1398272K)->9401K(1398272K)
[138.423s][info][gc,metaspace   ] GC(687) Metaspace: 14343K(15360K)->14343K(15360K) NonClass: 12374K(12992K)->12374K(12992K) Class: 1969K(2368K)->1969K(2368K)
[138.423s][info][gc             ] GC(687) Pause Young (Allocation Failure) 362M->10M(1712M) 2.578ms
[138.424s][info][gc,cpu         ] GC(687) User=0.00s Sys=0.00s Real=0.00s
[138.671s][info][gc,start       ] GC(688) Pause Young (Allocation Failure)
[138.673s][info][gc,heap        ] GC(688) PSYoungGen: 354816K(354816K)->1024K(348160K) Eden: 353792K(353792K)->0K(347136K) From: 1024K(1024K)->1024K(1024K)
[138.673s][info][gc,heap        ] GC(688) ParOldGen: 9401K(1398272K)->9521K(1398272K)
[138.673s][info][gc,metaspace   ] GC(688) Metaspace: 14343K(15360K)->14343K(15360K) NonClass: 12374K(12992K)->12374K(12992K) Class: 1969K(2368K)->1969K(2368K)
[138.673s][info][gc             ] GC(688) Pause Young (Allocation Failure) 355M->10M(1705M) 2.581ms
[138.673s][info][gc,cpu         ] GC(688) User=0.00s Sys=0.00s Real=0.00s
[138.916s][info][gc,start       ] GC(689) Pause Young (Allocation Failure)
[138.919s][info][gc,heap        ] GC(689) PSYoungGen: 348160K(348160K)->1056K(342016K) Eden: 347136K(347136K)->0K(340480K) From: 1024K(1024K)->1056K(1536K)
[138.919s][info][gc,heap        ] GC(689) ParOldGen: 9521K(1398272K)->9601K(1398272K)
[138.919s][info][gc,metaspace   ] GC(689) Metaspace: 14343K(15360K)->14343K(15360K) NonClass: 12374K(12992K)->12374K(12992K) Class: 1969K(2368K)->1969K(2368K)
[138.919s][info][gc             ] GC(689) Pause Young (Allocation Failure) 349M->10M(1699M) 2.389ms
[138.919s][info][gc,cpu         ] GC(689) User=0.00s Sys=0.00s Real=0.00s
[139.159s][info][gc,start       ] GC(690) Pause Young (Allocation Failure)
[139.161s][info][gc,heap        ] GC(690) PSYoungGen: 341536K(342016K)->1024K(334848K) Eden: 340480K(340480K)->0K(333824K) From: 1056K(1536K)->1024K(1024K)
[139.161s][info][gc,heap        ] GC(690) ParOldGen: 9601K(1398272K)->9689K(1398272K)
[139.161s][info][gc,metaspace   ] GC(690) Metaspace: 14343K(15360K)->14343K(15360K) NonClass: 12374K(12992K)->12374K(12992K) Class: 1969K(2368K)->1969K(2368K)
[139.161s][info][gc             ] GC(690) Pause Young (Allocation Failure) 342M->10M(1692M) 2.206ms
[139.161s][info][gc,cpu         ] GC(690) User=0.00s Sys=0.00s Real=0.00s
[139.405s][info][gc,start       ] GC(691) Pause Young (Allocation Failure)
[139.407s][info][gc,heap        ] GC(691) PSYoungGen: 334848K(334848K)->1024K(328704K) Eden: 333824K(333824K)->0K(327680K) From: 1024K(1024K)->1024K(1024K)
[139.407s][info][gc,heap        ] GC(691) ParOldGen: 9689K(1398272K)->9777K(1398272K)
[139.407s][info][gc,metaspace   ] GC(691) Metaspace: 14343K(15360K)->14343K(15360K) NonClass: 12374K(12992K)->12374K(12992K) Class: 1969K(2368K)->1969K(2368K)
[139.407s][info][gc             ] GC(691) Pause Young (Allocation Failure) 336M->10M(1686M) 2.187ms
[139.407s][info][gc,cpu         ] GC(691) User=0.00s Sys=0.00s Real=0.00s
[139.627s][info][gc,start       ] GC(692) Pause Young (Allocation Failure)
[139.629s][info][gc,heap        ] GC(692) PSYoungGen: 328704K(328704K)->1024K(322560K) Eden: 327680K(327680K)->0K(321536K) From: 1024K(1024K)->1024K(1024K)
[139.629s][info][gc,heap        ] GC(692) ParOldGen: 9777K(1398272K)->9857K(1398272K)
[139.629s][info][gc,metaspace   ] GC(692) Metaspace: 14343K(15360K)->14343K(15360K) NonClass: 12374K(12992K)->12374K(12992K) Class: 1969K(2368K)->1969K(2368K)
[139.629s][info][gc             ] GC(692) Pause Young (Allocation Failure) 330M->10M(1680M) 2.239ms
[139.629s][info][gc,cpu         ] GC(692) User=0.00s Sys=0.00s Real=0.00s
[139.845s][info][gc,start       ] GC(693) Pause Young (Allocation Failure)
[139.847s][info][gc,heap        ] GC(693) PSYoungGen: 322560K(322560K)->1056K(317440K) Eden: 321536K(321536K)->0K(315904K) From: 1024K(1024K)->1056K(1536K)
[139.847s][info][gc,heap        ] GC(693) ParOldGen: 9857K(1398272K)->9937K(1398272K)
[139.847s][info][gc,metaspace   ] GC(693) Metaspace: 14343K(15360K)->14343K(15360K) NonClass: 12374K(12992K)->12374K(12992K) Class: 1969K(2368K)->1969K(2368K)
[139.847s][info][gc             ] GC(693) Pause Young (Allocation Failure) 324M->10M(1675M) 2.228ms
[139.847s][info][gc,cpu         ] GC(693) User=0.00s Sys=0.00s Real=0.00s
[140.062s][info][gc,start       ] GC(694) Pause Young (Allocation Failure)
[140.064s][info][gc,heap        ] GC(694) PSYoungGen: 316960K(317440K)->992K(311296K) Eden: 315904K(315904K)->0K(310272K) From: 1056K(1536K)->992K(1024K)
[140.064s][info][gc,heap        ] GC(694) ParOldGen: 9937K(1398272K)->10049K(1398272K)
[140.064s][info][gc,metaspace   ] GC(694) Metaspace: 14343K(15360K)->14343K(15360K) NonClass: 12374K(12992K)->12374K(12992K) Class: 1969K(2368K)->1969K(2368K)
[140.064s][info][gc             ] GC(694) Pause Young (Allocation Failure) 319M->10M(1669M) 2.234ms
[140.064s][info][gc,cpu         ] GC(694) User=0.00s Sys=0.00s Real=0.00s
[140.275s][info][gc,start       ] GC(695) Pause Young (Allocation Failure)
[140.277s][info][gc,heap        ] GC(695) PSYoungGen: 311264K(311296K)->1024K(305664K) Eden: 310272K(310272K)->0K(304640K) From: 992K(1024K)->1024K(1024K)
[140.277s][info][gc,heap        ] GC(695) ParOldGen: 10049K(1398272K)->10121K(1398272K)
[140.277s][info][gc,metaspace   ] GC(695) Metaspace: 14343K(15360K)->14343K(15360K) NonClass: 12374K(12992K)->12374K(12992K) Class: 1969K(2368K)->1969K(2368K)
[140.277s][info][gc             ] GC(695) Pause Young (Allocation Failure) 313M->10M(1664M) 2.300ms
[140.277s][info][gc,cpu         ] GC(695) User=0.00s Sys=0.00s Real=0.00s
[140.482s][info][gc,start       ] GC(696) Pause Young (Allocation Failure)
[140.485s][info][gc,heap        ] GC(696) PSYoungGen: 305664K(305664K)->1024K(300544K) Eden: 304640K(304640K)->0K(299520K) From: 1024K(1024K)->1024K(1024K)
[140.485s][info][gc,heap        ] GC(696) ParOldGen: 10121K(1398272K)->10201K(1398272K)
[140.485s][info][gc,metaspace   ] GC(696) Metaspace: 14343K(15360K)->14343K(15360K) NonClass: 12374K(12992K)->12374K(12992K) Class: 1969K(2368K)->1969K(2368K)
[140.485s][info][gc             ] GC(696) Pause Young (Allocation Failure) 308M->10M(1659M) 2.341ms
[140.485s][info][gc,cpu         ] GC(696) User=0.52s Sys=0.00s Real=0.00s
[140.686s][info][gc,start       ] GC(697) Pause Young (Allocation Failure)
[140.688s][info][gc,heap        ] GC(697) PSYoungGen: 300544K(300544K)->1056K(295936K) Eden: 299520K(299520K)->0K(294400K) From: 1024K(1024K)->1056K(1536K)
[140.688s][info][gc,heap        ] GC(697) ParOldGen: 10201K(1398272K)->10281K(1398272K)
[140.688s][info][gc,metaspace   ] GC(697) Metaspace: 14343K(15360K)->14343K(15360K) NonClass: 12374K(12992K)->12374K(12992K) Class: 1969K(2368K)->1969K(2368K)
[140.688s][info][gc             ] GC(697) Pause Young (Allocation Failure) 303M->11M(1654M) 2.333ms
[140.688s][info][gc,cpu         ] GC(697) User=0.00s Sys=0.00s Real=0.00s
[140.885s][info][gc,start       ] GC(698) Pause Young (Allocation Failure)
[140.887s][info][gc,heap        ] GC(698) PSYoungGen: 295456K(295936K)->1024K(354304K) Eden: 294400K(294400K)->0K(353280K) From: 1056K(1536K)->1024K(1024K)
[140.887s][info][gc,heap        ] GC(698) ParOldGen: 10281K(1398272K)->10377K(1398272K)
[140.887s][info][gc,metaspace   ] GC(698) Metaspace: 14343K(15360K)->14343K(15360K) NonClass: 12374K(12992K)->12374K(12992K) Class: 1969K(2368K)->1969K(2368K)
[140.887s][info][gc             ] GC(698) Pause Young (Allocation Failure) 298M->11M(1711M) 2.324ms
[140.887s][info][gc,cpu         ] GC(698) User=0.00s Sys=0.00s Real=0.00s
[141.125s][info][gc,start       ] GC(699) Pause Young (Allocation Failure)
[141.127s][info][gc,heap        ] GC(699) PSYoungGen: 354304K(354304K)->992K(424960K) Eden: 353280K(353280K)->0K(423936K) From: 1024K(1024K)->992K(1024K)
[141.127s][info][gc,heap        ] GC(699) ParOldGen: 10377K(1398272K)->10449K(1398272K)
[141.127s][info][gc,metaspace   ] GC(699) Metaspace: 14343K(15360K)->14343K(15360K) NonClass: 12374K(12992K)->12374K(12992K) Class: 1969K(2368K)->1969K(2368K)
[141.127s][info][gc             ] GC(699) Pause Young (Allocation Failure) 356M->11M(1780M) 2.491ms
[141.127s][info][gc,cpu         ] GC(699) User=0.00s Sys=0.00s Real=0.00s
[141.412s][info][gc,start       ] GC(700) Pause Young (Allocation Failure)
[141.415s][info][gc,heap        ] GC(700) PSYoungGen: 424928K(424960K)->1024K(415744K) Eden: 423936K(423936K)->0K(414720K) From: 992K(1024K)->1024K(1024K)
[141.415s][info][gc,heap        ] GC(700) ParOldGen: 10449K(1398272K)->10569K(1398272K)
[141.415s][info][gc,metaspace   ] GC(700) Metaspace: 14343K(15360K)->14343K(15360K) NonClass: 12374K(12992K)->12374K(12992K) Class: 1969K(2368K)->1969K(2368K)
[141.415s][info][gc             ] GC(700) Pause Young (Allocation Failure) 425M->11M(1771M) 2.600ms
[141.415s][info][gc,cpu         ] GC(700) User=0.00s Sys=0.00s Real=0.00s
[141.697s][info][gc,start       ] GC(701) Pause Young (Allocation Failure)
[141.699s][info][gc,heap        ] GC(701) PSYoungGen: 415744K(415744K)->1056K(407552K) Eden: 414720K(414720K)->0K(406016K) From: 1024K(1024K)->1056K(1536K)
[141.699s][info][gc,heap        ] GC(701) ParOldGen: 10569K(1398272K)->10665K(1398272K)
[141.699s][info][gc,metaspace   ] GC(701) Metaspace: 14343K(15360K)->14343K(15360K) NonClass: 12374K(12992K)->12374K(12992K) Class: 1969K(2368K)->1969K(2368K)
[141.699s][info][gc             ] GC(701) Pause Young (Allocation Failure) 416M->11M(1763M) 2.642ms
[141.699s][info][gc,cpu         ] GC(701) User=0.00s Sys=0.00s Real=0.00s
[141.976s][info][gc,start       ] GC(702) Pause Young (Allocation Failure)
[141.978s][info][gc,heap        ] GC(702) PSYoungGen: 407072K(407552K)->1024K(398336K) Eden: 406016K(406016K)->0K(397312K) From: 1056K(1536K)->1024K(1024K)
[141.978s][info][gc,heap        ] GC(702) ParOldGen: 10665K(1398272K)->10785K(1398272K)
[141.978s][info][gc,metaspace   ] GC(702) Metaspace: 14343K(15360K)->14343K(15360K) NonClass: 12374K(12992K)->12374K(12992K) Class: 1969K(2368K)->1969K(2368K)
[141.978s][info][gc             ] GC(702) Pause Young (Allocation Failure) 407M->11M(1754M) 2.623ms
[141.978s][info][gc,cpu         ] GC(702) User=0.00s Sys=0.00s Real=0.00s
[142.245s][info][gc,start       ] GC(703) Pause Young (Allocation Failure)
[142.248s][info][gc,heap        ] GC(703) PSYoungGen: 398336K(398336K)->1024K(390144K) Eden: 397312K(397312K)->0K(389120K) From: 1024K(1024K)->1024K(1024K)
[142.248s][info][gc,heap        ] GC(703) ParOldGen: 10785K(1398272K)->10889K(1398272K)
[142.248s][info][gc,metaspace   ] GC(703) Metaspace: 14343K(15360K)->14343K(15360K) NonClass: 12374K(12992K)->12374K(12992K) Class: 1969K(2368K)->1969K(2368K)
[142.248s][info][gc             ] GC(703) Pause Young (Allocation Failure) 399M->11M(1746M) 2.663ms
[142.248s][info][gc,cpu         ] GC(703) User=0.00s Sys=0.00s Real=0.00s
[142.569s][info][gc,start       ] GC(704) Pause Young (Allocation Failure)
[142.572s][info][gc,heap        ] GC(704) PSYoungGen: 390144K(390144K)->1024K(381952K) Eden: 389120K(389120K)->0K(380928K) From: 1024K(1024K)->1024K(1024K)
[142.572s][info][gc,heap        ] GC(704) ParOldGen: 10889K(1398272K)->10997K(1398272K)
[142.572s][info][gc,metaspace   ] GC(704) Metaspace: 14343K(15360K)->14343K(15360K) NonClass: 12374K(12992K)->12374K(12992K) Class: 1969K(2368K)->1969K(2368K)
[142.572s][info][gc             ] GC(704) Pause Young (Allocation Failure) 391M->11M(1738M) 3.342ms
[142.572s][info][gc,cpu         ] GC(704) User=0.00s Sys=0.00s Real=0.00s
[142.845s][info][gc,start       ] GC(705) Pause Young (Allocation Failure)
[142.847s][info][gc,heap        ] GC(705) PSYoungGen: 381952K(381952K)->1056K(374784K) Eden: 380928K(380928K)->0K(373248K) From: 1024K(1024K)->1056K(1536K)
[142.847s][info][gc,heap        ] GC(705) ParOldGen: 10997K(1398272K)->11093K(1398272K)
[142.848s][info][gc,metaspace   ] GC(705) Metaspace: 14343K(15360K)->14343K(15360K) NonClass: 12374K(12992K)->12374K(12992K) Class: 1969K(2368K)->1969K(2368K)
[142.848s][info][gc             ] GC(705) Pause Young (Allocation Failure) 383M->11M(1731M) 2.501ms
[142.848s][info][gc,cpu         ] GC(705) User=0.00s Sys=0.00s Real=0.00s
[143.106s][info][gc,start       ] GC(706) Pause Young (Allocation Failure)
[143.109s][info][gc,heap        ] GC(706) PSYoungGen: 374304K(374784K)->1024K(366592K) Eden: 373248K(373248K)->0K(365568K) From: 1056K(1536K)->1024K(1024K)
[143.109s][info][gc,heap        ] GC(706) ParOldGen: 11093K(1398272K)->11213K(1398272K)
[143.109s][info][gc,metaspace   ] GC(706) Metaspace: 14343K(15360K)->14343K(15360K) NonClass: 12374K(12992K)->12374K(12992K) Class: 1969K(2368K)->1969K(2368K)
[143.109s][info][gc             ] GC(706) Pause Young (Allocation Failure) 376M->11M(1723M) 2.397ms
[143.109s][info][gc,cpu         ] GC(706) User=0.52s Sys=0.00s Real=0.00s
[143.379s][info][gc,start       ] GC(707) Pause Young (Allocation Failure)
[143.381s][info][gc,heap        ] GC(707) PSYoungGen: 366592K(366592K)->1024K(359424K) Eden: 365568K(365568K)->0K(358400K) From: 1024K(1024K)->1024K(1024K)
[143.381s][info][gc,heap        ] GC(707) ParOldGen: 11213K(1398272K)->11341K(1398272K)
[143.381s][info][gc,metaspace   ] GC(707) Metaspace: 14343K(15360K)->14343K(15360K) NonClass: 12374K(12992K)->12374K(12992K) Class: 1969K(2368K)->1969K(2368K)
[143.381s][info][gc             ] GC(707) Pause Young (Allocation Failure) 368M->12M(1716M) 2.372ms
[143.382s][info][gc,cpu         ] GC(707) User=0.00s Sys=0.00s Real=0.00s
[143.620s][info][gc,start       ] GC(708) Pause Young (Allocation Failure)
[143.622s][info][gc,heap        ] GC(708) PSYoungGen: 359424K(359424K)->992K(352256K) Eden: 358400K(358400K)->0K(351232K) From: 1024K(1024K)->992K(1024K)
[143.622s][info][gc,heap        ] GC(708) ParOldGen: 11341K(1398272K)->11485K(1398272K)
[143.622s][info][gc,metaspace   ] GC(708) Metaspace: 14343K(15360K)->14343K(15360K) NonClass: 12374K(12992K)->12374K(12992K) Class: 1969K(2368K)->1969K(2368K)
[143.622s][info][gc             ] GC(708) Pause Young (Allocation Failure) 362M->12M(1709M) 2.388ms
[143.622s][info][gc,cpu         ] GC(708) User=0.00s Sys=0.00s Real=0.00s
[143.858s][info][gc,start       ] GC(709) Pause Young (Allocation Failure)
[143.861s][info][gc,heap        ] GC(709) PSYoungGen: 352224K(352256K)->1056K(346112K) Eden: 351232K(351232K)->0K(344576K) From: 992K(1024K)->1056K(1536K)
[143.861s][info][gc,heap        ] GC(709) ParOldGen: 11485K(1398272K)->11565K(1398272K)
[143.861s][info][gc,metaspace   ] GC(709) Metaspace: 14343K(15360K)->14343K(15360K) NonClass: 12374K(12992K)->12374K(12992K) Class: 1969K(2368K)->1969K(2368K)
[143.861s][info][gc             ] GC(709) Pause Young (Allocation Failure) 355M->12M(1703M) 2.432ms
[143.861s][info][gc,cpu         ] GC(709) User=0.00s Sys=0.00s Real=0.00s
[144.085s][info][gc,start       ] GC(710) Pause Young (Allocation Failure)
[144.088s][info][gc,heap        ] GC(710) PSYoungGen: 345632K(346112K)->1024K(338944K) Eden: 344576K(344576K)->0K(337920K) From: 1056K(1536K)->1024K(1024K)
[144.088s][info][gc,heap        ] GC(710) ParOldGen: 11565K(1398272K)->11637K(1398272K)
[144.088s][info][gc,metaspace   ] GC(710) Metaspace: 14343K(15360K)->14343K(15360K) NonClass: 12374K(12992K)->12374K(12992K) Class: 1969K(2368K)->1969K(2368K)
[144.088s][info][gc             ] GC(710) Pause Young (Allocation Failure) 348M->12M(1696M) 2.392ms
[144.088s][info][gc,cpu         ] GC(710) User=0.00s Sys=0.00s Real=0.00s
[144.306s][info][gc,start       ] GC(711) Pause Young (Allocation Failure)
[144.309s][info][gc,heap        ] GC(711) PSYoungGen: 338944K(338944K)->1024K(332800K) Eden: 337920K(337920K)->0K(331776K) From: 1024K(1024K)->1024K(1024K)
[144.309s][info][gc,heap        ] GC(711) ParOldGen: 11637K(1398272K)->11733K(1398272K)
[144.309s][info][gc,metaspace   ] GC(711) Metaspace: 14343K(15360K)->14343K(15360K) NonClass: 12374K(12992K)->12374K(12992K) Class: 1969K(2368K)->1969K(2368K)
[144.309s][info][gc             ] GC(711) Pause Young (Allocation Failure) 342M->12M(1690M) 2.450ms
[144.309s][info][gc,cpu         ] GC(711) User=0.00s Sys=0.00s Real=0.00s
[144.522s][info][gc,start       ] GC(712) Pause Young (Allocation Failure)
[144.524s][info][gc,heap        ] GC(712) PSYoungGen: 332800K(332800K)->992K(326656K) Eden: 331776K(331776K)->0K(325632K) From: 1024K(1024K)->992K(1024K)
[144.524s][info][gc,heap        ] GC(712) ParOldGen: 11733K(1398272K)->11829K(1398272K)
[144.524s][info][gc,metaspace   ] GC(712) Metaspace: 14343K(15360K)->14343K(15360K) NonClass: 12374K(12992K)->12374K(12992K) Class: 1969K(2368K)->1969K(2368K)
[144.524s][info][gc             ] GC(712) Pause Young (Allocation Failure) 336M->12M(1684M) 2.556ms
[144.524s][info][gc,cpu         ] GC(712) User=0.00s Sys=0.00s Real=0.00s
[144.715s][info][gc,start       ] GC(713) Pause Young (Allocation Failure)
[144.717s][info][gc,heap        ] GC(713) PSYoungGen: 326624K(326656K)->928K(392192K) Eden: 325632K(325632K)->0K(391168K) From: 992K(1024K)->928K(1024K)
[144.717s][info][gc,heap        ] GC(713) ParOldGen: 11829K(1398272K)->11893K(1398272K)
[144.717s][info][gc,metaspace   ] GC(713) Metaspace: 14343K(15360K)->14343K(15360K) NonClass: 12374K(12992K)->12374K(12992K) Class: 1969K(2368K)->1969K(2368K)
[144.717s][info][gc             ] GC(713) Pause Young (Allocation Failure) 330M->12M(1748M) 2.606ms
[144.717s][info][gc,cpu         ] GC(713) User=0.52s Sys=0.00s Real=0.00s
[144.954s][info][gc,start       ] GC(714) Pause Young (System.gc())
[144.957s][info][gc,heap        ] GC(714) PSYoungGen: 391021K(392192K)->448K(391680K) Eden: 390093K(391168K)->0K(391168K) From: 928K(1024K)->448K(512K)
[144.958s][info][gc,heap        ] GC(714) ParOldGen: 11893K(1398272K)->11957K(1398272K)
[144.958s][info][gc,metaspace   ] GC(714) Metaspace: 14344K(15360K)->14344K(15360K) NonClass: 12375K(12992K)->12375K(12992K) Class: 1969K(2368K)->1969K(2368K)
[144.958s][info][gc             ] GC(714) Pause Young (System.gc()) 393M->12M(1748M) 3.688ms
[144.958s][info][gc,cpu         ] GC(714) User=0.00s Sys=0.00s Real=0.00s
[144.958s][info][gc,start       ] GC(715) Pause Full (System.gc())
[144.958s][info][gc,phases,start] GC(715) Marking Phase
[144.973s][info][gc,phases      ] GC(715) Marking Phase 15.207ms
[144.973s][info][gc,phases,start] GC(715) Summary Phase
[144.973s][info][gc,phases      ] GC(715) Summary Phase 0.021ms
[144.973s][info][gc,phases,start] GC(715) Adjust Roots
[144.979s][info][gc,phases      ] GC(715) Adjust Roots 5.586ms
[144.979s][info][gc,phases,start] GC(715) Compaction Phase
[144.981s][info][gc,phases      ] GC(715) Compaction Phase 2.212ms
[144.981s][info][gc,phases,start] GC(715) Post Compact
[144.982s][info][gc,phases      ] GC(715) Post Compact 0.602ms
[144.982s][info][gc,heap        ] GC(715) PSYoungGen: 448K(391680K)->0K(391680K) Eden: 0K(391168K)->0K(391168K) From: 448K(512K)->0K(512K)
[144.982s][info][gc,heap        ] GC(715) ParOldGen: 11957K(1398272K)->5387K(1398272K)
[144.982s][info][gc,metaspace   ] GC(715) Metaspace: 14344K(15360K)->14344K(15360K) NonClass: 12375K(12992K)->12375K(12992K) Class: 1969K(2368K)->1969K(2368K)
[144.982s][info][gc             ] GC(715) Pause Full (System.gc()) 12M->5M(1748M) 23.969ms
[144.982s][info][gc,cpu         ] GC(715) User=0.52s Sys=0.00s Real=0.02s
[145.429s][info][gc,start       ] GC(716) Pause Young (Allocation Failure)
[145.433s][info][gc,heap        ] GC(716) PSYoungGen: 391168K(391680K)->1536K(471040K) Eden: 391168K(391168K)->0K(469504K) From: 0K(512K)->1536K(1536K)
[145.433s][info][gc,heap        ] GC(716) ParOldGen: 5387K(1398272K)->5793K(1398272K)
[145.433s][info][gc,metaspace   ] GC(716) Metaspace: 14347K(15360K)->14347K(15360K) NonClass: 12378K(12992K)->12378K(12992K) Class: 1969K(2368K)->1969K(2368K)
[145.433s][info][gc             ] GC(716) Pause Young (Allocation Failure) 387M->7M(1825M) 4.268ms
[145.433s][info][gc,cpu         ] GC(716) User=0.00s Sys=0.00s Real=0.00s
[145.782s][info][gc,start       ] GC(717) Pause Young (Allocation Failure)
[145.784s][info][gc,heap        ] GC(717) PSYoungGen: 471040K(471040K)->1024K(459776K) Eden: 469504K(469504K)->0K(458752K) From: 1536K(1536K)->1024K(1024K)
[145.784s][info][gc,heap        ] GC(717) ParOldGen: 5793K(1398272K)->7116K(1398272K)
[145.784s][info][gc,metaspace   ] GC(717) Metaspace: 14347K(15360K)->14347K(15360K) NonClass: 12378K(12992K)->12378K(12992K) Class: 1969K(2368K)->1969K(2368K)
[145.784s][info][gc             ] GC(717) Pause Young (Allocation Failure) 465M->7M(1814M) 2.620ms
[145.784s][info][gc,cpu         ] GC(717) User=0.00s Sys=0.00s Real=0.00s
[146.126s][info][gc,start       ] GC(718) Pause Young (Allocation Failure)
[146.129s][info][gc,heap        ] GC(718) PSYoungGen: 459776K(459776K)->1024K(449536K) Eden: 458752K(458752K)->0K(448512K) From: 1024K(1024K)->1024K(1024K)
[146.129s][info][gc,heap        ] GC(718) ParOldGen: 7116K(1398272K)->7252K(1398272K)
[146.129s][info][gc,metaspace   ] GC(718) Metaspace: 14347K(15360K)->14347K(15360K) NonClass: 12378K(12992K)->12378K(12992K) Class: 1969K(2368K)->1969K(2368K)
[146.129s][info][gc             ] GC(718) Pause Young (Allocation Failure) 455M->8M(1804M) 2.439ms
[146.129s][info][gc,cpu         ] GC(718) User=0.00s Sys=0.00s Real=0.00s
[146.435s][info][gc,start       ] GC(719) Pause Young (Allocation Failure)
[146.438s][info][gc,heap        ] GC(719) PSYoungGen: 449536K(449536K)->1024K(439296K) Eden: 448512K(448512K)->0K(438272K) From: 1024K(1024K)->1024K(1024K)
[146.438s][info][gc,heap        ] GC(719) ParOldGen: 7252K(1398272K)->7356K(1398272K)
[146.438s][info][gc,metaspace   ] GC(719) Metaspace: 14347K(15360K)->14347K(15360K) NonClass: 12378K(12992K)->12378K(12992K) Class: 1969K(2368K)->1969K(2368K)
[146.438s][info][gc             ] GC(719) Pause Young (Allocation Failure) 446M->8M(1794M) 2.468ms
[146.438s][info][gc,cpu         ] GC(719) User=0.00s Sys=0.00s Real=0.00s
[146.738s][info][gc,start       ] GC(720) Pause Young (Allocation Failure)
[146.740s][info][gc,heap        ] GC(720) PSYoungGen: 439296K(439296K)->1056K(430080K) Eden: 438272K(438272K)->0K(428544K) From: 1024K(1024K)->1056K(1536K)
[146.740s][info][gc,heap        ] GC(720) ParOldGen: 7356K(1398272K)->7484K(1398272K)
[146.740s][info][gc,metaspace   ] GC(720) Metaspace: 14347K(15360K)->14347K(15360K) NonClass: 12378K(12992K)->12378K(12992K) Class: 1969K(2368K)->1969K(2368K)
[146.740s][info][gc             ] GC(720) Pause Young (Allocation Failure) 436M->8M(1785M) 2.508ms
[146.740s][info][gc,cpu         ] GC(720) User=0.00s Sys=0.00s Real=0.00s
[147.033s][info][gc,start       ] GC(721) Pause Young (Allocation Failure)
[147.035s][info][gc,heap        ] GC(721) PSYoungGen: 429600K(430080K)->1024K(420352K) Eden: 428544K(428544K)->0K(419328K) From: 1056K(1536K)->1024K(1024K)
[147.035s][info][gc,heap        ] GC(721) ParOldGen: 7484K(1398272K)->7620K(1398272K)
[147.035s][info][gc,metaspace   ] GC(721) Metaspace: 14347K(15360K)->14347K(15360K) NonClass: 12378K(12992K)->12378K(12992K) Class: 1969K(2368K)->1969K(2368K)
[147.035s][info][gc             ] GC(721) Pause Young (Allocation Failure) 426M->8M(1776M) 2.456ms
[147.035s][info][gc,cpu         ] GC(721) User=0.00s Sys=0.00s Real=0.00s
[147.323s][info][gc,start       ] GC(722) Pause Young (Allocation Failure)
[147.325s][info][gc,heap        ] GC(722) PSYoungGen: 420352K(420352K)->1024K(411136K) Eden: 419328K(419328K)->0K(410112K) From: 1024K(1024K)->1024K(1024K)
[147.325s][info][gc,heap        ] GC(722) ParOldGen: 7620K(1398272K)->7732K(1398272K)
[147.325s][info][gc,metaspace   ] GC(722) Metaspace: 14347K(15360K)->14347K(15360K) NonClass: 12378K(12992K)->12378K(12992K) Class: 1969K(2368K)->1969K(2368K)
[147.325s][info][gc             ] GC(722) Pause Young (Allocation Failure) 417M->8M(1767M) 2.646ms
[147.325s][info][gc,cpu         ] GC(722) User=0.00s Sys=0.00s Real=0.00s
[147.605s][info][gc,start       ] GC(723) Pause Young (Allocation Failure)
[147.607s][info][gc,heap        ] GC(723) PSYoungGen: 411136K(411136K)->1024K(402432K) Eden: 410112K(410112K)->0K(401408K) From: 1024K(1024K)->1024K(1024K)
[147.607s][info][gc,heap        ] GC(723) ParOldGen: 7732K(1398272K)->7852K(1398272K)
[147.607s][info][gc,metaspace   ] GC(723) Metaspace: 14347K(15360K)->14347K(15360K) NonClass: 12378K(12992K)->12378K(12992K) Class: 1969K(2368K)->1969K(2368K)
[147.608s][info][gc             ] GC(723) Pause Young (Allocation Failure) 409M->8M(1758M) 2.632ms
[147.608s][info][gc,cpu         ] GC(723) User=0.00s Sys=0.00s Real=0.00s
[147.879s][info][gc,start       ] GC(724) Pause Young (Allocation Failure)
[147.881s][info][gc,heap        ] GC(724) PSYoungGen: 402432K(402432K)->1056K(394752K) Eden: 401408K(401408K)->0K(393216K) From: 1024K(1024K)->1056K(1536K)
[147.881s][info][gc,heap        ] GC(724) ParOldGen: 7852K(1398272K)->7948K(1398272K)
[147.881s][info][gc,metaspace   ] GC(724) Metaspace: 14347K(15360K)->14347K(15360K) NonClass: 12378K(12992K)->12378K(12992K) Class: 1969K(2368K)->1969K(2368K)
[147.881s][info][gc             ] GC(724) Pause Young (Allocation Failure) 400M->8M(1751M) 2.608ms
[147.881s][info][gc,cpu         ] GC(724) User=0.00s Sys=0.00s Real=0.00s
[148.278s][info][gc,start       ] GC(725) Pause Young (Allocation Failure)
[148.281s][info][gc,heap        ] GC(725) PSYoungGen: 394272K(394752K)->1024K(386048K) Eden: 393216K(393216K)->0K(385024K) From: 1056K(1536K)->1024K(1024K)
[148.281s][info][gc,heap        ] GC(725) ParOldGen: 7948K(1398272K)->8052K(1398272K)
[148.281s][info][gc,metaspace   ] GC(725) Metaspace: 14347K(15360K)->14347K(15360K) NonClass: 12378K(12992K)->12378K(12992K) Class: 1969K(2368K)->1969K(2368K)
[148.281s][info][gc             ] GC(725) Pause Young (Allocation Failure) 392M->8M(1742M) 3.252ms
[148.281s][info][gc,cpu         ] GC(725) User=0.00s Sys=0.00s Real=0.00s
[148.563s][info][gc,start       ] GC(726) Pause Young (Allocation Failure)
[148.566s][info][gc,heap        ] GC(726) PSYoungGen: 386048K(386048K)->1056K(378880K) Eden: 385024K(385024K)->0K(377344K) From: 1024K(1024K)->1056K(1536K)
[148.566s][info][gc,heap        ] GC(726) ParOldGen: 8052K(1398272K)->8132K(1398272K)
[148.566s][info][gc,metaspace   ] GC(726) Metaspace: 14347K(15360K)->14347K(15360K) NonClass: 12378K(12992K)->12378K(12992K) Class: 1969K(2368K)->1969K(2368K)
[148.566s][info][gc             ] GC(726) Pause Young (Allocation Failure) 384M->8M(1735M) 2.443ms
[148.566s][info][gc,cpu         ] GC(726) User=0.00s Sys=0.00s Real=0.00s
[148.854s][info][gc,start       ] GC(727) Pause Young (Allocation Failure)
[148.856s][info][gc,heap        ] GC(727) PSYoungGen: 378400K(378880K)->1024K(370688K) Eden: 377344K(377344K)->0K(369664K) From: 1056K(1536K)->1024K(1024K)
[148.856s][info][gc,heap        ] GC(727) ParOldGen: 8132K(1398272K)->8220K(1398272K)
[148.856s][info][gc,metaspace   ] GC(727) Metaspace: 14347K(15360K)->14347K(15360K) NonClass: 12378K(12992K)->12378K(12992K) Class: 1969K(2368K)->1969K(2368K)
[148.856s][info][gc             ] GC(727) Pause Young (Allocation Failure) 377M->9M(1727M) 2.239ms
[148.856s][info][gc,cpu         ] GC(727) User=0.00s Sys=0.00s Real=0.00s
[149.111s][info][gc,start       ] GC(728) Pause Young (Allocation Failure)
[149.113s][info][gc,heap        ] GC(728) PSYoungGen: 370688K(370688K)->1088K(364032K) Eden: 369664K(369664K)->0K(362496K) From: 1024K(1024K)->1088K(1536K)
[149.113s][info][gc,heap        ] GC(728) ParOldGen: 8220K(1398272K)->8300K(1398272K)
[149.113s][info][gc,metaspace   ] GC(728) Metaspace: 14347K(15360K)->14347K(15360K) NonClass: 12378K(12992K)->12378K(12992K) Class: 1969K(2368K)->1969K(2368K)
[149.113s][info][gc             ] GC(728) Pause Young (Allocation Failure) 370M->9M(1721M) 2.325ms
[149.113s][info][gc,cpu         ] GC(728) User=0.00s Sys=0.00s Real=0.00s
[149.361s][info][gc,start       ] GC(729) Pause Young (Allocation Failure)
[149.363s][info][gc,heap        ] GC(729) PSYoungGen: 363584K(364032K)->1024K(356352K) Eden: 362496K(362496K)->0K(355328K) From: 1088K(1536K)->1024K(1024K)
[149.363s][info][gc,heap        ] GC(729) ParOldGen: 8300K(1398272K)->8412K(1398272K)
[149.363s][info][gc,metaspace   ] GC(729) Metaspace: 14347K(15360K)->14347K(15360K) NonClass: 12378K(12992K)->12378K(12992K) Class: 1969K(2368K)->1969K(2368K)
[149.363s][info][gc             ] GC(729) Pause Young (Allocation Failure) 363M->9M(1713M) 2.293ms
[149.363s][info][gc,cpu         ] GC(729) User=0.00s Sys=0.00s Real=0.00s
[149.607s][info][gc,start       ] GC(730) Pause Young (Allocation Failure)
[149.609s][info][gc,heap        ] GC(730) PSYoungGen: 356352K(356352K)->1056K(349696K) Eden: 355328K(355328K)->0K(348160K) From: 1024K(1024K)->1056K(1536K)
[149.609s][info][gc,heap        ] GC(730) ParOldGen: 8412K(1398272K)->8500K(1398272K)
[149.609s][info][gc,metaspace   ] GC(730) Metaspace: 14347K(15360K)->14347K(15360K) NonClass: 12378K(12992K)->12378K(12992K) Class: 1969K(2368K)->1969K(2368K)
[149.609s][info][gc             ] GC(730) Pause Young (Allocation Failure) 356M->9M(1707M) 2.350ms
[149.609s][info][gc,cpu         ] GC(730) User=0.52s Sys=0.00s Real=0.00s
[149.850s][info][gc,start       ] GC(731) Pause Young (Allocation Failure)
[149.852s][info][gc,heap        ] GC(731) PSYoungGen: 349216K(349696K)->1024K(342528K) Eden: 348160K(348160K)->0K(341504K) From: 1056K(1536K)->1024K(1024K)
[149.852s][info][gc,heap        ] GC(731) ParOldGen: 8500K(1398272K)->8588K(1398272K)
[149.852s][info][gc,metaspace   ] GC(731) Metaspace: 14347K(15360K)->14347K(15360K) NonClass: 12378K(12992K)->12378K(12992K) Class: 1969K(2368K)->1969K(2368K)
[149.852s][info][gc             ] GC(731) Pause Young (Allocation Failure) 349M->9M(1700M) 2.340ms
[149.852s][info][gc,cpu         ] GC(731) User=0.00s Sys=0.00s Real=0.00s
[150.088s][info][gc,start       ] GC(732) Pause Young (Allocation Failure)
[150.091s][info][gc,heap        ] GC(732) PSYoungGen: 342528K(342528K)->1024K(335872K) Eden: 341504K(341504K)->0K(334848K) From: 1024K(1024K)->1024K(1024K)
[150.091s][info][gc,heap        ] GC(732) ParOldGen: 8588K(1398272K)->8708K(1398272K)
[150.091s][info][gc,metaspace   ] GC(732) Metaspace: 14347K(15360K)->14347K(15360K) NonClass: 12378K(12992K)->12378K(12992K) Class: 1969K(2368K)->1969K(2368K)
[150.091s][info][gc             ] GC(732) Pause Young (Allocation Failure) 342M->9M(1693M) 2.340ms
[150.091s][info][gc,cpu         ] GC(732) User=0.00s Sys=0.00s Real=0.00s
[150.323s][info][gc,start       ] GC(733) Pause Young (Allocation Failure)
[150.325s][info][gc,heap        ] GC(733) PSYoungGen: 335872K(335872K)->1024K(329728K) Eden: 334848K(334848K)->0K(328704K) From: 1024K(1024K)->1024K(1024K)
[150.325s][info][gc,heap        ] GC(733) ParOldGen: 8708K(1398272K)->8812K(1398272K)
[150.325s][info][gc,metaspace   ] GC(733) Metaspace: 14347K(15360K)->14347K(15360K) NonClass: 12378K(12992K)->12378K(12992K) Class: 1969K(2368K)->1969K(2368K)
[150.325s][info][gc             ] GC(733) Pause Young (Allocation Failure) 336M->9M(1687M) 2.411ms
[150.325s][info][gc,cpu         ] GC(733) User=0.00s Sys=0.00s Real=0.00s
[150.552s][info][gc,start       ] GC(734) Pause Young (Allocation Failure)
[150.554s][info][gc,heap        ] GC(734) PSYoungGen: 329728K(329728K)->1024K(323584K) Eden: 328704K(328704K)->0K(322560K) From: 1024K(1024K)->1024K(1024K)
[150.554s][info][gc,heap        ] GC(734) ParOldGen: 8812K(1398272K)->8924K(1398272K)
[150.554s][info][gc,metaspace   ] GC(734) Metaspace: 14347K(15360K)->14347K(15360K) NonClass: 12378K(12992K)->12378K(12992K) Class: 1969K(2368K)->1969K(2368K)
[150.554s][info][gc             ] GC(734) Pause Young (Allocation Failure) 330M->9M(1681M) 2.419ms
[150.554s][info][gc,cpu         ] GC(734) User=0.00s Sys=0.00s Real=0.00s
[150.774s][info][gc,start       ] GC(735) Pause Young (Allocation Failure)
[150.776s][info][gc,heap        ] GC(735) PSYoungGen: 323584K(323584K)->992K(317952K) Eden: 322560K(322560K)->0K(316928K) From: 1024K(1024K)->992K(1024K)
[150.776s][info][gc,heap        ] GC(735) ParOldGen: 8924K(1398272K)->9020K(1398272K)
[150.776s][info][gc,metaspace   ] GC(735) Metaspace: 14347K(15360K)->14347K(15360K) NonClass: 12378K(12992K)->12378K(12992K) Class: 1969K(2368K)->1969K(2368K)
[150.776s][info][gc             ] GC(735) Pause Young (Allocation Failure) 324M->9M(1676M) 2.411ms
[150.776s][info][gc,cpu         ] GC(735) User=0.00s Sys=0.00s Real=0.00s
[150.995s][info][gc,start       ] GC(736) Pause Young (Allocation Failure)
[150.997s][info][gc,heap        ] GC(736) PSYoungGen: 317920K(317952K)->1024K(312320K) Eden: 316928K(316928K)->0K(311296K) From: 992K(1024K)->1024K(1024K)
[150.997s][info][gc,heap        ] GC(736) ParOldGen: 9020K(1398272K)->9076K(1398272K)
[150.997s][info][gc,metaspace   ] GC(736) Metaspace: 14347K(15360K)->14347K(15360K) NonClass: 12378K(12992K)->12378K(12992K) Class: 1969K(2368K)->1969K(2368K)
[150.997s][info][gc             ] GC(736) Pause Young (Allocation Failure) 319M->9M(1670M) 2.477ms
[150.997s][info][gc,cpu         ] GC(736) User=0.00s Sys=0.00s Real=0.00s
[151.211s][info][gc,start       ] GC(737) Pause Young (Allocation Failure)
[151.214s][info][gc,heap        ] GC(737) PSYoungGen: 312320K(312320K)->1024K(374784K) Eden: 311296K(311296K)->0K(373760K) From: 1024K(1024K)->1024K(1024K)
[151.214s][info][gc,heap        ] GC(737) ParOldGen: 9076K(1398272K)->9164K(1398272K)
[151.214s][info][gc,metaspace   ] GC(737) Metaspace: 14347K(15360K)->14347K(15360K) NonClass: 12378K(12992K)->12378K(12992K) Class: 1969K(2368K)->1969K(2368K)
[151.214s][info][gc             ] GC(737) Pause Young (Allocation Failure) 313M->9M(1731M) 2.668ms
[151.214s][info][gc,cpu         ] GC(737) User=0.00s Sys=0.00s Real=0.00s
[151.468s][info][gc,start       ] GC(738) Pause Young (Allocation Failure)
[151.471s][info][gc,heap        ] GC(738) PSYoungGen: 374784K(374784K)->1056K(450048K) Eden: 373760K(373760K)->0K(448512K) From: 1024K(1024K)->1056K(1536K)
[151.471s][info][gc,heap        ] GC(738) ParOldGen: 9164K(1398272K)->9228K(1398272K)
[151.471s][info][gc,metaspace   ] GC(738) Metaspace: 14347K(15360K)->14347K(15360K) NonClass: 12378K(12992K)->12378K(12992K) Class: 1969K(2368K)->1969K(2368K)
[151.471s][info][gc             ] GC(738) Pause Young (Allocation Failure) 374M->10M(1805M) 2.715ms
[151.471s][info][gc,cpu         ] GC(738) User=0.00s Sys=0.00s Real=0.00s
[151.781s][info][gc,start       ] GC(739) Pause Young (Allocation Failure)
[151.784s][info][gc,heap        ] GC(739) PSYoungGen: 449568K(450048K)->1024K(439296K) Eden: 448512K(448512K)->0K(438272K) From: 1056K(1536K)->1024K(1024K)
[151.784s][info][gc,heap        ] GC(739) ParOldGen: 9228K(1398272K)->9332K(1398272K)
[151.784s][info][gc,metaspace   ] GC(739) Metaspace: 14347K(15360K)->14347K(15360K) NonClass: 12378K(12992K)->12378K(12992K) Class: 1969K(2368K)->1969K(2368K)
[151.784s][info][gc             ] GC(739) Pause Young (Allocation Failure) 448M->10M(1794M) 2.693ms
[151.784s][info][gc,cpu         ] GC(739) User=0.00s Sys=0.00s Real=0.00s
[152.144s][info][gc,start       ] GC(740) Pause Young (Allocation Failure)
[152.147s][info][gc,heap        ] GC(740) PSYoungGen: 439296K(439296K)->992K(429568K) Eden: 438272K(438272K)->0K(428544K) From: 1024K(1024K)->992K(1024K)
[152.147s][info][gc,heap        ] GC(740) ParOldGen: 9332K(1398272K)->9460K(1398272K)
[152.147s][info][gc,metaspace   ] GC(740) Metaspace: 14347K(15360K)->14347K(15360K) NonClass: 12378K(12992K)->12378K(12992K) Class: 1969K(2368K)->1969K(2368K)
[152.147s][info][gc             ] GC(740) Pause Young (Allocation Failure) 438M->10M(1785M) 3.402ms
[152.147s][info][gc,cpu         ] GC(740) User=0.00s Sys=0.00s Real=0.00s
[152.457s][info][gc,start       ] GC(741) Pause Young (Allocation Failure)
[152.460s][info][gc,heap        ] GC(741) PSYoungGen: 429536K(429568K)->1024K(420352K) Eden: 428544K(428544K)->0K(419328K) From: 992K(1024K)->1024K(1024K)
[152.460s][info][gc,heap        ] GC(741) ParOldGen: 9460K(1398272K)->9572K(1398272K)
[152.460s][info][gc,metaspace   ] GC(741) Metaspace: 14347K(15360K)->14347K(15360K) NonClass: 12378K(12992K)->12378K(12992K) Class: 1969K(2368K)->1969K(2368K)
[152.460s][info][gc             ] GC(741) Pause Young (Allocation Failure) 428M->10M(1776M) 2.540ms
[152.460s][info][gc,cpu         ] GC(741) User=0.00s Sys=0.00s Real=0.00s
[152.752s][info][gc,start       ] GC(742) Pause Young (Allocation Failure)
[152.755s][info][gc,heap        ] GC(742) PSYoungGen: 420352K(420352K)->1056K(411648K) Eden: 419328K(419328K)->0K(410112K) From: 1024K(1024K)->1056K(1536K)
[152.755s][info][gc,heap        ] GC(742) ParOldGen: 9572K(1398272K)->9676K(1398272K)
[152.755s][info][gc,metaspace   ] GC(742) Metaspace: 14347K(15360K)->14347K(15360K) NonClass: 12378K(12992K)->12378K(12992K) Class: 1969K(2368K)->1969K(2368K)
[152.755s][info][gc             ] GC(742) Pause Young (Allocation Failure) 419M->10M(1767M) 2.482ms
[152.755s][info][gc,cpu         ] GC(742) User=0.00s Sys=0.00s Real=0.00s
[153.054s][info][gc,start       ] GC(743) Pause Young (Allocation Failure)
[153.056s][info][gc,heap        ] GC(743) PSYoungGen: 411168K(411648K)->1024K(402432K) Eden: 410112K(410112K)->0K(401408K) From: 1056K(1536K)->1024K(1024K)
[153.056s][info][gc,heap        ] GC(743) ParOldGen: 9676K(1398272K)->9780K(1398272K)
[153.056s][info][gc,metaspace   ] GC(743) Metaspace: 14347K(15360K)->14347K(15360K) NonClass: 12378K(12992K)->12378K(12992K) Class: 1969K(2368K)->1969K(2368K)
[153.056s][info][gc             ] GC(743) Pause Young (Allocation Failure) 410M->10M(1758M) 2.376ms
[153.057s][info][gc,cpu         ] GC(743) User=0.00s Sys=0.00s Real=0.00s
[153.331s][info][gc,start       ] GC(744) Pause Young (Allocation Failure)
[153.334s][info][gc,heap        ] GC(744) PSYoungGen: 402432K(402432K)->1024K(394240K) Eden: 401408K(401408K)->0K(393216K) From: 1024K(1024K)->1024K(1024K)
[153.334s][info][gc,heap        ] GC(744) ParOldGen: 9780K(1398272K)->9924K(1398272K)
[153.334s][info][gc,metaspace   ] GC(744) Metaspace: 14347K(15360K)->14347K(15360K) NonClass: 12378K(12992K)->12378K(12992K) Class: 1969K(2368K)->1969K(2368K)
[153.334s][info][gc             ] GC(744) Pause Young (Allocation Failure) 402M->10M(1750M) 2.428ms
[153.334s][info][gc,cpu         ] GC(744) User=0.00s Sys=0.00s Real=0.00s
[153.601s][info][gc,start       ] GC(745) Pause Young (Allocation Failure)
[153.603s][info][gc,heap        ] GC(745) PSYoungGen: 394240K(394240K)->1024K(386048K) Eden: 393216K(393216K)->0K(385024K) From: 1024K(1024K)->1024K(1024K)
[153.603s][info][gc,heap        ] GC(745) ParOldGen: 9924K(1398272K)->10060K(1398272K)
[153.603s][info][gc,metaspace   ] GC(745) Metaspace: 14347K(15360K)->14347K(15360K) NonClass: 12378K(12992K)->12378K(12992K) Class: 1969K(2368K)->1969K(2368K)
[153.603s][info][gc             ] GC(745) Pause Young (Allocation Failure) 394M->10M(1742M) 2.471ms
[153.603s][info][gc,cpu         ] GC(745) User=0.00s Sys=0.00s Real=0.00s
[153.864s][info][gc,start       ] GC(746) Pause Young (Allocation Failure)
[153.867s][info][gc,heap        ] GC(746) PSYoungGen: 386048K(386048K)->1056K(378880K) Eden: 385024K(385024K)->0K(377344K) From: 1024K(1024K)->1056K(1536K)
[153.867s][info][gc,heap        ] GC(746) ParOldGen: 10060K(1398272K)->10148K(1398272K)
[153.867s][info][gc,metaspace   ] GC(746) Metaspace: 14347K(15360K)->14347K(15360K) NonClass: 12378K(12992K)->12378K(12992K) Class: 1969K(2368K)->1969K(2368K)
[153.867s][info][gc             ] GC(746) Pause Young (Allocation Failure) 386M->10M(1735M) 2.475ms
[153.867s][info][gc,cpu         ] GC(746) User=0.00s Sys=0.00s Real=0.00s
[154.128s][info][gc,start       ] GC(747) Pause Young (Allocation Failure)
[154.131s][info][gc,heap        ] GC(747) PSYoungGen: 378400K(378880K)->992K(370688K) Eden: 377344K(377344K)->0K(369664K) From: 1056K(1536K)->992K(1024K)
[154.131s][info][gc,heap        ] GC(747) ParOldGen: 10148K(1398272K)->10260K(1398272K)
[154.131s][info][gc,metaspace   ] GC(747) Metaspace: 14347K(15360K)->14347K(15360K) NonClass: 12378K(12992K)->12378K(12992K) Class: 1969K(2368K)->1969K(2368K)
[154.131s][info][gc             ] GC(747) Pause Young (Allocation Failure) 379M->10M(1727M) 2.524ms
[154.131s][info][gc,cpu         ] GC(747) User=0.00s Sys=0.00s Real=0.00s
[154.386s][info][gc,start       ] GC(748) Pause Young (Allocation Failure)
[154.389s][info][gc,heap        ] GC(748) PSYoungGen: 370656K(370688K)->1024K(363520K) Eden: 369664K(369664K)->0K(362496K) From: 992K(1024K)->1024K(1024K)
[154.389s][info][gc,heap        ] GC(748) ParOldGen: 10260K(1398272K)->10340K(1398272K)
[154.389s][info][gc,metaspace   ] GC(748) Metaspace: 14347K(15360K)->14347K(15360K) NonClass: 12378K(12992K)->12378K(12992K) Class: 1969K(2368K)->1969K(2368K)
[154.389s][info][gc             ] GC(748) Pause Young (Allocation Failure) 371M->11M(1720M) 2.552ms
[154.389s][info][gc,cpu         ] GC(748) User=0.00s Sys=0.00s Real=0.00s
[154.634s][info][gc,start       ] GC(749) Pause Young (Allocation Failure)
[154.637s][info][gc,heap        ] GC(749) PSYoungGen: 363520K(363520K)->1056K(356864K) Eden: 362496K(362496K)->0K(355328K) From: 1024K(1024K)->1056K(1536K)
[154.637s][info][gc,heap        ] GC(749) ParOldGen: 10340K(1398272K)->10452K(1398272K)
[154.637s][info][gc,metaspace   ] GC(749) Metaspace: 14347K(15360K)->14347K(15360K) NonClass: 12378K(12992K)->12378K(12992K) Class: 1969K(2368K)->1969K(2368K)
[154.637s][info][gc             ] GC(749) Pause Young (Allocation Failure) 365M->11M(1714M) 2.530ms
[154.637s][info][gc,cpu         ] GC(749) User=0.00s Sys=0.00s Real=0.00s
[154.988s][info][gc,start       ] GC(750) Pause Young (Allocation Failure)
[154.991s][info][gc,heap        ] GC(750) PSYoungGen: 356384K(356864K)->992K(349184K) Eden: 355328K(355328K)->0K(348160K) From: 1056K(1536K)->992K(1024K)
[154.991s][info][gc,heap        ] GC(750) ParOldGen: 10452K(1398272K)->10540K(1398272K)
[154.991s][info][gc,metaspace   ] GC(750) Metaspace: 14347K(15360K)->14347K(15360K) NonClass: 12378K(12992K)->12378K(12992K) Class: 1969K(2368K)->1969K(2368K)
[154.991s][info][gc             ] GC(750) Pause Young (Allocation Failure) 358M->11M(1706M) 3.306ms
[154.991s][info][gc,cpu         ] GC(750) User=0.00s Sys=0.00s Real=0.00s
[155.249s][info][gc,start       ] GC(751) Pause Young (Allocation Failure)
[155.252s][info][gc,heap        ] GC(751) PSYoungGen: 349152K(349184K)->992K(342528K) Eden: 348160K(348160K)->0K(341504K) From: 992K(1024K)->992K(1024K)
[155.252s][info][gc,heap        ] GC(751) ParOldGen: 10540K(1398272K)->10644K(1398272K)
[155.252s][info][gc,metaspace   ] GC(751) Metaspace: 14347K(15360K)->14347K(15360K) NonClass: 12378K(12992K)->12378K(12992K) Class: 1969K(2368K)->1969K(2368K)
[155.252s][info][gc             ] GC(751) Pause Young (Allocation Failure) 351M->11M(1700M) 2.358ms
[155.252s][info][gc,cpu         ] GC(751) User=0.00s Sys=0.00s Real=0.00s
[155.494s][info][gc,start       ] GC(752) Pause Young (Allocation Failure)
[155.496s][info][gc,heap        ] GC(752) PSYoungGen: 342496K(342528K)->1024K(335872K) Eden: 341504K(341504K)->0K(334848K) From: 992K(1024K)->1024K(1024K)
[155.496s][info][gc,heap        ] GC(752) ParOldGen: 10644K(1398272K)->10744K(1398272K)
[155.496s][info][gc,metaspace   ] GC(752) Metaspace: 14347K(15360K)->14347K(15360K) NonClass: 12378K(12992K)->12378K(12992K) Class: 1969K(2368K)->1969K(2368K)
[155.496s][info][gc             ] GC(752) Pause Young (Allocation Failure) 344M->11M(1693M) 2.299ms
[155.496s][info][gc,cpu         ] GC(752) User=0.00s Sys=0.00s Real=0.00s
[155.751s][info][gc,start       ] GC(753) Pause Young (Allocation Failure)
[155.753s][info][gc,heap        ] GC(753) PSYoungGen: 335872K(335872K)->1024K(329728K) Eden: 334848K(334848K)->0K(328704K) From: 1024K(1024K)->1024K(1024K)
[155.753s][info][gc,heap        ] GC(753) ParOldGen: 10744K(1398272K)->10816K(1398272K)
[155.753s][info][gc,metaspace   ] GC(753) Metaspace: 14347K(15360K)->14347K(15360K) NonClass: 12378K(12992K)->12378K(12992K) Class: 1969K(2368K)->1969K(2368K)
[155.753s][info][gc             ] GC(753) Pause Young (Allocation Failure) 338M->11M(1687M) 2.257ms
[155.753s][info][gc,cpu         ] GC(753) User=0.00s Sys=0.00s Real=0.00s
[155.977s][info][gc,start       ] GC(754) Pause Young (Allocation Failure)
[155.980s][info][gc,heap        ] GC(754) PSYoungGen: 329728K(329728K)->1024K(323584K) Eden: 328704K(328704K)->0K(322560K) From: 1024K(1024K)->1024K(1024K)
[155.980s][info][gc,heap        ] GC(754) ParOldGen: 10816K(1398272K)->10896K(1398272K)
[155.980s][info][gc,metaspace   ] GC(754) Metaspace: 14347K(15360K)->14347K(15360K) NonClass: 12378K(12992K)->12378K(12992K) Class: 1969K(2368K)->1969K(2368K)
[155.980s][info][gc             ] GC(754) Pause Young (Allocation Failure) 332M->11M(1681M) 2.310ms
[155.980s][info][gc,cpu         ] GC(754) User=0.00s Sys=0.00s Real=0.00s
[156.200s][info][gc,start       ] GC(755) Pause Young (Allocation Failure)
[156.203s][info][gc,heap        ] GC(755) PSYoungGen: 323584K(323584K)->992K(317952K) Eden: 322560K(322560K)->0K(316928K) From: 1024K(1024K)->992K(1024K)
[156.203s][info][gc,heap        ] GC(755) ParOldGen: 10896K(1398272K)->11008K(1398272K)
[156.203s][info][gc,metaspace   ] GC(755) Metaspace: 14347K(15360K)->14347K(15360K) NonClass: 12378K(12992K)->12378K(12992K) Class: 1969K(2368K)->1969K(2368K)
[156.203s][info][gc             ] GC(755) Pause Young (Allocation Failure) 326M->11M(1676M) 2.326ms
[156.203s][info][gc,cpu         ] GC(755) User=0.52s Sys=0.00s Real=0.00s
[156.420s][info][gc,start       ] GC(756) Pause Young (Allocation Failure)
[156.422s][info][gc,heap        ] GC(756) PSYoungGen: 317920K(317952K)->1024K(312320K) Eden: 316928K(316928K)->0K(311296K) From: 992K(1024K)->1024K(1024K)
[156.422s][info][gc,heap        ] GC(756) ParOldGen: 11008K(1398272K)->11104K(1398272K)
[156.422s][info][gc,metaspace   ] GC(756) Metaspace: 14347K(15360K)->14347K(15360K) NonClass: 12378K(12992K)->12378K(12992K) Class: 1969K(2368K)->1969K(2368K)
[156.422s][info][gc             ] GC(756) Pause Young (Allocation Failure) 321M->11M(1670M) 2.308ms
[156.422s][info][gc,cpu         ] GC(756) User=0.00s Sys=0.00s Real=0.00s
[156.636s][info][gc,start       ] GC(757) Pause Young (Allocation Failure)
[156.639s][info][gc,heap        ] GC(757) PSYoungGen: 312320K(312320K)->992K(306688K) Eden: 311296K(311296K)->0K(305664K) From: 1024K(1024K)->992K(1024K)
[156.639s][info][gc,heap        ] GC(757) ParOldGen: 11104K(1398272K)->11216K(1398272K)
[156.639s][info][gc,metaspace   ] GC(757) Metaspace: 14347K(15360K)->14347K(15360K) NonClass: 12378K(12992K)->12378K(12992K) Class: 1969K(2368K)->1969K(2368K)
[156.639s][info][gc             ] GC(757) Pause Young (Allocation Failure) 315M->11M(1665M) 2.337ms
[156.639s][info][gc,cpu         ] GC(757) User=0.00s Sys=0.33s Real=0.00s
[156.845s][info][gc,start       ] GC(758) Pause Young (Allocation Failure)
[156.847s][info][gc,heap        ] GC(758) PSYoungGen: 306656K(306688K)->1024K(301568K) Eden: 305664K(305664K)->0K(300544K) From: 992K(1024K)->1024K(1024K)
[156.847s][info][gc,heap        ] GC(758) ParOldGen: 11216K(1398272K)->11304K(1398272K)
[156.847s][info][gc,metaspace   ] GC(758) Metaspace: 14347K(15360K)->14347K(15360K) NonClass: 12378K(12992K)->12378K(12992K) Class: 1969K(2368K)->1969K(2368K)
[156.847s][info][gc             ] GC(758) Pause Young (Allocation Failure) 310M->12M(1660M) 2.382ms
[156.847s][info][gc,cpu         ] GC(758) User=0.00s Sys=0.00s Real=0.00s
[157.046s][info][gc,start       ] GC(759) Pause Young (Allocation Failure)
[157.049s][info][gc,heap        ] GC(759) PSYoungGen: 301568K(301568K)->1024K(296448K) Eden: 300544K(300544K)->0K(295424K) From: 1024K(1024K)->1024K(1024K)
[157.049s][info][gc,heap        ] GC(759) ParOldGen: 11304K(1398272K)->11392K(1398272K)
[157.049s][info][gc,metaspace   ] GC(759) Metaspace: 14347K(15360K)->14347K(15360K) NonClass: 12378K(12992K)->12378K(12992K) Class: 1969K(2368K)->1969K(2368K)
[157.049s][info][gc             ] GC(759) Pause Young (Allocation Failure) 305M->12M(1655M) 2.421ms
[157.049s][info][gc,cpu         ] GC(759) User=0.00s Sys=0.00s Real=0.00s
[157.245s][info][gc,start       ] GC(760) Pause Young (Allocation Failure)
[157.248s][info][gc,heap        ] GC(760) PSYoungGen: 296448K(296448K)->992K(355840K) Eden: 295424K(295424K)->0K(354816K) From: 1024K(1024K)->992K(1024K)
[157.248s][info][gc,heap        ] GC(760) ParOldGen: 11392K(1398272K)->11456K(1398272K)
[157.248s][info][gc,metaspace   ] GC(760) Metaspace: 14347K(15360K)->14347K(15360K) NonClass: 12378K(12992K)->12378K(12992K) Class: 1969K(2368K)->1969K(2368K)
[157.248s][info][gc             ] GC(760) Pause Young (Allocation Failure) 300M->12M(1713M) 2.482ms
[157.248s][info][gc,cpu         ] GC(760) User=0.00s Sys=0.00s Real=0.00s
[157.476s][info][gc,start       ] GC(761) Pause Young (Allocation Failure)
[157.478s][info][gc,heap        ] GC(761) PSYoungGen: 355808K(355840K)->992K(427008K) Eden: 354816K(354816K)->0K(425984K) From: 992K(1024K)->992K(1024K)
[157.478s][info][gc,heap        ] GC(761) ParOldGen: 11456K(1398272K)->11520K(1398272K)
[157.478s][info][gc,metaspace   ] GC(761) Metaspace: 14347K(15360K)->14347K(15360K) NonClass: 12378K(12992K)->12378K(12992K) Class: 1969K(2368K)->1969K(2368K)
[157.478s][info][gc             ] GC(761) Pause Young (Allocation Failure) 358M->12M(1782M) 2.613ms
[157.478s][info][gc,cpu         ] GC(761) User=0.00s Sys=0.00s Real=0.00s
[157.718s][info][gc,start       ] GC(762) Pause Young (Allocation Failure)
[157.721s][info][gc,heap        ] GC(762) PSYoungGen: 426976K(427008K)->864K(462848K) Eden: 425984K(425984K)->0K(461312K) From: 992K(1024K)->864K(1536K)
[157.721s][info][gc,heap        ] GC(762) ParOldGen: 11520K(1398272K)->11592K(1398272K)
[157.721s][info][gc,metaspace   ] GC(762) Metaspace: 14347K(15360K)->14347K(15360K) NonClass: 12378K(12992K)->12378K(12992K) Class: 1969K(2368K)->1969K(2368K)
[157.721s][info][gc             ] GC(762) Pause Young (Allocation Failure) 428M->12M(1817M) 2.845ms
[157.721s][info][gc,cpu         ] GC(762) User=0.00s Sys=0.00s Real=0.00s
[158.013s][info][gc,start       ] GC(763) Pause Young (Allocation Failure)
[158.015s][info][gc,heap        ] GC(763) PSYoungGen: 462176K(462848K)->736K(513024K) Eden: 461312K(461312K)->0K(511488K) From: 864K(1536K)->736K(1536K)
[158.015s][info][gc,heap        ] GC(763) ParOldGen: 11592K(1398272K)->11672K(1398272K)
[158.015s][info][gc,metaspace   ] GC(763) Metaspace: 14347K(15360K)->14347K(15360K) NonClass: 12378K(12992K)->12378K(12992K) Class: 1969K(2368K)->1969K(2368K)
[158.016s][info][gc             ] GC(763) Pause Young (Allocation Failure) 462M->12M(1866M) 3.002ms
[158.016s][info][gc,cpu         ] GC(763) User=0.52s Sys=0.00s Real=0.00s
[158.061s][info][gc,start       ] GC(764) Pause Young (System.gc())
[158.064s][info][gc,heap        ] GC(764) PSYoungGen: 22426K(513024K)->128K(513024K) Eden: 21690K(511488K)->0K(511488K) From: 736K(1536K)->128K(1536K)
[158.064s][info][gc,heap        ] GC(764) ParOldGen: 11672K(1398272K)->11792K(1398272K)
[158.064s][info][gc,metaspace   ] GC(764) Metaspace: 14347K(15360K)->14347K(15360K) NonClass: 12378K(12992K)->12378K(12992K) Class: 1969K(2368K)->1969K(2368K)
[158.064s][info][gc             ] GC(764) Pause Young (System.gc()) 33M->11M(1866M) 3.261ms
[158.064s][info][gc,cpu         ] GC(764) User=0.00s Sys=0.00s Real=0.00s
[158.064s][info][gc,start       ] GC(765) Pause Full (System.gc())
[158.064s][info][gc,phases,start] GC(765) Marking Phase
[158.080s][info][gc,phases      ] GC(765) Marking Phase 16.105ms
[158.080s][info][gc,phases,start] GC(765) Summary Phase
[158.080s][info][gc,phases      ] GC(765) Summary Phase 0.015ms
[158.080s][info][gc,phases,start] GC(765) Adjust Roots
[158.085s][info][gc,phases      ] GC(765) Adjust Roots 4.779ms
[158.085s][info][gc,phases,start] GC(765) Compaction Phase
[158.088s][info][gc,phases      ] GC(765) Compaction Phase 2.567ms
[158.088s][info][gc,phases,start] GC(765) Post Compact
[158.088s][info][gc,phases      ] GC(765) Post Compact 0.559ms
[158.089s][info][gc,heap        ] GC(765) PSYoungGen: 128K(513024K)->0K(513024K) Eden: 0K(511488K)->0K(511488K) From: 128K(1536K)->0K(1536K)
[158.089s][info][gc,heap        ] GC(765) ParOldGen: 11792K(1398272K)->5387K(1398272K)
[158.089s][info][gc,metaspace   ] GC(765) Metaspace: 14347K(15360K)->14347K(15360K) NonClass: 12378K(12992K)->12378K(12992K) Class: 1969K(2368K)->1969K(2368K)
[158.089s][info][gc             ] GC(765) Pause Full (System.gc()) 11M->5M(1866M) 24.321ms
[158.089s][info][gc,cpu         ] GC(765) User=0.52s Sys=0.00s Real=0.02s
[158.516s][info][gc,start       ] GC(766) Pause Young (Allocation Failure)
[158.520s][info][gc,heap        ] GC(766) PSYoungGen: 511488K(513024K)->1536K(500736K) Eden: 511488K(511488K)->0K(499200K) From: 0K(1536K)->1536K(1536K)
[158.520s][info][gc,heap        ] GC(766) ParOldGen: 5387K(1398272K)->5895K(1398272K)
[158.520s][info][gc,metaspace   ] GC(766) Metaspace: 14348K(15360K)->14348K(15360K) NonClass: 12379K(12992K)->12379K(12992K) Class: 1969K(2368K)->1969K(2368K)
[158.520s][info][gc             ] GC(766) Pause Young (Allocation Failure) 504M->7M(1854M) 3.349ms
[158.520s][info][gc,cpu         ] GC(766) User=0.00s Sys=0.00s Real=0.00s
[158.874s][info][gc,start       ] GC(767) Pause Young (Allocation Failure)
[158.877s][info][gc,heap        ] GC(767) PSYoungGen: 500736K(500736K)->1024K(488448K) Eden: 499200K(499200K)->0K(487424K) From: 1536K(1536K)->1024K(1024K)
[158.877s][info][gc,heap        ] GC(767) ParOldGen: 5895K(1398272K)->7123K(1398272K)
[158.877s][info][gc,metaspace   ] GC(767) Metaspace: 14348K(15360K)->14348K(15360K) NonClass: 12379K(12992K)->12379K(12992K) Class: 1969K(2368K)->1969K(2368K)
[158.877s][info][gc             ] GC(767) Pause Young (Allocation Failure) 494M->7M(1842M) 3.017ms
[158.877s][info][gc,cpu         ] GC(767) User=0.00s Sys=0.00s Real=0.00s
[159.212s][info][gc,start       ] GC(768) Pause Young (Allocation Failure)
[159.215s][info][gc,heap        ] GC(768) PSYoungGen: 488448K(488448K)->1056K(477696K) Eden: 487424K(487424K)->0K(476160K) From: 1024K(1024K)->1056K(1536K)
[159.215s][info][gc,heap        ] GC(768) ParOldGen: 7123K(1398272K)->7259K(1398272K)
[159.215s][info][gc,metaspace   ] GC(768) Metaspace: 14348K(15360K)->14348K(15360K) NonClass: 12379K(12992K)->12379K(12992K) Class: 1969K(2368K)->1969K(2368K)
[159.215s][info][gc             ] GC(768) Pause Young (Allocation Failure) 483M->8M(1832M) 2.682ms
[159.215s][info][gc,cpu         ] GC(768) User=0.00s Sys=0.00s Real=0.00s
[159.526s][info][gc,start       ] GC(769) Pause Young (Allocation Failure)
[159.528s][info][gc,heap        ] GC(769) PSYoungGen: 477215K(477696K)->1056K(466432K) Eden: 476159K(476160K)->0K(464896K) From: 1056K(1536K)->1056K(1536K)
[159.528s][info][gc,heap        ] GC(769) ParOldGen: 7259K(1398272K)->7379K(1398272K)
[159.528s][info][gc,metaspace   ] GC(769) Metaspace: 14348K(15360K)->14348K(15360K) NonClass: 12379K(12992K)->12379K(12992K) Class: 1969K(2368K)->1969K(2368K)
[159.528s][info][gc             ] GC(769) Pause Young (Allocation Failure) 473M->8M(1821M) 2.616ms
[159.528s][info][gc,cpu         ] GC(769) User=0.00s Sys=0.00s Real=0.00s
[159.848s][info][gc,start       ] GC(770) Pause Young (Allocation Failure)
[159.880s][info][gc,heap        ] GC(770) PSYoungGen: 465952K(466432K)->1024K(455168K) Eden: 464896K(464896K)->0K(454144K) From: 1056K(1536K)->1024K(1024K)
[159.880s][info][gc,heap        ] GC(770) ParOldGen: 7379K(1398272K)->7515K(1398272K)
[159.880s][info][gc,metaspace   ] GC(770) Metaspace: 14348K(15360K)->14348K(15360K) NonClass: 12379K(12992K)->12379K(12992K) Class: 1969K(2368K)->1969K(2368K)
[159.880s][info][gc             ] GC(770) Pause Young (Allocation Failure) 462M->8M(1810M) 32.950ms
[159.881s][info][gc,cpu         ] GC(770) User=0.00s Sys=0.00s Real=0.03s
[160.183s][info][gc,start       ] GC(771) Pause Young (Allocation Failure)
[160.186s][info][gc,heap        ] GC(771) PSYoungGen: 455168K(455168K)->1024K(444928K) Eden: 454144K(454144K)->0K(443904K) From: 1024K(1024K)->1024K(1024K)
[160.186s][info][gc,heap        ] GC(771) ParOldGen: 7515K(1398272K)->7627K(1398272K)
[160.186s][info][gc,metaspace   ] GC(771) Metaspace: 14348K(15360K)->14348K(15360K) NonClass: 12379K(12992K)->12379K(12992K) Class: 1969K(2368K)->1969K(2368K)
[160.186s][info][gc             ] GC(771) Pause Young (Allocation Failure) 451M->8M(1800M) 2.560ms
[160.186s][info][gc,cpu         ] GC(771) User=0.52s Sys=0.00s Real=0.00s
[160.475s][info][gc,start       ] GC(772) Pause Young (Allocation Failure)
[160.477s][info][gc,heap        ] GC(772) PSYoungGen: 444928K(444928K)->1024K(435200K) Eden: 443904K(443904K)->0K(434176K) From: 1024K(1024K)->1024K(1024K)
[160.477s][info][gc,heap        ] GC(772) ParOldGen: 7627K(1398272K)->7739K(1398272K)
[160.477s][info][gc,metaspace   ] GC(772) Metaspace: 14348K(15360K)->14348K(15360K) NonClass: 12379K(12992K)->12379K(12992K) Class: 1969K(2368K)->1969K(2368K)
[160.477s][info][gc             ] GC(772) Pause Young (Allocation Failure) 441M->8M(1790M) 2.599ms
[160.477s][info][gc,cpu         ] GC(772) User=0.00s Sys=0.00s Real=0.00s
[160.762s][info][gc,start       ] GC(773) Pause Young (Allocation Failure)
[160.764s][info][gc,heap        ] GC(773) PSYoungGen: 435200K(435200K)->1056K(425984K) Eden: 434176K(434176K)->0K(424448K) From: 1024K(1024K)->1056K(1536K)
[160.764s][info][gc,heap        ] GC(773) ParOldGen: 7739K(1398272K)->7843K(1398272K)
[160.764s][info][gc,metaspace   ] GC(773) Metaspace: 14348K(15360K)->14348K(15360K) NonClass: 12379K(12992K)->12379K(12992K) Class: 1969K(2368K)->1969K(2368K)
[160.764s][info][gc             ] GC(773) Pause Young (Allocation Failure) 432M->8M(1781M) 2.622ms
[160.764s][info][gc,cpu         ] GC(773) User=0.52s Sys=0.00s Real=0.00s
[161.039s][info][gc,start       ] GC(774) Pause Young (Allocation Failure)
[161.042s][info][gc,heap        ] GC(774) PSYoungGen: 425504K(425984K)->1024K(416256K) Eden: 424448K(424448K)->0K(415232K) From: 1056K(1536K)->1024K(1024K)
[161.042s][info][gc,heap        ] GC(774) ParOldGen: 7843K(1398272K)->7979K(1398272K)
[161.042s][info][gc,metaspace   ] GC(774) Metaspace: 14348K(15360K)->14348K(15360K) NonClass: 12379K(12992K)->12379K(12992K) Class: 1969K(2368K)->1969K(2368K)
[161.042s][info][gc             ] GC(774) Pause Young (Allocation Failure) 423M->8M(1772M) 2.654ms
[161.042s][info][gc,cpu         ] GC(774) User=0.00s Sys=0.00s Real=0.00s
[161.314s][info][gc,start       ] GC(775) Pause Young (Allocation Failure)
[161.316s][info][gc,heap        ] GC(775) PSYoungGen: 416256K(416256K)->1024K(407552K) Eden: 415232K(415232K)->0K(406528K) From: 1024K(1024K)->1024K(1024K)
[161.316s][info][gc,heap        ] GC(775) ParOldGen: 7979K(1398272K)->8131K(1398272K)
[161.316s][info][gc,metaspace   ] GC(775) Metaspace: 14348K(15360K)->14348K(15360K) NonClass: 12379K(12992K)->12379K(12992K) Class: 1969K(2368K)->1969K(2368K)
[161.316s][info][gc             ] GC(775) Pause Young (Allocation Failure) 414M->8M(1763M) 2.696ms
[161.316s][info][gc,cpu         ] GC(775) User=0.00s Sys=0.00s Real=0.00s
[161.676s][info][gc,start       ] GC(776) Pause Young (Allocation Failure)
[161.679s][info][gc,heap        ] GC(776) PSYoungGen: 407552K(407552K)->1024K(398848K) Eden: 406528K(406528K)->0K(397824K) From: 1024K(1024K)->1024K(1024K)
[161.680s][info][gc,heap        ] GC(776) ParOldGen: 8131K(1398272K)->8235K(1398272K)
[161.680s][info][gc,metaspace   ] GC(776) Metaspace: 14348K(15360K)->14348K(15360K) NonClass: 12379K(12992K)->12379K(12992K) Class: 1969K(2368K)->1969K(2368K)
[161.680s][info][gc             ] GC(776) Pause Young (Allocation Failure) 405M->9M(1755M) 3.397ms
[161.680s][info][gc,cpu         ] GC(776) User=0.00s Sys=0.00s Real=0.00s
[161.960s][info][gc,start       ] GC(777) Pause Young (Allocation Failure)
[161.963s][info][gc,heap        ] GC(777) PSYoungGen: 398848K(398848K)->1056K(391168K) Eden: 397824K(397824K)->0K(389632K) From: 1024K(1024K)->1056K(1536K)
[161.963s][info][gc,heap        ] GC(777) ParOldGen: 8235K(1398272K)->8339K(1398272K)
[161.963s][info][gc,metaspace   ] GC(777) Metaspace: 14348K(15360K)->14348K(15360K) NonClass: 12379K(12992K)->12379K(12992K) Class: 1969K(2368K)->1969K(2368K)
[161.963s][info][gc             ] GC(777) Pause Young (Allocation Failure) 397M->9M(1747M) 2.559ms
[161.963s][info][gc,cpu         ] GC(777) User=0.00s Sys=0.00s Real=0.00s
[162.227s][info][gc,start       ] GC(778) Pause Young (Allocation Failure)
[162.229s][info][gc,heap        ] GC(778) PSYoungGen: 390688K(391168K)->1024K(382464K) Eden: 389632K(389632K)->0K(381440K) From: 1056K(1536K)->1024K(1024K)
[162.229s][info][gc,heap        ] GC(778) ParOldGen: 8339K(1398272K)->8467K(1398272K)
[162.229s][info][gc,metaspace   ] GC(778) Metaspace: 14348K(15360K)->14348K(15360K) NonClass: 12379K(12992K)->12379K(12992K) Class: 1969K(2368K)->1969K(2368K)
[162.229s][info][gc             ] GC(778) Pause Young (Allocation Failure) 389M->9M(1739M) 2.418ms
[162.229s][info][gc,cpu         ] GC(778) User=0.00s Sys=0.00s Real=0.00s
[162.498s][info][gc,start       ] GC(779) Pause Young (Allocation Failure)
[162.501s][info][gc,heap        ] GC(779) PSYoungGen: 382464K(382464K)->1024K(374784K) Eden: 381440K(381440K)->0K(373760K) From: 1024K(1024K)->1024K(1024K)
[162.501s][info][gc,heap        ] GC(779) ParOldGen: 8467K(1398272K)->8595K(1398272K)
[162.501s][info][gc,metaspace   ] GC(779) Metaspace: 14348K(15360K)->14348K(15360K) NonClass: 12379K(12992K)->12379K(12992K) Class: 1969K(2368K)->1969K(2368K)
[162.501s][info][gc             ] GC(779) Pause Young (Allocation Failure) 381M->9M(1731M) 2.382ms
[162.501s][info][gc,cpu         ] GC(779) User=0.39s Sys=0.13s Real=0.00s
[162.746s][info][gc,start       ] GC(780) Pause Young (Allocation Failure)
[162.749s][info][gc,heap        ] GC(780) PSYoungGen: 374784K(374784K)->992K(367104K) Eden: 373760K(373760K)->0K(366080K) From: 1024K(1024K)->992K(1024K)
[162.749s][info][gc,heap        ] GC(780) ParOldGen: 8595K(1398272K)->8707K(1398272K)
[162.749s][info][gc,metaspace   ] GC(780) Metaspace: 14348K(15360K)->14348K(15360K) NonClass: 12379K(12992K)->12379K(12992K) Class: 1969K(2368K)->1969K(2368K)
[162.749s][info][gc             ] GC(780) Pause Young (Allocation Failure) 374M->9M(1724M) 2.416ms
[162.749s][info][gc,cpu         ] GC(780) User=0.52s Sys=0.00s Real=0.00s
[162.988s][info][gc,start       ] GC(781) Pause Young (Allocation Failure)
[162.990s][info][gc,heap        ] GC(781) PSYoungGen: 367072K(367104K)->1056K(360448K) Eden: 366080K(366080K)->0K(358912K) From: 992K(1024K)->1056K(1536K)
[162.990s][info][gc,heap        ] GC(781) ParOldGen: 8707K(1398272K)->8787K(1398272K)
[162.991s][info][gc,metaspace   ] GC(781) Metaspace: 14348K(15360K)->14348K(15360K) NonClass: 12379K(12992K)->12379K(12992K) Class: 1969K(2368K)->1969K(2368K)
[162.991s][info][gc             ] GC(781) Pause Young (Allocation Failure) 366M->9M(1717M) 2.413ms
[162.991s][info][gc,cpu         ] GC(781) User=0.00s Sys=0.00s Real=0.00s
[163.225s][info][gc,start       ] GC(782) Pause Young (Allocation Failure)
[163.228s][info][gc,heap        ] GC(782) PSYoungGen: 359968K(360448K)->1024K(352768K) Eden: 358912K(358912K)->0K(351744K) From: 1056K(1536K)->1024K(1024K)
[163.228s][info][gc,heap        ] GC(782) ParOldGen: 8787K(1398272K)->8899K(1398272K)
[163.228s][info][gc,metaspace   ] GC(782) Metaspace: 14348K(15360K)->14348K(15360K) NonClass: 12379K(12992K)->12379K(12992K) Class: 1969K(2368K)->1969K(2368K)
[163.228s][info][gc             ] GC(782) Pause Young (Allocation Failure) 360M->9M(1710M) 2.411ms
[163.228s][info][gc,cpu         ] GC(782) User=0.00s Sys=0.00s Real=0.00s
[163.457s][info][gc,start       ] GC(783) Pause Young (Allocation Failure)
[163.459s][info][gc,heap        ] GC(783) PSYoungGen: 352768K(352768K)->1024K(346112K) Eden: 351744K(351744K)->0K(345088K) From: 1024K(1024K)->1024K(1024K)
[163.459s][info][gc,heap        ] GC(783) ParOldGen: 8899K(1398272K)->9003K(1398272K)
[163.459s][info][gc,metaspace   ] GC(783) Metaspace: 14348K(15360K)->14348K(15360K) NonClass: 12379K(12992K)->12379K(12992K) Class: 1969K(2368K)->1969K(2368K)
[163.459s][info][gc             ] GC(783) Pause Young (Allocation Failure) 353M->9M(1703M) 2.474ms
[163.459s][info][gc,cpu         ] GC(783) User=0.00s Sys=0.00s Real=0.00s
[163.686s][info][gc,start       ] GC(784) Pause Young (Allocation Failure)
[163.689s][info][gc,heap        ] GC(784) PSYoungGen: 346112K(346112K)->1056K(339968K) Eden: 345088K(345088K)->0K(338432K) From: 1024K(1024K)->1056K(1536K)
[163.689s][info][gc,heap        ] GC(784) ParOldGen: 9003K(1398272K)->9099K(1398272K)
[163.689s][info][gc,metaspace   ] GC(784) Metaspace: 14348K(15360K)->14348K(15360K) NonClass: 12379K(12992K)->12379K(12992K) Class: 1969K(2368K)->1969K(2368K)
[163.689s][info][gc             ] GC(784) Pause Young (Allocation Failure) 346M->9M(1697M) 2.524ms
[163.689s][info][gc,cpu         ] GC(784) User=0.00s Sys=0.00s Real=0.00s
[163.909s][info][gc,start       ] GC(785) Pause Young (Allocation Failure)
[163.912s][info][gc,heap        ] GC(785) PSYoungGen: 339488K(339968K)->1024K(333312K) Eden: 338432K(338432K)->0K(332288K) From: 1056K(1536K)->1024K(1024K)
[163.912s][info][gc,heap        ] GC(785) ParOldGen: 9099K(1398272K)->9171K(1398272K)
[163.912s][info][gc,metaspace   ] GC(785) Metaspace: 14348K(15360K)->14348K(15360K) NonClass: 12379K(12992K)->12379K(12992K) Class: 1969K(2368K)->1969K(2368K)
[163.912s][info][gc             ] GC(785) Pause Young (Allocation Failure) 340M->9M(1691M) 2.544ms
[163.912s][info][gc,cpu         ] GC(785) User=0.00s Sys=0.00s Real=0.00s
[164.129s][info][gc,start       ] GC(786) Pause Young (Allocation Failure)
[164.131s][info][gc,heap        ] GC(786) PSYoungGen: 333312K(333312K)->1024K(327168K) Eden: 332288K(332288K)->0K(326144K) From: 1024K(1024K)->1024K(1024K)
[164.131s][info][gc,heap        ] GC(786) ParOldGen: 9171K(1398272K)->9251K(1398272K)
[164.131s][info][gc,metaspace   ] GC(786) Metaspace: 14348K(15360K)->14348K(15360K) NonClass: 12379K(12992K)->12379K(12992K) Class: 1969K(2368K)->1969K(2368K)
[164.131s][info][gc             ] GC(786) Pause Young (Allocation Failure) 334M->10M(1685M) 2.501ms
[164.131s][info][gc,cpu         ] GC(786) User=0.00s Sys=0.00s Real=0.00s
[164.346s][info][gc,start       ] GC(787) Pause Young (Allocation Failure)
[164.349s][info][gc,heap        ] GC(787) PSYoungGen: 327168K(327168K)->1024K(392704K) Eden: 326144K(326144K)->0K(391680K) From: 1024K(1024K)->1024K(1024K)
[164.349s][info][gc,heap        ] GC(787) ParOldGen: 9251K(1398272K)->9331K(1398272K)
[164.349s][info][gc,metaspace   ] GC(787) Metaspace: 14348K(15360K)->14348K(15360K) NonClass: 12379K(12992K)->12379K(12992K) Class: 1969K(2368K)->1969K(2368K)
[164.349s][info][gc             ] GC(787) Pause Young (Allocation Failure) 328M->10M(1749M) 2.613ms
[164.349s][info][gc,cpu         ] GC(787) User=0.00s Sys=0.00s Real=0.00s
[164.605s][info][gc,start       ] GC(788) Pause Young (Allocation Failure)
[164.608s][info][gc,heap        ] GC(788) PSYoungGen: 392704K(392704K)->992K(471040K) Eden: 391680K(391680K)->0K(470016K) From: 1024K(1024K)->992K(1024K)
[164.608s][info][gc,heap        ] GC(788) ParOldGen: 9331K(1398272K)->9443K(1398272K)
[164.608s][info][gc,metaspace   ] GC(788) Metaspace: 14348K(15360K)->14348K(15360K) NonClass: 12379K(12992K)->12379K(12992K) Class: 1969K(2368K)->1969K(2368K)
[164.608s][info][gc             ] GC(788) Pause Young (Allocation Failure) 392M->10M(1825M) 2.695ms
[164.608s][info][gc,cpu         ] GC(788) User=0.52s Sys=0.00s Real=0.00s
[164.931s][info][gc,start       ] GC(789) Pause Young (Allocation Failure)
[164.933s][info][gc,heap        ] GC(789) PSYoungGen: 471008K(471040K)->1056K(460800K) Eden: 470016K(470016K)->0K(459264K) From: 992K(1024K)->1056K(1536K)
[164.933s][info][gc,heap        ] GC(789) ParOldGen: 9443K(1398272K)->9531K(1398272K)
[164.933s][info][gc,metaspace   ] GC(789) Metaspace: 14348K(15360K)->14348K(15360K) NonClass: 12379K(12992K)->12379K(12992K) Class: 1969K(2368K)->1969K(2368K)
[164.933s][info][gc             ] GC(789) Pause Young (Allocation Failure) 469M->10M(1815M) 2.567ms
[164.933s][info][gc,cpu         ] GC(789) User=0.00s Sys=0.00s Real=0.00s
[165.237s][info][gc,start       ] GC(790) Pause Young (Allocation Failure)
[165.239s][info][gc,heap        ] GC(790) PSYoungGen: 460320K(460800K)->1024K(450048K) Eden: 459264K(459264K)->0K(449024K) From: 1056K(1536K)->1024K(1024K)
[165.239s][info][gc,heap        ] GC(790) ParOldGen: 9531K(1398272K)->9651K(1398272K)
[165.239s][info][gc,metaspace   ] GC(790) Metaspace: 14348K(15360K)->14348K(15360K) NonClass: 12379K(12992K)->12379K(12992K) Class: 1969K(2368K)->1969K(2368K)
[165.239s][info][gc             ] GC(790) Pause Young (Allocation Failure) 458M->10M(1805M) 2.500ms
[165.239s][info][gc,cpu         ] GC(790) User=0.00s Sys=0.00s Real=0.00s
[165.548s][info][gc,start       ] GC(791) Pause Young (Allocation Failure)
[165.551s][info][gc,heap        ] GC(791) PSYoungGen: 450048K(450048K)->1024K(439808K) Eden: 449024K(449024K)->0K(438784K) From: 1024K(1024K)->1024K(1024K)
[165.551s][info][gc,heap        ] GC(791) ParOldGen: 9651K(1398272K)->9771K(1398272K)
[165.551s][info][gc,metaspace   ] GC(791) Metaspace: 14348K(15360K)->14348K(15360K) NonClass: 12379K(12992K)->12379K(12992K) Class: 1969K(2368K)->1969K(2368K)
[165.551s][info][gc             ] GC(791) Pause Young (Allocation Failure) 448M->10M(1795M) 2.405ms
[165.551s][info][gc,cpu         ] GC(791) User=0.00s Sys=0.00s Real=0.00s
[165.839s][info][gc,start       ] GC(792) Pause Young (Allocation Failure)
[165.841s][info][gc,heap        ] GC(792) PSYoungGen: 439808K(439808K)->992K(430080K) Eden: 438784K(438784K)->0K(429056K) From: 1024K(1024K)->992K(1024K)
[165.841s][info][gc,heap        ] GC(792) ParOldGen: 9771K(1398272K)->9891K(1398272K)
[165.841s][info][gc,metaspace   ] GC(792) Metaspace: 14348K(15360K)->14348K(15360K) NonClass: 12379K(12992K)->12379K(12992K) Class: 1969K(2368K)->1969K(2368K)
[165.841s][info][gc             ] GC(792) Pause Young (Allocation Failure) 439M->10M(1785M) 2.470ms
[165.841s][info][gc,cpu         ] GC(792) User=0.00s Sys=0.00s Real=0.00s
[166.119s][info][gc,start       ] GC(793) Pause Young (Allocation Failure)
[166.121s][info][gc,heap        ] GC(793) PSYoungGen: 430048K(430080K)->1024K(420864K) Eden: 429056K(429056K)->0K(419840K) From: 992K(1024K)->1024K(1024K)
[166.122s][info][gc,heap        ] GC(793) ParOldGen: 9891K(1398272K)->9987K(1398272K)
[166.122s][info][gc,metaspace   ] GC(793) Metaspace: 14348K(15360K)->14348K(15360K) NonClass: 12379K(12992K)->12379K(12992K) Class: 1969K(2368K)->1969K(2368K)
[166.122s][info][gc             ] GC(793) Pause Young (Allocation Failure) 429M->10M(1776M) 2.618ms
[166.122s][info][gc,cpu         ] GC(793) User=0.00s Sys=0.00s Real=0.00s
[166.399s][info][gc,start       ] GC(794) Pause Young (Allocation Failure)
[166.401s][info][gc,heap        ] GC(794) PSYoungGen: 420864K(420864K)->1024K(411648K) Eden: 419840K(419840K)->0K(410624K) From: 1024K(1024K)->1024K(1024K)
[166.401s][info][gc,heap        ] GC(794) ParOldGen: 9987K(1398272K)->10099K(1398272K)
[166.401s][info][gc,metaspace   ] GC(794) Metaspace: 14348K(15360K)->14348K(15360K) NonClass: 12379K(12992K)->12379K(12992K) Class: 1969K(2368K)->1969K(2368K)
[166.401s][info][gc             ] GC(794) Pause Young (Allocation Failure) 420M->10M(1767M) 2.561ms
[166.402s][info][gc,cpu         ] GC(794) User=0.00s Sys=0.00s Real=0.00s
[166.670s][info][gc,start       ] GC(795) Pause Young (Allocation Failure)
[166.678s][info][gc,heap        ] GC(795) PSYoungGen: 411648K(411648K)->1056K(403456K) Eden: 410624K(410624K)->0K(401920K) From: 1024K(1024K)->1056K(1536K)
[166.678s][info][gc,heap        ] GC(795) ParOldGen: 10099K(1398272K)->10195K(1398272K)
[166.678s][info][gc,metaspace   ] GC(795) Metaspace: 14348K(15360K)->14348K(15360K) NonClass: 12379K(12992K)->12379K(12992K) Class: 1969K(2368K)->1969K(2368K)
[166.678s][info][gc             ] GC(795) Pause Young (Allocation Failure) 411M->10M(1759M) 8.574ms
[166.678s][info][gc,cpu         ] GC(795) User=0.00s Sys=0.00s Real=0.01s
[166.942s][info][gc,start       ] GC(796) Pause Young (Allocation Failure)
[166.945s][info][gc,heap        ] GC(796) PSYoungGen: 402976K(403456K)->1024K(394240K) Eden: 401920K(401920K)->0K(393216K) From: 1056K(1536K)->1024K(1024K)
[166.945s][info][gc,heap        ] GC(796) ParOldGen: 10195K(1398272K)->10307K(1398272K)
[166.945s][info][gc,metaspace   ] GC(796) Metaspace: 14348K(15360K)->14348K(15360K) NonClass: 12379K(12992K)->12379K(12992K) Class: 1969K(2368K)->1969K(2368K)
[166.945s][info][gc             ] GC(796) Pause Young (Allocation Failure) 403M->11M(1750M) 2.536ms
[166.945s][info][gc,cpu         ] GC(796) User=0.00s Sys=0.00s Real=0.00s
[167.200s][info][gc,start       ] GC(797) Pause Young (Allocation Failure)
[167.203s][info][gc,heap        ] GC(797) PSYoungGen: 394240K(394240K)->1056K(386560K) Eden: 393216K(393216K)->0K(385024K) From: 1024K(1024K)->1056K(1536K)
[167.203s][info][gc,heap        ] GC(797) ParOldGen: 10307K(1398272K)->10395K(1398272K)
[167.203s][info][gc,metaspace   ] GC(797) Metaspace: 14348K(15360K)->14348K(15360K) NonClass: 12379K(12992K)->12379K(12992K) Class: 1969K(2368K)->1969K(2368K)
[167.203s][info][gc             ] GC(797) Pause Young (Allocation Failure) 395M->11M(1743M) 2.622ms
[167.203s][info][gc,cpu         ] GC(797) User=0.52s Sys=0.00s Real=0.00s
[167.454s][info][gc,start       ] GC(798) Pause Young (Allocation Failure)
[167.456s][info][gc,heap        ] GC(798) PSYoungGen: 386080K(386560K)->1024K(378368K) Eden: 385024K(385024K)->0K(377344K) From: 1056K(1536K)->1024K(1024K)
[167.456s][info][gc,heap        ] GC(798) ParOldGen: 10395K(1398272K)->10499K(1398272K)
[167.456s][info][gc,metaspace   ] GC(798) Metaspace: 14348K(15360K)->14348K(15360K) NonClass: 12379K(12992K)->12379K(12992K) Class: 1969K(2368K)->1969K(2368K)
[167.456s][info][gc             ] GC(798) Pause Young (Allocation Failure) 387M->11M(1735M) 2.591ms
[167.456s][info][gc,cpu         ] GC(798) User=0.00s Sys=0.00s Real=0.00s
[167.701s][info][gc,start       ] GC(799) Pause Young (Allocation Failure)
[167.703s][info][gc,heap        ] GC(799) PSYoungGen: 378368K(378368K)->1024K(370688K) Eden: 377344K(377344K)->0K(369664K) From: 1024K(1024K)->1024K(1024K)
[167.703s][info][gc,heap        ] GC(799) ParOldGen: 10499K(1398272K)->10619K(1398272K)
[167.703s][info][gc,metaspace   ] GC(799) Metaspace: 14348K(15360K)->14348K(15360K) NonClass: 12379K(12992K)->12379K(12992K) Class: 1969K(2368K)->1969K(2368K)
[167.703s][info][gc             ] GC(799) Pause Young (Allocation Failure) 379M->11M(1727M) 2.670ms
[167.703s][info][gc,cpu         ] GC(799) User=0.52s Sys=0.00s Real=0.00s
[167.944s][info][gc,start       ] GC(800) Pause Young (Allocation Failure)
[167.947s][info][gc,heap        ] GC(800) PSYoungGen: 370688K(370688K)->1024K(363520K) Eden: 369664K(369664K)->0K(362496K) From: 1024K(1024K)->1024K(1024K)
[167.947s][info][gc,heap        ] GC(800) ParOldGen: 10619K(1398272K)->10715K(1398272K)
[167.947s][info][gc,metaspace   ] GC(800) Metaspace: 14348K(15360K)->14348K(15360K) NonClass: 12379K(12992K)->12379K(12992K) Class: 1969K(2368K)->1969K(2368K)
[167.947s][info][gc             ] GC(800) Pause Young (Allocation Failure) 372M->11M(1720M) 2.726ms
[167.947s][info][gc,cpu         ] GC(800) User=0.00s Sys=0.00s Real=0.00s
[168.187s][info][gc,start       ] GC(801) Pause Young (Allocation Failure)
[168.190s][info][gc,heap        ] GC(801) PSYoungGen: 363520K(363520K)->1024K(356352K) Eden: 362496K(362496K)->0K(355328K) From: 1024K(1024K)->1024K(1024K)
[168.190s][info][gc,heap        ] GC(801) ParOldGen: 10715K(1398272K)->10815K(1398272K)
[168.190s][info][gc,metaspace   ] GC(801) Metaspace: 14348K(15360K)->14348K(15360K) NonClass: 12379K(12992K)->12379K(12992K) Class: 1969K(2368K)->1969K(2368K)
[168.190s][info][gc             ] GC(801) Pause Young (Allocation Failure) 365M->11M(1713M) 2.739ms
[168.190s][info][gc,cpu         ] GC(801) User=0.00s Sys=0.00s Real=0.00s
[168.475s][info][gc,start       ] GC(802) Pause Young (Allocation Failure)
[168.478s][info][gc,heap        ] GC(802) PSYoungGen: 356352K(356352K)->1024K(427520K) Eden: 355328K(355328K)->0K(426496K) From: 1024K(1024K)->1024K(1024K)
[168.478s][info][gc,heap        ] GC(802) ParOldGen: 10815K(1398272K)->10903K(1398272K)
[168.478s][info][gc,metaspace   ] GC(802) Metaspace: 14348K(15360K)->14348K(15360K) NonClass: 12379K(12992K)->12379K(12992K) Class: 1969K(2368K)->1969K(2368K)
[168.478s][info][gc             ] GC(802) Pause Young (Allocation Failure) 358M->11M(1783M) 3.418ms
[168.478s][info][gc,cpu         ] GC(802) User=0.00s Sys=0.00s Real=0.00s
[168.776s][info][gc,start       ] GC(803) Pause Young (Allocation Failure)
[168.779s][info][gc,heap        ] GC(803) PSYoungGen: 427520K(427520K)->1056K(418816K) Eden: 426496K(426496K)->0K(417280K) From: 1024K(1024K)->1056K(1536K)
[168.779s][info][gc,heap        ] GC(803) ParOldGen: 10903K(1398272K)->10975K(1398272K)
[168.779s][info][gc,metaspace   ] GC(803) Metaspace: 14348K(15360K)->14348K(15360K) NonClass: 12379K(12992K)->12379K(12992K) Class: 1969K(2368K)->1969K(2368K)
[168.779s][info][gc             ] GC(803) Pause Young (Allocation Failure) 428M->11M(1774M) 2.582ms
[168.779s][info][gc,cpu         ] GC(803) User=0.00s Sys=0.00s Real=0.00s
[169.083s][info][gc,start       ] GC(804) Pause Young (Allocation Failure)
[169.085s][info][gc,heap        ] GC(804) PSYoungGen: 418336K(418816K)->1024K(409088K) Eden: 417280K(417280K)->0K(408064K) From: 1056K(1536K)->1024K(1024K)
[169.085s][info][gc,heap        ] GC(804) ParOldGen: 10975K(1398272K)->11079K(1398272K)
[169.085s][info][gc,metaspace   ] GC(804) Metaspace: 14348K(15360K)->14348K(15360K) NonClass: 12379K(12992K)->12379K(12992K) Class: 1969K(2368K)->1969K(2368K)
[169.085s][info][gc             ] GC(804) Pause Young (Allocation Failure) 419M->11M(1765M) 2.443ms
[169.085s][info][gc,cpu         ] GC(804) User=0.00s Sys=0.00s Real=0.00s
[169.349s][info][gc,start       ] GC(805) Pause Young (Allocation Failure)
[169.351s][info][gc,heap        ] GC(805) PSYoungGen: 409087K(409088K)->1024K(400384K) Eden: 408063K(408064K)->0K(399360K) From: 1024K(1024K)->1024K(1024K)
[169.351s][info][gc,heap        ] GC(805) ParOldGen: 11079K(1398272K)->11223K(1398272K)
[169.351s][info][gc,metaspace   ] GC(805) Metaspace: 14348K(15360K)->14348K(15360K) NonClass: 12379K(12992K)->12379K(12992K) Class: 1969K(2368K)->1969K(2368K)
[169.351s][info][gc             ] GC(805) Pause Young (Allocation Failure) 410M->11M(1756M) 2.521ms
[169.351s][info][gc,cpu         ] GC(805) User=0.00s Sys=0.00s Real=0.00s
[169.610s][info][gc,start       ] GC(806) Pause Young (Allocation Failure)
[169.613s][info][gc,heap        ] GC(806) PSYoungGen: 400384K(400384K)->1024K(392192K) Eden: 399360K(399360K)->0K(391168K) From: 1024K(1024K)->1024K(1024K)
[169.613s][info][gc,heap        ] GC(806) ParOldGen: 11223K(1398272K)->11319K(1398272K)
[169.613s][info][gc,metaspace   ] GC(806) Metaspace: 14348K(15360K)->14348K(15360K) NonClass: 12379K(12992K)->12379K(12992K) Class: 1969K(2368K)->1969K(2368K)
[169.613s][info][gc             ] GC(806) Pause Young (Allocation Failure) 401M->12M(1748M) 2.549ms
[169.613s][info][gc,cpu         ] GC(806) User=0.00s Sys=0.00s Real=0.00s
[169.866s][info][gc,start       ] GC(807) Pause Young (Allocation Failure)
[169.868s][info][gc,heap        ] GC(807) PSYoungGen: 392192K(392192K)->1056K(384512K) Eden: 391168K(391168K)->0K(382976K) From: 1024K(1024K)->1056K(1536K)
[169.869s][info][gc,heap        ] GC(807) ParOldGen: 11319K(1398272K)->11383K(1398272K)
[169.869s][info][gc,metaspace   ] GC(807) Metaspace: 14348K(15360K)->14348K(15360K) NonClass: 12379K(12992K)->12379K(12992K) Class: 1969K(2368K)->1969K(2368K)
[169.869s][info][gc             ] GC(807) Pause Young (Allocation Failure) 394M->12M(1741M) 2.488ms
[169.869s][info][gc,cpu         ] GC(807) User=0.00s Sys=0.00s Real=0.00s
[170.108s][info][gc,start       ] GC(808) Pause Young (Allocation Failure)
[170.110s][info][gc,heap        ] GC(808) PSYoungGen: 384032K(384512K)->992K(376320K) Eden: 382976K(382976K)->0K(375296K) From: 1056K(1536K)->992K(1024K)
[170.110s][info][gc,heap        ] GC(808) ParOldGen: 11383K(1398272K)->11511K(1398272K)
[170.110s][info][gc,metaspace   ] GC(808) Metaspace: 14348K(15360K)->14348K(15360K) NonClass: 12379K(12992K)->12379K(12992K) Class: 1969K(2368K)->1969K(2368K)
[170.110s][info][gc             ] GC(808) Pause Young (Allocation Failure) 386M->12M(1733M) 2.558ms
[170.110s][info][gc,cpu         ] GC(808) User=0.00s Sys=0.00s Real=0.00s
[170.346s][info][gc,start       ] GC(809) Pause Young (Allocation Failure)
[170.348s][info][gc,heap        ] GC(809) PSYoungGen: 376288K(376320K)->992K(368640K) Eden: 375296K(375296K)->0K(367616K) From: 992K(1024K)->992K(1024K)
[170.348s][info][gc,heap        ] GC(809) ParOldGen: 11511K(1398272K)->11599K(1398272K)
[170.348s][info][gc,metaspace   ] GC(809) Metaspace: 14348K(15360K)->14348K(15360K) NonClass: 12379K(12992K)->12379K(12992K) Class: 1969K(2368K)->1969K(2368K)
[170.348s][info][gc             ] GC(809) Pause Young (Allocation Failure) 378M->12M(1725M) 2.719ms
[170.348s][info][gc,cpu         ] GC(809) User=0.00s Sys=0.00s Real=0.00s
[170.528s][info][gc,start       ] GC(810) Pause Young (Allocation Failure)
[170.531s][info][gc,heap        ] GC(810) PSYoungGen: 368608K(368640K)->896K(442368K) Eden: 367616K(367616K)->0K(441344K) From: 992K(1024K)->896K(1024K)
[170.531s][info][gc,heap        ] GC(810) ParOldGen: 11599K(1398272K)->11695K(1398272K)
[170.531s][info][gc,metaspace   ] GC(810) Metaspace: 14348K(15360K)->14348K(15360K) NonClass: 12379K(12992K)->12379K(12992K) Class: 1969K(2368K)->1969K(2368K)
[170.531s][info][gc             ] GC(810) Pause Young (Allocation Failure) 371M->12M(1797M) 2.665ms
[170.531s][info][gc,cpu         ] GC(810) User=0.52s Sys=0.00s Real=0.00s
[170.667s][info][gc,start       ] GC(811) Pause Young (System.gc())
[170.670s][info][gc,heap        ] GC(811) PSYoungGen: 202143K(442368K)->480K(441856K) Eden: 201247K(441344K)->0K(441344K) From: 896K(1024K)->480K(512K)
[170.670s][info][gc,heap        ] GC(811) ParOldGen: 11695K(1398272K)->11767K(1398272K)
[170.670s][info][gc,metaspace   ] GC(811) Metaspace: 14350K(15360K)->14350K(15360K) NonClass: 12381K(12992K)->12381K(12992K) Class: 1969K(2368K)->1969K(2368K)
[170.670s][info][gc             ] GC(811) Pause Young (System.gc()) 208M->11M(1797M) 3.544ms
[170.670s][info][gc,cpu         ] GC(811) User=0.00s Sys=0.00s Real=0.00s
[170.671s][info][gc,start       ] GC(812) Pause Full (System.gc())
[170.671s][info][gc,phases,start] GC(812) Marking Phase
[170.684s][info][gc,phases      ] GC(812) Marking Phase 13.600ms
[170.684s][info][gc,phases,start] GC(812) Summary Phase
[170.684s][info][gc,phases      ] GC(812) Summary Phase 0.021ms
[170.684s][info][gc,phases,start] GC(812) Adjust Roots
[170.689s][info][gc,phases      ] GC(812) Adjust Roots 5.146ms
[170.689s][info][gc,phases,start] GC(812) Compaction Phase
[170.691s][info][gc,phases      ] GC(812) Compaction Phase 1.955ms
[170.691s][info][gc,phases,start] GC(812) Post Compact
[170.692s][info][gc,phases      ] GC(812) Post Compact 0.559ms
[170.692s][info][gc,heap        ] GC(812) PSYoungGen: 480K(441856K)->0K(441856K) Eden: 0K(441344K)->0K(441344K) From: 480K(512K)->0K(512K)
[170.692s][info][gc,heap        ] GC(812) ParOldGen: 11767K(1398272K)->5387K(1398272K)
[170.692s][info][gc,metaspace   ] GC(812) Metaspace: 14350K(15360K)->14350K(15360K) NonClass: 12381K(12992K)->12381K(12992K) Class: 1969K(2368K)->1969K(2368K)
[170.692s][info][gc             ] GC(812) Pause Full (System.gc()) 11M->5M(1797M) 21.570ms
[170.692s][info][gc,cpu         ] GC(812) User=0.02s Sys=0.00s Real=0.02s
[171.062s][info][gc,start       ] GC(813) Pause Young (Allocation Failure)
[171.066s][info][gc,heap        ] GC(813) PSYoungGen: 441344K(441856K)->1536K(531456K) Eden: 441344K(441344K)->0K(529920K) From: 0K(512K)->1536K(1536K)
[171.066s][info][gc,heap        ] GC(813) ParOldGen: 5387K(1398272K)->5738K(1398272K)
[171.066s][info][gc,metaspace   ] GC(813) Metaspace: 14357K(15360K)->14357K(15360K) NonClass: 12388K(12992K)->12388K(12992K) Class: 1969K(2368K)->1969K(2368K)
[171.066s][info][gc             ] GC(813) Pause Young (Allocation Failure) 436M->7M(1884M) 3.559ms
[171.066s][info][gc,cpu         ] GC(813) User=0.00s Sys=0.00s Real=0.00s
[171.452s][info][gc,start       ] GC(814) Pause Young (Allocation Failure)
[171.455s][info][gc,heap        ] GC(814) PSYoungGen: 531456K(531456K)->1024K(517632K) Eden: 529920K(529920K)->0K(516608K) From: 1536K(1536K)->1024K(1024K)
[171.455s][info][gc,heap        ] GC(814) ParOldGen: 5738K(1398272K)->7103K(1398272K)
[171.455s][info][gc,metaspace   ] GC(814) Metaspace: 14357K(15360K)->14357K(15360K) NonClass: 12388K(12992K)->12388K(12992K) Class: 1969K(2368K)->1969K(2368K)
[171.455s][info][gc             ] GC(814) Pause Young (Allocation Failure) 524M->7M(1871M) 3.061ms
[171.455s][info][gc,cpu         ] GC(814) User=0.00s Sys=0.00s Real=0.00s
[171.843s][info][gc,start       ] GC(815) Pause Young (Allocation Failure)
[171.845s][info][gc,heap        ] GC(815) PSYoungGen: 517632K(517632K)->1024K(504832K) Eden: 516608K(516608K)->0K(503808K) From: 1024K(1024K)->1024K(1024K)
[171.845s][info][gc,heap        ] GC(815) ParOldGen: 7103K(1398272K)->7263K(1398272K)
[171.845s][info][gc,metaspace   ] GC(815) Metaspace: 14357K(15360K)->14357K(15360K) NonClass: 12388K(12992K)->12388K(12992K) Class: 1969K(2368K)->1969K(2368K)
[171.845s][info][gc             ] GC(815) Pause Young (Allocation Failure) 512M->8M(1858M) 2.595ms
[171.845s][info][gc,cpu         ] GC(815) User=0.00s Sys=0.00s Real=0.00s
[172.177s][info][gc,start       ] GC(816) Pause Young (Allocation Failure)
[172.199s][info][gc,heap        ] GC(816) PSYoungGen: 504832K(504832K)->1056K(493056K) Eden: 503808K(503808K)->0K(491520K) From: 1024K(1024K)->1056K(1536K)
[172.199s][info][gc,heap        ] GC(816) ParOldGen: 7263K(1398272K)->7399K(1398272K)
[172.199s][info][gc,metaspace   ] GC(816) Metaspace: 14357K(15360K)->14357K(15360K) NonClass: 12388K(12992K)->12388K(12992K) Class: 1969K(2368K)->1969K(2368K)
[172.199s][info][gc             ] GC(816) Pause Young (Allocation Failure) 500M->8M(1847M) 22.049ms
[172.199s][info][gc,cpu         ] GC(816) User=0.00s Sys=0.00s Real=0.02s
[172.523s][info][gc,start       ] GC(817) Pause Young (Allocation Failure)
[172.525s][info][gc,heap        ] GC(817) PSYoungGen: 492576K(493056K)->1024K(480768K) Eden: 491520K(491520K)->0K(479744K) From: 1056K(1536K)->1024K(1024K)
[172.525s][info][gc,heap        ] GC(817) ParOldGen: 7399K(1398272K)->7551K(1398272K)
[172.525s][info][gc,metaspace   ] GC(817) Metaspace: 14357K(15360K)->14357K(15360K) NonClass: 12388K(12992K)->12388K(12992K) Class: 1969K(2368K)->1969K(2368K)
[172.525s][info][gc             ] GC(817) Pause Young (Allocation Failure) 488M->8M(1835M) 2.573ms
[172.525s][info][gc,cpu         ] GC(817) User=0.00s Sys=0.00s Real=0.00s
[172.842s][info][gc,start       ] GC(818) Pause Young (Allocation Failure)
[172.844s][info][gc,heap        ] GC(818) PSYoungGen: 480768K(480768K)->1056K(470016K) Eden: 479744K(479744K)->0K(468480K) From: 1024K(1024K)->1056K(1536K)
[172.844s][info][gc,heap        ] GC(818) ParOldGen: 7551K(1398272K)->7687K(1398272K)
[172.844s][info][gc,metaspace   ] GC(818) Metaspace: 14357K(15360K)->14357K(15360K) NonClass: 12388K(12992K)->12388K(12992K) Class: 1969K(2368K)->1969K(2368K)
[172.844s][info][gc             ] GC(818) Pause Young (Allocation Failure) 476M->8M(1824M) 2.673ms
[172.844s][info][gc,cpu         ] GC(818) User=0.00s Sys=0.00s Real=0.00s
[173.159s][info][gc,start       ] GC(819) Pause Young (Allocation Failure)
[173.161s][info][gc,heap        ] GC(819) PSYoungGen: 469536K(470016K)->992K(458752K) Eden: 468480K(468480K)->0K(457728K) From: 1056K(1536K)->992K(1024K)
[173.161s][info][gc,heap        ] GC(819) ParOldGen: 7687K(1398272K)->7839K(1398272K)
[173.161s][info][gc,metaspace   ] GC(819) Metaspace: 14357K(15360K)->14357K(15360K) NonClass: 12388K(12992K)->12388K(12992K) Class: 1969K(2368K)->1969K(2368K)
[173.161s][info][gc             ] GC(819) Pause Young (Allocation Failure) 466M->8M(1813M) 2.654ms
[173.161s][info][gc,cpu         ] GC(819) User=0.00s Sys=0.00s Real=0.00s
[173.467s][info][gc,start       ] GC(820) Pause Young (Allocation Failure)
[173.469s][info][gc,heap        ] GC(820) PSYoungGen: 458720K(458752K)->1024K(448512K) Eden: 457728K(457728K)->0K(447488K) From: 992K(1024K)->1024K(1024K)
[173.470s][info][gc,heap        ] GC(820) ParOldGen: 7839K(1398272K)->7975K(1398272K)
[173.470s][info][gc,metaspace   ] GC(820) Metaspace: 14357K(15360K)->14357K(15360K) NonClass: 12388K(12992K)->12388K(12992K) Class: 1969K(2368K)->1969K(2368K)
[173.470s][info][gc             ] GC(820) Pause Young (Allocation Failure) 455M->8M(1803M) 2.711ms
[173.470s][info][gc,cpu         ] GC(820) User=0.52s Sys=0.00s Real=0.00s
[173.770s][info][gc,start       ] GC(821) Pause Young (Allocation Failure)
[173.773s][info][gc,heap        ] GC(821) PSYoungGen: 448512K(448512K)->1024K(438272K) Eden: 447488K(447488K)->0K(437248K) From: 1024K(1024K)->1024K(1024K)
[173.773s][info][gc,heap        ] GC(821) ParOldGen: 7975K(1398272K)->8119K(1398272K)
[173.773s][info][gc,metaspace   ] GC(821) Metaspace: 14357K(15360K)->14357K(15360K) NonClass: 12388K(12992K)->12388K(12992K) Class: 1969K(2368K)->1969K(2368K)
[173.773s][info][gc             ] GC(821) Pause Young (Allocation Failure) 445M->8M(1793M) 2.737ms
[173.773s][info][gc,cpu         ] GC(821) User=0.00s Sys=0.00s Real=0.00s
[174.168s][info][gc,start       ] GC(822) Pause Young (Allocation Failure)
[174.171s][info][gc,heap        ] GC(822) PSYoungGen: 438272K(438272K)->1056K(429056K) Eden: 437248K(437248K)->0K(427520K) From: 1024K(1024K)->1056K(1536K)
[174.171s][info][gc,heap        ] GC(822) ParOldGen: 8119K(1398272K)->8223K(1398272K)
[174.171s][info][gc,metaspace   ] GC(822) Metaspace: 14357K(15360K)->14357K(15360K) NonClass: 12388K(12992K)->12388K(12992K) Class: 1969K(2368K)->1969K(2368K)
[174.171s][info][gc             ] GC(822) Pause Young (Allocation Failure) 435M->9M(1784M) 3.442ms
[174.171s][info][gc,cpu         ] GC(822) User=0.00s Sys=0.00s Real=0.00s
[174.474s][info][gc,start       ] GC(823) Pause Young (Allocation Failure)
[174.476s][info][gc,heap        ] GC(823) PSYoungGen: 428576K(429056K)->1024K(419328K) Eden: 427520K(427520K)->0K(418304K) From: 1056K(1536K)->1024K(1024K)
[174.476s][info][gc,heap        ] GC(823) ParOldGen: 8223K(1398272K)->8359K(1398272K)
[174.476s][info][gc,metaspace   ] GC(823) Metaspace: 14357K(15360K)->14357K(15360K) NonClass: 12388K(12992K)->12388K(12992K) Class: 1969K(2368K)->1969K(2368K)
[174.476s][info][gc             ] GC(823) Pause Young (Allocation Failure) 426M->9M(1775M) 2.599ms
[174.476s][info][gc,cpu         ] GC(823) User=0.00s Sys=0.00s Real=0.00s
[174.763s][info][gc,start       ] GC(824) Pause Young (Allocation Failure)
[174.765s][info][gc,heap        ] GC(824) PSYoungGen: 419328K(419328K)->1024K(410112K) Eden: 418304K(418304K)->0K(409088K) From: 1024K(1024K)->1024K(1024K)
[174.765s][info][gc,heap        ] GC(824) ParOldGen: 8359K(1398272K)->8511K(1398272K)
[174.765s][info][gc,metaspace   ] GC(824) Metaspace: 14357K(15360K)->14357K(15360K) NonClass: 12388K(12992K)->12388K(12992K) Class: 1969K(2368K)->1969K(2368K)
[174.765s][info][gc             ] GC(824) Pause Young (Allocation Failure) 417M->9M(1766M) 2.518ms
[174.766s][info][gc,cpu         ] GC(824) User=0.00s Sys=0.00s Real=0.00s
[175.057s][info][gc,start       ] GC(825) Pause Young (Allocation Failure)
[175.059s][info][gc,heap        ] GC(825) PSYoungGen: 410112K(410112K)->1024K(401408K) Eden: 409088K(409088K)->0K(400384K) From: 1024K(1024K)->1024K(1024K)
[175.059s][info][gc,heap        ] GC(825) ParOldGen: 8511K(1398272K)->8631K(1398272K)
[175.059s][info][gc,metaspace   ] GC(825) Metaspace: 14357K(15360K)->14357K(15360K) NonClass: 12388K(12992K)->12388K(12992K) Class: 1969K(2368K)->1969K(2368K)
[175.059s][info][gc             ] GC(825) Pause Young (Allocation Failure) 408M->9M(1757M) 2.438ms
[175.059s][info][gc,cpu         ] GC(825) User=0.00s Sys=0.00s Real=0.00s
[175.322s][info][gc,start       ] GC(826) Pause Young (Allocation Failure)
[175.324s][info][gc,heap        ] GC(826) PSYoungGen: 401408K(401408K)->1024K(393216K) Eden: 400384K(400384K)->0K(392192K) From: 1024K(1024K)->1024K(1024K)
[175.325s][info][gc,heap        ] GC(826) ParOldGen: 8631K(1398272K)->8759K(1398272K)
[175.325s][info][gc,metaspace   ] GC(826) Metaspace: 14357K(15360K)->14357K(15360K) NonClass: 12388K(12992K)->12388K(12992K) Class: 1969K(2368K)->1969K(2368K)
[175.325s][info][gc             ] GC(826) Pause Young (Allocation Failure) 400M->9M(1749M) 2.438ms
[175.325s][info][gc,cpu         ] GC(826) User=0.00s Sys=0.00s Real=0.00s
[175.583s][info][gc,start       ] GC(827) Pause Young (Allocation Failure)
[175.585s][info][gc,heap        ] GC(827) PSYoungGen: 393216K(393216K)->992K(385024K) Eden: 392192K(392192K)->0K(384000K) From: 1024K(1024K)->992K(1024K)
[175.585s][info][gc,heap        ] GC(827) ParOldGen: 8759K(1398272K)->8879K(1398272K)
[175.585s][info][gc,metaspace   ] GC(827) Metaspace: 14357K(15360K)->14357K(15360K) NonClass: 12388K(12992K)->12388K(12992K) Class: 1969K(2368K)->1969K(2368K)
[175.585s][info][gc             ] GC(827) Pause Young (Allocation Failure) 392M->9M(1741M) 2.465ms
[175.585s][info][gc,cpu         ] GC(827) User=0.00s Sys=0.00s Real=0.00s
[175.838s][info][gc,start       ] GC(828) Pause Young (Allocation Failure)
[175.841s][info][gc,heap        ] GC(828) PSYoungGen: 384992K(385024K)->1024K(377344K) Eden: 384000K(384000K)->0K(376320K) From: 992K(1024K)->1024K(1024K)
[175.841s][info][gc,heap        ] GC(828) ParOldGen: 8879K(1398272K)->8991K(1398272K)
[175.841s][info][gc,metaspace   ] GC(828) Metaspace: 14357K(15360K)->14357K(15360K) NonClass: 12388K(12992K)->12388K(12992K) Class: 1969K(2368K)->1969K(2368K)
[175.841s][info][gc             ] GC(828) Pause Young (Allocation Failure) 384M->9M(1734M) 2.515ms
[175.841s][info][gc,cpu         ] GC(828) User=0.00s Sys=0.00s Real=0.00s
[176.089s][info][gc,start       ] GC(829) Pause Young (Allocation Failure)
[176.091s][info][gc,heap        ] GC(829) PSYoungGen: 377344K(377344K)->992K(369664K) Eden: 376320K(376320K)->0K(368640K) From: 1024K(1024K)->992K(1024K)
[176.091s][info][gc,heap        ] GC(829) ParOldGen: 8991K(1398272K)->9119K(1398272K)
[176.091s][info][gc,metaspace   ] GC(829) Metaspace: 14357K(15360K)->14357K(15360K) NonClass: 12388K(12992K)->12388K(12992K) Class: 1969K(2368K)->1969K(2368K)
[176.091s][info][gc             ] GC(829) Pause Young (Allocation Failure) 377M->9M(1726M) 2.538ms
[176.091s][info][gc,cpu         ] GC(829) User=0.00s Sys=0.00s Real=0.00s
[176.338s][info][gc,start       ] GC(830) Pause Young (Allocation Failure)
[176.340s][info][gc,heap        ] GC(830) PSYoungGen: 369632K(369664K)->1024K(362496K) Eden: 368640K(368640K)->0K(361472K) From: 992K(1024K)->1024K(1024K)
[176.340s][info][gc,heap        ] GC(830) ParOldGen: 9119K(1398272K)->9191K(1398272K)
[176.340s][info][gc,metaspace   ] GC(830) Metaspace: 14357K(15360K)->14357K(15360K) NonClass: 12388K(12992K)->12388K(12992K) Class: 1969K(2368K)->1969K(2368K)
[176.340s][info][gc             ] GC(830) Pause Young (Allocation Failure) 369M->9M(1719M) 2.582ms
[176.340s][info][gc,cpu         ] GC(830) User=0.00s Sys=0.00s Real=0.00s
[176.584s][info][gc,start       ] GC(831) Pause Young (Allocation Failure)
[176.586s][info][gc,heap        ] GC(831) PSYoungGen: 362496K(362496K)->1024K(355328K) Eden: 361472K(361472K)->0K(354304K) From: 1024K(1024K)->1024K(1024K)
[176.586s][info][gc,heap        ] GC(831) ParOldGen: 9191K(1398272K)->9335K(1398272K)
[176.587s][info][gc,metaspace   ] GC(831) Metaspace: 14357K(15360K)->14357K(15360K) NonClass: 12388K(12992K)->12388K(12992K) Class: 1969K(2368K)->1969K(2368K)
[176.587s][info][gc             ] GC(831) Pause Young (Allocation Failure) 362M->10M(1712M) 2.577ms
[176.587s][info][gc,cpu         ] GC(831) User=0.00s Sys=0.00s Real=0.00s
[176.824s][info][gc,start       ] GC(832) Pause Young (Allocation Failure)
[176.827s][info][gc,heap        ] GC(832) PSYoungGen: 355328K(355328K)->1024K(348672K) Eden: 354304K(354304K)->0K(347648K) From: 1024K(1024K)->1024K(1024K)
[176.827s][info][gc,heap        ] GC(832) ParOldGen: 9335K(1398272K)->9431K(1398272K)
[176.827s][info][gc,metaspace   ] GC(832) Metaspace: 14357K(15360K)->14357K(15360K) NonClass: 12388K(12992K)->12388K(12992K) Class: 1969K(2368K)->1969K(2368K)
[176.827s][info][gc             ] GC(832) Pause Young (Allocation Failure) 356M->10M(1706M) 2.639ms
[176.827s][info][gc,cpu         ] GC(832) User=0.52s Sys=0.00s Real=0.00s
[177.056s][info][gc,start       ] GC(833) Pause Young (Allocation Failure)
[177.058s][info][gc,heap        ] GC(833) PSYoungGen: 348672K(348672K)->1024K(342016K) Eden: 347648K(347648K)->0K(340992K) From: 1024K(1024K)->1024K(1024K)
[177.058s][info][gc,heap        ] GC(833) ParOldGen: 9431K(1398272K)->9543K(1398272K)
[177.058s][info][gc,metaspace   ] GC(833) Metaspace: 14357K(15360K)->14357K(15360K) NonClass: 12388K(12992K)->12388K(12992K) Class: 1969K(2368K)->1969K(2368K)
[177.058s][info][gc             ] GC(833) Pause Young (Allocation Failure) 349M->10M(1699M) 2.653ms
[177.058s][info][gc,cpu         ] GC(833) User=0.00s Sys=0.00s Real=0.00s
[177.286s][info][gc,start       ] GC(834) Pause Young (Allocation Failure)
[177.288s][info][gc,heap        ] GC(834) PSYoungGen: 342016K(342016K)->1024K(335360K) Eden: 340992K(340992K)->0K(334336K) From: 1024K(1024K)->1024K(1024K)
[177.288s][info][gc,heap        ] GC(834) ParOldGen: 9543K(1398272K)->9615K(1398272K)
[177.288s][info][gc,metaspace   ] GC(834) Metaspace: 14357K(15360K)->14357K(15360K) NonClass: 12388K(12992K)->12388K(12992K) Class: 1969K(2368K)->1969K(2368K)
[177.288s][info][gc             ] GC(834) Pause Young (Allocation Failure) 343M->10M(1693M) 2.669ms
[177.288s][info][gc,cpu         ] GC(834) User=0.00s Sys=0.00s Real=0.00s
[177.509s][info][gc,start       ] GC(835) Pause Young (Allocation Failure)
[177.511s][info][gc,heap        ] GC(835) PSYoungGen: 335360K(335360K)->1024K(402432K) Eden: 334336K(334336K)->0K(401408K) From: 1024K(1024K)->1024K(1024K)
[177.511s][info][gc,heap        ] GC(835) ParOldGen: 9615K(1398272K)->9743K(1398272K)
[177.511s][info][gc,metaspace   ] GC(835) Metaspace: 14357K(15360K)->14357K(15360K) NonClass: 12388K(12992K)->12388K(12992K) Class: 1969K(2368K)->1969K(2368K)
[177.511s][info][gc             ] GC(835) Pause Young (Allocation Failure) 336M->10M(1758M) 2.688ms
[177.511s][info][gc,cpu         ] GC(835) User=0.00s Sys=0.00s Real=0.00s
[177.779s][info][gc,start       ] GC(836) Pause Young (Allocation Failure)
[177.781s][info][gc,heap        ] GC(836) PSYoungGen: 402432K(402432K)->1024K(482816K) Eden: 401408K(401408K)->0K(481792K) From: 1024K(1024K)->1024K(1024K)
[177.781s][info][gc,heap        ] GC(836) ParOldGen: 9743K(1398272K)->9807K(1398272K)
[177.781s][info][gc,metaspace   ] GC(836) Metaspace: 14357K(15360K)->14357K(15360K) NonClass: 12388K(12992K)->12388K(12992K) Class: 1969K(2368K)->1969K(2368K)
[177.782s][info][gc             ] GC(836) Pause Young (Allocation Failure) 402M->10M(1837M) 2.790ms
[177.782s][info][gc,cpu         ] GC(836) User=0.52s Sys=0.00s Real=0.00s
[178.104s][info][gc,start       ] GC(837) Pause Young (Allocation Failure)
[178.107s][info][gc,heap        ] GC(837) PSYoungGen: 482816K(482816K)->1024K(471552K) Eden: 481792K(481792K)->0K(470528K) From: 1024K(1024K)->1024K(1024K)
[178.107s][info][gc,heap        ] GC(837) ParOldGen: 9807K(1398272K)->9911K(1398272K)
[178.107s][info][gc,metaspace   ] GC(837) Metaspace: 14357K(15360K)->14357K(15360K) NonClass: 12388K(12992K)->12388K(12992K) Class: 1969K(2368K)->1969K(2368K)
[178.107s][info][gc             ] GC(837) Pause Young (Allocation Failure) 481M->10M(1826M) 2.941ms
[178.107s][info][gc,cpu         ] GC(837) User=0.00s Sys=0.00s Real=0.00s
[178.435s][info][gc,start       ] GC(838) Pause Young (Allocation Failure)
[178.438s][info][gc,heap        ] GC(838) PSYoungGen: 471552K(471552K)->1024K(460800K) Eden: 470528K(470528K)->0K(459776K) From: 1024K(1024K)->1024K(1024K)
[178.438s][info][gc,heap        ] GC(838) ParOldGen: 9911K(1398272K)->10031K(1398272K)
[178.438s][info][gc,metaspace   ] GC(838) Metaspace: 14357K(15360K)->14357K(15360K) NonClass: 12388K(12992K)->12388K(12992K) Class: 1969K(2368K)->1969K(2368K)
[178.438s][info][gc             ] GC(838) Pause Young (Allocation Failure) 470M->10M(1815M) 2.685ms
[178.438s][info][gc,cpu         ] GC(838) User=0.00s Sys=0.00s Real=0.00s
[178.772s][info][gc,start       ] GC(839) Pause Young (Allocation Failure)
[178.775s][info][gc,heap        ] GC(839) PSYoungGen: 460800K(460800K)->992K(450560K) Eden: 459776K(459776K)->0K(449536K) From: 1024K(1024K)->992K(1024K)
[178.775s][info][gc,heap        ] GC(839) ParOldGen: 10031K(1398272K)->10183K(1398272K)
[178.775s][info][gc,metaspace   ] GC(839) Metaspace: 14357K(15360K)->14357K(15360K) NonClass: 12388K(12992K)->12388K(12992K) Class: 1969K(2368K)->1969K(2368K)
[178.775s][info][gc             ] GC(839) Pause Young (Allocation Failure) 459M->10M(1805M) 2.577ms
[178.775s][info][gc,cpu         ] GC(839) User=0.00s Sys=0.00s Real=0.00s
[179.076s][info][gc,start       ] GC(840) Pause Young (Allocation Failure)
[179.078s][info][gc,heap        ] GC(840) PSYoungGen: 450528K(450560K)->1024K(440320K) Eden: 449536K(449536K)->0K(439296K) From: 992K(1024K)->1024K(1024K)
[179.078s][info][gc,heap        ] GC(840) ParOldGen: 10183K(1398272K)->10319K(1398272K)
[179.078s][info][gc,metaspace   ] GC(840) Metaspace: 14357K(15360K)->14357K(15360K) NonClass: 12388K(12992K)->12388K(12992K) Class: 1969K(2368K)->1969K(2368K)
[179.078s][info][gc             ] GC(840) Pause Young (Allocation Failure) 449M->11M(1795M) 2.650ms
[179.078s][info][gc,cpu         ] GC(840) User=0.52s Sys=0.00s Real=0.00s
[179.368s][info][gc,start       ] GC(841) Pause Young (Allocation Failure)
[179.370s][info][gc,heap        ] GC(841) PSYoungGen: 440320K(440320K)->1024K(430592K) Eden: 439296K(439296K)->0K(429568K) From: 1024K(1024K)->1024K(1024K)
[179.370s][info][gc,heap        ] GC(841) ParOldGen: 10319K(1398272K)->10447K(1398272K)
[179.370s][info][gc,metaspace   ] GC(841) Metaspace: 14357K(15360K)->14357K(15360K) NonClass: 12388K(12992K)->12388K(12992K) Class: 1969K(2368K)->1969K(2368K)
[179.370s][info][gc             ] GC(841) Pause Young (Allocation Failure) 440M->11M(1786M) 2.702ms
[179.370s][info][gc,cpu         ] GC(841) User=0.00s Sys=0.00s Real=0.00s
[179.654s][info][gc,start       ] GC(842) Pause Young (Allocation Failure)
[179.656s][info][gc,heap        ] GC(842) PSYoungGen: 430592K(430592K)->1024K(421376K) Eden: 429568K(429568K)->0K(420352K) From: 1024K(1024K)->1024K(1024K)
[179.656s][info][gc,heap        ] GC(842) ParOldGen: 10447K(1398272K)->10575K(1398272K)
[179.656s][info][gc,metaspace   ] GC(842) Metaspace: 14357K(15360K)->14357K(15360K) NonClass: 12388K(12992K)->12388K(12992K) Class: 1969K(2368K)->1969K(2368K)
[179.656s][info][gc             ] GC(842) Pause Young (Allocation Failure) 430M->11M(1777M) 2.716ms
[179.656s][info][gc,cpu         ] GC(842) User=0.52s Sys=0.00s Real=0.00s
[179.935s][info][gc,start       ] GC(843) Pause Young (Allocation Failure)
[179.938s][info][gc,heap        ] GC(843) PSYoungGen: 421376K(421376K)->1024K(412160K) Eden: 420352K(420352K)->0K(411136K) From: 1024K(1024K)->1024K(1024K)
[179.938s][info][gc,heap        ] GC(843) ParOldGen: 10575K(1398272K)->10711K(1398272K)
[179.938s][info][gc,metaspace   ] GC(843) Metaspace: 14357K(15360K)->14357K(15360K) NonClass: 12388K(12992K)->12388K(12992K) Class: 1969K(2368K)->1969K(2368K)
[179.938s][info][gc             ] GC(843) Pause Young (Allocation Failure) 421M->11M(1768M) 2.783ms
[179.938s][info][gc,cpu         ] GC(843) User=0.48s Sys=0.03s Real=0.00s
[180.208s][info][gc,start       ] GC(844) Pause Young (Allocation Failure)
[180.211s][info][gc,heap        ] GC(844) PSYoungGen: 412160K(412160K)->992K(403456K) Eden: 411136K(411136K)->0K(402432K) From: 1024K(1024K)->992K(1024K)
[180.211s][info][gc,heap        ] GC(844) ParOldGen: 10711K(1398272K)->10831K(1398272K)
[180.211s][info][gc,metaspace   ] GC(844) Metaspace: 14357K(15360K)->14357K(15360K) NonClass: 12388K(12992K)->12388K(12992K) Class: 1969K(2368K)->1969K(2368K)
[180.211s][info][gc             ] GC(844) Pause Young (Allocation Failure) 412M->11M(1759M) 2.747ms
[180.211s][info][gc,cpu         ] GC(844) User=0.00s Sys=0.00s Real=0.00s
[180.478s][info][gc,start       ] GC(845) Pause Young (Allocation Failure)
[180.481s][info][gc,heap        ] GC(845) PSYoungGen: 403424K(403456K)->1024K(394752K) Eden: 402432K(402432K)->0K(393728K) From: 992K(1024K)->1024K(1024K)
[180.481s][info][gc,heap        ] GC(845) ParOldGen: 10831K(1398272K)->10975K(1398272K)
[180.481s][info][gc,metaspace   ] GC(845) Metaspace: 14357K(15360K)->14357K(15360K) NonClass: 12388K(12992K)->12388K(12992K) Class: 1969K(2368K)->1969K(2368K)
[180.481s][info][gc             ] GC(845) Pause Young (Allocation Failure) 404M->11M(1751M) 2.863ms
[180.481s][info][gc,cpu         ] GC(845) User=0.00s Sys=0.00s Real=0.00s
[180.741s][info][gc,start       ] GC(846) Pause Young (Allocation Failure)
[180.743s][info][gc,heap        ] GC(846) PSYoungGen: 394752K(394752K)->1024K(386560K) Eden: 393728K(393728K)->0K(385536K) From: 1024K(1024K)->1024K(1024K)
[180.743s][info][gc,heap        ] GC(846) ParOldGen: 10975K(1398272K)->11083K(1398272K)
[180.743s][info][gc,metaspace   ] GC(846) Metaspace: 14357K(15360K)->14357K(15360K) NonClass: 12388K(12992K)->12388K(12992K) Class: 1969K(2368K)->1969K(2368K)
[180.743s][info][gc             ] GC(846) Pause Young (Allocation Failure) 396M->11M(1743M) 2.819ms
[180.744s][info][gc,cpu         ] GC(846) User=0.00s Sys=0.00s Real=0.00s
[181.001s][info][gc,start       ] GC(847) Pause Young (Allocation Failure)
[181.003s][info][gc,heap        ] GC(847) PSYoungGen: 386560K(386560K)->1024K(378880K) Eden: 385536K(385536K)->0K(377856K) From: 1024K(1024K)->1024K(1024K)
[181.003s][info][gc,heap        ] GC(847) ParOldGen: 11083K(1398272K)->11179K(1398272K)
[181.003s][info][gc,metaspace   ] GC(847) Metaspace: 14357K(15360K)->14357K(15360K) NonClass: 12388K(12992K)->12388K(12992K) Class: 1969K(2368K)->1969K(2368K)
[181.003s][info][gc             ] GC(847) Pause Young (Allocation Failure) 388M->11M(1735M) 2.795ms
[181.003s][info][gc,cpu         ] GC(847) User=0.00s Sys=0.00s Real=0.00s
[181.266s][info][gc,start       ] GC(848) Pause Young (Allocation Failure)
[181.269s][info][gc,heap        ] GC(848) PSYoungGen: 378880K(378880K)->1024K(371200K) Eden: 377856K(377856K)->0K(370176K) From: 1024K(1024K)->1024K(1024K)
[181.269s][info][gc,heap        ] GC(848) ParOldGen: 11179K(1398272K)->11299K(1398272K)
[181.269s][info][gc,metaspace   ] GC(848) Metaspace: 14357K(15360K)->14357K(15360K) NonClass: 12388K(12992K)->12388K(12992K) Class: 1969K(2368K)->1969K(2368K)
[181.269s][info][gc             ] GC(848) Pause Young (Allocation Failure) 380M->12M(1728M) 2.648ms
[181.269s][info][gc,cpu         ] GC(848) User=0.00s Sys=0.00s Real=0.00s
[181.544s][info][gc,start       ] GC(849) Pause Young (Allocation Failure)
[181.547s][info][gc,heap        ] GC(849) PSYoungGen: 371200K(371200K)->992K(364032K) Eden: 370176K(370176K)->0K(363008K) From: 1024K(1024K)->992K(1024K)
[181.547s][info][gc,heap        ] GC(849) ParOldGen: 11299K(1398272K)->11411K(1398272K)
[181.547s][info][gc,metaspace   ] GC(849) Metaspace: 14357K(15360K)->14357K(15360K) NonClass: 12388K(12992K)->12388K(12992K) Class: 1969K(2368K)->1969K(2368K)
[181.547s][info][gc             ] GC(849) Pause Young (Allocation Failure) 373M->12M(1721M) 2.530ms
[181.547s][info][gc,cpu         ] GC(849) User=0.52s Sys=0.00s Real=0.00s
[181.788s][info][gc,start       ] GC(850) Pause Young (Allocation Failure)
[181.790s][info][gc,heap        ] GC(850) PSYoungGen: 364000K(364032K)->1024K(356864K) Eden: 363008K(363008K)->0K(355840K) From: 992K(1024K)->1024K(1024K)
[181.790s][info][gc,heap        ] GC(850) ParOldGen: 11411K(1398272K)->11531K(1398272K)
[181.790s][info][gc,metaspace   ] GC(850) Metaspace: 14357K(15360K)->14357K(15360K) NonClass: 12388K(12992K)->12388K(12992K) Class: 1969K(2368K)->1969K(2368K)
[181.790s][info][gc             ] GC(850) Pause Young (Allocation Failure) 366M->12M(1714M) 2.504ms
[181.790s][info][gc,cpu         ] GC(850) User=0.00s Sys=0.00s Real=0.00s
[182.026s][info][gc,start       ] GC(851) Pause Young (Allocation Failure)
[182.028s][info][gc,heap        ] GC(851) PSYoungGen: 356864K(356864K)->992K(349696K) Eden: 355840K(355840K)->0K(348672K) From: 1024K(1024K)->992K(1024K)
[182.028s][info][gc,heap        ] GC(851) ParOldGen: 11531K(1398272K)->11627K(1398272K)
[182.028s][info][gc,metaspace   ] GC(851) Metaspace: 14357K(15360K)->14357K(15360K) NonClass: 12388K(12992K)->12388K(12992K) Class: 1969K(2368K)->1969K(2368K)
[182.028s][info][gc             ] GC(851) Pause Young (Allocation Failure) 359M->12M(1707M) 2.556ms
[182.028s][info][gc,cpu         ] GC(851) User=0.00s Sys=0.00s Real=0.00s
[182.258s][info][gc,start       ] GC(852) Pause Young (Allocation Failure)
[182.260s][info][gc,heap        ] GC(852) PSYoungGen: 349664K(349696K)->992K(343040K) Eden: 348672K(348672K)->0K(342016K) From: 992K(1024K)->992K(1024K)
[182.260s][info][gc,heap        ] GC(852) ParOldGen: 11627K(1398272K)->11731K(1398272K)
[182.260s][info][gc,metaspace   ] GC(852) Metaspace: 14357K(15360K)->14357K(15360K) NonClass: 12388K(12992K)->12388K(12992K) Class: 1969K(2368K)->1969K(2368K)
[182.260s][info][gc             ] GC(852) Pause Young (Allocation Failure) 352M->12M(1700M) 2.544ms
[182.260s][info][gc,cpu         ] GC(852) User=0.00s Sys=0.00s Real=0.00s
[182.478s][info][gc,start       ] GC(853) Pause Young (Allocation Failure)
[182.481s][info][gc,heap        ] GC(853) PSYoungGen: 343008K(343040K)->1024K(336384K) Eden: 342016K(342016K)->0K(335360K) From: 992K(1024K)->1024K(1024K)
[182.481s][info][gc,heap        ] GC(853) ParOldGen: 11731K(1398272K)->11843K(1398272K)
[182.481s][info][gc,metaspace   ] GC(853) Metaspace: 14357K(15360K)->14357K(15360K) NonClass: 12388K(12992K)->12388K(12992K) Class: 1969K(2368K)->1969K(2368K)
[182.481s][info][gc             ] GC(853) Pause Young (Allocation Failure) 346M->12M(1694M) 2.580ms
[182.481s][info][gc,cpu         ] GC(853) User=0.00s Sys=0.00s Real=0.00s
[182.694s][info][gc,start       ] GC(854) Pause Young (Allocation Failure)
[182.696s][info][gc,heap        ] GC(854) PSYoungGen: 336384K(336384K)->960K(403456K) Eden: 335360K(335360K)->0K(402432K) From: 1024K(1024K)->960K(1024K)
[182.696s][info][gc,heap        ] GC(854) ParOldGen: 11843K(1398272K)->11923K(1398272K)
[182.696s][info][gc,metaspace   ] GC(854) Metaspace: 14357K(15360K)->14357K(15360K) NonClass: 12388K(12992K)->12388K(12992K) Class: 1969K(2368K)->1969K(2368K)
[182.696s][info][gc             ] GC(854) Pause Young (Allocation Failure) 340M->12M(1759M) 2.607ms
[182.696s][info][gc,cpu         ] GC(854) User=0.00s Sys=0.00s Real=0.00s
[182.929s][info][gc,start       ] GC(855) Pause Young (Allocation Failure)
[182.932s][info][gc,heap        ] GC(855) PSYoungGen: 403392K(403456K)->864K(484352K) Eden: 402432K(402432K)->0K(483328K) From: 960K(1024K)->864K(1024K)
[182.932s][info][gc,heap        ] GC(855) ParOldGen: 11923K(1398272K)->12011K(1398272K)
[182.932s][info][gc,metaspace   ] GC(855) Metaspace: 14357K(15360K)->14357K(15360K) NonClass: 12388K(12992K)->12388K(12992K) Class: 1969K(2368K)->1969K(2368K)
[182.932s][info][gc             ] GC(855) Pause Young (Allocation Failure) 405M->12M(1838M) 2.807ms
[182.932s][info][gc,cpu         ] GC(855) User=0.00s Sys=0.00s Real=0.00s
[183.185s][info][gc,start       ] GC(856) Pause Young (Allocation Failure)
[183.188s][info][gc,heap        ] GC(856) PSYoungGen: 484192K(484352K)->512K(516096K) Eden: 483328K(483328K)->0K(514560K) From: 864K(1024K)->512K(1536K)
[183.188s][info][gc,heap        ] GC(856) ParOldGen: 12011K(1398272K)->12075K(1398272K)
[183.188s][info][gc,metaspace   ] GC(856) Metaspace: 14357K(15360K)->14357K(15360K) NonClass: 12388K(12992K)->12388K(12992K) Class: 1969K(2368K)->1969K(2368K)
[183.188s][info][gc             ] GC(856) Pause Young (Allocation Failure) 484M->12M(1869M) 2.944ms
[183.188s][info][gc,cpu         ] GC(856) User=0.52s Sys=0.00s Real=0.00s
[183.272s][info][gc,start       ] GC(857) Pause Young (System.gc())
[183.275s][info][gc,heap        ] GC(857) PSYoungGen: 47357K(516096K)->352K(581632K) Eden: 46845K(514560K)->0K(580096K) From: 512K(1536K)->352K(1536K)
[183.275s][info][gc,heap        ] GC(857) ParOldGen: 12075K(1398272K)->12195K(1398272K)
[183.275s][info][gc,metaspace   ] GC(857) Metaspace: 14357K(15360K)->14357K(15360K) NonClass: 12388K(12992K)->12388K(12992K) Class: 1969K(2368K)->1969K(2368K)
[183.275s][info][gc             ] GC(857) Pause Young (System.gc()) 58M->12M(1933M) 3.401ms
[183.275s][info][gc,cpu         ] GC(857) User=0.00s Sys=0.00s Real=0.00s
[183.275s][info][gc,start       ] GC(858) Pause Full (System.gc())
[183.275s][info][gc,phases,start] GC(858) Marking Phase
[183.289s][info][gc,phases      ] GC(858) Marking Phase 13.199ms
[183.289s][info][gc,phases,start] GC(858) Summary Phase
[183.289s][info][gc,phases      ] GC(858) Summary Phase 0.013ms
[183.289s][info][gc,phases,start] GC(858) Adjust Roots
[183.295s][info][gc,phases      ] GC(858) Adjust Roots 6.061ms
[183.295s][info][gc,phases,start] GC(858) Compaction Phase
[183.297s][info][gc,phases      ] GC(858) Compaction Phase 2.143ms
[183.297s][info][gc,phases,start] GC(858) Post Compact
[183.298s][info][gc,phases      ] GC(858) Post Compact 0.584ms
[183.298s][info][gc,heap        ] GC(858) PSYoungGen: 352K(581632K)->0K(581632K) Eden: 0K(580096K)->0K(580096K) From: 352K(1536K)->0K(1536K)
[183.298s][info][gc,heap        ] GC(858) ParOldGen: 12195K(1398272K)->5387K(1398272K)
[183.298s][info][gc,metaspace   ] GC(858) Metaspace: 14357K(15360K)->14357K(15360K) NonClass: 12388K(12992K)->12388K(12992K) Class: 1969K(2368K)->1969K(2368K)
[183.298s][info][gc             ] GC(858) Pause Full (System.gc()) 12M->5M(1933M) 22.305ms
[183.298s][info][gc,cpu         ] GC(858) User=0.02s Sys=0.00s Real=0.02s
[183.799s][info][gc,start       ] GC(859) Pause Young (Allocation Failure)
[183.803s][info][gc,heap        ] GC(859) PSYoungGen: 580096K(581632K)->1536K(566784K) Eden: 580096K(580096K)->0K(565248K) From: 0K(1536K)->1536K(1536K)
[183.803s][info][gc,heap        ] GC(859) ParOldGen: 5387K(1398272K)->5862K(1398272K)
[183.803s][info][gc,metaspace   ] GC(859) Metaspace: 14360K(15360K)->14360K(15360K) NonClass: 12391K(12992K)->12391K(12992K) Class: 1969K(2368K)->1969K(2368K)
[183.803s][info][gc             ] GC(859) Pause Young (Allocation Failure) 571M->7M(1919M) 3.960ms
[183.803s][info][gc,cpu         ] GC(859) User=0.00s Sys=0.00s Real=0.00s
[184.241s][info][gc,start       ] GC(860) Pause Young (Allocation Failure)
[184.244s][info][gc,heap        ] GC(860) PSYoungGen: 566784K(566784K)->512K(551424K) Eden: 565248K(565248K)->0K(550912K) From: 1536K(1536K)->512K(512K)
[184.244s][info][gc,heap        ] GC(860) ParOldGen: 5862K(1398272K)->7193K(1398272K)
[184.244s][info][gc,metaspace   ] GC(860) Metaspace: 14360K(15360K)->14360K(15360K) NonClass: 12391K(12992K)->12391K(12992K) Class: 1969K(2368K)->1969K(2368K)
[184.244s][info][gc             ] GC(860) Pause Young (Allocation Failure) 559M->7M(1904M) 2.900ms
[184.244s][info][gc,cpu         ] GC(860) User=0.00s Sys=0.00s Real=0.00s
[184.604s][info][gc,start       ] GC(861) Pause Young (Allocation Failure)
[184.607s][info][gc,heap        ] GC(861) PSYoungGen: 551424K(551424K)->1056K(539136K) Eden: 550912K(550912K)->0K(537088K) From: 512K(512K)->1056K(2048K)
[184.607s][info][gc,heap        ] GC(861) ParOldGen: 7193K(1398272K)->7297K(1398272K)
[184.607s][info][gc,metaspace   ] GC(861) Metaspace: 14360K(15360K)->14360K(15360K) NonClass: 12391K(12992K)->12391K(12992K) Class: 1969K(2368K)->1969K(2368K)
[184.607s][info][gc             ] GC(861) Pause Young (Allocation Failure) 545M->8M(1892M) 2.717ms
[184.607s][info][gc,cpu         ] GC(861) User=0.00s Sys=0.00s Real=0.00s
[184.977s][info][gc,start       ] GC(862) Pause Young (Allocation Failure)
[184.979s][info][gc,heap        ] GC(862) PSYoungGen: 538144K(539136K)->1024K(524800K) Eden: 537088K(537088K)->0K(523776K) From: 1056K(2048K)->1024K(1024K)
[184.979s][info][gc,heap        ] GC(862) ParOldGen: 7297K(1398272K)->7481K(1398272K)
[184.979s][info][gc,metaspace   ] GC(862) Metaspace: 14360K(15360K)->14360K(15360K) NonClass: 12391K(12992K)->12391K(12992K) Class: 1969K(2368K)->1969K(2368K)
[184.979s][info][gc             ] GC(862) Pause Young (Allocation Failure) 532M->8M(1878M) 2.723ms
[184.979s][info][gc,cpu         ] GC(862) User=0.00s Sys=0.00s Real=0.00s
[185.320s][info][gc,start       ] GC(863) Pause Young (Allocation Failure)
[185.323s][info][gc,heap        ] GC(863) PSYoungGen: 524800K(524800K)->1056K(512512K) Eden: 523776K(523776K)->0K(510976K) From: 1024K(1024K)->1056K(1536K)
[185.323s][info][gc,heap        ] GC(863) ParOldGen: 7481K(1398272K)->7585K(1398272K)
[185.323s][info][gc,metaspace   ] GC(863) Metaspace: 14360K(15360K)->14360K(15360K) NonClass: 12391K(12992K)->12391K(12992K) Class: 1969K(2368K)->1969K(2368K)
[185.323s][info][gc             ] GC(863) Pause Young (Allocation Failure) 519M->8M(1866M) 2.771ms
[185.323s][info][gc,cpu         ] GC(863) User=0.00s Sys=0.00s Real=0.00s
[185.656s][info][gc,start       ] GC(864) Pause Young (Allocation Failure)
[185.659s][info][gc,heap        ] GC(864) PSYoungGen: 512032K(512512K)->1024K(499712K) Eden: 510976K(510976K)->0K(498688K) From: 1056K(1536K)->1024K(1024K)
[185.659s][info][gc,heap        ] GC(864) ParOldGen: 7585K(1398272K)->7713K(1398272K)
[185.659s][info][gc,metaspace   ] GC(864) Metaspace: 14360K(15360K)->14360K(15360K) NonClass: 12391K(12992K)->12391K(12992K) Class: 1969K(2368K)->1969K(2368K)
[185.659s][info][gc             ] GC(864) Pause Young (Allocation Failure) 507M->8M(1853M) 2.805ms
[185.659s][info][gc,cpu         ] GC(864) User=0.00s Sys=0.00s Real=0.00s
[185.982s][info][gc,start       ] GC(865) Pause Young (Allocation Failure)
[185.985s][info][gc,heap        ] GC(865) PSYoungGen: 499712K(499712K)->1024K(487936K) Eden: 498688K(498688K)->0K(486912K) From: 1024K(1024K)->1024K(1024K)
[185.985s][info][gc,heap        ] GC(865) ParOldGen: 7713K(1398272K)->7833K(1398272K)
[185.985s][info][gc,metaspace   ] GC(865) Metaspace: 14360K(15360K)->14360K(15360K) NonClass: 12391K(12992K)->12391K(12992K) Class: 1969K(2368K)->1969K(2368K)
[185.985s][info][gc             ] GC(865) Pause Young (Allocation Failure) 495M->8M(1842M) 2.763ms
[185.985s][info][gc,cpu         ] GC(865) User=0.00s Sys=0.00s Real=0.00s
[186.306s][info][gc,start       ] GC(866) Pause Young (Allocation Failure)
[186.309s][info][gc,heap        ] GC(866) PSYoungGen: 487936K(487936K)->992K(476672K) Eden: 486912K(486912K)->0K(475648K) From: 1024K(1024K)->992K(1024K)
[186.309s][info][gc,heap        ] GC(866) ParOldGen: 7833K(1398272K)->7961K(1398272K)
[186.309s][info][gc,metaspace   ] GC(866) Metaspace: 14360K(15360K)->14360K(15360K) NonClass: 12391K(12992K)->12391K(12992K) Class: 1969K(2368K)->1969K(2368K)
[186.309s][info][gc             ] GC(866) Pause Young (Allocation Failure) 484M->8M(1831M) 2.884ms
[186.309s][info][gc,cpu         ] GC(866) User=0.00s Sys=0.00s Real=0.00s
[186.618s][info][gc,start       ] GC(867) Pause Young (Allocation Failure)
[186.621s][info][gc,heap        ] GC(867) PSYoungGen: 476640K(476672K)->1024K(465408K) Eden: 475648K(475648K)->0K(464384K) From: 992K(1024K)->1024K(1024K)
[186.621s][info][gc,heap        ] GC(867) ParOldGen: 7961K(1398272K)->8105K(1398272K)
[186.621s][info][gc,metaspace   ] GC(867) Metaspace: 14360K(15360K)->14360K(15360K) NonClass: 12391K(12992K)->12391K(12992K) Class: 1969K(2368K)->1969K(2368K)
[186.621s][info][gc             ] GC(867) Pause Young (Allocation Failure) 473M->8M(1820M) 2.820ms
[186.621s][info][gc,cpu         ] GC(867) User=0.00s Sys=0.00s Real=0.00s
[186.923s][info][gc,start       ] GC(868) Pause Young (Allocation Failure)
[186.926s][info][gc,heap        ] GC(868) PSYoungGen: 465408K(465408K)->1024K(454656K) Eden: 464384K(464384K)->0K(453632K) From: 1024K(1024K)->1024K(1024K)
[186.926s][info][gc,heap        ] GC(868) ParOldGen: 8105K(1398272K)->8209K(1398272K)
[186.926s][info][gc,metaspace   ] GC(868) Metaspace: 14360K(15360K)->14360K(15360K) NonClass: 12391K(12992K)->12391K(12992K) Class: 1969K(2368K)->1969K(2368K)
[186.926s][info][gc             ] GC(868) Pause Young (Allocation Failure) 462M->9M(1809M) 2.848ms
[186.926s][info][gc,cpu         ] GC(868) User=0.00s Sys=0.00s Real=0.00s
[187.223s][info][gc,start       ] GC(869) Pause Young (Allocation Failure)
[187.226s][info][gc,heap        ] GC(869) PSYoungGen: 454656K(454656K)->1024K(444416K) Eden: 453632K(453632K)->0K(443392K) From: 1024K(1024K)->1024K(1024K)
[187.226s][info][gc,heap        ] GC(869) ParOldGen: 8209K(1398272K)->8313K(1398272K)
[187.226s][info][gc,metaspace   ] GC(869) Metaspace: 14360K(15360K)->14360K(15360K) NonClass: 12391K(12992K)->12391K(12992K) Class: 1969K(2368K)->1969K(2368K)
[187.226s][info][gc             ] GC(869) Pause Young (Allocation Failure) 452M->9M(1799M) 2.897ms
[187.226s][info][gc,cpu         ] GC(869) User=0.00s Sys=0.00s Real=0.00s
[187.641s][info][gc,start       ] GC(870) Pause Young (Allocation Failure)
[187.644s][info][gc,heap        ] GC(870) PSYoungGen: 444416K(444416K)->1024K(434688K) Eden: 443392K(443392K)->0K(433664K) From: 1024K(1024K)->1024K(1024K)
[187.645s][info][gc,heap        ] GC(870) ParOldGen: 8313K(1398272K)->8409K(1398272K)
[187.645s][info][gc,metaspace   ] GC(870) Metaspace: 14360K(15360K)->14360K(15360K) NonClass: 12391K(12992K)->12391K(12992K) Class: 1969K(2368K)->1969K(2368K)
[187.645s][info][gc             ] GC(870) Pause Young (Allocation Failure) 442M->9M(1790M) 3.606ms
[187.645s][info][gc,cpu         ] GC(870) User=0.00s Sys=0.00s Real=0.00s
[187.948s][info][gc,start       ] GC(871) Pause Young (Allocation Failure)
[187.950s][info][gc,heap        ] GC(871) PSYoungGen: 434688K(434688K)->1024K(424960K) Eden: 433664K(433664K)->0K(423936K) From: 1024K(1024K)->1024K(1024K)
[187.950s][info][gc,heap        ] GC(871) ParOldGen: 8409K(1398272K)->8497K(1398272K)
[187.950s][info][gc,metaspace   ] GC(871) Metaspace: 14360K(15360K)->14360K(15360K) NonClass: 12391K(12992K)->12391K(12992K) Class: 1969K(2368K)->1969K(2368K)
[187.950s][info][gc             ] GC(871) Pause Young (Allocation Failure) 432M->9M(1780M) 2.685ms
[187.950s][info][gc,cpu         ] GC(871) User=0.00s Sys=0.00s Real=0.00s
[188.236s][info][gc,start       ] GC(872) Pause Young (Allocation Failure)
[188.239s][info][gc,heap        ] GC(872) PSYoungGen: 424960K(424960K)->1024K(415744K) Eden: 423936K(423936K)->0K(414720K) From: 1024K(1024K)->1024K(1024K)
[188.239s][info][gc,heap        ] GC(872) ParOldGen: 8497K(1398272K)->8609K(1398272K)
[188.239s][info][gc,metaspace   ] GC(872) Metaspace: 14360K(15360K)->14360K(15360K) NonClass: 12391K(12992K)->12391K(12992K) Class: 1969K(2368K)->1969K(2368K)
[188.239s][info][gc             ] GC(872) Pause Young (Allocation Failure) 423M->9M(1771M) 2.643ms
[188.239s][info][gc,cpu         ] GC(872) User=0.00s Sys=0.00s Real=0.00s
[188.535s][info][gc,start       ] GC(873) Pause Young (Allocation Failure)
[188.537s][info][gc,heap        ] GC(873) PSYoungGen: 415744K(415744K)->1024K(407040K) Eden: 414720K(414720K)->0K(406016K) From: 1024K(1024K)->1024K(1024K)
[188.537s][info][gc,heap        ] GC(873) ParOldGen: 8609K(1398272K)->8729K(1398272K)
[188.537s][info][gc,metaspace   ] GC(873) Metaspace: 14360K(15360K)->14360K(15360K) NonClass: 12391K(12992K)->12391K(12992K) Class: 1969K(2368K)->1969K(2368K)
[188.537s][info][gc             ] GC(873) Pause Young (Allocation Failure) 414M->9M(1763M) 2.569ms
[188.537s][info][gc,cpu         ] GC(873) User=0.00s Sys=0.00s Real=0.00s
[188.804s][info][gc,start       ] GC(874) Pause Young (Allocation Failure)
[188.806s][info][gc,heap        ] GC(874) PSYoungGen: 407040K(407040K)->1024K(398336K) Eden: 406016K(406016K)->0K(397312K) From: 1024K(1024K)->1024K(1024K)
[188.806s][info][gc,heap        ] GC(874) ParOldGen: 8729K(1398272K)->8849K(1398272K)
[188.806s][info][gc,metaspace   ] GC(874) Metaspace: 14360K(15360K)->14360K(15360K) NonClass: 12391K(12992K)->12391K(12992K) Class: 1969K(2368K)->1969K(2368K)
[188.806s][info][gc             ] GC(874) Pause Young (Allocation Failure) 406M->9M(1754M) 2.608ms
[188.806s][info][gc,cpu         ] GC(874) User=0.00s Sys=0.00s Real=0.00s
[189.065s][info][gc,start       ] GC(875) Pause Young (Allocation Failure)
[189.068s][info][gc,heap        ] GC(875) PSYoungGen: 398336K(398336K)->1024K(390144K) Eden: 397312K(397312K)->0K(389120K) From: 1024K(1024K)->1024K(1024K)
[189.068s][info][gc,heap        ] GC(875) ParOldGen: 8849K(1398272K)->8937K(1398272K)
[189.068s][info][gc,metaspace   ] GC(875) Metaspace: 14360K(15360K)->14360K(15360K) NonClass: 12391K(12992K)->12391K(12992K) Class: 1969K(2368K)->1969K(2368K)
[189.068s][info][gc             ] GC(875) Pause Young (Allocation Failure) 397M->9M(1746M) 2.623ms
[189.068s][info][gc,cpu         ] GC(875) User=0.00s Sys=0.00s Real=0.00s
[189.325s][info][gc,start       ] GC(876) Pause Young (Allocation Failure)
[189.328s][info][gc,heap        ] GC(876) PSYoungGen: 390144K(390144K)->1024K(381952K) Eden: 389120K(389120K)->0K(380928K) From: 1024K(1024K)->1024K(1024K)
[189.328s][info][gc,heap        ] GC(876) ParOldGen: 8937K(1398272K)->9017K(1398272K)
[189.328s][info][gc,metaspace   ] GC(876) Metaspace: 14360K(15360K)->14360K(15360K) NonClass: 12391K(12992K)->12391K(12992K) Class: 1969K(2368K)->1969K(2368K)
[189.328s][info][gc             ] GC(876) Pause Young (Allocation Failure) 389M->9M(1738M) 2.655ms
[189.328s][info][gc,cpu         ] GC(876) User=0.52s Sys=0.00s Real=0.00s
[189.578s][info][gc,start       ] GC(877) Pause Young (Allocation Failure)
[189.580s][info][gc,heap        ] GC(877) PSYoungGen: 381952K(381952K)->1024K(374272K) Eden: 380928K(380928K)->0K(373248K) From: 1024K(1024K)->1024K(1024K)
[189.580s][info][gc,heap        ] GC(877) ParOldGen: 9017K(1398272K)->9113K(1398272K)
[189.580s][info][gc,metaspace   ] GC(877) Metaspace: 14360K(15360K)->14360K(15360K) NonClass: 12391K(12992K)->12391K(12992K) Class: 1969K(2368K)->1969K(2368K)
[189.580s][info][gc             ] GC(877) Pause Young (Allocation Failure) 381M->9M(1731M) 2.703ms
[189.580s][info][gc,cpu         ] GC(877) User=0.00s Sys=0.00s Real=0.00s
[189.825s][info][gc,start       ] GC(878) Pause Young (Allocation Failure)
[189.828s][info][gc,heap        ] GC(878) PSYoungGen: 374272K(374272K)->1024K(366592K) Eden: 373248K(373248K)->0K(365568K) From: 1024K(1024K)->1024K(1024K)
[189.828s][info][gc,heap        ] GC(878) ParOldGen: 9113K(1398272K)->9209K(1398272K)
[189.828s][info][gc,metaspace   ] GC(878) Metaspace: 14360K(15360K)->14360K(15360K) NonClass: 12391K(12992K)->12391K(12992K) Class: 1969K(2368K)->1969K(2368K)
[189.828s][info][gc             ] GC(878) Pause Young (Allocation Failure) 374M->9M(1723M) 2.750ms
[189.828s][info][gc,cpu         ] GC(878) User=0.52s Sys=0.00s Real=0.00s
[190.067s][info][gc,start       ] GC(879) Pause Young (Allocation Failure)
[190.070s][info][gc,heap        ] GC(879) PSYoungGen: 366592K(366592K)->1024K(359424K) Eden: 365568K(365568K)->0K(358400K) From: 1024K(1024K)->1024K(1024K)
[190.070s][info][gc,heap        ] GC(879) ParOldGen: 9209K(1398272K)->9281K(1398272K)
[190.070s][info][gc,metaspace   ] GC(879) Metaspace: 14360K(15360K)->14360K(15360K) NonClass: 12391K(12992K)->12391K(12992K) Class: 1969K(2368K)->1969K(2368K)
[190.070s][info][gc             ] GC(879) Pause Young (Allocation Failure) 366M->10M(1716M) 2.736ms
[190.070s][info][gc,cpu         ] GC(879) User=0.00s Sys=0.00s Real=0.00s
[190.310s][info][gc,start       ] GC(880) Pause Young (Allocation Failure)
[190.313s][info][gc,heap        ] GC(880) PSYoungGen: 359424K(359424K)->992K(352256K) Eden: 358400K(358400K)->0K(351232K) From: 1024K(1024K)->992K(1024K)
[190.313s][info][gc,heap        ] GC(880) ParOldGen: 9281K(1398272K)->9393K(1398272K)
[190.313s][info][gc,metaspace   ] GC(880) Metaspace: 14360K(15360K)->14360K(15360K) NonClass: 12391K(12992K)->12391K(12992K) Class: 1969K(2368K)->1969K(2368K)
[190.313s][info][gc             ] GC(880) Pause Young (Allocation Failure) 360M->10M(1709M) 2.810ms
[190.313s][info][gc,cpu         ] GC(880) User=0.52s Sys=0.00s Real=0.00s
[190.546s][info][gc,start       ] GC(881) Pause Young (Allocation Failure)
[190.549s][info][gc,heap        ] GC(881) PSYoungGen: 352224K(352256K)->1024K(422912K) Eden: 351232K(351232K)->0K(421888K) From: 992K(1024K)->1024K(1024K)
[190.549s][info][gc,heap        ] GC(881) ParOldGen: 9393K(1398272K)->9489K(1398272K)
[190.549s][info][gc,metaspace   ] GC(881) Metaspace: 14360K(15360K)->14360K(15360K) NonClass: 12391K(12992K)->12391K(12992K) Class: 1969K(2368K)->1969K(2368K)
[190.549s][info][gc             ] GC(881) Pause Young (Allocation Failure) 353M->10M(1778M) 2.852ms
[190.549s][info][gc,cpu         ] GC(881) User=0.00s Sys=0.00s Real=0.00s
[190.839s][info][gc,start       ] GC(882) Pause Young (Allocation Failure)
[190.842s][info][gc,heap        ] GC(882) PSYoungGen: 422912K(422912K)->1024K(413696K) Eden: 421888K(421888K)->0K(412672K) From: 1024K(1024K)->1024K(1024K)
[190.842s][info][gc,heap        ] GC(882) ParOldGen: 9489K(1398272K)->9593K(1398272K)
[190.842s][info][gc,metaspace   ] GC(882) Metaspace: 14360K(15360K)->14360K(15360K) NonClass: 12391K(12992K)->12391K(12992K) Class: 1969K(2368K)->1969K(2368K)
[190.842s][info][gc             ] GC(882) Pause Young (Allocation Failure) 422M->10M(1769M) 2.679ms
[190.842s][info][gc,cpu         ] GC(882) User=0.00s Sys=0.00s Real=0.00s
[191.147s][info][gc,start       ] GC(883) Pause Young (Allocation Failure)
[191.149s][info][gc,heap        ] GC(883) PSYoungGen: 413696K(413696K)->1024K(404992K) Eden: 412672K(412672K)->0K(403968K) From: 1024K(1024K)->1024K(1024K)
[191.149s][info][gc,heap        ] GC(883) ParOldGen: 9593K(1398272K)->9697K(1398272K)
[191.149s][info][gc,metaspace   ] GC(883) Metaspace: 14360K(15360K)->14360K(15360K) NonClass: 12391K(12992K)->12391K(12992K) Class: 1969K(2368K)->1969K(2368K)
[191.149s][info][gc             ] GC(883) Pause Young (Allocation Failure) 413M->10M(1761M) 2.568ms
[191.149s][info][gc,cpu         ] GC(883) User=0.00s Sys=0.00s Real=0.00s
[191.415s][info][gc,start       ] GC(884) Pause Young (Allocation Failure)
[191.418s][info][gc,heap        ] GC(884) PSYoungGen: 404992K(404992K)->1024K(396288K) Eden: 403968K(403968K)->0K(395264K) From: 1024K(1024K)->1024K(1024K)
[191.418s][info][gc,heap        ] GC(884) ParOldGen: 9697K(1398272K)->9825K(1398272K)
[191.418s][info][gc,metaspace   ] GC(884) Metaspace: 14360K(15360K)->14360K(15360K) NonClass: 12391K(12992K)->12391K(12992K) Class: 1969K(2368K)->1969K(2368K)
[191.418s][info][gc             ] GC(884) Pause Young (Allocation Failure) 404M->10M(1752M) 2.543ms
[191.418s][info][gc,cpu         ] GC(884) User=0.00s Sys=0.00s Real=0.00s
[191.677s][info][gc,start       ] GC(885) Pause Young (Allocation Failure)
[191.680s][info][gc,heap        ] GC(885) PSYoungGen: 396288K(396288K)->1024K(388096K) Eden: 395264K(395264K)->0K(387072K) From: 1024K(1024K)->1024K(1024K)
[191.680s][info][gc,heap        ] GC(885) ParOldGen: 9825K(1398272K)->9921K(1398272K)
[191.680s][info][gc,metaspace   ] GC(885) Metaspace: 14360K(15360K)->14360K(15360K) NonClass: 12391K(12992K)->12391K(12992K) Class: 1969K(2368K)->1969K(2368K)
[191.680s][info][gc             ] GC(885) Pause Young (Allocation Failure) 396M->10M(1744M) 2.605ms
[191.680s][info][gc,cpu         ] GC(885) User=0.00s Sys=0.00s Real=0.00s
[191.933s][info][gc,start       ] GC(886) Pause Young (Allocation Failure)
[191.936s][info][gc,heap        ] GC(886) PSYoungGen: 388096K(388096K)->1024K(379904K) Eden: 387072K(387072K)->0K(378880K) From: 1024K(1024K)->1024K(1024K)
[191.936s][info][gc,heap        ] GC(886) ParOldGen: 9921K(1398272K)->10025K(1398272K)
[191.936s][info][gc,metaspace   ] GC(886) Metaspace: 14360K(15360K)->14360K(15360K) NonClass: 12391K(12992K)->12391K(12992K) Class: 1969K(2368K)->1969K(2368K)
[191.936s][info][gc             ] GC(886) Pause Young (Allocation Failure) 388M->10M(1736M) 2.660ms
[191.936s][info][gc,cpu         ] GC(886) User=0.00s Sys=0.00s Real=0.00s
[192.184s][info][gc,start       ] GC(887) Pause Young (Allocation Failure)
[192.187s][info][gc,heap        ] GC(887) PSYoungGen: 379904K(379904K)->1024K(372224K) Eden: 378880K(378880K)->0K(371200K) From: 1024K(1024K)->1024K(1024K)
[192.187s][info][gc,heap        ] GC(887) ParOldGen: 10025K(1398272K)->10137K(1398272K)
[192.187s][info][gc,metaspace   ] GC(887) Metaspace: 14360K(15360K)->14360K(15360K) NonClass: 12391K(12992K)->12391K(12992K) Class: 1969K(2368K)->1969K(2368K)
[192.187s][info][gc             ] GC(887) Pause Young (Allocation Failure) 380M->10M(1729M) 2.641ms
[192.187s][info][gc,cpu         ] GC(887) User=0.52s Sys=0.00s Real=0.00s
[192.433s][info][gc,start       ] GC(888) Pause Young (Allocation Failure)
[192.436s][info][gc,heap        ] GC(888) PSYoungGen: 372224K(372224K)->1024K(364544K) Eden: 371200K(371200K)->0K(363520K) From: 1024K(1024K)->1024K(1024K)
[192.436s][info][gc,heap        ] GC(888) ParOldGen: 10137K(1398272K)->10257K(1398272K)
[192.436s][info][gc,metaspace   ] GC(888) Metaspace: 14360K(15360K)->14360K(15360K) NonClass: 12391K(12992K)->12391K(12992K) Class: 1969K(2368K)->1969K(2368K)
[192.436s][info][gc             ] GC(888) Pause Young (Allocation Failure) 373M->11M(1721M) 2.661ms
[192.436s][info][gc,cpu         ] GC(888) User=0.52s Sys=0.00s Real=0.00s
[192.675s][info][gc,start       ] GC(889) Pause Young (Allocation Failure)
[192.678s][info][gc,heap        ] GC(889) PSYoungGen: 364544K(364544K)->992K(357376K) Eden: 363520K(363520K)->0K(356352K) From: 1024K(1024K)->992K(1024K)
[192.678s][info][gc,heap        ] GC(889) ParOldGen: 10257K(1398272K)->10353K(1398272K)
[192.678s][info][gc,metaspace   ] GC(889) Metaspace: 14360K(15360K)->14360K(15360K) NonClass: 12391K(12992K)->12391K(12992K) Class: 1969K(2368K)->1969K(2368K)
[192.678s][info][gc             ] GC(889) Pause Young (Allocation Failure) 366M->11M(1714M) 2.693ms
[192.678s][info][gc,cpu         ] GC(889) User=0.00s Sys=0.00s Real=0.00s
[192.913s][info][gc,start       ] GC(890) Pause Young (Allocation Failure)
[192.916s][info][gc,heap        ] GC(890) PSYoungGen: 357344K(357376K)->992K(350208K) Eden: 356352K(356352K)->0K(349184K) From: 992K(1024K)->992K(1024K)
[192.916s][info][gc,heap        ] GC(890) ParOldGen: 10353K(1398272K)->10457K(1398272K)
[192.916s][info][gc,metaspace   ] GC(890) Metaspace: 14360K(15360K)->14360K(15360K) NonClass: 12391K(12992K)->12391K(12992K) Class: 1969K(2368K)->1969K(2368K)
[192.916s][info][gc             ] GC(890) Pause Young (Allocation Failure) 359M->11M(1707M) 2.684ms
[192.916s][info][gc,cpu         ] GC(890) User=0.00s Sys=0.00s Real=0.00s
[193.147s][info][gc,start       ] GC(891) Pause Young (Allocation Failure)
[193.150s][info][gc,heap        ] GC(891) PSYoungGen: 350176K(350208K)->1024K(420352K) Eden: 349184K(349184K)->0K(419328K) From: 992K(1024K)->1024K(1024K)
[193.150s][info][gc,heap        ] GC(891) ParOldGen: 10457K(1398272K)->10569K(1398272K)
[193.150s][info][gc,metaspace   ] GC(891) Metaspace: 14360K(15360K)->14360K(15360K) NonClass: 12391K(12992K)->12391K(12992K) Class: 1969K(2368K)->1969K(2368K)
[193.150s][info][gc             ] GC(891) Pause Young (Allocation Failure) 352M->11M(1776M) 2.802ms
[193.150s][info][gc,cpu         ] GC(891) User=0.00s Sys=0.00s Real=0.00s
[193.429s][info][gc,start       ] GC(892) Pause Young (Allocation Failure)
[193.431s][info][gc,heap        ] GC(892) PSYoungGen: 420352K(420352K)->1056K(411648K) Eden: 419328K(419328K)->0K(410112K) From: 1024K(1024K)->1056K(1536K)
[193.432s][info][gc,heap        ] GC(892) ParOldGen: 10569K(1398272K)->10649K(1398272K)
[193.432s][info][gc,metaspace   ] GC(892) Metaspace: 14360K(15360K)->14360K(15360K) NonClass: 12391K(12992K)->12391K(12992K) Class: 1969K(2368K)->1969K(2368K)
[193.432s][info][gc             ] GC(892) Pause Young (Allocation Failure) 420M->11M(1767M) 2.837ms
[193.432s][info][gc,cpu         ] GC(892) User=0.00s Sys=0.00s Real=0.00s
[193.716s][info][gc,start       ] GC(893) Pause Young (Allocation Failure)
[193.718s][info][gc,heap        ] GC(893) PSYoungGen: 411168K(411648K)->1024K(402432K) Eden: 410112K(410112K)->0K(401408K) From: 1056K(1536K)->1024K(1024K)
[193.718s][info][gc,heap        ] GC(893) ParOldGen: 10649K(1398272K)->10773K(1398272K)
[193.718s][info][gc,metaspace   ] GC(893) Metaspace: 14360K(15360K)->14360K(15360K) NonClass: 12391K(12992K)->12391K(12992K) Class: 1969K(2368K)->1969K(2368K)
[193.718s][info][gc             ] GC(893) Pause Young (Allocation Failure) 411M->11M(1758M) 2.740ms
[193.718s][info][gc,cpu         ] GC(893) User=0.52s Sys=0.00s Real=0.00s
[193.990s][info][gc,start       ] GC(894) Pause Young (Allocation Failure)
[193.993s][info][gc,heap        ] GC(894) PSYoungGen: 402432K(402432K)->1024K(394240K) Eden: 401408K(401408K)->0K(393216K) From: 1024K(1024K)->1024K(1024K)
[193.993s][info][gc,heap        ] GC(894) ParOldGen: 10773K(1398272K)->10885K(1398272K)
[193.993s][info][gc,metaspace   ] GC(894) Metaspace: 14360K(15360K)->14360K(15360K) NonClass: 12391K(12992K)->12391K(12992K) Class: 1969K(2368K)->1969K(2368K)
[193.993s][info][gc             ] GC(894) Pause Young (Allocation Failure) 403M->11M(1750M) 2.521ms
[193.993s][info][gc,cpu         ] GC(894) User=0.00s Sys=0.00s Real=0.00s
[194.272s][info][gc,start       ] GC(895) Pause Young (Allocation Failure)
[194.274s][info][gc,heap        ] GC(895) PSYoungGen: 394240K(394240K)->1024K(386048K) Eden: 393216K(393216K)->0K(385024K) From: 1024K(1024K)->1024K(1024K)
[194.274s][info][gc,heap        ] GC(895) ParOldGen: 10885K(1398272K)->10989K(1398272K)
[194.274s][info][gc,metaspace   ] GC(895) Metaspace: 14360K(15360K)->14360K(15360K) NonClass: 12391K(12992K)->12391K(12992K) Class: 1969K(2368K)->1969K(2368K)
[194.274s][info][gc             ] GC(895) Pause Young (Allocation Failure) 395M->11M(1742M) 2.551ms
[194.274s][info][gc,cpu         ] GC(895) User=0.00s Sys=0.00s Real=0.00s
[194.525s][info][gc,start       ] GC(896) Pause Young (Allocation Failure)
[194.528s][info][gc,heap        ] GC(896) PSYoungGen: 386048K(386048K)->1024K(378368K) Eden: 385024K(385024K)->0K(377344K) From: 1024K(1024K)->1024K(1024K)
[194.528s][info][gc,heap        ] GC(896) ParOldGen: 10989K(1398272K)->11133K(1398272K)
[194.528s][info][gc,metaspace   ] GC(896) Metaspace: 14360K(15360K)->14360K(15360K) NonClass: 12391K(12992K)->12391K(12992K) Class: 1969K(2368K)->1969K(2368K)
[194.528s][info][gc             ] GC(896) Pause Young (Allocation Failure) 387M->11M(1735M) 2.580ms
[194.528s][info][gc,cpu         ] GC(896) User=0.00s Sys=0.00s Real=0.00s
[194.773s][info][gc,start       ] GC(897) Pause Young (Allocation Failure)
[194.776s][info][gc,heap        ] GC(897) PSYoungGen: 378368K(378368K)->1024K(370688K) Eden: 377344K(377344K)->0K(369664K) From: 1024K(1024K)->1024K(1024K)
[194.776s][info][gc,heap        ] GC(897) ParOldGen: 11133K(1398272K)->11253K(1398272K)
[194.776s][info][gc,metaspace   ] GC(897) Metaspace: 14360K(15360K)->14360K(15360K) NonClass: 12391K(12992K)->12391K(12992K) Class: 1969K(2368K)->1969K(2368K)
[194.776s][info][gc             ] GC(897) Pause Young (Allocation Failure) 380M->11M(1727M) 2.598ms
[194.776s][info][gc,cpu         ] GC(897) User=0.00s Sys=0.00s Real=0.00s
[195.013s][info][gc,start       ] GC(898) Pause Young (Allocation Failure)
[195.015s][info][gc,heap        ] GC(898) PSYoungGen: 370688K(370688K)->1024K(363520K) Eden: 369664K(369664K)->0K(362496K) From: 1024K(1024K)->1024K(1024K)
[195.015s][info][gc,heap        ] GC(898) ParOldGen: 11253K(1398272K)->11365K(1398272K)
[195.015s][info][gc,metaspace   ] GC(898) Metaspace: 14360K(15360K)->14360K(15360K) NonClass: 12391K(12992K)->12391K(12992K) Class: 1969K(2368K)->1969K(2368K)
[195.015s][info][gc             ] GC(898) Pause Young (Allocation Failure) 372M->12M(1720M) 2.592ms
[195.015s][info][gc,cpu         ] GC(898) User=0.52s Sys=0.00s Real=0.00s
[195.245s][info][gc,start       ] GC(899) Pause Young (Allocation Failure)
[195.247s][info][gc,heap        ] GC(899) PSYoungGen: 363520K(363520K)->1024K(356352K) Eden: 362496K(362496K)->0K(355328K) From: 1024K(1024K)->1024K(1024K)
[195.247s][info][gc,heap        ] GC(899) ParOldGen: 11365K(1398272K)->11453K(1398272K)
[195.247s][info][gc,metaspace   ] GC(899) Metaspace: 14360K(15360K)->14360K(15360K) NonClass: 12391K(12992K)->12391K(12992K) Class: 1969K(2368K)->1969K(2368K)
[195.247s][info][gc             ] GC(899) Pause Young (Allocation Failure) 366M->12M(1713M) 2.670ms
[195.248s][info][gc,cpu         ] GC(899) User=0.00s Sys=0.00s Real=0.00s
[195.471s][info][gc,start       ] GC(900) Pause Young (Allocation Failure)
[195.473s][info][gc,heap        ] GC(900) PSYoungGen: 356352K(356352K)->992K(427520K) Eden: 355328K(355328K)->0K(426496K) From: 1024K(1024K)->992K(1024K)
[195.473s][info][gc,heap        ] GC(900) ParOldGen: 11453K(1398272K)->11557K(1398272K)
[195.473s][info][gc,metaspace   ] GC(900) Metaspace: 14360K(15360K)->14360K(15360K) NonClass: 12391K(12992K)->12391K(12992K) Class: 1969K(2368K)->1969K(2368K)
[195.473s][info][gc             ] GC(900) Pause Young (Allocation Failure) 359M->12M(1783M) 2.702ms
[195.473s][info][gc,cpu         ] GC(900) User=0.00s Sys=0.00s Real=0.00s
[195.734s][info][gc,start       ] GC(901) Pause Young (Allocation Failure)
[195.747s][info][gc,heap        ] GC(901) PSYoungGen: 427488K(427520K)->960K(418304K) Eden: 426496K(426496K)->0K(417280K) From: 992K(1024K)->960K(1024K)
[195.747s][info][gc,heap        ] GC(901) ParOldGen: 11557K(1398272K)->11637K(1398272K)
[195.747s][info][gc,metaspace   ] GC(901) Metaspace: 14360K(15360K)->14360K(15360K) NonClass: 12391K(12992K)->12391K(12992K) Class: 1969K(2368K)->1969K(2368K)
[195.747s][info][gc             ] GC(901) Pause Young (Allocation Failure) 428M->12M(1774M) 12.905ms
[195.747s][info][gc,cpu         ] GC(901) User=0.00s Sys=0.00s Real=0.00s
[195.959s][info][gc,start       ] GC(902) Pause Young (System.gc())
[195.963s][info][gc,heap        ] GC(902) PSYoungGen: 323023K(418304K)->448K(417792K) Eden: 322063K(417280K)->0K(417280K) From: 960K(1024K)->448K(512K)
[195.963s][info][gc,heap        ] GC(902) ParOldGen: 11637K(1398272K)->11709K(1398272K)
[195.963s][info][gc,metaspace   ] GC(902) Metaspace: 14360K(15360K)->14360K(15360K) NonClass: 12391K(12992K)->12391K(12992K) Class: 1969K(2368K)->1969K(2368K)
[195.963s][info][gc             ] GC(902) Pause Young (System.gc()) 326M->11M(1773M) 4.035ms
[195.963s][info][gc,cpu         ] GC(902) User=0.00s Sys=0.00s Real=0.00s
[195.963s][info][gc,start       ] GC(903) Pause Full (System.gc())
[195.963s][info][gc,phases,start] GC(903) Marking Phase
[195.977s][info][gc,phases      ] GC(903) Marking Phase 14.257ms
[195.977s][info][gc,phases,start] GC(903) Summary Phase
[195.977s][info][gc,phases      ] GC(903) Summary Phase 0.022ms
[195.977s][info][gc,phases,start] GC(903) Adjust Roots
[195.983s][info][gc,phases      ] GC(903) Adjust Roots 6.027ms
[195.983s][info][gc,phases,start] GC(903) Compaction Phase
[195.985s][info][gc,phases      ] GC(903) Compaction Phase 1.836ms
[195.985s][info][gc,phases,start] GC(903) Post Compact
[195.986s][info][gc,phases      ] GC(903) Post Compact 0.476ms
[195.986s][info][gc,heap        ] GC(903) PSYoungGen: 448K(417792K)->0K(417792K) Eden: 0K(417280K)->0K(417280K) From: 448K(512K)->0K(512K)
[195.986s][info][gc,heap        ] GC(903) ParOldGen: 11709K(1398272K)->5387K(1398272K)
[195.986s][info][gc,metaspace   ] GC(903) Metaspace: 14360K(15360K)->14360K(15360K) NonClass: 12391K(12992K)->12391K(12992K) Class: 1969K(2368K)->1969K(2368K)
[195.986s][info][gc             ] GC(903) Pause Full (System.gc()) 11M->5M(1773M) 22.843ms
[195.986s][info][gc,cpu         ] GC(903) User=0.02s Sys=0.00s Real=0.02s
[196.344s][info][gc,start       ] GC(904) Pause Young (Allocation Failure)
[196.347s][info][gc,heap        ] GC(904) PSYoungGen: 417280K(417792K)->1536K(409600K) Eden: 417280K(417280K)->0K(408064K) From: 0K(512K)->1536K(1536K)
[196.347s][info][gc,heap        ] GC(904) ParOldGen: 5387K(1398272K)->5628K(1398272K)
[196.347s][info][gc,metaspace   ] GC(904) Metaspace: 14360K(15360K)->14360K(15360K) NonClass: 12391K(12992K)->12391K(12992K) Class: 1969K(2368K)->1969K(2368K)
[196.347s][info][gc             ] GC(904) Pause Young (Allocation Failure) 412M->6M(1765M) 2.748ms
[196.347s][info][gc,cpu         ] GC(904) User=0.00s Sys=0.00s Real=0.00s
[196.604s][info][gc,start       ] GC(905) Pause Young (Allocation Failure)
[196.607s][info][gc,heap        ] GC(905) PSYoungGen: 409600K(409600K)->1056K(400896K) Eden: 408064K(408064K)->0K(399360K) From: 1536K(1536K)->1056K(1536K)
[196.607s][info][gc,heap        ] GC(905) ParOldGen: 5628K(1398272K)->7164K(1398272K)
[196.607s][info][gc,metaspace   ] GC(905) Metaspace: 14360K(15360K)->14360K(15360K) NonClass: 12391K(12992K)->12391K(12992K) Class: 1969K(2368K)->1969K(2368K)
[196.607s][info][gc             ] GC(905) Pause Young (Allocation Failure) 405M->8M(1757M) 2.533ms
[196.607s][info][gc,cpu         ] GC(905) User=0.00s Sys=0.00s Real=0.00s
[196.894s][info][gc,start       ] GC(906) Pause Young (Allocation Failure)
[196.896s][info][gc,heap        ] GC(906) PSYoungGen: 400416K(400896K)->1024K(392192K) Eden: 399360K(399360K)->0K(391168K) From: 1056K(1536K)->1024K(1024K)
[196.896s][info][gc,heap        ] GC(906) ParOldGen: 7164K(1398272K)->7308K(1398272K)
[196.896s][info][gc,metaspace   ] GC(906) Metaspace: 14360K(15360K)->14360K(15360K) NonClass: 12391K(12992K)->12391K(12992K) Class: 1969K(2368K)->1969K(2368K)
[196.896s][info][gc             ] GC(906) Pause Young (Allocation Failure) 398M->8M(1748M) 2.516ms
[196.896s][info][gc,cpu         ] GC(906) User=0.00s Sys=0.00s Real=0.00s
[197.160s][info][gc,start       ] GC(907) Pause Young (Allocation Failure)
[197.162s][info][gc,heap        ] GC(907) PSYoungGen: 392192K(392192K)->992K(384000K) Eden: 391168K(391168K)->0K(382976K) From: 1024K(1024K)->992K(1024K)
[197.162s][info][gc,heap        ] GC(907) ParOldGen: 7308K(1398272K)->7396K(1398272K)
[197.162s][info][gc,metaspace   ] GC(907) Metaspace: 14360K(15360K)->14360K(15360K) NonClass: 12391K(12992K)->12391K(12992K) Class: 1969K(2368K)->1969K(2368K)
[197.162s][info][gc             ] GC(907) Pause Young (Allocation Failure) 390M->8M(1740M) 2.437ms
[197.162s][info][gc,cpu         ] GC(907) User=0.00s Sys=0.00s Real=0.00s
[197.422s][info][gc,start       ] GC(908) Pause Young (Allocation Failure)
[197.424s][info][gc,heap        ] GC(908) PSYoungGen: 383968K(384000K)->1024K(376320K) Eden: 382976K(382976K)->0K(375296K) From: 992K(1024K)->1024K(1024K)
[197.424s][info][gc,heap        ] GC(908) ParOldGen: 7396K(1398272K)->7492K(1398272K)
[197.424s][info][gc,metaspace   ] GC(908) Metaspace: 14360K(15360K)->14360K(15360K) NonClass: 12391K(12992K)->12391K(12992K) Class: 1969K(2368K)->1969K(2368K)
[197.425s][info][gc             ] GC(908) Pause Young (Allocation Failure) 382M->8M(1733M) 2.535ms
[197.425s][info][gc,cpu         ] GC(908) User=0.00s Sys=0.00s Real=0.00s
[197.677s][info][gc,start       ] GC(909) Pause Young (Allocation Failure)
[197.679s][info][gc,heap        ] GC(909) PSYoungGen: 376320K(376320K)->1024K(368640K) Eden: 375296K(375296K)->0K(367616K) From: 1024K(1024K)->1024K(1024K)
[197.679s][info][gc,heap        ] GC(909) ParOldGen: 7492K(1398272K)->7604K(1398272K)
[197.679s][info][gc,metaspace   ] GC(909) Metaspace: 14360K(15360K)->14360K(15360K) NonClass: 12391K(12992K)->12391K(12992K) Class: 1969K(2368K)->1969K(2368K)
[197.679s][info][gc             ] GC(909) Pause Young (Allocation Failure) 374M->8M(1725M) 2.543ms
[197.679s][info][gc,cpu         ] GC(909) User=0.00s Sys=0.00s Real=0.00s
[197.928s][info][gc,start       ] GC(910) Pause Young (Allocation Failure)
[197.931s][info][gc,heap        ] GC(910) PSYoungGen: 368640K(368640K)->1024K(361472K) Eden: 367616K(367616K)->0K(360448K) From: 1024K(1024K)->1024K(1024K)
[197.931s][info][gc,heap        ] GC(910) ParOldGen: 7604K(1398272K)->7716K(1398272K)
[197.931s][info][gc,metaspace   ] GC(910) Metaspace: 14360K(15360K)->14360K(15360K) NonClass: 12391K(12992K)->12391K(12992K) Class: 1969K(2368K)->1969K(2368K)
[197.931s][info][gc             ] GC(910) Pause Young (Allocation Failure) 367M->8M(1718M) 2.598ms
[197.931s][info][gc,cpu         ] GC(910) User=0.00s Sys=0.00s Real=0.00s
[198.172s][info][gc,start       ] GC(911) Pause Young (Allocation Failure)
[198.174s][info][gc,heap        ] GC(911) PSYoungGen: 361472K(361472K)->992K(354304K) Eden: 360448K(360448K)->0K(353280K) From: 1024K(1024K)->992K(1024K)
[198.174s][info][gc,heap        ] GC(911) ParOldGen: 7716K(1398272K)->7844K(1398272K)
[198.174s][info][gc,metaspace   ] GC(911) Metaspace: 14360K(15360K)->14360K(15360K) NonClass: 12391K(12992K)->12391K(12992K) Class: 1969K(2368K)->1969K(2368K)
[198.174s][info][gc             ] GC(911) Pause Young (Allocation Failure) 360M->8M(1711M) 2.604ms
[198.174s][info][gc,cpu         ] GC(911) User=0.00s Sys=0.00s Real=0.00s
[198.413s][info][gc,start       ] GC(912) Pause Young (Allocation Failure)
[198.415s][info][gc,heap        ] GC(912) PSYoungGen: 354272K(354304K)->992K(347648K) Eden: 353280K(353280K)->0K(346624K) From: 992K(1024K)->992K(1024K)
[198.415s][info][gc,heap        ] GC(912) ParOldGen: 7844K(1398272K)->7932K(1398272K)
[198.415s][info][gc,metaspace   ] GC(912) Metaspace: 14360K(15360K)->14360K(15360K) NonClass: 12391K(12992K)->12391K(12992K) Class: 1969K(2368K)->1969K(2368K)
[198.415s][info][gc             ] GC(912) Pause Young (Allocation Failure) 353M->8M(1705M) 2.687ms
[198.415s][info][gc,cpu         ] GC(912) User=0.00s Sys=0.00s Real=0.00s
[198.647s][info][gc,start       ] GC(913) Pause Young (Allocation Failure)
[198.649s][info][gc,heap        ] GC(913) PSYoungGen: 347616K(347648K)->992K(340992K) Eden: 346624K(346624K)->0K(339968K) From: 992K(1024K)->992K(1024K)
[198.649s][info][gc,heap        ] GC(913) ParOldGen: 7932K(1398272K)->8028K(1398272K)
[198.649s][info][gc,metaspace   ] GC(913) Metaspace: 14360K(15360K)->14360K(15360K) NonClass: 12391K(12992K)->12391K(12992K) Class: 1969K(2368K)->1969K(2368K)
[198.649s][info][gc             ] GC(913) Pause Young (Allocation Failure) 347M->8M(1698M) 2.659ms
[198.649s][info][gc,cpu         ] GC(913) User=0.00s Sys=0.00s Real=0.00s
[198.875s][info][gc,start       ] GC(914) Pause Young (Allocation Failure)
[198.877s][info][gc,heap        ] GC(914) PSYoungGen: 340960K(340992K)->992K(334336K) Eden: 339968K(339968K)->0K(333312K) From: 992K(1024K)->992K(1024K)
[198.877s][info][gc,heap        ] GC(914) ParOldGen: 8028K(1398272K)->8140K(1398272K)
[198.877s][info][gc,metaspace   ] GC(914) Metaspace: 14360K(15360K)->14360K(15360K) NonClass: 12391K(12992K)->12391K(12992K) Class: 1969K(2368K)->1969K(2368K)
[198.877s][info][gc             ] GC(914) Pause Young (Allocation Failure) 340M->8M(1692M) 2.693ms
[198.877s][info][gc,cpu         ] GC(914) User=0.00s Sys=0.00s Real=0.00s
[199.101s][info][gc,start       ] GC(915) Pause Young (Allocation Failure)
[199.104s][info][gc,heap        ] GC(915) PSYoungGen: 334304K(334336K)->1024K(401408K) Eden: 333312K(333312K)->0K(400384K) From: 992K(1024K)->1024K(1024K)
[199.104s][info][gc,heap        ] GC(915) ParOldGen: 8140K(1398272K)->8252K(1398272K)
[199.104s][info][gc,metaspace   ] GC(915) Metaspace: 14360K(15360K)->14360K(15360K) NonClass: 12391K(12992K)->12391K(12992K) Class: 1969K(2368K)->1969K(2368K)
[199.104s][info][gc             ] GC(915) Pause Young (Allocation Failure) 334M->9M(1757M) 2.739ms
[199.104s][info][gc,cpu         ] GC(915) User=0.00s Sys=0.00s Real=0.00s
[199.371s][info][gc,start       ] GC(916) Pause Young (Allocation Failure)
[199.373s][info][gc,heap        ] GC(916) PSYoungGen: 401408K(401408K)->992K(481792K) Eden: 400384K(400384K)->0K(480768K) From: 1024K(1024K)->992K(1024K)
[199.373s][info][gc,heap        ] GC(916) ParOldGen: 8252K(1398272K)->8340K(1398272K)
[199.373s][info][gc,metaspace   ] GC(916) Metaspace: 14360K(15360K)->14360K(15360K) NonClass: 12391K(12992K)->12391K(12992K) Class: 1969K(2368K)->1969K(2368K)
[199.373s][info][gc             ] GC(916) Pause Young (Allocation Failure) 400M->9M(1836M) 2.839ms
[199.373s][info][gc,cpu         ] GC(916) User=0.00s Sys=0.00s Real=0.00s
[199.698s][info][gc,start       ] GC(917) Pause Young (Allocation Failure)
[199.701s][info][gc,heap        ] GC(917) PSYoungGen: 481760K(481792K)->960K(470528K) Eden: 480768K(480768K)->0K(469504K) From: 992K(1024K)->960K(1024K)
[199.701s][info][gc,heap        ] GC(917) ParOldGen: 8340K(1398272K)->8484K(1398272K)
[199.701s][info][gc,metaspace   ] GC(917) Metaspace: 14360K(15360K)->14360K(15360K) NonClass: 12391K(12992K)->12391K(12992K) Class: 1969K(2368K)->1969K(2368K)
[199.701s][info][gc             ] GC(917) Pause Young (Allocation Failure) 478M->9M(1825M) 2.997ms
[199.701s][info][gc,cpu         ] GC(917) User=0.00s Sys=0.00s Real=0.00s
[200.021s][info][gc,start       ] GC(918) Pause Young (Allocation Failure)
[200.024s][info][gc,heap        ] GC(918) PSYoungGen: 470464K(470528K)->992K(459776K) Eden: 469504K(469504K)->0K(458752K) From: 960K(1024K)->992K(1024K)
[200.024s][info][gc,heap        ] GC(918) ParOldGen: 8484K(1398272K)->8588K(1398272K)
[200.024s][info][gc,metaspace   ] GC(918) Metaspace: 14360K(15360K)->14360K(15360K) NonClass: 12391K(12992K)->12391K(12992K) Class: 1969K(2368K)->1969K(2368K)
[200.024s][info][gc             ] GC(918) Pause Young (Allocation Failure) 467M->9M(1814M) 2.991ms
[200.024s][info][gc,cpu         ] GC(918) User=0.00s Sys=0.00s Real=0.00s
[200.345s][info][gc,start       ] GC(919) Pause Young (Allocation Failure)
[200.348s][info][gc,heap        ] GC(919) PSYoungGen: 459744K(459776K)->1024K(449536K) Eden: 458752K(458752K)->0K(448512K) From: 992K(1024K)->1024K(1024K)
[200.348s][info][gc,heap        ] GC(919) ParOldGen: 8588K(1398272K)->8724K(1398272K)
[200.348s][info][gc,metaspace   ] GC(919) Metaspace: 14360K(15360K)->14360K(15360K) NonClass: 12391K(12992K)->12391K(12992K) Class: 1969K(2368K)->1969K(2368K)
[200.348s][info][gc             ] GC(919) Pause Young (Allocation Failure) 457M->9M(1804M) 2.726ms
[200.348s][info][gc,cpu         ] GC(919) User=0.00s Sys=0.00s Real=0.00s
[200.675s][info][gc,start       ] GC(920) Pause Young (Allocation Failure)
[200.677s][info][gc,heap        ] GC(920) PSYoungGen: 449536K(449536K)->992K(439296K) Eden: 448512K(448512K)->0K(438272K) From: 1024K(1024K)->992K(1024K)
[200.677s][info][gc,heap        ] GC(920) ParOldGen: 8724K(1398272K)->8892K(1398272K)
[200.677s][info][gc,metaspace   ] GC(920) Metaspace: 14360K(15360K)->14360K(15360K) NonClass: 12391K(12992K)->12391K(12992K) Class: 1969K(2368K)->1969K(2368K)
[200.677s][info][gc             ] GC(920) Pause Young (Allocation Failure) 447M->9M(1794M) 2.683ms
[200.677s][info][gc,cpu         ] GC(920) User=0.00s Sys=0.00s Real=0.00s
[200.967s][info][gc,start       ] GC(921) Pause Young (Allocation Failure)
[200.969s][info][gc,heap        ] GC(921) PSYoungGen: 439264K(439296K)->992K(429568K) Eden: 438272K(438272K)->0K(428544K) From: 992K(1024K)->992K(1024K)
[200.969s][info][gc,heap        ] GC(921) ParOldGen: 8892K(1398272K)->9060K(1398272K)
[200.969s][info][gc,metaspace   ] GC(921) Metaspace: 14360K(15360K)->14360K(15360K) NonClass: 12391K(12992K)->12391K(12992K) Class: 1969K(2368K)->1969K(2368K)
[200.969s][info][gc             ] GC(921) Pause Young (Allocation Failure) 437M->9M(1785M) 2.671ms
[200.969s][info][gc,cpu         ] GC(921) User=0.00s Sys=0.02s Real=0.00s
[201.254s][info][gc,start       ] GC(922) Pause Young (Allocation Failure)
[201.257s][info][gc,heap        ] GC(922) PSYoungGen: 429536K(429568K)->992K(420352K) Eden: 428544K(428544K)->0K(419328K) From: 992K(1024K)->992K(1024K)
[201.257s][info][gc,heap        ] GC(922) ParOldGen: 9060K(1398272K)->9156K(1398272K)
[201.257s][info][gc,metaspace   ] GC(922) Metaspace: 14360K(15360K)->14360K(15360K) NonClass: 12391K(12992K)->12391K(12992K) Class: 1969K(2368K)->1969K(2368K)
[201.257s][info][gc             ] GC(922) Pause Young (Allocation Failure) 428M->9M(1776M) 2.804ms
[201.257s][info][gc,cpu         ] GC(922) User=0.00s Sys=0.00s Real=0.00s
[201.539s][info][gc,start       ] GC(923) Pause Young (Allocation Failure)
[201.541s][info][gc,heap        ] GC(923) PSYoungGen: 420320K(420352K)->992K(411136K) Eden: 419328K(419328K)->0K(410112K) From: 992K(1024K)->992K(1024K)
[201.541s][info][gc,heap        ] GC(923) ParOldGen: 9156K(1398272K)->9260K(1398272K)
[201.541s][info][gc,metaspace   ] GC(923) Metaspace: 14360K(15360K)->14360K(15360K) NonClass: 12391K(12992K)->12391K(12992K) Class: 1969K(2368K)->1969K(2368K)
[201.541s][info][gc             ] GC(923) Pause Young (Allocation Failure) 419M->10M(1767M) 2.745ms
[201.542s][info][gc,cpu         ] GC(923) User=0.00s Sys=0.00s Real=0.00s
[201.816s][info][gc,start       ] GC(924) Pause Young (Allocation Failure)
[201.819s][info][gc,heap        ] GC(924) PSYoungGen: 411104K(411136K)->1024K(402432K) Eden: 410112K(410112K)->0K(401408K) From: 992K(1024K)->1024K(1024K)
[201.819s][info][gc,heap        ] GC(924) ParOldGen: 9260K(1398272K)->9364K(1398272K)
[201.819s][info][gc,metaspace   ] GC(924) Metaspace: 14360K(15360K)->14360K(15360K) NonClass: 12391K(12992K)->12391K(12992K) Class: 1969K(2368K)->1969K(2368K)
[201.819s][info][gc             ] GC(924) Pause Young (Allocation Failure) 410M->10M(1758M) 2.770ms
[201.819s][info][gc,cpu         ] GC(924) User=0.00s Sys=0.00s Real=0.00s
[202.086s][info][gc,start       ] GC(925) Pause Young (Allocation Failure)
[202.089s][info][gc,heap        ] GC(925) PSYoungGen: 402432K(402432K)->1024K(394240K) Eden: 401408K(401408K)->0K(393216K) From: 1024K(1024K)->1024K(1024K)
[202.089s][info][gc,heap        ] GC(925) ParOldGen: 9364K(1398272K)->9484K(1398272K)
[202.089s][info][gc,metaspace   ] GC(925) Metaspace: 14360K(15360K)->14360K(15360K) NonClass: 12391K(12992K)->12391K(12992K) Class: 1969K(2368K)->1969K(2368K)
[202.089s][info][gc             ] GC(925) Pause Young (Allocation Failure) 402M->10M(1750M) 2.793ms
[202.089s][info][gc,cpu         ] GC(925) User=0.00s Sys=0.00s Real=0.00s
[202.352s][info][gc,start       ] GC(926) Pause Young (Allocation Failure)
[202.355s][info][gc,heap        ] GC(926) PSYoungGen: 394240K(394240K)->1024K(386048K) Eden: 393216K(393216K)->0K(385024K) From: 1024K(1024K)->1024K(1024K)
[202.355s][info][gc,heap        ] GC(926) ParOldGen: 9484K(1398272K)->9588K(1398272K)
[202.355s][info][gc,metaspace   ] GC(926) Metaspace: 14360K(15360K)->14360K(15360K) NonClass: 12391K(12992K)->12391K(12992K) Class: 1969K(2368K)->1969K(2368K)
[202.355s][info][gc             ] GC(926) Pause Young (Allocation Failure) 394M->10M(1742M) 2.839ms
[202.355s][info][gc,cpu         ] GC(926) User=0.00s Sys=0.00s Real=0.00s
[202.616s][info][gc,start       ] GC(927) Pause Young (Allocation Failure)
[202.619s][info][gc,heap        ] GC(927) PSYoungGen: 386048K(386048K)->992K(378368K) Eden: 385024K(385024K)->0K(377344K) From: 1024K(1024K)->992K(1024K)
[202.619s][info][gc,heap        ] GC(927) ParOldGen: 9588K(1398272K)->9684K(1398272K)
[202.619s][info][gc,metaspace   ] GC(927) Metaspace: 14360K(15360K)->14360K(15360K) NonClass: 12391K(12992K)->12391K(12992K) Class: 1969K(2368K)->1969K(2368K)
[202.619s][info][gc             ] GC(927) Pause Young (Allocation Failure) 386M->10M(1735M) 2.909ms
[202.619s][info][gc,cpu         ] GC(927) User=0.00s Sys=0.00s Real=0.00s
[202.876s][info][gc,start       ] GC(928) Pause Young (Allocation Failure)
[202.879s][info][gc,heap        ] GC(928) PSYoungGen: 378336K(378368K)->1024K(370688K) Eden: 377344K(377344K)->0K(369664K) From: 992K(1024K)->1024K(1024K)
[202.879s][info][gc,heap        ] GC(928) ParOldGen: 9684K(1398272K)->9772K(1398272K)
[202.879s][info][gc,metaspace   ] GC(928) Metaspace: 14360K(15360K)->14360K(15360K) NonClass: 12391K(12992K)->12391K(12992K) Class: 1969K(2368K)->1969K(2368K)
[202.879s][info][gc             ] GC(928) Pause Young (Allocation Failure) 378M->10M(1727M) 2.869ms
[202.879s][info][gc,cpu         ] GC(928) User=0.00s Sys=0.00s Real=0.00s
[203.140s][info][gc,start       ] GC(929) Pause Young (Allocation Failure)
[203.142s][info][gc,heap        ] GC(929) PSYoungGen: 370688K(370688K)->992K(363520K) Eden: 369664K(369664K)->0K(362496K) From: 1024K(1024K)->992K(1024K)
[203.142s][info][gc,heap        ] GC(929) ParOldGen: 9772K(1398272K)->9860K(1398272K)
[203.142s][info][gc,metaspace   ] GC(929) Metaspace: 14360K(15360K)->14360K(15360K) NonClass: 12391K(12992K)->12391K(12992K) Class: 1969K(2368K)->1969K(2368K)
[203.142s][info][gc             ] GC(929) Pause Young (Allocation Failure) 371M->10M(1720M) 2.652ms
[203.142s][info][gc,cpu         ] GC(929) User=0.00s Sys=0.00s Real=0.00s
[203.412s][info][gc,start       ] GC(930) Pause Young (Allocation Failure)
[203.415s][info][gc,heap        ] GC(930) PSYoungGen: 363488K(363520K)->1024K(356352K) Eden: 362496K(362496K)->0K(355328K) From: 992K(1024K)->1024K(1024K)
[203.415s][info][gc,heap        ] GC(930) ParOldGen: 9860K(1398272K)->9956K(1398272K)
[203.415s][info][gc,metaspace   ] GC(930) Metaspace: 14360K(15360K)->14360K(15360K) NonClass: 12391K(12992K)->12391K(12992K) Class: 1969K(2368K)->1969K(2368K)
[203.415s][info][gc             ] GC(930) Pause Young (Allocation Failure) 364M->10M(1713M) 2.507ms
[203.415s][info][gc,cpu         ] GC(930) User=0.00s Sys=0.00s Real=0.00s
[203.654s][info][gc,start       ] GC(931) Pause Young (Allocation Failure)
[203.657s][info][gc,heap        ] GC(931) PSYoungGen: 356352K(356352K)->992K(349184K) Eden: 355328K(355328K)->0K(348160K) From: 1024K(1024K)->992K(1024K)
[203.657s][info][gc,heap        ] GC(931) ParOldGen: 9956K(1398272K)->10076K(1398272K)
[203.657s][info][gc,metaspace   ] GC(931) Metaspace: 14360K(15360K)->14360K(15360K) NonClass: 12391K(12992K)->12391K(12992K) Class: 1969K(2368K)->1969K(2368K)
[203.657s][info][gc             ] GC(931) Pause Young (Allocation Failure) 357M->10M(1706M) 2.561ms
[203.657s][info][gc,cpu         ] GC(931) User=0.52s Sys=0.00s Real=0.00s
[203.891s][info][gc,start       ] GC(932) Pause Young (Allocation Failure)
[203.894s][info][gc,heap        ] GC(932) PSYoungGen: 349152K(349184K)->992K(342528K) Eden: 348160K(348160K)->0K(341504K) From: 992K(1024K)->992K(1024K)
[203.894s][info][gc,heap        ] GC(932) ParOldGen: 10076K(1398272K)->10148K(1398272K)
[203.894s][info][gc,metaspace   ] GC(932) Metaspace: 14360K(15360K)->14360K(15360K) NonClass: 12391K(12992K)->12391K(12992K) Class: 1969K(2368K)->1969K(2368K)
[203.894s][info][gc             ] GC(932) Pause Young (Allocation Failure) 350M->10M(1700M) 2.522ms
[203.894s][info][gc,cpu         ] GC(932) User=0.00s Sys=0.00s Real=0.00s
[204.119s][info][gc,start       ] GC(933) Pause Young (Allocation Failure)
[204.129s][info][gc,heap        ] GC(933) PSYoungGen: 342496K(342528K)->992K(335872K) Eden: 341504K(341504K)->0K(334848K) From: 992K(1024K)->992K(1024K)
[204.129s][info][gc,heap        ] GC(933) ParOldGen: 10148K(1398272K)->10236K(1398272K)
[204.129s][info][gc,metaspace   ] GC(933) Metaspace: 14360K(15360K)->14360K(15360K) NonClass: 12391K(12992K)->12391K(12992K) Class: 1969K(2368K)->1969K(2368K)
[204.129s][info][gc             ] GC(933) Pause Young (Allocation Failure) 344M->10M(1693M) 10.648ms
[204.130s][info][gc,cpu         ] GC(933) User=0.00s Sys=0.00s Real=0.01s
[204.353s][info][gc,start       ] GC(934) Pause Young (Allocation Failure)
[204.355s][info][gc,heap        ] GC(934) PSYoungGen: 335840K(335872K)->1024K(329728K) Eden: 334848K(334848K)->0K(328704K) From: 992K(1024K)->1024K(1024K)
[204.355s][info][gc,heap        ] GC(934) ParOldGen: 10236K(1398272K)->10316K(1398272K)
[204.355s][info][gc,metaspace   ] GC(934) Metaspace: 14360K(15360K)->14360K(15360K) NonClass: 12391K(12992K)->12391K(12992K) Class: 1969K(2368K)->1969K(2368K)
[204.355s][info][gc             ] GC(934) Pause Young (Allocation Failure) 337M->11M(1687M) 2.620ms
[204.355s][info][gc,cpu         ] GC(934) User=0.00s Sys=0.00s Real=0.00s
[204.575s][info][gc,start       ] GC(935) Pause Young (Allocation Failure)
[204.577s][info][gc,heap        ] GC(935) PSYoungGen: 329728K(329728K)->992K(323584K) Eden: 328704K(328704K)->0K(322560K) From: 1024K(1024K)->992K(1024K)
[204.577s][info][gc,heap        ] GC(935) ParOldGen: 10316K(1398272K)->10372K(1398272K)
[204.577s][info][gc,metaspace   ] GC(935) Metaspace: 14360K(15360K)->14360K(15360K) NonClass: 12391K(12992K)->12391K(12992K) Class: 1969K(2368K)->1969K(2368K)
[204.577s][info][gc             ] GC(935) Pause Young (Allocation Failure) 332M->11M(1681M) 2.621ms
[204.577s][info][gc,cpu         ] GC(935) User=0.52s Sys=0.00s Real=0.00s
[204.793s][info][gc,start       ] GC(936) Pause Young (Allocation Failure)
[204.796s][info][gc,heap        ] GC(936) PSYoungGen: 323552K(323584K)->960K(388096K) Eden: 322560K(322560K)->0K(387072K) From: 992K(1024K)->960K(1024K)
[204.796s][info][gc,heap        ] GC(936) ParOldGen: 10372K(1398272K)->10476K(1398272K)
[204.796s][info][gc,metaspace   ] GC(936) Metaspace: 14360K(15360K)->14360K(15360K) NonClass: 12391K(12992K)->12391K(12992K) Class: 1969K(2368K)->1969K(2368K)
[204.796s][info][gc             ] GC(936) Pause Young (Allocation Failure) 326M->11M(1744M) 2.675ms
[204.796s][info][gc,cpu         ] GC(936) User=0.52s Sys=0.00s Real=0.00s
[205.057s][info][gc,start       ] GC(937) Pause Young (Allocation Failure)
[205.059s][info][gc,heap        ] GC(937) PSYoungGen: 388032K(388096K)->1024K(465920K) Eden: 387072K(387072K)->0K(464896K) From: 960K(1024K)->1024K(1024K)
[205.059s][info][gc,heap        ] GC(937) ParOldGen: 10476K(1398272K)->10572K(1398272K)
[205.059s][info][gc,metaspace   ] GC(937) Metaspace: 14360K(15360K)->14360K(15360K) NonClass: 12391K(12992K)->12391K(12992K) Class: 1969K(2368K)->1969K(2368K)
[205.059s][info][gc             ] GC(937) Pause Young (Allocation Failure) 389M->11M(1820M) 2.757ms
[205.060s][info][gc,cpu         ] GC(937) User=0.00s Sys=0.00s Real=0.00s
[205.370s][info][gc,start       ] GC(938) Pause Young (Allocation Failure)
[205.373s][info][gc,heap        ] GC(938) PSYoungGen: 465920K(465920K)->960K(455168K) Eden: 464896K(464896K)->0K(454144K) From: 1024K(1024K)->960K(1024K)
[205.373s][info][gc,heap        ] GC(938) ParOldGen: 10572K(1398272K)->10660K(1398272K)
[205.373s][info][gc,metaspace   ] GC(938) Metaspace: 14360K(15360K)->14360K(15360K) NonClass: 12391K(12992K)->12391K(12992K) Class: 1969K(2368K)->1969K(2368K)
[205.373s][info][gc             ] GC(938) Pause Young (Allocation Failure) 465M->11M(1810M) 2.897ms
[205.373s][info][gc,cpu         ] GC(938) User=0.52s Sys=0.00s Real=0.00s
[205.677s][info][gc,start       ] GC(939) Pause Young (Allocation Failure)
[205.680s][info][gc,heap        ] GC(939) PSYoungGen: 455104K(455168K)->1024K(444928K) Eden: 454144K(454144K)->0K(443904K) From: 960K(1024K)->1024K(1024K)
[205.680s][info][gc,heap        ] GC(939) ParOldGen: 10660K(1398272K)->10772K(1398272K)
[205.680s][info][gc,metaspace   ] GC(939) Metaspace: 14360K(15360K)->14360K(15360K) NonClass: 12391K(12992K)->12391K(12992K) Class: 1969K(2368K)->1969K(2368K)
[205.680s][info][gc             ] GC(939) Pause Young (Allocation Failure) 454M->11M(1800M) 2.923ms
[205.680s][info][gc,cpu         ] GC(939) User=0.00s Sys=0.00s Real=0.00s
[205.989s][info][gc,start       ] GC(940) Pause Young (Allocation Failure)
[205.992s][info][gc,heap        ] GC(940) PSYoungGen: 444928K(444928K)->960K(435200K) Eden: 443904K(443904K)->0K(434176K) From: 1024K(1024K)->960K(1024K)
[205.992s][info][gc,heap        ] GC(940) ParOldGen: 10772K(1398272K)->10896K(1398272K)
[205.992s][info][gc,metaspace   ] GC(940) Metaspace: 14360K(15360K)->14360K(15360K) NonClass: 12391K(12992K)->12391K(12992K) Class: 1969K(2368K)->1969K(2368K)
[205.992s][info][gc             ] GC(940) Pause Young (Allocation Failure) 445M->11M(1790M) 2.749ms
[205.992s][info][gc,cpu         ] GC(940) User=0.00s Sys=0.00s Real=0.00s
[206.310s][info][gc,start       ] GC(941) Pause Young (Allocation Failure)
[206.313s][info][gc,heap        ] GC(941) PSYoungGen: 435136K(435200K)->992K(425472K) Eden: 434176K(434176K)->0K(424448K) From: 960K(1024K)->992K(1024K)
[206.313s][info][gc,heap        ] GC(941) ParOldGen: 10896K(1398272K)->11008K(1398272K)
[206.313s][info][gc,metaspace   ] GC(941) Metaspace: 14360K(15360K)->14360K(15360K) NonClass: 12391K(12992K)->12391K(12992K) Class: 1969K(2368K)->1969K(2368K)
[206.313s][info][gc             ] GC(941) Pause Young (Allocation Failure) 435M->11M(1781M) 2.598ms
[206.313s][info][gc,cpu         ] GC(941) User=0.52s Sys=0.00s Real=0.00s
[206.594s][info][gc,start       ] GC(942) Pause Young (Allocation Failure)
[206.596s][info][gc,heap        ] GC(942) PSYoungGen: 425440K(425472K)->1024K(416256K) Eden: 424448K(424448K)->0K(415232K) From: 992K(1024K)->1024K(1024K)
[206.596s][info][gc,heap        ] GC(942) ParOldGen: 11008K(1398272K)->11144K(1398272K)
[206.596s][info][gc,metaspace   ] GC(942) Metaspace: 14360K(15360K)->14360K(15360K) NonClass: 12391K(12992K)->12391K(12992K) Class: 1969K(2368K)->1969K(2368K)
[206.596s][info][gc             ] GC(942) Pause Young (Allocation Failure) 426M->11M(1772M) 2.605ms
[206.596s][info][gc,cpu         ] GC(942) User=0.00s Sys=0.00s Real=0.00s
[206.874s][info][gc,start       ] GC(943) Pause Young (Allocation Failure)
[206.876s][info][gc,heap        ] GC(943) PSYoungGen: 416256K(416256K)->992K(407552K) Eden: 415232K(415232K)->0K(406528K) From: 1024K(1024K)->992K(1024K)
[206.876s][info][gc,heap        ] GC(943) ParOldGen: 11144K(1398272K)->11272K(1398272K)
[206.876s][info][gc,metaspace   ] GC(943) Metaspace: 14360K(15360K)->14360K(15360K) NonClass: 12391K(12992K)->12391K(12992K) Class: 1969K(2368K)->1969K(2368K)
[206.876s][info][gc             ] GC(943) Pause Young (Allocation Failure) 417M->11M(1763M) 2.627ms
[206.876s][info][gc,cpu         ] GC(943) User=0.00s Sys=0.00s Real=0.00s
[207.146s][info][gc,start       ] GC(944) Pause Young (Allocation Failure)
[207.148s][info][gc,heap        ] GC(944) PSYoungGen: 407520K(407552K)->992K(398848K) Eden: 406528K(406528K)->0K(397824K) From: 992K(1024K)->992K(1024K)
[207.148s][info][gc,heap        ] GC(944) ParOldGen: 11272K(1398272K)->11376K(1398272K)
[207.148s][info][gc,metaspace   ] GC(944) Metaspace: 14360K(15360K)->14360K(15360K) NonClass: 12391K(12992K)->12391K(12992K) Class: 1969K(2368K)->1969K(2368K)
[207.148s][info][gc             ] GC(944) Pause Young (Allocation Failure) 408M->12M(1755M) 2.630ms
[207.148s][info][gc,cpu         ] GC(944) User=0.00s Sys=0.00s Real=0.00s
[207.412s][info][gc,start       ] GC(945) Pause Young (Allocation Failure)
[207.415s][info][gc,heap        ] GC(945) PSYoungGen: 398816K(398848K)->928K(390656K) Eden: 397824K(397824K)->0K(389632K) From: 992K(1024K)->928K(1024K)
[207.415s][info][gc,heap        ] GC(945) ParOldGen: 11376K(1398272K)->11488K(1398272K)
[207.415s][info][gc,metaspace   ] GC(945) Metaspace: 14360K(15360K)->14360K(15360K) NonClass: 12391K(12992K)->12391K(12992K) Class: 1969K(2368K)->1969K(2368K)
[207.415s][info][gc             ] GC(945) Pause Young (Allocation Failure) 400M->12M(1747M) 2.622ms
[207.415s][info][gc,cpu         ] GC(945) User=0.00s Sys=0.00s Real=0.00s
[207.669s][info][gc,start       ] GC(946) Pause Young (Allocation Failure)
[207.672s][info][gc,heap        ] GC(946) PSYoungGen: 390560K(390656K)->960K(382464K) Eden: 389632K(389632K)->0K(381440K) From: 928K(1024K)->960K(1024K)
[207.672s][info][gc,heap        ] GC(946) ParOldGen: 11488K(1398272K)->11624K(1398272K)
[207.672s][info][gc,metaspace   ] GC(946) Metaspace: 14360K(15360K)->14360K(15360K) NonClass: 12391K(12992K)->12391K(12992K) Class: 1969K(2368K)->1969K(2368K)
[207.672s][info][gc             ] GC(946) Pause Young (Allocation Failure) 392M->12M(1739M) 2.692ms
[207.672s][info][gc,cpu         ] GC(946) User=0.52s Sys=0.00s Real=0.00s
[207.916s][info][gc,start       ] GC(947) Pause Young (Allocation Failure)
[207.918s][info][gc,heap        ] GC(947) PSYoungGen: 382400K(382464K)->960K(374784K) Eden: 381440K(381440K)->0K(373760K) From: 960K(1024K)->960K(1024K)
[207.919s][info][gc,heap        ] GC(947) ParOldGen: 11624K(1398272K)->11704K(1398272K)
[207.919s][info][gc,metaspace   ] GC(947) Metaspace: 14360K(15360K)->14360K(15360K) NonClass: 12391K(12992K)->12391K(12992K) Class: 1969K(2368K)->1969K(2368K)
[207.919s][info][gc             ] GC(947) Pause Young (Allocation Failure) 384M->12M(1731M) 2.737ms
[207.919s][info][gc,cpu         ] GC(947) User=0.00s Sys=0.00s Real=0.00s
[208.149s][info][gc,start       ] GC(948) Pause Young (Allocation Failure)
[208.152s][info][gc,heap        ] GC(948) PSYoungGen: 374720K(374784K)->864K(367104K) Eden: 373760K(373760K)->0K(366080K) From: 960K(1024K)->864K(1024K)
[208.152s][info][gc,heap        ] GC(948) ParOldGen: 11704K(1398272K)->11808K(1398272K)
[208.152s][info][gc,metaspace   ] GC(948) Metaspace: 14360K(15360K)->14360K(15360K) NonClass: 12391K(12992K)->12391K(12992K) Class: 1969K(2368K)->1969K(2368K)
[208.152s][info][gc             ] GC(948) Pause Young (Allocation Failure) 377M->12M(1724M) 2.818ms
[208.152s][info][gc,cpu         ] GC(948) User=0.00s Sys=0.00s Real=0.00s
[208.313s][info][gc,start       ] GC(949) Pause Young (Allocation Failure)
[208.315s][info][gc,heap        ] GC(949) PSYoungGen: 366944K(367104K)->768K(440320K) Eden: 366080K(366080K)->0K(439296K) From: 864K(1024K)->768K(1024K)
[208.315s][info][gc,heap        ] GC(949) ParOldGen: 11808K(1398272K)->11912K(1398272K)
[208.315s][info][gc,metaspace   ] GC(949) Metaspace: 14360K(15360K)->14360K(15360K) NonClass: 12391K(12992K)->12391K(12992K) Class: 1969K(2368K)->1969K(2368K)
[208.315s][info][gc             ] GC(949) Pause Young (Allocation Failure) 369M->12M(1795M) 2.599ms
[208.315s][info][gc,cpu         ] GC(949) User=0.00s Sys=0.00s Real=0.00s
[208.461s][info][gc,start       ] GC(950) Pause Young (System.gc())
[208.464s][info][gc,heap        ] GC(950) PSYoungGen: 167254K(440320K)->256K(439808K) Eden: 166486K(439296K)->0K(439296K) From: 768K(1024K)->256K(512K)
[208.464s][info][gc,heap        ] GC(950) ParOldGen: 11912K(1398272K)->11976K(1398272K)
[208.464s][info][gc,metaspace   ] GC(950) Metaspace: 14360K(15360K)->14360K(15360K) NonClass: 12391K(12992K)->12391K(12992K) Class: 1969K(2368K)->1969K(2368K)
[208.464s][info][gc             ] GC(950) Pause Young (System.gc()) 174M->11M(1795M) 3.524ms
[208.464s][info][gc,cpu         ] GC(950) User=0.00s Sys=0.00s Real=0.00s
[208.464s][info][gc,start       ] GC(951) Pause Full (System.gc())
[208.464s][info][gc,phases,start] GC(951) Marking Phase
[208.480s][info][gc,phases      ] GC(951) Marking Phase 15.392ms
[208.480s][info][gc,phases,start] GC(951) Summary Phase
[208.480s][info][gc,phases      ] GC(951) Summary Phase 0.021ms
[208.480s][info][gc,phases,start] GC(951) Adjust Roots
[208.485s][info][gc,phases      ] GC(951) Adjust Roots 5.378ms
[208.485s][info][gc,phases,start] GC(951) Compaction Phase
[208.487s][info][gc,phases      ] GC(951) Compaction Phase 1.749ms
[208.487s][info][gc,phases,start] GC(951) Post Compact
[208.488s][info][gc,phases      ] GC(951) Post Compact 0.541ms
[208.488s][info][gc,heap        ] GC(951) PSYoungGen: 256K(439808K)->0K(439808K) Eden: 0K(439296K)->0K(439296K) From: 256K(512K)->0K(512K)
[208.488s][info][gc,heap        ] GC(951) ParOldGen: 11976K(1398272K)->5387K(1398272K)
[208.488s][info][gc,metaspace   ] GC(951) Metaspace: 14360K(15360K)->14360K(15360K) NonClass: 12391K(12992K)->12391K(12992K) Class: 1969K(2368K)->1969K(2368K)
[208.488s][info][gc             ] GC(951) Pause Full (System.gc()) 11M->5M(1795M) 23.350ms
[208.488s][info][gc,cpu         ] GC(951) User=0.02s Sys=0.20s Real=0.02s
[208.864s][info][gc,start       ] GC(952) Pause Young (Allocation Failure)
[208.867s][info][gc,heap        ] GC(952) PSYoungGen: 439296K(439808K)->1536K(431104K) Eden: 439296K(439296K)->0K(429568K) From: 0K(512K)->1536K(1536K)
[208.867s][info][gc,heap        ] GC(952) ParOldGen: 5387K(1398272K)->5588K(1398272K)
[208.867s][info][gc,metaspace   ] GC(952) Metaspace: 14360K(15360K)->14360K(15360K) NonClass: 12391K(12992K)->12391K(12992K) Class: 1969K(2368K)->1969K(2368K)
[208.867s][info][gc             ] GC(952) Pause Young (Allocation Failure) 434M->6M(1786M) 2.657ms
[208.867s][info][gc,cpu         ] GC(952) User=0.00s Sys=0.00s Real=0.00s
[209.128s][info][gc,start       ] GC(953) Pause Young (Allocation Failure)
[209.131s][info][gc,heap        ] GC(953) PSYoungGen: 431104K(431104K)->1056K(421888K) Eden: 429568K(429568K)->0K(420352K) From: 1536K(1536K)->1056K(1536K)
[209.131s][info][gc,heap        ] GC(953) ParOldGen: 5588K(1398272K)->7130K(1398272K)
[209.131s][info][gc,metaspace   ] GC(953) Metaspace: 14360K(15360K)->14360K(15360K) NonClass: 12391K(12992K)->12391K(12992K) Class: 1969K(2368K)->1969K(2368K)
[209.131s][info][gc             ] GC(953) Pause Young (Allocation Failure) 426M->7M(1777M) 2.783ms
[209.131s][info][gc,cpu         ] GC(953) User=0.00s Sys=0.00s Real=0.00s
[209.433s][info][gc,start       ] GC(954) Pause Young (Allocation Failure)
[209.435s][info][gc,heap        ] GC(954) PSYoungGen: 421408K(421888K)->512K(411648K) Eden: 420352K(420352K)->0K(411136K) From: 1056K(1536K)->512K(512K)
[209.435s][info][gc,heap        ] GC(954) ParOldGen: 7130K(1398272K)->7330K(1398272K)
[209.435s][info][gc,metaspace   ] GC(954) Metaspace: 14360K(15360K)->14360K(15360K) NonClass: 12391K(12992K)->12391K(12992K) Class: 1969K(2368K)->1969K(2368K)
[209.435s][info][gc             ] GC(954) Pause Young (Allocation Failure) 418M->7M(1767M) 2.447ms
[209.435s][info][gc,cpu         ] GC(954) User=0.00s Sys=0.00s Real=0.00s
[209.712s][info][gc,start       ] GC(955) Pause Young (Allocation Failure)
[209.714s][info][gc,heap        ] GC(955) PSYoungGen: 411648K(411648K)->1024K(403968K) Eden: 411136K(411136K)->0K(402432K) From: 512K(512K)->1024K(1536K)
[209.714s][info][gc,heap        ] GC(955) ParOldGen: 7330K(1398272K)->7386K(1398272K)
[209.714s][info][gc,metaspace   ] GC(955) Metaspace: 14360K(15360K)->14360K(15360K) NonClass: 12391K(12992K)->12391K(12992K) Class: 1969K(2368K)->1969K(2368K)
[209.714s][info][gc             ] GC(955) Pause Young (Allocation Failure) 409M->8M(1760M) 2.477ms
[209.714s][info][gc,cpu         ] GC(955) User=0.00s Sys=0.00s Real=0.00s
[209.981s][info][gc,start       ] GC(956) Pause Young (Allocation Failure)
[209.984s][info][gc,heap        ] GC(956) PSYoungGen: 403456K(403968K)->992K(394752K) Eden: 402432K(402432K)->0K(393728K) From: 1024K(1536K)->992K(1024K)
[209.984s][info][gc,heap        ] GC(956) ParOldGen: 7386K(1398272K)->7546K(1398272K)
[209.984s][info][gc,metaspace   ] GC(956) Metaspace: 14360K(15360K)->14360K(15360K) NonClass: 12391K(12992K)->12391K(12992K) Class: 1969K(2368K)->1969K(2368K)
[209.984s][info][gc             ] GC(956) Pause Young (Allocation Failure) 401M->8M(1751M) 2.607ms
[209.984s][info][gc,cpu         ] GC(956) User=0.52s Sys=0.00s Real=0.00s
[210.251s][info][gc,start       ] GC(957) Pause Young (Allocation Failure)
[210.254s][info][gc,heap        ] GC(957) PSYoungGen: 394720K(394752K)->960K(386560K) Eden: 393728K(393728K)->0K(385536K) From: 992K(1024K)->960K(1024K)
[210.254s][info][gc,heap        ] GC(957) ParOldGen: 7546K(1398272K)->7642K(1398272K)
[210.254s][info][gc,metaspace   ] GC(957) Metaspace: 14360K(15360K)->14360K(15360K) NonClass: 12391K(12992K)->12391K(12992K) Class: 1969K(2368K)->1969K(2368K)
[210.254s][info][gc             ] GC(957) Pause Young (Allocation Failure) 392M->8M(1743M) 2.656ms
[210.254s][info][gc,cpu         ] GC(957) User=0.00s Sys=0.00s Real=0.00s
[210.516s][info][gc,start       ] GC(958) Pause Young (Allocation Failure)
[210.519s][info][gc,heap        ] GC(958) PSYoungGen: 386496K(386560K)->1024K(378880K) Eden: 385536K(385536K)->0K(377856K) From: 960K(1024K)->1024K(1024K)
[210.519s][info][gc,heap        ] GC(958) ParOldGen: 7642K(1398272K)->7746K(1398272K)
[210.519s][info][gc,metaspace   ] GC(958) Metaspace: 14360K(15360K)->14360K(15360K) NonClass: 12391K(12992K)->12391K(12992K) Class: 1969K(2368K)->1969K(2368K)
[210.519s][info][gc             ] GC(958) Pause Young (Allocation Failure) 384M->8M(1735M) 2.690ms
[210.519s][info][gc,cpu         ] GC(958) User=0.00s Sys=0.00s Real=0.00s
[210.775s][info][gc,start       ] GC(959) Pause Young (Allocation Failure)
[210.778s][info][gc,heap        ] GC(959) PSYoungGen: 378880K(378880K)->960K(371200K) Eden: 377856K(377856K)->0K(370176K) From: 1024K(1024K)->960K(1024K)
[210.778s][info][gc,heap        ] GC(959) ParOldGen: 7746K(1398272K)->7850K(1398272K)
[210.778s][info][gc,metaspace   ] GC(959) Metaspace: 14360K(15360K)->14360K(15360K) NonClass: 12391K(12992K)->12391K(12992K) Class: 1969K(2368K)->1969K(2368K)
[210.778s][info][gc             ] GC(959) Pause Young (Allocation Failure) 377M->8M(1728M) 2.714ms
[210.778s][info][gc,cpu         ] GC(959) User=0.00s Sys=0.00s Real=0.00s
[211.027s][info][gc,start       ] GC(960) Pause Young (Allocation Failure)
[211.030s][info][gc,heap        ] GC(960) PSYoungGen: 371136K(371200K)->960K(364032K) Eden: 370176K(370176K)->0K(363008K) From: 960K(1024K)->960K(1024K)
[211.030s][info][gc,heap        ] GC(960) ParOldGen: 7850K(1398272K)->7946K(1398272K)
[211.030s][info][gc,metaspace   ] GC(960) Metaspace: 14360K(15360K)->14360K(15360K) NonClass: 12391K(12992K)->12391K(12992K) Class: 1969K(2368K)->1969K(2368K)
[211.030s][info][gc             ] GC(960) Pause Young (Allocation Failure) 370M->8M(1721M) 2.664ms
[211.030s][info][gc,cpu         ] GC(960) User=0.52s Sys=0.00s Real=0.00s
[211.276s][info][gc,start       ] GC(961) Pause Young (Allocation Failure)
[211.279s][info][gc,heap        ] GC(961) PSYoungGen: 363968K(364032K)->1024K(356864K) Eden: 363008K(363008K)->0K(355840K) From: 960K(1024K)->1024K(1024K)
[211.279s][info][gc,heap        ] GC(961) ParOldGen: 7946K(1398272K)->8042K(1398272K)
[211.279s][info][gc,metaspace   ] GC(961) Metaspace: 14360K(15360K)->14360K(15360K) NonClass: 12391K(12992K)->12391K(12992K) Class: 1969K(2368K)->1969K(2368K)
[211.279s][info][gc             ] GC(961) Pause Young (Allocation Failure) 363M->8M(1714M) 2.674ms
[211.279s][info][gc,cpu         ] GC(961) User=0.00s Sys=0.00s Real=0.00s
[211.520s][info][gc,start       ] GC(962) Pause Young (Allocation Failure)
[211.522s][info][gc,heap        ] GC(962) PSYoungGen: 356864K(356864K)->992K(349696K) Eden: 355840K(355840K)->0K(348672K) From: 1024K(1024K)->992K(1024K)
[211.522s][info][gc,heap        ] GC(962) ParOldGen: 8042K(1398272K)->8154K(1398272K)
[211.522s][info][gc,metaspace   ] GC(962) Metaspace: 14360K(15360K)->14360K(15360K) NonClass: 12391K(12992K)->12391K(12992K) Class: 1969K(2368K)->1969K(2368K)
[211.522s][info][gc             ] GC(962) Pause Young (Allocation Failure) 356M->8M(1707M) 2.757ms
[211.522s][info][gc,cpu         ] GC(962) User=0.00s Sys=0.00s Real=0.00s
[211.757s][info][gc,start       ] GC(963) Pause Young (Allocation Failure)
[211.760s][info][gc,heap        ] GC(963) PSYoungGen: 349664K(349696K)->960K(343040K) Eden: 348672K(348672K)->0K(342016K) From: 992K(1024K)->960K(1024K)
[211.760s][info][gc,heap        ] GC(963) ParOldGen: 8154K(1398272K)->8274K(1398272K)
[211.760s][info][gc,metaspace   ] GC(963) Metaspace: 14360K(15360K)->14360K(15360K) NonClass: 12391K(12992K)->12391K(12992K) Class: 1969K(2368K)->1969K(2368K)
[211.760s][info][gc             ] GC(963) Pause Young (Allocation Failure) 349M->9M(1700M) 2.694ms
[211.760s][info][gc,cpu         ] GC(963) User=0.00s Sys=0.00s Real=0.00s
[211.993s][info][gc,start       ] GC(964) Pause Young (Allocation Failure)
[211.996s][info][gc,heap        ] GC(964) PSYoungGen: 342976K(343040K)->992K(411648K) Eden: 342016K(342016K)->0K(410624K) From: 960K(1024K)->992K(1024K)
[211.996s][info][gc,heap        ] GC(964) ParOldGen: 8274K(1398272K)->8370K(1398272K)
[211.996s][info][gc,metaspace   ] GC(964) Metaspace: 14360K(15360K)->14360K(15360K) NonClass: 12391K(12992K)->12391K(12992K) Class: 1969K(2368K)->1969K(2368K)
[211.996s][info][gc             ] GC(964) Pause Young (Allocation Failure) 343M->9M(1767M) 2.880ms
[211.996s][info][gc,cpu         ] GC(964) User=0.00s Sys=0.00s Real=0.00s
[212.277s][info][gc,start       ] GC(965) Pause Young (Allocation Failure)
[212.280s][info][gc,heap        ] GC(965) PSYoungGen: 411616K(411648K)->1024K(402944K) Eden: 410624K(410624K)->0K(401920K) From: 992K(1024K)->1024K(1024K)
[212.280s][info][gc,heap        ] GC(965) ParOldGen: 8370K(1398272K)->8482K(1398272K)
[212.280s][info][gc,metaspace   ] GC(965) Metaspace: 14360K(15360K)->14360K(15360K) NonClass: 12391K(12992K)->12391K(12992K) Class: 1969K(2368K)->1969K(2368K)
[212.280s][info][gc             ] GC(965) Pause Young (Allocation Failure) 410M->9M(1759M) 2.900ms
[212.280s][info][gc,cpu         ] GC(965) User=0.52s Sys=0.00s Real=0.00s
[212.566s][info][gc,start       ] GC(966) Pause Young (Allocation Failure)
[212.569s][info][gc,heap        ] GC(966) PSYoungGen: 402944K(402944K)->1024K(394240K) Eden: 401920K(401920K)->0K(393216K) From: 1024K(1024K)->1024K(1024K)
[212.569s][info][gc,heap        ] GC(966) ParOldGen: 8482K(1398272K)->8594K(1398272K)
[212.569s][info][gc,metaspace   ] GC(966) Metaspace: 14360K(15360K)->14360K(15360K) NonClass: 12391K(12992K)->12391K(12992K) Class: 1969K(2368K)->1969K(2368K)
[212.569s][info][gc             ] GC(966) Pause Young (Allocation Failure) 401M->9M(1750M) 2.669ms
[212.569s][info][gc,cpu         ] GC(966) User=0.00s Sys=0.00s Real=0.00s
[212.837s][info][gc,start       ] GC(967) Pause Young (Allocation Failure)
[212.839s][info][gc,heap        ] GC(967) PSYoungGen: 394240K(394240K)->960K(386048K) Eden: 393216K(393216K)->0K(385024K) From: 1024K(1024K)->960K(1024K)
[212.839s][info][gc,heap        ] GC(967) ParOldGen: 8594K(1398272K)->8714K(1398272K)
[212.839s][info][gc,metaspace   ] GC(967) Metaspace: 14360K(15360K)->14360K(15360K) NonClass: 12391K(12992K)->12391K(12992K) Class: 1969K(2368K)->1969K(2368K)
[212.839s][info][gc             ] GC(967) Pause Young (Allocation Failure) 393M->9M(1742M) 2.671ms
[212.839s][info][gc,cpu         ] GC(967) User=0.00s Sys=0.00s Real=0.00s
[213.114s][info][gc,start       ] GC(968) Pause Young (Allocation Failure)
[213.116s][info][gc,heap        ] GC(968) PSYoungGen: 385984K(386048K)->992K(378368K) Eden: 385024K(385024K)->0K(377344K) From: 960K(1024K)->992K(1024K)
[213.116s][info][gc,heap        ] GC(968) ParOldGen: 8714K(1398272K)->8826K(1398272K)
[213.116s][info][gc,metaspace   ] GC(968) Metaspace: 14360K(15360K)->14360K(15360K) NonClass: 12391K(12992K)->12391K(12992K) Class: 1969K(2368K)->1969K(2368K)
[213.116s][info][gc             ] GC(968) Pause Young (Allocation Failure) 385M->9M(1735M) 2.568ms
[213.116s][info][gc,cpu         ] GC(968) User=0.00s Sys=0.00s Real=0.00s
[213.367s][info][gc,start       ] GC(969) Pause Young (Allocation Failure)
[213.369s][info][gc,heap        ] GC(969) PSYoungGen: 378336K(378368K)->1024K(370688K) Eden: 377344K(377344K)->0K(369664K) From: 992K(1024K)->1024K(1024K)
[213.370s][info][gc,heap        ] GC(969) ParOldGen: 8826K(1398272K)->8930K(1398272K)
[213.370s][info][gc,metaspace   ] GC(969) Metaspace: 14360K(15360K)->14360K(15360K) NonClass: 12391K(12992K)->12391K(12992K) Class: 1969K(2368K)->1969K(2368K)
[213.370s][info][gc             ] GC(969) Pause Young (Allocation Failure) 378M->9M(1727M) 2.591ms
[213.370s][info][gc,cpu         ] GC(969) User=0.00s Sys=0.00s Real=0.00s
[213.617s][info][gc,start       ] GC(970) Pause Young (Allocation Failure)
[213.620s][info][gc,heap        ] GC(970) PSYoungGen: 370688K(370688K)->960K(363520K) Eden: 369664K(369664K)->0K(362496K) From: 1024K(1024K)->960K(1024K)
[213.620s][info][gc,heap        ] GC(970) ParOldGen: 8930K(1398272K)->9034K(1398272K)
[213.620s][info][gc,metaspace   ] GC(970) Metaspace: 14360K(15360K)->14360K(15360K) NonClass: 12391K(12992K)->12391K(12992K) Class: 1969K(2368K)->1969K(2368K)
[213.620s][info][gc             ] GC(970) Pause Young (Allocation Failure) 370M->9M(1720M) 2.611ms
[213.620s][info][gc,cpu         ] GC(970) User=0.00s Sys=0.00s Real=0.00s
[213.866s][info][gc,start       ] GC(971) Pause Young (Allocation Failure)
[213.869s][info][gc,heap        ] GC(971) PSYoungGen: 363456K(363520K)->992K(356352K) Eden: 362496K(362496K)->0K(355328K) From: 960K(1024K)->992K(1024K)
[213.869s][info][gc,heap        ] GC(971) ParOldGen: 9034K(1398272K)->9122K(1398272K)
[213.869s][info][gc,metaspace   ] GC(971) Metaspace: 14360K(15360K)->14360K(15360K) NonClass: 12391K(12992K)->12391K(12992K) Class: 1969K(2368K)->1969K(2368K)
[213.869s][info][gc             ] GC(971) Pause Young (Allocation Failure) 363M->9M(1713M) 2.609ms
[213.869s][info][gc,cpu         ] GC(971) User=0.00s Sys=0.00s Real=0.00s
[214.109s][info][gc,start       ] GC(972) Pause Young (Allocation Failure)
[214.111s][info][gc,heap        ] GC(972) PSYoungGen: 356320K(356352K)->1024K(349184K) Eden: 355328K(355328K)->0K(348160K) From: 992K(1024K)->1024K(1024K)
[214.111s][info][gc,heap        ] GC(972) ParOldGen: 9122K(1398272K)->9226K(1398272K)
[214.111s][info][gc,metaspace   ] GC(972) Metaspace: 14360K(15360K)->14360K(15360K) NonClass: 12391K(12992K)->12391K(12992K) Class: 1969K(2368K)->1969K(2368K)
[214.111s][info][gc             ] GC(972) Pause Young (Allocation Failure) 356M->10M(1706M) 2.695ms
[214.111s][info][gc,cpu         ] GC(972) User=0.00s Sys=0.00s Real=0.00s
[214.347s][info][gc,start       ] GC(973) Pause Young (Allocation Failure)
[214.350s][info][gc,heap        ] GC(973) PSYoungGen: 349184K(349184K)->1024K(342528K) Eden: 348160K(348160K)->0K(341504K) From: 1024K(1024K)->1024K(1024K)
[214.350s][info][gc,heap        ] GC(973) ParOldGen: 9226K(1398272K)->9322K(1398272K)
[214.350s][info][gc,metaspace   ] GC(973) Metaspace: 14360K(15360K)->14360K(15360K) NonClass: 12391K(12992K)->12391K(12992K) Class: 1969K(2368K)->1969K(2368K)
[214.350s][info][gc             ] GC(973) Pause Young (Allocation Failure) 350M->10M(1700M) 2.719ms
[214.350s][info][gc,cpu         ] GC(973) User=0.00s Sys=0.00s Real=0.00s
[214.579s][info][gc,start       ] GC(974) Pause Young (Allocation Failure)
[214.582s][info][gc,heap        ] GC(974) PSYoungGen: 342528K(342528K)->992K(335872K) Eden: 341504K(341504K)->0K(334848K) From: 1024K(1024K)->992K(1024K)
[214.582s][info][gc,heap        ] GC(974) ParOldGen: 9322K(1398272K)->9434K(1398272K)
[214.582s][info][gc,metaspace   ] GC(974) Metaspace: 14360K(15360K)->14360K(15360K) NonClass: 12391K(12992K)->12391K(12992K) Class: 1969K(2368K)->1969K(2368K)
[214.582s][info][gc             ] GC(974) Pause Young (Allocation Failure) 343M->10M(1693M) 2.768ms
[214.582s][info][gc,cpu         ] GC(974) User=0.00s Sys=0.00s Real=0.00s
[214.809s][info][gc,start       ] GC(975) Pause Young (Allocation Failure)
[214.812s][info][gc,heap        ] GC(975) PSYoungGen: 335840K(335872K)->1024K(402944K) Eden: 334848K(334848K)->0K(401920K) From: 992K(1024K)->1024K(1024K)
[214.812s][info][gc,heap        ] GC(975) ParOldGen: 9434K(1398272K)->9546K(1398272K)
[214.812s][info][gc,metaspace   ] GC(975) Metaspace: 14360K(15360K)->14360K(15360K) NonClass: 12391K(12992K)->12391K(12992K) Class: 1969K(2368K)->1969K(2368K)
[214.812s][info][gc             ] GC(975) Pause Young (Allocation Failure) 337M->10M(1759M) 2.803ms
[214.812s][info][gc,cpu         ] GC(975) User=0.52s Sys=0.00s Real=0.00s
[215.104s][info][gc,start       ] GC(976) Pause Young (Allocation Failure)
[215.107s][info][gc,heap        ] GC(976) PSYoungGen: 402944K(402944K)->960K(394240K) Eden: 401920K(401920K)->0K(393216K) From: 1024K(1024K)->960K(1024K)
[215.107s][info][gc,heap        ] GC(976) ParOldGen: 9546K(1398272K)->9626K(1398272K)
[215.107s][info][gc,metaspace   ] GC(976) Metaspace: 14360K(15360K)->14360K(15360K) NonClass: 12391K(12992K)->12391K(12992K) Class: 1969K(2368K)->1969K(2368K)
[215.107s][info][gc             ] GC(976) Pause Young (Allocation Failure) 402M->10M(1750M) 2.958ms
[215.107s][info][gc,cpu         ] GC(976) User=0.02s Sys=0.00s Real=0.00s
[215.388s][info][gc,start       ] GC(977) Pause Young (Allocation Failure)
[215.391s][info][gc,heap        ] GC(977) PSYoungGen: 394176K(394240K)->992K(386048K) Eden: 393216K(393216K)->0K(385024K) From: 960K(1024K)->992K(1024K)
[215.391s][info][gc,heap        ] GC(977) ParOldGen: 9626K(1398272K)->9738K(1398272K)
[215.391s][info][gc,metaspace   ] GC(977) Metaspace: 14360K(15360K)->14360K(15360K) NonClass: 12391K(12992K)->12391K(12992K) Class: 1969K(2368K)->1969K(2368K)
[215.391s][info][gc             ] GC(977) Pause Young (Allocation Failure) 394M->10M(1742M) 2.757ms
[215.391s][info][gc,cpu         ] GC(977) User=0.52s Sys=0.00s Real=0.00s
[215.657s][info][gc,start       ] GC(978) Pause Young (Allocation Failure)
[215.659s][info][gc,heap        ] GC(978) PSYoungGen: 386016K(386048K)->992K(378368K) Eden: 385024K(385024K)->0K(377344K) From: 992K(1024K)->992K(1024K)
[215.659s][info][gc,heap        ] GC(978) ParOldGen: 9738K(1398272K)->9858K(1398272K)
[215.659s][info][gc,metaspace   ] GC(978) Metaspace: 14360K(15360K)->14360K(15360K) NonClass: 12391K(12992K)->12391K(12992K) Class: 1969K(2368K)->1969K(2368K)
[215.659s][info][gc             ] GC(978) Pause Young (Allocation Failure) 386M->10M(1735M) 2.528ms
[215.659s][info][gc,cpu         ] GC(978) User=0.00s Sys=0.00s Real=0.00s
[215.930s][info][gc,start       ] GC(979) Pause Young (Allocation Failure)
[215.933s][info][gc,heap        ] GC(979) PSYoungGen: 378336K(378368K)->1024K(370688K) Eden: 377344K(377344K)->0K(369664K) From: 992K(1024K)->1024K(1024K)
[215.933s][info][gc,heap        ] GC(979) ParOldGen: 9858K(1398272K)->9946K(1398272K)
[215.933s][info][gc,metaspace   ] GC(979) Metaspace: 14360K(15360K)->14360K(15360K) NonClass: 12391K(12992K)->12391K(12992K) Class: 1969K(2368K)->1969K(2368K)
[215.933s][info][gc             ] GC(979) Pause Young (Allocation Failure) 379M->10M(1727M) 2.543ms
[215.933s][info][gc,cpu         ] GC(979) User=0.00s Sys=0.00s Real=0.00s
[216.182s][info][gc,start       ] GC(980) Pause Young (Allocation Failure)
[216.185s][info][gc,heap        ] GC(980) PSYoungGen: 370688K(370688K)->1024K(363520K) Eden: 369664K(369664K)->0K(362496K) From: 1024K(1024K)->1024K(1024K)
[216.185s][info][gc,heap        ] GC(980) ParOldGen: 9946K(1398272K)->10050K(1398272K)
[216.185s][info][gc,metaspace   ] GC(980) Metaspace: 14360K(15360K)->14360K(15360K) NonClass: 12391K(12992K)->12391K(12992K) Class: 1969K(2368K)->1969K(2368K)
[216.185s][info][gc             ] GC(980) Pause Young (Allocation Failure) 371M->10M(1720M) 2.661ms
[216.185s][info][gc,cpu         ] GC(980) User=0.00s Sys=0.00s Real=0.00s
[216.430s][info][gc,start       ] GC(981) Pause Young (Allocation Failure)
[216.433s][info][gc,heap        ] GC(981) PSYoungGen: 363520K(363520K)->992K(356352K) Eden: 362496K(362496K)->0K(355328K) From: 1024K(1024K)->992K(1024K)
[216.433s][info][gc,heap        ] GC(981) ParOldGen: 10050K(1398272K)->10154K(1398272K)
[216.433s][info][gc,metaspace   ] GC(981) Metaspace: 14360K(15360K)->14360K(15360K) NonClass: 12391K(12992K)->12391K(12992K) Class: 1969K(2368K)->1969K(2368K)
[216.433s][info][gc             ] GC(981) Pause Young (Allocation Failure) 364M->10M(1713M) 2.560ms
[216.433s][info][gc,cpu         ] GC(981) User=0.00s Sys=0.00s Real=0.00s
[216.672s][info][gc,start       ] GC(982) Pause Young (Allocation Failure)
[216.675s][info][gc,heap        ] GC(982) PSYoungGen: 356320K(356352K)->992K(349184K) Eden: 355328K(355328K)->0K(348160K) From: 992K(1024K)->992K(1024K)
[216.675s][info][gc,heap        ] GC(982) ParOldGen: 10154K(1398272K)->10242K(1398272K)
[216.675s][info][gc,metaspace   ] GC(982) Metaspace: 14360K(15360K)->14360K(15360K) NonClass: 12391K(12992K)->12391K(12992K) Class: 1969K(2368K)->1969K(2368K)
[216.675s][info][gc             ] GC(982) Pause Young (Allocation Failure) 357M->10M(1706M) 2.600ms
[216.675s][info][gc,cpu         ] GC(982) User=0.00s Sys=0.00s Real=0.00s
[216.909s][info][gc,start       ] GC(983) Pause Young (Allocation Failure)
[216.912s][info][gc,heap        ] GC(983) PSYoungGen: 349152K(349184K)->992K(342528K) Eden: 348160K(348160K)->0K(341504K) From: 992K(1024K)->992K(1024K)
[216.912s][info][gc,heap        ] GC(983) ParOldGen: 10242K(1398272K)->10354K(1398272K)
[216.912s][info][gc,metaspace   ] GC(983) Metaspace: 14360K(15360K)->14360K(15360K) NonClass: 12391K(12992K)->12391K(12992K) Class: 1969K(2368K)->1969K(2368K)
[216.912s][info][gc             ] GC(983) Pause Young (Allocation Failure) 350M->11M(1700M) 2.637ms
[216.912s][info][gc,cpu         ] GC(983) User=0.00s Sys=0.00s Real=0.00s
[217.142s][info][gc,start       ] GC(984) Pause Young (Allocation Failure)
[217.145s][info][gc,heap        ] GC(984) PSYoungGen: 342496K(342528K)->1024K(335872K) Eden: 341504K(341504K)->0K(334848K) From: 992K(1024K)->1024K(1024K)
[217.145s][info][gc,heap        ] GC(984) ParOldGen: 10354K(1398272K)->10442K(1398272K)
[217.145s][info][gc,metaspace   ] GC(984) Metaspace: 14360K(15360K)->14360K(15360K) NonClass: 12391K(12992K)->12391K(12992K) Class: 1969K(2368K)->1969K(2368K)
[217.145s][info][gc             ] GC(984) Pause Young (Allocation Failure) 344M->11M(1693M) 2.688ms
[217.145s][info][gc,cpu         ] GC(984) User=0.00s Sys=0.00s Real=0.00s
[217.369s][info][gc,start       ] GC(985) Pause Young (Allocation Failure)
[217.371s][info][gc,heap        ] GC(985) PSYoungGen: 335872K(335872K)->1024K(402944K) Eden: 334848K(334848K)->0K(401920K) From: 1024K(1024K)->1024K(1024K)
[217.371s][info][gc,heap        ] GC(985) ParOldGen: 10442K(1398272K)->10514K(1398272K)
[217.371s][info][gc,metaspace   ] GC(985) Metaspace: 14360K(15360K)->14360K(15360K) NonClass: 12391K(12992K)->12391K(12992K) Class: 1969K(2368K)->1969K(2368K)
[217.371s][info][gc             ] GC(985) Pause Young (Allocation Failure) 338M->11M(1759M) 2.705ms
[217.371s][info][gc,cpu         ] GC(985) User=0.00s Sys=0.00s Real=0.00s
[217.641s][info][gc,start       ] GC(986) Pause Young (Allocation Failure)
[217.644s][info][gc,heap        ] GC(986) PSYoungGen: 402944K(402944K)->1024K(394240K) Eden: 401920K(401920K)->0K(393216K) From: 1024K(1024K)->1024K(1024K)
[217.644s][info][gc,heap        ] GC(986) ParOldGen: 10514K(1398272K)->10618K(1398272K)
[217.644s][info][gc,metaspace   ] GC(986) Metaspace: 14360K(15360K)->14360K(15360K) NonClass: 12391K(12992K)->12391K(12992K) Class: 1969K(2368K)->1969K(2368K)
[217.644s][info][gc             ] GC(986) Pause Young (Allocation Failure) 403M->11M(1750M) 2.788ms
[217.644s][info][gc,cpu         ] GC(986) User=0.00s Sys=0.00s Real=0.00s
[217.934s][info][gc,start       ] GC(987) Pause Young (Allocation Failure)
[217.937s][info][gc,heap        ] GC(987) PSYoungGen: 394240K(394240K)->1024K(386048K) Eden: 393216K(393216K)->0K(385024K) From: 1024K(1024K)->1024K(1024K)
[217.937s][info][gc,heap        ] GC(987) ParOldGen: 10618K(1398272K)->10722K(1398272K)
[217.937s][info][gc,metaspace   ] GC(987) Metaspace: 14360K(15360K)->14360K(15360K) NonClass: 12391K(12992K)->12391K(12992K) Class: 1969K(2368K)->1969K(2368K)
[217.937s][info][gc             ] GC(987) Pause Young (Allocation Failure) 395M->11M(1742M) 3.065ms
[217.937s][info][gc,cpu         ] GC(987) User=0.52s Sys=0.00s Real=0.00s
[218.213s][info][gc,start       ] GC(988) Pause Young (Allocation Failure)
[218.215s][info][gc,heap        ] GC(988) PSYoungGen: 386048K(386048K)->992K(378368K) Eden: 385024K(385024K)->0K(377344K) From: 1024K(1024K)->992K(1024K)
[218.215s][info][gc,heap        ] GC(988) ParOldGen: 10722K(1398272K)->10826K(1398272K)
[218.215s][info][gc,metaspace   ] GC(988) Metaspace: 14360K(15360K)->14360K(15360K) NonClass: 12391K(12992K)->12391K(12992K) Class: 1969K(2368K)->1969K(2368K)
[218.215s][info][gc             ] GC(988) Pause Young (Allocation Failure) 387M->11M(1735M) 2.668ms
[218.215s][info][gc,cpu         ] GC(988) User=0.00s Sys=0.00s Real=0.00s
[218.478s][info][gc,start       ] GC(989) Pause Young (Allocation Failure)
[218.481s][info][gc,heap        ] GC(989) PSYoungGen: 378336K(378368K)->1024K(370688K) Eden: 377344K(377344K)->0K(369664K) From: 992K(1024K)->1024K(1024K)
[218.481s][info][gc,heap        ] GC(989) ParOldGen: 10826K(1398272K)->10938K(1398272K)
[218.481s][info][gc,metaspace   ] GC(989) Metaspace: 14360K(15360K)->14360K(15360K) NonClass: 12391K(12992K)->12391K(12992K) Class: 1969K(2368K)->1969K(2368K)
[218.481s][info][gc             ] GC(989) Pause Young (Allocation Failure) 380M->11M(1727M) 2.598ms
[218.481s][info][gc,cpu         ] GC(989) User=0.00s Sys=0.00s Real=0.00s
[218.754s][info][gc,start       ] GC(990) Pause Young (Allocation Failure)
[218.756s][info][gc,heap        ] GC(990) PSYoungGen: 370688K(370688K)->1024K(363520K) Eden: 369664K(369664K)->0K(362496K) From: 1024K(1024K)->1024K(1024K)
[218.756s][info][gc,heap        ] GC(990) ParOldGen: 10938K(1398272K)->11086K(1398272K)
[218.756s][info][gc,metaspace   ] GC(990) Metaspace: 14360K(15360K)->14360K(15360K) NonClass: 12391K(12992K)->12391K(12992K) Class: 1969K(2368K)->1969K(2368K)
[218.756s][info][gc             ] GC(990) Pause Young (Allocation Failure) 372M->11M(1720M) 2.406ms
[218.756s][info][gc,cpu         ] GC(990) User=0.00s Sys=0.00s Real=0.00s
[219.001s][info][gc,start       ] GC(991) Pause Young (Allocation Failure)
[219.003s][info][gc,heap        ] GC(991) PSYoungGen: 363520K(363520K)->1024K(356352K) Eden: 362496K(362496K)->0K(355328K) From: 1024K(1024K)->1024K(1024K)
[219.003s][info][gc,heap        ] GC(991) ParOldGen: 11086K(1398272K)->11198K(1398272K)
[219.003s][info][gc,metaspace   ] GC(991) Metaspace: 14360K(15360K)->14360K(15360K) NonClass: 12391K(12992K)->12391K(12992K) Class: 1969K(2368K)->1969K(2368K)
[219.003s][info][gc             ] GC(991) Pause Young (Allocation Failure) 365M->11M(1713M) 2.513ms
[219.003s][info][gc,cpu         ] GC(991) User=0.00s Sys=0.00s Real=0.00s
[219.243s][info][gc,start       ] GC(992) Pause Young (Allocation Failure)
[219.246s][info][gc,heap        ] GC(992) PSYoungGen: 356352K(356352K)->992K(349184K) Eden: 355328K(355328K)->0K(348160K) From: 1024K(1024K)->992K(1024K)
[219.246s][info][gc,heap        ] GC(992) ParOldGen: 11198K(1398272K)->11278K(1398272K)
[219.246s][info][gc,metaspace   ] GC(992) Metaspace: 14360K(15360K)->14360K(15360K) NonClass: 12391K(12992K)->12391K(12992K) Class: 1969K(2368K)->1969K(2368K)
[219.246s][info][gc             ] GC(992) Pause Young (Allocation Failure) 358M->11M(1706M) 2.495ms
[219.246s][info][gc,cpu         ] GC(992) User=0.00s Sys=0.00s Real=0.00s
[219.481s][info][gc,start       ] GC(993) Pause Young (Allocation Failure)
[219.484s][info][gc,heap        ] GC(993) PSYoungGen: 349152K(349184K)->1024K(342528K) Eden: 348160K(348160K)->0K(341504K) From: 992K(1024K)->1024K(1024K)
[219.484s][info][gc,heap        ] GC(993) ParOldGen: 11278K(1398272K)->11414K(1398272K)
[219.484s][info][gc,metaspace   ] GC(993) Metaspace: 14360K(15360K)->14360K(15360K) NonClass: 12391K(12992K)->12391K(12992K) Class: 1969K(2368K)->1969K(2368K)
[219.484s][info][gc             ] GC(993) Pause Young (Allocation Failure) 351M->12M(1700M) 2.499ms
[219.484s][info][gc,cpu         ] GC(993) User=0.52s Sys=0.00s Real=0.00s
[219.715s][info][gc,start       ] GC(994) Pause Young (Allocation Failure)
[219.718s][info][gc,heap        ] GC(994) PSYoungGen: 342528K(342528K)->1024K(335872K) Eden: 341504K(341504K)->0K(334848K) From: 1024K(1024K)->1024K(1024K)
[219.718s][info][gc,heap        ] GC(994) ParOldGen: 11414K(1398272K)->11502K(1398272K)
[219.718s][info][gc,metaspace   ] GC(994) Metaspace: 14360K(15360K)->14360K(15360K) NonClass: 12391K(12992K)->12391K(12992K) Class: 1969K(2368K)->1969K(2368K)
[219.718s][info][gc             ] GC(994) Pause Young (Allocation Failure) 345M->12M(1693M) 2.570ms
[219.718s][info][gc,cpu         ] GC(994) User=0.00s Sys=0.00s Real=0.00s
[219.945s][info][gc,start       ] GC(995) Pause Young (Allocation Failure)
[219.947s][info][gc,heap        ] GC(995) PSYoungGen: 335872K(335872K)->992K(329728K) Eden: 334848K(334848K)->0K(328704K) From: 1024K(1024K)->992K(1024K)
[219.947s][info][gc,heap        ] GC(995) ParOldGen: 11502K(1398272K)->11598K(1398272K)
[219.947s][info][gc,metaspace   ] GC(995) Metaspace: 14360K(15360K)->14360K(15360K) NonClass: 12391K(12992K)->12391K(12992K) Class: 1969K(2368K)->1969K(2368K)
[219.947s][info][gc             ] GC(995) Pause Young (Allocation Failure) 339M->12M(1687M) 2.583ms
[219.947s][info][gc,cpu         ] GC(995) User=0.00s Sys=0.00s Real=0.00s
[220.163s][info][gc,start       ] GC(996) Pause Young (Allocation Failure)
[220.165s][info][gc,heap        ] GC(996) PSYoungGen: 329696K(329728K)->960K(323584K) Eden: 328704K(328704K)->0K(322560K) From: 992K(1024K)->960K(1024K)
[220.165s][info][gc,heap        ] GC(996) ParOldGen: 11598K(1398272K)->11718K(1398272K)
[220.165s][info][gc,metaspace   ] GC(996) Metaspace: 14360K(15360K)->14360K(15360K) NonClass: 12391K(12992K)->12391K(12992K) Class: 1969K(2368K)->1969K(2368K)
[220.165s][info][gc             ] GC(996) Pause Young (Allocation Failure) 333M->12M(1681M) 2.622ms
[220.165s][info][gc,cpu         ] GC(996) User=0.00s Sys=0.00s Real=0.00s
[220.374s][info][gc,start       ] GC(997) Pause Young (Allocation Failure)
[220.376s][info][gc,heap        ] GC(997) PSYoungGen: 323520K(323584K)->992K(388096K) Eden: 322560K(322560K)->0K(387072K) From: 960K(1024K)->992K(1024K)
[220.376s][info][gc,heap        ] GC(997) ParOldGen: 11718K(1398272K)->11798K(1398272K)
[220.376s][info][gc,metaspace   ] GC(997) Metaspace: 14360K(15360K)->14360K(15360K) NonClass: 12391K(12992K)->12391K(12992K) Class: 1969K(2368K)->1969K(2368K)
[220.376s][info][gc             ] GC(997) Pause Young (Allocation Failure) 327M->12M(1744M) 2.636ms
[220.376s][info][gc,cpu         ] GC(997) User=0.00s Sys=0.00s Real=0.00s
[220.619s][info][gc,start       ] GC(998) Pause Young (Allocation Failure)
[220.622s][info][gc,heap        ] GC(998) PSYoungGen: 388064K(388096K)->992K(465920K) Eden: 387072K(387072K)->0K(464896K) From: 992K(1024K)->992K(1024K)
[220.622s][info][gc,heap        ] GC(998) ParOldGen: 11798K(1398272K)->11894K(1398272K)
[220.622s][info][gc,metaspace   ] GC(998) Metaspace: 14360K(15360K)->14360K(15360K) NonClass: 12391K(12992K)->12391K(12992K) Class: 1969K(2368K)->1969K(2368K)
[220.622s][info][gc             ] GC(998) Pause Young (Allocation Failure) 390M->12M(1820M) 2.804ms
[220.622s][info][gc,cpu         ] GC(998) User=0.00s Sys=0.00s Real=0.00s
[220.872s][info][gc,start       ] GC(999) Pause Young (Allocation Failure)
[220.875s][info][gc,heap        ] GC(999) PSYoungGen: 465888K(465920K)->832K(512000K) Eden: 464896K(464896K)->0K(510464K) From: 992K(1024K)->832K(1536K)
[220.875s][info][gc,heap        ] GC(999) ParOldGen: 11894K(1398272K)->11974K(1398272K)
[220.875s][info][gc,metaspace   ] GC(999) Metaspace: 14360K(15360K)->14360K(15360K) NonClass: 12391K(12992K)->12391K(12992K) Class: 1969K(2368K)->1969K(2368K)
[220.875s][info][gc             ] GC(999) Pause Young (Allocation Failure) 466M->12M(1865M) 3.014ms
[220.875s][info][gc,cpu         ] GC(999) User=0.52s Sys=0.00s Real=0.00s
[221.070s][info][gc,start       ] GC(1000) Pause Young (System.gc())
[221.074s][info][gc,heap        ] GC(1000) PSYoungGen: 290831K(512000K)->448K(559616K) Eden: 289999K(510464K)->0K(558080K) From: 832K(1536K)->448K(1536K)
[221.074s][info][gc,heap        ] GC(1000) ParOldGen: 11974K(1398272K)->12086K(1398272K)
[221.074s][info][gc,metaspace   ] GC(1000) Metaspace: 14360K(15360K)->14360K(15360K) NonClass: 12391K(12992K)->12391K(12992K) Class: 1969K(2368K)->1969K(2368K)
[221.074s][info][gc             ] GC(1000) Pause Young (System.gc()) 295M->12M(1912M) 3.762ms
[221.074s][info][gc,cpu         ] GC(1000) User=0.00s Sys=0.00s Real=0.00s
[221.074s][info][gc,start       ] GC(1001) Pause Full (System.gc())
[221.074s][info][gc,phases,start] GC(1001) Marking Phase
[221.090s][info][gc,phases      ] GC(1001) Marking Phase 15.671ms
[221.090s][info][gc,phases,start] GC(1001) Summary Phase
[221.090s][info][gc,phases      ] GC(1001) Summary Phase 0.012ms
[221.090s][info][gc,phases,start] GC(1001) Adjust Roots
[221.095s][info][gc,phases      ] GC(1001) Adjust Roots 5.377ms
[221.095s][info][gc,phases,start] GC(1001) Compaction Phase
[221.097s][info][gc,phases      ] GC(1001) Compaction Phase 1.637ms
[221.097s][info][gc,phases,start] GC(1001) Post Compact
[221.097s][info][gc,phases      ] GC(1001) Post Compact 0.549ms
[221.098s][info][gc,heap        ] GC(1001) PSYoungGen: 448K(559616K)->0K(559616K) Eden: 0K(558080K)->0K(558080K) From: 448K(1536K)->0K(1536K)
[221.098s][info][gc,heap        ] GC(1001) ParOldGen: 12086K(1398272K)->5387K(1398272K)
[221.098s][info][gc,metaspace   ] GC(1001) Metaspace: 14360K(15360K)->14360K(15360K) NonClass: 12391K(12992K)->12391K(12992K) Class: 1969K(2368K)->1969K(2368K)
[221.098s][info][gc             ] GC(1001) Pause Full (System.gc()) 12M->5M(1912M) 23.637ms
[221.098s][info][gc,cpu         ] GC(1001) User=0.52s Sys=0.00s Real=0.02s
[221.559s][info][gc,start       ] GC(1002) Pause Young (Allocation Failure)
[221.563s][info][gc,heap        ] GC(1002) PSYoungGen: 558080K(559616K)->1536K(545280K) Eden: 558080K(558080K)->0K(543744K) From: 0K(1536K)->1536K(1536K)
[221.563s][info][gc,heap        ] GC(1002) ParOldGen: 5387K(1398272K)->5761K(1398272K)
[221.563s][info][gc,metaspace   ] GC(1002) Metaspace: 14360K(15360K)->14360K(15360K) NonClass: 12391K(12992K)->12391K(12992K) Class: 1969K(2368K)->1969K(2368K)
[221.563s][info][gc             ] GC(1002) Pause Young (Allocation Failure) 550M->7M(1898M) 3.750ms
[221.563s][info][gc,cpu         ] GC(1002) User=0.52s Sys=0.00s Real=0.00s
[221.917s][info][gc,start       ] GC(1003) Pause Young (Allocation Failure)
[221.920s][info][gc,heap        ] GC(1003) PSYoungGen: 545280K(545280K)->512K(530432K) Eden: 543744K(543744K)->0K(529920K) From: 1536K(1536K)->512K(512K)
[221.920s][info][gc,heap        ] GC(1003) ParOldGen: 5761K(1398272K)->7202K(1398272K)
[221.920s][info][gc,metaspace   ] GC(1003) Metaspace: 14360K(15360K)->14360K(15360K) NonClass: 12391K(12992K)->12391K(12992K) Class: 1969K(2368K)->1969K(2368K)
[221.920s][info][gc             ] GC(1003) Pause Young (Allocation Failure) 538M->7M(1883M) 3.042ms
[221.920s][info][gc,cpu         ] GC(1003) User=0.52s Sys=0.00s Real=0.00s
[222.327s][info][gc,start       ] GC(1004) Pause Young (Allocation Failure)
[222.330s][info][gc,heap        ] GC(1004) PSYoungGen: 530432K(530432K)->1056K(518656K) Eden: 529920K(529920K)->0K(516608K) From: 512K(512K)->1056K(2048K)
[222.330s][info][gc,heap        ] GC(1004) ParOldGen: 7202K(1398272K)->7274K(1398272K)
[222.330s][info][gc,metaspace   ] GC(1004) Metaspace: 14360K(15360K)->14360K(15360K) NonClass: 12391K(12992K)->12391K(12992K) Class: 1969K(2368K)->1969K(2368K)
[222.330s][info][gc             ] GC(1004) Pause Young (Allocation Failure) 525M->8M(1872M) 2.731ms
[222.330s][info][gc,cpu         ] GC(1004) User=0.00s Sys=0.00s Real=0.00s
[222.685s][info][gc,start       ] GC(1005) Pause Young (Allocation Failure)
[222.688s][info][gc,heap        ] GC(1005) PSYoungGen: 517664K(518656K)->1024K(504832K) Eden: 516608K(516608K)->0K(503808K) From: 1056K(2048K)->1024K(1024K)
[222.688s][info][gc,heap        ] GC(1005) ParOldGen: 7274K(1398272K)->7450K(1398272K)
[222.688s][info][gc,metaspace   ] GC(1005) Metaspace: 14360K(15360K)->14360K(15360K) NonClass: 12391K(12992K)->12391K(12992K) Class: 1969K(2368K)->1969K(2368K)
[222.688s][info][gc             ] GC(1005) Pause Young (Allocation Failure) 512M->8M(1858M) 2.834ms
[222.688s][info][gc,cpu         ] GC(1005) User=0.00s Sys=0.00s Real=0.00s
[223.033s][info][gc,start       ] GC(1006) Pause Young (Allocation Failure)
[223.036s][info][gc,heap        ] GC(1006) PSYoungGen: 504832K(504832K)->1056K(493056K) Eden: 503808K(503808K)->0K(491520K) From: 1024K(1024K)->1056K(1536K)
[223.036s][info][gc,heap        ] GC(1006) ParOldGen: 7450K(1398272K)->7578K(1398272K)
[223.036s][info][gc,metaspace   ] GC(1006) Metaspace: 14360K(15360K)->14360K(15360K) NonClass: 12391K(12992K)->12391K(12992K) Class: 1969K(2368K)->1969K(2368K)
[223.036s][info][gc             ] GC(1006) Pause Young (Allocation Failure) 500M->8M(1847M) 2.843ms
[223.036s][info][gc,cpu         ] GC(1006) User=0.00s Sys=0.00s Real=0.00s
[223.370s][info][gc,start       ] GC(1007) Pause Young (Allocation Failure)
[223.373s][info][gc,heap        ] GC(1007) PSYoungGen: 492576K(493056K)->1024K(480768K) Eden: 491520K(491520K)->0K(479744K) From: 1056K(1536K)->1024K(1024K)
[223.373s][info][gc,heap        ] GC(1007) ParOldGen: 7578K(1398272K)->7690K(1398272K)
[223.373s][info][gc,metaspace   ] GC(1007) Metaspace: 14360K(15360K)->14360K(15360K) NonClass: 12391K(12992K)->12391K(12992K) Class: 1969K(2368K)->1969K(2368K)
[223.373s][info][gc             ] GC(1007) Pause Young (Allocation Failure) 488M->8M(1835M) 2.948ms
[223.373s][info][gc,cpu         ] GC(1007) User=0.52s Sys=0.00s Real=0.00s
[223.702s][info][gc,start       ] GC(1008) Pause Young (Allocation Failure)
[223.704s][info][gc,heap        ] GC(1008) PSYoungGen: 480768K(480768K)->1024K(469504K) Eden: 479744K(479744K)->0K(468480K) From: 1024K(1024K)->1024K(1024K)
[223.705s][info][gc,heap        ] GC(1008) ParOldGen: 7690K(1398272K)->7786K(1398272K)
[223.705s][info][gc,metaspace   ] GC(1008) Metaspace: 14360K(15360K)->14360K(15360K) NonClass: 12391K(12992K)->12391K(12992K) Class: 1969K(2368K)->1969K(2368K)
[223.705s][info][gc             ] GC(1008) Pause Young (Allocation Failure) 477M->8M(1824M) 2.853ms
[223.705s][info][gc,cpu         ] GC(1008) User=0.00s Sys=0.00s Real=0.00s
[224.027s][info][gc,start       ] GC(1009) Pause Young (Allocation Failure)
[224.030s][info][gc,heap        ] GC(1009) PSYoungGen: 469504K(469504K)->1024K(458752K) Eden: 468480K(468480K)->0K(457728K) From: 1024K(1024K)->1024K(1024K)
[224.030s][info][gc,heap        ] GC(1009) ParOldGen: 7786K(1398272K)->7914K(1398272K)
[224.030s][info][gc,metaspace   ] GC(1009) Metaspace: 14360K(15360K)->14360K(15360K) NonClass: 12391K(12992K)->12391K(12992K) Class: 1969K(2368K)->1969K(2368K)
[224.030s][info][gc             ] GC(1009) Pause Young (Allocation Failure) 466M->8M(1813M) 2.851ms
[224.030s][info][gc,cpu         ] GC(1009) User=0.52s Sys=0.00s Real=0.00s
[224.344s][info][gc,start       ] GC(1010) Pause Young (Allocation Failure)
[224.347s][info][gc,heap        ] GC(1010) PSYoungGen: 458752K(458752K)->1024K(448512K) Eden: 457728K(457728K)->0K(447488K) From: 1024K(1024K)->1024K(1024K)
[224.347s][info][gc,heap        ] GC(1010) ParOldGen: 7914K(1398272K)->8034K(1398272K)
[224.347s][info][gc,metaspace   ] GC(1010) Metaspace: 14360K(15360K)->14360K(15360K) NonClass: 12391K(12992K)->12391K(12992K) Class: 1969K(2368K)->1969K(2368K)
[224.347s][info][gc             ] GC(1010) Pause Young (Allocation Failure) 455M->8M(1803M) 2.909ms
[224.347s][info][gc,cpu         ] GC(1010) User=0.00s Sys=0.00s Real=0.00s
[224.674s][info][gc,start       ] GC(1011) Pause Young (Allocation Failure)
[224.677s][info][gc,heap        ] GC(1011) PSYoungGen: 448512K(448512K)->1024K(438272K) Eden: 447488K(447488K)->0K(437248K) From: 1024K(1024K)->1024K(1024K)
[224.677s][info][gc,heap        ] GC(1011) ParOldGen: 8034K(1398272K)->8146K(1398272K)
[224.677s][info][gc,metaspace   ] GC(1011) Metaspace: 14360K(15360K)->14360K(15360K) NonClass: 12391K(12992K)->12391K(12992K) Class: 1969K(2368K)->1969K(2368K)
[224.677s][info][gc             ] GC(1011) Pause Young (Allocation Failure) 445M->8M(1793M) 3.144ms
[224.677s][info][gc,cpu         ] GC(1011) User=0.00s Sys=0.00s Real=0.00s
[224.995s][info][gc,start       ] GC(1012) Pause Young (Allocation Failure)
[224.998s][info][gc,heap        ] GC(1012) PSYoungGen: 438272K(438272K)->1024K(428544K) Eden: 437248K(437248K)->0K(427520K) From: 1024K(1024K)->1024K(1024K)
[224.998s][info][gc,heap        ] GC(1012) ParOldGen: 8146K(1398272K)->8258K(1398272K)
[224.998s][info][gc,metaspace   ] GC(1012) Metaspace: 14360K(15360K)->14360K(15360K) NonClass: 12391K(12992K)->12391K(12992K) Class: 1969K(2368K)->1969K(2368K)
[224.998s][info][gc             ] GC(1012) Pause Young (Allocation Failure) 435M->9M(1784M) 2.720ms
[224.998s][info][gc,cpu         ] GC(1012) User=0.00s Sys=0.00s Real=0.00s
[225.312s][info][gc,start       ] GC(1013) Pause Young (Allocation Failure)
[225.315s][info][gc,heap        ] GC(1013) PSYoungGen: 428544K(428544K)->1024K(419328K) Eden: 427520K(427520K)->0K(418304K) From: 1024K(1024K)->1024K(1024K)
[225.315s][info][gc,heap        ] GC(1013) ParOldGen: 8258K(1398272K)->8362K(1398272K)
[225.315s][info][gc,metaspace   ] GC(1013) Metaspace: 14360K(15360K)->14360K(15360K) NonClass: 12391K(12992K)->12391K(12992K) Class: 1969K(2368K)->1969K(2368K)
[225.315s][info][gc             ] GC(1013) Pause Young (Allocation Failure) 426M->9M(1775M) 2.639ms
[225.315s][info][gc,cpu         ] GC(1013) User=0.00s Sys=0.00s Real=0.00s
[225.603s][info][gc,start       ] GC(1014) Pause Young (Allocation Failure)
[225.606s][info][gc,heap        ] GC(1014) PSYoungGen: 419328K(419328K)->1024K(410112K) Eden: 418304K(418304K)->0K(409088K) From: 1024K(1024K)->1024K(1024K)
[225.606s][info][gc,heap        ] GC(1014) ParOldGen: 8362K(1398272K)->8482K(1398272K)
[225.606s][info][gc,metaspace   ] GC(1014) Metaspace: 14360K(15360K)->14360K(15360K) NonClass: 12391K(12992K)->12391K(12992K) Class: 1969K(2368K)->1969K(2368K)
[225.606s][info][gc             ] GC(1014) Pause Young (Allocation Failure) 417M->9M(1766M) 2.616ms
[225.606s][info][gc,cpu         ] GC(1014) User=0.00s Sys=0.00s Real=0.00s
[225.886s][info][gc,start       ] GC(1015) Pause Young (Allocation Failure)
[225.888s][info][gc,heap        ] GC(1015) PSYoungGen: 410112K(410112K)->1024K(401408K) Eden: 409088K(409088K)->0K(400384K) From: 1024K(1024K)->1024K(1024K)
[225.888s][info][gc,heap        ] GC(1015) ParOldGen: 8482K(1398272K)->8586K(1398272K)
[225.888s][info][gc,metaspace   ] GC(1015) Metaspace: 14360K(15360K)->14360K(15360K) NonClass: 12391K(12992K)->12391K(12992K) Class: 1969K(2368K)->1969K(2368K)
[225.888s][info][gc             ] GC(1015) Pause Young (Allocation Failure) 408M->9M(1757M) 2.629ms
[225.888s][info][gc,cpu         ] GC(1015) User=0.00s Sys=0.00s Real=0.00s
[226.162s][info][gc,start       ] GC(1016) Pause Young (Allocation Failure)
[226.164s][info][gc,heap        ] GC(1016) PSYoungGen: 401408K(401408K)->1024K(393216K) Eden: 400384K(400384K)->0K(392192K) From: 1024K(1024K)->1024K(1024K)
[226.164s][info][gc,heap        ] GC(1016) ParOldGen: 8586K(1398272K)->8706K(1398272K)
[226.164s][info][gc,metaspace   ] GC(1016) Metaspace: 14360K(15360K)->14360K(15360K) NonClass: 12391K(12992K)->12391K(12992K) Class: 1969K(2368K)->1969K(2368K)
[226.164s][info][gc             ] GC(1016) Pause Young (Allocation Failure) 400M->9M(1749M) 2.633ms
[226.164s][info][gc,cpu         ] GC(1016) User=0.00s Sys=0.00s Real=0.00s
[226.435s][info][gc,start       ] GC(1017) Pause Young (Allocation Failure)
[226.438s][info][gc,heap        ] GC(1017) PSYoungGen: 393216K(393216K)->1024K(385024K) Eden: 392192K(392192K)->0K(384000K) From: 1024K(1024K)->1024K(1024K)
[226.438s][info][gc,heap        ] GC(1017) ParOldGen: 8706K(1398272K)->8834K(1398272K)
[226.438s][info][gc,metaspace   ] GC(1017) Metaspace: 14360K(15360K)->14360K(15360K) NonClass: 12391K(12992K)->12391K(12992K) Class: 1969K(2368K)->1969K(2368K)
[226.438s][info][gc             ] GC(1017) Pause Young (Allocation Failure) 392M->9M(1741M) 2.716ms
[226.438s][info][gc,cpu         ] GC(1017) User=0.02s Sys=0.00s Real=0.00s
[226.704s][info][gc,start       ] GC(1018) Pause Young (Allocation Failure)
[226.707s][info][gc,heap        ] GC(1018) PSYoungGen: 385024K(385024K)->1024K(377344K) Eden: 384000K(384000K)->0K(376320K) From: 1024K(1024K)->1024K(1024K)
[226.707s][info][gc,heap        ] GC(1018) ParOldGen: 8834K(1398272K)->8954K(1398272K)
[226.707s][info][gc,metaspace   ] GC(1018) Metaspace: 14360K(15360K)->14360K(15360K) NonClass: 12391K(12992K)->12391K(12992K) Class: 1969K(2368K)->1969K(2368K)
[226.707s][info][gc             ] GC(1018) Pause Young (Allocation Failure) 384M->9M(1734M) 2.752ms
[226.707s][info][gc,cpu         ] GC(1018) User=0.00s Sys=0.00s Real=0.00s
[226.964s][info][gc,start       ] GC(1019) Pause Young (Allocation Failure)
[226.966s][info][gc,heap        ] GC(1019) PSYoungGen: 377344K(377344K)->1024K(369664K) Eden: 376320K(376320K)->0K(368640K) From: 1024K(1024K)->1024K(1024K)
[226.966s][info][gc,heap        ] GC(1019) ParOldGen: 8954K(1398272K)->9090K(1398272K)
[226.966s][info][gc,metaspace   ] GC(1019) Metaspace: 14360K(15360K)->14360K(15360K) NonClass: 12391K(12992K)->12391K(12992K) Class: 1969K(2368K)->1969K(2368K)
[226.966s][info][gc             ] GC(1019) Pause Young (Allocation Failure) 377M->9M(1726M) 2.725ms
[226.966s][info][gc,cpu         ] GC(1019) User=0.00s Sys=0.00s Real=0.00s
[227.219s][info][gc,start       ] GC(1020) Pause Young (Allocation Failure)
[227.222s][info][gc,heap        ] GC(1020) PSYoungGen: 369664K(369664K)->1024K(362496K) Eden: 368640K(368640K)->0K(361472K) From: 1024K(1024K)->1024K(1024K)
[227.222s][info][gc,heap        ] GC(1020) ParOldGen: 9090K(1398272K)->9186K(1398272K)
[227.222s][info][gc,metaspace   ] GC(1020) Metaspace: 14360K(15360K)->14360K(15360K) NonClass: 12391K(12992K)->12391K(12992K) Class: 1969K(2368K)->1969K(2368K)
[227.222s][info][gc             ] GC(1020) Pause Young (Allocation Failure) 369M->9M(1719M) 2.747ms
[227.222s][info][gc,cpu         ] GC(1020) User=0.00s Sys=0.00s Real=0.00s
[227.504s][info][gc,start       ] GC(1021) Pause Young (Allocation Failure)
[227.508s][info][gc,heap        ] GC(1021) PSYoungGen: 362496K(362496K)->992K(355328K) Eden: 361472K(361472K)->0K(354304K) From: 1024K(1024K)->992K(1024K)
[227.508s][info][gc,heap        ] GC(1021) ParOldGen: 9186K(1398272K)->9290K(1398272K)
[227.509s][info][gc,metaspace   ] GC(1021) Metaspace: 14360K(15360K)->14360K(15360K) NonClass: 12391K(12992K)->12391K(12992K) Class: 1969K(2368K)->1969K(2368K)
[227.509s][info][gc             ] GC(1021) Pause Young (Allocation Failure) 362M->10M(1712M) 4.348ms
[227.509s][info][gc,cpu         ] GC(1021) User=0.00s Sys=0.00s Real=0.00s
[227.770s][info][gc,start       ] GC(1022) Pause Young (Allocation Failure)
[227.773s][info][gc,heap        ] GC(1022) PSYoungGen: 355296K(355328K)->1024K(348672K) Eden: 354304K(354304K)->0K(347648K) From: 992K(1024K)->1024K(1024K)
[227.773s][info][gc,heap        ] GC(1022) ParOldGen: 9290K(1398272K)->9394K(1398272K)
[227.773s][info][gc,metaspace   ] GC(1022) Metaspace: 14360K(15360K)->14360K(15360K) NonClass: 12391K(12992K)->12391K(12992K) Class: 1969K(2368K)->1969K(2368K)
[227.773s][info][gc             ] GC(1022) Pause Young (Allocation Failure) 356M->10M(1706M) 2.603ms
[227.773s][info][gc,cpu         ] GC(1022) User=0.00s Sys=0.00s Real=0.00s
[228.018s][info][gc,start       ] GC(1023) Pause Young (Allocation Failure)
[228.021s][info][gc,heap        ] GC(1023) PSYoungGen: 348672K(348672K)->992K(342016K) Eden: 347648K(347648K)->0K(340992K) From: 1024K(1024K)->992K(1024K)
[228.021s][info][gc,heap        ] GC(1023) ParOldGen: 9394K(1398272K)->9514K(1398272K)
[228.021s][info][gc,metaspace   ] GC(1023) Metaspace: 14360K(15360K)->14360K(15360K) NonClass: 12391K(12992K)->12391K(12992K) Class: 1969K(2368K)->1969K(2368K)
[228.021s][info][gc             ] GC(1023) Pause Young (Allocation Failure) 349M->10M(1699M) 2.546ms
[228.021s][info][gc,cpu         ] GC(1023) User=0.00s Sys=0.00s Real=0.00s
[228.270s][info][gc,start       ] GC(1024) Pause Young (Allocation Failure)
[228.272s][info][gc,heap        ] GC(1024) PSYoungGen: 341984K(342016K)->1024K(335360K) Eden: 340992K(340992K)->0K(334336K) From: 992K(1024K)->1024K(1024K)
[228.272s][info][gc,heap        ] GC(1024) ParOldGen: 9514K(1398272K)->9610K(1398272K)
[228.272s][info][gc,metaspace   ] GC(1024) Metaspace: 14360K(15360K)->14360K(15360K) NonClass: 12391K(12992K)->12391K(12992K) Class: 1969K(2368K)->1969K(2368K)
[228.272s][info][gc             ] GC(1024) Pause Young (Allocation Failure) 343M->10M(1693M) 2.453ms
[228.272s][info][gc,cpu         ] GC(1024) User=0.00s Sys=0.00s Real=0.00s
[228.500s][info][gc,start       ] GC(1025) Pause Young (Allocation Failure)
[228.502s][info][gc,heap        ] GC(1025) PSYoungGen: 335360K(335360K)->1024K(329216K) Eden: 334336K(334336K)->0K(328192K) From: 1024K(1024K)->1024K(1024K)
[228.502s][info][gc,heap        ] GC(1025) ParOldGen: 9610K(1398272K)->9714K(1398272K)
[228.502s][info][gc,metaspace   ] GC(1025) Metaspace: 14360K(15360K)->14360K(15360K) NonClass: 12391K(12992K)->12391K(12992K) Class: 1969K(2368K)->1969K(2368K)
[228.502s][info][gc             ] GC(1025) Pause Young (Allocation Failure) 336M->10M(1687M) 2.446ms
[228.502s][info][gc,cpu         ] GC(1025) User=0.00s Sys=0.00s Real=0.00s
[228.725s][info][gc,start       ] GC(1026) Pause Young (Allocation Failure)
[228.727s][info][gc,heap        ] GC(1026) PSYoungGen: 329216K(329216K)->1024K(323072K) Eden: 328192K(328192K)->0K(322048K) From: 1024K(1024K)->1024K(1024K)
[228.727s][info][gc,heap        ] GC(1026) ParOldGen: 9714K(1398272K)->9778K(1398272K)
[228.727s][info][gc,metaspace   ] GC(1026) Metaspace: 14360K(15360K)->14360K(15360K) NonClass: 12391K(12992K)->12391K(12992K) Class: 1969K(2368K)->1969K(2368K)
[228.727s][info][gc             ] GC(1026) Pause Young (Allocation Failure) 330M->10M(1681M) 2.615ms
[228.727s][info][gc,cpu         ] GC(1026) User=0.00s Sys=0.00s Real=0.00s
[228.944s][info][gc,start       ] GC(1027) Pause Young (Allocation Failure)
[228.946s][info][gc,heap        ] GC(1027) PSYoungGen: 323072K(323072K)->960K(317440K) Eden: 322048K(322048K)->0K(316416K) From: 1024K(1024K)->960K(1024K)
[228.946s][info][gc,heap        ] GC(1027) ParOldGen: 9778K(1398272K)->9882K(1398272K)
[228.946s][info][gc,metaspace   ] GC(1027) Metaspace: 14360K(15360K)->14360K(15360K) NonClass: 12391K(12992K)->12391K(12992K) Class: 1969K(2368K)->1969K(2368K)
[228.946s][info][gc             ] GC(1027) Pause Young (Allocation Failure) 325M->10M(1675M) 2.493ms
[228.946s][info][gc,cpu         ] GC(1027) User=0.00s Sys=0.00s Real=0.00s
[229.163s][info][gc,start       ] GC(1028) Pause Young (Allocation Failure)
[229.165s][info][gc,heap        ] GC(1028) PSYoungGen: 317376K(317440K)->1024K(380928K) Eden: 316416K(316416K)->0K(379904K) From: 960K(1024K)->1024K(1024K)
[229.165s][info][gc,heap        ] GC(1028) ParOldGen: 9882K(1398272K)->9954K(1398272K)
[229.165s][info][gc,metaspace   ] GC(1028) Metaspace: 14360K(15360K)->14360K(15360K) NonClass: 12391K(12992K)->12391K(12992K) Class: 1969K(2368K)->1969K(2368K)
[229.165s][info][gc             ] GC(1028) Pause Young (Allocation Failure) 319M->10M(1737M) 2.583ms
[229.165s][info][gc,cpu         ] GC(1028) User=0.00s Sys=0.00s Real=0.00s
[229.425s][info][gc,start       ] GC(1029) Pause Young (Allocation Failure)
[229.427s][info][gc,heap        ] GC(1029) PSYoungGen: 380928K(380928K)->1024K(373248K) Eden: 379904K(379904K)->0K(372224K) From: 1024K(1024K)->1024K(1024K)
[229.427s][info][gc,heap        ] GC(1029) ParOldGen: 9954K(1398272K)->10058K(1398272K)
[229.427s][info][gc,metaspace   ] GC(1029) Metaspace: 14360K(15360K)->14360K(15360K) NonClass: 12391K(12992K)->12391K(12992K) Class: 1969K(2368K)->1969K(2368K)
[229.427s][info][gc             ] GC(1029) Pause Young (Allocation Failure) 381M->10M(1730M) 2.648ms
[229.427s][info][gc,cpu         ] GC(1029) User=0.00s Sys=0.00s Real=0.00s
[229.683s][info][gc,start       ] GC(1030) Pause Young (Allocation Failure)
[229.685s][info][gc,heap        ] GC(1030) PSYoungGen: 373248K(373248K)->1024K(365568K) Eden: 372224K(372224K)->0K(364544K) From: 1024K(1024K)->1024K(1024K)
[229.685s][info][gc,heap        ] GC(1030) ParOldGen: 10058K(1398272K)->10162K(1398272K)
[229.685s][info][gc,metaspace   ] GC(1030) Metaspace: 14360K(15360K)->14360K(15360K) NonClass: 12391K(12992K)->12391K(12992K) Class: 1969K(2368K)->1969K(2368K)
[229.685s][info][gc             ] GC(1030) Pause Young (Allocation Failure) 374M->10M(1722M) 2.728ms
[229.685s][info][gc,cpu         ] GC(1030) User=0.00s Sys=0.00s Real=0.00s
[229.934s][info][gc,start       ] GC(1031) Pause Young (Allocation Failure)
[229.936s][info][gc,heap        ] GC(1031) PSYoungGen: 365568K(365568K)->992K(358400K) Eden: 364544K(364544K)->0K(357376K) From: 1024K(1024K)->992K(1024K)
[229.936s][info][gc,heap        ] GC(1031) ParOldGen: 10162K(1398272K)->10258K(1398272K)
[229.936s][info][gc,metaspace   ] GC(1031) Metaspace: 14360K(15360K)->14360K(15360K) NonClass: 12391K(12992K)->12391K(12992K) Class: 1969K(2368K)->1969K(2368K)
[229.936s][info][gc             ] GC(1031) Pause Young (Allocation Failure) 366M->10M(1715M) 2.694ms
[229.936s][info][gc,cpu         ] GC(1031) User=0.52s Sys=0.00s Real=0.00s
[230.178s][info][gc,start       ] GC(1032) Pause Young (Allocation Failure)
[230.180s][info][gc,heap        ] GC(1032) PSYoungGen: 358368K(358400K)->1024K(351232K) Eden: 357376K(357376K)->0K(350208K) From: 992K(1024K)->1024K(1024K)
[230.180s][info][gc,heap        ] GC(1032) ParOldGen: 10258K(1398272K)->10346K(1398272K)
[230.180s][info][gc,metaspace   ] GC(1032) Metaspace: 14360K(15360K)->14360K(15360K) NonClass: 12391K(12992K)->12391K(12992K) Class: 1969K(2368K)->1969K(2368K)
[230.180s][info][gc             ] GC(1032) Pause Young (Allocation Failure) 359M->11M(1708M) 2.809ms
[230.180s][info][gc,cpu         ] GC(1032) User=0.00s Sys=0.00s Real=0.00s
[230.417s][info][gc,start       ] GC(1033) Pause Young (Allocation Failure)
[230.420s][info][gc,heap        ] GC(1033) PSYoungGen: 351232K(351232K)->1024K(421376K) Eden: 350208K(350208K)->0K(420352K) From: 1024K(1024K)->1024K(1024K)
[230.420s][info][gc,heap        ] GC(1033) ParOldGen: 10346K(1398272K)->10450K(1398272K)
[230.420s][info][gc,metaspace   ] GC(1033) Metaspace: 14360K(15360K)->14360K(15360K) NonClass: 12391K(12992K)->12391K(12992K) Class: 1969K(2368K)->1969K(2368K)
[230.420s][info][gc             ] GC(1033) Pause Young (Allocation Failure) 353M->11M(1777M) 2.767ms
[230.420s][info][gc,cpu         ] GC(1033) User=0.00s Sys=0.00s Real=0.00s
[230.708s][info][gc,start       ] GC(1034) Pause Young (Allocation Failure)
[230.711s][info][gc,heap        ] GC(1034) PSYoungGen: 421376K(421376K)->1024K(412160K) Eden: 420352K(420352K)->0K(411136K) From: 1024K(1024K)->1024K(1024K)
[230.711s][info][gc,heap        ] GC(1034) ParOldGen: 10450K(1398272K)->10554K(1398272K)
[230.711s][info][gc,metaspace   ] GC(1034) Metaspace: 14360K(15360K)->14360K(15360K) NonClass: 12391K(12992K)->12391K(12992K) Class: 1969K(2368K)->1969K(2368K)
[230.711s][info][gc             ] GC(1034) Pause Young (Allocation Failure) 421M->11M(1768M) 2.838ms
[230.711s][info][gc,cpu         ] GC(1034) User=0.00s Sys=0.00s Real=0.00s
[230.992s][info][gc,start       ] GC(1035) Pause Young (Allocation Failure)
[230.995s][info][gc,heap        ] GC(1035) PSYoungGen: 412160K(412160K)->1024K(403456K) Eden: 411136K(411136K)->0K(402432K) From: 1024K(1024K)->1024K(1024K)
[230.995s][info][gc,heap        ] GC(1035) ParOldGen: 10554K(1398272K)->10658K(1398272K)
[230.995s][info][gc,metaspace   ] GC(1035) Metaspace: 14360K(15360K)->14360K(15360K) NonClass: 12391K(12992K)->12391K(12992K) Class: 1969K(2368K)->1969K(2368K)
[230.995s][info][gc             ] GC(1035) Pause Young (Allocation Failure) 412M->11M(1759M) 2.953ms
[230.995s][info][gc,cpu         ] GC(1035) User=0.00s Sys=0.00s Real=0.00s
[231.348s][info][gc,start       ] GC(1036) Pause Young (Allocation Failure)
[231.351s][info][gc,heap        ] GC(1036) PSYoungGen: 403456K(403456K)->1024K(394752K) Eden: 402432K(402432K)->0K(393728K) From: 1024K(1024K)->1024K(1024K)
[231.351s][info][gc,heap        ] GC(1036) ParOldGen: 10658K(1398272K)->10774K(1398272K)
[231.351s][info][gc,metaspace   ] GC(1036) Metaspace: 14360K(15360K)->14360K(15360K) NonClass: 12391K(12992K)->12391K(12992K) Class: 1969K(2368K)->1969K(2368K)
[231.351s][info][gc             ] GC(1036) Pause Young (Allocation Failure) 404M->11M(1751M) 3.604ms
[231.351s][info][gc,cpu         ] GC(1036) User=0.00s Sys=0.00s Real=0.00s
[231.636s][info][gc,start       ] GC(1037) Pause Young (Allocation Failure)
[231.639s][info][gc,heap        ] GC(1037) PSYoungGen: 394752K(394752K)->1024K(386560K) Eden: 393728K(393728K)->0K(385536K) From: 1024K(1024K)->1024K(1024K)
[231.639s][info][gc,heap        ] GC(1037) ParOldGen: 10774K(1398272K)->10870K(1398272K)
[231.639s][info][gc,metaspace   ] GC(1037) Metaspace: 14360K(15360K)->14360K(15360K) NonClass: 12391K(12992K)->12391K(12992K) Class: 1969K(2368K)->1969K(2368K)
[231.639s][info][gc             ] GC(1037) Pause Young (Allocation Failure) 396M->11M(1743M) 2.751ms
[231.639s][info][gc,cpu         ] GC(1037) User=0.00s Sys=0.02s Real=0.00s
[231.931s][info][gc,start       ] GC(1038) Pause Young (Allocation Failure)
[231.933s][info][gc,heap        ] GC(1038) PSYoungGen: 386560K(386560K)->1024K(378880K) Eden: 385536K(385536K)->0K(377856K) From: 1024K(1024K)->1024K(1024K)
[231.933s][info][gc,heap        ] GC(1038) ParOldGen: 10870K(1398272K)->10966K(1398272K)
[231.933s][info][gc,metaspace   ] GC(1038) Metaspace: 14360K(15360K)->14360K(15360K) NonClass: 12391K(12992K)->12391K(12992K) Class: 1969K(2368K)->1969K(2368K)
[231.933s][info][gc             ] GC(1038) Pause Young (Allocation Failure) 388M->11M(1735M) 2.614ms
[231.933s][info][gc,cpu         ] GC(1038) User=0.00s Sys=0.00s Real=0.00s
[232.191s][info][gc,start       ] GC(1039) Pause Young (Allocation Failure)
[232.194s][info][gc,heap        ] GC(1039) PSYoungGen: 378880K(378880K)->1024K(371200K) Eden: 377856K(377856K)->0K(370176K) From: 1024K(1024K)->1024K(1024K)
[232.194s][info][gc,heap        ] GC(1039) ParOldGen: 10966K(1398272K)->11094K(1398272K)
[232.194s][info][gc,metaspace   ] GC(1039) Metaspace: 14360K(15360K)->14360K(15360K) NonClass: 12391K(12992K)->12391K(12992K) Class: 1969K(2368K)->1969K(2368K)
[232.194s][info][gc             ] GC(1039) Pause Young (Allocation Failure) 380M->11M(1728M) 2.624ms
[232.194s][info][gc,cpu         ] GC(1039) User=0.00s Sys=0.00s Real=0.00s
[232.445s][info][gc,start       ] GC(1040) Pause Young (Allocation Failure)
[232.448s][info][gc,heap        ] GC(1040) PSYoungGen: 371200K(371200K)->1024K(364032K) Eden: 370176K(370176K)->0K(363008K) From: 1024K(1024K)->1024K(1024K)
[232.448s][info][gc,heap        ] GC(1040) ParOldGen: 11094K(1398272K)->11190K(1398272K)
[232.448s][info][gc,metaspace   ] GC(1040) Metaspace: 14360K(15360K)->14360K(15360K) NonClass: 12391K(12992K)->12391K(12992K) Class: 1969K(2368K)->1969K(2368K)
[232.448s][info][gc             ] GC(1040) Pause Young (Allocation Failure) 373M->11M(1721M) 2.656ms
[232.448s][info][gc,cpu         ] GC(1040) User=0.00s Sys=0.00s Real=0.00s
[232.690s][info][gc,start       ] GC(1041) Pause Young (Allocation Failure)
[232.692s][info][gc,heap        ] GC(1041) PSYoungGen: 364032K(364032K)->1024K(356864K) Eden: 363008K(363008K)->0K(355840K) From: 1024K(1024K)->1024K(1024K)
[232.692s][info][gc,heap        ] GC(1041) ParOldGen: 11190K(1398272K)->11294K(1398272K)
[232.692s][info][gc,metaspace   ] GC(1041) Metaspace: 14360K(15360K)->14360K(15360K) NonClass: 12391K(12992K)->12391K(12992K) Class: 1969K(2368K)->1969K(2368K)
[232.692s][info][gc             ] GC(1041) Pause Young (Allocation Failure) 366M->12M(1714M) 2.642ms
[232.692s][info][gc,cpu         ] GC(1041) User=0.00s Sys=0.00s Real=0.00s
[232.930s][info][gc,start       ] GC(1042) Pause Young (Allocation Failure)
[232.933s][info][gc,heap        ] GC(1042) PSYoungGen: 356864K(356864K)->1024K(349696K) Eden: 355840K(355840K)->0K(348672K) From: 1024K(1024K)->1024K(1024K)
[232.933s][info][gc,heap        ] GC(1042) ParOldGen: 11294K(1398272K)->11382K(1398272K)
[232.933s][info][gc,metaspace   ] GC(1042) Metaspace: 14360K(15360K)->14360K(15360K) NonClass: 12391K(12992K)->12391K(12992K) Class: 1969K(2368K)->1969K(2368K)
[232.933s][info][gc             ] GC(1042) Pause Young (Allocation Failure) 359M->12M(1707M) 2.700ms
[232.933s][info][gc,cpu         ] GC(1042) User=0.00s Sys=0.00s Real=0.00s
[233.157s][info][gc,start       ] GC(1043) Pause Young (Allocation Failure)
[233.160s][info][gc,heap        ] GC(1043) PSYoungGen: 349696K(349696K)->1024K(343040K) Eden: 348672K(348672K)->0K(342016K) From: 1024K(1024K)->1024K(1024K)
[233.160s][info][gc,heap        ] GC(1043) ParOldGen: 11382K(1398272K)->11518K(1398272K)
[233.160s][info][gc,metaspace   ] GC(1043) Metaspace: 14360K(15360K)->14360K(15360K) NonClass: 12391K(12992K)->12391K(12992K) Class: 1969K(2368K)->1969K(2368K)
[233.160s][info][gc             ] GC(1043) Pause Young (Allocation Failure) 352M->12M(1700M) 2.787ms
[233.160s][info][gc,cpu         ] GC(1043) User=0.00s Sys=0.00s Real=0.00s
[233.376s][info][gc,start       ] GC(1044) Pause Young (Allocation Failure)
[233.378s][info][gc,heap        ] GC(1044) PSYoungGen: 343040K(343040K)->960K(411648K) Eden: 342016K(342016K)->0K(410624K) From: 1024K(1024K)->960K(1024K)
[233.378s][info][gc,heap        ] GC(1044) ParOldGen: 11518K(1398272K)->11614K(1398272K)
[233.378s][info][gc,metaspace   ] GC(1044) Metaspace: 14360K(15360K)->14360K(15360K) NonClass: 12391K(12992K)->12391K(12992K) Class: 1969K(2368K)->1969K(2368K)
[233.378s][info][gc             ] GC(1044) Pause Young (Allocation Failure) 346M->12M(1767M) 2.836ms
[233.378s][info][gc,cpu         ] GC(1044) User=0.00s Sys=0.00s Real=0.00s
[233.575s][info][gc,start       ] GC(1045) Pause Young (Allocation Failure)
[233.578s][info][gc,heap        ] GC(1045) PSYoungGen: 411584K(411648K)->768K(494080K) Eden: 410624K(410624K)->0K(493056K) From: 960K(1024K)->768K(1024K)
[233.578s][info][gc,heap        ] GC(1045) ParOldGen: 11614K(1398272K)->11702K(1398272K)
[233.578s][info][gc,metaspace   ] GC(1045) Metaspace: 14360K(15360K)->14360K(15360K) NonClass: 12391K(12992K)->12391K(12992K) Class: 1969K(2368K)->1969K(2368K)
[233.578s][info][gc             ] GC(1045) Pause Young (Allocation Failure) 413M->12M(1848M) 2.820ms
[233.578s][info][gc,cpu         ] GC(1045) User=0.52s Sys=0.00s Real=0.00s
[233.943s][info][gc,start       ] GC(1046) Pause Young (System.gc())
[233.947s][info][gc,heap        ] GC(1046) PSYoungGen: 483007K(494080K)->544K(494080K) Eden: 482239K(493056K)->0K(493056K) From: 768K(1024K)->544K(1024K)
[233.947s][info][gc,heap        ] GC(1046) ParOldGen: 11702K(1398272K)->11782K(1398272K)
[233.947s][info][gc,metaspace   ] GC(1046) Metaspace: 14360K(15360K)->14360K(15360K) NonClass: 12391K(12992K)->12391K(12992K) Class: 1969K(2368K)->1969K(2368K)
[233.947s][info][gc             ] GC(1046) Pause Young (System.gc()) 483M->12M(1848M) 4.409ms
[233.947s][info][gc,cpu         ] GC(1046) User=0.00s Sys=0.00s Real=0.00s
[233.947s][info][gc,start       ] GC(1047) Pause Full (System.gc())
[233.947s][info][gc,phases,start] GC(1047) Marking Phase
[233.961s][info][gc,phases      ] GC(1047) Marking Phase 13.997ms
[233.961s][info][gc,phases,start] GC(1047) Summary Phase
[233.961s][info][gc,phases      ] GC(1047) Summary Phase 0.026ms
[233.961s][info][gc,phases,start] GC(1047) Adjust Roots
[233.967s][info][gc,phases      ] GC(1047) Adjust Roots 5.901ms
[233.967s][info][gc,phases,start] GC(1047) Compaction Phase
[233.969s][info][gc,phases      ] GC(1047) Compaction Phase 1.940ms
[233.969s][info][gc,phases,start] GC(1047) Post Compact
[233.970s][info][gc,phases      ] GC(1047) Post Compact 0.564ms
[233.970s][info][gc,heap        ] GC(1047) PSYoungGen: 544K(494080K)->0K(494080K) Eden: 0K(493056K)->0K(493056K) From: 544K(1024K)->0K(1024K)
[233.970s][info][gc,heap        ] GC(1047) ParOldGen: 11782K(1398272K)->5386K(1398272K)
[233.970s][info][gc,metaspace   ] GC(1047) Metaspace: 14360K(15360K)->14360K(15360K) NonClass: 12391K(12992K)->12391K(12992K) Class: 1969K(2368K)->1969K(2368K)
[233.970s][info][gc             ] GC(1047) Pause Full (System.gc()) 12M->5M(1848M) 22.765ms
[233.970s][info][gc,cpu         ] GC(1047) User=0.02s Sys=0.00s Real=0.02s
[234.384s][info][gc,start       ] GC(1048) Pause Young (Allocation Failure)
[234.387s][info][gc,heap        ] GC(1048) PSYoungGen: 493056K(494080K)->1536K(482816K) Eden: 493056K(493056K)->0K(481280K) From: 0K(1024K)->1536K(1536K)
[234.387s][info][gc,heap        ] GC(1048) ParOldGen: 5386K(1398272K)->5674K(1398272K)
[234.387s][info][gc,metaspace   ] GC(1048) Metaspace: 14360K(15360K)->14360K(15360K) NonClass: 12391K(12992K)->12391K(12992K) Class: 1969K(2368K)->1969K(2368K)
[234.387s][info][gc             ] GC(1048) Pause Young (Allocation Failure) 486M->7M(1837M) 3.007ms
[234.387s][info][gc,cpu         ] GC(1048) User=0.00s Sys=0.00s Real=0.00s
[234.685s][info][gc,start       ] GC(1049) Pause Young (Allocation Failure)
[234.688s][info][gc,heap        ] GC(1049) PSYoungGen: 482816K(482816K)->1056K(471552K) Eden: 481280K(481280K)->0K(470016K) From: 1536K(1536K)->1056K(1536K)
[234.688s][info][gc,heap        ] GC(1049) ParOldGen: 5674K(1398272K)->7157K(1398272K)
[234.688s][info][gc,metaspace   ] GC(1049) Metaspace: 14360K(15360K)->14360K(15360K) NonClass: 12391K(12992K)->12391K(12992K) Class: 1969K(2368K)->1969K(2368K)
[234.688s][info][gc             ] GC(1049) Pause Young (Allocation Failure) 477M->8M(1826M) 2.960ms
[234.688s][info][gc,cpu         ] GC(1049) User=0.52s Sys=0.00s Real=0.00s
[235.011s][info][gc,start       ] GC(1050) Pause Young (Allocation Failure)
[235.014s][info][gc,heap        ] GC(1050) PSYoungGen: 471072K(471552K)->512K(459776K) Eden: 470016K(470016K)->0K(459264K) From: 1056K(1536K)->512K(512K)
[235.014s][info][gc,heap        ] GC(1050) ParOldGen: 7157K(1398272K)->7357K(1398272K)
[235.014s][info][gc,metaspace   ] GC(1050) Metaspace: 14360K(15360K)->14360K(15360K) NonClass: 12391K(12992K)->12391K(12992K) Class: 1969K(2368K)->1969K(2368K)
[235.014s][info][gc             ] GC(1050) Pause Young (Allocation Failure) 467M->7M(1814M) 2.615ms
[235.014s][info][gc,cpu         ] GC(1050) User=0.00s Sys=0.00s Real=0.00s
[235.310s][info][gc,start       ] GC(1051) Pause Young (Allocation Failure)
[235.313s][info][gc,heap        ] GC(1051) PSYoungGen: 459776K(459776K)->992K(450560K) Eden: 459264K(459264K)->0K(449024K) From: 512K(512K)->992K(1536K)
[235.313s][info][gc,heap        ] GC(1051) ParOldGen: 7357K(1398272K)->7485K(1398272K)
[235.313s][info][gc,metaspace   ] GC(1051) Metaspace: 14360K(15360K)->14360K(15360K) NonClass: 12391K(12992K)->12391K(12992K) Class: 1969K(2368K)->1969K(2368K)
[235.313s][info][gc             ] GC(1051) Pause Young (Allocation Failure) 456M->8M(1805M) 2.630ms
[235.313s][info][gc,cpu         ] GC(1051) User=0.52s Sys=0.00s Real=0.00s
[235.606s][info][gc,start       ] GC(1052) Pause Young (Allocation Failure)
[235.608s][info][gc,heap        ] GC(1052) PSYoungGen: 450016K(450560K)->992K(439808K) Eden: 449024K(449024K)->0K(438784K) From: 992K(1536K)->992K(1024K)
[235.608s][info][gc,heap        ] GC(1052) ParOldGen: 7485K(1398272K)->7637K(1398272K)
[235.608s][info][gc,metaspace   ] GC(1052) Metaspace: 14360K(15360K)->14360K(15360K) NonClass: 12391K(12992K)->12391K(12992K) Class: 1969K(2368K)->1969K(2368K)
[235.608s][info][gc             ] GC(1052) Pause Young (Allocation Failure) 446M->8M(1795M) 2.763ms
[235.608s][info][gc,cpu         ] GC(1052) User=0.52s Sys=0.00s Real=0.00s
[235.893s][info][gc,start       ] GC(1053) Pause Young (Allocation Failure)
[235.895s][info][gc,heap        ] GC(1053) PSYoungGen: 439776K(439808K)->1024K(430080K) Eden: 438784K(438784K)->0K(429056K) From: 992K(1024K)->1024K(1024K)
[235.896s][info][gc,heap        ] GC(1053) ParOldGen: 7637K(1398272K)->7741K(1398272K)
[235.896s][info][gc,metaspace   ] GC(1053) Metaspace: 14360K(15360K)->14360K(15360K) NonClass: 12391K(12992K)->12391K(12992K) Class: 1969K(2368K)->1969K(2368K)
[235.896s][info][gc             ] GC(1053) Pause Young (Allocation Failure) 436M->8M(1785M) 2.780ms
[235.896s][info][gc,cpu         ] GC(1053) User=0.00s Sys=0.00s Real=0.00s
[236.175s][info][gc,start       ] GC(1054) Pause Young (Allocation Failure)
[236.177s][info][gc,heap        ] GC(1054) PSYoungGen: 430080K(430080K)->1024K(420864K) Eden: 429056K(429056K)->0K(419840K) From: 1024K(1024K)->1024K(1024K)
[236.177s][info][gc,heap        ] GC(1054) ParOldGen: 7741K(1398272K)->7837K(1398272K)
[236.177s][info][gc,metaspace   ] GC(1054) Metaspace: 14360K(15360K)->14360K(15360K) NonClass: 12391K(12992K)->12391K(12992K) Class: 1969K(2368K)->1969K(2368K)
[236.177s][info][gc             ] GC(1054) Pause Young (Allocation Failure) 427M->8M(1776M) 2.828ms
[236.178s][info][gc,cpu         ] GC(1054) User=0.00s Sys=0.00s Real=0.00s
[236.452s][info][gc,start       ] GC(1055) Pause Young (Allocation Failure)
[236.454s][info][gc,heap        ] GC(1055) PSYoungGen: 420864K(420864K)->992K(411648K) Eden: 419840K(419840K)->0K(410624K) From: 1024K(1024K)->992K(1024K)
[236.454s][info][gc,heap        ] GC(1055) ParOldGen: 7837K(1398272K)->7965K(1398272K)
[236.454s][info][gc,metaspace   ] GC(1055) Metaspace: 14360K(15360K)->14360K(15360K) NonClass: 12391K(12992K)->12391K(12992K) Class: 1969K(2368K)->1969K(2368K)
[236.454s][info][gc             ] GC(1055) Pause Young (Allocation Failure) 418M->8M(1767M) 2.844ms
[236.454s][info][gc,cpu         ] GC(1055) User=0.00s Sys=0.00s Real=0.00s
[236.721s][info][gc,start       ] GC(1056) Pause Young (Allocation Failure)
[236.724s][info][gc,heap        ] GC(1056) PSYoungGen: 411616K(411648K)->1024K(402944K) Eden: 410624K(410624K)->0K(401920K) From: 992K(1024K)->1024K(1024K)
[236.724s][info][gc,heap        ] GC(1056) ParOldGen: 7965K(1398272K)->8085K(1398272K)
[236.724s][info][gc,metaspace   ] GC(1056) Metaspace: 14360K(15360K)->14360K(15360K) NonClass: 12391K(12992K)->12391K(12992K) Class: 1969K(2368K)->1969K(2368K)
[236.724s][info][gc             ] GC(1056) Pause Young (Allocation Failure) 409M->8M(1759M) 2.876ms
[236.724s][info][gc,cpu         ] GC(1056) User=0.00s Sys=0.00s Real=0.00s
[236.987s][info][gc,start       ] GC(1057) Pause Young (Allocation Failure)
[236.990s][info][gc,heap        ] GC(1057) PSYoungGen: 402944K(402944K)->1024K(394240K) Eden: 401920K(401920K)->0K(393216K) From: 1024K(1024K)->1024K(1024K)
[236.990s][info][gc,heap        ] GC(1057) ParOldGen: 8085K(1398272K)->8165K(1398272K)
[236.990s][info][gc,metaspace   ] GC(1057) Metaspace: 14360K(15360K)->14360K(15360K) NonClass: 12391K(12992K)->12391K(12992K) Class: 1969K(2368K)->1969K(2368K)
[236.990s][info][gc             ] GC(1057) Pause Young (Allocation Failure) 401M->8M(1750M) 2.892ms
[236.990s][info][gc,cpu         ] GC(1057) User=0.00s Sys=0.00s Real=0.00s
[237.257s][info][gc,start       ] GC(1058) Pause Young (Allocation Failure)
[237.260s][info][gc,heap        ] GC(1058) PSYoungGen: 394240K(394240K)->1024K(386048K) Eden: 393216K(393216K)->0K(385024K) From: 1024K(1024K)->1024K(1024K)
[237.260s][info][gc,heap        ] GC(1058) ParOldGen: 8165K(1398272K)->8277K(1398272K)
[237.260s][info][gc,metaspace   ] GC(1058) Metaspace: 14360K(15360K)->14360K(15360K) NonClass: 12391K(12992K)->12391K(12992K) Class: 1969K(2368K)->1969K(2368K)
[237.260s][info][gc             ] GC(1058) Pause Young (Allocation Failure) 392M->9M(1742M) 2.650ms
[237.260s][info][gc,cpu         ] GC(1058) User=0.00s Sys=0.00s Real=0.00s
[237.541s][info][gc,start       ] GC(1059) Pause Young (Allocation Failure)
[237.544s][info][gc,heap        ] GC(1059) PSYoungGen: 386048K(386048K)->1024K(378368K) Eden: 385024K(385024K)->0K(377344K) From: 1024K(1024K)->1024K(1024K)
[237.544s][info][gc,heap        ] GC(1059) ParOldGen: 8277K(1398272K)->8365K(1398272K)
[237.544s][info][gc,metaspace   ] GC(1059) Metaspace: 14360K(15360K)->14360K(15360K) NonClass: 12391K(12992K)->12391K(12992K) Class: 1969K(2368K)->1969K(2368K)
[237.544s][info][gc             ] GC(1059) Pause Young (Allocation Failure) 385M->9M(1735M) 2.569ms
[237.544s][info][gc,cpu         ] GC(1059) User=0.00s Sys=0.00s Real=0.00s
[237.786s][info][gc,start       ] GC(1060) Pause Young (Allocation Failure)
[237.789s][info][gc,heap        ] GC(1060) PSYoungGen: 378368K(378368K)->1024K(370688K) Eden: 377344K(377344K)->0K(369664K) From: 1024K(1024K)->1024K(1024K)
[237.789s][info][gc,heap        ] GC(1060) ParOldGen: 8365K(1398272K)->8485K(1398272K)
[237.789s][info][gc,metaspace   ] GC(1060) Metaspace: 14360K(15360K)->14360K(15360K) NonClass: 12391K(12992K)->12391K(12992K) Class: 1969K(2368K)->1969K(2368K)
[237.789s][info][gc             ] GC(1060) Pause Young (Allocation Failure) 377M->9M(1727M) 2.592ms
[237.789s][info][gc,cpu         ] GC(1060) User=0.00s Sys=0.00s Real=0.00s
[238.025s][info][gc,start       ] GC(1061) Pause Young (Allocation Failure)
[238.028s][info][gc,heap        ] GC(1061) PSYoungGen: 370688K(370688K)->1024K(363520K) Eden: 369664K(369664K)->0K(362496K) From: 1024K(1024K)->1024K(1024K)
[238.028s][info][gc,heap        ] GC(1061) ParOldGen: 8485K(1398272K)->8613K(1398272K)
[238.028s][info][gc,metaspace   ] GC(1061) Metaspace: 14360K(15360K)->14360K(15360K) NonClass: 12391K(12992K)->12391K(12992K) Class: 1969K(2368K)->1969K(2368K)
[238.028s][info][gc             ] GC(1061) Pause Young (Allocation Failure) 370M->9M(1720M) 2.589ms
[238.028s][info][gc,cpu         ] GC(1061) User=0.00s Sys=0.00s Real=0.00s
[238.265s][info][gc,start       ] GC(1062) Pause Young (Allocation Failure)
[238.268s][info][gc,heap        ] GC(1062) PSYoungGen: 363520K(363520K)->1024K(356352K) Eden: 362496K(362496K)->0K(355328K) From: 1024K(1024K)->1024K(1024K)
[238.268s][info][gc,heap        ] GC(1062) ParOldGen: 8613K(1398272K)->8693K(1398272K)
[238.268s][info][gc,metaspace   ] GC(1062) Metaspace: 14360K(15360K)->14360K(15360K) NonClass: 12391K(12992K)->12391K(12992K) Class: 1969K(2368K)->1969K(2368K)
[238.268s][info][gc             ] GC(1062) Pause Young (Allocation Failure) 363M->9M(1713M) 2.627ms
[238.268s][info][gc,cpu         ] GC(1062) User=0.00s Sys=0.00s Real=0.00s
[238.498s][info][gc,start       ] GC(1063) Pause Young (Allocation Failure)
[238.501s][info][gc,heap        ] GC(1063) PSYoungGen: 356352K(356352K)->992K(349184K) Eden: 355328K(355328K)->0K(348160K) From: 1024K(1024K)->992K(1024K)
[238.501s][info][gc,heap        ] GC(1063) ParOldGen: 8693K(1398272K)->8789K(1398272K)
[238.501s][info][gc,metaspace   ] GC(1063) Metaspace: 14360K(15360K)->14360K(15360K) NonClass: 12391K(12992K)->12391K(12992K) Class: 1969K(2368K)->1969K(2368K)
[238.501s][info][gc             ] GC(1063) Pause Young (Allocation Failure) 356M->9M(1706M) 2.605ms
[238.501s][info][gc,cpu         ] GC(1063) User=0.52s Sys=0.00s Real=0.00s
[238.728s][info][gc,start       ] GC(1064) Pause Young (Allocation Failure)
[238.731s][info][gc,heap        ] GC(1064) PSYoungGen: 349152K(349184K)->992K(342528K) Eden: 348160K(348160K)->0K(341504K) From: 992K(1024K)->992K(1024K)
[238.731s][info][gc,heap        ] GC(1064) ParOldGen: 8789K(1398272K)->8901K(1398272K)
[238.731s][info][gc,metaspace   ] GC(1064) Metaspace: 14360K(15360K)->14360K(15360K) NonClass: 12391K(12992K)->12391K(12992K) Class: 1969K(2368K)->1969K(2368K)
[238.731s][info][gc             ] GC(1064) Pause Young (Allocation Failure) 349M->9M(1700M) 2.639ms
[238.731s][info][gc,cpu         ] GC(1064) User=0.00s Sys=0.00s Real=0.00s
[238.953s][info][gc,start       ] GC(1065) Pause Young (Allocation Failure)
[238.955s][info][gc,heap        ] GC(1065) PSYoungGen: 342496K(342528K)->1024K(411136K) Eden: 341504K(341504K)->0K(410112K) From: 992K(1024K)->1024K(1024K)
[238.955s][info][gc,heap        ] GC(1065) ParOldGen: 8901K(1398272K)->9021K(1398272K)
[238.955s][info][gc,metaspace   ] GC(1065) Metaspace: 14360K(15360K)->14360K(15360K) NonClass: 12391K(12992K)->12391K(12992K) Class: 1969K(2368K)->1969K(2368K)
[238.955s][info][gc             ] GC(1065) Pause Young (Allocation Failure) 343M->9M(1767M) 2.695ms
[238.955s][info][gc,cpu         ] GC(1065) User=0.00s Sys=0.00s Real=0.00s
[239.220s][info][gc,start       ] GC(1066) Pause Young (Allocation Failure)
[239.223s][info][gc,heap        ] GC(1066) PSYoungGen: 411136K(411136K)->992K(402432K) Eden: 410112K(410112K)->0K(401408K) From: 1024K(1024K)->992K(1024K)
[239.223s][info][gc,heap        ] GC(1066) ParOldGen: 9021K(1398272K)->9109K(1398272K)
[239.223s][info][gc,metaspace   ] GC(1066) Metaspace: 14360K(15360K)->14360K(15360K) NonClass: 12391K(12992K)->12391K(12992K) Class: 1969K(2368K)->1969K(2368K)
[239.223s][info][gc             ] GC(1066) Pause Young (Allocation Failure) 410M->9M(1758M) 2.821ms
[239.223s][info][gc,cpu         ] GC(1066) User=0.00s Sys=0.00s Real=0.00s
[239.483s][info][gc,start       ] GC(1067) Pause Young (Allocation Failure)
[239.486s][info][gc,heap        ] GC(1067) PSYoungGen: 402400K(402432K)->1024K(394240K) Eden: 401408K(401408K)->0K(393216K) From: 992K(1024K)->1024K(1024K)
[239.486s][info][gc,heap        ] GC(1067) ParOldGen: 9109K(1398272K)->9205K(1398272K)
[239.486s][info][gc,metaspace   ] GC(1067) Metaspace: 14360K(15360K)->14360K(15360K) NonClass: 12391K(12992K)->12391K(12992K) Class: 1969K(2368K)->1969K(2368K)
[239.486s][info][gc             ] GC(1067) Pause Young (Allocation Failure) 401M->9M(1750M) 2.805ms
[239.486s][info][gc,cpu         ] GC(1067) User=0.00s Sys=0.00s Real=0.00s
[239.797s][info][gc,start       ] GC(1068) Pause Young (Allocation Failure)
[239.800s][info][gc,heap        ] GC(1068) PSYoungGen: 394240K(394240K)->1024K(386048K) Eden: 393216K(393216K)->0K(385024K) From: 1024K(1024K)->1024K(1024K)
[239.800s][info][gc,heap        ] GC(1068) ParOldGen: 9205K(1398272K)->9301K(1398272K)
[239.800s][info][gc,metaspace   ] GC(1068) Metaspace: 14360K(15360K)->14360K(15360K) NonClass: 12391K(12992K)->12391K(12992K) Class: 1969K(2368K)->1969K(2368K)
[239.800s][info][gc             ] GC(1068) Pause Young (Allocation Failure) 393M->10M(1742M) 3.562ms
[239.800s][info][gc,cpu         ] GC(1068) User=0.00s Sys=0.00s Real=0.00s
[240.074s][info][gc,start       ] GC(1069) Pause Young (Allocation Failure)
[240.077s][info][gc,heap        ] GC(1069) PSYoungGen: 386048K(386048K)->1024K(378368K) Eden: 385024K(385024K)->0K(377344K) From: 1024K(1024K)->1024K(1024K)
[240.077s][info][gc,heap        ] GC(1069) ParOldGen: 9301K(1398272K)->9429K(1398272K)
[240.077s][info][gc,metaspace   ] GC(1069) Metaspace: 14360K(15360K)->14360K(15360K) NonClass: 12391K(12992K)->12391K(12992K) Class: 1969K(2368K)->1969K(2368K)
[240.077s][info][gc             ] GC(1069) Pause Young (Allocation Failure) 386M->10M(1735M) 2.699ms
[240.077s][info][gc,cpu         ] GC(1069) User=0.52s Sys=0.00s Real=0.00s
[240.357s][info][gc,start       ] GC(1070) Pause Young (Allocation Failure)
[240.359s][info][gc,heap        ] GC(1070) PSYoungGen: 378368K(378368K)->960K(370688K) Eden: 377344K(377344K)->0K(369664K) From: 1024K(1024K)->960K(1024K)
[240.359s][info][gc,heap        ] GC(1070) ParOldGen: 9429K(1398272K)->9549K(1398272K)
[240.359s][info][gc,metaspace   ] GC(1070) Metaspace: 14360K(15360K)->14360K(15360K) NonClass: 12391K(12992K)->12391K(12992K) Class: 1969K(2368K)->1969K(2368K)
[240.359s][info][gc             ] GC(1070) Pause Young (Allocation Failure) 378M->10M(1727M) 2.504ms
[240.359s][info][gc,cpu         ] GC(1070) User=0.52s Sys=0.00s Real=0.00s
[240.599s][info][gc,start       ] GC(1071) Pause Young (Allocation Failure)
[240.602s][info][gc,heap        ] GC(1071) PSYoungGen: 370624K(370688K)->1024K(363520K) Eden: 369664K(369664K)->0K(362496K) From: 960K(1024K)->1024K(1024K)
[240.602s][info][gc,heap        ] GC(1071) ParOldGen: 9549K(1398272K)->9669K(1398272K)
[240.602s][info][gc,metaspace   ] GC(1071) Metaspace: 14360K(15360K)->14360K(15360K) NonClass: 12391K(12992K)->12391K(12992K) Class: 1969K(2368K)->1969K(2368K)
[240.602s][info][gc             ] GC(1071) Pause Young (Allocation Failure) 371M->10M(1720M) 2.538ms
[240.602s][info][gc,cpu         ] GC(1071) User=0.00s Sys=0.00s Real=0.00s
[240.836s][info][gc,start       ] GC(1072) Pause Young (Allocation Failure)
[240.839s][info][gc,heap        ] GC(1072) PSYoungGen: 363520K(363520K)->1024K(356352K) Eden: 362496K(362496K)->0K(355328K) From: 1024K(1024K)->1024K(1024K)
[240.839s][info][gc,heap        ] GC(1072) ParOldGen: 9669K(1398272K)->9757K(1398272K)
[240.839s][info][gc,metaspace   ] GC(1072) Metaspace: 14360K(15360K)->14360K(15360K) NonClass: 12391K(12992K)->12391K(12992K) Class: 1969K(2368K)->1969K(2368K)
[240.839s][info][gc             ] GC(1072) Pause Young (Allocation Failure) 364M->10M(1713M) 2.501ms
[240.839s][info][gc,cpu         ] GC(1072) User=0.00s Sys=0.00s Real=0.00s
[241.068s][info][gc,start       ] GC(1073) Pause Young (Allocation Failure)
[241.071s][info][gc,heap        ] GC(1073) PSYoungGen: 356352K(356352K)->1024K(349184K) Eden: 355328K(355328K)->0K(348160K) From: 1024K(1024K)->1024K(1024K)
[241.071s][info][gc,heap        ] GC(1073) ParOldGen: 9757K(1398272K)->9861K(1398272K)
[241.071s][info][gc,metaspace   ] GC(1073) Metaspace: 14360K(15360K)->14360K(15360K) NonClass: 12391K(12992K)->12391K(12992K) Class: 1969K(2368K)->1969K(2368K)
[241.071s][info][gc             ] GC(1073) Pause Young (Allocation Failure) 357M->10M(1706M) 2.517ms
[241.071s][info][gc,cpu         ] GC(1073) User=0.00s Sys=0.00s Real=0.00s
[241.297s][info][gc,start       ] GC(1074) Pause Young (Allocation Failure)
[241.299s][info][gc,heap        ] GC(1074) PSYoungGen: 349184K(349184K)->1024K(342528K) Eden: 348160K(348160K)->0K(341504K) From: 1024K(1024K)->1024K(1024K)
[241.299s][info][gc,heap        ] GC(1074) ParOldGen: 9861K(1398272K)->9973K(1398272K)
[241.299s][info][gc,metaspace   ] GC(1074) Metaspace: 14360K(15360K)->14360K(15360K) NonClass: 12391K(12992K)->12391K(12992K) Class: 1969K(2368K)->1969K(2368K)
[241.299s][info][gc             ] GC(1074) Pause Young (Allocation Failure) 350M->10M(1700M) 2.546ms
[241.300s][info][gc,cpu         ] GC(1074) User=0.00s Sys=0.00s Real=0.00s
[241.522s][info][gc,start       ] GC(1075) Pause Young (Allocation Failure)
[241.525s][info][gc,heap        ] GC(1075) PSYoungGen: 342528K(342528K)->992K(335872K) Eden: 341504K(341504K)->0K(334848K) From: 1024K(1024K)->992K(1024K)
[241.525s][info][gc,heap        ] GC(1075) ParOldGen: 9973K(1398272K)->10077K(1398272K)
[241.525s][info][gc,metaspace   ] GC(1075) Metaspace: 14360K(15360K)->14360K(15360K) NonClass: 12391K(12992K)->12391K(12992K) Class: 1969K(2368K)->1969K(2368K)
[241.525s][info][gc             ] GC(1075) Pause Young (Allocation Failure) 344M->10M(1693M) 2.557ms
[241.525s][info][gc,cpu         ] GC(1075) User=0.00s Sys=0.00s Real=0.00s
[241.744s][info][gc,start       ] GC(1076) Pause Young (Allocation Failure)
[241.747s][info][gc,heap        ] GC(1076) PSYoungGen: 335840K(335872K)->992K(402944K) Eden: 334848K(334848K)->0K(401920K) From: 992K(1024K)->992K(1024K)
[241.747s][info][gc,heap        ] GC(1076) ParOldGen: 10077K(1398272K)->10173K(1398272K)
[241.747s][info][gc,metaspace   ] GC(1076) Metaspace: 14360K(15360K)->14360K(15360K) NonClass: 12391K(12992K)->12391K(12992K) Class: 1969K(2368K)->1969K(2368K)
[241.747s][info][gc             ] GC(1076) Pause Young (Allocation Failure) 337M->10M(1759M) 2.628ms
[241.747s][info][gc,cpu         ] GC(1076) User=0.00s Sys=0.00s Real=0.00s
[242.011s][info][gc,start       ] GC(1077) Pause Young (Allocation Failure)
[242.014s][info][gc,heap        ] GC(1077) PSYoungGen: 402912K(402944K)->992K(394240K) Eden: 401920K(401920K)->0K(393216K) From: 992K(1024K)->992K(1024K)
[242.014s][info][gc,heap        ] GC(1077) ParOldGen: 10173K(1398272K)->10261K(1398272K)
[242.014s][info][gc,metaspace   ] GC(1077) Metaspace: 14360K(15360K)->14360K(15360K) NonClass: 12391K(12992K)->12391K(12992K) Class: 1969K(2368K)->1969K(2368K)
[242.014s][info][gc             ] GC(1077) Pause Young (Allocation Failure) 403M->10M(1750M) 2.733ms
[242.014s][info][gc,cpu         ] GC(1077) User=0.00s Sys=0.00s Real=0.00s
[242.271s][info][gc,start       ] GC(1078) Pause Young (Allocation Failure)
[242.273s][info][gc,heap        ] GC(1078) PSYoungGen: 394208K(394240K)->992K(386048K) Eden: 393216K(393216K)->0K(385024K) From: 992K(1024K)->992K(1024K)
[242.273s][info][gc,heap        ] GC(1078) ParOldGen: 10261K(1398272K)->10357K(1398272K)
[242.273s][info][gc,metaspace   ] GC(1078) Metaspace: 14360K(15360K)->14360K(15360K) NonClass: 12391K(12992K)->12391K(12992K) Class: 1969K(2368K)->1969K(2368K)
[242.273s][info][gc             ] GC(1078) Pause Young (Allocation Failure) 394M->11M(1742M) 2.818ms
[242.273s][info][gc,cpu         ] GC(1078) User=0.00s Sys=0.00s Real=0.00s
[242.525s][info][gc,start       ] GC(1079) Pause Young (Allocation Failure)
[242.528s][info][gc,heap        ] GC(1079) PSYoungGen: 386016K(386048K)->1024K(378368K) Eden: 385024K(385024K)->0K(377344K) From: 992K(1024K)->1024K(1024K)
[242.528s][info][gc,heap        ] GC(1079) ParOldGen: 10357K(1398272K)->10461K(1398272K)
[242.528s][info][gc,metaspace   ] GC(1079) Metaspace: 14360K(15360K)->14360K(15360K) NonClass: 12391K(12992K)->12391K(12992K) Class: 1969K(2368K)->1969K(2368K)
[242.528s][info][gc             ] GC(1079) Pause Young (Allocation Failure) 387M->11M(1735M) 2.768ms
[242.528s][info][gc,cpu         ] GC(1079) User=0.00s Sys=0.00s Real=0.00s
[242.774s][info][gc,start       ] GC(1080) Pause Young (Allocation Failure)
[242.777s][info][gc,heap        ] GC(1080) PSYoungGen: 378368K(378368K)->992K(454144K) Eden: 377344K(377344K)->0K(453120K) From: 1024K(1024K)->992K(1024K)
[242.777s][info][gc,heap        ] GC(1080) ParOldGen: 10461K(1398272K)->10549K(1398272K)
[242.777s][info][gc,metaspace   ] GC(1080) Metaspace: 14360K(15360K)->14360K(15360K) NonClass: 12391K(12992K)->12391K(12992K) Class: 1969K(2368K)->1969K(2368K)
[242.777s][info][gc             ] GC(1080) Pause Young (Allocation Failure) 379M->11M(1809M) 2.861ms
[242.777s][info][gc,cpu         ] GC(1080) User=0.00s Sys=0.00s Real=0.00s
[243.069s][info][gc,start       ] GC(1081) Pause Young (Allocation Failure)
[243.072s][info][gc,heap        ] GC(1081) PSYoungGen: 454112K(454144K)->992K(443904K) Eden: 453120K(453120K)->0K(442880K) From: 992K(1024K)->992K(1024K)
[243.072s][info][gc,heap        ] GC(1081) ParOldGen: 10549K(1398272K)->10637K(1398272K)
[243.072s][info][gc,metaspace   ] GC(1081) Metaspace: 14360K(15360K)->14360K(15360K) NonClass: 12391K(12992K)->12391K(12992K) Class: 1969K(2368K)->1969K(2368K)
[243.072s][info][gc             ] GC(1081) Pause Young (Allocation Failure) 453M->11M(1799M) 2.999ms
[243.072s][info][gc,cpu         ] GC(1081) User=0.00s Sys=0.00s Real=0.00s
[243.362s][info][gc,start       ] GC(1082) Pause Young (Allocation Failure)
[243.365s][info][gc,heap        ] GC(1082) PSYoungGen: 443872K(443904K)->1024K(434176K) Eden: 442880K(442880K)->0K(433152K) From: 992K(1024K)->1024K(1024K)
[243.365s][info][gc,heap        ] GC(1082) ParOldGen: 10637K(1398272K)->10781K(1398272K)
[243.365s][info][gc,metaspace   ] GC(1082) Metaspace: 14360K(15360K)->14360K(15360K) NonClass: 12391K(12992K)->12391K(12992K) Class: 1969K(2368K)->1969K(2368K)
[243.365s][info][gc             ] GC(1082) Pause Young (Allocation Failure) 443M->11M(1789M) 2.935ms
[243.365s][info][gc,cpu         ] GC(1082) User=0.00s Sys=0.00s Real=0.00s
[243.667s][info][gc,start       ] GC(1083) Pause Young (Allocation Failure)
[243.671s][info][gc,heap        ] GC(1083) PSYoungGen: 434176K(434176K)->1024K(424448K) Eden: 433152K(433152K)->0K(423424K) From: 1024K(1024K)->1024K(1024K)
[243.671s][info][gc,heap        ] GC(1083) ParOldGen: 10781K(1398272K)->10885K(1398272K)
[243.671s][info][gc,metaspace   ] GC(1083) Metaspace: 14360K(15360K)->14360K(15360K) NonClass: 12391K(12992K)->12391K(12992K) Class: 1969K(2368K)->1969K(2368K)
[243.671s][info][gc             ] GC(1083) Pause Young (Allocation Failure) 434M->11M(1780M) 3.127ms
[243.671s][info][gc,cpu         ] GC(1083) User=0.00s Sys=0.00s Real=0.00s
[243.964s][info][gc,start       ] GC(1084) Pause Young (Allocation Failure)
[243.967s][info][gc,heap        ] GC(1084) PSYoungGen: 424448K(424448K)->1024K(415232K) Eden: 423424K(423424K)->0K(414208K) From: 1024K(1024K)->1024K(1024K)
[243.967s][info][gc,heap        ] GC(1084) ParOldGen: 10885K(1398272K)->10973K(1398272K)
[243.967s][info][gc,metaspace   ] GC(1084) Metaspace: 14360K(15360K)->14360K(15360K) NonClass: 12391K(12992K)->12391K(12992K) Class: 1969K(2368K)->1969K(2368K)
[243.967s][info][gc             ] GC(1084) Pause Young (Allocation Failure) 425M->11M(1771M) 2.764ms
[243.967s][info][gc,cpu         ] GC(1084) User=0.52s Sys=0.00s Real=0.00s
[244.268s][info][gc,start       ] GC(1085) Pause Young (Allocation Failure)
[244.270s][info][gc,heap        ] GC(1085) PSYoungGen: 415232K(415232K)->1024K(406528K) Eden: 414208K(414208K)->0K(405504K) From: 1024K(1024K)->1024K(1024K)
[244.270s][info][gc,heap        ] GC(1085) ParOldGen: 10973K(1398272K)->11121K(1398272K)
[244.270s][info][gc,metaspace   ] GC(1085) Metaspace: 14360K(15360K)->14360K(15360K) NonClass: 12391K(12992K)->12391K(12992K) Class: 1969K(2368K)->1969K(2368K)
[244.270s][info][gc             ] GC(1085) Pause Young (Allocation Failure) 416M->11M(1762M) 2.659ms
[244.270s][info][gc,cpu         ] GC(1085) User=0.00s Sys=0.00s Real=0.00s
[244.534s][info][gc,start       ] GC(1086) Pause Young (Allocation Failure)
[244.536s][info][gc,heap        ] GC(1086) PSYoungGen: 406528K(406528K)->960K(397824K) Eden: 405504K(405504K)->0K(396800K) From: 1024K(1024K)->960K(1024K)
[244.536s][info][gc,heap        ] GC(1086) ParOldGen: 11121K(1398272K)->11249K(1398272K)
[244.536s][info][gc,metaspace   ] GC(1086) Metaspace: 14360K(15360K)->14360K(15360K) NonClass: 12391K(12992K)->12391K(12992K) Class: 1969K(2368K)->1969K(2368K)
[244.536s][info][gc             ] GC(1086) Pause Young (Allocation Failure) 407M->11M(1754M) 2.717ms
[244.536s][info][gc,cpu         ] GC(1086) User=0.00s Sys=0.00s Real=0.00s
[244.795s][info][gc,start       ] GC(1087) Pause Young (Allocation Failure)
[244.798s][info][gc,heap        ] GC(1087) PSYoungGen: 397760K(397824K)->992K(389632K) Eden: 396800K(396800K)->0K(388608K) From: 960K(1024K)->992K(1024K)
[244.798s][info][gc,heap        ] GC(1087) ParOldGen: 11249K(1398272K)->11361K(1398272K)
[244.798s][info][gc,metaspace   ] GC(1087) Metaspace: 14360K(15360K)->14360K(15360K) NonClass: 12391K(12992K)->12391K(12992K) Class: 1969K(2368K)->1969K(2368K)
[244.798s][info][gc             ] GC(1087) Pause Young (Allocation Failure) 399M->12M(1746M) 2.759ms
[244.798s][info][gc,cpu         ] GC(1087) User=0.00s Sys=0.00s Real=0.00s
[245.048s][info][gc,start       ] GC(1088) Pause Young (Allocation Failure)
[245.051s][info][gc,heap        ] GC(1088) PSYoungGen: 389600K(389632K)->1024K(381440K) Eden: 388608K(388608K)->0K(380416K) From: 992K(1024K)->1024K(1024K)
[245.051s][info][gc,heap        ] GC(1088) ParOldGen: 11361K(1398272K)->11481K(1398272K)
[245.051s][info][gc,metaspace   ] GC(1088) Metaspace: 14360K(15360K)->14360K(15360K) NonClass: 12391K(12992K)->12391K(12992K) Class: 1969K(2368K)->1969K(2368K)
[245.051s][info][gc             ] GC(1088) Pause Young (Allocation Failure) 391M->12M(1738M) 2.676ms
[245.051s][info][gc,cpu         ] GC(1088) User=0.00s Sys=0.00s Real=0.00s
[245.302s][info][gc,start       ] GC(1089) Pause Young (Allocation Failure)
[245.305s][info][gc,heap        ] GC(1089) PSYoungGen: 381440K(381440K)->992K(373760K) Eden: 380416K(380416K)->0K(372736K) From: 1024K(1024K)->992K(1024K)
[245.305s][info][gc,heap        ] GC(1089) ParOldGen: 11481K(1398272K)->11577K(1398272K)
[245.305s][info][gc,metaspace   ] GC(1089) Metaspace: 14360K(15360K)->14360K(15360K) NonClass: 12391K(12992K)->12391K(12992K) Class: 1969K(2368K)->1969K(2368K)
[245.305s][info][gc             ] GC(1089) Pause Young (Allocation Failure) 383M->12M(1730M) 2.756ms
[245.305s][info][gc,cpu         ] GC(1089) User=0.00s Sys=0.00s Real=0.00s
[245.547s][info][gc,start       ] GC(1090) Pause Young (Allocation Failure)
[245.550s][info][gc,heap        ] GC(1090) PSYoungGen: 373728K(373760K)->1024K(366080K) Eden: 372736K(372736K)->0K(365056K) From: 992K(1024K)->1024K(1024K)
[245.550s][info][gc,heap        ] GC(1090) ParOldGen: 11577K(1398272K)->11681K(1398272K)
[245.550s][info][gc,metaspace   ] GC(1090) Metaspace: 14360K(15360K)->14360K(15360K) NonClass: 12391K(12992K)->12391K(12992K) Class: 1969K(2368K)->1969K(2368K)
[245.550s][info][gc             ] GC(1090) Pause Young (Allocation Failure) 376M->12M(1723M) 2.796ms
[245.550s][info][gc,cpu         ] GC(1090) User=0.00s Sys=0.00s Real=0.00s
[245.778s][info][gc,start       ] GC(1091) Pause Young (Allocation Failure)
[245.781s][info][gc,heap        ] GC(1091) PSYoungGen: 366080K(366080K)->960K(439296K) Eden: 365056K(365056K)->0K(438272K) From: 1024K(1024K)->960K(1024K)
[245.781s][info][gc,heap        ] GC(1091) ParOldGen: 11681K(1398272K)->11769K(1398272K)
[245.781s][info][gc,metaspace   ] GC(1091) Metaspace: 14360K(15360K)->14360K(15360K) NonClass: 12391K(12992K)->12391K(12992K) Class: 1969K(2368K)->1969K(2368K)
[245.781s][info][gc             ] GC(1091) Pause Young (Allocation Failure) 368M->12M(1794M) 2.811ms
[245.781s][info][gc,cpu         ] GC(1091) User=0.52s Sys=0.00s Real=0.00s
[246.049s][info][gc,start       ] GC(1092) Pause Young (Allocation Failure)
[246.052s][info][gc,heap        ] GC(1092) PSYoungGen: 439232K(439296K)->896K(514048K) Eden: 438272K(438272K)->0K(512512K) From: 960K(1024K)->896K(1536K)
[246.052s][info][gc,heap        ] GC(1092) ParOldGen: 11769K(1398272K)->11857K(1398272K)
[246.052s][info][gc,metaspace   ] GC(1092) Metaspace: 14360K(15360K)->14360K(15360K) NonClass: 12391K(12992K)->12391K(12992K) Class: 1969K(2368K)->1969K(2368K)
[246.052s][info][gc             ] GC(1092) Pause Young (Allocation Failure) 440M->12M(1867M) 2.943ms
[246.052s][info][gc,cpu         ] GC(1092) User=0.00s Sys=0.00s Real=0.00s
[246.443s][info][gc,start       ] GC(1093) Pause Young (System.gc())
[246.447s][info][gc,heap        ] GC(1093) PSYoungGen: 508360K(514048K)->512K(514048K) Eden: 507464K(512512K)->0K(512512K) From: 896K(1536K)->512K(1536K)
[246.447s][info][gc,heap        ] GC(1093) ParOldGen: 11857K(1398272K)->11937K(1398272K)
[246.447s][info][gc,metaspace   ] GC(1093) Metaspace: 14360K(15360K)->14360K(15360K) NonClass: 12391K(12992K)->12391K(12992K) Class: 1969K(2368K)->1969K(2368K)
[246.447s][info][gc             ] GC(1093) Pause Young (System.gc()) 508M->12M(1867M) 4.382ms
[246.448s][info][gc,cpu         ] GC(1093) User=0.00s Sys=0.00s Real=0.00s
[246.448s][info][gc,start       ] GC(1094) Pause Full (System.gc())
[246.448s][info][gc,phases,start] GC(1094) Marking Phase
[246.463s][info][gc,phases      ] GC(1094) Marking Phase 15.506ms
[246.463s][info][gc,phases,start] GC(1094) Summary Phase
[246.463s][info][gc,phases      ] GC(1094) Summary Phase 0.021ms
[246.463s][info][gc,phases,start] GC(1094) Adjust Roots
[246.469s][info][gc,phases      ] GC(1094) Adjust Roots 5.828ms
[246.469s][info][gc,phases,start] GC(1094) Compaction Phase
[246.471s][info][gc,phases      ] GC(1094) Compaction Phase 1.930ms
[246.471s][info][gc,phases,start] GC(1094) Post Compact
[246.472s][info][gc,phases      ] GC(1094) Post Compact 0.549ms
[246.472s][info][gc,heap        ] GC(1094) PSYoungGen: 512K(514048K)->0K(514048K) Eden: 0K(512512K)->0K(512512K) From: 512K(1536K)->0K(1536K)
[246.472s][info][gc,heap        ] GC(1094) ParOldGen: 11937K(1398272K)->5386K(1398272K)
[246.472s][info][gc,metaspace   ] GC(1094) Metaspace: 14360K(15360K)->14360K(15360K) NonClass: 12391K(12992K)->12391K(12992K) Class: 1969K(2368K)->1969K(2368K)
[246.472s][info][gc             ] GC(1094) Pause Full (System.gc()) 12M->5M(1867M) 24.120ms
[246.472s][info][gc,cpu         ] GC(1094) User=0.48s Sys=0.00s Real=0.02s
[246.916s][info][gc,start       ] GC(1095) Pause Young (Allocation Failure)
[246.930s][info][gc,heap        ] GC(1095) PSYoungGen: 512512K(514048K)->1536K(501760K) Eden: 512512K(512512K)->0K(500224K) From: 0K(1536K)->1536K(1536K)
[246.930s][info][gc,heap        ] GC(1095) ParOldGen: 5386K(1398272K)->5810K(1398272K)
[246.930s][info][gc,metaspace   ] GC(1095) Metaspace: 14360K(15360K)->14360K(15360K) NonClass: 12391K(12992K)->12391K(12992K) Class: 1969K(2368K)->1969K(2368K)
[246.930s][info][gc             ] GC(1095) Pause Young (Allocation Failure) 505M->7M(1855M) 14.600ms
[246.930s][info][gc,cpu         ] GC(1095) User=0.00s Sys=0.00s Real=0.02s
[247.270s][info][gc,start       ] GC(1096) Pause Young (Allocation Failure)
[247.273s][info][gc,heap        ] GC(1096) PSYoungGen: 501760K(501760K)->1056K(489984K) Eden: 500224K(500224K)->0K(488448K) From: 1536K(1536K)->1056K(1536K)
[247.273s][info][gc,heap        ] GC(1096) ParOldGen: 5810K(1398272K)->7109K(1398272K)
[247.273s][info][gc,metaspace   ] GC(1096) Metaspace: 14360K(15360K)->14360K(15360K) NonClass: 12391K(12992K)->12391K(12992K) Class: 1969K(2368K)->1969K(2368K)
[247.273s][info][gc             ] GC(1096) Pause Young (Allocation Failure) 495M->7M(1844M) 3.037ms
[247.273s][info][gc,cpu         ] GC(1096) User=0.00s Sys=0.00s Real=0.00s
[247.627s][info][gc,start       ] GC(1097) Pause Young (Allocation Failure)
[247.630s][info][gc,heap        ] GC(1097) PSYoungGen: 489504K(489984K)->512K(477696K) Eden: 488448K(488448K)->0K(477184K) From: 1056K(1536K)->512K(512K)
[247.630s][info][gc,heap        ] GC(1097) ParOldGen: 7109K(1398272K)->7333K(1398272K)
[247.630s][info][gc,metaspace   ] GC(1097) Metaspace: 14360K(15360K)->14360K(15360K) NonClass: 12391K(12992K)->12391K(12992K) Class: 1969K(2368K)->1969K(2368K)
[247.630s][info][gc             ] GC(1097) Pause Young (Allocation Failure) 484M->7M(1832M) 2.658ms
[247.630s][info][gc,cpu         ] GC(1097) User=0.00s Sys=0.00s Real=0.00s
[247.950s][info][gc,start       ] GC(1098) Pause Young (Allocation Failure)
[247.953s][info][gc,heap        ] GC(1098) PSYoungGen: 477696K(477696K)->1056K(467456K) Eden: 477184K(477184K)->0K(465920K) From: 512K(512K)->1056K(1536K)
[247.953s][info][gc,heap        ] GC(1098) ParOldGen: 7333K(1398272K)->7373K(1398272K)
[247.953s][info][gc,metaspace   ] GC(1098) Metaspace: 14360K(15360K)->14360K(15360K) NonClass: 12391K(12992K)->12391K(12992K) Class: 1969K(2368K)->1969K(2368K)
[247.953s][info][gc             ] GC(1098) Pause Young (Allocation Failure) 473M->8M(1822M) 2.706ms
[247.953s][info][gc,cpu         ] GC(1098) User=0.52s Sys=0.00s Real=0.00s
[248.270s][info][gc,start       ] GC(1099) Pause Young (Allocation Failure)
[248.272s][info][gc,heap        ] GC(1099) PSYoungGen: 466976K(467456K)->1024K(456192K) Eden: 465920K(465920K)->0K(455168K) From: 1056K(1536K)->1024K(1024K)
[248.272s][info][gc,heap        ] GC(1099) ParOldGen: 7373K(1398272K)->7517K(1398272K)
[248.272s][info][gc,metaspace   ] GC(1099) Metaspace: 14360K(15360K)->14360K(15360K) NonClass: 12391K(12992K)->12391K(12992K) Class: 1969K(2368K)->1969K(2368K)
[248.273s][info][gc             ] GC(1099) Pause Young (Allocation Failure) 463M->8M(1811M) 2.854ms
[248.273s][info][gc,cpu         ] GC(1099) User=0.00s Sys=0.00s Real=0.00s
[248.581s][info][gc,start       ] GC(1100) Pause Young (Allocation Failure)
[248.584s][info][gc,heap        ] GC(1100) PSYoungGen: 456192K(456192K)->1024K(445952K) Eden: 455168K(455168K)->0K(444928K) From: 1024K(1024K)->1024K(1024K)
[248.584s][info][gc,heap        ] GC(1100) ParOldGen: 7517K(1398272K)->7653K(1398272K)
[248.584s][info][gc,metaspace   ] GC(1100) Metaspace: 14360K(15360K)->14360K(15360K) NonClass: 12391K(12992K)->12391K(12992K) Class: 1969K(2368K)->1969K(2368K)
[248.584s][info][gc             ] GC(1100) Pause Young (Allocation Failure) 452M->8M(1801M) 2.812ms
[248.584s][info][gc,cpu         ] GC(1100) User=0.00s Sys=0.00s Real=0.00s
[248.886s][info][gc,start       ] GC(1101) Pause Young (Allocation Failure)
[248.888s][info][gc,heap        ] GC(1101) PSYoungGen: 445952K(445952K)->1024K(436224K) Eden: 444928K(444928K)->0K(435200K) From: 1024K(1024K)->1024K(1024K)
[248.888s][info][gc,heap        ] GC(1101) ParOldGen: 7653K(1398272K)->7789K(1398272K)
[248.888s][info][gc,metaspace   ] GC(1101) Metaspace: 14360K(15360K)->14360K(15360K) NonClass: 12391K(12992K)->12391K(12992K) Class: 1969K(2368K)->1969K(2368K)
[248.888s][info][gc             ] GC(1101) Pause Young (Allocation Failure) 442M->8M(1791M) 2.798ms
[248.888s][info][gc,cpu         ] GC(1101) User=0.00s Sys=0.00s Real=0.00s
[249.262s][info][gc,start       ] GC(1102) Pause Young (Allocation Failure)
[249.265s][info][gc,heap        ] GC(1102) PSYoungGen: 436224K(436224K)->1056K(427008K) Eden: 435200K(435200K)->0K(425472K) From: 1024K(1024K)->1056K(1536K)
[249.265s][info][gc,heap        ] GC(1102) ParOldGen: 7789K(1398272K)->7885K(1398272K)
[249.265s][info][gc,metaspace   ] GC(1102) Metaspace: 14360K(15360K)->14360K(15360K) NonClass: 12391K(12992K)->12391K(12992K) Class: 1969K(2368K)->1969K(2368K)
[249.265s][info][gc             ] GC(1102) Pause Young (Allocation Failure) 433M->8M(1782M) 3.589ms
[249.265s][info][gc,cpu         ] GC(1102) User=0.52s Sys=0.00s Real=0.00s
[249.573s][info][gc,start       ] GC(1103) Pause Young (Allocation Failure)
[249.576s][info][gc,heap        ] GC(1103) PSYoungGen: 426528K(427008K)->1024K(417280K) Eden: 425472K(425472K)->0K(416256K) From: 1056K(1536K)->1024K(1024K)
[249.576s][info][gc,heap        ] GC(1103) ParOldGen: 7885K(1398272K)->8013K(1398272K)
[249.576s][info][gc,metaspace   ] GC(1103) Metaspace: 14360K(15360K)->14360K(15360K) NonClass: 12391K(12992K)->12391K(12992K) Class: 1969K(2368K)->1969K(2368K)
[249.576s][info][gc             ] GC(1103) Pause Young (Allocation Failure) 424M->8M(1773M) 2.655ms
[249.576s][info][gc,cpu         ] GC(1103) User=0.00s Sys=0.00s Real=0.00s
[249.894s][info][gc,start       ] GC(1104) Pause Young (Allocation Failure)
[249.897s][info][gc,heap        ] GC(1104) PSYoungGen: 417280K(417280K)->1024K(408576K) Eden: 416256K(416256K)->0K(407552K) From: 1024K(1024K)->1024K(1024K)
[249.897s][info][gc,heap        ] GC(1104) ParOldGen: 8013K(1398272K)->8133K(1398272K)
[249.897s][info][gc,metaspace   ] GC(1104) Metaspace: 14360K(15360K)->14360K(15360K) NonClass: 12391K(12992K)->12391K(12992K) Class: 1969K(2368K)->1969K(2368K)
[249.897s][info][gc             ] GC(1104) Pause Young (Allocation Failure) 415M->8M(1764M) 2.660ms
[249.897s][info][gc,cpu         ] GC(1104) User=0.00s Sys=0.00s Real=0.00s
[250.172s][info][gc,start       ] GC(1105) Pause Young (Allocation Failure)
[250.175s][info][gc,heap        ] GC(1105) PSYoungGen: 408576K(408576K)->1056K(400384K) Eden: 407552K(407552K)->0K(398848K) From: 1024K(1024K)->1056K(1536K)
[250.175s][info][gc,heap        ] GC(1105) ParOldGen: 8133K(1398272K)->8221K(1398272K)
[250.175s][info][gc,metaspace   ] GC(1105) Metaspace: 14360K(15360K)->14360K(15360K) NonClass: 12391K(12992K)->12391K(12992K) Class: 1969K(2368K)->1969K(2368K)
[250.175s][info][gc             ] GC(1105) Pause Young (Allocation Failure) 406M->9M(1756M) 2.575ms
[250.175s][info][gc,cpu         ] GC(1105) User=0.00s Sys=0.00s Real=0.00s
[250.444s][info][gc,start       ] GC(1106) Pause Young (Allocation Failure)
[250.447s][info][gc,heap        ] GC(1106) PSYoungGen: 399904K(400384K)->1024K(391680K) Eden: 398848K(398848K)->0K(390656K) From: 1056K(1536K)->1024K(1024K)
[250.447s][info][gc,heap        ] GC(1106) ParOldGen: 8221K(1398272K)->8333K(1398272K)
[250.447s][info][gc,metaspace   ] GC(1106) Metaspace: 14360K(15360K)->14360K(15360K) NonClass: 12391K(12992K)->12391K(12992K) Class: 1969K(2368K)->1969K(2368K)
[250.447s][info][gc             ] GC(1106) Pause Young (Allocation Failure) 398M->9M(1748M) 2.633ms
[250.447s][info][gc,cpu         ] GC(1106) User=0.00s Sys=0.00s Real=0.00s
[250.711s][info][gc,start       ] GC(1107) Pause Young (Allocation Failure)
[250.713s][info][gc,heap        ] GC(1107) PSYoungGen: 391680K(391680K)->1024K(383488K) Eden: 390656K(390656K)->0K(382464K) From: 1024K(1024K)->1024K(1024K)
[250.713s][info][gc,heap        ] GC(1107) ParOldGen: 8333K(1398272K)->8437K(1398272K)
[250.713s][info][gc,metaspace   ] GC(1107) Metaspace: 14360K(15360K)->14360K(15360K) NonClass: 12391K(12992K)->12391K(12992K) Class: 1969K(2368K)->1969K(2368K)
[250.713s][info][gc             ] GC(1107) Pause Young (Allocation Failure) 390M->9M(1740M) 2.566ms
[250.713s][info][gc,cpu         ] GC(1107) User=0.00s Sys=0.00s Real=0.00s
[250.972s][info][gc,start       ] GC(1108) Pause Young (Allocation Failure)
[250.974s][info][gc,heap        ] GC(1108) PSYoungGen: 383488K(383488K)->1056K(376320K) Eden: 382464K(382464K)->0K(374784K) From: 1024K(1024K)->1056K(1536K)
[250.974s][info][gc,heap        ] GC(1108) ParOldGen: 8437K(1398272K)->8549K(1398272K)
[250.974s][info][gc,metaspace   ] GC(1108) Metaspace: 14360K(15360K)->14360K(15360K) NonClass: 12391K(12992K)->12391K(12992K) Class: 1969K(2368K)->1969K(2368K)
[250.974s][info][gc             ] GC(1108) Pause Young (Allocation Failure) 382M->9M(1733M) 2.612ms
[250.974s][info][gc,cpu         ] GC(1108) User=0.00s Sys=0.00s Real=0.00s
[251.226s][info][gc,start       ] GC(1109) Pause Young (Allocation Failure)
[251.229s][info][gc,heap        ] GC(1109) PSYoungGen: 375840K(376320K)->1024K(368128K) Eden: 374784K(374784K)->0K(367104K) From: 1056K(1536K)->1024K(1024K)
[251.229s][info][gc,heap        ] GC(1109) ParOldGen: 8549K(1398272K)->8637K(1398272K)
[251.229s][info][gc,metaspace   ] GC(1109) Metaspace: 14360K(15360K)->14360K(15360K) NonClass: 12391K(12992K)->12391K(12992K) Class: 1969K(2368K)->1969K(2368K)
[251.229s][info][gc             ] GC(1109) Pause Young (Allocation Failure) 375M->9M(1725M) 2.611ms
[251.229s][info][gc,cpu         ] GC(1109) User=0.00s Sys=0.00s Real=0.00s
[251.479s][info][gc,start       ] GC(1110) Pause Young (Allocation Failure)
[251.482s][info][gc,heap        ] GC(1110) PSYoungGen: 368128K(368128K)->1024K(360960K) Eden: 367104K(367104K)->0K(359936K) From: 1024K(1024K)->1024K(1024K)
[251.482s][info][gc,heap        ] GC(1110) ParOldGen: 8637K(1398272K)->8765K(1398272K)
[251.482s][info][gc,metaspace   ] GC(1110) Metaspace: 14360K(15360K)->14360K(15360K) NonClass: 12391K(12992K)->12391K(12992K) Class: 1969K(2368K)->1969K(2368K)
[251.482s][info][gc             ] GC(1110) Pause Young (Allocation Failure) 367M->9M(1718M) 2.710ms
[251.482s][info][gc,cpu         ] GC(1110) User=0.00s Sys=0.00s Real=0.00s
[251.726s][info][gc,start       ] GC(1111) Pause Young (Allocation Failure)
[251.729s][info][gc,heap        ] GC(1111) PSYoungGen: 360960K(360960K)->992K(353792K) Eden: 359936K(359936K)->0K(352768K) From: 1024K(1024K)->992K(1024K)
[251.729s][info][gc,heap        ] GC(1111) ParOldGen: 8765K(1398272K)->8877K(1398272K)
[251.729s][info][gc,metaspace   ] GC(1111) Metaspace: 14360K(15360K)->14360K(15360K) NonClass: 12391K(12992K)->12391K(12992K) Class: 1969K(2368K)->1969K(2368K)
[251.729s][info][gc             ] GC(1111) Pause Young (Allocation Failure) 361M->9M(1711M) 2.692ms
[251.729s][info][gc,cpu         ] GC(1111) User=0.00s Sys=0.00s Real=0.00s
[251.969s][info][gc,start       ] GC(1112) Pause Young (Allocation Failure)
[251.972s][info][gc,heap        ] GC(1112) PSYoungGen: 353760K(353792K)->1056K(347648K) Eden: 352768K(352768K)->0K(346112K) From: 992K(1024K)->1056K(1536K)
[251.972s][info][gc,heap        ] GC(1112) ParOldGen: 8877K(1398272K)->8949K(1398272K)
[251.972s][info][gc,metaspace   ] GC(1112) Metaspace: 14360K(15360K)->14360K(15360K) NonClass: 12391K(12992K)->12391K(12992K) Class: 1969K(2368K)->1969K(2368K)
[251.972s][info][gc             ] GC(1112) Pause Young (Allocation Failure) 354M->9M(1705M) 2.675ms
[251.972s][info][gc,cpu         ] GC(1112) User=0.00s Sys=0.00s Real=0.00s
[252.207s][info][gc,start       ] GC(1113) Pause Young (Allocation Failure)
[252.209s][info][gc,heap        ] GC(1113) PSYoungGen: 347168K(347648K)->1024K(340480K) Eden: 346112K(346112K)->0K(339456K) From: 1056K(1536K)->1024K(1024K)
[252.210s][info][gc,heap        ] GC(1113) ParOldGen: 8949K(1398272K)->9029K(1398272K)
[252.210s][info][gc,metaspace   ] GC(1113) Metaspace: 14360K(15360K)->14360K(15360K) NonClass: 12391K(12992K)->12391K(12992K) Class: 1969K(2368K)->1969K(2368K)
[252.210s][info][gc             ] GC(1113) Pause Young (Allocation Failure) 347M->9M(1698M) 2.675ms
[252.210s][info][gc,cpu         ] GC(1113) User=0.00s Sys=0.00s Real=0.00s
[252.440s][info][gc,start       ] GC(1114) Pause Young (Allocation Failure)
[252.443s][info][gc,heap        ] GC(1114) PSYoungGen: 340480K(340480K)->1024K(408576K) Eden: 339456K(339456K)->0K(407552K) From: 1024K(1024K)->1024K(1024K)
[252.455s][info][gc,heap        ] GC(1114) ParOldGen: 9029K(1398272K)->9109K(1398272K)
[252.455s][info][gc,metaspace   ] GC(1114) Metaspace: 14360K(15360K)->14360K(15360K) NonClass: 12391K(12992K)->12391K(12992K) Class: 1969K(2368K)->1969K(2368K)
[252.455s][info][gc             ] GC(1114) Pause Young (Allocation Failure) 341M->9M(1764M) 15.433ms
[252.455s][info][gc,cpu         ] GC(1114) User=0.00s Sys=0.00s Real=0.02s
[252.734s][info][gc,start       ] GC(1115) Pause Young (Allocation Failure)
[252.737s][info][gc,heap        ] GC(1115) PSYoungGen: 408576K(408576K)->1024K(399872K) Eden: 407552K(407552K)->0K(398848K) From: 1024K(1024K)->1024K(1024K)
[252.737s][info][gc,heap        ] GC(1115) ParOldGen: 9109K(1398272K)->9205K(1398272K)
[252.737s][info][gc,metaspace   ] GC(1115) Metaspace: 14360K(15360K)->14360K(15360K) NonClass: 12391K(12992K)->12391K(12992K) Class: 1969K(2368K)->1969K(2368K)
[252.737s][info][gc             ] GC(1115) Pause Young (Allocation Failure) 407M->9M(1756M) 2.875ms
[252.737s][info][gc,cpu         ] GC(1115) User=0.00s Sys=0.00s Real=0.00s
[253.006s][info][gc,start       ] GC(1116) Pause Young (Allocation Failure)
[253.009s][info][gc,heap        ] GC(1116) PSYoungGen: 399872K(399872K)->1024K(479744K) Eden: 398848K(398848K)->0K(478720K) From: 1024K(1024K)->1024K(1024K)
[253.009s][info][gc,heap        ] GC(1116) ParOldGen: 9205K(1398272K)->9293K(1398272K)
[253.009s][info][gc,metaspace   ] GC(1116) Metaspace: 14360K(15360K)->14360K(15360K) NonClass: 12391K(12992K)->12391K(12992K) Class: 1969K(2368K)->1969K(2368K)
[253.009s][info][gc             ] GC(1116) Pause Young (Allocation Failure) 399M->10M(1834M) 2.929ms
[253.009s][info][gc,cpu         ] GC(1116) User=0.00s Sys=0.00s Real=0.00s
[253.340s][info][gc,start       ] GC(1117) Pause Young (Allocation Failure)
[253.343s][info][gc,heap        ] GC(1117) PSYoungGen: 479744K(479744K)->1024K(468480K) Eden: 478720K(478720K)->0K(467456K) From: 1024K(1024K)->1024K(1024K)
[253.343s][info][gc,heap        ] GC(1117) ParOldGen: 9293K(1398272K)->9413K(1398272K)
[253.343s][info][gc,metaspace   ] GC(1117) Metaspace: 14360K(15360K)->14360K(15360K) NonClass: 12391K(12992K)->12391K(12992K) Class: 1969K(2368K)->1969K(2368K)
[253.343s][info][gc             ] GC(1117) Pause Young (Allocation Failure) 477M->10M(1823M) 2.997ms
[253.343s][info][gc,cpu         ] GC(1117) User=0.52s Sys=0.00s Real=0.00s
[253.700s][info][gc,start       ] GC(1118) Pause Young (Allocation Failure)
[253.702s][info][gc,heap        ] GC(1118) PSYoungGen: 468480K(468480K)->1056K(458240K) Eden: 467456K(467456K)->0K(456704K) From: 1024K(1024K)->1056K(1536K)
[253.703s][info][gc,heap        ] GC(1118) ParOldGen: 9413K(1398272K)->9501K(1398272K)
[253.703s][info][gc,metaspace   ] GC(1118) Metaspace: 14360K(15360K)->14360K(15360K) NonClass: 12391K(12992K)->12391K(12992K) Class: 1969K(2368K)->1969K(2368K)
[253.703s][info][gc             ] GC(1118) Pause Young (Allocation Failure) 466M->10M(1813M) 2.749ms
[253.703s][info][gc,cpu         ] GC(1118) User=0.52s Sys=0.00s Real=0.00s
[254.016s][info][gc,start       ] GC(1119) Pause Young (Allocation Failure)
[254.019s][info][gc,heap        ] GC(1119) PSYoungGen: 457760K(458240K)->1024K(447488K) Eden: 456704K(456704K)->0K(446464K) From: 1056K(1536K)->1024K(1024K)
[254.019s][info][gc,heap        ] GC(1119) ParOldGen: 9501K(1398272K)->9637K(1398272K)
[254.019s][info][gc,metaspace   ] GC(1119) Metaspace: 14360K(15360K)->14360K(15360K) NonClass: 12391K(12992K)->12391K(12992K) Class: 1969K(2368K)->1969K(2368K)
[254.019s][info][gc             ] GC(1119) Pause Young (Allocation Failure) 456M->10M(1802M) 2.719ms
[254.019s][info][gc,cpu         ] GC(1119) User=0.00s Sys=0.00s Real=0.00s
[254.326s][info][gc,start       ] GC(1120) Pause Young (Allocation Failure)
[254.329s][info][gc,heap        ] GC(1120) PSYoungGen: 447488K(447488K)->1024K(437248K) Eden: 446464K(446464K)->0K(436224K) From: 1024K(1024K)->1024K(1024K)
[254.329s][info][gc,heap        ] GC(1120) ParOldGen: 9637K(1398272K)->9765K(1398272K)
[254.329s][info][gc,metaspace   ] GC(1120) Metaspace: 14360K(15360K)->14360K(15360K) NonClass: 12391K(12992K)->12391K(12992K) Class: 1969K(2368K)->1969K(2368K)
[254.329s][info][gc             ] GC(1120) Pause Young (Allocation Failure) 446M->10M(1792M) 2.733ms
[254.329s][info][gc,cpu         ] GC(1120) User=0.30s Sys=0.02s Real=0.00s
[254.622s][info][gc,start       ] GC(1121) Pause Young (Allocation Failure)
[254.625s][info][gc,heap        ] GC(1121) PSYoungGen: 437248K(437248K)->1024K(427520K) Eden: 436224K(436224K)->0K(426496K) From: 1024K(1024K)->1024K(1024K)
[254.625s][info][gc,heap        ] GC(1121) ParOldGen: 9765K(1398272K)->9861K(1398272K)
[254.625s][info][gc,metaspace   ] GC(1121) Metaspace: 14360K(15360K)->14360K(15360K) NonClass: 12391K(12992K)->12391K(12992K) Class: 1969K(2368K)->1969K(2368K)
[254.625s][info][gc             ] GC(1121) Pause Young (Allocation Failure) 436M->10M(1783M) 2.779ms
[254.625s][info][gc,cpu         ] GC(1121) User=0.52s Sys=0.00s Real=0.00s
[254.914s][info][gc,start       ] GC(1122) Pause Young (Allocation Failure)
[254.916s][info][gc,heap        ] GC(1122) PSYoungGen: 427520K(427520K)->1056K(418816K) Eden: 426496K(426496K)->0K(417280K) From: 1024K(1024K)->1056K(1536K)
[254.916s][info][gc,heap        ] GC(1122) ParOldGen: 9861K(1398272K)->9957K(1398272K)
[254.916s][info][gc,metaspace   ] GC(1122) Metaspace: 14360K(15360K)->14360K(15360K) NonClass: 12391K(12992K)->12391K(12992K) Class: 1969K(2368K)->1969K(2368K)
[254.916s][info][gc             ] GC(1122) Pause Young (Allocation Failure) 427M->10M(1774M) 2.769ms
[254.916s][info][gc,cpu         ] GC(1122) User=0.00s Sys=0.00s Real=0.00s
[255.197s][info][gc,start       ] GC(1123) Pause Young (Allocation Failure)
[255.200s][info][gc,heap        ] GC(1123) PSYoungGen: 418336K(418816K)->1024K(409088K) Eden: 417280K(417280K)->0K(408064K) From: 1056K(1536K)->1024K(1024K)
[255.200s][info][gc,heap        ] GC(1123) ParOldGen: 9957K(1398272K)->10077K(1398272K)
[255.200s][info][gc,metaspace   ] GC(1123) Metaspace: 14360K(15360K)->14360K(15360K) NonClass: 12391K(12992K)->12391K(12992K) Class: 1969K(2368K)->1969K(2368K)
[255.200s][info][gc             ] GC(1123) Pause Young (Allocation Failure) 418M->10M(1765M) 2.762ms
[255.200s][info][gc,cpu         ] GC(1123) User=0.00s Sys=0.00s Real=0.00s
[255.476s][info][gc,start       ] GC(1124) Pause Young (Allocation Failure)
[255.479s][info][gc,heap        ] GC(1124) PSYoungGen: 409088K(409088K)->1024K(400384K) Eden: 408064K(408064K)->0K(399360K) From: 1024K(1024K)->1024K(1024K)
[255.479s][info][gc,heap        ] GC(1124) ParOldGen: 10077K(1398272K)->10181K(1398272K)
[255.479s][info][gc,metaspace   ] GC(1124) Metaspace: 14360K(15360K)->14360K(15360K) NonClass: 12391K(12992K)->12391K(12992K) Class: 1969K(2368K)->1969K(2368K)
[255.479s][info][gc             ] GC(1124) Pause Young (Allocation Failure) 409M->10M(1756M) 2.857ms
[255.479s][info][gc,cpu         ] GC(1124) User=0.00s Sys=0.00s Real=0.00s
[255.752s][info][gc,start       ] GC(1125) Pause Young (Allocation Failure)
[255.754s][info][gc,heap        ] GC(1125) PSYoungGen: 400384K(400384K)->1024K(392192K) Eden: 399360K(399360K)->0K(391168K) From: 1024K(1024K)->1024K(1024K)
[255.754s][info][gc,heap        ] GC(1125) ParOldGen: 10181K(1398272K)->10285K(1398272K)
[255.754s][info][gc,metaspace   ] GC(1125) Metaspace: 14360K(15360K)->14360K(15360K) NonClass: 12391K(12992K)->12391K(12992K) Class: 1969K(2368K)->1969K(2368K)
[255.754s][info][gc             ] GC(1125) Pause Young (Allocation Failure) 400M->11M(1748M) 2.818ms
[255.754s][info][gc,cpu         ] GC(1125) User=0.00s Sys=0.00s Real=0.00s
[256.069s][info][gc,start       ] GC(1126) Pause Young (Allocation Failure)
[256.072s][info][gc,heap        ] GC(1126) PSYoungGen: 392192K(392192K)->1024K(384000K) Eden: 391168K(391168K)->0K(382976K) From: 1024K(1024K)->1024K(1024K)
[256.072s][info][gc,heap        ] GC(1126) ParOldGen: 10285K(1398272K)->10389K(1398272K)
[256.072s][info][gc,metaspace   ] GC(1126) Metaspace: 14360K(15360K)->14360K(15360K) NonClass: 12391K(12992K)->12391K(12992K) Class: 1969K(2368K)->1969K(2368K)
[256.072s][info][gc             ] GC(1126) Pause Young (Allocation Failure) 393M->11M(1740M) 3.487ms
[256.072s][info][gc,cpu         ] GC(1126) User=0.00s Sys=0.00s Real=0.00s
[256.353s][info][gc,start       ] GC(1127) Pause Young (Allocation Failure)
[256.356s][info][gc,heap        ] GC(1127) PSYoungGen: 384000K(384000K)->992K(376320K) Eden: 382976K(382976K)->0K(375296K) From: 1024K(1024K)->992K(1024K)
[256.356s][info][gc,heap        ] GC(1127) ParOldGen: 10389K(1398272K)->10485K(1398272K)
[256.356s][info][gc,metaspace   ] GC(1127) Metaspace: 14360K(15360K)->14360K(15360K) NonClass: 12391K(12992K)->12391K(12992K) Class: 1969K(2368K)->1969K(2368K)
[256.356s][info][gc             ] GC(1127) Pause Young (Allocation Failure) 385M->11M(1733M) 2.705ms
[256.356s][info][gc,cpu         ] GC(1127) User=0.00s Sys=0.00s Real=0.00s
[256.640s][info][gc,start       ] GC(1128) Pause Young (Allocation Failure)
[256.648s][info][gc,heap        ] GC(1128) PSYoungGen: 376288K(376320K)->1024K(368640K) Eden: 375296K(375296K)->0K(367616K) From: 992K(1024K)->1024K(1024K)
[256.648s][info][gc,heap        ] GC(1128) ParOldGen: 10485K(1398272K)->10601K(1398272K)
[256.648s][info][gc,metaspace   ] GC(1128) Metaspace: 14360K(15360K)->14360K(15360K) NonClass: 12391K(12992K)->12391K(12992K) Class: 1969K(2368K)->1969K(2368K)
[256.648s][info][gc             ] GC(1128) Pause Young (Allocation Failure) 377M->11M(1725M) 8.237ms
[256.648s][info][gc,cpu         ] GC(1128) User=0.00s Sys=0.00s Real=0.01s
[256.898s][info][gc,start       ] GC(1129) Pause Young (Allocation Failure)
[256.901s][info][gc,heap        ] GC(1129) PSYoungGen: 368640K(368640K)->1024K(361472K) Eden: 367616K(367616K)->0K(360448K) From: 1024K(1024K)->1024K(1024K)
[256.901s][info][gc,heap        ] GC(1129) ParOldGen: 10601K(1398272K)->10705K(1398272K)
[256.901s][info][gc,metaspace   ] GC(1129) Metaspace: 14360K(15360K)->14360K(15360K) NonClass: 12391K(12992K)->12391K(12992K) Class: 1969K(2368K)->1969K(2368K)
[256.901s][info][gc             ] GC(1129) Pause Young (Allocation Failure) 370M->11M(1718M) 2.544ms
[256.901s][info][gc,cpu         ] GC(1129) User=0.00s Sys=0.00s Real=0.00s
[257.147s][info][gc,start       ] GC(1130) Pause Young (Allocation Failure)
[257.150s][info][gc,heap        ] GC(1130) PSYoungGen: 361472K(361472K)->992K(354304K) Eden: 360448K(360448K)->0K(353280K) From: 1024K(1024K)->992K(1024K)
[257.150s][info][gc,heap        ] GC(1130) ParOldGen: 10705K(1398272K)->10801K(1398272K)
[257.150s][info][gc,metaspace   ] GC(1130) Metaspace: 14360K(15360K)->14360K(15360K) NonClass: 12391K(12992K)->12391K(12992K) Class: 1969K(2368K)->1969K(2368K)
[257.150s][info][gc             ] GC(1130) Pause Young (Allocation Failure) 363M->11M(1711M) 2.748ms
[257.150s][info][gc,cpu         ] GC(1130) User=0.00s Sys=0.00s Real=0.00s
[257.388s][info][gc,start       ] GC(1131) Pause Young (Allocation Failure)
[257.391s][info][gc,heap        ] GC(1131) PSYoungGen: 354272K(354304K)->1024K(347648K) Eden: 353280K(353280K)->0K(346624K) From: 992K(1024K)->1024K(1024K)
[257.391s][info][gc,heap        ] GC(1131) ParOldGen: 10801K(1398272K)->10929K(1398272K)
[257.391s][info][gc,metaspace   ] GC(1131) Metaspace: 14360K(15360K)->14360K(15360K) NonClass: 12391K(12992K)->12391K(12992K) Class: 1969K(2368K)->1969K(2368K)
[257.391s][info][gc             ] GC(1131) Pause Young (Allocation Failure) 356M->11M(1705M) 2.681ms
[257.391s][info][gc,cpu         ] GC(1131) User=0.52s Sys=0.00s Real=0.00s
[257.624s][info][gc,start       ] GC(1132) Pause Young (Allocation Failure)
[257.627s][info][gc,heap        ] GC(1132) PSYoungGen: 347648K(347648K)->1024K(340992K) Eden: 346624K(346624K)->0K(339968K) From: 1024K(1024K)->1024K(1024K)
[257.627s][info][gc,heap        ] GC(1132) ParOldGen: 10929K(1398272K)->11033K(1398272K)
[257.627s][info][gc,metaspace   ] GC(1132) Metaspace: 14360K(15360K)->14360K(15360K) NonClass: 12391K(12992K)->12391K(12992K) Class: 1969K(2368K)->1969K(2368K)
[257.627s][info][gc             ] GC(1132) Pause Young (Allocation Failure) 350M->11M(1698M) 2.692ms
[257.627s][info][gc,cpu         ] GC(1132) User=0.00s Sys=0.00s Real=0.00s
[257.863s][info][gc,start       ] GC(1133) Pause Young (Allocation Failure)
[257.866s][info][gc,heap        ] GC(1133) PSYoungGen: 340992K(340992K)->992K(334336K) Eden: 339968K(339968K)->0K(333312K) From: 1024K(1024K)->992K(1024K)
[257.866s][info][gc,heap        ] GC(1133) ParOldGen: 11033K(1398272K)->11145K(1398272K)
[257.866s][info][gc,metaspace   ] GC(1133) Metaspace: 14360K(15360K)->14360K(15360K) NonClass: 12391K(12992K)->12391K(12992K) Class: 1969K(2368K)->1969K(2368K)
[257.866s][info][gc             ] GC(1133) Pause Young (Allocation Failure) 343M->11M(1692M) 2.669ms
[257.866s][info][gc,cpu         ] GC(1133) User=0.00s Sys=0.00s Real=0.00s
[258.090s][info][gc,start       ] GC(1134) Pause Young (Allocation Failure)
[258.093s][info][gc,heap        ] GC(1134) PSYoungGen: 334304K(334336K)->1024K(401408K) Eden: 333312K(333312K)->0K(400384K) From: 992K(1024K)->1024K(1024K)
[258.093s][info][gc,heap        ] GC(1134) ParOldGen: 11145K(1398272K)->11265K(1398272K)
[258.093s][info][gc,metaspace   ] GC(1134) Metaspace: 14360K(15360K)->14360K(15360K) NonClass: 12391K(12992K)->12391K(12992K) Class: 1969K(2368K)->1969K(2368K)
[258.093s][info][gc             ] GC(1134) Pause Young (Allocation Failure) 337M->12M(1757M) 2.751ms
[258.093s][info][gc,cpu         ] GC(1134) User=0.52s Sys=0.00s Real=0.00s
[258.361s][info][gc,start       ] GC(1135) Pause Young (Allocation Failure)
[258.364s][info][gc,heap        ] GC(1135) PSYoungGen: 401408K(401408K)->1024K(481792K) Eden: 400384K(400384K)->0K(480768K) From: 1024K(1024K)->1024K(1024K)
[258.364s][info][gc,heap        ] GC(1135) ParOldGen: 11265K(1398272K)->11353K(1398272K)
[258.364s][info][gc,metaspace   ] GC(1135) Metaspace: 14360K(15360K)->14360K(15360K) NonClass: 12391K(12992K)->12391K(12992K) Class: 1969K(2368K)->1969K(2368K)
[258.364s][info][gc             ] GC(1135) Pause Young (Allocation Failure) 403M->12M(1836M) 2.866ms
[258.364s][info][gc,cpu         ] GC(1135) User=0.00s Sys=0.00s Real=0.00s
[258.676s][info][gc,start       ] GC(1136) Pause Young (Allocation Failure)
[258.679s][info][gc,heap        ] GC(1136) PSYoungGen: 481792K(481792K)->992K(470528K) Eden: 480768K(480768K)->0K(469504K) From: 1024K(1024K)->992K(1024K)
[258.679s][info][gc,heap        ] GC(1136) ParOldGen: 11353K(1398272K)->11449K(1398272K)
[258.679s][info][gc,metaspace   ] GC(1136) Metaspace: 14360K(15360K)->14360K(15360K) NonClass: 12391K(12992K)->12391K(12992K) Class: 1969K(2368K)->1969K(2368K)
[258.679s][info][gc             ] GC(1136) Pause Young (Allocation Failure) 481M->12M(1825M) 3.054ms
[258.679s][info][gc,cpu         ] GC(1136) User=0.00s Sys=0.00s Real=0.00s
[258.977s][info][gc,start       ] GC(1137) Pause Young (Allocation Failure)
[258.980s][info][gc,heap        ] GC(1137) PSYoungGen: 470496K(470528K)->1024K(459776K) Eden: 469504K(469504K)->0K(458752K) From: 992K(1024K)->1024K(1024K)
[258.980s][info][gc,heap        ] GC(1137) ParOldGen: 11449K(1398272K)->11569K(1398272K)
[258.980s][info][gc,metaspace   ] GC(1137) Metaspace: 14360K(15360K)->14360K(15360K) NonClass: 12391K(12992K)->12391K(12992K) Class: 1969K(2368K)->1969K(2368K)
[258.980s][info][gc             ] GC(1137) Pause Young (Allocation Failure) 470M->12M(1814M) 3.059ms
[258.980s][info][gc,cpu         ] GC(1137) User=0.00s Sys=0.00s Real=0.00s
[259.193s][info][gc,start       ] GC(1138) Pause Young (Allocation Failure)
[259.196s][info][gc,heap        ] GC(1138) PSYoungGen: 459776K(459776K)->768K(509952K) Eden: 458752K(458752K)->0K(508416K) From: 1024K(1024K)->768K(1536K)
[259.196s][info][gc,heap        ] GC(1138) ParOldGen: 11569K(1398272K)->11681K(1398272K)
[259.196s][info][gc,metaspace   ] GC(1138) Metaspace: 14360K(15360K)->14360K(15360K) NonClass: 12391K(12992K)->12391K(12992K) Class: 1969K(2368K)->1969K(2368K)
[259.196s][info][gc             ] GC(1138) Pause Young (Allocation Failure) 460M->12M(1863M) 2.713ms
[259.196s][info][gc,cpu         ] GC(1138) User=0.00s Sys=0.00s Real=0.00s
[259.321s][info][gc,start       ] GC(1139) Pause Young (System.gc())
[259.324s][info][gc,heap        ] GC(1139) PSYoungGen: 119153K(509952K)->352K(552448K) Eden: 118385K(508416K)->0K(550912K) From: 768K(1536K)->352K(1536K)
[259.324s][info][gc,heap        ] GC(1139) ParOldGen: 11681K(1398272K)->11769K(1398272K)
[259.324s][info][gc,metaspace   ] GC(1139) Metaspace: 14360K(15360K)->14360K(15360K) NonClass: 12391K(12992K)->12391K(12992K) Class: 1969K(2368K)->1969K(2368K)
[259.324s][info][gc             ] GC(1139) Pause Young (System.gc()) 127M->11M(1905M) 3.270ms
[259.324s][info][gc,cpu         ] GC(1139) User=0.00s Sys=0.00s Real=0.00s
[259.324s][info][gc,start       ] GC(1140) Pause Full (System.gc())
[259.325s][info][gc,phases,start] GC(1140) Marking Phase
[259.340s][info][gc,phases      ] GC(1140) Marking Phase 15.637ms
[259.340s][info][gc,phases,start] GC(1140) Summary Phase
[259.340s][info][gc,phases      ] GC(1140) Summary Phase 0.029ms
[259.340s][info][gc,phases,start] GC(1140) Adjust Roots
[259.346s][info][gc,phases      ] GC(1140) Adjust Roots 5.926ms
[259.346s][info][gc,phases,start] GC(1140) Compaction Phase
[259.348s][info][gc,phases      ] GC(1140) Compaction Phase 1.885ms
[259.348s][info][gc,phases,start] GC(1140) Post Compact
[259.349s][info][gc,phases      ] GC(1140) Post Compact 0.504ms
[259.349s][info][gc,heap        ] GC(1140) PSYoungGen: 352K(552448K)->0K(552448K) Eden: 0K(550912K)->0K(550912K) From: 352K(1536K)->0K(1536K)
[259.349s][info][gc,heap        ] GC(1140) ParOldGen: 11769K(1398272K)->5387K(1398272K)
[259.349s][info][gc,metaspace   ] GC(1140) Metaspace: 14360K(15360K)->14360K(15360K) NonClass: 12391K(12992K)->12391K(12992K) Class: 1969K(2368K)->1969K(2368K)
[259.349s][info][gc             ] GC(1140) Pause Full (System.gc()) 11M->5M(1905M) 24.251ms
[259.349s][info][gc,cpu         ] GC(1140) User=0.02s Sys=0.00s Real=0.01s
[259.800s][info][gc,start       ] GC(1141) Pause Young (Allocation Failure)
[259.804s][info][gc,heap        ] GC(1141) PSYoungGen: 550912K(552448K)->1536K(538624K) Eden: 550912K(550912K)->0K(537088K) From: 0K(1536K)->1536K(1536K)
[259.804s][info][gc,heap        ] GC(1141) ParOldGen: 5387K(1398272K)->5766K(1398272K)
[259.804s][info][gc,metaspace   ] GC(1141) Metaspace: 14381K(15424K)->14381K(15424K) NonClass: 12412K(13056K)->12412K(13056K) Class: 1969K(2368K)->1969K(2368K)
[259.804s][info][gc             ] GC(1141) Pause Young (Allocation Failure) 543M->7M(1891M) 3.460ms
[259.804s][info][gc,cpu         ] GC(1141) User=0.00s Sys=0.00s Real=0.00s
[260.160s][info][gc,start       ] GC(1142) Pause Young (Allocation Failure)
[260.163s][info][gc,heap        ] GC(1142) PSYoungGen: 538624K(538624K)->512K(524288K) Eden: 537088K(537088K)->0K(523776K) From: 1536K(1536K)->512K(512K)
[260.163s][info][gc,heap        ] GC(1142) ParOldGen: 5766K(1398272K)->7203K(1398272K)
[260.163s][info][gc,metaspace   ] GC(1142) Metaspace: 14381K(15424K)->14381K(15424K) NonClass: 12412K(13056K)->12412K(13056K) Class: 1969K(2368K)->1969K(2368K)
[260.163s][info][gc             ] GC(1142) Pause Young (Allocation Failure) 531M->7M(1877M) 2.832ms
[260.163s][info][gc,cpu         ] GC(1142) User=0.00s Sys=0.00s Real=0.00s
[260.512s][info][gc,start       ] GC(1143) Pause Young (Allocation Failure)
[260.515s][info][gc,heap        ] GC(1143) PSYoungGen: 524288K(524288K)->1056K(513024K) Eden: 523776K(523776K)->0K(510976K) From: 512K(512K)->1056K(2048K)
[260.515s][info][gc,heap        ] GC(1143) ParOldGen: 7203K(1398272K)->7251K(1398272K)
[260.515s][info][gc,metaspace   ] GC(1143) Metaspace: 14381K(15424K)->14381K(15424K) NonClass: 12412K(13056K)->12412K(13056K) Class: 1969K(2368K)->1969K(2368K)
[260.515s][info][gc             ] GC(1143) Pause Young (Allocation Failure) 519M->8M(1866M) 2.825ms
[260.515s][info][gc,cpu         ] GC(1143) User=0.52s Sys=0.00s Real=0.00s
[260.855s][info][gc,start       ] GC(1144) Pause Young (Allocation Failure)
[260.858s][info][gc,heap        ] GC(1144) PSYoungGen: 512032K(513024K)->1024K(499712K) Eden: 510976K(510976K)->0K(498688K) From: 1056K(2048K)->1024K(1024K)
[260.858s][info][gc,heap        ] GC(1144) ParOldGen: 7251K(1398272K)->7403K(1398272K)
[260.858s][info][gc,metaspace   ] GC(1144) Metaspace: 14381K(15424K)->14381K(15424K) NonClass: 12412K(13056K)->12412K(13056K) Class: 1969K(2368K)->1969K(2368K)
[260.858s][info][gc             ] GC(1144) Pause Young (Allocation Failure) 507M->8M(1853M) 2.881ms
[260.858s][info][gc,cpu         ] GC(1144) User=0.00s Sys=0.00s Real=0.00s
[261.192s][info][gc,start       ] GC(1145) Pause Young (Allocation Failure)
[261.195s][info][gc,heap        ] GC(1145) PSYoungGen: 499712K(499712K)->1056K(488448K) Eden: 498688K(498688K)->0K(486912K) From: 1024K(1024K)->1056K(1536K)
[261.195s][info][gc,heap        ] GC(1145) ParOldGen: 7403K(1398272K)->7547K(1398272K)
[261.195s][info][gc,metaspace   ] GC(1145) Metaspace: 14381K(15424K)->14381K(15424K) NonClass: 12412K(13056K)->12412K(13056K) Class: 1969K(2368K)->1969K(2368K)
[261.195s][info][gc             ] GC(1145) Pause Young (Allocation Failure) 495M->8M(1842M) 2.924ms
[261.195s][info][gc,cpu         ] GC(1145) User=0.00s Sys=0.00s Real=0.00s
[261.518s][info][gc,start       ] GC(1146) Pause Young (Allocation Failure)
[261.521s][info][gc,heap        ] GC(1146) PSYoungGen: 487968K(488448K)->1024K(476672K) Eden: 486912K(486912K)->0K(475648K) From: 1056K(1536K)->1024K(1024K)
[261.521s][info][gc,heap        ] GC(1146) ParOldGen: 7547K(1398272K)->7667K(1398272K)
[261.521s][info][gc,metaspace   ] GC(1146) Metaspace: 14381K(15424K)->14381K(15424K) NonClass: 12412K(13056K)->12412K(13056K) Class: 1969K(2368K)->1969K(2368K)
[261.521s][info][gc             ] GC(1146) Pause Young (Allocation Failure) 483M->8M(1831M) 2.968ms
[261.521s][info][gc,cpu         ] GC(1146) User=0.00s Sys=0.00s Real=0.00s
[261.842s][info][gc,start       ] GC(1147) Pause Young (Allocation Failure)
[261.845s][info][gc,heap        ] GC(1147) PSYoungGen: 476672K(476672K)->1024K(465408K) Eden: 475648K(475648K)->0K(464384K) From: 1024K(1024K)->1024K(1024K)
[261.845s][info][gc,heap        ] GC(1147) ParOldGen: 7667K(1398272K)->7779K(1398272K)
[261.845s][info][gc,metaspace   ] GC(1147) Metaspace: 14381K(15424K)->14381K(15424K) NonClass: 12412K(13056K)->12412K(13056K) Class: 1969K(2368K)->1969K(2368K)
[261.845s][info][gc             ] GC(1147) Pause Young (Allocation Failure) 472M->8M(1820M) 2.817ms
[261.845s][info][gc,cpu         ] GC(1147) User=0.00s Sys=0.00s Real=0.00s
[262.196s][info][gc,start       ] GC(1148) Pause Young (Allocation Failure)
[262.199s][info][gc,heap        ] GC(1148) PSYoungGen: 465408K(465408K)->1024K(454656K) Eden: 464384K(464384K)->0K(453632K) From: 1024K(1024K)->1024K(1024K)
[262.199s][info][gc,heap        ] GC(1148) ParOldGen: 7779K(1398272K)->7907K(1398272K)
[262.199s][info][gc,metaspace   ] GC(1148) Metaspace: 14381K(15424K)->14381K(15424K) NonClass: 12412K(13056K)->12412K(13056K) Class: 1969K(2368K)->1969K(2368K)
[262.199s][info][gc             ] GC(1148) Pause Young (Allocation Failure) 462M->8M(1809M) 2.608ms
[262.199s][info][gc,cpu         ] GC(1148) User=0.00s Sys=0.00s Real=0.00s
[262.499s][info][gc,start       ] GC(1149) Pause Young (Allocation Failure)
[262.502s][info][gc,heap        ] GC(1149) PSYoungGen: 454656K(454656K)->1024K(445440K) Eden: 453632K(453632K)->0K(443392K) From: 1024K(1024K)->1024K(2048K)
[262.502s][info][gc,heap        ] GC(1149) ParOldGen: 7907K(1398272K)->8011K(1398272K)
[262.502s][info][gc,metaspace   ] GC(1149) Metaspace: 14381K(15424K)->14381K(15424K) NonClass: 12412K(13056K)->12412K(13056K) Class: 1969K(2368K)->1969K(2368K)
[262.502s][info][gc             ] GC(1149) Pause Young (Allocation Failure) 451M->8M(1800M) 2.672ms
[262.502s][info][gc,cpu         ] GC(1149) User=0.00s Sys=0.00s Real=0.00s
[262.797s][info][gc,start       ] GC(1150) Pause Young (Allocation Failure)
[262.799s][info][gc,heap        ] GC(1150) PSYoungGen: 444416K(445440K)->1024K(434688K) Eden: 443392K(443392K)->0K(433664K) From: 1024K(2048K)->1024K(1024K)
[262.800s][info][gc,heap        ] GC(1150) ParOldGen: 8011K(1398272K)->8107K(1398272K)
[262.800s][info][gc,metaspace   ] GC(1150) Metaspace: 14381K(15424K)->14381K(15424K) NonClass: 12412K(13056K)->12412K(13056K) Class: 1969K(2368K)->1969K(2368K)
[262.800s][info][gc             ] GC(1150) Pause Young (Allocation Failure) 441M->8M(1790M) 2.644ms
[262.800s][info][gc,cpu         ] GC(1150) User=0.00s Sys=0.00s Real=0.00s
[263.086s][info][gc,start       ] GC(1151) Pause Young (Allocation Failure)
[263.089s][info][gc,heap        ] GC(1151) PSYoungGen: 434688K(434688K)->992K(424960K) Eden: 433664K(433664K)->0K(423936K) From: 1024K(1024K)->992K(1024K)
[263.089s][info][gc,heap        ] GC(1151) ParOldGen: 8107K(1398272K)->8203K(1398272K)
[263.089s][info][gc,metaspace   ] GC(1151) Metaspace: 14381K(15424K)->14381K(15424K) NonClass: 12412K(13056K)->12412K(13056K) Class: 1969K(2368K)->1969K(2368K)
[263.089s][info][gc             ] GC(1151) Pause Young (Allocation Failure) 432M->8M(1780M) 2.640ms
[263.089s][info][gc,cpu         ] GC(1151) User=0.00s Sys=0.00s Real=0.00s
[263.368s][info][gc,start       ] GC(1152) Pause Young (Allocation Failure)
[263.371s][info][gc,heap        ] GC(1152) PSYoungGen: 424928K(424960K)->1024K(415744K) Eden: 423936K(423936K)->0K(414720K) From: 992K(1024K)->1024K(1024K)
[263.371s][info][gc,heap        ] GC(1152) ParOldGen: 8203K(1398272K)->8323K(1398272K)
[263.371s][info][gc,metaspace   ] GC(1152) Metaspace: 14381K(15424K)->14381K(15424K) NonClass: 12412K(13056K)->12412K(13056K) Class: 1969K(2368K)->1969K(2368K)
[263.371s][info][gc             ] GC(1152) Pause Young (Allocation Failure) 422M->9M(1771M) 2.681ms
[263.371s][info][gc,cpu         ] GC(1152) User=0.00s Sys=0.00s Real=0.00s
[263.648s][info][gc,start       ] GC(1153) Pause Young (Allocation Failure)
[263.652s][info][gc,heap        ] GC(1153) PSYoungGen: 415744K(415744K)->1024K(407040K) Eden: 414720K(414720K)->0K(406016K) From: 1024K(1024K)->1024K(1024K)
[263.652s][info][gc,heap        ] GC(1153) ParOldGen: 8323K(1398272K)->8435K(1398272K)
[263.652s][info][gc,metaspace   ] GC(1153) Metaspace: 14381K(15424K)->14381K(15424K) NonClass: 12412K(13056K)->12412K(13056K) Class: 1969K(2368K)->1969K(2368K)
[263.652s][info][gc             ] GC(1153) Pause Young (Allocation Failure) 414M->9M(1763M) 4.663ms
[263.653s][info][gc,cpu         ] GC(1153) User=0.00s Sys=0.00s Real=0.01s
[263.921s][info][gc,start       ] GC(1154) Pause Young (Allocation Failure)
[263.924s][info][gc,heap        ] GC(1154) PSYoungGen: 407040K(407040K)->992K(398336K) Eden: 406016K(406016K)->0K(397312K) From: 1024K(1024K)->992K(1024K)
[263.924s][info][gc,heap        ] GC(1154) ParOldGen: 8435K(1398272K)->8547K(1398272K)
[263.924s][info][gc,metaspace   ] GC(1154) Metaspace: 14381K(15424K)->14381K(15424K) NonClass: 12412K(13056K)->12412K(13056K) Class: 1969K(2368K)->1969K(2368K)
[263.924s][info][gc             ] GC(1154) Pause Young (Allocation Failure) 405M->9M(1754M) 2.754ms
[263.924s][info][gc,cpu         ] GC(1154) User=0.00s Sys=0.00s Real=0.00s
[264.188s][info][gc,start       ] GC(1155) Pause Young (Allocation Failure)
[264.191s][info][gc,heap        ] GC(1155) PSYoungGen: 398304K(398336K)->1024K(390144K) Eden: 397312K(397312K)->0K(389120K) From: 992K(1024K)->1024K(1024K)
[264.191s][info][gc,heap        ] GC(1155) ParOldGen: 8547K(1398272K)->8643K(1398272K)
[264.191s][info][gc,metaspace   ] GC(1155) Metaspace: 14381K(15424K)->14381K(15424K) NonClass: 12412K(13056K)->12412K(13056K) Class: 1969K(2368K)->1969K(2368K)
[264.191s][info][gc             ] GC(1155) Pause Young (Allocation Failure) 397M->9M(1746M) 2.740ms
[264.191s][info][gc,cpu         ] GC(1155) User=0.00s Sys=0.00s Real=0.00s
[264.451s][info][gc,start       ] GC(1156) Pause Young (Allocation Failure)
[264.454s][info][gc,heap        ] GC(1156) PSYoungGen: 390144K(390144K)->992K(381952K) Eden: 389120K(389120K)->0K(380928K) From: 1024K(1024K)->992K(1024K)
[264.454s][info][gc,heap        ] GC(1156) ParOldGen: 8643K(1398272K)->8747K(1398272K)
[264.454s][info][gc,metaspace   ] GC(1156) Metaspace: 14381K(15424K)->14381K(15424K) NonClass: 12412K(13056K)->12412K(13056K) Class: 1969K(2368K)->1969K(2368K)
[264.454s][info][gc             ] GC(1156) Pause Young (Allocation Failure) 389M->9M(1738M) 2.800ms
[264.454s][info][gc,cpu         ] GC(1156) User=0.52s Sys=0.00s Real=0.00s
[264.704s][info][gc,start       ] GC(1157) Pause Young (Allocation Failure)
[264.706s][info][gc,heap        ] GC(1157) PSYoungGen: 381920K(381952K)->1056K(374784K) Eden: 380928K(380928K)->0K(373248K) From: 992K(1024K)->1056K(1536K)
[264.706s][info][gc,heap        ] GC(1157) ParOldGen: 8747K(1398272K)->8859K(1398272K)
[264.706s][info][gc,metaspace   ] GC(1157) Metaspace: 14381K(15424K)->14381K(15424K) NonClass: 12412K(13056K)->12412K(13056K) Class: 1969K(2368K)->1969K(2368K)
[264.706s][info][gc             ] GC(1157) Pause Young (Allocation Failure) 381M->9M(1731M) 2.840ms
[264.706s][info][gc,cpu         ] GC(1157) User=0.00s Sys=0.00s Real=0.00s
[264.953s][info][gc,start       ] GC(1158) Pause Young (Allocation Failure)
[264.956s][info][gc,heap        ] GC(1158) PSYoungGen: 374304K(374784K)->1024K(366592K) Eden: 373248K(373248K)->0K(365568K) From: 1056K(1536K)->1024K(1024K)
[264.956s][info][gc,heap        ] GC(1158) ParOldGen: 8859K(1398272K)->8971K(1398272K)
[264.956s][info][gc,metaspace   ] GC(1158) Metaspace: 14381K(15424K)->14381K(15424K) NonClass: 12412K(13056K)->12412K(13056K) Class: 1969K(2368K)->1969K(2368K)
[264.956s][info][gc             ] GC(1158) Pause Young (Allocation Failure) 374M->9M(1723M) 2.789ms
[264.956s][info][gc,cpu         ] GC(1158) User=0.00s Sys=0.00s Real=0.00s
[265.199s][info][gc,start       ] GC(1159) Pause Young (Allocation Failure)
[265.201s][info][gc,heap        ] GC(1159) PSYoungGen: 366592K(366592K)->1024K(439808K) Eden: 365568K(365568K)->0K(438784K) From: 1024K(1024K)->1024K(1024K)
[265.201s][info][gc,heap        ] GC(1159) ParOldGen: 8971K(1398272K)->9067K(1398272K)
[265.201s][info][gc,metaspace   ] GC(1159) Metaspace: 14381K(15424K)->14381K(15424K) NonClass: 12412K(13056K)->12412K(13056K) Class: 1969K(2368K)->1969K(2368K)
[265.201s][info][gc             ] GC(1159) Pause Young (Allocation Failure) 366M->9M(1795M) 2.878ms
[265.202s][info][gc,cpu         ] GC(1159) User=0.00s Sys=0.00s Real=0.00s
[265.537s][info][gc,start       ] GC(1160) Pause Young (Allocation Failure)
[265.540s][info][gc,heap        ] GC(1160) PSYoungGen: 439808K(439808K)->992K(430080K) Eden: 438784K(438784K)->0K(429056K) From: 1024K(1024K)->992K(1024K)
[265.540s][info][gc,heap        ] GC(1160) ParOldGen: 9067K(1398272K)->9139K(1398272K)
[265.540s][info][gc,metaspace   ] GC(1160) Metaspace: 14381K(15424K)->14381K(15424K) NonClass: 12412K(13056K)->12412K(13056K) Class: 1969K(2368K)->1969K(2368K)
[265.541s][info][gc             ] GC(1160) Pause Young (Allocation Failure) 438M->9M(1785M) 3.642ms
[265.541s][info][gc,cpu         ] GC(1160) User=0.00s Sys=0.00s Real=0.00s
[265.843s][info][gc,start       ] GC(1161) Pause Young (Allocation Failure)
[265.846s][info][gc,heap        ] GC(1161) PSYoungGen: 430048K(430080K)->1024K(420864K) Eden: 429056K(429056K)->0K(419840K) From: 992K(1024K)->1024K(1024K)
[265.846s][info][gc,heap        ] GC(1161) ParOldGen: 9139K(1398272K)->9267K(1398272K)
[265.846s][info][gc,metaspace   ] GC(1161) Metaspace: 14381K(15424K)->14381K(15424K) NonClass: 12412K(13056K)->12412K(13056K) Class: 1969K(2368K)->1969K(2368K)
[265.846s][info][gc             ] GC(1161) Pause Young (Allocation Failure) 428M->10M(1776M) 2.733ms
[265.846s][info][gc,cpu         ] GC(1161) User=0.00s Sys=0.00s Real=0.00s
[266.131s][info][gc,start       ] GC(1162) Pause Young (Allocation Failure)
[266.133s][info][gc,heap        ] GC(1162) PSYoungGen: 420864K(420864K)->1024K(411648K) Eden: 419840K(419840K)->0K(410624K) From: 1024K(1024K)->1024K(1024K)
[266.133s][info][gc,heap        ] GC(1162) ParOldGen: 9267K(1398272K)->9387K(1398272K)
[266.133s][info][gc,metaspace   ] GC(1162) Metaspace: 14381K(15424K)->14381K(15424K) NonClass: 12412K(13056K)->12412K(13056K) Class: 1969K(2368K)->1969K(2368K)
[266.133s][info][gc             ] GC(1162) Pause Young (Allocation Failure) 420M->10M(1767M) 2.768ms
[266.133s][info][gc,cpu         ] GC(1162) User=0.00s Sys=0.00s Real=0.00s
[266.425s][info][gc,start       ] GC(1163) Pause Young (Allocation Failure)
[266.428s][info][gc,heap        ] GC(1163) PSYoungGen: 411648K(411648K)->1024K(402944K) Eden: 410624K(410624K)->0K(401920K) From: 1024K(1024K)->1024K(1024K)
[266.428s][info][gc,heap        ] GC(1163) ParOldGen: 9387K(1398272K)->9483K(1398272K)
[266.428s][info][gc,metaspace   ] GC(1163) Metaspace: 14381K(15424K)->14381K(15424K) NonClass: 12412K(13056K)->12412K(13056K) Class: 1969K(2368K)->1969K(2368K)
[266.428s][info][gc             ] GC(1163) Pause Young (Allocation Failure) 411M->10M(1759M) 2.701ms
[266.428s][info][gc,cpu         ] GC(1163) User=0.00s Sys=0.00s Real=0.00s
[266.693s][info][gc,start       ] GC(1164) Pause Young (Allocation Failure)
[266.696s][info][gc,heap        ] GC(1164) PSYoungGen: 402944K(402944K)->992K(394240K) Eden: 401920K(401920K)->0K(393216K) From: 1024K(1024K)->992K(1024K)
[266.696s][info][gc,heap        ] GC(1164) ParOldGen: 9483K(1398272K)->9619K(1398272K)
[266.696s][info][gc,metaspace   ] GC(1164) Metaspace: 14381K(15424K)->14381K(15424K) NonClass: 12412K(13056K)->12412K(13056K) Class: 1969K(2368K)->1969K(2368K)
[266.696s][info][gc             ] GC(1164) Pause Young (Allocation Failure) 402M->10M(1750M) 2.755ms
[266.696s][info][gc,cpu         ] GC(1164) User=0.00s Sys=0.00s Real=0.00s
[266.956s][info][gc,start       ] GC(1165) Pause Young (Allocation Failure)
[266.958s][info][gc,heap        ] GC(1165) PSYoungGen: 394208K(394240K)->1024K(386048K) Eden: 393216K(393216K)->0K(385024K) From: 992K(1024K)->1024K(1024K)
[266.959s][info][gc,heap        ] GC(1165) ParOldGen: 9619K(1398272K)->9739K(1398272K)
[266.959s][info][gc,metaspace   ] GC(1165) Metaspace: 14381K(15424K)->14381K(15424K) NonClass: 12412K(13056K)->12412K(13056K) Class: 1969K(2368K)->1969K(2368K)
[266.959s][info][gc             ] GC(1165) Pause Young (Allocation Failure) 394M->10M(1742M) 2.742ms
[266.959s][info][gc,cpu         ] GC(1165) User=0.00s Sys=0.00s Real=0.00s
[267.214s][info][gc,start       ] GC(1166) Pause Young (Allocation Failure)
[267.216s][info][gc,heap        ] GC(1166) PSYoungGen: 386048K(386048K)->1024K(378368K) Eden: 385024K(385024K)->0K(377344K) From: 1024K(1024K)->1024K(1024K)
[267.216s][info][gc,heap        ] GC(1166) ParOldGen: 9739K(1398272K)->9843K(1398272K)
[267.216s][info][gc,metaspace   ] GC(1166) Metaspace: 14381K(15424K)->14381K(15424K) NonClass: 12412K(13056K)->12412K(13056K) Class: 1969K(2368K)->1969K(2368K)
[267.216s][info][gc             ] GC(1166) Pause Young (Allocation Failure) 386M->10M(1735M) 2.734ms
[267.216s][info][gc,cpu         ] GC(1166) User=0.00s Sys=0.00s Real=0.00s
[267.467s][info][gc,start       ] GC(1167) Pause Young (Allocation Failure)
[267.469s][info][gc,heap        ] GC(1167) PSYoungGen: 378368K(378368K)->1024K(370688K) Eden: 377344K(377344K)->0K(369664K) From: 1024K(1024K)->1024K(1024K)
[267.469s][info][gc,heap        ] GC(1167) ParOldGen: 9843K(1398272K)->9931K(1398272K)
[267.469s][info][gc,metaspace   ] GC(1167) Metaspace: 14381K(15424K)->14381K(15424K) NonClass: 12412K(13056K)->12412K(13056K) Class: 1969K(2368K)->1969K(2368K)
[267.469s][info][gc             ] GC(1167) Pause Young (Allocation Failure) 379M->10M(1727M) 2.788ms
[267.469s][info][gc,cpu         ] GC(1167) User=0.52s Sys=0.00s Real=0.00s
[267.713s][info][gc,start       ] GC(1168) Pause Young (Allocation Failure)
[267.716s][info][gc,heap        ] GC(1168) PSYoungGen: 370688K(370688K)->1024K(363520K) Eden: 369664K(369664K)->0K(362496K) From: 1024K(1024K)->1024K(1024K)
[267.716s][info][gc,heap        ] GC(1168) ParOldGen: 9931K(1398272K)->10027K(1398272K)
[267.716s][info][gc,metaspace   ] GC(1168) Metaspace: 14381K(15424K)->14381K(15424K) NonClass: 12412K(13056K)->12412K(13056K) Class: 1969K(2368K)->1969K(2368K)
[267.716s][info][gc             ] GC(1168) Pause Young (Allocation Failure) 371M->10M(1720M) 2.816ms
[267.716s][info][gc,cpu         ] GC(1168) User=0.00s Sys=0.00s Real=0.00s
[267.957s][info][gc,start       ] GC(1169) Pause Young (Allocation Failure)
[267.960s][info][gc,heap        ] GC(1169) PSYoungGen: 363520K(363520K)->1024K(436224K) Eden: 362496K(362496K)->0K(435200K) From: 1024K(1024K)->1024K(1024K)
[267.960s][info][gc,heap        ] GC(1169) ParOldGen: 10027K(1398272K)->10099K(1398272K)
[267.960s][info][gc,metaspace   ] GC(1169) Metaspace: 14381K(15424K)->14381K(15424K) NonClass: 12412K(13056K)->12412K(13056K) Class: 1969K(2368K)->1969K(2368K)
[267.960s][info][gc             ] GC(1169) Pause Young (Allocation Failure) 364M->10M(1791M) 2.851ms
[267.960s][info][gc,cpu         ] GC(1169) User=0.00s Sys=0.00s Real=0.00s
[268.399s][info][gc,start       ] GC(1170) Pause Young (Allocation Failure)
[268.402s][info][gc,heap        ] GC(1170) PSYoungGen: 436224K(436224K)->1024K(426496K) Eden: 435200K(435200K)->0K(425472K) From: 1024K(1024K)->1024K(1024K)
[268.402s][info][gc,heap        ] GC(1170) ParOldGen: 10099K(1398272K)->10203K(1398272K)
[268.402s][info][gc,metaspace   ] GC(1170) Metaspace: 14381K(15424K)->14381K(15424K) NonClass: 12412K(13056K)->12412K(13056K) Class: 1969K(2368K)->1969K(2368K)
[268.402s][info][gc             ] GC(1170) Pause Young (Allocation Failure) 435M->10M(1782M) 3.655ms
[268.402s][info][gc,cpu         ] GC(1170) User=0.00s Sys=0.00s Real=0.00s
[268.706s][info][gc,start       ] GC(1171) Pause Young (Allocation Failure)
[268.709s][info][gc,heap        ] GC(1171) PSYoungGen: 426496K(426496K)->1024K(417280K) Eden: 425472K(425472K)->0K(416256K) From: 1024K(1024K)->1024K(1024K)
[268.709s][info][gc,heap        ] GC(1171) ParOldGen: 10203K(1398272K)->10315K(1398272K)
[268.709s][info][gc,metaspace   ] GC(1171) Metaspace: 14381K(15424K)->14381K(15424K) NonClass: 12412K(13056K)->12412K(13056K) Class: 1969K(2368K)->1969K(2368K)
[268.709s][info][gc             ] GC(1171) Pause Young (Allocation Failure) 426M->11M(1773M) 2.782ms
[268.709s][info][gc,cpu         ] GC(1171) User=0.00s Sys=0.00s Real=0.00s
[268.997s][info][gc,start       ] GC(1172) Pause Young (Allocation Failure)
[269.000s][info][gc,heap        ] GC(1172) PSYoungGen: 417280K(417280K)->1024K(408576K) Eden: 416256K(416256K)->0K(407552K) From: 1024K(1024K)->1024K(1024K)
[269.000s][info][gc,heap        ] GC(1172) ParOldGen: 10315K(1398272K)->10403K(1398272K)
[269.000s][info][gc,metaspace   ] GC(1172) Metaspace: 14381K(15424K)->14381K(15424K) NonClass: 12412K(13056K)->12412K(13056K) Class: 1969K(2368K)->1969K(2368K)
[269.000s][info][gc             ] GC(1172) Pause Young (Allocation Failure) 417M->11M(1764M) 2.705ms
[269.000s][info][gc,cpu         ] GC(1172) User=0.52s Sys=0.00s Real=0.00s
[269.294s][info][gc,start       ] GC(1173) Pause Young (Allocation Failure)
[269.296s][info][gc,heap        ] GC(1173) PSYoungGen: 408576K(408576K)->1024K(399872K) Eden: 407552K(407552K)->0K(398848K) From: 1024K(1024K)->1024K(1024K)
[269.296s][info][gc,heap        ] GC(1173) ParOldGen: 10403K(1398272K)->10555K(1398272K)
[269.296s][info][gc,metaspace   ] GC(1173) Metaspace: 14381K(15424K)->14381K(15424K) NonClass: 12412K(13056K)->12412K(13056K) Class: 1969K(2368K)->1969K(2368K)
[269.296s][info][gc             ] GC(1173) Pause Young (Allocation Failure) 409M->11M(1756M) 2.601ms
[269.296s][info][gc,cpu         ] GC(1173) User=0.52s Sys=0.00s Real=0.00s
[269.565s][info][gc,start       ] GC(1174) Pause Young (Allocation Failure)
[269.567s][info][gc,heap        ] GC(1174) PSYoungGen: 399872K(399872K)->960K(391680K) Eden: 398848K(398848K)->0K(390656K) From: 1024K(1024K)->960K(1024K)
[269.567s][info][gc,heap        ] GC(1174) ParOldGen: 10555K(1398272K)->10679K(1398272K)
[269.567s][info][gc,metaspace   ] GC(1174) Metaspace: 14381K(15424K)->14381K(15424K) NonClass: 12412K(13056K)->12412K(13056K) Class: 1969K(2368K)->1969K(2368K)
[269.567s][info][gc             ] GC(1174) Pause Young (Allocation Failure) 400M->11M(1748M) 2.700ms
[269.567s][info][gc,cpu         ] GC(1174) User=0.00s Sys=0.00s Real=0.00s
[269.831s][info][gc,start       ] GC(1175) Pause Young (Allocation Failure)
[269.833s][info][gc,heap        ] GC(1175) PSYoungGen: 391616K(391680K)->1024K(383488K) Eden: 390656K(390656K)->0K(382464K) From: 960K(1024K)->1024K(1024K)
[269.833s][info][gc,heap        ] GC(1175) ParOldGen: 10679K(1398272K)->10799K(1398272K)
[269.833s][info][gc,metaspace   ] GC(1175) Metaspace: 14381K(15424K)->14381K(15424K) NonClass: 12412K(13056K)->12412K(13056K) Class: 1969K(2368K)->1969K(2368K)
[269.833s][info][gc             ] GC(1175) Pause Young (Allocation Failure) 392M->11M(1740M) 2.667ms
[269.833s][info][gc,cpu         ] GC(1175) User=0.00s Sys=0.00s Real=0.00s
[270.090s][info][gc,start       ] GC(1176) Pause Young (Allocation Failure)
[270.093s][info][gc,heap        ] GC(1176) PSYoungGen: 383488K(383488K)->992K(375808K) Eden: 382464K(382464K)->0K(374784K) From: 1024K(1024K)->992K(1024K)
[270.093s][info][gc,heap        ] GC(1176) ParOldGen: 10799K(1398272K)->10895K(1398272K)
[270.093s][info][gc,metaspace   ] GC(1176) Metaspace: 14381K(15424K)->14381K(15424K) NonClass: 12412K(13056K)->12412K(13056K) Class: 1969K(2368K)->1969K(2368K)
[270.093s][info][gc             ] GC(1176) Pause Young (Allocation Failure) 385M->11M(1732M) 2.685ms
[270.093s][info][gc,cpu         ] GC(1176) User=0.52s Sys=0.00s Real=0.00s
[270.346s][info][gc,start       ] GC(1177) Pause Young (Allocation Failure)
[270.349s][info][gc,heap        ] GC(1177) PSYoungGen: 375776K(375808K)->1024K(368128K) Eden: 374784K(374784K)->0K(367104K) From: 992K(1024K)->1024K(1024K)
[270.349s][info][gc,heap        ] GC(1177) ParOldGen: 10895K(1398272K)->11007K(1398272K)
[270.349s][info][gc,metaspace   ] GC(1177) Metaspace: 14381K(15424K)->14381K(15424K) NonClass: 12412K(13056K)->12412K(13056K) Class: 1969K(2368K)->1969K(2368K)
[270.349s][info][gc             ] GC(1177) Pause Young (Allocation Failure) 377M->11M(1725M) 2.753ms
[270.349s][info][gc,cpu         ] GC(1177) User=0.00s Sys=0.00s Real=0.00s
[270.594s][info][gc,start       ] GC(1178) Pause Young (Allocation Failure)
[270.597s][info][gc,heap        ] GC(1178) PSYoungGen: 368128K(368128K)->1024K(360960K) Eden: 367104K(367104K)->0K(359936K) From: 1024K(1024K)->1024K(1024K)
[270.597s][info][gc,heap        ] GC(1178) ParOldGen: 11007K(1398272K)->11127K(1398272K)
[270.597s][info][gc,metaspace   ] GC(1178) Metaspace: 14381K(15424K)->14381K(15424K) NonClass: 12412K(13056K)->12412K(13056K) Class: 1969K(2368K)->1969K(2368K)
[270.597s][info][gc             ] GC(1178) Pause Young (Allocation Failure) 370M->11M(1718M) 2.741ms
[270.597s][info][gc,cpu         ] GC(1178) User=0.00s Sys=0.00s Real=0.00s
[270.838s][info][gc,start       ] GC(1179) Pause Young (Allocation Failure)
[270.841s][info][gc,heap        ] GC(1179) PSYoungGen: 360960K(360960K)->1024K(353792K) Eden: 359936K(359936K)->0K(352768K) From: 1024K(1024K)->1024K(1024K)
[270.841s][info][gc,heap        ] GC(1179) ParOldGen: 11127K(1398272K)->11231K(1398272K)
[270.841s][info][gc,metaspace   ] GC(1179) Metaspace: 14381K(15424K)->14381K(15424K) NonClass: 12412K(13056K)->12412K(13056K) Class: 1969K(2368K)->1969K(2368K)
[270.841s][info][gc             ] GC(1179) Pause Young (Allocation Failure) 363M->11M(1711M) 2.836ms
[270.841s][info][gc,cpu         ] GC(1179) User=0.00s Sys=0.00s Real=0.00s
[271.074s][info][gc,start       ] GC(1180) Pause Young (Allocation Failure)
[271.076s][info][gc,heap        ] GC(1180) PSYoungGen: 353792K(353792K)->1024K(424448K) Eden: 352768K(352768K)->0K(423424K) From: 1024K(1024K)->1024K(1024K)
[271.076s][info][gc,heap        ] GC(1180) ParOldGen: 11231K(1398272K)->11327K(1398272K)
[271.076s][info][gc,metaspace   ] GC(1180) Metaspace: 14381K(15424K)->14381K(15424K) NonClass: 12412K(13056K)->12412K(13056K) Class: 1969K(2368K)->1969K(2368K)
[271.076s][info][gc             ] GC(1180) Pause Young (Allocation Failure) 356M->12M(1780M) 2.813ms
[271.076s][info][gc,cpu         ] GC(1180) User=0.00s Sys=0.00s Real=0.00s
[271.354s][info][gc,start       ] GC(1181) Pause Young (Allocation Failure)
[271.357s][info][gc,heap        ] GC(1181) PSYoungGen: 424448K(424448K)->1024K(415232K) Eden: 423424K(423424K)->0K(414208K) From: 1024K(1024K)->1024K(1024K)
[271.357s][info][gc,heap        ] GC(1181) ParOldGen: 11327K(1398272K)->11431K(1398272K)
[271.357s][info][gc,metaspace   ] GC(1181) Metaspace: 14381K(15424K)->14381K(15424K) NonClass: 12412K(13056K)->12412K(13056K) Class: 1969K(2368K)->1969K(2368K)
[271.357s][info][gc             ] GC(1181) Pause Young (Allocation Failure) 425M->12M(1771M) 2.912ms
[271.357s][info][gc,cpu         ] GC(1181) User=0.00s Sys=0.00s Real=0.00s
[271.640s][info][gc,start       ] GC(1182) Pause Young (Allocation Failure)
[271.643s][info][gc,heap        ] GC(1182) PSYoungGen: 415232K(415232K)->992K(406528K) Eden: 414208K(414208K)->0K(405504K) From: 1024K(1024K)->992K(1024K)
[271.643s][info][gc,heap        ] GC(1182) ParOldGen: 11431K(1398272K)->11535K(1398272K)
[271.643s][info][gc,metaspace   ] GC(1182) Metaspace: 14381K(15424K)->14381K(15424K) NonClass: 12412K(13056K)->12412K(13056K) Class: 1969K(2368K)->1969K(2368K)
[271.643s][info][gc             ] GC(1182) Pause Young (Allocation Failure) 416M->12M(1762M) 2.701ms
[271.643s][info][gc,cpu         ] GC(1182) User=0.00s Sys=0.00s Real=0.00s
[271.852s][info][gc,start       ] GC(1183) Pause Young (Allocation Failure)
[271.855s][info][gc,heap        ] GC(1183) PSYoungGen: 406496K(406528K)->800K(397824K) Eden: 405504K(405504K)->0K(396800K) From: 992K(1024K)->800K(1024K)
[271.855s][info][gc,heap        ] GC(1183) ParOldGen: 11535K(1398272K)->11655K(1398272K)
[271.855s][info][gc,metaspace   ] GC(1183) Metaspace: 14381K(15424K)->14381K(15424K) NonClass: 12412K(13056K)->12412K(13056K) Class: 1969K(2368K)->1969K(2368K)
[271.855s][info][gc             ] GC(1183) Pause Young (Allocation Failure) 408M->12M(1754M) 2.509ms
[271.855s][info][gc,cpu         ] GC(1183) User=0.00s Sys=0.00s Real=0.00s
[272.094s][info][gc,start       ] GC(1184) Pause Young (System.gc())
[272.097s][info][gc,heap        ] GC(1184) PSYoungGen: 255092K(397824K)->256K(397312K) Eden: 254292K(396800K)->0K(396800K) From: 800K(1024K)->256K(512K)
[272.097s][info][gc,heap        ] GC(1184) ParOldGen: 11655K(1398272K)->11703K(1398272K)
[272.097s][info][gc,metaspace   ] GC(1184) Metaspace: 14381K(15424K)->14381K(15424K) NonClass: 12412K(13056K)->12412K(13056K) Class: 1969K(2368K)->1969K(2368K)
[272.097s][info][gc             ] GC(1184) Pause Young (System.gc()) 260M->11M(1753M) 3.719ms
[272.097s][info][gc,cpu         ] GC(1184) User=0.00s Sys=0.00s Real=0.00s
[272.098s][info][gc,start       ] GC(1185) Pause Full (System.gc())
[272.098s][info][gc,phases,start] GC(1185) Marking Phase
[272.115s][info][gc,phases      ] GC(1185) Marking Phase 17.326ms
[272.115s][info][gc,phases,start] GC(1185) Summary Phase
[272.115s][info][gc,phases      ] GC(1185) Summary Phase 0.020ms
[272.115s][info][gc,phases,start] GC(1185) Adjust Roots
[272.120s][info][gc,phases      ] GC(1185) Adjust Roots 4.770ms
[272.120s][info][gc,phases,start] GC(1185) Compaction Phase
[272.122s][info][gc,phases      ] GC(1185) Compaction Phase 2.254ms
[272.122s][info][gc,phases,start] GC(1185) Post Compact
[272.123s][info][gc,phases      ] GC(1185) Post Compact 0.556ms
[272.123s][info][gc,heap        ] GC(1185) PSYoungGen: 256K(397312K)->0K(397312K) Eden: 0K(396800K)->0K(396800K) From: 256K(512K)->0K(512K)
[272.123s][info][gc,heap        ] GC(1185) ParOldGen: 11703K(1398272K)->5387K(1398272K)
[272.123s][info][gc,metaspace   ] GC(1185) Metaspace: 14381K(15424K)->14381K(15424K) NonClass: 12412K(13056K)->12412K(13056K) Class: 1969K(2368K)->1969K(2368K)
[272.123s][info][gc             ] GC(1185) Pause Full (System.gc()) 11M->5M(1753M) 25.231ms
[272.123s][info][gc,cpu         ] GC(1185) User=0.52s Sys=0.00s Real=0.02s
[272.455s][info][gc,start       ] GC(1186) Pause Young (Allocation Failure)
[272.457s][info][gc,heap        ] GC(1186) PSYoungGen: 396800K(397312K)->1536K(390144K) Eden: 396800K(396800K)->0K(388608K) From: 0K(512K)->1536K(1536K)
[272.457s][info][gc,heap        ] GC(1186) ParOldGen: 5387K(1398272K)->5617K(1398272K)
[272.457s][info][gc,metaspace   ] GC(1186) Metaspace: 14381K(15424K)->14381K(15424K) NonClass: 12412K(13056K)->12412K(13056K) Class: 1969K(2368K)->1969K(2368K)
[272.457s][info][gc             ] GC(1186) Pause Young (Allocation Failure) 392M->6M(1746M) 2.682ms
[272.457s][info][gc,cpu         ] GC(1186) User=0.00s Sys=0.00s Real=0.00s
[272.699s][info][gc,start       ] GC(1187) Pause Young (Allocation Failure)
[272.701s][info][gc,heap        ] GC(1187) PSYoungGen: 390144K(390144K)->1056K(381952K) Eden: 388608K(388608K)->0K(380416K) From: 1536K(1536K)->1056K(1536K)
[272.701s][info][gc,heap        ] GC(1187) ParOldGen: 5617K(1398272K)->7124K(1398272K)
[272.701s][info][gc,metaspace   ] GC(1187) Metaspace: 14381K(15424K)->14381K(15424K) NonClass: 12412K(13056K)->12412K(13056K) Class: 1969K(2368K)->1969K(2368K)
[272.701s][info][gc             ] GC(1187) Pause Young (Allocation Failure) 386M->7M(1738M) 2.661ms
[272.701s][info][gc,cpu         ] GC(1187) User=0.52s Sys=0.00s Real=0.00s
[272.954s][info][gc,start       ] GC(1188) Pause Young (Allocation Failure)
[272.956s][info][gc,heap        ] GC(1188) PSYoungGen: 381472K(381952K)->1024K(373760K) Eden: 380416K(380416K)->0K(372736K) From: 1056K(1536K)->1024K(1024K)
[272.956s][info][gc,heap        ] GC(1188) ParOldGen: 7124K(1398272K)->7236K(1398272K)
[272.956s][info][gc,metaspace   ] GC(1188) Metaspace: 14381K(15424K)->14381K(15424K) NonClass: 12412K(13056K)->12412K(13056K) Class: 1969K(2368K)->1969K(2368K)
[272.956s][info][gc             ] GC(1188) Pause Young (Allocation Failure) 379M->8M(1730M) 2.711ms
[272.956s][info][gc,cpu         ] GC(1188) User=0.00s Sys=0.00s Real=0.00s
[273.207s][info][gc,start       ] GC(1189) Pause Young (Allocation Failure)
[273.209s][info][gc,heap        ] GC(1189) PSYoungGen: 373760K(373760K)->1024K(366080K) Eden: 372736K(372736K)->0K(365056K) From: 1024K(1024K)->1024K(1024K)
[273.209s][info][gc,heap        ] GC(1189) ParOldGen: 7236K(1398272K)->7356K(1398272K)
[273.209s][info][gc,metaspace   ] GC(1189) Metaspace: 14381K(15424K)->14381K(15424K) NonClass: 12412K(13056K)->12412K(13056K) Class: 1969K(2368K)->1969K(2368K)
[273.209s][info][gc             ] GC(1189) Pause Young (Allocation Failure) 372M->8M(1723M) 2.599ms
[273.209s][info][gc,cpu         ] GC(1189) User=0.00s Sys=0.00s Real=0.00s
[273.454s][info][gc,start       ] GC(1190) Pause Young (Allocation Failure)
[273.457s][info][gc,heap        ] GC(1190) PSYoungGen: 366080K(366080K)->960K(358912K) Eden: 365056K(365056K)->0K(357888K) From: 1024K(1024K)->960K(1024K)
[273.457s][info][gc,heap        ] GC(1190) ParOldGen: 7356K(1398272K)->7492K(1398272K)
[273.457s][info][gc,metaspace   ] GC(1190) Metaspace: 14381K(15424K)->14381K(15424K) NonClass: 12412K(13056K)->12412K(13056K) Class: 1969K(2368K)->1969K(2368K)
[273.457s][info][gc             ] GC(1190) Pause Young (Allocation Failure) 364M->8M(1716M) 2.776ms
[273.457s][info][gc,cpu         ] GC(1190) User=0.00s Sys=0.00s Real=0.00s
[273.695s][info][gc,start       ] GC(1191) Pause Young (Allocation Failure)
[273.698s][info][gc,heap        ] GC(1191) PSYoungGen: 358848K(358912K)->1024K(351744K) Eden: 357888K(357888K)->0K(350720K) From: 960K(1024K)->1024K(1024K)
[273.698s][info][gc,heap        ] GC(1191) ParOldGen: 7492K(1398272K)->7620K(1398272K)
[273.698s][info][gc,metaspace   ] GC(1191) Metaspace: 14381K(15424K)->14381K(15424K) NonClass: 12412K(13056K)->12412K(13056K) Class: 1969K(2368K)->1969K(2368K)
[273.698s][info][gc             ] GC(1191) Pause Young (Allocation Failure) 357M->8M(1709M) 2.743ms
[273.698s][info][gc,cpu         ] GC(1191) User=0.00s Sys=0.00s Real=0.00s
[273.933s][info][gc,start       ] GC(1192) Pause Young (Allocation Failure)
[273.936s][info][gc,heap        ] GC(1192) PSYoungGen: 351744K(351744K)->992K(421888K) Eden: 350720K(350720K)->0K(420864K) From: 1024K(1024K)->992K(1024K)
[273.936s][info][gc,heap        ] GC(1192) ParOldGen: 7620K(1398272K)->7732K(1398272K)
[273.936s][info][gc,metaspace   ] GC(1192) Metaspace: 14381K(15424K)->14381K(15424K) NonClass: 12412K(13056K)->12412K(13056K) Class: 1969K(2368K)->1969K(2368K)
[273.936s][info][gc             ] GC(1192) Pause Young (Allocation Failure) 350M->8M(1777M) 2.774ms
[273.936s][info][gc,cpu         ] GC(1192) User=0.02s Sys=0.00s Real=0.00s
[274.220s][info][gc,start       ] GC(1193) Pause Young (Allocation Failure)
[274.223s][info][gc,heap        ] GC(1193) PSYoungGen: 421856K(421888K)->1024K(412672K) Eden: 420864K(420864K)->0K(411648K) From: 992K(1024K)->1024K(1024K)
[274.223s][info][gc,heap        ] GC(1193) ParOldGen: 7732K(1398272K)->7796K(1398272K)
[274.223s][info][gc,metaspace   ] GC(1193) Metaspace: 14381K(15424K)->14381K(15424K) NonClass: 12412K(13056K)->12412K(13056K) Class: 1969K(2368K)->1969K(2368K)
[274.223s][info][gc             ] GC(1193) Pause Young (Allocation Failure) 419M->8M(1768M) 2.903ms
[274.223s][info][gc,cpu         ] GC(1193) User=0.00s Sys=0.00s Real=0.00s
[274.499s][info][gc,start       ] GC(1194) Pause Young (Allocation Failure)
[274.502s][info][gc,heap        ] GC(1194) PSYoungGen: 412672K(412672K)->992K(403968K) Eden: 411648K(411648K)->0K(402944K) From: 1024K(1024K)->992K(1024K)
[274.502s][info][gc,heap        ] GC(1194) ParOldGen: 7796K(1398272K)->7924K(1398272K)
[274.502s][info][gc,metaspace   ] GC(1194) Metaspace: 14381K(15424K)->14381K(15424K) NonClass: 12412K(13056K)->12412K(13056K) Class: 1969K(2368K)->1969K(2368K)
[274.502s][info][gc             ] GC(1194) Pause Young (Allocation Failure) 410M->8M(1760M) 2.959ms
[274.502s][info][gc,cpu         ] GC(1194) User=0.00s Sys=0.00s Real=0.00s
[274.770s][info][gc,start       ] GC(1195) Pause Young (Allocation Failure)
[274.773s][info][gc,heap        ] GC(1195) PSYoungGen: 403936K(403968K)->1024K(395264K) Eden: 402944K(402944K)->0K(394240K) From: 992K(1024K)->1024K(1024K)
[274.773s][info][gc,heap        ] GC(1195) ParOldGen: 7924K(1398272K)->8092K(1398272K)
[274.773s][info][gc,metaspace   ] GC(1195) Metaspace: 14381K(15424K)->14381K(15424K) NonClass: 12412K(13056K)->12412K(13056K) Class: 1969K(2368K)->1969K(2368K)
[274.773s][info][gc             ] GC(1195) Pause Young (Allocation Failure) 402M->8M(1751M) 2.993ms
[274.773s][info][gc,cpu         ] GC(1195) User=0.00s Sys=0.00s Real=0.00s
[275.116s][info][gc,start       ] GC(1196) Pause Young (Allocation Failure)
[275.120s][info][gc,heap        ] GC(1196) PSYoungGen: 395264K(395264K)->960K(387072K) Eden: 394240K(394240K)->0K(386048K) From: 1024K(1024K)->960K(1024K)
[275.120s][info][gc,heap        ] GC(1196) ParOldGen: 8092K(1398272K)->8204K(1398272K)
[275.120s][info][gc,metaspace   ] GC(1196) Metaspace: 14381K(15424K)->14381K(15424K) NonClass: 12412K(13056K)->12412K(13056K) Class: 1969K(2368K)->1969K(2368K)
[275.120s][info][gc             ] GC(1196) Pause Young (Allocation Failure) 393M->8M(1743M) 3.670ms
[275.120s][info][gc,cpu         ] GC(1196) User=0.00s Sys=0.00s Real=0.00s
[275.393s][info][gc,start       ] GC(1197) Pause Young (Allocation Failure)
[275.396s][info][gc,heap        ] GC(1197) PSYoungGen: 387008K(387072K)->1024K(379392K) Eden: 386048K(386048K)->0K(378368K) From: 960K(1024K)->1024K(1024K)
[275.396s][info][gc,heap        ] GC(1197) ParOldGen: 8204K(1398272K)->8308K(1398272K)
[275.396s][info][gc,metaspace   ] GC(1197) Metaspace: 14381K(15424K)->14381K(15424K) NonClass: 12412K(13056K)->12412K(13056K) Class: 1969K(2368K)->1969K(2368K)
[275.396s][info][gc             ] GC(1197) Pause Young (Allocation Failure) 385M->9M(1736M) 2.735ms
[275.396s][info][gc,cpu         ] GC(1197) User=0.00s Sys=0.00s Real=0.00s
[275.654s][info][gc,start       ] GC(1198) Pause Young (Allocation Failure)
[275.656s][info][gc,heap        ] GC(1198) PSYoungGen: 379392K(379392K)->992K(371712K) Eden: 378368K(378368K)->0K(370688K) From: 1024K(1024K)->992K(1024K)
[275.656s][info][gc,heap        ] GC(1198) ParOldGen: 8308K(1398272K)->8428K(1398272K)
[275.656s][info][gc,metaspace   ] GC(1198) Metaspace: 14381K(15424K)->14381K(15424K) NonClass: 12412K(13056K)->12412K(13056K) Class: 1969K(2368K)->1969K(2368K)
[275.656s][info][gc             ] GC(1198) Pause Young (Allocation Failure) 378M->9M(1728M) 2.664ms
[275.656s][info][gc,cpu         ] GC(1198) User=0.52s Sys=0.00s Real=0.00s
[275.927s][info][gc,start       ] GC(1199) Pause Young (Allocation Failure)
[275.930s][info][gc,heap        ] GC(1199) PSYoungGen: 371680K(371712K)->1024K(364544K) Eden: 370688K(370688K)->0K(363520K) From: 992K(1024K)->1024K(1024K)
[275.930s][info][gc,heap        ] GC(1199) ParOldGen: 8428K(1398272K)->8532K(1398272K)
[275.930s][info][gc,metaspace   ] GC(1199) Metaspace: 14381K(15424K)->14381K(15424K) NonClass: 12412K(13056K)->12412K(13056K) Class: 1969K(2368K)->1969K(2368K)
[275.930s][info][gc             ] GC(1199) Pause Young (Allocation Failure) 371M->9M(1721M) 2.577ms
[275.930s][info][gc,cpu         ] GC(1199) User=0.00s Sys=0.00s Real=0.00s
[276.170s][info][gc,start       ] GC(1200) Pause Young (Allocation Failure)
[276.173s][info][gc,heap        ] GC(1200) PSYoungGen: 364544K(364544K)->1024K(357376K) Eden: 363520K(363520K)->0K(356352K) From: 1024K(1024K)->1024K(1024K)
[276.173s][info][gc,heap        ] GC(1200) ParOldGen: 8532K(1398272K)->8652K(1398272K)
[276.173s][info][gc,metaspace   ] GC(1200) Metaspace: 14381K(15424K)->14381K(15424K) NonClass: 12412K(13056K)->12412K(13056K) Class: 1969K(2368K)->1969K(2368K)
[276.173s][info][gc             ] GC(1200) Pause Young (Allocation Failure) 364M->9M(1714M) 2.728ms
[276.173s][info][gc,cpu         ] GC(1200) User=0.00s Sys=0.00s Real=0.00s
[276.409s][info][gc,start       ] GC(1201) Pause Young (Allocation Failure)
[276.411s][info][gc,heap        ] GC(1201) PSYoungGen: 357376K(357376K)->1024K(350208K) Eden: 356352K(356352K)->0K(349184K) From: 1024K(1024K)->1024K(1024K)
[276.411s][info][gc,heap        ] GC(1201) ParOldGen: 8652K(1398272K)->8724K(1398272K)
[276.411s][info][gc,metaspace   ] GC(1201) Metaspace: 14381K(15424K)->14381K(15424K) NonClass: 12412K(13056K)->12412K(13056K) Class: 1969K(2368K)->1969K(2368K)
[276.412s][info][gc             ] GC(1201) Pause Young (Allocation Failure) 357M->9M(1707M) 2.688ms
[276.412s][info][gc,cpu         ] GC(1201) User=0.00s Sys=0.00s Real=0.00s
[276.645s][info][gc,start       ] GC(1202) Pause Young (Allocation Failure)
[276.648s][info][gc,heap        ] GC(1202) PSYoungGen: 350208K(350208K)->992K(343552K) Eden: 349184K(349184K)->0K(342528K) From: 1024K(1024K)->992K(1024K)
[276.648s][info][gc,heap        ] GC(1202) ParOldGen: 8724K(1398272K)->8804K(1398272K)
[276.648s][info][gc,metaspace   ] GC(1202) Metaspace: 14381K(15424K)->14381K(15424K) NonClass: 12412K(13056K)->12412K(13056K) Class: 1969K(2368K)->1969K(2368K)
[276.648s][info][gc             ] GC(1202) Pause Young (Allocation Failure) 350M->9M(1701M) 2.686ms
[276.648s][info][gc,cpu         ] GC(1202) User=0.00s Sys=0.00s Real=0.00s
[276.876s][info][gc,start       ] GC(1203) Pause Young (Allocation Failure)
[276.879s][info][gc,heap        ] GC(1203) PSYoungGen: 343520K(343552K)->1024K(412160K) Eden: 342528K(342528K)->0K(411136K) From: 992K(1024K)->1024K(1024K)
[276.879s][info][gc,heap        ] GC(1203) ParOldGen: 8804K(1398272K)->8916K(1398272K)
[276.879s][info][gc,metaspace   ] GC(1203) Metaspace: 14381K(15424K)->14381K(15424K) NonClass: 12412K(13056K)->12412K(13056K) Class: 1969K(2368K)->1969K(2368K)
[276.879s][info][gc             ] GC(1203) Pause Young (Allocation Failure) 344M->9M(1768M) 2.717ms
[276.879s][info][gc,cpu         ] GC(1203) User=0.00s Sys=0.00s Real=0.00s
[277.153s][info][gc,start       ] GC(1204) Pause Young (Allocation Failure)
[277.156s][info][gc,heap        ] GC(1204) PSYoungGen: 412160K(412160K)->1024K(403456K) Eden: 411136K(411136K)->0K(402432K) From: 1024K(1024K)->1024K(1024K)
[277.156s][info][gc,heap        ] GC(1204) ParOldGen: 8916K(1398272K)->9012K(1398272K)
[277.156s][info][gc,metaspace   ] GC(1204) Metaspace: 14381K(15424K)->14381K(15424K) NonClass: 12412K(13056K)->12412K(13056K) Class: 1969K(2368K)->1969K(2368K)
[277.156s][info][gc             ] GC(1204) Pause Young (Allocation Failure) 411M->9M(1759M) 2.898ms
[277.156s][info][gc,cpu         ] GC(1204) User=0.52s Sys=0.00s Real=0.00s
[277.423s][info][gc,start       ] GC(1205) Pause Young (Allocation Failure)
[277.426s][info][gc,heap        ] GC(1205) PSYoungGen: 403456K(403456K)->992K(394752K) Eden: 402432K(402432K)->0K(393728K) From: 1024K(1024K)->992K(1024K)
[277.426s][info][gc,heap        ] GC(1205) ParOldGen: 9012K(1398272K)->9100K(1398272K)
[277.426s][info][gc,metaspace   ] GC(1205) Metaspace: 14381K(15424K)->14381K(15424K) NonClass: 12412K(13056K)->12412K(13056K) Class: 1969K(2368K)->1969K(2368K)
[277.426s][info][gc             ] GC(1205) Pause Young (Allocation Failure) 402M->9M(1751M) 2.959ms
[277.426s][info][gc,cpu         ] GC(1205) User=0.00s Sys=0.00s Real=0.00s
[277.688s][info][gc,start       ] GC(1206) Pause Young (Allocation Failure)
[277.691s][info][gc,heap        ] GC(1206) PSYoungGen: 394720K(394752K)->1024K(386560K) Eden: 393728K(393728K)->0K(385536K) From: 992K(1024K)->1024K(1024K)
[277.691s][info][gc,heap        ] GC(1206) ParOldGen: 9100K(1398272K)->9196K(1398272K)
[277.691s][info][gc,metaspace   ] GC(1206) Metaspace: 14381K(15424K)->14381K(15424K) NonClass: 12412K(13056K)->12412K(13056K) Class: 1969K(2368K)->1969K(2368K)
[277.691s][info][gc             ] GC(1206) Pause Young (Allocation Failure) 394M->9M(1743M) 2.920ms
[277.691s][info][gc,cpu         ] GC(1206) User=0.00s Sys=0.00s Real=0.00s
[277.957s][info][gc,start       ] GC(1207) Pause Young (Allocation Failure)
[277.960s][info][gc,heap        ] GC(1207) PSYoungGen: 386560K(386560K)->992K(378880K) Eden: 385536K(385536K)->0K(377856K) From: 1024K(1024K)->992K(1024K)
[277.960s][info][gc,heap        ] GC(1207) ParOldGen: 9196K(1398272K)->9300K(1398272K)
[277.960s][info][gc,metaspace   ] GC(1207) Metaspace: 14381K(15424K)->14381K(15424K) NonClass: 12412K(13056K)->12412K(13056K) Class: 1969K(2368K)->1969K(2368K)
[277.960s][info][gc             ] GC(1207) Pause Young (Allocation Failure) 386M->10M(1735M) 2.956ms
[277.960s][info][gc,cpu         ] GC(1207) User=0.00s Sys=0.00s Real=0.00s
[278.221s][info][gc,start       ] GC(1208) Pause Young (Allocation Failure)
[278.223s][info][gc,heap        ] GC(1208) PSYoungGen: 378848K(378880K)->1024K(371200K) Eden: 377856K(377856K)->0K(370176K) From: 992K(1024K)->1024K(1024K)
[278.224s][info][gc,heap        ] GC(1208) ParOldGen: 9300K(1398272K)->9404K(1398272K)
[278.224s][info][gc,metaspace   ] GC(1208) Metaspace: 14381K(15424K)->14381K(15424K) NonClass: 12412K(13056K)->12412K(13056K) Class: 1969K(2368K)->1969K(2368K)
[278.224s][info][gc             ] GC(1208) Pause Young (Allocation Failure) 379M->10M(1728M) 2.814ms
[278.224s][info][gc,cpu         ] GC(1208) User=0.00s Sys=0.00s Real=0.00s
[278.499s][info][gc,start       ] GC(1209) Pause Young (Allocation Failure)
[278.502s][info][gc,heap        ] GC(1209) PSYoungGen: 371200K(371200K)->960K(364032K) Eden: 370176K(370176K)->0K(363008K) From: 1024K(1024K)->960K(1024K)
[278.502s][info][gc,heap        ] GC(1209) ParOldGen: 9404K(1398272K)->9516K(1398272K)
[278.502s][info][gc,metaspace   ] GC(1209) Metaspace: 14381K(15424K)->14381K(15424K) NonClass: 12412K(13056K)->12412K(13056K) Class: 1969K(2368K)->1969K(2368K)
[278.502s][info][gc             ] GC(1209) Pause Young (Allocation Failure) 371M->10M(1721M) 2.625ms
[278.502s][info][gc,cpu         ] GC(1209) User=0.00s Sys=0.00s Real=0.00s
[278.749s][info][gc,start       ] GC(1210) Pause Young (Allocation Failure)
[278.751s][info][gc,heap        ] GC(1210) PSYoungGen: 363968K(364032K)->1024K(356864K) Eden: 363008K(363008K)->0K(355840K) From: 960K(1024K)->1024K(1024K)
[278.752s][info][gc,heap        ] GC(1210) ParOldGen: 9516K(1398272K)->9620K(1398272K)
[278.752s][info][gc,metaspace   ] GC(1210) Metaspace: 14381K(15424K)->14381K(15424K) NonClass: 12412K(13056K)->12412K(13056K) Class: 1969K(2368K)->1969K(2368K)
[278.752s][info][gc             ] GC(1210) Pause Young (Allocation Failure) 364M->10M(1714M) 2.614ms
[278.752s][info][gc,cpu         ] GC(1210) User=0.00s Sys=0.00s Real=0.00s
[278.988s][info][gc,start       ] GC(1211) Pause Young (Allocation Failure)
[278.991s][info][gc,heap        ] GC(1211) PSYoungGen: 356864K(356864K)->992K(349696K) Eden: 355840K(355840K)->0K(348672K) From: 1024K(1024K)->992K(1024K)
[278.991s][info][gc,heap        ] GC(1211) ParOldGen: 9620K(1398272K)->9732K(1398272K)
[278.991s][info][gc,metaspace   ] GC(1211) Metaspace: 14381K(15424K)->14381K(15424K) NonClass: 12412K(13056K)->12412K(13056K) Class: 1969K(2368K)->1969K(2368K)
[278.991s][info][gc             ] GC(1211) Pause Young (Allocation Failure) 357M->10M(1707M) 2.610ms
[278.991s][info][gc,cpu         ] GC(1211) User=0.00s Sys=0.00s Real=0.00s
[279.220s][info][gc,start       ] GC(1212) Pause Young (Allocation Failure)
[279.223s][info][gc,heap        ] GC(1212) PSYoungGen: 349664K(349696K)->1024K(343040K) Eden: 348672K(348672K)->0K(342016K) From: 992K(1024K)->1024K(1024K)
[279.223s][info][gc,heap        ] GC(1212) ParOldGen: 9732K(1398272K)->9836K(1398272K)
[279.223s][info][gc,metaspace   ] GC(1212) Metaspace: 14381K(15424K)->14381K(15424K) NonClass: 12412K(13056K)->12412K(13056K) Class: 1969K(2368K)->1969K(2368K)
[279.223s][info][gc             ] GC(1212) Pause Young (Allocation Failure) 350M->10M(1700M) 2.670ms
[279.223s][info][gc,cpu         ] GC(1212) User=0.00s Sys=0.00s Real=0.00s
[279.450s][info][gc,start       ] GC(1213) Pause Young (Allocation Failure)
[279.453s][info][gc,heap        ] GC(1213) PSYoungGen: 343040K(343040K)->1024K(336384K) Eden: 342016K(342016K)->0K(335360K) From: 1024K(1024K)->1024K(1024K)
[279.453s][info][gc,heap        ] GC(1213) ParOldGen: 9836K(1398272K)->9924K(1398272K)
[279.453s][info][gc,metaspace   ] GC(1213) Metaspace: 14381K(15424K)->14381K(15424K) NonClass: 12412K(13056K)->12412K(13056K) Class: 1969K(2368K)->1969K(2368K)
[279.453s][info][gc             ] GC(1213) Pause Young (Allocation Failure) 344M->10M(1694M) 2.618ms
[279.453s][info][gc,cpu         ] GC(1213) User=0.52s Sys=0.00s Real=0.00s
[279.675s][info][gc,start       ] GC(1214) Pause Young (Allocation Failure)
[279.678s][info][gc,heap        ] GC(1214) PSYoungGen: 336384K(336384K)->1024K(403456K) Eden: 335360K(335360K)->0K(402432K) From: 1024K(1024K)->1024K(1024K)
[279.678s][info][gc,heap        ] GC(1214) ParOldGen: 9924K(1398272K)->10028K(1398272K)
[279.678s][info][gc,metaspace   ] GC(1214) Metaspace: 14381K(15424K)->14381K(15424K) NonClass: 12412K(13056K)->12412K(13056K) Class: 1969K(2368K)->1969K(2368K)
[279.678s][info][gc             ] GC(1214) Pause Young (Allocation Failure) 338M->10M(1759M) 2.644ms
[279.678s][info][gc,cpu         ] GC(1214) User=0.00s Sys=0.00s Real=0.00s
[279.945s][info][gc,start       ] GC(1215) Pause Young (Allocation Failure)
[279.947s][info][gc,heap        ] GC(1215) PSYoungGen: 403456K(403456K)->1024K(394752K) Eden: 402432K(402432K)->0K(393728K) From: 1024K(1024K)->1024K(1024K)
[279.947s][info][gc,heap        ] GC(1215) ParOldGen: 10028K(1398272K)->10108K(1398272K)
[279.947s][info][gc,metaspace   ] GC(1215) Metaspace: 14381K(15424K)->14381K(15424K) NonClass: 12412K(13056K)->12412K(13056K) Class: 1969K(2368K)->1969K(2368K)
[279.947s][info][gc             ] GC(1215) Pause Young (Allocation Failure) 403M->10M(1751M) 2.815ms
[279.947s][info][gc,cpu         ] GC(1215) User=0.00s Sys=0.00s Real=0.00s
[280.209s][info][gc,start       ] GC(1216) Pause Young (Allocation Failure)
[280.212s][info][gc,heap        ] GC(1216) PSYoungGen: 394752K(394752K)->1024K(386560K) Eden: 393728K(393728K)->0K(385536K) From: 1024K(1024K)->1024K(1024K)
[280.212s][info][gc,heap        ] GC(1216) ParOldGen: 10108K(1398272K)->10212K(1398272K)
[280.212s][info][gc,metaspace   ] GC(1216) Metaspace: 14381K(15424K)->14381K(15424K) NonClass: 12412K(13056K)->12412K(13056K) Class: 1969K(2368K)->1969K(2368K)
[280.212s][info][gc             ] GC(1216) Pause Young (Allocation Failure) 395M->10M(1743M) 2.871ms
[280.212s][info][gc,cpu         ] GC(1216) User=0.00s Sys=0.00s Real=0.00s
[280.469s][info][gc,start       ] GC(1217) Pause Young (Allocation Failure)
[280.471s][info][gc,heap        ] GC(1217) PSYoungGen: 386560K(386560K)->992K(378880K) Eden: 385536K(385536K)->0K(377856K) From: 1024K(1024K)->992K(1024K)
[280.471s][info][gc,heap        ] GC(1217) ParOldGen: 10212K(1398272K)->10292K(1398272K)
[280.471s][info][gc,metaspace   ] GC(1217) Metaspace: 14381K(15424K)->14381K(15424K) NonClass: 12412K(13056K)->12412K(13056K) Class: 1969K(2368K)->1969K(2368K)
[280.471s][info][gc             ] GC(1217) Pause Young (Allocation Failure) 387M->11M(1735M) 2.860ms
[280.471s][info][gc,cpu         ] GC(1217) User=0.00s Sys=0.00s Real=0.00s
[280.830s][info][gc,start       ] GC(1218) Pause Young (Allocation Failure)
[280.834s][info][gc,heap        ] GC(1218) PSYoungGen: 378848K(378880K)->896K(371200K) Eden: 377856K(377856K)->0K(370176K) From: 992K(1024K)->896K(1024K)
[280.834s][info][gc,heap        ] GC(1218) ParOldGen: 10292K(1398272K)->10364K(1398272K)
[280.834s][info][gc,metaspace   ] GC(1218) Metaspace: 14381K(15424K)->14381K(15424K) NonClass: 12412K(13056K)->12412K(13056K) Class: 1969K(2368K)->1969K(2368K)
[280.834s][info][gc             ] GC(1218) Pause Young (Allocation Failure) 380M->10M(1728M) 3.453ms
[280.834s][info][gc,cpu         ] GC(1218) User=0.00s Sys=0.00s Real=0.00s
[281.099s][info][gc,start       ] GC(1219) Pause Young (Allocation Failure)
[281.102s][info][gc,heap        ] GC(1219) PSYoungGen: 371072K(371200K)->1024K(364032K) Eden: 370176K(370176K)->0K(363008K) From: 896K(1024K)->1024K(1024K)
[281.102s][info][gc,heap        ] GC(1219) ParOldGen: 10364K(1398272K)->10460K(1398272K)
[281.102s][info][gc,metaspace   ] GC(1219) Metaspace: 14381K(15424K)->14381K(15424K) NonClass: 12412K(13056K)->12412K(13056K) Class: 1969K(2368K)->1969K(2368K)
[281.102s][info][gc             ] GC(1219) Pause Young (Allocation Failure) 372M->11M(1721M) 2.683ms
[281.102s][info][gc,cpu         ] GC(1219) User=0.00s Sys=0.00s Real=0.00s
[281.350s][info][gc,start       ] GC(1220) Pause Young (Allocation Failure)
[281.352s][info][gc,heap        ] GC(1220) PSYoungGen: 364032K(364032K)->1024K(356864K) Eden: 363008K(363008K)->0K(355840K) From: 1024K(1024K)->1024K(1024K)
[281.352s][info][gc,heap        ] GC(1220) ParOldGen: 10460K(1398272K)->10572K(1398272K)
[281.352s][info][gc,metaspace   ] GC(1220) Metaspace: 14381K(15424K)->14381K(15424K) NonClass: 12412K(13056K)->12412K(13056K) Class: 1969K(2368K)->1969K(2368K)
[281.352s][info][gc             ] GC(1220) Pause Young (Allocation Failure) 365M->11M(1714M) 2.570ms
[281.353s][info][gc,cpu         ] GC(1220) User=0.00s Sys=0.00s Real=0.00s
[281.611s][info][gc,start       ] GC(1221) Pause Young (Allocation Failure)
[281.613s][info][gc,heap        ] GC(1221) PSYoungGen: 356864K(356864K)->1024K(349696K) Eden: 355840K(355840K)->0K(348672K) From: 1024K(1024K)->1024K(1024K)
[281.613s][info][gc,heap        ] GC(1221) ParOldGen: 10572K(1398272K)->10668K(1398272K)
[281.613s][info][gc,metaspace   ] GC(1221) Metaspace: 14381K(15424K)->14381K(15424K) NonClass: 12412K(13056K)->12412K(13056K) Class: 1969K(2368K)->1969K(2368K)
[281.613s][info][gc             ] GC(1221) Pause Young (Allocation Failure) 358M->11M(1707M) 2.541ms
[281.613s][info][gc,cpu         ] GC(1221) User=0.00s Sys=0.00s Real=0.00s
[281.842s][info][gc,start       ] GC(1222) Pause Young (Allocation Failure)
[281.844s][info][gc,heap        ] GC(1222) PSYoungGen: 349696K(349696K)->960K(343040K) Eden: 348672K(348672K)->0K(342016K) From: 1024K(1024K)->960K(1024K)
[281.844s][info][gc,heap        ] GC(1222) ParOldGen: 10668K(1398272K)->10764K(1398272K)
[281.844s][info][gc,metaspace   ] GC(1222) Metaspace: 14381K(15424K)->14381K(15424K) NonClass: 12412K(13056K)->12412K(13056K) Class: 1969K(2368K)->1969K(2368K)
[281.844s][info][gc             ] GC(1222) Pause Young (Allocation Failure) 351M->11M(1700M) 2.544ms
[281.844s][info][gc,cpu         ] GC(1222) User=0.52s Sys=0.00s Real=0.00s
[282.068s][info][gc,start       ] GC(1223) Pause Young (Allocation Failure)
[282.071s][info][gc,heap        ] GC(1223) PSYoungGen: 342976K(343040K)->1024K(336384K) Eden: 342016K(342016K)->0K(335360K) From: 960K(1024K)->1024K(1024K)
[282.071s][info][gc,heap        ] GC(1223) ParOldGen: 10764K(1398272K)->10852K(1398272K)
[282.071s][info][gc,metaspace   ] GC(1223) Metaspace: 14381K(15424K)->14381K(15424K) NonClass: 12412K(13056K)->12412K(13056K) Class: 1969K(2368K)->1969K(2368K)
[282.071s][info][gc             ] GC(1223) Pause Young (Allocation Failure) 345M->11M(1694M) 2.560ms
[282.071s][info][gc,cpu         ] GC(1223) User=0.00s Sys=0.00s Real=0.00s
[282.296s][info][gc,start       ] GC(1224) Pause Young (Allocation Failure)
[282.298s][info][gc,heap        ] GC(1224) PSYoungGen: 336384K(336384K)->1024K(330240K) Eden: 335360K(335360K)->0K(329216K) From: 1024K(1024K)->1024K(1024K)
[282.298s][info][gc,heap        ] GC(1224) ParOldGen: 10852K(1398272K)->10952K(1398272K)
[282.298s][info][gc,metaspace   ] GC(1224) Metaspace: 14381K(15424K)->14381K(15424K) NonClass: 12412K(13056K)->12412K(13056K) Class: 1969K(2368K)->1969K(2368K)
[282.298s][info][gc             ] GC(1224) Pause Young (Allocation Failure) 339M->11M(1688M) 2.572ms
[282.298s][info][gc,cpu         ] GC(1224) User=0.00s Sys=0.00s Real=0.00s
[282.517s][info][gc,start       ] GC(1225) Pause Young (Allocation Failure)
[282.519s][info][gc,heap        ] GC(1225) PSYoungGen: 330240K(330240K)->992K(396288K) Eden: 329216K(329216K)->0K(395264K) From: 1024K(1024K)->992K(1024K)
[282.519s][info][gc,heap        ] GC(1225) ParOldGen: 10952K(1398272K)->11040K(1398272K)
[282.519s][info][gc,metaspace   ] GC(1225) Metaspace: 14381K(15424K)->14381K(15424K) NonClass: 12412K(13056K)->12412K(13056K) Class: 1969K(2368K)->1969K(2368K)
[282.519s][info][gc             ] GC(1225) Pause Young (Allocation Failure) 333M->11M(1752M) 2.584ms
[282.519s][info][gc,cpu         ] GC(1225) User=0.00s Sys=0.00s Real=0.00s
[282.783s][info][gc,start       ] GC(1226) Pause Young (Allocation Failure)
[282.786s][info][gc,heap        ] GC(1226) PSYoungGen: 396256K(396288K)->1024K(388096K) Eden: 395264K(395264K)->0K(387072K) From: 992K(1024K)->1024K(1024K)
[282.786s][info][gc,heap        ] GC(1226) ParOldGen: 11040K(1398272K)->11128K(1398272K)
[282.786s][info][gc,metaspace   ] GC(1226) Metaspace: 14381K(15424K)->14381K(15424K) NonClass: 12412K(13056K)->12412K(13056K) Class: 1969K(2368K)->1969K(2368K)
[282.786s][info][gc             ] GC(1226) Pause Young (Allocation Failure) 397M->11M(1744M) 2.850ms
[282.786s][info][gc,cpu         ] GC(1226) User=0.00s Sys=0.00s Real=0.00s
[283.041s][info][gc,start       ] GC(1227) Pause Young (Allocation Failure)
[283.044s][info][gc,heap        ] GC(1227) PSYoungGen: 388096K(388096K)->1024K(379904K) Eden: 387072K(387072K)->0K(378880K) From: 1024K(1024K)->1024K(1024K)
[283.044s][info][gc,heap        ] GC(1227) ParOldGen: 11128K(1398272K)->11232K(1398272K)
[283.044s][info][gc,metaspace   ] GC(1227) Metaspace: 14381K(15424K)->14381K(15424K) NonClass: 12412K(13056K)->12412K(13056K) Class: 1969K(2368K)->1969K(2368K)
[283.044s][info][gc             ] GC(1227) Pause Young (Allocation Failure) 389M->11M(1736M) 2.768ms
[283.044s][info][gc,cpu         ] GC(1227) User=0.00s Sys=0.00s Real=0.00s
[283.297s][info][gc,start       ] GC(1228) Pause Young (Allocation Failure)
[283.300s][info][gc,heap        ] GC(1228) PSYoungGen: 379904K(379904K)->1024K(372224K) Eden: 378880K(378880K)->0K(371200K) From: 1024K(1024K)->1024K(1024K)
[283.300s][info][gc,heap        ] GC(1228) ParOldGen: 11232K(1398272K)->11328K(1398272K)
[283.300s][info][gc,metaspace   ] GC(1228) Metaspace: 14381K(15424K)->14381K(15424K) NonClass: 12412K(13056K)->12412K(13056K) Class: 1969K(2368K)->1969K(2368K)
[283.300s][info][gc             ] GC(1228) Pause Young (Allocation Failure) 381M->12M(1729M) 2.762ms
[283.300s][info][gc,cpu         ] GC(1228) User=0.00s Sys=0.00s Real=0.00s
[283.542s][info][gc,start       ] GC(1229) Pause Young (Allocation Failure)
[283.545s][info][gc,heap        ] GC(1229) PSYoungGen: 372224K(372224K)->1024K(446464K) Eden: 371200K(371200K)->0K(445440K) From: 1024K(1024K)->1024K(1024K)
[283.545s][info][gc,heap        ] GC(1229) ParOldGen: 11328K(1398272K)->11424K(1398272K)
[283.545s][info][gc,metaspace   ] GC(1229) Metaspace: 14381K(15424K)->14381K(15424K) NonClass: 12412K(13056K)->12412K(13056K) Class: 1969K(2368K)->1969K(2368K)
[283.545s][info][gc             ] GC(1229) Pause Young (Allocation Failure) 374M->12M(1801M) 2.831ms
[283.545s][info][gc,cpu         ] GC(1229) User=0.00s Sys=0.00s Real=0.00s
[283.835s][info][gc,start       ] GC(1230) Pause Young (Allocation Failure)
[283.838s][info][gc,heap        ] GC(1230) PSYoungGen: 446464K(446464K)->1024K(436736K) Eden: 445440K(445440K)->0K(435712K) From: 1024K(1024K)->1024K(1024K)
[283.838s][info][gc,heap        ] GC(1230) ParOldGen: 11424K(1398272K)->11512K(1398272K)
[283.838s][info][gc,metaspace   ] GC(1230) Metaspace: 14381K(15424K)->14381K(15424K) NonClass: 12412K(13056K)->12412K(13056K) Class: 1969K(2368K)->1969K(2368K)
[283.838s][info][gc             ] GC(1230) Pause Young (Allocation Failure) 447M->12M(1792M) 3.044ms
[283.838s][info][gc,cpu         ] GC(1230) User=0.00s Sys=0.00s Real=0.00s
[284.120s][info][gc,start       ] GC(1231) Pause Young (Allocation Failure)
[284.123s][info][gc,heap        ] GC(1231) PSYoungGen: 436736K(436736K)->1024K(427008K) Eden: 435712K(435712K)->0K(425984K) From: 1024K(1024K)->1024K(1024K)
[284.123s][info][gc,heap        ] GC(1231) ParOldGen: 11512K(1398272K)->11616K(1398272K)
[284.123s][info][gc,metaspace   ] GC(1231) Metaspace: 14381K(15424K)->14381K(15424K) NonClass: 12412K(13056K)->12412K(13056K) Class: 1969K(2368K)->1969K(2368K)
[284.123s][info][gc             ] GC(1231) Pause Young (Allocation Failure) 437M->12M(1782M) 2.996ms
[284.123s][info][gc,cpu         ] GC(1231) User=0.00s Sys=0.00s Real=0.00s
[284.390s][info][gc,start       ] GC(1232) Pause Young (Allocation Failure)
[284.392s][info][gc,heap        ] GC(1232) PSYoungGen: 427008K(427008K)->992K(417792K) Eden: 425984K(425984K)->0K(416768K) From: 1024K(1024K)->992K(1024K)
[284.393s][info][gc,heap        ] GC(1232) ParOldGen: 11616K(1398272K)->11744K(1398272K)
[284.393s][info][gc,metaspace   ] GC(1232) Metaspace: 14381K(15424K)->14381K(15424K) NonClass: 12412K(13056K)->12412K(13056K) Class: 1969K(2368K)->1969K(2368K)
[284.393s][info][gc             ] GC(1232) Pause Young (Allocation Failure) 428M->12M(1773M) 3.026ms
[284.393s][info][gc,cpu         ] GC(1232) User=0.00s Sys=0.00s Real=0.00s
[284.656s][info][gc,start       ] GC(1233) Pause Young (Allocation Failure)
[284.659s][info][gc,heap        ] GC(1233) PSYoungGen: 417760K(417792K)->768K(501248K) Eden: 416768K(416768K)->0K(500224K) From: 992K(1024K)->768K(1024K)
[284.659s][info][gc,heap        ] GC(1233) ParOldGen: 11744K(1398272K)->11824K(1398272K)
[284.659s][info][gc,metaspace   ] GC(1233) Metaspace: 14381K(15424K)->14381K(15424K) NonClass: 12412K(13056K)->12412K(13056K) Class: 1969K(2368K)->1969K(2368K)
[284.659s][info][gc             ] GC(1233) Pause Young (Allocation Failure) 419M->12M(1855M) 3.542ms
[284.659s][info][gc,cpu         ] GC(1233) User=0.00s Sys=0.00s Real=0.00s
[284.819s][info][gc,start       ] GC(1234) Pause Young (System.gc())
[284.822s][info][gc,heap        ] GC(1234) PSYoungGen: 199829K(501248K)->448K(500736K) Eden: 199061K(500224K)->0K(500224K) From: 768K(1024K)->448K(512K)
[284.822s][info][gc,heap        ] GC(1234) ParOldGen: 11824K(1398272K)->11912K(1398272K)
[284.822s][info][gc,metaspace   ] GC(1234) Metaspace: 14381K(15424K)->14381K(15424K) NonClass: 12412K(13056K)->12412K(13056K) Class: 1969K(2368K)->1969K(2368K)
[284.822s][info][gc             ] GC(1234) Pause Young (System.gc()) 206M->12M(1854M) 3.674ms
[284.822s][info][gc,cpu         ] GC(1234) User=0.00s Sys=0.00s Real=0.00s
[284.822s][info][gc,start       ] GC(1235) Pause Full (System.gc())
[284.822s][info][gc,phases,start] GC(1235) Marking Phase
[284.839s][info][gc,phases      ] GC(1235) Marking Phase 16.175ms
[284.839s][info][gc,phases,start] GC(1235) Summary Phase
[284.839s][info][gc,phases      ] GC(1235) Summary Phase 0.020ms
[284.839s][info][gc,phases,start] GC(1235) Adjust Roots
[284.845s][info][gc,phases      ] GC(1235) Adjust Roots 5.887ms
[284.845s][info][gc,phases,start] GC(1235) Compaction Phase
[284.846s][info][gc,phases      ] GC(1235) Compaction Phase 1.853ms
[284.846s][info][gc,phases,start] GC(1235) Post Compact
[284.847s][info][gc,phases      ] GC(1235) Post Compact 0.532ms
[284.847s][info][gc,heap        ] GC(1235) PSYoungGen: 448K(500736K)->0K(500736K) Eden: 0K(500224K)->0K(500224K) From: 448K(512K)->0K(512K)
[284.847s][info][gc,heap        ] GC(1235) ParOldGen: 11912K(1398272K)->5387K(1398272K)
[284.847s][info][gc,metaspace   ] GC(1235) Metaspace: 14381K(15424K)->14381K(15424K) NonClass: 12412K(13056K)->12412K(13056K) Class: 1969K(2368K)->1969K(2368K)
[284.847s][info][gc             ] GC(1235) Pause Full (System.gc()) 12M->5M(1854M) 24.747ms
[284.847s][info][gc,cpu         ] GC(1235) User=0.52s Sys=0.00s Real=0.02s
[285.267s][info][gc,start       ] GC(1236) Pause Young (Allocation Failure)
[285.270s][info][gc,heap        ] GC(1236) PSYoungGen: 500224K(500736K)->1536K(489984K) Eden: 500224K(500224K)->0K(488448K) From: 0K(512K)->1536K(1536K)
[285.270s][info][gc,heap        ] GC(1236) ParOldGen: 5387K(1398272K)->5585K(1398272K)
[285.270s][info][gc,metaspace   ] GC(1236) Metaspace: 14381K(15424K)->14381K(15424K) NonClass: 12412K(13056K)->12412K(13056K) Class: 1969K(2368K)->1969K(2368K)
[285.270s][info][gc             ] GC(1236) Pause Young (Allocation Failure) 493M->6M(1844M) 2.901ms
[285.270s][info][gc,cpu         ] GC(1236) User=0.00s Sys=0.00s Real=0.00s
[285.571s][info][gc,start       ] GC(1237) Pause Young (Allocation Failure)
[285.574s][info][gc,heap        ] GC(1237) PSYoungGen: 489984K(489984K)->1024K(478208K) Eden: 488448K(488448K)->0K(477184K) From: 1536K(1536K)->1024K(1024K)
[285.574s][info][gc,heap        ] GC(1237) ParOldGen: 5585K(1398272K)->7125K(1398272K)
[285.574s][info][gc,metaspace   ] GC(1237) Metaspace: 14381K(15424K)->14381K(15424K) NonClass: 12412K(13056K)->12412K(13056K) Class: 1969K(2368K)->1969K(2368K)
[285.574s][info][gc             ] GC(1237) Pause Young (Allocation Failure) 483M->7M(1832M) 3.003ms
[285.574s][info][gc,cpu         ] GC(1237) User=0.00s Sys=0.00s Real=0.00s
[285.898s][info][gc,start       ] GC(1238) Pause Young (Allocation Failure)
[285.901s][info][gc,heap        ] GC(1238) PSYoungGen: 478208K(478208K)->992K(466944K) Eden: 477184K(477184K)->0K(465920K) From: 1024K(1024K)->992K(1024K)
[285.901s][info][gc,heap        ] GC(1238) ParOldGen: 7125K(1398272K)->7245K(1398272K)
[285.901s][info][gc,metaspace   ] GC(1238) Metaspace: 14381K(15424K)->14381K(15424K) NonClass: 12412K(13056K)->12412K(13056K) Class: 1969K(2368K)->1969K(2368K)
[285.901s][info][gc             ] GC(1238) Pause Young (Allocation Failure) 473M->8M(1821M) 2.789ms
[285.901s][info][gc,cpu         ] GC(1238) User=0.00s Sys=0.00s Real=0.00s
[286.212s][info][gc,start       ] GC(1239) Pause Young (Allocation Failure)
[286.214s][info][gc,heap        ] GC(1239) PSYoungGen: 466912K(466944K)->1024K(456192K) Eden: 465920K(465920K)->0K(455168K) From: 992K(1024K)->1024K(1024K)
[286.214s][info][gc,heap        ] GC(1239) ParOldGen: 7245K(1398272K)->7373K(1398272K)
[286.214s][info][gc,metaspace   ] GC(1239) Metaspace: 14381K(15424K)->14381K(15424K) NonClass: 12412K(13056K)->12412K(13056K) Class: 1969K(2368K)->1969K(2368K)
[286.214s][info][gc             ] GC(1239) Pause Young (Allocation Failure) 463M->8M(1811M) 2.892ms
[286.215s][info][gc,cpu         ] GC(1239) User=0.00s Sys=0.00s Real=0.00s
[286.516s][info][gc,start       ] GC(1240) Pause Young (Allocation Failure)
[286.519s][info][gc,heap        ] GC(1240) PSYoungGen: 456192K(456192K)->1024K(445952K) Eden: 455168K(455168K)->0K(444928K) From: 1024K(1024K)->1024K(1024K)
[286.519s][info][gc,heap        ] GC(1240) ParOldGen: 7373K(1398272K)->7525K(1398272K)
[286.519s][info][gc,metaspace   ] GC(1240) Metaspace: 14381K(15424K)->14381K(15424K) NonClass: 12412K(13056K)->12412K(13056K) Class: 1969K(2368K)->1969K(2368K)
[286.519s][info][gc             ] GC(1240) Pause Young (Allocation Failure) 452M->8M(1801M) 2.943ms
[286.519s][info][gc,cpu         ] GC(1240) User=0.00s Sys=0.00s Real=0.00s
[286.819s][info][gc,start       ] GC(1241) Pause Young (Allocation Failure)
[286.822s][info][gc,heap        ] GC(1241) PSYoungGen: 445952K(445952K)->1024K(436224K) Eden: 444928K(444928K)->0K(435200K) From: 1024K(1024K)->1024K(1024K)
[286.822s][info][gc,heap        ] GC(1241) ParOldGen: 7525K(1398272K)->7621K(1398272K)
[286.822s][info][gc,metaspace   ] GC(1241) Metaspace: 14381K(15424K)->14381K(15424K) NonClass: 12412K(13056K)->12412K(13056K) Class: 1969K(2368K)->1969K(2368K)
[286.822s][info][gc             ] GC(1241) Pause Young (Allocation Failure) 442M->8M(1791M) 3.029ms
[286.822s][info][gc,cpu         ] GC(1241) User=0.00s Sys=0.00s Real=0.00s
[287.116s][info][gc,start       ] GC(1242) Pause Young (Allocation Failure)
[287.130s][info][gc,heap        ] GC(1242) PSYoungGen: 436224K(436224K)->1024K(426496K) Eden: 435200K(435200K)->0K(425472K) From: 1024K(1024K)->1024K(1024K)
[287.131s][info][gc,heap        ] GC(1242) ParOldGen: 7621K(1398272K)->7733K(1398272K)
[287.131s][info][gc,metaspace   ] GC(1242) Metaspace: 14381K(15424K)->14381K(15424K) NonClass: 12412K(13056K)->12412K(13056K) Class: 1969K(2368K)->1969K(2368K)
[287.131s][info][gc             ] GC(1242) Pause Young (Allocation Failure) 433M->8M(1782M) 14.596ms
[287.131s][info][gc,cpu         ] GC(1242) User=0.00s Sys=0.00s Real=0.00s
[287.439s][info][gc,start       ] GC(1243) Pause Young (Allocation Failure)
[287.442s][info][gc,heap        ] GC(1243) PSYoungGen: 426496K(426496K)->992K(417280K) Eden: 425472K(425472K)->0K(416256K) From: 1024K(1024K)->992K(1024K)
[287.442s][info][gc,heap        ] GC(1243) ParOldGen: 7733K(1398272K)->7837K(1398272K)
[287.442s][info][gc,metaspace   ] GC(1243) Metaspace: 14381K(15424K)->14381K(15424K) NonClass: 12412K(13056K)->12412K(13056K) Class: 1969K(2368K)->1969K(2368K)
[287.443s][info][gc             ] GC(1243) Pause Young (Allocation Failure) 424M->8M(1773M) 3.184ms
[287.443s][info][gc,cpu         ] GC(1243) User=0.00s Sys=0.00s Real=0.00s
[287.739s][info][gc,start       ] GC(1244) Pause Young (Allocation Failure)
[287.742s][info][gc,heap        ] GC(1244) PSYoungGen: 417248K(417280K)->992K(408576K) Eden: 416256K(416256K)->0K(407552K) From: 992K(1024K)->992K(1024K)
[287.742s][info][gc,heap        ] GC(1244) ParOldGen: 7837K(1398272K)->7989K(1398272K)
[287.742s][info][gc,metaspace   ] GC(1244) Metaspace: 14381K(15424K)->14381K(15424K) NonClass: 12412K(13056K)->12412K(13056K) Class: 1969K(2368K)->1969K(2368K)
[287.742s][info][gc             ] GC(1244) Pause Young (Allocation Failure) 415M->8M(1764M) 2.755ms
[287.742s][info][gc,cpu         ] GC(1244) User=0.00s Sys=0.00s Real=0.00s
[288.020s][info][gc,start       ] GC(1245) Pause Young (Allocation Failure)
[288.022s][info][gc,heap        ] GC(1245) PSYoungGen: 408544K(408576K)->1024K(399872K) Eden: 407552K(407552K)->0K(398848K) From: 992K(1024K)->1024K(1024K)
[288.023s][info][gc,heap        ] GC(1245) ParOldGen: 7989K(1398272K)->8093K(1398272K)
[288.023s][info][gc,metaspace   ] GC(1245) Metaspace: 14381K(15424K)->14381K(15424K) NonClass: 12412K(13056K)->12412K(13056K) Class: 1969K(2368K)->1969K(2368K)
[288.023s][info][gc             ] GC(1245) Pause Young (Allocation Failure) 406M->8M(1756M) 2.725ms
[288.023s][info][gc,cpu         ] GC(1245) User=0.00s Sys=0.00s Real=0.00s
[288.314s][info][gc,start       ] GC(1246) Pause Young (Allocation Failure)
[288.317s][info][gc,heap        ] GC(1246) PSYoungGen: 399872K(399872K)->992K(391680K) Eden: 398848K(398848K)->0K(390656K) From: 1024K(1024K)->992K(1024K)
[288.317s][info][gc,heap        ] GC(1246) ParOldGen: 8093K(1398272K)->8229K(1398272K)
[288.317s][info][gc,metaspace   ] GC(1246) Metaspace: 14381K(15424K)->14381K(15424K) NonClass: 12412K(13056K)->12412K(13056K) Class: 1969K(2368K)->1969K(2368K)
[288.317s][info][gc             ] GC(1246) Pause Young (Allocation Failure) 398M->9M(1748M) 2.654ms
[288.317s][info][gc,cpu         ] GC(1246) User=0.00s Sys=0.00s Real=0.00s
[288.579s][info][gc,start       ] GC(1247) Pause Young (Allocation Failure)
[288.582s][info][gc,heap        ] GC(1247) PSYoungGen: 391648K(391680K)->1024K(383488K) Eden: 390656K(390656K)->0K(382464K) From: 992K(1024K)->1024K(1024K)
[288.582s][info][gc,heap        ] GC(1247) ParOldGen: 8229K(1398272K)->8357K(1398272K)
[288.582s][info][gc,metaspace   ] GC(1247) Metaspace: 14381K(15424K)->14381K(15424K) NonClass: 12412K(13056K)->12412K(13056K) Class: 1969K(2368K)->1969K(2368K)
[288.582s][info][gc             ] GC(1247) Pause Young (Allocation Failure) 390M->9M(1740M) 2.664ms
[288.582s][info][gc,cpu         ] GC(1247) User=0.00s Sys=0.00s Real=0.00s
[288.837s][info][gc,start       ] GC(1248) Pause Young (Allocation Failure)
[288.840s][info][gc,heap        ] GC(1248) PSYoungGen: 383488K(383488K)->1024K(375808K) Eden: 382464K(382464K)->0K(374784K) From: 1024K(1024K)->1024K(1024K)
[288.840s][info][gc,heap        ] GC(1248) ParOldGen: 8357K(1398272K)->8485K(1398272K)
[288.840s][info][gc,metaspace   ] GC(1248) Metaspace: 14381K(15424K)->14381K(15424K) NonClass: 12412K(13056K)->12412K(13056K) Class: 1969K(2368K)->1969K(2368K)
[288.840s][info][gc             ] GC(1248) Pause Young (Allocation Failure) 382M->9M(1732M) 2.722ms
[288.840s][info][gc,cpu         ] GC(1248) User=0.00s Sys=0.00s Real=0.00s
[289.093s][info][gc,start       ] GC(1249) Pause Young (Allocation Failure)
[289.095s][info][gc,heap        ] GC(1249) PSYoungGen: 375808K(375808K)->992K(368128K) Eden: 374784K(374784K)->0K(367104K) From: 1024K(1024K)->992K(1024K)
[289.095s][info][gc,heap        ] GC(1249) ParOldGen: 8485K(1398272K)->8629K(1398272K)
[289.095s][info][gc,metaspace   ] GC(1249) Metaspace: 14381K(15424K)->14381K(15424K) NonClass: 12412K(13056K)->12412K(13056K) Class: 1969K(2368K)->1969K(2368K)
[289.095s][info][gc             ] GC(1249) Pause Young (Allocation Failure) 375M->9M(1725M) 2.736ms
[289.095s][info][gc,cpu         ] GC(1249) User=0.00s Sys=0.00s Real=0.00s
[289.343s][info][gc,start       ] GC(1250) Pause Young (Allocation Failure)
[289.346s][info][gc,heap        ] GC(1250) PSYoungGen: 368096K(368128K)->1024K(360960K) Eden: 367104K(367104K)->0K(359936K) From: 992K(1024K)->1024K(1024K)
[289.346s][info][gc,heap        ] GC(1250) ParOldGen: 8629K(1398272K)->8741K(1398272K)
[289.346s][info][gc,metaspace   ] GC(1250) Metaspace: 14381K(15424K)->14381K(15424K) NonClass: 12412K(13056K)->12412K(13056K) Class: 1969K(2368K)->1969K(2368K)
[289.346s][info][gc             ] GC(1250) Pause Young (Allocation Failure) 367M->9M(1718M) 2.809ms
[289.346s][info][gc,cpu         ] GC(1250) User=0.00s Sys=0.00s Real=0.00s
[289.588s][info][gc,start       ] GC(1251) Pause Young (Allocation Failure)
[289.590s][info][gc,heap        ] GC(1251) PSYoungGen: 360960K(360960K)->1056K(354304K) Eden: 359936K(359936K)->0K(352768K) From: 1024K(1024K)->1056K(1536K)
[289.590s][info][gc,heap        ] GC(1251) ParOldGen: 8741K(1398272K)->8845K(1398272K)
[289.590s][info][gc,metaspace   ] GC(1251) Metaspace: 14381K(15424K)->14381K(15424K) NonClass: 12412K(13056K)->12412K(13056K) Class: 1969K(2368K)->1969K(2368K)
[289.591s][info][gc             ] GC(1251) Pause Young (Allocation Failure) 361M->9M(1711M) 2.843ms
[289.591s][info][gc,cpu         ] GC(1251) User=0.00s Sys=0.00s Real=0.00s
[289.826s][info][gc,start       ] GC(1252) Pause Young (Allocation Failure)
[289.829s][info][gc,heap        ] GC(1252) PSYoungGen: 353824K(354304K)->992K(347136K) Eden: 352768K(352768K)->0K(346112K) From: 1056K(1536K)->992K(1024K)
[289.829s][info][gc,heap        ] GC(1252) ParOldGen: 8845K(1398272K)->8933K(1398272K)
[289.829s][info][gc,metaspace   ] GC(1252) Metaspace: 14381K(15424K)->14381K(15424K) NonClass: 12412K(13056K)->12412K(13056K) Class: 1969K(2368K)->1969K(2368K)
[289.829s][info][gc             ] GC(1252) Pause Young (Allocation Failure) 354M->9M(1704M) 2.745ms
[289.829s][info][gc,cpu         ] GC(1252) User=0.52s Sys=0.00s Real=0.00s
[290.064s][info][gc,start       ] GC(1253) Pause Young (Allocation Failure)
[290.067s][info][gc,heap        ] GC(1253) PSYoungGen: 347104K(347136K)->992K(416768K) Eden: 346112K(346112K)->0K(415744K) From: 992K(1024K)->992K(1024K)
[290.067s][info][gc,heap        ] GC(1253) ParOldGen: 8933K(1398272K)->9037K(1398272K)
[290.067s][info][gc,metaspace   ] GC(1253) Metaspace: 14381K(15424K)->14381K(15424K) NonClass: 12412K(13056K)->12412K(13056K) Class: 1969K(2368K)->1969K(2368K)
[290.067s][info][gc             ] GC(1253) Pause Young (Allocation Failure) 347M->9M(1772M) 2.863ms
[290.067s][info][gc,cpu         ] GC(1253) User=0.00s Sys=0.00s Real=0.00s
[290.345s][info][gc,start       ] GC(1254) Pause Young (Allocation Failure)
[290.348s][info][gc,heap        ] GC(1254) PSYoungGen: 416736K(416768K)->1024K(496640K) Eden: 415744K(415744K)->0K(495104K) From: 992K(1024K)->1024K(1536K)
[290.348s][info][gc,heap        ] GC(1254) ParOldGen: 9037K(1398272K)->9125K(1398272K)
[290.348s][info][gc,metaspace   ] GC(1254) Metaspace: 14381K(15424K)->14381K(15424K) NonClass: 12412K(13056K)->12412K(13056K) Class: 1969K(2368K)->1969K(2368K)
[290.348s][info][gc             ] GC(1254) Pause Young (Allocation Failure) 415M->9M(1850M) 2.834ms
[290.348s][info][gc,cpu         ] GC(1254) User=0.00s Sys=0.00s Real=0.00s
[290.730s][info][gc,start       ] GC(1255) Pause Young (Allocation Failure)
[290.732s][info][gc,heap        ] GC(1255) PSYoungGen: 496128K(496640K)->1024K(484352K) Eden: 495104K(495104K)->0K(483328K) From: 1024K(1536K)->1024K(1024K)
[290.732s][info][gc,heap        ] GC(1255) ParOldGen: 9125K(1398272K)->9221K(1398272K)
[290.732s][info][gc,metaspace   ] GC(1255) Metaspace: 14381K(15424K)->14381K(15424K) NonClass: 12412K(13056K)->12412K(13056K) Class: 1969K(2368K)->1969K(2368K)
[290.733s][info][gc             ] GC(1255) Pause Young (Allocation Failure) 493M->10M(1838M) 2.791ms
[290.733s][info][gc,cpu         ] GC(1255) User=0.00s Sys=0.02s Real=0.00s
[291.060s][info][gc,start       ] GC(1256) Pause Young (Allocation Failure)
[291.063s][info][gc,heap        ] GC(1256) PSYoungGen: 484352K(484352K)->1024K(473088K) Eden: 483328K(483328K)->0K(472064K) From: 1024K(1024K)->1024K(1024K)
[291.063s][info][gc,heap        ] GC(1256) ParOldGen: 9221K(1398272K)->9373K(1398272K)
[291.063s][info][gc,metaspace   ] GC(1256) Metaspace: 14381K(15424K)->14381K(15424K) NonClass: 12412K(13056K)->12412K(13056K) Class: 1969K(2368K)->1969K(2368K)
[291.063s][info][gc             ] GC(1256) Pause Young (Allocation Failure) 482M->10M(1827M) 2.703ms
[291.063s][info][gc,cpu         ] GC(1256) User=0.39s Sys=0.00s Real=0.00s
[291.384s][info][gc,start       ] GC(1257) Pause Young (Allocation Failure)
[291.386s][info][gc,heap        ] GC(1257) PSYoungGen: 473088K(473088K)->1024K(462336K) Eden: 472064K(472064K)->0K(461312K) From: 1024K(1024K)->1024K(1024K)
[291.386s][info][gc,heap        ] GC(1257) ParOldGen: 9373K(1398272K)->9493K(1398272K)
[291.386s][info][gc,metaspace   ] GC(1257) Metaspace: 14381K(15424K)->14381K(15424K) NonClass: 12412K(13056K)->12412K(13056K) Class: 1969K(2368K)->1969K(2368K)
[291.386s][info][gc             ] GC(1257) Pause Young (Allocation Failure) 471M->10M(1817M) 2.804ms
[291.386s][info][gc,cpu         ] GC(1257) User=0.00s Sys=0.00s Real=0.00s
[291.695s][info][gc,start       ] GC(1258) Pause Young (Allocation Failure)
[291.697s][info][gc,heap        ] GC(1258) PSYoungGen: 462336K(462336K)->1024K(451584K) Eden: 461312K(461312K)->0K(450560K) From: 1024K(1024K)->1024K(1024K)
[291.697s][info][gc,heap        ] GC(1258) ParOldGen: 9493K(1398272K)->9629K(1398272K)
[291.697s][info][gc,metaspace   ] GC(1258) Metaspace: 14381K(15424K)->14381K(15424K) NonClass: 12412K(13056K)->12412K(13056K) Class: 1969K(2368K)->1969K(2368K)
[291.697s][info][gc             ] GC(1258) Pause Young (Allocation Failure) 460M->10M(1806M) 2.784ms
[291.697s][info][gc,cpu         ] GC(1258) User=0.00s Sys=0.00s Real=0.00s
[292.004s][info][gc,start       ] GC(1259) Pause Young (Allocation Failure)
[292.006s][info][gc,heap        ] GC(1259) PSYoungGen: 451584K(451584K)->992K(441344K) Eden: 450560K(450560K)->0K(440320K) From: 1024K(1024K)->992K(1024K)
[292.006s][info][gc,heap        ] GC(1259) ParOldGen: 9629K(1398272K)->9749K(1398272K)
[292.006s][info][gc,metaspace   ] GC(1259) Metaspace: 14381K(15424K)->14381K(15424K) NonClass: 12412K(13056K)->12412K(13056K) Class: 1969K(2368K)->1969K(2368K)
[292.006s][info][gc             ] GC(1259) Pause Young (Allocation Failure) 450M->10M(1796M) 2.784ms
[292.006s][info][gc,cpu         ] GC(1259) User=0.00s Sys=0.00s Real=0.00s
[292.304s][info][gc,start       ] GC(1260) Pause Young (Allocation Failure)
[292.307s][info][gc,heap        ] GC(1260) PSYoungGen: 441312K(441344K)->1024K(431616K) Eden: 440320K(440320K)->0K(430592K) From: 992K(1024K)->1024K(1024K)
[292.307s][info][gc,heap        ] GC(1260) ParOldGen: 9749K(1398272K)->9853K(1398272K)
[292.307s][info][gc,metaspace   ] GC(1260) Metaspace: 14381K(15424K)->14381K(15424K) NonClass: 12412K(13056K)->12412K(13056K) Class: 1969K(2368K)->1969K(2368K)
[292.307s][info][gc             ] GC(1260) Pause Young (Allocation Failure) 440M->10M(1787M) 2.813ms
[292.307s][info][gc,cpu         ] GC(1260) User=0.00s Sys=0.00s Real=0.00s
[292.597s][info][gc,start       ] GC(1261) Pause Young (Allocation Failure)
[292.600s][info][gc,heap        ] GC(1261) PSYoungGen: 431616K(431616K)->992K(422400K) Eden: 430592K(430592K)->0K(421376K) From: 1024K(1024K)->992K(1024K)
[292.600s][info][gc,heap        ] GC(1261) ParOldGen: 9853K(1398272K)->9973K(1398272K)
[292.600s][info][gc,metaspace   ] GC(1261) Metaspace: 14381K(15424K)->14381K(15424K) NonClass: 12412K(13056K)->12412K(13056K) Class: 1969K(2368K)->1969K(2368K)
[292.600s][info][gc             ] GC(1261) Pause Young (Allocation Failure) 431M->10M(1778M) 2.859ms
[292.600s][info][gc,cpu         ] GC(1261) User=0.00s Sys=0.00s Real=0.00s
[292.883s][info][gc,start       ] GC(1262) Pause Young (Allocation Failure)
[292.886s][info][gc,heap        ] GC(1262) PSYoungGen: 422368K(422400K)->992K(413184K) Eden: 421376K(421376K)->0K(412160K) From: 992K(1024K)->992K(1024K)
[292.886s][info][gc,heap        ] GC(1262) ParOldGen: 9973K(1398272K)->10069K(1398272K)
[292.886s][info][gc,metaspace   ] GC(1262) Metaspace: 14381K(15424K)->14381K(15424K) NonClass: 12412K(13056K)->12412K(13056K) Class: 1969K(2368K)->1969K(2368K)
[292.886s][info][gc             ] GC(1262) Pause Young (Allocation Failure) 422M->10M(1769M) 2.858ms
[292.886s][info][gc,cpu         ] GC(1262) User=0.00s Sys=0.00s Real=0.00s
[293.163s][info][gc,start       ] GC(1263) Pause Young (Allocation Failure)
[293.166s][info][gc,heap        ] GC(1263) PSYoungGen: 413152K(413184K)->1024K(404480K) Eden: 412160K(412160K)->0K(403456K) From: 992K(1024K)->1024K(1024K)
[293.166s][info][gc,heap        ] GC(1263) ParOldGen: 10069K(1398272K)->10165K(1398272K)
[293.166s][info][gc,metaspace   ] GC(1263) Metaspace: 14381K(15424K)->14381K(15424K) NonClass: 12412K(13056K)->12412K(13056K) Class: 1969K(2368K)->1969K(2368K)
[293.166s][info][gc             ] GC(1263) Pause Young (Allocation Failure) 413M->10M(1760M) 2.894ms
[293.166s][info][gc,cpu         ] GC(1263) User=0.00s Sys=0.00s Real=0.00s
[293.437s][info][gc,start       ] GC(1264) Pause Young (Allocation Failure)
[293.440s][info][gc,heap        ] GC(1264) PSYoungGen: 404480K(404480K)->992K(395776K) Eden: 403456K(403456K)->0K(394752K) From: 1024K(1024K)->992K(1024K)
[293.440s][info][gc,heap        ] GC(1264) ParOldGen: 10165K(1398272K)->10269K(1398272K)
[293.440s][info][gc,metaspace   ] GC(1264) Metaspace: 14381K(15424K)->14381K(15424K) NonClass: 12412K(13056K)->12412K(13056K) Class: 1969K(2368K)->1969K(2368K)
[293.440s][info][gc             ] GC(1264) Pause Young (Allocation Failure) 404M->10M(1752M) 2.979ms
[293.440s][info][gc,cpu         ] GC(1264) User=0.00s Sys=0.00s Real=0.00s
[293.705s][info][gc,start       ] GC(1265) Pause Young (Allocation Failure)
[293.707s][info][gc,heap        ] GC(1265) PSYoungGen: 395744K(395776K)->1024K(387584K) Eden: 394752K(394752K)->0K(386560K) From: 992K(1024K)->1024K(1024K)
[293.708s][info][gc,heap        ] GC(1265) ParOldGen: 10269K(1398272K)->10365K(1398272K)
[293.708s][info][gc,metaspace   ] GC(1265) Metaspace: 14381K(15424K)->14381K(15424K) NonClass: 12412K(13056K)->12412K(13056K) Class: 1969K(2368K)->1969K(2368K)
[293.708s][info][gc             ] GC(1265) Pause Young (Allocation Failure) 396M->11M(1744M) 2.992ms
[293.708s][info][gc,cpu         ] GC(1265) User=0.00s Sys=0.00s Real=0.00s
[294.114s][info][gc,start       ] GC(1266) Pause Young (Allocation Failure)
[294.117s][info][gc,heap        ] GC(1266) PSYoungGen: 387584K(387584K)->992K(379392K) Eden: 386560K(386560K)->0K(378368K) From: 1024K(1024K)->992K(1024K)
[294.117s][info][gc,heap        ] GC(1266) ParOldGen: 10365K(1398272K)->10437K(1398272K)
[294.117s][info][gc,metaspace   ] GC(1266) Metaspace: 14381K(15424K)->14381K(15424K) NonClass: 12412K(13056K)->12412K(13056K) Class: 1969K(2368K)->1969K(2368K)
[294.117s][info][gc             ] GC(1266) Pause Young (Allocation Failure) 388M->11M(1736M) 3.706ms
[294.117s][info][gc,cpu         ] GC(1266) User=0.00s Sys=0.00s Real=0.00s
[294.389s][info][gc,start       ] GC(1267) Pause Young (Allocation Failure)
[294.392s][info][gc,heap        ] GC(1267) PSYoungGen: 379360K(379392K)->1024K(371712K) Eden: 378368K(378368K)->0K(370688K) From: 992K(1024K)->1024K(1024K)
[294.392s][info][gc,heap        ] GC(1267) ParOldGen: 10437K(1398272K)->10557K(1398272K)
[294.392s][info][gc,metaspace   ] GC(1267) Metaspace: 14381K(15424K)->14381K(15424K) NonClass: 12412K(13056K)->12412K(13056K) Class: 1969K(2368K)->1969K(2368K)
[294.392s][info][gc             ] GC(1267) Pause Young (Allocation Failure) 380M->11M(1728M) 2.812ms
[294.392s][info][gc,cpu         ] GC(1267) User=0.00s Sys=0.00s Real=0.00s
[294.649s][info][gc,start       ] GC(1268) Pause Young (Allocation Failure)
[294.652s][info][gc,heap        ] GC(1268) PSYoungGen: 371712K(371712K)->992K(364544K) Eden: 370688K(370688K)->0K(363520K) From: 1024K(1024K)->992K(1024K)
[294.652s][info][gc,heap        ] GC(1268) ParOldGen: 10557K(1398272K)->10669K(1398272K)
[294.652s][info][gc,metaspace   ] GC(1268) Metaspace: 14381K(15424K)->14381K(15424K) NonClass: 12412K(13056K)->12412K(13056K) Class: 1969K(2368K)->1969K(2368K)
[294.652s][info][gc             ] GC(1268) Pause Young (Allocation Failure) 373M->11M(1721M) 2.735ms
[294.652s][info][gc,cpu         ] GC(1268) User=0.00s Sys=0.00s Real=0.00s
[294.917s][info][gc,start       ] GC(1269) Pause Young (Allocation Failure)
[294.919s][info][gc,heap        ] GC(1269) PSYoungGen: 364512K(364544K)->1024K(357376K) Eden: 363520K(363520K)->0K(356352K) From: 992K(1024K)->1024K(1024K)
[294.919s][info][gc,heap        ] GC(1269) ParOldGen: 10669K(1398272K)->10765K(1398272K)
[294.919s][info][gc,metaspace   ] GC(1269) Metaspace: 14381K(15424K)->14381K(15424K) NonClass: 12412K(13056K)->12412K(13056K) Class: 1969K(2368K)->1969K(2368K)
[294.919s][info][gc             ] GC(1269) Pause Young (Allocation Failure) 366M->11M(1714M) 2.702ms
[294.919s][info][gc,cpu         ] GC(1269) User=0.00s Sys=0.00s Real=0.00s
[295.157s][info][gc,start       ] GC(1270) Pause Young (Allocation Failure)
[295.160s][info][gc,heap        ] GC(1270) PSYoungGen: 357376K(357376K)->1024K(350208K) Eden: 356352K(356352K)->0K(349184K) From: 1024K(1024K)->1024K(1024K)
[295.160s][info][gc,heap        ] GC(1270) ParOldGen: 10765K(1398272K)->10889K(1398272K)
[295.160s][info][gc,metaspace   ] GC(1270) Metaspace: 14381K(15424K)->14381K(15424K) NonClass: 12412K(13056K)->12412K(13056K) Class: 1969K(2368K)->1969K(2368K)
[295.160s][info][gc             ] GC(1270) Pause Young (Allocation Failure) 359M->11M(1707M) 2.698ms
[295.160s][info][gc,cpu         ] GC(1270) User=0.00s Sys=0.00s Real=0.00s
[295.392s][info][gc,start       ] GC(1271) Pause Young (Allocation Failure)
[295.395s][info][gc,heap        ] GC(1271) PSYoungGen: 350208K(350208K)->1024K(343552K) Eden: 349184K(349184K)->0K(342528K) From: 1024K(1024K)->1024K(1024K)
[295.395s][info][gc,heap        ] GC(1271) ParOldGen: 10889K(1398272K)->10993K(1398272K)
[295.395s][info][gc,metaspace   ] GC(1271) Metaspace: 14381K(15424K)->14381K(15424K) NonClass: 12412K(13056K)->12412K(13056K) Class: 1969K(2368K)->1969K(2368K)
[295.395s][info][gc             ] GC(1271) Pause Young (Allocation Failure) 352M->11M(1701M) 2.724ms
[295.395s][info][gc,cpu         ] GC(1271) User=0.00s Sys=0.00s Real=0.00s
[295.623s][info][gc,start       ] GC(1272) Pause Young (Allocation Failure)
[295.626s][info][gc,heap        ] GC(1272) PSYoungGen: 343552K(343552K)->1024K(336896K) Eden: 342528K(342528K)->0K(335872K) From: 1024K(1024K)->1024K(1024K)
[295.626s][info][gc,heap        ] GC(1272) ParOldGen: 10993K(1398272K)->11097K(1398272K)
[295.626s][info][gc,metaspace   ] GC(1272) Metaspace: 14381K(15424K)->14381K(15424K) NonClass: 12412K(13056K)->12412K(13056K) Class: 1969K(2368K)->1969K(2368K)
[295.626s][info][gc             ] GC(1272) Pause Young (Allocation Failure) 346M->11M(1694M) 2.718ms
[295.626s][info][gc,cpu         ] GC(1272) User=0.33s Sys=0.00s Real=0.00s
[295.848s][info][gc,start       ] GC(1273) Pause Young (Allocation Failure)
[295.851s][info][gc,heap        ] GC(1273) PSYoungGen: 336896K(336896K)->1024K(404480K) Eden: 335872K(335872K)->0K(403456K) From: 1024K(1024K)->1024K(1024K)
[295.851s][info][gc,heap        ] GC(1273) ParOldGen: 11097K(1398272K)->11193K(1398272K)
[295.851s][info][gc,metaspace   ] GC(1273) Metaspace: 14381K(15424K)->14381K(15424K) NonClass: 12412K(13056K)->12412K(13056K) Class: 1969K(2368K)->1969K(2368K)
[295.851s][info][gc             ] GC(1273) Pause Young (Allocation Failure) 339M->11M(1760M) 2.746ms
[295.851s][info][gc,cpu         ] GC(1273) User=0.00s Sys=0.00s Real=0.00s
[296.121s][info][gc,start       ] GC(1274) Pause Young (Allocation Failure)
[296.124s][info][gc,heap        ] GC(1274) PSYoungGen: 404480K(404480K)->1024K(485376K) Eden: 403456K(403456K)->0K(484352K) From: 1024K(1024K)->1024K(1024K)
[296.124s][info][gc,heap        ] GC(1274) ParOldGen: 11193K(1398272K)->11281K(1398272K)
[296.124s][info][gc,metaspace   ] GC(1274) Metaspace: 14381K(15424K)->14381K(15424K) NonClass: 12412K(13056K)->12412K(13056K) Class: 1969K(2368K)->1969K(2368K)
[296.124s][info][gc             ] GC(1274) Pause Young (Allocation Failure) 405M->12M(1839M) 2.868ms
[296.124s][info][gc,cpu         ] GC(1274) User=0.00s Sys=0.00s Real=0.00s
[296.446s][info][gc,start       ] GC(1275) Pause Young (Allocation Failure)
[296.449s][info][gc,heap        ] GC(1275) PSYoungGen: 485376K(485376K)->1024K(474112K) Eden: 484352K(484352K)->0K(473088K) From: 1024K(1024K)->1024K(1024K)
[296.449s][info][gc,heap        ] GC(1275) ParOldGen: 11281K(1398272K)->11377K(1398272K)
[296.449s][info][gc,metaspace   ] GC(1275) Metaspace: 14381K(15424K)->14381K(15424K) NonClass: 12412K(13056K)->12412K(13056K) Class: 1969K(2368K)->1969K(2368K)
[296.449s][info][gc             ] GC(1275) Pause Young (Allocation Failure) 485M->12M(1828M) 3.043ms
[296.449s][info][gc,cpu         ] GC(1275) User=0.00s Sys=0.00s Real=0.00s
[296.759s][info][gc,start       ] GC(1276) Pause Young (Allocation Failure)
[296.762s][info][gc,heap        ] GC(1276) PSYoungGen: 474112K(474112K)->992K(463360K) Eden: 473088K(473088K)->0K(462336K) From: 1024K(1024K)->992K(1024K)
[296.762s][info][gc,heap        ] GC(1276) ParOldGen: 11377K(1398272K)->11513K(1398272K)
[296.762s][info][gc,metaspace   ] GC(1276) Metaspace: 14381K(15424K)->14381K(15424K) NonClass: 12412K(13056K)->12412K(13056K) Class: 1969K(2368K)->1969K(2368K)
[296.762s][info][gc             ] GC(1276) Pause Young (Allocation Failure) 474M->12M(1818M) 3.103ms
[296.762s][info][gc,cpu         ] GC(1276) User=0.00s Sys=0.00s Real=0.00s
[297.063s][info][gc,start       ] GC(1277) Pause Young (Allocation Failure)
[297.066s][info][gc,heap        ] GC(1277) PSYoungGen: 463328K(463360K)->992K(452608K) Eden: 462336K(462336K)->0K(451584K) From: 992K(1024K)->992K(1024K)
[297.066s][info][gc,heap        ] GC(1277) ParOldGen: 11513K(1398272K)->11649K(1398272K)
[297.066s][info][gc,metaspace   ] GC(1277) Metaspace: 14381K(15424K)->14381K(15424K) NonClass: 12412K(13056K)->12412K(13056K) Class: 1969K(2368K)->1969K(2368K)
[297.066s][info][gc             ] GC(1277) Pause Young (Allocation Failure) 463M->12M(1807M) 3.071ms
[297.066s][info][gc,cpu         ] GC(1277) User=0.00s Sys=0.00s Real=0.00s
[297.298s][info][gc,start       ] GC(1278) Pause Young (Allocation Failure)
[297.300s][info][gc,heap        ] GC(1278) PSYoungGen: 452576K(452608K)->704K(442368K) Eden: 451584K(451584K)->0K(441344K) From: 992K(1024K)->704K(1024K)
[297.300s][info][gc,heap        ] GC(1278) ParOldGen: 11649K(1398272K)->11753K(1398272K)
[297.300s][info][gc,metaspace   ] GC(1278) Metaspace: 14381K(15424K)->14381K(15424K) NonClass: 12412K(13056K)->12412K(13056K) Class: 1969K(2368K)->1969K(2368K)
[297.300s][info][gc             ] GC(1278) Pause Young (Allocation Failure) 453M->12M(1797M) 2.757ms
[297.300s][info][gc,cpu         ] GC(1278) User=0.00s Sys=0.00s Real=0.00s
[297.640s][info][gc,start       ] GC(1279) Pause Young (System.gc())
[297.644s][info][gc,heap        ] GC(1279) PSYoungGen: 436071K(442368K)->640K(442368K) Eden: 435367K(441344K)->0K(441344K) From: 704K(1024K)->640K(1024K)
[297.644s][info][gc,heap        ] GC(1279) ParOldGen: 11753K(1398272K)->11849K(1398272K)
[297.644s][info][gc,metaspace   ] GC(1279) Metaspace: 14381K(15424K)->14381K(15424K) NonClass: 12412K(13056K)->12412K(13056K) Class: 1969K(2368K)->1969K(2368K)
[297.644s][info][gc             ] GC(1279) Pause Young (System.gc()) 437M->12M(1797M) 3.856ms
[297.644s][info][gc,cpu         ] GC(1279) User=0.00s Sys=0.00s Real=0.00s
[297.644s][info][gc,start       ] GC(1280) Pause Full (System.gc())
[297.644s][info][gc,phases,start] GC(1280) Marking Phase
[297.662s][info][gc,phases      ] GC(1280) Marking Phase 17.093ms
[297.662s][info][gc,phases,start] GC(1280) Summary Phase
[297.662s][info][gc,phases      ] GC(1280) Summary Phase 0.027ms
[297.662s][info][gc,phases,start] GC(1280) Adjust Roots
[297.668s][info][gc,phases      ] GC(1280) Adjust Roots 6.051ms
[297.668s][info][gc,phases,start] GC(1280) Compaction Phase
[297.670s][info][gc,phases      ] GC(1280) Compaction Phase 1.768ms
[297.670s][info][gc,phases,start] GC(1280) Post Compact
[297.670s][info][gc,phases      ] GC(1280) Post Compact 0.578ms
[297.670s][info][gc,heap        ] GC(1280) PSYoungGen: 640K(442368K)->0K(442368K) Eden: 0K(441344K)->0K(441344K) From: 640K(1024K)->0K(1024K)
[297.670s][info][gc,heap        ] GC(1280) ParOldGen: 11849K(1398272K)->5387K(1398272K)
[297.670s][info][gc,metaspace   ] GC(1280) Metaspace: 14381K(15424K)->14381K(15424K) NonClass: 12412K(13056K)->12412K(13056K) Class: 1969K(2368K)->1969K(2368K)
[297.670s][info][gc             ] GC(1280) Pause Full (System.gc()) 12M->5M(1797M) 25.873ms
[297.670s][info][gc,cpu         ] GC(1280) User=0.53s Sys=0.00s Real=0.03s
[298.043s][info][gc,start       ] GC(1281) Pause Young (Allocation Failure)
[298.046s][info][gc,heap        ] GC(1281) PSYoungGen: 441344K(442368K)->1536K(433152K) Eden: 441344K(441344K)->0K(431616K) From: 0K(1024K)->1536K(1536K)
[298.046s][info][gc,heap        ] GC(1281) ParOldGen: 5387K(1398272K)->5610K(1398272K)
[298.046s][info][gc,metaspace   ] GC(1281) Metaspace: 14381K(15424K)->14381K(15424K) NonClass: 12412K(13056K)->12412K(13056K) Class: 1969K(2368K)->1969K(2368K)
[298.046s][info][gc             ] GC(1281) Pause Young (Allocation Failure) 436M->6M(1788M) 2.886ms
[298.046s][info][gc,cpu         ] GC(1281) User=0.52s Sys=0.00s Real=0.00s
[298.307s][info][gc,start       ] GC(1282) Pause Young (Allocation Failure)
[298.310s][info][gc,heap        ] GC(1282) PSYoungGen: 433152K(433152K)->1056K(423424K) Eden: 431616K(431616K)->0K(421888K) From: 1536K(1536K)->1056K(1536K)
[298.310s][info][gc,heap        ] GC(1282) ParOldGen: 5610K(1398272K)->7118K(1398272K)
[298.310s][info][gc,metaspace   ] GC(1282) Metaspace: 14381K(15424K)->14381K(15424K) NonClass: 12412K(13056K)->12412K(13056K) Class: 1969K(2368K)->1969K(2368K)
[298.310s][info][gc             ] GC(1282) Pause Young (Allocation Failure) 428M->7M(1779M) 2.935ms
[298.310s][info][gc,cpu         ] GC(1282) User=0.00s Sys=0.00s Real=0.00s
[298.592s][info][gc,start       ] GC(1283) Pause Young (Allocation Failure)
[298.595s][info][gc,heap        ] GC(1283) PSYoungGen: 422944K(423424K)->512K(413184K) Eden: 421888K(421888K)->0K(412672K) From: 1056K(1536K)->512K(512K)
[298.595s][info][gc,heap        ] GC(1283) ParOldGen: 7118K(1398272K)->7318K(1398272K)
[298.595s][info][gc,metaspace   ] GC(1283) Metaspace: 14381K(15424K)->14381K(15424K) NonClass: 12412K(13056K)->12412K(13056K) Class: 1969K(2368K)->1969K(2368K)
[298.595s][info][gc             ] GC(1283) Pause Young (Allocation Failure) 419M->7M(1769M) 2.687ms
[298.595s][info][gc,cpu         ] GC(1283) User=0.00s Sys=0.00s Real=0.00s
[298.867s][info][gc,start       ] GC(1284) Pause Young (Allocation Failure)
[298.869s][info][gc,heap        ] GC(1284) PSYoungGen: 413184K(413184K)->960K(405504K) Eden: 412672K(412672K)->0K(403968K) From: 512K(512K)->960K(1536K)
[298.869s][info][gc,heap        ] GC(1284) ParOldGen: 7318K(1398272K)->7374K(1398272K)
[298.869s][info][gc,metaspace   ] GC(1284) Metaspace: 14381K(15424K)->14381K(15424K) NonClass: 12412K(13056K)->12412K(13056K) Class: 1969K(2368K)->1969K(2368K)
[298.869s][info][gc             ] GC(1284) Pause Young (Allocation Failure) 410M->8M(1761M) 2.744ms
[298.869s][info][gc,cpu         ] GC(1284) User=0.00s Sys=0.00s Real=0.00s
[299.142s][info][gc,start       ] GC(1285) Pause Young (Allocation Failure)
[299.145s][info][gc,heap        ] GC(1285) PSYoungGen: 404928K(405504K)->1024K(396288K) Eden: 403968K(403968K)->0K(395264K) From: 960K(1536K)->1024K(1024K)
[299.145s][info][gc,heap        ] GC(1285) ParOldGen: 7374K(1398272K)->7502K(1398272K)
[299.145s][info][gc,metaspace   ] GC(1285) Metaspace: 14381K(15424K)->14381K(15424K) NonClass: 12412K(13056K)->12412K(13056K) Class: 1969K(2368K)->1969K(2368K)
[299.145s][info][gc             ] GC(1285) Pause Young (Allocation Failure) 402M->8M(1752M) 2.926ms
[299.145s][info][gc,cpu         ] GC(1285) User=0.00s Sys=0.00s Real=0.00s
[299.413s][info][gc,start       ] GC(1286) Pause Young (Allocation Failure)
[299.415s][info][gc,heap        ] GC(1286) PSYoungGen: 396288K(396288K)->1024K(388096K) Eden: 395264K(395264K)->0K(387072K) From: 1024K(1024K)->1024K(1024K)
[299.415s][info][gc,heap        ] GC(1286) ParOldGen: 7502K(1398272K)->7646K(1398272K)
[299.415s][info][gc,metaspace   ] GC(1286) Metaspace: 14381K(15424K)->14381K(15424K) NonClass: 12412K(13056K)->12412K(13056K) Class: 1969K(2368K)->1969K(2368K)
[299.415s][info][gc             ] GC(1286) Pause Young (Allocation Failure) 394M->8M(1744M) 2.857ms
[299.415s][info][gc,cpu         ] GC(1286) User=0.00s Sys=0.00s Real=0.00s
[299.726s][info][gc,start       ] GC(1287) Pause Young (Allocation Failure)
[299.729s][info][gc,heap        ] GC(1287) PSYoungGen: 388096K(388096K)->992K(379904K) Eden: 387072K(387072K)->0K(378880K) From: 1024K(1024K)->992K(1024K)
[299.729s][info][gc,heap        ] GC(1287) ParOldGen: 7646K(1398272K)->7742K(1398272K)
[299.729s][info][gc,metaspace   ] GC(1287) Metaspace: 14381K(15424K)->14381K(15424K) NonClass: 12412K(13056K)->12412K(13056K) Class: 1969K(2368K)->1969K(2368K)
[299.729s][info][gc             ] GC(1287) Pause Young (Allocation Failure) 386M->8M(1736M) 3.717ms
[299.729s][info][gc,cpu         ] GC(1287) User=0.00s Sys=0.00s Real=0.00s
[299.997s][info][gc,start       ] GC(1288) Pause Young (Allocation Failure)
[300.000s][info][gc,heap        ] GC(1288) PSYoungGen: 379872K(379904K)->992K(372224K) Eden: 378880K(378880K)->0K(371200K) From: 992K(1024K)->992K(1024K)
[300.000s][info][gc,heap        ] GC(1288) ParOldGen: 7742K(1398272K)->7838K(1398272K)
[300.000s][info][gc,metaspace   ] GC(1288) Metaspace: 14381K(15424K)->14381K(15424K) NonClass: 12412K(13056K)->12412K(13056K) Class: 1969K(2368K)->1969K(2368K)
[300.000s][info][gc             ] GC(1288) Pause Young (Allocation Failure) 378M->8M(1729M) 2.802ms
[300.000s][info][gc,cpu         ] GC(1288) User=0.52s Sys=0.00s Real=0.00s
[300.261s][info][gc,start       ] GC(1289) Pause Young (Allocation Failure)
[300.263s][info][gc,heap        ] GC(1289) PSYoungGen: 372192K(372224K)->992K(364544K) Eden: 371200K(371200K)->0K(363520K) From: 992K(1024K)->992K(1024K)
[300.263s][info][gc,heap        ] GC(1289) ParOldGen: 7838K(1398272K)->7982K(1398272K)
[300.263s][info][gc,metaspace   ] GC(1289) Metaspace: 14381K(15424K)->14381K(15424K) NonClass: 12412K(13056K)->12412K(13056K) Class: 1969K(2368K)->1969K(2368K)
[300.263s][info][gc             ] GC(1289) Pause Young (Allocation Failure) 371M->8M(1721M) 2.593ms
[300.263s][info][gc,cpu         ] GC(1289) User=0.00s Sys=0.00s Real=0.00s
[300.528s][info][gc,start       ] GC(1290) Pause Young (Allocation Failure)
[300.531s][info][gc,heap        ] GC(1290) PSYoungGen: 364512K(364544K)->992K(357376K) Eden: 363520K(363520K)->0K(356352K) From: 992K(1024K)->992K(1024K)
[300.531s][info][gc,heap        ] GC(1290) ParOldGen: 7982K(1398272K)->8126K(1398272K)
[300.531s][info][gc,metaspace   ] GC(1290) Metaspace: 14381K(15424K)->14381K(15424K) NonClass: 12412K(13056K)->12412K(13056K) Class: 1969K(2368K)->1969K(2368K)
[300.531s][info][gc             ] GC(1290) Pause Young (Allocation Failure) 363M->8M(1714M) 2.554ms
[300.531s][info][gc,cpu         ] GC(1290) User=0.52s Sys=0.00s Real=0.00s
[300.768s][info][gc,start       ] GC(1291) Pause Young (Allocation Failure)
[300.770s][info][gc,heap        ] GC(1291) PSYoungGen: 357344K(357376K)->1024K(350208K) Eden: 356352K(356352K)->0K(349184K) From: 992K(1024K)->1024K(1024K)
[300.771s][info][gc,heap        ] GC(1291) ParOldGen: 8126K(1398272K)->8246K(1398272K)
[300.771s][info][gc,metaspace   ] GC(1291) Metaspace: 14381K(15424K)->14381K(15424K) NonClass: 12412K(13056K)->12412K(13056K) Class: 1969K(2368K)->1969K(2368K)
[300.771s][info][gc             ] GC(1291) Pause Young (Allocation Failure) 356M->9M(1707M) 2.608ms
[300.771s][info][gc,cpu         ] GC(1291) User=0.00s Sys=0.00s Real=0.00s
[301.006s][info][gc,start       ] GC(1292) Pause Young (Allocation Failure)
[301.008s][info][gc,heap        ] GC(1292) PSYoungGen: 350208K(350208K)->992K(343552K) Eden: 349184K(349184K)->0K(342528K) From: 1024K(1024K)->992K(1024K)
[301.008s][info][gc,heap        ] GC(1292) ParOldGen: 8246K(1398272K)->8358K(1398272K)
[301.008s][info][gc,metaspace   ] GC(1292) Metaspace: 14381K(15424K)->14381K(15424K) NonClass: 12412K(13056K)->12412K(13056K) Class: 1969K(2368K)->1969K(2368K)
[301.008s][info][gc             ] GC(1292) Pause Young (Allocation Failure) 350M->9M(1701M) 2.591ms
[301.008s][info][gc,cpu         ] GC(1292) User=0.00s Sys=0.00s Real=0.00s
[301.237s][info][gc,start       ] GC(1293) Pause Young (Allocation Failure)
[301.240s][info][gc,heap        ] GC(1293) PSYoungGen: 343520K(343552K)->1024K(336896K) Eden: 342528K(342528K)->0K(335872K) From: 992K(1024K)->1024K(1024K)
[301.240s][info][gc,heap        ] GC(1293) ParOldGen: 8358K(1398272K)->8486K(1398272K)
[301.240s][info][gc,metaspace   ] GC(1293) Metaspace: 14381K(15424K)->14381K(15424K) NonClass: 12412K(13056K)->12412K(13056K) Class: 1969K(2368K)->1969K(2368K)
[301.240s][info][gc             ] GC(1293) Pause Young (Allocation Failure) 343M->9M(1694M) 2.651ms
[301.240s][info][gc,cpu         ] GC(1293) User=0.00s Sys=0.00s Real=0.00s
[301.469s][info][gc,start       ] GC(1294) Pause Young (Allocation Failure)
[301.472s][info][gc,heap        ] GC(1294) PSYoungGen: 336896K(336896K)->992K(330752K) Eden: 335872K(335872K)->0K(329728K) From: 1024K(1024K)->992K(1024K)
[301.472s][info][gc,heap        ] GC(1294) ParOldGen: 8486K(1398272K)->8590K(1398272K)
[301.472s][info][gc,metaspace   ] GC(1294) Metaspace: 14381K(15424K)->14381K(15424K) NonClass: 12412K(13056K)->12412K(13056K) Class: 1969K(2368K)->1969K(2368K)
[301.472s][info][gc             ] GC(1294) Pause Young (Allocation Failure) 337M->9M(1688M) 2.656ms
[301.472s][info][gc,cpu         ] GC(1294) User=0.00s Sys=0.00s Real=0.00s
[301.692s][info][gc,start       ] GC(1295) Pause Young (Allocation Failure)
[301.695s][info][gc,heap        ] GC(1295) PSYoungGen: 330720K(330752K)->992K(396800K) Eden: 329728K(329728K)->0K(395776K) From: 992K(1024K)->992K(1024K)
[301.695s][info][gc,heap        ] GC(1295) ParOldGen: 8590K(1398272K)->8702K(1398272K)
[301.695s][info][gc,metaspace   ] GC(1295) Metaspace: 14381K(15424K)->14381K(15424K) NonClass: 12412K(13056K)->12412K(13056K) Class: 1969K(2368K)->1969K(2368K)
[301.695s][info][gc             ] GC(1295) Pause Young (Allocation Failure) 331M->9M(1753M) 2.699ms
[301.695s][info][gc,cpu         ] GC(1295) User=0.00s Sys=0.00s Real=0.00s
[301.962s][info][gc,start       ] GC(1296) Pause Young (Allocation Failure)
[301.965s][info][gc,heap        ] GC(1296) PSYoungGen: 396768K(396800K)->1024K(388608K) Eden: 395776K(395776K)->0K(387584K) From: 992K(1024K)->1024K(1024K)
[301.965s][info][gc,heap        ] GC(1296) ParOldGen: 8702K(1398272K)->8790K(1398272K)
[301.965s][info][gc,metaspace   ] GC(1296) Metaspace: 14381K(15424K)->14381K(15424K) NonClass: 12412K(13056K)->12412K(13056K) Class: 1969K(2368K)->1969K(2368K)
[301.965s][info][gc             ] GC(1296) Pause Young (Allocation Failure) 395M->9M(1745M) 2.795ms
[301.965s][info][gc,cpu         ] GC(1296) User=0.00s Sys=0.00s Real=0.00s
[302.228s][info][gc,start       ] GC(1297) Pause Young (Allocation Failure)
[302.231s][info][gc,heap        ] GC(1297) PSYoungGen: 388608K(388608K)->1024K(380416K) Eden: 387584K(387584K)->0K(379392K) From: 1024K(1024K)->1024K(1024K)
[302.231s][info][gc,heap        ] GC(1297) ParOldGen: 8790K(1398272K)->8894K(1398272K)
[302.231s][info][gc,metaspace   ] GC(1297) Metaspace: 14381K(15424K)->14381K(15424K) NonClass: 12412K(13056K)->12412K(13056K) Class: 1969K(2368K)->1969K(2368K)
[302.231s][info][gc             ] GC(1297) Pause Young (Allocation Failure) 388M->9M(1737M) 2.865ms
[302.231s][info][gc,cpu         ] GC(1297) User=0.00s Sys=0.00s Real=0.00s
[302.485s][info][gc,start       ] GC(1298) Pause Young (Allocation Failure)
[302.487s][info][gc,heap        ] GC(1298) PSYoungGen: 380416K(380416K)->992K(372736K) Eden: 379392K(379392K)->0K(371712K) From: 1024K(1024K)->992K(1024K)
[302.487s][info][gc,heap        ] GC(1298) ParOldGen: 8894K(1398272K)->9030K(1398272K)
[302.487s][info][gc,metaspace   ] GC(1298) Metaspace: 14381K(15424K)->14381K(15424K) NonClass: 12412K(13056K)->12412K(13056K) Class: 1969K(2368K)->1969K(2368K)
[302.487s][info][gc             ] GC(1298) Pause Young (Allocation Failure) 380M->9M(1729M) 2.838ms
[302.487s][info][gc,cpu         ] GC(1298) User=0.00s Sys=0.00s Real=0.00s
[302.734s][info][gc,start       ] GC(1299) Pause Young (Allocation Failure)
[302.737s][info][gc,heap        ] GC(1299) PSYoungGen: 372704K(372736K)->1024K(447488K) Eden: 371712K(371712K)->0K(446464K) From: 992K(1024K)->1024K(1024K)
[302.737s][info][gc,heap        ] GC(1299) ParOldGen: 9030K(1398272K)->9150K(1398272K)
[302.737s][info][gc,metaspace   ] GC(1299) Metaspace: 14381K(15424K)->14381K(15424K) NonClass: 12412K(13056K)->12412K(13056K) Class: 1969K(2368K)->1969K(2368K)
[302.737s][info][gc             ] GC(1299) Pause Young (Allocation Failure) 372M->9M(1802M) 2.909ms
[302.737s][info][gc,cpu         ] GC(1299) User=0.00s Sys=0.00s Real=0.00s
[303.038s][info][gc,start       ] GC(1300) Pause Young (Allocation Failure)
[303.041s][info][gc,heap        ] GC(1300) PSYoungGen: 447488K(447488K)->960K(437248K) Eden: 446464K(446464K)->0K(436224K) From: 1024K(1024K)->960K(1024K)
[303.041s][info][gc,heap        ] GC(1300) ParOldGen: 9150K(1398272K)->9254K(1398272K)
[303.041s][info][gc,metaspace   ] GC(1300) Metaspace: 14381K(15424K)->14381K(15424K) NonClass: 12412K(13056K)->12412K(13056K) Class: 1969K(2368K)->1969K(2368K)
[303.042s][info][gc             ] GC(1300) Pause Young (Allocation Failure) 445M->9M(1792M) 3.096ms
[303.042s][info][gc,cpu         ] GC(1300) User=0.00s Sys=0.00s Real=0.00s
[303.336s][info][gc,start       ] GC(1301) Pause Young (Allocation Failure)
[303.339s][info][gc,heap        ] GC(1301) PSYoungGen: 437184K(437248K)->1024K(427520K) Eden: 436224K(436224K)->0K(426496K) From: 960K(1024K)->1024K(1024K)
[303.339s][info][gc,heap        ] GC(1301) ParOldGen: 9254K(1398272K)->9390K(1398272K)
[303.339s][info][gc,metaspace   ] GC(1301) Metaspace: 14381K(15424K)->14381K(15424K) NonClass: 12412K(13056K)->12412K(13056K) Class: 1969K(2368K)->1969K(2368K)
[303.339s][info][gc             ] GC(1301) Pause Young (Allocation Failure) 435M->10M(1783M) 2.946ms
[303.339s][info][gc,cpu         ] GC(1301) User=0.00s Sys=0.00s Real=0.00s
[303.657s][info][gc,start       ] GC(1302) Pause Young (Allocation Failure)
[303.660s][info][gc,heap        ] GC(1302) PSYoungGen: 427520K(427520K)->992K(418304K) Eden: 426496K(426496K)->0K(417280K) From: 1024K(1024K)->992K(1024K)
[303.661s][info][gc,heap        ] GC(1302) ParOldGen: 9390K(1398272K)->9494K(1398272K)
[303.661s][info][gc,metaspace   ] GC(1302) Metaspace: 14381K(15424K)->14381K(15424K) NonClass: 12412K(13056K)->12412K(13056K) Class: 1969K(2368K)->1969K(2368K)
[303.661s][info][gc             ] GC(1302) Pause Young (Allocation Failure) 426M->10M(1774M) 3.580ms
[303.661s][info][gc,cpu         ] GC(1302) User=0.00s Sys=0.00s Real=0.00s
[303.962s][info][gc,start       ] GC(1303) Pause Young (Allocation Failure)
[303.965s][info][gc,heap        ] GC(1303) PSYoungGen: 418272K(418304K)->1024K(409088K) Eden: 417280K(417280K)->0K(408064K) From: 992K(1024K)->1024K(1024K)
[303.965s][info][gc,heap        ] GC(1303) ParOldGen: 9494K(1398272K)->9598K(1398272K)
[303.965s][info][gc,metaspace   ] GC(1303) Metaspace: 14381K(15424K)->14381K(15424K) NonClass: 12412K(13056K)->12412K(13056K) Class: 1969K(2368K)->1969K(2368K)
[303.965s][info][gc             ] GC(1303) Pause Young (Allocation Failure) 417M->10M(1765M) 2.840ms
[303.965s][info][gc,cpu         ] GC(1303) User=0.00s Sys=0.00s Real=0.00s
[304.272s][info][gc,start       ] GC(1304) Pause Young (Allocation Failure)
[304.274s][info][gc,heap        ] GC(1304) PSYoungGen: 409088K(409088K)->1024K(400384K) Eden: 408064K(408064K)->0K(399360K) From: 1024K(1024K)->1024K(1024K)
[304.274s][info][gc,heap        ] GC(1304) ParOldGen: 9598K(1398272K)->9710K(1398272K)
[304.274s][info][gc,metaspace   ] GC(1304) Metaspace: 14381K(15424K)->14381K(15424K) NonClass: 12412K(13056K)->12412K(13056K) Class: 1969K(2368K)->1969K(2368K)
[304.274s][info][gc             ] GC(1304) Pause Young (Allocation Failure) 408M->10M(1756M) 2.727ms
[304.274s][info][gc,cpu         ] GC(1304) User=0.00s Sys=0.00s Real=0.00s
[304.546s][info][gc,start       ] GC(1305) Pause Young (Allocation Failure)
[304.548s][info][gc,heap        ] GC(1305) PSYoungGen: 400384K(400384K)->1024K(392192K) Eden: 399360K(399360K)->0K(391168K) From: 1024K(1024K)->1024K(1024K)
[304.548s][info][gc,heap        ] GC(1305) ParOldGen: 9710K(1398272K)->9830K(1398272K)
[304.548s][info][gc,metaspace   ] GC(1305) Metaspace: 14381K(15424K)->14381K(15424K) NonClass: 12412K(13056K)->12412K(13056K) Class: 1969K(2368K)->1969K(2368K)
[304.548s][info][gc             ] GC(1305) Pause Young (Allocation Failure) 400M->10M(1748M) 2.716ms
[304.548s][info][gc,cpu         ] GC(1305) User=0.00s Sys=0.00s Real=0.00s
[304.810s][info][gc,start       ] GC(1306) Pause Young (Allocation Failure)
[304.812s][info][gc,heap        ] GC(1306) PSYoungGen: 392192K(392192K)->992K(384000K) Eden: 391168K(391168K)->0K(382976K) From: 1024K(1024K)->992K(1024K)
[304.812s][info][gc,heap        ] GC(1306) ParOldGen: 9830K(1398272K)->9918K(1398272K)
[304.812s][info][gc,metaspace   ] GC(1306) Metaspace: 14381K(15424K)->14381K(15424K) NonClass: 12412K(13056K)->12412K(13056K) Class: 1969K(2368K)->1969K(2368K)
[304.812s][info][gc             ] GC(1306) Pause Young (Allocation Failure) 392M->10M(1740M) 2.780ms
[304.813s][info][gc,cpu         ] GC(1306) User=0.52s Sys=0.00s Real=0.00s
[305.072s][info][gc,start       ] GC(1307) Pause Young (Allocation Failure)
[305.074s][info][gc,heap        ] GC(1307) PSYoungGen: 383968K(384000K)->1024K(376320K) Eden: 382976K(382976K)->0K(375296K) From: 992K(1024K)->1024K(1024K)
[305.074s][info][gc,heap        ] GC(1307) ParOldGen: 9918K(1398272K)->10038K(1398272K)
[305.074s][info][gc,metaspace   ] GC(1307) Metaspace: 14381K(15424K)->14381K(15424K) NonClass: 12412K(13056K)->12412K(13056K) Class: 1969K(2368K)->1969K(2368K)
[305.074s][info][gc             ] GC(1307) Pause Young (Allocation Failure) 384M->10M(1733M) 2.776ms
[305.074s][info][gc,cpu         ] GC(1307) User=0.00s Sys=0.00s Real=0.00s
[305.327s][info][gc,start       ] GC(1308) Pause Young (Allocation Failure)
[305.330s][info][gc,heap        ] GC(1308) PSYoungGen: 376320K(376320K)->992K(368640K) Eden: 375296K(375296K)->0K(367616K) From: 1024K(1024K)->992K(1024K)
[305.330s][info][gc,heap        ] GC(1308) ParOldGen: 10038K(1398272K)->10166K(1398272K)
[305.330s][info][gc,metaspace   ] GC(1308) Metaspace: 14381K(15424K)->14381K(15424K) NonClass: 12412K(13056K)->12412K(13056K) Class: 1969K(2368K)->1969K(2368K)
[305.330s][info][gc             ] GC(1308) Pause Young (Allocation Failure) 377M->10M(1725M) 2.819ms
[305.330s][info][gc,cpu         ] GC(1308) User=0.00s Sys=0.00s Real=0.00s
[305.578s][info][gc,start       ] GC(1309) Pause Young (Allocation Failure)
[305.581s][info][gc,heap        ] GC(1309) PSYoungGen: 368608K(368640K)->1024K(361472K) Eden: 367616K(367616K)->0K(360448K) From: 992K(1024K)->1024K(1024K)
[305.581s][info][gc,heap        ] GC(1309) ParOldGen: 10166K(1398272K)->10286K(1398272K)
[305.581s][info][gc,metaspace   ] GC(1309) Metaspace: 14381K(15424K)->14381K(15424K) NonClass: 12412K(13056K)->12412K(13056K) Class: 1969K(2368K)->1969K(2368K)
[305.581s][info][gc             ] GC(1309) Pause Young (Allocation Failure) 369M->11M(1718M) 2.849ms
[305.581s][info][gc,cpu         ] GC(1309) User=0.00s Sys=0.00s Real=0.00s
[305.824s][info][gc,start       ] GC(1310) Pause Young (Allocation Failure)
[305.827s][info][gc,heap        ] GC(1310) PSYoungGen: 361472K(361472K)->992K(354304K) Eden: 360448K(360448K)->0K(353280K) From: 1024K(1024K)->992K(1024K)
[305.827s][info][gc,heap        ] GC(1310) ParOldGen: 10286K(1398272K)->10374K(1398272K)
[305.827s][info][gc,metaspace   ] GC(1310) Metaspace: 14381K(15424K)->14381K(15424K) NonClass: 12412K(13056K)->12412K(13056K) Class: 1969K(2368K)->1969K(2368K)
[305.827s][info][gc             ] GC(1310) Pause Young (Allocation Failure) 363M->11M(1711M) 2.834ms
[305.827s][info][gc,cpu         ] GC(1310) User=0.00s Sys=0.31s Real=0.00s
[306.063s][info][gc,start       ] GC(1311) Pause Young (Allocation Failure)
[306.066s][info][gc,heap        ] GC(1311) PSYoungGen: 354272K(354304K)->1024K(424960K) Eden: 353280K(353280K)->0K(423936K) From: 992K(1024K)->1024K(1024K)
[306.066s][info][gc,heap        ] GC(1311) ParOldGen: 10374K(1398272K)->10486K(1398272K)
[306.066s][info][gc,metaspace   ] GC(1311) Metaspace: 14381K(15424K)->14381K(15424K) NonClass: 12412K(13056K)->12412K(13056K) Class: 1969K(2368K)->1969K(2368K)
[306.066s][info][gc             ] GC(1311) Pause Young (Allocation Failure) 356M->11M(1780M) 2.883ms
[306.066s][info][gc,cpu         ] GC(1311) User=0.00s Sys=0.00s Real=0.00s
[306.503s][info][gc,start       ] GC(1312) Pause Young (Allocation Failure)
[306.506s][info][gc,heap        ] GC(1312) PSYoungGen: 424960K(424960K)->992K(415744K) Eden: 423936K(423936K)->0K(414720K) From: 1024K(1024K)->992K(1024K)
[306.507s][info][gc,heap        ] GC(1312) ParOldGen: 10486K(1398272K)->10566K(1398272K)
[306.507s][info][gc,metaspace   ] GC(1312) Metaspace: 14381K(15424K)->14381K(15424K) NonClass: 12412K(13056K)->12412K(13056K) Class: 1969K(2368K)->1969K(2368K)
[306.507s][info][gc             ] GC(1312) Pause Young (Allocation Failure) 425M->11M(1771M) 3.717ms
[306.507s][info][gc,cpu         ] GC(1312) User=0.00s Sys=0.00s Real=0.00s
[306.807s][info][gc,start       ] GC(1313) Pause Young (Allocation Failure)
[306.810s][info][gc,heap        ] GC(1313) PSYoungGen: 415712K(415744K)->1024K(407040K) Eden: 414720K(414720K)->0K(406016K) From: 992K(1024K)->1024K(1024K)
[306.810s][info][gc,heap        ] GC(1313) ParOldGen: 10566K(1398272K)->10686K(1398272K)
[306.810s][info][gc,metaspace   ] GC(1313) Metaspace: 14381K(15424K)->14381K(15424K) NonClass: 12412K(13056K)->12412K(13056K) Class: 1969K(2368K)->1969K(2368K)
[306.810s][info][gc             ] GC(1313) Pause Young (Allocation Failure) 416M->11M(1763M) 2.756ms
[306.810s][info][gc,cpu         ] GC(1313) User=0.00s Sys=0.00s Real=0.00s
[307.089s][info][gc,start       ] GC(1314) Pause Young (Allocation Failure)
[307.091s][info][gc,heap        ] GC(1314) PSYoungGen: 407040K(407040K)->992K(398336K) Eden: 406016K(406016K)->0K(397312K) From: 1024K(1024K)->992K(1024K)
[307.091s][info][gc,heap        ] GC(1314) ParOldGen: 10686K(1398272K)->10782K(1398272K)
[307.091s][info][gc,metaspace   ] GC(1314) Metaspace: 14381K(15424K)->14381K(15424K) NonClass: 12412K(13056K)->12412K(13056K) Class: 1969K(2368K)->1969K(2368K)
[307.091s][info][gc             ] GC(1314) Pause Young (Allocation Failure) 407M->11M(1754M) 2.694ms
[307.091s][info][gc,cpu         ] GC(1314) User=0.00s Sys=0.00s Real=0.00s
[307.373s][info][gc,start       ] GC(1315) Pause Young (Allocation Failure)
[307.376s][info][gc,heap        ] GC(1315) PSYoungGen: 398304K(398336K)->992K(390144K) Eden: 397312K(397312K)->0K(389120K) From: 992K(1024K)->992K(1024K)
[307.376s][info][gc,heap        ] GC(1315) ParOldGen: 10782K(1398272K)->10902K(1398272K)
[307.376s][info][gc,metaspace   ] GC(1315) Metaspace: 14381K(15424K)->14381K(15424K) NonClass: 12412K(13056K)->12412K(13056K) Class: 1969K(2368K)->1969K(2368K)
[307.376s][info][gc             ] GC(1315) Pause Young (Allocation Failure) 399M->11M(1746M) 2.693ms
[307.376s][info][gc,cpu         ] GC(1315) User=0.02s Sys=0.00s Real=0.00s
[307.638s][info][gc,start       ] GC(1316) Pause Young (Allocation Failure)
[307.641s][info][gc,heap        ] GC(1316) PSYoungGen: 390112K(390144K)->1024K(381952K) Eden: 389120K(389120K)->0K(380928K) From: 992K(1024K)->1024K(1024K)
[307.641s][info][gc,heap        ] GC(1316) ParOldGen: 10902K(1398272K)->11030K(1398272K)
[307.641s][info][gc,metaspace   ] GC(1316) Metaspace: 14381K(15424K)->14381K(15424K) NonClass: 12412K(13056K)->12412K(13056K) Class: 1969K(2368K)->1969K(2368K)
[307.641s][info][gc             ] GC(1316) Pause Young (Allocation Failure) 391M->11M(1738M) 2.728ms
[307.641s][info][gc,cpu         ] GC(1316) User=0.52s Sys=0.00s Real=0.00s
[307.902s][info][gc,start       ] GC(1317) Pause Young (Allocation Failure)
[307.904s][info][gc,heap        ] GC(1317) PSYoungGen: 381952K(381952K)->1024K(374272K) Eden: 380928K(380928K)->0K(373248K) From: 1024K(1024K)->1024K(1024K)
[307.905s][info][gc,heap        ] GC(1317) ParOldGen: 11030K(1398272K)->11146K(1398272K)
[307.905s][info][gc,metaspace   ] GC(1317) Metaspace: 14381K(15424K)->14381K(15424K) NonClass: 12412K(13056K)->12412K(13056K) Class: 1969K(2368K)->1969K(2368K)
[307.905s][info][gc             ] GC(1317) Pause Young (Allocation Failure) 383M->11M(1731M) 2.711ms
[307.905s][info][gc,cpu         ] GC(1317) User=0.00s Sys=0.00s Real=0.00s
[308.157s][info][gc,start       ] GC(1318) Pause Young (Allocation Failure)
[308.160s][info][gc,heap        ] GC(1318) PSYoungGen: 374272K(374272K)->1024K(366592K) Eden: 373248K(373248K)->0K(365568K) From: 1024K(1024K)->1024K(1024K)
[308.160s][info][gc,heap        ] GC(1318) ParOldGen: 11146K(1398272K)->11242K(1398272K)
[308.160s][info][gc,metaspace   ] GC(1318) Metaspace: 14381K(15424K)->14381K(15424K) NonClass: 12412K(13056K)->12412K(13056K) Class: 1969K(2368K)->1969K(2368K)
[308.160s][info][gc             ] GC(1318) Pause Young (Allocation Failure) 376M->11M(1723M) 2.724ms
[308.160s][info][gc,cpu         ] GC(1318) User=0.00s Sys=0.00s Real=0.00s
[308.403s][info][gc,start       ] GC(1319) Pause Young (Allocation Failure)
[308.405s][info][gc,heap        ] GC(1319) PSYoungGen: 366592K(366592K)->1024K(359424K) Eden: 365568K(365568K)->0K(358400K) From: 1024K(1024K)->1024K(1024K)
[308.405s][info][gc,heap        ] GC(1319) ParOldGen: 11242K(1398272K)->11338K(1398272K)
[308.405s][info][gc,metaspace   ] GC(1319) Metaspace: 14381K(15424K)->14381K(15424K) NonClass: 12412K(13056K)->12412K(13056K) Class: 1969K(2368K)->1969K(2368K)
[308.406s][info][gc             ] GC(1319) Pause Young (Allocation Failure) 368M->12M(1716M) 2.754ms
[308.406s][info][gc,cpu         ] GC(1319) User=0.00s Sys=0.00s Real=0.00s
[308.643s][info][gc,start       ] GC(1320) Pause Young (Allocation Failure)
[308.646s][info][gc,heap        ] GC(1320) PSYoungGen: 359424K(359424K)->1024K(352256K) Eden: 358400K(358400K)->0K(351232K) From: 1024K(1024K)->1024K(1024K)
[308.646s][info][gc,heap        ] GC(1320) ParOldGen: 11338K(1398272K)->11442K(1398272K)
[308.646s][info][gc,metaspace   ] GC(1320) Metaspace: 14381K(15424K)->14381K(15424K) NonClass: 12412K(13056K)->12412K(13056K) Class: 1969K(2368K)->1969K(2368K)
[308.646s][info][gc             ] GC(1320) Pause Young (Allocation Failure) 362M->12M(1709M) 2.819ms
[308.646s][info][gc,cpu         ] GC(1320) User=0.00s Sys=0.00s Real=0.00s
[308.883s][info][gc,start       ] GC(1321) Pause Young (Allocation Failure)
[308.885s][info][gc,heap        ] GC(1321) PSYoungGen: 352256K(352256K)->992K(422912K) Eden: 351232K(351232K)->0K(421888K) From: 1024K(1024K)->992K(1024K)
[308.885s][info][gc,heap        ] GC(1321) ParOldGen: 11442K(1398272K)->11522K(1398272K)
[308.885s][info][gc,metaspace   ] GC(1321) Metaspace: 14381K(15424K)->14381K(15424K) NonClass: 12412K(13056K)->12412K(13056K) Class: 1969K(2368K)->1969K(2368K)
[308.885s][info][gc             ] GC(1321) Pause Young (Allocation Failure) 355M->12M(1778M) 2.827ms
[308.886s][info][gc,cpu         ] GC(1321) User=0.00s Sys=0.00s Real=0.00s
[309.320s][info][gc,start       ] GC(1322) Pause Young (Allocation Failure)
[309.324s][info][gc,heap        ] GC(1322) PSYoungGen: 422880K(422912K)->992K(413696K) Eden: 421888K(421888K)->0K(412672K) From: 992K(1024K)->992K(1024K)
[309.324s][info][gc,heap        ] GC(1322) ParOldGen: 11522K(1398272K)->11618K(1398272K)
[309.324s][info][gc,metaspace   ] GC(1322) Metaspace: 14381K(15424K)->14381K(15424K) NonClass: 12412K(13056K)->12412K(13056K) Class: 1969K(2368K)->1969K(2368K)
[309.324s][info][gc             ] GC(1322) Pause Young (Allocation Failure) 424M->12M(1769M) 3.709ms
[309.324s][info][gc,cpu         ] GC(1322) User=0.00s Sys=0.00s Real=0.00s
[309.631s][info][gc,start       ] GC(1323) Pause Young (Allocation Failure)
[309.634s][info][gc,heap        ] GC(1323) PSYoungGen: 413664K(413696K)->1024K(404992K) Eden: 412672K(412672K)->0K(403968K) From: 992K(1024K)->1024K(1024K)
[309.634s][info][gc,heap        ] GC(1323) ParOldGen: 11618K(1398272K)->11730K(1398272K)
[309.634s][info][gc,metaspace   ] GC(1323) Metaspace: 14381K(15424K)->14381K(15424K) NonClass: 12412K(13056K)->12412K(13056K) Class: 1969K(2368K)->1969K(2368K)
[309.634s][info][gc             ] GC(1323) Pause Young (Allocation Failure) 415M->12M(1761M) 2.682ms
[309.634s][info][gc,cpu         ] GC(1323) User=0.00s Sys=0.00s Real=0.00s
[309.917s][info][gc,start       ] GC(1324) Pause Young (Allocation Failure)
[309.919s][info][gc,heap        ] GC(1324) PSYoungGen: 404992K(404992K)->1024K(396288K) Eden: 403968K(403968K)->0K(395264K) From: 1024K(1024K)->1024K(1024K)
[309.919s][info][gc,heap        ] GC(1324) ParOldGen: 11730K(1398272K)->11866K(1398272K)
[309.919s][info][gc,metaspace   ] GC(1324) Metaspace: 14381K(15424K)->14381K(15424K) NonClass: 12412K(13056K)->12412K(13056K) Class: 1969K(2368K)->1969K(2368K)
[309.919s][info][gc             ] GC(1324) Pause Young (Allocation Failure) 406M->12M(1752M) 2.641ms
[309.919s][info][gc,cpu         ] GC(1324) User=0.00s Sys=0.00s Real=0.00s
[310.167s][info][gc,start       ] GC(1325) Pause Young (Allocation Failure)
[310.170s][info][gc,heap        ] GC(1325) PSYoungGen: 396288K(396288K)->960K(388096K) Eden: 395264K(395264K)->0K(387072K) From: 1024K(1024K)->960K(1024K)
[310.170s][info][gc,heap        ] GC(1325) ParOldGen: 11866K(1398272K)->11970K(1398272K)
[310.170s][info][gc,metaspace   ] GC(1325) Metaspace: 14381K(15424K)->14381K(15424K) NonClass: 12412K(13056K)->12412K(13056K) Class: 1969K(2368K)->1969K(2368K)
[310.170s][info][gc             ] GC(1325) Pause Young (Allocation Failure) 398M->12M(1744M) 2.676ms
[310.170s][info][gc,cpu         ] GC(1325) User=0.00s Sys=0.00s Real=0.00s
[310.368s][info][gc,start       ] GC(1326) Pause Young (Allocation Failure)
[310.370s][info][gc,heap        ] GC(1326) PSYoungGen: 388032K(388096K)->864K(379904K) Eden: 387072K(387072K)->0K(378880K) From: 960K(1024K)->864K(1024K)
[310.370s][info][gc,heap        ] GC(1326) ParOldGen: 11970K(1398272K)->12058K(1398272K)
[310.370s][info][gc,metaspace   ] GC(1326) Metaspace: 14381K(15424K)->14381K(15424K) NonClass: 12412K(13056K)->12412K(13056K) Class: 1969K(2368K)->1969K(2368K)
[310.370s][info][gc             ] GC(1326) Pause Young (Allocation Failure) 390M->12M(1736M) 2.609ms
[310.370s][info][gc,cpu         ] GC(1326) User=0.00s Sys=0.00s Real=0.00s
[310.637s][info][gc,start       ] GC(1327) Pause Young (Allocation Failure)
[310.640s][info][gc,heap        ] GC(1327) PSYoungGen: 379744K(379904K)->576K(372224K) Eden: 378880K(378880K)->0K(371200K) From: 864K(1024K)->576K(1024K)
[310.640s][info][gc,heap        ] GC(1327) ParOldGen: 12058K(1398272K)->12114K(1398272K)
[310.640s][info][gc,metaspace   ] GC(1327) Metaspace: 14381K(15424K)->14381K(15424K) NonClass: 12412K(13056K)->12412K(13056K) Class: 1969K(2368K)->1969K(2368K)
[310.640s][info][gc             ] GC(1327) Pause Young (Allocation Failure) 382M->12M(1729M) 2.966ms
[310.640s][info][gc,cpu         ] GC(1327) User=0.52s Sys=0.00s Real=0.00s
[310.723s][info][gc,start       ] GC(1328) Pause Young (System.gc())
[310.726s][info][gc,heap        ] GC(1328) PSYoungGen: 32657K(372224K)->256K(371712K) Eden: 32081K(371200K)->0K(371200K) From: 576K(1024K)->256K(512K)
[310.726s][info][gc,heap        ] GC(1328) ParOldGen: 12114K(1398272K)->12218K(1398272K)
[310.726s][info][gc,metaspace   ] GC(1328) Metaspace: 14381K(15424K)->14381K(15424K) NonClass: 12412K(13056K)->12412K(13056K) Class: 1969K(2368K)->1969K(2368K)
[310.726s][info][gc             ] GC(1328) Pause Young (System.gc()) 43M->12M(1728M) 3.466ms
[310.726s][info][gc,cpu         ] GC(1328) User=0.00s Sys=0.00s Real=0.00s
[310.726s][info][gc,start       ] GC(1329) Pause Full (System.gc())
[310.726s][info][gc,phases,start] GC(1329) Marking Phase
[310.744s][info][gc,phases      ] GC(1329) Marking Phase 17.287ms
[310.744s][info][gc,phases,start] GC(1329) Summary Phase
[310.744s][info][gc,phases      ] GC(1329) Summary Phase 0.022ms
[310.744s][info][gc,phases,start] GC(1329) Adjust Roots
[310.749s][info][gc,phases      ] GC(1329) Adjust Roots 4.944ms
[310.749s][info][gc,phases,start] GC(1329) Compaction Phase
[310.751s][info][gc,phases      ] GC(1329) Compaction Phase 2.422ms
[310.751s][info][gc,phases,start] GC(1329) Post Compact
[310.752s][info][gc,phases      ] GC(1329) Post Compact 0.520ms
[310.752s][info][gc,heap        ] GC(1329) PSYoungGen: 256K(371712K)->0K(371712K) Eden: 0K(371200K)->0K(371200K) From: 256K(512K)->0K(512K)
[310.752s][info][gc,heap        ] GC(1329) ParOldGen: 12218K(1398272K)->5387K(1398272K)
[310.752s][info][gc,metaspace   ] GC(1329) Metaspace: 14381K(15424K)->14381K(15424K) NonClass: 12412K(13056K)->12412K(13056K) Class: 1969K(2368K)->1969K(2368K)
[310.752s][info][gc             ] GC(1329) Pause Full (System.gc()) 12M->5M(1728M) 25.458ms
[310.752s][info][gc,cpu         ] GC(1329) User=0.52s Sys=0.00s Real=0.02s
[311.057s][info][gc,start       ] GC(1330) Pause Young (Allocation Failure)
[311.060s][info][gc,heap        ] GC(1330) PSYoungGen: 371200K(371712K)->1536K(365056K) Eden: 371200K(371200K)->0K(363520K) From: 0K(512K)->1536K(1536K)
[311.060s][info][gc,heap        ] GC(1330) ParOldGen: 5387K(1398272K)->5641K(1398272K)
[311.060s][info][gc,metaspace   ] GC(1330) Metaspace: 14381K(15424K)->14381K(15424K) NonClass: 12412K(13056K)->12412K(13056K) Class: 1969K(2368K)->1969K(2368K)
[311.060s][info][gc             ] GC(1330) Pause Young (Allocation Failure) 367M->7M(1722M) 2.798ms
[311.060s][info][gc,cpu         ] GC(1330) User=0.00s Sys=0.00s Real=0.00s
[311.281s][info][gc,start       ] GC(1331) Pause Young (Allocation Failure)
[311.284s][info][gc,heap        ] GC(1331) PSYoungGen: 365056K(365056K)->1056K(357888K) Eden: 363520K(363520K)->0K(356352K) From: 1536K(1536K)->1056K(1536K)
[311.284s][info][gc,heap        ] GC(1331) ParOldGen: 5641K(1398272K)->7149K(1398272K)
[311.284s][info][gc,metaspace   ] GC(1331) Metaspace: 14381K(15424K)->14381K(15424K) NonClass: 12412K(13056K)->12412K(13056K) Class: 1969K(2368K)->1969K(2368K)
[311.284s][info][gc             ] GC(1331) Pause Young (Allocation Failure) 362M->8M(1715M) 2.825ms
[311.284s][info][gc,cpu         ] GC(1331) User=0.00s Sys=0.00s Real=0.00s
[311.521s][info][gc,start       ] GC(1332) Pause Young (Allocation Failure)
[311.524s][info][gc,heap        ] GC(1332) PSYoungGen: 357408K(357888K)->992K(350208K) Eden: 356352K(356352K)->0K(349184K) From: 1056K(1536K)->992K(1024K)
[311.524s][info][gc,heap        ] GC(1332) ParOldGen: 7149K(1398272K)->7245K(1398272K)
[311.524s][info][gc,metaspace   ] GC(1332) Metaspace: 14381K(15424K)->14381K(15424K) NonClass: 12412K(13056K)->12412K(13056K) Class: 1969K(2368K)->1969K(2368K)
[311.524s][info][gc             ] GC(1332) Pause Young (Allocation Failure) 356M->8M(1707M) 2.733ms
[311.524s][info][gc,cpu         ] GC(1332) User=0.00s Sys=0.00s Real=0.00s
[311.759s][info][gc,start       ] GC(1333) Pause Young (Allocation Failure)
[311.762s][info][gc,heap        ] GC(1333) PSYoungGen: 350176K(350208K)->1024K(420352K) Eden: 349184K(349184K)->0K(419328K) From: 992K(1024K)->1024K(1024K)
[311.762s][info][gc,heap        ] GC(1333) ParOldGen: 7245K(1398272K)->7365K(1398272K)
[311.762s][info][gc,metaspace   ] GC(1333) Metaspace: 14381K(15424K)->14381K(15424K) NonClass: 12412K(13056K)->12412K(13056K) Class: 1969K(2368K)->1969K(2368K)
[311.762s][info][gc             ] GC(1333) Pause Young (Allocation Failure) 349M->8M(1776M) 2.781ms
[311.762s][info][gc,cpu         ] GC(1333) User=0.00s Sys=0.00s Real=0.00s
[312.044s][info][gc,start       ] GC(1334) Pause Young (Allocation Failure)
[312.047s][info][gc,heap        ] GC(1334) PSYoungGen: 420352K(420352K)->1024K(411136K) Eden: 419328K(419328K)->0K(410112K) From: 1024K(1024K)->1024K(1024K)
[312.047s][info][gc,heap        ] GC(1334) ParOldGen: 7365K(1398272K)->7461K(1398272K)
[312.047s][info][gc,metaspace   ] GC(1334) Metaspace: 14381K(15424K)->14381K(15424K) NonClass: 12412K(13056K)->12412K(13056K) Class: 1969K(2368K)->1969K(2368K)
[312.047s][info][gc             ] GC(1334) Pause Young (Allocation Failure) 417M->8M(1767M) 2.905ms
[312.047s][info][gc,cpu         ] GC(1334) User=0.45s Sys=0.02s Real=0.00s
[312.320s][info][gc,start       ] GC(1335) Pause Young (Allocation Failure)
[312.323s][info][gc,heap        ] GC(1335) PSYoungGen: 411136K(411136K)->1024K(402432K) Eden: 410112K(410112K)->0K(401408K) From: 1024K(1024K)->1024K(1024K)
[312.323s][info][gc,heap        ] GC(1335) ParOldGen: 7461K(1398272K)->7605K(1398272K)
[312.323s][info][gc,metaspace   ] GC(1335) Metaspace: 14381K(15424K)->14381K(15424K) NonClass: 12412K(13056K)->12412K(13056K) Class: 1969K(2368K)->1969K(2368K)
[312.323s][info][gc             ] GC(1335) Pause Young (Allocation Failure) 408M->8M(1758M) 2.918ms
[312.323s][info][gc,cpu         ] GC(1335) User=0.00s Sys=0.00s Real=0.00s
[312.593s][info][gc,start       ] GC(1336) Pause Young (Allocation Failure)
[312.596s][info][gc,heap        ] GC(1336) PSYoungGen: 402432K(402432K)->1024K(394240K) Eden: 401408K(401408K)->0K(393216K) From: 1024K(1024K)->1024K(1024K)
[312.596s][info][gc,heap        ] GC(1336) ParOldGen: 7605K(1398272K)->7717K(1398272K)
[312.596s][info][gc,metaspace   ] GC(1336) Metaspace: 14381K(15424K)->14381K(15424K) NonClass: 12412K(13056K)->12412K(13056K) Class: 1969K(2368K)->1969K(2368K)
[312.596s][info][gc             ] GC(1336) Pause Young (Allocation Failure) 400M->8M(1750M) 2.945ms
[312.596s][info][gc,cpu         ] GC(1336) User=0.00s Sys=0.00s Real=0.00s
[312.860s][info][gc,start       ] GC(1337) Pause Young (Allocation Failure)
[312.863s][info][gc,heap        ] GC(1337) PSYoungGen: 394240K(394240K)->1024K(386048K) Eden: 393216K(393216K)->0K(385024K) From: 1024K(1024K)->1024K(1024K)
[312.863s][info][gc,heap        ] GC(1337) ParOldGen: 7717K(1398272K)->7813K(1398272K)
[312.863s][info][gc,metaspace   ] GC(1337) Metaspace: 14381K(15424K)->14381K(15424K) NonClass: 12412K(13056K)->12412K(13056K) Class: 1969K(2368K)->1969K(2368K)
[312.863s][info][gc             ] GC(1337) Pause Young (Allocation Failure) 392M->8M(1742M) 2.992ms
[312.863s][info][gc,cpu         ] GC(1337) User=0.00s Sys=0.00s Real=0.00s
[313.177s][info][gc,start       ] GC(1338) Pause Young (Allocation Failure)
[313.181s][info][gc,heap        ] GC(1338) PSYoungGen: 386048K(386048K)->992K(456192K) Eden: 385024K(385024K)->0K(454656K) From: 1024K(1024K)->992K(1536K)
[313.181s][info][gc,heap        ] GC(1338) ParOldGen: 7813K(1398272K)->7925K(1398272K)
[313.181s][info][gc,metaspace   ] GC(1338) Metaspace: 14381K(15424K)->14381K(15424K) NonClass: 12412K(13056K)->12412K(13056K) Class: 1969K(2368K)->1969K(2368K)
[313.181s][info][gc             ] GC(1338) Pause Young (Allocation Failure) 384M->8M(1811M) 3.603ms
[313.181s][info][gc,cpu         ] GC(1338) User=0.00s Sys=0.00s Real=0.00s
[313.508s][info][gc,start       ] GC(1339) Pause Young (Allocation Failure)
[313.511s][info][gc,heap        ] GC(1339) PSYoungGen: 455648K(456192K)->1024K(445440K) Eden: 454656K(454656K)->0K(444416K) From: 992K(1536K)->1024K(1024K)
[313.511s][info][gc,heap        ] GC(1339) ParOldGen: 7925K(1398272K)->7997K(1398272K)
[313.511s][info][gc,metaspace   ] GC(1339) Metaspace: 14381K(15424K)->14381K(15424K) NonClass: 12412K(13056K)->12412K(13056K) Class: 1969K(2368K)->1969K(2368K)
[313.511s][info][gc             ] GC(1339) Pause Young (Allocation Failure) 452M->8M(1800M) 2.965ms
[313.511s][info][gc,cpu         ] GC(1339) User=0.00s Sys=0.00s Real=0.00s
[313.815s][info][gc,start       ] GC(1340) Pause Young (Allocation Failure)
[313.817s][info][gc,heap        ] GC(1340) PSYoungGen: 445440K(445440K)->1024K(435712K) Eden: 444416K(444416K)->0K(434688K) From: 1024K(1024K)->1024K(1024K)
[313.817s][info][gc,heap        ] GC(1340) ParOldGen: 7997K(1398272K)->8125K(1398272K)
[313.818s][info][gc,metaspace   ] GC(1340) Metaspace: 14381K(15424K)->14381K(15424K) NonClass: 12412K(13056K)->12412K(13056K) Class: 1969K(2368K)->1969K(2368K)
[313.818s][info][gc             ] GC(1340) Pause Young (Allocation Failure) 442M->8M(1791M) 2.749ms
[313.818s][info][gc,cpu         ] GC(1340) User=0.00s Sys=0.00s Real=0.00s
[314.128s][info][gc,start       ] GC(1341) Pause Young (Allocation Failure)
[314.130s][info][gc,heap        ] GC(1341) PSYoungGen: 435712K(435712K)->1024K(425984K) Eden: 434688K(434688K)->0K(424960K) From: 1024K(1024K)->1024K(1024K)
[314.130s][info][gc,heap        ] GC(1341) ParOldGen: 8125K(1398272K)->8253K(1398272K)
[314.130s][info][gc,metaspace   ] GC(1341) Metaspace: 14381K(15424K)->14381K(15424K) NonClass: 12412K(13056K)->12412K(13056K) Class: 1969K(2368K)->1969K(2368K)
[314.130s][info][gc             ] GC(1341) Pause Young (Allocation Failure) 433M->9M(1781M) 2.771ms
[314.130s][info][gc,cpu         ] GC(1341) User=0.00s Sys=0.00s Real=0.00s
[314.413s][info][gc,start       ] GC(1342) Pause Young (Allocation Failure)
[314.416s][info][gc,heap        ] GC(1342) PSYoungGen: 425984K(425984K)->960K(416768K) Eden: 424960K(424960K)->0K(415744K) From: 1024K(1024K)->960K(1024K)
[314.416s][info][gc,heap        ] GC(1342) ParOldGen: 8253K(1398272K)->8381K(1398272K)
[314.416s][info][gc,metaspace   ] GC(1342) Metaspace: 14381K(15424K)->14381K(15424K) NonClass: 12412K(13056K)->12412K(13056K) Class: 1969K(2368K)->1969K(2368K)
[314.416s][info][gc             ] GC(1342) Pause Young (Allocation Failure) 424M->9M(1772M) 2.820ms
[314.416s][info][gc,cpu         ] GC(1342) User=0.00s Sys=0.00s Real=0.00s
[314.694s][info][gc,start       ] GC(1343) Pause Young (Allocation Failure)
[314.697s][info][gc,heap        ] GC(1343) PSYoungGen: 416704K(416768K)->992K(408064K) Eden: 415744K(415744K)->0K(407040K) From: 960K(1024K)->992K(1024K)
[314.697s][info][gc,heap        ] GC(1343) ParOldGen: 8381K(1398272K)->8469K(1398272K)
[314.697s][info][gc,metaspace   ] GC(1343) Metaspace: 14381K(15424K)->14381K(15424K) NonClass: 12412K(13056K)->12412K(13056K) Class: 1969K(2368K)->1969K(2368K)
[314.697s][info][gc             ] GC(1343) Pause Young (Allocation Failure) 415M->9M(1764M) 2.839ms
[314.697s][info][gc,cpu         ] GC(1343) User=0.00s Sys=0.00s Real=0.00s
[314.969s][info][gc,start       ] GC(1344) Pause Young (Allocation Failure)
[314.972s][info][gc,heap        ] GC(1344) PSYoungGen: 408032K(408064K)->1024K(399360K) Eden: 407040K(407040K)->0K(398336K) From: 992K(1024K)->1024K(1024K)
[314.972s][info][gc,heap        ] GC(1344) ParOldGen: 8469K(1398272K)->8589K(1398272K)
[314.972s][info][gc,metaspace   ] GC(1344) Metaspace: 14381K(15424K)->14381K(15424K) NonClass: 12412K(13056K)->12412K(13056K) Class: 1969K(2368K)->1969K(2368K)
[314.972s][info][gc             ] GC(1344) Pause Young (Allocation Failure) 406M->9M(1755M) 2.817ms
[314.972s][info][gc,cpu         ] GC(1344) User=0.00s Sys=0.00s Real=0.00s
[315.240s][info][gc,start       ] GC(1345) Pause Young (Allocation Failure)
[315.243s][info][gc,heap        ] GC(1345) PSYoungGen: 399360K(399360K)->1024K(391168K) Eden: 398336K(398336K)->0K(390144K) From: 1024K(1024K)->1024K(1024K)
[315.243s][info][gc,heap        ] GC(1345) ParOldGen: 8589K(1398272K)->8685K(1398272K)
[315.243s][info][gc,metaspace   ] GC(1345) Metaspace: 14381K(15424K)->14381K(15424K) NonClass: 12412K(13056K)->12412K(13056K) Class: 1969K(2368K)->1969K(2368K)
[315.243s][info][gc             ] GC(1345) Pause Young (Allocation Failure) 398M->9M(1747M) 2.904ms
[315.243s][info][gc,cpu         ] GC(1345) User=0.00s Sys=0.00s Real=0.00s
[315.505s][info][gc,start       ] GC(1346) Pause Young (Allocation Failure)
[315.508s][info][gc,heap        ] GC(1346) PSYoungGen: 391168K(391168K)->1024K(382976K) Eden: 390144K(390144K)->0K(381952K) From: 1024K(1024K)->1024K(1024K)
[315.508s][info][gc,heap        ] GC(1346) ParOldGen: 8685K(1398272K)->8813K(1398272K)
[315.508s][info][gc,metaspace   ] GC(1346) Metaspace: 14381K(15424K)->14381K(15424K) NonClass: 12412K(13056K)->12412K(13056K) Class: 1969K(2368K)->1969K(2368K)
[315.508s][info][gc             ] GC(1346) Pause Young (Allocation Failure) 390M->9M(1739M) 2.979ms
[315.508s][info][gc,cpu         ] GC(1346) User=0.00s Sys=0.00s Real=0.00s
[315.766s][info][gc,start       ] GC(1347) Pause Young (Allocation Failure)
[315.769s][info][gc,heap        ] GC(1347) PSYoungGen: 382976K(382976K)->1024K(375296K) Eden: 381952K(381952K)->0K(374272K) From: 1024K(1024K)->1024K(1024K)
[315.769s][info][gc,heap        ] GC(1347) ParOldGen: 8813K(1398272K)->8901K(1398272K)
[315.769s][info][gc,metaspace   ] GC(1347) Metaspace: 14381K(15424K)->14381K(15424K) NonClass: 12412K(13056K)->12412K(13056K) Class: 1969K(2368K)->1969K(2368K)
[315.769s][info][gc             ] GC(1347) Pause Young (Allocation Failure) 382M->9M(1732M) 2.948ms
[315.769s][info][gc,cpu         ] GC(1347) User=0.00s Sys=0.00s Real=0.00s
[316.064s][info][gc,start       ] GC(1348) Pause Young (Allocation Failure)
[316.068s][info][gc,heap        ] GC(1348) PSYoungGen: 375296K(375296K)->1024K(367616K) Eden: 374272K(374272K)->0K(366592K) From: 1024K(1024K)->1024K(1024K)
[316.068s][info][gc,heap        ] GC(1348) ParOldGen: 8901K(1398272K)->9005K(1398272K)
[316.068s][info][gc,metaspace   ] GC(1348) Metaspace: 14381K(15424K)->14381K(15424K) NonClass: 12412K(13056K)->12412K(13056K) Class: 1969K(2368K)->1969K(2368K)
[316.068s][info][gc             ] GC(1348) Pause Young (Allocation Failure) 375M->9M(1724M) 3.669ms
[316.068s][info][gc,cpu         ] GC(1348) User=0.00s Sys=0.00s Real=0.00s
[316.334s][info][gc,start       ] GC(1349) Pause Young (Allocation Failure)
[316.336s][info][gc,heap        ] GC(1349) PSYoungGen: 367616K(367616K)->1024K(360448K) Eden: 366592K(366592K)->0K(359424K) From: 1024K(1024K)->1024K(1024K)
[316.336s][info][gc,heap        ] GC(1349) ParOldGen: 9005K(1398272K)->9093K(1398272K)
[316.336s][info][gc,metaspace   ] GC(1349) Metaspace: 14381K(15424K)->14381K(15424K) NonClass: 12412K(13056K)->12412K(13056K) Class: 1969K(2368K)->1969K(2368K)
[316.336s][info][gc             ] GC(1349) Pause Young (Allocation Failure) 367M->9M(1717M) 2.817ms
[316.336s][info][gc,cpu         ] GC(1349) User=0.00s Sys=0.00s Real=0.00s
[316.584s][info][gc,start       ] GC(1350) Pause Young (Allocation Failure)
[316.587s][info][gc,heap        ] GC(1350) PSYoungGen: 360448K(360448K)->1024K(353280K) Eden: 359424K(359424K)->0K(352256K) From: 1024K(1024K)->1024K(1024K)
[316.587s][info][gc,heap        ] GC(1350) ParOldGen: 9093K(1398272K)->9189K(1398272K)
[316.587s][info][gc,metaspace   ] GC(1350) Metaspace: 14381K(15424K)->14381K(15424K) NonClass: 12412K(13056K)->12412K(13056K) Class: 1969K(2368K)->1969K(2368K)
[316.587s][info][gc             ] GC(1350) Pause Young (Allocation Failure) 360M->9M(1710M) 2.687ms
[316.587s][info][gc,cpu         ] GC(1350) User=0.00s Sys=0.00s Real=0.00s
[316.843s][info][gc,start       ] GC(1351) Pause Young (Allocation Failure)
[316.845s][info][gc,heap        ] GC(1351) PSYoungGen: 353280K(353280K)->992K(346624K) Eden: 352256K(352256K)->0K(345600K) From: 1024K(1024K)->992K(1024K)
[316.845s][info][gc,heap        ] GC(1351) ParOldGen: 9189K(1398272K)->9261K(1398272K)
[316.845s][info][gc,metaspace   ] GC(1351) Metaspace: 14381K(15424K)->14381K(15424K) NonClass: 12412K(13056K)->12412K(13056K) Class: 1969K(2368K)->1969K(2368K)
[316.845s][info][gc             ] GC(1351) Pause Young (Allocation Failure) 353M->10M(1704M) 2.587ms
[316.845s][info][gc,cpu         ] GC(1351) User=0.00s Sys=0.00s Real=0.00s
[317.076s][info][gc,start       ] GC(1352) Pause Young (Allocation Failure)
[317.079s][info][gc,heap        ] GC(1352) PSYoungGen: 346592K(346624K)->992K(339968K) Eden: 345600K(345600K)->0K(338944K) From: 992K(1024K)->992K(1024K)
[317.079s][info][gc,heap        ] GC(1352) ParOldGen: 9261K(1398272K)->9357K(1398272K)
[317.079s][info][gc,metaspace   ] GC(1352) Metaspace: 14381K(15424K)->14381K(15424K) NonClass: 12412K(13056K)->12412K(13056K) Class: 1969K(2368K)->1969K(2368K)
[317.079s][info][gc             ] GC(1352) Pause Young (Allocation Failure) 347M->10M(1697M) 2.596ms
[317.079s][info][gc,cpu         ] GC(1352) User=0.00s Sys=0.00s Real=0.00s
[317.305s][info][gc,start       ] GC(1353) Pause Young (Allocation Failure)
[317.307s][info][gc,heap        ] GC(1353) PSYoungGen: 339936K(339968K)->1024K(333824K) Eden: 338944K(338944K)->0K(332800K) From: 992K(1024K)->1024K(1024K)
[317.307s][info][gc,heap        ] GC(1353) ParOldGen: 9357K(1398272K)->9437K(1398272K)
[317.307s][info][gc,metaspace   ] GC(1353) Metaspace: 14381K(15424K)->14381K(15424K) NonClass: 12412K(13056K)->12412K(13056K) Class: 1969K(2368K)->1969K(2368K)
[317.307s][info][gc             ] GC(1353) Pause Young (Allocation Failure) 341M->10M(1691M) 2.651ms
[317.307s][info][gc,cpu         ] GC(1353) User=0.00s Sys=0.00s Real=0.00s
[317.529s][info][gc,start       ] GC(1354) Pause Young (Allocation Failure)
[317.532s][info][gc,heap        ] GC(1354) PSYoungGen: 333824K(333824K)->1024K(400384K) Eden: 332800K(332800K)->0K(399360K) From: 1024K(1024K)->1024K(1024K)
[317.532s][info][gc,heap        ] GC(1354) ParOldGen: 9437K(1398272K)->9533K(1398272K)
[317.532s][info][gc,metaspace   ] GC(1354) Metaspace: 14381K(15424K)->14381K(15424K) NonClass: 12412K(13056K)->12412K(13056K) Class: 1969K(2368K)->1969K(2368K)
[317.532s][info][gc             ] GC(1354) Pause Young (Allocation Failure) 335M->10M(1756M) 2.660ms
[317.532s][info][gc,cpu         ] GC(1354) User=0.00s Sys=0.00s Real=0.00s
[317.801s][info][gc,start       ] GC(1355) Pause Young (Allocation Failure)
[317.804s][info][gc,heap        ] GC(1355) PSYoungGen: 400384K(400384K)->1024K(392192K) Eden: 399360K(399360K)->0K(391168K) From: 1024K(1024K)->1024K(1024K)
[317.804s][info][gc,heap        ] GC(1355) ParOldGen: 9533K(1398272K)->9637K(1398272K)
[317.804s][info][gc,metaspace   ] GC(1355) Metaspace: 14381K(15424K)->14381K(15424K) NonClass: 12412K(13056K)->12412K(13056K) Class: 1969K(2368K)->1969K(2368K)
[317.804s][info][gc             ] GC(1355) Pause Young (Allocation Failure) 400M->10M(1748M) 2.745ms
[317.804s][info][gc,cpu         ] GC(1355) User=0.00s Sys=0.00s Real=0.00s
[318.067s][info][gc,start       ] GC(1356) Pause Young (Allocation Failure)
[318.070s][info][gc,heap        ] GC(1356) PSYoungGen: 392192K(392192K)->992K(384000K) Eden: 391168K(391168K)->0K(382976K) From: 1024K(1024K)->992K(1024K)
[318.070s][info][gc,heap        ] GC(1356) ParOldGen: 9637K(1398272K)->9789K(1398272K)
[318.070s][info][gc,metaspace   ] GC(1356) Metaspace: 14381K(15424K)->14381K(15424K) NonClass: 12412K(13056K)->12412K(13056K) Class: 1969K(2368K)->1969K(2368K)
[318.070s][info][gc             ] GC(1356) Pause Young (Allocation Failure) 392M->10M(1740M) 2.840ms
[318.070s][info][gc,cpu         ] GC(1356) User=0.00s Sys=0.00s Real=0.00s
[318.328s][info][gc,start       ] GC(1357) Pause Young (Allocation Failure)
[318.331s][info][gc,heap        ] GC(1357) PSYoungGen: 383968K(384000K)->992K(376320K) Eden: 382976K(382976K)->0K(375296K) From: 992K(1024K)->992K(1024K)
[318.331s][info][gc,heap        ] GC(1357) ParOldGen: 9789K(1398272K)->9877K(1398272K)
[318.331s][info][gc,metaspace   ] GC(1357) Metaspace: 14381K(15424K)->14381K(15424K) NonClass: 12412K(13056K)->12412K(13056K) Class: 1969K(2368K)->1969K(2368K)
[318.331s][info][gc             ] GC(1357) Pause Young (Allocation Failure) 384M->10M(1733M) 2.827ms
[318.331s][info][gc,cpu         ] GC(1357) User=0.00s Sys=0.00s Real=0.00s
[318.581s][info][gc,start       ] GC(1358) Pause Young (Allocation Failure)
[318.584s][info][gc,heap        ] GC(1358) PSYoungGen: 376288K(376320K)->992K(446464K) Eden: 375296K(375296K)->0K(444928K) From: 992K(1024K)->992K(1536K)
[318.584s][info][gc,heap        ] GC(1358) ParOldGen: 9877K(1398272K)->9989K(1398272K)
[318.584s][info][gc,metaspace   ] GC(1358) Metaspace: 14381K(15424K)->14381K(15424K) NonClass: 12412K(13056K)->12412K(13056K) Class: 1969K(2368K)->1969K(2368K)
[318.584s][info][gc             ] GC(1358) Pause Young (Allocation Failure) 377M->10M(1801M) 2.844ms
[318.584s][info][gc,cpu         ] GC(1358) User=0.00s Sys=0.00s Real=0.00s
[318.889s][info][gc,start       ] GC(1359) Pause Young (Allocation Failure)
[318.892s][info][gc,heap        ] GC(1359) PSYoungGen: 445920K(446464K)->1024K(436224K) Eden: 444928K(444928K)->0K(435200K) From: 992K(1536K)->1024K(1024K)
[318.892s][info][gc,heap        ] GC(1359) ParOldGen: 9989K(1398272K)->10085K(1398272K)
[318.892s][info][gc,metaspace   ] GC(1359) Metaspace: 14381K(15424K)->14381K(15424K) NonClass: 12412K(13056K)->12412K(13056K) Class: 1969K(2368K)->1969K(2368K)
[318.892s][info][gc             ] GC(1359) Pause Young (Allocation Failure) 445M->10M(1791M) 3.141ms
[318.892s][info][gc,cpu         ] GC(1359) User=0.00s Sys=0.00s Real=0.00s
[319.198s][info][gc,start       ] GC(1360) Pause Young (Allocation Failure)
[319.201s][info][gc,heap        ] GC(1360) PSYoungGen: 436224K(436224K)->1024K(426496K) Eden: 435200K(435200K)->0K(425472K) From: 1024K(1024K)->1024K(1024K)
[319.201s][info][gc,heap        ] GC(1360) ParOldGen: 10085K(1398272K)->10205K(1398272K)
[319.201s][info][gc,metaspace   ] GC(1360) Metaspace: 14381K(15424K)->14381K(15424K) NonClass: 12412K(13056K)->12412K(13056K) Class: 1969K(2368K)->1969K(2368K)
[319.201s][info][gc             ] GC(1360) Pause Young (Allocation Failure) 435M->10M(1782M) 2.748ms
[319.201s][info][gc,cpu         ] GC(1360) User=0.00s Sys=0.00s Real=0.00s
[319.489s][info][gc,start       ] GC(1361) Pause Young (Allocation Failure)
[319.492s][info][gc,heap        ] GC(1361) PSYoungGen: 426496K(426496K)->1024K(417280K) Eden: 425472K(425472K)->0K(416256K) From: 1024K(1024K)->1024K(1024K)
[319.492s][info][gc,heap        ] GC(1361) ParOldGen: 10205K(1398272K)->10333K(1398272K)
[319.492s][info][gc,metaspace   ] GC(1361) Metaspace: 14381K(15424K)->14381K(15424K) NonClass: 12412K(13056K)->12412K(13056K) Class: 1969K(2368K)->1969K(2368K)
[319.492s][info][gc             ] GC(1361) Pause Young (Allocation Failure) 426M->11M(1773M) 2.802ms
[319.492s][info][gc,cpu         ] GC(1361) User=0.00s Sys=0.00s Real=0.00s
[319.787s][info][gc,start       ] GC(1362) Pause Young (Allocation Failure)
[319.789s][info][gc,heap        ] GC(1362) PSYoungGen: 417280K(417280K)->1024K(408576K) Eden: 416256K(416256K)->0K(407552K) From: 1024K(1024K)->1024K(1024K)
[319.789s][info][gc,heap        ] GC(1362) ParOldGen: 10333K(1398272K)->10445K(1398272K)
[319.789s][info][gc,metaspace   ] GC(1362) Metaspace: 14381K(15424K)->14381K(15424K) NonClass: 12412K(13056K)->12412K(13056K) Class: 1969K(2368K)->1969K(2368K)
[319.789s][info][gc             ] GC(1362) Pause Young (Allocation Failure) 417M->11M(1764M) 2.765ms
[319.789s][info][gc,cpu         ] GC(1362) User=0.00s Sys=0.00s Real=0.00s
[320.060s][info][gc,start       ] GC(1363) Pause Young (Allocation Failure)
[320.062s][info][gc,heap        ] GC(1363) PSYoungGen: 408576K(408576K)->992K(399872K) Eden: 407552K(407552K)->0K(398848K) From: 1024K(1024K)->992K(1024K)
[320.062s][info][gc,heap        ] GC(1363) ParOldGen: 10445K(1398272K)->10565K(1398272K)
[320.062s][info][gc,metaspace   ] GC(1363) Metaspace: 14381K(15424K)->14381K(15424K) NonClass: 12412K(13056K)->12412K(13056K) Class: 1969K(2368K)->1969K(2368K)
[320.062s][info][gc             ] GC(1363) Pause Young (Allocation Failure) 409M->11M(1756M) 2.682ms
[320.062s][info][gc,cpu         ] GC(1363) User=0.52s Sys=0.00s Real=0.00s
[320.327s][info][gc,start       ] GC(1364) Pause Young (Allocation Failure)
[320.330s][info][gc,heap        ] GC(1364) PSYoungGen: 399840K(399872K)->992K(391680K) Eden: 398848K(398848K)->0K(390656K) From: 992K(1024K)->992K(1024K)
[320.330s][info][gc,heap        ] GC(1364) ParOldGen: 10565K(1398272K)->10661K(1398272K)
[320.330s][info][gc,metaspace   ] GC(1364) Metaspace: 14381K(15424K)->14381K(15424K) NonClass: 12412K(13056K)->12412K(13056K) Class: 1969K(2368K)->1969K(2368K)
[320.330s][info][gc             ] GC(1364) Pause Young (Allocation Failure) 400M->11M(1748M) 2.719ms
[320.330s][info][gc,cpu         ] GC(1364) User=0.00s Sys=0.00s Real=0.00s
[320.591s][info][gc,start       ] GC(1365) Pause Young (Allocation Failure)
[320.593s][info][gc,heap        ] GC(1365) PSYoungGen: 391648K(391680K)->1024K(383488K) Eden: 390656K(390656K)->0K(382464K) From: 992K(1024K)->1024K(1024K)
[320.593s][info][gc,heap        ] GC(1365) ParOldGen: 10661K(1398272K)->10773K(1398272K)
[320.593s][info][gc,metaspace   ] GC(1365) Metaspace: 14381K(15424K)->14381K(15424K) NonClass: 12412K(13056K)->12412K(13056K) Class: 1969K(2368K)->1969K(2368K)
[320.593s][info][gc             ] GC(1365) Pause Young (Allocation Failure) 392M->11M(1740M) 2.747ms
[320.593s][info][gc,cpu         ] GC(1365) User=0.52s Sys=0.00s Real=0.00s
[320.850s][info][gc,start       ] GC(1366) Pause Young (Allocation Failure)
[320.853s][info][gc,heap        ] GC(1366) PSYoungGen: 383488K(383488K)->1024K(375808K) Eden: 382464K(382464K)->0K(374784K) From: 1024K(1024K)->1024K(1024K)
[320.853s][info][gc,heap        ] GC(1366) ParOldGen: 10773K(1398272K)->10873K(1398272K)
[320.853s][info][gc,metaspace   ] GC(1366) Metaspace: 14381K(15424K)->14381K(15424K) NonClass: 12412K(13056K)->12412K(13056K) Class: 1969K(2368K)->1969K(2368K)
[320.853s][info][gc             ] GC(1366) Pause Young (Allocation Failure) 385M->11M(1732M) 2.751ms
[320.853s][info][gc,cpu         ] GC(1366) User=0.00s Sys=0.00s Real=0.00s
[321.100s][info][gc,start       ] GC(1367) Pause Young (Allocation Failure)
[321.102s][info][gc,heap        ] GC(1367) PSYoungGen: 375808K(375808K)->1024K(368128K) Eden: 374784K(374784K)->0K(367104K) From: 1024K(1024K)->1024K(1024K)
[321.103s][info][gc,heap        ] GC(1367) ParOldGen: 10873K(1398272K)->10961K(1398272K)
[321.103s][info][gc,metaspace   ] GC(1367) Metaspace: 14381K(15424K)->14381K(15424K) NonClass: 12412K(13056K)->12412K(13056K) Class: 1969K(2368K)->1969K(2368K)
[321.103s][info][gc             ] GC(1367) Pause Young (Allocation Failure) 377M->11M(1725M) 2.760ms
[321.103s][info][gc,cpu         ] GC(1367) User=0.00s Sys=0.00s Real=0.00s
[321.347s][info][gc,start       ] GC(1368) Pause Young (Allocation Failure)
[321.350s][info][gc,heap        ] GC(1368) PSYoungGen: 368128K(368128K)->992K(360960K) Eden: 367104K(367104K)->0K(359936K) From: 1024K(1024K)->992K(1024K)
[321.350s][info][gc,heap        ] GC(1368) ParOldGen: 10961K(1398272K)->11065K(1398272K)
[321.350s][info][gc,metaspace   ] GC(1368) Metaspace: 14381K(15424K)->14381K(15424K) NonClass: 12412K(13056K)->12412K(13056K) Class: 1969K(2368K)->1969K(2368K)
[321.350s][info][gc             ] GC(1368) Pause Young (Allocation Failure) 370M->11M(1718M) 2.818ms
[321.350s][info][gc,cpu         ] GC(1368) User=0.00s Sys=0.00s Real=0.00s
[321.591s][info][gc,start       ] GC(1369) Pause Young (Allocation Failure)
[321.594s][info][gc,heap        ] GC(1369) PSYoungGen: 360928K(360960K)->1024K(353792K) Eden: 359936K(359936K)->0K(352768K) From: 992K(1024K)->1024K(1024K)
[321.594s][info][gc,heap        ] GC(1369) ParOldGen: 11065K(1398272K)->11153K(1398272K)
[321.594s][info][gc,metaspace   ] GC(1369) Metaspace: 14381K(15424K)->14381K(15424K) NonClass: 12412K(13056K)->12412K(13056K) Class: 1969K(2368K)->1969K(2368K)
[321.594s][info][gc             ] GC(1369) Pause Young (Allocation Failure) 363M->11M(1711M) 2.869ms
[321.594s][info][gc,cpu         ] GC(1369) User=0.00s Sys=0.00s Real=0.00s
[321.829s][info][gc,start       ] GC(1370) Pause Young (Allocation Failure)
[321.832s][info][gc,heap        ] GC(1370) PSYoungGen: 353792K(353792K)->1024K(424448K) Eden: 352768K(352768K)->0K(423424K) From: 1024K(1024K)->1024K(1024K)
[321.832s][info][gc,heap        ] GC(1370) ParOldGen: 11153K(1398272K)->11273K(1398272K)
[321.832s][info][gc,metaspace   ] GC(1370) Metaspace: 14381K(15424K)->14381K(15424K) NonClass: 12412K(13056K)->12412K(13056K) Class: 1969K(2368K)->1969K(2368K)
[321.832s][info][gc             ] GC(1370) Pause Young (Allocation Failure) 356M->12M(1780M) 2.842ms
[321.832s][info][gc,cpu         ] GC(1370) User=0.00s Sys=0.00s Real=0.00s
[322.110s][info][gc,start       ] GC(1371) Pause Young (Allocation Failure)
[322.113s][info][gc,heap        ] GC(1371) PSYoungGen: 424448K(424448K)->1024K(440320K) Eden: 423424K(423424K)->0K(438784K) From: 1024K(1024K)->1024K(1536K)
[322.113s][info][gc,heap        ] GC(1371) ParOldGen: 11273K(1398272K)->11361K(1398272K)
[322.113s][info][gc,metaspace   ] GC(1371) Metaspace: 14381K(15424K)->14381K(15424K) NonClass: 12412K(13056K)->12412K(13056K) Class: 1969K(2368K)->1969K(2368K)
[322.113s][info][gc             ] GC(1371) Pause Young (Allocation Failure) 425M->12M(1795M) 3.118ms
[322.113s][info][gc,cpu         ] GC(1371) User=0.00s Sys=0.00s Real=0.00s
[322.394s][info][gc,start       ] GC(1372) Pause Young (Allocation Failure)
[322.397s][info][gc,heap        ] GC(1372) PSYoungGen: 439808K(440320K)->1024K(509952K) Eden: 438784K(438784K)->0K(508416K) From: 1024K(1536K)->1024K(1536K)
[322.397s][info][gc,heap        ] GC(1372) ParOldGen: 11361K(1398272K)->11441K(1398272K)
[322.397s][info][gc,metaspace   ] GC(1372) Metaspace: 14381K(15424K)->14381K(15424K) NonClass: 12412K(13056K)->12412K(13056K) Class: 1969K(2368K)->1969K(2368K)
[322.397s][info][gc             ] GC(1372) Pause Young (Allocation Failure) 440M->12M(1863M) 3.052ms
[322.397s][info][gc,cpu         ] GC(1372) User=0.00s Sys=0.00s Real=0.00s
[322.719s][info][gc,start       ] GC(1373) Pause Young (Allocation Failure)
[322.722s][info][gc,heap        ] GC(1373) PSYoungGen: 509440K(509952K)->1024K(497152K) Eden: 508416K(508416K)->0K(496128K) From: 1024K(1536K)->1024K(1024K)
[322.722s][info][gc,heap        ] GC(1373) ParOldGen: 11441K(1398272K)->11537K(1398272K)
[322.722s][info][gc,metaspace   ] GC(1373) Metaspace: 14381K(15424K)->14381K(15424K) NonClass: 12412K(13056K)->12412K(13056K) Class: 1969K(2368K)->1969K(2368K)
[322.722s][info][gc             ] GC(1373) Pause Young (Allocation Failure) 508M->12M(1851M) 3.214ms
[322.722s][info][gc,cpu         ] GC(1373) User=0.00s Sys=0.00s Real=0.00s
[323.015s][info][gc,start       ] GC(1374) Pause Young (Allocation Failure)
[323.018s][info][gc,heap        ] GC(1374) PSYoungGen: 497152K(497152K)->960K(485376K) Eden: 496128K(496128K)->0K(484352K) From: 1024K(1024K)->960K(1024K)
[323.018s][info][gc,heap        ] GC(1374) ParOldGen: 11537K(1398272K)->11649K(1398272K)
[323.018s][info][gc,metaspace   ] GC(1374) Metaspace: 14381K(15424K)->14381K(15424K) NonClass: 12412K(13056K)->12412K(13056K) Class: 1969K(2368K)->1969K(2368K)
[323.018s][info][gc             ] GC(1374) Pause Young (Allocation Failure) 496M->12M(1839M) 2.852ms
[323.018s][info][gc,cpu         ] GC(1374) User=0.00s Sys=0.00s Real=0.00s
[323.284s][info][gc,start       ] GC(1375) Pause Young (Allocation Failure)
[323.287s][info][gc,heap        ] GC(1375) PSYoungGen: 485312K(485376K)->768K(474112K) Eden: 484352K(484352K)->0K(473088K) From: 960K(1024K)->768K(1024K)
[323.287s][info][gc,heap        ] GC(1375) ParOldGen: 11649K(1398272K)->11729K(1398272K)
[323.287s][info][gc,metaspace   ] GC(1375) Metaspace: 14381K(15424K)->14381K(15424K) NonClass: 12412K(13056K)->12412K(13056K) Class: 1969K(2368K)->1969K(2368K)
[323.287s][info][gc             ] GC(1375) Pause Young (Allocation Failure) 485M->12M(1828M) 2.945ms
[323.287s][info][gc,cpu         ] GC(1375) User=0.00s Sys=0.00s Real=0.00s
[323.388s][info][gc,start       ] GC(1376) Pause Young (System.gc())
[323.391s][info][gc,heap        ] GC(1376) PSYoungGen: 54907K(474112K)->320K(473600K) Eden: 54139K(473088K)->0K(473088K) From: 768K(1024K)->320K(512K)
[323.391s][info][gc,heap        ] GC(1376) ParOldGen: 11729K(1398272K)->11849K(1398272K)
[323.391s][info][gc,metaspace   ] GC(1376) Metaspace: 14381K(15424K)->14381K(15424K) NonClass: 12412K(13056K)->12412K(13056K) Class: 1969K(2368K)->1969K(2368K)
[323.391s][info][gc             ] GC(1376) Pause Young (System.gc()) 65M->11M(1828M) 3.542ms
[323.391s][info][gc,cpu         ] GC(1376) User=0.00s Sys=0.00s Real=0.00s
[323.392s][info][gc,start       ] GC(1377) Pause Full (System.gc())
[323.392s][info][gc,phases,start] GC(1377) Marking Phase
[323.409s][info][gc,phases      ] GC(1377) Marking Phase 17.475ms
[323.409s][info][gc,phases,start] GC(1377) Summary Phase
[323.409s][info][gc,phases      ] GC(1377) Summary Phase 0.024ms
[323.409s][info][gc,phases,start] GC(1377) Adjust Roots
[323.415s][info][gc,phases      ] GC(1377) Adjust Roots 6.084ms
[323.415s][info][gc,phases,start] GC(1377) Compaction Phase
[323.417s][info][gc,phases      ] GC(1377) Compaction Phase 1.867ms
[323.417s][info][gc,phases,start] GC(1377) Post Compact
[323.418s][info][gc,phases      ] GC(1377) Post Compact 0.496ms
[323.418s][info][gc,heap        ] GC(1377) PSYoungGen: 320K(473600K)->0K(473600K) Eden: 0K(473088K)->0K(473088K) From: 320K(512K)->0K(512K)
[323.418s][info][gc,heap        ] GC(1377) ParOldGen: 11849K(1398272K)->5387K(1398272K)
[323.418s][info][gc,metaspace   ] GC(1377) Metaspace: 14381K(15424K)->14381K(15424K) NonClass: 12412K(13056K)->12412K(13056K) Class: 1969K(2368K)->1969K(2368K)
[323.418s][info][gc             ] GC(1377) Pause Full (System.gc()) 11M->5M(1828M) 26.244ms
[323.418s][info][gc,cpu         ] GC(1377) User=0.53s Sys=0.00s Real=0.03s
[323.807s][info][gc,start       ] GC(1378) Pause Young (Allocation Failure)
[323.810s][info][gc,heap        ] GC(1378) PSYoungGen: 473088K(473600K)->1536K(463872K) Eden: 473088K(473088K)->0K(462336K) From: 0K(512K)->1536K(1536K)
[323.810s][info][gc,heap        ] GC(1378) ParOldGen: 5387K(1398272K)->5759K(1398272K)
[323.810s][info][gc,metaspace   ] GC(1378) Metaspace: 14382K(15424K)->14382K(15424K) NonClass: 12413K(13056K)->12413K(13056K) Class: 1969K(2368K)->1969K(2368K)
[323.810s][info][gc             ] GC(1378) Pause Young (Allocation Failure) 467M->7M(1818M) 3.241ms
[323.810s][info][gc,cpu         ] GC(1378) User=0.00s Sys=0.00s Real=0.00s
[324.110s][info][gc,start       ] GC(1379) Pause Young (Allocation Failure)
[324.113s][info][gc,heap        ] GC(1379) PSYoungGen: 463872K(463872K)->1056K(453120K) Eden: 462336K(462336K)->0K(451584K) From: 1536K(1536K)->1056K(1536K)
[324.113s][info][gc,heap        ] GC(1379) ParOldGen: 5759K(1398272K)->7111K(1398272K)
[324.113s][info][gc,metaspace   ] GC(1379) Metaspace: 14382K(15424K)->14382K(15424K) NonClass: 12413K(13056K)->12413K(13056K) Class: 1969K(2368K)->1969K(2368K)
[324.113s][info][gc             ] GC(1379) Pause Young (Allocation Failure) 458M->7M(1808M) 2.896ms
[324.113s][info][gc,cpu         ] GC(1379) User=0.00s Sys=0.00s Real=0.00s
[324.409s][info][gc,start       ] GC(1380) Pause Young (Allocation Failure)
[324.412s][info][gc,heap        ] GC(1380) PSYoungGen: 452640K(453120K)->992K(442368K) Eden: 451584K(451584K)->0K(441344K) From: 1056K(1536K)->992K(1024K)
[324.412s][info][gc,heap        ] GC(1380) ParOldGen: 7111K(1398272K)->7247K(1398272K)
[324.412s][info][gc,metaspace   ] GC(1380) Metaspace: 14382K(15424K)->14382K(15424K) NonClass: 12413K(13056K)->12413K(13056K) Class: 1969K(2368K)->1969K(2368K)
[324.412s][info][gc             ] GC(1380) Pause Young (Allocation Failure) 448M->8M(1797M) 2.899ms
[324.412s][info][gc,cpu         ] GC(1380) User=0.00s Sys=0.00s Real=0.00s
[324.705s][info][gc,start       ] GC(1381) Pause Young (Allocation Failure)
[324.708s][info][gc,heap        ] GC(1381) PSYoungGen: 442336K(442368K)->1024K(432640K) Eden: 441344K(441344K)->0K(431616K) From: 992K(1024K)->1024K(1024K)
[324.708s][info][gc,heap        ] GC(1381) ParOldGen: 7247K(1398272K)->7359K(1398272K)
[324.708s][info][gc,metaspace   ] GC(1381) Metaspace: 14382K(15424K)->14382K(15424K) NonClass: 12413K(13056K)->12413K(13056K) Class: 1969K(2368K)->1969K(2368K)
[324.708s][info][gc             ] GC(1381) Pause Young (Allocation Failure) 439M->8M(1788M) 2.965ms
[324.708s][info][gc,cpu         ] GC(1381) User=0.00s Sys=0.00s Real=0.00s
[324.993s][info][gc,start       ] GC(1382) Pause Young (Allocation Failure)
[324.996s][info][gc,heap        ] GC(1382) PSYoungGen: 432640K(432640K)->1056K(423424K) Eden: 431616K(431616K)->0K(421888K) From: 1024K(1024K)->1056K(1536K)
[324.996s][info][gc,heap        ] GC(1382) ParOldGen: 7359K(1398272K)->7463K(1398272K)
[324.996s][info][gc,metaspace   ] GC(1382) Metaspace: 14382K(15424K)->14382K(15424K) NonClass: 12413K(13056K)->12413K(13056K) Class: 1969K(2368K)->1969K(2368K)
[324.996s][info][gc             ] GC(1382) Pause Young (Allocation Failure) 429M->8M(1779M) 2.983ms
[324.996s][info][gc,cpu         ] GC(1382) User=0.00s Sys=0.00s Real=0.00s
[325.277s][info][gc,start       ] GC(1383) Pause Young (Allocation Failure)
[325.280s][info][gc,heap        ] GC(1383) PSYoungGen: 422944K(423424K)->1024K(413696K) Eden: 421888K(421888K)->0K(412672K) From: 1056K(1536K)->1024K(1024K)
[325.280s][info][gc,heap        ] GC(1383) ParOldGen: 7463K(1398272K)->7575K(1398272K)
[325.280s][info][gc,metaspace   ] GC(1383) Metaspace: 14382K(15424K)->14382K(15424K) NonClass: 12413K(13056K)->12413K(13056K) Class: 1969K(2368K)->1969K(2368K)
[325.280s][info][gc             ] GC(1383) Pause Young (Allocation Failure) 420M->8M(1769M) 2.977ms
[325.280s][info][gc,cpu         ] GC(1383) User=0.52s Sys=0.00s Real=0.00s
[325.557s][info][gc,start       ] GC(1384) Pause Young (Allocation Failure)
[325.560s][info][gc,heap        ] GC(1384) PSYoungGen: 413696K(413696K)->1024K(404992K) Eden: 412672K(412672K)->0K(403968K) From: 1024K(1024K)->1024K(1024K)
[325.560s][info][gc,heap        ] GC(1384) ParOldGen: 7575K(1398272K)->7703K(1398272K)
[325.560s][info][gc,metaspace   ] GC(1384) Metaspace: 14382K(15424K)->14382K(15424K) NonClass: 12413K(13056K)->12413K(13056K) Class: 1969K(2368K)->1969K(2368K)
[325.560s][info][gc             ] GC(1384) Pause Young (Allocation Failure) 411M->8M(1761M) 2.991ms
[325.560s][info][gc,cpu         ] GC(1384) User=0.00s Sys=0.00s Real=0.00s
[325.840s][info][gc,start       ] GC(1385) Pause Young (Allocation Failure)
[325.843s][info][gc,heap        ] GC(1385) PSYoungGen: 404992K(404992K)->992K(396288K) Eden: 403968K(403968K)->0K(395264K) From: 1024K(1024K)->992K(1024K)
[325.843s][info][gc,heap        ] GC(1385) ParOldGen: 7703K(1398272K)->7815K(1398272K)
[325.843s][info][gc,metaspace   ] GC(1385) Metaspace: 14382K(15424K)->14382K(15424K) NonClass: 12413K(13056K)->12413K(13056K) Class: 1969K(2368K)->1969K(2368K)
[325.843s][info][gc             ] GC(1385) Pause Young (Allocation Failure) 403M->8M(1752M) 2.793ms
[325.843s][info][gc,cpu         ] GC(1385) User=0.52s Sys=0.00s Real=0.00s
[326.133s][info][gc,start       ] GC(1386) Pause Young (Allocation Failure)
[326.136s][info][gc,heap        ] GC(1386) PSYoungGen: 396256K(396288K)->1024K(388096K) Eden: 395264K(395264K)->0K(387072K) From: 992K(1024K)->1024K(1024K)
[326.136s][info][gc,heap        ] GC(1386) ParOldGen: 7815K(1398272K)->7919K(1398272K)
[326.136s][info][gc,metaspace   ] GC(1386) Metaspace: 14382K(15424K)->14382K(15424K) NonClass: 12413K(13056K)->12413K(13056K) Class: 1969K(2368K)->1969K(2368K)
[326.136s][info][gc             ] GC(1386) Pause Young (Allocation Failure) 394M->8M(1744M) 2.620ms
[326.136s][info][gc,cpu         ] GC(1386) User=0.00s Sys=0.00s Real=0.00s
[326.392s][info][gc,start       ] GC(1387) Pause Young (Allocation Failure)
[326.395s][info][gc,heap        ] GC(1387) PSYoungGen: 388096K(388096K)->1024K(379904K) Eden: 387072K(387072K)->0K(378880K) From: 1024K(1024K)->1024K(1024K)
[326.395s][info][gc,heap        ] GC(1387) ParOldGen: 7919K(1398272K)->8047K(1398272K)
[326.395s][info][gc,metaspace   ] GC(1387) Metaspace: 14382K(15424K)->14382K(15424K) NonClass: 12413K(13056K)->12413K(13056K) Class: 1969K(2368K)->1969K(2368K)
[326.395s][info][gc             ] GC(1387) Pause Young (Allocation Failure) 386M->8M(1736M) 2.687ms
[326.395s][info][gc,cpu         ] GC(1387) User=0.00s Sys=0.00s Real=0.00s
[326.646s][info][gc,start       ] GC(1388) Pause Young (Allocation Failure)
[326.649s][info][gc,heap        ] GC(1388) PSYoungGen: 379904K(379904K)->1056K(372736K) Eden: 378880K(378880K)->0K(371200K) From: 1024K(1024K)->1056K(1536K)
[326.649s][info][gc,heap        ] GC(1388) ParOldGen: 8047K(1398272K)->8151K(1398272K)
[326.649s][info][gc,metaspace   ] GC(1388) Metaspace: 14382K(15424K)->14382K(15424K) NonClass: 12413K(13056K)->12413K(13056K) Class: 1969K(2368K)->1969K(2368K)
[326.649s][info][gc             ] GC(1388) Pause Young (Allocation Failure) 378M->8M(1729M) 2.789ms
[326.649s][info][gc,cpu         ] GC(1388) User=0.00s Sys=0.00s Real=0.00s
[326.893s][info][gc,start       ] GC(1389) Pause Young (Allocation Failure)
[326.896s][info][gc,heap        ] GC(1389) PSYoungGen: 372256K(372736K)->1024K(364544K) Eden: 371200K(371200K)->0K(363520K) From: 1056K(1536K)->1024K(1024K)
[326.896s][info][gc,heap        ] GC(1389) ParOldGen: 8151K(1398272K)->8247K(1398272K)
[326.896s][info][gc,metaspace   ] GC(1389) Metaspace: 14382K(15424K)->14382K(15424K) NonClass: 12413K(13056K)->12413K(13056K) Class: 1969K(2368K)->1969K(2368K)
[326.896s][info][gc             ] GC(1389) Pause Young (Allocation Failure) 371M->9M(1721M) 2.669ms
[326.896s][info][gc,cpu         ] GC(1389) User=0.00s Sys=0.00s Real=0.00s
[327.137s][info][gc,start       ] GC(1390) Pause Young (Allocation Failure)
[327.140s][info][gc,heap        ] GC(1390) PSYoungGen: 364544K(364544K)->1024K(357376K) Eden: 363520K(363520K)->0K(356352K) From: 1024K(1024K)->1024K(1024K)
[327.140s][info][gc,heap        ] GC(1390) ParOldGen: 8247K(1398272K)->8343K(1398272K)
[327.140s][info][gc,metaspace   ] GC(1390) Metaspace: 14382K(15424K)->14382K(15424K) NonClass: 12413K(13056K)->12413K(13056K) Class: 1969K(2368K)->1969K(2368K)
[327.140s][info][gc             ] GC(1390) Pause Young (Allocation Failure) 364M->9M(1714M) 2.821ms
[327.140s][info][gc,cpu         ] GC(1390) User=0.52s Sys=0.00s Real=0.00s
[327.375s][info][gc,start       ] GC(1391) Pause Young (Allocation Failure)
[327.377s][info][gc,heap        ] GC(1391) PSYoungGen: 357376K(357376K)->1056K(429568K) Eden: 356352K(356352K)->0K(428032K) From: 1024K(1024K)->1056K(1536K)
[327.377s][info][gc,heap        ] GC(1391) ParOldGen: 8343K(1398272K)->8439K(1398272K)
[327.378s][info][gc,metaspace   ] GC(1391) Metaspace: 14382K(15424K)->14382K(15424K) NonClass: 12413K(13056K)->12413K(13056K) Class: 1969K(2368K)->1969K(2368K)
[327.378s][info][gc             ] GC(1391) Pause Young (Allocation Failure) 357M->9M(1785M) 2.764ms
[327.378s][info][gc,cpu         ] GC(1391) User=0.00s Sys=0.00s Real=0.00s
[327.661s][info][gc,start       ] GC(1392) Pause Young (Allocation Failure)
[327.663s][info][gc,heap        ] GC(1392) PSYoungGen: 429088K(429568K)->960K(419840K) Eden: 428032K(428032K)->0K(418816K) From: 1056K(1536K)->960K(1024K)
[327.663s][info][gc,heap        ] GC(1392) ParOldGen: 8439K(1398272K)->8527K(1398272K)
[327.664s][info][gc,metaspace   ] GC(1392) Metaspace: 14382K(15424K)->14382K(15424K) NonClass: 12413K(13056K)->12413K(13056K) Class: 1969K(2368K)->1969K(2368K)
[327.664s][info][gc             ] GC(1392) Pause Young (Allocation Failure) 427M->9M(1775M) 2.983ms
[327.664s][info][gc,cpu         ] GC(1392) User=0.00s Sys=0.00s Real=0.00s
[327.942s][info][gc,start       ] GC(1393) Pause Young (Allocation Failure)
[327.945s][info][gc,heap        ] GC(1393) PSYoungGen: 419776K(419840K)->992K(410624K) Eden: 418816K(418816K)->0K(409600K) From: 960K(1024K)->992K(1024K)
[327.945s][info][gc,heap        ] GC(1393) ParOldGen: 8527K(1398272K)->8607K(1398272K)
[327.945s][info][gc,metaspace   ] GC(1393) Metaspace: 14382K(15424K)->14382K(15424K) NonClass: 12413K(13056K)->12413K(13056K) Class: 1969K(2368K)->1969K(2368K)
[327.945s][info][gc             ] GC(1393) Pause Young (Allocation Failure) 418M->9M(1766M) 2.878ms
[327.945s][info][gc,cpu         ] GC(1393) User=0.00s Sys=0.00s Real=0.00s
[328.337s][info][gc,start       ] GC(1394) Pause Young (Allocation Failure)
[328.341s][info][gc,heap        ] GC(1394) PSYoungGen: 410592K(410624K)->1024K(401920K) Eden: 409600K(409600K)->0K(400896K) From: 992K(1024K)->1024K(1024K)
[328.341s][info][gc,heap        ] GC(1394) ParOldGen: 8607K(1398272K)->8695K(1398272K)
[328.341s][info][gc,metaspace   ] GC(1394) Metaspace: 14382K(15424K)->14382K(15424K) NonClass: 12413K(13056K)->12413K(13056K) Class: 1969K(2368K)->1969K(2368K)
[328.341s][info][gc             ] GC(1394) Pause Young (Allocation Failure) 409M->9M(1758M) 3.800ms
[328.341s][info][gc,cpu         ] GC(1394) User=0.00s Sys=0.00s Real=0.00s
[328.635s][info][gc,start       ] GC(1395) Pause Young (Allocation Failure)
[328.637s][info][gc,heap        ] GC(1395) PSYoungGen: 401920K(401920K)->1024K(393728K) Eden: 400896K(400896K)->0K(392704K) From: 1024K(1024K)->1024K(1024K)
[328.638s][info][gc,heap        ] GC(1395) ParOldGen: 8695K(1398272K)->8767K(1398272K)
[328.638s][info][gc,metaspace   ] GC(1395) Metaspace: 14382K(15424K)->14382K(15424K) NonClass: 12413K(13056K)->12413K(13056K) Class: 1969K(2368K)->1969K(2368K)
[328.638s][info][gc             ] GC(1395) Pause Young (Allocation Failure) 400M->9M(1750M) 2.776ms
[328.638s][info][gc,cpu         ] GC(1395) User=0.00s Sys=0.00s Real=0.00s
[328.900s][info][gc,start       ] GC(1396) Pause Young (Allocation Failure)
[328.903s][info][gc,heap        ] GC(1396) PSYoungGen: 393728K(393728K)->1024K(385536K) Eden: 392704K(392704K)->0K(384512K) From: 1024K(1024K)->1024K(1024K)
[328.903s][info][gc,heap        ] GC(1396) ParOldGen: 8767K(1398272K)->8903K(1398272K)
[328.903s][info][gc,metaspace   ] GC(1396) Metaspace: 14382K(15424K)->14382K(15424K) NonClass: 12413K(13056K)->12413K(13056K) Class: 1969K(2368K)->1969K(2368K)
[328.903s][info][gc             ] GC(1396) Pause Young (Allocation Failure) 393M->9M(1742M) 2.701ms
[328.903s][info][gc,cpu         ] GC(1396) User=0.00s Sys=0.00s Real=0.00s
[329.179s][info][gc,start       ] GC(1397) Pause Young (Allocation Failure)
[329.181s][info][gc,heap        ] GC(1397) PSYoungGen: 385536K(385536K)->1024K(377856K) Eden: 384512K(384512K)->0K(376832K) From: 1024K(1024K)->1024K(1024K)
[329.181s][info][gc,heap        ] GC(1397) ParOldGen: 8903K(1398272K)->8991K(1398272K)
[329.181s][info][gc,metaspace   ] GC(1397) Metaspace: 14382K(15424K)->14382K(15424K) NonClass: 12413K(13056K)->12413K(13056K) Class: 1969K(2368K)->1969K(2368K)
[329.181s][info][gc             ] GC(1397) Pause Young (Allocation Failure) 385M->9M(1734M) 2.603ms
[329.181s][info][gc,cpu         ] GC(1397) User=0.00s Sys=0.00s Real=0.00s
[329.435s][info][gc,start       ] GC(1398) Pause Young (Allocation Failure)
[329.438s][info][gc,heap        ] GC(1398) PSYoungGen: 377856K(377856K)->1024K(370176K) Eden: 376832K(376832K)->0K(369152K) From: 1024K(1024K)->1024K(1024K)
[329.438s][info][gc,heap        ] GC(1398) ParOldGen: 8991K(1398272K)->9087K(1398272K)
[329.438s][info][gc,metaspace   ] GC(1398) Metaspace: 14382K(15424K)->14382K(15424K) NonClass: 12413K(13056K)->12413K(13056K) Class: 1969K(2368K)->1969K(2368K)
[329.438s][info][gc             ] GC(1398) Pause Young (Allocation Failure) 377M->9M(1727M) 2.681ms
[329.438s][info][gc,cpu         ] GC(1398) User=0.42s Sys=0.00s Real=0.00s
[329.681s][info][gc,start       ] GC(1399) Pause Young (Allocation Failure)
[329.684s][info][gc,heap        ] GC(1399) PSYoungGen: 370176K(370176K)->1024K(363008K) Eden: 369152K(369152K)->0K(361984K) From: 1024K(1024K)->1024K(1024K)
[329.684s][info][gc,heap        ] GC(1399) ParOldGen: 9087K(1398272K)->9191K(1398272K)
[329.684s][info][gc,metaspace   ] GC(1399) Metaspace: 14382K(15424K)->14382K(15424K) NonClass: 12413K(13056K)->12413K(13056K) Class: 1969K(2368K)->1969K(2368K)
[329.684s][info][gc             ] GC(1399) Pause Young (Allocation Failure) 370M->9M(1720M) 2.654ms
[329.684s][info][gc,cpu         ] GC(1399) User=0.00s Sys=0.00s Real=0.00s
[329.925s][info][gc,start       ] GC(1400) Pause Young (Allocation Failure)
[329.928s][info][gc,heap        ] GC(1400) PSYoungGen: 363008K(363008K)->992K(355840K) Eden: 361984K(361984K)->0K(354816K) From: 1024K(1024K)->992K(1024K)
[329.928s][info][gc,heap        ] GC(1400) ParOldGen: 9191K(1398272K)->9255K(1398272K)
[329.928s][info][gc,metaspace   ] GC(1400) Metaspace: 14382K(15424K)->14382K(15424K) NonClass: 12413K(13056K)->12413K(13056K) Class: 1969K(2368K)->1969K(2368K)
[329.928s][info][gc             ] GC(1400) Pause Young (Allocation Failure) 363M->10M(1713M) 2.690ms
[329.928s][info][gc,cpu         ] GC(1400) User=0.00s Sys=0.00s Real=0.00s
[330.164s][info][gc,start       ] GC(1401) Pause Young (Allocation Failure)
[330.167s][info][gc,heap        ] GC(1401) PSYoungGen: 355808K(355840K)->1024K(349184K) Eden: 354816K(354816K)->0K(348160K) From: 992K(1024K)->1024K(1024K)
[330.167s][info][gc,heap        ] GC(1401) ParOldGen: 9255K(1398272K)->9359K(1398272K)
[330.167s][info][gc,metaspace   ] GC(1401) Metaspace: 14382K(15424K)->14382K(15424K) NonClass: 12413K(13056K)->12413K(13056K) Class: 1969K(2368K)->1969K(2368K)
[330.167s][info][gc             ] GC(1401) Pause Young (Allocation Failure) 356M->10M(1706M) 2.763ms
[330.167s][info][gc,cpu         ] GC(1401) User=0.00s Sys=0.00s Real=0.00s
[330.400s][info][gc,start       ] GC(1402) Pause Young (Allocation Failure)
[330.402s][info][gc,heap        ] GC(1402) PSYoungGen: 349184K(349184K)->1024K(418816K) Eden: 348160K(348160K)->0K(417792K) From: 1024K(1024K)->1024K(1024K)
[330.402s][info][gc,heap        ] GC(1402) ParOldGen: 9359K(1398272K)->9455K(1398272K)
[330.402s][info][gc,metaspace   ] GC(1402) Metaspace: 14382K(15424K)->14382K(15424K) NonClass: 12413K(13056K)->12413K(13056K) Class: 1969K(2368K)->1969K(2368K)
[330.402s][info][gc             ] GC(1402) Pause Young (Allocation Failure) 350M->10M(1774M) 2.786ms
[330.402s][info][gc,cpu         ] GC(1402) User=0.00s Sys=0.00s Real=0.00s
[330.681s][info][gc,start       ] GC(1403) Pause Young (Allocation Failure)
[330.683s][info][gc,heap        ] GC(1403) PSYoungGen: 418816K(418816K)->1024K(409600K) Eden: 417792K(417792K)->0K(408576K) From: 1024K(1024K)->1024K(1024K)
[330.684s][info][gc,heap        ] GC(1403) ParOldGen: 9455K(1398272K)->9551K(1398272K)
[330.684s][info][gc,metaspace   ] GC(1403) Metaspace: 14382K(15424K)->14382K(15424K) NonClass: 12413K(13056K)->12413K(13056K) Class: 1969K(2368K)->1969K(2368K)
[330.684s][info][gc             ] GC(1403) Pause Young (Allocation Failure) 418M->10M(1765M) 2.890ms
[330.684s][info][gc,cpu         ] GC(1403) User=0.00s Sys=0.00s Real=0.00s
[330.957s][info][gc,start       ] GC(1404) Pause Young (Allocation Failure)
[330.960s][info][gc,heap        ] GC(1404) PSYoungGen: 409600K(409600K)->1024K(400896K) Eden: 408576K(408576K)->0K(399872K) From: 1024K(1024K)->1024K(1024K)
[330.960s][info][gc,heap        ] GC(1404) ParOldGen: 9551K(1398272K)->9679K(1398272K)
[330.960s][info][gc,metaspace   ] GC(1404) Metaspace: 14382K(15424K)->14382K(15424K) NonClass: 12413K(13056K)->12413K(13056K) Class: 1969K(2368K)->1969K(2368K)
[330.960s][info][gc             ] GC(1404) Pause Young (Allocation Failure) 409M->10M(1757M) 2.978ms
[330.960s][info][gc,cpu         ] GC(1404) User=0.00s Sys=0.00s Real=0.00s
[331.226s][info][gc,start       ] GC(1405) Pause Young (Allocation Failure)
[331.229s][info][gc,heap        ] GC(1405) PSYoungGen: 400896K(400896K)->992K(392704K) Eden: 399872K(399872K)->0K(391680K) From: 1024K(1024K)->992K(1024K)
[331.229s][info][gc,heap        ] GC(1405) ParOldGen: 9679K(1398272K)->9767K(1398272K)
[331.229s][info][gc,metaspace   ] GC(1405) Metaspace: 14382K(15424K)->14382K(15424K) NonClass: 12413K(13056K)->12413K(13056K) Class: 1969K(2368K)->1969K(2368K)
[331.229s][info][gc             ] GC(1405) Pause Young (Allocation Failure) 400M->10M(1749M) 2.959ms
[331.229s][info][gc,cpu         ] GC(1405) User=0.00s Sys=0.00s Real=0.00s
[331.490s][info][gc,start       ] GC(1406) Pause Young (Allocation Failure)
[331.493s][info][gc,heap        ] GC(1406) PSYoungGen: 392672K(392704K)->1024K(471040K) Eden: 391680K(391680K)->0K(470016K) From: 992K(1024K)->1024K(1024K)
[331.493s][info][gc,heap        ] GC(1406) ParOldGen: 9767K(1398272K)->9895K(1398272K)
[331.493s][info][gc,metaspace   ] GC(1406) Metaspace: 14382K(15424K)->14382K(15424K) NonClass: 12413K(13056K)->12413K(13056K) Class: 1969K(2368K)->1969K(2368K)
[331.493s][info][gc             ] GC(1406) Pause Young (Allocation Failure) 393M->10M(1825M) 2.960ms
[331.493s][info][gc,cpu         ] GC(1406) User=0.00s Sys=0.00s Real=0.00s
[331.805s][info][gc,start       ] GC(1407) Pause Young (Allocation Failure)
[331.808s][info][gc,heap        ] GC(1407) PSYoungGen: 471040K(471040K)->1024K(460288K) Eden: 470016K(470016K)->0K(459264K) From: 1024K(1024K)->1024K(1024K)
[331.808s][info][gc,heap        ] GC(1407) ParOldGen: 9895K(1398272K)->10015K(1398272K)
[331.808s][info][gc,metaspace   ] GC(1407) Metaspace: 14382K(15424K)->14382K(15424K) NonClass: 12413K(13056K)->12413K(13056K) Class: 1969K(2368K)->1969K(2368K)
[331.808s][info][gc             ] GC(1407) Pause Young (Allocation Failure) 469M->10M(1815M) 3.061ms
[331.808s][info][gc,cpu         ] GC(1407) User=0.00s Sys=0.00s Real=0.00s
[332.169s][info][gc,start       ] GC(1408) Pause Young (Allocation Failure)
[332.173s][info][gc,heap        ] GC(1408) PSYoungGen: 460288K(460288K)->1024K(450048K) Eden: 459264K(459264K)->0K(449024K) From: 1024K(1024K)->1024K(1024K)
[332.173s][info][gc,heap        ] GC(1408) ParOldGen: 10015K(1398272K)->10119K(1398272K)
[332.173s][info][gc,metaspace   ] GC(1408) Metaspace: 14382K(15424K)->14382K(15424K) NonClass: 12413K(13056K)->12413K(13056K) Class: 1969K(2368K)->1969K(2368K)
[332.173s][info][gc             ] GC(1408) Pause Young (Allocation Failure) 459M->10M(1805M) 3.898ms
[332.173s][info][gc,cpu         ] GC(1408) User=0.52s Sys=0.00s Real=0.00s
[332.496s][info][gc,start       ] GC(1409) Pause Young (Allocation Failure)
[332.499s][info][gc,heap        ] GC(1409) PSYoungGen: 450048K(450048K)->992K(439808K) Eden: 449024K(449024K)->0K(438784K) From: 1024K(1024K)->992K(1024K)
[332.499s][info][gc,heap        ] GC(1409) ParOldGen: 10119K(1398272K)->10231K(1398272K)
[332.499s][info][gc,metaspace   ] GC(1409) Metaspace: 14382K(15424K)->14382K(15424K) NonClass: 12413K(13056K)->12413K(13056K) Class: 1969K(2368K)->1969K(2368K)
[332.499s][info][gc             ] GC(1409) Pause Young (Allocation Failure) 449M->10M(1795M) 2.943ms
[332.499s][info][gc,cpu         ] GC(1409) User=0.52s Sys=0.00s Real=0.00s
[332.820s][info][gc,start       ] GC(1410) Pause Young (Allocation Failure)
[332.823s][info][gc,heap        ] GC(1410) PSYoungGen: 439776K(439808K)->992K(430080K) Eden: 438784K(438784K)->0K(429056K) From: 992K(1024K)->992K(1024K)
[332.823s][info][gc,heap        ] GC(1410) ParOldGen: 10231K(1398272K)->10375K(1398272K)
[332.823s][info][gc,metaspace   ] GC(1410) Metaspace: 14382K(15424K)->14382K(15424K) NonClass: 12413K(13056K)->12413K(13056K) Class: 1969K(2368K)->1969K(2368K)
[332.823s][info][gc             ] GC(1410) Pause Young (Allocation Failure) 439M->11M(1785M) 2.775ms
[332.823s][info][gc,cpu         ] GC(1410) User=0.00s Sys=0.00s Real=0.00s
[333.111s][info][gc,start       ] GC(1411) Pause Young (Allocation Failure)
[333.113s][info][gc,heap        ] GC(1411) PSYoungGen: 430048K(430080K)->1024K(420864K) Eden: 429056K(429056K)->0K(419840K) From: 992K(1024K)->1024K(1024K)
[333.113s][info][gc,heap        ] GC(1411) ParOldGen: 10375K(1398272K)->10495K(1398272K)
[333.113s][info][gc,metaspace   ] GC(1411) Metaspace: 14382K(15424K)->14382K(15424K) NonClass: 12413K(13056K)->12413K(13056K) Class: 1969K(2368K)->1969K(2368K)
[333.113s][info][gc             ] GC(1411) Pause Young (Allocation Failure) 430M->11M(1776M) 2.801ms
[333.114s][info][gc,cpu         ] GC(1411) User=0.00s Sys=0.00s Real=0.00s
[333.394s][info][gc,start       ] GC(1412) Pause Young (Allocation Failure)
[333.397s][info][gc,heap        ] GC(1412) PSYoungGen: 420864K(420864K)->1024K(411648K) Eden: 419840K(419840K)->0K(410624K) From: 1024K(1024K)->1024K(1024K)
[333.397s][info][gc,heap        ] GC(1412) ParOldGen: 10495K(1398272K)->10591K(1398272K)
[333.397s][info][gc,metaspace   ] GC(1412) Metaspace: 14382K(15424K)->14382K(15424K) NonClass: 12413K(13056K)->12413K(13056K) Class: 1969K(2368K)->1969K(2368K)
[333.397s][info][gc             ] GC(1412) Pause Young (Allocation Failure) 421M->11M(1767M) 2.827ms
[333.397s][info][gc,cpu         ] GC(1412) User=0.00s Sys=0.00s Real=0.00s
[333.673s][info][gc,start       ] GC(1413) Pause Young (Allocation Failure)
[333.675s][info][gc,heap        ] GC(1413) PSYoungGen: 411648K(411648K)->992K(402944K) Eden: 410624K(410624K)->0K(401920K) From: 1024K(1024K)->992K(1024K)
[333.675s][info][gc,heap        ] GC(1413) ParOldGen: 10591K(1398272K)->10739K(1398272K)
[333.675s][info][gc,metaspace   ] GC(1413) Metaspace: 14382K(15424K)->14382K(15424K) NonClass: 12413K(13056K)->12413K(13056K) Class: 1969K(2368K)->1969K(2368K)
[333.675s][info][gc             ] GC(1413) Pause Young (Allocation Failure) 412M->11M(1759M) 2.806ms
[333.675s][info][gc,cpu         ] GC(1413) User=0.00s Sys=0.00s Real=0.00s
[333.945s][info][gc,start       ] GC(1414) Pause Young (Allocation Failure)
[333.948s][info][gc,heap        ] GC(1414) PSYoungGen: 402912K(402944K)->1024K(394240K) Eden: 401920K(401920K)->0K(393216K) From: 992K(1024K)->1024K(1024K)
[333.948s][info][gc,heap        ] GC(1414) ParOldGen: 10739K(1398272K)->10835K(1398272K)
[333.948s][info][gc,metaspace   ] GC(1414) Metaspace: 14382K(15424K)->14382K(15424K) NonClass: 12413K(13056K)->12413K(13056K) Class: 1969K(2368K)->1969K(2368K)
[333.948s][info][gc             ] GC(1414) Pause Young (Allocation Failure) 403M->11M(1750M) 2.884ms
[333.948s][info][gc,cpu         ] GC(1414) User=0.00s Sys=0.00s Real=0.00s
[334.214s][info][gc,start       ] GC(1415) Pause Young (Allocation Failure)
[334.217s][info][gc,heap        ] GC(1415) PSYoungGen: 394240K(394240K)->1024K(386048K) Eden: 393216K(393216K)->0K(385024K) From: 1024K(1024K)->1024K(1024K)
[334.217s][info][gc,heap        ] GC(1415) ParOldGen: 10835K(1398272K)->10947K(1398272K)
[334.217s][info][gc,metaspace   ] GC(1415) Metaspace: 14382K(15424K)->14382K(15424K) NonClass: 12413K(13056K)->12413K(13056K) Class: 1969K(2368K)->1969K(2368K)
[334.217s][info][gc             ] GC(1415) Pause Young (Allocation Failure) 395M->11M(1742M) 2.953ms
[334.217s][info][gc,cpu         ] GC(1415) User=0.52s Sys=0.00s Real=0.00s
[334.474s][info][gc,start       ] GC(1416) Pause Young (Allocation Failure)
[334.477s][info][gc,heap        ] GC(1416) PSYoungGen: 386048K(386048K)->1024K(378368K) Eden: 385024K(385024K)->0K(377344K) From: 1024K(1024K)->1024K(1024K)
[334.477s][info][gc,heap        ] GC(1416) ParOldGen: 10947K(1398272K)->11043K(1398272K)
[334.477s][info][gc,metaspace   ] GC(1416) Metaspace: 14382K(15424K)->14382K(15424K) NonClass: 12413K(13056K)->12413K(13056K) Class: 1969K(2368K)->1969K(2368K)
[334.477s][info][gc             ] GC(1416) Pause Young (Allocation Failure) 387M->11M(1735M) 2.964ms
[334.477s][info][gc,cpu         ] GC(1416) User=0.00s Sys=0.00s Real=0.00s
[334.729s][info][gc,start       ] GC(1417) Pause Young (Allocation Failure)
[334.732s][info][gc,heap        ] GC(1417) PSYoungGen: 378368K(378368K)->928K(370688K) Eden: 377344K(377344K)->0K(369664K) From: 1024K(1024K)->928K(1024K)
[334.732s][info][gc,heap        ] GC(1417) ParOldGen: 11043K(1398272K)->11115K(1398272K)
[334.732s][info][gc,metaspace   ] GC(1417) Metaspace: 14382K(15424K)->14382K(15424K) NonClass: 12413K(13056K)->12413K(13056K) Class: 1969K(2368K)->1969K(2368K)
[334.732s][info][gc             ] GC(1417) Pause Young (Allocation Failure) 380M->11M(1727M) 2.945ms
[334.732s][info][gc,cpu         ] GC(1417) User=0.00s Sys=0.00s Real=0.00s
[335.040s][info][gc,start       ] GC(1418) Pause Young (Allocation Failure)
[335.044s][info][gc,heap        ] GC(1418) PSYoungGen: 370592K(370688K)->1024K(444928K) Eden: 369664K(369664K)->0K(443904K) From: 928K(1024K)->1024K(1024K)
[335.044s][info][gc,heap        ] GC(1418) ParOldGen: 11115K(1398272K)->11219K(1398272K)
[335.044s][info][gc,metaspace   ] GC(1418) Metaspace: 14382K(15424K)->14382K(15424K) NonClass: 12413K(13056K)->12413K(13056K) Class: 1969K(2368K)->1969K(2368K)
[335.044s][info][gc             ] GC(1418) Pause Young (Allocation Failure) 372M->11M(1800M) 3.745ms
[335.044s][info][gc,cpu         ] GC(1418) User=0.00s Sys=0.00s Real=0.00s
[335.363s][info][gc,start       ] GC(1419) Pause Young (Allocation Failure)
[335.366s][info][gc,heap        ] GC(1419) PSYoungGen: 444928K(444928K)->1024K(435200K) Eden: 443904K(443904K)->0K(434176K) From: 1024K(1024K)->1024K(1024K)
[335.366s][info][gc,heap        ] GC(1419) ParOldGen: 11219K(1398272K)->11307K(1398272K)
[335.366s][info][gc,metaspace   ] GC(1419) Metaspace: 14382K(15424K)->14382K(15424K) NonClass: 12413K(13056K)->12413K(13056K) Class: 1969K(2368K)->1969K(2368K)
[335.366s][info][gc             ] GC(1419) Pause Young (Allocation Failure) 445M->12M(1790M) 2.845ms
[335.366s][info][gc,cpu         ] GC(1419) User=0.00s Sys=0.00s Real=0.00s
[335.668s][info][gc,start       ] GC(1420) Pause Young (Allocation Failure)
[335.671s][info][gc,heap        ] GC(1420) PSYoungGen: 435200K(435200K)->1024K(425472K) Eden: 434176K(434176K)->0K(424448K) From: 1024K(1024K)->1024K(1024K)
[335.671s][info][gc,heap        ] GC(1420) ParOldGen: 11307K(1398272K)->11451K(1398272K)
[335.671s][info][gc,metaspace   ] GC(1420) Metaspace: 14382K(15424K)->14382K(15424K) NonClass: 12413K(13056K)->12413K(13056K) Class: 1969K(2368K)->1969K(2368K)
[335.671s][info][gc             ] GC(1420) Pause Young (Allocation Failure) 436M->12M(1781M) 2.715ms
[335.671s][info][gc,cpu         ] GC(1420) User=0.52s Sys=0.00s Real=0.00s
[335.918s][info][gc,start       ] GC(1421) Pause Young (Allocation Failure)
[335.921s][info][gc,heap        ] GC(1421) PSYoungGen: 425472K(425472K)->928K(416256K) Eden: 424448K(424448K)->0K(415232K) From: 1024K(1024K)->928K(1024K)
[335.921s][info][gc,heap        ] GC(1421) ParOldGen: 11451K(1398272K)->11555K(1398272K)
[335.921s][info][gc,metaspace   ] GC(1421) Metaspace: 14382K(15424K)->14382K(15424K) NonClass: 12413K(13056K)->12413K(13056K) Class: 1969K(2368K)->1969K(2368K)
[335.921s][info][gc             ] GC(1421) Pause Young (Allocation Failure) 426M->12M(1772M) 2.849ms
[335.921s][info][gc,cpu         ] GC(1421) User=0.00s Sys=0.00s Real=0.00s
[336.132s][info][gc,start       ] GC(1422) Pause Young (System.gc())
[336.135s][info][gc,heap        ] GC(1422) PSYoungGen: 376770K(416256K)->416K(415744K) Eden: 375842K(415232K)->0K(415232K) From: 928K(1024K)->416K(512K)
[336.135s][info][gc,heap        ] GC(1422) ParOldGen: 11555K(1398272K)->11643K(1398272K)
[336.135s][info][gc,metaspace   ] GC(1422) Metaspace: 14382K(15424K)->14382K(15424K) NonClass: 12413K(13056K)->12413K(13056K) Class: 1969K(2368K)->1969K(2368K)
[336.135s][info][gc             ] GC(1422) Pause Young (System.gc()) 379M->11M(1771M) 3.390ms
[336.135s][info][gc,cpu         ] GC(1422) User=0.00s Sys=0.00s Real=0.00s
[336.135s][info][gc,start       ] GC(1423) Pause Full (System.gc())
[336.135s][info][gc,phases,start] GC(1423) Marking Phase
[336.149s][info][gc,phases      ] GC(1423) Marking Phase 13.340ms
[336.149s][info][gc,phases,start] GC(1423) Summary Phase
[336.149s][info][gc,phases      ] GC(1423) Summary Phase 0.013ms
[336.149s][info][gc,phases,start] GC(1423) Adjust Roots
[336.152s][info][gc,phases      ] GC(1423) Adjust Roots 3.240ms
[336.152s][info][gc,phases,start] GC(1423) Compaction Phase
[336.153s][info][gc,phases      ] GC(1423) Compaction Phase 1.648ms
[336.154s][info][gc,phases,start] GC(1423) Post Compact
[336.154s][info][gc,phases      ] GC(1423) Post Compact 0.470ms
[336.154s][info][gc,heap        ] GC(1423) PSYoungGen: 416K(415744K)->0K(415744K) Eden: 0K(415232K)->0K(415232K) From: 416K(512K)->0K(512K)
[336.154s][info][gc,heap        ] GC(1423) ParOldGen: 11643K(1398272K)->5387K(1398272K)
[336.154s][info][gc,metaspace   ] GC(1423) Metaspace: 14382K(15424K)->14382K(15424K) NonClass: 12413K(13056K)->12413K(13056K) Class: 1969K(2368K)->1969K(2368K)
[336.154s][info][gc             ] GC(1423) Pause Full (System.gc()) 11M->5M(1771M) 18.881ms
[336.154s][info][gc,cpu         ] GC(1423) User=0.02s Sys=0.00s Real=0.02s
[336.497s][info][gc,start       ] GC(1424) Pause Young (Allocation Failure)
[336.500s][info][gc,heap        ] GC(1424) PSYoungGen: 415232K(415744K)->1536K(408064K) Eden: 415232K(415232K)->0K(406528K) From: 0K(512K)->1536K(1536K)
[336.500s][info][gc,heap        ] GC(1424) ParOldGen: 5387K(1398272K)->5621K(1398272K)
[336.500s][info][gc,metaspace   ] GC(1424) Metaspace: 14382K(15424K)->14382K(15424K) NonClass: 12413K(13056K)->12413K(13056K) Class: 1969K(2368K)->1969K(2368K)
[336.500s][info][gc             ] GC(1424) Pause Young (Allocation Failure) 410M->6M(1764M) 2.977ms
[336.500s][info][gc,cpu         ] GC(1424) User=0.52s Sys=0.00s Real=0.00s
[336.748s][info][gc,start       ] GC(1425) Pause Young (Allocation Failure)
[336.751s][info][gc,heap        ] GC(1425) PSYoungGen: 408064K(408064K)->1056K(399360K) Eden: 406528K(406528K)->0K(397824K) From: 1536K(1536K)->1056K(1536K)
[336.751s][info][gc,heap        ] GC(1425) ParOldGen: 5621K(1398272K)->7113K(1398272K)
[336.751s][info][gc,metaspace   ] GC(1425) Metaspace: 14382K(15424K)->14382K(15424K) NonClass: 12413K(13056K)->12413K(13056K) Class: 1969K(2368K)->1969K(2368K)
[336.751s][info][gc             ] GC(1425) Pause Young (Allocation Failure) 403M->7M(1755M) 3.042ms
[336.751s][info][gc,cpu         ] GC(1425) User=0.00s Sys=0.02s Real=0.00s
[337.019s][info][gc,start       ] GC(1426) Pause Young (Allocation Failure)
[337.022s][info][gc,heap        ] GC(1426) PSYoungGen: 398880K(399360K)->512K(390144K) Eden: 397824K(397824K)->0K(389632K) From: 1056K(1536K)->512K(512K)
[337.022s][info][gc,heap        ] GC(1426) ParOldGen: 7113K(1398272K)->7305K(1398272K)
[337.022s][info][gc,metaspace   ] GC(1426) Metaspace: 14382K(15424K)->14382K(15424K) NonClass: 12413K(13056K)->12413K(13056K) Class: 1969K(2368K)->1969K(2368K)
[337.022s][info][gc             ] GC(1426) Pause Young (Allocation Failure) 396M->7M(1746M) 2.785ms
[337.022s][info][gc,cpu         ] GC(1426) User=0.00s Sys=0.00s Real=0.00s
[337.283s][info][gc,start       ] GC(1427) Pause Young (Allocation Failure)
[337.286s][info][gc,heap        ] GC(1427) PSYoungGen: 390144K(390144K)->1024K(382976K) Eden: 389632K(389632K)->0K(381440K) From: 512K(512K)->1024K(1536K)
[337.286s][info][gc,heap        ] GC(1427) ParOldGen: 7305K(1398272K)->7377K(1398272K)
[337.286s][info][gc,metaspace   ] GC(1427) Metaspace: 14382K(15424K)->14382K(15424K) NonClass: 12413K(13056K)->12413K(13056K) Class: 1969K(2368K)->1969K(2368K)
[337.286s][info][gc             ] GC(1427) Pause Young (Allocation Failure) 388M->8M(1739M) 2.799ms
[337.286s][info][gc,cpu         ] GC(1427) User=0.00s Sys=0.00s Real=0.00s
[337.545s][info][gc,start       ] GC(1428) Pause Young (Allocation Failure)
[337.548s][info][gc,heap        ] GC(1428) PSYoungGen: 382464K(382976K)->1024K(374784K) Eden: 381440K(381440K)->0K(373760K) From: 1024K(1536K)->1024K(1024K)
[337.548s][info][gc,heap        ] GC(1428) ParOldGen: 7377K(1398272K)->7465K(1398272K)
[337.548s][info][gc,metaspace   ] GC(1428) Metaspace: 14382K(15424K)->14382K(15424K) NonClass: 12413K(13056K)->12413K(13056K) Class: 1969K(2368K)->1969K(2368K)
[337.548s][info][gc             ] GC(1428) Pause Young (Allocation Failure) 380M->8M(1731M) 2.929ms
[337.548s][info][gc,cpu         ] GC(1428) User=0.00s Sys=0.00s Real=0.00s
[337.853s][info][gc,start       ] GC(1429) Pause Young (Allocation Failure)
[337.856s][info][gc,heap        ] GC(1429) PSYoungGen: 374784K(374784K)->992K(367104K) Eden: 373760K(373760K)->0K(366080K) From: 1024K(1024K)->992K(1024K)
[337.856s][info][gc,heap        ] GC(1429) ParOldGen: 7465K(1398272K)->7561K(1398272K)
[337.856s][info][gc,metaspace   ] GC(1429) Metaspace: 14382K(15424K)->14382K(15424K) NonClass: 12413K(13056K)->12413K(13056K) Class: 1969K(2368K)->1969K(2368K)
[337.856s][info][gc             ] GC(1429) Pause Young (Allocation Failure) 373M->8M(1724M) 3.384ms
[337.856s][info][gc,cpu         ] GC(1429) User=0.00s Sys=0.00s Real=0.00s
[338.123s][info][gc,start       ] GC(1430) Pause Young (Allocation Failure)
[338.125s][info][gc,heap        ] GC(1430) PSYoungGen: 367072K(367104K)->1024K(359936K) Eden: 366080K(366080K)->0K(358912K) From: 992K(1024K)->1024K(1024K)
[338.126s][info][gc,heap        ] GC(1430) ParOldGen: 7561K(1398272K)->7657K(1398272K)
[338.126s][info][gc,metaspace   ] GC(1430) Metaspace: 14382K(15424K)->14382K(15424K) NonClass: 12413K(13056K)->12413K(13056K) Class: 1969K(2368K)->1969K(2368K)
[338.126s][info][gc             ] GC(1430) Pause Young (Allocation Failure) 365M->8M(1717M) 2.800ms
[338.126s][info][gc,cpu         ] GC(1430) User=0.52s Sys=0.00s Real=0.00s
[338.374s][info][gc,start       ] GC(1431) Pause Young (Allocation Failure)
[338.377s][info][gc,heap        ] GC(1431) PSYoungGen: 359936K(359936K)->992K(352768K) Eden: 358912K(358912K)->0K(351744K) From: 1024K(1024K)->992K(1024K)
[338.377s][info][gc,heap        ] GC(1431) ParOldGen: 7657K(1398272K)->7777K(1398272K)
[338.377s][info][gc,metaspace   ] GC(1431) Metaspace: 14382K(15424K)->14382K(15424K) NonClass: 12413K(13056K)->12413K(13056K) Class: 1969K(2368K)->1969K(2368K)
[338.377s][info][gc             ] GC(1431) Pause Young (Allocation Failure) 358M->8M(1710M) 2.679ms
[338.377s][info][gc,cpu         ] GC(1431) User=0.00s Sys=0.00s Real=0.00s
[338.637s][info][gc,start       ] GC(1432) Pause Young (Allocation Failure)
[338.640s][info][gc,heap        ] GC(1432) PSYoungGen: 352736K(352768K)->1024K(346112K) Eden: 351744K(351744K)->0K(345088K) From: 992K(1024K)->1024K(1024K)
[338.640s][info][gc,heap        ] GC(1432) ParOldGen: 7777K(1398272K)->7873K(1398272K)
[338.640s][info][gc,metaspace   ] GC(1432) Metaspace: 14382K(15424K)->14382K(15424K) NonClass: 12413K(13056K)->12413K(13056K) Class: 1969K(2368K)->1969K(2368K)
[338.640s][info][gc             ] GC(1432) Pause Young (Allocation Failure) 352M->8M(1703M) 2.591ms
[338.640s][info][gc,cpu         ] GC(1432) User=0.52s Sys=0.00s Real=0.00s
[338.868s][info][gc,start       ] GC(1433) Pause Young (Allocation Failure)
[338.871s][info][gc,heap        ] GC(1433) PSYoungGen: 346112K(346112K)->1024K(339456K) Eden: 345088K(345088K)->0K(338432K) From: 1024K(1024K)->1024K(1024K)
[338.871s][info][gc,heap        ] GC(1433) ParOldGen: 7873K(1398272K)->7985K(1398272K)
[338.871s][info][gc,metaspace   ] GC(1433) Metaspace: 14382K(15424K)->14382K(15424K) NonClass: 12413K(13056K)->12413K(13056K) Class: 1969K(2368K)->1969K(2368K)
[338.871s][info][gc             ] GC(1433) Pause Young (Allocation Failure) 345M->8M(1697M) 2.614ms
[338.871s][info][gc,cpu         ] GC(1433) User=0.00s Sys=0.00s Real=0.00s
[339.099s][info][gc,start       ] GC(1434) Pause Young (Allocation Failure)
[339.101s][info][gc,heap        ] GC(1434) PSYoungGen: 339456K(339456K)->1024K(333312K) Eden: 338432K(338432K)->0K(332288K) From: 1024K(1024K)->1024K(1024K)
[339.101s][info][gc,heap        ] GC(1434) ParOldGen: 7985K(1398272K)->8081K(1398272K)
[339.101s][info][gc,metaspace   ] GC(1434) Metaspace: 14382K(15424K)->14382K(15424K) NonClass: 12413K(13056K)->12413K(13056K) Class: 1969K(2368K)->1969K(2368K)
[339.101s][info][gc             ] GC(1434) Pause Young (Allocation Failure) 339M->8M(1691M) 2.688ms
[339.102s][info][gc,cpu         ] GC(1434) User=0.00s Sys=0.00s Real=0.00s
[339.322s][info][gc,start       ] GC(1435) Pause Young (Allocation Failure)
[339.325s][info][gc,heap        ] GC(1435) PSYoungGen: 333312K(333312K)->1056K(400384K) Eden: 332288K(332288K)->0K(398848K) From: 1024K(1024K)->1056K(1536K)
[339.325s][info][gc,heap        ] GC(1435) ParOldGen: 8081K(1398272K)->8185K(1398272K)
[339.325s][info][gc,metaspace   ] GC(1435) Metaspace: 14382K(15424K)->14382K(15424K) NonClass: 12413K(13056K)->12413K(13056K) Class: 1969K(2368K)->1969K(2368K)
[339.325s][info][gc             ] GC(1435) Pause Young (Allocation Failure) 333M->9M(1756M) 2.660ms
[339.325s][info][gc,cpu         ] GC(1435) User=0.00s Sys=0.00s Real=0.00s
[339.597s][info][gc,start       ] GC(1436) Pause Young (Allocation Failure)
[339.599s][info][gc,heap        ] GC(1436) PSYoungGen: 399904K(400384K)->1024K(391680K) Eden: 398848K(398848K)->0K(390656K) From: 1056K(1536K)->1024K(1024K)
[339.599s][info][gc,heap        ] GC(1436) ParOldGen: 8185K(1398272K)->8257K(1398272K)
[339.599s][info][gc,metaspace   ] GC(1436) Metaspace: 14382K(15424K)->14382K(15424K) NonClass: 12413K(13056K)->12413K(13056K) Class: 1969K(2368K)->1969K(2368K)
[339.599s][info][gc             ] GC(1436) Pause Young (Allocation Failure) 398M->9M(1748M) 2.734ms
[339.600s][info][gc,cpu         ] GC(1436) User=0.00s Sys=0.00s Real=0.00s
[339.864s][info][gc,start       ] GC(1437) Pause Young (Allocation Failure)
[339.867s][info][gc,heap        ] GC(1437) PSYoungGen: 391680K(391680K)->1056K(384000K) Eden: 390656K(390656K)->0K(382464K) From: 1024K(1024K)->1056K(1536K)
[339.867s][info][gc,heap        ] GC(1437) ParOldGen: 8257K(1398272K)->8329K(1398272K)
[339.867s][info][gc,metaspace   ] GC(1437) Metaspace: 14382K(15424K)->14382K(15424K) NonClass: 12413K(13056K)->12413K(13056K) Class: 1969K(2368K)->1969K(2368K)
[339.867s][info][gc             ] GC(1437) Pause Young (Allocation Failure) 390M->9M(1740M) 2.855ms
[339.867s][info][gc,cpu         ] GC(1437) User=0.00s Sys=0.00s Real=0.00s
[340.126s][info][gc,start       ] GC(1438) Pause Young (Allocation Failure)
[340.129s][info][gc,heap        ] GC(1438) PSYoungGen: 383520K(384000K)->1024K(460288K) Eden: 382464K(382464K)->0K(459264K) From: 1056K(1536K)->1024K(1024K)
[340.129s][info][gc,heap        ] GC(1438) ParOldGen: 8329K(1398272K)->8425K(1398272K)
[340.129s][info][gc,metaspace   ] GC(1438) Metaspace: 14382K(15424K)->14382K(15424K) NonClass: 12413K(13056K)->12413K(13056K) Class: 1969K(2368K)->1969K(2368K)
[340.129s][info][gc             ] GC(1438) Pause Young (Allocation Failure) 382M->9M(1815M) 2.882ms
[340.129s][info][gc,cpu         ] GC(1438) User=0.00s Sys=0.00s Real=0.00s
[340.438s][info][gc,start       ] GC(1439) Pause Young (Allocation Failure)
[340.441s][info][gc,heap        ] GC(1439) PSYoungGen: 460288K(460288K)->1056K(450560K) Eden: 459264K(459264K)->0K(449024K) From: 1024K(1024K)->1056K(1536K)
[340.441s][info][gc,heap        ] GC(1439) ParOldGen: 8425K(1398272K)->8521K(1398272K)
[340.441s][info][gc,metaspace   ] GC(1439) Metaspace: 14382K(15424K)->14382K(15424K) NonClass: 12413K(13056K)->12413K(13056K) Class: 1969K(2368K)->1969K(2368K)
[340.441s][info][gc             ] GC(1439) Pause Young (Allocation Failure) 457M->9M(1805M) 3.062ms
[340.441s][info][gc,cpu         ] GC(1439) User=0.00s Sys=0.00s Real=0.00s
[340.744s][info][gc,start       ] GC(1440) Pause Young (Allocation Failure)
[340.747s][info][gc,heap        ] GC(1440) PSYoungGen: 450080K(450560K)->1024K(439808K) Eden: 449024K(449024K)->0K(438784K) From: 1056K(1536K)->1024K(1024K)
[340.747s][info][gc,heap        ] GC(1440) ParOldGen: 8521K(1398272K)->8673K(1398272K)
[340.747s][info][gc,metaspace   ] GC(1440) Metaspace: 14382K(15424K)->14382K(15424K) NonClass: 12413K(13056K)->12413K(13056K) Class: 1969K(2368K)->1969K(2368K)
[340.747s][info][gc             ] GC(1440) Pause Young (Allocation Failure) 447M->9M(1795M) 2.966ms
[340.747s][info][gc,cpu         ] GC(1440) User=0.00s Sys=0.00s Real=0.00s
[341.042s][info][gc,start       ] GC(1441) Pause Young (Allocation Failure)
[341.045s][info][gc,heap        ] GC(1441) PSYoungGen: 439808K(439808K)->992K(430080K) Eden: 438784K(438784K)->0K(429056K) From: 1024K(1024K)->992K(1024K)
[341.070s][info][gc,heap        ] GC(1441) ParOldGen: 8673K(1398272K)->8777K(1398272K)
[341.070s][info][gc,metaspace   ] GC(1441) Metaspace: 14382K(15424K)->14382K(15424K) NonClass: 12413K(13056K)->12413K(13056K) Class: 1969K(2368K)->1969K(2368K)
[341.070s][info][gc             ] GC(1441) Pause Young (Allocation Failure) 437M->9M(1785M) 27.610ms
[341.070s][info][gc,cpu         ] GC(1441) User=0.52s Sys=0.00s Real=0.03s
[341.365s][info][gc,start       ] GC(1442) Pause Young (Allocation Failure)
[341.368s][info][gc,heap        ] GC(1442) PSYoungGen: 430048K(430080K)->1024K(420864K) Eden: 429056K(429056K)->0K(419840K) From: 992K(1024K)->1024K(1024K)
[341.368s][info][gc,heap        ] GC(1442) ParOldGen: 8777K(1398272K)->8873K(1398272K)
[341.368s][info][gc,metaspace   ] GC(1442) Metaspace: 14382K(15424K)->14382K(15424K) NonClass: 12413K(13056K)->12413K(13056K) Class: 1969K(2368K)->1969K(2368K)
[341.368s][info][gc             ] GC(1442) Pause Young (Allocation Failure) 428M->9M(1776M) 3.074ms
[341.368s][info][gc,cpu         ] GC(1442) User=0.00s Sys=0.00s Real=0.00s
[341.728s][info][gc,start       ] GC(1443) Pause Young (Allocation Failure)
[341.732s][info][gc,heap        ] GC(1443) PSYoungGen: 420864K(420864K)->1024K(411648K) Eden: 419840K(419840K)->0K(410624K) From: 1024K(1024K)->1024K(1024K)
[341.732s][info][gc,heap        ] GC(1443) ParOldGen: 8873K(1398272K)->8993K(1398272K)
[341.732s][info][gc,metaspace   ] GC(1443) Metaspace: 14382K(15424K)->14382K(15424K) NonClass: 12413K(13056K)->12413K(13056K) Class: 1969K(2368K)->1969K(2368K)
[341.732s][info][gc             ] GC(1443) Pause Young (Allocation Failure) 419M->9M(1767M) 3.809ms
[341.732s][info][gc,cpu         ] GC(1443) User=0.00s Sys=0.00s Real=0.00s
[342.031s][info][gc,start       ] GC(1444) Pause Young (Allocation Failure)
[342.034s][info][gc,heap        ] GC(1444) PSYoungGen: 411648K(411648K)->992K(402944K) Eden: 410624K(410624K)->0K(401920K) From: 1024K(1024K)->992K(1024K)
[342.034s][info][gc,heap        ] GC(1444) ParOldGen: 8993K(1398272K)->9089K(1398272K)
[342.034s][info][gc,metaspace   ] GC(1444) Metaspace: 14382K(15424K)->14382K(15424K) NonClass: 12413K(13056K)->12413K(13056K) Class: 1969K(2368K)->1969K(2368K)
[342.034s][info][gc             ] GC(1444) Pause Young (Allocation Failure) 410M->9M(1759M) 2.869ms
[342.034s][info][gc,cpu         ] GC(1444) User=0.00s Sys=0.00s Real=0.00s
[342.336s][info][gc,start       ] GC(1445) Pause Young (Allocation Failure)
[342.338s][info][gc,heap        ] GC(1445) PSYoungGen: 402912K(402944K)->992K(394240K) Eden: 401920K(401920K)->0K(393216K) From: 992K(1024K)->992K(1024K)
[342.338s][info][gc,heap        ] GC(1445) ParOldGen: 9089K(1398272K)->9217K(1398272K)
[342.338s][info][gc,metaspace   ] GC(1445) Metaspace: 14382K(15424K)->14382K(15424K) NonClass: 12413K(13056K)->12413K(13056K) Class: 1969K(2368K)->1969K(2368K)
[342.338s][info][gc             ] GC(1445) Pause Young (Allocation Failure) 402M->9M(1750M) 2.720ms
[342.338s][info][gc,cpu         ] GC(1445) User=0.00s Sys=0.00s Real=0.00s
[342.604s][info][gc,start       ] GC(1446) Pause Young (Allocation Failure)
[342.607s][info][gc,heap        ] GC(1446) PSYoungGen: 394208K(394240K)->1024K(386048K) Eden: 393216K(393216K)->0K(385024K) From: 992K(1024K)->1024K(1024K)
[342.607s][info][gc,heap        ] GC(1446) ParOldGen: 9217K(1398272K)->9329K(1398272K)
[342.607s][info][gc,metaspace   ] GC(1446) Metaspace: 14382K(15424K)->14382K(15424K) NonClass: 12413K(13056K)->12413K(13056K) Class: 1969K(2368K)->1969K(2368K)
[342.607s][info][gc             ] GC(1446) Pause Young (Allocation Failure) 393M->10M(1742M) 2.787ms
[342.607s][info][gc,cpu         ] GC(1446) User=0.00s Sys=0.00s Real=0.00s
[342.862s][info][gc,start       ] GC(1447) Pause Young (Allocation Failure)
[342.864s][info][gc,heap        ] GC(1447) PSYoungGen: 386047K(386048K)->992K(378368K) Eden: 385023K(385024K)->0K(377344K) From: 1024K(1024K)->992K(1024K)
[342.864s][info][gc,heap        ] GC(1447) ParOldGen: 9329K(1398272K)->9433K(1398272K)
[342.864s][info][gc,metaspace   ] GC(1447) Metaspace: 14382K(15424K)->14382K(15424K) NonClass: 12413K(13056K)->12413K(13056K) Class: 1969K(2368K)->1969K(2368K)
[342.864s][info][gc             ] GC(1447) Pause Young (Allocation Failure) 386M->10M(1735M) 2.805ms
[342.864s][info][gc,cpu         ] GC(1447) User=0.00s Sys=0.00s Real=0.00s
[343.119s][info][gc,start       ] GC(1448) Pause Young (Allocation Failure)
[343.122s][info][gc,heap        ] GC(1448) PSYoungGen: 378336K(378368K)->1024K(370688K) Eden: 377344K(377344K)->0K(369664K) From: 992K(1024K)->1024K(1024K)
[343.122s][info][gc,heap        ] GC(1448) ParOldGen: 9433K(1398272K)->9505K(1398272K)
[343.122s][info][gc,metaspace   ] GC(1448) Metaspace: 14382K(15424K)->14382K(15424K) NonClass: 12413K(13056K)->12413K(13056K) Class: 1969K(2368K)->1969K(2368K)
[343.122s][info][gc             ] GC(1448) Pause Young (Allocation Failure) 378M->10M(1727M) 2.799ms
[343.122s][info][gc,cpu         ] GC(1448) User=0.00s Sys=0.00s Real=0.00s
[343.371s][info][gc,start       ] GC(1449) Pause Young (Allocation Failure)
[343.374s][info][gc,heap        ] GC(1449) PSYoungGen: 370687K(370688K)->960K(363520K) Eden: 369663K(369664K)->0K(362496K) From: 1024K(1024K)->960K(1024K)
[343.374s][info][gc,heap        ] GC(1449) ParOldGen: 9505K(1398272K)->9601K(1398272K)
[343.374s][info][gc,metaspace   ] GC(1449) Metaspace: 14382K(15424K)->14382K(15424K) NonClass: 12413K(13056K)->12413K(13056K) Class: 1969K(2368K)->1969K(2368K)
[343.374s][info][gc             ] GC(1449) Pause Young (Allocation Failure) 371M->10M(1720M) 2.851ms
[343.374s][info][gc,cpu         ] GC(1449) User=0.52s Sys=0.00s Real=0.00s
[343.620s][info][gc,start       ] GC(1450) Pause Young (Allocation Failure)
[343.623s][info][gc,heap        ] GC(1450) PSYoungGen: 363456K(363520K)->1024K(356352K) Eden: 362496K(362496K)->0K(355328K) From: 960K(1024K)->1024K(1024K)
[343.623s][info][gc,heap        ] GC(1450) ParOldGen: 9601K(1398272K)->9681K(1398272K)
[343.623s][info][gc,metaspace   ] GC(1450) Metaspace: 14382K(15424K)->14382K(15424K) NonClass: 12413K(13056K)->12413K(13056K) Class: 1969K(2368K)->1969K(2368K)
[343.623s][info][gc             ] GC(1450) Pause Young (Allocation Failure) 364M->10M(1713M) 2.873ms
[343.623s][info][gc,cpu         ] GC(1450) User=0.00s Sys=0.00s Real=0.00s
[343.863s][info][gc,start       ] GC(1451) Pause Young (Allocation Failure)
[343.865s][info][gc,heap        ] GC(1451) PSYoungGen: 356352K(356352K)->1024K(427520K) Eden: 355328K(355328K)->0K(426496K) From: 1024K(1024K)->1024K(1024K)
[343.866s][info][gc,heap        ] GC(1451) ParOldGen: 9681K(1398272K)->9769K(1398272K)
[343.866s][info][gc,metaspace   ] GC(1451) Metaspace: 14382K(15424K)->14382K(15424K) NonClass: 12413K(13056K)->12413K(13056K) Class: 1969K(2368K)->1969K(2368K)
[343.866s][info][gc             ] GC(1451) Pause Young (Allocation Failure) 357M->10M(1783M) 2.916ms
[343.866s][info][gc,cpu         ] GC(1451) User=0.00s Sys=0.00s Real=0.00s
[344.154s][info][gc,start       ] GC(1452) Pause Young (Allocation Failure)
[344.157s][info][gc,heap        ] GC(1452) PSYoungGen: 427520K(427520K)->1024K(418304K) Eden: 426496K(426496K)->0K(417280K) From: 1024K(1024K)->1024K(1024K)
[344.157s][info][gc,heap        ] GC(1452) ParOldGen: 9769K(1398272K)->9865K(1398272K)
[344.157s][info][gc,metaspace   ] GC(1452) Metaspace: 14382K(15424K)->14382K(15424K) NonClass: 12413K(13056K)->12413K(13056K) Class: 1969K(2368K)->1969K(2368K)
[344.157s][info][gc             ] GC(1452) Pause Young (Allocation Failure) 427M->10M(1774M) 2.991ms
[344.157s][info][gc,cpu         ] GC(1452) User=0.52s Sys=0.00s Real=0.00s
[344.524s][info][gc,start       ] GC(1453) Pause Young (Allocation Failure)
[344.527s][info][gc,heap        ] GC(1453) PSYoungGen: 418304K(418304K)->1024K(409088K) Eden: 417280K(417280K)->0K(408064K) From: 1024K(1024K)->1024K(1024K)
[344.528s][info][gc,heap        ] GC(1453) ParOldGen: 9865K(1398272K)->9977K(1398272K)
[344.528s][info][gc,metaspace   ] GC(1453) Metaspace: 14382K(15424K)->14382K(15424K) NonClass: 12413K(13056K)->12413K(13056K) Class: 1969K(2368K)->1969K(2368K)
[344.528s][info][gc             ] GC(1453) Pause Young (Allocation Failure) 418M->10M(1765M) 3.733ms
[344.528s][info][gc,cpu         ] GC(1453) User=0.00s Sys=0.00s Real=0.00s
[344.821s][info][gc,start       ] GC(1454) Pause Young (Allocation Failure)
[344.824s][info][gc,heap        ] GC(1454) PSYoungGen: 409088K(409088K)->992K(400384K) Eden: 408064K(408064K)->0K(399360K) From: 1024K(1024K)->992K(1024K)
[344.824s][info][gc,heap        ] GC(1454) ParOldGen: 9977K(1398272K)->10105K(1398272K)
[344.824s][info][gc,metaspace   ] GC(1454) Metaspace: 14382K(15424K)->14382K(15424K) NonClass: 12413K(13056K)->12413K(13056K) Class: 1969K(2368K)->1969K(2368K)
[344.824s][info][gc             ] GC(1454) Pause Young (Allocation Failure) 409M->10M(1756M) 2.809ms
[344.824s][info][gc,cpu         ] GC(1454) User=0.00s Sys=0.00s Real=0.00s
[345.100s][info][gc,start       ] GC(1455) Pause Young (Allocation Failure)
[345.103s][info][gc,heap        ] GC(1455) PSYoungGen: 400352K(400384K)->1024K(392192K) Eden: 399360K(399360K)->0K(391168K) From: 992K(1024K)->1024K(1024K)
[345.103s][info][gc,heap        ] GC(1455) ParOldGen: 10105K(1398272K)->10233K(1398272K)
[345.103s][info][gc,metaspace   ] GC(1455) Metaspace: 14382K(15424K)->14382K(15424K) NonClass: 12413K(13056K)->12413K(13056K) Class: 1969K(2368K)->1969K(2368K)
[345.103s][info][gc             ] GC(1455) Pause Young (Allocation Failure) 400M->10M(1748M) 2.803ms
[345.103s][info][gc,cpu         ] GC(1455) User=0.00s Sys=0.00s Real=0.00s
[345.389s][info][gc,start       ] GC(1456) Pause Young (Allocation Failure)
[345.391s][info][gc,heap        ] GC(1456) PSYoungGen: 392192K(392192K)->992K(384000K) Eden: 391168K(391168K)->0K(382976K) From: 1024K(1024K)->992K(1024K)
[345.391s][info][gc,heap        ] GC(1456) ParOldGen: 10233K(1398272K)->10337K(1398272K)
[345.391s][info][gc,metaspace   ] GC(1456) Metaspace: 14382K(15424K)->14382K(15424K) NonClass: 12413K(13056K)->12413K(13056K) Class: 1969K(2368K)->1969K(2368K)
[345.391s][info][gc             ] GC(1456) Pause Young (Allocation Failure) 392M->11M(1740M) 2.718ms
[345.392s][info][gc,cpu         ] GC(1456) User=0.02s Sys=0.00s Real=0.00s
[345.648s][info][gc,start       ] GC(1457) Pause Young (Allocation Failure)
[345.651s][info][gc,heap        ] GC(1457) PSYoungGen: 383968K(384000K)->992K(376320K) Eden: 382976K(382976K)->0K(375296K) From: 992K(1024K)->992K(1024K)
[345.651s][info][gc,heap        ] GC(1457) ParOldGen: 10337K(1398272K)->10433K(1398272K)
[345.651s][info][gc,metaspace   ] GC(1457) Metaspace: 14382K(15424K)->14382K(15424K) NonClass: 12413K(13056K)->12413K(13056K) Class: 1969K(2368K)->1969K(2368K)
[345.651s][info][gc             ] GC(1457) Pause Young (Allocation Failure) 385M->11M(1733M) 2.789ms
[345.651s][info][gc,cpu         ] GC(1457) User=0.00s Sys=0.00s Real=0.00s
[345.903s][info][gc,start       ] GC(1458) Pause Young (Allocation Failure)
[345.906s][info][gc,heap        ] GC(1458) PSYoungGen: 376288K(376320K)->1024K(368640K) Eden: 375296K(375296K)->0K(367616K) From: 992K(1024K)->1024K(1024K)
[345.906s][info][gc,heap        ] GC(1458) ParOldGen: 10433K(1398272K)->10529K(1398272K)
[345.906s][info][gc,metaspace   ] GC(1458) Metaspace: 14382K(15424K)->14382K(15424K) NonClass: 12413K(13056K)->12413K(13056K) Class: 1969K(2368K)->1969K(2368K)
[345.906s][info][gc             ] GC(1458) Pause Young (Allocation Failure) 377M->11M(1725M) 2.731ms
[345.906s][info][gc,cpu         ] GC(1458) User=0.52s Sys=0.00s Real=0.00s
[346.154s][info][gc,start       ] GC(1459) Pause Young (Allocation Failure)
[346.156s][info][gc,heap        ] GC(1459) PSYoungGen: 368640K(368640K)->1024K(361472K) Eden: 367616K(367616K)->0K(360448K) From: 1024K(1024K)->1024K(1024K)
[346.156s][info][gc,heap        ] GC(1459) ParOldGen: 10529K(1398272K)->10617K(1398272K)
[346.156s][info][gc,metaspace   ] GC(1459) Metaspace: 14382K(15424K)->14382K(15424K) NonClass: 12413K(13056K)->12413K(13056K) Class: 1969K(2368K)->1969K(2368K)
[346.156s][info][gc             ] GC(1459) Pause Young (Allocation Failure) 370M->11M(1718M) 2.753ms
[346.156s][info][gc,cpu         ] GC(1459) User=0.52s Sys=0.00s Real=0.00s
[346.401s][info][gc,start       ] GC(1460) Pause Young (Allocation Failure)
[346.403s][info][gc,heap        ] GC(1460) PSYoungGen: 361472K(361472K)->960K(354304K) Eden: 360448K(360448K)->0K(353280K) From: 1024K(1024K)->960K(1024K)
[346.404s][info][gc,heap        ] GC(1460) ParOldGen: 10617K(1398272K)->10733K(1398272K)
[346.404s][info][gc,metaspace   ] GC(1460) Metaspace: 14382K(15424K)->14382K(15424K) NonClass: 12413K(13056K)->12413K(13056K) Class: 1969K(2368K)->1969K(2368K)
[346.404s][info][gc             ] GC(1460) Pause Young (Allocation Failure) 363M->11M(1711M) 2.833ms
[346.404s][info][gc,cpu         ] GC(1460) User=0.00s Sys=0.00s Real=0.00s
[346.641s][info][gc,start       ] GC(1461) Pause Young (Allocation Failure)
[346.644s][info][gc,heap        ] GC(1461) PSYoungGen: 354240K(354304K)->1024K(424960K) Eden: 353280K(353280K)->0K(423936K) From: 960K(1024K)->1024K(1024K)
[346.644s][info][gc,heap        ] GC(1461) ParOldGen: 10733K(1398272K)->10845K(1398272K)
[346.644s][info][gc,metaspace   ] GC(1461) Metaspace: 14382K(15424K)->14382K(15424K) NonClass: 12413K(13056K)->12413K(13056K) Class: 1969K(2368K)->1969K(2368K)
[346.644s][info][gc             ] GC(1461) Pause Young (Allocation Failure) 356M->11M(1780M) 2.812ms
[346.644s][info][gc,cpu         ] GC(1461) User=0.00s Sys=0.00s Real=0.00s
[346.930s][info][gc,start       ] GC(1462) Pause Young (Allocation Failure)
[346.933s][info][gc,heap        ] GC(1462) PSYoungGen: 424960K(424960K)->1024K(415744K) Eden: 423936K(423936K)->0K(414720K) From: 1024K(1024K)->1024K(1024K)
[346.933s][info][gc,heap        ] GC(1462) ParOldGen: 10845K(1398272K)->10941K(1398272K)
[346.933s][info][gc,metaspace   ] GC(1462) Metaspace: 14382K(15424K)->14382K(15424K) NonClass: 12413K(13056K)->12413K(13056K) Class: 1969K(2368K)->1969K(2368K)
[346.933s][info][gc             ] GC(1462) Pause Young (Allocation Failure) 425M->11M(1771M) 2.999ms
[346.934s][info][gc,cpu         ] GC(1462) User=0.00s Sys=0.00s Real=0.00s
[347.362s][info][gc,start       ] GC(1463) Pause Young (Allocation Failure)
[347.366s][info][gc,heap        ] GC(1463) PSYoungGen: 415744K(415744K)->1024K(407040K) Eden: 414720K(414720K)->0K(406016K) From: 1024K(1024K)->1024K(1024K)
[347.366s][info][gc,heap        ] GC(1463) ParOldGen: 10941K(1398272K)->11069K(1398272K)
[347.366s][info][gc,metaspace   ] GC(1463) Metaspace: 14382K(15424K)->14382K(15424K) NonClass: 12413K(13056K)->12413K(13056K) Class: 1969K(2368K)->1969K(2368K)
[347.366s][info][gc             ] GC(1463) Pause Young (Allocation Failure) 416M->11M(1763M) 3.537ms
[347.366s][info][gc,cpu         ] GC(1463) User=0.00s Sys=0.00s Real=0.00s
[347.662s][info][gc,start       ] GC(1464) Pause Young (Allocation Failure)
[347.664s][info][gc,heap        ] GC(1464) PSYoungGen: 407040K(407040K)->1024K(398336K) Eden: 406016K(406016K)->0K(397312K) From: 1024K(1024K)->1024K(1024K)
[347.664s][info][gc,heap        ] GC(1464) ParOldGen: 11069K(1398272K)->11165K(1398272K)
[347.664s][info][gc,metaspace   ] GC(1464) Metaspace: 14382K(15424K)->14382K(15424K) NonClass: 12413K(13056K)->12413K(13056K) Class: 1969K(2368K)->1969K(2368K)
[347.664s][info][gc             ] GC(1464) Pause Young (Allocation Failure) 408M->11M(1754M) 2.764ms
[347.664s][info][gc,cpu         ] GC(1464) User=0.00s Sys=0.00s Real=0.00s
[347.960s][info][gc,start       ] GC(1465) Pause Young (Allocation Failure)
[347.963s][info][gc,heap        ] GC(1465) PSYoungGen: 398336K(398336K)->992K(390144K) Eden: 397312K(397312K)->0K(389120K) From: 1024K(1024K)->992K(1024K)
[347.963s][info][gc,heap        ] GC(1465) ParOldGen: 11165K(1398272K)->11277K(1398272K)
[347.963s][info][gc,metaspace   ] GC(1465) Metaspace: 14382K(15424K)->14382K(15424K) NonClass: 12413K(13056K)->12413K(13056K) Class: 1969K(2368K)->1969K(2368K)
[347.963s][info][gc             ] GC(1465) Pause Young (Allocation Failure) 399M->11M(1746M) 2.629ms
[347.963s][info][gc,cpu         ] GC(1465) User=0.00s Sys=0.00s Real=0.00s
[348.216s][info][gc,start       ] GC(1466) Pause Young (Allocation Failure)
[348.218s][info][gc,heap        ] GC(1466) PSYoungGen: 390112K(390144K)->960K(381952K) Eden: 389120K(389120K)->0K(380928K) From: 992K(1024K)->960K(1024K)
[348.218s][info][gc,heap        ] GC(1466) ParOldGen: 11277K(1398272K)->11381K(1398272K)
[348.218s][info][gc,metaspace   ] GC(1466) Metaspace: 14382K(15424K)->14382K(15424K) NonClass: 12413K(13056K)->12413K(13056K) Class: 1969K(2368K)->1969K(2368K)
[348.218s][info][gc             ] GC(1466) Pause Young (Allocation Failure) 391M->12M(1738M) 2.628ms
[348.218s][info][gc,cpu         ] GC(1466) User=0.52s Sys=0.00s Real=0.00s
[348.459s][info][gc,start       ] GC(1467) Pause Young (Allocation Failure)
[348.461s][info][gc,heap        ] GC(1467) PSYoungGen: 381888K(381952K)->1024K(374272K) Eden: 380928K(380928K)->0K(373248K) From: 960K(1024K)->1024K(1024K)
[348.461s][info][gc,heap        ] GC(1467) ParOldGen: 11381K(1398272K)->11501K(1398272K)
[348.461s][info][gc,metaspace   ] GC(1467) Metaspace: 14382K(15424K)->14382K(15424K) NonClass: 12413K(13056K)->12413K(13056K) Class: 1969K(2368K)->1969K(2368K)
[348.461s][info][gc             ] GC(1467) Pause Young (Allocation Failure) 384M->12M(1731M) 2.709ms
[348.461s][info][gc,cpu         ] GC(1467) User=0.00s Sys=0.00s Real=0.00s
[348.692s][info][gc,start       ] GC(1468) Pause Young (Allocation Failure)
[348.695s][info][gc,heap        ] GC(1468) PSYoungGen: 374272K(374272K)->992K(366592K) Eden: 373248K(373248K)->0K(365568K) From: 1024K(1024K)->992K(1024K)
[348.695s][info][gc,heap        ] GC(1468) ParOldGen: 11501K(1398272K)->11589K(1398272K)
[348.695s][info][gc,metaspace   ] GC(1468) Metaspace: 14382K(15424K)->14382K(15424K) NonClass: 12413K(13056K)->12413K(13056K) Class: 1969K(2368K)->1969K(2368K)
[348.695s][info][gc             ] GC(1468) Pause Young (Allocation Failure) 376M->12M(1723M) 2.737ms
[348.695s][info][gc,cpu         ] GC(1468) User=0.00s Sys=0.00s Real=0.00s
[348.865s][info][gc,start       ] GC(1469) Pause Young (Allocation Failure)
[348.867s][info][gc,heap        ] GC(1469) PSYoungGen: 366560K(366592K)->864K(439808K) Eden: 365568K(365568K)->0K(438784K) From: 992K(1024K)->864K(1024K)
[348.867s][info][gc,heap        ] GC(1469) ParOldGen: 11589K(1398272K)->11693K(1398272K)
[348.867s][info][gc,metaspace   ] GC(1469) Metaspace: 14382K(15424K)->14382K(15424K) NonClass: 12413K(13056K)->12413K(13056K) Class: 1969K(2368K)->1969K(2368K)
[348.867s][info][gc             ] GC(1469) Pause Young (Allocation Failure) 369M->12M(1795M) 2.696ms
[348.867s][info][gc,cpu         ] GC(1469) User=0.00s Sys=0.00s Real=0.00s
[349.113s][info][gc,start       ] GC(1470) Pause Young (System.gc())
[349.117s][info][gc,heap        ] GC(1470) PSYoungGen: 308574K(439808K)->352K(439296K) Eden: 307710K(438784K)->0K(438784K) From: 864K(1024K)->352K(512K)
[349.117s][info][gc,heap        ] GC(1470) ParOldGen: 11693K(1398272K)->11741K(1398272K)
[349.117s][info][gc,metaspace   ] GC(1470) Metaspace: 14383K(15424K)->14383K(15424K) NonClass: 12414K(13056K)->12414K(13056K) Class: 1969K(2368K)->1969K(2368K)
[349.117s][info][gc             ] GC(1470) Pause Young (System.gc()) 312M->11M(1794M) 3.901ms
[349.117s][info][gc,cpu         ] GC(1470) User=0.00s Sys=0.00s Real=0.00s
[349.117s][info][gc,start       ] GC(1471) Pause Full (System.gc())
[349.117s][info][gc,phases,start] GC(1471) Marking Phase
[349.134s][info][gc,phases      ] GC(1471) Marking Phase 16.099ms
[349.134s][info][gc,phases,start] GC(1471) Summary Phase
[349.134s][info][gc,phases      ] GC(1471) Summary Phase 0.023ms
[349.134s][info][gc,phases,start] GC(1471) Adjust Roots
[349.138s][info][gc,phases      ] GC(1471) Adjust Roots 4.400ms
[349.138s][info][gc,phases,start] GC(1471) Compaction Phase
[349.140s][info][gc,phases      ] GC(1471) Compaction Phase 1.834ms
[349.140s][info][gc,phases,start] GC(1471) Post Compact
[349.141s][info][gc,phases      ] GC(1471) Post Compact 0.556ms
[349.141s][info][gc,heap        ] GC(1471) PSYoungGen: 352K(439296K)->0K(439296K) Eden: 0K(438784K)->0K(438784K) From: 352K(512K)->0K(512K)
[349.141s][info][gc,heap        ] GC(1471) ParOldGen: 11741K(1398272K)->5387K(1398272K)
[349.141s][info][gc,metaspace   ] GC(1471) Metaspace: 14383K(15424K)->14383K(15424K) NonClass: 12414K(13056K)->12414K(13056K) Class: 1969K(2368K)->1969K(2368K)
[349.141s][info][gc             ] GC(1471) Pause Full (System.gc()) 11M->5M(1794M) 23.236ms
[349.141s][info][gc,cpu         ] GC(1471) User=0.52s Sys=0.00s Real=0.02s
[349.508s][info][gc,start       ] GC(1472) Pause Young (Allocation Failure)
[349.511s][info][gc,heap        ] GC(1472) PSYoungGen: 438784K(439296K)->1536K(430592K) Eden: 438784K(438784K)->0K(429056K) From: 0K(512K)->1536K(1536K)
[349.511s][info][gc,heap        ] GC(1472) ParOldGen: 5387K(1398272K)->5683K(1398272K)
[349.511s][info][gc,metaspace   ] GC(1472) Metaspace: 14387K(15424K)->14387K(15424K) NonClass: 12418K(13056K)->12418K(13056K) Class: 1969K(2368K)->1969K(2368K)
[349.511s][info][gc             ] GC(1472) Pause Young (Allocation Failure) 433M->7M(1786M) 2.996ms
[349.511s][info][gc,cpu         ] GC(1472) User=0.00s Sys=0.00s Real=0.00s
[349.771s][info][gc,start       ] GC(1473) Pause Young (Allocation Failure)
[349.774s][info][gc,heap        ] GC(1473) PSYoungGen: 430592K(430592K)->1056K(464896K) Eden: 429056K(429056K)->0K(463360K) From: 1536K(1536K)->1056K(1536K)
[349.774s][info][gc,heap        ] GC(1473) ParOldGen: 5683K(1398272K)->7154K(1398272K)
[349.774s][info][gc,metaspace   ] GC(1473) Metaspace: 14387K(15424K)->14387K(15424K) NonClass: 12418K(13056K)->12418K(13056K) Class: 1969K(2368K)->1969K(2368K)
[349.774s][info][gc             ] GC(1473) Pause Young (Allocation Failure) 426M->8M(1819M) 3.042ms
[349.774s][info][gc,cpu         ] GC(1473) User=0.00s Sys=0.00s Real=0.00s
[350.088s][info][gc,start       ] GC(1474) Pause Young (Allocation Failure)
[350.091s][info][gc,heap        ] GC(1474) PSYoungGen: 464416K(464896K)->992K(453632K) Eden: 463360K(463360K)->0K(452608K) From: 1056K(1536K)->992K(1024K)
[350.091s][info][gc,heap        ] GC(1474) ParOldGen: 7154K(1398272K)->7266K(1398272K)
[350.091s][info][gc,metaspace   ] GC(1474) Metaspace: 14387K(15424K)->14387K(15424K) NonClass: 12418K(13056K)->12418K(13056K) Class: 1969K(2368K)->1969K(2368K)
[350.091s][info][gc             ] GC(1474) Pause Young (Allocation Failure) 460M->8M(1808M) 3.209ms
[350.091s][info][gc,cpu         ] GC(1474) User=0.00s Sys=0.00s Real=0.00s
[350.398s][info][gc,start       ] GC(1475) Pause Young (Allocation Failure)
[350.401s][info][gc,heap        ] GC(1475) PSYoungGen: 453600K(453632K)->1024K(443392K) Eden: 452608K(452608K)->0K(442368K) From: 992K(1024K)->1024K(1024K)
[350.401s][info][gc,heap        ] GC(1475) ParOldGen: 7266K(1398272K)->7378K(1398272K)
[350.401s][info][gc,metaspace   ] GC(1475) Metaspace: 14387K(15424K)->14387K(15424K) NonClass: 12418K(13056K)->12418K(13056K) Class: 1969K(2368K)->1969K(2368K)
[350.401s][info][gc             ] GC(1475) Pause Young (Allocation Failure) 450M->8M(1798M) 3.022ms
[350.401s][info][gc,cpu         ] GC(1475) User=0.00s Sys=0.00s Real=0.00s
[350.695s][info][gc,start       ] GC(1476) Pause Young (Allocation Failure)
[350.699s][info][gc,heap        ] GC(1476) PSYoungGen: 443392K(443392K)->1024K(433664K) Eden: 442368K(442368K)->0K(432640K) From: 1024K(1024K)->1024K(1024K)
[350.699s][info][gc,heap        ] GC(1476) ParOldGen: 7378K(1398272K)->7546K(1398272K)
[350.699s][info][gc,metaspace   ] GC(1476) Metaspace: 14387K(15424K)->14387K(15424K) NonClass: 12418K(13056K)->12418K(13056K) Class: 1969K(2368K)->1969K(2368K)
[350.699s][info][gc             ] GC(1476) Pause Young (Allocation Failure) 440M->8M(1789M) 3.096ms
[350.699s][info][gc,cpu         ] GC(1476) User=0.00s Sys=0.00s Real=0.00s
[350.993s][info][gc,start       ] GC(1477) Pause Young (Allocation Failure)
[350.996s][info][gc,heap        ] GC(1477) PSYoungGen: 433664K(433664K)->1024K(423936K) Eden: 432640K(432640K)->0K(422912K) From: 1024K(1024K)->1024K(1024K)
[350.996s][info][gc,heap        ] GC(1477) ParOldGen: 7546K(1398272K)->7658K(1398272K)
[350.996s][info][gc,metaspace   ] GC(1477) Metaspace: 14387K(15424K)->14387K(15424K) NonClass: 12418K(13056K)->12418K(13056K) Class: 1969K(2368K)->1969K(2368K)
[350.996s][info][gc             ] GC(1477) Pause Young (Allocation Failure) 430M->8M(1779M) 3.094ms
[350.996s][info][gc,cpu         ] GC(1477) User=0.00s Sys=0.00s Real=0.00s
[351.284s][info][gc,start       ] GC(1478) Pause Young (Allocation Failure)
[351.287s][info][gc,heap        ] GC(1478) PSYoungGen: 423936K(423936K)->1024K(414720K) Eden: 422912K(422912K)->0K(413696K) From: 1024K(1024K)->1024K(1024K)
[351.287s][info][gc,heap        ] GC(1478) ParOldGen: 7658K(1398272K)->7794K(1398272K)
[351.287s][info][gc,metaspace   ] GC(1478) Metaspace: 14387K(15424K)->14387K(15424K) NonClass: 12418K(13056K)->12418K(13056K) Class: 1969K(2368K)->1969K(2368K)
[351.287s][info][gc             ] GC(1478) Pause Young (Allocation Failure) 421M->8M(1770M) 3.000ms
[351.287s][info][gc,cpu         ] GC(1478) User=0.00s Sys=0.00s Real=0.00s
[351.580s][info][gc,start       ] GC(1479) Pause Young (Allocation Failure)
[351.583s][info][gc,heap        ] GC(1479) PSYoungGen: 414720K(414720K)->1024K(406016K) Eden: 413696K(413696K)->0K(404992K) From: 1024K(1024K)->1024K(1024K)
[351.583s][info][gc,heap        ] GC(1479) ParOldGen: 7794K(1398272K)->7906K(1398272K)
[351.583s][info][gc,metaspace   ] GC(1479) Metaspace: 14387K(15424K)->14387K(15424K) NonClass: 12418K(13056K)->12418K(13056K) Class: 1969K(2368K)->1969K(2368K)
[351.583s][info][gc             ] GC(1479) Pause Young (Allocation Failure) 412M->8M(1762M) 2.845ms
[351.583s][info][gc,cpu         ] GC(1479) User=0.00s Sys=0.00s Real=0.00s
[351.888s][info][gc,start       ] GC(1480) Pause Young (Allocation Failure)
[351.891s][info][gc,heap        ] GC(1480) PSYoungGen: 406016K(406016K)->992K(397312K) Eden: 404992K(404992K)->0K(396288K) From: 1024K(1024K)->992K(1024K)
[351.891s][info][gc,heap        ] GC(1480) ParOldGen: 7906K(1398272K)->8034K(1398272K)
[351.891s][info][gc,metaspace   ] GC(1480) Metaspace: 14387K(15424K)->14387K(15424K) NonClass: 12418K(13056K)->12418K(13056K) Class: 1969K(2368K)->1969K(2368K)
[351.891s][info][gc             ] GC(1480) Pause Young (Allocation Failure) 404M->8M(1753M) 2.669ms
[351.891s][info][gc,cpu         ] GC(1480) User=0.52s Sys=0.00s Real=0.00s
[352.160s][info][gc,start       ] GC(1481) Pause Young (Allocation Failure)
[352.163s][info][gc,heap        ] GC(1481) PSYoungGen: 397280K(397312K)->992K(389120K) Eden: 396288K(396288K)->0K(388096K) From: 992K(1024K)->992K(1024K)
[352.163s][info][gc,heap        ] GC(1481) ParOldGen: 8034K(1398272K)->8146K(1398272K)
[352.163s][info][gc,metaspace   ] GC(1481) Metaspace: 14387K(15424K)->14387K(15424K) NonClass: 12418K(13056K)->12418K(13056K) Class: 1969K(2368K)->1969K(2368K)
[352.163s][info][gc             ] GC(1481) Pause Young (Allocation Failure) 395M->8M(1745M) 2.784ms
[352.163s][info][gc,cpu         ] GC(1481) User=0.00s Sys=0.00s Real=0.00s
[352.424s][info][gc,start       ] GC(1482) Pause Young (Allocation Failure)
[352.427s][info][gc,heap        ] GC(1482) PSYoungGen: 389088K(389120K)->992K(380928K) Eden: 388096K(388096K)->0K(379904K) From: 992K(1024K)->992K(1024K)
[352.427s][info][gc,heap        ] GC(1482) ParOldGen: 8146K(1398272K)->8282K(1398272K)
[352.427s][info][gc,metaspace   ] GC(1482) Metaspace: 14387K(15424K)->14387K(15424K) NonClass: 12418K(13056K)->12418K(13056K) Class: 1969K(2368K)->1969K(2368K)
[352.427s][info][gc             ] GC(1482) Pause Young (Allocation Failure) 387M->9M(1737M) 2.870ms
[352.427s][info][gc,cpu         ] GC(1482) User=0.00s Sys=0.00s Real=0.00s
[352.686s][info][gc,start       ] GC(1483) Pause Young (Allocation Failure)
[352.689s][info][gc,heap        ] GC(1483) PSYoungGen: 380896K(380928K)->1024K(373248K) Eden: 379904K(379904K)->0K(372224K) From: 992K(1024K)->1024K(1024K)
[352.689s][info][gc,heap        ] GC(1483) ParOldGen: 8282K(1398272K)->8378K(1398272K)
[352.689s][info][gc,metaspace   ] GC(1483) Metaspace: 14387K(15424K)->14387K(15424K) NonClass: 12418K(13056K)->12418K(13056K) Class: 1969K(2368K)->1969K(2368K)
[352.689s][info][gc             ] GC(1483) Pause Young (Allocation Failure) 380M->9M(1730M) 2.791ms
[352.689s][info][gc,cpu         ] GC(1483) User=0.00s Sys=0.00s Real=0.00s
[352.942s][info][gc,start       ] GC(1484) Pause Young (Allocation Failure)
[352.945s][info][gc,heap        ] GC(1484) PSYoungGen: 373248K(373248K)->992K(365568K) Eden: 372224K(372224K)->0K(364544K) From: 1024K(1024K)->992K(1024K)
[352.945s][info][gc,heap        ] GC(1484) ParOldGen: 8378K(1398272K)->8498K(1398272K)
[352.945s][info][gc,metaspace   ] GC(1484) Metaspace: 14387K(15424K)->14387K(15424K) NonClass: 12418K(13056K)->12418K(13056K) Class: 1969K(2368K)->1969K(2368K)
[352.945s][info][gc             ] GC(1484) Pause Young (Allocation Failure) 372M->9M(1722M) 2.862ms
[352.945s][info][gc,cpu         ] GC(1484) User=0.00s Sys=0.00s Real=0.00s
[353.193s][info][gc,start       ] GC(1485) Pause Young (Allocation Failure)
[353.195s][info][gc,heap        ] GC(1485) PSYoungGen: 365536K(365568K)->1024K(358400K) Eden: 364544K(364544K)->0K(357376K) From: 992K(1024K)->1024K(1024K)
[353.195s][info][gc,heap        ] GC(1485) ParOldGen: 8498K(1398272K)->8602K(1398272K)
[353.195s][info][gc,metaspace   ] GC(1485) Metaspace: 14387K(15424K)->14387K(15424K) NonClass: 12418K(13056K)->12418K(13056K) Class: 1969K(2368K)->1969K(2368K)
[353.195s][info][gc             ] GC(1485) Pause Young (Allocation Failure) 365M->9M(1715M) 2.890ms
[353.195s][info][gc,cpu         ] GC(1485) User=0.00s Sys=0.00s Real=0.00s
[353.433s][info][gc,start       ] GC(1486) Pause Young (Allocation Failure)
[353.436s][info][gc,heap        ] GC(1486) PSYoungGen: 358400K(358400K)->1024K(430080K) Eden: 357376K(357376K)->0K(429056K) From: 1024K(1024K)->1024K(1024K)
[353.436s][info][gc,heap        ] GC(1486) ParOldGen: 8602K(1398272K)->8706K(1398272K)
[353.436s][info][gc,metaspace   ] GC(1486) Metaspace: 14387K(15424K)->14387K(15424K) NonClass: 12418K(13056K)->12418K(13056K) Class: 1969K(2368K)->1969K(2368K)
[353.436s][info][gc             ] GC(1486) Pause Young (Allocation Failure) 358M->9M(1785M) 2.906ms
[353.436s][info][gc,cpu         ] GC(1486) User=0.52s Sys=0.00s Real=0.00s
[353.726s][info][gc,start       ] GC(1487) Pause Young (Allocation Failure)
[353.729s][info][gc,heap        ] GC(1487) PSYoungGen: 430080K(430080K)->1024K(420864K) Eden: 429056K(429056K)->0K(419840K) From: 1024K(1024K)->1024K(1024K)
[353.729s][info][gc,heap        ] GC(1487) ParOldGen: 8706K(1398272K)->8818K(1398272K)
[353.729s][info][gc,metaspace   ] GC(1487) Metaspace: 14387K(15424K)->14387K(15424K) NonClass: 12418K(13056K)->12418K(13056K) Class: 1969K(2368K)->1969K(2368K)
[353.729s][info][gc             ] GC(1487) Pause Young (Allocation Failure) 428M->9M(1776M) 3.026ms
[353.729s][info][gc,cpu         ] GC(1487) User=0.00s Sys=0.00s Real=0.00s
[354.059s][info][gc,start       ] GC(1488) Pause Young (Allocation Failure)
[354.062s][info][gc,heap        ] GC(1488) PSYoungGen: 420864K(420864K)->1024K(457728K) Eden: 419840K(419840K)->0K(456192K) From: 1024K(1024K)->1024K(1536K)
[354.063s][info][gc,heap        ] GC(1488) ParOldGen: 8818K(1398272K)->8962K(1398272K)
[354.063s][info][gc,metaspace   ] GC(1488) Metaspace: 14387K(15424K)->14387K(15424K) NonClass: 12418K(13056K)->12418K(13056K) Class: 1969K(2368K)->1969K(2368K)
[354.063s][info][gc             ] GC(1488) Pause Young (Allocation Failure) 419M->9M(1812M) 4.179ms
[354.063s][info][gc,cpu         ] GC(1488) User=0.52s Sys=0.00s Real=0.00s
[354.400s][info][gc,start       ] GC(1489) Pause Young (Allocation Failure)
[354.403s][info][gc,heap        ] GC(1489) PSYoungGen: 457216K(457728K)->1056K(447488K) Eden: 456192K(456192K)->0K(445952K) From: 1024K(1536K)->1056K(1536K)
[354.403s][info][gc,heap        ] GC(1489) ParOldGen: 8962K(1398272K)->9066K(1398272K)
[354.403s][info][gc,metaspace   ] GC(1489) Metaspace: 14387K(15424K)->14387K(15424K) NonClass: 12418K(13056K)->12418K(13056K) Class: 1969K(2368K)->1969K(2368K)
[354.403s][info][gc             ] GC(1489) Pause Young (Allocation Failure) 455M->9M(1802M) 2.800ms
[354.403s][info][gc,cpu         ] GC(1489) User=0.00s Sys=0.00s Real=0.00s
[354.731s][info][gc,start       ] GC(1490) Pause Young (Allocation Failure)
[354.734s][info][gc,heap        ] GC(1490) PSYoungGen: 447008K(447488K)->1056K(437248K) Eden: 445952K(445952K)->0K(435712K) From: 1056K(1536K)->1056K(1536K)
[354.734s][info][gc,heap        ] GC(1490) ParOldGen: 9066K(1398272K)->9202K(1398272K)
[354.734s][info][gc,metaspace   ] GC(1490) Metaspace: 14387K(15424K)->14387K(15424K) NonClass: 12418K(13056K)->12418K(13056K) Class: 1969K(2368K)->1969K(2368K)
[354.734s][info][gc             ] GC(1490) Pause Young (Allocation Failure) 445M->10M(1792M) 2.719ms
[354.734s][info][gc,cpu         ] GC(1490) User=0.52s Sys=0.00s Real=0.00s
[355.029s][info][gc,start       ] GC(1491) Pause Young (Allocation Failure)
[355.032s][info][gc,heap        ] GC(1491) PSYoungGen: 436768K(437248K)->512K(426496K) Eden: 435712K(435712K)->0K(425984K) From: 1056K(1536K)->512K(512K)
[355.032s][info][gc,heap        ] GC(1491) ParOldGen: 9202K(1398272K)->9426K(1398272K)
[355.032s][info][gc,metaspace   ] GC(1491) Metaspace: 14387K(15424K)->14387K(15424K) NonClass: 12418K(13056K)->12418K(13056K) Class: 1969K(2368K)->1969K(2368K)
[355.032s][info][gc             ] GC(1491) Pause Young (Allocation Failure) 435M->9M(1782M) 2.717ms
[355.032s][info][gc,cpu         ] GC(1491) User=0.00s Sys=0.00s Real=0.00s
[355.324s][info][gc,start       ] GC(1492) Pause Young (Allocation Failure)
[355.327s][info][gc,heap        ] GC(1492) PSYoungGen: 426496K(426496K)->1056K(418304K) Eden: 425984K(425984K)->0K(416768K) From: 512K(512K)->1056K(1536K)
[355.327s][info][gc,heap        ] GC(1492) ParOldGen: 9426K(1398272K)->9466K(1398272K)
[355.327s][info][gc,metaspace   ] GC(1492) Metaspace: 14387K(15424K)->14387K(15424K) NonClass: 12418K(13056K)->12418K(13056K) Class: 1969K(2368K)->1969K(2368K)
[355.327s][info][gc             ] GC(1492) Pause Young (Allocation Failure) 425M->10M(1774M) 2.714ms
[355.327s][info][gc,cpu         ] GC(1492) User=0.52s Sys=0.00s Real=0.00s
[355.612s][info][gc,start       ] GC(1493) Pause Young (Allocation Failure)
[355.614s][info][gc,heap        ] GC(1493) PSYoungGen: 417824K(418304K)->1024K(408576K) Eden: 416768K(416768K)->0K(407552K) From: 1056K(1536K)->1024K(1024K)
[355.614s][info][gc,heap        ] GC(1493) ParOldGen: 9466K(1398272K)->9578K(1398272K)
[355.614s][info][gc,metaspace   ] GC(1493) Metaspace: 14387K(15424K)->14387K(15424K) NonClass: 12418K(13056K)->12418K(13056K) Class: 1969K(2368K)->1969K(2368K)
[355.614s][info][gc             ] GC(1493) Pause Young (Allocation Failure) 417M->10M(1764M) 2.749ms
[355.615s][info][gc,cpu         ] GC(1493) User=0.00s Sys=0.00s Real=0.00s
[355.891s][info][gc,start       ] GC(1494) Pause Young (Allocation Failure)
[355.894s][info][gc,heap        ] GC(1494) PSYoungGen: 408576K(408576K)->1024K(399872K) Eden: 407552K(407552K)->0K(398848K) From: 1024K(1024K)->1024K(1024K)
[355.894s][info][gc,heap        ] GC(1494) ParOldGen: 9578K(1398272K)->9698K(1398272K)
[355.894s][info][gc,metaspace   ] GC(1494) Metaspace: 14387K(15424K)->14387K(15424K) NonClass: 12418K(13056K)->12418K(13056K) Class: 1969K(2368K)->1969K(2368K)
[355.894s][info][gc             ] GC(1494) Pause Young (Allocation Failure) 408M->10M(1756M) 2.890ms
[355.894s][info][gc,cpu         ] GC(1494) User=0.00s Sys=0.00s Real=0.00s
[356.168s][info][gc,start       ] GC(1495) Pause Young (Allocation Failure)
[356.171s][info][gc,heap        ] GC(1495) PSYoungGen: 399872K(399872K)->1024K(391680K) Eden: 398848K(398848K)->0K(390656K) From: 1024K(1024K)->1024K(1024K)
[356.171s][info][gc,heap        ] GC(1495) ParOldGen: 9698K(1398272K)->9786K(1398272K)
[356.171s][info][gc,metaspace   ] GC(1495) Metaspace: 14387K(15424K)->14387K(15424K) NonClass: 12418K(13056K)->12418K(13056K) Class: 1969K(2368K)->1969K(2368K)
[356.171s][info][gc             ] GC(1495) Pause Young (Allocation Failure) 399M->10M(1748M) 2.799ms
[356.171s][info][gc,cpu         ] GC(1495) User=0.52s Sys=0.00s Real=0.00s
[356.434s][info][gc,start       ] GC(1496) Pause Young (Allocation Failure)
[356.437s][info][gc,heap        ] GC(1496) PSYoungGen: 391680K(391680K)->1056K(384000K) Eden: 390656K(390656K)->0K(382464K) From: 1024K(1024K)->1056K(1536K)
[356.437s][info][gc,heap        ] GC(1496) ParOldGen: 9786K(1398272K)->9874K(1398272K)
[356.437s][info][gc,metaspace   ] GC(1496) Metaspace: 14387K(15424K)->14387K(15424K) NonClass: 12418K(13056K)->12418K(13056K) Class: 1969K(2368K)->1969K(2368K)
[356.437s][info][gc             ] GC(1496) Pause Young (Allocation Failure) 392M->10M(1740M) 2.896ms
[356.437s][info][gc,cpu         ] GC(1496) User=0.52s Sys=0.00s Real=0.00s
[356.699s][info][gc,start       ] GC(1497) Pause Young (Allocation Failure)
[356.702s][info][gc,heap        ] GC(1497) PSYoungGen: 383520K(384000K)->1024K(375808K) Eden: 382464K(382464K)->0K(374784K) From: 1056K(1536K)->1024K(1024K)
[356.702s][info][gc,heap        ] GC(1497) ParOldGen: 9874K(1398272K)->9994K(1398272K)
[356.702s][info][gc,metaspace   ] GC(1497) Metaspace: 14387K(15424K)->14387K(15424K) NonClass: 12418K(13056K)->12418K(13056K) Class: 1969K(2368K)->1969K(2368K)
[356.702s][info][gc             ] GC(1497) Pause Young (Allocation Failure) 384M->10M(1732M) 2.905ms
[356.702s][info][gc,cpu         ] GC(1497) User=0.52s Sys=0.00s Real=0.00s
[356.961s][info][gc,start       ] GC(1498) Pause Young (Allocation Failure)
[356.964s][info][gc,heap        ] GC(1498) PSYoungGen: 375808K(375808K)->1024K(368128K) Eden: 374784K(374784K)->0K(367104K) From: 1024K(1024K)->1024K(1024K)
[356.964s][info][gc,heap        ] GC(1498) ParOldGen: 9994K(1398272K)->10082K(1398272K)
[356.964s][info][gc,metaspace   ] GC(1498) Metaspace: 14387K(15424K)->14387K(15424K) NonClass: 12418K(13056K)->12418K(13056K) Class: 1969K(2368K)->1969K(2368K)
[356.964s][info][gc             ] GC(1498) Pause Young (Allocation Failure) 376M->10M(1725M) 2.864ms
[356.964s][info][gc,cpu         ] GC(1498) User=0.00s Sys=0.00s Real=0.00s
[357.228s][info][gc,start       ] GC(1499) Pause Young (Allocation Failure)
[357.230s][info][gc,heap        ] GC(1499) PSYoungGen: 368128K(368128K)->1024K(360960K) Eden: 367104K(367104K)->0K(359936K) From: 1024K(1024K)->1024K(1024K)
[357.230s][info][gc,heap        ] GC(1499) ParOldGen: 10082K(1398272K)->10194K(1398272K)
[357.230s][info][gc,metaspace   ] GC(1499) Metaspace: 14387K(15424K)->14387K(15424K) NonClass: 12418K(13056K)->12418K(13056K) Class: 1969K(2368K)->1969K(2368K)
[357.230s][info][gc             ] GC(1499) Pause Young (Allocation Failure) 369M->10M(1718M) 2.668ms
[357.230s][info][gc,cpu         ] GC(1499) User=0.00s Sys=0.00s Real=0.00s
[357.498s][info][gc,start       ] GC(1500) Pause Young (Allocation Failure)
[357.501s][info][gc,heap        ] GC(1500) PSYoungGen: 360960K(360960K)->1056K(354304K) Eden: 359936K(359936K)->0K(352768K) From: 1024K(1024K)->1056K(1536K)
[357.501s][info][gc,heap        ] GC(1500) ParOldGen: 10194K(1398272K)->10274K(1398272K)
[357.501s][info][gc,metaspace   ] GC(1500) Metaspace: 14387K(15424K)->14387K(15424K) NonClass: 12418K(13056K)->12418K(13056K) Class: 1969K(2368K)->1969K(2368K)
[357.501s][info][gc             ] GC(1500) Pause Young (Allocation Failure) 362M->11M(1711M) 2.646ms
[357.501s][info][gc,cpu         ] GC(1500) User=0.00s Sys=0.00s Real=0.00s
[357.741s][info][gc,start       ] GC(1501) Pause Young (Allocation Failure)
[357.743s][info][gc,heap        ] GC(1501) PSYoungGen: 353824K(354304K)->1024K(347136K) Eden: 352768K(352768K)->0K(346112K) From: 1056K(1536K)->1024K(1024K)
[357.743s][info][gc,heap        ] GC(1501) ParOldGen: 10274K(1398272K)->10362K(1398272K)
[357.743s][info][gc,metaspace   ] GC(1501) Metaspace: 14387K(15424K)->14387K(15424K) NonClass: 12418K(13056K)->12418K(13056K) Class: 1969K(2368K)->1969K(2368K)
[357.743s][info][gc             ] GC(1501) Pause Young (Allocation Failure) 355M->11M(1704M) 2.557ms
[357.743s][info][gc,cpu         ] GC(1501) User=0.00s Sys=0.00s Real=0.00s
[357.978s][info][gc,start       ] GC(1502) Pause Young (Allocation Failure)
[357.981s][info][gc,heap        ] GC(1502) PSYoungGen: 347136K(347136K)->1024K(340480K) Eden: 346112K(346112K)->0K(339456K) From: 1024K(1024K)->1024K(1024K)
[357.981s][info][gc,heap        ] GC(1502) ParOldGen: 10362K(1398272K)->10442K(1398272K)
[357.981s][info][gc,metaspace   ] GC(1502) Metaspace: 14387K(15424K)->14387K(15424K) NonClass: 12418K(13056K)->12418K(13056K) Class: 1969K(2368K)->1969K(2368K)
[357.981s][info][gc             ] GC(1502) Pause Young (Allocation Failure) 349M->11M(1698M) 2.560ms
[357.981s][info][gc,cpu         ] GC(1502) User=0.00s Sys=0.00s Real=0.00s
[358.212s][info][gc,start       ] GC(1503) Pause Young (Allocation Failure)
[358.215s][info][gc,heap        ] GC(1503) PSYoungGen: 340480K(340480K)->992K(333824K) Eden: 339456K(339456K)->0K(332800K) From: 1024K(1024K)->992K(1024K)
[358.215s][info][gc,heap        ] GC(1503) ParOldGen: 10442K(1398272K)->10554K(1398272K)
[358.215s][info][gc,metaspace   ] GC(1503) Metaspace: 14387K(15424K)->14387K(15424K) NonClass: 12418K(13056K)->12418K(13056K) Class: 1969K(2368K)->1969K(2368K)
[358.215s][info][gc             ] GC(1503) Pause Young (Allocation Failure) 342M->11M(1691M) 2.577ms
[358.215s][info][gc,cpu         ] GC(1503) User=0.00s Sys=0.00s Real=0.00s
[358.441s][info][gc,start       ] GC(1504) Pause Young (Allocation Failure)
[358.443s][info][gc,heap        ] GC(1504) PSYoungGen: 333792K(333824K)->1024K(400384K) Eden: 332800K(332800K)->0K(399360K) From: 992K(1024K)->1024K(1024K)
[358.443s][info][gc,heap        ] GC(1504) ParOldGen: 10554K(1398272K)->10610K(1398272K)
[358.443s][info][gc,metaspace   ] GC(1504) Metaspace: 14387K(15424K)->14387K(15424K) NonClass: 12418K(13056K)->12418K(13056K) Class: 1969K(2368K)->1969K(2368K)
[358.443s][info][gc             ] GC(1504) Pause Young (Allocation Failure) 336M->11M(1756M) 2.625ms
[358.443s][info][gc,cpu         ] GC(1504) User=0.00s Sys=0.00s Real=0.00s
[358.715s][info][gc,start       ] GC(1505) Pause Young (Allocation Failure)
[358.717s][info][gc,heap        ] GC(1505) PSYoungGen: 400384K(400384K)->992K(392192K) Eden: 399360K(399360K)->0K(391168K) From: 1024K(1024K)->992K(1024K)
[358.717s][info][gc,heap        ] GC(1505) ParOldGen: 10610K(1398272K)->10714K(1398272K)
[358.717s][info][gc,metaspace   ] GC(1505) Metaspace: 14387K(15424K)->14387K(15424K) NonClass: 12418K(13056K)->12418K(13056K) Class: 1969K(2368K)->1969K(2368K)
[358.717s][info][gc             ] GC(1505) Pause Young (Allocation Failure) 401M->11M(1748M) 2.743ms
[358.717s][info][gc,cpu         ] GC(1505) User=0.52s Sys=0.00s Real=0.00s
[358.981s][info][gc,start       ] GC(1506) Pause Young (Allocation Failure)
[358.984s][info][gc,heap        ] GC(1506) PSYoungGen: 392160K(392192K)->1024K(384000K) Eden: 391168K(391168K)->0K(382976K) From: 992K(1024K)->1024K(1024K)
[358.984s][info][gc,heap        ] GC(1506) ParOldGen: 10714K(1398272K)->10810K(1398272K)
[358.984s][info][gc,metaspace   ] GC(1506) Metaspace: 14387K(15424K)->14387K(15424K) NonClass: 12418K(13056K)->12418K(13056K) Class: 1969K(2368K)->1969K(2368K)
[358.984s][info][gc             ] GC(1506) Pause Young (Allocation Failure) 393M->11M(1740M) 2.900ms
[358.984s][info][gc,cpu         ] GC(1506) User=0.52s Sys=0.00s Real=0.00s
[359.243s][info][gc,start       ] GC(1507) Pause Young (Allocation Failure)
[359.245s][info][gc,heap        ] GC(1507) PSYoungGen: 384000K(384000K)->992K(376320K) Eden: 382976K(382976K)->0K(375296K) From: 1024K(1024K)->992K(1024K)
[359.245s][info][gc,heap        ] GC(1507) ParOldGen: 10810K(1398272K)->10910K(1398272K)
[359.245s][info][gc,metaspace   ] GC(1507) Metaspace: 14387K(15424K)->14387K(15424K) NonClass: 12418K(13056K)->12418K(13056K) Class: 1969K(2368K)->1969K(2368K)
[359.245s][info][gc             ] GC(1507) Pause Young (Allocation Failure) 385M->11M(1733M) 2.825ms
[359.245s][info][gc,cpu         ] GC(1507) User=0.00s Sys=0.00s Real=0.00s
[359.500s][info][gc,start       ] GC(1508) Pause Young (Allocation Failure)
[359.503s][info][gc,heap        ] GC(1508) PSYoungGen: 376288K(376320K)->1056K(452096K) Eden: 375296K(375296K)->0K(450560K) From: 992K(1024K)->1056K(1536K)
[359.503s][info][gc,heap        ] GC(1508) ParOldGen: 10910K(1398272K)->10998K(1398272K)
[359.503s][info][gc,metaspace   ] GC(1508) Metaspace: 14387K(15424K)->14387K(15424K) NonClass: 12418K(13056K)->12418K(13056K) Class: 1969K(2368K)->1969K(2368K)
[359.503s][info][gc             ] GC(1508) Pause Young (Allocation Failure) 378M->11M(1807M) 2.878ms
[359.503s][info][gc,cpu         ] GC(1508) User=0.00s Sys=0.00s Real=0.00s
[359.809s][info][gc,start       ] GC(1509) Pause Young (Allocation Failure)
[359.812s][info][gc,heap        ] GC(1509) PSYoungGen: 451616K(452096K)->1024K(441344K) Eden: 450560K(450560K)->0K(440320K) From: 1056K(1536K)->1024K(1024K)
[359.812s][info][gc,heap        ] GC(1509) ParOldGen: 10998K(1398272K)->11126K(1398272K)
[359.812s][info][gc,metaspace   ] GC(1509) Metaspace: 14387K(15424K)->14387K(15424K) NonClass: 12418K(13056K)->12418K(13056K) Class: 1969K(2368K)->1969K(2368K)
[359.812s][info][gc             ] GC(1509) Pause Young (Allocation Failure) 451M->11M(1796M) 2.915ms
[359.812s][info][gc,cpu         ] GC(1509) User=0.00s Sys=0.00s Real=0.00s
[360.110s][info][gc,start       ] GC(1510) Pause Young (Allocation Failure)
[360.113s][info][gc,heap        ] GC(1510) PSYoungGen: 441344K(441344K)->1024K(431616K) Eden: 440320K(440320K)->0K(430592K) From: 1024K(1024K)->1024K(1024K)
[360.113s][info][gc,heap        ] GC(1510) ParOldGen: 11126K(1398272K)->11246K(1398272K)
[360.113s][info][gc,metaspace   ] GC(1510) Metaspace: 14387K(15424K)->14387K(15424K) NonClass: 12418K(13056K)->12418K(13056K) Class: 1969K(2368K)->1969K(2368K)
[360.113s][info][gc             ] GC(1510) Pause Young (Allocation Failure) 441M->11M(1787M) 3.060ms
[360.113s][info][gc,cpu         ] GC(1510) User=0.00s Sys=0.00s Real=0.00s
[360.406s][info][gc,start       ] GC(1511) Pause Young (Allocation Failure)
[360.409s][info][gc,heap        ] GC(1511) PSYoungGen: 431616K(431616K)->1024K(422400K) Eden: 430592K(430592K)->0K(421376K) From: 1024K(1024K)->1024K(1024K)
[360.409s][info][gc,heap        ] GC(1511) ParOldGen: 11246K(1398272K)->11342K(1398272K)
[360.409s][info][gc,metaspace   ] GC(1511) Metaspace: 14387K(15424K)->14387K(15424K) NonClass: 12418K(13056K)->12418K(13056K) Class: 1969K(2368K)->1969K(2368K)
[360.409s][info][gc             ] GC(1511) Pause Young (Allocation Failure) 432M->12M(1778M) 3.001ms
[360.409s][info][gc,cpu         ] GC(1511) User=0.00s Sys=0.00s Real=0.00s
[360.750s][info][gc,start       ] GC(1512) Pause Young (Allocation Failure)
[360.754s][info][gc,heap        ] GC(1512) PSYoungGen: 422400K(422400K)->1056K(413696K) Eden: 421376K(421376K)->0K(412160K) From: 1024K(1024K)->1056K(1536K)
[360.754s][info][gc,heap        ] GC(1512) ParOldGen: 11342K(1398272K)->11438K(1398272K)
[360.754s][info][gc,metaspace   ] GC(1512) Metaspace: 14387K(15424K)->14387K(15424K) NonClass: 12418K(13056K)->12418K(13056K) Class: 1969K(2368K)->1969K(2368K)
[360.754s][info][gc             ] GC(1512) Pause Young (Allocation Failure) 423M->12M(1769M) 3.901ms
[360.755s][info][gc,cpu         ] GC(1512) User=0.00s Sys=0.00s Real=0.00s
[361.061s][info][gc,start       ] GC(1513) Pause Young (Allocation Failure)
[361.063s][info][gc,heap        ] GC(1513) PSYoungGen: 413216K(413696K)->992K(404480K) Eden: 412160K(412160K)->0K(403456K) From: 1056K(1536K)->992K(1024K)
[361.064s][info][gc,heap        ] GC(1513) ParOldGen: 11438K(1398272K)->11558K(1398272K)
[361.064s][info][gc,metaspace   ] GC(1513) Metaspace: 14387K(15424K)->14387K(15424K) NonClass: 12418K(13056K)->12418K(13056K) Class: 1969K(2368K)->1969K(2368K)
[361.064s][info][gc             ] GC(1513) Pause Young (Allocation Failure) 414M->12M(1760M) 2.801ms
[361.064s][info][gc,cpu         ] GC(1513) User=0.00s Sys=0.00s Real=0.00s
[361.330s][info][gc,start       ] GC(1514) Pause Young (Allocation Failure)
[361.333s][info][gc,heap        ] GC(1514) PSYoungGen: 404448K(404480K)->1024K(395776K) Eden: 403456K(403456K)->0K(394752K) From: 992K(1024K)->1024K(1024K)
[361.333s][info][gc,heap        ] GC(1514) ParOldGen: 11558K(1398272K)->11670K(1398272K)
[361.333s][info][gc,metaspace   ] GC(1514) Metaspace: 14387K(15424K)->14387K(15424K) NonClass: 12418K(13056K)->12418K(13056K) Class: 1969K(2368K)->1969K(2368K)
[361.333s][info][gc             ] GC(1514) Pause Young (Allocation Failure) 406M->12M(1752M) 2.795ms
[361.333s][info][gc,cpu         ] GC(1514) User=0.00s Sys=0.00s Real=0.00s
[361.545s][info][gc,start       ] GC(1515) Pause Young (Allocation Failure)
[361.548s][info][gc,heap        ] GC(1515) PSYoungGen: 395776K(395776K)->800K(475136K) Eden: 394752K(394752K)->0K(474112K) From: 1024K(1024K)->800K(1024K)
[361.548s][info][gc,heap        ] GC(1515) ParOldGen: 11670K(1398272K)->11766K(1398272K)
[361.548s][info][gc,metaspace   ] GC(1515) Metaspace: 14387K(15424K)->14387K(15424K) NonClass: 12418K(13056K)->12418K(13056K) Class: 1969K(2368K)->1969K(2368K)
[361.548s][info][gc             ] GC(1515) Pause Young (Allocation Failure) 397M->12M(1829M) 2.805ms
[361.548s][info][gc,cpu         ] GC(1515) User=0.00s Sys=0.00s Real=0.00s
[361.922s][info][gc,start       ] GC(1516) Pause Young (System.gc())
[361.926s][info][gc,heap        ] GC(1516) PSYoungGen: 468390K(475136K)->576K(475136K) Eden: 467590K(474112K)->0K(474112K) From: 800K(1024K)->576K(1024K)
[361.926s][info][gc,heap        ] GC(1516) ParOldGen: 11766K(1398272K)->11838K(1398272K)
[361.926s][info][gc,metaspace   ] GC(1516) Metaspace: 14387K(15424K)->14387K(15424K) NonClass: 12418K(13056K)->12418K(13056K) Class: 1969K(2368K)->1969K(2368K)
[361.927s][info][gc             ] GC(1516) Pause Young (System.gc()) 468M->12M(1829M) 4.059ms
[361.927s][info][gc,cpu         ] GC(1516) User=0.00s Sys=0.00s Real=0.00s
[361.927s][info][gc,start       ] GC(1517) Pause Full (System.gc())
[361.927s][info][gc,phases,start] GC(1517) Marking Phase
[361.942s][info][gc,phases      ] GC(1517) Marking Phase 15.124ms
[361.942s][info][gc,phases,start] GC(1517) Summary Phase
[361.942s][info][gc,phases      ] GC(1517) Summary Phase 0.012ms
[361.942s][info][gc,phases,start] GC(1517) Adjust Roots
[361.947s][info][gc,phases      ] GC(1517) Adjust Roots 5.062ms
[361.947s][info][gc,phases,start] GC(1517) Compaction Phase
[361.949s][info][gc,phases      ] GC(1517) Compaction Phase 1.874ms
[361.949s][info][gc,phases,start] GC(1517) Post Compact
[361.949s][info][gc,phases      ] GC(1517) Post Compact 0.553ms
[361.949s][info][gc,heap        ] GC(1517) PSYoungGen: 576K(475136K)->0K(475136K) Eden: 0K(474112K)->0K(474112K) From: 576K(1024K)->0K(1024K)
[361.949s][info][gc,heap        ] GC(1517) ParOldGen: 11838K(1398272K)->5387K(1398272K)
[361.949s][info][gc,metaspace   ] GC(1517) Metaspace: 14387K(15424K)->14387K(15424K) NonClass: 12418K(13056K)->12418K(13056K) Class: 1969K(2368K)->1969K(2368K)
[361.950s][info][gc             ] GC(1517) Pause Full (System.gc()) 12M->5M(1829M) 22.899ms
[361.950s][info][gc,cpu         ] GC(1517) User=0.52s Sys=0.00s Real=0.02s
[362.339s][info][gc,start       ] GC(1518) Pause Young (Allocation Failure)
[362.343s][info][gc,heap        ] GC(1518) PSYoungGen: 474112K(475136K)->1536K(464896K) Eden: 474112K(474112K)->0K(463360K) From: 0K(1024K)->1536K(1536K)
[362.343s][info][gc,heap        ] GC(1518) ParOldGen: 5387K(1398272K)->5788K(1398272K)
[362.343s][info][gc,metaspace   ] GC(1518) Metaspace: 14387K(15424K)->14387K(15424K) NonClass: 12418K(13056K)->12418K(13056K) Class: 1969K(2368K)->1969K(2368K)
[362.343s][info][gc             ] GC(1518) Pause Young (Allocation Failure) 468M->7M(1819M) 3.594ms
[362.343s][info][gc,cpu         ] GC(1518) User=0.52s Sys=0.00s Real=0.00s
[362.643s][info][gc,start       ] GC(1519) Pause Young (Allocation Failure)
[362.646s][info][gc,heap        ] GC(1519) PSYoungGen: 464896K(464896K)->1056K(454144K) Eden: 463360K(463360K)->0K(452608K) From: 1536K(1536K)->1056K(1536K)
[362.646s][info][gc,heap        ] GC(1519) ParOldGen: 5788K(1398272K)->7071K(1398272K)
[362.646s][info][gc,metaspace   ] GC(1519) Metaspace: 14387K(15424K)->14387K(15424K) NonClass: 12418K(13056K)->12418K(13056K) Class: 1969K(2368K)->1969K(2368K)
[362.646s][info][gc             ] GC(1519) Pause Young (Allocation Failure) 459M->7M(1809M) 3.152ms
[362.646s][info][gc,cpu         ] GC(1519) User=0.00s Sys=0.00s Real=0.00s
[362.944s][info][gc,start       ] GC(1520) Pause Young (Allocation Failure)
[362.947s][info][gc,heap        ] GC(1520) PSYoungGen: 453664K(454144K)->512K(442880K) Eden: 452608K(452608K)->0K(442368K) From: 1056K(1536K)->512K(512K)
[362.947s][info][gc,heap        ] GC(1520) ParOldGen: 7071K(1398272K)->7263K(1398272K)
[362.947s][info][gc,metaspace   ] GC(1520) Metaspace: 14387K(15424K)->14387K(15424K) NonClass: 12418K(13056K)->12418K(13056K) Class: 1969K(2368K)->1969K(2368K)
[362.947s][info][gc             ] GC(1520) Pause Young (Allocation Failure) 449M->7M(1798M) 2.932ms
[362.947s][info][gc,cpu         ] GC(1520) User=0.00s Sys=0.00s Real=0.00s
[363.243s][info][gc,start       ] GC(1521) Pause Young (Allocation Failure)
[363.246s][info][gc,heap        ] GC(1521) PSYoungGen: 442880K(442880K)->1056K(434176K) Eden: 442368K(442368K)->0K(432640K) From: 512K(512K)->1056K(1536K)
[363.246s][info][gc,heap        ] GC(1521) ParOldGen: 7263K(1398272K)->7327K(1398272K)
[363.246s][info][gc,metaspace   ] GC(1521) Metaspace: 14387K(15424K)->14387K(15424K) NonClass: 12418K(13056K)->12418K(13056K) Class: 1969K(2368K)->1969K(2368K)
[363.246s][info][gc             ] GC(1521) Pause Young (Allocation Failure) 439M->8M(1789M) 2.981ms
[363.246s][info][gc,cpu         ] GC(1521) User=0.00s Sys=0.00s Real=0.00s
[363.617s][info][gc,start       ] GC(1522) Pause Young (Allocation Failure)
[363.620s][info][gc,heap        ] GC(1522) PSYoungGen: 433696K(434176K)->1024K(423936K) Eden: 432640K(432640K)->0K(422912K) From: 1056K(1536K)->1024K(1024K)
[363.620s][info][gc,heap        ] GC(1522) ParOldGen: 7327K(1398272K)->7431K(1398272K)
[363.620s][info][gc,metaspace   ] GC(1522) Metaspace: 14387K(15424K)->14387K(15424K) NonClass: 12418K(13056K)->12418K(13056K) Class: 1969K(2368K)->1969K(2368K)
[363.620s][info][gc             ] GC(1522) Pause Young (Allocation Failure) 430M->8M(1779M) 3.740ms
[363.621s][info][gc,cpu         ] GC(1522) User=0.00s Sys=0.00s Real=0.00s
[363.926s][info][gc,start       ] GC(1523) Pause Young (Allocation Failure)
[363.929s][info][gc,heap        ] GC(1523) PSYoungGen: 423936K(423936K)->1024K(414720K) Eden: 422912K(422912K)->0K(413696K) From: 1024K(1024K)->1024K(1024K)
[363.929s][info][gc,heap        ] GC(1523) ParOldGen: 7431K(1398272K)->7535K(1398272K)
[363.929s][info][gc,metaspace   ] GC(1523) Metaspace: 14387K(15424K)->14387K(15424K) NonClass: 12418K(13056K)->12418K(13056K) Class: 1969K(2368K)->1969K(2368K)
[363.929s][info][gc             ] GC(1523) Pause Young (Allocation Failure) 421M->8M(1770M) 2.804ms
[363.929s][info][gc,cpu         ] GC(1523) User=0.00s Sys=0.00s Real=0.00s
[364.209s][info][gc,start       ] GC(1524) Pause Young (Allocation Failure)
[364.211s][info][gc,heap        ] GC(1524) PSYoungGen: 414720K(414720K)->1024K(406016K) Eden: 413696K(413696K)->0K(404992K) From: 1024K(1024K)->1024K(1024K)
[364.211s][info][gc,heap        ] GC(1524) ParOldGen: 7535K(1398272K)->7631K(1398272K)
[364.211s][info][gc,metaspace   ] GC(1524) Metaspace: 14387K(15424K)->14387K(15424K) NonClass: 12418K(13056K)->12418K(13056K) Class: 1969K(2368K)->1969K(2368K)
[364.212s][info][gc             ] GC(1524) Pause Young (Allocation Failure) 412M->8M(1762M) 2.770ms
[364.212s][info][gc,cpu         ] GC(1524) User=0.00s Sys=0.00s Real=0.00s
[364.504s][info][gc,start       ] GC(1525) Pause Young (Allocation Failure)
[364.507s][info][gc,heap        ] GC(1525) PSYoungGen: 406016K(406016K)->1024K(397312K) Eden: 404992K(404992K)->0K(396288K) From: 1024K(1024K)->1024K(1024K)
[364.507s][info][gc,heap        ] GC(1525) ParOldGen: 7631K(1398272K)->7735K(1398272K)
[364.507s][info][gc,metaspace   ] GC(1525) Metaspace: 14387K(15424K)->14387K(15424K) NonClass: 12418K(13056K)->12418K(13056K) Class: 1969K(2368K)->1969K(2368K)
[364.507s][info][gc             ] GC(1525) Pause Young (Allocation Failure) 403M->8M(1753M) 2.663ms
[364.507s][info][gc,cpu         ] GC(1525) User=0.00s Sys=0.00s Real=0.00s
[364.775s][info][gc,start       ] GC(1526) Pause Young (Allocation Failure)
[364.777s][info][gc,heap        ] GC(1526) PSYoungGen: 397312K(397312K)->1024K(389120K) Eden: 396288K(396288K)->0K(388096K) From: 1024K(1024K)->1024K(1024K)
[364.777s][info][gc,heap        ] GC(1526) ParOldGen: 7735K(1398272K)->7887K(1398272K)
[364.777s][info][gc,metaspace   ] GC(1526) Metaspace: 14387K(15424K)->14387K(15424K) NonClass: 12418K(13056K)->12418K(13056K) Class: 1969K(2368K)->1969K(2368K)
[364.777s][info][gc             ] GC(1526) Pause Young (Allocation Failure) 395M->8M(1745M) 2.706ms
[364.777s][info][gc,cpu         ] GC(1526) User=0.00s Sys=0.00s Real=0.00s
[365.036s][info][gc,start       ] GC(1527) Pause Young (Allocation Failure)
[365.039s][info][gc,heap        ] GC(1527) PSYoungGen: 389120K(389120K)->1056K(381440K) Eden: 388096K(388096K)->0K(379904K) From: 1024K(1024K)->1056K(1536K)
[365.039s][info][gc,heap        ] GC(1527) ParOldGen: 7887K(1398272K)->7983K(1398272K)
[365.039s][info][gc,metaspace   ] GC(1527) Metaspace: 14387K(15424K)->14387K(15424K) NonClass: 12418K(13056K)->12418K(13056K) Class: 1969K(2368K)->1969K(2368K)
[365.039s][info][gc             ] GC(1527) Pause Young (Allocation Failure) 387M->8M(1738M) 2.733ms
[365.039s][info][gc,cpu         ] GC(1527) User=0.00s Sys=0.00s Real=0.00s
[365.296s][info][gc,start       ] GC(1528) Pause Young (Allocation Failure)
[365.299s][info][gc,heap        ] GC(1528) PSYoungGen: 380960K(381440K)->1024K(373248K) Eden: 379904K(379904K)->0K(372224K) From: 1056K(1536K)->1024K(1024K)
[365.299s][info][gc,heap        ] GC(1528) ParOldGen: 7983K(1398272K)->8087K(1398272K)
[365.299s][info][gc,metaspace   ] GC(1528) Metaspace: 14387K(15424K)->14387K(15424K) NonClass: 12418K(13056K)->12418K(13056K) Class: 1969K(2368K)->1969K(2368K)
[365.299s][info][gc             ] GC(1528) Pause Young (Allocation Failure) 379M->8M(1730M) 2.781ms
[365.299s][info][gc,cpu         ] GC(1528) User=0.00s Sys=0.00s Real=0.00s
[365.549s][info][gc,start       ] GC(1529) Pause Young (Allocation Failure)
[365.552s][info][gc,heap        ] GC(1529) PSYoungGen: 373248K(373248K)->1024K(365568K) Eden: 372224K(372224K)->0K(364544K) From: 1024K(1024K)->1024K(1024K)
[365.552s][info][gc,heap        ] GC(1529) ParOldGen: 8087K(1398272K)->8207K(1398272K)
[365.552s][info][gc,metaspace   ] GC(1529) Metaspace: 14387K(15424K)->14387K(15424K) NonClass: 12418K(13056K)->12418K(13056K) Class: 1969K(2368K)->1969K(2368K)
[365.552s][info][gc             ] GC(1529) Pause Young (Allocation Failure) 372M->9M(1722M) 2.787ms
[365.552s][info][gc,cpu         ] GC(1529) User=0.00s Sys=0.00s Real=0.00s
[365.798s][info][gc,start       ] GC(1530) Pause Young (Allocation Failure)
[365.801s][info][gc,heap        ] GC(1530) PSYoungGen: 365568K(365568K)->1024K(358400K) Eden: 364544K(364544K)->0K(357376K) From: 1024K(1024K)->1024K(1024K)
[365.801s][info][gc,heap        ] GC(1530) ParOldGen: 8207K(1398272K)->8311K(1398272K)
[365.801s][info][gc,metaspace   ] GC(1530) Metaspace: 14387K(15424K)->14387K(15424K) NonClass: 12418K(13056K)->12418K(13056K) Class: 1969K(2368K)->1969K(2368K)
[365.801s][info][gc             ] GC(1530) Pause Young (Allocation Failure) 365M->9M(1715M) 2.962ms
[365.801s][info][gc,cpu         ] GC(1530) User=0.00s Sys=0.00s Real=0.00s
[366.040s][info][gc,start       ] GC(1531) Pause Young (Allocation Failure)
[366.043s][info][gc,heap        ] GC(1531) PSYoungGen: 358400K(358400K)->1056K(430592K) Eden: 357376K(357376K)->0K(429056K) From: 1024K(1024K)->1056K(1536K)
[366.043s][info][gc,heap        ] GC(1531) ParOldGen: 8311K(1398272K)->8375K(1398272K)
[366.043s][info][gc,metaspace   ] GC(1531) Metaspace: 14387K(15424K)->14387K(15424K) NonClass: 12418K(13056K)->12418K(13056K) Class: 1969K(2368K)->1969K(2368K)
[366.043s][info][gc             ] GC(1531) Pause Young (Allocation Failure) 358M->9M(1786M) 2.849ms
[366.043s][info][gc,cpu         ] GC(1531) User=0.00s Sys=0.00s Real=0.00s
[366.403s][info][gc,start       ] GC(1532) Pause Young (Allocation Failure)
[366.406s][info][gc,heap        ] GC(1532) PSYoungGen: 430112K(430592K)->1024K(420864K) Eden: 429056K(429056K)->0K(419840K) From: 1056K(1536K)->1024K(1024K)
[366.406s][info][gc,heap        ] GC(1532) ParOldGen: 8375K(1398272K)->8463K(1398272K)
[366.406s][info][gc,metaspace   ] GC(1532) Metaspace: 14387K(15424K)->14387K(15424K) NonClass: 12418K(13056K)->12418K(13056K) Class: 1969K(2368K)->1969K(2368K)
[366.406s][info][gc             ] GC(1532) Pause Young (Allocation Failure) 428M->9M(1776M) 3.581ms
[366.406s][info][gc,cpu         ] GC(1532) User=0.00s Sys=0.00s Real=0.00s
[366.707s][info][gc,start       ] GC(1533) Pause Young (Allocation Failure)
[366.709s][info][gc,heap        ] GC(1533) PSYoungGen: 420864K(420864K)->1024K(411648K) Eden: 419840K(419840K)->0K(410624K) From: 1024K(1024K)->1024K(1024K)
[366.709s][info][gc,heap        ] GC(1533) ParOldGen: 8463K(1398272K)->8575K(1398272K)
[366.709s][info][gc,metaspace   ] GC(1533) Metaspace: 14387K(15424K)->14387K(15424K) NonClass: 12418K(13056K)->12418K(13056K) Class: 1969K(2368K)->1969K(2368K)
[366.709s][info][gc             ] GC(1533) Pause Young (Allocation Failure) 419M->9M(1767M) 2.710ms
[366.709s][info][gc,cpu         ] GC(1533) User=0.00s Sys=0.00s Real=0.00s
[367.014s][info][gc,start       ] GC(1534) Pause Young (Allocation Failure)
[367.016s][info][gc,heap        ] GC(1534) PSYoungGen: 411648K(411648K)->1024K(402944K) Eden: 410624K(410624K)->0K(401920K) From: 1024K(1024K)->1024K(1024K)
[367.016s][info][gc,heap        ] GC(1534) ParOldGen: 8575K(1398272K)->8695K(1398272K)
[367.016s][info][gc,metaspace   ] GC(1534) Metaspace: 14387K(15424K)->14387K(15424K) NonClass: 12418K(13056K)->12418K(13056K) Class: 1969K(2368K)->1969K(2368K)
[367.016s][info][gc             ] GC(1534) Pause Young (Allocation Failure) 410M->9M(1759M) 2.630ms
[367.017s][info][gc,cpu         ] GC(1534) User=0.00s Sys=0.00s Real=0.00s
[367.284s][info][gc,start       ] GC(1535) Pause Young (Allocation Failure)
[367.287s][info][gc,heap        ] GC(1535) PSYoungGen: 402944K(402944K)->1056K(394752K) Eden: 401920K(401920K)->0K(393216K) From: 1024K(1024K)->1056K(1536K)
[367.287s][info][gc,heap        ] GC(1535) ParOldGen: 8695K(1398272K)->8799K(1398272K)
[367.287s][info][gc,metaspace   ] GC(1535) Metaspace: 14387K(15424K)->14387K(15424K) NonClass: 12418K(13056K)->12418K(13056K) Class: 1969K(2368K)->1969K(2368K)
[367.287s][info][gc             ] GC(1535) Pause Young (Allocation Failure) 401M->9M(1751M) 2.671ms
[367.287s][info][gc,cpu         ] GC(1535) User=0.00s Sys=0.00s Real=0.00s
[367.549s][info][gc,start       ] GC(1536) Pause Young (Allocation Failure)
[367.552s][info][gc,heap        ] GC(1536) PSYoungGen: 394272K(394752K)->1024K(386048K) Eden: 393216K(393216K)->0K(385024K) From: 1056K(1536K)->1024K(1024K)
[367.552s][info][gc,heap        ] GC(1536) ParOldGen: 8799K(1398272K)->8887K(1398272K)
[367.552s][info][gc,metaspace   ] GC(1536) Metaspace: 14387K(15424K)->14387K(15424K) NonClass: 12418K(13056K)->12418K(13056K) Class: 1969K(2368K)->1969K(2368K)
[367.552s][info][gc             ] GC(1536) Pause Young (Allocation Failure) 393M->9M(1742M) 2.599ms
[367.552s][info][gc,cpu         ] GC(1536) User=0.00s Sys=0.00s Real=0.00s
[367.807s][info][gc,start       ] GC(1537) Pause Young (Allocation Failure)
[367.810s][info][gc,heap        ] GC(1537) PSYoungGen: 386048K(386048K)->1024K(378368K) Eden: 385024K(385024K)->0K(377344K) From: 1024K(1024K)->1024K(1024K)
[367.810s][info][gc,heap        ] GC(1537) ParOldGen: 8887K(1398272K)->8983K(1398272K)
[367.810s][info][gc,metaspace   ] GC(1537) Metaspace: 14387K(15424K)->14387K(15424K) NonClass: 12418K(13056K)->12418K(13056K) Class: 1969K(2368K)->1969K(2368K)
[367.810s][info][gc             ] GC(1537) Pause Young (Allocation Failure) 385M->9M(1735M) 2.654ms
[367.810s][info][gc,cpu         ] GC(1537) User=0.00s Sys=0.00s Real=0.00s
[368.064s][info][gc,start       ] GC(1538) Pause Young (Allocation Failure)
[368.066s][info][gc,heap        ] GC(1538) PSYoungGen: 378368K(378368K)->1024K(370688K) Eden: 377344K(377344K)->0K(369664K) From: 1024K(1024K)->1024K(1024K)
[368.066s][info][gc,heap        ] GC(1538) ParOldGen: 8983K(1398272K)->9111K(1398272K)
[368.066s][info][gc,metaspace   ] GC(1538) Metaspace: 14387K(15424K)->14387K(15424K) NonClass: 12418K(13056K)->12418K(13056K) Class: 1969K(2368K)->1969K(2368K)
[368.066s][info][gc             ] GC(1538) Pause Young (Allocation Failure) 378M->9M(1727M) 2.652ms
[368.066s][info][gc,cpu         ] GC(1538) User=0.00s Sys=0.00s Real=0.00s
[368.312s][info][gc,start       ] GC(1539) Pause Young (Allocation Failure)
[368.314s][info][gc,heap        ] GC(1539) PSYoungGen: 370688K(370688K)->1056K(364032K) Eden: 369664K(369664K)->0K(362496K) From: 1024K(1024K)->1056K(1536K)
[368.314s][info][gc,heap        ] GC(1539) ParOldGen: 9111K(1398272K)->9199K(1398272K)
[368.314s][info][gc,metaspace   ] GC(1539) Metaspace: 14387K(15424K)->14387K(15424K) NonClass: 12418K(13056K)->12418K(13056K) Class: 1969K(2368K)->1969K(2368K)
[368.314s][info][gc             ] GC(1539) Pause Young (Allocation Failure) 370M->10M(1721M) 2.726ms
[368.314s][info][gc,cpu         ] GC(1539) User=0.00s Sys=0.00s Real=0.00s
[368.556s][info][gc,start       ] GC(1540) Pause Young (Allocation Failure)
[368.559s][info][gc,heap        ] GC(1540) PSYoungGen: 363552K(364032K)->1024K(356352K) Eden: 362496K(362496K)->0K(355328K) From: 1056K(1536K)->1024K(1024K)
[368.559s][info][gc,heap        ] GC(1540) ParOldGen: 9199K(1398272K)->9303K(1398272K)
[368.559s][info][gc,metaspace   ] GC(1540) Metaspace: 14387K(15424K)->14387K(15424K) NonClass: 12418K(13056K)->12418K(13056K) Class: 1969K(2368K)->1969K(2368K)
[368.559s][info][gc             ] GC(1540) Pause Young (Allocation Failure) 364M->10M(1713M) 2.687ms
[368.559s][info][gc,cpu         ] GC(1540) User=0.00s Sys=0.00s Real=0.00s
[368.797s][info][gc,start       ] GC(1541) Pause Young (Allocation Failure)
[368.799s][info][gc,heap        ] GC(1541) PSYoungGen: 356352K(356352K)->1024K(427520K) Eden: 355328K(355328K)->0K(426496K) From: 1024K(1024K)->1024K(1024K)
[368.799s][info][gc,heap        ] GC(1541) ParOldGen: 9303K(1398272K)->9415K(1398272K)
[368.799s][info][gc,metaspace   ] GC(1541) Metaspace: 14387K(15424K)->14387K(15424K) NonClass: 12418K(13056K)->12418K(13056K) Class: 1969K(2368K)->1969K(2368K)
[368.799s][info][gc             ] GC(1541) Pause Young (Allocation Failure) 357M->10M(1783M) 2.849ms
[368.799s][info][gc,cpu         ] GC(1541) User=0.00s Sys=0.00s Real=0.00s
[369.087s][info][gc,start       ] GC(1542) Pause Young (Allocation Failure)
[369.090s][info][gc,heap        ] GC(1542) PSYoungGen: 427520K(427520K)->1024K(418304K) Eden: 426496K(426496K)->0K(417280K) From: 1024K(1024K)->1024K(1024K)
[369.090s][info][gc,heap        ] GC(1542) ParOldGen: 9415K(1398272K)->9519K(1398272K)
[369.090s][info][gc,metaspace   ] GC(1542) Metaspace: 14387K(15424K)->14387K(15424K) NonClass: 12418K(13056K)->12418K(13056K) Class: 1969K(2368K)->1969K(2368K)
[369.090s][info][gc             ] GC(1542) Pause Young (Allocation Failure) 426M->10M(1774M) 2.926ms
[369.090s][info][gc,cpu         ] GC(1542) User=0.00s Sys=0.00s Real=0.00s
[369.372s][info][gc,start       ] GC(1543) Pause Young (Allocation Failure)
[369.375s][info][gc,heap        ] GC(1543) PSYoungGen: 418304K(418304K)->1056K(409600K) Eden: 417280K(417280K)->0K(408064K) From: 1024K(1024K)->1056K(1536K)
[369.375s][info][gc,heap        ] GC(1543) ParOldGen: 9519K(1398272K)->9607K(1398272K)
[369.375s][info][gc,metaspace   ] GC(1543) Metaspace: 14387K(15424K)->14387K(15424K) NonClass: 12418K(13056K)->12418K(13056K) Class: 1969K(2368K)->1969K(2368K)
[369.375s][info][gc             ] GC(1543) Pause Young (Allocation Failure) 417M->10M(1765M) 2.967ms
[369.375s][info][gc,cpu         ] GC(1543) User=0.52s Sys=0.00s Real=0.00s
[369.650s][info][gc,start       ] GC(1544) Pause Young (Allocation Failure)
[369.653s][info][gc,heap        ] GC(1544) PSYoungGen: 409120K(409600K)->1024K(400384K) Eden: 408064K(408064K)->0K(399360K) From: 1056K(1536K)->1024K(1024K)
[369.653s][info][gc,heap        ] GC(1544) ParOldGen: 9607K(1398272K)->9759K(1398272K)
[369.653s][info][gc,metaspace   ] GC(1544) Metaspace: 14387K(15424K)->14387K(15424K) NonClass: 12418K(13056K)->12418K(13056K) Class: 1969K(2368K)->1969K(2368K)
[369.653s][info][gc             ] GC(1544) Pause Young (Allocation Failure) 408M->10M(1756M) 2.930ms
[369.653s][info][gc,cpu         ] GC(1544) User=0.00s Sys=0.00s Real=0.00s
[369.922s][info][gc,start       ] GC(1545) Pause Young (Allocation Failure)
[369.925s][info][gc,heap        ] GC(1545) PSYoungGen: 400384K(400384K)->1024K(392192K) Eden: 399360K(399360K)->0K(391168K) From: 1024K(1024K)->1024K(1024K)
[369.925s][info][gc,heap        ] GC(1545) ParOldGen: 9759K(1398272K)->9895K(1398272K)
[369.925s][info][gc,metaspace   ] GC(1545) Metaspace: 14387K(15424K)->14387K(15424K) NonClass: 12418K(13056K)->12418K(13056K) Class: 1969K(2368K)->1969K(2368K)
[369.925s][info][gc             ] GC(1545) Pause Young (Allocation Failure) 400M->10M(1748M) 2.967ms
[369.925s][info][gc,cpu         ] GC(1545) User=0.00s Sys=0.00s Real=0.00s
[370.251s][info][gc,start       ] GC(1546) Pause Young (Allocation Failure)
[370.254s][info][gc,heap        ] GC(1546) PSYoungGen: 392192K(392192K)->1024K(470528K) Eden: 391168K(391168K)->0K(469504K) From: 1024K(1024K)->1024K(1024K)
[370.254s][info][gc,heap        ] GC(1546) ParOldGen: 9895K(1398272K)->10031K(1398272K)
[370.254s][info][gc,metaspace   ] GC(1546) Metaspace: 14387K(15424K)->14387K(15424K) NonClass: 12418K(13056K)->12418K(13056K) Class: 1969K(2368K)->1969K(2368K)
[370.255s][info][gc             ] GC(1546) Pause Young (Allocation Failure) 392M->10M(1825M) 3.707ms
[370.255s][info][gc,cpu         ] GC(1546) User=0.00s Sys=0.00s Real=0.00s
[370.592s][info][gc,start       ] GC(1547) Pause Young (Allocation Failure)
[370.595s][info][gc,heap        ] GC(1547) PSYoungGen: 470528K(470528K)->1056K(460288K) Eden: 469504K(469504K)->0K(458752K) From: 1024K(1024K)->1056K(1536K)
[370.595s][info][gc,heap        ] GC(1547) ParOldGen: 10031K(1398272K)->10111K(1398272K)
[370.595s][info][gc,metaspace   ] GC(1547) Metaspace: 14387K(15424K)->14387K(15424K) NonClass: 12418K(13056K)->12418K(13056K) Class: 1969K(2368K)->1969K(2368K)
[370.595s][info][gc             ] GC(1547) Pause Young (Allocation Failure) 469M->10M(1815M) 2.820ms
[370.595s][info][gc,cpu         ] GC(1547) User=0.00s Sys=0.00s Real=0.00s
[370.924s][info][gc,start       ] GC(1548) Pause Young (Allocation Failure)
[370.927s][info][gc,heap        ] GC(1548) PSYoungGen: 459808K(460288K)->992K(449536K) Eden: 458752K(458752K)->0K(448512K) From: 1056K(1536K)->992K(1024K)
[370.927s][info][gc,heap        ] GC(1548) ParOldGen: 10111K(1398272K)->10247K(1398272K)
[370.927s][info][gc,metaspace   ] GC(1548) Metaspace: 14387K(15424K)->14387K(15424K) NonClass: 12418K(13056K)->12418K(13056K) Class: 1969K(2368K)->1969K(2368K)
[370.927s][info][gc             ] GC(1548) Pause Young (Allocation Failure) 458M->10M(1804M) 2.710ms
[370.927s][info][gc,cpu         ] GC(1548) User=0.00s Sys=0.00s Real=0.00s
[371.229s][info][gc,start       ] GC(1549) Pause Young (Allocation Failure)
[371.231s][info][gc,heap        ] GC(1549) PSYoungGen: 449504K(449536K)->1024K(439296K) Eden: 448512K(448512K)->0K(438272K) From: 992K(1024K)->1024K(1024K)
[371.232s][info][gc,heap        ] GC(1549) ParOldGen: 10247K(1398272K)->10383K(1398272K)
[371.232s][info][gc,metaspace   ] GC(1549) Metaspace: 14387K(15424K)->14387K(15424K) NonClass: 12418K(13056K)->12418K(13056K) Class: 1969K(2368K)->1969K(2368K)
[371.232s][info][gc             ] GC(1549) Pause Young (Allocation Failure) 448M->11M(1794M) 2.878ms
[371.232s][info][gc,cpu         ] GC(1549) User=0.00s Sys=0.00s Real=0.00s
[371.521s][info][gc,start       ] GC(1550) Pause Young (Allocation Failure)
[371.524s][info][gc,heap        ] GC(1550) PSYoungGen: 439296K(439296K)->1024K(429568K) Eden: 438272K(438272K)->0K(428544K) From: 1024K(1024K)->1024K(1024K)
[371.524s][info][gc,heap        ] GC(1550) ParOldGen: 10383K(1398272K)->10503K(1398272K)
[371.524s][info][gc,metaspace   ] GC(1550) Metaspace: 14387K(15424K)->14387K(15424K) NonClass: 12418K(13056K)->12418K(13056K) Class: 1969K(2368K)->1969K(2368K)
[371.524s][info][gc             ] GC(1550) Pause Young (Allocation Failure) 439M->11M(1785M) 2.786ms
[371.524s][info][gc,cpu         ] GC(1550) User=0.00s Sys=0.00s Real=0.00s
[371.807s][info][gc,start       ] GC(1551) Pause Young (Allocation Failure)
[371.810s][info][gc,heap        ] GC(1551) PSYoungGen: 429568K(429568K)->1056K(420864K) Eden: 428544K(428544K)->0K(419328K) From: 1024K(1024K)->1056K(1536K)
[371.810s][info][gc,heap        ] GC(1551) ParOldGen: 10503K(1398272K)->10591K(1398272K)
[371.810s][info][gc,metaspace   ] GC(1551) Metaspace: 14387K(15424K)->14387K(15424K) NonClass: 12418K(13056K)->12418K(13056K) Class: 1969K(2368K)->1969K(2368K)
[371.810s][info][gc             ] GC(1551) Pause Young (Allocation Failure) 429M->11M(1776M) 2.822ms
[371.810s][info][gc,cpu         ] GC(1551) User=0.00s Sys=0.00s Real=0.00s
[372.091s][info][gc,start       ] GC(1552) Pause Young (Allocation Failure)
[372.093s][info][gc,heap        ] GC(1552) PSYoungGen: 420383K(420864K)->992K(411136K) Eden: 419327K(419328K)->0K(410112K) From: 1056K(1536K)->992K(1024K)
[372.093s][info][gc,heap        ] GC(1552) ParOldGen: 10591K(1398272K)->10703K(1398272K)
[372.093s][info][gc,metaspace   ] GC(1552) Metaspace: 14387K(15424K)->14387K(15424K) NonClass: 12418K(13056K)->12418K(13056K) Class: 1969K(2368K)->1969K(2368K)
[372.093s][info][gc             ] GC(1552) Pause Young (Allocation Failure) 420M->11M(1767M) 2.851ms
[372.093s][info][gc,cpu         ] GC(1552) User=0.52s Sys=0.00s Real=0.00s
[372.364s][info][gc,start       ] GC(1553) Pause Young (Allocation Failure)
[372.367s][info][gc,heap        ] GC(1553) PSYoungGen: 411104K(411136K)->1024K(402432K) Eden: 410112K(410112K)->0K(401408K) From: 992K(1024K)->1024K(1024K)
[372.367s][info][gc,heap        ] GC(1553) ParOldGen: 10703K(1398272K)->10843K(1398272K)
[372.367s][info][gc,metaspace   ] GC(1553) Metaspace: 14387K(15424K)->14387K(15424K) NonClass: 12418K(13056K)->12418K(13056K) Class: 1969K(2368K)->1969K(2368K)
[372.367s][info][gc             ] GC(1553) Pause Young (Allocation Failure) 411M->11M(1758M) 2.935ms
[372.367s][info][gc,cpu         ] GC(1553) User=0.00s Sys=0.00s Real=0.00s
[372.636s][info][gc,start       ] GC(1554) Pause Young (Allocation Failure)
[372.639s][info][gc,heap        ] GC(1554) PSYoungGen: 402432K(402432K)->992K(394240K) Eden: 401408K(401408K)->0K(393216K) From: 1024K(1024K)->992K(1024K)
[372.639s][info][gc,heap        ] GC(1554) ParOldGen: 10843K(1398272K)->10947K(1398272K)
[372.639s][info][gc,metaspace   ] GC(1554) Metaspace: 14387K(15424K)->14387K(15424K) NonClass: 12418K(13056K)->12418K(13056K) Class: 1969K(2368K)->1969K(2368K)
[372.639s][info][gc             ] GC(1554) Pause Young (Allocation Failure) 403M->11M(1750M) 2.907ms
[372.639s][info][gc,cpu         ] GC(1554) User=0.00s Sys=0.00s Real=0.00s
[372.903s][info][gc,start       ] GC(1555) Pause Young (Allocation Failure)
[372.915s][info][gc,heap        ] GC(1555) PSYoungGen: 394208K(394240K)->1056K(386560K) Eden: 393216K(393216K)->0K(385024K) From: 992K(1024K)->1056K(1536K)
[372.915s][info][gc,heap        ] GC(1555) ParOldGen: 10947K(1398272K)->11051K(1398272K)
[372.915s][info][gc,metaspace   ] GC(1555) Metaspace: 14387K(15424K)->14387K(15424K) NonClass: 12418K(13056K)->12418K(13056K) Class: 1969K(2368K)->1969K(2368K)
[372.915s][info][gc             ] GC(1555) Pause Young (Allocation Failure) 395M->11M(1743M) 11.732ms
[372.915s][info][gc,cpu         ] GC(1555) User=0.00s Sys=0.00s Real=0.01s
[373.176s][info][gc,start       ] GC(1556) Pause Young (Allocation Failure)
[373.179s][info][gc,heap        ] GC(1556) PSYoungGen: 386080K(386560K)->1024K(378368K) Eden: 385024K(385024K)->0K(377344K) From: 1056K(1536K)->1024K(1024K)
[373.179s][info][gc,heap        ] GC(1556) ParOldGen: 11051K(1398272K)->11171K(1398272K)
[373.179s][info][gc,metaspace   ] GC(1556) Metaspace: 14387K(15424K)->14387K(15424K) NonClass: 12418K(13056K)->12418K(13056K) Class: 1969K(2368K)->1969K(2368K)
[373.179s][info][gc             ] GC(1556) Pause Young (Allocation Failure) 387M->11M(1735M) 2.913ms
[373.179s][info][gc,cpu         ] GC(1556) User=0.00s Sys=0.00s Real=0.00s
[373.451s][info][gc,start       ] GC(1557) Pause Young (Allocation Failure)
[373.453s][info][gc,heap        ] GC(1557) PSYoungGen: 378368K(378368K)->1024K(370688K) Eden: 377344K(377344K)->0K(369664K) From: 1024K(1024K)->1024K(1024K)
[373.453s][info][gc,heap        ] GC(1557) ParOldGen: 11171K(1398272K)->11275K(1398272K)
[373.453s][info][gc,metaspace   ] GC(1557) Metaspace: 14387K(15424K)->14387K(15424K) NonClass: 12418K(13056K)->12418K(13056K) Class: 1969K(2368K)->1969K(2368K)
[373.453s][info][gc             ] GC(1557) Pause Young (Allocation Failure) 380M->12M(1727M) 2.745ms
[373.453s][info][gc,cpu         ] GC(1557) User=0.00s Sys=0.00s Real=0.00s
[373.715s][info][gc,start       ] GC(1558) Pause Young (Allocation Failure)
[373.717s][info][gc,heap        ] GC(1558) PSYoungGen: 370688K(370688K)->1024K(363520K) Eden: 369664K(369664K)->0K(362496K) From: 1024K(1024K)->1024K(1024K)
[373.717s][info][gc,heap        ] GC(1558) ParOldGen: 11275K(1398272K)->11363K(1398272K)
[373.717s][info][gc,metaspace   ] GC(1558) Metaspace: 14387K(15424K)->14387K(15424K) NonClass: 12418K(13056K)->12418K(13056K) Class: 1969K(2368K)->1969K(2368K)
[373.717s][info][gc             ] GC(1558) Pause Young (Allocation Failure) 373M->12M(1720M) 2.618ms
[373.717s][info][gc,cpu         ] GC(1558) User=0.00s Sys=0.00s Real=0.00s
[373.949s][info][gc,start       ] GC(1559) Pause Young (Allocation Failure)
[373.952s][info][gc,heap        ] GC(1559) PSYoungGen: 363520K(363520K)->1024K(356352K) Eden: 362496K(362496K)->0K(355328K) From: 1024K(1024K)->1024K(1024K)
[373.952s][info][gc,heap        ] GC(1559) ParOldGen: 11363K(1398272K)->11443K(1398272K)
[373.952s][info][gc,metaspace   ] GC(1559) Metaspace: 14387K(15424K)->14387K(15424K) NonClass: 12418K(13056K)->12418K(13056K) Class: 1969K(2368K)->1969K(2368K)
[373.952s][info][gc             ] GC(1559) Pause Young (Allocation Failure) 366M->12M(1713M) 2.688ms
[373.952s][info][gc,cpu         ] GC(1559) User=0.52s Sys=0.00s Real=0.00s
[374.173s][info][gc,start       ] GC(1560) Pause Young (Allocation Failure)
[374.175s][info][gc,heap        ] GC(1560) PSYoungGen: 356352K(356352K)->1024K(427520K) Eden: 355328K(355328K)->0K(426496K) From: 1024K(1024K)->1024K(1024K)
[374.175s][info][gc,heap        ] GC(1560) ParOldGen: 11443K(1398272K)->11563K(1398272K)
[374.175s][info][gc,metaspace   ] GC(1560) Metaspace: 14387K(15424K)->14387K(15424K) NonClass: 12418K(13056K)->12418K(13056K) Class: 1969K(2368K)->1969K(2368K)
[374.175s][info][gc             ] GC(1560) Pause Young (Allocation Failure) 359M->12M(1783M) 2.722ms
[374.175s][info][gc,cpu         ] GC(1560) User=0.00s Sys=0.00s Real=0.00s
[374.388s][info][gc,start       ] GC(1561) Pause Young (Allocation Failure)
[374.391s][info][gc,heap        ] GC(1561) PSYoungGen: 427520K(427520K)->832K(477184K) Eden: 426496K(426496K)->0K(475648K) From: 1024K(1024K)->832K(1536K)
[374.391s][info][gc,heap        ] GC(1561) ParOldGen: 11563K(1398272K)->11627K(1398272K)
[374.391s][info][gc,metaspace   ] GC(1561) Metaspace: 14387K(15424K)->14387K(15424K) NonClass: 12418K(13056K)->12418K(13056K) Class: 1969K(2368K)->1969K(2368K)
[374.391s][info][gc             ] GC(1561) Pause Young (Allocation Failure) 428M->12M(1831M) 3.119ms
[374.391s][info][gc,cpu         ] GC(1561) User=0.00s Sys=0.00s Real=0.00s
[374.620s][info][gc,start       ] GC(1562) Pause Young (System.gc())
[374.623s][info][gc,heap        ] GC(1562) PSYoungGen: 250923K(477184K)->512K(513536K) Eden: 250091K(475648K)->0K(512000K) From: 832K(1536K)->512K(1536K)
[374.623s][info][gc,heap        ] GC(1562) ParOldGen: 11627K(1398272K)->11707K(1398272K)
[374.623s][info][gc,metaspace   ] GC(1562) Metaspace: 14387K(15424K)->14387K(15424K) NonClass: 12418K(13056K)->12418K(13056K) Class: 1969K(2368K)->1969K(2368K)
[374.623s][info][gc             ] GC(1562) Pause Young (System.gc()) 256M->11M(1867M) 3.578ms
[374.623s][info][gc,cpu         ] GC(1562) User=0.00s Sys=0.00s Real=0.00s
[374.623s][info][gc,start       ] GC(1563) Pause Full (System.gc())
[374.623s][info][gc,phases,start] GC(1563) Marking Phase
[374.638s][info][gc,phases      ] GC(1563) Marking Phase 14.800ms
[374.638s][info][gc,phases,start] GC(1563) Summary Phase
[374.638s][info][gc,phases      ] GC(1563) Summary Phase 0.023ms
[374.638s][info][gc,phases,start] GC(1563) Adjust Roots
[374.644s][info][gc,phases      ] GC(1563) Adjust Roots 6.134ms
[374.644s][info][gc,phases,start] GC(1563) Compaction Phase
[374.646s][info][gc,phases      ] GC(1563) Compaction Phase 1.753ms
[374.646s][info][gc,phases,start] GC(1563) Post Compact
[374.647s][info][gc,phases      ] GC(1563) Post Compact 0.560ms
[374.647s][info][gc,heap        ] GC(1563) PSYoungGen: 512K(513536K)->0K(513536K) Eden: 0K(512000K)->0K(512000K) From: 512K(1536K)->0K(1536K)
[374.647s][info][gc,heap        ] GC(1563) ParOldGen: 11707K(1398272K)->5387K(1398272K)
[374.647s][info][gc,metaspace   ] GC(1563) Metaspace: 14387K(15424K)->14387K(15424K) NonClass: 12418K(13056K)->12418K(13056K) Class: 1969K(2368K)->1969K(2368K)
[374.647s][info][gc             ] GC(1563) Pause Full (System.gc()) 11M->5M(1867M) 23.567ms
[374.647s][info][gc,cpu         ] GC(1563) User=0.02s Sys=0.00s Real=0.01s
[375.069s][info][gc,start       ] GC(1564) Pause Young (Allocation Failure)
[375.073s][info][gc,heap        ] GC(1564) PSYoungGen: 512000K(513536K)->1536K(513536K) Eden: 512000K(512000K)->0K(512000K) From: 0K(1536K)->1536K(1536K)
[375.073s][info][gc,heap        ] GC(1564) ParOldGen: 5387K(1398272K)->5795K(1398272K)
[375.073s][info][gc,metaspace   ] GC(1564) Metaspace: 14387K(15424K)->14387K(15424K) NonClass: 12418K(13056K)->12418K(13056K) Class: 1969K(2368K)->1969K(2368K)
[375.073s][info][gc             ] GC(1564) Pause Young (Allocation Failure) 505M->7M(1867M) 4.044ms
[375.073s][info][gc,cpu         ] GC(1564) User=0.00s Sys=0.00s Real=0.00s
[375.392s][info][gc,start       ] GC(1565) Pause Young (Allocation Failure)
[375.395s][info][gc,heap        ] GC(1565) PSYoungGen: 513536K(513536K)->1056K(501248K) Eden: 512000K(512000K)->0K(499712K) From: 1536K(1536K)->1056K(1536K)
[375.395s][info][gc,heap        ] GC(1565) ParOldGen: 5795K(1398272K)->7125K(1398272K)
[375.395s][info][gc,metaspace   ] GC(1565) Metaspace: 14387K(15424K)->14387K(15424K) NonClass: 12418K(13056K)->12418K(13056K) Class: 1969K(2368K)->1969K(2368K)
[375.395s][info][gc             ] GC(1565) Pause Young (Allocation Failure) 507M->7M(1855M) 3.022ms
[375.395s][info][gc,cpu         ] GC(1565) User=0.00s Sys=0.00s Real=0.00s
[375.728s][info][gc,start       ] GC(1566) Pause Young (Allocation Failure)
[375.731s][info][gc,heap        ] GC(1566) PSYoungGen: 500768K(501248K)->1056K(489472K) Eden: 499712K(499712K)->0K(487936K) From: 1056K(1536K)->1056K(1536K)
[375.731s][info][gc,heap        ] GC(1566) ParOldGen: 7125K(1398272K)->7229K(1398272K)
[375.731s][info][gc,metaspace   ] GC(1566) Metaspace: 14387K(15424K)->14387K(15424K) NonClass: 12418K(13056K)->12418K(13056K) Class: 1969K(2368K)->1969K(2368K)
[375.731s][info][gc             ] GC(1566) Pause Young (Allocation Failure) 495M->8M(1843M) 3.062ms
[375.731s][info][gc,cpu         ] GC(1566) User=0.00s Sys=0.00s Real=0.00s
[376.060s][info][gc,start       ] GC(1567) Pause Young (Allocation Failure)
[376.063s][info][gc,heap        ] GC(1567) PSYoungGen: 488992K(489472K)->512K(477184K) Eden: 487936K(487936K)->0K(476672K) From: 1056K(1536K)->512K(512K)
[376.063s][info][gc,heap        ] GC(1567) ParOldGen: 7229K(1398272K)->7469K(1398272K)
[376.063s][info][gc,metaspace   ] GC(1567) Metaspace: 14387K(15424K)->14387K(15424K) NonClass: 12418K(13056K)->12418K(13056K) Class: 1969K(2368K)->1969K(2368K)
[376.063s][info][gc             ] GC(1567) Pause Young (Allocation Failure) 484M->7M(1831M) 2.971ms
[376.063s][info][gc,cpu         ] GC(1567) User=0.52s Sys=0.00s Real=0.00s
[376.426s][info][gc,start       ] GC(1568) Pause Young (Allocation Failure)
[376.429s][info][gc,heap        ] GC(1568) PSYoungGen: 477184K(477184K)->1056K(466944K) Eden: 476672K(476672K)->0K(465408K) From: 512K(512K)->1056K(1536K)
[376.429s][info][gc,heap        ] GC(1568) ParOldGen: 7469K(1398272K)->7517K(1398272K)
[376.429s][info][gc,metaspace   ] GC(1568) Metaspace: 14387K(15424K)->14387K(15424K) NonClass: 12418K(13056K)->12418K(13056K) Class: 1969K(2368K)->1969K(2368K)
[376.429s][info][gc             ] GC(1568) Pause Young (Allocation Failure) 473M->8M(1821M) 2.748ms
[376.429s][info][gc,cpu         ] GC(1568) User=0.00s Sys=0.00s Real=0.00s
[376.743s][info][gc,start       ] GC(1569) Pause Young (Allocation Failure)
[376.746s][info][gc,heap        ] GC(1569) PSYoungGen: 466464K(466944K)->1024K(455680K) Eden: 465408K(465408K)->0K(454656K) From: 1056K(1536K)->1024K(1024K)
[376.746s][info][gc,heap        ] GC(1569) ParOldGen: 7517K(1398272K)->7637K(1398272K)
[376.746s][info][gc,metaspace   ] GC(1569) Metaspace: 14387K(15424K)->14387K(15424K) NonClass: 12418K(13056K)->12418K(13056K) Class: 1969K(2368K)->1969K(2368K)
[376.746s][info][gc             ] GC(1569) Pause Young (Allocation Failure) 462M->8M(1810M) 2.734ms
[376.746s][info][gc,cpu         ] GC(1569) User=0.00s Sys=0.00s Real=0.00s
[377.050s][info][gc,start       ] GC(1570) Pause Young (Allocation Failure)
[377.053s][info][gc,heap        ] GC(1570) PSYoungGen: 455680K(455680K)->1024K(445440K) Eden: 454656K(454656K)->0K(444416K) From: 1024K(1024K)->1024K(1024K)
[377.053s][info][gc,heap        ] GC(1570) ParOldGen: 7637K(1398272K)->7733K(1398272K)
[377.053s][info][gc,metaspace   ] GC(1570) Metaspace: 14387K(15424K)->14387K(15424K) NonClass: 12418K(13056K)->12418K(13056K) Class: 1969K(2368K)->1969K(2368K)
[377.053s][info][gc             ] GC(1570) Pause Young (Allocation Failure) 452M->8M(1800M) 2.784ms
[377.053s][info][gc,cpu         ] GC(1570) User=0.00s Sys=0.00s Real=0.00s
[377.347s][info][gc,start       ] GC(1571) Pause Young (Allocation Failure)
[377.350s][info][gc,heap        ] GC(1571) PSYoungGen: 445440K(445440K)->1024K(435712K) Eden: 444416K(444416K)->0K(434688K) From: 1024K(1024K)->1024K(1024K)
[377.350s][info][gc,heap        ] GC(1571) ParOldGen: 7733K(1398272K)->7877K(1398272K)
[377.350s][info][gc,metaspace   ] GC(1571) Metaspace: 14387K(15424K)->14387K(15424K) NonClass: 12418K(13056K)->12418K(13056K) Class: 1969K(2368K)->1969K(2368K)
[377.350s][info][gc             ] GC(1571) Pause Young (Allocation Failure) 442M->8M(1791M) 2.844ms
[377.350s][info][gc,cpu         ] GC(1571) User=0.00s Sys=0.00s Real=0.00s
[377.639s][info][gc,start       ] GC(1572) Pause Young (Allocation Failure)
[377.642s][info][gc,heap        ] GC(1572) PSYoungGen: 435712K(435712K)->1056K(426496K) Eden: 434688K(434688K)->0K(424960K) From: 1024K(1024K)->1056K(1536K)
[377.642s][info][gc,heap        ] GC(1572) ParOldGen: 7877K(1398272K)->7989K(1398272K)
[377.642s][info][gc,metaspace   ] GC(1572) Metaspace: 14387K(15424K)->14387K(15424K) NonClass: 12418K(13056K)->12418K(13056K) Class: 1969K(2368K)->1969K(2368K)
[377.642s][info][gc             ] GC(1572) Pause Young (Allocation Failure) 433M->8M(1782M) 2.807ms
[377.642s][info][gc,cpu         ] GC(1572) User=0.00s Sys=0.00s Real=0.00s
[377.927s][info][gc,start       ] GC(1573) Pause Young (Allocation Failure)
[377.930s][info][gc,heap        ] GC(1573) PSYoungGen: 426016K(426496K)->1024K(416768K) Eden: 424960K(424960K)->0K(415744K) From: 1056K(1536K)->1024K(1024K)
[377.930s][info][gc,heap        ] GC(1573) ParOldGen: 7989K(1398272K)->8141K(1398272K)
[377.930s][info][gc,metaspace   ] GC(1573) Metaspace: 14387K(15424K)->14387K(15424K) NonClass: 12418K(13056K)->12418K(13056K) Class: 1969K(2368K)->1969K(2368K)
[377.930s][info][gc             ] GC(1573) Pause Young (Allocation Failure) 423M->8M(1772M) 2.956ms
[377.930s][info][gc,cpu         ] GC(1573) User=0.00s Sys=0.00s Real=0.00s
[378.208s][info][gc,start       ] GC(1574) Pause Young (Allocation Failure)
[378.211s][info][gc,heap        ] GC(1574) PSYoungGen: 416768K(416768K)->1024K(408064K) Eden: 415744K(415744K)->0K(407040K) From: 1024K(1024K)->1024K(1024K)
[378.211s][info][gc,heap        ] GC(1574) ParOldGen: 8141K(1398272K)->8245K(1398272K)
[378.211s][info][gc,metaspace   ] GC(1574) Metaspace: 14387K(15424K)->14387K(15424K) NonClass: 12418K(13056K)->12418K(13056K) Class: 1969K(2368K)->1969K(2368K)
[378.211s][info][gc             ] GC(1574) Pause Young (Allocation Failure) 414M->9M(1764M) 2.912ms
[378.211s][info][gc,cpu         ] GC(1574) User=0.00s Sys=0.00s Real=0.00s
[378.483s][info][gc,start       ] GC(1575) Pause Young (Allocation Failure)
[378.486s][info][gc,heap        ] GC(1575) PSYoungGen: 408064K(408064K)->1024K(399360K) Eden: 407040K(407040K)->0K(398336K) From: 1024K(1024K)->1024K(1024K)
[378.486s][info][gc,heap        ] GC(1575) ParOldGen: 8245K(1398272K)->8357K(1398272K)
[378.486s][info][gc,metaspace   ] GC(1575) Metaspace: 14387K(15424K)->14387K(15424K) NonClass: 12418K(13056K)->12418K(13056K) Class: 1969K(2368K)->1969K(2368K)
[378.486s][info][gc             ] GC(1575) Pause Young (Allocation Failure) 406M->9M(1755M) 2.929ms
[378.486s][info][gc,cpu         ] GC(1575) User=0.00s Sys=0.00s Real=0.00s
[378.821s][info][gc,start       ] GC(1576) Pause Young (Allocation Failure)
[378.825s][info][gc,heap        ] GC(1576) PSYoungGen: 399360K(399360K)->1056K(391680K) Eden: 398336K(398336K)->0K(390144K) From: 1024K(1024K)->1056K(1536K)
[378.825s][info][gc,heap        ] GC(1576) ParOldGen: 8357K(1398272K)->8469K(1398272K)
[378.825s][info][gc,metaspace   ] GC(1576) Metaspace: 14387K(15424K)->14387K(15424K) NonClass: 12418K(13056K)->12418K(13056K) Class: 1969K(2368K)->1969K(2368K)
[378.825s][info][gc             ] GC(1576) Pause Young (Allocation Failure) 398M->9M(1748M) 3.622ms
[378.825s][info][gc,cpu         ] GC(1576) User=0.00s Sys=0.00s Real=0.00s
[379.106s][info][gc,start       ] GC(1577) Pause Young (Allocation Failure)
[379.109s][info][gc,heap        ] GC(1577) PSYoungGen: 391200K(391680K)->992K(382976K) Eden: 390144K(390144K)->0K(381952K) From: 1056K(1536K)->992K(1024K)
[379.109s][info][gc,heap        ] GC(1577) ParOldGen: 8469K(1398272K)->8557K(1398272K)
[379.109s][info][gc,metaspace   ] GC(1577) Metaspace: 14387K(15424K)->14387K(15424K) NonClass: 12418K(13056K)->12418K(13056K) Class: 1969K(2368K)->1969K(2368K)
[379.109s][info][gc             ] GC(1577) Pause Young (Allocation Failure) 390M->9M(1739M) 2.717ms
[379.109s][info][gc,cpu         ] GC(1577) User=0.52s Sys=0.00s Real=0.00s
[379.398s][info][gc,start       ] GC(1578) Pause Young (Allocation Failure)
[379.401s][info][gc,heap        ] GC(1578) PSYoungGen: 382944K(382976K)->1088K(375808K) Eden: 381952K(381952K)->0K(374272K) From: 992K(1024K)->1088K(1536K)
[379.401s][info][gc,heap        ] GC(1578) ParOldGen: 8557K(1398272K)->8677K(1398272K)
[379.401s][info][gc,metaspace   ] GC(1578) Metaspace: 14387K(15424K)->14387K(15424K) NonClass: 12418K(13056K)->12418K(13056K) Class: 1969K(2368K)->1969K(2368K)
[379.401s][info][gc             ] GC(1578) Pause Young (Allocation Failure) 382M->9M(1732M) 2.650ms
[379.401s][info][gc,cpu         ] GC(1578) User=0.00s Sys=0.00s Real=0.00s
[379.652s][info][gc,start       ] GC(1579) Pause Young (Allocation Failure)
[379.655s][info][gc,heap        ] GC(1579) PSYoungGen: 375360K(375808K)->1024K(367616K) Eden: 374272K(374272K)->0K(366592K) From: 1088K(1536K)->1024K(1024K)
[379.655s][info][gc,heap        ] GC(1579) ParOldGen: 8677K(1398272K)->8829K(1398272K)
[379.655s][info][gc,metaspace   ] GC(1579) Metaspace: 14387K(15424K)->14387K(15424K) NonClass: 12418K(13056K)->12418K(13056K) Class: 1969K(2368K)->1969K(2368K)
[379.655s][info][gc             ] GC(1579) Pause Young (Allocation Failure) 375M->9M(1724M) 2.604ms
[379.655s][info][gc,cpu         ] GC(1579) User=0.52s Sys=0.00s Real=0.00s
[379.898s][info][gc,start       ] GC(1580) Pause Young (Allocation Failure)
[379.901s][info][gc,heap        ] GC(1580) PSYoungGen: 367616K(367616K)->1056K(360960K) Eden: 366592K(366592K)->0K(359424K) From: 1024K(1024K)->1056K(1536K)
[379.901s][info][gc,heap        ] GC(1580) ParOldGen: 8829K(1398272K)->8933K(1398272K)
[379.901s][info][gc,metaspace   ] GC(1580) Metaspace: 14387K(15424K)->14387K(15424K) NonClass: 12418K(13056K)->12418K(13056K) Class: 1969K(2368K)->1969K(2368K)
[379.901s][info][gc             ] GC(1580) Pause Young (Allocation Failure) 367M->9M(1718M) 2.616ms
[379.901s][info][gc,cpu         ] GC(1580) User=0.00s Sys=0.00s Real=0.00s
[380.142s][info][gc,start       ] GC(1581) Pause Young (Allocation Failure)
[380.144s][info][gc,heap        ] GC(1581) PSYoungGen: 360480K(360960K)->1024K(353280K) Eden: 359424K(359424K)->0K(352256K) From: 1056K(1536K)->1024K(1024K)
[380.144s][info][gc,heap        ] GC(1581) ParOldGen: 8933K(1398272K)->9029K(1398272K)
[380.144s][info][gc,metaspace   ] GC(1581) Metaspace: 14387K(15424K)->14387K(15424K) NonClass: 12418K(13056K)->12418K(13056K) Class: 1969K(2368K)->1969K(2368K)
[380.144s][info][gc             ] GC(1581) Pause Young (Allocation Failure) 360M->9M(1710M) 2.562ms
[380.144s][info][gc,cpu         ] GC(1581) User=0.00s Sys=0.00s Real=0.00s
[380.381s][info][gc,start       ] GC(1582) Pause Young (Allocation Failure)
[380.383s][info][gc,heap        ] GC(1582) PSYoungGen: 353280K(353280K)->1024K(346624K) Eden: 352256K(352256K)->0K(345600K) From: 1024K(1024K)->1024K(1024K)
[380.383s][info][gc,heap        ] GC(1582) ParOldGen: 9029K(1398272K)->9133K(1398272K)
[380.383s][info][gc,metaspace   ] GC(1582) Metaspace: 14387K(15424K)->14387K(15424K) NonClass: 12418K(13056K)->12418K(13056K) Class: 1969K(2368K)->1969K(2368K)
[380.383s][info][gc             ] GC(1582) Pause Young (Allocation Failure) 353M->9M(1704M) 2.622ms
[380.383s][info][gc,cpu         ] GC(1582) User=0.00s Sys=0.00s Real=0.00s
[380.619s][info][gc,start       ] GC(1583) Pause Young (Allocation Failure)
[380.621s][info][gc,heap        ] GC(1583) PSYoungGen: 346624K(346624K)->1024K(339968K) Eden: 345600K(345600K)->0K(338944K) From: 1024K(1024K)->1024K(1024K)
[380.621s][info][gc,heap        ] GC(1583) ParOldGen: 9133K(1398272K)->9221K(1398272K)
[380.621s][info][gc,metaspace   ] GC(1583) Metaspace: 14387K(15424K)->14387K(15424K) NonClass: 12418K(13056K)->12418K(13056K) Class: 1969K(2368K)->1969K(2368K)
[380.621s][info][gc             ] GC(1583) Pause Young (Allocation Failure) 347M->10M(1697M) 2.638ms
[380.621s][info][gc,cpu         ] GC(1583) User=0.00s Sys=0.00s Real=0.00s
[380.847s][info][gc,start       ] GC(1584) Pause Young (Allocation Failure)
[380.850s][info][gc,heap        ] GC(1584) PSYoungGen: 339968K(339968K)->1056K(408576K) Eden: 338944K(338944K)->0K(407040K) From: 1024K(1024K)->1056K(1536K)
[380.850s][info][gc,heap        ] GC(1584) ParOldGen: 9221K(1398272K)->9285K(1398272K)
[380.850s][info][gc,metaspace   ] GC(1584) Metaspace: 14387K(15424K)->14387K(15424K) NonClass: 12418K(13056K)->12418K(13056K) Class: 1969K(2368K)->1969K(2368K)
[380.850s][info][gc             ] GC(1584) Pause Young (Allocation Failure) 341M->10M(1764M) 2.680ms
[380.850s][info][gc,cpu         ] GC(1584) User=0.00s Sys=0.00s Real=0.00s
[381.124s][info][gc,start       ] GC(1585) Pause Young (Allocation Failure)
[381.139s][info][gc,heap        ] GC(1585) PSYoungGen: 408096K(408576K)->1024K(399360K) Eden: 407040K(407040K)->0K(398336K) From: 1056K(1536K)->1024K(1024K)
[381.139s][info][gc,heap        ] GC(1585) ParOldGen: 9285K(1398272K)->9373K(1398272K)
[381.139s][info][gc,metaspace   ] GC(1585) Metaspace: 14387K(15424K)->14387K(15424K) NonClass: 12418K(13056K)->12418K(13056K) Class: 1969K(2368K)->1969K(2368K)
[381.139s][info][gc             ] GC(1585) Pause Young (Allocation Failure) 407M->10M(1755M) 14.920ms
[381.139s][info][gc,cpu         ] GC(1585) User=0.00s Sys=0.00s Real=0.00s
[381.409s][info][gc,start       ] GC(1586) Pause Young (Allocation Failure)
[381.412s][info][gc,heap        ] GC(1586) PSYoungGen: 399360K(399360K)->1024K(391168K) Eden: 398336K(398336K)->0K(390144K) From: 1024K(1024K)->1024K(1024K)
[381.412s][info][gc,heap        ] GC(1586) ParOldGen: 9373K(1398272K)->9477K(1398272K)
[381.412s][info][gc,metaspace   ] GC(1586) Metaspace: 14387K(15424K)->14387K(15424K) NonClass: 12418K(13056K)->12418K(13056K) Class: 1969K(2368K)->1969K(2368K)
[381.412s][info][gc             ] GC(1586) Pause Young (Allocation Failure) 399M->10M(1747M) 2.811ms
[381.412s][info][gc,cpu         ] GC(1586) User=0.00s Sys=0.00s Real=0.00s
[381.676s][info][gc,start       ] GC(1587) Pause Young (Allocation Failure)
[381.679s][info][gc,heap        ] GC(1587) PSYoungGen: 391168K(391168K)->1024K(382976K) Eden: 390144K(390144K)->0K(381952K) From: 1024K(1024K)->1024K(1024K)
[381.679s][info][gc,heap        ] GC(1587) ParOldGen: 9477K(1398272K)->9613K(1398272K)
[381.679s][info][gc,metaspace   ] GC(1587) Metaspace: 14387K(15424K)->14387K(15424K) NonClass: 12418K(13056K)->12418K(13056K) Class: 1969K(2368K)->1969K(2368K)
[381.679s][info][gc             ] GC(1587) Pause Young (Allocation Failure) 391M->10M(1739M) 2.856ms
[381.679s][info][gc,cpu         ] GC(1587) User=0.00s Sys=0.00s Real=0.00s
[381.934s][info][gc,start       ] GC(1588) Pause Young (Allocation Failure)
[381.937s][info][gc,heap        ] GC(1588) PSYoungGen: 382975K(382976K)->1024K(459776K) Eden: 381951K(381952K)->0K(458752K) From: 1024K(1024K)->1024K(1024K)
[381.937s][info][gc,heap        ] GC(1588) ParOldGen: 9613K(1398272K)->9685K(1398272K)
[381.937s][info][gc,metaspace   ] GC(1588) Metaspace: 14387K(15424K)->14387K(15424K) NonClass: 12418K(13056K)->12418K(13056K) Class: 1969K(2368K)->1969K(2368K)
[381.937s][info][gc             ] GC(1588) Pause Young (Allocation Failure) 383M->10M(1814M) 2.867ms
[381.937s][info][gc,cpu         ] GC(1588) User=0.52s Sys=0.00s Real=0.00s
[382.246s][info][gc,start       ] GC(1589) Pause Young (Allocation Failure)
[382.249s][info][gc,heap        ] GC(1589) PSYoungGen: 459776K(459776K)->1024K(449536K) Eden: 458752K(458752K)->0K(448512K) From: 1024K(1024K)->1024K(1024K)
[382.249s][info][gc,heap        ] GC(1589) ParOldGen: 9685K(1398272K)->9781K(1398272K)
[382.249s][info][gc,metaspace   ] GC(1589) Metaspace: 14387K(15424K)->14387K(15424K) NonClass: 12418K(13056K)->12418K(13056K) Class: 1969K(2368K)->1969K(2368K)
[382.249s][info][gc             ] GC(1589) Pause Young (Allocation Failure) 458M->10M(1804M) 3.020ms
[382.249s][info][gc,cpu         ] GC(1589) User=0.52s Sys=0.00s Real=0.00s
[382.673s][info][gc,start       ] GC(1590) Pause Young (Allocation Failure)
[382.676s][info][gc,heap        ] GC(1590) PSYoungGen: 449536K(449536K)->1024K(439296K) Eden: 448512K(448512K)->0K(438272K) From: 1024K(1024K)->1024K(1024K)
[382.676s][info][gc,heap        ] GC(1590) ParOldGen: 9781K(1398272K)->9893K(1398272K)
[382.676s][info][gc,metaspace   ] GC(1590) Metaspace: 14387K(15424K)->14387K(15424K) NonClass: 12418K(13056K)->12418K(13056K) Class: 1969K(2368K)->1969K(2368K)
[382.676s][info][gc             ] GC(1590) Pause Young (Allocation Failure) 448M->10M(1794M) 3.707ms
[382.676s][info][gc,cpu         ] GC(1590) User=0.00s Sys=0.00s Real=0.00s
[382.991s][info][gc,start       ] GC(1591) Pause Young (Allocation Failure)
[382.994s][info][gc,heap        ] GC(1591) PSYoungGen: 439296K(439296K)->1024K(429568K) Eden: 438272K(438272K)->0K(428544K) From: 1024K(1024K)->1024K(1024K)
[382.994s][info][gc,heap        ] GC(1591) ParOldGen: 9893K(1398272K)->10037K(1398272K)
[382.994s][info][gc,metaspace   ] GC(1591) Metaspace: 14387K(15424K)->14387K(15424K) NonClass: 12418K(13056K)->12418K(13056K) Class: 1969K(2368K)->1969K(2368K)
[382.994s][info][gc             ] GC(1591) Pause Young (Allocation Failure) 438M->10M(1785M) 2.808ms
[382.994s][info][gc,cpu         ] GC(1591) User=0.00s Sys=0.00s Real=0.00s
[383.310s][info][gc,start       ] GC(1592) Pause Young (Allocation Failure)
[383.312s][info][gc,heap        ] GC(1592) PSYoungGen: 429568K(429568K)->1056K(420864K) Eden: 428544K(428544K)->0K(419328K) From: 1024K(1024K)->1056K(1536K)
[383.312s][info][gc,heap        ] GC(1592) ParOldGen: 10037K(1398272K)->10125K(1398272K)
[383.312s][info][gc,metaspace   ] GC(1592) Metaspace: 14387K(15424K)->14387K(15424K) NonClass: 12418K(13056K)->12418K(13056K) Class: 1969K(2368K)->1969K(2368K)
[383.312s][info][gc             ] GC(1592) Pause Young (Allocation Failure) 429M->10M(1776M) 2.700ms
[383.313s][info][gc,cpu         ] GC(1592) User=0.52s Sys=0.00s Real=0.00s
[383.592s][info][gc,start       ] GC(1593) Pause Young (Allocation Failure)
[383.594s][info][gc,heap        ] GC(1593) PSYoungGen: 420384K(420864K)->1024K(411136K) Eden: 419328K(419328K)->0K(410112K) From: 1056K(1536K)->1024K(1024K)
[383.594s][info][gc,heap        ] GC(1593) ParOldGen: 10125K(1398272K)->10221K(1398272K)
[383.594s][info][gc,metaspace   ] GC(1593) Metaspace: 14387K(15424K)->14387K(15424K) NonClass: 12418K(13056K)->12418K(13056K) Class: 1969K(2368K)->1969K(2368K)
[383.595s][info][gc             ] GC(1593) Pause Young (Allocation Failure) 420M->10M(1767M) 2.659ms
[383.595s][info][gc,cpu         ] GC(1593) User=0.52s Sys=0.00s Real=0.00s
[383.873s][info][gc,start       ] GC(1594) Pause Young (Allocation Failure)
[383.875s][info][gc,heap        ] GC(1594) PSYoungGen: 411136K(411136K)->1024K(402432K) Eden: 410112K(410112K)->0K(401408K) From: 1024K(1024K)->1024K(1024K)
[383.875s][info][gc,heap        ] GC(1594) ParOldGen: 10221K(1398272K)->10325K(1398272K)
[383.875s][info][gc,metaspace   ] GC(1594) Metaspace: 14387K(15424K)->14387K(15424K) NonClass: 12418K(13056K)->12418K(13056K) Class: 1969K(2368K)->1969K(2368K)
[383.875s][info][gc             ] GC(1594) Pause Young (Allocation Failure) 411M->11M(1758M) 2.732ms
[383.875s][info][gc,cpu         ] GC(1594) User=0.52s Sys=0.00s Real=0.00s
[384.146s][info][gc,start       ] GC(1595) Pause Young (Allocation Failure)
[384.149s][info][gc,heap        ] GC(1595) PSYoungGen: 402432K(402432K)->1024K(394240K) Eden: 401408K(401408K)->0K(393216K) From: 1024K(1024K)->1024K(1024K)
[384.149s][info][gc,heap        ] GC(1595) ParOldGen: 10325K(1398272K)->10445K(1398272K)
[384.149s][info][gc,metaspace   ] GC(1595) Metaspace: 14387K(15424K)->14387K(15424K) NonClass: 12418K(13056K)->12418K(13056K) Class: 1969K(2368K)->1969K(2368K)
[384.149s][info][gc             ] GC(1595) Pause Young (Allocation Failure) 403M->11M(1750M) 2.772ms
[384.149s][info][gc,cpu         ] GC(1595) User=0.00s Sys=0.00s Real=0.00s
[384.416s][info][gc,start       ] GC(1596) Pause Young (Allocation Failure)
[384.419s][info][gc,heap        ] GC(1596) PSYoungGen: 394240K(394240K)->1056K(386560K) Eden: 393216K(393216K)->0K(385024K) From: 1024K(1024K)->1056K(1536K)
[384.419s][info][gc,heap        ] GC(1596) ParOldGen: 10445K(1398272K)->10525K(1398272K)
[384.419s][info][gc,metaspace   ] GC(1596) Metaspace: 14387K(15424K)->14387K(15424K) NonClass: 12418K(13056K)->12418K(13056K) Class: 1969K(2368K)->1969K(2368K)
[384.419s][info][gc             ] GC(1596) Pause Young (Allocation Failure) 395M->11M(1743M) 2.786ms
[384.419s][info][gc,cpu         ] GC(1596) User=0.00s Sys=0.00s Real=0.00s
[384.679s][info][gc,start       ] GC(1597) Pause Young (Allocation Failure)
[384.682s][info][gc,heap        ] GC(1597) PSYoungGen: 386080K(386560K)->1024K(378368K) Eden: 385024K(385024K)->0K(377344K) From: 1056K(1536K)->1024K(1024K)
[384.682s][info][gc,heap        ] GC(1597) ParOldGen: 10525K(1398272K)->10653K(1398272K)
[384.682s][info][gc,metaspace   ] GC(1597) Metaspace: 14387K(15424K)->14387K(15424K) NonClass: 12418K(13056K)->12418K(13056K) Class: 1969K(2368K)->1969K(2368K)
[384.682s][info][gc             ] GC(1597) Pause Young (Allocation Failure) 387M->11M(1735M) 2.810ms
[384.682s][info][gc,cpu         ] GC(1597) User=0.00s Sys=0.00s Real=0.00s
[384.935s][info][gc,start       ] GC(1598) Pause Young (Allocation Failure)
[384.938s][info][gc,heap        ] GC(1598) PSYoungGen: 378368K(378368K)->1024K(370688K) Eden: 377344K(377344K)->0K(369664K) From: 1024K(1024K)->1024K(1024K)
[384.938s][info][gc,heap        ] GC(1598) ParOldGen: 10653K(1398272K)->10777K(1398272K)
[384.938s][info][gc,metaspace   ] GC(1598) Metaspace: 14387K(15424K)->14387K(15424K) NonClass: 12418K(13056K)->12418K(13056K) Class: 1969K(2368K)->1969K(2368K)
[384.938s][info][gc             ] GC(1598) Pause Young (Allocation Failure) 379M->11M(1727M) 2.889ms
[384.938s][info][gc,cpu         ] GC(1598) User=0.44s Sys=0.08s Real=0.00s
[385.188s][info][gc,start       ] GC(1599) Pause Young (Allocation Failure)
[385.191s][info][gc,heap        ] GC(1599) PSYoungGen: 370688K(370688K)->1024K(363520K) Eden: 369664K(369664K)->0K(362496K) From: 1024K(1024K)->1024K(1024K)
[385.191s][info][gc,heap        ] GC(1599) ParOldGen: 10777K(1398272K)->10897K(1398272K)
[385.191s][info][gc,metaspace   ] GC(1599) Metaspace: 14387K(15424K)->14387K(15424K) NonClass: 12418K(13056K)->12418K(13056K) Class: 1969K(2368K)->1969K(2368K)
[385.191s][info][gc             ] GC(1599) Pause Young (Allocation Failure) 372M->11M(1720M) 2.824ms
[385.191s][info][gc,cpu         ] GC(1599) User=0.00s Sys=0.00s Real=0.00s
[385.538s][info][gc,start       ] GC(1600) Pause Young (Allocation Failure)
[385.542s][info][gc,heap        ] GC(1600) PSYoungGen: 363520K(363520K)->1056K(356864K) Eden: 362496K(362496K)->0K(355328K) From: 1024K(1024K)->1056K(1536K)
[385.542s][info][gc,heap        ] GC(1600) ParOldGen: 10897K(1398272K)->10985K(1398272K)
[385.542s][info][gc,metaspace   ] GC(1600) Metaspace: 14387K(15424K)->14387K(15424K) NonClass: 12418K(13056K)->12418K(13056K) Class: 1969K(2368K)->1969K(2368K)
[385.542s][info][gc             ] GC(1600) Pause Young (Allocation Failure) 365M->11M(1714M) 3.589ms
[385.542s][info][gc,cpu         ] GC(1600) User=0.00s Sys=0.00s Real=0.00s
[385.802s][info][gc,start       ] GC(1601) Pause Young (Allocation Failure)
[385.804s][info][gc,heap        ] GC(1601) PSYoungGen: 356384K(356864K)->1024K(349184K) Eden: 355328K(355328K)->0K(348160K) From: 1056K(1536K)->1024K(1024K)
[385.804s][info][gc,heap        ] GC(1601) ParOldGen: 10985K(1398272K)->11073K(1398272K)
[385.804s][info][gc,metaspace   ] GC(1601) Metaspace: 14387K(15424K)->14387K(15424K) NonClass: 12418K(13056K)->12418K(13056K) Class: 1969K(2368K)->1969K(2368K)
[385.804s][info][gc             ] GC(1601) Pause Young (Allocation Failure) 358M->11M(1706M) 2.673ms
[385.804s][info][gc,cpu         ] GC(1601) User=0.00s Sys=0.00s Real=0.00s
[386.063s][info][gc,start       ] GC(1602) Pause Young (Allocation Failure)
[386.066s][info][gc,heap        ] GC(1602) PSYoungGen: 349184K(349184K)->1056K(343040K) Eden: 348160K(348160K)->0K(341504K) From: 1024K(1024K)->1056K(1536K)
[386.066s][info][gc,heap        ] GC(1602) ParOldGen: 11073K(1398272K)->11169K(1398272K)
[386.066s][info][gc,metaspace   ] GC(1602) Metaspace: 14387K(15424K)->14387K(15424K) NonClass: 12418K(13056K)->12418K(13056K) Class: 1969K(2368K)->1969K(2368K)
[386.066s][info][gc             ] GC(1602) Pause Young (Allocation Failure) 351M->11M(1700M) 2.600ms
[386.066s][info][gc,cpu         ] GC(1602) User=0.00s Sys=0.00s Real=0.00s
[386.295s][info][gc,start       ] GC(1603) Pause Young (Allocation Failure)
[386.297s][info][gc,heap        ] GC(1603) PSYoungGen: 342560K(343040K)->1024K(335872K) Eden: 341504K(341504K)->0K(334848K) From: 1056K(1536K)->1024K(1024K)
[386.297s][info][gc,heap        ] GC(1603) ParOldGen: 11169K(1398272K)->11281K(1398272K)
[386.297s][info][gc,metaspace   ] GC(1603) Metaspace: 14387K(15424K)->14387K(15424K) NonClass: 12418K(13056K)->12418K(13056K) Class: 1969K(2368K)->1969K(2368K)
[386.297s][info][gc             ] GC(1603) Pause Young (Allocation Failure) 345M->12M(1693M) 2.541ms
[386.297s][info][gc,cpu         ] GC(1603) User=0.52s Sys=0.00s Real=0.00s
[386.515s][info][gc,start       ] GC(1604) Pause Young (Allocation Failure)
[386.518s][info][gc,heap        ] GC(1604) PSYoungGen: 335872K(335872K)->1024K(402944K) Eden: 334848K(334848K)->0K(401920K) From: 1024K(1024K)->1024K(1024K)
[386.518s][info][gc,heap        ] GC(1604) ParOldGen: 11281K(1398272K)->11361K(1398272K)
[386.518s][info][gc,metaspace   ] GC(1604) Metaspace: 14387K(15424K)->14387K(15424K) NonClass: 12418K(13056K)->12418K(13056K) Class: 1969K(2368K)->1969K(2368K)
[386.518s][info][gc             ] GC(1604) Pause Young (Allocation Failure) 339M->12M(1759M) 2.580ms
[386.518s][info][gc,cpu         ] GC(1604) User=0.00s Sys=0.00s Real=0.00s
[386.775s][info][gc,start       ] GC(1605) Pause Young (Allocation Failure)
[386.778s][info][gc,heap        ] GC(1605) PSYoungGen: 402944K(402944K)->1024K(483328K) Eden: 401920K(401920K)->0K(482304K) From: 1024K(1024K)->1024K(1024K)
[386.778s][info][gc,heap        ] GC(1605) ParOldGen: 11361K(1398272K)->11457K(1398272K)
[386.778s][info][gc,metaspace   ] GC(1605) Metaspace: 14387K(15424K)->14387K(15424K) NonClass: 12418K(13056K)->12418K(13056K) Class: 1969K(2368K)->1969K(2368K)
[386.778s][info][gc             ] GC(1605) Pause Young (Allocation Failure) 404M->12M(1837M) 2.770ms
[386.778s][info][gc,cpu         ] GC(1605) User=0.00s Sys=0.00s Real=0.00s
[387.081s][info][gc,start       ] GC(1606) Pause Young (Allocation Failure)
[387.084s][info][gc,heap        ] GC(1606) PSYoungGen: 483328K(483328K)->1024K(472064K) Eden: 482304K(482304K)->0K(471040K) From: 1024K(1024K)->1024K(1024K)
[387.084s][info][gc,heap        ] GC(1606) ParOldGen: 11457K(1398272K)->11553K(1398272K)
[387.085s][info][gc,metaspace   ] GC(1606) Metaspace: 14387K(15424K)->14387K(15424K) NonClass: 12418K(13056K)->12418K(13056K) Class: 1969K(2368K)->1969K(2368K)
[387.085s][info][gc             ] GC(1606) Pause Young (Allocation Failure) 483M->12M(1826M) 3.181ms
[387.085s][info][gc,cpu         ] GC(1606) User=0.00s Sys=0.00s Real=0.00s
[387.388s][info][gc,start       ] GC(1607) Pause Young (Allocation Failure)
[387.391s][info][gc,heap        ] GC(1607) PSYoungGen: 472064K(472064K)->544K(461312K) Eden: 471040K(471040K)->0K(460288K) From: 1024K(1024K)->544K(1024K)
[387.391s][info][gc,heap        ] GC(1607) ParOldGen: 11553K(1398272K)->11641K(1398272K)
[387.391s][info][gc,metaspace   ] GC(1607) Metaspace: 14387K(15424K)->14387K(15424K) NonClass: 12418K(13056K)->12418K(13056K) Class: 1969K(2368K)->1969K(2368K)
[387.391s][info][gc             ] GC(1607) Pause Young (Allocation Failure) 472M->11M(1816M) 2.995ms
[387.391s][info][gc,cpu         ] GC(1607) User=0.52s Sys=0.00s Real=0.00s
[388.149s][info][gc,heap,exit   ] Heap
[388.149s][info][gc,heap,exit   ]  PSYoungGen      total 461312K, used 139269K [0x0000000580100000, 0x00000005a4c00000, 0x0000000800000000)
[388.149s][info][gc,heap,exit   ]   eden space 460288K, 30% used [0x0000000580100000,0x00000005888795a8,0x000000059c280000)
[388.149s][info][gc,heap,exit   ]   from space 1024K, 53% used [0x00000005a4b00000,0x00000005a4b88000,0x00000005a4c00000)
[388.149s][info][gc,heap,exit   ]   to   space 1536K, 0% used [0x00000005a4900000,0x00000005a4900000,0x00000005a4a80000)
[388.149s][info][gc,heap,exit   ]  ParOldGen       total 1398272K, used 11641K [0x0000000080200000, 0x00000000d5780000, 0x0000000580100000)
[388.149s][info][gc,heap,exit   ]   object space 1398272K, 0% used [0x0000000080200000,0x0000000080d5e4c8,0x00000000d5780000)
[388.149s][info][gc,heap,exit   ]  Metaspace       used 14447K, committed 15488K, reserved 1114112K
[388.149s][info][gc,heap,exit   ]   class space    used 1977K, committed 2368K, reserved 1048576K
