[0.018s][info][gc,init] CardTable entry size: 512
[0.018s][info][gc     ] Using Serial
[0.027s][info][gc,init] Version: 20+36-2344 (release)
[0.027s][info][gc,init] CPUs: 48 total, 48 available
[0.027s][info][gc,init] Memory: 382G
[0.027s][info][gc,init] Large Page Support: Disabled
[0.027s][info][gc,init] NUMA Support: Disabled
[0.027s][info][gc,init] Compressed Oops: Enabled (Zero based)
[0.027s][info][gc,init] Heap Min Capacity: 8M
[0.027s][info][gc,init] Heap Initial Capacity: 2G
[0.027s][info][gc,init] Heap Max Capacity: 30718M
[0.027s][info][gc,init] Pre-touch: Disabled
[0.033s][info][gc,metaspace] CDS archive(s) mapped at: [0x0000000800000000-0x0000000800c60000-0x0000000800c60000), size 12976128, SharedBaseAddress: 0x0000000800000000, ArchiveRelocationMode: 0.
[0.033s][info][gc,metaspace] Compressed class space mapped at: 0x0000000801000000-0x0000000841000000, reserved size: 1073741824
[0.033s][info][gc,metaspace] Narrow klass base: 0x0000000800000000, Narrow klass shift: 0, Narrow klass range: 0x100000000
[1.671s][info][gc,start    ] GC(0) Pause Full (System.gc())
[1.671s][info][gc,phases,start] GC(0) Phase 1: Mark live objects
[1.682s][info][gc,phases      ] GC(0) Phase 1: Mark live objects 10.334ms
[1.682s][info][gc,phases,start] GC(0) Phase 2: Compute new object addresses
[1.686s][info][gc,phases      ] GC(0) Phase 2: Compute new object addresses 4.302ms
[1.686s][info][gc,phases,start] GC(0) Phase 3: Adjust pointers
[1.690s][info][gc,phases      ] GC(0) Phase 3: Adjust pointers 4.067ms
[1.690s][info][gc,phases,start] GC(0) Phase 4: Move objects
[1.693s][info][gc,phases      ] GC(0) Phase 4: Move objects 3.156ms
[1.694s][info][gc,heap        ] GC(0) DefNew: 111851K(629120K)->0K(629248K) Eden: 111851K(559232K)->0K(559360K) From: 0K(69888K)->0K(69888K)
[1.694s][info][gc,heap        ] GC(0) Tenured: 0K(1398144K)->3469K(1398144K)
[1.694s][info][gc,metaspace   ] GC(0) Metaspace: 8235K(8448K)->8235K(8448K) NonClass: 7128K(7232K)->7128K(7232K) Class: 1106K(1216K)->1106K(1216K)
[1.694s][info][gc             ] GC(0) Pause Full (System.gc()) 109M->3M(1979M) 23.081ms
[1.694s][info][gc,cpu         ] GC(0) User=0.02s Sys=0.00s Real=0.02s
[3.093s][info][gc,start       ] GC(1) Pause Young (Allocation Failure)
[3.110s][info][gc,heap        ] GC(1) DefNew: 559360K(629248K)->3543K(629248K) Eden: 559360K(559360K)->0K(559360K) From: 0K(69888K)->3543K(69888K)
[3.110s][info][gc,heap        ] GC(1) Tenured: 3469K(1398144K)->3469K(1398144K)
[3.110s][info][gc,metaspace   ] GC(1) Metaspace: 14482K(15040K)->14482K(15040K) NonClass: 12436K(12736K)->12436K(12736K) Class: 2045K(2304K)->2045K(2304K)
[3.110s][info][gc             ] GC(1) Pause Young (Allocation Failure) 549M->6M(1979M) 16.756ms
[3.110s][info][gc,cpu         ] GC(1) User=0.00s Sys=0.00s Real=0.01s
[3.628s][info][gc,start       ] GC(2) Pause Young (Allocation Failure)
[3.664s][info][gc,heap        ] GC(2) DefNew: 562903K(629248K)->3606K(629248K) Eden: 559360K(559360K)->0K(559360K) From: 3543K(69888K)->3606K(69888K)
[3.664s][info][gc,heap        ] GC(2) Tenured: 3469K(1398144K)->3469K(1398144K)
[3.664s][info][gc,metaspace   ] GC(2) Metaspace: 14488K(15040K)->14488K(15040K) NonClass: 12442K(12736K)->12442K(12736K) Class: 2045K(2304K)->2045K(2304K)
[3.664s][info][gc             ] GC(2) Pause Young (Allocation Failure) 553M->6M(1979M) 35.230ms
[3.664s][info][gc,cpu         ] GC(2) User=0.03s Sys=0.00s Real=0.03s
[4.147s][info][gc,start       ] GC(3) Pause Young (Allocation Failure)
[4.173s][info][gc,heap        ] GC(3) DefNew: 562966K(629248K)->3680K(629248K) Eden: 559360K(559360K)->0K(559360K) From: 3606K(69888K)->3680K(69888K)
[4.173s][info][gc,heap        ] GC(3) Tenured: 3469K(1398144K)->3469K(1398144K)
[4.173s][info][gc,metaspace   ] GC(3) Metaspace: 14488K(15040K)->14488K(15040K) NonClass: 12442K(12736K)->12442K(12736K) Class: 2045K(2304K)->2045K(2304K)
[4.173s][info][gc             ] GC(3) Pause Young (Allocation Failure) 553M->6M(1979M) 26.794ms
[4.173s][info][gc,cpu         ] GC(3) User=0.03s Sys=0.00s Real=0.03s
[4.611s][info][gc,start       ] GC(4) Pause Young (Allocation Failure)
[4.639s][info][gc,heap        ] GC(4) DefNew: 563040K(629248K)->3747K(629248K) Eden: 559360K(559360K)->0K(559360K) From: 3680K(69888K)->3747K(69888K)
[4.639s][info][gc,heap        ] GC(4) Tenured: 3469K(1398144K)->3469K(1398144K)
[4.639s][info][gc,metaspace   ] GC(4) Metaspace: 14488K(15040K)->14488K(15040K) NonClass: 12442K(12736K)->12442K(12736K) Class: 2045K(2304K)->2045K(2304K)
[4.639s][info][gc             ] GC(4) Pause Young (Allocation Failure) 553M->7M(1979M) 27.635ms
[4.639s][info][gc,cpu         ] GC(4) User=0.02s Sys=0.00s Real=0.01s
[5.203s][info][gc,start       ] GC(5) Pause Young (Allocation Failure)
[5.241s][info][gc,heap        ] GC(5) DefNew: 563107K(629248K)->3837K(629248K) Eden: 559360K(559360K)->0K(559360K) From: 3747K(69888K)->3837K(69888K)
[5.241s][info][gc,heap        ] GC(5) Tenured: 3469K(1398144K)->3469K(1398144K)
[5.241s][info][gc,metaspace   ] GC(5) Metaspace: 14488K(15040K)->14488K(15040K) NonClass: 12443K(12736K)->12443K(12736K) Class: 2045K(2304K)->2045K(2304K)
[5.241s][info][gc             ] GC(5) Pause Young (Allocation Failure) 553M->7M(1979M) 37.496ms
[5.241s][info][gc,cpu         ] GC(5) User=0.03s Sys=0.00s Real=0.04s
[5.703s][info][gc,start       ] GC(6) Pause Young (Allocation Failure)
[5.724s][info][gc,heap        ] GC(6) DefNew: 563197K(629248K)->3908K(629248K) Eden: 559360K(559360K)->0K(559360K) From: 3837K(69888K)->3908K(69888K)
[5.725s][info][gc,heap        ] GC(6) Tenured: 3469K(1398144K)->3469K(1398144K)
[5.725s][info][gc,metaspace   ] GC(6) Metaspace: 14488K(15040K)->14488K(15040K) NonClass: 12443K(12736K)->12443K(12736K) Class: 2045K(2304K)->2045K(2304K)
[5.725s][info][gc             ] GC(6) Pause Young (Allocation Failure) 553M->7M(1979M) 21.147ms
[5.725s][info][gc,cpu         ] GC(6) User=0.02s Sys=0.00s Real=0.02s
[6.253s][info][gc,start       ] GC(7) Pause Young (Allocation Failure)
[6.287s][info][gc,heap        ] GC(7) DefNew: 563268K(629248K)->3987K(629248K) Eden: 559360K(559360K)->0K(559360K) From: 3908K(69888K)->3987K(69888K)
[6.287s][info][gc,heap        ] GC(7) Tenured: 3469K(1398144K)->3469K(1398144K)
[6.287s][info][gc,metaspace   ] GC(7) Metaspace: 14488K(15040K)->14488K(15040K) NonClass: 12443K(12736K)->12443K(12736K) Class: 2045K(2304K)->2045K(2304K)
[6.287s][info][gc             ] GC(7) Pause Young (Allocation Failure) 553M->7M(1979M) 34.553ms
[6.287s][info][gc,cpu         ] GC(7) User=0.02s Sys=0.00s Real=0.02s
[6.778s][info][gc,start       ] GC(8) Pause Young (Allocation Failure)
[6.811s][info][gc,heap        ] GC(8) DefNew: 563347K(629248K)->4068K(629248K) Eden: 559360K(559360K)->0K(559360K) From: 3987K(69888K)->4068K(69888K)
[6.811s][info][gc,heap        ] GC(8) Tenured: 3469K(1398144K)->3469K(1398144K)
[6.811s][info][gc,metaspace   ] GC(8) Metaspace: 14488K(15040K)->14488K(15040K) NonClass: 12443K(12736K)->12443K(12736K) Class: 2045K(2304K)->2045K(2304K)
[6.811s][info][gc             ] GC(8) Pause Young (Allocation Failure) 553M->7M(1979M) 33.354ms
[6.811s][info][gc,cpu         ] GC(8) User=0.03s Sys=0.00s Real=0.02s
[7.328s][info][gc,start       ] GC(9) Pause Young (Allocation Failure)
[7.359s][info][gc,heap        ] GC(9) DefNew: 563428K(629248K)->4149K(629248K) Eden: 559360K(559360K)->0K(559360K) From: 4068K(69888K)->4149K(69888K)
[7.359s][info][gc,heap        ] GC(9) Tenured: 3469K(1398144K)->3469K(1398144K)
[7.359s][info][gc,metaspace   ] GC(9) Metaspace: 14488K(15040K)->14488K(15040K) NonClass: 12443K(12736K)->12443K(12736K) Class: 2045K(2304K)->2045K(2304K)
[7.359s][info][gc             ] GC(9) Pause Young (Allocation Failure) 553M->7M(1979M) 31.091ms
[7.359s][info][gc,cpu         ] GC(9) User=0.02s Sys=0.00s Real=0.03s
[7.887s][info][gc,start       ] GC(10) Pause Young (Allocation Failure)
[7.921s][info][gc,heap        ] GC(10) DefNew: 563509K(629248K)->4233K(629248K) Eden: 559360K(559360K)->0K(559360K) From: 4149K(69888K)->4233K(69888K)
[7.921s][info][gc,heap        ] GC(10) Tenured: 3469K(1398144K)->3469K(1398144K)
[7.921s][info][gc,metaspace   ] GC(10) Metaspace: 14492K(15040K)->14492K(15040K) NonClass: 12446K(12736K)->12446K(12736K) Class: 2045K(2304K)->2045K(2304K)
[7.922s][info][gc             ] GC(10) Pause Young (Allocation Failure) 553M->7M(1979M) 34.226ms
[7.922s][info][gc,cpu         ] GC(10) User=0.03s Sys=0.00s Real=0.03s
[8.370s][info][gc,start       ] GC(11) Pause Young (Allocation Failure)
[8.407s][info][gc,heap        ] GC(11) DefNew: 563593K(629248K)->4304K(629248K) Eden: 559360K(559360K)->0K(559360K) From: 4233K(69888K)->4304K(69888K)
[8.407s][info][gc,heap        ] GC(11) Tenured: 3469K(1398144K)->3469K(1398144K)
[8.407s][info][gc,metaspace   ] GC(11) Metaspace: 14492K(15040K)->14492K(15040K) NonClass: 12446K(12736K)->12446K(12736K) Class: 2045K(2304K)->2045K(2304K)
[8.407s][info][gc             ] GC(11) Pause Young (Allocation Failure) 553M->7M(1979M) 37.406ms
[8.407s][info][gc,cpu         ] GC(11) User=0.03s Sys=0.00s Real=0.02s
[8.885s][info][gc,start       ] GC(12) Pause Young (Allocation Failure)
[8.917s][info][gc,heap        ] GC(12) DefNew: 563664K(629248K)->4378K(629248K) Eden: 559360K(559360K)->0K(559360K) From: 4304K(69888K)->4378K(69888K)
[8.917s][info][gc,heap        ] GC(12) Tenured: 3469K(1398144K)->3469K(1398144K)
[8.917s][info][gc,metaspace   ] GC(12) Metaspace: 14492K(15040K)->14492K(15040K) NonClass: 12446K(12736K)->12446K(12736K) Class: 2045K(2304K)->2045K(2304K)
[8.917s][info][gc             ] GC(12) Pause Young (Allocation Failure) 553M->7M(1979M) 32.195ms
[8.917s][info][gc,cpu         ] GC(12) User=0.03s Sys=0.00s Real=0.03s
[9.451s][info][gc,start       ] GC(13) Pause Young (Allocation Failure)
[9.488s][info][gc,heap        ] GC(13) DefNew: 563738K(629248K)->4454K(629248K) Eden: 559360K(559360K)->0K(559360K) From: 4378K(69888K)->4454K(69888K)
[9.488s][info][gc,heap        ] GC(13) Tenured: 3469K(1398144K)->3469K(1398144K)
[9.488s][info][gc,metaspace   ] GC(13) Metaspace: 14492K(15040K)->14492K(15040K) NonClass: 12446K(12736K)->12446K(12736K) Class: 2045K(2304K)->2045K(2304K)
[9.488s][info][gc             ] GC(13) Pause Young (Allocation Failure) 553M->7M(1979M) 37.429ms
[9.488s][info][gc,cpu         ] GC(13) User=0.03s Sys=0.00s Real=0.03s
[9.975s][info][gc,start       ] GC(14) Pause Young (Allocation Failure)
[10.008s][info][gc,heap        ] GC(14) DefNew: 563814K(629248K)->4529K(629248K) Eden: 559360K(559360K)->0K(559360K) From: 4454K(69888K)->4529K(69888K)
[10.008s][info][gc,heap        ] GC(14) Tenured: 3469K(1398144K)->3469K(1398144K)
[10.008s][info][gc,metaspace   ] GC(14) Metaspace: 14492K(15040K)->14492K(15040K) NonClass: 12446K(12736K)->12446K(12736K) Class: 2045K(2304K)->2045K(2304K)
[10.008s][info][gc             ] GC(14) Pause Young (Allocation Failure) 553M->7M(1979M) 33.233ms
[10.008s][info][gc,cpu         ] GC(14) User=0.03s Sys=0.00s Real=0.03s
[10.457s][info][gc,start       ] GC(15) Pause Young (Allocation Failure)
[10.497s][info][gc,heap        ] GC(15) DefNew: 563889K(629248K)->4600K(629248K) Eden: 559360K(559360K)->0K(559360K) From: 4529K(69888K)->4600K(69888K)
[10.497s][info][gc,heap        ] GC(15) Tenured: 3469K(1398144K)->3469K(1398144K)
[10.497s][info][gc,metaspace   ] GC(15) Metaspace: 14492K(15040K)->14492K(15040K) NonClass: 12446K(12736K)->12446K(12736K) Class: 2045K(2304K)->2045K(2304K)
[10.497s][info][gc             ] GC(15) Pause Young (Allocation Failure) 554M->7M(1979M) 39.616ms
[10.497s][info][gc,cpu         ] GC(15) User=0.03s Sys=0.00s Real=0.04s
[11.050s][info][gc,start       ] GC(16) Pause Young (Allocation Failure)
[11.082s][info][gc,heap        ] GC(16) DefNew: 563960K(629248K)->1161K(629248K) Eden: 559360K(559360K)->0K(559360K) From: 4600K(69888K)->1161K(69888K)
[11.082s][info][gc,heap        ] GC(16) Tenured: 3469K(1398144K)->6990K(1398144K)
[11.082s][info][gc,metaspace   ] GC(16) Metaspace: 14492K(15040K)->14492K(15040K) NonClass: 12446K(12736K)->12446K(12736K) Class: 2045K(2304K)->2045K(2304K)
[11.082s][info][gc             ] GC(16) Pause Young (Allocation Failure) 554M->7M(1979M) 31.530ms
[11.082s][info][gc,cpu         ] GC(16) User=0.02s Sys=0.00s Real=0.02s
[11.529s][info][gc,start       ] GC(17) Pause Young (Allocation Failure)
[11.554s][info][gc,heap        ] GC(17) DefNew: 560521K(629248K)->1153K(629248K) Eden: 559360K(559360K)->0K(559360K) From: 1161K(69888K)->1153K(69888K)
[11.554s][info][gc,heap        ] GC(17) Tenured: 6990K(1398144K)->7066K(1398144K)
[11.554s][info][gc,metaspace   ] GC(17) Metaspace: 14492K(15040K)->14492K(15040K) NonClass: 12446K(12736K)->12446K(12736K) Class: 2045K(2304K)->2045K(2304K)
[11.554s][info][gc             ] GC(17) Pause Young (Allocation Failure) 554M->8M(1979M) 25.179ms
[11.554s][info][gc,cpu         ] GC(17) User=0.00s Sys=0.00s Real=0.01s
[11.979s][info][gc,start       ] GC(18) Pause Young (Allocation Failure)
[12.011s][info][gc,heap        ] GC(18) DefNew: 560513K(629248K)->1147K(629248K) Eden: 559360K(559360K)->0K(559360K) From: 1153K(69888K)->1147K(69888K)
[12.011s][info][gc,heap        ] GC(18) Tenured: 7066K(1398144K)->7140K(1398144K)
[12.011s][info][gc,metaspace   ] GC(18) Metaspace: 14492K(15040K)->14492K(15040K) NonClass: 12446K(12736K)->12446K(12736K) Class: 2045K(2304K)->2045K(2304K)
[12.012s][info][gc             ] GC(18) Pause Young (Allocation Failure) 554M->8M(1979M) 32.112ms
[12.012s][info][gc,cpu         ] GC(18) User=0.03s Sys=0.00s Real=0.03s
[12.449s][info][gc,start       ] GC(19) Pause Young (Allocation Failure)
[12.478s][info][gc,heap        ] GC(19) DefNew: 560507K(629248K)->1147K(629248K) Eden: 559360K(559360K)->0K(559360K) From: 1147K(69888K)->1147K(69888K)
[12.478s][info][gc,heap        ] GC(19) Tenured: 7140K(1398144K)->7208K(1398144K)
[12.478s][info][gc,metaspace   ] GC(19) Metaspace: 14492K(15040K)->14492K(15040K) NonClass: 12446K(12736K)->12446K(12736K) Class: 2045K(2304K)->2045K(2304K)
[12.478s][info][gc             ] GC(19) Pause Young (Allocation Failure) 554M->8M(1979M) 28.589ms
[12.478s][info][gc,cpu         ] GC(19) User=0.02s Sys=0.00s Real=0.02s
[12.906s][info][gc,start       ] GC(20) Pause Young (Allocation Failure)
[12.941s][info][gc,heap        ] GC(20) DefNew: 560507K(629248K)->1125K(629248K) Eden: 559360K(559360K)->0K(559360K) From: 1147K(69888K)->1125K(69888K)
[12.941s][info][gc,heap        ] GC(20) Tenured: 7208K(1398144K)->7297K(1398144K)
[12.941s][info][gc,metaspace   ] GC(20) Metaspace: 14492K(15040K)->14492K(15040K) NonClass: 12446K(12736K)->12446K(12736K) Class: 2045K(2304K)->2045K(2304K)
[12.941s][info][gc             ] GC(20) Pause Young (Allocation Failure) 554M->8M(1979M) 34.432ms
[12.941s][info][gc,cpu         ] GC(20) User=0.02s Sys=0.00s Real=0.03s
[13.369s][info][gc,start       ] GC(21) Pause Young (Allocation Failure)
[13.404s][info][gc,heap        ] GC(21) DefNew: 560485K(629248K)->1125K(629248K) Eden: 559360K(559360K)->0K(559360K) From: 1125K(69888K)->1125K(69888K)
[13.404s][info][gc,heap        ] GC(21) Tenured: 7297K(1398144K)->7368K(1398144K)
[13.404s][info][gc,metaspace   ] GC(21) Metaspace: 14492K(15040K)->14492K(15040K) NonClass: 12446K(12736K)->12446K(12736K) Class: 2045K(2304K)->2045K(2304K)
[13.404s][info][gc             ] GC(21) Pause Young (Allocation Failure) 554M->8M(1979M) 35.451ms
[13.404s][info][gc,cpu         ] GC(21) User=0.03s Sys=0.00s Real=0.03s
[13.927s][info][gc,start       ] GC(22) Pause Young (Allocation Failure)
[13.964s][info][gc,heap        ] GC(22) DefNew: 560485K(629248K)->1114K(629248K) Eden: 559360K(559360K)->0K(559360K) From: 1125K(69888K)->1114K(69888K)
[13.964s][info][gc,heap        ] GC(22) Tenured: 7368K(1398144K)->7447K(1398144K)
[13.964s][info][gc,metaspace   ] GC(22) Metaspace: 14492K(15040K)->14492K(15040K) NonClass: 12446K(12736K)->12446K(12736K) Class: 2045K(2304K)->2045K(2304K)
[13.964s][info][gc             ] GC(22) Pause Young (Allocation Failure) 554M->8M(1979M) 36.699ms
[13.964s][info][gc,cpu         ] GC(22) User=0.03s Sys=0.00s Real=0.04s
[14.406s][info][gc,start       ] GC(23) Pause Young (Allocation Failure)
[14.436s][info][gc,heap        ] GC(23) DefNew: 560474K(629248K)->1102K(629248K) Eden: 559360K(559360K)->0K(559360K) From: 1114K(69888K)->1102K(69888K)
[14.436s][info][gc,heap        ] GC(23) Tenured: 7447K(1398144K)->7527K(1398144K)
[14.436s][info][gc,metaspace   ] GC(23) Metaspace: 14492K(15040K)->14492K(15040K) NonClass: 12446K(12736K)->12446K(12736K) Class: 2045K(2304K)->2045K(2304K)
[14.436s][info][gc             ] GC(23) Pause Young (Allocation Failure) 554M->8M(1979M) 30.379ms
[14.436s][info][gc,cpu         ] GC(23) User=0.03s Sys=0.00s Real=0.03s
[14.862s][info][gc,start       ] GC(24) Pause Young (Allocation Failure)
[14.895s][info][gc,heap        ] GC(24) DefNew: 560462K(629248K)->1086K(629248K) Eden: 559360K(559360K)->0K(559360K) From: 1102K(69888K)->1086K(69888K)
[14.895s][info][gc,heap        ] GC(24) Tenured: 7527K(1398144K)->7609K(1398144K)
[14.895s][info][gc,metaspace   ] GC(24) Metaspace: 14492K(15040K)->14492K(15040K) NonClass: 12446K(12736K)->12446K(12736K) Class: 2045K(2304K)->2045K(2304K)
[14.895s][info][gc             ] GC(24) Pause Young (Allocation Failure) 554M->8M(1979M) 32.790ms
[14.895s][info][gc,cpu         ] GC(24) User=0.02s Sys=0.00s Real=0.02s
[15.338s][info][gc,start       ] GC(25) Pause Young (Allocation Failure)
[15.364s][info][gc,heap        ] GC(25) DefNew: 560446K(629248K)->1075K(629248K) Eden: 559360K(559360K)->0K(559360K) From: 1086K(69888K)->1075K(69888K)
[15.364s][info][gc,heap        ] GC(25) Tenured: 7609K(1398144K)->7692K(1398144K)
[15.364s][info][gc,metaspace   ] GC(25) Metaspace: 14492K(15040K)->14492K(15040K) NonClass: 12446K(12736K)->12446K(12736K) Class: 2045K(2304K)->2045K(2304K)
[15.365s][info][gc             ] GC(25) Pause Young (Allocation Failure) 554M->8M(1979M) 27.031ms
[15.365s][info][gc,cpu         ] GC(25) User=0.03s Sys=0.00s Real=0.03s
[15.793s][info][gc,start       ] GC(26) Pause Young (Allocation Failure)
[15.828s][info][gc,heap        ] GC(26) DefNew: 560435K(629248K)->1074K(629248K) Eden: 559360K(559360K)->0K(559360K) From: 1075K(69888K)->1074K(69888K)
[15.828s][info][gc,heap        ] GC(26) Tenured: 7692K(1398144K)->7763K(1398144K)
[15.828s][info][gc,metaspace   ] GC(26) Metaspace: 14492K(15040K)->14492K(15040K) NonClass: 12446K(12736K)->12446K(12736K) Class: 2045K(2304K)->2045K(2304K)
[15.828s][info][gc             ] GC(26) Pause Young (Allocation Failure) 554M->8M(1979M) 34.663ms
[15.828s][info][gc,cpu         ] GC(26) User=0.03s Sys=0.00s Real=0.03s
[16.257s][info][gc,start       ] GC(27) Pause Young (Allocation Failure)
[16.288s][info][gc,heap        ] GC(27) DefNew: 560434K(629248K)->1069K(629248K) Eden: 559360K(559360K)->0K(559360K) From: 1074K(69888K)->1069K(69888K)
[16.288s][info][gc,heap        ] GC(27) Tenured: 7763K(1398144K)->7837K(1398144K)
[16.288s][info][gc,metaspace   ] GC(27) Metaspace: 14492K(15040K)->14492K(15040K) NonClass: 12446K(12736K)->12446K(12736K) Class: 2045K(2304K)->2045K(2304K)
[16.288s][info][gc             ] GC(27) Pause Young (Allocation Failure) 554M->8M(1979M) 30.698ms
[16.288s][info][gc,cpu         ] GC(27) User=0.03s Sys=0.00s Real=0.03s
[16.718s][info][gc,start       ] GC(28) Pause Young (Allocation Failure)
[16.747s][info][gc,heap        ] GC(28) DefNew: 560429K(629248K)->1060K(629248K) Eden: 559360K(559360K)->0K(559360K) From: 1069K(69888K)->1060K(69888K)
[16.747s][info][gc,heap        ] GC(28) Tenured: 7837K(1398144K)->7914K(1398144K)
[16.747s][info][gc,metaspace   ] GC(28) Metaspace: 14492K(15040K)->14492K(15040K) NonClass: 12446K(12736K)->12446K(12736K) Class: 2045K(2304K)->2045K(2304K)
[16.747s][info][gc             ] GC(28) Pause Young (Allocation Failure) 554M->8M(1979M) 29.254ms
[16.747s][info][gc,cpu         ] GC(28) User=0.02s Sys=0.00s Real=0.02s
[17.184s][info][gc,start       ] GC(29) Pause Young (Allocation Failure)
[17.218s][info][gc,heap        ] GC(29) DefNew: 560420K(629248K)->1055K(629248K) Eden: 559360K(559360K)->0K(559360K) From: 1060K(69888K)->1055K(69888K)
[17.218s][info][gc,heap        ] GC(29) Tenured: 7914K(1398144K)->7987K(1398144K)
[17.218s][info][gc,metaspace   ] GC(29) Metaspace: 14492K(15040K)->14492K(15040K) NonClass: 12446K(12736K)->12446K(12736K) Class: 2045K(2304K)->2045K(2304K)
[17.218s][info][gc             ] GC(29) Pause Young (Allocation Failure) 555M->8M(1979M) 34.399ms
[17.218s][info][gc,cpu         ] GC(29) User=0.03s Sys=0.00s Real=0.03s
[17.659s][info][gc,start       ] GC(30) Pause Young (Allocation Failure)
[17.690s][info][gc,heap        ] GC(30) DefNew: 560415K(629248K)->1054K(629248K) Eden: 559360K(559360K)->0K(559360K) From: 1055K(69888K)->1054K(69888K)
[17.690s][info][gc,heap        ] GC(30) Tenured: 7987K(1398144K)->8058K(1398144K)
[17.690s][info][gc,metaspace   ] GC(30) Metaspace: 14492K(15040K)->14492K(15040K) NonClass: 12446K(12736K)->12446K(12736K) Class: 2045K(2304K)->2045K(2304K)
[17.690s][info][gc             ] GC(30) Pause Young (Allocation Failure) 555M->8M(1979M) 31.414ms
[17.690s][info][gc,cpu         ] GC(30) User=0.03s Sys=0.00s Real=0.03s
[18.130s][info][gc,start       ] GC(31) Pause Young (Allocation Failure)
[18.161s][info][gc,heap        ] GC(31) DefNew: 560414K(629248K)->1040K(629248K) Eden: 559360K(559360K)->0K(559360K) From: 1054K(69888K)->1040K(69888K)
[18.161s][info][gc,heap        ] GC(31) Tenured: 8058K(1398144K)->8142K(1398144K)
[18.161s][info][gc,metaspace   ] GC(31) Metaspace: 14492K(15040K)->14492K(15040K) NonClass: 12446K(12736K)->12446K(12736K) Class: 2045K(2304K)->2045K(2304K)
[18.161s][info][gc             ] GC(31) Pause Young (Allocation Failure) 555M->8M(1979M) 31.853ms
[18.161s][info][gc,cpu         ] GC(31) User=0.03s Sys=0.00s Real=0.03s
[18.588s][info][gc,start       ] GC(32) Pause Young (Allocation Failure)
[18.617s][info][gc,heap        ] GC(32) DefNew: 560400K(629248K)->1039K(629248K) Eden: 559360K(559360K)->0K(559360K) From: 1040K(69888K)->1039K(69888K)
[18.617s][info][gc,heap        ] GC(32) Tenured: 8142K(1398144K)->8209K(1398144K)
[18.617s][info][gc,metaspace   ] GC(32) Metaspace: 14492K(15040K)->14492K(15040K) NonClass: 12446K(12736K)->12446K(12736K) Class: 2045K(2304K)->2045K(2304K)
[18.617s][info][gc             ] GC(32) Pause Young (Allocation Failure) 555M->9M(1979M) 29.485ms
[18.618s][info][gc,cpu         ] GC(32) User=0.03s Sys=0.00s Real=0.03s
[19.041s][info][gc,start       ] GC(33) Pause Young (Allocation Failure)
[19.076s][info][gc,heap        ] GC(33) DefNew: 560399K(629248K)->1036K(629248K) Eden: 559360K(559360K)->0K(559360K) From: 1039K(69888K)->1036K(69888K)
[19.076s][info][gc,heap        ] GC(33) Tenured: 8209K(1398144K)->8277K(1398144K)
[19.076s][info][gc,metaspace   ] GC(33) Metaspace: 14492K(15040K)->14492K(15040K) NonClass: 12446K(12736K)->12446K(12736K) Class: 2045K(2304K)->2045K(2304K)
[19.076s][info][gc             ] GC(33) Pause Young (Allocation Failure) 555M->9M(1979M) 35.187ms
[19.076s][info][gc,cpu         ] GC(33) User=0.03s Sys=0.00s Real=0.03s
[19.503s][info][gc,start       ] GC(34) Pause Young (Allocation Failure)
[19.535s][info][gc,heap        ] GC(34) DefNew: 560396K(629248K)->1033K(629248K) Eden: 559360K(559360K)->0K(559360K) From: 1036K(69888K)->1033K(69888K)
[19.535s][info][gc,heap        ] GC(34) Tenured: 8277K(1398144K)->8345K(1398144K)
[19.535s][info][gc,metaspace   ] GC(34) Metaspace: 14492K(15040K)->14492K(15040K) NonClass: 12446K(12736K)->12446K(12736K) Class: 2045K(2304K)->2045K(2304K)
[19.536s][info][gc             ] GC(34) Pause Young (Allocation Failure) 555M->9M(1979M) 32.098ms
[19.536s][info][gc,cpu         ] GC(34) User=0.03s Sys=0.00s Real=0.03s
[19.964s][info][gc,start       ] GC(35) Pause Young (Allocation Failure)
[20.002s][info][gc,heap        ] GC(35) DefNew: 560393K(629248K)->1034K(629248K) Eden: 559360K(559360K)->0K(559360K) From: 1033K(69888K)->1034K(69888K)
[20.002s][info][gc,heap        ] GC(35) Tenured: 8345K(1398144K)->8413K(1398144K)
[20.002s][info][gc,metaspace   ] GC(35) Metaspace: 14492K(15040K)->14492K(15040K) NonClass: 12446K(12736K)->12446K(12736K) Class: 2045K(2304K)->2045K(2304K)
[20.002s][info][gc             ] GC(35) Pause Young (Allocation Failure) 555M->9M(1979M) 37.304ms
[20.002s][info][gc,cpu         ] GC(35) User=0.05s Sys=0.00s Real=0.04s
[20.429s][info][gc,start       ] GC(36) Pause Young (Allocation Failure)
[20.468s][info][gc,heap        ] GC(36) DefNew: 560394K(629248K)->1029K(629248K) Eden: 559360K(559360K)->0K(559360K) From: 1034K(69888K)->1029K(69888K)
[20.468s][info][gc,heap        ] GC(36) Tenured: 8413K(1398144K)->8484K(1398144K)
[20.468s][info][gc,metaspace   ] GC(36) Metaspace: 14492K(15040K)->14492K(15040K) NonClass: 12446K(12736K)->12446K(12736K) Class: 2045K(2304K)->2045K(2304K)
[20.468s][info][gc             ] GC(36) Pause Young (Allocation Failure) 555M->9M(1979M) 38.944ms
[20.468s][info][gc,cpu         ] GC(36) User=0.05s Sys=0.00s Real=0.04s
[21.005s][info][gc,start       ] GC(37) Pause Young (Allocation Failure)
[21.045s][info][gc,heap        ] GC(37) DefNew: 560389K(629248K)->1032K(629248K) Eden: 559360K(559360K)->0K(559360K) From: 1029K(69888K)->1032K(69888K)
[21.045s][info][gc,heap        ] GC(37) Tenured: 8484K(1398144K)->8552K(1398144K)
[21.045s][info][gc,metaspace   ] GC(37) Metaspace: 14492K(15040K)->14492K(15040K) NonClass: 12446K(12736K)->12446K(12736K) Class: 2045K(2304K)->2045K(2304K)
[21.045s][info][gc             ] GC(37) Pause Young (Allocation Failure) 555M->9M(1979M) 40.035ms
[21.045s][info][gc,cpu         ] GC(37) User=0.05s Sys=0.00s Real=0.04s
[21.507s][info][gc,start       ] GC(38) Pause Young (Allocation Failure)
[21.542s][info][gc,heap        ] GC(38) DefNew: 560392K(629248K)->1036K(629248K) Eden: 559360K(559360K)->0K(559360K) From: 1032K(69888K)->1036K(69888K)
[21.542s][info][gc,heap        ] GC(38) Tenured: 8552K(1398144K)->8620K(1398144K)
[21.542s][info][gc,metaspace   ] GC(38) Metaspace: 14492K(15040K)->14492K(15040K) NonClass: 12446K(12736K)->12446K(12736K) Class: 2045K(2304K)->2045K(2304K)
[21.542s][info][gc             ] GC(38) Pause Young (Allocation Failure) 555M->9M(1979M) 35.122ms
[21.542s][info][gc,cpu         ] GC(38) User=0.03s Sys=0.00s Real=0.04s
[22.013s][info][gc,start       ] GC(39) Pause Young (Allocation Failure)
[22.047s][info][gc,heap        ] GC(39) DefNew: 560396K(629248K)->1041K(629248K) Eden: 559360K(559360K)->0K(559360K) From: 1036K(69888K)->1041K(69888K)
[22.047s][info][gc,heap        ] GC(39) Tenured: 8620K(1398144K)->8688K(1398144K)
[22.047s][info][gc,metaspace   ] GC(39) Metaspace: 14492K(15040K)->14492K(15040K) NonClass: 12446K(12736K)->12446K(12736K) Class: 2045K(2304K)->2045K(2304K)
[22.047s][info][gc             ] GC(39) Pause Young (Allocation Failure) 555M->9M(1979M) 34.187ms
[22.047s][info][gc,cpu         ] GC(39) User=0.03s Sys=0.00s Real=0.03s
[22.521s][info][gc,start       ] GC(40) Pause Full (System.gc())
[22.521s][info][gc,phases,start] GC(40) Phase 1: Mark live objects
[22.563s][info][gc,phases      ] GC(40) Phase 1: Mark live objects 41.950ms
[22.563s][info][gc,phases,start] GC(40) Phase 2: Compute new object addresses
[22.697s][info][gc,phases      ] GC(40) Phase 2: Compute new object addresses 133.189ms
[22.697s][info][gc,phases,start] GC(40) Phase 3: Adjust pointers
[22.706s][info][gc,phases      ] GC(40) Phase 3: Adjust pointers 9.457ms
[22.706s][info][gc,phases,start] GC(40) Phase 4: Move objects
[22.706s][info][gc,phases      ] GC(40) Phase 4: Move objects 0.036ms
[22.707s][info][gc,heap        ] GC(40) DefNew: 560401K(629248K)->0K(629248K) Eden: 559360K(559360K)->0K(559360K) From: 1041K(69888K)->0K(69888K)
[22.707s][info][gc,heap        ] GC(40) Tenured: 8688K(1398144K)->8723K(1398144K)
[22.707s][info][gc,metaspace   ] GC(40) Metaspace: 14594K(15168K)->14182K(15040K) NonClass: 12538K(12864K)->12241K(12736K) Class: 2055K(2304K)->1941K(2304K)
[22.707s][info][gc             ] GC(40) Pause Full (System.gc()) 555M->8M(1979M) 186.188ms
[22.708s][info][gc,cpu         ] GC(40) User=0.20s Sys=0.00s Real=0.20s
[23.054s][info][gc,start       ] GC(41) Pause Young (Allocation Failure)
[23.086s][info][gc,heap        ] GC(41) DefNew: 559360K(629248K)->1514K(629248K) Eden: 559360K(559360K)->0K(559360K) From: 0K(69888K)->1514K(69888K)
[23.086s][info][gc,heap        ] GC(41) Tenured: 8723K(1398144K)->8723K(1398144K)
[23.086s][info][gc,metaspace   ] GC(41) Metaspace: 14184K(15040K)->14184K(15040K) NonClass: 12242K(12736K)->12242K(12736K) Class: 1941K(2304K)->1941K(2304K)
[23.086s][info][gc             ] GC(41) Pause Young (Allocation Failure) 554M->9M(1979M) 31.928ms
[23.086s][info][gc,cpu         ] GC(41) User=0.03s Sys=0.00s Real=0.03s
[23.538s][info][gc,start       ] GC(42) Pause Young (Allocation Failure)
[23.573s][info][gc,heap        ] GC(42) DefNew: 560874K(629248K)->1587K(629248K) Eden: 559360K(559360K)->0K(559360K) From: 1514K(69888K)->1587K(69888K)
[23.573s][info][gc,heap        ] GC(42) Tenured: 8723K(1398144K)->8723K(1398144K)
[23.573s][info][gc,metaspace   ] GC(42) Metaspace: 14184K(15040K)->14184K(15040K) NonClass: 12242K(12736K)->12242K(12736K) Class: 1941K(2304K)->1941K(2304K)
[23.573s][info][gc             ] GC(42) Pause Young (Allocation Failure) 556M->10M(1979M) 35.174ms
[23.573s][info][gc,cpu         ] GC(42) User=0.03s Sys=0.00s Real=0.02s
[24.012s][info][gc,start       ] GC(43) Pause Young (Allocation Failure)
[24.044s][info][gc,heap        ] GC(43) DefNew: 560947K(629248K)->1657K(629248K) Eden: 559360K(559360K)->0K(559360K) From: 1587K(69888K)->1657K(69888K)
[24.044s][info][gc,heap        ] GC(43) Tenured: 8723K(1398144K)->8723K(1398144K)
[24.044s][info][gc,metaspace   ] GC(43) Metaspace: 14184K(15040K)->14184K(15040K) NonClass: 12242K(12736K)->12242K(12736K) Class: 1941K(2304K)->1941K(2304K)
[24.044s][info][gc             ] GC(43) Pause Young (Allocation Failure) 556M->10M(1979M) 31.642ms
[24.044s][info][gc,cpu         ] GC(43) User=0.03s Sys=0.00s Real=0.02s
[24.465s][info][gc,start       ] GC(44) Pause Young (Allocation Failure)
[24.504s][info][gc,heap        ] GC(44) DefNew: 561017K(629248K)->1722K(629248K) Eden: 559360K(559360K)->0K(559360K) From: 1657K(69888K)->1722K(69888K)
[24.504s][info][gc,heap        ] GC(44) Tenured: 8723K(1398144K)->8723K(1398144K)
[24.504s][info][gc,metaspace   ] GC(44) Metaspace: 14184K(15040K)->14184K(15040K) NonClass: 12242K(12736K)->12242K(12736K) Class: 1941K(2304K)->1941K(2304K)
[24.505s][info][gc             ] GC(44) Pause Young (Allocation Failure) 556M->10M(1979M) 39.918ms
[24.505s][info][gc,cpu         ] GC(44) User=0.05s Sys=0.00s Real=0.04s
[24.953s][info][gc,start       ] GC(45) Pause Young (Allocation Failure)
[24.993s][info][gc,heap        ] GC(45) DefNew: 561082K(629248K)->1790K(629248K) Eden: 559360K(559360K)->0K(559360K) From: 1722K(69888K)->1790K(69888K)
[24.993s][info][gc,heap        ] GC(45) Tenured: 8723K(1398144K)->8723K(1398144K)
[24.993s][info][gc,metaspace   ] GC(45) Metaspace: 14184K(15040K)->14184K(15040K) NonClass: 12242K(12736K)->12242K(12736K) Class: 1941K(2304K)->1941K(2304K)
[24.993s][info][gc             ] GC(45) Pause Young (Allocation Failure) 556M->10M(1979M) 40.057ms
[24.993s][info][gc,cpu         ] GC(45) User=0.03s Sys=0.00s Real=0.04s
[25.420s][info][gc,start       ] GC(46) Pause Young (Allocation Failure)
[25.456s][info][gc,heap        ] GC(46) DefNew: 561150K(629248K)->1861K(629248K) Eden: 559360K(559360K)->0K(559360K) From: 1790K(69888K)->1861K(69888K)
[25.456s][info][gc,heap        ] GC(46) Tenured: 8723K(1398144K)->8723K(1398144K)
[25.456s][info][gc,metaspace   ] GC(46) Metaspace: 14184K(15040K)->14184K(15040K) NonClass: 12242K(12736K)->12242K(12736K) Class: 1941K(2304K)->1941K(2304K)
[25.456s][info][gc             ] GC(46) Pause Young (Allocation Failure) 556M->10M(1979M) 36.563ms
[25.457s][info][gc,cpu         ] GC(46) User=0.03s Sys=0.00s Real=0.04s
[25.866s][info][gc,start       ] GC(47) Pause Young (Allocation Failure)
[25.897s][info][gc,heap        ] GC(47) DefNew: 561221K(629248K)->1930K(629248K) Eden: 559360K(559360K)->0K(559360K) From: 1861K(69888K)->1930K(69888K)
[25.897s][info][gc,heap        ] GC(47) Tenured: 8723K(1398144K)->8723K(1398144K)
[25.897s][info][gc,metaspace   ] GC(47) Metaspace: 14184K(15040K)->14184K(15040K) NonClass: 12242K(12736K)->12242K(12736K) Class: 1941K(2304K)->1941K(2304K)
[25.897s][info][gc             ] GC(47) Pause Young (Allocation Failure) 556M->10M(1979M) 31.006ms
[25.897s][info][gc,cpu         ] GC(47) User=0.03s Sys=0.00s Real=0.03s
[26.360s][info][gc,start       ] GC(48) Pause Young (Allocation Failure)
[26.389s][info][gc,heap        ] GC(48) DefNew: 561290K(629248K)->2004K(629248K) Eden: 559360K(559360K)->0K(559360K) From: 1930K(69888K)->2004K(69888K)
[26.389s][info][gc,heap        ] GC(48) Tenured: 8723K(1398144K)->8723K(1398144K)
[26.389s][info][gc,metaspace   ] GC(48) Metaspace: 14184K(15040K)->14184K(15040K) NonClass: 12242K(12736K)->12242K(12736K) Class: 1941K(2304K)->1941K(2304K)
[26.389s][info][gc             ] GC(48) Pause Young (Allocation Failure) 556M->10M(1979M) 29.739ms
[26.389s][info][gc,cpu         ] GC(48) User=0.03s Sys=0.00s Real=0.03s
[26.810s][info][gc,start       ] GC(49) Pause Young (Allocation Failure)
[26.842s][info][gc,heap        ] GC(49) DefNew: 561364K(629248K)->2069K(629248K) Eden: 559360K(559360K)->0K(559360K) From: 2004K(69888K)->2069K(69888K)
[26.842s][info][gc,heap        ] GC(49) Tenured: 8723K(1398144K)->8723K(1398144K)
[26.842s][info][gc,metaspace   ] GC(49) Metaspace: 14184K(15040K)->14184K(15040K) NonClass: 12242K(12736K)->12242K(12736K) Class: 1941K(2304K)->1941K(2304K)
[26.842s][info][gc             ] GC(49) Pause Young (Allocation Failure) 556M->10M(1979M) 32.149ms
[26.842s][info][gc,cpu         ] GC(49) User=0.03s Sys=0.00s Real=0.03s
[27.245s][info][gc,start       ] GC(50) Pause Young (Allocation Failure)
[27.284s][info][gc,heap        ] GC(50) DefNew: 561429K(629248K)->2134K(629248K) Eden: 559360K(559360K)->0K(559360K) From: 2069K(69888K)->2134K(69888K)
[27.284s][info][gc,heap        ] GC(50) Tenured: 8723K(1398144K)->8723K(1398144K)
[27.284s][info][gc,metaspace   ] GC(50) Metaspace: 14184K(15040K)->14184K(15040K) NonClass: 12242K(12736K)->12242K(12736K) Class: 1941K(2304K)->1941K(2304K)
[27.284s][info][gc             ] GC(50) Pause Young (Allocation Failure) 556M->10M(1979M) 38.558ms
[27.284s][info][gc,cpu         ] GC(50) User=0.05s Sys=0.00s Real=0.04s
[27.693s][info][gc,start       ] GC(51) Pause Young (Allocation Failure)
[27.730s][info][gc,heap        ] GC(51) DefNew: 561494K(629248K)->2198K(629248K) Eden: 559360K(559360K)->0K(559360K) From: 2134K(69888K)->2198K(69888K)
[27.730s][info][gc,heap        ] GC(51) Tenured: 8723K(1398144K)->8723K(1398144K)
[27.730s][info][gc,metaspace   ] GC(51) Metaspace: 14184K(15040K)->14184K(15040K) NonClass: 12242K(12736K)->12242K(12736K) Class: 1941K(2304K)->1941K(2304K)
[27.730s][info][gc             ] GC(51) Pause Young (Allocation Failure) 556M->10M(1979M) 36.297ms
[27.730s][info][gc,cpu         ] GC(51) User=0.03s Sys=0.00s Real=0.03s
[28.150s][info][gc,start       ] GC(52) Pause Young (Allocation Failure)
[28.192s][info][gc,heap        ] GC(52) DefNew: 561558K(629248K)->2264K(629248K) Eden: 559360K(559360K)->0K(559360K) From: 2198K(69888K)->2264K(69888K)
[28.192s][info][gc,heap        ] GC(52) Tenured: 8723K(1398144K)->8723K(1398144K)
[28.192s][info][gc,metaspace   ] GC(52) Metaspace: 14184K(15040K)->14184K(15040K) NonClass: 12242K(12736K)->12242K(12736K) Class: 1941K(2304K)->1941K(2304K)
[28.192s][info][gc             ] GC(52) Pause Young (Allocation Failure) 556M->10M(1979M) 42.109ms
[28.192s][info][gc,cpu         ] GC(52) User=0.05s Sys=0.00s Real=0.04s
[28.601s][info][gc,start       ] GC(53) Pause Young (Allocation Failure)
[28.643s][info][gc,heap        ] GC(53) DefNew: 561624K(629248K)->2331K(629248K) Eden: 559360K(559360K)->0K(559360K) From: 2264K(69888K)->2331K(69888K)
[28.643s][info][gc,heap        ] GC(53) Tenured: 8723K(1398144K)->8723K(1398144K)
[28.643s][info][gc,metaspace   ] GC(53) Metaspace: 14184K(15040K)->14184K(15040K) NonClass: 12242K(12736K)->12242K(12736K) Class: 1941K(2304K)->1941K(2304K)
[28.643s][info][gc             ] GC(53) Pause Young (Allocation Failure) 556M->10M(1979M) 42.287ms
[28.643s][info][gc,cpu         ] GC(53) User=0.05s Sys=0.00s Real=0.04s
[29.099s][info][gc,start       ] GC(54) Pause Young (Allocation Failure)
[29.144s][info][gc,heap        ] GC(54) DefNew: 561691K(629248K)->2396K(629248K) Eden: 559360K(559360K)->0K(559360K) From: 2331K(69888K)->2396K(69888K)
[29.144s][info][gc,heap        ] GC(54) Tenured: 8723K(1398144K)->8723K(1398144K)
[29.144s][info][gc,metaspace   ] GC(54) Metaspace: 14184K(15040K)->14184K(15040K) NonClass: 12242K(12736K)->12242K(12736K) Class: 1941K(2304K)->1941K(2304K)
[29.144s][info][gc             ] GC(54) Pause Young (Allocation Failure) 557M->10M(1979M) 45.044ms
[29.145s][info][gc,cpu         ] GC(54) User=0.03s Sys=0.00s Real=0.03s
[29.580s][info][gc,start       ] GC(55) Pause Young (Allocation Failure)
[29.618s][info][gc,heap        ] GC(55) DefNew: 561756K(629248K)->2468K(629248K) Eden: 559360K(559360K)->0K(559360K) From: 2396K(69888K)->2468K(69888K)
[29.618s][info][gc,heap        ] GC(55) Tenured: 8723K(1398144K)->8723K(1398144K)
[29.618s][info][gc,metaspace   ] GC(55) Metaspace: 14184K(15040K)->14184K(15040K) NonClass: 12242K(12736K)->12242K(12736K) Class: 1941K(2304K)->1941K(2304K)
[29.618s][info][gc             ] GC(55) Pause Young (Allocation Failure) 557M->10M(1979M) 38.393ms
[29.618s][info][gc,cpu         ] GC(55) User=0.03s Sys=0.00s Real=0.04s
[30.079s][info][gc,start       ] GC(56) Pause Young (Allocation Failure)
[30.112s][info][gc,heap        ] GC(56) DefNew: 561828K(629248K)->1035K(629248K) Eden: 559360K(559360K)->0K(559360K) From: 2468K(69888K)->1035K(69888K)
[30.112s][info][gc,heap        ] GC(56) Tenured: 8723K(1398144K)->10229K(1398144K)
[30.112s][info][gc,metaspace   ] GC(56) Metaspace: 14184K(15040K)->14184K(15040K) NonClass: 12242K(12736K)->12242K(12736K) Class: 1941K(2304K)->1941K(2304K)
[30.112s][info][gc             ] GC(56) Pause Young (Allocation Failure) 557M->11M(1979M) 33.543ms
[30.112s][info][gc,cpu         ] GC(56) User=0.03s Sys=0.00s Real=0.03s
[30.537s][info][gc,start       ] GC(57) Pause Young (Allocation Failure)
[30.576s][info][gc,heap        ] GC(57) DefNew: 560395K(629248K)->1032K(629248K) Eden: 559360K(559360K)->0K(559360K) From: 1035K(69888K)->1032K(69888K)
[30.576s][info][gc,heap        ] GC(57) Tenured: 10229K(1398144K)->10303K(1398144K)
[30.576s][info][gc,metaspace   ] GC(57) Metaspace: 14184K(15040K)->14184K(15040K) NonClass: 12242K(12736K)->12242K(12736K) Class: 1941K(2304K)->1941K(2304K)
[30.576s][info][gc             ] GC(57) Pause Young (Allocation Failure) 557M->11M(1979M) 39.246ms
[30.576s][info][gc,cpu         ] GC(57) User=0.05s Sys=0.00s Real=0.04s
[31.007s][info][gc,start       ] GC(58) Pause Young (Allocation Failure)
[31.044s][info][gc,heap        ] GC(58) DefNew: 560392K(629248K)->1035K(629248K) Eden: 559360K(559360K)->0K(559360K) From: 1032K(69888K)->1035K(69888K)
[31.044s][info][gc,heap        ] GC(58) Tenured: 10303K(1398144K)->10371K(1398144K)
[31.044s][info][gc,metaspace   ] GC(58) Metaspace: 14184K(15040K)->14184K(15040K) NonClass: 12242K(12736K)->12242K(12736K) Class: 1941K(2304K)->1941K(2304K)
[31.044s][info][gc             ] GC(58) Pause Young (Allocation Failure) 557M->11M(1979M) 37.003ms
[31.044s][info][gc,cpu         ] GC(58) User=0.03s Sys=0.00s Real=0.04s
[31.470s][info][gc,start       ] GC(59) Pause Young (Allocation Failure)
[31.511s][info][gc,heap        ] GC(59) DefNew: 560395K(629248K)->1039K(629248K) Eden: 559360K(559360K)->0K(559360K) From: 1035K(69888K)->1039K(69888K)
[31.511s][info][gc,heap        ] GC(59) Tenured: 10371K(1398144K)->10436K(1398144K)
[31.511s][info][gc,metaspace   ] GC(59) Metaspace: 14184K(15040K)->14184K(15040K) NonClass: 12242K(12736K)->12242K(12736K) Class: 1941K(2304K)->1941K(2304K)
[31.511s][info][gc             ] GC(59) Pause Young (Allocation Failure) 557M->11M(1979M) 41.692ms
[31.511s][info][gc,cpu         ] GC(59) User=0.03s Sys=0.00s Real=0.04s
[31.940s][info][gc,start       ] GC(60) Pause Young (Allocation Failure)
[31.982s][info][gc,heap        ] GC(60) DefNew: 560399K(629248K)->1037K(629248K) Eden: 559360K(559360K)->0K(559360K) From: 1039K(69888K)->1037K(69888K)
[31.982s][info][gc,heap        ] GC(60) Tenured: 10436K(1398144K)->10504K(1398144K)
[31.982s][info][gc,metaspace   ] GC(60) Metaspace: 14184K(15040K)->14184K(15040K) NonClass: 12242K(12736K)->12242K(12736K) Class: 1941K(2304K)->1941K(2304K)
[31.982s][info][gc             ] GC(60) Pause Young (Allocation Failure) 557M->11M(1979M) 42.702ms
[31.982s][info][gc,cpu         ] GC(60) User=0.05s Sys=0.00s Real=0.04s
[32.412s][info][gc,start       ] GC(61) Pause Young (Allocation Failure)
[32.458s][info][gc,heap        ] GC(61) DefNew: 560397K(629248K)->1034K(629248K) Eden: 559360K(559360K)->0K(559360K) From: 1037K(69888K)->1034K(69888K)
[32.458s][info][gc,heap        ] GC(61) Tenured: 10504K(1398144K)->10575K(1398144K)
[32.458s][info][gc,metaspace   ] GC(61) Metaspace: 14184K(15040K)->14184K(15040K) NonClass: 12242K(12736K)->12242K(12736K) Class: 1941K(2304K)->1941K(2304K)
[32.458s][info][gc             ] GC(61) Pause Young (Allocation Failure) 557M->11M(1979M) 45.508ms
[32.458s][info][gc,cpu         ] GC(61) User=0.05s Sys=0.00s Real=0.04s
[32.882s][info][gc,start       ] GC(62) Pause Young (Allocation Failure)
[32.927s][info][gc,heap        ] GC(62) DefNew: 560394K(629248K)->1031K(629248K) Eden: 559360K(559360K)->0K(559360K) From: 1034K(69888K)->1031K(69888K)
[32.927s][info][gc,heap        ] GC(62) Tenured: 10575K(1398144K)->10643K(1398144K)
[32.927s][info][gc,metaspace   ] GC(62) Metaspace: 14184K(15040K)->14184K(15040K) NonClass: 12242K(12736K)->12242K(12736K) Class: 1941K(2304K)->1941K(2304K)
[32.927s][info][gc             ] GC(62) Pause Young (Allocation Failure) 557M->11M(1979M) 45.040ms
[32.927s][info][gc,cpu         ] GC(62) User=0.05s Sys=0.00s Real=0.05s
[33.359s][info][gc,start       ] GC(63) Pause Young (Allocation Failure)
[33.403s][info][gc,heap        ] GC(63) DefNew: 560391K(629248K)->1027K(629248K) Eden: 559360K(559360K)->0K(559360K) From: 1031K(69888K)->1027K(69888K)
[33.403s][info][gc,heap        ] GC(63) Tenured: 10643K(1398144K)->10717K(1398144K)
[33.403s][info][gc,metaspace   ] GC(63) Metaspace: 14184K(15040K)->14184K(15040K) NonClass: 12242K(12736K)->12242K(12736K) Class: 1941K(2304K)->1941K(2304K)
[33.403s][info][gc             ] GC(63) Pause Young (Allocation Failure) 557M->11M(1979M) 43.501ms
[33.403s][info][gc,cpu         ] GC(63) User=0.03s Sys=0.00s Real=0.04s
[33.857s][info][gc,start       ] GC(64) Pause Young (Allocation Failure)
[33.892s][info][gc,heap        ] GC(64) DefNew: 560387K(629248K)->1033K(629248K) Eden: 559360K(559360K)->0K(559360K) From: 1027K(69888K)->1033K(69888K)
[33.892s][info][gc,heap        ] GC(64) Tenured: 10717K(1398144K)->10783K(1398144K)
[33.892s][info][gc,metaspace   ] GC(64) Metaspace: 14184K(15040K)->14184K(15040K) NonClass: 12242K(12736K)->12242K(12736K) Class: 1941K(2304K)->1941K(2304K)
[33.892s][info][gc             ] GC(64) Pause Young (Allocation Failure) 557M->11M(1979M) 34.808ms
[33.892s][info][gc,cpu         ] GC(64) User=0.03s Sys=0.00s Real=0.03s
[34.317s][info][gc,start       ] GC(65) Pause Young (Allocation Failure)
[34.358s][info][gc,heap        ] GC(65) DefNew: 560393K(629248K)->1035K(629248K) Eden: 559360K(559360K)->0K(559360K) From: 1033K(69888K)->1035K(69888K)
[34.358s][info][gc,heap        ] GC(65) Tenured: 10783K(1398144K)->10847K(1398144K)
[34.358s][info][gc,metaspace   ] GC(65) Metaspace: 14184K(15040K)->14184K(15040K) NonClass: 12242K(12736K)->12242K(12736K) Class: 1941K(2304K)->1941K(2304K)
[34.358s][info][gc             ] GC(65) Pause Young (Allocation Failure) 557M->11M(1979M) 40.797ms
[34.358s][info][gc,cpu         ] GC(65) User=0.05s Sys=0.00s Real=0.04s
[34.794s][info][gc,start       ] GC(66) Pause Young (Allocation Failure)
[34.835s][info][gc,heap        ] GC(66) DefNew: 560395K(629248K)->1039K(629248K) Eden: 559360K(559360K)->0K(559360K) From: 1035K(69888K)->1039K(69888K)
[34.835s][info][gc,heap        ] GC(66) Tenured: 10847K(1398144K)->10912K(1398144K)
[34.835s][info][gc,metaspace   ] GC(66) Metaspace: 14184K(15040K)->14184K(15040K) NonClass: 12242K(12736K)->12242K(12736K) Class: 1941K(2304K)->1941K(2304K)
[34.835s][info][gc             ] GC(66) Pause Young (Allocation Failure) 557M->11M(1979M) 41.213ms
[34.835s][info][gc,cpu         ] GC(66) User=0.05s Sys=0.00s Real=0.04s
[35.262s][info][gc,start       ] GC(67) Pause Young (Allocation Failure)
[35.305s][info][gc,heap        ] GC(67) DefNew: 560399K(629248K)->1042K(629248K) Eden: 559360K(559360K)->0K(559360K) From: 1039K(69888K)->1042K(69888K)
[35.305s][info][gc,heap        ] GC(67) Tenured: 10912K(1398144K)->10976K(1398144K)
[35.305s][info][gc,metaspace   ] GC(67) Metaspace: 14184K(15040K)->14184K(15040K) NonClass: 12242K(12736K)->12242K(12736K) Class: 1941K(2304K)->1941K(2304K)
[35.306s][info][gc             ] GC(67) Pause Young (Allocation Failure) 557M->11M(1979M) 43.160ms
[35.306s][info][gc,cpu         ] GC(67) User=0.05s Sys=0.00s Real=0.04s
[35.736s][info][gc,start       ] GC(68) Pause Young (Allocation Failure)
[35.780s][info][gc,heap        ] GC(68) DefNew: 560402K(629248K)->1045K(629248K) Eden: 559360K(559360K)->0K(559360K) From: 1042K(69888K)->1045K(69888K)
[35.780s][info][gc,heap        ] GC(68) Tenured: 10976K(1398144K)->11045K(1398144K)
[35.780s][info][gc,metaspace   ] GC(68) Metaspace: 14184K(15040K)->14184K(15040K) NonClass: 12242K(12736K)->12242K(12736K) Class: 1941K(2304K)->1941K(2304K)
[35.780s][info][gc             ] GC(68) Pause Young (Allocation Failure) 557M->11M(1979M) 44.658ms
[35.780s][info][gc,cpu         ] GC(68) User=0.05s Sys=0.00s Real=0.05s
[36.213s][info][gc,start       ] GC(69) Pause Young (Allocation Failure)
[36.255s][info][gc,heap        ] GC(69) DefNew: 560405K(629248K)->1052K(629248K) Eden: 559360K(559360K)->0K(559360K) From: 1045K(69888K)->1052K(69888K)
[36.255s][info][gc,heap        ] GC(69) Tenured: 11045K(1398144K)->11109K(1398144K)
[36.255s][info][gc,metaspace   ] GC(69) Metaspace: 14184K(15040K)->14184K(15040K) NonClass: 12242K(12736K)->12242K(12736K) Class: 1941K(2304K)->1941K(2304K)
[36.255s][info][gc             ] GC(69) Pause Young (Allocation Failure) 558M->11M(1979M) 42.868ms
[36.255s][info][gc,cpu         ] GC(69) User=0.05s Sys=0.00s Real=0.04s
[36.684s][info][gc,start       ] GC(70) Pause Young (Allocation Failure)
[36.731s][info][gc,heap        ] GC(70) DefNew: 560412K(629248K)->1052K(629248K) Eden: 559360K(559360K)->0K(559360K) From: 1052K(69888K)->1052K(69888K)
[36.731s][info][gc,heap        ] GC(70) Tenured: 11109K(1398144K)->11180K(1398144K)
[36.731s][info][gc,metaspace   ] GC(70) Metaspace: 14184K(15040K)->14184K(15040K) NonClass: 12242K(12736K)->12242K(12736K) Class: 1941K(2304K)->1941K(2304K)
[36.731s][info][gc             ] GC(70) Pause Young (Allocation Failure) 558M->11M(1979M) 47.005ms
[36.731s][info][gc,cpu         ] GC(70) User=0.05s Sys=0.00s Real=0.05s
[37.230s][info][gc,start       ] GC(71) Pause Young (Allocation Failure)
[37.279s][info][gc,heap        ] GC(71) DefNew: 560412K(629248K)->1046K(629248K) Eden: 559360K(559360K)->0K(559360K) From: 1052K(69888K)->1046K(69888K)
[37.279s][info][gc,heap        ] GC(71) Tenured: 11180K(1398144K)->11254K(1398144K)
[37.279s][info][gc,metaspace   ] GC(71) Metaspace: 14184K(15040K)->14184K(15040K) NonClass: 12242K(12736K)->12242K(12736K) Class: 1941K(2304K)->1941K(2304K)
[37.279s][info][gc             ] GC(71) Pause Young (Allocation Failure) 558M->12M(1979M) 49.102ms
[37.279s][info][gc,cpu         ] GC(71) User=0.06s Sys=0.00s Real=0.05s
[37.727s][info][gc,start       ] GC(72) Pause Young (Allocation Failure)
[37.759s][info][gc,heap        ] GC(72) DefNew: 560406K(629248K)->1045K(629248K) Eden: 559359K(559360K)->0K(559360K) From: 1046K(69888K)->1045K(69888K)
[37.759s][info][gc,heap        ] GC(72) Tenured: 11254K(1398144K)->11325K(1398144K)
[37.759s][info][gc,metaspace   ] GC(72) Metaspace: 14184K(15040K)->14184K(15040K) NonClass: 12242K(12736K)->12242K(12736K) Class: 1941K(2304K)->1941K(2304K)
[37.759s][info][gc             ] GC(72) Pause Young (Allocation Failure) 558M->12M(1979M) 32.649ms
[37.759s][info][gc,cpu         ] GC(72) User=0.03s Sys=0.00s Real=0.03s
[38.189s][info][gc,start       ] GC(73) Pause Young (Allocation Failure)
[38.222s][info][gc,heap        ] GC(73) DefNew: 560405K(629248K)->1043K(629248K) Eden: 559360K(559360K)->0K(559360K) From: 1045K(69888K)->1043K(69888K)
[38.222s][info][gc,heap        ] GC(73) Tenured: 11325K(1398144K)->11396K(1398144K)
[38.222s][info][gc,metaspace   ] GC(73) Metaspace: 14184K(15040K)->14184K(15040K) NonClass: 12242K(12736K)->12242K(12736K) Class: 1941K(2304K)->1941K(2304K)
[38.222s][info][gc             ] GC(73) Pause Young (Allocation Failure) 558M->12M(1979M) 33.825ms
[38.222s][info][gc,cpu         ] GC(73) User=0.03s Sys=0.00s Real=0.03s
[38.661s][info][gc,start       ] GC(74) Pause Young (Allocation Failure)
[38.703s][info][gc,heap        ] GC(74) DefNew: 560403K(629248K)->1042K(629248K) Eden: 559360K(559360K)->0K(559360K) From: 1043K(69888K)->1042K(69888K)
[38.703s][info][gc,heap        ] GC(74) Tenured: 11396K(1398144K)->11463K(1398144K)
[38.703s][info][gc,metaspace   ] GC(74) Metaspace: 14184K(15040K)->14184K(15040K) NonClass: 12242K(12736K)->12242K(12736K) Class: 1941K(2304K)->1941K(2304K)
[38.703s][info][gc             ] GC(74) Pause Young (Allocation Failure) 558M->12M(1979M) 42.710ms
[38.703s][info][gc,cpu         ] GC(74) User=0.03s Sys=0.00s Real=0.03s
[39.133s][info][gc,start       ] GC(75) Pause Young (Allocation Failure)
[39.177s][info][gc,heap        ] GC(75) DefNew: 560402K(629248K)->1042K(629248K) Eden: 559360K(559360K)->0K(559360K) From: 1042K(69888K)->1042K(69888K)
[39.177s][info][gc,heap        ] GC(75) Tenured: 11463K(1398144K)->11531K(1398144K)
[39.177s][info][gc,metaspace   ] GC(75) Metaspace: 14184K(15040K)->14184K(15040K) NonClass: 12242K(12736K)->12242K(12736K) Class: 1941K(2304K)->1941K(2304K)
[39.177s][info][gc             ] GC(75) Pause Young (Allocation Failure) 558M->12M(1979M) 44.477ms
[39.177s][info][gc,cpu         ] GC(75) User=0.05s Sys=0.00s Real=0.05s
[39.608s][info][gc,start       ] GC(76) Pause Young (Allocation Failure)
[39.651s][info][gc,heap        ] GC(76) DefNew: 560402K(629248K)->1045K(629248K) Eden: 559360K(559360K)->0K(559360K) From: 1042K(69888K)->1045K(69888K)
[39.651s][info][gc,heap        ] GC(76) Tenured: 11531K(1398144K)->11599K(1398144K)
[39.651s][info][gc,metaspace   ] GC(76) Metaspace: 14184K(15040K)->14184K(15040K) NonClass: 12242K(12736K)->12242K(12736K) Class: 1941K(2304K)->1941K(2304K)
[39.651s][info][gc             ] GC(76) Pause Young (Allocation Failure) 558M->12M(1979M) 43.015ms
[39.651s][info][gc,cpu         ] GC(76) User=0.03s Sys=0.00s Real=0.04s
[40.250s][info][gc,start       ] GC(77) Pause Young (Allocation Failure)
[40.295s][info][gc,heap        ] GC(77) DefNew: 560405K(629248K)->1050K(629248K) Eden: 559360K(559360K)->0K(559360K) From: 1045K(69888K)->1050K(69888K)
[40.295s][info][gc,heap        ] GC(77) Tenured: 11599K(1398144K)->11664K(1398144K)
[40.295s][info][gc,metaspace   ] GC(77) Metaspace: 14184K(15040K)->14184K(15040K) NonClass: 12242K(12736K)->12242K(12736K) Class: 1941K(2304K)->1941K(2304K)
[40.295s][info][gc             ] GC(77) Pause Young (Allocation Failure) 558M->12M(1979M) 44.541ms
[40.295s][info][gc,cpu         ] GC(77) User=0.03s Sys=0.00s Real=0.03s
[40.766s][info][gc,start       ] GC(78) Pause Young (Allocation Failure)
[40.809s][info][gc,heap        ] GC(78) DefNew: 560410K(629248K)->1051K(629248K) Eden: 559360K(559360K)->0K(559360K) From: 1050K(69888K)->1051K(69888K)
[40.809s][info][gc,heap        ] GC(78) Tenured: 11664K(1398144K)->11736K(1398144K)
[40.809s][info][gc,metaspace   ] GC(78) Metaspace: 14184K(15040K)->14184K(15040K) NonClass: 12242K(12736K)->12242K(12736K) Class: 1941K(2304K)->1941K(2304K)
[40.809s][info][gc             ] GC(78) Pause Young (Allocation Failure) 558M->12M(1979M) 42.689ms
[40.809s][info][gc,cpu         ] GC(78) User=0.03s Sys=0.00s Real=0.04s
[41.269s][info][gc,start       ] GC(79) Pause Young (Allocation Failure)
[41.309s][info][gc,heap        ] GC(79) DefNew: 560411K(629248K)->1055K(629248K) Eden: 559360K(559360K)->0K(559360K) From: 1051K(69888K)->1055K(69888K)
[41.309s][info][gc,heap        ] GC(79) Tenured: 11736K(1398144K)->11807K(1398144K)
[41.309s][info][gc,metaspace   ] GC(79) Metaspace: 14184K(15040K)->14184K(15040K) NonClass: 12242K(12736K)->12242K(12736K) Class: 1941K(2304K)->1941K(2304K)
[41.309s][info][gc             ] GC(79) Pause Young (Allocation Failure) 558M->12M(1979M) 39.773ms
[41.309s][info][gc,cpu         ] GC(79) User=0.03s Sys=0.00s Real=0.03s
[41.725s][info][gc,start       ] GC(80) Pause Young (Allocation Failure)
[41.761s][info][gc,heap        ] GC(80) DefNew: 560415K(629248K)->1051K(629248K) Eden: 559360K(559360K)->0K(559360K) From: 1055K(69888K)->1051K(69888K)
[41.761s][info][gc,heap        ] GC(80) Tenured: 11807K(1398144K)->11875K(1398144K)
[41.761s][info][gc,metaspace   ] GC(80) Metaspace: 14184K(15040K)->14184K(15040K) NonClass: 12242K(12736K)->12242K(12736K) Class: 1941K(2304K)->1941K(2304K)
[41.761s][info][gc             ] GC(80) Pause Young (Allocation Failure) 558M->12M(1979M) 36.330ms
[41.761s][info][gc,cpu         ] GC(80) User=0.03s Sys=0.00s Real=0.03s
[42.077s][info][gc,start       ] GC(81) Pause Full (System.gc())
[42.077s][info][gc,phases,start] GC(81) Phase 1: Mark live objects
[42.112s][info][gc,phases      ] GC(81) Phase 1: Mark live objects 34.348ms
[42.112s][info][gc,phases,start] GC(81) Phase 2: Compute new object addresses
[42.167s][info][gc,phases      ] GC(81) Phase 2: Compute new object addresses 55.732ms
[42.167s][info][gc,phases,start] GC(81) Phase 3: Adjust pointers
[42.182s][info][gc,phases      ] GC(81) Phase 3: Adjust pointers 14.500ms
[42.182s][info][gc,phases,start] GC(81) Phase 4: Move objects
[42.182s][info][gc,phases      ] GC(81) Phase 4: Move objects 0.013ms
[42.182s][info][gc,heap        ] GC(81) DefNew: 235219K(629248K)->0K(629248K) Eden: 234168K(559360K)->0K(559360K) From: 1051K(69888K)->0K(69888K)
[42.182s][info][gc,heap        ] GC(81) Tenured: 11875K(1398144K)->11875K(1398144K)
[42.182s][info][gc,metaspace   ] GC(81) Metaspace: 14184K(15040K)->14184K(15040K) NonClass: 12242K(12736K)->12242K(12736K) Class: 1941K(2304K)->1941K(2304K)
[42.182s][info][gc             ] GC(81) Pause Full (System.gc()) 241M->11M(1979M) 105.142ms
[42.182s][info][gc,cpu         ] GC(81) User=0.09s Sys=0.00s Real=0.09s
[42.514s][info][gc,start       ] GC(82) Pause Young (Allocation Failure)
[42.553s][info][gc,heap        ] GC(82) DefNew: 559360K(629248K)->1512K(629248K) Eden: 559360K(559360K)->0K(559360K) From: 0K(69888K)->1512K(69888K)
[42.553s][info][gc,heap        ] GC(82) Tenured: 11875K(1398144K)->11875K(1398144K)
[42.553s][info][gc,metaspace   ] GC(82) Metaspace: 14187K(15040K)->14187K(15040K) NonClass: 12246K(12736K)->12246K(12736K) Class: 1941K(2304K)->1941K(2304K)
[42.553s][info][gc             ] GC(82) Pause Young (Allocation Failure) 557M->13M(1979M) 38.456ms
[42.553s][info][gc,cpu         ] GC(82) User=0.03s Sys=0.00s Real=0.03s
[42.983s][info][gc,start       ] GC(83) Pause Young (Allocation Failure)
[43.026s][info][gc,heap        ] GC(83) DefNew: 560872K(629248K)->1582K(629248K) Eden: 559360K(559360K)->0K(559360K) From: 1512K(69888K)->1582K(69888K)
[43.026s][info][gc,heap        ] GC(83) Tenured: 11875K(1398144K)->11875K(1398144K)
[43.026s][info][gc,metaspace   ] GC(83) Metaspace: 14187K(15040K)->14187K(15040K) NonClass: 12246K(12736K)->12246K(12736K) Class: 1941K(2304K)->1941K(2304K)
[43.026s][info][gc             ] GC(83) Pause Young (Allocation Failure) 559M->13M(1979M) 43.692ms
[43.026s][info][gc,cpu         ] GC(83) User=0.03s Sys=0.00s Real=0.04s
[43.437s][info][gc,start       ] GC(84) Pause Young (Allocation Failure)
[43.484s][info][gc,heap        ] GC(84) DefNew: 560942K(629248K)->1646K(629248K) Eden: 559360K(559360K)->0K(559360K) From: 1582K(69888K)->1646K(69888K)
[43.484s][info][gc,heap        ] GC(84) Tenured: 11875K(1398144K)->11875K(1398144K)
[43.484s][info][gc,metaspace   ] GC(84) Metaspace: 14187K(15040K)->14187K(15040K) NonClass: 12246K(12736K)->12246K(12736K) Class: 1941K(2304K)->1941K(2304K)
[43.485s][info][gc             ] GC(84) Pause Young (Allocation Failure) 559M->13M(1979M) 47.058ms
[43.485s][info][gc,cpu         ] GC(84) User=0.03s Sys=0.00s Real=0.04s
[43.906s][info][gc,start       ] GC(85) Pause Young (Allocation Failure)
[43.955s][info][gc,heap        ] GC(85) DefNew: 561006K(629248K)->1712K(629248K) Eden: 559360K(559360K)->0K(559360K) From: 1646K(69888K)->1712K(69888K)
[43.955s][info][gc,heap        ] GC(85) Tenured: 11875K(1398144K)->11875K(1398144K)
[43.955s][info][gc,metaspace   ] GC(85) Metaspace: 14187K(15040K)->14187K(15040K) NonClass: 12246K(12736K)->12246K(12736K) Class: 1941K(2304K)->1941K(2304K)
[43.955s][info][gc             ] GC(85) Pause Young (Allocation Failure) 559M->13M(1979M) 48.645ms
[43.955s][info][gc,cpu         ] GC(85) User=0.05s Sys=0.00s Real=0.05s
[44.395s][info][gc,start       ] GC(86) Pause Young (Allocation Failure)
[44.445s][info][gc,heap        ] GC(86) DefNew: 561072K(629248K)->1778K(629248K) Eden: 559360K(559360K)->0K(559360K) From: 1712K(69888K)->1778K(69888K)
[44.445s][info][gc,heap        ] GC(86) Tenured: 11875K(1398144K)->11875K(1398144K)
[44.445s][info][gc,metaspace   ] GC(86) Metaspace: 14187K(15040K)->14187K(15040K) NonClass: 12246K(12736K)->12246K(12736K) Class: 1941K(2304K)->1941K(2304K)
[44.446s][info][gc             ] GC(86) Pause Young (Allocation Failure) 559M->13M(1979M) 50.456ms
[44.446s][info][gc,cpu         ] GC(86) User=0.05s Sys=0.00s Real=0.05s
[44.875s][info][gc,start       ] GC(87) Pause Young (Allocation Failure)
[44.918s][info][gc,heap        ] GC(87) DefNew: 561138K(629248K)->1847K(629248K) Eden: 559360K(559360K)->0K(559360K) From: 1778K(69888K)->1847K(69888K)
[44.918s][info][gc,heap        ] GC(87) Tenured: 11875K(1398144K)->11875K(1398144K)
[44.918s][info][gc,metaspace   ] GC(87) Metaspace: 14187K(15040K)->14187K(15040K) NonClass: 12246K(12736K)->12246K(12736K) Class: 1941K(2304K)->1941K(2304K)
[44.918s][info][gc             ] GC(87) Pause Young (Allocation Failure) 559M->13M(1979M) 43.264ms
[44.918s][info][gc,cpu         ] GC(87) User=0.03s Sys=0.00s Real=0.03s
[45.348s][info][gc,start       ] GC(88) Pause Young (Allocation Failure)
[45.390s][info][gc,heap        ] GC(88) DefNew: 561207K(629248K)->1914K(629248K) Eden: 559360K(559360K)->0K(559360K) From: 1847K(69888K)->1914K(69888K)
[45.390s][info][gc,heap        ] GC(88) Tenured: 11875K(1398144K)->11875K(1398144K)
[45.390s][info][gc,metaspace   ] GC(88) Metaspace: 14187K(15040K)->14187K(15040K) NonClass: 12246K(12736K)->12246K(12736K) Class: 1941K(2304K)->1941K(2304K)
[45.390s][info][gc             ] GC(88) Pause Young (Allocation Failure) 559M->13M(1979M) 42.273ms
[45.390s][info][gc,cpu         ] GC(88) User=0.05s Sys=0.00s Real=0.04s
[45.810s][info][gc,start       ] GC(89) Pause Young (Allocation Failure)
[45.856s][info][gc,heap        ] GC(89) DefNew: 561274K(629248K)->1976K(629248K) Eden: 559360K(559360K)->0K(559360K) From: 1914K(69888K)->1976K(69888K)
[45.856s][info][gc,heap        ] GC(89) Tenured: 11875K(1398144K)->11875K(1398144K)
[45.856s][info][gc,metaspace   ] GC(89) Metaspace: 14187K(15040K)->14187K(15040K) NonClass: 12246K(12736K)->12246K(12736K) Class: 1941K(2304K)->1941K(2304K)
[45.856s][info][gc             ] GC(89) Pause Young (Allocation Failure) 559M->13M(1979M) 46.103ms
[45.856s][info][gc,cpu         ] GC(89) User=0.03s Sys=0.02s Real=0.05s
[46.261s][info][gc,start       ] GC(90) Pause Young (Allocation Failure)
[46.308s][info][gc,heap        ] GC(90) DefNew: 561336K(629248K)->2042K(629248K) Eden: 559360K(559360K)->0K(559360K) From: 1976K(69888K)->2042K(69888K)
[46.308s][info][gc,heap        ] GC(90) Tenured: 11875K(1398144K)->11875K(1398144K)
[46.308s][info][gc,metaspace   ] GC(90) Metaspace: 14187K(15040K)->14187K(15040K) NonClass: 12246K(12736K)->12246K(12736K) Class: 1941K(2304K)->1941K(2304K)
[46.308s][info][gc             ] GC(90) Pause Young (Allocation Failure) 559M->13M(1979M) 46.361ms
[46.308s][info][gc,cpu         ] GC(90) User=0.05s Sys=0.00s Real=0.05s
[46.726s][info][gc,start       ] GC(91) Pause Young (Allocation Failure)
[46.774s][info][gc,heap        ] GC(91) DefNew: 561402K(629248K)->2109K(629248K) Eden: 559360K(559360K)->0K(559360K) From: 2042K(69888K)->2109K(69888K)
[46.774s][info][gc,heap        ] GC(91) Tenured: 11875K(1398144K)->11875K(1398144K)
[46.774s][info][gc,metaspace   ] GC(91) Metaspace: 14187K(15040K)->14187K(15040K) NonClass: 12246K(12736K)->12246K(12736K) Class: 1941K(2304K)->1941K(2304K)
[46.774s][info][gc             ] GC(91) Pause Young (Allocation Failure) 559M->13M(1979M) 48.082ms
[46.774s][info][gc,cpu         ] GC(91) User=0.05s Sys=0.00s Real=0.04s
[47.213s][info][gc,start       ] GC(92) Pause Young (Allocation Failure)
[47.263s][info][gc,heap        ] GC(92) DefNew: 561469K(629248K)->2181K(629248K) Eden: 559360K(559360K)->0K(559360K) From: 2109K(69888K)->2181K(69888K)
[47.263s][info][gc,heap        ] GC(92) Tenured: 11875K(1398144K)->11875K(1398144K)
[47.263s][info][gc,metaspace   ] GC(92) Metaspace: 14187K(15040K)->14187K(15040K) NonClass: 12246K(12736K)->12246K(12736K) Class: 1941K(2304K)->1941K(2304K)
[47.263s][info][gc             ] GC(92) Pause Young (Allocation Failure) 559M->13M(1979M) 50.723ms
[47.263s][info][gc,cpu         ] GC(92) User=0.06s Sys=0.00s Real=0.05s
[47.673s][info][gc,start       ] GC(93) Pause Young (Allocation Failure)
[47.720s][info][gc,heap        ] GC(93) DefNew: 561541K(629248K)->2247K(629248K) Eden: 559360K(559360K)->0K(559360K) From: 2181K(69888K)->2247K(69888K)
[47.720s][info][gc,heap        ] GC(93) Tenured: 11875K(1398144K)->11875K(1398144K)
[47.720s][info][gc,metaspace   ] GC(93) Metaspace: 14187K(15040K)->14187K(15040K) NonClass: 12246K(12736K)->12246K(12736K) Class: 1941K(2304K)->1941K(2304K)
[47.720s][info][gc             ] GC(93) Pause Young (Allocation Failure) 559M->13M(1979M) 47.372ms
[47.720s][info][gc,cpu         ] GC(93) User=0.03s Sys=0.00s Real=0.04s
[48.169s][info][gc,start       ] GC(94) Pause Young (Allocation Failure)
[48.208s][info][gc,heap        ] GC(94) DefNew: 561607K(629248K)->2319K(629248K) Eden: 559360K(559360K)->0K(559360K) From: 2247K(69888K)->2319K(69888K)
[48.208s][info][gc,heap        ] GC(94) Tenured: 11875K(1398144K)->11875K(1398144K)
[48.208s][info][gc,metaspace   ] GC(94) Metaspace: 14187K(15040K)->14187K(15040K) NonClass: 12246K(12736K)->12246K(12736K) Class: 1941K(2304K)->1941K(2304K)
[48.208s][info][gc             ] GC(94) Pause Young (Allocation Failure) 560M->13M(1979M) 38.943ms
[48.208s][info][gc,cpu         ] GC(94) User=0.02s Sys=0.00s Real=0.03s
[48.620s][info][gc,start       ] GC(95) Pause Young (Allocation Failure)
[48.655s][info][gc,heap        ] GC(95) DefNew: 561679K(629248K)->2383K(629248K) Eden: 559360K(559360K)->0K(559360K) From: 2319K(69888K)->2383K(69888K)
[48.655s][info][gc,heap        ] GC(95) Tenured: 11875K(1398144K)->11875K(1398144K)
[48.655s][info][gc,metaspace   ] GC(95) Metaspace: 14187K(15040K)->14187K(15040K) NonClass: 12246K(12736K)->12246K(12736K) Class: 1941K(2304K)->1941K(2304K)
[48.655s][info][gc             ] GC(95) Pause Young (Allocation Failure) 560M->13M(1979M) 35.661ms
[48.655s][info][gc,cpu         ] GC(95) User=0.05s Sys=0.00s Real=0.03s
[49.070s][info][gc,start       ] GC(96) Pause Young (Allocation Failure)
[49.115s][info][gc,heap        ] GC(96) DefNew: 561743K(629248K)->2448K(629248K) Eden: 559360K(559360K)->0K(559360K) From: 2383K(69888K)->2448K(69888K)
[49.115s][info][gc,heap        ] GC(96) Tenured: 11875K(1398144K)->11875K(1398144K)
[49.115s][info][gc,metaspace   ] GC(96) Metaspace: 14187K(15040K)->14187K(15040K) NonClass: 12246K(12736K)->12246K(12736K) Class: 1941K(2304K)->1941K(2304K)
[49.115s][info][gc             ] GC(96) Pause Young (Allocation Failure) 560M->13M(1979M) 44.975ms
[49.115s][info][gc,cpu         ] GC(96) User=0.05s Sys=0.00s Real=0.04s
[49.521s][info][gc,start       ] GC(97) Pause Young (Allocation Failure)
[49.566s][info][gc,heap        ] GC(97) DefNew: 561808K(629248K)->1008K(629248K) Eden: 559360K(559360K)->0K(559360K) From: 2448K(69888K)->1008K(69888K)
[49.566s][info][gc,heap        ] GC(97) Tenured: 11875K(1398144K)->13380K(1398144K)
[49.566s][info][gc,metaspace   ] GC(97) Metaspace: 14187K(15040K)->14187K(15040K) NonClass: 12246K(12736K)->12246K(12736K) Class: 1941K(2304K)->1941K(2304K)
[49.566s][info][gc             ] GC(97) Pause Young (Allocation Failure) 560M->14M(1979M) 44.698ms
[49.566s][info][gc,cpu         ] GC(97) User=0.03s Sys=0.00s Real=0.03s
[50.003s][info][gc,start       ] GC(98) Pause Young (Allocation Failure)
[50.052s][info][gc,heap        ] GC(98) DefNew: 560368K(629248K)->1011K(629248K) Eden: 559360K(559360K)->0K(559360K) From: 1008K(69888K)->1011K(69888K)
[50.052s][info][gc,heap        ] GC(98) Tenured: 13380K(1398144K)->13448K(1398144K)
[50.052s][info][gc,metaspace   ] GC(98) Metaspace: 14187K(15040K)->14187K(15040K) NonClass: 12246K(12736K)->12246K(12736K) Class: 1941K(2304K)->1941K(2304K)
[50.052s][info][gc             ] GC(98) Pause Young (Allocation Failure) 560M->14M(1979M) 48.725ms
[50.052s][info][gc,cpu         ] GC(98) User=0.03s Sys=0.00s Real=0.04s
[50.586s][info][gc,start       ] GC(99) Pause Young (Allocation Failure)
[50.636s][info][gc,heap        ] GC(99) DefNew: 560371K(629248K)->1014K(629248K) Eden: 559360K(559360K)->0K(559360K) From: 1011K(69888K)->1014K(69888K)
[50.637s][info][gc,heap        ] GC(99) Tenured: 13448K(1398144K)->13513K(1398144K)
[50.637s][info][gc,metaspace   ] GC(99) Metaspace: 14187K(15040K)->14187K(15040K) NonClass: 12246K(12736K)->12246K(12736K) Class: 1941K(2304K)->1941K(2304K)
[50.637s][info][gc             ] GC(99) Pause Young (Allocation Failure) 560M->14M(1979M) 50.559ms
[50.637s][info][gc,cpu         ] GC(99) User=0.05s Sys=0.00s Real=0.05s
[51.093s][info][gc,start       ] GC(100) Pause Young (Allocation Failure)
[51.135s][info][gc,heap        ] GC(100) DefNew: 560374K(629248K)->1020K(629248K) Eden: 559360K(559360K)->0K(559360K) From: 1014K(69888K)->1020K(69888K)
[51.135s][info][gc,heap        ] GC(100) Tenured: 13513K(1398144K)->13578K(1398144K)
[51.135s][info][gc,metaspace   ] GC(100) Metaspace: 14187K(15040K)->14187K(15040K) NonClass: 12246K(12736K)->12246K(12736K) Class: 1941K(2304K)->1941K(2304K)
[51.136s][info][gc             ] GC(100) Pause Young (Allocation Failure) 560M->14M(1979M) 42.603ms
[51.136s][info][gc,cpu         ] GC(100) User=0.03s Sys=0.00s Real=0.04s
[51.570s][info][gc,start       ] GC(101) Pause Young (Allocation Failure)
[51.614s][info][gc,heap        ] GC(101) DefNew: 560380K(629248K)->1021K(629248K) Eden: 559360K(559360K)->0K(559360K) From: 1020K(69888K)->1021K(69888K)
[51.614s][info][gc,heap        ] GC(101) Tenured: 13578K(1398144K)->13645K(1398144K)
[51.614s][info][gc,metaspace   ] GC(101) Metaspace: 14187K(15040K)->14187K(15040K) NonClass: 12246K(12736K)->12246K(12736K) Class: 1941K(2304K)->1941K(2304K)
[51.614s][info][gc             ] GC(101) Pause Young (Allocation Failure) 560M->14M(1979M) 43.567ms
[51.614s][info][gc,cpu         ] GC(101) User=0.05s Sys=0.00s Real=0.04s
[52.065s][info][gc,start       ] GC(102) Pause Young (Allocation Failure)
[52.109s][info][gc,heap        ] GC(102) DefNew: 560381K(629248K)->1024K(629248K) Eden: 559360K(559360K)->0K(559360K) From: 1021K(69888K)->1024K(69888K)
[52.109s][info][gc,heap        ] GC(102) Tenured: 13645K(1398144K)->13712K(1398144K)
[52.109s][info][gc,metaspace   ] GC(102) Metaspace: 14187K(15040K)->14187K(15040K) NonClass: 12246K(12736K)->12246K(12736K) Class: 1941K(2304K)->1941K(2304K)
[52.109s][info][gc             ] GC(102) Pause Young (Allocation Failure) 560M->14M(1979M) 44.404ms
[52.109s][info][gc,cpu         ] GC(102) User=0.03s Sys=0.00s Real=0.04s
[52.545s][info][gc,start       ] GC(103) Pause Young (Allocation Failure)
[52.592s][info][gc,heap        ] GC(103) DefNew: 560384K(629248K)->1024K(629248K) Eden: 559360K(559360K)->0K(559360K) From: 1024K(69888K)->1024K(69888K)
[52.592s][info][gc,heap        ] GC(103) Tenured: 13712K(1398144K)->13780K(1398144K)
[52.592s][info][gc,metaspace   ] GC(103) Metaspace: 14187K(15040K)->14187K(15040K) NonClass: 12246K(12736K)->12246K(12736K) Class: 1941K(2304K)->1941K(2304K)
[52.592s][info][gc             ] GC(103) Pause Young (Allocation Failure) 560M->14M(1979M) 47.168ms
[52.592s][info][gc,cpu         ] GC(103) User=0.03s Sys=0.00s Real=0.04s
[53.026s][info][gc,start       ] GC(104) Pause Young (Allocation Failure)
[53.071s][info][gc,heap        ] GC(104) DefNew: 560384K(629248K)->1032K(629248K) Eden: 559360K(559360K)->0K(559360K) From: 1024K(69888K)->1032K(69888K)
[53.071s][info][gc,heap        ] GC(104) Tenured: 13780K(1398144K)->13842K(1398144K)
[53.071s][info][gc,metaspace   ] GC(104) Metaspace: 14187K(15040K)->14187K(15040K) NonClass: 12246K(12736K)->12246K(12736K) Class: 1941K(2304K)->1941K(2304K)
[53.071s][info][gc             ] GC(104) Pause Young (Allocation Failure) 560M->14M(1979M) 45.205ms
[53.071s][info][gc,cpu         ] GC(104) User=0.05s Sys=0.00s Real=0.05s
[53.502s][info][gc,start       ] GC(105) Pause Young (Allocation Failure)
[53.540s][info][gc,heap        ] GC(105) DefNew: 560392K(629248K)->1032K(629248K) Eden: 559360K(559360K)->0K(559360K) From: 1032K(69888K)->1032K(69888K)
[53.541s][info][gc,heap        ] GC(105) Tenured: 13842K(1398144K)->13908K(1398144K)
[53.541s][info][gc,metaspace   ] GC(105) Metaspace: 14187K(15040K)->14187K(15040K) NonClass: 12246K(12736K)->12246K(12736K) Class: 1941K(2304K)->1941K(2304K)
[53.541s][info][gc             ] GC(105) Pause Young (Allocation Failure) 560M->14M(1979M) 38.219ms
[53.541s][info][gc,cpu         ] GC(105) User=0.03s Sys=0.00s Real=0.03s
[53.977s][info][gc,start       ] GC(106) Pause Young (Allocation Failure)
[54.016s][info][gc,heap        ] GC(106) DefNew: 560392K(629248K)->1031K(629248K) Eden: 559360K(559360K)->0K(559360K) From: 1032K(69888K)->1031K(69888K)
[54.016s][info][gc,heap        ] GC(106) Tenured: 13908K(1398144K)->13976K(1398144K)
[54.016s][info][gc,metaspace   ] GC(106) Metaspace: 14187K(15040K)->14187K(15040K) NonClass: 12246K(12736K)->12246K(12736K) Class: 1941K(2304K)->1941K(2304K)
[54.016s][info][gc             ] GC(106) Pause Young (Allocation Failure) 560M->14M(1979M) 39.125ms
[54.016s][info][gc,cpu         ] GC(106) User=0.03s Sys=0.00s Real=0.03s
[54.456s][info][gc,start       ] GC(107) Pause Young (Allocation Failure)
[54.496s][info][gc,heap        ] GC(107) DefNew: 560391K(629248K)->1032K(629248K) Eden: 559360K(559360K)->0K(559360K) From: 1031K(69888K)->1032K(69888K)
[54.496s][info][gc,heap        ] GC(107) Tenured: 13976K(1398144K)->14047K(1398144K)
[54.496s][info][gc,metaspace   ] GC(107) Metaspace: 14187K(15040K)->14187K(15040K) NonClass: 12246K(12736K)->12246K(12736K) Class: 1941K(2304K)->1941K(2304K)
[54.496s][info][gc             ] GC(107) Pause Young (Allocation Failure) 560M->14M(1979M) 40.626ms
[54.496s][info][gc,cpu         ] GC(107) User=0.03s Sys=0.00s Real=0.03s
[54.936s][info][gc,start       ] GC(108) Pause Young (Allocation Failure)
[54.985s][info][gc,heap        ] GC(108) DefNew: 560392K(629248K)->1032K(629248K) Eden: 559360K(559360K)->0K(559360K) From: 1032K(69888K)->1032K(69888K)
[54.985s][info][gc,heap        ] GC(108) Tenured: 14047K(1398144K)->14112K(1398144K)
[54.985s][info][gc,metaspace   ] GC(108) Metaspace: 14187K(15040K)->14187K(15040K) NonClass: 12246K(12736K)->12246K(12736K) Class: 1941K(2304K)->1941K(2304K)
[54.985s][info][gc             ] GC(108) Pause Young (Allocation Failure) 560M->14M(1979M) 48.728ms
[54.985s][info][gc,cpu         ] GC(108) User=0.05s Sys=0.00s Real=0.05s
[55.430s][info][gc,start       ] GC(109) Pause Young (Allocation Failure)
[55.472s][info][gc,heap        ] GC(109) DefNew: 560392K(629248K)->1031K(629248K) Eden: 559360K(559360K)->0K(559360K) From: 1032K(69888K)->1031K(69888K)
[55.472s][info][gc,heap        ] GC(109) Tenured: 14112K(1398144K)->14184K(1398144K)
[55.472s][info][gc,metaspace   ] GC(109) Metaspace: 14187K(15040K)->14187K(15040K) NonClass: 12246K(12736K)->12246K(12736K) Class: 1941K(2304K)->1941K(2304K)
[55.472s][info][gc             ] GC(109) Pause Young (Allocation Failure) 561M->14M(1979M) 42.136ms
[55.472s][info][gc,cpu         ] GC(109) User=0.03s Sys=0.00s Real=0.03s
[55.924s][info][gc,start       ] GC(110) Pause Young (Allocation Failure)
[55.969s][info][gc,heap        ] GC(110) DefNew: 560391K(629248K)->1038K(629248K) Eden: 559360K(559360K)->0K(559360K) From: 1031K(69888K)->1038K(69888K)
[55.969s][info][gc,heap        ] GC(110) Tenured: 14184K(1398144K)->14248K(1398144K)
[55.969s][info][gc,metaspace   ] GC(110) Metaspace: 14187K(15040K)->14187K(15040K) NonClass: 12246K(12736K)->12246K(12736K) Class: 1941K(2304K)->1941K(2304K)
[55.969s][info][gc             ] GC(110) Pause Young (Allocation Failure) 561M->14M(1979M) 45.683ms
[55.970s][info][gc,cpu         ] GC(110) User=0.03s Sys=0.00s Real=0.04s
[56.402s][info][gc,start       ] GC(111) Pause Young (Allocation Failure)
[56.450s][info][gc,heap        ] GC(111) DefNew: 560398K(629248K)->1037K(629248K) Eden: 559360K(559360K)->0K(559360K) From: 1038K(69888K)->1037K(69888K)
[56.450s][info][gc,heap        ] GC(111) Tenured: 14248K(1398144K)->14313K(1398144K)
[56.450s][info][gc,metaspace   ] GC(111) Metaspace: 14187K(15040K)->14187K(15040K) NonClass: 12246K(12736K)->12246K(12736K) Class: 1941K(2304K)->1941K(2304K)
[56.450s][info][gc             ] GC(111) Pause Young (Allocation Failure) 561M->14M(1979M) 48.208ms
[56.450s][info][gc,cpu         ] GC(111) User=0.05s Sys=0.02s Real=0.05s
[56.880s][info][gc,start       ] GC(112) Pause Young (Allocation Failure)
[56.927s][info][gc,heap        ] GC(112) DefNew: 560397K(629248K)->1037K(629248K) Eden: 559360K(559360K)->0K(559360K) From: 1037K(69888K)->1037K(69888K)
[56.927s][info][gc,heap        ] GC(112) Tenured: 14313K(1398144K)->14378K(1398144K)
[56.927s][info][gc,metaspace   ] GC(112) Metaspace: 14187K(15040K)->14187K(15040K) NonClass: 12246K(12736K)->12246K(12736K) Class: 1941K(2304K)->1941K(2304K)
[56.927s][info][gc             ] GC(112) Pause Young (Allocation Failure) 561M->15M(1979M) 46.484ms
[56.927s][info][gc,cpu         ] GC(112) User=0.05s Sys=0.00s Real=0.05s
[57.361s][info][gc,start       ] GC(113) Pause Young (Allocation Failure)
[57.398s][info][gc,heap        ] GC(113) DefNew: 560397K(629248K)->1035K(629248K) Eden: 559360K(559360K)->0K(559360K) From: 1037K(69888K)->1035K(69888K)
[57.398s][info][gc,heap        ] GC(113) Tenured: 14378K(1398144K)->14449K(1398144K)
[57.398s][info][gc,metaspace   ] GC(113) Metaspace: 14187K(15040K)->14187K(15040K) NonClass: 12246K(12736K)->12246K(12736K) Class: 1941K(2304K)->1941K(2304K)
[57.398s][info][gc             ] GC(113) Pause Young (Allocation Failure) 561M->15M(1979M) 36.976ms
[57.398s][info][gc,cpu         ] GC(113) User=0.03s Sys=0.00s Real=0.04s
[57.835s][info][gc,start       ] GC(114) Pause Young (Allocation Failure)
[57.875s][info][gc,heap        ] GC(114) DefNew: 560395K(629248K)->1037K(629248K) Eden: 559360K(559360K)->0K(559360K) From: 1035K(69888K)->1037K(69888K)
[57.875s][info][gc,heap        ] GC(114) Tenured: 14449K(1398144K)->14517K(1398144K)
[57.875s][info][gc,metaspace   ] GC(114) Metaspace: 14187K(15040K)->14187K(15040K) NonClass: 12246K(12736K)->12246K(12736K) Class: 1941K(2304K)->1941K(2304K)
[57.875s][info][gc             ] GC(114) Pause Young (Allocation Failure) 561M->15M(1979M) 39.633ms
[57.875s][info][gc,cpu         ] GC(114) User=0.03s Sys=0.00s Real=0.03s
[58.323s][info][gc,start       ] GC(115) Pause Young (Allocation Failure)
[58.358s][info][gc,heap        ] GC(115) DefNew: 560397K(629248K)->1037K(629248K) Eden: 559360K(559360K)->0K(559360K) From: 1037K(69888K)->1037K(69888K)
[58.358s][info][gc,heap        ] GC(115) Tenured: 14517K(1398144K)->14588K(1398144K)
[58.358s][info][gc,metaspace   ] GC(115) Metaspace: 14187K(15040K)->14187K(15040K) NonClass: 12246K(12736K)->12246K(12736K) Class: 1941K(2304K)->1941K(2304K)
[58.358s][info][gc             ] GC(115) Pause Young (Allocation Failure) 561M->15M(1979M) 35.320ms
[58.358s][info][gc,cpu         ] GC(115) User=0.03s Sys=0.00s Real=0.02s
[58.813s][info][gc,start       ] GC(116) Pause Young (Allocation Failure)
[58.851s][info][gc,heap        ] GC(116) DefNew: 560397K(629248K)->1041K(629248K) Eden: 559360K(559360K)->0K(559360K) From: 1037K(69888K)->1041K(69888K)
[58.851s][info][gc,heap        ] GC(116) Tenured: 14588K(1398144K)->14656K(1398144K)
[58.851s][info][gc,metaspace   ] GC(116) Metaspace: 14187K(15040K)->14187K(15040K) NonClass: 12246K(12736K)->12246K(12736K) Class: 1941K(2304K)->1941K(2304K)
[58.851s][info][gc             ] GC(116) Pause Young (Allocation Failure) 561M->15M(1979M) 37.892ms
[58.851s][info][gc,cpu         ] GC(116) User=0.02s Sys=0.00s Real=0.03s
[59.283s][info][gc,start       ] GC(117) Pause Young (Allocation Failure)
[59.331s][info][gc,heap        ] GC(117) DefNew: 560401K(629248K)->1036K(629248K) Eden: 559360K(559360K)->0K(559360K) From: 1041K(69888K)->1036K(69888K)
[59.331s][info][gc,heap        ] GC(117) Tenured: 14656K(1398144K)->14727K(1398144K)
[59.331s][info][gc,metaspace   ] GC(117) Metaspace: 14187K(15040K)->14187K(15040K) NonClass: 12246K(12736K)->12246K(12736K) Class: 1941K(2304K)->1941K(2304K)
[59.331s][info][gc             ] GC(117) Pause Young (Allocation Failure) 561M->15M(1979M) 47.781ms
[59.331s][info][gc,cpu         ] GC(117) User=0.05s Sys=0.00s Real=0.04s
[59.765s][info][gc,start       ] GC(118) Pause Young (Allocation Failure)
[59.812s][info][gc,heap        ] GC(118) DefNew: 560396K(629248K)->1037K(629248K) Eden: 559360K(559360K)->0K(559360K) From: 1036K(69888K)->1037K(69888K)
[59.812s][info][gc,heap        ] GC(118) Tenured: 14727K(1398144K)->14795K(1398144K)
[59.812s][info][gc,metaspace   ] GC(118) Metaspace: 14187K(15040K)->14187K(15040K) NonClass: 12246K(12736K)->12246K(12736K) Class: 1941K(2304K)->1941K(2304K)
[59.812s][info][gc             ] GC(118) Pause Young (Allocation Failure) 561M->15M(1979M) 46.307ms
[59.812s][info][gc,cpu         ] GC(118) User=0.03s Sys=0.00s Real=0.04s
[60.249s][info][gc,start       ] GC(119) Pause Young (Allocation Failure)
[60.299s][info][gc,heap        ] GC(119) DefNew: 560397K(629248K)->1034K(629248K) Eden: 559360K(559360K)->0K(559360K) From: 1037K(69888K)->1034K(69888K)
[60.299s][info][gc,heap        ] GC(119) Tenured: 14795K(1398144K)->14866K(1398144K)
[60.299s][info][gc,metaspace   ] GC(119) Metaspace: 14187K(15040K)->14187K(15040K) NonClass: 12246K(12736K)->12246K(12736K) Class: 1941K(2304K)->1941K(2304K)
[60.299s][info][gc             ] GC(119) Pause Young (Allocation Failure) 561M->15M(1979M) 50.923ms
[60.300s][info][gc,cpu         ] GC(119) User=0.05s Sys=0.00s Real=0.05s
[60.742s][info][gc,start       ] GC(120) Pause Young (Allocation Failure)
[60.792s][info][gc,heap        ] GC(120) DefNew: 560394K(629248K)->1037K(629248K) Eden: 559360K(559360K)->0K(559360K) From: 1034K(69888K)->1037K(69888K)
[60.792s][info][gc,heap        ] GC(120) Tenured: 14866K(1398144K)->14932K(1398144K)
[60.792s][info][gc,metaspace   ] GC(120) Metaspace: 14187K(15040K)->14187K(15040K) NonClass: 12246K(12736K)->12246K(12736K) Class: 1941K(2304K)->1941K(2304K)
[60.792s][info][gc             ] GC(120) Pause Young (Allocation Failure) 561M->15M(1979M) 50.435ms
[60.792s][info][gc,cpu         ] GC(120) User=0.05s Sys=0.00s Real=0.04s
[61.225s][info][gc,start       ] GC(121) Pause Young (Allocation Failure)
[61.266s][info][gc,heap        ] GC(121) DefNew: 560397K(629248K)->1036K(629248K) Eden: 559360K(559360K)->0K(559360K) From: 1037K(69888K)->1036K(69888K)
[61.266s][info][gc,heap        ] GC(121) Tenured: 14932K(1398144K)->14999K(1398144K)
[61.266s][info][gc,metaspace   ] GC(121) Metaspace: 14187K(15040K)->14187K(15040K) NonClass: 12246K(12736K)->12246K(12736K) Class: 1941K(2304K)->1941K(2304K)
[61.266s][info][gc             ] GC(121) Pause Young (Allocation Failure) 561M->15M(1979M) 40.755ms
[61.266s][info][gc,cpu         ] GC(121) User=0.03s Sys=0.00s Real=0.03s
[61.571s][info][gc,start       ] GC(122) Pause Full (System.gc())
[61.572s][info][gc,phases,start] GC(122) Phase 1: Mark live objects
[61.609s][info][gc,phases      ] GC(122) Phase 1: Mark live objects 37.939ms
[61.610s][info][gc,phases,start] GC(122) Phase 2: Compute new object addresses
[61.696s][info][gc,phases      ] GC(122) Phase 2: Compute new object addresses 86.078ms
[61.696s][info][gc,phases,start] GC(122) Phase 3: Adjust pointers
[61.716s][info][gc,phases      ] GC(122) Phase 3: Adjust pointers 20.458ms
[61.716s][info][gc,phases,start] GC(122) Phase 4: Move objects
[61.718s][info][gc,phases      ] GC(122) Phase 4: Move objects 2.032ms
[61.718s][info][gc,heap        ] GC(122) DefNew: 358038K(629248K)->0K(629248K) Eden: 357001K(559360K)->0K(559360K) From: 1036K(69888K)->0K(69888K)
[61.718s][info][gc,heap        ] GC(122) Tenured: 14999K(1398144K)->8117K(1398144K)
[61.718s][info][gc,metaspace   ] GC(122) Metaspace: 14187K(15040K)->14187K(15040K) NonClass: 12246K(12736K)->12246K(12736K) Class: 1941K(2304K)->1941K(2304K)
[61.718s][info][gc             ] GC(122) Pause Full (System.gc()) 364M->7M(1979M) 146.921ms
[61.718s][info][gc,cpu         ] GC(122) User=0.14s Sys=0.00s Real=0.14s
[62.169s][info][gc,start       ] GC(123) Pause Young (Allocation Failure)
[62.212s][info][gc,heap        ] GC(123) DefNew: 559360K(629248K)->1530K(629248K) Eden: 559360K(559360K)->0K(559360K) From: 0K(69888K)->1530K(69888K)
[62.212s][info][gc,heap        ] GC(123) Tenured: 8117K(1398144K)->8117K(1398144K)
[62.212s][info][gc,metaspace   ] GC(123) Metaspace: 14188K(15040K)->14188K(15040K) NonClass: 12247K(12736K)->12247K(12736K) Class: 1941K(2304K)->1941K(2304K)
[62.212s][info][gc             ] GC(123) Pause Young (Allocation Failure) 554M->9M(1979M) 43.227ms
[62.212s][info][gc,cpu         ] GC(123) User=0.03s Sys=0.00s Real=0.04s
[62.688s][info][gc,start       ] GC(124) Pause Young (Allocation Failure)
[62.733s][info][gc,heap        ] GC(124) DefNew: 560890K(629248K)->1603K(629248K) Eden: 559360K(559360K)->0K(559360K) From: 1530K(69888K)->1603K(69888K)
[62.734s][info][gc,heap        ] GC(124) Tenured: 8117K(1398144K)->8117K(1398144K)
[62.734s][info][gc,metaspace   ] GC(124) Metaspace: 14188K(15040K)->14188K(15040K) NonClass: 12247K(12736K)->12247K(12736K) Class: 1941K(2304K)->1941K(2304K)
[62.734s][info][gc             ] GC(124) Pause Young (Allocation Failure) 555M->9M(1979M) 45.891ms
[62.734s][info][gc,cpu         ] GC(124) User=0.03s Sys=0.00s Real=0.03s
[63.247s][info][gc,start       ] GC(125) Pause Young (Allocation Failure)
[63.292s][info][gc,heap        ] GC(125) DefNew: 560963K(629248K)->1679K(629248K) Eden: 559360K(559360K)->0K(559360K) From: 1603K(69888K)->1679K(69888K)
[63.292s][info][gc,heap        ] GC(125) Tenured: 8117K(1398144K)->8117K(1398144K)
[63.292s][info][gc,metaspace   ] GC(125) Metaspace: 14188K(15040K)->14188K(15040K) NonClass: 12247K(12736K)->12247K(12736K) Class: 1941K(2304K)->1941K(2304K)
[63.292s][info][gc             ] GC(125) Pause Young (Allocation Failure) 555M->9M(1979M) 45.166ms
[63.292s][info][gc,cpu         ] GC(125) User=0.05s Sys=0.00s Real=0.05s
[63.743s][info][gc,start       ] GC(126) Pause Young (Allocation Failure)
[63.781s][info][gc,heap        ] GC(126) DefNew: 561039K(629248K)->1747K(629248K) Eden: 559360K(559360K)->0K(559360K) From: 1679K(69888K)->1747K(69888K)
[63.781s][info][gc,heap        ] GC(126) Tenured: 8117K(1398144K)->8117K(1398144K)
[63.781s][info][gc,metaspace   ] GC(126) Metaspace: 14188K(15040K)->14188K(15040K) NonClass: 12247K(12736K)->12247K(12736K) Class: 1941K(2304K)->1941K(2304K)
[63.781s][info][gc             ] GC(126) Pause Young (Allocation Failure) 555M->9M(1979M) 37.938ms
[63.781s][info][gc,cpu         ] GC(126) User=0.03s Sys=0.00s Real=0.03s
[64.265s][info][gc,start       ] GC(127) Pause Young (Allocation Failure)
[64.305s][info][gc,heap        ] GC(127) DefNew: 561107K(629248K)->1825K(629248K) Eden: 559360K(559360K)->0K(559360K) From: 1747K(69888K)->1825K(69888K)
[64.305s][info][gc,heap        ] GC(127) Tenured: 8117K(1398144K)->8117K(1398144K)
[64.305s][info][gc,metaspace   ] GC(127) Metaspace: 14188K(15040K)->14188K(15040K) NonClass: 12247K(12736K)->12247K(12736K) Class: 1941K(2304K)->1941K(2304K)
[64.305s][info][gc             ] GC(127) Pause Young (Allocation Failure) 555M->9M(1979M) 39.365ms
[64.305s][info][gc,cpu         ] GC(127) User=0.03s Sys=0.00s Real=0.03s
[64.782s][info][gc,start       ] GC(128) Pause Young (Allocation Failure)
[64.833s][info][gc,heap        ] GC(128) DefNew: 561185K(629248K)->1903K(629248K) Eden: 559360K(559360K)->0K(559360K) From: 1825K(69888K)->1903K(69888K)
[64.833s][info][gc,heap        ] GC(128) Tenured: 8117K(1398144K)->8117K(1398144K)
[64.833s][info][gc,metaspace   ] GC(128) Metaspace: 14188K(15040K)->14188K(15040K) NonClass: 12247K(12736K)->12247K(12736K) Class: 1941K(2304K)->1941K(2304K)
[64.833s][info][gc             ] GC(128) Pause Young (Allocation Failure) 555M->9M(1979M) 50.983ms
[64.833s][info][gc,cpu         ] GC(128) User=0.05s Sys=0.00s Real=0.05s
[65.315s][info][gc,start       ] GC(129) Pause Young (Allocation Failure)
[65.365s][info][gc,heap        ] GC(129) DefNew: 561263K(629248K)->1973K(629248K) Eden: 559360K(559360K)->0K(559360K) From: 1903K(69888K)->1973K(69888K)
[65.365s][info][gc,heap        ] GC(129) Tenured: 8117K(1398144K)->8117K(1398144K)
[65.365s][info][gc,metaspace   ] GC(129) Metaspace: 14188K(15040K)->14188K(15040K) NonClass: 12247K(12736K)->12247K(12736K) Class: 1941K(2304K)->1941K(2304K)
[65.365s][info][gc             ] GC(129) Pause Young (Allocation Failure) 556M->9M(1979M) 49.510ms
[65.365s][info][gc,cpu         ] GC(129) User=0.05s Sys=0.00s Real=0.05s
[65.858s][info][gc,start       ] GC(130) Pause Young (Allocation Failure)
[65.900s][info][gc,heap        ] GC(130) DefNew: 561333K(629248K)->2047K(629248K) Eden: 559360K(559360K)->0K(559360K) From: 1973K(69888K)->2047K(69888K)
[65.901s][info][gc,heap        ] GC(130) Tenured: 8117K(1398144K)->8117K(1398144K)
[65.901s][info][gc,metaspace   ] GC(130) Metaspace: 14188K(15040K)->14188K(15040K) NonClass: 12247K(12736K)->12247K(12736K) Class: 1941K(2304K)->1941K(2304K)
[65.901s][info][gc             ] GC(130) Pause Young (Allocation Failure) 556M->9M(1979M) 42.953ms
[65.901s][info][gc,cpu         ] GC(130) User=0.03s Sys=0.00s Real=0.04s
[66.410s][info][gc,start       ] GC(131) Pause Young (Allocation Failure)
[66.450s][info][gc,heap        ] GC(131) DefNew: 561407K(629248K)->2125K(629248K) Eden: 559360K(559360K)->0K(559360K) From: 2047K(69888K)->2125K(69888K)
[66.450s][info][gc,heap        ] GC(131) Tenured: 8117K(1398144K)->8117K(1398144K)
[66.450s][info][gc,metaspace   ] GC(131) Metaspace: 14188K(15040K)->14188K(15040K) NonClass: 12247K(12736K)->12247K(12736K) Class: 1941K(2304K)->1941K(2304K)
[66.450s][info][gc             ] GC(131) Pause Young (Allocation Failure) 556M->10M(1979M) 40.459ms
[66.450s][info][gc,cpu         ] GC(131) User=0.03s Sys=0.00s Real=0.04s
[66.934s][info][gc,start       ] GC(132) Pause Young (Allocation Failure)
[66.982s][info][gc,heap        ] GC(132) DefNew: 561485K(629248K)->2199K(629248K) Eden: 559360K(559360K)->0K(559360K) From: 2125K(69888K)->2199K(69888K)
[66.982s][info][gc,heap        ] GC(132) Tenured: 8117K(1398144K)->8117K(1398144K)
[66.982s][info][gc,metaspace   ] GC(132) Metaspace: 14188K(15040K)->14188K(15040K) NonClass: 12247K(12736K)->12247K(12736K) Class: 1941K(2304K)->1941K(2304K)
[66.982s][info][gc             ] GC(132) Pause Young (Allocation Failure) 556M->10M(1979M) 48.163ms
[66.983s][info][gc,cpu         ] GC(132) User=0.03s Sys=0.00s Real=0.03s
[67.463s][info][gc,start       ] GC(133) Pause Young (Allocation Failure)
[67.512s][info][gc,heap        ] GC(133) DefNew: 561559K(629248K)->2278K(629248K) Eden: 559360K(559360K)->0K(559360K) From: 2199K(69888K)->2278K(69888K)
[67.512s][info][gc,heap        ] GC(133) Tenured: 8117K(1398144K)->8117K(1398144K)
[67.512s][info][gc,metaspace   ] GC(133) Metaspace: 14188K(15040K)->14188K(15040K) NonClass: 12247K(12736K)->12247K(12736K) Class: 1941K(2304K)->1941K(2304K)
[67.512s][info][gc             ] GC(133) Pause Young (Allocation Failure) 556M->10M(1979M) 49.328ms
[67.512s][info][gc,cpu         ] GC(133) User=0.05s Sys=0.00s Real=0.05s
[68.001s][info][gc,start       ] GC(134) Pause Young (Allocation Failure)
[68.051s][info][gc,heap        ] GC(134) DefNew: 561638K(629248K)->2351K(629248K) Eden: 559360K(559360K)->0K(559360K) From: 2278K(69888K)->2351K(69888K)
[68.051s][info][gc,heap        ] GC(134) Tenured: 8117K(1398144K)->8117K(1398144K)
[68.051s][info][gc,metaspace   ] GC(134) Metaspace: 14188K(15040K)->14188K(15040K) NonClass: 12247K(12736K)->12247K(12736K) Class: 1941K(2304K)->1941K(2304K)
[68.051s][info][gc             ] GC(134) Pause Young (Allocation Failure) 556M->10M(1979M) 50.767ms
[68.052s][info][gc,cpu         ] GC(134) User=0.05s Sys=0.00s Real=0.05s
[68.518s][info][gc,start       ] GC(135) Pause Young (Allocation Failure)
[68.567s][info][gc,heap        ] GC(135) DefNew: 561711K(629248K)->2420K(629248K) Eden: 559360K(559360K)->0K(559360K) From: 2351K(69888K)->2420K(69888K)
[68.567s][info][gc,heap        ] GC(135) Tenured: 8117K(1398144K)->8117K(1398144K)
[68.567s][info][gc,metaspace   ] GC(135) Metaspace: 14188K(15040K)->14188K(15040K) NonClass: 12247K(12736K)->12247K(12736K) Class: 1941K(2304K)->1941K(2304K)
[68.567s][info][gc             ] GC(135) Pause Young (Allocation Failure) 556M->10M(1979M) 49.134ms
[68.567s][info][gc,cpu         ] GC(135) User=0.05s Sys=0.00s Real=0.05s
[69.049s][info][gc,start       ] GC(136) Pause Young (Allocation Failure)
[69.102s][info][gc,heap        ] GC(136) DefNew: 561780K(629248K)->2494K(629248K) Eden: 559360K(559360K)->0K(559360K) From: 2420K(69888K)->2494K(69888K)
[69.102s][info][gc,heap        ] GC(136) Tenured: 8117K(1398144K)->8117K(1398144K)
[69.102s][info][gc,metaspace   ] GC(136) Metaspace: 14188K(15040K)->14188K(15040K) NonClass: 12247K(12736K)->12247K(12736K) Class: 1941K(2304K)->1941K(2304K)
[69.102s][info][gc             ] GC(136) Pause Young (Allocation Failure) 556M->10M(1979M) 53.337ms
[69.102s][info][gc,cpu         ] GC(136) User=0.05s Sys=0.00s Real=0.05s
[69.582s][info][gc,start       ] GC(137) Pause Young (Allocation Failure)
[69.634s][info][gc,heap        ] GC(137) DefNew: 561854K(629248K)->2568K(629248K) Eden: 559360K(559360K)->0K(559360K) From: 2494K(69888K)->2568K(69888K)
[69.635s][info][gc,heap        ] GC(137) Tenured: 8117K(1398144K)->8117K(1398144K)
[69.635s][info][gc,metaspace   ] GC(137) Metaspace: 14188K(15040K)->14188K(15040K) NonClass: 12247K(12736K)->12247K(12736K) Class: 1941K(2304K)->1941K(2304K)
[69.635s][info][gc             ] GC(137) Pause Young (Allocation Failure) 556M->10M(1979M) 52.272ms
[69.635s][info][gc,cpu         ] GC(137) User=0.03s Sys=0.00s Real=0.04s
[70.116s][info][gc,start       ] GC(138) Pause Young (Allocation Failure)
[70.163s][info][gc,heap        ] GC(138) DefNew: 561928K(629248K)->1120K(629248K) Eden: 559360K(559360K)->0K(559360K) From: 2568K(69888K)->1120K(69888K)
[70.163s][info][gc,heap        ] GC(138) Tenured: 8117K(1398144K)->9639K(1398144K)
[70.163s][info][gc,metaspace   ] GC(138) Metaspace: 14188K(15040K)->14188K(15040K) NonClass: 12247K(12736K)->12247K(12736K) Class: 1941K(2304K)->1941K(2304K)
[70.164s][info][gc             ] GC(138) Pause Young (Allocation Failure) 556M->10M(1979M) 47.126ms
[70.164s][info][gc,cpu         ] GC(138) User=0.05s Sys=0.00s Real=0.05s
[70.659s][info][gc,start       ] GC(139) Pause Young (Allocation Failure)
[70.706s][info][gc,heap        ] GC(139) DefNew: 560480K(629248K)->1126K(629248K) Eden: 559360K(559360K)->0K(559360K) From: 1120K(69888K)->1126K(69888K)
[70.706s][info][gc,heap        ] GC(139) Tenured: 9639K(1398144K)->9710K(1398144K)
[70.706s][info][gc,metaspace   ] GC(139) Metaspace: 14188K(15040K)->14188K(15040K) NonClass: 12247K(12736K)->12247K(12736K) Class: 1941K(2304K)->1941K(2304K)
[70.707s][info][gc             ] GC(139) Pause Young (Allocation Failure) 556M->10M(1979M) 47.227ms
[70.707s][info][gc,cpu         ] GC(139) User=0.05s Sys=0.00s Real=0.04s
[71.186s][info][gc,start       ] GC(140) Pause Young (Allocation Failure)
[71.233s][info][gc,heap        ] GC(140) DefNew: 560486K(629248K)->1122K(629248K) Eden: 559360K(559360K)->0K(559360K) From: 1126K(69888K)->1122K(69888K)
[71.233s][info][gc,heap        ] GC(140) Tenured: 9710K(1398144K)->9787K(1398144K)
[71.233s][info][gc,metaspace   ] GC(140) Metaspace: 14188K(15040K)->14188K(15040K) NonClass: 12247K(12736K)->12247K(12736K) Class: 1941K(2304K)->1941K(2304K)
[71.233s][info][gc             ] GC(140) Pause Young (Allocation Failure) 556M->10M(1979M) 46.591ms
[71.233s][info][gc,cpu         ] GC(140) User=0.05s Sys=0.00s Real=0.05s
[71.712s][info][gc,start       ] GC(141) Pause Young (Allocation Failure)
[71.762s][info][gc,heap        ] GC(141) DefNew: 560482K(629248K)->1125K(629248K) Eden: 559360K(559360K)->0K(559360K) From: 1122K(69888K)->1125K(69888K)
[71.762s][info][gc,heap        ] GC(141) Tenured: 9787K(1398144K)->9855K(1398144K)
[71.762s][info][gc,metaspace   ] GC(141) Metaspace: 14188K(15040K)->14188K(15040K) NonClass: 12247K(12736K)->12247K(12736K) Class: 1941K(2304K)->1941K(2304K)
[71.762s][info][gc             ] GC(141) Pause Young (Allocation Failure) 556M->10M(1979M) 50.446ms
[71.762s][info][gc,cpu         ] GC(141) User=0.05s Sys=0.00s Real=0.05s
[72.244s][info][gc,start       ] GC(142) Pause Young (Allocation Failure)
[72.295s][info][gc,heap        ] GC(142) DefNew: 560485K(629248K)->1124K(629248K) Eden: 559360K(559360K)->0K(559360K) From: 1125K(69888K)->1124K(69888K)
[72.295s][info][gc,heap        ] GC(142) Tenured: 9855K(1398144K)->9933K(1398144K)
[72.295s][info][gc,metaspace   ] GC(142) Metaspace: 14188K(15040K)->14188K(15040K) NonClass: 12247K(12736K)->12247K(12736K) Class: 1941K(2304K)->1941K(2304K)
[72.295s][info][gc             ] GC(142) Pause Young (Allocation Failure) 556M->10M(1979M) 51.321ms
[72.295s][info][gc,cpu         ] GC(142) User=0.05s Sys=0.00s Real=0.05s
[72.776s][info][gc,start       ] GC(143) Pause Young (Allocation Failure)
[72.827s][info][gc,heap        ] GC(143) DefNew: 560484K(629248K)->1122K(629248K) Eden: 559360K(559360K)->0K(559360K) From: 1124K(69888K)->1122K(69888K)
[72.827s][info][gc,heap        ] GC(143) Tenured: 9933K(1398144K)->10010K(1398144K)
[72.827s][info][gc,metaspace   ] GC(143) Metaspace: 14188K(15040K)->14188K(15040K) NonClass: 12247K(12736K)->12247K(12736K) Class: 1941K(2304K)->1941K(2304K)
[72.827s][info][gc             ] GC(143) Pause Young (Allocation Failure) 557M->10M(1979M) 51.107ms
[72.827s][info][gc,cpu         ] GC(143) User=0.05s Sys=0.00s Real=0.05s
[73.438s][info][gc,start       ] GC(144) Pause Young (Allocation Failure)
[73.488s][info][gc,heap        ] GC(144) DefNew: 560482K(629248K)->1123K(629248K) Eden: 559360K(559360K)->0K(559360K) From: 1122K(69888K)->1123K(69888K)
[73.488s][info][gc,heap        ] GC(144) Tenured: 10010K(1398144K)->10081K(1398144K)
[73.488s][info][gc,metaspace   ] GC(144) Metaspace: 14188K(15040K)->14188K(15040K) NonClass: 12247K(12736K)->12247K(12736K) Class: 1941K(2304K)->1941K(2304K)
[73.488s][info][gc             ] GC(144) Pause Young (Allocation Failure) 557M->10M(1979M) 49.768ms
[73.488s][info][gc,cpu         ] GC(144) User=0.05s Sys=0.00s Real=0.05s
[73.982s][info][gc,start       ] GC(145) Pause Young (Allocation Failure)
[74.028s][info][gc,heap        ] GC(145) DefNew: 560483K(629248K)->1125K(629248K) Eden: 559360K(559360K)->0K(559360K) From: 1123K(69888K)->1125K(69888K)
[74.028s][info][gc,heap        ] GC(145) Tenured: 10081K(1398144K)->10155K(1398144K)
[74.028s][info][gc,metaspace   ] GC(145) Metaspace: 14188K(15040K)->14188K(15040K) NonClass: 12247K(12736K)->12247K(12736K) Class: 1941K(2304K)->1941K(2304K)
[74.028s][info][gc             ] GC(145) Pause Young (Allocation Failure) 557M->11M(1979M) 46.161ms
[74.028s][info][gc,cpu         ] GC(145) User=0.03s Sys=0.00s Real=0.04s
[74.512s][info][gc,start       ] GC(146) Pause Young (Allocation Failure)
[74.558s][info][gc,heap        ] GC(146) DefNew: 560485K(629248K)->1127K(629248K) Eden: 559360K(559360K)->0K(559360K) From: 1125K(69888K)->1127K(69888K)
[74.558s][info][gc,heap        ] GC(146) Tenured: 10155K(1398144K)->10232K(1398144K)
[74.558s][info][gc,metaspace   ] GC(146) Metaspace: 14188K(15040K)->14188K(15040K) NonClass: 12247K(12736K)->12247K(12736K) Class: 1941K(2304K)->1941K(2304K)
[74.558s][info][gc             ] GC(146) Pause Young (Allocation Failure) 557M->11M(1979M) 46.085ms
[74.558s][info][gc,cpu         ] GC(146) User=0.03s Sys=0.00s Real=0.03s
[75.048s][info][gc,start       ] GC(147) Pause Young (Allocation Failure)
[75.087s][info][gc,heap        ] GC(147) DefNew: 560487K(629248K)->1126K(629248K) Eden: 559360K(559360K)->0K(559360K) From: 1127K(69888K)->1126K(69888K)
[75.087s][info][gc,heap        ] GC(147) Tenured: 10232K(1398144K)->10306K(1398144K)
[75.087s][info][gc,metaspace   ] GC(147) Metaspace: 14188K(15040K)->14188K(15040K) NonClass: 12247K(12736K)->12247K(12736K) Class: 1941K(2304K)->1941K(2304K)
[75.087s][info][gc             ] GC(147) Pause Young (Allocation Failure) 557M->11M(1979M) 38.872ms
[75.087s][info][gc,cpu         ] GC(147) User=0.03s Sys=0.00s Real=0.03s
[75.565s][info][gc,start       ] GC(148) Pause Young (Allocation Failure)
[75.615s][info][gc,heap        ] GC(148) DefNew: 560486K(629248K)->1120K(629248K) Eden: 559360K(559360K)->0K(559360K) From: 1126K(69888K)->1120K(69888K)
[75.615s][info][gc,heap        ] GC(148) Tenured: 10306K(1398144K)->10383K(1398144K)
[75.615s][info][gc,metaspace   ] GC(148) Metaspace: 14188K(15040K)->14188K(15040K) NonClass: 12247K(12736K)->12247K(12736K) Class: 1941K(2304K)->1941K(2304K)
[75.615s][info][gc             ] GC(148) Pause Young (Allocation Failure) 557M->11M(1979M) 50.438ms
[75.615s][info][gc,cpu         ] GC(148) User=0.05s Sys=0.00s Real=0.05s
[76.098s][info][gc,start       ] GC(149) Pause Young (Allocation Failure)
[76.148s][info][gc,heap        ] GC(149) DefNew: 560480K(629248K)->1123K(629248K) Eden: 559360K(559360K)->0K(559360K) From: 1120K(69888K)->1123K(69888K)
[76.148s][info][gc,heap        ] GC(149) Tenured: 10383K(1398144K)->10458K(1398144K)
[76.148s][info][gc,metaspace   ] GC(149) Metaspace: 14188K(15040K)->14188K(15040K) NonClass: 12247K(12736K)->12247K(12736K) Class: 1941K(2304K)->1941K(2304K)
[76.148s][info][gc             ] GC(149) Pause Young (Allocation Failure) 557M->11M(1979M) 50.436ms
[76.148s][info][gc,cpu         ] GC(149) User=0.05s Sys=0.00s Real=0.04s
[76.628s][info][gc,start       ] GC(150) Pause Young (Allocation Failure)
[76.682s][info][gc,heap        ] GC(150) DefNew: 560483K(629248K)->1125K(629248K) Eden: 559360K(559360K)->0K(559360K) From: 1123K(69888K)->1125K(69888K)
[76.682s][info][gc,heap        ] GC(150) Tenured: 10458K(1398144K)->10526K(1398144K)
[76.682s][info][gc,metaspace   ] GC(150) Metaspace: 14188K(15040K)->14188K(15040K) NonClass: 12247K(12736K)->12247K(12736K) Class: 1941K(2304K)->1941K(2304K)
[76.682s][info][gc             ] GC(150) Pause Young (Allocation Failure) 557M->11M(1979M) 53.713ms
[76.682s][info][gc,cpu         ] GC(150) User=0.05s Sys=0.00s Real=0.05s
[77.310s][info][gc,start       ] GC(151) Pause Young (Allocation Failure)
[77.366s][info][gc,heap        ] GC(151) DefNew: 560485K(629248K)->1121K(629248K) Eden: 559360K(559360K)->0K(559360K) From: 1125K(69888K)->1121K(69888K)
[77.366s][info][gc,heap        ] GC(151) Tenured: 10526K(1398144K)->10601K(1398144K)
[77.366s][info][gc,metaspace   ] GC(151) Metaspace: 14188K(15040K)->14188K(15040K) NonClass: 12247K(12736K)->12247K(12736K) Class: 1941K(2304K)->1941K(2304K)
[77.366s][info][gc             ] GC(151) Pause Young (Allocation Failure) 557M->11M(1979M) 55.643ms
[77.366s][info][gc,cpu         ] GC(151) User=0.05s Sys=0.00s Real=0.05s
[77.882s][info][gc,start       ] GC(152) Pause Young (Allocation Failure)
[77.926s][info][gc,heap        ] GC(152) DefNew: 560481K(629248K)->1121K(629248K) Eden: 559360K(559360K)->0K(559360K) From: 1121K(69888K)->1121K(69888K)
[77.926s][info][gc,heap        ] GC(152) Tenured: 10601K(1398144K)->10674K(1398144K)
[77.926s][info][gc,metaspace   ] GC(152) Metaspace: 14188K(15040K)->14188K(15040K) NonClass: 12247K(12736K)->12247K(12736K) Class: 1941K(2304K)->1941K(2304K)
[77.926s][info][gc             ] GC(152) Pause Young (Allocation Failure) 557M->11M(1979M) 43.510ms
[77.926s][info][gc,cpu         ] GC(152) User=0.05s Sys=0.00s Real=0.04s
[78.302s][info][gc,start       ] GC(153) Pause Young (Allocation Failure)
[78.341s][info][gc,heap        ] GC(153) DefNew: 560481K(629248K)->1105K(629248K) Eden: 559359K(559360K)->0K(559360K) From: 1121K(69888K)->1105K(69888K)
[78.341s][info][gc,heap        ] GC(153) Tenured: 10674K(1398144K)->10749K(1398144K)
[78.341s][info][gc,metaspace   ] GC(153) Metaspace: 14188K(15040K)->14188K(15040K) NonClass: 12247K(12736K)->12247K(12736K) Class: 1941K(2304K)->1941K(2304K)
[78.341s][info][gc             ] GC(153) Pause Young (Allocation Failure) 557M->11M(1979M) 39.445ms
[78.341s][info][gc,cpu         ] GC(153) User=0.03s Sys=0.00s Real=0.03s
[78.659s][info][gc,start       ] GC(154) Pause Full (System.gc())
[78.659s][info][gc,phases,start] GC(154) Phase 1: Mark live objects
[78.699s][info][gc,phases      ] GC(154) Phase 1: Mark live objects 39.817ms
[78.699s][info][gc,phases,start] GC(154) Phase 2: Compute new object addresses
[78.767s][info][gc,phases      ] GC(154) Phase 2: Compute new object addresses 67.879ms
[78.767s][info][gc,phases,start] GC(154) Phase 3: Adjust pointers
[78.786s][info][gc,phases      ] GC(154) Phase 3: Adjust pointers 18.733ms
[78.786s][info][gc,phases,start] GC(154) Phase 4: Move objects
[78.786s][info][gc,phases      ] GC(154) Phase 4: Move objects 0.012ms
[78.786s][info][gc,heap        ] GC(154) DefNew: 284437K(629248K)->0K(629248K) Eden: 283332K(559360K)->0K(559360K) From: 1105K(69888K)->0K(69888K)
[78.786s][info][gc,heap        ] GC(154) Tenured: 10749K(1398144K)->10749K(1398144K)
[78.786s][info][gc,metaspace   ] GC(154) Metaspace: 14188K(15040K)->14188K(15040K) NonClass: 12247K(12736K)->12247K(12736K) Class: 1941K(2304K)->1941K(2304K)
[78.786s][info][gc             ] GC(154) Pause Full (System.gc()) 288M->10M(1979M) 126.847ms
[78.786s][info][gc,cpu         ] GC(154) User=0.13s Sys=0.00s Real=0.13s
[79.192s][info][gc,start       ] GC(155) Pause Young (Allocation Failure)
[79.230s][info][gc,heap        ] GC(155) DefNew: 559360K(629248K)->1520K(629248K) Eden: 559360K(559360K)->0K(559360K) From: 0K(69888K)->1520K(69888K)
[79.230s][info][gc,heap        ] GC(155) Tenured: 10749K(1398144K)->10749K(1398144K)
[79.230s][info][gc,metaspace   ] GC(155) Metaspace: 14208K(15040K)->14208K(15040K) NonClass: 12267K(12736K)->12267K(12736K) Class: 1941K(2304K)->1941K(2304K)
[79.230s][info][gc             ] GC(155) Pause Young (Allocation Failure) 556M->11M(1979M) 37.779ms
[79.230s][info][gc,cpu         ] GC(155) User=0.03s Sys=0.00s Real=0.03s
[79.711s][info][gc,start       ] GC(156) Pause Young (Allocation Failure)
[79.764s][info][gc,heap        ] GC(156) DefNew: 560880K(629248K)->1594K(629248K) Eden: 559360K(559360K)->0K(559360K) From: 1520K(69888K)->1594K(69888K)
[79.764s][info][gc,heap        ] GC(156) Tenured: 10749K(1398144K)->10749K(1398144K)
[79.764s][info][gc,metaspace   ] GC(156) Metaspace: 14208K(15040K)->14208K(15040K) NonClass: 12267K(12736K)->12267K(12736K) Class: 1941K(2304K)->1941K(2304K)
[79.764s][info][gc             ] GC(156) Pause Young (Allocation Failure) 558M->12M(1979M) 52.261ms
[79.764s][info][gc,cpu         ] GC(156) User=0.06s Sys=0.00s Real=0.05s
[80.235s][info][gc,start       ] GC(157) Pause Young (Allocation Failure)
[80.286s][info][gc,heap        ] GC(157) DefNew: 560954K(629248K)->1668K(629248K) Eden: 559360K(559360K)->0K(559360K) From: 1594K(69888K)->1668K(69888K)
[80.286s][info][gc,heap        ] GC(157) Tenured: 10749K(1398144K)->10749K(1398144K)
[80.286s][info][gc,metaspace   ] GC(157) Metaspace: 14208K(15040K)->14208K(15040K) NonClass: 12267K(12736K)->12267K(12736K) Class: 1941K(2304K)->1941K(2304K)
[80.286s][info][gc             ] GC(157) Pause Young (Allocation Failure) 558M->12M(1979M) 51.038ms
[80.286s][info][gc,cpu         ] GC(157) User=0.05s Sys=0.00s Real=0.05s
[80.780s][info][gc,start       ] GC(158) Pause Young (Allocation Failure)
[80.823s][info][gc,heap        ] GC(158) DefNew: 561028K(629248K)->1747K(629248K) Eden: 559360K(559360K)->0K(559360K) From: 1668K(69888K)->1747K(69888K)
[80.823s][info][gc,heap        ] GC(158) Tenured: 10749K(1398144K)->10749K(1398144K)
[80.823s][info][gc,metaspace   ] GC(158) Metaspace: 14208K(15040K)->14208K(15040K) NonClass: 12267K(12736K)->12267K(12736K) Class: 1941K(2304K)->1941K(2304K)
[80.823s][info][gc             ] GC(158) Pause Young (Allocation Failure) 558M->12M(1979M) 43.166ms
[80.823s][info][gc,cpu         ] GC(158) User=0.03s Sys=0.00s Real=0.03s
[81.319s][info][gc,start       ] GC(159) Pause Young (Allocation Failure)
[81.366s][info][gc,heap        ] GC(159) DefNew: 561107K(629248K)->1819K(629248K) Eden: 559360K(559360K)->0K(559360K) From: 1747K(69888K)->1819K(69888K)
[81.366s][info][gc,heap        ] GC(159) Tenured: 10749K(1398144K)->10749K(1398144K)
[81.366s][info][gc,metaspace   ] GC(159) Metaspace: 14208K(15040K)->14208K(15040K) NonClass: 12267K(12736K)->12267K(12736K) Class: 1941K(2304K)->1941K(2304K)
[81.366s][info][gc             ] GC(159) Pause Young (Allocation Failure) 558M->12M(1979M) 46.987ms
[81.366s][info][gc,cpu         ] GC(159) User=0.05s Sys=0.00s Real=0.05s
[81.843s][info][gc,start       ] GC(160) Pause Young (Allocation Failure)
[81.892s][info][gc,heap        ] GC(160) DefNew: 561179K(629248K)->1893K(629248K) Eden: 559360K(559360K)->0K(559360K) From: 1819K(69888K)->1893K(69888K)
[81.892s][info][gc,heap        ] GC(160) Tenured: 10749K(1398144K)->10749K(1398144K)
[81.892s][info][gc,metaspace   ] GC(160) Metaspace: 14208K(15040K)->14208K(15040K) NonClass: 12267K(12736K)->12267K(12736K) Class: 1941K(2304K)->1941K(2304K)
[81.892s][info][gc             ] GC(160) Pause Young (Allocation Failure) 558M->12M(1979M) 49.362ms
[81.892s][info][gc,cpu         ] GC(160) User=0.05s Sys=0.00s Real=0.05s
[82.380s][info][gc,start       ] GC(161) Pause Young (Allocation Failure)
[82.430s][info][gc,heap        ] GC(161) DefNew: 561253K(629248K)->1966K(629248K) Eden: 559360K(559360K)->0K(559360K) From: 1893K(69888K)->1966K(69888K)
[82.430s][info][gc,heap        ] GC(161) Tenured: 10749K(1398144K)->10749K(1398144K)
[82.430s][info][gc,metaspace   ] GC(161) Metaspace: 14208K(15040K)->14208K(15040K) NonClass: 12267K(12736K)->12267K(12736K) Class: 1941K(2304K)->1941K(2304K)
[82.430s][info][gc             ] GC(161) Pause Young (Allocation Failure) 558M->12M(1979M) 49.980ms
[82.430s][info][gc,cpu         ] GC(161) User=0.03s Sys=0.00s Real=0.04s
[82.885s][info][gc,start       ] GC(162) Pause Young (Allocation Failure)
[82.935s][info][gc,heap        ] GC(162) DefNew: 561326K(629248K)->2038K(629248K) Eden: 559360K(559360K)->0K(559360K) From: 1966K(69888K)->2038K(69888K)
[82.935s][info][gc,heap        ] GC(162) Tenured: 10749K(1398144K)->10749K(1398144K)
[82.935s][info][gc,metaspace   ] GC(162) Metaspace: 14208K(15040K)->14208K(15040K) NonClass: 12267K(12736K)->12267K(12736K) Class: 1941K(2304K)->1941K(2304K)
[82.935s][info][gc             ] GC(162) Pause Young (Allocation Failure) 558M->12M(1979M) 50.021ms
[82.935s][info][gc,cpu         ] GC(162) User=0.05s Sys=0.00s Real=0.05s
[83.402s][info][gc,start       ] GC(163) Pause Young (Allocation Failure)
[83.452s][info][gc,heap        ] GC(163) DefNew: 561398K(629248K)->2111K(629248K) Eden: 559360K(559360K)->0K(559360K) From: 2038K(69888K)->2111K(69888K)
[83.452s][info][gc,heap        ] GC(163) Tenured: 10749K(1398144K)->10749K(1398144K)
[83.452s][info][gc,metaspace   ] GC(163) Metaspace: 14208K(15040K)->14208K(15040K) NonClass: 12267K(12736K)->12267K(12736K) Class: 1941K(2304K)->1941K(2304K)
[83.452s][info][gc             ] GC(163) Pause Young (Allocation Failure) 558M->12M(1979M) 50.154ms
[83.452s][info][gc,cpu         ] GC(163) User=0.06s Sys=0.00s Real=0.05s
[83.958s][info][gc,start       ] GC(164) Pause Young (Allocation Failure)
[84.014s][info][gc,heap        ] GC(164) DefNew: 561471K(629248K)->2191K(629248K) Eden: 559360K(559360K)->0K(559360K) From: 2111K(69888K)->2191K(69888K)
[84.014s][info][gc,heap        ] GC(164) Tenured: 10749K(1398144K)->10749K(1398144K)
[84.014s][info][gc,metaspace   ] GC(164) Metaspace: 14208K(15040K)->14208K(15040K) NonClass: 12267K(12736K)->12267K(12736K) Class: 1941K(2304K)->1941K(2304K)
[84.014s][info][gc             ] GC(164) Pause Young (Allocation Failure) 558M->12M(1979M) 55.541ms
[84.014s][info][gc,cpu         ] GC(164) User=0.05s Sys=0.00s Real=0.05s
[84.512s][info][gc,start       ] GC(165) Pause Young (Allocation Failure)
[84.560s][info][gc,heap        ] GC(165) DefNew: 561551K(629248K)->2269K(629248K) Eden: 559360K(559360K)->0K(559360K) From: 2191K(69888K)->2269K(69888K)
[84.560s][info][gc,heap        ] GC(165) Tenured: 10749K(1398144K)->10749K(1398144K)
[84.560s][info][gc,metaspace   ] GC(165) Metaspace: 14208K(15040K)->14208K(15040K) NonClass: 12267K(12736K)->12267K(12736K) Class: 1941K(2304K)->1941K(2304K)
[84.560s][info][gc             ] GC(165) Pause Young (Allocation Failure) 558M->12M(1979M) 47.962ms
[84.560s][info][gc,cpu         ] GC(165) User=0.06s Sys=0.00s Real=0.05s
[85.063s][info][gc,start       ] GC(166) Pause Young (Allocation Failure)
[85.111s][info][gc,heap        ] GC(166) DefNew: 561629K(629248K)->2347K(629248K) Eden: 559360K(559360K)->0K(559360K) From: 2269K(69888K)->2347K(69888K)
[85.111s][info][gc,heap        ] GC(166) Tenured: 10749K(1398144K)->10749K(1398144K)
[85.111s][info][gc,metaspace   ] GC(166) Metaspace: 14208K(15040K)->14208K(15040K) NonClass: 12267K(12736K)->12267K(12736K) Class: 1941K(2304K)->1941K(2304K)
[85.111s][info][gc             ] GC(166) Pause Young (Allocation Failure) 558M->12M(1979M) 47.358ms
[85.111s][info][gc,cpu         ] GC(166) User=0.05s Sys=0.00s Real=0.05s
[85.585s][info][gc,start       ] GC(167) Pause Young (Allocation Failure)
[85.634s][info][gc,heap        ] GC(167) DefNew: 561707K(629248K)->2423K(629248K) Eden: 559360K(559360K)->0K(559360K) From: 2347K(69888K)->2423K(69888K)
[85.634s][info][gc,heap        ] GC(167) Tenured: 10749K(1398144K)->10749K(1398144K)
[85.634s][info][gc,metaspace   ] GC(167) Metaspace: 14208K(15040K)->14208K(15040K) NonClass: 12267K(12736K)->12267K(12736K) Class: 1941K(2304K)->1941K(2304K)
[85.634s][info][gc             ] GC(167) Pause Young (Allocation Failure) 559M->12M(1979M) 48.881ms
[85.634s][info][gc,cpu         ] GC(167) User=0.05s Sys=0.00s Real=0.05s
[86.116s][info][gc,start       ] GC(168) Pause Young (Allocation Failure)
[86.164s][info][gc,heap        ] GC(168) DefNew: 561783K(629248K)->2497K(629248K) Eden: 559360K(559360K)->0K(559360K) From: 2423K(69888K)->2497K(69888K)
[86.164s][info][gc,heap        ] GC(168) Tenured: 10749K(1398144K)->10749K(1398144K)
[86.164s][info][gc,metaspace   ] GC(168) Metaspace: 14208K(15040K)->14208K(15040K) NonClass: 12267K(12736K)->12267K(12736K) Class: 1941K(2304K)->1941K(2304K)
[86.164s][info][gc             ] GC(168) Pause Young (Allocation Failure) 559M->12M(1979M) 47.474ms
[86.164s][info][gc,cpu         ] GC(168) User=0.05s Sys=0.00s Real=0.05s
[86.658s][info][gc,start       ] GC(169) Pause Young (Allocation Failure)
[86.710s][info][gc,heap        ] GC(169) DefNew: 561857K(629248K)->2578K(629248K) Eden: 559360K(559360K)->0K(559360K) From: 2497K(69888K)->2578K(69888K)
[86.710s][info][gc,heap        ] GC(169) Tenured: 10749K(1398144K)->10749K(1398144K)
[86.710s][info][gc,metaspace   ] GC(169) Metaspace: 14208K(15040K)->14208K(15040K) NonClass: 12267K(12736K)->12267K(12736K) Class: 1941K(2304K)->1941K(2304K)
[86.710s][info][gc             ] GC(169) Pause Young (Allocation Failure) 559M->13M(1979M) 52.436ms
[86.710s][info][gc,cpu         ] GC(169) User=0.05s Sys=0.00s Real=0.04s
[87.192s][info][gc,start       ] GC(170) Pause Young (Allocation Failure)
[87.243s][info][gc,heap        ] GC(170) DefNew: 561938K(629248K)->1140K(629248K) Eden: 559360K(559360K)->0K(559360K) From: 2578K(69888K)->1140K(69888K)
[87.243s][info][gc,heap        ] GC(170) Tenured: 10749K(1398144K)->12260K(1398144K)
[87.243s][info][gc,metaspace   ] GC(170) Metaspace: 14208K(15040K)->14208K(15040K) NonClass: 12267K(12736K)->12267K(12736K) Class: 1941K(2304K)->1941K(2304K)
[87.243s][info][gc             ] GC(170) Pause Young (Allocation Failure) 559M->13M(1979M) 50.923ms
[87.243s][info][gc,cpu         ] GC(170) User=0.05s Sys=0.00s Real=0.05s
[87.734s][info][gc,start       ] GC(171) Pause Young (Allocation Failure)
[87.776s][info][gc,heap        ] GC(171) DefNew: 560500K(629248K)->1141K(629248K) Eden: 559360K(559360K)->0K(559360K) From: 1140K(69888K)->1141K(69888K)
[87.776s][info][gc,heap        ] GC(171) Tenured: 12260K(1398144K)->12334K(1398144K)
[87.776s][info][gc,metaspace   ] GC(171) Metaspace: 14208K(15040K)->14208K(15040K) NonClass: 12267K(12736K)->12267K(12736K) Class: 1941K(2304K)->1941K(2304K)
[87.776s][info][gc             ] GC(171) Pause Young (Allocation Failure) 559M->13M(1979M) 42.161ms
[87.776s][info][gc,cpu         ] GC(171) User=0.03s Sys=0.00s Real=0.03s
[88.266s][info][gc,start       ] GC(172) Pause Young (Allocation Failure)
[88.310s][info][gc,heap        ] GC(172) DefNew: 560501K(629248K)->1140K(629248K) Eden: 559360K(559360K)->0K(559360K) From: 1141K(69888K)->1140K(69888K)
[88.310s][info][gc,heap        ] GC(172) Tenured: 12334K(1398144K)->12408K(1398144K)
[88.310s][info][gc,metaspace   ] GC(172) Metaspace: 14208K(15040K)->14208K(15040K) NonClass: 12267K(12736K)->12267K(12736K) Class: 1941K(2304K)->1941K(2304K)
[88.310s][info][gc             ] GC(172) Pause Young (Allocation Failure) 559M->13M(1979M) 44.286ms
[88.310s][info][gc,cpu         ] GC(172) User=0.03s Sys=0.00s Real=0.04s
[88.816s][info][gc,start       ] GC(173) Pause Young (Allocation Failure)
[88.853s][info][gc,heap        ] GC(173) DefNew: 560500K(629248K)->1144K(629248K) Eden: 559360K(559360K)->0K(559360K) From: 1140K(69888K)->1144K(69888K)
[88.853s][info][gc,heap        ] GC(173) Tenured: 12408K(1398144K)->12483K(1398144K)
[88.853s][info][gc,metaspace   ] GC(173) Metaspace: 14208K(15040K)->14208K(15040K) NonClass: 12267K(12736K)->12267K(12736K) Class: 1941K(2304K)->1941K(2304K)
[88.853s][info][gc             ] GC(173) Pause Young (Allocation Failure) 559M->13M(1979M) 37.661ms
[88.853s][info][gc,cpu         ] GC(173) User=0.03s Sys=0.00s Real=0.03s
[89.355s][info][gc,start       ] GC(174) Pause Young (Allocation Failure)
[89.403s][info][gc,heap        ] GC(174) DefNew: 560504K(629248K)->1145K(629248K) Eden: 559360K(559360K)->0K(559360K) From: 1144K(69888K)->1145K(69888K)
[89.403s][info][gc,heap        ] GC(174) Tenured: 12483K(1398144K)->12559K(1398144K)
[89.403s][info][gc,metaspace   ] GC(174) Metaspace: 14208K(15040K)->14208K(15040K) NonClass: 12267K(12736K)->12267K(12736K) Class: 1941K(2304K)->1941K(2304K)
[89.403s][info][gc             ] GC(174) Pause Young (Allocation Failure) 559M->13M(1979M) 48.043ms
[89.403s][info][gc,cpu         ] GC(174) User=0.05s Sys=0.00s Real=0.04s
[89.889s][info][gc,start       ] GC(175) Pause Young (Allocation Failure)
[89.936s][info][gc,heap        ] GC(175) DefNew: 560505K(629248K)->1146K(629248K) Eden: 559360K(559360K)->0K(559360K) From: 1145K(69888K)->1146K(69888K)
[89.936s][info][gc,heap        ] GC(175) Tenured: 12559K(1398144K)->12633K(1398144K)
[89.936s][info][gc,metaspace   ] GC(175) Metaspace: 14208K(15040K)->14208K(15040K) NonClass: 12267K(12736K)->12267K(12736K) Class: 1941K(2304K)->1941K(2304K)
[89.936s][info][gc             ] GC(175) Pause Young (Allocation Failure) 559M->13M(1979M) 47.313ms
[89.936s][info][gc,cpu         ] GC(175) User=0.03s Sys=0.00s Real=0.04s
[90.420s][info][gc,start       ] GC(176) Pause Young (Allocation Failure)
[90.468s][info][gc,heap        ] GC(176) DefNew: 560506K(629248K)->1144K(629248K) Eden: 559360K(559360K)->0K(559360K) From: 1146K(69888K)->1144K(69888K)
[90.468s][info][gc,heap        ] GC(176) Tenured: 12633K(1398144K)->12706K(1398144K)
[90.468s][info][gc,metaspace   ] GC(176) Metaspace: 14208K(15040K)->14208K(15040K) NonClass: 12267K(12736K)->12267K(12736K) Class: 1941K(2304K)->1941K(2304K)
[90.468s][info][gc             ] GC(176) Pause Young (Allocation Failure) 559M->13M(1979M) 48.234ms
[90.468s][info][gc,cpu         ] GC(176) User=0.03s Sys=0.00s Real=0.04s
[90.956s][info][gc,start       ] GC(177) Pause Young (Allocation Failure)
[91.009s][info][gc,heap        ] GC(177) DefNew: 560504K(629248K)->1149K(629248K) Eden: 559360K(559360K)->0K(559360K) From: 1144K(69888K)->1149K(69888K)
[91.009s][info][gc,heap        ] GC(177) Tenured: 12706K(1398144K)->12777K(1398144K)
[91.009s][info][gc,metaspace   ] GC(177) Metaspace: 14208K(15040K)->14208K(15040K) NonClass: 12267K(12736K)->12267K(12736K) Class: 1941K(2304K)->1941K(2304K)
[91.009s][info][gc             ] GC(177) Pause Young (Allocation Failure) 559M->13M(1979M) 52.819ms
[91.009s][info][gc,cpu         ] GC(177) User=0.03s Sys=0.00s Real=0.04s
[91.498s][info][gc,start       ] GC(178) Pause Young (Allocation Failure)
[91.553s][info][gc,heap        ] GC(178) DefNew: 560509K(629248K)->1151K(629248K) Eden: 559360K(559360K)->0K(559360K) From: 1149K(69888K)->1151K(69888K)
[91.553s][info][gc,heap        ] GC(178) Tenured: 12777K(1398144K)->12851K(1398144K)
[91.553s][info][gc,metaspace   ] GC(178) Metaspace: 14208K(15040K)->14208K(15040K) NonClass: 12267K(12736K)->12267K(12736K) Class: 1941K(2304K)->1941K(2304K)
[91.553s][info][gc             ] GC(178) Pause Young (Allocation Failure) 559M->13M(1979M) 54.250ms
[91.553s][info][gc,cpu         ] GC(178) User=0.05s Sys=0.00s Real=0.06s
[92.136s][info][gc,start       ] GC(179) Pause Young (Allocation Failure)
[92.194s][info][gc,heap        ] GC(179) DefNew: 560511K(629248K)->1149K(629248K) Eden: 559360K(559360K)->0K(559360K) From: 1151K(69888K)->1149K(69888K)
[92.194s][info][gc,heap        ] GC(179) Tenured: 12851K(1398144K)->12931K(1398144K)
[92.194s][info][gc,metaspace   ] GC(179) Metaspace: 14208K(15040K)->14208K(15040K) NonClass: 12267K(12736K)->12267K(12736K) Class: 1941K(2304K)->1941K(2304K)
[92.194s][info][gc             ] GC(179) Pause Young (Allocation Failure) 559M->13M(1979M) 57.206ms
[92.194s][info][gc,cpu         ] GC(179) User=0.05s Sys=0.00s Real=0.05s
[92.692s][info][gc,start       ] GC(180) Pause Young (Allocation Failure)
[92.739s][info][gc,heap        ] GC(180) DefNew: 560509K(629248K)->1147K(629248K) Eden: 559360K(559360K)->0K(559360K) From: 1149K(69888K)->1147K(69888K)
[92.739s][info][gc,heap        ] GC(180) Tenured: 12931K(1398144K)->13008K(1398144K)
[92.739s][info][gc,metaspace   ] GC(180) Metaspace: 14208K(15040K)->14208K(15040K) NonClass: 12267K(12736K)->12267K(12736K) Class: 1941K(2304K)->1941K(2304K)
[92.739s][info][gc             ] GC(180) Pause Young (Allocation Failure) 560M->13M(1979M) 47.255ms
[92.739s][info][gc,cpu         ] GC(180) User=0.05s Sys=0.00s Real=0.05s
[93.244s][info][gc,start       ] GC(181) Pause Young (Allocation Failure)
[93.290s][info][gc,heap        ] GC(181) DefNew: 560507K(629248K)->1148K(629248K) Eden: 559360K(559360K)->0K(559360K) From: 1147K(69888K)->1148K(69888K)
[93.290s][info][gc,heap        ] GC(181) Tenured: 13008K(1398144K)->13086K(1398144K)
[93.290s][info][gc,metaspace   ] GC(181) Metaspace: 14208K(15040K)->14208K(15040K) NonClass: 12267K(12736K)->12267K(12736K) Class: 1941K(2304K)->1941K(2304K)
[93.290s][info][gc             ] GC(181) Pause Young (Allocation Failure) 560M->13M(1979M) 45.760ms
[93.290s][info][gc,cpu         ] GC(181) User=0.05s Sys=0.00s Real=0.04s
[93.783s][info][gc,start       ] GC(182) Pause Young (Allocation Failure)
[93.836s][info][gc,heap        ] GC(182) DefNew: 560508K(629248K)->1148K(629248K) Eden: 559360K(559360K)->0K(559360K) From: 1148K(69888K)->1148K(69888K)
[93.836s][info][gc,heap        ] GC(182) Tenured: 13086K(1398144K)->13162K(1398144K)
[93.836s][info][gc,metaspace   ] GC(182) Metaspace: 14208K(15040K)->14208K(15040K) NonClass: 12267K(12736K)->12267K(12736K) Class: 1941K(2304K)->1941K(2304K)
[93.836s][info][gc             ] GC(182) Pause Young (Allocation Failure) 560M->13M(1979M) 52.648ms
[93.836s][info][gc,cpu         ] GC(182) User=0.05s Sys=0.00s Real=0.05s
[94.331s][info][gc,start       ] GC(183) Pause Young (Allocation Failure)
[94.386s][info][gc,heap        ] GC(183) DefNew: 560508K(629248K)->1150K(629248K) Eden: 559360K(559360K)->0K(559360K) From: 1148K(69888K)->1150K(69888K)
[94.386s][info][gc,heap        ] GC(183) Tenured: 13162K(1398144K)->13237K(1398144K)
[94.386s][info][gc,metaspace   ] GC(183) Metaspace: 14208K(15040K)->14208K(15040K) NonClass: 12267K(12736K)->12267K(12736K) Class: 1941K(2304K)->1941K(2304K)
[94.386s][info][gc             ] GC(183) Pause Young (Allocation Failure) 560M->14M(1979M) 54.891ms
[94.386s][info][gc,cpu         ] GC(183) User=0.05s Sys=0.00s Real=0.05s
[94.873s][info][gc,start       ] GC(184) Pause Young (Allocation Failure)
[94.929s][info][gc,heap        ] GC(184) DefNew: 560510K(629248K)->1145K(629248K) Eden: 559360K(559360K)->0K(559360K) From: 1150K(69888K)->1145K(69888K)
[94.929s][info][gc,heap        ] GC(184) Tenured: 13237K(1398144K)->13317K(1398144K)
[94.929s][info][gc,metaspace   ] GC(184) Metaspace: 14208K(15040K)->14208K(15040K) NonClass: 12267K(12736K)->12267K(12736K) Class: 1941K(2304K)->1941K(2304K)
[94.929s][info][gc             ] GC(184) Pause Young (Allocation Failure) 560M->14M(1979M) 56.285ms
[94.929s][info][gc,cpu         ] GC(184) User=0.05s Sys=0.00s Real=0.06s
[95.299s][info][gc,start       ] GC(185) Pause Young (Allocation Failure)
[95.343s][info][gc,heap        ] GC(185) DefNew: 560505K(629248K)->1123K(629248K) Eden: 559360K(559360K)->0K(559360K) From: 1145K(69888K)->1123K(69888K)
[95.343s][info][gc,heap        ] GC(185) Tenured: 13317K(1398144K)->13391K(1398144K)
[95.343s][info][gc,metaspace   ] GC(185) Metaspace: 14209K(15040K)->14209K(15040K) NonClass: 12268K(12736K)->12268K(12736K) Class: 1941K(2304K)->1941K(2304K)
[95.343s][info][gc             ] GC(185) Pause Young (Allocation Failure) 560M->14M(1979M) 44.176ms
[95.343s][info][gc,cpu         ] GC(185) User=0.05s Sys=0.00s Real=0.04s
[95.538s][info][gc,start       ] GC(186) Pause Full (System.gc())
[95.538s][info][gc,phases,start] GC(186) Phase 1: Mark live objects
[95.576s][info][gc,phases      ] GC(186) Phase 1: Mark live objects 37.227ms
[95.576s][info][gc,phases,start] GC(186) Phase 2: Compute new object addresses
[95.612s][info][gc,phases      ] GC(186) Phase 2: Compute new object addresses 35.818ms
[95.612s][info][gc,phases,start] GC(186) Phase 3: Adjust pointers
[95.634s][info][gc,phases      ] GC(186) Phase 3: Adjust pointers 22.267ms
[95.634s][info][gc,phases,start] GC(186) Phase 4: Move objects
[95.634s][info][gc,phases      ] GC(186) Phase 4: Move objects 0.013ms
[95.634s][info][gc,heap        ] GC(186) DefNew: 149365K(629248K)->0K(629248K) Eden: 148241K(559360K)->0K(559360K) From: 1123K(69888K)->0K(69888K)
[95.634s][info][gc,heap        ] GC(186) Tenured: 13391K(1398144K)->13391K(1398144K)
[95.634s][info][gc,metaspace   ] GC(186) Metaspace: 14209K(15040K)->14209K(15040K) NonClass: 12268K(12736K)->12268K(12736K) Class: 1941K(2304K)->1941K(2304K)
[95.634s][info][gc             ] GC(186) Pause Full (System.gc()) 158M->13M(1979M) 95.732ms
[95.634s][info][gc,cpu         ] GC(186) User=0.09s Sys=0.00s Real=0.09s
[96.049s][info][gc,start       ] GC(187) Pause Young (Allocation Failure)
[96.091s][info][gc,heap        ] GC(187) DefNew: 559360K(629248K)->1522K(629248K) Eden: 559360K(559360K)->0K(559360K) From: 0K(69888K)->1522K(69888K)
[96.091s][info][gc,heap        ] GC(187) Tenured: 13391K(1398144K)->13391K(1398144K)
[96.091s][info][gc,metaspace   ] GC(187) Metaspace: 14212K(15040K)->14212K(15040K) NonClass: 12270K(12736K)->12270K(12736K) Class: 1941K(2304K)->1941K(2304K)
[96.091s][info][gc             ] GC(187) Pause Young (Allocation Failure) 559M->14M(1979M) 42.597ms
[96.091s][info][gc,cpu         ] GC(187) User=0.03s Sys=0.00s Real=0.03s
[96.590s][info][gc,start       ] GC(188) Pause Young (Allocation Failure)
[96.628s][info][gc,heap        ] GC(188) DefNew: 560882K(629248K)->1596K(629248K) Eden: 559360K(559360K)->0K(559360K) From: 1522K(69888K)->1596K(69888K)
[96.628s][info][gc,heap        ] GC(188) Tenured: 13391K(1398144K)->13391K(1398144K)
[96.628s][info][gc,metaspace   ] GC(188) Metaspace: 14212K(15040K)->14212K(15040K) NonClass: 12270K(12736K)->12270K(12736K) Class: 1941K(2304K)->1941K(2304K)
[96.628s][info][gc             ] GC(188) Pause Young (Allocation Failure) 560M->14M(1979M) 37.880ms
[96.628s][info][gc,cpu         ] GC(188) User=0.05s Sys=0.00s Real=0.03s
[97.122s][info][gc,start       ] GC(189) Pause Young (Allocation Failure)
[97.172s][info][gc,heap        ] GC(189) DefNew: 560956K(629248K)->1673K(629248K) Eden: 559360K(559360K)->0K(559360K) From: 1596K(69888K)->1673K(69888K)
[97.172s][info][gc,heap        ] GC(189) Tenured: 13391K(1398144K)->13391K(1398144K)
[97.172s][info][gc,metaspace   ] GC(189) Metaspace: 14212K(15040K)->14212K(15040K) NonClass: 12270K(12736K)->12270K(12736K) Class: 1941K(2304K)->1941K(2304K)
[97.172s][info][gc             ] GC(189) Pause Young (Allocation Failure) 560M->14M(1979M) 49.901ms
[97.172s][info][gc,cpu         ] GC(189) User=0.05s Sys=0.00s Real=0.05s
[97.679s][info][gc,start       ] GC(190) Pause Young (Allocation Failure)
[97.730s][info][gc,heap        ] GC(190) DefNew: 561033K(629248K)->1754K(629248K) Eden: 559360K(559360K)->0K(559360K) From: 1673K(69888K)->1754K(69888K)
[97.730s][info][gc,heap        ] GC(190) Tenured: 13391K(1398144K)->13391K(1398144K)
[97.730s][info][gc,metaspace   ] GC(190) Metaspace: 14212K(15040K)->14212K(15040K) NonClass: 12270K(12736K)->12270K(12736K) Class: 1941K(2304K)->1941K(2304K)
[97.730s][info][gc             ] GC(190) Pause Young (Allocation Failure) 560M->14M(1979M) 51.411ms
[97.730s][info][gc,cpu         ] GC(190) User=0.05s Sys=0.00s Real=0.05s
[98.218s][info][gc,start       ] GC(191) Pause Young (Allocation Failure)
[98.272s][info][gc,heap        ] GC(191) DefNew: 561114K(629248K)->1828K(629248K) Eden: 559360K(559360K)->0K(559360K) From: 1754K(69888K)->1828K(69888K)
[98.272s][info][gc,heap        ] GC(191) Tenured: 13391K(1398144K)->13391K(1398144K)
[98.272s][info][gc,metaspace   ] GC(191) Metaspace: 14212K(15040K)->14212K(15040K) NonClass: 12270K(12736K)->12270K(12736K) Class: 1941K(2304K)->1941K(2304K)
[98.273s][info][gc             ] GC(191) Pause Young (Allocation Failure) 561M->14M(1979M) 54.660ms
[98.273s][info][gc,cpu         ] GC(191) User=0.05s Sys=0.00s Real=0.05s
[98.762s][info][gc,start       ] GC(192) Pause Young (Allocation Failure)
[98.817s][info][gc,heap        ] GC(192) DefNew: 561188K(629248K)->1905K(629248K) Eden: 559360K(559360K)->0K(559360K) From: 1828K(69888K)->1905K(69888K)
[98.817s][info][gc,heap        ] GC(192) Tenured: 13391K(1398144K)->13391K(1398144K)
[98.817s][info][gc,metaspace   ] GC(192) Metaspace: 14212K(15040K)->14212K(15040K) NonClass: 12270K(12736K)->12270K(12736K) Class: 1941K(2304K)->1941K(2304K)
[98.817s][info][gc             ] GC(192) Pause Young (Allocation Failure) 561M->14M(1979M) 54.511ms
[98.817s][info][gc,cpu         ] GC(192) User=0.06s Sys=0.00s Real=0.06s
[99.290s][info][gc,start       ] GC(193) Pause Young (Allocation Failure)
[99.332s][info][gc,heap        ] GC(193) DefNew: 561265K(629248K)->1981K(629248K) Eden: 559360K(559360K)->0K(559360K) From: 1905K(69888K)->1981K(69888K)
[99.332s][info][gc,heap        ] GC(193) Tenured: 13391K(1398144K)->13391K(1398144K)
[99.332s][info][gc,metaspace   ] GC(193) Metaspace: 14212K(15040K)->14212K(15040K) NonClass: 12270K(12736K)->12270K(12736K) Class: 1941K(2304K)->1941K(2304K)
[99.332s][info][gc             ] GC(193) Pause Young (Allocation Failure) 561M->15M(1979M) 42.658ms
[99.332s][info][gc,cpu         ] GC(193) User=0.03s Sys=0.00s Real=0.03s
[99.912s][info][gc,start       ] GC(194) Pause Young (Allocation Failure)
[99.961s][info][gc,heap        ] GC(194) DefNew: 561341K(629248K)->2053K(629248K) Eden: 559360K(559360K)->0K(559360K) From: 1981K(69888K)->2053K(69888K)
[99.961s][info][gc,heap        ] GC(194) Tenured: 13391K(1398144K)->13391K(1398144K)
[99.961s][info][gc,metaspace   ] GC(194) Metaspace: 14212K(15040K)->14212K(15040K) NonClass: 12270K(12736K)->12270K(12736K) Class: 1941K(2304K)->1941K(2304K)
[99.961s][info][gc             ] GC(194) Pause Young (Allocation Failure) 561M->15M(1979M) 49.549ms
[99.962s][info][gc,cpu         ] GC(194) User=0.05s Sys=0.00s Real=0.05s
[100.438s][info][gc,start       ] GC(195) Pause Young (Allocation Failure)
[100.487s][info][gc,heap        ] GC(195) DefNew: 561413K(629248K)->2125K(629248K) Eden: 559360K(559360K)->0K(559360K) From: 2053K(69888K)->2125K(69888K)
[100.487s][info][gc,heap        ] GC(195) Tenured: 13391K(1398144K)->13391K(1398144K)
[100.487s][info][gc,metaspace   ] GC(195) Metaspace: 14212K(15040K)->14212K(15040K) NonClass: 12270K(12736K)->12270K(12736K) Class: 1941K(2304K)->1941K(2304K)
[100.487s][info][gc             ] GC(195) Pause Young (Allocation Failure) 561M->15M(1979M) 48.869ms
[100.487s][info][gc,cpu         ] GC(195) User=0.03s Sys=0.00s Real=0.04s
[100.974s][info][gc,start       ] GC(196) Pause Young (Allocation Failure)
[101.026s][info][gc,heap        ] GC(196) DefNew: 561485K(629248K)->2199K(629248K) Eden: 559360K(559360K)->0K(559360K) From: 2125K(69888K)->2199K(69888K)
[101.026s][info][gc,heap        ] GC(196) Tenured: 13391K(1398144K)->13391K(1398144K)
[101.026s][info][gc,metaspace   ] GC(196) Metaspace: 14212K(15040K)->14212K(15040K) NonClass: 12270K(12736K)->12270K(12736K) Class: 1941K(2304K)->1941K(2304K)
[101.026s][info][gc             ] GC(196) Pause Young (Allocation Failure) 561M->15M(1979M) 51.869ms
[101.026s][info][gc,cpu         ] GC(196) User=0.05s Sys=0.00s Real=0.05s
[101.519s][info][gc,start       ] GC(197) Pause Young (Allocation Failure)
[101.568s][info][gc,heap        ] GC(197) DefNew: 561559K(629248K)->2277K(629248K) Eden: 559360K(559360K)->0K(559360K) From: 2199K(69888K)->2277K(69888K)
[101.568s][info][gc,heap        ] GC(197) Tenured: 13391K(1398144K)->13391K(1398144K)
[101.568s][info][gc,metaspace   ] GC(197) Metaspace: 14212K(15040K)->14212K(15040K) NonClass: 12270K(12736K)->12270K(12736K) Class: 1941K(2304K)->1941K(2304K)
[101.568s][info][gc             ] GC(197) Pause Young (Allocation Failure) 561M->15M(1979M) 49.020ms
[101.568s][info][gc,cpu         ] GC(197) User=0.05s Sys=0.00s Real=0.05s
[102.056s][info][gc,start       ] GC(198) Pause Young (Allocation Failure)
[102.109s][info][gc,heap        ] GC(198) DefNew: 561637K(629248K)->2356K(629248K) Eden: 559360K(559360K)->0K(559360K) From: 2277K(69888K)->2356K(69888K)
[102.109s][info][gc,heap        ] GC(198) Tenured: 13391K(1398144K)->13391K(1398144K)
[102.109s][info][gc,metaspace   ] GC(198) Metaspace: 14212K(15040K)->14212K(15040K) NonClass: 12270K(12736K)->12270K(12736K) Class: 1941K(2304K)->1941K(2304K)
[102.110s][info][gc             ] GC(198) Pause Young (Allocation Failure) 561M->15M(1979M) 53.553ms
[102.110s][info][gc,cpu         ] GC(198) User=0.05s Sys=0.00s Real=0.04s
[102.585s][info][gc,start       ] GC(199) Pause Young (Allocation Failure)
[102.640s][info][gc,heap        ] GC(199) DefNew: 561716K(629248K)->2431K(629248K) Eden: 559360K(559360K)->0K(559360K) From: 2356K(69888K)->2431K(69888K)
[102.640s][info][gc,heap        ] GC(199) Tenured: 13391K(1398144K)->13391K(1398144K)
[102.640s][info][gc,metaspace   ] GC(199) Metaspace: 14212K(15040K)->14212K(15040K) NonClass: 12270K(12736K)->12270K(12736K) Class: 1941K(2304K)->1941K(2304K)
[102.640s][info][gc             ] GC(199) Pause Young (Allocation Failure) 561M->15M(1979M) 55.134ms
[102.640s][info][gc,cpu         ] GC(199) User=0.05s Sys=0.00s Real=0.05s
[103.134s][info][gc,start       ] GC(200) Pause Young (Allocation Failure)
[103.192s][info][gc,heap        ] GC(200) DefNew: 561791K(629248K)->2507K(629248K) Eden: 559360K(559360K)->0K(559360K) From: 2431K(69888K)->2507K(69888K)
[103.192s][info][gc,heap        ] GC(200) Tenured: 13391K(1398144K)->13391K(1398144K)
[103.192s][info][gc,metaspace   ] GC(200) Metaspace: 14212K(15040K)->14212K(15040K) NonClass: 12270K(12736K)->12270K(12736K) Class: 1941K(2304K)->1941K(2304K)
[103.192s][info][gc             ] GC(200) Pause Young (Allocation Failure) 561M->15M(1979M) 57.329ms
[103.192s][info][gc,cpu         ] GC(200) User=0.06s Sys=0.00s Real=0.06s
[103.819s][info][gc,start       ] GC(201) Pause Young (Allocation Failure)
[103.877s][info][gc,heap        ] GC(201) DefNew: 561867K(629248K)->2581K(629248K) Eden: 559360K(559360K)->0K(559360K) From: 2507K(69888K)->2581K(69888K)
[103.877s][info][gc,heap        ] GC(201) Tenured: 13391K(1398144K)->13391K(1398144K)
[103.877s][info][gc,metaspace   ] GC(201) Metaspace: 14212K(15040K)->14212K(15040K) NonClass: 12270K(12736K)->12270K(12736K) Class: 1941K(2304K)->1941K(2304K)
[103.877s][info][gc             ] GC(201) Pause Young (Allocation Failure) 561M->15M(1979M) 58.678ms
[103.877s][info][gc,cpu         ] GC(201) User=0.05s Sys=0.00s Real=0.05s
[104.379s][info][gc,start       ] GC(202) Pause Young (Allocation Failure)
[104.419s][info][gc,heap        ] GC(202) DefNew: 561941K(629248K)->1142K(629248K) Eden: 559360K(559360K)->0K(559360K) From: 2581K(69888K)->1142K(69888K)
[104.419s][info][gc,heap        ] GC(202) Tenured: 13391K(1398144K)->14905K(1398144K)
[104.419s][info][gc,metaspace   ] GC(202) Metaspace: 14212K(15040K)->14212K(15040K) NonClass: 12270K(12736K)->12270K(12736K) Class: 1941K(2304K)->1941K(2304K)
[104.419s][info][gc             ] GC(202) Pause Young (Allocation Failure) 561M->15M(1979M) 40.694ms
[104.419s][info][gc,cpu         ] GC(202) User=0.05s Sys=0.00s Real=0.04s
[104.924s][info][gc,start       ] GC(203) Pause Young (Allocation Failure)
[104.964s][info][gc,heap        ] GC(203) DefNew: 560502K(629248K)->1145K(629248K) Eden: 559360K(559360K)->0K(559360K) From: 1142K(69888K)->1145K(69888K)
[104.964s][info][gc,heap        ] GC(203) Tenured: 14905K(1398144K)->14979K(1398144K)
[104.964s][info][gc,metaspace   ] GC(203) Metaspace: 14212K(15040K)->14212K(15040K) NonClass: 12270K(12736K)->12270K(12736K) Class: 1941K(2304K)->1941K(2304K)
[104.964s][info][gc             ] GC(203) Pause Young (Allocation Failure) 561M->15M(1979M) 39.727ms
[104.964s][info][gc,cpu         ] GC(203) User=0.03s Sys=0.00s Real=0.03s
[105.455s][info][gc,start       ] GC(204) Pause Young (Allocation Failure)
[105.496s][info][gc,heap        ] GC(204) DefNew: 560505K(629248K)->1143K(629248K) Eden: 559360K(559360K)->0K(559360K) From: 1145K(69888K)->1143K(69888K)
[105.496s][info][gc,heap        ] GC(204) Tenured: 14979K(1398144K)->15057K(1398144K)
[105.496s][info][gc,metaspace   ] GC(204) Metaspace: 14212K(15040K)->14212K(15040K) NonClass: 12270K(12736K)->12270K(12736K) Class: 1941K(2304K)->1941K(2304K)
[105.496s][info][gc             ] GC(204) Pause Young (Allocation Failure) 561M->15M(1979M) 40.734ms
[105.496s][info][gc,cpu         ] GC(204) User=0.03s Sys=0.00s Real=0.03s
[105.986s][info][gc,start       ] GC(205) Pause Young (Allocation Failure)
[106.030s][info][gc,heap        ] GC(205) DefNew: 560503K(629248K)->1137K(629248K) Eden: 559360K(559360K)->0K(559360K) From: 1143K(69888K)->1137K(69888K)
[106.030s][info][gc,heap        ] GC(205) Tenured: 15057K(1398144K)->15136K(1398144K)
[106.030s][info][gc,metaspace   ] GC(205) Metaspace: 14212K(15040K)->14212K(15040K) NonClass: 12270K(12736K)->12270K(12736K) Class: 1941K(2304K)->1941K(2304K)
[106.030s][info][gc             ] GC(205) Pause Young (Allocation Failure) 562M->15M(1979M) 43.334ms
[106.030s][info][gc,cpu         ] GC(205) User=0.03s Sys=0.00s Real=0.03s
[106.522s][info][gc,start       ] GC(206) Pause Young (Allocation Failure)
[106.565s][info][gc,heap        ] GC(206) DefNew: 560497K(629248K)->1138K(629248K) Eden: 559360K(559360K)->0K(559360K) From: 1137K(69888K)->1138K(69888K)
[106.565s][info][gc,heap        ] GC(206) Tenured: 15136K(1398144K)->15210K(1398144K)
[106.565s][info][gc,metaspace   ] GC(206) Metaspace: 14212K(15040K)->14212K(15040K) NonClass: 12270K(12736K)->12270K(12736K) Class: 1941K(2304K)->1941K(2304K)
[106.565s][info][gc             ] GC(206) Pause Young (Allocation Failure) 562M->15M(1979M) 42.487ms
[106.565s][info][gc,cpu         ] GC(206) User=0.05s Sys=0.00s Real=0.04s
[107.055s][info][gc,start       ] GC(207) Pause Young (Allocation Failure)
[107.112s][info][gc,heap        ] GC(207) DefNew: 560498K(629248K)->1137K(629248K) Eden: 559360K(559360K)->0K(559360K) From: 1138K(69888K)->1137K(69888K)
[107.112s][info][gc,heap        ] GC(207) Tenured: 15210K(1398144K)->15288K(1398144K)
[107.112s][info][gc,metaspace   ] GC(207) Metaspace: 14212K(15040K)->14212K(15040K) NonClass: 12270K(12736K)->12270K(12736K) Class: 1941K(2304K)->1941K(2304K)
[107.112s][info][gc             ] GC(207) Pause Young (Allocation Failure) 562M->16M(1979M) 57.148ms
[107.112s][info][gc,cpu         ] GC(207) User=0.05s Sys=0.00s Real=0.04s
[107.673s][info][gc,start       ] GC(208) Pause Young (Allocation Failure)
[107.732s][info][gc,heap        ] GC(208) DefNew: 560497K(629248K)->1140K(629248K) Eden: 559360K(559360K)->0K(559360K) From: 1137K(69888K)->1140K(69888K)
[107.732s][info][gc,heap        ] GC(208) Tenured: 15288K(1398144K)->15362K(1398144K)
[107.732s][info][gc,metaspace   ] GC(208) Metaspace: 14212K(15040K)->14212K(15040K) NonClass: 12270K(12736K)->12270K(12736K) Class: 1941K(2304K)->1941K(2304K)
[107.732s][info][gc             ] GC(208) Pause Young (Allocation Failure) 562M->16M(1979M) 59.525ms
[107.732s][info][gc,cpu         ] GC(208) User=0.05s Sys=0.00s Real=0.05s
[108.234s][info][gc,start       ] GC(209) Pause Young (Allocation Failure)
[108.272s][info][gc,heap        ] GC(209) DefNew: 560500K(629248K)->1143K(629248K) Eden: 559360K(559360K)->0K(559360K) From: 1140K(69888K)->1143K(69888K)
[108.272s][info][gc,heap        ] GC(209) Tenured: 15362K(1398144K)->15436K(1398144K)
[108.272s][info][gc,metaspace   ] GC(209) Metaspace: 14212K(15040K)->14212K(15040K) NonClass: 12270K(12736K)->12270K(12736K) Class: 1941K(2304K)->1941K(2304K)
[108.272s][info][gc             ] GC(209) Pause Young (Allocation Failure) 562M->16M(1979M) 38.716ms
[108.272s][info][gc,cpu         ] GC(209) User=0.03s Sys=0.00s Real=0.04s
[108.779s][info][gc,start       ] GC(210) Pause Young (Allocation Failure)
[108.829s][info][gc,heap        ] GC(210) DefNew: 560503K(629248K)->1152K(629248K) Eden: 559360K(559360K)->0K(559360K) From: 1143K(69888K)->1152K(69888K)
[108.829s][info][gc,heap        ] GC(210) Tenured: 15436K(1398144K)->15507K(1398144K)
[108.829s][info][gc,metaspace   ] GC(210) Metaspace: 14212K(15040K)->14212K(15040K) NonClass: 12270K(12736K)->12270K(12736K) Class: 1941K(2304K)->1941K(2304K)
[108.829s][info][gc             ] GC(210) Pause Young (Allocation Failure) 562M->16M(1979M) 49.952ms
[108.829s][info][gc,cpu         ] GC(210) User=0.05s Sys=0.00s Real=0.05s
[109.322s][info][gc,start       ] GC(211) Pause Young (Allocation Failure)
[109.375s][info][gc,heap        ] GC(211) DefNew: 560512K(629248K)->1156K(629248K) Eden: 559360K(559360K)->0K(559360K) From: 1152K(69888K)->1156K(69888K)
[109.375s][info][gc,heap        ] GC(211) Tenured: 15507K(1398144K)->15581K(1398144K)
[109.375s][info][gc,metaspace   ] GC(211) Metaspace: 14212K(15040K)->14212K(15040K) NonClass: 12270K(12736K)->12270K(12736K) Class: 1941K(2304K)->1941K(2304K)
[109.375s][info][gc             ] GC(211) Pause Young (Allocation Failure) 562M->16M(1979M) 53.402ms
[109.375s][info][gc,cpu         ] GC(211) User=0.06s Sys=0.00s Real=0.05s
[109.866s][info][gc,start       ] GC(212) Pause Young (Allocation Failure)
[109.920s][info][gc,heap        ] GC(212) DefNew: 560516K(629248K)->1156K(629248K) Eden: 559360K(559360K)->0K(559360K) From: 1156K(69888K)->1156K(69888K)
[109.920s][info][gc,heap        ] GC(212) Tenured: 15581K(1398144K)->15658K(1398144K)
[109.920s][info][gc,metaspace   ] GC(212) Metaspace: 14212K(15040K)->14212K(15040K) NonClass: 12270K(12736K)->12270K(12736K) Class: 1941K(2304K)->1941K(2304K)
[109.920s][info][gc             ] GC(212) Pause Young (Allocation Failure) 562M->16M(1979M) 54.360ms
[109.920s][info][gc,cpu         ] GC(212) User=0.05s Sys=0.00s Real=0.05s
[110.413s][info][gc,start       ] GC(213) Pause Young (Allocation Failure)
[110.469s][info][gc,heap        ] GC(213) DefNew: 560516K(629248K)->1152K(629248K) Eden: 559360K(559360K)->0K(559360K) From: 1156K(69888K)->1152K(69888K)
[110.469s][info][gc,heap        ] GC(213) Tenured: 15658K(1398144K)->15738K(1398144K)
[110.469s][info][gc,metaspace   ] GC(213) Metaspace: 14212K(15040K)->14212K(15040K) NonClass: 12270K(12736K)->12270K(12736K) Class: 1941K(2304K)->1941K(2304K)
[110.469s][info][gc             ] GC(213) Pause Young (Allocation Failure) 562M->16M(1979M) 55.676ms
[110.469s][info][gc,cpu         ] GC(213) User=0.05s Sys=0.00s Real=0.05s
[110.960s][info][gc,start       ] GC(214) Pause Young (Allocation Failure)
[111.015s][info][gc,heap        ] GC(214) DefNew: 560512K(629248K)->1153K(629248K) Eden: 559360K(559360K)->0K(559360K) From: 1152K(69888K)->1153K(69888K)
[111.015s][info][gc,heap        ] GC(214) Tenured: 15738K(1398144K)->15812K(1398144K)
[111.015s][info][gc,metaspace   ] GC(214) Metaspace: 14212K(15040K)->14212K(15040K) NonClass: 12270K(12736K)->12270K(12736K) Class: 1941K(2304K)->1941K(2304K)
[111.015s][info][gc             ] GC(214) Pause Young (Allocation Failure) 562M->16M(1979M) 54.978ms
[111.015s][info][gc,cpu         ] GC(214) User=0.06s Sys=0.00s Real=0.06s
[111.620s][info][gc,start       ] GC(215) Pause Young (Allocation Failure)
[111.671s][info][gc,heap        ] GC(215) DefNew: 560513K(629248K)->1155K(629248K) Eden: 559360K(559360K)->0K(559360K) From: 1153K(69888K)->1155K(69888K)
[111.671s][info][gc,heap        ] GC(215) Tenured: 15812K(1398144K)->15889K(1398144K)
[111.671s][info][gc,metaspace   ] GC(215) Metaspace: 14212K(15040K)->14212K(15040K) NonClass: 12270K(12736K)->12270K(12736K) Class: 1941K(2304K)->1941K(2304K)
[111.671s][info][gc             ] GC(215) Pause Young (Allocation Failure) 562M->16M(1979M) 50.915ms
[111.671s][info][gc,cpu         ] GC(215) User=0.06s Sys=0.00s Real=0.05s
[112.187s][info][gc,start       ] GC(216) Pause Young (Allocation Failure)
[112.237s][info][gc,heap        ] GC(216) DefNew: 560515K(629248K)->1156K(629248K) Eden: 559360K(559360K)->0K(559360K) From: 1155K(69888K)->1156K(69888K)
[112.237s][info][gc,heap        ] GC(216) Tenured: 15889K(1398144K)->15962K(1398144K)
[112.237s][info][gc,metaspace   ] GC(216) Metaspace: 14215K(15040K)->14215K(15040K) NonClass: 12273K(12736K)->12273K(12736K) Class: 1941K(2304K)->1941K(2304K)
[112.237s][info][gc             ] GC(216) Pause Young (Allocation Failure) 562M->16M(1979M) 50.493ms
[112.237s][info][gc,cpu         ] GC(216) User=0.05s Sys=0.00s Real=0.05s
[112.641s][info][gc,start       ] GC(217) Pause Young (Allocation Failure)
[112.691s][info][gc,heap        ] GC(217) DefNew: 560516K(629248K)->1141K(629248K) Eden: 559360K(559360K)->0K(559360K) From: 1156K(69888K)->1141K(69888K)
[112.691s][info][gc,heap        ] GC(217) Tenured: 15962K(1398144K)->16037K(1398144K)
[112.691s][info][gc,metaspace   ] GC(217) Metaspace: 14215K(15040K)->14215K(15040K) NonClass: 12274K(12736K)->12274K(12736K) Class: 1941K(2304K)->1941K(2304K)
[112.692s][info][gc             ] GC(217) Pause Young (Allocation Failure) 562M->16M(1979M) 50.700ms
[112.692s][info][gc,cpu         ] GC(217) User=0.03s Sys=0.00s Real=0.04s
[112.989s][info][gc,start       ] GC(218) Pause Full (System.gc())
[112.989s][info][gc,phases,start] GC(218) Phase 1: Mark live objects
[113.030s][info][gc,phases      ] GC(218) Phase 1: Mark live objects 40.985ms
[113.030s][info][gc,phases,start] GC(218) Phase 2: Compute new object addresses
[113.095s][info][gc,phases      ] GC(218) Phase 2: Compute new object addresses 64.290ms
[113.095s][info][gc,phases,start] GC(218) Phase 3: Adjust pointers
[113.115s][info][gc,phases      ] GC(218) Phase 3: Adjust pointers 20.585ms
[113.115s][info][gc,phases,start] GC(218) Phase 4: Move objects
[113.115s][info][gc,phases      ] GC(218) Phase 4: Move objects 0.013ms
[113.115s][info][gc,heap        ] GC(218) DefNew: 265320K(629248K)->0K(629248K) Eden: 264179K(559360K)->0K(559360K) From: 1141K(69888K)->0K(69888K)
[113.115s][info][gc,heap        ] GC(218) Tenured: 16037K(1398144K)->16037K(1398144K)
[113.115s][info][gc,metaspace   ] GC(218) Metaspace: 14217K(15040K)->14217K(15040K) NonClass: 12276K(12736K)->12276K(12736K) Class: 1941K(2304K)->1941K(2304K)
[113.115s][info][gc             ] GC(218) Pause Full (System.gc()) 274M->15M(1979M) 126.262ms
[113.115s][info][gc,cpu         ] GC(218) User=0.13s Sys=0.00s Real=0.13s
[113.526s][info][gc,start       ] GC(219) Pause Young (Allocation Failure)
[113.565s][info][gc,heap        ] GC(219) DefNew: 559360K(629248K)->1528K(629248K) Eden: 559360K(559360K)->0K(559360K) From: 0K(69888K)->1528K(69888K)
[113.565s][info][gc,heap        ] GC(219) Tenured: 16037K(1398144K)->16037K(1398144K)
[113.565s][info][gc,metaspace   ] GC(219) Metaspace: 14218K(15040K)->14218K(15040K) NonClass: 12277K(12736K)->12277K(12736K) Class: 1941K(2304K)->1941K(2304K)
[113.565s][info][gc             ] GC(219) Pause Young (Allocation Failure) 561M->17M(1979M) 39.110ms
[113.565s][info][gc,cpu         ] GC(219) User=0.03s Sys=0.00s Real=0.03s
[114.039s][info][gc,start       ] GC(220) Pause Young (Allocation Failure)
[114.081s][info][gc,heap        ] GC(220) DefNew: 560888K(629248K)->1600K(629248K) Eden: 559360K(559360K)->0K(559360K) From: 1528K(69888K)->1600K(69888K)
[114.081s][info][gc,heap        ] GC(220) Tenured: 16037K(1398144K)->16037K(1398144K)
[114.081s][info][gc,metaspace   ] GC(220) Metaspace: 14218K(15040K)->14218K(15040K) NonClass: 12277K(12736K)->12277K(12736K) Class: 1941K(2304K)->1941K(2304K)
[114.081s][info][gc             ] GC(220) Pause Young (Allocation Failure) 563M->17M(1979M) 42.192ms
[114.081s][info][gc,cpu         ] GC(220) User=0.03s Sys=0.00s Real=0.03s
[114.573s][info][gc,start       ] GC(221) Pause Young (Allocation Failure)
[114.626s][info][gc,heap        ] GC(221) DefNew: 560960K(629248K)->1675K(629248K) Eden: 559360K(559360K)->0K(559360K) From: 1600K(69888K)->1675K(69888K)
[114.626s][info][gc,heap        ] GC(221) Tenured: 16037K(1398144K)->16037K(1398144K)
[114.626s][info][gc,metaspace   ] GC(221) Metaspace: 14218K(15040K)->14218K(15040K) NonClass: 12277K(12736K)->12277K(12736K) Class: 1941K(2304K)->1941K(2304K)
[114.626s][info][gc             ] GC(221) Pause Young (Allocation Failure) 563M->17M(1979M) 53.178ms
[114.626s][info][gc,cpu         ] GC(221) User=0.06s Sys=0.00s Real=0.05s
[115.113s][info][gc,start       ] GC(222) Pause Young (Allocation Failure)
[115.160s][info][gc,heap        ] GC(222) DefNew: 561035K(629248K)->1754K(629248K) Eden: 559360K(559360K)->0K(559360K) From: 1675K(69888K)->1754K(69888K)
[115.160s][info][gc,heap        ] GC(222) Tenured: 16037K(1398144K)->16037K(1398144K)
[115.160s][info][gc,metaspace   ] GC(222) Metaspace: 14218K(15040K)->14218K(15040K) NonClass: 12277K(12736K)->12277K(12736K) Class: 1941K(2304K)->1941K(2304K)
[115.160s][info][gc             ] GC(222) Pause Young (Allocation Failure) 563M->17M(1979M) 47.439ms
[115.160s][info][gc,cpu         ] GC(222) User=0.05s Sys=0.00s Real=0.05s
[115.647s][info][gc,start       ] GC(223) Pause Young (Allocation Failure)
[115.695s][info][gc,heap        ] GC(223) DefNew: 561114K(629248K)->1830K(629248K) Eden: 559360K(559360K)->0K(559360K) From: 1754K(69888K)->1830K(69888K)
[115.695s][info][gc,heap        ] GC(223) Tenured: 16037K(1398144K)->16037K(1398144K)
[115.695s][info][gc,metaspace   ] GC(223) Metaspace: 14218K(15040K)->14218K(15040K) NonClass: 12277K(12736K)->12277K(12736K) Class: 1941K(2304K)->1941K(2304K)
[115.695s][info][gc             ] GC(223) Pause Young (Allocation Failure) 563M->17M(1979M) 48.513ms
[115.695s][info][gc,cpu         ] GC(223) User=0.03s Sys=0.00s Real=0.04s
[116.191s][info][gc,start       ] GC(224) Pause Young (Allocation Failure)
[116.232s][info][gc,heap        ] GC(224) DefNew: 561190K(629248K)->1905K(629248K) Eden: 559360K(559360K)->0K(559360K) From: 1830K(69888K)->1905K(69888K)
[116.232s][info][gc,heap        ] GC(224) Tenured: 16037K(1398144K)->16037K(1398144K)
[116.232s][info][gc,metaspace   ] GC(224) Metaspace: 14218K(15040K)->14218K(15040K) NonClass: 12277K(12736K)->12277K(12736K) Class: 1941K(2304K)->1941K(2304K)
[116.232s][info][gc             ] GC(224) Pause Young (Allocation Failure) 563M->17M(1979M) 40.798ms
[116.232s][info][gc,cpu         ] GC(224) User=0.05s Sys=0.00s Real=0.04s
[116.695s][info][gc,start       ] GC(225) Pause Young (Allocation Failure)
[116.735s][info][gc,heap        ] GC(225) DefNew: 561265K(629248K)->1976K(629248K) Eden: 559360K(559360K)->0K(559360K) From: 1905K(69888K)->1976K(69888K)
[116.735s][info][gc,heap        ] GC(225) Tenured: 16037K(1398144K)->16037K(1398144K)
[116.735s][info][gc,metaspace   ] GC(225) Metaspace: 14218K(15040K)->14218K(15040K) NonClass: 12277K(12736K)->12277K(12736K) Class: 1941K(2304K)->1941K(2304K)
[116.735s][info][gc             ] GC(225) Pause Young (Allocation Failure) 563M->17M(1979M) 39.826ms
[116.735s][info][gc,cpu         ] GC(225) User=0.03s Sys=0.00s Real=0.03s
[117.210s][info][gc,start       ] GC(226) Pause Young (Allocation Failure)
[117.251s][info][gc,heap        ] GC(226) DefNew: 561336K(629248K)->2050K(629248K) Eden: 559360K(559360K)->0K(559360K) From: 1976K(69888K)->2050K(69888K)
[117.251s][info][gc,heap        ] GC(226) Tenured: 16037K(1398144K)->16037K(1398144K)
[117.251s][info][gc,metaspace   ] GC(226) Metaspace: 14218K(15040K)->14218K(15040K) NonClass: 12277K(12736K)->12277K(12736K) Class: 1941K(2304K)->1941K(2304K)
[117.251s][info][gc             ] GC(226) Pause Young (Allocation Failure) 563M->17M(1979M) 41.202ms
[117.251s][info][gc,cpu         ] GC(226) User=0.03s Sys=0.00s Real=0.03s
[117.741s][info][gc,start       ] GC(227) Pause Young (Allocation Failure)
[117.796s][info][gc,heap        ] GC(227) DefNew: 561410K(629248K)->2127K(629248K) Eden: 559360K(559360K)->0K(559360K) From: 2050K(69888K)->2127K(69888K)
[117.796s][info][gc,heap        ] GC(227) Tenured: 16037K(1398144K)->16037K(1398144K)
[117.796s][info][gc,metaspace   ] GC(227) Metaspace: 14218K(15040K)->14218K(15040K) NonClass: 12277K(12736K)->12277K(12736K) Class: 1941K(2304K)->1941K(2304K)
[117.796s][info][gc             ] GC(227) Pause Young (Allocation Failure) 563M->17M(1979M) 54.827ms
[117.796s][info][gc,cpu         ] GC(227) User=0.05s Sys=0.00s Real=0.04s
[118.266s][info][gc,start       ] GC(228) Pause Young (Allocation Failure)
[118.321s][info][gc,heap        ] GC(228) DefNew: 561487K(629248K)->2199K(629248K) Eden: 559360K(559360K)->0K(559360K) From: 2127K(69888K)->2199K(69888K)
[118.322s][info][gc,heap        ] GC(228) Tenured: 16037K(1398144K)->16037K(1398144K)
[118.322s][info][gc,metaspace   ] GC(228) Metaspace: 14218K(15040K)->14218K(15040K) NonClass: 12277K(12736K)->12277K(12736K) Class: 1941K(2304K)->1941K(2304K)
[118.322s][info][gc             ] GC(228) Pause Young (Allocation Failure) 563M->17M(1979M) 56.005ms
[118.322s][info][gc,cpu         ] GC(228) User=0.05s Sys=0.00s Real=0.06s
[118.794s][info][gc,start       ] GC(229) Pause Young (Allocation Failure)
[118.846s][info][gc,heap        ] GC(229) DefNew: 561559K(629248K)->2270K(629248K) Eden: 559360K(559360K)->0K(559360K) From: 2199K(69888K)->2270K(69888K)
[118.846s][info][gc,heap        ] GC(229) Tenured: 16037K(1398144K)->16037K(1398144K)
[118.847s][info][gc,metaspace   ] GC(229) Metaspace: 14218K(15040K)->14218K(15040K) NonClass: 12277K(12736K)->12277K(12736K) Class: 1941K(2304K)->1941K(2304K)
[118.847s][info][gc             ] GC(229) Pause Young (Allocation Failure) 564M->17M(1979M) 52.792ms
[118.847s][info][gc,cpu         ] GC(229) User=0.05s Sys=0.00s Real=0.05s
[119.349s][info][gc,start       ] GC(230) Pause Young (Allocation Failure)
[119.395s][info][gc,heap        ] GC(230) DefNew: 561630K(629248K)->2345K(629248K) Eden: 559360K(559360K)->0K(559360K) From: 2270K(69888K)->2345K(69888K)
[119.395s][info][gc,heap        ] GC(230) Tenured: 16037K(1398144K)->16037K(1398144K)
[119.395s][info][gc,metaspace   ] GC(230) Metaspace: 14218K(15040K)->14218K(15040K) NonClass: 12277K(12736K)->12277K(12736K) Class: 1941K(2304K)->1941K(2304K)
[119.396s][info][gc             ] GC(230) Pause Young (Allocation Failure) 564M->17M(1979M) 46.403ms
[119.396s][info][gc,cpu         ] GC(230) User=0.05s Sys=0.00s Real=0.05s
[119.893s][info][gc,start       ] GC(231) Pause Young (Allocation Failure)
[119.944s][info][gc,heap        ] GC(231) DefNew: 561705K(629248K)->2422K(629248K) Eden: 559360K(559360K)->0K(559360K) From: 2345K(69888K)->2422K(69888K)
[119.944s][info][gc,heap        ] GC(231) Tenured: 16037K(1398144K)->16037K(1398144K)
[119.944s][info][gc,metaspace   ] GC(231) Metaspace: 14218K(15040K)->14218K(15040K) NonClass: 12277K(12736K)->12277K(12736K) Class: 1941K(2304K)->1941K(2304K)
[119.945s][info][gc             ] GC(231) Pause Young (Allocation Failure) 564M->18M(1979M) 51.382ms
[119.945s][info][gc,cpu         ] GC(231) User=0.05s Sys=0.00s Real=0.05s
[120.414s][info][gc,start       ] GC(232) Pause Young (Allocation Failure)
[120.466s][info][gc,heap        ] GC(232) DefNew: 561782K(629248K)->2490K(629248K) Eden: 559360K(559360K)->0K(559360K) From: 2422K(69888K)->2490K(69888K)
[120.466s][info][gc,heap        ] GC(232) Tenured: 16037K(1398144K)->16037K(1398144K)
[120.466s][info][gc,metaspace   ] GC(232) Metaspace: 14218K(15040K)->14218K(15040K) NonClass: 12277K(12736K)->12277K(12736K) Class: 1941K(2304K)->1941K(2304K)
[120.466s][info][gc             ] GC(232) Pause Young (Allocation Failure) 564M->18M(1979M) 52.202ms
[120.466s][info][gc,cpu         ] GC(232) User=0.05s Sys=0.00s Real=0.04s
[120.947s][info][gc,start       ] GC(233) Pause Young (Allocation Failure)
[120.999s][info][gc,heap        ] GC(233) DefNew: 561850K(629248K)->2565K(629248K) Eden: 559360K(559360K)->0K(559360K) From: 2490K(69888K)->2565K(69888K)
[120.999s][info][gc,heap        ] GC(233) Tenured: 16037K(1398144K)->16037K(1398144K)
[120.999s][info][gc,metaspace   ] GC(233) Metaspace: 14218K(15040K)->14218K(15040K) NonClass: 12277K(12736K)->12277K(12736K) Class: 1941K(2304K)->1941K(2304K)
[120.999s][info][gc             ] GC(233) Pause Young (Allocation Failure) 564M->18M(1979M) 52.159ms
[120.999s][info][gc,cpu         ] GC(233) User=0.05s Sys=0.00s Real=0.05s
[121.482s][info][gc,start       ] GC(234) Pause Young (Allocation Failure)
[121.539s][info][gc,heap        ] GC(234) DefNew: 561925K(629248K)->1119K(629248K) Eden: 559360K(559360K)->0K(559360K) From: 2565K(69888K)->1119K(69888K)
[121.539s][info][gc,heap        ] GC(234) Tenured: 16037K(1398144K)->17556K(1398144K)
[121.539s][info][gc,metaspace   ] GC(234) Metaspace: 14218K(15040K)->14218K(15040K) NonClass: 12277K(12736K)->12277K(12736K) Class: 1941K(2304K)->1941K(2304K)
[121.539s][info][gc             ] GC(234) Pause Young (Allocation Failure) 564M->18M(1979M) 56.200ms
[121.539s][info][gc,cpu         ] GC(234) User=0.05s Sys=0.00s Real=0.05s
[122.042s][info][gc,start       ] GC(235) Pause Young (Allocation Failure)
[122.099s][info][gc,heap        ] GC(235) DefNew: 560479K(629248K)->1124K(629248K) Eden: 559360K(559360K)->0K(559360K) From: 1119K(69888K)->1124K(69888K)
[122.099s][info][gc,heap        ] GC(235) Tenured: 17556K(1398144K)->17628K(1398144K)
[122.099s][info][gc,metaspace   ] GC(235) Metaspace: 14218K(15040K)->14218K(15040K) NonClass: 12277K(12736K)->12277K(12736K) Class: 1941K(2304K)->1941K(2304K)
[122.099s][info][gc             ] GC(235) Pause Young (Allocation Failure) 564M->18M(1979M) 57.026ms
[122.099s][info][gc,cpu         ] GC(235) User=0.06s Sys=0.00s Real=0.06s
[122.601s][info][gc,start       ] GC(236) Pause Young (Allocation Failure)
[122.656s][info][gc,heap        ] GC(236) DefNew: 560484K(629248K)->1126K(629248K) Eden: 559360K(559360K)->0K(559360K) From: 1124K(69888K)->1126K(69888K)
[122.656s][info][gc,heap        ] GC(236) Tenured: 17628K(1398144K)->17704K(1398144K)
[122.656s][info][gc,metaspace   ] GC(236) Metaspace: 14218K(15040K)->14218K(15040K) NonClass: 12277K(12736K)->12277K(12736K) Class: 1941K(2304K)->1941K(2304K)
[122.656s][info][gc             ] GC(236) Pause Young (Allocation Failure) 564M->18M(1979M) 55.497ms
[122.656s][info][gc,cpu         ] GC(236) User=0.05s Sys=0.00s Real=0.05s
[123.175s][info][gc,start       ] GC(237) Pause Young (Allocation Failure)
[123.216s][info][gc,heap        ] GC(237) DefNew: 560486K(629248K)->1129K(629248K) Eden: 559360K(559360K)->0K(559360K) From: 1126K(69888K)->1129K(69888K)
[123.216s][info][gc,heap        ] GC(237) Tenured: 17704K(1398144K)->17781K(1398144K)
[123.216s][info][gc,metaspace   ] GC(237) Metaspace: 14218K(15040K)->14218K(15040K) NonClass: 12277K(12736K)->12277K(12736K) Class: 1941K(2304K)->1941K(2304K)
[123.216s][info][gc             ] GC(237) Pause Young (Allocation Failure) 564M->18M(1979M) 40.514ms
[123.216s][info][gc,cpu         ] GC(237) User=0.03s Sys=0.02s Real=0.04s
[123.721s][info][gc,start       ] GC(238) Pause Young (Allocation Failure)
[123.763s][info][gc,heap        ] GC(238) DefNew: 560489K(629248K)->1131K(629248K) Eden: 559360K(559360K)->0K(559360K) From: 1129K(69888K)->1131K(69888K)
[123.763s][info][gc,heap        ] GC(238) Tenured: 17781K(1398144K)->17858K(1398144K)
[123.763s][info][gc,metaspace   ] GC(238) Metaspace: 14218K(15040K)->14218K(15040K) NonClass: 12277K(12736K)->12277K(12736K) Class: 1941K(2304K)->1941K(2304K)
[123.763s][info][gc             ] GC(238) Pause Young (Allocation Failure) 564M->18M(1979M) 42.104ms
[123.763s][info][gc,cpu         ] GC(238) User=0.03s Sys=0.00s Real=0.03s
[124.272s][info][gc,start       ] GC(239) Pause Young (Allocation Failure)
[124.313s][info][gc,heap        ] GC(239) DefNew: 560491K(629248K)->1132K(629248K) Eden: 559360K(559360K)->0K(559360K) From: 1131K(69888K)->1132K(69888K)
[124.313s][info][gc,heap        ] GC(239) Tenured: 17858K(1398144K)->17932K(1398144K)
[124.313s][info][gc,metaspace   ] GC(239) Metaspace: 14218K(15040K)->14218K(15040K) NonClass: 12277K(12736K)->12277K(12736K) Class: 1941K(2304K)->1941K(2304K)
[124.313s][info][gc             ] GC(239) Pause Young (Allocation Failure) 564M->18M(1979M) 40.736ms
[124.313s][info][gc,cpu         ] GC(239) User=0.05s Sys=0.00s Real=0.04s
[124.819s][info][gc,start       ] GC(240) Pause Young (Allocation Failure)
[124.874s][info][gc,heap        ] GC(240) DefNew: 560492K(629248K)->1137K(629248K) Eden: 559360K(559360K)->0K(559360K) From: 1132K(69888K)->1137K(69888K)
[124.874s][info][gc,heap        ] GC(240) Tenured: 17932K(1398144K)->18004K(1398144K)
[124.874s][info][gc,metaspace   ] GC(240) Metaspace: 14218K(15040K)->14218K(15040K) NonClass: 12277K(12736K)->12277K(12736K) Class: 1941K(2304K)->1941K(2304K)
[124.874s][info][gc             ] GC(240) Pause Young (Allocation Failure) 564M->18M(1979M) 55.440ms
[124.874s][info][gc,cpu         ] GC(240) User=0.05s Sys=0.00s Real=0.05s
[125.380s][info][gc,start       ] GC(241) Pause Young (Allocation Failure)
[125.435s][info][gc,heap        ] GC(241) DefNew: 560497K(629248K)->1140K(629248K) Eden: 559360K(559360K)->0K(559360K) From: 1137K(69888K)->1140K(69888K)
[125.435s][info][gc,heap        ] GC(241) Tenured: 18004K(1398144K)->18078K(1398144K)
[125.435s][info][gc,metaspace   ] GC(241) Metaspace: 14218K(15040K)->14218K(15040K) NonClass: 12277K(12736K)->12277K(12736K) Class: 1941K(2304K)->1941K(2304K)
[125.435s][info][gc             ] GC(241) Pause Young (Allocation Failure) 564M->18M(1979M) 55.063ms
[125.435s][info][gc,cpu         ] GC(241) User=0.06s Sys=0.00s Real=0.06s
[125.941s][info][gc,start       ] GC(242) Pause Young (Allocation Failure)
[125.998s][info][gc,heap        ] GC(242) DefNew: 560500K(629248K)->1140K(629248K) Eden: 559360K(559360K)->0K(559360K) From: 1140K(69888K)->1140K(69888K)
[125.998s][info][gc,heap        ] GC(242) Tenured: 18078K(1398144K)->18155K(1398144K)
[125.998s][info][gc,metaspace   ] GC(242) Metaspace: 14218K(15040K)->14218K(15040K) NonClass: 12277K(12736K)->12277K(12736K) Class: 1941K(2304K)->1941K(2304K)
[125.998s][info][gc             ] GC(242) Pause Young (Allocation Failure) 565M->18M(1979M) 56.667ms
[125.998s][info][gc,cpu         ] GC(242) User=0.06s Sys=0.00s Real=0.06s
[126.496s][info][gc,start       ] GC(243) Pause Young (Allocation Failure)
[126.550s][info][gc,heap        ] GC(243) DefNew: 560500K(629248K)->1137K(629248K) Eden: 559360K(559360K)->0K(559360K) From: 1140K(69888K)->1137K(69888K)
[126.550s][info][gc,heap        ] GC(243) Tenured: 18155K(1398144K)->18226K(1398144K)
[126.550s][info][gc,metaspace   ] GC(243) Metaspace: 14218K(15040K)->14218K(15040K) NonClass: 12277K(12736K)->12277K(12736K) Class: 1941K(2304K)->1941K(2304K)
[126.550s][info][gc             ] GC(243) Pause Young (Allocation Failure) 565M->18M(1979M) 54.244ms
[126.550s][info][gc,cpu         ] GC(243) User=0.06s Sys=0.00s Real=0.05s
[127.066s][info][gc,start       ] GC(244) Pause Young (Allocation Failure)
[127.117s][info][gc,heap        ] GC(244) DefNew: 560497K(629248K)->1145K(629248K) Eden: 559360K(559360K)->0K(559360K) From: 1137K(69888K)->1145K(69888K)
[127.118s][info][gc,heap        ] GC(244) Tenured: 18226K(1398144K)->18297K(1398144K)
[127.118s][info][gc,metaspace   ] GC(244) Metaspace: 14218K(15040K)->14218K(15040K) NonClass: 12277K(12736K)->12277K(12736K) Class: 1941K(2304K)->1941K(2304K)
[127.118s][info][gc             ] GC(244) Pause Young (Allocation Failure) 565M->18M(1979M) 51.239ms
[127.118s][info][gc,cpu         ] GC(244) User=0.05s Sys=0.00s Real=0.05s
[127.640s][info][gc,start       ] GC(245) Pause Young (Allocation Failure)
[127.690s][info][gc,heap        ] GC(245) DefNew: 560505K(629248K)->1150K(629248K) Eden: 559360K(559360K)->0K(559360K) From: 1145K(69888K)->1150K(69888K)
[127.691s][info][gc,heap        ] GC(245) Tenured: 18297K(1398144K)->18372K(1398144K)
[127.691s][info][gc,metaspace   ] GC(245) Metaspace: 14218K(15040K)->14218K(15040K) NonClass: 12277K(12736K)->12277K(12736K) Class: 1941K(2304K)->1941K(2304K)
[127.691s][info][gc             ] GC(245) Pause Young (Allocation Failure) 565M->19M(1979M) 50.352ms
[127.691s][info][gc,cpu         ] GC(245) User=0.05s Sys=0.00s Real=0.05s
[128.197s][info][gc,start       ] GC(246) Pause Young (Allocation Failure)
[128.251s][info][gc,heap        ] GC(246) DefNew: 560510K(629248K)->1154K(629248K) Eden: 559360K(559360K)->0K(559360K) From: 1150K(69888K)->1154K(69888K)
[128.251s][info][gc,heap        ] GC(246) Tenured: 18372K(1398144K)->18449K(1398144K)
[128.251s][info][gc,metaspace   ] GC(246) Metaspace: 14218K(15040K)->14218K(15040K) NonClass: 12277K(12736K)->12277K(12736K) Class: 1941K(2304K)->1941K(2304K)
[128.251s][info][gc             ] GC(246) Pause Young (Allocation Failure) 565M->19M(1979M) 54.020ms
[128.251s][info][gc,cpu         ] GC(246) User=0.05s Sys=0.00s Real=0.05s
[128.760s][info][gc,start       ] GC(247) Pause Young (Allocation Failure)
[128.813s][info][gc,heap        ] GC(247) DefNew: 560514K(629248K)->1165K(629248K) Eden: 559360K(559360K)->0K(559360K) From: 1154K(69888K)->1165K(69888K)
[128.813s][info][gc,heap        ] GC(247) Tenured: 18449K(1398144K)->18518K(1398144K)
[128.813s][info][gc,metaspace   ] GC(247) Metaspace: 14218K(15040K)->14218K(15040K) NonClass: 12277K(12736K)->12277K(12736K) Class: 1941K(2304K)->1941K(2304K)
[128.813s][info][gc             ] GC(247) Pause Young (Allocation Failure) 565M->19M(1979M) 53.125ms
[128.814s][info][gc,cpu         ] GC(247) User=0.05s Sys=0.00s Real=0.05s
[129.315s][info][gc,start       ] GC(248) Pause Young (Allocation Failure)
[129.360s][info][gc,heap        ] GC(248) DefNew: 560525K(629248K)->1166K(629248K) Eden: 559359K(559360K)->0K(559360K) From: 1165K(69888K)->1166K(69888K)
[129.360s][info][gc,heap        ] GC(248) Tenured: 18518K(1398144K)->18592K(1398144K)
[129.360s][info][gc,metaspace   ] GC(248) Metaspace: 14218K(15040K)->14218K(15040K) NonClass: 12277K(12736K)->12277K(12736K) Class: 1941K(2304K)->1941K(2304K)
[129.360s][info][gc             ] GC(248) Pause Young (Allocation Failure) 565M->19M(1979M) 45.276ms
[129.360s][info][gc,cpu         ] GC(248) User=0.03s Sys=0.00s Real=0.03s
[129.777s][info][gc,start       ] GC(249) Pause Young (Allocation Failure)
[129.825s][info][gc,heap        ] GC(249) DefNew: 560526K(629248K)->1156K(629248K) Eden: 559360K(559360K)->0K(559360K) From: 1166K(69888K)->1156K(69888K)
[129.825s][info][gc,heap        ] GC(249) Tenured: 18592K(1398144K)->18665K(1398144K)
[129.825s][info][gc,metaspace   ] GC(249) Metaspace: 14218K(15040K)->14218K(15040K) NonClass: 12277K(12736K)->12277K(12736K) Class: 1941K(2304K)->1941K(2304K)
[129.826s][info][gc             ] GC(249) Pause Young (Allocation Failure) 565M->19M(1979M) 48.534ms
[129.826s][info][gc,cpu         ] GC(249) User=0.05s Sys=0.00s Real=0.05s
[129.967s][info][gc,start       ] GC(250) Pause Full (System.gc())
[129.968s][info][gc,phases,start] GC(250) Phase 1: Mark live objects
[130.004s][info][gc,phases      ] GC(250) Phase 1: Mark live objects 36.690ms
[130.004s][info][gc,phases,start] GC(250) Phase 2: Compute new object addresses
[130.023s][info][gc,phases      ] GC(250) Phase 2: Compute new object addresses 18.468ms
[130.023s][info][gc,phases,start] GC(250) Phase 3: Adjust pointers
[130.047s][info][gc,phases      ] GC(250) Phase 3: Adjust pointers 23.780ms
[130.047s][info][gc,phases,start] GC(250) Phase 4: Move objects
[130.047s][info][gc,phases      ] GC(250) Phase 4: Move objects 0.020ms
[130.047s][info][gc,heap        ] GC(250) DefNew: 72842K(629248K)->0K(629248K) Eden: 71686K(559360K)->0K(559360K) From: 1156K(69888K)->0K(69888K)
[130.047s][info][gc,heap        ] GC(250) Tenured: 18665K(1398144K)->5348K(1398144K)
[130.047s][info][gc,metaspace   ] GC(250) Metaspace: 14219K(15040K)->14219K(15040K) NonClass: 12278K(12736K)->12278K(12736K) Class: 1941K(2304K)->1941K(2304K)
[130.047s][info][gc             ] GC(250) Pause Full (System.gc()) 89M->5M(1979M) 79.345ms
[130.047s][info][gc,cpu         ] GC(250) User=0.08s Sys=0.00s Real=0.08s
[130.489s][info][gc,start       ] GC(251) Pause Young (Allocation Failure)
[130.530s][info][gc,heap        ] GC(251) DefNew: 559360K(629248K)->1525K(629248K) Eden: 559360K(559360K)->0K(559360K) From: 0K(69888K)->1525K(69888K)
[130.530s][info][gc,heap        ] GC(251) Tenured: 5348K(1398144K)->5348K(1398144K)
[130.530s][info][gc,metaspace   ] GC(251) Metaspace: 14220K(15040K)->14220K(15040K) NonClass: 12279K(12736K)->12279K(12736K) Class: 1941K(2304K)->1941K(2304K)
[130.531s][info][gc             ] GC(251) Pause Young (Allocation Failure) 551M->6M(1979M) 41.568ms
[130.531s][info][gc,cpu         ] GC(251) User=0.05s Sys=0.00s Real=0.04s
[131.052s][info][gc,start       ] GC(252) Pause Young (Allocation Failure)
[131.103s][info][gc,heap        ] GC(252) DefNew: 560885K(629248K)->1605K(629248K) Eden: 559360K(559360K)->0K(559360K) From: 1525K(69888K)->1605K(69888K)
[131.103s][info][gc,heap        ] GC(252) Tenured: 5348K(1398144K)->5348K(1398144K)
[131.103s][info][gc,metaspace   ] GC(252) Metaspace: 14220K(15040K)->14220K(15040K) NonClass: 12279K(12736K)->12279K(12736K) Class: 1941K(2304K)->1941K(2304K)
[131.103s][info][gc             ] GC(252) Pause Young (Allocation Failure) 552M->6M(1979M) 51.471ms
[131.103s][info][gc,cpu         ] GC(252) User=0.05s Sys=0.00s Real=0.04s
[131.593s][info][gc,start       ] GC(253) Pause Young (Allocation Failure)
[131.646s][info][gc,heap        ] GC(253) DefNew: 560965K(629248K)->1682K(629248K) Eden: 559360K(559360K)->0K(559360K) From: 1605K(69888K)->1682K(69888K)
[131.646s][info][gc,heap        ] GC(253) Tenured: 5348K(1398144K)->5348K(1398144K)
[131.646s][info][gc,metaspace   ] GC(253) Metaspace: 14220K(15040K)->14220K(15040K) NonClass: 12279K(12736K)->12279K(12736K) Class: 1941K(2304K)->1941K(2304K)
[131.646s][info][gc             ] GC(253) Pause Young (Allocation Failure) 553M->6M(1979M) 52.395ms
[131.646s][info][gc,cpu         ] GC(253) User=0.05s Sys=0.00s Real=0.05s
[132.137s][info][gc,start       ] GC(254) Pause Young (Allocation Failure)
[132.190s][info][gc,heap        ] GC(254) DefNew: 561042K(629248K)->1756K(629248K) Eden: 559360K(559360K)->0K(559360K) From: 1682K(69888K)->1756K(69888K)
[132.190s][info][gc,heap        ] GC(254) Tenured: 5348K(1398144K)->5348K(1398144K)
[132.190s][info][gc,metaspace   ] GC(254) Metaspace: 14220K(15040K)->14220K(15040K) NonClass: 12279K(12736K)->12279K(12736K) Class: 1941K(2304K)->1941K(2304K)
[132.190s][info][gc             ] GC(254) Pause Young (Allocation Failure) 553M->6M(1979M) 52.975ms
[132.190s][info][gc,cpu         ] GC(254) User=0.06s Sys=0.00s Real=0.05s
[132.668s][info][gc,start       ] GC(255) Pause Young (Allocation Failure)
[132.721s][info][gc,heap        ] GC(255) DefNew: 561116K(629248K)->1827K(629248K) Eden: 559360K(559360K)->0K(559360K) From: 1756K(69888K)->1827K(69888K)
[132.721s][info][gc,heap        ] GC(255) Tenured: 5348K(1398144K)->5348K(1398144K)
[132.721s][info][gc,metaspace   ] GC(255) Metaspace: 14220K(15040K)->14220K(15040K) NonClass: 12279K(12736K)->12279K(12736K) Class: 1941K(2304K)->1941K(2304K)
[132.721s][info][gc             ] GC(255) Pause Young (Allocation Failure) 553M->7M(1979M) 52.957ms
[132.721s][info][gc,cpu         ] GC(255) User=0.06s Sys=0.03s Real=0.05s
[133.210s][info][gc,start       ] GC(256) Pause Young (Allocation Failure)
[133.266s][info][gc,heap        ] GC(256) DefNew: 561187K(629248K)->1903K(629248K) Eden: 559360K(559360K)->0K(559360K) From: 1827K(69888K)->1903K(69888K)
[133.266s][info][gc,heap        ] GC(256) Tenured: 5348K(1398144K)->5348K(1398144K)
[133.266s][info][gc,metaspace   ] GC(256) Metaspace: 14220K(15040K)->14220K(15040K) NonClass: 12279K(12736K)->12279K(12736K) Class: 1941K(2304K)->1941K(2304K)
[133.266s][info][gc             ] GC(256) Pause Young (Allocation Failure) 553M->7M(1979M) 56.088ms
[133.266s][info][gc,cpu         ] GC(256) User=0.06s Sys=0.00s Real=0.06s
[133.745s][info][gc,start       ] GC(257) Pause Young (Allocation Failure)
[133.802s][info][gc,heap        ] GC(257) DefNew: 561263K(629248K)->1977K(629248K) Eden: 559360K(559360K)->0K(559360K) From: 1903K(69888K)->1977K(69888K)
[133.802s][info][gc,heap        ] GC(257) Tenured: 5348K(1398144K)->5348K(1398144K)
[133.802s][info][gc,metaspace   ] GC(257) Metaspace: 14220K(15040K)->14220K(15040K) NonClass: 12279K(12736K)->12279K(12736K) Class: 1941K(2304K)->1941K(2304K)
[133.802s][info][gc             ] GC(257) Pause Young (Allocation Failure) 553M->7M(1979M) 57.575ms
[133.802s][info][gc,cpu         ] GC(257) User=0.05s Sys=0.00s Real=0.05s
[134.310s][info][gc,start       ] GC(258) Pause Young (Allocation Failure)
[134.369s][info][gc,heap        ] GC(258) DefNew: 561337K(629248K)->2054K(629248K) Eden: 559360K(559360K)->0K(559360K) From: 1977K(69888K)->2054K(69888K)
[134.369s][info][gc,heap        ] GC(258) Tenured: 5348K(1398144K)->5348K(1398144K)
[134.369s][info][gc,metaspace   ] GC(258) Metaspace: 14220K(15040K)->14220K(15040K) NonClass: 12279K(12736K)->12279K(12736K) Class: 1941K(2304K)->1941K(2304K)
[134.369s][info][gc             ] GC(258) Pause Young (Allocation Failure) 553M->7M(1979M) 58.719ms
[134.369s][info][gc,cpu         ] GC(258) User=0.05s Sys=0.00s Real=0.05s
[134.859s][info][gc,start       ] GC(259) Pause Young (Allocation Failure)
[134.909s][info][gc,heap        ] GC(259) DefNew: 561414K(629248K)->2129K(629248K) Eden: 559360K(559360K)->0K(559360K) From: 2054K(69888K)->2129K(69888K)
[134.909s][info][gc,heap        ] GC(259) Tenured: 5348K(1398144K)->5348K(1398144K)
[134.909s][info][gc,metaspace   ] GC(259) Metaspace: 14220K(15040K)->14220K(15040K) NonClass: 12279K(12736K)->12279K(12736K) Class: 1941K(2304K)->1941K(2304K)
[134.909s][info][gc             ] GC(259) Pause Young (Allocation Failure) 553M->7M(1979M) 50.615ms
[134.909s][info][gc,cpu         ] GC(259) User=0.05s Sys=0.00s Real=0.05s
[135.402s][info][gc,start       ] GC(260) Pause Young (Allocation Failure)
[135.455s][info][gc,heap        ] GC(260) DefNew: 561489K(629248K)->2206K(629248K) Eden: 559360K(559360K)->0K(559360K) From: 2129K(69888K)->2206K(69888K)
[135.455s][info][gc,heap        ] GC(260) Tenured: 5348K(1398144K)->5348K(1398144K)
[135.455s][info][gc,metaspace   ] GC(260) Metaspace: 14220K(15040K)->14220K(15040K) NonClass: 12279K(12736K)->12279K(12736K) Class: 1941K(2304K)->1941K(2304K)
[135.455s][info][gc             ] GC(260) Pause Young (Allocation Failure) 553M->7M(1979M) 53.043ms
[135.455s][info][gc,cpu         ] GC(260) User=0.06s Sys=0.00s Real=0.05s
[135.968s][info][gc,start       ] GC(261) Pause Young (Allocation Failure)
[136.010s][info][gc,heap        ] GC(261) DefNew: 561566K(629248K)->2285K(629248K) Eden: 559360K(559360K)->0K(559360K) From: 2206K(69888K)->2285K(69888K)
[136.010s][info][gc,heap        ] GC(261) Tenured: 5348K(1398144K)->5348K(1398144K)
[136.010s][info][gc,metaspace   ] GC(261) Metaspace: 14220K(15040K)->14220K(15040K) NonClass: 12279K(12736K)->12279K(12736K) Class: 1941K(2304K)->1941K(2304K)
[136.010s][info][gc             ] GC(261) Pause Young (Allocation Failure) 553M->7M(1979M) 41.799ms
[136.010s][info][gc,cpu         ] GC(261) User=0.03s Sys=0.00s Real=0.04s
[136.517s][info][gc,start       ] GC(262) Pause Young (Allocation Failure)
[136.560s][info][gc,heap        ] GC(262) DefNew: 561645K(629248K)->2363K(629248K) Eden: 559360K(559360K)->0K(559360K) From: 2285K(69888K)->2363K(69888K)
[136.560s][info][gc,heap        ] GC(262) Tenured: 5348K(1398144K)->5348K(1398144K)
[136.560s][info][gc,metaspace   ] GC(262) Metaspace: 14220K(15040K)->14220K(15040K) NonClass: 12279K(12736K)->12279K(12736K) Class: 1941K(2304K)->1941K(2304K)
[136.560s][info][gc             ] GC(262) Pause Young (Allocation Failure) 553M->7M(1979M) 43.499ms
[136.560s][info][gc,cpu         ] GC(262) User=0.03s Sys=0.00s Real=0.04s
[137.030s][info][gc,start       ] GC(263) Pause Young (Allocation Failure)
[137.087s][info][gc,heap        ] GC(263) DefNew: 561723K(629248K)->2435K(629248K) Eden: 559360K(559360K)->0K(559360K) From: 2363K(69888K)->2435K(69888K)
[137.087s][info][gc,heap        ] GC(263) Tenured: 5348K(1398144K)->5348K(1398144K)
[137.087s][info][gc,metaspace   ] GC(263) Metaspace: 14220K(15040K)->14220K(15040K) NonClass: 12279K(12736K)->12279K(12736K) Class: 1941K(2304K)->1941K(2304K)
[137.087s][info][gc             ] GC(263) Pause Young (Allocation Failure) 553M->7M(1979M) 57.141ms
[137.087s][info][gc,cpu         ] GC(263) User=0.05s Sys=0.00s Real=0.04s
[137.594s][info][gc,start       ] GC(264) Pause Young (Allocation Failure)
[137.652s][info][gc,heap        ] GC(264) DefNew: 561795K(629248K)->2515K(629248K) Eden: 559360K(559360K)->0K(559360K) From: 2435K(69888K)->2515K(69888K)
[137.652s][info][gc,heap        ] GC(264) Tenured: 5348K(1398144K)->5348K(1398144K)
[137.652s][info][gc,metaspace   ] GC(264) Metaspace: 14220K(15040K)->14220K(15040K) NonClass: 12279K(12736K)->12279K(12736K) Class: 1941K(2304K)->1941K(2304K)
[137.652s][info][gc             ] GC(264) Pause Young (Allocation Failure) 553M->7M(1979M) 58.117ms
[137.652s][info][gc,cpu         ] GC(264) User=0.05s Sys=0.00s Real=0.05s
[138.213s][info][gc,start       ] GC(265) Pause Young (Allocation Failure)
[138.267s][info][gc,heap        ] GC(265) DefNew: 561875K(629248K)->2592K(629248K) Eden: 559360K(559360K)->0K(559360K) From: 2515K(69888K)->2592K(69888K)
[138.267s][info][gc,heap        ] GC(265) Tenured: 5348K(1398144K)->5348K(1398144K)
[138.267s][info][gc,metaspace   ] GC(265) Metaspace: 14220K(15040K)->14220K(15040K) NonClass: 12279K(12736K)->12279K(12736K) Class: 1941K(2304K)->1941K(2304K)
[138.267s][info][gc             ] GC(265) Pause Young (Allocation Failure) 553M->7M(1979M) 54.306ms
[138.267s][info][gc,cpu         ] GC(265) User=0.06s Sys=0.00s Real=0.05s
[138.775s][info][gc,start       ] GC(266) Pause Young (Allocation Failure)
[138.815s][info][gc,heap        ] GC(266) DefNew: 561952K(629248K)->1153K(629248K) Eden: 559360K(559360K)->0K(559360K) From: 2592K(69888K)->1153K(69888K)
[138.815s][info][gc,heap        ] GC(266) Tenured: 5348K(1398144K)->6864K(1398144K)
[138.815s][info][gc,metaspace   ] GC(266) Metaspace: 14220K(15040K)->14220K(15040K) NonClass: 12279K(12736K)->12279K(12736K) Class: 1941K(2304K)->1941K(2304K)
[138.815s][info][gc             ] GC(266) Pause Young (Allocation Failure) 554M->7M(1979M) 40.589ms
[138.815s][info][gc,cpu         ] GC(266) User=0.05s Sys=0.00s Real=0.04s
[139.341s][info][gc,start       ] GC(267) Pause Young (Allocation Failure)
[139.393s][info][gc,heap        ] GC(267) DefNew: 560513K(629248K)->1150K(629248K) Eden: 559360K(559360K)->0K(559360K) From: 1153K(69888K)->1150K(69888K)
[139.393s][info][gc,heap        ] GC(267) Tenured: 6864K(1398144K)->6944K(1398144K)
[139.393s][info][gc,metaspace   ] GC(267) Metaspace: 14220K(15040K)->14220K(15040K) NonClass: 12279K(12736K)->12279K(12736K) Class: 1941K(2304K)->1941K(2304K)
[139.393s][info][gc             ] GC(267) Pause Young (Allocation Failure) 554M->7M(1979M) 52.099ms
[139.393s][info][gc,cpu         ] GC(267) User=0.05s Sys=0.00s Real=0.05s
[139.900s][info][gc,start       ] GC(268) Pause Young (Allocation Failure)
[139.955s][info][gc,heap        ] GC(268) DefNew: 560510K(629248K)->1152K(629248K) Eden: 559360K(559360K)->0K(559360K) From: 1150K(69888K)->1152K(69888K)
[139.955s][info][gc,heap        ] GC(268) Tenured: 6944K(1398144K)->7021K(1398144K)
[139.955s][info][gc,metaspace   ] GC(268) Metaspace: 14220K(15040K)->14220K(15040K) NonClass: 12279K(12736K)->12279K(12736K) Class: 1941K(2304K)->1941K(2304K)
[139.955s][info][gc             ] GC(268) Pause Young (Allocation Failure) 554M->7M(1979M) 54.778ms
[139.955s][info][gc,cpu         ] GC(268) User=0.05s Sys=0.00s Real=0.05s
[140.464s][info][gc,start       ] GC(269) Pause Young (Allocation Failure)
[140.518s][info][gc,heap        ] GC(269) DefNew: 560512K(629248K)->1157K(629248K) Eden: 559360K(559360K)->0K(559360K) From: 1152K(69888K)->1157K(69888K)
[140.519s][info][gc,heap        ] GC(269) Tenured: 7021K(1398144K)->7096K(1398144K)
[140.519s][info][gc,metaspace   ] GC(269) Metaspace: 14220K(15040K)->14220K(15040K) NonClass: 12279K(12736K)->12279K(12736K) Class: 1941K(2304K)->1941K(2304K)
[140.519s][info][gc             ] GC(269) Pause Young (Allocation Failure) 554M->8M(1979M) 54.604ms
[140.519s][info][gc,cpu         ] GC(269) User=0.06s Sys=0.00s Real=0.05s
[141.028s][info][gc,start       ] GC(270) Pause Young (Allocation Failure)
[141.072s][info][gc,heap        ] GC(270) DefNew: 560517K(629248K)->1161K(629248K) Eden: 559360K(559360K)->0K(559360K) From: 1157K(69888K)->1161K(69888K)
[141.072s][info][gc,heap        ] GC(270) Tenured: 7096K(1398144K)->7167K(1398144K)
[141.072s][info][gc,metaspace   ] GC(270) Metaspace: 14220K(15040K)->14220K(15040K) NonClass: 12279K(12736K)->12279K(12736K) Class: 1941K(2304K)->1941K(2304K)
[141.072s][info][gc             ] GC(270) Pause Young (Allocation Failure) 554M->8M(1979M) 43.901ms
[141.072s][info][gc,cpu         ] GC(270) User=0.05s Sys=0.00s Real=0.04s
[141.578s][info][gc,start       ] GC(271) Pause Young (Allocation Failure)
[141.623s][info][gc,heap        ] GC(271) DefNew: 560521K(629248K)->1167K(629248K) Eden: 559360K(559360K)->0K(559360K) From: 1161K(69888K)->1167K(69888K)
[141.623s][info][gc,heap        ] GC(271) Tenured: 7167K(1398144K)->7241K(1398144K)
[141.623s][info][gc,metaspace   ] GC(271) Metaspace: 14220K(15040K)->14220K(15040K) NonClass: 12279K(12736K)->12279K(12736K) Class: 1941K(2304K)->1941K(2304K)
[141.623s][info][gc             ] GC(271) Pause Young (Allocation Failure) 554M->8M(1979M) 45.063ms
[141.623s][info][gc,cpu         ] GC(271) User=0.03s Sys=0.00s Real=0.04s
[142.142s][info][gc,start       ] GC(272) Pause Young (Allocation Failure)
[142.190s][info][gc,heap        ] GC(272) DefNew: 560527K(629248K)->1173K(629248K) Eden: 559360K(559360K)->0K(559360K) From: 1167K(69888K)->1173K(69888K)
[142.190s][info][gc,heap        ] GC(272) Tenured: 7241K(1398144K)->7315K(1398144K)
[142.190s][info][gc,metaspace   ] GC(272) Metaspace: 14220K(15040K)->14220K(15040K) NonClass: 12279K(12736K)->12279K(12736K) Class: 1941K(2304K)->1941K(2304K)
[142.190s][info][gc             ] GC(272) Pause Young (Allocation Failure) 554M->8M(1979M) 48.235ms
[142.190s][info][gc,cpu         ] GC(272) User=0.05s Sys=0.00s Real=0.05s
[142.714s][info][gc,start       ] GC(273) Pause Young (Allocation Failure)
[142.767s][info][gc,heap        ] GC(273) DefNew: 560533K(629248K)->1179K(629248K) Eden: 559360K(559360K)->0K(559360K) From: 1173K(69888K)->1179K(69888K)
[142.767s][info][gc,heap        ] GC(273) Tenured: 7315K(1398144K)->7392K(1398144K)
[142.767s][info][gc,metaspace   ] GC(273) Metaspace: 14220K(15040K)->14220K(15040K) NonClass: 12279K(12736K)->12279K(12736K) Class: 1941K(2304K)->1941K(2304K)
[142.767s][info][gc             ] GC(273) Pause Young (Allocation Failure) 554M->8M(1979M) 53.140ms
[142.767s][info][gc,cpu         ] GC(273) User=0.05s Sys=0.00s Real=0.04s
[143.290s][info][gc,start       ] GC(274) Pause Young (Allocation Failure)
[143.343s][info][gc,heap        ] GC(274) DefNew: 560539K(629248K)->1184K(629248K) Eden: 559360K(559360K)->0K(559360K) From: 1179K(69888K)->1184K(69888K)
[143.343s][info][gc,heap        ] GC(274) Tenured: 7392K(1398144K)->7467K(1398144K)
[143.343s][info][gc,metaspace   ] GC(274) Metaspace: 14220K(15040K)->14220K(15040K) NonClass: 12279K(12736K)->12279K(12736K) Class: 1941K(2304K)->1941K(2304K)
[143.343s][info][gc             ] GC(274) Pause Young (Allocation Failure) 554M->8M(1979M) 53.003ms
[143.343s][info][gc,cpu         ] GC(274) User=0.05s Sys=0.00s Real=0.04s
[143.853s][info][gc,start       ] GC(275) Pause Young (Allocation Failure)
[143.908s][info][gc,heap        ] GC(275) DefNew: 560544K(629248K)->1185K(629248K) Eden: 559360K(559360K)->0K(559360K) From: 1184K(69888K)->1185K(69888K)
[143.908s][info][gc,heap        ] GC(275) Tenured: 7467K(1398144K)->7544K(1398144K)
[143.908s][info][gc,metaspace   ] GC(275) Metaspace: 14220K(15040K)->14220K(15040K) NonClass: 12279K(12736K)->12279K(12736K) Class: 1941K(2304K)->1941K(2304K)
[143.908s][info][gc             ] GC(275) Pause Young (Allocation Failure) 554M->8M(1979M) 55.153ms
[143.908s][info][gc,cpu         ] GC(275) User=0.06s Sys=0.00s Real=0.06s
[144.415s][info][gc,start       ] GC(276) Pause Young (Allocation Failure)
[144.471s][info][gc,heap        ] GC(276) DefNew: 560545K(629248K)->1185K(629248K) Eden: 559360K(559360K)->0K(559360K) From: 1185K(69888K)->1185K(69888K)
[144.471s][info][gc,heap        ] GC(276) Tenured: 7544K(1398144K)->7621K(1398144K)
[144.471s][info][gc,metaspace   ] GC(276) Metaspace: 14220K(15040K)->14220K(15040K) NonClass: 12279K(12736K)->12279K(12736K) Class: 1941K(2304K)->1941K(2304K)
[144.471s][info][gc             ] GC(276) Pause Young (Allocation Failure) 554M->8M(1979M) 55.622ms
[144.471s][info][gc,cpu         ] GC(276) User=0.05s Sys=0.00s Real=0.04s
[144.985s][info][gc,start       ] GC(277) Pause Young (Allocation Failure)
[145.032s][info][gc,heap        ] GC(277) DefNew: 560545K(629248K)->1185K(629248K) Eden: 559360K(559360K)->0K(559360K) From: 1185K(69888K)->1185K(69888K)
[145.032s][info][gc,heap        ] GC(277) Tenured: 7621K(1398144K)->7701K(1398144K)
[145.032s][info][gc,metaspace   ] GC(277) Metaspace: 14220K(15040K)->14220K(15040K) NonClass: 12279K(12736K)->12279K(12736K) Class: 1941K(2304K)->1941K(2304K)
[145.032s][info][gc             ] GC(277) Pause Young (Allocation Failure) 554M->8M(1979M) 46.991ms
[145.032s][info][gc,cpu         ] GC(277) User=0.05s Sys=0.00s Real=0.05s
[145.542s][info][gc,start       ] GC(278) Pause Young (Allocation Failure)
[145.590s][info][gc,heap        ] GC(278) DefNew: 560545K(629248K)->1191K(629248K) Eden: 559360K(559360K)->0K(559360K) From: 1185K(69888K)->1191K(69888K)
[145.590s][info][gc,heap        ] GC(278) Tenured: 7701K(1398144K)->7773K(1398144K)
[145.590s][info][gc,metaspace   ] GC(278) Metaspace: 14220K(15040K)->14220K(15040K) NonClass: 12279K(12736K)->12279K(12736K) Class: 1941K(2304K)->1941K(2304K)
[145.590s][info][gc             ] GC(278) Pause Young (Allocation Failure) 554M->8M(1979M) 47.588ms
[145.590s][info][gc,cpu         ] GC(278) User=0.05s Sys=0.00s Real=0.03s
[146.090s][info][gc,start       ] GC(279) Pause Young (Allocation Failure)
[146.152s][info][gc,heap        ] GC(279) DefNew: 560551K(629248K)->1184K(629248K) Eden: 559360K(559360K)->0K(559360K) From: 1191K(69888K)->1184K(69888K)
[146.152s][info][gc,heap        ] GC(279) Tenured: 7773K(1398144K)->7852K(1398144K)
[146.152s][info][gc,metaspace   ] GC(279) Metaspace: 14220K(15040K)->14220K(15040K) NonClass: 12279K(12736K)->12279K(12736K) Class: 1941K(2304K)->1941K(2304K)
[146.152s][info][gc             ] GC(279) Pause Young (Allocation Failure) 555M->8M(1979M) 61.790ms
[146.152s][info][gc,cpu         ] GC(279) User=0.06s Sys=0.00s Real=0.06s
[146.576s][info][gc,start       ] GC(280) Pause Young (Allocation Failure)
[146.629s][info][gc,heap        ] GC(280) DefNew: 560544K(629248K)->1171K(629248K) Eden: 559360K(559360K)->0K(559360K) From: 1184K(69888K)->1171K(69888K)
[146.630s][info][gc,heap        ] GC(280) Tenured: 7852K(1398144K)->7929K(1398144K)
[146.630s][info][gc,metaspace   ] GC(280) Metaspace: 14220K(15040K)->14220K(15040K) NonClass: 12279K(12736K)->12279K(12736K) Class: 1941K(2304K)->1941K(2304K)
[146.630s][info][gc             ] GC(280) Pause Young (Allocation Failure) 555M->8M(1979M) 54.085ms
[146.630s][info][gc,cpu         ] GC(280) User=0.03s Sys=0.02s Real=0.06s
[147.075s][info][gc,start       ] GC(281) Pause Full (System.gc())
[147.075s][info][gc,phases,start] GC(281) Phase 1: Mark live objects
[147.132s][info][gc,phases      ] GC(281) Phase 1: Mark live objects 57.340ms
[147.132s][info][gc,phases,start] GC(281) Phase 2: Compute new object addresses
[147.277s][info][gc,phases      ] GC(281) Phase 2: Compute new object addresses 144.783ms
[147.277s][info][gc,phases,start] GC(281) Phase 3: Adjust pointers
[147.300s][info][gc,phases      ] GC(281) Phase 3: Adjust pointers 23.008ms
[147.300s][info][gc,phases,start] GC(281) Phase 4: Move objects
[147.300s][info][gc,phases      ] GC(281) Phase 4: Move objects 0.012ms
[147.300s][info][gc,heap        ] GC(281) DefNew: 545768K(629248K)->0K(629248K) Eden: 544597K(559360K)->0K(559360K) From: 1171K(69888K)->0K(69888K)
[147.300s][info][gc,heap        ] GC(281) Tenured: 7929K(1398144K)->7929K(1398144K)
[147.300s][info][gc,metaspace   ] GC(281) Metaspace: 14220K(15040K)->14220K(15040K) NonClass: 12279K(12736K)->12279K(12736K) Class: 1941K(2304K)->1941K(2304K)
[147.300s][info][gc             ] GC(281) Pause Full (System.gc()) 540M->7M(1979M) 225.569ms
[147.300s][info][gc,cpu         ] GC(281) User=0.22s Sys=0.00s Real=0.22s
[147.716s][info][gc,start       ] GC(282) Pause Young (Allocation Failure)
[147.757s][info][gc,heap        ] GC(282) DefNew: 559360K(629248K)->1525K(629248K) Eden: 559360K(559360K)->0K(559360K) From: 0K(69888K)->1525K(69888K)
[147.757s][info][gc,heap        ] GC(282) Tenured: 7929K(1398144K)->7929K(1398144K)
[147.757s][info][gc,metaspace   ] GC(282) Metaspace: 14220K(15040K)->14220K(15040K) NonClass: 12279K(12736K)->12279K(12736K) Class: 1941K(2304K)->1941K(2304K)
[147.757s][info][gc             ] GC(282) Pause Young (Allocation Failure) 553M->9M(1979M) 40.509ms
[147.757s][info][gc,cpu         ] GC(282) User=0.03s Sys=0.00s Real=0.03s
[148.240s][info][gc,start       ] GC(283) Pause Young (Allocation Failure)
[148.297s][info][gc,heap        ] GC(283) DefNew: 560885K(629248K)->1599K(629248K) Eden: 559360K(559360K)->0K(559360K) From: 1525K(69888K)->1599K(69888K)
[148.297s][info][gc,heap        ] GC(283) Tenured: 7929K(1398144K)->7929K(1398144K)
[148.297s][info][gc,metaspace   ] GC(283) Metaspace: 14220K(15040K)->14220K(15040K) NonClass: 12279K(12736K)->12279K(12736K) Class: 1941K(2304K)->1941K(2304K)
[148.297s][info][gc             ] GC(283) Pause Young (Allocation Failure) 555M->9M(1979M) 57.153ms
[148.297s][info][gc,cpu         ] GC(283) User=0.05s Sys=0.00s Real=0.05s
[148.775s][info][gc,start       ] GC(284) Pause Young (Allocation Failure)
[148.833s][info][gc,heap        ] GC(284) DefNew: 560959K(629248K)->1674K(629248K) Eden: 559360K(559360K)->0K(559360K) From: 1599K(69888K)->1674K(69888K)
[148.833s][info][gc,heap        ] GC(284) Tenured: 7929K(1398144K)->7929K(1398144K)
[148.833s][info][gc,metaspace   ] GC(284) Metaspace: 14220K(15040K)->14220K(15040K) NonClass: 12279K(12736K)->12279K(12736K) Class: 1941K(2304K)->1941K(2304K)
[148.834s][info][gc             ] GC(284) Pause Young (Allocation Failure) 555M->9M(1979M) 58.516ms
[148.834s][info][gc,cpu         ] GC(284) User=0.06s Sys=0.00s Real=0.06s
[149.327s][info][gc,start       ] GC(285) Pause Young (Allocation Failure)
[149.380s][info][gc,heap        ] GC(285) DefNew: 561034K(629248K)->1751K(629248K) Eden: 559360K(559360K)->0K(559360K) From: 1674K(69888K)->1751K(69888K)
[149.380s][info][gc,heap        ] GC(285) Tenured: 7929K(1398144K)->7929K(1398144K)
[149.380s][info][gc,metaspace   ] GC(285) Metaspace: 14220K(15040K)->14220K(15040K) NonClass: 12279K(12736K)->12279K(12736K) Class: 1941K(2304K)->1941K(2304K)
[149.380s][info][gc             ] GC(285) Pause Young (Allocation Failure) 555M->9M(1979M) 52.972ms
[149.380s][info][gc,cpu         ] GC(285) User=0.03s Sys=0.00s Real=0.04s
[149.852s][info][gc,start       ] GC(286) Pause Young (Allocation Failure)
[149.905s][info][gc,heap        ] GC(286) DefNew: 561111K(629248K)->1820K(629248K) Eden: 559360K(559360K)->0K(559360K) From: 1751K(69888K)->1820K(69888K)
[149.905s][info][gc,heap        ] GC(286) Tenured: 7929K(1398144K)->7929K(1398144K)
[149.905s][info][gc,metaspace   ] GC(286) Metaspace: 14220K(15040K)->14220K(15040K) NonClass: 12279K(12736K)->12279K(12736K) Class: 1941K(2304K)->1941K(2304K)
[149.905s][info][gc             ] GC(286) Pause Young (Allocation Failure) 555M->9M(1979M) 52.922ms
[149.905s][info][gc,cpu         ] GC(286) User=0.05s Sys=0.00s Real=0.05s
[150.422s][info][gc,start       ] GC(287) Pause Young (Allocation Failure)
[150.477s][info][gc,heap        ] GC(287) DefNew: 561180K(629248K)->1897K(629248K) Eden: 559360K(559360K)->0K(559360K) From: 1820K(69888K)->1897K(69888K)
[150.477s][info][gc,heap        ] GC(287) Tenured: 7929K(1398144K)->7929K(1398144K)
[150.477s][info][gc,metaspace   ] GC(287) Metaspace: 14220K(15040K)->14220K(15040K) NonClass: 12279K(12736K)->12279K(12736K) Class: 1941K(2304K)->1941K(2304K)
[150.477s][info][gc             ] GC(287) Pause Young (Allocation Failure) 555M->9M(1979M) 54.324ms
[150.477s][info][gc,cpu         ] GC(287) User=0.05s Sys=0.00s Real=0.05s
[150.963s][info][gc,start       ] GC(288) Pause Young (Allocation Failure)
[151.019s][info][gc,heap        ] GC(288) DefNew: 561257K(629248K)->1973K(629248K) Eden: 559360K(559360K)->0K(559360K) From: 1897K(69888K)->1973K(69888K)
[151.019s][info][gc,heap        ] GC(288) Tenured: 7929K(1398144K)->7929K(1398144K)
[151.019s][info][gc,metaspace   ] GC(288) Metaspace: 14220K(15040K)->14220K(15040K) NonClass: 12279K(12736K)->12279K(12736K) Class: 1941K(2304K)->1941K(2304K)
[151.019s][info][gc             ] GC(288) Pause Young (Allocation Failure) 555M->9M(1979M) 55.992ms
[151.019s][info][gc,cpu         ] GC(288) User=0.06s Sys=0.00s Real=0.06s
[151.502s][info][gc,start       ] GC(289) Pause Young (Allocation Failure)
[151.558s][info][gc,heap        ] GC(289) DefNew: 561333K(629248K)->2051K(629248K) Eden: 559360K(559360K)->0K(559360K) From: 1973K(69888K)->2051K(69888K)
[151.559s][info][gc,heap        ] GC(289) Tenured: 7929K(1398144K)->7929K(1398144K)
[151.559s][info][gc,metaspace   ] GC(289) Metaspace: 14220K(15040K)->14220K(15040K) NonClass: 12279K(12736K)->12279K(12736K) Class: 1941K(2304K)->1941K(2304K)
[151.559s][info][gc             ] GC(289) Pause Young (Allocation Failure) 555M->9M(1979M) 57.099ms
[151.559s][info][gc,cpu         ] GC(289) User=0.05s Sys=0.00s Real=0.05s
[152.023s][info][gc,start       ] GC(290) Pause Young (Allocation Failure)
[152.081s][info][gc,heap        ] GC(290) DefNew: 561411K(629248K)->2125K(629248K) Eden: 559360K(559360K)->0K(559360K) From: 2051K(69888K)->2125K(69888K)
[152.081s][info][gc,heap        ] GC(290) Tenured: 7929K(1398144K)->7929K(1398144K)
[152.081s][info][gc,metaspace   ] GC(290) Metaspace: 14220K(15040K)->14220K(15040K) NonClass: 12279K(12736K)->12279K(12736K) Class: 1941K(2304K)->1941K(2304K)
[152.081s][info][gc             ] GC(290) Pause Young (Allocation Failure) 555M->9M(1979M) 57.322ms
[152.081s][info][gc,cpu         ] GC(290) User=0.06s Sys=0.00s Real=0.06s
[152.574s][info][gc,start       ] GC(291) Pause Young (Allocation Failure)
[152.634s][info][gc,heap        ] GC(291) DefNew: 561485K(629248K)->2200K(629248K) Eden: 559360K(559360K)->0K(559360K) From: 2125K(69888K)->2200K(69888K)
[152.634s][info][gc,heap        ] GC(291) Tenured: 7929K(1398144K)->7929K(1398144K)
[152.634s][info][gc,metaspace   ] GC(291) Metaspace: 14220K(15040K)->14220K(15040K) NonClass: 12279K(12736K)->12279K(12736K) Class: 1941K(2304K)->1941K(2304K)
[152.634s][info][gc             ] GC(291) Pause Young (Allocation Failure) 556M->9M(1979M) 60.087ms
[152.634s][info][gc,cpu         ] GC(291) User=0.06s Sys=0.00s Real=0.06s
[153.119s][info][gc,start       ] GC(292) Pause Young (Allocation Failure)
[153.177s][info][gc,heap        ] GC(292) DefNew: 561560K(629248K)->2275K(629248K) Eden: 559360K(559360K)->0K(559360K) From: 2200K(69888K)->2275K(69888K)
[153.177s][info][gc,heap        ] GC(292) Tenured: 7929K(1398144K)->7929K(1398144K)
[153.177s][info][gc,metaspace   ] GC(292) Metaspace: 14220K(15040K)->14220K(15040K) NonClass: 12279K(12736K)->12279K(12736K) Class: 1941K(2304K)->1941K(2304K)
[153.177s][info][gc             ] GC(292) Pause Young (Allocation Failure) 556M->9M(1979M) 58.565ms
[153.177s][info][gc,cpu         ] GC(292) User=0.06s Sys=0.00s Real=0.06s
[153.706s][info][gc,start       ] GC(293) Pause Young (Allocation Failure)
[153.759s][info][gc,heap        ] GC(293) DefNew: 561635K(629248K)->2355K(629248K) Eden: 559360K(559360K)->0K(559360K) From: 2275K(69888K)->2355K(69888K)
[153.759s][info][gc,heap        ] GC(293) Tenured: 7929K(1398144K)->7929K(1398144K)
[153.759s][info][gc,metaspace   ] GC(293) Metaspace: 14220K(15040K)->14220K(15040K) NonClass: 12279K(12736K)->12279K(12736K) Class: 1941K(2304K)->1941K(2304K)
[153.759s][info][gc             ] GC(293) Pause Young (Allocation Failure) 556M->10M(1979M) 53.607ms
[153.759s][info][gc,cpu         ] GC(293) User=0.05s Sys=0.00s Real=0.05s
[154.241s][info][gc,start       ] GC(294) Pause Young (Allocation Failure)
[154.296s][info][gc,heap        ] GC(294) DefNew: 561715K(629248K)->2431K(629248K) Eden: 559360K(559360K)->0K(559360K) From: 2355K(69888K)->2431K(69888K)
[154.296s][info][gc,heap        ] GC(294) Tenured: 7929K(1398144K)->7929K(1398144K)
[154.296s][info][gc,metaspace   ] GC(294) Metaspace: 14220K(15040K)->14220K(15040K) NonClass: 12279K(12736K)->12279K(12736K) Class: 1941K(2304K)->1941K(2304K)
[154.296s][info][gc             ] GC(294) Pause Young (Allocation Failure) 556M->10M(1979M) 54.519ms
[154.296s][info][gc,cpu         ] GC(294) User=0.06s Sys=0.00s Real=0.05s
[154.776s][info][gc,start       ] GC(295) Pause Young (Allocation Failure)
[154.830s][info][gc,heap        ] GC(295) DefNew: 561791K(629248K)->2506K(629248K) Eden: 559360K(559360K)->0K(559360K) From: 2431K(69888K)->2506K(69888K)
[154.830s][info][gc,heap        ] GC(295) Tenured: 7929K(1398144K)->7929K(1398144K)
[154.830s][info][gc,metaspace   ] GC(295) Metaspace: 14220K(15040K)->14220K(15040K) NonClass: 12279K(12736K)->12279K(12736K) Class: 1941K(2304K)->1941K(2304K)
[154.830s][info][gc             ] GC(295) Pause Young (Allocation Failure) 556M->10M(1979M) 53.684ms
[154.830s][info][gc,cpu         ] GC(295) User=0.06s Sys=0.00s Real=0.05s
[155.311s][info][gc,start       ] GC(296) Pause Young (Allocation Failure)
[155.354s][info][gc,heap        ] GC(296) DefNew: 561866K(629248K)->2580K(629248K) Eden: 559360K(559360K)->0K(559360K) From: 2506K(69888K)->2580K(69888K)
[155.354s][info][gc,heap        ] GC(296) Tenured: 7929K(1398144K)->7929K(1398144K)
[155.354s][info][gc,metaspace   ] GC(296) Metaspace: 14220K(15040K)->14220K(15040K) NonClass: 12279K(12736K)->12279K(12736K) Class: 1941K(2304K)->1941K(2304K)
[155.354s][info][gc             ] GC(296) Pause Young (Allocation Failure) 556M->10M(1979M) 43.513ms
[155.354s][info][gc,cpu         ] GC(296) User=0.03s Sys=0.00s Real=0.04s
[155.855s][info][gc,start       ] GC(297) Pause Young (Allocation Failure)
[155.914s][info][gc,heap        ] GC(297) DefNew: 561940K(629248K)->1143K(629248K) Eden: 559360K(559360K)->0K(559360K) From: 2580K(69888K)->1143K(69888K)
[155.914s][info][gc,heap        ] GC(297) Tenured: 7929K(1398144K)->9446K(1398144K)
[155.914s][info][gc,metaspace   ] GC(297) Metaspace: 14220K(15040K)->14220K(15040K) NonClass: 12279K(12736K)->12279K(12736K) Class: 1941K(2304K)->1941K(2304K)
[155.914s][info][gc             ] GC(297) Pause Young (Allocation Failure) 556M->10M(1979M) 59.056ms
[155.914s][info][gc,cpu         ] GC(297) User=0.05s Sys=0.00s Real=0.04s
[156.386s][info][gc,start       ] GC(298) Pause Young (Allocation Failure)
[156.443s][info][gc,heap        ] GC(298) DefNew: 560503K(629248K)->1144K(629248K) Eden: 559360K(559360K)->0K(559360K) From: 1143K(69888K)->1144K(69888K)
[156.443s][info][gc,heap        ] GC(298) Tenured: 9446K(1398144K)->9520K(1398144K)
[156.443s][info][gc,metaspace   ] GC(298) Metaspace: 14220K(15040K)->14220K(15040K) NonClass: 12279K(12736K)->12279K(12736K) Class: 1941K(2304K)->1941K(2304K)
[156.443s][info][gc             ] GC(298) Pause Young (Allocation Failure) 556M->10M(1979M) 57.457ms
[156.443s][info][gc,cpu         ] GC(298) User=0.05s Sys=0.00s Real=0.04s
[156.942s][info][gc,start       ] GC(299) Pause Young (Allocation Failure)
[156.993s][info][gc,heap        ] GC(299) DefNew: 560504K(629248K)->1143K(629248K) Eden: 559360K(559360K)->0K(559360K) From: 1144K(69888K)->1143K(69888K)
[156.993s][info][gc,heap        ] GC(299) Tenured: 9520K(1398144K)->9594K(1398144K)
[156.993s][info][gc,metaspace   ] GC(299) Metaspace: 14220K(15040K)->14220K(15040K) NonClass: 12279K(12736K)->12279K(12736K) Class: 1941K(2304K)->1941K(2304K)
[156.993s][info][gc             ] GC(299) Pause Young (Allocation Failure) 556M->10M(1979M) 51.216ms
[156.993s][info][gc,cpu         ] GC(299) User=0.05s Sys=0.00s Real=0.05s
[157.479s][info][gc,start       ] GC(300) Pause Young (Allocation Failure)
[157.530s][info][gc,heap        ] GC(300) DefNew: 560503K(629248K)->1141K(629248K) Eden: 559360K(559360K)->0K(559360K) From: 1143K(69888K)->1141K(69888K)
[157.530s][info][gc,heap        ] GC(300) Tenured: 9594K(1398144K)->9671K(1398144K)
[157.530s][info][gc,metaspace   ] GC(300) Metaspace: 14220K(15040K)->14220K(15040K) NonClass: 12279K(12736K)->12279K(12736K) Class: 1941K(2304K)->1941K(2304K)
[157.530s][info][gc             ] GC(300) Pause Young (Allocation Failure) 556M->10M(1979M) 51.815ms
[157.530s][info][gc,cpu         ] GC(300) User=0.05s Sys=0.00s Real=0.04s
[158.002s][info][gc,start       ] GC(301) Pause Young (Allocation Failure)
[158.055s][info][gc,heap        ] GC(301) DefNew: 560501K(629248K)->1144K(629248K) Eden: 559360K(559360K)->0K(559360K) From: 1141K(69888K)->1144K(69888K)
[158.055s][info][gc,heap        ] GC(301) Tenured: 9671K(1398144K)->9740K(1398144K)
[158.055s][info][gc,metaspace   ] GC(301) Metaspace: 14220K(15040K)->14220K(15040K) NonClass: 12279K(12736K)->12279K(12736K) Class: 1941K(2304K)->1941K(2304K)
[158.055s][info][gc             ] GC(301) Pause Young (Allocation Failure) 556M->10M(1979M) 53.440ms
[158.055s][info][gc,cpu         ] GC(301) User=0.05s Sys=0.00s Real=0.05s
[158.534s][info][gc,start       ] GC(302) Pause Young (Allocation Failure)
[158.587s][info][gc,heap        ] GC(302) DefNew: 560504K(629248K)->1141K(629248K) Eden: 559360K(559360K)->0K(559360K) From: 1144K(69888K)->1141K(69888K)
[158.587s][info][gc,heap        ] GC(302) Tenured: 9740K(1398144K)->9817K(1398144K)
[158.587s][info][gc,metaspace   ] GC(302) Metaspace: 14220K(15040K)->14220K(15040K) NonClass: 12279K(12736K)->12279K(12736K) Class: 1941K(2304K)->1941K(2304K)
[158.588s][info][gc             ] GC(302) Pause Young (Allocation Failure) 556M->10M(1979M) 53.272ms
[158.588s][info][gc,cpu         ] GC(302) User=0.05s Sys=0.00s Real=0.05s
[159.057s][info][gc,start       ] GC(303) Pause Young (Allocation Failure)
[159.111s][info][gc,heap        ] GC(303) DefNew: 560501K(629248K)->1137K(629248K) Eden: 559360K(559360K)->0K(559360K) From: 1141K(69888K)->1137K(69888K)
[159.112s][info][gc,heap        ] GC(303) Tenured: 9817K(1398144K)->9894K(1398144K)
[159.112s][info][gc,metaspace   ] GC(303) Metaspace: 14220K(15040K)->14220K(15040K) NonClass: 12279K(12736K)->12279K(12736K) Class: 1941K(2304K)->1941K(2304K)
[159.112s][info][gc             ] GC(303) Pause Young (Allocation Failure) 556M->10M(1979M) 55.040ms
[159.112s][info][gc,cpu         ] GC(303) User=0.05s Sys=0.00s Real=0.05s
[159.584s][info][gc,start       ] GC(304) Pause Young (Allocation Failure)
[159.626s][info][gc,heap        ] GC(304) DefNew: 560497K(629248K)->1136K(629248K) Eden: 559360K(559360K)->0K(559360K) From: 1137K(69888K)->1136K(69888K)
[159.626s][info][gc,heap        ] GC(304) Tenured: 9894K(1398144K)->9971K(1398144K)
[159.626s][info][gc,metaspace   ] GC(304) Metaspace: 14220K(15040K)->14220K(15040K) NonClass: 12279K(12736K)->12279K(12736K) Class: 1941K(2304K)->1941K(2304K)
[159.627s][info][gc             ] GC(304) Pause Young (Allocation Failure) 557M->10M(1979M) 42.379ms
[159.627s][info][gc,cpu         ] GC(304) User=0.05s Sys=0.00s Real=0.04s
[160.100s][info][gc,start       ] GC(305) Pause Young (Allocation Failure)
[160.142s][info][gc,heap        ] GC(305) DefNew: 560496K(629248K)->1131K(629248K) Eden: 559360K(559360K)->0K(559360K) From: 1136K(69888K)->1131K(69888K)
[160.143s][info][gc,heap        ] GC(305) Tenured: 9971K(1398144K)->10045K(1398144K)
[160.143s][info][gc,metaspace   ] GC(305) Metaspace: 14220K(15040K)->14220K(15040K) NonClass: 12279K(12736K)->12279K(12736K) Class: 1941K(2304K)->1941K(2304K)
[160.143s][info][gc             ] GC(305) Pause Young (Allocation Failure) 557M->10M(1979M) 42.247ms
[160.143s][info][gc,cpu         ] GC(305) User=0.03s Sys=0.00s Real=0.03s
[160.637s][info][gc,start       ] GC(306) Pause Young (Allocation Failure)
[160.688s][info][gc,heap        ] GC(306) DefNew: 560491K(629248K)->1131K(629248K) Eden: 559360K(559360K)->0K(559360K) From: 1131K(69888K)->1131K(69888K)
[160.688s][info][gc,heap        ] GC(306) Tenured: 10045K(1398144K)->10119K(1398144K)
[160.688s][info][gc,metaspace   ] GC(306) Metaspace: 14220K(15040K)->14220K(15040K) NonClass: 12279K(12736K)->12279K(12736K) Class: 1941K(2304K)->1941K(2304K)
[160.688s][info][gc             ] GC(306) Pause Young (Allocation Failure) 557M->10M(1979M) 51.232ms
[160.688s][info][gc,cpu         ] GC(306) User=0.05s Sys=0.00s Real=0.05s
[161.158s][info][gc,start       ] GC(307) Pause Young (Allocation Failure)
[161.210s][info][gc,heap        ] GC(307) DefNew: 560491K(629248K)->1127K(629248K) Eden: 559360K(559360K)->0K(559360K) From: 1131K(69888K)->1127K(69888K)
[161.210s][info][gc,heap        ] GC(307) Tenured: 10119K(1398144K)->10193K(1398144K)
[161.210s][info][gc,metaspace   ] GC(307) Metaspace: 14220K(15040K)->14220K(15040K) NonClass: 12279K(12736K)->12279K(12736K) Class: 1941K(2304K)->1941K(2304K)
[161.210s][info][gc             ] GC(307) Pause Young (Allocation Failure) 557M->11M(1979M) 52.116ms
[161.210s][info][gc,cpu         ] GC(307) User=0.03s Sys=0.00s Real=0.04s
[161.682s][info][gc,start       ] GC(308) Pause Young (Allocation Failure)
[161.733s][info][gc,heap        ] GC(308) DefNew: 560487K(629248K)->1124K(629248K) Eden: 559360K(559360K)->0K(559360K) From: 1127K(69888K)->1124K(69888K)
[161.733s][info][gc,heap        ] GC(308) Tenured: 10193K(1398144K)->10273K(1398144K)
[161.733s][info][gc,metaspace   ] GC(308) Metaspace: 14220K(15040K)->14220K(15040K) NonClass: 12279K(12736K)->12279K(12736K) Class: 1941K(2304K)->1941K(2304K)
[161.733s][info][gc             ] GC(308) Pause Young (Allocation Failure) 557M->11M(1979M) 51.329ms
[161.733s][info][gc,cpu         ] GC(308) User=0.06s Sys=0.00s Real=0.05s
[162.206s][info][gc,start       ] GC(309) Pause Young (Allocation Failure)
[162.260s][info][gc,heap        ] GC(309) DefNew: 560484K(629248K)->1121K(629248K) Eden: 559360K(559360K)->0K(559360K) From: 1124K(69888K)->1121K(69888K)
[162.260s][info][gc,heap        ] GC(309) Tenured: 10273K(1398144K)->10350K(1398144K)
[162.261s][info][gc,metaspace   ] GC(309) Metaspace: 14220K(15040K)->14220K(15040K) NonClass: 12279K(12736K)->12279K(12736K) Class: 1941K(2304K)->1941K(2304K)
[162.261s][info][gc             ] GC(309) Pause Young (Allocation Failure) 557M->11M(1979M) 54.502ms
[162.261s][info][gc,cpu         ] GC(309) User=0.05s Sys=0.00s Real=0.04s
[162.729s][info][gc,start       ] GC(310) Pause Young (Allocation Failure)
[162.783s][info][gc,heap        ] GC(310) DefNew: 560481K(629248K)->1119K(629248K) Eden: 559360K(559360K)->0K(559360K) From: 1121K(69888K)->1119K(69888K)
[162.783s][info][gc,heap        ] GC(310) Tenured: 10350K(1398144K)->10425K(1398144K)
[162.783s][info][gc,metaspace   ] GC(310) Metaspace: 14220K(15040K)->14220K(15040K) NonClass: 12279K(12736K)->12279K(12736K) Class: 1941K(2304K)->1941K(2304K)
[162.784s][info][gc             ] GC(310) Pause Young (Allocation Failure) 557M->11M(1979M) 54.819ms
[162.784s][info][gc,cpu         ] GC(310) User=0.06s Sys=0.00s Real=0.05s
[163.246s][info][gc,start       ] GC(311) Pause Young (Allocation Failure)
[163.294s][info][gc,heap        ] GC(311) DefNew: 560479K(629248K)->1114K(629248K) Eden: 559360K(559360K)->0K(559360K) From: 1119K(69888K)->1114K(69888K)
[163.294s][info][gc,heap        ] GC(311) Tenured: 10425K(1398144K)->10499K(1398144K)
[163.294s][info][gc,metaspace   ] GC(311) Metaspace: 14220K(15040K)->14220K(15040K) NonClass: 12279K(12736K)->12279K(12736K) Class: 1941K(2304K)->1941K(2304K)
[163.294s][info][gc             ] GC(311) Pause Young (Allocation Failure) 557M->11M(1979M) 47.317ms
[163.294s][info][gc,cpu         ] GC(311) User=0.05s Sys=0.00s Real=0.03s
[163.635s][info][gc,start       ] GC(312) Pause Young (Allocation Failure)
[163.683s][info][gc,heap        ] GC(312) DefNew: 560266K(629248K)->1084K(629248K) Eden: 559151K(559360K)->0K(559360K) From: 1114K(69888K)->1084K(69888K)
[163.683s][info][gc,heap        ] GC(312) Tenured: 10499K(1398144K)->10578K(1398144K)
[163.683s][info][gc,metaspace   ] GC(312) Metaspace: 14220K(15040K)->14220K(15040K) NonClass: 12279K(12736K)->12279K(12736K) Class: 1941K(2304K)->1941K(2304K)
[163.683s][info][gc             ] GC(312) Pause Young (Allocation Failure) 557M->11M(1979M) 48.096ms
[163.683s][info][gc,cpu         ] GC(312) User=0.05s Sys=0.00s Real=0.05s
[163.895s][info][gc,start       ] GC(313) Pause Full (System.gc())
[163.896s][info][gc,phases,start] GC(313) Phase 1: Mark live objects
[163.931s][info][gc,phases      ] GC(313) Phase 1: Mark live objects 35.817ms
[163.931s][info][gc,phases,start] GC(313) Phase 2: Compute new object addresses
[163.975s][info][gc,phases      ] GC(313) Phase 2: Compute new object addresses 43.236ms
[163.975s][info][gc,phases,start] GC(313) Phase 3: Adjust pointers
[163.999s][info][gc,phases      ] GC(313) Phase 3: Adjust pointers 24.551ms
[163.999s][info][gc,phases,start] GC(313) Phase 4: Move objects
[163.999s][info][gc,phases      ] GC(313) Phase 4: Move objects 0.012ms
[163.999s][info][gc,heap        ] GC(313) DefNew: 177837K(629248K)->0K(629248K) Eden: 176753K(559360K)->0K(559360K) From: 1084K(69888K)->0K(69888K)
[163.999s][info][gc,heap        ] GC(313) Tenured: 10578K(1398144K)->10579K(1398144K)
[163.999s][info][gc,metaspace   ] GC(313) Metaspace: 14220K(15040K)->14220K(15040K) NonClass: 12279K(12736K)->12279K(12736K) Class: 1941K(2304K)->1941K(2304K)
[163.999s][info][gc             ] GC(313) Pause Full (System.gc()) 184M->10M(1979M) 103.956ms
[163.999s][info][gc,cpu         ] GC(313) User=0.09s Sys=0.00s Real=0.09s
[164.432s][info][gc,start       ] GC(314) Pause Young (Allocation Failure)
[164.470s][info][gc,heap        ] GC(314) DefNew: 559360K(629248K)->1525K(629248K) Eden: 559360K(559360K)->0K(559360K) From: 0K(69888K)->1525K(69888K)
[164.470s][info][gc,heap        ] GC(314) Tenured: 10579K(1398144K)->10579K(1398144K)
[164.470s][info][gc,metaspace   ] GC(314) Metaspace: 14220K(15040K)->14220K(15040K) NonClass: 12279K(12736K)->12279K(12736K) Class: 1941K(2304K)->1941K(2304K)
[164.471s][info][gc             ] GC(314) Pause Young (Allocation Failure) 556M->11M(1979M) 38.386ms
[164.471s][info][gc,cpu         ] GC(314) User=0.03s Sys=0.00s Real=0.02s
[164.953s][info][gc,start       ] GC(315) Pause Young (Allocation Failure)
[165.008s][info][gc,heap        ] GC(315) DefNew: 560885K(629248K)->1596K(629248K) Eden: 559360K(559360K)->0K(559360K) From: 1525K(69888K)->1596K(69888K)
[165.008s][info][gc,heap        ] GC(315) Tenured: 10579K(1398144K)->10579K(1398144K)
[165.008s][info][gc,metaspace   ] GC(315) Metaspace: 14220K(15040K)->14220K(15040K) NonClass: 12279K(12736K)->12279K(12736K) Class: 1941K(2304K)->1941K(2304K)
[165.008s][info][gc             ] GC(315) Pause Young (Allocation Failure) 558M->11M(1979M) 55.199ms
[165.008s][info][gc,cpu         ] GC(315) User=0.05s Sys=0.00s Real=0.06s
[165.511s][info][gc,start       ] GC(316) Pause Young (Allocation Failure)
[165.564s][info][gc,heap        ] GC(316) DefNew: 560956K(629248K)->1673K(629248K) Eden: 559360K(559360K)->0K(559360K) From: 1596K(69888K)->1673K(69888K)
[165.564s][info][gc,heap        ] GC(316) Tenured: 10579K(1398144K)->10579K(1398144K)
[165.564s][info][gc,metaspace   ] GC(316) Metaspace: 14220K(15040K)->14220K(15040K) NonClass: 12279K(12736K)->12279K(12736K) Class: 1941K(2304K)->1941K(2304K)
[165.564s][info][gc             ] GC(316) Pause Young (Allocation Failure) 558M->11M(1979M) 53.796ms
[165.564s][info][gc,cpu         ] GC(316) User=0.06s Sys=0.00s Real=0.05s
[166.035s][info][gc,start       ] GC(317) Pause Young (Allocation Failure)
[166.090s][info][gc,heap        ] GC(317) DefNew: 561033K(629248K)->1745K(629248K) Eden: 559360K(559360K)->0K(559360K) From: 1673K(69888K)->1745K(69888K)
[166.090s][info][gc,heap        ] GC(317) Tenured: 10579K(1398144K)->10579K(1398144K)
[166.090s][info][gc,metaspace   ] GC(317) Metaspace: 14220K(15040K)->14220K(15040K) NonClass: 12279K(12736K)->12279K(12736K) Class: 1941K(2304K)->1941K(2304K)
[166.090s][info][gc             ] GC(317) Pause Young (Allocation Failure) 558M->12M(1979M) 55.204ms
[166.090s][info][gc,cpu         ] GC(317) User=0.05s Sys=0.00s Real=0.05s
[166.584s][info][gc,start       ] GC(318) Pause Young (Allocation Failure)
[166.642s][info][gc,heap        ] GC(318) DefNew: 561105K(629248K)->1821K(629248K) Eden: 559360K(559360K)->0K(559360K) From: 1745K(69888K)->1821K(69888K)
[166.642s][info][gc,heap        ] GC(318) Tenured: 10579K(1398144K)->10579K(1398144K)
[166.642s][info][gc,metaspace   ] GC(318) Metaspace: 14220K(15040K)->14220K(15040K) NonClass: 12279K(12736K)->12279K(12736K) Class: 1941K(2304K)->1941K(2304K)
[166.642s][info][gc             ] GC(318) Pause Young (Allocation Failure) 558M->12M(1979M) 57.373ms
[166.642s][info][gc,cpu         ] GC(318) User=0.06s Sys=0.00s Real=0.06s
[167.142s][info][gc,start       ] GC(319) Pause Young (Allocation Failure)
[167.200s][info][gc,heap        ] GC(319) DefNew: 561181K(629248K)->1899K(629248K) Eden: 559360K(559360K)->0K(559360K) From: 1821K(69888K)->1899K(69888K)
[167.200s][info][gc,heap        ] GC(319) Tenured: 10579K(1398144K)->10579K(1398144K)
[167.200s][info][gc,metaspace   ] GC(319) Metaspace: 14220K(15040K)->14220K(15040K) NonClass: 12279K(12736K)->12279K(12736K) Class: 1941K(2304K)->1941K(2304K)
[167.200s][info][gc             ] GC(319) Pause Young (Allocation Failure) 558M->12M(1979M) 58.223ms
[167.200s][info][gc,cpu         ] GC(319) User=0.05s Sys=0.00s Real=0.05s
[167.775s][info][gc,start       ] GC(320) Pause Young (Allocation Failure)
[167.827s][info][gc,heap        ] GC(320) DefNew: 561259K(629248K)->1970K(629248K) Eden: 559360K(559360K)->0K(559360K) From: 1899K(69888K)->1970K(69888K)
[167.827s][info][gc,heap        ] GC(320) Tenured: 10579K(1398144K)->10579K(1398144K)
[167.827s][info][gc,metaspace   ] GC(320) Metaspace: 14220K(15040K)->14220K(15040K) NonClass: 12279K(12736K)->12279K(12736K) Class: 1941K(2304K)->1941K(2304K)
[167.827s][info][gc             ] GC(320) Pause Young (Allocation Failure) 558M->12M(1979M) 51.746ms
[167.827s][info][gc,cpu         ] GC(320) User=0.05s Sys=0.00s Real=0.05s
[168.316s][info][gc,start       ] GC(321) Pause Young (Allocation Failure)
[168.358s][info][gc,heap        ] GC(321) DefNew: 561330K(629248K)->2045K(629248K) Eden: 559360K(559360K)->0K(559360K) From: 1970K(69888K)->2045K(69888K)
[168.358s][info][gc,heap        ] GC(321) Tenured: 10579K(1398144K)->10579K(1398144K)
[168.358s][info][gc,metaspace   ] GC(321) Metaspace: 14220K(15040K)->14220K(15040K) NonClass: 12279K(12736K)->12279K(12736K) Class: 1941K(2304K)->1941K(2304K)
[168.358s][info][gc             ] GC(321) Pause Young (Allocation Failure) 558M->12M(1979M) 42.395ms
[168.358s][info][gc,cpu         ] GC(321) User=0.05s Sys=0.00s Real=0.04s
[168.843s][info][gc,start       ] GC(322) Pause Young (Allocation Failure)
[168.886s][info][gc,heap        ] GC(322) DefNew: 561405K(629248K)->2118K(629248K) Eden: 559360K(559360K)->0K(559360K) From: 2045K(69888K)->2118K(69888K)
[168.886s][info][gc,heap        ] GC(322) Tenured: 10579K(1398144K)->10579K(1398144K)
[168.886s][info][gc,metaspace   ] GC(322) Metaspace: 14220K(15040K)->14220K(15040K) NonClass: 12279K(12736K)->12279K(12736K) Class: 1941K(2304K)->1941K(2304K)
[168.886s][info][gc             ] GC(322) Pause Young (Allocation Failure) 558M->12M(1979M) 43.139ms
[168.886s][info][gc,cpu         ] GC(322) User=0.03s Sys=0.00s Real=0.03s
[169.395s][info][gc,start       ] GC(323) Pause Young (Allocation Failure)
[169.450s][info][gc,heap        ] GC(323) DefNew: 561478K(629248K)->2196K(629248K) Eden: 559360K(559360K)->0K(559360K) From: 2118K(69888K)->2196K(69888K)
[169.486s][info][gc,heap        ] GC(323) Tenured: 10579K(1398144K)->10579K(1398144K)
[169.486s][info][gc,metaspace   ] GC(323) Metaspace: 14220K(15040K)->14220K(15040K) NonClass: 12279K(12736K)->12279K(12736K) Class: 1941K(2304K)->1941K(2304K)
[169.486s][info][gc             ] GC(323) Pause Young (Allocation Failure) 558M->12M(1979M) 91.034ms
[169.487s][info][gc,cpu         ] GC(323) User=0.05s Sys=0.00s Real=0.08s
[169.985s][info][gc,start       ] GC(324) Pause Young (Allocation Failure)
[170.041s][info][gc,heap        ] GC(324) DefNew: 561556K(629248K)->2275K(629248K) Eden: 559360K(559360K)->0K(559360K) From: 2196K(69888K)->2275K(69888K)
[170.041s][info][gc,heap        ] GC(324) Tenured: 10579K(1398144K)->10579K(1398144K)
[170.041s][info][gc,metaspace   ] GC(324) Metaspace: 14220K(15040K)->14220K(15040K) NonClass: 12279K(12736K)->12279K(12736K) Class: 1941K(2304K)->1941K(2304K)
[170.041s][info][gc             ] GC(324) Pause Young (Allocation Failure) 558M->12M(1979M) 56.936ms
[170.041s][info][gc,cpu         ] GC(324) User=0.05s Sys=0.00s Real=0.05s
[170.530s][info][gc,start       ] GC(325) Pause Young (Allocation Failure)
[170.587s][info][gc,heap        ] GC(325) DefNew: 561635K(629248K)->2351K(629248K) Eden: 559360K(559360K)->0K(559360K) From: 2275K(69888K)->2351K(69888K)
[170.587s][info][gc,heap        ] GC(325) Tenured: 10579K(1398144K)->10579K(1398144K)
[170.587s][info][gc,metaspace   ] GC(325) Metaspace: 14220K(15040K)->14220K(15040K) NonClass: 12279K(12736K)->12279K(12736K) Class: 1941K(2304K)->1941K(2304K)
[170.587s][info][gc             ] GC(325) Pause Young (Allocation Failure) 558M->12M(1979M) 57.741ms
[170.587s][info][gc,cpu         ] GC(325) User=0.05s Sys=0.00s Real=0.06s
[171.066s][info][gc,start       ] GC(326) Pause Young (Allocation Failure)
[171.123s][info][gc,heap        ] GC(326) DefNew: 561711K(629248K)->2422K(629248K) Eden: 559360K(559360K)->0K(559360K) From: 2351K(69888K)->2422K(69888K)
[171.123s][info][gc,heap        ] GC(326) Tenured: 10579K(1398144K)->10579K(1398144K)
[171.123s][info][gc,metaspace   ] GC(326) Metaspace: 14220K(15040K)->14220K(15040K) NonClass: 12279K(12736K)->12279K(12736K) Class: 1941K(2304K)->1941K(2304K)
[171.123s][info][gc             ] GC(326) Pause Young (Allocation Failure) 558M->12M(1979M) 56.964ms
[171.123s][info][gc,cpu         ] GC(326) User=0.05s Sys=0.00s Real=0.06s
[171.704s][info][gc,start       ] GC(327) Pause Young (Allocation Failure)
[171.757s][info][gc,heap        ] GC(327) DefNew: 561782K(629248K)->2497K(629248K) Eden: 559360K(559360K)->0K(559360K) From: 2422K(69888K)->2497K(69888K)
[171.757s][info][gc,heap        ] GC(327) Tenured: 10579K(1398144K)->10579K(1398144K)
[171.757s][info][gc,metaspace   ] GC(327) Metaspace: 14220K(15040K)->14220K(15040K) NonClass: 12279K(12736K)->12279K(12736K) Class: 1941K(2304K)->1941K(2304K)
[171.757s][info][gc             ] GC(327) Pause Young (Allocation Failure) 558M->12M(1979M) 53.020ms
[171.757s][info][gc,cpu         ] GC(327) User=0.05s Sys=0.00s Real=0.05s
[172.247s][info][gc,start       ] GC(328) Pause Young (Allocation Failure)
[172.299s][info][gc,heap        ] GC(328) DefNew: 561857K(629248K)->2571K(629248K) Eden: 559360K(559360K)->0K(559360K) From: 2497K(69888K)->2571K(69888K)
[172.299s][info][gc,heap        ] GC(328) Tenured: 10579K(1398144K)->10579K(1398144K)
[172.299s][info][gc,metaspace   ] GC(328) Metaspace: 14220K(15040K)->14220K(15040K) NonClass: 12279K(12736K)->12279K(12736K) Class: 1941K(2304K)->1941K(2304K)
[172.299s][info][gc             ] GC(328) Pause Young (Allocation Failure) 559M->12M(1979M) 52.164ms
[172.300s][info][gc,cpu         ] GC(328) User=0.05s Sys=0.00s Real=0.05s
[172.782s][info][gc,start       ] GC(329) Pause Young (Allocation Failure)
[172.837s][info][gc,heap        ] GC(329) DefNew: 561931K(629248K)->1126K(629248K) Eden: 559360K(559360K)->0K(559360K) From: 2571K(69888K)->1126K(69888K)
[172.837s][info][gc,heap        ] GC(329) Tenured: 10579K(1398144K)->12095K(1398144K)
[172.837s][info][gc,metaspace   ] GC(329) Metaspace: 14220K(15040K)->14220K(15040K) NonClass: 12279K(12736K)->12279K(12736K) Class: 1941K(2304K)->1941K(2304K)
[172.837s][info][gc             ] GC(329) Pause Young (Allocation Failure) 559M->12M(1979M) 55.079ms
[172.837s][info][gc,cpu         ] GC(329) User=0.05s Sys=0.00s Real=0.05s
[173.326s][info][gc,start       ] GC(330) Pause Young (Allocation Failure)
[173.379s][info][gc,heap        ] GC(330) DefNew: 560486K(629248K)->1130K(629248K) Eden: 559360K(559360K)->0K(559360K) From: 1126K(69888K)->1130K(69888K)
[173.379s][info][gc,heap        ] GC(330) Tenured: 12095K(1398144K)->12166K(1398144K)
[173.379s][info][gc,metaspace   ] GC(330) Metaspace: 14220K(15040K)->14220K(15040K) NonClass: 12279K(12736K)->12279K(12736K) Class: 1941K(2304K)->1941K(2304K)
[173.379s][info][gc             ] GC(330) Pause Young (Allocation Failure) 559M->12M(1979M) 53.669ms
[173.379s][info][gc,cpu         ] GC(330) User=0.05s Sys=0.00s Real=0.05s
[173.858s][info][gc,start       ] GC(331) Pause Young (Allocation Failure)
[173.913s][info][gc,heap        ] GC(331) DefNew: 560490K(629248K)->1125K(629248K) Eden: 559360K(559360K)->0K(559360K) From: 1130K(69888K)->1125K(69888K)
[173.913s][info][gc,heap        ] GC(331) Tenured: 12166K(1398144K)->12244K(1398144K)
[173.913s][info][gc,metaspace   ] GC(331) Metaspace: 14220K(15040K)->14220K(15040K) NonClass: 12279K(12736K)->12279K(12736K) Class: 1941K(2304K)->1941K(2304K)
[173.913s][info][gc             ] GC(331) Pause Young (Allocation Failure) 559M->13M(1979M) 54.480ms
[173.913s][info][gc,cpu         ] GC(331) User=0.03s Sys=0.00s Real=0.04s
[174.393s][info][gc,start       ] GC(332) Pause Young (Allocation Failure)
[174.436s][info][gc,heap        ] GC(332) DefNew: 560485K(629248K)->1128K(629248K) Eden: 559360K(559360K)->0K(559360K) From: 1125K(69888K)->1128K(69888K)
[174.436s][info][gc,heap        ] GC(332) Tenured: 12244K(1398144K)->12315K(1398144K)
[174.436s][info][gc,metaspace   ] GC(332) Metaspace: 14220K(15040K)->14220K(15040K) NonClass: 12279K(12736K)->12279K(12736K) Class: 1941K(2304K)->1941K(2304K)
[174.437s][info][gc             ] GC(332) Pause Young (Allocation Failure) 559M->13M(1979M) 43.398ms
[174.437s][info][gc,cpu         ] GC(332) User=0.03s Sys=0.00s Real=0.03s
[174.916s][info][gc,start       ] GC(333) Pause Young (Allocation Failure)
[174.974s][info][gc,heap        ] GC(333) DefNew: 560488K(629248K)->1126K(629248K) Eden: 559360K(559360K)->0K(559360K) From: 1128K(69888K)->1126K(69888K)
[174.975s][info][gc,heap        ] GC(333) Tenured: 12315K(1398144K)->12392K(1398144K)
[174.975s][info][gc,metaspace   ] GC(333) Metaspace: 14220K(15040K)->14220K(15040K) NonClass: 12279K(12736K)->12279K(12736K) Class: 1941K(2304K)->1941K(2304K)
[174.975s][info][gc             ] GC(333) Pause Young (Allocation Failure) 559M->13M(1979M) 59.242ms
[174.976s][info][gc,cpu         ] GC(333) User=0.06s Sys=0.00s Real=0.06s
[175.563s][info][gc,start       ] GC(334) Pause Young (Allocation Failure)
[175.624s][info][gc,heap        ] GC(334) DefNew: 560486K(629248K)->1121K(629248K) Eden: 559360K(559360K)->0K(559360K) From: 1126K(69888K)->1121K(69888K)
[175.624s][info][gc,heap        ] GC(334) Tenured: 12392K(1398144K)->12469K(1398144K)
[175.624s][info][gc,metaspace   ] GC(334) Metaspace: 14220K(15040K)->14220K(15040K) NonClass: 12279K(12736K)->12279K(12736K) Class: 1941K(2304K)->1941K(2304K)
[175.624s][info][gc             ] GC(334) Pause Young (Allocation Failure) 559M->13M(1979M) 61.489ms
[175.624s][info][gc,cpu         ] GC(334) User=0.06s Sys=0.00s Real=0.06s
[176.111s][info][gc,start       ] GC(335) Pause Young (Allocation Failure)
[176.151s][info][gc,heap        ] GC(335) DefNew: 560481K(629248K)->1125K(629248K) Eden: 559360K(559360K)->0K(559360K) From: 1121K(69888K)->1125K(69888K)
[176.151s][info][gc,heap        ] GC(335) Tenured: 12469K(1398144K)->12540K(1398144K)
[176.151s][info][gc,metaspace   ] GC(335) Metaspace: 14220K(15040K)->14220K(15040K) NonClass: 12279K(12736K)->12279K(12736K) Class: 1941K(2304K)->1941K(2304K)
[176.151s][info][gc             ] GC(335) Pause Young (Allocation Failure) 559M->13M(1979M) 39.944ms
[176.151s][info][gc,cpu         ] GC(335) User=0.03s Sys=0.00s Real=0.04s
[176.630s][info][gc,start       ] GC(336) Pause Young (Allocation Failure)
[176.671s][info][gc,heap        ] GC(336) DefNew: 560485K(629248K)->1125K(629248K) Eden: 559360K(559360K)->0K(559360K) From: 1125K(69888K)->1125K(69888K)
[176.671s][info][gc,heap        ] GC(336) Tenured: 12540K(1398144K)->12614K(1398144K)
[176.671s][info][gc,metaspace   ] GC(336) Metaspace: 14220K(15040K)->14220K(15040K) NonClass: 12279K(12736K)->12279K(12736K) Class: 1941K(2304K)->1941K(2304K)
[176.671s][info][gc             ] GC(336) Pause Young (Allocation Failure) 559M->13M(1979M) 41.430ms
[176.671s][info][gc,cpu         ] GC(336) User=0.05s Sys=0.00s Real=0.04s
[177.165s][info][gc,start       ] GC(337) Pause Young (Allocation Failure)
[177.219s][info][gc,heap        ] GC(337) DefNew: 560485K(629248K)->1128K(629248K) Eden: 559360K(559360K)->0K(559360K) From: 1125K(69888K)->1128K(69888K)
[177.219s][info][gc,heap        ] GC(337) Tenured: 12614K(1398144K)->12688K(1398144K)
[177.219s][info][gc,metaspace   ] GC(337) Metaspace: 14220K(15040K)->14220K(15040K) NonClass: 12279K(12736K)->12279K(12736K) Class: 1941K(2304K)->1941K(2304K)
[177.219s][info][gc             ] GC(337) Pause Young (Allocation Failure) 559M->13M(1979M) 53.969ms
[177.219s][info][gc,cpu         ] GC(337) User=0.05s Sys=0.00s Real=0.05s
[177.692s][info][gc,start       ] GC(338) Pause Young (Allocation Failure)
[177.747s][info][gc,heap        ] GC(338) DefNew: 560488K(629248K)->1122K(629248K) Eden: 559360K(559360K)->0K(559360K) From: 1128K(69888K)->1122K(69888K)
[177.747s][info][gc,heap        ] GC(338) Tenured: 12688K(1398144K)->12766K(1398144K)
[177.747s][info][gc,metaspace   ] GC(338) Metaspace: 14220K(15040K)->14220K(15040K) NonClass: 12279K(12736K)->12279K(12736K) Class: 1941K(2304K)->1941K(2304K)
[177.747s][info][gc             ] GC(338) Pause Young (Allocation Failure) 559M->13M(1979M) 55.117ms
[177.747s][info][gc,cpu         ] GC(338) User=0.06s Sys=0.00s Real=0.05s
[178.226s][info][gc,start       ] GC(339) Pause Young (Allocation Failure)
[178.282s][info][gc,heap        ] GC(339) DefNew: 560482K(629248K)->1121K(629248K) Eden: 559360K(559360K)->0K(559360K) From: 1122K(69888K)->1121K(69888K)
[178.282s][info][gc,heap        ] GC(339) Tenured: 12766K(1398144K)->12843K(1398144K)
[178.282s][info][gc,metaspace   ] GC(339) Metaspace: 14220K(15040K)->14220K(15040K) NonClass: 12279K(12736K)->12279K(12736K) Class: 1941K(2304K)->1941K(2304K)
[178.282s][info][gc             ] GC(339) Pause Young (Allocation Failure) 559M->13M(1979M) 55.855ms
[178.282s][info][gc,cpu         ] GC(339) User=0.06s Sys=0.00s Real=0.06s
[178.760s][info][gc,start       ] GC(340) Pause Young (Allocation Failure)
[178.818s][info][gc,heap        ] GC(340) DefNew: 560481K(629248K)->1115K(629248K) Eden: 559360K(559360K)->0K(559360K) From: 1121K(69888K)->1115K(69888K)
[178.818s][info][gc,heap        ] GC(340) Tenured: 12843K(1398144K)->12920K(1398144K)
[178.818s][info][gc,metaspace   ] GC(340) Metaspace: 14220K(15040K)->14220K(15040K) NonClass: 12279K(12736K)->12279K(12736K) Class: 1941K(2304K)->1941K(2304K)
[178.818s][info][gc             ] GC(340) Pause Young (Allocation Failure) 559M->13M(1979M) 58.509ms
[178.818s][info][gc,cpu         ] GC(340) User=0.06s Sys=0.00s Real=0.06s
[179.438s][info][gc,start       ] GC(341) Pause Young (Allocation Failure)
[179.498s][info][gc,heap        ] GC(341) DefNew: 560475K(629248K)->1119K(629248K) Eden: 559360K(559360K)->0K(559360K) From: 1115K(69888K)->1119K(69888K)
[179.499s][info][gc,heap        ] GC(341) Tenured: 12920K(1398144K)->12991K(1398144K)
[179.499s][info][gc,metaspace   ] GC(341) Metaspace: 14220K(15040K)->14220K(15040K) NonClass: 12279K(12736K)->12279K(12736K) Class: 1941K(2304K)->1941K(2304K)
[179.499s][info][gc             ] GC(341) Pause Young (Allocation Failure) 559M->13M(1979M) 61.035ms
[179.499s][info][gc,cpu         ] GC(341) User=0.05s Sys=0.00s Real=0.05s
[180.002s][info][gc,start       ] GC(342) Pause Young (Allocation Failure)
[180.056s][info][gc,heap        ] GC(342) DefNew: 560479K(629248K)->1120K(629248K) Eden: 559360K(559360K)->0K(559360K) From: 1119K(69888K)->1120K(69888K)
[180.056s][info][gc,heap        ] GC(342) Tenured: 12991K(1398144K)->13065K(1398144K)
[180.056s][info][gc,metaspace   ] GC(342) Metaspace: 14220K(15040K)->14220K(15040K) NonClass: 12279K(12736K)->12279K(12736K) Class: 1941K(2304K)->1941K(2304K)
[180.056s][info][gc             ] GC(342) Pause Young (Allocation Failure) 560M->13M(1979M) 53.272ms
[180.056s][info][gc,cpu         ] GC(342) User=0.05s Sys=0.00s Real=0.05s
[180.504s][info][gc,start       ] GC(343) Pause Young (Allocation Failure)
[180.562s][info][gc,heap        ] GC(343) DefNew: 560480K(629248K)->1117K(629248K) Eden: 559360K(559360K)->0K(559360K) From: 1120K(69888K)->1117K(69888K)
[180.562s][info][gc,heap        ] GC(343) Tenured: 13065K(1398144K)->13139K(1398144K)
[180.562s][info][gc,metaspace   ] GC(343) Metaspace: 14220K(15040K)->14220K(15040K) NonClass: 12279K(12736K)->12279K(12736K) Class: 1941K(2304K)->1941K(2304K)
[180.562s][info][gc             ] GC(343) Pause Young (Allocation Failure) 560M->13M(1979M) 57.781ms
[180.562s][info][gc,cpu         ] GC(343) User=0.06s Sys=0.00s Real=0.06s
[180.909s][info][gc,start       ] GC(344) Pause Young (Allocation Failure)
[180.955s][info][gc,heap        ] GC(344) DefNew: 560477K(629248K)->1097K(629248K) Eden: 559360K(559360K)->0K(559360K) From: 1117K(69888K)->1097K(69888K)
[180.955s][info][gc,heap        ] GC(344) Tenured: 13139K(1398144K)->13211K(1398144K)
[180.955s][info][gc,metaspace   ] GC(344) Metaspace: 14220K(15040K)->14220K(15040K) NonClass: 12279K(12736K)->12279K(12736K) Class: 1941K(2304K)->1941K(2304K)
[180.955s][info][gc             ] GC(344) Pause Young (Allocation Failure) 560M->13M(1979M) 45.782ms
[180.955s][info][gc,cpu         ] GC(344) User=0.03s Sys=0.00s Real=0.04s
[181.115s][info][gc,start       ] GC(345) Pause Full (System.gc())
[181.115s][info][gc,phases,start] GC(345) Phase 1: Mark live objects
[181.152s][info][gc,phases      ] GC(345) Phase 1: Mark live objects 36.645ms
[181.152s][info][gc,phases,start] GC(345) Phase 2: Compute new object addresses
[181.172s][info][gc,phases      ] GC(345) Phase 2: Compute new object addresses 20.196ms
[181.172s][info][gc,phases,start] GC(345) Phase 3: Adjust pointers
[181.195s][info][gc,phases      ] GC(345) Phase 3: Adjust pointers 22.759ms
[181.195s][info][gc,phases,start] GC(345) Phase 4: Move objects
[181.195s][info][gc,phases      ] GC(345) Phase 4: Move objects 0.012ms
[181.195s][info][gc,heap        ] GC(345) DefNew: 81374K(629248K)->0K(629248K) Eden: 80277K(559360K)->0K(559360K) From: 1097K(69888K)->0K(69888K)
[181.195s][info][gc,heap        ] GC(345) Tenured: 13211K(1398144K)->13211K(1398144K)
[181.195s][info][gc,metaspace   ] GC(345) Metaspace: 14220K(15040K)->14220K(15040K) NonClass: 12279K(12736K)->12279K(12736K) Class: 1941K(2304K)->1941K(2304K)
[181.195s][info][gc             ] GC(345) Pause Full (System.gc()) 92M->12M(1979M) 79.965ms
[181.195s][info][gc,cpu         ] GC(345) User=0.08s Sys=0.00s Real=0.08s
[181.613s][info][gc,start       ] GC(346) Pause Young (Allocation Failure)
[181.666s][info][gc,heap        ] GC(346) DefNew: 559360K(629248K)->1527K(629248K) Eden: 559360K(559360K)->0K(559360K) From: 0K(69888K)->1527K(69888K)
[181.666s][info][gc,heap        ] GC(346) Tenured: 13211K(1398144K)->13211K(1398144K)
[181.666s][info][gc,metaspace   ] GC(346) Metaspace: 14220K(15040K)->14220K(15040K) NonClass: 12279K(12736K)->12279K(12736K) Class: 1941K(2304K)->1941K(2304K)
[181.666s][info][gc             ] GC(346) Pause Young (Allocation Failure) 559M->14M(1979M) 53.444ms
[181.666s][info][gc,cpu         ] GC(346) User=0.05s Sys=0.00s Real=0.05s
[182.169s][info][gc,start       ] GC(347) Pause Young (Allocation Failure)
[182.224s][info][gc,heap        ] GC(347) DefNew: 560887K(629248K)->1605K(629248K) Eden: 559360K(559360K)->0K(559360K) From: 1527K(69888K)->1605K(69888K)
[182.224s][info][gc,heap        ] GC(347) Tenured: 13211K(1398144K)->13211K(1398144K)
[182.224s][info][gc,metaspace   ] GC(347) Metaspace: 14220K(15040K)->14220K(15040K) NonClass: 12279K(12736K)->12279K(12736K) Class: 1941K(2304K)->1941K(2304K)
[182.224s][info][gc             ] GC(347) Pause Young (Allocation Failure) 560M->14M(1979M) 55.135ms
[182.224s][info][gc,cpu         ] GC(347) User=0.05s Sys=0.00s Real=0.05s
[182.715s][info][gc,start       ] GC(348) Pause Young (Allocation Failure)
[182.766s][info][gc,heap        ] GC(348) DefNew: 560965K(629248K)->1680K(629248K) Eden: 559360K(559360K)->0K(559360K) From: 1605K(69888K)->1680K(69888K)
[182.766s][info][gc,heap        ] GC(348) Tenured: 13211K(1398144K)->13211K(1398144K)
[182.766s][info][gc,metaspace   ] GC(348) Metaspace: 14220K(15040K)->14220K(15040K) NonClass: 12279K(12736K)->12279K(12736K) Class: 1941K(2304K)->1941K(2304K)
[182.766s][info][gc             ] GC(348) Pause Young (Allocation Failure) 560M->14M(1979M) 51.412ms
[182.766s][info][gc,cpu         ] GC(348) User=0.06s Sys=0.00s Real=0.05s
[183.276s][info][gc,start       ] GC(349) Pause Young (Allocation Failure)
[183.328s][info][gc,heap        ] GC(349) DefNew: 561040K(629248K)->1758K(629248K) Eden: 559360K(559360K)->0K(559360K) From: 1680K(69888K)->1758K(69888K)
[183.328s][info][gc,heap        ] GC(349) Tenured: 13211K(1398144K)->13211K(1398144K)
[183.328s][info][gc,metaspace   ] GC(349) Metaspace: 14220K(15040K)->14220K(15040K) NonClass: 12279K(12736K)->12279K(12736K) Class: 1941K(2304K)->1941K(2304K)
[183.328s][info][gc             ] GC(349) Pause Young (Allocation Failure) 560M->14M(1979M) 51.672ms
[183.328s][info][gc,cpu         ] GC(349) User=0.05s Sys=0.00s Real=0.05s
[183.816s][info][gc,start       ] GC(350) Pause Young (Allocation Failure)
[183.868s][info][gc,heap        ] GC(350) DefNew: 561118K(629248K)->1831K(629248K) Eden: 559360K(559360K)->0K(559360K) From: 1758K(69888K)->1831K(69888K)
[183.868s][info][gc,heap        ] GC(350) Tenured: 13211K(1398144K)->13211K(1398144K)
[183.868s][info][gc,metaspace   ] GC(350) Metaspace: 14220K(15040K)->14220K(15040K) NonClass: 12279K(12736K)->12279K(12736K) Class: 1941K(2304K)->1941K(2304K)
[183.868s][info][gc             ] GC(350) Pause Young (Allocation Failure) 560M->14M(1979M) 52.207ms
[183.868s][info][gc,cpu         ] GC(350) User=0.05s Sys=0.00s Real=0.05s
[184.350s][info][gc,start       ] GC(351) Pause Young (Allocation Failure)
[184.404s][info][gc,heap        ] GC(351) DefNew: 561191K(629248K)->1904K(629248K) Eden: 559360K(559360K)->0K(559360K) From: 1831K(69888K)->1904K(69888K)
[184.404s][info][gc,heap        ] GC(351) Tenured: 13211K(1398144K)->13211K(1398144K)
[184.404s][info][gc,metaspace   ] GC(351) Metaspace: 14220K(15040K)->14220K(15040K) NonClass: 12279K(12736K)->12279K(12736K) Class: 1941K(2304K)->1941K(2304K)
[184.404s][info][gc             ] GC(351) Pause Young (Allocation Failure) 560M->14M(1979M) 54.697ms
[184.404s][info][gc,cpu         ] GC(351) User=0.06s Sys=0.00s Real=0.05s
[184.889s][info][gc,start       ] GC(352) Pause Young (Allocation Failure)
[184.945s][info][gc,heap        ] GC(352) DefNew: 561264K(629248K)->1979K(629248K) Eden: 559360K(559360K)->0K(559360K) From: 1904K(69888K)->1979K(69888K)
[184.945s][info][gc,heap        ] GC(352) Tenured: 13211K(1398144K)->13211K(1398144K)
[184.945s][info][gc,metaspace   ] GC(352) Metaspace: 14220K(15040K)->14220K(15040K) NonClass: 12279K(12736K)->12279K(12736K) Class: 1941K(2304K)->1941K(2304K)
[184.945s][info][gc             ] GC(352) Pause Young (Allocation Failure) 561M->14M(1979M) 55.514ms
[184.945s][info][gc,cpu         ] GC(352) User=0.05s Sys=0.00s Real=0.06s
[185.418s][info][gc,start       ] GC(353) Pause Young (Allocation Failure)
[185.473s][info][gc,heap        ] GC(353) DefNew: 561339K(629248K)->2056K(629248K) Eden: 559360K(559360K)->0K(559360K) From: 1979K(69888K)->2056K(69888K)
[185.473s][info][gc,heap        ] GC(353) Tenured: 13211K(1398144K)->13211K(1398144K)
[185.473s][info][gc,metaspace   ] GC(353) Metaspace: 14220K(15040K)->14220K(15040K) NonClass: 12279K(12736K)->12279K(12736K) Class: 1941K(2304K)->1941K(2304K)
[185.473s][info][gc             ] GC(353) Pause Young (Allocation Failure) 561M->14M(1979M) 55.064ms
[185.473s][info][gc,cpu         ] GC(353) User=0.05s Sys=0.00s Real=0.04s
[185.949s][info][gc,start       ] GC(354) Pause Young (Allocation Failure)
[185.993s][info][gc,heap        ] GC(354) DefNew: 561416K(629248K)->2130K(629248K) Eden: 559360K(559360K)->0K(559360K) From: 2056K(69888K)->2130K(69888K)
[185.993s][info][gc,heap        ] GC(354) Tenured: 13211K(1398144K)->13211K(1398144K)
[185.993s][info][gc,metaspace   ] GC(354) Metaspace: 14220K(15040K)->14220K(15040K) NonClass: 12279K(12736K)->12279K(12736K) Class: 1941K(2304K)->1941K(2304K)
[185.993s][info][gc             ] GC(354) Pause Young (Allocation Failure) 561M->14M(1979M) 44.232ms
[185.993s][info][gc,cpu         ] GC(354) User=0.05s Sys=0.00s Real=0.04s
[186.486s][info][gc,start       ] GC(355) Pause Young (Allocation Failure)
[186.530s][info][gc,heap        ] GC(355) DefNew: 561490K(629248K)->2207K(629248K) Eden: 559360K(559360K)->0K(559360K) From: 2130K(69888K)->2207K(69888K)
[186.530s][info][gc,heap        ] GC(355) Tenured: 13211K(1398144K)->13211K(1398144K)
[186.530s][info][gc,metaspace   ] GC(355) Metaspace: 14220K(15040K)->14220K(15040K) NonClass: 12279K(12736K)->12279K(12736K) Class: 1941K(2304K)->1941K(2304K)
[186.530s][info][gc             ] GC(355) Pause Young (Allocation Failure) 561M->15M(1979M) 44.029ms
[186.530s][info][gc,cpu         ] GC(355) User=0.05s Sys=0.00s Real=0.04s
[187.041s][info][gc,start       ] GC(356) Pause Young (Allocation Failure)
[187.082s][info][gc,heap        ] GC(356) DefNew: 561567K(629248K)->2285K(629248K) Eden: 559360K(559360K)->0K(559360K) From: 2207K(69888K)->2285K(69888K)
[187.082s][info][gc,heap        ] GC(356) Tenured: 13211K(1398144K)->13211K(1398144K)
[187.082s][info][gc,metaspace   ] GC(356) Metaspace: 14220K(15040K)->14220K(15040K) NonClass: 12279K(12736K)->12279K(12736K) Class: 1941K(2304K)->1941K(2304K)
[187.082s][info][gc             ] GC(356) Pause Young (Allocation Failure) 561M->15M(1979M) 41.536ms
[187.082s][info][gc,cpu         ] GC(356) User=0.05s Sys=0.00s Real=0.04s
[187.570s][info][gc,start       ] GC(357) Pause Young (Allocation Failure)
[187.613s][info][gc,heap        ] GC(357) DefNew: 561645K(629248K)->2362K(629248K) Eden: 559360K(559360K)->0K(559360K) From: 2285K(69888K)->2362K(69888K)
[187.613s][info][gc,heap        ] GC(357) Tenured: 13211K(1398144K)->13211K(1398144K)
[187.613s][info][gc,metaspace   ] GC(357) Metaspace: 14220K(15040K)->14220K(15040K) NonClass: 12279K(12736K)->12279K(12736K) Class: 1941K(2304K)->1941K(2304K)
[187.613s][info][gc             ] GC(357) Pause Young (Allocation Failure) 561M->15M(1979M) 42.666ms
[187.613s][info][gc,cpu         ] GC(357) User=0.05s Sys=0.00s Real=0.04s
[188.093s][info][gc,start       ] GC(358) Pause Young (Allocation Failure)
[188.135s][info][gc,heap        ] GC(358) DefNew: 561722K(629248K)->2433K(629248K) Eden: 559360K(559360K)->0K(559360K) From: 2362K(69888K)->2433K(69888K)
[188.135s][info][gc,heap        ] GC(358) Tenured: 13211K(1398144K)->13211K(1398144K)
[188.135s][info][gc,metaspace   ] GC(358) Metaspace: 14220K(15040K)->14220K(15040K) NonClass: 12279K(12736K)->12279K(12736K) Class: 1941K(2304K)->1941K(2304K)
[188.135s][info][gc             ] GC(358) Pause Young (Allocation Failure) 561M->15M(1979M) 41.996ms
[188.135s][info][gc,cpu         ] GC(358) User=0.03s Sys=0.00s Real=0.03s
[188.635s][info][gc,start       ] GC(359) Pause Young (Allocation Failure)
[188.679s][info][gc,heap        ] GC(359) DefNew: 561793K(629248K)->2513K(629248K) Eden: 559360K(559360K)->0K(559360K) From: 2433K(69888K)->2513K(69888K)
[188.679s][info][gc,heap        ] GC(359) Tenured: 13211K(1398144K)->13211K(1398144K)
[188.679s][info][gc,metaspace   ] GC(359) Metaspace: 14220K(15040K)->14220K(15040K) NonClass: 12279K(12736K)->12279K(12736K) Class: 1941K(2304K)->1941K(2304K)
[188.679s][info][gc             ] GC(359) Pause Young (Allocation Failure) 561M->15M(1979M) 44.043ms
[188.679s][info][gc,cpu         ] GC(359) User=0.05s Sys=0.00s Real=0.04s
[189.165s][info][gc,start       ] GC(360) Pause Young (Allocation Failure)
[189.211s][info][gc,heap        ] GC(360) DefNew: 561873K(629248K)->2588K(629248K) Eden: 559360K(559360K)->0K(559360K) From: 2513K(69888K)->2588K(69888K)
[189.211s][info][gc,heap        ] GC(360) Tenured: 13211K(1398144K)->13211K(1398144K)
[189.211s][info][gc,metaspace   ] GC(360) Metaspace: 14220K(15040K)->14220K(15040K) NonClass: 12279K(12736K)->12279K(12736K) Class: 1941K(2304K)->1941K(2304K)
[189.211s][info][gc             ] GC(360) Pause Young (Allocation Failure) 561M->15M(1979M) 45.665ms
[189.211s][info][gc,cpu         ] GC(360) User=0.05s Sys=0.00s Real=0.04s
[189.721s][info][gc,start       ] GC(361) Pause Young (Allocation Failure)
[189.781s][info][gc,heap        ] GC(361) DefNew: 561948K(629248K)->1155K(629248K) Eden: 559360K(559360K)->0K(559360K) From: 2588K(69888K)->1155K(69888K)
[189.781s][info][gc,heap        ] GC(361) Tenured: 13211K(1398144K)->14727K(1398144K)
[189.781s][info][gc,metaspace   ] GC(361) Metaspace: 14220K(15040K)->14220K(15040K) NonClass: 12279K(12736K)->12279K(12736K) Class: 1941K(2304K)->1941K(2304K)
[189.781s][info][gc             ] GC(361) Pause Young (Allocation Failure) 561M->15M(1979M) 59.594ms
[189.781s][info][gc,cpu         ] GC(361) User=0.06s Sys=0.00s Real=0.06s
[190.289s][info][gc,start       ] GC(362) Pause Young (Allocation Failure)
[190.345s][info][gc,heap        ] GC(362) DefNew: 560515K(629248K)->1151K(629248K) Eden: 559360K(559360K)->0K(559360K) From: 1155K(69888K)->1151K(69888K)
[190.345s][info][gc,heap        ] GC(362) Tenured: 14727K(1398144K)->14807K(1398144K)
[190.345s][info][gc,metaspace   ] GC(362) Metaspace: 14220K(15040K)->14220K(15040K) NonClass: 12279K(12736K)->12279K(12736K) Class: 1941K(2304K)->1941K(2304K)
[190.345s][info][gc             ] GC(362) Pause Young (Allocation Failure) 561M->15M(1979M) 56.331ms
[190.345s][info][gc,cpu         ] GC(362) User=0.06s Sys=0.00s Real=0.06s
[190.878s][info][gc,start       ] GC(363) Pause Young (Allocation Failure)
[190.921s][info][gc,heap        ] GC(363) DefNew: 560511K(629248K)->1161K(629248K) Eden: 559360K(559360K)->0K(559360K) From: 1151K(69888K)->1161K(69888K)
[190.921s][info][gc,heap        ] GC(363) Tenured: 14807K(1398144K)->14881K(1398144K)
[190.921s][info][gc,metaspace   ] GC(363) Metaspace: 14220K(15040K)->14220K(15040K) NonClass: 12279K(12736K)->12279K(12736K) Class: 1941K(2304K)->1941K(2304K)
[190.921s][info][gc             ] GC(363) Pause Young (Allocation Failure) 561M->15M(1979M) 42.593ms
[190.921s][info][gc,cpu         ] GC(363) User=0.05s Sys=0.00s Real=0.04s
[191.426s][info][gc,start       ] GC(364) Pause Young (Allocation Failure)
[191.469s][info][gc,heap        ] GC(364) DefNew: 560521K(629248K)->1160K(629248K) Eden: 559360K(559360K)->0K(559360K) From: 1161K(69888K)->1160K(69888K)
[191.469s][info][gc,heap        ] GC(364) Tenured: 14881K(1398144K)->14958K(1398144K)
[191.469s][info][gc,metaspace   ] GC(364) Metaspace: 14220K(15040K)->14220K(15040K) NonClass: 12279K(12736K)->12279K(12736K) Class: 1941K(2304K)->1941K(2304K)
[191.469s][info][gc             ] GC(364) Pause Young (Allocation Failure) 561M->15M(1979M) 42.957ms
[191.469s][info][gc,cpu         ] GC(364) User=0.03s Sys=0.00s Real=0.04s
[191.976s][info][gc,start       ] GC(365) Pause Young (Allocation Failure)
[192.025s][info][gc,heap        ] GC(365) DefNew: 560520K(629248K)->1169K(629248K) Eden: 559360K(559360K)->0K(559360K) From: 1160K(69888K)->1169K(69888K)
[192.025s][info][gc,heap        ] GC(365) Tenured: 14958K(1398144K)->15033K(1398144K)
[192.025s][info][gc,metaspace   ] GC(365) Metaspace: 14220K(15040K)->14220K(15040K) NonClass: 12279K(12736K)->12279K(12736K) Class: 1941K(2304K)->1941K(2304K)
[192.025s][info][gc             ] GC(365) Pause Young (Allocation Failure) 561M->15M(1979M) 49.310ms
[192.025s][info][gc,cpu         ] GC(365) User=0.05s Sys=0.00s Real=0.05s
[192.534s][info][gc,start       ] GC(366) Pause Young (Allocation Failure)
[192.591s][info][gc,heap        ] GC(366) DefNew: 560529K(629248K)->1172K(629248K) Eden: 559360K(559360K)->0K(559360K) From: 1169K(69888K)->1172K(69888K)
[192.592s][info][gc,heap        ] GC(366) Tenured: 15033K(1398144K)->15106K(1398144K)
[192.592s][info][gc,metaspace   ] GC(366) Metaspace: 14220K(15040K)->14220K(15040K) NonClass: 12279K(12736K)->12279K(12736K) Class: 1941K(2304K)->1941K(2304K)
[192.592s][info][gc             ] GC(366) Pause Young (Allocation Failure) 562M->15M(1979M) 57.537ms
[192.592s][info][gc,cpu         ] GC(366) User=0.06s Sys=0.00s Real=0.06s
[193.098s][info][gc,start       ] GC(367) Pause Young (Allocation Failure)
[193.156s][info][gc,heap        ] GC(367) DefNew: 560532K(629248K)->1176K(629248K) Eden: 559360K(559360K)->0K(559360K) From: 1172K(69888K)->1176K(69888K)
[193.156s][info][gc,heap        ] GC(367) Tenured: 15106K(1398144K)->15180K(1398144K)
[193.156s][info][gc,metaspace   ] GC(367) Metaspace: 14220K(15040K)->14220K(15040K) NonClass: 12279K(12736K)->12279K(12736K) Class: 1941K(2304K)->1941K(2304K)
[193.156s][info][gc             ] GC(367) Pause Young (Allocation Failure) 562M->15M(1979M) 58.273ms
[193.156s][info][gc,cpu         ] GC(367) User=0.05s Sys=0.00s Real=0.05s
[193.662s][info][gc,start       ] GC(368) Pause Young (Allocation Failure)
[193.719s][info][gc,heap        ] GC(368) DefNew: 560536K(629248K)->1175K(629248K) Eden: 559360K(559360K)->0K(559360K) From: 1176K(69888K)->1175K(69888K)
[193.719s][info][gc,heap        ] GC(368) Tenured: 15180K(1398144K)->15258K(1398144K)
[193.719s][info][gc,metaspace   ] GC(368) Metaspace: 14220K(15040K)->14220K(15040K) NonClass: 12279K(12736K)->12279K(12736K) Class: 1941K(2304K)->1941K(2304K)
[193.719s][info][gc             ] GC(368) Pause Young (Allocation Failure) 562M->16M(1979M) 57.822ms
[193.720s][info][gc,cpu         ] GC(368) User=0.06s Sys=0.00s Real=0.06s
[194.226s][info][gc,start       ] GC(369) Pause Young (Allocation Failure)
[194.275s][info][gc,heap        ] GC(369) DefNew: 560535K(629248K)->1178K(629248K) Eden: 559360K(559360K)->0K(559360K) From: 1175K(69888K)->1178K(69888K)
[194.275s][info][gc,heap        ] GC(369) Tenured: 15258K(1398144K)->15332K(1398144K)
[194.275s][info][gc,metaspace   ] GC(369) Metaspace: 14220K(15040K)->14220K(15040K) NonClass: 12279K(12736K)->12279K(12736K) Class: 1941K(2304K)->1941K(2304K)
[194.275s][info][gc             ] GC(369) Pause Young (Allocation Failure) 562M->16M(1979M) 49.050ms
[194.275s][info][gc,cpu         ] GC(369) User=0.05s Sys=0.00s Real=0.05s
[194.795s][info][gc,start       ] GC(370) Pause Young (Allocation Failure)
[194.848s][info][gc,heap        ] GC(370) DefNew: 560538K(629248K)->1179K(629248K) Eden: 559360K(559360K)->0K(559360K) From: 1178K(69888K)->1179K(69888K)
[194.848s][info][gc,heap        ] GC(370) Tenured: 15332K(1398144K)->15408K(1398144K)
[194.848s][info][gc,metaspace   ] GC(370) Metaspace: 14220K(15040K)->14220K(15040K) NonClass: 12279K(12736K)->12279K(12736K) Class: 1941K(2304K)->1941K(2304K)
[194.848s][info][gc             ] GC(370) Pause Young (Allocation Failure) 562M->16M(1979M) 53.517ms
[194.848s][info][gc,cpu         ] GC(370) User=0.05s Sys=0.00s Real=0.05s
[195.350s][info][gc,start       ] GC(371) Pause Young (Allocation Failure)
[195.403s][info][gc,heap        ] GC(371) DefNew: 560539K(629248K)->1178K(629248K) Eden: 559360K(559360K)->0K(559360K) From: 1179K(69888K)->1178K(69888K)
[195.403s][info][gc,heap        ] GC(371) Tenured: 15408K(1398144K)->15485K(1398144K)
[195.403s][info][gc,metaspace   ] GC(371) Metaspace: 14220K(15040K)->14220K(15040K) NonClass: 12279K(12736K)->12279K(12736K) Class: 1941K(2304K)->1941K(2304K)
[195.403s][info][gc             ] GC(371) Pause Young (Allocation Failure) 562M->16M(1979M) 53.168ms
[195.403s][info][gc,cpu         ] GC(371) User=0.06s Sys=0.00s Real=0.05s
[195.917s][info][gc,start       ] GC(372) Pause Young (Allocation Failure)
[195.972s][info][gc,heap        ] GC(372) DefNew: 560538K(629248K)->1176K(629248K) Eden: 559360K(559360K)->0K(559360K) From: 1178K(69888K)->1176K(69888K)
[195.972s][info][gc,heap        ] GC(372) Tenured: 15485K(1398144K)->15562K(1398144K)
[195.972s][info][gc,metaspace   ] GC(372) Metaspace: 14220K(15040K)->14220K(15040K) NonClass: 12279K(12736K)->12279K(12736K) Class: 1941K(2304K)->1941K(2304K)
[195.972s][info][gc             ] GC(372) Pause Young (Allocation Failure) 562M->16M(1979M) 54.968ms
[195.972s][info][gc,cpu         ] GC(372) User=0.05s Sys=0.00s Real=0.05s
[196.476s][info][gc,start       ] GC(373) Pause Young (Allocation Failure)
[196.532s][info][gc,heap        ] GC(373) DefNew: 560536K(629248K)->1181K(629248K) Eden: 559360K(559360K)->0K(559360K) From: 1176K(69888K)->1181K(69888K)
[196.532s][info][gc,heap        ] GC(373) Tenured: 15562K(1398144K)->15634K(1398144K)
[196.532s][info][gc,metaspace   ] GC(373) Metaspace: 14220K(15040K)->14220K(15040K) NonClass: 12279K(12736K)->12279K(12736K) Class: 1941K(2304K)->1941K(2304K)
[196.532s][info][gc             ] GC(373) Pause Young (Allocation Failure) 562M->16M(1979M) 56.402ms
[196.532s][info][gc,cpu         ] GC(373) User=0.06s Sys=0.00s Real=0.06s
[197.040s][info][gc,start       ] GC(374) Pause Young (Allocation Failure)
[197.090s][info][gc,heap        ] GC(374) DefNew: 560541K(629248K)->1178K(629248K) Eden: 559360K(559360K)->0K(559360K) From: 1181K(69888K)->1178K(69888K)
[197.090s][info][gc,heap        ] GC(374) Tenured: 15634K(1398144K)->15714K(1398144K)
[197.090s][info][gc,metaspace   ] GC(374) Metaspace: 14220K(15040K)->14220K(15040K) NonClass: 12279K(12736K)->12279K(12736K) Class: 1941K(2304K)->1941K(2304K)
[197.090s][info][gc             ] GC(374) Pause Young (Allocation Failure) 562M->16M(1979M) 49.255ms
[197.090s][info][gc,cpu         ] GC(374) User=0.05s Sys=0.00s Real=0.05s
[197.531s][info][gc,start       ] GC(375) Pause Young (Allocation Failure)
[197.582s][info][gc,heap        ] GC(375) DefNew: 560538K(629248K)->1171K(629248K) Eden: 559360K(559360K)->0K(559360K) From: 1178K(69888K)->1171K(69888K)
[197.582s][info][gc,heap        ] GC(375) Tenured: 15714K(1398144K)->15788K(1398144K)
[197.582s][info][gc,metaspace   ] GC(375) Metaspace: 14220K(15040K)->14220K(15040K) NonClass: 12279K(12736K)->12279K(12736K) Class: 1941K(2304K)->1941K(2304K)
[197.582s][info][gc             ] GC(375) Pause Young (Allocation Failure) 562M->16M(1979M) 51.638ms
[197.582s][info][gc,cpu         ] GC(375) User=0.05s Sys=0.00s Real=0.05s
[198.001s][info][gc,start       ] GC(376) Pause Full (System.gc())
[198.002s][info][gc,phases,start] GC(376) Phase 1: Mark live objects
[198.056s][info][gc,phases      ] GC(376) Phase 1: Mark live objects 54.423ms
[198.056s][info][gc,phases,start] GC(376) Phase 2: Compute new object addresses
[198.189s][info][gc,phases      ] GC(376) Phase 2: Compute new object addresses 132.677ms
[198.189s][info][gc,phases,start] GC(376) Phase 3: Adjust pointers
[198.213s][info][gc,phases      ] GC(376) Phase 3: Adjust pointers 24.508ms
[198.213s][info][gc,phases,start] GC(376) Phase 4: Move objects
[198.213s][info][gc,phases      ] GC(376) Phase 4: Move objects 0.013ms
[198.213s][info][gc,heap        ] GC(376) DefNew: 505188K(629248K)->0K(629248K) Eden: 504017K(559360K)->0K(559360K) From: 1171K(69888K)->0K(69888K)
[198.213s][info][gc,heap        ] GC(376) Tenured: 15788K(1398144K)->5348K(1398144K)
[198.213s][info][gc,metaspace   ] GC(376) Metaspace: 14222K(15040K)->14222K(15040K) NonClass: 12280K(12736K)->12280K(12736K) Class: 1941K(2304K)->1941K(2304K)
[198.214s][info][gc             ] GC(376) Pause Full (System.gc()) 508M->5M(1979M) 212.048ms
[198.214s][info][gc,cpu         ] GC(376) User=0.20s Sys=0.00s Real=0.20s
[198.642s][info][gc,start       ] GC(377) Pause Young (Allocation Failure)
[198.682s][info][gc,heap        ] GC(377) DefNew: 559360K(629248K)->1527K(629248K) Eden: 559360K(559360K)->0K(559360K) From: 0K(69888K)->1527K(69888K)
[198.682s][info][gc,heap        ] GC(377) Tenured: 5348K(1398144K)->5348K(1398144K)
[198.682s][info][gc,metaspace   ] GC(377) Metaspace: 14225K(15040K)->14225K(15040K) NonClass: 12284K(12736K)->12284K(12736K) Class: 1941K(2304K)->1941K(2304K)
[198.682s][info][gc             ] GC(377) Pause Young (Allocation Failure) 551M->6M(1979M) 39.678ms
[198.682s][info][gc,cpu         ] GC(377) User=0.03s Sys=0.00s Real=0.03s
[199.167s][info][gc,start       ] GC(378) Pause Young (Allocation Failure)
[199.223s][info][gc,heap        ] GC(378) DefNew: 560887K(629248K)->1606K(629248K) Eden: 559360K(559360K)->0K(559360K) From: 1527K(69888K)->1606K(69888K)
[199.223s][info][gc,heap        ] GC(378) Tenured: 5348K(1398144K)->5348K(1398144K)
[199.223s][info][gc,metaspace   ] GC(378) Metaspace: 14225K(15040K)->14225K(15040K) NonClass: 12284K(12736K)->12284K(12736K) Class: 1941K(2304K)->1941K(2304K)
[199.223s][info][gc             ] GC(378) Pause Young (Allocation Failure) 552M->6M(1979M) 56.076ms
[199.223s][info][gc,cpu         ] GC(378) User=0.05s Sys=0.00s Real=0.04s
[199.722s][info][gc,start       ] GC(379) Pause Young (Allocation Failure)
[199.778s][info][gc,heap        ] GC(379) DefNew: 560966K(629248K)->1682K(629248K) Eden: 559360K(559360K)->0K(559360K) From: 1606K(69888K)->1682K(69888K)
[199.778s][info][gc,heap        ] GC(379) Tenured: 5348K(1398144K)->5348K(1398144K)
[199.778s][info][gc,metaspace   ] GC(379) Metaspace: 14225K(15040K)->14225K(15040K) NonClass: 12284K(12736K)->12284K(12736K) Class: 1941K(2304K)->1941K(2304K)
[199.778s][info][gc             ] GC(379) Pause Young (Allocation Failure) 553M->6M(1979M) 56.418ms
[199.778s][info][gc,cpu         ] GC(379) User=0.05s Sys=0.00s Real=0.05s
[200.280s][info][gc,start       ] GC(380) Pause Young (Allocation Failure)
[200.339s][info][gc,heap        ] GC(380) DefNew: 561042K(629248K)->1758K(629248K) Eden: 559360K(559360K)->0K(559360K) From: 1682K(69888K)->1758K(69888K)
[200.339s][info][gc,heap        ] GC(380) Tenured: 5348K(1398144K)->5348K(1398144K)
[200.339s][info][gc,metaspace   ] GC(380) Metaspace: 14225K(15040K)->14225K(15040K) NonClass: 12284K(12736K)->12284K(12736K) Class: 1941K(2304K)->1941K(2304K)
[200.339s][info][gc             ] GC(380) Pause Young (Allocation Failure) 553M->6M(1979M) 58.686ms
[200.339s][info][gc,cpu         ] GC(380) User=0.05s Sys=0.00s Real=0.06s
[200.830s][info][gc,start       ] GC(381) Pause Young (Allocation Failure)
[200.888s][info][gc,heap        ] GC(381) DefNew: 561118K(629248K)->1837K(629248K) Eden: 559360K(559360K)->0K(559360K) From: 1758K(69888K)->1837K(69888K)
[200.889s][info][gc,heap        ] GC(381) Tenured: 5348K(1398144K)->5348K(1398144K)
[200.889s][info][gc,metaspace   ] GC(381) Metaspace: 14225K(15040K)->14225K(15040K) NonClass: 12284K(12736K)->12284K(12736K) Class: 1941K(2304K)->1941K(2304K)
[200.889s][info][gc             ] GC(381) Pause Young (Allocation Failure) 553M->7M(1979M) 58.598ms
[200.889s][info][gc,cpu         ] GC(381) User=0.06s Sys=0.00s Real=0.06s
[201.380s][info][gc,start       ] GC(382) Pause Young (Allocation Failure)
[201.427s][info][gc,heap        ] GC(382) DefNew: 561197K(629248K)->1912K(629248K) Eden: 559360K(559360K)->0K(559360K) From: 1837K(69888K)->1912K(69888K)
[201.427s][info][gc,heap        ] GC(382) Tenured: 5348K(1398144K)->5348K(1398144K)
[201.427s][info][gc,metaspace   ] GC(382) Metaspace: 14225K(15040K)->14225K(15040K) NonClass: 12284K(12736K)->12284K(12736K) Class: 1941K(2304K)->1941K(2304K)
[201.427s][info][gc             ] GC(382) Pause Young (Allocation Failure) 553M->7M(1979M) 47.345ms
[201.427s][info][gc,cpu         ] GC(382) User=0.03s Sys=0.00s Real=0.03s
[201.911s][info][gc,start       ] GC(383) Pause Young (Allocation Failure)
[201.970s][info][gc,heap        ] GC(383) DefNew: 561272K(629248K)->1986K(629248K) Eden: 559360K(559360K)->0K(559360K) From: 1912K(69888K)->1986K(69888K)
[201.970s][info][gc,heap        ] GC(383) Tenured: 5348K(1398144K)->5348K(1398144K)
[201.970s][info][gc,metaspace   ] GC(383) Metaspace: 14225K(15040K)->14225K(15040K) NonClass: 12284K(12736K)->12284K(12736K) Class: 1941K(2304K)->1941K(2304K)
[201.970s][info][gc             ] GC(383) Pause Young (Allocation Failure) 553M->7M(1979M) 59.327ms
[201.970s][info][gc,cpu         ] GC(383) User=0.05s Sys=0.00s Real=0.05s
[202.475s][info][gc,start       ] GC(384) Pause Young (Allocation Failure)
[202.528s][info][gc,heap        ] GC(384) DefNew: 561346K(629248K)->2061K(629248K) Eden: 559360K(559360K)->0K(559360K) From: 1986K(69888K)->2061K(69888K)
[202.528s][info][gc,heap        ] GC(384) Tenured: 5348K(1398144K)->5348K(1398144K)
[202.528s][info][gc,metaspace   ] GC(384) Metaspace: 14225K(15040K)->14225K(15040K) NonClass: 12284K(12736K)->12284K(12736K) Class: 1941K(2304K)->1941K(2304K)
[202.528s][info][gc             ] GC(384) Pause Young (Allocation Failure) 553M->7M(1979M) 52.706ms
[202.528s][info][gc,cpu         ] GC(384) User=0.05s Sys=0.00s Real=0.05s
[203.028s][info][gc,start       ] GC(385) Pause Young (Allocation Failure)
[203.070s][info][gc,heap        ] GC(385) DefNew: 561421K(629248K)->2137K(629248K) Eden: 559360K(559360K)->0K(559360K) From: 2061K(69888K)->2137K(69888K)
[203.070s][info][gc,heap        ] GC(385) Tenured: 5348K(1398144K)->5348K(1398144K)
[203.070s][info][gc,metaspace   ] GC(385) Metaspace: 14225K(15040K)->14225K(15040K) NonClass: 12284K(12736K)->12284K(12736K) Class: 1941K(2304K)->1941K(2304K)
[203.070s][info][gc             ] GC(385) Pause Young (Allocation Failure) 553M->7M(1979M) 41.965ms
[203.070s][info][gc,cpu         ] GC(385) User=0.05s Sys=0.00s Real=0.04s
[203.568s][info][gc,start       ] GC(386) Pause Young (Allocation Failure)
[203.624s][info][gc,heap        ] GC(386) DefNew: 561497K(629248K)->2211K(629248K) Eden: 559360K(559360K)->0K(559360K) From: 2137K(69888K)->2211K(69888K)
[203.624s][info][gc,heap        ] GC(386) Tenured: 5348K(1398144K)->5348K(1398144K)
[203.624s][info][gc,metaspace   ] GC(386) Metaspace: 14225K(15040K)->14225K(15040K) NonClass: 12284K(12736K)->12284K(12736K) Class: 1941K(2304K)->1941K(2304K)
[203.624s][info][gc             ] GC(386) Pause Young (Allocation Failure) 553M->7M(1979M) 56.955ms
[203.624s][info][gc,cpu         ] GC(386) User=0.05s Sys=0.00s Real=0.05s
[204.128s][info][gc,start       ] GC(387) Pause Young (Allocation Failure)
[204.186s][info][gc,heap        ] GC(387) DefNew: 561571K(629248K)->2285K(629248K) Eden: 559360K(559360K)->0K(559360K) From: 2211K(69888K)->2285K(69888K)
[204.186s][info][gc,heap        ] GC(387) Tenured: 5348K(1398144K)->5348K(1398144K)
[204.186s][info][gc,metaspace   ] GC(387) Metaspace: 14225K(15040K)->14225K(15040K) NonClass: 12284K(12736K)->12284K(12736K) Class: 1941K(2304K)->1941K(2304K)
[204.186s][info][gc             ] GC(387) Pause Young (Allocation Failure) 553M->7M(1979M) 58.533ms
[204.186s][info][gc,cpu         ] GC(387) User=0.06s Sys=0.00s Real=0.06s
[204.745s][info][gc,start       ] GC(388) Pause Young (Allocation Failure)
[204.805s][info][gc,heap        ] GC(388) DefNew: 561645K(629248K)->2359K(629248K) Eden: 559360K(559360K)->0K(559360K) From: 2285K(69888K)->2359K(69888K)
[204.805s][info][gc,heap        ] GC(388) Tenured: 5348K(1398144K)->5348K(1398144K)
[204.805s][info][gc,metaspace   ] GC(388) Metaspace: 14225K(15040K)->14225K(15040K) NonClass: 12284K(12736K)->12284K(12736K) Class: 1941K(2304K)->1941K(2304K)
[204.805s][info][gc             ] GC(388) Pause Young (Allocation Failure) 553M->7M(1979M) 60.209ms
[204.805s][info][gc,cpu         ] GC(388) User=0.05s Sys=0.00s Real=0.05s
[205.302s][info][gc,start       ] GC(389) Pause Young (Allocation Failure)
[205.354s][info][gc,heap        ] GC(389) DefNew: 561719K(629248K)->2434K(629248K) Eden: 559360K(559360K)->0K(559360K) From: 2359K(69888K)->2434K(69888K)
[205.354s][info][gc,heap        ] GC(389) Tenured: 5348K(1398144K)->5348K(1398144K)
[205.354s][info][gc,metaspace   ] GC(389) Metaspace: 14225K(15040K)->14225K(15040K) NonClass: 12284K(12736K)->12284K(12736K) Class: 1941K(2304K)->1941K(2304K)
[205.354s][info][gc             ] GC(389) Pause Young (Allocation Failure) 553M->7M(1979M) 52.356ms
[205.354s][info][gc,cpu         ] GC(389) User=0.05s Sys=0.00s Real=0.05s
[205.848s][info][gc,start       ] GC(390) Pause Young (Allocation Failure)
[205.902s][info][gc,heap        ] GC(390) DefNew: 561794K(629248K)->2510K(629248K) Eden: 559360K(559360K)->0K(559360K) From: 2434K(69888K)->2510K(69888K)
[205.902s][info][gc,heap        ] GC(390) Tenured: 5348K(1398144K)->5348K(1398144K)
[205.902s][info][gc,metaspace   ] GC(390) Metaspace: 14225K(15040K)->14225K(15040K) NonClass: 12284K(12736K)->12284K(12736K) Class: 1941K(2304K)->1941K(2304K)
[205.902s][info][gc             ] GC(390) Pause Young (Allocation Failure) 553M->7M(1979M) 54.720ms
[205.903s][info][gc,cpu         ] GC(390) User=0.05s Sys=0.00s Real=0.05s
[206.398s][info][gc,start       ] GC(391) Pause Young (Allocation Failure)
[206.449s][info][gc,heap        ] GC(391) DefNew: 561870K(629248K)->2585K(629248K) Eden: 559360K(559360K)->0K(559360K) From: 2510K(69888K)->2585K(69888K)
[206.449s][info][gc,heap        ] GC(391) Tenured: 5348K(1398144K)->5348K(1398144K)
[206.449s][info][gc,metaspace   ] GC(391) Metaspace: 14225K(15040K)->14225K(15040K) NonClass: 12284K(12736K)->12284K(12736K) Class: 1941K(2304K)->1941K(2304K)
[206.449s][info][gc             ] GC(391) Pause Young (Allocation Failure) 553M->7M(1979M) 51.610ms
[206.449s][info][gc,cpu         ] GC(391) User=0.05s Sys=0.00s Real=0.05s
[206.936s][info][gc,start       ] GC(392) Pause Young (Allocation Failure)
[206.981s][info][gc,heap        ] GC(392) DefNew: 561945K(629248K)->1139K(629248K) Eden: 559360K(559360K)->0K(559360K) From: 2585K(69888K)->1139K(69888K)
[206.981s][info][gc,heap        ] GC(392) Tenured: 5348K(1398144K)->6867K(1398144K)
[206.981s][info][gc,metaspace   ] GC(392) Metaspace: 14225K(15040K)->14225K(15040K) NonClass: 12284K(12736K)->12284K(12736K) Class: 1941K(2304K)->1941K(2304K)
[206.981s][info][gc             ] GC(392) Pause Young (Allocation Failure) 553M->7M(1979M) 44.954ms
[206.981s][info][gc,cpu         ] GC(392) User=0.03s Sys=0.00s Real=0.05s
[207.478s][info][gc,start       ] GC(393) Pause Young (Allocation Failure)
[207.535s][info][gc,heap        ] GC(393) DefNew: 560499K(629248K)->1138K(629248K) Eden: 559360K(559360K)->0K(559360K) From: 1139K(69888K)->1138K(69888K)
[207.535s][info][gc,heap        ] GC(393) Tenured: 6867K(1398144K)->6944K(1398144K)
[207.535s][info][gc,metaspace   ] GC(393) Metaspace: 14225K(15040K)->14225K(15040K) NonClass: 12284K(12736K)->12284K(12736K) Class: 1941K(2304K)->1941K(2304K)
[207.535s][info][gc             ] GC(393) Pause Young (Allocation Failure) 554M->7M(1979M) 56.884ms
[207.535s][info][gc,cpu         ] GC(393) User=0.05s Sys=0.00s Real=0.05s
[208.037s][info][gc,start       ] GC(394) Pause Young (Allocation Failure)
[208.095s][info][gc,heap        ] GC(394) DefNew: 560498K(629248K)->1141K(629248K) Eden: 559360K(559360K)->0K(559360K) From: 1138K(69888K)->1141K(69888K)
[208.095s][info][gc,heap        ] GC(394) Tenured: 6944K(1398144K)->7021K(1398144K)
[208.095s][info][gc,metaspace   ] GC(394) Metaspace: 14225K(15040K)->14225K(15040K) NonClass: 12284K(12736K)->12284K(12736K) Class: 1941K(2304K)->1941K(2304K)
[208.095s][info][gc             ] GC(394) Pause Young (Allocation Failure) 554M->7M(1979M) 57.526ms
[208.095s][info][gc,cpu         ] GC(394) User=0.06s Sys=0.00s Real=0.06s
[208.690s][info][gc,start       ] GC(395) Pause Young (Allocation Failure)
[208.743s][info][gc,heap        ] GC(395) DefNew: 560501K(629248K)->1142K(629248K) Eden: 559360K(559360K)->0K(559360K) From: 1141K(69888K)->1142K(69888K)
[208.743s][info][gc,heap        ] GC(395) Tenured: 7021K(1398144K)->7098K(1398144K)
[208.743s][info][gc,metaspace   ] GC(395) Metaspace: 14225K(15040K)->14225K(15040K) NonClass: 12284K(12736K)->12284K(12736K) Class: 1941K(2304K)->1941K(2304K)
[208.743s][info][gc             ] GC(395) Pause Young (Allocation Failure) 554M->8M(1979M) 53.218ms
[208.743s][info][gc,cpu         ] GC(395) User=0.05s Sys=0.00s Real=0.05s
[209.254s][info][gc,start       ] GC(396) Pause Young (Allocation Failure)
[209.294s][info][gc,heap        ] GC(396) DefNew: 560502K(629248K)->1145K(629248K) Eden: 559360K(559360K)->0K(559360K) From: 1142K(69888K)->1145K(69888K)
[209.294s][info][gc,heap        ] GC(396) Tenured: 7098K(1398144K)->7175K(1398144K)
[209.294s][info][gc,metaspace   ] GC(396) Metaspace: 14225K(15040K)->14225K(15040K) NonClass: 12284K(12736K)->12284K(12736K) Class: 1941K(2304K)->1941K(2304K)
[209.295s][info][gc             ] GC(396) Pause Young (Allocation Failure) 554M->8M(1979M) 40.533ms
[209.295s][info][gc,cpu         ] GC(396) User=0.03s Sys=0.00s Real=0.03s
[209.812s][info][gc,start       ] GC(397) Pause Young (Allocation Failure)
[209.852s][info][gc,heap        ] GC(397) DefNew: 560505K(629248K)->1153K(629248K) Eden: 559360K(559360K)->0K(559360K) From: 1145K(69888K)->1153K(69888K)
[209.852s][info][gc,heap        ] GC(397) Tenured: 7175K(1398144K)->7250K(1398144K)
[209.852s][info][gc,metaspace   ] GC(397) Metaspace: 14225K(15040K)->14225K(15040K) NonClass: 12284K(12736K)->12284K(12736K) Class: 1941K(2304K)->1941K(2304K)
[209.852s][info][gc             ] GC(397) Pause Young (Allocation Failure) 554M->8M(1979M) 40.073ms
[209.852s][info][gc,cpu         ] GC(397) User=0.02s Sys=0.00s Real=0.03s
[210.346s][info][gc,start       ] GC(398) Pause Young (Allocation Failure)
[210.388s][info][gc,heap        ] GC(398) DefNew: 560513K(629248K)->1153K(629248K) Eden: 559360K(559360K)->0K(559360K) From: 1153K(69888K)->1153K(69888K)
[210.388s][info][gc,heap        ] GC(398) Tenured: 7250K(1398144K)->7324K(1398144K)
[210.388s][info][gc,metaspace   ] GC(398) Metaspace: 14225K(15040K)->14225K(15040K) NonClass: 12284K(12736K)->12284K(12736K) Class: 1941K(2304K)->1941K(2304K)
[210.389s][info][gc             ] GC(398) Pause Young (Allocation Failure) 554M->8M(1979M) 42.234ms
[210.389s][info][gc,cpu         ] GC(398) User=0.03s Sys=0.00s Real=0.04s
[210.885s][info][gc,start       ] GC(399) Pause Young (Allocation Failure)
[210.929s][info][gc,heap        ] GC(399) DefNew: 560513K(629248K)->1154K(629248K) Eden: 559360K(559360K)->0K(559360K) From: 1153K(69888K)->1154K(69888K)
[210.929s][info][gc,heap        ] GC(399) Tenured: 7324K(1398144K)->7401K(1398144K)
[210.929s][info][gc,metaspace   ] GC(399) Metaspace: 14225K(15040K)->14225K(15040K) NonClass: 12284K(12736K)->12284K(12736K) Class: 1941K(2304K)->1941K(2304K)
[210.929s][info][gc             ] GC(399) Pause Young (Allocation Failure) 554M->8M(1979M) 43.711ms
[210.929s][info][gc,cpu         ] GC(399) User=0.05s Sys=0.00s Real=0.04s
[211.428s][info][gc,start       ] GC(400) Pause Young (Allocation Failure)
[211.472s][info][gc,heap        ] GC(400) DefNew: 560514K(629248K)->1155K(629248K) Eden: 559360K(559360K)->0K(559360K) From: 1154K(69888K)->1155K(69888K)
[211.472s][info][gc,heap        ] GC(400) Tenured: 7401K(1398144K)->7475K(1398144K)
[211.472s][info][gc,metaspace   ] GC(400) Metaspace: 14225K(15040K)->14225K(15040K) NonClass: 12284K(12736K)->12284K(12736K) Class: 1941K(2304K)->1941K(2304K)
[211.472s][info][gc             ] GC(400) Pause Young (Allocation Failure) 554M->8M(1979M) 43.923ms
[211.472s][info][gc,cpu         ] GC(400) User=0.03s Sys=0.00s Real=0.03s
[211.972s][info][gc,start       ] GC(401) Pause Young (Allocation Failure)
[212.017s][info][gc,heap        ] GC(401) DefNew: 560515K(629248K)->1159K(629248K) Eden: 559360K(559360K)->0K(559360K) From: 1155K(69888K)->1159K(69888K)
[212.017s][info][gc,heap        ] GC(401) Tenured: 7475K(1398144K)->7549K(1398144K)
[212.017s][info][gc,metaspace   ] GC(401) Metaspace: 14225K(15040K)->14225K(15040K) NonClass: 12284K(12736K)->12284K(12736K) Class: 1941K(2304K)->1941K(2304K)
[212.018s][info][gc             ] GC(401) Pause Young (Allocation Failure) 554M->8M(1979M) 45.534ms
[212.018s][info][gc,cpu         ] GC(401) User=0.05s Sys=0.00s Real=0.04s
[212.594s][info][gc,start       ] GC(402) Pause Young (Allocation Failure)
[212.647s][info][gc,heap        ] GC(402) DefNew: 560519K(629248K)->1164K(629248K) Eden: 559360K(559360K)->0K(559360K) From: 1159K(69888K)->1164K(69888K)
[212.647s][info][gc,heap        ] GC(402) Tenured: 7549K(1398144K)->7623K(1398144K)
[212.647s][info][gc,metaspace   ] GC(402) Metaspace: 14225K(15040K)->14225K(15040K) NonClass: 12284K(12736K)->12284K(12736K) Class: 1941K(2304K)->1941K(2304K)
[212.647s][info][gc             ] GC(402) Pause Young (Allocation Failure) 554M->8M(1979M) 52.946ms
[212.647s][info][gc,cpu         ] GC(402) User=0.05s Sys=0.00s Real=0.05s
[213.154s][info][gc,start       ] GC(403) Pause Young (Allocation Failure)
[213.206s][info][gc,heap        ] GC(403) DefNew: 560524K(629248K)->1168K(629248K) Eden: 559360K(559360K)->0K(559360K) From: 1164K(69888K)->1168K(69888K)
[213.206s][info][gc,heap        ] GC(403) Tenured: 7623K(1398144K)->7697K(1398144K)
[213.206s][info][gc,metaspace   ] GC(403) Metaspace: 14225K(15040K)->14225K(15040K) NonClass: 12284K(12736K)->12284K(12736K) Class: 1941K(2304K)->1941K(2304K)
[213.206s][info][gc             ] GC(403) Pause Young (Allocation Failure) 554M->8M(1979M) 51.831ms
[213.206s][info][gc,cpu         ] GC(403) User=0.05s Sys=0.00s Real=0.05s
[213.720s][info][gc,start       ] GC(404) Pause Young (Allocation Failure)
[213.770s][info][gc,heap        ] GC(404) DefNew: 560528K(629248K)->1167K(629248K) Eden: 559360K(559360K)->0K(559360K) From: 1168K(69888K)->1167K(69888K)
[213.770s][info][gc,heap        ] GC(404) Tenured: 7697K(1398144K)->7771K(1398144K)
[213.770s][info][gc,metaspace   ] GC(404) Metaspace: 14225K(15040K)->14225K(15040K) NonClass: 12284K(12736K)->12284K(12736K) Class: 1941K(2304K)->1941K(2304K)
[213.770s][info][gc             ] GC(404) Pause Young (Allocation Failure) 554M->8M(1979M) 50.880ms
[213.770s][info][gc,cpu         ] GC(404) User=0.05s Sys=0.00s Real=0.04s
[214.274s][info][gc,start       ] GC(405) Pause Young (Allocation Failure)
[214.331s][info][gc,heap        ] GC(405) DefNew: 560527K(629248K)->1165K(629248K) Eden: 559360K(559360K)->0K(559360K) From: 1167K(69888K)->1165K(69888K)
[214.331s][info][gc,heap        ] GC(405) Tenured: 7771K(1398144K)->7848K(1398144K)
[214.331s][info][gc,metaspace   ] GC(405) Metaspace: 14225K(15040K)->14225K(15040K) NonClass: 12284K(12736K)->12284K(12736K) Class: 1941K(2304K)->1941K(2304K)
[214.331s][info][gc             ] GC(405) Pause Young (Allocation Failure) 554M->8M(1979M) 57.063ms
[214.331s][info][gc,cpu         ] GC(405) User=0.06s Sys=0.00s Real=0.06s
[214.809s][info][gc,start       ] GC(406) Pause Young (Allocation Failure)
[214.868s][info][gc,heap        ] GC(406) DefNew: 560525K(629248K)->1165K(629248K) Eden: 559360K(559360K)->0K(559360K) From: 1165K(69888K)->1165K(69888K)
[214.868s][info][gc,heap        ] GC(406) Tenured: 7848K(1398144K)->7923K(1398144K)
[214.868s][info][gc,metaspace   ] GC(406) Metaspace: 14225K(15040K)->14225K(15040K) NonClass: 12284K(12736K)->12284K(12736K) Class: 1941K(2304K)->1941K(2304K)
[214.868s][info][gc             ] GC(406) Pause Young (Allocation Failure) 555M->8M(1979M) 59.883ms
[214.868s][info][gc,cpu         ] GC(406) User=0.06s Sys=0.00s Real=0.06s
[215.279s][info][gc,start       ] GC(407) Pause Full (System.gc())
[215.279s][info][gc,phases,start] GC(407) Phase 1: Mark live objects
[215.333s][info][gc,phases      ] GC(407) Phase 1: Mark live objects 53.522ms
[215.333s][info][gc,phases,start] GC(407) Phase 2: Compute new object addresses
[215.457s][info][gc,phases      ] GC(407) Phase 2: Compute new object addresses 124.621ms
[215.457s][info][gc,phases,start] GC(407) Phase 3: Adjust pointers
[215.482s][info][gc,phases      ] GC(407) Phase 3: Adjust pointers 24.625ms
[215.482s][info][gc,phases,start] GC(407) Phase 4: Move objects
[215.482s][info][gc,phases      ] GC(407) Phase 4: Move objects 0.012ms
[215.482s][info][gc,heap        ] GC(407) DefNew: 522214K(629248K)->0K(629248K) Eden: 521048K(559360K)->0K(559360K) From: 1165K(69888K)->0K(69888K)
[215.482s][info][gc,heap        ] GC(407) Tenured: 7923K(1398144K)->7923K(1398144K)
[215.482s][info][gc,metaspace   ] GC(407) Metaspace: 14225K(15040K)->14225K(15040K) NonClass: 12284K(12736K)->12284K(12736K) Class: 1941K(2304K)->1941K(2304K)
[215.482s][info][gc             ] GC(407) Pause Full (System.gc()) 517M->7M(1979M) 203.181ms
[215.482s][info][gc,cpu         ] GC(407) User=0.20s Sys=0.00s Real=0.20s
[215.899s][info][gc,start       ] GC(408) Pause Young (Allocation Failure)
[215.942s][info][gc,heap        ] GC(408) DefNew: 559360K(629248K)->1525K(629248K) Eden: 559360K(559360K)->0K(559360K) From: 0K(69888K)->1525K(69888K)
[215.942s][info][gc,heap        ] GC(408) Tenured: 7923K(1398144K)->7923K(1398144K)
[215.942s][info][gc,metaspace   ] GC(408) Metaspace: 14226K(15040K)->14226K(15040K) NonClass: 12284K(12736K)->12284K(12736K) Class: 1941K(2304K)->1941K(2304K)
[215.942s][info][gc             ] GC(408) Pause Young (Allocation Failure) 553M->9M(1979M) 42.754ms
[215.942s][info][gc,cpu         ] GC(408) User=0.05s Sys=0.00s Real=0.04s
[216.502s][info][gc,start       ] GC(409) Pause Young (Allocation Failure)
[216.555s][info][gc,heap        ] GC(409) DefNew: 560885K(629248K)->1595K(629248K) Eden: 559360K(559360K)->0K(559360K) From: 1525K(69888K)->1595K(69888K)
[216.555s][info][gc,heap        ] GC(409) Tenured: 7923K(1398144K)->7923K(1398144K)
[216.555s][info][gc,metaspace   ] GC(409) Metaspace: 14226K(15040K)->14226K(15040K) NonClass: 12284K(12736K)->12284K(12736K) Class: 1941K(2304K)->1941K(2304K)
[216.556s][info][gc             ] GC(409) Pause Young (Allocation Failure) 555M->9M(1979M) 53.834ms
[216.556s][info][gc,cpu         ] GC(409) User=0.05s Sys=0.00s Real=0.05s
[217.058s][info][gc,start       ] GC(410) Pause Young (Allocation Failure)
[217.104s][info][gc,heap        ] GC(410) DefNew: 560955K(629248K)->1672K(629248K) Eden: 559360K(559360K)->0K(559360K) From: 1595K(69888K)->1672K(69888K)
[217.104s][info][gc,heap        ] GC(410) Tenured: 7923K(1398144K)->7923K(1398144K)
[217.104s][info][gc,metaspace   ] GC(410) Metaspace: 14226K(15040K)->14226K(15040K) NonClass: 12284K(12736K)->12284K(12736K) Class: 1941K(2304K)->1941K(2304K)
[217.104s][info][gc             ] GC(410) Pause Young (Allocation Failure) 555M->9M(1979M) 46.021ms
[217.104s][info][gc,cpu         ] GC(410) User=0.05s Sys=0.00s Real=0.05s
[217.602s][info][gc,start       ] GC(411) Pause Young (Allocation Failure)
[217.648s][info][gc,heap        ] GC(411) DefNew: 561032K(629248K)->1750K(629248K) Eden: 559360K(559360K)->0K(559360K) From: 1672K(69888K)->1750K(69888K)
[217.657s][info][gc,heap        ] GC(411) Tenured: 7923K(1398144K)->7923K(1398144K)
[217.657s][info][gc,metaspace   ] GC(411) Metaspace: 14226K(15040K)->14226K(15040K) NonClass: 12284K(12736K)->12284K(12736K) Class: 1941K(2304K)->1941K(2304K)
[217.657s][info][gc             ] GC(411) Pause Young (Allocation Failure) 555M->9M(1979M) 54.861ms
[217.657s][info][gc,cpu         ] GC(411) User=0.03s Sys=0.00s Real=0.05s
[218.129s][info][gc,start       ] GC(412) Pause Young (Allocation Failure)
[218.172s][info][gc,heap        ] GC(412) DefNew: 561110K(629248K)->1823K(629248K) Eden: 559360K(559360K)->0K(559360K) From: 1750K(69888K)->1823K(69888K)
[218.172s][info][gc,heap        ] GC(412) Tenured: 7923K(1398144K)->7923K(1398144K)
[218.172s][info][gc,metaspace   ] GC(412) Metaspace: 14226K(15040K)->14226K(15040K) NonClass: 12284K(12736K)->12284K(12736K) Class: 1941K(2304K)->1941K(2304K)
[218.172s][info][gc             ] GC(412) Pause Young (Allocation Failure) 555M->9M(1979M) 42.373ms
[218.172s][info][gc,cpu         ] GC(412) User=0.05s Sys=0.00s Real=0.04s
[218.660s][info][gc,start       ] GC(413) Pause Young (Allocation Failure)
[218.705s][info][gc,heap        ] GC(413) DefNew: 561183K(629248K)->1897K(629248K) Eden: 559360K(559360K)->0K(559360K) From: 1823K(69888K)->1897K(69888K)
[218.705s][info][gc,heap        ] GC(413) Tenured: 7923K(1398144K)->7923K(1398144K)
[218.705s][info][gc,metaspace   ] GC(413) Metaspace: 14226K(15040K)->14226K(15040K) NonClass: 12284K(12736K)->12284K(12736K) Class: 1941K(2304K)->1941K(2304K)
[218.705s][info][gc             ] GC(413) Pause Young (Allocation Failure) 555M->9M(1979M) 44.653ms
[218.705s][info][gc,cpu         ] GC(413) User=0.03s Sys=0.00s Real=0.03s
[219.198s][info][gc,start       ] GC(414) Pause Young (Allocation Failure)
[219.256s][info][gc,heap        ] GC(414) DefNew: 561257K(629248K)->1973K(629248K) Eden: 559360K(559360K)->0K(559360K) From: 1897K(69888K)->1973K(69888K)
[219.256s][info][gc,heap        ] GC(414) Tenured: 7923K(1398144K)->7923K(1398144K)
[219.256s][info][gc,metaspace   ] GC(414) Metaspace: 14226K(15040K)->14226K(15040K) NonClass: 12284K(12736K)->12284K(12736K) Class: 1941K(2304K)->1941K(2304K)
[219.256s][info][gc             ] GC(414) Pause Young (Allocation Failure) 555M->9M(1979M) 58.385ms
[219.256s][info][gc,cpu         ] GC(414) User=0.06s Sys=0.00s Real=0.06s
[219.762s][info][gc,start       ] GC(415) Pause Young (Allocation Failure)
[219.821s][info][gc,heap        ] GC(415) DefNew: 561333K(629248K)->2050K(629248K) Eden: 559359K(559360K)->0K(559360K) From: 1973K(69888K)->2050K(69888K)
[219.821s][info][gc,heap        ] GC(415) Tenured: 7923K(1398144K)->7923K(1398144K)
[219.821s][info][gc,metaspace   ] GC(415) Metaspace: 14226K(15040K)->14226K(15040K) NonClass: 12284K(12736K)->12284K(12736K) Class: 1941K(2304K)->1941K(2304K)
[219.821s][info][gc             ] GC(415) Pause Young (Allocation Failure) 555M->9M(1979M) 59.379ms
[219.821s][info][gc,cpu         ] GC(415) User=0.06s Sys=0.00s Real=0.06s
[220.396s][info][gc,start       ] GC(416) Pause Young (Allocation Failure)
[220.454s][info][gc,heap        ] GC(416) DefNew: 561410K(629248K)->2125K(629248K) Eden: 559360K(559360K)->0K(559360K) From: 2050K(69888K)->2125K(69888K)
[220.454s][info][gc,heap        ] GC(416) Tenured: 7923K(1398144K)->7923K(1398144K)
[220.454s][info][gc,metaspace   ] GC(416) Metaspace: 14226K(15040K)->14226K(15040K) NonClass: 12284K(12736K)->12284K(12736K) Class: 1941K(2304K)->1941K(2304K)
[220.454s][info][gc             ] GC(416) Pause Young (Allocation Failure) 555M->9M(1979M) 57.574ms
[220.454s][info][gc,cpu         ] GC(416) User=0.05s Sys=0.00s Real=0.05s
[220.958s][info][gc,start       ] GC(417) Pause Young (Allocation Failure)
[221.011s][info][gc,heap        ] GC(417) DefNew: 561485K(629248K)->2203K(629248K) Eden: 559360K(559360K)->0K(559360K) From: 2125K(69888K)->2203K(69888K)
[221.011s][info][gc,heap        ] GC(417) Tenured: 7923K(1398144K)->7923K(1398144K)
[221.011s][info][gc,metaspace   ] GC(417) Metaspace: 14226K(15040K)->14226K(15040K) NonClass: 12284K(12736K)->12284K(12736K) Class: 1941K(2304K)->1941K(2304K)
[221.011s][info][gc             ] GC(417) Pause Young (Allocation Failure) 556M->9M(1979M) 53.000ms
[221.011s][info][gc,cpu         ] GC(417) User=0.05s Sys=0.00s Real=0.05s
[221.516s][info][gc,start       ] GC(418) Pause Young (Allocation Failure)
[221.570s][info][gc,heap        ] GC(418) DefNew: 561563K(629248K)->2283K(629248K) Eden: 559360K(559360K)->0K(559360K) From: 2203K(69888K)->2283K(69888K)
[221.570s][info][gc,heap        ] GC(418) Tenured: 7923K(1398144K)->7923K(1398144K)
[221.570s][info][gc,metaspace   ] GC(418) Metaspace: 14226K(15040K)->14226K(15040K) NonClass: 12284K(12736K)->12284K(12736K) Class: 1941K(2304K)->1941K(2304K)
[221.570s][info][gc             ] GC(418) Pause Young (Allocation Failure) 556M->9M(1979M) 53.497ms
[221.570s][info][gc,cpu         ] GC(418) User=0.05s Sys=0.00s Real=0.05s
[222.035s][info][gc,start       ] GC(419) Pause Young (Allocation Failure)
[222.092s][info][gc,heap        ] GC(419) DefNew: 561643K(629248K)->2355K(629248K) Eden: 559360K(559360K)->0K(559360K) From: 2283K(69888K)->2355K(69888K)
[222.092s][info][gc,heap        ] GC(419) Tenured: 7923K(1398144K)->7923K(1398144K)
[222.092s][info][gc,metaspace   ] GC(419) Metaspace: 14226K(15040K)->14226K(15040K) NonClass: 12284K(12736K)->12284K(12736K) Class: 1941K(2304K)->1941K(2304K)
[222.092s][info][gc             ] GC(419) Pause Young (Allocation Failure) 556M->10M(1979M) 56.959ms
[222.092s][info][gc,cpu         ] GC(419) User=0.06s Sys=0.00s Real=0.06s
[222.563s][info][gc,start       ] GC(420) Pause Young (Allocation Failure)
[222.607s][info][gc,heap        ] GC(420) DefNew: 561715K(629248K)->2430K(629248K) Eden: 559360K(559360K)->0K(559360K) From: 2355K(69888K)->2430K(69888K)
[222.607s][info][gc,heap        ] GC(420) Tenured: 7923K(1398144K)->7923K(1398144K)
[222.607s][info][gc,metaspace   ] GC(420) Metaspace: 14226K(15040K)->14226K(15040K) NonClass: 12284K(12736K)->12284K(12736K) Class: 1941K(2304K)->1941K(2304K)
[222.607s][info][gc             ] GC(420) Pause Young (Allocation Failure) 556M->10M(1979M) 43.975ms
[222.607s][info][gc,cpu         ] GC(420) User=0.03s Sys=0.00s Real=0.03s
[223.079s][info][gc,start       ] GC(421) Pause Young (Allocation Failure)
[223.137s][info][gc,heap        ] GC(421) DefNew: 561790K(629248K)->2506K(629248K) Eden: 559360K(559360K)->0K(559360K) From: 2430K(69888K)->2506K(69888K)
[223.137s][info][gc,heap        ] GC(421) Tenured: 7923K(1398144K)->7923K(1398144K)
[223.137s][info][gc,metaspace   ] GC(421) Metaspace: 14226K(15040K)->14226K(15040K) NonClass: 12284K(12736K)->12284K(12736K) Class: 1941K(2304K)->1941K(2304K)
[223.137s][info][gc             ] GC(421) Pause Young (Allocation Failure) 556M->10M(1979M) 57.687ms
[223.137s][info][gc,cpu         ] GC(421) User=0.05s Sys=0.00s Real=0.06s
[223.627s][info][gc,start       ] GC(422) Pause Young (Allocation Failure)
[223.687s][info][gc,heap        ] GC(422) DefNew: 561866K(629248K)->2577K(629248K) Eden: 559360K(559360K)->0K(559360K) From: 2506K(69888K)->2577K(69888K)
[223.687s][info][gc,heap        ] GC(422) Tenured: 7923K(1398144K)->7923K(1398144K)
[223.687s][info][gc,metaspace   ] GC(422) Metaspace: 14226K(15040K)->14226K(15040K) NonClass: 12284K(12736K)->12284K(12736K) Class: 1941K(2304K)->1941K(2304K)
[223.687s][info][gc             ] GC(422) Pause Young (Allocation Failure) 556M->10M(1979M) 59.641ms
[223.687s][info][gc,cpu         ] GC(422) User=0.06s Sys=0.00s Real=0.06s
[224.269s][info][gc,start       ] GC(423) Pause Young (Allocation Failure)
[224.333s][info][gc,heap        ] GC(423) DefNew: 561937K(629248K)->1131K(629248K) Eden: 559360K(559360K)->0K(559360K) From: 2577K(69888K)->1131K(69888K)
[224.333s][info][gc,heap        ] GC(423) Tenured: 7923K(1398144K)->9439K(1398144K)
[224.333s][info][gc,metaspace   ] GC(423) Metaspace: 14226K(15040K)->14226K(15040K) NonClass: 12284K(12736K)->12284K(12736K) Class: 1941K(2304K)->1941K(2304K)
[224.333s][info][gc             ] GC(423) Pause Young (Allocation Failure) 556M->10M(1979M) 63.284ms
[224.333s][info][gc,cpu         ] GC(423) User=0.06s Sys=0.00s Real=0.06s
[224.827s][info][gc,start       ] GC(424) Pause Young (Allocation Failure)
[224.867s][info][gc,heap        ] GC(424) DefNew: 560491K(629248K)->1134K(629248K) Eden: 559360K(559360K)->0K(559360K) From: 1131K(69888K)->1134K(69888K)
[224.867s][info][gc,heap        ] GC(424) Tenured: 9439K(1398144K)->9510K(1398144K)
[224.867s][info][gc,metaspace   ] GC(424) Metaspace: 14226K(15040K)->14226K(15040K) NonClass: 12284K(12736K)->12284K(12736K) Class: 1941K(2304K)->1941K(2304K)
[224.867s][info][gc             ] GC(424) Pause Young (Allocation Failure) 556M->10M(1979M) 40.315ms
[224.867s][info][gc,cpu         ] GC(424) User=0.03s Sys=0.00s Real=0.03s
[225.346s][info][gc,start       ] GC(425) Pause Young (Allocation Failure)
[225.401s][info][gc,heap        ] GC(425) DefNew: 560494K(629248K)->1132K(629248K) Eden: 559360K(559360K)->0K(559360K) From: 1134K(69888K)->1132K(69888K)
[225.401s][info][gc,heap        ] GC(425) Tenured: 9510K(1398144K)->9587K(1398144K)
[225.401s][info][gc,metaspace   ] GC(425) Metaspace: 14226K(15040K)->14226K(15040K) NonClass: 12284K(12736K)->12284K(12736K) Class: 1941K(2304K)->1941K(2304K)
[225.401s][info][gc             ] GC(425) Pause Young (Allocation Failure) 556M->10M(1979M) 54.422ms
[225.401s][info][gc,cpu         ] GC(425) User=0.05s Sys=0.00s Real=0.05s
[225.896s][info][gc,start       ] GC(426) Pause Young (Allocation Failure)
[225.948s][info][gc,heap        ] GC(426) DefNew: 560492K(629248K)->1130K(629248K) Eden: 559360K(559360K)->0K(559360K) From: 1132K(69888K)->1130K(69888K)
[225.948s][info][gc,heap        ] GC(426) Tenured: 9587K(1398144K)->9665K(1398144K)
[225.948s][info][gc,metaspace   ] GC(426) Metaspace: 14226K(15040K)->14226K(15040K) NonClass: 12284K(12736K)->12284K(12736K) Class: 1941K(2304K)->1941K(2304K)
[225.948s][info][gc             ] GC(426) Pause Young (Allocation Failure) 556M->10M(1979M) 52.287ms
[225.948s][info][gc,cpu         ] GC(426) User=0.05s Sys=0.00s Real=0.05s
[226.432s][info][gc,start       ] GC(427) Pause Young (Allocation Failure)
[226.489s][info][gc,heap        ] GC(427) DefNew: 560490K(629248K)->1132K(629248K) Eden: 559360K(559360K)->0K(559360K) From: 1130K(69888K)->1132K(69888K)
[226.489s][info][gc,heap        ] GC(427) Tenured: 9665K(1398144K)->9736K(1398144K)
[226.489s][info][gc,metaspace   ] GC(427) Metaspace: 14226K(15040K)->14226K(15040K) NonClass: 12284K(12736K)->12284K(12736K) Class: 1941K(2304K)->1941K(2304K)
[226.489s][info][gc             ] GC(427) Pause Young (Allocation Failure) 556M->10M(1979M) 56.604ms
[226.489s][info][gc,cpu         ] GC(427) User=0.06s Sys=0.00s Real=0.06s
[226.978s][info][gc,start       ] GC(428) Pause Young (Allocation Failure)
[227.036s][info][gc,heap        ] GC(428) DefNew: 560492K(629248K)->1138K(629248K) Eden: 559360K(559360K)->0K(559360K) From: 1132K(69888K)->1138K(69888K)
[227.036s][info][gc,heap        ] GC(428) Tenured: 9736K(1398144K)->9810K(1398144K)
[227.036s][info][gc,metaspace   ] GC(428) Metaspace: 14226K(15040K)->14226K(15040K) NonClass: 12284K(12736K)->12284K(12736K) Class: 1941K(2304K)->1941K(2304K)
[227.036s][info][gc             ] GC(428) Pause Young (Allocation Failure) 556M->10M(1979M) 58.750ms
[227.037s][info][gc,cpu         ] GC(428) User=0.06s Sys=0.00s Real=0.05s
[227.521s][info][gc,start       ] GC(429) Pause Young (Allocation Failure)
[227.580s][info][gc,heap        ] GC(429) DefNew: 560498K(629248K)->1135K(629248K) Eden: 559360K(559360K)->0K(559360K) From: 1138K(69888K)->1135K(69888K)
[227.580s][info][gc,heap        ] GC(429) Tenured: 9810K(1398144K)->9887K(1398144K)
[227.580s][info][gc,metaspace   ] GC(429) Metaspace: 14226K(15040K)->14226K(15040K) NonClass: 12284K(12736K)->12284K(12736K) Class: 1941K(2304K)->1941K(2304K)
[227.580s][info][gc             ] GC(429) Pause Young (Allocation Failure) 556M->10M(1979M) 58.972ms
[227.580s][info][gc,cpu         ] GC(429) User=0.05s Sys=0.00s Real=0.05s
[228.183s][info][gc,start       ] GC(430) Pause Young (Allocation Failure)
[228.249s][info][gc,heap        ] GC(430) DefNew: 560495K(629248K)->1135K(629248K) Eden: 559360K(559360K)->0K(559360K) From: 1135K(69888K)->1135K(69888K)
[228.249s][info][gc,heap        ] GC(430) Tenured: 9887K(1398144K)->9964K(1398144K)
[228.249s][info][gc,metaspace   ] GC(430) Metaspace: 14226K(15040K)->14226K(15040K) NonClass: 12284K(12736K)->12284K(12736K) Class: 1941K(2304K)->1941K(2304K)
[228.249s][info][gc             ] GC(430) Pause Young (Allocation Failure) 557M->10M(1979M) 65.272ms
[228.249s][info][gc,cpu         ] GC(430) User=0.08s Sys=0.00s Real=0.07s
[228.747s][info][gc,start       ] GC(431) Pause Young (Allocation Failure)
[228.799s][info][gc,heap        ] GC(431) DefNew: 560495K(629248K)->1138K(629248K) Eden: 559360K(559360K)->0K(559360K) From: 1135K(69888K)->1138K(69888K)
[228.799s][info][gc,heap        ] GC(431) Tenured: 9964K(1398144K)->10038K(1398144K)
[228.799s][info][gc,metaspace   ] GC(431) Metaspace: 14226K(15040K)->14226K(15040K) NonClass: 12284K(12736K)->12284K(12736K) Class: 1941K(2304K)->1941K(2304K)
[228.799s][info][gc             ] GC(431) Pause Young (Allocation Failure) 557M->10M(1979M) 52.187ms
[228.799s][info][gc,cpu         ] GC(431) User=0.05s Sys=0.00s Real=0.05s
[229.280s][info][gc,start       ] GC(432) Pause Young (Allocation Failure)
[229.333s][info][gc,heap        ] GC(432) DefNew: 560498K(629248K)->1134K(629248K) Eden: 559359K(559360K)->0K(559360K) From: 1138K(69888K)->1134K(69888K)
[229.333s][info][gc,heap        ] GC(432) Tenured: 10038K(1398144K)->10116K(1398144K)
[229.333s][info][gc,metaspace   ] GC(432) Metaspace: 14226K(15040K)->14226K(15040K) NonClass: 12284K(12736K)->12284K(12736K) Class: 1941K(2304K)->1941K(2304K)
[229.333s][info][gc             ] GC(432) Pause Young (Allocation Failure) 557M->10M(1979M) 53.066ms
[229.333s][info][gc,cpu         ] GC(432) User=0.05s Sys=0.00s Real=0.05s
[229.832s][info][gc,start       ] GC(433) Pause Young (Allocation Failure)
[229.874s][info][gc,heap        ] GC(433) DefNew: 560494K(629248K)->1133K(629248K) Eden: 559360K(559360K)->0K(559360K) From: 1134K(69888K)->1133K(69888K)
[229.874s][info][gc,heap        ] GC(433) Tenured: 10116K(1398144K)->10194K(1398144K)
[229.874s][info][gc,metaspace   ] GC(433) Metaspace: 14226K(15040K)->14226K(15040K) NonClass: 12284K(12736K)->12284K(12736K) Class: 1941K(2304K)->1941K(2304K)
[229.874s][info][gc             ] GC(433) Pause Young (Allocation Failure) 557M->11M(1979M) 41.707ms
[229.874s][info][gc,cpu         ] GC(433) User=0.03s Sys=0.00s Real=0.03s
[230.365s][info][gc,start       ] GC(434) Pause Young (Allocation Failure)
[230.423s][info][gc,heap        ] GC(434) DefNew: 560493K(629248K)->1137K(629248K) Eden: 559360K(559360K)->0K(559360K) From: 1133K(69888K)->1137K(69888K)
[230.423s][info][gc,heap        ] GC(434) Tenured: 10194K(1398144K)->10268K(1398144K)
[230.423s][info][gc,metaspace   ] GC(434) Metaspace: 14226K(15040K)->14226K(15040K) NonClass: 12284K(12736K)->12284K(12736K) Class: 1941K(2304K)->1941K(2304K)
[230.423s][info][gc             ] GC(434) Pause Young (Allocation Failure) 557M->11M(1979M) 57.703ms
[230.423s][info][gc,cpu         ] GC(434) User=0.05s Sys=0.00s Real=0.05s
[230.908s][info][gc,start       ] GC(435) Pause Young (Allocation Failure)
[230.967s][info][gc,heap        ] GC(435) DefNew: 560497K(629248K)->1136K(629248K) Eden: 559360K(559360K)->0K(559360K) From: 1137K(69888K)->1136K(69888K)
[230.967s][info][gc,heap        ] GC(435) Tenured: 10268K(1398144K)->10342K(1398144K)
[230.967s][info][gc,metaspace   ] GC(435) Metaspace: 14226K(15040K)->14226K(15040K) NonClass: 12284K(12736K)->12284K(12736K) Class: 1941K(2304K)->1941K(2304K)
[230.967s][info][gc             ] GC(435) Pause Young (Allocation Failure) 557M->11M(1979M) 58.390ms
[230.967s][info][gc,cpu         ] GC(435) User=0.05s Sys=0.00s Real=0.05s
[231.454s][info][gc,start       ] GC(436) Pause Young (Allocation Failure)
[231.503s][info][gc,heap        ] GC(436) DefNew: 560496K(629248K)->1134K(629248K) Eden: 559360K(559360K)->0K(559360K) From: 1136K(69888K)->1134K(69888K)
[231.503s][info][gc,heap        ] GC(436) Tenured: 10342K(1398144K)->10419K(1398144K)
[231.503s][info][gc,metaspace   ] GC(436) Metaspace: 14226K(15040K)->14226K(15040K) NonClass: 12284K(12736K)->12284K(12736K) Class: 1941K(2304K)->1941K(2304K)
[231.503s][info][gc             ] GC(436) Pause Young (Allocation Failure) 557M->11M(1979M) 49.272ms
[231.503s][info][gc,cpu         ] GC(436) User=0.05s Sys=0.00s Real=0.05s
[232.077s][info][gc,start       ] GC(437) Pause Young (Allocation Failure)
[232.142s][info][gc,heap        ] GC(437) DefNew: 560494K(629248K)->1130K(629248K) Eden: 559360K(559360K)->0K(559360K) From: 1134K(69888K)->1130K(69888K)
[232.142s][info][gc,heap        ] GC(437) Tenured: 10419K(1398144K)->10490K(1398144K)
[232.142s][info][gc,metaspace   ] GC(437) Metaspace: 14226K(15040K)->14226K(15040K) NonClass: 12284K(12736K)->12284K(12736K) Class: 1941K(2304K)->1941K(2304K)
[232.142s][info][gc             ] GC(437) Pause Young (Allocation Failure) 557M->11M(1979M) 65.033ms
[232.142s][info][gc,cpu         ] GC(437) User=0.06s Sys=0.00s Real=0.06s
[232.509s][info][gc,start       ] GC(438) Pause Young (Allocation Failure)
[232.548s][info][gc,heap        ] GC(438) DefNew: 560490K(629248K)->1114K(629248K) Eden: 559360K(559360K)->0K(559360K) From: 1130K(69888K)->1114K(69888K)
[232.548s][info][gc,heap        ] GC(438) Tenured: 10490K(1398144K)->10561K(1398144K)
[232.548s][info][gc,metaspace   ] GC(438) Metaspace: 14226K(15040K)->14226K(15040K) NonClass: 12284K(12736K)->12284K(12736K) Class: 1941K(2304K)->1941K(2304K)
[232.548s][info][gc             ] GC(438) Pause Young (Allocation Failure) 557M->11M(1979M) 39.579ms
[232.548s][info][gc,cpu         ] GC(438) User=0.05s Sys=0.00s Real=0.04s
[232.671s][info][gc,start       ] GC(439) Pause Full (System.gc())
[232.671s][info][gc,phases,start] GC(439) Phase 1: Mark live objects
[232.700s][info][gc,phases      ] GC(439) Phase 1: Mark live objects 28.546ms
[232.700s][info][gc,phases,start] GC(439) Phase 2: Compute new object addresses
[232.717s][info][gc,phases      ] GC(439) Phase 2: Compute new object addresses 17.210ms
[232.717s][info][gc,phases,start] GC(439) Phase 3: Adjust pointers
[232.739s][info][gc,phases      ] GC(439) Phase 3: Adjust pointers 22.048ms
[232.739s][info][gc,phases,start] GC(439) Phase 4: Move objects
[232.739s][info][gc,phases      ] GC(439) Phase 4: Move objects 0.012ms
[232.739s][info][gc,heap        ] GC(439) DefNew: 68389K(629248K)->0K(629248K) Eden: 67274K(559360K)->0K(559360K) From: 1114K(69888K)->0K(69888K)
[232.739s][info][gc,heap        ] GC(439) Tenured: 10561K(1398144K)->10561K(1398144K)
[232.739s][info][gc,metaspace   ] GC(439) Metaspace: 14228K(15040K)->14228K(15040K) NonClass: 12286K(12736K)->12286K(12736K) Class: 1941K(2304K)->1941K(2304K)
[232.739s][info][gc             ] GC(439) Pause Full (System.gc()) 77M->10M(1979M) 68.139ms
[232.739s][info][gc,cpu         ] GC(439) User=0.06s Sys=0.00s Real=0.06s
[233.153s][info][gc,start       ] GC(440) Pause Young (Allocation Failure)
[233.193s][info][gc,heap        ] GC(440) DefNew: 559360K(629248K)->1525K(629248K) Eden: 559360K(559360K)->0K(559360K) From: 0K(69888K)->1525K(69888K)
[233.193s][info][gc,heap        ] GC(440) Tenured: 10561K(1398144K)->10561K(1398144K)
[233.193s][info][gc,metaspace   ] GC(440) Metaspace: 14235K(15104K)->14235K(15104K) NonClass: 12293K(12800K)->12293K(12800K) Class: 1941K(2304K)->1941K(2304K)
[233.193s][info][gc             ] GC(440) Pause Young (Allocation Failure) 556M->11M(1979M) 39.840ms
[233.193s][info][gc,cpu         ] GC(440) User=0.05s Sys=0.00s Real=0.04s
[233.678s][info][gc,start       ] GC(441) Pause Young (Allocation Failure)
[233.735s][info][gc,heap        ] GC(441) DefNew: 560885K(629248K)->1597K(629248K) Eden: 559360K(559360K)->0K(559360K) From: 1525K(69888K)->1597K(69888K)
[233.735s][info][gc,heap        ] GC(441) Tenured: 10561K(1398144K)->10561K(1398144K)
[233.735s][info][gc,metaspace   ] GC(441) Metaspace: 14235K(15104K)->14235K(15104K) NonClass: 12293K(12800K)->12293K(12800K) Class: 1941K(2304K)->1941K(2304K)
[233.735s][info][gc             ] GC(441) Pause Young (Allocation Failure) 558M->11M(1979M) 56.951ms
[233.735s][info][gc,cpu         ] GC(441) User=0.05s Sys=0.00s Real=0.05s
[234.233s][info][gc,start       ] GC(442) Pause Young (Allocation Failure)
[234.293s][info][gc,heap        ] GC(442) DefNew: 560957K(629248K)->1673K(629248K) Eden: 559360K(559360K)->0K(559360K) From: 1597K(69888K)->1673K(69888K)
[234.293s][info][gc,heap        ] GC(442) Tenured: 10561K(1398144K)->10561K(1398144K)
[234.293s][info][gc,metaspace   ] GC(442) Metaspace: 14235K(15104K)->14235K(15104K) NonClass: 12293K(12800K)->12293K(12800K) Class: 1941K(2304K)->1941K(2304K)
[234.293s][info][gc             ] GC(442) Pause Young (Allocation Failure) 558M->11M(1979M) 59.454ms
[234.293s][info][gc,cpu         ] GC(442) User=0.05s Sys=0.00s Real=0.05s
[234.858s][info][gc,start       ] GC(443) Pause Young (Allocation Failure)
[234.919s][info][gc,heap        ] GC(443) DefNew: 561033K(629248K)->1752K(629248K) Eden: 559360K(559360K)->0K(559360K) From: 1673K(69888K)->1752K(69888K)
[234.919s][info][gc,heap        ] GC(443) Tenured: 10561K(1398144K)->10561K(1398144K)
[234.919s][info][gc,metaspace   ] GC(443) Metaspace: 14235K(15104K)->14235K(15104K) NonClass: 12293K(12800K)->12293K(12800K) Class: 1941K(2304K)->1941K(2304K)
[234.919s][info][gc             ] GC(443) Pause Young (Allocation Failure) 558M->12M(1979M) 60.767ms
[234.919s][info][gc,cpu         ] GC(443) User=0.05s Sys=0.00s Real=0.05s
[235.420s][info][gc,start       ] GC(444) Pause Young (Allocation Failure)
[235.461s][info][gc,heap        ] GC(444) DefNew: 561112K(629248K)->1828K(629248K) Eden: 559360K(559360K)->0K(559360K) From: 1752K(69888K)->1828K(69888K)
[235.461s][info][gc,heap        ] GC(444) Tenured: 10561K(1398144K)->10561K(1398144K)
[235.461s][info][gc,metaspace   ] GC(444) Metaspace: 14235K(15104K)->14235K(15104K) NonClass: 12293K(12800K)->12293K(12800K) Class: 1941K(2304K)->1941K(2304K)
[235.461s][info][gc             ] GC(444) Pause Young (Allocation Failure) 558M->12M(1979M) 40.645ms
[235.461s][info][gc,cpu         ] GC(444) User=0.02s Sys=0.02s Real=0.03s
[235.958s][info][gc,start       ] GC(445) Pause Young (Allocation Failure)
[235.998s][info][gc,heap        ] GC(445) DefNew: 561188K(629248K)->1906K(629248K) Eden: 559360K(559360K)->0K(559360K) From: 1828K(69888K)->1906K(69888K)
[235.998s][info][gc,heap        ] GC(445) Tenured: 10561K(1398144K)->10561K(1398144K)
[235.998s][info][gc,metaspace   ] GC(445) Metaspace: 14235K(15104K)->14235K(15104K) NonClass: 12293K(12800K)->12293K(12800K) Class: 1941K(2304K)->1941K(2304K)
[235.998s][info][gc             ] GC(445) Pause Young (Allocation Failure) 558M->12M(1979M) 40.495ms
[235.998s][info][gc,cpu         ] GC(445) User=0.03s Sys=0.00s Real=0.03s
[236.492s][info][gc,start       ] GC(446) Pause Young (Allocation Failure)
[236.535s][info][gc,heap        ] GC(446) DefNew: 561266K(629248K)->1980K(629248K) Eden: 559360K(559360K)->0K(559360K) From: 1906K(69888K)->1980K(69888K)
[236.535s][info][gc,heap        ] GC(446) Tenured: 10561K(1398144K)->10561K(1398144K)
[236.536s][info][gc,metaspace   ] GC(446) Metaspace: 14235K(15104K)->14235K(15104K) NonClass: 12293K(12800K)->12293K(12800K) Class: 1941K(2304K)->1941K(2304K)
[236.536s][info][gc             ] GC(446) Pause Young (Allocation Failure) 558M->12M(1979M) 43.420ms
[236.536s][info][gc,cpu         ] GC(446) User=0.05s Sys=0.00s Real=0.04s
[237.012s][info][gc,start       ] GC(447) Pause Young (Allocation Failure)
[237.067s][info][gc,heap        ] GC(447) DefNew: 561340K(629248K)->2052K(629248K) Eden: 559360K(559360K)->0K(559360K) From: 1980K(69888K)->2052K(69888K)
[237.067s][info][gc,heap        ] GC(447) Tenured: 10561K(1398144K)->10561K(1398144K)
[237.067s][info][gc,metaspace   ] GC(447) Metaspace: 14235K(15104K)->14235K(15104K) NonClass: 12293K(12800K)->12293K(12800K) Class: 1941K(2304K)->1941K(2304K)
[237.068s][info][gc             ] GC(447) Pause Young (Allocation Failure) 558M->12M(1979M) 55.993ms
[237.068s][info][gc,cpu         ] GC(447) User=0.06s Sys=0.00s Real=0.05s
[237.545s][info][gc,start       ] GC(448) Pause Young (Allocation Failure)
[237.601s][info][gc,heap        ] GC(448) DefNew: 561412K(629248K)->2129K(629248K) Eden: 559360K(559360K)->0K(559360K) From: 2052K(69888K)->2129K(69888K)
[237.601s][info][gc,heap        ] GC(448) Tenured: 10561K(1398144K)->10561K(1398144K)
[237.601s][info][gc,metaspace   ] GC(448) Metaspace: 14235K(15104K)->14235K(15104K) NonClass: 12293K(12800K)->12293K(12800K) Class: 1941K(2304K)->1941K(2304K)
[237.601s][info][gc             ] GC(448) Pause Young (Allocation Failure) 558M->12M(1979M) 56.309ms
[237.601s][info][gc,cpu         ] GC(448) User=0.03s Sys=0.00s Real=0.04s
[238.073s][info][gc,start       ] GC(449) Pause Young (Allocation Failure)
[238.125s][info][gc,heap        ] GC(449) DefNew: 561489K(629248K)->2199K(629248K) Eden: 559360K(559360K)->0K(559360K) From: 2129K(69888K)->2199K(69888K)
[238.125s][info][gc,heap        ] GC(449) Tenured: 10561K(1398144K)->10561K(1398144K)
[238.125s][info][gc,metaspace   ] GC(449) Metaspace: 14235K(15104K)->14235K(15104K) NonClass: 12293K(12800K)->12293K(12800K) Class: 1941K(2304K)->1941K(2304K)
[238.125s][info][gc             ] GC(449) Pause Young (Allocation Failure) 558M->12M(1979M) 51.523ms
[238.125s][info][gc,cpu         ] GC(449) User=0.06s Sys=0.00s Real=0.05s
[238.612s][info][gc,start       ] GC(450) Pause Young (Allocation Failure)
[238.672s][info][gc,heap        ] GC(450) DefNew: 561559K(629248K)->2273K(629248K) Eden: 559360K(559360K)->0K(559360K) From: 2199K(69888K)->2273K(69888K)
[238.672s][info][gc,heap        ] GC(450) Tenured: 10561K(1398144K)->10561K(1398144K)
[238.672s][info][gc,metaspace   ] GC(450) Metaspace: 14235K(15104K)->14235K(15104K) NonClass: 12293K(12800K)->12293K(12800K) Class: 1941K(2304K)->1941K(2304K)
[238.672s][info][gc             ] GC(450) Pause Young (Allocation Failure) 558M->12M(1979M) 60.038ms
[238.672s][info][gc,cpu         ] GC(450) User=0.06s Sys=0.00s Real=0.06s
[239.149s][info][gc,start       ] GC(451) Pause Young (Allocation Failure)
[239.203s][info][gc,heap        ] GC(451) DefNew: 561633K(629248K)->2344K(629248K) Eden: 559360K(559360K)->0K(559360K) From: 2273K(69888K)->2344K(69888K)
[239.203s][info][gc,heap        ] GC(451) Tenured: 10561K(1398144K)->10561K(1398144K)
[239.203s][info][gc,metaspace   ] GC(451) Metaspace: 14235K(15104K)->14235K(15104K) NonClass: 12293K(12800K)->12293K(12800K) Class: 1941K(2304K)->1941K(2304K)
[239.203s][info][gc             ] GC(451) Pause Young (Allocation Failure) 558M->12M(1979M) 54.273ms
[239.203s][info][gc,cpu         ] GC(451) User=0.06s Sys=0.00s Real=0.05s
[239.686s][info][gc,start       ] GC(452) Pause Young (Allocation Failure)
[239.738s][info][gc,heap        ] GC(452) DefNew: 561704K(629248K)->2420K(629248K) Eden: 559360K(559360K)->0K(559360K) From: 2344K(69888K)->2420K(69888K)
[239.748s][info][gc,heap        ] GC(452) Tenured: 10561K(1398144K)->10561K(1398144K)
[239.748s][info][gc,metaspace   ] GC(452) Metaspace: 14235K(15104K)->14235K(15104K) NonClass: 12293K(12800K)->12293K(12800K) Class: 1941K(2304K)->1941K(2304K)
[239.749s][info][gc             ] GC(452) Pause Young (Allocation Failure) 558M->12M(1979M) 62.595ms
[239.749s][info][gc,cpu         ] GC(452) User=0.05s Sys=0.00s Real=0.05s
[240.260s][info][gc,start       ] GC(453) Pause Young (Allocation Failure)
[240.314s][info][gc,heap        ] GC(453) DefNew: 561780K(629248K)->2499K(629248K) Eden: 559360K(559360K)->0K(559360K) From: 2420K(69888K)->2499K(69888K)
[240.314s][info][gc,heap        ] GC(453) Tenured: 10561K(1398144K)->10561K(1398144K)
[240.314s][info][gc,metaspace   ] GC(453) Metaspace: 14235K(15104K)->14235K(15104K) NonClass: 12293K(12800K)->12293K(12800K) Class: 1941K(2304K)->1941K(2304K)
[240.314s][info][gc             ] GC(453) Pause Young (Allocation Failure) 558M->12M(1979M) 54.333ms
[240.314s][info][gc,cpu         ] GC(453) User=0.05s Sys=0.00s Real=0.05s
[240.818s][info][gc,start       ] GC(454) Pause Young (Allocation Failure)
[240.875s][info][gc,heap        ] GC(454) DefNew: 561859K(629248K)->2577K(629248K) Eden: 559360K(559360K)->0K(559360K) From: 2499K(69888K)->2577K(69888K)
[240.875s][info][gc,heap        ] GC(454) Tenured: 10561K(1398144K)->10561K(1398144K)
[240.875s][info][gc,metaspace   ] GC(454) Metaspace: 14235K(15104K)->14235K(15104K) NonClass: 12293K(12800K)->12293K(12800K) Class: 1941K(2304K)->1941K(2304K)
[240.875s][info][gc             ] GC(454) Pause Young (Allocation Failure) 559M->12M(1979M) 57.828ms
[240.875s][info][gc,cpu         ] GC(454) User=0.05s Sys=0.00s Real=0.05s
[241.373s][info][gc,start       ] GC(455) Pause Young (Allocation Failure)
[241.430s][info][gc,heap        ] GC(455) DefNew: 561937K(629248K)->1137K(629248K) Eden: 559360K(559360K)->0K(559360K) From: 2577K(69888K)->1137K(69888K)
[241.430s][info][gc,heap        ] GC(455) Tenured: 10561K(1398144K)->12077K(1398144K)
[241.430s][info][gc,metaspace   ] GC(455) Metaspace: 14235K(15104K)->14235K(15104K) NonClass: 12293K(12800K)->12293K(12800K) Class: 1941K(2304K)->1941K(2304K)
[241.430s][info][gc             ] GC(455) Pause Young (Allocation Failure) 559M->12M(1979M) 57.043ms
[241.430s][info][gc,cpu         ] GC(455) User=0.05s Sys=0.00s Real=0.06s
[241.948s][info][gc,start       ] GC(456) Pause Young (Allocation Failure)
[242.008s][info][gc,heap        ] GC(456) DefNew: 560497K(629248K)->1146K(629248K) Eden: 559360K(559360K)->0K(559360K) From: 1137K(69888K)->1146K(69888K)
[242.008s][info][gc,heap        ] GC(456) Tenured: 12077K(1398144K)->12148K(1398144K)
[242.008s][info][gc,metaspace   ] GC(456) Metaspace: 14235K(15104K)->14235K(15104K) NonClass: 12293K(12800K)->12293K(12800K) Class: 1941K(2304K)->1941K(2304K)
[242.008s][info][gc             ] GC(456) Pause Young (Allocation Failure) 559M->12M(1979M) 59.836ms
[242.008s][info][gc,cpu         ] GC(456) User=0.06s Sys=0.00s Real=0.05s
[242.524s][info][gc,start       ] GC(457) Pause Young (Allocation Failure)
[242.580s][info][gc,heap        ] GC(457) DefNew: 560506K(629248K)->1147K(629248K) Eden: 559360K(559360K)->0K(559360K) From: 1146K(69888K)->1147K(69888K)
[242.580s][info][gc,heap        ] GC(457) Tenured: 12148K(1398144K)->12226K(1398144K)
[242.580s][info][gc,metaspace   ] GC(457) Metaspace: 14235K(15104K)->14235K(15104K) NonClass: 12293K(12800K)->12293K(12800K) Class: 1941K(2304K)->1941K(2304K)
[242.580s][info][gc             ] GC(457) Pause Young (Allocation Failure) 559M->13M(1979M) 55.666ms
[242.580s][info][gc,cpu         ] GC(457) User=0.06s Sys=0.00s Real=0.05s
[243.104s][info][gc,start       ] GC(458) Pause Young (Allocation Failure)
[243.150s][info][gc,heap        ] GC(458) DefNew: 560507K(629248K)->1149K(629248K) Eden: 559360K(559360K)->0K(559360K) From: 1147K(69888K)->1149K(69888K)
[243.150s][info][gc,heap        ] GC(458) Tenured: 12226K(1398144K)->12303K(1398144K)
[243.150s][info][gc,metaspace   ] GC(458) Metaspace: 14235K(15104K)->14235K(15104K) NonClass: 12293K(12800K)->12293K(12800K) Class: 1941K(2304K)->1941K(2304K)
[243.150s][info][gc             ] GC(458) Pause Young (Allocation Failure) 559M->13M(1979M) 46.052ms
[243.150s][info][gc,cpu         ] GC(458) User=0.05s Sys=0.00s Real=0.04s
[243.692s][info][gc,start       ] GC(459) Pause Young (Allocation Failure)
[243.745s][info][gc,heap        ] GC(459) DefNew: 560509K(629248K)->1159K(629248K) Eden: 559360K(559360K)->0K(559360K) From: 1149K(69888K)->1159K(69888K)
[243.745s][info][gc,heap        ] GC(459) Tenured: 12303K(1398144K)->12380K(1398144K)
[243.745s][info][gc,metaspace   ] GC(459) Metaspace: 14235K(15104K)->14235K(15104K) NonClass: 12293K(12800K)->12293K(12800K) Class: 1941K(2304K)->1941K(2304K)
[243.745s][info][gc             ] GC(459) Pause Young (Allocation Failure) 559M->13M(1979M) 53.594ms
[243.745s][info][gc,cpu         ] GC(459) User=0.05s Sys=0.00s Real=0.04s
[244.262s][info][gc,start       ] GC(460) Pause Young (Allocation Failure)
[244.316s][info][gc,heap        ] GC(460) DefNew: 560519K(629248K)->1163K(629248K) Eden: 559360K(559360K)->0K(559360K) From: 1159K(69888K)->1163K(69888K)
[244.316s][info][gc,heap        ] GC(460) Tenured: 12380K(1398144K)->12457K(1398144K)
[244.316s][info][gc,metaspace   ] GC(460) Metaspace: 14235K(15104K)->14235K(15104K) NonClass: 12293K(12800K)->12293K(12800K) Class: 1941K(2304K)->1941K(2304K)
[244.316s][info][gc             ] GC(460) Pause Young (Allocation Failure) 559M->13M(1979M) 53.800ms
[244.316s][info][gc,cpu         ] GC(460) User=0.06s Sys=0.00s Real=0.05s
[244.830s][info][gc,start       ] GC(461) Pause Young (Allocation Failure)
[244.875s][info][gc,heap        ] GC(461) DefNew: 560523K(629248K)->1166K(629248K) Eden: 559360K(559360K)->0K(559360K) From: 1163K(69888K)->1166K(69888K)
[244.875s][info][gc,heap        ] GC(461) Tenured: 12457K(1398144K)->12531K(1398144K)
[244.875s][info][gc,metaspace   ] GC(461) Metaspace: 14235K(15104K)->14235K(15104K) NonClass: 12293K(12800K)->12293K(12800K) Class: 1941K(2304K)->1941K(2304K)
[244.875s][info][gc             ] GC(461) Pause Young (Allocation Failure) 559M->13M(1979M) 45.101ms
[244.875s][info][gc,cpu         ] GC(461) User=0.03s Sys=0.00s Real=0.03s
[245.390s][info][gc,start       ] GC(462) Pause Young (Allocation Failure)
[245.449s][info][gc,heap        ] GC(462) DefNew: 560526K(629248K)->1167K(629248K) Eden: 559360K(559360K)->0K(559360K) From: 1166K(69888K)->1167K(69888K)
[245.449s][info][gc,heap        ] GC(462) Tenured: 12531K(1398144K)->12603K(1398144K)
[245.449s][info][gc,metaspace   ] GC(462) Metaspace: 14235K(15104K)->14235K(15104K) NonClass: 12293K(12800K)->12293K(12800K) Class: 1941K(2304K)->1941K(2304K)
[245.449s][info][gc             ] GC(462) Pause Young (Allocation Failure) 559M->13M(1979M) 59.559ms
[245.449s][info][gc,cpu         ] GC(462) User=0.05s Sys=0.00s Real=0.06s
[245.966s][info][gc,start       ] GC(463) Pause Young (Allocation Failure)
[246.026s][info][gc,heap        ] GC(463) DefNew: 560527K(629248K)->1171K(629248K) Eden: 559360K(559360K)->0K(559360K) From: 1167K(69888K)->1171K(69888K)
[246.026s][info][gc,heap        ] GC(463) Tenured: 12603K(1398144K)->12680K(1398144K)
[246.026s][info][gc,metaspace   ] GC(463) Metaspace: 14235K(15104K)->14235K(15104K) NonClass: 12293K(12800K)->12293K(12800K) Class: 1941K(2304K)->1941K(2304K)
[246.026s][info][gc             ] GC(463) Pause Young (Allocation Failure) 559M->13M(1979M) 59.877ms
[246.026s][info][gc,cpu         ] GC(463) User=0.05s Sys=0.00s Real=0.05s
[246.546s][info][gc,start       ] GC(464) Pause Young (Allocation Failure)
[246.605s][info][gc,heap        ] GC(464) DefNew: 560531K(629248K)->1180K(629248K) Eden: 559360K(559360K)->0K(559360K) From: 1171K(69888K)->1180K(69888K)
[246.605s][info][gc,heap        ] GC(464) Tenured: 12680K(1398144K)->12750K(1398144K)
[246.605s][info][gc,metaspace   ] GC(464) Metaspace: 14235K(15104K)->14235K(15104K) NonClass: 12293K(12800K)->12293K(12800K) Class: 1941K(2304K)->1941K(2304K)
[246.605s][info][gc             ] GC(464) Pause Young (Allocation Failure) 559M->13M(1979M) 58.390ms
[246.605s][info][gc,cpu         ] GC(464) User=0.05s Sys=0.00s Real=0.05s
[247.123s][info][gc,start       ] GC(465) Pause Young (Allocation Failure)
[247.173s][info][gc,heap        ] GC(465) DefNew: 560540K(629248K)->1184K(629248K) Eden: 559360K(559360K)->0K(559360K) From: 1180K(69888K)->1184K(69888K)
[247.173s][info][gc,heap        ] GC(465) Tenured: 12750K(1398144K)->12824K(1398144K)
[247.174s][info][gc,metaspace   ] GC(465) Metaspace: 14235K(15104K)->14235K(15104K) NonClass: 12293K(12800K)->12293K(12800K) Class: 1941K(2304K)->1941K(2304K)
[247.174s][info][gc             ] GC(465) Pause Young (Allocation Failure) 559M->13M(1979M) 50.515ms
[247.174s][info][gc,cpu         ] GC(465) User=0.05s Sys=0.00s Real=0.05s
[247.704s][info][gc,start       ] GC(466) Pause Young (Allocation Failure)
[247.753s][info][gc,heap        ] GC(466) DefNew: 560544K(629248K)->1191K(629248K) Eden: 559360K(559360K)->0K(559360K) From: 1184K(69888K)->1191K(69888K)
[247.753s][info][gc,heap        ] GC(466) Tenured: 12824K(1398144K)->12895K(1398144K)
[247.753s][info][gc,metaspace   ] GC(466) Metaspace: 14235K(15104K)->14235K(15104K) NonClass: 12293K(12800K)->12293K(12800K) Class: 1941K(2304K)->1941K(2304K)
[247.753s][info][gc             ] GC(466) Pause Young (Allocation Failure) 559M->13M(1979M) 48.631ms
[247.753s][info][gc,cpu         ] GC(466) User=0.05s Sys=0.00s Real=0.05s
[248.270s][info][gc,start       ] GC(467) Pause Young (Allocation Failure)
[248.326s][info][gc,heap        ] GC(467) DefNew: 560551K(629248K)->1195K(629248K) Eden: 559360K(559360K)->0K(559360K) From: 1191K(69888K)->1195K(69888K)
[248.327s][info][gc,heap        ] GC(467) Tenured: 12895K(1398144K)->12971K(1398144K)
[248.327s][info][gc,metaspace   ] GC(467) Metaspace: 14235K(15104K)->14235K(15104K) NonClass: 12293K(12800K)->12293K(12800K) Class: 1941K(2304K)->1941K(2304K)
[248.327s][info][gc             ] GC(467) Pause Young (Allocation Failure) 560M->13M(1979M) 56.474ms
[248.327s][info][gc,cpu         ] GC(467) User=0.06s Sys=0.00s Real=0.06s
[248.845s][info][gc,start       ] GC(468) Pause Young (Allocation Failure)
[248.905s][info][gc,heap        ] GC(468) DefNew: 560555K(629248K)->1195K(629248K) Eden: 559360K(559360K)->0K(559360K) From: 1195K(69888K)->1195K(69888K)
[248.905s][info][gc,heap        ] GC(468) Tenured: 12971K(1398144K)->13050K(1398144K)
[248.905s][info][gc,metaspace   ] GC(468) Metaspace: 14235K(15104K)->14235K(15104K) NonClass: 12293K(12800K)->12293K(12800K) Class: 1941K(2304K)->1941K(2304K)
[248.905s][info][gc             ] GC(468) Pause Young (Allocation Failure) 560M->13M(1979M) 59.145ms
[248.905s][info][gc,cpu         ] GC(468) User=0.05s Sys=0.00s Real=0.05s
[249.391s][info][gc,start       ] GC(469) Pause Young (Allocation Failure)
[249.455s][info][gc,heap        ] GC(469) DefNew: 560555K(629248K)->1194K(629248K) Eden: 559360K(559360K)->0K(559360K) From: 1195K(69888K)->1194K(69888K)
[249.455s][info][gc,heap        ] GC(469) Tenured: 13050K(1398144K)->13127K(1398144K)
[249.455s][info][gc,metaspace   ] GC(469) Metaspace: 14235K(15104K)->14235K(15104K) NonClass: 12293K(12800K)->12293K(12800K) Class: 1941K(2304K)->1941K(2304K)
[249.455s][info][gc             ] GC(469) Pause Young (Allocation Failure) 560M->13M(1979M) 63.951ms
[249.455s][info][gc,cpu         ] GC(469) User=0.06s Sys=0.00s Real=0.06s
[249.932s][info][gc,start       ] GC(470) Pause Full (System.gc())
[249.932s][info][gc,phases,start] GC(470) Phase 1: Mark live objects
[249.985s][info][gc,phases      ] GC(470) Phase 1: Mark live objects 52.284ms
[249.985s][info][gc,phases,start] GC(470) Phase 2: Compute new object addresses
[250.108s][info][gc,phases      ] GC(470) Phase 2: Compute new object addresses 123.204ms
[250.108s][info][gc,phases,start] GC(470) Phase 3: Adjust pointers
[250.129s][info][gc,phases      ] GC(470) Phase 3: Adjust pointers 21.269ms
[250.129s][info][gc,phases,start] GC(470) Phase 4: Move objects
[250.129s][info][gc,phases      ] GC(470) Phase 4: Move objects 0.013ms
[250.129s][info][gc,heap        ] GC(470) DefNew: 517033K(629248K)->0K(629248K) Eden: 515839K(559360K)->0K(559360K) From: 1194K(69888K)->0K(69888K)
[250.129s][info][gc,heap        ] GC(470) Tenured: 13127K(1398144K)->13127K(1398144K)
[250.129s][info][gc,metaspace   ] GC(470) Metaspace: 14235K(15104K)->14235K(15104K) NonClass: 12293K(12800K)->12293K(12800K) Class: 1941K(2304K)->1941K(2304K)
[250.129s][info][gc             ] GC(470) Pause Full (System.gc()) 517M->12M(1979M) 197.172ms
[250.129s][info][gc,cpu         ] GC(470) User=0.19s Sys=0.00s Real=0.19s
[250.559s][info][gc,start       ] GC(471) Pause Young (Allocation Failure)
[250.610s][info][gc,heap        ] GC(471) DefNew: 559360K(629248K)->1528K(629248K) Eden: 559360K(559360K)->0K(559360K) From: 0K(69888K)->1528K(69888K)
[250.610s][info][gc,heap        ] GC(471) Tenured: 13127K(1398144K)->13127K(1398144K)
[250.610s][info][gc,metaspace   ] GC(471) Metaspace: 14238K(15104K)->14238K(15104K) NonClass: 12296K(12800K)->12296K(12800K) Class: 1941K(2304K)->1941K(2304K)
[250.610s][info][gc             ] GC(471) Pause Young (Allocation Failure) 559M->14M(1979M) 50.748ms
[250.610s][info][gc,cpu         ] GC(471) User=0.05s Sys=0.00s Real=0.04s
[251.102s][info][gc,start       ] GC(472) Pause Young (Allocation Failure)
[251.158s][info][gc,heap        ] GC(472) DefNew: 560888K(629248K)->1605K(629248K) Eden: 559360K(559360K)->0K(559360K) From: 1528K(69888K)->1605K(69888K)
[251.158s][info][gc,heap        ] GC(472) Tenured: 13127K(1398144K)->13127K(1398144K)
[251.158s][info][gc,metaspace   ] GC(472) Metaspace: 14238K(15104K)->14238K(15104K) NonClass: 12296K(12800K)->12296K(12800K) Class: 1941K(2304K)->1941K(2304K)
[251.158s][info][gc             ] GC(472) Pause Young (Allocation Failure) 560M->14M(1979M) 55.620ms
[251.158s][info][gc,cpu         ] GC(472) User=0.06s Sys=0.00s Real=0.06s
[251.641s][info][gc,start       ] GC(473) Pause Young (Allocation Failure)
[251.695s][info][gc,heap        ] GC(473) DefNew: 560965K(629248K)->1677K(629248K) Eden: 559360K(559360K)->0K(559360K) From: 1605K(69888K)->1677K(69888K)
[251.695s][info][gc,heap        ] GC(473) Tenured: 13127K(1398144K)->13127K(1398144K)
[251.695s][info][gc,metaspace   ] GC(473) Metaspace: 14238K(15104K)->14238K(15104K) NonClass: 12296K(12800K)->12296K(12800K) Class: 1941K(2304K)->1941K(2304K)
[251.695s][info][gc             ] GC(473) Pause Young (Allocation Failure) 560M->14M(1979M) 53.930ms
[251.695s][info][gc,cpu         ] GC(473) User=0.05s Sys=0.00s Real=0.05s
[252.193s][info][gc,start       ] GC(474) Pause Young (Allocation Failure)
[252.240s][info][gc,heap        ] GC(474) DefNew: 561037K(629248K)->1752K(629248K) Eden: 559360K(559360K)->0K(559360K) From: 1677K(69888K)->1752K(69888K)
[252.240s][info][gc,heap        ] GC(474) Tenured: 13127K(1398144K)->13127K(1398144K)
[252.240s][info][gc,metaspace   ] GC(474) Metaspace: 14238K(15104K)->14238K(15104K) NonClass: 12296K(12800K)->12296K(12800K) Class: 1941K(2304K)->1941K(2304K)
[252.240s][info][gc             ] GC(474) Pause Young (Allocation Failure) 560M->14M(1979M) 47.212ms
[252.240s][info][gc,cpu         ] GC(474) User=0.05s Sys=0.00s Real=0.05s
[252.760s][info][gc,start       ] GC(475) Pause Young (Allocation Failure)
[252.820s][info][gc,heap        ] GC(475) DefNew: 561112K(629248K)->1836K(629248K) Eden: 559360K(559360K)->0K(559360K) From: 1752K(69888K)->1836K(69888K)
[252.820s][info][gc,heap        ] GC(475) Tenured: 13127K(1398144K)->13127K(1398144K)
[252.820s][info][gc,metaspace   ] GC(475) Metaspace: 14238K(15104K)->14238K(15104K) NonClass: 12296K(12800K)->12296K(12800K) Class: 1941K(2304K)->1941K(2304K)
[252.820s][info][gc             ] GC(475) Pause Young (Allocation Failure) 560M->14M(1979M) 59.555ms
[252.820s][info][gc,cpu         ] GC(475) User=0.06s Sys=0.00s Real=0.06s
[253.287s][info][gc,start       ] GC(476) Pause Young (Allocation Failure)
[253.342s][info][gc,heap        ] GC(476) DefNew: 561196K(629248K)->1908K(629248K) Eden: 559360K(559360K)->0K(559360K) From: 1836K(69888K)->1908K(69888K)
[253.342s][info][gc,heap        ] GC(476) Tenured: 13127K(1398144K)->13127K(1398144K)
[253.342s][info][gc,metaspace   ] GC(476) Metaspace: 14238K(15104K)->14238K(15104K) NonClass: 12296K(12800K)->12296K(12800K) Class: 1941K(2304K)->1941K(2304K)
[253.342s][info][gc             ] GC(476) Pause Young (Allocation Failure) 560M->14M(1979M) 55.101ms
[253.342s][info][gc,cpu         ] GC(476) User=0.05s Sys=0.00s Real=0.04s
[253.850s][info][gc,start       ] GC(477) Pause Young (Allocation Failure)
[253.907s][info][gc,heap        ] GC(477) DefNew: 561268K(629248K)->1984K(629248K) Eden: 559360K(559360K)->0K(559360K) From: 1908K(69888K)->1984K(69888K)
[253.907s][info][gc,heap        ] GC(477) Tenured: 13127K(1398144K)->13127K(1398144K)
[253.907s][info][gc,metaspace   ] GC(477) Metaspace: 14238K(15104K)->14238K(15104K) NonClass: 12296K(12800K)->12296K(12800K) Class: 1941K(2304K)->1941K(2304K)
[253.907s][info][gc             ] GC(477) Pause Young (Allocation Failure) 560M->14M(1979M) 56.566ms
[253.907s][info][gc,cpu         ] GC(477) User=0.06s Sys=0.00s Real=0.06s
[254.438s][info][gc,start       ] GC(478) Pause Young (Allocation Failure)
[254.489s][info][gc,heap        ] GC(478) DefNew: 561344K(629248K)->2067K(629248K) Eden: 559360K(559360K)->0K(559360K) From: 1984K(69888K)->2067K(69888K)
[254.489s][info][gc,heap        ] GC(478) Tenured: 13127K(1398144K)->13127K(1398144K)
[254.489s][info][gc,metaspace   ] GC(478) Metaspace: 14238K(15104K)->14238K(15104K) NonClass: 12296K(12800K)->12296K(12800K) Class: 1941K(2304K)->1941K(2304K)
[254.489s][info][gc             ] GC(478) Pause Young (Allocation Failure) 561M->14M(1979M) 51.489ms
[254.489s][info][gc,cpu         ] GC(478) User=0.05s Sys=0.00s Real=0.05s
[254.976s][info][gc,start       ] GC(479) Pause Young (Allocation Failure)
[255.029s][info][gc,heap        ] GC(479) DefNew: 561427K(629248K)->2146K(629248K) Eden: 559360K(559360K)->0K(559360K) From: 2067K(69888K)->2146K(69888K)
[255.029s][info][gc,heap        ] GC(479) Tenured: 13127K(1398144K)->13127K(1398144K)
[255.029s][info][gc,metaspace   ] GC(479) Metaspace: 14238K(15104K)->14238K(15104K) NonClass: 12296K(12800K)->12296K(12800K) Class: 1941K(2304K)->1941K(2304K)
[255.030s][info][gc             ] GC(479) Pause Young (Allocation Failure) 561M->14M(1979M) 53.926ms
[255.030s][info][gc,cpu         ] GC(479) User=0.05s Sys=0.00s Real=0.04s
[255.513s][info][gc,start       ] GC(480) Pause Young (Allocation Failure)
[255.569s][info][gc,heap        ] GC(480) DefNew: 561506K(629248K)->2219K(629248K) Eden: 559360K(559360K)->0K(559360K) From: 2146K(69888K)->2219K(69888K)
[255.569s][info][gc,heap        ] GC(480) Tenured: 13127K(1398144K)->13127K(1398144K)
[255.569s][info][gc,metaspace   ] GC(480) Metaspace: 14238K(15104K)->14238K(15104K) NonClass: 12296K(12800K)->12296K(12800K) Class: 1941K(2304K)->1941K(2304K)
[255.569s][info][gc             ] GC(480) Pause Young (Allocation Failure) 561M->14M(1979M) 55.432ms
[255.569s][info][gc,cpu         ] GC(480) User=0.05s Sys=0.00s Real=0.05s
[256.061s][info][gc,start       ] GC(481) Pause Young (Allocation Failure)
[256.105s][info][gc,heap        ] GC(481) DefNew: 561579K(629248K)->2298K(629248K) Eden: 559360K(559360K)->0K(559360K) From: 2219K(69888K)->2298K(69888K)
[256.105s][info][gc,heap        ] GC(481) Tenured: 13127K(1398144K)->13127K(1398144K)
[256.105s][info][gc,metaspace   ] GC(481) Metaspace: 14238K(15104K)->14238K(15104K) NonClass: 12296K(12800K)->12296K(12800K) Class: 1941K(2304K)->1941K(2304K)
[256.105s][info][gc             ] GC(481) Pause Young (Allocation Failure) 561M->15M(1979M) 44.354ms
[256.105s][info][gc,cpu         ] GC(481) User=0.03s Sys=0.00s Real=0.04s
[256.596s][info][gc,start       ] GC(482) Pause Young (Allocation Failure)
[256.654s][info][gc,heap        ] GC(482) DefNew: 561658K(629248K)->2374K(629248K) Eden: 559360K(559360K)->0K(559360K) From: 2298K(69888K)->2374K(69888K)
[256.655s][info][gc,heap        ] GC(482) Tenured: 13127K(1398144K)->13127K(1398144K)
[256.655s][info][gc,metaspace   ] GC(482) Metaspace: 14238K(15104K)->14238K(15104K) NonClass: 12296K(12800K)->12296K(12800K) Class: 1941K(2304K)->1941K(2304K)
[256.655s][info][gc             ] GC(482) Pause Young (Allocation Failure) 561M->15M(1979M) 59.040ms
[256.655s][info][gc,cpu         ] GC(482) User=0.05s Sys=0.00s Real=0.05s
[257.130s][info][gc,start       ] GC(483) Pause Young (Allocation Failure)
[257.186s][info][gc,heap        ] GC(483) DefNew: 561734K(629248K)->2448K(629248K) Eden: 559360K(559360K)->0K(559360K) From: 2374K(69888K)->2448K(69888K)
[257.186s][info][gc,heap        ] GC(483) Tenured: 13127K(1398144K)->13127K(1398144K)
[257.186s][info][gc,metaspace   ] GC(483) Metaspace: 14238K(15104K)->14238K(15104K) NonClass: 12296K(12800K)->12296K(12800K) Class: 1941K(2304K)->1941K(2304K)
[257.186s][info][gc             ] GC(483) Pause Young (Allocation Failure) 561M->15M(1979M) 55.517ms
[257.186s][info][gc,cpu         ] GC(483) User=0.05s Sys=0.00s Real=0.05s
[257.678s][info][gc,start       ] GC(484) Pause Young (Allocation Failure)
[257.723s][info][gc,heap        ] GC(484) DefNew: 561808K(629248K)->2524K(629248K) Eden: 559360K(559360K)->0K(559360K) From: 2448K(69888K)->2524K(69888K)
[257.723s][info][gc,heap        ] GC(484) Tenured: 13127K(1398144K)->13127K(1398144K)
[257.723s][info][gc,metaspace   ] GC(484) Metaspace: 14238K(15104K)->14238K(15104K) NonClass: 12296K(12800K)->12296K(12800K) Class: 1941K(2304K)->1941K(2304K)
[257.723s][info][gc             ] GC(484) Pause Young (Allocation Failure) 561M->15M(1979M) 45.514ms
[257.723s][info][gc,cpu         ] GC(484) User=0.05s Sys=0.00s Real=0.04s
[258.205s][info][gc,start       ] GC(485) Pause Young (Allocation Failure)
[258.258s][info][gc,heap        ] GC(485) DefNew: 561884K(629248K)->2599K(629248K) Eden: 559360K(559360K)->0K(559360K) From: 2524K(69888K)->2599K(69888K)
[258.258s][info][gc,heap        ] GC(485) Tenured: 13127K(1398144K)->13127K(1398144K)
[258.258s][info][gc,metaspace   ] GC(485) Metaspace: 14238K(15104K)->14238K(15104K) NonClass: 12296K(12800K)->12296K(12800K) Class: 1941K(2304K)->1941K(2304K)
[258.258s][info][gc             ] GC(485) Pause Young (Allocation Failure) 561M->15M(1979M) 53.355ms
[258.258s][info][gc,cpu         ] GC(485) User=0.05s Sys=0.00s Real=0.05s
[258.762s][info][gc,start       ] GC(486) Pause Young (Allocation Failure)
[258.816s][info][gc,heap        ] GC(486) DefNew: 561959K(629248K)->1159K(629248K) Eden: 559360K(559360K)->0K(559360K) From: 2599K(69888K)->1159K(69888K)
[258.816s][info][gc,heap        ] GC(486) Tenured: 13127K(1398144K)->14647K(1398144K)
[258.816s][info][gc,metaspace   ] GC(486) Metaspace: 14238K(15104K)->14238K(15104K) NonClass: 12296K(12800K)->12296K(12800K) Class: 1941K(2304K)->1941K(2304K)
[258.816s][info][gc             ] GC(486) Pause Young (Allocation Failure) 561M->15M(1979M) 53.968ms
[258.816s][info][gc,cpu         ] GC(486) User=0.05s Sys=0.00s Real=0.05s
[259.336s][info][gc,start       ] GC(487) Pause Young (Allocation Failure)
[259.393s][info][gc,heap        ] GC(487) DefNew: 560519K(629248K)->1157K(629248K) Eden: 559360K(559360K)->0K(559360K) From: 1159K(69888K)->1157K(69888K)
[259.393s][info][gc,heap        ] GC(487) Tenured: 14647K(1398144K)->14724K(1398144K)
[259.393s][info][gc,metaspace   ] GC(487) Metaspace: 14238K(15104K)->14238K(15104K) NonClass: 12296K(12800K)->12296K(12800K) Class: 1941K(2304K)->1941K(2304K)
[259.393s][info][gc             ] GC(487) Pause Young (Allocation Failure) 561M->15M(1979M) 57.298ms
[259.393s][info][gc,cpu         ] GC(487) User=0.06s Sys=0.00s Real=0.05s
[259.908s][info][gc,start       ] GC(488) Pause Young (Allocation Failure)
[259.966s][info][gc,heap        ] GC(488) DefNew: 560517K(629248K)->1164K(629248K) Eden: 559360K(559360K)->0K(559360K) From: 1157K(69888K)->1164K(69888K)
[259.966s][info][gc,heap        ] GC(488) Tenured: 14724K(1398144K)->14795K(1398144K)
[259.966s][info][gc,metaspace   ] GC(488) Metaspace: 14238K(15104K)->14238K(15104K) NonClass: 12296K(12800K)->12296K(12800K) Class: 1941K(2304K)->1941K(2304K)
[259.966s][info][gc             ] GC(488) Pause Young (Allocation Failure) 561M->15M(1979M) 58.062ms
[259.966s][info][gc,cpu         ] GC(488) User=0.05s Sys=0.00s Real=0.05s
[260.489s][info][gc,start       ] GC(489) Pause Young (Allocation Failure)
[260.535s][info][gc,heap        ] GC(489) DefNew: 560524K(629248K)->1166K(629248K) Eden: 559360K(559360K)->0K(559360K) From: 1164K(69888K)->1166K(69888K)
[260.535s][info][gc,heap        ] GC(489) Tenured: 14795K(1398144K)->14872K(1398144K)
[260.535s][info][gc,metaspace   ] GC(489) Metaspace: 14238K(15104K)->14238K(15104K) NonClass: 12296K(12800K)->12296K(12800K) Class: 1941K(2304K)->1941K(2304K)
[260.535s][info][gc             ] GC(489) Pause Young (Allocation Failure) 561M->15M(1979M) 45.965ms
[260.535s][info][gc,cpu         ] GC(489) User=0.05s Sys=0.00s Real=0.05s
[261.055s][info][gc,start       ] GC(490) Pause Young (Allocation Failure)
[261.116s][info][gc,heap        ] GC(490) DefNew: 560526K(629248K)->1165K(629248K) Eden: 559360K(559360K)->0K(559360K) From: 1166K(69888K)->1165K(69888K)
[261.116s][info][gc,heap        ] GC(490) Tenured: 14872K(1398144K)->14955K(1398144K)
[261.116s][info][gc,metaspace   ] GC(490) Metaspace: 14238K(15104K)->14238K(15104K) NonClass: 12296K(12800K)->12296K(12800K) Class: 1941K(2304K)->1941K(2304K)
[261.116s][info][gc             ] GC(490) Pause Young (Allocation Failure) 561M->15M(1979M) 60.802ms
[261.116s][info][gc,cpu         ] GC(490) User=0.06s Sys=0.00s Real=0.05s
[261.641s][info][gc,start       ] GC(491) Pause Young (Allocation Failure)
[261.699s][info][gc,heap        ] GC(491) DefNew: 560525K(629248K)->1177K(629248K) Eden: 559360K(559360K)->0K(559360K) From: 1165K(69888K)->1177K(69888K)
[261.699s][info][gc,heap        ] GC(491) Tenured: 14955K(1398144K)->15026K(1398144K)
[261.699s][info][gc,metaspace   ] GC(491) Metaspace: 14238K(15104K)->14238K(15104K) NonClass: 12296K(12800K)->12296K(12800K) Class: 1941K(2304K)->1941K(2304K)
[261.699s][info][gc             ] GC(491) Pause Young (Allocation Failure) 561M->15M(1979M) 58.349ms
[261.699s][info][gc,cpu         ] GC(491) User=0.05s Sys=0.00s Real=0.04s
[262.243s][info][gc,start       ] GC(492) Pause Young (Allocation Failure)
[262.297s][info][gc,heap        ] GC(492) DefNew: 560537K(629248K)->1184K(629248K) Eden: 559360K(559360K)->0K(559360K) From: 1177K(69888K)->1184K(69888K)
[262.297s][info][gc,heap        ] GC(492) Tenured: 15026K(1398144K)->15103K(1398144K)
[262.297s][info][gc,metaspace   ] GC(492) Metaspace: 14238K(15104K)->14238K(15104K) NonClass: 12296K(12800K)->12296K(12800K) Class: 1941K(2304K)->1941K(2304K)
[262.297s][info][gc             ] GC(492) Pause Young (Allocation Failure) 562M->15M(1979M) 54.292ms
[262.297s][info][gc,cpu         ] GC(492) User=0.06s Sys=0.00s Real=0.05s
[262.812s][info][gc,start       ] GC(493) Pause Young (Allocation Failure)
[262.869s][info][gc,heap        ] GC(493) DefNew: 560544K(629248K)->1178K(629248K) Eden: 559360K(559360K)->0K(559360K) From: 1184K(69888K)->1178K(69888K)
[262.869s][info][gc,heap        ] GC(493) Tenured: 15103K(1398144K)->15186K(1398144K)
[262.869s][info][gc,metaspace   ] GC(493) Metaspace: 14238K(15104K)->14238K(15104K) NonClass: 12296K(12800K)->12296K(12800K) Class: 1941K(2304K)->1941K(2304K)
[262.869s][info][gc             ] GC(493) Pause Young (Allocation Failure) 562M->15M(1979M) 56.371ms
[262.869s][info][gc,cpu         ] GC(493) User=0.05s Sys=0.00s Real=0.06s
[263.387s][info][gc,start       ] GC(494) Pause Young (Allocation Failure)
[263.444s][info][gc,heap        ] GC(494) DefNew: 560538K(629248K)->1178K(629248K) Eden: 559360K(559360K)->0K(559360K) From: 1178K(69888K)->1178K(69888K)
[263.444s][info][gc,heap        ] GC(494) Tenured: 15186K(1398144K)->15264K(1398144K)
[263.444s][info][gc,metaspace   ] GC(494) Metaspace: 14238K(15104K)->14238K(15104K) NonClass: 12296K(12800K)->12296K(12800K) Class: 1941K(2304K)->1941K(2304K)
[263.444s][info][gc             ] GC(494) Pause Young (Allocation Failure) 562M->16M(1979M) 57.050ms
[263.444s][info][gc,cpu         ] GC(494) User=0.06s Sys=0.00s Real=0.05s
[263.965s][info][gc,start       ] GC(495) Pause Young (Allocation Failure)
[264.023s][info][gc,heap        ] GC(495) DefNew: 560538K(629248K)->1187K(629248K) Eden: 559360K(559360K)->0K(559360K) From: 1178K(69888K)->1187K(69888K)
[264.023s][info][gc,heap        ] GC(495) Tenured: 15264K(1398144K)->15337K(1398144K)
[264.023s][info][gc,metaspace   ] GC(495) Metaspace: 14238K(15104K)->14238K(15104K) NonClass: 12296K(12800K)->12296K(12800K) Class: 1941K(2304K)->1941K(2304K)
[264.023s][info][gc             ] GC(495) Pause Young (Allocation Failure) 562M->16M(1979M) 58.225ms
[264.023s][info][gc,cpu         ] GC(495) User=0.05s Sys=0.00s Real=0.05s
[264.540s][info][gc,start       ] GC(496) Pause Young (Allocation Failure)
[264.588s][info][gc,heap        ] GC(496) DefNew: 560547K(629248K)->1190K(629248K) Eden: 559360K(559360K)->0K(559360K) From: 1187K(69888K)->1190K(69888K)
[264.588s][info][gc,heap        ] GC(496) Tenured: 15337K(1398144K)->15415K(1398144K)
[264.588s][info][gc,metaspace   ] GC(496) Metaspace: 14238K(15104K)->14238K(15104K) NonClass: 12296K(12800K)->12296K(12800K) Class: 1941K(2304K)->1941K(2304K)
[264.588s][info][gc             ] GC(496) Pause Young (Allocation Failure) 562M->16M(1979M) 47.263ms
[264.588s][info][gc,cpu         ] GC(496) User=0.05s Sys=0.00s Real=0.05s
[265.110s][info][gc,start       ] GC(497) Pause Young (Allocation Failure)
[265.171s][info][gc,heap        ] GC(497) DefNew: 560550K(629248K)->1197K(629248K) Eden: 559360K(559360K)->0K(559360K) From: 1190K(69888K)->1197K(69888K)
[265.171s][info][gc,heap        ] GC(497) Tenured: 15415K(1398144K)->15491K(1398144K)
[265.171s][info][gc,metaspace   ] GC(497) Metaspace: 14238K(15104K)->14238K(15104K) NonClass: 12296K(12800K)->12296K(12800K) Class: 1941K(2304K)->1941K(2304K)
[265.171s][info][gc             ] GC(497) Pause Young (Allocation Failure) 562M->16M(1979M) 61.299ms
[265.171s][info][gc,cpu         ] GC(497) User=0.05s Sys=0.00s Real=0.05s
[265.702s][info][gc,start       ] GC(498) Pause Young (Allocation Failure)
[265.760s][info][gc,heap        ] GC(498) DefNew: 560512K(629248K)->1205K(629248K) Eden: 559315K(559360K)->0K(559360K) From: 1197K(69888K)->1205K(69888K)
[265.760s][info][gc,heap        ] GC(498) Tenured: 15491K(1398144K)->15565K(1398144K)
[265.760s][info][gc,metaspace   ] GC(498) Metaspace: 14238K(15104K)->14238K(15104K) NonClass: 12296K(12800K)->12296K(12800K) Class: 1941K(2304K)->1941K(2304K)
[265.760s][info][gc             ] GC(498) Pause Young (Allocation Failure) 562M->16M(1979M) 58.414ms
[265.760s][info][gc,cpu         ] GC(498) User=0.05s Sys=0.00s Real=0.06s
[266.296s][info][gc,start       ] GC(499) Pause Young (Allocation Failure)
[266.357s][info][gc,heap        ] GC(499) DefNew: 560565K(629248K)->1209K(629248K) Eden: 559360K(559360K)->0K(559360K) From: 1205K(69888K)->1209K(69888K)
[266.357s][info][gc,heap        ] GC(499) Tenured: 15565K(1398144K)->15642K(1398144K)
[266.357s][info][gc,metaspace   ] GC(499) Metaspace: 14238K(15104K)->14238K(15104K) NonClass: 12296K(12800K)->12296K(12800K) Class: 1941K(2304K)->1941K(2304K)
[266.357s][info][gc             ] GC(499) Pause Young (Allocation Failure) 562M->16M(1979M) 60.951ms
[266.357s][info][gc,cpu         ] GC(499) User=0.05s Sys=0.00s Real=0.05s
[266.805s][info][gc,start       ] GC(500) Pause Young (Allocation Failure)
[266.866s][info][gc,heap        ] GC(500) DefNew: 560569K(629248K)->1204K(629248K) Eden: 559360K(559360K)->0K(559360K) From: 1209K(69888K)->1204K(69888K)
[266.866s][info][gc,heap        ] GC(500) Tenured: 15642K(1398144K)->15717K(1398144K)
[266.866s][info][gc,metaspace   ] GC(500) Metaspace: 14238K(15104K)->14238K(15104K) NonClass: 12296K(12800K)->12296K(12800K) Class: 1941K(2304K)->1941K(2304K)
[266.866s][info][gc             ] GC(500) Pause Young (Allocation Failure) 562M->16M(1979M) 61.236ms
[266.866s][info][gc,cpu         ] GC(500) User=0.06s Sys=0.00s Real=0.06s
[267.237s][info][gc,start       ] GC(501) Pause Full (System.gc())
[267.237s][info][gc,phases,start] GC(501) Phase 1: Mark live objects
[267.291s][info][gc,phases      ] GC(501) Phase 1: Mark live objects 53.731ms
[267.291s][info][gc,phases,start] GC(501) Phase 2: Compute new object addresses
[267.393s][info][gc,phases      ] GC(501) Phase 2: Compute new object addresses 102.423ms
[267.397s][info][gc,phases,start] GC(501) Phase 3: Adjust pointers
[267.421s][info][gc,phases      ] GC(501) Phase 3: Adjust pointers 24.406ms
[267.421s][info][gc,phases,start] GC(501) Phase 4: Move objects
[267.421s][info][gc,phases      ] GC(501) Phase 4: Move objects 0.015ms
[267.421s][info][gc,heap        ] GC(501) DefNew: 425123K(629248K)->0K(629248K) Eden: 423918K(559360K)->0K(559360K) From: 1204K(69888K)->0K(69888K)
[267.421s][info][gc,heap        ] GC(501) Tenured: 15717K(1398144K)->5348K(1398144K)
[267.421s][info][gc,metaspace   ] GC(501) Metaspace: 14238K(15104K)->14238K(15104K) NonClass: 12297K(12800K)->12297K(12800K) Class: 1941K(2304K)->1941K(2304K)
[267.421s][info][gc             ] GC(501) Pause Full (System.gc()) 430M->5M(1979M) 184.316ms
[267.421s][info][gc,cpu         ] GC(501) User=0.17s Sys=0.00s Real=0.17s
[267.838s][info][gc,start       ] GC(502) Pause Young (Allocation Failure)
[267.882s][info][gc,heap        ] GC(502) DefNew: 559360K(629248K)->1526K(629248K) Eden: 559360K(559360K)->0K(559360K) From: 0K(69888K)->1526K(69888K)
[267.882s][info][gc,heap        ] GC(502) Tenured: 5348K(1398144K)->5348K(1398144K)
[267.882s][info][gc,metaspace   ] GC(502) Metaspace: 14238K(15104K)->14238K(15104K) NonClass: 12297K(12800K)->12297K(12800K) Class: 1941K(2304K)->1941K(2304K)
[267.882s][info][gc             ] GC(502) Pause Young (Allocation Failure) 551M->6M(1979M) 43.762ms
[267.882s][info][gc,cpu         ] GC(502) User=0.05s Sys=0.00s Real=0.04s
[268.457s][info][gc,start       ] GC(503) Pause Young (Allocation Failure)
[268.512s][info][gc,heap        ] GC(503) DefNew: 560886K(629248K)->1600K(629248K) Eden: 559360K(559360K)->0K(559360K) From: 1526K(69888K)->1600K(69888K)
[268.512s][info][gc,heap        ] GC(503) Tenured: 5348K(1398144K)->5348K(1398144K)
[268.512s][info][gc,metaspace   ] GC(503) Metaspace: 14238K(15104K)->14238K(15104K) NonClass: 12297K(12800K)->12297K(12800K) Class: 1941K(2304K)->1941K(2304K)
[268.512s][info][gc             ] GC(503) Pause Young (Allocation Failure) 552M->6M(1979M) 54.261ms
[268.512s][info][gc,cpu         ] GC(503) User=0.05s Sys=0.00s Real=0.05s
[269.014s][info][gc,start       ] GC(504) Pause Young (Allocation Failure)
[269.067s][info][gc,heap        ] GC(504) DefNew: 560960K(629248K)->1670K(629248K) Eden: 559360K(559360K)->0K(559360K) From: 1600K(69888K)->1670K(69888K)
[269.067s][info][gc,heap        ] GC(504) Tenured: 5348K(1398144K)->5348K(1398144K)
[269.067s][info][gc,metaspace   ] GC(504) Metaspace: 14238K(15104K)->14238K(15104K) NonClass: 12297K(12800K)->12297K(12800K) Class: 1941K(2304K)->1941K(2304K)
[269.067s][info][gc             ] GC(504) Pause Young (Allocation Failure) 553M->6M(1979M) 52.977ms
[269.067s][info][gc,cpu         ] GC(504) User=0.03s Sys=0.00s Real=0.04s
[269.567s][info][gc,start       ] GC(505) Pause Young (Allocation Failure)
[269.619s][info][gc,heap        ] GC(505) DefNew: 561030K(629248K)->1748K(629248K) Eden: 559360K(559360K)->0K(559360K) From: 1670K(69888K)->1748K(69888K)
[269.619s][info][gc,heap        ] GC(505) Tenured: 5348K(1398144K)->5348K(1398144K)
[269.619s][info][gc,metaspace   ] GC(505) Metaspace: 14238K(15104K)->14238K(15104K) NonClass: 12297K(12800K)->12297K(12800K) Class: 1941K(2304K)->1941K(2304K)
[269.619s][info][gc             ] GC(505) Pause Young (Allocation Failure) 553M->6M(1979M) 51.940ms
[269.619s][info][gc,cpu         ] GC(505) User=0.03s Sys=0.00s Real=0.04s
[270.116s][info][gc,start       ] GC(506) Pause Young (Allocation Failure)
[270.160s][info][gc,heap        ] GC(506) DefNew: 561108K(629248K)->1824K(629248K) Eden: 559360K(559360K)->0K(559360K) From: 1748K(69888K)->1824K(69888K)
[270.160s][info][gc,heap        ] GC(506) Tenured: 5348K(1398144K)->5348K(1398144K)
[270.160s][info][gc,metaspace   ] GC(506) Metaspace: 14238K(15104K)->14238K(15104K) NonClass: 12297K(12800K)->12297K(12800K) Class: 1941K(2304K)->1941K(2304K)
[270.160s][info][gc             ] GC(506) Pause Young (Allocation Failure) 553M->7M(1979M) 44.102ms
[270.160s][info][gc,cpu         ] GC(506) User=0.05s Sys=0.00s Real=0.04s
[270.640s][info][gc,start       ] GC(507) Pause Young (Allocation Failure)
[270.696s][info][gc,heap        ] GC(507) DefNew: 561184K(629248K)->1899K(629248K) Eden: 559360K(559360K)->0K(559360K) From: 1824K(69888K)->1899K(69888K)
[270.696s][info][gc,heap        ] GC(507) Tenured: 5348K(1398144K)->5348K(1398144K)
[270.696s][info][gc,metaspace   ] GC(507) Metaspace: 14238K(15104K)->14238K(15104K) NonClass: 12297K(12800K)->12297K(12800K) Class: 1941K(2304K)->1941K(2304K)
[270.696s][info][gc             ] GC(507) Pause Young (Allocation Failure) 553M->7M(1979M) 56.863ms
[270.696s][info][gc,cpu         ] GC(507) User=0.05s Sys=0.00s Real=0.06s
[271.171s][info][gc,start       ] GC(508) Pause Young (Allocation Failure)
[271.230s][info][gc,heap        ] GC(508) DefNew: 561259K(629248K)->1974K(629248K) Eden: 559360K(559360K)->0K(559360K) From: 1899K(69888K)->1974K(69888K)
[271.230s][info][gc,heap        ] GC(508) Tenured: 5348K(1398144K)->5348K(1398144K)
[271.230s][info][gc,metaspace   ] GC(508) Metaspace: 14238K(15104K)->14238K(15104K) NonClass: 12297K(12800K)->12297K(12800K) Class: 1941K(2304K)->1941K(2304K)
[271.230s][info][gc             ] GC(508) Pause Young (Allocation Failure) 553M->7M(1979M) 59.228ms
[271.230s][info][gc,cpu         ] GC(508) User=0.05s Sys=0.00s Real=0.06s
[271.710s][info][gc,start       ] GC(509) Pause Young (Allocation Failure)
[271.755s][info][gc,heap        ] GC(509) DefNew: 561334K(629248K)->2048K(629248K) Eden: 559360K(559360K)->0K(559360K) From: 1974K(69888K)->2048K(69888K)
[271.755s][info][gc,heap        ] GC(509) Tenured: 5348K(1398144K)->5348K(1398144K)
[271.755s][info][gc,metaspace   ] GC(509) Metaspace: 14238K(15104K)->14238K(15104K) NonClass: 12297K(12800K)->12297K(12800K) Class: 1941K(2304K)->1941K(2304K)
[271.755s][info][gc             ] GC(509) Pause Young (Allocation Failure) 553M->7M(1979M) 45.169ms
[271.755s][info][gc,cpu         ] GC(509) User=0.05s Sys=0.00s Real=0.04s
[272.301s][info][gc,start       ] GC(510) Pause Young (Allocation Failure)
[272.355s][info][gc,heap        ] GC(510) DefNew: 561408K(629248K)->2125K(629248K) Eden: 559360K(559360K)->0K(559360K) From: 2048K(69888K)->2125K(69888K)
[272.355s][info][gc,heap        ] GC(510) Tenured: 5348K(1398144K)->5348K(1398144K)
[272.355s][info][gc,metaspace   ] GC(510) Metaspace: 14238K(15104K)->14238K(15104K) NonClass: 12297K(12800K)->12297K(12800K) Class: 1941K(2304K)->1941K(2304K)
[272.355s][info][gc             ] GC(510) Pause Young (Allocation Failure) 553M->7M(1979M) 53.407ms
[272.355s][info][gc,cpu         ] GC(510) User=0.05s Sys=0.00s Real=0.05s
[272.835s][info][gc,start       ] GC(511) Pause Young (Allocation Failure)
[272.876s][info][gc,heap        ] GC(511) DefNew: 561485K(629248K)->2199K(629248K) Eden: 559360K(559360K)->0K(559360K) From: 2125K(69888K)->2199K(69888K)
[272.876s][info][gc,heap        ] GC(511) Tenured: 5348K(1398144K)->5348K(1398144K)
[272.876s][info][gc,metaspace   ] GC(511) Metaspace: 14238K(15104K)->14238K(15104K) NonClass: 12297K(12800K)->12297K(12800K) Class: 1941K(2304K)->1941K(2304K)
[272.876s][info][gc             ] GC(511) Pause Young (Allocation Failure) 553M->7M(1979M) 41.476ms
[272.876s][info][gc,cpu         ] GC(511) User=0.03s Sys=0.00s Real=0.03s
[273.388s][info][gc,start       ] GC(512) Pause Young (Allocation Failure)
[273.432s][info][gc,heap        ] GC(512) DefNew: 561559K(629248K)->2281K(629248K) Eden: 559360K(559360K)->0K(559360K) From: 2199K(69888K)->2281K(69888K)
[273.432s][info][gc,heap        ] GC(512) Tenured: 5348K(1398144K)->5348K(1398144K)
[273.432s][info][gc,metaspace   ] GC(512) Metaspace: 14238K(15104K)->14238K(15104K) NonClass: 12297K(12800K)->12297K(12800K) Class: 1941K(2304K)->1941K(2304K)
[273.432s][info][gc             ] GC(512) Pause Young (Allocation Failure) 553M->7M(1979M) 43.907ms
[273.432s][info][gc,cpu         ] GC(512) User=0.03s Sys=0.02s Real=0.04s
[273.927s][info][gc,start       ] GC(513) Pause Young (Allocation Failure)
[273.970s][info][gc,heap        ] GC(513) DefNew: 561641K(629248K)->2355K(629248K) Eden: 559360K(559360K)->0K(559360K) From: 2281K(69888K)->2355K(69888K)
[273.970s][info][gc,heap        ] GC(513) Tenured: 5348K(1398144K)->5348K(1398144K)
[273.970s][info][gc,metaspace   ] GC(513) Metaspace: 14238K(15104K)->14238K(15104K) NonClass: 12297K(12800K)->12297K(12800K) Class: 1941K(2304K)->1941K(2304K)
[273.971s][info][gc             ] GC(513) Pause Young (Allocation Failure) 553M->7M(1979M) 43.906ms
[273.971s][info][gc,cpu         ] GC(513) User=0.05s Sys=0.00s Real=0.04s
[274.452s][info][gc,start       ] GC(514) Pause Young (Allocation Failure)
[274.497s][info][gc,heap        ] GC(514) DefNew: 561715K(629248K)->2433K(629248K) Eden: 559360K(559360K)->0K(559360K) From: 2355K(69888K)->2433K(69888K)
[274.497s][info][gc,heap        ] GC(514) Tenured: 5348K(1398144K)->5348K(1398144K)
[274.497s][info][gc,metaspace   ] GC(514) Metaspace: 14238K(15104K)->14238K(15104K) NonClass: 12297K(12800K)->12297K(12800K) Class: 1941K(2304K)->1941K(2304K)
[274.497s][info][gc             ] GC(514) Pause Young (Allocation Failure) 553M->7M(1979M) 44.782ms
[274.497s][info][gc,cpu         ] GC(514) User=0.03s Sys=0.00s Real=0.03s
[274.978s][info][gc,start       ] GC(515) Pause Young (Allocation Failure)
[275.023s][info][gc,heap        ] GC(515) DefNew: 561793K(629248K)->2510K(629248K) Eden: 559360K(559360K)->0K(559360K) From: 2433K(69888K)->2510K(69888K)
[275.023s][info][gc,heap        ] GC(515) Tenured: 5348K(1398144K)->5348K(1398144K)
[275.023s][info][gc,metaspace   ] GC(515) Metaspace: 14238K(15104K)->14238K(15104K) NonClass: 12297K(12800K)->12297K(12800K) Class: 1941K(2304K)->1941K(2304K)
[275.023s][info][gc             ] GC(515) Pause Young (Allocation Failure) 553M->7M(1979M) 44.525ms
[275.023s][info][gc,cpu         ] GC(515) User=0.03s Sys=0.00s Real=0.03s
[275.525s][info][gc,start       ] GC(516) Pause Young (Allocation Failure)
[275.572s][info][gc,heap        ] GC(516) DefNew: 561870K(629248K)->2591K(629248K) Eden: 559360K(559360K)->0K(559360K) From: 2510K(69888K)->2591K(69888K)
[275.572s][info][gc,heap        ] GC(516) Tenured: 5348K(1398144K)->5348K(1398144K)
[275.572s][info][gc,metaspace   ] GC(516) Metaspace: 14238K(15104K)->14238K(15104K) NonClass: 12297K(12800K)->12297K(12800K) Class: 1941K(2304K)->1941K(2304K)
[275.572s][info][gc             ] GC(516) Pause Young (Allocation Failure) 553M->7M(1979M) 47.062ms
[275.572s][info][gc,cpu         ] GC(516) User=0.03s Sys=0.00s Real=0.03s
[276.130s][info][gc,start       ] GC(517) Pause Young (Allocation Failure)
[276.186s][info][gc,heap        ] GC(517) DefNew: 561951K(629248K)->1148K(629248K) Eden: 559360K(559360K)->0K(559360K) From: 2591K(69888K)->1148K(69888K)
[276.186s][info][gc,heap        ] GC(517) Tenured: 5348K(1398144K)->6864K(1398144K)
[276.186s][info][gc,metaspace   ] GC(517) Metaspace: 14238K(15104K)->14238K(15104K) NonClass: 12297K(12800K)->12297K(12800K) Class: 1941K(2304K)->1941K(2304K)
[276.186s][info][gc             ] GC(517) Pause Young (Allocation Failure) 554M->7M(1979M) 55.507ms
[276.186s][info][gc,cpu         ] GC(517) User=0.05s Sys=0.00s Real=0.05s
[276.698s][info][gc,start       ] GC(518) Pause Young (Allocation Failure)
[276.739s][info][gc,heap        ] GC(518) DefNew: 560508K(629248K)->1154K(629248K) Eden: 559360K(559360K)->0K(559360K) From: 1148K(69888K)->1154K(69888K)
[276.739s][info][gc,heap        ] GC(518) Tenured: 6864K(1398144K)->6939K(1398144K)
[276.739s][info][gc,metaspace   ] GC(518) Metaspace: 14238K(15104K)->14238K(15104K) NonClass: 12297K(12800K)->12297K(12800K) Class: 1941K(2304K)->1941K(2304K)
[276.739s][info][gc             ] GC(518) Pause Young (Allocation Failure) 554M->7M(1979M) 41.611ms
[276.739s][info][gc,cpu         ] GC(518) User=0.03s Sys=0.00s Real=0.03s
[277.258s][info][gc,start       ] GC(519) Pause Young (Allocation Failure)
[277.300s][info][gc,heap        ] GC(519) DefNew: 560514K(629248K)->1160K(629248K) Eden: 559360K(559360K)->0K(559360K) From: 1154K(69888K)->1160K(69888K)
[277.300s][info][gc,heap        ] GC(519) Tenured: 6939K(1398144K)->7010K(1398144K)
[277.300s][info][gc,metaspace   ] GC(519) Metaspace: 14238K(15104K)->14238K(15104K) NonClass: 12297K(12800K)->12297K(12800K) Class: 1941K(2304K)->1941K(2304K)
[277.300s][info][gc             ] GC(519) Pause Young (Allocation Failure) 554M->7M(1979M) 41.857ms
[277.300s][info][gc,cpu         ] GC(519) User=0.03s Sys=0.00s Real=0.03s
[277.805s][info][gc,start       ] GC(520) Pause Young (Allocation Failure)
[277.862s][info][gc,heap        ] GC(520) DefNew: 560520K(629248K)->1162K(629248K) Eden: 559360K(559360K)->0K(559360K) From: 1160K(69888K)->1162K(69888K)
[277.862s][info][gc,heap        ] GC(520) Tenured: 7010K(1398144K)->7087K(1398144K)
[277.862s][info][gc,metaspace   ] GC(520) Metaspace: 14238K(15104K)->14238K(15104K) NonClass: 12297K(12800K)->12297K(12800K) Class: 1941K(2304K)->1941K(2304K)
[277.862s][info][gc             ] GC(520) Pause Young (Allocation Failure) 554M->8M(1979M) 57.489ms
[277.862s][info][gc,cpu         ] GC(520) User=0.05s Sys=0.00s Real=0.05s
[278.364s][info][gc,start       ] GC(521) Pause Young (Allocation Failure)
[278.422s][info][gc,heap        ] GC(521) DefNew: 560522K(629248K)->1163K(629248K) Eden: 559360K(559360K)->0K(559360K) From: 1162K(69888K)->1163K(69888K)
[278.422s][info][gc,heap        ] GC(521) Tenured: 7087K(1398144K)->7164K(1398144K)
[278.422s][info][gc,metaspace   ] GC(521) Metaspace: 14238K(15104K)->14238K(15104K) NonClass: 12297K(12800K)->12297K(12800K) Class: 1941K(2304K)->1941K(2304K)
[278.422s][info][gc             ] GC(521) Pause Young (Allocation Failure) 554M->8M(1979M) 58.417ms
[278.422s][info][gc,cpu         ] GC(521) User=0.05s Sys=0.00s Real=0.05s
[278.922s][info][gc,start       ] GC(522) Pause Young (Allocation Failure)
[278.980s][info][gc,heap        ] GC(522) DefNew: 560523K(629248K)->1169K(629248K) Eden: 559360K(559360K)->0K(559360K) From: 1163K(69888K)->1169K(69888K)
[278.981s][info][gc,heap        ] GC(522) Tenured: 7164K(1398144K)->7238K(1398144K)
[278.981s][info][gc,metaspace   ] GC(522) Metaspace: 14238K(15104K)->14238K(15104K) NonClass: 12297K(12800K)->12297K(12800K) Class: 1941K(2304K)->1941K(2304K)
[278.981s][info][gc             ] GC(522) Pause Young (Allocation Failure) 554M->8M(1979M) 58.924ms
[278.981s][info][gc,cpu         ] GC(522) User=0.05s Sys=0.00s Real=0.05s
[279.481s][info][gc,start       ] GC(523) Pause Young (Allocation Failure)
[279.541s][info][gc,heap        ] GC(523) DefNew: 560529K(629248K)->1171K(629248K) Eden: 559360K(559360K)->0K(559360K) From: 1169K(69888K)->1171K(69888K)
[279.541s][info][gc,heap        ] GC(523) Tenured: 7238K(1398144K)->7312K(1398144K)
[279.541s][info][gc,metaspace   ] GC(523) Metaspace: 14238K(15104K)->14238K(15104K) NonClass: 12297K(12800K)->12297K(12800K) Class: 1941K(2304K)->1941K(2304K)
[279.541s][info][gc             ] GC(523) Pause Young (Allocation Failure) 554M->8M(1979M) 60.160ms
[279.541s][info][gc,cpu         ] GC(523) User=0.06s Sys=0.00s Real=0.06s
[280.061s][info][gc,start       ] GC(524) Pause Young (Allocation Failure)
[280.112s][info][gc,heap        ] GC(524) DefNew: 560531K(629248K)->1170K(629248K) Eden: 559360K(559360K)->0K(559360K) From: 1171K(69888K)->1170K(69888K)
[280.112s][info][gc,heap        ] GC(524) Tenured: 7312K(1398144K)->7386K(1398144K)
[280.112s][info][gc,metaspace   ] GC(524) Metaspace: 14238K(15104K)->14238K(15104K) NonClass: 12297K(12800K)->12297K(12800K) Class: 1941K(2304K)->1941K(2304K)
[280.112s][info][gc             ] GC(524) Pause Young (Allocation Failure) 554M->8M(1979M) 51.155ms
[280.112s][info][gc,cpu         ] GC(524) User=0.05s Sys=0.00s Real=0.05s
[280.621s][info][gc,start       ] GC(525) Pause Young (Allocation Failure)
[280.663s][info][gc,heap        ] GC(525) DefNew: 560530K(629248K)->1171K(629248K) Eden: 559360K(559360K)->0K(559360K) From: 1170K(69888K)->1171K(69888K)
[280.663s][info][gc,heap        ] GC(525) Tenured: 7386K(1398144K)->7464K(1398144K)
[280.663s][info][gc,metaspace   ] GC(525) Metaspace: 14238K(15104K)->14238K(15104K) NonClass: 12297K(12800K)->12297K(12800K) Class: 1941K(2304K)->1941K(2304K)
[280.663s][info][gc             ] GC(525) Pause Young (Allocation Failure) 554M->8M(1979M) 41.784ms
[280.663s][info][gc,cpu         ] GC(525) User=0.05s Sys=0.00s Real=0.04s
[281.180s][info][gc,start       ] GC(526) Pause Young (Allocation Failure)
[281.227s][info][gc,heap        ] GC(526) DefNew: 560531K(629248K)->1174K(629248K) Eden: 559360K(559360K)->0K(559360K) From: 1171K(69888K)->1174K(69888K)
[281.227s][info][gc,heap        ] GC(526) Tenured: 7464K(1398144K)->7538K(1398144K)
[281.227s][info][gc,metaspace   ] GC(526) Metaspace: 14238K(15104K)->14238K(15104K) NonClass: 12297K(12800K)->12297K(12800K) Class: 1941K(2304K)->1941K(2304K)
[281.227s][info][gc             ] GC(526) Pause Young (Allocation Failure) 554M->8M(1979M) 46.877ms
[281.227s][info][gc,cpu         ] GC(526) User=0.05s Sys=0.00s Real=0.04s
[281.730s][info][gc,start       ] GC(527) Pause Young (Allocation Failure)
[281.787s][info][gc,heap        ] GC(527) DefNew: 560534K(629248K)->1172K(629248K) Eden: 559360K(559360K)->0K(559360K) From: 1174K(69888K)->1172K(69888K)
[281.787s][info][gc,heap        ] GC(527) Tenured: 7538K(1398144K)->7619K(1398144K)
[281.787s][info][gc,metaspace   ] GC(527) Metaspace: 14238K(15104K)->14238K(15104K) NonClass: 12297K(12800K)->12297K(12800K) Class: 1941K(2304K)->1941K(2304K)
[281.787s][info][gc             ] GC(527) Pause Young (Allocation Failure) 554M->8M(1979M) 57.825ms
[281.787s][info][gc,cpu         ] GC(527) User=0.06s Sys=0.00s Real=0.06s
[282.289s][info][gc,start       ] GC(528) Pause Young (Allocation Failure)
[282.347s][info][gc,heap        ] GC(528) DefNew: 560532K(629248K)->1173K(629248K) Eden: 559360K(559360K)->0K(559360K) From: 1172K(69888K)->1173K(69888K)
[282.347s][info][gc,heap        ] GC(528) Tenured: 7619K(1398144K)->7693K(1398144K)
[282.347s][info][gc,metaspace   ] GC(528) Metaspace: 14238K(15104K)->14238K(15104K) NonClass: 12297K(12800K)->12297K(12800K) Class: 1941K(2304K)->1941K(2304K)
[282.347s][info][gc             ] GC(528) Pause Young (Allocation Failure) 554M->8M(1979M) 58.130ms
[282.347s][info][gc,cpu         ] GC(528) User=0.06s Sys=0.00s Real=0.05s
[282.851s][info][gc,start       ] GC(529) Pause Young (Allocation Failure)
[282.910s][info][gc,heap        ] GC(529) DefNew: 560533K(629248K)->1172K(629248K) Eden: 559360K(559360K)->0K(559360K) From: 1173K(69888K)->1172K(69888K)
[282.910s][info][gc,heap        ] GC(529) Tenured: 7693K(1398144K)->7770K(1398144K)
[282.910s][info][gc,metaspace   ] GC(529) Metaspace: 14238K(15104K)->14238K(15104K) NonClass: 12297K(12800K)->12297K(12800K) Class: 1941K(2304K)->1941K(2304K)
[282.910s][info][gc             ] GC(529) Pause Young (Allocation Failure) 554M->8M(1979M) 59.095ms
[282.910s][info][gc,cpu         ] GC(529) User=0.06s Sys=0.00s Real=0.06s
[283.414s][info][gc,start       ] GC(530) Pause Young (Allocation Failure)
[283.480s][info][gc,heap        ] GC(530) DefNew: 560532K(629248K)->1174K(629248K) Eden: 559360K(559360K)->0K(559360K) From: 1172K(69888K)->1174K(69888K)
[283.480s][info][gc,heap        ] GC(530) Tenured: 7770K(1398144K)->7847K(1398144K)
[283.480s][info][gc,metaspace   ] GC(530) Metaspace: 14238K(15104K)->14238K(15104K) NonClass: 12297K(12800K)->12297K(12800K) Class: 1941K(2304K)->1941K(2304K)
[283.480s][info][gc             ] GC(530) Pause Young (Allocation Failure) 554M->8M(1979M) 65.741ms
[283.480s][info][gc,cpu         ] GC(530) User=0.06s Sys=0.00s Real=0.07s
[283.973s][info][gc,start       ] GC(531) Pause Young (Allocation Failure)
[284.036s][info][gc,heap        ] GC(531) DefNew: 560534K(629248K)->1167K(629248K) Eden: 559360K(559360K)->0K(559360K) From: 1174K(69888K)->1167K(69888K)
[284.036s][info][gc,heap        ] GC(531) Tenured: 7847K(1398144K)->7928K(1398144K)
[284.036s][info][gc,metaspace   ] GC(531) Metaspace: 14238K(15104K)->14238K(15104K) NonClass: 12297K(12800K)->12297K(12800K) Class: 1941K(2304K)->1941K(2304K)
[284.036s][info][gc             ] GC(531) Pause Young (Allocation Failure) 555M->8M(1979M) 63.641ms
[284.036s][info][gc,cpu         ] GC(531) User=0.05s Sys=0.00s Real=0.05s
[284.487s][info][gc,start       ] GC(532) Pause Young (Allocation Failure)
[284.533s][info][gc,heap        ] GC(532) DefNew: 560527K(629248K)->1158K(629248K) Eden: 559360K(559360K)->0K(559360K) From: 1167K(69888K)->1158K(69888K)
[284.533s][info][gc,heap        ] GC(532) Tenured: 7928K(1398144K)->8001K(1398144K)
[284.533s][info][gc,metaspace   ] GC(532) Metaspace: 14238K(15104K)->14238K(15104K) NonClass: 12297K(12800K)->12297K(12800K) Class: 1941K(2304K)->1941K(2304K)
[284.533s][info][gc             ] GC(532) Pause Young (Allocation Failure) 555M->8M(1979M) 46.268ms
[284.533s][info][gc,cpu         ] GC(532) User=0.03s Sys=0.00s Real=0.04s
[284.659s][info][gc,start       ] GC(533) Pause Full (System.gc())
[284.659s][info][gc,phases,start] GC(533) Phase 1: Mark live objects
[284.691s][info][gc,phases      ] GC(533) Phase 1: Mark live objects 31.895ms
[284.691s][info][gc,phases,start] GC(533) Phase 2: Compute new object addresses
[284.709s][info][gc,phases      ] GC(533) Phase 2: Compute new object addresses 17.675ms
[284.709s][info][gc,phases,start] GC(533) Phase 3: Adjust pointers
[284.732s][info][gc,phases      ] GC(533) Phase 3: Adjust pointers 22.609ms
[284.732s][info][gc,phases,start] GC(533) Phase 4: Move objects
[284.732s][info][gc,phases      ] GC(533) Phase 4: Move objects 0.012ms
[284.732s][info][gc,heap        ] GC(533) DefNew: 69855K(629248K)->0K(629248K) Eden: 68697K(559360K)->0K(559360K) From: 1158K(69888K)->0K(69888K)
[284.732s][info][gc,heap        ] GC(533) Tenured: 8001K(1398144K)->8002K(1398144K)
[284.732s][info][gc,metaspace   ] GC(533) Metaspace: 14238K(15104K)->14238K(15104K) NonClass: 12297K(12800K)->12297K(12800K) Class: 1941K(2304K)->1941K(2304K)
[284.732s][info][gc             ] GC(533) Pause Full (System.gc()) 76M->7M(1979M) 72.530ms
[284.732s][info][gc,cpu         ] GC(533) User=0.06s Sys=0.00s Real=0.06s
[285.149s][info][gc,start       ] GC(534) Pause Young (Allocation Failure)
[285.189s][info][gc,heap        ] GC(534) DefNew: 559360K(629248K)->1524K(629248K) Eden: 559360K(559360K)->0K(559360K) From: 0K(69888K)->1524K(69888K)
[285.190s][info][gc,heap        ] GC(534) Tenured: 8002K(1398144K)->8002K(1398144K)
[285.190s][info][gc,metaspace   ] GC(534) Metaspace: 14238K(15104K)->14238K(15104K) NonClass: 12297K(12800K)->12297K(12800K) Class: 1941K(2304K)->1941K(2304K)
[285.190s][info][gc             ] GC(534) Pause Young (Allocation Failure) 554M->9M(1979M) 40.856ms
[285.190s][info][gc,cpu         ] GC(534) User=0.05s Sys=0.00s Real=0.04s
[285.670s][info][gc,start       ] GC(535) Pause Young (Allocation Failure)
[285.714s][info][gc,heap        ] GC(535) DefNew: 560884K(629248K)->1596K(629248K) Eden: 559360K(559360K)->0K(559360K) From: 1524K(69888K)->1596K(69888K)
[285.714s][info][gc,heap        ] GC(535) Tenured: 8002K(1398144K)->8002K(1398144K)
[285.714s][info][gc,metaspace   ] GC(535) Metaspace: 14238K(15104K)->14238K(15104K) NonClass: 12297K(12800K)->12297K(12800K) Class: 1941K(2304K)->1941K(2304K)
[285.714s][info][gc             ] GC(535) Pause Young (Allocation Failure) 555M->9M(1979M) 44.118ms
[285.714s][info][gc,cpu         ] GC(535) User=0.03s Sys=0.00s Real=0.03s
[286.203s][info][gc,start       ] GC(536) Pause Young (Allocation Failure)
[286.262s][info][gc,heap        ] GC(536) DefNew: 560956K(629248K)->1670K(629248K) Eden: 559360K(559360K)->0K(559360K) From: 1596K(69888K)->1670K(69888K)
[286.262s][info][gc,heap        ] GC(536) Tenured: 8002K(1398144K)->8002K(1398144K)
[286.262s][info][gc,metaspace   ] GC(536) Metaspace: 14238K(15104K)->14238K(15104K) NonClass: 12297K(12800K)->12297K(12800K) Class: 1941K(2304K)->1941K(2304K)
[286.262s][info][gc             ] GC(536) Pause Young (Allocation Failure) 555M->9M(1979M) 59.059ms
[286.262s][info][gc,cpu         ] GC(536) User=0.06s Sys=0.00s Real=0.06s
[286.745s][info][gc,start       ] GC(537) Pause Young (Allocation Failure)
[286.803s][info][gc,heap        ] GC(537) DefNew: 561030K(629248K)->1744K(629248K) Eden: 559360K(559360K)->0K(559360K) From: 1670K(69888K)->1744K(69888K)
[286.803s][info][gc,heap        ] GC(537) Tenured: 8002K(1398144K)->8002K(1398144K)
[286.803s][info][gc,metaspace   ] GC(537) Metaspace: 14238K(15104K)->14238K(15104K) NonClass: 12297K(12800K)->12297K(12800K) Class: 1941K(2304K)->1941K(2304K)
[286.803s][info][gc             ] GC(537) Pause Young (Allocation Failure) 555M->9M(1979M) 58.091ms
[286.804s][info][gc,cpu         ] GC(537) User=0.06s Sys=0.00s Real=0.05s
[287.288s][info][gc,start       ] GC(538) Pause Young (Allocation Failure)
[287.338s][info][gc,heap        ] GC(538) DefNew: 561104K(629248K)->1815K(629248K) Eden: 559360K(559360K)->0K(559360K) From: 1744K(69888K)->1815K(69888K)
[287.339s][info][gc,heap        ] GC(538) Tenured: 8002K(1398144K)->8002K(1398144K)
[287.339s][info][gc,metaspace   ] GC(538) Metaspace: 14238K(15104K)->14238K(15104K) NonClass: 12297K(12800K)->12297K(12800K) Class: 1941K(2304K)->1941K(2304K)
[287.339s][info][gc             ] GC(538) Pause Young (Allocation Failure) 555M->9M(1979M) 50.349ms
[287.339s][info][gc,cpu         ] GC(538) User=0.05s Sys=0.00s Real=0.05s
[287.827s][info][gc,start       ] GC(539) Pause Young (Allocation Failure)
[287.870s][info][gc,heap        ] GC(539) DefNew: 561175K(629248K)->1890K(629248K) Eden: 559360K(559360K)->0K(559360K) From: 1815K(69888K)->1890K(69888K)
[287.871s][info][gc,heap        ] GC(539) Tenured: 8002K(1398144K)->8002K(1398144K)
[287.871s][info][gc,metaspace   ] GC(539) Metaspace: 14238K(15104K)->14238K(15104K) NonClass: 12297K(12800K)->12297K(12800K) Class: 1941K(2304K)->1941K(2304K)
[287.871s][info][gc             ] GC(539) Pause Young (Allocation Failure) 555M->9M(1979M) 43.309ms
[287.871s][info][gc,cpu         ] GC(539) User=0.03s Sys=0.00s Real=0.04s
[288.366s][info][gc,start       ] GC(540) Pause Young (Allocation Failure)
[288.408s][info][gc,heap        ] GC(540) DefNew: 561250K(629248K)->1968K(629248K) Eden: 559360K(559360K)->0K(559360K) From: 1890K(69888K)->1968K(69888K)
[288.408s][info][gc,heap        ] GC(540) Tenured: 8002K(1398144K)->8002K(1398144K)
[288.408s][info][gc,metaspace   ] GC(540) Metaspace: 14238K(15104K)->14238K(15104K) NonClass: 12297K(12800K)->12297K(12800K) Class: 1941K(2304K)->1941K(2304K)
[288.408s][info][gc             ] GC(540) Pause Young (Allocation Failure) 555M->9M(1979M) 42.548ms
[288.408s][info][gc,cpu         ] GC(540) User=0.05s Sys=0.00s Real=0.04s
[288.911s][info][gc,start       ] GC(541) Pause Young (Allocation Failure)
[288.955s][info][gc,heap        ] GC(541) DefNew: 561328K(629248K)->2043K(629248K) Eden: 559360K(559360K)->0K(559360K) From: 1968K(69888K)->2043K(69888K)
[288.955s][info][gc,heap        ] GC(541) Tenured: 8002K(1398144K)->8002K(1398144K)
[288.955s][info][gc,metaspace   ] GC(541) Metaspace: 14238K(15104K)->14238K(15104K) NonClass: 12297K(12800K)->12297K(12800K) Class: 1941K(2304K)->1941K(2304K)
[288.955s][info][gc             ] GC(541) Pause Young (Allocation Failure) 555M->9M(1979M) 43.916ms
[288.955s][info][gc,cpu         ] GC(541) User=0.03s Sys=0.00s Real=0.03s
[289.424s][info][gc,start       ] GC(542) Pause Young (Allocation Failure)
[289.468s][info][gc,heap        ] GC(542) DefNew: 561403K(629248K)->2117K(629248K) Eden: 559360K(559360K)->0K(559360K) From: 2043K(69888K)->2117K(69888K)
[289.469s][info][gc,heap        ] GC(542) Tenured: 8002K(1398144K)->8002K(1398144K)
[289.469s][info][gc,metaspace   ] GC(542) Metaspace: 14238K(15104K)->14238K(15104K) NonClass: 12297K(12800K)->12297K(12800K) Class: 1941K(2304K)->1941K(2304K)
[289.470s][info][gc             ] GC(542) Pause Young (Allocation Failure) 556M->9M(1979M) 45.641ms
[289.470s][info][gc,cpu         ] GC(542) User=0.03s Sys=0.00s Real=0.03s
[289.952s][info][gc,start       ] GC(543) Pause Young (Allocation Failure)
[290.012s][info][gc,heap        ] GC(543) DefNew: 561477K(629248K)->2194K(629248K) Eden: 559360K(559360K)->0K(559360K) From: 2117K(69888K)->2194K(69888K)
[290.012s][info][gc,heap        ] GC(543) Tenured: 8002K(1398144K)->8002K(1398144K)
[290.012s][info][gc,metaspace   ] GC(543) Metaspace: 14238K(15104K)->14238K(15104K) NonClass: 12297K(12800K)->12297K(12800K) Class: 1941K(2304K)->1941K(2304K)
[290.012s][info][gc             ] GC(543) Pause Young (Allocation Failure) 556M->9M(1979M) 59.508ms
[290.012s][info][gc,cpu         ] GC(543) User=0.05s Sys=0.00s Real=0.06s
[290.656s][info][gc,start       ] GC(544) Pause Young (Allocation Failure)
[290.718s][info][gc,heap        ] GC(544) DefNew: 561554K(629248K)->2268K(629248K) Eden: 559360K(559360K)->0K(559360K) From: 2194K(69888K)->2268K(69888K)
[290.719s][info][gc,heap        ] GC(544) Tenured: 8002K(1398144K)->8002K(1398144K)
[290.719s][info][gc,metaspace   ] GC(544) Metaspace: 14238K(15104K)->14238K(15104K) NonClass: 12297K(12800K)->12297K(12800K) Class: 1941K(2304K)->1941K(2304K)
[290.719s][info][gc             ] GC(544) Pause Young (Allocation Failure) 556M->10M(1979M) 62.332ms
[290.719s][info][gc,cpu         ] GC(544) User=0.05s Sys=0.00s Real=0.05s
[291.235s][info][gc,start       ] GC(545) Pause Young (Allocation Failure)
[291.290s][info][gc,heap        ] GC(545) DefNew: 561628K(629248K)->2349K(629248K) Eden: 559360K(559360K)->0K(559360K) From: 2268K(69888K)->2349K(69888K)
[291.290s][info][gc,heap        ] GC(545) Tenured: 8002K(1398144K)->8002K(1398144K)
[291.290s][info][gc,metaspace   ] GC(545) Metaspace: 14238K(15104K)->14238K(15104K) NonClass: 12297K(12800K)->12297K(12800K) Class: 1941K(2304K)->1941K(2304K)
[291.290s][info][gc             ] GC(545) Pause Young (Allocation Failure) 556M->10M(1979M) 54.992ms
[291.290s][info][gc,cpu         ] GC(545) User=0.05s Sys=0.00s Real=0.05s
[291.801s][info][gc,start       ] GC(546) Pause Young (Allocation Failure)
[291.852s][info][gc,heap        ] GC(546) DefNew: 561709K(629248K)->2426K(629248K) Eden: 559360K(559360K)->0K(559360K) From: 2349K(69888K)->2426K(69888K)
[291.852s][info][gc,heap        ] GC(546) Tenured: 8002K(1398144K)->8002K(1398144K)
[291.852s][info][gc,metaspace   ] GC(546) Metaspace: 14238K(15104K)->14238K(15104K) NonClass: 12297K(12800K)->12297K(12800K) Class: 1941K(2304K)->1941K(2304K)
[291.852s][info][gc             ] GC(546) Pause Young (Allocation Failure) 556M->10M(1979M) 51.286ms
[291.852s][info][gc,cpu         ] GC(546) User=0.05s Sys=0.00s Real=0.05s
[292.344s][info][gc,start       ] GC(547) Pause Young (Allocation Failure)
[292.388s][info][gc,heap        ] GC(547) DefNew: 561786K(629248K)->2501K(629248K) Eden: 559360K(559360K)->0K(559360K) From: 2426K(69888K)->2501K(69888K)
[292.388s][info][gc,heap        ] GC(547) Tenured: 8002K(1398144K)->8002K(1398144K)
[292.388s][info][gc,metaspace   ] GC(547) Metaspace: 14238K(15104K)->14238K(15104K) NonClass: 12297K(12800K)->12297K(12800K) Class: 1941K(2304K)->1941K(2304K)
[292.388s][info][gc             ] GC(547) Pause Young (Allocation Failure) 556M->10M(1979M) 44.099ms
[292.388s][info][gc,cpu         ] GC(547) User=0.03s Sys=0.00s Real=0.04s
[292.878s][info][gc,start       ] GC(548) Pause Young (Allocation Failure)
[292.923s][info][gc,heap        ] GC(548) DefNew: 561861K(629248K)->2579K(629248K) Eden: 559360K(559360K)->0K(559360K) From: 2501K(69888K)->2579K(69888K)
[292.923s][info][gc,heap        ] GC(548) Tenured: 8002K(1398144K)->8002K(1398144K)
[292.923s][info][gc,metaspace   ] GC(548) Metaspace: 14238K(15104K)->14238K(15104K) NonClass: 12297K(12800K)->12297K(12800K) Class: 1941K(2304K)->1941K(2304K)
[292.924s][info][gc             ] GC(548) Pause Young (Allocation Failure) 556M->10M(1979M) 45.571ms
[292.924s][info][gc,cpu         ] GC(548) User=0.03s Sys=0.00s Real=0.03s
[293.399s][info][gc,start       ] GC(549) Pause Young (Allocation Failure)
[293.443s][info][gc,heap        ] GC(549) DefNew: 561939K(629248K)->1133K(629248K) Eden: 559360K(559360K)->0K(559360K) From: 2579K(69888K)->1133K(69888K)
[293.444s][info][gc,heap        ] GC(549) Tenured: 8002K(1398144K)->9519K(1398144K)
[293.444s][info][gc,metaspace   ] GC(549) Metaspace: 14238K(15104K)->14238K(15104K) NonClass: 12297K(12800K)->12297K(12800K) Class: 1941K(2304K)->1941K(2304K)
[293.444s][info][gc             ] GC(549) Pause Young (Allocation Failure) 556M->10M(1979M) 44.834ms
[293.444s][info][gc,cpu         ] GC(549) User=0.05s Sys=0.00s Real=0.04s
[293.956s][info][gc,start       ] GC(550) Pause Young (Allocation Failure)
[294.001s][info][gc,heap        ] GC(550) DefNew: 560493K(629248K)->1142K(629248K) Eden: 559360K(559360K)->0K(559360K) From: 1133K(69888K)->1142K(69888K)
[294.001s][info][gc,heap        ] GC(550) Tenured: 9519K(1398144K)->9589K(1398144K)
[294.001s][info][gc,metaspace   ] GC(550) Metaspace: 14238K(15104K)->14238K(15104K) NonClass: 12297K(12800K)->12297K(12800K) Class: 1941K(2304K)->1941K(2304K)
[294.002s][info][gc             ] GC(550) Pause Young (Allocation Failure) 556M->10M(1979M) 45.920ms
[294.002s][info][gc,cpu         ] GC(550) User=0.03s Sys=0.00s Real=0.03s
[294.577s][info][gc,start       ] GC(551) Pause Young (Allocation Failure)
[294.632s][info][gc,heap        ] GC(551) DefNew: 560502K(629248K)->1147K(629248K) Eden: 559360K(559360K)->0K(559360K) From: 1142K(69888K)->1147K(69888K)
[294.632s][info][gc,heap        ] GC(551) Tenured: 9589K(1398144K)->9663K(1398144K)
[294.632s][info][gc,metaspace   ] GC(551) Metaspace: 14238K(15104K)->14238K(15104K) NonClass: 12297K(12800K)->12297K(12800K) Class: 1941K(2304K)->1941K(2304K)
[294.632s][info][gc             ] GC(551) Pause Young (Allocation Failure) 556M->10M(1979M) 54.691ms
[294.632s][info][gc,cpu         ] GC(551) User=0.05s Sys=0.00s Real=0.05s
[295.154s][info][gc,start       ] GC(552) Pause Young (Allocation Failure)
[295.197s][info][gc,heap        ] GC(552) DefNew: 560507K(629248K)->1154K(629248K) Eden: 559360K(559360K)->0K(559360K) From: 1147K(69888K)->1154K(69888K)
[295.197s][info][gc,heap        ] GC(552) Tenured: 9663K(1398144K)->9737K(1398144K)
[295.197s][info][gc,metaspace   ] GC(552) Metaspace: 14238K(15104K)->14238K(15104K) NonClass: 12297K(12800K)->12297K(12800K) Class: 1941K(2304K)->1941K(2304K)
[295.197s][info][gc             ] GC(552) Pause Young (Allocation Failure) 556M->10M(1979M) 42.743ms
[295.197s][info][gc,cpu         ] GC(552) User=0.03s Sys=0.00s Real=0.04s
[295.725s][info][gc,start       ] GC(553) Pause Young (Allocation Failure)
[295.780s][info][gc,heap        ] GC(553) DefNew: 560514K(629248K)->1162K(629248K) Eden: 559360K(559360K)->0K(559360K) From: 1154K(69888K)->1162K(69888K)
[295.780s][info][gc,heap        ] GC(553) Tenured: 9737K(1398144K)->9808K(1398144K)
[295.780s][info][gc,metaspace   ] GC(553) Metaspace: 14238K(15104K)->14238K(15104K) NonClass: 12297K(12800K)->12297K(12800K) Class: 1941K(2304K)->1941K(2304K)
[295.780s][info][gc             ] GC(553) Pause Young (Allocation Failure) 556M->10M(1979M) 54.887ms
[295.780s][info][gc,cpu         ] GC(553) User=0.06s Sys=0.00s Real=0.05s
[296.292s][info][gc,start       ] GC(554) Pause Young (Allocation Failure)
[296.347s][info][gc,heap        ] GC(554) DefNew: 560522K(629248K)->1168K(629248K) Eden: 559360K(559360K)->0K(559360K) From: 1162K(69888K)->1168K(69888K)
[296.347s][info][gc,heap        ] GC(554) Tenured: 9808K(1398144K)->9883K(1398144K)
[296.347s][info][gc,metaspace   ] GC(554) Metaspace: 14238K(15104K)->14238K(15104K) NonClass: 12297K(12800K)->12297K(12800K) Class: 1941K(2304K)->1941K(2304K)
[296.347s][info][gc             ] GC(554) Pause Young (Allocation Failure) 556M->10M(1979M) 55.168ms
[296.347s][info][gc,cpu         ] GC(554) User=0.05s Sys=0.00s Real=0.05s
[296.858s][info][gc,start       ] GC(555) Pause Young (Allocation Failure)
[296.905s][info][gc,heap        ] GC(555) DefNew: 560528K(629248K)->1170K(629248K) Eden: 559360K(559360K)->0K(559360K) From: 1168K(69888K)->1170K(69888K)
[296.905s][info][gc,heap        ] GC(555) Tenured: 9883K(1398144K)->9961K(1398144K)
[296.905s][info][gc,metaspace   ] GC(555) Metaspace: 14238K(15104K)->14238K(15104K) NonClass: 12297K(12800K)->12297K(12800K) Class: 1941K(2304K)->1941K(2304K)
[296.905s][info][gc             ] GC(555) Pause Young (Allocation Failure) 557M->10M(1979M) 46.914ms
[296.905s][info][gc,cpu         ] GC(555) User=0.05s Sys=0.00s Real=0.05s
[297.412s][info][gc,start       ] GC(556) Pause Young (Allocation Failure)
[297.472s][info][gc,heap        ] GC(556) DefNew: 560530K(629248K)->1172K(629248K) Eden: 559360K(559360K)->0K(559360K) From: 1170K(69888K)->1172K(69888K)
[297.472s][info][gc,heap        ] GC(556) Tenured: 9961K(1398144K)->10035K(1398144K)
[297.472s][info][gc,metaspace   ] GC(556) Metaspace: 14238K(15104K)->14238K(15104K) NonClass: 12297K(12800K)->12297K(12800K) Class: 1941K(2304K)->1941K(2304K)
[297.472s][info][gc             ] GC(556) Pause Young (Allocation Failure) 557M->10M(1979M) 60.039ms
[297.472s][info][gc,cpu         ] GC(556) User=0.06s Sys=0.00s Real=0.06s
[297.985s][info][gc,start       ] GC(557) Pause Young (Allocation Failure)
[298.047s][info][gc,heap        ] GC(557) DefNew: 560532K(629248K)->1178K(629248K) Eden: 559360K(559360K)->0K(559360K) From: 1172K(69888K)->1178K(69888K)
[298.047s][info][gc,heap        ] GC(557) Tenured: 10035K(1398144K)->10109K(1398144K)
[298.047s][info][gc,metaspace   ] GC(557) Metaspace: 14238K(15104K)->14238K(15104K) NonClass: 12297K(12800K)->12297K(12800K) Class: 1941K(2304K)->1941K(2304K)
[298.047s][info][gc             ] GC(557) Pause Young (Allocation Failure) 557M->11M(1979M) 61.327ms
[298.047s][info][gc,cpu         ] GC(557) User=0.05s Sys=0.00s Real=0.05s
[298.558s][info][gc,start       ] GC(558) Pause Young (Allocation Failure)
[298.614s][info][gc,heap        ] GC(558) DefNew: 560538K(629248K)->1179K(629248K) Eden: 559360K(559360K)->0K(559360K) From: 1178K(69888K)->1179K(69888K)
[298.614s][info][gc,heap        ] GC(558) Tenured: 10109K(1398144K)->10186K(1398144K)
[298.614s][info][gc,metaspace   ] GC(558) Metaspace: 14238K(15104K)->14238K(15104K) NonClass: 12297K(12800K)->12297K(12800K) Class: 1941K(2304K)->1941K(2304K)
[298.614s][info][gc             ] GC(558) Pause Young (Allocation Failure) 557M->11M(1979M) 56.530ms
[298.614s][info][gc,cpu         ] GC(558) User=0.06s Sys=0.00s Real=0.06s
[299.149s][info][gc,start       ] GC(559) Pause Young (Allocation Failure)
[299.203s][info][gc,heap        ] GC(559) DefNew: 560539K(629248K)->1184K(629248K) Eden: 559360K(559360K)->0K(559360K) From: 1179K(69888K)->1184K(69888K)
[299.203s][info][gc,heap        ] GC(559) Tenured: 10186K(1398144K)->10261K(1398144K)
[299.203s][info][gc,metaspace   ] GC(559) Metaspace: 14238K(15104K)->14238K(15104K) NonClass: 12297K(12800K)->12297K(12800K) Class: 1941K(2304K)->1941K(2304K)
[299.203s][info][gc             ] GC(559) Pause Young (Allocation Failure) 557M->11M(1979M) 54.008ms
[299.203s][info][gc,cpu         ] GC(559) User=0.06s Sys=0.00s Real=0.05s
[299.715s][info][gc,start       ] GC(560) Pause Young (Allocation Failure)
[299.771s][info][gc,heap        ] GC(560) DefNew: 560544K(629248K)->1183K(629248K) Eden: 559360K(559360K)->0K(559360K) From: 1184K(69888K)->1183K(69888K)
[299.771s][info][gc,heap        ] GC(560) Tenured: 10261K(1398144K)->10340K(1398144K)
[299.771s][info][gc,metaspace   ] GC(560) Metaspace: 14238K(15104K)->14238K(15104K) NonClass: 12297K(12800K)->12297K(12800K) Class: 1941K(2304K)->1941K(2304K)
[299.771s][info][gc             ] GC(560) Pause Young (Allocation Failure) 557M->11M(1979M) 55.954ms
[299.771s][info][gc,cpu         ] GC(560) User=0.06s Sys=0.00s Real=0.06s
[300.285s][info][gc,start       ] GC(561) Pause Young (Allocation Failure)
[300.342s][info][gc,heap        ] GC(561) DefNew: 560543K(629248K)->1184K(629248K) Eden: 559360K(559360K)->0K(559360K) From: 1183K(69888K)->1184K(69888K)
[300.342s][info][gc,heap        ] GC(561) Tenured: 10340K(1398144K)->10418K(1398144K)
[300.342s][info][gc,metaspace   ] GC(561) Metaspace: 14238K(15104K)->14238K(15104K) NonClass: 12297K(12800K)->12297K(12800K) Class: 1941K(2304K)->1941K(2304K)
[300.342s][info][gc             ] GC(561) Pause Young (Allocation Failure) 557M->11M(1979M) 57.364ms
[300.342s][info][gc,cpu         ] GC(561) User=0.05s Sys=0.00s Real=0.06s
[300.849s][info][gc,start       ] GC(562) Pause Young (Allocation Failure)
[300.908s][info][gc,heap        ] GC(562) DefNew: 560544K(629248K)->1188K(629248K) Eden: 559360K(559360K)->0K(559360K) From: 1184K(69888K)->1188K(69888K)
[300.909s][info][gc,heap        ] GC(562) Tenured: 10418K(1398144K)->10492K(1398144K)
[300.909s][info][gc,metaspace   ] GC(562) Metaspace: 14238K(15104K)->14238K(15104K) NonClass: 12297K(12800K)->12297K(12800K) Class: 1941K(2304K)->1941K(2304K)
[300.909s][info][gc             ] GC(562) Pause Young (Allocation Failure) 557M->11M(1979M) 59.568ms
[300.909s][info][gc,cpu         ] GC(562) User=0.06s Sys=0.00s Real=0.06s
[301.391s][info][gc,start       ] GC(563) Pause Young (Allocation Failure)
[301.444s][info][gc,heap        ] GC(563) DefNew: 560548K(629248K)->1187K(629248K) Eden: 559360K(559360K)->0K(559360K) From: 1188K(69888K)->1187K(69888K)
[301.444s][info][gc,heap        ] GC(563) Tenured: 10492K(1398144K)->10570K(1398144K)
[301.444s][info][gc,metaspace   ] GC(563) Metaspace: 14238K(15104K)->14238K(15104K) NonClass: 12297K(12800K)->12297K(12800K) Class: 1941K(2304K)->1941K(2304K)
[301.444s][info][gc             ] GC(563) Pause Young (Allocation Failure) 557M->11M(1979M) 53.072ms
[301.444s][info][gc,cpu         ] GC(563) User=0.05s Sys=0.00s Real=0.05s
[301.914s][info][gc,start       ] GC(564) Pause Young (Allocation Failure)
[301.967s][info][gc,heap        ] GC(564) DefNew: 560547K(629248K)->1185K(629248K) Eden: 559360K(559360K)->0K(559360K) From: 1187K(69888K)->1185K(69888K)
[301.967s][info][gc,heap        ] GC(564) Tenured: 10570K(1398144K)->10641K(1398144K)
[301.967s][info][gc,metaspace   ] GC(564) Metaspace: 14238K(15104K)->14238K(15104K) NonClass: 12297K(12800K)->12297K(12800K) Class: 1941K(2304K)->1941K(2304K)
[301.967s][info][gc             ] GC(564) Pause Young (Allocation Failure) 557M->11M(1979M) 52.401ms
[301.967s][info][gc,cpu         ] GC(564) User=0.05s Sys=0.00s Real=0.04s
[302.055s][info][gc,start       ] GC(565) Pause Full (System.gc())
[302.055s][info][gc,phases,start] GC(565) Phase 1: Mark live objects
[302.095s][info][gc,phases      ] GC(565) Phase 1: Mark live objects 39.736ms
[302.095s][info][gc,phases,start] GC(565) Phase 2: Compute new object addresses
[302.105s][info][gc,phases      ] GC(565) Phase 2: Compute new object addresses 9.793ms
[302.105s][info][gc,phases,start] GC(565) Phase 3: Adjust pointers
[302.132s][info][gc,phases      ] GC(565) Phase 3: Adjust pointers 27.106ms
[302.132s][info][gc,phases,start] GC(565) Phase 4: Move objects
[302.132s][info][gc,phases      ] GC(565) Phase 4: Move objects 0.013ms
[302.132s][info][gc,heap        ] GC(565) DefNew: 35525K(629248K)->0K(629248K) Eden: 34340K(559360K)->0K(559360K) From: 1185K(69888K)->0K(69888K)
[302.132s][info][gc,heap        ] GC(565) Tenured: 10641K(1398144K)->10642K(1398144K)
[302.132s][info][gc,metaspace   ] GC(565) Metaspace: 14238K(15104K)->14238K(15104K) NonClass: 12297K(12800K)->12297K(12800K) Class: 1941K(2304K)->1941K(2304K)
[302.132s][info][gc             ] GC(565) Pause Full (System.gc()) 45M->10M(1979M) 77.012ms
[302.132s][info][gc,cpu         ] GC(565) User=0.08s Sys=0.00s Real=0.08s
[302.553s][info][gc,start       ] GC(566) Pause Young (Allocation Failure)
[302.595s][info][gc,heap        ] GC(566) DefNew: 559360K(629248K)->1528K(629248K) Eden: 559360K(559360K)->0K(559360K) From: 0K(69888K)->1528K(69888K)
[302.595s][info][gc,heap        ] GC(566) Tenured: 10642K(1398144K)->10642K(1398144K)
[302.595s][info][gc,metaspace   ] GC(566) Metaspace: 14238K(15104K)->14238K(15104K) NonClass: 12297K(12800K)->12297K(12800K) Class: 1941K(2304K)->1941K(2304K)
[302.595s][info][gc             ] GC(566) Pause Young (Allocation Failure) 556M->11M(1979M) 42.830ms
[302.595s][info][gc,cpu         ] GC(566) User=0.05s Sys=0.00s Real=0.04s
[303.083s][info][gc,start       ] GC(567) Pause Young (Allocation Failure)
[303.138s][info][gc,heap        ] GC(567) DefNew: 560888K(629248K)->1606K(629248K) Eden: 559360K(559360K)->0K(559360K) From: 1528K(69888K)->1606K(69888K)
[303.138s][info][gc,heap        ] GC(567) Tenured: 10642K(1398144K)->10642K(1398144K)
[303.138s][info][gc,metaspace   ] GC(567) Metaspace: 14238K(15104K)->14238K(15104K) NonClass: 12297K(12800K)->12297K(12800K) Class: 1941K(2304K)->1941K(2304K)
[303.138s][info][gc             ] GC(567) Pause Young (Allocation Failure) 558M->11M(1979M) 54.444ms
[303.138s][info][gc,cpu         ] GC(567) User=0.05s Sys=0.00s Real=0.05s
[303.628s][info][gc,start       ] GC(568) Pause Young (Allocation Failure)
[303.681s][info][gc,heap        ] GC(568) DefNew: 560966K(629248K)->1681K(629248K) Eden: 559360K(559360K)->0K(559360K) From: 1606K(69888K)->1681K(69888K)
[303.681s][info][gc,heap        ] GC(568) Tenured: 10642K(1398144K)->10642K(1398144K)
[303.681s][info][gc,metaspace   ] GC(568) Metaspace: 14238K(15104K)->14238K(15104K) NonClass: 12297K(12800K)->12297K(12800K) Class: 1941K(2304K)->1941K(2304K)
[303.681s][info][gc             ] GC(568) Pause Young (Allocation Failure) 558M->12M(1979M) 53.681ms
[303.682s][info][gc,cpu         ] GC(568) User=0.05s Sys=0.00s Real=0.05s
[304.195s][info][gc,start       ] GC(569) Pause Young (Allocation Failure)
[304.240s][info][gc,heap        ] GC(569) DefNew: 561041K(629248K)->1757K(629248K) Eden: 559360K(559360K)->0K(559360K) From: 1681K(69888K)->1757K(69888K)
[304.240s][info][gc,heap        ] GC(569) Tenured: 10642K(1398144K)->10642K(1398144K)
[304.240s][info][gc,metaspace   ] GC(569) Metaspace: 14238K(15104K)->14238K(15104K) NonClass: 12297K(12800K)->12297K(12800K) Class: 1941K(2304K)->1941K(2304K)
[304.240s][info][gc             ] GC(569) Pause Young (Allocation Failure) 558M->12M(1979M) 45.013ms
[304.240s][info][gc,cpu         ] GC(569) User=0.03s Sys=0.00s Real=0.03s
[304.724s][info][gc,start       ] GC(570) Pause Young (Allocation Failure)
[304.770s][info][gc,heap        ] GC(570) DefNew: 561117K(629248K)->1834K(629248K) Eden: 559360K(559360K)->0K(559360K) From: 1757K(69888K)->1834K(69888K)
[304.770s][info][gc,heap        ] GC(570) Tenured: 10642K(1398144K)->10642K(1398144K)
[304.770s][info][gc,metaspace   ] GC(570) Metaspace: 14238K(15104K)->14238K(15104K) NonClass: 12297K(12800K)->12297K(12800K) Class: 1941K(2304K)->1941K(2304K)
[304.770s][info][gc             ] GC(570) Pause Young (Allocation Failure) 558M->12M(1979M) 46.558ms
[304.770s][info][gc,cpu         ] GC(570) User=0.03s Sys=0.00s Real=0.03s
[305.258s][info][gc,start       ] GC(571) Pause Young (Allocation Failure)
[305.303s][info][gc,heap        ] GC(571) DefNew: 561193K(629248K)->1910K(629248K) Eden: 559359K(559360K)->0K(559360K) From: 1834K(69888K)->1910K(69888K)
[305.304s][info][gc,heap        ] GC(571) Tenured: 10642K(1398144K)->10642K(1398144K)
[305.304s][info][gc,metaspace   ] GC(571) Metaspace: 14238K(15104K)->14238K(15104K) NonClass: 12297K(12800K)->12297K(12800K) Class: 1941K(2304K)->1941K(2304K)
[305.304s][info][gc             ] GC(571) Pause Young (Allocation Failure) 558M->12M(1979M) 45.272ms
[305.304s][info][gc,cpu         ] GC(571) User=0.03s Sys=0.00s Real=0.03s
[305.825s][info][gc,start       ] GC(572) Pause Young (Allocation Failure)
[305.868s][info][gc,heap        ] GC(572) DefNew: 561270K(629248K)->1989K(629248K) Eden: 559360K(559360K)->0K(559360K) From: 1910K(69888K)->1989K(69888K)
[305.868s][info][gc,heap        ] GC(572) Tenured: 10642K(1398144K)->10642K(1398144K)
[305.868s][info][gc,metaspace   ] GC(572) Metaspace: 14238K(15104K)->14238K(15104K) NonClass: 12297K(12800K)->12297K(12800K) Class: 1941K(2304K)->1941K(2304K)
[305.868s][info][gc             ] GC(572) Pause Young (Allocation Failure) 558M->12M(1979M) 42.618ms
[305.868s][info][gc,cpu         ] GC(572) User=0.03s Sys=0.00s Real=0.04s
[306.340s][info][gc,start       ] GC(573) Pause Young (Allocation Failure)
[306.385s][info][gc,heap        ] GC(573) DefNew: 561349K(629248K)->2063K(629248K) Eden: 559360K(559360K)->0K(559360K) From: 1989K(69888K)->2063K(69888K)
[306.385s][info][gc,heap        ] GC(573) Tenured: 10642K(1398144K)->10642K(1398144K)
[306.385s][info][gc,metaspace   ] GC(573) Metaspace: 14238K(15104K)->14238K(15104K) NonClass: 12297K(12800K)->12297K(12800K) Class: 1941K(2304K)->1941K(2304K)
[306.385s][info][gc             ] GC(573) Pause Young (Allocation Failure) 558M->12M(1979M) 45.656ms
[306.385s][info][gc,cpu         ] GC(573) User=0.03s Sys=0.00s Real=0.03s
[306.879s][info][gc,start       ] GC(574) Pause Young (Allocation Failure)
[306.933s][info][gc,heap        ] GC(574) DefNew: 561423K(629248K)->2138K(629248K) Eden: 559360K(559360K)->0K(559360K) From: 2063K(69888K)->2138K(69888K)
[306.933s][info][gc,heap        ] GC(574) Tenured: 10642K(1398144K)->10642K(1398144K)
[306.933s][info][gc,metaspace   ] GC(574) Metaspace: 14238K(15104K)->14238K(15104K) NonClass: 12297K(12800K)->12297K(12800K) Class: 1941K(2304K)->1941K(2304K)
[306.933s][info][gc             ] GC(574) Pause Young (Allocation Failure) 558M->12M(1979M) 53.935ms
[306.933s][info][gc,cpu         ] GC(574) User=0.05s Sys=0.00s Real=0.05s
[307.393s][info][gc,start       ] GC(575) Pause Young (Allocation Failure)
[307.450s][info][gc,heap        ] GC(575) DefNew: 561498K(629248K)->2206K(629248K) Eden: 559360K(559360K)->0K(559360K) From: 2138K(69888K)->2206K(69888K)
[307.450s][info][gc,heap        ] GC(575) Tenured: 10642K(1398144K)->10642K(1398144K)
[307.450s][info][gc,metaspace   ] GC(575) Metaspace: 14238K(15104K)->14238K(15104K) NonClass: 12297K(12800K)->12297K(12800K) Class: 1941K(2304K)->1941K(2304K)
[307.450s][info][gc             ] GC(575) Pause Young (Allocation Failure) 558M->12M(1979M) 56.410ms
[307.450s][info][gc,cpu         ] GC(575) User=0.05s Sys=0.00s Real=0.06s
[307.926s][info][gc,start       ] GC(576) Pause Young (Allocation Failure)
[307.983s][info][gc,heap        ] GC(576) DefNew: 561566K(629248K)->2284K(629248K) Eden: 559360K(559360K)->0K(559360K) From: 2206K(69888K)->2284K(69888K)
[307.983s][info][gc,heap        ] GC(576) Tenured: 10642K(1398144K)->10642K(1398144K)
[307.983s][info][gc,metaspace   ] GC(576) Metaspace: 14238K(15104K)->14238K(15104K) NonClass: 12297K(12800K)->12297K(12800K) Class: 1941K(2304K)->1941K(2304K)
[307.983s][info][gc             ] GC(576) Pause Young (Allocation Failure) 558M->12M(1979M) 56.606ms
[307.983s][info][gc,cpu         ] GC(576) User=0.05s Sys=0.00s Real=0.05s
[308.462s][info][gc,start       ] GC(577) Pause Young (Allocation Failure)
[308.521s][info][gc,heap        ] GC(577) DefNew: 561644K(629248K)->2356K(629248K) Eden: 559360K(559360K)->0K(559360K) From: 2284K(69888K)->2356K(69888K)
[308.521s][info][gc,heap        ] GC(577) Tenured: 10642K(1398144K)->10642K(1398144K)
[308.521s][info][gc,metaspace   ] GC(577) Metaspace: 14238K(15104K)->14238K(15104K) NonClass: 12297K(12800K)->12297K(12800K) Class: 1941K(2304K)->1941K(2304K)
[308.521s][info][gc             ] GC(577) Pause Young (Allocation Failure) 558M->12M(1979M) 58.801ms
[308.521s][info][gc,cpu         ] GC(577) User=0.05s Sys=0.00s Real=0.05s
[309.124s][info][gc,start       ] GC(578) Pause Young (Allocation Failure)
[309.186s][info][gc,heap        ] GC(578) DefNew: 561716K(629248K)->2430K(629248K) Eden: 559360K(559360K)->0K(559360K) From: 2356K(69888K)->2430K(69888K)
[309.186s][info][gc,heap        ] GC(578) Tenured: 10642K(1398144K)->10642K(1398144K)
[309.186s][info][gc,metaspace   ] GC(578) Metaspace: 14238K(15104K)->14238K(15104K) NonClass: 12297K(12800K)->12297K(12800K) Class: 1941K(2304K)->1941K(2304K)
[309.186s][info][gc             ] GC(578) Pause Young (Allocation Failure) 558M->12M(1979M) 62.008ms
[309.186s][info][gc,cpu         ] GC(578) User=0.05s Sys=0.00s Real=0.05s
[309.677s][info][gc,start       ] GC(579) Pause Young (Allocation Failure)
[309.718s][info][gc,heap        ] GC(579) DefNew: 561790K(629248K)->2506K(629248K) Eden: 559360K(559360K)->0K(559360K) From: 2430K(69888K)->2506K(69888K)
[309.718s][info][gc,heap        ] GC(579) Tenured: 10642K(1398144K)->10642K(1398144K)
[309.718s][info][gc,metaspace   ] GC(579) Metaspace: 14238K(15104K)->14238K(15104K) NonClass: 12297K(12800K)->12297K(12800K) Class: 1941K(2304K)->1941K(2304K)
[309.718s][info][gc             ] GC(579) Pause Young (Allocation Failure) 559M->12M(1979M) 41.206ms
[309.718s][info][gc,cpu         ] GC(579) User=0.03s Sys=0.00s Real=0.04s
[310.209s][info][gc,start       ] GC(580) Pause Young (Allocation Failure)
[310.252s][info][gc,heap        ] GC(580) DefNew: 561866K(629248K)->2580K(629248K) Eden: 559360K(559360K)->0K(559360K) From: 2506K(69888K)->2580K(69888K)
[310.252s][info][gc,heap        ] GC(580) Tenured: 10642K(1398144K)->10642K(1398144K)
[310.252s][info][gc,metaspace   ] GC(580) Metaspace: 14238K(15104K)->14238K(15104K) NonClass: 12297K(12800K)->12297K(12800K) Class: 1941K(2304K)->1941K(2304K)
[310.252s][info][gc             ] GC(580) Pause Young (Allocation Failure) 559M->12M(1979M) 43.605ms
[310.252s][info][gc,cpu         ] GC(580) User=0.05s Sys=0.00s Real=0.04s
[310.745s][info][gc,start       ] GC(581) Pause Young (Allocation Failure)
[310.799s][info][gc,heap        ] GC(581) DefNew: 561940K(629248K)->1135K(629248K) Eden: 559360K(559360K)->0K(559360K) From: 2580K(69888K)->1135K(69888K)
[310.799s][info][gc,heap        ] GC(581) Tenured: 10642K(1398144K)->12162K(1398144K)
[310.799s][info][gc,metaspace   ] GC(581) Metaspace: 14238K(15104K)->14238K(15104K) NonClass: 12297K(12800K)->12297K(12800K) Class: 1941K(2304K)->1941K(2304K)
[310.799s][info][gc             ] GC(581) Pause Young (Allocation Failure) 559M->12M(1979M) 54.760ms
[310.799s][info][gc,cpu         ] GC(581) User=0.06s Sys=0.00s Real=0.05s
[311.314s][info][gc,start       ] GC(582) Pause Young (Allocation Failure)
[311.372s][info][gc,heap        ] GC(582) DefNew: 560495K(629248K)->1138K(629248K) Eden: 559360K(559360K)->0K(559360K) From: 1135K(69888K)->1138K(69888K)
[311.372s][info][gc,heap        ] GC(582) Tenured: 12162K(1398144K)->12239K(1398144K)
[311.372s][info][gc,metaspace   ] GC(582) Metaspace: 14238K(15104K)->14238K(15104K) NonClass: 12297K(12800K)->12297K(12800K) Class: 1941K(2304K)->1941K(2304K)
[311.372s][info][gc             ] GC(582) Pause Young (Allocation Failure) 559M->13M(1979M) 57.721ms
[311.372s][info][gc,cpu         ] GC(582) User=0.05s Sys=0.00s Real=0.06s
[311.888s][info][gc,start       ] GC(583) Pause Young (Allocation Failure)
[311.947s][info][gc,heap        ] GC(583) DefNew: 560498K(629248K)->1146K(629248K) Eden: 559360K(559360K)->0K(559360K) From: 1138K(69888K)->1146K(69888K)
[311.947s][info][gc,heap        ] GC(583) Tenured: 12239K(1398144K)->12313K(1398144K)
[311.947s][info][gc,metaspace   ] GC(583) Metaspace: 14238K(15104K)->14238K(15104K) NonClass: 12297K(12800K)->12297K(12800K) Class: 1941K(2304K)->1941K(2304K)
[311.947s][info][gc             ] GC(583) Pause Young (Allocation Failure) 559M->13M(1979M) 58.761ms
[311.947s][info][gc,cpu         ] GC(583) User=0.06s Sys=0.00s Real=0.06s
[312.460s][info][gc,start       ] GC(584) Pause Young (Allocation Failure)
[312.519s][info][gc,heap        ] GC(584) DefNew: 560506K(629248K)->1149K(629248K) Eden: 559360K(559360K)->0K(559360K) From: 1146K(69888K)->1149K(69888K)
[312.519s][info][gc,heap        ] GC(584) Tenured: 12313K(1398144K)->12390K(1398144K)
[312.519s][info][gc,metaspace   ] GC(584) Metaspace: 14238K(15104K)->14238K(15104K) NonClass: 12297K(12800K)->12297K(12800K) Class: 1941K(2304K)->1941K(2304K)
[312.519s][info][gc             ] GC(584) Pause Young (Allocation Failure) 559M->13M(1979M) 59.324ms
[312.519s][info][gc,cpu         ] GC(584) User=0.05s Sys=0.00s Real=0.05s
[313.029s][info][gc,start       ] GC(585) Pause Young (Allocation Failure)
[313.091s][info][gc,heap        ] GC(585) DefNew: 560509K(629248K)->1149K(629248K) Eden: 559360K(559360K)->0K(559360K) From: 1149K(69888K)->1149K(69888K)
[313.091s][info][gc,heap        ] GC(585) Tenured: 12390K(1398144K)->12467K(1398144K)
[313.091s][info][gc,metaspace   ] GC(585) Metaspace: 14238K(15104K)->14238K(15104K) NonClass: 12297K(12800K)->12297K(12800K) Class: 1941K(2304K)->1941K(2304K)
[313.091s][info][gc             ] GC(585) Pause Young (Allocation Failure) 559M->13M(1979M) 61.719ms
[313.091s][info][gc,cpu         ] GC(585) User=0.06s Sys=0.00s Real=0.06s
[313.616s][info][gc,start       ] GC(586) Pause Young (Allocation Failure)
[313.667s][info][gc,heap        ] GC(586) DefNew: 560509K(629248K)->1160K(629248K) Eden: 559360K(559360K)->0K(559360K) From: 1149K(69888K)->1160K(69888K)
[313.668s][info][gc,heap        ] GC(586) Tenured: 12467K(1398144K)->12542K(1398144K)
[313.668s][info][gc,metaspace   ] GC(586) Metaspace: 14238K(15104K)->14238K(15104K) NonClass: 12297K(12800K)->12297K(12800K) Class: 1941K(2304K)->1941K(2304K)
[313.668s][info][gc             ] GC(586) Pause Young (Allocation Failure) 559M->13M(1979M) 51.894ms
[313.668s][info][gc,cpu         ] GC(586) User=0.05s Sys=0.00s Real=0.05s
[314.194s][info][gc,start       ] GC(587) Pause Young (Allocation Failure)
[314.248s][info][gc,heap        ] GC(587) DefNew: 560520K(629248K)->1160K(629248K) Eden: 559360K(559360K)->0K(559360K) From: 1160K(69888K)->1160K(69888K)
[314.248s][info][gc,heap        ] GC(587) Tenured: 12542K(1398144K)->12622K(1398144K)
[314.248s][info][gc,metaspace   ] GC(587) Metaspace: 14238K(15104K)->14238K(15104K) NonClass: 12297K(12800K)->12297K(12800K) Class: 1941K(2304K)->1941K(2304K)
[314.248s][info][gc             ] GC(587) Pause Young (Allocation Failure) 559M->13M(1979M) 54.602ms
[314.248s][info][gc,cpu         ] GC(587) User=0.05s Sys=0.00s Real=0.05s
[314.763s][info][gc,start       ] GC(588) Pause Young (Allocation Failure)
[314.820s][info][gc,heap        ] GC(588) DefNew: 560520K(629248K)->1166K(629248K) Eden: 559360K(559360K)->0K(559360K) From: 1160K(69888K)->1166K(69888K)
[314.820s][info][gc,heap        ] GC(588) Tenured: 12622K(1398144K)->12696K(1398144K)
[314.820s][info][gc,metaspace   ] GC(588) Metaspace: 14238K(15104K)->14238K(15104K) NonClass: 12297K(12800K)->12297K(12800K) Class: 1941K(2304K)->1941K(2304K)
[314.820s][info][gc             ] GC(588) Pause Young (Allocation Failure) 559M->13M(1979M) 56.818ms
[314.820s][info][gc,cpu         ] GC(588) User=0.05s Sys=0.00s Real=0.05s
[315.334s][info][gc,start       ] GC(589) Pause Young (Allocation Failure)
[315.392s][info][gc,heap        ] GC(589) DefNew: 560526K(629248K)->1168K(629248K) Eden: 559360K(559360K)->0K(559360K) From: 1166K(69888K)->1168K(69888K)
[315.392s][info][gc,heap        ] GC(589) Tenured: 12696K(1398144K)->12771K(1398144K)
[315.392s][info][gc,metaspace   ] GC(589) Metaspace: 14238K(15104K)->14238K(15104K) NonClass: 12297K(12800K)->12297K(12800K) Class: 1941K(2304K)->1941K(2304K)
[315.392s][info][gc             ] GC(589) Pause Young (Allocation Failure) 559M->13M(1979M) 57.969ms
[315.392s][info][gc,cpu         ] GC(589) User=0.06s Sys=0.00s Real=0.06s
[315.903s][info][gc,start       ] GC(590) Pause Young (Allocation Failure)
[315.962s][info][gc,heap        ] GC(590) DefNew: 560528K(629248K)->1177K(629248K) Eden: 559360K(559360K)->0K(559360K) From: 1168K(69888K)->1177K(69888K)
[315.962s][info][gc,heap        ] GC(590) Tenured: 12771K(1398144K)->12839K(1398144K)
[315.962s][info][gc,metaspace   ] GC(590) Metaspace: 14238K(15104K)->14238K(15104K) NonClass: 12297K(12800K)->12297K(12800K) Class: 1941K(2304K)->1941K(2304K)
[315.962s][info][gc             ] GC(590) Pause Young (Allocation Failure) 559M->13M(1979M) 59.100ms
[315.962s][info][gc,cpu         ] GC(590) User=0.06s Sys=0.00s Real=0.06s
[316.476s][info][gc,start       ] GC(591) Pause Young (Allocation Failure)
[316.536s][info][gc,heap        ] GC(591) DefNew: 560537K(629248K)->1181K(629248K) Eden: 559360K(559360K)->0K(559360K) From: 1177K(69888K)->1181K(69888K)
[316.536s][info][gc,heap        ] GC(591) Tenured: 12839K(1398144K)->12916K(1398144K)
[316.536s][info][gc,metaspace   ] GC(591) Metaspace: 14238K(15104K)->14238K(15104K) NonClass: 12297K(12800K)->12297K(12800K) Class: 1941K(2304K)->1941K(2304K)
[316.536s][info][gc             ] GC(591) Pause Young (Allocation Failure) 559M->13M(1979M) 60.198ms
[316.536s][info][gc,cpu         ] GC(591) User=0.06s Sys=0.00s Real=0.06s
[317.052s][info][gc,start       ] GC(592) Pause Young (Allocation Failure)
[317.111s][info][gc,heap        ] GC(592) DefNew: 560541K(629248K)->1191K(629248K) Eden: 559360K(559360K)->0K(559360K) From: 1181K(69888K)->1191K(69888K)
[317.111s][info][gc,heap        ] GC(592) Tenured: 12916K(1398144K)->12987K(1398144K)
[317.111s][info][gc,metaspace   ] GC(592) Metaspace: 14238K(15104K)->14238K(15104K) NonClass: 12297K(12800K)->12297K(12800K) Class: 1941K(2304K)->1941K(2304K)
[317.111s][info][gc             ] GC(592) Pause Young (Allocation Failure) 560M->13M(1979M) 58.810ms
[317.111s][info][gc,cpu         ] GC(592) User=0.06s Sys=0.00s Real=0.06s
[317.651s][info][gc,start       ] GC(593) Pause Young (Allocation Failure)
[317.706s][info][gc,heap        ] GC(593) DefNew: 560551K(629248K)->1199K(629248K) Eden: 559360K(559360K)->0K(559360K) From: 1191K(69888K)->1199K(69888K)
[317.706s][info][gc,heap        ] GC(593) Tenured: 12987K(1398144K)->13061K(1398144K)
[317.706s][info][gc,metaspace   ] GC(593) Metaspace: 14238K(15104K)->14238K(15104K) NonClass: 12297K(12800K)->12297K(12800K) Class: 1941K(2304K)->1941K(2304K)
[317.706s][info][gc             ] GC(593) Pause Young (Allocation Failure) 560M->13M(1979M) 54.907ms
[317.706s][info][gc,cpu         ] GC(593) User=0.06s Sys=0.00s Real=0.06s
[318.218s][info][gc,start       ] GC(594) Pause Young (Allocation Failure)
[318.277s][info][gc,heap        ] GC(594) DefNew: 560559K(629248K)->1198K(629248K) Eden: 559360K(559360K)->0K(559360K) From: 1199K(69888K)->1198K(69888K)
[318.277s][info][gc,heap        ] GC(594) Tenured: 13061K(1398144K)->13138K(1398144K)
[318.277s][info][gc,metaspace   ] GC(594) Metaspace: 14238K(15104K)->14238K(15104K) NonClass: 12297K(12800K)->12297K(12800K) Class: 1941K(2304K)->1941K(2304K)
[318.277s][info][gc             ] GC(594) Pause Young (Allocation Failure) 560M->14M(1979M) 59.596ms
[318.277s][info][gc,cpu         ] GC(594) User=0.05s Sys=0.00s Real=0.05s
[318.772s][info][gc,start       ] GC(595) Pause Young (Allocation Failure)
[318.834s][info][gc,heap        ] GC(595) DefNew: 560558K(629248K)->1200K(629248K) Eden: 559360K(559360K)->0K(559360K) From: 1198K(69888K)->1200K(69888K)
[318.834s][info][gc,heap        ] GC(595) Tenured: 13138K(1398144K)->13212K(1398144K)
[318.834s][info][gc,metaspace   ] GC(595) Metaspace: 14238K(15104K)->14238K(15104K) NonClass: 12297K(12800K)->12297K(12800K) Class: 1941K(2304K)->1941K(2304K)
[318.834s][info][gc             ] GC(595) Pause Young (Allocation Failure) 560M->14M(1979M) 62.103ms
[318.834s][info][gc,cpu         ] GC(595) User=0.05s Sys=0.00s Real=0.05s
[319.282s][info][gc,start       ] GC(596) Pause Full (System.gc())
[319.282s][info][gc,phases,start] GC(596) Phase 1: Mark live objects
[319.338s][info][gc,phases      ] GC(596) Phase 1: Mark live objects 56.168ms
[319.338s][info][gc,phases,start] GC(596) Phase 2: Compute new object addresses
[319.449s][info][gc,phases      ] GC(596) Phase 2: Compute new object addresses 111.112ms
[319.449s][info][gc,phases,start] GC(596) Phase 3: Adjust pointers
[319.475s][info][gc,phases      ] GC(596) Phase 3: Adjust pointers 25.088ms
[319.475s][info][gc,phases,start] GC(596) Phase 4: Move objects
[319.475s][info][gc,phases      ] GC(596) Phase 4: Move objects 0.013ms
[319.475s][info][gc,heap        ] GC(596) DefNew: 457126K(629248K)->0K(629248K) Eden: 455925K(559360K)->0K(559360K) From: 1200K(69888K)->0K(69888K)
[319.475s][info][gc,heap        ] GC(596) Tenured: 13212K(1398144K)->13212K(1398144K)
[319.475s][info][gc,metaspace   ] GC(596) Metaspace: 14238K(15104K)->14238K(15104K) NonClass: 12297K(12800K)->12297K(12800K) Class: 1941K(2304K)->1941K(2304K)
[319.475s][info][gc             ] GC(596) Pause Full (System.gc()) 459M->12M(1979M) 192.786ms
[319.475s][info][gc,cpu         ] GC(596) User=0.19s Sys=0.00s Real=0.19s
[319.896s][info][gc,start       ] GC(597) Pause Young (Allocation Failure)
[319.940s][info][gc,heap        ] GC(597) DefNew: 559092K(629248K)->1521K(629248K) Eden: 559092K(559360K)->0K(559360K) From: 0K(69888K)->1521K(69888K)
[319.940s][info][gc,heap        ] GC(597) Tenured: 13212K(1398144K)->13212K(1398144K)
[319.940s][info][gc,metaspace   ] GC(597) Metaspace: 14238K(15104K)->14238K(15104K) NonClass: 12297K(12800K)->12297K(12800K) Class: 1941K(2304K)->1941K(2304K)
[319.940s][info][gc             ] GC(597) Pause Young (Allocation Failure) 558M->14M(1979M) 43.966ms
[319.940s][info][gc,cpu         ] GC(597) User=0.03s Sys=0.00s Real=0.03s
[320.419s][info][gc,start       ] GC(598) Pause Young (Allocation Failure)
[320.465s][info][gc,heap        ] GC(598) DefNew: 560881K(629248K)->1599K(629248K) Eden: 559360K(559360K)->0K(559360K) From: 1521K(69888K)->1599K(69888K)
[320.465s][info][gc,heap        ] GC(598) Tenured: 13212K(1398144K)->13212K(1398144K)
[320.465s][info][gc,metaspace   ] GC(598) Metaspace: 14238K(15104K)->14238K(15104K) NonClass: 12297K(12800K)->12297K(12800K) Class: 1941K(2304K)->1941K(2304K)
[320.465s][info][gc             ] GC(598) Pause Young (Allocation Failure) 560M->14M(1979M) 45.990ms
[320.465s][info][gc,cpu         ] GC(598) User=0.03s Sys=0.00s Real=0.03s
[320.946s][info][gc,start       ] GC(599) Pause Young (Allocation Failure)
[320.993s][info][gc,heap        ] GC(599) DefNew: 560959K(629248K)->1670K(629248K) Eden: 559360K(559360K)->0K(559360K) From: 1599K(69888K)->1670K(69888K)
[320.993s][info][gc,heap        ] GC(599) Tenured: 13212K(1398144K)->13212K(1398144K)
[320.993s][info][gc,metaspace   ] GC(599) Metaspace: 14238K(15104K)->14238K(15104K) NonClass: 12297K(12800K)->12297K(12800K) Class: 1941K(2304K)->1941K(2304K)
[320.993s][info][gc             ] GC(599) Pause Young (Allocation Failure) 560M->14M(1979M) 47.361ms
[320.993s][info][gc,cpu         ] GC(599) User=0.03s Sys=0.00s Real=0.03s
[321.485s][info][gc,start       ] GC(600) Pause Young (Allocation Failure)
[321.528s][info][gc,heap        ] GC(600) DefNew: 561030K(629248K)->1746K(629248K) Eden: 559360K(559360K)->0K(559360K) From: 1670K(69888K)->1746K(69888K)
[321.528s][info][gc,heap        ] GC(600) Tenured: 13212K(1398144K)->13212K(1398144K)
[321.528s][info][gc,metaspace   ] GC(600) Metaspace: 14238K(15104K)->14238K(15104K) NonClass: 12297K(12800K)->12297K(12800K) Class: 1941K(2304K)->1941K(2304K)
[321.528s][info][gc             ] GC(600) Pause Young (Allocation Failure) 560M->14M(1979M) 43.105ms
[321.528s][info][gc,cpu         ] GC(600) User=0.03s Sys=0.00s Real=0.03s
[322.001s][info][gc,start       ] GC(601) Pause Young (Allocation Failure)
[322.056s][info][gc,heap        ] GC(601) DefNew: 561106K(629248K)->1815K(629248K) Eden: 559360K(559360K)->0K(559360K) From: 1746K(69888K)->1815K(69888K)
[322.056s][info][gc,heap        ] GC(601) Tenured: 13212K(1398144K)->13212K(1398144K)
[322.056s][info][gc,metaspace   ] GC(601) Metaspace: 14238K(15104K)->14238K(15104K) NonClass: 12297K(12800K)->12297K(12800K) Class: 1941K(2304K)->1941K(2304K)
[322.056s][info][gc             ] GC(601) Pause Young (Allocation Failure) 560M->14M(1979M) 54.656ms
[322.056s][info][gc,cpu         ] GC(601) User=0.05s Sys=0.00s Real=0.05s
[322.546s][info][gc,start       ] GC(602) Pause Young (Allocation Failure)
[322.602s][info][gc,heap        ] GC(602) DefNew: 561175K(629248K)->1893K(629248K) Eden: 559360K(559360K)->0K(559360K) From: 1815K(69888K)->1893K(69888K)
[322.602s][info][gc,heap        ] GC(602) Tenured: 13212K(1398144K)->13212K(1398144K)
[322.602s][info][gc,metaspace   ] GC(602) Metaspace: 14238K(15104K)->14238K(15104K) NonClass: 12297K(12800K)->12297K(12800K) Class: 1941K(2304K)->1941K(2304K)
[322.602s][info][gc             ] GC(602) Pause Young (Allocation Failure) 560M->14M(1979M) 56.086ms
[322.602s][info][gc,cpu         ] GC(602) User=0.05s Sys=0.00s Real=0.06s
[323.074s][info][gc,start       ] GC(603) Pause Young (Allocation Failure)
[323.131s][info][gc,heap        ] GC(603) DefNew: 561253K(629248K)->1964K(629248K) Eden: 559360K(559360K)->0K(559360K) From: 1893K(69888K)->1964K(69888K)
[323.131s][info][gc,heap        ] GC(603) Tenured: 13212K(1398144K)->13212K(1398144K)
[323.131s][info][gc,metaspace   ] GC(603) Metaspace: 14238K(15104K)->14238K(15104K) NonClass: 12297K(12800K)->12297K(12800K) Class: 1941K(2304K)->1941K(2304K)
[323.131s][info][gc             ] GC(603) Pause Young (Allocation Failure) 561M->14M(1979M) 57.659ms
[323.131s][info][gc,cpu         ] GC(603) User=0.06s Sys=0.00s Real=0.06s
[323.610s][info][gc,start       ] GC(604) Pause Young (Allocation Failure)
[323.656s][info][gc,heap        ] GC(604) DefNew: 561324K(629248K)->2038K(629248K) Eden: 559360K(559360K)->0K(559360K) From: 1964K(69888K)->2038K(69888K)
[323.656s][info][gc,heap        ] GC(604) Tenured: 13212K(1398144K)->13212K(1398144K)
[323.656s][info][gc,metaspace   ] GC(604) Metaspace: 14238K(15104K)->14238K(15104K) NonClass: 12297K(12800K)->12297K(12800K) Class: 1941K(2304K)->1941K(2304K)
[323.656s][info][gc             ] GC(604) Pause Young (Allocation Failure) 561M->14M(1979M) 46.276ms
[323.656s][info][gc,cpu         ] GC(604) User=0.03s Sys=0.00s Real=0.04s
[324.146s][info][gc,start       ] GC(605) Pause Young (Allocation Failure)
[324.200s][info][gc,heap        ] GC(605) DefNew: 561398K(629248K)->2112K(629248K) Eden: 559360K(559360K)->0K(559360K) From: 2038K(69888K)->2112K(69888K)
[324.200s][info][gc,heap        ] GC(605) Tenured: 13212K(1398144K)->13212K(1398144K)
[324.200s][info][gc,metaspace   ] GC(605) Metaspace: 14238K(15104K)->14238K(15104K) NonClass: 12297K(12800K)->12297K(12800K) Class: 1941K(2304K)->1941K(2304K)
[324.200s][info][gc             ] GC(605) Pause Young (Allocation Failure) 561M->14M(1979M) 53.867ms
[324.200s][info][gc,cpu         ] GC(605) User=0.05s Sys=0.00s Real=0.05s
[324.709s][info][gc,start       ] GC(606) Pause Young (Allocation Failure)
[324.762s][info][gc,heap        ] GC(606) DefNew: 561472K(629248K)->2191K(629248K) Eden: 559360K(559360K)->0K(559360K) From: 2112K(69888K)->2191K(69888K)
[324.762s][info][gc,heap        ] GC(606) Tenured: 13212K(1398144K)->13212K(1398144K)
[324.762s][info][gc,metaspace   ] GC(606) Metaspace: 14238K(15104K)->14238K(15104K) NonClass: 12297K(12800K)->12297K(12800K) Class: 1941K(2304K)->1941K(2304K)
[324.762s][info][gc             ] GC(606) Pause Young (Allocation Failure) 561M->15M(1979M) 53.358ms
[324.762s][info][gc,cpu         ] GC(606) User=0.05s Sys=0.00s Real=0.05s
[325.249s][info][gc,start       ] GC(607) Pause Young (Allocation Failure)
[325.302s][info][gc,heap        ] GC(607) DefNew: 561551K(629248K)->2265K(629248K) Eden: 559360K(559360K)->0K(559360K) From: 2191K(69888K)->2265K(69888K)
[325.302s][info][gc,heap        ] GC(607) Tenured: 13212K(1398144K)->13212K(1398144K)
[325.302s][info][gc,metaspace   ] GC(607) Metaspace: 14238K(15104K)->14238K(15104K) NonClass: 12297K(12800K)->12297K(12800K) Class: 1941K(2304K)->1941K(2304K)
[325.302s][info][gc             ] GC(607) Pause Young (Allocation Failure) 561M->15M(1979M) 53.374ms
[325.302s][info][gc,cpu         ] GC(607) User=0.03s Sys=0.00s Real=0.04s
[325.784s][info][gc,start       ] GC(608) Pause Young (Allocation Failure)
[325.828s][info][gc,heap        ] GC(608) DefNew: 561625K(629248K)->2340K(629248K) Eden: 559360K(559360K)->0K(559360K) From: 2265K(69888K)->2340K(69888K)
[325.828s][info][gc,heap        ] GC(608) Tenured: 13212K(1398144K)->13212K(1398144K)
[325.828s][info][gc,metaspace   ] GC(608) Metaspace: 14238K(15104K)->14238K(15104K) NonClass: 12297K(12800K)->12297K(12800K) Class: 1941K(2304K)->1941K(2304K)
[325.828s][info][gc             ] GC(608) Pause Young (Allocation Failure) 561M->15M(1979M) 44.364ms
[325.828s][info][gc,cpu         ] GC(608) User=0.03s Sys=0.00s Real=0.04s
[326.318s][info][gc,start       ] GC(609) Pause Young (Allocation Failure)
[326.362s][info][gc,heap        ] GC(609) DefNew: 561700K(629248K)->2412K(629248K) Eden: 559360K(559360K)->0K(559360K) From: 2340K(69888K)->2412K(69888K)
[326.362s][info][gc,heap        ] GC(609) Tenured: 13212K(1398144K)->13212K(1398144K)
[326.362s][info][gc,metaspace   ] GC(609) Metaspace: 14238K(15104K)->14238K(15104K) NonClass: 12297K(12800K)->12297K(12800K) Class: 1941K(2304K)->1941K(2304K)
[326.362s][info][gc             ] GC(609) Pause Young (Allocation Failure) 561M->15M(1979M) 44.392ms
[326.362s][info][gc,cpu         ] GC(609) User=0.05s Sys=0.00s Real=0.05s
[326.834s][info][gc,start       ] GC(610) Pause Young (Allocation Failure)
[326.892s][info][gc,heap        ] GC(610) DefNew: 561772K(629248K)->2487K(629248K) Eden: 559360K(559360K)->0K(559360K) From: 2412K(69888K)->2487K(69888K)
[326.892s][info][gc,heap        ] GC(610) Tenured: 13212K(1398144K)->13212K(1398144K)
[326.892s][info][gc,metaspace   ] GC(610) Metaspace: 14238K(15104K)->14238K(15104K) NonClass: 12297K(12800K)->12297K(12800K) Class: 1941K(2304K)->1941K(2304K)
[326.892s][info][gc             ] GC(610) Pause Young (Allocation Failure) 561M->15M(1979M) 58.254ms
[326.892s][info][gc,cpu         ] GC(610) User=0.06s Sys=0.00s Real=0.06s
[327.388s][info][gc,start       ] GC(611) Pause Young (Allocation Failure)
[327.448s][info][gc,heap        ] GC(611) DefNew: 561847K(629248K)->2562K(629248K) Eden: 559360K(559360K)->0K(559360K) From: 2487K(69888K)->2562K(69888K)
[327.448s][info][gc,heap        ] GC(611) Tenured: 13212K(1398144K)->13212K(1398144K)
[327.448s][info][gc,metaspace   ] GC(611) Metaspace: 14238K(15104K)->14238K(15104K) NonClass: 12297K(12800K)->12297K(12800K) Class: 1941K(2304K)->1941K(2304K)
[327.448s][info][gc             ] GC(611) Pause Young (Allocation Failure) 561M->15M(1979M) 59.465ms
[327.448s][info][gc,cpu         ] GC(611) User=0.05s Sys=0.00s Real=0.06s
[327.948s][info][gc,start       ] GC(612) Pause Young (Allocation Failure)
[327.993s][info][gc,heap        ] GC(612) DefNew: 561922K(629248K)->1127K(629248K) Eden: 559360K(559360K)->0K(559360K) From: 2562K(69888K)->1127K(69888K)
[327.993s][info][gc,heap        ] GC(612) Tenured: 13212K(1398144K)->14726K(1398144K)
[327.993s][info][gc,metaspace   ] GC(612) Metaspace: 14238K(15104K)->14238K(15104K) NonClass: 12297K(12800K)->12297K(12800K) Class: 1941K(2304K)->1941K(2304K)
[327.993s][info][gc             ] GC(612) Pause Young (Allocation Failure) 561M->15M(1979M) 45.183ms
[327.994s][info][gc,cpu         ] GC(612) User=0.05s Sys=0.00s Real=0.04s
[328.517s][info][gc,start       ] GC(613) Pause Young (Allocation Failure)
[328.570s][info][gc,heap        ] GC(613) DefNew: 560487K(629248K)->1137K(629248K) Eden: 559360K(559360K)->0K(559360K) From: 1127K(69888K)->1137K(69888K)
[328.570s][info][gc,heap        ] GC(613) Tenured: 14726K(1398144K)->14800K(1398144K)
[328.570s][info][gc,metaspace   ] GC(613) Metaspace: 14238K(15104K)->14238K(15104K) NonClass: 12297K(12800K)->12297K(12800K) Class: 1941K(2304K)->1941K(2304K)
[328.570s][info][gc             ] GC(613) Pause Young (Allocation Failure) 561M->15M(1979M) 52.889ms
[328.570s][info][gc,cpu         ] GC(613) User=0.05s Sys=0.00s Real=0.05s
[329.062s][info][gc,start       ] GC(614) Pause Young (Allocation Failure)
[329.117s][info][gc,heap        ] GC(614) DefNew: 560497K(629248K)->1139K(629248K) Eden: 559360K(559360K)->0K(559360K) From: 1137K(69888K)->1139K(69888K)
[329.117s][info][gc,heap        ] GC(614) Tenured: 14800K(1398144K)->14873K(1398144K)
[329.117s][info][gc,metaspace   ] GC(614) Metaspace: 14238K(15104K)->14238K(15104K) NonClass: 12297K(12800K)->12297K(12800K) Class: 1941K(2304K)->1941K(2304K)
[329.117s][info][gc             ] GC(614) Pause Young (Allocation Failure) 561M->15M(1979M) 55.636ms
[329.117s][info][gc,cpu         ] GC(614) User=0.05s Sys=0.00s Real=0.06s
[329.610s][info][gc,start       ] GC(615) Pause Young (Allocation Failure)
[329.666s][info][gc,heap        ] GC(615) DefNew: 560499K(629248K)->1141K(629248K) Eden: 559360K(559360K)->0K(559360K) From: 1139K(69888K)->1141K(69888K)
[329.666s][info][gc,heap        ] GC(615) Tenured: 14873K(1398144K)->14947K(1398144K)
[329.666s][info][gc,metaspace   ] GC(615) Metaspace: 14238K(15104K)->14238K(15104K) NonClass: 12297K(12800K)->12297K(12800K) Class: 1941K(2304K)->1941K(2304K)
[329.666s][info][gc             ] GC(615) Pause Young (Allocation Failure) 561M->15M(1979M) 56.382ms
[329.666s][info][gc,cpu         ] GC(615) User=0.05s Sys=0.00s Real=0.04s
[330.155s][info][gc,start       ] GC(616) Pause Young (Allocation Failure)
[330.212s][info][gc,heap        ] GC(616) DefNew: 560501K(629248K)->1145K(629248K) Eden: 559360K(559360K)->0K(559360K) From: 1141K(69888K)->1145K(69888K)
[330.212s][info][gc,heap        ] GC(616) Tenured: 14947K(1398144K)->15019K(1398144K)
[330.212s][info][gc,metaspace   ] GC(616) Metaspace: 14238K(15104K)->14238K(15104K) NonClass: 12297K(12800K)->12297K(12800K) Class: 1941K(2304K)->1941K(2304K)
[330.212s][info][gc             ] GC(616) Pause Young (Allocation Failure) 561M->15M(1979M) 57.415ms
[330.212s][info][gc,cpu         ] GC(616) User=0.05s Sys=0.00s Real=0.06s
[330.702s][info][gc,start       ] GC(617) Pause Young (Allocation Failure)
[330.761s][info][gc,heap        ] GC(617) DefNew: 560505K(629248K)->1142K(629248K) Eden: 559360K(559360K)->0K(559360K) From: 1145K(69888K)->1142K(69888K)
[330.761s][info][gc,heap        ] GC(617) Tenured: 15019K(1398144K)->15096K(1398144K)
[330.761s][info][gc,metaspace   ] GC(617) Metaspace: 14238K(15104K)->14238K(15104K) NonClass: 12297K(12800K)->12297K(12800K) Class: 1941K(2304K)->1941K(2304K)
[330.761s][info][gc             ] GC(617) Pause Young (Allocation Failure) 562M->15M(1979M) 59.408ms
[330.761s][info][gc,cpu         ] GC(617) User=0.05s Sys=0.00s Real=0.06s
[331.251s][info][gc,start       ] GC(618) Pause Young (Allocation Failure)
[331.311s][info][gc,heap        ] GC(618) DefNew: 560502K(629248K)->1149K(629248K) Eden: 559360K(559360K)->0K(559360K) From: 1142K(69888K)->1149K(69888K)
[331.311s][info][gc,heap        ] GC(618) Tenured: 15096K(1398144K)->15167K(1398144K)
[331.311s][info][gc,metaspace   ] GC(618) Metaspace: 14238K(15104K)->14238K(15104K) NonClass: 12297K(12800K)->12297K(12800K) Class: 1941K(2304K)->1941K(2304K)
[331.311s][info][gc             ] GC(618) Pause Young (Allocation Failure) 562M->15M(1979M) 59.792ms
[331.311s][info][gc,cpu         ] GC(618) User=0.05s Sys=0.00s Real=0.05s
[331.804s][info][gc,start       ] GC(619) Pause Young (Allocation Failure)
[331.863s][info][gc,heap        ] GC(619) DefNew: 560509K(629248K)->1152K(629248K) Eden: 559360K(559360K)->0K(559360K) From: 1149K(69888K)->1152K(69888K)
[331.863s][info][gc,heap        ] GC(619) Tenured: 15167K(1398144K)->15241K(1398144K)
[331.863s][info][gc,metaspace   ] GC(619) Metaspace: 14238K(15104K)->14238K(15104K) NonClass: 12297K(12800K)->12297K(12800K) Class: 1941K(2304K)->1941K(2304K)
[331.863s][info][gc             ] GC(619) Pause Young (Allocation Failure) 562M->16M(1979M) 58.164ms
[331.863s][info][gc,cpu         ] GC(619) User=0.05s Sys=0.00s Real=0.05s
[332.385s][info][gc,start       ] GC(620) Pause Young (Allocation Failure)
[332.438s][info][gc,heap        ] GC(620) DefNew: 560512K(629248K)->1159K(629248K) Eden: 559360K(559360K)->0K(559360K) From: 1152K(69888K)->1159K(69888K)
[332.438s][info][gc,heap        ] GC(620) Tenured: 15241K(1398144K)->15316K(1398144K)
[332.438s][info][gc,metaspace   ] GC(620) Metaspace: 14238K(15104K)->14238K(15104K) NonClass: 12297K(12800K)->12297K(12800K) Class: 1941K(2304K)->1941K(2304K)
[332.438s][info][gc             ] GC(620) Pause Young (Allocation Failure) 562M->16M(1979M) 52.781ms
[332.438s][info][gc,cpu         ] GC(620) User=0.06s Sys=0.00s Real=0.05s
[332.932s][info][gc,start       ] GC(621) Pause Young (Allocation Failure)
[332.988s][info][gc,heap        ] GC(621) DefNew: 560519K(629248K)->1158K(629248K) Eden: 559360K(559360K)->0K(559360K) From: 1159K(69888K)->1158K(69888K)
[332.988s][info][gc,heap        ] GC(621) Tenured: 15316K(1398144K)->15393K(1398144K)
[332.988s][info][gc,metaspace   ] GC(621) Metaspace: 14238K(15104K)->14238K(15104K) NonClass: 12297K(12800K)->12297K(12800K) Class: 1941K(2304K)->1941K(2304K)
[332.988s][info][gc             ] GC(621) Pause Young (Allocation Failure) 562M->16M(1979M) 56.456ms
[332.988s][info][gc,cpu         ] GC(621) User=0.05s Sys=0.00s Real=0.05s
[333.482s][info][gc,start       ] GC(622) Pause Young (Allocation Failure)
[333.538s][info][gc,heap        ] GC(622) DefNew: 560518K(629248K)->1165K(629248K) Eden: 559360K(559360K)->0K(559360K) From: 1158K(69888K)->1165K(69888K)
[333.538s][info][gc,heap        ] GC(622) Tenured: 15393K(1398144K)->15467K(1398144K)
[333.538s][info][gc,metaspace   ] GC(622) Metaspace: 14238K(15104K)->14238K(15104K) NonClass: 12297K(12800K)->12297K(12800K) Class: 1941K(2304K)->1941K(2304K)
[333.538s][info][gc             ] GC(622) Pause Young (Allocation Failure) 562M->16M(1979M) 56.055ms
[333.538s][info][gc,cpu         ] GC(622) User=0.05s Sys=0.00s Real=0.05s
[334.032s][info][gc,start       ] GC(623) Pause Young (Allocation Failure)
[334.090s][info][gc,heap        ] GC(623) DefNew: 560525K(629248K)->1168K(629248K) Eden: 559360K(559360K)->0K(559360K) From: 1165K(69888K)->1168K(69888K)
[334.090s][info][gc,heap        ] GC(623) Tenured: 15467K(1398144K)->15541K(1398144K)
[334.090s][info][gc,metaspace   ] GC(623) Metaspace: 14238K(15104K)->14238K(15104K) NonClass: 12297K(12800K)->12297K(12800K) Class: 1941K(2304K)->1941K(2304K)
[334.090s][info][gc             ] GC(623) Pause Young (Allocation Failure) 562M->16M(1979M) 57.754ms
[334.090s][info][gc,cpu         ] GC(623) User=0.05s Sys=0.00s Real=0.06s
[334.582s][info][gc,start       ] GC(624) Pause Young (Allocation Failure)
[334.640s][info][gc,heap        ] GC(624) DefNew: 560528K(629248K)->1170K(629248K) Eden: 559360K(559360K)->0K(559360K) From: 1168K(69888K)->1170K(69888K)
[334.640s][info][gc,heap        ] GC(624) Tenured: 15541K(1398144K)->15615K(1398144K)
[334.640s][info][gc,metaspace   ] GC(624) Metaspace: 14238K(15104K)->14238K(15104K) NonClass: 12297K(12800K)->12297K(12800K) Class: 1941K(2304K)->1941K(2304K)
[334.641s][info][gc             ] GC(624) Pause Young (Allocation Failure) 562M->16M(1979M) 58.249ms
[334.641s][info][gc,cpu         ] GC(624) User=0.05s Sys=0.00s Real=0.05s
[335.132s][info][gc,start       ] GC(625) Pause Young (Allocation Failure)
[335.178s][info][gc,heap        ] GC(625) DefNew: 560530K(629248K)->1171K(629248K) Eden: 559360K(559360K)->0K(559360K) From: 1170K(69888K)->1171K(69888K)
[335.178s][info][gc,heap        ] GC(625) Tenured: 15615K(1398144K)->15689K(1398144K)
[335.178s][info][gc,metaspace   ] GC(625) Metaspace: 14238K(15104K)->14238K(15104K) NonClass: 12297K(12800K)->12297K(12800K) Class: 1941K(2304K)->1941K(2304K)
[335.178s][info][gc             ] GC(625) Pause Young (Allocation Failure) 562M->16M(1979M) 45.971ms
[335.178s][info][gc,cpu         ] GC(625) User=0.03s Sys=0.00s Real=0.03s
[335.662s][info][gc,start       ] GC(626) Pause Young (Allocation Failure)
[335.712s][info][gc,heap        ] GC(626) DefNew: 560531K(629248K)->1170K(629248K) Eden: 559360K(559360K)->0K(559360K) From: 1171K(69888K)->1170K(69888K)
[335.768s][info][gc,heap        ] GC(626) Tenured: 15689K(1398144K)->15764K(1398144K)
[335.768s][info][gc,metaspace   ] GC(626) Metaspace: 14238K(15104K)->14238K(15104K) NonClass: 12297K(12800K)->12297K(12800K) Class: 1941K(2304K)->1941K(2304K)
[335.768s][info][gc             ] GC(626) Pause Young (Allocation Failure) 562M->16M(1979M) 105.913ms
[335.768s][info][gc,cpu         ] GC(626) User=0.05s Sys=0.00s Real=0.09s
[336.168s][info][gc,start       ] GC(627) Pause Young (Allocation Failure)
[336.214s][info][gc,heap        ] GC(627) DefNew: 560530K(629248K)->1150K(629248K) Eden: 559360K(559360K)->0K(559360K) From: 1170K(69888K)->1150K(69888K)
[336.214s][info][gc,heap        ] GC(627) Tenured: 15764K(1398144K)->15844K(1398144K)
[336.214s][info][gc,metaspace   ] GC(627) Metaspace: 14238K(15104K)->14238K(15104K) NonClass: 12297K(12800K)->12297K(12800K) Class: 1941K(2304K)->1941K(2304K)
[336.214s][info][gc             ] GC(627) Pause Young (Allocation Failure) 562M->16M(1979M) 45.927ms
[336.214s][info][gc,cpu         ] GC(627) User=0.05s Sys=0.00s Real=0.04s
[336.372s][info][gc,start       ] GC(628) Pause Full (System.gc())
[336.372s][info][gc,phases,start] GC(628) Phase 1: Mark live objects
[336.403s][info][gc,phases      ] GC(628) Phase 1: Mark live objects 30.629ms
[336.403s][info][gc,phases,start] GC(628) Phase 2: Compute new object addresses
[336.434s][info][gc,phases      ] GC(628) Phase 2: Compute new object addresses 31.243ms
[336.434s][info][gc,phases,start] GC(628) Phase 3: Adjust pointers
[336.456s][info][gc,phases      ] GC(628) Phase 3: Adjust pointers 22.373ms
[336.456s][info][gc,phases,start] GC(628) Phase 4: Move objects
[336.456s][info][gc,phases      ] GC(628) Phase 4: Move objects 0.012ms
[336.456s][info][gc,heap        ] GC(628) DefNew: 129472K(629248K)->0K(629248K) Eden: 128322K(559360K)->0K(559360K) From: 1150K(69888K)->0K(69888K)
[336.456s][info][gc,heap        ] GC(628) Tenured: 15844K(1398144K)->5348K(1398144K)
[336.457s][info][gc,metaspace   ] GC(628) Metaspace: 14238K(15104K)->14238K(15104K) NonClass: 12297K(12800K)->12297K(12800K) Class: 1941K(2304K)->1941K(2304K)
[336.457s][info][gc             ] GC(628) Pause Full (System.gc()) 141M->5M(1979M) 84.586ms
[336.457s][info][gc,cpu         ] GC(628) User=0.08s Sys=0.00s Real=0.08s
[336.876s][info][gc,start       ] GC(629) Pause Young (Allocation Failure)
[336.928s][info][gc,heap        ] GC(629) DefNew: 559360K(629248K)->1523K(629248K) Eden: 559360K(559360K)->0K(559360K) From: 0K(69888K)->1523K(69888K)
[336.928s][info][gc,heap        ] GC(629) Tenured: 5348K(1398144K)->5348K(1398144K)
[336.928s][info][gc,metaspace   ] GC(629) Metaspace: 14238K(15104K)->14238K(15104K) NonClass: 12297K(12800K)->12297K(12800K) Class: 1941K(2304K)->1941K(2304K)
[336.928s][info][gc             ] GC(629) Pause Young (Allocation Failure) 551M->6M(1979M) 52.643ms
[336.928s][info][gc,cpu         ] GC(629) User=0.05s Sys=0.00s Real=0.05s
[337.417s][info][gc,start       ] GC(630) Pause Young (Allocation Failure)
[337.474s][info][gc,heap        ] GC(630) DefNew: 560883K(629248K)->1600K(629248K) Eden: 559360K(559360K)->0K(559360K) From: 1523K(69888K)->1600K(69888K)
[337.474s][info][gc,heap        ] GC(630) Tenured: 5348K(1398144K)->5348K(1398144K)
[337.474s][info][gc,metaspace   ] GC(630) Metaspace: 14238K(15104K)->14238K(15104K) NonClass: 12297K(12800K)->12297K(12800K) Class: 1941K(2304K)->1941K(2304K)
[337.475s][info][gc             ] GC(630) Pause Young (Allocation Failure) 552M->6M(1979M) 57.646ms
[337.475s][info][gc,cpu         ] GC(630) User=0.06s Sys=0.00s Real=0.05s
[337.946s][info][gc,start       ] GC(631) Pause Young (Allocation Failure)
[338.004s][info][gc,heap        ] GC(631) DefNew: 560960K(629248K)->1675K(629248K) Eden: 559360K(559360K)->0K(559360K) From: 1600K(69888K)->1675K(69888K)
[338.004s][info][gc,heap        ] GC(631) Tenured: 5348K(1398144K)->5348K(1398144K)
[338.004s][info][gc,metaspace   ] GC(631) Metaspace: 14238K(15104K)->14238K(15104K) NonClass: 12297K(12800K)->12297K(12800K) Class: 1941K(2304K)->1941K(2304K)
[338.004s][info][gc             ] GC(631) Pause Young (Allocation Failure) 553M->6M(1979M) 57.448ms
[338.004s][info][gc,cpu         ] GC(631) User=0.06s Sys=0.00s Real=0.06s
[338.498s][info][gc,start       ] GC(632) Pause Young (Allocation Failure)
[338.557s][info][gc,heap        ] GC(632) DefNew: 561035K(629248K)->1749K(629248K) Eden: 559360K(559360K)->0K(559360K) From: 1675K(69888K)->1749K(69888K)
[338.557s][info][gc,heap        ] GC(632) Tenured: 5348K(1398144K)->5348K(1398144K)
[338.557s][info][gc,metaspace   ] GC(632) Metaspace: 14238K(15104K)->14238K(15104K) NonClass: 12297K(12800K)->12297K(12800K) Class: 1941K(2304K)->1941K(2304K)
[338.558s][info][gc             ] GC(632) Pause Young (Allocation Failure) 553M->6M(1979M) 59.386ms
[338.558s][info][gc,cpu         ] GC(632) User=0.05s Sys=0.00s Real=0.06s
[339.050s][info][gc,start       ] GC(633) Pause Young (Allocation Failure)
[339.110s][info][gc,heap        ] GC(633) DefNew: 561109K(629248K)->1825K(629248K) Eden: 559360K(559360K)->0K(559360K) From: 1749K(69888K)->1825K(69888K)
[339.110s][info][gc,heap        ] GC(633) Tenured: 5348K(1398144K)->5348K(1398144K)
[339.110s][info][gc,metaspace   ] GC(633) Metaspace: 14238K(15104K)->14238K(15104K) NonClass: 12297K(12800K)->12297K(12800K) Class: 1941K(2304K)->1941K(2304K)
[339.110s][info][gc             ] GC(633) Pause Young (Allocation Failure) 553M->7M(1979M) 60.159ms
[339.110s][info][gc,cpu         ] GC(633) User=0.06s Sys=0.00s Real=0.06s
[339.605s][info][gc,start       ] GC(634) Pause Young (Allocation Failure)
[339.664s][info][gc,heap        ] GC(634) DefNew: 561185K(629248K)->1901K(629248K) Eden: 559360K(559360K)->0K(559360K) From: 1825K(69888K)->1901K(69888K)
[339.664s][info][gc,heap        ] GC(634) Tenured: 5348K(1398144K)->5348K(1398144K)
[339.665s][info][gc,metaspace   ] GC(634) Metaspace: 14238K(15104K)->14238K(15104K) NonClass: 12297K(12800K)->12297K(12800K) Class: 1941K(2304K)->1941K(2304K)
[339.665s][info][gc             ] GC(634) Pause Young (Allocation Failure) 553M->7M(1979M) 59.666ms
[339.665s][info][gc,cpu         ] GC(634) User=0.06s Sys=0.00s Real=0.06s
[340.194s][info][gc,start       ] GC(635) Pause Young (Allocation Failure)
[340.249s][info][gc,heap        ] GC(635) DefNew: 561261K(629248K)->1980K(629248K) Eden: 559360K(559360K)->0K(559360K) From: 1901K(69888K)->1980K(69888K)
[340.249s][info][gc,heap        ] GC(635) Tenured: 5348K(1398144K)->5348K(1398144K)
[340.249s][info][gc,metaspace   ] GC(635) Metaspace: 14238K(15104K)->14238K(15104K) NonClass: 12297K(12800K)->12297K(12800K) Class: 1941K(2304K)->1941K(2304K)
[340.249s][info][gc             ] GC(635) Pause Young (Allocation Failure) 553M->7M(1979M) 55.215ms
[340.249s][info][gc,cpu         ] GC(635) User=0.06s Sys=0.00s Real=0.05s
[340.714s][info][gc,start       ] GC(636) Pause Young (Allocation Failure)
[340.769s][info][gc,heap        ] GC(636) DefNew: 561340K(629248K)->2055K(629248K) Eden: 559360K(559360K)->0K(559360K) From: 1980K(69888K)->2055K(69888K)
[340.769s][info][gc,heap        ] GC(636) Tenured: 5348K(1398144K)->5348K(1398144K)
[340.769s][info][gc,metaspace   ] GC(636) Metaspace: 14238K(15104K)->14238K(15104K) NonClass: 12297K(12800K)->12297K(12800K) Class: 1941K(2304K)->1941K(2304K)
[340.769s][info][gc             ] GC(636) Pause Young (Allocation Failure) 553M->7M(1979M) 54.917ms
[340.769s][info][gc,cpu         ] GC(636) User=0.05s Sys=0.00s Real=0.04s
[341.269s][info][gc,start       ] GC(637) Pause Young (Allocation Failure)
[341.324s][info][gc,heap        ] GC(637) DefNew: 561415K(629248K)->2132K(629248K) Eden: 559360K(559360K)->0K(559360K) From: 2055K(69888K)->2132K(69888K)
[341.324s][info][gc,heap        ] GC(637) Tenured: 5348K(1398144K)->5348K(1398144K)
[341.324s][info][gc,metaspace   ] GC(637) Metaspace: 14238K(15104K)->14238K(15104K) NonClass: 12297K(12800K)->12297K(12800K) Class: 1941K(2304K)->1941K(2304K)
[341.324s][info][gc             ] GC(637) Pause Young (Allocation Failure) 553M->7M(1979M) 55.154ms
[341.324s][info][gc,cpu         ] GC(637) User=0.05s Sys=0.00s Real=0.06s
[341.819s][info][gc,start       ] GC(638) Pause Young (Allocation Failure)
[341.865s][info][gc,heap        ] GC(638) DefNew: 561492K(629248K)->2208K(629248K) Eden: 559360K(559360K)->0K(559360K) From: 2132K(69888K)->2208K(69888K)
[341.865s][info][gc,heap        ] GC(638) Tenured: 5348K(1398144K)->5348K(1398144K)
[341.865s][info][gc,metaspace   ] GC(638) Metaspace: 14238K(15104K)->14238K(15104K) NonClass: 12297K(12800K)->12297K(12800K) Class: 1941K(2304K)->1941K(2304K)
[341.866s][info][gc             ] GC(638) Pause Young (Allocation Failure) 553M->7M(1979M) 46.364ms
[341.866s][info][gc,cpu         ] GC(638) User=0.05s Sys=0.00s Real=0.05s
[342.370s][info][gc,start       ] GC(639) Pause Young (Allocation Failure)
[342.421s][info][gc,heap        ] GC(639) DefNew: 561568K(629248K)->2284K(629248K) Eden: 559360K(559360K)->0K(559360K) From: 2208K(69888K)->2284K(69888K)
[342.421s][info][gc,heap        ] GC(639) Tenured: 5348K(1398144K)->5348K(1398144K)
[342.421s][info][gc,metaspace   ] GC(639) Metaspace: 14238K(15104K)->14238K(15104K) NonClass: 12297K(12800K)->12297K(12800K) Class: 1941K(2304K)->1941K(2304K)
[342.421s][info][gc             ] GC(639) Pause Young (Allocation Failure) 553M->7M(1979M) 50.832ms
[342.421s][info][gc,cpu         ] GC(639) User=0.06s Sys=0.00s Real=0.05s
[342.933s][info][gc,start       ] GC(640) Pause Young (Allocation Failure)
[342.975s][info][gc,heap        ] GC(640) DefNew: 561644K(629248K)->2361K(629248K) Eden: 559360K(559360K)->0K(559360K) From: 2284K(69888K)->2361K(69888K)
[342.975s][info][gc,heap        ] GC(640) Tenured: 5348K(1398144K)->5348K(1398144K)
[342.975s][info][gc,metaspace   ] GC(640) Metaspace: 14238K(15104K)->14238K(15104K) NonClass: 12297K(12800K)->12297K(12800K) Class: 1941K(2304K)->1941K(2304K)
[342.975s][info][gc             ] GC(640) Pause Young (Allocation Failure) 553M->7M(1979M) 42.538ms
[342.975s][info][gc,cpu         ] GC(640) User=0.05s Sys=0.00s Real=0.04s
[343.479s][info][gc,start       ] GC(641) Pause Young (Allocation Failure)
[343.531s][info][gc,heap        ] GC(641) DefNew: 561721K(629248K)->2440K(629248K) Eden: 559360K(559360K)->0K(559360K) From: 2361K(69888K)->2440K(69888K)
[343.531s][info][gc,heap        ] GC(641) Tenured: 5348K(1398144K)->5348K(1398144K)
[343.531s][info][gc,metaspace   ] GC(641) Metaspace: 14238K(15104K)->14238K(15104K) NonClass: 12297K(12800K)->12297K(12800K) Class: 1941K(2304K)->1941K(2304K)
[343.531s][info][gc             ] GC(641) Pause Young (Allocation Failure) 553M->7M(1979M) 52.475ms
[343.531s][info][gc,cpu         ] GC(641) User=0.06s Sys=0.00s Real=0.05s
[344.024s][info][gc,start       ] GC(642) Pause Young (Allocation Failure)
[344.078s][info][gc,heap        ] GC(642) DefNew: 561800K(629248K)->2512K(629248K) Eden: 559360K(559360K)->0K(559360K) From: 2440K(69888K)->2512K(69888K)
[344.079s][info][gc,heap        ] GC(642) Tenured: 5348K(1398144K)->5348K(1398144K)
[344.079s][info][gc,metaspace   ] GC(642) Metaspace: 14238K(15104K)->14238K(15104K) NonClass: 12297K(12800K)->12297K(12800K) Class: 1941K(2304K)->1941K(2304K)
[344.079s][info][gc             ] GC(642) Pause Young (Allocation Failure) 553M->7M(1979M) 54.689ms
[344.079s][info][gc,cpu         ] GC(642) User=0.06s Sys=0.00s Real=0.05s
[344.561s][info][gc,start       ] GC(643) Pause Young (Allocation Failure)
[344.618s][info][gc,heap        ] GC(643) DefNew: 561872K(629248K)->2589K(629248K) Eden: 559360K(559360K)->0K(559360K) From: 2512K(69888K)->2589K(69888K)
[344.618s][info][gc,heap        ] GC(643) Tenured: 5348K(1398144K)->5348K(1398144K)
[344.618s][info][gc,metaspace   ] GC(643) Metaspace: 14238K(15104K)->14238K(15104K) NonClass: 12297K(12800K)->12297K(12800K) Class: 1941K(2304K)->1941K(2304K)
[344.618s][info][gc             ] GC(643) Pause Young (Allocation Failure) 553M->7M(1979M) 56.742ms
[344.618s][info][gc,cpu         ] GC(643) User=0.05s Sys=0.00s Real=0.05s
[345.110s][info][gc,start       ] GC(644) Pause Young (Allocation Failure)
[345.167s][info][gc,heap        ] GC(644) DefNew: 561949K(629248K)->1149K(629248K) Eden: 559360K(559360K)->0K(559360K) From: 2589K(69888K)->1149K(69888K)
[345.167s][info][gc,heap        ] GC(644) Tenured: 5348K(1398144K)->6862K(1398144K)
[345.167s][info][gc,metaspace   ] GC(644) Metaspace: 14238K(15104K)->14238K(15104K) NonClass: 12297K(12800K)->12297K(12800K) Class: 1941K(2304K)->1941K(2304K)
[345.167s][info][gc             ] GC(644) Pause Young (Allocation Failure) 554M->7M(1979M) 56.968ms
[345.167s][info][gc,cpu         ] GC(644) User=0.03s Sys=0.00s Real=0.04s
[345.667s][info][gc,start       ] GC(645) Pause Young (Allocation Failure)
[345.726s][info][gc,heap        ] GC(645) DefNew: 560509K(629248K)->1149K(629248K) Eden: 559360K(559360K)->0K(559360K) From: 1149K(69888K)->1149K(69888K)
[345.726s][info][gc,heap        ] GC(645) Tenured: 6862K(1398144K)->6939K(1398144K)
[345.726s][info][gc,metaspace   ] GC(645) Metaspace: 14238K(15104K)->14238K(15104K) NonClass: 12297K(12800K)->12297K(12800K) Class: 1941K(2304K)->1941K(2304K)
[345.726s][info][gc             ] GC(645) Pause Young (Allocation Failure) 554M->7M(1979M) 59.813ms
[345.726s][info][gc,cpu         ] GC(645) User=0.06s Sys=0.00s Real=0.05s
[346.260s][info][gc,start       ] GC(646) Pause Young (Allocation Failure)
[346.321s][info][gc,heap        ] GC(646) DefNew: 560509K(629248K)->1151K(629248K) Eden: 559360K(559360K)->0K(559360K) From: 1149K(69888K)->1151K(69888K)
[346.321s][info][gc,heap        ] GC(646) Tenured: 6939K(1398144K)->7014K(1398144K)
[346.321s][info][gc,metaspace   ] GC(646) Metaspace: 14238K(15104K)->14238K(15104K) NonClass: 12297K(12800K)->12297K(12800K) Class: 1941K(2304K)->1941K(2304K)
[346.321s][info][gc             ] GC(646) Pause Young (Allocation Failure) 554M->7M(1979M) 61.064ms
[346.321s][info][gc,cpu         ] GC(646) User=0.05s Sys=0.00s Real=0.05s
[346.832s][info][gc,start       ] GC(647) Pause Young (Allocation Failure)
[346.873s][info][gc,heap        ] GC(647) DefNew: 560511K(629248K)->1154K(629248K) Eden: 559360K(559360K)->0K(559360K) From: 1151K(69888K)->1154K(69888K)
[346.873s][info][gc,heap        ] GC(647) Tenured: 7014K(1398144K)->7088K(1398144K)
[346.873s][info][gc,metaspace   ] GC(647) Metaspace: 14238K(15104K)->14238K(15104K) NonClass: 12297K(12800K)->12297K(12800K) Class: 1941K(2304K)->1941K(2304K)
[346.873s][info][gc             ] GC(647) Pause Young (Allocation Failure) 554M->8M(1979M) 41.425ms
[346.873s][info][gc,cpu         ] GC(647) User=0.05s Sys=0.00s Real=0.04s
[347.382s][info][gc,start       ] GC(648) Pause Young (Allocation Failure)
[347.423s][info][gc,heap        ] GC(648) DefNew: 560514K(629248K)->1155K(629248K) Eden: 559360K(559360K)->0K(559360K) From: 1154K(69888K)->1155K(69888K)
[347.423s][info][gc,heap        ] GC(648) Tenured: 7088K(1398144K)->7164K(1398144K)
[347.423s][info][gc,metaspace   ] GC(648) Metaspace: 14238K(15104K)->14238K(15104K) NonClass: 12297K(12800K)->12297K(12800K) Class: 1941K(2304K)->1941K(2304K)
[347.423s][info][gc             ] GC(648) Pause Young (Allocation Failure) 554M->8M(1979M) 41.299ms
[347.423s][info][gc,cpu         ] GC(648) User=0.03s Sys=0.00s Real=0.03s
[347.919s][info][gc,start       ] GC(649) Pause Young (Allocation Failure)
[347.964s][info][gc,heap        ] GC(649) DefNew: 560515K(629248K)->1160K(629248K) Eden: 559360K(559360K)->0K(559360K) From: 1155K(69888K)->1160K(69888K)
[347.965s][info][gc,heap        ] GC(649) Tenured: 7164K(1398144K)->7239K(1398144K)
[347.965s][info][gc,metaspace   ] GC(649) Metaspace: 14238K(15104K)->14238K(15104K) NonClass: 12297K(12800K)->12297K(12800K) Class: 1941K(2304K)->1941K(2304K)
[347.965s][info][gc             ] GC(649) Pause Young (Allocation Failure) 554M->8M(1979M) 45.078ms
[347.965s][info][gc,cpu         ] GC(649) User=0.03s Sys=0.00s Real=0.05s
[348.460s][info][gc,start       ] GC(650) Pause Young (Allocation Failure)
[348.503s][info][gc,heap        ] GC(650) DefNew: 560520K(629248K)->1157K(629248K) Eden: 559360K(559360K)->0K(559360K) From: 1160K(69888K)->1157K(69888K)
[348.503s][info][gc,heap        ] GC(650) Tenured: 7239K(1398144K)->7319K(1398144K)
[348.503s][info][gc,metaspace   ] GC(650) Metaspace: 14238K(15104K)->14238K(15104K) NonClass: 12297K(12800K)->12297K(12800K) Class: 1941K(2304K)->1941K(2304K)
[348.503s][info][gc             ] GC(650) Pause Young (Allocation Failure) 554M->8M(1979M) 43.754ms
[348.503s][info][gc,cpu         ] GC(650) User=0.03s Sys=0.00s Real=0.03s
[349.003s][info][gc,start       ] GC(651) Pause Young (Allocation Failure)
[349.049s][info][gc,heap        ] GC(651) DefNew: 560517K(629248K)->1159K(629248K) Eden: 559360K(559360K)->0K(559360K) From: 1157K(69888K)->1159K(69888K)
[349.049s][info][gc,heap        ] GC(651) Tenured: 7319K(1398144K)->7393K(1398144K)
[349.049s][info][gc,metaspace   ] GC(651) Metaspace: 14238K(15104K)->14238K(15104K) NonClass: 12297K(12800K)->12297K(12800K) Class: 1941K(2304K)->1941K(2304K)
[349.049s][info][gc             ] GC(651) Pause Young (Allocation Failure) 554M->8M(1979M) 45.904ms
[349.049s][info][gc,cpu         ] GC(651) User=0.03s Sys=0.00s Real=0.03s
[349.545s][info][gc,start       ] GC(652) Pause Young (Allocation Failure)
[349.591s][info][gc,heap        ] GC(652) DefNew: 560519K(629248K)->1156K(629248K) Eden: 559360K(559360K)->0K(559360K) From: 1159K(69888K)->1156K(69888K)
[349.591s][info][gc,heap        ] GC(652) Tenured: 7393K(1398144K)->7470K(1398144K)
[349.591s][info][gc,metaspace   ] GC(652) Metaspace: 14238K(15104K)->14238K(15104K) NonClass: 12297K(12800K)->12297K(12800K) Class: 1941K(2304K)->1941K(2304K)
[349.591s][info][gc             ] GC(652) Pause Young (Allocation Failure) 554M->8M(1979M) 45.282ms
[349.591s][info][gc,cpu         ] GC(652) User=0.03s Sys=0.00s Real=0.05s
[350.165s][info][gc,start       ] GC(653) Pause Young (Allocation Failure)
[350.218s][info][gc,heap        ] GC(653) DefNew: 560516K(629248K)->1156K(629248K) Eden: 559360K(559360K)->0K(559360K) From: 1156K(69888K)->1156K(69888K)
[350.218s][info][gc,heap        ] GC(653) Tenured: 7470K(1398144K)->7547K(1398144K)
[350.218s][info][gc,metaspace   ] GC(653) Metaspace: 14238K(15104K)->14238K(15104K) NonClass: 12297K(12800K)->12297K(12800K) Class: 1941K(2304K)->1941K(2304K)
[350.218s][info][gc             ] GC(653) Pause Young (Allocation Failure) 554M->8M(1979M) 53.874ms
[350.218s][info][gc,cpu         ] GC(653) User=0.05s Sys=0.00s Real=0.05s
[350.724s][info][gc,start       ] GC(654) Pause Young (Allocation Failure)
[350.766s][info][gc,heap        ] GC(654) DefNew: 560516K(629248K)->1156K(629248K) Eden: 559360K(559360K)->0K(559360K) From: 1156K(69888K)->1156K(69888K)
[350.766s][info][gc,heap        ] GC(654) Tenured: 7547K(1398144K)->7621K(1398144K)
[350.766s][info][gc,metaspace   ] GC(654) Metaspace: 14238K(15104K)->14238K(15104K) NonClass: 12297K(12800K)->12297K(12800K) Class: 1941K(2304K)->1941K(2304K)
[350.766s][info][gc             ] GC(654) Pause Young (Allocation Failure) 554M->8M(1979M) 41.520ms
[350.766s][info][gc,cpu         ] GC(654) User=0.03s Sys=0.00s Real=0.03s
[351.280s][info][gc,start       ] GC(655) Pause Young (Allocation Failure)
[351.333s][info][gc,heap        ] GC(655) DefNew: 560516K(629248K)->1159K(629248K) Eden: 559360K(559360K)->0K(559360K) From: 1156K(69888K)->1159K(69888K)
[351.333s][info][gc,heap        ] GC(655) Tenured: 7621K(1398144K)->7699K(1398144K)
[351.333s][info][gc,metaspace   ] GC(655) Metaspace: 14238K(15104K)->14238K(15104K) NonClass: 12297K(12800K)->12297K(12800K) Class: 1941K(2304K)->1941K(2304K)
[351.333s][info][gc             ] GC(655) Pause Young (Allocation Failure) 554M->8M(1979M) 53.366ms
[351.333s][info][gc,cpu         ] GC(655) User=0.03s Sys=0.00s Real=0.04s
[351.828s][info][gc,start       ] GC(656) Pause Young (Allocation Failure)
[351.884s][info][gc,heap        ] GC(656) DefNew: 560519K(629248K)->1160K(629248K) Eden: 559360K(559360K)->0K(559360K) From: 1159K(69888K)->1160K(69888K)
[351.884s][info][gc,heap        ] GC(656) Tenured: 7699K(1398144K)->7776K(1398144K)
[351.884s][info][gc,metaspace   ] GC(656) Metaspace: 14238K(15104K)->14238K(15104K) NonClass: 12297K(12800K)->12297K(12800K) Class: 1941K(2304K)->1941K(2304K)
[351.884s][info][gc             ] GC(656) Pause Young (Allocation Failure) 554M->8M(1979M) 55.923ms
[351.884s][info][gc,cpu         ] GC(656) User=0.05s Sys=0.00s Real=0.06s
[352.383s][info][gc,start       ] GC(657) Pause Young (Allocation Failure)
[352.439s][info][gc,heap        ] GC(657) DefNew: 560520K(629248K)->1163K(629248K) Eden: 559360K(559360K)->0K(559360K) From: 1160K(69888K)->1163K(69888K)
[352.439s][info][gc,heap        ] GC(657) Tenured: 7776K(1398144K)->7850K(1398144K)
[352.439s][info][gc,metaspace   ] GC(657) Metaspace: 14238K(15104K)->14238K(15104K) NonClass: 12297K(12800K)->12297K(12800K) Class: 1941K(2304K)->1941K(2304K)
[352.439s][info][gc             ] GC(657) Pause Young (Allocation Failure) 554M->8M(1979M) 56.308ms
[352.439s][info][gc,cpu         ] GC(657) User=0.06s Sys=0.00s Real=0.06s
[352.937s][info][gc,start       ] GC(658) Pause Young (Allocation Failure)
[352.998s][info][gc,heap        ] GC(658) DefNew: 560523K(629248K)->1160K(629248K) Eden: 559360K(559360K)->0K(559360K) From: 1163K(69888K)->1160K(69888K)
[352.998s][info][gc,heap        ] GC(658) Tenured: 7850K(1398144K)->7926K(1398144K)
[352.999s][info][gc,metaspace   ] GC(658) Metaspace: 14238K(15104K)->14238K(15104K) NonClass: 12297K(12800K)->12297K(12800K) Class: 1941K(2304K)->1941K(2304K)
[352.999s][info][gc             ] GC(658) Pause Young (Allocation Failure) 555M->8M(1979M) 61.937ms
[352.999s][info][gc,cpu         ] GC(658) User=0.05s Sys=0.00s Real=0.06s
[353.418s][info][gc,start       ] GC(659) Pause Young (Allocation Failure)
[353.482s][info][gc,heap        ] GC(659) DefNew: 560520K(629248K)->1147K(629248K) Eden: 559360K(559360K)->0K(559360K) From: 1160K(69888K)->1147K(69888K)
[353.482s][info][gc,heap        ] GC(659) Tenured: 7926K(1398144K)->8001K(1398144K)
[353.482s][info][gc,metaspace   ] GC(659) Metaspace: 14238K(15104K)->14238K(15104K) NonClass: 12297K(12800K)->12297K(12800K) Class: 1941K(2304K)->1941K(2304K)
[353.482s][info][gc             ] GC(659) Pause Young (Allocation Failure) 555M->8M(1979M) 64.398ms
[353.482s][info][gc,cpu         ] GC(659) User=0.06s Sys=0.00s Real=0.06s
[353.570s][info][gc,start       ] GC(660) Pause Full (System.gc())
[353.570s][info][gc,phases,start] GC(660) Phase 1: Mark live objects
[353.608s][info][gc,phases      ] GC(660) Phase 1: Mark live objects 37.455ms
[353.608s][info][gc,phases,start] GC(660) Phase 2: Compute new object addresses
[353.617s][info][gc,phases      ] GC(660) Phase 2: Compute new object addresses 8.806ms
[353.617s][info][gc,phases,start] GC(660) Phase 3: Adjust pointers
[353.642s][info][gc,phases      ] GC(660) Phase 3: Adjust pointers 25.402ms
[353.642s][info][gc,phases,start] GC(660) Phase 4: Move objects
[353.642s][info][gc,phases      ] GC(660) Phase 4: Move objects 0.012ms
[353.642s][info][gc,heap        ] GC(660) DefNew: 32118K(629248K)->0K(629248K) Eden: 30970K(559360K)->0K(559360K) From: 1147K(69888K)->0K(69888K)
[353.642s][info][gc,heap        ] GC(660) Tenured: 8001K(1398144K)->8001K(1398144K)
[353.642s][info][gc,metaspace   ] GC(660) Metaspace: 14238K(15104K)->14238K(15104K) NonClass: 12297K(12800K)->12297K(12800K) Class: 1941K(2304K)->1941K(2304K)
[353.642s][info][gc             ] GC(660) Pause Full (System.gc()) 39M->7M(1979M) 72.021ms
[353.642s][info][gc,cpu         ] GC(660) User=0.06s Sys=0.00s Real=0.06s
[354.065s][info][gc,start       ] GC(661) Pause Young (Allocation Failure)
[354.111s][info][gc,heap        ] GC(661) DefNew: 559360K(629248K)->1527K(629248K) Eden: 559360K(559360K)->0K(559360K) From: 0K(69888K)->1527K(69888K)
[354.111s][info][gc,heap        ] GC(661) Tenured: 8001K(1398144K)->8001K(1398144K)
[354.111s][info][gc,metaspace   ] GC(661) Metaspace: 14259K(15104K)->14259K(15104K) NonClass: 12318K(12800K)->12318K(12800K) Class: 1941K(2304K)->1941K(2304K)
[354.111s][info][gc             ] GC(661) Pause Young (Allocation Failure) 554M->9M(1979M) 45.666ms
[354.111s][info][gc,cpu         ] GC(661) User=0.05s Sys=0.00s Real=0.05s
[354.604s][info][gc,start       ] GC(662) Pause Young (Allocation Failure)
[354.657s][info][gc,heap        ] GC(662) DefNew: 560887K(629248K)->1604K(629248K) Eden: 559360K(559360K)->0K(559360K) From: 1527K(69888K)->1604K(69888K)
[354.657s][info][gc,heap        ] GC(662) Tenured: 8001K(1398144K)->8001K(1398144K)
[354.657s][info][gc,metaspace   ] GC(662) Metaspace: 14259K(15104K)->14259K(15104K) NonClass: 12318K(12800K)->12318K(12800K) Class: 1941K(2304K)->1941K(2304K)
[354.657s][info][gc             ] GC(662) Pause Young (Allocation Failure) 555M->9M(1979M) 52.827ms
[354.657s][info][gc,cpu         ] GC(662) User=0.05s Sys=0.00s Real=0.04s
[355.160s][info][gc,start       ] GC(663) Pause Young (Allocation Failure)
[355.212s][info][gc,heap        ] GC(663) DefNew: 560964K(629248K)->1681K(629248K) Eden: 559360K(559360K)->0K(559360K) From: 1604K(69888K)->1681K(69888K)
[355.212s][info][gc,heap        ] GC(663) Tenured: 8001K(1398144K)->8001K(1398144K)
[355.213s][info][gc,metaspace   ] GC(663) Metaspace: 14259K(15104K)->14259K(15104K) NonClass: 12318K(12800K)->12318K(12800K) Class: 1941K(2304K)->1941K(2304K)
[355.213s][info][gc             ] GC(663) Pause Young (Allocation Failure) 555M->9M(1979M) 52.252ms
[355.213s][info][gc,cpu         ] GC(663) User=0.05s Sys=0.00s Real=0.05s
[355.720s][info][gc,start       ] GC(664) Pause Young (Allocation Failure)
[355.777s][info][gc,heap        ] GC(664) DefNew: 561041K(629248K)->1757K(629248K) Eden: 559360K(559360K)->0K(559360K) From: 1681K(69888K)->1757K(69888K)
[355.777s][info][gc,heap        ] GC(664) Tenured: 8001K(1398144K)->8001K(1398144K)
[355.777s][info][gc,metaspace   ] GC(664) Metaspace: 14259K(15104K)->14259K(15104K) NonClass: 12318K(12800K)->12318K(12800K) Class: 1941K(2304K)->1941K(2304K)
[355.777s][info][gc             ] GC(664) Pause Young (Allocation Failure) 555M->9M(1979M) 57.327ms
[355.777s][info][gc,cpu         ] GC(664) User=0.05s Sys=0.00s Real=0.06s
[356.277s][info][gc,start       ] GC(665) Pause Young (Allocation Failure)
[356.336s][info][gc,heap        ] GC(665) DefNew: 561117K(629248K)->1833K(629248K) Eden: 559360K(559360K)->0K(559360K) From: 1757K(69888K)->1833K(69888K)
[356.336s][info][gc,heap        ] GC(665) Tenured: 8001K(1398144K)->8001K(1398144K)
[356.336s][info][gc,metaspace   ] GC(665) Metaspace: 14259K(15104K)->14259K(15104K) NonClass: 12318K(12800K)->12318K(12800K) Class: 1941K(2304K)->1941K(2304K)
[356.336s][info][gc             ] GC(665) Pause Young (Allocation Failure) 555M->9M(1979M) 58.290ms
[356.336s][info][gc,cpu         ] GC(665) User=0.05s Sys=0.00s Real=0.04s
[356.811s][info][gc,start       ] GC(666) Pause Young (Allocation Failure)
[356.869s][info][gc,heap        ] GC(666) DefNew: 561193K(629248K)->1905K(629248K) Eden: 559360K(559360K)->0K(559360K) From: 1833K(69888K)->1905K(69888K)
[356.869s][info][gc,heap        ] GC(666) Tenured: 8001K(1398144K)->8001K(1398144K)
[356.869s][info][gc,metaspace   ] GC(666) Metaspace: 14259K(15104K)->14259K(15104K) NonClass: 12318K(12800K)->12318K(12800K) Class: 1941K(2304K)->1941K(2304K)
[356.869s][info][gc             ] GC(666) Pause Young (Allocation Failure) 555M->9M(1979M) 58.414ms
[356.869s][info][gc,cpu         ] GC(666) User=0.05s Sys=0.00s Real=0.05s
[357.372s][info][gc,start       ] GC(667) Pause Young (Allocation Failure)
[357.433s][info][gc,heap        ] GC(667) DefNew: 561265K(629248K)->1985K(629248K) Eden: 559360K(559360K)->0K(559360K) From: 1905K(69888K)->1985K(69888K)
[357.433s][info][gc,heap        ] GC(667) Tenured: 8001K(1398144K)->8001K(1398144K)
[357.433s][info][gc,metaspace   ] GC(667) Metaspace: 14259K(15104K)->14259K(15104K) NonClass: 12318K(12800K)->12318K(12800K) Class: 1941K(2304K)->1941K(2304K)
[357.433s][info][gc             ] GC(667) Pause Young (Allocation Failure) 555M->9M(1979M) 60.756ms
[357.433s][info][gc,cpu         ] GC(667) User=0.05s Sys=0.02s Real=0.06s
[357.940s][info][gc,start       ] GC(668) Pause Young (Allocation Failure)
[358.004s][info][gc,heap        ] GC(668) DefNew: 561345K(629248K)->2061K(629248K) Eden: 559360K(559360K)->0K(559360K) From: 1985K(69888K)->2061K(69888K)
[358.004s][info][gc,heap        ] GC(668) Tenured: 8001K(1398144K)->8001K(1398144K)
[358.004s][info][gc,metaspace   ] GC(668) Metaspace: 14259K(15104K)->14259K(15104K) NonClass: 12318K(12800K)->12318K(12800K) Class: 1941K(2304K)->1941K(2304K)
[358.004s][info][gc             ] GC(668) Pause Young (Allocation Failure) 556M->9M(1979M) 63.836ms
[358.004s][info][gc,cpu         ] GC(668) User=0.06s Sys=0.00s Real=0.06s
[358.500s][info][gc,start       ] GC(669) Pause Young (Allocation Failure)
[358.544s][info][gc,heap        ] GC(669) DefNew: 561421K(629248K)->2139K(629248K) Eden: 559360K(559360K)->0K(559360K) From: 2061K(69888K)->2139K(69888K)
[358.544s][info][gc,heap        ] GC(669) Tenured: 8001K(1398144K)->8001K(1398144K)
[358.544s][info][gc,metaspace   ] GC(669) Metaspace: 14259K(15104K)->14259K(15104K) NonClass: 12318K(12800K)->12318K(12800K) Class: 1941K(2304K)->1941K(2304K)
[358.544s][info][gc             ] GC(669) Pause Young (Allocation Failure) 556M->9M(1979M) 43.717ms
[358.544s][info][gc,cpu         ] GC(669) User=0.03s Sys=0.00s Real=0.04s
[359.052s][info][gc,start       ] GC(670) Pause Young (Allocation Failure)
[359.106s][info][gc,heap        ] GC(670) DefNew: 561499K(629248K)->2217K(629248K) Eden: 559360K(559360K)->0K(559360K) From: 2139K(69888K)->2217K(69888K)
[359.106s][info][gc,heap        ] GC(670) Tenured: 8001K(1398144K)->8001K(1398144K)
[359.106s][info][gc,metaspace   ] GC(670) Metaspace: 14259K(15104K)->14259K(15104K) NonClass: 12318K(12800K)->12318K(12800K) Class: 1941K(2304K)->1941K(2304K)
[359.106s][info][gc             ] GC(670) Pause Young (Allocation Failure) 556M->9M(1979M) 54.491ms
[359.106s][info][gc,cpu         ] GC(670) User=0.05s Sys=0.00s Real=0.05s
[359.608s][info][gc,start       ] GC(671) Pause Young (Allocation Failure)
[359.665s][info][gc,heap        ] GC(671) DefNew: 561577K(629248K)->2292K(629248K) Eden: 559360K(559360K)->0K(559360K) From: 2217K(69888K)->2292K(69888K)
[359.665s][info][gc,heap        ] GC(671) Tenured: 8001K(1398144K)->8001K(1398144K)
[359.665s][info][gc,metaspace   ] GC(671) Metaspace: 14259K(15104K)->14259K(15104K) NonClass: 12318K(12800K)->12318K(12800K) Class: 1941K(2304K)->1941K(2304K)
[359.665s][info][gc             ] GC(671) Pause Young (Allocation Failure) 556M->10M(1979M) 56.605ms
[359.665s][info][gc,cpu         ] GC(671) User=0.05s Sys=0.00s Real=0.05s
[360.138s][info][gc,start       ] GC(672) Pause Young (Allocation Failure)
[360.183s][info][gc,heap        ] GC(672) DefNew: 561652K(629248K)->2365K(629248K) Eden: 559360K(559360K)->0K(559360K) From: 2292K(69888K)->2365K(69888K)
[360.183s][info][gc,heap        ] GC(672) Tenured: 8001K(1398144K)->8001K(1398144K)
[360.183s][info][gc,metaspace   ] GC(672) Metaspace: 14259K(15104K)->14259K(15104K) NonClass: 12318K(12800K)->12318K(12800K) Class: 1941K(2304K)->1941K(2304K)
[360.183s][info][gc             ] GC(672) Pause Young (Allocation Failure) 556M->10M(1979M) 44.474ms
[360.183s][info][gc,cpu         ] GC(672) User=0.02s Sys=0.00s Real=0.03s
[360.671s][info][gc,start       ] GC(673) Pause Young (Allocation Failure)
[360.716s][info][gc,heap        ] GC(673) DefNew: 561725K(629248K)->2440K(629248K) Eden: 559360K(559360K)->0K(559360K) From: 2365K(69888K)->2440K(69888K)
[360.716s][info][gc,heap        ] GC(673) Tenured: 8001K(1398144K)->8001K(1398144K)
[360.716s][info][gc,metaspace   ] GC(673) Metaspace: 14259K(15104K)->14259K(15104K) NonClass: 12318K(12800K)->12318K(12800K) Class: 1941K(2304K)->1941K(2304K)
[360.716s][info][gc             ] GC(673) Pause Young (Allocation Failure) 556M->10M(1979M) 45.026ms
[360.716s][info][gc,cpu         ] GC(673) User=0.03s Sys=0.00s Real=0.03s
[361.216s][info][gc,start       ] GC(674) Pause Young (Allocation Failure)
[361.265s][info][gc,heap        ] GC(674) DefNew: 561800K(629248K)->2519K(629248K) Eden: 559360K(559360K)->0K(559360K) From: 2440K(69888K)->2519K(69888K)
[361.265s][info][gc,heap        ] GC(674) Tenured: 8001K(1398144K)->8001K(1398144K)
[361.265s][info][gc,metaspace   ] GC(674) Metaspace: 14259K(15104K)->14259K(15104K) NonClass: 12318K(12800K)->12318K(12800K) Class: 1941K(2304K)->1941K(2304K)
[361.265s][info][gc             ] GC(674) Pause Young (Allocation Failure) 556M->10M(1979M) 48.312ms
[361.265s][info][gc,cpu         ] GC(674) User=0.05s Sys=0.00s Real=0.05s
[361.794s][info][gc,start       ] GC(675) Pause Young (Allocation Failure)
[361.848s][info][gc,heap        ] GC(675) DefNew: 561879K(629248K)->2597K(629248K) Eden: 559360K(559360K)->0K(559360K) From: 2519K(69888K)->2597K(69888K)
[361.848s][info][gc,heap        ] GC(675) Tenured: 8001K(1398144K)->8001K(1398144K)
[361.848s][info][gc,metaspace   ] GC(675) Metaspace: 14259K(15104K)->14259K(15104K) NonClass: 12318K(12800K)->12318K(12800K) Class: 1941K(2304K)->1941K(2304K)
[361.848s][info][gc             ] GC(675) Pause Young (Allocation Failure) 556M->10M(1979M) 53.829ms
[361.848s][info][gc,cpu         ] GC(675) User=0.05s Sys=0.00s Real=0.05s
[362.349s][info][gc,start       ] GC(676) Pause Young (Allocation Failure)
[362.404s][info][gc,heap        ] GC(676) DefNew: 561957K(629248K)->1155K(629248K) Eden: 559360K(559360K)->0K(559360K) From: 2597K(69888K)->1155K(69888K)
[362.404s][info][gc,heap        ] GC(676) Tenured: 8001K(1398144K)->9521K(1398144K)
[362.404s][info][gc,metaspace   ] GC(676) Metaspace: 14259K(15104K)->14259K(15104K) NonClass: 12318K(12800K)->12318K(12800K) Class: 1941K(2304K)->1941K(2304K)
[362.404s][info][gc             ] GC(676) Pause Young (Allocation Failure) 556M->10M(1979M) 54.424ms
[362.404s][info][gc,cpu         ] GC(676) User=0.05s Sys=0.00s Real=0.05s
[362.932s][info][gc,start       ] GC(677) Pause Young (Allocation Failure)
[362.985s][info][gc,heap        ] GC(677) DefNew: 560515K(629248K)->1157K(629248K) Eden: 559360K(559360K)->0K(559360K) From: 1155K(69888K)->1157K(69888K)
[362.985s][info][gc,heap        ] GC(677) Tenured: 9521K(1398144K)->9598K(1398144K)
[362.985s][info][gc,metaspace   ] GC(677) Metaspace: 14259K(15104K)->14259K(15104K) NonClass: 12318K(12800K)->12318K(12800K) Class: 1941K(2304K)->1941K(2304K)
[362.985s][info][gc             ] GC(677) Pause Young (Allocation Failure) 556M->10M(1979M) 52.978ms
[362.985s][info][gc,cpu         ] GC(677) User=0.06s Sys=0.00s Real=0.05s
[363.499s][info][gc,start       ] GC(678) Pause Young (Allocation Failure)
[363.544s][info][gc,heap        ] GC(678) DefNew: 560517K(629248K)->1161K(629248K) Eden: 559360K(559360K)->0K(559360K) From: 1157K(69888K)->1161K(69888K)
[363.544s][info][gc,heap        ] GC(678) Tenured: 9598K(1398144K)->9672K(1398144K)
[363.544s][info][gc,metaspace   ] GC(678) Metaspace: 14259K(15104K)->14259K(15104K) NonClass: 12318K(12800K)->12318K(12800K) Class: 1941K(2304K)->1941K(2304K)
[363.544s][info][gc             ] GC(678) Pause Young (Allocation Failure) 556M->10M(1979M) 45.775ms
[363.544s][info][gc,cpu         ] GC(678) User=0.03s Sys=0.00s Real=0.03s
[364.063s][info][gc,start       ] GC(679) Pause Young (Allocation Failure)
[364.122s][info][gc,heap        ] GC(679) DefNew: 560521K(629248K)->1165K(629248K) Eden: 559360K(559360K)->0K(559360K) From: 1161K(69888K)->1165K(69888K)
[364.122s][info][gc,heap        ] GC(679) Tenured: 9672K(1398144K)->9749K(1398144K)
[364.122s][info][gc,metaspace   ] GC(679) Metaspace: 14259K(15104K)->14259K(15104K) NonClass: 12318K(12800K)->12318K(12800K) Class: 1941K(2304K)->1941K(2304K)
[364.122s][info][gc             ] GC(679) Pause Young (Allocation Failure) 556M->10M(1979M) 59.005ms
[364.122s][info][gc,cpu         ] GC(679) User=0.05s Sys=0.00s Real=0.05s
[364.638s][info][gc,start       ] GC(680) Pause Young (Allocation Failure)
[364.696s][info][gc,heap        ] GC(680) DefNew: 560525K(629248K)->1166K(629248K) Eden: 559360K(559360K)->0K(559360K) From: 1165K(69888K)->1166K(69888K)
[364.696s][info][gc,heap        ] GC(680) Tenured: 9749K(1398144K)->9826K(1398144K)
[364.696s][info][gc,metaspace   ] GC(680) Metaspace: 14259K(15104K)->14259K(15104K) NonClass: 12318K(12800K)->12318K(12800K) Class: 1941K(2304K)->1941K(2304K)
[364.696s][info][gc             ] GC(680) Pause Young (Allocation Failure) 556M->10M(1979M) 58.050ms
[364.696s][info][gc,cpu         ] GC(680) User=0.05s Sys=0.00s Real=0.06s
[365.212s][info][gc,start       ] GC(681) Pause Young (Allocation Failure)
[365.275s][info][gc,heap        ] GC(681) DefNew: 560526K(629248K)->1175K(629248K) Eden: 559360K(559360K)->0K(559360K) From: 1166K(69888K)->1175K(69888K)
[365.275s][info][gc,heap        ] GC(681) Tenured: 9826K(1398144K)->9897K(1398144K)
[365.275s][info][gc,metaspace   ] GC(681) Metaspace: 14259K(15104K)->14259K(15104K) NonClass: 12318K(12800K)->12318K(12800K) Class: 1941K(2304K)->1941K(2304K)
[365.275s][info][gc             ] GC(681) Pause Young (Allocation Failure) 556M->10M(1979M) 62.898ms
[365.275s][info][gc,cpu         ] GC(681) User=0.06s Sys=0.00s Real=0.06s
[365.794s][info][gc,start       ] GC(682) Pause Young (Allocation Failure)
[365.852s][info][gc,heap        ] GC(682) DefNew: 560535K(629248K)->1175K(629248K) Eden: 559360K(559360K)->0K(559360K) From: 1175K(69888K)->1175K(69888K)
[365.852s][info][gc,heap        ] GC(682) Tenured: 9897K(1398144K)->9977K(1398144K)
[365.852s][info][gc,metaspace   ] GC(682) Metaspace: 14259K(15104K)->14259K(15104K) NonClass: 12318K(12800K)->12318K(12800K) Class: 1941K(2304K)->1941K(2304K)
[365.852s][info][gc             ] GC(682) Pause Young (Allocation Failure) 557M->10M(1979M) 58.654ms
[365.852s][info][gc,cpu         ] GC(682) User=0.05s Sys=0.00s Real=0.06s
[366.389s][info][gc,start       ] GC(683) Pause Young (Allocation Failure)
[366.433s][info][gc,heap        ] GC(683) DefNew: 560535K(629248K)->1177K(629248K) Eden: 559360K(559360K)->0K(559360K) From: 1175K(69888K)->1177K(69888K)
[366.433s][info][gc,heap        ] GC(683) Tenured: 9977K(1398144K)->10054K(1398144K)
[366.433s][info][gc,metaspace   ] GC(683) Metaspace: 14259K(15104K)->14259K(15104K) NonClass: 12318K(12800K)->12318K(12800K) Class: 1941K(2304K)->1941K(2304K)
[366.433s][info][gc             ] GC(683) Pause Young (Allocation Failure) 557M->10M(1979M) 43.528ms
[366.433s][info][gc,cpu         ] GC(683) User=0.03s Sys=0.00s Real=0.04s
[366.946s][info][gc,start       ] GC(684) Pause Young (Allocation Failure)
[367.004s][info][gc,heap        ] GC(684) DefNew: 560537K(629248K)->1177K(629248K) Eden: 559360K(559360K)->0K(559360K) From: 1177K(69888K)->1177K(69888K)
[367.004s][info][gc,heap        ] GC(684) Tenured: 10054K(1398144K)->10131K(1398144K)
[367.004s][info][gc,metaspace   ] GC(684) Metaspace: 14259K(15104K)->14259K(15104K) NonClass: 12318K(12800K)->12318K(12800K) Class: 1941K(2304K)->1941K(2304K)
[367.004s][info][gc             ] GC(684) Pause Young (Allocation Failure) 557M->11M(1979M) 57.509ms
[367.004s][info][gc,cpu         ] GC(684) User=0.06s Sys=0.00s Real=0.05s
[367.518s][info][gc,start       ] GC(685) Pause Young (Allocation Failure)
[367.576s][info][gc,heap        ] GC(685) DefNew: 560537K(629248K)->1177K(629248K) Eden: 559360K(559360K)->0K(559360K) From: 1177K(69888K)->1177K(69888K)
[367.576s][info][gc,heap        ] GC(685) Tenured: 10131K(1398144K)->10208K(1398144K)
[367.576s][info][gc,metaspace   ] GC(685) Metaspace: 14259K(15104K)->14259K(15104K) NonClass: 12318K(12800K)->12318K(12800K) Class: 1941K(2304K)->1941K(2304K)
[367.576s][info][gc             ] GC(685) Pause Young (Allocation Failure) 557M->11M(1979M) 57.735ms
[367.576s][info][gc,cpu         ] GC(685) User=0.06s Sys=0.00s Real=0.06s
[368.091s][info][gc,start       ] GC(686) Pause Young (Allocation Failure)
[368.150s][info][gc,heap        ] GC(686) DefNew: 560537K(629248K)->1180K(629248K) Eden: 559360K(559360K)->0K(559360K) From: 1177K(69888K)->1180K(69888K)
[368.150s][info][gc,heap        ] GC(686) Tenured: 10208K(1398144K)->10283K(1398144K)
[368.150s][info][gc,metaspace   ] GC(686) Metaspace: 14259K(15104K)->14259K(15104K) NonClass: 12318K(12800K)->12318K(12800K) Class: 1941K(2304K)->1941K(2304K)
[368.150s][info][gc             ] GC(686) Pause Young (Allocation Failure) 557M->11M(1979M) 59.540ms
[368.150s][info][gc,cpu         ] GC(686) User=0.06s Sys=0.00s Real=0.05s
[368.664s][info][gc,start       ] GC(687) Pause Young (Allocation Failure)
[368.725s][info][gc,heap        ] GC(687) DefNew: 560540K(629248K)->1184K(629248K) Eden: 559360K(559360K)->0K(559360K) From: 1180K(69888K)->1184K(69888K)
[368.725s][info][gc,heap        ] GC(687) Tenured: 10283K(1398144K)->10356K(1398144K)
[368.725s][info][gc,metaspace   ] GC(687) Metaspace: 14259K(15104K)->14259K(15104K) NonClass: 12318K(12800K)->12318K(12800K) Class: 1941K(2304K)->1941K(2304K)
[368.725s][info][gc             ] GC(687) Pause Young (Allocation Failure) 557M->11M(1979M) 60.583ms
[368.725s][info][gc,cpu         ] GC(687) User=0.06s Sys=0.00s Real=0.06s
[369.241s][info][gc,start       ] GC(688) Pause Young (Allocation Failure)
[369.301s][info][gc,heap        ] GC(688) DefNew: 560544K(629248K)->1189K(629248K) Eden: 559360K(559360K)->0K(559360K) From: 1184K(69888K)->1189K(69888K)
[369.301s][info][gc,heap        ] GC(688) Tenured: 10356K(1398144K)->10430K(1398144K)
[369.302s][info][gc,metaspace   ] GC(688) Metaspace: 14259K(15104K)->14259K(15104K) NonClass: 12318K(12800K)->12318K(12800K) Class: 1941K(2304K)->1941K(2304K)
[369.302s][info][gc             ] GC(688) Pause Young (Allocation Failure) 557M->11M(1979M) 60.829ms
[369.302s][info][gc,cpu         ] GC(688) User=0.05s Sys=0.00s Real=0.05s
[369.837s][info][gc,start       ] GC(689) Pause Young (Allocation Failure)
[369.896s][info][gc,heap        ] GC(689) DefNew: 560549K(629248K)->1192K(629248K) Eden: 559360K(559360K)->0K(559360K) From: 1189K(69888K)->1192K(69888K)
[369.896s][info][gc,heap        ] GC(689) Tenured: 10430K(1398144K)->10510K(1398144K)
[369.896s][info][gc,metaspace   ] GC(689) Metaspace: 14259K(15104K)->14259K(15104K) NonClass: 12318K(12800K)->12318K(12800K) Class: 1941K(2304K)->1941K(2304K)
[369.896s][info][gc             ] GC(689) Pause Young (Allocation Failure) 557M->11M(1979M) 59.093ms
[369.896s][info][gc,cpu         ] GC(689) User=0.06s Sys=0.02s Real=0.05s
[370.407s][info][gc,start       ] GC(690) Pause Young (Allocation Failure)
[370.467s][info][gc,heap        ] GC(690) DefNew: 560552K(629248K)->1191K(629248K) Eden: 559360K(559360K)->0K(559360K) From: 1192K(69888K)->1191K(69888K)
[370.467s][info][gc,heap        ] GC(690) Tenured: 10510K(1398144K)->10588K(1398144K)
[370.467s][info][gc,metaspace   ] GC(690) Metaspace: 14259K(15104K)->14259K(15104K) NonClass: 12318K(12800K)->12318K(12800K) Class: 1941K(2304K)->1941K(2304K)
[370.467s][info][gc             ] GC(690) Pause Young (Allocation Failure) 557M->11M(1979M) 59.966ms
[370.467s][info][gc,cpu         ] GC(690) User=0.05s Sys=0.00s Real=0.06s
[370.862s][info][gc,start       ] GC(691) Pause Full (System.gc())
[370.862s][info][gc,phases,start] GC(691) Phase 1: Mark live objects
[370.918s][info][gc,phases      ] GC(691) Phase 1: Mark live objects 55.780ms
[370.918s][info][gc,phases,start] GC(691) Phase 2: Compute new object addresses
[371.026s][info][gc,phases      ] GC(691) Phase 2: Compute new object addresses 107.706ms
[371.026s][info][gc,phases,start] GC(691) Phase 3: Adjust pointers
[371.051s][info][gc,phases      ] GC(691) Phase 3: Adjust pointers 25.071ms
[371.051s][info][gc,phases,start] GC(691) Phase 4: Move objects
[371.051s][info][gc,phases      ] GC(691) Phase 4: Move objects 0.013ms
[371.051s][info][gc,heap        ] GC(691) DefNew: 448182K(629248K)->0K(629248K) Eden: 446991K(559360K)->0K(559360K) From: 1191K(69888K)->0K(69888K)
[371.051s][info][gc,heap        ] GC(691) Tenured: 10588K(1398144K)->10588K(1398144K)
[371.051s][info][gc,metaspace   ] GC(691) Metaspace: 14259K(15104K)->14259K(15104K) NonClass: 12318K(12800K)->12318K(12800K) Class: 1941K(2304K)->1941K(2304K)
[371.051s][info][gc             ] GC(691) Pause Full (System.gc()) 448M->10M(1979M) 188.992ms
[371.051s][info][gc,cpu         ] GC(691) User=0.19s Sys=0.00s Real=0.19s
[371.462s][info][gc,start       ] GC(692) Pause Young (Allocation Failure)
[371.503s][info][gc,heap        ] GC(692) DefNew: 559360K(629248K)->1525K(629248K) Eden: 559360K(559360K)->0K(559360K) From: 0K(69888K)->1525K(69888K)
[371.503s][info][gc,heap        ] GC(692) Tenured: 10588K(1398144K)->10588K(1398144K)
[371.503s][info][gc,metaspace   ] GC(692) Metaspace: 14259K(15104K)->14259K(15104K) NonClass: 12318K(12800K)->12318K(12800K) Class: 1941K(2304K)->1941K(2304K)
[371.503s][info][gc             ] GC(692) Pause Young (Allocation Failure) 556M->11M(1979M) 41.468ms
[371.503s][info][gc,cpu         ] GC(692) User=0.05s Sys=0.00s Real=0.04s
[371.972s][info][gc,start       ] GC(693) Pause Young (Allocation Failure)
[372.017s][info][gc,heap        ] GC(693) DefNew: 560885K(629248K)->1599K(629248K) Eden: 559360K(559360K)->0K(559360K) From: 1525K(69888K)->1599K(69888K)
[372.017s][info][gc,heap        ] GC(693) Tenured: 10588K(1398144K)->10588K(1398144K)
[372.017s][info][gc,metaspace   ] GC(693) Metaspace: 14259K(15104K)->14259K(15104K) NonClass: 12318K(12800K)->12318K(12800K) Class: 1941K(2304K)->1941K(2304K)
[372.017s][info][gc             ] GC(693) Pause Young (Allocation Failure) 558M->11M(1979M) 44.559ms
[372.017s][info][gc,cpu         ] GC(693) User=0.05s Sys=0.00s Real=0.04s
[372.503s][info][gc,start       ] GC(694) Pause Young (Allocation Failure)
[372.551s][info][gc,heap        ] GC(694) DefNew: 560959K(629248K)->1671K(629248K) Eden: 559360K(559360K)->0K(559360K) From: 1599K(69888K)->1671K(69888K)
[372.551s][info][gc,heap        ] GC(694) Tenured: 10588K(1398144K)->10588K(1398144K)
[372.551s][info][gc,metaspace   ] GC(694) Metaspace: 14259K(15104K)->14259K(15104K) NonClass: 12318K(12800K)->12318K(12800K) Class: 1941K(2304K)->1941K(2304K)
[372.552s][info][gc             ] GC(694) Pause Young (Allocation Failure) 558M->11M(1979M) 48.758ms
[372.552s][info][gc,cpu         ] GC(694) User=0.05s Sys=0.00s Real=0.05s
[373.048s][info][gc,start       ] GC(695) Pause Young (Allocation Failure)
[373.102s][info][gc,heap        ] GC(695) DefNew: 561031K(629248K)->1747K(629248K) Eden: 559360K(559360K)->0K(559360K) From: 1671K(69888K)->1747K(69888K)
[373.102s][info][gc,heap        ] GC(695) Tenured: 10588K(1398144K)->10588K(1398144K)
[373.102s][info][gc,metaspace   ] GC(695) Metaspace: 14259K(15104K)->14259K(15104K) NonClass: 12318K(12800K)->12318K(12800K) Class: 1941K(2304K)->1941K(2304K)
[373.102s][info][gc             ] GC(695) Pause Young (Allocation Failure) 558M->12M(1979M) 54.159ms
[373.102s][info][gc,cpu         ] GC(695) User=0.05s Sys=0.00s Real=0.05s
[373.614s][info][gc,start       ] GC(696) Pause Young (Allocation Failure)
[373.665s][info][gc,heap        ] GC(696) DefNew: 561107K(629248K)->1828K(629248K) Eden: 559360K(559360K)->0K(559360K) From: 1747K(69888K)->1828K(69888K)
[373.665s][info][gc,heap        ] GC(696) Tenured: 10588K(1398144K)->10588K(1398144K)
[373.665s][info][gc,metaspace   ] GC(696) Metaspace: 14259K(15104K)->14259K(15104K) NonClass: 12318K(12800K)->12318K(12800K) Class: 1941K(2304K)->1941K(2304K)
[373.665s][info][gc             ] GC(696) Pause Young (Allocation Failure) 558M->12M(1979M) 51.706ms
[373.665s][info][gc,cpu         ] GC(696) User=0.05s Sys=0.00s Real=0.05s
[374.139s][info][gc,start       ] GC(697) Pause Young (Allocation Failure)
[374.194s][info][gc,heap        ] GC(697) DefNew: 561188K(629248K)->1905K(629248K) Eden: 559360K(559360K)->0K(559360K) From: 1828K(69888K)->1905K(69888K)
[374.194s][info][gc,heap        ] GC(697) Tenured: 10588K(1398144K)->10588K(1398144K)
[374.194s][info][gc,metaspace   ] GC(697) Metaspace: 14259K(15104K)->14259K(15104K) NonClass: 12318K(12800K)->12318K(12800K) Class: 1941K(2304K)->1941K(2304K)
[374.194s][info][gc             ] GC(697) Pause Young (Allocation Failure) 558M->12M(1979M) 55.891ms
[374.194s][info][gc,cpu         ] GC(697) User=0.05s Sys=0.00s Real=0.06s
[374.667s][info][gc,start       ] GC(698) Pause Young (Allocation Failure)
[374.724s][info][gc,heap        ] GC(698) DefNew: 561265K(629248K)->1979K(629248K) Eden: 559360K(559360K)->0K(559360K) From: 1905K(69888K)->1979K(69888K)
[374.724s][info][gc,heap        ] GC(698) Tenured: 10588K(1398144K)->10588K(1398144K)
[374.724s][info][gc,metaspace   ] GC(698) Metaspace: 14259K(15104K)->14259K(15104K) NonClass: 12318K(12800K)->12318K(12800K) Class: 1941K(2304K)->1941K(2304K)
[374.724s][info][gc             ] GC(698) Pause Young (Allocation Failure) 558M->12M(1979M) 57.447ms
[374.724s][info][gc,cpu         ] GC(698) User=0.06s Sys=0.00s Real=0.06s
[375.205s][info][gc,start       ] GC(699) Pause Young (Allocation Failure)
[375.262s][info][gc,heap        ] GC(699) DefNew: 561339K(629248K)->2056K(629248K) Eden: 559360K(559360K)->0K(559360K) From: 1979K(69888K)->2056K(69888K)
[375.262s][info][gc,heap        ] GC(699) Tenured: 10588K(1398144K)->10588K(1398144K)
[375.262s][info][gc,metaspace   ] GC(699) Metaspace: 14259K(15104K)->14259K(15104K) NonClass: 12318K(12800K)->12318K(12800K) Class: 1941K(2304K)->1941K(2304K)
[375.262s][info][gc             ] GC(699) Pause Young (Allocation Failure) 558M->12M(1979M) 56.679ms
[375.262s][info][gc,cpu         ] GC(699) User=0.05s Sys=0.00s Real=0.05s
[375.750s][info][gc,start       ] GC(700) Pause Young (Allocation Failure)
[375.809s][info][gc,heap        ] GC(700) DefNew: 561416K(629248K)->2133K(629248K) Eden: 559360K(559360K)->0K(559360K) From: 2056K(69888K)->2133K(69888K)
[375.809s][info][gc,heap        ] GC(700) Tenured: 10588K(1398144K)->10588K(1398144K)
[375.809s][info][gc,metaspace   ] GC(700) Metaspace: 14259K(15104K)->14259K(15104K) NonClass: 12318K(12800K)->12318K(12800K) Class: 1941K(2304K)->1941K(2304K)
[375.809s][info][gc             ] GC(700) Pause Young (Allocation Failure) 558M->12M(1979M) 59.122ms
[375.809s][info][gc,cpu         ] GC(700) User=0.05s Sys=0.00s Real=0.05s
[376.342s][info][gc,start       ] GC(701) Pause Young (Allocation Failure)
[376.405s][info][gc,heap        ] GC(701) DefNew: 561493K(629248K)->2207K(629248K) Eden: 559360K(559360K)->0K(559360K) From: 2133K(69888K)->2207K(69888K)
[376.405s][info][gc,heap        ] GC(701) Tenured: 10588K(1398144K)->10588K(1398144K)
[376.405s][info][gc,metaspace   ] GC(701) Metaspace: 14259K(15104K)->14259K(15104K) NonClass: 12318K(12800K)->12318K(12800K) Class: 1941K(2304K)->1941K(2304K)
[376.405s][info][gc             ] GC(701) Pause Young (Allocation Failure) 558M->12M(1979M) 63.063ms
[376.405s][info][gc,cpu         ] GC(701) User=0.06s Sys=0.00s Real=0.06s
[376.919s][info][gc,start       ] GC(702) Pause Young (Allocation Failure)
[376.973s][info][gc,heap        ] GC(702) DefNew: 561567K(629248K)->2288K(629248K) Eden: 559360K(559360K)->0K(559360K) From: 2207K(69888K)->2288K(69888K)
[376.973s][info][gc,heap        ] GC(702) Tenured: 10588K(1398144K)->10588K(1398144K)
[376.973s][info][gc,metaspace   ] GC(702) Metaspace: 14259K(15104K)->14259K(15104K) NonClass: 12318K(12800K)->12318K(12800K) Class: 1941K(2304K)->1941K(2304K)
[376.973s][info][gc             ] GC(702) Pause Young (Allocation Failure) 558M->12M(1979M) 53.659ms
[376.973s][info][gc,cpu         ] GC(702) User=0.05s Sys=0.00s Real=0.05s
[377.467s][info][gc,start       ] GC(703) Pause Young (Allocation Failure)
[377.520s][info][gc,heap        ] GC(703) DefNew: 561648K(629248K)->2362K(629248K) Eden: 559360K(559360K)->0K(559360K) From: 2288K(69888K)->2362K(69888K)
[377.520s][info][gc,heap        ] GC(703) Tenured: 10588K(1398144K)->10588K(1398144K)
[377.520s][info][gc,metaspace   ] GC(703) Metaspace: 14259K(15104K)->14259K(15104K) NonClass: 12318K(12800K)->12318K(12800K) Class: 1941K(2304K)->1941K(2304K)
[377.520s][info][gc             ] GC(703) Pause Young (Allocation Failure) 558M->12M(1979M) 52.901ms
[377.520s][info][gc,cpu         ] GC(703) User=0.05s Sys=0.00s Real=0.05s
[378.030s][info][gc,start       ] GC(704) Pause Young (Allocation Failure)
[378.088s][info][gc,heap        ] GC(704) DefNew: 561722K(629248K)->2439K(629248K) Eden: 559360K(559360K)->0K(559360K) From: 2362K(69888K)->2439K(69888K)
[378.088s][info][gc,heap        ] GC(704) Tenured: 10588K(1398144K)->10588K(1398144K)
[378.088s][info][gc,metaspace   ] GC(704) Metaspace: 14259K(15104K)->14259K(15104K) NonClass: 12318K(12800K)->12318K(12800K) Class: 1941K(2304K)->1941K(2304K)
[378.088s][info][gc             ] GC(704) Pause Young (Allocation Failure) 558M->12M(1979M) 57.494ms
[378.088s][info][gc,cpu         ] GC(704) User=0.05s Sys=0.00s Real=0.05s
[378.564s][info][gc,start       ] GC(705) Pause Young (Allocation Failure)
[378.621s][info][gc,heap        ] GC(705) DefNew: 561799K(629248K)->2510K(629248K) Eden: 559360K(559360K)->0K(559360K) From: 2439K(69888K)->2510K(69888K)
[378.621s][info][gc,heap        ] GC(705) Tenured: 10588K(1398144K)->10588K(1398144K)
[378.621s][info][gc,metaspace   ] GC(705) Metaspace: 14259K(15104K)->14259K(15104K) NonClass: 12318K(12800K)->12318K(12800K) Class: 1941K(2304K)->1941K(2304K)
[378.622s][info][gc             ] GC(705) Pause Young (Allocation Failure) 558M->12M(1979M) 57.112ms
[378.622s][info][gc,cpu         ] GC(705) User=0.05s Sys=0.00s Real=0.05s
[379.113s][info][gc,start       ] GC(706) Pause Young (Allocation Failure)
[379.172s][info][gc,heap        ] GC(706) DefNew: 561870K(629248K)->2588K(629248K) Eden: 559360K(559360K)->0K(559360K) From: 2510K(69888K)->2588K(69888K)
[379.172s][info][gc,heap        ] GC(706) Tenured: 10588K(1398144K)->10588K(1398144K)
[379.172s][info][gc,metaspace   ] GC(706) Metaspace: 14259K(15104K)->14259K(15104K) NonClass: 12318K(12800K)->12318K(12800K) Class: 1941K(2304K)->1941K(2304K)
[379.172s][info][gc             ] GC(706) Pause Young (Allocation Failure) 559M->12M(1979M) 58.516ms
[379.172s][info][gc,cpu         ] GC(706) User=0.06s Sys=0.00s Real=0.06s
[379.638s][info][gc,start       ] GC(707) Pause Young (Allocation Failure)
[379.697s][info][gc,heap        ] GC(707) DefNew: 561948K(629248K)->1143K(629248K) Eden: 559360K(559360K)->0K(559360K) From: 2588K(69888K)->1143K(69888K)
[379.697s][info][gc,heap        ] GC(707) Tenured: 10588K(1398144K)->12105K(1398144K)
[379.697s][info][gc,metaspace   ] GC(707) Metaspace: 14259K(15104K)->14259K(15104K) NonClass: 12318K(12800K)->12318K(12800K) Class: 1941K(2304K)->1941K(2304K)
[379.697s][info][gc             ] GC(707) Pause Young (Allocation Failure) 559M->12M(1979M) 58.626ms
[379.697s][info][gc,cpu         ] GC(707) User=0.05s Sys=0.00s Real=0.05s
[380.251s][info][gc,start       ] GC(708) Pause Young (Allocation Failure)
[380.304s][info][gc,heap        ] GC(708) DefNew: 560503K(629248K)->1145K(629248K) Eden: 559360K(559360K)->0K(559360K) From: 1143K(69888K)->1145K(69888K)
[380.304s][info][gc,heap        ] GC(708) Tenured: 12105K(1398144K)->12179K(1398144K)
[380.304s][info][gc,metaspace   ] GC(708) Metaspace: 14259K(15104K)->14259K(15104K) NonClass: 12318K(12800K)->12318K(12800K) Class: 1941K(2304K)->1941K(2304K)
[380.305s][info][gc             ] GC(708) Pause Young (Allocation Failure) 559M->13M(1979M) 53.899ms
[380.305s][info][gc,cpu         ] GC(708) User=0.05s Sys=0.00s Real=0.05s
[380.816s][info][gc,start       ] GC(709) Pause Young (Allocation Failure)
[380.871s][info][gc,heap        ] GC(709) DefNew: 560505K(629248K)->1156K(629248K) Eden: 559360K(559360K)->0K(559360K) From: 1145K(69888K)->1156K(69888K)
[380.871s][info][gc,heap        ] GC(709) Tenured: 12179K(1398144K)->12250K(1398144K)
[380.871s][info][gc,metaspace   ] GC(709) Metaspace: 14259K(15104K)->14259K(15104K) NonClass: 12318K(12800K)->12318K(12800K) Class: 1941K(2304K)->1941K(2304K)
[380.871s][info][gc             ] GC(709) Pause Young (Allocation Failure) 559M->13M(1979M) 54.425ms
[380.871s][info][gc,cpu         ] GC(709) User=0.05s Sys=0.00s Real=0.05s
[381.391s][info][gc,start       ] GC(710) Pause Young (Allocation Failure)
[381.446s][info][gc,heap        ] GC(710) DefNew: 560516K(629248K)->1158K(629248K) Eden: 559360K(559360K)->0K(559360K) From: 1156K(69888K)->1158K(69888K)
[381.446s][info][gc,heap        ] GC(710) Tenured: 12250K(1398144K)->12327K(1398144K)
[381.446s][info][gc,metaspace   ] GC(710) Metaspace: 14259K(15104K)->14259K(15104K) NonClass: 12318K(12800K)->12318K(12800K) Class: 1941K(2304K)->1941K(2304K)
[381.446s][info][gc             ] GC(710) Pause Young (Allocation Failure) 559M->13M(1979M) 54.458ms
[381.446s][info][gc,cpu         ] GC(710) User=0.05s Sys=0.00s Real=0.04s
[381.951s][info][gc,start       ] GC(711) Pause Young (Allocation Failure)
[382.005s][info][gc,heap        ] GC(711) DefNew: 560518K(629248K)->1156K(629248K) Eden: 559360K(559360K)->0K(559360K) From: 1158K(69888K)->1156K(69888K)
[382.005s][info][gc,heap        ] GC(711) Tenured: 12327K(1398144K)->12407K(1398144K)
[382.005s][info][gc,metaspace   ] GC(711) Metaspace: 14259K(15104K)->14259K(15104K) NonClass: 12318K(12800K)->12318K(12800K) Class: 1941K(2304K)->1941K(2304K)
[382.005s][info][gc             ] GC(711) Pause Young (Allocation Failure) 559M->13M(1979M) 54.865ms
[382.005s][info][gc,cpu         ] GC(711) User=0.05s Sys=0.00s Real=0.05s
[382.512s][info][gc,start       ] GC(712) Pause Young (Allocation Failure)
[382.569s][info][gc,heap        ] GC(712) DefNew: 560516K(629248K)->1157K(629248K) Eden: 559360K(559360K)->0K(559360K) From: 1156K(69888K)->1157K(69888K)
[382.570s][info][gc,heap        ] GC(712) Tenured: 12407K(1398144K)->12484K(1398144K)
[382.570s][info][gc,metaspace   ] GC(712) Metaspace: 14259K(15104K)->14259K(15104K) NonClass: 12318K(12800K)->12318K(12800K) Class: 1941K(2304K)->1941K(2304K)
[382.570s][info][gc             ] GC(712) Pause Young (Allocation Failure) 559M->13M(1979M) 57.642ms
[382.570s][info][gc,cpu         ] GC(712) User=0.06s Sys=0.00s Real=0.05s
[383.069s][info][gc,start       ] GC(713) Pause Young (Allocation Failure)
[383.128s][info][gc,heap        ] GC(713) DefNew: 560517K(629248K)->1161K(629248K) Eden: 559360K(559360K)->0K(559360K) From: 1157K(69888K)->1161K(69888K)
[383.128s][info][gc,heap        ] GC(713) Tenured: 12484K(1398144K)->12558K(1398144K)
[383.128s][info][gc,metaspace   ] GC(713) Metaspace: 14259K(15104K)->14259K(15104K) NonClass: 12318K(12800K)->12318K(12800K) Class: 1941K(2304K)->1941K(2304K)
[383.128s][info][gc             ] GC(713) Pause Young (Allocation Failure) 559M->13M(1979M) 58.905ms
[383.128s][info][gc,cpu         ] GC(713) User=0.06s Sys=0.00s Real=0.06s
[383.632s][info][gc,start       ] GC(714) Pause Young (Allocation Failure)
[383.692s][info][gc,heap        ] GC(714) DefNew: 560521K(629248K)->1160K(629248K) Eden: 559360K(559360K)->0K(559360K) From: 1161K(69888K)->1160K(69888K)
[383.692s][info][gc,heap        ] GC(714) Tenured: 12558K(1398144K)->12635K(1398144K)
[383.692s][info][gc,metaspace   ] GC(714) Metaspace: 14259K(15104K)->14259K(15104K) NonClass: 12318K(12800K)->12318K(12800K) Class: 1941K(2304K)->1941K(2304K)
[383.692s][info][gc             ] GC(714) Pause Young (Allocation Failure) 559M->13M(1979M) 59.901ms
[383.692s][info][gc,cpu         ] GC(714) User=0.06s Sys=0.00s Real=0.05s
[384.196s][info][gc,start       ] GC(715) Pause Young (Allocation Failure)
[384.255s][info][gc,heap        ] GC(715) DefNew: 560520K(629248K)->1161K(629248K) Eden: 559360K(559360K)->0K(559360K) From: 1160K(69888K)->1161K(69888K)
[384.255s][info][gc,heap        ] GC(715) Tenured: 12635K(1398144K)->12712K(1398144K)
[384.255s][info][gc,metaspace   ] GC(715) Metaspace: 14259K(15104K)->14259K(15104K) NonClass: 12318K(12800K)->12318K(12800K) Class: 1941K(2304K)->1941K(2304K)
[384.255s][info][gc             ] GC(715) Pause Young (Allocation Failure) 559M->13M(1979M) 59.014ms
[384.255s][info][gc,cpu         ] GC(715) User=0.06s Sys=0.00s Real=0.06s
[384.790s][info][gc,start       ] GC(716) Pause Young (Allocation Failure)
[384.842s][info][gc,heap        ] GC(716) DefNew: 560521K(629248K)->1173K(629248K) Eden: 559360K(559360K)->0K(559360K) From: 1161K(69888K)->1173K(69888K)
[384.851s][info][gc,heap        ] GC(716) Tenured: 12712K(1398144K)->12786K(1398144K)
[384.851s][info][gc,metaspace   ] GC(716) Metaspace: 14259K(15104K)->14259K(15104K) NonClass: 12318K(12800K)->12318K(12800K) Class: 1941K(2304K)->1941K(2304K)
[384.851s][info][gc             ] GC(716) Pause Young (Allocation Failure) 559M->13M(1979M) 61.373ms
[384.851s][info][gc,cpu         ] GC(716) User=0.06s Sys=0.00s Real=0.06s
[385.351s][info][gc,start       ] GC(717) Pause Young (Allocation Failure)
[385.408s][info][gc,heap        ] GC(717) DefNew: 560533K(629248K)->1170K(629248K) Eden: 559360K(559360K)->0K(559360K) From: 1173K(69888K)->1170K(69888K)
[385.408s][info][gc,heap        ] GC(717) Tenured: 12786K(1398144K)->12866K(1398144K)
[385.408s][info][gc,metaspace   ] GC(717) Metaspace: 14259K(15104K)->14259K(15104K) NonClass: 12318K(12800K)->12318K(12800K) Class: 1941K(2304K)->1941K(2304K)
[385.408s][info][gc             ] GC(717) Pause Young (Allocation Failure) 559M->13M(1979M) 56.308ms
[385.408s][info][gc,cpu         ] GC(717) User=0.05s Sys=0.00s Real=0.05s
[385.911s][info][gc,start       ] GC(718) Pause Young (Allocation Failure)
[385.966s][info][gc,heap        ] GC(718) DefNew: 560530K(629248K)->1172K(629248K) Eden: 559360K(559360K)->0K(559360K) From: 1170K(69888K)->1172K(69888K)
[385.966s][info][gc,heap        ] GC(718) Tenured: 12866K(1398144K)->12941K(1398144K)
[385.966s][info][gc,metaspace   ] GC(718) Metaspace: 14259K(15104K)->14259K(15104K) NonClass: 12318K(12800K)->12318K(12800K) Class: 1941K(2304K)->1941K(2304K)
[385.966s][info][gc             ] GC(718) Pause Young (Allocation Failure) 559M->13M(1979M) 54.398ms
[385.966s][info][gc,cpu         ] GC(718) User=0.05s Sys=0.00s Real=0.05s
[386.469s][info][gc,start       ] GC(719) Pause Young (Allocation Failure)
[386.515s][info][gc,heap        ] GC(719) DefNew: 560532K(629248K)->1172K(629248K) Eden: 559360K(559360K)->0K(559360K) From: 1172K(69888K)->1172K(69888K)
[386.515s][info][gc,heap        ] GC(719) Tenured: 12941K(1398144K)->13018K(1398144K)
[386.515s][info][gc,metaspace   ] GC(719) Metaspace: 14259K(15104K)->14259K(15104K) NonClass: 12318K(12800K)->12318K(12800K) Class: 1941K(2304K)->1941K(2304K)
[386.515s][info][gc             ] GC(719) Pause Young (Allocation Failure) 560M->13M(1979M) 46.048ms
[386.515s][info][gc,cpu         ] GC(719) User=0.03s Sys=0.00s Real=0.03s
[387.031s][info][gc,start       ] GC(720) Pause Young (Allocation Failure)
[387.080s][info][gc,heap        ] GC(720) DefNew: 560532K(629248K)->1179K(629248K) Eden: 559360K(559360K)->0K(559360K) From: 1172K(69888K)->1179K(69888K)
[387.080s][info][gc,heap        ] GC(720) Tenured: 13018K(1398144K)->13089K(1398144K)
[387.080s][info][gc,metaspace   ] GC(720) Metaspace: 14259K(15104K)->14259K(15104K) NonClass: 12318K(12800K)->12318K(12800K) Class: 1941K(2304K)->1941K(2304K)
[387.080s][info][gc             ] GC(720) Pause Young (Allocation Failure) 560M->13M(1979M) 49.408ms
[387.080s][info][gc,cpu         ] GC(720) User=0.05s Sys=0.00s Real=0.05s
[387.563s][info][gc,start       ] GC(721) Pause Young (Allocation Failure)
[387.634s][info][gc,heap        ] GC(721) DefNew: 560539K(629248K)->1175K(629248K) Eden: 559360K(559360K)->0K(559360K) From: 1179K(69888K)->1175K(69888K)
[387.635s][info][gc,heap        ] GC(721) Tenured: 13089K(1398144K)->13166K(1398144K)
[387.635s][info][gc,metaspace   ] GC(721) Metaspace: 14259K(15104K)->14259K(15104K) NonClass: 12318K(12800K)->12318K(12800K) Class: 1941K(2304K)->1941K(2304K)
[387.635s][info][gc             ] GC(721) Pause Young (Allocation Failure) 560M->14M(1979M) 71.202ms
[387.635s][info][gc,cpu         ] GC(721) User=0.06s Sys=0.00s Real=0.07s
[388.187s][info][gc,start       ] GC(722) Pause Full (System.gc())
[388.187s][info][gc,phases,start] GC(722) Phase 1: Mark live objects
[388.252s][info][gc,phases      ] GC(722) Phase 1: Mark live objects 64.778ms
[388.252s][info][gc,phases,start] GC(722) Phase 2: Compute new object addresses
[388.384s][info][gc,phases      ] GC(722) Phase 2: Compute new object addresses 132.737ms
[388.384s][info][gc,phases,start] GC(722) Phase 3: Adjust pointers
[388.409s][info][gc,phases      ] GC(722) Phase 3: Adjust pointers 24.316ms
[388.409s][info][gc,phases,start] GC(722) Phase 4: Move objects
[388.409s][info][gc,phases      ] GC(722) Phase 4: Move objects 0.013ms
[388.409s][info][gc,heap        ] GC(722) DefNew: 544776K(629248K)->0K(629248K) Eden: 543601K(559360K)->0K(559360K) From: 1175K(69888K)->0K(69888K)
[388.409s][info][gc,heap        ] GC(722) Tenured: 13166K(1398144K)->13166K(1398144K)
[388.409s][info][gc,metaspace   ] GC(722) Metaspace: 14259K(15104K)->14259K(15104K) NonClass: 12318K(12800K)->12318K(12800K) Class: 1941K(2304K)->1941K(2304K)
[388.409s][info][gc             ] GC(722) Pause Full (System.gc()) 544M->12M(1979M) 222.269ms
[388.409s][info][gc,cpu         ] GC(722) User=0.20s Sys=0.00s Real=0.21s
[388.837s][info][gc,start       ] GC(723) Pause Young (Allocation Failure)
[388.890s][info][gc,heap        ] GC(723) DefNew: 559360K(629248K)->1527K(629248K) Eden: 559360K(559360K)->0K(559360K) From: 0K(69888K)->1527K(69888K)
[388.890s][info][gc,heap        ] GC(723) Tenured: 13166K(1398144K)->13166K(1398144K)
[388.890s][info][gc,metaspace   ] GC(723) Metaspace: 14259K(15104K)->14259K(15104K) NonClass: 12318K(12800K)->12318K(12800K) Class: 1941K(2304K)->1941K(2304K)
[388.890s][info][gc             ] GC(723) Pause Young (Allocation Failure) 559M->14M(1979M) 52.575ms
[388.890s][info][gc,cpu         ] GC(723) User=0.06s Sys=0.00s Real=0.05s
[389.389s][info][gc,start       ] GC(724) Pause Young (Allocation Failure)
[389.444s][info][gc,heap        ] GC(724) DefNew: 560887K(629248K)->1602K(629248K) Eden: 559360K(559360K)->0K(559360K) From: 1527K(69888K)->1602K(69888K)
[389.444s][info][gc,heap        ] GC(724) Tenured: 13166K(1398144K)->13166K(1398144K)
[389.444s][info][gc,metaspace   ] GC(724) Metaspace: 14259K(15104K)->14259K(15104K) NonClass: 12318K(12800K)->12318K(12800K) Class: 1941K(2304K)->1941K(2304K)
[389.444s][info][gc             ] GC(724) Pause Young (Allocation Failure) 560M->14M(1979M) 54.778ms
[389.444s][info][gc,cpu         ] GC(724) User=0.05s Sys=0.00s Real=0.05s
[389.942s][info][gc,start       ] GC(725) Pause Young (Allocation Failure)
[389.999s][info][gc,heap        ] GC(725) DefNew: 560962K(629248K)->1679K(629248K) Eden: 559360K(559360K)->0K(559360K) From: 1602K(69888K)->1679K(69888K)
[389.999s][info][gc,heap        ] GC(725) Tenured: 13166K(1398144K)->13166K(1398144K)
[389.999s][info][gc,metaspace   ] GC(725) Metaspace: 14259K(15104K)->14259K(15104K) NonClass: 12318K(12800K)->12318K(12800K) Class: 1941K(2304K)->1941K(2304K)
[389.999s][info][gc             ] GC(725) Pause Young (Allocation Failure) 560M->14M(1979M) 57.755ms
[389.999s][info][gc,cpu         ] GC(725) User=0.06s Sys=0.00s Real=0.06s
[390.492s][info][gc,start       ] GC(726) Pause Young (Allocation Failure)
[390.550s][info][gc,heap        ] GC(726) DefNew: 561039K(629248K)->1756K(629248K) Eden: 559360K(559360K)->0K(559360K) From: 1679K(69888K)->1756K(69888K)
[390.550s][info][gc,heap        ] GC(726) Tenured: 13166K(1398144K)->13166K(1398144K)
[390.550s][info][gc,metaspace   ] GC(726) Metaspace: 14259K(15104K)->14259K(15104K) NonClass: 12318K(12800K)->12318K(12800K) Class: 1941K(2304K)->1941K(2304K)
[390.550s][info][gc             ] GC(726) Pause Young (Allocation Failure) 560M->14M(1979M) 57.736ms
[390.550s][info][gc,cpu         ] GC(726) User=0.05s Sys=0.00s Real=0.05s
[391.043s][info][gc,start       ] GC(727) Pause Young (Allocation Failure)
[391.090s][info][gc,heap        ] GC(727) DefNew: 561116K(629248K)->1832K(629248K) Eden: 559360K(559360K)->0K(559360K) From: 1756K(69888K)->1832K(69888K)
[391.090s][info][gc,heap        ] GC(727) Tenured: 13166K(1398144K)->13166K(1398144K)
[391.090s][info][gc,metaspace   ] GC(727) Metaspace: 14259K(15104K)->14259K(15104K) NonClass: 12318K(12800K)->12318K(12800K) Class: 1941K(2304K)->1941K(2304K)
[391.090s][info][gc             ] GC(727) Pause Young (Allocation Failure) 560M->14M(1979M) 46.353ms
[391.090s][info][gc,cpu         ] GC(727) User=0.05s Sys=0.00s Real=0.05s
[391.569s][info][gc,start       ] GC(728) Pause Young (Allocation Failure)
[391.616s][info][gc,heap        ] GC(728) DefNew: 561192K(629248K)->1908K(629248K) Eden: 559360K(559360K)->0K(559360K) From: 1832K(69888K)->1908K(69888K)
[391.616s][info][gc,heap        ] GC(728) Tenured: 13166K(1398144K)->13166K(1398144K)
[391.616s][info][gc,metaspace   ] GC(728) Metaspace: 14259K(15104K)->14259K(15104K) NonClass: 12318K(12800K)->12318K(12800K) Class: 1941K(2304K)->1941K(2304K)
[391.616s][info][gc             ] GC(728) Pause Young (Allocation Failure) 560M->14M(1979M) 46.429ms
[391.616s][info][gc,cpu         ] GC(728) User=0.05s Sys=0.00s Real=0.04s
[392.116s][info][gc,start       ] GC(729) Pause Young (Allocation Failure)
[392.163s][info][gc,heap        ] GC(729) DefNew: 561268K(629248K)->1985K(629248K) Eden: 559360K(559360K)->0K(559360K) From: 1908K(69888K)->1985K(69888K)
[392.163s][info][gc,heap        ] GC(729) Tenured: 13166K(1398144K)->13166K(1398144K)
[392.163s][info][gc,metaspace   ] GC(729) Metaspace: 14259K(15104K)->14259K(15104K) NonClass: 12318K(12800K)->12318K(12800K) Class: 1941K(2304K)->1941K(2304K)
[392.163s][info][gc             ] GC(729) Pause Young (Allocation Failure) 560M->14M(1979M) 46.345ms
[392.163s][info][gc,cpu         ] GC(729) User=0.05s Sys=0.00s Real=0.04s
[392.666s][info][gc,start       ] GC(730) Pause Young (Allocation Failure)
[392.721s][info][gc,heap        ] GC(730) DefNew: 561345K(629248K)->2059K(629248K) Eden: 559360K(559360K)->0K(559360K) From: 1985K(69888K)->2059K(69888K)
[392.721s][info][gc,heap        ] GC(730) Tenured: 13166K(1398144K)->13166K(1398144K)
[392.721s][info][gc,metaspace   ] GC(730) Metaspace: 14259K(15104K)->14259K(15104K) NonClass: 12318K(12800K)->12318K(12800K) Class: 1941K(2304K)->1941K(2304K)
[392.721s][info][gc             ] GC(730) Pause Young (Allocation Failure) 561M->14M(1979M) 54.398ms
[392.721s][info][gc,cpu         ] GC(730) User=0.05s Sys=0.00s Real=0.05s
[393.194s][info][gc,start       ] GC(731) Pause Young (Allocation Failure)
[393.250s][info][gc,heap        ] GC(731) DefNew: 561419K(629248K)->2131K(629248K) Eden: 559360K(559360K)->0K(559360K) From: 2059K(69888K)->2131K(69888K)
[393.250s][info][gc,heap        ] GC(731) Tenured: 13166K(1398144K)->13166K(1398144K)
[393.250s][info][gc,metaspace   ] GC(731) Metaspace: 14259K(15104K)->14259K(15104K) NonClass: 12318K(12800K)->12318K(12800K) Class: 1941K(2304K)->1941K(2304K)
[393.250s][info][gc             ] GC(731) Pause Young (Allocation Failure) 561M->14M(1979M) 55.816ms
[393.250s][info][gc,cpu         ] GC(731) User=0.05s Sys=0.00s Real=0.04s
[393.743s][info][gc,start       ] GC(732) Pause Young (Allocation Failure)
[393.801s][info][gc,heap        ] GC(732) DefNew: 561491K(629248K)->2207K(629248K) Eden: 559360K(559360K)->0K(559360K) From: 2131K(69888K)->2207K(69888K)
[393.801s][info][gc,heap        ] GC(732) Tenured: 13166K(1398144K)->13166K(1398144K)
[393.801s][info][gc,metaspace   ] GC(732) Metaspace: 14259K(15104K)->14259K(15104K) NonClass: 12318K(12800K)->12318K(12800K) Class: 1941K(2304K)->1941K(2304K)
[393.801s][info][gc             ] GC(732) Pause Young (Allocation Failure) 561M->15M(1979M) 57.599ms
[393.801s][info][gc,cpu         ] GC(732) User=0.06s Sys=0.00s Real=0.06s
[394.280s][info][gc,start       ] GC(733) Pause Young (Allocation Failure)
[394.341s][info][gc,heap        ] GC(733) DefNew: 561567K(629248K)->2286K(629248K) Eden: 559360K(559360K)->0K(559360K) From: 2207K(69888K)->2286K(69888K)
[394.341s][info][gc,heap        ] GC(733) Tenured: 13166K(1398144K)->13166K(1398144K)
[394.341s][info][gc,metaspace   ] GC(733) Metaspace: 14259K(15104K)->14259K(15104K) NonClass: 12318K(12800K)->12318K(12800K) Class: 1941K(2304K)->1941K(2304K)
[394.341s][info][gc             ] GC(733) Pause Young (Allocation Failure) 561M->15M(1979M) 61.503ms
[394.341s][info][gc,cpu         ] GC(733) User=0.05s Sys=0.00s Real=0.06s
[394.839s][info][gc,start       ] GC(734) Pause Young (Allocation Failure)
[394.885s][info][gc,heap        ] GC(734) DefNew: 561646K(629248K)->2362K(629248K) Eden: 559360K(559360K)->0K(559360K) From: 2286K(69888K)->2362K(69888K)
[394.885s][info][gc,heap        ] GC(734) Tenured: 13166K(1398144K)->13166K(1398144K)
[394.885s][info][gc,metaspace   ] GC(734) Metaspace: 14259K(15104K)->14259K(15104K) NonClass: 12318K(12800K)->12318K(12800K) Class: 1941K(2304K)->1941K(2304K)
[394.885s][info][gc             ] GC(734) Pause Young (Allocation Failure) 561M->15M(1979M) 46.533ms
[394.885s][info][gc,cpu         ] GC(734) User=0.05s Sys=0.00s Real=0.04s
[395.373s][info][gc,start       ] GC(735) Pause Young (Allocation Failure)
[395.436s][info][gc,heap        ] GC(735) DefNew: 561722K(629248K)->2437K(629248K) Eden: 559360K(559360K)->0K(559360K) From: 2362K(69888K)->2437K(69888K)
[395.436s][info][gc,heap        ] GC(735) Tenured: 13166K(1398144K)->13166K(1398144K)
[395.436s][info][gc,metaspace   ] GC(735) Metaspace: 14259K(15104K)->14259K(15104K) NonClass: 12318K(12800K)->12318K(12800K) Class: 1941K(2304K)->1941K(2304K)
[395.436s][info][gc             ] GC(735) Pause Young (Allocation Failure) 561M->15M(1979M) 62.212ms
[395.436s][info][gc,cpu         ] GC(735) User=0.05s Sys=0.00s Real=0.05s
[395.926s][info][gc,start       ] GC(736) Pause Young (Allocation Failure)
[395.988s][info][gc,heap        ] GC(736) DefNew: 561797K(629248K)->2515K(629248K) Eden: 559360K(559360K)->0K(559360K) From: 2437K(69888K)->2515K(69888K)
[395.988s][info][gc,heap        ] GC(736) Tenured: 13166K(1398144K)->13166K(1398144K)
[395.988s][info][gc,metaspace   ] GC(736) Metaspace: 14259K(15104K)->14259K(15104K) NonClass: 12318K(12800K)->12318K(12800K) Class: 1941K(2304K)->1941K(2304K)
[395.988s][info][gc             ] GC(736) Pause Young (Allocation Failure) 561M->15M(1979M) 61.524ms
[395.988s][info][gc,cpu         ] GC(736) User=0.05s Sys=0.00s Real=0.05s
[396.502s][info][gc,start       ] GC(737) Pause Young (Allocation Failure)
[396.556s][info][gc,heap        ] GC(737) DefNew: 561875K(629248K)->2589K(629248K) Eden: 559360K(559360K)->0K(559360K) From: 2515K(69888K)->2589K(69888K)
[396.556s][info][gc,heap        ] GC(737) Tenured: 13166K(1398144K)->13166K(1398144K)
[396.556s][info][gc,metaspace   ] GC(737) Metaspace: 14259K(15104K)->14259K(15104K) NonClass: 12318K(12800K)->12318K(12800K) Class: 1941K(2304K)->1941K(2304K)
[396.556s][info][gc             ] GC(737) Pause Young (Allocation Failure) 561M->15M(1979M) 53.482ms
[396.556s][info][gc,cpu         ] GC(737) User=0.05s Sys=0.00s Real=0.05s
[397.049s][info][gc,start       ] GC(738) Pause Young (Allocation Failure)
[397.106s][info][gc,heap        ] GC(738) DefNew: 561949K(629248K)->1143K(629248K) Eden: 559360K(559360K)->0K(559360K) From: 2589K(69888K)->1143K(69888K)
[397.107s][info][gc,heap        ] GC(738) Tenured: 13166K(1398144K)->14686K(1398144K)
[397.107s][info][gc,metaspace   ] GC(738) Metaspace: 14259K(15104K)->14259K(15104K) NonClass: 12318K(12800K)->12318K(12800K) Class: 1941K(2304K)->1941K(2304K)
[397.107s][info][gc             ] GC(738) Pause Young (Allocation Failure) 561M->15M(1979M) 57.555ms
[397.107s][info][gc,cpu         ] GC(738) User=0.06s Sys=0.00s Real=0.06s
[397.599s][info][gc,start       ] GC(739) Pause Young (Allocation Failure)
[397.654s][info][gc,heap        ] GC(739) DefNew: 560503K(629248K)->1146K(629248K) Eden: 559360K(559360K)->0K(559360K) From: 1143K(69888K)->1146K(69888K)
[397.654s][info][gc,heap        ] GC(739) Tenured: 14686K(1398144K)->14760K(1398144K)
[397.654s][info][gc,metaspace   ] GC(739) Metaspace: 14259K(15104K)->14259K(15104K) NonClass: 12318K(12800K)->12318K(12800K) Class: 1941K(2304K)->1941K(2304K)
[397.654s][info][gc             ] GC(739) Pause Young (Allocation Failure) 561M->15M(1979M) 54.678ms
[397.654s][info][gc,cpu         ] GC(739) User=0.05s Sys=0.00s Real=0.04s
[398.142s][info][gc,start       ] GC(740) Pause Young (Allocation Failure)
[398.188s][info][gc,heap        ] GC(740) DefNew: 560506K(629248K)->1147K(629248K) Eden: 559360K(559360K)->0K(559360K) From: 1146K(69888K)->1147K(69888K)
[398.188s][info][gc,heap        ] GC(740) Tenured: 14760K(1398144K)->14836K(1398144K)
[398.188s][info][gc,metaspace   ] GC(740) Metaspace: 14259K(15104K)->14259K(15104K) NonClass: 12318K(12800K)->12318K(12800K) Class: 1941K(2304K)->1941K(2304K)
[398.188s][info][gc             ] GC(740) Pause Young (Allocation Failure) 561M->15M(1979M) 45.870ms
[398.188s][info][gc,cpu         ] GC(740) User=0.03s Sys=0.00s Real=0.03s
[398.729s][info][gc,start       ] GC(741) Pause Young (Allocation Failure)
[398.782s][info][gc,heap        ] GC(741) DefNew: 560507K(629248K)->1145K(629248K) Eden: 559360K(559360K)->0K(559360K) From: 1147K(69888K)->1145K(69888K)
[398.782s][info][gc,heap        ] GC(741) Tenured: 14836K(1398144K)->14913K(1398144K)
[398.782s][info][gc,metaspace   ] GC(741) Metaspace: 14259K(15104K)->14259K(15104K) NonClass: 12318K(12800K)->12318K(12800K) Class: 1941K(2304K)->1941K(2304K)
[398.782s][info][gc             ] GC(741) Pause Young (Allocation Failure) 561M->15M(1979M) 53.172ms
[398.782s][info][gc,cpu         ] GC(741) User=0.05s Sys=0.00s Real=0.05s
[399.276s][info][gc,start       ] GC(742) Pause Young (Allocation Failure)
[399.318s][info][gc,heap        ] GC(742) DefNew: 560505K(629248K)->1144K(629248K) Eden: 559360K(559360K)->0K(559360K) From: 1145K(69888K)->1144K(69888K)
[399.318s][info][gc,heap        ] GC(742) Tenured: 14913K(1398144K)->14990K(1398144K)
[399.318s][info][gc,metaspace   ] GC(742) Metaspace: 14259K(15104K)->14259K(15104K) NonClass: 12318K(12800K)->12318K(12800K) Class: 1941K(2304K)->1941K(2304K)
[399.318s][info][gc             ] GC(742) Pause Young (Allocation Failure) 561M->15M(1979M) 41.973ms
[399.318s][info][gc,cpu         ] GC(742) User=0.03s Sys=0.00s Real=0.03s
[399.798s][info][gc,start       ] GC(743) Pause Young (Allocation Failure)
[399.853s][info][gc,heap        ] GC(743) DefNew: 560504K(629248K)->1146K(629248K) Eden: 559360K(559360K)->0K(559360K) From: 1144K(69888K)->1146K(69888K)
[399.853s][info][gc,heap        ] GC(743) Tenured: 14990K(1398144K)->15065K(1398144K)
[399.853s][info][gc,metaspace   ] GC(743) Metaspace: 14259K(15104K)->14259K(15104K) NonClass: 12318K(12800K)->12318K(12800K) Class: 1941K(2304K)->1941K(2304K)
[399.853s][info][gc             ] GC(743) Pause Young (Allocation Failure) 562M->15M(1979M) 54.783ms
[399.853s][info][gc,cpu         ] GC(743) User=0.05s Sys=0.00s Real=0.05s
[400.356s][info][gc,start       ] GC(744) Pause Young (Allocation Failure)
[400.409s][info][gc,heap        ] GC(744) DefNew: 560506K(629248K)->1146K(629248K) Eden: 559360K(559360K)->0K(559360K) From: 1146K(69888K)->1146K(69888K)
[400.410s][info][gc,heap        ] GC(744) Tenured: 15065K(1398144K)->15142K(1398144K)
[400.410s][info][gc,metaspace   ] GC(744) Metaspace: 14259K(15104K)->14259K(15104K) NonClass: 12318K(12800K)->12318K(12800K) Class: 1941K(2304K)->1941K(2304K)
[400.410s][info][gc             ] GC(744) Pause Young (Allocation Failure) 562M->15M(1979M) 53.730ms
[400.410s][info][gc,cpu         ] GC(744) User=0.05s Sys=0.02s Real=0.05s
[400.897s][info][gc,start       ] GC(745) Pause Young (Allocation Failure)
[400.952s][info][gc,heap        ] GC(745) DefNew: 560506K(629248K)->1150K(629248K) Eden: 559360K(559360K)->0K(559360K) From: 1146K(69888K)->1150K(69888K)
[400.952s][info][gc,heap        ] GC(745) Tenured: 15142K(1398144K)->15216K(1398144K)
[400.952s][info][gc,metaspace   ] GC(745) Metaspace: 14259K(15104K)->14259K(15104K) NonClass: 12318K(12800K)->12318K(12800K) Class: 1941K(2304K)->1941K(2304K)
[400.952s][info][gc             ] GC(745) Pause Young (Allocation Failure) 562M->15M(1979M) 55.039ms
[400.952s][info][gc,cpu         ] GC(745) User=0.06s Sys=0.00s Real=0.06s
[401.442s][info][gc,start       ] GC(746) Pause Young (Allocation Failure)
[401.487s][info][gc,heap        ] GC(746) DefNew: 560510K(629248K)->1157K(629248K) Eden: 559360K(559360K)->0K(559360K) From: 1150K(69888K)->1157K(69888K)
[401.487s][info][gc,heap        ] GC(746) Tenured: 15216K(1398144K)->15287K(1398144K)
[401.487s][info][gc,metaspace   ] GC(746) Metaspace: 14259K(15104K)->14259K(15104K) NonClass: 12318K(12800K)->12318K(12800K) Class: 1941K(2304K)->1941K(2304K)
[401.487s][info][gc             ] GC(746) Pause Young (Allocation Failure) 562M->16M(1979M) 44.861ms
[401.487s][info][gc,cpu         ] GC(746) User=0.03s Sys=0.00s Real=0.04s
[401.974s][info][gc,start       ] GC(747) Pause Young (Allocation Failure)
[402.033s][info][gc,heap        ] GC(747) DefNew: 560517K(629248K)->1152K(629248K) Eden: 559360K(559360K)->0K(559360K) From: 1157K(69888K)->1152K(69888K)
[402.033s][info][gc,heap        ] GC(747) Tenured: 15287K(1398144K)->15364K(1398144K)
[402.033s][info][gc,metaspace   ] GC(747) Metaspace: 14259K(15104K)->14259K(15104K) NonClass: 12318K(12800K)->12318K(12800K) Class: 1941K(2304K)->1941K(2304K)
[402.034s][info][gc             ] GC(747) Pause Young (Allocation Failure) 562M->16M(1979M) 59.462ms
[402.034s][info][gc,cpu         ] GC(747) User=0.06s Sys=0.00s Real=0.06s
[402.603s][info][gc,start       ] GC(748) Pause Young (Allocation Failure)
[402.666s][info][gc,heap        ] GC(748) DefNew: 560512K(629248K)->1155K(629248K) Eden: 559360K(559360K)->0K(559360K) From: 1152K(69888K)->1155K(69888K)
[402.666s][info][gc,heap        ] GC(748) Tenured: 15364K(1398144K)->15441K(1398144K)
[402.666s][info][gc,metaspace   ] GC(748) Metaspace: 14259K(15104K)->14259K(15104K) NonClass: 12318K(12800K)->12318K(12800K) Class: 1941K(2304K)->1941K(2304K)
[402.666s][info][gc             ] GC(748) Pause Young (Allocation Failure) 562M->16M(1979M) 63.125ms
[402.666s][info][gc,cpu         ] GC(748) User=0.06s Sys=0.00s Real=0.06s
[403.176s][info][gc,start       ] GC(749) Pause Young (Allocation Failure)
[403.229s][info][gc,heap        ] GC(749) DefNew: 560515K(629248K)->1155K(629248K) Eden: 559360K(559360K)->0K(559360K) From: 1155K(69888K)->1155K(69888K)
[403.229s][info][gc,heap        ] GC(749) Tenured: 15441K(1398144K)->15518K(1398144K)
[403.229s][info][gc,metaspace   ] GC(749) Metaspace: 14259K(15104K)->14259K(15104K) NonClass: 12318K(12800K)->12318K(12800K) Class: 1941K(2304K)->1941K(2304K)
[403.229s][info][gc             ] GC(749) Pause Young (Allocation Failure) 562M->16M(1979M) 53.323ms
[403.229s][info][gc,cpu         ] GC(749) User=0.05s Sys=0.00s Real=0.05s
[403.714s][info][gc,start       ] GC(750) Pause Young (Allocation Failure)
[403.769s][info][gc,heap        ] GC(750) DefNew: 560515K(629248K)->1157K(629248K) Eden: 559360K(559360K)->0K(559360K) From: 1155K(69888K)->1157K(69888K)
[403.769s][info][gc,heap        ] GC(750) Tenured: 15518K(1398144K)->15593K(1398144K)
[403.769s][info][gc,metaspace   ] GC(750) Metaspace: 14259K(15104K)->14259K(15104K) NonClass: 12318K(12800K)->12318K(12800K) Class: 1941K(2304K)->1941K(2304K)
[403.769s][info][gc             ] GC(750) Pause Young (Allocation Failure) 562M->16M(1979M) 55.334ms
[403.769s][info][gc,cpu         ] GC(750) User=0.06s Sys=0.00s Real=0.06s
[404.254s][info][gc,start       ] GC(751) Pause Young (Allocation Failure)
[404.309s][info][gc,heap        ] GC(751) DefNew: 560517K(629248K)->1157K(629248K) Eden: 559360K(559360K)->0K(559360K) From: 1157K(69888K)->1157K(69888K)
[404.309s][info][gc,heap        ] GC(751) Tenured: 15593K(1398144K)->15670K(1398144K)
[404.309s][info][gc,metaspace   ] GC(751) Metaspace: 14259K(15104K)->14259K(15104K) NonClass: 12318K(12800K)->12318K(12800K) Class: 1941K(2304K)->1941K(2304K)
[404.309s][info][gc             ] GC(751) Pause Young (Allocation Failure) 562M->16M(1979M) 55.357ms
[404.309s][info][gc,cpu         ] GC(751) User=0.05s Sys=0.00s Real=0.04s
[404.806s][info][gc,start       ] GC(752) Pause Young (Allocation Failure)
[404.869s][info][gc,heap        ] GC(752) DefNew: 560517K(629248K)->1159K(629248K) Eden: 559360K(559360K)->0K(559360K) From: 1157K(69888K)->1159K(69888K)
[404.869s][info][gc,heap        ] GC(752) Tenured: 15670K(1398144K)->15744K(1398144K)
[404.869s][info][gc,metaspace   ] GC(752) Metaspace: 14259K(15104K)->14259K(15104K) NonClass: 12318K(12800K)->12318K(12800K) Class: 1941K(2304K)->1941K(2304K)
[404.869s][info][gc             ] GC(752) Pause Young (Allocation Failure) 562M->16M(1979M) 62.844ms
[404.869s][info][gc,cpu         ] GC(752) User=0.06s Sys=0.00s Real=0.05s
[405.267s][info][gc,start       ] GC(753) Pause Young (Allocation Failure)
[405.328s][info][gc,heap        ] GC(753) DefNew: 560519K(629248K)->1145K(629248K) Eden: 559360K(559360K)->0K(559360K) From: 1159K(69888K)->1145K(69888K)
[405.328s][info][gc,heap        ] GC(753) Tenured: 15744K(1398144K)->15819K(1398144K)
[405.328s][info][gc,metaspace   ] GC(753) Metaspace: 14259K(15104K)->14259K(15104K) NonClass: 12318K(12800K)->12318K(12800K) Class: 1941K(2304K)->1941K(2304K)
[405.328s][info][gc             ] GC(753) Pause Young (Allocation Failure) 562M->16M(1979M) 61.072ms
[405.328s][info][gc,cpu         ] GC(753) User=0.05s Sys=0.00s Real=0.05s
[405.489s][info][gc,start       ] GC(754) Pause Full (System.gc())
[405.489s][info][gc,phases,start] GC(754) Phase 1: Mark live objects
[405.529s][info][gc,phases      ] GC(754) Phase 1: Mark live objects 40.045ms
[405.529s][info][gc,phases,start] GC(754) Phase 2: Compute new object addresses
[405.561s][info][gc,phases      ] GC(754) Phase 2: Compute new object addresses 32.179ms
[405.561s][info][gc,phases,start] GC(754) Phase 3: Adjust pointers
[405.586s][info][gc,phases      ] GC(754) Phase 3: Adjust pointers 25.068ms
[405.586s][info][gc,phases,start] GC(754) Phase 4: Move objects
[405.586s][info][gc,phases      ] GC(754) Phase 4: Move objects 0.013ms
[405.586s][info][gc,heap        ] GC(754) DefNew: 131219K(629248K)->0K(629248K) Eden: 130074K(559360K)->0K(559360K) From: 1145K(69888K)->0K(69888K)
[405.586s][info][gc,heap        ] GC(754) Tenured: 15819K(1398144K)->5348K(1398144K)
[405.586s][info][gc,metaspace   ] GC(754) Metaspace: 14259K(15104K)->14259K(15104K) NonClass: 12318K(12800K)->12318K(12800K) Class: 1941K(2304K)->1941K(2304K)
[405.586s][info][gc             ] GC(754) Pause Full (System.gc()) 143M->5M(1979M) 97.703ms
[405.586s][info][gc,cpu         ] GC(754) User=0.09s Sys=0.00s Real=0.09s
[406.002s][info][gc,start       ] GC(755) Pause Young (Allocation Failure)
[406.059s][info][gc,heap        ] GC(755) DefNew: 559360K(629248K)->1522K(629248K) Eden: 559360K(559360K)->0K(559360K) From: 0K(69888K)->1522K(69888K)
[406.059s][info][gc,heap        ] GC(755) Tenured: 5348K(1398144K)->5348K(1398144K)
[406.059s][info][gc,metaspace   ] GC(755) Metaspace: 14259K(15104K)->14259K(15104K) NonClass: 12318K(12800K)->12318K(12800K) Class: 1941K(2304K)->1941K(2304K)
[406.059s][info][gc             ] GC(755) Pause Young (Allocation Failure) 551M->6M(1979M) 57.039ms
[406.059s][info][gc,cpu         ] GC(755) User=0.05s Sys=0.02s Real=0.06s
[406.635s][info][gc,start       ] GC(756) Pause Young (Allocation Failure)
[406.697s][info][gc,heap        ] GC(756) DefNew: 560882K(629248K)->1596K(629248K) Eden: 559360K(559360K)->0K(559360K) From: 1522K(69888K)->1596K(69888K)
[406.697s][info][gc,heap        ] GC(756) Tenured: 5348K(1398144K)->5348K(1398144K)
[406.697s][info][gc,metaspace   ] GC(756) Metaspace: 14259K(15104K)->14259K(15104K) NonClass: 12318K(12800K)->12318K(12800K) Class: 1941K(2304K)->1941K(2304K)
[406.697s][info][gc             ] GC(756) Pause Young (Allocation Failure) 552M->6M(1979M) 62.363ms
[406.697s][info][gc,cpu         ] GC(756) User=0.06s Sys=0.00s Real=0.06s
[407.184s][info][gc,start       ] GC(757) Pause Young (Allocation Failure)
[407.226s][info][gc,heap        ] GC(757) DefNew: 560956K(629248K)->1671K(629248K) Eden: 559360K(559360K)->0K(559360K) From: 1596K(69888K)->1671K(69888K)
[407.226s][info][gc,heap        ] GC(757) Tenured: 5348K(1398144K)->5348K(1398144K)
[407.226s][info][gc,metaspace   ] GC(757) Metaspace: 14259K(15104K)->14259K(15104K) NonClass: 12318K(12800K)->12318K(12800K) Class: 1941K(2304K)->1941K(2304K)
[407.226s][info][gc             ] GC(757) Pause Young (Allocation Failure) 553M->6M(1979M) 42.108ms
[407.226s][info][gc,cpu         ] GC(757) User=0.05s Sys=0.00s Real=0.04s
[407.721s][info][gc,start       ] GC(758) Pause Young (Allocation Failure)
[407.765s][info][gc,heap        ] GC(758) DefNew: 561031K(629248K)->1747K(629248K) Eden: 559360K(559360K)->0K(559360K) From: 1671K(69888K)->1747K(69888K)
[407.765s][info][gc,heap        ] GC(758) Tenured: 5348K(1398144K)->5348K(1398144K)
[407.765s][info][gc,metaspace   ] GC(758) Metaspace: 14259K(15104K)->14259K(15104K) NonClass: 12318K(12800K)->12318K(12800K) Class: 1941K(2304K)->1941K(2304K)
[407.765s][info][gc             ] GC(758) Pause Young (Allocation Failure) 553M->6M(1979M) 44.173ms
[407.766s][info][gc,cpu         ] GC(758) User=0.05s Sys=0.00s Real=0.04s
[408.259s][info][gc,start       ] GC(759) Pause Young (Allocation Failure)
[408.302s][info][gc,heap        ] GC(759) DefNew: 561107K(629248K)->1822K(629248K) Eden: 559360K(559360K)->0K(559360K) From: 1747K(69888K)->1822K(69888K)
[408.302s][info][gc,heap        ] GC(759) Tenured: 5348K(1398144K)->5348K(1398144K)
[408.302s][info][gc,metaspace   ] GC(759) Metaspace: 14259K(15104K)->14259K(15104K) NonClass: 12318K(12800K)->12318K(12800K) Class: 1941K(2304K)->1941K(2304K)
[408.302s][info][gc             ] GC(759) Pause Young (Allocation Failure) 553M->7M(1979M) 43.225ms
[408.302s][info][gc,cpu         ] GC(759) User=0.05s Sys=0.00s Real=0.04s
[408.820s][info][gc,start       ] GC(760) Pause Young (Allocation Failure)
[408.879s][info][gc,heap        ] GC(760) DefNew: 561182K(629248K)->1904K(629248K) Eden: 559360K(559360K)->0K(559360K) From: 1822K(69888K)->1904K(69888K)
[408.879s][info][gc,heap        ] GC(760) Tenured: 5348K(1398144K)->5348K(1398144K)
[408.879s][info][gc,metaspace   ] GC(760) Metaspace: 14259K(15104K)->14259K(15104K) NonClass: 12318K(12800K)->12318K(12800K) Class: 1941K(2304K)->1941K(2304K)
[408.879s][info][gc             ] GC(760) Pause Young (Allocation Failure) 553M->7M(1979M) 59.232ms
[408.879s][info][gc,cpu         ] GC(760) User=0.06s Sys=0.00s Real=0.06s
[409.346s][info][gc,start       ] GC(761) Pause Young (Allocation Failure)
[409.405s][info][gc,heap        ] GC(761) DefNew: 561264K(629248K)->1976K(629248K) Eden: 559360K(559360K)->0K(559360K) From: 1904K(69888K)->1976K(69888K)
[409.405s][info][gc,heap        ] GC(761) Tenured: 5348K(1398144K)->5348K(1398144K)
[409.405s][info][gc,metaspace   ] GC(761) Metaspace: 14259K(15104K)->14259K(15104K) NonClass: 12318K(12800K)->12318K(12800K) Class: 1941K(2304K)->1941K(2304K)
[409.405s][info][gc             ] GC(761) Pause Young (Allocation Failure) 553M->7M(1979M) 58.850ms
[409.405s][info][gc,cpu         ] GC(761) User=0.05s Sys=0.00s Real=0.05s
[409.913s][info][gc,start       ] GC(762) Pause Young (Allocation Failure)
[409.974s][info][gc,heap        ] GC(762) DefNew: 561336K(629248K)->2057K(629248K) Eden: 559360K(559360K)->0K(559360K) From: 1976K(69888K)->2057K(69888K)
[409.974s][info][gc,heap        ] GC(762) Tenured: 5348K(1398144K)->5348K(1398144K)
[409.974s][info][gc,metaspace   ] GC(762) Metaspace: 14259K(15104K)->14259K(15104K) NonClass: 12318K(12800K)->12318K(12800K) Class: 1941K(2304K)->1941K(2304K)
[409.974s][info][gc             ] GC(762) Pause Young (Allocation Failure) 553M->7M(1979M) 61.043ms
[409.974s][info][gc,cpu         ] GC(762) User=0.05s Sys=0.00s Real=0.05s
[410.547s][info][gc,start       ] GC(763) Pause Young (Allocation Failure)
[410.600s][info][gc,heap        ] GC(763) DefNew: 561417K(629248K)->2133K(629248K) Eden: 559360K(559360K)->0K(559360K) From: 2057K(69888K)->2133K(69888K)
[410.600s][info][gc,heap        ] GC(763) Tenured: 5348K(1398144K)->5348K(1398144K)
[410.601s][info][gc,metaspace   ] GC(763) Metaspace: 14259K(15104K)->14259K(15104K) NonClass: 12318K(12800K)->12318K(12800K) Class: 1941K(2304K)->1941K(2304K)
[410.601s][info][gc             ] GC(763) Pause Young (Allocation Failure) 553M->7M(1979M) 53.977ms
[410.601s][info][gc,cpu         ] GC(763) User=0.05s Sys=0.00s Real=0.05s
[411.104s][info][gc,start       ] GC(764) Pause Young (Allocation Failure)
[411.158s][info][gc,heap        ] GC(764) DefNew: 561493K(629248K)->2213K(629248K) Eden: 559360K(559360K)->0K(559360K) From: 2133K(69888K)->2213K(69888K)
[411.158s][info][gc,heap        ] GC(764) Tenured: 5348K(1398144K)->5348K(1398144K)
[411.158s][info][gc,metaspace   ] GC(764) Metaspace: 14259K(15104K)->14259K(15104K) NonClass: 12318K(12800K)->12318K(12800K) Class: 1941K(2304K)->1941K(2304K)
[411.158s][info][gc             ] GC(764) Pause Young (Allocation Failure) 553M->7M(1979M) 54.207ms
[411.158s][info][gc,cpu         ] GC(764) User=0.05s Sys=0.00s Real=0.05s
[411.660s][info][gc,start       ] GC(765) Pause Young (Allocation Failure)
[411.715s][info][gc,heap        ] GC(765) DefNew: 561573K(629248K)->2290K(629248K) Eden: 559360K(559360K)->0K(559360K) From: 2213K(69888K)->2290K(69888K)
[411.715s][info][gc,heap        ] GC(765) Tenured: 5348K(1398144K)->5348K(1398144K)
[411.715s][info][gc,metaspace   ] GC(765) Metaspace: 14259K(15104K)->14259K(15104K) NonClass: 12318K(12800K)->12318K(12800K) Class: 1941K(2304K)->1941K(2304K)
[411.715s][info][gc             ] GC(765) Pause Young (Allocation Failure) 553M->7M(1979M) 54.750ms
[411.715s][info][gc,cpu         ] GC(765) User=0.05s Sys=0.00s Real=0.04s
[412.203s][info][gc,start       ] GC(766) Pause Young (Allocation Failure)
[412.260s][info][gc,heap        ] GC(766) DefNew: 561650K(629248K)->2365K(629248K) Eden: 559360K(559360K)->0K(559360K) From: 2290K(69888K)->2365K(69888K)
[412.260s][info][gc,heap        ] GC(766) Tenured: 5348K(1398144K)->5348K(1398144K)
[412.260s][info][gc,metaspace   ] GC(766) Metaspace: 14259K(15104K)->14259K(15104K) NonClass: 12318K(12800K)->12318K(12800K) Class: 1941K(2304K)->1941K(2304K)
[412.260s][info][gc             ] GC(766) Pause Young (Allocation Failure) 553M->7M(1979M) 57.180ms
[412.260s][info][gc,cpu         ] GC(766) User=0.05s Sys=0.00s Real=0.06s
[412.742s][info][gc,start       ] GC(767) Pause Young (Allocation Failure)
[412.801s][info][gc,heap        ] GC(767) DefNew: 561725K(629248K)->2442K(629248K) Eden: 559360K(559360K)->0K(559360K) From: 2365K(69888K)->2442K(69888K)
[412.801s][info][gc,heap        ] GC(767) Tenured: 5348K(1398144K)->5348K(1398144K)
[412.801s][info][gc,metaspace   ] GC(767) Metaspace: 14259K(15104K)->14259K(15104K) NonClass: 12318K(12800K)->12318K(12800K) Class: 1941K(2304K)->1941K(2304K)
[412.801s][info][gc             ] GC(767) Pause Young (Allocation Failure) 553M->7M(1979M) 58.892ms
[412.801s][info][gc,cpu         ] GC(767) User=0.05s Sys=0.00s Real=0.05s
[413.283s][info][gc,start       ] GC(768) Pause Young (Allocation Failure)
[413.342s][info][gc,heap        ] GC(768) DefNew: 561802K(629248K)->2517K(629248K) Eden: 559360K(559360K)->0K(559360K) From: 2442K(69888K)->2517K(69888K)
[413.343s][info][gc,heap        ] GC(768) Tenured: 5348K(1398144K)->5348K(1398144K)
[413.343s][info][gc,metaspace   ] GC(768) Metaspace: 14259K(15104K)->14259K(15104K) NonClass: 12318K(12800K)->12318K(12800K) Class: 1941K(2304K)->1941K(2304K)
[413.343s][info][gc             ] GC(768) Pause Young (Allocation Failure) 553M->7M(1979M) 59.871ms
[413.343s][info][gc,cpu         ] GC(768) User=0.05s Sys=0.00s Real=0.05s
[413.835s][info][gc,start       ] GC(769) Pause Young (Allocation Failure)
[413.895s][info][gc,heap        ] GC(769) DefNew: 561877K(629248K)->2590K(629248K) Eden: 559360K(559360K)->0K(559360K) From: 2517K(69888K)->2590K(69888K)
[413.895s][info][gc,heap        ] GC(769) Tenured: 5348K(1398144K)->5348K(1398144K)
[413.895s][info][gc,metaspace   ] GC(769) Metaspace: 14259K(15104K)->14259K(15104K) NonClass: 12318K(12800K)->12318K(12800K) Class: 1941K(2304K)->1941K(2304K)
[413.895s][info][gc             ] GC(769) Pause Young (Allocation Failure) 553M->7M(1979M) 60.062ms
[413.895s][info][gc,cpu         ] GC(769) User=0.05s Sys=0.00s Real=0.05s
[414.447s][info][gc,start       ] GC(770) Pause Young (Allocation Failure)
[414.502s][info][gc,heap        ] GC(770) DefNew: 561950K(629248K)->1151K(629248K) Eden: 559360K(559360K)->0K(559360K) From: 2590K(69888K)->1151K(69888K)
[414.502s][info][gc,heap        ] GC(770) Tenured: 5348K(1398144K)->6862K(1398144K)
[414.502s][info][gc,metaspace   ] GC(770) Metaspace: 14259K(15104K)->14259K(15104K) NonClass: 12318K(12800K)->12318K(12800K) Class: 1941K(2304K)->1941K(2304K)
[414.503s][info][gc             ] GC(770) Pause Young (Allocation Failure) 554M->7M(1979M) 55.961ms
[414.503s][info][gc,cpu         ] GC(770) User=0.05s Sys=0.00s Real=0.05s
[415.014s][info][gc,start       ] GC(771) Pause Young (Allocation Failure)
[415.057s][info][gc,heap        ] GC(771) DefNew: 560511K(629248K)->1156K(629248K) Eden: 559360K(559360K)->0K(559360K) From: 1151K(69888K)->1156K(69888K)
[415.057s][info][gc,heap        ] GC(771) Tenured: 6862K(1398144K)->6936K(1398144K)
[415.057s][info][gc,metaspace   ] GC(771) Metaspace: 14259K(15104K)->14259K(15104K) NonClass: 12318K(12800K)->12318K(12800K) Class: 1941K(2304K)->1941K(2304K)
[415.057s][info][gc             ] GC(771) Pause Young (Allocation Failure) 554M->7M(1979M) 42.489ms
[415.057s][info][gc,cpu         ] GC(771) User=0.02s Sys=0.02s Real=0.04s
[415.575s][info][gc,start       ] GC(772) Pause Young (Allocation Failure)
[415.630s][info][gc,heap        ] GC(772) DefNew: 560516K(629248K)->1165K(629248K) Eden: 559360K(559360K)->0K(559360K) From: 1156K(69888K)->1165K(69888K)
[415.630s][info][gc,heap        ] GC(772) Tenured: 6936K(1398144K)->7010K(1398144K)
[415.630s][info][gc,metaspace   ] GC(772) Metaspace: 14259K(15104K)->14259K(15104K) NonClass: 12318K(12800K)->12318K(12800K) Class: 1941K(2304K)->1941K(2304K)
[415.630s][info][gc             ] GC(772) Pause Young (Allocation Failure) 554M->7M(1979M) 55.219ms
[415.630s][info][gc,cpu         ] GC(772) User=0.05s Sys=0.00s Real=0.05s
[416.134s][info][gc,start       ] GC(773) Pause Young (Allocation Failure)
[416.192s][info][gc,heap        ] GC(773) DefNew: 560525K(629248K)->1166K(629248K) Eden: 559360K(559360K)->0K(559360K) From: 1165K(69888K)->1166K(69888K)
[416.192s][info][gc,heap        ] GC(773) Tenured: 7010K(1398144K)->7088K(1398144K)
[416.192s][info][gc,metaspace   ] GC(773) Metaspace: 14259K(15104K)->14259K(15104K) NonClass: 12318K(12800K)->12318K(12800K) Class: 1941K(2304K)->1941K(2304K)
[416.192s][info][gc             ] GC(773) Pause Young (Allocation Failure) 554M->8M(1979M) 57.743ms
[416.192s][info][gc,cpu         ] GC(773) User=0.05s Sys=0.00s Real=0.05s
[416.697s][info][gc,start       ] GC(774) Pause Young (Allocation Failure)
[416.754s][info][gc,heap        ] GC(774) DefNew: 560526K(629248K)->1171K(629248K) Eden: 559360K(559360K)->0K(559360K) From: 1166K(69888K)->1171K(69888K)
[416.754s][info][gc,heap        ] GC(774) Tenured: 7088K(1398144K)->7162K(1398144K)
[416.754s][info][gc,metaspace   ] GC(774) Metaspace: 14259K(15104K)->14259K(15104K) NonClass: 12318K(12800K)->12318K(12800K) Class: 1941K(2304K)->1941K(2304K)
[416.754s][info][gc             ] GC(774) Pause Young (Allocation Failure) 554M->8M(1979M) 57.421ms
[416.754s][info][gc,cpu         ] GC(774) User=0.06s Sys=0.00s Real=0.06s
[417.256s][info][gc,start       ] GC(775) Pause Young (Allocation Failure)
[417.302s][info][gc,heap        ] GC(775) DefNew: 560531K(629248K)->1174K(629248K) Eden: 559360K(559360K)->0K(559360K) From: 1171K(69888K)->1174K(69888K)
[417.302s][info][gc,heap        ] GC(775) Tenured: 7162K(1398144K)->7242K(1398144K)
[417.302s][info][gc,metaspace   ] GC(775) Metaspace: 14259K(15104K)->14259K(15104K) NonClass: 12318K(12800K)->12318K(12800K) Class: 1941K(2304K)->1941K(2304K)
[417.302s][info][gc             ] GC(775) Pause Young (Allocation Failure) 554M->8M(1979M) 45.840ms
[417.302s][info][gc,cpu         ] GC(775) User=0.05s Sys=0.00s Real=0.04s
[417.804s][info][gc,start       ] GC(776) Pause Young (Allocation Failure)
[417.865s][info][gc,heap        ] GC(776) DefNew: 560534K(629248K)->1176K(629248K) Eden: 559360K(559360K)->0K(559360K) From: 1174K(69888K)->1176K(69888K)
[417.865s][info][gc,heap        ] GC(776) Tenured: 7242K(1398144K)->7316K(1398144K)
[417.865s][info][gc,metaspace   ] GC(776) Metaspace: 14259K(15104K)->14259K(15104K) NonClass: 12318K(12800K)->12318K(12800K) Class: 1941K(2304K)->1941K(2304K)
[417.865s][info][gc             ] GC(776) Pause Young (Allocation Failure) 554M->8M(1979M) 61.319ms
[417.865s][info][gc,cpu         ] GC(776) User=0.06s Sys=0.00s Real=0.06s
[418.365s][info][gc,start       ] GC(777) Pause Young (Allocation Failure)
[418.426s][info][gc,heap        ] GC(777) DefNew: 560536K(629248K)->1174K(629248K) Eden: 559360K(559360K)->0K(559360K) From: 1176K(69888K)->1174K(69888K)
[418.426s][info][gc,heap        ] GC(777) Tenured: 7316K(1398144K)->7396K(1398144K)
[418.426s][info][gc,metaspace   ] GC(777) Metaspace: 14259K(15104K)->14259K(15104K) NonClass: 12318K(12800K)->12318K(12800K) Class: 1941K(2304K)->1941K(2304K)
[418.426s][info][gc             ] GC(777) Pause Young (Allocation Failure) 554M->8M(1979M) 61.447ms
[418.426s][info][gc,cpu         ] GC(777) User=0.06s Sys=0.00s Real=0.06s
[418.930s][info][gc,start       ] GC(778) Pause Young (Allocation Failure)
[418.972s][info][gc,heap        ] GC(778) DefNew: 560534K(629248K)->1174K(629248K) Eden: 559360K(559360K)->0K(559360K) From: 1174K(69888K)->1174K(69888K)
[418.973s][info][gc,heap        ] GC(778) Tenured: 7396K(1398144K)->7471K(1398144K)
[418.973s][info][gc,metaspace   ] GC(778) Metaspace: 14259K(15104K)->14259K(15104K) NonClass: 12318K(12800K)->12318K(12800K) Class: 1941K(2304K)->1941K(2304K)
[418.973s][info][gc             ] GC(778) Pause Young (Allocation Failure) 554M->8M(1979M) 42.988ms
[418.973s][info][gc,cpu         ] GC(778) User=0.05s Sys=0.00s Real=0.04s
[419.485s][info][gc,start       ] GC(779) Pause Young (Allocation Failure)
[419.540s][info][gc,heap        ] GC(779) DefNew: 560534K(629248K)->1174K(629248K) Eden: 559360K(559360K)->0K(559360K) From: 1174K(69888K)->1174K(69888K)
[419.540s][info][gc,heap        ] GC(779) Tenured: 7471K(1398144K)->7551K(1398144K)
[419.540s][info][gc,metaspace   ] GC(779) Metaspace: 14259K(15104K)->14259K(15104K) NonClass: 12318K(12800K)->12318K(12800K) Class: 1941K(2304K)->1941K(2304K)
[419.540s][info][gc             ] GC(779) Pause Young (Allocation Failure) 554M->8M(1979M) 55.288ms
[419.540s][info][gc,cpu         ] GC(779) User=0.05s Sys=0.00s Real=0.05s
[420.037s][info][gc,start       ] GC(780) Pause Young (Allocation Failure)
[420.095s][info][gc,heap        ] GC(780) DefNew: 560534K(629248K)->1174K(629248K) Eden: 559360K(559360K)->0K(559360K) From: 1174K(69888K)->1174K(69888K)
[420.095s][info][gc,heap        ] GC(780) Tenured: 7551K(1398144K)->7628K(1398144K)
[420.095s][info][gc,metaspace   ] GC(780) Metaspace: 14259K(15104K)->14259K(15104K) NonClass: 12318K(12800K)->12318K(12800K) Class: 1941K(2304K)->1941K(2304K)
[420.095s][info][gc             ] GC(780) Pause Young (Allocation Failure) 554M->8M(1979M) 58.198ms
[420.095s][info][gc,cpu         ] GC(780) User=0.05s Sys=0.00s Real=0.05s
[420.596s][info][gc,start       ] GC(781) Pause Young (Allocation Failure)
[420.656s][info][gc,heap        ] GC(781) DefNew: 560534K(629248K)->1179K(629248K) Eden: 559360K(559360K)->0K(559360K) From: 1174K(69888K)->1179K(69888K)
[420.656s][info][gc,heap        ] GC(781) Tenured: 7628K(1398144K)->7703K(1398144K)
[420.656s][info][gc,metaspace   ] GC(781) Metaspace: 14259K(15104K)->14259K(15104K) NonClass: 12318K(12800K)->12318K(12800K) Class: 1941K(2304K)->1941K(2304K)
[420.656s][info][gc             ] GC(781) Pause Young (Allocation Failure) 554M->8M(1979M) 60.217ms
[420.656s][info][gc,cpu         ] GC(781) User=0.06s Sys=0.00s Real=0.06s
[421.157s][info][gc,start       ] GC(782) Pause Young (Allocation Failure)
[421.216s][info][gc,heap        ] GC(782) DefNew: 560539K(629248K)->1178K(629248K) Eden: 559360K(559360K)->0K(559360K) From: 1179K(69888K)->1178K(69888K)
[421.216s][info][gc,heap        ] GC(782) Tenured: 7703K(1398144K)->7780K(1398144K)
[421.216s][info][gc,metaspace   ] GC(782) Metaspace: 14259K(15104K)->14259K(15104K) NonClass: 12318K(12800K)->12318K(12800K) Class: 1941K(2304K)->1941K(2304K)
[421.216s][info][gc             ] GC(782) Pause Young (Allocation Failure) 554M->8M(1979M) 59.343ms
[421.216s][info][gc,cpu         ] GC(782) User=0.06s Sys=0.00s Real=0.06s
[421.716s][info][gc,start       ] GC(783) Pause Young (Allocation Failure)
[421.766s][info][gc,heap        ] GC(783) DefNew: 560538K(629248K)->1180K(629248K) Eden: 559360K(559360K)->0K(559360K) From: 1178K(69888K)->1180K(69888K)
[421.766s][info][gc,heap        ] GC(783) Tenured: 7780K(1398144K)->7854K(1398144K)
[421.766s][info][gc,metaspace   ] GC(783) Metaspace: 14259K(15104K)->14259K(15104K) NonClass: 12318K(12800K)->12318K(12800K) Class: 1941K(2304K)->1941K(2304K)
[421.766s][info][gc             ] GC(783) Pause Young (Allocation Failure) 554M->8M(1979M) 49.731ms
[421.766s][info][gc,cpu         ] GC(783) User=0.03s Sys=0.00s Real=0.04s
[422.258s][info][gc,start       ] GC(784) Pause Young (Allocation Failure)
[422.311s][info][gc,heap        ] GC(784) DefNew: 560540K(629248K)->1183K(629248K) Eden: 559360K(559360K)->0K(559360K) From: 1180K(69888K)->1183K(69888K)
[422.311s][info][gc,heap        ] GC(784) Tenured: 7854K(1398144K)->7928K(1398144K)
[422.311s][info][gc,metaspace   ] GC(784) Metaspace: 14259K(15104K)->14259K(15104K) NonClass: 12318K(12800K)->12318K(12800K) Class: 1941K(2304K)->1941K(2304K)
[422.311s][info][gc             ] GC(784) Pause Young (Allocation Failure) 555M->8M(1979M) 53.276ms
[422.311s][info][gc,cpu         ] GC(784) User=0.05s Sys=0.00s Real=0.05s
[422.720s][info][gc,start       ] GC(785) Pause Full (System.gc())
[422.720s][info][gc,phases,start] GC(785) Phase 1: Mark live objects
[422.772s][info][gc,phases      ] GC(785) Phase 1: Mark live objects 52.420ms
[422.772s][info][gc,phases,start] GC(785) Phase 2: Compute new object addresses
[422.906s][info][gc,phases      ] GC(785) Phase 2: Compute new object addresses 133.609ms
[422.906s][info][gc,phases,start] GC(785) Phase 3: Adjust pointers
[422.930s][info][gc,phases      ] GC(785) Phase 3: Adjust pointers 23.458ms
[422.930s][info][gc,phases,start] GC(785) Phase 4: Move objects
[422.930s][info][gc,phases      ] GC(785) Phase 4: Move objects 0.012ms
[422.930s][info][gc,heap        ] GC(785) DefNew: 550341K(629248K)->0K(629248K) Eden: 549157K(559360K)->0K(559360K) From: 1183K(69888K)->0K(69888K)
[422.930s][info][gc,heap        ] GC(785) Tenured: 7928K(1398144K)->7928K(1398144K)
[422.930s][info][gc,metaspace   ] GC(785) Metaspace: 14259K(15104K)->14259K(15104K) NonClass: 12318K(12800K)->12318K(12800K) Class: 1941K(2304K)->1941K(2304K)
[422.930s][info][gc             ] GC(785) Pause Full (System.gc()) 545M->7M(1979M) 209.854ms
[422.930s][info][gc,cpu         ] GC(785) User=0.20s Sys=0.00s Real=0.20s
[423.356s][info][gc,start       ] GC(786) Pause Young (Allocation Failure)
[423.407s][info][gc,heap        ] GC(786) DefNew: 559360K(629248K)->1525K(629248K) Eden: 559360K(559360K)->0K(559360K) From: 0K(69888K)->1525K(69888K)
[423.407s][info][gc,heap        ] GC(786) Tenured: 7928K(1398144K)->7928K(1398144K)
[423.407s][info][gc,metaspace   ] GC(786) Metaspace: 14259K(15104K)->14259K(15104K) NonClass: 12318K(12800K)->12318K(12800K) Class: 1941K(2304K)->1941K(2304K)
[423.407s][info][gc             ] GC(786) Pause Young (Allocation Failure) 553M->9M(1979M) 51.237ms
[423.407s][info][gc,cpu         ] GC(786) User=0.06s Sys=0.00s Real=0.05s
[423.882s][info][gc,start       ] GC(787) Pause Young (Allocation Failure)
[423.933s][info][gc,heap        ] GC(787) DefNew: 560885K(629248K)->1600K(629248K) Eden: 559360K(559360K)->0K(559360K) From: 1525K(69888K)->1600K(69888K)
[423.933s][info][gc,heap        ] GC(787) Tenured: 7928K(1398144K)->7928K(1398144K)
[423.933s][info][gc,metaspace   ] GC(787) Metaspace: 14259K(15104K)->14259K(15104K) NonClass: 12318K(12800K)->12318K(12800K) Class: 1941K(2304K)->1941K(2304K)
[423.933s][info][gc             ] GC(787) Pause Young (Allocation Failure) 555M->9M(1979M) 51.084ms
[423.933s][info][gc,cpu         ] GC(787) User=0.05s Sys=0.00s Real=0.04s
[424.419s][info][gc,start       ] GC(788) Pause Young (Allocation Failure)
[424.466s][info][gc,heap        ] GC(788) DefNew: 560960K(629248K)->1674K(629248K) Eden: 559360K(559360K)->0K(559360K) From: 1600K(69888K)->1674K(69888K)
[424.466s][info][gc,heap        ] GC(788) Tenured: 7928K(1398144K)->7928K(1398144K)
[424.466s][info][gc,metaspace   ] GC(788) Metaspace: 14259K(15104K)->14259K(15104K) NonClass: 12318K(12800K)->12318K(12800K) Class: 1941K(2304K)->1941K(2304K)
[424.466s][info][gc             ] GC(788) Pause Young (Allocation Failure) 555M->9M(1979M) 46.806ms
[424.466s][info][gc,cpu         ] GC(788) User=0.03s Sys=0.00s Real=0.05s
[425.009s][info][gc,start       ] GC(789) Pause Young (Allocation Failure)
[425.062s][info][gc,heap        ] GC(789) DefNew: 561034K(629248K)->1748K(629248K) Eden: 559360K(559360K)->0K(559360K) From: 1674K(69888K)->1748K(69888K)
[425.062s][info][gc,heap        ] GC(789) Tenured: 7928K(1398144K)->7928K(1398144K)
[425.062s][info][gc,metaspace   ] GC(789) Metaspace: 14259K(15104K)->14259K(15104K) NonClass: 12318K(12800K)->12318K(12800K) Class: 1941K(2304K)->1941K(2304K)
[425.062s][info][gc             ] GC(789) Pause Young (Allocation Failure) 555M->9M(1979M) 53.396ms
[425.062s][info][gc,cpu         ] GC(789) User=0.05s Sys=0.00s Real=0.05s
[425.568s][info][gc,start       ] GC(790) Pause Young (Allocation Failure)
[425.621s][info][gc,heap        ] GC(790) DefNew: 561108K(629248K)->1828K(629248K) Eden: 559360K(559360K)->0K(559360K) From: 1748K(69888K)->1828K(69888K)
[425.621s][info][gc,heap        ] GC(790) Tenured: 7928K(1398144K)->7928K(1398144K)
[425.621s][info][gc,metaspace   ] GC(790) Metaspace: 14259K(15104K)->14259K(15104K) NonClass: 12318K(12800K)->12318K(12800K) Class: 1941K(2304K)->1941K(2304K)
[425.621s][info][gc             ] GC(790) Pause Young (Allocation Failure) 555M->9M(1979M) 53.254ms
[425.622s][info][gc,cpu         ] GC(790) User=0.05s Sys=0.00s Real=0.05s
[426.124s][info][gc,start       ] GC(791) Pause Young (Allocation Failure)
[426.176s][info][gc,heap        ] GC(791) DefNew: 561188K(629248K)->1904K(629248K) Eden: 559360K(559360K)->0K(559360K) From: 1828K(69888K)->1904K(69888K)
[426.176s][info][gc,heap        ] GC(791) Tenured: 7928K(1398144K)->7928K(1398144K)
[426.176s][info][gc,metaspace   ] GC(791) Metaspace: 14259K(15104K)->14259K(15104K) NonClass: 12318K(12800K)->12318K(12800K) Class: 1941K(2304K)->1941K(2304K)
[426.176s][info][gc             ] GC(791) Pause Young (Allocation Failure) 555M->9M(1979M) 52.078ms
[426.176s][info][gc,cpu         ] GC(791) User=0.05s Sys=0.00s Real=0.05s
[426.674s][info][gc,start       ] GC(792) Pause Young (Allocation Failure)
[426.730s][info][gc,heap        ] GC(792) DefNew: 561264K(629248K)->1977K(629248K) Eden: 559360K(559360K)->0K(559360K) From: 1904K(69888K)->1977K(69888K)
[426.730s][info][gc,heap        ] GC(792) Tenured: 7928K(1398144K)->7928K(1398144K)
[426.730s][info][gc,metaspace   ] GC(792) Metaspace: 14259K(15104K)->14259K(15104K) NonClass: 12318K(12800K)->12318K(12800K) Class: 1941K(2304K)->1941K(2304K)
[426.730s][info][gc             ] GC(792) Pause Young (Allocation Failure) 555M->9M(1979M) 56.638ms
[426.730s][info][gc,cpu         ] GC(792) User=0.05s Sys=0.00s Real=0.06s
[427.229s][info][gc,start       ] GC(793) Pause Young (Allocation Failure)
[427.287s][info][gc,heap        ] GC(793) DefNew: 561337K(629248K)->2054K(629248K) Eden: 559360K(559360K)->0K(559360K) From: 1977K(69888K)->2054K(69888K)
[427.288s][info][gc,heap        ] GC(793) Tenured: 7928K(1398144K)->7928K(1398144K)
[427.288s][info][gc,metaspace   ] GC(793) Metaspace: 14259K(15104K)->14259K(15104K) NonClass: 12318K(12800K)->12318K(12800K) Class: 1941K(2304K)->1941K(2304K)
[427.288s][info][gc             ] GC(793) Pause Young (Allocation Failure) 555M->9M(1979M) 58.281ms
[427.288s][info][gc,cpu         ] GC(793) User=0.06s Sys=0.00s Real=0.06s
[427.769s][info][gc,start       ] GC(794) Pause Young (Allocation Failure)
[427.827s][info][gc,heap        ] GC(794) DefNew: 561414K(629248K)->2132K(629248K) Eden: 559360K(559360K)->0K(559360K) From: 2054K(69888K)->2132K(69888K)
[427.827s][info][gc,heap        ] GC(794) Tenured: 7928K(1398144K)->7928K(1398144K)
[427.827s][info][gc,metaspace   ] GC(794) Metaspace: 14259K(15104K)->14259K(15104K) NonClass: 12318K(12800K)->12318K(12800K) Class: 1941K(2304K)->1941K(2304K)
[427.827s][info][gc             ] GC(794) Pause Young (Allocation Failure) 555M->9M(1979M) 57.879ms
[427.827s][info][gc,cpu         ] GC(794) User=0.06s Sys=0.00s Real=0.06s
[428.329s][info][gc,start       ] GC(795) Pause Young (Allocation Failure)
[428.390s][info][gc,heap        ] GC(795) DefNew: 561492K(629248K)->2209K(629248K) Eden: 559360K(559360K)->0K(559360K) From: 2132K(69888K)->2209K(69888K)
[428.390s][info][gc,heap        ] GC(795) Tenured: 7928K(1398144K)->7928K(1398144K)
[428.390s][info][gc,metaspace   ] GC(795) Metaspace: 14259K(15104K)->14259K(15104K) NonClass: 12318K(12800K)->12318K(12800K) Class: 1941K(2304K)->1941K(2304K)
[428.390s][info][gc             ] GC(795) Pause Young (Allocation Failure) 556M->9M(1979M) 61.254ms
[428.390s][info][gc,cpu         ] GC(795) User=0.05s Sys=0.00s Real=0.05s
[428.957s][info][gc,start       ] GC(796) Pause Young (Allocation Failure)
[429.020s][info][gc,heap        ] GC(796) DefNew: 561569K(629248K)->2285K(629248K) Eden: 559360K(559360K)->0K(559360K) From: 2209K(69888K)->2285K(69888K)
[429.023s][info][gc,heap        ] GC(796) Tenured: 7928K(1398144K)->7928K(1398144K)
[429.023s][info][gc,metaspace   ] GC(796) Metaspace: 14259K(15104K)->14259K(15104K) NonClass: 12318K(12800K)->12318K(12800K) Class: 1941K(2304K)->1941K(2304K)
[429.023s][info][gc             ] GC(796) Pause Young (Allocation Failure) 556M->9M(1979M) 66.317ms
[429.024s][info][gc,cpu         ] GC(796) User=0.06s Sys=0.00s Real=0.06s
[429.528s][info][gc,start       ] GC(797) Pause Young (Allocation Failure)
[429.582s][info][gc,heap        ] GC(797) DefNew: 561645K(629248K)->2362K(629248K) Eden: 559360K(559360K)->0K(559360K) From: 2285K(69888K)->2362K(69888K)
[429.582s][info][gc,heap        ] GC(797) Tenured: 7928K(1398144K)->7928K(1398144K)
[429.582s][info][gc,metaspace   ] GC(797) Metaspace: 14259K(15104K)->14259K(15104K) NonClass: 12318K(12800K)->12318K(12800K) Class: 1941K(2304K)->1941K(2304K)
[429.582s][info][gc             ] GC(797) Pause Young (Allocation Failure) 556M->10M(1979M) 53.856ms
[429.582s][info][gc,cpu         ] GC(797) User=0.06s Sys=0.00s Real=0.05s
[430.081s][info][gc,start       ] GC(798) Pause Young (Allocation Failure)
[430.132s][info][gc,heap        ] GC(798) DefNew: 561722K(629248K)->2441K(629248K) Eden: 559360K(559360K)->0K(559360K) From: 2362K(69888K)->2441K(69888K)
[430.132s][info][gc,heap        ] GC(798) Tenured: 7928K(1398144K)->7928K(1398144K)
[430.132s][info][gc,metaspace   ] GC(798) Metaspace: 14259K(15104K)->14259K(15104K) NonClass: 12318K(12800K)->12318K(12800K) Class: 1941K(2304K)->1941K(2304K)
[430.132s][info][gc             ] GC(798) Pause Young (Allocation Failure) 556M->10M(1979M) 51.722ms
[430.132s][info][gc,cpu         ] GC(798) User=0.05s Sys=0.00s Real=0.05s
[430.609s][info][gc,start       ] GC(799) Pause Young (Allocation Failure)
[430.654s][info][gc,heap        ] GC(799) DefNew: 561801K(629248K)->2510K(629248K) Eden: 559360K(559360K)->0K(559360K) From: 2441K(69888K)->2510K(69888K)
[430.654s][info][gc,heap        ] GC(799) Tenured: 7928K(1398144K)->7928K(1398144K)
[430.654s][info][gc,metaspace   ] GC(799) Metaspace: 14259K(15104K)->14259K(15104K) NonClass: 12318K(12800K)->12318K(12800K) Class: 1941K(2304K)->1941K(2304K)
[430.654s][info][gc             ] GC(799) Pause Young (Allocation Failure) 556M->10M(1979M) 44.187ms
[430.654s][info][gc,cpu         ] GC(799) User=0.03s Sys=0.00s Real=0.05s
[431.121s][info][gc,start       ] GC(800) Pause Young (Allocation Failure)
[431.178s][info][gc,heap        ] GC(800) DefNew: 561870K(629248K)->2581K(629248K) Eden: 559360K(559360K)->0K(559360K) From: 2510K(69888K)->2581K(69888K)
[431.178s][info][gc,heap        ] GC(800) Tenured: 7928K(1398144K)->7928K(1398144K)
[431.178s][info][gc,metaspace   ] GC(800) Metaspace: 14259K(15104K)->14259K(15104K) NonClass: 12318K(12800K)->12318K(12800K) Class: 1941K(2304K)->1941K(2304K)
[431.178s][info][gc             ] GC(800) Pause Young (Allocation Failure) 556M->10M(1979M) 56.904ms
[431.178s][info][gc,cpu         ] GC(800) User=0.06s Sys=0.00s Real=0.05s
[431.678s][info][gc,start       ] GC(801) Pause Young (Allocation Failure)
[431.738s][info][gc,heap        ] GC(801) DefNew: 561941K(629248K)->1141K(629248K) Eden: 559360K(559360K)->0K(559360K) From: 2581K(69888K)->1141K(69888K)
[431.738s][info][gc,heap        ] GC(801) Tenured: 7928K(1398144K)->9445K(1398144K)
[431.738s][info][gc,metaspace   ] GC(801) Metaspace: 14259K(15104K)->14259K(15104K) NonClass: 12318K(12800K)->12318K(12800K) Class: 1941K(2304K)->1941K(2304K)
[431.738s][info][gc             ] GC(801) Pause Young (Allocation Failure) 556M->10M(1979M) 60.702ms
[431.739s][info][gc,cpu         ] GC(801) User=0.06s Sys=0.00s Real=0.06s
[432.211s][info][gc,start       ] GC(802) Pause Young (Allocation Failure)
[432.270s][info][gc,heap        ] GC(802) DefNew: 560501K(629248K)->1139K(629248K) Eden: 559360K(559360K)->0K(559360K) From: 1141K(69888K)->1139K(69888K)
[432.270s][info][gc,heap        ] GC(802) Tenured: 9445K(1398144K)->9519K(1398144K)
[432.270s][info][gc,metaspace   ] GC(802) Metaspace: 14259K(15104K)->14259K(15104K) NonClass: 12318K(12800K)->12318K(12800K) Class: 1941K(2304K)->1941K(2304K)
[432.270s][info][gc             ] GC(802) Pause Young (Allocation Failure) 556M->10M(1979M) 58.728ms
[432.270s][info][gc,cpu         ] GC(802) User=0.06s Sys=0.00s Real=0.05s
[432.874s][info][gc,start       ] GC(803) Pause Young (Allocation Failure)
[432.936s][info][gc,heap        ] GC(803) DefNew: 560499K(629248K)->1140K(629248K) Eden: 559360K(559360K)->0K(559360K) From: 1139K(69888K)->1140K(69888K)
[432.936s][info][gc,heap        ] GC(803) Tenured: 9519K(1398144K)->9593K(1398144K)
[432.936s][info][gc,metaspace   ] GC(803) Metaspace: 14259K(15104K)->14259K(15104K) NonClass: 12318K(12800K)->12318K(12800K) Class: 1941K(2304K)->1941K(2304K)
[432.936s][info][gc             ] GC(803) Pause Young (Allocation Failure) 556M->10M(1979M) 61.923ms
[432.936s][info][gc,cpu         ] GC(803) User=0.05s Sys=0.00s Real=0.05s
[433.414s][info][gc,start       ] GC(804) Pause Young (Allocation Failure)
[433.466s][info][gc,heap        ] GC(804) DefNew: 560500K(629248K)->1139K(629248K) Eden: 559360K(559360K)->0K(559360K) From: 1140K(69888K)->1139K(69888K)
[433.466s][info][gc,heap        ] GC(804) Tenured: 9593K(1398144K)->9667K(1398144K)
[433.466s][info][gc,metaspace   ] GC(804) Metaspace: 14259K(15104K)->14259K(15104K) NonClass: 12318K(12800K)->12318K(12800K) Class: 1941K(2304K)->1941K(2304K)
[433.466s][info][gc             ] GC(804) Pause Young (Allocation Failure) 556M->10M(1979M) 52.213ms
[433.466s][info][gc,cpu         ] GC(804) User=0.05s Sys=0.00s Real=0.04s
[433.933s][info][gc,start       ] GC(805) Pause Young (Allocation Failure)
[433.987s][info][gc,heap        ] GC(805) DefNew: 560499K(629248K)->1134K(629248K) Eden: 559360K(559360K)->0K(559360K) From: 1139K(69888K)->1134K(69888K)
[433.987s][info][gc,heap        ] GC(805) Tenured: 9667K(1398144K)->9748K(1398144K)
[433.987s][info][gc,metaspace   ] GC(805) Metaspace: 14259K(15104K)->14259K(15104K) NonClass: 12318K(12800K)->12318K(12800K) Class: 1941K(2304K)->1941K(2304K)
[433.987s][info][gc             ] GC(805) Pause Young (Allocation Failure) 556M->10M(1979M) 54.442ms
[433.987s][info][gc,cpu         ] GC(805) User=0.05s Sys=0.00s Real=0.04s
[434.469s][info][gc,start       ] GC(806) Pause Young (Allocation Failure)
[434.523s][info][gc,heap        ] GC(806) DefNew: 560494K(629248K)->1136K(629248K) Eden: 559360K(559360K)->0K(559360K) From: 1134K(69888K)->1136K(69888K)
[434.523s][info][gc,heap        ] GC(806) Tenured: 9748K(1398144K)->9822K(1398144K)
[434.523s][info][gc,metaspace   ] GC(806) Metaspace: 14259K(15104K)->14259K(15104K) NonClass: 12318K(12800K)->12318K(12800K) Class: 1941K(2304K)->1941K(2304K)
[434.523s][info][gc             ] GC(806) Pause Young (Allocation Failure) 556M->10M(1979M) 54.013ms
[434.523s][info][gc,cpu         ] GC(806) User=0.05s Sys=0.00s Real=0.05s
[434.986s][info][gc,start       ] GC(807) Pause Young (Allocation Failure)
[435.042s][info][gc,heap        ] GC(807) DefNew: 560496K(629248K)->1131K(629248K) Eden: 559360K(559360K)->0K(559360K) From: 1136K(69888K)->1131K(69888K)
[435.042s][info][gc,heap        ] GC(807) Tenured: 9822K(1398144K)->9896K(1398144K)
[435.042s][info][gc,metaspace   ] GC(807) Metaspace: 14259K(15104K)->14259K(15104K) NonClass: 12318K(12800K)->12318K(12800K) Class: 1941K(2304K)->1941K(2304K)
[435.042s][info][gc             ] GC(807) Pause Young (Allocation Failure) 556M->10M(1979M) 56.453ms
[435.042s][info][gc,cpu         ] GC(807) User=0.05s Sys=0.00s Real=0.05s
[435.508s][info][gc,start       ] GC(808) Pause Young (Allocation Failure)
[435.565s][info][gc,heap        ] GC(808) DefNew: 560322K(629248K)->1126K(629248K) Eden: 559190K(559360K)->0K(559360K) From: 1131K(69888K)->1126K(69888K)
[435.565s][info][gc,heap        ] GC(808) Tenured: 9896K(1398144K)->9974K(1398144K)
[435.565s][info][gc,metaspace   ] GC(808) Metaspace: 14259K(15104K)->14259K(15104K) NonClass: 12318K(12800K)->12318K(12800K) Class: 1941K(2304K)->1941K(2304K)
[435.565s][info][gc             ] GC(808) Pause Young (Allocation Failure) 556M->10M(1979M) 57.177ms
[435.565s][info][gc,cpu         ] GC(808) User=0.06s Sys=0.00s Real=0.06s
[436.030s][info][gc,start       ] GC(809) Pause Young (Allocation Failure)
[436.074s][info][gc,heap        ] GC(809) DefNew: 560486K(629248K)->1122K(629248K) Eden: 559360K(559360K)->0K(559360K) From: 1126K(69888K)->1122K(69888K)
[436.074s][info][gc,heap        ] GC(809) Tenured: 9974K(1398144K)->10051K(1398144K)
[436.074s][info][gc,metaspace   ] GC(809) Metaspace: 14259K(15104K)->14259K(15104K) NonClass: 12318K(12800K)->12318K(12800K) Class: 1941K(2304K)->1941K(2304K)
[436.074s][info][gc             ] GC(809) Pause Young (Allocation Failure) 557M->10M(1979M) 44.476ms
[436.074s][info][gc,cpu         ] GC(809) User=0.03s Sys=0.00s Real=0.04s
[436.539s][info][gc,start       ] GC(810) Pause Young (Allocation Failure)
[436.598s][info][gc,heap        ] GC(810) DefNew: 560482K(629248K)->1118K(629248K) Eden: 559360K(559360K)->0K(559360K) From: 1122K(69888K)->1118K(69888K)
[436.598s][info][gc,heap        ] GC(810) Tenured: 10051K(1398144K)->10128K(1398144K)
[436.598s][info][gc,metaspace   ] GC(810) Metaspace: 14259K(15104K)->14259K(15104K) NonClass: 12318K(12800K)->12318K(12800K) Class: 1941K(2304K)->1941K(2304K)
[436.598s][info][gc             ] GC(810) Pause Young (Allocation Failure) 557M->10M(1979M) 59.587ms
[436.598s][info][gc,cpu         ] GC(810) User=0.06s Sys=0.00s Real=0.06s
[437.067s][info][gc,start       ] GC(811) Pause Young (Allocation Failure)
[437.122s][info][gc,heap        ] GC(811) DefNew: 560478K(629248K)->1113K(629248K) Eden: 559360K(559360K)->0K(559360K) From: 1118K(69888K)->1113K(69888K)
[437.122s][info][gc,heap        ] GC(811) Tenured: 10128K(1398144K)->10203K(1398144K)
[437.122s][info][gc,metaspace   ] GC(811) Metaspace: 14259K(15104K)->14259K(15104K) NonClass: 12318K(12800K)->12318K(12800K) Class: 1941K(2304K)->1941K(2304K)
[437.122s][info][gc             ] GC(811) Pause Young (Allocation Failure) 557M->11M(1979M) 54.952ms
[437.122s][info][gc,cpu         ] GC(811) User=0.06s Sys=0.00s Real=0.06s
[437.612s][info][gc,start       ] GC(812) Pause Young (Allocation Failure)
[437.652s][info][gc,heap        ] GC(812) DefNew: 560473K(629248K)->1110K(629248K) Eden: 559360K(559360K)->0K(559360K) From: 1113K(69888K)->1110K(69888K)
[437.652s][info][gc,heap        ] GC(812) Tenured: 10203K(1398144K)->10280K(1398144K)
[437.652s][info][gc,metaspace   ] GC(812) Metaspace: 14259K(15104K)->14259K(15104K) NonClass: 12318K(12800K)->12318K(12800K) Class: 1941K(2304K)->1941K(2304K)
[437.652s][info][gc             ] GC(812) Pause Young (Allocation Failure) 557M->11M(1979M) 40.804ms
[437.652s][info][gc,cpu         ] GC(812) User=0.03s Sys=0.00s Real=0.04s
[438.115s][info][gc,start       ] GC(813) Pause Young (Allocation Failure)
[438.171s][info][gc,heap        ] GC(813) DefNew: 560470K(629248K)->1105K(629248K) Eden: 559360K(559360K)->0K(559360K) From: 1110K(69888K)->1105K(69888K)
[438.171s][info][gc,heap        ] GC(813) Tenured: 10280K(1398144K)->10355K(1398144K)
[438.171s][info][gc,metaspace   ] GC(813) Metaspace: 14259K(15104K)->14259K(15104K) NonClass: 12318K(12800K)->12318K(12800K) Class: 1941K(2304K)->1941K(2304K)
[438.171s][info][gc             ] GC(813) Pause Young (Allocation Failure) 557M->11M(1979M) 55.891ms
[438.171s][info][gc,cpu         ] GC(813) User=0.05s Sys=0.00s Real=0.05s
[438.630s][info][gc,start       ] GC(814) Pause Young (Allocation Failure)
[438.689s][info][gc,heap        ] GC(814) DefNew: 560465K(629248K)->1101K(629248K) Eden: 559360K(559360K)->0K(559360K) From: 1105K(69888K)->1101K(69888K)
[438.690s][info][gc,heap        ] GC(814) Tenured: 10355K(1398144K)->10428K(1398144K)
[438.690s][info][gc,metaspace   ] GC(814) Metaspace: 14259K(15104K)->14259K(15104K) NonClass: 12318K(12800K)->12318K(12800K) Class: 1941K(2304K)->1941K(2304K)
[438.690s][info][gc             ] GC(814) Pause Young (Allocation Failure) 557M->11M(1979M) 59.337ms
[438.690s][info][gc,cpu         ] GC(814) User=0.05s Sys=0.00s Real=0.05s
[439.139s][info][gc,start       ] GC(815) Pause Young (Allocation Failure)
[439.202s][info][gc,heap        ] GC(815) DefNew: 560461K(629248K)->1100K(629248K) Eden: 559360K(559360K)->0K(559360K) From: 1101K(69888K)->1100K(69888K)
[439.202s][info][gc,heap        ] GC(815) Tenured: 10428K(1398144K)->10499K(1398144K)
[439.202s][info][gc,metaspace   ] GC(815) Metaspace: 14259K(15104K)->14259K(15104K) NonClass: 12318K(12800K)->12318K(12800K) Class: 1941K(2304K)->1941K(2304K)
[439.202s][info][gc             ] GC(815) Pause Young (Allocation Failure) 557M->11M(1979M) 63.077ms
[439.202s][info][gc,cpu         ] GC(815) User=0.06s Sys=0.00s Real=0.06s
[439.522s][info][gc,start       ] GC(816) Pause Young (Allocation Failure)
[439.569s][info][gc,heap        ] GC(816) DefNew: 560460K(629248K)->1073K(629248K) Eden: 559360K(559360K)->0K(559360K) From: 1100K(69888K)->1073K(69888K)
[439.569s][info][gc,heap        ] GC(816) Tenured: 10499K(1398144K)->10576K(1398144K)
[439.569s][info][gc,metaspace   ] GC(816) Metaspace: 14259K(15104K)->14259K(15104K) NonClass: 12318K(12800K)->12318K(12800K) Class: 1941K(2304K)->1941K(2304K)
[439.569s][info][gc             ] GC(816) Pause Young (Allocation Failure) 557M->11M(1979M) 47.129ms
[439.570s][info][gc,cpu         ] GC(816) User=0.05s Sys=0.00s Real=0.05s
[439.783s][info][gc,start       ] GC(817) Pause Full (System.gc())
[439.783s][info][gc,phases,start] GC(817) Phase 1: Mark live objects
[439.826s][info][gc,phases      ] GC(817) Phase 1: Mark live objects 42.506ms
[439.826s][info][gc,phases,start] GC(817) Phase 2: Compute new object addresses
[439.865s][info][gc,phases      ] GC(817) Phase 2: Compute new object addresses 38.849ms
[439.865s][info][gc,phases,start] GC(817) Phase 3: Adjust pointers
[439.891s][info][gc,phases      ] GC(817) Phase 3: Adjust pointers 26.034ms
[439.891s][info][gc,phases,start] GC(817) Phase 4: Move objects
[439.891s][info][gc,phases      ] GC(817) Phase 4: Move objects 0.013ms
[439.891s][info][gc,heap        ] GC(817) DefNew: 162750K(629248K)->0K(629248K) Eden: 161677K(559360K)->0K(559360K) From: 1073K(69888K)->0K(69888K)
[439.891s][info][gc,heap        ] GC(817) Tenured: 10576K(1398144K)->10577K(1398144K)
[439.891s][info][gc,metaspace   ] GC(817) Metaspace: 14259K(15104K)->14259K(15104K) NonClass: 12318K(12800K)->12318K(12800K) Class: 1941K(2304K)->1941K(2304K)
[439.891s][info][gc             ] GC(817) Pause Full (System.gc()) 169M->10M(1979M) 107.808ms
[439.891s][info][gc,cpu         ] GC(817) User=0.09s Sys=0.00s Real=0.09s
[440.324s][info][gc,start       ] GC(818) Pause Young (Allocation Failure)
[440.363s][info][gc,heap        ] GC(818) DefNew: 559360K(629248K)->1528K(629248K) Eden: 559360K(559360K)->0K(559360K) From: 0K(69888K)->1528K(69888K)
[440.363s][info][gc,heap        ] GC(818) Tenured: 10577K(1398144K)->10577K(1398144K)
[440.363s][info][gc,metaspace   ] GC(818) Metaspace: 14259K(15104K)->14259K(15104K) NonClass: 12318K(12800K)->12318K(12800K) Class: 1941K(2304K)->1941K(2304K)
[440.364s][info][gc             ] GC(818) Pause Young (Allocation Failure) 556M->11M(1979M) 39.082ms
[440.364s][info][gc,cpu         ] GC(818) User=0.05s Sys=0.00s Real=0.03s
[440.844s][info][gc,start       ] GC(819) Pause Young (Allocation Failure)
[440.900s][info][gc,heap        ] GC(819) DefNew: 560888K(629248K)->1601K(629248K) Eden: 559360K(559360K)->0K(559360K) From: 1528K(69888K)->1601K(69888K)
[440.900s][info][gc,heap        ] GC(819) Tenured: 10577K(1398144K)->10577K(1398144K)
[440.900s][info][gc,metaspace   ] GC(819) Metaspace: 14259K(15104K)->14259K(15104K) NonClass: 12318K(12800K)->12318K(12800K) Class: 1941K(2304K)->1941K(2304K)
[440.900s][info][gc             ] GC(819) Pause Young (Allocation Failure) 558M->11M(1979M) 55.831ms
[440.900s][info][gc,cpu         ] GC(819) User=0.03s Sys=0.00s Real=0.04s
[441.392s][info][gc,start       ] GC(820) Pause Young (Allocation Failure)
[441.444s][info][gc,heap        ] GC(820) DefNew: 560961K(629248K)->1674K(629248K) Eden: 559360K(559360K)->0K(559360K) From: 1601K(69888K)->1674K(69888K)
[441.444s][info][gc,heap        ] GC(820) Tenured: 10577K(1398144K)->10577K(1398144K)
[441.444s][info][gc,metaspace   ] GC(820) Metaspace: 14259K(15104K)->14259K(15104K) NonClass: 12318K(12800K)->12318K(12800K) Class: 1941K(2304K)->1941K(2304K)
[441.445s][info][gc             ] GC(820) Pause Young (Allocation Failure) 558M->11M(1979M) 52.801ms
[441.445s][info][gc,cpu         ] GC(820) User=0.05s Sys=0.00s Real=0.05s
[441.923s][info][gc,start       ] GC(821) Pause Young (Allocation Failure)
[441.981s][info][gc,heap        ] GC(821) DefNew: 561034K(629248K)->1749K(629248K) Eden: 559360K(559360K)->0K(559360K) From: 1674K(69888K)->1749K(69888K)
[441.981s][info][gc,heap        ] GC(821) Tenured: 10577K(1398144K)->10577K(1398144K)
[441.981s][info][gc,metaspace   ] GC(821) Metaspace: 14259K(15104K)->14259K(15104K) NonClass: 12318K(12800K)->12318K(12800K) Class: 1941K(2304K)->1941K(2304K)
[441.981s][info][gc             ] GC(821) Pause Young (Allocation Failure) 558M->12M(1979M) 58.207ms
[441.981s][info][gc,cpu         ] GC(821) User=0.05s Sys=0.00s Real=0.05s
[442.487s][info][gc,start       ] GC(822) Pause Young (Allocation Failure)
[442.545s][info][gc,heap        ] GC(822) DefNew: 561109K(629248K)->1829K(629248K) Eden: 559360K(559360K)->0K(559360K) From: 1749K(69888K)->1829K(69888K)
[442.545s][info][gc,heap        ] GC(822) Tenured: 10577K(1398144K)->10577K(1398144K)
[442.545s][info][gc,metaspace   ] GC(822) Metaspace: 14259K(15104K)->14259K(15104K) NonClass: 12318K(12800K)->12318K(12800K) Class: 1941K(2304K)->1941K(2304K)
[442.545s][info][gc             ] GC(822) Pause Young (Allocation Failure) 558M->12M(1979M) 58.337ms
[442.545s][info][gc,cpu         ] GC(822) User=0.05s Sys=0.00s Real=0.05s
[443.023s][info][gc,start       ] GC(823) Pause Young (Allocation Failure)
[443.069s][info][gc,heap        ] GC(823) DefNew: 561189K(629248K)->1908K(629248K) Eden: 559360K(559360K)->0K(559360K) From: 1829K(69888K)->1908K(69888K)
[443.070s][info][gc,heap        ] GC(823) Tenured: 10577K(1398144K)->10577K(1398144K)
[443.070s][info][gc,metaspace   ] GC(823) Metaspace: 14259K(15104K)->14259K(15104K) NonClass: 12318K(12800K)->12318K(12800K) Class: 1941K(2304K)->1941K(2304K)
[443.070s][info][gc             ] GC(823) Pause Young (Allocation Failure) 558M->12M(1979M) 46.736ms
[443.070s][info][gc,cpu         ] GC(823) User=0.03s Sys=0.00s Real=0.03s
[443.689s][info][gc,start       ] GC(824) Pause Young (Allocation Failure)
[443.743s][info][gc,heap        ] GC(824) DefNew: 561268K(629248K)->1980K(629248K) Eden: 559360K(559360K)->0K(559360K) From: 1908K(69888K)->1980K(69888K)
[443.743s][info][gc,heap        ] GC(824) Tenured: 10577K(1398144K)->10577K(1398144K)
[443.743s][info][gc,metaspace   ] GC(824) Metaspace: 14259K(15104K)->14259K(15104K) NonClass: 12318K(12800K)->12318K(12800K) Class: 1941K(2304K)->1941K(2304K)
[443.743s][info][gc             ] GC(824) Pause Young (Allocation Failure) 558M->12M(1979M) 53.581ms
[443.743s][info][gc,cpu         ] GC(824) User=0.05s Sys=0.00s Real=0.05s
[444.239s][info][gc,start       ] GC(825) Pause Young (Allocation Failure)
[444.282s][info][gc,heap        ] GC(825) DefNew: 561340K(629248K)->2052K(629248K) Eden: 559360K(559360K)->0K(559360K) From: 1980K(69888K)->2052K(69888K)
[444.282s][info][gc,heap        ] GC(825) Tenured: 10577K(1398144K)->10577K(1398144K)
[444.282s][info][gc,metaspace   ] GC(825) Metaspace: 14259K(15104K)->14259K(15104K) NonClass: 12318K(12800K)->12318K(12800K) Class: 1941K(2304K)->1941K(2304K)
[444.282s][info][gc             ] GC(825) Pause Young (Allocation Failure) 558M->12M(1979M) 42.733ms
[444.282s][info][gc,cpu         ] GC(825) User=0.03s Sys=0.00s Real=0.03s
[444.760s][info][gc,start       ] GC(826) Pause Young (Allocation Failure)
[444.803s][info][gc,heap        ] GC(826) DefNew: 561412K(629248K)->2125K(629248K) Eden: 559360K(559360K)->0K(559360K) From: 2052K(69888K)->2125K(69888K)
[444.803s][info][gc,heap        ] GC(826) Tenured: 10577K(1398144K)->10577K(1398144K)
[444.803s][info][gc,metaspace   ] GC(826) Metaspace: 14259K(15104K)->14259K(15104K) NonClass: 12318K(12800K)->12318K(12800K) Class: 1941K(2304K)->1941K(2304K)
[444.803s][info][gc             ] GC(826) Pause Young (Allocation Failure) 558M->12M(1979M) 43.144ms
[444.804s][info][gc,cpu         ] GC(826) User=0.05s Sys=0.00s Real=0.04s
[445.295s][info][gc,start       ] GC(827) Pause Young (Allocation Failure)
[445.349s][info][gc,heap        ] GC(827) DefNew: 561485K(629248K)->2201K(629248K) Eden: 559360K(559360K)->0K(559360K) From: 2125K(69888K)->2201K(69888K)
[445.349s][info][gc,heap        ] GC(827) Tenured: 10577K(1398144K)->10577K(1398144K)
[445.349s][info][gc,metaspace   ] GC(827) Metaspace: 14259K(15104K)->14259K(15104K) NonClass: 12318K(12800K)->12318K(12800K) Class: 1941K(2304K)->1941K(2304K)
[445.349s][info][gc             ] GC(827) Pause Young (Allocation Failure) 558M->12M(1979M) 54.689ms
[445.349s][info][gc,cpu         ] GC(827) User=0.05s Sys=0.00s Real=0.06s
[445.846s][info][gc,start       ] GC(828) Pause Young (Allocation Failure)
[445.905s][info][gc,heap        ] GC(828) DefNew: 561561K(629248K)->2275K(629248K) Eden: 559360K(559360K)->0K(559360K) From: 2201K(69888K)->2275K(69888K)
[445.905s][info][gc,heap        ] GC(828) Tenured: 10577K(1398144K)->10577K(1398144K)
[445.905s][info][gc,metaspace   ] GC(828) Metaspace: 14259K(15104K)->14259K(15104K) NonClass: 12318K(12800K)->12318K(12800K) Class: 1941K(2304K)->1941K(2304K)
[445.905s][info][gc             ] GC(828) Pause Young (Allocation Failure) 558M->12M(1979M) 59.140ms
[445.905s][info][gc,cpu         ] GC(828) User=0.05s Sys=0.00s Real=0.06s
[446.381s][info][gc,start       ] GC(829) Pause Young (Allocation Failure)
[446.440s][info][gc,heap        ] GC(829) DefNew: 561635K(629248K)->2353K(629248K) Eden: 559360K(559360K)->0K(559360K) From: 2275K(69888K)->2353K(69888K)
[446.440s][info][gc,heap        ] GC(829) Tenured: 10577K(1398144K)->10577K(1398144K)
[446.440s][info][gc,metaspace   ] GC(829) Metaspace: 14259K(15104K)->14259K(15104K) NonClass: 12318K(12800K)->12318K(12800K) Class: 1941K(2304K)->1941K(2304K)
[446.440s][info][gc             ] GC(829) Pause Young (Allocation Failure) 558M->12M(1979M) 58.205ms
[446.440s][info][gc,cpu         ] GC(829) User=0.05s Sys=0.00s Real=0.05s
[446.920s][info][gc,start       ] GC(830) Pause Young (Allocation Failure)
[446.966s][info][gc,heap        ] GC(830) DefNew: 561713K(629248K)->2430K(629248K) Eden: 559360K(559360K)->0K(559360K) From: 2353K(69888K)->2430K(69888K)
[446.966s][info][gc,heap        ] GC(830) Tenured: 10577K(1398144K)->10577K(1398144K)
[446.966s][info][gc,metaspace   ] GC(830) Metaspace: 14259K(15104K)->14259K(15104K) NonClass: 12318K(12800K)->12318K(12800K) Class: 1941K(2304K)->1941K(2304K)
[446.966s][info][gc             ] GC(830) Pause Young (Allocation Failure) 558M->12M(1979M) 45.792ms
[446.966s][info][gc,cpu         ] GC(830) User=0.03s Sys=0.00s Real=0.04s
[447.585s][info][gc,start       ] GC(831) Pause Young (Allocation Failure)
[447.640s][info][gc,heap        ] GC(831) DefNew: 561790K(629248K)->2504K(629248K) Eden: 559360K(559360K)->0K(559360K) From: 2430K(69888K)->2504K(69888K)
[447.640s][info][gc,heap        ] GC(831) Tenured: 10577K(1398144K)->10577K(1398144K)
[447.640s][info][gc,metaspace   ] GC(831) Metaspace: 14259K(15104K)->14259K(15104K) NonClass: 12318K(12800K)->12318K(12800K) Class: 1941K(2304K)->1941K(2304K)
[447.640s][info][gc             ] GC(831) Pause Young (Allocation Failure) 558M->12M(1979M) 55.157ms
[447.640s][info][gc,cpu         ] GC(831) User=0.05s Sys=0.00s Real=0.05s
[448.137s][info][gc,start       ] GC(832) Pause Young (Allocation Failure)
[448.178s][info][gc,heap        ] GC(832) DefNew: 561732K(629248K)->2581K(629248K) Eden: 559228K(559360K)->0K(559360K) From: 2504K(69888K)->2581K(69888K)
[448.178s][info][gc,heap        ] GC(832) Tenured: 10577K(1398144K)->10577K(1398144K)
[448.178s][info][gc,metaspace   ] GC(832) Metaspace: 14259K(15104K)->14259K(15104K) NonClass: 12318K(12800K)->12318K(12800K) Class: 1941K(2304K)->1941K(2304K)
[448.178s][info][gc             ] GC(832) Pause Young (Allocation Failure) 558M->12M(1979M) 41.510ms
[448.178s][info][gc,cpu         ] GC(832) User=0.03s Sys=0.00s Real=0.03s
[448.654s][info][gc,start       ] GC(833) Pause Young (Allocation Failure)
[448.710s][info][gc,heap        ] GC(833) DefNew: 561941K(629248K)->1135K(629248K) Eden: 559360K(559360K)->0K(559360K) From: 2581K(69888K)->1135K(69888K)
[448.710s][info][gc,heap        ] GC(833) Tenured: 10577K(1398144K)->12095K(1398144K)
[448.710s][info][gc,metaspace   ] GC(833) Metaspace: 14259K(15104K)->14259K(15104K) NonClass: 12318K(12800K)->12318K(12800K) Class: 1941K(2304K)->1941K(2304K)
[448.710s][info][gc             ] GC(833) Pause Young (Allocation Failure) 559M->12M(1979M) 56.185ms
[448.710s][info][gc,cpu         ] GC(833) User=0.05s Sys=0.00s Real=0.06s
[449.233s][info][gc,start       ] GC(834) Pause Young (Allocation Failure)
[449.287s][info][gc,heap        ] GC(834) DefNew: 560495K(629248K)->1146K(629248K) Eden: 559360K(559360K)->0K(559360K) From: 1135K(69888K)->1146K(69888K)
[449.287s][info][gc,heap        ] GC(834) Tenured: 12095K(1398144K)->12170K(1398144K)
[449.287s][info][gc,metaspace   ] GC(834) Metaspace: 14259K(15104K)->14259K(15104K) NonClass: 12318K(12800K)->12318K(12800K) Class: 1941K(2304K)->1941K(2304K)
[449.287s][info][gc             ] GC(834) Pause Young (Allocation Failure) 559M->13M(1979M) 54.229ms
[449.287s][info][gc,cpu         ] GC(834) User=0.05s Sys=0.00s Real=0.06s
[449.792s][info][gc,start       ] GC(835) Pause Young (Allocation Failure)
[449.839s][info][gc,heap        ] GC(835) DefNew: 560506K(629248K)->1153K(629248K) Eden: 559360K(559360K)->0K(559360K) From: 1146K(69888K)->1153K(69888K)
[449.839s][info][gc,heap        ] GC(835) Tenured: 12170K(1398144K)->12241K(1398144K)
[449.839s][info][gc,metaspace   ] GC(835) Metaspace: 14259K(15104K)->14259K(15104K) NonClass: 12318K(12800K)->12318K(12800K) Class: 1941K(2304K)->1941K(2304K)
[449.839s][info][gc             ] GC(835) Pause Young (Allocation Failure) 559M->13M(1979M) 46.884ms
[449.839s][info][gc,cpu         ] GC(835) User=0.05s Sys=0.00s Real=0.05s
[450.343s][info][gc,start       ] GC(836) Pause Young (Allocation Failure)
[450.398s][info][gc,heap        ] GC(836) DefNew: 560513K(629248K)->1155K(629248K) Eden: 559360K(559360K)->0K(559360K) From: 1153K(69888K)->1155K(69888K)
[450.398s][info][gc,heap        ] GC(836) Tenured: 12241K(1398144K)->12318K(1398144K)
[450.398s][info][gc,metaspace   ] GC(836) Metaspace: 14259K(15104K)->14259K(15104K) NonClass: 12318K(12800K)->12318K(12800K) Class: 1941K(2304K)->1941K(2304K)
[450.398s][info][gc             ] GC(836) Pause Young (Allocation Failure) 559M->13M(1979M) 54.204ms
[450.398s][info][gc,cpu         ] GC(836) User=0.05s Sys=0.00s Real=0.05s
[450.903s][info][gc,start       ] GC(837) Pause Young (Allocation Failure)
[450.963s][info][gc,heap        ] GC(837) DefNew: 560515K(629248K)->1156K(629248K) Eden: 559360K(559360K)->0K(559360K) From: 1155K(69888K)->1156K(69888K)
[450.963s][info][gc,heap        ] GC(837) Tenured: 12318K(1398144K)->12396K(1398144K)
[450.963s][info][gc,metaspace   ] GC(837) Metaspace: 14259K(15104K)->14259K(15104K) NonClass: 12318K(12800K)->12318K(12800K) Class: 1941K(2304K)->1941K(2304K)
[450.963s][info][gc             ] GC(837) Pause Young (Allocation Failure) 559M->13M(1979M) 60.034ms
[450.964s][info][gc,cpu         ] GC(837) User=0.05s Sys=0.00s Real=0.06s
[451.473s][info][gc,start       ] GC(838) Pause Young (Allocation Failure)
[451.533s][info][gc,heap        ] GC(838) DefNew: 560516K(629248K)->1162K(629248K) Eden: 559360K(559360K)->0K(559360K) From: 1156K(69888K)->1162K(69888K)
[451.533s][info][gc,heap        ] GC(838) Tenured: 12396K(1398144K)->12473K(1398144K)
[451.533s][info][gc,metaspace   ] GC(838) Metaspace: 14259K(15104K)->14259K(15104K) NonClass: 12318K(12800K)->12318K(12800K) Class: 1941K(2304K)->1941K(2304K)
[451.533s][info][gc             ] GC(838) Pause Young (Allocation Failure) 559M->13M(1979M) 59.538ms
[451.533s][info][gc,cpu         ] GC(838) User=0.06s Sys=0.00s Real=0.06s
[452.049s][info][gc,start       ] GC(839) Pause Young (Allocation Failure)
[452.103s][info][gc,heap        ] GC(839) DefNew: 560522K(629248K)->1168K(629248K) Eden: 559360K(559360K)->0K(559360K) From: 1162K(69888K)->1168K(69888K)
[452.103s][info][gc,heap        ] GC(839) Tenured: 12473K(1398144K)->12547K(1398144K)
[452.103s][info][gc,metaspace   ] GC(839) Metaspace: 14259K(15104K)->14259K(15104K) NonClass: 12318K(12800K)->12318K(12800K) Class: 1941K(2304K)->1941K(2304K)
[452.103s][info][gc             ] GC(839) Pause Young (Allocation Failure) 559M->13M(1979M) 54.278ms
[452.103s][info][gc,cpu         ] GC(839) User=0.05s Sys=0.00s Real=0.05s
[452.620s][info][gc,start       ] GC(840) Pause Young (Allocation Failure)
[452.673s][info][gc,heap        ] GC(840) DefNew: 560528K(629248K)->1174K(629248K) Eden: 559360K(559360K)->0K(559360K) From: 1168K(69888K)->1174K(69888K)
[452.673s][info][gc,heap        ] GC(840) Tenured: 12547K(1398144K)->12619K(1398144K)
[452.673s][info][gc,metaspace   ] GC(840) Metaspace: 14259K(15104K)->14259K(15104K) NonClass: 12318K(12800K)->12318K(12800K) Class: 1941K(2304K)->1941K(2304K)
[452.673s][info][gc             ] GC(840) Pause Young (Allocation Failure) 559M->13M(1979M) 53.499ms
[452.673s][info][gc,cpu         ] GC(840) User=0.06s Sys=0.00s Real=0.05s
[453.174s][info][gc,start       ] GC(841) Pause Young (Allocation Failure)
[453.231s][info][gc,heap        ] GC(841) DefNew: 560534K(629248K)->1174K(629248K) Eden: 559360K(559360K)->0K(559360K) From: 1174K(69888K)->1174K(69888K)
[453.231s][info][gc,heap        ] GC(841) Tenured: 12619K(1398144K)->12693K(1398144K)
[453.231s][info][gc,metaspace   ] GC(841) Metaspace: 14259K(15104K)->14259K(15104K) NonClass: 12318K(12800K)->12318K(12800K) Class: 1941K(2304K)->1941K(2304K)
[453.231s][info][gc             ] GC(841) Pause Young (Allocation Failure) 559M->13M(1979M) 57.549ms
[453.231s][info][gc,cpu         ] GC(841) User=0.05s Sys=0.00s Real=0.06s
[453.736s][info][gc,start       ] GC(842) Pause Young (Allocation Failure)
[453.793s][info][gc,heap        ] GC(842) DefNew: 560534K(629248K)->1179K(629248K) Eden: 559360K(559360K)->0K(559360K) From: 1174K(69888K)->1179K(69888K)
[453.793s][info][gc,heap        ] GC(842) Tenured: 12693K(1398144K)->12768K(1398144K)
[453.793s][info][gc,metaspace   ] GC(842) Metaspace: 14259K(15104K)->14259K(15104K) NonClass: 12318K(12800K)->12318K(12800K) Class: 1941K(2304K)->1941K(2304K)
[453.793s][info][gc             ] GC(842) Pause Young (Allocation Failure) 559M->13M(1979M) 56.807ms
[453.793s][info][gc,cpu         ] GC(842) User=0.05s Sys=0.00s Real=0.06s
[454.297s][info][gc,start       ] GC(843) Pause Young (Allocation Failure)
[454.342s][info][gc,heap        ] GC(843) DefNew: 560539K(629248K)->1178K(629248K) Eden: 559360K(559360K)->0K(559360K) From: 1179K(69888K)->1178K(69888K)
[454.342s][info][gc,heap        ] GC(843) Tenured: 12768K(1398144K)->12842K(1398144K)
[454.342s][info][gc,metaspace   ] GC(843) Metaspace: 14259K(15104K)->14259K(15104K) NonClass: 12318K(12800K)->12318K(12800K) Class: 1941K(2304K)->1941K(2304K)
[454.342s][info][gc             ] GC(843) Pause Young (Allocation Failure) 559M->13M(1979M) 45.748ms
[454.342s][info][gc,cpu         ] GC(843) User=0.05s Sys=0.00s Real=0.05s
[454.847s][info][gc,start       ] GC(844) Pause Young (Allocation Failure)
[454.894s][info][gc,heap        ] GC(844) DefNew: 560538K(629248K)->1182K(629248K) Eden: 559360K(559360K)->0K(559360K) From: 1178K(69888K)->1182K(69888K)
[454.894s][info][gc,heap        ] GC(844) Tenured: 12842K(1398144K)->12919K(1398144K)
[454.894s][info][gc,metaspace   ] GC(844) Metaspace: 14259K(15104K)->14259K(15104K) NonClass: 12318K(12800K)->12318K(12800K) Class: 1941K(2304K)->1941K(2304K)
[454.894s][info][gc             ] GC(844) Pause Young (Allocation Failure) 559M->13M(1979M) 46.550ms
[454.894s][info][gc,cpu         ] GC(844) User=0.05s Sys=0.00s Real=0.05s
[455.393s][info][gc,start       ] GC(845) Pause Young (Allocation Failure)
[455.453s][info][gc,heap        ] GC(845) DefNew: 560542K(629248K)->1182K(629248K) Eden: 559360K(559360K)->0K(559360K) From: 1182K(69888K)->1182K(69888K)
[455.453s][info][gc,heap        ] GC(845) Tenured: 12919K(1398144K)->12996K(1398144K)
[455.453s][info][gc,metaspace   ] GC(845) Metaspace: 14259K(15104K)->14259K(15104K) NonClass: 12318K(12800K)->12318K(12800K) Class: 1941K(2304K)->1941K(2304K)
[455.453s][info][gc             ] GC(845) Pause Young (Allocation Failure) 560M->13M(1979M) 59.948ms
[455.453s][info][gc,cpu         ] GC(845) User=0.06s Sys=0.00s Real=0.06s
[455.987s][info][gc,start       ] GC(846) Pause Young (Allocation Failure)
[456.041s][info][gc,heap        ] GC(846) DefNew: 560542K(629248K)->1189K(629248K) Eden: 559360K(559360K)->0K(559360K) From: 1182K(69888K)->1189K(69888K)
[456.041s][info][gc,heap        ] GC(846) Tenured: 12996K(1398144K)->13071K(1398144K)
[456.041s][info][gc,metaspace   ] GC(846) Metaspace: 14259K(15104K)->14259K(15104K) NonClass: 12318K(12800K)->12318K(12800K) Class: 1941K(2304K)->1941K(2304K)
[456.041s][info][gc             ] GC(846) Pause Young (Allocation Failure) 560M->13M(1979M) 54.084ms
[456.041s][info][gc,cpu         ] GC(846) User=0.05s Sys=0.00s Real=0.05s
[456.511s][info][gc,start       ] GC(847) Pause Young (Allocation Failure)
[456.572s][info][gc,heap        ] GC(847) DefNew: 560549K(629248K)->1184K(629248K) Eden: 559360K(559360K)->0K(559360K) From: 1189K(69888K)->1184K(69888K)
[456.572s][info][gc,heap        ] GC(847) Tenured: 13071K(1398144K)->13148K(1398144K)
[456.572s][info][gc,metaspace   ] GC(847) Metaspace: 14259K(15104K)->14259K(15104K) NonClass: 12318K(12800K)->12318K(12800K) Class: 1941K(2304K)->1941K(2304K)
[456.572s][info][gc             ] GC(847) Pause Young (Allocation Failure) 560M->13M(1979M) 61.036ms
[456.572s][info][gc,cpu         ] GC(847) User=0.06s Sys=0.00s Real=0.05s
[457.002s][info][gc,start       ] GC(848) Pause Full (System.gc())
[457.002s][info][gc,phases,start] GC(848) Phase 1: Mark live objects
[457.053s][info][gc,phases      ] GC(848) Phase 1: Mark live objects 50.359ms
[457.053s][info][gc,phases,start] GC(848) Phase 2: Compute new object addresses
[457.166s][info][gc,phases      ] GC(848) Phase 2: Compute new object addresses 113.144ms
[457.166s][info][gc,phases,start] GC(848) Phase 3: Adjust pointers
[457.190s][info][gc,phases      ] GC(848) Phase 3: Adjust pointers 24.059ms
[457.190s][info][gc,phases,start] GC(848) Phase 4: Move objects
[457.190s][info][gc,phases      ] GC(848) Phase 4: Move objects 0.013ms
[457.190s][info][gc,heap        ] GC(848) DefNew: 476509K(629248K)->0K(629248K) Eden: 475324K(559360K)->0K(559360K) From: 1184K(69888K)->0K(69888K)
[457.190s][info][gc,heap        ] GC(848) Tenured: 13148K(1398144K)->13148K(1398144K)
[457.190s][info][gc,metaspace   ] GC(848) Metaspace: 14259K(15104K)->14259K(15104K) NonClass: 12318K(12800K)->12318K(12800K) Class: 1941K(2304K)->1941K(2304K)
[457.190s][info][gc             ] GC(848) Pause Full (System.gc()) 478M->12M(1979M) 187.941ms
[457.190s][info][gc,cpu         ] GC(848) User=0.19s Sys=0.00s Real=0.19s
[457.619s][info][gc,start       ] GC(849) Pause Young (Allocation Failure)
[457.675s][info][gc,heap        ] GC(849) DefNew: 559360K(629248K)->1526K(629248K) Eden: 559360K(559360K)->0K(559360K) From: 0K(69888K)->1526K(69888K)
[457.675s][info][gc,heap        ] GC(849) Tenured: 13148K(1398144K)->13148K(1398144K)
[457.675s][info][gc,metaspace   ] GC(849) Metaspace: 14259K(15104K)->14259K(15104K) NonClass: 12318K(12800K)->12318K(12800K) Class: 1941K(2304K)->1941K(2304K)
[457.675s][info][gc             ] GC(849) Pause Young (Allocation Failure) 559M->14M(1979M) 55.568ms
[457.675s][info][gc,cpu         ] GC(849) User=0.06s Sys=0.00s Real=0.06s
[458.152s][info][gc,start       ] GC(850) Pause Young (Allocation Failure)
[458.210s][info][gc,heap        ] GC(850) DefNew: 560886K(629248K)->1606K(629248K) Eden: 559360K(559360K)->0K(559360K) From: 1526K(69888K)->1606K(69888K)
[458.210s][info][gc,heap        ] GC(850) Tenured: 13148K(1398144K)->13148K(1398144K)
[458.210s][info][gc,metaspace   ] GC(850) Metaspace: 14259K(15104K)->14259K(15104K) NonClass: 12318K(12800K)->12318K(12800K) Class: 1941K(2304K)->1941K(2304K)
[458.210s][info][gc             ] GC(850) Pause Young (Allocation Failure) 560M->14M(1979M) 58.109ms
[458.210s][info][gc,cpu         ] GC(850) User=0.05s Sys=0.00s Real=0.04s
[458.701s][info][gc,start       ] GC(851) Pause Young (Allocation Failure)
[458.763s][info][gc,heap        ] GC(851) DefNew: 560966K(629248K)->1686K(629248K) Eden: 559360K(559360K)->0K(559360K) From: 1606K(69888K)->1686K(69888K)
[458.763s][info][gc,heap        ] GC(851) Tenured: 13148K(1398144K)->13148K(1398144K)
[458.763s][info][gc,metaspace   ] GC(851) Metaspace: 14259K(15104K)->14259K(15104K) NonClass: 12318K(12800K)->12318K(12800K) Class: 1941K(2304K)->1941K(2304K)
[458.763s][info][gc             ] GC(851) Pause Young (Allocation Failure) 560M->14M(1979M) 62.097ms
[458.763s][info][gc,cpu         ] GC(851) User=0.05s Sys=0.00s Real=0.06s
[459.270s][info][gc,start       ] GC(852) Pause Young (Allocation Failure)
[459.332s][info][gc,heap        ] GC(852) DefNew: 561046K(629248K)->1763K(629248K) Eden: 559360K(559360K)->0K(559360K) From: 1686K(69888K)->1763K(69888K)
[459.332s][info][gc,heap        ] GC(852) Tenured: 13148K(1398144K)->13148K(1398144K)
[459.332s][info][gc,metaspace   ] GC(852) Metaspace: 14259K(15104K)->14259K(15104K) NonClass: 12318K(12800K)->12318K(12800K) Class: 1941K(2304K)->1941K(2304K)
[459.332s][info][gc             ] GC(852) Pause Young (Allocation Failure) 560M->14M(1979M) 62.565ms
[459.332s][info][gc,cpu         ] GC(852) User=0.06s Sys=0.00s Real=0.06s
[459.834s][info][gc,start       ] GC(853) Pause Young (Allocation Failure)
[459.876s][info][gc,heap        ] GC(853) DefNew: 561123K(629248K)->1837K(629248K) Eden: 559360K(559360K)->0K(559360K) From: 1763K(69888K)->1837K(69888K)
[459.876s][info][gc,heap        ] GC(853) Tenured: 13148K(1398144K)->13148K(1398144K)
[459.876s][info][gc,metaspace   ] GC(853) Metaspace: 14259K(15104K)->14259K(15104K) NonClass: 12318K(12800K)->12318K(12800K) Class: 1941K(2304K)->1941K(2304K)
[459.877s][info][gc             ] GC(853) Pause Young (Allocation Failure) 560M->14M(1979M) 43.024ms
[459.877s][info][gc,cpu         ] GC(853) User=0.03s Sys=0.00s Real=0.03s
[460.393s][info][gc,start       ] GC(854) Pause Young (Allocation Failure)
[460.448s][info][gc,heap        ] GC(854) DefNew: 561197K(629248K)->1917K(629248K) Eden: 559360K(559360K)->0K(559360K) From: 1837K(69888K)->1917K(69888K)
[460.448s][info][gc,heap        ] GC(854) Tenured: 13148K(1398144K)->13148K(1398144K)
[460.448s][info][gc,metaspace   ] GC(854) Metaspace: 14259K(15104K)->14259K(15104K) NonClass: 12318K(12800K)->12318K(12800K) Class: 1941K(2304K)->1941K(2304K)
[460.448s][info][gc             ] GC(854) Pause Young (Allocation Failure) 560M->14M(1979M) 55.450ms
[460.448s][info][gc,cpu         ] GC(854) User=0.05s Sys=0.00s Real=0.05s
[460.951s][info][gc,start       ] GC(855) Pause Young (Allocation Failure)
[461.008s][info][gc,heap        ] GC(855) DefNew: 561277K(629248K)->1994K(629248K) Eden: 559360K(559360K)->0K(559360K) From: 1917K(69888K)->1994K(69888K)
[461.008s][info][gc,heap        ] GC(855) Tenured: 13148K(1398144K)->13148K(1398144K)
[461.008s][info][gc,metaspace   ] GC(855) Metaspace: 14259K(15104K)->14259K(15104K) NonClass: 12318K(12800K)->12318K(12800K) Class: 1941K(2304K)->1941K(2304K)
[461.008s][info][gc             ] GC(855) Pause Young (Allocation Failure) 560M->14M(1979M) 56.967ms
[461.008s][info][gc,cpu         ] GC(855) User=0.05s Sys=0.00s Real=0.06s
[461.502s][info][gc,start       ] GC(856) Pause Young (Allocation Failure)
[461.547s][info][gc,heap        ] GC(856) DefNew: 561354K(629248K)->2071K(629248K) Eden: 559360K(559360K)->0K(559360K) From: 1994K(69888K)->2071K(69888K)
[461.547s][info][gc,heap        ] GC(856) Tenured: 13148K(1398144K)->13148K(1398144K)
[461.547s][info][gc,metaspace   ] GC(856) Metaspace: 14259K(15104K)->14259K(15104K) NonClass: 12318K(12800K)->12318K(12800K) Class: 1941K(2304K)->1941K(2304K)
[461.547s][info][gc             ] GC(856) Pause Young (Allocation Failure) 561M->14M(1979M) 45.316ms
[461.547s][info][gc,cpu         ] GC(856) User=0.03s Sys=0.00s Real=0.04s
[462.047s][info][gc,start       ] GC(857) Pause Young (Allocation Failure)
[462.094s][info][gc,heap        ] GC(857) DefNew: 561431K(629248K)->2147K(629248K) Eden: 559360K(559360K)->0K(559360K) From: 2071K(69888K)->2147K(69888K)
[462.094s][info][gc,heap        ] GC(857) Tenured: 13148K(1398144K)->13148K(1398144K)
[462.094s][info][gc,metaspace   ] GC(857) Metaspace: 14259K(15104K)->14259K(15104K) NonClass: 12318K(12800K)->12318K(12800K) Class: 1941K(2304K)->1941K(2304K)
[462.094s][info][gc             ] GC(857) Pause Young (Allocation Failure) 561M->14M(1979M) 46.931ms
[462.094s][info][gc,cpu         ] GC(857) User=0.05s Sys=0.00s Real=0.05s
[462.607s][info][gc,start       ] GC(858) Pause Young (Allocation Failure)
[462.669s][info][gc,heap        ] GC(858) DefNew: 561507K(629248K)->2222K(629248K) Eden: 559360K(559360K)->0K(559360K) From: 2147K(69888K)->2222K(69888K)
[462.669s][info][gc,heap        ] GC(858) Tenured: 13148K(1398144K)->13148K(1398144K)
[462.669s][info][gc,metaspace   ] GC(858) Metaspace: 14259K(15104K)->14259K(15104K) NonClass: 12318K(12800K)->12318K(12800K) Class: 1941K(2304K)->1941K(2304K)
[462.669s][info][gc             ] GC(858) Pause Young (Allocation Failure) 561M->15M(1979M) 62.342ms
[462.669s][info][gc,cpu         ] GC(858) User=0.05s Sys=0.00s Real=0.05s
[463.198s][info][gc,start       ] GC(859) Pause Young (Allocation Failure)
[463.263s][info][gc,heap        ] GC(859) DefNew: 561582K(629248K)->2304K(629248K) Eden: 559360K(559360K)->0K(559360K) From: 2222K(69888K)->2304K(69888K)
[463.263s][info][gc,heap        ] GC(859) Tenured: 13148K(1398144K)->13148K(1398144K)
[463.263s][info][gc,metaspace   ] GC(859) Metaspace: 14259K(15104K)->14259K(15104K) NonClass: 12318K(12800K)->12318K(12800K) Class: 1941K(2304K)->1941K(2304K)
[463.263s][info][gc             ] GC(859) Pause Young (Allocation Failure) 561M->15M(1979M) 64.926ms
[463.263s][info][gc,cpu         ] GC(859) User=0.06s Sys=0.00s Real=0.06s
[463.751s][info][gc,start       ] GC(860) Pause Young (Allocation Failure)
[463.795s][info][gc,heap        ] GC(860) DefNew: 561664K(629248K)->2375K(629248K) Eden: 559360K(559360K)->0K(559360K) From: 2304K(69888K)->2375K(69888K)
[463.795s][info][gc,heap        ] GC(860) Tenured: 13148K(1398144K)->13148K(1398144K)
[463.795s][info][gc,metaspace   ] GC(860) Metaspace: 14259K(15104K)->14259K(15104K) NonClass: 12318K(12800K)->12318K(12800K) Class: 1941K(2304K)->1941K(2304K)
[463.795s][info][gc             ] GC(860) Pause Young (Allocation Failure) 561M->15M(1979M) 43.470ms
[463.795s][info][gc,cpu         ] GC(860) User=0.05s Sys=0.00s Real=0.04s
[464.285s][info][gc,start       ] GC(861) Pause Young (Allocation Failure)
[464.329s][info][gc,heap        ] GC(861) DefNew: 561735K(629248K)->2451K(629248K) Eden: 559360K(559360K)->0K(559360K) From: 2375K(69888K)->2451K(69888K)
[464.330s][info][gc,heap        ] GC(861) Tenured: 13148K(1398144K)->13148K(1398144K)
[464.330s][info][gc,metaspace   ] GC(861) Metaspace: 14259K(15104K)->14259K(15104K) NonClass: 12318K(12800K)->12318K(12800K) Class: 1941K(2304K)->1941K(2304K)
[464.330s][info][gc             ] GC(861) Pause Young (Allocation Failure) 561M->15M(1979M) 45.069ms
[464.330s][info][gc,cpu         ] GC(861) User=0.03s Sys=0.00s Real=0.03s
[464.828s][info][gc,start       ] GC(862) Pause Young (Allocation Failure)
[464.885s][info][gc,heap        ] GC(862) DefNew: 561811K(629248K)->2531K(629248K) Eden: 559360K(559360K)->0K(559360K) From: 2451K(69888K)->2531K(69888K)
[464.885s][info][gc,heap        ] GC(862) Tenured: 13148K(1398144K)->13148K(1398144K)
[464.885s][info][gc,metaspace   ] GC(862) Metaspace: 14259K(15104K)->14259K(15104K) NonClass: 12318K(12800K)->12318K(12800K) Class: 1941K(2304K)->1941K(2304K)
[464.885s][info][gc             ] GC(862) Pause Young (Allocation Failure) 561M->15M(1979M) 57.010ms
[464.885s][info][gc,cpu         ] GC(862) User=0.05s Sys=0.00s Real=0.06s
[465.370s][info][gc,start       ] GC(863) Pause Young (Allocation Failure)
[465.429s][info][gc,heap        ] GC(863) DefNew: 561891K(629248K)->2606K(629248K) Eden: 559360K(559360K)->0K(559360K) From: 2531K(69888K)->2606K(69888K)
[465.429s][info][gc,heap        ] GC(863) Tenured: 13148K(1398144K)->13148K(1398144K)
[465.429s][info][gc,metaspace   ] GC(863) Metaspace: 14259K(15104K)->14259K(15104K) NonClass: 12318K(12800K)->12318K(12800K) Class: 1941K(2304K)->1941K(2304K)
[465.429s][info][gc             ] GC(863) Pause Young (Allocation Failure) 561M->15M(1979M) 58.991ms
[465.429s][info][gc,cpu         ] GC(863) User=0.05s Sys=0.00s Real=0.05s
[465.922s][info][gc,start       ] GC(864) Pause Young (Allocation Failure)
[465.982s][info][gc,heap        ] GC(864) DefNew: 561966K(629248K)->1166K(629248K) Eden: 559360K(559360K)->0K(559360K) From: 2606K(69888K)->1166K(69888K)
[465.982s][info][gc,heap        ] GC(864) Tenured: 13148K(1398144K)->14667K(1398144K)
[465.982s][info][gc,metaspace   ] GC(864) Metaspace: 14259K(15104K)->14259K(15104K) NonClass: 12318K(12800K)->12318K(12800K) Class: 1941K(2304K)->1941K(2304K)
[465.982s][info][gc             ] GC(864) Pause Young (Allocation Failure) 561M->15M(1979M) 60.227ms
[465.982s][info][gc,cpu         ] GC(864) User=0.05s Sys=0.00s Real=0.05s
[466.482s][info][gc,start       ] GC(865) Pause Young (Allocation Failure)
[466.529s][info][gc,heap        ] GC(865) DefNew: 560526K(629248K)->1159K(629248K) Eden: 559360K(559360K)->0K(559360K) From: 1166K(69888K)->1159K(69888K)
[466.529s][info][gc,heap        ] GC(865) Tenured: 14667K(1398144K)->14745K(1398144K)
[466.529s][info][gc,metaspace   ] GC(865) Metaspace: 14259K(15104K)->14259K(15104K) NonClass: 12318K(12800K)->12318K(12800K) Class: 1941K(2304K)->1941K(2304K)
[466.529s][info][gc             ] GC(865) Pause Young (Allocation Failure) 561M->15M(1979M) 47.354ms
[466.529s][info][gc,cpu         ] GC(865) User=0.05s Sys=0.00s Real=0.05s
[467.098s][info][gc,start       ] GC(866) Pause Young (Allocation Failure)
[467.153s][info][gc,heap        ] GC(866) DefNew: 560519K(629248K)->1153K(629248K) Eden: 559360K(559360K)->0K(559360K) From: 1159K(69888K)->1153K(69888K)
[467.153s][info][gc,heap        ] GC(866) Tenured: 14745K(1398144K)->14825K(1398144K)
[467.153s][info][gc,metaspace   ] GC(866) Metaspace: 14259K(15104K)->14259K(15104K) NonClass: 12318K(12800K)->12318K(12800K) Class: 1941K(2304K)->1941K(2304K)
[467.153s][info][gc             ] GC(866) Pause Young (Allocation Failure) 561M->15M(1979M) 55.555ms
[467.153s][info][gc,cpu         ] GC(866) User=0.05s Sys=0.00s Real=0.05s
[467.657s][info][gc,start       ] GC(867) Pause Young (Allocation Failure)
[467.713s][info][gc,heap        ] GC(867) DefNew: 560513K(629248K)->1150K(629248K) Eden: 559360K(559360K)->0K(559360K) From: 1153K(69888K)->1150K(69888K)
[467.713s][info][gc,heap        ] GC(867) Tenured: 14825K(1398144K)->14902K(1398144K)
[467.713s][info][gc,metaspace   ] GC(867) Metaspace: 14259K(15104K)->14259K(15104K) NonClass: 12318K(12800K)->12318K(12800K) Class: 1941K(2304K)->1941K(2304K)
[467.713s][info][gc             ] GC(867) Pause Young (Allocation Failure) 561M->15M(1979M) 55.392ms
[467.713s][info][gc,cpu         ] GC(867) User=0.03s Sys=0.00s Real=0.04s
[468.221s][info][gc,start       ] GC(868) Pause Young (Allocation Failure)
[468.276s][info][gc,heap        ] GC(868) DefNew: 560510K(629248K)->1147K(629248K) Eden: 559360K(559360K)->0K(559360K) From: 1150K(69888K)->1147K(69888K)
[468.276s][info][gc,heap        ] GC(868) Tenured: 14902K(1398144K)->14977K(1398144K)
[468.276s][info][gc,metaspace   ] GC(868) Metaspace: 14259K(15104K)->14259K(15104K) NonClass: 12318K(12800K)->12318K(12800K) Class: 1941K(2304K)->1941K(2304K)
[468.277s][info][gc             ] GC(868) Pause Young (Allocation Failure) 561M->15M(1979M) 55.804ms
[468.277s][info][gc,cpu         ] GC(868) User=0.05s Sys=0.00s Real=0.05s
[468.772s][info][gc,start       ] GC(869) Pause Young (Allocation Failure)
[468.829s][info][gc,heap        ] GC(869) DefNew: 560507K(629248K)->1144K(629248K) Eden: 559360K(559360K)->0K(559360K) From: 1147K(69888K)->1144K(69888K)
[468.829s][info][gc,heap        ] GC(869) Tenured: 14977K(1398144K)->15056K(1398144K)
[468.829s][info][gc,metaspace   ] GC(869) Metaspace: 14259K(15104K)->14259K(15104K) NonClass: 12318K(12800K)->12318K(12800K) Class: 1941K(2304K)->1941K(2304K)
[468.829s][info][gc             ] GC(869) Pause Young (Allocation Failure) 561M->15M(1979M) 57.163ms
[468.829s][info][gc,cpu         ] GC(869) User=0.05s Sys=0.00s Real=0.04s
[469.326s][info][gc,start       ] GC(870) Pause Young (Allocation Failure)
[469.385s][info][gc,heap        ] GC(870) DefNew: 560504K(629248K)->1140K(629248K) Eden: 559360K(559360K)->0K(559360K) From: 1144K(69888K)->1140K(69888K)
[469.385s][info][gc,heap        ] GC(870) Tenured: 15056K(1398144K)->15133K(1398144K)
[469.385s][info][gc,metaspace   ] GC(870) Metaspace: 14259K(15104K)->14259K(15104K) NonClass: 12318K(12800K)->12318K(12800K) Class: 1941K(2304K)->1941K(2304K)
[469.385s][info][gc             ] GC(870) Pause Young (Allocation Failure) 562M->15M(1979M) 59.681ms
[469.385s][info][gc,cpu         ] GC(870) User=0.05s Sys=0.00s Real=0.05s
[469.982s][info][gc,start       ] GC(871) Pause Young (Allocation Failure)
[470.045s][info][gc,heap        ] GC(871) DefNew: 560500K(629248K)->1138K(629248K) Eden: 559360K(559360K)->0K(559360K) From: 1140K(69888K)->1138K(69888K)
[470.045s][info][gc,heap        ] GC(871) Tenured: 15133K(1398144K)->15210K(1398144K)
[470.045s][info][gc,metaspace   ] GC(871) Metaspace: 14259K(15104K)->14259K(15104K) NonClass: 12318K(12800K)->12318K(12800K) Class: 1941K(2304K)->1941K(2304K)
[470.045s][info][gc             ] GC(871) Pause Young (Allocation Failure) 562M->15M(1979M) 62.912ms
[470.045s][info][gc,cpu         ] GC(871) User=0.06s Sys=0.00s Real=0.06s
[470.553s][info][gc,start       ] GC(872) Pause Young (Allocation Failure)
[470.607s][info][gc,heap        ] GC(872) DefNew: 560498K(629248K)->1144K(629248K) Eden: 559360K(559360K)->0K(559360K) From: 1138K(69888K)->1144K(69888K)
[470.607s][info][gc,heap        ] GC(872) Tenured: 15210K(1398144K)->15284K(1398144K)
[470.607s][info][gc,metaspace   ] GC(872) Metaspace: 14259K(15104K)->14259K(15104K) NonClass: 12318K(12800K)->12318K(12800K) Class: 1941K(2304K)->1941K(2304K)
[470.607s][info][gc             ] GC(872) Pause Young (Allocation Failure) 562M->16M(1979M) 53.796ms
[470.607s][info][gc,cpu         ] GC(872) User=0.05s Sys=0.00s Real=0.04s
[471.120s][info][gc,start       ] GC(873) Pause Young (Allocation Failure)
[471.172s][info][gc,heap        ] GC(873) DefNew: 560504K(629248K)->1147K(629248K) Eden: 559360K(559360K)->0K(559360K) From: 1144K(69888K)->1147K(69888K)
[471.172s][info][gc,heap        ] GC(873) Tenured: 15284K(1398144K)->15362K(1398144K)
[471.172s][info][gc,metaspace   ] GC(873) Metaspace: 14259K(15104K)->14259K(15104K) NonClass: 12318K(12800K)->12318K(12800K) Class: 1941K(2304K)->1941K(2304K)
[471.172s][info][gc             ] GC(873) Pause Young (Allocation Failure) 562M->16M(1979M) 52.455ms
[471.172s][info][gc,cpu         ] GC(873) User=0.05s Sys=0.00s Real=0.05s
[471.669s][info][gc,start       ] GC(874) Pause Young (Allocation Failure)
[471.715s][info][gc,heap        ] GC(874) DefNew: 560507K(629248K)->1142K(629248K) Eden: 559360K(559360K)->0K(559360K) From: 1147K(69888K)->1142K(69888K)
[471.715s][info][gc,heap        ] GC(874) Tenured: 15362K(1398144K)->15442K(1398144K)
[471.715s][info][gc,metaspace   ] GC(874) Metaspace: 14259K(15104K)->14259K(15104K) NonClass: 12318K(12800K)->12318K(12800K) Class: 1941K(2304K)->1941K(2304K)
[471.715s][info][gc             ] GC(874) Pause Young (Allocation Failure) 562M->16M(1979M) 45.366ms
[471.715s][info][gc,cpu         ] GC(874) User=0.03s Sys=0.00s Real=0.04s
[472.210s][info][gc,start       ] GC(875) Pause Young (Allocation Failure)
[472.255s][info][gc,heap        ] GC(875) DefNew: 560502K(629248K)->1147K(629248K) Eden: 559360K(559360K)->0K(559360K) From: 1142K(69888K)->1147K(69888K)
[472.255s][info][gc,heap        ] GC(875) Tenured: 15442K(1398144K)->15512K(1398144K)
[472.256s][info][gc,metaspace   ] GC(875) Metaspace: 14259K(15104K)->14259K(15104K) NonClass: 12318K(12800K)->12318K(12800K) Class: 1941K(2304K)->1941K(2304K)
[472.256s][info][gc             ] GC(875) Pause Young (Allocation Failure) 562M->16M(1979M) 45.570ms
[472.256s][info][gc,cpu         ] GC(875) User=0.05s Sys=0.00s Real=0.04s
[472.751s][info][gc,start       ] GC(876) Pause Young (Allocation Failure)
[472.809s][info][gc,heap        ] GC(876) DefNew: 560507K(629248K)->1144K(629248K) Eden: 559360K(559360K)->0K(559360K) From: 1147K(69888K)->1144K(69888K)
[472.809s][info][gc,heap        ] GC(876) Tenured: 15512K(1398144K)->15589K(1398144K)
[472.809s][info][gc,metaspace   ] GC(876) Metaspace: 14259K(15104K)->14259K(15104K) NonClass: 12318K(12800K)->12318K(12800K) Class: 1941K(2304K)->1941K(2304K)
[472.809s][info][gc             ] GC(876) Pause Young (Allocation Failure) 562M->16M(1979M) 58.846ms
[472.810s][info][gc,cpu         ] GC(876) User=0.05s Sys=0.00s Real=0.05s
[473.316s][info][gc,start       ] GC(877) Pause Young (Allocation Failure)
[473.379s][info][gc,heap        ] GC(877) DefNew: 560504K(629248K)->1142K(629248K) Eden: 559360K(559360K)->0K(559360K) From: 1144K(69888K)->1142K(69888K)
[473.380s][info][gc,heap        ] GC(877) Tenured: 15589K(1398144K)->15669K(1398144K)
[473.380s][info][gc,metaspace   ] GC(877) Metaspace: 14259K(15104K)->14259K(15104K) NonClass: 12318K(12800K)->12318K(12800K) Class: 1941K(2304K)->1941K(2304K)
[473.380s][info][gc             ] GC(877) Pause Young (Allocation Failure) 562M->16M(1979M) 63.415ms
[473.380s][info][gc,cpu         ] GC(877) User=0.06s Sys=0.00s Real=0.06s
[473.840s][info][gc,start       ] GC(878) Pause Young (Allocation Failure)
[473.889s][info][gc,heap        ] GC(878) DefNew: 560502K(629248K)->1140K(629248K) Eden: 559360K(559360K)->0K(559360K) From: 1142K(69888K)->1140K(69888K)
[473.889s][info][gc,heap        ] GC(878) Tenured: 15669K(1398144K)->15743K(1398144K)
[473.889s][info][gc,metaspace   ] GC(878) Metaspace: 14259K(15104K)->14259K(15104K) NonClass: 12318K(12800K)->12318K(12800K) Class: 1941K(2304K)->1941K(2304K)
[473.889s][info][gc             ] GC(878) Pause Young (Allocation Failure) 562M->16M(1979M) 49.199ms
[473.889s][info][gc,cpu         ] GC(878) User=0.06s Sys=0.00s Real=0.05s
[474.330s][info][gc,start       ] GC(879) Pause Full (System.gc())
[474.330s][info][gc,phases,start] GC(879) Phase 1: Mark live objects
[474.386s][info][gc,phases      ] GC(879) Phase 1: Mark live objects 55.200ms
[474.386s][info][gc,phases,start] GC(879) Phase 2: Compute new object addresses
[474.507s][info][gc,phases      ] GC(879) Phase 2: Compute new object addresses 120.860ms
[474.507s][info][gc,phases,start] GC(879) Phase 3: Adjust pointers
[474.529s][info][gc,phases      ] GC(879) Phase 3: Adjust pointers 22.766ms
[474.529s][info][gc,phases,start] GC(879) Phase 4: Move objects
[474.529s][info][gc,phases      ] GC(879) Phase 4: Move objects 0.012ms
[474.529s][info][gc,heap        ] GC(879) DefNew: 507876K(629248K)->0K(629248K) Eden: 506735K(559360K)->0K(559360K) From: 1140K(69888K)->0K(69888K)
[474.529s][info][gc,heap        ] GC(879) Tenured: 15743K(1398144K)->5348K(1398144K)
[474.529s][info][gc,metaspace   ] GC(879) Metaspace: 14261K(15104K)->14261K(15104K) NonClass: 12319K(12800K)->12319K(12800K) Class: 1941K(2304K)->1941K(2304K)
[474.530s][info][gc             ] GC(879) Pause Full (System.gc()) 511M->5M(1979M) 199.250ms
[474.530s][info][gc,cpu         ] GC(879) User=0.19s Sys=0.00s Real=0.19s
[474.946s][info][gc,start       ] GC(880) Pause Young (Allocation Failure)
[475.000s][info][gc,heap        ] GC(880) DefNew: 559360K(629248K)->1525K(629248K) Eden: 559360K(559360K)->0K(559360K) From: 0K(69888K)->1525K(69888K)
[475.000s][info][gc,heap        ] GC(880) Tenured: 5348K(1398144K)->5348K(1398144K)
[475.000s][info][gc,metaspace   ] GC(880) Metaspace: 14264K(15104K)->14264K(15104K) NonClass: 12323K(12800K)->12323K(12800K) Class: 1941K(2304K)->1941K(2304K)
[475.000s][info][gc             ] GC(880) Pause Young (Allocation Failure) 551M->6M(1979M) 54.180ms
[475.000s][info][gc,cpu         ] GC(880) User=0.05s Sys=0.00s Real=0.05s
[475.479s][info][gc,start       ] GC(881) Pause Young (Allocation Failure)
[475.536s][info][gc,heap        ] GC(881) DefNew: 560885K(629248K)->1596K(629248K) Eden: 559360K(559360K)->0K(559360K) From: 1525K(69888K)->1596K(69888K)
[475.536s][info][gc,heap        ] GC(881) Tenured: 5348K(1398144K)->5348K(1398144K)
[475.536s][info][gc,metaspace   ] GC(881) Metaspace: 14264K(15104K)->14264K(15104K) NonClass: 12323K(12800K)->12323K(12800K) Class: 1941K(2304K)->1941K(2304K)
[475.536s][info][gc             ] GC(881) Pause Young (Allocation Failure) 552M->6M(1979M) 57.261ms
[475.536s][info][gc,cpu         ] GC(881) User=0.06s Sys=0.00s Real=0.06s
[476.042s][info][gc,start       ] GC(882) Pause Young (Allocation Failure)
[476.101s][info][gc,heap        ] GC(882) DefNew: 560956K(629248K)->1675K(629248K) Eden: 559360K(559360K)->0K(559360K) From: 1596K(69888K)->1675K(69888K)
[476.101s][info][gc,heap        ] GC(882) Tenured: 5348K(1398144K)->5348K(1398144K)
[476.101s][info][gc,metaspace   ] GC(882) Metaspace: 14264K(15104K)->14264K(15104K) NonClass: 12323K(12800K)->12323K(12800K) Class: 1941K(2304K)->1941K(2304K)
[476.101s][info][gc             ] GC(882) Pause Young (Allocation Failure) 553M->6M(1979M) 59.315ms
[476.101s][info][gc,cpu         ] GC(882) User=0.06s Sys=0.00s Real=0.06s
[476.592s][info][gc,start       ] GC(883) Pause Young (Allocation Failure)
[476.652s][info][gc,heap        ] GC(883) DefNew: 561035K(629248K)->1752K(629248K) Eden: 559360K(559360K)->0K(559360K) From: 1675K(69888K)->1752K(69888K)
[476.652s][info][gc,heap        ] GC(883) Tenured: 5348K(1398144K)->5348K(1398144K)
[476.652s][info][gc,metaspace   ] GC(883) Metaspace: 14264K(15104K)->14264K(15104K) NonClass: 12323K(12800K)->12323K(12800K) Class: 1941K(2304K)->1941K(2304K)
[476.652s][info][gc             ] GC(883) Pause Young (Allocation Failure) 553M->6M(1979M) 60.096ms
[476.652s][info][gc,cpu         ] GC(883) User=0.05s Sys=0.00s Real=0.05s
[477.156s][info][gc,start       ] GC(884) Pause Young (Allocation Failure)
[477.218s][info][gc,heap        ] GC(884) DefNew: 561112K(629248K)->1827K(629248K) Eden: 559360K(559360K)->0K(559360K) From: 1752K(69888K)->1827K(69888K)
[477.218s][info][gc,heap        ] GC(884) Tenured: 5348K(1398144K)->5348K(1398144K)
[477.218s][info][gc,metaspace   ] GC(884) Metaspace: 14264K(15104K)->14264K(15104K) NonClass: 12323K(12800K)->12323K(12800K) Class: 1941K(2304K)->1941K(2304K)
[477.218s][info][gc             ] GC(884) Pause Young (Allocation Failure) 553M->7M(1979M) 61.303ms
[477.218s][info][gc,cpu         ] GC(884) User=0.06s Sys=0.00s Real=0.06s
[477.711s][info][gc,start       ] GC(885) Pause Young (Allocation Failure)
[477.770s][info][gc,heap        ] GC(885) DefNew: 561187K(629248K)->1904K(629248K) Eden: 559360K(559360K)->0K(559360K) From: 1827K(69888K)->1904K(69888K)
[477.770s][info][gc,heap        ] GC(885) Tenured: 5348K(1398144K)->5348K(1398144K)
[477.770s][info][gc,metaspace   ] GC(885) Metaspace: 14264K(15104K)->14264K(15104K) NonClass: 12323K(12800K)->12323K(12800K) Class: 1941K(2304K)->1941K(2304K)
[477.770s][info][gc             ] GC(885) Pause Young (Allocation Failure) 553M->7M(1979M) 58.703ms
[477.770s][info][gc,cpu         ] GC(885) User=0.06s Sys=0.00s Real=0.06s
[478.265s][info][gc,start       ] GC(886) Pause Young (Allocation Failure)
[478.319s][info][gc,heap        ] GC(886) DefNew: 561264K(629248K)->1981K(629248K) Eden: 559360K(559360K)->0K(559360K) From: 1904K(69888K)->1981K(69888K)
[478.320s][info][gc,heap        ] GC(886) Tenured: 5348K(1398144K)->5348K(1398144K)
[478.320s][info][gc,metaspace   ] GC(886) Metaspace: 14264K(15104K)->14264K(15104K) NonClass: 12323K(12800K)->12323K(12800K) Class: 1941K(2304K)->1941K(2304K)
[478.320s][info][gc             ] GC(886) Pause Young (Allocation Failure) 553M->7M(1979M) 54.362ms
[478.320s][info][gc,cpu         ] GC(886) User=0.05s Sys=0.00s Real=0.05s
[478.800s][info][gc,start       ] GC(887) Pause Young (Allocation Failure)
[478.856s][info][gc,heap        ] GC(887) DefNew: 561341K(629248K)->2055K(629248K) Eden: 559360K(559360K)->0K(559360K) From: 1981K(69888K)->2055K(69888K)
[478.856s][info][gc,heap        ] GC(887) Tenured: 5348K(1398144K)->5348K(1398144K)
[478.856s][info][gc,metaspace   ] GC(887) Metaspace: 14264K(15104K)->14264K(15104K) NonClass: 12323K(12800K)->12323K(12800K) Class: 1941K(2304K)->1941K(2304K)
[478.856s][info][gc             ] GC(887) Pause Young (Allocation Failure) 553M->7M(1979M) 55.941ms
[478.856s][info][gc,cpu         ] GC(887) User=0.05s Sys=0.00s Real=0.06s
[479.328s][info][gc,start       ] GC(888) Pause Young (Allocation Failure)
[479.385s][info][gc,heap        ] GC(888) DefNew: 561415K(629248K)->2130K(629248K) Eden: 559360K(559360K)->0K(559360K) From: 2055K(69888K)->2130K(69888K)
[479.386s][info][gc,heap        ] GC(888) Tenured: 5348K(1398144K)->5348K(1398144K)
[479.386s][info][gc,metaspace   ] GC(888) Metaspace: 14264K(15104K)->14264K(15104K) NonClass: 12323K(12800K)->12323K(12800K) Class: 1941K(2304K)->1941K(2304K)
[479.386s][info][gc             ] GC(888) Pause Young (Allocation Failure) 553M->7M(1979M) 57.519ms
[479.386s][info][gc,cpu         ] GC(888) User=0.05s Sys=0.00s Real=0.06s
[479.861s][info][gc,start       ] GC(889) Pause Young (Allocation Failure)
[479.920s][info][gc,heap        ] GC(889) DefNew: 561490K(629248K)->2201K(629248K) Eden: 559360K(559360K)->0K(559360K) From: 2130K(69888K)->2201K(69888K)
[479.920s][info][gc,heap        ] GC(889) Tenured: 5348K(1398144K)->5348K(1398144K)
[479.920s][info][gc,metaspace   ] GC(889) Metaspace: 14264K(15104K)->14264K(15104K) NonClass: 12323K(12800K)->12323K(12800K) Class: 1941K(2304K)->1941K(2304K)
[479.920s][info][gc             ] GC(889) Pause Young (Allocation Failure) 553M->7M(1979M) 59.530ms
[479.920s][info][gc,cpu         ] GC(889) User=0.06s Sys=0.00s Real=0.06s
[480.414s][info][gc,start       ] GC(890) Pause Young (Allocation Failure)
[480.473s][info][gc,heap        ] GC(890) DefNew: 561561K(629248K)->2276K(629248K) Eden: 559360K(559360K)->0K(559360K) From: 2201K(69888K)->2276K(69888K)
[480.473s][info][gc,heap        ] GC(890) Tenured: 5348K(1398144K)->5348K(1398144K)
[480.473s][info][gc,metaspace   ] GC(890) Metaspace: 14264K(15104K)->14264K(15104K) NonClass: 12323K(12800K)->12323K(12800K) Class: 1941K(2304K)->1941K(2304K)
[480.473s][info][gc             ] GC(890) Pause Young (Allocation Failure) 553M->7M(1979M) 59.392ms
[480.473s][info][gc,cpu         ] GC(890) User=0.05s Sys=0.00s Real=0.05s
[480.955s][info][gc,start       ] GC(891) Pause Young (Allocation Failure)
[481.002s][info][gc,heap        ] GC(891) DefNew: 561636K(629248K)->2351K(629248K) Eden: 559360K(559360K)->0K(559360K) From: 2276K(69888K)->2351K(69888K)
[481.002s][info][gc,heap        ] GC(891) Tenured: 5348K(1398144K)->5348K(1398144K)
[481.002s][info][gc,metaspace   ] GC(891) Metaspace: 14264K(15104K)->14264K(15104K) NonClass: 12323K(12800K)->12323K(12800K) Class: 1941K(2304K)->1941K(2304K)
[481.002s][info][gc             ] GC(891) Pause Young (Allocation Failure) 553M->7M(1979M) 46.874ms
[481.002s][info][gc,cpu         ] GC(891) User=0.03s Sys=0.00s Real=0.04s
[481.485s][info][gc,start       ] GC(892) Pause Young (Allocation Failure)
[481.533s][info][gc,heap        ] GC(892) DefNew: 561711K(629248K)->2423K(629248K) Eden: 559360K(559360K)->0K(559360K) From: 2351K(69888K)->2423K(69888K)
[481.533s][info][gc,heap        ] GC(892) Tenured: 5348K(1398144K)->5348K(1398144K)
[481.533s][info][gc,metaspace   ] GC(892) Metaspace: 14264K(15104K)->14264K(15104K) NonClass: 12323K(12800K)->12323K(12800K) Class: 1941K(2304K)->1941K(2304K)
[481.533s][info][gc             ] GC(892) Pause Young (Allocation Failure) 553M->7M(1979M) 48.376ms
[481.533s][info][gc,cpu         ] GC(892) User=0.03s Sys=0.00s Real=0.03s
[482.016s][info][gc,start       ] GC(893) Pause Young (Allocation Failure)
[482.058s][info][gc,heap        ] GC(893) DefNew: 561783K(629248K)->2500K(629248K) Eden: 559360K(559360K)->0K(559360K) From: 2423K(69888K)->2500K(69888K)
[482.058s][info][gc,heap        ] GC(893) Tenured: 5348K(1398144K)->5348K(1398144K)
[482.058s][info][gc,metaspace   ] GC(893) Metaspace: 14264K(15104K)->14264K(15104K) NonClass: 12323K(12800K)->12323K(12800K) Class: 1941K(2304K)->1941K(2304K)
[482.058s][info][gc             ] GC(893) Pause Young (Allocation Failure) 553M->7M(1979M) 42.110ms
[482.058s][info][gc,cpu         ] GC(893) User=0.03s Sys=0.00s Real=0.04s
[482.548s][info][gc,start       ] GC(894) Pause Young (Allocation Failure)
[482.606s][info][gc,heap        ] GC(894) DefNew: 561860K(629248K)->2574K(629248K) Eden: 559360K(559360K)->0K(559360K) From: 2500K(69888K)->2574K(69888K)
[482.606s][info][gc,heap        ] GC(894) Tenured: 5348K(1398144K)->5348K(1398144K)
[482.606s][info][gc,metaspace   ] GC(894) Metaspace: 14264K(15104K)->14264K(15104K) NonClass: 12323K(12800K)->12323K(12800K) Class: 1941K(2304K)->1941K(2304K)
[482.606s][info][gc             ] GC(894) Pause Young (Allocation Failure) 553M->7M(1979M) 57.800ms
[482.606s][info][gc,cpu         ] GC(894) User=0.05s Sys=0.00s Real=0.05s
[483.116s][info][gc,start       ] GC(895) Pause Young (Allocation Failure)
[483.173s][info][gc,heap        ] GC(895) DefNew: 561934K(629248K)->1138K(629248K) Eden: 559360K(559360K)->0K(559360K) From: 2574K(69888K)->1138K(69888K)
[483.173s][info][gc,heap        ] GC(895) Tenured: 5348K(1398144K)->6865K(1398144K)
[483.173s][info][gc,metaspace   ] GC(895) Metaspace: 14264K(15104K)->14264K(15104K) NonClass: 12323K(12800K)->12323K(12800K) Class: 1941K(2304K)->1941K(2304K)
[483.173s][info][gc             ] GC(895) Pause Young (Allocation Failure) 553M->7M(1979M) 56.986ms
[483.173s][info][gc,cpu         ] GC(895) User=0.06s Sys=0.00s Real=0.06s
[483.679s][info][gc,start       ] GC(896) Pause Young (Allocation Failure)
[483.738s][info][gc,heap        ] GC(896) DefNew: 560498K(629248K)->1144K(629248K) Eden: 559360K(559360K)->0K(559360K) From: 1138K(69888K)->1144K(69888K)
[483.738s][info][gc,heap        ] GC(896) Tenured: 6865K(1398144K)->6936K(1398144K)
[483.738s][info][gc,metaspace   ] GC(896) Metaspace: 14264K(15104K)->14264K(15104K) NonClass: 12323K(12800K)->12323K(12800K) Class: 1941K(2304K)->1941K(2304K)
[483.738s][info][gc             ] GC(896) Pause Young (Allocation Failure) 554M->7M(1979M) 59.535ms
[483.738s][info][gc,cpu         ] GC(896) User=0.06s Sys=0.00s Real=0.06s
[484.243s][info][gc,start       ] GC(897) Pause Young (Allocation Failure)
[484.304s][info][gc,heap        ] GC(897) DefNew: 560504K(629248K)->1145K(629248K) Eden: 559360K(559360K)->0K(559360K) From: 1144K(69888K)->1145K(69888K)
[484.304s][info][gc,heap        ] GC(897) Tenured: 6936K(1398144K)->7015K(1398144K)
[484.304s][info][gc,metaspace   ] GC(897) Metaspace: 14264K(15104K)->14264K(15104K) NonClass: 12323K(12800K)->12323K(12800K) Class: 1941K(2304K)->1941K(2304K)
[484.304s][info][gc             ] GC(897) Pause Young (Allocation Failure) 554M->7M(1979M) 60.660ms
[484.304s][info][gc,cpu         ] GC(897) User=0.05s Sys=0.00s Real=0.05s
[484.811s][info][gc,start       ] GC(898) Pause Young (Allocation Failure)
[484.873s][info][gc,heap        ] GC(898) DefNew: 560505K(629248K)->1150K(629248K) Eden: 559360K(559360K)->0K(559360K) From: 1145K(69888K)->1150K(69888K)
[484.873s][info][gc,heap        ] GC(898) Tenured: 7015K(1398144K)->7090K(1398144K)
[484.873s][info][gc,metaspace   ] GC(898) Metaspace: 14264K(15104K)->14264K(15104K) NonClass: 12323K(12800K)->12323K(12800K) Class: 1941K(2304K)->1941K(2304K)
[484.873s][info][gc             ] GC(898) Pause Young (Allocation Failure) 554M->8M(1979M) 61.693ms
[484.873s][info][gc,cpu         ] GC(898) User=0.06s Sys=0.00s Real=0.06s
[485.384s][info][gc,start       ] GC(899) Pause Young (Allocation Failure)
[485.448s][info][gc,heap        ] GC(899) DefNew: 560510K(629248K)->1151K(629248K) Eden: 559360K(559360K)->0K(559360K) From: 1150K(69888K)->1151K(69888K)
[485.448s][info][gc,heap        ] GC(899) Tenured: 7090K(1398144K)->7167K(1398144K)
[485.448s][info][gc,metaspace   ] GC(899) Metaspace: 14264K(15104K)->14264K(15104K) NonClass: 12323K(12800K)->12323K(12800K) Class: 1941K(2304K)->1941K(2304K)
[485.448s][info][gc             ] GC(899) Pause Young (Allocation Failure) 554M->8M(1979M) 63.391ms
[485.448s][info][gc,cpu         ] GC(899) User=0.05s Sys=0.00s Real=0.05s
[485.979s][info][gc,start       ] GC(900) Pause Young (Allocation Failure)
[486.023s][info][gc,heap        ] GC(900) DefNew: 560511K(629248K)->1155K(629248K) Eden: 559360K(559360K)->0K(559360K) From: 1151K(69888K)->1155K(69888K)
[486.023s][info][gc,heap        ] GC(900) Tenured: 7167K(1398144K)->7243K(1398144K)
[486.023s][info][gc,metaspace   ] GC(900) Metaspace: 14264K(15104K)->14264K(15104K) NonClass: 12323K(12800K)->12323K(12800K) Class: 1941K(2304K)->1941K(2304K)
[486.023s][info][gc             ] GC(900) Pause Young (Allocation Failure) 554M->8M(1979M) 43.859ms
[486.023s][info][gc,cpu         ] GC(900) User=0.05s Sys=0.00s Real=0.04s
[486.530s][info][gc,start       ] GC(901) Pause Young (Allocation Failure)
[486.588s][info][gc,heap        ] GC(901) DefNew: 560515K(629248K)->1157K(629248K) Eden: 559360K(559360K)->0K(559360K) From: 1155K(69888K)->1157K(69888K)
[486.588s][info][gc,heap        ] GC(901) Tenured: 7243K(1398144K)->7321K(1398144K)
[486.588s][info][gc,metaspace   ] GC(901) Metaspace: 14264K(15104K)->14264K(15104K) NonClass: 12323K(12800K)->12323K(12800K) Class: 1941K(2304K)->1941K(2304K)
[486.588s][info][gc             ] GC(901) Pause Young (Allocation Failure) 554M->8M(1979M) 58.235ms
[486.588s][info][gc,cpu         ] GC(901) User=0.05s Sys=0.00s Real=0.05s
[487.095s][info][gc,start       ] GC(902) Pause Young (Allocation Failure)
[487.152s][info][gc,heap        ] GC(902) DefNew: 560517K(629248K)->1161K(629248K) Eden: 559360K(559360K)->0K(559360K) From: 1157K(69888K)->1161K(69888K)
[487.152s][info][gc,heap        ] GC(902) Tenured: 7321K(1398144K)->7395K(1398144K)
[487.152s][info][gc,metaspace   ] GC(902) Metaspace: 14264K(15104K)->14264K(15104K) NonClass: 12323K(12800K)->12323K(12800K) Class: 1941K(2304K)->1941K(2304K)
[487.152s][info][gc             ] GC(902) Pause Young (Allocation Failure) 554M->8M(1979M) 56.859ms
[487.152s][info][gc,cpu         ] GC(902) User=0.05s Sys=0.00s Real=0.05s
[487.660s][info][gc,start       ] GC(903) Pause Young (Allocation Failure)
[487.707s][info][gc,heap        ] GC(903) DefNew: 560521K(629248K)->1167K(629248K) Eden: 559360K(559360K)->0K(559360K) From: 1161K(69888K)->1167K(69888K)
[487.707s][info][gc,heap        ] GC(903) Tenured: 7395K(1398144K)->7469K(1398144K)
[487.707s][info][gc,metaspace   ] GC(903) Metaspace: 14264K(15104K)->14264K(15104K) NonClass: 12323K(12800K)->12323K(12800K) Class: 1941K(2304K)->1941K(2304K)
[487.707s][info][gc             ] GC(903) Pause Young (Allocation Failure) 554M->8M(1979M) 46.309ms
[487.707s][info][gc,cpu         ] GC(903) User=0.05s Sys=0.00s Real=0.05s
[488.215s][info][gc,start       ] GC(904) Pause Young (Allocation Failure)
[488.262s][info][gc,heap        ] GC(904) DefNew: 560527K(629248K)->1175K(629248K) Eden: 559360K(559360K)->0K(559360K) From: 1167K(69888K)->1175K(69888K)
[488.262s][info][gc,heap        ] GC(904) Tenured: 7469K(1398144K)->7541K(1398144K)
[488.262s][info][gc,metaspace   ] GC(904) Metaspace: 14264K(15104K)->14264K(15104K) NonClass: 12323K(12800K)->12323K(12800K) Class: 1941K(2304K)->1941K(2304K)
[488.262s][info][gc             ] GC(904) Pause Young (Allocation Failure) 554M->8M(1979M) 46.782ms
[488.262s][info][gc,cpu         ] GC(904) User=0.03s Sys=0.00s Real=0.03s
[488.771s][info][gc,start       ] GC(905) Pause Young (Allocation Failure)
[488.821s][info][gc,heap        ] GC(905) DefNew: 560535K(629248K)->1177K(629248K) Eden: 559360K(559360K)->0K(559360K) From: 1175K(69888K)->1177K(69888K)
[488.821s][info][gc,heap        ] GC(905) Tenured: 7541K(1398144K)->7615K(1398144K)
[488.821s][info][gc,metaspace   ] GC(905) Metaspace: 14264K(15104K)->14264K(15104K) NonClass: 12323K(12800K)->12323K(12800K) Class: 1941K(2304K)->1941K(2304K)
[488.821s][info][gc             ] GC(905) Pause Young (Allocation Failure) 554M->8M(1979M) 50.174ms
[488.821s][info][gc,cpu         ] GC(905) User=0.05s Sys=0.00s Real=0.05s
[489.329s][info][gc,start       ] GC(906) Pause Young (Allocation Failure)
[489.391s][info][gc,heap        ] GC(906) DefNew: 560537K(629248K)->1182K(629248K) Eden: 559360K(559360K)->0K(559360K) From: 1177K(69888K)->1182K(69888K)
[489.391s][info][gc,heap        ] GC(906) Tenured: 7615K(1398144K)->7690K(1398144K)
[489.391s][info][gc,metaspace   ] GC(906) Metaspace: 14264K(15104K)->14264K(15104K) NonClass: 12323K(12800K)->12323K(12800K) Class: 1941K(2304K)->1941K(2304K)
[489.391s][info][gc             ] GC(906) Pause Young (Allocation Failure) 554M->8M(1979M) 62.369ms
[489.391s][info][gc,cpu         ] GC(906) User=0.06s Sys=0.00s Real=0.06s
[489.925s][info][gc,start       ] GC(907) Pause Young (Allocation Failure)
[489.982s][info][gc,heap        ] GC(907) DefNew: 560542K(629248K)->1194K(629248K) Eden: 559360K(559360K)->0K(559360K) From: 1182K(69888K)->1194K(69888K)
[489.982s][info][gc,heap        ] GC(907) Tenured: 7690K(1398144K)->7761K(1398144K)
[489.982s][info][gc,metaspace   ] GC(907) Metaspace: 14264K(15104K)->14264K(15104K) NonClass: 12323K(12800K)->12323K(12800K) Class: 1941K(2304K)->1941K(2304K)
[489.982s][info][gc             ] GC(907) Pause Young (Allocation Failure) 554M->8M(1979M) 56.515ms
[489.982s][info][gc,cpu         ] GC(907) User=0.05s Sys=0.00s Real=0.05s
[490.488s][info][gc,start       ] GC(908) Pause Young (Allocation Failure)
[490.549s][info][gc,heap        ] GC(908) DefNew: 560554K(629248K)->1195K(629248K) Eden: 559360K(559360K)->0K(559360K) From: 1194K(69888K)->1195K(69888K)
[490.549s][info][gc,heap        ] GC(908) Tenured: 7761K(1398144K)->7838K(1398144K)
[490.549s][info][gc,metaspace   ] GC(908) Metaspace: 14264K(15104K)->14264K(15104K) NonClass: 12323K(12800K)->12323K(12800K) Class: 1941K(2304K)->1941K(2304K)
[490.549s][info][gc             ] GC(908) Pause Young (Allocation Failure) 554M->8M(1979M) 60.972ms
[490.549s][info][gc,cpu         ] GC(908) User=0.06s Sys=0.00s Real=0.06s
[491.026s][info][gc,start       ] GC(909) Pause Young (Allocation Failure)
[491.090s][info][gc,heap        ] GC(909) DefNew: 560555K(629248K)->1191K(629248K) Eden: 559360K(559360K)->0K(559360K) From: 1195K(69888K)->1191K(69888K)
[491.090s][info][gc,heap        ] GC(909) Tenured: 7838K(1398144K)->7912K(1398144K)
[491.090s][info][gc,metaspace   ] GC(909) Metaspace: 14264K(15104K)->14264K(15104K) NonClass: 12323K(12800K)->12323K(12800K) Class: 1941K(2304K)->1941K(2304K)
[491.090s][info][gc             ] GC(909) Pause Young (Allocation Failure) 555M->8M(1979M) 63.744ms
[491.090s][info][gc,cpu         ] GC(909) User=0.06s Sys=0.00s Real=0.05s
[491.467s][info][gc,start       ] GC(910) Pause Young (Allocation Failure)
[491.517s][info][gc,heap        ] GC(910) DefNew: 560551K(629248K)->1167K(629248K) Eden: 559360K(559360K)->0K(559360K) From: 1191K(69888K)->1167K(69888K)
[491.517s][info][gc,heap        ] GC(910) Tenured: 7912K(1398144K)->7992K(1398144K)
[491.517s][info][gc,metaspace   ] GC(910) Metaspace: 14264K(15104K)->14264K(15104K) NonClass: 12323K(12800K)->12323K(12800K) Class: 1941K(2304K)->1941K(2304K)
[491.517s][info][gc             ] GC(910) Pause Young (Allocation Failure) 555M->8M(1979M) 49.941ms
[491.517s][info][gc,cpu         ] GC(910) User=0.05s Sys=0.00s Real=0.05s
[491.589s][info][gc,start       ] GC(911) Pause Full (System.gc())
[491.589s][info][gc,phases,start] GC(911) Phase 1: Mark live objects
[491.628s][info][gc,phases      ] GC(911) Phase 1: Mark live objects 38.842ms
[491.628s][info][gc,phases,start] GC(911) Phase 2: Compute new object addresses
[491.635s][info][gc,phases      ] GC(911) Phase 2: Compute new object addresses 6.836ms
[491.635s][info][gc,phases,start] GC(911) Phase 3: Adjust pointers
[491.661s][info][gc,phases      ] GC(911) Phase 3: Adjust pointers 26.549ms
[491.661s][info][gc,phases,start] GC(911) Phase 4: Move objects
[491.661s][info][gc,phases      ] GC(911) Phase 4: Move objects 0.013ms
[491.661s][info][gc,heap        ] GC(911) DefNew: 23059K(629248K)->0K(629248K) Eden: 21892K(559360K)->0K(559360K) From: 1167K(69888K)->0K(69888K)
[491.661s][info][gc,heap        ] GC(911) Tenured: 7992K(1398144K)->7992K(1398144K)
[491.661s][info][gc,metaspace   ] GC(911) Metaspace: 14264K(15104K)->14264K(15104K) NonClass: 12323K(12800K)->12323K(12800K) Class: 1941K(2304K)->1941K(2304K)
[491.661s][info][gc             ] GC(911) Pause Full (System.gc()) 30M->7M(1979M) 72.609ms
[491.661s][info][gc,cpu         ] GC(911) User=0.06s Sys=0.00s Real=0.06s
[492.130s][info][gc,start       ] GC(912) Pause Young (Allocation Failure)
[492.183s][info][gc,heap        ] GC(912) DefNew: 559360K(629248K)->1526K(629248K) Eden: 559360K(559360K)->0K(559360K) From: 0K(69888K)->1526K(69888K)
[492.183s][info][gc,heap        ] GC(912) Tenured: 7992K(1398144K)->7992K(1398144K)
[492.183s][info][gc,metaspace   ] GC(912) Metaspace: 14264K(15104K)->14264K(15104K) NonClass: 12323K(12800K)->12323K(12800K) Class: 1941K(2304K)->1941K(2304K)
[492.183s][info][gc             ] GC(912) Pause Young (Allocation Failure) 554M->9M(1979M) 53.455ms
[492.183s][info][gc,cpu         ] GC(912) User=0.05s Sys=0.00s Real=0.05s
[492.696s][info][gc,start       ] GC(913) Pause Young (Allocation Failure)
[492.739s][info][gc,heap        ] GC(913) DefNew: 560886K(629248K)->1602K(629248K) Eden: 559360K(559360K)->0K(559360K) From: 1526K(69888K)->1602K(69888K)
[492.739s][info][gc,heap        ] GC(913) Tenured: 7992K(1398144K)->7992K(1398144K)
[492.739s][info][gc,metaspace   ] GC(913) Metaspace: 14264K(15104K)->14264K(15104K) NonClass: 12323K(12800K)->12323K(12800K) Class: 1941K(2304K)->1941K(2304K)
[492.739s][info][gc             ] GC(913) Pause Young (Allocation Failure) 555M->9M(1979M) 42.880ms
[492.739s][info][gc,cpu         ] GC(913) User=0.05s Sys=0.00s Real=0.04s
[493.222s][info][gc,start       ] GC(914) Pause Young (Allocation Failure)
[493.277s][info][gc,heap        ] GC(914) DefNew: 560962K(629248K)->1679K(629248K) Eden: 559360K(559360K)->0K(559360K) From: 1602K(69888K)->1679K(69888K)
[493.277s][info][gc,heap        ] GC(914) Tenured: 7992K(1398144K)->7992K(1398144K)
[493.277s][info][gc,metaspace   ] GC(914) Metaspace: 14264K(15104K)->14264K(15104K) NonClass: 12323K(12800K)->12323K(12800K) Class: 1941K(2304K)->1941K(2304K)
[493.277s][info][gc             ] GC(914) Pause Young (Allocation Failure) 555M->9M(1979M) 54.503ms
[493.277s][info][gc,cpu         ] GC(914) User=0.05s Sys=0.00s Real=0.05s
[493.770s][info][gc,start       ] GC(915) Pause Young (Allocation Failure)
[493.828s][info][gc,heap        ] GC(915) DefNew: 561039K(629248K)->1751K(629248K) Eden: 559360K(559360K)->0K(559360K) From: 1679K(69888K)->1751K(69888K)
[493.828s][info][gc,heap        ] GC(915) Tenured: 7992K(1398144K)->7992K(1398144K)
[493.828s][info][gc,metaspace   ] GC(915) Metaspace: 14264K(15104K)->14264K(15104K) NonClass: 12323K(12800K)->12323K(12800K) Class: 1941K(2304K)->1941K(2304K)
[493.828s][info][gc             ] GC(915) Pause Young (Allocation Failure) 555M->9M(1979M) 58.359ms
[493.828s][info][gc,cpu         ] GC(915) User=0.05s Sys=0.00s Real=0.04s
[494.304s][info][gc,start       ] GC(916) Pause Young (Allocation Failure)
[494.363s][info][gc,heap        ] GC(916) DefNew: 561111K(629248K)->1823K(629248K) Eden: 559360K(559360K)->0K(559360K) From: 1751K(69888K)->1823K(69888K)
[494.363s][info][gc,heap        ] GC(916) Tenured: 7992K(1398144K)->7992K(1398144K)
[494.363s][info][gc,metaspace   ] GC(916) Metaspace: 14264K(15104K)->14264K(15104K) NonClass: 12323K(12800K)->12323K(12800K) Class: 1941K(2304K)->1941K(2304K)
[494.363s][info][gc             ] GC(916) Pause Young (Allocation Failure) 555M->9M(1979M) 58.893ms
[494.363s][info][gc,cpu         ] GC(916) User=0.06s Sys=0.00s Real=0.06s
[494.842s][info][gc,start       ] GC(917) Pause Young (Allocation Failure)
[494.902s][info][gc,heap        ] GC(917) DefNew: 561183K(629248K)->1897K(629248K) Eden: 559360K(559360K)->0K(559360K) From: 1823K(69888K)->1897K(69888K)
[494.902s][info][gc,heap        ] GC(917) Tenured: 7992K(1398144K)->7992K(1398144K)
[494.902s][info][gc,metaspace   ] GC(917) Metaspace: 14264K(15104K)->14264K(15104K) NonClass: 12323K(12800K)->12323K(12800K) Class: 1941K(2304K)->1941K(2304K)
[494.902s][info][gc             ] GC(917) Pause Young (Allocation Failure) 555M->9M(1979M) 60.213ms
[494.902s][info][gc,cpu         ] GC(917) User=0.05s Sys=0.00s Real=0.06s
[495.402s][info][gc,start       ] GC(918) Pause Young (Allocation Failure)
[495.464s][info][gc,heap        ] GC(918) DefNew: 561257K(629248K)->1978K(629248K) Eden: 559360K(559360K)->0K(559360K) From: 1897K(69888K)->1978K(69888K)
[495.464s][info][gc,heap        ] GC(918) Tenured: 7992K(1398144K)->7992K(1398144K)
[495.464s][info][gc,metaspace   ] GC(918) Metaspace: 14264K(15104K)->14264K(15104K) NonClass: 12323K(12800K)->12323K(12800K) Class: 1941K(2304K)->1941K(2304K)
[495.464s][info][gc             ] GC(918) Pause Young (Allocation Failure) 555M->9M(1979M) 62.729ms
[495.465s][info][gc,cpu         ] GC(918) User=0.06s Sys=0.00s Real=0.06s
[496.054s][info][gc,start       ] GC(919) Pause Young (Allocation Failure)
[496.108s][info][gc,heap        ] GC(919) DefNew: 561338K(629248K)->2055K(629248K) Eden: 559360K(559360K)->0K(559360K) From: 1978K(69888K)->2055K(69888K)
[496.108s][info][gc,heap        ] GC(919) Tenured: 7992K(1398144K)->7992K(1398144K)
[496.108s][info][gc,metaspace   ] GC(919) Metaspace: 14264K(15104K)->14264K(15104K) NonClass: 12323K(12800K)->12323K(12800K) Class: 1941K(2304K)->1941K(2304K)
[496.108s][info][gc             ] GC(919) Pause Young (Allocation Failure) 555M->9M(1979M) 54.492ms
[496.109s][info][gc,cpu         ] GC(919) User=0.05s Sys=0.00s Real=0.05s
[496.601s][info][gc,start       ] GC(920) Pause Young (Allocation Failure)
[496.655s][info][gc,heap        ] GC(920) DefNew: 561415K(629248K)->2130K(629248K) Eden: 559360K(559360K)->0K(559360K) From: 2055K(69888K)->2130K(69888K)
[496.655s][info][gc,heap        ] GC(920) Tenured: 7992K(1398144K)->7992K(1398144K)
[496.655s][info][gc,metaspace   ] GC(920) Metaspace: 14264K(15104K)->14264K(15104K) NonClass: 12323K(12800K)->12323K(12800K) Class: 1941K(2304K)->1941K(2304K)
[496.655s][info][gc             ] GC(920) Pause Young (Allocation Failure) 556M->9M(1979M) 53.890ms
[496.655s][info][gc,cpu         ] GC(920) User=0.06s Sys=0.00s Real=0.05s
[497.148s][info][gc,start       ] GC(921) Pause Young (Allocation Failure)
[497.204s][info][gc,heap        ] GC(921) DefNew: 561490K(629248K)->2202K(629248K) Eden: 559360K(559360K)->0K(559360K) From: 2130K(69888K)->2202K(69888K)
[497.204s][info][gc,heap        ] GC(921) Tenured: 7992K(1398144K)->7992K(1398144K)
[497.204s][info][gc,metaspace   ] GC(921) Metaspace: 14264K(15104K)->14264K(15104K) NonClass: 12323K(12800K)->12323K(12800K) Class: 1941K(2304K)->1941K(2304K)
[497.204s][info][gc             ] GC(921) Pause Young (Allocation Failure) 556M->9M(1979M) 55.838ms
[497.204s][info][gc,cpu         ] GC(921) User=0.05s Sys=0.00s Real=0.05s
[497.718s][info][gc,start       ] GC(922) Pause Young (Allocation Failure)
[497.775s][info][gc,heap        ] GC(922) DefNew: 561562K(629248K)->2282K(629248K) Eden: 559360K(559360K)->0K(559360K) From: 2202K(69888K)->2282K(69888K)
[497.775s][info][gc,heap        ] GC(922) Tenured: 7992K(1398144K)->7992K(1398144K)
[497.775s][info][gc,metaspace   ] GC(922) Metaspace: 14264K(15104K)->14264K(15104K) NonClass: 12323K(12800K)->12323K(12800K) Class: 1941K(2304K)->1941K(2304K)
[497.775s][info][gc             ] GC(922) Pause Young (Allocation Failure) 556M->10M(1979M) 56.849ms
[497.775s][info][gc,cpu         ] GC(922) User=0.05s Sys=0.00s Real=0.06s
[498.252s][info][gc,start       ] GC(923) Pause Young (Allocation Failure)
[498.311s][info][gc,heap        ] GC(923) DefNew: 561642K(629248K)->2354K(629248K) Eden: 559360K(559360K)->0K(559360K) From: 2282K(69888K)->2354K(69888K)
[498.311s][info][gc,heap        ] GC(923) Tenured: 7992K(1398144K)->7992K(1398144K)
[498.311s][info][gc,metaspace   ] GC(923) Metaspace: 14264K(15104K)->14264K(15104K) NonClass: 12323K(12800K)->12323K(12800K) Class: 1941K(2304K)->1941K(2304K)
[498.311s][info][gc             ] GC(923) Pause Young (Allocation Failure) 556M->10M(1979M) 58.360ms
[498.311s][info][gc,cpu         ] GC(923) User=0.06s Sys=0.00s Real=0.06s
[498.795s][info][gc,start       ] GC(924) Pause Young (Allocation Failure)
[498.853s][info][gc,heap        ] GC(924) DefNew: 561714K(629248K)->2428K(629248K) Eden: 559360K(559360K)->0K(559360K) From: 2354K(69888K)->2428K(69888K)
[498.853s][info][gc,heap        ] GC(924) Tenured: 7992K(1398144K)->7992K(1398144K)
[498.853s][info][gc,metaspace   ] GC(924) Metaspace: 14264K(15104K)->14264K(15104K) NonClass: 12323K(12800K)->12323K(12800K) Class: 1941K(2304K)->1941K(2304K)
[498.854s][info][gc             ] GC(924) Pause Young (Allocation Failure) 556M->10M(1979M) 58.999ms
[498.854s][info][gc,cpu         ] GC(924) User=0.05s Sys=0.00s Real=0.05s
[499.339s][info][gc,start       ] GC(925) Pause Young (Allocation Failure)
[499.386s][info][gc,heap        ] GC(925) DefNew: 561788K(629248K)->2502K(629248K) Eden: 559360K(559360K)->0K(559360K) From: 2428K(69888K)->2502K(69888K)
[499.386s][info][gc,heap        ] GC(925) Tenured: 7992K(1398144K)->7992K(1398144K)
[499.386s][info][gc,metaspace   ] GC(925) Metaspace: 14264K(15104K)->14264K(15104K) NonClass: 12323K(12800K)->12323K(12800K) Class: 1941K(2304K)->1941K(2304K)
[499.386s][info][gc             ] GC(925) Pause Young (Allocation Failure) 556M->10M(1979M) 46.602ms
[499.386s][info][gc,cpu         ] GC(925) User=0.05s Sys=0.00s Real=0.04s
[499.976s][info][gc,start       ] GC(926) Pause Young (Allocation Failure)
[500.029s][info][gc,heap        ] GC(926) DefNew: 561862K(629248K)->2575K(629248K) Eden: 559360K(559360K)->0K(559360K) From: 2502K(69888K)->2575K(69888K)
[500.029s][info][gc,heap        ] GC(926) Tenured: 7992K(1398144K)->7992K(1398144K)
[500.029s][info][gc,metaspace   ] GC(926) Metaspace: 14264K(15104K)->14264K(15104K) NonClass: 12323K(12800K)->12323K(12800K) Class: 1941K(2304K)->1941K(2304K)
[500.029s][info][gc             ] GC(926) Pause Young (Allocation Failure) 556M->10M(1979M) 52.926ms
[500.029s][info][gc,cpu         ] GC(926) User=0.05s Sys=0.00s Real=0.05s
[500.509s][info][gc,start       ] GC(927) Pause Young (Allocation Failure)
[500.563s][info][gc,heap        ] GC(927) DefNew: 561935K(629248K)->1126K(629248K) Eden: 559360K(559360K)->0K(559360K) From: 2575K(69888K)->1126K(69888K)
[500.563s][info][gc,heap        ] GC(927) Tenured: 7992K(1398144K)->9509K(1398144K)
[500.563s][info][gc,metaspace   ] GC(927) Metaspace: 14264K(15104K)->14264K(15104K) NonClass: 12323K(12800K)->12323K(12800K) Class: 1941K(2304K)->1941K(2304K)
[500.563s][info][gc             ] GC(927) Pause Young (Allocation Failure) 556M->10M(1979M) 54.122ms
[500.563s][info][gc,cpu         ] GC(927) User=0.05s Sys=0.00s Real=0.05s
[501.044s][info][gc,start       ] GC(928) Pause Young (Allocation Failure)
[501.099s][info][gc,heap        ] GC(928) DefNew: 560486K(629248K)->1122K(629248K) Eden: 559360K(559360K)->0K(559360K) From: 1126K(69888K)->1122K(69888K)
[501.099s][info][gc,heap        ] GC(928) Tenured: 9509K(1398144K)->9586K(1398144K)
[501.099s][info][gc,metaspace   ] GC(928) Metaspace: 14264K(15104K)->14264K(15104K) NonClass: 12323K(12800K)->12323K(12800K) Class: 1941K(2304K)->1941K(2304K)
[501.099s][info][gc             ] GC(928) Pause Young (Allocation Failure) 556M->10M(1979M) 54.908ms
[501.099s][info][gc,cpu         ] GC(928) User=0.05s Sys=0.00s Real=0.05s
[501.599s][info][gc,start       ] GC(929) Pause Young (Allocation Failure)
[501.643s][info][gc,heap        ] GC(929) DefNew: 560480K(629248K)->1124K(629248K) Eden: 559358K(559360K)->0K(559360K) From: 1122K(69888K)->1124K(69888K)
[501.643s][info][gc,heap        ] GC(929) Tenured: 9586K(1398144K)->9661K(1398144K)
[501.643s][info][gc,metaspace   ] GC(929) Metaspace: 14264K(15104K)->14264K(15104K) NonClass: 12323K(12800K)->12323K(12800K) Class: 1941K(2304K)->1941K(2304K)
[501.643s][info][gc             ] GC(929) Pause Young (Allocation Failure) 556M->10M(1979M) 43.830ms
[501.643s][info][gc,cpu         ] GC(929) User=0.05s Sys=0.00s Real=0.04s
[502.129s][info][gc,start       ] GC(930) Pause Young (Allocation Failure)
[502.188s][info][gc,heap        ] GC(930) DefNew: 560484K(629248K)->1128K(629248K) Eden: 559360K(559360K)->0K(559360K) From: 1124K(69888K)->1128K(69888K)
[502.188s][info][gc,heap        ] GC(930) Tenured: 9661K(1398144K)->9735K(1398144K)
[502.188s][info][gc,metaspace   ] GC(930) Metaspace: 14264K(15104K)->14264K(15104K) NonClass: 12323K(12800K)->12323K(12800K) Class: 1941K(2304K)->1941K(2304K)
[502.188s][info][gc             ] GC(930) Pause Young (Allocation Failure) 556M->10M(1979M) 58.764ms
[502.188s][info][gc,cpu         ] GC(930) User=0.06s Sys=0.00s Real=0.06s
[502.671s][info][gc,start       ] GC(931) Pause Young (Allocation Failure)
[502.730s][info][gc,heap        ] GC(931) DefNew: 560488K(629248K)->1129K(629248K) Eden: 559360K(559360K)->0K(559360K) From: 1128K(69888K)->1129K(69888K)
[502.730s][info][gc,heap        ] GC(931) Tenured: 9735K(1398144K)->9807K(1398144K)
[502.730s][info][gc,metaspace   ] GC(931) Metaspace: 14264K(15104K)->14264K(15104K) NonClass: 12323K(12800K)->12323K(12800K) Class: 1941K(2304K)->1941K(2304K)
[502.730s][info][gc             ] GC(931) Pause Young (Allocation Failure) 556M->10M(1979M) 59.046ms
[502.730s][info][gc,cpu         ] GC(931) User=0.05s Sys=0.00s Real=0.05s
[503.215s][info][gc,start       ] GC(932) Pause Young (Allocation Failure)
[503.275s][info][gc,heap        ] GC(932) DefNew: 560489K(629248K)->1131K(629248K) Eden: 559360K(559360K)->0K(559360K) From: 1129K(69888K)->1131K(69888K)
[503.275s][info][gc,heap        ] GC(932) Tenured: 9807K(1398144K)->9881K(1398144K)
[503.275s][info][gc,metaspace   ] GC(932) Metaspace: 14264K(15104K)->14264K(15104K) NonClass: 12323K(12800K)->12323K(12800K) Class: 1941K(2304K)->1941K(2304K)
[503.275s][info][gc             ] GC(932) Pause Young (Allocation Failure) 556M->10M(1979M) 60.678ms
[503.275s][info][gc,cpu         ] GC(932) User=0.06s Sys=0.00s Real=0.06s
[503.881s][info][gc,start       ] GC(933) Pause Young (Allocation Failure)
[503.945s][info][gc,heap        ] GC(933) DefNew: 560491K(629248K)->1126K(629248K) Eden: 559360K(559360K)->0K(559360K) From: 1131K(69888K)->1126K(69888K)
[503.945s][info][gc,heap        ] GC(933) Tenured: 9881K(1398144K)->9961K(1398144K)
[503.945s][info][gc,metaspace   ] GC(933) Metaspace: 14264K(15104K)->14264K(15104K) NonClass: 12323K(12800K)->12323K(12800K) Class: 1941K(2304K)->1941K(2304K)
[503.945s][info][gc             ] GC(933) Pause Young (Allocation Failure) 557M->10M(1979M) 63.946ms
[503.945s][info][gc,cpu         ] GC(933) User=0.06s Sys=0.00s Real=0.06s
[504.437s][info][gc,start       ] GC(934) Pause Young (Allocation Failure)
[504.492s][info][gc,heap        ] GC(934) DefNew: 560486K(629248K)->1126K(629248K) Eden: 559360K(559360K)->0K(559360K) From: 1126K(69888K)->1126K(69888K)
[504.492s][info][gc,heap        ] GC(934) Tenured: 9961K(1398144K)->10038K(1398144K)
[504.492s][info][gc,metaspace   ] GC(934) Metaspace: 14264K(15104K)->14264K(15104K) NonClass: 12323K(12800K)->12323K(12800K) Class: 1941K(2304K)->1941K(2304K)
[504.492s][info][gc             ] GC(934) Pause Young (Allocation Failure) 557M->10M(1979M) 54.760ms
[504.492s][info][gc,cpu         ] GC(934) User=0.05s Sys=0.00s Real=0.05s
[504.977s][info][gc,start       ] GC(935) Pause Young (Allocation Failure)
[505.033s][info][gc,heap        ] GC(935) DefNew: 560486K(629248K)->1128K(629248K) Eden: 559360K(559360K)->0K(559360K) From: 1126K(69888K)->1128K(69888K)
[505.033s][info][gc,heap        ] GC(935) Tenured: 10038K(1398144K)->10113K(1398144K)
[505.033s][info][gc,metaspace   ] GC(935) Metaspace: 14264K(15104K)->14264K(15104K) NonClass: 12323K(12800K)->12323K(12800K) Class: 1941K(2304K)->1941K(2304K)
[505.033s][info][gc             ] GC(935) Pause Young (Allocation Failure) 557M->10M(1979M) 55.303ms
[505.033s][info][gc,cpu         ] GC(935) User=0.06s Sys=0.00s Real=0.06s
[505.536s][info][gc,start       ] GC(936) Pause Young (Allocation Failure)
[505.592s][info][gc,heap        ] GC(936) DefNew: 560488K(629248K)->1138K(629248K) Eden: 559360K(559360K)->0K(559360K) From: 1128K(69888K)->1138K(69888K)
[505.592s][info][gc,heap        ] GC(936) Tenured: 10113K(1398144K)->10184K(1398144K)
[505.592s][info][gc,metaspace   ] GC(936) Metaspace: 14264K(15104K)->14264K(15104K) NonClass: 12323K(12800K)->12323K(12800K) Class: 1941K(2304K)->1941K(2304K)
[505.592s][info][gc             ] GC(936) Pause Young (Allocation Failure) 557M->11M(1979M) 56.327ms
[505.592s][info][gc,cpu         ] GC(936) User=0.05s Sys=0.00s Real=0.04s
[506.079s][info][gc,start       ] GC(937) Pause Young (Allocation Failure)
[506.137s][info][gc,heap        ] GC(937) DefNew: 560498K(629248K)->1134K(629248K) Eden: 559360K(559360K)->0K(559360K) From: 1138K(69888K)->1134K(69888K)
[506.137s][info][gc,heap        ] GC(937) Tenured: 10184K(1398144K)->10264K(1398144K)
[506.137s][info][gc,metaspace   ] GC(937) Metaspace: 14264K(15104K)->14264K(15104K) NonClass: 12323K(12800K)->12323K(12800K) Class: 1941K(2304K)->1941K(2304K)
[506.137s][info][gc             ] GC(937) Pause Young (Allocation Failure) 557M->11M(1979M) 58.305ms
[506.137s][info][gc,cpu         ] GC(937) User=0.05s Sys=0.00s Real=0.06s
[506.623s][info][gc,start       ] GC(938) Pause Young (Allocation Failure)
[506.683s][info][gc,heap        ] GC(938) DefNew: 560494K(629248K)->1138K(629248K) Eden: 559360K(559360K)->0K(559360K) From: 1134K(69888K)->1138K(69888K)
[506.683s][info][gc,heap        ] GC(938) Tenured: 10264K(1398144K)->10336K(1398144K)
[506.683s][info][gc,metaspace   ] GC(938) Metaspace: 14264K(15104K)->14264K(15104K) NonClass: 12323K(12800K)->12323K(12800K) Class: 1941K(2304K)->1941K(2304K)
[506.683s][info][gc             ] GC(938) Pause Young (Allocation Failure) 557M->11M(1979M) 60.026ms
[506.683s][info][gc,cpu         ] GC(938) User=0.05s Sys=0.00s Real=0.06s
[507.167s][info][gc,start       ] GC(939) Pause Young (Allocation Failure)
[507.229s][info][gc,heap        ] GC(939) DefNew: 560498K(629248K)->1137K(629248K) Eden: 559360K(559360K)->0K(559360K) From: 1138K(69888K)->1137K(69888K)
[507.229s][info][gc,heap        ] GC(939) Tenured: 10336K(1398144K)->10410K(1398144K)
[507.229s][info][gc,metaspace   ] GC(939) Metaspace: 14264K(15104K)->14264K(15104K) NonClass: 12323K(12800K)->12323K(12800K) Class: 1941K(2304K)->1941K(2304K)
[507.229s][info][gc             ] GC(939) Pause Young (Allocation Failure) 557M->11M(1979M) 61.366ms
[507.229s][info][gc,cpu         ] GC(939) User=0.06s Sys=0.00s Real=0.06s
[507.722s][info][gc,start       ] GC(940) Pause Young (Allocation Failure)
[507.781s][info][gc,heap        ] GC(940) DefNew: 560497K(629248K)->1137K(629248K) Eden: 559360K(559360K)->0K(559360K) From: 1137K(69888K)->1137K(69888K)
[507.781s][info][gc,heap        ] GC(940) Tenured: 10410K(1398144K)->10484K(1398144K)
[507.781s][info][gc,metaspace   ] GC(940) Metaspace: 14264K(15104K)->14264K(15104K) NonClass: 12323K(12800K)->12323K(12800K) Class: 1941K(2304K)->1941K(2304K)
[507.781s][info][gc             ] GC(940) Pause Young (Allocation Failure) 557M->11M(1979M) 58.907ms
[507.781s][info][gc,cpu         ] GC(940) User=0.06s Sys=0.00s Real=0.06s
[508.270s][info][gc,start       ] GC(941) Pause Young (Allocation Failure)
[508.317s][info][gc,heap        ] GC(941) DefNew: 560497K(629248K)->1139K(629248K) Eden: 559360K(559360K)->0K(559360K) From: 1137K(69888K)->1139K(69888K)
[508.317s][info][gc,heap        ] GC(941) Tenured: 10484K(1398144K)->10556K(1398144K)
[508.317s][info][gc,metaspace   ] GC(941) Metaspace: 14264K(15104K)->14264K(15104K) NonClass: 12323K(12800K)->12323K(12800K) Class: 1941K(2304K)->1941K(2304K)
[508.317s][info][gc             ] GC(941) Pause Young (Allocation Failure) 557M->11M(1979M) 46.698ms
[508.317s][info][gc,cpu         ] GC(941) User=0.05s Sys=0.00s Real=0.05s
[508.717s][info][gc,start       ] GC(942) Pause Young (Allocation Failure)
[508.762s][info][gc,heap        ] GC(942) DefNew: 560499K(629248K)->1132K(629248K) Eden: 559360K(559360K)->0K(559360K) From: 1139K(69888K)->1132K(69888K)
[508.762s][info][gc,heap        ] GC(942) Tenured: 10556K(1398144K)->10624K(1398144K)
[508.762s][info][gc,metaspace   ] GC(942) Metaspace: 14264K(15104K)->14264K(15104K) NonClass: 12323K(12800K)->12323K(12800K) Class: 1941K(2304K)->1941K(2304K)
[508.762s][info][gc             ] GC(942) Pause Young (Allocation Failure) 557M->11M(1979M) 44.690ms
[508.762s][info][gc,cpu         ] GC(942) User=0.03s Sys=0.00s Real=0.04s
[508.904s][info][gc,start       ] GC(943) Pause Full (System.gc())
[508.904s][info][gc,phases,start] GC(943) Phase 1: Mark live objects
[508.942s][info][gc,phases      ] GC(943) Phase 1: Mark live objects 38.156ms
[508.942s][info][gc,phases,start] GC(943) Phase 2: Compute new object addresses
[508.963s][info][gc,phases      ] GC(943) Phase 2: Compute new object addresses 21.230ms
[508.963s][info][gc,phases,start] GC(943) Phase 3: Adjust pointers
[508.987s][info][gc,phases      ] GC(943) Phase 3: Adjust pointers 23.930ms
[508.987s][info][gc,phases,start] GC(943) Phase 4: Move objects
[508.987s][info][gc,phases      ] GC(943) Phase 4: Move objects 0.012ms
[508.987s][info][gc,heap        ] GC(943) DefNew: 87116K(629248K)->0K(629248K) Eden: 85984K(559360K)->0K(559360K) From: 1132K(69888K)->0K(69888K)
[508.987s][info][gc,heap        ] GC(943) Tenured: 10624K(1398144K)->10624K(1398144K)
[508.987s][info][gc,metaspace   ] GC(943) Metaspace: 14264K(15104K)->14264K(15104K) NonClass: 12323K(12800K)->12323K(12800K) Class: 1941K(2304K)->1941K(2304K)
[508.987s][info][gc             ] GC(943) Pause Full (System.gc()) 95M->10M(1979M) 83.736ms
[508.987s][info][gc,cpu         ] GC(943) User=0.08s Sys=0.00s Real=0.08s
[509.404s][info][gc,start       ] GC(944) Pause Young (Allocation Failure)
[509.447s][info][gc,heap        ] GC(944) DefNew: 559360K(629248K)->1524K(629248K) Eden: 559360K(559360K)->0K(559360K) From: 0K(69888K)->1524K(69888K)
[509.447s][info][gc,heap        ] GC(944) Tenured: 10624K(1398144K)->10624K(1398144K)
[509.447s][info][gc,metaspace   ] GC(944) Metaspace: 14264K(15104K)->14264K(15104K) NonClass: 12323K(12800K)->12323K(12800K) Class: 1941K(2304K)->1941K(2304K)
[509.447s][info][gc             ] GC(944) Pause Young (Allocation Failure) 556M->11M(1979M) 43.162ms
[509.447s][info][gc,cpu         ] GC(944) User=0.03s Sys=0.00s Real=0.04s
[509.909s][info][gc,start       ] GC(945) Pause Young (Allocation Failure)
[509.967s][info][gc,heap        ] GC(945) DefNew: 560884K(629248K)->1596K(629248K) Eden: 559360K(559360K)->0K(559360K) From: 1524K(69888K)->1596K(69888K)
[509.967s][info][gc,heap        ] GC(945) Tenured: 10624K(1398144K)->10624K(1398144K)
[509.967s][info][gc,metaspace   ] GC(945) Metaspace: 14264K(15104K)->14264K(15104K) NonClass: 12323K(12800K)->12323K(12800K) Class: 1941K(2304K)->1941K(2304K)
[509.967s][info][gc             ] GC(945) Pause Young (Allocation Failure) 558M->11M(1979M) 58.350ms
[509.967s][info][gc,cpu         ] GC(945) User=0.05s Sys=0.00s Real=0.05s
[510.493s][info][gc,start       ] GC(946) Pause Young (Allocation Failure)
[510.556s][info][gc,heap        ] GC(946) DefNew: 560956K(629248K)->1672K(629248K) Eden: 559360K(559360K)->0K(559360K) From: 1596K(69888K)->1672K(69888K)
[510.556s][info][gc,heap        ] GC(946) Tenured: 10624K(1398144K)->10624K(1398144K)
[510.556s][info][gc,metaspace   ] GC(946) Metaspace: 14264K(15104K)->14264K(15104K) NonClass: 12323K(12800K)->12323K(12800K) Class: 1941K(2304K)->1941K(2304K)
[510.556s][info][gc             ] GC(946) Pause Young (Allocation Failure) 558M->12M(1979M) 62.312ms
[510.556s][info][gc,cpu         ] GC(946) User=0.05s Sys=0.00s Real=0.05s
[511.048s][info][gc,start       ] GC(947) Pause Young (Allocation Failure)
[511.091s][info][gc,heap        ] GC(947) DefNew: 561032K(629248K)->1746K(629248K) Eden: 559360K(559360K)->0K(559360K) From: 1672K(69888K)->1746K(69888K)
[511.091s][info][gc,heap        ] GC(947) Tenured: 10624K(1398144K)->10624K(1398144K)
[511.091s][info][gc,metaspace   ] GC(947) Metaspace: 14264K(15104K)->14264K(15104K) NonClass: 12323K(12800K)->12323K(12800K) Class: 1941K(2304K)->1941K(2304K)
[511.091s][info][gc             ] GC(947) Pause Young (Allocation Failure) 558M->12M(1979M) 42.336ms
[511.091s][info][gc,cpu         ] GC(947) User=0.05s Sys=0.00s Real=0.04s
[511.575s][info][gc,start       ] GC(948) Pause Young (Allocation Failure)
[511.618s][info][gc,heap        ] GC(948) DefNew: 561106K(629248K)->1819K(629248K) Eden: 559360K(559360K)->0K(559360K) From: 1746K(69888K)->1819K(69888K)
[511.618s][info][gc,heap        ] GC(948) Tenured: 10624K(1398144K)->10624K(1398144K)
[511.618s][info][gc,metaspace   ] GC(948) Metaspace: 14264K(15104K)->14264K(15104K) NonClass: 12323K(12800K)->12323K(12800K) Class: 1941K(2304K)->1941K(2304K)
[511.618s][info][gc             ] GC(948) Pause Young (Allocation Failure) 558M->12M(1979M) 42.702ms
[511.618s][info][gc,cpu         ] GC(948) User=0.05s Sys=0.00s Real=0.04s
[512.114s][info][gc,start       ] GC(949) Pause Young (Allocation Failure)
[512.169s][info][gc,heap        ] GC(949) DefNew: 561179K(629248K)->1899K(629248K) Eden: 559360K(559360K)->0K(559360K) From: 1819K(69888K)->1899K(69888K)
[512.169s][info][gc,heap        ] GC(949) Tenured: 10624K(1398144K)->10624K(1398144K)
[512.169s][info][gc,metaspace   ] GC(949) Metaspace: 14264K(15104K)->14264K(15104K) NonClass: 12323K(12800K)->12323K(12800K) Class: 1941K(2304K)->1941K(2304K)
[512.169s][info][gc             ] GC(949) Pause Young (Allocation Failure) 558M->12M(1979M) 55.039ms
[512.169s][info][gc,cpu         ] GC(949) User=0.05s Sys=0.00s Real=0.05s
[512.668s][info][gc,start       ] GC(950) Pause Young (Allocation Failure)
[512.726s][info][gc,heap        ] GC(950) DefNew: 561259K(629248K)->1973K(629248K) Eden: 559360K(559360K)->0K(559360K) From: 1899K(69888K)->1973K(69888K)
[512.726s][info][gc,heap        ] GC(950) Tenured: 10624K(1398144K)->10624K(1398144K)
[512.726s][info][gc,metaspace   ] GC(950) Metaspace: 14264K(15104K)->14264K(15104K) NonClass: 12323K(12800K)->12323K(12800K) Class: 1941K(2304K)->1941K(2304K)
[512.727s][info][gc             ] GC(950) Pause Young (Allocation Failure) 558M->12M(1979M) 58.066ms
[512.727s][info][gc,cpu         ] GC(950) User=0.05s Sys=0.00s Real=0.06s
[513.223s][info][gc,start       ] GC(951) Pause Young (Allocation Failure)
[513.281s][info][gc,heap        ] GC(951) DefNew: 561333K(629248K)->2052K(629248K) Eden: 559360K(559360K)->0K(559360K) From: 1973K(69888K)->2052K(69888K)
[513.281s][info][gc,heap        ] GC(951) Tenured: 10624K(1398144K)->10624K(1398144K)
[513.281s][info][gc,metaspace   ] GC(951) Metaspace: 14264K(15104K)->14264K(15104K) NonClass: 12323K(12800K)->12323K(12800K) Class: 1941K(2304K)->1941K(2304K)
[513.281s][info][gc             ] GC(951) Pause Young (Allocation Failure) 558M->12M(1979M) 58.055ms
[513.281s][info][gc,cpu         ] GC(951) User=0.06s Sys=0.00s Real=0.06s
[513.778s][info][gc,start       ] GC(952) Pause Young (Allocation Failure)
[513.824s][info][gc,heap        ] GC(952) DefNew: 561412K(629248K)->2128K(629248K) Eden: 559360K(559360K)->0K(559360K) From: 2052K(69888K)->2128K(69888K)
[513.846s][info][gc,heap        ] GC(952) Tenured: 10624K(1398144K)->10624K(1398144K)
[513.846s][info][gc,metaspace   ] GC(952) Metaspace: 14264K(15104K)->14264K(15104K) NonClass: 12323K(12800K)->12323K(12800K) Class: 1941K(2304K)->1941K(2304K)
[513.846s][info][gc             ] GC(952) Pause Young (Allocation Failure) 558M->12M(1979M) 68.364ms
[513.846s][info][gc,cpu         ] GC(952) User=0.05s Sys=0.00s Real=0.05s
[514.365s][info][gc,start       ] GC(953) Pause Young (Allocation Failure)
[514.412s][info][gc,heap        ] GC(953) DefNew: 561488K(629248K)->2206K(629248K) Eden: 559360K(559360K)->0K(559360K) From: 2128K(69888K)->2206K(69888K)
[514.412s][info][gc,heap        ] GC(953) Tenured: 10624K(1398144K)->10624K(1398144K)
[514.412s][info][gc,metaspace   ] GC(953) Metaspace: 14264K(15104K)->14264K(15104K) NonClass: 12323K(12800K)->12323K(12800K) Class: 1941K(2304K)->1941K(2304K)
[514.412s][info][gc             ] GC(953) Pause Young (Allocation Failure) 558M->12M(1979M) 46.757ms
[514.412s][info][gc,cpu         ] GC(953) User=0.03s Sys=0.00s Real=0.03s
[514.912s][info][gc,start       ] GC(954) Pause Young (Allocation Failure)
[514.968s][info][gc,heap        ] GC(954) DefNew: 561566K(629248K)->2285K(629248K) Eden: 559360K(559360K)->0K(559360K) From: 2206K(69888K)->2285K(69888K)
[514.968s][info][gc,heap        ] GC(954) Tenured: 10624K(1398144K)->10624K(1398144K)
[514.968s][info][gc,metaspace   ] GC(954) Metaspace: 14264K(15104K)->14264K(15104K) NonClass: 12323K(12800K)->12323K(12800K) Class: 1941K(2304K)->1941K(2304K)
[514.968s][info][gc             ] GC(954) Pause Young (Allocation Failure) 558M->12M(1979M) 55.856ms
[514.968s][info][gc,cpu         ] GC(954) User=0.05s Sys=0.00s Real=0.05s
[515.478s][info][gc,start       ] GC(955) Pause Young (Allocation Failure)
[515.530s][info][gc,heap        ] GC(955) DefNew: 561645K(629248K)->2365K(629248K) Eden: 559360K(559360K)->0K(559360K) From: 2285K(69888K)->2365K(69888K)
[515.530s][info][gc,heap        ] GC(955) Tenured: 10624K(1398144K)->10624K(1398144K)
[515.530s][info][gc,metaspace   ] GC(955) Metaspace: 14264K(15104K)->14264K(15104K) NonClass: 12323K(12800K)->12323K(12800K) Class: 1941K(2304K)->1941K(2304K)
[515.530s][info][gc             ] GC(955) Pause Young (Allocation Failure) 558M->12M(1979M) 52.486ms
[515.530s][info][gc,cpu         ] GC(955) User=0.05s Sys=0.02s Real=0.05s
[516.025s][info][gc,start       ] GC(956) Pause Young (Allocation Failure)
[516.069s][info][gc,heap        ] GC(956) DefNew: 561725K(629248K)->2443K(629248K) Eden: 559360K(559360K)->0K(559360K) From: 2365K(69888K)->2443K(69888K)
[516.069s][info][gc,heap        ] GC(956) Tenured: 10624K(1398144K)->10624K(1398144K)
[516.069s][info][gc,metaspace   ] GC(956) Metaspace: 14264K(15104K)->14264K(15104K) NonClass: 12323K(12800K)->12323K(12800K) Class: 1941K(2304K)->1941K(2304K)
[516.069s][info][gc             ] GC(956) Pause Young (Allocation Failure) 558M->12M(1979M) 43.461ms
[516.069s][info][gc,cpu         ] GC(956) User=0.05s Sys=0.00s Real=0.04s
[516.572s][info][gc,start       ] GC(957) Pause Young (Allocation Failure)
[516.632s][info][gc,heap        ] GC(957) DefNew: 561803K(629248K)->2523K(629248K) Eden: 559360K(559360K)->0K(559360K) From: 2443K(69888K)->2523K(69888K)
[516.632s][info][gc,heap        ] GC(957) Tenured: 10624K(1398144K)->10624K(1398144K)
[516.632s][info][gc,metaspace   ] GC(957) Metaspace: 14264K(15104K)->14264K(15104K) NonClass: 12323K(12800K)->12323K(12800K) Class: 1941K(2304K)->1941K(2304K)
[516.632s][info][gc             ] GC(957) Pause Young (Allocation Failure) 559M->12M(1979M) 59.483ms
[516.632s][info][gc,cpu         ] GC(957) User=0.05s Sys=0.00s Real=0.05s
[517.128s][info][gc,start       ] GC(958) Pause Young (Allocation Failure)
[517.188s][info][gc,heap        ] GC(958) DefNew: 561883K(629248K)->2600K(629248K) Eden: 559360K(559360K)->0K(559360K) From: 2523K(69888K)->2600K(69888K)
[517.188s][info][gc,heap        ] GC(958) Tenured: 10624K(1398144K)->10624K(1398144K)
[517.188s][info][gc,metaspace   ] GC(958) Metaspace: 14264K(15104K)->14264K(15104K) NonClass: 12323K(12800K)->12323K(12800K) Class: 1941K(2304K)->1941K(2304K)
[517.188s][info][gc             ] GC(958) Pause Young (Allocation Failure) 559M->12M(1979M) 59.580ms
[517.188s][info][gc,cpu         ] GC(958) User=0.06s Sys=0.00s Real=0.06s
[517.648s][info][gc,start       ] GC(959) Pause Young (Allocation Failure)
[517.708s][info][gc,heap        ] GC(959) DefNew: 561960K(629248K)->1156K(629248K) Eden: 559360K(559360K)->0K(559360K) From: 2600K(69888K)->1156K(69888K)
[517.708s][info][gc,heap        ] GC(959) Tenured: 10624K(1398144K)->12140K(1398144K)
[517.708s][info][gc,metaspace   ] GC(959) Metaspace: 14264K(15104K)->14264K(15104K) NonClass: 12323K(12800K)->12323K(12800K) Class: 1941K(2304K)->1941K(2304K)
[517.708s][info][gc             ] GC(959) Pause Young (Allocation Failure) 559M->12M(1979M) 59.377ms
[517.708s][info][gc,cpu         ] GC(959) User=0.06s Sys=0.00s Real=0.06s
[518.213s][info][gc,start       ] GC(960) Pause Young (Allocation Failure)
[518.276s][info][gc,heap        ] GC(960) DefNew: 560516K(629248K)->1167K(629248K) Eden: 559360K(559360K)->0K(559360K) From: 1156K(69888K)->1167K(69888K)
[518.276s][info][gc,heap        ] GC(960) Tenured: 12140K(1398144K)->12211K(1398144K)
[518.276s][info][gc,metaspace   ] GC(960) Metaspace: 14264K(15104K)->14264K(15104K) NonClass: 12323K(12800K)->12323K(12800K) Class: 1941K(2304K)->1941K(2304K)
[518.276s][info][gc             ] GC(960) Pause Young (Allocation Failure) 559M->13M(1979M) 62.301ms
[518.276s][info][gc,cpu         ] GC(960) User=0.05s Sys=0.00s Real=0.05s
[518.787s][info][gc,start       ] GC(961) Pause Young (Allocation Failure)
[518.843s][info][gc,heap        ] GC(961) DefNew: 560527K(629248K)->1171K(629248K) Eden: 559360K(559360K)->0K(559360K) From: 1167K(69888K)->1171K(69888K)
[518.843s][info][gc,heap        ] GC(961) Tenured: 12211K(1398144K)->12287K(1398144K)
[518.843s][info][gc,metaspace   ] GC(961) Metaspace: 14264K(15104K)->14264K(15104K) NonClass: 12323K(12800K)->12323K(12800K) Class: 1941K(2304K)->1941K(2304K)
[518.843s][info][gc             ] GC(961) Pause Young (Allocation Failure) 559M->13M(1979M) 56.441ms
[518.843s][info][gc,cpu         ] GC(961) User=0.06s Sys=0.00s Real=0.06s
[519.364s][info][gc,start       ] GC(962) Pause Young (Allocation Failure)
[519.418s][info][gc,heap        ] GC(962) DefNew: 560531K(629248K)->1175K(629248K) Eden: 559360K(559360K)->0K(559360K) From: 1171K(69888K)->1175K(69888K)
[519.418s][info][gc,heap        ] GC(962) Tenured: 12287K(1398144K)->12361K(1398144K)
[519.418s][info][gc,metaspace   ] GC(962) Metaspace: 14264K(15104K)->14264K(15104K) NonClass: 12323K(12800K)->12323K(12800K) Class: 1941K(2304K)->1941K(2304K)
[519.418s][info][gc             ] GC(962) Pause Young (Allocation Failure) 559M->13M(1979M) 54.938ms
[519.418s][info][gc,cpu         ] GC(962) User=0.05s Sys=0.00s Real=0.05s
[519.919s][info][gc,start       ] GC(963) Pause Young (Allocation Failure)
[519.976s][info][gc,heap        ] GC(963) DefNew: 560535K(629248K)->1181K(629248K) Eden: 559360K(559360K)->0K(559360K) From: 1175K(69888K)->1181K(69888K)
[519.976s][info][gc,heap        ] GC(963) Tenured: 12361K(1398144K)->12435K(1398144K)
[519.976s][info][gc,metaspace   ] GC(963) Metaspace: 14264K(15104K)->14264K(15104K) NonClass: 12323K(12800K)->12323K(12800K) Class: 1941K(2304K)->1941K(2304K)
[519.976s][info][gc             ] GC(963) Pause Young (Allocation Failure) 559M->13M(1979M) 56.732ms
[519.976s][info][gc,cpu         ] GC(963) User=0.05s Sys=0.00s Real=0.06s
[520.478s][info][gc,start       ] GC(964) Pause Young (Allocation Failure)
[520.537s][info][gc,heap        ] GC(964) DefNew: 560541K(629248K)->1176K(629248K) Eden: 559360K(559360K)->0K(559360K) From: 1181K(69888K)->1176K(69888K)
[520.537s][info][gc,heap        ] GC(964) Tenured: 12435K(1398144K)->12512K(1398144K)
[520.537s][info][gc,metaspace   ] GC(964) Metaspace: 14264K(15104K)->14264K(15104K) NonClass: 12323K(12800K)->12323K(12800K) Class: 1941K(2304K)->1941K(2304K)
[520.537s][info][gc             ] GC(964) Pause Young (Allocation Failure) 559M->13M(1979M) 58.381ms
[520.537s][info][gc,cpu         ] GC(964) User=0.05s Sys=0.00s Real=0.05s
[521.042s][info][gc,start       ] GC(965) Pause Young (Allocation Failure)
[521.101s][info][gc,heap        ] GC(965) DefNew: 560536K(629248K)->1176K(629248K) Eden: 559360K(559360K)->0K(559360K) From: 1176K(69888K)->1176K(69888K)
[521.101s][info][gc,heap        ] GC(965) Tenured: 12512K(1398144K)->12589K(1398144K)
[521.101s][info][gc,metaspace   ] GC(965) Metaspace: 14264K(15104K)->14264K(15104K) NonClass: 12323K(12800K)->12323K(12800K) Class: 1941K(2304K)->1941K(2304K)
[521.101s][info][gc             ] GC(965) Pause Young (Allocation Failure) 559M->13M(1979M) 59.134ms
[521.101s][info][gc,cpu         ] GC(965) User=0.06s Sys=0.00s Real=0.05s
[521.603s][info][gc,start       ] GC(966) Pause Young (Allocation Failure)
[521.662s][info][gc,heap        ] GC(966) DefNew: 560536K(629248K)->1174K(629248K) Eden: 559360K(559360K)->0K(559360K) From: 1176K(69888K)->1174K(69888K)
[521.662s][info][gc,heap        ] GC(966) Tenured: 12589K(1398144K)->12666K(1398144K)
[521.662s][info][gc,metaspace   ] GC(966) Metaspace: 14264K(15104K)->14264K(15104K) NonClass: 12323K(12800K)->12323K(12800K) Class: 1941K(2304K)->1941K(2304K)
[521.663s][info][gc             ] GC(966) Pause Young (Allocation Failure) 559M->13M(1979M) 59.886ms
[521.663s][info][gc,cpu         ] GC(966) User=0.05s Sys=0.00s Real=0.05s
[522.165s][info][gc,start       ] GC(967) Pause Young (Allocation Failure)
[522.209s][info][gc,heap        ] GC(967) DefNew: 560534K(629248K)->1173K(629248K) Eden: 559360K(559360K)->0K(559360K) From: 1174K(69888K)->1173K(69888K)
[522.209s][info][gc,heap        ] GC(967) Tenured: 12666K(1398144K)->12743K(1398144K)
[522.209s][info][gc,metaspace   ] GC(967) Metaspace: 14264K(15104K)->14264K(15104K) NonClass: 12323K(12800K)->12323K(12800K) Class: 1941K(2304K)->1941K(2304K)
[522.209s][info][gc             ] GC(967) Pause Young (Allocation Failure) 559M->13M(1979M) 44.231ms
[522.209s][info][gc,cpu         ] GC(967) User=0.05s Sys=0.00s Real=0.04s
[522.717s][info][gc,start       ] GC(968) Pause Young (Allocation Failure)
[522.763s][info][gc,heap        ] GC(968) DefNew: 560533K(629248K)->1173K(629248K) Eden: 559360K(559360K)->0K(559360K) From: 1173K(69888K)->1173K(69888K)
[522.763s][info][gc,heap        ] GC(968) Tenured: 12743K(1398144K)->12821K(1398144K)
[522.763s][info][gc,metaspace   ] GC(968) Metaspace: 14264K(15104K)->14264K(15104K) NonClass: 12323K(12800K)->12323K(12800K) Class: 1941K(2304K)->1941K(2304K)
[522.763s][info][gc             ] GC(968) Pause Young (Allocation Failure) 559M->13M(1979M) 46.217ms
[522.763s][info][gc,cpu         ] GC(968) User=0.05s Sys=0.00s Real=0.05s
[523.284s][info][gc,start       ] GC(969) Pause Young (Allocation Failure)
[523.339s][info][gc,heap        ] GC(969) DefNew: 560533K(629248K)->1178K(629248K) Eden: 559360K(559360K)->0K(559360K) From: 1173K(69888K)->1178K(69888K)
[523.339s][info][gc,heap        ] GC(969) Tenured: 12821K(1398144K)->12898K(1398144K)
[523.339s][info][gc,metaspace   ] GC(969) Metaspace: 14264K(15104K)->14264K(15104K) NonClass: 12323K(12800K)->12323K(12800K) Class: 1941K(2304K)->1941K(2304K)
[523.339s][info][gc             ] GC(969) Pause Young (Allocation Failure) 559M->13M(1979M) 54.982ms
[523.339s][info][gc,cpu         ] GC(969) User=0.05s Sys=0.00s Real=0.05s
[523.839s][info][gc,start       ] GC(970) Pause Young (Allocation Failure)
[523.897s][info][gc,heap        ] GC(970) DefNew: 560538K(629248K)->1171K(629248K) Eden: 559360K(559360K)->0K(559360K) From: 1178K(69888K)->1171K(69888K)
[523.897s][info][gc,heap        ] GC(970) Tenured: 12898K(1398144K)->12979K(1398144K)
[523.897s][info][gc,metaspace   ] GC(970) Metaspace: 14264K(15104K)->14264K(15104K) NonClass: 12323K(12800K)->12323K(12800K) Class: 1941K(2304K)->1941K(2304K)
[523.897s][info][gc             ] GC(970) Pause Young (Allocation Failure) 559M->13M(1979M) 57.864ms
[523.897s][info][gc,cpu         ] GC(970) User=0.05s Sys=0.00s Real=0.05s
[524.400s][info][gc,start       ] GC(971) Pause Young (Allocation Failure)
[524.462s][info][gc,heap        ] GC(971) DefNew: 560531K(629248K)->1169K(629248K) Eden: 559360K(559360K)->0K(559360K) From: 1171K(69888K)->1169K(69888K)
[524.462s][info][gc,heap        ] GC(971) Tenured: 12979K(1398144K)->13056K(1398144K)
[524.462s][info][gc,metaspace   ] GC(971) Metaspace: 14264K(15104K)->14264K(15104K) NonClass: 12323K(12800K)->12323K(12800K) Class: 1941K(2304K)->1941K(2304K)
[524.462s][info][gc             ] GC(971) Pause Young (Allocation Failure) 560M->13M(1979M) 61.551ms
[524.462s][info][gc,cpu         ] GC(971) User=0.06s Sys=0.00s Real=0.05s
[524.967s][info][gc,start       ] GC(972) Pause Young (Allocation Failure)
[525.029s][info][gc,heap        ] GC(972) DefNew: 560529K(629248K)->1165K(629248K) Eden: 559360K(559360K)->0K(559360K) From: 1169K(69888K)->1165K(69888K)
[525.029s][info][gc,heap        ] GC(972) Tenured: 13056K(1398144K)->13136K(1398144K)
[525.029s][info][gc,metaspace   ] GC(972) Metaspace: 14264K(15104K)->14264K(15104K) NonClass: 12323K(12800K)->12323K(12800K) Class: 1941K(2304K)->1941K(2304K)
[525.029s][info][gc             ] GC(972) Pause Young (Allocation Failure) 560M->13M(1979M) 61.512ms
[525.029s][info][gc,cpu         ] GC(972) User=0.05s Sys=0.00s Real=0.05s
[525.503s][info][gc,start       ] GC(973) Pause Young (Allocation Failure)
[525.575s][info][gc,heap        ] GC(973) DefNew: 560525K(629248K)->1157K(629248K) Eden: 559360K(559360K)->0K(559360K) From: 1165K(69888K)->1157K(69888K)
[525.576s][info][gc,heap        ] GC(973) Tenured: 13136K(1398144K)->13214K(1398144K)
[525.576s][info][gc,metaspace   ] GC(973) Metaspace: 14264K(15104K)->14264K(15104K) NonClass: 12323K(12800K)->12323K(12800K) Class: 1941K(2304K)->1941K(2304K)
[525.576s][info][gc             ] GC(973) Pause Young (Allocation Failure) 560M->14M(1979M) 72.161ms
[525.576s][info][gc,cpu         ] GC(973) User=0.06s Sys=0.00s Real=0.07s
[526.504s][info][gc,heap,exit   ] Heap
[526.504s][info][gc,heap,exit   ]  def new generation   total 629248K, used 450109K [0x0000000080200000, 0x00000000aacc0000, 0x0000000300150000)
[526.505s][info][gc,heap,exit   ]   eden space 559360K,  80% used [0x0000000080200000, 0x000000009b86e0a8, 0x00000000a2440000)
[526.505s][info][gc,heap,exit   ]   from space 69888K,   1% used [0x00000000a2440000, 0x00000000a2561470, 0x00000000a6880000)
[526.505s][info][gc,heap,exit   ]   to   space 69888K,   0% used [0x00000000a6880000, 0x00000000a6880000, 0x00000000aacc0000)
[526.505s][info][gc,heap,exit   ]  tenured generation   total 1398144K, used 13214K [0x0000000300150000, 0x00000003556b0000, 0x0000000800000000)
[526.505s][info][gc,heap,exit   ]    the space 1398144K,   0% used [0x0000000300150000, 0x0000000300e37a78, 0x0000000300e37c00, 0x00000003556b0000)
[526.505s][info][gc,heap,exit   ]  Metaspace       used 14324K, committed 15168K, reserved 1114112K
[526.505s][info][gc,heap,exit   ]   class space    used 1950K, committed 2304K, reserved 1048576K
