[0.017s][info][gc,init] Initializing The Z Garbage Collector
[0.017s][info][gc,init] Version: 20+36-2344 (release)
[0.017s][info][gc,init] NUMA Support: Disabled
[0.017s][info][gc,init] CPUs: 48 total, 48 available
[0.018s][info][gc,init] Memory: 391843M
[0.018s][info][gc,init] Large Page Support: Disabled
[0.018s][info][gc,init] GC Workers: 12 (dynamic)
[0.019s][info][gc,init] Address Space Type: Contiguous/Unrestricted/Complete
[0.019s][info][gc,init] Address Space Size: 491488M x 3 = 1474464M
[0.019s][info][gc,init] Min Capacity: 8M
[0.020s][info][gc,init] Initial Capacity: 2048M
[0.020s][info][gc,init] Max Capacity: 30718M
[0.020s][info][gc,init] Medium Page Size: 32M
[0.020s][info][gc,init] Pre-touch: Disabled
[0.020s][info][gc,init] Uncommit: Enabled
[0.020s][info][gc,init] Uncommit Delay: 300s
[0.092s][info][gc,init] Runtime Workers: 29
[0.094s][info][gc     ] Using The Z Garbage Collector
[0.095s][info][gc,metaspace] CDS archive(s) mapped at: [0x0000000800000000-0x0000000800c60000-0x0000000800c60000), size 12976128, SharedBaseAddress: 0x0000000800000000, ArchiveRelocationMode: 0.
[0.095s][info][gc,metaspace] Compressed class space mapped at: 0x0000000801000000-0x0000000841000000, reserved size: 1073741824
[0.095s][info][gc,metaspace] Narrow klass base: 0x0000000800000000, Narrow klass shift: 0, Narrow klass range: 0x100000000
[1.157s][info][gc,start    ] GC(0) Garbage Collection (System.gc())
[1.157s][info][gc,task     ] GC(0) Using 12 workers
[1.157s][info][gc,phases   ] GC(0) Pause Mark Start 0.016ms
[1.167s][info][gc,phases   ] GC(0) Concurrent Mark 10.257ms
[1.168s][info][gc,phases   ] GC(0) Pause Mark End 0.030ms
[1.168s][info][gc,phases   ] GC(0) Concurrent Mark Free 0.001ms
[1.169s][info][gc,phases   ] GC(0) Concurrent Process Non-Strong References 1.021ms
[1.169s][info][gc,phases   ] GC(0) Concurrent Reset Relocation Set 0.001ms
[1.184s][info][gc,phases   ] GC(0) Concurrent Select Relocation Set 15.100ms
[1.184s][info][gc,phases   ] GC(0) Pause Relocate Start 0.009ms
[1.188s][info][gc,phases   ] GC(0) Concurrent Relocate 3.743ms
[1.188s][info][gc,load     ] GC(0) Load: 0.00/0.00/0.00
[1.188s][info][gc,mmu      ] GC(0) MMU: 2ms/98.5%, 5ms/99.4%, 10ms/99.7%, 20ms/99.8%, 50ms/99.9%, 100ms/99.9%
[1.188s][info][gc,marking  ] GC(0) Mark: 8 stripe(s), 1 proactive flush(es), 1 terminate flush(es), 0 completion(s), 0 continuation(s) 
[1.188s][info][gc,marking  ] GC(0) Mark Stack Usage: 32M
[1.188s][info][gc,nmethod  ] GC(0) NMethods: 1067 registered, 119 unregistered
[1.188s][info][gc,metaspace] GC(0) Metaspace: 8M used, 8M committed, 1088M reserved
[1.188s][info][gc,ref      ] GC(0) Soft: 164 encountered, 0 discovered, 0 enqueued
[1.188s][info][gc,ref      ] GC(0) Weak: 749 encountered, 463 discovered, 256 enqueued
[1.188s][info][gc,ref      ] GC(0) Final: 0 encountered, 0 discovered, 0 enqueued
[1.188s][info][gc,ref      ] GC(0) Phantom: 209 encountered, 204 discovered, 188 enqueued
[1.188s][info][gc,reloc    ] GC(0) Small Pages: 19 / 38M, Empty: 0M, Relocated: 2M, In-Place: 0
[1.188s][info][gc,reloc    ] GC(0) Medium Pages: 0 / 0M, Empty: 0M, Relocated: 0M, In-Place: 0
[1.188s][info][gc,reloc    ] GC(0) Large Pages: 0 / 0M, Empty: 0M, Relocated: 0M, In-Place: 0
[1.188s][info][gc,reloc    ] GC(0) Forwarding Usage: 1M
[1.188s][info][gc,heap     ] GC(0) Min Capacity: 8M(0%)
[1.188s][info][gc,heap     ] GC(0) Max Capacity: 30718M(100%)
[1.188s][info][gc,heap     ] GC(0) Soft Max Capacity: 30718M(100%)
[1.188s][info][gc,heap     ] GC(0)                Mark Start          Mark End        Relocate Start      Relocate End           High               Low         
[1.188s][info][gc,heap     ] GC(0)  Capacity:     2048M (7%)         2048M (7%)         2048M (7%)         2048M (7%)         2048M (7%)         2048M (7%)     
[1.188s][info][gc,heap     ] GC(0)      Free:    30680M (100%)      30680M (100%)      30676M (100%)      30688M (100%)      30688M (100%)      30660M (100%)   
[1.188s][info][gc,heap     ] GC(0)      Used:       38M (0%)           38M (0%)           42M (0%)           30M (0%)           58M (0%)           30M (0%)     
[1.188s][info][gc,heap     ] GC(0)      Live:         -                 4M (0%)            4M (0%)            4M (0%)             -                  -          
[1.188s][info][gc,heap     ] GC(0) Allocated:         -                 0M (0%)            4M (0%)            4M (0%)             -                  -          
[1.188s][info][gc,heap     ] GC(0)   Garbage:         -                33M (0%)           33M (0%)           21M (0%)             -                  -          
[1.188s][info][gc,heap     ] GC(0) Reclaimed:         -                  -                 0M (0%)           12M (0%)             -                  -          
[1.188s][info][gc          ] GC(0) Garbage Collection (System.gc()) 38M(0%)->30M(0%)
[4.316s][info][gc,start    ] GC(1) Garbage Collection (Warmup)
[4.316s][info][gc,task     ] GC(1) Using 12 workers
[4.317s][info][gc,phases   ] GC(1) Pause Mark Start 0.011ms
[4.366s][info][gc,phases   ] GC(1) Concurrent Mark 48.286ms
[4.366s][info][gc,phases   ] GC(1) Pause Mark End 0.020ms
[4.366s][info][gc,phases   ] GC(1) Concurrent Mark Free 0.001ms
[4.409s][info][gc,phases   ] GC(1) Concurrent Process Non-Strong References 43.378ms
[4.409s][info][gc,phases   ] GC(1) Concurrent Reset Relocation Set 0.002ms
[4.427s][info][gc,phases   ] GC(1) Concurrent Select Relocation Set 17.171ms
[4.442s][info][gc,phases   ] GC(1) Pause Relocate Start 0.021ms
[4.447s][info][gc,phases   ] GC(1) Concurrent Relocate 4.079ms
[4.447s][info][gc,load     ] GC(1) Load: 0.00/0.00/0.00
[4.447s][info][gc,mmu      ] GC(1) MMU: 2ms/98.5%, 5ms/99.4%, 10ms/99.7%, 20ms/99.8%, 50ms/99.9%, 100ms/99.9%
[4.447s][info][gc,marking  ] GC(1) Mark: 8 stripe(s), 2 proactive flush(es), 1 terminate flush(es), 0 completion(s), 0 continuation(s) 
[4.447s][info][gc,marking  ] GC(1) Mark Stack Usage: 32M
[4.447s][info][gc,nmethod  ] GC(1) NMethods: 2113 registered, 499 unregistered
[4.447s][info][gc,metaspace] GC(1) Metaspace: 13M used, 14M committed, 1088M reserved
[4.447s][info][gc,ref      ] GC(1) Soft: 210 encountered, 0 discovered, 0 enqueued
[4.447s][info][gc,ref      ] GC(1) Weak: 859 encountered, 255 discovered, 141 enqueued
[4.447s][info][gc,ref      ] GC(1) Final: 0 encountered, 0 discovered, 0 enqueued
[4.447s][info][gc,ref      ] GC(1) Phantom: 224 encountered, 195 discovered, 165 enqueued
[4.447s][info][gc,reloc    ] GC(1) Small Pages: 1590 / 3180M, Empty: 2888M, Relocated: 6M, In-Place: 0
[4.447s][info][gc,reloc    ] GC(1) Medium Pages: 0 / 0M, Empty: 0M, Relocated: 0M, In-Place: 0
[4.447s][info][gc,reloc    ] GC(1) Large Pages: 0 / 0M, Empty: 0M, Relocated: 0M, In-Place: 0
[4.447s][info][gc,reloc    ] GC(1) Forwarding Usage: 1M
[4.447s][info][gc,heap     ] GC(1) Min Capacity: 8M(0%)
[4.447s][info][gc,heap     ] GC(1) Max Capacity: 30718M(100%)
[4.447s][info][gc,heap     ] GC(1) Soft Max Capacity: 30718M(100%)
[4.447s][info][gc,heap     ] GC(1)                Mark Start          Mark End        Relocate Start      Relocate End           High               Low         
[4.447s][info][gc,heap     ] GC(1)  Capacity:     3180M (10%)        3276M (11%)        3338M (11%)        3338M (11%)        3338M (11%)        3180M (10%)    
[4.447s][info][gc,heap     ] GC(1)      Free:    27538M (90%)       27452M (89%)       30240M (98%)       30498M (99%)       30498M (99%)       27380M (89%)    
[4.447s][info][gc,heap     ] GC(1)      Used:     3180M (10%)        3266M (11%)         478M (2%)          220M (1%)         3338M (11%)         220M (1%)     
[4.447s][info][gc,heap     ] GC(1)      Live:         -                 8M (0%)            8M (0%)            8M (0%)             -                  -          
[4.447s][info][gc,heap     ] GC(1) Allocated:         -                86M (0%)          186M (1%)          191M (1%)             -                  -          
[4.447s][info][gc,heap     ] GC(1)   Garbage:         -              3171M (10%)         283M (1%)           19M (0%)             -                  -          
[4.447s][info][gc,heap     ] GC(1) Reclaimed:         -                  -              2888M (9%)         3151M (10%)            -                  -          
[4.448s][info][gc          ] GC(1) Garbage Collection (Warmup) 3180M(10%)->220M(1%)
[8.315s][info][gc,start    ] GC(2) Garbage Collection (Warmup)
[8.315s][info][gc,task     ] GC(2) Using 12 workers
[8.316s][info][gc,phases   ] GC(2) Pause Mark Start 0.010ms
[8.353s][info][gc,phases   ] GC(2) Concurrent Mark 37.088ms
[8.353s][info][gc,phases   ] GC(2) Pause Mark End 0.023ms
[8.353s][info][gc,phases   ] GC(2) Concurrent Mark Free 0.001ms
[8.358s][info][gc,phases   ] GC(2) Concurrent Process Non-Strong References 4.901ms
[8.358s][info][gc,phases   ] GC(2) Concurrent Reset Relocation Set 0.022ms
[8.368s][info][gc,phases   ] GC(2) Concurrent Select Relocation Set 10.156ms
[8.368s][info][gc,phases   ] GC(2) Pause Relocate Start 0.007ms
[8.371s][info][gc,phases   ] GC(2) Concurrent Relocate 2.581ms
[8.371s][info][gc,load     ] GC(2) Load: 0.00/0.00/0.00
[8.371s][info][gc,mmu      ] GC(2) MMU: 2ms/98.5%, 5ms/99.4%, 10ms/99.7%, 20ms/99.8%, 50ms/99.9%, 100ms/99.9%
[8.371s][info][gc,marking  ] GC(2) Mark: 8 stripe(s), 3 proactive flush(es), 1 terminate flush(es), 0 completion(s), 0 continuation(s) 
[8.371s][info][gc,marking  ] GC(2) Mark Stack Usage: 32M
[8.371s][info][gc,nmethod  ] GC(2) NMethods: 2124 registered, 529 unregistered
[8.371s][info][gc,metaspace] GC(2) Metaspace: 13M used, 14M committed, 1088M reserved
[8.371s][info][gc,ref      ] GC(2) Soft: 210 encountered, 0 discovered, 0 enqueued
[8.371s][info][gc,ref      ] GC(2) Weak: 718 encountered, 150 discovered, 0 enqueued
[8.371s][info][gc,ref      ] GC(2) Final: 0 encountered, 0 discovered, 0 enqueued
[8.371s][info][gc,ref      ] GC(2) Phantom: 59 encountered, 28 discovered, 0 enqueued
[8.371s][info][gc,reloc    ] GC(2) Small Pages: 3112 / 6224M, Empty: 5872M, Relocated: 6M, In-Place: 0
[8.371s][info][gc,reloc    ] GC(2) Medium Pages: 0 / 0M, Empty: 0M, Relocated: 0M, In-Place: 0
[8.371s][info][gc,reloc    ] GC(2) Large Pages: 0 / 0M, Empty: 0M, Relocated: 0M, In-Place: 0
[8.371s][info][gc,reloc    ] GC(2) Forwarding Usage: 1M
[8.371s][info][gc,heap     ] GC(2) Min Capacity: 8M(0%)
[8.371s][info][gc,heap     ] GC(2) Max Capacity: 30718M(100%)
[8.371s][info][gc,heap     ] GC(2) Soft Max Capacity: 30718M(100%)
[8.371s][info][gc,heap     ] GC(2)                Mark Start          Mark End        Relocate Start      Relocate End           High               Low         
[8.371s][info][gc,heap     ] GC(2)  Capacity:     6224M (20%)        6328M (21%)        6328M (21%)        6328M (21%)        6328M (21%)        6224M (20%)    
[8.371s][info][gc,heap     ] GC(2)      Free:    24494M (80%)       24398M (79%)       30254M (98%)       30562M (99%)       30562M (99%)       24390M (79%)    
[8.371s][info][gc,heap     ] GC(2)      Used:     6224M (20%)        6320M (21%)         464M (2%)          156M (1%)         6328M (21%)         156M (1%)     
[8.371s][info][gc,heap     ] GC(2)      Live:         -                 9M (0%)            9M (0%)            9M (0%)             -                  -          
[8.371s][info][gc,heap     ] GC(2) Allocated:         -                96M (0%)          112M (0%)          127M (0%)             -                  -          
[8.371s][info][gc,heap     ] GC(2)   Garbage:         -              6214M (20%)         342M (1%)           19M (0%)             -                  -          
[8.371s][info][gc,heap     ] GC(2) Reclaimed:         -                  -              5872M (19%)        6195M (20%)            -                  -          
[8.371s][info][gc          ] GC(2) Garbage Collection (Warmup) 6224M(20%)->156M(1%)
[10.115s][info][gc,stats    ] === Garbage Collection Statistics =======================================================================================================================
[10.115s][info][gc,stats    ]                                                              Last 10s              Last 10m              Last 10h                Total
[10.115s][info][gc,stats    ]                                                              Avg / Max             Avg / Max             Avg / Max             Avg / Max
[10.115s][info][gc,stats    ]   Collector: Garbage Collection Cycle                     72.468 / 130.478      72.468 / 130.478      72.468 / 130.478      72.468 / 130.478     ms
[10.115s][info][gc,stats    ]  Contention: Mark Segment Reset Contention                     1 / 6                 1 / 6                 1 / 6                 1 / 6           ops/s
[10.115s][info][gc,stats    ]  Contention: Mark SeqNum Reset Contention                      0 / 2                 0 / 2                 0 / 2                 0 / 2           ops/s
[10.115s][info][gc,stats    ]    Critical: Allocation Stall                                  0 / 0                 0 / 0                 0 / 0                 0 / 0           ops/s
[10.115s][info][gc,stats    ]    Critical: Allocation Stall                              0.000 / 0.000         0.000 / 0.000         0.000 / 0.000         0.000 / 0.000       ms
[10.116s][info][gc,stats    ]    Critical: GC Locker Stall                                   0 / 0                 0 / 0                 0 / 0                 0 / 0           ops/s
[10.116s][info][gc,stats    ]    Critical: GC Locker Stall                               0.000 / 0.000         0.000 / 0.000         0.000 / 0.000         0.000 / 0.000       ms
[10.116s][info][gc,stats    ]    Critical: Relocation Stall                                  0 / 0                 0 / 0                 0 / 0                 0 / 0           ops/s
[10.116s][info][gc,stats    ]    Critical: Relocation Stall                              0.000 / 0.000         0.000 / 0.000         0.000 / 0.000         0.000 / 0.000       ms
[10.116s][info][gc,stats    ]      Memory: Allocation Rate                                1314 / 1972           1314 / 1972           1314 / 1972           1314 / 1972        MB/s
[10.116s][info][gc,stats    ]      Memory: Defragment                                        0 / 0                 0 / 0                 0 / 0                 0 / 0           ops/s
[10.116s][info][gc,stats    ]      Memory: Out Of Memory                                     0 / 0                 0 / 0                 0 / 0                 0 / 0           ops/s
[10.116s][info][gc,stats    ]      Memory: Page Cache Flush                                  0 / 0                 0 / 0                 0 / 0                 0 / 0           MB/s
[10.116s][info][gc,stats    ]      Memory: Page Cache Hit L1                               344 / 986             344 / 986             344 / 986             344 / 986         ops/s
[10.116s][info][gc,stats    ]      Memory: Page Cache Hit L2                                 0 / 0                 0 / 0                 0 / 0                 0 / 0           ops/s
[10.116s][info][gc,stats    ]      Memory: Page Cache Hit L3                               102 / 613             102 / 613             102 / 613             102 / 613         ops/s
[10.116s][info][gc,stats    ]      Memory: Page Cache Miss                                 214 / 672             214 / 672             214 / 672             214 / 672         ops/s
[10.116s][info][gc,stats    ]      Memory: Uncommit                                          0 / 0                 0 / 0                 0 / 0                 0 / 0           MB/s
[10.116s][info][gc,stats    ]      Memory: Undo Object Allocation Failed                     0 / 1                 0 / 1                 0 / 1                 0 / 1           ops/s
[10.116s][info][gc,stats    ]      Memory: Undo Object Allocation Succeeded                  4 / 29                4 / 29                4 / 29                4 / 29          ops/s
[10.116s][info][gc,stats    ]      Memory: Undo Page Allocation                              9 / 24                9 / 24                9 / 24                9 / 24          ops/s
[10.116s][info][gc,stats    ]       Phase: Concurrent Mark                              31.877 / 48.286       31.877 / 48.286       31.877 / 48.286       31.877 / 48.286      ms
[10.116s][info][gc,stats    ]       Phase: Concurrent Mark Continue                      0.000 / 0.000         0.000 / 0.000         0.000 / 0.000         0.000 / 0.000       ms
[10.116s][info][gc,stats    ]       Phase: Concurrent Mark Free                          0.001 / 0.001         0.001 / 0.001         0.001 / 0.001         0.001 / 0.001       ms
[10.116s][info][gc,stats    ]       Phase: Concurrent Process Non-Strong References     16.433 / 43.378       16.433 / 43.378       16.433 / 43.378       16.433 / 43.378      ms
[10.116s][info][gc,stats    ]       Phase: Concurrent Relocate                           3.467 / 4.079         3.467 / 4.079         3.467 / 4.079         3.467 / 4.079       ms
[10.116s][info][gc,stats    ]       Phase: Concurrent Reset Relocation Set               0.008 / 0.022         0.008 / 0.022         0.008 / 0.022         0.008 / 0.022       ms
[10.116s][info][gc,stats    ]       Phase: Concurrent Select Relocation Set             14.142 / 17.171       14.142 / 17.171       14.142 / 17.171       14.142 / 17.171      ms
[10.116s][info][gc,stats    ]       Phase: Pause Mark End                                0.024 / 0.030         0.024 / 0.030         0.024 / 0.030         0.024 / 0.030       ms
[10.116s][info][gc,stats    ]       Phase: Pause Mark Start                              0.012 / 0.016         0.012 / 0.016         0.012 / 0.016         0.012 / 0.016       ms
[10.116s][info][gc,stats    ]       Phase: Pause Relocate Start                          0.012 / 0.021         0.012 / 0.021         0.012 / 0.021         0.012 / 0.021       ms
[10.116s][info][gc,stats    ]    Subphase: Concurrent Classes Purge                      2.676 / 7.344         2.676 / 7.344         2.676 / 7.344         2.676 / 7.344       ms
[10.116s][info][gc,stats    ]    Subphase: Concurrent Classes Unlink                     3.157 / 8.444         3.157 / 8.444         3.157 / 8.444         3.157 / 8.444       ms
[10.116s][info][gc,stats    ]    Subphase: Concurrent Mark                              29.591 / 44.880       29.591 / 44.880       29.591 / 44.880       29.591 / 44.880      ms
[10.116s][info][gc,stats    ]    Subphase: Concurrent Mark Try Flush                     6.537 / 30.022        6.537 / 30.022        6.537 / 30.022        6.537 / 30.022      ms
[10.116s][info][gc,stats    ]    Subphase: Concurrent Mark Try Terminate                 2.829 / 15.149        2.829 / 15.149        2.829 / 15.149        2.829 / 15.149      ms
[10.116s][info][gc,stats    ]    Subphase: Concurrent References Enqueue                 0.003 / 0.004         0.003 / 0.004         0.003 / 0.004         0.003 / 0.004       ms
[10.116s][info][gc,stats    ]    Subphase: Concurrent References Process                 0.061 / 0.071         0.061 / 0.071         0.061 / 0.071         0.061 / 0.071       ms
[10.116s][info][gc,stats    ]    Subphase: Concurrent Roots ClassLoaderDataGraph         0.221 / 1.506         0.221 / 1.506         0.221 / 1.506         0.221 / 1.506       ms
[10.116s][info][gc,stats    ]    Subphase: Concurrent Roots CodeCache                    0.000 / 0.000         0.000 / 0.000         0.000 / 0.000         0.000 / 0.000       ms
[10.116s][info][gc,stats    ]    Subphase: Concurrent Roots JavaThreads                  0.974 / 3.291         0.974 / 3.291         0.974 / 3.291         0.974 / 3.291       ms
[10.116s][info][gc,stats    ]    Subphase: Concurrent Roots OopStorageSet                0.501 / 1.312         0.501 / 1.312         0.501 / 1.312         0.501 / 1.312       ms
[10.116s][info][gc,stats    ]    Subphase: Concurrent Weak Roots OopStorageSet           0.697 / 1.332         0.697 / 1.332         0.697 / 1.332         0.697 / 1.332       ms
[10.116s][info][gc,stats    ]    Subphase: Pause Mark Try Complete                       0.000 / 0.000         0.000 / 0.000         0.000 / 0.000         0.000 / 0.000       ms
[10.116s][info][gc,stats    ]      System: Java Threads                                     45 / 61               45 / 61               45 / 61               45 / 61          threads
[10.116s][info][gc,stats    ] =========================================================================================================================================================
[13.516s][info][gc,start    ] GC(3) Garbage Collection (Warmup)
[13.516s][info][gc,task     ] GC(3) Using 12 workers
[13.516s][info][gc,phases   ] GC(3) Pause Mark Start 0.020ms
[13.550s][info][gc,phases   ] GC(3) Concurrent Mark 33.936ms
[13.551s][info][gc,phases   ] GC(3) Pause Mark End 0.018ms
[13.551s][info][gc,phases   ] GC(3) Concurrent Mark Free 0.001ms
[13.553s][info][gc,phases   ] GC(3) Concurrent Process Non-Strong References 2.402ms
[13.553s][info][gc,phases   ] GC(3) Concurrent Reset Relocation Set 0.028ms
[13.562s][info][gc,phases   ] GC(3) Concurrent Select Relocation Set 8.926ms
[13.562s][info][gc,phases   ] GC(3) Pause Relocate Start 0.007ms
[13.567s][info][gc,phases   ] GC(3) Concurrent Relocate 4.444ms
[13.567s][info][gc,load     ] GC(3) Load: 0.00/0.00/0.00
[13.567s][info][gc,mmu      ] GC(3) MMU: 2ms/98.5%, 5ms/99.4%, 10ms/99.7%, 20ms/99.8%, 50ms/99.9%, 100ms/99.9%
[13.567s][info][gc,marking  ] GC(3) Mark: 8 stripe(s), 4 proactive flush(es), 1 terminate flush(es), 0 completion(s), 0 continuation(s) 
[13.567s][info][gc,marking  ] GC(3) Mark Stack Usage: 32M
[13.567s][info][gc,nmethod  ] GC(3) NMethods: 2124 registered, 530 unregistered
[13.567s][info][gc,metaspace] GC(3) Metaspace: 13M used, 14M committed, 1088M reserved
[13.567s][info][gc,ref      ] GC(3) Soft: 210 encountered, 0 discovered, 0 enqueued
[13.567s][info][gc,ref      ] GC(3) Weak: 718 encountered, 239 discovered, 0 enqueued
[13.567s][info][gc,ref      ] GC(3) Final: 0 encountered, 0 discovered, 0 enqueued
[13.567s][info][gc,ref      ] GC(3) Phantom: 59 encountered, 31 discovered, 0 enqueued
[13.567s][info][gc,reloc    ] GC(3) Small Pages: 4652 / 9304M, Empty: 8904M, Relocated: 8M, In-Place: 0
[13.567s][info][gc,reloc    ] GC(3) Medium Pages: 0 / 0M, Empty: 0M, Relocated: 0M, In-Place: 0
[13.567s][info][gc,reloc    ] GC(3) Large Pages: 0 / 0M, Empty: 0M, Relocated: 0M, In-Place: 0
[13.567s][info][gc,reloc    ] GC(3) Forwarding Usage: 1M
[13.567s][info][gc,heap     ] GC(3) Min Capacity: 8M(0%)
[13.567s][info][gc,heap     ] GC(3) Max Capacity: 30718M(100%)
[13.567s][info][gc,heap     ] GC(3) Soft Max Capacity: 30718M(100%)
[13.567s][info][gc,heap     ] GC(3)                Mark Start          Mark End        Relocate Start      Relocate End           High               Low         
[13.567s][info][gc,heap     ] GC(3)  Capacity:     9304M (30%)        9404M (31%)        9404M (31%)        9404M (31%)        9404M (31%)        9304M (30%)    
[13.567s][info][gc,heap     ] GC(3)      Free:    21414M (70%)       21322M (69%)       30208M (98%)       30578M (100%)      30578M (100%)      21314M (69%)    
[13.567s][info][gc,heap     ] GC(3)      Used:     9304M (30%)        9396M (31%)         510M (2%)          140M (0%)         9404M (31%)         140M (0%)     
[13.567s][info][gc,heap     ] GC(3)      Live:         -                10M (0%)           10M (0%)           10M (0%)             -                  -          
[13.567s][info][gc,heap     ] GC(3) Allocated:         -                92M (0%)          110M (0%)          113M (0%)             -                  -          
[13.567s][info][gc,heap     ] GC(3)   Garbage:         -              9293M (30%)         389M (1%)           16M (0%)             -                  -          
[13.567s][info][gc,heap     ] GC(3) Reclaimed:         -                  -              8904M (29%)        9277M (30%)            -                  -          
[13.567s][info][gc          ] GC(3) Garbage Collection (Warmup) 9304M(30%)->140M(0%)
[15.220s][info][gc,start    ] GC(4) Garbage Collection (System.gc())
[15.220s][info][gc,task     ] GC(4) Using 12 workers
[15.220s][info][gc,phases   ] GC(4) Pause Mark Start 0.014ms
[15.235s][info][gc,phases   ] GC(4) Concurrent Mark 15.149ms
[15.235s][info][gc,phases   ] GC(4) Pause Mark End 0.019ms
[15.235s][info][gc,phases   ] GC(4) Concurrent Mark Free 0.001ms
[15.239s][info][gc,phases   ] GC(4) Concurrent Process Non-Strong References 3.088ms
[15.239s][info][gc,phases   ] GC(4) Concurrent Reset Relocation Set 0.021ms
[15.243s][info][gc,phases   ] GC(4) Concurrent Select Relocation Set 4.810ms
[15.244s][info][gc,phases   ] GC(4) Pause Relocate Start 0.006ms
[15.247s][info][gc,phases   ] GC(4) Concurrent Relocate 2.956ms
[15.247s][info][gc,load     ] GC(4) Load: 0.00/0.00/0.00
[15.247s][info][gc,mmu      ] GC(4) MMU: 2ms/98.5%, 5ms/99.4%, 10ms/99.7%, 20ms/99.8%, 50ms/99.9%, 100ms/99.9%
[15.247s][info][gc,marking  ] GC(4) Mark: 8 stripe(s), 2 proactive flush(es), 1 terminate flush(es), 0 completion(s), 0 continuation(s) 
[15.247s][info][gc,marking  ] GC(4) Mark Stack Usage: 32M
[15.247s][info][gc,nmethod  ] GC(4) NMethods: 2112 registered, 547 unregistered
[15.247s][info][gc,metaspace] GC(4) Metaspace: 13M used, 14M committed, 1088M reserved
[15.247s][info][gc,ref      ] GC(4) Soft: 211 encountered, 0 discovered, 0 enqueued
[15.247s][info][gc,ref      ] GC(4) Weak: 631 encountered, 98 discovered, 3 enqueued
[15.247s][info][gc,ref      ] GC(4) Final: 0 encountered, 0 discovered, 0 enqueued
[15.247s][info][gc,ref      ] GC(4) Phantom: 61 encountered, 48 discovered, 2 enqueued
[15.247s][info][gc,reloc    ] GC(4) Small Pages: 1699 / 3398M, Empty: 3326M, Relocated: 4M, In-Place: 0
[15.247s][info][gc,reloc    ] GC(4) Medium Pages: 0 / 0M, Empty: 0M, Relocated: 0M, In-Place: 0
[15.247s][info][gc,reloc    ] GC(4) Large Pages: 0 / 0M, Empty: 0M, Relocated: 0M, In-Place: 0
[15.247s][info][gc,reloc    ] GC(4) Forwarding Usage: 1M
[15.247s][info][gc,heap     ] GC(4) Min Capacity: 8M(0%)
[15.247s][info][gc,heap     ] GC(4) Max Capacity: 30718M(100%)
[15.247s][info][gc,heap     ] GC(4) Soft Max Capacity: 30718M(100%)
[15.247s][info][gc,heap     ] GC(4)                Mark Start          Mark End        Relocate Start      Relocate End           High               Low         
[15.247s][info][gc,heap     ] GC(4)  Capacity:     9404M (31%)        9404M (31%)        9404M (31%)        9404M (31%)        9404M (31%)        9404M (31%)    
[15.247s][info][gc,heap     ] GC(4)      Free:    27320M (89%)       27320M (89%)       30644M (100%)      30690M (100%)      30690M (100%)      27320M (89%)    
[15.247s][info][gc,heap     ] GC(4)      Used:     3398M (11%)        3398M (11%)          74M (0%)           28M (0%)         3398M (11%)          28M (0%)     
[15.247s][info][gc,heap     ] GC(4)      Live:         -                 6M (0%)            6M (0%)            6M (0%)             -                  -          
[15.247s][info][gc,heap     ] GC(4) Allocated:         -                 0M (0%)            2M (0%)            2M (0%)             -                  -          
[15.247s][info][gc,heap     ] GC(4)   Garbage:         -              3391M (11%)          65M (0%)           19M (0%)             -                  -          
[15.247s][info][gc,heap     ] GC(4) Reclaimed:         -                  -              3326M (11%)        3372M (11%)            -                  -          
[15.247s][info][gc          ] GC(4) Garbage Collection (System.gc()) 3398M(11%)->28M(0%)
[20.116s][info][gc,stats    ] === Garbage Collection Statistics =======================================================================================================================
[20.117s][info][gc,stats    ]                                                              Last 10s              Last 10m              Last 10h                Total
[20.117s][info][gc,stats    ]                                                              Avg / Max             Avg / Max             Avg / Max             Avg / Max
[20.117s][info][gc,stats    ]   Collector: Garbage Collection Cycle                     38.986 / 50.976       59.075 / 130.478      59.075 / 130.478      59.075 / 130.478     ms
[20.117s][info][gc,stats    ]  Contention: Mark Segment Reset Contention                     1 / 7                 1 / 7                 1 / 7                 1 / 7           ops/s
[20.117s][info][gc,stats    ]  Contention: Mark SeqNum Reset Contention                      0 / 0                 0 / 2                 0 / 2                 0 / 2           ops/s
[20.117s][info][gc,stats    ]    Critical: Allocation Stall                                  0 / 0                 0 / 0                 0 / 0                 0 / 0           ops/s
[20.117s][info][gc,stats    ]    Critical: Allocation Stall                              0.000 / 0.000         0.000 / 0.000         0.000 / 0.000         0.000 / 0.000       ms
[20.117s][info][gc,stats    ]    Critical: GC Locker Stall                                   0 / 0                 0 / 0                 0 / 0                 0 / 0           ops/s
[20.117s][info][gc,stats    ]    Critical: GC Locker Stall                               0.000 / 0.000         0.000 / 0.000         0.000 / 0.000         0.000 / 0.000       ms
[20.117s][info][gc,stats    ]    Critical: Relocation Stall                                  0 / 0                 0 / 0                 0 / 0                 0 / 0           ops/s
[20.117s][info][gc,stats    ]    Critical: Relocation Stall                              0.000 / 0.000         0.000 / 0.000         0.000 / 0.000         0.000 / 0.000       ms
[20.117s][info][gc,stats    ]      Memory: Allocation Rate                                1841 / 2120           1577 / 2120           1577 / 2120           1577 / 2120        MB/s
[20.117s][info][gc,stats    ]      Memory: Defragment                                        0 / 0                 0 / 0                 0 / 0                 0 / 0           ops/s
[20.117s][info][gc,stats    ]      Memory: Out Of Memory                                     0 / 0                 0 / 0                 0 / 0                 0 / 0           ops/s
[20.117s][info][gc,stats    ]      Memory: Page Cache Flush                                  0 / 0                 0 / 0                 0 / 0                 0 / 0           MB/s
[20.117s][info][gc,stats    ]      Memory: Page Cache Hit L1                               769 / 1060            556 / 1060            556 / 1060            556 / 1060        ops/s
[20.117s][info][gc,stats    ]      Memory: Page Cache Hit L2                                 0 / 0                 0 / 0                 0 / 0                 0 / 0           ops/s
[20.117s][info][gc,stats    ]      Memory: Page Cache Hit L3                                 0 / 0                51 / 613              51 / 613              51 / 613         ops/s
[20.117s][info][gc,stats    ]      Memory: Page Cache Miss                                 153 / 740             183 / 740             183 / 740             183 / 740         ops/s
[20.117s][info][gc,stats    ]      Memory: Uncommit                                          0 / 0                 0 / 0                 0 / 0                 0 / 0           MB/s
[20.117s][info][gc,stats    ]      Memory: Undo Object Allocation Failed                     0 / 1                 0 / 1                 0 / 1                 0 / 1           ops/s
[20.117s][info][gc,stats    ]      Memory: Undo Object Allocation Succeeded                  2 / 27                3 / 29                3 / 29                3 / 29          ops/s
[20.117s][info][gc,stats    ]      Memory: Undo Page Allocation                              2 / 15                6 / 24                6 / 24                6 / 24          ops/s
[20.117s][info][gc,stats    ]       Phase: Concurrent Mark                              24.542 / 33.936       28.943 / 48.286       28.943 / 48.286       28.943 / 48.286      ms
[20.117s][info][gc,stats    ]       Phase: Concurrent Mark Continue                      0.000 / 0.000         0.000 / 0.000         0.000 / 0.000         0.000 / 0.000       ms
[20.117s][info][gc,stats    ]       Phase: Concurrent Mark Free                          0.001 / 0.001         0.001 / 0.001         0.001 / 0.001         0.001 / 0.001       ms
[20.117s][info][gc,stats    ]       Phase: Concurrent Process Non-Strong References      2.745 / 3.088        10.958 / 43.378       10.958 / 43.378       10.958 / 43.378      ms
[20.117s][info][gc,stats    ]       Phase: Concurrent Relocate                           3.700 / 4.444         3.560 / 4.444         3.560 / 4.444         3.560 / 4.444       ms
[20.117s][info][gc,stats    ]       Phase: Concurrent Reset Relocation Set               0.025 / 0.028         0.015 / 0.028         0.015 / 0.028         0.015 / 0.028       ms
[20.117s][info][gc,stats    ]       Phase: Concurrent Select Relocation Set              6.868 / 8.926        11.233 / 17.171       11.233 / 17.171       11.233 / 17.171      ms
[20.117s][info][gc,stats    ]       Phase: Pause Mark End                                0.019 / 0.019         0.022 / 0.030         0.022 / 0.030         0.022 / 0.030       ms
[20.117s][info][gc,stats    ]       Phase: Pause Mark Start                              0.017 / 0.020         0.014 / 0.020         0.014 / 0.020         0.014 / 0.020       ms
[20.117s][info][gc,stats    ]       Phase: Pause Relocate Start                          0.007 / 0.007         0.010 / 0.021         0.010 / 0.021         0.010 / 0.021       ms
[20.117s][info][gc,stats    ]    Subphase: Concurrent Classes Purge                      0.187 / 0.313         1.681 / 7.344         1.681 / 7.344         1.681 / 7.344       ms
[20.117s][info][gc,stats    ]    Subphase: Concurrent Classes Unlink                     0.587 / 0.645         2.129 / 8.444         2.129 / 8.444         2.129 / 8.444       ms
[20.117s][info][gc,stats    ]    Subphase: Concurrent Mark                              19.288 / 25.622       25.470 / 44.880       25.470 / 44.880       25.470 / 44.880      ms
[20.117s][info][gc,stats    ]    Subphase: Concurrent Mark Try Flush                     1.284 / 9.740         4.065 / 30.022        4.065 / 30.022        4.065 / 30.022      ms
[20.117s][info][gc,stats    ]    Subphase: Concurrent Mark Try Terminate                 2.864 / 11.247        2.839 / 15.149        2.839 / 15.149        2.839 / 15.149      ms
[20.117s][info][gc,stats    ]    Subphase: Concurrent References Enqueue                 0.002 / 0.004         0.002 / 0.004         0.002 / 0.004         0.002 / 0.004       ms
[20.117s][info][gc,stats    ]    Subphase: Concurrent References Process                 0.051 / 0.064         0.057 / 0.071         0.057 / 0.071         0.057 / 0.071       ms
[20.117s][info][gc,stats    ]    Subphase: Concurrent Roots ClassLoaderDataGraph         0.076 / 0.528         0.148 / 1.506         0.148 / 1.506         0.148 / 1.506       ms
[20.117s][info][gc,stats    ]    Subphase: Concurrent Roots CodeCache                    0.000 / 0.000         0.000 / 0.000         0.000 / 0.000         0.000 / 0.000       ms
[20.117s][info][gc,stats    ]    Subphase: Concurrent Roots JavaThreads                  1.599 / 8.195         1.217 / 8.195         1.217 / 8.195         1.217 / 8.195       ms
[20.117s][info][gc,stats    ]    Subphase: Concurrent Roots OopStorageSet                0.060 / 0.237         0.320 / 1.312         0.320 / 1.312         0.320 / 1.312       ms
[20.117s][info][gc,stats    ]    Subphase: Concurrent Weak Roots OopStorageSet           1.777 / 2.007         1.129 / 2.007         1.129 / 2.007         1.129 / 2.007       ms
[20.117s][info][gc,stats    ]    Subphase: Pause Mark Try Complete                       0.000 / 0.000         0.000 / 0.000         0.000 / 0.000         0.000 / 0.000       ms
[20.117s][info][gc,stats    ]      System: Java Threads                                     35 / 60               41 / 61               41 / 61               41 / 61          threads
[20.117s][info][gc,stats    ] =========================================================================================================================================================
[20.216s][info][gc,start    ] GC(5) Garbage Collection (Proactive)
[20.216s][info][gc,task     ] GC(5) Using 12 workers
[20.216s][info][gc,phases   ] GC(5) Pause Mark Start 0.012ms
[20.256s][info][gc,phases   ] GC(5) Concurrent Mark 39.437ms
[20.256s][info][gc,phases   ] GC(5) Pause Mark End 0.020ms
[20.256s][info][gc,phases   ] GC(5) Concurrent Mark Free 0.001ms
[20.261s][info][gc,phases   ] GC(5) Concurrent Process Non-Strong References 5.116ms
[20.261s][info][gc,phases   ] GC(5) Concurrent Reset Relocation Set 0.006ms
[20.267s][info][gc,phases   ] GC(5) Concurrent Select Relocation Set 5.581ms
[20.267s][info][gc,phases   ] GC(5) Pause Relocate Start 0.007ms
[20.270s][info][gc,phases   ] GC(5) Concurrent Relocate 3.042ms
[20.270s][info][gc,load     ] GC(5) Load: 0.00/0.00/0.00
[20.270s][info][gc,mmu      ] GC(5) MMU: 2ms/98.5%, 5ms/99.4%, 10ms/99.7%, 20ms/99.8%, 50ms/99.9%, 100ms/99.9%
[20.270s][info][gc,marking  ] GC(5) Mark: 8 stripe(s), 3 proactive flush(es), 1 terminate flush(es), 0 completion(s), 0 continuation(s) 
[20.270s][info][gc,marking  ] GC(5) Mark Stack Usage: 32M
[20.270s][info][gc,nmethod  ] GC(5) NMethods: 2132 registered, 585 unregistered
[20.270s][info][gc,metaspace] GC(5) Metaspace: 13M used, 14M committed, 1088M reserved
[20.270s][info][gc,ref      ] GC(5) Soft: 211 encountered, 0 discovered, 0 enqueued
[20.270s][info][gc,ref      ] GC(5) Weak: 724 encountered, 166 discovered, 1 enqueued
[20.270s][info][gc,ref      ] GC(5) Final: 0 encountered, 0 discovered, 0 enqueued
[20.270s][info][gc,ref      ] GC(5) Phantom: 59 encountered, 36 discovered, 0 enqueued
[20.270s][info][gc,reloc    ] GC(5) Small Pages: 4748 / 9496M, Empty: 9056M, Relocated: 6M, In-Place: 0
[20.270s][info][gc,reloc    ] GC(5) Medium Pages: 0 / 0M, Empty: 0M, Relocated: 0M, In-Place: 0
[20.270s][info][gc,reloc    ] GC(5) Large Pages: 0 / 0M, Empty: 0M, Relocated: 0M, In-Place: 0
[20.271s][info][gc,reloc    ] GC(5) Forwarding Usage: 1M
[20.271s][info][gc,heap     ] GC(5) Min Capacity: 8M(0%)
[20.271s][info][gc,heap     ] GC(5) Max Capacity: 30718M(100%)
[20.271s][info][gc,heap     ] GC(5) Soft Max Capacity: 30718M(100%)
[20.271s][info][gc,heap     ] GC(5)                Mark Start          Mark End        Relocate Start      Relocate End           High               Low         
[20.271s][info][gc,heap     ] GC(5)  Capacity:     9496M (31%)        9598M (31%)        9602M (31%)        9602M (31%)        9602M (31%)        9496M (31%)    
[20.271s][info][gc,heap     ] GC(5)      Free:    21222M (69%)       21124M (69%)       30166M (98%)       30572M (100%)      30572M (100%)      21116M (69%)    
[20.271s][info][gc,heap     ] GC(5)      Used:     9496M (31%)        9594M (31%)         552M (2%)          146M (0%)         9602M (31%)         146M (0%)     
[20.271s][info][gc,heap     ] GC(5)      Live:         -                 9M (0%)            9M (0%)            9M (0%)             -                  -          
[20.271s][info][gc,heap     ] GC(5) Allocated:         -                98M (0%)          112M (0%)          117M (0%)             -                  -          
[20.271s][info][gc,heap     ] GC(5)   Garbage:         -              9486M (31%)         430M (1%)           19M (0%)             -                  -          
[20.271s][info][gc,heap     ] GC(5) Reclaimed:         -                  -              9056M (29%)        9467M (31%)            -                  -          
[20.271s][info][gc          ] GC(5) Garbage Collection (Proactive) 9496M(31%)->146M(0%)
[25.218s][info][gc,start    ] GC(6) Garbage Collection (Proactive)
[25.218s][info][gc,task     ] GC(6) Using 12 workers
[25.219s][info][gc,phases   ] GC(6) Pause Mark Start 0.011ms
[25.274s][info][gc,phases   ] GC(6) Concurrent Mark 55.621ms
[25.275s][info][gc,phases   ] GC(6) Pause Mark End 0.019ms
[25.275s][info][gc,phases   ] GC(6) Concurrent Mark Free 0.001ms
[25.279s][info][gc,phases   ] GC(6) Concurrent Process Non-Strong References 3.933ms
[25.279s][info][gc,phases   ] GC(6) Concurrent Reset Relocation Set 0.030ms
[25.291s][info][gc,phases   ] GC(6) Concurrent Select Relocation Set 12.475ms
[25.292s][info][gc,phases   ] GC(6) Pause Relocate Start 0.007ms
[25.295s][info][gc,phases   ] GC(6) Concurrent Relocate 3.632ms
[25.296s][info][gc,load     ] GC(6) Load: 0.00/0.00/0.00
[25.296s][info][gc,mmu      ] GC(6) MMU: 2ms/98.5%, 5ms/99.4%, 10ms/99.7%, 20ms/99.8%, 50ms/99.9%, 100ms/99.9%
[25.296s][info][gc,marking  ] GC(6) Mark: 8 stripe(s), 3 proactive flush(es), 1 terminate flush(es), 0 completion(s), 0 continuation(s) 
[25.296s][info][gc,marking  ] GC(6) Mark Stack Usage: 32M
[25.296s][info][gc,nmethod  ] GC(6) NMethods: 2132 registered, 588 unregistered
[25.296s][info][gc,metaspace] GC(6) Metaspace: 13M used, 14M committed, 1088M reserved
[25.296s][info][gc,ref      ] GC(6) Soft: 211 encountered, 0 discovered, 0 enqueued
[25.296s][info][gc,ref      ] GC(6) Weak: 723 encountered, 112 discovered, 0 enqueued
[25.296s][info][gc,ref      ] GC(6) Final: 0 encountered, 0 discovered, 0 enqueued
[25.296s][info][gc,ref      ] GC(6) Phantom: 59 encountered, 35 discovered, 0 enqueued
[25.296s][info][gc,reloc    ] GC(6) Small Pages: 5378 / 10756M, Empty: 10328M, Relocated: 8M, In-Place: 0
[25.296s][info][gc,reloc    ] GC(6) Medium Pages: 0 / 0M, Empty: 0M, Relocated: 0M, In-Place: 0
[25.296s][info][gc,reloc    ] GC(6) Large Pages: 0 / 0M, Empty: 0M, Relocated: 0M, In-Place: 0
[25.296s][info][gc,reloc    ] GC(6) Forwarding Usage: 1M
[25.296s][info][gc,heap     ] GC(6) Min Capacity: 8M(0%)
[25.296s][info][gc,heap     ] GC(6) Max Capacity: 30718M(100%)
[25.296s][info][gc,heap     ] GC(6) Soft Max Capacity: 30718M(100%)
[25.296s][info][gc,heap     ] GC(6)                Mark Start          Mark End        Relocate Start      Relocate End           High               Low         
[25.296s][info][gc,heap     ] GC(6)  Capacity:    10756M (35%)       10878M (35%)       10882M (35%)       10882M (35%)       10882M (35%)       10756M (35%)    
[25.296s][info][gc,heap     ] GC(6)      Free:    19962M (65%)       19840M (65%)       30136M (98%)       30530M (99%)       30530M (99%)       19836M (65%)    
[25.296s][info][gc,heap     ] GC(6)      Used:    10756M (35%)       10878M (35%)         582M (2%)          188M (1%)        10882M (35%)         188M (1%)     
[25.296s][info][gc,heap     ] GC(6)      Live:         -                10M (0%)           10M (0%)           10M (0%)             -                  -          
[25.296s][info][gc,heap     ] GC(6) Allocated:         -               122M (0%)          154M (1%)          160M (1%)             -                  -          
[25.296s][info][gc,heap     ] GC(6)   Garbage:         -             10745M (35%)         417M (1%)           16M (0%)             -                  -          
[25.296s][info][gc,heap     ] GC(6) Reclaimed:         -                  -             10328M (34%)       10728M (35%)            -                  -          
[25.296s][info][gc          ] GC(6) Garbage Collection (Proactive) 10756M(35%)->188M(1%)
[26.715s][info][gc,start    ] GC(7) Garbage Collection (System.gc())
[26.716s][info][gc,task     ] GC(7) Using 12 workers
[26.716s][info][gc,phases   ] GC(7) Pause Mark Start 0.015ms
[26.730s][info][gc,phases   ] GC(7) Concurrent Mark 13.986ms
[26.730s][info][gc,phases   ] GC(7) Pause Mark End 0.018ms
[26.730s][info][gc,phases   ] GC(7) Concurrent Mark Free 0.001ms
[26.734s][info][gc,phases   ] GC(7) Concurrent Process Non-Strong References 4.081ms
[26.734s][info][gc,phases   ] GC(7) Concurrent Reset Relocation Set 0.018ms
[26.739s][info][gc,phases   ] GC(7) Concurrent Select Relocation Set 4.697ms
[26.739s][info][gc,phases   ] GC(7) Pause Relocate Start 0.007ms
[26.743s][info][gc,phases   ] GC(7) Concurrent Relocate 3.555ms
[26.743s][info][gc,load     ] GC(7) Load: 0.00/0.00/0.00
[26.743s][info][gc,mmu      ] GC(7) MMU: 2ms/98.5%, 5ms/99.4%, 10ms/99.7%, 20ms/99.8%, 50ms/99.9%, 100ms/99.9%
[26.743s][info][gc,marking  ] GC(7) Mark: 8 stripe(s), 1 proactive flush(es), 1 terminate flush(es), 0 completion(s), 0 continuation(s) 
[26.743s][info][gc,marking  ] GC(7) Mark Stack Usage: 32M
[26.743s][info][gc,nmethod  ] GC(7) NMethods: 2132 registered, 588 unregistered
[26.743s][info][gc,metaspace] GC(7) Metaspace: 13M used, 14M committed, 1088M reserved
[26.743s][info][gc,ref      ] GC(7) Soft: 211 encountered, 0 discovered, 0 enqueued
[26.743s][info][gc,ref      ] GC(7) Weak: 623 encountered, 235 discovered, 0 enqueued
[26.743s][info][gc,ref      ] GC(7) Final: 0 encountered, 0 discovered, 0 enqueued
[26.743s][info][gc,ref      ] GC(7) Phantom: 59 encountered, 58 discovered, 0 enqueued
[26.743s][info][gc,reloc    ] GC(7) Small Pages: 1564 / 3128M, Empty: 3070M, Relocated: 4M, In-Place: 0
[26.743s][info][gc,reloc    ] GC(7) Medium Pages: 0 / 0M, Empty: 0M, Relocated: 0M, In-Place: 0
[26.743s][info][gc,reloc    ] GC(7) Large Pages: 0 / 0M, Empty: 0M, Relocated: 0M, In-Place: 0
[26.743s][info][gc,reloc    ] GC(7) Forwarding Usage: 1M
[26.743s][info][gc,heap     ] GC(7) Min Capacity: 8M(0%)
[26.743s][info][gc,heap     ] GC(7) Max Capacity: 30718M(100%)
[26.743s][info][gc,heap     ] GC(7) Soft Max Capacity: 30718M(100%)
[26.743s][info][gc,heap     ] GC(7)                Mark Start          Mark End        Relocate Start      Relocate End           High               Low         
[26.743s][info][gc,heap     ] GC(7)  Capacity:    10882M (35%)       10882M (35%)       10882M (35%)       10882M (35%)       10882M (35%)       10882M (35%)    
[26.743s][info][gc,heap     ] GC(7)      Free:    27590M (90%)       27590M (90%)       30660M (100%)      30692M (100%)      30692M (100%)      27590M (90%)    
[26.743s][info][gc,heap     ] GC(7)      Used:     3128M (10%)        3128M (10%)          58M (0%)           26M (0%)         3128M (10%)          26M (0%)     
[26.743s][info][gc,heap     ] GC(7)      Live:         -                 6M (0%)            6M (0%)            6M (0%)             -                  -          
[26.743s][info][gc,heap     ] GC(7) Allocated:         -                 0M (0%)            0M (0%)            0M (0%)             -                  -          
[26.743s][info][gc,heap     ] GC(7)   Garbage:         -              3121M (10%)          51M (0%)           19M (0%)             -                  -          
[26.743s][info][gc,heap     ] GC(7) Reclaimed:         -                  -              3070M (10%)        3102M (10%)            -                  -          
[26.744s][info][gc          ] GC(7) Garbage Collection (System.gc()) 3128M(10%)->26M(0%)
[30.117s][info][gc,stats    ] === Garbage Collection Statistics =======================================================================================================================
[30.117s][info][gc,stats    ]                                                              Last 10s              Last 10m              Last 10h                Total
[30.117s][info][gc,stats    ]                                                              Avg / Max             Avg / Max             Avg / Max             Avg / Max
[30.117s][info][gc,stats    ]   Collector: Garbage Collection Cycle                     52.974 / 77.196       56.787 / 130.478      56.787 / 130.478      56.787 / 130.478     ms
[30.117s][info][gc,stats    ]  Contention: Mark Segment Reset Contention                     0 / 5                 1 / 7                 1 / 7                 1 / 7           ops/s
[30.117s][info][gc,stats    ]  Contention: Mark SeqNum Reset Contention                      0 / 0                 0 / 2                 0 / 2                 0 / 2           ops/s
[30.117s][info][gc,stats    ]    Critical: Allocation Stall                                  0 / 0                 0 / 0                 0 / 0                 0 / 0           ops/s
[30.117s][info][gc,stats    ]    Critical: Allocation Stall                              0.000 / 0.000         0.000 / 0.000         0.000 / 0.000         0.000 / 0.000       ms
[30.117s][info][gc,stats    ]    Critical: GC Locker Stall                                   0 / 0                 0 / 0                 0 / 0                 0 / 0           ops/s
[30.117s][info][gc,stats    ]    Critical: GC Locker Stall                               0.000 / 0.000         0.000 / 0.000         0.000 / 0.000         0.000 / 0.000       ms
[30.117s][info][gc,stats    ]    Critical: Relocation Stall                                  0 / 0                 0 / 0                 0 / 0                 0 / 0           ops/s
[30.117s][info][gc,stats    ]    Critical: Relocation Stall                              0.000 / 0.000         0.000 / 0.000         0.000 / 0.000         0.000 / 0.000       ms
[30.117s][info][gc,stats    ]      Memory: Allocation Rate                                2025 / 2284           1727 / 2284           1727 / 2284           1727 / 2284        MB/s
[30.117s][info][gc,stats    ]      Memory: Defragment                                        0 / 0                 0 / 0                 0 / 0                 0 / 0           ops/s
[30.117s][info][gc,stats    ]      Memory: Out Of Memory                                     0 / 0                 0 / 0                 0 / 0                 0 / 0           ops/s
[30.117s][info][gc,stats    ]      Memory: Page Cache Flush                                  0 / 0                 0 / 0                 0 / 0                 0 / 0           MB/s
[30.117s][info][gc,stats    ]      Memory: Page Cache Hit L1                               942 / 1142            685 / 1142            685 / 1142            685 / 1142        ops/s
[30.117s][info][gc,stats    ]      Memory: Page Cache Hit L2                                 0 / 0                 0 / 0                 0 / 0                 0 / 0           ops/s
[30.117s][info][gc,stats    ]      Memory: Page Cache Hit L3                                 0 / 0                34 / 613              34 / 613              34 / 613         ops/s
[30.117s][info][gc,stats    ]      Memory: Page Cache Miss                                  73 / 510             147 / 740             147 / 740             147 / 740         ops/s
[30.117s][info][gc,stats    ]      Memory: Uncommit                                          0 / 0                 0 / 0                 0 / 0                 0 / 0           MB/s
[30.117s][info][gc,stats    ]      Memory: Undo Object Allocation Failed                     0 / 1                 0 / 1                 0 / 1                 0 / 1           ops/s
[30.117s][info][gc,stats    ]      Memory: Undo Object Allocation Succeeded                  5 / 28                4 / 29                4 / 29                4 / 29          ops/s
[30.117s][info][gc,stats    ]      Memory: Undo Page Allocation                              3 / 18                5 / 24                5 / 24                5 / 24          ops/s
[30.117s][info][gc,stats    ]       Phase: Concurrent Mark                              36.348 / 55.621       31.720 / 55.621       31.720 / 55.621       31.720 / 55.621      ms
[30.117s][info][gc,stats    ]       Phase: Concurrent Mark Continue                      0.000 / 0.000         0.000 / 0.000         0.000 / 0.000         0.000 / 0.000       ms
[30.117s][info][gc,stats    ]       Phase: Concurrent Mark Free                          0.001 / 0.001         0.001 / 0.001         0.001 / 0.001         0.001 / 0.001       ms
[30.117s][info][gc,stats    ]       Phase: Concurrent Process Non-Strong References      4.377 / 5.116         8.490 / 43.378        8.490 / 43.378        8.490 / 43.378      ms
[30.117s][info][gc,stats    ]       Phase: Concurrent Relocate                           3.410 / 3.632         3.504 / 4.444         3.504 / 4.444         3.504 / 4.444       ms
[30.117s][info][gc,stats    ]       Phase: Concurrent Reset Relocation Set               0.018 / 0.030         0.016 / 0.030         0.016 / 0.030         0.016 / 0.030       ms
[30.117s][info][gc,stats    ]       Phase: Concurrent Select Relocation Set              7.585 / 12.475        9.865 / 17.171        9.865 / 17.171        9.865 / 17.171      ms
[30.117s][info][gc,stats    ]       Phase: Pause Mark End                                0.019 / 0.020         0.021 / 0.030         0.021 / 0.030         0.021 / 0.030       ms
[30.117s][info][gc,stats    ]       Phase: Pause Mark Start                              0.013 / 0.015         0.014 / 0.020         0.014 / 0.020         0.014 / 0.020       ms
[30.117s][info][gc,stats    ]       Phase: Pause Relocate Start                          0.007 / 0.007         0.009 / 0.021         0.009 / 0.021         0.009 / 0.021       ms
[30.117s][info][gc,stats    ]    Subphase: Concurrent Classes Purge                      0.085 / 0.201         1.082 / 7.344         1.082 / 7.344         1.082 / 7.344       ms
[30.117s][info][gc,stats    ]    Subphase: Concurrent Classes Unlink                     0.544 / 0.589         1.535 / 8.444         1.535 / 8.444         1.535 / 8.444       ms
[30.117s][info][gc,stats    ]    Subphase: Concurrent Mark                              33.289 / 53.263       28.402 / 53.263       28.402 / 53.263       28.402 / 53.263      ms
[30.117s][info][gc,stats    ]    Subphase: Concurrent Mark Try Flush                     6.823 / 28.347        5.087 / 30.022        5.087 / 30.022        5.087 / 30.022      ms
[30.117s][info][gc,stats    ]    Subphase: Concurrent Mark Try Terminate                 2.030 / 11.447        2.378 / 15.149        2.378 / 15.149        2.378 / 15.149      ms
[30.117s][info][gc,stats    ]    Subphase: Concurrent References Enqueue                 0.001 / 0.004         0.002 / 0.004         0.002 / 0.004         0.002 / 0.004       ms
[30.117s][info][gc,stats    ]    Subphase: Concurrent References Process                 0.051 / 0.064         0.055 / 0.071         0.055 / 0.071         0.055 / 0.071       ms
[30.117s][info][gc,stats    ]    Subphase: Concurrent Roots ClassLoaderDataGraph         0.095 / 0.800         0.127 / 1.506         0.127 / 1.506         0.127 / 1.506       ms
[30.117s][info][gc,stats    ]    Subphase: Concurrent Roots CodeCache                    0.000 / 0.000         0.000 / 0.000         0.000 / 0.000         0.000 / 0.000       ms
[30.117s][info][gc,stats    ]    Subphase: Concurrent Roots JavaThreads                  1.846 / 5.257         1.470 / 8.195         1.470 / 8.195         1.470 / 8.195       ms
[30.118s][info][gc,stats    ]    Subphase: Concurrent Roots OopStorageSet                0.133 / 0.621         0.247 / 1.312         0.247 / 1.312         0.247 / 1.312       ms
[30.118s][info][gc,stats    ]    Subphase: Concurrent Weak Roots OopStorageSet           3.327 / 3.493         1.954 / 3.493         1.954 / 3.493         1.954 / 3.493       ms
[30.118s][info][gc,stats    ]    Subphase: Pause Mark Try Complete                       0.000 / 0.000         0.000 / 0.000         0.000 / 0.000         0.000 / 0.000       ms
[30.118s][info][gc,stats    ]      System: Java Threads                                     43 / 60               42 / 61               42 / 61               42 / 61          threads
[30.118s][info][gc,stats    ] =========================================================================================================================================================
[32.116s][info][gc,start    ] GC(8) Garbage Collection (Proactive)
[32.116s][info][gc,task     ] GC(8) Using 12 workers
[32.116s][info][gc,phases   ] GC(8) Pause Mark Start 0.010ms
[32.132s][info][gc,phases   ] GC(8) Concurrent Mark 15.744ms
[32.132s][info][gc,phases   ] GC(8) Pause Mark End 0.020ms
[32.133s][info][gc,phases   ] GC(8) Concurrent Mark Free 0.001ms
[32.138s][info][gc,phases   ] GC(8) Concurrent Process Non-Strong References 4.978ms
[32.138s][info][gc,phases   ] GC(8) Concurrent Reset Relocation Set 0.005ms
[32.143s][info][gc,phases   ] GC(8) Concurrent Select Relocation Set 5.653ms
[32.143s][info][gc,phases   ] GC(8) Pause Relocate Start 0.007ms
[32.146s][info][gc,phases   ] GC(8) Concurrent Relocate 2.413ms
[32.146s][info][gc,load     ] GC(8) Load: 0.00/0.00/0.00
[32.146s][info][gc,mmu      ] GC(8) MMU: 2ms/98.5%, 5ms/99.4%, 10ms/99.7%, 20ms/99.8%, 50ms/99.9%, 100ms/99.9%
[32.146s][info][gc,marking  ] GC(8) Mark: 8 stripe(s), 2 proactive flush(es), 1 terminate flush(es), 0 completion(s), 0 continuation(s) 
[32.146s][info][gc,marking  ] GC(8) Mark Stack Usage: 32M
[32.146s][info][gc,nmethod  ] GC(8) NMethods: 2167 registered, 589 unregistered
[32.146s][info][gc,metaspace] GC(8) Metaspace: 13M used, 14M committed, 1088M reserved
[32.146s][info][gc,ref      ] GC(8) Soft: 211 encountered, 0 discovered, 0 enqueued
[32.146s][info][gc,ref      ] GC(8) Weak: 729 encountered, 125 discovered, 2 enqueued
[32.146s][info][gc,ref      ] GC(8) Final: 0 encountered, 0 discovered, 0 enqueued
[32.146s][info][gc,ref      ] GC(8) Phantom: 59 encountered, 36 discovered, 0 enqueued
[32.146s][info][gc,reloc    ] GC(8) Small Pages: 4906 / 9812M, Empty: 9332M, Relocated: 6M, In-Place: 0
[32.146s][info][gc,reloc    ] GC(8) Medium Pages: 0 / 0M, Empty: 0M, Relocated: 0M, In-Place: 0
[32.146s][info][gc,reloc    ] GC(8) Large Pages: 0 / 0M, Empty: 0M, Relocated: 0M, In-Place: 0
[32.146s][info][gc,reloc    ] GC(8) Forwarding Usage: 1M
[32.146s][info][gc,heap     ] GC(8) Min Capacity: 8M(0%)
[32.146s][info][gc,heap     ] GC(8) Max Capacity: 30718M(100%)
[32.146s][info][gc,heap     ] GC(8) Soft Max Capacity: 30718M(100%)
[32.146s][info][gc,heap     ] GC(8)                Mark Start          Mark End        Relocate Start      Relocate End           High               Low         
[32.146s][info][gc,heap     ] GC(8)  Capacity:    10882M (35%)       10882M (35%)       10882M (35%)       10882M (35%)       10882M (35%)       10882M (35%)    
[32.146s][info][gc,heap     ] GC(8)      Free:    20906M (68%)       20820M (68%)       30144M (98%)       30590M (100%)      30590M (100%)      20816M (68%)    
[32.146s][info][gc,heap     ] GC(8)      Used:     9812M (32%)        9898M (32%)         574M (2%)          128M (0%)         9902M (32%)         128M (0%)     
[32.146s][info][gc,heap     ] GC(8)      Live:         -                 9M (0%)            9M (0%)            9M (0%)             -                  -          
[32.146s][info][gc,heap     ] GC(8) Allocated:         -                86M (0%)           94M (0%)           98M (0%)             -                  -          
[32.146s][info][gc,heap     ] GC(8)   Garbage:         -              9802M (32%)         470M (2%)           20M (0%)             -                  -          
[32.146s][info][gc,heap     ] GC(8) Reclaimed:         -                  -              9332M (30%)        9782M (32%)            -                  -          
[32.146s][info][gc          ] GC(8) Garbage Collection (Proactive) 9812M(32%)->128M(0%)
[35.816s][info][gc,start    ] GC(9) Garbage Collection (Proactive)
[35.816s][info][gc,task     ] GC(9) Using 12 workers
[35.817s][info][gc,phases   ] GC(9) Pause Mark Start 0.011ms
[35.835s][info][gc,phases   ] GC(9) Concurrent Mark 18.581ms
[35.835s][info][gc,phases   ] GC(9) Pause Mark End 0.019ms
[35.836s][info][gc,phases   ] GC(9) Concurrent Mark Free 0.001ms
[35.841s][info][gc,phases   ] GC(9) Concurrent Process Non-Strong References 5.184ms
[35.841s][info][gc,phases   ] GC(9) Concurrent Reset Relocation Set 0.034ms
[35.851s][info][gc,phases   ] GC(9) Concurrent Select Relocation Set 9.831ms
[35.851s][info][gc,phases   ] GC(9) Pause Relocate Start 0.007ms
[35.854s][info][gc,phases   ] GC(9) Concurrent Relocate 3.301ms
[35.854s][info][gc,load     ] GC(9) Load: 0.00/0.00/0.00
[35.854s][info][gc,mmu      ] GC(9) MMU: 2ms/98.5%, 5ms/99.4%, 10ms/99.7%, 20ms/99.8%, 50ms/99.9%, 100ms/99.9%
[35.854s][info][gc,marking  ] GC(9) Mark: 8 stripe(s), 5 proactive flush(es), 1 terminate flush(es), 0 completion(s), 0 continuation(s) 
[35.854s][info][gc,marking  ] GC(9) Mark Stack Usage: 32M
[35.854s][info][gc,nmethod  ] GC(9) NMethods: 2167 registered, 589 unregistered
[35.854s][info][gc,metaspace] GC(9) Metaspace: 13M used, 14M committed, 1088M reserved
[35.854s][info][gc,ref      ] GC(9) Soft: 211 encountered, 0 discovered, 0 enqueued
[35.854s][info][gc,ref      ] GC(9) Weak: 727 encountered, 254 discovered, 0 enqueued
[35.854s][info][gc,ref      ] GC(9) Final: 0 encountered, 0 discovered, 0 enqueued
[35.854s][info][gc,ref      ] GC(9) Phantom: 59 encountered, 53 discovered, 0 enqueued
[35.854s][info][gc,reloc    ] GC(9) Small Pages: 3390 / 6780M, Empty: 6374M, Relocated: 8M, In-Place: 0
[35.855s][info][gc,reloc    ] GC(9) Medium Pages: 0 / 0M, Empty: 0M, Relocated: 0M, In-Place: 0
[35.855s][info][gc,reloc    ] GC(9) Large Pages: 0 / 0M, Empty: 0M, Relocated: 0M, In-Place: 0
[35.855s][info][gc,reloc    ] GC(9) Forwarding Usage: 1M
[35.855s][info][gc,heap     ] GC(9) Min Capacity: 8M(0%)
[35.855s][info][gc,heap     ] GC(9) Max Capacity: 30718M(100%)
[35.855s][info][gc,heap     ] GC(9) Soft Max Capacity: 30718M(100%)
[35.855s][info][gc,heap     ] GC(9)                Mark Start          Mark End        Relocate Start      Relocate End           High               Low         
[35.855s][info][gc,heap     ] GC(9)  Capacity:    10882M (35%)       10882M (35%)       10882M (35%)       10882M (35%)       10882M (35%)       10882M (35%)    
[35.855s][info][gc,heap     ] GC(9)      Free:    23938M (78%)       23856M (78%)       30220M (98%)       30588M (100%)      30588M (100%)      23848M (78%)    
[35.855s][info][gc,heap     ] GC(9)      Used:     6780M (22%)        6862M (22%)         498M (2%)          130M (0%)         6870M (22%)         130M (0%)     
[35.855s][info][gc,heap     ] GC(9)      Live:         -                 9M (0%)            9M (0%)            9M (0%)             -                  -          
[35.855s][info][gc,heap     ] GC(9) Allocated:         -                82M (0%)           92M (0%)          102M (0%)             -                  -          
[35.855s][info][gc,heap     ] GC(9)   Garbage:         -              6770M (22%)         396M (1%)           17M (0%)             -                  -          
[35.855s][info][gc,heap     ] GC(9) Reclaimed:         -                  -              6374M (21%)        6752M (22%)            -                  -          
[35.855s][info][gc          ] GC(9) Garbage Collection (Proactive) 6780M(22%)->130M(0%)
[37.503s][info][gc,start    ] GC(10) Garbage Collection (System.gc())
[37.503s][info][gc,task     ] GC(10) Using 12 workers
[37.503s][info][gc,phases   ] GC(10) Pause Mark Start 0.017ms
[37.517s][info][gc,phases   ] GC(10) Concurrent Mark 13.417ms
[37.517s][info][gc,phases   ] GC(10) Pause Mark End 0.018ms
[37.517s][info][gc,phases   ] GC(10) Concurrent Mark Free 0.001ms
[37.522s][info][gc,phases   ] GC(10) Concurrent Process Non-Strong References 4.661ms
[37.522s][info][gc,phases   ] GC(10) Concurrent Reset Relocation Set 0.021ms
[37.526s][info][gc,phases   ] GC(10) Concurrent Select Relocation Set 3.978ms
[37.526s][info][gc,phases   ] GC(10) Pause Relocate Start 0.007ms
[37.528s][info][gc,phases   ] GC(10) Concurrent Relocate 2.515ms
[37.529s][info][gc,load     ] GC(10) Load: 0.00/0.00/0.00
[37.529s][info][gc,mmu      ] GC(10) MMU: 2ms/98.5%, 5ms/99.4%, 10ms/99.7%, 20ms/99.8%, 50ms/99.9%, 100ms/99.9%
[37.529s][info][gc,marking  ] GC(10) Mark: 8 stripe(s), 1 proactive flush(es), 1 terminate flush(es), 0 completion(s), 0 continuation(s) 
[37.529s][info][gc,marking  ] GC(10) Mark Stack Usage: 32M
[37.529s][info][gc,nmethod  ] GC(10) NMethods: 2170 registered, 591 unregistered
[37.529s][info][gc,metaspace] GC(10) Metaspace: 13M used, 14M committed, 1088M reserved
[37.529s][info][gc,ref      ] GC(10) Soft: 211 encountered, 0 discovered, 0 enqueued
[37.529s][info][gc,ref      ] GC(10) Weak: 627 encountered, 56 discovered, 0 enqueued
[37.529s][info][gc,ref      ] GC(10) Final: 0 encountered, 0 discovered, 0 enqueued
[37.529s][info][gc,ref      ] GC(10) Phantom: 59 encountered, 48 discovered, 0 enqueued
[37.529s][info][gc,reloc    ] GC(10) Small Pages: 1745 / 3490M, Empty: 3412M, Relocated: 4M, In-Place: 0
[37.529s][info][gc,reloc    ] GC(10) Medium Pages: 0 / 0M, Empty: 0M, Relocated: 0M, In-Place: 0
[37.529s][info][gc,reloc    ] GC(10) Large Pages: 0 / 0M, Empty: 0M, Relocated: 0M, In-Place: 0
[37.529s][info][gc,reloc    ] GC(10) Forwarding Usage: 1M
[37.529s][info][gc,heap     ] GC(10) Min Capacity: 8M(0%)
[37.529s][info][gc,heap     ] GC(10) Max Capacity: 30718M(100%)
[37.529s][info][gc,heap     ] GC(10) Soft Max Capacity: 30718M(100%)
[37.529s][info][gc,heap     ] GC(10)                Mark Start          Mark End        Relocate Start      Relocate End           High               Low         
[37.529s][info][gc,heap     ] GC(10)  Capacity:    10882M (35%)       10882M (35%)       10882M (35%)       10882M (35%)       10882M (35%)       10882M (35%)    
[37.529s][info][gc,heap     ] GC(10)      Free:    27228M (89%)       27228M (89%)       30640M (100%)      30692M (100%)      30692M (100%)      27228M (89%)    
[37.529s][info][gc,heap     ] GC(10)      Used:     3490M (11%)        3490M (11%)          78M (0%)           26M (0%)         3490M (11%)          26M (0%)     
[37.529s][info][gc,heap     ] GC(10)      Live:         -                 6M (0%)            6M (0%)            6M (0%)             -                  -          
[37.529s][info][gc,heap     ] GC(10) Allocated:         -                 0M (0%)            0M (0%)            0M (0%)             -                  -          
[37.529s][info][gc,heap     ] GC(10)   Garbage:         -              3483M (11%)          71M (0%)           19M (0%)             -                  -          
[37.529s][info][gc,heap     ] GC(10) Reclaimed:         -                  -              3412M (11%)        3464M (11%)            -                  -          
[37.529s][info][gc          ] GC(10) Garbage Collection (System.gc()) 3490M(11%)->26M(0%)
[40.016s][info][gc,start    ] GC(11) Garbage Collection (Proactive)
[40.017s][info][gc,task     ] GC(11) Using 12 workers
[40.017s][info][gc,phases   ] GC(11) Pause Mark Start 0.012ms
[40.030s][info][gc,phases   ] GC(11) Concurrent Mark 13.678ms
[40.031s][info][gc,phases   ] GC(11) Pause Mark End 0.018ms
[40.031s][info][gc,phases   ] GC(11) Concurrent Mark Free 0.001ms
[40.036s][info][gc,phases   ] GC(11) Concurrent Process Non-Strong References 5.536ms
[40.036s][info][gc,phases   ] GC(11) Concurrent Reset Relocation Set 0.007ms
[40.041s][info][gc,phases   ] GC(11) Concurrent Select Relocation Set 4.966ms
[40.041s][info][gc,phases   ] GC(11) Pause Relocate Start 0.007ms
[40.044s][info][gc,phases   ] GC(11) Concurrent Relocate 2.604ms
[40.044s][info][gc,load     ] GC(11) Load: 0.00/0.00/0.00
[40.044s][info][gc,mmu      ] GC(11) MMU: 2ms/98.5%, 5ms/99.4%, 10ms/99.7%, 20ms/99.8%, 50ms/99.9%, 100ms/99.9%
[40.044s][info][gc,marking  ] GC(11) Mark: 8 stripe(s), 2 proactive flush(es), 1 terminate flush(es), 0 completion(s), 0 continuation(s) 
[40.044s][info][gc,marking  ] GC(11) Mark Stack Usage: 32M
[40.044s][info][gc,nmethod  ] GC(11) NMethods: 2178 registered, 596 unregistered
[40.044s][info][gc,metaspace] GC(11) Metaspace: 13M used, 14M committed, 1088M reserved
[40.044s][info][gc,ref      ] GC(11) Soft: 211 encountered, 0 discovered, 0 enqueued
[40.044s][info][gc,ref      ] GC(11) Weak: 723 encountered, 113 discovered, 0 enqueued
[40.044s][info][gc,ref      ] GC(11) Final: 0 encountered, 0 discovered, 0 enqueued
[40.044s][info][gc,ref      ] GC(11) Phantom: 59 encountered, 54 discovered, 0 enqueued
[40.044s][info][gc,reloc    ] GC(11) Small Pages: 1945 / 3890M, Empty: 3580M, Relocated: 6M, In-Place: 0
[40.044s][info][gc,reloc    ] GC(11) Medium Pages: 0 / 0M, Empty: 0M, Relocated: 0M, In-Place: 0
[40.044s][info][gc,reloc    ] GC(11) Large Pages: 0 / 0M, Empty: 0M, Relocated: 0M, In-Place: 0
[40.044s][info][gc,reloc    ] GC(11) Forwarding Usage: 1M
[40.044s][info][gc,heap     ] GC(11) Min Capacity: 8M(0%)
[40.044s][info][gc,heap     ] GC(11) Max Capacity: 30718M(100%)
[40.044s][info][gc,heap     ] GC(11) Soft Max Capacity: 30718M(100%)
[40.044s][info][gc,heap     ] GC(11)                Mark Start          Mark End        Relocate Start      Relocate End           High               Low         
[40.044s][info][gc,heap     ] GC(11)  Capacity:    10882M (35%)       10882M (35%)       10882M (35%)       10882M (35%)       10882M (35%)       10882M (35%)    
[40.044s][info][gc,heap     ] GC(11)      Free:    26828M (87%)       26748M (87%)       30322M (99%)       30600M (100%)      30600M (100%)      26742M (87%)    
[40.045s][info][gc,heap     ] GC(11)      Used:     3890M (13%)        3970M (13%)         396M (1%)          118M (0%)         3976M (13%)         118M (0%)     
[40.045s][info][gc,heap     ] GC(11)      Live:         -                 8M (0%)            8M (0%)            8M (0%)             -                  -          
[40.045s][info][gc,heap     ] GC(11) Allocated:         -                80M (0%)           86M (0%)           88M (0%)             -                  -          
[40.045s][info][gc,heap     ] GC(11)   Garbage:         -              3881M (13%)         301M (1%)           20M (0%)             -                  -          
[40.045s][info][gc,heap     ] GC(11) Reclaimed:         -                  -              3580M (12%)        3860M (13%)            -                  -          
[40.045s][info][gc          ] GC(11) Garbage Collection (Proactive) 3890M(13%)->118M(0%)
[40.115s][info][gc,stats    ] === Garbage Collection Statistics =======================================================================================================================
[40.115s][info][gc,stats    ]                                                              Last 10s              Last 10m              Last 10h                Total
[40.115s][info][gc,stats    ]                                                              Avg / Max             Avg / Max             Avg / Max             Avg / Max
[40.115s][info][gc,stats    ]   Collector: Garbage Collection Cycle                     30.229 / 37.955       47.934 / 130.478      47.934 / 130.478      47.934 / 130.478     ms
[40.115s][info][gc,stats    ]  Contention: Mark Segment Reset Contention                     1 / 9                 1 / 9                 1 / 9                 1 / 9           ops/s
[40.115s][info][gc,stats    ]  Contention: Mark SeqNum Reset Contention                      0 / 2                 0 / 2                 0 / 2                 0 / 2           ops/s
[40.115s][info][gc,stats    ]    Critical: Allocation Stall                                  0 / 0                 0 / 0                 0 / 0                 0 / 0           ops/s
[40.115s][info][gc,stats    ]    Critical: Allocation Stall                              0.000 / 0.000         0.000 / 0.000         0.000 / 0.000         0.000 / 0.000       ms
[40.116s][info][gc,stats    ]    Critical: GC Locker Stall                                   0 / 0                 0 / 0                 0 / 0                 0 / 0           ops/s
[40.116s][info][gc,stats    ]    Critical: GC Locker Stall                               0.000 / 0.000         0.000 / 0.000         0.000 / 0.000         0.000 / 0.000       ms
[40.116s][info][gc,stats    ]    Critical: Relocation Stall                                  0 / 0                 0 / 0                 0 / 0                 0 / 0           ops/s
[40.116s][info][gc,stats    ]    Critical: Relocation Stall                              0.000 / 0.000         0.000 / 0.000         0.000 / 0.000         0.000 / 0.000       ms
[40.116s][info][gc,stats    ]      Memory: Allocation Rate                                1794 / 1956           1743 / 2284           1743 / 2284           1743 / 2284        MB/s
[40.116s][info][gc,stats    ]      Memory: Defragment                                        0 / 0                 0 / 0                 0 / 0                 0 / 0           ops/s
[40.116s][info][gc,stats    ]      Memory: Out Of Memory                                     0 / 0                 0 / 0                 0 / 0                 0 / 0           ops/s
[40.116s][info][gc,stats    ]      Memory: Page Cache Flush                                  0 / 0                 0 / 0                 0 / 0                 0 / 0           MB/s
[40.116s][info][gc,stats    ]      Memory: Page Cache Hit L1                               901 / 978             739 / 1142            739 / 1142            739 / 1142        ops/s
[40.116s][info][gc,stats    ]      Memory: Page Cache Hit L2                                 0 / 0                 0 / 0                 0 / 0                 0 / 0           ops/s
[40.116s][info][gc,stats    ]      Memory: Page Cache Hit L3                                 0 / 0                25 / 613              25 / 613              25 / 613         ops/s
[40.116s][info][gc,stats    ]      Memory: Page Cache Miss                                   0 / 0               110 / 740             110 / 740             110 / 740         ops/s
[40.116s][info][gc,stats    ]      Memory: Uncommit                                          0 / 0                 0 / 0                 0 / 0                 0 / 0           MB/s
[40.116s][info][gc,stats    ]      Memory: Undo Object Allocation Failed                     0 / 1                 0 / 1                 0 / 1                 0 / 1           ops/s
[40.116s][info][gc,stats    ]      Memory: Undo Object Allocation Succeeded                 11 / 51                6 / 51                6 / 51                6 / 51          ops/s
[40.116s][info][gc,stats    ]      Memory: Undo Page Allocation                              0 / 1                 4 / 24                4 / 24                4 / 24          ops/s
[40.116s][info][gc,stats    ]       Phase: Concurrent Mark                              15.355 / 18.581       26.265 / 55.621       26.265 / 55.621       26.265 / 55.621      ms
[40.116s][info][gc,stats    ]       Phase: Concurrent Mark Continue                      0.000 / 0.000         0.000 / 0.000         0.000 / 0.000         0.000 / 0.000       ms
[40.116s][info][gc,stats    ]       Phase: Concurrent Mark Free                          0.001 / 0.001         0.001 / 0.001         0.001 / 0.001         0.001 / 0.001       ms
[40.116s][info][gc,stats    ]       Phase: Concurrent Process Non-Strong References      5.090 / 5.536         7.357 / 43.378        7.357 / 43.378        7.357 / 43.378      ms
[40.116s][info][gc,stats    ]       Phase: Concurrent Relocate                           2.708 / 3.301         3.239 / 4.444         3.239 / 4.444         3.239 / 4.444       ms
[40.116s][info][gc,stats    ]       Phase: Concurrent Reset Relocation Set               0.017 / 0.034         0.016 / 0.034         0.016 / 0.034         0.016 / 0.034       ms
[40.116s][info][gc,stats    ]       Phase: Concurrent Select Relocation Set              6.107 / 9.831         8.612 / 17.171        8.612 / 17.171        8.612 / 17.171      ms
[40.116s][info][gc,stats    ]       Phase: Pause Mark End                                0.018 / 0.020         0.020 / 0.030         0.020 / 0.030         0.020 / 0.030       ms
[40.116s][info][gc,stats    ]       Phase: Pause Mark Start                              0.012 / 0.017         0.013 / 0.020         0.013 / 0.020         0.013 / 0.020       ms
[40.116s][info][gc,stats    ]       Phase: Pause Relocate Start                          0.007 / 0.007         0.008 / 0.021         0.008 / 0.021         0.008 / 0.021       ms
[40.116s][info][gc,stats    ]    Subphase: Concurrent Classes Purge                      0.035 / 0.079         0.733 / 7.344         0.733 / 7.344         0.733 / 7.344       ms
[40.116s][info][gc,stats    ]    Subphase: Concurrent Classes Unlink                     0.537 / 0.598         1.202 / 8.444         1.202 / 8.444         1.202 / 8.444       ms
[40.116s][info][gc,stats    ]    Subphase: Concurrent Mark                              13.335 / 17.294       23.380 / 53.263       23.380 / 53.263       23.380 / 53.263      ms
[40.116s][info][gc,stats    ]    Subphase: Concurrent Mark Try Flush                     0.125 / 0.404         3.393 / 30.022        3.393 / 30.022        3.393 / 30.022      ms
[40.116s][info][gc,stats    ]    Subphase: Concurrent Mark Try Terminate                 2.369 / 11.390        2.377 / 15.149        2.377 / 15.149        2.377 / 15.149      ms
[40.116s][info][gc,stats    ]    Subphase: Concurrent References Enqueue                 0.001 / 0.003         0.002 / 0.004         0.002 / 0.004         0.002 / 0.004       ms
[40.116s][info][gc,stats    ]    Subphase: Concurrent References Process                 0.050 / 0.068         0.053 / 0.071         0.053 / 0.071         0.053 / 0.071       ms
[40.116s][info][gc,stats    ]    Subphase: Concurrent Roots ClassLoaderDataGraph         0.056 / 0.665         0.097 / 1.506         0.097 / 1.506         0.097 / 1.506       ms
[40.116s][info][gc,stats    ]    Subphase: Concurrent Roots CodeCache                    0.000 / 0.000         0.000 / 0.000         0.000 / 0.000         0.000 / 0.000       ms
[40.116s][info][gc,stats    ]    Subphase: Concurrent Roots JavaThreads                  0.929 / 2.568         1.276 / 8.195         1.276 / 8.195         1.276 / 8.195       ms
[40.116s][info][gc,stats    ]    Subphase: Concurrent Roots OopStorageSet                0.046 / 0.426         0.182 / 1.312         0.182 / 1.312         0.182 / 1.312       ms
[40.116s][info][gc,stats    ]    Subphase: Concurrent Weak Roots OopStorageSet           4.336 / 4.797         2.748 / 4.797         2.748 / 4.797         2.748 / 4.797       ms
[40.116s][info][gc,stats    ]    Subphase: Pause Mark Try Complete                       0.000 / 0.000         0.000 / 0.000         0.000 / 0.000         0.000 / 0.000       ms
[40.116s][info][gc,stats    ]      System: Java Threads                                     47 / 60               44 / 61               44 / 61               44 / 61          threads
[40.116s][info][gc,stats    ] =========================================================================================================================================================
[42.015s][info][gc,start    ] GC(12) Garbage Collection (Proactive)
[42.015s][info][gc,task     ] GC(12) Using 12 workers
[42.015s][info][gc,phases   ] GC(12) Pause Mark Start 0.011ms
[42.028s][info][gc,phases   ] GC(12) Concurrent Mark 12.242ms
[42.028s][info][gc,phases   ] GC(12) Pause Mark End 0.020ms
[42.028s][info][gc,phases   ] GC(12) Concurrent Mark Free 0.001ms
[42.033s][info][gc,phases   ] GC(12) Concurrent Process Non-Strong References 4.825ms
[42.033s][info][gc,phases   ] GC(12) Concurrent Reset Relocation Set 0.019ms
[42.038s][info][gc,phases   ] GC(12) Concurrent Select Relocation Set 5.012ms
[42.038s][info][gc,phases   ] GC(12) Pause Relocate Start 0.009ms
[42.041s][info][gc,phases   ] GC(12) Concurrent Relocate 2.791ms
[42.041s][info][gc,load     ] GC(12) Load: 0.00/0.00/0.00
[42.041s][info][gc,mmu      ] GC(12) MMU: 2ms/98.5%, 5ms/99.4%, 10ms/99.7%, 20ms/99.8%, 50ms/99.9%, 100ms/99.9%
[42.041s][info][gc,marking  ] GC(12) Mark: 8 stripe(s), 5 proactive flush(es), 1 terminate flush(es), 0 completion(s), 0 continuation(s) 
[42.041s][info][gc,marking  ] GC(12) Mark Stack Usage: 32M
[42.041s][info][gc,nmethod  ] GC(12) NMethods: 2178 registered, 596 unregistered
[42.041s][info][gc,metaspace] GC(12) Metaspace: 13M used, 14M committed, 1088M reserved
[42.041s][info][gc,ref      ] GC(12) Soft: 211 encountered, 0 discovered, 0 enqueued
[42.041s][info][gc,ref      ] GC(12) Weak: 723 encountered, 61 discovered, 0 enqueued
[42.041s][info][gc,ref      ] GC(12) Final: 0 encountered, 0 discovered, 0 enqueued
[42.041s][info][gc,ref      ] GC(12) Phantom: 59 encountered, 30 discovered, 0 enqueued
[42.041s][info][gc,reloc    ] GC(12) Small Pages: 1898 / 3796M, Empty: 3488M, Relocated: 6M, In-Place: 0
[42.041s][info][gc,reloc    ] GC(12) Medium Pages: 0 / 0M, Empty: 0M, Relocated: 0M, In-Place: 0
[42.041s][info][gc,reloc    ] GC(12) Large Pages: 0 / 0M, Empty: 0M, Relocated: 0M, In-Place: 0
[42.041s][info][gc,reloc    ] GC(12) Forwarding Usage: 1M
[42.041s][info][gc,heap     ] GC(12) Min Capacity: 8M(0%)
[42.041s][info][gc,heap     ] GC(12) Max Capacity: 30718M(100%)
[42.041s][info][gc,heap     ] GC(12) Soft Max Capacity: 30718M(100%)
[42.041s][info][gc,heap     ] GC(12)                Mark Start          Mark End        Relocate Start      Relocate End           High               Low         
[42.041s][info][gc,heap     ] GC(12)  Capacity:    10882M (35%)       10882M (35%)       10882M (35%)       10882M (35%)       10882M (35%)       10882M (35%)    
[42.041s][info][gc,heap     ] GC(12)      Free:    26922M (88%)       26830M (87%)       30316M (99%)       30594M (100%)      30594M (100%)      26828M (87%)    
[42.041s][info][gc,heap     ] GC(12)      Used:     3796M (12%)        3888M (13%)         402M (1%)          124M (0%)         3890M (13%)         124M (0%)     
[42.041s][info][gc,heap     ] GC(12)      Live:         -                 9M (0%)            9M (0%)            9M (0%)             -                  -          
[42.042s][info][gc,heap     ] GC(12) Allocated:         -                92M (0%)           94M (0%)           94M (0%)             -                  -          
[42.042s][info][gc,heap     ] GC(12)   Garbage:         -              3786M (12%)         298M (1%)           20M (0%)             -                  -          
[42.042s][info][gc,heap     ] GC(12) Reclaimed:         -                  -              3488M (11%)        3766M (12%)            -                  -          
[42.042s][info][gc          ] GC(12) Garbage Collection (Proactive) 3796M(12%)->124M(0%)
[43.717s][info][gc,start    ] GC(13) Garbage Collection (Proactive)
[43.717s][info][gc,task     ] GC(13) Using 12 workers
[43.717s][info][gc,phases   ] GC(13) Pause Mark Start 0.013ms
[43.733s][info][gc,phases   ] GC(13) Concurrent Mark 16.382ms
[43.734s][info][gc,phases   ] GC(13) Pause Mark End 0.016ms
[43.734s][info][gc,phases   ] GC(13) Concurrent Mark Free 0.001ms
[43.740s][info][gc,phases   ] GC(13) Concurrent Process Non-Strong References 5.848ms
[43.740s][info][gc,phases   ] GC(13) Concurrent Reset Relocation Set 0.022ms
[43.745s][info][gc,phases   ] GC(13) Concurrent Select Relocation Set 4.811ms
[43.745s][info][gc,phases   ] GC(13) Pause Relocate Start 0.006ms
[43.747s][info][gc,phases   ] GC(13) Concurrent Relocate 2.743ms
[43.748s][info][gc,load     ] GC(13) Load: 0.00/0.00/0.00
[43.748s][info][gc,mmu      ] GC(13) MMU: 2ms/98.5%, 5ms/99.4%, 10ms/99.7%, 20ms/99.8%, 50ms/99.9%, 100ms/99.9%
[43.748s][info][gc,marking  ] GC(13) Mark: 8 stripe(s), 3 proactive flush(es), 1 terminate flush(es), 0 completion(s), 0 continuation(s) 
[43.748s][info][gc,marking  ] GC(13) Mark Stack Usage: 32M
[43.748s][info][gc,nmethod  ] GC(13) NMethods: 2178 registered, 596 unregistered
[43.748s][info][gc,metaspace] GC(13) Metaspace: 13M used, 14M committed, 1088M reserved
[43.748s][info][gc,ref      ] GC(13) Soft: 211 encountered, 0 discovered, 0 enqueued
[43.748s][info][gc,ref      ] GC(13) Weak: 723 encountered, 56 discovered, 0 enqueued
[43.748s][info][gc,ref      ] GC(13) Final: 0 encountered, 0 discovered, 0 enqueued
[43.748s][info][gc,ref      ] GC(13) Phantom: 59 encountered, 37 discovered, 0 enqueued
[43.748s][info][gc,reloc    ] GC(13) Small Pages: 1617 / 3234M, Empty: 2928M, Relocated: 6M, In-Place: 0
[43.748s][info][gc,reloc    ] GC(13) Medium Pages: 0 / 0M, Empty: 0M, Relocated: 0M, In-Place: 0
[43.748s][info][gc,reloc    ] GC(13) Large Pages: 0 / 0M, Empty: 0M, Relocated: 0M, In-Place: 0
[43.748s][info][gc,reloc    ] GC(13) Forwarding Usage: 1M
[43.748s][info][gc,heap     ] GC(13) Min Capacity: 8M(0%)
[43.748s][info][gc,heap     ] GC(13) Max Capacity: 30718M(100%)
[43.748s][info][gc,heap     ] GC(13) Soft Max Capacity: 30718M(100%)
[43.748s][info][gc,heap     ] GC(13)                Mark Start          Mark End        Relocate Start      Relocate End           High               Low         
[43.748s][info][gc,heap     ] GC(13)  Capacity:    10882M (35%)       10882M (35%)       10882M (35%)       10882M (35%)       10882M (35%)       10882M (35%)    
[43.748s][info][gc,heap     ] GC(13)      Free:    27484M (89%)       27400M (89%)       30320M (99%)       30594M (100%)      30594M (100%)      27394M (89%)    
[43.748s][info][gc,heap     ] GC(13)      Used:     3234M (11%)        3318M (11%)         398M (1%)          124M (0%)         3324M (11%)         124M (0%)     
[43.748s][info][gc,heap     ] GC(13)      Live:         -                 9M (0%)            9M (0%)            9M (0%)             -                  -          
[43.748s][info][gc,heap     ] GC(13) Allocated:         -                84M (0%)           92M (0%)           94M (0%)             -                  -          
[43.748s][info][gc,heap     ] GC(13)   Garbage:         -              3224M (10%)         296M (1%)           19M (0%)             -                  -          
[43.748s][info][gc,heap     ] GC(13) Reclaimed:         -                  -              2928M (10%)        3204M (10%)            -                  -          
[43.748s][info][gc          ] GC(13) Garbage Collection (Proactive) 3234M(11%)->124M(0%)
[45.616s][info][gc,start    ] GC(14) Garbage Collection (Proactive)
[45.616s][info][gc,task     ] GC(14) Using 12 workers
[45.616s][info][gc,phases   ] GC(14) Pause Mark Start 0.012ms
[45.627s][info][gc,phases   ] GC(14) Concurrent Mark 10.599ms
[45.627s][info][gc,phases   ] GC(14) Pause Mark End 0.019ms
[45.627s][info][gc,phases   ] GC(14) Concurrent Mark Free 0.001ms
[45.632s][info][gc,phases   ] GC(14) Concurrent Process Non-Strong References 5.017ms
[45.632s][info][gc,phases   ] GC(14) Concurrent Reset Relocation Set 0.018ms
[45.640s][info][gc,phases   ] GC(14) Concurrent Select Relocation Set 7.609ms
[45.640s][info][gc,phases   ] GC(14) Pause Relocate Start 0.006ms
[45.644s][info][gc,phases   ] GC(14) Concurrent Relocate 4.218ms
[45.645s][info][gc,load     ] GC(14) Load: 0.00/0.00/0.00
[45.645s][info][gc,mmu      ] GC(14) MMU: 2ms/98.5%, 5ms/99.4%, 10ms/99.7%, 20ms/99.8%, 50ms/99.9%, 100ms/99.9%
[45.645s][info][gc,marking  ] GC(14) Mark: 8 stripe(s), 5 proactive flush(es), 1 terminate flush(es), 0 completion(s), 0 continuation(s) 
[45.645s][info][gc,marking  ] GC(14) Mark Stack Usage: 32M
[45.645s][info][gc,nmethod  ] GC(14) NMethods: 2178 registered, 596 unregistered
[45.645s][info][gc,metaspace] GC(14) Metaspace: 13M used, 14M committed, 1088M reserved
[45.645s][info][gc,ref      ] GC(14) Soft: 211 encountered, 0 discovered, 0 enqueued
[45.645s][info][gc,ref      ] GC(14) Weak: 723 encountered, 288 discovered, 0 enqueued
[45.645s][info][gc,ref      ] GC(14) Final: 0 encountered, 0 discovered, 0 enqueued
[45.645s][info][gc,ref      ] GC(14) Phantom: 59 encountered, 34 discovered, 0 enqueued
[45.645s][info][gc,reloc    ] GC(14) Small Pages: 1864 / 3728M, Empty: 3422M, Relocated: 8M, In-Place: 0
[45.645s][info][gc,reloc    ] GC(14) Medium Pages: 0 / 0M, Empty: 0M, Relocated: 0M, In-Place: 0
[45.645s][info][gc,reloc    ] GC(14) Large Pages: 0 / 0M, Empty: 0M, Relocated: 0M, In-Place: 0
[45.645s][info][gc,reloc    ] GC(14) Forwarding Usage: 1M
[45.645s][info][gc,heap     ] GC(14) Min Capacity: 8M(0%)
[45.645s][info][gc,heap     ] GC(14) Max Capacity: 30718M(100%)
[45.645s][info][gc,heap     ] GC(14) Soft Max Capacity: 30718M(100%)
[45.645s][info][gc,heap     ] GC(14)                Mark Start          Mark End        Relocate Start      Relocate End           High               Low         
[45.645s][info][gc,heap     ] GC(14)  Capacity:    10882M (35%)       10882M (35%)       10882M (35%)       10882M (35%)       10882M (35%)       10882M (35%)    
[45.645s][info][gc,heap     ] GC(14)      Free:    26990M (88%)       26906M (88%)       30320M (99%)       30590M (100%)      30590M (100%)      26902M (88%)    
[45.645s][info][gc,heap     ] GC(14)      Used:     3728M (12%)        3812M (12%)         398M (1%)          128M (0%)         3816M (12%)         128M (0%)     
[45.645s][info][gc,heap     ] GC(14)      Live:         -                 9M (0%)            9M (0%)            9M (0%)             -                  -          
[45.645s][info][gc,heap     ] GC(14) Allocated:         -                84M (0%)           92M (0%)          100M (0%)             -                  -          
[45.645s][info][gc,heap     ] GC(14)   Garbage:         -              3718M (12%)         296M (1%)           17M (0%)             -                  -          
[45.645s][info][gc,heap     ] GC(14) Reclaimed:         -                  -              3422M (11%)        3700M (12%)            -                  -          
[45.645s][info][gc          ] GC(14) Garbage Collection (Proactive) 3728M(12%)->128M(0%)
[47.516s][info][gc,start    ] GC(15) Garbage Collection (Proactive)
[47.516s][info][gc,task     ] GC(15) Using 12 workers
[47.517s][info][gc,phases   ] GC(15) Pause Mark Start 0.011ms
[47.542s][info][gc,phases   ] GC(15) Concurrent Mark 24.855ms
[47.542s][info][gc,phases   ] GC(15) Pause Mark End 0.016ms
[47.542s][info][gc,phases   ] GC(15) Concurrent Mark Free 0.001ms
[47.548s][info][gc,phases   ] GC(15) Concurrent Process Non-Strong References 6.102ms
[47.548s][info][gc,phases   ] GC(15) Concurrent Reset Relocation Set 0.027ms
[47.553s][info][gc,phases   ] GC(15) Concurrent Select Relocation Set 4.919ms
[47.553s][info][gc,phases   ] GC(15) Pause Relocate Start 0.006ms
[47.557s][info][gc,phases   ] GC(15) Concurrent Relocate 3.354ms
[47.557s][info][gc,load     ] GC(15) Load: 0.00/0.00/0.00
[47.557s][info][gc,mmu      ] GC(15) MMU: 2ms/98.5%, 5ms/99.4%, 10ms/99.7%, 20ms/99.8%, 50ms/99.9%, 100ms/99.9%
[47.557s][info][gc,marking  ] GC(15) Mark: 8 stripe(s), 5 proactive flush(es), 1 terminate flush(es), 0 completion(s), 0 continuation(s) 
[47.557s][info][gc,marking  ] GC(15) Mark Stack Usage: 32M
[47.557s][info][gc,nmethod  ] GC(15) NMethods: 2178 registered, 596 unregistered
[47.557s][info][gc,metaspace] GC(15) Metaspace: 13M used, 14M committed, 1088M reserved
[47.557s][info][gc,ref      ] GC(15) Soft: 211 encountered, 0 discovered, 0 enqueued
[47.557s][info][gc,ref      ] GC(15) Weak: 723 encountered, 132 discovered, 0 enqueued
[47.557s][info][gc,ref      ] GC(15) Final: 0 encountered, 0 discovered, 0 enqueued
[47.557s][info][gc,ref      ] GC(15) Phantom: 59 encountered, 30 discovered, 0 enqueued
[47.557s][info][gc,reloc    ] GC(15) Small Pages: 1964 / 3928M, Empty: 3614M, Relocated: 8M, In-Place: 0
[47.557s][info][gc,reloc    ] GC(15) Medium Pages: 0 / 0M, Empty: 0M, Relocated: 0M, In-Place: 0
[47.557s][info][gc,reloc    ] GC(15) Large Pages: 0 / 0M, Empty: 0M, Relocated: 0M, In-Place: 0
[47.557s][info][gc,reloc    ] GC(15) Forwarding Usage: 1M
[47.557s][info][gc,heap     ] GC(15) Min Capacity: 8M(0%)
[47.557s][info][gc,heap     ] GC(15) Max Capacity: 30718M(100%)
[47.557s][info][gc,heap     ] GC(15) Soft Max Capacity: 30718M(100%)
[47.557s][info][gc,heap     ] GC(15)                Mark Start          Mark End        Relocate Start      Relocate End           High               Low         
[47.557s][info][gc,heap     ] GC(15)  Capacity:    10882M (35%)       10882M (35%)       10882M (35%)       10882M (35%)       10882M (35%)       10882M (35%)    
[47.557s][info][gc,heap     ] GC(15)      Free:    26790M (87%)       26704M (87%)       30304M (99%)       30582M (100%)      30582M (100%)      26698M (87%)    
[47.557s][info][gc,heap     ] GC(15)      Used:     3928M (13%)        4014M (13%)         414M (1%)          136M (0%)         4020M (13%)         136M (0%)     
[47.557s][info][gc,heap     ] GC(15)      Live:         -                10M (0%)           10M (0%)           10M (0%)             -                  -          
[47.557s][info][gc,heap     ] GC(15) Allocated:         -                86M (0%)          100M (0%)          108M (0%)             -                  -          
[47.557s][info][gc,heap     ] GC(15)   Garbage:         -              3917M (13%)         303M (1%)           17M (0%)             -                  -          
[47.557s][info][gc,heap     ] GC(15) Reclaimed:         -                  -              3614M (12%)        3900M (13%)            -                  -          
[47.557s][info][gc          ] GC(15) Garbage Collection (Proactive) 3928M(13%)->136M(0%)
[48.947s][info][gc,start    ] GC(16) Garbage Collection (System.gc())
[48.947s][info][gc,task     ] GC(16) Using 12 workers
[48.947s][info][gc,phases   ] GC(16) Pause Mark Start 0.017ms
[48.961s][info][gc,phases   ] GC(16) Concurrent Mark 13.346ms
[48.972s][info][gc,phases   ] GC(16) Pause Mark End 0.017ms
[48.972s][info][gc,phases   ] GC(16) Concurrent Mark Free 0.001ms
[48.979s][info][gc,phases   ] GC(16) Concurrent Process Non-Strong References 7.090ms
[48.980s][info][gc,phases   ] GC(16) Concurrent Reset Relocation Set 0.018ms
[48.984s][info][gc,phases   ] GC(16) Concurrent Select Relocation Set 4.850ms
[48.985s][info][gc,phases   ] GC(16) Pause Relocate Start 0.008ms
[48.987s][info][gc,phases   ] GC(16) Concurrent Relocate 2.711ms
[48.987s][info][gc,load     ] GC(16) Load: 0.00/0.00/0.00
[48.987s][info][gc,mmu      ] GC(16) MMU: 2ms/98.5%, 5ms/99.4%, 10ms/99.7%, 20ms/99.8%, 50ms/99.9%, 100ms/99.9%
[48.987s][info][gc,marking  ] GC(16) Mark: 8 stripe(s), 1 proactive flush(es), 1 terminate flush(es), 0 completion(s), 0 continuation(s) 
[48.987s][info][gc,marking  ] GC(16) Mark Stack Usage: 32M
[48.987s][info][gc,nmethod  ] GC(16) NMethods: 2178 registered, 596 unregistered
[48.988s][info][gc,metaspace] GC(16) Metaspace: 13M used, 14M committed, 1088M reserved
[48.988s][info][gc,ref      ] GC(16) Soft: 211 encountered, 0 discovered, 0 enqueued
[48.988s][info][gc,ref      ] GC(16) Weak: 623 encountered, 12 discovered, 0 enqueued
[48.988s][info][gc,ref      ] GC(16) Final: 0 encountered, 0 discovered, 0 enqueued
[48.988s][info][gc,ref      ] GC(16) Phantom: 59 encountered, 27 discovered, 0 enqueued
[48.988s][info][gc,reloc    ] GC(16) Small Pages: 1401 / 2802M, Empty: 2728M, Relocated: 4M, In-Place: 0
[48.988s][info][gc,reloc    ] GC(16) Medium Pages: 0 / 0M, Empty: 0M, Relocated: 0M, In-Place: 0
[48.988s][info][gc,reloc    ] GC(16) Large Pages: 0 / 0M, Empty: 0M, Relocated: 0M, In-Place: 0
[48.988s][info][gc,reloc    ] GC(16) Forwarding Usage: 1M
[48.988s][info][gc,heap     ] GC(16) Min Capacity: 8M(0%)
[48.988s][info][gc,heap     ] GC(16) Max Capacity: 30718M(100%)
[48.988s][info][gc,heap     ] GC(16) Soft Max Capacity: 30718M(100%)
[48.988s][info][gc,heap     ] GC(16)                Mark Start          Mark End        Relocate Start      Relocate End           High               Low         
[48.988s][info][gc,heap     ] GC(16)  Capacity:    10882M (35%)       10882M (35%)       10882M (35%)       10882M (35%)       10882M (35%)       10882M (35%)    
[48.988s][info][gc,heap     ] GC(16)      Free:    27916M (91%)       27916M (91%)       30644M (100%)      30692M (100%)      30692M (100%)      27916M (91%)    
[48.988s][info][gc,heap     ] GC(16)      Used:     2802M (9%)         2802M (9%)           74M (0%)           26M (0%)         2802M (9%)           26M (0%)     
[48.988s][info][gc,heap     ] GC(16)      Live:         -                 6M (0%)            6M (0%)            6M (0%)             -                  -          
[48.988s][info][gc,heap     ] GC(16) Allocated:         -                 0M (0%)            0M (0%)            0M (0%)             -                  -          
[48.988s][info][gc,heap     ] GC(16)   Garbage:         -              2795M (9%)           67M (0%)           19M (0%)             -                  -          
[48.988s][info][gc,heap     ] GC(16) Reclaimed:         -                  -              2728M (9%)         2776M (9%)             -                  -          
[48.988s][info][gc          ] GC(16) Garbage Collection (System.gc()) 2802M(9%)->26M(0%)
[50.117s][info][gc,stats    ] === Garbage Collection Statistics =======================================================================================================================
[50.117s][info][gc,stats    ]                                                              Last 10s              Last 10m              Last 10h                Total
[50.117s][info][gc,stats    ]                                                              Avg / Max             Avg / Max             Avg / Max             Avg / Max
[50.117s][info][gc,stats    ]   Collector: Garbage Collection Cycle                     33.163 / 40.331       43.590 / 130.478      43.590 / 130.478      43.590 / 130.478     ms
[50.117s][info][gc,stats    ]  Contention: Mark Segment Reset Contention                     6 / 26                2 / 26                2 / 26                2 / 26          ops/s
[50.117s][info][gc,stats    ]  Contention: Mark SeqNum Reset Contention                      0 / 3                 0 / 3                 0 / 3                 0 / 3           ops/s
[50.117s][info][gc,stats    ]    Critical: Allocation Stall                                  0 / 0                 0 / 0                 0 / 0                 0 / 0           ops/s
[50.117s][info][gc,stats    ]    Critical: Allocation Stall                              0.000 / 0.000         0.000 / 0.000         0.000 / 0.000         0.000 / 0.000       ms
[50.117s][info][gc,stats    ]    Critical: GC Locker Stall                                   0 / 0                 0 / 0                 0 / 0                 0 / 0           ops/s
[50.117s][info][gc,stats    ]    Critical: GC Locker Stall                               0.000 / 0.000         0.000 / 0.000         0.000 / 0.000         0.000 / 0.000       ms
[50.117s][info][gc,stats    ]    Critical: Relocation Stall                                  0 / 0                 0 / 0                 0 / 0                 0 / 0           ops/s
[50.117s][info][gc,stats    ]    Critical: Relocation Stall                              0.000 / 0.000         0.000 / 0.000         0.000 / 0.000         0.000 / 0.000       ms
[50.117s][info][gc,stats    ]      Memory: Allocation Rate                                1915 / 2032           1778 / 2284           1778 / 2284           1778 / 2284        MB/s
[50.117s][info][gc,stats    ]      Memory: Defragment                                        0 / 0                 0 / 0                 0 / 0                 0 / 0           ops/s
[50.117s][info][gc,stats    ]      Memory: Out Of Memory                                     0 / 0                 0 / 0                 0 / 0                 0 / 0           ops/s
[50.117s][info][gc,stats    ]      Memory: Page Cache Flush                                  0 / 0                 0 / 0                 0 / 0                 0 / 0           MB/s
[50.117s][info][gc,stats    ]      Memory: Page Cache Hit L1                               963 / 1021            784 / 1142            784 / 1142            784 / 1142        ops/s
[50.117s][info][gc,stats    ]      Memory: Page Cache Hit L2                                 0 / 0                 0 / 0                 0 / 0                 0 / 0           ops/s
[50.117s][info][gc,stats    ]      Memory: Page Cache Hit L3                                 0 / 0                20 / 613              20 / 613              20 / 613         ops/s
[50.117s][info][gc,stats    ]      Memory: Page Cache Miss                                   0 / 0                88 / 740              88 / 740              88 / 740         ops/s
[50.117s][info][gc,stats    ]      Memory: Uncommit                                          0 / 0                 0 / 0                 0 / 0                 0 / 0           MB/s
[50.117s][info][gc,stats    ]      Memory: Undo Object Allocation Failed                     0 / 1                 0 / 1                 0 / 1                 0 / 1           ops/s
[50.117s][info][gc,stats    ]      Memory: Undo Object Allocation Succeeded                 15 / 51                8 / 51                8 / 51                8 / 51          ops/s
[50.117s][info][gc,stats    ]      Memory: Undo Page Allocation                              0 / 1                 3 / 24                3 / 24                3 / 24          ops/s
[50.117s][info][gc,stats    ]       Phase: Concurrent Mark                              15.485 / 24.855       23.094 / 55.621       23.094 / 55.621       23.094 / 55.621      ms
[50.117s][info][gc,stats    ]       Phase: Concurrent Mark Continue                      0.000 / 0.000         0.000 / 0.000         0.000 / 0.000         0.000 / 0.000       ms
[50.117s][info][gc,stats    ]       Phase: Concurrent Mark Free                          0.001 / 0.001         0.001 / 0.001         0.001 / 0.001         0.001 / 0.001       ms
[50.117s][info][gc,stats    ]       Phase: Concurrent Process Non-Strong References      5.776 / 7.090         6.892 / 43.378        6.892 / 43.378        6.892 / 43.378      ms
[50.117s][info][gc,stats    ]       Phase: Concurrent Relocate                           3.163 / 4.218         3.217 / 4.444         3.217 / 4.444         3.217 / 4.444       ms
[50.117s][info][gc,stats    ]       Phase: Concurrent Reset Relocation Set               0.021 / 0.027         0.017 / 0.034         0.017 / 0.034         0.017 / 0.034       ms
[50.117s][info][gc,stats    ]       Phase: Concurrent Select Relocation Set              5.440 / 7.609         7.679 / 17.171        7.679 / 17.171        7.679 / 17.171      ms
[50.117s][info][gc,stats    ]       Phase: Pause Mark End                                0.017 / 0.020         0.019 / 0.030         0.019 / 0.030         0.019 / 0.030       ms
[50.117s][info][gc,stats    ]       Phase: Pause Mark Start                              0.013 / 0.017         0.013 / 0.020         0.013 / 0.020         0.013 / 0.020       ms
[50.117s][info][gc,stats    ]       Phase: Pause Relocate Start                          0.007 / 0.009         0.008 / 0.021         0.008 / 0.021         0.008 / 0.021       ms
[50.117s][info][gc,stats    ]    Subphase: Concurrent Classes Purge                      0.006 / 0.008         0.519 / 7.344         0.519 / 7.344         0.519 / 7.344       ms
[50.117s][info][gc,stats    ]    Subphase: Concurrent Classes Unlink                     0.583 / 0.657         1.020 / 8.444         1.020 / 8.444         1.020 / 8.444       ms
[50.117s][info][gc,stats    ]    Subphase: Concurrent Mark                              13.512 / 23.182       20.477 / 53.263       20.477 / 53.263       20.477 / 53.263      ms
[50.117s][info][gc,stats    ]    Subphase: Concurrent Mark Try Flush                     0.678 / 4.894         2.390 / 30.022        2.390 / 30.022        2.390 / 30.022      ms
[50.117s][info][gc,stats    ]    Subphase: Concurrent Mark Try Terminate                 2.071 / 9.838         2.324 / 15.149        2.324 / 15.149        2.324 / 15.149      ms
[50.117s][info][gc,stats    ]    Subphase: Concurrent References Enqueue                 0.000 / 0.001         0.001 / 0.004         0.001 / 0.004         0.001 / 0.004       ms
[50.117s][info][gc,stats    ]    Subphase: Concurrent References Process                 0.044 / 0.065         0.051 / 0.071         0.051 / 0.071         0.051 / 0.071       ms
[50.117s][info][gc,stats    ]    Subphase: Concurrent Roots ClassLoaderDataGraph         0.132 / 1.350         0.107 / 1.506         0.107 / 1.506         0.107 / 1.506       ms
[50.117s][info][gc,stats    ]    Subphase: Concurrent Roots CodeCache                    0.000 / 0.000         0.000 / 0.000         0.000 / 0.000         0.000 / 0.000       ms
[50.117s][info][gc,stats    ]    Subphase: Concurrent Roots JavaThreads                  0.790 / 2.305         1.130 / 8.195         1.130 / 8.195         1.130 / 8.195       ms
[50.117s][info][gc,stats    ]    Subphase: Concurrent Roots OopStorageSet                0.219 / 0.901         0.193 / 1.312         0.193 / 1.312         0.193 / 1.312       ms
[50.117s][info][gc,stats    ]    Subphase: Concurrent Weak Roots OopStorageSet           4.994 / 6.304         3.408 / 6.304         3.408 / 6.304         3.408 / 6.304       ms
[50.117s][info][gc,stats    ]    Subphase: Pause Mark Try Complete                       0.000 / 0.000         0.000 / 0.000         0.000 / 0.000         0.000 / 0.000       ms
[50.117s][info][gc,stats    ]      System: Java Threads                                     50 / 60               45 / 61               45 / 61               45 / 61          threads
[50.117s][info][gc,stats    ] =========================================================================================================================================================
[52.516s][info][gc,start    ] GC(17) Garbage Collection (Proactive)
[52.516s][info][gc,task     ] GC(17) Using 12 workers
[52.516s][info][gc,phases   ] GC(17) Pause Mark Start 0.014ms
[52.535s][info][gc,phases   ] GC(17) Concurrent Mark 18.186ms
[52.535s][info][gc,phases   ] GC(17) Pause Mark End 0.019ms
[52.535s][info][gc,phases   ] GC(17) Concurrent Mark Free 0.001ms
[52.542s][info][gc,phases   ] GC(17) Concurrent Process Non-Strong References 7.372ms
[52.542s][info][gc,phases   ] GC(17) Concurrent Reset Relocation Set 0.008ms
[52.548s][info][gc,phases   ] GC(17) Concurrent Select Relocation Set 5.446ms
[52.548s][info][gc,phases   ] GC(17) Pause Relocate Start 0.007ms
[52.550s][info][gc,phases   ] GC(17) Concurrent Relocate 2.382ms
[52.550s][info][gc,load     ] GC(17) Load: 0.00/0.00/0.00
[52.550s][info][gc,mmu      ] GC(17) MMU: 2ms/98.5%, 5ms/99.4%, 10ms/99.7%, 20ms/99.8%, 50ms/99.9%, 100ms/99.9%
[52.550s][info][gc,marking  ] GC(17) Mark: 8 stripe(s), 5 proactive flush(es), 1 terminate flush(es), 0 completion(s), 0 continuation(s) 
[52.550s][info][gc,marking  ] GC(17) Mark Stack Usage: 32M
[52.550s][info][gc,nmethod  ] GC(17) NMethods: 2190 registered, 600 unregistered
[52.550s][info][gc,metaspace] GC(17) Metaspace: 13M used, 14M committed, 1088M reserved
[52.550s][info][gc,ref      ] GC(17) Soft: 211 encountered, 0 discovered, 0 enqueued
[52.551s][info][gc,ref      ] GC(17) Weak: 729 encountered, 92 discovered, 2 enqueued
[52.551s][info][gc,ref      ] GC(17) Final: 0 encountered, 0 discovered, 0 enqueued
[52.551s][info][gc,ref      ] GC(17) Phantom: 59 encountered, 32 discovered, 0 enqueued
[52.551s][info][gc,reloc    ] GC(17) Small Pages: 3131 / 6262M, Empty: 5912M, Relocated: 6M, In-Place: 0
[52.551s][info][gc,reloc    ] GC(17) Medium Pages: 0 / 0M, Empty: 0M, Relocated: 0M, In-Place: 0
[52.551s][info][gc,reloc    ] GC(17) Large Pages: 0 / 0M, Empty: 0M, Relocated: 0M, In-Place: 0
[52.551s][info][gc,reloc    ] GC(17) Forwarding Usage: 1M
[52.551s][info][gc,heap     ] GC(17) Min Capacity: 8M(0%)
[52.551s][info][gc,heap     ] GC(17) Max Capacity: 30718M(100%)
[52.551s][info][gc,heap     ] GC(17) Soft Max Capacity: 30718M(100%)
[52.551s][info][gc,heap     ] GC(17)                Mark Start          Mark End        Relocate Start      Relocate End           High               Low         
[52.551s][info][gc,heap     ] GC(17)  Capacity:    10882M (35%)       10882M (35%)       10882M (35%)       10882M (35%)       10882M (35%)       10882M (35%)    
[52.551s][info][gc,heap     ] GC(17)      Free:    24456M (80%)       24376M (79%)       30274M (99%)       30588M (100%)      30588M (100%)      24368M (79%)    
[52.551s][info][gc,heap     ] GC(17)      Used:     6262M (20%)        6342M (21%)         444M (1%)          130M (0%)         6350M (21%)         130M (0%)     
[52.551s][info][gc,heap     ] GC(17)      Live:         -                 9M (0%)            9M (0%)            9M (0%)             -                  -          
[52.551s][info][gc,heap     ] GC(17) Allocated:         -                80M (0%)           94M (0%)          100M (0%)             -                  -          
[52.551s][info][gc,heap     ] GC(17)   Garbage:         -              6252M (20%)         340M (1%)           20M (0%)             -                  -          
[52.551s][info][gc,heap     ] GC(17) Reclaimed:         -                  -              5912M (19%)        6232M (20%)            -                  -          
[52.551s][info][gc          ] GC(17) Garbage Collection (Proactive) 6262M(20%)->130M(0%)
[55.515s][info][gc,start    ] GC(18) Garbage Collection (Proactive)
[55.515s][info][gc,task     ] GC(18) Using 12 workers
[55.515s][info][gc,phases   ] GC(18) Pause Mark Start 0.012ms
[55.529s][info][gc,phases   ] GC(18) Concurrent Mark 13.305ms
[55.529s][info][gc,phases   ] GC(18) Pause Mark End 0.020ms
[55.529s][info][gc,phases   ] GC(18) Concurrent Mark Free 0.002ms
[55.537s][info][gc,phases   ] GC(18) Concurrent Process Non-Strong References 7.420ms
[55.537s][info][gc,phases   ] GC(18) Concurrent Reset Relocation Set 0.018ms
[55.542s][info][gc,phases   ] GC(18) Concurrent Select Relocation Set 5.208ms
[55.542s][info][gc,phases   ] GC(18) Pause Relocate Start 0.008ms
[55.545s][info][gc,phases   ] GC(18) Concurrent Relocate 2.548ms
[55.545s][info][gc,load     ] GC(18) Load: 0.00/0.00/0.00
[55.545s][info][gc,mmu      ] GC(18) MMU: 2ms/98.5%, 5ms/99.4%, 10ms/99.7%, 20ms/99.8%, 50ms/99.9%, 100ms/99.9%
[55.545s][info][gc,marking  ] GC(18) Mark: 8 stripe(s), 3 proactive flush(es), 1 terminate flush(es), 0 completion(s), 0 continuation(s) 
[55.545s][info][gc,marking  ] GC(18) Mark Stack Usage: 32M
[55.545s][info][gc,nmethod  ] GC(18) NMethods: 2190 registered, 601 unregistered
[55.545s][info][gc,metaspace] GC(18) Metaspace: 13M used, 14M committed, 1088M reserved
[55.545s][info][gc,ref      ] GC(18) Soft: 211 encountered, 0 discovered, 0 enqueued
[55.545s][info][gc,ref      ] GC(18) Weak: 727 encountered, 268 discovered, 0 enqueued
[55.545s][info][gc,ref      ] GC(18) Final: 0 encountered, 0 discovered, 0 enqueued
[55.545s][info][gc,ref      ] GC(18) Phantom: 59 encountered, 38 discovered, 0 enqueued
[55.545s][info][gc,reloc    ] GC(18) Small Pages: 2936 / 5872M, Empty: 5520M, Relocated: 6M, In-Place: 0
[55.545s][info][gc,reloc    ] GC(18) Medium Pages: 0 / 0M, Empty: 0M, Relocated: 0M, In-Place: 0
[55.545s][info][gc,reloc    ] GC(18) Large Pages: 0 / 0M, Empty: 0M, Relocated: 0M, In-Place: 0
[55.545s][info][gc,reloc    ] GC(18) Forwarding Usage: 1M
[55.545s][info][gc,heap     ] GC(18) Min Capacity: 8M(0%)
[55.545s][info][gc,heap     ] GC(18) Max Capacity: 30718M(100%)
[55.545s][info][gc,heap     ] GC(18) Soft Max Capacity: 30718M(100%)
[55.545s][info][gc,heap     ] GC(18)                Mark Start          Mark End        Relocate Start      Relocate End           High               Low         
[55.545s][info][gc,heap     ] GC(18)  Capacity:    10882M (35%)       10882M (35%)       10882M (35%)       10882M (35%)       10882M (35%)       10882M (35%)    
[55.545s][info][gc,heap     ] GC(18)      Free:    24846M (81%)       24760M (81%)       30270M (99%)       30594M (100%)      30594M (100%)      24754M (81%)    
[55.545s][info][gc,heap     ] GC(18)      Used:     5872M (19%)        5958M (19%)         448M (1%)          124M (0%)         5964M (19%)         124M (0%)     
[55.545s][info][gc,heap     ] GC(18)      Live:         -                 9M (0%)            9M (0%)            9M (0%)             -                  -          
[55.545s][info][gc,heap     ] GC(18) Allocated:         -                86M (0%)           96M (0%)           94M (0%)             -                  -          
[55.545s][info][gc,heap     ] GC(18)   Garbage:         -              5862M (19%)         342M (1%)           19M (0%)             -                  -          
[55.545s][info][gc,heap     ] GC(18) Reclaimed:         -                  -              5520M (18%)        5842M (19%)            -                  -          
[55.545s][info][gc          ] GC(18) Garbage Collection (Proactive) 5872M(19%)->124M(0%)
[57.916s][info][gc,start    ] GC(19) Garbage Collection (Proactive)
[57.917s][info][gc,task     ] GC(19) Using 12 workers
[57.917s][info][gc,phases   ] GC(19) Pause Mark Start 0.011ms
[57.931s][info][gc,phases   ] GC(19) Concurrent Mark 13.746ms
[57.931s][info][gc,phases   ] GC(19) Pause Mark End 0.017ms
[57.931s][info][gc,phases   ] GC(19) Concurrent Mark Free 0.001ms
[57.938s][info][gc,phases   ] GC(19) Concurrent Process Non-Strong References 6.733ms
[57.938s][info][gc,phases   ] GC(19) Concurrent Reset Relocation Set 0.021ms
[57.946s][info][gc,phases   ] GC(19) Concurrent Select Relocation Set 8.166ms
[57.946s][info][gc,phases   ] GC(19) Pause Relocate Start 0.006ms
[57.950s][info][gc,phases   ] GC(19) Concurrent Relocate 4.236ms
[57.950s][info][gc,load     ] GC(19) Load: 0.00/0.00/0.00
[57.950s][info][gc,mmu      ] GC(19) MMU: 2ms/98.5%, 5ms/99.4%, 10ms/99.7%, 20ms/99.8%, 50ms/99.9%, 100ms/99.9%
[57.950s][info][gc,marking  ] GC(19) Mark: 8 stripe(s), 3 proactive flush(es), 1 terminate flush(es), 0 completion(s), 0 continuation(s) 
[57.950s][info][gc,marking  ] GC(19) Mark Stack Usage: 32M
[57.950s][info][gc,nmethod  ] GC(19) NMethods: 2190 registered, 601 unregistered
[57.950s][info][gc,metaspace] GC(19) Metaspace: 13M used, 14M committed, 1088M reserved
[57.950s][info][gc,ref      ] GC(19) Soft: 211 encountered, 0 discovered, 0 enqueued
[57.950s][info][gc,ref      ] GC(19) Weak: 727 encountered, 235 discovered, 0 enqueued
[57.950s][info][gc,ref      ] GC(19) Final: 0 encountered, 0 discovered, 0 enqueued
[57.950s][info][gc,ref      ] GC(19) Phantom: 59 encountered, 46 discovered, 0 enqueued
[57.950s][info][gc,reloc    ] GC(19) Small Pages: 2191 / 4382M, Empty: 4060M, Relocated: 8M, In-Place: 0
[57.950s][info][gc,reloc    ] GC(19) Medium Pages: 0 / 0M, Empty: 0M, Relocated: 0M, In-Place: 0
[57.951s][info][gc,reloc    ] GC(19) Large Pages: 0 / 0M, Empty: 0M, Relocated: 0M, In-Place: 0
[57.951s][info][gc,reloc    ] GC(19) Forwarding Usage: 1M
[57.951s][info][gc,heap     ] GC(19) Min Capacity: 8M(0%)
[57.951s][info][gc,heap     ] GC(19) Max Capacity: 30718M(100%)
[57.951s][info][gc,heap     ] GC(19) Soft Max Capacity: 30718M(100%)
[57.951s][info][gc,heap     ] GC(19)                Mark Start          Mark End        Relocate Start      Relocate End           High               Low         
[57.951s][info][gc,heap     ] GC(19)  Capacity:    10882M (35%)       10882M (35%)       10882M (35%)       10882M (35%)       10882M (35%)       10882M (35%)    
[57.951s][info][gc,heap     ] GC(19)      Free:    26336M (86%)       26250M (85%)       30304M (99%)       30588M (100%)      30590M (100%)      26248M (85%)    
[57.951s][info][gc,heap     ] GC(19)      Used:     4382M (14%)        4468M (15%)         414M (1%)          130M (0%)         4470M (15%)         128M (0%)     
[57.951s][info][gc,heap     ] GC(19)      Live:         -                 9M (0%)            9M (0%)            9M (0%)             -                  -          
[57.951s][info][gc,heap     ] GC(19) Allocated:         -                86M (0%)           92M (0%)          102M (0%)             -                  -          
[57.951s][info][gc,heap     ] GC(19)   Garbage:         -              4372M (14%)         312M (1%)           17M (0%)             -                  -          
[57.951s][info][gc,heap     ] GC(19) Reclaimed:         -                  -              4060M (13%)        4354M (14%)            -                  -          
[57.951s][info][gc          ] GC(19) Garbage Collection (Proactive) 4382M(14%)->130M(0%)
[60.116s][info][gc,start    ] GC(20) Garbage Collection (Proactive)
[60.116s][info][gc,task     ] GC(20) Using 12 workers
[60.116s][info][gc,phases   ] GC(20) Pause Mark Start 0.011ms
[60.117s][info][gc,stats    ] === Garbage Collection Statistics =======================================================================================================================
[60.117s][info][gc,stats    ]                                                              Last 10s              Last 10m              Last 10h                Total
[60.117s][info][gc,stats    ]                                                              Avg / Max             Avg / Max             Avg / Max             Avg / Max
[60.117s][info][gc,stats    ]   Collector: Garbage Collection Cycle                     32.630 / 34.422       41.946 / 130.478      41.946 / 130.478      41.946 / 130.478     ms
[60.117s][info][gc,stats    ]  Contention: Mark Segment Reset Contention                     2 / 8                 2 / 26                2 / 26                2 / 26          ops/s
[60.117s][info][gc,stats    ]  Contention: Mark SeqNum Reset Contention                      0 / 3                 0 / 3                 0 / 3                 0 / 3           ops/s
[60.117s][info][gc,stats    ]    Critical: Allocation Stall                                  0 / 0                 0 / 0                 0 / 0                 0 / 0           ops/s
[60.117s][info][gc,stats    ]    Critical: Allocation Stall                              0.000 / 0.000         0.000 / 0.000         0.000 / 0.000         0.000 / 0.000       ms
[60.117s][info][gc,stats    ]    Critical: GC Locker Stall                                   0 / 0                 0 / 0                 0 / 0                 0 / 0           ops/s
[60.117s][info][gc,stats    ]    Critical: GC Locker Stall                               0.000 / 0.000         0.000 / 0.000         0.000 / 0.000         0.000 / 0.000       ms
[60.117s][info][gc,stats    ]    Critical: Relocation Stall                                  0 / 0                 0 / 0                 0 / 0                 0 / 0           ops/s
[60.117s][info][gc,stats    ]    Critical: Relocation Stall                              0.000 / 0.000         0.000 / 0.000         0.000 / 0.000         0.000 / 0.000       ms
[60.117s][info][gc,stats    ]      Memory: Allocation Rate                                1844 / 1954           1789 / 2284           1789 / 2284           1789 / 2284        MB/s
[60.117s][info][gc,stats    ]      Memory: Defragment                                        0 / 0                 0 / 0                 0 / 0                 0 / 0           ops/s
[60.117s][info][gc,stats    ]      Memory: Out Of Memory                                     0 / 0                 0 / 0                 0 / 0                 0 / 0           ops/s
[60.117s][info][gc,stats    ]      Memory: Page Cache Flush                                  0 / 0                 0 / 0                 0 / 0                 0 / 0           MB/s
[60.117s][info][gc,stats    ]      Memory: Page Cache Hit L1                               925 / 977             807 / 1142            807 / 1142            807 / 1142        ops/s
[60.117s][info][gc,stats    ]      Memory: Page Cache Hit L2                                 0 / 0                 0 / 0                 0 / 0                 0 / 0           ops/s
[60.117s][info][gc,stats    ]      Memory: Page Cache Hit L3                                 0 / 0                17 / 613              17 / 613              17 / 613         ops/s
[60.117s][info][gc,stats    ]      Memory: Page Cache Miss                                   0 / 0                73 / 740              73 / 740              73 / 740         ops/s
[60.117s][info][gc,stats    ]      Memory: Uncommit                                          0 / 0                 0 / 0                 0 / 0                 0 / 0           MB/s
[60.117s][info][gc,stats    ]      Memory: Undo Object Allocation Failed                     0 / 0                 0 / 1                 0 / 1                 0 / 1           ops/s
[60.117s][info][gc,stats    ]      Memory: Undo Object Allocation Succeeded                 12 / 52                8 / 52                8 / 52                8 / 52          ops/s
[60.117s][info][gc,stats    ]      Memory: Undo Page Allocation                              0 / 1                 2 / 24                2 / 24                2 / 24          ops/s
[60.117s][info][gc,stats    ]       Phase: Concurrent Mark                              15.079 / 18.186       21.892 / 55.621       21.892 / 55.621       21.892 / 55.621      ms
[60.117s][info][gc,stats    ]       Phase: Concurrent Mark Continue                      0.000 / 0.000         0.000 / 0.000         0.000 / 0.000         0.000 / 0.000       ms
[60.117s][info][gc,stats    ]       Phase: Concurrent Mark Free                          0.001 / 0.002         0.001 / 0.002         0.001 / 0.002         0.001 / 0.002       ms
[60.117s][info][gc,stats    ]       Phase: Concurrent Process Non-Strong References      7.175 / 7.420         6.934 / 43.378        6.934 / 43.378        6.934 / 43.378      ms
[60.117s][info][gc,stats    ]       Phase: Concurrent Relocate                           3.055 / 4.236         3.192 / 4.444         3.192 / 4.444         3.192 / 4.444       ms
[60.117s][info][gc,stats    ]       Phase: Concurrent Reset Relocation Set               0.016 / 0.021         0.017 / 0.034         0.017 / 0.034         0.017 / 0.034       ms
[60.117s][info][gc,stats    ]       Phase: Concurrent Select Relocation Set              6.273 / 8.166         7.468 / 17.171        7.468 / 17.171        7.468 / 17.171      ms
[60.117s][info][gc,stats    ]       Phase: Pause Mark End                                0.018 / 0.020         0.019 / 0.030         0.019 / 0.030         0.019 / 0.030       ms
[60.117s][info][gc,stats    ]       Phase: Pause Mark Start                              0.012 / 0.014         0.013 / 0.020         0.013 / 0.020         0.013 / 0.020       ms
[60.117s][info][gc,stats    ]       Phase: Pause Relocate Start                          0.007 / 0.008         0.008 / 0.021         0.008 / 0.021         0.008 / 0.021       ms
[60.117s][info][gc,stats    ]    Subphase: Concurrent Classes Purge                      0.021 / 0.040         0.444 / 7.344         0.444 / 7.344         0.444 / 7.344       ms
[60.117s][info][gc,stats    ]    Subphase: Concurrent Classes Unlink                     0.515 / 0.545         0.944 / 8.444         0.944 / 8.444         0.944 / 8.444       ms
[60.117s][info][gc,stats    ]    Subphase: Concurrent Mark                              13.216 / 16.628       19.388 / 53.263       19.388 / 53.263       19.388 / 53.263      ms
[60.117s][info][gc,stats    ]    Subphase: Concurrent Mark Try Flush                     0.101 / 0.169         1.985 / 30.022        1.985 / 30.022        1.985 / 30.022      ms
[60.117s][info][gc,stats    ]    Subphase: Concurrent Mark Try Terminate                 1.524 / 2.211         2.250 / 15.149        2.250 / 15.149        2.250 / 15.149      ms
[60.117s][info][gc,stats    ]    Subphase: Concurrent References Enqueue                 0.001 / 0.003         0.001 / 0.004         0.001 / 0.004         0.001 / 0.004       ms
[60.118s][info][gc,stats    ]    Subphase: Concurrent References Process                 0.062 / 0.080         0.052 / 0.080         0.052 / 0.080         0.052 / 0.080       ms
[60.118s][info][gc,stats    ]    Subphase: Concurrent Roots ClassLoaderDataGraph         0.073 / 0.595         0.101 / 1.506         0.101 / 1.506         0.101 / 1.506       ms
[60.118s][info][gc,stats    ]    Subphase: Concurrent Roots CodeCache                    0.000 / 0.000         0.000 / 0.000         0.000 / 0.000         0.000 / 0.000       ms
[60.118s][info][gc,stats    ]    Subphase: Concurrent Roots JavaThreads                  0.735 / 1.453         1.066 / 8.195         1.066 / 8.195         1.066 / 8.195       ms
[60.118s][info][gc,stats    ]    Subphase: Concurrent Roots OopStorageSet                0.133 / 0.473         0.182 / 1.312         0.182 / 1.312         0.182 / 1.312       ms
[60.118s][info][gc,stats    ]    Subphase: Concurrent Weak Roots OopStorageSet           6.417 / 6.718         3.859 / 6.718         3.859 / 6.718         3.859 / 6.718       ms
[60.118s][info][gc,stats    ]    Subphase: Pause Mark Try Complete                       0.000 / 0.000         0.000 / 0.000         0.000 / 0.000         0.000 / 0.000       ms
[60.118s][info][gc,stats    ]      System: Java Threads                                     60 / 61               48 / 61               48 / 61               48 / 61          threads
[60.118s][info][gc,stats    ] =========================================================================================================================================================
[60.134s][info][gc,phases   ] GC(20) Concurrent Mark 17.552ms
[60.134s][info][gc,phases   ] GC(20) Pause Mark End 0.018ms
[60.134s][info][gc,phases   ] GC(20) Concurrent Mark Free 0.002ms
[60.140s][info][gc,phases   ] GC(20) Concurrent Process Non-Strong References 6.228ms
[60.140s][info][gc,phases   ] GC(20) Concurrent Reset Relocation Set 0.024ms
[60.145s][info][gc,phases   ] GC(20) Concurrent Select Relocation Set 5.226ms
[60.145s][info][gc,phases   ] GC(20) Pause Relocate Start 0.007ms
[60.150s][info][gc,phases   ] GC(20) Concurrent Relocate 4.517ms
[60.150s][info][gc,load     ] GC(20) Load: 0.00/0.00/0.00
[60.150s][info][gc,mmu      ] GC(20) MMU: 2ms/98.5%, 5ms/99.4%, 10ms/99.7%, 20ms/99.8%, 50ms/99.9%, 100ms/99.9%
[60.150s][info][gc,marking  ] GC(20) Mark: 8 stripe(s), 6 proactive flush(es), 1 terminate flush(es), 0 completion(s), 0 continuation(s) 
[60.150s][info][gc,marking  ] GC(20) Mark Stack Usage: 32M
[60.150s][info][gc,nmethod  ] GC(20) NMethods: 2190 registered, 601 unregistered
[60.150s][info][gc,metaspace] GC(20) Metaspace: 13M used, 14M committed, 1088M reserved
[60.150s][info][gc,ref      ] GC(20) Soft: 211 encountered, 0 discovered, 0 enqueued
[60.150s][info][gc,ref      ] GC(20) Weak: 721 encountered, 291 discovered, 0 enqueued
[60.150s][info][gc,ref      ] GC(20) Final: 0 encountered, 0 discovered, 0 enqueued
[60.150s][info][gc,ref      ] GC(20) Phantom: 59 encountered, 55 discovered, 0 enqueued
[60.150s][info][gc,reloc    ] GC(20) Small Pages: 2016 / 4032M, Empty: 3728M, Relocated: 8M, In-Place: 0
[60.150s][info][gc,reloc    ] GC(20) Medium Pages: 0 / 0M, Empty: 0M, Relocated: 0M, In-Place: 0
[60.150s][info][gc,reloc    ] GC(20) Large Pages: 0 / 0M, Empty: 0M, Relocated: 0M, In-Place: 0
[60.150s][info][gc,reloc    ] GC(20) Forwarding Usage: 1M
[60.150s][info][gc,heap     ] GC(20) Min Capacity: 8M(0%)
[60.150s][info][gc,heap     ] GC(20) Max Capacity: 30718M(100%)
[60.150s][info][gc,heap     ] GC(20) Soft Max Capacity: 30718M(100%)
[60.150s][info][gc,heap     ] GC(20)                Mark Start          Mark End        Relocate Start      Relocate End           High               Low         
[60.150s][info][gc,heap     ] GC(20)  Capacity:    10882M (35%)       10882M (35%)       10882M (35%)       10882M (35%)       10882M (35%)       10882M (35%)    
[60.150s][info][gc,heap     ] GC(20)      Free:    26686M (87%)       26600M (87%)       30320M (99%)       30594M (100%)      30594M (100%)      26598M (87%)    
[60.150s][info][gc,heap     ] GC(20)      Used:     4032M (13%)        4118M (13%)         398M (1%)          124M (0%)         4120M (13%)         124M (0%)     
[60.150s][info][gc,heap     ] GC(20)      Live:         -                10M (0%)           10M (0%)           10M (0%)             -                  -          
[60.150s][info][gc,heap     ] GC(20) Allocated:         -                86M (0%)           94M (0%)           97M (0%)             -                  -          
[60.150s][info][gc,heap     ] GC(20)   Garbage:         -              4021M (13%)         293M (1%)           15M (0%)             -                  -          
[60.150s][info][gc,heap     ] GC(20) Reclaimed:         -                  -              3728M (12%)        4005M (13%)            -                  -          
[60.150s][info][gc          ] GC(20) Garbage Collection (Proactive) 4032M(13%)->124M(0%)
[60.941s][info][gc,start    ] GC(21) Garbage Collection (System.gc())
[60.941s][info][gc,task     ] GC(21) Using 12 workers
[60.941s][info][gc,phases   ] GC(21) Pause Mark Start 0.016ms
[60.954s][info][gc,phases   ] GC(21) Concurrent Mark 13.296ms
[60.955s][info][gc,phases   ] GC(21) Pause Mark End 0.017ms
[60.955s][info][gc,phases   ] GC(21) Concurrent Mark Free 0.001ms
[60.963s][info][gc,phases   ] GC(21) Concurrent Process Non-Strong References 8.788ms
[60.963s][info][gc,phases   ] GC(21) Concurrent Reset Relocation Set 0.019ms
[60.967s][info][gc,phases   ] GC(21) Concurrent Select Relocation Set 3.748ms
[60.967s][info][gc,phases   ] GC(21) Pause Relocate Start 0.009ms
[60.970s][info][gc,phases   ] GC(21) Concurrent Relocate 2.699ms
[60.970s][info][gc,load     ] GC(21) Load: 0.00/0.00/0.00
[60.970s][info][gc,mmu      ] GC(21) MMU: 2ms/98.5%, 5ms/99.4%, 10ms/99.7%, 20ms/99.8%, 50ms/99.9%, 100ms/99.9%
[60.970s][info][gc,marking  ] GC(21) Mark: 8 stripe(s), 1 proactive flush(es), 1 terminate flush(es), 0 completion(s), 0 continuation(s) 
[60.970s][info][gc,marking  ] GC(21) Mark Stack Usage: 32M
[60.970s][info][gc,nmethod  ] GC(21) NMethods: 2193 registered, 601 unregistered
[60.970s][info][gc,metaspace] GC(21) Metaspace: 13M used, 14M committed, 1088M reserved
[60.970s][info][gc,ref      ] GC(21) Soft: 211 encountered, 0 discovered, 0 enqueued
[60.970s][info][gc,ref      ] GC(21) Weak: 627 encountered, 82 discovered, 0 enqueued
[60.970s][info][gc,ref      ] GC(21) Final: 0 encountered, 0 discovered, 0 enqueued
[60.970s][info][gc,ref      ] GC(21) Phantom: 59 encountered, 30 discovered, 0 enqueued
[60.971s][info][gc,reloc    ] GC(21) Small Pages: 861 / 1722M, Empty: 1680M, Relocated: 4M, In-Place: 0
[60.971s][info][gc,reloc    ] GC(21) Medium Pages: 0 / 0M, Empty: 0M, Relocated: 0M, In-Place: 0
[60.971s][info][gc,reloc    ] GC(21) Large Pages: 0 / 0M, Empty: 0M, Relocated: 0M, In-Place: 0
[60.971s][info][gc,reloc    ] GC(21) Forwarding Usage: 1M
[60.971s][info][gc,heap     ] GC(21) Min Capacity: 8M(0%)
[60.971s][info][gc,heap     ] GC(21) Max Capacity: 30718M(100%)
[60.971s][info][gc,heap     ] GC(21) Soft Max Capacity: 30718M(100%)
[60.971s][info][gc,heap     ] GC(21)                Mark Start          Mark End        Relocate Start      Relocate End           High               Low         
[60.971s][info][gc,heap     ] GC(21)  Capacity:    10882M (35%)       10882M (35%)       10882M (35%)       10882M (35%)       10882M (35%)       10882M (35%)    
[60.971s][info][gc,heap     ] GC(21)      Free:    28996M (94%)       28996M (94%)       30676M (100%)      30692M (100%)      30692M (100%)      28996M (94%)    
[60.971s][info][gc,heap     ] GC(21)      Used:     1722M (6%)         1722M (6%)           42M (0%)           26M (0%)         1722M (6%)           26M (0%)     
[60.971s][info][gc,heap     ] GC(21)      Live:         -                 6M (0%)            6M (0%)            6M (0%)             -                  -          
[60.971s][info][gc,heap     ] GC(21) Allocated:         -                 0M (0%)            0M (0%)            0M (0%)             -                  -          
[60.971s][info][gc,heap     ] GC(21)   Garbage:         -              1715M (6%)           35M (0%)           19M (0%)             -                  -          
[60.971s][info][gc,heap     ] GC(21) Reclaimed:         -                  -              1680M (5%)         1696M (6%)             -                  -          
[60.971s][info][gc          ] GC(21) Garbage Collection (System.gc()) 1722M(6%)->26M(0%)
[62.916s][info][gc,start    ] GC(22) Garbage Collection (Proactive)
[62.916s][info][gc,task     ] GC(22) Using 12 workers
[62.916s][info][gc,phases   ] GC(22) Pause Mark Start 0.013ms
[62.925s][info][gc,phases   ] GC(22) Concurrent Mark 9.071ms
[62.925s][info][gc,phases   ] GC(22) Pause Mark End 0.019ms
[62.925s][info][gc,phases   ] GC(22) Concurrent Mark Free 0.001ms
[62.931s][info][gc,phases   ] GC(22) Concurrent Process Non-Strong References 5.915ms
[62.932s][info][gc,phases   ] GC(22) Concurrent Reset Relocation Set 0.002ms
[62.936s][info][gc,phases   ] GC(22) Concurrent Select Relocation Set 4.280ms
[62.936s][info][gc,phases   ] GC(22) Pause Relocate Start 0.006ms
[62.940s][info][gc,phases   ] GC(22) Concurrent Relocate 4.037ms
[62.940s][info][gc,load     ] GC(22) Load: 0.00/0.00/0.00
[62.940s][info][gc,mmu      ] GC(22) MMU: 2ms/98.5%, 5ms/99.4%, 10ms/99.7%, 20ms/99.8%, 50ms/99.9%, 100ms/99.9%
[62.940s][info][gc,marking  ] GC(22) Mark: 8 stripe(s), 5 proactive flush(es), 1 terminate flush(es), 0 completion(s), 0 continuation(s) 
[62.940s][info][gc,marking  ] GC(22) Mark Stack Usage: 32M
[62.940s][info][gc,nmethod  ] GC(22) NMethods: 2224 registered, 602 unregistered
[62.940s][info][gc,metaspace] GC(22) Metaspace: 13M used, 14M committed, 1088M reserved
[62.940s][info][gc,ref      ] GC(22) Soft: 211 encountered, 0 discovered, 0 enqueued
[62.940s][info][gc,ref      ] GC(22) Weak: 723 encountered, 57 discovered, 0 enqueued
[62.940s][info][gc,ref      ] GC(22) Final: 0 encountered, 0 discovered, 0 enqueued
[62.940s][info][gc,ref      ] GC(22) Phantom: 59 encountered, 34 discovered, 0 enqueued
[62.940s][info][gc,reloc    ] GC(22) Small Pages: 1888 / 3776M, Empty: 3490M, Relocated: 5M, In-Place: 0
[62.940s][info][gc,reloc    ] GC(22) Medium Pages: 0 / 0M, Empty: 0M, Relocated: 0M, In-Place: 0
[62.940s][info][gc,reloc    ] GC(22) Large Pages: 0 / 0M, Empty: 0M, Relocated: 0M, In-Place: 0
[62.940s][info][gc,reloc    ] GC(22) Forwarding Usage: 1M
[62.940s][info][gc,heap     ] GC(22) Min Capacity: 8M(0%)
[62.940s][info][gc,heap     ] GC(22) Max Capacity: 30718M(100%)
[62.940s][info][gc,heap     ] GC(22) Soft Max Capacity: 30718M(100%)
[62.940s][info][gc,heap     ] GC(22)                Mark Start          Mark End        Relocate Start      Relocate End           High               Low         
[62.940s][info][gc,heap     ] GC(22)  Capacity:    10882M (35%)       10882M (35%)       10882M (35%)       10882M (35%)       10882M (35%)       10882M (35%)    
[62.940s][info][gc,heap     ] GC(22)      Free:    26942M (88%)       26850M (87%)       30336M (99%)       30592M (100%)      30592M (100%)      26848M (87%)    
[62.940s][info][gc,heap     ] GC(22)      Used:     3776M (12%)        3868M (13%)         382M (1%)          126M (0%)         3870M (13%)         126M (0%)     
[62.940s][info][gc,heap     ] GC(22)      Live:         -                 8M (0%)            8M (0%)            8M (0%)             -                  -          
[62.940s][info][gc,heap     ] GC(22) Allocated:         -                92M (0%)           96M (0%)           94M (0%)             -                  -          
[62.940s][info][gc,heap     ] GC(22)   Garbage:         -              3767M (12%)         277M (1%)           22M (0%)             -                  -          
[62.940s][info][gc,heap     ] GC(22) Reclaimed:         -                  -              3490M (11%)        3744M (12%)            -                  -          
[62.940s][info][gc          ] GC(22) Garbage Collection (Proactive) 3776M(12%)->126M(0%)
[64.915s][info][gc,start    ] GC(23) Garbage Collection (Proactive)
[64.915s][info][gc,task     ] GC(23) Using 12 workers
[64.916s][info][gc,phases   ] GC(23) Pause Mark Start 0.013ms
[64.939s][info][gc,phases   ] GC(23) Concurrent Mark 23.536ms
[64.939s][info][gc,phases   ] GC(23) Pause Mark End 0.017ms
[64.940s][info][gc,phases   ] GC(23) Concurrent Mark Free 0.001ms
[64.947s][info][gc,phases   ] GC(23) Concurrent Process Non-Strong References 7.267ms
[64.947s][info][gc,phases   ] GC(23) Concurrent Reset Relocation Set 0.017ms
[64.953s][info][gc,phases   ] GC(23) Concurrent Select Relocation Set 5.815ms
[64.953s][info][gc,phases   ] GC(23) Pause Relocate Start 0.006ms
[64.956s][info][gc,phases   ] GC(23) Concurrent Relocate 2.662ms
[64.956s][info][gc,load     ] GC(23) Load: 0.00/0.00/0.00
[64.956s][info][gc,mmu      ] GC(23) MMU: 2ms/98.5%, 5ms/99.4%, 10ms/99.7%, 20ms/99.8%, 50ms/99.9%, 100ms/99.9%
[64.956s][info][gc,marking  ] GC(23) Mark: 8 stripe(s), 5 proactive flush(es), 1 terminate flush(es), 0 completion(s), 0 continuation(s) 
[64.956s][info][gc,marking  ] GC(23) Mark Stack Usage: 32M
[64.956s][info][gc,nmethod  ] GC(23) NMethods: 2225 registered, 602 unregistered
[64.956s][info][gc,metaspace] GC(23) Metaspace: 13M used, 14M committed, 1088M reserved
[64.956s][info][gc,ref      ] GC(23) Soft: 211 encountered, 0 discovered, 0 enqueued
[64.956s][info][gc,ref      ] GC(23) Weak: 723 encountered, 156 discovered, 0 enqueued
[64.956s][info][gc,ref      ] GC(23) Final: 0 encountered, 0 discovered, 0 enqueued
[64.956s][info][gc,ref      ] GC(23) Phantom: 59 encountered, 43 discovered, 0 enqueued
[64.956s][info][gc,reloc    ] GC(23) Small Pages: 1967 / 3934M, Empty: 3618M, Relocated: 6M, In-Place: 0
[64.956s][info][gc,reloc    ] GC(23) Medium Pages: 0 / 0M, Empty: 0M, Relocated: 0M, In-Place: 0
[64.956s][info][gc,reloc    ] GC(23) Large Pages: 0 / 0M, Empty: 0M, Relocated: 0M, In-Place: 0
[64.956s][info][gc,reloc    ] GC(23) Forwarding Usage: 1M
[64.956s][info][gc,heap     ] GC(23) Min Capacity: 8M(0%)
[64.956s][info][gc,heap     ] GC(23) Max Capacity: 30718M(100%)
[64.956s][info][gc,heap     ] GC(23) Soft Max Capacity: 30718M(100%)
[64.956s][info][gc,heap     ] GC(23)                Mark Start          Mark End        Relocate Start      Relocate End           High               Low         
[64.956s][info][gc,heap     ] GC(23)  Capacity:    10882M (35%)       10882M (35%)       10882M (35%)       10882M (35%)       10882M (35%)       10882M (35%)    
[64.956s][info][gc,heap     ] GC(23)      Free:    26784M (87%)       26696M (87%)       30304M (99%)       30574M (100%)      30574M (100%)      26690M (87%)    
[64.956s][info][gc,heap     ] GC(23)      Used:     3934M (13%)        4022M (13%)         414M (1%)          144M (0%)         4028M (13%)         144M (0%)     
[64.956s][info][gc,heap     ] GC(23)      Live:         -                 9M (0%)            9M (0%)            9M (0%)             -                  -          
[64.956s][info][gc,heap     ] GC(23) Allocated:         -                88M (0%)           98M (0%)          114M (0%)             -                  -          
[64.956s][info][gc,heap     ] GC(23)   Garbage:         -              3924M (13%)         306M (1%)           20M (0%)             -                  -          
[64.956s][info][gc,heap     ] GC(23) Reclaimed:         -                  -              3618M (12%)        3904M (13%)            -                  -          
[64.956s][info][gc          ] GC(23) Garbage Collection (Proactive) 3934M(13%)->144M(0%)
[67.816s][info][gc,start    ] GC(24) Garbage Collection (Proactive)
[67.816s][info][gc,task     ] GC(24) Using 12 workers
[67.817s][info][gc,phases   ] GC(24) Pause Mark Start 0.013ms
[67.832s][info][gc,phases   ] GC(24) Concurrent Mark 15.673ms
[67.833s][info][gc,phases   ] GC(24) Pause Mark End 0.018ms
[67.833s][info][gc,phases   ] GC(24) Concurrent Mark Free 0.002ms
[67.839s][info][gc,phases   ] GC(24) Concurrent Process Non-Strong References 6.827ms
[67.840s][info][gc,phases   ] GC(24) Concurrent Reset Relocation Set 0.022ms
[67.847s][info][gc,phases   ] GC(24) Concurrent Select Relocation Set 7.586ms
[67.847s][info][gc,phases   ] GC(24) Pause Relocate Start 0.007ms
[67.851s][info][gc,phases   ] GC(24) Concurrent Relocate 3.560ms
[67.851s][info][gc,load     ] GC(24) Load: 0.00/0.00/0.00
[67.851s][info][gc,mmu      ] GC(24) MMU: 2ms/98.5%, 5ms/99.4%, 10ms/99.7%, 20ms/99.8%, 50ms/99.9%, 100ms/99.9%
[67.851s][info][gc,marking  ] GC(24) Mark: 8 stripe(s), 5 proactive flush(es), 1 terminate flush(es), 0 completion(s), 0 continuation(s) 
[67.851s][info][gc,marking  ] GC(24) Mark Stack Usage: 32M
[67.851s][info][gc,nmethod  ] GC(24) NMethods: 2225 registered, 602 unregistered
[67.851s][info][gc,metaspace] GC(24) Metaspace: 13M used, 14M committed, 1088M reserved
[67.851s][info][gc,ref      ] GC(24) Soft: 211 encountered, 0 discovered, 0 enqueued
[67.851s][info][gc,ref      ] GC(24) Weak: 723 encountered, 184 discovered, 0 enqueued
[67.851s][info][gc,ref      ] GC(24) Final: 0 encountered, 0 discovered, 0 enqueued
[67.851s][info][gc,ref      ] GC(24) Phantom: 59 encountered, 43 discovered, 0 enqueued
[67.851s][info][gc,reloc    ] GC(24) Small Pages: 2702 / 5404M, Empty: 5062M, Relocated: 6M, In-Place: 0
[67.851s][info][gc,reloc    ] GC(24) Medium Pages: 0 / 0M, Empty: 0M, Relocated: 0M, In-Place: 0
[67.851s][info][gc,reloc    ] GC(24) Large Pages: 0 / 0M, Empty: 0M, Relocated: 0M, In-Place: 0
[67.851s][info][gc,reloc    ] GC(24) Forwarding Usage: 1M
[67.851s][info][gc,heap     ] GC(24) Min Capacity: 8M(0%)
[67.851s][info][gc,heap     ] GC(24) Max Capacity: 30718M(100%)
[67.851s][info][gc,heap     ] GC(24) Soft Max Capacity: 30718M(100%)
[67.851s][info][gc,heap     ] GC(24)                Mark Start          Mark End        Relocate Start      Relocate End           High               Low         
[67.851s][info][gc,heap     ] GC(24)  Capacity:    10882M (35%)       10882M (35%)       10882M (35%)       10882M (35%)       10882M (35%)       10882M (35%)    
[67.851s][info][gc,heap     ] GC(24)      Free:    25314M (82%)       25230M (82%)       30282M (99%)       30586M (100%)      30586M (100%)      25226M (82%)    
[67.851s][info][gc,heap     ] GC(24)      Used:     5404M (18%)        5488M (18%)         436M (1%)          132M (0%)         5492M (18%)         132M (0%)     
[67.851s][info][gc,heap     ] GC(24)      Live:         -                 9M (0%)            9M (0%)            9M (0%)             -                  -          
[67.851s][info][gc,heap     ] GC(24) Allocated:         -                84M (0%)           94M (0%)          102M (0%)             -                  -          
[67.851s][info][gc,heap     ] GC(24)   Garbage:         -              5394M (18%)         332M (1%)           19M (0%)             -                  -          
[67.851s][info][gc,heap     ] GC(24) Reclaimed:         -                  -              5062M (16%)        5374M (17%)            -                  -          
[67.851s][info][gc          ] GC(24) Garbage Collection (Proactive) 5404M(18%)->132M(0%)
[70.115s][info][gc,stats    ] === Garbage Collection Statistics =======================================================================================================================
[70.115s][info][gc,stats    ]                                                              Last 10s              Last 10m              Last 10h                Total
[70.115s][info][gc,stats    ]                                                              Avg / Max             Avg / Max             Avg / Max             Avg / Max
[70.115s][info][gc,stats    ]   Collector: Garbage Collection Cycle                     32.643 / 40.340       40.085 / 130.478      40.085 / 130.478      40.085 / 130.478     ms
[70.115s][info][gc,stats    ]  Contention: Mark Segment Reset Contention                     3 / 15                2 / 26                2 / 26                2 / 26          ops/s
[70.115s][info][gc,stats    ]  Contention: Mark SeqNum Reset Contention                      0 / 1                 0 / 3                 0 / 3                 0 / 3           ops/s
[70.115s][info][gc,stats    ]    Critical: Allocation Stall                                  0 / 0                 0 / 0                 0 / 0                 0 / 0           ops/s
[70.115s][info][gc,stats    ]    Critical: Allocation Stall                              0.000 / 0.000         0.000 / 0.000         0.000 / 0.000         0.000 / 0.000       ms
[70.115s][info][gc,stats    ]    Critical: GC Locker Stall                                   0 / 0                 0 / 0                 0 / 0                 0 / 0           ops/s
[70.115s][info][gc,stats    ]    Critical: GC Locker Stall                               0.000 / 0.000         0.000 / 0.000         0.000 / 0.000         0.000 / 0.000       ms
[70.115s][info][gc,stats    ]    Critical: Relocation Stall                                  0 / 0                 0 / 0                 0 / 0                 0 / 0           ops/s
[70.115s][info][gc,stats    ]    Critical: Relocation Stall                              0.000 / 0.000         0.000 / 0.000         0.000 / 0.000         0.000 / 0.000       ms
[70.115s][info][gc,stats    ]      Memory: Allocation Rate                                1918 / 1978           1807 / 2284           1807 / 2284           1807 / 2284        MB/s
[70.116s][info][gc,stats    ]      Memory: Defragment                                        0 / 0                 0 / 0                 0 / 0                 0 / 0           ops/s
[70.116s][info][gc,stats    ]      Memory: Out Of Memory                                     0 / 0                 0 / 0                 0 / 0                 0 / 0           ops/s
[70.116s][info][gc,stats    ]      Memory: Page Cache Flush                                  0 / 0                 0 / 0                 0 / 0                 0 / 0           MB/s
[70.116s][info][gc,stats    ]      Memory: Page Cache Hit L1                               965 / 1009            830 / 1142            830 / 1142            830 / 1142        ops/s
[70.116s][info][gc,stats    ]      Memory: Page Cache Hit L2                                 0 / 0                 0 / 0                 0 / 0                 0 / 0           ops/s
[70.116s][info][gc,stats    ]      Memory: Page Cache Hit L3                                 0 / 0                14 / 613              14 / 613              14 / 613         ops/s
[70.116s][info][gc,stats    ]      Memory: Page Cache Miss                                   0 / 0                63 / 740              63 / 740              63 / 740         ops/s
[70.116s][info][gc,stats    ]      Memory: Uncommit                                          0 / 0                 0 / 0                 0 / 0                 0 / 0           MB/s
[70.116s][info][gc,stats    ]      Memory: Undo Object Allocation Failed                     0 / 2                 0 / 2                 0 / 2                 0 / 2           ops/s
[70.116s][info][gc,stats    ]      Memory: Undo Object Allocation Succeeded                 10 / 38                8 / 52                8 / 52                8 / 52          ops/s
[70.116s][info][gc,stats    ]      Memory: Undo Page Allocation                              0 / 1                 2 / 24                2 / 24                2 / 24          ops/s
[70.116s][info][gc,stats    ]       Phase: Concurrent Mark                              15.826 / 23.536       20.679 / 55.621       20.679 / 55.621       20.679 / 55.621      ms
[70.116s][info][gc,stats    ]       Phase: Concurrent Mark Continue                      0.000 / 0.000         0.000 / 0.000         0.000 / 0.000         0.000 / 0.000       ms
[70.116s][info][gc,stats    ]       Phase: Concurrent Mark Free                          0.001 / 0.002         0.001 / 0.002         0.001 / 0.002         0.001 / 0.002       ms
[70.116s][info][gc,stats    ]       Phase: Concurrent Process Non-Strong References      7.005 / 8.788         6.948 / 43.378        6.948 / 43.378        6.948 / 43.378      ms
[70.116s][info][gc,stats    ]       Phase: Concurrent Relocate                           3.495 / 4.517         3.253 / 4.517         3.253 / 4.517         3.253 / 4.517       ms
[70.116s][info][gc,stats    ]       Phase: Concurrent Reset Relocation Set               0.017 / 0.024         0.017 / 0.034         0.017 / 0.034         0.017 / 0.034       ms
[70.116s][info][gc,stats    ]       Phase: Concurrent Select Relocation Set              5.331 / 7.586         7.041 / 17.171        7.041 / 17.171        7.041 / 17.171      ms
[70.116s][info][gc,stats    ]       Phase: Pause Mark End                                0.018 / 0.019         0.019 / 0.030         0.019 / 0.030         0.019 / 0.030       ms
[70.116s][info][gc,stats    ]       Phase: Pause Mark Start                              0.014 / 0.016         0.013 / 0.020         0.013 / 0.020         0.013 / 0.020       ms
[70.116s][info][gc,stats    ]       Phase: Pause Relocate Start                          0.007 / 0.009         0.008 / 0.021         0.008 / 0.021         0.008 / 0.021       ms
[70.116s][info][gc,stats    ]    Subphase: Concurrent Classes Purge                      0.008 / 0.016         0.357 / 7.344         0.357 / 7.344         0.357 / 7.344       ms
[70.116s][info][gc,stats    ]    Subphase: Concurrent Classes Unlink                     0.572 / 0.636         0.870 / 8.444         0.870 / 8.444         0.870 / 8.444       ms
[70.116s][info][gc,stats    ]    Subphase: Concurrent Mark                              13.843 / 21.706       18.279 / 53.263       18.279 / 53.263       18.279 / 53.263      ms
[70.116s][info][gc,stats    ]    Subphase: Concurrent Mark Try Flush                     0.237 / 2.974         1.539 / 30.022        1.539 / 30.022        1.539 / 30.022      ms
[70.116s][info][gc,stats    ]    Subphase: Concurrent Mark Try Terminate                 1.925 / 10.448        2.201 / 15.149        2.201 / 15.149        2.201 / 15.149      ms
[70.116s][info][gc,stats    ]    Subphase: Concurrent References Enqueue                 0.000 / 0.001         0.001 / 0.004         0.001 / 0.004         0.001 / 0.004       ms
[70.116s][info][gc,stats    ]    Subphase: Concurrent References Process                 0.043 / 0.053         0.050 / 0.080         0.050 / 0.080         0.050 / 0.080       ms
[70.116s][info][gc,stats    ]    Subphase: Concurrent Roots ClassLoaderDataGraph         0.131 / 1.099         0.106 / 1.506         0.106 / 1.506         0.106 / 1.506       ms
[70.116s][info][gc,stats    ]    Subphase: Concurrent Roots CodeCache                    0.000 / 0.000         0.000 / 0.000         0.000 / 0.000         0.000 / 0.000       ms
[70.116s][info][gc,stats    ]    Subphase: Concurrent Roots JavaThreads                  0.765 / 1.956         1.007 / 8.195         1.007 / 8.195         1.007 / 8.195       ms
[70.116s][info][gc,stats    ]    Subphase: Concurrent Roots OopStorageSet                0.183 / 0.736         0.182 / 1.312         0.182 / 1.312         0.182 / 1.312       ms
[70.116s][info][gc,stats    ]    Subphase: Concurrent Weak Roots OopStorageSet           6.231 / 8.013         4.334 / 8.013         4.334 / 8.013         4.334 / 8.013       ms
[70.116s][info][gc,stats    ]    Subphase: Pause Mark Try Complete                       0.000 / 0.000         0.000 / 0.000         0.000 / 0.000         0.000 / 0.000       ms
[70.116s][info][gc,stats    ]      System: Java Threads                                     49 / 61               48 / 61               48 / 61               48 / 61          threads
[70.116s][info][gc,stats    ] =========================================================================================================================================================
[70.416s][info][gc,start    ] GC(25) Garbage Collection (Proactive)
[70.416s][info][gc,task     ] GC(25) Using 12 workers
[70.416s][info][gc,phases   ] GC(25) Pause Mark Start 0.010ms
[70.434s][info][gc,phases   ] GC(25) Concurrent Mark 17.559ms
[70.434s][info][gc,phases   ] GC(25) Pause Mark End 0.019ms
[70.434s][info][gc,phases   ] GC(25) Concurrent Mark Free 0.001ms
[70.442s][info][gc,phases   ] GC(25) Concurrent Process Non-Strong References 7.707ms
[70.442s][info][gc,phases   ] GC(25) Concurrent Reset Relocation Set 0.017ms
[70.451s][info][gc,phases   ] GC(25) Concurrent Select Relocation Set 9.330ms
[70.451s][info][gc,phases   ] GC(25) Pause Relocate Start 0.007ms
[70.455s][info][gc,phases   ] GC(25) Concurrent Relocate 3.756ms
[70.455s][info][gc,load     ] GC(25) Load: 0.00/0.00/0.00
[70.455s][info][gc,mmu      ] GC(25) MMU: 2ms/98.5%, 5ms/99.4%, 10ms/99.7%, 20ms/99.8%, 50ms/99.9%, 100ms/99.9%
[70.455s][info][gc,marking  ] GC(25) Mark: 8 stripe(s), 4 proactive flush(es), 1 terminate flush(es), 0 completion(s), 0 continuation(s) 
[70.455s][info][gc,marking  ] GC(25) Mark Stack Usage: 32M
[70.455s][info][gc,nmethod  ] GC(25) NMethods: 2225 registered, 602 unregistered
[70.455s][info][gc,metaspace] GC(25) Metaspace: 13M used, 14M committed, 1088M reserved
[70.455s][info][gc,ref      ] GC(25) Soft: 211 encountered, 0 discovered, 0 enqueued
[70.455s][info][gc,ref      ] GC(25) Weak: 723 encountered, 195 discovered, 0 enqueued
[70.455s][info][gc,ref      ] GC(25) Final: 0 encountered, 0 discovered, 0 enqueued
[70.455s][info][gc,ref      ] GC(25) Phantom: 59 encountered, 36 discovered, 0 enqueued
[70.455s][info][gc,reloc    ] GC(25) Small Pages: 2548 / 5096M, Empty: 4750M, Relocated: 8M, In-Place: 0
[70.455s][info][gc,reloc    ] GC(25) Medium Pages: 0 / 0M, Empty: 0M, Relocated: 0M, In-Place: 0
[70.455s][info][gc,reloc    ] GC(25) Large Pages: 0 / 0M, Empty: 0M, Relocated: 0M, In-Place: 0
[70.455s][info][gc,reloc    ] GC(25) Forwarding Usage: 1M
[70.455s][info][gc,heap     ] GC(25) Min Capacity: 8M(0%)
[70.455s][info][gc,heap     ] GC(25) Max Capacity: 30718M(100%)
[70.455s][info][gc,heap     ] GC(25) Soft Max Capacity: 30718M(100%)
[70.455s][info][gc,heap     ] GC(25)                Mark Start          Mark End        Relocate Start      Relocate End           High               Low         
[70.455s][info][gc,heap     ] GC(25)  Capacity:    10882M (35%)       10882M (35%)       10882M (35%)       10882M (35%)       10882M (35%)       10882M (35%)    
[70.455s][info][gc,heap     ] GC(25)      Free:    25622M (83%)       25536M (83%)       30268M (99%)       30572M (100%)      30572M (100%)      25530M (83%)    
[70.456s][info][gc,heap     ] GC(25)      Used:     5096M (17%)        5182M (17%)         450M (1%)          146M (0%)         5188M (17%)         146M (0%)     
[70.456s][info][gc,heap     ] GC(25)      Live:         -                10M (0%)           10M (0%)           10M (0%)             -                  -          
[70.456s][info][gc,heap     ] GC(25) Allocated:         -                86M (0%)          104M (0%)          118M (0%)             -                  -          
[70.456s][info][gc,heap     ] GC(25)   Garbage:         -              5085M (17%)         335M (1%)           17M (0%)             -                  -          
[70.456s][info][gc,heap     ] GC(25) Reclaimed:         -                  -              4750M (15%)        5068M (17%)            -                  -          
[70.456s][info][gc          ] GC(25) Garbage Collection (Proactive) 5096M(17%)->146M(0%)
[71.842s][info][gc,start    ] GC(26) Garbage Collection (System.gc())
[71.842s][info][gc,task     ] GC(26) Using 12 workers
[71.918s][info][gc,phases   ] GC(26) Pause Mark Start 0.017ms
[71.934s][info][gc,phases   ] GC(26) Concurrent Mark 15.405ms
[71.934s][info][gc,phases   ] GC(26) Pause Mark End 0.065ms
[71.934s][info][gc,phases   ] GC(26) Concurrent Mark Free 0.001ms
[71.946s][info][gc,phases   ] GC(26) Concurrent Process Non-Strong References 11.314ms
[71.946s][info][gc,phases   ] GC(26) Concurrent Reset Relocation Set 0.018ms
[71.950s][info][gc,phases   ] GC(26) Concurrent Select Relocation Set 3.888ms
[71.950s][info][gc,phases   ] GC(26) Pause Relocate Start 0.009ms
[71.953s][info][gc,phases   ] GC(26) Concurrent Relocate 2.750ms
[71.953s][info][gc,load     ] GC(26) Load: 0.00/0.00/0.00
[71.953s][info][gc,mmu      ] GC(26) MMU: 2ms/96.7%, 5ms/98.7%, 10ms/99.3%, 20ms/99.6%, 50ms/99.8%, 100ms/99.9%
[71.953s][info][gc,marking  ] GC(26) Mark: 8 stripe(s), 1 proactive flush(es), 1 terminate flush(es), 1 completion(s), 0 continuation(s) 
[71.953s][info][gc,marking  ] GC(26) Mark Stack Usage: 32M
[71.953s][info][gc,nmethod  ] GC(26) NMethods: 2233 registered, 603 unregistered
[71.953s][info][gc,metaspace] GC(26) Metaspace: 13M used, 14M committed, 1088M reserved
[71.953s][info][gc,ref      ] GC(26) Soft: 211 encountered, 0 discovered, 0 enqueued
[71.953s][info][gc,ref      ] GC(26) Weak: 623 encountered, 131 discovered, 0 enqueued
[71.953s][info][gc,ref      ] GC(26) Final: 0 encountered, 0 discovered, 0 enqueued
[71.953s][info][gc,ref      ] GC(26) Phantom: 59 encountered, 39 discovered, 0 enqueued
[71.953s][info][gc,reloc    ] GC(26) Small Pages: 1418 / 2836M, Empty: 2764M, Relocated: 4M, In-Place: 0
[71.953s][info][gc,reloc    ] GC(26) Medium Pages: 0 / 0M, Empty: 0M, Relocated: 0M, In-Place: 0
[71.953s][info][gc,reloc    ] GC(26) Large Pages: 0 / 0M, Empty: 0M, Relocated: 0M, In-Place: 0
[71.953s][info][gc,reloc    ] GC(26) Forwarding Usage: 1M
[71.953s][info][gc,heap     ] GC(26) Min Capacity: 8M(0%)
[71.953s][info][gc,heap     ] GC(26) Max Capacity: 30718M(100%)
[71.953s][info][gc,heap     ] GC(26) Soft Max Capacity: 30718M(100%)
[71.953s][info][gc,heap     ] GC(26)                Mark Start          Mark End        Relocate Start      Relocate End           High               Low         
[71.953s][info][gc,heap     ] GC(26)  Capacity:    10882M (35%)       10882M (35%)       10882M (35%)       10882M (35%)       10882M (35%)       10882M (35%)    
[71.953s][info][gc,heap     ] GC(26)      Free:    27882M (91%)       27882M (91%)       30646M (100%)      30692M (100%)      30692M (100%)      27882M (91%)    
[71.953s][info][gc,heap     ] GC(26)      Used:     2836M (9%)         2836M (9%)           72M (0%)           26M (0%)         2836M (9%)           26M (0%)     
[71.953s][info][gc,heap     ] GC(26)      Live:         -                 6M (0%)            6M (0%)            6M (0%)             -                  -          
[71.953s][info][gc,heap     ] GC(26) Allocated:         -                 0M (0%)            0M (0%)            0M (0%)             -                  -          
[71.953s][info][gc,heap     ] GC(26)   Garbage:         -              2829M (9%)           65M (0%)           19M (0%)             -                  -          
[71.953s][info][gc,heap     ] GC(26) Reclaimed:         -                  -              2764M (9%)         2810M (9%)             -                  -          
[71.953s][info][gc          ] GC(26) Garbage Collection (System.gc()) 2836M(9%)->26M(0%)
[80.115s][info][gc,stats    ] === Garbage Collection Statistics =======================================================================================================================
[80.116s][info][gc,stats    ]                                                              Last 10s              Last 10m              Last 10h                Total
[80.116s][info][gc,stats    ]                                                              Avg / Max             Avg / Max             Avg / Max             Avg / Max
[80.116s][info][gc,stats    ]   Collector: Garbage Collection Cycle                     74.929 / 110.528      42.666 / 130.478      42.666 / 130.478      42.666 / 130.478     ms
[80.116s][info][gc,stats    ]  Contention: Mark Segment Reset Contention                     0 / 7                 2 / 26                2 / 26                2 / 26          ops/s
[80.116s][info][gc,stats    ]  Contention: Mark SeqNum Reset Contention                      0 / 3                 0 / 3                 0 / 3                 0 / 3           ops/s
[80.116s][info][gc,stats    ]    Critical: Allocation Stall                                  0 / 0                 0 / 0                 0 / 0                 0 / 0           ops/s
[80.116s][info][gc,stats    ]    Critical: Allocation Stall                              0.000 / 0.000         0.000 / 0.000         0.000 / 0.000         0.000 / 0.000       ms
[80.116s][info][gc,stats    ]    Critical: GC Locker Stall                                   0 / 0                 0 / 0                 0 / 0                 0 / 0           ops/s
[80.116s][info][gc,stats    ]    Critical: GC Locker Stall                               0.000 / 0.000         0.000 / 0.000         0.000 / 0.000         0.000 / 0.000       ms
[80.116s][info][gc,stats    ]    Critical: Relocation Stall                                  0 / 0                 0 / 0                 0 / 0                 0 / 0           ops/s
[80.116s][info][gc,stats    ]    Critical: Relocation Stall                              0.000 / 0.000         0.000 / 0.000         0.000 / 0.000         0.000 / 0.000       ms
[80.116s][info][gc,stats    ]      Memory: Allocation Rate                                1646 / 1896           1787 / 2284           1787 / 2284           1787 / 2284        MB/s
[80.116s][info][gc,stats    ]      Memory: Defragment                                        0 / 0                 0 / 0                 0 / 0                 0 / 0           ops/s
[80.116s][info][gc,stats    ]      Memory: Out Of Memory                                     0 / 0                 0 / 0                 0 / 0                 0 / 0           ops/s
[80.116s][info][gc,stats    ]      Memory: Page Cache Flush                                  0 / 0                 0 / 0                 0 / 0                 0 / 0           MB/s
[80.116s][info][gc,stats    ]      Memory: Page Cache Hit L1                               717 / 960             816 / 1142            816 / 1142            816 / 1142        ops/s
[80.116s][info][gc,stats    ]      Memory: Page Cache Hit L2                                 0 / 0                 0 / 0                 0 / 0                 0 / 0           ops/s
[80.116s][info][gc,stats    ]      Memory: Page Cache Hit L3                                 0 / 0                12 / 613              12 / 613              12 / 613         ops/s
[80.116s][info][gc,stats    ]      Memory: Page Cache Miss                                 108 / 698              68 / 740              68 / 740              68 / 740         ops/s
[80.116s][info][gc,stats    ]      Memory: Uncommit                                          0 / 0                 0 / 0                 0 / 0                 0 / 0           MB/s
[80.116s][info][gc,stats    ]      Memory: Undo Object Allocation Failed                     0 / 0                 0 / 2                 0 / 2                 0 / 2           ops/s
[80.116s][info][gc,stats    ]      Memory: Undo Object Allocation Succeeded                  6 / 63                8 / 63                8 / 63                8 / 63          ops/s
[80.116s][info][gc,stats    ]      Memory: Undo Page Allocation                              2 / 16                2 / 24                2 / 24                2 / 24          ops/s
[80.116s][info][gc,stats    ]       Phase: Concurrent Mark                              16.482 / 17.559       20.368 / 55.621       20.368 / 55.621       20.368 / 55.621      ms
[80.116s][info][gc,stats    ]       Phase: Concurrent Mark Continue                      0.000 / 0.000         0.000 / 0.000         0.000 / 0.000         0.000 / 0.000       ms
[80.116s][info][gc,stats    ]       Phase: Concurrent Mark Free                          0.001 / 0.001         0.001 / 0.002         0.001 / 0.002         0.001 / 0.002       ms
[80.116s][info][gc,stats    ]       Phase: Concurrent Process Non-Strong References      9.511 / 11.314        7.138 / 43.378        7.138 / 43.378        7.138 / 43.378      ms
[80.116s][info][gc,stats    ]       Phase: Concurrent Relocate                           3.253 / 3.756         3.253 / 4.517         3.253 / 4.517         3.253 / 4.517       ms
[80.116s][info][gc,stats    ]       Phase: Concurrent Reset Relocation Set               0.018 / 0.018         0.017 / 0.034         0.017 / 0.034         0.017 / 0.034       ms
[80.116s][info][gc,stats    ]       Phase: Concurrent Select Relocation Set              6.609 / 9.330         7.009 / 17.171        7.009 / 17.171        7.009 / 17.171      ms
[80.116s][info][gc,stats    ]       Phase: Pause Mark End                                0.042 / 0.065         0.021 / 0.065         0.021 / 0.065         0.021 / 0.065       ms
[80.116s][info][gc,stats    ]       Phase: Pause Mark Start                              0.013 / 0.017         0.013 / 0.020         0.013 / 0.020         0.013 / 0.020       ms
[80.116s][info][gc,stats    ]       Phase: Pause Relocate Start                          0.008 / 0.009         0.008 / 0.021         0.008 / 0.021         0.008 / 0.021       ms
[80.116s][info][gc,stats    ]    Subphase: Concurrent Classes Purge                      0.011 / 0.016         0.331 / 7.344         0.331 / 7.344         0.331 / 7.344       ms
[80.116s][info][gc,stats    ]    Subphase: Concurrent Classes Unlink                     0.622 / 0.682         0.851 / 8.444         0.851 / 8.444         0.851 / 8.444       ms
[80.116s][info][gc,stats    ]    Subphase: Concurrent Mark                              14.583 / 15.619       18.005 / 53.263       18.005 / 53.263       18.005 / 53.263      ms
[80.116s][info][gc,stats    ]    Subphase: Concurrent Mark Try Flush                     0.109 / 0.180         1.451 / 30.022        1.451 / 30.022        1.451 / 30.022      ms
[80.116s][info][gc,stats    ]    Subphase: Concurrent Mark Try Terminate                 3.625 / 11.781        2.254 / 15.149        2.254 / 15.149        2.254 / 15.149      ms
[80.116s][info][gc,stats    ]    Subphase: Concurrent References Enqueue                 0.000 / 0.000         0.001 / 0.004         0.001 / 0.004         0.001 / 0.004       ms
[80.116s][info][gc,stats    ]    Subphase: Concurrent References Process                 0.053 / 0.064         0.051 / 0.080         0.051 / 0.080         0.051 / 0.080       ms
[80.116s][info][gc,stats    ]    Subphase: Concurrent Roots ClassLoaderDataGraph         0.087 / 0.725         0.105 / 1.506         0.105 / 1.506         0.105 / 1.506       ms
[80.116s][info][gc,stats    ]    Subphase: Concurrent Roots CodeCache                    0.000 / 0.000         0.000 / 0.000         0.000 / 0.000         0.000 / 0.000       ms
[80.116s][info][gc,stats    ]    Subphase: Concurrent Roots JavaThreads                  0.679 / 1.636         0.983 / 8.195         0.983 / 8.195         0.983 / 8.195       ms
[80.116s][info][gc,stats    ]    Subphase: Concurrent Roots OopStorageSet                0.103 / 0.252         0.177 / 1.312         0.177 / 1.312         0.177 / 1.312       ms
[80.116s][info][gc,stats    ]    Subphase: Concurrent Weak Roots OopStorageSet           8.206 / 10.487        4.621 / 10.487        4.621 / 10.487        4.621 / 10.487      ms
[80.116s][info][gc,stats    ]    Subphase: Pause Mark Try Complete                       0.001 / 0.003         0.001 / 0.003         0.001 / 0.003         0.001 / 0.003       ms
[80.117s][info][gc,stats    ]      System: Java Threads                                     35 / 60               47 / 61               47 / 61               47 / 61          threads
[80.117s][info][gc,stats    ] =========================================================================================================================================================
[81.816s][info][gc,start    ] GC(27) Garbage Collection (Proactive)
[81.816s][info][gc,task     ] GC(27) Using 12 workers
[81.816s][info][gc,phases   ] GC(27) Pause Mark Start 0.013ms
[81.853s][info][gc,phases   ] GC(27) Concurrent Mark 36.600ms
[81.853s][info][gc,phases   ] GC(27) Pause Mark End 0.021ms
[81.853s][info][gc,phases   ] GC(27) Concurrent Mark Free 0.001ms
[81.861s][info][gc,phases   ] GC(27) Concurrent Process Non-Strong References 8.063ms
[81.861s][info][gc,phases   ] GC(27) Concurrent Reset Relocation Set 0.006ms
[81.873s][info][gc,phases   ] GC(27) Concurrent Select Relocation Set 11.772ms
[81.873s][info][gc,phases   ] GC(27) Pause Relocate Start 0.007ms
[81.877s][info][gc,phases   ] GC(27) Concurrent Relocate 3.875ms
[81.877s][info][gc,load     ] GC(27) Load: 0.00/0.00/0.00
[81.877s][info][gc,mmu      ] GC(27) MMU: 2ms/96.7%, 5ms/98.7%, 10ms/99.3%, 20ms/99.6%, 50ms/99.8%, 100ms/99.9%
[81.877s][info][gc,marking  ] GC(27) Mark: 8 stripe(s), 2 proactive flush(es), 1 terminate flush(es), 0 completion(s), 0 continuation(s) 
[81.877s][info][gc,marking  ] GC(27) Mark Stack Usage: 32M
[81.877s][info][gc,nmethod  ] GC(27) NMethods: 2236 registered, 606 unregistered
[81.877s][info][gc,metaspace] GC(27) Metaspace: 13M used, 14M committed, 1088M reserved
[81.877s][info][gc,ref      ] GC(27) Soft: 211 encountered, 0 discovered, 0 enqueued
[81.877s][info][gc,ref      ] GC(27) Weak: 729 encountered, 28 discovered, 2 enqueued
[81.877s][info][gc,ref      ] GC(27) Final: 0 encountered, 0 discovered, 0 enqueued
[81.877s][info][gc,ref      ] GC(27) Phantom: 59 encountered, 32 discovered, 0 enqueued
[81.877s][info][gc,reloc    ] GC(27) Small Pages: 7688 / 15376M, Empty: 14772M, Relocated: 8M, In-Place: 0
[81.877s][info][gc,reloc    ] GC(27) Medium Pages: 0 / 0M, Empty: 0M, Relocated: 0M, In-Place: 0
[81.877s][info][gc,reloc    ] GC(27) Large Pages: 0 / 0M, Empty: 0M, Relocated: 0M, In-Place: 0
[81.877s][info][gc,reloc    ] GC(27) Forwarding Usage: 1M
[81.877s][info][gc,heap     ] GC(27) Min Capacity: 8M(0%)
[81.877s][info][gc,heap     ] GC(27) Max Capacity: 30718M(100%)
[81.877s][info][gc,heap     ] GC(27) Soft Max Capacity: 30718M(100%)
[81.877s][info][gc,heap     ] GC(27)                Mark Start          Mark End        Relocate Start      Relocate End           High               Low         
[81.877s][info][gc,heap     ] GC(27)  Capacity:    15376M (50%)       15476M (50%)       15480M (50%)       15480M (50%)       15480M (50%)       15376M (50%)    
[81.877s][info][gc,heap     ] GC(27)      Free:    15342M (50%)       15248M (50%)       29992M (98%)       30552M (99%)       30552M (99%)       15238M (50%)    
[81.877s][info][gc,heap     ] GC(27)      Used:    15376M (50%)       15470M (50%)         726M (2%)          166M (1%)        15480M (50%)         166M (1%)     
[81.877s][info][gc,heap     ] GC(27)      Live:         -                 9M (0%)            9M (0%)            9M (0%)             -                  -          
[81.878s][info][gc,heap     ] GC(27) Allocated:         -                94M (0%)          122M (0%)          138M (0%)             -                  -          
[81.878s][info][gc,heap     ] GC(27)   Garbage:         -             15366M (50%)         594M (2%)           17M (0%)             -                  -          
[81.878s][info][gc,heap     ] GC(27) Reclaimed:         -                  -             14772M (48%)       15348M (50%)            -                  -          
[81.878s][info][gc          ] GC(27) Garbage Collection (Proactive) 15376M(50%)->166M(1%)
[85.218s][info][gc,start    ] GC(28) Garbage Collection (System.gc())
[85.218s][info][gc,task     ] GC(28) Using 12 workers
[85.218s][info][gc,phases   ] GC(28) Pause Mark Start 0.017ms
[85.232s][info][gc,phases   ] GC(28) Concurrent Mark 13.612ms
[85.232s][info][gc,phases   ] GC(28) Pause Mark End 0.018ms
[85.232s][info][gc,phases   ] GC(28) Concurrent Mark Free 0.001ms
[85.243s][info][gc,phases   ] GC(28) Concurrent Process Non-Strong References 10.907ms
[85.243s][info][gc,phases   ] GC(28) Concurrent Reset Relocation Set 0.048ms
[85.249s][info][gc,phases   ] GC(28) Concurrent Select Relocation Set 5.385ms
[85.249s][info][gc,phases   ] GC(28) Pause Relocate Start 0.007ms
[85.253s][info][gc,phases   ] GC(28) Concurrent Relocate 3.829ms
[85.253s][info][gc,load     ] GC(28) Load: 0.00/0.00/0.00
[85.253s][info][gc,mmu      ] GC(28) MMU: 2ms/96.7%, 5ms/98.7%, 10ms/99.3%, 20ms/99.6%, 50ms/99.8%, 100ms/99.9%
[85.253s][info][gc,marking  ] GC(28) Mark: 8 stripe(s), 2 proactive flush(es), 1 terminate flush(es), 0 completion(s), 0 continuation(s) 
[85.253s][info][gc,marking  ] GC(28) Mark Stack Usage: 32M
[85.253s][info][gc,nmethod  ] GC(28) NMethods: 2241 registered, 607 unregistered
[85.253s][info][gc,metaspace] GC(28) Metaspace: 13M used, 14M committed, 1088M reserved
[85.253s][info][gc,ref      ] GC(28) Soft: 211 encountered, 0 discovered, 0 enqueued
[85.253s][info][gc,ref      ] GC(28) Weak: 627 encountered, 68 discovered, 0 enqueued
[85.253s][info][gc,ref      ] GC(28) Final: 0 encountered, 0 discovered, 0 enqueued
[85.253s][info][gc,ref      ] GC(28) Phantom: 59 encountered, 34 discovered, 0 enqueued
[85.253s][info][gc,reloc    ] GC(28) Small Pages: 3150 / 6300M, Empty: 6230M, Relocated: 4M, In-Place: 0
[85.253s][info][gc,reloc    ] GC(28) Medium Pages: 0 / 0M, Empty: 0M, Relocated: 0M, In-Place: 0
[85.253s][info][gc,reloc    ] GC(28) Large Pages: 0 / 0M, Empty: 0M, Relocated: 0M, In-Place: 0
[85.253s][info][gc,reloc    ] GC(28) Forwarding Usage: 1M
[85.253s][info][gc,heap     ] GC(28) Min Capacity: 8M(0%)
[85.253s][info][gc,heap     ] GC(28) Max Capacity: 30718M(100%)
[85.253s][info][gc,heap     ] GC(28) Soft Max Capacity: 30718M(100%)
[85.253s][info][gc,heap     ] GC(28)                Mark Start          Mark End        Relocate Start      Relocate End           High               Low         
[85.253s][info][gc,heap     ] GC(28)  Capacity:    15480M (50%)       15480M (50%)       15480M (50%)       15480M (50%)       15480M (50%)       15480M (50%)    
[85.253s][info][gc,heap     ] GC(28)      Free:    24418M (79%)       24418M (79%)       30648M (100%)      30692M (100%)      30692M (100%)      24418M (79%)    
[85.253s][info][gc,heap     ] GC(28)      Used:     6300M (21%)        6300M (21%)          70M (0%)           26M (0%)         6300M (21%)          26M (0%)     
[85.253s][info][gc,heap     ] GC(28)      Live:         -                 6M (0%)            6M (0%)            6M (0%)             -                  -          
[85.253s][info][gc,heap     ] GC(28) Allocated:         -                 0M (0%)            0M (0%)            0M (0%)             -                  -          
[85.253s][info][gc,heap     ] GC(28)   Garbage:         -              6293M (20%)          63M (0%)           19M (0%)             -                  -          
[85.253s][info][gc,heap     ] GC(28) Reclaimed:         -                  -              6230M (20%)        6274M (20%)            -                  -          
[85.253s][info][gc          ] GC(28) Garbage Collection (System.gc()) 6300M(21%)->26M(0%)
[90.116s][info][gc,stats    ] === Garbage Collection Statistics =======================================================================================================================
[90.116s][info][gc,stats    ]                                                              Last 10s              Last 10m              Last 10h                Total
[90.116s][info][gc,stats    ]                                                              Avg / Max             Avg / Max             Avg / Max             Avg / Max
[90.116s][info][gc,stats    ]   Collector: Garbage Collection Cycle                     48.080 / 61.430       43.040 / 130.478      43.040 / 130.478      43.040 / 130.478     ms
[90.116s][info][gc,stats    ]  Contention: Mark Segment Reset Contention                     1 / 9                 2 / 26                2 / 26                2 / 26          ops/s
[90.116s][info][gc,stats    ]  Contention: Mark SeqNum Reset Contention                      0 / 3                 0 / 3                 0 / 3                 0 / 3           ops/s
[90.116s][info][gc,stats    ]    Critical: Allocation Stall                                  0 / 0                 0 / 0                 0 / 0                 0 / 0           ops/s
[90.116s][info][gc,stats    ]    Critical: Allocation Stall                              0.000 / 0.000         0.000 / 0.000         0.000 / 0.000         0.000 / 0.000       ms
[90.116s][info][gc,stats    ]    Critical: GC Locker Stall                                   0 / 0                 0 / 0                 0 / 0                 0 / 0           ops/s
[90.116s][info][gc,stats    ]    Critical: GC Locker Stall                               0.000 / 0.000         0.000 / 0.000         0.000 / 0.000         0.000 / 0.000       ms
[90.116s][info][gc,stats    ]    Critical: Relocation Stall                                  0 / 0                 0 / 0                 0 / 0                 0 / 0           ops/s
[90.116s][info][gc,stats    ]    Critical: Relocation Stall                              0.000 / 0.000         0.000 / 0.000         0.000 / 0.000         0.000 / 0.000       ms
[90.116s][info][gc,stats    ]      Memory: Allocation Rate                                1776 / 1938           1786 / 2284           1786 / 2284           1786 / 2284        MB/s
[90.116s][info][gc,stats    ]      Memory: Defragment                                        0 / 0                 0 / 0                 0 / 0                 0 / 0           ops/s
[90.116s][info][gc,stats    ]      Memory: Out Of Memory                                     0 / 0                 0 / 0                 0 / 0                 0 / 0           ops/s
[90.116s][info][gc,stats    ]      Memory: Page Cache Flush                                  0 / 0                 0 / 0                 0 / 0                 0 / 0           MB/s
[90.116s][info][gc,stats    ]      Memory: Page Cache Hit L1                               769 / 969             811 / 1142            811 / 1142            811 / 1142        ops/s
[90.116s][info][gc,stats    ]      Memory: Page Cache Hit L2                                 0 / 0                 0 / 0                 0 / 0                 0 / 0           ops/s
[90.116s][info][gc,stats    ]      Memory: Page Cache Hit L3                                 0 / 0                11 / 613              11 / 613              11 / 613         ops/s
[90.117s][info][gc,stats    ]      Memory: Page Cache Miss                                 121 / 688              74 / 740              74 / 740              74 / 740         ops/s
[90.117s][info][gc,stats    ]      Memory: Uncommit                                          0 / 0                 0 / 0                 0 / 0                 0 / 0           MB/s
[90.117s][info][gc,stats    ]      Memory: Undo Object Allocation Failed                     0 / 0                 0 / 2                 0 / 2                 0 / 2           ops/s
[90.117s][info][gc,stats    ]      Memory: Undo Object Allocation Succeeded                  2 / 29                7 / 63                7 / 63                7 / 63          ops/s
[90.117s][info][gc,stats    ]      Memory: Undo Page Allocation                              4 / 25                2 / 25                2 / 25                2 / 25          ops/s
[90.117s][info][gc,stats    ]       Phase: Concurrent Mark                              25.106 / 36.600       20.695 / 55.621       20.695 / 55.621       20.695 / 55.621      ms
[90.117s][info][gc,stats    ]       Phase: Concurrent Mark Continue                      0.000 / 0.000         0.000 / 0.000         0.000 / 0.000         0.000 / 0.000       ms
[90.117s][info][gc,stats    ]       Phase: Concurrent Mark Free                          0.001 / 0.001         0.001 / 0.002         0.001 / 0.002         0.001 / 0.002       ms
[90.117s][info][gc,stats    ]       Phase: Concurrent Process Non-Strong References      9.485 / 10.907        7.300 / 43.378        7.300 / 43.378        7.300 / 43.378      ms
[90.117s][info][gc,stats    ]       Phase: Concurrent Relocate                           3.852 / 3.875         3.294 / 4.517         3.294 / 4.517         3.294 / 4.517       ms
[90.117s][info][gc,stats    ]       Phase: Concurrent Reset Relocation Set               0.027 / 0.048         0.018 / 0.048         0.018 / 0.048         0.018 / 0.048       ms
[90.117s][info][gc,stats    ]       Phase: Concurrent Select Relocation Set              8.579 / 11.772        7.117 / 17.171        7.117 / 17.171        7.117 / 17.171      ms
[90.117s][info][gc,stats    ]       Phase: Pause Mark End                                0.019 / 0.021         0.021 / 0.065         0.021 / 0.065         0.021 / 0.065       ms
[90.117s][info][gc,stats    ]       Phase: Pause Mark Start                              0.015 / 0.017         0.013 / 0.020         0.013 / 0.020         0.013 / 0.020       ms
[90.117s][info][gc,stats    ]       Phase: Pause Relocate Start                          0.007 / 0.007         0.008 / 0.021         0.008 / 0.021         0.008 / 0.021       ms
[90.117s][info][gc,stats    ]    Subphase: Concurrent Classes Purge                      0.030 / 0.046         0.311 / 7.344         0.311 / 7.344         0.311 / 7.344       ms
[90.117s][info][gc,stats    ]    Subphase: Concurrent Classes Unlink                     0.618 / 0.660         0.835 / 8.444         0.835 / 8.444         0.835 / 8.444       ms
[90.117s][info][gc,stats    ]    Subphase: Concurrent Mark                              22.346 / 32.583       18.305 / 53.263       18.305 / 53.263       18.305 / 53.263      ms
[90.117s][info][gc,stats    ]    Subphase: Concurrent Mark Try Flush                     0.055 / 0.098         1.380 / 30.022        1.380 / 30.022        1.380 / 30.022      ms
[90.117s][info][gc,stats    ]    Subphase: Concurrent Mark Try Terminate                 1.623 / 11.340        2.159 / 15.149        2.159 / 15.149        2.159 / 15.149      ms
[90.117s][info][gc,stats    ]    Subphase: Concurrent References Enqueue                 0.002 / 0.004         0.001 / 0.004         0.001 / 0.004         0.001 / 0.004       ms
[90.117s][info][gc,stats    ]    Subphase: Concurrent References Process                 0.040 / 0.047         0.050 / 0.080         0.050 / 0.080         0.050 / 0.080       ms
[90.117s][info][gc,stats    ]    Subphase: Concurrent Roots ClassLoaderDataGraph         0.044 / 0.326         0.100 / 1.506         0.100 / 1.506         0.100 / 1.506       ms
[90.117s][info][gc,stats    ]    Subphase: Concurrent Roots CodeCache                    0.000 / 0.000         0.000 / 0.000         0.000 / 0.000         0.000 / 0.000       ms
[90.117s][info][gc,stats    ]    Subphase: Concurrent Roots JavaThreads                  1.171 / 3.927         0.995 / 8.195         0.995 / 8.195         0.995 / 8.195       ms
[90.117s][info][gc,stats    ]    Subphase: Concurrent Roots OopStorageSet                0.032 / 0.200         0.168 / 1.312         0.168 / 1.312         0.168 / 1.312       ms
[90.117s][info][gc,stats    ]    Subphase: Concurrent Weak Roots OopStorageSet           8.311 / 10.120        4.875 / 10.487        4.875 / 10.487        4.875 / 10.487      ms
[90.117s][info][gc,stats    ]    Subphase: Pause Mark Try Complete                       0.000 / 0.000         0.001 / 0.003         0.001 / 0.003         0.001 / 0.003       ms
[90.117s][info][gc,stats    ]      System: Java Threads                                     35 / 60               46 / 61               46 / 61               46 / 61          threads
[90.117s][info][gc,stats    ] =========================================================================================================================================================
[91.716s][info][gc,start    ] GC(29) Garbage Collection (Proactive)
[91.716s][info][gc,task     ] GC(29) Using 12 workers
[91.716s][info][gc,phases   ] GC(29) Pause Mark Start 0.013ms
[91.732s][info][gc,phases   ] GC(29) Concurrent Mark 15.475ms
[91.732s][info][gc,phases   ] GC(29) Pause Mark End 0.020ms
[91.732s][info][gc,phases   ] GC(29) Concurrent Mark Free 0.001ms
[91.740s][info][gc,phases   ] GC(29) Concurrent Process Non-Strong References 7.639ms
[91.740s][info][gc,phases   ] GC(29) Concurrent Reset Relocation Set 0.007ms
[91.746s][info][gc,phases   ] GC(29) Concurrent Select Relocation Set 6.626ms
[91.746s][info][gc,phases   ] GC(29) Pause Relocate Start 0.008ms
[91.749s][info][gc,phases   ] GC(29) Concurrent Relocate 2.923ms
[91.768s][info][gc,load     ] GC(29) Load: 0.00/0.00/0.00
[91.768s][info][gc,mmu      ] GC(29) MMU: 2ms/96.7%, 5ms/98.7%, 10ms/99.3%, 20ms/99.6%, 50ms/99.8%, 100ms/99.9%
[91.768s][info][gc,marking  ] GC(29) Mark: 8 stripe(s), 9 proactive flush(es), 1 terminate flush(es), 0 completion(s), 0 continuation(s) 
[91.768s][info][gc,marking  ] GC(29) Mark Stack Usage: 32M
[91.768s][info][gc,nmethod  ] GC(29) NMethods: 2266 registered, 1 unregistered
[91.768s][info][gc,metaspace] GC(29) Metaspace: 13M used, 14M committed, 1088M reserved
[91.768s][info][gc,ref      ] GC(29) Soft: 211 encountered, 0 discovered, 0 enqueued
[91.769s][info][gc,ref      ] GC(29) Weak: 723 encountered, 37 discovered, 0 enqueued
[91.769s][info][gc,ref      ] GC(29) Final: 0 encountered, 0 discovered, 0 enqueued
[91.769s][info][gc,ref      ] GC(29) Phantom: 59 encountered, 31 discovered, 0 enqueued
[91.769s][info][gc,reloc    ] GC(29) Small Pages: 6022 / 12044M, Empty: 11516M, Relocated: 6M, In-Place: 0
[91.769s][info][gc,reloc    ] GC(29) Medium Pages: 0 / 0M, Empty: 0M, Relocated: 0M, In-Place: 0
[91.769s][info][gc,reloc    ] GC(29) Large Pages: 0 / 0M, Empty: 0M, Relocated: 0M, In-Place: 0
[91.769s][info][gc,reloc    ] GC(29) Forwarding Usage: 1M
[91.769s][info][gc,heap     ] GC(29) Min Capacity: 8M(0%)
[91.769s][info][gc,heap     ] GC(29) Max Capacity: 30718M(100%)
[91.769s][info][gc,heap     ] GC(29) Soft Max Capacity: 30718M(100%)
[91.769s][info][gc,heap     ] GC(29)                Mark Start          Mark End        Relocate Start      Relocate End           High               Low         
[91.769s][info][gc,heap     ] GC(29)  Capacity:    15480M (50%)       15480M (50%)       15480M (50%)       15480M (50%)       15480M (50%)       15480M (50%)    
[91.769s][info][gc,heap     ] GC(29)      Free:    18674M (61%)       18586M (61%)       30098M (98%)       30588M (100%)      30588M (100%)      18582M (60%)    
[91.769s][info][gc,heap     ] GC(29)      Used:    12044M (39%)       12132M (39%)         620M (2%)          130M (0%)        12136M (40%)         130M (0%)     
[91.769s][info][gc,heap     ] GC(29)      Live:         -                 9M (0%)            9M (0%)            9M (0%)             -                  -          
[91.769s][info][gc,heap     ] GC(29) Allocated:         -                88M (0%)           92M (0%)          100M (0%)             -                  -          
[91.769s][info][gc,heap     ] GC(29)   Garbage:         -             12034M (39%)         518M (2%)           19M (0%)             -                  -          
[91.769s][info][gc,heap     ] GC(29) Reclaimed:         -                  -             11516M (37%)       12014M (39%)            -                  -          
[91.769s][info][gc          ] GC(29) Garbage Collection (Proactive) 12044M(39%)->130M(0%)
[96.968s][info][gc,start    ] GC(30) Garbage Collection (System.gc())
[96.968s][info][gc,task     ] GC(30) Using 12 workers
[96.969s][info][gc,phases   ] GC(30) Pause Mark Start 0.013ms
[96.980s][info][gc,phases   ] GC(30) Concurrent Mark 11.006ms
[96.980s][info][gc,phases   ] GC(30) Pause Mark End 0.011ms
[96.981s][info][gc,phases   ] GC(30) Concurrent Mark Free 0.001ms
[96.989s][info][gc,phases   ] GC(30) Concurrent Process Non-Strong References 8.502ms
[96.989s][info][gc,phases   ] GC(30) Concurrent Reset Relocation Set 0.028ms
[96.996s][info][gc,phases   ] GC(30) Concurrent Select Relocation Set 6.959ms
[96.996s][info][gc,phases   ] GC(30) Pause Relocate Start 0.004ms
[96.999s][info][gc,phases   ] GC(30) Concurrent Relocate 3.077ms
[96.999s][info][gc,load     ] GC(30) Load: 0.00/0.00/0.00
[96.999s][info][gc,mmu      ] GC(30) MMU: 2ms/96.7%, 5ms/98.7%, 10ms/99.3%, 20ms/99.6%, 50ms/99.8%, 100ms/99.9%
[96.999s][info][gc,marking  ] GC(30) Mark: 8 stripe(s), 1 proactive flush(es), 1 terminate flush(es), 0 completion(s), 0 continuation(s) 
[96.999s][info][gc,marking  ] GC(30) Mark Stack Usage: 32M
[96.999s][info][gc,nmethod  ] GC(30) NMethods: 2267 registered, 3 unregistered
[96.999s][info][gc,metaspace] GC(30) Metaspace: 13M used, 14M committed, 1088M reserved
[96.999s][info][gc,ref      ] GC(30) Soft: 211 encountered, 0 discovered, 0 enqueued
[96.999s][info][gc,ref      ] GC(30) Weak: 623 encountered, 55 discovered, 0 enqueued
[96.999s][info][gc,ref      ] GC(30) Final: 0 encountered, 0 discovered, 0 enqueued
[96.999s][info][gc,ref      ] GC(30) Phantom: 59 encountered, 40 discovered, 0 enqueued
[96.999s][info][gc,reloc    ] GC(30) Small Pages: 4978 / 9956M, Empty: 9586M, Relocated: 6M, In-Place: 0
[96.999s][info][gc,reloc    ] GC(30) Medium Pages: 0 / 0M, Empty: 0M, Relocated: 0M, In-Place: 0
[96.999s][info][gc,reloc    ] GC(30) Large Pages: 0 / 0M, Empty: 0M, Relocated: 0M, In-Place: 0
[96.999s][info][gc,reloc    ] GC(30) Forwarding Usage: 1M
[96.999s][info][gc,heap     ] GC(30) Min Capacity: 8M(0%)
[97.000s][info][gc,heap     ] GC(30) Max Capacity: 30718M(100%)
[97.000s][info][gc,heap     ] GC(30) Soft Max Capacity: 30718M(100%)
[97.000s][info][gc,heap     ] GC(30)                Mark Start          Mark End        Relocate Start      Relocate End           High               Low         
[97.000s][info][gc,heap     ] GC(30)  Capacity:    15480M (50%)       15480M (50%)       15480M (50%)       15480M (50%)       15480M (50%)       15480M (50%)    
[97.000s][info][gc,heap     ] GC(30)      Free:    20762M (68%)       20762M (68%)       30348M (99%)       30692M (100%)      30692M (100%)      20762M (68%)    
[97.000s][info][gc,heap     ] GC(30)      Used:     9956M (32%)        9956M (32%)         370M (1%)           26M (0%)         9956M (32%)          26M (0%)     
[97.000s][info][gc,heap     ] GC(30)      Live:         -                 8M (0%)            8M (0%)            8M (0%)             -                  -          
[97.000s][info][gc,heap     ] GC(30) Allocated:         -                 0M (0%)            0M (0%)            0M (0%)             -                  -          
[97.000s][info][gc,heap     ] GC(30)   Garbage:         -              9947M (32%)         361M (1%)           17M (0%)             -                  -          
[97.000s][info][gc,heap     ] GC(30) Reclaimed:         -                  -              9586M (31%)        9930M (32%)            -                  -          
[97.000s][info][gc          ] GC(30) Garbage Collection (System.gc()) 9956M(32%)->26M(0%)
[100.116s][info][gc,stats    ] === Garbage Collection Statistics =======================================================================================================================
[100.116s][info][gc,stats    ]                                                              Last 10s              Last 10m              Last 10h                Total
[100.116s][info][gc,stats    ]                                                              Avg / Max             Avg / Max             Avg / Max             Avg / Max
[100.116s][info][gc,stats    ]   Collector: Garbage Collection Cycle                     41.994 / 52.581       42.972 / 130.478      42.972 / 130.478      42.972 / 130.478     ms
[100.116s][info][gc,stats    ]  Contention: Mark Segment Reset Contention                     0 / 5                 2 / 26                2 / 26                2 / 26          ops/s
[100.116s][info][gc,stats    ]  Contention: Mark SeqNum Reset Contention                      0 / 1                 0 / 3                 0 / 3                 0 / 3           ops/s
[100.116s][info][gc,stats    ]    Critical: Allocation Stall                                  0 / 0                 0 / 0                 0 / 0                 0 / 0           ops/s
[100.116s][info][gc,stats    ]    Critical: Allocation Stall                              0.000 / 0.000         0.000 / 0.000         0.000 / 0.000         0.000 / 0.000       ms
[100.116s][info][gc,stats    ]    Critical: GC Locker Stall                                   0 / 0                 0 / 0                 0 / 0                 0 / 0           ops/s
[100.116s][info][gc,stats    ]    Critical: GC Locker Stall                               0.000 / 0.000         0.000 / 0.000         0.000 / 0.000         0.000 / 0.000       ms
[100.116s][info][gc,stats    ]    Critical: Relocation Stall                                  0 / 0                 0 / 0                 0 / 0                 0 / 0           ops/s
[100.116s][info][gc,stats    ]    Critical: Relocation Stall                              0.000 / 0.000         0.000 / 0.000         0.000 / 0.000         0.000 / 0.000       ms
[100.116s][info][gc,stats    ]      Memory: Allocation Rate                                1879 / 1932           1795 / 2284           1795 / 2284           1795 / 2284        MB/s
[100.116s][info][gc,stats    ]      Memory: Defragment                                        0 / 0                 0 / 0                 0 / 0                 0 / 0           ops/s
[100.116s][info][gc,stats    ]      Memory: Out Of Memory                                     0 / 0                 0 / 0                 0 / 0                 0 / 0           ops/s
[100.116s][info][gc,stats    ]      Memory: Page Cache Flush                                  0 / 0                 0 / 0                 0 / 0                 0 / 0           MB/s
[100.116s][info][gc,stats    ]      Memory: Page Cache Hit L1                               942 / 978             824 / 1142            824 / 1142            824 / 1142        ops/s
[100.116s][info][gc,stats    ]      Memory: Page Cache Hit L2                                 0 / 0                 0 / 0                 0 / 0                 0 / 0           ops/s
[100.116s][info][gc,stats    ]      Memory: Page Cache Hit L3                                 0 / 0                10 / 613              10 / 613              10 / 613         ops/s
[100.116s][info][gc,stats    ]      Memory: Page Cache Miss                                   0 / 0                67 / 740              67 / 740              67 / 740         ops/s
[100.116s][info][gc,stats    ]      Memory: Uncommit                                          0 / 0                 0 / 0                 0 / 0                 0 / 0           MB/s
[100.116s][info][gc,stats    ]      Memory: Undo Object Allocation Failed                     0 / 0                 0 / 2                 0 / 2                 0 / 2           ops/s
[100.116s][info][gc,stats    ]      Memory: Undo Object Allocation Succeeded                  4 / 43                7 / 63                7 / 63                7 / 63          ops/s
[100.116s][info][gc,stats    ]      Memory: Undo Page Allocation                              0 / 0                 2 / 25                2 / 25                2 / 25          ops/s
[100.116s][info][gc,stats    ]       Phase: Concurrent Mark                              13.240 / 15.475       20.214 / 55.621       20.214 / 55.621       20.214 / 55.621      ms
[100.116s][info][gc,stats    ]       Phase: Concurrent Mark Continue                      0.000 / 0.000         0.000 / 0.000         0.000 / 0.000         0.000 / 0.000       ms
[100.116s][info][gc,stats    ]       Phase: Concurrent Mark Free                          0.001 / 0.001         0.001 / 0.002         0.001 / 0.002         0.001 / 0.002       ms
[100.117s][info][gc,stats    ]       Phase: Concurrent Process Non-Strong References      8.071 / 8.502         7.350 / 43.378        7.350 / 43.378        7.350 / 43.378      ms
[100.117s][info][gc,stats    ]       Phase: Concurrent Relocate                           3.000 / 3.077         3.275 / 4.517         3.275 / 4.517         3.275 / 4.517       ms
[100.117s][info][gc,stats    ]       Phase: Concurrent Reset Relocation Set               0.017 / 0.028         0.018 / 0.048         0.018 / 0.048         0.018 / 0.048       ms
[100.117s][info][gc,stats    ]       Phase: Concurrent Select Relocation Set              6.793 / 6.959         7.096 / 17.171        7.096 / 17.171        7.096 / 17.171      ms
[100.117s][info][gc,stats    ]       Phase: Pause Mark End                                0.015 / 0.020         0.020 / 0.065         0.020 / 0.065         0.020 / 0.065       ms
[100.117s][info][gc,stats    ]       Phase: Pause Mark Start                              0.013 / 0.013         0.013 / 0.020         0.013 / 0.020         0.013 / 0.020       ms
[100.117s][info][gc,stats    ]       Phase: Pause Relocate Start                          0.006 / 0.008         0.008 / 0.021         0.008 / 0.021         0.008 / 0.021       ms
[100.117s][info][gc,stats    ]    Subphase: Concurrent Classes Purge                      0.023 / 0.027         0.292 / 7.344         0.292 / 7.344         0.292 / 7.344       ms
[100.117s][info][gc,stats    ]    Subphase: Concurrent Classes Unlink                     0.638 / 0.664         0.823 / 8.444         0.823 / 8.444         0.823 / 8.444       ms
[100.117s][info][gc,stats    ]    Subphase: Concurrent Mark                              11.603 / 14.553       17.872 / 53.263       17.872 / 53.263       17.872 / 53.263      ms
[100.117s][info][gc,stats    ]    Subphase: Concurrent Mark Try Flush                     0.118 / 0.311         1.265 / 30.022        1.265 / 30.022        1.265 / 30.022      ms
[100.117s][info][gc,stats    ]    Subphase: Concurrent Mark Try Terminate                 2.143 / 6.487         2.158 / 15.149        2.158 / 15.149        2.158 / 15.149      ms
[100.117s][info][gc,stats    ]    Subphase: Concurrent References Enqueue                 0.000 / 0.001         0.001 / 0.004         0.001 / 0.004         0.001 / 0.004       ms
[100.117s][info][gc,stats    ]    Subphase: Concurrent References Process                 0.040 / 0.046         0.049 / 0.080         0.049 / 0.080         0.049 / 0.080       ms
[100.117s][info][gc,stats    ]    Subphase: Concurrent Roots ClassLoaderDataGraph         0.059 / 0.419         0.097 / 1.506         0.097 / 1.506         0.097 / 1.506       ms
[100.117s][info][gc,stats    ]    Subphase: Concurrent Roots CodeCache                    0.000 / 0.000         0.000 / 0.000         0.000 / 0.000         0.000 / 0.000       ms
[100.117s][info][gc,stats    ]    Subphase: Concurrent Roots JavaThreads                  0.387 / 0.840         0.960 / 8.195         0.960 / 8.195         0.960 / 8.195       ms
[100.117s][info][gc,stats    ]    Subphase: Concurrent Roots OopStorageSet                0.020 / 0.069         0.159 / 1.312         0.159 / 1.312         0.159 / 1.312       ms
[100.117s][info][gc,stats    ]    Subphase: Concurrent Weak Roots OopStorageSet           7.237 / 7.699         5.027 / 10.487        5.027 / 10.487        5.027 / 10.487      ms
[100.117s][info][gc,stats    ]    Subphase: Pause Mark Try Complete                       0.000 / 0.000         0.001 / 0.003         0.001 / 0.003         0.001 / 0.003       ms
[100.117s][info][gc,stats    ]      System: Java Threads                                     36 / 62               45 / 62               45 / 62               45 / 62          threads
[100.117s][info][gc,stats    ] =========================================================================================================================================================
[100.917s][info][gc,start    ] GC(31) Garbage Collection (Proactive)
[100.917s][info][gc,task     ] GC(31) Using 12 workers
[100.926s][info][gc,phases   ] GC(31) Pause Mark Start 0.013ms
[100.945s][info][gc,phases   ] GC(31) Concurrent Mark 19.053ms
[100.945s][info][gc,phases   ] GC(31) Pause Mark End 0.019ms
[100.945s][info][gc,phases   ] GC(31) Concurrent Mark Free 0.001ms
[100.952s][info][gc,phases   ] GC(31) Concurrent Process Non-Strong References 7.143ms
[100.952s][info][gc,phases   ] GC(31) Concurrent Reset Relocation Set 0.023ms
[100.958s][info][gc,phases   ] GC(31) Concurrent Select Relocation Set 5.473ms
[100.958s][info][gc,phases   ] GC(31) Pause Relocate Start 0.007ms
[100.961s][info][gc,phases   ] GC(31) Concurrent Relocate 2.747ms
[100.961s][info][gc,load     ] GC(31) Load: 0.00/0.00/0.00
[100.961s][info][gc,mmu      ] GC(31) MMU: 2ms/96.7%, 5ms/98.7%, 10ms/99.3%, 20ms/99.6%, 50ms/99.8%, 100ms/99.9%
[100.961s][info][gc,marking  ] GC(31) Mark: 8 stripe(s), 3 proactive flush(es), 1 terminate flush(es), 0 completion(s), 0 continuation(s) 
[100.961s][info][gc,marking  ] GC(31) Mark Stack Usage: 32M
[100.961s][info][gc,nmethod  ] GC(31) NMethods: 2270 registered, 8 unregistered
[100.961s][info][gc,metaspace] GC(31) Metaspace: 13M used, 14M committed, 1088M reserved
[100.961s][info][gc,ref      ] GC(31) Soft: 211 encountered, 0 discovered, 0 enqueued
[100.961s][info][gc,ref      ] GC(31) Weak: 729 encountered, 98 discovered, 2 enqueued
[100.961s][info][gc,ref      ] GC(31) Final: 0 encountered, 0 discovered, 0 enqueued
[100.961s][info][gc,ref      ] GC(31) Phantom: 59 encountered, 40 discovered, 0 enqueued
[100.961s][info][gc,reloc    ] GC(31) Small Pages: 3722 / 7444M, Empty: 7060M, Relocated: 6M, In-Place: 0
[100.961s][info][gc,reloc    ] GC(31) Medium Pages: 0 / 0M, Empty: 0M, Relocated: 0M, In-Place: 0
[100.961s][info][gc,reloc    ] GC(31) Large Pages: 0 / 0M, Empty: 0M, Relocated: 0M, In-Place: 0
[100.961s][info][gc,reloc    ] GC(31) Forwarding Usage: 1M
[100.961s][info][gc,heap     ] GC(31) Min Capacity: 8M(0%)
[100.961s][info][gc,heap     ] GC(31) Max Capacity: 30718M(100%)
[100.961s][info][gc,heap     ] GC(31) Soft Max Capacity: 30718M(100%)
[100.961s][info][gc,heap     ] GC(31)                Mark Start          Mark End        Relocate Start      Relocate End           High               Low         
[100.961s][info][gc,heap     ] GC(31)  Capacity:    15480M (50%)       15480M (50%)       15480M (50%)       15480M (50%)       15480M (50%)       15480M (50%)    
[100.961s][info][gc,heap     ] GC(31)      Free:    23274M (76%)       23186M (75%)       30236M (98%)       30582M (100%)      30582M (100%)      23184M (75%)    
[100.961s][info][gc,heap     ] GC(31)      Used:     7444M (24%)        7532M (25%)         482M (2%)          136M (0%)         7534M (25%)         136M (0%)     
[100.961s][info][gc,heap     ] GC(31)      Live:         -                 9M (0%)            9M (0%)            9M (0%)             -                  -          
[100.961s][info][gc,heap     ] GC(31) Allocated:         -                88M (0%)           98M (0%)          106M (0%)             -                  -          
[100.961s][info][gc,heap     ] GC(31)   Garbage:         -              7434M (24%)         374M (1%)           20M (0%)             -                  -          
[100.961s][info][gc,heap     ] GC(31) Reclaimed:         -                  -              7060M (23%)        7414M (24%)            -                  -          
[100.961s][info][gc          ] GC(31) Garbage Collection (Proactive) 7444M(24%)->136M(0%)
[104.316s][info][gc,start    ] GC(32) Garbage Collection (Proactive)
[104.316s][info][gc,task     ] GC(32) Using 12 workers
[104.317s][info][gc,phases   ] GC(32) Pause Mark Start 0.010ms
[104.330s][info][gc,phases   ] GC(32) Concurrent Mark 13.188ms
[104.330s][info][gc,phases   ] GC(32) Pause Mark End 0.020ms
[104.330s][info][gc,phases   ] GC(32) Concurrent Mark Free 0.001ms
[104.337s][info][gc,phases   ] GC(32) Concurrent Process Non-Strong References 6.732ms
[104.337s][info][gc,phases   ] GC(32) Concurrent Reset Relocation Set 0.019ms
[104.345s][info][gc,phases   ] GC(32) Concurrent Select Relocation Set 7.823ms
[104.345s][info][gc,phases   ] GC(32) Pause Relocate Start 0.007ms
[104.349s][info][gc,phases   ] GC(32) Concurrent Relocate 4.130ms
[104.349s][info][gc,load     ] GC(32) Load: 0.00/0.00/0.00
[104.349s][info][gc,mmu      ] GC(32) MMU: 2ms/96.7%, 5ms/98.7%, 10ms/99.3%, 20ms/99.6%, 50ms/99.8%, 100ms/99.9%
[104.349s][info][gc,marking  ] GC(32) Mark: 8 stripe(s), 2 proactive flush(es), 1 terminate flush(es), 0 completion(s), 0 continuation(s) 
[104.349s][info][gc,marking  ] GC(32) Mark Stack Usage: 32M
[104.349s][info][gc,nmethod  ] GC(32) NMethods: 2270 registered, 8 unregistered
[104.349s][info][gc,metaspace] GC(32) Metaspace: 13M used, 14M committed, 1088M reserved
[104.349s][info][gc,ref      ] GC(32) Soft: 211 encountered, 0 discovered, 0 enqueued
[104.349s][info][gc,ref      ] GC(32) Weak: 727 encountered, 272 discovered, 0 enqueued
[104.349s][info][gc,ref      ] GC(32) Final: 0 encountered, 0 discovered, 0 enqueued
[104.349s][info][gc,ref      ] GC(32) Phantom: 59 encountered, 27 discovered, 0 enqueued
[104.349s][info][gc,reloc    ] GC(32) Small Pages: 3033 / 6066M, Empty: 5702M, Relocated: 8M, In-Place: 0
[104.349s][info][gc,reloc    ] GC(32) Medium Pages: 0 / 0M, Empty: 0M, Relocated: 0M, In-Place: 0
[104.349s][info][gc,reloc    ] GC(32) Large Pages: 0 / 0M, Empty: 0M, Relocated: 0M, In-Place: 0
[104.349s][info][gc,reloc    ] GC(32) Forwarding Usage: 1M
[104.349s][info][gc,heap     ] GC(32) Min Capacity: 8M(0%)
[104.349s][info][gc,heap     ] GC(32) Max Capacity: 30718M(100%)
[104.349s][info][gc,heap     ] GC(32) Soft Max Capacity: 30718M(100%)
[104.349s][info][gc,heap     ] GC(32)                Mark Start          Mark End        Relocate Start      Relocate End           High               Low         
[104.350s][info][gc,heap     ] GC(32)  Capacity:    15480M (50%)       15480M (50%)       15480M (50%)       15480M (50%)       15480M (50%)       15480M (50%)    
[104.350s][info][gc,heap     ] GC(32)      Free:    24652M (80%)       24570M (80%)       30264M (99%)       30596M (100%)      30596M (100%)      24564M (80%)    
[104.350s][info][gc,heap     ] GC(32)      Used:     6066M (20%)        6148M (20%)         454M (1%)          122M (0%)         6154M (20%)         122M (0%)     
[104.350s][info][gc,heap     ] GC(32)      Live:         -                 9M (0%)            9M (0%)            9M (0%)             -                  -          
[104.350s][info][gc,heap     ] GC(32) Allocated:         -                82M (0%)           90M (0%)           94M (0%)             -                  -          
[104.350s][info][gc,heap     ] GC(32)   Garbage:         -              6056M (20%)         354M (1%)           17M (0%)             -                  -          
[104.350s][info][gc,heap     ] GC(32) Reclaimed:         -                  -              5702M (19%)        6038M (20%)            -                  -          
[104.350s][info][gc          ] GC(32) Garbage Collection (Proactive) 6066M(20%)->122M(0%)
[107.116s][info][gc,start    ] GC(33) Garbage Collection (Proactive)
[107.116s][info][gc,task     ] GC(33) Using 12 workers
[107.116s][info][gc,phases   ] GC(33) Pause Mark Start 0.012ms
[107.130s][info][gc,phases   ] GC(33) Concurrent Mark 13.450ms
[107.130s][info][gc,phases   ] GC(33) Pause Mark End 0.019ms
[107.130s][info][gc,phases   ] GC(33) Concurrent Mark Free 0.001ms
[107.138s][info][gc,phases   ] GC(33) Concurrent Process Non-Strong References 8.147ms
[107.138s][info][gc,phases   ] GC(33) Concurrent Reset Relocation Set 0.026ms
[107.146s][info][gc,phases   ] GC(33) Concurrent Select Relocation Set 8.027ms
[107.146s][info][gc,phases   ] GC(33) Pause Relocate Start 0.008ms
[107.151s][info][gc,phases   ] GC(33) Concurrent Relocate 3.853ms
[107.151s][info][gc,load     ] GC(33) Load: 0.00/0.00/0.00
[107.151s][info][gc,mmu      ] GC(33) MMU: 2ms/96.7%, 5ms/98.7%, 10ms/99.3%, 20ms/99.6%, 50ms/99.8%, 100ms/99.9%
[107.151s][info][gc,marking  ] GC(33) Mark: 8 stripe(s), 5 proactive flush(es), 2 terminate flush(es), 0 completion(s), 0 continuation(s) 
[107.151s][info][gc,marking  ] GC(33) Mark Stack Usage: 32M
[107.151s][info][gc,nmethod  ] GC(33) NMethods: 2270 registered, 11 unregistered
[107.151s][info][gc,metaspace] GC(33) Metaspace: 13M used, 14M committed, 1088M reserved
[107.151s][info][gc,ref      ] GC(33) Soft: 211 encountered, 0 discovered, 0 enqueued
[107.151s][info][gc,ref      ] GC(33) Weak: 727 encountered, 253 discovered, 0 enqueued
[107.151s][info][gc,ref      ] GC(33) Final: 0 encountered, 0 discovered, 0 enqueued
[107.151s][info][gc,ref      ] GC(33) Phantom: 59 encountered, 38 discovered, 0 enqueued
[107.151s][info][gc,reloc    ] GC(33) Small Pages: 3243 / 6486M, Empty: 6158M, Relocated: 8M, In-Place: 0
[107.151s][info][gc,reloc    ] GC(33) Medium Pages: 0 / 0M, Empty: 0M, Relocated: 0M, In-Place: 0
[107.151s][info][gc,reloc    ] GC(33) Large Pages: 0 / 0M, Empty: 0M, Relocated: 0M, In-Place: 0
[107.151s][info][gc,reloc    ] GC(33) Forwarding Usage: 1M
[107.151s][info][gc,heap     ] GC(33) Min Capacity: 8M(0%)
[107.151s][info][gc,heap     ] GC(33) Max Capacity: 30718M(100%)
[107.151s][info][gc,heap     ] GC(33) Soft Max Capacity: 30718M(100%)
[107.151s][info][gc,heap     ] GC(33)                Mark Start          Mark End        Relocate Start      Relocate End           High               Low         
[107.151s][info][gc,heap     ] GC(33)  Capacity:    15480M (50%)       15480M (50%)       15480M (50%)       15480M (50%)       15480M (50%)       15480M (50%)    
[107.151s][info][gc,heap     ] GC(33)      Free:    24232M (79%)       24144M (79%)       30292M (99%)       30588M (100%)      30588M (100%)      24142M (79%)    
[107.151s][info][gc,heap     ] GC(33)      Used:     6486M (21%)        6574M (21%)         426M (1%)          130M (0%)         6576M (21%)         130M (0%)     
[107.151s][info][gc,heap     ] GC(33)      Live:         -                10M (0%)           10M (0%)           10M (0%)             -                  -          
[107.151s][info][gc,heap     ] GC(33) Allocated:         -                88M (0%)           98M (0%)          102M (0%)             -                  -          
[107.151s][info][gc,heap     ] GC(33)   Garbage:         -              6475M (21%)         317M (1%)           17M (0%)             -                  -          
[107.151s][info][gc,heap     ] GC(33) Reclaimed:         -                  -              6158M (20%)        6458M (21%)            -                  -          
[107.151s][info][gc          ] GC(33) Garbage Collection (Proactive) 6486M(21%)->130M(0%)
[108.514s][info][gc,start    ] GC(34) Garbage Collection (System.gc())
[108.514s][info][gc,task     ] GC(34) Using 12 workers
[108.514s][info][gc,phases   ] GC(34) Pause Mark Start 0.018ms
[108.528s][info][gc,phases   ] GC(34) Concurrent Mark 13.594ms
[108.528s][info][gc,phases   ] GC(34) Pause Mark End 0.017ms
[108.528s][info][gc,phases   ] GC(34) Concurrent Mark Free 0.001ms
[108.539s][info][gc,phases   ] GC(34) Concurrent Process Non-Strong References 10.759ms
[108.539s][info][gc,phases   ] GC(34) Concurrent Reset Relocation Set 0.018ms
[108.543s][info][gc,phases   ] GC(34) Concurrent Select Relocation Set 3.874ms
[108.543s][info][gc,phases   ] GC(34) Pause Relocate Start 0.008ms
[108.546s][info][gc,phases   ] GC(34) Concurrent Relocate 2.982ms
[108.546s][info][gc,load     ] GC(34) Load: 0.00/0.00/0.00
[108.546s][info][gc,mmu      ] GC(34) MMU: 2ms/96.7%, 5ms/98.7%, 10ms/99.3%, 20ms/99.6%, 50ms/99.8%, 100ms/99.9%
[108.546s][info][gc,marking  ] GC(34) Mark: 8 stripe(s), 1 proactive flush(es), 1 terminate flush(es), 0 completion(s), 0 continuation(s) 
[108.546s][info][gc,marking  ] GC(34) Mark Stack Usage: 32M
[108.547s][info][gc,nmethod  ] GC(34) NMethods: 2270 registered, 11 unregistered
[108.547s][info][gc,metaspace] GC(34) Metaspace: 13M used, 14M committed, 1088M reserved
[108.547s][info][gc,ref      ] GC(34) Soft: 211 encountered, 0 discovered, 0 enqueued
[108.547s][info][gc,ref      ] GC(34) Weak: 627 encountered, 91 discovered, 0 enqueued
[108.547s][info][gc,ref      ] GC(34) Final: 0 encountered, 0 discovered, 0 enqueued
[108.547s][info][gc,ref      ] GC(34) Phantom: 59 encountered, 32 discovered, 0 enqueued
[108.547s][info][gc,reloc    ] GC(34) Small Pages: 1397 / 2794M, Empty: 2714M, Relocated: 4M, In-Place: 0
[108.547s][info][gc,reloc    ] GC(34) Medium Pages: 0 / 0M, Empty: 0M, Relocated: 0M, In-Place: 0
[108.547s][info][gc,reloc    ] GC(34) Large Pages: 0 / 0M, Empty: 0M, Relocated: 0M, In-Place: 0
[108.547s][info][gc,reloc    ] GC(34) Forwarding Usage: 1M
[108.547s][info][gc,heap     ] GC(34) Min Capacity: 8M(0%)
[108.547s][info][gc,heap     ] GC(34) Max Capacity: 30718M(100%)
[108.547s][info][gc,heap     ] GC(34) Soft Max Capacity: 30718M(100%)
[108.547s][info][gc,heap     ] GC(34)                Mark Start          Mark End        Relocate Start      Relocate End           High               Low         
[108.547s][info][gc,heap     ] GC(34)  Capacity:    15480M (50%)       15480M (50%)       15480M (50%)       15480M (50%)       15480M (50%)       15480M (50%)    
[108.547s][info][gc,heap     ] GC(34)      Free:    27924M (91%)       27924M (91%)       30638M (100%)      30692M (100%)      30692M (100%)      27924M (91%)    
[108.547s][info][gc,heap     ] GC(34)      Used:     2794M (9%)         2794M (9%)           80M (0%)           26M (0%)         2794M (9%)           26M (0%)     
[108.547s][info][gc,heap     ] GC(34)      Live:         -                 6M (0%)            6M (0%)            6M (0%)             -                  -          
[108.547s][info][gc,heap     ] GC(34) Allocated:         -                 0M (0%)            0M (0%)            0M (0%)             -                  -          
[108.547s][info][gc,heap     ] GC(34)   Garbage:         -              2787M (9%)           73M (0%)           19M (0%)             -                  -          
[108.547s][info][gc,heap     ] GC(34) Reclaimed:         -                  -              2714M (9%)         2768M (9%)             -                  -          
[108.547s][info][gc          ] GC(34) Garbage Collection (System.gc()) 2794M(9%)->26M(0%)
[110.117s][info][gc,stats    ] === Garbage Collection Statistics =======================================================================================================================
[110.117s][info][gc,stats    ]                                                              Last 10s              Last 10m              Last 10h                Total
[110.117s][info][gc,stats    ]                                                              Avg / Max             Avg / Max             Avg / Max             Avg / Max
[110.117s][info][gc,stats    ]   Collector: Garbage Collection Cycle                     35.982 / 44.274       42.173 / 130.478      42.173 / 130.478      42.173 / 130.478     ms
[110.117s][info][gc,stats    ]  Contention: Mark Segment Reset Contention                     1 / 8                 2 / 26                2 / 26                2 / 26          ops/s
[110.117s][info][gc,stats    ]  Contention: Mark SeqNum Reset Contention                      0 / 1                 0 / 3                 0 / 3                 0 / 3           ops/s
[110.117s][info][gc,stats    ]    Critical: Allocation Stall                                  0 / 0                 0 / 0                 0 / 0                 0 / 0           ops/s
[110.117s][info][gc,stats    ]    Critical: Allocation Stall                              0.000 / 0.000         0.000 / 0.000         0.000 / 0.000         0.000 / 0.000       ms
[110.117s][info][gc,stats    ]    Critical: GC Locker Stall                                   0 / 0                 0 / 0                 0 / 0                 0 / 0           ops/s
[110.117s][info][gc,stats    ]    Critical: GC Locker Stall                               0.000 / 0.000         0.000 / 0.000         0.000 / 0.000         0.000 / 0.000       ms
[110.117s][info][gc,stats    ]    Critical: Relocation Stall                                  0 / 0                 0 / 0                 0 / 0                 0 / 0           ops/s
[110.117s][info][gc,stats    ]    Critical: Relocation Stall                              0.000 / 0.000         0.000 / 0.000         0.000 / 0.000         0.000 / 0.000       ms
[110.117s][info][gc,stats    ]      Memory: Allocation Rate                                1944 / 2304           1809 / 2304           1809 / 2304           1809 / 2304        MB/s
[110.117s][info][gc,stats    ]      Memory: Defragment                                        0 / 0                 0 / 0                 0 / 0                 0 / 0           ops/s
[110.117s][info][gc,stats    ]      Memory: Out Of Memory                                     0 / 0                 0 / 0                 0 / 0                 0 / 0           ops/s
[110.117s][info][gc,stats    ]      Memory: Page Cache Flush                                  0 / 0                 0 / 0                 0 / 0                 0 / 0           MB/s
[110.117s][info][gc,stats    ]      Memory: Page Cache Hit L1                               977 / 1152            838 / 1152            838 / 1152            838 / 1152        ops/s
[110.117s][info][gc,stats    ]      Memory: Page Cache Hit L2                                 0 / 0                 0 / 0                 0 / 0                 0 / 0           ops/s
[110.117s][info][gc,stats    ]      Memory: Page Cache Hit L3                                 0 / 0                 9 / 613               9 / 613               9 / 613         ops/s
[110.117s][info][gc,stats    ]      Memory: Page Cache Miss                                   0 / 0                61 / 740              61 / 740              61 / 740         ops/s
[110.117s][info][gc,stats    ]      Memory: Uncommit                                          0 / 0                 0 / 0                 0 / 0                 0 / 0           MB/s
[110.117s][info][gc,stats    ]      Memory: Undo Object Allocation Failed                     0 / 0                 0 / 2                 0 / 2                 0 / 2           ops/s
[110.117s][info][gc,stats    ]      Memory: Undo Object Allocation Succeeded                  9 / 39                7 / 63                7 / 63                7 / 63          ops/s
[110.117s][info][gc,stats    ]      Memory: Undo Page Allocation                              0 / 1                 2 / 25                2 / 25                2 / 25          ops/s
[110.117s][info][gc,stats    ]       Phase: Concurrent Mark                              14.822 / 19.053       19.597 / 55.621       19.597 / 55.621       19.597 / 55.621      ms
[110.117s][info][gc,stats    ]       Phase: Concurrent Mark Continue                      0.000 / 0.000         0.000 / 0.000         0.000 / 0.000         0.000 / 0.000       ms
[110.117s][info][gc,stats    ]       Phase: Concurrent Mark Free                          0.001 / 0.001         0.001 / 0.002         0.001 / 0.002         0.001 / 0.002       ms
[110.117s][info][gc,stats    ]       Phase: Concurrent Process Non-Strong References      8.195 / 10.759        7.446 / 43.378        7.446 / 43.378        7.446 / 43.378      ms
[110.117s][info][gc,stats    ]       Phase: Concurrent Relocate                           3.428 / 4.130         3.293 / 4.517         3.293 / 4.517         3.293 / 4.517       ms
[110.117s][info][gc,stats    ]       Phase: Concurrent Reset Relocation Set               0.021 / 0.026         0.018 / 0.048         0.018 / 0.048         0.018 / 0.048       ms
[110.117s][info][gc,stats    ]       Phase: Concurrent Select Relocation Set              6.299 / 8.027         7.005 / 17.171        7.005 / 17.171        7.005 / 17.171      ms
[110.117s][info][gc,stats    ]       Phase: Pause Mark End                                0.019 / 0.020         0.020 / 0.065         0.020 / 0.065         0.020 / 0.065       ms
[110.117s][info][gc,stats    ]       Phase: Pause Mark Start                              0.013 / 0.018         0.013 / 0.020         0.013 / 0.020         0.013 / 0.020       ms
[110.117s][info][gc,stats    ]       Phase: Pause Relocate Start                          0.008 / 0.008         0.008 / 0.021         0.008 / 0.021         0.008 / 0.021       ms
[110.117s][info][gc,stats    ]    Subphase: Concurrent Classes Purge                      0.021 / 0.044         0.261 / 7.344         0.261 / 7.344         0.261 / 7.344       ms
[110.117s][info][gc,stats    ]    Subphase: Concurrent Classes Unlink                     0.535 / 0.578         0.790 / 8.444         0.790 / 8.444         0.790 / 8.444       ms
[110.117s][info][gc,stats    ]    Subphase: Concurrent Mark                              11.149 / 13.023       17.104 / 53.263       17.104 / 53.263       17.104 / 53.263      ms
[110.117s][info][gc,stats    ]    Subphase: Concurrent Mark Try Flush                     0.317 / 2.739         1.161 / 30.022        1.161 / 30.022        1.161 / 30.022      ms
[110.117s][info][gc,stats    ]    Subphase: Concurrent Mark Try Terminate                 2.271 / 10.175        2.165 / 15.149        2.165 / 15.149        2.165 / 15.149      ms
[110.117s][info][gc,stats    ]    Subphase: Concurrent References Enqueue                 0.001 / 0.004         0.001 / 0.004         0.001 / 0.004         0.001 / 0.004       ms
[110.117s][info][gc,stats    ]    Subphase: Concurrent References Process                 0.047 / 0.055         0.049 / 0.080         0.049 / 0.080         0.049 / 0.080       ms
[110.118s][info][gc,stats    ]    Subphase: Concurrent Roots ClassLoaderDataGraph         0.079 / 0.549         0.096 / 1.506         0.096 / 1.506         0.096 / 1.506       ms
[110.118s][info][gc,stats    ]    Subphase: Concurrent Roots CodeCache                    0.000 / 0.000         0.000 / 0.000         0.000 / 0.000         0.000 / 0.000       ms
[110.118s][info][gc,stats    ]    Subphase: Concurrent Roots JavaThreads                  1.509 / 9.683         1.023 / 9.683         1.023 / 9.683         1.023 / 9.683       ms
[110.118s][info][gc,stats    ]    Subphase: Concurrent Roots OopStorageSet                0.032 / 0.102         0.144 / 1.312         0.144 / 1.312         0.144 / 1.312       ms
[110.118s][info][gc,stats    ]    Subphase: Concurrent Weak Roots OopStorageSet           7.449 / 10.066        5.304 / 10.487        5.304 / 10.487        5.304 / 10.487      ms
[110.118s][info][gc,stats    ]    Subphase: Pause Mark Try Complete                       0.000 / 0.000         0.001 / 0.003         0.001 / 0.003         0.001 / 0.003       ms
[110.118s][info][gc,stats    ]      System: Java Threads                                     47 / 60               46 / 62               46 / 62               46 / 62          threads
[110.118s][info][gc,stats    ] =========================================================================================================================================================
[110.817s][info][gc,start    ] GC(35) Garbage Collection (Proactive)
[110.817s][info][gc,task     ] GC(35) Using 12 workers
[110.817s][info][gc,phases   ] GC(35) Pause Mark Start 0.013ms
[110.826s][info][gc,phases   ] GC(35) Concurrent Mark 8.667ms
[110.826s][info][gc,phases   ] GC(35) Pause Mark End 0.018ms
[110.826s][info][gc,phases   ] GC(35) Concurrent Mark Free 0.001ms
[110.833s][info][gc,phases   ] GC(35) Concurrent Process Non-Strong References 6.926ms
[110.833s][info][gc,phases   ] GC(35) Concurrent Reset Relocation Set 0.005ms
[110.837s][info][gc,phases   ] GC(35) Concurrent Select Relocation Set 3.811ms
[110.837s][info][gc,phases   ] GC(35) Pause Relocate Start 0.007ms
[110.840s][info][gc,phases   ] GC(35) Concurrent Relocate 3.087ms
[110.840s][info][gc,load     ] GC(35) Load: 0.00/0.00/0.00
[110.840s][info][gc,mmu      ] GC(35) MMU: 2ms/96.7%, 5ms/98.7%, 10ms/99.3%, 20ms/99.6%, 50ms/99.8%, 100ms/99.9%
[110.840s][info][gc,marking  ] GC(35) Mark: 8 stripe(s), 5 proactive flush(es), 1 terminate flush(es), 0 completion(s), 0 continuation(s) 
[110.840s][info][gc,marking  ] GC(35) Mark Stack Usage: 32M
[110.840s][info][gc,nmethod  ] GC(35) NMethods: 2270 registered, 13 unregistered
[110.840s][info][gc,metaspace] GC(35) Metaspace: 13M used, 14M committed, 1088M reserved
[110.840s][info][gc,ref      ] GC(35) Soft: 211 encountered, 0 discovered, 0 enqueued
[110.840s][info][gc,ref      ] GC(35) Weak: 723 encountered, 225 discovered, 0 enqueued
[110.840s][info][gc,ref      ] GC(35) Final: 0 encountered, 0 discovered, 0 enqueued
[110.840s][info][gc,ref      ] GC(35) Phantom: 59 encountered, 42 discovered, 0 enqueued
[110.840s][info][gc,reloc    ] GC(35) Small Pages: 1950 / 3900M, Empty: 3614M, Relocated: 5M, In-Place: 0
[110.840s][info][gc,reloc    ] GC(35) Medium Pages: 0 / 0M, Empty: 0M, Relocated: 0M, In-Place: 0
[110.840s][info][gc,reloc    ] GC(35) Large Pages: 0 / 0M, Empty: 0M, Relocated: 0M, In-Place: 0
[110.840s][info][gc,reloc    ] GC(35) Forwarding Usage: 0M
[110.840s][info][gc,heap     ] GC(35) Min Capacity: 8M(0%)
[110.840s][info][gc,heap     ] GC(35) Max Capacity: 30718M(100%)
[110.840s][info][gc,heap     ] GC(35) Soft Max Capacity: 30718M(100%)
[110.840s][info][gc,heap     ] GC(35)                Mark Start          Mark End        Relocate Start      Relocate End           High               Low         
[110.840s][info][gc,heap     ] GC(35)  Capacity:    15480M (50%)       15480M (50%)       15480M (50%)       15480M (50%)       15480M (50%)       15480M (50%)    
[110.840s][info][gc,heap     ] GC(35)      Free:    26818M (87%)       26734M (87%)       30344M (99%)       30594M (100%)      30594M (100%)      26730M (87%)    
[110.841s][info][gc,heap     ] GC(35)      Used:     3900M (13%)        3984M (13%)         374M (1%)          124M (0%)         3988M (13%)         124M (0%)     
[110.841s][info][gc,heap     ] GC(35)      Live:         -                 8M (0%)            8M (0%)            8M (0%)             -                  -          
[110.841s][info][gc,heap     ] GC(35) Allocated:         -                84M (0%)           88M (0%)           92M (0%)             -                  -          
[110.841s][info][gc,heap     ] GC(35)   Garbage:         -              3891M (13%)         277M (1%)           22M (0%)             -                  -          
[110.841s][info][gc,heap     ] GC(35) Reclaimed:         -                  -              3614M (12%)        3868M (13%)            -                  -          
[110.841s][info][gc          ] GC(35) Garbage Collection (Proactive) 3900M(13%)->124M(0%)
[113.016s][info][gc,start    ] GC(36) Garbage Collection (Proactive)
[113.016s][info][gc,task     ] GC(36) Using 12 workers
[113.016s][info][gc,phases   ] GC(36) Pause Mark Start 0.011ms
[113.035s][info][gc,phases   ] GC(36) Concurrent Mark 19.090ms
[113.036s][info][gc,phases   ] GC(36) Pause Mark End 0.019ms
[113.036s][info][gc,phases   ] GC(36) Concurrent Mark Free 0.001ms
[113.044s][info][gc,phases   ] GC(36) Concurrent Process Non-Strong References 8.632ms
[113.044s][info][gc,phases   ] GC(36) Concurrent Reset Relocation Set 0.020ms
[113.052s][info][gc,phases   ] GC(36) Concurrent Select Relocation Set 7.487ms
[113.052s][info][gc,phases   ] GC(36) Pause Relocate Start 0.009ms
[113.056s][info][gc,phases   ] GC(36) Concurrent Relocate 4.093ms
[113.056s][info][gc,load     ] GC(36) Load: 0.00/0.00/0.00
[113.056s][info][gc,mmu      ] GC(36) MMU: 2ms/96.7%, 5ms/98.7%, 10ms/99.3%, 20ms/99.6%, 50ms/99.8%, 100ms/99.9%
[113.056s][info][gc,marking  ] GC(36) Mark: 8 stripe(s), 5 proactive flush(es), 1 terminate flush(es), 0 completion(s), 0 continuation(s) 
[113.056s][info][gc,marking  ] GC(36) Mark Stack Usage: 32M
[113.056s][info][gc,nmethod  ] GC(36) NMethods: 2270 registered, 13 unregistered
[113.056s][info][gc,metaspace] GC(36) Metaspace: 13M used, 14M committed, 1088M reserved
[113.056s][info][gc,ref      ] GC(36) Soft: 211 encountered, 0 discovered, 0 enqueued
[113.056s][info][gc,ref      ] GC(36) Weak: 723 encountered, 209 discovered, 0 enqueued
[113.056s][info][gc,ref      ] GC(36) Final: 0 encountered, 0 discovered, 0 enqueued
[113.057s][info][gc,ref      ] GC(36) Phantom: 59 encountered, 36 discovered, 0 enqueued
[113.057s][info][gc,reloc    ] GC(36) Small Pages: 2042 / 4084M, Empty: 3760M, Relocated: 6M, In-Place: 0
[113.057s][info][gc,reloc    ] GC(36) Medium Pages: 0 / 0M, Empty: 0M, Relocated: 0M, In-Place: 0
[113.057s][info][gc,reloc    ] GC(36) Large Pages: 0 / 0M, Empty: 0M, Relocated: 0M, In-Place: 0
[113.057s][info][gc,reloc    ] GC(36) Forwarding Usage: 1M
[113.057s][info][gc,heap     ] GC(36) Min Capacity: 8M(0%)
[113.057s][info][gc,heap     ] GC(36) Max Capacity: 30718M(100%)
[113.057s][info][gc,heap     ] GC(36) Soft Max Capacity: 30718M(100%)
[113.057s][info][gc,heap     ] GC(36)                Mark Start          Mark End        Relocate Start      Relocate End           High               Low         
[113.057s][info][gc,heap     ] GC(36)  Capacity:    15480M (50%)       15480M (50%)       15480M (50%)       15480M (50%)       15480M (50%)       15480M (50%)    
[113.057s][info][gc,heap     ] GC(36)      Free:    26634M (87%)       26546M (86%)       30296M (99%)       30578M (100%)      30578M (100%)      26540M (86%)    
[113.057s][info][gc,heap     ] GC(36)      Used:     4084M (13%)        4172M (14%)         422M (1%)          140M (0%)         4178M (14%)         140M (0%)     
[113.057s][info][gc,heap     ] GC(36)      Live:         -                 9M (0%)            9M (0%)            9M (0%)             -                  -          
[113.057s][info][gc,heap     ] GC(36) Allocated:         -                88M (0%)           98M (0%)          110M (0%)             -                  -          
[113.057s][info][gc,heap     ] GC(36)   Garbage:         -              4074M (13%)         314M (1%)           20M (0%)             -                  -          
[113.057s][info][gc,heap     ] GC(36) Reclaimed:         -                  -              3760M (12%)        4054M (13%)            -                  -          
[113.057s][info][gc          ] GC(36) Garbage Collection (Proactive) 4084M(13%)->140M(0%)
[116.016s][info][gc,start    ] GC(37) Garbage Collection (Proactive)
[116.016s][info][gc,task     ] GC(37) Using 12 workers
[116.017s][info][gc,phases   ] GC(37) Pause Mark Start 0.012ms
[116.024s][info][gc,phases   ] GC(37) Concurrent Mark 7.657ms
[116.025s][info][gc,phases   ] GC(37) Pause Mark End 0.018ms
[116.025s][info][gc,phases   ] GC(37) Concurrent Mark Free 0.001ms
[116.033s][info][gc,phases   ] GC(37) Concurrent Process Non-Strong References 8.586ms
[116.033s][info][gc,phases   ] GC(37) Concurrent Reset Relocation Set 0.021ms
[116.040s][info][gc,phases   ] GC(37) Concurrent Select Relocation Set 6.985ms
[116.040s][info][gc,phases   ] GC(37) Pause Relocate Start 0.008ms
[116.043s][info][gc,phases   ] GC(37) Concurrent Relocate 2.622ms
[116.043s][info][gc,load     ] GC(37) Load: 0.00/0.00/0.00
[116.043s][info][gc,mmu      ] GC(37) MMU: 2ms/96.7%, 5ms/98.7%, 10ms/99.3%, 20ms/99.6%, 50ms/99.8%, 100ms/99.9%
[116.043s][info][gc,marking  ] GC(37) Mark: 8 stripe(s), 3 proactive flush(es), 1 terminate flush(es), 0 completion(s), 0 continuation(s) 
[116.043s][info][gc,marking  ] GC(37) Mark Stack Usage: 32M
[116.043s][info][gc,nmethod  ] GC(37) NMethods: 2270 registered, 13 unregistered
[116.043s][info][gc,metaspace] GC(37) Metaspace: 13M used, 14M committed, 1088M reserved
[116.043s][info][gc,ref      ] GC(37) Soft: 211 encountered, 0 discovered, 0 enqueued
[116.043s][info][gc,ref      ] GC(37) Weak: 723 encountered, 131 discovered, 0 enqueued
[116.043s][info][gc,ref      ] GC(37) Final: 0 encountered, 0 discovered, 0 enqueued
[116.043s][info][gc,ref      ] GC(37) Phantom: 59 encountered, 33 discovered, 0 enqueued
[116.043s][info][gc,reloc    ] GC(37) Small Pages: 2643 / 5286M, Empty: 4938M, Relocated: 8M, In-Place: 0
[116.043s][info][gc,reloc    ] GC(37) Medium Pages: 0 / 0M, Empty: 0M, Relocated: 0M, In-Place: 0
[116.043s][info][gc,reloc    ] GC(37) Large Pages: 0 / 0M, Empty: 0M, Relocated: 0M, In-Place: 0
[116.043s][info][gc,reloc    ] GC(37) Forwarding Usage: 1M
[116.043s][info][gc,heap     ] GC(37) Min Capacity: 8M(0%)
[116.043s][info][gc,heap     ] GC(37) Max Capacity: 30718M(100%)
[116.043s][info][gc,heap     ] GC(37) Soft Max Capacity: 30718M(100%)
[116.043s][info][gc,heap     ] GC(37)                Mark Start          Mark End        Relocate Start      Relocate End           High               Low         
[116.043s][info][gc,heap     ] GC(37)  Capacity:    15480M (50%)       15480M (50%)       15480M (50%)       15480M (50%)       15480M (50%)       15480M (50%)    
[116.043s][info][gc,heap     ] GC(37)      Free:    25432M (83%)       25350M (83%)       30280M (99%)       30600M (100%)      30600M (100%)      25342M (82%)    
[116.043s][info][gc,heap     ] GC(37)      Used:     5286M (17%)        5368M (17%)         438M (1%)          118M (0%)         5376M (18%)         118M (0%)     
[116.043s][info][gc,heap     ] GC(37)      Live:         -                 9M (0%)            9M (0%)            9M (0%)             -                  -          
[116.044s][info][gc,heap     ] GC(37) Allocated:         -                82M (0%)           90M (0%)           90M (0%)             -                  -          
[116.044s][info][gc,heap     ] GC(37)   Garbage:         -              5276M (17%)         338M (1%)           17M (0%)             -                  -          
[116.044s][info][gc,heap     ] GC(37) Reclaimed:         -                  -              4938M (16%)        5258M (17%)            -                  -          
[116.044s][info][gc          ] GC(37) Garbage Collection (Proactive) 5286M(17%)->118M(0%)
[118.516s][info][gc,start    ] GC(38) Garbage Collection (Proactive)
[118.516s][info][gc,task     ] GC(38) Using 12 workers
[118.516s][info][gc,phases   ] GC(38) Pause Mark Start 0.013ms
[118.527s][info][gc,phases   ] GC(38) Concurrent Mark 11.494ms
[118.528s][info][gc,phases   ] GC(38) Pause Mark End 0.019ms
[118.528s][info][gc,phases   ] GC(38) Concurrent Mark Free 0.001ms
[118.536s][info][gc,phases   ] GC(38) Concurrent Process Non-Strong References 8.148ms
[118.536s][info][gc,phases   ] GC(38) Concurrent Reset Relocation Set 0.023ms
[118.545s][info][gc,phases   ] GC(38) Concurrent Select Relocation Set 9.106ms
[118.545s][info][gc,phases   ] GC(38) Pause Relocate Start 0.007ms
[118.548s][info][gc,phases   ] GC(38) Concurrent Relocate 2.809ms
[118.548s][info][gc,load     ] GC(38) Load: 0.00/0.00/0.00
[118.548s][info][gc,mmu      ] GC(38) MMU: 2ms/96.7%, 5ms/98.7%, 10ms/99.3%, 20ms/99.6%, 50ms/99.8%, 100ms/99.9%
[118.548s][info][gc,marking  ] GC(38) Mark: 8 stripe(s), 4 proactive flush(es), 1 terminate flush(es), 0 completion(s), 0 continuation(s) 
[118.548s][info][gc,marking  ] GC(38) Mark Stack Usage: 32M
[118.548s][info][gc,nmethod  ] GC(38) NMethods: 2270 registered, 13 unregistered
[118.548s][info][gc,metaspace] GC(38) Metaspace: 13M used, 14M committed, 1088M reserved
[118.548s][info][gc,ref      ] GC(38) Soft: 211 encountered, 0 discovered, 0 enqueued
[118.548s][info][gc,ref      ] GC(38) Weak: 723 encountered, 272 discovered, 0 enqueued
[118.548s][info][gc,ref      ] GC(38) Final: 0 encountered, 0 discovered, 0 enqueued
[118.548s][info][gc,ref      ] GC(38) Phantom: 59 encountered, 39 discovered, 0 enqueued
[118.548s][info][gc,reloc    ] GC(38) Small Pages: 2317 / 4634M, Empty: 4300M, Relocated: 8M, In-Place: 0
[118.548s][info][gc,reloc    ] GC(38) Medium Pages: 0 / 0M, Empty: 0M, Relocated: 0M, In-Place: 0
[118.548s][info][gc,reloc    ] GC(38) Large Pages: 0 / 0M, Empty: 0M, Relocated: 0M, In-Place: 0
[118.548s][info][gc,reloc    ] GC(38) Forwarding Usage: 1M
[118.548s][info][gc,heap     ] GC(38) Min Capacity: 8M(0%)
[118.548s][info][gc,heap     ] GC(38) Max Capacity: 30718M(100%)
[118.548s][info][gc,heap     ] GC(38) Soft Max Capacity: 30718M(100%)
[118.548s][info][gc,heap     ] GC(38)                Mark Start          Mark End        Relocate Start      Relocate End           High               Low         
[118.548s][info][gc,heap     ] GC(38)  Capacity:    15480M (50%)       15480M (50%)       15480M (50%)       15480M (50%)       15480M (50%)       15480M (50%)    
[118.548s][info][gc,heap     ] GC(38)      Free:    26084M (85%)       25998M (85%)       30292M (99%)       30596M (100%)      30596M (100%)      25994M (85%)    
[118.548s][info][gc,heap     ] GC(38)      Used:     4634M (15%)        4720M (15%)         426M (1%)          122M (0%)         4724M (15%)         122M (0%)     
[118.548s][info][gc,heap     ] GC(38)      Live:         -                10M (0%)           10M (0%)           10M (0%)             -                  -          
[118.548s][info][gc,heap     ] GC(38) Allocated:         -                86M (0%)           92M (0%)           94M (0%)             -                  -          
[118.548s][info][gc,heap     ] GC(38)   Garbage:         -              4623M (15%)         323M (1%)           17M (0%)             -                  -          
[118.548s][info][gc,heap     ] GC(38) Reclaimed:         -                  -              4300M (14%)        4606M (15%)            -                  -          
[118.549s][info][gc          ] GC(38) Garbage Collection (Proactive) 4634M(15%)->122M(0%)
[119.702s][info][gc,start    ] GC(39) Garbage Collection (System.gc())
[119.702s][info][gc,task     ] GC(39) Using 12 workers
[119.825s][info][gc,phases   ] GC(39) Pause Mark Start 0.017ms
[119.841s][info][gc,phases   ] GC(39) Concurrent Mark 15.481ms
[119.841s][info][gc,phases   ] GC(39) Pause Mark End 0.063ms
[119.841s][info][gc,phases   ] GC(39) Concurrent Mark Free 0.001ms
[119.854s][info][gc,phases   ] GC(39) Concurrent Process Non-Strong References 13.059ms
[119.854s][info][gc,phases   ] GC(39) Concurrent Reset Relocation Set 0.018ms
[119.859s][info][gc,phases   ] GC(39) Concurrent Select Relocation Set 4.795ms
[119.859s][info][gc,phases   ] GC(39) Pause Relocate Start 0.006ms
[119.861s][info][gc,phases   ] GC(39) Concurrent Relocate 2.059ms
[119.861s][info][gc,load     ] GC(39) Load: 0.00/0.00/0.00
[119.861s][info][gc,mmu      ] GC(39) MMU: 2ms/96.7%, 5ms/98.7%, 10ms/99.3%, 20ms/99.6%, 50ms/99.8%, 100ms/99.9%
[119.861s][info][gc,marking  ] GC(39) Mark: 8 stripe(s), 1 proactive flush(es), 1 terminate flush(es), 1 completion(s), 0 continuation(s) 
[119.861s][info][gc,marking  ] GC(39) Mark Stack Usage: 32M
[119.861s][info][gc,nmethod  ] GC(39) NMethods: 2270 registered, 13 unregistered
[119.861s][info][gc,metaspace] GC(39) Metaspace: 13M used, 14M committed, 1088M reserved
[119.861s][info][gc,ref      ] GC(39) Soft: 211 encountered, 0 discovered, 0 enqueued
[119.861s][info][gc,ref      ] GC(39) Weak: 623 encountered, 6 discovered, 0 enqueued
[119.861s][info][gc,ref      ] GC(39) Final: 0 encountered, 0 discovered, 0 enqueued
[119.862s][info][gc,ref      ] GC(39) Phantom: 59 encountered, 37 discovered, 0 enqueued
[119.862s][info][gc,reloc    ] GC(39) Small Pages: 1327 / 2654M, Empty: 2586M, Relocated: 4M, In-Place: 0
[119.862s][info][gc,reloc    ] GC(39) Medium Pages: 0 / 0M, Empty: 0M, Relocated: 0M, In-Place: 0
[119.862s][info][gc,reloc    ] GC(39) Large Pages: 0 / 0M, Empty: 0M, Relocated: 0M, In-Place: 0
[119.862s][info][gc,reloc    ] GC(39) Forwarding Usage: 1M
[119.862s][info][gc,heap     ] GC(39) Min Capacity: 8M(0%)
[119.862s][info][gc,heap     ] GC(39) Max Capacity: 30718M(100%)
[119.862s][info][gc,heap     ] GC(39) Soft Max Capacity: 30718M(100%)
[119.862s][info][gc,heap     ] GC(39)                Mark Start          Mark End        Relocate Start      Relocate End           High               Low         
[119.862s][info][gc,heap     ] GC(39)  Capacity:    15480M (50%)       15480M (50%)       15480M (50%)       15480M (50%)       15480M (50%)       15480M (50%)    
[119.862s][info][gc,heap     ] GC(39)      Free:    28064M (91%)       28064M (91%)       30650M (100%)      30692M (100%)      30692M (100%)      28064M (91%)    
[119.862s][info][gc,heap     ] GC(39)      Used:     2654M (9%)         2654M (9%)           68M (0%)           26M (0%)         2654M (9%)           26M (0%)     
[119.862s][info][gc,heap     ] GC(39)      Live:         -                 6M (0%)            6M (0%)            6M (0%)             -                  -          
[119.862s][info][gc,heap     ] GC(39) Allocated:         -                 0M (0%)            0M (0%)            0M (0%)             -                  -          
[119.862s][info][gc,heap     ] GC(39)   Garbage:         -              2647M (9%)           61M (0%)           19M (0%)             -                  -          
[119.862s][info][gc,heap     ] GC(39) Reclaimed:         -                  -              2586M (8%)         2628M (9%)             -                  -          
[119.862s][info][gc          ] GC(39) Garbage Collection (System.gc()) 2654M(9%)->26M(0%)
[120.116s][info][gc,stats    ] === Garbage Collection Statistics =======================================================================================================================
[120.116s][info][gc,stats    ]                                                              Last 10s              Last 10m              Last 10h                Total
[120.116s][info][gc,stats    ]                                                              Avg / Max             Avg / Max             Avg / Max             Avg / Max
[120.116s][info][gc,stats    ]   Collector: Garbage Collection Cycle                     56.528 / 159.419      43.968 / 159.419      43.968 / 159.419      43.968 / 159.419     ms
[120.116s][info][gc,stats    ]  Contention: Mark Segment Reset Contention                     1 / 7                 2 / 26                2 / 26                2 / 26          ops/s
[120.116s][info][gc,stats    ]  Contention: Mark SeqNum Reset Contention                      0 / 2                 0 / 3                 0 / 3                 0 / 3           ops/s
[120.116s][info][gc,stats    ]    Critical: Allocation Stall                                  0 / 0                 0 / 0                 0 / 0                 0 / 0           ops/s
[120.116s][info][gc,stats    ]    Critical: Allocation Stall                              0.000 / 0.000         0.000 / 0.000         0.000 / 0.000         0.000 / 0.000       ms
[120.116s][info][gc,stats    ]    Critical: GC Locker Stall                                   0 / 0                 0 / 0                 0 / 0                 0 / 0           ops/s
[120.116s][info][gc,stats    ]    Critical: GC Locker Stall                               0.000 / 0.000         0.000 / 0.000         0.000 / 0.000         0.000 / 0.000       ms
[120.116s][info][gc,stats    ]    Critical: Relocation Stall                                  0 / 0                 0 / 0                 0 / 0                 0 / 0           ops/s
[120.116s][info][gc,stats    ]    Critical: Relocation Stall                              0.000 / 0.000         0.000 / 0.000         0.000 / 0.000         0.000 / 0.000       ms
[120.116s][info][gc,stats    ]      Memory: Allocation Rate                                1824 / 2036           1810 / 2304           1810 / 2304           1810 / 2304        MB/s
[120.116s][info][gc,stats    ]      Memory: Defragment                                        0 / 0                 0 / 0                 0 / 0                 0 / 0           ops/s
[120.116s][info][gc,stats    ]      Memory: Out Of Memory                                     0 / 0                 0 / 0                 0 / 0                 0 / 0           ops/s
[120.116s][info][gc,stats    ]      Memory: Page Cache Flush                                  0 / 0                 0 / 0                 0 / 0                 0 / 0           MB/s
[120.116s][info][gc,stats    ]      Memory: Page Cache Hit L1                               918 / 1030            844 / 1152            844 / 1152            844 / 1152        ops/s
[120.116s][info][gc,stats    ]      Memory: Page Cache Hit L2                                 0 / 0                 0 / 0                 0 / 0                 0 / 0           ops/s
[120.116s][info][gc,stats    ]      Memory: Page Cache Hit L3                                 0 / 0                 8 / 613               8 / 613               8 / 613         ops/s
[120.116s][info][gc,stats    ]      Memory: Page Cache Miss                                   0 / 0                55 / 740              55 / 740              55 / 740         ops/s
[120.116s][info][gc,stats    ]      Memory: Uncommit                                          0 / 0                 0 / 0                 0 / 0                 0 / 0           MB/s
[120.116s][info][gc,stats    ]      Memory: Undo Object Allocation Failed                     0 / 2                 0 / 2                 0 / 2                 0 / 2           ops/s
[120.116s][info][gc,stats    ]      Memory: Undo Object Allocation Succeeded                 15 / 68                8 / 68                8 / 68                8 / 68          ops/s
[120.116s][info][gc,stats    ]      Memory: Undo Page Allocation                              0 / 1                 1 / 25                1 / 25                1 / 25          ops/s
[120.116s][info][gc,stats    ]       Phase: Concurrent Mark                              12.478 / 19.090       18.707 / 55.621       18.707 / 55.621       18.707 / 55.621      ms
[120.116s][info][gc,stats    ]       Phase: Concurrent Mark Continue                      0.000 / 0.000         0.000 / 0.000         0.000 / 0.000         0.000 / 0.000       ms
[120.116s][info][gc,stats    ]       Phase: Concurrent Mark Free                          0.001 / 0.001         0.001 / 0.002         0.001 / 0.002         0.001 / 0.002       ms
[120.116s][info][gc,stats    ]       Phase: Concurrent Process Non-Strong References      9.070 / 13.059        7.649 / 43.378        7.649 / 43.378        7.649 / 43.378      ms
[120.116s][info][gc,stats    ]       Phase: Concurrent Relocate                           2.934 / 4.093         3.248 / 4.517         3.248 / 4.517         3.248 / 4.517       ms
[120.116s][info][gc,stats    ]       Phase: Concurrent Reset Relocation Set               0.017 / 0.023         0.018 / 0.048         0.018 / 0.048         0.018 / 0.048       ms
[120.116s][info][gc,stats    ]       Phase: Concurrent Select Relocation Set              6.437 / 9.106         6.934 / 17.171        6.934 / 17.171        6.934 / 17.171      ms
[120.116s][info][gc,stats    ]       Phase: Pause Mark End                                0.027 / 0.063         0.021 / 0.065         0.021 / 0.065         0.021 / 0.065       ms
[120.116s][info][gc,stats    ]       Phase: Pause Mark Start                              0.013 / 0.017         0.013 / 0.020         0.013 / 0.020         0.013 / 0.020       ms
[120.116s][info][gc,stats    ]       Phase: Pause Relocate Start                          0.007 / 0.009         0.007 / 0.021         0.007 / 0.021         0.007 / 0.021       ms
[120.116s][info][gc,stats    ]    Subphase: Concurrent Classes Purge                      0.008 / 0.017         0.229 / 7.344         0.229 / 7.344         0.229 / 7.344       ms
[120.116s][info][gc,stats    ]    Subphase: Concurrent Classes Unlink                     0.572 / 0.593         0.762 / 8.444         0.762 / 8.444         0.762 / 8.444       ms
[120.116s][info][gc,stats    ]    Subphase: Concurrent Mark                              11.293 / 18.563       16.378 / 53.263       16.378 / 53.263       16.378 / 53.263      ms
[120.116s][info][gc,stats    ]    Subphase: Concurrent Mark Try Flush                     0.122 / 0.436         1.021 / 30.022        1.021 / 30.022        1.021 / 30.022      ms
[120.116s][info][gc,stats    ]    Subphase: Concurrent Mark Try Terminate                 2.443 / 11.894        2.182 / 15.149        2.182 / 15.149        2.182 / 15.149      ms
[120.116s][info][gc,stats    ]    Subphase: Concurrent References Enqueue                 0.000 / 0.001         0.001 / 0.004         0.001 / 0.004         0.001 / 0.004       ms
[120.116s][info][gc,stats    ]    Subphase: Concurrent References Process                 0.051 / 0.069         0.049 / 0.080         0.049 / 0.080         0.049 / 0.080       ms
[120.116s][info][gc,stats    ]    Subphase: Concurrent Roots ClassLoaderDataGraph         0.059 / 0.479         0.090 / 1.506         0.090 / 1.506         0.090 / 1.506       ms
[120.116s][info][gc,stats    ]    Subphase: Concurrent Roots CodeCache                    0.000 / 0.000         0.000 / 0.000         0.000 / 0.000         0.000 / 0.000       ms
[120.116s][info][gc,stats    ]    Subphase: Concurrent Roots JavaThreads                  0.336 / 0.760         0.938 / 9.683         0.938 / 9.683         0.938 / 9.683       ms
[120.116s][info][gc,stats    ]    Subphase: Concurrent Roots OopStorageSet                0.025 / 0.092         0.128 / 1.312         0.128 / 1.312         0.128 / 1.312       ms
[120.116s][info][gc,stats    ]    Subphase: Concurrent Weak Roots OopStorageSet           8.271 / 12.411        5.675 / 12.411        5.675 / 12.411        5.675 / 12.411      ms
[120.116s][info][gc,stats    ]    Subphase: Pause Mark Try Complete                       0.002 / 0.004         0.002 / 0.004         0.002 / 0.004         0.002 / 0.004       ms
[120.116s][info][gc,stats    ]      System: Java Threads                                     50 / 60               46 / 62               46 / 62               46 / 62          threads
[120.116s][info][gc,stats    ] =========================================================================================================================================================
[130.115s][info][gc,stats    ] === Garbage Collection Statistics =======================================================================================================================
[130.115s][info][gc,stats    ]                                                              Last 10s              Last 10m              Last 10h                Total
[130.115s][info][gc,stats    ]                                                              Avg / Max             Avg / Max             Avg / Max             Avg / Max
[130.115s][info][gc,stats    ]   Collector: Garbage Collection Cycle                      0.000 / 0.000        43.968 / 159.419      43.968 / 159.419      43.968 / 159.419     ms
[130.116s][info][gc,stats    ]  Contention: Mark Segment Reset Contention                     0 / 0                 1 / 26                1 / 26                1 / 26          ops/s
[130.116s][info][gc,stats    ]  Contention: Mark SeqNum Reset Contention                      0 / 0                 0 / 3                 0 / 3                 0 / 3           ops/s
[130.116s][info][gc,stats    ]    Critical: Allocation Stall                                  0 / 0                 0 / 0                 0 / 0                 0 / 0           ops/s
[130.116s][info][gc,stats    ]    Critical: Allocation Stall                              0.000 / 0.000         0.000 / 0.000         0.000 / 0.000         0.000 / 0.000       ms
[130.116s][info][gc,stats    ]    Critical: GC Locker Stall                                   0 / 0                 0 / 0                 0 / 0                 0 / 0           ops/s
[130.116s][info][gc,stats    ]    Critical: GC Locker Stall                               0.000 / 0.000         0.000 / 0.000         0.000 / 0.000         0.000 / 0.000       ms
[130.116s][info][gc,stats    ]    Critical: Relocation Stall                                  0 / 0                 0 / 0                 0 / 0                 0 / 0           ops/s
[130.116s][info][gc,stats    ]    Critical: Relocation Stall                              0.000 / 0.000         0.000 / 0.000         0.000 / 0.000         0.000 / 0.000       ms
[130.116s][info][gc,stats    ]      Memory: Allocation Rate                                1791 / 1902           1808 / 2304           1808 / 2304           1808 / 2304        MB/s
[130.116s][info][gc,stats    ]      Memory: Defragment                                        0 / 0                 0 / 0                 0 / 0                 0 / 0           ops/s
[130.116s][info][gc,stats    ]      Memory: Out Of Memory                                     0 / 0                 0 / 0                 0 / 0                 0 / 0           ops/s
[130.116s][info][gc,stats    ]      Memory: Page Cache Flush                                  0 / 0                 0 / 0                 0 / 0                 0 / 0           MB/s
[130.116s][info][gc,stats    ]      Memory: Page Cache Hit L1                               750 / 951             837 / 1152            837 / 1152            837 / 1152        ops/s
[130.116s][info][gc,stats    ]      Memory: Page Cache Hit L2                                 0 / 0                 0 / 0                 0 / 0                 0 / 0           ops/s
[130.116s][info][gc,stats    ]      Memory: Page Cache Hit L3                                 0 / 0                 7 / 613               7 / 613               7 / 613         ops/s
[130.116s][info][gc,stats    ]      Memory: Page Cache Miss                                 146 / 699              62 / 740              62 / 740              62 / 740         ops/s
[130.116s][info][gc,stats    ]      Memory: Uncommit                                          0 / 0                 0 / 0                 0 / 0                 0 / 0           MB/s
[130.116s][info][gc,stats    ]      Memory: Undo Object Allocation Failed                     0 / 0                 0 / 2                 0 / 2                 0 / 2           ops/s
[130.116s][info][gc,stats    ]      Memory: Undo Object Allocation Succeeded                  0 / 0                 7 / 68                7 / 68                7 / 68          ops/s
[130.116s][info][gc,stats    ]      Memory: Undo Page Allocation                              2 / 16                2 / 25                2 / 25                2 / 25          ops/s
[130.116s][info][gc,stats    ]       Phase: Concurrent Mark                               0.000 / 0.000        18.707 / 55.621       18.707 / 55.621       18.707 / 55.621      ms
[130.116s][info][gc,stats    ]       Phase: Concurrent Mark Continue                      0.000 / 0.000         0.000 / 0.000         0.000 / 0.000         0.000 / 0.000       ms
[130.116s][info][gc,stats    ]       Phase: Concurrent Mark Free                          0.000 / 0.000         0.001 / 0.002         0.001 / 0.002         0.001 / 0.002       ms
[130.116s][info][gc,stats    ]       Phase: Concurrent Process Non-Strong References      0.000 / 0.000         7.649 / 43.378        7.649 / 43.378        7.649 / 43.378      ms
[130.116s][info][gc,stats    ]       Phase: Concurrent Relocate                           0.000 / 0.000         3.248 / 4.517         3.248 / 4.517         3.248 / 4.517       ms
[130.116s][info][gc,stats    ]       Phase: Concurrent Reset Relocation Set               0.000 / 0.000         0.018 / 0.048         0.018 / 0.048         0.018 / 0.048       ms
[130.116s][info][gc,stats    ]       Phase: Concurrent Select Relocation Set              0.000 / 0.000         6.934 / 17.171        6.934 / 17.171        6.934 / 17.171      ms
[130.116s][info][gc,stats    ]       Phase: Pause Mark End                                0.000 / 0.000         0.021 / 0.065         0.021 / 0.065         0.021 / 0.065       ms
[130.116s][info][gc,stats    ]       Phase: Pause Mark Start                              0.000 / 0.000         0.013 / 0.020         0.013 / 0.020         0.013 / 0.020       ms
[130.116s][info][gc,stats    ]       Phase: Pause Relocate Start                          0.000 / 0.000         0.007 / 0.021         0.007 / 0.021         0.007 / 0.021       ms
[130.116s][info][gc,stats    ]    Subphase: Concurrent Classes Purge                      0.000 / 0.000         0.229 / 7.344         0.229 / 7.344         0.229 / 7.344       ms
[130.116s][info][gc,stats    ]    Subphase: Concurrent Classes Unlink                     0.000 / 0.000         0.762 / 8.444         0.762 / 8.444         0.762 / 8.444       ms
[130.116s][info][gc,stats    ]    Subphase: Concurrent Mark                               0.000 / 0.000        16.378 / 53.263       16.378 / 53.263       16.378 / 53.263      ms
[130.116s][info][gc,stats    ]    Subphase: Concurrent Mark Try Flush                     0.000 / 0.000         1.021 / 30.022        1.021 / 30.022        1.021 / 30.022      ms
[130.116s][info][gc,stats    ]    Subphase: Concurrent Mark Try Terminate                 0.000 / 0.000         2.182 / 15.149        2.182 / 15.149        2.182 / 15.149      ms
[130.116s][info][gc,stats    ]    Subphase: Concurrent References Enqueue                 0.000 / 0.000         0.001 / 0.004         0.001 / 0.004         0.001 / 0.004       ms
[130.116s][info][gc,stats    ]    Subphase: Concurrent References Process                 0.000 / 0.000         0.049 / 0.080         0.049 / 0.080         0.049 / 0.080       ms
[130.116s][info][gc,stats    ]    Subphase: Concurrent Roots ClassLoaderDataGraph         0.000 / 0.000         0.090 / 1.506         0.090 / 1.506         0.090 / 1.506       ms
[130.116s][info][gc,stats    ]    Subphase: Concurrent Roots CodeCache                    0.000 / 0.000         0.000 / 0.000         0.000 / 0.000         0.000 / 0.000       ms
[130.116s][info][gc,stats    ]    Subphase: Concurrent Roots JavaThreads                  0.000 / 0.000         0.938 / 9.683         0.938 / 9.683         0.938 / 9.683       ms
[130.116s][info][gc,stats    ]    Subphase: Concurrent Roots OopStorageSet                0.000 / 0.000         0.128 / 1.312         0.128 / 1.312         0.128 / 1.312       ms
[130.116s][info][gc,stats    ]    Subphase: Concurrent Weak Roots OopStorageSet           0.000 / 0.000         5.675 / 12.411        5.675 / 12.411        5.675 / 12.411      ms
[130.116s][info][gc,stats    ]    Subphase: Pause Mark Try Complete                       0.000 / 0.000         0.002 / 0.004         0.002 / 0.004         0.002 / 0.004       ms
[130.116s][info][gc,stats    ]      System: Java Threads                                      0 / 0                46 / 62               46 / 62               46 / 62          threads
[130.116s][info][gc,stats    ] =========================================================================================================================================================
[130.358s][info][gc,start    ] GC(40) Garbage Collection (System.gc())
[130.358s][info][gc,task     ] GC(40) Using 12 workers
[130.359s][info][gc,phases   ] GC(40) Pause Mark Start 0.016ms
[130.372s][info][gc,phases   ] GC(40) Concurrent Mark 13.564ms
[130.372s][info][gc,phases   ] GC(40) Pause Mark End 0.019ms
[130.372s][info][gc,phases   ] GC(40) Concurrent Mark Free 0.002ms
[130.384s][info][gc,phases   ] GC(40) Concurrent Process Non-Strong References 11.733ms
[130.384s][info][gc,phases   ] GC(40) Concurrent Reset Relocation Set 0.003ms
[130.389s][info][gc,phases   ] GC(40) Concurrent Select Relocation Set 4.881ms
[130.389s][info][gc,phases   ] GC(40) Pause Relocate Start 0.007ms
[130.391s][info][gc,phases   ] GC(40) Concurrent Relocate 1.930ms
[130.391s][info][gc,load     ] GC(40) Load: 0.00/0.00/0.00
[130.391s][info][gc,mmu      ] GC(40) MMU: 2ms/96.7%, 5ms/98.7%, 10ms/99.3%, 20ms/99.6%, 50ms/99.8%, 100ms/99.9%
[130.391s][info][gc,marking  ] GC(40) Mark: 8 stripe(s), 2 proactive flush(es), 1 terminate flush(es), 0 completion(s), 0 continuation(s) 
[130.391s][info][gc,marking  ] GC(40) Mark Stack Usage: 32M
[130.391s][info][gc,nmethod  ] GC(40) NMethods: 2283 registered, 14 unregistered
[130.391s][info][gc,metaspace] GC(40) Metaspace: 13M used, 14M committed, 1088M reserved
[130.391s][info][gc,ref      ] GC(40) Soft: 211 encountered, 0 discovered, 0 enqueued
[130.391s][info][gc,ref      ] GC(40) Weak: 629 encountered, 64 discovered, 2 enqueued
[130.391s][info][gc,ref      ] GC(40) Final: 0 encountered, 0 discovered, 0 enqueued
[130.391s][info][gc,ref      ] GC(40) Phantom: 59 encountered, 46 discovered, 0 enqueued
[130.391s][info][gc,reloc    ] GC(40) Small Pages: 9402 / 18804M, Empty: 18772M, Relocated: 4M, In-Place: 0
[130.391s][info][gc,reloc    ] GC(40) Medium Pages: 0 / 0M, Empty: 0M, Relocated: 0M, In-Place: 0
[130.391s][info][gc,reloc    ] GC(40) Large Pages: 0 / 0M, Empty: 0M, Relocated: 0M, In-Place: 0
[130.391s][info][gc,reloc    ] GC(40) Forwarding Usage: 1M
[130.392s][info][gc,heap     ] GC(40) Min Capacity: 8M(0%)
[130.392s][info][gc,heap     ] GC(40) Max Capacity: 30718M(100%)
[130.392s][info][gc,heap     ] GC(40) Soft Max Capacity: 30718M(100%)
[130.392s][info][gc,heap     ] GC(40)                Mark Start          Mark End        Relocate Start      Relocate End           High               Low         
[130.392s][info][gc,heap     ] GC(40)  Capacity:    18804M (61%)       18804M (61%)       18804M (61%)       18804M (61%)       18804M (61%)       18804M (61%)    
[130.392s][info][gc,heap     ] GC(40)      Free:    11914M (39%)       11914M (39%)       30686M (100%)      30692M (100%)      30692M (100%)      11914M (39%)    
[130.392s][info][gc,heap     ] GC(40)      Used:    18804M (61%)       18804M (61%)          32M (0%)           26M (0%)        18804M (61%)          26M (0%)     
[130.392s][info][gc,heap     ] GC(40)      Live:         -                 6M (0%)            6M (0%)            6M (0%)             -                  -          
[130.392s][info][gc,heap     ] GC(40) Allocated:         -                 0M (0%)            0M (0%)            0M (0%)             -                  -          
[130.392s][info][gc,heap     ] GC(40)   Garbage:         -             18797M (61%)          25M (0%)           19M (0%)             -                  -          
[130.392s][info][gc,heap     ] GC(40) Reclaimed:         -                  -             18772M (61%)       18778M (61%)            -                  -          
[130.392s][info][gc          ] GC(40) Garbage Collection (System.gc()) 18804M(61%)->26M(0%)
[140.117s][info][gc,stats    ] === Garbage Collection Statistics =======================================================================================================================
[140.117s][info][gc,stats    ]                                                              Last 10s              Last 10m              Last 10h                Total
[140.117s][info][gc,stats    ]                                                              Avg / Max             Avg / Max             Avg / Max             Avg / Max
[140.117s][info][gc,stats    ]   Collector: Garbage Collection Cycle                     32.977 / 32.977       43.700 / 159.419      43.700 / 159.419      43.700 / 159.419     ms
[140.117s][info][gc,stats    ]  Contention: Mark Segment Reset Contention                     0 / 1                 1 / 26                1 / 26                1 / 26          ops/s
[140.117s][info][gc,stats    ]  Contention: Mark SeqNum Reset Contention                      0 / 1                 0 / 3                 0 / 3                 0 / 3           ops/s
[140.117s][info][gc,stats    ]    Critical: Allocation Stall                                  0 / 0                 0 / 0                 0 / 0                 0 / 0           ops/s
[140.117s][info][gc,stats    ]    Critical: Allocation Stall                              0.000 / 0.000         0.000 / 0.000         0.000 / 0.000         0.000 / 0.000       ms
[140.117s][info][gc,stats    ]    Critical: GC Locker Stall                                   0 / 0                 0 / 0                 0 / 0                 0 / 0           ops/s
[140.117s][info][gc,stats    ]    Critical: GC Locker Stall                               0.000 / 0.000         0.000 / 0.000         0.000 / 0.000         0.000 / 0.000       ms
[140.117s][info][gc,stats    ]    Critical: Relocation Stall                                  0 / 0                 0 / 0                 0 / 0                 0 / 0           ops/s
[140.117s][info][gc,stats    ]    Critical: Relocation Stall                              0.000 / 0.000         0.000 / 0.000         0.000 / 0.000         0.000 / 0.000       ms
[140.117s][info][gc,stats    ]      Memory: Allocation Rate                                1960 / 1988           1819 / 2304           1819 / 2304           1819 / 2304        MB/s
[140.117s][info][gc,stats    ]      Memory: Defragment                                        0 / 0                 0 / 0                 0 / 0                 0 / 0           ops/s
[140.117s][info][gc,stats    ]      Memory: Out Of Memory                                     0 / 0                 0 / 0                 0 / 0                 0 / 0           ops/s
[140.117s][info][gc,stats    ]      Memory: Page Cache Flush                                  0 / 0                 0 / 0                 0 / 0                 0 / 0           MB/s
[140.117s][info][gc,stats    ]      Memory: Page Cache Hit L1                               940 / 991             844 / 1152            844 / 1152            844 / 1152        ops/s
[140.117s][info][gc,stats    ]      Memory: Page Cache Hit L2                                 0 / 0                 0 / 0                 0 / 0                 0 / 0           ops/s
[140.117s][info][gc,stats    ]      Memory: Page Cache Hit L3                                 0 / 0                 7 / 613               7 / 613               7 / 613         ops/s
[140.117s][info][gc,stats    ]      Memory: Page Cache Miss                                  41 / 211              61 / 740              61 / 740              61 / 740         ops/s
[140.117s][info][gc,stats    ]      Memory: Uncommit                                          0 / 0                 0 / 0                 0 / 0                 0 / 0           MB/s
[140.117s][info][gc,stats    ]      Memory: Undo Object Allocation Failed                     0 / 0                 0 / 2                 0 / 2                 0 / 2           ops/s
[140.117s][info][gc,stats    ]      Memory: Undo Object Allocation Succeeded                  0 / 0                 7 / 68                7 / 68                7 / 68          ops/s
[140.117s][info][gc,stats    ]      Memory: Undo Page Allocation                              0 / 1                 1 / 25                1 / 25                1 / 25          ops/s
[140.117s][info][gc,stats    ]       Phase: Concurrent Mark                              13.564 / 13.564       18.582 / 55.621       18.582 / 55.621       18.582 / 55.621      ms
[140.117s][info][gc,stats    ]       Phase: Concurrent Mark Continue                      0.000 / 0.000         0.000 / 0.000         0.000 / 0.000         0.000 / 0.000       ms
[140.117s][info][gc,stats    ]       Phase: Concurrent Mark Free                          0.002 / 0.002         0.001 / 0.002         0.001 / 0.002         0.001 / 0.002       ms
[140.117s][info][gc,stats    ]       Phase: Concurrent Process Non-Strong References     11.733 / 11.733        7.749 / 43.378        7.749 / 43.378        7.749 / 43.378      ms
[140.117s][info][gc,stats    ]       Phase: Concurrent Relocate                           1.930 / 1.930         3.216 / 4.517         3.216 / 4.517         3.216 / 4.517       ms
[140.117s][info][gc,stats    ]       Phase: Concurrent Reset Relocation Set               0.003 / 0.003         0.018 / 0.048         0.018 / 0.048         0.018 / 0.048       ms
[140.117s][info][gc,stats    ]       Phase: Concurrent Select Relocation Set              4.881 / 4.881         6.884 / 17.171        6.884 / 17.171        6.884 / 17.171      ms
[140.117s][info][gc,stats    ]       Phase: Pause Mark End                                0.019 / 0.019         0.021 / 0.065         0.021 / 0.065         0.021 / 0.065       ms
[140.117s][info][gc,stats    ]       Phase: Pause Mark Start                              0.016 / 0.016         0.013 / 0.020         0.013 / 0.020         0.013 / 0.020       ms
[140.117s][info][gc,stats    ]       Phase: Pause Relocate Start                          0.007 / 0.007         0.007 / 0.021         0.007 / 0.021         0.007 / 0.021       ms
[140.117s][info][gc,stats    ]    Subphase: Concurrent Classes Purge                      0.013 / 0.013         0.224 / 7.344         0.224 / 7.344         0.224 / 7.344       ms
[140.117s][info][gc,stats    ]    Subphase: Concurrent Classes Unlink                     0.507 / 0.507         0.756 / 8.444         0.756 / 8.444         0.756 / 8.444       ms
[140.117s][info][gc,stats    ]    Subphase: Concurrent Mark                              11.858 / 12.539       16.267 / 53.263       16.267 / 53.263       16.267 / 53.263      ms
[140.117s][info][gc,stats    ]    Subphase: Concurrent Mark Try Flush                     0.020 / 0.034         1.004 / 30.022        1.004 / 30.022        1.004 / 30.022      ms
[140.117s][info][gc,stats    ]    Subphase: Concurrent Mark Try Terminate                 7.875 / 10.035        2.219 / 15.149        2.219 / 15.149        2.219 / 15.149      ms
[140.117s][info][gc,stats    ]    Subphase: Concurrent References Enqueue                 0.003 / 0.003         0.001 / 0.004         0.001 / 0.004         0.001 / 0.004       ms
[140.117s][info][gc,stats    ]    Subphase: Concurrent References Process                 0.036 / 0.036         0.049 / 0.080         0.049 / 0.080         0.049 / 0.080       ms
[140.117s][info][gc,stats    ]    Subphase: Concurrent Roots ClassLoaderDataGraph         0.068 / 0.555         0.089 / 1.506         0.089 / 1.506         0.089 / 1.506       ms
[140.117s][info][gc,stats    ]    Subphase: Concurrent Roots CodeCache                    0.000 / 0.000         0.000 / 0.000         0.000 / 0.000         0.000 / 0.000       ms
[140.118s][info][gc,stats    ]    Subphase: Concurrent Roots JavaThreads                  0.165 / 0.931         0.920 / 9.683         0.920 / 9.683         0.920 / 9.683       ms
[140.118s][info][gc,stats    ]    Subphase: Concurrent Roots OopStorageSet                0.014 / 0.033         0.126 / 1.312         0.126 / 1.312         0.126 / 1.312       ms
[140.118s][info][gc,stats    ]    Subphase: Concurrent Weak Roots OopStorageSet          11.093 / 11.101        5.807 / 12.411        5.807 / 12.411        5.807 / 12.411      ms
[140.118s][info][gc,stats    ]    Subphase: Pause Mark Try Complete                       0.000 / 0.000         0.002 / 0.004         0.002 / 0.004         0.002 / 0.004       ms
[140.118s][info][gc,stats    ]      System: Java Threads                                     11 / 11               45 / 62               45 / 62               45 / 62          threads
[140.118s][info][gc,stats    ] =========================================================================================================================================================
[140.273s][info][gc,start    ] GC(41) Garbage Collection (System.gc())
[140.274s][info][gc,task     ] GC(41) Using 12 workers
[140.274s][info][gc,phases   ] GC(41) Pause Mark Start 0.016ms
[140.288s][info][gc,phases   ] GC(41) Concurrent Mark 13.939ms
[140.288s][info][gc,phases   ] GC(41) Pause Mark End 0.019ms
[140.288s][info][gc,phases   ] GC(41) Concurrent Mark Free 0.001ms
[140.300s][info][gc,phases   ] GC(41) Concurrent Process Non-Strong References 12.334ms
[140.300s][info][gc,phases   ] GC(41) Concurrent Reset Relocation Set 0.004ms
[140.305s][info][gc,phases   ] GC(41) Concurrent Select Relocation Set 4.866ms
[140.305s][info][gc,phases   ] GC(41) Pause Relocate Start 0.006ms
[140.308s][info][gc,phases   ] GC(41) Concurrent Relocate 2.115ms
[140.308s][info][gc,load     ] GC(41) Load: 0.00/0.00/0.00
[140.308s][info][gc,mmu      ] GC(41) MMU: 2ms/96.7%, 5ms/98.7%, 10ms/99.3%, 20ms/99.6%, 50ms/99.8%, 100ms/99.9%
[140.308s][info][gc,marking  ] GC(41) Mark: 8 stripe(s), 1 proactive flush(es), 1 terminate flush(es), 0 completion(s), 0 continuation(s) 
[140.308s][info][gc,marking  ] GC(41) Mark Stack Usage: 32M
[140.308s][info][gc,nmethod  ] GC(41) NMethods: 2286 registered, 14 unregistered
[140.308s][info][gc,metaspace] GC(41) Metaspace: 13M used, 14M committed, 1088M reserved
[140.308s][info][gc,ref      ] GC(41) Soft: 211 encountered, 0 discovered, 0 enqueued
[140.308s][info][gc,ref      ] GC(41) Weak: 623 encountered, 84 discovered, 0 enqueued
[140.308s][info][gc,ref      ] GC(41) Final: 0 encountered, 0 discovered, 0 enqueued
[140.308s][info][gc,ref      ] GC(41) Phantom: 59 encountered, 44 discovered, 0 enqueued
[140.308s][info][gc,reloc    ] GC(41) Small Pages: 9736 / 19472M, Empty: 19432M, Relocated: 4M, In-Place: 0
[140.308s][info][gc,reloc    ] GC(41) Medium Pages: 0 / 0M, Empty: 0M, Relocated: 0M, In-Place: 0
[140.308s][info][gc,reloc    ] GC(41) Large Pages: 0 / 0M, Empty: 0M, Relocated: 0M, In-Place: 0
[140.308s][info][gc,reloc    ] GC(41) Forwarding Usage: 1M
[140.308s][info][gc,heap     ] GC(41) Min Capacity: 8M(0%)
[140.308s][info][gc,heap     ] GC(41) Max Capacity: 30718M(100%)
[140.308s][info][gc,heap     ] GC(41) Soft Max Capacity: 30718M(100%)
[140.308s][info][gc,heap     ] GC(41)                Mark Start          Mark End        Relocate Start      Relocate End           High               Low         
[140.308s][info][gc,heap     ] GC(41)  Capacity:    19472M (63%)       19472M (63%)       19472M (63%)       19472M (63%)       19472M (63%)       19472M (63%)    
[140.308s][info][gc,heap     ] GC(41)      Free:    11246M (37%)       11246M (37%)       30678M (100%)      30692M (100%)      30692M (100%)      11246M (37%)    
[140.308s][info][gc,heap     ] GC(41)      Used:    19472M (63%)       19472M (63%)          40M (0%)           26M (0%)        19472M (63%)          26M (0%)     
[140.308s][info][gc,heap     ] GC(41)      Live:         -                 6M (0%)            6M (0%)            6M (0%)             -                  -          
[140.308s][info][gc,heap     ] GC(41) Allocated:         -                 0M (0%)            0M (0%)            0M (0%)             -                  -          
[140.308s][info][gc,heap     ] GC(41)   Garbage:         -             19465M (63%)          33M (0%)           19M (0%)             -                  -          
[140.308s][info][gc,heap     ] GC(41) Reclaimed:         -                  -             19432M (63%)       19446M (63%)            -                  -          
[140.308s][info][gc          ] GC(41) Garbage Collection (System.gc()) 19472M(63%)->26M(0%)
[147.416s][info][gc,start    ] GC(42) Garbage Collection (Proactive)
[147.416s][info][gc,task     ] GC(42) Using 12 workers
[147.416s][info][gc,phases   ] GC(42) Pause Mark Start 0.013ms
[147.447s][info][gc,phases   ] GC(42) Concurrent Mark 30.866ms
[147.447s][info][gc,phases   ] GC(42) Pause Mark End 0.020ms
[147.447s][info][gc,phases   ] GC(42) Concurrent Mark Free 0.001ms
[147.457s][info][gc,phases   ] GC(42) Concurrent Process Non-Strong References 9.313ms
[147.457s][info][gc,phases   ] GC(42) Concurrent Reset Relocation Set 0.003ms
[147.465s][info][gc,phases   ] GC(42) Concurrent Select Relocation Set 7.701ms
[147.465s][info][gc,phases   ] GC(42) Pause Relocate Start 0.009ms
[147.468s][info][gc,phases   ] GC(42) Concurrent Relocate 3.652ms
[147.468s][info][gc,load     ] GC(42) Load: 0.00/0.00/0.00
[147.469s][info][gc,mmu      ] GC(42) MMU: 2ms/96.7%, 5ms/98.7%, 10ms/99.3%, 20ms/99.6%, 50ms/99.8%, 100ms/99.9%
[147.469s][info][gc,marking  ] GC(42) Mark: 8 stripe(s), 9 proactive flush(es), 1 terminate flush(es), 0 completion(s), 0 continuation(s) 
[147.469s][info][gc,marking  ] GC(42) Mark Stack Usage: 32M
[147.469s][info][gc,nmethod  ] GC(42) NMethods: 2287 registered, 15 unregistered
[147.469s][info][gc,metaspace] GC(42) Metaspace: 13M used, 14M committed, 1088M reserved
[147.469s][info][gc,ref      ] GC(42) Soft: 211 encountered, 0 discovered, 0 enqueued
[147.469s][info][gc,ref      ] GC(42) Weak: 729 encountered, 127 discovered, 2 enqueued
[147.469s][info][gc,ref      ] GC(42) Final: 0 encountered, 0 discovered, 0 enqueued
[147.469s][info][gc,ref      ] GC(42) Phantom: 59 encountered, 43 discovered, 0 enqueued
[147.469s][info][gc,reloc    ] GC(42) Small Pages: 6797 / 13594M, Empty: 13064M, Relocated: 8M, In-Place: 0
[147.469s][info][gc,reloc    ] GC(42) Medium Pages: 0 / 0M, Empty: 0M, Relocated: 0M, In-Place: 0
[147.469s][info][gc,reloc    ] GC(42) Large Pages: 0 / 0M, Empty: 0M, Relocated: 0M, In-Place: 0
[147.469s][info][gc,reloc    ] GC(42) Forwarding Usage: 1M
[147.469s][info][gc,heap     ] GC(42) Min Capacity: 8M(0%)
[147.469s][info][gc,heap     ] GC(42) Max Capacity: 30718M(100%)
[147.469s][info][gc,heap     ] GC(42) Soft Max Capacity: 30718M(100%)
[147.469s][info][gc,heap     ] GC(42)                Mark Start          Mark End        Relocate Start      Relocate End           High               Low         
[147.469s][info][gc,heap     ] GC(42)  Capacity:    19472M (63%)       19472M (63%)       19472M (63%)       19472M (63%)       19472M (63%)       19472M (63%)    
[147.469s][info][gc,heap     ] GC(42)      Free:    17124M (56%)       17032M (55%)       30052M (98%)       30544M (99%)       30544M (99%)       17014M (55%)    
[147.469s][info][gc,heap     ] GC(42)      Used:    13594M (44%)       13686M (45%)         666M (2%)          174M (1%)        13704M (45%)         174M (1%)     
[147.469s][info][gc,heap     ] GC(42)      Live:         -                 9M (0%)            9M (0%)            9M (0%)             -                  -          
[147.469s][info][gc,heap     ] GC(42) Allocated:         -                92M (0%)          136M (0%)          146M (0%)             -                  -          
[147.469s][info][gc,heap     ] GC(42)   Garbage:         -             13584M (44%)         520M (2%)           17M (0%)             -                  -          
[147.469s][info][gc,heap     ] GC(42) Reclaimed:         -                  -             13064M (43%)       13566M (44%)            -                  -          
[147.469s][info][gc          ] GC(42) Garbage Collection (Proactive) 13594M(44%)->174M(1%)
[150.116s][info][gc,stats    ] === Garbage Collection Statistics =======================================================================================================================
[150.116s][info][gc,stats    ]                                                              Last 10s              Last 10m              Last 10h                Total
[150.116s][info][gc,stats    ]                                                              Avg / Max             Avg / Max             Avg / Max             Avg / Max
[150.116s][info][gc,stats    ]   Collector: Garbage Collection Cycle                     43.391 / 52.583       43.685 / 159.419      43.685 / 159.419      43.685 / 159.419     ms
[150.116s][info][gc,stats    ]  Contention: Mark Segment Reset Contention                     0 / 4                 1 / 26                1 / 26                1 / 26          ops/s
[150.116s][info][gc,stats    ]  Contention: Mark SeqNum Reset Contention                      0 / 3                 0 / 3                 0 / 3                 0 / 3           ops/s
[150.116s][info][gc,stats    ]    Critical: Allocation Stall                                  0 / 0                 0 / 0                 0 / 0                 0 / 0           ops/s
[150.116s][info][gc,stats    ]    Critical: Allocation Stall                              0.000 / 0.000         0.000 / 0.000         0.000 / 0.000         0.000 / 0.000       ms
[150.116s][info][gc,stats    ]    Critical: GC Locker Stall                                   0 / 0                 0 / 0                 0 / 0                 0 / 0           ops/s
[150.116s][info][gc,stats    ]    Critical: GC Locker Stall                               0.000 / 0.000         0.000 / 0.000         0.000 / 0.000         0.000 / 0.000       ms
[150.116s][info][gc,stats    ]    Critical: Relocation Stall                                  0 / 0                 0 / 0                 0 / 0                 0 / 0           ops/s
[150.116s][info][gc,stats    ]    Critical: Relocation Stall                              0.000 / 0.000         0.000 / 0.000         0.000 / 0.000         0.000 / 0.000       ms
[150.116s][info][gc,stats    ]      Memory: Allocation Rate                                1844 / 1918           1821 / 2304           1821 / 2304           1821 / 2304        MB/s
[150.116s][info][gc,stats    ]      Memory: Defragment                                        0 / 0                 0 / 0                 0 / 0                 0 / 0           ops/s
[150.116s][info][gc,stats    ]      Memory: Out Of Memory                                     0 / 0                 0 / 0                 0 / 0                 0 / 0           ops/s
[150.116s][info][gc,stats    ]      Memory: Page Cache Flush                                  0 / 0                 0 / 0                 0 / 0                 0 / 0           MB/s
[150.116s][info][gc,stats    ]      Memory: Page Cache Hit L1                               912 / 959             849 / 1152            849 / 1152            849 / 1152        ops/s
[150.116s][info][gc,stats    ]      Memory: Page Cache Hit L2                                 0 / 0                 0 / 0                 0 / 0                 0 / 0           ops/s
[150.116s][info][gc,stats    ]      Memory: Page Cache Hit L3                                 0 / 0                 6 / 613               6 / 613               6 / 613         ops/s
[150.116s][info][gc,stats    ]      Memory: Page Cache Miss                                  12 / 123              58 / 740              58 / 740              58 / 740         ops/s
[150.116s][info][gc,stats    ]      Memory: Uncommit                                          0 / 0                 0 / 0                 0 / 0                 0 / 0           MB/s
[150.116s][info][gc,stats    ]      Memory: Undo Object Allocation Failed                     0 / 2                 0 / 2                 0 / 2                 0 / 2           ops/s
[150.116s][info][gc,stats    ]      Memory: Undo Object Allocation Succeeded                  6 / 68                7 / 68                7 / 68                7 / 68          ops/s
[150.116s][info][gc,stats    ]      Memory: Undo Page Allocation                              0 / 1                 1 / 25                1 / 25                1 / 25          ops/s
[150.116s][info][gc,stats    ]       Phase: Concurrent Mark                              22.403 / 30.866       18.760 / 55.621       18.760 / 55.621       18.760 / 55.621      ms
[150.116s][info][gc,stats    ]       Phase: Concurrent Mark Continue                      0.000 / 0.000         0.000 / 0.000         0.000 / 0.000         0.000 / 0.000       ms
[150.116s][info][gc,stats    ]       Phase: Concurrent Mark Free                          0.001 / 0.001         0.001 / 0.002         0.001 / 0.002         0.001 / 0.002       ms
[150.116s][info][gc,stats    ]       Phase: Concurrent Process Non-Strong References     10.823 / 12.334        7.892 / 43.378        7.892 / 43.378        7.892 / 43.378      ms
[150.116s][info][gc,stats    ]       Phase: Concurrent Relocate                           2.883 / 3.652         3.200 / 4.517         3.200 / 4.517         3.200 / 4.517       ms
[150.116s][info][gc,stats    ]       Phase: Concurrent Reset Relocation Set               0.003 / 0.004         0.017 / 0.048         0.017 / 0.048         0.017 / 0.048       ms
[150.116s][info][gc,stats    ]       Phase: Concurrent Select Relocation Set              6.283 / 7.701         6.856 / 17.171        6.856 / 17.171        6.856 / 17.171      ms
[150.116s][info][gc,stats    ]       Phase: Pause Mark End                                0.020 / 0.020         0.021 / 0.065         0.021 / 0.065         0.021 / 0.065       ms
[150.116s][info][gc,stats    ]       Phase: Pause Mark Start                              0.014 / 0.016         0.013 / 0.020         0.013 / 0.020         0.013 / 0.020       ms
[150.116s][info][gc,stats    ]       Phase: Pause Relocate Start                          0.008 / 0.009         0.007 / 0.021         0.007 / 0.021         0.007 / 0.021       ms
[150.116s][info][gc,stats    ]    Subphase: Concurrent Classes Purge                      0.012 / 0.020         0.214 / 7.344         0.214 / 7.344         0.214 / 7.344       ms
[150.116s][info][gc,stats    ]    Subphase: Concurrent Classes Unlink                     0.612 / 0.673         0.749 / 8.444         0.749 / 8.444         0.749 / 8.444       ms
[150.116s][info][gc,stats    ]    Subphase: Concurrent Mark                              20.438 / 29.307       16.461 / 53.263       16.461 / 53.263       16.461 / 53.263      ms
[150.116s][info][gc,stats    ]    Subphase: Concurrent Mark Try Flush                     0.115 / 0.214         0.946 / 30.022        0.946 / 30.022        0.946 / 30.022      ms
[150.116s][info][gc,stats    ]    Subphase: Concurrent Mark Try Terminate                 2.273 / 11.076        2.222 / 15.149        2.222 / 15.149        2.222 / 15.149      ms
[150.116s][info][gc,stats    ]    Subphase: Concurrent References Enqueue                 0.002 / 0.004         0.001 / 0.004         0.001 / 0.004         0.001 / 0.004       ms
[150.116s][info][gc,stats    ]    Subphase: Concurrent References Process                 0.037 / 0.038         0.049 / 0.080         0.049 / 0.080         0.049 / 0.080       ms
[150.117s][info][gc,stats    ]    Subphase: Concurrent Roots ClassLoaderDataGraph         0.055 / 0.456         0.088 / 1.506         0.088 / 1.506         0.088 / 1.506       ms
[150.117s][info][gc,stats    ]    Subphase: Concurrent Roots CodeCache                    0.000 / 0.000         0.000 / 0.000         0.000 / 0.000         0.000 / 0.000       ms
[150.117s][info][gc,stats    ]    Subphase: Concurrent Roots JavaThreads                  0.560 / 1.453         0.904 / 9.683         0.904 / 9.683         0.904 / 9.683       ms
[150.117s][info][gc,stats    ]    Subphase: Concurrent Roots OopStorageSet                0.016 / 0.066         0.121 / 1.312         0.121 / 1.312         0.121 / 1.312       ms
[150.117s][info][gc,stats    ]    Subphase: Concurrent Weak Roots OopStorageSet          10.026 / 11.527        6.003 / 12.411        6.003 / 12.411        6.003 / 12.411      ms
[150.117s][info][gc,stats    ]    Subphase: Pause Mark Try Complete                       0.000 / 0.000         0.002 / 0.004         0.002 / 0.004         0.002 / 0.004       ms
[150.117s][info][gc,stats    ]      System: Java Threads                                     35 / 60               45 / 62               45 / 62               45 / 62          threads
[150.117s][info][gc,stats    ] =========================================================================================================================================================
[151.197s][info][gc,start    ] GC(43) Garbage Collection (System.gc())
[151.197s][info][gc,task     ] GC(43) Using 12 workers
[151.197s][info][gc,phases   ] GC(43) Pause Mark Start 0.015ms
[151.211s][info][gc,phases   ] GC(43) Concurrent Mark 13.804ms
[151.211s][info][gc,phases   ] GC(43) Pause Mark End 0.020ms
[151.211s][info][gc,phases   ] GC(43) Concurrent Mark Free 0.001ms
[151.225s][info][gc,phases   ] GC(43) Concurrent Process Non-Strong References 13.624ms
[151.225s][info][gc,phases   ] GC(43) Concurrent Reset Relocation Set 0.026ms
[151.229s][info][gc,phases   ] GC(43) Concurrent Select Relocation Set 4.320ms
[151.229s][info][gc,phases   ] GC(43) Pause Relocate Start 0.006ms
[151.232s][info][gc,phases   ] GC(43) Concurrent Relocate 1.996ms
[151.232s][info][gc,load     ] GC(43) Load: 0.00/0.00/0.00
[151.232s][info][gc,mmu      ] GC(43) MMU: 2ms/96.7%, 5ms/98.7%, 10ms/99.3%, 20ms/99.6%, 50ms/99.8%, 100ms/99.9%
[151.232s][info][gc,marking  ] GC(43) Mark: 8 stripe(s), 2 proactive flush(es), 1 terminate flush(es), 0 completion(s), 0 continuation(s) 
[151.232s][info][gc,marking  ] GC(43) Mark Stack Usage: 32M
[151.232s][info][gc,nmethod  ] GC(43) NMethods: 2292 registered, 15 unregistered
[151.232s][info][gc,metaspace] GC(43) Metaspace: 13M used, 14M committed, 1088M reserved
[151.232s][info][gc,ref      ] GC(43) Soft: 211 encountered, 0 discovered, 0 enqueued
[151.232s][info][gc,ref      ] GC(43) Weak: 627 encountered, 103 discovered, 0 enqueued
[151.232s][info][gc,ref      ] GC(43) Final: 0 encountered, 0 discovered, 0 enqueued
[151.232s][info][gc,ref      ] GC(43) Phantom: 59 encountered, 27 discovered, 0 enqueued
[151.232s][info][gc,reloc    ] GC(43) Small Pages: 3251 / 6502M, Empty: 6424M, Relocated: 4M, In-Place: 0
[151.232s][info][gc,reloc    ] GC(43) Medium Pages: 0 / 0M, Empty: 0M, Relocated: 0M, In-Place: 0
[151.232s][info][gc,reloc    ] GC(43) Large Pages: 0 / 0M, Empty: 0M, Relocated: 0M, In-Place: 0
[151.232s][info][gc,reloc    ] GC(43) Forwarding Usage: 1M
[151.232s][info][gc,heap     ] GC(43) Min Capacity: 8M(0%)
[151.232s][info][gc,heap     ] GC(43) Max Capacity: 30718M(100%)
[151.232s][info][gc,heap     ] GC(43) Soft Max Capacity: 30718M(100%)
[151.232s][info][gc,heap     ] GC(43)                Mark Start          Mark End        Relocate Start      Relocate End           High               Low         
[151.232s][info][gc,heap     ] GC(43)  Capacity:    19472M (63%)       19472M (63%)       19472M (63%)       19472M (63%)       19472M (63%)       19472M (63%)    
[151.232s][info][gc,heap     ] GC(43)      Free:    24216M (79%)       24216M (79%)       30640M (100%)      30692M (100%)      30692M (100%)      24216M (79%)    
[151.232s][info][gc,heap     ] GC(43)      Used:     6502M (21%)        6502M (21%)          78M (0%)           26M (0%)         6502M (21%)          26M (0%)     
[151.232s][info][gc,heap     ] GC(43)      Live:         -                 6M (0%)            6M (0%)            6M (0%)             -                  -          
[151.232s][info][gc,heap     ] GC(43) Allocated:         -                 0M (0%)            0M (0%)            0M (0%)             -                  -          
[151.232s][info][gc,heap     ] GC(43)   Garbage:         -              6495M (21%)          71M (0%)           19M (0%)             -                  -          
[151.232s][info][gc,heap     ] GC(43) Reclaimed:         -                  -              6424M (21%)        6476M (21%)            -                  -          
[151.232s][info][gc          ] GC(43) Garbage Collection (System.gc()) 6502M(21%)->26M(0%)
[155.616s][info][gc,start    ] GC(44) Garbage Collection (Proactive)
[155.616s][info][gc,task     ] GC(44) Using 12 workers
[155.616s][info][gc,phases   ] GC(44) Pause Mark Start 0.011ms
[155.626s][info][gc,phases   ] GC(44) Concurrent Mark 9.629ms
[155.626s][info][gc,phases   ] GC(44) Pause Mark End 0.017ms
[155.626s][info][gc,phases   ] GC(44) Concurrent Mark Free 0.001ms
[155.635s][info][gc,phases   ] GC(44) Concurrent Process Non-Strong References 8.959ms
[155.635s][info][gc,phases   ] GC(44) Concurrent Reset Relocation Set 0.005ms
[155.640s][info][gc,phases   ] GC(44) Concurrent Select Relocation Set 4.698ms
[155.640s][info][gc,phases   ] GC(44) Pause Relocate Start 0.006ms
[155.644s][info][gc,phases   ] GC(44) Concurrent Relocate 4.071ms
[155.645s][info][gc,load     ] GC(44) Load: 0.00/0.00/0.00
[155.645s][info][gc,mmu      ] GC(44) MMU: 2ms/96.7%, 5ms/98.7%, 10ms/99.3%, 20ms/99.6%, 50ms/99.8%, 100ms/99.9%
[155.645s][info][gc,marking  ] GC(44) Mark: 8 stripe(s), 2 proactive flush(es), 1 terminate flush(es), 0 completion(s), 0 continuation(s) 
[155.645s][info][gc,marking  ] GC(44) Mark Stack Usage: 32M
[155.645s][info][gc,nmethod  ] GC(44) NMethods: 2301 registered, 15 unregistered
[155.645s][info][gc,metaspace] GC(44) Metaspace: 13M used, 14M committed, 1088M reserved
[155.645s][info][gc,ref      ] GC(44) Soft: 211 encountered, 0 discovered, 0 enqueued
[155.645s][info][gc,ref      ] GC(44) Weak: 723 encountered, 206 discovered, 0 enqueued
[155.645s][info][gc,ref      ] GC(44) Final: 0 encountered, 0 discovered, 0 enqueued
[155.645s][info][gc,ref      ] GC(44) Phantom: 59 encountered, 45 discovered, 0 enqueued
[155.645s][info][gc,reloc    ] GC(44) Small Pages: 4138 / 8276M, Empty: 7886M, Relocated: 6M, In-Place: 0
[155.645s][info][gc,reloc    ] GC(44) Medium Pages: 0 / 0M, Empty: 0M, Relocated: 0M, In-Place: 0
[155.645s][info][gc,reloc    ] GC(44) Large Pages: 0 / 0M, Empty: 0M, Relocated: 0M, In-Place: 0
[155.645s][info][gc,reloc    ] GC(44) Forwarding Usage: 1M
[155.645s][info][gc,heap     ] GC(44) Min Capacity: 8M(0%)
[155.645s][info][gc,heap     ] GC(44) Max Capacity: 30718M(100%)
[155.645s][info][gc,heap     ] GC(44) Soft Max Capacity: 30718M(100%)
[155.645s][info][gc,heap     ] GC(44)                Mark Start          Mark End        Relocate Start      Relocate End           High               Low         
[155.645s][info][gc,heap     ] GC(44)  Capacity:    19472M (63%)       19472M (63%)       19472M (63%)       19472M (63%)       19472M (63%)       19472M (63%)    
[155.645s][info][gc,heap     ] GC(44)      Free:    22442M (73%)       22356M (73%)       30240M (98%)       30596M (100%)      30596M (100%)      22354M (73%)    
[155.645s][info][gc,heap     ] GC(44)      Used:     8276M (27%)        8362M (27%)         478M (2%)          122M (0%)         8364M (27%)         122M (0%)     
[155.645s][info][gc,heap     ] GC(44)      Live:         -                 9M (0%)            9M (0%)            9M (0%)             -                  -          
[155.645s][info][gc,heap     ] GC(44) Allocated:         -                86M (0%)           88M (0%)           92M (0%)             -                  -          
[155.645s][info][gc,heap     ] GC(44)   Garbage:         -              8266M (27%)         380M (1%)           20M (0%)             -                  -          
[155.645s][info][gc,heap     ] GC(44) Reclaimed:         -                  -              7886M (26%)        8246M (27%)            -                  -          
[155.645s][info][gc          ] GC(44) Garbage Collection (Proactive) 8276M(27%)->122M(0%)
[158.916s][info][gc,start    ] GC(45) Garbage Collection (Proactive)
[158.916s][info][gc,task     ] GC(45) Using 12 workers
[158.916s][info][gc,phases   ] GC(45) Pause Mark Start 0.014ms
[158.940s][info][gc,phases   ] GC(45) Concurrent Mark 23.660ms
[158.940s][info][gc,phases   ] GC(45) Pause Mark End 0.022ms
[158.940s][info][gc,phases   ] GC(45) Concurrent Mark Free 0.001ms
[158.948s][info][gc,phases   ] GC(45) Concurrent Process Non-Strong References 7.827ms
[158.948s][info][gc,phases   ] GC(45) Concurrent Reset Relocation Set 0.023ms
[158.959s][info][gc,phases   ] GC(45) Concurrent Select Relocation Set 10.589ms
[158.959s][info][gc,phases   ] GC(45) Pause Relocate Start 0.007ms
[158.963s][info][gc,phases   ] GC(45) Concurrent Relocate 3.260ms
[158.963s][info][gc,load     ] GC(45) Load: 0.00/0.00/0.00
[158.963s][info][gc,mmu      ] GC(45) MMU: 2ms/96.7%, 5ms/98.7%, 10ms/99.3%, 20ms/99.6%, 50ms/99.8%, 100ms/99.9%
[158.963s][info][gc,marking  ] GC(45) Mark: 8 stripe(s), 7 proactive flush(es), 1 terminate flush(es), 0 completion(s), 0 continuation(s) 
[158.963s][info][gc,marking  ] GC(45) Mark Stack Usage: 32M
[158.963s][info][gc,nmethod  ] GC(45) NMethods: 2301 registered, 15 unregistered
[158.963s][info][gc,metaspace] GC(45) Metaspace: 13M used, 14M committed, 1088M reserved
[158.963s][info][gc,ref      ] GC(45) Soft: 211 encountered, 0 discovered, 0 enqueued
[158.963s][info][gc,ref      ] GC(45) Weak: 723 encountered, 151 discovered, 0 enqueued
[158.963s][info][gc,ref      ] GC(45) Final: 0 encountered, 0 discovered, 0 enqueued
[158.963s][info][gc,ref      ] GC(45) Phantom: 59 encountered, 46 discovered, 0 enqueued
[158.963s][info][gc,reloc    ] GC(45) Small Pages: 3144 / 6288M, Empty: 5908M, Relocated: 8M, In-Place: 0
[158.963s][info][gc,reloc    ] GC(45) Medium Pages: 0 / 0M, Empty: 0M, Relocated: 0M, In-Place: 0
[158.963s][info][gc,reloc    ] GC(45) Large Pages: 0 / 0M, Empty: 0M, Relocated: 0M, In-Place: 0
[158.963s][info][gc,reloc    ] GC(45) Forwarding Usage: 1M
[158.963s][info][gc,heap     ] GC(45) Min Capacity: 8M(0%)
[158.963s][info][gc,heap     ] GC(45) Max Capacity: 30718M(100%)
[158.963s][info][gc,heap     ] GC(45) Soft Max Capacity: 30718M(100%)
[158.963s][info][gc,heap     ] GC(45)                Mark Start          Mark End        Relocate Start      Relocate End           High               Low         
[158.963s][info][gc,heap     ] GC(45)  Capacity:    19472M (63%)       19472M (63%)       19472M (63%)       19472M (63%)       19472M (63%)       19472M (63%)    
[158.963s][info][gc,heap     ] GC(45)      Free:    24430M (80%)       24338M (79%)       30230M (98%)       30558M (99%)       30558M (99%)       24334M (79%)    
[158.963s][info][gc,heap     ] GC(45)      Used:     6288M (20%)        6380M (21%)         488M (2%)          160M (1%)         6384M (21%)         160M (1%)     
[158.963s][info][gc,heap     ] GC(45)      Live:         -                 9M (0%)            9M (0%)            9M (0%)             -                  -          
[158.963s][info][gc,heap     ] GC(45) Allocated:         -                92M (0%)          108M (0%)          132M (0%)             -                  -          
[158.963s][info][gc,heap     ] GC(45)   Garbage:         -              6278M (20%)         370M (1%)           17M (0%)             -                  -          
[158.963s][info][gc,heap     ] GC(45) Reclaimed:         -                  -              5908M (19%)        6260M (20%)            -                  -          
[158.963s][info][gc          ] GC(45) Garbage Collection (Proactive) 6288M(20%)->160M(1%)
[160.116s][info][gc,stats    ] === Garbage Collection Statistics =======================================================================================================================
[160.116s][info][gc,stats    ]                                                              Last 10s              Last 10m              Last 10h                Total
[160.116s][info][gc,stats    ]                                                              Avg / Max             Avg / Max             Avg / Max             Avg / Max
[160.116s][info][gc,stats    ]   Collector: Garbage Collection Cycle                     36.502 / 46.406       43.217 / 159.419      43.217 / 159.419      43.217 / 159.419     ms
[160.116s][info][gc,stats    ]  Contention: Mark Segment Reset Contention                     2 / 12                1 / 26                1 / 26                1 / 26          ops/s
[160.116s][info][gc,stats    ]  Contention: Mark SeqNum Reset Contention                      0 / 2                 0 / 3                 0 / 3                 0 / 3           ops/s
[160.116s][info][gc,stats    ]    Critical: Allocation Stall                                  0 / 0                 0 / 0                 0 / 0                 0 / 0           ops/s
[160.116s][info][gc,stats    ]    Critical: Allocation Stall                              0.000 / 0.000         0.000 / 0.000         0.000 / 0.000         0.000 / 0.000       ms
[160.116s][info][gc,stats    ]    Critical: GC Locker Stall                                   0 / 0                 0 / 0                 0 / 0                 0 / 0           ops/s
[160.116s][info][gc,stats    ]    Critical: GC Locker Stall                               0.000 / 0.000         0.000 / 0.000         0.000 / 0.000         0.000 / 0.000       ms
[160.116s][info][gc,stats    ]    Critical: Relocation Stall                                  0 / 0                 0 / 0                 0 / 0                 0 / 0           ops/s
[160.116s][info][gc,stats    ]    Critical: Relocation Stall                              0.000 / 0.000         0.000 / 0.000         0.000 / 0.000         0.000 / 0.000       ms
[160.116s][info][gc,stats    ]      Memory: Allocation Rate                                1853 / 1908           1823 / 2304           1823 / 2304           1823 / 2304        MB/s
[160.116s][info][gc,stats    ]      Memory: Defragment                                        0 / 0                 0 / 0                 0 / 0                 0 / 0           ops/s
[160.116s][info][gc,stats    ]      Memory: Out Of Memory                                     0 / 0                 0 / 0                 0 / 0                 0 / 0           ops/s
[160.116s][info][gc,stats    ]      Memory: Page Cache Flush                                  0 / 0                 0 / 0                 0 / 0                 0 / 0           MB/s
[160.116s][info][gc,stats    ]      Memory: Page Cache Hit L1                               930 / 963             854 / 1152            854 / 1152            854 / 1152        ops/s
[160.116s][info][gc,stats    ]      Memory: Page Cache Hit L2                                 0 / 0                 0 / 0                 0 / 0                 0 / 0           ops/s
[160.116s][info][gc,stats    ]      Memory: Page Cache Hit L3                                 0 / 0                 6 / 613               6 / 613               6 / 613         ops/s
[160.116s][info][gc,stats    ]      Memory: Page Cache Miss                                   0 / 0                54 / 740              54 / 740              54 / 740         ops/s
[160.116s][info][gc,stats    ]      Memory: Uncommit                                          0 / 0                 0 / 0                 0 / 0                 0 / 0           MB/s
[160.116s][info][gc,stats    ]      Memory: Undo Object Allocation Failed                     0 / 1                 0 / 2                 0 / 2                 0 / 2           ops/s
[160.116s][info][gc,stats    ]      Memory: Undo Object Allocation Succeeded                 11 / 60                7 / 68                7 / 68                7 / 68          ops/s
[160.116s][info][gc,stats    ]      Memory: Undo Page Allocation                              0 / 1                 1 / 25                1 / 25                1 / 25          ops/s
[160.116s][info][gc,stats    ]       Phase: Concurrent Mark                              15.698 / 23.660       18.560 / 55.621       18.560 / 55.621       18.560 / 55.621      ms
[160.116s][info][gc,stats    ]       Phase: Concurrent Mark Continue                      0.000 / 0.000         0.000 / 0.000         0.000 / 0.000         0.000 / 0.000       ms
[160.116s][info][gc,stats    ]       Phase: Concurrent Mark Free                          0.001 / 0.001         0.001 / 0.002         0.001 / 0.002         0.001 / 0.002       ms
[160.116s][info][gc,stats    ]       Phase: Concurrent Process Non-Strong References     10.137 / 13.624        8.038 / 43.378        8.038 / 43.378        8.038 / 43.378      ms
[160.116s][info][gc,stats    ]       Phase: Concurrent Relocate                           3.109 / 4.071         3.194 / 4.517         3.194 / 4.517         3.194 / 4.517       ms
[160.116s][info][gc,stats    ]       Phase: Concurrent Reset Relocation Set               0.018 / 0.026         0.017 / 0.048         0.017 / 0.048         0.017 / 0.048       ms
[160.116s][info][gc,stats    ]       Phase: Concurrent Select Relocation Set              6.535 / 10.589        6.835 / 17.171        6.835 / 17.171        6.835 / 17.171      ms
[160.116s][info][gc,stats    ]       Phase: Pause Mark End                                0.019 / 0.022         0.021 / 0.065         0.021 / 0.065         0.021 / 0.065       ms
[160.116s][info][gc,stats    ]       Phase: Pause Mark Start                              0.013 / 0.015         0.013 / 0.020         0.013 / 0.020         0.013 / 0.020       ms
[160.116s][info][gc,stats    ]       Phase: Pause Relocate Start                          0.007 / 0.007         0.007 / 0.021         0.007 / 0.021         0.007 / 0.021       ms
[160.116s][info][gc,stats    ]    Subphase: Concurrent Classes Purge                      0.005 / 0.005         0.201 / 7.344         0.201 / 7.344         0.201 / 7.344       ms
[160.116s][info][gc,stats    ]    Subphase: Concurrent Classes Unlink                     0.563 / 0.619         0.737 / 8.444         0.737 / 8.444         0.737 / 8.444       ms
[160.116s][info][gc,stats    ]    Subphase: Concurrent Mark                              14.471 / 23.095       16.331 / 53.263       16.331 / 53.263       16.331 / 53.263      ms
[160.116s][info][gc,stats    ]    Subphase: Concurrent Mark Try Flush                     0.120 / 0.263         0.888 / 30.022        0.888 / 30.022        0.888 / 30.022      ms
[160.116s][info][gc,stats    ]    Subphase: Concurrent Mark Try Terminate                 2.575 / 11.501        2.239 / 15.149        2.239 / 15.149        2.239 / 15.149      ms
[160.116s][info][gc,stats    ]    Subphase: Concurrent References Enqueue                 0.000 / 0.000         0.001 / 0.004         0.001 / 0.004         0.001 / 0.004       ms
[160.116s][info][gc,stats    ]    Subphase: Concurrent References Process                 0.053 / 0.062         0.049 / 0.080         0.049 / 0.080         0.049 / 0.080       ms
[160.116s][info][gc,stats    ]    Subphase: Concurrent Roots ClassLoaderDataGraph         0.053 / 0.406         0.085 / 1.506         0.085 / 1.506         0.085 / 1.506       ms
[160.116s][info][gc,stats    ]    Subphase: Concurrent Roots CodeCache                    0.000 / 0.000         0.000 / 0.000         0.000 / 0.000         0.000 / 0.000       ms
[160.116s][info][gc,stats    ]    Subphase: Concurrent Roots JavaThreads                  0.361 / 0.713         0.868 / 9.683         0.868 / 9.683         0.868 / 9.683       ms
[160.116s][info][gc,stats    ]    Subphase: Concurrent Roots OopStorageSet                0.025 / 0.103         0.115 / 1.312         0.115 / 1.312         0.115 / 1.312       ms
[160.116s][info][gc,stats    ]    Subphase: Concurrent Weak Roots OopStorageSet           9.384 / 12.996        6.224 / 12.996        6.224 / 12.996        6.224 / 12.996      ms
[160.116s][info][gc,stats    ]    Subphase: Pause Mark Try Complete                       0.000 / 0.000         0.002 / 0.004         0.002 / 0.004         0.002 / 0.004       ms
[160.116s][info][gc,stats    ]      System: Java Threads                                     44 / 61               45 / 62               45 / 62               45 / 62          threads
[160.116s][info][gc,stats    ] =========================================================================================================================================================
[162.516s][info][gc,start    ] GC(46) Garbage Collection (Proactive)
[162.516s][info][gc,task     ] GC(46) Using 12 workers
[162.516s][info][gc,phases   ] GC(46) Pause Mark Start 0.013ms
[162.531s][info][gc,phases   ] GC(46) Concurrent Mark 14.498ms
[162.531s][info][gc,phases   ] GC(46) Pause Mark End 0.018ms
[162.531s][info][gc,phases   ] GC(46) Concurrent Mark Free 0.001ms
[162.539s][info][gc,phases   ] GC(46) Concurrent Process Non-Strong References 8.184ms
[162.540s][info][gc,phases   ] GC(46) Concurrent Reset Relocation Set 0.021ms
[162.548s][info][gc,phases   ] GC(46) Concurrent Select Relocation Set 8.361ms
[162.548s][info][gc,phases   ] GC(46) Pause Relocate Start 0.008ms
[162.551s][info][gc,phases   ] GC(46) Concurrent Relocate 2.686ms
[162.551s][info][gc,load     ] GC(46) Load: 0.00/0.00/0.00
[162.551s][info][gc,mmu      ] GC(46) MMU: 2ms/96.7%, 5ms/98.7%, 10ms/99.3%, 20ms/99.6%, 50ms/99.8%, 100ms/99.9%
[162.551s][info][gc,marking  ] GC(46) Mark: 8 stripe(s), 4 proactive flush(es), 1 terminate flush(es), 0 completion(s), 0 continuation(s) 
[162.551s][info][gc,marking  ] GC(46) Mark Stack Usage: 32M
[162.551s][info][gc,nmethod  ] GC(46) NMethods: 2301 registered, 15 unregistered
[162.551s][info][gc,metaspace] GC(46) Metaspace: 13M used, 14M committed, 1088M reserved
[162.551s][info][gc,ref      ] GC(46) Soft: 211 encountered, 0 discovered, 0 enqueued
[162.551s][info][gc,ref      ] GC(46) Weak: 711 encountered, 223 discovered, 0 enqueued
[162.551s][info][gc,ref      ] GC(46) Final: 0 encountered, 0 discovered, 0 enqueued
[162.551s][info][gc,ref      ] GC(46) Phantom: 59 encountered, 35 discovered, 0 enqueued
[162.551s][info][gc,reloc    ] GC(46) Small Pages: 3207 / 6414M, Empty: 6034M, Relocated: 8M, In-Place: 0
[162.551s][info][gc,reloc    ] GC(46) Medium Pages: 0 / 0M, Empty: 0M, Relocated: 0M, In-Place: 0
[162.551s][info][gc,reloc    ] GC(46) Large Pages: 0 / 0M, Empty: 0M, Relocated: 0M, In-Place: 0
[162.551s][info][gc,reloc    ] GC(46) Forwarding Usage: 1M
[162.551s][info][gc,heap     ] GC(46) Min Capacity: 8M(0%)
[162.551s][info][gc,heap     ] GC(46) Max Capacity: 30718M(100%)
[162.551s][info][gc,heap     ] GC(46) Soft Max Capacity: 30718M(100%)
[162.551s][info][gc,heap     ] GC(46)                Mark Start          Mark End        Relocate Start      Relocate End           High               Low         
[162.551s][info][gc,heap     ] GC(46)  Capacity:    19472M (63%)       19472M (63%)       19472M (63%)       19472M (63%)       19472M (63%)       19472M (63%)    
[162.551s][info][gc,heap     ] GC(46)      Free:    24304M (79%)       24222M (79%)       30246M (98%)       30592M (100%)      30592M (100%)      24222M (79%)    
[162.551s][info][gc,heap     ] GC(46)      Used:     6414M (21%)        6496M (21%)         472M (2%)          126M (0%)         6496M (21%)         126M (0%)     
[162.551s][info][gc,heap     ] GC(46)      Live:         -                10M (0%)           10M (0%)           10M (0%)             -                  -          
[162.551s][info][gc,heap     ] GC(46) Allocated:         -                82M (0%)           92M (0%)           98M (0%)             -                  -          
[162.551s][info][gc,heap     ] GC(46)   Garbage:         -              6403M (21%)         369M (1%)           17M (0%)             -                  -          
[162.551s][info][gc,heap     ] GC(46) Reclaimed:         -                  -              6034M (20%)        6386M (21%)            -                  -          
[162.551s][info][gc          ] GC(46) Garbage Collection (Proactive) 6414M(21%)->126M(0%)
[163.209s][info][gc,start    ] GC(47) Garbage Collection (System.gc())
[163.209s][info][gc,task     ] GC(47) Using 12 workers
[163.209s][info][gc,phases   ] GC(47) Pause Mark Start 0.016ms
[163.223s][info][gc,phases   ] GC(47) Concurrent Mark 13.304ms
[163.223s][info][gc,phases   ] GC(47) Pause Mark End 0.021ms
[163.223s][info][gc,phases   ] GC(47) Concurrent Mark Free 0.001ms
[163.235s][info][gc,phases   ] GC(47) Concurrent Process Non-Strong References 12.252ms
[163.235s][info][gc,phases   ] GC(47) Concurrent Reset Relocation Set 0.019ms
[163.240s][info][gc,phases   ] GC(47) Concurrent Select Relocation Set 4.673ms
[163.240s][info][gc,phases   ] GC(47) Pause Relocate Start 0.008ms
[163.243s][info][gc,phases   ] GC(47) Concurrent Relocate 2.742ms
[163.243s][info][gc,load     ] GC(47) Load: 0.00/0.00/0.00
[163.243s][info][gc,mmu      ] GC(47) MMU: 2ms/96.7%, 5ms/98.7%, 10ms/99.3%, 20ms/99.6%, 50ms/99.8%, 100ms/99.9%
[163.243s][info][gc,marking  ] GC(47) Mark: 8 stripe(s), 2 proactive flush(es), 1 terminate flush(es), 0 completion(s), 0 continuation(s) 
[163.243s][info][gc,marking  ] GC(47) Mark Stack Usage: 32M
[163.243s][info][gc,nmethod  ] GC(47) NMethods: 2301 registered, 15 unregistered
[163.243s][info][gc,metaspace] GC(47) Metaspace: 13M used, 14M committed, 1088M reserved
[163.243s][info][gc,ref      ] GC(47) Soft: 211 encountered, 0 discovered, 0 enqueued
[163.243s][info][gc,ref      ] GC(47) Weak: 623 encountered, 172 discovered, 0 enqueued
[163.243s][info][gc,ref      ] GC(47) Final: 0 encountered, 0 discovered, 0 enqueued
[163.243s][info][gc,ref      ] GC(47) Phantom: 59 encountered, 46 discovered, 0 enqueued
[163.243s][info][gc,reloc    ] GC(47) Small Pages: 779 / 1558M, Empty: 1482M, Relocated: 4M, In-Place: 0
[163.243s][info][gc,reloc    ] GC(47) Medium Pages: 0 / 0M, Empty: 0M, Relocated: 0M, In-Place: 0
[163.243s][info][gc,reloc    ] GC(47) Large Pages: 0 / 0M, Empty: 0M, Relocated: 0M, In-Place: 0
[163.243s][info][gc,reloc    ] GC(47) Forwarding Usage: 1M
[163.243s][info][gc,heap     ] GC(47) Min Capacity: 8M(0%)
[163.243s][info][gc,heap     ] GC(47) Max Capacity: 30718M(100%)
[163.243s][info][gc,heap     ] GC(47) Soft Max Capacity: 30718M(100%)
[163.243s][info][gc,heap     ] GC(47)                Mark Start          Mark End        Relocate Start      Relocate End           High               Low         
[163.243s][info][gc,heap     ] GC(47)  Capacity:    19472M (63%)       19472M (63%)       19472M (63%)       19472M (63%)       19472M (63%)       19472M (63%)    
[163.244s][info][gc,heap     ] GC(47)      Free:    29160M (95%)       29160M (95%)       30642M (100%)      30692M (100%)      30692M (100%)      29160M (95%)    
[163.244s][info][gc,heap     ] GC(47)      Used:     1558M (5%)         1558M (5%)           76M (0%)           26M (0%)         1558M (5%)           26M (0%)     
[163.244s][info][gc,heap     ] GC(47)      Live:         -                 6M (0%)            6M (0%)            6M (0%)             -                  -          
[163.244s][info][gc,heap     ] GC(47) Allocated:         -                 0M (0%)            0M (0%)            0M (0%)             -                  -          
[163.244s][info][gc,heap     ] GC(47)   Garbage:         -              1551M (5%)           69M (0%)           19M (0%)             -                  -          
[163.244s][info][gc,heap     ] GC(47) Reclaimed:         -                  -              1482M (5%)         1532M (5%)             -                  -          
[163.244s][info][gc          ] GC(47) Garbage Collection (System.gc()) 1558M(5%)->26M(0%)
[165.717s][info][gc,start    ] GC(48) Garbage Collection (Proactive)
[165.717s][info][gc,task     ] GC(48) Using 12 workers
[165.717s][info][gc,phases   ] GC(48) Pause Mark Start 0.013ms
[165.727s][info][gc,phases   ] GC(48) Concurrent Mark 10.315ms
[165.728s][info][gc,phases   ] GC(48) Pause Mark End 0.020ms
[165.728s][info][gc,phases   ] GC(48) Concurrent Mark Free 0.001ms
[165.736s][info][gc,phases   ] GC(48) Concurrent Process Non-Strong References 8.132ms
[165.736s][info][gc,phases   ] GC(48) Concurrent Reset Relocation Set 0.007ms
[165.741s][info][gc,phases   ] GC(48) Concurrent Select Relocation Set 5.210ms
[165.741s][info][gc,phases   ] GC(48) Pause Relocate Start 0.007ms
[165.745s][info][gc,phases   ] GC(48) Concurrent Relocate 3.247ms
[165.745s][info][gc,load     ] GC(48) Load: 0.00/0.00/0.00
[165.745s][info][gc,mmu      ] GC(48) MMU: 2ms/96.7%, 5ms/98.7%, 10ms/99.3%, 20ms/99.6%, 50ms/99.8%, 100ms/99.9%
[165.745s][info][gc,marking  ] GC(48) Mark: 8 stripe(s), 2 proactive flush(es), 1 terminate flush(es), 0 completion(s), 0 continuation(s) 
[165.745s][info][gc,marking  ] GC(48) Mark Stack Usage: 32M
[165.745s][info][gc,nmethod  ] GC(48) NMethods: 2304 registered, 16 unregistered
[165.745s][info][gc,metaspace] GC(48) Metaspace: 13M used, 14M committed, 1088M reserved
[165.745s][info][gc,ref      ] GC(48) Soft: 211 encountered, 0 discovered, 0 enqueued
[165.745s][info][gc,ref      ] GC(48) Weak: 729 encountered, 126 discovered, 2 enqueued
[165.745s][info][gc,ref      ] GC(48) Final: 0 encountered, 0 discovered, 0 enqueued
[165.745s][info][gc,ref      ] GC(48) Phantom: 59 encountered, 42 discovered, 0 enqueued
[165.745s][info][gc,reloc    ] GC(48) Small Pages: 2448 / 4896M, Empty: 4564M, Relocated: 6M, In-Place: 0
[165.745s][info][gc,reloc    ] GC(48) Medium Pages: 0 / 0M, Empty: 0M, Relocated: 0M, In-Place: 0
[165.745s][info][gc,reloc    ] GC(48) Large Pages: 0 / 0M, Empty: 0M, Relocated: 0M, In-Place: 0
[165.745s][info][gc,reloc    ] GC(48) Forwarding Usage: 1M
[165.745s][info][gc,heap     ] GC(48) Min Capacity: 8M(0%)
[165.745s][info][gc,heap     ] GC(48) Max Capacity: 30718M(100%)
[165.745s][info][gc,heap     ] GC(48) Soft Max Capacity: 30718M(100%)
[165.745s][info][gc,heap     ] GC(48)                Mark Start          Mark End        Relocate Start      Relocate End           High               Low         
[165.745s][info][gc,heap     ] GC(48)  Capacity:    19472M (63%)       19472M (63%)       19472M (63%)       19472M (63%)       19472M (63%)       19472M (63%)    
[165.745s][info][gc,heap     ] GC(48)      Free:    25822M (84%)       25742M (84%)       30296M (99%)       30596M (100%)      30596M (100%)      25738M (84%)    
[165.745s][info][gc,heap     ] GC(48)      Used:     4896M (16%)        4976M (16%)         422M (1%)          122M (0%)         4980M (16%)         122M (0%)     
[165.745s][info][gc,heap     ] GC(48)      Live:         -                 8M (0%)            8M (0%)            8M (0%)             -                  -          
[165.745s][info][gc,heap     ] GC(48) Allocated:         -                80M (0%)           90M (0%)           92M (0%)             -                  -          
[165.745s][info][gc,heap     ] GC(48)   Garbage:         -              4887M (16%)         323M (1%)           20M (0%)             -                  -          
[165.745s][info][gc,heap     ] GC(48) Reclaimed:         -                  -              4564M (15%)        4866M (16%)            -                  -          
[165.745s][info][gc          ] GC(48) Garbage Collection (Proactive) 4896M(16%)->122M(0%)
[167.916s][info][gc,start    ] GC(49) Garbage Collection (Proactive)
[167.916s][info][gc,task     ] GC(49) Using 12 workers
[167.916s][info][gc,phases   ] GC(49) Pause Mark Start 0.015ms
[167.928s][info][gc,phases   ] GC(49) Concurrent Mark 11.402ms
[167.928s][info][gc,phases   ] GC(49) Pause Mark End 0.019ms
[167.928s][info][gc,phases   ] GC(49) Concurrent Mark Free 0.001ms
[167.938s][info][gc,phases   ] GC(49) Concurrent Process Non-Strong References 9.552ms
[167.938s][info][gc,phases   ] GC(49) Concurrent Reset Relocation Set 0.017ms
[167.943s][info][gc,phases   ] GC(49) Concurrent Select Relocation Set 5.220ms
[167.943s][info][gc,phases   ] GC(49) Pause Relocate Start 0.007ms
[167.946s][info][gc,phases   ] GC(49) Concurrent Relocate 2.304ms
[167.946s][info][gc,load     ] GC(49) Load: 0.00/0.00/0.00
[167.946s][info][gc,mmu      ] GC(49) MMU: 2ms/96.7%, 5ms/98.7%, 10ms/99.3%, 20ms/99.6%, 50ms/99.8%, 100ms/99.9%
[167.946s][info][gc,marking  ] GC(49) Mark: 8 stripe(s), 2 proactive flush(es), 1 terminate flush(es), 0 completion(s), 0 continuation(s) 
[167.946s][info][gc,marking  ] GC(49) Mark Stack Usage: 32M
[167.946s][info][gc,nmethod  ] GC(49) NMethods: 2304 registered, 16 unregistered
[167.946s][info][gc,metaspace] GC(49) Metaspace: 13M used, 14M committed, 1088M reserved
[167.946s][info][gc,ref      ] GC(49) Soft: 211 encountered, 0 discovered, 0 enqueued
[167.946s][info][gc,ref      ] GC(49) Weak: 727 encountered, 137 discovered, 0 enqueued
[167.946s][info][gc,ref      ] GC(49) Final: 0 encountered, 0 discovered, 0 enqueued
[167.946s][info][gc,ref      ] GC(49) Phantom: 59 encountered, 31 discovered, 0 enqueued
[167.946s][info][gc,reloc    ] GC(49) Small Pages: 2089 / 4178M, Empty: 3852M, Relocated: 6M, In-Place: 0
[167.946s][info][gc,reloc    ] GC(49) Medium Pages: 0 / 0M, Empty: 0M, Relocated: 0M, In-Place: 0
[167.946s][info][gc,reloc    ] GC(49) Large Pages: 0 / 0M, Empty: 0M, Relocated: 0M, In-Place: 0
[167.946s][info][gc,reloc    ] GC(49) Forwarding Usage: 1M
[167.946s][info][gc,heap     ] GC(49) Min Capacity: 8M(0%)
[167.946s][info][gc,heap     ] GC(49) Max Capacity: 30718M(100%)
[167.946s][info][gc,heap     ] GC(49) Soft Max Capacity: 30718M(100%)
[167.946s][info][gc,heap     ] GC(49)                Mark Start          Mark End        Relocate Start      Relocate End           High               Low         
[167.946s][info][gc,heap     ] GC(49)  Capacity:    19472M (63%)       19472M (63%)       19472M (63%)       19472M (63%)       19472M (63%)       19472M (63%)    
[167.946s][info][gc,heap     ] GC(49)      Free:    26540M (86%)       26456M (86%)       30296M (99%)       30584M (100%)      30584M (100%)      26452M (86%)    
[167.946s][info][gc,heap     ] GC(49)      Used:     4178M (14%)        4262M (14%)         422M (1%)          134M (0%)         4266M (14%)         134M (0%)     
[167.946s][info][gc,heap     ] GC(49)      Live:         -                 9M (0%)            9M (0%)            9M (0%)             -                  -          
[167.946s][info][gc,heap     ] GC(49) Allocated:         -                84M (0%)           96M (0%)          104M (0%)             -                  -          
[167.946s][info][gc,heap     ] GC(49)   Garbage:         -              4168M (14%)         316M (1%)           20M (0%)             -                  -          
[167.946s][info][gc,heap     ] GC(49) Reclaimed:         -                  -              3852M (13%)        4148M (14%)            -                  -          
[167.946s][info][gc          ] GC(49) Garbage Collection (Proactive) 4178M(14%)->134M(0%)
[169.816s][info][gc,start    ] GC(50) Garbage Collection (Proactive)
[169.816s][info][gc,task     ] GC(50) Using 12 workers
[169.816s][info][gc,phases   ] GC(50) Pause Mark Start 0.013ms
[169.828s][info][gc,phases   ] GC(50) Concurrent Mark 11.638ms
[169.828s][info][gc,phases   ] GC(50) Pause Mark End 0.019ms
[169.828s][info][gc,phases   ] GC(50) Concurrent Mark Free 0.001ms
[169.837s][info][gc,phases   ] GC(50) Concurrent Process Non-Strong References 8.859ms
[169.837s][info][gc,phases   ] GC(50) Concurrent Reset Relocation Set 0.017ms
[169.841s][info][gc,phases   ] GC(50) Concurrent Select Relocation Set 3.618ms
[169.841s][info][gc,phases   ] GC(50) Pause Relocate Start 0.008ms
[169.844s][info][gc,phases   ] GC(50) Concurrent Relocate 2.696ms
[169.844s][info][gc,load     ] GC(50) Load: 0.00/0.00/0.00
[169.844s][info][gc,mmu      ] GC(50) MMU: 2ms/96.7%, 5ms/98.7%, 10ms/99.3%, 20ms/99.6%, 50ms/99.8%, 100ms/99.9%
[169.844s][info][gc,marking  ] GC(50) Mark: 8 stripe(s), 3 proactive flush(es), 1 terminate flush(es), 0 completion(s), 0 continuation(s) 
[169.844s][info][gc,marking  ] GC(50) Mark Stack Usage: 32M
[169.844s][info][gc,nmethod  ] GC(50) NMethods: 2304 registered, 16 unregistered
[169.844s][info][gc,metaspace] GC(50) Metaspace: 13M used, 14M committed, 1088M reserved
[169.844s][info][gc,ref      ] GC(50) Soft: 211 encountered, 0 discovered, 0 enqueued
[169.844s][info][gc,ref      ] GC(50) Weak: 727 encountered, 252 discovered, 0 enqueued
[169.844s][info][gc,ref      ] GC(50) Final: 0 encountered, 0 discovered, 0 enqueued
[169.844s][info][gc,ref      ] GC(50) Phantom: 59 encountered, 29 discovered, 0 enqueued
[169.844s][info][gc,reloc    ] GC(50) Small Pages: 1774 / 3548M, Empty: 3244M, Relocated: 6M, In-Place: 0
[169.844s][info][gc,reloc    ] GC(50) Medium Pages: 0 / 0M, Empty: 0M, Relocated: 0M, In-Place: 0
[169.844s][info][gc,reloc    ] GC(50) Large Pages: 0 / 0M, Empty: 0M, Relocated: 0M, In-Place: 0
[169.844s][info][gc,reloc    ] GC(50) Forwarding Usage: 1M
[169.844s][info][gc,heap     ] GC(50) Min Capacity: 8M(0%)
[169.844s][info][gc,heap     ] GC(50) Max Capacity: 30718M(100%)
[169.844s][info][gc,heap     ] GC(50) Soft Max Capacity: 30718M(100%)
[169.844s][info][gc,heap     ] GC(50)                Mark Start          Mark End        Relocate Start      Relocate End           High               Low         
[169.844s][info][gc,heap     ] GC(50)  Capacity:    19472M (63%)       19472M (63%)       19472M (63%)       19472M (63%)       19472M (63%)       19472M (63%)    
[169.844s][info][gc,heap     ] GC(50)      Free:    27170M (88%)       27088M (88%)       30328M (99%)       30596M (100%)      30596M (100%)      27084M (88%)    
[169.844s][info][gc,heap     ] GC(50)      Used:     3548M (12%)        3630M (12%)         390M (1%)          122M (0%)         3634M (12%)         122M (0%)     
[169.844s][info][gc,heap     ] GC(50)      Live:         -                 9M (0%)            9M (0%)            9M (0%)             -                  -          
[169.844s][info][gc,heap     ] GC(50) Allocated:         -                82M (0%)           86M (0%)           92M (0%)             -                  -          
[169.844s][info][gc,heap     ] GC(50)   Garbage:         -              3538M (12%)         294M (1%)           19M (0%)             -                  -          
[169.844s][info][gc,heap     ] GC(50) Reclaimed:         -                  -              3244M (11%)        3518M (11%)            -                  -          
[169.844s][info][gc          ] GC(50) Garbage Collection (Proactive) 3548M(12%)->122M(0%)
[170.117s][info][gc,stats    ] === Garbage Collection Statistics =======================================================================================================================
[170.117s][info][gc,stats    ]                                                              Last 10s              Last 10m              Last 10h                Total
[170.117s][info][gc,stats    ]                                                              Avg / Max             Avg / Max             Avg / Max             Avg / Max
[170.117s][info][gc,stats    ]   Collector: Garbage Collection Cycle                     30.794 / 34.726       41.999 / 159.419      41.999 / 159.419      41.999 / 159.419     ms
[170.117s][info][gc,stats    ]  Contention: Mark Segment Reset Contention                     2 / 10                1 / 26                1 / 26                1 / 26          ops/s
[170.117s][info][gc,stats    ]  Contention: Mark SeqNum Reset Contention                      0 / 2                 0 / 3                 0 / 3                 0 / 3           ops/s
[170.117s][info][gc,stats    ]    Critical: Allocation Stall                                  0 / 0                 0 / 0                 0 / 0                 0 / 0           ops/s
[170.117s][info][gc,stats    ]    Critical: Allocation Stall                              0.000 / 0.000         0.000 / 0.000         0.000 / 0.000         0.000 / 0.000       ms
[170.117s][info][gc,stats    ]    Critical: GC Locker Stall                                   0 / 0                 0 / 0                 0 / 0                 0 / 0           ops/s
[170.117s][info][gc,stats    ]    Critical: GC Locker Stall                               0.000 / 0.000         0.000 / 0.000         0.000 / 0.000         0.000 / 0.000       ms
[170.117s][info][gc,stats    ]    Critical: Relocation Stall                                  0 / 0                 0 / 0                 0 / 0                 0 / 0           ops/s
[170.117s][info][gc,stats    ]    Critical: Relocation Stall                              0.000 / 0.000         0.000 / 0.000         0.000 / 0.000         0.000 / 0.000       ms
[170.117s][info][gc,stats    ]      Memory: Allocation Rate                                1884 / 2196           1827 / 2304           1827 / 2304           1827 / 2304        MB/s
[170.117s][info][gc,stats    ]      Memory: Defragment                                        0 / 0                 0 / 0                 0 / 0                 0 / 0           ops/s
[170.117s][info][gc,stats    ]      Memory: Out Of Memory                                     0 / 0                 0 / 0                 0 / 0                 0 / 0           ops/s
[170.117s][info][gc,stats    ]      Memory: Page Cache Flush                                  0 / 0                 0 / 0                 0 / 0                 0 / 0           MB/s
[170.117s][info][gc,stats    ]      Memory: Page Cache Hit L1                               948 / 1110            859 / 1152            859 / 1152            859 / 1152        ops/s
[170.117s][info][gc,stats    ]      Memory: Page Cache Hit L2                                 0 / 0                 0 / 0                 0 / 0                 0 / 0           ops/s
[170.117s][info][gc,stats    ]      Memory: Page Cache Hit L3                                 0 / 0                 6 / 613               6 / 613               6 / 613         ops/s
[170.117s][info][gc,stats    ]      Memory: Page Cache Miss                                   0 / 0                51 / 740              51 / 740              51 / 740         ops/s
[170.117s][info][gc,stats    ]      Memory: Uncommit                                          0 / 0                 0 / 0                 0 / 0                 0 / 0           MB/s
[170.117s][info][gc,stats    ]      Memory: Undo Object Allocation Failed                     0 / 1                 0 / 2                 0 / 2                 0 / 2           ops/s
[170.117s][info][gc,stats    ]      Memory: Undo Object Allocation Succeeded                 19 / 59                8 / 68                8 / 68                8 / 68          ops/s
[170.117s][info][gc,stats    ]      Memory: Undo Page Allocation                              0 / 1                 1 / 25                1 / 25                1 / 25          ops/s
[170.117s][info][gc,stats    ]       Phase: Concurrent Mark                              12.232 / 14.498       17.940 / 55.621       17.940 / 55.621       17.940 / 55.621      ms
[170.117s][info][gc,stats    ]       Phase: Concurrent Mark Continue                      0.000 / 0.000         0.000 / 0.000         0.000 / 0.000         0.000 / 0.000       ms
[170.117s][info][gc,stats    ]       Phase: Concurrent Mark Free                          0.001 / 0.001         0.001 / 0.002         0.001 / 0.002         0.001 / 0.002       ms
[170.117s][info][gc,stats    ]       Phase: Concurrent Process Non-Strong References      9.396 / 12.252        8.171 / 43.378        8.171 / 43.378        8.171 / 43.378      ms
[170.117s][info][gc,stats    ]       Phase: Concurrent Relocate                           2.735 / 3.247         3.149 / 4.517         3.149 / 4.517         3.149 / 4.517       ms
[170.117s][info][gc,stats    ]       Phase: Concurrent Reset Relocation Set               0.016 / 0.021         0.017 / 0.048         0.017 / 0.048         0.017 / 0.048       ms
[170.117s][info][gc,stats    ]       Phase: Concurrent Select Relocation Set              5.416 / 8.361         6.696 / 17.171        6.696 / 17.171        6.696 / 17.171      ms
[170.117s][info][gc,stats    ]       Phase: Pause Mark End                                0.019 / 0.021         0.021 / 0.065         0.021 / 0.065         0.021 / 0.065       ms
[170.117s][info][gc,stats    ]       Phase: Pause Mark Start                              0.014 / 0.016         0.013 / 0.020         0.013 / 0.020         0.013 / 0.020       ms
[170.117s][info][gc,stats    ]       Phase: Pause Relocate Start                          0.007 / 0.008         0.007 / 0.021         0.007 / 0.021         0.007 / 0.021       ms
[170.117s][info][gc,stats    ]    Subphase: Concurrent Classes Purge                      0.008 / 0.018         0.182 / 7.344         0.182 / 7.344         0.182 / 7.344       ms
[170.117s][info][gc,stats    ]    Subphase: Concurrent Classes Unlink                     0.606 / 0.704         0.725 / 8.444         0.725 / 8.444         0.725 / 8.444       ms
[170.117s][info][gc,stats    ]    Subphase: Concurrent Mark                              10.855 / 13.709       15.794 / 53.263       15.794 / 53.263       15.794 / 53.263      ms
[170.117s][info][gc,stats    ]    Subphase: Concurrent Mark Try Flush                     0.087 / 0.166         0.821 / 30.022        0.821 / 30.022        0.821 / 30.022      ms
[170.117s][info][gc,stats    ]    Subphase: Concurrent Mark Try Terminate                 2.059 / 10.746        2.230 / 15.149        2.230 / 15.149        2.230 / 15.149      ms
[170.117s][info][gc,stats    ]    Subphase: Concurrent References Enqueue                 0.001 / 0.003         0.001 / 0.004         0.001 / 0.004         0.001 / 0.004       ms
[170.117s][info][gc,stats    ]    Subphase: Concurrent References Process                 0.052 / 0.061         0.049 / 0.080         0.049 / 0.080         0.049 / 0.080       ms
[170.117s][info][gc,stats    ]    Subphase: Concurrent Roots ClassLoaderDataGraph         0.066 / 0.460         0.083 / 1.506         0.083 / 1.506         0.083 / 1.506       ms
[170.117s][info][gc,stats    ]    Subphase: Concurrent Roots CodeCache                    0.000 / 0.000         0.000 / 0.000         0.000 / 0.000         0.000 / 0.000       ms
[170.117s][info][gc,stats    ]    Subphase: Concurrent Roots JavaThreads                  0.311 / 0.921         0.814 / 9.683         0.814 / 9.683         0.814 / 9.683       ms
[170.117s][info][gc,stats    ]    Subphase: Concurrent Roots OopStorageSet                0.028 / 0.078         0.107 / 1.312         0.107 / 1.312         0.107 / 1.312       ms
[170.117s][info][gc,stats    ]    Subphase: Concurrent Weak Roots OopStorageSet           8.579 / 11.419        6.455 / 12.996        6.455 / 12.996        6.455 / 12.996      ms
[170.117s][info][gc,stats    ]    Subphase: Pause Mark Try Complete                       0.000 / 0.000         0.002 / 0.004         0.002 / 0.004         0.002 / 0.004       ms
[170.117s][info][gc,stats    ]      System: Java Threads                                     48 / 60               45 / 62               45 / 62               45 / 62          threads
[170.117s][info][gc,stats    ] =========================================================================================================================================================
[171.716s][info][gc,start    ] GC(51) Garbage Collection (Proactive)
[171.716s][info][gc,task     ] GC(51) Using 12 workers
[171.716s][info][gc,phases   ] GC(51) Pause Mark Start 0.014ms
[171.727s][info][gc,phases   ] GC(51) Concurrent Mark 10.788ms
[171.727s][info][gc,phases   ] GC(51) Pause Mark End 0.018ms
[171.727s][info][gc,phases   ] GC(51) Concurrent Mark Free 0.001ms
[171.735s][info][gc,phases   ] GC(51) Concurrent Process Non-Strong References 7.722ms
[171.735s][info][gc,phases   ] GC(51) Concurrent Reset Relocation Set 0.020ms
[171.741s][info][gc,phases   ] GC(51) Concurrent Select Relocation Set 6.184ms
[171.741s][info][gc,phases   ] GC(51) Pause Relocate Start 0.006ms
[171.745s][info][gc,phases   ] GC(51) Concurrent Relocate 3.996ms
[171.745s][info][gc,load     ] GC(51) Load: 0.00/0.00/0.00
[171.745s][info][gc,mmu      ] GC(51) MMU: 2ms/96.7%, 5ms/98.7%, 10ms/99.3%, 20ms/99.6%, 50ms/99.8%, 100ms/99.9%
[171.745s][info][gc,marking  ] GC(51) Mark: 8 stripe(s), 2 proactive flush(es), 1 terminate flush(es), 0 completion(s), 0 continuation(s) 
[171.745s][info][gc,marking  ] GC(51) Mark Stack Usage: 32M
[171.745s][info][gc,nmethod  ] GC(51) NMethods: 2304 registered, 16 unregistered
[171.745s][info][gc,metaspace] GC(51) Metaspace: 13M used, 14M committed, 1088M reserved
[171.745s][info][gc,ref      ] GC(51) Soft: 211 encountered, 0 discovered, 0 enqueued
[171.745s][info][gc,ref      ] GC(51) Weak: 727 encountered, 251 discovered, 0 enqueued
[171.745s][info][gc,ref      ] GC(51) Final: 0 encountered, 0 discovered, 0 enqueued
[171.745s][info][gc,ref      ] GC(51) Phantom: 59 encountered, 45 discovered, 0 enqueued
[171.745s][info][gc,reloc    ] GC(51) Small Pages: 1617 / 3234M, Empty: 2928M, Relocated: 8M, In-Place: 0
[171.745s][info][gc,reloc    ] GC(51) Medium Pages: 0 / 0M, Empty: 0M, Relocated: 0M, In-Place: 0
[171.745s][info][gc,reloc    ] GC(51) Large Pages: 0 / 0M, Empty: 0M, Relocated: 0M, In-Place: 0
[171.745s][info][gc,reloc    ] GC(51) Forwarding Usage: 1M
[171.745s][info][gc,heap     ] GC(51) Min Capacity: 8M(0%)
[171.745s][info][gc,heap     ] GC(51) Max Capacity: 30718M(100%)
[171.745s][info][gc,heap     ] GC(51) Soft Max Capacity: 30718M(100%)
[171.745s][info][gc,heap     ] GC(51)                Mark Start          Mark End        Relocate Start      Relocate End           High               Low         
[171.745s][info][gc,heap     ] GC(51)  Capacity:    19472M (63%)       19472M (63%)       19472M (63%)       19472M (63%)       19472M (63%)       19472M (63%)    
[171.745s][info][gc,heap     ] GC(51)      Free:    27484M (89%)       27404M (89%)       30320M (99%)       30598M (100%)      30598M (100%)      27396M (89%)    
[171.745s][info][gc,heap     ] GC(51)      Used:     3234M (11%)        3314M (11%)         398M (1%)          120M (0%)         3322M (11%)         120M (0%)     
[171.745s][info][gc,heap     ] GC(51)      Live:         -                 9M (0%)            9M (0%)            9M (0%)             -                  -          
[171.746s][info][gc,heap     ] GC(51) Allocated:         -                80M (0%)           92M (0%)           93M (0%)             -                  -          
[171.746s][info][gc,heap     ] GC(51)   Garbage:         -              3224M (10%)         296M (1%)           16M (0%)             -                  -          
[171.746s][info][gc,heap     ] GC(51) Reclaimed:         -                  -              2928M (10%)        3207M (10%)            -                  -          
[171.746s][info][gc          ] GC(51) Garbage Collection (Proactive) 3234M(11%)->120M(0%)
[173.516s][info][gc,start    ] GC(52) Garbage Collection (Proactive)
[173.516s][info][gc,task     ] GC(52) Using 12 workers
[173.516s][info][gc,phases   ] GC(52) Pause Mark Start 0.011ms
[173.534s][info][gc,phases   ] GC(52) Concurrent Mark 17.284ms
[173.534s][info][gc,phases   ] GC(52) Pause Mark End 0.019ms
[173.534s][info][gc,phases   ] GC(52) Concurrent Mark Free 0.001ms
[173.543s][info][gc,phases   ] GC(52) Concurrent Process Non-Strong References 9.047ms
[173.543s][info][gc,phases   ] GC(52) Concurrent Reset Relocation Set 0.019ms
[173.548s][info][gc,phases   ] GC(52) Concurrent Select Relocation Set 4.592ms
[173.548s][info][gc,phases   ] GC(52) Pause Relocate Start 0.008ms
[173.551s][info][gc,phases   ] GC(52) Concurrent Relocate 3.170ms
[173.551s][info][gc,load     ] GC(52) Load: 0.00/0.00/0.00
[173.551s][info][gc,mmu      ] GC(52) MMU: 2ms/96.7%, 5ms/98.7%, 10ms/99.3%, 20ms/99.6%, 50ms/99.8%, 100ms/99.9%
[173.551s][info][gc,marking  ] GC(52) Mark: 8 stripe(s), 4 proactive flush(es), 1 terminate flush(es), 0 completion(s), 0 continuation(s) 
[173.551s][info][gc,marking  ] GC(52) Mark Stack Usage: 32M
[173.551s][info][gc,nmethod  ] GC(52) NMethods: 2304 registered, 16 unregistered
[173.551s][info][gc,metaspace] GC(52) Metaspace: 13M used, 14M committed, 1088M reserved
[173.551s][info][gc,ref      ] GC(52) Soft: 211 encountered, 0 discovered, 0 enqueued
[173.551s][info][gc,ref      ] GC(52) Weak: 723 encountered, 76 discovered, 0 enqueued
[173.551s][info][gc,ref      ] GC(52) Final: 0 encountered, 0 discovered, 0 enqueued
[173.551s][info][gc,ref      ] GC(52) Phantom: 59 encountered, 37 discovered, 0 enqueued
[173.551s][info][gc,reloc    ] GC(52) Small Pages: 1667 / 3334M, Empty: 3118M, Relocated: 8M, In-Place: 0
[173.551s][info][gc,reloc    ] GC(52) Medium Pages: 0 / 0M, Empty: 0M, Relocated: 0M, In-Place: 0
[173.551s][info][gc,reloc    ] GC(52) Large Pages: 0 / 0M, Empty: 0M, Relocated: 0M, In-Place: 0
[173.551s][info][gc,reloc    ] GC(52) Forwarding Usage: 1M
[173.551s][info][gc,heap     ] GC(52) Min Capacity: 8M(0%)
[173.551s][info][gc,heap     ] GC(52) Max Capacity: 30718M(100%)
[173.551s][info][gc,heap     ] GC(52) Soft Max Capacity: 30718M(100%)
[173.551s][info][gc,heap     ] GC(52)                Mark Start          Mark End        Relocate Start      Relocate End           High               Low         
[173.551s][info][gc,heap     ] GC(52)  Capacity:    19472M (63%)       19472M (63%)       19472M (63%)       19472M (63%)       19472M (63%)       19472M (63%)    
[173.551s][info][gc,heap     ] GC(52)      Free:    27384M (89%)       27296M (89%)       30408M (99%)       30590M (100%)      30590M (100%)      27292M (89%)    
[173.551s][info][gc,heap     ] GC(52)      Used:     3334M (11%)        3422M (11%)         310M (1%)          128M (0%)         3426M (11%)         128M (0%)     
[173.551s][info][gc,heap     ] GC(52)      Live:         -                10M (0%)           10M (0%)           10M (0%)             -                  -          
[173.551s][info][gc,heap     ] GC(52) Allocated:         -                88M (0%)           94M (0%)          100M (0%)             -                  -          
[173.551s][info][gc,heap     ] GC(52)   Garbage:         -              3323M (11%)         205M (1%)           17M (0%)             -                  -          
[173.551s][info][gc,heap     ] GC(52) Reclaimed:         -                  -              3118M (10%)        3306M (11%)            -                  -          
[173.551s][info][gc          ] GC(52) Garbage Collection (Proactive) 3334M(11%)->128M(0%)
[174.216s][info][gc,start    ] GC(53) Garbage Collection (System.gc())
[174.216s][info][gc,task     ] GC(53) Using 12 workers
[174.216s][info][gc,phases   ] GC(53) Pause Mark Start 0.017ms
[174.230s][info][gc,phases   ] GC(53) Concurrent Mark 13.393ms
[174.230s][info][gc,phases   ] GC(53) Pause Mark End 0.019ms
[174.230s][info][gc,phases   ] GC(53) Concurrent Mark Free 0.001ms
[174.243s][info][gc,phases   ] GC(53) Concurrent Process Non-Strong References 12.575ms
[174.243s][info][gc,phases   ] GC(53) Concurrent Reset Relocation Set 0.009ms
[174.247s][info][gc,phases   ] GC(53) Concurrent Select Relocation Set 4.101ms
[174.247s][info][gc,phases   ] GC(53) Pause Relocate Start 0.006ms
[174.249s][info][gc,phases   ] GC(53) Concurrent Relocate 1.918ms
[174.249s][info][gc,load     ] GC(53) Load: 0.00/0.00/0.00
[174.249s][info][gc,mmu      ] GC(53) MMU: 2ms/96.7%, 5ms/98.7%, 10ms/99.3%, 20ms/99.6%, 50ms/99.8%, 100ms/99.9%
[174.249s][info][gc,marking  ] GC(53) Mark: 8 stripe(s), 1 proactive flush(es), 1 terminate flush(es), 0 completion(s), 0 continuation(s) 
[174.249s][info][gc,marking  ] GC(53) Mark Stack Usage: 32M
[174.249s][info][gc,nmethod  ] GC(53) NMethods: 2305 registered, 16 unregistered
[174.249s][info][gc,metaspace] GC(53) Metaspace: 13M used, 14M committed, 1088M reserved
[174.249s][info][gc,ref      ] GC(53) Soft: 211 encountered, 0 discovered, 0 enqueued
[174.249s][info][gc,ref      ] GC(53) Weak: 627 encountered, 51 discovered, 0 enqueued
[174.249s][info][gc,ref      ] GC(53) Final: 0 encountered, 0 discovered, 0 enqueued
[174.249s][info][gc,ref      ] GC(53) Phantom: 59 encountered, 38 discovered, 0 enqueued
[174.249s][info][gc,reloc    ] GC(53) Small Pages: 798 / 1596M, Empty: 1522M, Relocated: 4M, In-Place: 0
[174.249s][info][gc,reloc    ] GC(53) Medium Pages: 0 / 0M, Empty: 0M, Relocated: 0M, In-Place: 0
[174.249s][info][gc,reloc    ] GC(53) Large Pages: 0 / 0M, Empty: 0M, Relocated: 0M, In-Place: 0
[174.249s][info][gc,reloc    ] GC(53) Forwarding Usage: 1M
[174.249s][info][gc,heap     ] GC(53) Min Capacity: 8M(0%)
[174.249s][info][gc,heap     ] GC(53) Max Capacity: 30718M(100%)
[174.249s][info][gc,heap     ] GC(53) Soft Max Capacity: 30718M(100%)
[174.249s][info][gc,heap     ] GC(53)                Mark Start          Mark End        Relocate Start      Relocate End           High               Low         
[174.249s][info][gc,heap     ] GC(53)  Capacity:    19472M (63%)       19472M (63%)       19472M (63%)       19472M (63%)       19472M (63%)       19472M (63%)    
[174.249s][info][gc,heap     ] GC(53)      Free:    29122M (95%)       29122M (95%)       30644M (100%)      30692M (100%)      30692M (100%)      29122M (95%)    
[174.249s][info][gc,heap     ] GC(53)      Used:     1596M (5%)         1596M (5%)           74M (0%)           26M (0%)         1596M (5%)           26M (0%)     
[174.249s][info][gc,heap     ] GC(53)      Live:         -                 6M (0%)            6M (0%)            6M (0%)             -                  -          
[174.249s][info][gc,heap     ] GC(53) Allocated:         -                 0M (0%)            0M (0%)            0M (0%)             -                  -          
[174.249s][info][gc,heap     ] GC(53)   Garbage:         -              1589M (5%)           67M (0%)           19M (0%)             -                  -          
[174.249s][info][gc,heap     ] GC(53) Reclaimed:         -                  -              1522M (5%)         1570M (5%)             -                  -          
[174.249s][info][gc          ] GC(53) Garbage Collection (System.gc()) 1596M(5%)->26M(0%)
[176.416s][info][gc,start    ] GC(54) Garbage Collection (Proactive)
[176.416s][info][gc,task     ] GC(54) Using 12 workers
[176.416s][info][gc,phases   ] GC(54) Pause Mark Start 0.014ms
[176.423s][info][gc,phases   ] GC(54) Concurrent Mark 6.981ms
[176.423s][info][gc,phases   ] GC(54) Pause Mark End 0.019ms
[176.423s][info][gc,phases   ] GC(54) Concurrent Mark Free 0.001ms
[176.432s][info][gc,phases   ] GC(54) Concurrent Process Non-Strong References 8.968ms
[176.432s][info][gc,phases   ] GC(54) Concurrent Reset Relocation Set 0.006ms
[176.436s][info][gc,phases   ] GC(54) Concurrent Select Relocation Set 3.790ms
[176.436s][info][gc,phases   ] GC(54) Pause Relocate Start 0.007ms
[176.439s][info][gc,phases   ] GC(54) Concurrent Relocate 2.441ms
[176.439s][info][gc,load     ] GC(54) Load: 0.00/0.00/0.00
[176.439s][info][gc,mmu      ] GC(54) MMU: 2ms/96.7%, 5ms/98.7%, 10ms/99.3%, 20ms/99.6%, 50ms/99.8%, 100ms/99.9%
[176.439s][info][gc,marking  ] GC(54) Mark: 8 stripe(s), 3 proactive flush(es), 1 terminate flush(es), 0 completion(s), 0 continuation(s) 
[176.439s][info][gc,marking  ] GC(54) Mark Stack Usage: 32M
[176.439s][info][gc,nmethod  ] GC(54) NMethods: 2305 registered, 16 unregistered
[176.439s][info][gc,metaspace] GC(54) Metaspace: 13M used, 14M committed, 1088M reserved
[176.439s][info][gc,ref      ] GC(54) Soft: 211 encountered, 0 discovered, 0 enqueued
[176.439s][info][gc,ref      ] GC(54) Weak: 723 encountered, 68 discovered, 0 enqueued
[176.439s][info][gc,ref      ] GC(54) Final: 0 encountered, 0 discovered, 0 enqueued
[176.439s][info][gc,ref      ] GC(54) Phantom: 59 encountered, 35 discovered, 0 enqueued
[176.439s][info][gc,reloc    ] GC(54) Small Pages: 1552 / 3104M, Empty: 2836M, Relocated: 5M, In-Place: 0
[176.439s][info][gc,reloc    ] GC(54) Medium Pages: 0 / 0M, Empty: 0M, Relocated: 0M, In-Place: 0
[176.439s][info][gc,reloc    ] GC(54) Large Pages: 0 / 0M, Empty: 0M, Relocated: 0M, In-Place: 0
[176.439s][info][gc,reloc    ] GC(54) Forwarding Usage: 0M
[176.439s][info][gc,heap     ] GC(54) Min Capacity: 8M(0%)
[176.439s][info][gc,heap     ] GC(54) Max Capacity: 30718M(100%)
[176.439s][info][gc,heap     ] GC(54) Soft Max Capacity: 30718M(100%)
[176.439s][info][gc,heap     ] GC(54)                Mark Start          Mark End        Relocate Start      Relocate End           High               Low         
[176.439s][info][gc,heap     ] GC(54)  Capacity:    19472M (63%)       19472M (63%)       19472M (63%)       19472M (63%)       19472M (63%)       19472M (63%)    
[176.439s][info][gc,heap     ] GC(54)      Free:    27614M (90%)       27536M (90%)       30362M (99%)       30588M (100%)      30588M (100%)      27528M (90%)    
[176.439s][info][gc,heap     ] GC(54)      Used:     3104M (10%)        3182M (10%)         356M (1%)          130M (0%)         3190M (10%)         130M (0%)     
[176.439s][info][gc,heap     ] GC(54)      Live:         -                 8M (0%)            8M (0%)            8M (0%)             -                  -          
[176.439s][info][gc,heap     ] GC(54) Allocated:         -                78M (0%)           88M (0%)           98M (0%)             -                  -          
[176.439s][info][gc,heap     ] GC(54)   Garbage:         -              3095M (10%)         259M (1%)           22M (0%)             -                  -          
[176.439s][info][gc,heap     ] GC(54) Reclaimed:         -                  -              2836M (9%)         3072M (10%)            -                  -          
[176.439s][info][gc          ] GC(54) Garbage Collection (Proactive) 3104M(10%)->130M(0%)
[178.516s][info][gc,start    ] GC(55) Garbage Collection (Proactive)
[178.516s][info][gc,task     ] GC(55) Using 12 workers
[178.516s][info][gc,phases   ] GC(55) Pause Mark Start 0.011ms
[178.529s][info][gc,phases   ] GC(55) Concurrent Mark 12.786ms
[178.529s][info][gc,phases   ] GC(55) Pause Mark End 0.018ms
[178.529s][info][gc,phases   ] GC(55) Concurrent Mark Free 0.001ms
[178.537s][info][gc,phases   ] GC(55) Concurrent Process Non-Strong References 8.117ms
[178.538s][info][gc,phases   ] GC(55) Concurrent Reset Relocation Set 0.020ms
[178.545s][info][gc,phases   ] GC(55) Concurrent Select Relocation Set 7.123ms
[178.545s][info][gc,phases   ] GC(55) Pause Relocate Start 0.007ms
[178.547s][info][gc,phases   ] GC(55) Concurrent Relocate 2.524ms
[178.548s][info][gc,load     ] GC(55) Load: 0.00/0.00/0.00
[178.548s][info][gc,mmu      ] GC(55) MMU: 2ms/96.7%, 5ms/98.7%, 10ms/99.3%, 20ms/99.6%, 50ms/99.8%, 100ms/99.9%
[178.548s][info][gc,marking  ] GC(55) Mark: 8 stripe(s), 6 proactive flush(es), 1 terminate flush(es), 0 completion(s), 0 continuation(s) 
[178.548s][info][gc,marking  ] GC(55) Mark Stack Usage: 32M
[178.548s][info][gc,nmethod  ] GC(55) NMethods: 2305 registered, 16 unregistered
[178.548s][info][gc,metaspace] GC(55) Metaspace: 13M used, 14M committed, 1088M reserved
[178.548s][info][gc,ref      ] GC(55) Soft: 211 encountered, 0 discovered, 0 enqueued
[178.548s][info][gc,ref      ] GC(55) Weak: 723 encountered, 206 discovered, 0 enqueued
[178.548s][info][gc,ref      ] GC(55) Final: 0 encountered, 0 discovered, 0 enqueued
[178.548s][info][gc,ref      ] GC(55) Phantom: 59 encountered, 36 discovered, 0 enqueued
[178.548s][info][gc,reloc    ] GC(55) Small Pages: 2027 / 4054M, Empty: 3744M, Relocated: 6M, In-Place: 0
[178.548s][info][gc,reloc    ] GC(55) Medium Pages: 0 / 0M, Empty: 0M, Relocated: 0M, In-Place: 0
[178.548s][info][gc,reloc    ] GC(55) Large Pages: 0 / 0M, Empty: 0M, Relocated: 0M, In-Place: 0
[178.548s][info][gc,reloc    ] GC(55) Forwarding Usage: 1M
[178.548s][info][gc,heap     ] GC(55) Min Capacity: 8M(0%)
[178.548s][info][gc,heap     ] GC(55) Max Capacity: 30718M(100%)
[178.548s][info][gc,heap     ] GC(55) Soft Max Capacity: 30718M(100%)
[178.548s][info][gc,heap     ] GC(55)                Mark Start          Mark End        Relocate Start      Relocate End           High               Low         
[178.548s][info][gc,heap     ] GC(55)  Capacity:    19472M (63%)       19472M (63%)       19472M (63%)       19472M (63%)       19472M (63%)       19472M (63%)    
[178.548s][info][gc,heap     ] GC(55)      Free:    26664M (87%)       26584M (87%)       30320M (99%)       30588M (100%)      30588M (100%)      26578M (87%)    
[178.548s][info][gc,heap     ] GC(55)      Used:     4054M (13%)        4134M (13%)         398M (1%)          130M (0%)         4140M (13%)         130M (0%)     
[178.548s][info][gc,heap     ] GC(55)      Live:         -                 9M (0%)            9M (0%)            9M (0%)             -                  -          
[178.548s][info][gc,heap     ] GC(55) Allocated:         -                80M (0%)           88M (0%)          100M (0%)             -                  -          
[178.548s][info][gc,heap     ] GC(55)   Garbage:         -              4044M (13%)         300M (1%)           20M (0%)             -                  -          
[178.548s][info][gc,heap     ] GC(55) Reclaimed:         -                  -              3744M (12%)        4024M (13%)            -                  -          
[178.548s][info][gc          ] GC(55) Garbage Collection (Proactive) 4054M(13%)->130M(0%)
[180.117s][info][gc,stats    ] === Garbage Collection Statistics =======================================================================================================================
[180.117s][info][gc,stats    ]                                                              Last 10s              Last 10m              Last 10h                Total
[180.117s][info][gc,stats    ]                                                              Avg / Max             Avg / Max             Avg / Max             Avg / Max
[180.117s][info][gc,stats    ]   Collector: Garbage Collection Cycle                     30.457 / 35.156       40.968 / 159.419      40.968 / 159.419      40.968 / 159.419     ms
[180.117s][info][gc,stats    ]  Contention: Mark Segment Reset Contention                     1 / 5                 1 / 26                1 / 26                1 / 26          ops/s
[180.117s][info][gc,stats    ]  Contention: Mark SeqNum Reset Contention                      0 / 2                 0 / 3                 0 / 3                 0 / 3           ops/s
[180.117s][info][gc,stats    ]    Critical: Allocation Stall                                  0 / 0                 0 / 0                 0 / 0                 0 / 0           ops/s
[180.117s][info][gc,stats    ]    Critical: Allocation Stall                              0.000 / 0.000         0.000 / 0.000         0.000 / 0.000         0.000 / 0.000       ms
[180.117s][info][gc,stats    ]    Critical: GC Locker Stall                                   0 / 0                 0 / 0                 0 / 0                 0 / 0           ops/s
[180.117s][info][gc,stats    ]    Critical: GC Locker Stall                               0.000 / 0.000         0.000 / 0.000         0.000 / 0.000         0.000 / 0.000       ms
[180.117s][info][gc,stats    ]    Critical: Relocation Stall                                  0 / 0                 0 / 0                 0 / 0                 0 / 0           ops/s
[180.117s][info][gc,stats    ]    Critical: Relocation Stall                              0.000 / 0.000         0.000 / 0.000         0.000 / 0.000         0.000 / 0.000       ms
[180.117s][info][gc,stats    ]      Memory: Allocation Rate                                1783 / 2152           1824 / 2304           1824 / 2304           1824 / 2304        MB/s
[180.117s][info][gc,stats    ]      Memory: Defragment                                        0 / 0                 0 / 0                 0 / 0                 0 / 0           ops/s
[180.117s][info][gc,stats    ]      Memory: Out Of Memory                                     0 / 0                 0 / 0                 0 / 0                 0 / 0           ops/s
[180.117s][info][gc,stats    ]      Memory: Page Cache Flush                                  0 / 0                 0 / 0                 0 / 0                 0 / 0           MB/s
[180.117s][info][gc,stats    ]      Memory: Page Cache Hit L1                               897 / 1088            861 / 1152            861 / 1152            861 / 1152        ops/s
[180.117s][info][gc,stats    ]      Memory: Page Cache Hit L2                                 0 / 0                 0 / 0                 0 / 0                 0 / 0           ops/s
[180.117s][info][gc,stats    ]      Memory: Page Cache Hit L3                                 0 / 0                 5 / 613               5 / 613               5 / 613         ops/s
[180.117s][info][gc,stats    ]      Memory: Page Cache Miss                                   0 / 0                48 / 740              48 / 740              48 / 740         ops/s
[180.117s][info][gc,stats    ]      Memory: Uncommit                                          0 / 0                 0 / 0                 0 / 0                 0 / 0           MB/s
[180.117s][info][gc,stats    ]      Memory: Undo Object Allocation Failed                     0 / 0                 0 / 2                 0 / 2                 0 / 2           ops/s
[180.117s][info][gc,stats    ]      Memory: Undo Object Allocation Succeeded                  7 / 30                8 / 68                8 / 68                8 / 68          ops/s
[180.117s][info][gc,stats    ]      Memory: Undo Page Allocation                              0 / 1                 1 / 25                1 / 25                1 / 25          ops/s
[180.117s][info][gc,stats    ]       Phase: Concurrent Mark                              12.246 / 17.284       17.431 / 55.621       17.431 / 55.621       17.431 / 55.621      ms
[180.117s][info][gc,stats    ]       Phase: Concurrent Mark Continue                      0.000 / 0.000         0.000 / 0.000         0.000 / 0.000         0.000 / 0.000       ms
[180.117s][info][gc,stats    ]       Phase: Concurrent Mark Free                          0.001 / 0.001         0.001 / 0.002         0.001 / 0.002         0.001 / 0.002       ms
[180.117s][info][gc,stats    ]       Phase: Concurrent Process Non-Strong References      9.286 / 12.575        8.271 / 43.378        8.271 / 43.378        8.271 / 43.378      ms
[180.117s][info][gc,stats    ]       Phase: Concurrent Relocate                           2.810 / 3.996         3.119 / 4.517         3.119 / 4.517         3.119 / 4.517       ms
[180.117s][info][gc,stats    ]       Phase: Concurrent Reset Relocation Set               0.015 / 0.020         0.017 / 0.048         0.017 / 0.048         0.017 / 0.048       ms
[180.117s][info][gc,stats    ]       Phase: Concurrent Select Relocation Set              5.158 / 7.123         6.559 / 17.171        6.559 / 17.171        6.559 / 17.171      ms
[180.117s][info][gc,stats    ]       Phase: Pause Mark End                                0.019 / 0.019         0.021 / 0.065         0.021 / 0.065         0.021 / 0.065       ms
[180.117s][info][gc,stats    ]       Phase: Pause Mark Start                              0.013 / 0.017         0.013 / 0.020         0.013 / 0.020         0.013 / 0.020       ms
[180.117s][info][gc,stats    ]       Phase: Pause Relocate Start                          0.007 / 0.008         0.007 / 0.021         0.007 / 0.021         0.007 / 0.021       ms
[180.117s][info][gc,stats    ]    Subphase: Concurrent Classes Purge                      0.005 / 0.007         0.166 / 7.344         0.166 / 7.344         0.166 / 7.344       ms
[180.117s][info][gc,stats    ]    Subphase: Concurrent Classes Unlink                     0.577 / 0.629         0.711 / 8.444         0.711 / 8.444         0.711 / 8.444       ms
[180.117s][info][gc,stats    ]    Subphase: Concurrent Mark                              10.839 / 16.763       15.352 / 53.263       15.352 / 53.263       15.352 / 53.263      ms
[180.117s][info][gc,stats    ]    Subphase: Concurrent Mark Try Flush                     0.107 / 0.326         0.758 / 30.022        0.758 / 30.022        0.758 / 30.022      ms
[180.117s][info][gc,stats    ]    Subphase: Concurrent Mark Try Terminate                 1.985 / 9.594         2.216 / 15.149        2.216 / 15.149        2.216 / 15.149      ms
[180.117s][info][gc,stats    ]    Subphase: Concurrent References Enqueue                 0.001 / 0.001         0.001 / 0.004         0.001 / 0.004         0.001 / 0.004       ms
[180.117s][info][gc,stats    ]    Subphase: Concurrent References Process                 0.045 / 0.062         0.049 / 0.080         0.049 / 0.080         0.049 / 0.080       ms
[180.118s][info][gc,stats    ]    Subphase: Concurrent Roots ClassLoaderDataGraph         0.063 / 0.514         0.081 / 1.506         0.081 / 1.506         0.081 / 1.506       ms
[180.118s][info][gc,stats    ]    Subphase: Concurrent Roots CodeCache                    0.000 / 0.000         0.000 / 0.000         0.000 / 0.000         0.000 / 0.000       ms
[180.118s][info][gc,stats    ]    Subphase: Concurrent Roots JavaThreads                  0.264 / 0.528         0.765 / 9.683         0.765 / 9.683         0.765 / 9.683       ms
[180.118s][info][gc,stats    ]    Subphase: Concurrent Roots OopStorageSet                0.016 / 0.058         0.098 / 1.312         0.098 / 1.312         0.098 / 1.312       ms
[180.118s][info][gc,stats    ]    Subphase: Concurrent Weak Roots OopStorageSet           8.511 / 11.966        6.638 / 12.996        6.638 / 12.996        6.638 / 12.996      ms
[180.118s][info][gc,stats    ]    Subphase: Pause Mark Try Complete                       0.000 / 0.000         0.002 / 0.004         0.002 / 0.004         0.002 / 0.004       ms
[180.118s][info][gc,stats    ]      System: Java Threads                                     49 / 60               45 / 62               45 / 62               45 / 62          threads
[180.118s][info][gc,stats    ] =========================================================================================================================================================
[180.716s][info][gc,start    ] GC(56) Garbage Collection (Proactive)
[180.716s][info][gc,task     ] GC(56) Using 12 workers
[180.716s][info][gc,phases   ] GC(56) Pause Mark Start 0.011ms
[180.724s][info][gc,phases   ] GC(56) Concurrent Mark 8.351ms
[180.725s][info][gc,phases   ] GC(56) Pause Mark End 0.017ms
[180.725s][info][gc,phases   ] GC(56) Concurrent Mark Free 0.001ms
[180.734s][info][gc,phases   ] GC(56) Concurrent Process Non-Strong References 9.439ms
[180.734s][info][gc,phases   ] GC(56) Concurrent Reset Relocation Set 0.021ms
[180.739s][info][gc,phases   ] GC(56) Concurrent Select Relocation Set 4.958ms
[180.739s][info][gc,phases   ] GC(56) Pause Relocate Start 0.006ms
[180.742s][info][gc,phases   ] GC(56) Concurrent Relocate 2.582ms
[180.742s][info][gc,load     ] GC(56) Load: 0.00/0.00/0.00
[180.742s][info][gc,mmu      ] GC(56) MMU: 2ms/96.7%, 5ms/98.7%, 10ms/99.3%, 20ms/99.6%, 50ms/99.8%, 100ms/99.9%
[180.742s][info][gc,marking  ] GC(56) Mark: 8 stripe(s), 3 proactive flush(es), 1 terminate flush(es), 0 completion(s), 0 continuation(s) 
[180.742s][info][gc,marking  ] GC(56) Mark Stack Usage: 32M
[180.742s][info][gc,nmethod  ] GC(56) NMethods: 2305 registered, 16 unregistered
[180.742s][info][gc,metaspace] GC(56) Metaspace: 13M used, 14M committed, 1088M reserved
[180.742s][info][gc,ref      ] GC(56) Soft: 211 encountered, 0 discovered, 0 enqueued
[180.742s][info][gc,ref      ] GC(56) Weak: 723 encountered, 244 discovered, 0 enqueued
[180.742s][info][gc,ref      ] GC(56) Final: 0 encountered, 0 discovered, 0 enqueued
[180.742s][info][gc,ref      ] GC(56) Phantom: 59 encountered, 36 discovered, 0 enqueued
[180.742s][info][gc,reloc    ] GC(56) Small Pages: 2209 / 4418M, Empty: 4120M, Relocated: 6M, In-Place: 0
[180.742s][info][gc,reloc    ] GC(56) Medium Pages: 0 / 0M, Empty: 0M, Relocated: 0M, In-Place: 0
[180.742s][info][gc,reloc    ] GC(56) Large Pages: 0 / 0M, Empty: 0M, Relocated: 0M, In-Place: 0
[180.742s][info][gc,reloc    ] GC(56) Forwarding Usage: 1M
[180.742s][info][gc,heap     ] GC(56) Min Capacity: 8M(0%)
[180.742s][info][gc,heap     ] GC(56) Max Capacity: 30718M(100%)
[180.742s][info][gc,heap     ] GC(56) Soft Max Capacity: 30718M(100%)
[180.742s][info][gc,heap     ] GC(56)                Mark Start          Mark End        Relocate Start      Relocate End           High               Low         
[180.742s][info][gc,heap     ] GC(56)  Capacity:    19472M (63%)       19472M (63%)       19472M (63%)       19472M (63%)       19472M (63%)       19472M (63%)    
[180.742s][info][gc,heap     ] GC(56)      Free:    26300M (86%)       26216M (85%)       30330M (99%)       30598M (100%)      30598M (100%)      26210M (85%)    
[180.742s][info][gc,heap     ] GC(56)      Used:     4418M (14%)        4502M (15%)         388M (1%)          120M (0%)         4508M (15%)         120M (0%)     
[180.742s][info][gc,heap     ] GC(56)      Live:         -                 9M (0%)            9M (0%)            9M (0%)             -                  -          
[180.742s][info][gc,heap     ] GC(56) Allocated:         -                84M (0%)           90M (0%)           91M (0%)             -                  -          
[180.742s][info][gc,heap     ] GC(56)   Garbage:         -              4408M (14%)         288M (1%)           18M (0%)             -                  -          
[180.742s][info][gc,heap     ] GC(56) Reclaimed:         -                  -              4120M (13%)        4389M (14%)            -                  -          
[180.742s][info][gc          ] GC(56) Garbage Collection (Proactive) 4418M(14%)->120M(0%)
[182.616s][info][gc,start    ] GC(57) Garbage Collection (Proactive)
[182.616s][info][gc,task     ] GC(57) Using 12 workers
[182.616s][info][gc,phases   ] GC(57) Pause Mark Start 0.011ms
[182.629s][info][gc,phases   ] GC(57) Concurrent Mark 13.245ms
[182.629s][info][gc,phases   ] GC(57) Pause Mark End 0.020ms
[182.630s][info][gc,phases   ] GC(57) Concurrent Mark Free 0.001ms
[182.638s][info][gc,phases   ] GC(57) Concurrent Process Non-Strong References 8.157ms
[182.638s][info][gc,phases   ] GC(57) Concurrent Reset Relocation Set 0.022ms
[182.647s][info][gc,phases   ] GC(57) Concurrent Select Relocation Set 8.979ms
[182.647s][info][gc,phases   ] GC(57) Pause Relocate Start 0.008ms
[182.650s][info][gc,phases   ] GC(57) Concurrent Relocate 2.735ms
[182.650s][info][gc,load     ] GC(57) Load: 0.00/0.00/0.00
[182.650s][info][gc,mmu      ] GC(57) MMU: 2ms/96.7%, 5ms/98.7%, 10ms/99.3%, 20ms/99.6%, 50ms/99.8%, 100ms/99.9%
[182.650s][info][gc,marking  ] GC(57) Mark: 8 stripe(s), 5 proactive flush(es), 1 terminate flush(es), 0 completion(s), 0 continuation(s) 
[182.650s][info][gc,marking  ] GC(57) Mark Stack Usage: 32M
[182.650s][info][gc,nmethod  ] GC(57) NMethods: 2305 registered, 16 unregistered
[182.650s][info][gc,metaspace] GC(57) Metaspace: 13M used, 14M committed, 1088M reserved
[182.650s][info][gc,ref      ] GC(57) Soft: 211 encountered, 0 discovered, 0 enqueued
[182.650s][info][gc,ref      ] GC(57) Weak: 723 encountered, 177 discovered, 0 enqueued
[182.650s][info][gc,ref      ] GC(57) Final: 0 encountered, 0 discovered, 0 enqueued
[182.650s][info][gc,ref      ] GC(57) Phantom: 59 encountered, 30 discovered, 0 enqueued
[182.650s][info][gc,reloc    ] GC(57) Small Pages: 1719 / 3438M, Empty: 3228M, Relocated: 8M, In-Place: 0
[182.650s][info][gc,reloc    ] GC(57) Medium Pages: 0 / 0M, Empty: 0M, Relocated: 0M, In-Place: 0
[182.650s][info][gc,reloc    ] GC(57) Large Pages: 0 / 0M, Empty: 0M, Relocated: 0M, In-Place: 0
[182.650s][info][gc,reloc    ] GC(57) Forwarding Usage: 1M
[182.650s][info][gc,heap     ] GC(57) Min Capacity: 8M(0%)
[182.650s][info][gc,heap     ] GC(57) Max Capacity: 30718M(100%)
[182.650s][info][gc,heap     ] GC(57) Soft Max Capacity: 30718M(100%)
[182.650s][info][gc,heap     ] GC(57)                Mark Start          Mark End        Relocate Start      Relocate End           High               Low         
[182.650s][info][gc,heap     ] GC(57)  Capacity:    19472M (63%)       19472M (63%)       19472M (63%)       19472M (63%)       19472M (63%)       19472M (63%)    
[182.650s][info][gc,heap     ] GC(57)      Free:    27280M (89%)       27192M (89%)       30414M (99%)       30592M (100%)      30592M (100%)      27186M (89%)    
[182.650s][info][gc,heap     ] GC(57)      Used:     3438M (11%)        3526M (11%)         304M (1%)          126M (0%)         3532M (11%)         126M (0%)     
[182.650s][info][gc,heap     ] GC(57)      Live:         -                 9M (0%)            9M (0%)            9M (0%)             -                  -          
[182.650s][info][gc,heap     ] GC(57) Allocated:         -                88M (0%)           94M (0%)           98M (0%)             -                  -          
[182.650s][info][gc,heap     ] GC(57)   Garbage:         -              3428M (11%)         200M (1%)           17M (0%)             -                  -          
[182.650s][info][gc,heap     ] GC(57) Reclaimed:         -                  -              3228M (11%)        3410M (11%)            -                  -          
[182.650s][info][gc          ] GC(57) Garbage Collection (Proactive) 3438M(11%)->126M(0%)
[184.816s][info][gc,start    ] GC(58) Garbage Collection (Proactive)
[184.816s][info][gc,task     ] GC(58) Using 12 workers
[184.816s][info][gc,phases   ] GC(58) Pause Mark Start 0.014ms
[184.828s][info][gc,phases   ] GC(58) Concurrent Mark 11.267ms
[184.828s][info][gc,phases   ] GC(58) Pause Mark End 0.016ms
[184.828s][info][gc,phases   ] GC(58) Concurrent Mark Free 0.001ms
[184.836s][info][gc,phases   ] GC(58) Concurrent Process Non-Strong References 8.234ms
[184.836s][info][gc,phases   ] GC(58) Concurrent Reset Relocation Set 0.015ms
[184.842s][info][gc,phases   ] GC(58) Concurrent Select Relocation Set 5.347ms
[184.842s][info][gc,phases   ] GC(58) Pause Relocate Start 0.006ms
[184.843s][info][gc,phases   ] GC(58) Concurrent Relocate 1.386ms
[184.843s][info][gc,load     ] GC(58) Load: 0.00/0.00/0.00
[184.843s][info][gc,mmu      ] GC(58) MMU: 2ms/96.7%, 5ms/98.7%, 10ms/99.3%, 20ms/99.6%, 50ms/99.8%, 100ms/99.9%
[184.844s][info][gc,marking  ] GC(58) Mark: 8 stripe(s), 2 proactive flush(es), 1 terminate flush(es), 0 completion(s), 0 continuation(s) 
[184.844s][info][gc,marking  ] GC(58) Mark Stack Usage: 32M
[184.844s][info][gc,nmethod  ] GC(58) NMethods: 2305 registered, 16 unregistered
[184.844s][info][gc,metaspace] GC(58) Metaspace: 13M used, 14M committed, 1088M reserved
[184.844s][info][gc,ref      ] GC(58) Soft: 211 encountered, 0 discovered, 0 enqueued
[184.844s][info][gc,ref      ] GC(58) Weak: 723 encountered, 302 discovered, 0 enqueued
[184.844s][info][gc,ref      ] GC(58) Final: 0 encountered, 0 discovered, 0 enqueued
[184.844s][info][gc,ref      ] GC(58) Phantom: 59 encountered, 47 discovered, 0 enqueued
[184.844s][info][gc,reloc    ] GC(58) Small Pages: 2142 / 4284M, Empty: 3972M, Relocated: 5M, In-Place: 0
[184.844s][info][gc,reloc    ] GC(58) Medium Pages: 0 / 0M, Empty: 0M, Relocated: 0M, In-Place: 0
[184.844s][info][gc,reloc    ] GC(58) Large Pages: 0 / 0M, Empty: 0M, Relocated: 0M, In-Place: 0
[184.844s][info][gc,reloc    ] GC(58) Forwarding Usage: 0M
[184.844s][info][gc,heap     ] GC(58) Min Capacity: 8M(0%)
[184.844s][info][gc,heap     ] GC(58) Max Capacity: 30718M(100%)
[184.844s][info][gc,heap     ] GC(58) Soft Max Capacity: 30718M(100%)
[184.844s][info][gc,heap     ] GC(58)                Mark Start          Mark End        Relocate Start      Relocate End           High               Low         
[184.844s][info][gc,heap     ] GC(58)  Capacity:    19472M (63%)       19472M (63%)       19472M (63%)       19472M (63%)       19472M (63%)       19472M (63%)    
[184.844s][info][gc,heap     ] GC(58)      Free:    26434M (86%)       26350M (86%)       30314M (99%)       30590M (100%)      30590M (100%)      26344M (86%)    
[184.844s][info][gc,heap     ] GC(58)      Used:     4284M (14%)        4368M (14%)         404M (1%)          128M (0%)         4374M (14%)         128M (0%)     
[184.844s][info][gc,heap     ] GC(58)      Live:         -                10M (0%)           10M (0%)           10M (0%)             -                  -          
[184.844s][info][gc,heap     ] GC(58) Allocated:         -                84M (0%)           92M (0%)           94M (0%)             -                  -          
[184.844s][info][gc,heap     ] GC(58)   Garbage:         -              4273M (14%)         301M (1%)           23M (0%)             -                  -          
[184.844s][info][gc,heap     ] GC(58) Reclaimed:         -                  -              3972M (13%)        4250M (14%)            -                  -          
[184.844s][info][gc          ] GC(58) Garbage Collection (Proactive) 4284M(14%)->128M(0%)
[186.549s][info][gc,start    ] GC(59) Garbage Collection (System.gc())
[186.549s][info][gc,task     ] GC(59) Using 12 workers
[186.549s][info][gc,phases   ] GC(59) Pause Mark Start 0.017ms
[186.562s][info][gc,phases   ] GC(59) Concurrent Mark 13.456ms
[186.563s][info][gc,phases   ] GC(59) Pause Mark End 0.018ms
[186.563s][info][gc,phases   ] GC(59) Concurrent Mark Free 0.001ms
[186.575s][info][gc,phases   ] GC(59) Concurrent Process Non-Strong References 11.906ms
[186.575s][info][gc,phases   ] GC(59) Concurrent Reset Relocation Set 0.014ms
[186.579s][info][gc,phases   ] GC(59) Concurrent Select Relocation Set 4.101ms
[186.579s][info][gc,phases   ] GC(59) Pause Relocate Start 0.007ms
[186.581s][info][gc,phases   ] GC(59) Concurrent Relocate 1.948ms
[186.581s][info][gc,load     ] GC(59) Load: 0.00/0.00/0.00
[186.581s][info][gc,mmu      ] GC(59) MMU: 2ms/96.7%, 5ms/98.7%, 10ms/99.3%, 20ms/99.6%, 50ms/99.8%, 100ms/99.9%
[186.581s][info][gc,marking  ] GC(59) Mark: 8 stripe(s), 4 proactive flush(es), 1 terminate flush(es), 0 completion(s), 0 continuation(s) 
[186.581s][info][gc,marking  ] GC(59) Mark Stack Usage: 32M
[186.581s][info][gc,nmethod  ] GC(59) NMethods: 2305 registered, 16 unregistered
[186.581s][info][gc,metaspace] GC(59) Metaspace: 13M used, 14M committed, 1088M reserved
[186.581s][info][gc,ref      ] GC(59) Soft: 211 encountered, 0 discovered, 0 enqueued
[186.581s][info][gc,ref      ] GC(59) Weak: 623 encountered, 102 discovered, 0 enqueued
[186.581s][info][gc,ref      ] GC(59) Final: 0 encountered, 0 discovered, 0 enqueued
[186.581s][info][gc,ref      ] GC(59) Phantom: 59 encountered, 56 discovered, 0 enqueued
[186.581s][info][gc,reloc    ] GC(59) Small Pages: 1678 / 3356M, Empty: 3274M, Relocated: 4M, In-Place: 0
[186.581s][info][gc,reloc    ] GC(59) Medium Pages: 0 / 0M, Empty: 0M, Relocated: 0M, In-Place: 0
[186.581s][info][gc,reloc    ] GC(59) Large Pages: 0 / 0M, Empty: 0M, Relocated: 0M, In-Place: 0
[186.581s][info][gc,reloc    ] GC(59) Forwarding Usage: 1M
[186.581s][info][gc,heap     ] GC(59) Min Capacity: 8M(0%)
[186.581s][info][gc,heap     ] GC(59) Max Capacity: 30718M(100%)
[186.581s][info][gc,heap     ] GC(59) Soft Max Capacity: 30718M(100%)
[186.581s][info][gc,heap     ] GC(59)                Mark Start          Mark End        Relocate Start      Relocate End           High               Low         
[186.581s][info][gc,heap     ] GC(59)  Capacity:    19472M (63%)       19472M (63%)       19472M (63%)       19472M (63%)       19472M (63%)       19472M (63%)    
[186.581s][info][gc,heap     ] GC(59)      Free:    27362M (89%)       27362M (89%)       30636M (100%)      30692M (100%)      30692M (100%)      27362M (89%)    
[186.581s][info][gc,heap     ] GC(59)      Used:     3356M (11%)        3356M (11%)          82M (0%)           26M (0%)         3356M (11%)          26M (0%)     
[186.581s][info][gc,heap     ] GC(59)      Live:         -                 6M (0%)            6M (0%)            6M (0%)             -                  -          
[186.581s][info][gc,heap     ] GC(59) Allocated:         -                 0M (0%)            0M (0%)            0M (0%)             -                  -          
[186.581s][info][gc,heap     ] GC(59)   Garbage:         -              3349M (11%)          75M (0%)           19M (0%)             -                  -          
[186.581s][info][gc,heap     ] GC(59) Reclaimed:         -                  -              3274M (11%)        3330M (11%)            -                  -          
[186.581s][info][gc          ] GC(59) Garbage Collection (System.gc()) 3356M(11%)->26M(0%)
[188.816s][info][gc,start    ] GC(60) Garbage Collection (Proactive)
[188.816s][info][gc,task     ] GC(60) Using 12 workers
[188.816s][info][gc,phases   ] GC(60) Pause Mark Start 0.013ms
[188.823s][info][gc,phases   ] GC(60) Concurrent Mark 6.671ms
[188.823s][info][gc,phases   ] GC(60) Pause Mark End 0.018ms
[188.823s][info][gc,phases   ] GC(60) Concurrent Mark Free 0.001ms
[188.832s][info][gc,phases   ] GC(60) Concurrent Process Non-Strong References 8.685ms
[188.832s][info][gc,phases   ] GC(60) Concurrent Reset Relocation Set 0.005ms
[188.836s][info][gc,phases   ] GC(60) Concurrent Select Relocation Set 3.811ms
[188.836s][info][gc,phases   ] GC(60) Pause Relocate Start 0.007ms
[188.839s][info][gc,phases   ] GC(60) Concurrent Relocate 3.040ms
[188.839s][info][gc,load     ] GC(60) Load: 0.00/0.00/0.00
[188.839s][info][gc,mmu      ] GC(60) MMU: 2ms/96.7%, 5ms/98.7%, 10ms/99.3%, 20ms/99.6%, 50ms/99.8%, 100ms/99.9%
[188.839s][info][gc,marking  ] GC(60) Mark: 8 stripe(s), 2 proactive flush(es), 1 terminate flush(es), 0 completion(s), 0 continuation(s) 
[188.839s][info][gc,marking  ] GC(60) Mark Stack Usage: 32M
[188.839s][info][gc,nmethod  ] GC(60) NMethods: 2305 registered, 16 unregistered
[188.839s][info][gc,metaspace] GC(60) Metaspace: 13M used, 14M committed, 1088M reserved
[188.839s][info][gc,ref      ] GC(60) Soft: 211 encountered, 0 discovered, 0 enqueued
[188.839s][info][gc,ref      ] GC(60) Weak: 729 encountered, 221 discovered, 2 enqueued
[188.839s][info][gc,ref      ] GC(60) Final: 0 encountered, 0 discovered, 0 enqueued
[188.839s][info][gc,ref      ] GC(60) Phantom: 59 encountered, 33 discovered, 0 enqueued
[188.839s][info][gc,reloc    ] GC(60) Small Pages: 2053 / 4106M, Empty: 3804M, Relocated: 5M, In-Place: 0
[188.839s][info][gc,reloc    ] GC(60) Medium Pages: 0 / 0M, Empty: 0M, Relocated: 0M, In-Place: 0
[188.839s][info][gc,reloc    ] GC(60) Large Pages: 0 / 0M, Empty: 0M, Relocated: 0M, In-Place: 0
[188.839s][info][gc,reloc    ] GC(60) Forwarding Usage: 1M
[188.839s][info][gc,heap     ] GC(60) Min Capacity: 8M(0%)
[188.839s][info][gc,heap     ] GC(60) Max Capacity: 30718M(100%)
[188.840s][info][gc,heap     ] GC(60) Soft Max Capacity: 30718M(100%)
[188.840s][info][gc,heap     ] GC(60)                Mark Start          Mark End        Relocate Start      Relocate End           High               Low         
[188.840s][info][gc,heap     ] GC(60)  Capacity:    19472M (63%)       19472M (63%)       19472M (63%)       19472M (63%)       19472M (63%)       19472M (63%)    
[188.840s][info][gc,heap     ] GC(60)      Free:    26612M (87%)       26532M (86%)       30326M (99%)       30596M (100%)      30596M (100%)      26526M (86%)    
[188.840s][info][gc,heap     ] GC(60)      Used:     4106M (13%)        4186M (14%)         392M (1%)          122M (0%)         4192M (14%)         122M (0%)     
[188.840s][info][gc,heap     ] GC(60)      Live:         -                 8M (0%)            8M (0%)            8M (0%)             -                  -          
[188.840s][info][gc,heap     ] GC(60) Allocated:         -                80M (0%)           90M (0%)           90M (0%)             -                  -          
[188.840s][info][gc,heap     ] GC(60)   Garbage:         -              4097M (13%)         293M (1%)           22M (0%)             -                  -          
[188.840s][info][gc,heap     ] GC(60) Reclaimed:         -                  -              3804M (12%)        4074M (13%)            -                  -          
[188.840s][info][gc          ] GC(60) Garbage Collection (Proactive) 4106M(13%)->122M(0%)
[190.116s][info][gc,stats    ] === Garbage Collection Statistics =======================================================================================================================
[190.116s][info][gc,stats    ]                                                              Last 10s              Last 10m              Last 10h                Total
[190.116s][info][gc,stats    ]                                                              Avg / Max             Avg / Max             Avg / Max             Avg / Max
[190.116s][info][gc,stats    ]   Collector: Garbage Collection Cycle                     28.642 / 34.195       39.958 / 159.419      39.958 / 159.419      39.958 / 159.419     ms
[190.116s][info][gc,stats    ]  Contention: Mark Segment Reset Contention                     1 / 7                 1 / 26                1 / 26                1 / 26          ops/s
[190.116s][info][gc,stats    ]  Contention: Mark SeqNum Reset Contention                      1 / 3                 0 / 3                 0 / 3                 0 / 3           ops/s
[190.116s][info][gc,stats    ]    Critical: Allocation Stall                                  0 / 0                 0 / 0                 0 / 0                 0 / 0           ops/s
[190.116s][info][gc,stats    ]    Critical: Allocation Stall                              0.000 / 0.000         0.000 / 0.000         0.000 / 0.000         0.000 / 0.000       ms
[190.116s][info][gc,stats    ]    Critical: GC Locker Stall                                   0 / 0                 0 / 0                 0 / 0                 0 / 0           ops/s
[190.116s][info][gc,stats    ]    Critical: GC Locker Stall                               0.000 / 0.000         0.000 / 0.000         0.000 / 0.000         0.000 / 0.000       ms
[190.116s][info][gc,stats    ]    Critical: Relocation Stall                                  0 / 0                 0 / 0                 0 / 0                 0 / 0           ops/s
[190.116s][info][gc,stats    ]    Critical: Relocation Stall                              0.000 / 0.000         0.000 / 0.000         0.000 / 0.000         0.000 / 0.000       ms
[190.116s][info][gc,stats    ]      Memory: Allocation Rate                                1871 / 1940           1827 / 2304           1827 / 2304           1827 / 2304        MB/s
[190.116s][info][gc,stats    ]      Memory: Defragment                                        0 / 0                 0 / 0                 0 / 0                 0 / 0           ops/s
[190.116s][info][gc,stats    ]      Memory: Out Of Memory                                     0 / 0                 0 / 0                 0 / 0                 0 / 0           ops/s
[190.116s][info][gc,stats    ]      Memory: Page Cache Flush                                  0 / 0                 0 / 0                 0 / 0                 0 / 0           MB/s
[190.116s][info][gc,stats    ]      Memory: Page Cache Hit L1                               941 / 982             866 / 1152            866 / 1152            866 / 1152        ops/s
[190.116s][info][gc,stats    ]      Memory: Page Cache Hit L2                                 0 / 0                 0 / 0                 0 / 0                 0 / 0           ops/s
[190.116s][info][gc,stats    ]      Memory: Page Cache Hit L3                                 0 / 0                 5 / 613               5 / 613               5 / 613         ops/s
[190.116s][info][gc,stats    ]      Memory: Page Cache Miss                                   0 / 0                45 / 740              45 / 740              45 / 740         ops/s
[190.116s][info][gc,stats    ]      Memory: Uncommit                                          0 / 0                 0 / 0                 0 / 0                 0 / 0           MB/s
[190.116s][info][gc,stats    ]      Memory: Undo Object Allocation Failed                     0 / 2                 0 / 2                 0 / 2                 0 / 2           ops/s
[190.116s][info][gc,stats    ]      Memory: Undo Object Allocation Succeeded                 14 / 62                8 / 68                8 / 68                8 / 68          ops/s
[190.116s][info][gc,stats    ]      Memory: Undo Page Allocation                              0 / 1                 1 / 25                1 / 25                1 / 25          ops/s
[190.116s][info][gc,stats    ]       Phase: Concurrent Mark                              10.598 / 13.456       16.871 / 55.621       16.871 / 55.621       16.871 / 55.621      ms
[190.116s][info][gc,stats    ]       Phase: Concurrent Mark Continue                      0.000 / 0.000         0.000 / 0.000         0.000 / 0.000         0.000 / 0.000       ms
[190.116s][info][gc,stats    ]       Phase: Concurrent Mark Free                          0.001 / 0.001         0.001 / 0.002         0.001 / 0.002         0.001 / 0.002       ms
[190.116s][info][gc,stats    ]       Phase: Concurrent Process Non-Strong References      9.284 / 11.906        8.354 / 43.378        8.354 / 43.378        8.354 / 43.378      ms
[190.116s][info][gc,stats    ]       Phase: Concurrent Relocate                           2.338 / 3.040         3.055 / 4.517         3.055 / 4.517         3.055 / 4.517       ms
[190.116s][info][gc,stats    ]       Phase: Concurrent Reset Relocation Set               0.015 / 0.022         0.017 / 0.048         0.017 / 0.048         0.017 / 0.048       ms
[190.116s][info][gc,stats    ]       Phase: Concurrent Select Relocation Set              5.439 / 8.979         6.467 / 17.171        6.467 / 17.171        6.467 / 17.171      ms
[190.116s][info][gc,stats    ]       Phase: Pause Mark End                                0.018 / 0.020         0.020 / 0.065         0.020 / 0.065         0.020 / 0.065       ms
[190.116s][info][gc,stats    ]       Phase: Pause Mark Start                              0.013 / 0.017         0.013 / 0.020         0.013 / 0.020         0.013 / 0.020       ms
[190.116s][info][gc,stats    ]       Phase: Pause Relocate Start                          0.007 / 0.008         0.007 / 0.021         0.007 / 0.021         0.007 / 0.021       ms
[190.116s][info][gc,stats    ]    Subphase: Concurrent Classes Purge                      0.005 / 0.007         0.153 / 7.344         0.153 / 7.344         0.153 / 7.344       ms
[190.116s][info][gc,stats    ]    Subphase: Concurrent Classes Unlink                     0.573 / 0.632         0.700 / 8.444         0.700 / 8.444         0.700 / 8.444       ms
[190.116s][info][gc,stats    ]    Subphase: Concurrent Mark                               9.589 / 12.627       14.880 / 53.263       14.880 / 53.263       14.880 / 53.263      ms
[190.116s][info][gc,stats    ]    Subphase: Concurrent Mark Try Flush                     0.089 / 0.171         0.704 / 30.022        0.704 / 30.022        0.704 / 30.022      ms
[190.116s][info][gc,stats    ]    Subphase: Concurrent Mark Try Terminate                 1.985 / 11.076        2.204 / 15.149        2.204 / 15.149        2.204 / 15.149      ms
[190.116s][info][gc,stats    ]    Subphase: Concurrent References Enqueue                 0.001 / 0.005         0.001 / 0.005         0.001 / 0.005         0.001 / 0.005       ms
[190.116s][info][gc,stats    ]    Subphase: Concurrent References Process                 0.053 / 0.064         0.049 / 0.080         0.049 / 0.080         0.049 / 0.080       ms
[190.116s][info][gc,stats    ]    Subphase: Concurrent Roots ClassLoaderDataGraph         0.054 / 0.550         0.079 / 1.506         0.079 / 1.506         0.079 / 1.506       ms
[190.116s][info][gc,stats    ]    Subphase: Concurrent Roots CodeCache                    0.000 / 0.000         0.000 / 0.000         0.000 / 0.000         0.000 / 0.000       ms
[190.116s][info][gc,stats    ]    Subphase: Concurrent Roots JavaThreads                  0.324 / 0.738         0.728 / 9.683         0.728 / 9.683         0.728 / 9.683       ms
[190.116s][info][gc,stats    ]    Subphase: Concurrent Roots OopStorageSet                0.030 / 0.196         0.093 / 1.312         0.093 / 1.312         0.093 / 1.312       ms
[190.116s][info][gc,stats    ]    Subphase: Concurrent Weak Roots OopStorageSet           8.502 / 11.303        6.791 / 12.996        6.791 / 12.996        6.791 / 12.996      ms
[190.116s][info][gc,stats    ]    Subphase: Pause Mark Try Complete                       0.000 / 0.000         0.002 / 0.004         0.002 / 0.004         0.002 / 0.004       ms
[190.116s][info][gc,stats    ]      System: Java Threads                                     50 / 60               46 / 62               46 / 62               46 / 62          threads
[190.116s][info][gc,stats    ] =========================================================================================================================================================
[190.916s][info][gc,start    ] GC(61) Garbage Collection (Proactive)
[190.916s][info][gc,task     ] GC(61) Using 12 workers
[190.916s][info][gc,phases   ] GC(61) Pause Mark Start 0.011ms
[190.923s][info][gc,phases   ] GC(61) Concurrent Mark 6.437ms
[190.923s][info][gc,phases   ] GC(61) Pause Mark End 0.017ms
[190.923s][info][gc,phases   ] GC(61) Concurrent Mark Free 0.001ms
[190.931s][info][gc,phases   ] GC(61) Concurrent Process Non-Strong References 7.629ms
[190.931s][info][gc,phases   ] GC(61) Concurrent Reset Relocation Set 0.021ms
[190.936s][info][gc,phases   ] GC(61) Concurrent Select Relocation Set 5.010ms
[190.936s][info][gc,phases   ] GC(61) Pause Relocate Start 0.007ms
[190.939s][info][gc,phases   ] GC(61) Concurrent Relocate 2.397ms
[190.939s][info][gc,load     ] GC(61) Load: 0.00/0.00/0.00
[190.939s][info][gc,mmu      ] GC(61) MMU: 2ms/96.7%, 5ms/98.7%, 10ms/99.3%, 20ms/99.6%, 50ms/99.8%, 100ms/99.9%
[190.939s][info][gc,marking  ] GC(61) Mark: 8 stripe(s), 2 proactive flush(es), 1 terminate flush(es), 0 completion(s), 0 continuation(s) 
[190.939s][info][gc,marking  ] GC(61) Mark Stack Usage: 32M
[190.939s][info][gc,nmethod  ] GC(61) NMethods: 2305 registered, 16 unregistered
[190.939s][info][gc,metaspace] GC(61) Metaspace: 13M used, 14M committed, 1088M reserved
[190.939s][info][gc,ref      ] GC(61) Soft: 211 encountered, 0 discovered, 0 enqueued
[190.939s][info][gc,ref      ] GC(61) Weak: 727 encountered, 199 discovered, 0 enqueued
[190.939s][info][gc,ref      ] GC(61) Final: 0 encountered, 0 discovered, 0 enqueued
[190.939s][info][gc,ref      ] GC(61) Phantom: 59 encountered, 31 discovered, 0 enqueued
[190.939s][info][gc,reloc    ] GC(61) Small Pages: 1974 / 3948M, Empty: 3632M, Relocated: 6M, In-Place: 0
[190.939s][info][gc,reloc    ] GC(61) Medium Pages: 0 / 0M, Empty: 0M, Relocated: 0M, In-Place: 0
[190.939s][info][gc,reloc    ] GC(61) Large Pages: 0 / 0M, Empty: 0M, Relocated: 0M, In-Place: 0
[190.939s][info][gc,reloc    ] GC(61) Forwarding Usage: 1M
[190.939s][info][gc,heap     ] GC(61) Min Capacity: 8M(0%)
[190.939s][info][gc,heap     ] GC(61) Max Capacity: 30718M(100%)
[190.939s][info][gc,heap     ] GC(61) Soft Max Capacity: 30718M(100%)
[190.939s][info][gc,heap     ] GC(61)                Mark Start          Mark End        Relocate Start      Relocate End           High               Low         
[190.939s][info][gc,heap     ] GC(61)  Capacity:    19472M (63%)       19472M (63%)       19472M (63%)       19472M (63%)       19472M (63%)       19472M (63%)    
[190.939s][info][gc,heap     ] GC(61)      Free:    26770M (87%)       26688M (87%)       30316M (99%)       30598M (100%)      30598M (100%)      26684M (87%)    
[190.939s][info][gc,heap     ] GC(61)      Used:     3948M (13%)        4030M (13%)         402M (1%)          120M (0%)         4034M (13%)         120M (0%)     
[190.939s][info][gc,heap     ] GC(61)      Live:         -                 9M (0%)            9M (0%)            9M (0%)             -                  -          
[190.939s][info][gc,heap     ] GC(61) Allocated:         -                82M (0%)           86M (0%)           90M (0%)             -                  -          
[190.939s][info][gc,heap     ] GC(61)   Garbage:         -              3938M (13%)         306M (1%)           20M (0%)             -                  -          
[190.939s][info][gc,heap     ] GC(61) Reclaimed:         -                  -              3632M (12%)        3918M (13%)            -                  -          
[190.939s][info][gc          ] GC(61) Garbage Collection (Proactive) 3948M(13%)->120M(0%)
[192.716s][info][gc,start    ] GC(62) Garbage Collection (Proactive)
[192.716s][info][gc,task     ] GC(62) Using 12 workers
[192.716s][info][gc,phases   ] GC(62) Pause Mark Start 0.011ms
[192.726s][info][gc,phases   ] GC(62) Concurrent Mark 9.571ms
[192.726s][info][gc,phases   ] GC(62) Pause Mark End 0.018ms
[192.726s][info][gc,phases   ] GC(62) Concurrent Mark Free 0.001ms
[192.735s][info][gc,phases   ] GC(62) Concurrent Process Non-Strong References 9.135ms
[192.735s][info][gc,phases   ] GC(62) Concurrent Reset Relocation Set 0.020ms
[192.739s][info][gc,phases   ] GC(62) Concurrent Select Relocation Set 3.656ms
[192.739s][info][gc,phases   ] GC(62) Pause Relocate Start 0.007ms
[192.744s][info][gc,phases   ] GC(62) Concurrent Relocate 4.292ms
[192.744s][info][gc,load     ] GC(62) Load: 0.00/0.00/0.00
[192.744s][info][gc,mmu      ] GC(62) MMU: 2ms/96.7%, 5ms/98.7%, 10ms/99.3%, 20ms/99.6%, 50ms/99.8%, 100ms/99.9%
[192.744s][info][gc,marking  ] GC(62) Mark: 8 stripe(s), 4 proactive flush(es), 1 terminate flush(es), 0 completion(s), 0 continuation(s) 
[192.744s][info][gc,marking  ] GC(62) Mark Stack Usage: 32M
[192.744s][info][gc,nmethod  ] GC(62) NMethods: 2305 registered, 16 unregistered
[192.744s][info][gc,metaspace] GC(62) Metaspace: 13M used, 14M committed, 1088M reserved
[192.744s][info][gc,ref      ] GC(62) Soft: 211 encountered, 0 discovered, 0 enqueued
[192.744s][info][gc,ref      ] GC(62) Weak: 727 encountered, 234 discovered, 0 enqueued
[192.744s][info][gc,ref      ] GC(62) Final: 0 encountered, 0 discovered, 0 enqueued
[192.744s][info][gc,ref      ] GC(62) Phantom: 59 encountered, 47 discovered, 0 enqueued
[192.744s][info][gc,reloc    ] GC(62) Small Pages: 1649 / 3298M, Empty: 2998M, Relocated: 6M, In-Place: 0
[192.744s][info][gc,reloc    ] GC(62) Medium Pages: 0 / 0M, Empty: 0M, Relocated: 0M, In-Place: 0
[192.744s][info][gc,reloc    ] GC(62) Large Pages: 0 / 0M, Empty: 0M, Relocated: 0M, In-Place: 0
[192.744s][info][gc,reloc    ] GC(62) Forwarding Usage: 1M
[192.744s][info][gc,heap     ] GC(62) Min Capacity: 8M(0%)
[192.744s][info][gc,heap     ] GC(62) Max Capacity: 30718M(100%)
[192.744s][info][gc,heap     ] GC(62) Soft Max Capacity: 30718M(100%)
[192.744s][info][gc,heap     ] GC(62)                Mark Start          Mark End        Relocate Start      Relocate End           High               Low         
[192.744s][info][gc,heap     ] GC(62)  Capacity:    19472M (63%)       19472M (63%)       19472M (63%)       19472M (63%)       19472M (63%)       19472M (63%)    
[192.744s][info][gc,heap     ] GC(62)      Free:    27420M (89%)       27334M (89%)       30324M (99%)       30596M (100%)      30596M (100%)      27326M (89%)    
[192.744s][info][gc,heap     ] GC(62)      Used:     3298M (11%)        3384M (11%)         394M (1%)          122M (0%)         3392M (11%)         122M (0%)     
[192.744s][info][gc,heap     ] GC(62)      Live:         -                 9M (0%)            9M (0%)            9M (0%)             -                  -          
[192.744s][info][gc,heap     ] GC(62) Allocated:         -                86M (0%)           94M (0%)           92M (0%)             -                  -          
[192.744s][info][gc,heap     ] GC(62)   Garbage:         -              3288M (11%)         290M (1%)           19M (0%)             -                  -          
[192.744s][info][gc,heap     ] GC(62) Reclaimed:         -                  -              2998M (10%)        3268M (11%)            -                  -          
[192.744s][info][gc          ] GC(62) Garbage Collection (Proactive) 3298M(11%)->122M(0%)
[194.617s][info][gc,start    ] GC(63) Garbage Collection (Proactive)
[194.617s][info][gc,task     ] GC(63) Using 12 workers
[194.617s][info][gc,phases   ] GC(63) Pause Mark Start 0.013ms
[194.623s][info][gc,phases   ] GC(63) Concurrent Mark 6.210ms
[194.623s][info][gc,phases   ] GC(63) Pause Mark End 0.016ms
[194.623s][info][gc,phases   ] GC(63) Concurrent Mark Free 0.001ms
[194.631s][info][gc,phases   ] GC(63) Concurrent Process Non-Strong References 7.104ms
[194.631s][info][gc,phases   ] GC(63) Concurrent Reset Relocation Set 0.017ms
[194.638s][info][gc,phases   ] GC(63) Concurrent Select Relocation Set 6.853ms
[194.638s][info][gc,phases   ] GC(63) Pause Relocate Start 0.006ms
[194.641s][info][gc,phases   ] GC(63) Concurrent Relocate 3.522ms
[194.641s][info][gc,load     ] GC(63) Load: 0.00/0.00/0.00
[194.641s][info][gc,mmu      ] GC(63) MMU: 2ms/96.7%, 5ms/98.7%, 10ms/99.3%, 20ms/99.6%, 50ms/99.8%, 100ms/99.9%
[194.641s][info][gc,marking  ] GC(63) Mark: 8 stripe(s), 3 proactive flush(es), 1 terminate flush(es), 0 completion(s), 0 continuation(s) 
[194.641s][info][gc,marking  ] GC(63) Mark Stack Usage: 32M
[194.641s][info][gc,nmethod  ] GC(63) NMethods: 2305 registered, 16 unregistered
[194.641s][info][gc,metaspace] GC(63) Metaspace: 13M used, 14M committed, 1088M reserved
[194.641s][info][gc,ref      ] GC(63) Soft: 211 encountered, 0 discovered, 0 enqueued
[194.641s][info][gc,ref      ] GC(63) Weak: 727 encountered, 227 discovered, 0 enqueued
[194.641s][info][gc,ref      ] GC(63) Final: 0 encountered, 0 discovered, 0 enqueued
[194.641s][info][gc,ref      ] GC(63) Phantom: 59 encountered, 55 discovered, 0 enqueued
[194.642s][info][gc,reloc    ] GC(63) Small Pages: 2094 / 4188M, Empty: 3892M, Relocated: 8M, In-Place: 0
[194.642s][info][gc,reloc    ] GC(63) Medium Pages: 0 / 0M, Empty: 0M, Relocated: 0M, In-Place: 0
[194.642s][info][gc,reloc    ] GC(63) Large Pages: 0 / 0M, Empty: 0M, Relocated: 0M, In-Place: 0
[194.642s][info][gc,reloc    ] GC(63) Forwarding Usage: 1M
[194.642s][info][gc,heap     ] GC(63) Min Capacity: 8M(0%)
[194.642s][info][gc,heap     ] GC(63) Max Capacity: 30718M(100%)
[194.642s][info][gc,heap     ] GC(63) Soft Max Capacity: 30718M(100%)
[194.642s][info][gc,heap     ] GC(63)                Mark Start          Mark End        Relocate Start      Relocate End           High               Low         
[194.642s][info][gc,heap     ] GC(63)  Capacity:    19472M (63%)       19472M (63%)       19472M (63%)       19472M (63%)       19472M (63%)       19472M (63%)    
[194.642s][info][gc,heap     ] GC(63)      Free:    26530M (86%)       26448M (86%)       30330M (99%)       30596M (100%)      30596M (100%)      26444M (86%)    
[194.642s][info][gc,heap     ] GC(63)      Used:     4188M (14%)        4270M (14%)         388M (1%)          122M (0%)         4274M (14%)         122M (0%)     
[194.642s][info][gc,heap     ] GC(63)      Live:         -                 9M (0%)            9M (0%)            9M (0%)             -                  -          
[194.642s][info][gc,heap     ] GC(63) Allocated:         -                82M (0%)           92M (0%)           94M (0%)             -                  -          
[194.642s][info][gc,heap     ] GC(63)   Garbage:         -              4178M (14%)         286M (1%)           17M (0%)             -                  -          
[194.642s][info][gc,heap     ] GC(63) Reclaimed:         -                  -              3892M (13%)        4160M (14%)            -                  -          
[194.642s][info][gc          ] GC(63) Garbage Collection (Proactive) 4188M(14%)->122M(0%)
[196.516s][info][gc,start    ] GC(64) Garbage Collection (Proactive)
[196.516s][info][gc,task     ] GC(64) Using 12 workers
[196.516s][info][gc,phases   ] GC(64) Pause Mark Start 0.012ms
[196.525s][info][gc,phases   ] GC(64) Concurrent Mark 8.351ms
[196.525s][info][gc,phases   ] GC(64) Pause Mark End 0.016ms
[196.525s][info][gc,phases   ] GC(64) Concurrent Mark Free 0.001ms
[196.534s][info][gc,phases   ] GC(64) Concurrent Process Non-Strong References 8.864ms
[196.534s][info][gc,phases   ] GC(64) Concurrent Reset Relocation Set 0.021ms
[196.539s][info][gc,phases   ] GC(64) Concurrent Select Relocation Set 4.764ms
[196.539s][info][gc,phases   ] GC(64) Pause Relocate Start 0.006ms
[196.543s][info][gc,phases   ] GC(64) Concurrent Relocate 3.710ms
[196.543s][info][gc,load     ] GC(64) Load: 0.00/0.00/0.00
[196.543s][info][gc,mmu      ] GC(64) MMU: 2ms/96.7%, 5ms/98.7%, 10ms/99.3%, 20ms/99.6%, 50ms/99.8%, 100ms/99.9%
[196.543s][info][gc,marking  ] GC(64) Mark: 8 stripe(s), 3 proactive flush(es), 1 terminate flush(es), 0 completion(s), 0 continuation(s) 
[196.543s][info][gc,marking  ] GC(64) Mark Stack Usage: 32M
[196.543s][info][gc,nmethod  ] GC(64) NMethods: 2305 registered, 16 unregistered
[196.543s][info][gc,metaspace] GC(64) Metaspace: 13M used, 14M committed, 1088M reserved
[196.543s][info][gc,ref      ] GC(64) Soft: 211 encountered, 0 discovered, 0 enqueued
[196.543s][info][gc,ref      ] GC(64) Weak: 727 encountered, 105 discovered, 0 enqueued
[196.543s][info][gc,ref      ] GC(64) Final: 0 encountered, 0 discovered, 0 enqueued
[196.543s][info][gc,ref      ] GC(64) Phantom: 59 encountered, 32 discovered, 0 enqueued
[196.543s][info][gc,reloc    ] GC(64) Small Pages: 1759 / 3518M, Empty: 3228M, Relocated: 8M, In-Place: 0
[196.543s][info][gc,reloc    ] GC(64) Medium Pages: 0 / 0M, Empty: 0M, Relocated: 0M, In-Place: 0
[196.543s][info][gc,reloc    ] GC(64) Large Pages: 0 / 0M, Empty: 0M, Relocated: 0M, In-Place: 0
[196.543s][info][gc,reloc    ] GC(64) Forwarding Usage: 1M
[196.543s][info][gc,heap     ] GC(64) Min Capacity: 8M(0%)
[196.543s][info][gc,heap     ] GC(64) Max Capacity: 30718M(100%)
[196.543s][info][gc,heap     ] GC(64) Soft Max Capacity: 30718M(100%)
[196.543s][info][gc,heap     ] GC(64)                Mark Start          Mark End        Relocate Start      Relocate End           High               Low         
[196.543s][info][gc,heap     ] GC(64)  Capacity:    19472M (63%)       19472M (63%)       19472M (63%)       19472M (63%)       19472M (63%)       19472M (63%)    
[196.543s][info][gc,heap     ] GC(64)      Free:    27200M (89%)       27116M (88%)       30336M (99%)       30594M (100%)      30594M (100%)      27108M (88%)    
[196.543s][info][gc,heap     ] GC(64)      Used:     3518M (11%)        3602M (12%)         382M (1%)          124M (0%)         3610M (12%)         124M (0%)     
[196.543s][info][gc,heap     ] GC(64)      Live:         -                10M (0%)           10M (0%)           10M (0%)             -                  -          
[196.543s][info][gc,heap     ] GC(64) Allocated:         -                84M (0%)           92M (0%)           96M (0%)             -                  -          
[196.543s][info][gc,heap     ] GC(64)   Garbage:         -              3507M (11%)         279M (1%)           17M (0%)             -                  -          
[196.543s][info][gc,heap     ] GC(64) Reclaimed:         -                  -              3228M (11%)        3490M (11%)            -                  -          
[196.543s][info][gc          ] GC(64) Garbage Collection (Proactive) 3518M(11%)->124M(0%)
[198.316s][info][gc,start    ] GC(65) Garbage Collection (Proactive)
[198.316s][info][gc,task     ] GC(65) Using 12 workers
[198.316s][info][gc,phases   ] GC(65) Pause Mark Start 0.013ms
[198.324s][info][gc,phases   ] GC(65) Concurrent Mark 7.445ms
[198.324s][info][gc,phases   ] GC(65) Pause Mark End 0.015ms
[198.324s][info][gc,phases   ] GC(65) Concurrent Mark Free 0.001ms
[198.336s][info][gc,phases   ] GC(65) Concurrent Process Non-Strong References 11.799ms
[198.336s][info][gc,phases   ] GC(65) Concurrent Reset Relocation Set 0.016ms
[198.340s][info][gc,phases   ] GC(65) Concurrent Select Relocation Set 4.228ms
[198.341s][info][gc,phases   ] GC(65) Pause Relocate Start 0.006ms
[198.343s][info][gc,phases   ] GC(65) Concurrent Relocate 2.674ms
[198.343s][info][gc,load     ] GC(65) Load: 0.00/0.00/0.00
[198.343s][info][gc,mmu      ] GC(65) MMU: 2ms/96.7%, 5ms/98.7%, 10ms/99.3%, 20ms/99.6%, 50ms/99.8%, 100ms/99.9%
[198.343s][info][gc,marking  ] GC(65) Mark: 8 stripe(s), 2 proactive flush(es), 1 terminate flush(es), 0 completion(s), 0 continuation(s) 
[198.343s][info][gc,marking  ] GC(65) Mark Stack Usage: 32M
[198.343s][info][gc,nmethod  ] GC(65) NMethods: 2305 registered, 16 unregistered
[198.343s][info][gc,metaspace] GC(65) Metaspace: 13M used, 14M committed, 1088M reserved
[198.343s][info][gc,ref      ] GC(65) Soft: 211 encountered, 0 discovered, 0 enqueued
[198.343s][info][gc,ref      ] GC(65) Weak: 685 encountered, 148 discovered, 0 enqueued
[198.343s][info][gc,ref      ] GC(65) Final: 0 encountered, 0 discovered, 0 enqueued
[198.343s][info][gc,ref      ] GC(65) Phantom: 59 encountered, 32 discovered, 0 enqueued
[198.343s][info][gc,reloc    ] GC(65) Small Pages: 1618 / 3236M, Empty: 2980M, Relocated: 6M, In-Place: 0
[198.343s][info][gc,reloc    ] GC(65) Medium Pages: 0 / 0M, Empty: 0M, Relocated: 0M, In-Place: 0
[198.343s][info][gc,reloc    ] GC(65) Large Pages: 0 / 0M, Empty: 0M, Relocated: 0M, In-Place: 0
[198.344s][info][gc,reloc    ] GC(65) Forwarding Usage: 1M
[198.344s][info][gc,heap     ] GC(65) Min Capacity: 8M(0%)
[198.344s][info][gc,heap     ] GC(65) Max Capacity: 30718M(100%)
[198.344s][info][gc,heap     ] GC(65) Soft Max Capacity: 30718M(100%)
[198.344s][info][gc,heap     ] GC(65)                Mark Start          Mark End        Relocate Start      Relocate End           High               Low         
[198.344s][info][gc,heap     ] GC(65)  Capacity:    19472M (63%)       19472M (63%)       19472M (63%)       19472M (63%)       19472M (63%)       19472M (63%)    
[198.344s][info][gc,heap     ] GC(65)      Free:    27482M (89%)       27426M (89%)       30394M (99%)       30608M (100%)      30608M (100%)      27422M (89%)    
[198.344s][info][gc,heap     ] GC(65)      Used:     3236M (11%)        3292M (11%)         324M (1%)          110M (0%)         3296M (11%)         110M (0%)     
[198.344s][info][gc,heap     ] GC(65)      Live:         -                 9M (0%)            9M (0%)            9M (0%)             -                  -          
[198.344s][info][gc,heap     ] GC(65) Allocated:         -                56M (0%)           68M (0%)           81M (0%)             -                  -          
[198.344s][info][gc,heap     ] GC(65)   Garbage:         -              3226M (11%)         246M (1%)           19M (0%)             -                  -          
[198.344s][info][gc,heap     ] GC(65) Reclaimed:         -                  -              2980M (10%)        3207M (10%)            -                  -          
[198.344s][info][gc          ] GC(65) Garbage Collection (Proactive) 3236M(11%)->110M(0%)
[198.480s][info][gc,start    ] GC(66) Garbage Collection (System.gc())
[198.480s][info][gc,task     ] GC(66) Using 12 workers
[198.480s][info][gc,phases   ] GC(66) Pause Mark Start 0.015ms
[198.494s][info][gc,phases   ] GC(66) Concurrent Mark 13.960ms
[198.494s][info][gc,phases   ] GC(66) Pause Mark End 0.016ms
[198.494s][info][gc,phases   ] GC(66) Concurrent Mark Free 0.001ms
[198.505s][info][gc,phases   ] GC(66) Concurrent Process Non-Strong References 10.439ms
[198.505s][info][gc,phases   ] GC(66) Concurrent Reset Relocation Set 0.013ms
[198.511s][info][gc,phases   ] GC(66) Concurrent Select Relocation Set 6.139ms
[198.511s][info][gc,phases   ] GC(66) Pause Relocate Start 0.010ms
[198.513s][info][gc,phases   ] GC(66) Concurrent Relocate 2.178ms
[198.513s][info][gc,load     ] GC(66) Load: 0.00/0.00/0.00
[198.513s][info][gc,mmu      ] GC(66) MMU: 2ms/96.7%, 5ms/98.7%, 10ms/99.3%, 20ms/99.6%, 50ms/99.8%, 100ms/99.9%
[198.513s][info][gc,marking  ] GC(66) Mark: 8 stripe(s), 2 proactive flush(es), 1 terminate flush(es), 0 completion(s), 0 continuation(s) 
[198.513s][info][gc,marking  ] GC(66) Mark Stack Usage: 32M
[198.513s][info][gc,nmethod  ] GC(66) NMethods: 2305 registered, 16 unregistered
[198.513s][info][gc,metaspace] GC(66) Metaspace: 13M used, 14M committed, 1088M reserved
[198.513s][info][gc,ref      ] GC(66) Soft: 211 encountered, 0 discovered, 0 enqueued
[198.513s][info][gc,ref      ] GC(66) Weak: 627 encountered, 62 discovered, 0 enqueued
[198.513s][info][gc,ref      ] GC(66) Final: 0 encountered, 0 discovered, 0 enqueued
[198.513s][info][gc,ref      ] GC(66) Phantom: 59 encountered, 39 discovered, 0 enqueued
[198.513s][info][gc,reloc    ] GC(66) Small Pages: 199 / 398M, Empty: 330M, Relocated: 4M, In-Place: 0
[198.514s][info][gc,reloc    ] GC(66) Medium Pages: 0 / 0M, Empty: 0M, Relocated: 0M, In-Place: 0
[198.514s][info][gc,reloc    ] GC(66) Large Pages: 0 / 0M, Empty: 0M, Relocated: 0M, In-Place: 0
[198.514s][info][gc,reloc    ] GC(66) Forwarding Usage: 1M
[198.514s][info][gc,heap     ] GC(66) Min Capacity: 8M(0%)
[198.514s][info][gc,heap     ] GC(66) Max Capacity: 30718M(100%)
[198.514s][info][gc,heap     ] GC(66) Soft Max Capacity: 30718M(100%)
[198.514s][info][gc,heap     ] GC(66)                Mark Start          Mark End        Relocate Start      Relocate End           High               Low         
[198.514s][info][gc,heap     ] GC(66)  Capacity:    19472M (63%)       19472M (63%)       19472M (63%)       19472M (63%)       19472M (63%)       19472M (63%)    
[198.514s][info][gc,heap     ] GC(66)      Free:    30320M (99%)       30320M (99%)       30650M (100%)      30690M (100%)      30690M (100%)      30320M (99%)    
[198.514s][info][gc,heap     ] GC(66)      Used:      398M (1%)          398M (1%)           68M (0%)           28M (0%)          398M (1%)           28M (0%)     
[198.514s][info][gc,heap     ] GC(66)      Live:         -                 6M (0%)            6M (0%)            6M (0%)             -                  -          
[198.514s][info][gc,heap     ] GC(66) Allocated:         -                 0M (0%)            0M (0%)            1M (0%)             -                  -          
[198.514s][info][gc,heap     ] GC(66)   Garbage:         -               391M (1%)           61M (0%)           19M (0%)             -                  -          
[198.514s][info][gc,heap     ] GC(66) Reclaimed:         -                  -               330M (1%)          371M (1%)             -                  -          
[198.514s][info][gc          ] GC(66) Garbage Collection (System.gc()) 398M(1%)->28M(0%)
[200.117s][info][gc,stats    ] === Garbage Collection Statistics =======================================================================================================================
[200.117s][info][gc,stats    ]                                                              Last 10s              Last 10m              Last 10h                Total
[200.117s][info][gc,stats    ]                                                              Avg / Max             Avg / Max             Avg / Max             Avg / Max
[200.117s][info][gc,stats    ]   Collector: Garbage Collection Cycle                     27.064 / 33.600       38.803 / 159.419      38.803 / 159.419      38.803 / 159.419     ms
[200.117s][info][gc,stats    ]  Contention: Mark Segment Reset Contention                     4 / 20                1 / 26                1 / 26                1 / 26          ops/s
[200.117s][info][gc,stats    ]  Contention: Mark SeqNum Reset Contention                      0 / 3                 0 / 3                 0 / 3                 0 / 3           ops/s
[200.117s][info][gc,stats    ]    Critical: Allocation Stall                                  0 / 0                 0 / 0                 0 / 0                 0 / 0           ops/s
[200.117s][info][gc,stats    ]    Critical: Allocation Stall                              0.000 / 0.000         0.000 / 0.000         0.000 / 0.000         0.000 / 0.000       ms
[200.117s][info][gc,stats    ]    Critical: GC Locker Stall                                   0 / 0                 0 / 0                 0 / 0                 0 / 0           ops/s
[200.117s][info][gc,stats    ]    Critical: GC Locker Stall                               0.000 / 0.000         0.000 / 0.000         0.000 / 0.000         0.000 / 0.000       ms
[200.117s][info][gc,stats    ]    Critical: Relocation Stall                                  0 / 0                 0 / 0                 0 / 0                 0 / 0           ops/s
[200.117s][info][gc,stats    ]    Critical: Relocation Stall                              0.000 / 0.000         0.000 / 0.000         0.000 / 0.000         0.000 / 0.000       ms
[200.117s][info][gc,stats    ]      Memory: Allocation Rate                                1885 / 2154           1829 / 2304           1829 / 2304           1829 / 2304        MB/s
[200.117s][info][gc,stats    ]      Memory: Defragment                                        0 / 0                 0 / 0                 0 / 0                 0 / 0           ops/s
[200.117s][info][gc,stats    ]      Memory: Out Of Memory                                     0 / 0                 0 / 0                 0 / 0                 0 / 0           ops/s
[200.117s][info][gc,stats    ]      Memory: Page Cache Flush                                  0 / 0                 0 / 0                 0 / 0                 0 / 0           MB/s
[200.117s][info][gc,stats    ]      Memory: Page Cache Hit L1                               950 / 1077            870 / 1152            870 / 1152            870 / 1152        ops/s
[200.117s][info][gc,stats    ]      Memory: Page Cache Hit L2                                 0 / 0                 0 / 0                 0 / 0                 0 / 0           ops/s
[200.117s][info][gc,stats    ]      Memory: Page Cache Hit L3                                 0 / 0                 5 / 613               5 / 613               5 / 613         ops/s
[200.117s][info][gc,stats    ]      Memory: Page Cache Miss                                   0 / 0                43 / 740              43 / 740              43 / 740         ops/s
[200.117s][info][gc,stats    ]      Memory: Uncommit                                          0 / 0                 0 / 0                 0 / 0                 0 / 0           MB/s
[200.117s][info][gc,stats    ]      Memory: Undo Object Allocation Failed                     0 / 2                 0 / 2                 0 / 2                 0 / 2           ops/s
[200.117s][info][gc,stats    ]      Memory: Undo Object Allocation Succeeded                 21 / 55                9 / 68                9 / 68                9 / 68          ops/s
[200.117s][info][gc,stats    ]      Memory: Undo Page Allocation                              0 / 0                 1 / 25                1 / 25                1 / 25          ops/s
[200.117s][info][gc,stats    ]       Phase: Concurrent Mark                               8.662 / 13.960       16.136 / 55.621       16.136 / 55.621       16.136 / 55.621      ms
[200.117s][info][gc,stats    ]       Phase: Concurrent Mark Continue                      0.000 / 0.000         0.000 / 0.000         0.000 / 0.000         0.000 / 0.000       ms
[200.117s][info][gc,stats    ]       Phase: Concurrent Mark Free                          0.001 / 0.001         0.001 / 0.002         0.001 / 0.002         0.001 / 0.002       ms
[200.117s][info][gc,stats    ]       Phase: Concurrent Process Non-Strong References      9.162 / 11.799        8.426 / 43.378        8.426 / 43.378        8.426 / 43.378      ms
[200.117s][info][gc,stats    ]       Phase: Concurrent Relocate                           3.129 / 4.292         3.062 / 4.517         3.062 / 4.517         3.062 / 4.517       ms
[200.117s][info][gc,stats    ]       Phase: Concurrent Reset Relocation Set               0.018 / 0.021         0.017 / 0.048         0.017 / 0.048         0.017 / 0.048       ms
[200.117s][info][gc,stats    ]       Phase: Concurrent Select Relocation Set              5.108 / 6.853         6.345 / 17.171        6.345 / 17.171        6.345 / 17.171      ms
[200.117s][info][gc,stats    ]       Phase: Pause Mark End                                0.017 / 0.018         0.020 / 0.065         0.020 / 0.065         0.020 / 0.065       ms
[200.117s][info][gc,stats    ]       Phase: Pause Mark Start                              0.012 / 0.015         0.013 / 0.020         0.013 / 0.020         0.013 / 0.020       ms
[200.117s][info][gc,stats    ]       Phase: Pause Relocate Start                          0.007 / 0.010         0.007 / 0.021         0.007 / 0.021         0.007 / 0.021       ms
[200.117s][info][gc,stats    ]    Subphase: Concurrent Classes Purge                      0.005 / 0.007         0.140 / 7.344         0.140 / 7.344         0.140 / 7.344       ms
[200.117s][info][gc,stats    ]    Subphase: Concurrent Classes Unlink                     0.598 / 0.679         0.691 / 8.444         0.691 / 8.444         0.691 / 8.444       ms
[200.117s][info][gc,stats    ]    Subphase: Concurrent Mark                               7.487 / 13.396       14.218 / 53.263       14.218 / 53.263       14.218 / 53.263      ms
[200.117s][info][gc,stats    ]    Subphase: Concurrent Mark Try Flush                     0.081 / 0.169         0.655 / 30.022        0.655 / 30.022        0.655 / 30.022      ms
[200.117s][info][gc,stats    ]    Subphase: Concurrent Mark Try Terminate                 2.248 / 12.105        2.206 / 15.149        2.206 / 15.149        2.206 / 15.149      ms
[200.117s][info][gc,stats    ]    Subphase: Concurrent References Enqueue                 0.000 / 0.001         0.001 / 0.005         0.001 / 0.005         0.001 / 0.005       ms
[200.117s][info][gc,stats    ]    Subphase: Concurrent References Process                 0.054 / 0.081         0.049 / 0.081         0.049 / 0.081         0.049 / 0.081       ms
[200.117s][info][gc,stats    ]    Subphase: Concurrent Roots ClassLoaderDataGraph         0.080 / 0.731         0.079 / 1.506         0.079 / 1.506         0.079 / 1.506       ms
[200.117s][info][gc,stats    ]    Subphase: Concurrent Roots CodeCache                    0.000 / 0.000         0.000 / 0.000         0.000 / 0.000         0.000 / 0.000       ms
[200.117s][info][gc,stats    ]    Subphase: Concurrent Roots JavaThreads                  0.202 / 0.823         0.683 / 9.683         0.683 / 9.683         0.683 / 9.683       ms
[200.117s][info][gc,stats    ]    Subphase: Concurrent Roots OopStorageSet                0.065 / 0.670         0.090 / 1.312         0.090 / 1.312         0.090 / 1.312       ms
[200.117s][info][gc,stats    ]    Subphase: Concurrent Weak Roots OopStorageSet           8.368 / 10.953        6.932 / 12.996        6.932 / 12.996        6.932 / 12.996      ms
[200.117s][info][gc,stats    ]    Subphase: Pause Mark Try Complete                       0.000 / 0.000         0.002 / 0.004         0.002 / 0.004         0.002 / 0.004       ms
[200.117s][info][gc,stats    ]      System: Java Threads                                     48 / 60               46 / 62               46 / 62               46 / 62          threads
[200.117s][info][gc,stats    ] =========================================================================================================================================================
[200.616s][info][gc,start    ] GC(67) Garbage Collection (Proactive)
[200.616s][info][gc,task     ] GC(67) Using 12 workers
[200.616s][info][gc,phases   ] GC(67) Pause Mark Start 0.011ms
[200.624s][info][gc,phases   ] GC(67) Concurrent Mark 7.447ms
[200.624s][info][gc,phases   ] GC(67) Pause Mark End 0.017ms
[200.624s][info][gc,phases   ] GC(67) Concurrent Mark Free 0.001ms
[200.634s][info][gc,phases   ] GC(67) Concurrent Process Non-Strong References 10.232ms
[200.634s][info][gc,phases   ] GC(67) Concurrent Reset Relocation Set 0.005ms
[200.639s][info][gc,phases   ] GC(67) Concurrent Select Relocation Set 4.357ms
[200.639s][info][gc,phases   ] GC(67) Pause Relocate Start 0.006ms
[200.643s][info][gc,phases   ] GC(67) Concurrent Relocate 4.071ms
[200.643s][info][gc,load     ] GC(67) Load: 0.00/0.00/0.00
[200.643s][info][gc,mmu      ] GC(67) MMU: 2ms/96.7%, 5ms/98.7%, 10ms/99.3%, 20ms/99.6%, 50ms/99.8%, 100ms/99.9%
[200.643s][info][gc,marking  ] GC(67) Mark: 8 stripe(s), 4 proactive flush(es), 1 terminate flush(es), 0 completion(s), 0 continuation(s) 
[200.643s][info][gc,marking  ] GC(67) Mark Stack Usage: 32M
[200.643s][info][gc,nmethod  ] GC(67) NMethods: 2307 registered, 16 unregistered
[200.643s][info][gc,metaspace] GC(67) Metaspace: 13M used, 14M committed, 1088M reserved
[200.643s][info][gc,ref      ] GC(67) Soft: 211 encountered, 0 discovered, 0 enqueued
[200.643s][info][gc,ref      ] GC(67) Weak: 723 encountered, 121 discovered, 0 enqueued
[200.643s][info][gc,ref      ] GC(67) Final: 0 encountered, 0 discovered, 0 enqueued
[200.643s][info][gc,ref      ] GC(67) Phantom: 59 encountered, 36 discovered, 0 enqueued
[200.643s][info][gc,reloc    ] GC(67) Small Pages: 1893 / 3786M, Empty: 3518M, Relocated: 5M, In-Place: 0
[200.643s][info][gc,reloc    ] GC(67) Medium Pages: 0 / 0M, Empty: 0M, Relocated: 0M, In-Place: 0
[200.643s][info][gc,reloc    ] GC(67) Large Pages: 0 / 0M, Empty: 0M, Relocated: 0M, In-Place: 0
[200.643s][info][gc,reloc    ] GC(67) Forwarding Usage: 0M
[200.643s][info][gc,heap     ] GC(67) Min Capacity: 8M(0%)
[200.643s][info][gc,heap     ] GC(67) Max Capacity: 30718M(100%)
[200.643s][info][gc,heap     ] GC(67) Soft Max Capacity: 30718M(100%)
[200.643s][info][gc,heap     ] GC(67)                Mark Start          Mark End        Relocate Start      Relocate End           High               Low         
[200.643s][info][gc,heap     ] GC(67)  Capacity:    19472M (63%)       19472M (63%)       19472M (63%)       19472M (63%)       19472M (63%)       19472M (63%)    
[200.643s][info][gc,heap     ] GC(67)      Free:    26932M (88%)       26854M (87%)       30362M (99%)       30592M (100%)      30592M (100%)      26848M (87%)    
[200.643s][info][gc,heap     ] GC(67)      Used:     3786M (12%)        3864M (13%)         356M (1%)          126M (0%)         3870M (13%)         126M (0%)     
[200.643s][info][gc,heap     ] GC(67)      Live:         -                 8M (0%)            8M (0%)            8M (0%)             -                  -          
[200.643s][info][gc,heap     ] GC(67) Allocated:         -                78M (0%)           88M (0%)           94M (0%)             -                  -          
[200.643s][info][gc,heap     ] GC(67)   Garbage:         -              3777M (12%)         259M (1%)           22M (0%)             -                  -          
[200.643s][info][gc,heap     ] GC(67) Reclaimed:         -                  -              3518M (11%)        3754M (12%)            -                  -          
[200.643s][info][gc          ] GC(67) Garbage Collection (Proactive) 3786M(12%)->126M(0%)
[202.516s][info][gc,start    ] GC(68) Garbage Collection (Proactive)
[202.516s][info][gc,task     ] GC(68) Using 12 workers
[202.517s][info][gc,phases   ] GC(68) Pause Mark Start 0.012ms
[202.522s][info][gc,phases   ] GC(68) Concurrent Mark 5.666ms
[202.523s][info][gc,phases   ] GC(68) Pause Mark End 0.019ms
[202.523s][info][gc,phases   ] GC(68) Concurrent Mark Free 0.001ms
[202.532s][info][gc,phases   ] GC(68) Concurrent Process Non-Strong References 8.963ms
[202.532s][info][gc,phases   ] GC(68) Concurrent Reset Relocation Set 0.015ms
[202.537s][info][gc,phases   ] GC(68) Concurrent Select Relocation Set 4.896ms
[202.537s][info][gc,phases   ] GC(68) Pause Relocate Start 0.007ms
[202.540s][info][gc,phases   ] GC(68) Concurrent Relocate 2.786ms
[202.540s][info][gc,load     ] GC(68) Load: 0.00/0.00/0.00
[202.540s][info][gc,mmu      ] GC(68) MMU: 2ms/96.7%, 5ms/98.7%, 10ms/99.3%, 20ms/99.6%, 50ms/99.8%, 100ms/99.9%
[202.540s][info][gc,marking  ] GC(68) Mark: 8 stripe(s), 2 proactive flush(es), 1 terminate flush(es), 0 completion(s), 0 continuation(s) 
[202.540s][info][gc,marking  ] GC(68) Mark Stack Usage: 32M
[202.540s][info][gc,nmethod  ] GC(68) NMethods: 2307 registered, 16 unregistered
[202.540s][info][gc,metaspace] GC(68) Metaspace: 13M used, 14M committed, 1088M reserved
[202.540s][info][gc,ref      ] GC(68) Soft: 211 encountered, 0 discovered, 0 enqueued
[202.540s][info][gc,ref      ] GC(68) Weak: 723 encountered, 140 discovered, 0 enqueued
[202.540s][info][gc,ref      ] GC(68) Final: 0 encountered, 0 discovered, 0 enqueued
[202.540s][info][gc,ref      ] GC(68) Phantom: 59 encountered, 41 discovered, 0 enqueued
[202.540s][info][gc,reloc    ] GC(68) Small Pages: 1737 / 3474M, Empty: 3160M, Relocated: 6M, In-Place: 0
[202.540s][info][gc,reloc    ] GC(68) Medium Pages: 0 / 0M, Empty: 0M, Relocated: 0M, In-Place: 0
[202.540s][info][gc,reloc    ] GC(68) Large Pages: 0 / 0M, Empty: 0M, Relocated: 0M, In-Place: 0
[202.540s][info][gc,reloc    ] GC(68) Forwarding Usage: 1M
[202.540s][info][gc,heap     ] GC(68) Min Capacity: 8M(0%)
[202.540s][info][gc,heap     ] GC(68) Max Capacity: 30718M(100%)
[202.540s][info][gc,heap     ] GC(68) Soft Max Capacity: 30718M(100%)
[202.540s][info][gc,heap     ] GC(68)                Mark Start          Mark End        Relocate Start      Relocate End           High               Low         
[202.540s][info][gc,heap     ] GC(68)  Capacity:    19472M (63%)       19472M (63%)       19472M (63%)       19472M (63%)       19472M (63%)       19472M (63%)    
[202.540s][info][gc,heap     ] GC(68)      Free:    27244M (89%)       27166M (88%)       30316M (99%)       30598M (100%)      30598M (100%)      27158M (88%)    
[202.540s][info][gc,heap     ] GC(68)      Used:     3474M (11%)        3552M (12%)         402M (1%)          120M (0%)         3560M (12%)         120M (0%)     
[202.540s][info][gc,heap     ] GC(68)      Live:         -                 9M (0%)            9M (0%)            9M (0%)             -                  -          
[202.540s][info][gc,heap     ] GC(68) Allocated:         -                78M (0%)           88M (0%)           90M (0%)             -                  -          
[202.540s][info][gc,heap     ] GC(68)   Garbage:         -              3464M (11%)         304M (1%)           20M (0%)             -                  -          
[202.540s][info][gc,heap     ] GC(68) Reclaimed:         -                  -              3160M (10%)        3444M (11%)            -                  -          
[202.540s][info][gc          ] GC(68) Garbage Collection (Proactive) 3474M(11%)->120M(0%)
[204.416s][info][gc,start    ] GC(69) Garbage Collection (Proactive)
[204.416s][info][gc,task     ] GC(69) Using 12 workers
[204.416s][info][gc,phases   ] GC(69) Pause Mark Start 0.013ms
[204.425s][info][gc,phases   ] GC(69) Concurrent Mark 7.922ms
[204.425s][info][gc,phases   ] GC(69) Pause Mark End 0.017ms
[204.425s][info][gc,phases   ] GC(69) Concurrent Mark Free 0.001ms
[204.433s][info][gc,phases   ] GC(69) Concurrent Process Non-Strong References 7.989ms
[204.433s][info][gc,phases   ] GC(69) Concurrent Reset Relocation Set 0.021ms
[204.438s][info][gc,phases   ] GC(69) Concurrent Select Relocation Set 4.638ms
[204.438s][info][gc,phases   ] GC(69) Pause Relocate Start 0.007ms
[204.440s][info][gc,phases   ] GC(69) Concurrent Relocate 2.536ms
[204.440s][info][gc,load     ] GC(69) Load: 0.00/0.00/0.00
[204.440s][info][gc,mmu      ] GC(69) MMU: 2ms/96.7%, 5ms/98.7%, 10ms/99.3%, 20ms/99.6%, 50ms/99.8%, 100ms/99.9%
[204.440s][info][gc,marking  ] GC(69) Mark: 8 stripe(s), 4 proactive flush(es), 1 terminate flush(es), 0 completion(s), 0 continuation(s) 
[204.440s][info][gc,marking  ] GC(69) Mark Stack Usage: 32M
[204.440s][info][gc,nmethod  ] GC(69) NMethods: 2307 registered, 16 unregistered
[204.440s][info][gc,metaspace] GC(69) Metaspace: 13M used, 14M committed, 1088M reserved
[204.440s][info][gc,ref      ] GC(69) Soft: 211 encountered, 0 discovered, 0 enqueued
[204.440s][info][gc,ref      ] GC(69) Weak: 723 encountered, 206 discovered, 0 enqueued
[204.440s][info][gc,ref      ] GC(69) Final: 0 encountered, 0 discovered, 0 enqueued
[204.440s][info][gc,ref      ] GC(69) Phantom: 59 encountered, 30 discovered, 0 enqueued
[204.440s][info][gc,reloc    ] GC(69) Small Pages: 1659 / 3318M, Empty: 3026M, Relocated: 6M, In-Place: 0
[204.441s][info][gc,reloc    ] GC(69) Medium Pages: 0 / 0M, Empty: 0M, Relocated: 0M, In-Place: 0
[204.441s][info][gc,reloc    ] GC(69) Large Pages: 0 / 0M, Empty: 0M, Relocated: 0M, In-Place: 0
[204.441s][info][gc,reloc    ] GC(69) Forwarding Usage: 1M
[204.441s][info][gc,heap     ] GC(69) Min Capacity: 8M(0%)
[204.441s][info][gc,heap     ] GC(69) Max Capacity: 30718M(100%)
[204.441s][info][gc,heap     ] GC(69) Soft Max Capacity: 30718M(100%)
[204.441s][info][gc,heap     ] GC(69)                Mark Start          Mark End        Relocate Start      Relocate End           High               Low         
[204.441s][info][gc,heap     ] GC(69)  Capacity:    19472M (63%)       19472M (63%)       19472M (63%)       19472M (63%)       19472M (63%)       19472M (63%)    
[204.441s][info][gc,heap     ] GC(69)      Free:    27400M (89%)       27322M (89%)       30334M (99%)       30594M (100%)      30594M (100%)      27312M (89%)    
[204.441s][info][gc,heap     ] GC(69)      Used:     3318M (11%)        3396M (11%)         384M (1%)          124M (0%)         3406M (11%)         124M (0%)     
[204.441s][info][gc,heap     ] GC(69)      Live:         -                 9M (0%)            9M (0%)            9M (0%)             -                  -          
[204.441s][info][gc,heap     ] GC(69) Allocated:         -                78M (0%)           92M (0%)           94M (0%)             -                  -          
[204.441s][info][gc,heap     ] GC(69)   Garbage:         -              3308M (11%)         282M (1%)           19M (0%)             -                  -          
[204.441s][info][gc,heap     ] GC(69) Reclaimed:         -                  -              3026M (10%)        3288M (11%)            -                  -          
[204.441s][info][gc          ] GC(69) Garbage Collection (Proactive) 3318M(11%)->124M(0%)
[206.215s][info][gc,start    ] GC(70) Garbage Collection (Proactive)
[206.215s][info][gc,task     ] GC(70) Using 12 workers
[206.215s][info][gc,phases   ] GC(70) Pause Mark Start 0.011ms
[206.224s][info][gc,phases   ] GC(70) Concurrent Mark 8.460ms
[206.224s][info][gc,phases   ] GC(70) Pause Mark End 0.017ms
[206.224s][info][gc,phases   ] GC(70) Concurrent Mark Free 0.001ms
[206.234s][info][gc,phases   ] GC(70) Concurrent Process Non-Strong References 9.309ms
[206.234s][info][gc,phases   ] GC(70) Concurrent Reset Relocation Set 0.019ms
[206.241s][info][gc,phases   ] GC(70) Concurrent Select Relocation Set 7.540ms
[206.241s][info][gc,phases   ] GC(70) Pause Relocate Start 0.007ms
[206.244s][info][gc,phases   ] GC(70) Concurrent Relocate 2.652ms
[206.244s][info][gc,load     ] GC(70) Load: 0.00/0.00/0.00
[206.244s][info][gc,mmu      ] GC(70) MMU: 2ms/96.7%, 5ms/98.7%, 10ms/99.3%, 20ms/99.6%, 50ms/99.8%, 100ms/99.9%
[206.244s][info][gc,marking  ] GC(70) Mark: 8 stripe(s), 3 proactive flush(es), 1 terminate flush(es), 0 completion(s), 0 continuation(s) 
[206.244s][info][gc,marking  ] GC(70) Mark Stack Usage: 32M
[206.244s][info][gc,nmethod  ] GC(70) NMethods: 2307 registered, 16 unregistered
[206.244s][info][gc,metaspace] GC(70) Metaspace: 13M used, 14M committed, 1088M reserved
[206.244s][info][gc,ref      ] GC(70) Soft: 211 encountered, 0 discovered, 0 enqueued
[206.244s][info][gc,ref      ] GC(70) Weak: 723 encountered, 93 discovered, 0 enqueued
[206.244s][info][gc,ref      ] GC(70) Final: 0 encountered, 0 discovered, 0 enqueued
[206.244s][info][gc,ref      ] GC(70) Phantom: 59 encountered, 34 discovered, 0 enqueued
[206.244s][info][gc,reloc    ] GC(70) Small Pages: 1629 / 3258M, Empty: 2966M, Relocated: 8M, In-Place: 0
[206.244s][info][gc,reloc    ] GC(70) Medium Pages: 0 / 0M, Empty: 0M, Relocated: 0M, In-Place: 0
[206.244s][info][gc,reloc    ] GC(70) Large Pages: 0 / 0M, Empty: 0M, Relocated: 0M, In-Place: 0
[206.244s][info][gc,reloc    ] GC(70) Forwarding Usage: 1M
[206.244s][info][gc,heap     ] GC(70) Min Capacity: 8M(0%)
[206.245s][info][gc,heap     ] GC(70) Max Capacity: 30718M(100%)
[206.245s][info][gc,heap     ] GC(70) Soft Max Capacity: 30718M(100%)
[206.245s][info][gc,heap     ] GC(70)                Mark Start          Mark End        Relocate Start      Relocate End           High               Low         
[206.245s][info][gc,heap     ] GC(70)  Capacity:    19472M (63%)       19472M (63%)       19472M (63%)       19472M (63%)       19472M (63%)       19472M (63%)    
[206.245s][info][gc,heap     ] GC(70)      Free:    27460M (89%)       27364M (89%)       30330M (99%)       30594M (100%)      30594M (100%)      27364M (89%)    
[206.245s][info][gc,heap     ] GC(70)      Used:     3258M (11%)        3354M (11%)         388M (1%)          124M (0%)         3354M (11%)         124M (0%)     
[206.245s][info][gc,heap     ] GC(70)      Live:         -                 9M (0%)            9M (0%)            9M (0%)             -                  -          
[206.245s][info][gc,heap     ] GC(70) Allocated:         -                96M (0%)           96M (0%)           96M (0%)             -                  -          
[206.245s][info][gc,heap     ] GC(70)   Garbage:         -              3248M (11%)         282M (1%)           17M (0%)             -                  -          
[206.245s][info][gc,heap     ] GC(70) Reclaimed:         -                  -              2966M (10%)        3230M (11%)            -                  -          
[206.245s][info][gc          ] GC(70) Garbage Collection (Proactive) 3258M(11%)->124M(0%)
[208.016s][info][gc,start    ] GC(71) Garbage Collection (Proactive)
[208.016s][info][gc,task     ] GC(71) Using 12 workers
[208.016s][info][gc,phases   ] GC(71) Pause Mark Start 0.010ms
[208.022s][info][gc,phases   ] GC(71) Concurrent Mark 6.226ms
[208.023s][info][gc,phases   ] GC(71) Pause Mark End 0.019ms
[208.023s][info][gc,phases   ] GC(71) Concurrent Mark Free 0.001ms
[208.032s][info][gc,phases   ] GC(71) Concurrent Process Non-Strong References 8.793ms
[208.032s][info][gc,phases   ] GC(71) Concurrent Reset Relocation Set 0.021ms
[208.036s][info][gc,phases   ] GC(71) Concurrent Select Relocation Set 4.582ms
[208.036s][info][gc,phases   ] GC(71) Pause Relocate Start 0.005ms
[208.040s][info][gc,phases   ] GC(71) Concurrent Relocate 3.488ms
[208.040s][info][gc,load     ] GC(71) Load: 0.00/0.00/0.00
[208.040s][info][gc,mmu      ] GC(71) MMU: 2ms/96.7%, 5ms/98.7%, 10ms/99.3%, 20ms/99.6%, 50ms/99.8%, 100ms/99.9%
[208.040s][info][gc,marking  ] GC(71) Mark: 8 stripe(s), 2 proactive flush(es), 1 terminate flush(es), 0 completion(s), 0 continuation(s) 
[208.040s][info][gc,marking  ] GC(71) Mark Stack Usage: 32M
[208.040s][info][gc,nmethod  ] GC(71) NMethods: 2307 registered, 16 unregistered
[208.040s][info][gc,metaspace] GC(71) Metaspace: 13M used, 14M committed, 1088M reserved
[208.040s][info][gc,ref      ] GC(71) Soft: 211 encountered, 0 discovered, 0 enqueued
[208.040s][info][gc,ref      ] GC(71) Weak: 723 encountered, 132 discovered, 0 enqueued
[208.040s][info][gc,ref      ] GC(71) Final: 0 encountered, 0 discovered, 0 enqueued
[208.040s][info][gc,ref      ] GC(71) Phantom: 59 encountered, 36 discovered, 0 enqueued
[208.040s][info][gc,reloc    ] GC(71) Small Pages: 1697 / 3394M, Empty: 3098M, Relocated: 8M, In-Place: 0
[208.040s][info][gc,reloc    ] GC(71) Medium Pages: 0 / 0M, Empty: 0M, Relocated: 0M, In-Place: 0
[208.040s][info][gc,reloc    ] GC(71) Large Pages: 0 / 0M, Empty: 0M, Relocated: 0M, In-Place: 0
[208.040s][info][gc,reloc    ] GC(71) Forwarding Usage: 1M
[208.040s][info][gc,heap     ] GC(71) Min Capacity: 8M(0%)
[208.040s][info][gc,heap     ] GC(71) Max Capacity: 30718M(100%)
[208.040s][info][gc,heap     ] GC(71) Soft Max Capacity: 30718M(100%)
[208.040s][info][gc,heap     ] GC(71)                Mark Start          Mark End        Relocate Start      Relocate End           High               Low         
[208.040s][info][gc,heap     ] GC(71)  Capacity:    19472M (63%)       19472M (63%)       19472M (63%)       19472M (63%)       19472M (63%)       19472M (63%)    
[208.040s][info][gc,heap     ] GC(71)      Free:    27324M (89%)       27250M (89%)       30340M (99%)       30600M (100%)      30600M (100%)      27246M (89%)    
[208.040s][info][gc,heap     ] GC(71)      Used:     3394M (11%)        3468M (11%)         378M (1%)          118M (0%)         3472M (11%)         118M (0%)     
[208.040s][info][gc,heap     ] GC(71)      Live:         -                10M (0%)           10M (0%)           10M (0%)             -                  -          
[208.040s][info][gc,heap     ] GC(71) Allocated:         -                74M (0%)           82M (0%)           90M (0%)             -                  -          
[208.040s][info][gc,heap     ] GC(71)   Garbage:         -              3383M (11%)         285M (1%)           17M (0%)             -                  -          
[208.040s][info][gc,heap     ] GC(71) Reclaimed:         -                  -              3098M (10%)        3366M (11%)            -                  -          
[208.040s][info][gc          ] GC(71) Garbage Collection (Proactive) 3394M(11%)->118M(0%)
[209.716s][info][gc,start    ] GC(72) Garbage Collection (Proactive)
[209.716s][info][gc,task     ] GC(72) Using 12 workers
[209.716s][info][gc,phases   ] GC(72) Pause Mark Start 0.017ms
[209.724s][info][gc,phases   ] GC(72) Concurrent Mark 7.916ms
[209.724s][info][gc,phases   ] GC(72) Pause Mark End 0.017ms
[209.724s][info][gc,phases   ] GC(72) Concurrent Mark Free 0.001ms
[209.734s][info][gc,phases   ] GC(72) Concurrent Process Non-Strong References 9.637ms
[209.734s][info][gc,phases   ] GC(72) Concurrent Reset Relocation Set 0.019ms
[209.739s][info][gc,phases   ] GC(72) Concurrent Select Relocation Set 4.548ms
[209.739s][info][gc,phases   ] GC(72) Pause Relocate Start 0.006ms
[209.743s][info][gc,phases   ] GC(72) Concurrent Relocate 3.710ms
[209.743s][info][gc,load     ] GC(72) Load: 0.00/0.00/0.00
[209.743s][info][gc,mmu      ] GC(72) MMU: 2ms/96.7%, 5ms/98.7%, 10ms/99.3%, 20ms/99.6%, 50ms/99.8%, 100ms/99.9%
[209.743s][info][gc,marking  ] GC(72) Mark: 8 stripe(s), 5 proactive flush(es), 1 terminate flush(es), 0 completion(s), 0 continuation(s) 
[209.743s][info][gc,marking  ] GC(72) Mark Stack Usage: 32M
[209.743s][info][gc,nmethod  ] GC(72) NMethods: 2307 registered, 16 unregistered
[209.743s][info][gc,metaspace] GC(72) Metaspace: 13M used, 14M committed, 1088M reserved
[209.743s][info][gc,ref      ] GC(72) Soft: 211 encountered, 0 discovered, 0 enqueued
[209.743s][info][gc,ref      ] GC(72) Weak: 705 encountered, 153 discovered, 0 enqueued
[209.743s][info][gc,ref      ] GC(72) Final: 0 encountered, 0 discovered, 0 enqueued
[209.743s][info][gc,ref      ] GC(72) Phantom: 59 encountered, 51 discovered, 0 enqueued
[209.743s][info][gc,reloc    ] GC(72) Small Pages: 1690 / 3380M, Empty: 3112M, Relocated: 8M, In-Place: 0
[209.743s][info][gc,reloc    ] GC(72) Medium Pages: 0 / 0M, Empty: 0M, Relocated: 0M, In-Place: 0
[209.743s][info][gc,reloc    ] GC(72) Large Pages: 0 / 0M, Empty: 0M, Relocated: 0M, In-Place: 0
[209.743s][info][gc,reloc    ] GC(72) Forwarding Usage: 1M
[209.743s][info][gc,heap     ] GC(72) Min Capacity: 8M(0%)
[209.743s][info][gc,heap     ] GC(72) Max Capacity: 30718M(100%)
[209.743s][info][gc,heap     ] GC(72) Soft Max Capacity: 30718M(100%)
[209.743s][info][gc,heap     ] GC(72)                Mark Start          Mark End        Relocate Start      Relocate End           High               Low         
[209.743s][info][gc,heap     ] GC(72)  Capacity:    19472M (63%)       19472M (63%)       19472M (63%)       19472M (63%)       19472M (63%)       19472M (63%)    
[209.743s][info][gc,heap     ] GC(72)      Free:    27338M (89%)       27266M (89%)       30366M (99%)       30602M (100%)      30602M (100%)      27258M (89%)    
[209.743s][info][gc,heap     ] GC(72)      Used:     3380M (11%)        3452M (11%)         352M (1%)          116M (0%)         3460M (11%)         116M (0%)     
[209.743s][info][gc,heap     ] GC(72)      Live:         -                 9M (0%)            9M (0%)            9M (0%)             -                  -          
[209.743s][info][gc,heap     ] GC(72) Allocated:         -                72M (0%)           84M (0%)           88M (0%)             -                  -          
[209.743s][info][gc,heap     ] GC(72)   Garbage:         -              3370M (11%)         258M (1%)           17M (0%)             -                  -          
[209.743s][info][gc,heap     ] GC(72) Reclaimed:         -                  -              3112M (10%)        3352M (11%)            -                  -          
[209.743s][info][gc          ] GC(72) Garbage Collection (Proactive) 3380M(11%)->116M(0%)
[210.116s][info][gc,stats    ] === Garbage Collection Statistics =======================================================================================================================
[210.116s][info][gc,stats    ]                                                              Last 10s              Last 10m              Last 10h                Total
[210.116s][info][gc,stats    ]                                                              Avg / Max             Avg / Max             Avg / Max             Avg / Max
[210.116s][info][gc,stats    ]   Collector: Garbage Collection Cycle                     25.739 / 29.117       37.729 / 159.419      37.729 / 159.419      37.729 / 159.419     ms
[210.116s][info][gc,stats    ]  Contention: Mark Segment Reset Contention                     3 / 10                1 / 26                1 / 26                1 / 26          ops/s
[210.116s][info][gc,stats    ]  Contention: Mark SeqNum Reset Contention                      0 / 3                 0 / 3                 0 / 3                 0 / 3           ops/s
[210.116s][info][gc,stats    ]    Critical: Allocation Stall                                  0 / 0                 0 / 0                 0 / 0                 0 / 0           ops/s
[210.116s][info][gc,stats    ]    Critical: Allocation Stall                              0.000 / 0.000         0.000 / 0.000         0.000 / 0.000         0.000 / 0.000       ms
[210.116s][info][gc,stats    ]    Critical: GC Locker Stall                                   0 / 0                 0 / 0                 0 / 0                 0 / 0           ops/s
[210.116s][info][gc,stats    ]    Critical: GC Locker Stall                               0.000 / 0.000         0.000 / 0.000         0.000 / 0.000         0.000 / 0.000       ms
[210.116s][info][gc,stats    ]    Critical: Relocation Stall                                  0 / 0                 0 / 0                 0 / 0                 0 / 0           ops/s
[210.116s][info][gc,stats    ]    Critical: Relocation Stall                              0.000 / 0.000         0.000 / 0.000         0.000 / 0.000         0.000 / 0.000       ms
[210.116s][info][gc,stats    ]      Memory: Allocation Rate                                1857 / 2200           1831 / 2304           1831 / 2304           1831 / 2304        MB/s
[210.116s][info][gc,stats    ]      Memory: Defragment                                        0 / 0                 0 / 0                 0 / 0                 0 / 0           ops/s
[210.116s][info][gc,stats    ]      Memory: Out Of Memory                                     0 / 0                 0 / 0                 0 / 0                 0 / 0           ops/s
[210.116s][info][gc,stats    ]      Memory: Page Cache Flush                                  0 / 0                 0 / 0                 0 / 0                 0 / 0           MB/s
[210.116s][info][gc,stats    ]      Memory: Page Cache Hit L1                               936 / 1112            873 / 1152            873 / 1152            873 / 1152        ops/s
[210.116s][info][gc,stats    ]      Memory: Page Cache Hit L2                                 0 / 0                 0 / 0                 0 / 0                 0 / 0           ops/s
[210.116s][info][gc,stats    ]      Memory: Page Cache Hit L3                                 0 / 0                 4 / 613               4 / 613               4 / 613         ops/s
[210.116s][info][gc,stats    ]      Memory: Page Cache Miss                                   0 / 0                41 / 740              41 / 740              41 / 740         ops/s
[210.116s][info][gc,stats    ]      Memory: Uncommit                                          0 / 0                 0 / 0                 0 / 0                 0 / 0           MB/s
[210.116s][info][gc,stats    ]      Memory: Undo Object Allocation Failed                     0 / 2                 0 / 2                 0 / 2                 0 / 2           ops/s
[210.116s][info][gc,stats    ]      Memory: Undo Object Allocation Succeeded                 14 / 35                9 / 68                9 / 68                9 / 68          ops/s
[210.116s][info][gc,stats    ]      Memory: Undo Page Allocation                              0 / 1                 1 / 25                1 / 25                1 / 25          ops/s
[210.116s][info][gc,stats    ]       Phase: Concurrent Mark                               7.272 / 8.460        15.407 / 55.621       15.407 / 55.621       15.407 / 55.621      ms
[210.116s][info][gc,stats    ]       Phase: Concurrent Mark Continue                      0.000 / 0.000         0.000 / 0.000         0.000 / 0.000         0.000 / 0.000       ms
[210.116s][info][gc,stats    ]       Phase: Concurrent Mark Free                          0.001 / 0.001         0.001 / 0.002         0.001 / 0.002         0.001 / 0.002       ms
[210.116s][info][gc,stats    ]       Phase: Concurrent Process Non-Strong References      9.154 / 10.232        8.486 / 43.378        8.486 / 43.378        8.486 / 43.378      ms
[210.116s][info][gc,stats    ]       Phase: Concurrent Relocate                           3.207 / 4.071         3.073 / 4.517         3.073 / 4.517         3.073 / 4.517       ms
[210.116s][info][gc,stats    ]       Phase: Concurrent Reset Relocation Set               0.017 / 0.021         0.017 / 0.048         0.017 / 0.048         0.017 / 0.048       ms
[210.117s][info][gc,stats    ]       Phase: Concurrent Select Relocation Set              5.094 / 7.540         6.242 / 17.171        6.242 / 17.171        6.242 / 17.171      ms
[210.117s][info][gc,stats    ]       Phase: Pause Mark End                                0.018 / 0.019         0.020 / 0.065         0.020 / 0.065         0.020 / 0.065       ms
[210.117s][info][gc,stats    ]       Phase: Pause Mark Start                              0.012 / 0.017         0.013 / 0.020         0.013 / 0.020         0.013 / 0.020       ms
[210.117s][info][gc,stats    ]       Phase: Pause Relocate Start                          0.006 / 0.007         0.007 / 0.021         0.007 / 0.021         0.007 / 0.021       ms
[210.117s][info][gc,stats    ]    Subphase: Concurrent Classes Purge                      0.005 / 0.007         0.129 / 7.344         0.129 / 7.344         0.129 / 7.344       ms
[210.117s][info][gc,stats    ]    Subphase: Concurrent Classes Unlink                     0.599 / 0.612         0.683 / 8.444         0.683 / 8.444         0.683 / 8.444       ms
[210.117s][info][gc,stats    ]    Subphase: Concurrent Mark                               6.279 / 7.771        13.565 / 53.263       13.565 / 53.263       13.565 / 53.263      ms
[210.117s][info][gc,stats    ]    Subphase: Concurrent Mark Try Flush                     0.105 / 0.260         0.609 / 30.022        0.609 / 30.022        0.609 / 30.022      ms
[210.117s][info][gc,stats    ]    Subphase: Concurrent Mark Try Terminate                 1.466 / 2.013         2.169 / 15.149        2.169 / 15.149        2.169 / 15.149      ms
[210.117s][info][gc,stats    ]    Subphase: Concurrent References Enqueue                 0.000 / 0.001         0.001 / 0.005         0.001 / 0.005         0.001 / 0.005       ms
[210.117s][info][gc,stats    ]    Subphase: Concurrent References Process                 0.053 / 0.083         0.050 / 0.083         0.050 / 0.083         0.050 / 0.083       ms
[210.117s][info][gc,stats    ]    Subphase: Concurrent Roots ClassLoaderDataGraph         0.062 / 0.628         0.077 / 1.506         0.077 / 1.506         0.077 / 1.506       ms
[210.117s][info][gc,stats    ]    Subphase: Concurrent Roots CodeCache                    0.000 / 0.000         0.000 / 0.000         0.000 / 0.000         0.000 / 0.000       ms
[210.117s][info][gc,stats    ]    Subphase: Concurrent Roots JavaThreads                  0.222 / 0.874         0.645 / 9.683         0.645 / 9.683         0.645 / 9.683       ms
[210.117s][info][gc,stats    ]    Subphase: Concurrent Roots OopStorageSet                0.038 / 0.260         0.086 / 1.312         0.086 / 1.312         0.086 / 1.312       ms
[210.117s][info][gc,stats    ]    Subphase: Concurrent Weak Roots OopStorageSet           8.293 / 9.397         7.044 / 12.996        7.044 / 12.996        7.044 / 12.996      ms
[210.117s][info][gc,stats    ]    Subphase: Pause Mark Try Complete                       0.000 / 0.000         0.002 / 0.004         0.002 / 0.004         0.002 / 0.004       ms
[210.117s][info][gc,stats    ]      System: Java Threads                                     58 / 60               47 / 62               47 / 62               47 / 62          threads
[210.117s][info][gc,stats    ] =========================================================================================================================================================
[210.346s][info][gc,start    ] GC(73) Garbage Collection (System.gc())
[210.346s][info][gc,task     ] GC(73) Using 12 workers
[210.346s][info][gc,phases   ] GC(73) Pause Mark Start 0.017ms
[210.472s][info][gc,phases   ] GC(73) Concurrent Mark 125.913ms
[210.472s][info][gc,phases   ] GC(73) Pause Mark End 0.020ms
[210.472s][info][gc,phases   ] GC(73) Concurrent Mark Free 0.001ms
[210.485s][info][gc,phases   ] GC(73) Concurrent Process Non-Strong References 12.352ms
[210.485s][info][gc,phases   ] GC(73) Concurrent Reset Relocation Set 0.013ms
[210.489s][info][gc,phases   ] GC(73) Concurrent Select Relocation Set 4.162ms
[210.489s][info][gc,phases   ] GC(73) Pause Relocate Start 0.007ms
[210.491s][info][gc,phases   ] GC(73) Concurrent Relocate 1.950ms
[210.491s][info][gc,load     ] GC(73) Load: 0.00/0.00/0.00
[210.491s][info][gc,mmu      ] GC(73) MMU: 2ms/96.7%, 5ms/98.7%, 10ms/99.3%, 20ms/99.6%, 50ms/99.8%, 100ms/99.9%
[210.491s][info][gc,marking  ] GC(73) Mark: 8 stripe(s), 2 proactive flush(es), 1 terminate flush(es), 0 completion(s), 0 continuation(s) 
[210.491s][info][gc,marking  ] GC(73) Mark Stack Usage: 32M
[210.491s][info][gc,nmethod  ] GC(73) NMethods: 2307 registered, 16 unregistered
[210.491s][info][gc,metaspace] GC(73) Metaspace: 13M used, 14M committed, 1088M reserved
[210.491s][info][gc,ref      ] GC(73) Soft: 211 encountered, 0 discovered, 0 enqueued
[210.491s][info][gc,ref      ] GC(73) Weak: 623 encountered, 19 discovered, 0 enqueued
[210.491s][info][gc,ref      ] GC(73) Final: 0 encountered, 0 discovered, 0 enqueued
[210.491s][info][gc,ref      ] GC(73) Phantom: 59 encountered, 45 discovered, 0 enqueued
[210.491s][info][gc,reloc    ] GC(73) Small Pages: 804 / 1608M, Empty: 1530M, Relocated: 4M, In-Place: 0
[210.491s][info][gc,reloc    ] GC(73) Medium Pages: 0 / 0M, Empty: 0M, Relocated: 0M, In-Place: 0
[210.491s][info][gc,reloc    ] GC(73) Large Pages: 0 / 0M, Empty: 0M, Relocated: 0M, In-Place: 0
[210.491s][info][gc,reloc    ] GC(73) Forwarding Usage: 1M
[210.491s][info][gc,heap     ] GC(73) Min Capacity: 8M(0%)
[210.491s][info][gc,heap     ] GC(73) Max Capacity: 30718M(100%)
[210.491s][info][gc,heap     ] GC(73) Soft Max Capacity: 30718M(100%)
[210.491s][info][gc,heap     ] GC(73)                Mark Start          Mark End        Relocate Start      Relocate End           High               Low         
[210.491s][info][gc,heap     ] GC(73)  Capacity:    19472M (63%)       19472M (63%)       19472M (63%)       19472M (63%)       19472M (63%)       19472M (63%)    
[210.491s][info][gc,heap     ] GC(73)      Free:    29110M (95%)       29110M (95%)       30640M (100%)      30692M (100%)      30692M (100%)      29110M (95%)    
[210.491s][info][gc,heap     ] GC(73)      Used:     1608M (5%)         1608M (5%)           78M (0%)           26M (0%)         1608M (5%)           26M (0%)     
[210.491s][info][gc,heap     ] GC(73)      Live:         -                 6M (0%)            6M (0%)            6M (0%)             -                  -          
[210.491s][info][gc,heap     ] GC(73) Allocated:         -                 0M (0%)            0M (0%)            0M (0%)             -                  -          
[210.491s][info][gc,heap     ] GC(73)   Garbage:         -              1601M (5%)           71M (0%)           19M (0%)             -                  -          
[210.491s][info][gc,heap     ] GC(73) Reclaimed:         -                  -              1530M (5%)         1582M (5%)             -                  -          
[210.491s][info][gc          ] GC(73) Garbage Collection (System.gc()) 1608M(5%)->26M(0%)
[220.116s][info][gc,stats    ] === Garbage Collection Statistics =======================================================================================================================
[220.116s][info][gc,stats    ]                                                              Last 10s              Last 10m              Last 10h                Total
[220.116s][info][gc,stats    ]                                                              Avg / Max             Avg / Max             Avg / Max             Avg / Max
[220.116s][info][gc,stats    ]   Collector: Garbage Collection Cycle                    145.226 / 145.226      39.182 / 159.419      39.182 / 159.419      39.182 / 159.419     ms
[220.116s][info][gc,stats    ]  Contention: Mark Segment Reset Contention                     0 / 3                 1 / 26                1 / 26                1 / 26          ops/s
[220.116s][info][gc,stats    ]  Contention: Mark SeqNum Reset Contention                      0 / 3                 0 / 3                 0 / 3                 0 / 3           ops/s
[220.116s][info][gc,stats    ]    Critical: Allocation Stall                                  0 / 0                 0 / 0                 0 / 0                 0 / 0           ops/s
[220.116s][info][gc,stats    ]    Critical: Allocation Stall                              0.000 / 0.000         0.000 / 0.000         0.000 / 0.000         0.000 / 0.000       ms
[220.116s][info][gc,stats    ]    Critical: GC Locker Stall                                   0 / 0                 0 / 0                 0 / 0                 0 / 0           ops/s
[220.116s][info][gc,stats    ]    Critical: GC Locker Stall                               0.000 / 0.000         0.000 / 0.000         0.000 / 0.000         0.000 / 0.000       ms
[220.116s][info][gc,stats    ]    Critical: Relocation Stall                                  0 / 0                 0 / 0                 0 / 0                 0 / 0           ops/s
[220.116s][info][gc,stats    ]    Critical: Relocation Stall                              0.000 / 0.000         0.000 / 0.000         0.000 / 0.000         0.000 / 0.000       ms
[220.116s][info][gc,stats    ]      Memory: Allocation Rate                                1818 / 1844           1830 / 2304           1830 / 2304           1830 / 2304        MB/s
[220.116s][info][gc,stats    ]      Memory: Defragment                                        0 / 0                 0 / 0                 0 / 0                 0 / 0           ops/s
[220.116s][info][gc,stats    ]      Memory: Out Of Memory                                     0 / 0                 0 / 0                 0 / 0                 0 / 0           ops/s
[220.116s][info][gc,stats    ]      Memory: Page Cache Flush                                  0 / 0                 0 / 0                 0 / 0                 0 / 0           MB/s
[220.116s][info][gc,stats    ]      Memory: Page Cache Hit L1                               910 / 922             875 / 1152            875 / 1152            875 / 1152        ops/s
[220.116s][info][gc,stats    ]      Memory: Page Cache Hit L2                                 0 / 0                 0 / 0                 0 / 0                 0 / 0           ops/s
[220.116s][info][gc,stats    ]      Memory: Page Cache Hit L3                                 0 / 0                 4 / 613               4 / 613               4 / 613         ops/s
[220.116s][info][gc,stats    ]      Memory: Page Cache Miss                                   0 / 0                39 / 740              39 / 740              39 / 740         ops/s
[220.116s][info][gc,stats    ]      Memory: Uncommit                                          0 / 0                 0 / 0                 0 / 0                 0 / 0           MB/s
[220.116s][info][gc,stats    ]      Memory: Undo Object Allocation Failed                     0 / 0                 0 / 2                 0 / 2                 0 / 2           ops/s
[220.116s][info][gc,stats    ]      Memory: Undo Object Allocation Succeeded                  0 / 0                 8 / 68                8 / 68                8 / 68          ops/s
[220.116s][info][gc,stats    ]      Memory: Undo Page Allocation                              0 / 0                 1 / 25                1 / 25                1 / 25          ops/s
[220.116s][info][gc,stats    ]       Phase: Concurrent Mark                             125.913 / 125.913      16.901 / 125.913      16.901 / 125.913      16.901 / 125.913     ms
[220.116s][info][gc,stats    ]       Phase: Concurrent Mark Continue                      0.000 / 0.000         0.000 / 0.000         0.000 / 0.000         0.000 / 0.000       ms
[220.116s][info][gc,stats    ]       Phase: Concurrent Mark Free                          0.001 / 0.001         0.001 / 0.002         0.001 / 0.002         0.001 / 0.002       ms
[220.116s][info][gc,stats    ]       Phase: Concurrent Process Non-Strong References     12.352 / 12.352        8.538 / 43.378        8.538 / 43.378        8.538 / 43.378      ms
[220.116s][info][gc,stats    ]       Phase: Concurrent Relocate                           1.950 / 1.950         3.058 / 4.517         3.058 / 4.517         3.058 / 4.517       ms
[220.116s][info][gc,stats    ]       Phase: Concurrent Reset Relocation Set               0.013 / 0.013         0.017 / 0.048         0.017 / 0.048         0.017 / 0.048       ms
[220.116s][info][gc,stats    ]       Phase: Concurrent Select Relocation Set              4.162 / 4.162         6.214 / 17.171        6.214 / 17.171        6.214 / 17.171      ms
[220.116s][info][gc,stats    ]       Phase: Pause Mark End                                0.020 / 0.020         0.020 / 0.065         0.020 / 0.065         0.020 / 0.065       ms
[220.116s][info][gc,stats    ]       Phase: Pause Mark Start                              0.017 / 0.017         0.013 / 0.020         0.013 / 0.020         0.013 / 0.020       ms
[220.116s][info][gc,stats    ]       Phase: Pause Relocate Start                          0.007 / 0.007         0.007 / 0.021         0.007 / 0.021         0.007 / 0.021       ms
[220.116s][info][gc,stats    ]    Subphase: Concurrent Classes Purge                      0.003 / 0.003         0.127 / 7.344         0.127 / 7.344         0.127 / 7.344       ms
[220.116s][info][gc,stats    ]    Subphase: Concurrent Classes Unlink                     0.567 / 0.567         0.682 / 8.444         0.682 / 8.444         0.682 / 8.444       ms
[220.116s][info][gc,stats    ]    Subphase: Concurrent Mark                             123.774 / 125.082      15.055 / 125.082      15.055 / 125.082      15.055 / 125.082     ms
[220.116s][info][gc,stats    ]    Subphase: Concurrent Mark Try Flush                    34.482 / 103.373       0.936 / 103.373       0.936 / 103.373       0.936 / 103.373     ms
[220.116s][info][gc,stats    ]    Subphase: Concurrent Mark Try Terminate                13.230 / 103.374       2.573 / 103.374       2.573 / 103.374       2.573 / 103.374     ms
[220.116s][info][gc,stats    ]    Subphase: Concurrent References Enqueue                 0.000 / 0.000         0.001 / 0.005         0.001 / 0.005         0.001 / 0.005       ms
[220.116s][info][gc,stats    ]    Subphase: Concurrent References Process                 0.038 / 0.038         0.049 / 0.083         0.049 / 0.083         0.049 / 0.083       ms
[220.116s][info][gc,stats    ]    Subphase: Concurrent Roots ClassLoaderDataGraph         0.032 / 0.281         0.076 / 1.506         0.076 / 1.506         0.076 / 1.506       ms
[220.116s][info][gc,stats    ]    Subphase: Concurrent Roots CodeCache                    0.000 / 0.000         0.000 / 0.000         0.000 / 0.000         0.000 / 0.000       ms
[220.116s][info][gc,stats    ]    Subphase: Concurrent Roots JavaThreads                  0.119 / 0.744         0.638 / 9.683         0.638 / 9.683         0.638 / 9.683       ms
[220.116s][info][gc,stats    ]    Subphase: Concurrent Roots OopStorageSet                0.012 / 0.031         0.085 / 1.312         0.085 / 1.312         0.085 / 1.312       ms
[220.116s][info][gc,stats    ]    Subphase: Concurrent Weak Roots OopStorageSet          11.660 / 11.675        7.107 / 12.996        7.107 / 12.996        7.107 / 12.996      ms
[220.116s][info][gc,stats    ]    Subphase: Pause Mark Try Complete                       0.000 / 0.000         0.002 / 0.004         0.002 / 0.004         0.002 / 0.004       ms
[220.116s][info][gc,stats    ]      System: Java Threads                                     11 / 11               46 / 62               46 / 62               46 / 62          threads
[220.116s][info][gc,stats    ] =========================================================================================================================================================
[221.471s][info][gc,start    ] GC(74) Garbage Collection (System.gc())
[221.471s][info][gc,task     ] GC(74) Using 12 workers
[221.471s][info][gc,phases   ] GC(74) Pause Mark Start 0.017ms
[221.485s][info][gc,phases   ] GC(74) Concurrent Mark 13.788ms
[221.485s][info][gc,phases   ] GC(74) Pause Mark End 0.018ms
[221.485s][info][gc,phases   ] GC(74) Concurrent Mark Free 0.001ms
[221.498s][info][gc,phases   ] GC(74) Concurrent Process Non-Strong References 12.829ms
[221.498s][info][gc,phases   ] GC(74) Concurrent Reset Relocation Set 0.004ms
[221.504s][info][gc,phases   ] GC(74) Concurrent Select Relocation Set 5.250ms
[221.504s][info][gc,phases   ] GC(74) Pause Relocate Start 0.007ms
[221.506s][info][gc,phases   ] GC(74) Concurrent Relocate 1.909ms
[221.506s][info][gc,load     ] GC(74) Load: 0.00/0.00/0.00
[221.506s][info][gc,mmu      ] GC(74) MMU: 2ms/96.7%, 5ms/98.7%, 10ms/99.3%, 20ms/99.6%, 50ms/99.8%, 100ms/99.9%
[221.506s][info][gc,marking  ] GC(74) Mark: 8 stripe(s), 1 proactive flush(es), 1 terminate flush(es), 0 completion(s), 0 continuation(s) 
[221.506s][info][gc,marking  ] GC(74) Mark Stack Usage: 32M
[221.506s][info][gc,nmethod  ] GC(74) NMethods: 2307 registered, 16 unregistered
[221.506s][info][gc,metaspace] GC(74) Metaspace: 13M used, 14M committed, 1088M reserved
[221.506s][info][gc,ref      ] GC(74) Soft: 211 encountered, 0 discovered, 0 enqueued
[221.506s][info][gc,ref      ] GC(74) Weak: 629 encountered, 73 discovered, 2 enqueued
[221.506s][info][gc,ref      ] GC(74) Final: 0 encountered, 0 discovered, 0 enqueued
[221.506s][info][gc,ref      ] GC(74) Phantom: 59 encountered, 37 discovered, 0 enqueued
[221.506s][info][gc,reloc    ] GC(74) Small Pages: 10021 / 20042M, Empty: 20004M, Relocated: 4M, In-Place: 0
[221.506s][info][gc,reloc    ] GC(74) Medium Pages: 0 / 0M, Empty: 0M, Relocated: 0M, In-Place: 0
[221.506s][info][gc,reloc    ] GC(74) Large Pages: 0 / 0M, Empty: 0M, Relocated: 0M, In-Place: 0
[221.506s][info][gc,reloc    ] GC(74) Forwarding Usage: 1M
[221.506s][info][gc,heap     ] GC(74) Min Capacity: 8M(0%)
[221.506s][info][gc,heap     ] GC(74) Max Capacity: 30718M(100%)
[221.506s][info][gc,heap     ] GC(74) Soft Max Capacity: 30718M(100%)
[221.506s][info][gc,heap     ] GC(74)                Mark Start          Mark End        Relocate Start      Relocate End           High               Low         
[221.506s][info][gc,heap     ] GC(74)  Capacity:    20042M (65%)       20042M (65%)       20042M (65%)       20042M (65%)       20042M (65%)       20042M (65%)    
[221.506s][info][gc,heap     ] GC(74)      Free:    10676M (35%)       10676M (35%)       30680M (100%)      30692M (100%)      30692M (100%)      10676M (35%)    
[221.506s][info][gc,heap     ] GC(74)      Used:    20042M (65%)       20042M (65%)          38M (0%)           26M (0%)        20042M (65%)          26M (0%)     
[221.506s][info][gc,heap     ] GC(74)      Live:         -                 6M (0%)            6M (0%)            6M (0%)             -                  -          
[221.506s][info][gc,heap     ] GC(74) Allocated:         -                 0M (0%)            0M (0%)            0M (0%)             -                  -          
[221.506s][info][gc,heap     ] GC(74)   Garbage:         -             20035M (65%)          31M (0%)           19M (0%)             -                  -          
[221.506s][info][gc,heap     ] GC(74) Reclaimed:         -                  -             20004M (65%)       20016M (65%)            -                  -          
[221.506s][info][gc          ] GC(74) Garbage Collection (System.gc()) 20042M(65%)->26M(0%)
[230.115s][info][gc,stats    ] === Garbage Collection Statistics =======================================================================================================================
[230.115s][info][gc,stats    ]                                                              Last 10s              Last 10m              Last 10h                Total
[230.115s][info][gc,stats    ]                                                              Avg / Max             Avg / Max             Avg / Max             Avg / Max
[230.115s][info][gc,stats    ]   Collector: Garbage Collection Cycle                     34.740 / 34.740       39.123 / 159.419      39.123 / 159.419      39.123 / 159.419     ms
[230.115s][info][gc,stats    ]  Contention: Mark Segment Reset Contention                     0 / 2                 1 / 26                1 / 26                1 / 26          ops/s
[230.115s][info][gc,stats    ]  Contention: Mark SeqNum Reset Contention                      0 / 1                 0 / 3                 0 / 3                 0 / 3           ops/s
[230.115s][info][gc,stats    ]    Critical: Allocation Stall                                  0 / 0                 0 / 0                 0 / 0                 0 / 0           ops/s
[230.115s][info][gc,stats    ]    Critical: Allocation Stall                              0.000 / 0.000         0.000 / 0.000         0.000 / 0.000         0.000 / 0.000       ms
[230.115s][info][gc,stats    ]    Critical: GC Locker Stall                                   0 / 0                 0 / 0                 0 / 0                 0 / 0           ops/s
[230.116s][info][gc,stats    ]    Critical: GC Locker Stall                               0.000 / 0.000         0.000 / 0.000         0.000 / 0.000         0.000 / 0.000       ms
[230.116s][info][gc,stats    ]    Critical: Relocation Stall                                  0 / 0                 0 / 0                 0 / 0                 0 / 0           ops/s
[230.116s][info][gc,stats    ]    Critical: Relocation Stall                              0.000 / 0.000         0.000 / 0.000         0.000 / 0.000         0.000 / 0.000       ms
[230.116s][info][gc,stats    ]      Memory: Allocation Rate                                1825 / 1856           1830 / 2304           1830 / 2304           1830 / 2304        MB/s
[230.116s][info][gc,stats    ]      Memory: Defragment                                        0 / 0                 0 / 0                 0 / 0                 0 / 0           ops/s
[230.116s][info][gc,stats    ]      Memory: Out Of Memory                                     0 / 0                 0 / 0                 0 / 0                 0 / 0           ops/s
[230.116s][info][gc,stats    ]      Memory: Page Cache Flush                                  0 / 0                 0 / 0                 0 / 0                 0 / 0           MB/s
[230.116s][info][gc,stats    ]      Memory: Page Cache Hit L1                               885 / 928             875 / 1152            875 / 1152            875 / 1152        ops/s
[230.116s][info][gc,stats    ]      Memory: Page Cache Hit L2                                 0 / 0                 0 / 0                 0 / 0                 0 / 0           ops/s
[230.116s][info][gc,stats    ]      Memory: Page Cache Hit L3                                 0 / 0                 4 / 613               4 / 613               4 / 613         ops/s
[230.116s][info][gc,stats    ]      Memory: Page Cache Miss                                  28 / 285              39 / 740              39 / 740              39 / 740         ops/s
[230.116s][info][gc,stats    ]      Memory: Uncommit                                          0 / 0                 0 / 0                 0 / 0                 0 / 0           MB/s
[230.116s][info][gc,stats    ]      Memory: Undo Object Allocation Failed                     0 / 0                 0 / 2                 0 / 2                 0 / 2           ops/s
[230.116s][info][gc,stats    ]      Memory: Undo Object Allocation Succeeded                  0 / 0                 8 / 68                8 / 68                8 / 68          ops/s
[230.116s][info][gc,stats    ]      Memory: Undo Page Allocation                              0 / 1                 1 / 25                1 / 25                1 / 25          ops/s
[230.116s][info][gc,stats    ]       Phase: Concurrent Mark                              13.788 / 13.788       16.859 / 125.913      16.859 / 125.913      16.859 / 125.913     ms
[230.116s][info][gc,stats    ]       Phase: Concurrent Mark Continue                      0.000 / 0.000         0.000 / 0.000         0.000 / 0.000         0.000 / 0.000       ms
[230.116s][info][gc,stats    ]       Phase: Concurrent Mark Free                          0.001 / 0.001         0.001 / 0.002         0.001 / 0.002         0.001 / 0.002       ms
[230.116s][info][gc,stats    ]       Phase: Concurrent Process Non-Strong References     12.829 / 12.829        8.596 / 43.378        8.596 / 43.378        8.596 / 43.378      ms
[230.116s][info][gc,stats    ]       Phase: Concurrent Relocate                           1.909 / 1.909         3.043 / 4.517         3.043 / 4.517         3.043 / 4.517       ms
[230.116s][info][gc,stats    ]       Phase: Concurrent Reset Relocation Set               0.004 / 0.004         0.017 / 0.048         0.017 / 0.048         0.017 / 0.048       ms
[230.116s][info][gc,stats    ]       Phase: Concurrent Select Relocation Set              5.250 / 5.250         6.201 / 17.171        6.201 / 17.171        6.201 / 17.171      ms
[230.116s][info][gc,stats    ]       Phase: Pause Mark End                                0.018 / 0.018         0.020 / 0.065         0.020 / 0.065         0.020 / 0.065       ms
[230.116s][info][gc,stats    ]       Phase: Pause Mark Start                              0.017 / 0.017         0.013 / 0.020         0.013 / 0.020         0.013 / 0.020       ms
[230.116s][info][gc,stats    ]       Phase: Pause Relocate Start                          0.007 / 0.007         0.007 / 0.021         0.007 / 0.021         0.007 / 0.021       ms
[230.116s][info][gc,stats    ]    Subphase: Concurrent Classes Purge                      0.004 / 0.004         0.125 / 7.344         0.125 / 7.344         0.125 / 7.344       ms
[230.116s][info][gc,stats    ]    Subphase: Concurrent Classes Unlink                     0.682 / 0.682         0.682 / 8.444         0.682 / 8.444         0.682 / 8.444       ms
[230.116s][info][gc,stats    ]    Subphase: Concurrent Mark                              12.250 / 12.902       15.017 / 125.082      15.017 / 125.082      15.017 / 125.082     ms
[230.116s][info][gc,stats    ]    Subphase: Concurrent Mark Try Flush                     0.045 / 0.048         0.931 / 103.373       0.931 / 103.373       0.931 / 103.373     ms
[230.116s][info][gc,stats    ]    Subphase: Concurrent Mark Try Terminate                 8.493 / 11.167        2.599 / 103.374       2.599 / 103.374       2.599 / 103.374     ms
[230.116s][info][gc,stats    ]    Subphase: Concurrent References Enqueue                 0.004 / 0.004         0.001 / 0.005         0.001 / 0.005         0.001 / 0.005       ms
[230.116s][info][gc,stats    ]    Subphase: Concurrent References Process                 0.035 / 0.035         0.049 / 0.083         0.049 / 0.083         0.049 / 0.083       ms
[230.116s][info][gc,stats    ]    Subphase: Concurrent Roots ClassLoaderDataGraph         0.056 / 0.435         0.076 / 1.506         0.076 / 1.506         0.076 / 1.506       ms
[230.116s][info][gc,stats    ]    Subphase: Concurrent Roots CodeCache                    0.000 / 0.000         0.000 / 0.000         0.000 / 0.000         0.000 / 0.000       ms
[230.116s][info][gc,stats    ]    Subphase: Concurrent Roots JavaThreads                  0.128 / 0.785         0.632 / 9.683         0.632 / 9.683         0.632 / 9.683       ms
[230.116s][info][gc,stats    ]    Subphase: Concurrent Roots OopStorageSet                0.011 / 0.035         0.084 / 1.312         0.084 / 1.312         0.084 / 1.312       ms
[230.116s][info][gc,stats    ]    Subphase: Concurrent Weak Roots OopStorageSet          12.006 / 12.021        7.172 / 12.996        7.172 / 12.996        7.172 / 12.996      ms
[230.116s][info][gc,stats    ]    Subphase: Pause Mark Try Complete                       0.000 / 0.000         0.002 / 0.004         0.002 / 0.004         0.002 / 0.004       ms
[230.116s][info][gc,stats    ]      System: Java Threads                                     11 / 11               46 / 62               46 / 62               46 / 62          threads
[230.116s][info][gc,stats    ] =========================================================================================================================================================
[231.816s][info][gc,start    ] GC(75) Garbage Collection (Proactive)
[231.816s][info][gc,task     ] GC(75) Using 12 workers
[231.816s][info][gc,phases   ] GC(75) Pause Mark Start 0.012ms
[231.828s][info][gc,phases   ] GC(75) Concurrent Mark 12.316ms
[231.828s][info][gc,phases   ] GC(75) Pause Mark End 0.018ms
[231.828s][info][gc,phases   ] GC(75) Concurrent Mark Free 0.001ms
[231.838s][info][gc,phases   ] GC(75) Concurrent Process Non-Strong References 9.583ms
[231.838s][info][gc,phases   ] GC(75) Concurrent Reset Relocation Set 0.003ms
[231.848s][info][gc,phases   ] GC(75) Concurrent Select Relocation Set 9.716ms
[231.848s][info][gc,phases   ] GC(75) Pause Relocate Start 0.006ms
[231.852s][info][gc,phases   ] GC(75) Concurrent Relocate 3.923ms
[231.852s][info][gc,load     ] GC(75) Load: 0.00/0.00/0.00
[231.852s][info][gc,mmu      ] GC(75) MMU: 2ms/96.7%, 5ms/98.7%, 10ms/99.3%, 20ms/99.6%, 50ms/99.8%, 100ms/99.9%
[231.852s][info][gc,marking  ] GC(75) Mark: 8 stripe(s), 5 proactive flush(es), 1 terminate flush(es), 0 completion(s), 0 continuation(s) 
[231.852s][info][gc,marking  ] GC(75) Mark Stack Usage: 32M
[231.852s][info][gc,nmethod  ] GC(75) NMethods: 2307 registered, 17 unregistered
[231.852s][info][gc,metaspace] GC(75) Metaspace: 13M used, 14M committed, 1088M reserved
[231.852s][info][gc,ref      ] GC(75) Soft: 211 encountered, 0 discovered, 0 enqueued
[231.852s][info][gc,ref      ] GC(75) Weak: 713 encountered, 65 discovered, 0 enqueued
[231.852s][info][gc,ref      ] GC(75) Final: 0 encountered, 0 discovered, 0 enqueued
[231.852s][info][gc,ref      ] GC(75) Phantom: 59 encountered, 33 discovered, 0 enqueued
[231.852s][info][gc,reloc    ] GC(75) Small Pages: 9482 / 18964M, Empty: 18258M, Relocated: 8M, In-Place: 0
[231.852s][info][gc,reloc    ] GC(75) Medium Pages: 0 / 0M, Empty: 0M, Relocated: 0M, In-Place: 0
[231.852s][info][gc,reloc    ] GC(75) Large Pages: 0 / 0M, Empty: 0M, Relocated: 0M, In-Place: 0
[231.852s][info][gc,reloc    ] GC(75) Forwarding Usage: 1M
[231.852s][info][gc,heap     ] GC(75) Min Capacity: 8M(0%)
[231.852s][info][gc,heap     ] GC(75) Max Capacity: 30718M(100%)
[231.852s][info][gc,heap     ] GC(75) Soft Max Capacity: 30718M(100%)
[231.852s][info][gc,heap     ] GC(75)                Mark Start          Mark End        Relocate Start      Relocate End           High               Low         
[231.852s][info][gc,heap     ] GC(75)  Capacity:    20042M (65%)       20042M (65%)       20042M (65%)       20042M (65%)       20042M (65%)       20042M (65%)    
[231.852s][info][gc,heap     ] GC(75)      Free:    11754M (38%)       11670M (38%)       29912M (97%)       30582M (100%)      30582M (100%)      11666M (38%)    
[231.852s][info][gc,heap     ] GC(75)      Used:    18964M (62%)       19048M (62%)         806M (3%)          136M (0%)        19052M (62%)         136M (0%)     
[231.852s][info][gc,heap     ] GC(75)      Live:         -                 9M (0%)            9M (0%)            9M (0%)             -                  -          
[231.852s][info][gc,heap     ] GC(75) Allocated:         -                84M (0%)          100M (0%)          108M (0%)             -                  -          
[231.852s][info][gc,heap     ] GC(75)   Garbage:         -             18954M (62%)         696M (2%)           17M (0%)             -                  -          
[231.852s][info][gc,heap     ] GC(75) Reclaimed:         -                  -             18258M (59%)       18936M (62%)            -                  -          
[231.852s][info][gc          ] GC(75) Garbage Collection (Proactive) 18964M(62%)->136M(0%)
[232.402s][info][gc,start    ] GC(76) Garbage Collection (System.gc())
[232.402s][info][gc,task     ] GC(76) Using 12 workers
[232.402s][info][gc,phases   ] GC(76) Pause Mark Start 0.017ms
[232.416s][info][gc,phases   ] GC(76) Concurrent Mark 13.866ms
[232.416s][info][gc,phases   ] GC(76) Pause Mark End 0.021ms
[232.445s][info][gc,phases   ] GC(76) Concurrent Mark Free 0.001ms
[232.459s][info][gc,phases   ] GC(76) Concurrent Process Non-Strong References 13.572ms
[232.459s][info][gc,phases   ] GC(76) Concurrent Reset Relocation Set 0.041ms
[232.464s][info][gc,phases   ] GC(76) Concurrent Select Relocation Set 4.930ms
[232.464s][info][gc,phases   ] GC(76) Pause Relocate Start 0.010ms
[232.467s][info][gc,phases   ] GC(76) Concurrent Relocate 2.856ms
[232.467s][info][gc,load     ] GC(76) Load: 0.00/0.00/0.00
[232.467s][info][gc,mmu      ] GC(76) MMU: 2ms/96.7%, 5ms/98.7%, 10ms/99.3%, 20ms/99.6%, 50ms/99.8%, 100ms/99.9%
[232.467s][info][gc,marking  ] GC(76) Mark: 8 stripe(s), 2 proactive flush(es), 1 terminate flush(es), 0 completion(s), 0 continuation(s) 
[232.467s][info][gc,marking  ] GC(76) Mark Stack Usage: 32M
[232.467s][info][gc,nmethod  ] GC(76) NMethods: 2308 registered, 17 unregistered
[232.467s][info][gc,metaspace] GC(76) Metaspace: 13M used, 14M committed, 1088M reserved
[232.467s][info][gc,ref      ] GC(76) Soft: 211 encountered, 0 discovered, 0 enqueued
[232.467s][info][gc,ref      ] GC(76) Weak: 623 encountered, 12 discovered, 0 enqueued
[232.467s][info][gc,ref      ] GC(76) Final: 0 encountered, 0 discovered, 0 enqueued
[232.467s][info][gc,ref      ] GC(76) Phantom: 59 encountered, 37 discovered, 0 enqueued
[232.467s][info][gc,reloc    ] GC(76) Small Pages: 676 / 1352M, Empty: 1276M, Relocated: 4M, In-Place: 0
[232.467s][info][gc,reloc    ] GC(76) Medium Pages: 0 / 0M, Empty: 0M, Relocated: 0M, In-Place: 0
[232.467s][info][gc,reloc    ] GC(76) Large Pages: 0 / 0M, Empty: 0M, Relocated: 0M, In-Place: 0
[232.467s][info][gc,reloc    ] GC(76) Forwarding Usage: 1M
[232.467s][info][gc,heap     ] GC(76) Min Capacity: 8M(0%)
[232.467s][info][gc,heap     ] GC(76) Max Capacity: 30718M(100%)
[232.467s][info][gc,heap     ] GC(76) Soft Max Capacity: 30718M(100%)
[232.467s][info][gc,heap     ] GC(76)                Mark Start          Mark End        Relocate Start      Relocate End           High               Low         
[232.467s][info][gc,heap     ] GC(76)  Capacity:    20042M (65%)       20042M (65%)       20042M (65%)       20042M (65%)       20042M (65%)       20042M (65%)    
[232.467s][info][gc,heap     ] GC(76)      Free:    29366M (96%)       29366M (96%)       30642M (100%)      30692M (100%)      30692M (100%)      29366M (96%)    
[232.467s][info][gc,heap     ] GC(76)      Used:     1352M (4%)         1352M (4%)           76M (0%)           26M (0%)         1352M (4%)           26M (0%)     
[232.468s][info][gc,heap     ] GC(76)      Live:         -                 6M (0%)            6M (0%)            6M (0%)             -                  -          
[232.468s][info][gc,heap     ] GC(76) Allocated:         -                 0M (0%)            0M (0%)            0M (0%)             -                  -          
[232.468s][info][gc,heap     ] GC(76)   Garbage:         -              1345M (4%)           69M (0%)           19M (0%)             -                  -          
[232.468s][info][gc,heap     ] GC(76) Reclaimed:         -                  -              1276M (4%)         1326M (4%)             -                  -          
[232.468s][info][gc          ] GC(76) Garbage Collection (System.gc()) 1352M(4%)->26M(0%)
[239.716s][info][gc,start    ] GC(77) Garbage Collection (Proactive)
[239.716s][info][gc,task     ] GC(77) Using 12 workers
[239.717s][info][gc,phases   ] GC(77) Pause Mark Start 0.010ms
[239.728s][info][gc,phases   ] GC(77) Concurrent Mark 11.514ms
[239.728s][info][gc,phases   ] GC(77) Pause Mark End 0.022ms
[239.728s][info][gc,phases   ] GC(77) Concurrent Mark Free 0.001ms
[239.739s][info][gc,phases   ] GC(77) Concurrent Process Non-Strong References 10.498ms
[239.739s][info][gc,phases   ] GC(77) Concurrent Reset Relocation Set 0.006ms
[239.748s][info][gc,phases   ] GC(77) Concurrent Select Relocation Set 8.673ms
[239.748s][info][gc,phases   ] GC(77) Pause Relocate Start 0.009ms
[239.751s][info][gc,phases   ] GC(77) Concurrent Relocate 2.803ms
[239.751s][info][gc,load     ] GC(77) Load: 0.00/0.00/0.00
[239.751s][info][gc,mmu      ] GC(77) MMU: 2ms/96.7%, 5ms/98.7%, 10ms/99.3%, 20ms/99.6%, 50ms/99.8%, 100ms/99.9%
[239.751s][info][gc,marking  ] GC(77) Mark: 8 stripe(s), 2 proactive flush(es), 1 terminate flush(es), 0 completion(s), 0 continuation(s) 
[239.751s][info][gc,marking  ] GC(77) Mark Stack Usage: 32M
[239.751s][info][gc,nmethod  ] GC(77) NMethods: 2336 registered, 17 unregistered
[239.751s][info][gc,metaspace] GC(77) Metaspace: 13M used, 14M committed, 1088M reserved
[239.751s][info][gc,ref      ] GC(77) Soft: 211 encountered, 0 discovered, 0 enqueued
[239.751s][info][gc,ref      ] GC(77) Weak: 729 encountered, 93 discovered, 2 enqueued
[239.751s][info][gc,ref      ] GC(77) Final: 0 encountered, 0 discovered, 0 enqueued
[239.751s][info][gc,ref      ] GC(77) Phantom: 59 encountered, 42 discovered, 0 enqueued
[239.751s][info][gc,reloc    ] GC(77) Small Pages: 5741 / 11482M, Empty: 11002M, Relocated: 8M, In-Place: 0
[239.751s][info][gc,reloc    ] GC(77) Medium Pages: 0 / 0M, Empty: 0M, Relocated: 0M, In-Place: 0
[239.751s][info][gc,reloc    ] GC(77) Large Pages: 0 / 0M, Empty: 0M, Relocated: 0M, In-Place: 0
[239.751s][info][gc,reloc    ] GC(77) Forwarding Usage: 1M
[239.751s][info][gc,heap     ] GC(77) Min Capacity: 8M(0%)
[239.751s][info][gc,heap     ] GC(77) Max Capacity: 30718M(100%)
[239.751s][info][gc,heap     ] GC(77) Soft Max Capacity: 30718M(100%)
[239.751s][info][gc,heap     ] GC(77)                Mark Start          Mark End        Relocate Start      Relocate End           High               Low         
[239.751s][info][gc,heap     ] GC(77)  Capacity:    20042M (65%)       20042M (65%)       20042M (65%)       20042M (65%)       20042M (65%)       20042M (65%)    
[239.751s][info][gc,heap     ] GC(77)      Free:    19236M (63%)       19152M (62%)       30144M (98%)       30590M (100%)      30590M (100%)      19144M (62%)    
[239.751s][info][gc,heap     ] GC(77)      Used:    11482M (37%)       11566M (38%)         574M (2%)          128M (0%)        11574M (38%)         128M (0%)     
[239.751s][info][gc,heap     ] GC(77)      Live:         -                 9M (0%)            9M (0%)            9M (0%)             -                  -          
[239.751s][info][gc,heap     ] GC(77) Allocated:         -                84M (0%)           94M (0%)          100M (0%)             -                  -          
[239.751s][info][gc,heap     ] GC(77)   Garbage:         -             11472M (37%)         470M (2%)           17M (0%)             -                  -          
[239.751s][info][gc,heap     ] GC(77) Reclaimed:         -                  -             11002M (36%)       11454M (37%)            -                  -          
[239.751s][info][gc          ] GC(77) Garbage Collection (Proactive) 11482M(37%)->128M(0%)
[240.115s][info][gc,stats    ] === Garbage Collection Statistics =======================================================================================================================
[240.115s][info][gc,stats    ]                                                              Last 10s              Last 10m              Last 10h                Total
[240.115s][info][gc,stats    ]                                                              Avg / Max             Avg / Max             Avg / Max             Avg / Max
[240.115s][info][gc,stats    ]   Collector: Garbage Collection Cycle                     45.421 / 65.248       39.365 / 159.419      39.365 / 159.419      39.365 / 159.419     ms
[240.115s][info][gc,stats    ]  Contention: Mark Segment Reset Contention                     1 / 9                 1 / 26                1 / 26                1 / 26          ops/s
[240.115s][info][gc,stats    ]  Contention: Mark SeqNum Reset Contention                      0 / 3                 0 / 3                 0 / 3                 0 / 3           ops/s
[240.115s][info][gc,stats    ]    Critical: Allocation Stall                                  0 / 0                 0 / 0                 0 / 0                 0 / 0           ops/s
[240.115s][info][gc,stats    ]    Critical: Allocation Stall                              0.000 / 0.000         0.000 / 0.000         0.000 / 0.000         0.000 / 0.000       ms
[240.116s][info][gc,stats    ]    Critical: GC Locker Stall                                   0 / 0                 0 / 0                 0 / 0                 0 / 0           ops/s
[240.116s][info][gc,stats    ]    Critical: GC Locker Stall                               0.000 / 0.000         0.000 / 0.000         0.000 / 0.000         0.000 / 0.000       ms
[240.116s][info][gc,stats    ]    Critical: Relocation Stall                                  0 / 0                 0 / 0                 0 / 0                 0 / 0           ops/s
[240.116s][info][gc,stats    ]    Critical: Relocation Stall                              0.000 / 0.000         0.000 / 0.000         0.000 / 0.000         0.000 / 0.000       ms
[240.116s][info][gc,stats    ]      Memory: Allocation Rate                                1661 / 1954           1823 / 2304           1823 / 2304           1823 / 2304        MB/s
[240.116s][info][gc,stats    ]      Memory: Defragment                                        0 / 0                 0 / 0                 0 / 0                 0 / 0           ops/s
[240.116s][info][gc,stats    ]      Memory: Out Of Memory                                     0 / 0                 0 / 0                 0 / 0                 0 / 0           ops/s
[240.116s][info][gc,stats    ]      Memory: Page Cache Flush                                  0 / 0                 0 / 0                 0 / 0                 0 / 0           MB/s
[240.116s][info][gc,stats    ]      Memory: Page Cache Hit L1                               834 / 989             873 / 1152            873 / 1152            873 / 1152        ops/s
[240.116s][info][gc,stats    ]      Memory: Page Cache Hit L2                                 0 / 0                 0 / 0                 0 / 0                 0 / 0           ops/s
[240.116s][info][gc,stats    ]      Memory: Page Cache Hit L3                                 0 / 0                 4 / 613               4 / 613               4 / 613         ops/s
[240.116s][info][gc,stats    ]      Memory: Page Cache Miss                                   0 / 0                37 / 740              37 / 740              37 / 740         ops/s
[240.116s][info][gc,stats    ]      Memory: Uncommit                                          0 / 0                 0 / 0                 0 / 0                 0 / 0           MB/s
[240.116s][info][gc,stats    ]      Memory: Undo Object Allocation Failed                     0 / 1                 0 / 2                 0 / 2                 0 / 2           ops/s
[240.116s][info][gc,stats    ]      Memory: Undo Object Allocation Succeeded                  8 / 52                8 / 68                8 / 68                8 / 68          ops/s
[240.116s][info][gc,stats    ]      Memory: Undo Page Allocation                              0 / 1                 1 / 25                1 / 25                1 / 25          ops/s
[240.116s][info][gc,stats    ]       Phase: Concurrent Mark                              12.565 / 13.866       16.694 / 125.913      16.694 / 125.913      16.694 / 125.913     ms
[240.116s][info][gc,stats    ]       Phase: Concurrent Mark Continue                      0.000 / 0.000         0.000 / 0.000         0.000 / 0.000         0.000 / 0.000       ms
[240.116s][info][gc,stats    ]       Phase: Concurrent Mark Free                          0.001 / 0.001         0.001 / 0.002         0.001 / 0.002         0.001 / 0.002       ms
[240.116s][info][gc,stats    ]       Phase: Concurrent Process Non-Strong References     11.218 / 13.572        8.696 / 43.378        8.696 / 43.378        8.696 / 43.378      ms
[240.116s][info][gc,stats    ]       Phase: Concurrent Relocate                           3.194 / 3.923         3.049 / 4.517         3.049 / 4.517         3.049 / 4.517       ms
[240.116s][info][gc,stats    ]       Phase: Concurrent Reset Relocation Set               0.017 / 0.041         0.017 / 0.048         0.017 / 0.048         0.017 / 0.048       ms
[240.116s][info][gc,stats    ]       Phase: Concurrent Select Relocation Set              7.773 / 9.716         6.262 / 17.171        6.262 / 17.171        6.262 / 17.171      ms
[240.116s][info][gc,stats    ]       Phase: Pause Mark End                                0.020 / 0.022         0.020 / 0.065         0.020 / 0.065         0.020 / 0.065       ms
[240.116s][info][gc,stats    ]       Phase: Pause Mark Start                              0.013 / 0.017         0.013 / 0.020         0.013 / 0.020         0.013 / 0.020       ms
[240.116s][info][gc,stats    ]       Phase: Pause Relocate Start                          0.008 / 0.010         0.007 / 0.021         0.007 / 0.021         0.007 / 0.021       ms
[240.116s][info][gc,stats    ]    Subphase: Concurrent Classes Purge                      0.010 / 0.016         0.121 / 7.344         0.121 / 7.344         0.121 / 7.344       ms
[240.116s][info][gc,stats    ]    Subphase: Concurrent Classes Unlink                     0.628 / 0.676         0.680 / 8.444         0.680 / 8.444         0.680 / 8.444       ms
[240.116s][info][gc,stats    ]    Subphase: Concurrent Mark                              11.612 / 13.272       14.886 / 125.082      14.886 / 125.082      14.886 / 125.082     ms
[240.116s][info][gc,stats    ]    Subphase: Concurrent Mark Try Flush                     0.079 / 0.177         0.899 / 103.373       0.899 / 103.373       0.899 / 103.373     ms
[240.116s][info][gc,stats    ]    Subphase: Concurrent Mark Try Terminate                 2.667 / 11.831        2.601 / 103.374       2.601 / 103.374       2.601 / 103.374     ms
[240.116s][info][gc,stats    ]    Subphase: Concurrent References Enqueue                 0.002 / 0.005         0.001 / 0.005         0.001 / 0.005         0.001 / 0.005       ms
[240.116s][info][gc,stats    ]    Subphase: Concurrent References Process                 0.043 / 0.056         0.049 / 0.083         0.049 / 0.083         0.049 / 0.083       ms
[240.116s][info][gc,stats    ]    Subphase: Concurrent Roots ClassLoaderDataGraph         0.037 / 0.437         0.074 / 1.506         0.074 / 1.506         0.074 / 1.506       ms
[240.116s][info][gc,stats    ]    Subphase: Concurrent Roots CodeCache                    0.000 / 0.000         0.000 / 0.000         0.000 / 0.000         0.000 / 0.000       ms
[240.116s][info][gc,stats    ]    Subphase: Concurrent Roots JavaThreads                  0.279 / 0.814         0.618 / 9.683         0.618 / 9.683         0.618 / 9.683       ms
[240.116s][info][gc,stats    ]    Subphase: Concurrent Roots OopStorageSet                0.010 / 0.035         0.081 / 1.312         0.081 / 1.312         0.081 / 1.312       ms
[240.116s][info][gc,stats    ]    Subphase: Concurrent Weak Roots OopStorageSet          10.388 / 12.774        7.296 / 12.996        7.296 / 12.996        7.296 / 12.996      ms
[240.116s][info][gc,stats    ]    Subphase: Pause Mark Try Complete                       0.000 / 0.000         0.002 / 0.004         0.002 / 0.004         0.002 / 0.004       ms
[240.116s][info][gc,stats    ]      System: Java Threads                                     42 / 62               46 / 62               46 / 62               46 / 62          threads
[240.116s][info][gc,stats    ] =========================================================================================================================================================
[244.916s][info][gc,start    ] GC(78) Garbage Collection (Proactive)
[244.916s][info][gc,task     ] GC(78) Using 12 workers
[244.917s][info][gc,phases   ] GC(78) Pause Mark Start 0.014ms
[244.931s][info][gc,phases   ] GC(78) Concurrent Mark 14.594ms
[244.931s][info][gc,phases   ] GC(78) Pause Mark End 0.018ms
[244.932s][info][gc,phases   ] GC(78) Concurrent Mark Free 0.001ms
[244.942s][info][gc,phases   ] GC(78) Concurrent Process Non-Strong References 9.963ms
[244.942s][info][gc,phases   ] GC(78) Concurrent Reset Relocation Set 0.029ms
[244.948s][info][gc,phases   ] GC(78) Concurrent Select Relocation Set 5.924ms
[244.948s][info][gc,phases   ] GC(78) Pause Relocate Start 0.008ms
[244.951s][info][gc,phases   ] GC(78) Concurrent Relocate 3.519ms
[244.951s][info][gc,load     ] GC(78) Load: 0.00/0.00/0.00
[244.951s][info][gc,mmu      ] GC(78) MMU: 2ms/96.7%, 5ms/98.7%, 10ms/99.3%, 20ms/99.6%, 50ms/99.8%, 100ms/99.9%
[244.951s][info][gc,marking  ] GC(78) Mark: 8 stripe(s), 4 proactive flush(es), 1 terminate flush(es), 0 completion(s), 0 continuation(s) 
[244.951s][info][gc,marking  ] GC(78) Mark Stack Usage: 32M
[244.951s][info][gc,nmethod  ] GC(78) NMethods: 2336 registered, 17 unregistered
[244.951s][info][gc,metaspace] GC(78) Metaspace: 13M used, 14M committed, 1088M reserved
[244.951s][info][gc,ref      ] GC(78) Soft: 211 encountered, 0 discovered, 0 enqueued
[244.951s][info][gc,ref      ] GC(78) Weak: 727 encountered, 326 discovered, 0 enqueued
[244.951s][info][gc,ref      ] GC(78) Final: 0 encountered, 0 discovered, 0 enqueued
[244.952s][info][gc,ref      ] GC(78) Phantom: 59 encountered, 32 discovered, 0 enqueued
[244.952s][info][gc,reloc    ] GC(78) Small Pages: 4554 / 9108M, Empty: 8660M, Relocated: 6M, In-Place: 0
[244.952s][info][gc,reloc    ] GC(78) Medium Pages: 0 / 0M, Empty: 0M, Relocated: 0M, In-Place: 0
[244.952s][info][gc,reloc    ] GC(78) Large Pages: 0 / 0M, Empty: 0M, Relocated: 0M, In-Place: 0
[244.952s][info][gc,reloc    ] GC(78) Forwarding Usage: 1M
[244.952s][info][gc,heap     ] GC(78) Min Capacity: 8M(0%)
[244.952s][info][gc,heap     ] GC(78) Max Capacity: 30718M(100%)
[244.952s][info][gc,heap     ] GC(78) Soft Max Capacity: 30718M(100%)
[244.952s][info][gc,heap     ] GC(78)                Mark Start          Mark End        Relocate Start      Relocate End           High               Low         
[244.952s][info][gc,heap     ] GC(78)  Capacity:    20042M (65%)       20042M (65%)       20042M (65%)       20042M (65%)       20042M (65%)       20042M (65%)    
[244.952s][info][gc,heap     ] GC(78)      Free:    21610M (70%)       21524M (70%)       30182M (98%)       30596M (100%)      30596M (100%)      21522M (70%)    
[244.952s][info][gc,heap     ] GC(78)      Used:     9108M (30%)        9194M (30%)         536M (2%)          122M (0%)         9196M (30%)         122M (0%)     
[244.952s][info][gc,heap     ] GC(78)      Live:         -                10M (0%)           10M (0%)           10M (0%)             -                  -          
[244.952s][info][gc,heap     ] GC(78) Allocated:         -                86M (0%)           88M (0%)           90M (0%)             -                  -          
[244.952s][info][gc,heap     ] GC(78)   Garbage:         -              9097M (30%)         437M (1%)           20M (0%)             -                  -          
[244.952s][info][gc,heap     ] GC(78) Reclaimed:         -                  -              8660M (28%)        9076M (30%)            -                  -          
[244.952s][info][gc          ] GC(78) Garbage Collection (Proactive) 9108M(30%)->122M(0%)
[246.440s][info][gc,start    ] GC(79) Garbage Collection (System.gc())
[246.440s][info][gc,task     ] GC(79) Using 12 workers
[246.440s][info][gc,phases   ] GC(79) Pause Mark Start 0.016ms
[246.454s][info][gc,phases   ] GC(79) Concurrent Mark 14.033ms
[246.455s][info][gc,phases   ] GC(79) Pause Mark End 0.018ms
[246.455s][info][gc,phases   ] GC(79) Concurrent Mark Free 0.001ms
[246.466s][info][gc,phases   ] GC(79) Concurrent Process Non-Strong References 11.488ms
[246.466s][info][gc,phases   ] GC(79) Concurrent Reset Relocation Set 0.020ms
[246.472s][info][gc,phases   ] GC(79) Concurrent Select Relocation Set 6.054ms
[246.472s][info][gc,phases   ] GC(79) Pause Relocate Start 0.007ms
[246.475s][info][gc,phases   ] GC(79) Concurrent Relocate 2.214ms
[246.475s][info][gc,load     ] GC(79) Load: 0.00/0.00/0.00
[246.475s][info][gc,mmu      ] GC(79) MMU: 2ms/96.7%, 5ms/98.7%, 10ms/99.3%, 20ms/99.6%, 50ms/99.8%, 100ms/99.9%
[246.475s][info][gc,marking  ] GC(79) Mark: 8 stripe(s), 1 proactive flush(es), 1 terminate flush(es), 0 completion(s), 0 continuation(s) 
[246.475s][info][gc,marking  ] GC(79) Mark Stack Usage: 32M
[246.475s][info][gc,nmethod  ] GC(79) NMethods: 2336 registered, 17 unregistered
[246.475s][info][gc,metaspace] GC(79) Metaspace: 13M used, 14M committed, 1088M reserved
[246.475s][info][gc,ref      ] GC(79) Soft: 211 encountered, 0 discovered, 0 enqueued
[246.475s][info][gc,ref      ] GC(79) Weak: 627 encountered, 19 discovered, 0 enqueued
[246.475s][info][gc,ref      ] GC(79) Final: 0 encountered, 0 discovered, 0 enqueued
[246.475s][info][gc,ref      ] GC(79) Phantom: 59 encountered, 36 discovered, 0 enqueued
[246.475s][info][gc,reloc    ] GC(79) Small Pages: 1548 / 3096M, Empty: 3004M, Relocated: 4M, In-Place: 0
[246.475s][info][gc,reloc    ] GC(79) Medium Pages: 0 / 0M, Empty: 0M, Relocated: 0M, In-Place: 0
[246.475s][info][gc,reloc    ] GC(79) Large Pages: 0 / 0M, Empty: 0M, Relocated: 0M, In-Place: 0
[246.475s][info][gc,reloc    ] GC(79) Forwarding Usage: 1M
[246.475s][info][gc,heap     ] GC(79) Min Capacity: 8M(0%)
[246.475s][info][gc,heap     ] GC(79) Max Capacity: 30718M(100%)
[246.475s][info][gc,heap     ] GC(79) Soft Max Capacity: 30718M(100%)
[246.475s][info][gc,heap     ] GC(79)                Mark Start          Mark End        Relocate Start      Relocate End           High               Low         
[246.475s][info][gc,heap     ] GC(79)  Capacity:    20042M (65%)       20042M (65%)       20042M (65%)       20042M (65%)       20042M (65%)       20042M (65%)    
[246.475s][info][gc,heap     ] GC(79)      Free:    27622M (90%)       27622M (90%)       30626M (100%)      30692M (100%)      30692M (100%)      27622M (90%)    
[246.475s][info][gc,heap     ] GC(79)      Used:     3096M (10%)        3096M (10%)          92M (0%)           26M (0%)         3096M (10%)          26M (0%)     
[246.475s][info][gc,heap     ] GC(79)      Live:         -                 6M (0%)            6M (0%)            6M (0%)             -                  -          
[246.475s][info][gc,heap     ] GC(79) Allocated:         -                 0M (0%)            0M (0%)            0M (0%)             -                  -          
[246.475s][info][gc,heap     ] GC(79)   Garbage:         -              3089M (10%)          85M (0%)           19M (0%)             -                  -          
[246.475s][info][gc,heap     ] GC(79) Reclaimed:         -                  -              3004M (10%)        3070M (10%)            -                  -          
[246.475s][info][gc          ] GC(79) Garbage Collection (System.gc()) 3096M(10%)->26M(0%)
[249.316s][info][gc,start    ] GC(80) Garbage Collection (Proactive)
[249.316s][info][gc,task     ] GC(80) Using 12 workers
[249.316s][info][gc,phases   ] GC(80) Pause Mark Start 0.013ms
[249.337s][info][gc,phases   ] GC(80) Concurrent Mark 20.411ms
[249.337s][info][gc,phases   ] GC(80) Pause Mark End 0.021ms
[249.337s][info][gc,phases   ] GC(80) Concurrent Mark Free 0.001ms
[249.348s][info][gc,phases   ] GC(80) Concurrent Process Non-Strong References 10.705ms
[249.348s][info][gc,phases   ] GC(80) Concurrent Reset Relocation Set 0.006ms
[249.353s][info][gc,phases   ] GC(80) Concurrent Select Relocation Set 4.860ms
[249.353s][info][gc,phases   ] GC(80) Pause Relocate Start 0.008ms
[249.356s][info][gc,phases   ] GC(80) Concurrent Relocate 3.423ms
[249.356s][info][gc,load     ] GC(80) Load: 0.00/0.00/0.00
[249.356s][info][gc,mmu      ] GC(80) MMU: 2ms/96.7%, 5ms/98.7%, 10ms/99.3%, 20ms/99.6%, 50ms/99.8%, 100ms/99.9%
[249.356s][info][gc,marking  ] GC(80) Mark: 8 stripe(s), 5 proactive flush(es), 1 terminate flush(es), 0 completion(s), 0 continuation(s) 
[249.356s][info][gc,marking  ] GC(80) Mark Stack Usage: 32M
[249.356s][info][gc,nmethod  ] GC(80) NMethods: 2337 registered, 17 unregistered
[249.356s][info][gc,metaspace] GC(80) Metaspace: 13M used, 14M committed, 1088M reserved
[249.357s][info][gc,ref      ] GC(80) Soft: 211 encountered, 0 discovered, 0 enqueued
[249.357s][info][gc,ref      ] GC(80) Weak: 723 encountered, 190 discovered, 0 enqueued
[249.357s][info][gc,ref      ] GC(80) Final: 0 encountered, 0 discovered, 0 enqueued
[249.357s][info][gc,ref      ] GC(80) Phantom: 59 encountered, 43 discovered, 0 enqueued
[249.357s][info][gc,reloc    ] GC(80) Small Pages: 2646 / 5292M, Empty: 4972M, Relocated: 6M, In-Place: 0
[249.357s][info][gc,reloc    ] GC(80) Medium Pages: 0 / 0M, Empty: 0M, Relocated: 0M, In-Place: 0
[249.357s][info][gc,reloc    ] GC(80) Large Pages: 0 / 0M, Empty: 0M, Relocated: 0M, In-Place: 0
[249.357s][info][gc,reloc    ] GC(80) Forwarding Usage: 1M
[249.357s][info][gc,heap     ] GC(80) Min Capacity: 8M(0%)
[249.357s][info][gc,heap     ] GC(80) Max Capacity: 30718M(100%)
[249.357s][info][gc,heap     ] GC(80) Soft Max Capacity: 30718M(100%)
[249.357s][info][gc,heap     ] GC(80)                Mark Start          Mark End        Relocate Start      Relocate End           High               Low         
[249.357s][info][gc,heap     ] GC(80)  Capacity:    20042M (65%)       20042M (65%)       20042M (65%)       20042M (65%)       20042M (65%)       20042M (65%)    
[249.357s][info][gc,heap     ] GC(80)      Free:    25426M (83%)       25336M (82%)       30302M (99%)       30576M (100%)      30576M (100%)      25334M (82%)    
[249.357s][info][gc,heap     ] GC(80)      Used:     5292M (17%)        5382M (18%)         416M (1%)          142M (0%)         5384M (18%)         142M (0%)     
[249.357s][info][gc,heap     ] GC(80)      Live:         -                 9M (0%)            9M (0%)            9M (0%)             -                  -          
[249.357s][info][gc,heap     ] GC(80) Allocated:         -                90M (0%)           96M (0%)          112M (0%)             -                  -          
[249.357s][info][gc,heap     ] GC(80)   Garbage:         -              5282M (17%)         310M (1%)           20M (0%)             -                  -          
[249.357s][info][gc,heap     ] GC(80) Reclaimed:         -                  -              4972M (16%)        5262M (17%)            -                  -          
[249.357s][info][gc          ] GC(80) Garbage Collection (Proactive) 5292M(17%)->142M(0%)
[250.116s][info][gc,stats    ] === Garbage Collection Statistics =======================================================================================================================
[250.116s][info][gc,stats    ]                                                              Last 10s              Last 10m              Last 10h                Total
[250.116s][info][gc,stats    ]                                                              Avg / Max             Avg / Max             Avg / Max             Avg / Max
[250.116s][info][gc,stats    ]   Collector: Garbage Collection Cycle                     36.692 / 40.462       39.266 / 159.419      39.266 / 159.419      39.266 / 159.419     ms
[250.116s][info][gc,stats    ]  Contention: Mark Segment Reset Contention                     1 / 6                 1 / 26                1 / 26                1 / 26          ops/s
[250.116s][info][gc,stats    ]  Contention: Mark SeqNum Reset Contention                      0 / 2                 0 / 3                 0 / 3                 0 / 3           ops/s
[250.116s][info][gc,stats    ]    Critical: Allocation Stall                                  0 / 0                 0 / 0                 0 / 0                 0 / 0           ops/s
[250.116s][info][gc,stats    ]    Critical: Allocation Stall                              0.000 / 0.000         0.000 / 0.000         0.000 / 0.000         0.000 / 0.000       ms
[250.116s][info][gc,stats    ]    Critical: GC Locker Stall                                   0 / 0                 0 / 0                 0 / 0                 0 / 0           ops/s
[250.116s][info][gc,stats    ]    Critical: GC Locker Stall                               0.000 / 0.000         0.000 / 0.000         0.000 / 0.000         0.000 / 0.000       ms
[250.116s][info][gc,stats    ]    Critical: Relocation Stall                                  0 / 0                 0 / 0                 0 / 0                 0 / 0           ops/s
[250.116s][info][gc,stats    ]    Critical: Relocation Stall                              0.000 / 0.000         0.000 / 0.000         0.000 / 0.000         0.000 / 0.000       ms
[250.116s][info][gc,stats    ]      Memory: Allocation Rate                                1826 / 1966           1823 / 2304           1823 / 2304           1823 / 2304        MB/s
[250.116s][info][gc,stats    ]      Memory: Defragment                                        0 / 0                 0 / 0                 0 / 0                 0 / 0           ops/s
[250.116s][info][gc,stats    ]      Memory: Out Of Memory                                     0 / 0                 0 / 0                 0 / 0                 0 / 0           ops/s
[250.116s][info][gc,stats    ]      Memory: Page Cache Flush                                  0 / 0                 0 / 0                 0 / 0                 0 / 0           MB/s
[250.116s][info][gc,stats    ]      Memory: Page Cache Hit L1                               916 / 995             875 / 1152            875 / 1152            875 / 1152        ops/s
[250.116s][info][gc,stats    ]      Memory: Page Cache Hit L2                                 0 / 0                 0 / 0                 0 / 0                 0 / 0           ops/s
[250.116s][info][gc,stats    ]      Memory: Page Cache Hit L3                                 0 / 0                 4 / 613               4 / 613               4 / 613         ops/s
[250.116s][info][gc,stats    ]      Memory: Page Cache Miss                                   0 / 0                35 / 740              35 / 740              35 / 740         ops/s
[250.116s][info][gc,stats    ]      Memory: Uncommit                                          0 / 0                 0 / 0                 0 / 0                 0 / 0           MB/s
[250.116s][info][gc,stats    ]      Memory: Undo Object Allocation Failed                     0 / 1                 0 / 2                 0 / 2                 0 / 2           ops/s
[250.116s][info][gc,stats    ]      Memory: Undo Object Allocation Succeeded                  9 / 47                8 / 68                8 / 68                8 / 68          ops/s
[250.116s][info][gc,stats    ]      Memory: Undo Page Allocation                              0 / 1                 1 / 25                1 / 25                1 / 25          ops/s
[250.116s][info][gc,stats    ]       Phase: Concurrent Mark                              16.346 / 20.411       16.681 / 125.913      16.681 / 125.913      16.681 / 125.913     ms
[250.116s][info][gc,stats    ]       Phase: Concurrent Mark Continue                      0.000 / 0.000         0.000 / 0.000         0.000 / 0.000         0.000 / 0.000       ms
[250.116s][info][gc,stats    ]       Phase: Concurrent Mark Free                          0.001 / 0.001         0.001 / 0.002         0.001 / 0.002         0.001 / 0.002       ms
[250.117s][info][gc,stats    ]       Phase: Concurrent Process Non-Strong References     10.718 / 11.488        8.771 / 43.378        8.771 / 43.378        8.771 / 43.378      ms
[250.117s][info][gc,stats    ]       Phase: Concurrent Relocate                           3.052 / 3.519         3.049 / 4.517         3.049 / 4.517         3.049 / 4.517       ms
[250.117s][info][gc,stats    ]       Phase: Concurrent Reset Relocation Set               0.018 / 0.029         0.017 / 0.048         0.017 / 0.048         0.017 / 0.048       ms
[250.117s][info][gc,stats    ]       Phase: Concurrent Select Relocation Set              5.613 / 6.054         6.238 / 17.171        6.238 / 17.171        6.238 / 17.171      ms
[250.117s][info][gc,stats    ]       Phase: Pause Mark End                                0.019 / 0.021         0.020 / 0.065         0.020 / 0.065         0.020 / 0.065       ms
[250.117s][info][gc,stats    ]       Phase: Pause Mark Start                              0.014 / 0.016         0.013 / 0.020         0.013 / 0.020         0.013 / 0.020       ms
[250.117s][info][gc,stats    ]       Phase: Pause Relocate Start                          0.008 / 0.008         0.007 / 0.021         0.007 / 0.021         0.007 / 0.021       ms
[250.117s][info][gc,stats    ]    Subphase: Concurrent Classes Purge                      0.006 / 0.008         0.116 / 7.344         0.116 / 7.344         0.116 / 7.344       ms
[250.117s][info][gc,stats    ]    Subphase: Concurrent Classes Unlink                     0.620 / 0.638         0.677 / 8.444         0.677 / 8.444         0.677 / 8.444       ms
[250.117s][info][gc,stats    ]    Subphase: Concurrent Mark                              15.021 / 19.480       14.891 / 125.082      14.891 / 125.082      14.891 / 125.082     ms
[250.117s][info][gc,stats    ]    Subphase: Concurrent Mark Try Flush                     0.339 / 2.103         0.878 / 103.373       0.878 / 103.373       0.878 / 103.373     ms
[250.117s][info][gc,stats    ]    Subphase: Concurrent Mark Try Terminate                 2.526 / 11.418        2.599 / 103.374       2.599 / 103.374       2.599 / 103.374     ms
[250.117s][info][gc,stats    ]    Subphase: Concurrent References Enqueue                 0.000 / 0.000         0.001 / 0.005         0.001 / 0.005         0.001 / 0.005       ms
[250.117s][info][gc,stats    ]    Subphase: Concurrent References Process                 0.055 / 0.074         0.049 / 0.083         0.049 / 0.083         0.049 / 0.083       ms
[250.117s][info][gc,stats    ]    Subphase: Concurrent Roots ClassLoaderDataGraph         0.064 / 0.518         0.074 / 1.506         0.074 / 1.506         0.074 / 1.506       ms
[250.117s][info][gc,stats    ]    Subphase: Concurrent Roots CodeCache                    0.000 / 0.000         0.000 / 0.000         0.000 / 0.000         0.000 / 0.000       ms
[250.117s][info][gc,stats    ]    Subphase: Concurrent Roots JavaThreads                  0.357 / 0.839         0.608 / 9.683         0.608 / 9.683         0.608 / 9.683       ms
[250.117s][info][gc,stats    ]    Subphase: Concurrent Roots OopStorageSet                0.023 / 0.096         0.079 / 1.312         0.079 / 1.312         0.079 / 1.312       ms
[250.117s][info][gc,stats    ]    Subphase: Concurrent Weak Roots OopStorageSet           9.895 / 10.802        7.392 / 12.996        7.392 / 12.996        7.392 / 12.996      ms
[250.117s][info][gc,stats    ]    Subphase: Pause Mark Try Complete                       0.000 / 0.000         0.002 / 0.004         0.002 / 0.004         0.002 / 0.004       ms
[250.117s][info][gc,stats    ]      System: Java Threads                                     44 / 61               46 / 62               46 / 62               46 / 62          threads
[250.117s][info][gc,stats    ] =========================================================================================================================================================
[252.215s][info][gc,start    ] GC(81) Garbage Collection (Proactive)
[252.215s][info][gc,task     ] GC(81) Using 12 workers
[252.216s][info][gc,phases   ] GC(81) Pause Mark Start 0.011ms
[252.235s][info][gc,phases   ] GC(81) Concurrent Mark 19.522ms
[252.235s][info][gc,phases   ] GC(81) Pause Mark End 0.017ms
[252.236s][info][gc,phases   ] GC(81) Concurrent Mark Free 0.001ms
[252.246s][info][gc,phases   ] GC(81) Concurrent Process Non-Strong References 10.840ms
[252.247s][info][gc,phases   ] GC(81) Concurrent Reset Relocation Set 0.020ms
[252.251s][info][gc,phases   ] GC(81) Concurrent Select Relocation Set 4.093ms
[252.251s][info][gc,phases   ] GC(81) Pause Relocate Start 0.005ms
[252.254s][info][gc,phases   ] GC(81) Concurrent Relocate 2.847ms
[252.254s][info][gc,load     ] GC(81) Load: 0.00/0.00/0.00
[252.254s][info][gc,mmu      ] GC(81) MMU: 2ms/96.7%, 5ms/98.7%, 10ms/99.3%, 20ms/99.6%, 50ms/99.8%, 100ms/99.9%
[252.254s][info][gc,marking  ] GC(81) Mark: 8 stripe(s), 3 proactive flush(es), 1 terminate flush(es), 0 completion(s), 0 continuation(s) 
[252.254s][info][gc,marking  ] GC(81) Mark Stack Usage: 32M
[252.254s][info][gc,nmethod  ] GC(81) NMethods: 2337 registered, 17 unregistered
[252.254s][info][gc,metaspace] GC(81) Metaspace: 13M used, 14M committed, 1088M reserved
[252.254s][info][gc,ref      ] GC(81) Soft: 211 encountered, 0 discovered, 0 enqueued
[252.254s][info][gc,ref      ] GC(81) Weak: 723 encountered, 256 discovered, 0 enqueued
[252.254s][info][gc,ref      ] GC(81) Final: 0 encountered, 0 discovered, 0 enqueued
[252.254s][info][gc,ref      ] GC(81) Phantom: 59 encountered, 44 discovered, 0 enqueued
[252.254s][info][gc,reloc    ] GC(81) Small Pages: 2865 / 5730M, Empty: 5378M, Relocated: 6M, In-Place: 0
[252.254s][info][gc,reloc    ] GC(81) Medium Pages: 0 / 0M, Empty: 0M, Relocated: 0M, In-Place: 0
[252.254s][info][gc,reloc    ] GC(81) Large Pages: 0 / 0M, Empty: 0M, Relocated: 0M, In-Place: 0
[252.254s][info][gc,reloc    ] GC(81) Forwarding Usage: 1M
[252.254s][info][gc,heap     ] GC(81) Min Capacity: 8M(0%)
[252.254s][info][gc,heap     ] GC(81) Max Capacity: 30718M(100%)
[252.254s][info][gc,heap     ] GC(81) Soft Max Capacity: 30718M(100%)
[252.254s][info][gc,heap     ] GC(81)                Mark Start          Mark End        Relocate Start      Relocate End           High               Low         
[252.254s][info][gc,heap     ] GC(81)  Capacity:    20042M (65%)       20042M (65%)       20042M (65%)       20042M (65%)       20042M (65%)       20042M (65%)    
[252.254s][info][gc,heap     ] GC(81)      Free:    24988M (81%)       24904M (81%)       30274M (99%)       30584M (100%)      30584M (100%)      24898M (81%)    
[252.254s][info][gc,heap     ] GC(81)      Used:     5730M (19%)        5814M (19%)         444M (1%)          134M (0%)         5820M (19%)         134M (0%)     
[252.254s][info][gc,heap     ] GC(81)      Live:         -                 9M (0%)            9M (0%)            9M (0%)             -                  -          
[252.254s][info][gc,heap     ] GC(81) Allocated:         -                84M (0%)           92M (0%)          104M (0%)             -                  -          
[252.254s][info][gc,heap     ] GC(81)   Garbage:         -              5720M (19%)         342M (1%)           20M (0%)             -                  -          
[252.254s][info][gc,heap     ] GC(81) Reclaimed:         -                  -              5378M (18%)        5700M (19%)            -                  -          
[252.254s][info][gc          ] GC(81) Garbage Collection (Proactive) 5730M(19%)->134M(0%)
[254.716s][info][gc,start    ] GC(82) Garbage Collection (Proactive)
[254.716s][info][gc,task     ] GC(82) Using 12 workers
[254.716s][info][gc,phases   ] GC(82) Pause Mark Start 0.012ms
[254.730s][info][gc,phases   ] GC(82) Concurrent Mark 13.347ms
[254.730s][info][gc,phases   ] GC(82) Pause Mark End 0.019ms
[254.730s][info][gc,phases   ] GC(82) Concurrent Mark Free 0.001ms
[254.739s][info][gc,phases   ] GC(82) Concurrent Process Non-Strong References 9.544ms
[254.739s][info][gc,phases   ] GC(82) Concurrent Reset Relocation Set 0.026ms
[254.748s][info][gc,phases   ] GC(82) Concurrent Select Relocation Set 8.500ms
[254.748s][info][gc,phases   ] GC(82) Pause Relocate Start 0.008ms
[254.751s][info][gc,phases   ] GC(82) Concurrent Relocate 2.744ms
[254.751s][info][gc,load     ] GC(82) Load: 0.00/0.00/0.00
[254.751s][info][gc,mmu      ] GC(82) MMU: 2ms/96.7%, 5ms/98.7%, 10ms/99.3%, 20ms/99.6%, 50ms/99.8%, 100ms/99.9%
[254.751s][info][gc,marking  ] GC(82) Mark: 8 stripe(s), 5 proactive flush(es), 1 terminate flush(es), 0 completion(s), 0 continuation(s) 
[254.751s][info][gc,marking  ] GC(82) Mark Stack Usage: 32M
[254.751s][info][gc,nmethod  ] GC(82) NMethods: 2337 registered, 17 unregistered
[254.751s][info][gc,metaspace] GC(82) Metaspace: 13M used, 14M committed, 1088M reserved
[254.751s][info][gc,ref      ] GC(82) Soft: 211 encountered, 0 discovered, 0 enqueued
[254.751s][info][gc,ref      ] GC(82) Weak: 723 encountered, 265 discovered, 0 enqueued
[254.751s][info][gc,ref      ] GC(82) Final: 0 encountered, 0 discovered, 0 enqueued
[254.751s][info][gc,ref      ] GC(82) Phantom: 59 encountered, 32 discovered, 0 enqueued
[254.751s][info][gc,reloc    ] GC(82) Small Pages: 2323 / 4646M, Empty: 4310M, Relocated: 8M, In-Place: 0
[254.751s][info][gc,reloc    ] GC(82) Medium Pages: 0 / 0M, Empty: 0M, Relocated: 0M, In-Place: 0
[254.751s][info][gc,reloc    ] GC(82) Large Pages: 0 / 0M, Empty: 0M, Relocated: 0M, In-Place: 0
[254.751s][info][gc,reloc    ] GC(82) Forwarding Usage: 1M
[254.751s][info][gc,heap     ] GC(82) Min Capacity: 8M(0%)
[254.751s][info][gc,heap     ] GC(82) Max Capacity: 30718M(100%)
[254.751s][info][gc,heap     ] GC(82) Soft Max Capacity: 30718M(100%)
[254.751s][info][gc,heap     ] GC(82)                Mark Start          Mark End        Relocate Start      Relocate End           High               Low         
[254.751s][info][gc,heap     ] GC(82)  Capacity:    20042M (65%)       20042M (65%)       20042M (65%)       20042M (65%)       20042M (65%)       20042M (65%)    
[254.751s][info][gc,heap     ] GC(82)      Free:    26072M (85%)       25988M (85%)       30288M (99%)       30582M (100%)      30582M (100%)      25982M (85%)    
[254.751s][info][gc,heap     ] GC(82)      Used:     4646M (15%)        4730M (15%)         430M (1%)          136M (0%)         4736M (15%)         136M (0%)     
[254.751s][info][gc,heap     ] GC(82)      Live:         -                 9M (0%)            9M (0%)            9M (0%)             -                  -          
[254.751s][info][gc,heap     ] GC(82) Allocated:         -                84M (0%)           94M (0%)          108M (0%)             -                  -          
[254.751s][info][gc,heap     ] GC(82)   Garbage:         -              4636M (15%)         326M (1%)           17M (0%)             -                  -          
[254.751s][info][gc,heap     ] GC(82) Reclaimed:         -                  -              4310M (14%)        4618M (15%)            -                  -          
[254.751s][info][gc          ] GC(82) Garbage Collection (Proactive) 4646M(15%)->136M(0%)
[257.315s][info][gc,start    ] GC(83) Garbage Collection (Proactive)
[257.315s][info][gc,task     ] GC(83) Using 12 workers
[257.316s][info][gc,phases   ] GC(83) Pause Mark Start 0.014ms
[257.332s][info][gc,phases   ] GC(83) Concurrent Mark 16.044ms
[257.332s][info][gc,phases   ] GC(83) Pause Mark End 0.016ms
[257.332s][info][gc,phases   ] GC(83) Concurrent Mark Free 0.002ms
[257.345s][info][gc,phases   ] GC(83) Concurrent Process Non-Strong References 12.609ms
[257.345s][info][gc,phases   ] GC(83) Concurrent Reset Relocation Set 0.021ms
[257.350s][info][gc,phases   ] GC(83) Concurrent Select Relocation Set 5.313ms
[257.350s][info][gc,phases   ] GC(83) Pause Relocate Start 0.008ms
[257.355s][info][gc,phases   ] GC(83) Concurrent Relocate 4.236ms
[257.355s][info][gc,load     ] GC(83) Load: 0.00/0.00/0.00
[257.355s][info][gc,mmu      ] GC(83) MMU: 2ms/96.7%, 5ms/98.7%, 10ms/99.3%, 20ms/99.6%, 50ms/99.8%, 100ms/99.9%
[257.355s][info][gc,marking  ] GC(83) Mark: 8 stripe(s), 6 proactive flush(es), 1 terminate flush(es), 0 completion(s), 0 continuation(s) 
[257.355s][info][gc,marking  ] GC(83) Mark Stack Usage: 32M
[257.355s][info][gc,nmethod  ] GC(83) NMethods: 2337 registered, 17 unregistered
[257.355s][info][gc,metaspace] GC(83) Metaspace: 13M used, 14M committed, 1088M reserved
[257.355s][info][gc,ref      ] GC(83) Soft: 211 encountered, 0 discovered, 0 enqueued
[257.355s][info][gc,ref      ] GC(83) Weak: 677 encountered, 179 discovered, 0 enqueued
[257.355s][info][gc,ref      ] GC(83) Final: 0 encountered, 0 discovered, 0 enqueued
[257.355s][info][gc,ref      ] GC(83) Phantom: 59 encountered, 30 discovered, 0 enqueued
[257.355s][info][gc,reloc    ] GC(83) Small Pages: 2576 / 5152M, Empty: 4868M, Relocated: 5M, In-Place: 0
[257.355s][info][gc,reloc    ] GC(83) Medium Pages: 0 / 0M, Empty: 0M, Relocated: 0M, In-Place: 0
[257.355s][info][gc,reloc    ] GC(83) Large Pages: 0 / 0M, Empty: 0M, Relocated: 0M, In-Place: 0
[257.355s][info][gc,reloc    ] GC(83) Forwarding Usage: 0M
[257.355s][info][gc,heap     ] GC(83) Min Capacity: 8M(0%)
[257.355s][info][gc,heap     ] GC(83) Max Capacity: 30718M(100%)
[257.355s][info][gc,heap     ] GC(83) Soft Max Capacity: 30718M(100%)
[257.355s][info][gc,heap     ] GC(83)                Mark Start          Mark End        Relocate Start      Relocate End           High               Low         
[257.355s][info][gc,heap     ] GC(83)  Capacity:    20042M (65%)       20042M (65%)       20042M (65%)       20042M (65%)       20042M (65%)       20042M (65%)    
[257.355s][info][gc,heap     ] GC(83)      Free:    25566M (83%)       25508M (83%)       30322M (99%)       30556M (99%)       30564M (99%)       25464M (83%)    
[257.355s][info][gc,heap     ] GC(83)      Used:     5152M (17%)        5210M (17%)         396M (1%)          162M (1%)         5254M (17%)         154M (1%)     
[257.355s][info][gc,heap     ] GC(83)      Live:         -                 9M (0%)            9M (0%)            9M (0%)             -                  -          
[257.355s][info][gc,heap     ] GC(83) Allocated:         -                58M (0%)          112M (0%)          131M (0%)             -                  -          
[257.355s][info][gc,heap     ] GC(83)   Garbage:         -              5142M (17%)         274M (1%)           21M (0%)             -                  -          
[257.355s][info][gc,heap     ] GC(83) Reclaimed:         -                  -              4868M (16%)        5121M (17%)            -                  -          
[257.355s][info][gc          ] GC(83) Garbage Collection (Proactive) 5152M(17%)->162M(1%)
[257.623s][info][gc,start    ] GC(84) Garbage Collection (System.gc())
[257.623s][info][gc,task     ] GC(84) Using 12 workers
[257.623s][info][gc,phases   ] GC(84) Pause Mark Start 0.017ms
[257.637s][info][gc,phases   ] GC(84) Concurrent Mark 13.787ms
[257.637s][info][gc,phases   ] GC(84) Pause Mark End 0.018ms
[257.637s][info][gc,phases   ] GC(84) Concurrent Mark Free 0.001ms
[257.651s][info][gc,phases   ] GC(84) Concurrent Process Non-Strong References 13.131ms
[257.651s][info][gc,phases   ] GC(84) Concurrent Reset Relocation Set 0.016ms
[257.656s][info][gc,phases   ] GC(84) Concurrent Select Relocation Set 5.383ms
[257.656s][info][gc,phases   ] GC(84) Pause Relocate Start 0.007ms
[257.659s][info][gc,phases   ] GC(84) Concurrent Relocate 2.496ms
[257.659s][info][gc,load     ] GC(84) Load: 0.00/0.00/0.00
[257.659s][info][gc,mmu      ] GC(84) MMU: 2ms/96.7%, 5ms/98.7%, 10ms/99.3%, 20ms/99.6%, 50ms/99.8%, 100ms/99.9%
[257.659s][info][gc,marking  ] GC(84) Mark: 8 stripe(s), 1 proactive flush(es), 1 terminate flush(es), 0 completion(s), 0 continuation(s) 
[257.659s][info][gc,marking  ] GC(84) Mark Stack Usage: 32M
[257.659s][info][gc,nmethod  ] GC(84) NMethods: 2337 registered, 17 unregistered
[257.659s][info][gc,metaspace] GC(84) Metaspace: 13M used, 14M committed, 1088M reserved
[257.659s][info][gc,ref      ] GC(84) Soft: 211 encountered, 0 discovered, 0 enqueued
[257.659s][info][gc,ref      ] GC(84) Weak: 623 encountered, 35 discovered, 0 enqueued
[257.659s][info][gc,ref      ] GC(84) Final: 0 encountered, 0 discovered, 0 enqueued
[257.659s][info][gc,ref      ] GC(84) Phantom: 59 encountered, 37 discovered, 0 enqueued
[257.659s][info][gc,reloc    ] GC(84) Small Pages: 367 / 734M, Empty: 664M, Relocated: 4M, In-Place: 0
[257.659s][info][gc,reloc    ] GC(84) Medium Pages: 0 / 0M, Empty: 0M, Relocated: 0M, In-Place: 0
[257.659s][info][gc,reloc    ] GC(84) Large Pages: 0 / 0M, Empty: 0M, Relocated: 0M, In-Place: 0
[257.659s][info][gc,reloc    ] GC(84) Forwarding Usage: 1M
[257.659s][info][gc,heap     ] GC(84) Min Capacity: 8M(0%)
[257.659s][info][gc,heap     ] GC(84) Max Capacity: 30718M(100%)
[257.659s][info][gc,heap     ] GC(84) Soft Max Capacity: 30718M(100%)
[257.659s][info][gc,heap     ] GC(84)                Mark Start          Mark End        Relocate Start      Relocate End           High               Low         
[257.659s][info][gc,heap     ] GC(84)  Capacity:    20042M (65%)       20042M (65%)       20042M (65%)       20042M (65%)       20042M (65%)       20042M (65%)    
[257.659s][info][gc,heap     ] GC(84)      Free:    29984M (98%)       29984M (98%)       30648M (100%)      30692M (100%)      30692M (100%)      29984M (98%)    
[257.659s][info][gc,heap     ] GC(84)      Used:      734M (2%)          734M (2%)           70M (0%)           26M (0%)          734M (2%)           26M (0%)     
[257.659s][info][gc,heap     ] GC(84)      Live:         -                 6M (0%)            6M (0%)            6M (0%)             -                  -          
[257.659s][info][gc,heap     ] GC(84) Allocated:         -                 0M (0%)            0M (0%)            0M (0%)             -                  -          
[257.659s][info][gc,heap     ] GC(84)   Garbage:         -               727M (2%)           63M (0%)           19M (0%)             -                  -          
[257.659s][info][gc,heap     ] GC(84) Reclaimed:         -                  -               664M (2%)          708M (2%)             -                  -          
[257.659s][info][gc          ] GC(84) Garbage Collection (System.gc()) 734M(2%)->26M(0%)
[259.916s][info][gc,start    ] GC(85) Garbage Collection (Proactive)
[259.916s][info][gc,task     ] GC(85) Using 12 workers
[259.916s][info][gc,phases   ] GC(85) Pause Mark Start 0.012ms
[259.923s][info][gc,phases   ] GC(85) Concurrent Mark 6.270ms
[259.923s][info][gc,phases   ] GC(85) Pause Mark End 0.023ms
[259.923s][info][gc,phases   ] GC(85) Concurrent Mark Free 0.001ms
[259.932s][info][gc,phases   ] GC(85) Concurrent Process Non-Strong References 9.242ms
[259.932s][info][gc,phases   ] GC(85) Concurrent Reset Relocation Set 0.005ms
[259.936s][info][gc,phases   ] GC(85) Concurrent Select Relocation Set 4.109ms
[259.936s][info][gc,phases   ] GC(85) Pause Relocate Start 0.007ms
[259.941s][info][gc,phases   ] GC(85) Concurrent Relocate 4.086ms
[259.941s][info][gc,load     ] GC(85) Load: 0.00/0.00/0.00
[259.941s][info][gc,mmu      ] GC(85) MMU: 2ms/96.7%, 5ms/98.7%, 10ms/99.3%, 20ms/99.6%, 50ms/99.8%, 100ms/99.9%
[259.941s][info][gc,marking  ] GC(85) Mark: 8 stripe(s), 2 proactive flush(es), 1 terminate flush(es), 0 completion(s), 0 continuation(s) 
[259.941s][info][gc,marking  ] GC(85) Mark Stack Usage: 32M
[259.941s][info][gc,nmethod  ] GC(85) NMethods: 2337 registered, 17 unregistered
[259.941s][info][gc,metaspace] GC(85) Metaspace: 13M used, 14M committed, 1088M reserved
[259.941s][info][gc,ref      ] GC(85) Soft: 211 encountered, 0 discovered, 0 enqueued
[259.941s][info][gc,ref      ] GC(85) Weak: 729 encountered, 134 discovered, 2 enqueued
[259.941s][info][gc,ref      ] GC(85) Final: 0 encountered, 0 discovered, 0 enqueued
[259.941s][info][gc,ref      ] GC(85) Phantom: 59 encountered, 50 discovered, 0 enqueued
[259.941s][info][gc,reloc    ] GC(85) Small Pages: 2094 / 4188M, Empty: 3898M, Relocated: 5M, In-Place: 0
[259.941s][info][gc,reloc    ] GC(85) Medium Pages: 0 / 0M, Empty: 0M, Relocated: 0M, In-Place: 0
[259.941s][info][gc,reloc    ] GC(85) Large Pages: 0 / 0M, Empty: 0M, Relocated: 0M, In-Place: 0
[259.941s][info][gc,reloc    ] GC(85) Forwarding Usage: 1M
[259.941s][info][gc,heap     ] GC(85) Min Capacity: 8M(0%)
[259.941s][info][gc,heap     ] GC(85) Max Capacity: 30718M(100%)
[259.941s][info][gc,heap     ] GC(85) Soft Max Capacity: 30718M(100%)
[259.941s][info][gc,heap     ] GC(85)                Mark Start          Mark End        Relocate Start      Relocate End           High               Low         
[259.941s][info][gc,heap     ] GC(85)  Capacity:    20042M (65%)       20042M (65%)       20042M (65%)       20042M (65%)       20042M (65%)       20042M (65%)    
[259.941s][info][gc,heap     ] GC(85)      Free:    26530M (86%)       26454M (86%)       30336M (99%)       30592M (100%)      30592M (100%)      26438M (86%)    
[259.941s][info][gc,heap     ] GC(85)      Used:     4188M (14%)        4264M (14%)         382M (1%)          126M (0%)         4280M (14%)         126M (0%)     
[259.941s][info][gc,heap     ] GC(85)      Live:         -                 8M (0%)            8M (0%)            8M (0%)             -                  -          
[259.941s][info][gc,heap     ] GC(85) Allocated:         -                76M (0%)           92M (0%)           94M (0%)             -                  -          
[259.941s][info][gc,heap     ] GC(85)   Garbage:         -              4179M (14%)         281M (1%)           22M (0%)             -                  -          
[259.941s][info][gc,heap     ] GC(85) Reclaimed:         -                  -              3898M (13%)        4156M (14%)            -                  -          
[259.941s][info][gc          ] GC(85) Garbage Collection (Proactive) 4188M(14%)->126M(0%)
[260.117s][info][gc,stats    ] === Garbage Collection Statistics =======================================================================================================================
[260.117s][info][gc,stats    ]                                                              Last 10s              Last 10m              Last 10h                Total
[260.117s][info][gc,stats    ]                                                              Avg / Max             Avg / Max             Avg / Max             Avg / Max
[260.117s][info][gc,stats    ]   Collector: Garbage Collection Cycle                     34.670 / 39.292       38.999 / 159.419      38.999 / 159.419      38.999 / 159.419     ms
[260.117s][info][gc,stats    ]  Contention: Mark Segment Reset Contention                     3 / 10                1 / 26                1 / 26                1 / 26          ops/s
[260.117s][info][gc,stats    ]  Contention: Mark SeqNum Reset Contention                      0 / 2                 0 / 3                 0 / 3                 0 / 3           ops/s
[260.117s][info][gc,stats    ]    Critical: Allocation Stall                                  0 / 0                 0 / 0                 0 / 0                 0 / 0           ops/s
[260.117s][info][gc,stats    ]    Critical: Allocation Stall                              0.000 / 0.000         0.000 / 0.000         0.000 / 0.000         0.000 / 0.000       ms
[260.117s][info][gc,stats    ]    Critical: GC Locker Stall                                   0 / 0                 0 / 0                 0 / 0                 0 / 0           ops/s
[260.117s][info][gc,stats    ]    Critical: GC Locker Stall                               0.000 / 0.000         0.000 / 0.000         0.000 / 0.000         0.000 / 0.000       ms
[260.117s][info][gc,stats    ]    Critical: Relocation Stall                                  0 / 0                 0 / 0                 0 / 0                 0 / 0           ops/s
[260.117s][info][gc,stats    ]    Critical: Relocation Stall                              0.000 / 0.000         0.000 / 0.000         0.000 / 0.000         0.000 / 0.000       ms
[260.117s][info][gc,stats    ]      Memory: Allocation Rate                                1913 / 2016           1827 / 2304           1827 / 2304           1827 / 2304        MB/s
[260.117s][info][gc,stats    ]      Memory: Defragment                                        0 / 0                 0 / 0                 0 / 0                 0 / 0           ops/s
[260.117s][info][gc,stats    ]      Memory: Out Of Memory                                     0 / 0                 0 / 0                 0 / 0                 0 / 0           ops/s
[260.117s][info][gc,stats    ]      Memory: Page Cache Flush                                  0 / 0                 0 / 0                 0 / 0                 0 / 0           MB/s
[260.117s][info][gc,stats    ]      Memory: Page Cache Hit L1                               962 / 1032            878 / 1152            878 / 1152            878 / 1152        ops/s
[260.117s][info][gc,stats    ]      Memory: Page Cache Hit L2                                 0 / 0                 0 / 0                 0 / 0                 0 / 0           ops/s
[260.117s][info][gc,stats    ]      Memory: Page Cache Hit L3                                 0 / 0                 3 / 613               3 / 613               3 / 613         ops/s
[260.117s][info][gc,stats    ]      Memory: Page Cache Miss                                   0 / 0                34 / 740              34 / 740              34 / 740         ops/s
[260.117s][info][gc,stats    ]      Memory: Uncommit                                          0 / 0                 0 / 0                 0 / 0                 0 / 0           MB/s
[260.117s][info][gc,stats    ]      Memory: Undo Object Allocation Failed                     0 / 1                 0 / 2                 0 / 2                 0 / 2           ops/s
[260.117s][info][gc,stats    ]      Memory: Undo Object Allocation Succeeded                 17 / 63                8 / 68                8 / 68                8 / 68          ops/s
[260.117s][info][gc,stats    ]      Memory: Undo Page Allocation                              0 / 1                 1 / 25                1 / 25                1 / 25          ops/s
[260.117s][info][gc,stats    ]       Phase: Concurrent Mark                              13.794 / 19.522       16.513 / 125.913      16.513 / 125.913      16.513 / 125.913     ms
[260.117s][info][gc,stats    ]       Phase: Concurrent Mark Continue                      0.000 / 0.000         0.000 / 0.000         0.000 / 0.000         0.000 / 0.000       ms
[260.117s][info][gc,stats    ]       Phase: Concurrent Mark Free                          0.001 / 0.002         0.001 / 0.002         0.001 / 0.002         0.001 / 0.002       ms
[260.117s][info][gc,stats    ]       Phase: Concurrent Process Non-Strong References     11.073 / 13.131        8.905 / 43.378        8.905 / 43.378        8.905 / 43.378      ms
[260.117s][info][gc,stats    ]       Phase: Concurrent Relocate                           3.282 / 4.236         3.063 / 4.517         3.063 / 4.517         3.063 / 4.517       ms
[260.117s][info][gc,stats    ]       Phase: Concurrent Reset Relocation Set               0.017 / 0.026         0.017 / 0.048         0.017 / 0.048         0.017 / 0.048       ms
[260.117s][info][gc,stats    ]       Phase: Concurrent Select Relocation Set              5.480 / 8.500         6.194 / 17.171        6.194 / 17.171        6.194 / 17.171      ms
[260.117s][info][gc,stats    ]       Phase: Pause Mark End                                0.019 / 0.023         0.020 / 0.065         0.020 / 0.065         0.020 / 0.065       ms
[260.117s][info][gc,stats    ]       Phase: Pause Mark Start                              0.013 / 0.017         0.013 / 0.020         0.013 / 0.020         0.013 / 0.020       ms
[260.117s][info][gc,stats    ]       Phase: Pause Relocate Start                          0.007 / 0.008         0.007 / 0.021         0.007 / 0.021         0.007 / 0.021       ms
[260.117s][info][gc,stats    ]    Subphase: Concurrent Classes Purge                      0.004 / 0.005         0.110 / 7.344         0.110 / 7.344         0.110 / 7.344       ms
[260.117s][info][gc,stats    ]    Subphase: Concurrent Classes Unlink                     0.652 / 0.714         0.676 / 8.444         0.676 / 8.444         0.676 / 8.444       ms
[260.117s][info][gc,stats    ]    Subphase: Concurrent Mark                              12.508 / 18.942       14.753 / 125.082      14.753 / 125.082      14.753 / 125.082     ms
[260.117s][info][gc,stats    ]    Subphase: Concurrent Mark Try Flush                     0.101 / 0.318         0.830 / 103.373       0.830 / 103.373       0.830 / 103.373     ms
[260.117s][info][gc,stats    ]    Subphase: Concurrent Mark Try Terminate                 2.277 / 11.538        2.586 / 103.374       2.586 / 103.374       2.586 / 103.374     ms
[260.117s][info][gc,stats    ]    Subphase: Concurrent References Enqueue                 0.001 / 0.004         0.001 / 0.005         0.001 / 0.005         0.001 / 0.005       ms
[260.117s][info][gc,stats    ]    Subphase: Concurrent References Process                 0.048 / 0.053         0.049 / 0.083         0.049 / 0.083         0.049 / 0.083       ms
[260.117s][info][gc,stats    ]    Subphase: Concurrent Roots ClassLoaderDataGraph         0.076 / 0.600         0.074 / 1.506         0.074 / 1.506         0.074 / 1.506       ms
[260.117s][info][gc,stats    ]    Subphase: Concurrent Roots CodeCache                    0.000 / 0.000         0.000 / 0.000         0.000 / 0.000         0.000 / 0.000       ms
[260.117s][info][gc,stats    ]    Subphase: Concurrent Roots JavaThreads                  0.193 / 0.746         0.584 / 9.683         0.584 / 9.683         0.584 / 9.683       ms
[260.117s][info][gc,stats    ]    Subphase: Concurrent Roots OopStorageSet                0.042 / 0.162         0.077 / 1.312         0.077 / 1.312         0.077 / 1.312       ms
[260.117s][info][gc,stats    ]    Subphase: Concurrent Weak Roots OopStorageSet          10.215 / 12.277        7.556 / 12.996        7.556 / 12.996        7.556 / 12.996      ms
[260.117s][info][gc,stats    ]    Subphase: Pause Mark Try Complete                       0.000 / 0.000         0.002 / 0.004         0.002 / 0.004         0.002 / 0.004       ms
[260.118s][info][gc,stats    ]      System: Java Threads                                     45 / 60               46 / 62               46 / 62               46 / 62          threads
[260.118s][info][gc,stats    ] =========================================================================================================================================================
[262.316s][info][gc,start    ] GC(86) Garbage Collection (Proactive)
[262.316s][info][gc,task     ] GC(86) Using 12 workers
[262.317s][info][gc,phases   ] GC(86) Pause Mark Start 0.013ms
[262.323s][info][gc,phases   ] GC(86) Concurrent Mark 6.749ms
[262.324s][info][gc,phases   ] GC(86) Pause Mark End 0.016ms
[262.324s][info][gc,phases   ] GC(86) Concurrent Mark Free 0.001ms
[262.334s][info][gc,phases   ] GC(86) Concurrent Process Non-Strong References 9.995ms
[262.334s][info][gc,phases   ] GC(86) Concurrent Reset Relocation Set 0.016ms
[262.339s][info][gc,phases   ] GC(86) Concurrent Select Relocation Set 5.567ms
[262.339s][info][gc,phases   ] GC(86) Pause Relocate Start 0.008ms
[262.342s][info][gc,phases   ] GC(86) Concurrent Relocate 2.754ms
[262.342s][info][gc,load     ] GC(86) Load: 0.00/0.00/0.00
[262.342s][info][gc,mmu      ] GC(86) MMU: 2ms/96.7%, 5ms/98.7%, 10ms/99.3%, 20ms/99.6%, 50ms/99.8%, 100ms/99.9%
[262.342s][info][gc,marking  ] GC(86) Mark: 8 stripe(s), 4 proactive flush(es), 1 terminate flush(es), 0 completion(s), 0 continuation(s) 
[262.342s][info][gc,marking  ] GC(86) Mark Stack Usage: 32M
[262.342s][info][gc,nmethod  ] GC(86) NMethods: 2337 registered, 17 unregistered
[262.342s][info][gc,metaspace] GC(86) Metaspace: 13M used, 14M committed, 1088M reserved
[262.342s][info][gc,ref      ] GC(86) Soft: 211 encountered, 0 discovered, 0 enqueued
[262.342s][info][gc,ref      ] GC(86) Weak: 727 encountered, 211 discovered, 0 enqueued
[262.342s][info][gc,ref      ] GC(86) Final: 0 encountered, 0 discovered, 0 enqueued
[262.342s][info][gc,ref      ] GC(86) Phantom: 59 encountered, 37 discovered, 0 enqueued
[262.342s][info][gc,reloc    ] GC(86) Small Pages: 2236 / 4472M, Empty: 4146M, Relocated: 6M, In-Place: 0
[262.342s][info][gc,reloc    ] GC(86) Medium Pages: 0 / 0M, Empty: 0M, Relocated: 0M, In-Place: 0
[262.343s][info][gc,reloc    ] GC(86) Large Pages: 0 / 0M, Empty: 0M, Relocated: 0M, In-Place: 0
[262.343s][info][gc,reloc    ] GC(86) Forwarding Usage: 1M
[262.343s][info][gc,heap     ] GC(86) Min Capacity: 8M(0%)
[262.343s][info][gc,heap     ] GC(86) Max Capacity: 30718M(100%)
[262.343s][info][gc,heap     ] GC(86) Soft Max Capacity: 30718M(100%)
[262.343s][info][gc,heap     ] GC(86)                Mark Start          Mark End        Relocate Start      Relocate End           High               Low         
[262.343s][info][gc,heap     ] GC(86)  Capacity:    20042M (65%)       20042M (65%)       20042M (65%)       20042M (65%)       20042M (65%)       20042M (65%)    
[262.343s][info][gc,heap     ] GC(86)      Free:    26246M (85%)       26168M (85%)       30302M (99%)       30594M (100%)      30594M (100%)      26158M (85%)    
[262.343s][info][gc,heap     ] GC(86)      Used:     4472M (15%)        4550M (15%)         416M (1%)          124M (0%)         4560M (15%)         124M (0%)     
[262.343s][info][gc,heap     ] GC(86)      Live:         -                 9M (0%)            9M (0%)            9M (0%)             -                  -          
[262.343s][info][gc,heap     ] GC(86) Allocated:         -                78M (0%)           90M (0%)           94M (0%)             -                  -          
[262.343s][info][gc,heap     ] GC(86)   Garbage:         -              4462M (15%)         316M (1%)           20M (0%)             -                  -          
[262.343s][info][gc,heap     ] GC(86) Reclaimed:         -                  -              4146M (13%)        4442M (14%)            -                  -          
[262.343s][info][gc          ] GC(86) Garbage Collection (Proactive) 4472M(15%)->124M(0%)
[264.316s][info][gc,start    ] GC(87) Garbage Collection (Proactive)
[264.316s][info][gc,task     ] GC(87) Using 12 workers
[264.316s][info][gc,phases   ] GC(87) Pause Mark Start 0.011ms
[264.327s][info][gc,phases   ] GC(87) Concurrent Mark 10.499ms
[264.327s][info][gc,phases   ] GC(87) Pause Mark End 0.018ms
[264.327s][info][gc,phases   ] GC(87) Concurrent Mark Free 0.001ms
[264.337s][info][gc,phases   ] GC(87) Concurrent Process Non-Strong References 9.630ms
[264.337s][info][gc,phases   ] GC(87) Concurrent Reset Relocation Set 0.016ms
[264.340s][info][gc,phases   ] GC(87) Concurrent Select Relocation Set 3.714ms
[264.341s][info][gc,phases   ] GC(87) Pause Relocate Start 0.012ms
[264.345s][info][gc,phases   ] GC(87) Concurrent Relocate 4.124ms
[264.345s][info][gc,load     ] GC(87) Load: 0.00/0.00/0.00
[264.345s][info][gc,mmu      ] GC(87) MMU: 2ms/96.7%, 5ms/98.7%, 10ms/99.3%, 20ms/99.6%, 50ms/99.8%, 100ms/99.9%
[264.345s][info][gc,marking  ] GC(87) Mark: 8 stripe(s), 7 proactive flush(es), 1 terminate flush(es), 0 completion(s), 0 continuation(s) 
[264.345s][info][gc,marking  ] GC(87) Mark Stack Usage: 32M
[264.345s][info][gc,nmethod  ] GC(87) NMethods: 2337 registered, 17 unregistered
[264.345s][info][gc,metaspace] GC(87) Metaspace: 13M used, 14M committed, 1088M reserved
[264.345s][info][gc,ref      ] GC(87) Soft: 211 encountered, 0 discovered, 0 enqueued
[264.345s][info][gc,ref      ] GC(87) Weak: 727 encountered, 164 discovered, 0 enqueued
[264.345s][info][gc,ref      ] GC(87) Final: 0 encountered, 0 discovered, 0 enqueued
[264.345s][info][gc,ref      ] GC(87) Phantom: 59 encountered, 37 discovered, 0 enqueued
[264.345s][info][gc,reloc    ] GC(87) Small Pages: 1779 / 3558M, Empty: 3256M, Relocated: 6M, In-Place: 0
[264.345s][info][gc,reloc    ] GC(87) Medium Pages: 0 / 0M, Empty: 0M, Relocated: 0M, In-Place: 0
[264.345s][info][gc,reloc    ] GC(87) Large Pages: 0 / 0M, Empty: 0M, Relocated: 0M, In-Place: 0
[264.345s][info][gc,reloc    ] GC(87) Forwarding Usage: 1M
[264.345s][info][gc,heap     ] GC(87) Min Capacity: 8M(0%)
[264.345s][info][gc,heap     ] GC(87) Max Capacity: 30718M(100%)
[264.345s][info][gc,heap     ] GC(87) Soft Max Capacity: 30718M(100%)
[264.345s][info][gc,heap     ] GC(87)                Mark Start          Mark End        Relocate Start      Relocate End           High               Low         
[264.345s][info][gc,heap     ] GC(87)  Capacity:    20042M (65%)       20042M (65%)       20042M (65%)       20042M (65%)       20042M (65%)       20042M (65%)    
[264.345s][info][gc,heap     ] GC(87)      Free:    27160M (88%)       27072M (88%)       30326M (99%)       30594M (100%)      30594M (100%)      27070M (88%)    
[264.345s][info][gc,heap     ] GC(87)      Used:     3558M (12%)        3646M (12%)         392M (1%)          124M (0%)         3648M (12%)         124M (0%)     
[264.345s][info][gc,heap     ] GC(87)      Live:         -                 9M (0%)            9M (0%)            9M (0%)             -                  -          
[264.345s][info][gc,heap     ] GC(87) Allocated:         -                88M (0%)           90M (0%)           94M (0%)             -                  -          
[264.345s][info][gc,heap     ] GC(87)   Garbage:         -              3548M (12%)         292M (1%)           19M (0%)             -                  -          
[264.345s][info][gc,heap     ] GC(87) Reclaimed:         -                  -              3256M (11%)        3528M (11%)            -                  -          
[264.345s][info][gc          ] GC(87) Garbage Collection (Proactive) 3558M(12%)->124M(0%)
[266.316s][info][gc,start    ] GC(88) Garbage Collection (Proactive)
[266.316s][info][gc,task     ] GC(88) Using 12 workers
[266.316s][info][gc,phases   ] GC(88) Pause Mark Start 0.011ms
[266.324s][info][gc,phases   ] GC(88) Concurrent Mark 8.024ms
[266.325s][info][gc,phases   ] GC(88) Pause Mark End 0.021ms
[266.325s][info][gc,phases   ] GC(88) Concurrent Mark Free 0.001ms
[266.334s][info][gc,phases   ] GC(88) Concurrent Process Non-Strong References 9.014ms
[266.334s][info][gc,phases   ] GC(88) Concurrent Reset Relocation Set 0.021ms
[266.341s][info][gc,phases   ] GC(88) Concurrent Select Relocation Set 7.315ms
[266.341s][info][gc,phases   ] GC(88) Pause Relocate Start 0.006ms
[266.344s][info][gc,phases   ] GC(88) Concurrent Relocate 2.681ms
[266.344s][info][gc,load     ] GC(88) Load: 0.00/0.00/0.00
[266.344s][info][gc,mmu      ] GC(88) MMU: 2ms/96.7%, 5ms/98.7%, 10ms/99.3%, 20ms/99.6%, 50ms/99.8%, 100ms/99.9%
[266.344s][info][gc,marking  ] GC(88) Mark: 8 stripe(s), 4 proactive flush(es), 1 terminate flush(es), 0 completion(s), 0 continuation(s) 
[266.344s][info][gc,marking  ] GC(88) Mark Stack Usage: 32M
[266.344s][info][gc,nmethod  ] GC(88) NMethods: 2337 registered, 17 unregistered
[266.344s][info][gc,metaspace] GC(88) Metaspace: 13M used, 14M committed, 1088M reserved
[266.344s][info][gc,ref      ] GC(88) Soft: 211 encountered, 0 discovered, 0 enqueued
[266.344s][info][gc,ref      ] GC(88) Weak: 727 encountered, 170 discovered, 0 enqueued
[266.344s][info][gc,ref      ] GC(88) Final: 0 encountered, 0 discovered, 0 enqueued
[266.344s][info][gc,ref      ] GC(88) Phantom: 59 encountered, 30 discovered, 0 enqueued
[266.344s][info][gc,reloc    ] GC(88) Small Pages: 1872 / 3744M, Empty: 3428M, Relocated: 8M, In-Place: 0
[266.344s][info][gc,reloc    ] GC(88) Medium Pages: 0 / 0M, Empty: 0M, Relocated: 0M, In-Place: 0
[266.344s][info][gc,reloc    ] GC(88) Large Pages: 0 / 0M, Empty: 0M, Relocated: 0M, In-Place: 0
[266.344s][info][gc,reloc    ] GC(88) Forwarding Usage: 1M
[266.344s][info][gc,heap     ] GC(88) Min Capacity: 8M(0%)
[266.344s][info][gc,heap     ] GC(88) Max Capacity: 30718M(100%)
[266.344s][info][gc,heap     ] GC(88) Soft Max Capacity: 30718M(100%)
[266.344s][info][gc,heap     ] GC(88)                Mark Start          Mark End        Relocate Start      Relocate End           High               Low         
[266.344s][info][gc,heap     ] GC(88)  Capacity:    20042M (65%)       20042M (65%)       20042M (65%)       20042M (65%)       20042M (65%)       20042M (65%)    
[266.344s][info][gc,heap     ] GC(88)      Free:    26974M (88%)       26894M (88%)       30314M (99%)       30600M (100%)      30600M (100%)      26886M (88%)    
[266.344s][info][gc,heap     ] GC(88)      Used:     3744M (12%)        3824M (12%)         404M (1%)          118M (0%)         3832M (12%)         118M (0%)     
[266.344s][info][gc,heap     ] GC(88)      Live:         -                 9M (0%)            9M (0%)            9M (0%)             -                  -          
[266.344s][info][gc,heap     ] GC(88) Allocated:         -                80M (0%)           88M (0%)           91M (0%)             -                  -          
[266.344s][info][gc,heap     ] GC(88)   Garbage:         -              3734M (12%)         306M (1%)           16M (0%)             -                  -          
[266.344s][info][gc,heap     ] GC(88) Reclaimed:         -                  -              3428M (11%)        3717M (12%)            -                  -          
[266.344s][info][gc          ] GC(88) Garbage Collection (Proactive) 3744M(12%)->118M(0%)
[268.316s][info][gc,start    ] GC(89) Garbage Collection (Proactive)
[268.317s][info][gc,task     ] GC(89) Using 12 workers
[268.317s][info][gc,phases   ] GC(89) Pause Mark Start 0.010ms
[268.325s][info][gc,phases   ] GC(89) Concurrent Mark 8.676ms
[268.326s][info][gc,phases   ] GC(89) Pause Mark End 0.016ms
[268.326s][info][gc,phases   ] GC(89) Concurrent Mark Free 0.001ms
[268.335s][info][gc,phases   ] GC(89) Concurrent Process Non-Strong References 9.046ms
[268.335s][info][gc,phases   ] GC(89) Concurrent Reset Relocation Set 0.021ms
[268.340s][info][gc,phases   ] GC(89) Concurrent Select Relocation Set 5.043ms
[268.340s][info][gc,phases   ] GC(89) Pause Relocate Start 0.006ms
[268.343s][info][gc,phases   ] GC(89) Concurrent Relocate 2.872ms
[268.343s][info][gc,load     ] GC(89) Load: 0.00/0.00/0.00
[268.343s][info][gc,mmu      ] GC(89) MMU: 2ms/96.7%, 5ms/98.7%, 10ms/99.3%, 20ms/99.6%, 50ms/99.8%, 100ms/99.9%
[268.343s][info][gc,marking  ] GC(89) Mark: 8 stripe(s), 5 proactive flush(es), 1 terminate flush(es), 0 completion(s), 0 continuation(s) 
[268.343s][info][gc,marking  ] GC(89) Mark Stack Usage: 32M
[268.343s][info][gc,nmethod  ] GC(89) NMethods: 2337 registered, 17 unregistered
[268.343s][info][gc,metaspace] GC(89) Metaspace: 13M used, 14M committed, 1088M reserved
[268.343s][info][gc,ref      ] GC(89) Soft: 211 encountered, 0 discovered, 0 enqueued
[268.343s][info][gc,ref      ] GC(89) Weak: 711 encountered, 275 discovered, 0 enqueued
[268.343s][info][gc,ref      ] GC(89) Final: 0 encountered, 0 discovered, 0 enqueued
[268.343s][info][gc,ref      ] GC(89) Phantom: 59 encountered, 36 discovered, 0 enqueued
[268.343s][info][gc,reloc    ] GC(89) Small Pages: 1848 / 3696M, Empty: 3460M, Relocated: 6M, In-Place: 0
[268.343s][info][gc,reloc    ] GC(89) Medium Pages: 0 / 0M, Empty: 0M, Relocated: 0M, In-Place: 0
[268.343s][info][gc,reloc    ] GC(89) Large Pages: 0 / 0M, Empty: 0M, Relocated: 0M, In-Place: 0
[268.343s][info][gc,reloc    ] GC(89) Forwarding Usage: 1M
[268.343s][info][gc,heap     ] GC(89) Min Capacity: 8M(0%)
[268.343s][info][gc,heap     ] GC(89) Max Capacity: 30718M(100%)
[268.343s][info][gc,heap     ] GC(89) Soft Max Capacity: 30718M(100%)
[268.343s][info][gc,heap     ] GC(89)                Mark Start          Mark End        Relocate Start      Relocate End           High               Low         
[268.343s][info][gc,heap     ] GC(89)  Capacity:    20042M (65%)       20042M (65%)       20042M (65%)       20042M (65%)       20042M (65%)       20042M (65%)    
[268.343s][info][gc,heap     ] GC(89)      Free:    27022M (88%)       26946M (88%)       30394M (99%)       30598M (100%)      30598M (100%)      26938M (88%)    
[268.343s][info][gc,heap     ] GC(89)      Used:     3696M (12%)        3772M (12%)         324M (1%)          120M (0%)         3780M (12%)         120M (0%)     
[268.343s][info][gc,heap     ] GC(89)      Live:         -                 9M (0%)            9M (0%)            9M (0%)             -                  -          
[268.343s][info][gc,heap     ] GC(89) Allocated:         -                76M (0%)           88M (0%)           90M (0%)             -                  -          
[268.343s][info][gc,heap     ] GC(89)   Garbage:         -              3686M (12%)         226M (1%)           19M (0%)             -                  -          
[268.343s][info][gc,heap     ] GC(89) Reclaimed:         -                  -              3460M (11%)        3666M (12%)            -                  -          
[268.343s][info][gc          ] GC(89) Garbage Collection (Proactive) 3696M(12%)->120M(0%)
[269.018s][info][gc,start    ] GC(90) Garbage Collection (System.gc())
[269.018s][info][gc,task     ] GC(90) Using 12 workers
[269.019s][info][gc,phases   ] GC(90) Pause Mark Start 0.017ms
[269.033s][info][gc,phases   ] GC(90) Concurrent Mark 13.916ms
[269.033s][info][gc,phases   ] GC(90) Pause Mark End 0.017ms
[269.033s][info][gc,phases   ] GC(90) Concurrent Mark Free 0.001ms
[269.044s][info][gc,phases   ] GC(90) Concurrent Process Non-Strong References 11.556ms
[269.044s][info][gc,phases   ] GC(90) Concurrent Reset Relocation Set 0.009ms
[269.049s][info][gc,phases   ] GC(90) Concurrent Select Relocation Set 4.765ms
[269.049s][info][gc,phases   ] GC(90) Pause Relocate Start 0.008ms
[269.054s][info][gc,phases   ] GC(90) Concurrent Relocate 4.306ms
[269.054s][info][gc,load     ] GC(90) Load: 0.00/0.00/0.00
[269.054s][info][gc,mmu      ] GC(90) MMU: 2ms/96.7%, 5ms/98.7%, 10ms/99.3%, 20ms/99.6%, 50ms/99.8%, 100ms/99.9%
[269.054s][info][gc,marking  ] GC(90) Mark: 8 stripe(s), 2 proactive flush(es), 1 terminate flush(es), 0 completion(s), 0 continuation(s) 
[269.054s][info][gc,marking  ] GC(90) Mark Stack Usage: 32M
[269.054s][info][gc,nmethod  ] GC(90) NMethods: 2337 registered, 17 unregistered
[269.054s][info][gc,metaspace] GC(90) Metaspace: 13M used, 14M committed, 1088M reserved
[269.054s][info][gc,ref      ] GC(90) Soft: 211 encountered, 0 discovered, 0 enqueued
[269.054s][info][gc,ref      ] GC(90) Weak: 627 encountered, 155 discovered, 0 enqueued
[269.054s][info][gc,ref      ] GC(90) Final: 0 encountered, 0 discovered, 0 enqueued
[269.054s][info][gc,ref      ] GC(90) Phantom: 59 encountered, 39 discovered, 0 enqueued
[269.054s][info][gc,reloc    ] GC(90) Small Pages: 762 / 1524M, Empty: 1444M, Relocated: 4M, In-Place: 0
[269.054s][info][gc,reloc    ] GC(90) Medium Pages: 0 / 0M, Empty: 0M, Relocated: 0M, In-Place: 0
[269.054s][info][gc,reloc    ] GC(90) Large Pages: 0 / 0M, Empty: 0M, Relocated: 0M, In-Place: 0
[269.054s][info][gc,reloc    ] GC(90) Forwarding Usage: 1M
[269.054s][info][gc,heap     ] GC(90) Min Capacity: 8M(0%)
[269.054s][info][gc,heap     ] GC(90) Max Capacity: 30718M(100%)
[269.054s][info][gc,heap     ] GC(90) Soft Max Capacity: 30718M(100%)
[269.054s][info][gc,heap     ] GC(90)                Mark Start          Mark End        Relocate Start      Relocate End           High               Low         
[269.054s][info][gc,heap     ] GC(90)  Capacity:    20042M (65%)       20042M (65%)       20042M (65%)       20042M (65%)       20042M (65%)       20042M (65%)    
[269.054s][info][gc,heap     ] GC(90)      Free:    29194M (95%)       29194M (95%)       30638M (100%)      30692M (100%)      30692M (100%)      29194M (95%)    
[269.054s][info][gc,heap     ] GC(90)      Used:     1524M (5%)         1524M (5%)           80M (0%)           26M (0%)         1524M (5%)           26M (0%)     
[269.054s][info][gc,heap     ] GC(90)      Live:         -                 6M (0%)            6M (0%)            6M (0%)             -                  -          
[269.054s][info][gc,heap     ] GC(90) Allocated:         -                 0M (0%)            0M (0%)            0M (0%)             -                  -          
[269.054s][info][gc,heap     ] GC(90)   Garbage:         -              1517M (5%)           73M (0%)           19M (0%)             -                  -          
[269.054s][info][gc,heap     ] GC(90) Reclaimed:         -                  -              1444M (5%)         1498M (5%)             -                  -          
[269.054s][info][gc          ] GC(90) Garbage Collection (System.gc()) 1524M(5%)->26M(0%)
[270.116s][info][gc,stats    ] === Garbage Collection Statistics =======================================================================================================================
[270.116s][info][gc,stats    ]                                                              Last 10s              Last 10m              Last 10h                Total
[270.116s][info][gc,stats    ]                                                              Avg / Max             Avg / Max             Avg / Max             Avg / Max
[270.116s][info][gc,stats    ]   Collector: Garbage Collection Cycle                     28.978 / 35.325       38.448 / 159.419      38.448 / 159.419      38.448 / 159.419     ms
[270.116s][info][gc,stats    ]  Contention: Mark Segment Reset Contention                     1 / 7                 1 / 26                1 / 26                1 / 26          ops/s
[270.116s][info][gc,stats    ]  Contention: Mark SeqNum Reset Contention                      0 / 6                 0 / 6                 0 / 6                 0 / 6           ops/s
[270.116s][info][gc,stats    ]    Critical: Allocation Stall                                  0 / 0                 0 / 0                 0 / 0                 0 / 0           ops/s
[270.116s][info][gc,stats    ]    Critical: Allocation Stall                              0.000 / 0.000         0.000 / 0.000         0.000 / 0.000         0.000 / 0.000       ms
[270.116s][info][gc,stats    ]    Critical: GC Locker Stall                                   0 / 0                 0 / 0                 0 / 0                 0 / 0           ops/s
[270.116s][info][gc,stats    ]    Critical: GC Locker Stall                               0.000 / 0.000         0.000 / 0.000         0.000 / 0.000         0.000 / 0.000       ms
[270.116s][info][gc,stats    ]    Critical: Relocation Stall                                  0 / 0                 0 / 0                 0 / 0                 0 / 0           ops/s
[270.116s][info][gc,stats    ]    Critical: Relocation Stall                              0.000 / 0.000         0.000 / 0.000         0.000 / 0.000         0.000 / 0.000       ms
[270.116s][info][gc,stats    ]      Memory: Allocation Rate                                1835 / 2000           1827 / 2304           1827 / 2304           1827 / 2304        MB/s
[270.116s][info][gc,stats    ]      Memory: Defragment                                        0 / 0                 0 / 0                 0 / 0                 0 / 0           ops/s
[270.116s][info][gc,stats    ]      Memory: Out Of Memory                                     0 / 0                 0 / 0                 0 / 0                 0 / 0           ops/s
[270.116s][info][gc,stats    ]      Memory: Page Cache Flush                                  0 / 0                 0 / 0                 0 / 0                 0 / 0           MB/s
[270.116s][info][gc,stats    ]      Memory: Page Cache Hit L1                               923 / 1024            880 / 1152            880 / 1152            880 / 1152        ops/s
[270.116s][info][gc,stats    ]      Memory: Page Cache Hit L2                                 0 / 0                 0 / 0                 0 / 0                 0 / 0           ops/s
[270.116s][info][gc,stats    ]      Memory: Page Cache Hit L3                                 0 / 0                 3 / 613               3 / 613               3 / 613         ops/s
[270.116s][info][gc,stats    ]      Memory: Page Cache Miss                                   0 / 0                33 / 740              33 / 740              33 / 740         ops/s
[270.116s][info][gc,stats    ]      Memory: Uncommit                                          0 / 0                 0 / 0                 0 / 0                 0 / 0           MB/s
[270.116s][info][gc,stats    ]      Memory: Undo Object Allocation Failed                     0 / 0                 0 / 2                 0 / 2                 0 / 2           ops/s
[270.116s][info][gc,stats    ]      Memory: Undo Object Allocation Succeeded                 10 / 37                8 / 68                8 / 68                8 / 68          ops/s
[270.116s][info][gc,stats    ]      Memory: Undo Page Allocation                              0 / 1                 1 / 25                1 / 25                1 / 25          ops/s
[270.116s][info][gc,stats    ]       Phase: Concurrent Mark                               9.573 / 13.916       16.132 / 125.913      16.132 / 125.913      16.132 / 125.913     ms
[270.116s][info][gc,stats    ]       Phase: Concurrent Mark Continue                      0.000 / 0.000         0.000 / 0.000         0.000 / 0.000         0.000 / 0.000       ms
[270.116s][info][gc,stats    ]       Phase: Concurrent Mark Free                          0.001 / 0.001         0.001 / 0.002         0.001 / 0.002         0.001 / 0.002       ms
[270.116s][info][gc,stats    ]       Phase: Concurrent Process Non-Strong References      9.848 / 11.556        8.957 / 43.378        8.957 / 43.378        8.957 / 43.378      ms
[270.116s][info][gc,stats    ]       Phase: Concurrent Relocate                           3.347 / 4.306         3.078 / 4.517         3.078 / 4.517         3.078 / 4.517       ms
[270.116s][info][gc,stats    ]       Phase: Concurrent Reset Relocation Set               0.017 / 0.021         0.017 / 0.048         0.017 / 0.048         0.017 / 0.048       ms
[270.116s][info][gc,stats    ]       Phase: Concurrent Select Relocation Set              5.281 / 7.315         6.143 / 17.171        6.143 / 17.171        6.143 / 17.171      ms
[270.116s][info][gc,stats    ]       Phase: Pause Mark End                                0.018 / 0.021         0.020 / 0.065         0.020 / 0.065         0.020 / 0.065       ms
[270.116s][info][gc,stats    ]       Phase: Pause Mark Start                              0.012 / 0.017         0.013 / 0.020         0.013 / 0.020         0.013 / 0.020       ms
[270.116s][info][gc,stats    ]       Phase: Pause Relocate Start                          0.008 / 0.012         0.007 / 0.021         0.007 / 0.021         0.007 / 0.021       ms
[270.116s][info][gc,stats    ]    Subphase: Concurrent Classes Purge                      0.005 / 0.008         0.104 / 7.344         0.104 / 7.344         0.104 / 7.344       ms
[270.116s][info][gc,stats    ]    Subphase: Concurrent Classes Unlink                     0.626 / 0.694         0.673 / 8.444         0.673 / 8.444         0.673 / 8.444       ms
[270.116s][info][gc,stats    ]    Subphase: Concurrent Mark                               8.680 / 13.099       14.419 / 125.082      14.419 / 125.082      14.419 / 125.082     ms
[270.116s][info][gc,stats    ]    Subphase: Concurrent Mark Try Flush                     0.097 / 0.228         0.779 / 103.373       0.779 / 103.373       0.779 / 103.373     ms
[270.116s][info][gc,stats    ]    Subphase: Concurrent Mark Try Terminate                 2.090 / 11.064        2.565 / 103.374       2.565 / 103.374       2.565 / 103.374     ms
[270.116s][info][gc,stats    ]    Subphase: Concurrent References Enqueue                 0.000 / 0.001         0.001 / 0.005         0.001 / 0.005         0.001 / 0.005       ms
[270.116s][info][gc,stats    ]    Subphase: Concurrent References Process                 0.049 / 0.057         0.049 / 0.083         0.049 / 0.083         0.049 / 0.083       ms
[270.116s][info][gc,stats    ]    Subphase: Concurrent Roots ClassLoaderDataGraph         0.052 / 0.470         0.072 / 1.506         0.072 / 1.506         0.072 / 1.506       ms
[270.116s][info][gc,stats    ]    Subphase: Concurrent Roots CodeCache                    0.000 / 0.000         0.000 / 0.000         0.000 / 0.000         0.000 / 0.000       ms
[270.116s][info][gc,stats    ]    Subphase: Concurrent Roots JavaThreads                  0.207 / 0.738         0.563 / 9.683         0.563 / 9.683         0.563 / 9.683       ms
[270.116s][info][gc,stats    ]    Subphase: Concurrent Roots OopStorageSet                0.023 / 0.105         0.074 / 1.312         0.074 / 1.312         0.074 / 1.312       ms
[270.116s][info][gc,stats    ]    Subphase: Concurrent Weak Roots OopStorageSet           9.023 / 10.742        7.637 / 12.996        7.637 / 12.996        7.637 / 12.996      ms
[270.116s][info][gc,stats    ]    Subphase: Pause Mark Try Complete                       0.000 / 0.000         0.002 / 0.004         0.002 / 0.004         0.002 / 0.004       ms
[270.117s][info][gc,stats    ]      System: Java Threads                                     48 / 60               46 / 62               46 / 62               46 / 62          threads
[270.117s][info][gc,stats    ] =========================================================================================================================================================
[271.516s][info][gc,start    ] GC(91) Garbage Collection (Proactive)
[271.516s][info][gc,task     ] GC(91) Using 12 workers
[271.516s][info][gc,phases   ] GC(91) Pause Mark Start 0.013ms
[271.529s][info][gc,phases   ] GC(91) Concurrent Mark 12.437ms
[271.529s][info][gc,phases   ] GC(91) Pause Mark End 0.020ms
[271.529s][info][gc,phases   ] GC(91) Concurrent Mark Free 0.001ms
[271.540s][info][gc,phases   ] GC(91) Concurrent Process Non-Strong References 10.606ms
[271.540s][info][gc,phases   ] GC(91) Concurrent Reset Relocation Set 0.006ms
[271.543s][info][gc,phases   ] GC(91) Concurrent Select Relocation Set 3.863ms
[271.544s][info][gc,phases   ] GC(91) Pause Relocate Start 0.007ms
[271.546s][info][gc,phases   ] GC(91) Concurrent Relocate 2.412ms
[271.546s][info][gc,load     ] GC(91) Load: 0.00/0.00/0.00
[271.546s][info][gc,mmu      ] GC(91) MMU: 2ms/96.7%, 5ms/98.7%, 10ms/99.3%, 20ms/99.6%, 50ms/99.8%, 100ms/99.9%
[271.546s][info][gc,marking  ] GC(91) Mark: 8 stripe(s), 9 proactive flush(es), 1 terminate flush(es), 0 completion(s), 0 continuation(s) 
[271.546s][info][gc,marking  ] GC(91) Mark Stack Usage: 32M
[271.546s][info][gc,nmethod  ] GC(91) NMethods: 2337 registered, 18 unregistered
[271.546s][info][gc,metaspace] GC(91) Metaspace: 13M used, 14M committed, 1088M reserved
[271.546s][info][gc,ref      ] GC(91) Soft: 211 encountered, 0 discovered, 0 enqueued
[271.546s][info][gc,ref      ] GC(91) Weak: 723 encountered, 135 discovered, 0 enqueued
[271.546s][info][gc,ref      ] GC(91) Final: 0 encountered, 0 discovered, 0 enqueued
[271.546s][info][gc,ref      ] GC(91) Phantom: 59 encountered, 38 discovered, 0 enqueued
[271.546s][info][gc,reloc    ] GC(91) Small Pages: 2200 / 4400M, Empty: 4098M, Relocated: 6M, In-Place: 0
[271.546s][info][gc,reloc    ] GC(91) Medium Pages: 0 / 0M, Empty: 0M, Relocated: 0M, In-Place: 0
[271.546s][info][gc,reloc    ] GC(91) Large Pages: 0 / 0M, Empty: 0M, Relocated: 0M, In-Place: 0
[271.546s][info][gc,reloc    ] GC(91) Forwarding Usage: 1M
[271.546s][info][gc,heap     ] GC(91) Min Capacity: 8M(0%)
[271.546s][info][gc,heap     ] GC(91) Max Capacity: 30718M(100%)
[271.546s][info][gc,heap     ] GC(91) Soft Max Capacity: 30718M(100%)
[271.546s][info][gc,heap     ] GC(91)                Mark Start          Mark End        Relocate Start      Relocate End           High               Low         
[271.546s][info][gc,heap     ] GC(91)  Capacity:    20042M (65%)       20042M (65%)       20042M (65%)       20042M (65%)       20042M (65%)       20042M (65%)    
[271.546s][info][gc,heap     ] GC(91)      Free:    26318M (86%)       26230M (85%)       30322M (99%)       30590M (100%)      30590M (100%)      26228M (85%)    
[271.546s][info][gc,heap     ] GC(91)      Used:     4400M (14%)        4488M (15%)         396M (1%)          128M (0%)         4490M (15%)         128M (0%)     
[271.546s][info][gc,heap     ] GC(91)      Live:         -                 8M (0%)            8M (0%)            8M (0%)             -                  -          
[271.546s][info][gc,heap     ] GC(91) Allocated:         -                88M (0%)           94M (0%)           98M (0%)             -                  -          
[271.546s][info][gc,heap     ] GC(91)   Garbage:         -              4391M (14%)         293M (1%)           20M (0%)             -                  -          
[271.546s][info][gc,heap     ] GC(91) Reclaimed:         -                  -              4098M (13%)        4370M (14%)            -                  -          
[271.547s][info][gc          ] GC(91) Garbage Collection (Proactive) 4400M(14%)->128M(0%)
[273.616s][info][gc,start    ] GC(92) Garbage Collection (Proactive)
[273.616s][info][gc,task     ] GC(92) Using 12 workers
[273.616s][info][gc,phases   ] GC(92) Pause Mark Start 0.013ms
[273.623s][info][gc,phases   ] GC(92) Concurrent Mark 6.654ms
[273.623s][info][gc,phases   ] GC(92) Pause Mark End 0.018ms
[273.623s][info][gc,phases   ] GC(92) Concurrent Mark Free 0.001ms
[273.633s][info][gc,phases   ] GC(92) Concurrent Process Non-Strong References 9.585ms
[273.633s][info][gc,phases   ] GC(92) Concurrent Reset Relocation Set 0.024ms
[273.638s][info][gc,phases   ] GC(92) Concurrent Select Relocation Set 4.955ms
[273.638s][info][gc,phases   ] GC(92) Pause Relocate Start 0.007ms
[273.641s][info][gc,phases   ] GC(92) Concurrent Relocate 2.530ms
[273.641s][info][gc,load     ] GC(92) Load: 0.00/0.00/0.00
[273.641s][info][gc,mmu      ] GC(92) MMU: 2ms/96.7%, 5ms/98.7%, 10ms/99.3%, 20ms/99.6%, 50ms/99.8%, 100ms/99.9%
[273.641s][info][gc,marking  ] GC(92) Mark: 8 stripe(s), 3 proactive flush(es), 1 terminate flush(es), 0 completion(s), 0 continuation(s) 
[273.641s][info][gc,marking  ] GC(92) Mark Stack Usage: 32M
[273.641s][info][gc,nmethod  ] GC(92) NMethods: 2337 registered, 18 unregistered
[273.641s][info][gc,metaspace] GC(92) Metaspace: 13M used, 14M committed, 1088M reserved
[273.641s][info][gc,ref      ] GC(92) Soft: 211 encountered, 0 discovered, 0 enqueued
[273.641s][info][gc,ref      ] GC(92) Weak: 723 encountered, 315 discovered, 0 enqueued
[273.641s][info][gc,ref      ] GC(92) Final: 0 encountered, 0 discovered, 0 enqueued
[273.641s][info][gc,ref      ] GC(92) Phantom: 59 encountered, 38 discovered, 0 enqueued
[273.641s][info][gc,reloc    ] GC(92) Small Pages: 2249 / 4498M, Empty: 4194M, Relocated: 6M, In-Place: 0
[273.641s][info][gc,reloc    ] GC(92) Medium Pages: 0 / 0M, Empty: 0M, Relocated: 0M, In-Place: 0
[273.641s][info][gc,reloc    ] GC(92) Large Pages: 0 / 0M, Empty: 0M, Relocated: 0M, In-Place: 0
[273.641s][info][gc,reloc    ] GC(92) Forwarding Usage: 1M
[273.641s][info][gc,heap     ] GC(92) Min Capacity: 8M(0%)
[273.641s][info][gc,heap     ] GC(92) Max Capacity: 30718M(100%)
[273.641s][info][gc,heap     ] GC(92) Soft Max Capacity: 30718M(100%)
[273.641s][info][gc,heap     ] GC(92)                Mark Start          Mark End        Relocate Start      Relocate End           High               Low         
[273.641s][info][gc,heap     ] GC(92)  Capacity:    20042M (65%)       20042M (65%)       20042M (65%)       20042M (65%)       20042M (65%)       20042M (65%)    
[273.641s][info][gc,heap     ] GC(92)      Free:    26220M (85%)       26138M (85%)       30320M (99%)       30594M (100%)      30594M (100%)      26134M (85%)    
[273.641s][info][gc,heap     ] GC(92)      Used:     4498M (15%)        4580M (15%)         398M (1%)          124M (0%)         4584M (15%)         124M (0%)     
[273.641s][info][gc,heap     ] GC(92)      Live:         -                 9M (0%)            9M (0%)            9M (0%)             -                  -          
[273.641s][info][gc,heap     ] GC(92) Allocated:         -                82M (0%)           94M (0%)           94M (0%)             -                  -          
[273.641s][info][gc,heap     ] GC(92)   Garbage:         -              4488M (15%)         294M (1%)           20M (0%)             -                  -          
[273.641s][info][gc,heap     ] GC(92) Reclaimed:         -                  -              4194M (14%)        4468M (15%)            -                  -          
[273.641s][info][gc          ] GC(92) Garbage Collection (Proactive) 4498M(15%)->124M(0%)
[275.616s][info][gc,start    ] GC(93) Garbage Collection (Proactive)
[275.616s][info][gc,task     ] GC(93) Using 12 workers
[275.616s][info][gc,phases   ] GC(93) Pause Mark Start 0.013ms
[275.625s][info][gc,phases   ] GC(93) Concurrent Mark 8.722ms
[275.625s][info][gc,phases   ] GC(93) Pause Mark End 0.018ms
[275.625s][info][gc,phases   ] GC(93) Concurrent Mark Free 0.001ms
[275.634s][info][gc,phases   ] GC(93) Concurrent Process Non-Strong References 9.013ms
[275.634s][info][gc,phases   ] GC(93) Concurrent Reset Relocation Set 0.020ms
[275.640s][info][gc,phases   ] GC(93) Concurrent Select Relocation Set 6.249ms
[275.640s][info][gc,phases   ] GC(93) Pause Relocate Start 0.006ms
[275.643s][info][gc,phases   ] GC(93) Concurrent Relocate 2.526ms
[275.643s][info][gc,load     ] GC(93) Load: 0.00/0.00/0.00
[275.643s][info][gc,mmu      ] GC(93) MMU: 2ms/96.7%, 5ms/98.7%, 10ms/99.3%, 20ms/99.6%, 50ms/99.8%, 100ms/99.9%
[275.643s][info][gc,marking  ] GC(93) Mark: 8 stripe(s), 3 proactive flush(es), 1 terminate flush(es), 0 completion(s), 0 continuation(s) 
[275.643s][info][gc,marking  ] GC(93) Mark Stack Usage: 32M
[275.643s][info][gc,nmethod  ] GC(93) NMethods: 2337 registered, 18 unregistered
[275.643s][info][gc,metaspace] GC(93) Metaspace: 13M used, 14M committed, 1088M reserved
[275.643s][info][gc,ref      ] GC(93) Soft: 211 encountered, 0 discovered, 0 enqueued
[275.643s][info][gc,ref      ] GC(93) Weak: 723 encountered, 66 discovered, 0 enqueued
[275.643s][info][gc,ref      ] GC(93) Final: 0 encountered, 0 discovered, 0 enqueued
[275.643s][info][gc,ref      ] GC(93) Phantom: 59 encountered, 36 discovered, 0 enqueued
[275.643s][info][gc,reloc    ] GC(93) Small Pages: 1884 / 3768M, Empty: 3460M, Relocated: 6M, In-Place: 0
[275.643s][info][gc,reloc    ] GC(93) Medium Pages: 0 / 0M, Empty: 0M, Relocated: 0M, In-Place: 0
[275.643s][info][gc,reloc    ] GC(93) Large Pages: 0 / 0M, Empty: 0M, Relocated: 0M, In-Place: 0
[275.643s][info][gc,reloc    ] GC(93) Forwarding Usage: 1M
[275.643s][info][gc,heap     ] GC(93) Min Capacity: 8M(0%)
[275.643s][info][gc,heap     ] GC(93) Max Capacity: 30718M(100%)
[275.643s][info][gc,heap     ] GC(93) Soft Max Capacity: 30718M(100%)
[275.643s][info][gc,heap     ] GC(93)                Mark Start          Mark End        Relocate Start      Relocate End           High               Low         
[275.643s][info][gc,heap     ] GC(93)  Capacity:    20042M (65%)       20042M (65%)       20042M (65%)       20042M (65%)       20042M (65%)       20042M (65%)    
[275.643s][info][gc,heap     ] GC(93)      Free:    26950M (88%)       26858M (87%)       30316M (99%)       30594M (100%)      30594M (100%)      26856M (87%)    
[275.643s][info][gc,heap     ] GC(93)      Used:     3768M (12%)        3860M (13%)         402M (1%)          124M (0%)         3862M (13%)         124M (0%)     
[275.643s][info][gc,heap     ] GC(93)      Live:         -                 9M (0%)            9M (0%)            9M (0%)             -                  -          
[275.643s][info][gc,heap     ] GC(93) Allocated:         -                92M (0%)           94M (0%)           94M (0%)             -                  -          
[275.644s][info][gc,heap     ] GC(93)   Garbage:         -              3758M (12%)         298M (1%)           19M (0%)             -                  -          
[275.644s][info][gc,heap     ] GC(93) Reclaimed:         -                  -              3460M (11%)        3738M (12%)            -                  -          
[275.644s][info][gc          ] GC(93) Garbage Collection (Proactive) 3768M(12%)->124M(0%)
[277.516s][info][gc,start    ] GC(94) Garbage Collection (Proactive)
[277.516s][info][gc,task     ] GC(94) Using 12 workers
[277.516s][info][gc,phases   ] GC(94) Pause Mark Start 0.011ms
[277.524s][info][gc,phases   ] GC(94) Concurrent Mark 7.674ms
[277.524s][info][gc,phases   ] GC(94) Pause Mark End 0.018ms
[277.524s][info][gc,phases   ] GC(94) Concurrent Mark Free 0.001ms
[277.704s][info][gc,phases   ] GC(94) Concurrent Process Non-Strong References 179.913ms
[277.704s][info][gc,phases   ] GC(94) Concurrent Reset Relocation Set 0.026ms
[277.712s][info][gc,phases   ] GC(94) Concurrent Select Relocation Set 7.016ms
[277.722s][info][gc,phases   ] GC(94) Pause Relocate Start 0.011ms
[277.725s][info][gc,phases   ] GC(94) Concurrent Relocate 3.060ms
[277.725s][info][gc,load     ] GC(94) Load: 0.00/0.00/0.00
[277.725s][info][gc,mmu      ] GC(94) MMU: 2ms/96.7%, 5ms/98.7%, 10ms/99.3%, 20ms/99.6%, 50ms/99.8%, 100ms/99.9%
[277.725s][info][gc,marking  ] GC(94) Mark: 8 stripe(s), 4 proactive flush(es), 1 terminate flush(es), 0 completion(s), 0 continuation(s) 
[277.725s][info][gc,marking  ] GC(94) Mark Stack Usage: 32M
[277.725s][info][gc,nmethod  ] GC(94) NMethods: 2337 registered, 18 unregistered
[277.725s][info][gc,metaspace] GC(94) Metaspace: 13M used, 14M committed, 1088M reserved
[277.725s][info][gc,ref      ] GC(94) Soft: 211 encountered, 0 discovered, 0 enqueued
[277.725s][info][gc,ref      ] GC(94) Weak: 723 encountered, 166 discovered, 0 enqueued
[277.725s][info][gc,ref      ] GC(94) Final: 0 encountered, 0 discovered, 0 enqueued
[277.725s][info][gc,ref      ] GC(94) Phantom: 59 encountered, 39 discovered, 0 enqueued
[277.725s][info][gc,reloc    ] GC(94) Small Pages: 1838 / 3676M, Empty: 3366M, Relocated: 8M, In-Place: 0
[277.725s][info][gc,reloc    ] GC(94) Medium Pages: 0 / 0M, Empty: 0M, Relocated: 0M, In-Place: 0
[277.725s][info][gc,reloc    ] GC(94) Large Pages: 0 / 0M, Empty: 0M, Relocated: 0M, In-Place: 0
[277.725s][info][gc,reloc    ] GC(94) Forwarding Usage: 1M
[277.725s][info][gc,heap     ] GC(94) Min Capacity: 8M(0%)
[277.725s][info][gc,heap     ] GC(94) Max Capacity: 30718M(100%)
[277.725s][info][gc,heap     ] GC(94) Soft Max Capacity: 30718M(100%)
[277.725s][info][gc,heap     ] GC(94)                Mark Start          Mark End        Relocate Start      Relocate End           High               Low         
[277.725s][info][gc,heap     ] GC(94)  Capacity:    20042M (65%)       20042M (65%)       20042M (65%)       20042M (65%)       20042M (65%)       20042M (65%)    
[277.725s][info][gc,heap     ] GC(94)      Free:    27042M (88%)       26962M (88%)       29964M (98%)       30242M (98%)       30242M (98%)       26618M (87%)    
[277.726s][info][gc,heap     ] GC(94)      Used:     3676M (12%)        3756M (12%)         754M (2%)          476M (2%)         4100M (13%)         476M (2%)     
[277.726s][info][gc,heap     ] GC(94)      Live:         -                 9M (0%)            9M (0%)            9M (0%)             -                  -          
[277.726s][info][gc,heap     ] GC(94) Allocated:         -                80M (0%)          444M (1%)          448M (1%)             -                  -          
[277.726s][info][gc,heap     ] GC(94)   Garbage:         -              3666M (12%)         300M (1%)           17M (0%)             -                  -          
[277.726s][info][gc,heap     ] GC(94) Reclaimed:         -                  -              3366M (11%)        3648M (12%)            -                  -          
[277.726s][info][gc          ] GC(94) Garbage Collection (Proactive) 3676M(12%)->476M(2%)
[280.116s][info][gc,stats    ] === Garbage Collection Statistics =======================================================================================================================
[280.116s][info][gc,stats    ]                                                              Last 10s              Last 10m              Last 10h                Total
[280.116s][info][gc,stats    ]                                                              Avg / Max             Avg / Max             Avg / Max             Avg / Max
[280.116s][info][gc,stats    ]   Collector: Garbage Collection Cycle                     72.898 / 209.017      39.899 / 209.017      39.899 / 209.017      39.899 / 209.017     ms
[280.116s][info][gc,stats    ]  Contention: Mark Segment Reset Contention                     1 / 9                 1 / 26                1 / 26                1 / 26          ops/s
[280.116s][info][gc,stats    ]  Contention: Mark SeqNum Reset Contention                      0 / 2                 0 / 6                 0 / 6                 0 / 6           ops/s
[280.116s][info][gc,stats    ]    Critical: Allocation Stall                                  0 / 0                 0 / 0                 0 / 0                 0 / 0           ops/s
[280.116s][info][gc,stats    ]    Critical: Allocation Stall                              0.000 / 0.000         0.000 / 0.000         0.000 / 0.000         0.000 / 0.000       ms
[280.116s][info][gc,stats    ]    Critical: GC Locker Stall                                   0 / 0                 0 / 0                 0 / 0                 0 / 0           ops/s
[280.116s][info][gc,stats    ]    Critical: GC Locker Stall                               0.000 / 0.000         0.000 / 0.000         0.000 / 0.000         0.000 / 0.000       ms
[280.116s][info][gc,stats    ]    Critical: Relocation Stall                                  0 / 0                 0 / 0                 0 / 0                 0 / 0           ops/s
[280.116s][info][gc,stats    ]    Critical: Relocation Stall                              0.000 / 0.000         0.000 / 0.000         0.000 / 0.000         0.000 / 0.000       ms
[280.116s][info][gc,stats    ]      Memory: Allocation Rate                                1942 / 2112           1831 / 2304           1831 / 2304           1831 / 2304        MB/s
[280.116s][info][gc,stats    ]      Memory: Defragment                                        0 / 0                 0 / 0                 0 / 0                 0 / 0           ops/s
[280.116s][info][gc,stats    ]      Memory: Out Of Memory                                     0 / 0                 0 / 0                 0 / 0                 0 / 0           ops/s
[280.116s][info][gc,stats    ]      Memory: Page Cache Flush                                  0 / 0                 0 / 0                 0 / 0                 0 / 0           MB/s
[280.116s][info][gc,stats    ]      Memory: Page Cache Hit L1                               976 / 1056            884 / 1152            884 / 1152            884 / 1152        ops/s
[280.116s][info][gc,stats    ]      Memory: Page Cache Hit L2                                 0 / 0                 0 / 0                 0 / 0                 0 / 0           ops/s
[280.116s][info][gc,stats    ]      Memory: Page Cache Hit L3                                 0 / 0                 3 / 613               3 / 613               3 / 613         ops/s
[280.116s][info][gc,stats    ]      Memory: Page Cache Miss                                   0 / 0                32 / 740              32 / 740              32 / 740         ops/s
[280.116s][info][gc,stats    ]      Memory: Uncommit                                          0 / 0                 0 / 0                 0 / 0                 0 / 0           MB/s
[280.116s][info][gc,stats    ]      Memory: Undo Object Allocation Failed                     0 / 2                 0 / 2                 0 / 2                 0 / 2           ops/s
[280.116s][info][gc,stats    ]      Memory: Undo Object Allocation Succeeded                 11 / 31                9 / 68                9 / 68                9 / 68          ops/s
[280.116s][info][gc,stats    ]      Memory: Undo Page Allocation                              0 / 3                 1 / 25                1 / 25                1 / 25          ops/s
[280.116s][info][gc,stats    ]       Phase: Concurrent Mark                               8.872 / 12.437       15.826 / 125.913      15.826 / 125.913      15.826 / 125.913     ms
[280.116s][info][gc,stats    ]       Phase: Concurrent Mark Continue                      0.000 / 0.000         0.000 / 0.000         0.000 / 0.000         0.000 / 0.000       ms
[280.116s][info][gc,stats    ]       Phase: Concurrent Mark Free                          0.001 / 0.001         0.001 / 0.002         0.001 / 0.002         0.001 / 0.002       ms
[280.116s][info][gc,stats    ]       Phase: Concurrent Process Non-Strong References     52.279 / 179.913      10.781 / 179.913      10.781 / 179.913      10.781 / 179.913     ms
[280.116s][info][gc,stats    ]       Phase: Concurrent Relocate                           2.632 / 3.060         3.059 / 4.517         3.059 / 4.517         3.059 / 4.517       ms
[280.116s][info][gc,stats    ]       Phase: Concurrent Reset Relocation Set               0.019 / 0.026         0.017 / 0.048         0.017 / 0.048         0.017 / 0.048       ms
[280.116s][info][gc,stats    ]       Phase: Concurrent Select Relocation Set              5.521 / 7.016         6.117 / 17.171        6.117 / 17.171        6.117 / 17.171      ms
[280.116s][info][gc,stats    ]       Phase: Pause Mark End                                0.018 / 0.020         0.019 / 0.065         0.019 / 0.065         0.019 / 0.065       ms
[280.117s][info][gc,stats    ]       Phase: Pause Mark Start                              0.013 / 0.013         0.013 / 0.020         0.013 / 0.020         0.013 / 0.020       ms
[280.117s][info][gc,stats    ]       Phase: Pause Relocate Start                          0.008 / 0.011         0.007 / 0.021         0.007 / 0.021         0.007 / 0.021       ms
[280.117s][info][gc,stats    ]    Subphase: Concurrent Classes Purge                      0.010 / 0.023         0.100 / 7.344         0.100 / 7.344         0.100 / 7.344       ms
[280.117s][info][gc,stats    ]    Subphase: Concurrent Classes Unlink                     0.608 / 0.619         0.670 / 8.444         0.670 / 8.444         0.670 / 8.444       ms
[280.117s][info][gc,stats    ]    Subphase: Concurrent Mark                               8.063 / 11.903       14.151 / 125.082      14.151 / 125.082      14.151 / 125.082     ms
[280.117s][info][gc,stats    ]    Subphase: Concurrent Mark Try Flush                     0.116 / 0.242         0.741 / 103.373       0.741 / 103.373       0.741 / 103.373     ms
[280.117s][info][gc,stats    ]    Subphase: Concurrent Mark Try Terminate                 1.667 / 2.002         2.531 / 103.374       2.531 / 103.374       2.531 / 103.374     ms
[280.117s][info][gc,stats    ]    Subphase: Concurrent References Enqueue                 0.000 / 0.001         0.001 / 0.005         0.001 / 0.005         0.001 / 0.005       ms
[280.117s][info][gc,stats    ]    Subphase: Concurrent References Process                 0.052 / 0.062         0.049 / 0.083         0.049 / 0.083         0.049 / 0.083       ms
[280.117s][info][gc,stats    ]    Subphase: Concurrent Roots ClassLoaderDataGraph         0.078 / 0.500         0.072 / 1.506         0.072 / 1.506         0.072 / 1.506       ms
[280.117s][info][gc,stats    ]    Subphase: Concurrent Roots CodeCache                    0.000 / 0.000         0.000 / 0.000         0.000 / 0.000         0.000 / 0.000       ms
[280.117s][info][gc,stats    ]    Subphase: Concurrent Roots JavaThreads                  0.155 / 0.525         0.546 / 9.683         0.546 / 9.683         0.546 / 9.683       ms
[280.117s][info][gc,stats    ]    Subphase: Concurrent Roots OopStorageSet                0.067 / 0.295         0.074 / 1.312         0.074 / 1.312         0.074 / 1.312       ms
[280.117s][info][gc,stats    ]    Subphase: Concurrent Weak Roots OopStorageSet           9.100 / 9.780         7.698 / 12.996        7.698 / 12.996        7.698 / 12.996      ms
[280.117s][info][gc,stats    ]    Subphase: Pause Mark Try Complete                       0.000 / 0.000         0.002 / 0.004         0.002 / 0.004         0.002 / 0.004       ms
[280.117s][info][gc,stats    ]      System: Java Threads                                     60 / 60               46 / 62               46 / 62               46 / 62          threads
[280.117s][info][gc,stats    ] =========================================================================================================================================================
[280.400s][info][gc,start    ] GC(95) Garbage Collection (System.gc())
[280.401s][info][gc,task     ] GC(95) Using 12 workers
[280.477s][info][gc,phases   ] GC(95) Pause Mark Start 0.017ms
[280.493s][info][gc,phases   ] GC(95) Concurrent Mark 15.430ms
[280.493s][info][gc,phases   ] GC(95) Pause Mark End 0.060ms
[280.493s][info][gc,phases   ] GC(95) Concurrent Mark Free 0.001ms
[280.508s][info][gc,phases   ] GC(95) Concurrent Process Non-Strong References 15.368ms
[280.508s][info][gc,phases   ] GC(95) Concurrent Reset Relocation Set 0.016ms
[280.513s][info][gc,phases   ] GC(95) Concurrent Select Relocation Set 4.585ms
[280.513s][info][gc,phases   ] GC(95) Pause Relocate Start 0.007ms
[280.516s][info][gc,phases   ] GC(95) Concurrent Relocate 2.442ms
[280.516s][info][gc,load     ] GC(95) Load: 0.00/0.00/0.00
[280.516s][info][gc,mmu      ] GC(95) MMU: 2ms/96.7%, 5ms/98.7%, 10ms/99.3%, 20ms/99.6%, 50ms/99.8%, 100ms/99.9%
[280.516s][info][gc,marking  ] GC(95) Mark: 8 stripe(s), 2 proactive flush(es), 1 terminate flush(es), 1 completion(s), 0 continuation(s) 
[280.516s][info][gc,marking  ] GC(95) Mark Stack Usage: 32M
[280.516s][info][gc,nmethod  ] GC(95) NMethods: 2337 registered, 18 unregistered
[280.516s][info][gc,metaspace] GC(95) Metaspace: 13M used, 14M committed, 1088M reserved
[280.516s][info][gc,ref      ] GC(95) Soft: 211 encountered, 0 discovered, 0 enqueued
[280.516s][info][gc,ref      ] GC(95) Weak: 623 encountered, 175 discovered, 0 enqueued
[280.516s][info][gc,ref      ] GC(95) Final: 0 encountered, 0 discovered, 0 enqueued
[280.516s][info][gc,ref      ] GC(95) Phantom: 59 encountered, 45 discovered, 0 enqueued
[280.516s][info][gc,reloc    ] GC(95) Small Pages: 2794 / 5588M, Empty: 5510M, Relocated: 4M, In-Place: 0
[280.516s][info][gc,reloc    ] GC(95) Medium Pages: 0 / 0M, Empty: 0M, Relocated: 0M, In-Place: 0
[280.516s][info][gc,reloc    ] GC(95) Large Pages: 0 / 0M, Empty: 0M, Relocated: 0M, In-Place: 0
[280.516s][info][gc,reloc    ] GC(95) Forwarding Usage: 1M
[280.516s][info][gc,heap     ] GC(95) Min Capacity: 8M(0%)
[280.516s][info][gc,heap     ] GC(95) Max Capacity: 30718M(100%)
[280.516s][info][gc,heap     ] GC(95) Soft Max Capacity: 30718M(100%)
[280.516s][info][gc,heap     ] GC(95)                Mark Start          Mark End        Relocate Start      Relocate End           High               Low         
[280.516s][info][gc,heap     ] GC(95)  Capacity:    20042M (65%)       20042M (65%)       20042M (65%)       20042M (65%)       20042M (65%)       20042M (65%)    
[280.516s][info][gc,heap     ] GC(95)      Free:    25130M (82%)       25130M (82%)       30640M (100%)      30692M (100%)      30692M (100%)      25130M (82%)    
[280.516s][info][gc,heap     ] GC(95)      Used:     5588M (18%)        5588M (18%)          78M (0%)           26M (0%)         5588M (18%)          26M (0%)     
[280.516s][info][gc,heap     ] GC(95)      Live:         -                 6M (0%)            6M (0%)            6M (0%)             -                  -          
[280.516s][info][gc,heap     ] GC(95) Allocated:         -                 0M (0%)            0M (0%)            0M (0%)             -                  -          
[280.516s][info][gc,heap     ] GC(95)   Garbage:         -              5581M (18%)          71M (0%)           19M (0%)             -                  -          
[280.516s][info][gc,heap     ] GC(95) Reclaimed:         -                  -              5510M (18%)        5562M (18%)            -                  -          
[280.516s][info][gc          ] GC(95) Garbage Collection (System.gc()) 5588M(18%)->26M(0%)
[290.115s][info][gc,stats    ] === Garbage Collection Statistics =======================================================================================================================
[290.116s][info][gc,stats    ]                                                              Last 10s              Last 10m              Last 10h                Total
[290.116s][info][gc,stats    ]                                                              Avg / Max             Avg / Max             Avg / Max             Avg / Max
[290.116s][info][gc,stats    ]   Collector: Garbage Collection Cycle                    115.359 / 115.359      40.685 / 209.017      40.685 / 209.017      40.685 / 209.017     ms
[290.116s][info][gc,stats    ]  Contention: Mark Segment Reset Contention                     0 / 1                 1 / 26                1 / 26                1 / 26          ops/s
[290.116s][info][gc,stats    ]  Contention: Mark SeqNum Reset Contention                      0 / 0                 0 / 6                 0 / 6                 0 / 6           ops/s
[290.116s][info][gc,stats    ]    Critical: Allocation Stall                                  0 / 0                 0 / 0                 0 / 0                 0 / 0           ops/s
[290.116s][info][gc,stats    ]    Critical: Allocation Stall                              0.000 / 0.000         0.000 / 0.000         0.000 / 0.000         0.000 / 0.000       ms
[290.116s][info][gc,stats    ]    Critical: GC Locker Stall                                   0 / 0                 0 / 0                 0 / 0                 0 / 0           ops/s
[290.116s][info][gc,stats    ]    Critical: GC Locker Stall                               0.000 / 0.000         0.000 / 0.000         0.000 / 0.000         0.000 / 0.000       ms
[290.116s][info][gc,stats    ]    Critical: Relocation Stall                                  0 / 0                 0 / 0                 0 / 0                 0 / 0           ops/s
[290.116s][info][gc,stats    ]    Critical: Relocation Stall                              0.000 / 0.000         0.000 / 0.000         0.000 / 0.000         0.000 / 0.000       ms
[290.116s][info][gc,stats    ]      Memory: Allocation Rate                                1797 / 1832           1830 / 2304           1830 / 2304           1830 / 2304        MB/s
[290.116s][info][gc,stats    ]      Memory: Defragment                                        0 / 0                 0 / 0                 0 / 0                 0 / 0           ops/s
[290.116s][info][gc,stats    ]      Memory: Out Of Memory                                     0 / 0                 0 / 0                 0 / 0                 0 / 0           ops/s
[290.116s][info][gc,stats    ]      Memory: Page Cache Flush                                  0 / 0                 0 / 0                 0 / 0                 0 / 0           MB/s
[290.116s][info][gc,stats    ]      Memory: Page Cache Hit L1                               899 / 916             884 / 1152            884 / 1152            884 / 1152        ops/s
[290.116s][info][gc,stats    ]      Memory: Page Cache Hit L2                                 0 / 0                 0 / 0                 0 / 0                 0 / 0           ops/s
[290.116s][info][gc,stats    ]      Memory: Page Cache Hit L3                                 0 / 0                 3 / 613               3 / 613               3 / 613         ops/s
[290.116s][info][gc,stats    ]      Memory: Page Cache Miss                                   0 / 0                31 / 740              31 / 740              31 / 740         ops/s
[290.116s][info][gc,stats    ]      Memory: Uncommit                                          0 / 0                 0 / 0                 0 / 0                 0 / 0           MB/s
[290.116s][info][gc,stats    ]      Memory: Undo Object Allocation Failed                     0 / 0                 0 / 2                 0 / 2                 0 / 2           ops/s
[290.116s][info][gc,stats    ]      Memory: Undo Object Allocation Succeeded                  0 / 0                 8 / 68                8 / 68                8 / 68          ops/s
[290.116s][info][gc,stats    ]      Memory: Undo Page Allocation                              0 / 0                 0 / 25                0 / 25                0 / 25          ops/s
[290.116s][info][gc,stats    ]       Phase: Concurrent Mark                              15.430 / 15.430       15.822 / 125.913      15.822 / 125.913      15.822 / 125.913     ms
[290.116s][info][gc,stats    ]       Phase: Concurrent Mark Continue                      0.000 / 0.000         0.000 / 0.000         0.000 / 0.000         0.000 / 0.000       ms
[290.116s][info][gc,stats    ]       Phase: Concurrent Mark Free                          0.001 / 0.001         0.001 / 0.002         0.001 / 0.002         0.001 / 0.002       ms
[290.116s][info][gc,stats    ]       Phase: Concurrent Process Non-Strong References     15.368 / 15.368       10.829 / 179.913      10.829 / 179.913      10.829 / 179.913     ms
[290.116s][info][gc,stats    ]       Phase: Concurrent Relocate                           2.442 / 2.442         3.053 / 4.517         3.053 / 4.517         3.053 / 4.517       ms
[290.116s][info][gc,stats    ]       Phase: Concurrent Reset Relocation Set               0.016 / 0.016         0.017 / 0.048         0.017 / 0.048         0.017 / 0.048       ms
[290.116s][info][gc,stats    ]       Phase: Concurrent Select Relocation Set              4.585 / 4.585         6.101 / 17.171        6.101 / 17.171        6.101 / 17.171      ms
[290.116s][info][gc,stats    ]       Phase: Pause Mark End                                0.060 / 0.060         0.020 / 0.065         0.020 / 0.065         0.020 / 0.065       ms
[290.116s][info][gc,stats    ]       Phase: Pause Mark Start                              0.017 / 0.017         0.013 / 0.020         0.013 / 0.020         0.013 / 0.020       ms
[290.116s][info][gc,stats    ]       Phase: Pause Relocate Start                          0.007 / 0.007         0.007 / 0.021         0.007 / 0.021         0.007 / 0.021       ms
[290.116s][info][gc,stats    ]    Subphase: Concurrent Classes Purge                      0.005 / 0.005         0.099 / 7.344         0.099 / 7.344         0.099 / 7.344       ms
[290.116s][info][gc,stats    ]    Subphase: Concurrent Classes Unlink                     0.722 / 0.722         0.671 / 8.444         0.671 / 8.444         0.671 / 8.444       ms
[290.116s][info][gc,stats    ]    Subphase: Concurrent Mark                              13.784 / 14.615       14.148 / 125.082      14.148 / 125.082      14.148 / 125.082     ms
[290.116s][info][gc,stats    ]    Subphase: Concurrent Mark Try Flush                     0.035 / 0.046         0.736 / 103.373       0.736 / 103.373       0.736 / 103.373     ms
[290.116s][info][gc,stats    ]    Subphase: Concurrent Mark Try Terminate                 9.867 / 13.035        2.557 / 103.374       2.557 / 103.374       2.557 / 103.374     ms
[290.116s][info][gc,stats    ]    Subphase: Concurrent References Enqueue                 0.001 / 0.001         0.001 / 0.005         0.001 / 0.005         0.001 / 0.005       ms
[290.116s][info][gc,stats    ]    Subphase: Concurrent References Process                 0.046 / 0.046         0.049 / 0.083         0.049 / 0.083         0.049 / 0.083       ms
[290.116s][info][gc,stats    ]    Subphase: Concurrent Roots ClassLoaderDataGraph         0.052 / 0.442         0.072 / 1.506         0.072 / 1.506         0.072 / 1.506       ms
[290.116s][info][gc,stats    ]    Subphase: Concurrent Roots CodeCache                    0.000 / 0.000         0.000 / 0.000         0.000 / 0.000         0.000 / 0.000       ms
[290.116s][info][gc,stats    ]    Subphase: Concurrent Roots JavaThreads                  0.112 / 0.714         0.541 / 9.683         0.541 / 9.683         0.541 / 9.683       ms
[290.116s][info][gc,stats    ]    Subphase: Concurrent Roots OopStorageSet                0.010 / 0.027         0.073 / 1.312         0.073 / 1.312         0.073 / 1.312       ms
[290.116s][info][gc,stats    ]    Subphase: Concurrent Weak Roots OopStorageSet          14.495 / 14.514        7.769 / 14.514        7.769 / 14.514        7.769 / 14.514      ms
[290.116s][info][gc,stats    ]    Subphase: Pause Mark Try Complete                       0.002 / 0.004         0.002 / 0.004         0.002 / 0.004         0.002 / 0.004       ms
[290.116s][info][gc,stats    ]      System: Java Threads                                     11 / 11               46 / 62               46 / 62               46 / 62          threads
[290.116s][info][gc,stats    ] =========================================================================================================================================================
[291.378s][info][gc,start    ] GC(96) Garbage Collection (System.gc())
[291.378s][info][gc,task     ] GC(96) Using 12 workers
[291.378s][info][gc,phases   ] GC(96) Pause Mark Start 0.012ms
[291.392s][info][gc,phases   ] GC(96) Concurrent Mark 14.187ms
[291.392s][info][gc,phases   ] GC(96) Pause Mark End 0.013ms
[291.392s][info][gc,phases   ] GC(96) Concurrent Mark Free 0.001ms
[291.407s][info][gc,phases   ] GC(96) Concurrent Process Non-Strong References 14.167ms
[291.407s][info][gc,phases   ] GC(96) Concurrent Reset Relocation Set 0.004ms
[291.411s][info][gc,phases   ] GC(96) Concurrent Select Relocation Set 4.918ms
[291.412s][info][gc,phases   ] GC(96) Pause Relocate Start 0.004ms
[291.414s][info][gc,phases   ] GC(96) Concurrent Relocate 1.912ms
[291.414s][info][gc,load     ] GC(96) Load: 0.00/0.00/0.00
[291.414s][info][gc,mmu      ] GC(96) MMU: 2ms/96.7%, 5ms/98.7%, 10ms/99.3%, 20ms/99.6%, 50ms/99.8%, 100ms/99.9%
[291.414s][info][gc,marking  ] GC(96) Mark: 8 stripe(s), 1 proactive flush(es), 1 terminate flush(es), 0 completion(s), 0 continuation(s) 
[291.414s][info][gc,marking  ] GC(96) Mark Stack Usage: 32M
[291.414s][info][gc,nmethod  ] GC(96) NMethods: 2337 registered, 18 unregistered
[291.414s][info][gc,metaspace] GC(96) Metaspace: 13M used, 14M committed, 1088M reserved
[291.414s][info][gc,ref      ] GC(96) Soft: 211 encountered, 0 discovered, 0 enqueued
[291.414s][info][gc,ref      ] GC(96) Weak: 629 encountered, 73 discovered, 2 enqueued
[291.414s][info][gc,ref      ] GC(96) Final: 0 encountered, 0 discovered, 0 enqueued
[291.414s][info][gc,ref      ] GC(96) Phantom: 59 encountered, 45 discovered, 0 enqueued
[291.414s][info][gc,reloc    ] GC(96) Small Pages: 9961 / 19922M, Empty: 19886M, Relocated: 4M, In-Place: 0
[291.414s][info][gc,reloc    ] GC(96) Medium Pages: 0 / 0M, Empty: 0M, Relocated: 0M, In-Place: 0
[291.414s][info][gc,reloc    ] GC(96) Large Pages: 0 / 0M, Empty: 0M, Relocated: 0M, In-Place: 0
[291.414s][info][gc,reloc    ] GC(96) Forwarding Usage: 1M
[291.414s][info][gc,heap     ] GC(96) Min Capacity: 8M(0%)
[291.414s][info][gc,heap     ] GC(96) Max Capacity: 30718M(100%)
[291.414s][info][gc,heap     ] GC(96) Soft Max Capacity: 30718M(100%)
[291.414s][info][gc,heap     ] GC(96)                Mark Start          Mark End        Relocate Start      Relocate End           High               Low         
[291.414s][info][gc,heap     ] GC(96)  Capacity:    20042M (65%)       20042M (65%)       20042M (65%)       20042M (65%)       20042M (65%)       20042M (65%)    
[291.414s][info][gc,heap     ] GC(96)      Free:    10796M (35%)       10796M (35%)       30682M (100%)      30692M (100%)      30692M (100%)      10796M (35%)    
[291.414s][info][gc,heap     ] GC(96)      Used:    19922M (65%)       19922M (65%)          36M (0%)           26M (0%)        19922M (65%)          26M (0%)     
[291.414s][info][gc,heap     ] GC(96)      Live:         -                 6M (0%)            6M (0%)            6M (0%)             -                  -          
[291.414s][info][gc,heap     ] GC(96) Allocated:         -                 0M (0%)            0M (0%)            0M (0%)             -                  -          
[291.414s][info][gc,heap     ] GC(96)   Garbage:         -             19915M (65%)          29M (0%)           19M (0%)             -                  -          
[291.414s][info][gc,heap     ] GC(96) Reclaimed:         -                  -             19886M (65%)       19896M (65%)            -                  -          
[291.414s][info][gc          ] GC(96) Garbage Collection (System.gc()) 19922M(65%)->26M(0%)
[300.116s][info][gc,stats    ] === Garbage Collection Statistics =======================================================================================================================
[300.116s][info][gc,stats    ]                                                              Last 10s              Last 10m              Last 10h                Total
[300.116s][info][gc,stats    ]                                                              Avg / Max             Avg / Max             Avg / Max             Avg / Max
[300.116s][info][gc,stats    ]   Collector: Garbage Collection Cycle                     36.046 / 36.046       40.637 / 209.017      40.637 / 209.017      40.637 / 209.017     ms
[300.116s][info][gc,stats    ]  Contention: Mark Segment Reset Contention                     0 / 0                 1 / 26                1 / 26                1 / 26          ops/s
[300.116s][info][gc,stats    ]  Contention: Mark SeqNum Reset Contention                      0 / 2                 0 / 6                 0 / 6                 0 / 6           ops/s
[300.116s][info][gc,stats    ]    Critical: Allocation Stall                                  0 / 0                 0 / 0                 0 / 0                 0 / 0           ops/s
[300.116s][info][gc,stats    ]    Critical: Allocation Stall                              0.000 / 0.000         0.000 / 0.000         0.000 / 0.000         0.000 / 0.000       ms
[300.116s][info][gc,stats    ]    Critical: GC Locker Stall                                   0 / 0                 0 / 0                 0 / 0                 0 / 0           ops/s
[300.116s][info][gc,stats    ]    Critical: GC Locker Stall                               0.000 / 0.000         0.000 / 0.000         0.000 / 0.000         0.000 / 0.000       ms
[300.116s][info][gc,stats    ]    Critical: Relocation Stall                                  0 / 0                 0 / 0                 0 / 0                 0 / 0           ops/s
[300.116s][info][gc,stats    ]    Critical: Relocation Stall                              0.000 / 0.000         0.000 / 0.000         0.000 / 0.000         0.000 / 0.000       ms
[300.116s][info][gc,stats    ]      Memory: Allocation Rate                                1838 / 1898           1830 / 2304           1830 / 2304           1830 / 2304        MB/s
[300.116s][info][gc,stats    ]      Memory: Defragment                                        0 / 0                 0 / 0                 0 / 0                 0 / 0           ops/s
[300.116s][info][gc,stats    ]      Memory: Out Of Memory                                     0 / 0                 0 / 0                 0 / 0                 0 / 0           ops/s
[300.116s][info][gc,stats    ]      Memory: Page Cache Flush                                  0 / 0                 0 / 0                 0 / 0                 0 / 0           MB/s
[300.116s][info][gc,stats    ]      Memory: Page Cache Hit L1                               920 / 961             885 / 1152            885 / 1152            885 / 1152        ops/s
[300.116s][info][gc,stats    ]      Memory: Page Cache Hit L2                                 0 / 0                 0 / 0                 0 / 0                 0 / 0           ops/s
[300.116s][info][gc,stats    ]      Memory: Page Cache Hit L3                                 0 / 0                 3 / 613               3 / 613               3 / 613         ops/s
[300.116s][info][gc,stats    ]      Memory: Page Cache Miss                                   0 / 0                29 / 740              29 / 740              29 / 740         ops/s
[300.116s][info][gc,stats    ]      Memory: Uncommit                                          0 / 0                 0 / 0                 0 / 0                 0 / 0           MB/s
[300.116s][info][gc,stats    ]      Memory: Undo Object Allocation Failed                     0 / 0                 0 / 2                 0 / 2                 0 / 2           ops/s
[300.116s][info][gc,stats    ]      Memory: Undo Object Allocation Succeeded                  0 / 0                 8 / 68                8 / 68                8 / 68          ops/s
[300.116s][info][gc,stats    ]      Memory: Undo Page Allocation                              0 / 0                 0 / 25                0 / 25                0 / 25          ops/s
[300.116s][info][gc,stats    ]       Phase: Concurrent Mark                              14.187 / 14.187       15.805 / 125.913      15.805 / 125.913      15.805 / 125.913     ms
[300.116s][info][gc,stats    ]       Phase: Concurrent Mark Continue                      0.000 / 0.000         0.000 / 0.000         0.000 / 0.000         0.000 / 0.000       ms
[300.116s][info][gc,stats    ]       Phase: Concurrent Mark Free                          0.001 / 0.001         0.001 / 0.002         0.001 / 0.002         0.001 / 0.002       ms
[300.116s][info][gc,stats    ]       Phase: Concurrent Process Non-Strong References     14.167 / 14.167       10.863 / 179.913      10.863 / 179.913      10.863 / 179.913     ms
[300.116s][info][gc,stats    ]       Phase: Concurrent Relocate                           1.912 / 1.912         3.041 / 4.517         3.041 / 4.517         3.041 / 4.517       ms
[300.116s][info][gc,stats    ]       Phase: Concurrent Reset Relocation Set               0.004 / 0.004         0.017 / 0.048         0.017 / 0.048         0.017 / 0.048       ms
[300.116s][info][gc,stats    ]       Phase: Concurrent Select Relocation Set              4.918 / 4.918         6.089 / 17.171        6.089 / 17.171        6.089 / 17.171      ms
[300.116s][info][gc,stats    ]       Phase: Pause Mark End                                0.013 / 0.013         0.020 / 0.065         0.020 / 0.065         0.020 / 0.065       ms
[300.116s][info][gc,stats    ]       Phase: Pause Mark Start                              0.012 / 0.012         0.013 / 0.020         0.013 / 0.020         0.013 / 0.020       ms
[300.116s][info][gc,stats    ]       Phase: Pause Relocate Start                          0.004 / 0.004         0.007 / 0.021         0.007 / 0.021         0.007 / 0.021       ms
[300.116s][info][gc,stats    ]    Subphase: Concurrent Classes Purge                      0.003 / 0.003         0.098 / 7.344         0.098 / 7.344         0.098 / 7.344       ms
[300.116s][info][gc,stats    ]    Subphase: Concurrent Classes Unlink                     0.510 / 0.510         0.669 / 8.444         0.669 / 8.444         0.669 / 8.444       ms
[300.116s][info][gc,stats    ]    Subphase: Concurrent Mark                              12.655 / 13.499       14.132 / 125.082      14.132 / 125.082      14.132 / 125.082     ms
[300.117s][info][gc,stats    ]    Subphase: Concurrent Mark Try Flush                     0.020 / 0.026         0.733 / 103.373       0.733 / 103.373       0.733 / 103.373     ms
[300.117s][info][gc,stats    ]    Subphase: Concurrent Mark Try Terminate                 8.934 / 11.976        2.579 / 103.374       2.579 / 103.374       2.579 / 103.374     ms
[300.117s][info][gc,stats    ]    Subphase: Concurrent References Enqueue                 0.003 / 0.003         0.001 / 0.005         0.001 / 0.005         0.001 / 0.005       ms
[300.117s][info][gc,stats    ]    Subphase: Concurrent References Process                 0.036 / 0.036         0.049 / 0.083         0.049 / 0.083         0.049 / 0.083       ms
[300.117s][info][gc,stats    ]    Subphase: Concurrent Roots ClassLoaderDataGraph         0.031 / 0.238         0.072 / 1.506         0.072 / 1.506         0.072 / 1.506       ms
[300.117s][info][gc,stats    ]    Subphase: Concurrent Roots CodeCache                    0.000 / 0.000         0.000 / 0.000         0.000 / 0.000         0.000 / 0.000       ms
[300.117s][info][gc,stats    ]    Subphase: Concurrent Roots JavaThreads                  0.111 / 0.604         0.537 / 9.683         0.537 / 9.683         0.537 / 9.683       ms
[300.117s][info][gc,stats    ]    Subphase: Concurrent Roots OopStorageSet                0.011 / 0.029         0.073 / 1.312         0.073 / 1.312         0.073 / 1.312       ms
[300.117s][info][gc,stats    ]    Subphase: Concurrent Weak Roots OopStorageSet          13.538 / 13.551        7.829 / 14.514        7.829 / 14.514        7.829 / 14.514      ms
[300.117s][info][gc,stats    ]    Subphase: Pause Mark Try Complete                       0.000 / 0.000         0.002 / 0.004         0.002 / 0.004         0.002 / 0.004       ms
[300.117s][info][gc,stats    ]      System: Java Threads                                     11 / 11               46 / 62               46 / 62               46 / 62          threads
[300.117s][info][gc,stats    ] =========================================================================================================================================================
[301.935s][info][gc,start    ] GC(97) Garbage Collection (System.gc())
[301.935s][info][gc,task     ] GC(97) Using 12 workers
[301.935s][info][gc,phases   ] GC(97) Pause Mark Start 0.014ms
[301.950s][info][gc,phases   ] GC(97) Concurrent Mark 14.425ms
[301.950s][info][gc,phases   ] GC(97) Pause Mark End 0.016ms
[301.950s][info][gc,phases   ] GC(97) Concurrent Mark Free 0.002ms
[301.962s][info][gc,phases   ] GC(97) Concurrent Process Non-Strong References 12.271ms
[301.962s][info][gc,phases   ] GC(97) Concurrent Reset Relocation Set 0.003ms
[301.968s][info][gc,phases   ] GC(97) Concurrent Select Relocation Set 6.219ms
[301.968s][info][gc,phases   ] GC(97) Pause Relocate Start 0.006ms
[301.971s][info][gc,phases   ] GC(97) Concurrent Relocate 2.549ms
[301.971s][info][gc,load     ] GC(97) Load: 0.00/0.00/0.00
[301.971s][info][gc,mmu      ] GC(97) MMU: 2ms/96.7%, 5ms/98.7%, 10ms/99.3%, 20ms/99.6%, 50ms/99.8%, 100ms/99.9%
[301.971s][info][gc,marking  ] GC(97) Mark: 8 stripe(s), 1 proactive flush(es), 1 terminate flush(es), 0 completion(s), 0 continuation(s) 
[301.971s][info][gc,marking  ] GC(97) Mark Stack Usage: 32M
[301.971s][info][gc,nmethod  ] GC(97) NMethods: 2338 registered, 20 unregistered
[301.971s][info][gc,metaspace] GC(97) Metaspace: 13M used, 14M committed, 1088M reserved
[301.971s][info][gc,ref      ] GC(97) Soft: 211 encountered, 0 discovered, 0 enqueued
[301.971s][info][gc,ref      ] GC(97) Weak: 623 encountered, 65 discovered, 0 enqueued
[301.971s][info][gc,ref      ] GC(97) Final: 0 encountered, 0 discovered, 0 enqueued
[301.971s][info][gc,ref      ] GC(97) Phantom: 59 encountered, 43 discovered, 0 enqueued
[301.971s][info][gc,reloc    ] GC(97) Small Pages: 9729 / 19458M, Empty: 19424M, Relocated: 4M, In-Place: 0
[301.971s][info][gc,reloc    ] GC(97) Medium Pages: 0 / 0M, Empty: 0M, Relocated: 0M, In-Place: 0
[301.971s][info][gc,reloc    ] GC(97) Large Pages: 0 / 0M, Empty: 0M, Relocated: 0M, In-Place: 0
[301.972s][info][gc,reloc    ] GC(97) Forwarding Usage: 1M
[301.972s][info][gc,heap     ] GC(97) Min Capacity: 8M(0%)
[301.972s][info][gc,heap     ] GC(97) Max Capacity: 30718M(100%)
[301.972s][info][gc,heap     ] GC(97) Soft Max Capacity: 30718M(100%)
[301.972s][info][gc,heap     ] GC(97)                Mark Start          Mark End        Relocate Start      Relocate End           High               Low         
[301.972s][info][gc,heap     ] GC(97)  Capacity:    20042M (65%)       20042M (65%)       20042M (65%)       20042M (65%)       20042M (65%)       20042M (65%)    
[301.972s][info][gc,heap     ] GC(97)      Free:    11260M (37%)       11260M (37%)       30684M (100%)      30692M (100%)      30692M (100%)      11260M (37%)    
[301.972s][info][gc,heap     ] GC(97)      Used:    19458M (63%)       19458M (63%)          34M (0%)           26M (0%)        19458M (63%)          26M (0%)     
[301.972s][info][gc,heap     ] GC(97)      Live:         -                 6M (0%)            6M (0%)            6M (0%)             -                  -          
[301.972s][info][gc,heap     ] GC(97) Allocated:         -                 0M (0%)            0M (0%)            0M (0%)             -                  -          
[301.972s][info][gc,heap     ] GC(97)   Garbage:         -             19451M (63%)          27M (0%)           19M (0%)             -                  -          
[301.972s][info][gc,heap     ] GC(97) Reclaimed:         -                  -             19424M (63%)       19432M (63%)            -                  -          
[301.972s][info][gc          ] GC(97) Garbage Collection (System.gc()) 19458M(63%)->26M(0%)
[309.316s][info][gc,start    ] GC(98) Garbage Collection (Proactive)
[309.316s][info][gc,task     ] GC(98) Using 12 workers
[309.316s][info][gc,phases   ] GC(98) Pause Mark Start 0.013ms
[309.326s][info][gc,phases   ] GC(98) Concurrent Mark 9.608ms
[309.326s][info][gc,phases   ] GC(98) Pause Mark End 0.019ms
[309.326s][info][gc,phases   ] GC(98) Concurrent Mark Free 0.001ms
[309.336s][info][gc,phases   ] GC(98) Concurrent Process Non-Strong References 9.938ms
[309.336s][info][gc,phases   ] GC(98) Concurrent Reset Relocation Set 0.003ms
[309.346s][info][gc,phases   ] GC(98) Concurrent Select Relocation Set 9.535ms
[309.346s][info][gc,phases   ] GC(98) Pause Relocate Start 0.008ms
[309.350s][info][gc,phases   ] GC(98) Concurrent Relocate 3.384ms
[309.350s][info][gc,load     ] GC(98) Load: 0.00/0.00/0.00
[309.350s][info][gc,mmu      ] GC(98) MMU: 2ms/96.7%, 5ms/98.7%, 10ms/99.3%, 20ms/99.6%, 50ms/99.8%, 100ms/99.9%
[309.350s][info][gc,marking  ] GC(98) Mark: 8 stripe(s), 4 proactive flush(es), 1 terminate flush(es), 0 completion(s), 0 continuation(s) 
[309.350s][info][gc,marking  ] GC(98) Mark Stack Usage: 32M
[309.350s][info][gc,nmethod  ] GC(98) NMethods: 2338 registered, 20 unregistered
[309.350s][info][gc,metaspace] GC(98) Metaspace: 13M used, 14M committed, 1088M reserved
[309.350s][info][gc,ref      ] GC(98) Soft: 211 encountered, 0 discovered, 0 enqueued
[309.350s][info][gc,ref      ] GC(98) Weak: 729 encountered, 85 discovered, 2 enqueued
[309.350s][info][gc,ref      ] GC(98) Final: 0 encountered, 0 discovered, 0 enqueued
[309.350s][info][gc,ref      ] GC(98) Phantom: 59 encountered, 29 discovered, 0 enqueued
[309.350s][info][gc,reloc    ] GC(98) Small Pages: 6696 / 13392M, Empty: 12856M, Relocated: 8M, In-Place: 0
[309.350s][info][gc,reloc    ] GC(98) Medium Pages: 0 / 0M, Empty: 0M, Relocated: 0M, In-Place: 0
[309.350s][info][gc,reloc    ] GC(98) Large Pages: 0 / 0M, Empty: 0M, Relocated: 0M, In-Place: 0
[309.350s][info][gc,reloc    ] GC(98) Forwarding Usage: 1M
[309.350s][info][gc,heap     ] GC(98) Min Capacity: 8M(0%)
[309.350s][info][gc,heap     ] GC(98) Max Capacity: 30718M(100%)
[309.350s][info][gc,heap     ] GC(98) Soft Max Capacity: 30718M(100%)
[309.350s][info][gc,heap     ] GC(98)                Mark Start          Mark End        Relocate Start      Relocate End           High               Low         
[309.350s][info][gc,heap     ] GC(98)  Capacity:    20042M (65%)       20042M (65%)       20042M (65%)       20042M (65%)       20042M (65%)       20042M (65%)    
[309.350s][info][gc,heap     ] GC(98)      Free:    17326M (56%)       17244M (56%)       30092M (98%)       30594M (100%)      30594M (100%)      17236M (56%)    
[309.350s][info][gc,heap     ] GC(98)      Used:    13392M (44%)       13474M (44%)         626M (2%)          124M (0%)        13482M (44%)         124M (0%)     
[309.350s][info][gc,heap     ] GC(98)      Live:         -                 9M (0%)            9M (0%)            9M (0%)             -                  -          
[309.350s][info][gc,heap     ] GC(98) Allocated:         -                82M (0%)           90M (0%)           96M (0%)             -                  -          
[309.350s][info][gc,heap     ] GC(98)   Garbage:         -             13382M (44%)         526M (2%)           17M (0%)             -                  -          
[309.350s][info][gc,heap     ] GC(98) Reclaimed:         -                  -             12856M (42%)       13364M (44%)            -                  -          
[309.350s][info][gc          ] GC(98) Garbage Collection (Proactive) 13392M(44%)->124M(0%)
[310.116s][info][gc,stats    ] === Garbage Collection Statistics =======================================================================================================================
[310.117s][info][gc,stats    ]                                                              Last 10s              Last 10m              Last 10h                Total
[310.117s][info][gc,stats    ]                                                              Avg / Max             Avg / Max             Avg / Max             Avg / Max
[310.117s][info][gc,stats    ]   Collector: Garbage Collection Cycle                     34.879 / 36.276       40.521 / 209.017      40.521 / 209.017      40.521 / 209.017     ms
[310.117s][info][gc,stats    ]  Contention: Mark Segment Reset Contention                     0 / 2                 1 / 26                1 / 26                1 / 26          ops/s
[310.117s][info][gc,stats    ]  Contention: Mark SeqNum Reset Contention                      0 / 2                 0 / 6                 0 / 6                 0 / 6           ops/s
[310.117s][info][gc,stats    ]    Critical: Allocation Stall                                  0 / 0                 0 / 0                 0 / 0                 0 / 0           ops/s
[310.117s][info][gc,stats    ]    Critical: Allocation Stall                              0.000 / 0.000         0.000 / 0.000         0.000 / 0.000         0.000 / 0.000       ms
[310.117s][info][gc,stats    ]    Critical: GC Locker Stall                                   0 / 0                 0 / 0                 0 / 0                 0 / 0           ops/s
[310.117s][info][gc,stats    ]    Critical: GC Locker Stall                               0.000 / 0.000         0.000 / 0.000         0.000 / 0.000         0.000 / 0.000       ms
[310.117s][info][gc,stats    ]    Critical: Relocation Stall                                  0 / 0                 0 / 0                 0 / 0                 0 / 0           ops/s
[310.117s][info][gc,stats    ]    Critical: Relocation Stall                              0.000 / 0.000         0.000 / 0.000         0.000 / 0.000         0.000 / 0.000       ms
[310.117s][info][gc,stats    ]      Memory: Allocation Rate                                1837 / 1928           1830 / 2304           1830 / 2304           1830 / 2304        MB/s
[310.117s][info][gc,stats    ]      Memory: Defragment                                        0 / 0                 0 / 0                 0 / 0                 0 / 0           ops/s
[310.117s][info][gc,stats    ]      Memory: Out Of Memory                                     0 / 0                 0 / 0                 0 / 0                 0 / 0           ops/s
[310.117s][info][gc,stats    ]      Memory: Page Cache Flush                                  0 / 0                 0 / 0                 0 / 0                 0 / 0           MB/s
[310.117s][info][gc,stats    ]      Memory: Page Cache Hit L1                               921 / 976             886 / 1152            886 / 1152            886 / 1152        ops/s
[310.117s][info][gc,stats    ]      Memory: Page Cache Hit L2                                 0 / 0                 0 / 0                 0 / 0                 0 / 0           ops/s
[310.117s][info][gc,stats    ]      Memory: Page Cache Hit L3                                 0 / 0                 3 / 613               3 / 613               3 / 613         ops/s
[310.117s][info][gc,stats    ]      Memory: Page Cache Miss                                   0 / 0                29 / 740              29 / 740              29 / 740         ops/s
[310.117s][info][gc,stats    ]      Memory: Uncommit                                          0 / 0                 0 / 0                 0 / 0                 0 / 0           MB/s
[310.117s][info][gc,stats    ]      Memory: Undo Object Allocation Failed                     0 / 0                 0 / 2                 0 / 2                 0 / 2           ops/s
[310.117s][info][gc,stats    ]      Memory: Undo Object Allocation Succeeded                  2 / 28                8 / 68                8 / 68                8 / 68          ops/s
[310.117s][info][gc,stats    ]      Memory: Undo Page Allocation                              0 / 1                 0 / 25                0 / 25                0 / 25          ops/s
[310.117s][info][gc,stats    ]       Phase: Concurrent Mark                              12.016 / 14.425       15.729 / 125.913      15.729 / 125.913      15.729 / 125.913     ms
[310.117s][info][gc,stats    ]       Phase: Concurrent Mark Continue                      0.000 / 0.000         0.000 / 0.000         0.000 / 0.000         0.000 / 0.000       ms
[310.117s][info][gc,stats    ]       Phase: Concurrent Mark Free                          0.001 / 0.002         0.001 / 0.002         0.001 / 0.002         0.001 / 0.002       ms
[310.117s][info][gc,stats    ]       Phase: Concurrent Process Non-Strong References     11.104 / 12.271       10.868 / 179.913      10.868 / 179.913      10.868 / 179.913     ms
[310.117s][info][gc,stats    ]       Phase: Concurrent Relocate                           2.966 / 3.384         3.040 / 4.517         3.040 / 4.517         3.040 / 4.517       ms
[310.117s][info][gc,stats    ]       Phase: Concurrent Reset Relocation Set               0.003 / 0.003         0.016 / 0.048         0.016 / 0.048         0.016 / 0.048       ms
[310.117s][info][gc,stats    ]       Phase: Concurrent Select Relocation Set              7.877 / 9.535         6.125 / 17.171        6.125 / 17.171        6.125 / 17.171      ms
[310.117s][info][gc,stats    ]       Phase: Pause Mark End                                0.017 / 0.019         0.020 / 0.065         0.020 / 0.065         0.020 / 0.065       ms
[310.117s][info][gc,stats    ]       Phase: Pause Mark Start                              0.013 / 0.014         0.013 / 0.020         0.013 / 0.020         0.013 / 0.020       ms
[310.117s][info][gc,stats    ]       Phase: Pause Relocate Start                          0.007 / 0.008         0.007 / 0.021         0.007 / 0.021         0.007 / 0.021       ms
[310.117s][info][gc,stats    ]    Subphase: Concurrent Classes Purge                      0.015 / 0.025         0.097 / 7.344         0.097 / 7.344         0.097 / 7.344       ms
[310.117s][info][gc,stats    ]    Subphase: Concurrent Classes Unlink                     0.592 / 0.619         0.668 / 8.444         0.668 / 8.444         0.668 / 8.444       ms
[310.117s][info][gc,stats    ]    Subphase: Concurrent Mark                              10.567 / 13.973       14.060 / 125.082      14.060 / 125.082      14.060 / 125.082     ms
[310.117s][info][gc,stats    ]    Subphase: Concurrent Mark Try Flush                     0.074 / 0.105         0.722 / 103.373       0.722 / 103.373       0.722 / 103.373     ms
[310.117s][info][gc,stats    ]    Subphase: Concurrent Mark Try Terminate                 4.277 / 11.910        2.598 / 103.374       2.598 / 103.374       2.598 / 103.374     ms
[310.117s][info][gc,stats    ]    Subphase: Concurrent References Enqueue                 0.002 / 0.004         0.001 / 0.005         0.001 / 0.005         0.001 / 0.005       ms
[310.117s][info][gc,stats    ]    Subphase: Concurrent References Process                 0.038 / 0.043         0.049 / 0.083         0.049 / 0.083         0.049 / 0.083       ms
[310.117s][info][gc,stats    ]    Subphase: Concurrent Roots ClassLoaderDataGraph         0.046 / 0.383         0.071 / 1.506         0.071 / 1.506         0.071 / 1.506       ms
[310.117s][info][gc,stats    ]    Subphase: Concurrent Roots CodeCache                    0.000 / 0.000         0.000 / 0.000         0.000 / 0.000         0.000 / 0.000       ms
[310.117s][info][gc,stats    ]    Subphase: Concurrent Roots JavaThreads                  0.260 / 0.575         0.532 / 9.683         0.532 / 9.683         0.532 / 9.683       ms
[310.117s][info][gc,stats    ]    Subphase: Concurrent Roots OopStorageSet                0.012 / 0.041         0.071 / 1.312         0.071 / 1.312         0.071 / 1.312       ms
[310.117s][info][gc,stats    ]    Subphase: Concurrent Weak Roots OopStorageSet          10.339 / 11.581        7.879 / 14.514        7.879 / 14.514        7.879 / 14.514      ms
[310.117s][info][gc,stats    ]    Subphase: Pause Mark Try Complete                       0.000 / 0.000         0.002 / 0.004         0.002 / 0.004         0.002 / 0.004       ms
[310.117s][info][gc,stats    ]      System: Java Threads                                     35 / 60               45 / 62               45 / 62               45 / 62          threads
[310.117s][info][gc,stats    ] =========================================================================================================================================================
[312.780s][info][gc,start    ] GC(99) Garbage Collection (System.gc())
[312.780s][info][gc,task     ] GC(99) Using 12 workers
[312.781s][info][gc,phases   ] GC(99) Pause Mark Start 0.013ms
[312.794s][info][gc,phases   ] GC(99) Concurrent Mark 13.795ms
[312.795s][info][gc,phases   ] GC(99) Pause Mark End 0.021ms
[312.795s][info][gc,phases   ] GC(99) Concurrent Mark Free 0.001ms
[312.809s][info][gc,phases   ] GC(99) Concurrent Process Non-Strong References 13.976ms
[312.809s][info][gc,phases   ] GC(99) Concurrent Reset Relocation Set 0.034ms
[312.813s][info][gc,phases   ] GC(99) Concurrent Select Relocation Set 4.365ms
[312.813s][info][gc,phases   ] GC(99) Pause Relocate Start 0.007ms
[312.816s][info][gc,phases   ] GC(99) Concurrent Relocate 2.519ms
[312.816s][info][gc,load     ] GC(99) Load: 0.00/0.00/0.00
[312.816s][info][gc,mmu      ] GC(99) MMU: 2ms/96.7%, 5ms/98.7%, 10ms/99.3%, 20ms/99.6%, 50ms/99.8%, 100ms/99.9%
[312.816s][info][gc,marking  ] GC(99) Mark: 8 stripe(s), 2 proactive flush(es), 1 terminate flush(es), 0 completion(s), 0 continuation(s) 
[312.816s][info][gc,marking  ] GC(99) Mark Stack Usage: 32M
[312.816s][info][gc,nmethod  ] GC(99) NMethods: 2339 registered, 20 unregistered
[312.816s][info][gc,metaspace] GC(99) Metaspace: 13M used, 14M committed, 1088M reserved
[312.816s][info][gc,ref      ] GC(99) Soft: 211 encountered, 0 discovered, 0 enqueued
[312.816s][info][gc,ref      ] GC(99) Weak: 627 encountered, 275 discovered, 0 enqueued
[312.816s][info][gc,ref      ] GC(99) Final: 0 encountered, 0 discovered, 0 enqueued
[312.816s][info][gc,ref      ] GC(99) Phantom: 59 encountered, 42 discovered, 0 enqueued
[312.816s][info][gc,reloc    ] GC(99) Small Pages: 3267 / 6534M, Empty: 6452M, Relocated: 4M, In-Place: 0
[312.816s][info][gc,reloc    ] GC(99) Medium Pages: 0 / 0M, Empty: 0M, Relocated: 0M, In-Place: 0
[312.816s][info][gc,reloc    ] GC(99) Large Pages: 0 / 0M, Empty: 0M, Relocated: 0M, In-Place: 0
[312.816s][info][gc,reloc    ] GC(99) Forwarding Usage: 1M
[312.816s][info][gc,heap     ] GC(99) Min Capacity: 8M(0%)
[312.816s][info][gc,heap     ] GC(99) Max Capacity: 30718M(100%)
[312.816s][info][gc,heap     ] GC(99) Soft Max Capacity: 30718M(100%)
[312.816s][info][gc,heap     ] GC(99)                Mark Start          Mark End        Relocate Start      Relocate End           High               Low         
[312.816s][info][gc,heap     ] GC(99)  Capacity:    20042M (65%)       20042M (65%)       20042M (65%)       20042M (65%)       20042M (65%)       20042M (65%)    
[312.816s][info][gc,heap     ] GC(99)      Free:    24184M (79%)       24184M (79%)       30636M (100%)      30692M (100%)      30692M (100%)      24184M (79%)    
[312.816s][info][gc,heap     ] GC(99)      Used:     6534M (21%)        6534M (21%)          82M (0%)           26M (0%)         6534M (21%)          26M (0%)     
[312.816s][info][gc,heap     ] GC(99)      Live:         -                 6M (0%)            6M (0%)            6M (0%)             -                  -          
[312.817s][info][gc,heap     ] GC(99) Allocated:         -                 0M (0%)            0M (0%)            0M (0%)             -                  -          
[312.817s][info][gc,heap     ] GC(99)   Garbage:         -              6527M (21%)          75M (0%)           19M (0%)             -                  -          
[312.817s][info][gc,heap     ] GC(99) Reclaimed:         -                  -              6452M (21%)        6508M (21%)            -                  -          
[312.817s][info][gc          ] GC(99) Garbage Collection (System.gc()) 6534M(21%)->26M(0%)
[316.616s][info][gc,start    ] GC(100) Garbage Collection (Proactive)
[316.616s][info][gc,task     ] GC(100) Using 12 workers
[316.616s][info][gc,phases   ] GC(100) Pause Mark Start 0.013ms
[316.630s][info][gc,phases   ] GC(100) Concurrent Mark 13.602ms
[316.630s][info][gc,phases   ] GC(100) Pause Mark End 0.020ms
[316.630s][info][gc,phases   ] GC(100) Concurrent Mark Free 0.001ms
[316.641s][info][gc,phases   ] GC(100) Concurrent Process Non-Strong References 10.628ms
[316.641s][info][gc,phases   ] GC(100) Concurrent Reset Relocation Set 0.006ms
[316.645s][info][gc,phases   ] GC(100) Concurrent Select Relocation Set 4.318ms
[316.645s][info][gc,phases   ] GC(100) Pause Relocate Start 0.007ms
[316.648s][info][gc,phases   ] GC(100) Concurrent Relocate 2.699ms
[316.648s][info][gc,load     ] GC(100) Load: 0.00/0.00/0.00
[316.648s][info][gc,mmu      ] GC(100) MMU: 2ms/96.7%, 5ms/98.7%, 10ms/99.3%, 20ms/99.6%, 50ms/99.8%, 100ms/99.9%
[316.648s][info][gc,marking  ] GC(100) Mark: 8 stripe(s), 2 proactive flush(es), 1 terminate flush(es), 0 completion(s), 0 continuation(s) 
[316.648s][info][gc,marking  ] GC(100) Mark Stack Usage: 32M
[316.648s][info][gc,nmethod  ] GC(100) NMethods: 2339 registered, 20 unregistered
[316.648s][info][gc,metaspace] GC(100) Metaspace: 13M used, 14M committed, 1088M reserved
[316.648s][info][gc,ref      ] GC(100) Soft: 211 encountered, 0 discovered, 0 enqueued
[316.648s][info][gc,ref      ] GC(100) Weak: 723 encountered, 34 discovered, 0 enqueued
[316.648s][info][gc,ref      ] GC(100) Final: 0 encountered, 0 discovered, 0 enqueued
[316.648s][info][gc,ref      ] GC(100) Phantom: 59 encountered, 44 discovered, 0 enqueued
[316.648s][info][gc,reloc    ] GC(100) Small Pages: 3707 / 7414M, Empty: 7032M, Relocated: 6M, In-Place: 0
[316.648s][info][gc,reloc    ] GC(100) Medium Pages: 0 / 0M, Empty: 0M, Relocated: 0M, In-Place: 0
[316.648s][info][gc,reloc    ] GC(100) Large Pages: 0 / 0M, Empty: 0M, Relocated: 0M, In-Place: 0
[316.648s][info][gc,reloc    ] GC(100) Forwarding Usage: 1M
[316.648s][info][gc,heap     ] GC(100) Min Capacity: 8M(0%)
[316.648s][info][gc,heap     ] GC(100) Max Capacity: 30718M(100%)
[316.648s][info][gc,heap     ] GC(100) Soft Max Capacity: 30718M(100%)
[316.648s][info][gc,heap     ] GC(100)                Mark Start          Mark End        Relocate Start      Relocate End           High               Low         
[316.648s][info][gc,heap     ] GC(100)  Capacity:    20042M (65%)       20042M (65%)       20042M (65%)       20042M (65%)       20042M (65%)       20042M (65%)    
[316.648s][info][gc,heap     ] GC(100)      Free:    23304M (76%)       23220M (76%)       30246M (98%)       30592M (100%)      30592M (100%)      23214M (76%)    
[316.648s][info][gc,heap     ] GC(100)      Used:     7414M (24%)        7498M (24%)         472M (2%)          126M (0%)         7504M (24%)         126M (0%)     
[316.648s][info][gc,heap     ] GC(100)      Live:         -                 9M (0%)            9M (0%)            9M (0%)             -                  -          
[316.648s][info][gc,heap     ] GC(100) Allocated:         -                84M (0%)           90M (0%)           96M (0%)             -                  -          
[316.648s][info][gc,heap     ] GC(100)   Garbage:         -              7404M (24%)         372M (1%)           20M (0%)             -                  -          
[316.648s][info][gc,heap     ] GC(100) Reclaimed:         -                  -              7032M (23%)        7384M (24%)            -                  -          
[316.649s][info][gc          ] GC(100) Garbage Collection (Proactive) 7414M(24%)->126M(0%)
[319.516s][info][gc,start    ] GC(101) Garbage Collection (Proactive)
[319.516s][info][gc,task     ] GC(101) Using 12 workers
[319.516s][info][gc,phases   ] GC(101) Pause Mark Start 0.012ms
[319.523s][info][gc,phases   ] GC(101) Concurrent Mark 6.201ms
[319.523s][info][gc,phases   ] GC(101) Pause Mark End 0.018ms
[319.523s][info][gc,phases   ] GC(101) Concurrent Mark Free 0.001ms
[319.533s][info][gc,phases   ] GC(101) Concurrent Process Non-Strong References 10.119ms
[319.533s][info][gc,phases   ] GC(101) Concurrent Reset Relocation Set 0.023ms
[319.538s][info][gc,phases   ] GC(101) Concurrent Select Relocation Set 5.026ms
[319.538s][info][gc,phases   ] GC(101) Pause Relocate Start 0.006ms
[319.542s][info][gc,phases   ] GC(101) Concurrent Relocate 3.749ms
[319.542s][info][gc,load     ] GC(101) Load: 0.00/0.00/0.00
[319.542s][info][gc,mmu      ] GC(101) MMU: 2ms/96.7%, 5ms/98.7%, 10ms/99.3%, 20ms/99.6%, 50ms/99.8%, 100ms/99.9%
[319.542s][info][gc,marking  ] GC(101) Mark: 8 stripe(s), 2 proactive flush(es), 1 terminate flush(es), 0 completion(s), 0 continuation(s) 
[319.542s][info][gc,marking  ] GC(101) Mark Stack Usage: 32M
[319.542s][info][gc,nmethod  ] GC(101) NMethods: 2339 registered, 20 unregistered
[319.542s][info][gc,metaspace] GC(101) Metaspace: 13M used, 14M committed, 1088M reserved
[319.542s][info][gc,ref      ] GC(101) Soft: 211 encountered, 0 discovered, 0 enqueued
[319.542s][info][gc,ref      ] GC(101) Weak: 723 encountered, 186 discovered, 0 enqueued
[319.542s][info][gc,ref      ] GC(101) Final: 0 encountered, 0 discovered, 0 enqueued
[319.542s][info][gc,ref      ] GC(101) Phantom: 59 encountered, 32 discovered, 0 enqueued
[319.542s][info][gc,reloc    ] GC(101) Small Pages: 2641 / 5282M, Empty: 4954M, Relocated: 6M, In-Place: 0
[319.542s][info][gc,reloc    ] GC(101) Medium Pages: 0 / 0M, Empty: 0M, Relocated: 0M, In-Place: 0
[319.542s][info][gc,reloc    ] GC(101) Large Pages: 0 / 0M, Empty: 0M, Relocated: 0M, In-Place: 0
[319.542s][info][gc,reloc    ] GC(101) Forwarding Usage: 1M
[319.542s][info][gc,heap     ] GC(101) Min Capacity: 8M(0%)
[319.542s][info][gc,heap     ] GC(101) Max Capacity: 30718M(100%)
[319.542s][info][gc,heap     ] GC(101) Soft Max Capacity: 30718M(100%)
[319.542s][info][gc,heap     ] GC(101)                Mark Start          Mark End        Relocate Start      Relocate End           High               Low         
[319.542s][info][gc,heap     ] GC(101)  Capacity:    20042M (65%)       20042M (65%)       20042M (65%)       20042M (65%)       20042M (65%)       20042M (65%)    
[319.542s][info][gc,heap     ] GC(101)      Free:    25436M (83%)       25356M (83%)       30302M (99%)       30598M (100%)      30600M (100%)      25352M (83%)    
[319.542s][info][gc,heap     ] GC(101)      Used:     5282M (17%)        5362M (17%)         416M (1%)          120M (0%)         5366M (17%)         118M (0%)     
[319.542s][info][gc,heap     ] GC(101)      Live:         -                 9M (0%)            9M (0%)            9M (0%)             -                  -          
[319.542s][info][gc,heap     ] GC(101) Allocated:         -                80M (0%)           88M (0%)           90M (0%)             -                  -          
[319.542s][info][gc,heap     ] GC(101)   Garbage:         -              5272M (17%)         318M (1%)           19M (0%)             -                  -          
[319.542s][info][gc,heap     ] GC(101) Reclaimed:         -                  -              4954M (16%)        5252M (17%)            -                  -          
[319.542s][info][gc          ] GC(101) Garbage Collection (Proactive) 5282M(17%)->120M(0%)
[320.117s][info][gc,stats    ] === Garbage Collection Statistics =======================================================================================================================
[320.117s][info][gc,stats    ]                                                              Last 10s              Last 10m              Last 10h                Total
[320.117s][info][gc,stats    ]                                                              Avg / Max             Avg / Max             Avg / Max             Avg / Max
[320.117s][info][gc,stats    ]   Collector: Garbage Collection Cycle                     31.288 / 35.600       40.249 / 209.017      40.249 / 209.017      40.249 / 209.017     ms
[320.117s][info][gc,stats    ]  Contention: Mark Segment Reset Contention                     1 / 8                 1 / 26                1 / 26                1 / 26          ops/s
[320.117s][info][gc,stats    ]  Contention: Mark SeqNum Reset Contention                      0 / 1                 0 / 6                 0 / 6                 0 / 6           ops/s
[320.117s][info][gc,stats    ]    Critical: Allocation Stall                                  0 / 0                 0 / 0                 0 / 0                 0 / 0           ops/s
[320.117s][info][gc,stats    ]    Critical: Allocation Stall                              0.000 / 0.000         0.000 / 0.000         0.000 / 0.000         0.000 / 0.000       ms
[320.117s][info][gc,stats    ]    Critical: GC Locker Stall                                   0 / 0                 0 / 0                 0 / 0                 0 / 0           ops/s
[320.117s][info][gc,stats    ]    Critical: GC Locker Stall                               0.000 / 0.000         0.000 / 0.000         0.000 / 0.000         0.000 / 0.000       ms
[320.117s][info][gc,stats    ]    Critical: Relocation Stall                                  0 / 0                 0 / 0                 0 / 0                 0 / 0           ops/s
[320.117s][info][gc,stats    ]    Critical: Relocation Stall                              0.000 / 0.000         0.000 / 0.000         0.000 / 0.000         0.000 / 0.000       ms
[320.117s][info][gc,stats    ]      Memory: Allocation Rate                                1867 / 1946           1831 / 2304           1831 / 2304           1831 / 2304        MB/s
[320.117s][info][gc,stats    ]      Memory: Defragment                                        0 / 0                 0 / 0                 0 / 0                 0 / 0           ops/s
[320.117s][info][gc,stats    ]      Memory: Out Of Memory                                     0 / 0                 0 / 0                 0 / 0                 0 / 0           ops/s
[320.117s][info][gc,stats    ]      Memory: Page Cache Flush                                  0 / 0                 0 / 0                 0 / 0                 0 / 0           MB/s
[320.117s][info][gc,stats    ]      Memory: Page Cache Hit L1                               937 / 973             888 / 1152            888 / 1152            888 / 1152        ops/s
[320.117s][info][gc,stats    ]      Memory: Page Cache Hit L2                                 0 / 0                 0 / 0                 0 / 0                 0 / 0           ops/s
[320.117s][info][gc,stats    ]      Memory: Page Cache Hit L3                                 0 / 0                 3 / 613               3 / 613               3 / 613         ops/s
[320.117s][info][gc,stats    ]      Memory: Page Cache Miss                                   0 / 0                28 / 740              28 / 740              28 / 740         ops/s
[320.117s][info][gc,stats    ]      Memory: Uncommit                                          0 / 0                 0 / 0                 0 / 0                 0 / 0           MB/s
[320.117s][info][gc,stats    ]      Memory: Undo Object Allocation Failed                     0 / 0                 0 / 2                 0 / 2                 0 / 2           ops/s
[320.117s][info][gc,stats    ]      Memory: Undo Object Allocation Succeeded                  5 / 33                8 / 68                8 / 68                8 / 68          ops/s
[320.117s][info][gc,stats    ]      Memory: Undo Page Allocation                              0 / 0                 0 / 25                0 / 25                0 / 25          ops/s
[320.117s][info][gc,stats    ]       Phase: Concurrent Mark                              11.199 / 13.795       15.596 / 125.913      15.596 / 125.913      15.596 / 125.913     ms
[320.117s][info][gc,stats    ]       Phase: Concurrent Mark Continue                      0.000 / 0.000         0.000 / 0.000         0.000 / 0.000         0.000 / 0.000       ms
[320.117s][info][gc,stats    ]       Phase: Concurrent Mark Free                          0.001 / 0.001         0.001 / 0.002         0.001 / 0.002         0.001 / 0.002       ms
[320.117s][info][gc,stats    ]       Phase: Concurrent Process Non-Strong References     11.575 / 13.976       10.889 / 179.913      10.889 / 179.913      10.889 / 179.913     ms
[320.117s][info][gc,stats    ]       Phase: Concurrent Relocate                           2.989 / 3.749         3.038 / 4.517         3.038 / 4.517         3.038 / 4.517       ms
[320.117s][info][gc,stats    ]       Phase: Concurrent Reset Relocation Set               0.021 / 0.034         0.017 / 0.048         0.017 / 0.048         0.017 / 0.048       ms
[320.117s][info][gc,stats    ]       Phase: Concurrent Select Relocation Set              4.570 / 5.026         6.079 / 17.171        6.079 / 17.171        6.079 / 17.171      ms
[320.117s][info][gc,stats    ]       Phase: Pause Mark End                                0.019 / 0.021         0.020 / 0.065         0.020 / 0.065         0.020 / 0.065       ms
[320.117s][info][gc,stats    ]       Phase: Pause Mark Start                              0.013 / 0.013         0.013 / 0.020         0.013 / 0.020         0.013 / 0.020       ms
[320.117s][info][gc,stats    ]       Phase: Pause Relocate Start                          0.006 / 0.007         0.007 / 0.021         0.007 / 0.021         0.007 / 0.021       ms
[320.117s][info][gc,stats    ]    Subphase: Concurrent Classes Purge                      0.005 / 0.008         0.094 / 7.344         0.094 / 7.344         0.094 / 7.344       ms
[320.117s][info][gc,stats    ]    Subphase: Concurrent Classes Unlink                     0.601 / 0.616         0.666 / 8.444         0.666 / 8.444         0.666 / 8.444       ms
[320.117s][info][gc,stats    ]    Subphase: Concurrent Mark                               9.865 / 12.910       13.937 / 125.082      13.937 / 125.082      13.937 / 125.082     ms
[320.117s][info][gc,stats    ]    Subphase: Concurrent Mark Try Flush                     0.080 / 0.152         0.709 / 103.373       0.709 / 103.373       0.709 / 103.373     ms
[320.117s][info][gc,stats    ]    Subphase: Concurrent Mark Try Terminate                 2.433 / 10.915        2.595 / 103.374       2.595 / 103.374       2.595 / 103.374     ms
[320.117s][info][gc,stats    ]    Subphase: Concurrent References Enqueue                 0.000 / 0.001         0.001 / 0.005         0.001 / 0.005         0.001 / 0.005       ms
[320.117s][info][gc,stats    ]    Subphase: Concurrent References Process                 0.047 / 0.051         0.049 / 0.083         0.049 / 0.083         0.049 / 0.083       ms
[320.117s][info][gc,stats    ]    Subphase: Concurrent Roots ClassLoaderDataGraph         0.058 / 0.446         0.071 / 1.506         0.071 / 1.506         0.071 / 1.506       ms
[320.117s][info][gc,stats    ]    Subphase: Concurrent Roots CodeCache                    0.000 / 0.000         0.000 / 0.000         0.000 / 0.000         0.000 / 0.000       ms
[320.117s][info][gc,stats    ]    Subphase: Concurrent Roots JavaThreads                  0.359 / 0.841         0.527 / 9.683         0.527 / 9.683         0.527 / 9.683       ms
[320.117s][info][gc,stats    ]    Subphase: Concurrent Roots OopStorageSet                0.029 / 0.124         0.070 / 1.312         0.070 / 1.312         0.070 / 1.312       ms
[320.117s][info][gc,stats    ]    Subphase: Concurrent Weak Roots OopStorageSet          10.789 / 13.253        7.965 / 14.514        7.965 / 14.514        7.965 / 14.514      ms
[320.118s][info][gc,stats    ]    Subphase: Pause Mark Try Complete                       0.000 / 0.000         0.002 / 0.004         0.002 / 0.004         0.002 / 0.004       ms
[320.118s][info][gc,stats    ]      System: Java Threads                                     43 / 60               45 / 62               45 / 62               45 / 62          threads
[320.118s][info][gc,stats    ] =========================================================================================================================================================
[322.016s][info][gc,start    ] GC(102) Garbage Collection (Proactive)
[322.016s][info][gc,task     ] GC(102) Using 12 workers
[322.016s][info][gc,phases   ] GC(102) Pause Mark Start 0.010ms
[322.023s][info][gc,phases   ] GC(102) Concurrent Mark 6.642ms
[322.023s][info][gc,phases   ] GC(102) Pause Mark End 0.016ms
[322.023s][info][gc,phases   ] GC(102) Concurrent Mark Free 0.001ms
[322.032s][info][gc,phases   ] GC(102) Concurrent Process Non-Strong References 9.350ms
[322.032s][info][gc,phases   ] GC(102) Concurrent Reset Relocation Set 0.025ms
[322.040s][info][gc,phases   ] GC(102) Concurrent Select Relocation Set 7.052ms
[322.040s][info][gc,phases   ] GC(102) Pause Relocate Start 0.006ms
[322.043s][info][gc,phases   ] GC(102) Concurrent Relocate 3.541ms
[322.043s][info][gc,load     ] GC(102) Load: 0.00/0.00/0.00
[322.043s][info][gc,mmu      ] GC(102) MMU: 2ms/96.7%, 5ms/98.7%, 10ms/99.3%, 20ms/99.6%, 50ms/99.8%, 100ms/99.9%
[322.043s][info][gc,marking  ] GC(102) Mark: 8 stripe(s), 3 proactive flush(es), 1 terminate flush(es), 0 completion(s), 0 continuation(s) 
[322.043s][info][gc,marking  ] GC(102) Mark Stack Usage: 32M
[322.043s][info][gc,nmethod  ] GC(102) NMethods: 2339 registered, 20 unregistered
[322.043s][info][gc,metaspace] GC(102) Metaspace: 13M used, 14M committed, 1088M reserved
[322.044s][info][gc,ref      ] GC(102) Soft: 211 encountered, 0 discovered, 0 enqueued
[322.044s][info][gc,ref      ] GC(102) Weak: 723 encountered, 165 discovered, 0 enqueued
[322.044s][info][gc,ref      ] GC(102) Final: 0 encountered, 0 discovered, 0 enqueued
[322.044s][info][gc,ref      ] GC(102) Phantom: 59 encountered, 45 discovered, 0 enqueued
[322.044s][info][gc,reloc    ] GC(102) Small Pages: 2188 / 4376M, Empty: 4052M, Relocated: 8M, In-Place: 0
[322.044s][info][gc,reloc    ] GC(102) Medium Pages: 0 / 0M, Empty: 0M, Relocated: 0M, In-Place: 0
[322.044s][info][gc,reloc    ] GC(102) Large Pages: 0 / 0M, Empty: 0M, Relocated: 0M, In-Place: 0
[322.044s][info][gc,reloc    ] GC(102) Forwarding Usage: 1M
[322.044s][info][gc,heap     ] GC(102) Min Capacity: 8M(0%)
[322.044s][info][gc,heap     ] GC(102) Max Capacity: 30718M(100%)
[322.044s][info][gc,heap     ] GC(102) Soft Max Capacity: 30718M(100%)
[322.044s][info][gc,heap     ] GC(102)                Mark Start          Mark End        Relocate Start      Relocate End           High               Low         
[322.044s][info][gc,heap     ] GC(102)  Capacity:    20042M (65%)       20042M (65%)       20042M (65%)       20042M (65%)       20042M (65%)       20042M (65%)    
[322.044s][info][gc,heap     ] GC(102)      Free:    26342M (86%)       26262M (85%)       30300M (99%)       30594M (100%)      30594M (100%)      26256M (85%)    
[322.044s][info][gc,heap     ] GC(102)      Used:     4376M (14%)        4456M (15%)         418M (1%)          124M (0%)         4462M (15%)         124M (0%)     
[322.044s][info][gc,heap     ] GC(102)      Live:         -                10M (0%)           10M (0%)           10M (0%)             -                  -          
[322.044s][info][gc,heap     ] GC(102) Allocated:         -                80M (0%)           94M (0%)           96M (0%)             -                  -          
[322.044s][info][gc,heap     ] GC(102)   Garbage:         -              4365M (14%)         313M (1%)           17M (0%)             -                  -          
[322.044s][info][gc,heap     ] GC(102) Reclaimed:         -                  -              4052M (13%)        4348M (14%)            -                  -          
[322.044s][info][gc          ] GC(102) Garbage Collection (Proactive) 4376M(14%)->124M(0%)
[323.998s][info][gc,start    ] GC(103) Garbage Collection (System.gc())
[323.998s][info][gc,task     ] GC(103) Using 12 workers
[323.998s][info][gc,phases   ] GC(103) Pause Mark Start 0.017ms
[324.012s][info][gc,phases   ] GC(103) Concurrent Mark 13.756ms
[324.012s][info][gc,phases   ] GC(103) Pause Mark End 0.020ms
[324.012s][info][gc,phases   ] GC(103) Concurrent Mark Free 0.001ms
[324.026s][info][gc,phases   ] GC(103) Concurrent Process Non-Strong References 14.158ms
[324.026s][info][gc,phases   ] GC(103) Concurrent Reset Relocation Set 0.015ms
[324.030s][info][gc,phases   ] GC(103) Concurrent Select Relocation Set 3.236ms
[324.030s][info][gc,phases   ] GC(103) Pause Relocate Start 0.007ms
[324.033s][info][gc,phases   ] GC(103) Concurrent Relocate 2.789ms
[324.033s][info][gc,load     ] GC(103) Load: 0.00/0.00/0.00
[324.033s][info][gc,mmu      ] GC(103) MMU: 2ms/96.7%, 5ms/98.7%, 10ms/99.3%, 20ms/99.6%, 50ms/99.8%, 100ms/99.9%
[324.033s][info][gc,marking  ] GC(103) Mark: 8 stripe(s), 1 proactive flush(es), 1 terminate flush(es), 0 completion(s), 0 continuation(s) 
[324.033s][info][gc,marking  ] GC(103) Mark Stack Usage: 32M
[324.033s][info][gc,nmethod  ] GC(103) NMethods: 2339 registered, 20 unregistered
[324.033s][info][gc,metaspace] GC(103) Metaspace: 13M used, 14M committed, 1088M reserved
[324.033s][info][gc,ref      ] GC(103) Soft: 211 encountered, 0 discovered, 0 enqueued
[324.033s][info][gc,ref      ] GC(103) Weak: 623 encountered, 47 discovered, 0 enqueued
[324.033s][info][gc,ref      ] GC(103) Final: 0 encountered, 0 discovered, 0 enqueued
[324.033s][info][gc,ref      ] GC(103) Phantom: 59 encountered, 34 discovered, 0 enqueued
[324.033s][info][gc,reloc    ] GC(103) Small Pages: 1686 / 3372M, Empty: 3290M, Relocated: 4M, In-Place: 0
[324.033s][info][gc,reloc    ] GC(103) Medium Pages: 0 / 0M, Empty: 0M, Relocated: 0M, In-Place: 0
[324.033s][info][gc,reloc    ] GC(103) Large Pages: 0 / 0M, Empty: 0M, Relocated: 0M, In-Place: 0
[324.033s][info][gc,reloc    ] GC(103) Forwarding Usage: 1M
[324.033s][info][gc,heap     ] GC(103) Min Capacity: 8M(0%)
[324.033s][info][gc,heap     ] GC(103) Max Capacity: 30718M(100%)
[324.033s][info][gc,heap     ] GC(103) Soft Max Capacity: 30718M(100%)
[324.033s][info][gc,heap     ] GC(103)                Mark Start          Mark End        Relocate Start      Relocate End           High               Low         
[324.033s][info][gc,heap     ] GC(103)  Capacity:    20042M (65%)       20042M (65%)       20042M (65%)       20042M (65%)       20042M (65%)       20042M (65%)    
[324.033s][info][gc,heap     ] GC(103)      Free:    27346M (89%)       27346M (89%)       30636M (100%)      30692M (100%)      30692M (100%)      27346M (89%)    
[324.033s][info][gc,heap     ] GC(103)      Used:     3372M (11%)        3372M (11%)          82M (0%)           26M (0%)         3372M (11%)          26M (0%)     
[324.033s][info][gc,heap     ] GC(103)      Live:         -                 6M (0%)            6M (0%)            6M (0%)             -                  -          
[324.033s][info][gc,heap     ] GC(103) Allocated:         -                 0M (0%)            0M (0%)            0M (0%)             -                  -          
[324.033s][info][gc,heap     ] GC(103)   Garbage:         -              3365M (11%)          75M (0%)           19M (0%)             -                  -          
[324.033s][info][gc,heap     ] GC(103) Reclaimed:         -                  -              3290M (11%)        3346M (11%)            -                  -          
[324.033s][info][gc          ] GC(103) Garbage Collection (System.gc()) 3372M(11%)->26M(0%)
[326.716s][info][gc,start    ] GC(104) Garbage Collection (Proactive)
[326.716s][info][gc,task     ] GC(104) Using 12 workers
[326.716s][info][gc,phases   ] GC(104) Pause Mark Start 0.013ms
[326.723s][info][gc,phases   ] GC(104) Concurrent Mark 6.647ms
[326.723s][info][gc,phases   ] GC(104) Pause Mark End 0.020ms
[326.723s][info][gc,phases   ] GC(104) Concurrent Mark Free 0.001ms
[326.734s][info][gc,phases   ] GC(104) Concurrent Process Non-Strong References 11.163ms
[326.734s][info][gc,phases   ] GC(104) Concurrent Reset Relocation Set 0.006ms
[326.740s][info][gc,phases   ] GC(104) Concurrent Select Relocation Set 5.198ms
[326.740s][info][gc,phases   ] GC(104) Pause Relocate Start 0.008ms
[326.742s][info][gc,phases   ] GC(104) Concurrent Relocate 2.389ms
[326.742s][info][gc,load     ] GC(104) Load: 0.00/0.00/0.00
[326.742s][info][gc,mmu      ] GC(104) MMU: 2ms/96.7%, 5ms/98.7%, 10ms/99.3%, 20ms/99.6%, 50ms/99.8%, 100ms/99.9%
[326.742s][info][gc,marking  ] GC(104) Mark: 8 stripe(s), 3 proactive flush(es), 1 terminate flush(es), 0 completion(s), 0 continuation(s) 
[326.742s][info][gc,marking  ] GC(104) Mark Stack Usage: 32M
[326.742s][info][gc,nmethod  ] GC(104) NMethods: 2340 registered, 20 unregistered
[326.742s][info][gc,metaspace] GC(104) Metaspace: 13M used, 14M committed, 1088M reserved
[326.742s][info][gc,ref      ] GC(104) Soft: 211 encountered, 0 discovered, 0 enqueued
[326.742s][info][gc,ref      ] GC(104) Weak: 729 encountered, 94 discovered, 2 enqueued
[326.742s][info][gc,ref      ] GC(104) Final: 0 encountered, 0 discovered, 0 enqueued
[326.742s][info][gc,ref      ] GC(104) Phantom: 59 encountered, 32 discovered, 0 enqueued
[326.742s][info][gc,reloc    ] GC(104) Small Pages: 2040 / 4080M, Empty: 3770M, Relocated: 6M, In-Place: 0
[326.742s][info][gc,reloc    ] GC(104) Medium Pages: 0 / 0M, Empty: 0M, Relocated: 0M, In-Place: 0
[326.742s][info][gc,reloc    ] GC(104) Large Pages: 0 / 0M, Empty: 0M, Relocated: 0M, In-Place: 0
[326.743s][info][gc,reloc    ] GC(104) Forwarding Usage: 1M
[326.743s][info][gc,heap     ] GC(104) Min Capacity: 8M(0%)
[326.743s][info][gc,heap     ] GC(104) Max Capacity: 30718M(100%)
[326.743s][info][gc,heap     ] GC(104) Soft Max Capacity: 30718M(100%)
[326.743s][info][gc,heap     ] GC(104)                Mark Start          Mark End        Relocate Start      Relocate End           High               Low         
[326.743s][info][gc,heap     ] GC(104)  Capacity:    20042M (65%)       20042M (65%)       20042M (65%)       20042M (65%)       20042M (65%)       20042M (65%)    
[326.743s][info][gc,heap     ] GC(104)      Free:    26638M (87%)       26556M (86%)       30316M (99%)       30594M (100%)      30594M (100%)      26546M (86%)    
[326.743s][info][gc,heap     ] GC(104)      Used:     4080M (13%)        4162M (14%)         402M (1%)          124M (0%)         4172M (14%)         124M (0%)     
[326.743s][info][gc,heap     ] GC(104)      Live:         -                 9M (0%)            9M (0%)            9M (0%)             -                  -          
[326.743s][info][gc,heap     ] GC(104) Allocated:         -                82M (0%)           92M (0%)           94M (0%)             -                  -          
[326.743s][info][gc,heap     ] GC(104)   Garbage:         -              4070M (13%)         300M (1%)           20M (0%)             -                  -          
[326.743s][info][gc,heap     ] GC(104) Reclaimed:         -                  -              3770M (12%)        4050M (13%)            -                  -          
[326.743s][info][gc          ] GC(104) Garbage Collection (Proactive) 4080M(13%)->124M(0%)
[329.016s][info][gc,start    ] GC(105) Garbage Collection (Proactive)
[329.016s][info][gc,task     ] GC(105) Using 12 workers
[329.016s][info][gc,phases   ] GC(105) Pause Mark Start 0.010ms
[329.022s][info][gc,phases   ] GC(105) Concurrent Mark 5.657ms
[329.022s][info][gc,phases   ] GC(105) Pause Mark End 0.017ms
[329.022s][info][gc,phases   ] GC(105) Concurrent Mark Free 0.001ms
[329.032s][info][gc,phases   ] GC(105) Concurrent Process Non-Strong References 10.189ms
[329.032s][info][gc,phases   ] GC(105) Concurrent Reset Relocation Set 0.022ms
[329.037s][info][gc,phases   ] GC(105) Concurrent Select Relocation Set 4.747ms
[329.037s][info][gc,phases   ] GC(105) Pause Relocate Start 0.006ms
[329.040s][info][gc,phases   ] GC(105) Concurrent Relocate 2.331ms
[329.040s][info][gc,load     ] GC(105) Load: 0.00/0.00/0.00
[329.040s][info][gc,mmu      ] GC(105) MMU: 2ms/96.7%, 5ms/98.7%, 10ms/99.3%, 20ms/99.6%, 50ms/99.8%, 100ms/99.9%
[329.040s][info][gc,marking  ] GC(105) Mark: 8 stripe(s), 2 proactive flush(es), 1 terminate flush(es), 0 completion(s), 0 continuation(s) 
[329.040s][info][gc,marking  ] GC(105) Mark Stack Usage: 32M
[329.040s][info][gc,nmethod  ] GC(105) NMethods: 2340 registered, 20 unregistered
[329.040s][info][gc,metaspace] GC(105) Metaspace: 13M used, 14M committed, 1088M reserved
[329.040s][info][gc,ref      ] GC(105) Soft: 211 encountered, 0 discovered, 0 enqueued
[329.040s][info][gc,ref      ] GC(105) Weak: 727 encountered, 104 discovered, 0 enqueued
[329.040s][info][gc,ref      ] GC(105) Final: 0 encountered, 0 discovered, 0 enqueued
[329.040s][info][gc,ref      ] GC(105) Phantom: 59 encountered, 34 discovered, 0 enqueued
[329.040s][info][gc,reloc    ] GC(105) Small Pages: 2178 / 4356M, Empty: 4024M, Relocated: 6M, In-Place: 0
[329.040s][info][gc,reloc    ] GC(105) Medium Pages: 0 / 0M, Empty: 0M, Relocated: 0M, In-Place: 0
[329.040s][info][gc,reloc    ] GC(105) Large Pages: 0 / 0M, Empty: 0M, Relocated: 0M, In-Place: 0
[329.040s][info][gc,reloc    ] GC(105) Forwarding Usage: 1M
[329.040s][info][gc,heap     ] GC(105) Min Capacity: 8M(0%)
[329.040s][info][gc,heap     ] GC(105) Max Capacity: 30718M(100%)
[329.040s][info][gc,heap     ] GC(105) Soft Max Capacity: 30718M(100%)
[329.040s][info][gc,heap     ] GC(105)                Mark Start          Mark End        Relocate Start      Relocate End           High               Low         
[329.040s][info][gc,heap     ] GC(105)  Capacity:    20042M (65%)       20042M (65%)       20042M (65%)       20042M (65%)       20042M (65%)       20042M (65%)    
[329.040s][info][gc,heap     ] GC(105)      Free:    26362M (86%)       26284M (86%)       30298M (99%)       30594M (100%)      30594M (100%)      26276M (86%)    
[329.040s][info][gc,heap     ] GC(105)      Used:     4356M (14%)        4434M (14%)         420M (1%)          124M (0%)         4442M (14%)         124M (0%)     
[329.040s][info][gc,heap     ] GC(105)      Live:         -                 9M (0%)            9M (0%)            9M (0%)             -                  -          
[329.040s][info][gc,heap     ] GC(105) Allocated:         -                78M (0%)           88M (0%)           94M (0%)             -                  -          
[329.040s][info][gc,heap     ] GC(105)   Garbage:         -              4346M (14%)         322M (1%)           20M (0%)             -                  -          
[329.040s][info][gc,heap     ] GC(105) Reclaimed:         -                  -              4024M (13%)        4326M (14%)            -                  -          
[329.040s][info][gc          ] GC(105) Garbage Collection (Proactive) 4356M(14%)->124M(0%)
[330.117s][info][gc,stats    ] === Garbage Collection Statistics =======================================================================================================================
[330.117s][info][gc,stats    ]                                                              Last 10s              Last 10m              Last 10h                Total
[330.117s][info][gc,stats    ]                                                              Avg / Max             Avg / Max             Avg / Max             Avg / Max
[330.117s][info][gc,stats    ]   Collector: Garbage Collection Cycle                     28.214 / 34.853       39.795 / 209.017      39.795 / 209.017      39.795 / 209.017     ms
[330.117s][info][gc,stats    ]  Contention: Mark Segment Reset Contention                     2 / 13                1 / 26                1 / 26                1 / 26          ops/s
[330.117s][info][gc,stats    ]  Contention: Mark SeqNum Reset Contention                      0 / 3                 0 / 6                 0 / 6                 0 / 6           ops/s
[330.117s][info][gc,stats    ]    Critical: Allocation Stall                                  0 / 0                 0 / 0                 0 / 0                 0 / 0           ops/s
[330.117s][info][gc,stats    ]    Critical: Allocation Stall                              0.000 / 0.000         0.000 / 0.000         0.000 / 0.000         0.000 / 0.000       ms
[330.117s][info][gc,stats    ]    Critical: GC Locker Stall                                   0 / 0                 0 / 0                 0 / 0                 0 / 0           ops/s
[330.117s][info][gc,stats    ]    Critical: GC Locker Stall                               0.000 / 0.000         0.000 / 0.000         0.000 / 0.000         0.000 / 0.000       ms
[330.117s][info][gc,stats    ]    Critical: Relocation Stall                                  0 / 0                 0 / 0                 0 / 0                 0 / 0           ops/s
[330.117s][info][gc,stats    ]    Critical: Relocation Stall                              0.000 / 0.000         0.000 / 0.000         0.000 / 0.000         0.000 / 0.000       ms
[330.117s][info][gc,stats    ]      Memory: Allocation Rate                                1705 / 1922           1828 / 2304           1828 / 2304           1828 / 2304        MB/s
[330.117s][info][gc,stats    ]      Memory: Defragment                                        0 / 0                 0 / 0                 0 / 0                 0 / 0           ops/s
[330.117s][info][gc,stats    ]      Memory: Out Of Memory                                     0 / 0                 0 / 0                 0 / 0                 0 / 0           ops/s
[330.117s][info][gc,stats    ]      Memory: Page Cache Flush                                  0 / 0                 0 / 0                 0 / 0                 0 / 0           MB/s
[330.117s][info][gc,stats    ]      Memory: Page Cache Hit L1                               857 / 973             887 / 1152            887 / 1152            887 / 1152        ops/s
[330.117s][info][gc,stats    ]      Memory: Page Cache Hit L2                                 0 / 0                 0 / 0                 0 / 0                 0 / 0           ops/s
[330.117s][info][gc,stats    ]      Memory: Page Cache Hit L3                                 0 / 0                 3 / 613               3 / 613               3 / 613         ops/s
[330.117s][info][gc,stats    ]      Memory: Page Cache Miss                                   0 / 0                27 / 740              27 / 740              27 / 740         ops/s
[330.117s][info][gc,stats    ]      Memory: Uncommit                                          0 / 0                 0 / 0                 0 / 0                 0 / 0           MB/s
[330.117s][info][gc,stats    ]      Memory: Undo Object Allocation Failed                     0 / 2                 0 / 2                 0 / 2                 0 / 2           ops/s
[330.117s][info][gc,stats    ]      Memory: Undo Object Allocation Succeeded                  7 / 43                8 / 68                8 / 68                8 / 68          ops/s
[330.117s][info][gc,stats    ]      Memory: Undo Page Allocation                              0 / 0                 0 / 25                0 / 25                0 / 25          ops/s
[330.117s][info][gc,stats    ]       Phase: Concurrent Mark                               8.175 / 13.756       15.316 / 125.913      15.316 / 125.913      15.316 / 125.913     ms
[330.117s][info][gc,stats    ]       Phase: Concurrent Mark Continue                      0.000 / 0.000         0.000 / 0.000         0.000 / 0.000         0.000 / 0.000       ms
[330.117s][info][gc,stats    ]       Phase: Concurrent Mark Free                          0.001 / 0.001         0.001 / 0.002         0.001 / 0.002         0.001 / 0.002       ms
[330.117s][info][gc,stats    ]       Phase: Concurrent Process Non-Strong References     11.215 / 14.158       10.901 / 179.913      10.901 / 179.913      10.901 / 179.913     ms
[330.117s][info][gc,stats    ]       Phase: Concurrent Relocate                           2.762 / 3.541         3.028 / 4.517         3.028 / 4.517         3.028 / 4.517       ms
[330.117s][info][gc,stats    ]       Phase: Concurrent Reset Relocation Set               0.017 / 0.025         0.017 / 0.048         0.017 / 0.048         0.017 / 0.048       ms
[330.117s][info][gc,stats    ]       Phase: Concurrent Select Relocation Set              5.058 / 7.052         6.041 / 17.171        6.041 / 17.171        6.041 / 17.171      ms
[330.117s][info][gc,stats    ]       Phase: Pause Mark End                                0.018 / 0.020         0.020 / 0.065         0.020 / 0.065         0.020 / 0.065       ms
[330.117s][info][gc,stats    ]       Phase: Pause Mark Start                              0.013 / 0.017         0.013 / 0.020         0.013 / 0.020         0.013 / 0.020       ms
[330.117s][info][gc,stats    ]       Phase: Pause Relocate Start                          0.007 / 0.008         0.007 / 0.021         0.007 / 0.021         0.007 / 0.021       ms
[330.117s][info][gc,stats    ]    Subphase: Concurrent Classes Purge                      0.003 / 0.005         0.090 / 7.344         0.090 / 7.344         0.090 / 7.344       ms
[330.117s][info][gc,stats    ]    Subphase: Concurrent Classes Unlink                     0.589 / 0.620         0.663 / 8.444         0.663 / 8.444         0.663 / 8.444       ms
[330.117s][info][gc,stats    ]    Subphase: Concurrent Mark                               6.997 / 12.897       13.675 / 125.082      13.675 / 125.082      13.675 / 125.082     ms
[330.117s][info][gc,stats    ]    Subphase: Concurrent Mark Try Flush                     0.108 / 0.191         0.691 / 103.373       0.691 / 103.373       0.691 / 103.373     ms
[330.117s][info][gc,stats    ]    Subphase: Concurrent Mark Try Terminate                 2.822 / 10.779        2.599 / 103.374       2.599 / 103.374       2.599 / 103.374     ms
[330.117s][info][gc,stats    ]    Subphase: Concurrent References Enqueue                 0.002 / 0.006         0.001 / 0.006         0.001 / 0.006         0.001 / 0.006       ms
[330.117s][info][gc,stats    ]    Subphase: Concurrent References Process                 0.044 / 0.048         0.049 / 0.083         0.049 / 0.083         0.049 / 0.083       ms
[330.117s][info][gc,stats    ]    Subphase: Concurrent Roots ClassLoaderDataGraph         0.062 / 0.462         0.070 / 1.506         0.070 / 1.506         0.070 / 1.506       ms
[330.117s][info][gc,stats    ]    Subphase: Concurrent Roots CodeCache                    0.000 / 0.000         0.000 / 0.000         0.000 / 0.000         0.000 / 0.000       ms
[330.117s][info][gc,stats    ]    Subphase: Concurrent Roots JavaThreads                  0.275 / 0.761         0.518 / 9.683         0.518 / 9.683         0.518 / 9.683       ms
[330.117s][info][gc,stats    ]    Subphase: Concurrent Roots OopStorageSet                0.036 / 0.186         0.069 / 1.312         0.069 / 1.312         0.069 / 1.312       ms
[330.117s][info][gc,stats    ]    Subphase: Concurrent Weak Roots OopStorageSet          10.425 / 13.485        8.058 / 14.514        8.058 / 14.514        8.058 / 14.514      ms
[330.117s][info][gc,stats    ]    Subphase: Pause Mark Try Complete                       0.000 / 0.000         0.002 / 0.004         0.002 / 0.004         0.002 / 0.004       ms
[330.117s][info][gc,stats    ]      System: Java Threads                                     47 / 60               45 / 62               45 / 62               45 / 62          threads
[330.117s][info][gc,stats    ] =========================================================================================================================================================
[330.916s][info][gc,start    ] GC(106) Garbage Collection (Proactive)
[330.916s][info][gc,task     ] GC(106) Using 12 workers
[330.916s][info][gc,phases   ] GC(106) Pause Mark Start 0.012ms
[330.925s][info][gc,phases   ] GC(106) Concurrent Mark 8.432ms
[330.925s][info][gc,phases   ] GC(106) Pause Mark End 0.020ms
[330.925s][info][gc,phases   ] GC(106) Concurrent Mark Free 0.001ms
[330.934s][info][gc,phases   ] GC(106) Concurrent Process Non-Strong References 9.024ms
[330.934s][info][gc,phases   ] GC(106) Concurrent Reset Relocation Set 0.019ms
[330.939s][info][gc,phases   ] GC(106) Concurrent Select Relocation Set 5.145ms
[330.939s][info][gc,phases   ] GC(106) Pause Relocate Start 0.006ms
[330.943s][info][gc,phases   ] GC(106) Concurrent Relocate 3.301ms
[330.943s][info][gc,load     ] GC(106) Load: 0.00/0.00/0.00
[330.943s][info][gc,mmu      ] GC(106) MMU: 2ms/96.7%, 5ms/98.7%, 10ms/99.3%, 20ms/99.6%, 50ms/99.8%, 100ms/99.9%
[330.943s][info][gc,marking  ] GC(106) Mark: 8 stripe(s), 2 proactive flush(es), 1 terminate flush(es), 0 completion(s), 0 continuation(s) 
[330.943s][info][gc,marking  ] GC(106) Mark Stack Usage: 32M
[330.943s][info][gc,nmethod  ] GC(106) NMethods: 2340 registered, 20 unregistered
[330.943s][info][gc,metaspace] GC(106) Metaspace: 13M used, 14M committed, 1088M reserved
[330.943s][info][gc,ref      ] GC(106) Soft: 211 encountered, 0 discovered, 0 enqueued
[330.943s][info][gc,ref      ] GC(106) Weak: 727 encountered, 76 discovered, 0 enqueued
[330.943s][info][gc,ref      ] GC(106) Final: 0 encountered, 0 discovered, 0 enqueued
[330.943s][info][gc,ref      ] GC(106) Phantom: 59 encountered, 38 discovered, 0 enqueued
[330.943s][info][gc,reloc    ] GC(106) Small Pages: 1775 / 3550M, Empty: 3240M, Relocated: 6M, In-Place: 0
[330.943s][info][gc,reloc    ] GC(106) Medium Pages: 0 / 0M, Empty: 0M, Relocated: 0M, In-Place: 0
[330.943s][info][gc,reloc    ] GC(106) Large Pages: 0 / 0M, Empty: 0M, Relocated: 0M, In-Place: 0
[330.943s][info][gc,reloc    ] GC(106) Forwarding Usage: 1M
[330.943s][info][gc,heap     ] GC(106) Min Capacity: 8M(0%)
[330.943s][info][gc,heap     ] GC(106) Max Capacity: 30718M(100%)
[330.943s][info][gc,heap     ] GC(106) Soft Max Capacity: 30718M(100%)
[330.943s][info][gc,heap     ] GC(106)                Mark Start          Mark End        Relocate Start      Relocate End           High               Low         
[330.943s][info][gc,heap     ] GC(106)  Capacity:    20042M (65%)       20042M (65%)       20042M (65%)       20042M (65%)       20042M (65%)       20042M (65%)    
[330.943s][info][gc,heap     ] GC(106)      Free:    27168M (88%)       27082M (88%)       30314M (99%)       30592M (100%)      30592M (100%)      27078M (88%)    
[330.943s][info][gc,heap     ] GC(106)      Used:     3550M (12%)        3636M (12%)         404M (1%)          126M (0%)         3640M (12%)         126M (0%)     
[330.943s][info][gc,heap     ] GC(106)      Live:         -                 9M (0%)            9M (0%)            9M (0%)             -                  -          
[330.943s][info][gc,heap     ] GC(106) Allocated:         -                86M (0%)           94M (0%)           96M (0%)             -                  -          
[330.943s][info][gc,heap     ] GC(106)   Garbage:         -              3540M (12%)         300M (1%)           19M (0%)             -                  -          
[330.943s][info][gc,heap     ] GC(106) Reclaimed:         -                  -              3240M (11%)        3520M (11%)            -                  -          
[330.943s][info][gc          ] GC(106) Garbage Collection (Proactive) 3550M(12%)->126M(0%)
[332.617s][info][gc,start    ] GC(107) Garbage Collection (Proactive)
[332.617s][info][gc,task     ] GC(107) Using 12 workers
[332.617s][info][gc,phases   ] GC(107) Pause Mark Start 0.010ms
[332.625s][info][gc,phases   ] GC(107) Concurrent Mark 7.597ms
[332.625s][info][gc,phases   ] GC(107) Pause Mark End 0.017ms
[332.625s][info][gc,phases   ] GC(107) Concurrent Mark Free 0.001ms
[332.635s][info][gc,phases   ] GC(107) Concurrent Process Non-Strong References 10.306ms
[332.635s][info][gc,phases   ] GC(107) Concurrent Reset Relocation Set 0.025ms
[332.643s][info][gc,phases   ] GC(107) Concurrent Select Relocation Set 7.318ms
[332.643s][info][gc,phases   ] GC(107) Pause Relocate Start 0.007ms
[332.646s][info][gc,phases   ] GC(107) Concurrent Relocate 2.952ms
[332.646s][info][gc,load     ] GC(107) Load: 0.00/0.00/0.00
[332.646s][info][gc,mmu      ] GC(107) MMU: 2ms/96.7%, 5ms/98.7%, 10ms/99.3%, 20ms/99.6%, 50ms/99.8%, 100ms/99.9%
[332.646s][info][gc,marking  ] GC(107) Mark: 8 stripe(s), 4 proactive flush(es), 1 terminate flush(es), 0 completion(s), 0 continuation(s) 
[332.646s][info][gc,marking  ] GC(107) Mark Stack Usage: 32M
[332.646s][info][gc,nmethod  ] GC(107) NMethods: 2340 registered, 20 unregistered
[332.646s][info][gc,metaspace] GC(107) Metaspace: 13M used, 14M committed, 1088M reserved
[332.646s][info][gc,ref      ] GC(107) Soft: 211 encountered, 0 discovered, 0 enqueued
[332.646s][info][gc,ref      ] GC(107) Weak: 727 encountered, 90 discovered, 0 enqueued
[332.646s][info][gc,ref      ] GC(107) Final: 0 encountered, 0 discovered, 0 enqueued
[332.646s][info][gc,ref      ] GC(107) Phantom: 59 encountered, 40 discovered, 0 enqueued
[332.646s][info][gc,reloc    ] GC(107) Small Pages: 1722 / 3444M, Empty: 3156M, Relocated: 8M, In-Place: 0
[332.646s][info][gc,reloc    ] GC(107) Medium Pages: 0 / 0M, Empty: 0M, Relocated: 0M, In-Place: 0
[332.646s][info][gc,reloc    ] GC(107) Large Pages: 0 / 0M, Empty: 0M, Relocated: 0M, In-Place: 0
[332.646s][info][gc,reloc    ] GC(107) Forwarding Usage: 1M
[332.646s][info][gc,heap     ] GC(107) Min Capacity: 8M(0%)
[332.646s][info][gc,heap     ] GC(107) Max Capacity: 30718M(100%)
[332.646s][info][gc,heap     ] GC(107) Soft Max Capacity: 30718M(100%)
[332.646s][info][gc,heap     ] GC(107)                Mark Start          Mark End        Relocate Start      Relocate End           High               Low         
[332.646s][info][gc,heap     ] GC(107)  Capacity:    20042M (65%)       20042M (65%)       20042M (65%)       20042M (65%)       20042M (65%)       20042M (65%)    
[332.646s][info][gc,heap     ] GC(107)      Free:    27274M (89%)       27188M (89%)       30336M (99%)       30594M (100%)      30594M (100%)      27182M (88%)    
[332.646s][info][gc,heap     ] GC(107)      Used:     3444M (11%)        3530M (11%)         382M (1%)          124M (0%)         3536M (12%)         124M (0%)     
[332.646s][info][gc,heap     ] GC(107)      Live:         -                 9M (0%)            9M (0%)            9M (0%)             -                  -          
[332.646s][info][gc,heap     ] GC(107) Allocated:         -                86M (0%)           94M (0%)           96M (0%)             -                  -          
[332.646s][info][gc,heap     ] GC(107)   Garbage:         -              3434M (11%)         278M (1%)           17M (0%)             -                  -          
[332.646s][info][gc,heap     ] GC(107) Reclaimed:         -                  -              3156M (10%)        3416M (11%)            -                  -          
[332.646s][info][gc          ] GC(107) Garbage Collection (Proactive) 3444M(11%)->124M(0%)
[334.416s][info][gc,start    ] GC(108) Garbage Collection (Proactive)
[334.416s][info][gc,task     ] GC(108) Using 12 workers
[334.416s][info][gc,phases   ] GC(108) Pause Mark Start 0.013ms
[334.425s][info][gc,phases   ] GC(108) Concurrent Mark 8.611ms
[334.425s][info][gc,phases   ] GC(108) Pause Mark End 0.019ms
[334.425s][info][gc,phases   ] GC(108) Concurrent Mark Free 0.001ms
[334.434s][info][gc,phases   ] GC(108) Concurrent Process Non-Strong References 8.879ms
[334.434s][info][gc,phases   ] GC(108) Concurrent Reset Relocation Set 0.014ms
[334.439s][info][gc,phases   ] GC(108) Concurrent Select Relocation Set 5.173ms
[334.440s][info][gc,phases   ] GC(108) Pause Relocate Start 0.009ms
[334.441s][info][gc,phases   ] GC(108) Concurrent Relocate 1.234ms
[334.441s][info][gc,load     ] GC(108) Load: 0.00/0.00/0.00
[334.441s][info][gc,mmu      ] GC(108) MMU: 2ms/96.7%, 5ms/98.7%, 10ms/99.3%, 20ms/99.6%, 50ms/99.8%, 100ms/99.9%
[334.441s][info][gc,marking  ] GC(108) Mark: 8 stripe(s), 3 proactive flush(es), 1 terminate flush(es), 0 completion(s), 0 continuation(s) 
[334.441s][info][gc,marking  ] GC(108) Mark Stack Usage: 32M
[334.441s][info][gc,nmethod  ] GC(108) NMethods: 2340 registered, 20 unregistered
[334.441s][info][gc,metaspace] GC(108) Metaspace: 13M used, 14M committed, 1088M reserved
[334.441s][info][gc,ref      ] GC(108) Soft: 211 encountered, 0 discovered, 0 enqueued
[334.441s][info][gc,ref      ] GC(108) Weak: 727 encountered, 256 discovered, 0 enqueued
[334.441s][info][gc,ref      ] GC(108) Final: 0 encountered, 0 discovered, 0 enqueued
[334.441s][info][gc,ref      ] GC(108) Phantom: 59 encountered, 37 discovered, 0 enqueued
[334.441s][info][gc,reloc    ] GC(108) Small Pages: 1800 / 3600M, Empty: 3292M, Relocated: 5M, In-Place: 0
[334.441s][info][gc,reloc    ] GC(108) Medium Pages: 0 / 0M, Empty: 0M, Relocated: 0M, In-Place: 0
[334.441s][info][gc,reloc    ] GC(108) Large Pages: 0 / 0M, Empty: 0M, Relocated: 0M, In-Place: 0
[334.441s][info][gc,reloc    ] GC(108) Forwarding Usage: 0M
[334.441s][info][gc,heap     ] GC(108) Min Capacity: 8M(0%)
[334.441s][info][gc,heap     ] GC(108) Max Capacity: 30718M(100%)
[334.441s][info][gc,heap     ] GC(108) Soft Max Capacity: 30718M(100%)
[334.441s][info][gc,heap     ] GC(108)                Mark Start          Mark End        Relocate Start      Relocate End           High               Low         
[334.441s][info][gc,heap     ] GC(108)  Capacity:    20042M (65%)       20042M (65%)       20042M (65%)       20042M (65%)       20042M (65%)       20042M (65%)    
[334.441s][info][gc,heap     ] GC(108)      Free:    27118M (88%)       27036M (88%)       30320M (99%)       30592M (100%)      30592M (100%)      27028M (88%)    
[334.441s][info][gc,heap     ] GC(108)      Used:     3600M (12%)        3682M (12%)         398M (1%)          126M (0%)         3690M (12%)         126M (0%)     
[334.441s][info][gc,heap     ] GC(108)      Live:         -                10M (0%)           10M (0%)           10M (0%)             -                  -          
[334.441s][info][gc,heap     ] GC(108) Allocated:         -                82M (0%)           90M (0%)           92M (0%)             -                  -          
[334.441s][info][gc,heap     ] GC(108)   Garbage:         -              3589M (12%)         297M (1%)           23M (0%)             -                  -          
[334.441s][info][gc,heap     ] GC(108) Reclaimed:         -                  -              3292M (11%)        3566M (12%)            -                  -          
[334.441s][info][gc          ] GC(108) Garbage Collection (Proactive) 3600M(12%)->126M(0%)
[336.116s][info][gc,start    ] GC(109) Garbage Collection (Proactive)
[336.116s][info][gc,task     ] GC(109) Using 12 workers
[336.116s][info][gc,phases   ] GC(109) Pause Mark Start 0.011ms
[336.123s][info][gc,phases   ] GC(109) Concurrent Mark 6.636ms
[336.123s][info][gc,phases   ] GC(109) Pause Mark End 0.013ms
[336.123s][info][gc,phases   ] GC(109) Concurrent Mark Free 0.001ms
[336.132s][info][gc,phases   ] GC(109) Concurrent Process Non-Strong References 8.661ms
[336.132s][info][gc,phases   ] GC(109) Concurrent Reset Relocation Set 0.015ms
[336.136s][info][gc,phases   ] GC(109) Concurrent Select Relocation Set 4.497ms
[336.136s][info][gc,phases   ] GC(109) Pause Relocate Start 0.008ms
[336.139s][info][gc,phases   ] GC(109) Concurrent Relocate 2.269ms
[336.139s][info][gc,load     ] GC(109) Load: 0.00/0.00/0.00
[336.139s][info][gc,mmu      ] GC(109) MMU: 2ms/96.7%, 5ms/98.7%, 10ms/99.3%, 20ms/99.6%, 50ms/99.8%, 100ms/99.9%
[336.139s][info][gc,marking  ] GC(109) Mark: 8 stripe(s), 3 proactive flush(es), 1 terminate flush(es), 0 completion(s), 0 continuation(s) 
[336.139s][info][gc,marking  ] GC(109) Mark Stack Usage: 32M
[336.139s][info][gc,nmethod  ] GC(109) NMethods: 2340 registered, 20 unregistered
[336.139s][info][gc,metaspace] GC(109) Metaspace: 13M used, 14M committed, 1088M reserved
[336.139s][info][gc,ref      ] GC(109) Soft: 211 encountered, 0 discovered, 0 enqueued
[336.139s][info][gc,ref      ] GC(109) Weak: 649 encountered, 290 discovered, 0 enqueued
[336.139s][info][gc,ref      ] GC(109) Final: 0 encountered, 0 discovered, 0 enqueued
[336.139s][info][gc,ref      ] GC(109) Phantom: 59 encountered, 34 discovered, 0 enqueued
[336.139s][info][gc,reloc    ] GC(109) Small Pages: 1806 / 3612M, Empty: 3398M, Relocated: 8M, In-Place: 0
[336.139s][info][gc,reloc    ] GC(109) Medium Pages: 0 / 0M, Empty: 0M, Relocated: 0M, In-Place: 0
[336.139s][info][gc,reloc    ] GC(109) Large Pages: 0 / 0M, Empty: 0M, Relocated: 0M, In-Place: 0
[336.139s][info][gc,reloc    ] GC(109) Forwarding Usage: 2M
[336.139s][info][gc,heap     ] GC(109) Min Capacity: 8M(0%)
[336.139s][info][gc,heap     ] GC(109) Max Capacity: 30718M(100%)
[336.139s][info][gc,heap     ] GC(109) Soft Max Capacity: 30718M(100%)
[336.139s][info][gc,heap     ] GC(109)                Mark Start          Mark End        Relocate Start      Relocate End           High               Low         
[336.139s][info][gc,heap     ] GC(109)  Capacity:    20042M (65%)       20042M (65%)       20042M (65%)       20042M (65%)       20042M (65%)       20042M (65%)    
[336.139s][info][gc,heap     ] GC(109)      Free:    27106M (88%)       27088M (88%)       30456M (99%)       30644M (100%)      30644M (100%)      27070M (88%)    
[336.139s][info][gc,heap     ] GC(109)      Used:     3612M (12%)        3630M (12%)         262M (1%)           74M (0%)         3648M (12%)          74M (0%)     
[336.139s][info][gc,heap     ] GC(109)      Live:         -                 8M (0%)            8M (0%)            8M (0%)             -                  -          
[336.139s][info][gc,heap     ] GC(109) Allocated:         -                18M (0%)           48M (0%)           49M (0%)             -                  -          
[336.139s][info][gc,heap     ] GC(109)   Garbage:         -              3603M (12%)         205M (1%)           15M (0%)             -                  -          
[336.139s][info][gc,heap     ] GC(109) Reclaimed:         -                  -              3398M (11%)        3587M (12%)            -                  -          
[336.139s][info][gc          ] GC(109) Garbage Collection (Proactive) 3612M(12%)->74M(0%)
[336.203s][info][gc,start    ] GC(110) Garbage Collection (System.gc())
[336.203s][info][gc,task     ] GC(110) Using 12 workers
[336.203s][info][gc,phases   ] GC(110) Pause Mark Start 0.017ms
[336.217s][info][gc,phases   ] GC(110) Concurrent Mark 13.834ms
[336.217s][info][gc,phases   ] GC(110) Pause Mark End 0.018ms
[336.217s][info][gc,phases   ] GC(110) Concurrent Mark Free 0.001ms
[336.230s][info][gc,phases   ] GC(110) Concurrent Process Non-Strong References 12.466ms
[336.230s][info][gc,phases   ] GC(110) Concurrent Reset Relocation Set 0.009ms
[336.233s][info][gc,phases   ] GC(110) Concurrent Select Relocation Set 2.995ms
[336.233s][info][gc,phases   ] GC(110) Pause Relocate Start 0.006ms
[336.235s][info][gc,phases   ] GC(110) Concurrent Relocate 1.959ms
[336.235s][info][gc,load     ] GC(110) Load: 0.00/0.00/0.00
[336.235s][info][gc,mmu      ] GC(110) MMU: 2ms/96.7%, 5ms/98.7%, 10ms/99.3%, 20ms/99.6%, 50ms/99.8%, 100ms/99.9%
[336.235s][info][gc,marking  ] GC(110) Mark: 8 stripe(s), 1 proactive flush(es), 1 terminate flush(es), 0 completion(s), 0 continuation(s) 
[336.235s][info][gc,marking  ] GC(110) Mark Stack Usage: 32M
[336.235s][info][gc,nmethod  ] GC(110) NMethods: 2340 registered, 20 unregistered
[336.235s][info][gc,metaspace] GC(110) Metaspace: 13M used, 14M committed, 1088M reserved
[336.235s][info][gc,ref      ] GC(110) Soft: 211 encountered, 0 discovered, 0 enqueued
[336.235s][info][gc,ref      ] GC(110) Weak: 627 encountered, 37 discovered, 0 enqueued
[336.235s][info][gc,ref      ] GC(110) Final: 0 encountered, 0 discovered, 0 enqueued
[336.235s][info][gc,ref      ] GC(110) Phantom: 59 encountered, 36 discovered, 0 enqueued
[336.235s][info][gc,reloc    ] GC(110) Small Pages: 70 / 140M, Empty: 102M, Relocated: 4M, In-Place: 0
[336.235s][info][gc,reloc    ] GC(110) Medium Pages: 0 / 0M, Empty: 0M, Relocated: 0M, In-Place: 0
[336.235s][info][gc,reloc    ] GC(110) Large Pages: 0 / 0M, Empty: 0M, Relocated: 0M, In-Place: 0
[336.235s][info][gc,reloc    ] GC(110) Forwarding Usage: 1M
[336.235s][info][gc,heap     ] GC(110) Min Capacity: 8M(0%)
[336.235s][info][gc,heap     ] GC(110) Max Capacity: 30718M(100%)
[336.235s][info][gc,heap     ] GC(110) Soft Max Capacity: 30718M(100%)
[336.235s][info][gc,heap     ] GC(110)                Mark Start          Mark End        Relocate Start      Relocate End           High               Low         
[336.235s][info][gc,heap     ] GC(110)  Capacity:    20042M (65%)       20042M (65%)       20042M (65%)       20042M (65%)       20042M (65%)       20042M (65%)    
[336.235s][info][gc,heap     ] GC(110)      Free:    30578M (100%)      30578M (100%)      30680M (100%)      30692M (100%)      30692M (100%)      30578M (100%)   
[336.235s][info][gc,heap     ] GC(110)      Used:      140M (0%)          140M (0%)           38M (0%)           26M (0%)          140M (0%)           26M (0%)     
[336.235s][info][gc,heap     ] GC(110)      Live:         -                 6M (0%)            6M (0%)            6M (0%)             -                  -          
[336.235s][info][gc,heap     ] GC(110) Allocated:         -                 0M (0%)            0M (0%)            0M (0%)             -                  -          
[336.235s][info][gc,heap     ] GC(110)   Garbage:         -               133M (0%)           31M (0%)           19M (0%)             -                  -          
[336.235s][info][gc,heap     ] GC(110) Reclaimed:         -                  -               102M (0%)          114M (0%)             -                  -          
[336.235s][info][gc          ] GC(110) Garbage Collection (System.gc()) 140M(0%)->26M(0%)
[338.616s][info][gc,start    ] GC(111) Garbage Collection (Proactive)
[338.617s][info][gc,task     ] GC(111) Using 12 workers
[338.617s][info][gc,phases   ] GC(111) Pause Mark Start 0.011ms
[338.625s][info][gc,phases   ] GC(111) Concurrent Mark 7.937ms
[338.625s][info][gc,phases   ] GC(111) Pause Mark End 0.016ms
[338.625s][info][gc,phases   ] GC(111) Concurrent Mark Free 0.001ms
[338.636s][info][gc,phases   ] GC(111) Concurrent Process Non-Strong References 10.455ms
[338.636s][info][gc,phases   ] GC(111) Concurrent Reset Relocation Set 0.002ms
[338.639s][info][gc,phases   ] GC(111) Concurrent Select Relocation Set 3.768ms
[338.639s][info][gc,phases   ] GC(111) Pause Relocate Start 0.007ms
[338.642s][info][gc,phases   ] GC(111) Concurrent Relocate 2.652ms
[338.642s][info][gc,load     ] GC(111) Load: 0.00/0.00/0.00
[338.642s][info][gc,mmu      ] GC(111) MMU: 2ms/96.7%, 5ms/98.7%, 10ms/99.3%, 20ms/99.6%, 50ms/99.8%, 100ms/99.9%
[338.642s][info][gc,marking  ] GC(111) Mark: 8 stripe(s), 3 proactive flush(es), 1 terminate flush(es), 0 completion(s), 0 continuation(s) 
[338.642s][info][gc,marking  ] GC(111) Mark Stack Usage: 32M
[338.642s][info][gc,nmethod  ] GC(111) NMethods: 2340 registered, 20 unregistered
[338.642s][info][gc,metaspace] GC(111) Metaspace: 13M used, 14M committed, 1088M reserved
[338.642s][info][gc,ref      ] GC(111) Soft: 211 encountered, 0 discovered, 0 enqueued
[338.642s][info][gc,ref      ] GC(111) Weak: 723 encountered, 62 discovered, 0 enqueued
[338.642s][info][gc,ref      ] GC(111) Final: 0 encountered, 0 discovered, 0 enqueued
[338.642s][info][gc,ref      ] GC(111) Phantom: 59 encountered, 39 discovered, 0 enqueued
[338.642s][info][gc,reloc    ] GC(111) Small Pages: 2192 / 4384M, Empty: 4086M, Relocated: 6M, In-Place: 0
[338.642s][info][gc,reloc    ] GC(111) Medium Pages: 0 / 0M, Empty: 0M, Relocated: 0M, In-Place: 0
[338.642s][info][gc,reloc    ] GC(111) Large Pages: 0 / 0M, Empty: 0M, Relocated: 0M, In-Place: 0
[338.642s][info][gc,reloc    ] GC(111) Forwarding Usage: 1M
[338.642s][info][gc,heap     ] GC(111) Min Capacity: 8M(0%)
[338.643s][info][gc,heap     ] GC(111) Max Capacity: 30718M(100%)
[338.643s][info][gc,heap     ] GC(111) Soft Max Capacity: 30718M(100%)
[338.643s][info][gc,heap     ] GC(111)                Mark Start          Mark End        Relocate Start      Relocate End           High               Low         
[338.643s][info][gc,heap     ] GC(111)  Capacity:    20042M (65%)       20042M (65%)       20042M (65%)       20042M (65%)       20042M (65%)       20042M (65%)    
[338.643s][info][gc,heap     ] GC(111)      Free:    26334M (86%)       26242M (85%)       30326M (99%)       30596M (100%)      30596M (100%)      26242M (85%)    
[338.643s][info][gc,heap     ] GC(111)      Used:     4384M (14%)        4476M (15%)         392M (1%)          122M (0%)         4476M (15%)         122M (0%)     
[338.643s][info][gc,heap     ] GC(111)      Live:         -                 8M (0%)            8M (0%)            8M (0%)             -                  -          
[338.643s][info][gc,heap     ] GC(111) Allocated:         -                92M (0%)           94M (0%)           92M (0%)             -                  -          
[338.643s][info][gc,heap     ] GC(111)   Garbage:         -              4375M (14%)         289M (1%)           20M (0%)             -                  -          
[338.643s][info][gc,heap     ] GC(111) Reclaimed:         -                  -              4086M (13%)        4354M (14%)            -                  -          
[338.643s][info][gc          ] GC(111) Garbage Collection (Proactive) 4384M(14%)->122M(0%)
[340.115s][info][gc,stats    ] === Garbage Collection Statistics =======================================================================================================================
[340.116s][info][gc,stats    ]                                                              Last 10s              Last 10m              Last 10h                Total
[340.116s][info][gc,stats    ]                                                              Avg / Max             Avg / Max             Avg / Max             Avg / Max
[340.116s][info][gc,stats    ]   Collector: Garbage Collection Cycle                     26.996 / 32.066       39.109 / 209.017      39.109 / 209.017      39.109 / 209.017     ms
[340.116s][info][gc,stats    ]  Contention: Mark Segment Reset Contention                     1 / 5                 1 / 26                1 / 26                1 / 26          ops/s
[340.116s][info][gc,stats    ]  Contention: Mark SeqNum Reset Contention                      0 / 4                 0 / 6                 0 / 6                 0 / 6           ops/s
[340.116s][info][gc,stats    ]    Critical: Allocation Stall                                  0 / 0                 0 / 0                 0 / 0                 0 / 0           ops/s
[340.116s][info][gc,stats    ]    Critical: Allocation Stall                              0.000 / 0.000         0.000 / 0.000         0.000 / 0.000         0.000 / 0.000       ms
[340.116s][info][gc,stats    ]    Critical: GC Locker Stall                                   0 / 0                 0 / 0                 0 / 0                 0 / 0           ops/s
[340.116s][info][gc,stats    ]    Critical: GC Locker Stall                               0.000 / 0.000         0.000 / 0.000         0.000 / 0.000         0.000 / 0.000       ms
[340.116s][info][gc,stats    ]    Critical: Relocation Stall                                  0 / 0                 0 / 0                 0 / 0                 0 / 0           ops/s
[340.116s][info][gc,stats    ]    Critical: Relocation Stall                              0.000 / 0.000         0.000 / 0.000         0.000 / 0.000         0.000 / 0.000       ms
[340.116s][info][gc,stats    ]      Memory: Allocation Rate                                1928 / 2188           1831 / 2304           1831 / 2304           1831 / 2304        MB/s
[340.116s][info][gc,stats    ]      Memory: Defragment                                        0 / 0                 0 / 0                 0 / 0                 0 / 0           ops/s
[340.116s][info][gc,stats    ]      Memory: Out Of Memory                                     0 / 0                 0 / 0                 0 / 0                 0 / 0           ops/s
[340.116s][info][gc,stats    ]      Memory: Page Cache Flush                                  0 / 0                 0 / 0                 0 / 0                 0 / 0           MB/s
[340.116s][info][gc,stats    ]      Memory: Page Cache Hit L1                               971 / 1094            890 / 1152            890 / 1152            890 / 1152        ops/s
[340.116s][info][gc,stats    ]      Memory: Page Cache Hit L2                                 0 / 0                 0 / 0                 0 / 0                 0 / 0           ops/s
[340.116s][info][gc,stats    ]      Memory: Page Cache Hit L3                                 0 / 0                 3 / 613               3 / 613               3 / 613         ops/s
[340.116s][info][gc,stats    ]      Memory: Page Cache Miss                                   0 / 0                26 / 740              26 / 740              26 / 740         ops/s
[340.116s][info][gc,stats    ]      Memory: Uncommit                                          0 / 0                 0 / 0                 0 / 0                 0 / 0           MB/s
[340.116s][info][gc,stats    ]      Memory: Undo Object Allocation Failed                     0 / 3                 0 / 3                 0 / 3                 0 / 3           ops/s
[340.116s][info][gc,stats    ]      Memory: Undo Object Allocation Succeeded                 12 / 40                8 / 68                8 / 68                8 / 68          ops/s
[340.116s][info][gc,stats    ]      Memory: Undo Page Allocation                              0 / 2                 0 / 25                0 / 25                0 / 25          ops/s
[340.116s][info][gc,stats    ]       Phase: Concurrent Mark                               8.841 / 13.834       14.969 / 125.913      14.969 / 125.913      14.969 / 125.913     ms
[340.116s][info][gc,stats    ]       Phase: Concurrent Mark Continue                      0.000 / 0.000         0.000 / 0.000         0.000 / 0.000         0.000 / 0.000       ms
[340.116s][info][gc,stats    ]       Phase: Concurrent Mark Free                          0.001 / 0.001         0.001 / 0.002         0.001 / 0.002         0.001 / 0.002       ms
[340.116s][info][gc,stats    ]       Phase: Concurrent Process Non-Strong References      9.965 / 12.466       10.851 / 179.913      10.851 / 179.913      10.851 / 179.913     ms
[340.116s][info][gc,stats    ]       Phase: Concurrent Relocate                           2.394 / 3.301         2.994 / 4.517         2.994 / 4.517         2.994 / 4.517       ms
[340.116s][info][gc,stats    ]       Phase: Concurrent Reset Relocation Set               0.014 / 0.025         0.016 / 0.048         0.016 / 0.048         0.016 / 0.048       ms
[340.116s][info][gc,stats    ]       Phase: Concurrent Select Relocation Set              4.816 / 7.318         5.975 / 17.171        5.975 / 17.171        5.975 / 17.171      ms
[340.116s][info][gc,stats    ]       Phase: Pause Mark End                                0.017 / 0.020         0.020 / 0.065         0.020 / 0.065         0.020 / 0.065       ms
[340.116s][info][gc,stats    ]       Phase: Pause Mark Start                              0.012 / 0.017         0.013 / 0.020         0.013 / 0.020         0.013 / 0.020       ms
[340.116s][info][gc,stats    ]       Phase: Pause Relocate Start                          0.007 / 0.009         0.007 / 0.021         0.007 / 0.021         0.007 / 0.021       ms
[340.116s][info][gc,stats    ]    Subphase: Concurrent Classes Purge                      0.004 / 0.005         0.086 / 7.344         0.086 / 7.344         0.086 / 7.344       ms
[340.116s][info][gc,stats    ]    Subphase: Concurrent Classes Unlink                     0.562 / 0.625         0.657 / 8.444         0.657 / 8.444         0.657 / 8.444       ms
[340.116s][info][gc,stats    ]    Subphase: Concurrent Mark                               7.612 / 13.042       13.350 / 125.082      13.350 / 125.082      13.350 / 125.082     ms
[340.116s][info][gc,stats    ]    Subphase: Concurrent Mark Try Flush                     0.111 / 0.265         0.663 / 103.373       0.663 / 103.373       0.663 / 103.373     ms
[340.116s][info][gc,stats    ]    Subphase: Concurrent Mark Try Terminate                 2.236 / 11.277        2.585 / 103.374       2.585 / 103.374       2.585 / 103.374     ms
[340.116s][info][gc,stats    ]    Subphase: Concurrent References Enqueue                 0.000 / 0.001         0.001 / 0.006         0.001 / 0.006         0.001 / 0.006       ms
[340.116s][info][gc,stats    ]    Subphase: Concurrent References Process                 0.044 / 0.057         0.049 / 0.083         0.049 / 0.083         0.049 / 0.083       ms
[340.116s][info][gc,stats    ]    Subphase: Concurrent Roots ClassLoaderDataGraph         0.056 / 0.434         0.069 / 1.506         0.069 / 1.506         0.069 / 1.506       ms
[340.116s][info][gc,stats    ]    Subphase: Concurrent Roots CodeCache                    0.000 / 0.000         0.000 / 0.000         0.000 / 0.000         0.000 / 0.000       ms
[340.116s][info][gc,stats    ]    Subphase: Concurrent Roots JavaThreads                  0.180 / 0.712         0.500 / 9.683         0.500 / 9.683         0.500 / 9.683       ms
[340.116s][info][gc,stats    ]    Subphase: Concurrent Roots OopStorageSet                0.033 / 0.328         0.067 / 1.312         0.067 / 1.312         0.067 / 1.312       ms
[340.116s][info][gc,stats    ]    Subphase: Concurrent Weak Roots OopStorageSet           9.197 / 11.841        8.119 / 14.514        8.119 / 14.514        8.119 / 14.514      ms
[340.116s][info][gc,stats    ]    Subphase: Pause Mark Try Complete                       0.000 / 0.000         0.002 / 0.004         0.002 / 0.004         0.002 / 0.004       ms
[340.116s][info][gc,stats    ]      System: Java Threads                                     45 / 60               45 / 62               45 / 62               45 / 62          threads
[340.116s][info][gc,stats    ] =========================================================================================================================================================
[340.616s][info][gc,start    ] GC(112) Garbage Collection (Proactive)
[340.616s][info][gc,task     ] GC(112) Using 12 workers
[340.616s][info][gc,phases   ] GC(112) Pause Mark Start 0.011ms
[340.623s][info][gc,phases   ] GC(112) Concurrent Mark 6.663ms
[340.623s][info][gc,phases   ] GC(112) Pause Mark End 0.016ms
[340.623s][info][gc,phases   ] GC(112) Concurrent Mark Free 0.001ms
[340.633s][info][gc,phases   ] GC(112) Concurrent Process Non-Strong References 9.185ms
[340.633s][info][gc,phases   ] GC(112) Concurrent Reset Relocation Set 0.020ms
[340.636s][info][gc,phases   ] GC(112) Concurrent Select Relocation Set 3.495ms
[340.636s][info][gc,phases   ] GC(112) Pause Relocate Start 0.006ms
[340.640s][info][gc,phases   ] GC(112) Concurrent Relocate 3.116ms
[340.640s][info][gc,load     ] GC(112) Load: 0.00/0.00/0.00
[340.640s][info][gc,mmu      ] GC(112) MMU: 2ms/96.7%, 5ms/98.7%, 10ms/99.3%, 20ms/99.6%, 50ms/99.8%, 100ms/99.9%
[340.640s][info][gc,marking  ] GC(112) Mark: 8 stripe(s), 2 proactive flush(es), 1 terminate flush(es), 0 completion(s), 0 continuation(s) 
[340.640s][info][gc,marking  ] GC(112) Mark Stack Usage: 32M
[340.640s][info][gc,nmethod  ] GC(112) NMethods: 2340 registered, 20 unregistered
[340.640s][info][gc,metaspace] GC(112) Metaspace: 13M used, 14M committed, 1088M reserved
[340.640s][info][gc,ref      ] GC(112) Soft: 211 encountered, 0 discovered, 0 enqueued
[340.640s][info][gc,ref      ] GC(112) Weak: 723 encountered, 124 discovered, 0 enqueued
[340.640s][info][gc,ref      ] GC(112) Final: 0 encountered, 0 discovered, 0 enqueued
[340.640s][info][gc,ref      ] GC(112) Phantom: 59 encountered, 36 discovered, 0 enqueued
[340.640s][info][gc,reloc    ] GC(112) Small Pages: 1859 / 3718M, Empty: 3424M, Relocated: 6M, In-Place: 0
[340.640s][info][gc,reloc    ] GC(112) Medium Pages: 0 / 0M, Empty: 0M, Relocated: 0M, In-Place: 0
[340.640s][info][gc,reloc    ] GC(112) Large Pages: 0 / 0M, Empty: 0M, Relocated: 0M, In-Place: 0
[340.640s][info][gc,reloc    ] GC(112) Forwarding Usage: 1M
[340.640s][info][gc,heap     ] GC(112) Min Capacity: 8M(0%)
[340.640s][info][gc,heap     ] GC(112) Max Capacity: 30718M(100%)
[340.640s][info][gc,heap     ] GC(112) Soft Max Capacity: 30718M(100%)
[340.640s][info][gc,heap     ] GC(112)                Mark Start          Mark End        Relocate Start      Relocate End           High               Low         
[340.640s][info][gc,heap     ] GC(112)  Capacity:    20042M (65%)       20042M (65%)       20042M (65%)       20042M (65%)       20042M (65%)       20042M (65%)    
[340.640s][info][gc,heap     ] GC(112)      Free:    27000M (88%)       26916M (88%)       30336M (99%)       30596M (100%)      30596M (100%)      26912M (88%)    
[340.640s][info][gc,heap     ] GC(112)      Used:     3718M (12%)        3802M (12%)         382M (1%)          122M (0%)         3806M (12%)         122M (0%)     
[340.640s][info][gc,heap     ] GC(112)      Live:         -                 9M (0%)            9M (0%)            9M (0%)             -                  -          
[340.640s][info][gc,heap     ] GC(112) Allocated:         -                84M (0%)           88M (0%)           92M (0%)             -                  -          
[340.640s][info][gc,heap     ] GC(112)   Garbage:         -              3708M (12%)         284M (1%)           20M (0%)             -                  -          
[340.640s][info][gc,heap     ] GC(112) Reclaimed:         -                  -              3424M (11%)        3688M (12%)            -                  -          
[340.640s][info][gc          ] GC(112) Garbage Collection (Proactive) 3718M(12%)->122M(0%)
[342.516s][info][gc,start    ] GC(113) Garbage Collection (Proactive)
[342.516s][info][gc,task     ] GC(113) Using 12 workers
[342.516s][info][gc,phases   ] GC(113) Pause Mark Start 0.015ms
[342.522s][info][gc,phases   ] GC(113) Concurrent Mark 5.622ms
[342.522s][info][gc,phases   ] GC(113) Pause Mark End 0.018ms
[342.522s][info][gc,phases   ] GC(113) Concurrent Mark Free 0.001ms
[342.532s][info][gc,phases   ] GC(113) Concurrent Process Non-Strong References 10.352ms
[342.532s][info][gc,phases   ] GC(113) Concurrent Reset Relocation Set 0.021ms
[342.536s][info][gc,phases   ] GC(113) Concurrent Select Relocation Set 3.575ms
[342.536s][info][gc,phases   ] GC(113) Pause Relocate Start 0.006ms
[342.539s][info][gc,phases   ] GC(113) Concurrent Relocate 2.978ms
[342.539s][info][gc,load     ] GC(113) Load: 0.00/0.00/0.00
[342.539s][info][gc,mmu      ] GC(113) MMU: 2ms/96.7%, 5ms/98.7%, 10ms/99.3%, 20ms/99.6%, 50ms/99.8%, 100ms/99.9%
[342.539s][info][gc,marking  ] GC(113) Mark: 8 stripe(s), 2 proactive flush(es), 1 terminate flush(es), 0 completion(s), 0 continuation(s) 
[342.539s][info][gc,marking  ] GC(113) Mark Stack Usage: 32M
[342.539s][info][gc,nmethod  ] GC(113) NMethods: 2340 registered, 20 unregistered
[342.539s][info][gc,metaspace] GC(113) Metaspace: 13M used, 14M committed, 1088M reserved
[342.539s][info][gc,ref      ] GC(113) Soft: 211 encountered, 0 discovered, 0 enqueued
[342.539s][info][gc,ref      ] GC(113) Weak: 723 encountered, 240 discovered, 0 enqueued
[342.539s][info][gc,ref      ] GC(113) Final: 0 encountered, 0 discovered, 0 enqueued
[342.539s][info][gc,ref      ] GC(113) Phantom: 59 encountered, 42 discovered, 0 enqueued
[342.539s][info][gc,reloc    ] GC(113) Small Pages: 1618 / 3236M, Empty: 2940M, Relocated: 6M, In-Place: 0
[342.539s][info][gc,reloc    ] GC(113) Medium Pages: 0 / 0M, Empty: 0M, Relocated: 0M, In-Place: 0
[342.539s][info][gc,reloc    ] GC(113) Large Pages: 0 / 0M, Empty: 0M, Relocated: 0M, In-Place: 0
[342.539s][info][gc,reloc    ] GC(113) Forwarding Usage: 1M
[342.539s][info][gc,heap     ] GC(113) Min Capacity: 8M(0%)
[342.539s][info][gc,heap     ] GC(113) Max Capacity: 30718M(100%)
[342.539s][info][gc,heap     ] GC(113) Soft Max Capacity: 30718M(100%)
[342.539s][info][gc,heap     ] GC(113)                Mark Start          Mark End        Relocate Start      Relocate End           High               Low         
[342.539s][info][gc,heap     ] GC(113)  Capacity:    20042M (65%)       20042M (65%)       20042M (65%)       20042M (65%)       20042M (65%)       20042M (65%)    
[342.539s][info][gc,heap     ] GC(113)      Free:    27482M (89%)       27404M (89%)       30330M (99%)       30592M (100%)      30592M (100%)      27392M (89%)    
[342.540s][info][gc,heap     ] GC(113)      Used:     3236M (11%)        3314M (11%)         388M (1%)          126M (0%)         3326M (11%)         126M (0%)     
[342.540s][info][gc,heap     ] GC(113)      Live:         -                 9M (0%)            9M (0%)            9M (0%)             -                  -          
[342.540s][info][gc,heap     ] GC(113) Allocated:         -                78M (0%)           92M (0%)           96M (0%)             -                  -          
[342.540s][info][gc,heap     ] GC(113)   Garbage:         -              3226M (11%)         286M (1%)           19M (0%)             -                  -          
[342.540s][info][gc,heap     ] GC(113) Reclaimed:         -                  -              2940M (10%)        3206M (10%)            -                  -          
[342.540s][info][gc          ] GC(113) Garbage Collection (Proactive) 3236M(11%)->126M(0%)
[344.216s][info][gc,start    ] GC(114) Garbage Collection (Proactive)
[344.216s][info][gc,task     ] GC(114) Using 12 workers
[344.216s][info][gc,phases   ] GC(114) Pause Mark Start 0.011ms
[344.224s][info][gc,phases   ] GC(114) Concurrent Mark 7.651ms
[344.224s][info][gc,phases   ] GC(114) Pause Mark End 0.018ms
[344.224s][info][gc,phases   ] GC(114) Concurrent Mark Free 0.001ms
[344.233s][info][gc,phases   ] GC(114) Concurrent Process Non-Strong References 8.700ms
[344.233s][info][gc,phases   ] GC(114) Concurrent Reset Relocation Set 0.019ms
[344.238s][info][gc,phases   ] GC(114) Concurrent Select Relocation Set 5.504ms
[344.238s][info][gc,phases   ] GC(114) Pause Relocate Start 0.008ms
[344.242s][info][gc,phases   ] GC(114) Concurrent Relocate 4.032ms
[344.243s][info][gc,load     ] GC(114) Load: 0.00/0.00/0.00
[344.243s][info][gc,mmu      ] GC(114) MMU: 2ms/96.7%, 5ms/98.7%, 10ms/99.3%, 20ms/99.6%, 50ms/99.8%, 100ms/99.9%
[344.243s][info][gc,marking  ] GC(114) Mark: 8 stripe(s), 4 proactive flush(es), 1 terminate flush(es), 0 completion(s), 0 continuation(s) 
[344.243s][info][gc,marking  ] GC(114) Mark Stack Usage: 32M
[344.243s][info][gc,nmethod  ] GC(114) NMethods: 2340 registered, 20 unregistered
[344.243s][info][gc,metaspace] GC(114) Metaspace: 13M used, 14M committed, 1088M reserved
[344.243s][info][gc,ref      ] GC(114) Soft: 211 encountered, 0 discovered, 0 enqueued
[344.243s][info][gc,ref      ] GC(114) Weak: 723 encountered, 87 discovered, 0 enqueued
[344.243s][info][gc,ref      ] GC(114) Final: 0 encountered, 0 discovered, 0 enqueued
[344.243s][info][gc,ref      ] GC(114) Phantom: 59 encountered, 35 discovered, 0 enqueued
[344.243s][info][gc,reloc    ] GC(114) Small Pages: 1627 / 3254M, Empty: 2960M, Relocated: 8M, In-Place: 0
[344.243s][info][gc,reloc    ] GC(114) Medium Pages: 0 / 0M, Empty: 0M, Relocated: 0M, In-Place: 0
[344.243s][info][gc,reloc    ] GC(114) Large Pages: 0 / 0M, Empty: 0M, Relocated: 0M, In-Place: 0
[344.243s][info][gc,reloc    ] GC(114) Forwarding Usage: 1M
[344.243s][info][gc,heap     ] GC(114) Min Capacity: 8M(0%)
[344.243s][info][gc,heap     ] GC(114) Max Capacity: 30718M(100%)
[344.243s][info][gc,heap     ] GC(114) Soft Max Capacity: 30718M(100%)
[344.243s][info][gc,heap     ] GC(114)                Mark Start          Mark End        Relocate Start      Relocate End           High               Low         
[344.243s][info][gc,heap     ] GC(114)  Capacity:    20042M (65%)       20042M (65%)       20042M (65%)       20042M (65%)       20042M (65%)       20042M (65%)    
[344.243s][info][gc,heap     ] GC(114)      Free:    27464M (89%)       27376M (89%)       30330M (99%)       30594M (100%)      30594M (100%)      27372M (89%)    
[344.243s][info][gc,heap     ] GC(114)      Used:     3254M (11%)        3342M (11%)         388M (1%)          124M (0%)         3346M (11%)         124M (0%)     
[344.243s][info][gc,heap     ] GC(114)      Live:         -                 9M (0%)            9M (0%)            9M (0%)             -                  -          
[344.243s][info][gc,heap     ] GC(114) Allocated:         -                88M (0%)           94M (0%)           96M (0%)             -                  -          
[344.243s][info][gc,heap     ] GC(114)   Garbage:         -              3244M (11%)         284M (1%)           17M (0%)             -                  -          
[344.243s][info][gc,heap     ] GC(114) Reclaimed:         -                  -              2960M (10%)        3226M (11%)            -                  -          
[344.243s][info][gc          ] GC(114) Garbage Collection (Proactive) 3254M(11%)->124M(0%)
[346.016s][info][gc,start    ] GC(115) Garbage Collection (Proactive)
[346.016s][info][gc,task     ] GC(115) Using 12 workers
[346.016s][info][gc,phases   ] GC(115) Pause Mark Start 0.011ms
[346.022s][info][gc,phases   ] GC(115) Concurrent Mark 5.797ms
[346.022s][info][gc,phases   ] GC(115) Pause Mark End 0.018ms
[346.022s][info][gc,phases   ] GC(115) Concurrent Mark Free 0.001ms
[346.033s][info][gc,phases   ] GC(115) Concurrent Process Non-Strong References 10.767ms
[346.033s][info][gc,phases   ] GC(115) Concurrent Reset Relocation Set 0.021ms
[346.036s][info][gc,phases   ] GC(115) Concurrent Select Relocation Set 3.492ms
[346.043s][info][gc,phases   ] GC(115) Pause Relocate Start 0.008ms
[346.046s][info][gc,phases   ] GC(115) Concurrent Relocate 3.296ms
[346.046s][info][gc,load     ] GC(115) Load: 0.00/0.00/0.00
[346.046s][info][gc,mmu      ] GC(115) MMU: 2ms/96.7%, 5ms/98.7%, 10ms/99.3%, 20ms/99.6%, 50ms/99.8%, 100ms/99.9%
[346.046s][info][gc,marking  ] GC(115) Mark: 8 stripe(s), 2 proactive flush(es), 1 terminate flush(es), 0 completion(s), 0 continuation(s) 
[346.046s][info][gc,marking  ] GC(115) Mark Stack Usage: 32M
[346.046s][info][gc,nmethod  ] GC(115) NMethods: 2340 registered, 20 unregistered
[346.046s][info][gc,metaspace] GC(115) Metaspace: 13M used, 14M committed, 1088M reserved
[346.046s][info][gc,ref      ] GC(115) Soft: 211 encountered, 0 discovered, 0 enqueued
[346.046s][info][gc,ref      ] GC(115) Weak: 723 encountered, 316 discovered, 0 enqueued
[346.047s][info][gc,ref      ] GC(115) Final: 0 encountered, 0 discovered, 0 enqueued
[346.047s][info][gc,ref      ] GC(115) Phantom: 59 encountered, 32 discovered, 0 enqueued
[346.047s][info][gc,reloc    ] GC(115) Small Pages: 1603 / 3206M, Empty: 2904M, Relocated: 8M, In-Place: 0
[346.047s][info][gc,reloc    ] GC(115) Medium Pages: 0 / 0M, Empty: 0M, Relocated: 0M, In-Place: 0
[346.047s][info][gc,reloc    ] GC(115) Large Pages: 0 / 0M, Empty: 0M, Relocated: 0M, In-Place: 0
[346.047s][info][gc,reloc    ] GC(115) Forwarding Usage: 1M
[346.047s][info][gc,heap     ] GC(115) Min Capacity: 8M(0%)
[346.047s][info][gc,heap     ] GC(115) Max Capacity: 30718M(100%)
[346.047s][info][gc,heap     ] GC(115) Soft Max Capacity: 30718M(100%)
[346.047s][info][gc,heap     ] GC(115)                Mark Start          Mark End        Relocate Start      Relocate End           High               Low         
[346.047s][info][gc,heap     ] GC(115)  Capacity:    20042M (65%)       20042M (65%)       20042M (65%)       20042M (65%)       20042M (65%)       20042M (65%)    
[346.047s][info][gc,heap     ] GC(115)      Free:    27512M (90%)       27428M (89%)       30326M (99%)       30596M (100%)      30596M (100%)      27422M (89%)    
[346.047s][info][gc,heap     ] GC(115)      Used:     3206M (10%)        3290M (11%)         392M (1%)          122M (0%)         3296M (11%)         122M (0%)     
[346.047s][info][gc,heap     ] GC(115)      Live:         -                10M (0%)           10M (0%)           10M (0%)             -                  -          
[346.047s][info][gc,heap     ] GC(115) Allocated:         -                84M (0%)           90M (0%)           94M (0%)             -                  -          
[346.047s][info][gc,heap     ] GC(115)   Garbage:         -              3195M (10%)         291M (1%)           17M (0%)             -                  -          
[346.047s][info][gc,heap     ] GC(115) Reclaimed:         -                  -              2904M (9%)         3178M (10%)            -                  -          
[346.047s][info][gc          ] GC(115) Garbage Collection (Proactive) 3206M(10%)->122M(0%)
[348.026s][info][gc,start    ] GC(116) Garbage Collection (Proactive)
[348.026s][info][gc,task     ] GC(116) Using 12 workers
[348.386s][info][gc,phases   ] GC(116) Pause Mark Start 0.016ms
[348.405s][info][gc          ] GC(116) Garbage Collection (Proactive) Aborted
[348.405s][info][gc,heap,exit] Heap
[348.405s][info][gc,heap,exit]  ZHeap           used 3450M, capacity 20042M, max capacity 30718M
[348.405s][info][gc,heap,exit]  Metaspace       used 14300K, committed 15040K, reserved 1114112K
[348.405s][info][gc,heap,exit]   class space    used 1948K, committed 2304K, reserved 1048576K
