[0.015s][info][gc,init] CardTable entry size: 512
[0.016s][info][gc     ] Using G1
[0.027s][info][gc,init] Version: 20+36-2344 (release)
[0.027s][info][gc,init] CPUs: 48 total, 48 available
[0.027s][info][gc,init] Memory: 382G
[0.027s][info][gc,init] Large Page Support: Disabled
[0.027s][info][gc,init] NUMA Support: Disabled
[0.027s][info][gc,init] Compressed Oops: Enabled (Zero based)
[0.027s][info][gc,init] Heap Region Size: 16M
[0.027s][info][gc,init] Heap Min Capacity: 16M
[0.027s][info][gc,init] Heap Initial Capacity: 2G
[0.027s][info][gc,init] Heap Max Capacity: 30208M
[0.034s][info][gc,init] Pre-touch: Disabled
[0.035s][info][gc,init] Parallel Workers: 33
[0.035s][info][gc,init] Concurrent Workers: 8
[0.035s][info][gc,init] Concurrent Refinement Workers: 33
[0.035s][info][gc,init] Periodic GC: Disabled
[0.036s][info][gc,metaspace] CDS archive(s) mapped at: [0x0000000800000000-0x0000000800c60000-0x0000000800c60000), size 12976128, SharedBaseAddress: 0x0000000800000000, ArchiveRelocationMode: 0.
[0.036s][info][gc,metaspace] Compressed class space mapped at: 0x0000000801000000-0x0000000841000000, reserved size: 1073741824
[0.036s][info][gc,metaspace] Narrow klass base: 0x0000000800000000, Narrow klass shift: 0, Narrow klass range: 0x100000000
[9.768s][info][gc,start    ] GC(0) Pause Young (Normal) (G1 Evacuation Pause)
[9.771s][info][gc,task     ] GC(0) Using 33 workers of 33 for evacuation
[9.789s][info][gc,phases   ] GC(0)   Pre Evacuate Collection Set: 0.2ms
[9.789s][info][gc,phases   ] GC(0)   Merge Heap Roots: 0.6ms
[9.789s][info][gc,phases   ] GC(0)   Evacuate Collection Set: 16.3ms
[9.789s][info][gc,phases   ] GC(0)   Post Evacuate Collection Set: 1.0ms
[9.789s][info][gc,phases   ] GC(0)   Other: 2.2ms
[9.789s][info][gc,heap     ] GC(0) Eden regions: 6->0(5)
[9.789s][info][gc,heap     ] GC(0) Survivor regions: 0->1(1)
[9.789s][info][gc,heap     ] GC(0) Old regions: 0->1
[9.789s][info][gc,heap     ] GC(0) Archive regions: 0->0
[9.789s][info][gc,heap     ] GC(0) Humongous regions: 0->0
[9.789s][info][gc,metaspace] GC(0) Metaspace: 20346K(20672K)->20346K(20672K) NonClass: 17761K(17920K)->17761K(17920K) Class: 2584K(2752K)->2584K(2752K)
[9.789s][info][gc          ] GC(0) Pause Young (Normal) (G1 Evacuation Pause) 96M->17M(2048M) 20.941ms
[9.789s][info][gc,cpu      ] GC(0) User=0.11s Sys=0.42s Real=0.03s
[9.849s][info][gc,start    ] GC(1) Pause Young (Concurrent Start) (Metadata GC Threshold)
[9.849s][info][gc,task     ] GC(1) Using 33 workers of 33 for evacuation
[9.864s][info][gc,phases   ] GC(1)   Pre Evacuate Collection Set: 0.3ms
[9.864s][info][gc,phases   ] GC(1)   Merge Heap Roots: 0.2ms
[9.864s][info][gc,phases   ] GC(1)   Evacuate Collection Set: 13.1ms
[9.864s][info][gc,phases   ] GC(1)   Post Evacuate Collection Set: 1.0ms
[9.864s][info][gc,phases   ] GC(1)   Other: 0.1ms
[9.864s][info][gc,heap     ] GC(1) Eden regions: 1->0(5)
[9.864s][info][gc,heap     ] GC(1) Survivor regions: 1->1(1)
[9.864s][info][gc,heap     ] GC(1) Old regions: 1->2
[9.864s][info][gc,heap     ] GC(1) Archive regions: 0->0
[9.864s][info][gc,heap     ] GC(1) Humongous regions: 0->0
[9.864s][info][gc,metaspace] GC(1) Metaspace: 21282K(21504K)->21282K(21504K) NonClass: 18563K(18688K)->18563K(18688K) Class: 2718K(2816K)->2718K(2816K)
[9.864s][info][gc          ] GC(1) Pause Young (Concurrent Start) (Metadata GC Threshold) 22M->19M(2048M) 15.279ms
[9.864s][info][gc          ] GC(2) Concurrent Mark Cycle
[9.864s][info][gc,cpu      ] GC(1) User=0.08s Sys=0.44s Real=0.02s
[9.864s][info][gc,marking  ] GC(2) Concurrent Scan Root Regions
[9.870s][info][gc,marking  ] GC(2) Concurrent Scan Root Regions 6.431ms
[9.870s][info][gc,marking  ] GC(2) Concurrent Mark
[9.870s][info][gc,marking  ] GC(2) Concurrent Mark From Roots
[9.871s][info][gc,task     ] GC(2) Using 8 workers of 8 for marking
[9.875s][info][gc,marking  ] GC(2) Concurrent Mark From Roots 4.292ms
[9.875s][info][gc,marking  ] GC(2) Concurrent Preclean
[9.875s][info][gc,marking  ] GC(2) Concurrent Preclean 0.013ms
[9.875s][info][gc,start    ] GC(2) Pause Remark
[9.878s][info][gc          ] GC(2) Pause Remark 22M->22M(224M) 3.387ms
[9.878s][info][gc,cpu      ] GC(2) User=0.00s Sys=0.00s Real=0.00s
[9.878s][info][gc,marking  ] GC(2) Concurrent Mark 7.945ms
[9.878s][info][gc,marking  ] GC(2) Concurrent Rebuild Remembered Sets and Scrub Regions
[9.887s][info][gc,marking  ] GC(2) Concurrent Rebuild Remembered Sets and Scrub Regions 8.152ms
[9.887s][info][gc,start    ] GC(2) Pause Cleanup
[9.887s][info][gc          ] GC(2) Pause Cleanup 22M->22M(224M) 0.128ms
[9.887s][info][gc,cpu      ] GC(2) User=0.00s Sys=0.00s Real=0.00s
[9.887s][info][gc,marking  ] GC(2) Concurrent Clear Claimed Marks
[9.887s][info][gc,marking  ] GC(2) Concurrent Clear Claimed Marks 0.078ms
[9.887s][info][gc,marking  ] GC(2) Concurrent Cleanup for Next Mark
[9.889s][info][gc,marking  ] GC(2) Concurrent Cleanup for Next Mark 1.605ms
[9.889s][info][gc          ] GC(2) Concurrent Mark Cycle 24.756ms
[10.844s][info][gc,start    ] GC(3) Pause Young (Prepare Mixed) (Metadata GC Threshold)
[10.844s][info][gc,task     ] GC(3) Using 19 workers of 33 for evacuation
[10.851s][info][gc,phases   ] GC(3)   Pre Evacuate Collection Set: 0.1ms
[10.851s][info][gc,phases   ] GC(3)   Merge Heap Roots: 0.1ms
[10.851s][info][gc,phases   ] GC(3)   Evacuate Collection Set: 5.6ms
[10.851s][info][gc,phases   ] GC(3)   Post Evacuate Collection Set: 0.8ms
[10.851s][info][gc,phases   ] GC(3)   Other: 0.1ms
[10.851s][info][gc,heap     ] GC(3) Eden regions: 5->0(7)
[10.851s][info][gc,heap     ] GC(3) Survivor regions: 1->1(1)
[10.851s][info][gc,heap     ] GC(3) Old regions: 2->2
[10.851s][info][gc,heap     ] GC(3) Archive regions: 0->0
[10.851s][info][gc,heap     ] GC(3) Humongous regions: 0->0
[10.851s][info][gc,metaspace] GC(3) Metaspace: 35943K(36288K)->35943K(36288K) NonClass: 31411K(31616K)->31411K(31616K) Class: 4532K(4672K)->4532K(4672K)
[10.851s][info][gc          ] GC(3) Pause Young (Prepare Mixed) (Metadata GC Threshold) 84M->24M(224M) 7.379ms
[10.851s][info][gc,cpu      ] GC(3) User=0.00s Sys=0.00s Real=0.00s
[10.868s][info][gc,start    ] GC(4) Pause Young (Mixed) (Metadata GC Threshold)
[10.869s][info][gc,task     ] GC(4) Using 12 workers of 33 for evacuation
[10.874s][info][gc,phases   ] GC(4)   Pre Evacuate Collection Set: 0.1ms
[10.875s][info][gc,phases   ] GC(4)   Merge Heap Roots: 0.1ms
[10.875s][info][gc,phases   ] GC(4)   Evacuate Collection Set: 4.7ms
[10.875s][info][gc,phases   ] GC(4)   Post Evacuate Collection Set: 0.8ms
[10.875s][info][gc,phases   ] GC(4)   Other: 0.1ms
[10.875s][info][gc,heap     ] GC(4) Eden regions: 1->0(7)
[10.875s][info][gc,heap     ] GC(4) Survivor regions: 1->1(1)
[10.875s][info][gc,heap     ] GC(4) Old regions: 2->2
[10.875s][info][gc,heap     ] GC(4) Archive regions: 0->0
[10.875s][info][gc,heap     ] GC(4) Humongous regions: 0->0
[10.875s][info][gc,metaspace] GC(4) Metaspace: 36263K(36608K)->36263K(36608K) NonClass: 31688K(31872K)->31688K(31872K) Class: 4574K(4736K)->4574K(4736K)
[10.875s][info][gc          ] GC(4) Pause Young (Mixed) (Metadata GC Threshold) 27M->24M(224M) 6.371ms
[10.875s][info][gc,cpu      ] GC(4) User=0.09s Sys=0.00s Real=0.02s
[10.908s][info][gc,start    ] GC(5) Pause Young (Concurrent Start) (Metadata GC Threshold)
[10.908s][info][gc,task     ] GC(5) Using 8 workers of 33 for evacuation
[10.914s][info][gc,phases   ] GC(5)   Pre Evacuate Collection Set: 0.2ms
[10.914s][info][gc,phases   ] GC(5)   Merge Heap Roots: 0.1ms
[10.914s][info][gc,phases   ] GC(5)   Evacuate Collection Set: 4.1ms
[10.914s][info][gc,phases   ] GC(5)   Post Evacuate Collection Set: 0.7ms
[10.914s][info][gc,phases   ] GC(5)   Other: 0.1ms
[10.914s][info][gc,heap     ] GC(5) Eden regions: 1->0(7)
[10.914s][info][gc,heap     ] GC(5) Survivor regions: 1->1(1)
[10.914s][info][gc,heap     ] GC(5) Old regions: 2->2
[10.914s][info][gc,heap     ] GC(5) Archive regions: 0->0
[10.914s][info][gc,heap     ] GC(5) Humongous regions: 0->0
[10.914s][info][gc,metaspace] GC(5) Metaspace: 36573K(36928K)->36573K(36928K) NonClass: 31954K(32128K)->31954K(32128K) Class: 4619K(4800K)->4619K(4800K)
[10.914s][info][gc          ] GC(5) Pause Young (Concurrent Start) (Metadata GC Threshold) 27M->24M(224M) 5.861ms
[10.914s][info][gc          ] GC(6) Concurrent Mark Cycle
[10.914s][info][gc,cpu      ] GC(5) User=0.00s Sys=0.00s Real=0.00s
[10.914s][info][gc,marking  ] GC(6) Concurrent Scan Root Regions
[10.925s][info][gc,marking  ] GC(6) Concurrent Scan Root Regions 10.992ms
[10.925s][info][gc,marking  ] GC(6) Concurrent Mark
[10.925s][info][gc,marking  ] GC(6) Concurrent Mark From Roots
[10.925s][info][gc,task     ] GC(6) Using 8 workers of 8 for marking
[10.947s][info][gc,marking  ] GC(6) Concurrent Mark From Roots 21.392ms
[10.947s][info][gc,marking  ] GC(6) Concurrent Preclean
[10.947s][info][gc,marking  ] GC(6) Concurrent Preclean 0.082ms
[10.947s][info][gc,start    ] GC(6) Pause Remark
[10.951s][info][gc          ] GC(6) Pause Remark 29M->29M(224M) 4.266ms
[10.951s][info][gc,cpu      ] GC(6) User=0.00s Sys=0.00s Real=0.00s
[10.952s][info][gc,marking  ] GC(6) Concurrent Mark 26.199ms
[10.952s][info][gc,marking  ] GC(6) Concurrent Rebuild Remembered Sets and Scrub Regions
[10.960s][info][gc,marking  ] GC(6) Concurrent Rebuild Remembered Sets and Scrub Regions 8.926ms
[10.961s][info][gc,start    ] GC(6) Pause Cleanup
[10.961s][info][gc          ] GC(6) Pause Cleanup 29M->29M(224M) 0.101ms
[10.961s][info][gc,cpu      ] GC(6) User=0.00s Sys=0.00s Real=0.00s
[10.961s][info][gc,marking  ] GC(6) Concurrent Clear Claimed Marks
[10.961s][info][gc,marking  ] GC(6) Concurrent Clear Claimed Marks 0.044ms
[10.961s][info][gc,marking  ] GC(6) Concurrent Cleanup for Next Mark
[10.961s][info][gc,marking  ] GC(6) Concurrent Cleanup for Next Mark 0.243ms
[10.961s][info][gc          ] GC(6) Concurrent Mark Cycle 46.948ms
[11.322s][info][gc,start    ] GC(7) Pause Young (Prepare Mixed) (G1 Evacuation Pause)
[11.322s][info][gc,task     ] GC(7) Using 6 workers of 33 for evacuation
[11.338s][info][gc,phases   ] GC(7)   Pre Evacuate Collection Set: 0.1ms
[11.338s][info][gc,phases   ] GC(7)   Merge Heap Roots: 0.1ms
[11.338s][info][gc,phases   ] GC(7)   Evacuate Collection Set: 14.6ms
[11.338s][info][gc,phases   ] GC(7)   Post Evacuate Collection Set: 0.7ms
[11.338s][info][gc,phases   ] GC(7)   Other: 0.1ms
[11.338s][info][gc,heap     ] GC(7) Eden regions: 7->0(7)
[11.338s][info][gc,heap     ] GC(7) Survivor regions: 1->1(1)
[11.338s][info][gc,heap     ] GC(7) Old regions: 2->2
[11.338s][info][gc,heap     ] GC(7) Archive regions: 0->0
[11.338s][info][gc,heap     ] GC(7) Humongous regions: 0->0
[11.338s][info][gc,metaspace] GC(7) Metaspace: 42071K(42496K)->42071K(42496K) NonClass: 36802K(37056K)->36802K(37056K) Class: 5268K(5440K)->5268K(5440K)
[11.338s][info][gc          ] GC(7) Pause Young (Prepare Mixed) (G1 Evacuation Pause) 136M->33M(224M) 16.248ms
[11.338s][info][gc,cpu      ] GC(7) User=0.08s Sys=0.02s Real=0.02s
[11.434s][info][gc,start    ] GC(8) Pause Young (Mixed) (G1 Evacuation Pause)
[11.434s][info][gc,task     ] GC(8) Using 5 workers of 33 for evacuation
[11.454s][info][gc,phases   ] GC(8)   Pre Evacuate Collection Set: 0.1ms
[11.454s][info][gc,phases   ] GC(8)   Merge Heap Roots: 0.1ms
[11.454s][info][gc,phases   ] GC(8)   Evacuate Collection Set: 19.3ms
[11.454s][info][gc,phases   ] GC(8)   Post Evacuate Collection Set: 0.3ms
[11.454s][info][gc,phases   ] GC(8)   Other: 0.1ms
[11.454s][info][gc,heap     ] GC(8) Eden regions: 7->0(7)
[11.454s][info][gc,heap     ] GC(8) Survivor regions: 1->1(1)
[11.454s][info][gc,heap     ] GC(8) Old regions: 2->3
[11.454s][info][gc,heap     ] GC(8) Archive regions: 0->0
[11.454s][info][gc,heap     ] GC(8) Humongous regions: 0->0
[11.454s][info][gc,metaspace] GC(8) Metaspace: 42071K(42496K)->42071K(42496K) NonClass: 36802K(37056K)->36802K(37056K) Class: 5268K(5440K)->5268K(5440K)
[11.454s][info][gc          ] GC(8) Pause Young (Mixed) (G1 Evacuation Pause) 145M->43M(224M) 20.502ms
[11.455s][info][gc,cpu      ] GC(8) User=0.19s Sys=0.00s Real=0.03s
[11.544s][info][gc,start    ] GC(9) Pause Young (Normal) (G1 Evacuation Pause)
[11.544s][info][gc,task     ] GC(9) Using 5 workers of 33 for evacuation
[11.560s][info][gc,phases   ] GC(9)   Pre Evacuate Collection Set: 0.1ms
[11.560s][info][gc,phases   ] GC(9)   Merge Heap Roots: 0.1ms
[11.560s][info][gc,phases   ] GC(9)   Evacuate Collection Set: 15.0ms
[11.560s][info][gc,phases   ] GC(9)   Post Evacuate Collection Set: 0.6ms
[11.560s][info][gc,phases   ] GC(9)   Other: 0.1ms
[11.560s][info][gc,heap     ] GC(9) Eden regions: 7->0(7)
[11.560s][info][gc,heap     ] GC(9) Survivor regions: 1->1(1)
[11.560s][info][gc,heap     ] GC(9) Old regions: 3->3
[11.560s][info][gc,heap     ] GC(9) Archive regions: 0->0
[11.560s][info][gc,heap     ] GC(9) Humongous regions: 0->0
[11.560s][info][gc,metaspace] GC(9) Metaspace: 42077K(42496K)->42077K(42496K) NonClass: 36806K(37056K)->36806K(37056K) Class: 5270K(5440K)->5270K(5440K)
[11.560s][info][gc          ] GC(9) Pause Young (Normal) (G1 Evacuation Pause) 155M->54M(224M) 16.378ms
[11.560s][info][gc,cpu      ] GC(9) User=0.02s Sys=0.00s Real=0.01s
[11.649s][info][gc,start    ] GC(10) Pause Young (Normal) (G1 Evacuation Pause)
[11.649s][info][gc,task     ] GC(10) Using 5 workers of 33 for evacuation
[11.675s][info][gc,phases   ] GC(10)   Pre Evacuate Collection Set: 0.1ms
[11.675s][info][gc,phases   ] GC(10)   Merge Heap Roots: 0.1ms
[11.675s][info][gc,phases   ] GC(10)   Evacuate Collection Set: 18.9ms
[11.675s][info][gc,phases   ] GC(10)   Post Evacuate Collection Set: 6.8ms
[11.675s][info][gc,phases   ] GC(10)   Other: 0.1ms
[11.675s][info][gc,heap     ] GC(10) Eden regions: 7->0(41)
[11.675s][info][gc,heap     ] GC(10) Survivor regions: 1->1(1)
[11.675s][info][gc,heap     ] GC(10) Old regions: 3->4
[11.675s][info][gc,heap     ] GC(10) Archive regions: 0->0
[11.675s][info][gc,heap     ] GC(10) Humongous regions: 0->0
[11.675s][info][gc,metaspace] GC(10) Metaspace: 42077K(42496K)->42077K(42496K) NonClass: 36806K(37056K)->36806K(37056K) Class: 5270K(5440K)->5270K(5440K)
[11.675s][info][gc          ] GC(10) Pause Young (Normal) (G1 Evacuation Pause) 166M->66M(1136M) 26.399ms
[11.675s][info][gc,cpu      ] GC(10) User=0.08s Sys=0.02s Real=0.03s
[12.442s][info][gc,start    ] GC(11) Pause Young (Normal) (G1 Evacuation Pause)
[12.442s][info][gc,task     ] GC(11) Using 27 workers of 33 for evacuation
[12.479s][info][gc,phases   ] GC(11)   Pre Evacuate Collection Set: 0.1ms
[12.479s][info][gc,phases   ] GC(11)   Merge Heap Roots: 0.2ms
[12.479s][info][gc,phases   ] GC(11)   Evacuate Collection Set: 35.8ms
[12.479s][info][gc,phases   ] GC(11)   Post Evacuate Collection Set: 0.3ms
[12.479s][info][gc,phases   ] GC(11)   Other: 0.1ms
[12.479s][info][gc,heap     ] GC(11) Eden regions: 41->0(30)
[12.479s][info][gc,heap     ] GC(11) Survivor regions: 1->5(6)
[12.479s][info][gc,heap     ] GC(11) Old regions: 4->4
[12.479s][info][gc,heap     ] GC(11) Archive regions: 0->0
[12.479s][info][gc,heap     ] GC(11) Humongous regions: 0->0
[12.479s][info][gc,metaspace] GC(11) Metaspace: 42077K(42496K)->42077K(42496K) NonClass: 36806K(37056K)->36806K(37056K) Class: 5270K(5440K)->5270K(5440K)
[12.479s][info][gc          ] GC(11) Pause Young (Normal) (G1 Evacuation Pause) 722M->127M(1136M) 36.903ms
[12.479s][info][gc,cpu      ] GC(11) User=0.36s Sys=0.48s Real=0.03s
[13.119s][info][gc,start    ] GC(12) Pause Full (System.gc())
[13.119s][info][gc,task     ] GC(12) Using 6 workers of 33 for full compaction
[13.120s][info][gc,phases,start] GC(12) Phase 1: Mark live objects
[13.135s][info][gc,phases      ] GC(12) Phase 1: Mark live objects 15.389ms
[13.135s][info][gc,phases,start] GC(12) Phase 2: Prepare compaction
[13.140s][info][gc,phases      ] GC(12) Phase 2: Prepare compaction 5.146ms
[13.141s][info][gc,phases,start] GC(12) Phase 3: Adjust pointers
[13.149s][info][gc,phases      ] GC(12) Phase 3: Adjust pointers 8.219ms
[13.149s][info][gc,phases,start] GC(12) Phase 4: Compact heap
[13.157s][info][gc,phases      ] GC(12) Phase 4: Compact heap 7.975ms
[13.167s][info][gc,heap        ] GC(12) Eden regions: 5->0(12)
[13.167s][info][gc,heap        ] GC(12) Survivor regions: 5->0(6)
[13.167s][info][gc,heap        ] GC(12) Old regions: 4->7
[13.167s][info][gc,heap        ] GC(12) Archive regions: 0->0
[13.167s][info][gc,heap        ] GC(12) Humongous regions: 0->0
[13.167s][info][gc,metaspace   ] GC(12) Metaspace: 47967K(48448K)->47967K(48448K) NonClass: 41875K(42176K)->41875K(42176K) Class: 6092K(6272K)->6092K(6272K)
[13.167s][info][gc             ] GC(12) Pause Full (System.gc()) 199M->25M(384M) 47.961ms
[13.167s][info][gc,cpu         ] GC(12) User=0.16s Sys=0.27s Real=0.05s
[13.962s][info][gc,start       ] GC(13) Pause Young (Normal) (G1 Evacuation Pause)
[13.962s][info][gc,task        ] GC(13) Using 9 workers of 33 for evacuation
[13.973s][info][gc,phases      ] GC(13)   Pre Evacuate Collection Set: 0.1ms
[13.973s][info][gc,phases      ] GC(13)   Merge Heap Roots: 0.2ms
[13.973s][info][gc,phases      ] GC(13)   Evacuate Collection Set: 9.5ms
[13.973s][info][gc,phases      ] GC(13)   Post Evacuate Collection Set: 0.7ms
[13.973s][info][gc,phases      ] GC(13)   Other: 0.1ms
[13.973s][info][gc,heap        ] GC(13) Eden regions: 12->0(11)
[13.973s][info][gc,heap        ] GC(13) Survivor regions: 0->2(2)
[13.973s][info][gc,heap        ] GC(13) Old regions: 7->7
[13.973s][info][gc,heap        ] GC(13) Archive regions: 0->0
[13.973s][info][gc,heap        ] GC(13) Humongous regions: 0->0
[13.973s][info][gc,metaspace   ] GC(13) Metaspace: 53847K(54528K)->53847K(54528K) NonClass: 47027K(47424K)->47027K(47424K) Class: 6819K(7104K)->6819K(7104K)
[13.973s][info][gc             ] GC(13) Pause Young (Normal) (G1 Evacuation Pause) 217M->44M(384M) 11.097ms
[13.973s][info][gc,cpu         ] GC(13) User=0.08s Sys=0.00s Real=0.02s
[14.100s][info][gc,start       ] GC(14) Pause Young (Normal) (G1 Evacuation Pause)
[14.100s][info][gc,task        ] GC(14) Using 9 workers of 33 for evacuation
[14.116s][info][gc,phases      ] GC(14)   Pre Evacuate Collection Set: 0.1ms
[14.116s][info][gc,phases      ] GC(14)   Merge Heap Roots: 0.1ms
[14.116s][info][gc,phases      ] GC(14)   Evacuate Collection Set: 15.0ms
[14.116s][info][gc,phases      ] GC(14)   Post Evacuate Collection Set: 0.7ms
[14.116s][info][gc,phases      ] GC(14)   Other: 0.1ms
[14.116s][info][gc,heap        ] GC(14) Eden regions: 11->0(11)
[14.116s][info][gc,heap        ] GC(14) Survivor regions: 2->2(2)
[14.116s][info][gc,heap        ] GC(14) Old regions: 7->7
[14.117s][info][gc,heap        ] GC(14) Archive regions: 0->0
[14.117s][info][gc,heap        ] GC(14) Humongous regions: 0->0
[14.117s][info][gc,metaspace   ] GC(14) Metaspace: 53869K(54528K)->53869K(54528K) NonClass: 47050K(47424K)->47050K(47424K) Class: 6819K(7104K)->6819K(7104K)
[14.117s][info][gc             ] GC(14) Pause Young (Normal) (G1 Evacuation Pause) 220M->54M(384M) 16.561ms
[14.117s][info][gc,cpu         ] GC(14) User=0.14s Sys=0.00s Real=0.02s
[14.230s][info][gc,start       ] GC(15) Pause Young (Normal) (G1 Evacuation Pause)
[14.230s][info][gc,task        ] GC(15) Using 9 workers of 33 for evacuation
[14.256s][info][gc,phases      ] GC(15)   Pre Evacuate Collection Set: 0.1ms
[14.256s][info][gc,phases      ] GC(15)   Merge Heap Roots: 0.1ms
[14.256s][info][gc,phases      ] GC(15)   Evacuate Collection Set: 21.4ms
[14.256s][info][gc,phases      ] GC(15)   Post Evacuate Collection Set: 4.1ms
[14.256s][info][gc,phases      ] GC(15)   Other: 0.1ms
[14.256s][info][gc,heap        ] GC(15) Eden regions: 11->0(43)
[14.256s][info][gc,heap        ] GC(15) Survivor regions: 2->2(2)
[14.256s][info][gc,heap        ] GC(15) Old regions: 7->8
[14.257s][info][gc,heap        ] GC(15) Archive regions: 0->0
[14.257s][info][gc,heap        ] GC(15) Humongous regions: 0->0
[14.257s][info][gc,metaspace   ] GC(15) Metaspace: 53877K(54528K)->53877K(54528K) NonClass: 47058K(47424K)->47058K(47424K) Class: 6819K(7104K)->6819K(7104K)
[14.257s][info][gc             ] GC(15) Pause Young (Normal) (G1 Evacuation Pause) 230M->69M(1216M) 26.259ms
[14.257s][info][gc,cpu         ] GC(15) User=0.28s Sys=0.00s Real=0.03s
[15.076s][info][gc,start       ] GC(16) Pause Young (Normal) (G1 Evacuation Pause)
[15.076s][info][gc,task        ] GC(16) Using 29 workers of 33 for evacuation
[15.123s][info][gc,phases      ] GC(16)   Pre Evacuate Collection Set: 0.1ms
[15.123s][info][gc,phases      ] GC(16)   Merge Heap Roots: 0.2ms
[15.123s][info][gc,phases      ] GC(16)   Evacuate Collection Set: 45.9ms
[15.123s][info][gc,phases      ] GC(16)   Post Evacuate Collection Set: 0.7ms
[15.123s][info][gc,phases      ] GC(16)   Other: 0.1ms
[15.123s][info][gc,heap        ] GC(16) Eden regions: 43->0(39)
[15.123s][info][gc,heap        ] GC(16) Survivor regions: 2->6(6)
[15.123s][info][gc,heap        ] GC(16) Old regions: 8->8
[15.123s][info][gc,heap        ] GC(16) Archive regions: 0->0
[15.123s][info][gc,heap        ] GC(16) Humongous regions: 0->0
[15.123s][info][gc,metaspace   ] GC(16) Metaspace: 55794K(56640K)->55794K(56640K) NonClass: 48666K(49152K)->48666K(49152K) Class: 7127K(7488K)->7127K(7488K)
[15.123s][info][gc             ] GC(16) Pause Young (Normal) (G1 Evacuation Pause) 757M->129M(1216M) 47.197ms
[15.123s][info][gc,cpu         ] GC(16) User=0.53s Sys=0.61s Real=0.05s
[15.333s][info][gc,start       ] GC(17) Pause Young (Normal) (G1 Evacuation Pause)
[15.333s][info][gc,task        ] GC(17) Using 29 workers of 33 for evacuation
[15.357s][info][gc,phases      ] GC(17)   Pre Evacuate Collection Set: 0.1ms
[15.357s][info][gc,phases      ] GC(17)   Merge Heap Roots: 0.2ms
[15.357s][info][gc,phases      ] GC(17)   Evacuate Collection Set: 23.2ms
[15.357s][info][gc,phases      ] GC(17)   Post Evacuate Collection Set: 0.4ms
[15.357s][info][gc,phases      ] GC(17)   Other: 0.1ms
[15.357s][info][gc,heap        ] GC(17) Eden regions: 39->0(43)
[15.357s][info][gc,heap        ] GC(17) Survivor regions: 6->2(6)
[15.357s][info][gc,heap        ] GC(17) Old regions: 8->14
[15.357s][info][gc,heap        ] GC(17) Archive regions: 0->0
[15.357s][info][gc,heap        ] GC(17) Humongous regions: 0->0
[15.357s][info][gc,metaspace   ] GC(17) Metaspace: 55804K(56640K)->55804K(56640K) NonClass: 48674K(49152K)->48674K(49152K) Class: 7130K(7488K)->7130K(7488K)
[15.357s][info][gc             ] GC(17) Pause Young (Normal) (G1 Evacuation Pause) 753M->155M(1216M) 24.306ms
[15.357s][info][gc,cpu         ] GC(17) User=0.47s Sys=0.00s Real=0.02s
[15.555s][info][gc,start       ] GC(18) Pause Young (Normal) (G1 Evacuation Pause)
[15.555s][info][gc,task        ] GC(18) Using 29 workers of 33 for evacuation
[15.575s][info][gc,phases      ] GC(18)   Pre Evacuate Collection Set: 0.2ms
[15.575s][info][gc,phases      ] GC(18)   Merge Heap Roots: 0.2ms
[15.575s][info][gc,phases      ] GC(18)   Evacuate Collection Set: 18.5ms
[15.575s][info][gc,phases      ] GC(18)   Post Evacuate Collection Set: 0.5ms
[15.575s][info][gc,phases      ] GC(18)   Other: 0.2ms
[15.575s][info][gc,heap        ] GC(18) Eden regions: 43->0(41)
[15.575s][info][gc,heap        ] GC(18) Survivor regions: 2->4(6)
[15.575s][info][gc,heap        ] GC(18) Old regions: 14->14
[15.575s][info][gc,heap        ] GC(18) Archive regions: 0->0
[15.575s][info][gc,heap        ] GC(18) Humongous regions: 0->0
[15.575s][info][gc,metaspace   ] GC(18) Metaspace: 55804K(56640K)->55804K(56640K) NonClass: 48674K(49152K)->48674K(49152K) Class: 7130K(7488K)->7130K(7488K)
[15.575s][info][gc             ] GC(18) Pause Young (Normal) (G1 Evacuation Pause) 843M->181M(1216M) 19.918ms
[15.575s][info][gc,cpu         ] GC(18) User=0.08s Sys=0.00s Real=0.02s
[15.799s][info][gc,start       ] GC(19) Pause Young (Normal) (G1 Evacuation Pause)
[15.799s][info][gc,task        ] GC(19) Using 29 workers of 33 for evacuation
[15.828s][info][gc,phases      ] GC(19)   Pre Evacuate Collection Set: 0.2ms
[15.828s][info][gc,phases      ] GC(19)   Merge Heap Roots: 0.2ms
[15.828s][info][gc,phases      ] GC(19)   Evacuate Collection Set: 22.1ms
[15.828s][info][gc,phases      ] GC(19)   Post Evacuate Collection Set: 6.2ms
[15.828s][info][gc,phases      ] GC(19)   Other: 0.1ms
[15.828s][info][gc,heap        ] GC(19) Eden regions: 41->0(87)
[15.828s][info][gc,heap        ] GC(19) Survivor regions: 4->4(6)
[15.828s][info][gc,heap        ] GC(19) Old regions: 14->15
[15.828s][info][gc,heap        ] GC(19) Archive regions: 0->0
[15.828s][info][gc,heap        ] GC(19) Humongous regions: 0->0
[15.828s][info][gc,metaspace   ] GC(19) Metaspace: 56043K(56896K)->56043K(56896K) NonClass: 48883K(49344K)->48883K(49344K) Class: 7160K(7552K)->7160K(7552K)
[15.828s][info][gc             ] GC(19) Pause Young (Normal) (G1 Evacuation Pause) 837M->205M(2432M) 29.203ms
[15.828s][info][gc,cpu         ] GC(19) User=0.56s Sys=0.00s Real=0.03s
[16.785s][info][gc,start       ] GC(20) Pause Full (System.gc())
[16.785s][info][gc,task        ] GC(20) Using 14 workers of 33 for full compaction
[16.786s][info][gc,phases,start] GC(20) Phase 1: Mark live objects
[16.830s][info][gc,phases      ] GC(20) Phase 1: Mark live objects 43.864ms
[16.830s][info][gc,phases,start] GC(20) Phase 2: Prepare compaction
[16.838s][info][gc,phases      ] GC(20) Phase 2: Prepare compaction 8.337ms
[16.838s][info][gc,phases,start] GC(20) Phase 3: Adjust pointers
[16.855s][info][gc,phases      ] GC(20) Phase 3: Adjust pointers 16.730ms
[16.855s][info][gc,phases,start] GC(20) Phase 4: Compact heap
[16.864s][info][gc,phases      ] GC(20) Phase 4: Compact heap 9.041ms
[16.879s][info][gc,heap        ] GC(20) Eden regions: 61->0(38)
[16.879s][info][gc,heap        ] GC(20) Survivor regions: 4->0(6)
[16.879s][info][gc,heap        ] GC(20) Old regions: 15->19
[16.879s][info][gc,heap        ] GC(20) Archive regions: 0->0
[16.879s][info][gc,heap        ] GC(20) Humongous regions: 0->0
[16.879s][info][gc,metaspace   ] GC(20) Metaspace: 58031K(58880K)->57985K(58880K) NonClass: 50625K(51072K)->50592K(51072K) Class: 7406K(7808K)->7392K(7808K)
[16.879s][info][gc             ] GC(20) Pause Full (System.gc()) 1181M->172M(1024M) 93.777ms
[16.879s][info][gc,cpu         ] GC(20) User=0.80s Sys=0.53s Real=0.09s
[17.223s][info][gc,start       ] GC(21) Pause Young (Normal) (G1 Evacuation Pause)
[17.223s][info][gc,task        ] GC(21) Using 24 workers of 33 for evacuation
[17.225s][info][gc,phases      ] GC(21)   Pre Evacuate Collection Set: 0.1ms
[17.225s][info][gc,phases      ] GC(21)   Merge Heap Roots: 0.1ms
[17.225s][info][gc,phases      ] GC(21)   Evacuate Collection Set: 0.7ms
[17.225s][info][gc,phases      ] GC(21)   Post Evacuate Collection Set: 0.8ms
[17.225s][info][gc,phases      ] GC(21)   Other: 0.1ms
[17.225s][info][gc,heap        ] GC(21) Eden regions: 38->0(37)
[17.225s][info][gc,heap        ] GC(21) Survivor regions: 0->1(5)
[17.225s][info][gc,heap        ] GC(21) Old regions: 19->19
[17.225s][info][gc,heap        ] GC(21) Archive regions: 0->0
[17.225s][info][gc,heap        ] GC(21) Humongous regions: 0->0
[17.225s][info][gc,metaspace   ] GC(21) Metaspace: 58325K(59200K)->58325K(59200K) NonClass: 50862K(51328K)->50862K(51328K) Class: 7462K(7872K)->7462K(7872K)
[17.225s][info][gc             ] GC(21) Pause Young (Normal) (G1 Evacuation Pause) 780M->179M(1024M) 2.464ms
[17.225s][info][gc,cpu         ] GC(21) User=0.00s Sys=0.00s Real=0.00s
[17.448s][info][gc,start       ] GC(22) Pause Young (Normal) (G1 Evacuation Pause)
[17.448s][info][gc,task        ] GC(22) Using 24 workers of 33 for evacuation
[17.450s][info][gc,phases      ] GC(22)   Pre Evacuate Collection Set: 0.1ms
[17.450s][info][gc,phases      ] GC(22)   Merge Heap Roots: 0.1ms
[17.450s][info][gc,phases      ] GC(22)   Evacuate Collection Set: 0.5ms
[17.450s][info][gc,phases      ] GC(22)   Post Evacuate Collection Set: 0.7ms
[17.450s][info][gc,phases      ] GC(22)   Other: 0.1ms
[17.450s][info][gc,heap        ] GC(22) Eden regions: 37->0(37)
[17.450s][info][gc,heap        ] GC(22) Survivor regions: 1->1(5)
[17.450s][info][gc,heap        ] GC(22) Old regions: 19->19
[17.450s][info][gc,heap        ] GC(22) Archive regions: 0->0
[17.450s][info][gc,heap        ] GC(22) Humongous regions: 0->0
[17.450s][info][gc,metaspace   ] GC(22) Metaspace: 58327K(59200K)->58327K(59200K) NonClass: 50865K(51328K)->50865K(51328K) Class: 7462K(7872K)->7462K(7872K)
[17.450s][info][gc             ] GC(22) Pause Young (Normal) (G1 Evacuation Pause) 771M->174M(1024M) 2.143ms
[17.450s][info][gc,cpu         ] GC(22) User=0.00s Sys=0.00s Real=0.00s
[17.665s][info][gc,start       ] GC(23) Pause Young (Normal) (G1 Evacuation Pause)
[17.665s][info][gc,task        ] GC(23) Using 24 workers of 33 for evacuation
[17.666s][info][gc,phases      ] GC(23)   Pre Evacuate Collection Set: 0.1ms
[17.666s][info][gc,phases      ] GC(23)   Merge Heap Roots: 0.2ms
[17.666s][info][gc,phases      ] GC(23)   Evacuate Collection Set: 0.7ms
[17.666s][info][gc,phases      ] GC(23)   Post Evacuate Collection Set: 0.6ms
[17.667s][info][gc,phases      ] GC(23)   Other: 0.1ms
[17.667s][info][gc,heap        ] GC(23) Eden regions: 37->0(37)
[17.667s][info][gc,heap        ] GC(23) Survivor regions: 1->1(5)
[17.667s][info][gc,heap        ] GC(23) Old regions: 19->19
[17.667s][info][gc,heap        ] GC(23) Archive regions: 0->0
[17.667s][info][gc,heap        ] GC(23) Humongous regions: 0->0
[17.667s][info][gc,metaspace   ] GC(23) Metaspace: 58327K(59200K)->58327K(59200K) NonClass: 50865K(51328K)->50865K(51328K) Class: 7462K(7872K)->7462K(7872K)
[17.667s][info][gc             ] GC(23) Pause Young (Normal) (G1 Evacuation Pause) 766M->172M(1024M) 2.209ms
[17.667s][info][gc,cpu         ] GC(23) User=0.00s Sys=0.00s Real=0.00s
[17.788s][info][gc,start       ] GC(24) Pause Full (System.gc())
[17.788s][info][gc,task        ] GC(24) Using 6 workers of 33 for full compaction
[17.788s][info][gc,phases,start] GC(24) Phase 1: Mark live objects
[17.854s][info][gc,phases      ] GC(24) Phase 1: Mark live objects 66.032ms
[17.854s][info][gc,phases,start] GC(24) Phase 2: Prepare compaction
[17.867s][info][gc,phases      ] GC(24) Phase 2: Prepare compaction 12.379ms
[17.867s][info][gc,phases,start] GC(24) Phase 3: Adjust pointers
[17.887s][info][gc,phases      ] GC(24) Phase 3: Adjust pointers 19.877ms
[17.887s][info][gc,phases,start] GC(24) Phase 4: Compact heap
[17.904s][info][gc,phases      ] GC(24) Phase 4: Compact heap 17.108ms
[17.912s][info][gc,heap        ] GC(24) Eden regions: 13->0(32)
[17.912s][info][gc,heap        ] GC(24) Survivor regions: 1->0(5)
[17.912s][info][gc,heap        ] GC(24) Old regions: 19->16
[17.912s][info][gc,heap        ] GC(24) Archive regions: 0->0
[17.912s][info][gc,heap        ] GC(24) Humongous regions: 0->0
[17.912s][info][gc,metaspace   ] GC(24) Metaspace: 58417K(59328K)->58417K(59328K) NonClass: 50955K(51456K)->50955K(51456K) Class: 7462K(7872K)->7462K(7872K)
[17.912s][info][gc             ] GC(24) Pause Full (System.gc()) 380M->172M(864M) 124.367ms
[17.912s][info][gc,cpu         ] GC(24) User=0.64s Sys=0.00s Real=0.13s
[18.258s][info][gc,start       ] GC(25) Pause Young (Normal) (G1 Evacuation Pause)
[18.258s][info][gc,task        ] GC(25) Using 20 workers of 33 for evacuation
[18.259s][info][gc,phases      ] GC(25)   Pre Evacuate Collection Set: 0.1ms
[18.259s][info][gc,phases      ] GC(25)   Merge Heap Roots: 0.1ms
[18.259s][info][gc,phases      ] GC(25)   Evacuate Collection Set: 0.4ms
[18.259s][info][gc,phases      ] GC(25)   Post Evacuate Collection Set: 0.6ms
[18.259s][info][gc,phases      ] GC(25)   Other: 0.1ms
[18.259s][info][gc,heap        ] GC(25) Eden regions: 32->0(31)
[18.259s][info][gc,heap        ] GC(25) Survivor regions: 0->1(4)
[18.259s][info][gc,heap        ] GC(25) Old regions: 16->16
[18.259s][info][gc,heap        ] GC(25) Archive regions: 0->0
[18.260s][info][gc,heap        ] GC(25) Humongous regions: 0->0
[18.260s][info][gc,metaspace   ] GC(25) Metaspace: 58486K(59392K)->58486K(59392K) NonClass: 51024K(51520K)->51024K(51520K) Class: 7462K(7872K)->7462K(7872K)
[18.260s][info][gc             ] GC(25) Pause Young (Normal) (G1 Evacuation Pause) 684M->172M(864M) 1.995ms
[18.260s][info][gc,cpu         ] GC(25) User=0.00s Sys=0.00s Real=0.00s
[18.428s][info][gc,start       ] GC(26) Pause Young (Normal) (G1 Evacuation Pause)
[18.428s][info][gc,task        ] GC(26) Using 20 workers of 33 for evacuation
[18.429s][info][gc,phases      ] GC(26)   Pre Evacuate Collection Set: 0.1ms
[18.429s][info][gc,phases      ] GC(26)   Merge Heap Roots: 0.1ms
[18.429s][info][gc,phases      ] GC(26)   Evacuate Collection Set: 0.4ms
[18.429s][info][gc,phases      ] GC(26)   Post Evacuate Collection Set: 0.7ms
[18.429s][info][gc,phases      ] GC(26)   Other: 0.3ms
[18.429s][info][gc,heap        ] GC(26) Eden regions: 31->0(31)
[18.430s][info][gc,heap        ] GC(26) Survivor regions: 1->1(4)
[18.430s][info][gc,heap        ] GC(26) Old regions: 16->16
[18.430s][info][gc,heap        ] GC(26) Archive regions: 0->0
[18.430s][info][gc,heap        ] GC(26) Humongous regions: 0->0
[18.430s][info][gc,metaspace   ] GC(26) Metaspace: 58486K(59392K)->58486K(59392K) NonClass: 51024K(51520K)->51024K(51520K) Class: 7462K(7872K)->7462K(7872K)
[18.430s][info][gc             ] GC(26) Pause Young (Normal) (G1 Evacuation Pause) 668M->172M(864M) 2.122ms
[18.430s][info][gc,cpu         ] GC(26) User=0.03s Sys=0.00s Real=0.02s
[18.600s][info][gc,start       ] GC(27) Pause Young (Normal) (G1 Evacuation Pause)
[18.600s][info][gc,task        ] GC(27) Using 20 workers of 33 for evacuation
[18.602s][info][gc,phases      ] GC(27)   Pre Evacuate Collection Set: 0.1ms
[18.602s][info][gc,phases      ] GC(27)   Merge Heap Roots: 0.1ms
[18.602s][info][gc,phases      ] GC(27)   Evacuate Collection Set: 0.4ms
[18.602s][info][gc,phases      ] GC(27)   Post Evacuate Collection Set: 0.6ms
[18.602s][info][gc,phases      ] GC(27)   Other: 0.2ms
[18.602s][info][gc,heap        ] GC(27) Eden regions: 31->0(31)
[18.602s][info][gc,heap        ] GC(27) Survivor regions: 1->1(4)
[18.602s][info][gc,heap        ] GC(27) Old regions: 16->16
[18.602s][info][gc,heap        ] GC(27) Archive regions: 0->0
[18.602s][info][gc,heap        ] GC(27) Humongous regions: 0->0
[18.602s][info][gc,metaspace   ] GC(27) Metaspace: 58486K(59392K)->58486K(59392K) NonClass: 51024K(51520K)->51024K(51520K) Class: 7462K(7872K)->7462K(7872K)
[18.602s][info][gc             ] GC(27) Pause Young (Normal) (G1 Evacuation Pause) 668M->172M(864M) 1.922ms
[18.602s][info][gc,cpu         ] GC(27) User=0.02s Sys=0.00s Real=0.02s
[18.823s][info][gc,start       ] GC(28) Pause Full (System.gc())
[18.823s][info][gc,task        ] GC(28) Using 4 workers of 33 for full compaction
[18.823s][info][gc,phases,start] GC(28) Phase 1: Mark live objects
[18.904s][info][gc,phases      ] GC(28) Phase 1: Mark live objects 81.120ms
[18.904s][info][gc,phases,start] GC(28) Phase 2: Prepare compaction
[18.926s][info][gc,phases      ] GC(28) Phase 2: Prepare compaction 21.488ms
[18.926s][info][gc,phases,start] GC(28) Phase 3: Adjust pointers
[18.954s][info][gc,phases      ] GC(28) Phase 3: Adjust pointers 28.542ms
[18.954s][info][gc,phases,start] GC(28) Phase 4: Compact heap
[18.958s][info][gc,phases      ] GC(28) Phase 4: Compact heap 4.168ms
[18.966s][info][gc,heap        ] GC(28) Eden regions: 29->0(28)
[18.966s][info][gc,heap        ] GC(28) Survivor regions: 1->0(4)
[18.966s][info][gc,heap        ] GC(28) Old regions: 16->14
[18.966s][info][gc,heap        ] GC(28) Archive regions: 0->0
[18.966s][info][gc,heap        ] GC(28) Humongous regions: 0->0
[18.966s][info][gc,metaspace   ] GC(28) Metaspace: 58570K(59456K)->58570K(59456K) NonClass: 51108K(51584K)->51108K(51584K) Class: 7462K(7872K)->7462K(7872K)
[18.966s][info][gc             ] GC(28) Pause Full (System.gc()) 629M->172M(752M) 143.863ms
[18.966s][info][gc,cpu         ] GC(28) User=0.53s Sys=0.00s Real=0.14s
[19.217s][info][gc,start       ] GC(29) Pause Young (Normal) (G1 Evacuation Pause)
[19.217s][info][gc,task        ] GC(29) Using 18 workers of 33 for evacuation
[19.218s][info][gc,phases      ] GC(29)   Pre Evacuate Collection Set: 0.1ms
[19.218s][info][gc,phases      ] GC(29)   Merge Heap Roots: 0.1ms
[19.218s][info][gc,phases      ] GC(29)   Evacuate Collection Set: 0.4ms
[19.218s][info][gc,phases      ] GC(29)   Post Evacuate Collection Set: 0.6ms
[19.219s][info][gc,phases      ] GC(29)   Other: 0.1ms
[19.219s][info][gc,heap        ] GC(29) Eden regions: 28->0(27)
[19.219s][info][gc,heap        ] GC(29) Survivor regions: 0->1(4)
[19.219s][info][gc,heap        ] GC(29) Old regions: 14->14
[19.219s][info][gc,heap        ] GC(29) Archive regions: 0->0
[19.219s][info][gc,heap        ] GC(29) Humongous regions: 0->0
[19.219s][info][gc,metaspace   ] GC(29) Metaspace: 58640K(59520K)->58640K(59520K) NonClass: 51177K(51648K)->51177K(51648K) Class: 7462K(7872K)->7462K(7872K)
[19.219s][info][gc             ] GC(29) Pause Young (Normal) (G1 Evacuation Pause) 620M->172M(752M) 2.034ms
[19.219s][info][gc,cpu         ] GC(29) User=0.02s Sys=0.02s Real=0.02s
[19.388s][info][gc,start       ] GC(30) Pause Young (Normal) (G1 Evacuation Pause)
[19.388s][info][gc,task        ] GC(30) Using 18 workers of 33 for evacuation
[19.390s][info][gc,phases      ] GC(30)   Pre Evacuate Collection Set: 0.1ms
[19.390s][info][gc,phases      ] GC(30)   Merge Heap Roots: 0.1ms
[19.390s][info][gc,phases      ] GC(30)   Evacuate Collection Set: 0.4ms
[19.390s][info][gc,phases      ] GC(30)   Post Evacuate Collection Set: 0.6ms
[19.390s][info][gc,phases      ] GC(30)   Other: 0.1ms
[19.390s][info][gc,heap        ] GC(30) Eden regions: 27->0(27)
[19.390s][info][gc,heap        ] GC(30) Survivor regions: 1->1(4)
[19.390s][info][gc,heap        ] GC(30) Old regions: 14->14
[19.390s][info][gc,heap        ] GC(30) Archive regions: 0->0
[19.390s][info][gc,heap        ] GC(30) Humongous regions: 0->0
[19.390s][info][gc,metaspace   ] GC(30) Metaspace: 58651K(59520K)->58651K(59520K) NonClass: 51188K(51648K)->51188K(51648K) Class: 7462K(7872K)->7462K(7872K)
[19.390s][info][gc             ] GC(30) Pause Young (Normal) (G1 Evacuation Pause) 604M->172M(752M) 1.944ms
[19.390s][info][gc,cpu         ] GC(30) User=0.00s Sys=0.00s Real=0.00s
[19.543s][info][gc,start       ] GC(31) Pause Young (Normal) (G1 Evacuation Pause)
[19.543s][info][gc,task        ] GC(31) Using 18 workers of 33 for evacuation
[19.545s][info][gc,phases      ] GC(31)   Pre Evacuate Collection Set: 0.1ms
[19.545s][info][gc,phases      ] GC(31)   Merge Heap Roots: 0.1ms
[19.545s][info][gc,phases      ] GC(31)   Evacuate Collection Set: 0.4ms
[19.545s][info][gc,phases      ] GC(31)   Post Evacuate Collection Set: 0.6ms
[19.545s][info][gc,phases      ] GC(31)   Other: 0.1ms
[19.545s][info][gc,heap        ] GC(31) Eden regions: 27->0(27)
[19.545s][info][gc,heap        ] GC(31) Survivor regions: 1->1(4)
[19.545s][info][gc,heap        ] GC(31) Old regions: 14->14
[19.545s][info][gc,heap        ] GC(31) Archive regions: 0->0
[19.545s][info][gc,heap        ] GC(31) Humongous regions: 0->0
[19.545s][info][gc,metaspace   ] GC(31) Metaspace: 58651K(59520K)->58651K(59520K) NonClass: 51188K(51648K)->51188K(51648K) Class: 7462K(7872K)->7462K(7872K)
[19.545s][info][gc             ] GC(31) Pause Young (Normal) (G1 Evacuation Pause) 604M->172M(752M) 1.919ms
[19.545s][info][gc,cpu         ] GC(31) User=0.00s Sys=0.00s Real=0.00s
[19.690s][info][gc,start       ] GC(32) Pause Young (Normal) (G1 Evacuation Pause)
[19.691s][info][gc,task        ] GC(32) Using 18 workers of 33 for evacuation
[19.692s][info][gc,phases      ] GC(32)   Pre Evacuate Collection Set: 0.1ms
[19.692s][info][gc,phases      ] GC(32)   Merge Heap Roots: 0.1ms
[19.692s][info][gc,phases      ] GC(32)   Evacuate Collection Set: 0.4ms
[19.692s][info][gc,phases      ] GC(32)   Post Evacuate Collection Set: 0.6ms
[19.692s][info][gc,phases      ] GC(32)   Other: 0.1ms
[19.692s][info][gc,heap        ] GC(32) Eden regions: 27->0(27)
[19.692s][info][gc,heap        ] GC(32) Survivor regions: 1->1(4)
[19.692s][info][gc,heap        ] GC(32) Old regions: 14->14
[19.692s][info][gc,heap        ] GC(32) Archive regions: 0->0
[19.692s][info][gc,heap        ] GC(32) Humongous regions: 0->0
[19.692s][info][gc,metaspace   ] GC(32) Metaspace: 58651K(59520K)->58651K(59520K) NonClass: 51188K(51648K)->51188K(51648K) Class: 7462K(7872K)->7462K(7872K)
[19.692s][info][gc             ] GC(32) Pause Young (Normal) (G1 Evacuation Pause) 604M->172M(752M) 1.862ms
[19.692s][info][gc,cpu         ] GC(32) User=0.00s Sys=0.00s Real=0.00s
[19.808s][info][gc,start       ] GC(33) Pause Full (System.gc())
[19.808s][info][gc,task        ] GC(33) Using 4 workers of 33 for full compaction
[19.808s][info][gc,phases,start] GC(33) Phase 1: Mark live objects
[19.891s][info][gc,phases      ] GC(33) Phase 1: Mark live objects 83.218ms
[19.891s][info][gc,phases,start] GC(33) Phase 2: Prepare compaction
[19.912s][info][gc,phases      ] GC(33) Phase 2: Prepare compaction 20.523ms
[19.912s][info][gc,phases,start] GC(33) Phase 3: Adjust pointers
[19.939s][info][gc,phases      ] GC(33) Phase 3: Adjust pointers 26.670ms
[19.939s][info][gc,phases,start] GC(33) Phase 4: Compact heap
[19.943s][info][gc,phases      ] GC(33) Phase 4: Compact heap 4.272ms
[19.947s][info][gc,heap        ] GC(33) Eden regions: 14->0(28)
[19.947s][info][gc,heap        ] GC(33) Survivor regions: 1->0(4)
[19.947s][info][gc,heap        ] GC(33) Old regions: 14->14
[19.947s][info][gc,heap        ] GC(33) Archive regions: 0->0
[19.947s][info][gc,heap        ] GC(33) Humongous regions: 0->0
[19.947s][info][gc,metaspace   ] GC(33) Metaspace: 58684K(59584K)->58684K(59584K) NonClass: 51221K(51712K)->51221K(51712K) Class: 7463K(7872K)->7463K(7872K)
[19.947s][info][gc             ] GC(33) Pause Full (System.gc()) 381M->172M(752M) 139.406ms
[19.947s][info][gc,cpu         ] GC(33) User=0.52s Sys=0.00s Real=0.14s
[20.171s][info][gc,start       ] GC(34) Pause Young (Normal) (G1 Evacuation Pause)
[20.172s][info][gc,task        ] GC(34) Using 18 workers of 33 for evacuation
[20.180s][info][gc,phases      ] GC(34)   Pre Evacuate Collection Set: 0.1ms
[20.180s][info][gc,phases      ] GC(34)   Merge Heap Roots: 0.1ms
[20.180s][info][gc,phases      ] GC(34)   Evacuate Collection Set: 0.4ms
[20.180s][info][gc,phases      ] GC(34)   Post Evacuate Collection Set: 7.8ms
[20.180s][info][gc,phases      ] GC(34)   Other: 0.1ms
[20.180s][info][gc,heap        ] GC(34) Eden regions: 28->0(66)
[20.180s][info][gc,heap        ] GC(34) Survivor regions: 0->1(4)
[20.180s][info][gc,heap        ] GC(34) Old regions: 14->14
[20.180s][info][gc,heap        ] GC(34) Archive regions: 0->0
[20.181s][info][gc,heap        ] GC(34) Humongous regions: 0->0
[20.181s][info][gc,metaspace   ] GC(34) Metaspace: 58727K(59584K)->58727K(59584K) NonClass: 51264K(51712K)->51264K(51712K) Class: 7463K(7872K)->7463K(7872K)
[20.181s][info][gc             ] GC(34) Pause Young (Normal) (G1 Evacuation Pause) 620M->172M(1792M) 9.182ms
[20.181s][info][gc,cpu         ] GC(34) User=0.00s Sys=0.00s Real=0.00s
[20.765s][info][gc,start       ] GC(35) Pause Young (Normal) (G1 Evacuation Pause)
[20.765s][info][gc,task        ] GC(35) Using 33 workers of 33 for evacuation
[20.767s][info][gc,phases      ] GC(35)   Pre Evacuate Collection Set: 0.2ms
[20.767s][info][gc,phases      ] GC(35)   Merge Heap Roots: 0.2ms
[20.767s][info][gc,phases      ] GC(35)   Evacuate Collection Set: 0.8ms
[20.767s][info][gc,phases      ] GC(35)   Post Evacuate Collection Set: 0.8ms
[20.768s][info][gc,phases      ] GC(35)   Other: 0.2ms
[20.768s][info][gc,heap        ] GC(35) Eden regions: 66->0(66)
[20.768s][info][gc,heap        ] GC(35) Survivor regions: 1->1(9)
[20.768s][info][gc,heap        ] GC(35) Old regions: 14->14
[20.768s][info][gc,heap        ] GC(35) Archive regions: 0->0
[20.768s][info][gc,heap        ] GC(35) Humongous regions: 0->0
[20.768s][info][gc,metaspace   ] GC(35) Metaspace: 58734K(59584K)->58734K(59584K) NonClass: 51271K(51712K)->51271K(51712K) Class: 7463K(7872K)->7463K(7872K)
[20.768s][info][gc             ] GC(35) Pause Young (Normal) (G1 Evacuation Pause) 1228M->172M(1792M) 2.663ms
[20.768s][info][gc,cpu         ] GC(35) User=0.00s Sys=0.00s Real=0.00s
[20.981s][info][gc,start       ] GC(36) Pause Full (System.gc())
[20.981s][info][gc,task        ] GC(36) Using 10 workers of 33 for full compaction
[20.982s][info][gc,phases,start] GC(36) Phase 1: Mark live objects
[21.030s][info][gc,phases      ] GC(36) Phase 1: Mark live objects 48.838ms
[21.030s][info][gc,phases,start] GC(36) Phase 2: Prepare compaction
[21.043s][info][gc,phases      ] GC(36) Phase 2: Prepare compaction 12.328ms
[21.043s][info][gc,phases,start] GC(36) Phase 3: Adjust pointers
[21.057s][info][gc,phases      ] GC(36) Phase 3: Adjust pointers 13.764ms
[21.057s][info][gc,phases,start] GC(36) Phase 4: Compact heap
[21.061s][info][gc,phases      ] GC(36) Phase 4: Compact heap 4.844ms
[21.073s][info][gc,heap        ] GC(36) Eden regions: 29->0(36)
[21.073s][info][gc,heap        ] GC(36) Survivor regions: 1->0(9)
[21.073s][info][gc,heap        ] GC(36) Old regions: 14->18
[21.073s][info][gc,heap        ] GC(36) Archive regions: 0->0
[21.073s][info][gc,heap        ] GC(36) Humongous regions: 0->0
[21.073s][info][gc,metaspace   ] GC(36) Metaspace: 58764K(59648K)->58764K(59648K) NonClass: 51300K(51776K)->51300K(51776K) Class: 7463K(7872K)->7463K(7872K)
[21.073s][info][gc             ] GC(36) Pause Full (System.gc()) 627M->172M(960M) 92.311ms
[21.073s][info][gc,cpu         ] GC(36) User=0.80s Sys=0.42s Real=0.09s
[21.355s][info][gc,start       ] GC(37) Pause Young (Normal) (G1 Evacuation Pause)
[21.355s][info][gc,task        ] GC(37) Using 23 workers of 33 for evacuation
[21.357s][info][gc,phases      ] GC(37)   Pre Evacuate Collection Set: 0.2ms
[21.357s][info][gc,phases      ] GC(37)   Merge Heap Roots: 0.2ms
[21.357s][info][gc,phases      ] GC(37)   Evacuate Collection Set: 0.5ms
[21.357s][info][gc,phases      ] GC(37)   Post Evacuate Collection Set: 0.7ms
[21.357s][info][gc,phases      ] GC(37)   Other: 0.2ms
[21.357s][info][gc,heap        ] GC(37) Eden regions: 36->0(35)
[21.357s][info][gc,heap        ] GC(37) Survivor regions: 0->1(5)
[21.357s][info][gc,heap        ] GC(37) Old regions: 18->18
[21.357s][info][gc,heap        ] GC(37) Archive regions: 0->0
[21.357s][info][gc,heap        ] GC(37) Humongous regions: 0->0
[21.357s][info][gc,metaspace   ] GC(37) Metaspace: 58796K(59712K)->58796K(59712K) NonClass: 51332K(51840K)->51332K(51840K) Class: 7463K(7872K)->7463K(7872K)
[21.357s][info][gc             ] GC(37) Pause Young (Normal) (G1 Evacuation Pause) 748M->172M(960M) 2.219ms
[21.357s][info][gc,cpu         ] GC(37) User=0.03s Sys=0.00s Real=0.01s
[21.553s][info][gc,start       ] GC(38) Pause Young (Normal) (G1 Evacuation Pause)
[21.553s][info][gc,task        ] GC(38) Using 23 workers of 33 for evacuation
[21.555s][info][gc,phases      ] GC(38)   Pre Evacuate Collection Set: 0.2ms
[21.555s][info][gc,phases      ] GC(38)   Merge Heap Roots: 0.1ms
[21.555s][info][gc,phases      ] GC(38)   Evacuate Collection Set: 0.6ms
[21.555s][info][gc,phases      ] GC(38)   Post Evacuate Collection Set: 0.7ms
[21.555s][info][gc,phases      ] GC(38)   Other: 0.2ms
[21.555s][info][gc,heap        ] GC(38) Eden regions: 35->0(35)
[21.555s][info][gc,heap        ] GC(38) Survivor regions: 1->1(5)
[21.555s][info][gc,heap        ] GC(38) Old regions: 18->18
[21.555s][info][gc,heap        ] GC(38) Archive regions: 0->0
[21.555s][info][gc,heap        ] GC(38) Humongous regions: 0->0
[21.555s][info][gc,metaspace   ] GC(38) Metaspace: 58811K(59712K)->58811K(59712K) NonClass: 51348K(51840K)->51348K(51840K) Class: 7463K(7872K)->7463K(7872K)
[21.555s][info][gc             ] GC(38) Pause Young (Normal) (G1 Evacuation Pause) 732M->172M(960M) 2.265ms
[21.555s][info][gc,cpu         ] GC(38) User=0.00s Sys=0.00s Real=0.00s
[21.744s][info][gc,start       ] GC(39) Pause Young (Normal) (G1 Evacuation Pause)
[21.744s][info][gc,task        ] GC(39) Using 23 workers of 33 for evacuation
[21.745s][info][gc,phases      ] GC(39)   Pre Evacuate Collection Set: 0.1ms
[21.746s][info][gc,phases      ] GC(39)   Merge Heap Roots: 0.2ms
[21.746s][info][gc,phases      ] GC(39)   Evacuate Collection Set: 0.5ms
[21.746s][info][gc,phases      ] GC(39)   Post Evacuate Collection Set: 0.7ms
[21.746s][info][gc,phases      ] GC(39)   Other: 0.1ms
[21.746s][info][gc,heap        ] GC(39) Eden regions: 35->0(35)
[21.746s][info][gc,heap        ] GC(39) Survivor regions: 1->1(5)
[21.746s][info][gc,heap        ] GC(39) Old regions: 18->18
[21.746s][info][gc,heap        ] GC(39) Archive regions: 0->0
[21.746s][info][gc,heap        ] GC(39) Humongous regions: 0->0
[21.746s][info][gc,metaspace   ] GC(39) Metaspace: 58811K(59712K)->58811K(59712K) NonClass: 51348K(51840K)->51348K(51840K) Class: 7463K(7872K)->7463K(7872K)
[21.746s][info][gc             ] GC(39) Pause Young (Normal) (G1 Evacuation Pause) 732M->172M(960M) 2.150ms
[21.746s][info][gc,cpu         ] GC(39) User=0.00s Sys=0.02s Real=0.02s
[21.892s][info][gc,start       ] GC(40) Pause Full (System.gc())
[21.892s][info][gc,task        ] GC(40) Using 6 workers of 33 for full compaction
[21.892s][info][gc,phases,start] GC(40) Phase 1: Mark live objects
[21.963s][info][gc,phases      ] GC(40) Phase 1: Mark live objects 70.291ms
[21.963s][info][gc,phases,start] GC(40) Phase 2: Prepare compaction
[21.976s][info][gc,phases      ] GC(40) Phase 2: Prepare compaction 13.582ms
[21.976s][info][gc,phases,start] GC(40) Phase 3: Adjust pointers
[21.995s][info][gc,phases      ] GC(40) Phase 3: Adjust pointers 18.740ms
[21.995s][info][gc,phases,start] GC(40) Phase 4: Compact heap
[22.000s][info][gc,phases      ] GC(40) Phase 4: Compact heap 5.238ms
[22.009s][info][gc,heap        ] GC(40) Eden regions: 17->0(32)
[22.009s][info][gc,heap        ] GC(40) Survivor regions: 1->0(5)
[22.009s][info][gc,heap        ] GC(40) Old regions: 18->16
[22.009s][info][gc,heap        ] GC(40) Archive regions: 0->0
[22.009s][info][gc,heap        ] GC(40) Humongous regions: 0->0
[22.009s][info][gc,metaspace   ] GC(40) Metaspace: 58831K(59712K)->58831K(59712K) NonClass: 51367K(51840K)->51367K(51840K) Class: 7464K(7872K)->7464K(7872K)
[22.009s][info][gc             ] GC(40) Pause Full (System.gc()) 429M->172M(864M) 117.453ms
[22.009s][info][gc,cpu         ] GC(40) User=0.58s Sys=0.00s Real=0.11s
[22.261s][info][gc,start       ] GC(41) Pause Young (Normal) (G1 Evacuation Pause)
[22.261s][info][gc,task        ] GC(41) Using 20 workers of 33 for evacuation
[22.263s][info][gc,phases      ] GC(41)   Pre Evacuate Collection Set: 0.1ms
[22.263s][info][gc,phases      ] GC(41)   Merge Heap Roots: 0.1ms
[22.263s][info][gc,phases      ] GC(41)   Evacuate Collection Set: 0.5ms
[22.263s][info][gc,phases      ] GC(41)   Post Evacuate Collection Set: 0.7ms
[22.263s][info][gc,phases      ] GC(41)   Other: 0.1ms
[22.263s][info][gc,heap        ] GC(41) Eden regions: 32->0(31)
[22.263s][info][gc,heap        ] GC(41) Survivor regions: 0->1(4)
[22.263s][info][gc,heap        ] GC(41) Old regions: 16->16
[22.263s][info][gc,heap        ] GC(41) Archive regions: 0->0
[22.263s][info][gc,heap        ] GC(41) Humongous regions: 0->0
[22.263s][info][gc,metaspace   ] GC(41) Metaspace: 58885K(59776K)->58885K(59776K) NonClass: 51417K(51904K)->51417K(51904K) Class: 7467K(7872K)->7467K(7872K)
[22.263s][info][gc             ] GC(41) Pause Young (Normal) (G1 Evacuation Pause) 684M->172M(864M) 2.144ms
[22.263s][info][gc,cpu         ] GC(41) User=0.02s Sys=0.00s Real=0.01s
[22.455s][info][gc,start       ] GC(42) Pause Young (Normal) (G1 Evacuation Pause)
[22.455s][info][gc,task        ] GC(42) Using 20 workers of 33 for evacuation
[22.456s][info][gc,phases      ] GC(42)   Pre Evacuate Collection Set: 0.1ms
[22.456s][info][gc,phases      ] GC(42)   Merge Heap Roots: 0.1ms
[22.456s][info][gc,phases      ] GC(42)   Evacuate Collection Set: 0.5ms
[22.456s][info][gc,phases      ] GC(42)   Post Evacuate Collection Set: 0.5ms
[22.456s][info][gc,phases      ] GC(42)   Other: 0.1ms
[22.456s][info][gc,heap        ] GC(42) Eden regions: 31->0(31)
[22.456s][info][gc,heap        ] GC(42) Survivor regions: 1->1(4)
[22.456s][info][gc,heap        ] GC(42) Old regions: 16->16
[22.456s][info][gc,heap        ] GC(42) Archive regions: 0->0
[22.456s][info][gc,heap        ] GC(42) Humongous regions: 0->0
[22.456s][info][gc,metaspace   ] GC(42) Metaspace: 58885K(59776K)->58885K(59776K) NonClass: 51417K(51904K)->51417K(51904K) Class: 7467K(7872K)->7467K(7872K)
[22.456s][info][gc             ] GC(42) Pause Young (Normal) (G1 Evacuation Pause) 668M->172M(864M) 1.486ms
[22.457s][info][gc,cpu         ] GC(42) User=0.00s Sys=0.00s Real=0.00s
[22.645s][info][gc,start       ] GC(43) Pause Young (Normal) (G1 Evacuation Pause)
[22.645s][info][gc,task        ] GC(43) Using 20 workers of 33 for evacuation
[22.647s][info][gc,phases      ] GC(43)   Pre Evacuate Collection Set: 0.1ms
[22.647s][info][gc,phases      ] GC(43)   Merge Heap Roots: 0.1ms
[22.647s][info][gc,phases      ] GC(43)   Evacuate Collection Set: 0.8ms
[22.647s][info][gc,phases      ] GC(43)   Post Evacuate Collection Set: 0.8ms
[22.647s][info][gc,phases      ] GC(43)   Other: 0.1ms
[22.647s][info][gc,heap        ] GC(43) Eden regions: 31->0(31)
[22.647s][info][gc,heap        ] GC(43) Survivor regions: 1->1(4)
[22.647s][info][gc,heap        ] GC(43) Old regions: 16->16
[22.647s][info][gc,heap        ] GC(43) Archive regions: 0->0
[22.647s][info][gc,heap        ] GC(43) Humongous regions: 0->0
[22.647s][info][gc,metaspace   ] GC(43) Metaspace: 59025K(59904K)->59025K(59904K) NonClass: 51543K(52032K)->51543K(52032K) Class: 7482K(7872K)->7482K(7872K)
[22.647s][info][gc             ] GC(43) Pause Young (Normal) (G1 Evacuation Pause) 668M->172M(864M) 2.433ms
[22.647s][info][gc,cpu         ] GC(43) User=0.00s Sys=0.00s Real=0.00s
[22.861s][info][gc,start       ] GC(44) Pause Full (System.gc())
[22.861s][info][gc,task        ] GC(44) Using 4 workers of 33 for full compaction
[22.862s][info][gc,phases,start] GC(44) Phase 1: Mark live objects
[22.965s][info][gc,phases      ] GC(44) Phase 1: Mark live objects 103.285ms
[22.965s][info][gc,phases,start] GC(44) Phase 2: Prepare compaction
[22.989s][info][gc,phases      ] GC(44) Phase 2: Prepare compaction 24.301ms
[22.989s][info][gc,phases,start] GC(44) Phase 3: Adjust pointers
[23.016s][info][gc,phases      ] GC(44) Phase 3: Adjust pointers 26.921ms
[23.016s][info][gc,phases,start] GC(44) Phase 4: Compact heap
[23.021s][info][gc,phases      ] GC(44) Phase 4: Compact heap 4.621ms
[23.026s][info][gc,heap        ] GC(44) Eden regions: 29->0(28)
[23.026s][info][gc,heap        ] GC(44) Survivor regions: 1->0(4)
[23.026s][info][gc,heap        ] GC(44) Old regions: 16->14
[23.026s][info][gc,heap        ] GC(44) Archive regions: 0->0
[23.026s][info][gc,heap        ] GC(44) Humongous regions: 0->0
[23.026s][info][gc,metaspace   ] GC(44) Metaspace: 59393K(60288K)->59393K(60288K) NonClass: 51843K(52352K)->51843K(52352K) Class: 7549K(7936K)->7549K(7936K)
[23.026s][info][gc             ] GC(44) Pause Full (System.gc()) 625M->172M(752M) 164.691ms
[23.026s][info][gc,cpu         ] GC(44) User=0.61s Sys=0.00s Real=0.16s
[23.254s][info][gc,start       ] GC(45) Pause Young (Normal) (G1 Evacuation Pause)
[23.254s][info][gc,task        ] GC(45) Using 18 workers of 33 for evacuation
[23.266s][info][gc,phases      ] GC(45)   Pre Evacuate Collection Set: 0.2ms
[23.266s][info][gc,phases      ] GC(45)   Merge Heap Roots: 0.1ms
[23.266s][info][gc,phases      ] GC(45)   Evacuate Collection Set: 0.5ms
[23.266s][info][gc,phases      ] GC(45)   Post Evacuate Collection Set: 10.9ms
[23.266s][info][gc,phases      ] GC(45)   Other: 0.1ms
[23.266s][info][gc,heap        ] GC(45) Eden regions: 28->0(83)
[23.266s][info][gc,heap        ] GC(45) Survivor regions: 0->1(4)
[23.266s][info][gc,heap        ] GC(45) Old regions: 14->14
[23.266s][info][gc,heap        ] GC(45) Archive regions: 0->0
[23.266s][info][gc,heap        ] GC(45) Humongous regions: 0->0
[23.266s][info][gc,metaspace   ] GC(45) Metaspace: 59435K(60288K)->59435K(60288K) NonClass: 51886K(52352K)->51886K(52352K) Class: 7549K(7936K)->7549K(7936K)
[23.266s][info][gc             ] GC(45) Pause Young (Normal) (G1 Evacuation Pause) 620M->172M(2256M) 12.237ms
[23.266s][info][gc,cpu         ] GC(45) User=0.00s Sys=0.00s Real=0.00s
[24.015s][info][gc,start       ] GC(46) Pause Young (Normal) (G1 Evacuation Pause)
[24.015s][info][gc,task        ] GC(46) Using 33 workers of 33 for evacuation
[24.018s][info][gc,phases      ] GC(46)   Pre Evacuate Collection Set: 0.2ms
[24.018s][info][gc,phases      ] GC(46)   Merge Heap Roots: 0.2ms
[24.018s][info][gc,phases      ] GC(46)   Evacuate Collection Set: 1.3ms
[24.018s][info][gc,phases      ] GC(46)   Post Evacuate Collection Set: 0.8ms
[24.018s][info][gc,phases      ] GC(46)   Other: 0.2ms
[24.018s][info][gc,heap        ] GC(46) Eden regions: 83->0(83)
[24.018s][info][gc,heap        ] GC(46) Survivor regions: 1->1(11)
[24.018s][info][gc,heap        ] GC(46) Old regions: 14->14
[24.018s][info][gc,heap        ] GC(46) Archive regions: 0->0
[24.018s][info][gc,heap        ] GC(46) Humongous regions: 0->0
[24.018s][info][gc,metaspace   ] GC(46) Metaspace: 59435K(60288K)->59435K(60288K) NonClass: 51886K(52352K)->51886K(52352K) Class: 7549K(7936K)->7549K(7936K)
[24.018s][info][gc             ] GC(46) Pause Young (Normal) (G1 Evacuation Pause) 1500M->172M(2256M) 3.259ms
[24.018s][info][gc,cpu         ] GC(46) User=0.00s Sys=0.00s Real=0.00s
[24.112s][info][gc,start       ] GC(47) Pause Full (System.gc())
[24.112s][info][gc,task        ] GC(47) Using 14 workers of 33 for full compaction
[24.113s][info][gc,phases,start] GC(47) Phase 1: Mark live objects
[24.155s][info][gc,phases      ] GC(47) Phase 1: Mark live objects 42.094ms
[24.155s][info][gc,phases,start] GC(47) Phase 2: Prepare compaction
[24.162s][info][gc,phases      ] GC(47) Phase 2: Prepare compaction 7.123ms
[24.162s][info][gc,phases,start] GC(47) Phase 3: Adjust pointers
[24.173s][info][gc,phases      ] GC(47) Phase 3: Adjust pointers 10.779ms
[24.173s][info][gc,phases,start] GC(47) Phase 4: Compact heap
[24.177s][info][gc,phases      ] GC(47) Phase 4: Compact heap 3.541ms
[24.195s][info][gc,heap        ] GC(47) Eden regions: 12->0(36)
[24.195s][info][gc,heap        ] GC(47) Survivor regions: 1->0(11)
[24.195s][info][gc,heap        ] GC(47) Old regions: 14->18
[24.195s][info][gc,heap        ] GC(47) Archive regions: 0->0
[24.195s][info][gc,heap        ] GC(47) Humongous regions: 0->0
[24.195s][info][gc,metaspace   ] GC(47) Metaspace: 59460K(60288K)->59460K(60288K) NonClass: 51910K(52352K)->51910K(52352K) Class: 7549K(7936K)->7549K(7936K)
[24.196s][info][gc             ] GC(47) Pause Full (System.gc()) 354M->172M(960M) 83.376ms
[24.196s][info][gc,cpu         ] GC(47) User=0.63s Sys=0.64s Real=0.08s
[24.495s][info][gc,start       ] GC(48) Pause Young (Normal) (G1 Evacuation Pause)
[24.495s][info][gc,task        ] GC(48) Using 23 workers of 33 for evacuation
[24.496s][info][gc,phases      ] GC(48)   Pre Evacuate Collection Set: 0.2ms
[24.497s][info][gc,phases      ] GC(48)   Merge Heap Roots: 0.1ms
[24.497s][info][gc,phases      ] GC(48)   Evacuate Collection Set: 0.5ms
[24.497s][info][gc,phases      ] GC(48)   Post Evacuate Collection Set: 0.6ms
[24.497s][info][gc,phases      ] GC(48)   Other: 0.2ms
[24.497s][info][gc,heap        ] GC(48) Eden regions: 36->0(35)
[24.497s][info][gc,heap        ] GC(48) Survivor regions: 0->1(5)
[24.497s][info][gc,heap        ] GC(48) Old regions: 18->18
[24.497s][info][gc,heap        ] GC(48) Archive regions: 0->0
[24.497s][info][gc,heap        ] GC(48) Humongous regions: 0->0
[24.497s][info][gc,metaspace   ] GC(48) Metaspace: 59507K(60352K)->59507K(60352K) NonClass: 51956K(52416K)->51956K(52416K) Class: 7550K(7936K)->7550K(7936K)
[24.497s][info][gc             ] GC(48) Pause Young (Normal) (G1 Evacuation Pause) 748M->173M(960M) 2.115ms
[24.497s][info][gc,cpu         ] GC(48) User=0.00s Sys=0.00s Real=0.00s
[24.685s][info][gc,start       ] GC(49) Pause Young (Normal) (G1 Evacuation Pause)
[24.685s][info][gc,task        ] GC(49) Using 23 workers of 33 for evacuation
[24.687s][info][gc,phases      ] GC(49)   Pre Evacuate Collection Set: 0.2ms
[24.687s][info][gc,phases      ] GC(49)   Merge Heap Roots: 0.2ms
[24.687s][info][gc,phases      ] GC(49)   Evacuate Collection Set: 0.5ms
[24.687s][info][gc,phases      ] GC(49)   Post Evacuate Collection Set: 0.7ms
[24.687s][info][gc,phases      ] GC(49)   Other: 0.2ms
[24.687s][info][gc,heap        ] GC(49) Eden regions: 35->0(35)
[24.687s][info][gc,heap        ] GC(49) Survivor regions: 1->1(5)
[24.687s][info][gc,heap        ] GC(49) Old regions: 18->18
[24.687s][info][gc,heap        ] GC(49) Archive regions: 0->0
[24.687s][info][gc,heap        ] GC(49) Humongous regions: 0->0
[24.687s][info][gc,metaspace   ] GC(49) Metaspace: 59521K(60416K)->59521K(60416K) NonClass: 51970K(52480K)->51970K(52480K) Class: 7550K(7936K)->7550K(7936K)
[24.687s][info][gc             ] GC(49) Pause Young (Normal) (G1 Evacuation Pause) 733M->172M(960M) 2.294ms
[24.687s][info][gc,cpu         ] GC(49) User=0.00s Sys=0.02s Real=0.02s
[24.884s][info][gc,start       ] GC(50) Pause Young (Normal) (G1 Evacuation Pause)
[24.885s][info][gc,task        ] GC(50) Using 23 workers of 33 for evacuation
[24.886s][info][gc,phases      ] GC(50)   Pre Evacuate Collection Set: 0.2ms
[24.886s][info][gc,phases      ] GC(50)   Merge Heap Roots: 0.2ms
[24.886s][info][gc,phases      ] GC(50)   Evacuate Collection Set: 0.5ms
[24.886s][info][gc,phases      ] GC(50)   Post Evacuate Collection Set: 0.7ms
[24.886s][info][gc,phases      ] GC(50)   Other: 0.1ms
[24.886s][info][gc,heap        ] GC(50) Eden regions: 35->0(35)
[24.886s][info][gc,heap        ] GC(50) Survivor regions: 1->1(5)
[24.886s][info][gc,heap        ] GC(50) Old regions: 18->18
[24.886s][info][gc,heap        ] GC(50) Archive regions: 0->0
[24.887s][info][gc,heap        ] GC(50) Humongous regions: 0->0
[24.887s][info][gc,metaspace   ] GC(50) Metaspace: 59521K(60416K)->59521K(60416K) NonClass: 51970K(52480K)->51970K(52480K) Class: 7550K(7936K)->7550K(7936K)
[24.887s][info][gc             ] GC(50) Pause Young (Normal) (G1 Evacuation Pause) 732M->172M(960M) 2.226ms
[24.887s][info][gc,cpu         ] GC(50) User=0.00s Sys=0.00s Real=0.00s
[25.047s][info][gc,start       ] GC(51) Pause Full (System.gc())
[25.047s][info][gc,task        ] GC(51) Using 6 workers of 33 for full compaction
[25.048s][info][gc,phases,start] GC(51) Phase 1: Mark live objects
[25.111s][info][gc,phases      ] GC(51) Phase 1: Mark live objects 63.530ms
[25.111s][info][gc,phases,start] GC(51) Phase 2: Prepare compaction
[25.125s][info][gc,phases      ] GC(51) Phase 2: Prepare compaction 13.636ms
[25.125s][info][gc,phases,start] GC(51) Phase 3: Adjust pointers
[25.148s][info][gc,phases      ] GC(51) Phase 3: Adjust pointers 23.227ms
[25.148s][info][gc,phases,start] GC(51) Phase 4: Compact heap
[25.152s][info][gc,phases      ] GC(51) Phase 4: Compact heap 3.932ms
[25.162s][info][gc,heap        ] GC(51) Eden regions: 17->0(32)
[25.162s][info][gc,heap        ] GC(51) Survivor regions: 1->0(5)
[25.162s][info][gc,heap        ] GC(51) Old regions: 18->16
[25.162s][info][gc,heap        ] GC(51) Archive regions: 0->0
[25.162s][info][gc,heap        ] GC(51) Humongous regions: 0->0
[25.162s][info][gc,metaspace   ] GC(51) Metaspace: 59534K(60416K)->59534K(60416K) NonClass: 51983K(52480K)->51983K(52480K) Class: 7550K(7936K)->7550K(7936K)
[25.162s][info][gc             ] GC(51) Pause Full (System.gc()) 439M->172M(864M) 114.590ms
[25.162s][info][gc,cpu         ] GC(51) User=0.59s Sys=0.00s Real=0.13s
[25.418s][info][gc,start       ] GC(52) Pause Young (Normal) (G1 Evacuation Pause)
[25.418s][info][gc,task        ] GC(52) Using 20 workers of 33 for evacuation
[25.419s][info][gc,phases      ] GC(52)   Pre Evacuate Collection Set: 0.1ms
[25.419s][info][gc,phases      ] GC(52)   Merge Heap Roots: 0.1ms
[25.420s][info][gc,phases      ] GC(52)   Evacuate Collection Set: 0.5ms
[25.420s][info][gc,phases      ] GC(52)   Post Evacuate Collection Set: 0.6ms
[25.420s][info][gc,phases      ] GC(52)   Other: 0.1ms
[25.420s][info][gc,heap        ] GC(52) Eden regions: 32->0(31)
[25.420s][info][gc,heap        ] GC(52) Survivor regions: 0->1(4)
[25.420s][info][gc,heap        ] GC(52) Old regions: 16->16
[25.420s][info][gc,heap        ] GC(52) Archive regions: 0->0
[25.420s][info][gc,heap        ] GC(52) Humongous regions: 0->0
[25.420s][info][gc,metaspace   ] GC(52) Metaspace: 59563K(60480K)->59563K(60480K) NonClass: 52010K(52544K)->52010K(52544K) Class: 7552K(7936K)->7552K(7936K)
[25.423s][info][gc             ] GC(52) Pause Young (Normal) (G1 Evacuation Pause) 684M->173M(864M) 4.551ms
[25.423s][info][gc,cpu         ] GC(52) User=0.45s Sys=0.03s Real=0.02s
[25.595s][info][gc,start       ] GC(53) Pause Young (Normal) (G1 Evacuation Pause)
[25.595s][info][gc,task        ] GC(53) Using 20 workers of 33 for evacuation
[25.597s][info][gc,phases      ] GC(53)   Pre Evacuate Collection Set: 0.2ms
[25.597s][info][gc,phases      ] GC(53)   Merge Heap Roots: 0.1ms
[25.597s][info][gc,phases      ] GC(53)   Evacuate Collection Set: 0.5ms
[25.597s][info][gc,phases      ] GC(53)   Post Evacuate Collection Set: 0.7ms
[25.597s][info][gc,phases      ] GC(53)   Other: 0.1ms
[25.597s][info][gc,heap        ] GC(53) Eden regions: 31->0(31)
[25.597s][info][gc,heap        ] GC(53) Survivor regions: 1->1(4)
[25.597s][info][gc,heap        ] GC(53) Old regions: 16->16
[25.597s][info][gc,heap        ] GC(53) Archive regions: 0->0
[25.597s][info][gc,heap        ] GC(53) Humongous regions: 0->0
[25.597s][info][gc,metaspace   ] GC(53) Metaspace: 59564K(60480K)->59564K(60480K) NonClass: 52012K(52544K)->52012K(52544K) Class: 7552K(7936K)->7552K(7936K)
[25.597s][info][gc             ] GC(53) Pause Young (Normal) (G1 Evacuation Pause) 669M->173M(864M) 2.143ms
[25.597s][info][gc,cpu         ] GC(53) User=0.00s Sys=0.00s Real=0.00s
[25.773s][info][gc,start       ] GC(54) Pause Young (Normal) (G1 Evacuation Pause)
[25.774s][info][gc,task        ] GC(54) Using 20 workers of 33 for evacuation
[25.775s][info][gc,phases      ] GC(54)   Pre Evacuate Collection Set: 0.1ms
[25.775s][info][gc,phases      ] GC(54)   Merge Heap Roots: 0.2ms
[25.775s][info][gc,phases      ] GC(54)   Evacuate Collection Set: 0.5ms
[25.775s][info][gc,phases      ] GC(54)   Post Evacuate Collection Set: 0.7ms
[25.775s][info][gc,phases      ] GC(54)   Other: 0.1ms
[25.775s][info][gc,heap        ] GC(54) Eden regions: 31->0(31)
[25.775s][info][gc,heap        ] GC(54) Survivor regions: 1->1(4)
[25.775s][info][gc,heap        ] GC(54) Old regions: 16->16
[25.775s][info][gc,heap        ] GC(54) Archive regions: 0->0
[25.775s][info][gc,heap        ] GC(54) Humongous regions: 0->0
[25.775s][info][gc,metaspace   ] GC(54) Metaspace: 59566K(60480K)->59566K(60480K) NonClass: 52013K(52544K)->52013K(52544K) Class: 7553K(7936K)->7553K(7936K)
[25.776s][info][gc             ] GC(54) Pause Young (Normal) (G1 Evacuation Pause) 669M->173M(864M) 2.155ms
[25.776s][info][gc,cpu         ] GC(54) User=0.00s Sys=0.00s Real=0.00s
[25.983s][info][gc,start       ] GC(55) Pause Full (System.gc())
[25.983s][info][gc,task        ] GC(55) Using 4 workers of 33 for full compaction
[25.983s][info][gc,phases,start] GC(55) Phase 1: Mark live objects
[26.066s][info][gc,phases      ] GC(55) Phase 1: Mark live objects 83.437ms
[26.067s][info][gc,phases,start] GC(55) Phase 2: Prepare compaction
[26.087s][info][gc,phases      ] GC(55) Phase 2: Prepare compaction 20.966ms
[26.088s][info][gc,phases,start] GC(55) Phase 3: Adjust pointers
[26.115s][info][gc,phases      ] GC(55) Phase 3: Adjust pointers 27.557ms
[26.115s][info][gc,phases,start] GC(55) Phase 4: Compact heap
[26.122s][info][gc,phases      ] GC(55) Phase 4: Compact heap 6.452ms
[26.131s][info][gc,heap        ] GC(55) Eden regions: 28->0(28)
[26.131s][info][gc,heap        ] GC(55) Survivor regions: 1->0(4)
[26.131s][info][gc,heap        ] GC(55) Old regions: 16->14
[26.131s][info][gc,heap        ] GC(55) Archive regions: 0->0
[26.131s][info][gc,heap        ] GC(55) Humongous regions: 0->0
[26.131s][info][gc,metaspace   ] GC(55) Metaspace: 59605K(60480K)->59605K(60480K) NonClass: 52051K(52544K)->52051K(52544K) Class: 7553K(7936K)->7553K(7936K)
[26.131s][info][gc             ] GC(55) Pause Full (System.gc()) 619M->172M(752M) 148.507ms
[26.131s][info][gc,cpu         ] GC(55) User=0.52s Sys=0.00s Real=0.16s
[26.367s][info][gc,start       ] GC(56) Pause Young (Normal) (G1 Evacuation Pause)
[26.367s][info][gc,task        ] GC(56) Using 18 workers of 33 for evacuation
[26.379s][info][gc,phases      ] GC(56)   Pre Evacuate Collection Set: 0.2ms
[26.379s][info][gc,phases      ] GC(56)   Merge Heap Roots: 0.1ms
[26.379s][info][gc,phases      ] GC(56)   Evacuate Collection Set: 0.6ms
[26.379s][info][gc,phases      ] GC(56)   Post Evacuate Collection Set: 11.0ms
[26.379s][info][gc,phases      ] GC(56)   Other: 0.2ms
[26.379s][info][gc,heap        ] GC(56) Eden regions: 28->0(83)
[26.379s][info][gc,heap        ] GC(56) Survivor regions: 0->1(4)
[26.379s][info][gc,heap        ] GC(56) Old regions: 14->14
[26.379s][info][gc,heap        ] GC(56) Archive regions: 0->0
[26.379s][info][gc,heap        ] GC(56) Humongous regions: 0->0
[26.380s][info][gc,metaspace   ] GC(56) Metaspace: 59641K(60544K)->59641K(60544K) NonClass: 52087K(52608K)->52087K(52608K) Class: 7554K(7936K)->7554K(7936K)
[26.380s][info][gc             ] GC(56) Pause Young (Normal) (G1 Evacuation Pause) 620M->173M(2256M) 12.601ms
[26.380s][info][gc,cpu         ] GC(56) User=0.02s Sys=0.00s Real=0.02s
[27.129s][info][gc,start       ] GC(57) Pause Young (Normal) (G1 Evacuation Pause)
[27.130s][info][gc,task        ] GC(57) Using 33 workers of 33 for evacuation
[27.132s][info][gc,phases      ] GC(57)   Pre Evacuate Collection Set: 0.3ms
[27.132s][info][gc,phases      ] GC(57)   Merge Heap Roots: 0.2ms
[27.132s][info][gc,phases      ] GC(57)   Evacuate Collection Set: 1.1ms
[27.132s][info][gc,phases      ] GC(57)   Post Evacuate Collection Set: 0.6ms
[27.132s][info][gc,phases      ] GC(57)   Other: 0.2ms
[27.132s][info][gc,heap        ] GC(57) Eden regions: 83->0(83)
[27.132s][info][gc,heap        ] GC(57) Survivor regions: 1->1(11)
[27.132s][info][gc,heap        ] GC(57) Old regions: 14->14
[27.132s][info][gc,heap        ] GC(57) Archive regions: 0->0
[27.132s][info][gc,heap        ] GC(57) Humongous regions: 0->0
[27.132s][info][gc,metaspace   ] GC(57) Metaspace: 59643K(60544K)->59643K(60544K) NonClass: 52089K(52608K)->52089K(52608K) Class: 7554K(7936K)->7554K(7936K)
[27.132s][info][gc             ] GC(57) Pause Young (Normal) (G1 Evacuation Pause) 1501M->173M(2256M) 2.635ms
[27.132s][info][gc,cpu         ] GC(57) User=0.00s Sys=0.00s Real=0.00s
[27.229s][info][gc,start       ] GC(58) Pause Full (System.gc())
[27.229s][info][gc,task        ] GC(58) Using 14 workers of 33 for full compaction
[27.230s][info][gc,phases,start] GC(58) Phase 1: Mark live objects
[27.272s][info][gc,phases      ] GC(58) Phase 1: Mark live objects 41.785ms
[27.272s][info][gc,phases,start] GC(58) Phase 2: Prepare compaction
[27.278s][info][gc,phases      ] GC(58) Phase 2: Prepare compaction 6.428ms
[27.278s][info][gc,phases,start] GC(58) Phase 3: Adjust pointers
[27.289s][info][gc,phases      ] GC(58) Phase 3: Adjust pointers 10.734ms
[27.289s][info][gc,phases,start] GC(58) Phase 4: Compact heap
[27.293s][info][gc,phases      ] GC(58) Phase 4: Compact heap 3.552ms
[27.311s][info][gc,heap        ] GC(58) Eden regions: 12->0(38)
[27.311s][info][gc,heap        ] GC(58) Survivor regions: 1->0(11)
[27.311s][info][gc,heap        ] GC(58) Old regions: 14->19
[27.311s][info][gc,heap        ] GC(58) Archive regions: 0->0
[27.311s][info][gc,heap        ] GC(58) Humongous regions: 0->0
[27.311s][info][gc,metaspace   ] GC(58) Metaspace: 59650K(60544K)->59650K(60544K) NonClass: 52095K(52608K)->52095K(52608K) Class: 7554K(7936K)->7554K(7936K)
[27.311s][info][gc             ] GC(58) Pause Full (System.gc()) 353M->172M(1024M) 81.936ms
[27.311s][info][gc,cpu         ] GC(58) User=0.83s Sys=0.52s Real=0.08s
[27.630s][info][gc,start       ] GC(59) Pause Young (Normal) (G1 Evacuation Pause)
[27.630s][info][gc,task        ] GC(59) Using 24 workers of 33 for evacuation
[27.632s][info][gc,phases      ] GC(59)   Pre Evacuate Collection Set: 0.2ms
[27.632s][info][gc,phases      ] GC(59)   Merge Heap Roots: 0.1ms
[27.632s][info][gc,phases      ] GC(59)   Evacuate Collection Set: 0.6ms
[27.632s][info][gc,phases      ] GC(59)   Post Evacuate Collection Set: 0.7ms
[27.632s][info][gc,phases      ] GC(59)   Other: 0.2ms
[27.632s][info][gc,heap        ] GC(59) Eden regions: 38->0(37)
[27.632s][info][gc,heap        ] GC(59) Survivor regions: 0->1(5)
[27.632s][info][gc,heap        ] GC(59) Old regions: 19->19
[27.632s][info][gc,heap        ] GC(59) Archive regions: 0->0
[27.632s][info][gc,heap        ] GC(59) Humongous regions: 0->0
[27.632s][info][gc,metaspace   ] GC(59) Metaspace: 59678K(60544K)->59678K(60544K) NonClass: 52122K(52608K)->52122K(52608K) Class: 7555K(7936K)->7555K(7936K)
[27.632s][info][gc             ] GC(59) Pause Young (Normal) (G1 Evacuation Pause) 780M->173M(1024M) 2.291ms
[27.632s][info][gc,cpu         ] GC(59) User=0.00s Sys=0.00s Real=0.00s
[27.831s][info][gc,start       ] GC(60) Pause Young (Normal) (G1 Evacuation Pause)
[27.831s][info][gc,task        ] GC(60) Using 24 workers of 33 for evacuation
[27.833s][info][gc,phases      ] GC(60)   Pre Evacuate Collection Set: 0.2ms
[27.833s][info][gc,phases      ] GC(60)   Merge Heap Roots: 0.2ms
[27.833s][info][gc,phases      ] GC(60)   Evacuate Collection Set: 0.6ms
[27.833s][info][gc,phases      ] GC(60)   Post Evacuate Collection Set: 0.5ms
[27.833s][info][gc,phases      ] GC(60)   Other: 0.1ms
[27.833s][info][gc,heap        ] GC(60) Eden regions: 37->0(37)
[27.833s][info][gc,heap        ] GC(60) Survivor regions: 1->1(5)
[27.833s][info][gc,heap        ] GC(60) Old regions: 19->19
[27.833s][info][gc,heap        ] GC(60) Archive regions: 0->0
[27.833s][info][gc,heap        ] GC(60) Humongous regions: 0->0
[27.833s][info][gc,metaspace   ] GC(60) Metaspace: 59678K(60544K)->59678K(60544K) NonClass: 52122K(52608K)->52122K(52608K) Class: 7555K(7936K)->7555K(7936K)
[27.833s][info][gc             ] GC(60) Pause Young (Normal) (G1 Evacuation Pause) 765M->173M(1024M) 1.839ms
[27.833s][info][gc,cpu         ] GC(60) User=0.00s Sys=0.00s Real=0.00s
[28.037s][info][gc,start       ] GC(61) Pause Young (Normal) (G1 Evacuation Pause)
[28.037s][info][gc,task        ] GC(61) Using 24 workers of 33 for evacuation
[28.039s][info][gc,phases      ] GC(61)   Pre Evacuate Collection Set: 0.1ms
[28.039s][info][gc,phases      ] GC(61)   Merge Heap Roots: 0.1ms
[28.039s][info][gc,phases      ] GC(61)   Evacuate Collection Set: 0.7ms
[28.039s][info][gc,phases      ] GC(61)   Post Evacuate Collection Set: 0.5ms
[28.039s][info][gc,phases      ] GC(61)   Other: 0.1ms
[28.039s][info][gc,heap        ] GC(61) Eden regions: 37->0(37)
[28.039s][info][gc,heap        ] GC(61) Survivor regions: 1->1(5)
[28.039s][info][gc,heap        ] GC(61) Old regions: 19->19
[28.039s][info][gc,heap        ] GC(61) Archive regions: 0->0
[28.039s][info][gc,heap        ] GC(61) Humongous regions: 0->0
[28.039s][info][gc,metaspace   ] GC(61) Metaspace: 59678K(60544K)->59678K(60544K) NonClass: 52122K(52608K)->52122K(52608K) Class: 7555K(7936K)->7555K(7936K)
[28.039s][info][gc             ] GC(61) Pause Young (Normal) (G1 Evacuation Pause) 765M->173M(1024M) 1.791ms
[28.039s][info][gc,cpu         ] GC(61) User=0.00s Sys=0.00s Real=0.00s
[28.138s][info][gc,start       ] GC(62) Pause Full (System.gc())
[28.138s][info][gc,task        ] GC(62) Using 6 workers of 33 for full compaction
[28.138s][info][gc,phases,start] GC(62) Phase 1: Mark live objects
[28.204s][info][gc,phases      ] GC(62) Phase 1: Mark live objects 66.219ms
[28.204s][info][gc,phases,start] GC(62) Phase 2: Prepare compaction
[28.223s][info][gc,phases      ] GC(62) Phase 2: Prepare compaction 18.203ms
[28.223s][info][gc,phases,start] GC(62) Phase 3: Adjust pointers
[28.241s][info][gc,phases      ] GC(62) Phase 3: Adjust pointers 18.819ms
[28.241s][info][gc,phases,start] GC(62) Phase 4: Compact heap
[28.245s][info][gc,phases      ] GC(62) Phase 4: Compact heap 3.619ms
[28.255s][info][gc,heap        ] GC(62) Eden regions: 11->0(32)
[28.255s][info][gc,heap        ] GC(62) Survivor regions: 1->0(5)
[28.255s][info][gc,heap        ] GC(62) Old regions: 19->16
[28.255s][info][gc,heap        ] GC(62) Archive regions: 0->0
[28.255s][info][gc,heap        ] GC(62) Humongous regions: 0->0
[28.255s][info][gc,metaspace   ] GC(62) Metaspace: 59707K(60544K)->59707K(60544K) NonClass: 52151K(52608K)->52151K(52608K) Class: 7556K(7936K)->7556K(7936K)
[28.255s][info][gc             ] GC(62) Pause Full (System.gc()) 337M->172M(864M) 117.657ms
[28.255s][info][gc,cpu         ] GC(62) User=0.58s Sys=0.00s Real=0.11s
[28.516s][info][gc,start       ] GC(63) Pause Young (Normal) (G1 Evacuation Pause)
[28.517s][info][gc,task        ] GC(63) Using 20 workers of 33 for evacuation
[28.518s][info][gc,phases      ] GC(63)   Pre Evacuate Collection Set: 0.2ms
[28.518s][info][gc,phases      ] GC(63)   Merge Heap Roots: 0.1ms
[28.518s][info][gc,phases      ] GC(63)   Evacuate Collection Set: 0.5ms
[28.518s][info][gc,phases      ] GC(63)   Post Evacuate Collection Set: 0.7ms
[28.518s][info][gc,phases      ] GC(63)   Other: 0.2ms
[28.518s][info][gc,heap        ] GC(63) Eden regions: 32->0(31)
[28.518s][info][gc,heap        ] GC(63) Survivor regions: 0->1(4)
[28.518s][info][gc,heap        ] GC(63) Old regions: 16->16
[28.518s][info][gc,heap        ] GC(63) Archive regions: 0->0
[28.518s][info][gc,heap        ] GC(63) Humongous regions: 0->0
[28.519s][info][gc,metaspace   ] GC(63) Metaspace: 59721K(60608K)->59721K(60608K) NonClass: 52165K(52672K)->52165K(52672K) Class: 7556K(7936K)->7556K(7936K)
[28.519s][info][gc             ] GC(63) Pause Young (Normal) (G1 Evacuation Pause) 684M->173M(864M) 2.240ms
[28.519s][info][gc,cpu         ] GC(63) User=0.00s Sys=0.00s Real=0.00s
[28.696s][info][gc,start       ] GC(64) Pause Young (Normal) (G1 Evacuation Pause)
[28.696s][info][gc,task        ] GC(64) Using 20 workers of 33 for evacuation
[28.697s][info][gc,phases      ] GC(64)   Pre Evacuate Collection Set: 0.1ms
[28.697s][info][gc,phases      ] GC(64)   Merge Heap Roots: 0.1ms
[28.697s][info][gc,phases      ] GC(64)   Evacuate Collection Set: 0.5ms
[28.697s][info][gc,phases      ] GC(64)   Post Evacuate Collection Set: 0.7ms
[28.697s][info][gc,phases      ] GC(64)   Other: 0.1ms
[28.698s][info][gc,heap        ] GC(64) Eden regions: 31->0(31)
[28.698s][info][gc,heap        ] GC(64) Survivor regions: 1->1(4)
[28.698s][info][gc,heap        ] GC(64) Old regions: 16->16
[28.698s][info][gc,heap        ] GC(64) Archive regions: 0->0
[28.698s][info][gc,heap        ] GC(64) Humongous regions: 0->0
[28.698s][info][gc,metaspace   ] GC(64) Metaspace: 59723K(60608K)->59723K(60608K) NonClass: 52166K(52672K)->52166K(52672K) Class: 7556K(7936K)->7556K(7936K)
[28.698s][info][gc             ] GC(64) Pause Young (Normal) (G1 Evacuation Pause) 669M->173M(864M) 2.115ms
[28.698s][info][gc,cpu         ] GC(64) User=0.00s Sys=0.00s Real=0.00s
[28.877s][info][gc,start       ] GC(65) Pause Young (Normal) (G1 Evacuation Pause)
[28.877s][info][gc,task        ] GC(65) Using 20 workers of 33 for evacuation
[28.879s][info][gc,phases      ] GC(65)   Pre Evacuate Collection Set: 0.1ms
[28.879s][info][gc,phases      ] GC(65)   Merge Heap Roots: 0.1ms
[28.879s][info][gc,phases      ] GC(65)   Evacuate Collection Set: 0.5ms
[28.879s][info][gc,phases      ] GC(65)   Post Evacuate Collection Set: 0.6ms
[28.879s][info][gc,phases      ] GC(65)   Other: 0.1ms
[28.879s][info][gc,heap        ] GC(65) Eden regions: 31->0(31)
[28.879s][info][gc,heap        ] GC(65) Survivor regions: 1->1(4)
[28.879s][info][gc,heap        ] GC(65) Old regions: 16->16
[28.879s][info][gc,heap        ] GC(65) Archive regions: 0->0
[28.879s][info][gc,heap        ] GC(65) Humongous regions: 0->0
[28.879s][info][gc,metaspace   ] GC(65) Metaspace: 59723K(60608K)->59723K(60608K) NonClass: 52166K(52672K)->52166K(52672K) Class: 7556K(7936K)->7556K(7936K)
[28.879s][info][gc             ] GC(65) Pause Young (Normal) (G1 Evacuation Pause) 669M->173M(864M) 1.928ms
[28.879s][info][gc,cpu         ] GC(65) User=0.00s Sys=0.00s Real=0.00s
[29.089s][info][gc,start       ] GC(66) Pause Full (System.gc())
[29.089s][info][gc,task        ] GC(66) Using 4 workers of 33 for full compaction
[29.089s][info][gc,phases,start] GC(66) Phase 1: Mark live objects
[29.173s][info][gc,phases      ] GC(66) Phase 1: Mark live objects 84.004ms
[29.173s][info][gc,phases,start] GC(66) Phase 2: Prepare compaction
[29.192s][info][gc,phases      ] GC(66) Phase 2: Prepare compaction 19.196ms
[29.192s][info][gc,phases,start] GC(66) Phase 3: Adjust pointers
[29.217s][info][gc,phases      ] GC(66) Phase 3: Adjust pointers 25.064ms
[29.217s][info][gc,phases,start] GC(66) Phase 4: Compact heap
[29.221s][info][gc,phases      ] GC(66) Phase 4: Compact heap 3.840ms
[29.231s][info][gc,heap        ] GC(66) Eden regions: 28->0(28)
[29.231s][info][gc,heap        ] GC(66) Survivor regions: 1->0(4)
[29.231s][info][gc,heap        ] GC(66) Old regions: 16->14
[29.231s][info][gc,heap        ] GC(66) Archive regions: 0->0
[29.231s][info][gc,heap        ] GC(66) Humongous regions: 0->0
[29.231s][info][gc,metaspace   ] GC(66) Metaspace: 59747K(60608K)->59747K(60608K) NonClass: 52190K(52672K)->52190K(52672K) Class: 7557K(7936K)->7557K(7936K)
[29.231s][info][gc             ] GC(66) Pause Full (System.gc()) 619M->172M(752M) 142.579ms
[29.231s][info][gc,cpu         ] GC(66) User=0.52s Sys=0.00s Real=0.14s
[29.456s][info][gc,start       ] GC(67) Pause Young (Normal) (G1 Evacuation Pause)
[29.456s][info][gc,task        ] GC(67) Using 18 workers of 33 for evacuation
[29.468s][info][gc,phases      ] GC(67)   Pre Evacuate Collection Set: 0.2ms
[29.468s][info][gc,phases      ] GC(67)   Merge Heap Roots: 0.1ms
[29.468s][info][gc,phases      ] GC(67)   Evacuate Collection Set: 0.5ms
[29.468s][info][gc,phases      ] GC(67)   Post Evacuate Collection Set: 11.0ms
[29.468s][info][gc,phases      ] GC(67)   Other: 0.1ms
[29.468s][info][gc,heap        ] GC(67) Eden regions: 28->0(83)
[29.468s][info][gc,heap        ] GC(67) Survivor regions: 0->1(4)
[29.468s][info][gc,heap        ] GC(67) Old regions: 14->14
[29.468s][info][gc,heap        ] GC(67) Archive regions: 0->0
[29.468s][info][gc,heap        ] GC(67) Humongous regions: 0->0
[29.468s][info][gc,metaspace   ] GC(67) Metaspace: 59787K(60608K)->59787K(60608K) NonClass: 52229K(52672K)->52229K(52672K) Class: 7557K(7936K)->7557K(7936K)
[29.468s][info][gc             ] GC(67) Pause Young (Normal) (G1 Evacuation Pause) 620M->173M(2256M) 12.412ms
[29.468s][info][gc,cpu         ] GC(67) User=0.00s Sys=0.02s Real=0.02s
[30.205s][info][gc,start       ] GC(68) Pause Young (Normal) (G1 Evacuation Pause)
[30.205s][info][gc,task        ] GC(68) Using 33 workers of 33 for evacuation
[30.207s][info][gc,phases      ] GC(68)   Pre Evacuate Collection Set: 0.2ms
[30.207s][info][gc,phases      ] GC(68)   Merge Heap Roots: 0.2ms
[30.207s][info][gc,phases      ] GC(68)   Evacuate Collection Set: 1.3ms
[30.207s][info][gc,phases      ] GC(68)   Post Evacuate Collection Set: 0.6ms
[30.207s][info][gc,phases      ] GC(68)   Other: 0.1ms
[30.207s][info][gc,heap        ] GC(68) Eden regions: 83->0(83)
[30.207s][info][gc,heap        ] GC(68) Survivor regions: 1->1(11)
[30.207s][info][gc,heap        ] GC(68) Old regions: 14->14
[30.207s][info][gc,heap        ] GC(68) Archive regions: 0->0
[30.207s][info][gc,heap        ] GC(68) Humongous regions: 0->0
[30.207s][info][gc,metaspace   ] GC(68) Metaspace: 59787K(60608K)->59787K(60608K) NonClass: 52229K(52672K)->52229K(52672K) Class: 7557K(7936K)->7557K(7936K)
[30.207s][info][gc             ] GC(68) Pause Young (Normal) (G1 Evacuation Pause) 1501M->173M(2256M) 2.608ms
[30.207s][info][gc,cpu         ] GC(68) User=0.00s Sys=0.00s Real=0.00s
[30.298s][info][gc,start       ] GC(69) Pause Full (System.gc())
[30.298s][info][gc,task        ] GC(69) Using 14 workers of 33 for full compaction
[30.299s][info][gc,phases,start] GC(69) Phase 1: Mark live objects
[30.350s][info][gc,phases      ] GC(69) Phase 1: Mark live objects 51.110ms
[30.350s][info][gc,phases,start] GC(69) Phase 2: Prepare compaction
[30.360s][info][gc,phases      ] GC(69) Phase 2: Prepare compaction 10.275ms
[30.360s][info][gc,phases,start] GC(69) Phase 3: Adjust pointers
[30.378s][info][gc,phases      ] GC(69) Phase 3: Adjust pointers 17.337ms
[30.378s][info][gc,phases,start] GC(69) Phase 4: Compact heap
[30.383s][info][gc,phases      ] GC(69) Phase 4: Compact heap 4.980ms
[30.405s][info][gc,heap        ] GC(69) Eden regions: 11->0(34)
[30.405s][info][gc,heap        ] GC(69) Survivor regions: 1->0(11)
[30.405s][info][gc,heap        ] GC(69) Old regions: 14->17
[30.405s][info][gc,heap        ] GC(69) Archive regions: 0->0
[30.405s][info][gc,heap        ] GC(69) Humongous regions: 0->0
[30.405s][info][gc,metaspace   ] GC(69) Metaspace: 59806K(60672K)->59806K(60672K) NonClass: 52249K(52736K)->52249K(52736K) Class: 7557K(7936K)->7557K(7936K)
[30.405s][info][gc             ] GC(69) Pause Full (System.gc()) 346M->172M(912M) 107.283ms
[30.405s][info][gc,cpu         ] GC(69) User=0.73s Sys=0.53s Real=0.11s
[30.707s][info][gc,start       ] GC(70) Pause Young (Normal) (G1 Evacuation Pause)
[30.707s][info][gc,task        ] GC(70) Using 21 workers of 33 for evacuation
[30.709s][info][gc,phases      ] GC(70)   Pre Evacuate Collection Set: 0.2ms
[30.709s][info][gc,phases      ] GC(70)   Merge Heap Roots: 0.1ms
[30.709s][info][gc,phases      ] GC(70)   Evacuate Collection Set: 0.5ms
[30.709s][info][gc,phases      ] GC(70)   Post Evacuate Collection Set: 0.7ms
[30.709s][info][gc,phases      ] GC(70)   Other: 0.2ms
[30.709s][info][gc,heap        ] GC(70) Eden regions: 34->0(33)
[30.709s][info][gc,heap        ] GC(70) Survivor regions: 0->1(5)
[30.709s][info][gc,heap        ] GC(70) Old regions: 17->17
[30.709s][info][gc,heap        ] GC(70) Archive regions: 0->0
[30.709s][info][gc,heap        ] GC(70) Humongous regions: 0->0
[30.709s][info][gc,metaspace   ] GC(70) Metaspace: 59850K(60736K)->59850K(60736K) NonClass: 52291K(52800K)->52291K(52800K) Class: 7559K(7936K)->7559K(7936K)
[30.709s][info][gc             ] GC(70) Pause Young (Normal) (G1 Evacuation Pause) 716M->173M(912M) 2.197ms
[30.709s][info][gc,cpu         ] GC(70) User=0.00s Sys=0.00s Real=0.00s
[30.892s][info][gc,start       ] GC(71) Pause Young (Normal) (G1 Evacuation Pause)
[30.892s][info][gc,task        ] GC(71) Using 21 workers of 33 for evacuation
[30.893s][info][gc,phases      ] GC(71)   Pre Evacuate Collection Set: 0.2ms
[30.894s][info][gc,phases      ] GC(71)   Merge Heap Roots: 0.1ms
[30.894s][info][gc,phases      ] GC(71)   Evacuate Collection Set: 0.5ms
[30.894s][info][gc,phases      ] GC(71)   Post Evacuate Collection Set: 0.6ms
[30.894s][info][gc,phases      ] GC(71)   Other: 0.1ms
[30.894s][info][gc,heap        ] GC(71) Eden regions: 33->0(33)
[30.894s][info][gc,heap        ] GC(71) Survivor regions: 1->1(5)
[30.894s][info][gc,heap        ] GC(71) Old regions: 17->17
[30.894s][info][gc,heap        ] GC(71) Archive regions: 0->0
[30.894s][info][gc,heap        ] GC(71) Humongous regions: 0->0
[30.894s][info][gc,metaspace   ] GC(71) Metaspace: 59856K(60736K)->59856K(60736K) NonClass: 52297K(52800K)->52297K(52800K) Class: 7559K(7936K)->7559K(7936K)
[30.894s][info][gc             ] GC(71) Pause Young (Normal) (G1 Evacuation Pause) 701M->173M(912M) 2.134ms
[30.894s][info][gc,cpu         ] GC(71) User=0.00s Sys=0.00s Real=0.00s
[31.080s][info][gc,start       ] GC(72) Pause Young (Normal) (G1 Evacuation Pause)
[31.080s][info][gc,task        ] GC(72) Using 21 workers of 33 for evacuation
[31.081s][info][gc,phases      ] GC(72)   Pre Evacuate Collection Set: 0.2ms
[31.081s][info][gc,phases      ] GC(72)   Merge Heap Roots: 0.1ms
[31.081s][info][gc,phases      ] GC(72)   Evacuate Collection Set: 0.5ms
[31.081s][info][gc,phases      ] GC(72)   Post Evacuate Collection Set: 0.6ms
[31.081s][info][gc,phases      ] GC(72)   Other: 0.1ms
[31.081s][info][gc,heap        ] GC(72) Eden regions: 33->0(33)
[31.081s][info][gc,heap        ] GC(72) Survivor regions: 1->1(5)
[31.081s][info][gc,heap        ] GC(72) Old regions: 17->17
[31.081s][info][gc,heap        ] GC(72) Archive regions: 0->0
[31.081s][info][gc,heap        ] GC(72) Humongous regions: 0->0
[31.081s][info][gc,metaspace   ] GC(72) Metaspace: 59856K(60736K)->59856K(60736K) NonClass: 52297K(52800K)->52297K(52800K) Class: 7559K(7936K)->7559K(7936K)
[31.082s][info][gc             ] GC(72) Pause Young (Normal) (G1 Evacuation Pause) 701M->173M(912M) 2.006ms
[31.082s][info][gc,cpu         ] GC(72) User=0.00s Sys=0.00s Real=0.00s
[31.251s][info][gc,start       ] GC(73) Pause Full (System.gc())
[31.251s][info][gc,task        ] GC(73) Using 4 workers of 33 for full compaction
[31.251s][info][gc,phases,start] GC(73) Phase 1: Mark live objects
[31.334s][info][gc,phases      ] GC(73) Phase 1: Mark live objects 82.460ms
[31.334s][info][gc,phases,start] GC(73) Phase 2: Prepare compaction
[31.353s][info][gc,phases      ] GC(73) Phase 2: Prepare compaction 19.111ms
[31.353s][info][gc,phases,start] GC(73) Phase 3: Adjust pointers
[31.387s][info][gc,phases      ] GC(73) Phase 3: Adjust pointers 33.639ms
[31.387s][info][gc,phases,start] GC(73) Phase 4: Compact heap
[31.392s][info][gc,phases      ] GC(73) Phase 4: Compact heap 5.223ms
[31.402s][info][gc,heap        ] GC(73) Eden regions: 22->0(28)
[31.402s][info][gc,heap        ] GC(73) Survivor regions: 1->0(5)
[31.402s][info][gc,heap        ] GC(73) Old regions: 17->14
[31.402s][info][gc,heap        ] GC(73) Archive regions: 0->0
[31.402s][info][gc,heap        ] GC(73) Humongous regions: 0->0
[31.402s][info][gc,metaspace   ] GC(73) Metaspace: 59885K(60736K)->59885K(60736K) NonClass: 52326K(52800K)->52326K(52800K) Class: 7559K(7936K)->7559K(7936K)
[31.402s][info][gc             ] GC(73) Pause Full (System.gc()) 524M->172M(752M) 151.250ms
[31.402s][info][gc,cpu         ] GC(73) User=0.53s Sys=0.00s Real=0.15s
[31.627s][info][gc,start       ] GC(74) Pause Young (Normal) (G1 Evacuation Pause)
[31.627s][info][gc,task        ] GC(74) Using 18 workers of 33 for evacuation
[31.628s][info][gc,phases      ] GC(74)   Pre Evacuate Collection Set: 0.2ms
[31.628s][info][gc,phases      ] GC(74)   Merge Heap Roots: 0.1ms
[31.628s][info][gc,phases      ] GC(74)   Evacuate Collection Set: 0.5ms
[31.628s][info][gc,phases      ] GC(74)   Post Evacuate Collection Set: 0.6ms
[31.628s][info][gc,phases      ] GC(74)   Other: 0.2ms
[31.628s][info][gc,heap        ] GC(74) Eden regions: 28->0(27)
[31.628s][info][gc,heap        ] GC(74) Survivor regions: 0->1(4)
[31.629s][info][gc,heap        ] GC(74) Old regions: 14->14
[31.629s][info][gc,heap        ] GC(74) Archive regions: 0->0
[31.629s][info][gc,heap        ] GC(74) Humongous regions: 0->0
[31.629s][info][gc,metaspace   ] GC(74) Metaspace: 59923K(60800K)->59923K(60800K) NonClass: 52364K(52864K)->52364K(52864K) Class: 7559K(7936K)->7559K(7936K)
[31.629s][info][gc             ] GC(74) Pause Young (Normal) (G1 Evacuation Pause) 620M->173M(752M) 2.143ms
[31.629s][info][gc,cpu         ] GC(74) User=0.02s Sys=0.00s Real=0.02s
[31.781s][info][gc,start       ] GC(75) Pause Young (Normal) (G1 Evacuation Pause)
[31.781s][info][gc,task        ] GC(75) Using 18 workers of 33 for evacuation
[31.782s][info][gc,phases      ] GC(75)   Pre Evacuate Collection Set: 0.1ms
[31.782s][info][gc,phases      ] GC(75)   Merge Heap Roots: 0.1ms
[31.782s][info][gc,phases      ] GC(75)   Evacuate Collection Set: 0.5ms
[31.782s][info][gc,phases      ] GC(75)   Post Evacuate Collection Set: 0.6ms
[31.782s][info][gc,phases      ] GC(75)   Other: 0.1ms
[31.782s][info][gc,heap        ] GC(75) Eden regions: 27->0(27)
[31.782s][info][gc,heap        ] GC(75) Survivor regions: 1->1(4)
[31.782s][info][gc,heap        ] GC(75) Old regions: 14->14
[31.782s][info][gc,heap        ] GC(75) Archive regions: 0->0
[31.783s][info][gc,heap        ] GC(75) Humongous regions: 0->0
[31.783s][info][gc,metaspace   ] GC(75) Metaspace: 59923K(60800K)->59923K(60800K) NonClass: 52364K(52864K)->52364K(52864K) Class: 7559K(7936K)->7559K(7936K)
[31.783s][info][gc             ] GC(75) Pause Young (Normal) (G1 Evacuation Pause) 605M->173M(752M) 1.999ms
[31.783s][info][gc,cpu         ] GC(75) User=0.00s Sys=0.00s Real=0.00s
[31.929s][info][gc,start       ] GC(76) Pause Young (Normal) (G1 Evacuation Pause)
[31.929s][info][gc,task        ] GC(76) Using 18 workers of 33 for evacuation
[31.931s][info][gc,phases      ] GC(76)   Pre Evacuate Collection Set: 0.1ms
[31.931s][info][gc,phases      ] GC(76)   Merge Heap Roots: 0.1ms
[31.931s][info][gc,phases      ] GC(76)   Evacuate Collection Set: 0.5ms
[31.931s][info][gc,phases      ] GC(76)   Post Evacuate Collection Set: 0.6ms
[31.931s][info][gc,phases      ] GC(76)   Other: 0.1ms
[31.931s][info][gc,heap        ] GC(76) Eden regions: 27->0(27)
[31.931s][info][gc,heap        ] GC(76) Survivor regions: 1->1(4)
[31.931s][info][gc,heap        ] GC(76) Old regions: 14->14
[31.931s][info][gc,heap        ] GC(76) Archive regions: 0->0
[31.931s][info][gc,heap        ] GC(76) Humongous regions: 0->0
[31.931s][info][gc,metaspace   ] GC(76) Metaspace: 59923K(60800K)->59923K(60800K) NonClass: 52364K(52864K)->52364K(52864K) Class: 7559K(7936K)->7559K(7936K)
[31.931s][info][gc             ] GC(76) Pause Young (Normal) (G1 Evacuation Pause) 605M->173M(752M) 1.928ms
[31.931s][info][gc,cpu         ] GC(76) User=0.00s Sys=0.00s Real=0.00s
[32.086s][info][gc,start       ] GC(77) Pause Young (Normal) (G1 Evacuation Pause)
[32.086s][info][gc,task        ] GC(77) Using 18 workers of 33 for evacuation
[32.087s][info][gc,phases      ] GC(77)   Pre Evacuate Collection Set: 0.1ms
[32.087s][info][gc,phases      ] GC(77)   Merge Heap Roots: 0.1ms
[32.087s][info][gc,phases      ] GC(77)   Evacuate Collection Set: 0.5ms
[32.088s][info][gc,phases      ] GC(77)   Post Evacuate Collection Set: 0.6ms
[32.088s][info][gc,phases      ] GC(77)   Other: 0.1ms
[32.088s][info][gc,heap        ] GC(77) Eden regions: 27->0(27)
[32.088s][info][gc,heap        ] GC(77) Survivor regions: 1->1(4)
[32.088s][info][gc,heap        ] GC(77) Old regions: 14->14
[32.088s][info][gc,heap        ] GC(77) Archive regions: 0->0
[32.088s][info][gc,heap        ] GC(77) Humongous regions: 0->0
[32.088s][info][gc,metaspace   ] GC(77) Metaspace: 59923K(60800K)->59923K(60800K) NonClass: 52364K(52864K)->52364K(52864K) Class: 7559K(7936K)->7559K(7936K)
[32.088s][info][gc             ] GC(77) Pause Young (Normal) (G1 Evacuation Pause) 605M->173M(752M) 1.915ms
[32.088s][info][gc,cpu         ] GC(77) User=0.00s Sys=0.00s Real=0.00s
[32.200s][info][gc,start       ] GC(78) Pause Full (System.gc())
[32.200s][info][gc,task        ] GC(78) Using 4 workers of 33 for full compaction
[32.201s][info][gc,phases,start] GC(78) Phase 1: Mark live objects
[32.283s][info][gc,phases      ] GC(78) Phase 1: Mark live objects 82.640ms
[32.283s][info][gc,phases,start] GC(78) Phase 2: Prepare compaction
[32.297s][info][gc,phases      ] GC(78) Phase 2: Prepare compaction 13.482ms
[32.297s][info][gc,phases,start] GC(78) Phase 3: Adjust pointers
[32.322s][info][gc,phases      ] GC(78) Phase 3: Adjust pointers 25.655ms
[32.322s][info][gc,phases,start] GC(78) Phase 4: Compact heap
[32.331s][info][gc,phases      ] GC(78) Phase 4: Compact heap 8.767ms
[32.342s][info][gc,heap        ] GC(78) Eden regions: 13->0(28)
[32.342s][info][gc,heap        ] GC(78) Survivor regions: 1->0(4)
[32.342s][info][gc,heap        ] GC(78) Old regions: 14->14
[32.342s][info][gc,heap        ] GC(78) Archive regions: 0->0
[32.342s][info][gc,heap        ] GC(78) Humongous regions: 0->0
[32.342s][info][gc,metaspace   ] GC(78) Metaspace: 59961K(60800K)->59961K(60800K) NonClass: 52399K(52864K)->52399K(52864K) Class: 7561K(7936K)->7561K(7936K)
[32.342s][info][gc             ] GC(78) Pause Full (System.gc()) 378M->172M(752M) 141.595ms
[32.342s][info][gc,cpu         ] GC(78) User=0.47s Sys=0.00s Real=0.14s
[32.558s][info][gc,start       ] GC(79) Pause Young (Normal) (G1 Evacuation Pause)
[32.558s][info][gc,task        ] GC(79) Using 18 workers of 33 for evacuation
[32.570s][info][gc,phases      ] GC(79)   Pre Evacuate Collection Set: 0.2ms
[32.570s][info][gc,phases      ] GC(79)   Merge Heap Roots: 0.1ms
[32.570s][info][gc,phases      ] GC(79)   Evacuate Collection Set: 0.5ms
[32.570s][info][gc,phases      ] GC(79)   Post Evacuate Collection Set: 11.4ms
[32.570s][info][gc,phases      ] GC(79)   Other: 0.2ms
[32.570s][info][gc,heap        ] GC(79) Eden regions: 28->0(83)
[32.570s][info][gc,heap        ] GC(79) Survivor regions: 0->1(4)
[32.571s][info][gc,heap        ] GC(79) Old regions: 14->14
[32.571s][info][gc,heap        ] GC(79) Archive regions: 0->0
[32.571s][info][gc,heap        ] GC(79) Humongous regions: 0->0
[32.571s][info][gc,metaspace   ] GC(79) Metaspace: 59972K(60800K)->59972K(60800K) NonClass: 52410K(52864K)->52410K(52864K) Class: 7561K(7936K)->7561K(7936K)
[32.571s][info][gc             ] GC(79) Pause Young (Normal) (G1 Evacuation Pause) 620M->173M(2256M) 12.931ms
[32.571s][info][gc,cpu         ] GC(79) User=0.02s Sys=0.02s Real=0.03s
[33.294s][info][gc,start       ] GC(80) Pause Young (Normal) (G1 Evacuation Pause)
[33.295s][info][gc,task        ] GC(80) Using 33 workers of 33 for evacuation
[33.297s][info][gc,phases      ] GC(80)   Pre Evacuate Collection Set: 0.3ms
[33.297s][info][gc,phases      ] GC(80)   Merge Heap Roots: 0.2ms
[33.297s][info][gc,phases      ] GC(80)   Evacuate Collection Set: 1.3ms
[33.297s][info][gc,phases      ] GC(80)   Post Evacuate Collection Set: 0.8ms
[33.298s][info][gc,phases      ] GC(80)   Other: 0.2ms
[33.298s][info][gc,heap        ] GC(80) Eden regions: 83->0(83)
[33.298s][info][gc,heap        ] GC(80) Survivor regions: 1->1(11)
[33.298s][info][gc,heap        ] GC(80) Old regions: 14->14
[33.298s][info][gc,heap        ] GC(80) Archive regions: 0->0
[33.298s][info][gc,heap        ] GC(80) Humongous regions: 0->0
[33.298s][info][gc,metaspace   ] GC(80) Metaspace: 59983K(60864K)->59983K(60864K) NonClass: 52421K(52928K)->52421K(52928K) Class: 7561K(7936K)->7561K(7936K)
[33.298s][info][gc             ] GC(80) Pause Young (Normal) (G1 Evacuation Pause) 1501M->173M(2256M) 3.315ms
[33.298s][info][gc,cpu         ] GC(80) User=0.00s Sys=0.00s Real=0.00s
[33.391s][info][gc,start       ] GC(81) Pause Full (System.gc())
[33.391s][info][gc,task        ] GC(81) Using 14 workers of 33 for full compaction
[33.392s][info][gc,phases,start] GC(81) Phase 1: Mark live objects
[33.439s][info][gc,phases      ] GC(81) Phase 1: Mark live objects 46.666ms
[33.439s][info][gc,phases,start] GC(81) Phase 2: Prepare compaction
[33.446s][info][gc,phases      ] GC(81) Phase 2: Prepare compaction 7.702ms
[33.446s][info][gc,phases,start] GC(81) Phase 3: Adjust pointers
[33.464s][info][gc,phases      ] GC(81) Phase 3: Adjust pointers 17.649ms
[33.464s][info][gc,phases,start] GC(81) Phase 4: Compact heap
[33.468s][info][gc,phases      ] GC(81) Phase 4: Compact heap 4.041ms
[33.488s][info][gc,heap        ] GC(81) Eden regions: 11->0(36)
[33.488s][info][gc,heap        ] GC(81) Survivor regions: 1->0(11)
[33.488s][info][gc,heap        ] GC(81) Old regions: 14->18
[33.488s][info][gc,heap        ] GC(81) Archive regions: 0->0
[33.488s][info][gc,heap        ] GC(81) Humongous regions: 0->0
[33.488s][info][gc,metaspace   ] GC(81) Metaspace: 60005K(60864K)->60005K(60864K) NonClass: 52444K(52928K)->52444K(52928K) Class: 7561K(7936K)->7561K(7936K)
[33.488s][info][gc             ] GC(81) Pause Full (System.gc()) 346M->173M(960M) 97.272ms
[33.488s][info][gc,cpu         ] GC(81) User=0.86s Sys=0.20s Real=0.09s
[33.797s][info][gc,start       ] GC(82) Pause Young (Normal) (G1 Evacuation Pause)
[33.797s][info][gc,task        ] GC(82) Using 23 workers of 33 for evacuation
[33.799s][info][gc,phases      ] GC(82)   Pre Evacuate Collection Set: 0.2ms
[33.799s][info][gc,phases      ] GC(82)   Merge Heap Roots: 0.2ms
[33.799s][info][gc,phases      ] GC(82)   Evacuate Collection Set: 0.5ms
[33.799s][info][gc,phases      ] GC(82)   Post Evacuate Collection Set: 0.6ms
[33.799s][info][gc,phases      ] GC(82)   Other: 0.2ms
[33.799s][info][gc,heap        ] GC(82) Eden regions: 36->0(35)
[33.799s][info][gc,heap        ] GC(82) Survivor regions: 0->1(5)
[33.799s][info][gc,heap        ] GC(82) Old regions: 18->18
[33.799s][info][gc,heap        ] GC(82) Archive regions: 0->0
[33.799s][info][gc,heap        ] GC(82) Humongous regions: 0->0
[33.799s][info][gc,metaspace   ] GC(82) Metaspace: 60027K(60864K)->60027K(60864K) NonClass: 52466K(52928K)->52466K(52928K) Class: 7561K(7936K)->7561K(7936K)
[33.799s][info][gc             ] GC(82) Pause Young (Normal) (G1 Evacuation Pause) 749M->173M(960M) 2.188ms
[33.799s][info][gc,cpu         ] GC(82) User=0.00s Sys=0.00s Real=0.00s
[34.002s][info][gc,start       ] GC(83) Pause Young (Normal) (G1 Evacuation Pause)
[34.002s][info][gc,task        ] GC(83) Using 23 workers of 33 for evacuation
[34.003s][info][gc,phases      ] GC(83)   Pre Evacuate Collection Set: 0.2ms
[34.003s][info][gc,phases      ] GC(83)   Merge Heap Roots: 0.1ms
[34.003s][info][gc,phases      ] GC(83)   Evacuate Collection Set: 0.5ms
[34.004s][info][gc,phases      ] GC(83)   Post Evacuate Collection Set: 0.6ms
[34.004s][info][gc,phases      ] GC(83)   Other: 0.2ms
[34.004s][info][gc,heap        ] GC(83) Eden regions: 35->0(35)
[34.004s][info][gc,heap        ] GC(83) Survivor regions: 1->1(5)
[34.004s][info][gc,heap        ] GC(83) Old regions: 18->18
[34.004s][info][gc,heap        ] GC(83) Archive regions: 0->0
[34.004s][info][gc,heap        ] GC(83) Humongous regions: 0->0
[34.004s][info][gc,metaspace   ] GC(83) Metaspace: 60028K(60864K)->60028K(60864K) NonClass: 52467K(52928K)->52467K(52928K) Class: 7561K(7936K)->7561K(7936K)
[34.004s][info][gc             ] GC(83) Pause Young (Normal) (G1 Evacuation Pause) 733M->173M(960M) 2.158ms
[34.004s][info][gc,cpu         ] GC(83) User=0.00s Sys=0.00s Real=0.00s
[34.201s][info][gc,start       ] GC(84) Pause Young (Normal) (G1 Evacuation Pause)
[34.201s][info][gc,task        ] GC(84) Using 23 workers of 33 for evacuation
[34.203s][info][gc,phases      ] GC(84)   Pre Evacuate Collection Set: 0.1ms
[34.203s][info][gc,phases      ] GC(84)   Merge Heap Roots: 0.1ms
[34.203s][info][gc,phases      ] GC(84)   Evacuate Collection Set: 0.5ms
[34.203s][info][gc,phases      ] GC(84)   Post Evacuate Collection Set: 0.7ms
[34.203s][info][gc,phases      ] GC(84)   Other: 0.1ms
[34.203s][info][gc,heap        ] GC(84) Eden regions: 35->0(35)
[34.203s][info][gc,heap        ] GC(84) Survivor regions: 1->1(5)
[34.203s][info][gc,heap        ] GC(84) Old regions: 18->18
[34.203s][info][gc,heap        ] GC(84) Archive regions: 0->0
[34.203s][info][gc,heap        ] GC(84) Humongous regions: 0->0
[34.203s][info][gc,metaspace   ] GC(84) Metaspace: 60028K(60864K)->60028K(60864K) NonClass: 52467K(52928K)->52467K(52928K) Class: 7561K(7936K)->7561K(7936K)
[34.203s][info][gc             ] GC(84) Pause Young (Normal) (G1 Evacuation Pause) 733M->173M(960M) 2.151ms
[34.203s][info][gc,cpu         ] GC(84) User=0.00s Sys=0.00s Real=0.00s
[34.339s][info][gc,start       ] GC(85) Pause Full (System.gc())
[34.339s][info][gc,task        ] GC(85) Using 6 workers of 33 for full compaction
[34.340s][info][gc,phases,start] GC(85) Phase 1: Mark live objects
[34.401s][info][gc,phases      ] GC(85) Phase 1: Mark live objects 61.401ms
[34.401s][info][gc,phases,start] GC(85) Phase 2: Prepare compaction
[34.417s][info][gc,phases      ] GC(85) Phase 2: Prepare compaction 15.412ms
[34.417s][info][gc,phases,start] GC(85) Phase 3: Adjust pointers
[34.438s][info][gc,phases      ] GC(85) Phase 3: Adjust pointers 20.924ms
[34.438s][info][gc,phases,start] GC(85) Phase 4: Compact heap
[34.446s][info][gc,phases      ] GC(85) Phase 4: Compact heap 8.701ms
[34.457s][info][gc,heap        ] GC(85) Eden regions: 17->0(32)
[34.457s][info][gc,heap        ] GC(85) Survivor regions: 1->0(5)
[34.457s][info][gc,heap        ] GC(85) Old regions: 18->16
[34.457s][info][gc,heap        ] GC(85) Archive regions: 0->0
[34.457s][info][gc,heap        ] GC(85) Humongous regions: 0->0
[34.457s][info][gc,metaspace   ] GC(85) Metaspace: 60042K(60864K)->60042K(60864K) NonClass: 52480K(52928K)->52480K(52928K) Class: 7561K(7936K)->7561K(7936K)
[34.457s][info][gc             ] GC(85) Pause Full (System.gc()) 433M->173M(864M) 118.040ms
[34.457s][info][gc,cpu         ] GC(85) User=0.44s Sys=0.00s Real=0.11s
[34.715s][info][gc,start       ] GC(86) Pause Young (Normal) (G1 Evacuation Pause)
[34.715s][info][gc,task        ] GC(86) Using 20 workers of 33 for evacuation
[34.717s][info][gc,phases      ] GC(86)   Pre Evacuate Collection Set: 0.1ms
[34.717s][info][gc,phases      ] GC(86)   Merge Heap Roots: 0.1ms
[34.717s][info][gc,phases      ] GC(86)   Evacuate Collection Set: 0.5ms
[34.717s][info][gc,phases      ] GC(86)   Post Evacuate Collection Set: 0.5ms
[34.717s][info][gc,phases      ] GC(86)   Other: 0.1ms
[34.717s][info][gc,heap        ] GC(86) Eden regions: 32->0(31)
[34.717s][info][gc,heap        ] GC(86) Survivor regions: 0->1(4)
[34.717s][info][gc,heap        ] GC(86) Old regions: 16->16
[34.717s][info][gc,heap        ] GC(86) Archive regions: 0->0
[34.717s][info][gc,heap        ] GC(86) Humongous regions: 0->0
[34.717s][info][gc,metaspace   ] GC(86) Metaspace: 60064K(60928K)->60064K(60928K) NonClass: 52501K(52992K)->52501K(52992K) Class: 7562K(7936K)->7562K(7936K)
[34.717s][info][gc             ] GC(86) Pause Young (Normal) (G1 Evacuation Pause) 685M->173M(864M) 1.558ms
[34.717s][info][gc,cpu         ] GC(86) User=0.00s Sys=0.00s Real=0.00s
[34.901s][info][gc,start       ] GC(87) Pause Young (Normal) (G1 Evacuation Pause)
[34.901s][info][gc,task        ] GC(87) Using 20 workers of 33 for evacuation
[34.902s][info][gc,phases      ] GC(87)   Pre Evacuate Collection Set: 0.2ms
[34.902s][info][gc,phases      ] GC(87)   Merge Heap Roots: 0.1ms
[34.902s][info][gc,phases      ] GC(87)   Evacuate Collection Set: 0.5ms
[34.902s][info][gc,phases      ] GC(87)   Post Evacuate Collection Set: 0.7ms
[34.902s][info][gc,phases      ] GC(87)   Other: 0.1ms
[34.903s][info][gc,heap        ] GC(87) Eden regions: 31->0(31)
[34.903s][info][gc,heap        ] GC(87) Survivor regions: 1->1(4)
[34.903s][info][gc,heap        ] GC(87) Old regions: 16->16
[34.903s][info][gc,heap        ] GC(87) Archive regions: 0->0
[34.903s][info][gc,heap        ] GC(87) Humongous regions: 0->0
[34.903s][info][gc,metaspace   ] GC(87) Metaspace: 60064K(60928K)->60064K(60928K) NonClass: 52501K(52992K)->52501K(52992K) Class: 7562K(7936K)->7562K(7936K)
[34.903s][info][gc             ] GC(87) Pause Young (Normal) (G1 Evacuation Pause) 669M->173M(864M) 2.115ms
[34.903s][info][gc,cpu         ] GC(87) User=0.00s Sys=0.00s Real=0.00s
[35.069s][info][gc,start       ] GC(88) Pause Young (Normal) (G1 Evacuation Pause)
[35.070s][info][gc,task        ] GC(88) Using 20 workers of 33 for evacuation
[35.071s][info][gc,phases      ] GC(88)   Pre Evacuate Collection Set: 0.1ms
[35.071s][info][gc,phases      ] GC(88)   Merge Heap Roots: 0.1ms
[35.071s][info][gc,phases      ] GC(88)   Evacuate Collection Set: 0.6ms
[35.071s][info][gc,phases      ] GC(88)   Post Evacuate Collection Set: 0.7ms
[35.071s][info][gc,phases      ] GC(88)   Other: 0.2ms
[35.071s][info][gc,heap        ] GC(88) Eden regions: 31->0(31)
[35.071s][info][gc,heap        ] GC(88) Survivor regions: 1->1(4)
[35.072s][info][gc,heap        ] GC(88) Old regions: 16->16
[35.072s][info][gc,heap        ] GC(88) Archive regions: 0->0
[35.072s][info][gc,heap        ] GC(88) Humongous regions: 0->0
[35.072s][info][gc,metaspace   ] GC(88) Metaspace: 60064K(60928K)->60064K(60928K) NonClass: 52501K(52992K)->52501K(52992K) Class: 7562K(7936K)->7562K(7936K)
[35.072s][info][gc             ] GC(88) Pause Young (Normal) (G1 Evacuation Pause) 669M->173M(864M) 2.161ms
[35.072s][info][gc,cpu         ] GC(88) User=0.31s Sys=0.00s Real=0.01s
[35.249s][info][gc,start       ] GC(89) Pause Full (System.gc())
[35.249s][info][gc,task        ] GC(89) Using 4 workers of 33 for full compaction
[35.249s][info][gc,phases,start] GC(89) Phase 1: Mark live objects
[35.332s][info][gc,phases      ] GC(89) Phase 1: Mark live objects 83.153ms
[35.332s][info][gc,phases,start] GC(89) Phase 2: Prepare compaction
[35.354s][info][gc,phases      ] GC(89) Phase 2: Prepare compaction 21.704ms
[35.354s][info][gc,phases,start] GC(89) Phase 3: Adjust pointers
[35.382s][info][gc,phases      ] GC(89) Phase 3: Adjust pointers 27.960ms
[35.382s][info][gc,phases,start] GC(89) Phase 4: Compact heap
[35.386s][info][gc,phases      ] GC(89) Phase 4: Compact heap 3.933ms
[35.396s][info][gc,heap        ] GC(89) Eden regions: 28->0(28)
[35.397s][info][gc,heap        ] GC(89) Survivor regions: 1->0(4)
[35.397s][info][gc,heap        ] GC(89) Old regions: 16->14
[35.397s][info][gc,heap        ] GC(89) Archive regions: 0->0
[35.397s][info][gc,heap        ] GC(89) Humongous regions: 0->0
[35.397s][info][gc,metaspace   ] GC(89) Metaspace: 60085K(60992K)->60085K(60992K) NonClass: 52523K(53056K)->52523K(53056K) Class: 7562K(7936K)->7562K(7936K)
[35.397s][info][gc             ] GC(89) Pause Full (System.gc()) 619M->173M(752M) 148.120ms
[35.397s][info][gc,cpu         ] GC(89) User=0.52s Sys=0.00s Real=0.14s
[35.623s][info][gc,start       ] GC(90) Pause Young (Normal) (G1 Evacuation Pause)
[35.624s][info][gc,task        ] GC(90) Using 18 workers of 33 for evacuation
[35.636s][info][gc,phases      ] GC(90)   Pre Evacuate Collection Set: 0.2ms
[35.636s][info][gc,phases      ] GC(90)   Merge Heap Roots: 0.1ms
[35.636s][info][gc,phases      ] GC(90)   Evacuate Collection Set: 0.5ms
[35.636s][info][gc,phases      ] GC(90)   Post Evacuate Collection Set: 11.3ms
[35.636s][info][gc,phases      ] GC(90)   Other: 0.2ms
[35.636s][info][gc,heap        ] GC(90) Eden regions: 28->0(83)
[35.636s][info][gc,heap        ] GC(90) Survivor regions: 0->1(4)
[35.636s][info][gc,heap        ] GC(90) Old regions: 14->14
[35.636s][info][gc,heap        ] GC(90) Archive regions: 0->0
[35.636s][info][gc,heap        ] GC(90) Humongous regions: 0->0
[35.636s][info][gc,metaspace   ] GC(90) Metaspace: 60108K(60992K)->60108K(60992K) NonClass: 52545K(53056K)->52545K(53056K) Class: 7562K(7936K)->7562K(7936K)
[35.636s][info][gc             ] GC(90) Pause Young (Normal) (G1 Evacuation Pause) 621M->173M(2256M) 12.883ms
[35.636s][info][gc,cpu         ] GC(90) User=0.03s Sys=0.00s Real=0.02s
[36.357s][info][gc,start       ] GC(91) Pause Young (Normal) (G1 Evacuation Pause)
[36.357s][info][gc,task        ] GC(91) Using 33 workers of 33 for evacuation
[36.360s][info][gc,phases      ] GC(91)   Pre Evacuate Collection Set: 0.3ms
[36.360s][info][gc,phases      ] GC(91)   Merge Heap Roots: 0.2ms
[36.360s][info][gc,phases      ] GC(91)   Evacuate Collection Set: 1.1ms
[36.360s][info][gc,phases      ] GC(91)   Post Evacuate Collection Set: 0.8ms
[36.360s][info][gc,phases      ] GC(91)   Other: 0.2ms
[36.360s][info][gc,heap        ] GC(91) Eden regions: 83->0(83)
[36.360s][info][gc,heap        ] GC(91) Survivor regions: 1->1(11)
[36.360s][info][gc,heap        ] GC(91) Old regions: 14->14
[36.360s][info][gc,heap        ] GC(91) Archive regions: 0->0
[36.360s][info][gc,heap        ] GC(91) Humongous regions: 0->0
[36.360s][info][gc,metaspace   ] GC(91) Metaspace: 60108K(60992K)->60108K(60992K) NonClass: 52545K(53056K)->52545K(53056K) Class: 7562K(7936K)->7562K(7936K)
[36.360s][info][gc             ] GC(91) Pause Young (Normal) (G1 Evacuation Pause) 1501M->173M(2256M) 3.114ms
[36.360s][info][gc,cpu         ] GC(91) User=0.00s Sys=0.00s Real=0.00s
[36.444s][info][gc,start       ] GC(92) Pause Full (System.gc())
[36.444s][info][gc,task        ] GC(92) Using 14 workers of 33 for full compaction
[36.445s][info][gc,phases,start] GC(92) Phase 1: Mark live objects
[36.486s][info][gc,phases      ] GC(92) Phase 1: Mark live objects 41.915ms
[36.486s][info][gc,phases,start] GC(92) Phase 2: Prepare compaction
[36.494s][info][gc,phases      ] GC(92) Phase 2: Prepare compaction 7.266ms
[36.494s][info][gc,phases,start] GC(92) Phase 3: Adjust pointers
[36.510s][info][gc,phases      ] GC(92) Phase 3: Adjust pointers 16.062ms
[36.510s][info][gc,phases,start] GC(92) Phase 4: Compact heap
[36.514s][info][gc,phases      ] GC(92) Phase 4: Compact heap 4.286ms
[36.535s][info][gc,heap        ] GC(92) Eden regions: 11->0(36)
[36.535s][info][gc,heap        ] GC(92) Survivor regions: 1->0(11)
[36.535s][info][gc,heap        ] GC(92) Old regions: 14->18
[36.535s][info][gc,heap        ] GC(92) Archive regions: 0->0
[36.535s][info][gc,heap        ] GC(92) Humongous regions: 0->0
[36.535s][info][gc,metaspace   ] GC(92) Metaspace: 60132K(61056K)->60132K(61056K) NonClass: 52569K(53120K)->52569K(53120K) Class: 7562K(7936K)->7562K(7936K)
[36.535s][info][gc             ] GC(92) Pause Full (System.gc()) 346M->173M(960M) 91.134ms
[36.535s][info][gc,cpu         ] GC(92) User=0.77s Sys=0.50s Real=0.09s
[36.835s][info][gc,start       ] GC(93) Pause Young (Normal) (G1 Evacuation Pause)
[36.835s][info][gc,task        ] GC(93) Using 23 workers of 33 for evacuation
[36.837s][info][gc,phases      ] GC(93)   Pre Evacuate Collection Set: 0.2ms
[36.837s][info][gc,phases      ] GC(93)   Merge Heap Roots: 0.2ms
[36.837s][info][gc,phases      ] GC(93)   Evacuate Collection Set: 0.5ms
[36.837s][info][gc,phases      ] GC(93)   Post Evacuate Collection Set: 0.7ms
[36.837s][info][gc,phases      ] GC(93)   Other: 0.2ms
[36.837s][info][gc,heap        ] GC(93) Eden regions: 36->0(35)
[36.837s][info][gc,heap        ] GC(93) Survivor regions: 0->1(5)
[36.837s][info][gc,heap        ] GC(93) Old regions: 18->18
[36.837s][info][gc,heap        ] GC(93) Archive regions: 0->0
[36.837s][info][gc,heap        ] GC(93) Humongous regions: 0->0
[36.837s][info][gc,metaspace   ] GC(93) Metaspace: 60150K(61056K)->60150K(61056K) NonClass: 52587K(53120K)->52587K(53120K) Class: 7562K(7936K)->7562K(7936K)
[36.837s][info][gc             ] GC(93) Pause Young (Normal) (G1 Evacuation Pause) 749M->173M(960M) 2.177ms
[36.837s][info][gc,cpu         ] GC(93) User=0.00s Sys=0.00s Real=0.00s
[37.043s][info][gc,start       ] GC(94) Pause Young (Normal) (G1 Evacuation Pause)
[37.043s][info][gc,task        ] GC(94) Using 23 workers of 33 for evacuation
[37.045s][info][gc,phases      ] GC(94)   Pre Evacuate Collection Set: 0.2ms
[37.045s][info][gc,phases      ] GC(94)   Merge Heap Roots: 0.2ms
[37.045s][info][gc,phases      ] GC(94)   Evacuate Collection Set: 0.5ms
[37.045s][info][gc,phases      ] GC(94)   Post Evacuate Collection Set: 0.7ms
[37.045s][info][gc,phases      ] GC(94)   Other: 0.2ms
[37.045s][info][gc,heap        ] GC(94) Eden regions: 35->0(35)
[37.045s][info][gc,heap        ] GC(94) Survivor regions: 1->1(5)
[37.045s][info][gc,heap        ] GC(94) Old regions: 18->18
[37.045s][info][gc,heap        ] GC(94) Archive regions: 0->0
[37.045s][info][gc,heap        ] GC(94) Humongous regions: 0->0
[37.045s][info][gc,metaspace   ] GC(94) Metaspace: 60158K(61056K)->60158K(61056K) NonClass: 52596K(53120K)->52596K(53120K) Class: 7562K(7936K)->7562K(7936K)
[37.046s][info][gc             ] GC(94) Pause Young (Normal) (G1 Evacuation Pause) 733M->173M(960M) 2.201ms
[37.046s][info][gc,cpu         ] GC(94) User=0.00s Sys=0.00s Real=0.00s
[37.232s][info][gc,start       ] GC(95) Pause Young (Normal) (G1 Evacuation Pause)
[37.232s][info][gc,task        ] GC(95) Using 23 workers of 33 for evacuation
[37.234s][info][gc,phases      ] GC(95)   Pre Evacuate Collection Set: 0.2ms
[37.234s][info][gc,phases      ] GC(95)   Merge Heap Roots: 0.2ms
[37.234s][info][gc,phases      ] GC(95)   Evacuate Collection Set: 0.5ms
[37.234s][info][gc,phases      ] GC(95)   Post Evacuate Collection Set: 0.7ms
[37.234s][info][gc,phases      ] GC(95)   Other: 0.1ms
[37.234s][info][gc,heap        ] GC(95) Eden regions: 35->0(35)
[37.234s][info][gc,heap        ] GC(95) Survivor regions: 1->1(5)
[37.234s][info][gc,heap        ] GC(95) Old regions: 18->18
[37.234s][info][gc,heap        ] GC(95) Archive regions: 0->0
[37.234s][info][gc,heap        ] GC(95) Humongous regions: 0->0
[37.234s][info][gc,metaspace   ] GC(95) Metaspace: 60158K(61056K)->60158K(61056K) NonClass: 52596K(53120K)->52596K(53120K) Class: 7562K(7936K)->7562K(7936K)
[37.234s][info][gc             ] GC(95) Pause Young (Normal) (G1 Evacuation Pause) 733M->173M(960M) 2.160ms
[37.234s][info][gc,cpu         ] GC(95) User=0.00s Sys=0.00s Real=0.00s
[37.347s][info][gc,start       ] GC(96) Pause Full (System.gc())
[37.347s][info][gc,task        ] GC(96) Using 6 workers of 33 for full compaction
[37.347s][info][gc,phases,start] GC(96) Phase 1: Mark live objects
[37.406s][info][gc,phases      ] GC(96) Phase 1: Mark live objects 58.639ms
[37.406s][info][gc,phases,start] GC(96) Phase 2: Prepare compaction
[37.419s][info][gc,phases      ] GC(96) Phase 2: Prepare compaction 13.141ms
[37.419s][info][gc,phases,start] GC(96) Phase 3: Adjust pointers
[37.441s][info][gc,phases      ] GC(96) Phase 3: Adjust pointers 21.620ms
[37.441s][info][gc,phases,start] GC(96) Phase 4: Compact heap
[37.445s][info][gc,phases      ] GC(96) Phase 4: Compact heap 4.525ms
[37.456s][info][gc,heap        ] GC(96) Eden regions: 17->0(32)
[37.456s][info][gc,heap        ] GC(96) Survivor regions: 1->0(5)
[37.456s][info][gc,heap        ] GC(96) Old regions: 18->16
[37.456s][info][gc,heap        ] GC(96) Archive regions: 0->0
[37.456s][info][gc,heap        ] GC(96) Humongous regions: 0->0
[37.456s][info][gc,metaspace   ] GC(96) Metaspace: 60186K(61056K)->60186K(61056K) NonClass: 52623K(53120K)->52623K(53120K) Class: 7563K(7936K)->7563K(7936K)
[37.456s][info][gc             ] GC(96) Pause Full (System.gc()) 434M->173M(864M) 109.459ms
[37.456s][info][gc,cpu         ] GC(96) User=0.48s Sys=0.03s Real=0.11s
[37.696s][info][gc,start       ] GC(97) Pause Young (Normal) (G1 Evacuation Pause)
[37.696s][info][gc,task        ] GC(97) Using 20 workers of 33 for evacuation
[37.698s][info][gc,phases      ] GC(97)   Pre Evacuate Collection Set: 0.2ms
[37.698s][info][gc,phases      ] GC(97)   Merge Heap Roots: 0.2ms
[37.698s][info][gc,phases      ] GC(97)   Evacuate Collection Set: 0.5ms
[37.698s][info][gc,phases      ] GC(97)   Post Evacuate Collection Set: 0.7ms
[37.698s][info][gc,phases      ] GC(97)   Other: 0.2ms
[37.698s][info][gc,heap        ] GC(97) Eden regions: 32->0(31)
[37.698s][info][gc,heap        ] GC(97) Survivor regions: 0->1(4)
[37.698s][info][gc,heap        ] GC(97) Old regions: 16->16
[37.698s][info][gc,heap        ] GC(97) Archive regions: 0->0
[37.698s][info][gc,heap        ] GC(97) Humongous regions: 0->0
[37.698s][info][gc,metaspace   ] GC(97) Metaspace: 60311K(61184K)->60311K(61184K) NonClass: 52746K(53248K)->52746K(53248K) Class: 7565K(7936K)->7565K(7936K)
[37.698s][info][gc             ] GC(97) Pause Young (Normal) (G1 Evacuation Pause) 685M->173M(864M) 2.216ms
[37.698s][info][gc,cpu         ] GC(97) User=0.00s Sys=0.00s Real=0.00s
[37.872s][info][gc,start       ] GC(98) Pause Young (Normal) (G1 Evacuation Pause)
[37.872s][info][gc,task        ] GC(98) Using 20 workers of 33 for evacuation
[37.874s][info][gc,phases      ] GC(98)   Pre Evacuate Collection Set: 0.2ms
[37.874s][info][gc,phases      ] GC(98)   Merge Heap Roots: 0.1ms
[37.874s][info][gc,phases      ] GC(98)   Evacuate Collection Set: 0.5ms
[37.874s][info][gc,phases      ] GC(98)   Post Evacuate Collection Set: 0.7ms
[37.874s][info][gc,phases      ] GC(98)   Other: 0.2ms
[37.874s][info][gc,heap        ] GC(98) Eden regions: 31->0(31)
[37.874s][info][gc,heap        ] GC(98) Survivor regions: 1->1(4)
[37.874s][info][gc,heap        ] GC(98) Old regions: 16->16
[37.874s][info][gc,heap        ] GC(98) Archive regions: 0->0
[37.874s][info][gc,heap        ] GC(98) Humongous regions: 0->0
[37.874s][info][gc,metaspace   ] GC(98) Metaspace: 60314K(61184K)->60314K(61184K) NonClass: 52748K(53248K)->52748K(53248K) Class: 7565K(7936K)->7565K(7936K)
[37.874s][info][gc             ] GC(98) Pause Young (Normal) (G1 Evacuation Pause) 669M->173M(864M) 2.142ms
[37.874s][info][gc,cpu         ] GC(98) User=0.00s Sys=0.00s Real=0.00s
[38.041s][info][gc,start       ] GC(99) Pause Young (Normal) (G1 Evacuation Pause)
[38.041s][info][gc,task        ] GC(99) Using 20 workers of 33 for evacuation
[38.043s][info][gc,phases      ] GC(99)   Pre Evacuate Collection Set: 0.1ms
[38.043s][info][gc,phases      ] GC(99)   Merge Heap Roots: 0.1ms
[38.043s][info][gc,phases      ] GC(99)   Evacuate Collection Set: 0.5ms
[38.043s][info][gc,phases      ] GC(99)   Post Evacuate Collection Set: 0.6ms
[38.043s][info][gc,phases      ] GC(99)   Other: 0.1ms
[38.043s][info][gc,heap        ] GC(99) Eden regions: 31->0(31)
[38.043s][info][gc,heap        ] GC(99) Survivor regions: 1->1(4)
[38.043s][info][gc,heap        ] GC(99) Old regions: 16->16
[38.043s][info][gc,heap        ] GC(99) Archive regions: 0->0
[38.043s][info][gc,heap        ] GC(99) Humongous regions: 0->0
[38.043s][info][gc,metaspace   ] GC(99) Metaspace: 60314K(61184K)->60314K(61184K) NonClass: 52748K(53248K)->52748K(53248K) Class: 7565K(7936K)->7565K(7936K)
[38.043s][info][gc             ] GC(99) Pause Young (Normal) (G1 Evacuation Pause) 669M->173M(864M) 2.032ms
[38.043s][info][gc,cpu         ] GC(99) User=0.00s Sys=0.00s Real=0.00s
[38.237s][info][gc,start       ] GC(100) Pause Full (System.gc())
[38.237s][info][gc,task        ] GC(100) Using 4 workers of 33 for full compaction
[38.238s][info][gc,phases,start] GC(100) Phase 1: Mark live objects
[38.346s][info][gc,phases      ] GC(100) Phase 1: Mark live objects 108.932ms
[38.347s][info][gc,phases,start] GC(100) Phase 2: Prepare compaction
[38.367s][info][gc,phases      ] GC(100) Phase 2: Prepare compaction 20.586ms
[38.367s][info][gc,phases,start] GC(100) Phase 3: Adjust pointers
[38.398s][info][gc,phases      ] GC(100) Phase 3: Adjust pointers 30.901ms
[38.398s][info][gc,phases,start] GC(100) Phase 4: Compact heap
[38.406s][info][gc,phases      ] GC(100) Phase 4: Compact heap 8.145ms
[38.417s][info][gc,heap        ] GC(100) Eden regions: 28->0(28)
[38.417s][info][gc,heap        ] GC(100) Survivor regions: 1->0(4)
[38.417s][info][gc,heap        ] GC(100) Old regions: 16->14
[38.417s][info][gc,heap        ] GC(100) Archive regions: 0->0
[38.417s][info][gc,heap        ] GC(100) Humongous regions: 0->0
[38.417s][info][gc,metaspace   ] GC(100) Metaspace: 60332K(61184K)->60332K(61184K) NonClass: 52766K(53248K)->52766K(53248K) Class: 7565K(7936K)->7565K(7936K)
[38.417s][info][gc             ] GC(100) Pause Full (System.gc()) 619M->173M(752M) 180.319ms
[38.418s][info][gc,cpu         ] GC(100) User=0.63s Sys=0.00s Real=0.17s
[38.640s][info][gc,start       ] GC(101) Pause Young (Normal) (G1 Evacuation Pause)
[38.640s][info][gc,task        ] GC(101) Using 18 workers of 33 for evacuation
[38.652s][info][gc,phases      ] GC(101)   Pre Evacuate Collection Set: 0.2ms
[38.653s][info][gc,phases      ] GC(101)   Merge Heap Roots: 0.1ms
[38.653s][info][gc,phases      ] GC(101)   Evacuate Collection Set: 0.5ms
[38.653s][info][gc,phases      ] GC(101)   Post Evacuate Collection Set: 11.0ms
[38.653s][info][gc,phases      ] GC(101)   Other: 0.2ms
[38.653s][info][gc,heap        ] GC(101) Eden regions: 28->0(83)
[38.653s][info][gc,heap        ] GC(101) Survivor regions: 0->1(4)
[38.653s][info][gc,heap        ] GC(101) Old regions: 14->14
[38.653s][info][gc,heap        ] GC(101) Archive regions: 0->0
[38.653s][info][gc,heap        ] GC(101) Humongous regions: 0->0
[38.653s][info][gc,metaspace   ] GC(101) Metaspace: 60377K(61248K)->60377K(61248K) NonClass: 52812K(53312K)->52812K(53312K) Class: 7565K(7936K)->7565K(7936K)
[38.653s][info][gc             ] GC(101) Pause Young (Normal) (G1 Evacuation Pause) 621M->173M(2256M) 12.506ms
[38.653s][info][gc,cpu         ] GC(101) User=0.00s Sys=0.02s Real=0.02s
[39.390s][info][gc,start       ] GC(102) Pause Young (Normal) (G1 Evacuation Pause)
[39.390s][info][gc,task        ] GC(102) Using 33 workers of 33 for evacuation
[39.392s][info][gc,phases      ] GC(102)   Pre Evacuate Collection Set: 0.3ms
[39.392s][info][gc,phases      ] GC(102)   Merge Heap Roots: 0.2ms
[39.392s][info][gc,phases      ] GC(102)   Evacuate Collection Set: 1.0ms
[39.392s][info][gc,phases      ] GC(102)   Post Evacuate Collection Set: 0.8ms
[39.392s][info][gc,phases      ] GC(102)   Other: 0.2ms
[39.392s][info][gc,heap        ] GC(102) Eden regions: 83->0(83)
[39.392s][info][gc,heap        ] GC(102) Survivor regions: 1->1(11)
[39.392s][info][gc,heap        ] GC(102) Old regions: 14->14
[39.392s][info][gc,heap        ] GC(102) Archive regions: 0->0
[39.392s][info][gc,heap        ] GC(102) Humongous regions: 0->0
[39.393s][info][gc,metaspace   ] GC(102) Metaspace: 60378K(61248K)->60378K(61248K) NonClass: 52812K(53312K)->52812K(53312K) Class: 7565K(7936K)->7565K(7936K)
[39.393s][info][gc             ] GC(102) Pause Young (Normal) (G1 Evacuation Pause) 1501M->173M(2256M) 3.078ms
[39.393s][info][gc,cpu         ] GC(102) User=0.00s Sys=0.00s Real=0.00s
[39.482s][info][gc,start       ] GC(103) Pause Full (System.gc())
[39.482s][info][gc,task        ] GC(103) Using 14 workers of 33 for full compaction
[39.483s][info][gc,phases,start] GC(103) Phase 1: Mark live objects
[39.529s][info][gc,phases      ] GC(103) Phase 1: Mark live objects 46.800ms
[39.530s][info][gc,phases,start] GC(103) Phase 2: Prepare compaction
[39.541s][info][gc,phases      ] GC(103) Phase 2: Prepare compaction 11.167ms
[39.541s][info][gc,phases,start] GC(103) Phase 3: Adjust pointers
[39.559s][info][gc,phases      ] GC(103) Phase 3: Adjust pointers 18.531ms
[39.559s][info][gc,phases,start] GC(103) Phase 4: Compact heap
[39.565s][info][gc,phases      ] GC(103) Phase 4: Compact heap 5.222ms
[39.585s][info][gc,heap        ] GC(103) Eden regions: 11->0(34)
[39.585s][info][gc,heap        ] GC(103) Survivor regions: 1->0(11)
[39.585s][info][gc,heap        ] GC(103) Old regions: 14->17
[39.585s][info][gc,heap        ] GC(103) Archive regions: 0->0
[39.585s][info][gc,heap        ] GC(103) Humongous regions: 0->0
[39.585s][info][gc,metaspace   ] GC(103) Metaspace: 60409K(61248K)->60409K(61248K) NonClass: 52844K(53312K)->52844K(53312K) Class: 7565K(7936K)->7565K(7936K)
[39.585s][info][gc             ] GC(103) Pause Full (System.gc()) 346M->173M(912M) 102.955ms
[39.585s][info][gc,cpu         ] GC(103) User=0.91s Sys=0.50s Real=0.09s
[39.883s][info][gc,start       ] GC(104) Pause Young (Normal) (G1 Evacuation Pause)
[39.883s][info][gc,task        ] GC(104) Using 21 workers of 33 for evacuation
[39.885s][info][gc,phases      ] GC(104)   Pre Evacuate Collection Set: 0.2ms
[39.885s][info][gc,phases      ] GC(104)   Merge Heap Roots: 0.2ms
[39.885s][info][gc,phases      ] GC(104)   Evacuate Collection Set: 0.5ms
[39.885s][info][gc,phases      ] GC(104)   Post Evacuate Collection Set: 0.6ms
[39.885s][info][gc,phases      ] GC(104)   Other: 0.2ms
[39.885s][info][gc,heap        ] GC(104) Eden regions: 34->0(33)
[39.885s][info][gc,heap        ] GC(104) Survivor regions: 0->1(5)
[39.885s][info][gc,heap        ] GC(104) Old regions: 17->17
[39.885s][info][gc,heap        ] GC(104) Archive regions: 0->0
[39.885s][info][gc,heap        ] GC(104) Humongous regions: 0->0
[39.885s][info][gc,metaspace   ] GC(104) Metaspace: 60456K(61312K)->60456K(61312K) NonClass: 52891K(53376K)->52891K(53376K) Class: 7565K(7936K)->7565K(7936K)
[39.885s][info][gc             ] GC(104) Pause Young (Normal) (G1 Evacuation Pause) 717M->173M(912M) 2.126ms
[39.885s][info][gc,cpu         ] GC(104) User=0.00s Sys=0.02s Real=0.02s
[40.086s][info][gc,start       ] GC(105) Pause Young (Normal) (G1 Evacuation Pause)
[40.086s][info][gc,task        ] GC(105) Using 21 workers of 33 for evacuation
[40.087s][info][gc,phases      ] GC(105)   Pre Evacuate Collection Set: 0.1ms
[40.087s][info][gc,phases      ] GC(105)   Merge Heap Roots: 0.1ms
[40.087s][info][gc,phases      ] GC(105)   Evacuate Collection Set: 0.5ms
[40.087s][info][gc,phases      ] GC(105)   Post Evacuate Collection Set: 0.4ms
[40.087s][info][gc,phases      ] GC(105)   Other: 0.1ms
[40.087s][info][gc,heap        ] GC(105) Eden regions: 33->0(33)
[40.087s][info][gc,heap        ] GC(105) Survivor regions: 1->1(5)
[40.087s][info][gc,heap        ] GC(105) Old regions: 17->17
[40.087s][info][gc,heap        ] GC(105) Archive regions: 0->0
[40.087s][info][gc,heap        ] GC(105) Humongous regions: 0->0
[40.087s][info][gc,metaspace   ] GC(105) Metaspace: 60456K(61312K)->60456K(61312K) NonClass: 52891K(53376K)->52891K(53376K) Class: 7565K(7936K)->7565K(7936K)
[40.087s][info][gc             ] GC(105) Pause Young (Normal) (G1 Evacuation Pause) 701M->173M(912M) 1.476ms
[40.087s][info][gc,cpu         ] GC(105) User=0.00s Sys=0.00s Real=0.00s
[40.273s][info][gc,start       ] GC(106) Pause Young (Normal) (G1 Evacuation Pause)
[40.273s][info][gc,task        ] GC(106) Using 21 workers of 33 for evacuation
[40.275s][info][gc,phases      ] GC(106)   Pre Evacuate Collection Set: 0.2ms
[40.275s][info][gc,phases      ] GC(106)   Merge Heap Roots: 0.1ms
[40.275s][info][gc,phases      ] GC(106)   Evacuate Collection Set: 0.5ms
[40.275s][info][gc,phases      ] GC(106)   Post Evacuate Collection Set: 0.6ms
[40.275s][info][gc,phases      ] GC(106)   Other: 0.1ms
[40.275s][info][gc,heap        ] GC(106) Eden regions: 33->0(33)
[40.275s][info][gc,heap        ] GC(106) Survivor regions: 1->1(5)
[40.275s][info][gc,heap        ] GC(106) Old regions: 17->17
[40.275s][info][gc,heap        ] GC(106) Archive regions: 0->0
[40.275s][info][gc,heap        ] GC(106) Humongous regions: 0->0
[40.275s][info][gc,metaspace   ] GC(106) Metaspace: 60456K(61312K)->60456K(61312K) NonClass: 52891K(53376K)->52891K(53376K) Class: 7565K(7936K)->7565K(7936K)
[40.275s][info][gc             ] GC(106) Pause Young (Normal) (G1 Evacuation Pause) 701M->173M(912M) 2.212ms
[40.275s][info][gc,cpu         ] GC(106) User=0.00s Sys=0.00s Real=0.00s
[40.438s][info][gc,start       ] GC(107) Pause Full (System.gc())
[40.438s][info][gc,task        ] GC(107) Using 4 workers of 33 for full compaction
[40.438s][info][gc,phases,start] GC(107) Phase 1: Mark live objects
[40.520s][info][gc,phases      ] GC(107) Phase 1: Mark live objects 82.053ms
[40.521s][info][gc,phases,start] GC(107) Phase 2: Prepare compaction
[40.540s][info][gc,phases      ] GC(107) Phase 2: Prepare compaction 19.804ms
[40.540s][info][gc,phases,start] GC(107) Phase 3: Adjust pointers
[40.568s][info][gc,phases      ] GC(107) Phase 3: Adjust pointers 27.111ms
[40.568s][info][gc,phases,start] GC(107) Phase 4: Compact heap
[40.574s][info][gc,phases      ] GC(107) Phase 4: Compact heap 6.134ms
[40.585s][info][gc,heap        ] GC(107) Eden regions: 23->0(28)
[40.585s][info][gc,heap        ] GC(107) Survivor regions: 1->0(5)
[40.585s][info][gc,heap        ] GC(107) Old regions: 17->14
[40.585s][info][gc,heap        ] GC(107) Archive regions: 0->0
[40.585s][info][gc,heap        ] GC(107) Humongous regions: 0->0
[40.585s][info][gc,metaspace   ] GC(107) Metaspace: 60462K(61312K)->60462K(61312K) NonClass: 52897K(53376K)->52897K(53376K) Class: 7565K(7936K)->7565K(7936K)
[40.585s][info][gc             ] GC(107) Pause Full (System.gc()) 525M->173M(752M) 147.123ms
[40.585s][info][gc,cpu         ] GC(107) User=0.52s Sys=0.00s Real=0.14s
[40.810s][info][gc,start       ] GC(108) Pause Young (Normal) (G1 Evacuation Pause)
[40.810s][info][gc,task        ] GC(108) Using 18 workers of 33 for evacuation
[40.812s][info][gc,phases      ] GC(108)   Pre Evacuate Collection Set: 0.2ms
[40.812s][info][gc,phases      ] GC(108)   Merge Heap Roots: 0.1ms
[40.812s][info][gc,phases      ] GC(108)   Evacuate Collection Set: 0.5ms
[40.812s][info][gc,phases      ] GC(108)   Post Evacuate Collection Set: 0.6ms
[40.812s][info][gc,phases      ] GC(108)   Other: 0.2ms
[40.812s][info][gc,heap        ] GC(108) Eden regions: 28->0(27)
[40.812s][info][gc,heap        ] GC(108) Survivor regions: 0->1(4)
[40.812s][info][gc,heap        ] GC(108) Old regions: 14->14
[40.812s][info][gc,heap        ] GC(108) Archive regions: 0->0
[40.812s][info][gc,heap        ] GC(108) Humongous regions: 0->0
[40.812s][info][gc,metaspace   ] GC(108) Metaspace: 60486K(61312K)->60486K(61312K) NonClass: 52921K(53376K)->52921K(53376K) Class: 7565K(7936K)->7565K(7936K)
[40.812s][info][gc             ] GC(108) Pause Young (Normal) (G1 Evacuation Pause) 621M->173M(752M) 2.123ms
[40.812s][info][gc,cpu         ] GC(108) User=0.00s Sys=0.00s Real=0.00s
[40.966s][info][gc,start       ] GC(109) Pause Young (Normal) (G1 Evacuation Pause)
[40.966s][info][gc,task        ] GC(109) Using 18 workers of 33 for evacuation
[40.967s][info][gc,phases      ] GC(109)   Pre Evacuate Collection Set: 0.2ms
[40.967s][info][gc,phases      ] GC(109)   Merge Heap Roots: 0.1ms
[40.967s][info][gc,phases      ] GC(109)   Evacuate Collection Set: 0.4ms
[40.968s][info][gc,phases      ] GC(109)   Post Evacuate Collection Set: 0.6ms
[40.968s][info][gc,phases      ] GC(109)   Other: 0.1ms
[40.968s][info][gc,heap        ] GC(109) Eden regions: 27->0(27)
[40.968s][info][gc,heap        ] GC(109) Survivor regions: 1->1(4)
[40.968s][info][gc,heap        ] GC(109) Old regions: 14->14
[40.968s][info][gc,heap        ] GC(109) Archive regions: 0->0
[40.968s][info][gc,heap        ] GC(109) Humongous regions: 0->0
[40.968s][info][gc,metaspace   ] GC(109) Metaspace: 60486K(61312K)->60486K(61312K) NonClass: 52921K(53376K)->52921K(53376K) Class: 7565K(7936K)->7565K(7936K)
[40.968s][info][gc             ] GC(109) Pause Young (Normal) (G1 Evacuation Pause) 605M->173M(752M) 2.037ms
[40.968s][info][gc,cpu         ] GC(109) User=0.00s Sys=0.00s Real=0.00s
[41.114s][info][gc,start       ] GC(110) Pause Young (Normal) (G1 Evacuation Pause)
[41.114s][info][gc,task        ] GC(110) Using 18 workers of 33 for evacuation
[41.115s][info][gc,phases      ] GC(110)   Pre Evacuate Collection Set: 0.1ms
[41.115s][info][gc,phases      ] GC(110)   Merge Heap Roots: 0.1ms
[41.115s][info][gc,phases      ] GC(110)   Evacuate Collection Set: 0.5ms
[41.115s][info][gc,phases      ] GC(110)   Post Evacuate Collection Set: 0.6ms
[41.115s][info][gc,phases      ] GC(110)   Other: 0.1ms
[41.116s][info][gc,heap        ] GC(110) Eden regions: 27->0(27)
[41.116s][info][gc,heap        ] GC(110) Survivor regions: 1->1(4)
[41.116s][info][gc,heap        ] GC(110) Old regions: 14->14
[41.116s][info][gc,heap        ] GC(110) Archive regions: 0->0
[41.116s][info][gc,heap        ] GC(110) Humongous regions: 0->0
[41.116s][info][gc,metaspace   ] GC(110) Metaspace: 60486K(61312K)->60486K(61312K) NonClass: 52921K(53376K)->52921K(53376K) Class: 7565K(7936K)->7565K(7936K)
[41.116s][info][gc             ] GC(110) Pause Young (Normal) (G1 Evacuation Pause) 605M->173M(752M) 1.975ms
[41.116s][info][gc,cpu         ] GC(110) User=0.00s Sys=0.00s Real=0.00s
[41.262s][info][gc,start       ] GC(111) Pause Young (Normal) (G1 Evacuation Pause)
[41.262s][info][gc,task        ] GC(111) Using 18 workers of 33 for evacuation
[41.264s][info][gc,phases      ] GC(111)   Pre Evacuate Collection Set: 0.1ms
[41.264s][info][gc,phases      ] GC(111)   Merge Heap Roots: 0.1ms
[41.264s][info][gc,phases      ] GC(111)   Evacuate Collection Set: 0.5ms
[41.264s][info][gc,phases      ] GC(111)   Post Evacuate Collection Set: 0.6ms
[41.264s][info][gc,phases      ] GC(111)   Other: 0.1ms
[41.264s][info][gc,heap        ] GC(111) Eden regions: 27->0(27)
[41.264s][info][gc,heap        ] GC(111) Survivor regions: 1->1(4)
[41.264s][info][gc,heap        ] GC(111) Old regions: 14->14
[41.264s][info][gc,heap        ] GC(111) Archive regions: 0->0
[41.264s][info][gc,heap        ] GC(111) Humongous regions: 0->0
[41.264s][info][gc,metaspace   ] GC(111) Metaspace: 60486K(61312K)->60486K(61312K) NonClass: 52921K(53376K)->52921K(53376K) Class: 7565K(7936K)->7565K(7936K)
[41.264s][info][gc             ] GC(111) Pause Young (Normal) (G1 Evacuation Pause) 605M->173M(752M) 1.991ms
[41.264s][info][gc,cpu         ] GC(111) User=0.00s Sys=0.00s Real=0.00s
[41.369s][info][gc,start       ] GC(112) Pause Full (System.gc())
[41.369s][info][gc,task        ] GC(112) Using 4 workers of 33 for full compaction
[41.369s][info][gc,phases,start] GC(112) Phase 1: Mark live objects
[41.474s][info][gc,phases      ] GC(112) Phase 1: Mark live objects 104.975ms
[41.475s][info][gc,phases,start] GC(112) Phase 2: Prepare compaction
[41.494s][info][gc,phases      ] GC(112) Phase 2: Prepare compaction 19.100ms
[41.494s][info][gc,phases,start] GC(112) Phase 3: Adjust pointers
[41.522s][info][gc,phases      ] GC(112) Phase 3: Adjust pointers 28.614ms
[41.522s][info][gc,phases,start] GC(112) Phase 4: Compact heap
[41.527s][info][gc,phases      ] GC(112) Phase 4: Compact heap 4.215ms
[41.538s][info][gc,heap        ] GC(112) Eden regions: 13->0(28)
[41.538s][info][gc,heap        ] GC(112) Survivor regions: 1->0(4)
[41.538s][info][gc,heap        ] GC(112) Old regions: 14->14
[41.538s][info][gc,heap        ] GC(112) Archive regions: 0->0
[41.538s][info][gc,heap        ] GC(112) Humongous regions: 0->0
[41.538s][info][gc,metaspace   ] GC(112) Metaspace: 60518K(61376K)->60518K(61376K) NonClass: 52952K(53440K)->52952K(53440K) Class: 7565K(7936K)->7565K(7936K)
[41.538s][info][gc             ] GC(112) Pause Full (System.gc()) 379M->173M(752M) 169.118ms
[41.538s][info][gc,cpu         ] GC(112) User=0.58s Sys=0.00s Real=0.16s
[41.758s][info][gc,start       ] GC(113) Pause Young (Normal) (G1 Evacuation Pause)
[41.758s][info][gc,task        ] GC(113) Using 18 workers of 33 for evacuation
[41.764s][info][gc,phases      ] GC(113)   Pre Evacuate Collection Set: 0.2ms
[41.764s][info][gc,phases      ] GC(113)   Merge Heap Roots: 0.1ms
[41.764s][info][gc,phases      ] GC(113)   Evacuate Collection Set: 0.5ms
[41.764s][info][gc,phases      ] GC(113)   Post Evacuate Collection Set: 4.4ms
[41.764s][info][gc,phases      ] GC(113)   Other: 0.1ms
[41.764s][info][gc,heap        ] GC(113) Eden regions: 28->0(83)
[41.764s][info][gc,heap        ] GC(113) Survivor regions: 0->1(4)
[41.764s][info][gc,heap        ] GC(113) Old regions: 14->14
[41.764s][info][gc,heap        ] GC(113) Archive regions: 0->0
[41.764s][info][gc,heap        ] GC(113) Humongous regions: 0->0
[41.764s][info][gc,metaspace   ] GC(113) Metaspace: 60566K(61504K)->60566K(61504K) NonClass: 52998K(53504K)->52998K(53504K) Class: 7567K(8000K)->7567K(8000K)
[41.764s][info][gc             ] GC(113) Pause Young (Normal) (G1 Evacuation Pause) 621M->173M(2256M) 5.661ms
[41.764s][info][gc,cpu         ] GC(113) User=0.00s Sys=0.02s Real=0.02s
[42.506s][info][gc,start       ] GC(114) Pause Young (Normal) (G1 Evacuation Pause)
[42.506s][info][gc,task        ] GC(114) Using 33 workers of 33 for evacuation
[42.509s][info][gc,phases      ] GC(114)   Pre Evacuate Collection Set: 0.2ms
[42.509s][info][gc,phases      ] GC(114)   Merge Heap Roots: 0.2ms
[42.509s][info][gc,phases      ] GC(114)   Evacuate Collection Set: 1.1ms
[42.509s][info][gc,phases      ] GC(114)   Post Evacuate Collection Set: 0.6ms
[42.509s][info][gc,phases      ] GC(114)   Other: 0.1ms
[42.509s][info][gc,heap        ] GC(114) Eden regions: 83->0(83)
[42.509s][info][gc,heap        ] GC(114) Survivor regions: 1->1(11)
[42.509s][info][gc,heap        ] GC(114) Old regions: 14->14
[42.509s][info][gc,heap        ] GC(114) Archive regions: 0->0
[42.509s][info][gc,heap        ] GC(114) Humongous regions: 0->0
[42.509s][info][gc,metaspace   ] GC(114) Metaspace: 60566K(61504K)->60566K(61504K) NonClass: 52998K(53504K)->52998K(53504K) Class: 7567K(8000K)->7567K(8000K)
[42.509s][info][gc             ] GC(114) Pause Young (Normal) (G1 Evacuation Pause) 1501M->173M(2256M) 2.380ms
[42.509s][info][gc,cpu         ] GC(114) User=0.00s Sys=0.00s Real=0.00s
[42.611s][info][gc,start       ] GC(115) Pause Full (System.gc())
[42.611s][info][gc,task        ] GC(115) Using 14 workers of 33 for full compaction
[42.611s][info][gc,phases,start] GC(115) Phase 1: Mark live objects
[42.653s][info][gc,phases      ] GC(115) Phase 1: Mark live objects 41.394ms
[42.653s][info][gc,phases,start] GC(115) Phase 2: Prepare compaction
[42.659s][info][gc,phases      ] GC(115) Phase 2: Prepare compaction 5.867ms
[42.659s][info][gc,phases,start] GC(115) Phase 3: Adjust pointers
[42.671s][info][gc,phases      ] GC(115) Phase 3: Adjust pointers 12.516ms
[42.671s][info][gc,phases,start] GC(115) Phase 4: Compact heap
[42.676s][info][gc,phases      ] GC(115) Phase 4: Compact heap 4.994ms
[42.696s][info][gc,heap        ] GC(115) Eden regions: 11->0(38)
[42.696s][info][gc,heap        ] GC(115) Survivor regions: 1->0(11)
[42.696s][info][gc,heap        ] GC(115) Old regions: 14->19
[42.696s][info][gc,heap        ] GC(115) Archive regions: 0->0
[42.696s][info][gc,heap        ] GC(115) Humongous regions: 0->0
[42.696s][info][gc,metaspace   ] GC(115) Metaspace: 60622K(61568K)->60622K(61568K) NonClass: 53053K(53568K)->53053K(53568K) Class: 7569K(8000K)->7569K(8000K)
[42.696s][info][gc             ] GC(115) Pause Full (System.gc()) 338M->173M(1024M) 85.500ms
[42.696s][info][gc,cpu         ] GC(115) User=0.75s Sys=0.52s Real=0.08s
[43.021s][info][gc,start       ] GC(116) Pause Young (Normal) (G1 Evacuation Pause)
[43.021s][info][gc,task        ] GC(116) Using 24 workers of 33 for evacuation
[43.022s][info][gc,phases      ] GC(116)   Pre Evacuate Collection Set: 0.2ms
[43.022s][info][gc,phases      ] GC(116)   Merge Heap Roots: 0.2ms
[43.023s][info][gc,phases      ] GC(116)   Evacuate Collection Set: 0.6ms
[43.023s][info][gc,phases      ] GC(116)   Post Evacuate Collection Set: 0.7ms
[43.023s][info][gc,phases      ] GC(116)   Other: 0.2ms
[43.023s][info][gc,heap        ] GC(116) Eden regions: 38->0(37)
[43.023s][info][gc,heap        ] GC(116) Survivor regions: 0->1(5)
[43.023s][info][gc,heap        ] GC(116) Old regions: 19->19
[43.023s][info][gc,heap        ] GC(116) Archive regions: 0->0
[43.023s][info][gc,heap        ] GC(116) Humongous regions: 0->0
[43.023s][info][gc,metaspace   ] GC(116) Metaspace: 60625K(61568K)->60625K(61568K) NonClass: 53055K(53568K)->53055K(53568K) Class: 7569K(8000K)->7569K(8000K)
[43.023s][info][gc             ] GC(116) Pause Young (Normal) (G1 Evacuation Pause) 781M->173M(1024M) 2.296ms
[43.023s][info][gc,cpu         ] GC(116) User=0.22s Sys=0.02s Real=0.02s
[43.228s][info][gc,start       ] GC(117) Pause Young (Normal) (G1 Evacuation Pause)
[43.228s][info][gc,task        ] GC(117) Using 24 workers of 33 for evacuation
[43.230s][info][gc,phases      ] GC(117)   Pre Evacuate Collection Set: 0.2ms
[43.230s][info][gc,phases      ] GC(117)   Merge Heap Roots: 0.2ms
[43.230s][info][gc,phases      ] GC(117)   Evacuate Collection Set: 0.6ms
[43.230s][info][gc,phases      ] GC(117)   Post Evacuate Collection Set: 0.7ms
[43.230s][info][gc,phases      ] GC(117)   Other: 0.1ms
[43.230s][info][gc,heap        ] GC(117) Eden regions: 37->0(37)
[43.230s][info][gc,heap        ] GC(117) Survivor regions: 1->1(5)
[43.230s][info][gc,heap        ] GC(117) Old regions: 19->19
[43.230s][info][gc,heap        ] GC(117) Archive regions: 0->0
[43.230s][info][gc,heap        ] GC(117) Humongous regions: 0->0
[43.230s][info][gc,metaspace   ] GC(117) Metaspace: 60625K(61568K)->60625K(61568K) NonClass: 53055K(53568K)->53055K(53568K) Class: 7569K(8000K)->7569K(8000K)
[43.230s][info][gc             ] GC(117) Pause Young (Normal) (G1 Evacuation Pause) 765M->173M(1024M) 2.293ms
[43.230s][info][gc,cpu         ] GC(117) User=0.00s Sys=0.00s Real=0.00s
[43.440s][info][gc,start       ] GC(118) Pause Young (Normal) (G1 Evacuation Pause)
[43.441s][info][gc,task        ] GC(118) Using 24 workers of 33 for evacuation
[43.442s][info][gc,phases      ] GC(118)   Pre Evacuate Collection Set: 0.2ms
[43.442s][info][gc,phases      ] GC(118)   Merge Heap Roots: 0.2ms
[43.442s][info][gc,phases      ] GC(118)   Evacuate Collection Set: 0.6ms
[43.442s][info][gc,phases      ] GC(118)   Post Evacuate Collection Set: 0.7ms
[43.442s][info][gc,phases      ] GC(118)   Other: 0.2ms
[43.442s][info][gc,heap        ] GC(118) Eden regions: 37->0(37)
[43.442s][info][gc,heap        ] GC(118) Survivor regions: 1->1(5)
[43.443s][info][gc,heap        ] GC(118) Old regions: 19->19
[43.443s][info][gc,heap        ] GC(118) Archive regions: 0->0
[43.443s][info][gc,heap        ] GC(118) Humongous regions: 0->0
[43.443s][info][gc,metaspace   ] GC(118) Metaspace: 60625K(61568K)->60625K(61568K) NonClass: 53055K(53568K)->53055K(53568K) Class: 7569K(8000K)->7569K(8000K)
[43.443s][info][gc             ] GC(118) Pause Young (Normal) (G1 Evacuation Pause) 765M->173M(1024M) 2.189ms
[43.443s][info][gc,cpu         ] GC(118) User=0.00s Sys=0.00s Real=0.00s
[43.543s][info][gc,start       ] GC(119) Pause Full (System.gc())
[43.544s][info][gc,task        ] GC(119) Using 6 workers of 33 for full compaction
[43.544s][info][gc,phases,start] GC(119) Phase 1: Mark live objects
[43.607s][info][gc,phases      ] GC(119) Phase 1: Mark live objects 62.789ms
[43.607s][info][gc,phases,start] GC(119) Phase 2: Prepare compaction
[43.623s][info][gc,phases      ] GC(119) Phase 2: Prepare compaction 16.668ms
[43.624s][info][gc,phases,start] GC(119) Phase 3: Adjust pointers
[43.645s][info][gc,phases      ] GC(119) Phase 3: Adjust pointers 21.244ms
[43.645s][info][gc,phases,start] GC(119) Phase 4: Compact heap
[43.649s][info][gc,phases      ] GC(119) Phase 4: Compact heap 3.756ms
[43.660s][info][gc,heap        ] GC(119) Eden regions: 11->0(30)
[43.660s][info][gc,heap        ] GC(119) Survivor regions: 1->0(5)
[43.660s][info][gc,heap        ] GC(119) Old regions: 19->15
[43.660s][info][gc,heap        ] GC(119) Archive regions: 0->0
[43.660s][info][gc,heap        ] GC(119) Humongous regions: 0->0
[43.660s][info][gc,metaspace   ] GC(119) Metaspace: 60627K(61568K)->60627K(61568K) NonClass: 53058K(53568K)->53058K(53568K) Class: 7569K(8000K)->7569K(8000K)
[43.660s][info][gc             ] GC(119) Pause Full (System.gc()) 333M->173M(800M) 116.352ms
[43.660s][info][gc,cpu         ] GC(119) User=0.58s Sys=0.00s Real=0.11s
[43.900s][info][gc,start       ] GC(120) Pause Young (Normal) (G1 Evacuation Pause)
[43.900s][info][gc,task        ] GC(120) Using 19 workers of 33 for evacuation
[43.902s][info][gc,phases      ] GC(120)   Pre Evacuate Collection Set: 0.2ms
[43.902s][info][gc,phases      ] GC(120)   Merge Heap Roots: 0.1ms
[43.902s][info][gc,phases      ] GC(120)   Evacuate Collection Set: 0.5ms
[43.902s][info][gc,phases      ] GC(120)   Post Evacuate Collection Set: 0.6ms
[43.902s][info][gc,phases      ] GC(120)   Other: 0.2ms
[43.902s][info][gc,heap        ] GC(120) Eden regions: 30->0(29)
[43.902s][info][gc,heap        ] GC(120) Survivor regions: 0->1(4)
[43.902s][info][gc,heap        ] GC(120) Old regions: 15->15
[43.902s][info][gc,heap        ] GC(120) Archive regions: 0->0
[43.902s][info][gc,heap        ] GC(120) Humongous regions: 0->0
[43.902s][info][gc,metaspace   ] GC(120) Metaspace: 60641K(61632K)->60641K(61632K) NonClass: 53071K(53632K)->53071K(53632K) Class: 7569K(8000K)->7569K(8000K)
[43.902s][info][gc             ] GC(120) Pause Young (Normal) (G1 Evacuation Pause) 653M->173M(800M) 2.181ms
[43.902s][info][gc,cpu         ] GC(120) User=0.00s Sys=0.00s Real=0.00s
[44.067s][info][gc,start       ] GC(121) Pause Young (Normal) (G1 Evacuation Pause)
[44.067s][info][gc,task        ] GC(121) Using 19 workers of 33 for evacuation
[44.068s][info][gc,phases      ] GC(121)   Pre Evacuate Collection Set: 0.2ms
[44.068s][info][gc,phases      ] GC(121)   Merge Heap Roots: 0.1ms
[44.068s][info][gc,phases      ] GC(121)   Evacuate Collection Set: 0.5ms
[44.068s][info][gc,phases      ] GC(121)   Post Evacuate Collection Set: 0.6ms
[44.068s][info][gc,phases      ] GC(121)   Other: 0.2ms
[44.068s][info][gc,heap        ] GC(121) Eden regions: 29->0(29)
[44.068s][info][gc,heap        ] GC(121) Survivor regions: 1->1(4)
[44.069s][info][gc,heap        ] GC(121) Old regions: 15->15
[44.069s][info][gc,heap        ] GC(121) Archive regions: 0->0
[44.069s][info][gc,heap        ] GC(121) Humongous regions: 0->0
[44.069s][info][gc,metaspace   ] GC(121) Metaspace: 60641K(61632K)->60641K(61632K) NonClass: 53072K(53632K)->53072K(53632K) Class: 7569K(8000K)->7569K(8000K)
[44.069s][info][gc             ] GC(121) Pause Young (Normal) (G1 Evacuation Pause) 637M->173M(800M) 2.156ms
[44.069s][info][gc,cpu         ] GC(121) User=0.02s Sys=0.00s Real=0.02s
[44.225s][info][gc,start       ] GC(122) Pause Young (Normal) (G1 Evacuation Pause)
[44.225s][info][gc,task        ] GC(122) Using 19 workers of 33 for evacuation
[44.226s][info][gc,phases      ] GC(122)   Pre Evacuate Collection Set: 0.1ms
[44.226s][info][gc,phases      ] GC(122)   Merge Heap Roots: 0.2ms
[44.226s][info][gc,phases      ] GC(122)   Evacuate Collection Set: 0.5ms
[44.226s][info][gc,phases      ] GC(122)   Post Evacuate Collection Set: 0.6ms
[44.226s][info][gc,phases      ] GC(122)   Other: 0.1ms
[44.226s][info][gc,heap        ] GC(122) Eden regions: 29->0(29)
[44.226s][info][gc,heap        ] GC(122) Survivor regions: 1->1(4)
[44.226s][info][gc,heap        ] GC(122) Old regions: 15->15
[44.226s][info][gc,heap        ] GC(122) Archive regions: 0->0
[44.226s][info][gc,heap        ] GC(122) Humongous regions: 0->0
[44.226s][info][gc,metaspace   ] GC(122) Metaspace: 60641K(61632K)->60641K(61632K) NonClass: 53072K(53632K)->53072K(53632K) Class: 7569K(8000K)->7569K(8000K)
[44.226s][info][gc             ] GC(122) Pause Young (Normal) (G1 Evacuation Pause) 637M->173M(800M) 1.739ms
[44.226s][info][gc,cpu         ] GC(122) User=0.00s Sys=0.00s Real=0.00s
[44.393s][info][gc,start       ] GC(123) Pause Young (Normal) (G1 Evacuation Pause)
[44.393s][info][gc,task        ] GC(123) Using 19 workers of 33 for evacuation
[44.394s][info][gc,phases      ] GC(123)   Pre Evacuate Collection Set: 0.1ms
[44.394s][info][gc,phases      ] GC(123)   Merge Heap Roots: 0.1ms
[44.394s][info][gc,phases      ] GC(123)   Evacuate Collection Set: 0.5ms
[44.394s][info][gc,phases      ] GC(123)   Post Evacuate Collection Set: 0.5ms
[44.394s][info][gc,phases      ] GC(123)   Other: 0.1ms
[44.394s][info][gc,heap        ] GC(123) Eden regions: 29->0(29)
[44.394s][info][gc,heap        ] GC(123) Survivor regions: 1->1(4)
[44.394s][info][gc,heap        ] GC(123) Old regions: 15->15
[44.394s][info][gc,heap        ] GC(123) Archive regions: 0->0
[44.394s][info][gc,heap        ] GC(123) Humongous regions: 0->0
[44.394s][info][gc,metaspace   ] GC(123) Metaspace: 60642K(61632K)->60642K(61632K) NonClass: 53072K(53632K)->53072K(53632K) Class: 7569K(8000K)->7569K(8000K)
[44.394s][info][gc             ] GC(123) Pause Young (Normal) (G1 Evacuation Pause) 637M->173M(800M) 1.466ms
[44.394s][info][gc,cpu         ] GC(123) User=0.00s Sys=0.00s Real=0.00s
[44.477s][info][gc,start       ] GC(124) Pause Full (System.gc())
[44.478s][info][gc,task        ] GC(124) Using 4 workers of 33 for full compaction
[44.478s][info][gc,phases,start] GC(124) Phase 1: Mark live objects
[44.561s][info][gc,phases      ] GC(124) Phase 1: Mark live objects 83.049ms
[44.561s][info][gc,phases,start] GC(124) Phase 2: Prepare compaction
[44.586s][info][gc,phases      ] GC(124) Phase 2: Prepare compaction 24.984ms
[44.586s][info][gc,phases,start] GC(124) Phase 3: Adjust pointers
[44.618s][info][gc,phases      ] GC(124) Phase 3: Adjust pointers 31.764ms
[44.618s][info][gc,phases,start] GC(124) Phase 4: Compact heap
[44.626s][info][gc,phases      ] GC(124) Phase 4: Compact heap 8.588ms
[44.638s][info][gc,heap        ] GC(124) Eden regions: 5->0(28)
[44.638s][info][gc,heap        ] GC(124) Survivor regions: 1->0(4)
[44.638s][info][gc,heap        ] GC(124) Old regions: 15->14
[44.638s][info][gc,heap        ] GC(124) Archive regions: 0->0
[44.638s][info][gc,heap        ] GC(124) Humongous regions: 0->0
[44.638s][info][gc,metaspace   ] GC(124) Metaspace: 60647K(61632K)->60647K(61632K) NonClass: 53078K(53632K)->53078K(53632K) Class: 7569K(8000K)->7569K(8000K)
[44.639s][info][gc             ] GC(124) Pause Full (System.gc()) 251M->173M(752M) 161.106ms
[44.639s][info][gc,cpu         ] GC(124) User=0.58s Sys=0.00s Real=0.16s
[44.864s][info][gc,start       ] GC(125) Pause Young (Normal) (G1 Evacuation Pause)
[44.864s][info][gc,task        ] GC(125) Using 18 workers of 33 for evacuation
[44.875s][info][gc,phases      ] GC(125)   Pre Evacuate Collection Set: 0.2ms
[44.875s][info][gc,phases      ] GC(125)   Merge Heap Roots: 0.2ms
[44.876s][info][gc,phases      ] GC(125)   Evacuate Collection Set: 0.5ms
[44.876s][info][gc,phases      ] GC(125)   Post Evacuate Collection Set: 10.7ms
[44.876s][info][gc,phases      ] GC(125)   Other: 0.1ms
[44.876s][info][gc,heap        ] GC(125) Eden regions: 28->0(83)
[44.876s][info][gc,heap        ] GC(125) Survivor regions: 0->1(4)
[44.876s][info][gc,heap        ] GC(125) Old regions: 14->14
[44.876s][info][gc,heap        ] GC(125) Archive regions: 0->0
[44.876s][info][gc,heap        ] GC(125) Humongous regions: 0->0
[44.876s][info][gc,metaspace   ] GC(125) Metaspace: 60663K(61632K)->60663K(61632K) NonClass: 53094K(53632K)->53094K(53632K) Class: 7569K(8000K)->7569K(8000K)
[44.876s][info][gc             ] GC(125) Pause Young (Normal) (G1 Evacuation Pause) 621M->173M(2256M) 12.098ms
[44.876s][info][gc,cpu         ] GC(125) User=0.02s Sys=0.00s Real=0.02s
[45.602s][info][gc,start       ] GC(126) Pause Young (Normal) (G1 Evacuation Pause)
[45.602s][info][gc,task        ] GC(126) Using 33 workers of 33 for evacuation
[45.605s][info][gc,phases      ] GC(126)   Pre Evacuate Collection Set: 0.3ms
[45.605s][info][gc,phases      ] GC(126)   Merge Heap Roots: 0.2ms
[45.605s][info][gc,phases      ] GC(126)   Evacuate Collection Set: 1.2ms
[45.605s][info][gc,phases      ] GC(126)   Post Evacuate Collection Set: 0.8ms
[45.605s][info][gc,phases      ] GC(126)   Other: 0.2ms
[45.605s][info][gc,heap        ] GC(126) Eden regions: 83->0(83)
[45.605s][info][gc,heap        ] GC(126) Survivor regions: 1->1(11)
[45.605s][info][gc,heap        ] GC(126) Old regions: 14->14
[45.605s][info][gc,heap        ] GC(126) Archive regions: 0->0
[45.605s][info][gc,heap        ] GC(126) Humongous regions: 0->0
[45.605s][info][gc,metaspace   ] GC(126) Metaspace: 60664K(61632K)->60664K(61632K) NonClass: 53094K(53632K)->53094K(53632K) Class: 7569K(8000K)->7569K(8000K)
[45.605s][info][gc             ] GC(126) Pause Young (Normal) (G1 Evacuation Pause) 1501M->173M(2256M) 3.173ms
[45.605s][info][gc,cpu         ] GC(126) User=0.00s Sys=0.00s Real=0.00s
[45.690s][info][gc,start       ] GC(127) Pause Full (System.gc())
[45.690s][info][gc,task        ] GC(127) Using 14 workers of 33 for full compaction
[45.691s][info][gc,phases,start] GC(127) Phase 1: Mark live objects
[45.733s][info][gc,phases      ] GC(127) Phase 1: Mark live objects 41.965ms
[45.733s][info][gc,phases,start] GC(127) Phase 2: Prepare compaction
[45.740s][info][gc,phases      ] GC(127) Phase 2: Prepare compaction 7.119ms
[45.740s][info][gc,phases,start] GC(127) Phase 3: Adjust pointers
[45.752s][info][gc,phases      ] GC(127) Phase 3: Adjust pointers 12.141ms
[45.752s][info][gc,phases,start] GC(127) Phase 4: Compact heap
[45.756s][info][gc,phases      ] GC(127) Phase 4: Compact heap 3.606ms
[45.775s][info][gc,heap        ] GC(127) Eden regions: 11->0(40)
[45.775s][info][gc,heap        ] GC(127) Survivor regions: 1->0(11)
[45.775s][info][gc,heap        ] GC(127) Old regions: 14->20
[45.775s][info][gc,heap        ] GC(127) Archive regions: 0->0
[45.775s][info][gc,heap        ] GC(127) Humongous regions: 0->0
[45.775s][info][gc,metaspace   ] GC(127) Metaspace: 60681K(61632K)->60681K(61632K) NonClass: 53112K(53632K)->53112K(53632K) Class: 7569K(8000K)->7569K(8000K)
[45.775s][info][gc             ] GC(127) Pause Full (System.gc()) 339M->173M(1072M) 84.916ms
[45.775s][info][gc,cpu         ] GC(127) User=0.66s Sys=0.53s Real=0.08s
[46.092s][info][gc,start       ] GC(128) Pause Young (Normal) (G1 Evacuation Pause)
[46.092s][info][gc,task        ] GC(128) Using 25 workers of 33 for evacuation
[46.094s][info][gc,phases      ] GC(128)   Pre Evacuate Collection Set: 0.2ms
[46.094s][info][gc,phases      ] GC(128)   Merge Heap Roots: 0.2ms
[46.094s][info][gc,phases      ] GC(128)   Evacuate Collection Set: 0.6ms
[46.094s][info][gc,phases      ] GC(128)   Post Evacuate Collection Set: 0.6ms
[46.094s][info][gc,phases      ] GC(128)   Other: 0.2ms
[46.094s][info][gc,heap        ] GC(128) Eden regions: 40->0(39)
[46.094s][info][gc,heap        ] GC(128) Survivor regions: 0->1(5)
[46.094s][info][gc,heap        ] GC(128) Old regions: 20->20
[46.094s][info][gc,heap        ] GC(128) Archive regions: 0->0
[46.094s][info][gc,heap        ] GC(128) Humongous regions: 0->0
[46.094s][info][gc,metaspace   ] GC(128) Metaspace: 60740K(61696K)->60740K(61696K) NonClass: 53171K(53696K)->53171K(53696K) Class: 7569K(8000K)->7569K(8000K)
[46.094s][info][gc             ] GC(128) Pause Young (Normal) (G1 Evacuation Pause) 813M->173M(1072M) 2.302ms
[46.095s][info][gc,cpu         ] GC(128) User=0.00s Sys=0.00s Real=0.00s
[46.304s][info][gc,start       ] GC(129) Pause Young (Normal) (G1 Evacuation Pause)
[46.304s][info][gc,task        ] GC(129) Using 25 workers of 33 for evacuation
[46.306s][info][gc,phases      ] GC(129)   Pre Evacuate Collection Set: 0.2ms
[46.306s][info][gc,phases      ] GC(129)   Merge Heap Roots: 0.2ms
[46.306s][info][gc,phases      ] GC(129)   Evacuate Collection Set: 0.7ms
[46.306s][info][gc,phases      ] GC(129)   Post Evacuate Collection Set: 0.7ms
[46.306s][info][gc,phases      ] GC(129)   Other: 0.2ms
[46.306s][info][gc,heap        ] GC(129) Eden regions: 39->0(39)
[46.306s][info][gc,heap        ] GC(129) Survivor regions: 1->1(5)
[46.306s][info][gc,heap        ] GC(129) Old regions: 20->20
[46.306s][info][gc,heap        ] GC(129) Archive regions: 0->0
[46.306s][info][gc,heap        ] GC(129) Humongous regions: 0->0
[46.306s][info][gc,metaspace   ] GC(129) Metaspace: 60740K(61696K)->60740K(61696K) NonClass: 53171K(53696K)->53171K(53696K) Class: 7569K(8000K)->7569K(8000K)
[46.306s][info][gc             ] GC(129) Pause Young (Normal) (G1 Evacuation Pause) 797M->173M(1072M) 2.365ms
[46.306s][info][gc,cpu         ] GC(129) User=0.00s Sys=0.00s Real=0.00s
[46.523s][info][gc,start       ] GC(130) Pause Young (Normal) (G1 Evacuation Pause)
[46.523s][info][gc,task        ] GC(130) Using 25 workers of 33 for evacuation
[46.525s][info][gc,phases      ] GC(130)   Pre Evacuate Collection Set: 0.1ms
[46.525s][info][gc,phases      ] GC(130)   Merge Heap Roots: 0.1ms
[46.525s][info][gc,phases      ] GC(130)   Evacuate Collection Set: 0.6ms
[46.525s][info][gc,phases      ] GC(130)   Post Evacuate Collection Set: 0.5ms
[46.525s][info][gc,phases      ] GC(130)   Other: 0.1ms
[46.525s][info][gc,heap        ] GC(130) Eden regions: 39->0(39)
[46.525s][info][gc,heap        ] GC(130) Survivor regions: 1->1(5)
[46.525s][info][gc,heap        ] GC(130) Old regions: 20->20
[46.525s][info][gc,heap        ] GC(130) Archive regions: 0->0
[46.525s][info][gc,heap        ] GC(130) Humongous regions: 0->0
[46.525s][info][gc,metaspace   ] GC(130) Metaspace: 60740K(61696K)->60740K(61696K) NonClass: 53171K(53696K)->53171K(53696K) Class: 7569K(8000K)->7569K(8000K)
[46.525s][info][gc             ] GC(130) Pause Young (Normal) (G1 Evacuation Pause) 797M->173M(1072M) 1.728ms
[46.525s][info][gc,cpu         ] GC(130) User=0.00s Sys=0.00s Real=0.00s
[46.585s][info][gc,start       ] GC(131) Pause Full (System.gc())
[46.585s][info][gc,task        ] GC(131) Using 6 workers of 33 for full compaction
[46.586s][info][gc,phases,start] GC(131) Phase 1: Mark live objects
[46.647s][info][gc,phases      ] GC(131) Phase 1: Mark live objects 61.611ms
[46.648s][info][gc,phases,start] GC(131) Phase 2: Prepare compaction
[46.663s][info][gc,phases      ] GC(131) Phase 2: Prepare compaction 15.299ms
[46.663s][info][gc,phases,start] GC(131) Phase 3: Adjust pointers
[46.687s][info][gc,phases      ] GC(131) Phase 3: Adjust pointers 24.519ms
[46.687s][info][gc,phases,start] GC(131) Phase 4: Compact heap
[46.693s][info][gc,phases      ] GC(131) Phase 4: Compact heap 5.574ms
[46.705s][info][gc,heap        ] GC(131) Eden regions: 5->0(32)
[46.706s][info][gc,heap        ] GC(131) Survivor regions: 1->0(5)
[46.706s][info][gc,heap        ] GC(131) Old regions: 20->16
[46.706s][info][gc,heap        ] GC(131) Archive regions: 0->0
[46.706s][info][gc,heap        ] GC(131) Humongous regions: 0->0
[46.706s][info][gc,metaspace   ] GC(131) Metaspace: 60746K(61696K)->60746K(61696K) NonClass: 53177K(53696K)->53177K(53696K) Class: 7569K(8000K)->7569K(8000K)
[46.706s][info][gc             ] GC(131) Pause Full (System.gc()) 242M->173M(864M) 120.430ms
[46.706s][info][gc,cpu         ] GC(131) User=0.50s Sys=0.00s Real=0.11s
[46.950s][info][gc,start       ] GC(132) Pause Young (Normal) (G1 Evacuation Pause)
[46.950s][info][gc,task        ] GC(132) Using 20 workers of 33 for evacuation
[46.951s][info][gc,phases      ] GC(132)   Pre Evacuate Collection Set: 0.2ms
[46.951s][info][gc,phases      ] GC(132)   Merge Heap Roots: 0.1ms
[46.951s][info][gc,phases      ] GC(132)   Evacuate Collection Set: 0.5ms
[46.952s][info][gc,phases      ] GC(132)   Post Evacuate Collection Set: 0.6ms
[46.952s][info][gc,phases      ] GC(132)   Other: 0.1ms
[46.952s][info][gc,heap        ] GC(132) Eden regions: 32->0(31)
[46.952s][info][gc,heap        ] GC(132) Survivor regions: 0->1(4)
[46.952s][info][gc,heap        ] GC(132) Old regions: 16->16
[46.952s][info][gc,heap        ] GC(132) Archive regions: 0->0
[46.952s][info][gc,heap        ] GC(132) Humongous regions: 0->0
[46.952s][info][gc,metaspace   ] GC(132) Metaspace: 60764K(61696K)->60764K(61696K) NonClass: 53195K(53696K)->53195K(53696K) Class: 7569K(8000K)->7569K(8000K)
[46.952s][info][gc             ] GC(132) Pause Young (Normal) (G1 Evacuation Pause) 685M->173M(864M) 2.159ms
[46.952s][info][gc,cpu         ] GC(132) User=0.00s Sys=0.00s Real=0.00s
[47.119s][info][gc,start       ] GC(133) Pause Young (Normal) (G1 Evacuation Pause)
[47.119s][info][gc,task        ] GC(133) Using 20 workers of 33 for evacuation
[47.121s][info][gc,phases      ] GC(133)   Pre Evacuate Collection Set: 0.2ms
[47.121s][info][gc,phases      ] GC(133)   Merge Heap Roots: 0.1ms
[47.121s][info][gc,phases      ] GC(133)   Evacuate Collection Set: 0.5ms
[47.121s][info][gc,phases      ] GC(133)   Post Evacuate Collection Set: 0.6ms
[47.121s][info][gc,phases      ] GC(133)   Other: 0.2ms
[47.121s][info][gc,heap        ] GC(133) Eden regions: 31->0(31)
[47.121s][info][gc,heap        ] GC(133) Survivor regions: 1->1(4)
[47.121s][info][gc,heap        ] GC(133) Old regions: 16->16
[47.121s][info][gc,heap        ] GC(133) Archive regions: 0->0
[47.121s][info][gc,heap        ] GC(133) Humongous regions: 0->0
[47.121s][info][gc,metaspace   ] GC(133) Metaspace: 60765K(61696K)->60765K(61696K) NonClass: 53195K(53696K)->53195K(53696K) Class: 7569K(8000K)->7569K(8000K)
[47.121s][info][gc             ] GC(133) Pause Young (Normal) (G1 Evacuation Pause) 669M->173M(864M) 2.064ms
[47.121s][info][gc,cpu         ] GC(133) User=0.00s Sys=0.00s Real=0.00s
[47.289s][info][gc,start       ] GC(134) Pause Young (Normal) (G1 Evacuation Pause)
[47.289s][info][gc,task        ] GC(134) Using 20 workers of 33 for evacuation
[47.290s][info][gc,phases      ] GC(134)   Pre Evacuate Collection Set: 0.1ms
[47.290s][info][gc,phases      ] GC(134)   Merge Heap Roots: 0.1ms
[47.290s][info][gc,phases      ] GC(134)   Evacuate Collection Set: 0.5ms
[47.290s][info][gc,phases      ] GC(134)   Post Evacuate Collection Set: 0.6ms
[47.290s][info][gc,phases      ] GC(134)   Other: 0.1ms
[47.290s][info][gc,heap        ] GC(134) Eden regions: 31->0(31)
[47.290s][info][gc,heap        ] GC(134) Survivor regions: 1->1(4)
[47.290s][info][gc,heap        ] GC(134) Old regions: 16->16
[47.290s][info][gc,heap        ] GC(134) Archive regions: 0->0
[47.291s][info][gc,heap        ] GC(134) Humongous regions: 0->0
[47.291s][info][gc,metaspace   ] GC(134) Metaspace: 60765K(61696K)->60765K(61696K) NonClass: 53195K(53696K)->53195K(53696K) Class: 7569K(8000K)->7569K(8000K)
[47.291s][info][gc             ] GC(134) Pause Young (Normal) (G1 Evacuation Pause) 669M->173M(864M) 1.942ms
[47.291s][info][gc,cpu         ] GC(134) User=0.00s Sys=0.00s Real=0.00s
[47.503s][info][gc,start       ] GC(135) Pause Full (System.gc())
[47.503s][info][gc,task        ] GC(135) Using 4 workers of 33 for full compaction
[47.503s][info][gc,phases,start] GC(135) Phase 1: Mark live objects
[47.585s][info][gc,phases      ] GC(135) Phase 1: Mark live objects 82.117ms
[47.585s][info][gc,phases,start] GC(135) Phase 2: Prepare compaction
[47.604s][info][gc,phases      ] GC(135) Phase 2: Prepare compaction 19.217ms
[47.604s][info][gc,phases,start] GC(135) Phase 3: Adjust pointers
[47.630s][info][gc,phases      ] GC(135) Phase 3: Adjust pointers 25.511ms
[47.630s][info][gc,phases,start] GC(135) Phase 4: Compact heap
[47.639s][info][gc,phases      ] GC(135) Phase 4: Compact heap 8.976ms
[47.651s][info][gc,heap        ] GC(135) Eden regions: 28->0(28)
[47.651s][info][gc,heap        ] GC(135) Survivor regions: 1->0(4)
[47.651s][info][gc,heap        ] GC(135) Old regions: 16->14
[47.651s][info][gc,heap        ] GC(135) Archive regions: 0->0
[47.651s][info][gc,heap        ] GC(135) Humongous regions: 0->0
[47.651s][info][gc,metaspace   ] GC(135) Metaspace: 60776K(61696K)->60776K(61696K) NonClass: 53207K(53696K)->53207K(53696K) Class: 7569K(8000K)->7569K(8000K)
[47.651s][info][gc             ] GC(135) Pause Full (System.gc()) 609M->173M(752M) 148.711ms
[47.651s][info][gc,cpu         ] GC(135) User=0.52s Sys=0.00s Real=0.14s
[47.866s][info][gc,start       ] GC(136) Pause Young (Normal) (G1 Evacuation Pause)
[47.866s][info][gc,task        ] GC(136) Using 18 workers of 33 for evacuation
[47.872s][info][gc,phases      ] GC(136)   Pre Evacuate Collection Set: 0.1ms
[47.872s][info][gc,phases      ] GC(136)   Merge Heap Roots: 0.1ms
[47.872s][info][gc,phases      ] GC(136)   Evacuate Collection Set: 0.5ms
[47.872s][info][gc,phases      ] GC(136)   Post Evacuate Collection Set: 4.5ms
[47.872s][info][gc,phases      ] GC(136)   Other: 0.1ms
[47.872s][info][gc,heap        ] GC(136) Eden regions: 28->0(83)
[47.872s][info][gc,heap        ] GC(136) Survivor regions: 0->1(4)
[47.872s][info][gc,heap        ] GC(136) Old regions: 14->14
[47.872s][info][gc,heap        ] GC(136) Archive regions: 0->0
[47.872s][info][gc,heap        ] GC(136) Humongous regions: 0->0
[47.872s][info][gc,metaspace   ] GC(136) Metaspace: 60833K(61760K)->60833K(61760K) NonClass: 53261K(53760K)->53261K(53760K) Class: 7571K(8000K)->7571K(8000K)
[47.872s][info][gc             ] GC(136) Pause Young (Normal) (G1 Evacuation Pause) 621M->173M(2256M) 5.566ms
[47.872s][info][gc,cpu         ] GC(136) User=0.00s Sys=0.02s Real=0.02s
[48.612s][info][gc,start       ] GC(137) Pause Young (Normal) (G1 Evacuation Pause)
[48.612s][info][gc,task        ] GC(137) Using 33 workers of 33 for evacuation
[48.615s][info][gc,phases      ] GC(137)   Pre Evacuate Collection Set: 0.3ms
[48.615s][info][gc,phases      ] GC(137)   Merge Heap Roots: 0.2ms
[48.615s][info][gc,phases      ] GC(137)   Evacuate Collection Set: 1.1ms
[48.615s][info][gc,phases      ] GC(137)   Post Evacuate Collection Set: 0.8ms
[48.615s][info][gc,phases      ] GC(137)   Other: 0.1ms
[48.615s][info][gc,heap        ] GC(137) Eden regions: 83->0(83)
[48.615s][info][gc,heap        ] GC(137) Survivor regions: 1->1(11)
[48.615s][info][gc,heap        ] GC(137) Old regions: 14->14
[48.615s][info][gc,heap        ] GC(137) Archive regions: 0->0
[48.615s][info][gc,heap        ] GC(137) Humongous regions: 0->0
[48.615s][info][gc,metaspace   ] GC(137) Metaspace: 60833K(61760K)->60833K(61760K) NonClass: 53261K(53760K)->53261K(53760K) Class: 7571K(8000K)->7571K(8000K)
[48.615s][info][gc             ] GC(137) Pause Young (Normal) (G1 Evacuation Pause) 1501M->173M(2256M) 2.779ms
[48.615s][info][gc,cpu         ] GC(137) User=0.00s Sys=0.00s Real=0.00s
[48.719s][info][gc,start       ] GC(138) Pause Full (System.gc())
[48.719s][info][gc,task        ] GC(138) Using 14 workers of 33 for full compaction
[48.720s][info][gc,phases,start] GC(138) Phase 1: Mark live objects
[48.763s][info][gc,phases      ] GC(138) Phase 1: Mark live objects 43.342ms
[48.763s][info][gc,phases,start] GC(138) Phase 2: Prepare compaction
[48.771s][info][gc,phases      ] GC(138) Phase 2: Prepare compaction 7.775ms
[48.771s][info][gc,phases,start] GC(138) Phase 3: Adjust pointers
[48.784s][info][gc,phases      ] GC(138) Phase 3: Adjust pointers 12.620ms
[48.784s][info][gc,phases,start] GC(138) Phase 4: Compact heap
[48.788s][info][gc,phases      ] GC(138) Phase 4: Compact heap 4.725ms
[48.809s][info][gc,heap        ] GC(138) Eden regions: 11->0(34)
[48.809s][info][gc,heap        ] GC(138) Survivor regions: 1->0(11)
[48.809s][info][gc,heap        ] GC(138) Old regions: 14->17
[48.809s][info][gc,heap        ] GC(138) Archive regions: 0->0
[48.809s][info][gc,heap        ] GC(138) Humongous regions: 0->0
[48.809s][info][gc,metaspace   ] GC(138) Metaspace: 60897K(61824K)->60897K(61824K) NonClass: 53323K(53824K)->53323K(53824K) Class: 7573K(8000K)->7573K(8000K)
[48.809s][info][gc             ] GC(138) Pause Full (System.gc()) 348M->173M(912M) 89.961ms
[48.809s][info][gc,cpu         ] GC(138) User=0.58s Sys=0.50s Real=0.08s
[49.105s][info][gc,start       ] GC(139) Pause Young (Normal) (G1 Evacuation Pause)
[49.106s][info][gc,task        ] GC(139) Using 21 workers of 33 for evacuation
[49.107s][info][gc,phases      ] GC(139)   Pre Evacuate Collection Set: 0.2ms
[49.107s][info][gc,phases      ] GC(139)   Merge Heap Roots: 0.1ms
[49.107s][info][gc,phases      ] GC(139)   Evacuate Collection Set: 0.5ms
[49.107s][info][gc,phases      ] GC(139)   Post Evacuate Collection Set: 0.6ms
[49.107s][info][gc,phases      ] GC(139)   Other: 0.2ms
[49.107s][info][gc,heap        ] GC(139) Eden regions: 34->0(33)
[49.107s][info][gc,heap        ] GC(139) Survivor regions: 0->1(5)
[49.107s][info][gc,heap        ] GC(139) Old regions: 17->17
[49.107s][info][gc,heap        ] GC(139) Archive regions: 0->0
[49.107s][info][gc,heap        ] GC(139) Humongous regions: 0->0
[49.107s][info][gc,metaspace   ] GC(139) Metaspace: 60922K(61824K)->60922K(61824K) NonClass: 53347K(53824K)->53347K(53824K) Class: 7574K(8000K)->7574K(8000K)
[49.108s][info][gc             ] GC(139) Pause Young (Normal) (G1 Evacuation Pause) 717M->173M(912M) 2.151ms
[49.108s][info][gc,cpu         ] GC(139) User=0.00s Sys=0.00s Real=0.00s
[49.291s][info][gc,start       ] GC(140) Pause Young (Normal) (G1 Evacuation Pause)
[49.291s][info][gc,task        ] GC(140) Using 21 workers of 33 for evacuation
[49.292s][info][gc,phases      ] GC(140)   Pre Evacuate Collection Set: 0.2ms
[49.293s][info][gc,phases      ] GC(140)   Merge Heap Roots: 0.1ms
[49.293s][info][gc,phases      ] GC(140)   Evacuate Collection Set: 0.5ms
[49.293s][info][gc,phases      ] GC(140)   Post Evacuate Collection Set: 0.7ms
[49.293s][info][gc,phases      ] GC(140)   Other: 0.2ms
[49.293s][info][gc,heap        ] GC(140) Eden regions: 33->0(33)
[49.293s][info][gc,heap        ] GC(140) Survivor regions: 1->1(5)
[49.293s][info][gc,heap        ] GC(140) Old regions: 17->17
[49.293s][info][gc,heap        ] GC(140) Archive regions: 0->0
[49.293s][info][gc,heap        ] GC(140) Humongous regions: 0->0
[49.293s][info][gc,metaspace   ] GC(140) Metaspace: 60922K(61824K)->60922K(61824K) NonClass: 53347K(53824K)->53347K(53824K) Class: 7574K(8000K)->7574K(8000K)
[49.293s][info][gc             ] GC(140) Pause Young (Normal) (G1 Evacuation Pause) 701M->173M(912M) 2.102ms
[49.293s][info][gc,cpu         ] GC(140) User=0.00s Sys=0.00s Real=0.00s
[49.469s][info][gc,start       ] GC(141) Pause Young (Normal) (G1 Evacuation Pause)
[49.469s][info][gc,task        ] GC(141) Using 21 workers of 33 for evacuation
[49.471s][info][gc,phases      ] GC(141)   Pre Evacuate Collection Set: 0.2ms
[49.471s][info][gc,phases      ] GC(141)   Merge Heap Roots: 0.1ms
[49.471s][info][gc,phases      ] GC(141)   Evacuate Collection Set: 0.5ms
[49.471s][info][gc,phases      ] GC(141)   Post Evacuate Collection Set: 0.7ms
[49.471s][info][gc,phases      ] GC(141)   Other: 0.1ms
[49.471s][info][gc,heap        ] GC(141) Eden regions: 33->0(33)
[49.471s][info][gc,heap        ] GC(141) Survivor regions: 1->1(5)
[49.471s][info][gc,heap        ] GC(141) Old regions: 17->17
[49.471s][info][gc,heap        ] GC(141) Archive regions: 0->0
[49.471s][info][gc,heap        ] GC(141) Humongous regions: 0->0
[49.471s][info][gc,metaspace   ] GC(141) Metaspace: 60922K(61824K)->60922K(61824K) NonClass: 53347K(53824K)->53347K(53824K) Class: 7574K(8000K)->7574K(8000K)
[49.471s][info][gc             ] GC(141) Pause Young (Normal) (G1 Evacuation Pause) 701M->173M(912M) 2.108ms
[49.472s][info][gc,cpu         ] GC(141) User=0.00s Sys=0.00s Real=0.00s
[49.620s][info][gc,start       ] GC(142) Pause Full (System.gc())
[49.620s][info][gc,task        ] GC(142) Using 4 workers of 33 for full compaction
[49.621s][info][gc,phases,start] GC(142) Phase 1: Mark live objects
[49.708s][info][gc,phases      ] GC(142) Phase 1: Mark live objects 87.227ms
[49.708s][info][gc,phases,start] GC(142) Phase 2: Prepare compaction
[49.731s][info][gc,phases      ] GC(142) Phase 2: Prepare compaction 22.828ms
[49.731s][info][gc,phases,start] GC(142) Phase 3: Adjust pointers
[49.758s][info][gc,phases      ] GC(142) Phase 3: Adjust pointers 27.472ms
[49.758s][info][gc,phases,start] GC(142) Phase 4: Compact heap
[49.767s][info][gc,phases      ] GC(142) Phase 4: Compact heap 8.989ms
[49.779s][info][gc,heap        ] GC(142) Eden regions: 22->0(28)
[49.779s][info][gc,heap        ] GC(142) Survivor regions: 1->0(5)
[49.779s][info][gc,heap        ] GC(142) Old regions: 17->14
[49.779s][info][gc,heap        ] GC(142) Archive regions: 0->0
[49.779s][info][gc,heap        ] GC(142) Humongous regions: 0->0
[49.779s][info][gc,metaspace   ] GC(142) Metaspace: 60928K(61824K)->60928K(61824K) NonClass: 53353K(53824K)->53353K(53824K) Class: 7574K(8000K)->7574K(8000K)
[49.780s][info][gc             ] GC(142) Pause Full (System.gc()) 519M->173M(752M) 159.410ms
[49.780s][info][gc,cpu         ] GC(142) User=0.53s Sys=0.00s Real=0.16s
[50.004s][info][gc,start       ] GC(143) Pause Young (Normal) (G1 Evacuation Pause)
[50.004s][info][gc,task        ] GC(143) Using 18 workers of 33 for evacuation
[50.006s][info][gc,phases      ] GC(143)   Pre Evacuate Collection Set: 0.2ms
[50.006s][info][gc,phases      ] GC(143)   Merge Heap Roots: 0.1ms
[50.006s][info][gc,phases      ] GC(143)   Evacuate Collection Set: 0.5ms
[50.006s][info][gc,phases      ] GC(143)   Post Evacuate Collection Set: 0.6ms
[50.006s][info][gc,phases      ] GC(143)   Other: 0.2ms
[50.006s][info][gc,heap        ] GC(143) Eden regions: 28->0(27)
[50.006s][info][gc,heap        ] GC(143) Survivor regions: 0->1(4)
[50.006s][info][gc,heap        ] GC(143) Old regions: 14->14
[50.006s][info][gc,heap        ] GC(143) Archive regions: 0->0
[50.006s][info][gc,heap        ] GC(143) Humongous regions: 0->0
[50.006s][info][gc,metaspace   ] GC(143) Metaspace: 60929K(61824K)->60929K(61824K) NonClass: 53354K(53824K)->53354K(53824K) Class: 7574K(8000K)->7574K(8000K)
[50.006s][info][gc             ] GC(143) Pause Young (Normal) (G1 Evacuation Pause) 621M->173M(752M) 2.139ms
[50.006s][info][gc,cpu         ] GC(143) User=0.00s Sys=0.00s Real=0.00s
[50.152s][info][gc,start       ] GC(144) Pause Young (Normal) (G1 Evacuation Pause)
[50.152s][info][gc,task        ] GC(144) Using 18 workers of 33 for evacuation
[50.154s][info][gc,phases      ] GC(144)   Pre Evacuate Collection Set: 0.2ms
[50.154s][info][gc,phases      ] GC(144)   Merge Heap Roots: 0.2ms
[50.154s][info][gc,phases      ] GC(144)   Evacuate Collection Set: 0.5ms
[50.154s][info][gc,phases      ] GC(144)   Post Evacuate Collection Set: 0.6ms
[50.154s][info][gc,phases      ] GC(144)   Other: 0.1ms
[50.154s][info][gc,heap        ] GC(144) Eden regions: 27->0(27)
[50.154s][info][gc,heap        ] GC(144) Survivor regions: 1->1(4)
[50.154s][info][gc,heap        ] GC(144) Old regions: 14->14
[50.154s][info][gc,heap        ] GC(144) Archive regions: 0->0
[50.154s][info][gc,heap        ] GC(144) Humongous regions: 0->0
[50.154s][info][gc,metaspace   ] GC(144) Metaspace: 60929K(61824K)->60929K(61824K) NonClass: 53354K(53824K)->53354K(53824K) Class: 7574K(8000K)->7574K(8000K)
[50.154s][info][gc             ] GC(144) Pause Young (Normal) (G1 Evacuation Pause) 605M->173M(752M) 2.016ms
[50.154s][info][gc,cpu         ] GC(144) User=0.00s Sys=0.00s Real=0.00s
[50.299s][info][gc,start       ] GC(145) Pause Young (Normal) (G1 Evacuation Pause)
[50.300s][info][gc,task        ] GC(145) Using 18 workers of 33 for evacuation
[50.301s][info][gc,phases      ] GC(145)   Pre Evacuate Collection Set: 0.1ms
[50.301s][info][gc,phases      ] GC(145)   Merge Heap Roots: 0.1ms
[50.301s][info][gc,phases      ] GC(145)   Evacuate Collection Set: 0.5ms
[50.301s][info][gc,phases      ] GC(145)   Post Evacuate Collection Set: 0.6ms
[50.301s][info][gc,phases      ] GC(145)   Other: 0.1ms
[50.301s][info][gc,heap        ] GC(145) Eden regions: 27->0(27)
[50.301s][info][gc,heap        ] GC(145) Survivor regions: 1->1(4)
[50.301s][info][gc,heap        ] GC(145) Old regions: 14->14
[50.301s][info][gc,heap        ] GC(145) Archive regions: 0->0
[50.301s][info][gc,heap        ] GC(145) Humongous regions: 0->0
[50.301s][info][gc,metaspace   ] GC(145) Metaspace: 60929K(61824K)->60929K(61824K) NonClass: 53354K(53824K)->53354K(53824K) Class: 7574K(8000K)->7574K(8000K)
[50.301s][info][gc             ] GC(145) Pause Young (Normal) (G1 Evacuation Pause) 605M->173M(752M) 1.971ms
[50.302s][info][gc,cpu         ] GC(145) User=0.00s Sys=0.00s Real=0.00s
[50.449s][info][gc,start       ] GC(146) Pause Young (Normal) (G1 Evacuation Pause)
[50.449s][info][gc,task        ] GC(146) Using 18 workers of 33 for evacuation
[50.450s][info][gc,phases      ] GC(146)   Pre Evacuate Collection Set: 0.1ms
[50.450s][info][gc,phases      ] GC(146)   Merge Heap Roots: 0.1ms
[50.450s][info][gc,phases      ] GC(146)   Evacuate Collection Set: 0.5ms
[50.450s][info][gc,phases      ] GC(146)   Post Evacuate Collection Set: 0.6ms
[50.450s][info][gc,phases      ] GC(146)   Other: 0.1ms
[50.450s][info][gc,heap        ] GC(146) Eden regions: 27->0(27)
[50.450s][info][gc,heap        ] GC(146) Survivor regions: 1->1(4)
[50.450s][info][gc,heap        ] GC(146) Old regions: 14->14
[50.450s][info][gc,heap        ] GC(146) Archive regions: 0->0
[50.450s][info][gc,heap        ] GC(146) Humongous regions: 0->0
[50.451s][info][gc,metaspace   ] GC(146) Metaspace: 60929K(61824K)->60929K(61824K) NonClass: 53354K(53824K)->53354K(53824K) Class: 7574K(8000K)->7574K(8000K)
[50.451s][info][gc             ] GC(146) Pause Young (Normal) (G1 Evacuation Pause) 605M->173M(752M) 1.969ms
[50.451s][info][gc,cpu         ] GC(146) User=0.00s Sys=0.00s Real=0.00s
[50.555s][info][gc,start       ] GC(147) Pause Full (System.gc())
[50.555s][info][gc,task        ] GC(147) Using 4 workers of 33 for full compaction
[50.555s][info][gc,phases,start] GC(147) Phase 1: Mark live objects
[50.661s][info][gc,phases      ] GC(147) Phase 1: Mark live objects 105.487ms
[50.661s][info][gc,phases,start] GC(147) Phase 2: Prepare compaction
[50.681s][info][gc,phases      ] GC(147) Phase 2: Prepare compaction 20.733ms
[50.682s][info][gc,phases,start] GC(147) Phase 3: Adjust pointers
[50.708s][info][gc,phases      ] GC(147) Phase 3: Adjust pointers 26.521ms
[50.708s][info][gc,phases,start] GC(147) Phase 4: Compact heap
[50.717s][info][gc,phases      ] GC(147) Phase 4: Compact heap 8.764ms
[50.730s][info][gc,heap        ] GC(147) Eden regions: 13->0(28)
[50.730s][info][gc,heap        ] GC(147) Survivor regions: 1->0(4)
[50.730s][info][gc,heap        ] GC(147) Old regions: 14->14
[50.730s][info][gc,heap        ] GC(147) Archive regions: 0->0
[50.730s][info][gc,heap        ] GC(147) Humongous regions: 0->0
[50.730s][info][gc,metaspace   ] GC(147) Metaspace: 60930K(61824K)->60930K(61824K) NonClass: 53356K(53824K)->53356K(53824K) Class: 7574K(8000K)->7574K(8000K)
[50.730s][info][gc             ] GC(147) Pause Full (System.gc()) 367M->173M(752M) 175.263ms
[50.730s][info][gc,cpu         ] GC(147) User=0.64s Sys=0.00s Real=0.17s
[50.950s][info][gc,start       ] GC(148) Pause Young (Normal) (G1 Evacuation Pause)
[50.951s][info][gc,task        ] GC(148) Using 18 workers of 33 for evacuation
[50.963s][info][gc,phases      ] GC(148)   Pre Evacuate Collection Set: 0.2ms
[50.963s][info][gc,phases      ] GC(148)   Merge Heap Roots: 0.1ms
[50.963s][info][gc,phases      ] GC(148)   Evacuate Collection Set: 0.5ms
[50.963s][info][gc,phases      ] GC(148)   Post Evacuate Collection Set: 11.1ms
[50.963s][info][gc,phases      ] GC(148)   Other: 0.2ms
[50.963s][info][gc,heap        ] GC(148) Eden regions: 28->0(83)
[50.963s][info][gc,heap        ] GC(148) Survivor regions: 0->1(4)
[50.963s][info][gc,heap        ] GC(148) Old regions: 14->14
[50.963s][info][gc,heap        ] GC(148) Archive regions: 0->0
[50.963s][info][gc,heap        ] GC(148) Humongous regions: 0->0
[50.963s][info][gc,metaspace   ] GC(148) Metaspace: 60954K(61888K)->60954K(61888K) NonClass: 53380K(53888K)->53380K(53888K) Class: 7574K(8000K)->7574K(8000K)
[50.963s][info][gc             ] GC(148) Pause Young (Normal) (G1 Evacuation Pause) 621M->173M(2256M) 12.483ms
[50.963s][info][gc,cpu         ] GC(148) User=0.00s Sys=0.02s Real=0.02s
[51.700s][info][gc,start       ] GC(149) Pause Young (Normal) (G1 Evacuation Pause)
[51.700s][info][gc,task        ] GC(149) Using 33 workers of 33 for evacuation
[51.703s][info][gc,phases      ] GC(149)   Pre Evacuate Collection Set: 0.3ms
[51.703s][info][gc,phases      ] GC(149)   Merge Heap Roots: 0.2ms
[51.703s][info][gc,phases      ] GC(149)   Evacuate Collection Set: 1.2ms
[51.703s][info][gc,phases      ] GC(149)   Post Evacuate Collection Set: 0.8ms
[51.703s][info][gc,phases      ] GC(149)   Other: 0.2ms
[51.703s][info][gc,heap        ] GC(149) Eden regions: 83->0(83)
[51.703s][info][gc,heap        ] GC(149) Survivor regions: 1->1(11)
[51.703s][info][gc,heap        ] GC(149) Old regions: 14->14
[51.703s][info][gc,heap        ] GC(149) Archive regions: 0->0
[51.703s][info][gc,heap        ] GC(149) Humongous regions: 0->0
[51.703s][info][gc,metaspace   ] GC(149) Metaspace: 60954K(61888K)->60954K(61888K) NonClass: 53380K(53888K)->53380K(53888K) Class: 7574K(8000K)->7574K(8000K)
[51.703s][info][gc             ] GC(149) Pause Young (Normal) (G1 Evacuation Pause) 1501M->173M(2256M) 3.163ms
[51.703s][info][gc,cpu         ] GC(149) User=0.00s Sys=0.00s Real=0.00s
[51.787s][info][gc,start       ] GC(150) Pause Full (System.gc())
[51.787s][info][gc,task        ] GC(150) Using 14 workers of 33 for full compaction
[51.788s][info][gc,phases,start] GC(150) Phase 1: Mark live objects
[51.835s][info][gc,phases      ] GC(150) Phase 1: Mark live objects 47.512ms
[51.835s][info][gc,phases,start] GC(150) Phase 2: Prepare compaction
[51.845s][info][gc,phases      ] GC(150) Phase 2: Prepare compaction 9.484ms
[51.845s][info][gc,phases,start] GC(150) Phase 3: Adjust pointers
[51.860s][info][gc,phases      ] GC(150) Phase 3: Adjust pointers 15.035ms
[51.860s][info][gc,phases,start] GC(150) Phase 4: Compact heap
[51.864s][info][gc,phases      ] GC(150) Phase 4: Compact heap 4.223ms
[51.887s][info][gc,heap        ] GC(150) Eden regions: 11->0(36)
[51.887s][info][gc,heap        ] GC(150) Survivor regions: 1->0(11)
[51.887s][info][gc,heap        ] GC(150) Old regions: 14->18
[51.887s][info][gc,heap        ] GC(150) Archive regions: 0->0
[51.887s][info][gc,heap        ] GC(150) Humongous regions: 0->0
[51.887s][info][gc,metaspace   ] GC(150) Metaspace: 60958K(61888K)->60958K(61888K) NonClass: 53383K(53888K)->53383K(53888K) Class: 7574K(8000K)->7574K(8000K)
[51.887s][info][gc             ] GC(150) Pause Full (System.gc()) 339M->173M(960M) 100.207ms
[51.887s][info][gc,cpu         ] GC(150) User=0.86s Sys=0.03s Real=0.09s
[52.189s][info][gc,start       ] GC(151) Pause Young (Normal) (G1 Evacuation Pause)
[52.189s][info][gc,task        ] GC(151) Using 23 workers of 33 for evacuation
[52.190s][info][gc,phases      ] GC(151)   Pre Evacuate Collection Set: 0.2ms
[52.191s][info][gc,phases      ] GC(151)   Merge Heap Roots: 0.1ms
[52.191s][info][gc,phases      ] GC(151)   Evacuate Collection Set: 0.5ms
[52.191s][info][gc,phases      ] GC(151)   Post Evacuate Collection Set: 0.7ms
[52.191s][info][gc,phases      ] GC(151)   Other: 0.2ms
[52.191s][info][gc,heap        ] GC(151) Eden regions: 36->0(35)
[52.191s][info][gc,heap        ] GC(151) Survivor regions: 0->1(5)
[52.191s][info][gc,heap        ] GC(151) Old regions: 18->18
[52.191s][info][gc,heap        ] GC(151) Archive regions: 0->0
[52.191s][info][gc,heap        ] GC(151) Humongous regions: 0->0
[52.191s][info][gc,metaspace   ] GC(151) Metaspace: 60959K(61888K)->60959K(61888K) NonClass: 53385K(53888K)->53385K(53888K) Class: 7574K(8000K)->7574K(8000K)
[52.191s][info][gc             ] GC(151) Pause Young (Normal) (G1 Evacuation Pause) 749M->173M(960M) 2.310ms
[52.191s][info][gc,cpu         ] GC(151) User=0.00s Sys=0.00s Real=0.00s
[52.404s][info][gc,start       ] GC(152) Pause Young (Normal) (G1 Evacuation Pause)
[52.404s][info][gc,task        ] GC(152) Using 23 workers of 33 for evacuation
[52.406s][info][gc,phases      ] GC(152)   Pre Evacuate Collection Set: 0.2ms
[52.406s][info][gc,phases      ] GC(152)   Merge Heap Roots: 0.2ms
[52.406s][info][gc,phases      ] GC(152)   Evacuate Collection Set: 0.6ms
[52.406s][info][gc,phases      ] GC(152)   Post Evacuate Collection Set: 0.7ms
[52.406s][info][gc,phases      ] GC(152)   Other: 0.2ms
[52.406s][info][gc,heap        ] GC(152) Eden regions: 35->0(35)
[52.406s][info][gc,heap        ] GC(152) Survivor regions: 1->1(5)
[52.406s][info][gc,heap        ] GC(152) Old regions: 18->18
[52.406s][info][gc,heap        ] GC(152) Archive regions: 0->0
[52.406s][info][gc,heap        ] GC(152) Humongous regions: 0->0
[52.406s][info][gc,metaspace   ] GC(152) Metaspace: 60959K(61888K)->60959K(61888K) NonClass: 53385K(53888K)->53385K(53888K) Class: 7574K(8000K)->7574K(8000K)
[52.406s][info][gc             ] GC(152) Pause Young (Normal) (G1 Evacuation Pause) 733M->173M(960M) 2.266ms
[52.406s][info][gc,cpu         ] GC(152) User=0.23s Sys=0.05s Real=0.02s
[52.603s][info][gc,start       ] GC(153) Pause Young (Normal) (G1 Evacuation Pause)
[52.603s][info][gc,task        ] GC(153) Using 23 workers of 33 for evacuation
[52.605s][info][gc,phases      ] GC(153)   Pre Evacuate Collection Set: 0.2ms
[52.605s][info][gc,phases      ] GC(153)   Merge Heap Roots: 0.1ms
[52.605s][info][gc,phases      ] GC(153)   Evacuate Collection Set: 0.5ms
[52.605s][info][gc,phases      ] GC(153)   Post Evacuate Collection Set: 0.7ms
[52.605s][info][gc,phases      ] GC(153)   Other: 0.1ms
[52.605s][info][gc,heap        ] GC(153) Eden regions: 35->0(35)
[52.605s][info][gc,heap        ] GC(153) Survivor regions: 1->1(5)
[52.605s][info][gc,heap        ] GC(153) Old regions: 18->18
[52.605s][info][gc,heap        ] GC(153) Archive regions: 0->0
[52.605s][info][gc,heap        ] GC(153) Humongous regions: 0->0
[52.605s][info][gc,metaspace   ] GC(153) Metaspace: 60959K(61888K)->60959K(61888K) NonClass: 53385K(53888K)->53385K(53888K) Class: 7574K(8000K)->7574K(8000K)
[52.605s][info][gc             ] GC(153) Pause Young (Normal) (G1 Evacuation Pause) 733M->173M(960M) 2.132ms
[52.606s][info][gc,cpu         ] GC(153) User=0.00s Sys=0.00s Real=0.00s
[52.735s][info][gc,start       ] GC(154) Pause Full (System.gc())
[52.735s][info][gc,task        ] GC(154) Using 6 workers of 33 for full compaction
[52.736s][info][gc,phases,start] GC(154) Phase 1: Mark live objects
[52.800s][info][gc,phases      ] GC(154) Phase 1: Mark live objects 64.000ms
[52.800s][info][gc,phases,start] GC(154) Phase 2: Prepare compaction
[52.810s][info][gc,phases      ] GC(154) Phase 2: Prepare compaction 9.917ms
[52.810s][info][gc,phases,start] GC(154) Phase 3: Adjust pointers
[52.828s][info][gc,phases      ] GC(154) Phase 3: Adjust pointers 18.692ms
[52.828s][info][gc,phases,start] GC(154) Phase 4: Compact heap
[52.832s][info][gc,phases      ] GC(154) Phase 4: Compact heap 3.926ms
[52.845s][info][gc,heap        ] GC(154) Eden regions: 16->0(32)
[52.845s][info][gc,heap        ] GC(154) Survivor regions: 1->0(5)
[52.845s][info][gc,heap        ] GC(154) Old regions: 18->16
[52.845s][info][gc,heap        ] GC(154) Archive regions: 0->0
[52.845s][info][gc,heap        ] GC(154) Humongous regions: 0->0
[52.846s][info][gc,metaspace   ] GC(154) Metaspace: 60974K(61888K)->60974K(61888K) NonClass: 53399K(53888K)->53399K(53888K) Class: 7574K(8000K)->7574K(8000K)
[52.846s][info][gc             ] GC(154) Pause Full (System.gc()) 429M->173M(864M) 110.466ms
[52.846s][info][gc,cpu         ] GC(154) User=0.52s Sys=0.00s Real=0.11s
[53.090s][info][gc,start       ] GC(155) Pause Young (Normal) (G1 Evacuation Pause)
[53.090s][info][gc,task        ] GC(155) Using 20 workers of 33 for evacuation
[53.091s][info][gc,phases      ] GC(155)   Pre Evacuate Collection Set: 0.2ms
[53.091s][info][gc,phases      ] GC(155)   Merge Heap Roots: 0.1ms
[53.091s][info][gc,phases      ] GC(155)   Evacuate Collection Set: 0.5ms
[53.091s][info][gc,phases      ] GC(155)   Post Evacuate Collection Set: 0.6ms
[53.091s][info][gc,phases      ] GC(155)   Other: 0.1ms
[53.091s][info][gc,heap        ] GC(155) Eden regions: 32->0(31)
[53.091s][info][gc,heap        ] GC(155) Survivor regions: 0->1(4)
[53.091s][info][gc,heap        ] GC(155) Old regions: 16->16
[53.092s][info][gc,heap        ] GC(155) Archive regions: 0->0
[53.092s][info][gc,heap        ] GC(155) Humongous regions: 0->0
[53.092s][info][gc,metaspace   ] GC(155) Metaspace: 61009K(61952K)->61009K(61952K) NonClass: 53435K(53952K)->53435K(53952K) Class: 7574K(8000K)->7574K(8000K)
[53.092s][info][gc             ] GC(155) Pause Young (Normal) (G1 Evacuation Pause) 685M->173M(864M) 2.119ms
[53.092s][info][gc,cpu         ] GC(155) User=0.00s Sys=0.00s Real=0.00s
[53.259s][info][gc,start       ] GC(156) Pause Young (Normal) (G1 Evacuation Pause)
[53.259s][info][gc,task        ] GC(156) Using 20 workers of 33 for evacuation
[53.261s][info][gc,phases      ] GC(156)   Pre Evacuate Collection Set: 0.2ms
[53.261s][info][gc,phases      ] GC(156)   Merge Heap Roots: 0.1ms
[53.261s][info][gc,phases      ] GC(156)   Evacuate Collection Set: 0.5ms
[53.261s][info][gc,phases      ] GC(156)   Post Evacuate Collection Set: 0.7ms
[53.261s][info][gc,phases      ] GC(156)   Other: 0.1ms
[53.261s][info][gc,heap        ] GC(156) Eden regions: 31->0(31)
[53.261s][info][gc,heap        ] GC(156) Survivor regions: 1->1(4)
[53.261s][info][gc,heap        ] GC(156) Old regions: 16->16
[53.261s][info][gc,heap        ] GC(156) Archive regions: 0->0
[53.261s][info][gc,heap        ] GC(156) Humongous regions: 0->0
[53.261s][info][gc,metaspace   ] GC(156) Metaspace: 61009K(61952K)->61009K(61952K) NonClass: 53435K(53952K)->53435K(53952K) Class: 7574K(8000K)->7574K(8000K)
[53.261s][info][gc             ] GC(156) Pause Young (Normal) (G1 Evacuation Pause) 669M->173M(864M) 2.051ms
[53.261s][info][gc,cpu         ] GC(156) User=0.00s Sys=0.00s Real=0.00s
[53.428s][info][gc,start       ] GC(157) Pause Young (Normal) (G1 Evacuation Pause)
[53.428s][info][gc,task        ] GC(157) Using 20 workers of 33 for evacuation
[53.429s][info][gc,phases      ] GC(157)   Pre Evacuate Collection Set: 0.1ms
[53.429s][info][gc,phases      ] GC(157)   Merge Heap Roots: 0.1ms
[53.429s][info][gc,phases      ] GC(157)   Evacuate Collection Set: 0.5ms
[53.429s][info][gc,phases      ] GC(157)   Post Evacuate Collection Set: 0.6ms
[53.429s][info][gc,phases      ] GC(157)   Other: 0.1ms
[53.429s][info][gc,heap        ] GC(157) Eden regions: 31->0(31)
[53.429s][info][gc,heap        ] GC(157) Survivor regions: 1->1(4)
[53.429s][info][gc,heap        ] GC(157) Old regions: 16->16
[53.430s][info][gc,heap        ] GC(157) Archive regions: 0->0
[53.430s][info][gc,heap        ] GC(157) Humongous regions: 0->0
[53.430s][info][gc,metaspace   ] GC(157) Metaspace: 61009K(61952K)->61009K(61952K) NonClass: 53435K(53952K)->53435K(53952K) Class: 7574K(8000K)->7574K(8000K)
[53.430s][info][gc             ] GC(157) Pause Young (Normal) (G1 Evacuation Pause) 669M->173M(864M) 1.987ms
[53.430s][info][gc,cpu         ] GC(157) User=0.00s Sys=0.00s Real=0.00s
[53.617s][info][gc,start       ] GC(158) Pause Full (System.gc())
[53.618s][info][gc,task        ] GC(158) Using 4 workers of 33 for full compaction
[53.618s][info][gc,phases,start] GC(158) Phase 1: Mark live objects
[53.705s][info][gc,phases      ] GC(158) Phase 1: Mark live objects 87.579ms
[53.705s][info][gc,phases,start] GC(158) Phase 2: Prepare compaction
[53.732s][info][gc,phases      ] GC(158) Phase 2: Prepare compaction 26.185ms
[53.732s][info][gc,phases,start] GC(158) Phase 3: Adjust pointers
[53.765s][info][gc,phases      ] GC(158) Phase 3: Adjust pointers 33.626ms
[53.765s][info][gc,phases,start] GC(158) Phase 4: Compact heap
[53.770s][info][gc,phases      ] GC(158) Phase 4: Compact heap 4.495ms
[53.783s][info][gc,heap        ] GC(158) Eden regions: 28->0(28)
[53.783s][info][gc,heap        ] GC(158) Survivor regions: 1->0(4)
[53.783s][info][gc,heap        ] GC(158) Old regions: 16->14
[53.783s][info][gc,heap        ] GC(158) Archive regions: 0->0
[53.783s][info][gc,heap        ] GC(158) Humongous regions: 0->0
[53.783s][info][gc,metaspace   ] GC(158) Metaspace: 61034K(61952K)->61034K(61952K) NonClass: 53459K(53952K)->53459K(53952K) Class: 7574K(8000K)->7574K(8000K)
[53.783s][info][gc             ] GC(158) Pause Full (System.gc()) 610M->173M(752M) 165.510ms
[53.783s][info][gc,cpu         ] GC(158) User=0.58s Sys=0.00s Real=0.16s
[54.005s][info][gc,start       ] GC(159) Pause Young (Normal) (G1 Evacuation Pause)
[54.005s][info][gc,task        ] GC(159) Using 18 workers of 33 for evacuation
[54.017s][info][gc,phases      ] GC(159)   Pre Evacuate Collection Set: 0.2ms
[54.017s][info][gc,phases      ] GC(159)   Merge Heap Roots: 0.1ms
[54.017s][info][gc,phases      ] GC(159)   Evacuate Collection Set: 0.5ms
[54.017s][info][gc,phases      ] GC(159)   Post Evacuate Collection Set: 10.7ms
[54.017s][info][gc,phases      ] GC(159)   Other: 0.1ms
[54.017s][info][gc,heap        ] GC(159) Eden regions: 28->0(83)
[54.017s][info][gc,heap        ] GC(159) Survivor regions: 0->1(4)
[54.017s][info][gc,heap        ] GC(159) Old regions: 14->14
[54.017s][info][gc,heap        ] GC(159) Archive regions: 0->0
[54.017s][info][gc,heap        ] GC(159) Humongous regions: 0->0
[54.017s][info][gc,metaspace   ] GC(159) Metaspace: 61035K(61952K)->61035K(61952K) NonClass: 53461K(53952K)->53461K(53952K) Class: 7574K(8000K)->7574K(8000K)
[54.017s][info][gc             ] GC(159) Pause Young (Normal) (G1 Evacuation Pause) 621M->173M(2256M) 11.999ms
[54.017s][info][gc,cpu         ] GC(159) User=0.00s Sys=0.00s Real=0.00s
[54.745s][info][gc,start       ] GC(160) Pause Young (Normal) (G1 Evacuation Pause)
[54.745s][info][gc,task        ] GC(160) Using 33 workers of 33 for evacuation
[54.748s][info][gc,phases      ] GC(160)   Pre Evacuate Collection Set: 0.3ms
[54.748s][info][gc,phases      ] GC(160)   Merge Heap Roots: 0.2ms
[54.748s][info][gc,phases      ] GC(160)   Evacuate Collection Set: 1.2ms
[54.748s][info][gc,phases      ] GC(160)   Post Evacuate Collection Set: 0.8ms
[54.748s][info][gc,phases      ] GC(160)   Other: 0.2ms
[54.748s][info][gc,heap        ] GC(160) Eden regions: 83->0(83)
[54.748s][info][gc,heap        ] GC(160) Survivor regions: 1->1(11)
[54.748s][info][gc,heap        ] GC(160) Old regions: 14->14
[54.748s][info][gc,heap        ] GC(160) Archive regions: 0->0
[54.748s][info][gc,heap        ] GC(160) Humongous regions: 0->0
[54.748s][info][gc,metaspace   ] GC(160) Metaspace: 61035K(61952K)->61035K(61952K) NonClass: 53461K(53952K)->53461K(53952K) Class: 7574K(8000K)->7574K(8000K)
[54.748s][info][gc             ] GC(160) Pause Young (Normal) (G1 Evacuation Pause) 1501M->173M(2256M) 3.081ms
[54.748s][info][gc,cpu         ] GC(160) User=0.00s Sys=0.00s Real=0.00s
[54.840s][info][gc,start       ] GC(161) Pause Full (System.gc())
[54.840s][info][gc,task        ] GC(161) Using 14 workers of 33 for full compaction
[54.841s][info][gc,phases,start] GC(161) Phase 1: Mark live objects
[54.883s][info][gc,phases      ] GC(161) Phase 1: Mark live objects 42.479ms
[54.883s][info][gc,phases,start] GC(161) Phase 2: Prepare compaction
[54.890s][info][gc,phases      ] GC(161) Phase 2: Prepare compaction 7.119ms
[54.890s][info][gc,phases,start] GC(161) Phase 3: Adjust pointers
[54.903s][info][gc,phases      ] GC(161) Phase 3: Adjust pointers 12.910ms
[54.903s][info][gc,phases,start] GC(161) Phase 4: Compact heap
[54.907s][info][gc,phases      ] GC(161) Phase 4: Compact heap 3.942ms
[54.928s][info][gc,heap        ] GC(161) Eden regions: 11->0(38)
[54.928s][info][gc,heap        ] GC(161) Survivor regions: 1->0(11)
[54.928s][info][gc,heap        ] GC(161) Old regions: 14->19
[54.928s][info][gc,heap        ] GC(161) Archive regions: 0->0
[54.928s][info][gc,heap        ] GC(161) Humongous regions: 0->0
[54.928s][info][gc,metaspace   ] GC(161) Metaspace: 61040K(61952K)->61040K(61952K) NonClass: 53465K(53952K)->53465K(53952K) Class: 7574K(8000K)->7574K(8000K)
[54.928s][info][gc             ] GC(161) Pause Full (System.gc()) 338M->173M(1024M) 88.147ms
[54.928s][info][gc,cpu         ] GC(161) User=0.67s Sys=0.56s Real=0.08s
[55.232s][info][gc,start       ] GC(162) Pause Young (Normal) (G1 Evacuation Pause)
[55.232s][info][gc,task        ] GC(162) Using 24 workers of 33 for evacuation
[55.234s][info][gc,phases      ] GC(162)   Pre Evacuate Collection Set: 0.2ms
[55.234s][info][gc,phases      ] GC(162)   Merge Heap Roots: 0.2ms
[55.234s][info][gc,phases      ] GC(162)   Evacuate Collection Set: 0.6ms
[55.234s][info][gc,phases      ] GC(162)   Post Evacuate Collection Set: 0.6ms
[55.234s][info][gc,phases      ] GC(162)   Other: 0.2ms
[55.234s][info][gc,heap        ] GC(162) Eden regions: 38->0(37)
[55.234s][info][gc,heap        ] GC(162) Survivor regions: 0->1(5)
[55.234s][info][gc,heap        ] GC(162) Old regions: 19->19
[55.235s][info][gc,heap        ] GC(162) Archive regions: 0->0
[55.235s][info][gc,heap        ] GC(162) Humongous regions: 0->0
[55.235s][info][gc,metaspace   ] GC(162) Metaspace: 61079K(62016K)->61079K(62016K) NonClass: 53504K(54016K)->53504K(54016K) Class: 7575K(8000K)->7575K(8000K)
[55.235s][info][gc             ] GC(162) Pause Young (Normal) (G1 Evacuation Pause) 781M->173M(1024M) 2.310ms
[55.235s][info][gc,cpu         ] GC(162) User=0.00s Sys=0.00s Real=0.00s
[55.450s][info][gc,start       ] GC(163) Pause Young (Normal) (G1 Evacuation Pause)
[55.450s][info][gc,task        ] GC(163) Using 24 workers of 33 for evacuation
[55.452s][info][gc,phases      ] GC(163)   Pre Evacuate Collection Set: 0.2ms
[55.452s][info][gc,phases      ] GC(163)   Merge Heap Roots: 0.2ms
[55.452s][info][gc,phases      ] GC(163)   Evacuate Collection Set: 0.7ms
[55.452s][info][gc,phases      ] GC(163)   Post Evacuate Collection Set: 0.7ms
[55.452s][info][gc,phases      ] GC(163)   Other: 0.1ms
[55.452s][info][gc,heap        ] GC(163) Eden regions: 37->0(37)
[55.452s][info][gc,heap        ] GC(163) Survivor regions: 1->1(5)
[55.453s][info][gc,heap        ] GC(163) Old regions: 19->19
[55.453s][info][gc,heap        ] GC(163) Archive regions: 0->0
[55.453s][info][gc,heap        ] GC(163) Humongous regions: 0->0
[55.453s][info][gc,metaspace   ] GC(163) Metaspace: 61079K(62016K)->61079K(62016K) NonClass: 53504K(54016K)->53504K(54016K) Class: 7575K(8000K)->7575K(8000K)
[55.453s][info][gc             ] GC(163) Pause Young (Normal) (G1 Evacuation Pause) 765M->173M(1024M) 2.316ms
[55.453s][info][gc,cpu         ] GC(163) User=0.00s Sys=0.00s Real=0.00s
[55.665s][info][gc,start       ] GC(164) Pause Young (Normal) (G1 Evacuation Pause)
[55.666s][info][gc,task        ] GC(164) Using 24 workers of 33 for evacuation
[55.667s][info][gc,phases      ] GC(164)   Pre Evacuate Collection Set: 0.2ms
[55.667s][info][gc,phases      ] GC(164)   Merge Heap Roots: 0.2ms
[55.667s][info][gc,phases      ] GC(164)   Evacuate Collection Set: 0.6ms
[55.667s][info][gc,phases      ] GC(164)   Post Evacuate Collection Set: 0.7ms
[55.667s][info][gc,phases      ] GC(164)   Other: 0.1ms
[55.667s][info][gc,heap        ] GC(164) Eden regions: 37->0(37)
[55.667s][info][gc,heap        ] GC(164) Survivor regions: 1->1(5)
[55.667s][info][gc,heap        ] GC(164) Old regions: 19->19
[55.667s][info][gc,heap        ] GC(164) Archive regions: 0->0
[55.667s][info][gc,heap        ] GC(164) Humongous regions: 0->0
[55.668s][info][gc,metaspace   ] GC(164) Metaspace: 61079K(62016K)->61079K(62016K) NonClass: 53504K(54016K)->53504K(54016K) Class: 7575K(8000K)->7575K(8000K)
[55.668s][info][gc             ] GC(164) Pause Young (Normal) (G1 Evacuation Pause) 765M->173M(1024M) 2.204ms
[55.668s][info][gc,cpu         ] GC(164) User=0.00s Sys=0.00s Real=0.00s
[55.767s][info][gc,start       ] GC(165) Pause Full (System.gc())
[55.767s][info][gc,task        ] GC(165) Using 6 workers of 33 for full compaction
[55.767s][info][gc,phases,start] GC(165) Phase 1: Mark live objects
[55.840s][info][gc,phases      ] GC(165) Phase 1: Mark live objects 73.199ms
[55.840s][info][gc,phases,start] GC(165) Phase 2: Prepare compaction
[55.858s][info][gc,phases      ] GC(165) Phase 2: Prepare compaction 17.594ms
[55.858s][info][gc,phases,start] GC(165) Phase 3: Adjust pointers
[55.881s][info][gc,phases      ] GC(165) Phase 3: Adjust pointers 22.829ms
[55.881s][info][gc,phases,start] GC(165) Phase 4: Compact heap
[55.890s][info][gc,phases      ] GC(165) Phase 4: Compact heap 8.626ms
[55.903s][info][gc,heap        ] GC(165) Eden regions: 11->0(32)
[55.903s][info][gc,heap        ] GC(165) Survivor regions: 1->0(5)
[55.903s][info][gc,heap        ] GC(165) Old regions: 19->16
[55.903s][info][gc,heap        ] GC(165) Archive regions: 0->0
[55.903s][info][gc,heap        ] GC(165) Humongous regions: 0->0
[55.903s][info][gc,metaspace   ] GC(165) Metaspace: 61087K(62016K)->61087K(62016K) NonClass: 53512K(54016K)->53512K(54016K) Class: 7575K(8000K)->7575K(8000K)
[55.903s][info][gc             ] GC(165) Pause Full (System.gc()) 334M->173M(864M) 136.549ms
[55.903s][info][gc,cpu         ] GC(165) User=0.61s Sys=0.00s Real=0.14s
[56.153s][info][gc,start       ] GC(166) Pause Young (Normal) (G1 Evacuation Pause)
[56.153s][info][gc,task        ] GC(166) Using 20 workers of 33 for evacuation
[56.154s][info][gc,phases      ] GC(166)   Pre Evacuate Collection Set: 0.2ms
[56.154s][info][gc,phases      ] GC(166)   Merge Heap Roots: 0.2ms
[56.154s][info][gc,phases      ] GC(166)   Evacuate Collection Set: 0.5ms
[56.154s][info][gc,phases      ] GC(166)   Post Evacuate Collection Set: 0.6ms
[56.155s][info][gc,phases      ] GC(166)   Other: 0.2ms
[56.155s][info][gc,heap        ] GC(166) Eden regions: 32->0(31)
[56.155s][info][gc,heap        ] GC(166) Survivor regions: 0->1(4)
[56.155s][info][gc,heap        ] GC(166) Old regions: 16->16
[56.155s][info][gc,heap        ] GC(166) Archive regions: 0->0
[56.155s][info][gc,heap        ] GC(166) Humongous regions: 0->0
[56.155s][info][gc,metaspace   ] GC(166) Metaspace: 61094K(62016K)->61094K(62016K) NonClass: 53518K(54016K)->53518K(54016K) Class: 7575K(8000K)->7575K(8000K)
[56.155s][info][gc             ] GC(166) Pause Young (Normal) (G1 Evacuation Pause) 685M->173M(864M) 2.136ms
[56.155s][info][gc,cpu         ] GC(166) User=0.00s Sys=0.00s Real=0.00s
[56.323s][info][gc,start       ] GC(167) Pause Young (Normal) (G1 Evacuation Pause)
[56.323s][info][gc,task        ] GC(167) Using 20 workers of 33 for evacuation
[56.325s][info][gc,phases      ] GC(167)   Pre Evacuate Collection Set: 0.2ms
[56.325s][info][gc,phases      ] GC(167)   Merge Heap Roots: 0.2ms
[56.325s][info][gc,phases      ] GC(167)   Evacuate Collection Set: 0.5ms
[56.325s][info][gc,phases      ] GC(167)   Post Evacuate Collection Set: 0.7ms
[56.325s][info][gc,phases      ] GC(167)   Other: 0.1ms
[56.325s][info][gc,heap        ] GC(167) Eden regions: 31->0(31)
[56.325s][info][gc,heap        ] GC(167) Survivor regions: 1->1(4)
[56.325s][info][gc,heap        ] GC(167) Old regions: 16->16
[56.325s][info][gc,heap        ] GC(167) Archive regions: 0->0
[56.325s][info][gc,heap        ] GC(167) Humongous regions: 0->0
[56.325s][info][gc,metaspace   ] GC(167) Metaspace: 61094K(62016K)->61094K(62016K) NonClass: 53518K(54016K)->53518K(54016K) Class: 7575K(8000K)->7575K(8000K)
[56.325s][info][gc             ] GC(167) Pause Young (Normal) (G1 Evacuation Pause) 669M->173M(864M) 2.115ms
[56.325s][info][gc,cpu         ] GC(167) User=0.00s Sys=0.00s Real=0.00s
[56.491s][info][gc,start       ] GC(168) Pause Young (Normal) (G1 Evacuation Pause)
[56.491s][info][gc,task        ] GC(168) Using 20 workers of 33 for evacuation
[56.492s][info][gc,phases      ] GC(168)   Pre Evacuate Collection Set: 0.1ms
[56.493s][info][gc,phases      ] GC(168)   Merge Heap Roots: 0.1ms
[56.493s][info][gc,phases      ] GC(168)   Evacuate Collection Set: 0.5ms
[56.493s][info][gc,phases      ] GC(168)   Post Evacuate Collection Set: 0.6ms
[56.493s][info][gc,phases      ] GC(168)   Other: 0.1ms
[56.493s][info][gc,heap        ] GC(168) Eden regions: 31->0(31)
[56.493s][info][gc,heap        ] GC(168) Survivor regions: 1->1(4)
[56.493s][info][gc,heap        ] GC(168) Old regions: 16->16
[56.493s][info][gc,heap        ] GC(168) Archive regions: 0->0
[56.493s][info][gc,heap        ] GC(168) Humongous regions: 0->0
[56.493s][info][gc,metaspace   ] GC(168) Metaspace: 61094K(62016K)->61094K(62016K) NonClass: 53518K(54016K)->53518K(54016K) Class: 7575K(8000K)->7575K(8000K)
[56.493s][info][gc             ] GC(168) Pause Young (Normal) (G1 Evacuation Pause) 669M->173M(864M) 1.955ms
[56.493s][info][gc,cpu         ] GC(168) User=0.00s Sys=0.00s Real=0.00s
[56.668s][info][gc,start       ] GC(169) Pause Full (System.gc())
[56.668s][info][gc,task        ] GC(169) Using 4 workers of 33 for full compaction
[56.668s][info][gc,phases,start] GC(169) Phase 1: Mark live objects
[56.776s][info][gc,phases      ] GC(169) Phase 1: Mark live objects 107.649ms
[56.776s][info][gc,phases,start] GC(169) Phase 2: Prepare compaction
[56.801s][info][gc,phases      ] GC(169) Phase 2: Prepare compaction 25.357ms
[56.801s][info][gc,phases,start] GC(169) Phase 3: Adjust pointers
[56.833s][info][gc,phases      ] GC(169) Phase 3: Adjust pointers 31.501ms
[56.833s][info][gc,phases,start] GC(169) Phase 4: Compact heap
[56.838s][info][gc,phases      ] GC(169) Phase 4: Compact heap 5.045ms
[56.850s][info][gc,heap        ] GC(169) Eden regions: 28->0(28)
[56.850s][info][gc,heap        ] GC(169) Survivor regions: 1->0(4)
[56.850s][info][gc,heap        ] GC(169) Old regions: 16->14
[56.850s][info][gc,heap        ] GC(169) Archive regions: 0->0
[56.850s][info][gc,heap        ] GC(169) Humongous regions: 0->0
[56.850s][info][gc,metaspace   ] GC(169) Metaspace: 61095K(62016K)->61095K(62016K) NonClass: 53519K(54016K)->53519K(54016K) Class: 7575K(8000K)->7575K(8000K)
[56.850s][info][gc             ] GC(169) Pause Full (System.gc()) 615M->173M(752M) 182.703ms
[56.850s][info][gc,cpu         ] GC(169) User=0.59s Sys=0.00s Real=0.18s
[57.067s][info][gc,start       ] GC(170) Pause Young (Normal) (G1 Evacuation Pause)
[57.068s][info][gc,task        ] GC(170) Using 18 workers of 33 for evacuation
[57.080s][info][gc,phases      ] GC(170)   Pre Evacuate Collection Set: 0.2ms
[57.080s][info][gc,phases      ] GC(170)   Merge Heap Roots: 0.1ms
[57.080s][info][gc,phases      ] GC(170)   Evacuate Collection Set: 0.5ms
[57.080s][info][gc,phases      ] GC(170)   Post Evacuate Collection Set: 11.0ms
[57.080s][info][gc,phases      ] GC(170)   Other: 0.2ms
[57.080s][info][gc,heap        ] GC(170) Eden regions: 28->0(83)
[57.080s][info][gc,heap        ] GC(170) Survivor regions: 0->1(4)
[57.080s][info][gc,heap        ] GC(170) Old regions: 14->14
[57.080s][info][gc,heap        ] GC(170) Archive regions: 0->0
[57.080s][info][gc,heap        ] GC(170) Humongous regions: 0->0
[57.080s][info][gc,metaspace   ] GC(170) Metaspace: 61095K(62016K)->61095K(62016K) NonClass: 53519K(54016K)->53519K(54016K) Class: 7575K(8000K)->7575K(8000K)
[57.080s][info][gc             ] GC(170) Pause Young (Normal) (G1 Evacuation Pause) 621M->173M(2256M) 12.472ms
[57.080s][info][gc,cpu         ] GC(170) User=0.02s Sys=0.00s Real=0.02s
[57.799s][info][gc,start       ] GC(171) Pause Young (Normal) (G1 Evacuation Pause)
[57.799s][info][gc,task        ] GC(171) Using 33 workers of 33 for evacuation
[57.801s][info][gc,phases      ] GC(171)   Pre Evacuate Collection Set: 0.2ms
[57.801s][info][gc,phases      ] GC(171)   Merge Heap Roots: 0.2ms
[57.801s][info][gc,phases      ] GC(171)   Evacuate Collection Set: 1.1ms
[57.801s][info][gc,phases      ] GC(171)   Post Evacuate Collection Set: 0.8ms
[57.801s][info][gc,phases      ] GC(171)   Other: 0.2ms
[57.801s][info][gc,heap        ] GC(171) Eden regions: 83->0(83)
[57.801s][info][gc,heap        ] GC(171) Survivor regions: 1->1(11)
[57.801s][info][gc,heap        ] GC(171) Old regions: 14->14
[57.801s][info][gc,heap        ] GC(171) Archive regions: 0->0
[57.801s][info][gc,heap        ] GC(171) Humongous regions: 0->0
[57.802s][info][gc,metaspace   ] GC(171) Metaspace: 61095K(62016K)->61095K(62016K) NonClass: 53520K(54016K)->53520K(54016K) Class: 7575K(8000K)->7575K(8000K)
[57.802s][info][gc             ] GC(171) Pause Young (Normal) (G1 Evacuation Pause) 1501M->174M(2256M) 3.078ms
[57.802s][info][gc,cpu         ] GC(171) User=0.00s Sys=0.00s Real=0.00s
[57.899s][info][gc,start       ] GC(172) Pause Full (System.gc())
[57.899s][info][gc,task        ] GC(172) Using 14 workers of 33 for full compaction
[57.900s][info][gc,phases,start] GC(172) Phase 1: Mark live objects
[57.939s][info][gc,phases      ] GC(172) Phase 1: Mark live objects 39.036ms
[57.939s][info][gc,phases,start] GC(172) Phase 2: Prepare compaction
[57.946s][info][gc,phases      ] GC(172) Phase 2: Prepare compaction 7.151ms
[57.946s][info][gc,phases,start] GC(172) Phase 3: Adjust pointers
[57.957s][info][gc,phases      ] GC(172) Phase 3: Adjust pointers 10.427ms
[57.957s][info][gc,phases,start] GC(172) Phase 4: Compact heap
[57.962s][info][gc,phases      ] GC(172) Phase 4: Compact heap 5.192ms
[57.982s][info][gc,heap        ] GC(172) Eden regions: 11->0(38)
[57.982s][info][gc,heap        ] GC(172) Survivor regions: 1->0(11)
[57.982s][info][gc,heap        ] GC(172) Old regions: 14->19
[57.982s][info][gc,heap        ] GC(172) Archive regions: 0->0
[57.982s][info][gc,heap        ] GC(172) Humongous regions: 0->0
[57.982s][info][gc,metaspace   ] GC(172) Metaspace: 61106K(62016K)->61106K(62016K) NonClass: 53531K(54016K)->53531K(54016K) Class: 7575K(8000K)->7575K(8000K)
[57.982s][info][gc             ] GC(172) Pause Full (System.gc()) 338M->173M(1024M) 83.015ms
[57.982s][info][gc,cpu         ] GC(172) User=0.61s Sys=0.48s Real=0.08s
[58.281s][info][gc,start       ] GC(173) Pause Young (Normal) (G1 Evacuation Pause)
[58.281s][info][gc,task        ] GC(173) Using 24 workers of 33 for evacuation
[58.282s][info][gc,phases      ] GC(173)   Pre Evacuate Collection Set: 0.2ms
[58.283s][info][gc,phases      ] GC(173)   Merge Heap Roots: 0.1ms
[58.283s][info][gc,phases      ] GC(173)   Evacuate Collection Set: 0.5ms
[58.283s][info][gc,phases      ] GC(173)   Post Evacuate Collection Set: 0.7ms
[58.283s][info][gc,phases      ] GC(173)   Other: 0.2ms
[58.283s][info][gc,heap        ] GC(173) Eden regions: 38->0(37)
[58.283s][info][gc,heap        ] GC(173) Survivor regions: 0->1(5)
[58.283s][info][gc,heap        ] GC(173) Old regions: 19->19
[58.283s][info][gc,heap        ] GC(173) Archive regions: 0->0
[58.283s][info][gc,heap        ] GC(173) Humongous regions: 0->0
[58.283s][info][gc,metaspace   ] GC(173) Metaspace: 61111K(62016K)->61111K(62016K) NonClass: 53535K(54016K)->53535K(54016K) Class: 7575K(8000K)->7575K(8000K)
[58.283s][info][gc             ] GC(173) Pause Young (Normal) (G1 Evacuation Pause) 781M->174M(1024M) 2.178ms
[58.283s][info][gc,cpu         ] GC(173) User=0.00s Sys=0.00s Real=0.00s
[58.491s][info][gc,start       ] GC(174) Pause Young (Normal) (G1 Evacuation Pause)
[58.492s][info][gc,task        ] GC(174) Using 24 workers of 33 for evacuation
[58.493s][info][gc,phases      ] GC(174)   Pre Evacuate Collection Set: 0.2ms
[58.493s][info][gc,phases      ] GC(174)   Merge Heap Roots: 0.2ms
[58.493s][info][gc,phases      ] GC(174)   Evacuate Collection Set: 0.5ms
[58.493s][info][gc,phases      ] GC(174)   Post Evacuate Collection Set: 0.6ms
[58.493s][info][gc,phases      ] GC(174)   Other: 0.2ms
[58.493s][info][gc,heap        ] GC(174) Eden regions: 37->0(37)
[58.493s][info][gc,heap        ] GC(174) Survivor regions: 1->1(5)
[58.494s][info][gc,heap        ] GC(174) Old regions: 19->19
[58.494s][info][gc,heap        ] GC(174) Archive regions: 0->0
[58.494s][info][gc,heap        ] GC(174) Humongous regions: 0->0
[58.494s][info][gc,metaspace   ] GC(174) Metaspace: 61112K(62016K)->61112K(62016K) NonClass: 53537K(54016K)->53537K(54016K) Class: 7575K(8000K)->7575K(8000K)
[58.494s][info][gc             ] GC(174) Pause Young (Normal) (G1 Evacuation Pause) 766M->174M(1024M) 2.171ms
[58.494s][info][gc,cpu         ] GC(174) User=0.00s Sys=0.00s Real=0.00s
[58.699s][info][gc,start       ] GC(175) Pause Young (Normal) (G1 Evacuation Pause)
[58.699s][info][gc,task        ] GC(175) Using 24 workers of 33 for evacuation
[58.701s][info][gc,phases      ] GC(175)   Pre Evacuate Collection Set: 0.2ms
[58.701s][info][gc,phases      ] GC(175)   Merge Heap Roots: 0.2ms
[58.701s][info][gc,phases      ] GC(175)   Evacuate Collection Set: 0.5ms
[58.701s][info][gc,phases      ] GC(175)   Post Evacuate Collection Set: 0.7ms
[58.701s][info][gc,phases      ] GC(175)   Other: 0.1ms
[58.701s][info][gc,heap        ] GC(175) Eden regions: 37->0(37)
[58.701s][info][gc,heap        ] GC(175) Survivor regions: 1->1(5)
[58.701s][info][gc,heap        ] GC(175) Old regions: 19->19
[58.701s][info][gc,heap        ] GC(175) Archive regions: 0->0
[58.701s][info][gc,heap        ] GC(175) Humongous regions: 0->0
[58.701s][info][gc,metaspace   ] GC(175) Metaspace: 61112K(62016K)->61112K(62016K) NonClass: 53537K(54016K)->53537K(54016K) Class: 7575K(8000K)->7575K(8000K)
[58.701s][info][gc             ] GC(175) Pause Young (Normal) (G1 Evacuation Pause) 766M->174M(1024M) 2.185ms
[58.701s][info][gc,cpu         ] GC(175) User=0.00s Sys=0.00s Real=0.00s
[58.816s][info][gc,start       ] GC(176) Pause Full (System.gc())
[58.816s][info][gc,task        ] GC(176) Using 6 workers of 33 for full compaction
[58.816s][info][gc,phases,start] GC(176) Phase 1: Mark live objects
[58.878s][info][gc,phases      ] GC(176) Phase 1: Mark live objects 61.636ms
[58.878s][info][gc,phases,start] GC(176) Phase 2: Prepare compaction
[58.895s][info][gc,phases      ] GC(176) Phase 2: Prepare compaction 16.697ms
[58.895s][info][gc,phases,start] GC(176) Phase 3: Adjust pointers
[58.914s][info][gc,phases      ] GC(176) Phase 3: Adjust pointers 19.350ms
[58.914s][info][gc,phases,start] GC(176) Phase 4: Compact heap
[58.919s][info][gc,phases      ] GC(176) Phase 4: Compact heap 4.799ms
[58.932s][info][gc,heap        ] GC(176) Eden regions: 11->0(30)
[58.932s][info][gc,heap        ] GC(176) Survivor regions: 1->0(5)
[58.932s][info][gc,heap        ] GC(176) Old regions: 19->15
[58.932s][info][gc,heap        ] GC(176) Archive regions: 0->0
[58.932s][info][gc,heap        ] GC(176) Humongous regions: 0->0
[58.932s][info][gc,metaspace   ] GC(176) Metaspace: 61132K(62016K)->61132K(62016K) NonClass: 53557K(54016K)->53557K(54016K) Class: 7575K(8000K)->7575K(8000K)
[58.932s][info][gc             ] GC(176) Pause Full (System.gc()) 334M->173M(800M) 116.138ms
[58.932s][info][gc,cpu         ] GC(176) User=0.53s Sys=0.00s Real=0.11s
[59.166s][info][gc,start       ] GC(177) Pause Young (Normal) (G1 Evacuation Pause)
[59.167s][info][gc,task        ] GC(177) Using 19 workers of 33 for evacuation
[59.168s][info][gc,phases      ] GC(177)   Pre Evacuate Collection Set: 0.2ms
[59.168s][info][gc,phases      ] GC(177)   Merge Heap Roots: 0.1ms
[59.168s][info][gc,phases      ] GC(177)   Evacuate Collection Set: 0.5ms
[59.168s][info][gc,phases      ] GC(177)   Post Evacuate Collection Set: 0.7ms
[59.168s][info][gc,phases      ] GC(177)   Other: 0.2ms
[59.168s][info][gc,heap        ] GC(177) Eden regions: 30->0(29)
[59.168s][info][gc,heap        ] GC(177) Survivor regions: 0->1(4)
[59.168s][info][gc,heap        ] GC(177) Old regions: 15->15
[59.168s][info][gc,heap        ] GC(177) Archive regions: 0->0
[59.168s][info][gc,heap        ] GC(177) Humongous regions: 0->0
[59.168s][info][gc,metaspace   ] GC(177) Metaspace: 61216K(62144K)->61216K(62144K) NonClass: 53635K(54144K)->53635K(54144K) Class: 7581K(8000K)->7581K(8000K)
[59.169s][info][gc             ] GC(177) Pause Young (Normal) (G1 Evacuation Pause) 653M->174M(800M) 2.119ms
[59.169s][info][gc,cpu         ] GC(177) User=0.00s Sys=0.00s Real=0.00s
[59.329s][info][gc,start       ] GC(178) Pause Young (Normal) (G1 Evacuation Pause)
[59.329s][info][gc,task        ] GC(178) Using 19 workers of 33 for evacuation
[59.330s][info][gc,phases      ] GC(178)   Pre Evacuate Collection Set: 0.2ms
[59.330s][info][gc,phases      ] GC(178)   Merge Heap Roots: 0.1ms
[59.330s][info][gc,phases      ] GC(178)   Evacuate Collection Set: 0.5ms
[59.330s][info][gc,phases      ] GC(178)   Post Evacuate Collection Set: 0.6ms
[59.330s][info][gc,phases      ] GC(178)   Other: 0.1ms
[59.330s][info][gc,heap        ] GC(178) Eden regions: 29->0(29)
[59.330s][info][gc,heap        ] GC(178) Survivor regions: 1->1(4)
[59.330s][info][gc,heap        ] GC(178) Old regions: 15->15
[59.331s][info][gc,heap        ] GC(178) Archive regions: 0->0
[59.331s][info][gc,heap        ] GC(178) Humongous regions: 0->0
[59.331s][info][gc,metaspace   ] GC(178) Metaspace: 61223K(62144K)->61223K(62144K) NonClass: 53642K(54144K)->53642K(54144K) Class: 7581K(8000K)->7581K(8000K)
[59.331s][info][gc             ] GC(178) Pause Young (Normal) (G1 Evacuation Pause) 638M->174M(800M) 2.146ms
[59.331s][info][gc,cpu         ] GC(178) User=0.00s Sys=0.00s Real=0.00s
[59.487s][info][gc,start       ] GC(179) Pause Young (Normal) (G1 Evacuation Pause)
[59.487s][info][gc,task        ] GC(179) Using 19 workers of 33 for evacuation
[59.488s][info][gc,phases      ] GC(179)   Pre Evacuate Collection Set: 0.1ms
[59.488s][info][gc,phases      ] GC(179)   Merge Heap Roots: 0.1ms
[59.488s][info][gc,phases      ] GC(179)   Evacuate Collection Set: 0.5ms
[59.488s][info][gc,phases      ] GC(179)   Post Evacuate Collection Set: 0.6ms
[59.488s][info][gc,phases      ] GC(179)   Other: 0.1ms
[59.488s][info][gc,heap        ] GC(179) Eden regions: 29->0(29)
[59.488s][info][gc,heap        ] GC(179) Survivor regions: 1->1(4)
[59.489s][info][gc,heap        ] GC(179) Old regions: 15->15
[59.489s][info][gc,heap        ] GC(179) Archive regions: 0->0
[59.489s][info][gc,heap        ] GC(179) Humongous regions: 0->0
[59.489s][info][gc,metaspace   ] GC(179) Metaspace: 61223K(62144K)->61223K(62144K) NonClass: 53642K(54144K)->53642K(54144K) Class: 7581K(8000K)->7581K(8000K)
[59.489s][info][gc             ] GC(179) Pause Young (Normal) (G1 Evacuation Pause) 638M->174M(800M) 2.054ms
[59.489s][info][gc,cpu         ] GC(179) User=0.30s Sys=0.00s Real=0.02s
[59.654s][info][gc,start       ] GC(180) Pause Young (Normal) (G1 Evacuation Pause)
[59.654s][info][gc,task        ] GC(180) Using 19 workers of 33 for evacuation
[59.656s][info][gc,phases      ] GC(180)   Pre Evacuate Collection Set: 0.1ms
[59.656s][info][gc,phases      ] GC(180)   Merge Heap Roots: 0.1ms
[59.656s][info][gc,phases      ] GC(180)   Evacuate Collection Set: 0.5ms
[59.656s][info][gc,phases      ] GC(180)   Post Evacuate Collection Set: 0.6ms
[59.656s][info][gc,phases      ] GC(180)   Other: 0.2ms
[59.656s][info][gc,heap        ] GC(180) Eden regions: 29->0(29)
[59.656s][info][gc,heap        ] GC(180) Survivor regions: 1->1(4)
[59.656s][info][gc,heap        ] GC(180) Old regions: 15->15
[59.656s][info][gc,heap        ] GC(180) Archive regions: 0->0
[59.656s][info][gc,heap        ] GC(180) Humongous regions: 0->0
[59.656s][info][gc,metaspace   ] GC(180) Metaspace: 61223K(62144K)->61223K(62144K) NonClass: 53642K(54144K)->53642K(54144K) Class: 7581K(8000K)->7581K(8000K)
[59.656s][info][gc             ] GC(180) Pause Young (Normal) (G1 Evacuation Pause) 638M->174M(800M) 2.112ms
[59.656s][info][gc,cpu         ] GC(180) User=0.00s Sys=0.00s Real=0.00s
[59.741s][info][gc,start       ] GC(181) Pause Full (System.gc())
[59.741s][info][gc,task        ] GC(181) Using 4 workers of 33 for full compaction
[59.741s][info][gc,phases,start] GC(181) Phase 1: Mark live objects
[59.827s][info][gc,phases      ] GC(181) Phase 1: Mark live objects 85.178ms
[59.827s][info][gc,phases,start] GC(181) Phase 2: Prepare compaction
[59.847s][info][gc,phases      ] GC(181) Phase 2: Prepare compaction 20.602ms
[59.847s][info][gc,phases,start] GC(181) Phase 3: Adjust pointers
[59.880s][info][gc,phases      ] GC(181) Phase 3: Adjust pointers 32.400ms
[59.880s][info][gc,phases,start] GC(181) Phase 4: Compact heap
[59.886s][info][gc,phases      ] GC(181) Phase 4: Compact heap 5.819ms
[59.899s][info][gc,heap        ] GC(181) Eden regions: 5->0(28)
[59.899s][info][gc,heap        ] GC(181) Survivor regions: 1->0(4)
[59.899s][info][gc,heap        ] GC(181) Old regions: 15->14
[59.899s][info][gc,heap        ] GC(181) Archive regions: 0->0
[59.899s][info][gc,heap        ] GC(181) Humongous regions: 0->0
[59.899s][info][gc,metaspace   ] GC(181) Metaspace: 61248K(62144K)->61248K(62144K) NonClass: 53666K(54144K)->53666K(54144K) Class: 7581K(8000K)->7581K(8000K)
[59.899s][info][gc             ] GC(181) Pause Full (System.gc()) 252M->173M(752M) 158.278ms
[59.899s][info][gc,cpu         ] GC(181) User=0.58s Sys=0.00s Real=0.15s
[60.129s][info][gc,start       ] GC(182) Pause Young (Normal) (G1 Evacuation Pause)
[60.129s][info][gc,task        ] GC(182) Using 18 workers of 33 for evacuation
[60.141s][info][gc,phases      ] GC(182)   Pre Evacuate Collection Set: 0.2ms
[60.141s][info][gc,phases      ] GC(182)   Merge Heap Roots: 0.1ms
[60.141s][info][gc,phases      ] GC(182)   Evacuate Collection Set: 0.5ms
[60.141s][info][gc,phases      ] GC(182)   Post Evacuate Collection Set: 11.1ms
[60.141s][info][gc,phases      ] GC(182)   Other: 0.2ms
[60.141s][info][gc,heap        ] GC(182) Eden regions: 28->0(83)
[60.141s][info][gc,heap        ] GC(182) Survivor regions: 0->1(4)
[60.141s][info][gc,heap        ] GC(182) Old regions: 14->14
[60.141s][info][gc,heap        ] GC(182) Archive regions: 0->0
[60.141s][info][gc,heap        ] GC(182) Humongous regions: 0->0
[60.141s][info][gc,metaspace   ] GC(182) Metaspace: 61262K(62144K)->61262K(62144K) NonClass: 53680K(54144K)->53680K(54144K) Class: 7581K(8000K)->7581K(8000K)
[60.141s][info][gc             ] GC(182) Pause Young (Normal) (G1 Evacuation Pause) 621M->174M(2256M) 12.587ms
[60.141s][info][gc,cpu         ] GC(182) User=0.00s Sys=0.02s Real=0.01s
[60.878s][info][gc,start       ] GC(183) Pause Young (Normal) (G1 Evacuation Pause)
[60.878s][info][gc,task        ] GC(183) Using 33 workers of 33 for evacuation
[60.881s][info][gc,phases      ] GC(183)   Pre Evacuate Collection Set: 0.3ms
[60.881s][info][gc,phases      ] GC(183)   Merge Heap Roots: 0.2ms
[60.881s][info][gc,phases      ] GC(183)   Evacuate Collection Set: 1.3ms
[60.881s][info][gc,phases      ] GC(183)   Post Evacuate Collection Set: 0.8ms
[60.881s][info][gc,phases      ] GC(183)   Other: 0.2ms
[60.881s][info][gc,heap        ] GC(183) Eden regions: 83->0(83)
[60.881s][info][gc,heap        ] GC(183) Survivor regions: 1->1(11)
[60.881s][info][gc,heap        ] GC(183) Old regions: 14->14
[60.881s][info][gc,heap        ] GC(183) Archive regions: 0->0
[60.881s][info][gc,heap        ] GC(183) Humongous regions: 0->0
[60.881s][info][gc,metaspace   ] GC(183) Metaspace: 61262K(62144K)->61262K(62144K) NonClass: 53680K(54144K)->53680K(54144K) Class: 7581K(8000K)->7581K(8000K)
[60.881s][info][gc             ] GC(183) Pause Young (Normal) (G1 Evacuation Pause) 1502M->174M(2256M) 3.200ms
[60.881s][info][gc,cpu         ] GC(183) User=0.00s Sys=0.00s Real=0.00s
[60.973s][info][gc,start       ] GC(184) Pause Full (System.gc())
[60.973s][info][gc,task        ] GC(184) Using 14 workers of 33 for full compaction
[60.973s][info][gc,phases,start] GC(184) Phase 1: Mark live objects
[61.015s][info][gc,phases      ] GC(184) Phase 1: Mark live objects 41.460ms
[61.015s][info][gc,phases,start] GC(184) Phase 2: Prepare compaction
[61.021s][info][gc,phases      ] GC(184) Phase 2: Prepare compaction 6.144ms
[61.021s][info][gc,phases,start] GC(184) Phase 3: Adjust pointers
[61.036s][info][gc,phases      ] GC(184) Phase 3: Adjust pointers 14.451ms
[61.036s][info][gc,phases,start] GC(184) Phase 4: Compact heap
[61.043s][info][gc,phases      ] GC(184) Phase 4: Compact heap 6.949ms
[61.066s][info][gc,heap        ] GC(184) Eden regions: 11->0(38)
[61.066s][info][gc,heap        ] GC(184) Survivor regions: 1->0(11)
[61.066s][info][gc,heap        ] GC(184) Old regions: 14->19
[61.066s][info][gc,heap        ] GC(184) Archive regions: 0->0
[61.066s][info][gc,heap        ] GC(184) Humongous regions: 0->0
[61.066s][info][gc,metaspace   ] GC(184) Metaspace: 61272K(62144K)->61272K(62144K) NonClass: 53691K(54144K)->53691K(54144K) Class: 7581K(8000K)->7581K(8000K)
[61.066s][info][gc             ] GC(184) Pause Full (System.gc()) 338M->173M(1024M) 93.278ms
[61.066s][info][gc,cpu         ] GC(184) User=0.64s Sys=0.53s Real=0.08s
[61.382s][info][gc,start       ] GC(185) Pause Young (Normal) (G1 Evacuation Pause)
[61.382s][info][gc,task        ] GC(185) Using 24 workers of 33 for evacuation
[61.384s][info][gc,phases      ] GC(185)   Pre Evacuate Collection Set: 0.2ms
[61.384s][info][gc,phases      ] GC(185)   Merge Heap Roots: 0.1ms
[61.384s][info][gc,phases      ] GC(185)   Evacuate Collection Set: 0.5ms
[61.384s][info][gc,phases      ] GC(185)   Post Evacuate Collection Set: 0.6ms
[61.384s][info][gc,phases      ] GC(185)   Other: 0.2ms
[61.384s][info][gc,heap        ] GC(185) Eden regions: 38->0(37)
[61.384s][info][gc,heap        ] GC(185) Survivor regions: 0->1(5)
[61.384s][info][gc,heap        ] GC(185) Old regions: 19->19
[61.384s][info][gc,heap        ] GC(185) Archive regions: 0->0
[61.384s][info][gc,heap        ] GC(185) Humongous regions: 0->0
[61.384s][info][gc,metaspace   ] GC(185) Metaspace: 61273K(62144K)->61273K(62144K) NonClass: 53692K(54144K)->53692K(54144K) Class: 7581K(8000K)->7581K(8000K)
[61.384s][info][gc             ] GC(185) Pause Young (Normal) (G1 Evacuation Pause) 781M->174M(1024M) 2.192ms
[61.384s][info][gc,cpu         ] GC(185) User=0.38s Sys=0.00s Real=0.02s
[61.592s][info][gc,start       ] GC(186) Pause Young (Normal) (G1 Evacuation Pause)
[61.592s][info][gc,task        ] GC(186) Using 24 workers of 33 for evacuation
[61.594s][info][gc,phases      ] GC(186)   Pre Evacuate Collection Set: 0.2ms
[61.594s][info][gc,phases      ] GC(186)   Merge Heap Roots: 0.2ms
[61.594s][info][gc,phases      ] GC(186)   Evacuate Collection Set: 0.6ms
[61.594s][info][gc,phases      ] GC(186)   Post Evacuate Collection Set: 0.6ms
[61.594s][info][gc,phases      ] GC(186)   Other: 0.2ms
[61.594s][info][gc,heap        ] GC(186) Eden regions: 37->0(37)
[61.594s][info][gc,heap        ] GC(186) Survivor regions: 1->1(5)
[61.594s][info][gc,heap        ] GC(186) Old regions: 19->19
[61.594s][info][gc,heap        ] GC(186) Archive regions: 0->0
[61.594s][info][gc,heap        ] GC(186) Humongous regions: 0->0
[61.594s][info][gc,metaspace   ] GC(186) Metaspace: 61273K(62144K)->61273K(62144K) NonClass: 53692K(54144K)->53692K(54144K) Class: 7581K(8000K)->7581K(8000K)
[61.595s][info][gc             ] GC(186) Pause Young (Normal) (G1 Evacuation Pause) 766M->174M(1024M) 2.304ms
[61.595s][info][gc,cpu         ] GC(186) User=0.28s Sys=0.02s Real=0.01s
[61.804s][info][gc,start       ] GC(187) Pause Young (Normal) (G1 Evacuation Pause)
[61.804s][info][gc,task        ] GC(187) Using 24 workers of 33 for evacuation
[61.805s][info][gc,phases      ] GC(187)   Pre Evacuate Collection Set: 0.2ms
[61.805s][info][gc,phases      ] GC(187)   Merge Heap Roots: 0.2ms
[61.805s][info][gc,phases      ] GC(187)   Evacuate Collection Set: 0.6ms
[61.805s][info][gc,phases      ] GC(187)   Post Evacuate Collection Set: 0.7ms
[61.806s][info][gc,phases      ] GC(187)   Other: 0.1ms
[61.806s][info][gc,heap        ] GC(187) Eden regions: 37->0(37)
[61.806s][info][gc,heap        ] GC(187) Survivor regions: 1->1(5)
[61.806s][info][gc,heap        ] GC(187) Old regions: 19->19
[61.806s][info][gc,heap        ] GC(187) Archive regions: 0->0
[61.806s][info][gc,heap        ] GC(187) Humongous regions: 0->0
[61.806s][info][gc,metaspace   ] GC(187) Metaspace: 61273K(62144K)->61273K(62144K) NonClass: 53692K(54144K)->53692K(54144K) Class: 7581K(8000K)->7581K(8000K)
[61.806s][info][gc             ] GC(187) Pause Young (Normal) (G1 Evacuation Pause) 766M->174M(1024M) 2.228ms
[61.806s][info][gc,cpu         ] GC(187) User=0.00s Sys=0.00s Real=0.00s
[61.898s][info][gc,start       ] GC(188) Pause Full (System.gc())
[61.898s][info][gc,task        ] GC(188) Using 6 workers of 33 for full compaction
[61.898s][info][gc,phases,start] GC(188) Phase 1: Mark live objects
[61.959s][info][gc,phases      ] GC(188) Phase 1: Mark live objects 61.227ms
[61.959s][info][gc,phases,start] GC(188) Phase 2: Prepare compaction
[61.977s][info][gc,phases      ] GC(188) Phase 2: Prepare compaction 17.837ms
[61.977s][info][gc,phases,start] GC(188) Phase 3: Adjust pointers
[62.002s][info][gc,phases      ] GC(188) Phase 3: Adjust pointers 24.638ms
[62.002s][info][gc,phases,start] GC(188) Phase 4: Compact heap
[62.014s][info][gc,phases      ] GC(188) Phase 4: Compact heap 12.166ms
[62.027s][info][gc,heap        ] GC(188) Eden regions: 11->0(32)
[62.027s][info][gc,heap        ] GC(188) Survivor regions: 1->0(5)
[62.027s][info][gc,heap        ] GC(188) Old regions: 19->16
[62.028s][info][gc,heap        ] GC(188) Archive regions: 0->0
[62.028s][info][gc,heap        ] GC(188) Humongous regions: 0->0
[62.028s][info][gc,metaspace   ] GC(188) Metaspace: 61273K(62144K)->61273K(62144K) NonClass: 53692K(54144K)->53692K(54144K) Class: 7581K(8000K)->7581K(8000K)
[62.028s][info][gc             ] GC(188) Pause Full (System.gc()) 334M->173M(864M) 130.091ms
[62.028s][info][gc,cpu         ] GC(188) User=0.63s Sys=0.00s Real=0.13s
[62.270s][info][gc,start       ] GC(189) Pause Young (Normal) (G1 Evacuation Pause)
[62.270s][info][gc,task        ] GC(189) Using 20 workers of 33 for evacuation
[62.272s][info][gc,phases      ] GC(189)   Pre Evacuate Collection Set: 0.2ms
[62.272s][info][gc,phases      ] GC(189)   Merge Heap Roots: 0.2ms
[62.272s][info][gc,phases      ] GC(189)   Evacuate Collection Set: 0.5ms
[62.272s][info][gc,phases      ] GC(189)   Post Evacuate Collection Set: 0.7ms
[62.272s][info][gc,phases      ] GC(189)   Other: 0.1ms
[62.272s][info][gc,heap        ] GC(189) Eden regions: 32->0(31)
[62.272s][info][gc,heap        ] GC(189) Survivor regions: 0->1(4)
[62.272s][info][gc,heap        ] GC(189) Old regions: 16->16
[62.272s][info][gc,heap        ] GC(189) Archive regions: 0->0
[62.272s][info][gc,heap        ] GC(189) Humongous regions: 0->0
[62.272s][info][gc,metaspace   ] GC(189) Metaspace: 61280K(62208K)->61280K(62208K) NonClass: 53698K(54208K)->53698K(54208K) Class: 7581K(8000K)->7581K(8000K)
[62.272s][info][gc             ] GC(189) Pause Young (Normal) (G1 Evacuation Pause) 685M->174M(864M) 2.160ms
[62.272s][info][gc,cpu         ] GC(189) User=0.02s Sys=0.00s Real=0.02s
[62.447s][info][gc,start       ] GC(190) Pause Young (Normal) (G1 Evacuation Pause)
[62.447s][info][gc,task        ] GC(190) Using 20 workers of 33 for evacuation
[62.448s][info][gc,phases      ] GC(190)   Pre Evacuate Collection Set: 0.2ms
[62.449s][info][gc,phases      ] GC(190)   Merge Heap Roots: 0.1ms
[62.449s][info][gc,phases      ] GC(190)   Evacuate Collection Set: 0.5ms
[62.449s][info][gc,phases      ] GC(190)   Post Evacuate Collection Set: 0.7ms
[62.449s][info][gc,phases      ] GC(190)   Other: 0.1ms
[62.449s][info][gc,heap        ] GC(190) Eden regions: 31->0(31)
[62.449s][info][gc,heap        ] GC(190) Survivor regions: 1->1(4)
[62.449s][info][gc,heap        ] GC(190) Old regions: 16->16
[62.449s][info][gc,heap        ] GC(190) Archive regions: 0->0
[62.449s][info][gc,heap        ] GC(190) Humongous regions: 0->0
[62.449s][info][gc,metaspace   ] GC(190) Metaspace: 61280K(62208K)->61280K(62208K) NonClass: 53698K(54208K)->53698K(54208K) Class: 7581K(8000K)->7581K(8000K)
[62.449s][info][gc             ] GC(190) Pause Young (Normal) (G1 Evacuation Pause) 670M->174M(864M) 2.145ms
[62.449s][info][gc,cpu         ] GC(190) User=0.00s Sys=0.00s Real=0.00s
[62.647s][info][gc,start       ] GC(191) Pause Young (Normal) (G1 Evacuation Pause)
[62.647s][info][gc,task        ] GC(191) Using 20 workers of 33 for evacuation
[62.648s][info][gc,phases      ] GC(191)   Pre Evacuate Collection Set: 0.2ms
[62.648s][info][gc,phases      ] GC(191)   Merge Heap Roots: 0.1ms
[62.648s][info][gc,phases      ] GC(191)   Evacuate Collection Set: 0.5ms
[62.648s][info][gc,phases      ] GC(191)   Post Evacuate Collection Set: 0.7ms
[62.648s][info][gc,phases      ] GC(191)   Other: 0.1ms
[62.648s][info][gc,heap        ] GC(191) Eden regions: 31->0(31)
[62.648s][info][gc,heap        ] GC(191) Survivor regions: 1->1(4)
[62.648s][info][gc,heap        ] GC(191) Old regions: 16->16
[62.648s][info][gc,heap        ] GC(191) Archive regions: 0->0
[62.649s][info][gc,heap        ] GC(191) Humongous regions: 0->0
[62.649s][info][gc,metaspace   ] GC(191) Metaspace: 61280K(62208K)->61280K(62208K) NonClass: 53699K(54208K)->53699K(54208K) Class: 7581K(8000K)->7581K(8000K)
[62.649s][info][gc             ] GC(191) Pause Young (Normal) (G1 Evacuation Pause) 670M->174M(864M) 2.083ms
[62.649s][info][gc,cpu         ] GC(191) User=0.00s Sys=0.00s Real=0.00s
[62.834s][info][gc,start       ] GC(192) Pause Full (System.gc())
[62.834s][info][gc,task        ] GC(192) Using 4 workers of 33 for full compaction
[62.834s][info][gc,phases,start] GC(192) Phase 1: Mark live objects
[62.941s][info][gc,phases      ] GC(192) Phase 1: Mark live objects 106.662ms
[62.941s][info][gc,phases,start] GC(192) Phase 2: Prepare compaction
[62.969s][info][gc,phases      ] GC(192) Phase 2: Prepare compaction 27.927ms
[62.969s][info][gc,phases,start] GC(192) Phase 3: Adjust pointers
[63.000s][info][gc,phases      ] GC(192) Phase 3: Adjust pointers 31.263ms
[63.000s][info][gc,phases,start] GC(192) Phase 4: Compact heap
[63.005s][info][gc,phases      ] GC(192) Phase 4: Compact heap 5.144ms
[63.019s][info][gc,heap        ] GC(192) Eden regions: 28->0(28)
[63.019s][info][gc,heap        ] GC(192) Survivor regions: 1->0(4)
[63.019s][info][gc,heap        ] GC(192) Old regions: 16->14
[63.019s][info][gc,heap        ] GC(192) Archive regions: 0->0
[63.019s][info][gc,heap        ] GC(192) Humongous regions: 0->0
[63.019s][info][gc,metaspace   ] GC(192) Metaspace: 61282K(62208K)->61282K(62208K) NonClass: 53700K(54208K)->53700K(54208K) Class: 7581K(8000K)->7581K(8000K)
[63.019s][info][gc             ] GC(192) Pause Full (System.gc()) 615M->173M(752M) 185.310ms
[63.019s][info][gc,cpu         ] GC(192) User=0.66s Sys=0.00s Real=0.19s
[63.243s][info][gc,start       ] GC(193) Pause Young (Normal) (G1 Evacuation Pause)
[63.243s][info][gc,task        ] GC(193) Using 18 workers of 33 for evacuation
[63.255s][info][gc,phases      ] GC(193)   Pre Evacuate Collection Set: 0.2ms
[63.255s][info][gc,phases      ] GC(193)   Merge Heap Roots: 0.1ms
[63.255s][info][gc,phases      ] GC(193)   Evacuate Collection Set: 0.5ms
[63.255s][info][gc,phases      ] GC(193)   Post Evacuate Collection Set: 11.0ms
[63.256s][info][gc,phases      ] GC(193)   Other: 0.2ms
[63.256s][info][gc,heap        ] GC(193) Eden regions: 28->0(83)
[63.256s][info][gc,heap        ] GC(193) Survivor regions: 0->1(4)
[63.256s][info][gc,heap        ] GC(193) Old regions: 14->14
[63.256s][info][gc,heap        ] GC(193) Archive regions: 0->0
[63.256s][info][gc,heap        ] GC(193) Humongous regions: 0->0
[63.256s][info][gc,metaspace   ] GC(193) Metaspace: 61290K(62208K)->61290K(62208K) NonClass: 53708K(54208K)->53708K(54208K) Class: 7581K(8000K)->7581K(8000K)
[63.256s][info][gc             ] GC(193) Pause Young (Normal) (G1 Evacuation Pause) 621M->174M(2256M) 12.494ms
[63.256s][info][gc,cpu         ] GC(193) User=0.02s Sys=0.00s Real=0.01s
[63.988s][info][gc,start       ] GC(194) Pause Young (Normal) (G1 Evacuation Pause)
[63.988s][info][gc,task        ] GC(194) Using 33 workers of 33 for evacuation
[63.990s][info][gc,phases      ] GC(194)   Pre Evacuate Collection Set: 0.3ms
[63.990s][info][gc,phases      ] GC(194)   Merge Heap Roots: 0.2ms
[63.990s][info][gc,phases      ] GC(194)   Evacuate Collection Set: 1.3ms
[63.990s][info][gc,phases      ] GC(194)   Post Evacuate Collection Set: 0.8ms
[63.991s][info][gc,phases      ] GC(194)   Other: 0.2ms
[63.991s][info][gc,heap        ] GC(194) Eden regions: 83->0(83)
[63.991s][info][gc,heap        ] GC(194) Survivor regions: 1->1(11)
[63.991s][info][gc,heap        ] GC(194) Old regions: 14->14
[63.991s][info][gc,heap        ] GC(194) Archive regions: 0->0
[63.991s][info][gc,heap        ] GC(194) Humongous regions: 0->0
[63.991s][info][gc,metaspace   ] GC(194) Metaspace: 61290K(62208K)->61290K(62208K) NonClass: 53708K(54208K)->53708K(54208K) Class: 7581K(8000K)->7581K(8000K)
[63.991s][info][gc             ] GC(194) Pause Young (Normal) (G1 Evacuation Pause) 1502M->174M(2256M) 3.208ms
[63.991s][info][gc,cpu         ] GC(194) User=0.00s Sys=0.00s Real=0.00s
[64.083s][info][gc,start       ] GC(195) Pause Full (System.gc())
[64.083s][info][gc,task        ] GC(195) Using 14 workers of 33 for full compaction
[64.084s][info][gc,phases,start] GC(195) Phase 1: Mark live objects
[64.125s][info][gc,phases      ] GC(195) Phase 1: Mark live objects 40.928ms
[64.125s][info][gc,phases,start] GC(195) Phase 2: Prepare compaction
[64.132s][info][gc,phases      ] GC(195) Phase 2: Prepare compaction 7.297ms
[64.132s][info][gc,phases,start] GC(195) Phase 3: Adjust pointers
[64.147s][info][gc,phases      ] GC(195) Phase 3: Adjust pointers 14.870ms
[64.147s][info][gc,phases,start] GC(195) Phase 4: Compact heap
[64.152s][info][gc,phases      ] GC(195) Phase 4: Compact heap 5.076ms
[64.173s][info][gc,heap        ] GC(195) Eden regions: 11->0(38)
[64.173s][info][gc,heap        ] GC(195) Survivor regions: 1->0(11)
[64.173s][info][gc,heap        ] GC(195) Old regions: 14->19
[64.173s][info][gc,heap        ] GC(195) Archive regions: 0->0
[64.173s][info][gc,heap        ] GC(195) Humongous regions: 0->0
[64.173s][info][gc,metaspace   ] GC(195) Metaspace: 61298K(62208K)->61298K(62208K) NonClass: 53716K(54208K)->53716K(54208K) Class: 7581K(8000K)->7581K(8000K)
[64.173s][info][gc             ] GC(195) Pause Full (System.gc()) 338M->173M(1024M) 90.198ms
[64.173s][info][gc,cpu         ] GC(195) User=0.88s Sys=0.00s Real=0.09s
[64.492s][info][gc,start       ] GC(196) Pause Young (Normal) (G1 Evacuation Pause)
[64.492s][info][gc,task        ] GC(196) Using 24 workers of 33 for evacuation
[64.494s][info][gc,phases      ] GC(196)   Pre Evacuate Collection Set: 0.2ms
[64.494s][info][gc,phases      ] GC(196)   Merge Heap Roots: 0.2ms
[64.494s][info][gc,phases      ] GC(196)   Evacuate Collection Set: 0.6ms
[64.494s][info][gc,phases      ] GC(196)   Post Evacuate Collection Set: 0.6ms
[64.494s][info][gc,phases      ] GC(196)   Other: 0.2ms
[64.494s][info][gc,heap        ] GC(196) Eden regions: 38->0(37)
[64.494s][info][gc,heap        ] GC(196) Survivor regions: 0->1(5)
[64.494s][info][gc,heap        ] GC(196) Old regions: 19->19
[64.494s][info][gc,heap        ] GC(196) Archive regions: 0->0
[64.494s][info][gc,heap        ] GC(196) Humongous regions: 0->0
[64.494s][info][gc,metaspace   ] GC(196) Metaspace: 61330K(62272K)->61330K(62272K) NonClass: 53748K(54272K)->53748K(54272K) Class: 7581K(8000K)->7581K(8000K)
[64.494s][info][gc             ] GC(196) Pause Young (Normal) (G1 Evacuation Pause) 781M->174M(1024M) 2.239ms
[64.494s][info][gc,cpu         ] GC(196) User=0.00s Sys=0.00s Real=0.00s
[64.702s][info][gc,start       ] GC(197) Pause Young (Normal) (G1 Evacuation Pause)
[64.702s][info][gc,task        ] GC(197) Using 24 workers of 33 for evacuation
[64.704s][info][gc,phases      ] GC(197)   Pre Evacuate Collection Set: 0.2ms
[64.704s][info][gc,phases      ] GC(197)   Merge Heap Roots: 0.2ms
[64.704s][info][gc,phases      ] GC(197)   Evacuate Collection Set: 0.6ms
[64.704s][info][gc,phases      ] GC(197)   Post Evacuate Collection Set: 0.7ms
[64.704s][info][gc,phases      ] GC(197)   Other: 0.2ms
[64.704s][info][gc,heap        ] GC(197) Eden regions: 37->0(37)
[64.704s][info][gc,heap        ] GC(197) Survivor regions: 1->1(5)
[64.704s][info][gc,heap        ] GC(197) Old regions: 19->19
[64.704s][info][gc,heap        ] GC(197) Archive regions: 0->0
[64.704s][info][gc,heap        ] GC(197) Humongous regions: 0->0
[64.704s][info][gc,metaspace   ] GC(197) Metaspace: 61330K(62272K)->61330K(62272K) NonClass: 53748K(54272K)->53748K(54272K) Class: 7581K(8000K)->7581K(8000K)
[64.704s][info][gc             ] GC(197) Pause Young (Normal) (G1 Evacuation Pause) 766M->174M(1024M) 2.336ms
[64.704s][info][gc,cpu         ] GC(197) User=0.00s Sys=0.00s Real=0.00s
[64.902s][info][gc,start       ] GC(198) Pause Young (Normal) (G1 Evacuation Pause)
[64.902s][info][gc,task        ] GC(198) Using 24 workers of 33 for evacuation
[64.904s][info][gc,phases      ] GC(198)   Pre Evacuate Collection Set: 0.2ms
[64.904s][info][gc,phases      ] GC(198)   Merge Heap Roots: 0.1ms
[64.904s][info][gc,phases      ] GC(198)   Evacuate Collection Set: 0.6ms
[64.904s][info][gc,phases      ] GC(198)   Post Evacuate Collection Set: 0.6ms
[64.904s][info][gc,phases      ] GC(198)   Other: 0.1ms
[64.904s][info][gc,heap        ] GC(198) Eden regions: 37->0(37)
[64.904s][info][gc,heap        ] GC(198) Survivor regions: 1->1(5)
[64.904s][info][gc,heap        ] GC(198) Old regions: 19->19
[64.904s][info][gc,heap        ] GC(198) Archive regions: 0->0
[64.904s][info][gc,heap        ] GC(198) Humongous regions: 0->0
[64.904s][info][gc,metaspace   ] GC(198) Metaspace: 61330K(62272K)->61330K(62272K) NonClass: 53748K(54272K)->53748K(54272K) Class: 7581K(8000K)->7581K(8000K)
[64.905s][info][gc             ] GC(198) Pause Young (Normal) (G1 Evacuation Pause) 766M->174M(1024M) 2.132ms
[64.905s][info][gc,cpu         ] GC(198) User=0.00s Sys=0.00s Real=0.00s
[64.995s][info][gc,start       ] GC(199) Pause Full (System.gc())
[64.995s][info][gc,task        ] GC(199) Using 6 workers of 33 for full compaction
[64.995s][info][gc,phases,start] GC(199) Phase 1: Mark live objects
[65.064s][info][gc,phases      ] GC(199) Phase 1: Mark live objects 68.990ms
[65.064s][info][gc,phases,start] GC(199) Phase 2: Prepare compaction
[65.077s][info][gc,phases      ] GC(199) Phase 2: Prepare compaction 12.556ms
[65.077s][info][gc,phases,start] GC(199) Phase 3: Adjust pointers
[65.100s][info][gc,phases      ] GC(199) Phase 3: Adjust pointers 22.772ms
[65.100s][info][gc,phases,start] GC(199) Phase 4: Compact heap
[65.107s][info][gc,phases      ] GC(199) Phase 4: Compact heap 7.151ms
[65.120s][info][gc,heap        ] GC(199) Eden regions: 10->0(32)
[65.120s][info][gc,heap        ] GC(199) Survivor regions: 1->0(5)
[65.120s][info][gc,heap        ] GC(199) Old regions: 19->16
[65.120s][info][gc,heap        ] GC(199) Archive regions: 0->0
[65.120s][info][gc,heap        ] GC(199) Humongous regions: 0->0
[65.120s][info][gc,metaspace   ] GC(199) Metaspace: 61343K(62272K)->61343K(62272K) NonClass: 53761K(54272K)->53761K(54272K) Class: 7581K(8000K)->7581K(8000K)
[65.120s][info][gc             ] GC(199) Pause Full (System.gc()) 328M->173M(864M) 125.561ms
[65.120s][info][gc,cpu         ] GC(199) User=0.61s Sys=0.00s Real=0.13s
[65.362s][info][gc,start       ] GC(200) Pause Young (Normal) (G1 Evacuation Pause)
[65.362s][info][gc,task        ] GC(200) Using 20 workers of 33 for evacuation
[65.363s][info][gc,phases      ] GC(200)   Pre Evacuate Collection Set: 0.2ms
[65.363s][info][gc,phases      ] GC(200)   Merge Heap Roots: 0.2ms
[65.363s][info][gc,phases      ] GC(200)   Evacuate Collection Set: 0.5ms
[65.363s][info][gc,phases      ] GC(200)   Post Evacuate Collection Set: 0.6ms
[65.364s][info][gc,phases      ] GC(200)   Other: 0.1ms
[65.364s][info][gc,heap        ] GC(200) Eden regions: 32->0(31)
[65.364s][info][gc,heap        ] GC(200) Survivor regions: 0->1(4)
[65.364s][info][gc,heap        ] GC(200) Old regions: 16->16
[65.364s][info][gc,heap        ] GC(200) Archive regions: 0->0
[65.364s][info][gc,heap        ] GC(200) Humongous regions: 0->0
[65.364s][info][gc,metaspace   ] GC(200) Metaspace: 61350K(62272K)->61350K(62272K) NonClass: 53769K(54272K)->53769K(54272K) Class: 7581K(8000K)->7581K(8000K)
[65.364s][info][gc             ] GC(200) Pause Young (Normal) (G1 Evacuation Pause) 685M->174M(864M) 2.113ms
[65.364s][info][gc,cpu         ] GC(200) User=0.00s Sys=0.00s Real=0.00s
[65.530s][info][gc,start       ] GC(201) Pause Young (Normal) (G1 Evacuation Pause)
[65.530s][info][gc,task        ] GC(201) Using 20 workers of 33 for evacuation
[65.532s][info][gc,phases      ] GC(201)   Pre Evacuate Collection Set: 0.1ms
[65.532s][info][gc,phases      ] GC(201)   Merge Heap Roots: 0.1ms
[65.532s][info][gc,phases      ] GC(201)   Evacuate Collection Set: 0.5ms
[65.532s][info][gc,phases      ] GC(201)   Post Evacuate Collection Set: 0.7ms
[65.532s][info][gc,phases      ] GC(201)   Other: 0.1ms
[65.532s][info][gc,heap        ] GC(201) Eden regions: 31->0(31)
[65.532s][info][gc,heap        ] GC(201) Survivor regions: 1->1(4)
[65.532s][info][gc,heap        ] GC(201) Old regions: 16->16
[65.532s][info][gc,heap        ] GC(201) Archive regions: 0->0
[65.532s][info][gc,heap        ] GC(201) Humongous regions: 0->0
[65.532s][info][gc,metaspace   ] GC(201) Metaspace: 61350K(62272K)->61350K(62272K) NonClass: 53769K(54272K)->53769K(54272K) Class: 7581K(8000K)->7581K(8000K)
[65.532s][info][gc             ] GC(201) Pause Young (Normal) (G1 Evacuation Pause) 670M->174M(864M) 2.066ms
[65.532s][info][gc,cpu         ] GC(201) User=0.00s Sys=0.00s Real=0.00s
[65.699s][info][gc,start       ] GC(202) Pause Young (Normal) (G1 Evacuation Pause)
[65.699s][info][gc,task        ] GC(202) Using 20 workers of 33 for evacuation
[65.700s][info][gc,phases      ] GC(202)   Pre Evacuate Collection Set: 0.1ms
[65.701s][info][gc,phases      ] GC(202)   Merge Heap Roots: 0.1ms
[65.701s][info][gc,phases      ] GC(202)   Evacuate Collection Set: 0.5ms
[65.701s][info][gc,phases      ] GC(202)   Post Evacuate Collection Set: 0.7ms
[65.701s][info][gc,phases      ] GC(202)   Other: 0.1ms
[65.701s][info][gc,heap        ] GC(202) Eden regions: 31->0(31)
[65.701s][info][gc,heap        ] GC(202) Survivor regions: 1->1(4)
[65.701s][info][gc,heap        ] GC(202) Old regions: 16->16
[65.701s][info][gc,heap        ] GC(202) Archive regions: 0->0
[65.701s][info][gc,heap        ] GC(202) Humongous regions: 0->0
[65.701s][info][gc,metaspace   ] GC(202) Metaspace: 61351K(62272K)->61351K(62272K) NonClass: 53770K(54272K)->53770K(54272K) Class: 7581K(8000K)->7581K(8000K)
[65.701s][info][gc             ] GC(202) Pause Young (Normal) (G1 Evacuation Pause) 670M->174M(864M) 2.052ms
[65.701s][info][gc,cpu         ] GC(202) User=0.00s Sys=0.00s Real=0.00s
[65.873s][info][gc,start       ] GC(203) Pause Full (System.gc())
[65.873s][info][gc,task        ] GC(203) Using 4 workers of 33 for full compaction
[65.874s][info][gc,phases,start] GC(203) Phase 1: Mark live objects
[65.959s][info][gc,phases      ] GC(203) Phase 1: Mark live objects 85.007ms
[65.959s][info][gc,phases,start] GC(203) Phase 2: Prepare compaction
[65.979s][info][gc,phases      ] GC(203) Phase 2: Prepare compaction 20.450ms
[65.979s][info][gc,phases,start] GC(203) Phase 3: Adjust pointers
[66.002s][info][gc,phases      ] GC(203) Phase 3: Adjust pointers 23.341ms
[66.003s][info][gc,phases,start] GC(203) Phase 4: Compact heap
[66.015s][info][gc,phases      ] GC(203) Phase 4: Compact heap 12.178ms
[66.028s][info][gc,heap        ] GC(203) Eden regions: 28->0(28)
[66.028s][info][gc,heap        ] GC(203) Survivor regions: 1->0(4)
[66.028s][info][gc,heap        ] GC(203) Old regions: 16->14
[66.029s][info][gc,heap        ] GC(203) Archive regions: 0->0
[66.029s][info][gc,heap        ] GC(203) Humongous regions: 0->0
[66.029s][info][gc,metaspace   ] GC(203) Metaspace: 61353K(62272K)->61353K(62272K) NonClass: 53772K(54272K)->53772K(54272K) Class: 7581K(8000K)->7581K(8000K)
[66.029s][info][gc             ] GC(203) Pause Full (System.gc()) 615M->173M(752M) 155.459ms
[66.029s][info][gc,cpu         ] GC(203) User=0.61s Sys=0.30s Real=0.16s
[66.262s][info][gc,start       ] GC(204) Pause Young (Normal) (G1 Evacuation Pause)
[66.262s][info][gc,task        ] GC(204) Using 18 workers of 33 for evacuation
[66.274s][info][gc,phases      ] GC(204)   Pre Evacuate Collection Set: 0.2ms
[66.274s][info][gc,phases      ] GC(204)   Merge Heap Roots: 0.1ms
[66.274s][info][gc,phases      ] GC(204)   Evacuate Collection Set: 0.5ms
[66.274s][info][gc,phases      ] GC(204)   Post Evacuate Collection Set: 11.0ms
[66.274s][info][gc,phases      ] GC(204)   Other: 0.2ms
[66.274s][info][gc,heap        ] GC(204) Eden regions: 28->0(83)
[66.274s][info][gc,heap        ] GC(204) Survivor regions: 0->1(4)
[66.274s][info][gc,heap        ] GC(204) Old regions: 14->14
[66.274s][info][gc,heap        ] GC(204) Archive regions: 0->0
[66.274s][info][gc,heap        ] GC(204) Humongous regions: 0->0
[66.274s][info][gc,metaspace   ] GC(204) Metaspace: 61355K(62272K)->61355K(62272K) NonClass: 53774K(54272K)->53774K(54272K) Class: 7581K(8000K)->7581K(8000K)
[66.274s][info][gc             ] GC(204) Pause Young (Normal) (G1 Evacuation Pause) 621M->174M(2256M) 12.477ms
[66.274s][info][gc,cpu         ] GC(204) User=0.00s Sys=0.02s Real=0.02s
[66.999s][info][gc,start       ] GC(205) Pause Young (Normal) (G1 Evacuation Pause)
[66.999s][info][gc,task        ] GC(205) Using 33 workers of 33 for evacuation
[67.002s][info][gc,phases      ] GC(205)   Pre Evacuate Collection Set: 0.3ms
[67.002s][info][gc,phases      ] GC(205)   Merge Heap Roots: 0.2ms
[67.002s][info][gc,phases      ] GC(205)   Evacuate Collection Set: 1.2ms
[67.002s][info][gc,phases      ] GC(205)   Post Evacuate Collection Set: 0.8ms
[67.002s][info][gc,phases      ] GC(205)   Other: 0.2ms
[67.002s][info][gc,heap        ] GC(205) Eden regions: 83->0(83)
[67.002s][info][gc,heap        ] GC(205) Survivor regions: 1->1(11)
[67.002s][info][gc,heap        ] GC(205) Old regions: 14->14
[67.002s][info][gc,heap        ] GC(205) Archive regions: 0->0
[67.002s][info][gc,heap        ] GC(205) Humongous regions: 0->0
[67.002s][info][gc,metaspace   ] GC(205) Metaspace: 61355K(62272K)->61355K(62272K) NonClass: 53774K(54272K)->53774K(54272K) Class: 7581K(8000K)->7581K(8000K)
[67.002s][info][gc             ] GC(205) Pause Young (Normal) (G1 Evacuation Pause) 1502M->174M(2256M) 3.269ms
[67.002s][info][gc,cpu         ] GC(205) User=0.25s Sys=0.02s Real=0.02s
[67.088s][info][gc,start       ] GC(206) Pause Full (System.gc())
[67.089s][info][gc,task        ] GC(206) Using 14 workers of 33 for full compaction
[67.089s][info][gc,phases,start] GC(206) Phase 1: Mark live objects
[67.136s][info][gc,phases      ] GC(206) Phase 1: Mark live objects 46.484ms
[67.136s][info][gc,phases,start] GC(206) Phase 2: Prepare compaction
[67.147s][info][gc,phases      ] GC(206) Phase 2: Prepare compaction 11.148ms
[67.147s][info][gc,phases,start] GC(206) Phase 3: Adjust pointers
[67.170s][info][gc,phases      ] GC(206) Phase 3: Adjust pointers 23.340ms
[67.170s][info][gc,phases,start] GC(206) Phase 4: Compact heap
[67.179s][info][gc,phases      ] GC(206) Phase 4: Compact heap 9.004ms
[67.204s][info][gc,heap        ] GC(206) Eden regions: 11->0(36)
[67.204s][info][gc,heap        ] GC(206) Survivor regions: 1->0(11)
[67.204s][info][gc,heap        ] GC(206) Old regions: 14->18
[67.204s][info][gc,heap        ] GC(206) Archive regions: 0->0
[67.204s][info][gc,heap        ] GC(206) Humongous regions: 0->0
[67.204s][info][gc,metaspace   ] GC(206) Metaspace: 61365K(62272K)->61365K(62272K) NonClass: 53783K(54272K)->53783K(54272K) Class: 7581K(8000K)->7581K(8000K)
[67.204s][info][gc             ] GC(206) Pause Full (System.gc()) 347M->173M(960M) 115.881ms
[67.204s][info][gc,cpu         ] GC(206) User=0.95s Sys=0.50s Real=0.13s
[67.538s][info][gc,start       ] GC(207) Pause Young (Normal) (G1 Evacuation Pause)
[67.538s][info][gc,task        ] GC(207) Using 23 workers of 33 for evacuation
[67.540s][info][gc,phases      ] GC(207)   Pre Evacuate Collection Set: 0.2ms
[67.540s][info][gc,phases      ] GC(207)   Merge Heap Roots: 0.2ms
[67.540s][info][gc,phases      ] GC(207)   Evacuate Collection Set: 0.6ms
[67.540s][info][gc,phases      ] GC(207)   Post Evacuate Collection Set: 0.6ms
[67.540s][info][gc,phases      ] GC(207)   Other: 0.2ms
[67.540s][info][gc,heap        ] GC(207) Eden regions: 36->0(35)
[67.540s][info][gc,heap        ] GC(207) Survivor regions: 0->1(5)
[67.540s][info][gc,heap        ] GC(207) Old regions: 18->18
[67.540s][info][gc,heap        ] GC(207) Archive regions: 0->0
[67.540s][info][gc,heap        ] GC(207) Humongous regions: 0->0
[67.540s][info][gc,metaspace   ] GC(207) Metaspace: 61385K(62272K)->61385K(62272K) NonClass: 53803K(54272K)->53803K(54272K) Class: 7581K(8000K)->7581K(8000K)
[67.540s][info][gc             ] GC(207) Pause Young (Normal) (G1 Evacuation Pause) 749M->174M(960M) 2.237ms
[67.541s][info][gc,cpu         ] GC(207) User=0.00s Sys=0.00s Real=0.00s
[67.746s][info][gc,start       ] GC(208) Pause Young (Normal) (G1 Evacuation Pause)
[67.746s][info][gc,task        ] GC(208) Using 23 workers of 33 for evacuation
[67.747s][info][gc,phases      ] GC(208)   Pre Evacuate Collection Set: 0.2ms
[67.748s][info][gc,phases      ] GC(208)   Merge Heap Roots: 0.2ms
[67.748s][info][gc,phases      ] GC(208)   Evacuate Collection Set: 0.5ms
[67.748s][info][gc,phases      ] GC(208)   Post Evacuate Collection Set: 0.7ms
[67.748s][info][gc,phases      ] GC(208)   Other: 0.1ms
[67.748s][info][gc,heap        ] GC(208) Eden regions: 35->0(35)
[67.748s][info][gc,heap        ] GC(208) Survivor regions: 1->1(5)
[67.748s][info][gc,heap        ] GC(208) Old regions: 18->18
[67.748s][info][gc,heap        ] GC(208) Archive regions: 0->0
[67.748s][info][gc,heap        ] GC(208) Humongous regions: 0->0
[67.748s][info][gc,metaspace   ] GC(208) Metaspace: 61385K(62272K)->61385K(62272K) NonClass: 53803K(54272K)->53803K(54272K) Class: 7581K(8000K)->7581K(8000K)
[67.748s][info][gc             ] GC(208) Pause Young (Normal) (G1 Evacuation Pause) 734M->174M(960M) 2.197ms
[67.748s][info][gc,cpu         ] GC(208) User=0.00s Sys=0.00s Real=0.00s
[67.952s][info][gc,start       ] GC(209) Pause Young (Normal) (G1 Evacuation Pause)
[67.952s][info][gc,task        ] GC(209) Using 23 workers of 33 for evacuation
[67.954s][info][gc,phases      ] GC(209)   Pre Evacuate Collection Set: 0.1ms
[67.954s][info][gc,phases      ] GC(209)   Merge Heap Roots: 0.1ms
[67.954s][info][gc,phases      ] GC(209)   Evacuate Collection Set: 0.5ms
[67.954s][info][gc,phases      ] GC(209)   Post Evacuate Collection Set: 0.6ms
[67.954s][info][gc,phases      ] GC(209)   Other: 0.1ms
[67.954s][info][gc,heap        ] GC(209) Eden regions: 35->0(35)
[67.954s][info][gc,heap        ] GC(209) Survivor regions: 1->1(5)
[67.954s][info][gc,heap        ] GC(209) Old regions: 18->18
[67.954s][info][gc,heap        ] GC(209) Archive regions: 0->0
[67.954s][info][gc,heap        ] GC(209) Humongous regions: 0->0
[67.954s][info][gc,metaspace   ] GC(209) Metaspace: 61385K(62272K)->61385K(62272K) NonClass: 53803K(54272K)->53803K(54272K) Class: 7581K(8000K)->7581K(8000K)
[67.954s][info][gc             ] GC(209) Pause Young (Normal) (G1 Evacuation Pause) 734M->174M(960M) 2.045ms
[67.954s][info][gc,cpu         ] GC(209) User=0.00s Sys=0.00s Real=0.00s
[68.068s][info][gc,start       ] GC(210) Pause Full (System.gc())
[68.068s][info][gc,task        ] GC(210) Using 6 workers of 33 for full compaction
[68.068s][info][gc,phases,start] GC(210) Phase 1: Mark live objects
[68.130s][info][gc,phases      ] GC(210) Phase 1: Mark live objects 61.956ms
[68.130s][info][gc,phases,start] GC(210) Phase 2: Prepare compaction
[68.142s][info][gc,phases      ] GC(210) Phase 2: Prepare compaction 11.313ms
[68.142s][info][gc,phases,start] GC(210) Phase 3: Adjust pointers
[68.165s][info][gc,phases      ] GC(210) Phase 3: Adjust pointers 23.082ms
[68.165s][info][gc,phases,start] GC(210) Phase 4: Compact heap
[68.170s][info][gc,phases      ] GC(210) Phase 4: Compact heap 5.413ms
[68.185s][info][gc,heap        ] GC(210) Eden regions: 16->0(32)
[68.185s][info][gc,heap        ] GC(210) Survivor regions: 1->0(5)
[68.185s][info][gc,heap        ] GC(210) Old regions: 18->16
[68.185s][info][gc,heap        ] GC(210) Archive regions: 0->0
[68.185s][info][gc,heap        ] GC(210) Humongous regions: 0->0
[68.185s][info][gc,metaspace   ] GC(210) Metaspace: 61403K(62272K)->61403K(62272K) NonClass: 53821K(54272K)->53821K(54272K) Class: 7581K(8000K)->7581K(8000K)
[68.185s][info][gc             ] GC(210) Pause Full (System.gc()) 424M->173M(864M) 116.762ms
[68.185s][info][gc,cpu         ] GC(210) User=0.53s Sys=0.00s Real=0.11s
[68.425s][info][gc,start       ] GC(211) Pause Young (Normal) (G1 Evacuation Pause)
[68.425s][info][gc,task        ] GC(211) Using 20 workers of 33 for evacuation
[68.426s][info][gc,phases      ] GC(211)   Pre Evacuate Collection Set: 0.2ms
[68.426s][info][gc,phases      ] GC(211)   Merge Heap Roots: 0.1ms
[68.426s][info][gc,phases      ] GC(211)   Evacuate Collection Set: 0.5ms
[68.426s][info][gc,phases      ] GC(211)   Post Evacuate Collection Set: 0.6ms
[68.426s][info][gc,phases      ] GC(211)   Other: 0.2ms
[68.426s][info][gc,heap        ] GC(211) Eden regions: 32->0(31)
[68.426s][info][gc,heap        ] GC(211) Survivor regions: 0->1(4)
[68.427s][info][gc,heap        ] GC(211) Old regions: 16->16
[68.427s][info][gc,heap        ] GC(211) Archive regions: 0->0
[68.427s][info][gc,heap        ] GC(211) Humongous regions: 0->0
[68.427s][info][gc,metaspace   ] GC(211) Metaspace: 61458K(62336K)->61458K(62336K) NonClass: 53876K(54336K)->53876K(54336K) Class: 7581K(8000K)->7581K(8000K)
[68.427s][info][gc             ] GC(211) Pause Young (Normal) (G1 Evacuation Pause) 685M->174M(864M) 2.353ms
[68.427s][info][gc,cpu         ] GC(211) User=0.31s Sys=0.00s Real=0.02s
[68.616s][info][gc,start       ] GC(212) Pause Young (Normal) (G1 Evacuation Pause)
[68.616s][info][gc,task        ] GC(212) Using 20 workers of 33 for evacuation
[68.618s][info][gc,phases      ] GC(212)   Pre Evacuate Collection Set: 0.1ms
[68.618s][info][gc,phases      ] GC(212)   Merge Heap Roots: 0.1ms
[68.618s][info][gc,phases      ] GC(212)   Evacuate Collection Set: 0.5ms
[68.618s][info][gc,phases      ] GC(212)   Post Evacuate Collection Set: 0.5ms
[68.618s][info][gc,phases      ] GC(212)   Other: 0.1ms
[68.618s][info][gc,heap        ] GC(212) Eden regions: 31->0(31)
[68.618s][info][gc,heap        ] GC(212) Survivor regions: 1->1(4)
[68.618s][info][gc,heap        ] GC(212) Old regions: 16->16
[68.618s][info][gc,heap        ] GC(212) Archive regions: 0->0
[68.618s][info][gc,heap        ] GC(212) Humongous regions: 0->0
[68.618s][info][gc,metaspace   ] GC(212) Metaspace: 61458K(62336K)->61458K(62336K) NonClass: 53876K(54336K)->53876K(54336K) Class: 7581K(8000K)->7581K(8000K)
[68.618s][info][gc             ] GC(212) Pause Young (Normal) (G1 Evacuation Pause) 670M->174M(864M) 1.523ms
[68.618s][info][gc,cpu         ] GC(212) User=0.00s Sys=0.00s Real=0.00s
[68.809s][info][gc,start       ] GC(213) Pause Young (Normal) (G1 Evacuation Pause)
[68.809s][info][gc,task        ] GC(213) Using 20 workers of 33 for evacuation
[68.810s][info][gc,phases      ] GC(213)   Pre Evacuate Collection Set: 0.1ms
[68.810s][info][gc,phases      ] GC(213)   Merge Heap Roots: 0.1ms
[68.810s][info][gc,phases      ] GC(213)   Evacuate Collection Set: 0.5ms
[68.810s][info][gc,phases      ] GC(213)   Post Evacuate Collection Set: 0.7ms
[68.810s][info][gc,phases      ] GC(213)   Other: 0.2ms
[68.810s][info][gc,heap        ] GC(213) Eden regions: 31->0(31)
[68.811s][info][gc,heap        ] GC(213) Survivor regions: 1->1(4)
[68.811s][info][gc,heap        ] GC(213) Old regions: 16->16
[68.811s][info][gc,heap        ] GC(213) Archive regions: 0->0
[68.811s][info][gc,heap        ] GC(213) Humongous regions: 0->0
[68.811s][info][gc,metaspace   ] GC(213) Metaspace: 61458K(62336K)->61458K(62336K) NonClass: 53876K(54336K)->53876K(54336K) Class: 7581K(8000K)->7581K(8000K)
[68.811s][info][gc             ] GC(213) Pause Young (Normal) (G1 Evacuation Pause) 670M->174M(864M) 2.130ms
[68.811s][info][gc,cpu         ] GC(213) User=0.00s Sys=0.00s Real=0.00s
[69.013s][info][gc,start       ] GC(214) Pause Full (System.gc())
[69.045s][info][gc,task        ] GC(214) Using 4 workers of 33 for full compaction
[69.045s][info][gc,phases,start] GC(214) Phase 1: Mark live objects
[69.135s][info][gc,phases      ] GC(214) Phase 1: Mark live objects 89.736ms
[69.135s][info][gc,phases,start] GC(214) Phase 2: Prepare compaction
[69.155s][info][gc,phases      ] GC(214) Phase 2: Prepare compaction 19.627ms
[69.155s][info][gc,phases,start] GC(214) Phase 3: Adjust pointers
[69.188s][info][gc,phases      ] GC(214) Phase 3: Adjust pointers 33.444ms
[69.188s][info][gc,phases,start] GC(214) Phase 4: Compact heap
[69.194s][info][gc,phases      ] GC(214) Phase 4: Compact heap 5.555ms
[69.208s][info][gc,heap        ] GC(214) Eden regions: 28->0(28)
[69.208s][info][gc,heap        ] GC(214) Survivor regions: 1->0(4)
[69.208s][info][gc,heap        ] GC(214) Old regions: 16->14
[69.208s][info][gc,heap        ] GC(214) Archive regions: 0->0
[69.208s][info][gc,heap        ] GC(214) Humongous regions: 0->0
[69.208s][info][gc,metaspace   ] GC(214) Metaspace: 61470K(62336K)->61470K(62336K) NonClass: 53889K(54336K)->53889K(54336K) Class: 7581K(8000K)->7581K(8000K)
[69.208s][info][gc             ] GC(214) Pause Full (System.gc()) 615M->173M(752M) 195.767ms
[69.208s][info][gc,cpu         ] GC(214) User=0.58s Sys=0.00s Real=0.20s
[69.438s][info][gc,start       ] GC(215) Pause Young (Normal) (G1 Evacuation Pause)
[69.439s][info][gc,task        ] GC(215) Using 18 workers of 33 for evacuation
[69.444s][info][gc,phases      ] GC(215)   Pre Evacuate Collection Set: 0.1ms
[69.444s][info][gc,phases      ] GC(215)   Merge Heap Roots: 0.1ms
[69.444s][info][gc,phases      ] GC(215)   Evacuate Collection Set: 0.5ms
[69.444s][info][gc,phases      ] GC(215)   Post Evacuate Collection Set: 4.4ms
[69.444s][info][gc,phases      ] GC(215)   Other: 0.1ms
[69.444s][info][gc,heap        ] GC(215) Eden regions: 28->0(83)
[69.444s][info][gc,heap        ] GC(215) Survivor regions: 0->1(4)
[69.444s][info][gc,heap        ] GC(215) Old regions: 14->14
[69.444s][info][gc,heap        ] GC(215) Archive regions: 0->0
[69.444s][info][gc,heap        ] GC(215) Humongous regions: 0->0
[69.444s][info][gc,metaspace   ] GC(215) Metaspace: 61474K(62336K)->61474K(62336K) NonClass: 53892K(54336K)->53892K(54336K) Class: 7581K(8000K)->7581K(8000K)
[69.444s][info][gc             ] GC(215) Pause Young (Normal) (G1 Evacuation Pause) 621M->174M(2256M) 5.424ms
[69.444s][info][gc,cpu         ] GC(215) User=0.00s Sys=0.02s Real=0.01s
[70.173s][info][gc,start       ] GC(216) Pause Young (Normal) (G1 Evacuation Pause)
[70.173s][info][gc,task        ] GC(216) Using 33 workers of 33 for evacuation
[70.175s][info][gc,phases      ] GC(216)   Pre Evacuate Collection Set: 0.2ms
[70.175s][info][gc,phases      ] GC(216)   Merge Heap Roots: 0.2ms
[70.175s][info][gc,phases      ] GC(216)   Evacuate Collection Set: 1.1ms
[70.175s][info][gc,phases      ] GC(216)   Post Evacuate Collection Set: 0.8ms
[70.175s][info][gc,phases      ] GC(216)   Other: 0.2ms
[70.175s][info][gc,heap        ] GC(216) Eden regions: 83->0(83)
[70.175s][info][gc,heap        ] GC(216) Survivor regions: 1->1(11)
[70.175s][info][gc,heap        ] GC(216) Old regions: 14->14
[70.175s][info][gc,heap        ] GC(216) Archive regions: 0->0
[70.176s][info][gc,heap        ] GC(216) Humongous regions: 0->0
[70.176s][info][gc,metaspace   ] GC(216) Metaspace: 61474K(62336K)->61474K(62336K) NonClass: 53892K(54336K)->53892K(54336K) Class: 7581K(8000K)->7581K(8000K)
[70.176s][info][gc             ] GC(216) Pause Young (Normal) (G1 Evacuation Pause) 1502M->174M(2256M) 3.099ms
[70.176s][info][gc,cpu         ] GC(216) User=0.06s Sys=0.00s Real=0.02s
[70.261s][info][gc,start       ] GC(217) Pause Full (System.gc())
[70.262s][info][gc,task        ] GC(217) Using 14 workers of 33 for full compaction
[70.262s][info][gc,phases,start] GC(217) Phase 1: Mark live objects
[70.301s][info][gc,phases      ] GC(217) Phase 1: Mark live objects 39.051ms
[70.301s][info][gc,phases,start] GC(217) Phase 2: Prepare compaction
[70.308s][info][gc,phases      ] GC(217) Phase 2: Prepare compaction 7.097ms
[70.308s][info][gc,phases,start] GC(217) Phase 3: Adjust pointers
[70.319s][info][gc,phases      ] GC(217) Phase 3: Adjust pointers 10.901ms
[70.319s][info][gc,phases,start] GC(217) Phase 4: Compact heap
[70.324s][info][gc,phases      ] GC(217) Phase 4: Compact heap 4.254ms
[70.345s][info][gc,heap        ] GC(217) Eden regions: 11->0(38)
[70.345s][info][gc,heap        ] GC(217) Survivor regions: 1->0(11)
[70.345s][info][gc,heap        ] GC(217) Old regions: 14->19
[70.345s][info][gc,heap        ] GC(217) Archive regions: 0->0
[70.345s][info][gc,heap        ] GC(217) Humongous regions: 0->0
[70.345s][info][gc,metaspace   ] GC(217) Metaspace: 61474K(62336K)->61474K(62336K) NonClass: 53892K(54336K)->53892K(54336K) Class: 7581K(8000K)->7581K(8000K)
[70.345s][info][gc             ] GC(217) Pause Full (System.gc()) 339M->173M(1024M) 83.659ms
[70.345s][info][gc,cpu         ] GC(217) User=0.58s Sys=0.00s Real=0.08s
[70.660s][info][gc,start       ] GC(218) Pause Young (Normal) (G1 Evacuation Pause)
[70.660s][info][gc,task        ] GC(218) Using 24 workers of 33 for evacuation
[70.661s][info][gc,phases      ] GC(218)   Pre Evacuate Collection Set: 0.2ms
[70.661s][info][gc,phases      ] GC(218)   Merge Heap Roots: 0.2ms
[70.661s][info][gc,phases      ] GC(218)   Evacuate Collection Set: 0.6ms
[70.662s][info][gc,phases      ] GC(218)   Post Evacuate Collection Set: 0.6ms
[70.662s][info][gc,phases      ] GC(218)   Other: 0.2ms
[70.662s][info][gc,heap        ] GC(218) Eden regions: 38->0(37)
[70.662s][info][gc,heap        ] GC(218) Survivor regions: 0->1(5)
[70.662s][info][gc,heap        ] GC(218) Old regions: 19->19
[70.662s][info][gc,heap        ] GC(218) Archive regions: 0->0
[70.662s][info][gc,heap        ] GC(218) Humongous regions: 0->0
[70.662s][info][gc,metaspace   ] GC(218) Metaspace: 61474K(62336K)->61474K(62336K) NonClass: 53893K(54336K)->53893K(54336K) Class: 7581K(8000K)->7581K(8000K)
[70.662s][info][gc             ] GC(218) Pause Young (Normal) (G1 Evacuation Pause) 781M->174M(1024M) 2.241ms
[70.662s][info][gc,cpu         ] GC(218) User=0.00s Sys=0.00s Real=0.00s
[70.878s][info][gc,start       ] GC(219) Pause Young (Normal) (G1 Evacuation Pause)
[70.879s][info][gc,task        ] GC(219) Using 24 workers of 33 for evacuation
[70.880s][info][gc,phases      ] GC(219)   Pre Evacuate Collection Set: 0.2ms
[70.880s][info][gc,phases      ] GC(219)   Merge Heap Roots: 0.2ms
[70.880s][info][gc,phases      ] GC(219)   Evacuate Collection Set: 0.6ms
[70.880s][info][gc,phases      ] GC(219)   Post Evacuate Collection Set: 0.7ms
[70.880s][info][gc,phases      ] GC(219)   Other: 0.2ms
[70.880s][info][gc,heap        ] GC(219) Eden regions: 37->0(37)
[70.881s][info][gc,heap        ] GC(219) Survivor regions: 1->1(5)
[70.881s][info][gc,heap        ] GC(219) Old regions: 19->19
[70.881s][info][gc,heap        ] GC(219) Archive regions: 0->0
[70.881s][info][gc,heap        ] GC(219) Humongous regions: 0->0
[70.881s][info][gc,metaspace   ] GC(219) Metaspace: 61474K(62336K)->61474K(62336K) NonClass: 53893K(54336K)->53893K(54336K) Class: 7581K(8000K)->7581K(8000K)
[70.881s][info][gc             ] GC(219) Pause Young (Normal) (G1 Evacuation Pause) 766M->174M(1024M) 2.286ms
[70.881s][info][gc,cpu         ] GC(219) User=0.00s Sys=0.00s Real=0.00s
[71.079s][info][gc,start       ] GC(220) Pause Young (Normal) (G1 Evacuation Pause)
[71.079s][info][gc,task        ] GC(220) Using 24 workers of 33 for evacuation
[71.081s][info][gc,phases      ] GC(220)   Pre Evacuate Collection Set: 0.2ms
[71.081s][info][gc,phases      ] GC(220)   Merge Heap Roots: 0.2ms
[71.081s][info][gc,phases      ] GC(220)   Evacuate Collection Set: 0.6ms
[71.081s][info][gc,phases      ] GC(220)   Post Evacuate Collection Set: 0.7ms
[71.081s][info][gc,phases      ] GC(220)   Other: 0.1ms
[71.081s][info][gc,heap        ] GC(220) Eden regions: 37->0(37)
[71.081s][info][gc,heap        ] GC(220) Survivor regions: 1->1(5)
[71.081s][info][gc,heap        ] GC(220) Old regions: 19->19
[71.081s][info][gc,heap        ] GC(220) Archive regions: 0->0
[71.081s][info][gc,heap        ] GC(220) Humongous regions: 0->0
[71.081s][info][gc,metaspace   ] GC(220) Metaspace: 61474K(62336K)->61474K(62336K) NonClass: 53893K(54336K)->53893K(54336K) Class: 7581K(8000K)->7581K(8000K)
[71.081s][info][gc             ] GC(220) Pause Young (Normal) (G1 Evacuation Pause) 766M->174M(1024M) 2.219ms
[71.081s][info][gc,cpu         ] GC(220) User=0.00s Sys=0.00s Real=0.00s
[71.157s][info][gc,start       ] GC(221) Pause Full (System.gc())
[71.157s][info][gc,task        ] GC(221) Using 6 workers of 33 for full compaction
[71.157s][info][gc,phases,start] GC(221) Phase 1: Mark live objects
[71.217s][info][gc,phases      ] GC(221) Phase 1: Mark live objects 59.602ms
[71.217s][info][gc,phases,start] GC(221) Phase 2: Prepare compaction
[71.229s][info][gc,phases      ] GC(221) Phase 2: Prepare compaction 12.004ms
[71.229s][info][gc,phases,start] GC(221) Phase 3: Adjust pointers
[71.251s][info][gc,phases      ] GC(221) Phase 3: Adjust pointers 22.043ms
[71.251s][info][gc,phases,start] GC(221) Phase 4: Compact heap
[71.258s][info][gc,phases      ] GC(221) Phase 4: Compact heap 6.643ms
[71.271s][info][gc,heap        ] GC(221) Eden regions: 10->0(30)
[71.271s][info][gc,heap        ] GC(221) Survivor regions: 1->0(5)
[71.271s][info][gc,heap        ] GC(221) Old regions: 19->15
[71.271s][info][gc,heap        ] GC(221) Archive regions: 0->0
[71.271s][info][gc,heap        ] GC(221) Humongous regions: 0->0
[71.271s][info][gc,metaspace   ] GC(221) Metaspace: 61478K(62336K)->61478K(62336K) NonClass: 53896K(54336K)->53896K(54336K) Class: 7581K(8000K)->7581K(8000K)
[71.271s][info][gc             ] GC(221) Pause Full (System.gc()) 328M->173M(800M) 114.741ms
[71.271s][info][gc,cpu         ] GC(221) User=0.52s Sys=0.00s Real=0.11s
[71.501s][info][gc,start       ] GC(222) Pause Young (Normal) (G1 Evacuation Pause)
[71.501s][info][gc,task        ] GC(222) Using 19 workers of 33 for evacuation
[71.503s][info][gc,phases      ] GC(222)   Pre Evacuate Collection Set: 0.2ms
[71.503s][info][gc,phases      ] GC(222)   Merge Heap Roots: 0.1ms
[71.503s][info][gc,phases      ] GC(222)   Evacuate Collection Set: 0.5ms
[71.503s][info][gc,phases      ] GC(222)   Post Evacuate Collection Set: 0.7ms
[71.503s][info][gc,phases      ] GC(222)   Other: 0.2ms
[71.503s][info][gc,heap        ] GC(222) Eden regions: 30->0(29)
[71.503s][info][gc,heap        ] GC(222) Survivor regions: 0->1(4)
[71.503s][info][gc,heap        ] GC(222) Old regions: 15->15
[71.503s][info][gc,heap        ] GC(222) Archive regions: 0->0
[71.503s][info][gc,heap        ] GC(222) Humongous regions: 0->0
[71.503s][info][gc,metaspace   ] GC(222) Metaspace: 61484K(62400K)->61484K(62400K) NonClass: 53902K(54400K)->53902K(54400K) Class: 7581K(8000K)->7581K(8000K)
[71.503s][info][gc             ] GC(222) Pause Young (Normal) (G1 Evacuation Pause) 653M->174M(800M) 2.162ms
[71.503s][info][gc,cpu         ] GC(222) User=0.00s Sys=0.00s Real=0.00s
[71.669s][info][gc,start       ] GC(223) Pause Young (Normal) (G1 Evacuation Pause)
[71.670s][info][gc,task        ] GC(223) Using 19 workers of 33 for evacuation
[71.671s][info][gc,phases      ] GC(223)   Pre Evacuate Collection Set: 0.1ms
[71.671s][info][gc,phases      ] GC(223)   Merge Heap Roots: 0.2ms
[71.671s][info][gc,phases      ] GC(223)   Evacuate Collection Set: 0.5ms
[71.671s][info][gc,phases      ] GC(223)   Post Evacuate Collection Set: 0.7ms
[71.671s][info][gc,phases      ] GC(223)   Other: 0.1ms
[71.671s][info][gc,heap        ] GC(223) Eden regions: 29->0(29)
[71.671s][info][gc,heap        ] GC(223) Survivor regions: 1->1(4)
[71.671s][info][gc,heap        ] GC(223) Old regions: 15->15
[71.671s][info][gc,heap        ] GC(223) Archive regions: 0->0
[71.671s][info][gc,heap        ] GC(223) Humongous regions: 0->0
[71.671s][info][gc,metaspace   ] GC(223) Metaspace: 61484K(62400K)->61484K(62400K) NonClass: 53902K(54400K)->53902K(54400K) Class: 7581K(8000K)->7581K(8000K)
[71.672s][info][gc             ] GC(223) Pause Young (Normal) (G1 Evacuation Pause) 638M->174M(800M) 2.085ms
[71.672s][info][gc,cpu         ] GC(223) User=0.30s Sys=0.00s Real=0.02s
[71.828s][info][gc,start       ] GC(224) Pause Young (Normal) (G1 Evacuation Pause)
[71.828s][info][gc,task        ] GC(224) Using 19 workers of 33 for evacuation
[71.829s][info][gc,phases      ] GC(224)   Pre Evacuate Collection Set: 0.1ms
[71.829s][info][gc,phases      ] GC(224)   Merge Heap Roots: 0.1ms
[71.829s][info][gc,phases      ] GC(224)   Evacuate Collection Set: 0.5ms
[71.829s][info][gc,phases      ] GC(224)   Post Evacuate Collection Set: 0.6ms
[71.830s][info][gc,phases      ] GC(224)   Other: 0.1ms
[71.830s][info][gc,heap        ] GC(224) Eden regions: 29->0(29)
[71.830s][info][gc,heap        ] GC(224) Survivor regions: 1->1(4)
[71.830s][info][gc,heap        ] GC(224) Old regions: 15->15
[71.830s][info][gc,heap        ] GC(224) Archive regions: 0->0
[71.830s][info][gc,heap        ] GC(224) Humongous regions: 0->0
[71.830s][info][gc,metaspace   ] GC(224) Metaspace: 61484K(62400K)->61484K(62400K) NonClass: 53902K(54400K)->53902K(54400K) Class: 7581K(8000K)->7581K(8000K)
[71.830s][info][gc             ] GC(224) Pause Young (Normal) (G1 Evacuation Pause) 638M->174M(800M) 2.045ms
[71.830s][info][gc,cpu         ] GC(224) User=0.00s Sys=0.00s Real=0.00s
[71.990s][info][gc,start       ] GC(225) Pause Young (Normal) (G1 Evacuation Pause)
[71.991s][info][gc,task        ] GC(225) Using 19 workers of 33 for evacuation
[71.992s][info][gc,phases      ] GC(225)   Pre Evacuate Collection Set: 0.1ms
[71.992s][info][gc,phases      ] GC(225)   Merge Heap Roots: 0.1ms
[71.992s][info][gc,phases      ] GC(225)   Evacuate Collection Set: 0.5ms
[71.992s][info][gc,phases      ] GC(225)   Post Evacuate Collection Set: 0.6ms
[71.992s][info][gc,phases      ] GC(225)   Other: 0.1ms
[71.992s][info][gc,heap        ] GC(225) Eden regions: 29->0(29)
[71.992s][info][gc,heap        ] GC(225) Survivor regions: 1->1(4)
[71.992s][info][gc,heap        ] GC(225) Old regions: 15->15
[71.992s][info][gc,heap        ] GC(225) Archive regions: 0->0
[71.992s][info][gc,heap        ] GC(225) Humongous regions: 0->0
[71.992s][info][gc,metaspace   ] GC(225) Metaspace: 61484K(62400K)->61484K(62400K) NonClass: 53902K(54400K)->53902K(54400K) Class: 7581K(8000K)->7581K(8000K)
[71.992s][info][gc             ] GC(225) Pause Young (Normal) (G1 Evacuation Pause) 638M->174M(800M) 2.038ms
[71.993s][info][gc,cpu         ] GC(225) User=0.00s Sys=0.00s Real=0.00s
[72.046s][info][gc,start       ] GC(226) Pause Full (System.gc())
[72.046s][info][gc,task        ] GC(226) Using 4 workers of 33 for full compaction
[72.046s][info][gc,phases,start] GC(226) Phase 1: Mark live objects
[72.157s][info][gc,phases      ] GC(226) Phase 1: Mark live objects 110.752ms
[72.157s][info][gc,phases,start] GC(226) Phase 2: Prepare compaction
[72.183s][info][gc,phases      ] GC(226) Phase 2: Prepare compaction 26.450ms
[72.183s][info][gc,phases,start] GC(226) Phase 3: Adjust pointers
[72.213s][info][gc,phases      ] GC(226) Phase 3: Adjust pointers 29.694ms
[72.213s][info][gc,phases,start] GC(226) Phase 4: Compact heap
[72.225s][info][gc,phases      ] GC(226) Phase 4: Compact heap 12.029ms
[72.239s][info][gc,heap        ] GC(226) Eden regions: 5->0(28)
[72.239s][info][gc,heap        ] GC(226) Survivor regions: 1->0(4)
[72.239s][info][gc,heap        ] GC(226) Old regions: 15->14
[72.239s][info][gc,heap        ] GC(226) Archive regions: 0->0
[72.239s][info][gc,heap        ] GC(226) Humongous regions: 0->0
[72.239s][info][gc,metaspace   ] GC(226) Metaspace: 61487K(62400K)->61487K(62400K) NonClass: 53905K(54400K)->53905K(54400K) Class: 7581K(8000K)->7581K(8000K)
[72.239s][info][gc             ] GC(226) Pause Full (System.gc()) 242M->173M(752M) 193.498ms
[72.239s][info][gc,cpu         ] GC(226) User=0.66s Sys=0.00s Real=0.19s
[72.469s][info][gc,start       ] GC(227) Pause Young (Normal) (G1 Evacuation Pause)
[72.469s][info][gc,task        ] GC(227) Using 18 workers of 33 for evacuation
[72.481s][info][gc,phases      ] GC(227)   Pre Evacuate Collection Set: 0.2ms
[72.481s][info][gc,phases      ] GC(227)   Merge Heap Roots: 0.1ms
[72.481s][info][gc,phases      ] GC(227)   Evacuate Collection Set: 0.5ms
[72.481s][info][gc,phases      ] GC(227)   Post Evacuate Collection Set: 10.9ms
[72.481s][info][gc,phases      ] GC(227)   Other: 0.1ms
[72.481s][info][gc,heap        ] GC(227) Eden regions: 28->0(83)
[72.481s][info][gc,heap        ] GC(227) Survivor regions: 0->1(4)
[72.481s][info][gc,heap        ] GC(227) Old regions: 14->14
[72.481s][info][gc,heap        ] GC(227) Archive regions: 0->0
[72.481s][info][gc,heap        ] GC(227) Humongous regions: 0->0
[72.481s][info][gc,metaspace   ] GC(227) Metaspace: 61489K(62400K)->61489K(62400K) NonClass: 53907K(54400K)->53907K(54400K) Class: 7581K(8000K)->7581K(8000K)
[72.481s][info][gc             ] GC(227) Pause Young (Normal) (G1 Evacuation Pause) 621M->174M(2256M) 12.313ms
[72.481s][info][gc,cpu         ] GC(227) User=0.00s Sys=0.00s Real=0.00s
[73.210s][info][gc,start       ] GC(228) Pause Young (Normal) (G1 Evacuation Pause)
[73.211s][info][gc,task        ] GC(228) Using 33 workers of 33 for evacuation
[73.213s][info][gc,phases      ] GC(228)   Pre Evacuate Collection Set: 0.2ms
[73.213s][info][gc,phases      ] GC(228)   Merge Heap Roots: 0.2ms
[73.213s][info][gc,phases      ] GC(228)   Evacuate Collection Set: 1.1ms
[73.213s][info][gc,phases      ] GC(228)   Post Evacuate Collection Set: 0.8ms
[73.213s][info][gc,phases      ] GC(228)   Other: 0.2ms
[73.213s][info][gc,heap        ] GC(228) Eden regions: 83->0(83)
[73.213s][info][gc,heap        ] GC(228) Survivor regions: 1->1(11)
[73.213s][info][gc,heap        ] GC(228) Old regions: 14->14
[73.213s][info][gc,heap        ] GC(228) Archive regions: 0->0
[73.213s][info][gc,heap        ] GC(228) Humongous regions: 0->0
[73.213s][info][gc,metaspace   ] GC(228) Metaspace: 61489K(62400K)->61489K(62400K) NonClass: 53907K(54400K)->53907K(54400K) Class: 7581K(8000K)->7581K(8000K)
[73.214s][info][gc             ] GC(228) Pause Young (Normal) (G1 Evacuation Pause) 1502M->174M(2256M) 3.109ms
[73.214s][info][gc,cpu         ] GC(228) User=0.00s Sys=0.00s Real=0.00s
[73.310s][info][gc,start       ] GC(229) Pause Full (System.gc())
[73.310s][info][gc,task        ] GC(229) Using 14 workers of 33 for full compaction
[73.311s][info][gc,phases,start] GC(229) Phase 1: Mark live objects
[73.357s][info][gc,phases      ] GC(229) Phase 1: Mark live objects 46.076ms
[73.357s][info][gc,phases,start] GC(229) Phase 2: Prepare compaction
[73.368s][info][gc,phases      ] GC(229) Phase 2: Prepare compaction 11.083ms
[73.368s][info][gc,phases,start] GC(229) Phase 3: Adjust pointers
[73.384s][info][gc,phases      ] GC(229) Phase 3: Adjust pointers 15.441ms
[73.384s][info][gc,phases,start] GC(229) Phase 4: Compact heap
[73.390s][info][gc,phases      ] GC(229) Phase 4: Compact heap 6.108ms
[73.412s][info][gc,heap        ] GC(229) Eden regions: 11->0(38)
[73.412s][info][gc,heap        ] GC(229) Survivor regions: 1->0(11)
[73.412s][info][gc,heap        ] GC(229) Old regions: 14->19
[73.412s][info][gc,heap        ] GC(229) Archive regions: 0->0
[73.412s][info][gc,heap        ] GC(229) Humongous regions: 0->0
[73.412s][info][gc,metaspace   ] GC(229) Metaspace: 61497K(62464K)->61497K(62464K) NonClass: 53916K(54464K)->53916K(54464K) Class: 7581K(8000K)->7581K(8000K)
[73.412s][info][gc             ] GC(229) Pause Full (System.gc()) 339M->173M(1024M) 101.628ms
[73.412s][info][gc,cpu         ] GC(229) User=0.73s Sys=0.50s Real=0.09s
[73.732s][info][gc,start       ] GC(230) Pause Young (Normal) (G1 Evacuation Pause)
[73.732s][info][gc,task        ] GC(230) Using 24 workers of 33 for evacuation
[73.734s][info][gc,phases      ] GC(230)   Pre Evacuate Collection Set: 0.2ms
[73.734s][info][gc,phases      ] GC(230)   Merge Heap Roots: 0.1ms
[73.734s][info][gc,phases      ] GC(230)   Evacuate Collection Set: 0.6ms
[73.734s][info][gc,phases      ] GC(230)   Post Evacuate Collection Set: 0.5ms
[73.734s][info][gc,phases      ] GC(230)   Other: 0.1ms
[73.734s][info][gc,heap        ] GC(230) Eden regions: 38->0(37)
[73.734s][info][gc,heap        ] GC(230) Survivor regions: 0->1(5)
[73.734s][info][gc,heap        ] GC(230) Old regions: 19->19
[73.734s][info][gc,heap        ] GC(230) Archive regions: 0->0
[73.734s][info][gc,heap        ] GC(230) Humongous regions: 0->0
[73.734s][info][gc,metaspace   ] GC(230) Metaspace: 61499K(62464K)->61499K(62464K) NonClass: 53917K(54464K)->53917K(54464K) Class: 7581K(8000K)->7581K(8000K)
[73.734s][info][gc             ] GC(230) Pause Young (Normal) (G1 Evacuation Pause) 781M->174M(1024M) 1.804ms
[73.734s][info][gc,cpu         ] GC(230) User=0.00s Sys=0.00s Real=0.00s
[73.951s][info][gc,start       ] GC(231) Pause Young (Normal) (G1 Evacuation Pause)
[73.951s][info][gc,task        ] GC(231) Using 24 workers of 33 for evacuation
[73.953s][info][gc,phases      ] GC(231)   Pre Evacuate Collection Set: 0.2ms
[73.953s][info][gc,phases      ] GC(231)   Merge Heap Roots: 0.2ms
[73.953s][info][gc,phases      ] GC(231)   Evacuate Collection Set: 0.6ms
[73.953s][info][gc,phases      ] GC(231)   Post Evacuate Collection Set: 0.7ms
[73.953s][info][gc,phases      ] GC(231)   Other: 0.2ms
[73.953s][info][gc,heap        ] GC(231) Eden regions: 37->0(37)
[73.953s][info][gc,heap        ] GC(231) Survivor regions: 1->1(5)
[73.953s][info][gc,heap        ] GC(231) Old regions: 19->19
[73.953s][info][gc,heap        ] GC(231) Archive regions: 0->0
[73.953s][info][gc,heap        ] GC(231) Humongous regions: 0->0
[73.953s][info][gc,metaspace   ] GC(231) Metaspace: 61499K(62464K)->61499K(62464K) NonClass: 53917K(54464K)->53917K(54464K) Class: 7581K(8000K)->7581K(8000K)
[73.953s][info][gc             ] GC(231) Pause Young (Normal) (G1 Evacuation Pause) 766M->174M(1024M) 2.263ms
[73.953s][info][gc,cpu         ] GC(231) User=0.00s Sys=0.00s Real=0.00s
[74.152s][info][gc,start       ] GC(232) Pause Young (Normal) (G1 Evacuation Pause)
[74.152s][info][gc,task        ] GC(232) Using 24 workers of 33 for evacuation
[74.154s][info][gc,phases      ] GC(232)   Pre Evacuate Collection Set: 0.2ms
[74.154s][info][gc,phases      ] GC(232)   Merge Heap Roots: 0.2ms
[74.154s][info][gc,phases      ] GC(232)   Evacuate Collection Set: 0.6ms
[74.154s][info][gc,phases      ] GC(232)   Post Evacuate Collection Set: 0.7ms
[74.154s][info][gc,phases      ] GC(232)   Other: 0.1ms
[74.154s][info][gc,heap        ] GC(232) Eden regions: 37->0(37)
[74.154s][info][gc,heap        ] GC(232) Survivor regions: 1->1(5)
[74.154s][info][gc,heap        ] GC(232) Old regions: 19->19
[74.154s][info][gc,heap        ] GC(232) Archive regions: 0->0
[74.154s][info][gc,heap        ] GC(232) Humongous regions: 0->0
[74.154s][info][gc,metaspace   ] GC(232) Metaspace: 61499K(62464K)->61499K(62464K) NonClass: 53917K(54464K)->53917K(54464K) Class: 7581K(8000K)->7581K(8000K)
[74.154s][info][gc             ] GC(232) Pause Young (Normal) (G1 Evacuation Pause) 766M->174M(1024M) 2.166ms
[74.154s][info][gc,cpu         ] GC(232) User=0.00s Sys=0.00s Real=0.00s
[74.233s][info][gc,start       ] GC(233) Pause Full (System.gc())
[74.233s][info][gc,task        ] GC(233) Using 6 workers of 33 for full compaction
[74.233s][info][gc,phases,start] GC(233) Phase 1: Mark live objects
[74.294s][info][gc,phases      ] GC(233) Phase 1: Mark live objects 60.611ms
[74.294s][info][gc,phases,start] GC(233) Phase 2: Prepare compaction
[74.308s][info][gc,phases      ] GC(233) Phase 2: Prepare compaction 14.122ms
[74.308s][info][gc,phases,start] GC(233) Phase 3: Adjust pointers
[74.330s][info][gc,phases      ] GC(233) Phase 3: Adjust pointers 21.366ms
[74.330s][info][gc,phases,start] GC(233) Phase 4: Compact heap
[74.334s][info][gc,phases      ] GC(233) Phase 4: Compact heap 3.842ms
[74.347s][info][gc,heap        ] GC(233) Eden regions: 10->0(32)
[74.347s][info][gc,heap        ] GC(233) Survivor regions: 1->0(5)
[74.347s][info][gc,heap        ] GC(233) Old regions: 19->16
[74.347s][info][gc,heap        ] GC(233) Archive regions: 0->0
[74.347s][info][gc,heap        ] GC(233) Humongous regions: 0->0
[74.347s][info][gc,metaspace   ] GC(233) Metaspace: 61508K(62464K)->61508K(62464K) NonClass: 53927K(54464K)->53927K(54464K) Class: 7581K(8000K)->7581K(8000K)
[74.347s][info][gc             ] GC(233) Pause Full (System.gc()) 322M->173M(864M) 114.145ms
[74.347s][info][gc,cpu         ] GC(233) User=0.55s Sys=0.00s Real=0.11s
[74.592s][info][gc,start       ] GC(234) Pause Young (Normal) (G1 Evacuation Pause)
[74.592s][info][gc,task        ] GC(234) Using 20 workers of 33 for evacuation
[74.594s][info][gc,phases      ] GC(234)   Pre Evacuate Collection Set: 0.1ms
[74.594s][info][gc,phases      ] GC(234)   Merge Heap Roots: 0.1ms
[74.594s][info][gc,phases      ] GC(234)   Evacuate Collection Set: 0.5ms
[74.594s][info][gc,phases      ] GC(234)   Post Evacuate Collection Set: 0.5ms
[74.594s][info][gc,phases      ] GC(234)   Other: 0.1ms
[74.594s][info][gc,heap        ] GC(234) Eden regions: 32->0(31)
[74.594s][info][gc,heap        ] GC(234) Survivor regions: 0->1(4)
[74.594s][info][gc,heap        ] GC(234) Old regions: 16->16
[74.594s][info][gc,heap        ] GC(234) Archive regions: 0->0
[74.594s][info][gc,heap        ] GC(234) Humongous regions: 0->0
[74.594s][info][gc,metaspace   ] GC(234) Metaspace: 61511K(62464K)->61511K(62464K) NonClass: 53929K(54464K)->53929K(54464K) Class: 7582K(8000K)->7582K(8000K)
[74.594s][info][gc             ] GC(234) Pause Young (Normal) (G1 Evacuation Pause) 685M->174M(864M) 1.595ms
[74.594s][info][gc,cpu         ] GC(234) User=0.00s Sys=0.00s Real=0.00s
[74.768s][info][gc,start       ] GC(235) Pause Young (Normal) (G1 Evacuation Pause)
[74.768s][info][gc,task        ] GC(235) Using 20 workers of 33 for evacuation
[74.770s][info][gc,phases      ] GC(235)   Pre Evacuate Collection Set: 0.1ms
[74.770s][info][gc,phases      ] GC(235)   Merge Heap Roots: 0.2ms
[74.770s][info][gc,phases      ] GC(235)   Evacuate Collection Set: 0.5ms
[74.770s][info][gc,phases      ] GC(235)   Post Evacuate Collection Set: 0.7ms
[74.770s][info][gc,phases      ] GC(235)   Other: 0.1ms
[74.770s][info][gc,heap        ] GC(235) Eden regions: 31->0(31)
[74.770s][info][gc,heap        ] GC(235) Survivor regions: 1->1(4)
[74.770s][info][gc,heap        ] GC(235) Old regions: 16->16
[74.770s][info][gc,heap        ] GC(235) Archive regions: 0->0
[74.770s][info][gc,heap        ] GC(235) Humongous regions: 0->0
[74.770s][info][gc,metaspace   ] GC(235) Metaspace: 61511K(62464K)->61511K(62464K) NonClass: 53929K(54464K)->53929K(54464K) Class: 7582K(8000K)->7582K(8000K)
[74.770s][info][gc             ] GC(235) Pause Young (Normal) (G1 Evacuation Pause) 670M->174M(864M) 2.053ms
[74.770s][info][gc,cpu         ] GC(235) User=0.00s Sys=0.00s Real=0.00s
[74.937s][info][gc,start       ] GC(236) Pause Young (Normal) (G1 Evacuation Pause)
[74.937s][info][gc,task        ] GC(236) Using 20 workers of 33 for evacuation
[74.939s][info][gc,phases      ] GC(236)   Pre Evacuate Collection Set: 0.2ms
[74.939s][info][gc,phases      ] GC(236)   Merge Heap Roots: 0.1ms
[74.939s][info][gc,phases      ] GC(236)   Evacuate Collection Set: 0.5ms
[74.939s][info][gc,phases      ] GC(236)   Post Evacuate Collection Set: 0.7ms
[74.939s][info][gc,phases      ] GC(236)   Other: 0.1ms
[74.939s][info][gc,heap        ] GC(236) Eden regions: 31->0(31)
[74.939s][info][gc,heap        ] GC(236) Survivor regions: 1->1(4)
[74.939s][info][gc,heap        ] GC(236) Old regions: 16->16
[74.939s][info][gc,heap        ] GC(236) Archive regions: 0->0
[74.939s][info][gc,heap        ] GC(236) Humongous regions: 0->0
[74.939s][info][gc,metaspace   ] GC(236) Metaspace: 61511K(62464K)->61511K(62464K) NonClass: 53929K(54464K)->53929K(54464K) Class: 7582K(8000K)->7582K(8000K)
[74.939s][info][gc             ] GC(236) Pause Young (Normal) (G1 Evacuation Pause) 670M->174M(864M) 2.098ms
[74.939s][info][gc,cpu         ] GC(236) User=0.00s Sys=0.00s Real=0.00s
[75.119s][info][gc,start       ] GC(237) Pause Full (System.gc())
[75.119s][info][gc,task        ] GC(237) Using 4 workers of 33 for full compaction
[75.119s][info][gc,phases,start] GC(237) Phase 1: Mark live objects
[75.207s][info][gc,phases      ] GC(237) Phase 1: Mark live objects 87.375ms
[75.207s][info][gc,phases,start] GC(237) Phase 2: Prepare compaction
[75.232s][info][gc,phases      ] GC(237) Phase 2: Prepare compaction 24.876ms
[75.232s][info][gc,phases,start] GC(237) Phase 3: Adjust pointers
[75.263s][info][gc,phases      ] GC(237) Phase 3: Adjust pointers 31.375ms
[75.263s][info][gc,phases,start] GC(237) Phase 4: Compact heap
[75.267s][info][gc,phases      ] GC(237) Phase 4: Compact heap 3.841ms
[75.281s][info][gc,heap        ] GC(237) Eden regions: 28->0(28)
[75.281s][info][gc,heap        ] GC(237) Survivor regions: 1->0(4)
[75.281s][info][gc,heap        ] GC(237) Old regions: 16->14
[75.281s][info][gc,heap        ] GC(237) Archive regions: 0->0
[75.281s][info][gc,heap        ] GC(237) Humongous regions: 0->0
[75.281s][info][gc,metaspace   ] GC(237) Metaspace: 61521K(62464K)->61521K(62464K) NonClass: 53938K(54464K)->53938K(54464K) Class: 7582K(8000K)->7582K(8000K)
[75.281s][info][gc             ] GC(237) Pause Full (System.gc()) 610M->173M(752M) 162.010ms
[75.281s][info][gc,cpu         ] GC(237) User=0.58s Sys=0.00s Real=0.16s
[75.500s][info][gc,start       ] GC(238) Pause Young (Normal) (G1 Evacuation Pause)
[75.500s][info][gc,task        ] GC(238) Using 18 workers of 33 for evacuation
[75.512s][info][gc,phases      ] GC(238)   Pre Evacuate Collection Set: 0.2ms
[75.512s][info][gc,phases      ] GC(238)   Merge Heap Roots: 0.2ms
[75.512s][info][gc,phases      ] GC(238)   Evacuate Collection Set: 0.5ms
[75.512s][info][gc,phases      ] GC(238)   Post Evacuate Collection Set: 10.6ms
[75.512s][info][gc,phases      ] GC(238)   Other: 0.1ms
[75.512s][info][gc,heap        ] GC(238) Eden regions: 28->0(83)
[75.512s][info][gc,heap        ] GC(238) Survivor regions: 0->1(4)
[75.512s][info][gc,heap        ] GC(238) Old regions: 14->14
[75.512s][info][gc,heap        ] GC(238) Archive regions: 0->0
[75.512s][info][gc,heap        ] GC(238) Humongous regions: 0->0
[75.512s][info][gc,metaspace   ] GC(238) Metaspace: 61521K(62464K)->61521K(62464K) NonClass: 53939K(54464K)->53939K(54464K) Class: 7582K(8000K)->7582K(8000K)
[75.512s][info][gc             ] GC(238) Pause Young (Normal) (G1 Evacuation Pause) 621M->174M(2256M) 11.933ms
[75.512s][info][gc,cpu         ] GC(238) User=0.00s Sys=0.02s Real=0.02s
[76.250s][info][gc,start       ] GC(239) Pause Young (Normal) (G1 Evacuation Pause)
[76.250s][info][gc,task        ] GC(239) Using 33 workers of 33 for evacuation
[76.253s][info][gc,phases      ] GC(239)   Pre Evacuate Collection Set: 0.2ms
[76.253s][info][gc,phases      ] GC(239)   Merge Heap Roots: 0.2ms
[76.253s][info][gc,phases      ] GC(239)   Evacuate Collection Set: 1.3ms
[76.253s][info][gc,phases      ] GC(239)   Post Evacuate Collection Set: 0.7ms
[76.253s][info][gc,phases      ] GC(239)   Other: 0.2ms
[76.253s][info][gc,heap        ] GC(239) Eden regions: 83->0(83)
[76.253s][info][gc,heap        ] GC(239) Survivor regions: 1->1(11)
[76.253s][info][gc,heap        ] GC(239) Old regions: 14->14
[76.253s][info][gc,heap        ] GC(239) Archive regions: 0->0
[76.253s][info][gc,heap        ] GC(239) Humongous regions: 0->0
[76.253s][info][gc,metaspace   ] GC(239) Metaspace: 61521K(62464K)->61521K(62464K) NonClass: 53939K(54464K)->53939K(54464K) Class: 7582K(8000K)->7582K(8000K)
[76.253s][info][gc             ] GC(239) Pause Young (Normal) (G1 Evacuation Pause) 1502M->174M(2256M) 3.094ms
[76.253s][info][gc,cpu         ] GC(239) User=0.00s Sys=0.02s Real=0.02s
[76.334s][info][gc,start       ] GC(240) Pause Full (System.gc())
[76.334s][info][gc,task        ] GC(240) Using 14 workers of 33 for full compaction
[76.335s][info][gc,phases,start] GC(240) Phase 1: Mark live objects
[76.377s][info][gc,phases      ] GC(240) Phase 1: Mark live objects 42.347ms
[76.377s][info][gc,phases,start] GC(240) Phase 2: Prepare compaction
[76.384s][info][gc,phases      ] GC(240) Phase 2: Prepare compaction 6.675ms
[76.384s][info][gc,phases,start] GC(240) Phase 3: Adjust pointers
[76.397s][info][gc,phases      ] GC(240) Phase 3: Adjust pointers 13.344ms
[76.397s][info][gc,phases,start] GC(240) Phase 4: Compact heap
[76.403s][info][gc,phases      ] GC(240) Phase 4: Compact heap 6.046ms
[76.423s][info][gc,heap        ] GC(240) Eden regions: 11->0(36)
[76.423s][info][gc,heap        ] GC(240) Survivor regions: 1->0(11)
[76.423s][info][gc,heap        ] GC(240) Old regions: 14->18
[76.423s][info][gc,heap        ] GC(240) Archive regions: 0->0
[76.423s][info][gc,heap        ] GC(240) Humongous regions: 0->0
[76.423s][info][gc,metaspace   ] GC(240) Metaspace: 61521K(62464K)->61521K(62464K) NonClass: 53939K(54464K)->53939K(54464K) Class: 7582K(8000K)->7582K(8000K)
[76.423s][info][gc             ] GC(240) Pause Full (System.gc()) 347M->174M(960M) 89.409ms
[76.423s][info][gc,cpu         ] GC(240) User=0.67s Sys=0.55s Real=0.08s
[76.720s][info][gc,start       ] GC(241) Pause Young (Normal) (G1 Evacuation Pause)
[76.720s][info][gc,task        ] GC(241) Using 23 workers of 33 for evacuation
[76.722s][info][gc,phases      ] GC(241)   Pre Evacuate Collection Set: 0.2ms
[76.722s][info][gc,phases      ] GC(241)   Merge Heap Roots: 0.2ms
[76.722s][info][gc,phases      ] GC(241)   Evacuate Collection Set: 0.5ms
[76.722s][info][gc,phases      ] GC(241)   Post Evacuate Collection Set: 0.7ms
[76.722s][info][gc,phases      ] GC(241)   Other: 0.2ms
[76.722s][info][gc,heap        ] GC(241) Eden regions: 36->0(35)
[76.722s][info][gc,heap        ] GC(241) Survivor regions: 0->1(5)
[76.722s][info][gc,heap        ] GC(241) Old regions: 18->18
[76.722s][info][gc,heap        ] GC(241) Archive regions: 0->0
[76.722s][info][gc,heap        ] GC(241) Humongous regions: 0->0
[76.722s][info][gc,metaspace   ] GC(241) Metaspace: 61521K(62464K)->61521K(62464K) NonClass: 53939K(54464K)->53939K(54464K) Class: 7582K(8000K)->7582K(8000K)
[76.722s][info][gc             ] GC(241) Pause Young (Normal) (G1 Evacuation Pause) 750M->174M(960M) 2.203ms
[76.723s][info][gc,cpu         ] GC(241) User=0.02s Sys=0.00s Real=0.02s
[76.927s][info][gc,start       ] GC(242) Pause Young (Normal) (G1 Evacuation Pause)
[76.928s][info][gc,task        ] GC(242) Using 23 workers of 33 for evacuation
[76.929s][info][gc,phases      ] GC(242)   Pre Evacuate Collection Set: 0.2ms
[76.929s][info][gc,phases      ] GC(242)   Merge Heap Roots: 0.2ms
[76.929s][info][gc,phases      ] GC(242)   Evacuate Collection Set: 0.6ms
[76.929s][info][gc,phases      ] GC(242)   Post Evacuate Collection Set: 0.6ms
[76.929s][info][gc,phases      ] GC(242)   Other: 0.2ms
[76.929s][info][gc,heap        ] GC(242) Eden regions: 35->0(35)
[76.929s][info][gc,heap        ] GC(242) Survivor regions: 1->1(5)
[76.930s][info][gc,heap        ] GC(242) Old regions: 18->18
[76.930s][info][gc,heap        ] GC(242) Archive regions: 0->0
[76.930s][info][gc,heap        ] GC(242) Humongous regions: 0->0
[76.930s][info][gc,metaspace   ] GC(242) Metaspace: 61521K(62464K)->61521K(62464K) NonClass: 53939K(54464K)->53939K(54464K) Class: 7582K(8000K)->7582K(8000K)
[76.930s][info][gc             ] GC(242) Pause Young (Normal) (G1 Evacuation Pause) 734M->174M(960M) 2.248ms
[76.930s][info][gc,cpu         ] GC(242) User=0.00s Sys=0.00s Real=0.00s
[77.118s][info][gc,start       ] GC(243) Pause Young (Normal) (G1 Evacuation Pause)
[77.118s][info][gc,task        ] GC(243) Using 23 workers of 33 for evacuation
[77.119s][info][gc,phases      ] GC(243)   Pre Evacuate Collection Set: 0.2ms
[77.119s][info][gc,phases      ] GC(243)   Merge Heap Roots: 0.1ms
[77.119s][info][gc,phases      ] GC(243)   Evacuate Collection Set: 0.5ms
[77.120s][info][gc,phases      ] GC(243)   Post Evacuate Collection Set: 0.6ms
[77.120s][info][gc,phases      ] GC(243)   Other: 0.2ms
[77.120s][info][gc,heap        ] GC(243) Eden regions: 35->0(35)
[77.120s][info][gc,heap        ] GC(243) Survivor regions: 1->1(5)
[77.120s][info][gc,heap        ] GC(243) Old regions: 18->18
[77.120s][info][gc,heap        ] GC(243) Archive regions: 0->0
[77.120s][info][gc,heap        ] GC(243) Humongous regions: 0->0
[77.120s][info][gc,metaspace   ] GC(243) Metaspace: 61521K(62464K)->61521K(62464K) NonClass: 53939K(54464K)->53939K(54464K) Class: 7582K(8000K)->7582K(8000K)
[77.120s][info][gc             ] GC(243) Pause Young (Normal) (G1 Evacuation Pause) 734M->174M(960M) 2.150ms
[77.120s][info][gc,cpu         ] GC(243) User=0.36s Sys=0.00s Real=0.01s
[77.434s][info][gc,heap,exit   ] Heap
[77.434s][info][gc,heap,exit   ]  garbage-first heap   total 983040K, used 489546K [0x00000000a0000000, 0x0000000800000000)
[77.434s][info][gc,heap,exit   ]   region size 16384K, 20 young (327680K), 1 survivors (16384K)
[77.434s][info][gc,heap,exit   ]  Metaspace       used 61926K, committed 62848K, reserved 1114112K
[77.434s][info][gc,heap,exit   ]   class space    used 7660K, committed 8064K, reserved 1048576K
