[0.016s][info][gc,init] CardTable entry size: 512
[0.017s][info][gc     ] Using Parallel
[0.030s][info][gc,init] Version: 20+36-2344 (release)
[0.030s][info][gc,init] CPUs: 48 total, 48 available
[0.030s][info][gc,init] Memory: 382G
[0.030s][info][gc,init] Large Page Support: Disabled
[0.030s][info][gc,init] NUMA Support: Disabled
[0.030s][info][gc,init] Compressed Oops: Enabled (Zero based)
[0.030s][info][gc,init] Alignments: Space 512K, Generation 512K, Heap 2M
[0.030s][info][gc,init] Heap Min Capacity: 8M
[0.030s][info][gc,init] Heap Initial Capacity: 2G
[0.030s][info][gc,init] Heap Max Capacity: 30718M
[0.039s][info][gc,init] Pre-touch: Disabled
[0.039s][info][gc,init] Parallel Workers: 33
[0.040s][info][gc,metaspace] CDS archive(s) mapped at: [0x0000000800000000-0x0000000800c60000-0x0000000800c60000), size 12976128, SharedBaseAddress: 0x0000000800000000, ArchiveRelocationMode: 0.
[0.040s][info][gc,metaspace] Compressed class space mapped at: 0x0000000801000000-0x0000000841000000, reserved size: 1073741824
[0.040s][info][gc,metaspace] Narrow klass base: 0x0000000800000000, Narrow klass shift: 0, Narrow klass range: 0x100000000
[9.739s][info][gc,start    ] GC(0) Pause Young (Metadata GC Threshold)
[9.758s][info][gc,heap     ] GC(0) PSYoungGen: 220647K(611840K)->18853K(611840K) Eden: 220647K(524800K)->0K(524800K) From: 0K(87040K)->18853K(87040K)
[9.758s][info][gc,heap     ] GC(0) ParOldGen: 0K(1398272K)->24K(1398272K)
[9.758s][info][gc,metaspace] GC(0) Metaspace: 21269K(21504K)->21269K(21504K) NonClass: 18552K(18688K)->18552K(18688K) Class: 2716K(2816K)->2716K(2816K)
[9.758s][info][gc          ] GC(0) Pause Young (Metadata GC Threshold) 215M->18M(1963M) 18.391ms
[9.758s][info][gc,cpu      ] GC(0) User=0.50s Sys=0.02s Real=0.02s
[9.758s][info][gc,start    ] GC(1) Pause Full (Metadata GC Threshold)
[9.758s][info][gc,phases,start] GC(1) Marking Phase
[9.770s][info][gc,phases      ] GC(1) Marking Phase 12.445ms
[9.770s][info][gc,phases,start] GC(1) Summary Phase
[9.770s][info][gc,phases      ] GC(1) Summary Phase 0.016ms
[9.770s][info][gc,phases,start] GC(1) Adjust Roots
[9.773s][info][gc,phases      ] GC(1) Adjust Roots 2.960ms
[9.773s][info][gc,phases,start] GC(1) Compaction Phase
[9.786s][info][gc,phases      ] GC(1) Compaction Phase 12.428ms
[9.786s][info][gc,phases,start] GC(1) Post Compact
[9.788s][info][gc,phases      ] GC(1) Post Compact 1.685ms
[9.788s][info][gc,heap        ] GC(1) PSYoungGen: 18853K(611840K)->0K(611840K) Eden: 0K(524800K)->0K(524800K) From: 18853K(87040K)->0K(87040K)
[9.788s][info][gc,heap        ] GC(1) ParOldGen: 24K(1398272K)->18045K(1398272K)
[9.788s][info][gc,metaspace   ] GC(1) Metaspace: 21269K(21504K)->21269K(21504K) NonClass: 18552K(18688K)->18552K(18688K) Class: 2716K(2816K)->2716K(2816K)
[9.788s][info][gc             ] GC(1) Pause Full (Metadata GC Threshold) 18M->17M(1963M) 29.734ms
[9.788s][info][gc,cpu         ] GC(1) User=0.03s Sys=0.00s Real=0.03s
[10.677s][info][gc,start       ] GC(2) Pause Young (Metadata GC Threshold)
[10.685s][info][gc,heap        ] GC(2) PSYoungGen: 199459K(611840K)->6478K(611840K) Eden: 199459K(524800K)->0K(524800K) From: 0K(87040K)->6478K(87040K)
[10.685s][info][gc,heap        ] GC(2) ParOldGen: 18045K(1398272K)->18053K(1398272K)
[10.685s][info][gc,metaspace   ] GC(2) Metaspace: 35452K(35840K)->35452K(35840K) NonClass: 30975K(31168K)->30975K(31168K) Class: 4476K(4672K)->4476K(4672K)
[10.685s][info][gc             ] GC(2) Pause Young (Metadata GC Threshold) 212M->23M(1963M) 8.811ms
[10.685s][info][gc,cpu         ] GC(2) User=0.44s Sys=0.00s Real=0.02s
[10.686s][info][gc,start       ] GC(3) Pause Full (Metadata GC Threshold)
[10.686s][info][gc,phases,start] GC(3) Marking Phase
[10.705s][info][gc,phases      ] GC(3) Marking Phase 19.100ms
[10.705s][info][gc,phases,start] GC(3) Summary Phase
[10.705s][info][gc,phases      ] GC(3) Summary Phase 0.020ms
[10.705s][info][gc,phases,start] GC(3) Adjust Roots
[10.708s][info][gc,phases      ] GC(3) Adjust Roots 3.330ms
[10.708s][info][gc,phases,start] GC(3) Compaction Phase
[10.723s][info][gc,phases      ] GC(3) Compaction Phase 14.614ms
[10.723s][info][gc,phases,start] GC(3) Post Compact
[10.724s][info][gc,phases      ] GC(3) Post Compact 1.068ms
[10.724s][info][gc,heap        ] GC(3) PSYoungGen: 6478K(611840K)->0K(611840K) Eden: 0K(524800K)->0K(524800K) From: 6478K(87040K)->0K(87040K)
[10.724s][info][gc,heap        ] GC(3) ParOldGen: 18053K(1398272K)->23722K(1398272K)
[10.724s][info][gc,metaspace   ] GC(3) Metaspace: 35452K(35840K)->35452K(35840K) NonClass: 30975K(31168K)->30975K(31168K) Class: 4476K(4672K)->4476K(4672K)
[10.724s][info][gc             ] GC(3) Pause Full (Metadata GC Threshold) 23M->23M(1963M) 38.388ms
[10.724s][info][gc,cpu         ] GC(3) User=0.16s Sys=0.34s Real=0.03s
[11.581s][info][gc,start       ] GC(4) Pause Young (Allocation Failure)
[11.605s][info][gc,heap        ] GC(4) PSYoungGen: 524800K(611840K)->38096K(611840K) Eden: 524800K(524800K)->0K(524800K) From: 0K(87040K)->38096K(87040K)
[11.605s][info][gc,heap        ] GC(4) ParOldGen: 23722K(1398272K)->23730K(1398272K)
[11.605s][info][gc,metaspace   ] GC(4) Metaspace: 42068K(42496K)->42068K(42496K) NonClass: 36798K(37056K)->36798K(37056K) Class: 5269K(5440K)->5269K(5440K)
[11.605s][info][gc             ] GC(4) Pause Young (Allocation Failure) 535M->60M(1963M) 23.880ms
[11.605s][info][gc,cpu         ] GC(4) User=0.08s Sys=0.44s Real=0.02s
[12.033s][info][gc,start       ] GC(5) Pause Young (Allocation Failure)
[12.091s][info][gc,heap        ] GC(5) PSYoungGen: 562896K(611840K)->84208K(1136640K) Eden: 524800K(524800K)->0K(1049600K) From: 38096K(87040K)->84208K(87040K)
[12.091s][info][gc,heap        ] GC(5) ParOldGen: 23730K(1398272K)->23738K(1398272K)
[12.091s][info][gc,metaspace   ] GC(5) Metaspace: 42068K(42496K)->42068K(42496K) NonClass: 36798K(37056K)->36798K(37056K) Class: 5269K(5440K)->5269K(5440K)
[12.092s][info][gc             ] GC(5) Pause Young (Allocation Failure) 572M->105M(2475M) 58.317ms
[12.092s][info][gc,cpu         ] GC(5) User=0.20s Sys=1.34s Real=0.05s
[12.923s][info][gc,start       ] GC(6) Pause Young (System.gc())
[12.928s][info][gc,heap        ] GC(6) PSYoungGen: 395475K(1136640K)->3584K(1136640K) Eden: 311267K(1049600K)->0K(1049600K) From: 84208K(87040K)->3584K(87040K)
[12.928s][info][gc,heap        ] GC(6) ParOldGen: 23738K(1398272K)->23746K(1398272K)
[12.928s][info][gc,metaspace   ] GC(6) Metaspace: 47956K(48384K)->47956K(48384K) NonClass: 41866K(42112K)->41866K(42112K) Class: 6090K(6272K)->6090K(6272K)
[12.928s][info][gc             ] GC(6) Pause Young (System.gc()) 409M->26M(2475M) 4.812ms
[12.928s][info][gc,cpu         ] GC(6) User=0.00s Sys=0.00s Real=0.00s
[12.928s][info][gc,start       ] GC(7) Pause Full (System.gc())
[12.928s][info][gc,phases,start] GC(7) Marking Phase
[12.948s][info][gc,phases      ] GC(7) Marking Phase 19.870ms
[12.948s][info][gc,phases,start] GC(7) Summary Phase
[12.948s][info][gc,phases      ] GC(7) Summary Phase 0.019ms
[12.948s][info][gc,phases,start] GC(7) Adjust Roots
[12.953s][info][gc,phases      ] GC(7) Adjust Roots 4.865ms
[12.953s][info][gc,phases,start] GC(7) Compaction Phase
[12.972s][info][gc,phases      ] GC(7) Compaction Phase 18.463ms
[12.972s][info][gc,phases,start] GC(7) Post Compact
[12.973s][info][gc,phases      ] GC(7) Post Compact 1.133ms
[12.973s][info][gc,heap        ] GC(7) PSYoungGen: 3584K(1136640K)->0K(1136640K) Eden: 0K(1049600K)->0K(1049600K) From: 3584K(87040K)->0K(87040K)
[12.973s][info][gc,heap        ] GC(7) ParOldGen: 23746K(1398272K)->25891K(1398272K)
[12.973s][info][gc,metaspace   ] GC(7) Metaspace: 47956K(48384K)->47956K(48384K) NonClass: 41866K(42112K)->41866K(42112K) Class: 6090K(6272K)->6090K(6272K)
[12.973s][info][gc             ] GC(7) Pause Full (System.gc()) 26M->25M(2475M) 44.756ms
[12.973s][info][gc,cpu         ] GC(7) User=0.56s Sys=0.00s Real=0.05s
[14.535s][info][gc,start       ] GC(8) Pause Young (Allocation Failure)
[14.586s][info][gc,heap        ] GC(8) PSYoungGen: 1049600K(1136640K)->80243K(1116160K) Eden: 1049600K(1049600K)->0K(1029120K) From: 0K(87040K)->80243K(87040K)
[14.586s][info][gc,heap        ] GC(8) ParOldGen: 25891K(1398272K)->25899K(1398272K)
[14.586s][info][gc,metaspace   ] GC(8) Metaspace: 55767K(56576K)->55767K(56576K) NonClass: 48640K(49088K)->48640K(49088K) Class: 7127K(7488K)->7127K(7488K)
[14.586s][info][gc             ] GC(8) Pause Young (Allocation Failure) 1050M->103M(2455M) 50.510ms
[14.586s][info][gc,cpu         ] GC(8) User=1.59s Sys=0.00s Real=0.05s
[14.960s][info][gc,start       ] GC(9) Pause Young (Allocation Failure)
[15.027s][info][gc,heap        ] GC(9) PSYoungGen: 1109363K(1116160K)->107499K(1136640K) Eden: 1029120K(1029120K)->0K(1029120K) From: 80243K(87040K)->107499K(107520K)
[15.027s][info][gc,heap        ] GC(9) ParOldGen: 25899K(1398272K)->35779K(1398272K)
[15.027s][info][gc,metaspace   ] GC(9) Metaspace: 56044K(56896K)->56044K(56896K) NonClass: 48861K(49344K)->48861K(49344K) Class: 7183K(7552K)->7183K(7552K)
[15.027s][info][gc             ] GC(9) Pause Young (Allocation Failure) 1108M->139M(2475M) 66.336ms
[15.027s][info][gc,cpu         ] GC(9) User=0.95s Sys=1.11s Real=0.06s
[15.314s][info][gc,start       ] GC(10) Pause Young (Allocation Failure)
[15.407s][info][gc,heap        ] GC(10) PSYoungGen: 1136619K(1136640K)->137727K(2164224K) Eden: 1029120K(1029120K)->0K(2026496K) From: 107499K(107520K)->137727K(137728K)
[15.407s][info][gc,heap        ] GC(10) ParOldGen: 35779K(1398272K)->44163K(1398272K)
[15.407s][info][gc,metaspace   ] GC(10) Metaspace: 56109K(56960K)->56109K(56960K) NonClass: 48914K(49408K)->48914K(49408K) Class: 7195K(7552K)->7195K(7552K)
[15.407s][info][gc             ] GC(10) Pause Young (Allocation Failure) 1144M->177M(3479M) 92.985ms
[15.407s][info][gc,cpu         ] GC(10) User=0.95s Sys=1.72s Real=0.09s
[16.179s][info][gc,start       ] GC(11) Pause Young (System.gc())
[16.268s][info][gc,heap        ] GC(11) PSYoungGen: 1485178K(2164224K)->132819K(2195968K) Eden: 1347451K(2026496K)->0K(2026496K) From: 137727K(137728K)->132819K(169472K)
[16.268s][info][gc,heap        ] GC(11) ParOldGen: 44163K(1398272K)->44171K(1398272K)
[16.268s][info][gc,metaspace   ] GC(11) Metaspace: 58271K(59200K)->58271K(59200K) NonClass: 50816K(51328K)->50816K(51328K) Class: 7455K(7872K)->7455K(7872K)
[16.268s][info][gc             ] GC(11) Pause Young (System.gc()) 1493M->172M(3510M) 89.413ms
[16.268s][info][gc,cpu         ] GC(11) User=0.66s Sys=1.47s Real=0.08s
[16.268s][info][gc,start       ] GC(12) Pause Full (System.gc())
[16.268s][info][gc,phases,start] GC(12) Marking Phase
[16.342s][info][gc,phases      ] GC(12) Marking Phase 73.349ms
[16.342s][info][gc,phases,start] GC(12) Summary Phase
[16.342s][info][gc,phases      ] GC(12) Summary Phase 0.022ms
[16.342s][info][gc,phases,start] GC(12) Adjust Roots
[16.350s][info][gc,phases      ] GC(12) Adjust Roots 8.159ms
[16.350s][info][gc,phases,start] GC(12) Compaction Phase
[16.461s][info][gc,phases      ] GC(12) Compaction Phase 111.369ms
[16.461s][info][gc,phases,start] GC(12) Post Compact
[16.464s][info][gc,phases      ] GC(12) Post Compact 2.376ms
[16.464s][info][gc,heap        ] GC(12) PSYoungGen: 132819K(2195968K)->0K(2195968K) Eden: 0K(2026496K)->0K(2026496K) From: 132819K(169472K)->0K(169472K)
[16.464s][info][gc,heap        ] GC(12) ParOldGen: 44171K(1398272K)->175715K(1398272K)
[16.464s][info][gc,metaspace   ] GC(12) Metaspace: 58271K(59200K)->58221K(59200K) NonClass: 50816K(51328K)->50780K(51328K) Class: 7455K(7872K)->7440K(7872K)
[16.464s][info][gc             ] GC(12) Pause Full (System.gc()) 172M->171M(3510M) 195.627ms
[16.464s][info][gc,cpu         ] GC(12) User=2.50s Sys=1.75s Real=0.20s
[17.402s][info][gc,start       ] GC(13) Pause Young (Allocation Failure)
[17.408s][info][gc,heap        ] GC(13) PSYoungGen: 2026496K(2195968K)->1152K(2244608K) Eden: 2026496K(2026496K)->0K(2058240K) From: 0K(169472K)->1152K(186368K)
[17.408s][info][gc,heap        ] GC(13) ParOldGen: 175715K(1398272K)->175723K(1398272K)
[17.408s][info][gc,metaspace   ] GC(13) Metaspace: 58329K(59200K)->58329K(59200K) NonClass: 50877K(51328K)->50877K(51328K) Class: 7451K(7872K)->7451K(7872K)
[17.408s][info][gc             ] GC(13) Pause Young (Allocation Failure) 2150M->172M(3557M) 6.260ms
[17.408s][info][gc,cpu         ] GC(13) User=0.00s Sys=0.00s Real=0.00s
[17.484s][info][gc,start       ] GC(14) Pause Young (System.gc())
[17.485s][info][gc,heap        ] GC(14) PSYoungGen: 110426K(2244608K)->1120K(2244608K) Eden: 109274K(2058240K)->0K(2058240K) From: 1152K(186368K)->1120K(186368K)
[17.485s][info][gc,heap        ] GC(14) ParOldGen: 175723K(1398272K)->175731K(1398272K)
[17.485s][info][gc,metaspace   ] GC(14) Metaspace: 58396K(59328K)->58396K(59328K) NonClass: 50944K(51456K)->50944K(51456K) Class: 7451K(7872K)->7451K(7872K)
[17.485s][info][gc             ] GC(14) Pause Young (System.gc()) 279M->172M(3557M) 0.903ms
[17.485s][info][gc,cpu         ] GC(14) User=0.00s Sys=0.00s Real=0.00s
[17.485s][info][gc,start       ] GC(15) Pause Full (System.gc())
[17.485s][info][gc,phases,start] GC(15) Marking Phase
[17.564s][info][gc,phases      ] GC(15) Marking Phase 78.787ms
[17.564s][info][gc,phases,start] GC(15) Summary Phase
[17.564s][info][gc,phases      ] GC(15) Summary Phase 0.016ms
[17.564s][info][gc,phases,start] GC(15) Adjust Roots
[17.570s][info][gc,phases      ] GC(15) Adjust Roots 5.753ms
[17.570s][info][gc,phases,start] GC(15) Compaction Phase
[17.597s][info][gc,phases      ] GC(15) Compaction Phase 26.926ms
[17.597s][info][gc,phases,start] GC(15) Post Compact
[17.598s][info][gc,phases      ] GC(15) Post Compact 1.458ms
[17.598s][info][gc,heap        ] GC(15) PSYoungGen: 1120K(2244608K)->0K(2244608K) Eden: 0K(2058240K)->0K(2058240K) From: 1120K(186368K)->0K(186368K)
[17.598s][info][gc,heap        ] GC(15) ParOldGen: 175731K(1398272K)->175749K(1398272K)
[17.598s][info][gc,metaspace   ] GC(15) Metaspace: 58396K(59328K)->58396K(59328K) NonClass: 50944K(51456K)->50944K(51456K) Class: 7451K(7872K)->7451K(7872K)
[17.598s][info][gc             ] GC(15) Pause Full (System.gc()) 172M->171M(3557M) 113.202ms
[17.598s][info][gc,cpu         ] GC(15) User=2.58s Sys=0.42s Real=0.11s
[18.377s][info][gc,start       ] GC(16) Pause Young (Allocation Failure)
[18.393s][info][gc,heap        ] GC(16) PSYoungGen: 2055931K(2244608K)->1184K(3294720K) Eden: 2055931K(2058240K)->0K(3293184K) From: 0K(186368K)->1184K(1536K)
[18.393s][info][gc,heap        ] GC(16) ParOldGen: 175749K(1398272K)->175757K(1398272K)
[18.393s][info][gc,metaspace   ] GC(16) Metaspace: 58471K(59392K)->58471K(59392K) NonClass: 51019K(51520K)->51019K(51520K) Class: 7451K(7872K)->7451K(7872K)
[18.393s][info][gc             ] GC(16) Pause Young (Allocation Failure) 2179M->172M(4583M) 15.754ms
[18.393s][info][gc,cpu         ] GC(16) User=0.39s Sys=0.06s Real=0.02s
[18.424s][info][gc,start       ] GC(17) Pause Young (System.gc())
[18.425s][info][gc,heap        ] GC(17) PSYoungGen: 115488K(3294720K)->928K(3473920K) Eden: 114304K(3293184K)->0K(3293184K) From: 1184K(1536K)->928K(180736K)
[18.425s][info][gc,heap        ] GC(17) ParOldGen: 175757K(1398272K)->176174K(1398272K)
[18.426s][info][gc,metaspace   ] GC(17) Metaspace: 58539K(59392K)->58539K(59392K) NonClass: 51088K(51520K)->51088K(51520K) Class: 7451K(7872K)->7451K(7872K)
[18.426s][info][gc             ] GC(17) Pause Young (System.gc()) 284M->172M(4758M) 1.285ms
[18.426s][info][gc,cpu         ] GC(17) User=0.00s Sys=0.00s Real=0.00s
[18.426s][info][gc,start       ] GC(18) Pause Full (System.gc())
[18.426s][info][gc,phases,start] GC(18) Marking Phase
[18.500s][info][gc,phases      ] GC(18) Marking Phase 74.505ms
[18.500s][info][gc,phases,start] GC(18) Summary Phase
[18.500s][info][gc,phases      ] GC(18) Summary Phase 0.017ms
[18.500s][info][gc,phases,start] GC(18) Adjust Roots
[18.506s][info][gc,phases      ] GC(18) Adjust Roots 6.092ms
[18.506s][info][gc,phases,start] GC(18) Compaction Phase
[18.534s][info][gc,phases      ] GC(18) Compaction Phase 27.751ms
[18.534s][info][gc,phases,start] GC(18) Post Compact
[18.536s][info][gc,phases      ] GC(18) Post Compact 1.404ms
[18.536s][info][gc,heap        ] GC(18) PSYoungGen: 928K(3473920K)->0K(3473920K) Eden: 0K(3293184K)->0K(3293184K) From: 928K(180736K)->0K(180736K)
[18.536s][info][gc,heap        ] GC(18) ParOldGen: 176174K(1398272K)->175801K(1398272K)
[18.536s][info][gc,metaspace   ] GC(18) Metaspace: 58539K(59392K)->58539K(59392K) NonClass: 51088K(51520K)->51088K(51520K) Class: 7451K(7872K)->7451K(7872K)
[18.536s][info][gc             ] GC(18) Pause Full (System.gc()) 172M->171M(4758M) 110.247ms
[18.536s][info][gc,cpu         ] GC(18) User=3.13s Sys=0.02s Real=0.13s
[19.309s][info][gc,start       ] GC(19) Pause Young (System.gc())
[19.325s][info][gc,heap        ] GC(19) PSYoungGen: 2087632K(3473920K)->1120K(3294720K) Eden: 2087632K(3293184K)->0K(3293184K) From: 0K(180736K)->1120K(1536K)
[19.325s][info][gc,heap        ] GC(19) ParOldGen: 175801K(1398272K)->175809K(1398272K)
[19.325s][info][gc,metaspace   ] GC(19) Metaspace: 58656K(59520K)->58656K(59520K) NonClass: 51203K(51648K)->51203K(51648K) Class: 7452K(7872K)->7452K(7872K)
[19.325s][info][gc             ] GC(19) Pause Young (System.gc()) 2210M->172M(4583M) 15.926ms
[19.325s][info][gc,cpu         ] GC(19) User=0.00s Sys=0.02s Real=0.02s
[19.326s][info][gc,start       ] GC(20) Pause Full (System.gc())
[19.326s][info][gc,phases,start] GC(20) Marking Phase
[19.398s][info][gc,phases      ] GC(20) Marking Phase 72.389ms
[19.398s][info][gc,phases,start] GC(20) Summary Phase
[19.398s][info][gc,phases      ] GC(20) Summary Phase 0.017ms
[19.398s][info][gc,phases,start] GC(20) Adjust Roots
[19.405s][info][gc,phases      ] GC(20) Adjust Roots 6.470ms
[19.405s][info][gc,phases,start] GC(20) Compaction Phase
[19.428s][info][gc,phases      ] GC(20) Compaction Phase 23.498ms
[19.428s][info][gc,phases,start] GC(20) Post Compact
[19.429s][info][gc,phases      ] GC(20) Post Compact 1.290ms
[19.430s][info][gc,heap        ] GC(20) PSYoungGen: 1120K(3294720K)->0K(3294720K) Eden: 0K(3293184K)->0K(3293184K) From: 1120K(1536K)->0K(1536K)
[19.430s][info][gc,heap        ] GC(20) ParOldGen: 175809K(1398272K)->175861K(1398272K)
[19.430s][info][gc,metaspace   ] GC(20) Metaspace: 58656K(59520K)->58656K(59520K) NonClass: 51203K(51648K)->51203K(51648K) Class: 7452K(7872K)->7452K(7872K)
[19.430s][info][gc             ] GC(20) Pause Full (System.gc()) 172M->171M(4583M) 103.936ms
[19.430s][info][gc,cpu         ] GC(20) User=2.25s Sys=0.38s Real=0.11s
[20.202s][info][gc,start       ] GC(21) Pause Young (System.gc())
[20.203s][info][gc,heap        ] GC(21) PSYoungGen: 2074704K(3294720K)->1120K(3463680K) Eden: 2074704K(3293184K)->0K(3293184K) From: 0K(1536K)->1120K(170496K)
[20.203s][info][gc,heap        ] GC(21) ParOldGen: 175861K(1398272K)->175869K(1398272K)
[20.203s][info][gc,metaspace   ] GC(21) Metaspace: 58747K(59584K)->58747K(59584K) NonClass: 51295K(51712K)->51295K(51712K) Class: 7452K(7872K)->7452K(7872K)
[20.203s][info][gc             ] GC(21) Pause Young (System.gc()) 2197M->172M(4748M) 1.347ms
[20.203s][info][gc,cpu         ] GC(21) User=0.02s Sys=0.02s Real=0.02s
[20.203s][info][gc,start       ] GC(22) Pause Full (System.gc())
[20.203s][info][gc,phases,start] GC(22) Marking Phase
[20.283s][info][gc,phases      ] GC(22) Marking Phase 79.399ms
[20.283s][info][gc,phases,start] GC(22) Summary Phase
[20.283s][info][gc,phases      ] GC(22) Summary Phase 0.015ms
[20.283s][info][gc,phases,start] GC(22) Adjust Roots
[20.290s][info][gc,phases      ] GC(22) Adjust Roots 6.567ms
[20.290s][info][gc,phases,start] GC(22) Compaction Phase
[20.326s][info][gc,phases      ] GC(22) Compaction Phase 36.145ms
[20.326s][info][gc,phases,start] GC(22) Post Compact
[20.327s][info][gc,phases      ] GC(22) Post Compact 1.607ms
[20.327s][info][gc,heap        ] GC(22) PSYoungGen: 1120K(3463680K)->0K(3463680K) Eden: 0K(3293184K)->0K(3293184K) From: 1120K(170496K)->0K(170496K)
[20.327s][info][gc,heap        ] GC(22) ParOldGen: 175869K(1398272K)->175906K(1398272K)
[20.328s][info][gc,metaspace   ] GC(22) Metaspace: 58747K(59584K)->58747K(59584K) NonClass: 51295K(51712K)->51295K(51712K) Class: 7452K(7872K)->7452K(7872K)
[20.328s][info][gc             ] GC(22) Pause Full (System.gc()) 172M->171M(4748M) 124.144ms
[20.328s][info][gc,cpu         ] GC(22) User=2.39s Sys=0.00s Real=0.11s
[21.146s][info][gc,start       ] GC(23) Pause Young (System.gc())
[21.149s][info][gc,heap        ] GC(23) PSYoungGen: 2055876K(3463680K)->1120K(3294720K) Eden: 2055876K(3293184K)->0K(3293184K) From: 0K(170496K)->1120K(1536K)
[21.149s][info][gc,heap        ] GC(23) ParOldGen: 175906K(1398272K)->175914K(1398272K)
[21.149s][info][gc,metaspace   ] GC(23) Metaspace: 58818K(59712K)->58818K(59712K) NonClass: 51365K(51840K)->51365K(51840K) Class: 7453K(7872K)->7453K(7872K)
[21.149s][info][gc             ] GC(23) Pause Young (System.gc()) 2179M->172M(4583M) 2.411ms
[21.149s][info][gc,cpu         ] GC(23) User=0.00s Sys=0.00s Real=0.00s
[21.149s][info][gc,start       ] GC(24) Pause Full (System.gc())
[21.149s][info][gc,phases,start] GC(24) Marking Phase
[21.230s][info][gc,phases      ] GC(24) Marking Phase 80.986ms
[21.230s][info][gc,phases,start] GC(24) Summary Phase
[21.230s][info][gc,phases      ] GC(24) Summary Phase 0.017ms
[21.230s][info][gc,phases,start] GC(24) Adjust Roots
[21.236s][info][gc,phases      ] GC(24) Adjust Roots 5.662ms
[21.236s][info][gc,phases,start] GC(24) Compaction Phase
[21.255s][info][gc,phases      ] GC(24) Compaction Phase 19.310ms
[21.255s][info][gc,phases,start] GC(24) Post Compact
[21.256s][info][gc,phases      ] GC(24) Post Compact 1.304ms
[21.257s][info][gc,heap        ] GC(24) PSYoungGen: 1120K(3294720K)->0K(3294720K) Eden: 0K(3293184K)->0K(3293184K) From: 1120K(1536K)->0K(1536K)
[21.257s][info][gc,heap        ] GC(24) ParOldGen: 175914K(1398272K)->175951K(1398272K)
[21.257s][info][gc,metaspace   ] GC(24) Metaspace: 58818K(59712K)->58818K(59712K) NonClass: 51365K(51840K)->51365K(51840K) Class: 7453K(7872K)->7453K(7872K)
[21.257s][info][gc             ] GC(24) Pause Full (System.gc()) 172M->171M(4583M) 107.567ms
[21.257s][info][gc,cpu         ] GC(24) User=2.39s Sys=0.33s Real=0.11s
[22.004s][info][gc,start       ] GC(25) Pause Young (System.gc())
[22.005s][info][gc,heap        ] GC(25) PSYoungGen: 2080411K(3294720K)->1120K(3450880K) Eden: 2080411K(3293184K)->0K(3293184K) From: 0K(1536K)->1120K(157696K)
[22.005s][info][gc,heap        ] GC(25) ParOldGen: 175951K(1398272K)->175959K(1398272K)
[22.005s][info][gc,metaspace   ] GC(25) Metaspace: 59364K(60224K)->59364K(60224K) NonClass: 51823K(52288K)->51823K(52288K) Class: 7540K(7936K)->7540K(7936K)
[22.005s][info][gc             ] GC(25) Pause Young (System.gc()) 2203M->172M(4735M) 1.268ms
[22.005s][info][gc,cpu         ] GC(25) User=0.00s Sys=0.00s Real=0.00s
[22.005s][info][gc,start       ] GC(26) Pause Full (System.gc())
[22.005s][info][gc,phases,start] GC(26) Marking Phase
[22.090s][info][gc,phases      ] GC(26) Marking Phase 84.814ms
[22.090s][info][gc,phases,start] GC(26) Summary Phase
[22.090s][info][gc,phases      ] GC(26) Summary Phase 0.014ms
[22.090s][info][gc,phases,start] GC(26) Adjust Roots
[22.097s][info][gc,phases      ] GC(26) Adjust Roots 7.139ms
[22.098s][info][gc,phases,start] GC(26) Compaction Phase
[22.119s][info][gc,phases      ] GC(26) Compaction Phase 21.533ms
[22.119s][info][gc,phases,start] GC(26) Post Compact
[22.121s][info][gc,phases      ] GC(26) Post Compact 1.454ms
[22.121s][info][gc,heap        ] GC(26) PSYoungGen: 1120K(3450880K)->0K(3450880K) Eden: 0K(3293184K)->0K(3293184K) From: 1120K(157696K)->0K(157696K)
[22.121s][info][gc,heap        ] GC(26) ParOldGen: 175959K(1398272K)->176081K(1398272K)
[22.121s][info][gc,metaspace   ] GC(26) Metaspace: 59364K(60224K)->59364K(60224K) NonClass: 51823K(52288K)->51823K(52288K) Class: 7540K(7936K)->7540K(7936K)
[22.121s][info][gc             ] GC(26) Pause Full (System.gc()) 172M->171M(4735M) 115.216ms
[22.121s][info][gc,cpu         ] GC(26) User=2.94s Sys=0.00s Real=0.11s
[22.874s][info][gc,start       ] GC(27) Pause Young (System.gc())
[22.883s][info][gc,heap        ] GC(27) PSYoungGen: 2071248K(3450880K)->1120K(3294720K) Eden: 2071248K(3293184K)->0K(3293184K) From: 0K(157696K)->1120K(1536K)
[22.883s][info][gc,heap        ] GC(27) ParOldGen: 176081K(1398272K)->176081K(1398272K)
[22.883s][info][gc,metaspace   ] GC(27) Metaspace: 59427K(60288K)->59427K(60288K) NonClass: 51886K(52352K)->51886K(52352K) Class: 7541K(7936K)->7541K(7936K)
[22.883s][info][gc             ] GC(27) Pause Young (System.gc()) 2194M->173M(4583M) 9.261ms
[22.883s][info][gc,cpu         ] GC(27) User=0.00s Sys=0.02s Real=0.02s
[22.883s][info][gc,start       ] GC(28) Pause Full (System.gc())
[22.883s][info][gc,phases,start] GC(28) Marking Phase
[22.958s][info][gc,phases      ] GC(28) Marking Phase 74.603ms
[22.958s][info][gc,phases,start] GC(28) Summary Phase
[22.958s][info][gc,phases      ] GC(28) Summary Phase 0.016ms
[22.958s][info][gc,phases,start] GC(28) Adjust Roots
[22.964s][info][gc,phases      ] GC(28) Adjust Roots 6.289ms
[22.964s][info][gc,phases,start] GC(28) Compaction Phase
[22.996s][info][gc,phases      ] GC(28) Compaction Phase 32.386ms
[22.997s][info][gc,phases,start] GC(28) Post Compact
[22.998s][info][gc,phases      ] GC(28) Post Compact 1.414ms
[22.998s][info][gc,heap        ] GC(28) PSYoungGen: 1120K(3294720K)->0K(3294720K) Eden: 0K(3293184K)->0K(3293184K) From: 1120K(1536K)->0K(1536K)
[22.998s][info][gc,heap        ] GC(28) ParOldGen: 176081K(1398272K)->176116K(1398272K)
[22.998s][info][gc,metaspace   ] GC(28) Metaspace: 59427K(60288K)->59427K(60288K) NonClass: 51886K(52352K)->51886K(52352K) Class: 7541K(7936K)->7541K(7936K)
[22.998s][info][gc             ] GC(28) Pause Full (System.gc()) 173M->171M(4583M) 114.997ms
[22.998s][info][gc,cpu         ] GC(28) User=2.63s Sys=0.00s Real=0.11s
[23.791s][info][gc,start       ] GC(29) Pause Young (System.gc())
[23.792s][info][gc,heap        ] GC(29) PSYoungGen: 2050409K(3294720K)->1120K(3437056K) Eden: 2050409K(3293184K)->0K(3293184K) From: 0K(1536K)->1120K(143872K)
[23.792s][info][gc,heap        ] GC(29) ParOldGen: 176116K(1398272K)->176124K(1398272K)
[23.792s][info][gc,metaspace   ] GC(29) Metaspace: 59493K(60352K)->59493K(60352K) NonClass: 51951K(52416K)->51951K(52416K) Class: 7542K(7936K)->7542K(7936K)
[23.792s][info][gc             ] GC(29) Pause Young (System.gc()) 2174M->173M(4722M) 1.347ms
[23.792s][info][gc,cpu         ] GC(29) User=0.00s Sys=0.00s Real=0.00s
[23.792s][info][gc,start       ] GC(30) Pause Full (System.gc())
[23.792s][info][gc,phases,start] GC(30) Marking Phase
[23.876s][info][gc,phases      ] GC(30) Marking Phase 83.565ms
[23.876s][info][gc,phases,start] GC(30) Summary Phase
[23.876s][info][gc,phases      ] GC(30) Summary Phase 0.021ms
[23.876s][info][gc,phases,start] GC(30) Adjust Roots
[23.883s][info][gc,phases      ] GC(30) Adjust Roots 6.864ms
[23.883s][info][gc,phases,start] GC(30) Compaction Phase
[23.926s][info][gc,phases      ] GC(30) Compaction Phase 43.735ms
[23.927s][info][gc,phases,start] GC(30) Post Compact
[23.928s][info][gc,phases      ] GC(30) Post Compact 1.622ms
[23.928s][info][gc,heap        ] GC(30) PSYoungGen: 1120K(3437056K)->0K(3437056K) Eden: 0K(3293184K)->0K(3293184K) From: 1120K(143872K)->0K(143872K)
[23.928s][info][gc,heap        ] GC(30) ParOldGen: 176124K(1398272K)->176160K(1398272K)
[23.928s][info][gc,metaspace   ] GC(30) Metaspace: 59493K(60352K)->59493K(60352K) NonClass: 51951K(52416K)->51951K(52416K) Class: 7542K(7936K)->7542K(7936K)
[23.928s][info][gc             ] GC(30) Pause Full (System.gc()) 173M->172M(4722M) 136.182ms
[23.928s][info][gc,cpu         ] GC(30) User=2.72s Sys=0.00s Real=0.15s
[24.722s][info][gc,start       ] GC(31) Pause Young (System.gc())
[24.736s][info][gc,heap        ] GC(31) PSYoungGen: 2060890K(3437056K)->1120K(3294720K) Eden: 2060890K(3293184K)->0K(3293184K) From: 0K(143872K)->1120K(1536K)
[24.736s][info][gc,heap        ] GC(31) ParOldGen: 176160K(1398272K)->176168K(1398272K)
[24.736s][info][gc,metaspace   ] GC(31) Metaspace: 59580K(60480K)->59580K(60480K) NonClass: 52035K(52544K)->52035K(52544K) Class: 7544K(7936K)->7544K(7936K)
[24.736s][info][gc             ] GC(31) Pause Young (System.gc()) 2184M->173M(4583M) 13.794ms
[24.736s][info][gc,cpu         ] GC(31) User=0.00s Sys=0.02s Real=0.02s
[24.736s][info][gc,start       ] GC(32) Pause Full (System.gc())
[24.736s][info][gc,phases,start] GC(32) Marking Phase
[24.812s][info][gc,phases      ] GC(32) Marking Phase 76.144ms
[24.812s][info][gc,phases,start] GC(32) Summary Phase
[24.812s][info][gc,phases      ] GC(32) Summary Phase 0.016ms
[24.812s][info][gc,phases,start] GC(32) Adjust Roots
[24.819s][info][gc,phases      ] GC(32) Adjust Roots 6.657ms
[24.819s][info][gc,phases,start] GC(32) Compaction Phase
[24.848s][info][gc,phases      ] GC(32) Compaction Phase 28.607ms
[24.848s][info][gc,phases,start] GC(32) Post Compact
[24.849s][info][gc,phases      ] GC(32) Post Compact 1.295ms
[24.849s][info][gc,heap        ] GC(32) PSYoungGen: 1120K(3294720K)->0K(3294720K) Eden: 0K(3293184K)->0K(3293184K) From: 1120K(1536K)->0K(1536K)
[24.849s][info][gc,heap        ] GC(32) ParOldGen: 176168K(1398272K)->176201K(1398272K)
[24.849s][info][gc,metaspace   ] GC(32) Metaspace: 59580K(60480K)->59580K(60480K) NonClass: 52035K(52544K)->52035K(52544K) Class: 7544K(7936K)->7544K(7936K)
[24.849s][info][gc             ] GC(32) Pause Full (System.gc()) 173M->172M(4583M) 113.021ms
[24.849s][info][gc,cpu         ] GC(32) User=2.59s Sys=0.42s Real=0.11s
[25.597s][info][gc,start       ] GC(33) Pause Young (System.gc())
[25.598s][info][gc,heap        ] GC(33) PSYoungGen: 2062294K(3294720K)->1120K(3422720K) Eden: 2062294K(3293184K)->0K(3293184K) From: 0K(1536K)->1120K(129536K)
[25.598s][info][gc,heap        ] GC(33) ParOldGen: 176201K(1398272K)->176209K(1398272K)
[25.598s][info][gc,metaspace   ] GC(33) Metaspace: 59620K(60480K)->59620K(60480K) NonClass: 52074K(52544K)->52074K(52544K) Class: 7545K(7936K)->7545K(7936K)
[25.598s][info][gc             ] GC(33) Pause Young (System.gc()) 2186M->173M(4708M) 1.468ms
[25.598s][info][gc,cpu         ] GC(33) User=0.00s Sys=0.00s Real=0.00s
[25.598s][info][gc,start       ] GC(34) Pause Full (System.gc())
[25.599s][info][gc,phases,start] GC(34) Marking Phase
[25.673s][info][gc,phases      ] GC(34) Marking Phase 74.632ms
[25.673s][info][gc,phases,start] GC(34) Summary Phase
[25.673s][info][gc,phases      ] GC(34) Summary Phase 0.017ms
[25.673s][info][gc,phases,start] GC(34) Adjust Roots
[25.680s][info][gc,phases      ] GC(34) Adjust Roots 6.922ms
[25.680s][info][gc,phases,start] GC(34) Compaction Phase
[25.715s][info][gc,phases      ] GC(34) Compaction Phase 34.583ms
[25.715s][info][gc,phases,start] GC(34) Post Compact
[25.716s][info][gc,phases      ] GC(34) Post Compact 1.626ms
[25.717s][info][gc,heap        ] GC(34) PSYoungGen: 1120K(3422720K)->0K(3422720K) Eden: 0K(3293184K)->0K(3293184K) From: 1120K(129536K)->0K(129536K)
[25.717s][info][gc,heap        ] GC(34) ParOldGen: 176209K(1398272K)->176240K(1398272K)
[25.717s][info][gc,metaspace   ] GC(34) Metaspace: 59620K(60480K)->59620K(60480K) NonClass: 52074K(52544K)->52074K(52544K) Class: 7545K(7936K)->7545K(7936K)
[25.717s][info][gc             ] GC(34) Pause Full (System.gc()) 173M->172M(4708M) 118.207ms
[25.717s][info][gc,cpu         ] GC(34) User=2.31s Sys=0.00s Real=0.11s
[26.495s][info][gc,start       ] GC(35) Pause Young (System.gc())
[26.497s][info][gc,heap        ] GC(35) PSYoungGen: 2027442K(3422720K)->1120K(3328512K) Eden: 2027442K(3293184K)->0K(3293184K) From: 0K(129536K)->1120K(35328K)
[26.497s][info][gc,heap        ] GC(35) ParOldGen: 176240K(1398272K)->176240K(1398272K)
[26.497s][info][gc,metaspace   ] GC(35) Metaspace: 59684K(60544K)->59684K(60544K) NonClass: 52137K(52608K)->52137K(52608K) Class: 7547K(7936K)->7547K(7936K)
[26.497s][info][gc             ] GC(35) Pause Young (System.gc()) 2152M->173M(4616M) 2.221ms
[26.497s][info][gc,cpu         ] GC(35) User=0.00s Sys=0.00s Real=0.00s
[26.498s][info][gc,start       ] GC(36) Pause Full (System.gc())
[26.498s][info][gc,phases,start] GC(36) Marking Phase
[26.574s][info][gc,phases      ] GC(36) Marking Phase 75.867ms
[26.574s][info][gc,phases,start] GC(36) Summary Phase
[26.574s][info][gc,phases      ] GC(36) Summary Phase 0.015ms
[26.574s][info][gc,phases,start] GC(36) Adjust Roots
[26.581s][info][gc,phases      ] GC(36) Adjust Roots 7.514ms
[26.581s][info][gc,phases,start] GC(36) Compaction Phase
[26.607s][info][gc,phases      ] GC(36) Compaction Phase 26.136ms
[26.607s][info][gc,phases,start] GC(36) Post Compact
[26.609s][info][gc,phases      ] GC(36) Post Compact 1.303ms
[26.609s][info][gc,heap        ] GC(36) PSYoungGen: 1120K(3328512K)->0K(3328512K) Eden: 0K(3293184K)->0K(3293184K) From: 1120K(35328K)->0K(35328K)
[26.609s][info][gc,heap        ] GC(36) ParOldGen: 176240K(1398272K)->176275K(1398272K)
[26.609s][info][gc,metaspace   ] GC(36) Metaspace: 59684K(60544K)->59684K(60544K) NonClass: 52137K(52608K)->52137K(52608K) Class: 7547K(7936K)->7547K(7936K)
[26.609s][info][gc             ] GC(36) Pause Full (System.gc()) 173M->172M(4616M) 111.173ms
[26.609s][info][gc,cpu         ] GC(36) User=2.48s Sys=0.03s Real=0.10s
[27.352s][info][gc,start       ] GC(37) Pause Young (System.gc())
[27.353s][info][gc,heap        ] GC(37) PSYoungGen: 2029830K(3328512K)->1120K(3294720K) Eden: 2029830K(3293184K)->0K(3293184K) From: 0K(35328K)->1120K(1536K)
[27.353s][info][gc,heap        ] GC(37) ParOldGen: 176275K(1398272K)->176283K(1398272K)
[27.353s][info][gc,metaspace   ] GC(37) Metaspace: 59722K(60608K)->59722K(60608K) NonClass: 52174K(52672K)->52174K(52672K) Class: 7548K(7936K)->7548K(7936K)
[27.353s][info][gc             ] GC(37) Pause Young (System.gc()) 2154M->173M(4583M) 1.532ms
[27.353s][info][gc,cpu         ] GC(37) User=0.00s Sys=0.00s Real=0.00s
[27.353s][info][gc,start       ] GC(38) Pause Full (System.gc())
[27.353s][info][gc,phases,start] GC(38) Marking Phase
[27.428s][info][gc,phases      ] GC(38) Marking Phase 74.894ms
[27.428s][info][gc,phases,start] GC(38) Summary Phase
[27.428s][info][gc,phases      ] GC(38) Summary Phase 0.017ms
[27.428s][info][gc,phases,start] GC(38) Adjust Roots
[27.436s][info][gc,phases      ] GC(38) Adjust Roots 7.186ms
[27.436s][info][gc,phases,start] GC(38) Compaction Phase
[27.470s][info][gc,phases      ] GC(38) Compaction Phase 34.579ms
[27.470s][info][gc,phases,start] GC(38) Post Compact
[27.472s][info][gc,phases      ] GC(38) Post Compact 1.602ms
[27.472s][info][gc,heap        ] GC(38) PSYoungGen: 1120K(3294720K)->0K(3294720K) Eden: 0K(3293184K)->0K(3293184K) From: 1120K(1536K)->0K(1536K)
[27.472s][info][gc,heap        ] GC(38) ParOldGen: 176283K(1398272K)->176312K(1398272K)
[27.472s][info][gc,metaspace   ] GC(38) Metaspace: 59722K(60608K)->59722K(60608K) NonClass: 52174K(52672K)->52174K(52672K) Class: 7548K(7936K)->7548K(7936K)
[27.472s][info][gc             ] GC(38) Pause Full (System.gc()) 173M->172M(4583M) 118.656ms
[27.472s][info][gc,cpu         ] GC(38) User=2.64s Sys=0.00s Real=0.13s
[28.220s][info][gc,start       ] GC(39) Pause Young (System.gc())
[28.221s][info][gc,heap        ] GC(39) PSYoungGen: 2033340K(3294720K)->1120K(3389440K) Eden: 2033340K(3293184K)->0K(3293184K) From: 0K(1536K)->1120K(96256K)
[28.221s][info][gc,heap        ] GC(39) ParOldGen: 176312K(1398272K)->176320K(1398272K)
[28.221s][info][gc,metaspace   ] GC(39) Metaspace: 59787K(60672K)->59787K(60672K) NonClass: 52238K(52736K)->52238K(52736K) Class: 7548K(7936K)->7548K(7936K)
[28.221s][info][gc             ] GC(39) Pause Young (System.gc()) 2157M->173M(4675M) 1.520ms
[28.221s][info][gc,cpu         ] GC(39) User=0.00s Sys=0.00s Real=0.00s
[28.221s][info][gc,start       ] GC(40) Pause Full (System.gc())
[28.221s][info][gc,phases,start] GC(40) Marking Phase
[28.297s][info][gc,phases      ] GC(40) Marking Phase 75.851ms
[28.297s][info][gc,phases,start] GC(40) Summary Phase
[28.297s][info][gc,phases      ] GC(40) Summary Phase 0.017ms
[28.297s][info][gc,phases,start] GC(40) Adjust Roots
[28.304s][info][gc,phases      ] GC(40) Adjust Roots 6.484ms
[28.304s][info][gc,phases,start] GC(40) Compaction Phase
[28.327s][info][gc,phases      ] GC(40) Compaction Phase 23.070ms
[28.327s][info][gc,phases,start] GC(40) Post Compact
[28.328s][info][gc,phases      ] GC(40) Post Compact 1.300ms
[28.328s][info][gc,heap        ] GC(40) PSYoungGen: 1120K(3389440K)->0K(3389440K) Eden: 0K(3293184K)->0K(3293184K) From: 1120K(96256K)->0K(96256K)
[28.328s][info][gc,heap        ] GC(40) ParOldGen: 176320K(1398272K)->176345K(1398272K)
[28.328s][info][gc,metaspace   ] GC(40) Metaspace: 59787K(60672K)->59787K(60672K) NonClass: 52238K(52736K)->52238K(52736K) Class: 7548K(7936K)->7548K(7936K)
[28.328s][info][gc             ] GC(40) Pause Full (System.gc()) 173M->172M(4675M) 107.111ms
[28.329s][info][gc,cpu         ] GC(40) User=2.44s Sys=0.00s Real=0.10s
[29.064s][info][gc,start       ] GC(41) Pause Young (System.gc())
[29.066s][info][gc,heap        ] GC(41) PSYoungGen: 2035500K(3389440K)->1120K(3294720K) Eden: 2035500K(3293184K)->0K(3293184K) From: 0K(96256K)->1120K(1536K)
[29.066s][info][gc,heap        ] GC(41) ParOldGen: 176345K(1398272K)->176353K(1398272K)
[29.066s][info][gc,metaspace   ] GC(41) Metaspace: 59851K(60736K)->59851K(60736K) NonClass: 52301K(52800K)->52301K(52800K) Class: 7550K(7936K)->7550K(7936K)
[29.066s][info][gc             ] GC(41) Pause Young (System.gc()) 2160M->173M(4583M) 1.611ms
[29.066s][info][gc,cpu         ] GC(41) User=0.00s Sys=0.00s Real=0.00s
[29.066s][info][gc,start       ] GC(42) Pause Full (System.gc())
[29.066s][info][gc,phases,start] GC(42) Marking Phase
[29.141s][info][gc,phases      ] GC(42) Marking Phase 74.539ms
[29.141s][info][gc,phases,start] GC(42) Summary Phase
[29.141s][info][gc,phases      ] GC(42) Summary Phase 0.015ms
[29.141s][info][gc,phases,start] GC(42) Adjust Roots
[29.148s][info][gc,phases      ] GC(42) Adjust Roots 7.588ms
[29.148s][info][gc,phases,start] GC(42) Compaction Phase
[29.184s][info][gc,phases      ] GC(42) Compaction Phase 35.287ms
[29.184s][info][gc,phases,start] GC(42) Post Compact
[29.185s][info][gc,phases      ] GC(42) Post Compact 1.574ms
[29.185s][info][gc,heap        ] GC(42) PSYoungGen: 1120K(3294720K)->0K(3294720K) Eden: 0K(3293184K)->0K(3293184K) From: 1120K(1536K)->0K(1536K)
[29.185s][info][gc,heap        ] GC(42) ParOldGen: 176353K(1398272K)->176378K(1398272K)
[29.185s][info][gc,metaspace   ] GC(42) Metaspace: 59851K(60736K)->59851K(60736K) NonClass: 52301K(52800K)->52301K(52800K) Class: 7550K(7936K)->7550K(7936K)
[29.185s][info][gc             ] GC(42) Pause Full (System.gc()) 173M->172M(4583M) 119.378ms
[29.185s][info][gc,cpu         ] GC(42) User=2.17s Sys=0.00s Real=0.11s
[29.935s][info][gc,start       ] GC(43) Pause Young (System.gc())
[29.938s][info][gc,heap        ] GC(43) PSYoungGen: 2034982K(3294720K)->1120K(3376640K) Eden: 2034982K(3293184K)->0K(3293184K) From: 0K(1536K)->1120K(83456K)
[29.939s][info][gc,heap        ] GC(43) ParOldGen: 176378K(1398272K)->176386K(1398272K)
[29.939s][info][gc,metaspace   ] GC(43) Metaspace: 59933K(60800K)->59933K(60800K) NonClass: 52380K(52864K)->52380K(52864K) Class: 7552K(7936K)->7552K(7936K)
[29.939s][info][gc             ] GC(43) Pause Young (System.gc()) 2159M->173M(4663M) 3.263ms
[29.939s][info][gc,cpu         ] GC(43) User=0.00s Sys=0.00s Real=0.00s
[29.939s][info][gc,start       ] GC(44) Pause Full (System.gc())
[29.939s][info][gc,phases,start] GC(44) Marking Phase
[30.023s][info][gc,phases      ] GC(44) Marking Phase 84.087ms
[30.023s][info][gc,phases,start] GC(44) Summary Phase
[30.023s][info][gc,phases      ] GC(44) Summary Phase 0.016ms
[30.023s][info][gc,phases,start] GC(44) Adjust Roots
[30.030s][info][gc,phases      ] GC(44) Adjust Roots 6.624ms
[30.030s][info][gc,phases,start] GC(44) Compaction Phase
[30.064s][info][gc,phases      ] GC(44) Compaction Phase 33.865ms
[30.064s][info][gc,phases,start] GC(44) Post Compact
[30.065s][info][gc,phases      ] GC(44) Post Compact 1.549ms
[30.065s][info][gc,heap        ] GC(44) PSYoungGen: 1120K(3376640K)->0K(3376640K) Eden: 0K(3293184K)->0K(3293184K) From: 1120K(83456K)->0K(83456K)
[30.065s][info][gc,heap        ] GC(44) ParOldGen: 176386K(1398272K)->176411K(1398272K)
[30.065s][info][gc,metaspace   ] GC(44) Metaspace: 59933K(60800K)->59933K(60800K) NonClass: 52380K(52864K)->52380K(52864K) Class: 7552K(7936K)->7552K(7936K)
[30.065s][info][gc             ] GC(44) Pause Full (System.gc()) 173M->172M(4663M) 126.509ms
[30.065s][info][gc,cpu         ] GC(44) User=2.64s Sys=0.00s Real=0.13s
[30.828s][info][gc,start       ] GC(45) Pause Young (System.gc())
[30.831s][info][gc,heap        ] GC(45) PSYoungGen: 2032229K(3376640K)->1120K(3294720K) Eden: 2032229K(3293184K)->0K(3293184K) From: 0K(83456K)->1120K(1536K)
[30.832s][info][gc,heap        ] GC(45) ParOldGen: 176411K(1398272K)->176411K(1398272K)
[30.832s][info][gc,metaspace   ] GC(45) Metaspace: 59969K(60800K)->59969K(60800K) NonClass: 52416K(52864K)->52416K(52864K) Class: 7552K(7936K)->7552K(7936K)
[30.832s][info][gc             ] GC(45) Pause Young (System.gc()) 2156M->173M(4583M) 3.792ms
[30.832s][info][gc,cpu         ] GC(45) User=0.00s Sys=0.00s Real=0.00s
[30.832s][info][gc,start       ] GC(46) Pause Full (System.gc())
[30.832s][info][gc,phases,start] GC(46) Marking Phase
[30.915s][info][gc,phases      ] GC(46) Marking Phase 83.090ms
[30.915s][info][gc,phases,start] GC(46) Summary Phase
[30.915s][info][gc,phases      ] GC(46) Summary Phase 0.016ms
[30.915s][info][gc,phases,start] GC(46) Adjust Roots
[30.923s][info][gc,phases      ] GC(46) Adjust Roots 8.112ms
[30.923s][info][gc,phases,start] GC(46) Compaction Phase
[30.954s][info][gc,phases      ] GC(46) Compaction Phase 31.289ms
[30.955s][info][gc,phases,start] GC(46) Post Compact
[30.956s][info][gc,phases      ] GC(46) Post Compact 1.618ms
[30.956s][info][gc,heap        ] GC(46) PSYoungGen: 1120K(3294720K)->0K(3294720K) Eden: 0K(3293184K)->0K(3293184K) From: 1120K(1536K)->0K(1536K)
[30.956s][info][gc,heap        ] GC(46) ParOldGen: 176411K(1398272K)->176444K(1398272K)
[30.956s][info][gc,metaspace   ] GC(46) Metaspace: 59969K(60800K)->59969K(60800K) NonClass: 52416K(52864K)->52416K(52864K) Class: 7552K(7936K)->7552K(7936K)
[30.956s][info][gc             ] GC(46) Pause Full (System.gc()) 173M->172M(4583M) 124.509ms
[30.956s][info][gc,cpu         ] GC(46) User=3.13s Sys=0.00s Real=0.13s
[31.727s][info][gc,start       ] GC(47) Pause Young (System.gc())
[31.730s][info][gc,heap        ] GC(47) PSYoungGen: 2044540K(3294720K)->1120K(3365888K) Eden: 2044540K(3293184K)->0K(3293184K) From: 0K(1536K)->1120K(72704K)
[31.730s][info][gc,heap        ] GC(47) ParOldGen: 176444K(1398272K)->176452K(1398272K)
[31.730s][info][gc,metaspace   ] GC(47) Metaspace: 60018K(60864K)->60018K(60864K) NonClass: 52465K(52928K)->52465K(52928K) Class: 7552K(7936K)->7552K(7936K)
[31.730s][info][gc             ] GC(47) Pause Young (System.gc()) 2168M->173M(4652M) 2.560ms
[31.730s][info][gc,cpu         ] GC(47) User=0.00s Sys=0.02s Real=0.02s
[31.730s][info][gc,start       ] GC(48) Pause Full (System.gc())
[31.730s][info][gc,phases,start] GC(48) Marking Phase
[31.805s][info][gc,phases      ] GC(48) Marking Phase 75.065ms
[31.805s][info][gc,phases,start] GC(48) Summary Phase
[31.805s][info][gc,phases      ] GC(48) Summary Phase 0.016ms
[31.805s][info][gc,phases,start] GC(48) Adjust Roots
[31.813s][info][gc,phases      ] GC(48) Adjust Roots 7.297ms
[31.813s][info][gc,phases,start] GC(48) Compaction Phase
[31.841s][info][gc,phases      ] GC(48) Compaction Phase 28.282ms
[31.841s][info][gc,phases,start] GC(48) Post Compact
[31.842s][info][gc,phases      ] GC(48) Post Compact 1.337ms
[31.843s][info][gc,heap        ] GC(48) PSYoungGen: 1120K(3365888K)->0K(3365888K) Eden: 0K(3293184K)->0K(3293184K) From: 1120K(72704K)->0K(72704K)
[31.843s][info][gc,heap        ] GC(48) ParOldGen: 176452K(1398272K)->176465K(1398272K)
[31.843s][info][gc,metaspace   ] GC(48) Metaspace: 60018K(60864K)->60018K(60864K) NonClass: 52465K(52928K)->52465K(52928K) Class: 7552K(7936K)->7552K(7936K)
[31.843s][info][gc             ] GC(48) Pause Full (System.gc()) 173M->172M(4652M) 112.317ms
[31.843s][info][gc,cpu         ] GC(48) User=2.59s Sys=0.03s Real=0.11s
[32.583s][info][gc,start       ] GC(49) Pause Young (System.gc())
[32.584s][info][gc,heap        ] GC(49) PSYoungGen: 2038343K(3365888K)->1120K(3294720K) Eden: 2038343K(3293184K)->0K(3293184K) From: 0K(72704K)->1120K(1536K)
[32.584s][info][gc,heap        ] GC(49) ParOldGen: 176465K(1398272K)->176473K(1398272K)
[32.584s][info][gc,metaspace   ] GC(49) Metaspace: 60054K(60992K)->60054K(60992K) NonClass: 52500K(53056K)->52500K(53056K) Class: 7553K(7936K)->7553K(7936K)
[32.584s][info][gc             ] GC(49) Pause Young (System.gc()) 2162M->173M(4583M) 1.444ms
[32.584s][info][gc,cpu         ] GC(49) User=0.00s Sys=0.00s Real=0.00s
[32.584s][info][gc,start       ] GC(50) Pause Full (System.gc())
[32.584s][info][gc,phases,start] GC(50) Marking Phase
[32.663s][info][gc,phases      ] GC(50) Marking Phase 78.392ms
[32.663s][info][gc,phases,start] GC(50) Summary Phase
[32.663s][info][gc,phases      ] GC(50) Summary Phase 0.017ms
[32.663s][info][gc,phases,start] GC(50) Adjust Roots
[32.671s][info][gc,phases      ] GC(50) Adjust Roots 8.113ms
[32.671s][info][gc,phases,start] GC(50) Compaction Phase
[32.704s][info][gc,phases      ] GC(50) Compaction Phase 33.093ms
[32.704s][info][gc,phases,start] GC(50) Post Compact
[32.706s][info][gc,phases      ] GC(50) Post Compact 1.268ms
[32.706s][info][gc,heap        ] GC(50) PSYoungGen: 1120K(3294720K)->0K(3294720K) Eden: 0K(3293184K)->0K(3293184K) From: 1120K(1536K)->0K(1536K)
[32.706s][info][gc,heap        ] GC(50) ParOldGen: 176473K(1398272K)->176497K(1398272K)
[32.706s][info][gc,metaspace   ] GC(50) Metaspace: 60054K(60992K)->60054K(60992K) NonClass: 52500K(53056K)->52500K(53056K) Class: 7553K(7936K)->7553K(7936K)
[32.706s][info][gc             ] GC(50) Pause Full (System.gc()) 173M->172M(4583M) 121.178ms
[32.706s][info][gc,cpu         ] GC(50) User=2.63s Sys=0.00s Real=0.13s
[33.455s][info][gc,start       ] GC(51) Pause Young (System.gc())
[33.457s][info][gc,heap        ] GC(51) PSYoungGen: 2036850K(3294720K)->1120K(3356160K) Eden: 2036850K(3293184K)->0K(3293184K) From: 0K(1536K)->1120K(62976K)
[33.457s][info][gc,heap        ] GC(51) ParOldGen: 176497K(1398272K)->176505K(1398272K)
[33.457s][info][gc,metaspace   ] GC(51) Metaspace: 60099K(60992K)->60099K(60992K) NonClass: 52545K(53056K)->52545K(53056K) Class: 7553K(7936K)->7553K(7936K)
[33.457s][info][gc             ] GC(51) Pause Young (System.gc()) 2161M->173M(4643M) 1.498ms
[33.457s][info][gc,cpu         ] GC(51) User=0.00s Sys=0.00s Real=0.00s
[33.457s][info][gc,start       ] GC(52) Pause Full (System.gc())
[33.457s][info][gc,phases,start] GC(52) Marking Phase
[33.531s][info][gc,phases      ] GC(52) Marking Phase 73.417ms
[33.531s][info][gc,phases,start] GC(52) Summary Phase
[33.531s][info][gc,phases      ] GC(52) Summary Phase 0.016ms
[33.531s][info][gc,phases,start] GC(52) Adjust Roots
[33.538s][info][gc,phases      ] GC(52) Adjust Roots 7.177ms
[33.538s][info][gc,phases,start] GC(52) Compaction Phase
[33.573s][info][gc,phases      ] GC(52) Compaction Phase 34.741ms
[33.573s][info][gc,phases,start] GC(52) Post Compact
[33.574s][info][gc,phases      ] GC(52) Post Compact 1.589ms
[33.574s][info][gc,heap        ] GC(52) PSYoungGen: 1120K(3356160K)->0K(3356160K) Eden: 0K(3293184K)->0K(3293184K) From: 1120K(62976K)->0K(62976K)
[33.574s][info][gc,heap        ] GC(52) ParOldGen: 176505K(1398272K)->176539K(1398272K)
[33.574s][info][gc,metaspace   ] GC(52) Metaspace: 60099K(60992K)->60099K(60992K) NonClass: 52545K(53056K)->52545K(53056K) Class: 7553K(7936K)->7553K(7936K)
[33.574s][info][gc             ] GC(52) Pause Full (System.gc()) 173M->172M(4643M) 117.302ms
[33.574s][info][gc,cpu         ] GC(52) User=2.67s Sys=0.00s Real=0.11s
[34.342s][info][gc,start       ] GC(53) Pause Young (System.gc())
[34.343s][info][gc,heap        ] GC(53) PSYoungGen: 2035010K(3356160K)->1120K(3294720K) Eden: 2035010K(3293184K)->0K(3293184K) From: 0K(62976K)->1120K(1536K)
[34.343s][info][gc,heap        ] GC(53) ParOldGen: 176539K(1398272K)->176547K(1398272K)
[34.343s][info][gc,metaspace   ] GC(53) Metaspace: 60144K(61056K)->60144K(61056K) NonClass: 52589K(53120K)->52589K(53120K) Class: 7554K(7936K)->7554K(7936K)
[34.343s][info][gc             ] GC(53) Pause Young (System.gc()) 2159M->173M(4583M) 1.378ms
[34.344s][info][gc,cpu         ] GC(53) User=0.00s Sys=0.00s Real=0.00s
[34.344s][info][gc,start       ] GC(54) Pause Full (System.gc())
[34.344s][info][gc,phases,start] GC(54) Marking Phase
[34.442s][info][gc,phases      ] GC(54) Marking Phase 98.319ms
[34.442s][info][gc,phases,start] GC(54) Summary Phase
[34.442s][info][gc,phases      ] GC(54) Summary Phase 0.015ms
[34.442s][info][gc,phases,start] GC(54) Adjust Roots
[34.450s][info][gc,phases      ] GC(54) Adjust Roots 7.464ms
[34.450s][info][gc,phases,start] GC(54) Compaction Phase
[34.480s][info][gc,phases      ] GC(54) Compaction Phase 30.682ms
[34.480s][info][gc,phases,start] GC(54) Post Compact
[34.482s][info][gc,phases      ] GC(54) Post Compact 1.529ms
[34.482s][info][gc,heap        ] GC(54) PSYoungGen: 1120K(3294720K)->0K(3294720K) Eden: 0K(3293184K)->0K(3293184K) From: 1120K(1536K)->0K(1536K)
[34.482s][info][gc,heap        ] GC(54) ParOldGen: 176547K(1398272K)->176571K(1398272K)
[34.482s][info][gc,metaspace   ] GC(54) Metaspace: 60144K(61056K)->60144K(61056K) NonClass: 52589K(53120K)->52589K(53120K) Class: 7554K(7936K)->7554K(7936K)
[34.482s][info][gc             ] GC(54) Pause Full (System.gc()) 173M->172M(4583M) 138.354ms
[34.482s][info][gc,cpu         ] GC(54) User=2.66s Sys=0.00s Real=0.14s
[35.231s][info][gc,start       ] GC(55) Pause Young (System.gc())
[35.232s][info][gc,heap        ] GC(55) PSYoungGen: 2037080K(3294720K)->1120K(3348480K) Eden: 2037080K(3293184K)->0K(3293184K) From: 0K(1536K)->1120K(55296K)
[35.232s][info][gc,heap        ] GC(55) ParOldGen: 176571K(1398272K)->176579K(1398272K)
[35.232s][info][gc,metaspace   ] GC(55) Metaspace: 60299K(61184K)->60299K(61184K) NonClass: 52743K(53248K)->52743K(53248K) Class: 7556K(7936K)->7556K(7936K)
[35.232s][info][gc             ] GC(55) Pause Young (System.gc()) 2161M->173M(4635M) 1.351ms
[35.232s][info][gc,cpu         ] GC(55) User=0.00s Sys=0.00s Real=0.00s
[35.232s][info][gc,start       ] GC(56) Pause Full (System.gc())
[35.232s][info][gc,phases,start] GC(56) Marking Phase
[35.311s][info][gc,phases      ] GC(56) Marking Phase 79.049ms
[35.311s][info][gc,phases,start] GC(56) Summary Phase
[35.311s][info][gc,phases      ] GC(56) Summary Phase 0.017ms
[35.311s][info][gc,phases,start] GC(56) Adjust Roots
[35.319s][info][gc,phases      ] GC(56) Adjust Roots 8.228ms
[35.320s][info][gc,phases,start] GC(56) Compaction Phase
[35.348s][info][gc,phases      ] GC(56) Compaction Phase 28.891ms
[35.348s][info][gc,phases,start] GC(56) Post Compact
[35.350s][info][gc,phases      ] GC(56) Post Compact 1.535ms
[35.350s][info][gc,heap        ] GC(56) PSYoungGen: 1120K(3348480K)->0K(3348480K) Eden: 0K(3293184K)->0K(3293184K) From: 1120K(55296K)->0K(55296K)
[35.350s][info][gc,heap        ] GC(56) ParOldGen: 176579K(1398272K)->176605K(1398272K)
[35.350s][info][gc,metaspace   ] GC(56) Metaspace: 60299K(61184K)->60299K(61184K) NonClass: 52743K(53248K)->52743K(53248K) Class: 7556K(7936K)->7556K(7936K)
[35.350s][info][gc             ] GC(56) Pause Full (System.gc()) 173M->172M(4635M) 118.067ms
[35.350s][info][gc,cpu         ] GC(56) User=2.13s Sys=0.00s Real=0.13s
[36.102s][info][gc,start       ] GC(57) Pause Young (System.gc())
[36.104s][info][gc,heap        ] GC(57) PSYoungGen: 2005347K(3348480K)->1120K(3294720K) Eden: 2005347K(3293184K)->0K(3293184K) From: 0K(55296K)->1120K(1536K)
[36.104s][info][gc,heap        ] GC(57) ParOldGen: 176605K(1398272K)->176613K(1398272K)
[36.104s][info][gc,metaspace   ] GC(57) Metaspace: 60379K(61248K)->60379K(61248K) NonClass: 52823K(53312K)->52823K(53312K) Class: 7556K(7936K)->7556K(7936K)
[36.104s][info][gc             ] GC(57) Pause Young (System.gc()) 2130M->173M(4583M) 2.060ms
[36.104s][info][gc,cpu         ] GC(57) User=0.00s Sys=0.00s Real=0.00s
[36.104s][info][gc,start       ] GC(58) Pause Full (System.gc())
[36.104s][info][gc,phases,start] GC(58) Marking Phase
[36.194s][info][gc,phases      ] GC(58) Marking Phase 89.858ms
[36.194s][info][gc,phases,start] GC(58) Summary Phase
[36.194s][info][gc,phases      ] GC(58) Summary Phase 0.016ms
[36.194s][info][gc,phases,start] GC(58) Adjust Roots
[36.202s][info][gc,phases      ] GC(58) Adjust Roots 7.966ms
[36.202s][info][gc,phases,start] GC(58) Compaction Phase
[36.240s][info][gc,phases      ] GC(58) Compaction Phase 37.520ms
[36.240s][info][gc,phases,start] GC(58) Post Compact
[36.241s][info][gc,phases      ] GC(58) Post Compact 1.657ms
[36.241s][info][gc,heap        ] GC(58) PSYoungGen: 1120K(3294720K)->0K(3294720K) Eden: 0K(3293184K)->0K(3293184K) From: 1120K(1536K)->0K(1536K)
[36.241s][info][gc,heap        ] GC(58) ParOldGen: 176613K(1398272K)->176641K(1398272K)
[36.242s][info][gc,metaspace   ] GC(58) Metaspace: 60379K(61248K)->60379K(61248K) NonClass: 52823K(53312K)->52823K(53312K) Class: 7556K(7936K)->7556K(7936K)
[36.242s][info][gc             ] GC(58) Pause Full (System.gc()) 173M->172M(4583M) 137.441ms
[36.242s][info][gc,cpu         ] GC(58) User=2.36s Sys=0.00s Real=0.14s
[36.993s][info][gc,start       ] GC(59) Pause Young (System.gc())
[36.996s][info][gc,heap        ] GC(59) PSYoungGen: 2036878K(3294720K)->1120K(3340800K) Eden: 2036878K(3293184K)->0K(3293184K) From: 0K(1536K)->1120K(47616K)
[36.996s][info][gc,heap        ] GC(59) ParOldGen: 176641K(1398272K)->176641K(1398272K)
[36.996s][info][gc,metaspace   ] GC(59) Metaspace: 60436K(61312K)->60436K(61312K) NonClass: 52879K(53376K)->52879K(53376K) Class: 7556K(7936K)->7556K(7936K)
[36.996s][info][gc             ] GC(59) Pause Young (System.gc()) 2161M->173M(4628M) 2.727ms
[36.996s][info][gc,cpu         ] GC(59) User=0.00s Sys=0.00s Real=0.00s
[36.996s][info][gc,start       ] GC(60) Pause Full (System.gc())
[36.996s][info][gc,phases,start] GC(60) Marking Phase
[37.084s][info][gc,phases      ] GC(60) Marking Phase 87.617ms
[37.084s][info][gc,phases,start] GC(60) Summary Phase
[37.084s][info][gc,phases      ] GC(60) Summary Phase 0.016ms
[37.084s][info][gc,phases,start] GC(60) Adjust Roots
[37.093s][info][gc,phases      ] GC(60) Adjust Roots 8.764ms
[37.093s][info][gc,phases,start] GC(60) Compaction Phase
[37.118s][info][gc,phases      ] GC(60) Compaction Phase 25.090ms
[37.118s][info][gc,phases,start] GC(60) Post Compact
[37.119s][info][gc,phases      ] GC(60) Post Compact 1.293ms
[37.119s][info][gc,heap        ] GC(60) PSYoungGen: 1120K(3340800K)->0K(3340800K) Eden: 0K(3293184K)->0K(3293184K) From: 1120K(47616K)->0K(47616K)
[37.119s][info][gc,heap        ] GC(60) ParOldGen: 176641K(1398272K)->176673K(1398272K)
[37.119s][info][gc,metaspace   ] GC(60) Metaspace: 60436K(61312K)->60436K(61312K) NonClass: 52879K(53376K)->52879K(53376K) Class: 7556K(7936K)->7556K(7936K)
[37.119s][info][gc             ] GC(60) Pause Full (System.gc()) 173M->172M(4628M) 123.056ms
[37.119s][info][gc,cpu         ] GC(60) User=3.28s Sys=0.36s Real=0.13s
[37.865s][info][gc,start       ] GC(61) Pause Young (System.gc())
[37.868s][info][gc,heap        ] GC(61) PSYoungGen: 2040053K(3340800K)->1120K(3294720K) Eden: 2040053K(3293184K)->0K(3293184K) From: 0K(47616K)->1120K(1536K)
[37.868s][info][gc,heap        ] GC(61) ParOldGen: 176673K(1398272K)->176681K(1398272K)
[37.868s][info][gc,metaspace   ] GC(61) Metaspace: 60488K(61376K)->60488K(61376K) NonClass: 52931K(53440K)->52931K(53440K) Class: 7556K(7936K)->7556K(7936K)
[37.868s][info][gc             ] GC(61) Pause Young (System.gc()) 2164M->173M(4583M) 3.184ms
[37.868s][info][gc,cpu         ] GC(61) User=0.00s Sys=0.00s Real=0.00s
[37.868s][info][gc,start       ] GC(62) Pause Full (System.gc())
[37.868s][info][gc,phases,start] GC(62) Marking Phase
[37.949s][info][gc,phases      ] GC(62) Marking Phase 80.284ms
[37.949s][info][gc,phases,start] GC(62) Summary Phase
[37.949s][info][gc,phases      ] GC(62) Summary Phase 0.017ms
[37.949s][info][gc,phases,start] GC(62) Adjust Roots
[37.958s][info][gc,phases      ] GC(62) Adjust Roots 9.189ms
[37.958s][info][gc,phases,start] GC(62) Compaction Phase
[37.992s][info][gc,phases      ] GC(62) Compaction Phase 33.484ms
[37.992s][info][gc,phases,start] GC(62) Post Compact
[37.993s][info][gc,phases      ] GC(62) Post Compact 1.634ms
[37.993s][info][gc,heap        ] GC(62) PSYoungGen: 1120K(3294720K)->0K(3294720K) Eden: 0K(3293184K)->0K(3293184K) From: 1120K(1536K)->0K(1536K)
[37.993s][info][gc,heap        ] GC(62) ParOldGen: 176681K(1398272K)->176705K(1398272K)
[37.993s][info][gc,metaspace   ] GC(62) Metaspace: 60488K(61376K)->60488K(61376K) NonClass: 52931K(53440K)->52931K(53440K) Class: 7556K(7936K)->7556K(7936K)
[37.993s][info][gc             ] GC(62) Pause Full (System.gc()) 173M->172M(4583M) 125.055ms
[37.994s][info][gc,cpu         ] GC(62) User=3.13s Sys=0.00s Real=0.12s
[38.764s][info][gc,start       ] GC(63) Pause Young (System.gc())
[38.766s][info][gc,heap        ] GC(63) PSYoungGen: 2011173K(3294720K)->1120K(3333632K) Eden: 2011173K(3293184K)->0K(3293184K) From: 0K(1536K)->1120K(40448K)
[38.766s][info][gc,heap        ] GC(63) ParOldGen: 176705K(1398272K)->176713K(1398272K)
[38.766s][info][gc,metaspace   ] GC(63) Metaspace: 60609K(61504K)->60609K(61504K) NonClass: 53049K(53568K)->53049K(53568K) Class: 7560K(7936K)->7560K(7936K)
[38.767s][info][gc             ] GC(63) Pause Young (System.gc()) 2136M->173M(4621M) 2.695ms
[38.767s][info][gc,cpu         ] GC(63) User=0.53s Sys=0.00s Real=0.02s
[38.767s][info][gc,start       ] GC(64) Pause Full (System.gc())
[38.767s][info][gc,phases,start] GC(64) Marking Phase
[38.845s][info][gc,phases      ] GC(64) Marking Phase 78.669ms
[38.846s][info][gc,phases,start] GC(64) Summary Phase
[38.846s][info][gc,phases      ] GC(64) Summary Phase 0.017ms
[38.846s][info][gc,phases,start] GC(64) Adjust Roots
[38.856s][info][gc,phases      ] GC(64) Adjust Roots 9.968ms
[38.856s][info][gc,phases,start] GC(64) Compaction Phase
[38.897s][info][gc,phases      ] GC(64) Compaction Phase 41.135ms
[38.897s][info][gc,phases,start] GC(64) Post Compact
[38.898s][info][gc,phases      ] GC(64) Post Compact 1.638ms
[38.899s][info][gc,heap        ] GC(64) PSYoungGen: 1120K(3333632K)->0K(3333632K) Eden: 0K(3293184K)->0K(3293184K) From: 1120K(40448K)->0K(40448K)
[38.899s][info][gc,heap        ] GC(64) ParOldGen: 176713K(1398272K)->176740K(1398272K)
[38.899s][info][gc,metaspace   ] GC(64) Metaspace: 60609K(61504K)->60609K(61504K) NonClass: 53049K(53568K)->53049K(53568K) Class: 7560K(7936K)->7560K(7936K)
[38.899s][info][gc             ] GC(64) Pause Full (System.gc()) 173M->172M(4621M) 131.842ms
[38.899s][info][gc,cpu         ] GC(64) User=2.63s Sys=0.00s Real=0.13s
[39.654s][info][gc,start       ] GC(65) Pause Young (System.gc())
[39.657s][info][gc,heap        ] GC(65) PSYoungGen: 2012855K(3333632K)->1120K(3294720K) Eden: 2012855K(3293184K)->0K(3293184K) From: 0K(40448K)->1120K(1536K)
[39.657s][info][gc,heap        ] GC(65) ParOldGen: 176740K(1398272K)->176740K(1398272K)
[39.657s][info][gc,metaspace   ] GC(65) Metaspace: 60616K(61504K)->60616K(61504K) NonClass: 53055K(53568K)->53055K(53568K) Class: 7560K(7936K)->7560K(7936K)
[39.657s][info][gc             ] GC(65) Pause Young (System.gc()) 2138M->173M(4583M) 2.959ms
[39.657s][info][gc,cpu         ] GC(65) User=0.00s Sys=0.00s Real=0.00s
[39.657s][info][gc,start       ] GC(66) Pause Full (System.gc())
[39.657s][info][gc,phases,start] GC(66) Marking Phase
[39.736s][info][gc,phases      ] GC(66) Marking Phase 78.593ms
[39.736s][info][gc,phases,start] GC(66) Summary Phase
[39.736s][info][gc,phases      ] GC(66) Summary Phase 0.015ms
[39.736s][info][gc,phases,start] GC(66) Adjust Roots
[39.745s][info][gc,phases      ] GC(66) Adjust Roots 8.915ms
[39.745s][info][gc,phases,start] GC(66) Compaction Phase
[39.781s][info][gc,phases      ] GC(66) Compaction Phase 36.574ms
[39.781s][info][gc,phases,start] GC(66) Post Compact
[39.783s][info][gc,phases      ] GC(66) Post Compact 1.340ms
[39.783s][info][gc,heap        ] GC(66) PSYoungGen: 1120K(3294720K)->0K(3294720K) Eden: 0K(3293184K)->0K(3293184K) From: 1120K(1536K)->0K(1536K)
[39.783s][info][gc,heap        ] GC(66) ParOldGen: 176740K(1398272K)->176772K(1398272K)
[39.783s][info][gc,metaspace   ] GC(66) Metaspace: 60616K(61504K)->60616K(61504K) NonClass: 53055K(53568K)->53055K(53568K) Class: 7560K(7936K)->7560K(7936K)
[39.783s][info][gc             ] GC(66) Pause Full (System.gc()) 173M->172M(4583M) 125.721ms
[39.783s][info][gc,cpu         ] GC(66) User=2.63s Sys=0.00s Real=0.13s
[40.516s][info][gc,start       ] GC(67) Pause Young (System.gc())
[40.518s][info][gc,heap        ] GC(67) PSYoungGen: 2008465K(3294720K)->1120K(3328000K) Eden: 2008465K(3293184K)->0K(3293184K) From: 0K(1536K)->1120K(34816K)
[40.518s][info][gc,heap        ] GC(67) ParOldGen: 176772K(1398272K)->176780K(1398272K)
[40.518s][info][gc,metaspace   ] GC(67) Metaspace: 60635K(61504K)->60635K(61504K) NonClass: 53074K(53568K)->53074K(53568K) Class: 7560K(7936K)->7560K(7936K)
[40.518s][info][gc             ] GC(67) Pause Young (System.gc()) 2134M->173M(4615M) 2.272ms
[40.518s][info][gc,cpu         ] GC(67) User=0.00s Sys=0.00s Real=0.00s
[40.518s][info][gc,start       ] GC(68) Pause Full (System.gc())
[40.518s][info][gc,phases,start] GC(68) Marking Phase
[40.595s][info][gc,phases      ] GC(68) Marking Phase 77.252ms
[40.595s][info][gc,phases,start] GC(68) Summary Phase
[40.595s][info][gc,phases      ] GC(68) Summary Phase 0.016ms
[40.595s][info][gc,phases,start] GC(68) Adjust Roots
[40.604s][info][gc,phases      ] GC(68) Adjust Roots 8.663ms
[40.604s][info][gc,phases,start] GC(68) Compaction Phase
[40.642s][info][gc,phases      ] GC(68) Compaction Phase 37.869ms
[40.642s][info][gc,phases,start] GC(68) Post Compact
[40.644s][info][gc,phases      ] GC(68) Post Compact 1.650ms
[40.644s][info][gc,heap        ] GC(68) PSYoungGen: 1120K(3328000K)->0K(3328000K) Eden: 0K(3293184K)->0K(3293184K) From: 1120K(34816K)->0K(34816K)
[40.644s][info][gc,heap        ] GC(68) ParOldGen: 176780K(1398272K)->176801K(1398272K)
[40.644s][info][gc,metaspace   ] GC(68) Metaspace: 60635K(61504K)->60635K(61504K) NonClass: 53074K(53568K)->53074K(53568K) Class: 7560K(7936K)->7560K(7936K)
[40.644s][info][gc             ] GC(68) Pause Full (System.gc()) 173M->172M(4615M) 125.826ms
[40.644s][info][gc,cpu         ] GC(68) User=2.63s Sys=0.00s Real=0.13s
[41.397s][info][gc,start       ] GC(69) Pause Young (System.gc())
[41.400s][info][gc,heap        ] GC(69) PSYoungGen: 2011058K(3328000K)->1120K(3294720K) Eden: 2011058K(3293184K)->0K(3293184K) From: 0K(34816K)->1120K(1536K)
[41.400s][info][gc,heap        ] GC(69) ParOldGen: 176801K(1398272K)->176809K(1398272K)
[41.400s][info][gc,metaspace   ] GC(69) Metaspace: 60670K(61568K)->60670K(61568K) NonClass: 53109K(53632K)->53109K(53632K) Class: 7560K(7936K)->7560K(7936K)
[41.400s][info][gc             ] GC(69) Pause Young (System.gc()) 2136M->173M(4583M) 3.005ms
[41.400s][info][gc,cpu         ] GC(69) User=0.00s Sys=0.00s Real=0.00s
[41.400s][info][gc,start       ] GC(70) Pause Full (System.gc())
[41.400s][info][gc,phases,start] GC(70) Marking Phase
[41.475s][info][gc,phases      ] GC(70) Marking Phase 75.097ms
[41.476s][info][gc,phases,start] GC(70) Summary Phase
[41.476s][info][gc,phases      ] GC(70) Summary Phase 0.016ms
[41.476s][info][gc,phases,start] GC(70) Adjust Roots
[41.484s][info][gc,phases      ] GC(70) Adjust Roots 8.122ms
[41.484s][info][gc,phases,start] GC(70) Compaction Phase
[41.519s][info][gc,phases      ] GC(70) Compaction Phase 34.964ms
[41.519s][info][gc,phases,start] GC(70) Post Compact
[41.520s][info][gc,phases      ] GC(70) Post Compact 1.560ms
[41.520s][info][gc,heap        ] GC(70) PSYoungGen: 1120K(3294720K)->0K(3294720K) Eden: 0K(3293184K)->0K(3293184K) From: 1120K(1536K)->0K(1536K)
[41.520s][info][gc,heap        ] GC(70) ParOldGen: 176809K(1398272K)->176826K(1398272K)
[41.520s][info][gc,metaspace   ] GC(70) Metaspace: 60670K(61568K)->60670K(61568K) NonClass: 53109K(53632K)->53109K(53632K) Class: 7560K(7936K)->7560K(7936K)
[41.521s][info][gc             ] GC(70) Pause Full (System.gc()) 173M->172M(4583M) 120.143ms
[41.521s][info][gc,cpu         ] GC(70) User=2.67s Sys=0.00s Real=0.13s
[42.277s][info][gc,start       ] GC(71) Pause Young (System.gc())
[42.279s][info][gc,heap        ] GC(71) PSYoungGen: 2005548K(3294720K)->1120K(3322880K) Eden: 2005548K(3293184K)->0K(3293184K) From: 0K(1536K)->1120K(29696K)
[42.279s][info][gc,heap        ] GC(71) ParOldGen: 176826K(1398272K)->176834K(1398272K)
[42.279s][info][gc,metaspace   ] GC(71) Metaspace: 60741K(61632K)->60741K(61632K) NonClass: 53180K(53696K)->53180K(53696K) Class: 7560K(7936K)->7560K(7936K)
[42.279s][info][gc             ] GC(71) Pause Young (System.gc()) 2131M->173M(4610M) 2.300ms
[42.279s][info][gc,cpu         ] GC(71) User=0.00s Sys=0.00s Real=0.00s
[42.280s][info][gc,start       ] GC(72) Pause Full (System.gc())
[42.280s][info][gc,phases,start] GC(72) Marking Phase
[42.373s][info][gc,phases      ] GC(72) Marking Phase 93.700ms
[42.373s][info][gc,phases,start] GC(72) Summary Phase
[42.373s][info][gc,phases      ] GC(72) Summary Phase 0.015ms
[42.373s][info][gc,phases,start] GC(72) Adjust Roots
[42.383s][info][gc,phases      ] GC(72) Adjust Roots 9.498ms
[42.383s][info][gc,phases,start] GC(72) Compaction Phase
[42.414s][info][gc,phases      ] GC(72) Compaction Phase 31.058ms
[42.414s][info][gc,phases,start] GC(72) Post Compact
[42.416s][info][gc,phases      ] GC(72) Post Compact 1.669ms
[42.416s][info][gc,heap        ] GC(72) PSYoungGen: 1120K(3322880K)->0K(3322880K) Eden: 0K(3293184K)->0K(3293184K) From: 1120K(29696K)->0K(29696K)
[42.416s][info][gc,heap        ] GC(72) ParOldGen: 176834K(1398272K)->176857K(1398272K)
[42.416s][info][gc,metaspace   ] GC(72) Metaspace: 60741K(61632K)->60741K(61632K) NonClass: 53180K(53696K)->53180K(53696K) Class: 7560K(7936K)->7560K(7936K)
[42.416s][info][gc             ] GC(72) Pause Full (System.gc()) 173M->172M(4610M) 136.385ms
[42.416s][info][gc,cpu         ] GC(72) User=3.16s Sys=0.00s Real=0.14s
[43.190s][info][gc,start       ] GC(73) Pause Young (System.gc())
[43.192s][info][gc,heap        ] GC(73) PSYoungGen: 2002646K(3322880K)->1120K(3294720K) Eden: 2002646K(3293184K)->0K(3293184K) From: 0K(29696K)->1120K(1536K)
[43.192s][info][gc,heap        ] GC(73) ParOldGen: 176857K(1398272K)->176865K(1398272K)
[43.192s][info][gc,metaspace   ] GC(73) Metaspace: 60771K(61632K)->60771K(61632K) NonClass: 53210K(53696K)->53210K(53696K) Class: 7560K(7936K)->7560K(7936K)
[43.192s][info][gc             ] GC(73) Pause Young (System.gc()) 2128M->173M(4583M) 2.260ms
[43.192s][info][gc,cpu         ] GC(73) User=0.00s Sys=0.00s Real=0.00s
[43.192s][info][gc,start       ] GC(74) Pause Full (System.gc())
[43.192s][info][gc,phases,start] GC(74) Marking Phase
[43.272s][info][gc,phases      ] GC(74) Marking Phase 79.782ms
[43.272s][info][gc,phases,start] GC(74) Summary Phase
[43.272s][info][gc,phases      ] GC(74) Summary Phase 0.016ms
[43.272s][info][gc,phases,start] GC(74) Adjust Roots
[43.281s][info][gc,phases      ] GC(74) Adjust Roots 9.052ms
[43.281s][info][gc,phases,start] GC(74) Compaction Phase
[43.317s][info][gc,phases      ] GC(74) Compaction Phase 35.563ms
[43.317s][info][gc,phases,start] GC(74) Post Compact
[43.318s][info][gc,phases      ] GC(74) Post Compact 1.364ms
[43.318s][info][gc,heap        ] GC(74) PSYoungGen: 1120K(3294720K)->0K(3294720K) Eden: 0K(3293184K)->0K(3293184K) From: 1120K(1536K)->0K(1536K)
[43.318s][info][gc,heap        ] GC(74) ParOldGen: 176865K(1398272K)->176889K(1398272K)
[43.318s][info][gc,metaspace   ] GC(74) Metaspace: 60771K(61632K)->60771K(61632K) NonClass: 53210K(53696K)->53210K(53696K) Class: 7560K(7936K)->7560K(7936K)
[43.318s][info][gc             ] GC(74) Pause Full (System.gc()) 173M->172M(4583M) 126.114ms
[43.318s][info][gc,cpu         ] GC(74) User=2.13s Sys=0.02s Real=0.13s
[44.078s][info][gc,start       ] GC(75) Pause Young (System.gc())
[44.080s][info][gc,heap        ] GC(75) PSYoungGen: 2038613K(3294720K)->1120K(3318272K) Eden: 2038613K(3293184K)->0K(3293184K) From: 0K(1536K)->1120K(25088K)
[44.080s][info][gc,heap        ] GC(75) ParOldGen: 176889K(1398272K)->176897K(1398272K)
[44.081s][info][gc,metaspace   ] GC(75) Metaspace: 60877K(61824K)->60877K(61824K) NonClass: 53313K(53824K)->53313K(53824K) Class: 7564K(8000K)->7564K(8000K)
[44.081s][info][gc             ] GC(75) Pause Young (System.gc()) 2163M->173M(4606M) 2.326ms
[44.081s][info][gc,cpu         ] GC(75) User=0.00s Sys=0.00s Real=0.00s
[44.081s][info][gc,start       ] GC(76) Pause Full (System.gc())
[44.081s][info][gc,phases,start] GC(76) Marking Phase
[44.174s][info][gc,phases      ] GC(76) Marking Phase 92.808ms
[44.174s][info][gc,phases,start] GC(76) Summary Phase
[44.174s][info][gc,phases      ] GC(76) Summary Phase 0.015ms
[44.174s][info][gc,phases,start] GC(76) Adjust Roots
[44.183s][info][gc,phases      ] GC(76) Adjust Roots 9.461ms
[44.183s][info][gc,phases,start] GC(76) Compaction Phase
[44.212s][info][gc,phases      ] GC(76) Compaction Phase 28.265ms
[44.212s][info][gc,phases,start] GC(76) Post Compact
[44.213s][info][gc,phases      ] GC(76) Post Compact 1.423ms
[44.213s][info][gc,heap        ] GC(76) PSYoungGen: 1120K(3318272K)->0K(3318272K) Eden: 0K(3293184K)->0K(3293184K) From: 1120K(25088K)->0K(25088K)
[44.213s][info][gc,heap        ] GC(76) ParOldGen: 176897K(1398272K)->176923K(1398272K)
[44.213s][info][gc,metaspace   ] GC(76) Metaspace: 60877K(61824K)->60877K(61824K) NonClass: 53313K(53824K)->53313K(53824K) Class: 7564K(8000K)->7564K(8000K)
[44.213s][info][gc             ] GC(76) Pause Full (System.gc()) 173M->172M(4606M) 132.354ms
[44.213s][info][gc,cpu         ] GC(76) User=3.13s Sys=0.00s Real=0.13s
[44.940s][info][gc,start       ] GC(77) Pause Young (System.gc())
[44.941s][info][gc,heap        ] GC(77) PSYoungGen: 2036867K(3318272K)->1120K(3294720K) Eden: 2036867K(3293184K)->0K(3293184K) From: 0K(25088K)->1120K(1536K)
[44.941s][info][gc,heap        ] GC(77) ParOldGen: 176923K(1398272K)->176923K(1398272K)
[44.941s][info][gc,metaspace   ] GC(77) Metaspace: 60915K(61824K)->60915K(61824K) NonClass: 53349K(53824K)->53349K(53824K) Class: 7566K(8000K)->7566K(8000K)
[44.941s][info][gc             ] GC(77) Pause Young (System.gc()) 2161M->173M(4583M) 1.362ms
[44.941s][info][gc,cpu         ] GC(77) User=0.00s Sys=0.00s Real=0.00s
[44.941s][info][gc,start       ] GC(78) Pause Full (System.gc())
[44.941s][info][gc,phases,start] GC(78) Marking Phase
[45.026s][info][gc,phases      ] GC(78) Marking Phase 84.770ms
[45.026s][info][gc,phases,start] GC(78) Summary Phase
[45.026s][info][gc,phases      ] GC(78) Summary Phase 0.015ms
[45.026s][info][gc,phases,start] GC(78) Adjust Roots
[45.038s][info][gc,phases      ] GC(78) Adjust Roots 11.378ms
[45.038s][info][gc,phases,start] GC(78) Compaction Phase
[45.061s][info][gc,phases      ] GC(78) Compaction Phase 23.698ms
[45.061s][info][gc,phases,start] GC(78) Post Compact
[45.063s][info][gc,phases      ] GC(78) Post Compact 1.354ms
[45.063s][info][gc,heap        ] GC(78) PSYoungGen: 1120K(3294720K)->0K(3294720K) Eden: 0K(3293184K)->0K(3293184K) From: 1120K(1536K)->0K(1536K)
[45.063s][info][gc,heap        ] GC(78) ParOldGen: 176923K(1398272K)->176956K(1398272K)
[45.063s][info][gc,metaspace   ] GC(78) Metaspace: 60915K(61824K)->60915K(61824K) NonClass: 53349K(53824K)->53349K(53824K) Class: 7566K(8000K)->7566K(8000K)
[45.063s][info][gc             ] GC(78) Pause Full (System.gc()) 173M->172M(4583M) 121.500ms
[45.063s][info][gc,cpu         ] GC(78) User=2.63s Sys=0.00s Real=0.13s
[45.783s][info][gc,start       ] GC(79) Pause Young (System.gc())
[45.785s][info][gc,heap        ] GC(79) PSYoungGen: 2037444K(3294720K)->1120K(3314688K) Eden: 2037444K(3293184K)->0K(3293184K) From: 0K(1536K)->1120K(21504K)
[45.785s][info][gc,heap        ] GC(79) ParOldGen: 176956K(1398272K)->176956K(1398272K)
[45.785s][info][gc,metaspace   ] GC(79) Metaspace: 60919K(61824K)->60919K(61824K) NonClass: 53353K(53824K)->53353K(53824K) Class: 7566K(8000K)->7566K(8000K)
[45.785s][info][gc             ] GC(79) Pause Young (System.gc()) 2162M->173M(4602M) 2.194ms
[45.785s][info][gc,cpu         ] GC(79) User=0.00s Sys=0.00s Real=0.00s
[45.786s][info][gc,start       ] GC(80) Pause Full (System.gc())
[45.786s][info][gc,phases,start] GC(80) Marking Phase
[45.862s][info][gc,phases      ] GC(80) Marking Phase 76.732ms
[45.862s][info][gc,phases,start] GC(80) Summary Phase
[45.862s][info][gc,phases      ] GC(80) Summary Phase 0.016ms
[45.862s][info][gc,phases,start] GC(80) Adjust Roots
[45.873s][info][gc,phases      ] GC(80) Adjust Roots 10.512ms
[45.873s][info][gc,phases,start] GC(80) Compaction Phase
[45.919s][info][gc,phases      ] GC(80) Compaction Phase 45.745ms
[45.919s][info][gc,phases,start] GC(80) Post Compact
[45.920s][info][gc,phases      ] GC(80) Post Compact 1.622ms
[45.920s][info][gc,heap        ] GC(80) PSYoungGen: 1120K(3314688K)->0K(3314688K) Eden: 0K(3293184K)->0K(3293184K) From: 1120K(21504K)->0K(21504K)
[45.921s][info][gc,heap        ] GC(80) ParOldGen: 176956K(1398272K)->176985K(1398272K)
[45.921s][info][gc,metaspace   ] GC(80) Metaspace: 60919K(61824K)->60919K(61824K) NonClass: 53353K(53824K)->53353K(53824K) Class: 7566K(8000K)->7566K(8000K)
[45.921s][info][gc             ] GC(80) Pause Full (System.gc()) 173M->172M(4602M) 135.063ms
[45.921s][info][gc,cpu         ] GC(80) User=2.64s Sys=0.00s Real=0.13s
[46.657s][info][gc,start       ] GC(81) Pause Young (System.gc())
[46.659s][info][gc,heap        ] GC(81) PSYoungGen: 2040291K(3314688K)->1120K(3294720K) Eden: 2040291K(3293184K)->0K(3293184K) From: 0K(21504K)->1120K(1536K)
[46.659s][info][gc,heap        ] GC(81) ParOldGen: 176985K(1398272K)->176985K(1398272K)
[46.659s][info][gc,metaspace   ] GC(81) Metaspace: 60945K(61888K)->60945K(61888K) NonClass: 53379K(53888K)->53379K(53888K) Class: 7566K(8000K)->7566K(8000K)
[46.659s][info][gc             ] GC(81) Pause Young (System.gc()) 2165M->173M(4583M) 2.222ms
[46.659s][info][gc,cpu         ] GC(81) User=0.00s Sys=0.00s Real=0.00s
[46.659s][info][gc,start       ] GC(82) Pause Full (System.gc())
[46.659s][info][gc,phases,start] GC(82) Marking Phase
[46.737s][info][gc,phases      ] GC(82) Marking Phase 77.608ms
[46.737s][info][gc,phases,start] GC(82) Summary Phase
[46.737s][info][gc,phases      ] GC(82) Summary Phase 0.015ms
[46.737s][info][gc,phases,start] GC(82) Adjust Roots
[46.746s][info][gc,phases      ] GC(82) Adjust Roots 8.981ms
[46.746s][info][gc,phases,start] GC(82) Compaction Phase
[46.781s][info][gc,phases      ] GC(82) Compaction Phase 35.653ms
[46.782s][info][gc,phases,start] GC(82) Post Compact
[46.783s][info][gc,phases      ] GC(82) Post Compact 1.618ms
[46.783s][info][gc,heap        ] GC(82) PSYoungGen: 1120K(3294720K)->0K(3294720K) Eden: 0K(3293184K)->0K(3293184K) From: 1120K(1536K)->0K(1536K)
[46.783s][info][gc,heap        ] GC(82) ParOldGen: 176985K(1398272K)->177016K(1398272K)
[46.783s][info][gc,metaspace   ] GC(82) Metaspace: 60945K(61888K)->60945K(61888K) NonClass: 53379K(53888K)->53379K(53888K) Class: 7566K(8000K)->7566K(8000K)
[46.783s][info][gc             ] GC(82) Pause Full (System.gc()) 173M->172M(4583M) 124.276ms
[46.783s][info][gc,cpu         ] GC(82) User=2.63s Sys=0.00s Real=0.13s
[47.545s][info][gc,start       ] GC(83) Pause Young (System.gc())
[47.547s][info][gc,heap        ] GC(83) PSYoungGen: 2009138K(3294720K)->1120K(3312128K) Eden: 2009138K(3293184K)->0K(3293184K) From: 0K(1536K)->1120K(18944K)
[47.547s][info][gc,heap        ] GC(83) ParOldGen: 177016K(1398272K)->177016K(1398272K)
[47.547s][info][gc,metaspace   ] GC(83) Metaspace: 60960K(61888K)->60960K(61888K) NonClass: 53394K(53888K)->53394K(53888K) Class: 7566K(8000K)->7566K(8000K)
[47.547s][info][gc             ] GC(83) Pause Young (System.gc()) 2134M->173M(4600M) 2.409ms
[47.548s][info][gc,cpu         ] GC(83) User=0.03s Sys=0.00s Real=0.02s
[47.548s][info][gc,start       ] GC(84) Pause Full (System.gc())
[47.548s][info][gc,phases,start] GC(84) Marking Phase
[47.625s][info][gc,phases      ] GC(84) Marking Phase 76.867ms
[47.625s][info][gc,phases,start] GC(84) Summary Phase
[47.625s][info][gc,phases      ] GC(84) Summary Phase 0.017ms
[47.625s][info][gc,phases,start] GC(84) Adjust Roots
[47.634s][info][gc,phases      ] GC(84) Adjust Roots 9.159ms
[47.634s][info][gc,phases,start] GC(84) Compaction Phase
[47.671s][info][gc,phases      ] GC(84) Compaction Phase 37.298ms
[47.671s][info][gc,phases,start] GC(84) Post Compact
[47.673s][info][gc,phases      ] GC(84) Post Compact 1.635ms
[47.673s][info][gc,heap        ] GC(84) PSYoungGen: 1120K(3312128K)->0K(3312128K) Eden: 0K(3293184K)->0K(3293184K) From: 1120K(18944K)->0K(18944K)
[47.673s][info][gc,heap        ] GC(84) ParOldGen: 177016K(1398272K)->177048K(1398272K)
[47.673s][info][gc,metaspace   ] GC(84) Metaspace: 60960K(61888K)->60960K(61888K) NonClass: 53394K(53888K)->53394K(53888K) Class: 7566K(8000K)->7566K(8000K)
[47.673s][info][gc             ] GC(84) Pause Full (System.gc()) 173M->172M(4600M) 125.426ms
[47.673s][info][gc,cpu         ] GC(84) User=2.52s Sys=0.02s Real=0.13s
[48.427s][info][gc,start       ] GC(85) Pause Young (System.gc())
[48.429s][info][gc,heap        ] GC(85) PSYoungGen: 2008019K(3312128K)->1120K(3294720K) Eden: 2008019K(3293184K)->0K(3293184K) From: 0K(18944K)->1120K(1536K)
[48.429s][info][gc,heap        ] GC(85) ParOldGen: 177048K(1398272K)->177048K(1398272K)
[48.429s][info][gc,metaspace   ] GC(85) Metaspace: 61018K(61952K)->61018K(61952K) NonClass: 53452K(53952K)->53452K(53952K) Class: 7566K(8000K)->7566K(8000K)
[48.429s][info][gc             ] GC(85) Pause Young (System.gc()) 2133M->173M(4583M) 2.016ms
[48.429s][info][gc,cpu         ] GC(85) User=0.00s Sys=0.00s Real=0.00s
[48.429s][info][gc,start       ] GC(86) Pause Full (System.gc())
[48.429s][info][gc,phases,start] GC(86) Marking Phase
[48.516s][info][gc,phases      ] GC(86) Marking Phase 86.698ms
[48.516s][info][gc,phases,start] GC(86) Summary Phase
[48.516s][info][gc,phases      ] GC(86) Summary Phase 0.017ms
[48.516s][info][gc,phases,start] GC(86) Adjust Roots
[48.525s][info][gc,phases      ] GC(86) Adjust Roots 9.413ms
[48.525s][info][gc,phases,start] GC(86) Compaction Phase
[48.560s][info][gc,phases      ] GC(86) Compaction Phase 34.794ms
[48.560s][info][gc,phases,start] GC(86) Post Compact
[48.562s][info][gc,phases      ] GC(86) Post Compact 1.643ms
[48.562s][info][gc,heap        ] GC(86) PSYoungGen: 1120K(3294720K)->0K(3294720K) Eden: 0K(3293184K)->0K(3293184K) From: 1120K(1536K)->0K(1536K)
[48.562s][info][gc,heap        ] GC(86) ParOldGen: 177048K(1398272K)->177079K(1398272K)
[48.562s][info][gc,metaspace   ] GC(86) Metaspace: 61018K(61952K)->61018K(61952K) NonClass: 53452K(53952K)->53452K(53952K) Class: 7566K(8000K)->7566K(8000K)
[48.562s][info][gc             ] GC(86) Pause Full (System.gc()) 173M->172M(4583M) 132.988ms
[48.562s][info][gc,cpu         ] GC(86) User=2.61s Sys=0.00s Real=0.13s
[49.310s][info][gc,start       ] GC(87) Pause Young (System.gc())
[49.312s][info][gc,heap        ] GC(87) PSYoungGen: 2009393K(3294720K)->1120K(3309056K) Eden: 2009393K(3293184K)->0K(3293184K) From: 0K(1536K)->1120K(15872K)
[49.312s][info][gc,heap        ] GC(87) ParOldGen: 177079K(1398272K)->177079K(1398272K)
[49.312s][info][gc,metaspace   ] GC(87) Metaspace: 61024K(61952K)->61024K(61952K) NonClass: 53458K(53952K)->53458K(53952K) Class: 7566K(8000K)->7566K(8000K)
[49.312s][info][gc             ] GC(87) Pause Young (System.gc()) 2135M->174M(4597M) 2.003ms
[49.312s][info][gc,cpu         ] GC(87) User=0.00s Sys=0.00s Real=0.00s
[49.312s][info][gc,start       ] GC(88) Pause Full (System.gc())
[49.312s][info][gc,phases,start] GC(88) Marking Phase
[49.404s][info][gc,phases      ] GC(88) Marking Phase 91.453ms
[49.404s][info][gc,phases,start] GC(88) Summary Phase
[49.404s][info][gc,phases      ] GC(88) Summary Phase 0.016ms
[49.404s][info][gc,phases,start] GC(88) Adjust Roots
[49.413s][info][gc,phases      ] GC(88) Adjust Roots 9.476ms
[49.413s][info][gc,phases,start] GC(88) Compaction Phase
[49.450s][info][gc,phases      ] GC(88) Compaction Phase 36.603ms
[49.450s][info][gc,phases,start] GC(88) Post Compact
[49.451s][info][gc,phases      ] GC(88) Post Compact 1.596ms
[49.452s][info][gc,heap        ] GC(88) PSYoungGen: 1120K(3309056K)->0K(3309056K) Eden: 0K(3293184K)->0K(3293184K) From: 1120K(15872K)->0K(15872K)
[49.452s][info][gc,heap        ] GC(88) ParOldGen: 177079K(1398272K)->177109K(1398272K)
[49.452s][info][gc,metaspace   ] GC(88) Metaspace: 61024K(61952K)->61024K(61952K) NonClass: 53458K(53952K)->53458K(53952K) Class: 7566K(8000K)->7566K(8000K)
[49.452s][info][gc             ] GC(88) Pause Full (System.gc()) 174M->172M(4597M) 139.517ms
[49.452s][info][gc,cpu         ] GC(88) User=3.14s Sys=0.00s Real=0.14s
[50.212s][info][gc,start       ] GC(89) Pause Young (System.gc())
[50.214s][info][gc,heap        ] GC(89) PSYoungGen: 2007735K(3309056K)->1120K(3294720K) Eden: 2007735K(3293184K)->0K(3293184K) From: 0K(15872K)->1120K(1536K)
[50.214s][info][gc,heap        ] GC(89) ParOldGen: 177109K(1398272K)->177109K(1398272K)
[50.214s][info][gc,metaspace   ] GC(89) Metaspace: 61066K(62016K)->61066K(62016K) NonClass: 53499K(54016K)->53499K(54016K) Class: 7566K(8000K)->7566K(8000K)
[50.214s][info][gc             ] GC(89) Pause Young (System.gc()) 2133M->174M(4583M) 1.779ms
[50.214s][info][gc,cpu         ] GC(89) User=0.00s Sys=0.02s Real=0.02s
[50.214s][info][gc,start       ] GC(90) Pause Full (System.gc())
[50.214s][info][gc,phases,start] GC(90) Marking Phase
[50.294s][info][gc,phases      ] GC(90) Marking Phase 79.924ms
[50.294s][info][gc,phases,start] GC(90) Summary Phase
[50.294s][info][gc,phases      ] GC(90) Summary Phase 0.015ms
[50.294s][info][gc,phases,start] GC(90) Adjust Roots
[50.305s][info][gc,phases      ] GC(90) Adjust Roots 11.017ms
[50.305s][info][gc,phases,start] GC(90) Compaction Phase
[50.332s][info][gc,phases      ] GC(90) Compaction Phase 26.686ms
[50.332s][info][gc,phases,start] GC(90) Post Compact
[50.333s][info][gc,phases      ] GC(90) Post Compact 1.492ms
[50.333s][info][gc,heap        ] GC(90) PSYoungGen: 1120K(3294720K)->0K(3294720K) Eden: 0K(3293184K)->0K(3293184K) From: 1120K(1536K)->0K(1536K)
[50.333s][info][gc,heap        ] GC(90) ParOldGen: 177109K(1398272K)->177143K(1398272K)
[50.333s][info][gc,metaspace   ] GC(90) Metaspace: 61066K(62016K)->61066K(62016K) NonClass: 53499K(54016K)->53499K(54016K) Class: 7566K(8000K)->7566K(8000K)
[50.333s][info][gc             ] GC(90) Pause Full (System.gc()) 174M->172M(4583M) 119.522ms
[50.334s][info][gc,cpu         ] GC(90) User=2.63s Sys=0.00s Real=0.11s
[51.076s][info][gc,start       ] GC(91) Pause Young (System.gc())
[51.078s][info][gc,heap        ] GC(91) PSYoungGen: 2008895K(3294720K)->1120K(3307008K) Eden: 2008895K(3293184K)->0K(3293184K) From: 0K(1536K)->1120K(13824K)
[51.078s][info][gc,heap        ] GC(91) ParOldGen: 177143K(1398272K)->177143K(1398272K)
[51.078s][info][gc,metaspace   ] GC(91) Metaspace: 61073K(62016K)->61073K(62016K) NonClass: 53507K(54016K)->53507K(54016K) Class: 7566K(8000K)->7566K(8000K)
[51.078s][info][gc             ] GC(91) Pause Young (System.gc()) 2134M->174M(4595M) 1.836ms
[51.078s][info][gc,cpu         ] GC(91) User=0.00s Sys=0.00s Real=0.00s
[51.079s][info][gc,start       ] GC(92) Pause Full (System.gc())
[51.079s][info][gc,phases,start] GC(92) Marking Phase
[51.170s][info][gc,phases      ] GC(92) Marking Phase 91.174ms
[51.170s][info][gc,phases,start] GC(92) Summary Phase
[51.170s][info][gc,phases      ] GC(92) Summary Phase 0.016ms
[51.170s][info][gc,phases,start] GC(92) Adjust Roots
[51.180s][info][gc,phases      ] GC(92) Adjust Roots 10.460ms
[51.180s][info][gc,phases,start] GC(92) Compaction Phase
[51.202s][info][gc,phases      ] GC(92) Compaction Phase 21.333ms
[51.202s][info][gc,phases,start] GC(92) Post Compact
[51.203s][info][gc,phases      ] GC(92) Post Compact 1.329ms
[51.203s][info][gc,heap        ] GC(92) PSYoungGen: 1120K(3307008K)->0K(3307008K) Eden: 0K(3293184K)->0K(3293184K) From: 1120K(13824K)->0K(13824K)
[51.203s][info][gc,heap        ] GC(92) ParOldGen: 177143K(1398272K)->177162K(1398272K)
[51.203s][info][gc,metaspace   ] GC(92) Metaspace: 61073K(62016K)->61073K(62016K) NonClass: 53507K(54016K)->53507K(54016K) Class: 7566K(8000K)->7566K(8000K)
[51.203s][info][gc             ] GC(92) Pause Full (System.gc()) 174M->173M(4595M) 124.619ms
[51.203s][info][gc,cpu         ] GC(92) User=3.13s Sys=0.00s Real=0.13s
[51.971s][info][gc,start       ] GC(93) Pause Young (System.gc())
[51.972s][info][gc,heap        ] GC(93) PSYoungGen: 2010459K(3307008K)->1120K(3294720K) Eden: 2010459K(3293184K)->0K(3293184K) From: 0K(13824K)->1120K(1536K)
[51.973s][info][gc,heap        ] GC(93) ParOldGen: 177162K(1398272K)->177162K(1398272K)
[51.973s][info][gc,metaspace   ] GC(93) Metaspace: 61075K(62016K)->61075K(62016K) NonClass: 53508K(54016K)->53508K(54016K) Class: 7566K(8000K)->7566K(8000K)
[51.973s][info][gc             ] GC(93) Pause Young (System.gc()) 2136M->174M(4583M) 1.855ms
[51.973s][info][gc,cpu         ] GC(93) User=0.00s Sys=0.00s Real=0.00s
[51.973s][info][gc,start       ] GC(94) Pause Full (System.gc())
[51.973s][info][gc,phases,start] GC(94) Marking Phase
[52.051s][info][gc,phases      ] GC(94) Marking Phase 78.354ms
[52.051s][info][gc,phases,start] GC(94) Summary Phase
[52.051s][info][gc,phases      ] GC(94) Summary Phase 0.016ms
[52.051s][info][gc,phases,start] GC(94) Adjust Roots
[52.063s][info][gc,phases      ] GC(94) Adjust Roots 11.759ms
[52.063s][info][gc,phases,start] GC(94) Compaction Phase
[52.087s][info][gc,phases      ] GC(94) Compaction Phase 23.527ms
[52.087s][info][gc,phases,start] GC(94) Post Compact
[52.088s][info][gc,phases      ] GC(94) Post Compact 1.368ms
[52.088s][info][gc,heap        ] GC(94) PSYoungGen: 1120K(3294720K)->0K(3294720K) Eden: 0K(3293184K)->0K(3293184K) From: 1120K(1536K)->0K(1536K)
[52.088s][info][gc,heap        ] GC(94) ParOldGen: 177162K(1398272K)->177168K(1398272K)
[52.088s][info][gc,metaspace   ] GC(94) Metaspace: 61075K(62016K)->61075K(62016K) NonClass: 53508K(54016K)->53508K(54016K) Class: 7566K(8000K)->7566K(8000K)
[52.088s][info][gc             ] GC(94) Pause Full (System.gc()) 174M->173M(4583M) 115.335ms
[52.088s][info][gc,cpu         ] GC(94) User=2.48s Sys=0.00s Real=0.11s
[52.835s][info][gc,start       ] GC(95) Pause Young (System.gc())
[52.837s][info][gc,heap        ] GC(95) PSYoungGen: 2007117K(3294720K)->1120K(3304960K) Eden: 2007117K(3293184K)->0K(3293184K) From: 0K(1536K)->1120K(11776K)
[52.837s][info][gc,heap        ] GC(95) ParOldGen: 177168K(1398272K)->177168K(1398272K)
[52.837s][info][gc,metaspace   ] GC(95) Metaspace: 61099K(62016K)->61099K(62016K) NonClass: 53533K(54016K)->53533K(54016K) Class: 7566K(8000K)->7566K(8000K)
[52.837s][info][gc             ] GC(95) Pause Young (System.gc()) 2133M->174M(4593M) 1.903ms
[52.837s][info][gc,cpu         ] GC(95) User=0.00s Sys=0.00s Real=0.00s
[52.837s][info][gc,start       ] GC(96) Pause Full (System.gc())
[52.837s][info][gc,phases,start] GC(96) Marking Phase
[52.914s][info][gc,phases      ] GC(96) Marking Phase 77.139ms
[52.914s][info][gc,phases,start] GC(96) Summary Phase
[52.914s][info][gc,phases      ] GC(96) Summary Phase 0.016ms
[52.914s][info][gc,phases,start] GC(96) Adjust Roots
[52.925s][info][gc,phases      ] GC(96) Adjust Roots 11.124ms
[52.925s][info][gc,phases,start] GC(96) Compaction Phase
[52.950s][info][gc,phases      ] GC(96) Compaction Phase 24.282ms
[52.950s][info][gc,phases,start] GC(96) Post Compact
[52.951s][info][gc,phases      ] GC(96) Post Compact 1.451ms
[52.951s][info][gc,heap        ] GC(96) PSYoungGen: 1120K(3304960K)->0K(3304960K) Eden: 0K(3293184K)->0K(3293184K) From: 1120K(11776K)->0K(11776K)
[52.951s][info][gc,heap        ] GC(96) ParOldGen: 177168K(1398272K)->177185K(1398272K)
[52.951s][info][gc,metaspace   ] GC(96) Metaspace: 61099K(62016K)->61099K(62016K) NonClass: 53533K(54016K)->53533K(54016K) Class: 7566K(8000K)->7566K(8000K)
[52.951s][info][gc             ] GC(96) Pause Full (System.gc()) 174M->173M(4593M) 114.405ms
[52.952s][info][gc,cpu         ] GC(96) User=2.67s Sys=0.00s Real=0.11s
[53.715s][info][gc,start       ] GC(97) Pause Young (System.gc())
[53.717s][info][gc,heap        ] GC(97) PSYoungGen: 2010160K(3304960K)->1120K(3294720K) Eden: 2010160K(3293184K)->0K(3293184K) From: 0K(11776K)->1120K(1536K)
[53.717s][info][gc,heap        ] GC(97) ParOldGen: 177185K(1398272K)->177193K(1398272K)
[53.717s][info][gc,metaspace   ] GC(97) Metaspace: 61220K(62144K)->61220K(62144K) NonClass: 53647K(54144K)->53647K(54144K) Class: 7573K(8000K)->7573K(8000K)
[53.717s][info][gc             ] GC(97) Pause Young (System.gc()) 2136M->174M(4583M) 2.062ms
[53.717s][info][gc,cpu         ] GC(97) User=0.02s Sys=0.00s Real=0.02s
[53.717s][info][gc,start       ] GC(98) Pause Full (System.gc())
[53.717s][info][gc,phases,start] GC(98) Marking Phase
[53.799s][info][gc,phases      ] GC(98) Marking Phase 81.048ms
[53.799s][info][gc,phases,start] GC(98) Summary Phase
[53.799s][info][gc,phases      ] GC(98) Summary Phase 0.015ms
[53.799s][info][gc,phases,start] GC(98) Adjust Roots
[53.806s][info][gc,phases      ] GC(98) Adjust Roots 7.572ms
[53.806s][info][gc,phases,start] GC(98) Compaction Phase
[53.834s][info][gc,phases      ] GC(98) Compaction Phase 27.908ms
[53.834s][info][gc,phases,start] GC(98) Post Compact
[53.836s][info][gc,phases      ] GC(98) Post Compact 1.548ms
[53.836s][info][gc,heap        ] GC(98) PSYoungGen: 1120K(3294720K)->0K(3294720K) Eden: 0K(3293184K)->0K(3293184K) From: 1120K(1536K)->0K(1536K)
[53.836s][info][gc,heap        ] GC(98) ParOldGen: 177193K(1398272K)->177206K(1398272K)
[53.836s][info][gc,metaspace   ] GC(98) Metaspace: 61220K(62144K)->61220K(62144K) NonClass: 53647K(54144K)->53647K(54144K) Class: 7573K(8000K)->7573K(8000K)
[53.836s][info][gc             ] GC(98) Pause Full (System.gc()) 174M->173M(4583M) 118.503ms
[53.836s][info][gc,cpu         ] GC(98) User=2.63s Sys=0.00s Real=0.11s
[54.592s][info][gc,start       ] GC(99) Pause Young (System.gc())
[54.593s][info][gc,heap        ] GC(99) PSYoungGen: 2006494K(3294720K)->1120K(3302912K) Eden: 2006494K(3293184K)->0K(3293184K) From: 0K(1536K)->1120K(9728K)
[54.593s][info][gc,heap        ] GC(99) ParOldGen: 177206K(1398272K)->177206K(1398272K)
[54.593s][info][gc,metaspace   ] GC(99) Metaspace: 61244K(62144K)->61244K(62144K) NonClass: 53671K(54144K)->53671K(54144K) Class: 7573K(8000K)->7573K(8000K)
[54.593s][info][gc             ] GC(99) Pause Young (System.gc()) 2132M->174M(4591M) 1.874ms
[54.593s][info][gc,cpu         ] GC(99) User=0.00s Sys=0.00s Real=0.00s
[54.594s][info][gc,start       ] GC(100) Pause Full (System.gc())
[54.594s][info][gc,phases,start] GC(100) Marking Phase
[54.681s][info][gc,phases      ] GC(100) Marking Phase 86.858ms
[54.681s][info][gc,phases,start] GC(100) Summary Phase
[54.681s][info][gc,phases      ] GC(100) Summary Phase 0.021ms
[54.681s][info][gc,phases,start] GC(100) Adjust Roots
[54.691s][info][gc,phases      ] GC(100) Adjust Roots 10.244ms
[54.691s][info][gc,phases,start] GC(100) Compaction Phase
[54.712s][info][gc,phases      ] GC(100) Compaction Phase 21.288ms
[54.712s][info][gc,phases,start] GC(100) Post Compact
[54.714s][info][gc,phases      ] GC(100) Post Compact 1.413ms
[54.714s][info][gc,heap        ] GC(100) PSYoungGen: 1120K(3302912K)->0K(3302912K) Eden: 0K(3293184K)->0K(3293184K) From: 1120K(9728K)->0K(9728K)
[54.714s][info][gc,heap        ] GC(100) ParOldGen: 177206K(1398272K)->177222K(1398272K)
[54.714s][info][gc,metaspace   ] GC(100) Metaspace: 61244K(62144K)->61244K(62144K) NonClass: 53671K(54144K)->53671K(54144K) Class: 7573K(8000K)->7573K(8000K)
[54.714s][info][gc             ] GC(100) Pause Full (System.gc()) 174M->173M(4591M) 120.175ms
[54.714s][info][gc,cpu         ] GC(100) User=2.64s Sys=0.00s Real=0.13s
[55.456s][info][gc,start       ] GC(101) Pause Young (System.gc())
[55.458s][info][gc,heap        ] GC(101) PSYoungGen: 2006267K(3302912K)->1120K(3294720K) Eden: 2006267K(3293184K)->0K(3293184K) From: 0K(9728K)->1120K(1536K)
[55.458s][info][gc,heap        ] GC(101) ParOldGen: 177222K(1398272K)->177222K(1398272K)
[55.458s][info][gc,metaspace   ] GC(101) Metaspace: 61246K(62144K)->61246K(62144K) NonClass: 53673K(54144K)->53673K(54144K) Class: 7573K(8000K)->7573K(8000K)
[55.458s][info][gc             ] GC(101) Pause Young (System.gc()) 2132M->174M(4583M) 1.688ms
[55.458s][info][gc,cpu         ] GC(101) User=0.00s Sys=0.00s Real=0.00s
[55.458s][info][gc,start       ] GC(102) Pause Full (System.gc())
[55.458s][info][gc,phases,start] GC(102) Marking Phase
[55.535s][info][gc,phases      ] GC(102) Marking Phase 76.223ms
[55.535s][info][gc,phases,start] GC(102) Summary Phase
[55.535s][info][gc,phases      ] GC(102) Summary Phase 0.016ms
[55.535s][info][gc,phases,start] GC(102) Adjust Roots
[55.545s][info][gc,phases      ] GC(102) Adjust Roots 10.504ms
[55.545s][info][gc,phases,start] GC(102) Compaction Phase
[55.569s][info][gc,phases      ] GC(102) Compaction Phase 24.146ms
[55.569s][info][gc,phases,start] GC(102) Post Compact
[55.571s][info][gc,phases      ] GC(102) Post Compact 1.368ms
[55.571s][info][gc,heap        ] GC(102) PSYoungGen: 1120K(3294720K)->0K(3294720K) Eden: 0K(3293184K)->0K(3293184K) From: 1120K(1536K)->0K(1536K)
[55.571s][info][gc,heap        ] GC(102) ParOldGen: 177222K(1398272K)->177239K(1398272K)
[55.571s][info][gc,metaspace   ] GC(102) Metaspace: 61246K(62144K)->61246K(62144K) NonClass: 53673K(54144K)->53673K(54144K) Class: 7573K(8000K)->7573K(8000K)
[55.571s][info][gc             ] GC(102) Pause Full (System.gc()) 174M->173M(4583M) 112.556ms
[55.571s][info][gc,cpu         ] GC(102) User=2.59s Sys=0.00s Real=0.11s
[56.313s][info][gc,start       ] GC(103) Pause Young (System.gc())
[56.315s][info][gc,heap        ] GC(103) PSYoungGen: 2005935K(3294720K)->1120K(3301376K) Eden: 2005935K(3293184K)->0K(3293184K) From: 0K(1536K)->1120K(8192K)
[56.315s][info][gc,heap        ] GC(103) ParOldGen: 177239K(1398272K)->177247K(1398272K)
[56.315s][info][gc,metaspace   ] GC(103) Metaspace: 61253K(62144K)->61253K(62144K) NonClass: 53680K(54144K)->53680K(54144K) Class: 7573K(8000K)->7573K(8000K)
[56.315s][info][gc             ] GC(103) Pause Young (System.gc()) 2132M->174M(4589M) 1.869ms
[56.315s][info][gc,cpu         ] GC(103) User=0.00s Sys=0.00s Real=0.00s
[56.316s][info][gc,start       ] GC(104) Pause Full (System.gc())
[56.316s][info][gc,phases,start] GC(104) Marking Phase
[56.393s][info][gc,phases      ] GC(104) Marking Phase 77.124ms
[56.393s][info][gc,phases,start] GC(104) Summary Phase
[56.393s][info][gc,phases      ] GC(104) Summary Phase 0.020ms
[56.393s][info][gc,phases,start] GC(104) Adjust Roots
[56.405s][info][gc,phases      ] GC(104) Adjust Roots 12.148ms
[56.405s][info][gc,phases,start] GC(104) Compaction Phase
[56.427s][info][gc,phases      ] GC(104) Compaction Phase 22.396ms
[56.427s][info][gc,phases,start] GC(104) Post Compact
[56.429s][info][gc,phases      ] GC(104) Post Compact 1.389ms
[56.429s][info][gc,heap        ] GC(104) PSYoungGen: 1120K(3301376K)->0K(3301376K) Eden: 0K(3293184K)->0K(3293184K) From: 1120K(8192K)->0K(8192K)
[56.429s][info][gc,heap        ] GC(104) ParOldGen: 177247K(1398272K)->177255K(1398272K)
[56.429s][info][gc,metaspace   ] GC(104) Metaspace: 61253K(62144K)->61253K(62144K) NonClass: 53680K(54144K)->53680K(54144K) Class: 7573K(8000K)->7573K(8000K)
[56.429s][info][gc             ] GC(104) Pause Full (System.gc()) 174M->173M(4589M) 113.402ms
[56.429s][info][gc,cpu         ] GC(104) User=2.28s Sys=0.00s Real=0.11s
[57.162s][info][gc,start       ] GC(105) Pause Young (System.gc())
[57.164s][info][gc,heap        ] GC(105) PSYoungGen: 2006924K(3301376K)->1120K(3294720K) Eden: 2006924K(3293184K)->0K(3293184K) From: 0K(8192K)->1120K(1536K)
[57.164s][info][gc,heap        ] GC(105) ParOldGen: 177255K(1398272K)->177263K(1398272K)
[57.164s][info][gc,metaspace   ] GC(105) Metaspace: 61268K(62208K)->61268K(62208K) NonClass: 53695K(54208K)->53695K(54208K) Class: 7573K(8000K)->7573K(8000K)
[57.164s][info][gc             ] GC(105) Pause Young (System.gc()) 2132M->174M(4583M) 1.502ms
[57.164s][info][gc,cpu         ] GC(105) User=0.00s Sys=0.00s Real=0.00s
[57.164s][info][gc,start       ] GC(106) Pause Full (System.gc())
[57.164s][info][gc,phases,start] GC(106) Marking Phase
[57.251s][info][gc,phases      ] GC(106) Marking Phase 87.218ms
[57.251s][info][gc,phases,start] GC(106) Summary Phase
[57.251s][info][gc,phases      ] GC(106) Summary Phase 0.016ms
[57.251s][info][gc,phases,start] GC(106) Adjust Roots
[57.261s][info][gc,phases      ] GC(106) Adjust Roots 10.085ms
[57.261s][info][gc,phases,start] GC(106) Compaction Phase
[57.282s][info][gc,phases      ] GC(106) Compaction Phase 20.659ms
[57.282s][info][gc,phases,start] GC(106) Post Compact
[57.284s][info][gc,phases      ] GC(106) Post Compact 1.382ms
[57.284s][info][gc,heap        ] GC(106) PSYoungGen: 1120K(3294720K)->0K(3294720K) Eden: 0K(3293184K)->0K(3293184K) From: 1120K(1536K)->0K(1536K)
[57.284s][info][gc,heap        ] GC(106) ParOldGen: 177263K(1398272K)->177273K(1398272K)
[57.284s][info][gc,metaspace   ] GC(106) Metaspace: 61268K(62208K)->61268K(62208K) NonClass: 53695K(54208K)->53695K(54208K) Class: 7573K(8000K)->7573K(8000K)
[57.284s][info][gc             ] GC(106) Pause Full (System.gc()) 174M->173M(4583M) 119.676ms
[57.284s][info][gc,cpu         ] GC(106) User=2.61s Sys=0.00s Real=0.11s
[58.034s][info][gc,start       ] GC(107) Pause Young (System.gc())
[58.035s][info][gc,heap        ] GC(107) PSYoungGen: 2006876K(3294720K)->1120K(3300864K) Eden: 2006876K(3293184K)->0K(3293184K) From: 0K(1536K)->1120K(7680K)
[58.035s][info][gc,heap        ] GC(107) ParOldGen: 177273K(1398272K)->177281K(1398272K)
[58.035s][info][gc,metaspace   ] GC(107) Metaspace: 61315K(62208K)->61315K(62208K) NonClass: 53742K(54208K)->53742K(54208K) Class: 7573K(8000K)->7573K(8000K)
[58.035s][info][gc             ] GC(107) Pause Young (System.gc()) 2132M->174M(4589M) 1.461ms
[58.035s][info][gc,cpu         ] GC(107) User=0.00s Sys=0.00s Real=0.00s
[58.035s][info][gc,start       ] GC(108) Pause Full (System.gc())
[58.035s][info][gc,phases,start] GC(108) Marking Phase
[58.113s][info][gc,phases      ] GC(108) Marking Phase 77.334ms
[58.113s][info][gc,phases,start] GC(108) Summary Phase
[58.113s][info][gc,phases      ] GC(108) Summary Phase 0.016ms
[58.113s][info][gc,phases,start] GC(108) Adjust Roots
[58.124s][info][gc,phases      ] GC(108) Adjust Roots 11.708ms
[58.124s][info][gc,phases,start] GC(108) Compaction Phase
[58.154s][info][gc,phases      ] GC(108) Compaction Phase 29.453ms
[58.154s][info][gc,phases,start] GC(108) Post Compact
[58.155s][info][gc,phases      ] GC(108) Post Compact 1.395ms
[58.155s][info][gc,heap        ] GC(108) PSYoungGen: 1120K(3300864K)->0K(3300864K) Eden: 0K(3293184K)->0K(3293184K) From: 1120K(7680K)->0K(7680K)
[58.155s][info][gc,heap        ] GC(108) ParOldGen: 177281K(1398272K)->177290K(1398272K)
[58.155s][info][gc,metaspace   ] GC(108) Metaspace: 61315K(62208K)->61315K(62208K) NonClass: 53742K(54208K)->53742K(54208K) Class: 7573K(8000K)->7573K(8000K)
[58.155s][info][gc             ] GC(108) Pause Full (System.gc()) 174M->173M(4589M) 120.197ms
[58.155s][info][gc,cpu         ] GC(108) User=2.30s Sys=0.00s Real=0.11s
[58.907s][info][gc,start       ] GC(109) Pause Young (System.gc())
[58.908s][info][gc,heap        ] GC(109) PSYoungGen: 2007719K(3300864K)->1120K(3294720K) Eden: 2007719K(3293184K)->0K(3293184K) From: 0K(7680K)->1120K(1536K)
[58.908s][info][gc,heap        ] GC(109) ParOldGen: 177290K(1398272K)->177290K(1398272K)
[58.908s][info][gc,metaspace   ] GC(109) Metaspace: 61337K(62272K)->61337K(62272K) NonClass: 53764K(54272K)->53764K(54272K) Class: 7573K(8000K)->7573K(8000K)
[58.908s][info][gc             ] GC(109) Pause Young (System.gc()) 2133M->174M(4583M) 1.607ms
[58.908s][info][gc,cpu         ] GC(109) User=0.00s Sys=0.00s Real=0.00s
[58.908s][info][gc,start       ] GC(110) Pause Full (System.gc())
[58.908s][info][gc,phases,start] GC(110) Marking Phase
[58.985s][info][gc,phases      ] GC(110) Marking Phase 76.860ms
[58.985s][info][gc,phases,start] GC(110) Summary Phase
[58.985s][info][gc,phases      ] GC(110) Summary Phase 0.015ms
[58.985s][info][gc,phases,start] GC(110) Adjust Roots
[58.998s][info][gc,phases      ] GC(110) Adjust Roots 12.250ms
[58.998s][info][gc,phases,start] GC(110) Compaction Phase
[59.020s][info][gc,phases      ] GC(110) Compaction Phase 22.018ms
[59.020s][info][gc,phases,start] GC(110) Post Compact
[59.021s][info][gc,phases      ] GC(110) Post Compact 1.340ms
[59.021s][info][gc,heap        ] GC(110) PSYoungGen: 1120K(3294720K)->0K(3294720K) Eden: 0K(3293184K)->0K(3293184K) From: 1120K(1536K)->0K(1536K)
[59.021s][info][gc,heap        ] GC(110) ParOldGen: 177290K(1398272K)->177308K(1398272K)
[59.021s][info][gc,metaspace   ] GC(110) Metaspace: 61337K(62272K)->61337K(62272K) NonClass: 53764K(54272K)->53764K(54272K) Class: 7573K(8000K)->7573K(8000K)
[59.021s][info][gc             ] GC(110) Pause Full (System.gc()) 174M->173M(4583M) 112.795ms
[59.021s][info][gc,cpu         ] GC(110) User=2.63s Sys=0.00s Real=0.11s
[59.781s][info][gc,start       ] GC(111) Pause Young (System.gc())
[59.782s][info][gc,heap        ] GC(111) PSYoungGen: 2008099K(3294720K)->1152K(3299840K) Eden: 2008099K(3293184K)->0K(3293184K) From: 0K(1536K)->1152K(6656K)
[59.782s][info][gc,heap        ] GC(111) ParOldGen: 177308K(1398272K)->177308K(1398272K)
[59.782s][info][gc,metaspace   ] GC(111) Metaspace: 61347K(62272K)->61347K(62272K) NonClass: 53774K(54272K)->53774K(54272K) Class: 7573K(8000K)->7573K(8000K)
[59.782s][info][gc             ] GC(111) Pause Young (System.gc()) 2134M->174M(4588M) 1.584ms
[59.782s][info][gc,cpu         ] GC(111) User=0.00s Sys=0.00s Real=0.00s
[59.783s][info][gc,start       ] GC(112) Pause Full (System.gc())
[59.783s][info][gc,phases,start] GC(112) Marking Phase
[59.866s][info][gc,phases      ] GC(112) Marking Phase 83.556ms
[59.866s][info][gc,phases,start] GC(112) Summary Phase
[59.866s][info][gc,phases      ] GC(112) Summary Phase 0.017ms
[59.866s][info][gc,phases,start] GC(112) Adjust Roots
[59.877s][info][gc,phases      ] GC(112) Adjust Roots 10.898ms
[59.877s][info][gc,phases,start] GC(112) Compaction Phase
[59.900s][info][gc,phases      ] GC(112) Compaction Phase 23.065ms
[59.900s][info][gc,phases,start] GC(112) Post Compact
[59.902s][info][gc,phases      ] GC(112) Post Compact 1.456ms
[59.902s][info][gc,heap        ] GC(112) PSYoungGen: 1152K(3299840K)->0K(3299840K) Eden: 0K(3293184K)->0K(3293184K) From: 1152K(6656K)->0K(6656K)
[59.902s][info][gc,heap        ] GC(112) ParOldGen: 177308K(1398272K)->177326K(1398272K)
[59.902s][info][gc,metaspace   ] GC(112) Metaspace: 61347K(62272K)->61347K(62272K) NonClass: 53774K(54272K)->53774K(54272K) Class: 7573K(8000K)->7573K(8000K)
[59.902s][info][gc             ] GC(112) Pause Full (System.gc()) 174M->173M(4588M) 119.357ms
[59.902s][info][gc,cpu         ] GC(112) User=2.56s Sys=0.00s Real=0.11s
[60.655s][info][gc,start       ] GC(113) Pause Young (System.gc())
[60.657s][info][gc,heap        ] GC(113) PSYoungGen: 2039952K(3299840K)->1120K(3294720K) Eden: 2039952K(3293184K)->0K(3293184K) From: 0K(6656K)->1120K(1536K)
[60.657s][info][gc,heap        ] GC(113) ParOldGen: 177326K(1398272K)->177326K(1398272K)
[60.657s][info][gc,metaspace   ] GC(113) Metaspace: 61386K(62272K)->61386K(62272K) NonClass: 53813K(54272K)->53813K(54272K) Class: 7573K(8000K)->7573K(8000K)
[60.657s][info][gc             ] GC(113) Pause Young (System.gc()) 2165M->174M(4583M) 1.736ms
[60.657s][info][gc,cpu         ] GC(113) User=0.00s Sys=0.00s Real=0.00s
[60.657s][info][gc,start       ] GC(114) Pause Full (System.gc())
[60.657s][info][gc,phases,start] GC(114) Marking Phase
[60.736s][info][gc,phases      ] GC(114) Marking Phase 78.690ms
[60.736s][info][gc,phases,start] GC(114) Summary Phase
[60.736s][info][gc,phases      ] GC(114) Summary Phase 0.016ms
[60.736s][info][gc,phases,start] GC(114) Adjust Roots
[60.744s][info][gc,phases      ] GC(114) Adjust Roots 7.745ms
[60.744s][info][gc,phases,start] GC(114) Compaction Phase
[60.768s][info][gc,phases      ] GC(114) Compaction Phase 24.019ms
[60.768s][info][gc,phases,start] GC(114) Post Compact
[60.769s][info][gc,phases      ] GC(114) Post Compact 1.342ms
[60.769s][info][gc,heap        ] GC(114) PSYoungGen: 1120K(3294720K)->0K(3294720K) Eden: 0K(3293184K)->0K(3293184K) From: 1120K(1536K)->0K(1536K)
[60.769s][info][gc,heap        ] GC(114) ParOldGen: 177326K(1398272K)->177344K(1398272K)
[60.769s][info][gc,metaspace   ] GC(114) Metaspace: 61386K(62272K)->61386K(62272K) NonClass: 53813K(54272K)->53813K(54272K) Class: 7573K(8000K)->7573K(8000K)
[60.769s][info][gc             ] GC(114) Pause Full (System.gc()) 174M->173M(4583M) 112.119ms
[60.769s][info][gc,cpu         ] GC(114) User=2.56s Sys=0.00s Real=0.11s
[61.496s][info][gc,start       ] GC(115) Pause Young (System.gc())
[61.497s][info][gc,heap        ] GC(115) PSYoungGen: 2046252K(3294720K)->1120K(3298816K) Eden: 2046252K(3293184K)->0K(3293184K) From: 0K(1536K)->1120K(5632K)
[61.498s][info][gc,heap        ] GC(115) ParOldGen: 177344K(1398272K)->177344K(1398272K)
[61.498s][info][gc,metaspace   ] GC(115) Metaspace: 61442K(62336K)->61442K(62336K) NonClass: 53869K(54336K)->53869K(54336K) Class: 7573K(8000K)->7573K(8000K)
[61.498s][info][gc             ] GC(115) Pause Young (System.gc()) 2171M->174M(4587M) 1.663ms
[61.498s][info][gc,cpu         ] GC(115) User=0.00s Sys=0.00s Real=0.00s
[61.498s][info][gc,start       ] GC(116) Pause Full (System.gc())
[61.498s][info][gc,phases,start] GC(116) Marking Phase
[61.579s][info][gc,phases      ] GC(116) Marking Phase 81.310ms
[61.579s][info][gc,phases,start] GC(116) Summary Phase
[61.579s][info][gc,phases      ] GC(116) Summary Phase 0.016ms
[61.579s][info][gc,phases,start] GC(116) Adjust Roots
[61.592s][info][gc,phases      ] GC(116) Adjust Roots 12.464ms
[61.592s][info][gc,phases,start] GC(116) Compaction Phase
[61.612s][info][gc,phases      ] GC(116) Compaction Phase 19.767ms
[61.612s][info][gc,phases,start] GC(116) Post Compact
[61.613s][info][gc,phases      ] GC(116) Post Compact 1.414ms
[61.613s][info][gc,heap        ] GC(116) PSYoungGen: 1120K(3298816K)->0K(3298816K) Eden: 0K(3293184K)->0K(3293184K) From: 1120K(5632K)->0K(5632K)
[61.613s][info][gc,heap        ] GC(116) ParOldGen: 177344K(1398272K)->177350K(1398272K)
[61.613s][info][gc,metaspace   ] GC(116) Metaspace: 61442K(62336K)->61442K(62336K) NonClass: 53869K(54336K)->53869K(54336K) Class: 7573K(8000K)->7573K(8000K)
[61.613s][info][gc             ] GC(116) Pause Full (System.gc()) 174M->173M(4587M) 115.309ms
[61.613s][info][gc,cpu         ] GC(116) User=2.09s Sys=0.00s Real=0.10s
[62.339s][info][gc,start       ] GC(117) Pause Young (System.gc())
[62.340s][info][gc,heap        ] GC(117) PSYoungGen: 2007961K(3298816K)->1152K(3294720K) Eden: 2007961K(3293184K)->0K(3293184K) From: 0K(5632K)->1152K(1536K)
[62.340s][info][gc,heap        ] GC(117) ParOldGen: 177350K(1398272K)->177350K(1398272K)
[62.340s][info][gc,metaspace   ] GC(117) Metaspace: 61443K(62336K)->61443K(62336K) NonClass: 53870K(54336K)->53870K(54336K) Class: 7573K(8000K)->7573K(8000K)
[62.340s][info][gc             ] GC(117) Pause Young (System.gc()) 2134M->174M(4583M) 1.680ms
[62.340s][info][gc,cpu         ] GC(117) User=0.02s Sys=0.00s Real=0.02s
[62.341s][info][gc,start       ] GC(118) Pause Full (System.gc())
[62.341s][info][gc,phases,start] GC(118) Marking Phase
[62.420s][info][gc,phases      ] GC(118) Marking Phase 79.535ms
[62.420s][info][gc,phases,start] GC(118) Summary Phase
[62.420s][info][gc,phases      ] GC(118) Summary Phase 0.016ms
[62.420s][info][gc,phases,start] GC(118) Adjust Roots
[62.432s][info][gc,phases      ] GC(118) Adjust Roots 12.259ms
[62.432s][info][gc,phases,start] GC(118) Compaction Phase
[62.462s][info][gc,phases      ] GC(118) Compaction Phase 29.251ms
[62.462s][info][gc,phases,start] GC(118) Post Compact
[62.463s][info][gc,phases      ] GC(118) Post Compact 1.415ms
[62.463s][info][gc,heap        ] GC(118) PSYoungGen: 1152K(3294720K)->0K(3294720K) Eden: 0K(3293184K)->0K(3293184K) From: 1152K(1536K)->0K(1536K)
[62.463s][info][gc,heap        ] GC(118) ParOldGen: 177350K(1398272K)->177367K(1398272K)
[62.463s][info][gc,metaspace   ] GC(118) Metaspace: 61443K(62336K)->61443K(62336K) NonClass: 53870K(54336K)->53870K(54336K) Class: 7573K(8000K)->7573K(8000K)
[62.463s][info][gc             ] GC(118) Pause Full (System.gc()) 174M->173M(4583M) 122.788ms
[62.463s][info][gc,cpu         ] GC(118) User=2.72s Sys=0.00s Real=0.11s
[63.208s][info][gc,start       ] GC(119) Pause Young (System.gc())
[63.210s][info][gc,heap        ] GC(119) PSYoungGen: 2007948K(3294720K)->1152K(3297792K) Eden: 2007948K(3293184K)->0K(3293184K) From: 0K(1536K)->1152K(4608K)
[63.210s][info][gc,heap        ] GC(119) ParOldGen: 177367K(1398272K)->177367K(1398272K)
[63.210s][info][gc,metaspace   ] GC(119) Metaspace: 61446K(62336K)->61446K(62336K) NonClass: 53873K(54336K)->53873K(54336K) Class: 7573K(8000K)->7573K(8000K)
[63.210s][info][gc             ] GC(119) Pause Young (System.gc()) 2134M->174M(4586M) 1.510ms
[63.210s][info][gc,cpu         ] GC(119) User=0.00s Sys=0.00s Real=0.00s
[63.210s][info][gc,start       ] GC(120) Pause Full (System.gc())
[63.210s][info][gc,phases,start] GC(120) Marking Phase
[63.291s][info][gc,phases      ] GC(120) Marking Phase 80.421ms
[63.291s][info][gc,phases,start] GC(120) Summary Phase
[63.291s][info][gc,phases      ] GC(120) Summary Phase 0.021ms
[63.291s][info][gc,phases,start] GC(120) Adjust Roots
[63.301s][info][gc,phases      ] GC(120) Adjust Roots 10.848ms
[63.301s][info][gc,phases,start] GC(120) Compaction Phase
[63.324s][info][gc,phases      ] GC(120) Compaction Phase 22.404ms
[63.324s][info][gc,phases,start] GC(120) Post Compact
[63.325s][info][gc,phases      ] GC(120) Post Compact 1.381ms
[63.325s][info][gc,heap        ] GC(120) PSYoungGen: 1152K(3297792K)->0K(3297792K) Eden: 0K(3293184K)->0K(3293184K) From: 1152K(4608K)->0K(4608K)
[63.325s][info][gc,heap        ] GC(120) ParOldGen: 177367K(1398272K)->177384K(1398272K)
[63.325s][info][gc,metaspace   ] GC(120) Metaspace: 61446K(62336K)->61446K(62336K) NonClass: 53873K(54336K)->53873K(54336K) Class: 7573K(8000K)->7573K(8000K)
[63.325s][info][gc             ] GC(120) Pause Full (System.gc()) 174M->173M(4586M) 115.359ms
[63.326s][info][gc,cpu         ] GC(120) User=2.64s Sys=0.00s Real=0.12s
[64.076s][info][gc,start       ] GC(121) Pause Young (System.gc())
[64.077s][info][gc,heap        ] GC(121) PSYoungGen: 2038535K(3297792K)->1120K(3298304K) Eden: 2038535K(3293184K)->0K(3293184K) From: 0K(4608K)->1120K(5120K)
[64.078s][info][gc,heap        ] GC(121) ParOldGen: 177384K(1398272K)->177384K(1398272K)
[64.078s][info][gc,metaspace   ] GC(121) Metaspace: 61455K(62336K)->61455K(62336K) NonClass: 53882K(54336K)->53882K(54336K) Class: 7573K(8000K)->7573K(8000K)
[64.078s][info][gc             ] GC(121) Pause Young (System.gc()) 2163M->174M(4586M) 1.403ms
[64.078s][info][gc,cpu         ] GC(121) User=0.00s Sys=0.00s Real=0.00s
[64.078s][info][gc,start       ] GC(122) Pause Full (System.gc())
[64.078s][info][gc,phases,start] GC(122) Marking Phase
[64.164s][info][gc,phases      ] GC(122) Marking Phase 86.399ms
[64.164s][info][gc,phases,start] GC(122) Summary Phase
[64.164s][info][gc,phases      ] GC(122) Summary Phase 0.017ms
[64.164s][info][gc,phases,start] GC(122) Adjust Roots
[64.175s][info][gc,phases      ] GC(122) Adjust Roots 10.410ms
[64.175s][info][gc,phases,start] GC(122) Compaction Phase
[64.200s][info][gc,phases      ] GC(122) Compaction Phase 24.911ms
[64.200s][info][gc,phases,start] GC(122) Post Compact
[64.201s][info][gc,phases      ] GC(122) Post Compact 1.379ms
[64.201s][info][gc,heap        ] GC(122) PSYoungGen: 1120K(3298304K)->0K(3298304K) Eden: 0K(3293184K)->0K(3293184K) From: 1120K(5120K)->0K(5120K)
[64.201s][info][gc,heap        ] GC(122) ParOldGen: 177384K(1398272K)->177404K(1398272K)
[64.201s][info][gc,metaspace   ] GC(122) Metaspace: 61455K(62336K)->61455K(62336K) NonClass: 53882K(54336K)->53882K(54336K) Class: 7573K(8000K)->7573K(8000K)
[64.201s][info][gc             ] GC(122) Pause Full (System.gc()) 174M->173M(4586M) 123.447ms
[64.201s][info][gc,cpu         ] GC(122) User=3.14s Sys=0.02s Real=0.13s
[64.946s][info][gc,start       ] GC(123) Pause Young (System.gc())
[64.947s][info][gc,heap        ] GC(123) PSYoungGen: 2039709K(3298304K)->1152K(3297280K) Eden: 2039709K(3293184K)->0K(3293184K) From: 0K(5120K)->1152K(4096K)
[64.947s][info][gc,heap        ] GC(123) ParOldGen: 177404K(1398272K)->177404K(1398272K)
[64.948s][info][gc,metaspace   ] GC(123) Metaspace: 61471K(62400K)->61471K(62400K) NonClass: 53898K(54400K)->53898K(54400K) Class: 7573K(8000K)->7573K(8000K)
[64.948s][info][gc             ] GC(123) Pause Young (System.gc()) 2165M->174M(4585M) 1.541ms
[64.948s][info][gc,cpu         ] GC(123) User=0.00s Sys=0.00s Real=0.00s
[64.948s][info][gc,start       ] GC(124) Pause Full (System.gc())
[64.948s][info][gc,phases,start] GC(124) Marking Phase
[65.026s][info][gc,phases      ] GC(124) Marking Phase 77.767ms
[65.026s][info][gc,phases,start] GC(124) Summary Phase
[65.026s][info][gc,phases      ] GC(124) Summary Phase 0.018ms
[65.026s][info][gc,phases,start] GC(124) Adjust Roots
[65.039s][info][gc,phases      ] GC(124) Adjust Roots 13.282ms
[65.039s][info][gc,phases,start] GC(124) Compaction Phase
[65.062s][info][gc,phases      ] GC(124) Compaction Phase 22.520ms
[65.062s][info][gc,phases,start] GC(124) Post Compact
[65.063s][info][gc,phases      ] GC(124) Post Compact 1.384ms
[65.063s][info][gc,heap        ] GC(124) PSYoungGen: 1152K(3297280K)->0K(3297280K) Eden: 0K(3293184K)->0K(3293184K) From: 1152K(4096K)->0K(4096K)
[65.063s][info][gc,heap        ] GC(124) ParOldGen: 177404K(1398272K)->177421K(1398272K)
[65.063s][info][gc,metaspace   ] GC(124) Metaspace: 61471K(62400K)->61471K(62400K) NonClass: 53898K(54400K)->53898K(54400K) Class: 7573K(8000K)->7573K(8000K)
[65.063s][info][gc             ] GC(124) Pause Full (System.gc()) 174M->173M(4585M) 115.277ms
[65.063s][info][gc,cpu         ] GC(124) User=2.41s Sys=0.00s Real=0.11s
[65.826s][info][gc,start       ] GC(125) Pause Young (System.gc())
[65.827s][info][gc,heap        ] GC(125) PSYoungGen: 2008056K(3297280K)->1120K(3297792K) Eden: 2008056K(3293184K)->0K(3293184K) From: 0K(4096K)->1120K(4608K)
[65.827s][info][gc,heap        ] GC(125) ParOldGen: 177421K(1398272K)->177421K(1398272K)
[65.827s][info][gc,metaspace   ] GC(125) Metaspace: 61474K(62400K)->61474K(62400K) NonClass: 53901K(54400K)->53901K(54400K) Class: 7573K(8000K)->7573K(8000K)
[65.827s][info][gc             ] GC(125) Pause Young (System.gc()) 2134M->174M(4586M) 1.364ms
[65.827s][info][gc,cpu         ] GC(125) User=0.00s Sys=0.00s Real=0.00s
[65.828s][info][gc,start       ] GC(126) Pause Full (System.gc())
[65.828s][info][gc,phases,start] GC(126) Marking Phase
[65.910s][info][gc,phases      ] GC(126) Marking Phase 81.980ms
[65.910s][info][gc,phases,start] GC(126) Summary Phase
[65.910s][info][gc,phases      ] GC(126) Summary Phase 0.017ms
[65.910s][info][gc,phases,start] GC(126) Adjust Roots
[65.922s][info][gc,phases      ] GC(126) Adjust Roots 12.011ms
[65.922s][info][gc,phases,start] GC(126) Compaction Phase
[65.946s][info][gc,phases      ] GC(126) Compaction Phase 24.570ms
[65.946s][info][gc,phases,start] GC(126) Post Compact
[65.948s][info][gc,phases      ] GC(126) Post Compact 1.370ms
[65.948s][info][gc,heap        ] GC(126) PSYoungGen: 1120K(3297792K)->0K(3297792K) Eden: 0K(3293184K)->0K(3293184K) From: 1120K(4608K)->0K(4608K)
[65.948s][info][gc,heap        ] GC(126) ParOldGen: 177421K(1398272K)->177437K(1398272K)
[65.948s][info][gc,metaspace   ] GC(126) Metaspace: 61474K(62400K)->61474K(62400K) NonClass: 53901K(54400K)->53901K(54400K) Class: 7573K(8000K)->7573K(8000K)
[65.948s][info][gc             ] GC(126) Pause Full (System.gc()) 174M->173M(4586M) 120.251ms
[65.948s][info][gc,cpu         ] GC(126) User=2.63s Sys=0.00s Real=0.13s
[66.703s][info][gc,start       ] GC(127) Pause Young (System.gc())
[66.705s][info][gc,heap        ] GC(127) PSYoungGen: 2008154K(3297792K)->1120K(3296768K) Eden: 2008154K(3293184K)->0K(3293184K) From: 0K(4608K)->1120K(3584K)
[66.705s][info][gc,heap        ] GC(127) ParOldGen: 177437K(1398272K)->177437K(1398272K)
[66.705s][info][gc,metaspace   ] GC(127) Metaspace: 61481K(62400K)->61481K(62400K) NonClass: 53908K(54400K)->53908K(54400K) Class: 7573K(8000K)->7573K(8000K)
[66.705s][info][gc             ] GC(127) Pause Young (System.gc()) 2134M->174M(4585M) 1.616ms
[66.705s][info][gc,cpu         ] GC(127) User=0.00s Sys=0.00s Real=0.00s
[66.705s][info][gc,start       ] GC(128) Pause Full (System.gc())
[66.705s][info][gc,phases,start] GC(128) Marking Phase
[66.786s][info][gc,phases      ] GC(128) Marking Phase 80.770ms
[66.786s][info][gc,phases,start] GC(128) Summary Phase
[66.786s][info][gc,phases      ] GC(128) Summary Phase 0.016ms
[66.786s][info][gc,phases,start] GC(128) Adjust Roots
[66.798s][info][gc,phases      ] GC(128) Adjust Roots 11.825ms
[66.798s][info][gc,phases,start] GC(128) Compaction Phase
[66.820s][info][gc,phases      ] GC(128) Compaction Phase 21.733ms
[66.820s][info][gc,phases,start] GC(128) Post Compact
[66.821s][info][gc,phases      ] GC(128) Post Compact 1.330ms
[66.821s][info][gc,heap        ] GC(128) PSYoungGen: 1120K(3296768K)->0K(3296768K) Eden: 0K(3293184K)->0K(3293184K) From: 1120K(3584K)->0K(3584K)
[66.821s][info][gc,heap        ] GC(128) ParOldGen: 177437K(1398272K)->177453K(1398272K)
[66.821s][info][gc,metaspace   ] GC(128) Metaspace: 61481K(62400K)->61481K(62400K) NonClass: 53908K(54400K)->53908K(54400K) Class: 7573K(8000K)->7573K(8000K)
[66.821s][info][gc             ] GC(128) Pause Full (System.gc()) 174M->173M(4585M) 115.977ms
[66.821s][info][gc,cpu         ] GC(128) User=2.50s Sys=0.00s Real=0.11s
[67.563s][info][gc,start       ] GC(129) Pause Young (System.gc())
[67.564s][info][gc,heap        ] GC(129) PSYoungGen: 2008487K(3296768K)->1120K(3297280K) Eden: 2008487K(3293184K)->0K(3293184K) From: 0K(3584K)->1120K(4096K)
[67.564s][info][gc,heap        ] GC(129) ParOldGen: 177453K(1398272K)->177453K(1398272K)
[67.564s][info][gc,metaspace   ] GC(129) Metaspace: 61486K(62464K)->61486K(62464K) NonClass: 53913K(54464K)->53913K(54464K) Class: 7573K(8000K)->7573K(8000K)
[67.564s][info][gc             ] GC(129) Pause Young (System.gc()) 2134M->174M(4585M) 1.327ms
[67.564s][info][gc,cpu         ] GC(129) User=0.00s Sys=0.00s Real=0.00s
[67.564s][info][gc,start       ] GC(130) Pause Full (System.gc())
[67.564s][info][gc,phases,start] GC(130) Marking Phase
[67.659s][info][gc,phases      ] GC(130) Marking Phase 94.477ms
[67.659s][info][gc,phases,start] GC(130) Summary Phase
[67.659s][info][gc,phases      ] GC(130) Summary Phase 0.016ms
[67.659s][info][gc,phases,start] GC(130) Adjust Roots
[67.670s][info][gc,phases      ] GC(130) Adjust Roots 11.487ms
[67.670s][info][gc,phases,start] GC(130) Compaction Phase
[67.693s][info][gc,phases      ] GC(130) Compaction Phase 22.585ms
[67.693s][info][gc,phases,start] GC(130) Post Compact
[67.694s][info][gc,phases      ] GC(130) Post Compact 1.420ms
[67.695s][info][gc,heap        ] GC(130) PSYoungGen: 1120K(3297280K)->0K(3297280K) Eden: 0K(3293184K)->0K(3293184K) From: 1120K(4096K)->0K(4096K)
[67.695s][info][gc,heap        ] GC(130) ParOldGen: 177453K(1398272K)->177471K(1398272K)
[67.695s][info][gc,metaspace   ] GC(130) Metaspace: 61486K(62464K)->61486K(62464K) NonClass: 53913K(54464K)->53913K(54464K) Class: 7573K(8000K)->7573K(8000K)
[67.695s][info][gc             ] GC(130) Pause Full (System.gc()) 174M->173M(4585M) 130.316ms
[67.695s][info][gc,cpu         ] GC(130) User=3.14s Sys=0.00s Real=0.13s
[68.651s][info][gc,heap,exit   ] Heap
[68.651s][info][gc,heap,exit   ]  PSYoungGen      total 3297280K, used 2406055K [0x0000000580100000, 0x0000000649900000, 0x0000000800000000)
[68.651s][info][gc,heap,exit   ]   eden space 3293184K, 73% used [0x0000000580100000,0x0000000612ea9ee8,0x0000000649100000)
[68.651s][info][gc,heap,exit   ]   from space 4096K, 0% used [0x0000000649100000,0x0000000649100000,0x0000000649500000)
[68.651s][info][gc,heap,exit   ]   to   space 4096K, 0% used [0x0000000649500000,0x0000000649500000,0x0000000649900000)
[68.651s][info][gc,heap,exit   ]  ParOldGen       total 1398272K, used 177471K [0x0000000080200000, 0x00000000d5780000, 0x0000000580100000)
[68.651s][info][gc,heap,exit   ]   object space 1398272K, 12% used [0x0000000080200000,0x000000008af4fd38,0x00000000d5780000)
[68.651s][info][gc,heap,exit   ]  Metaspace       used 61894K, committed 62784K, reserved 1114112K
[68.651s][info][gc,heap,exit   ]   class space    used 7652K, committed 8064K, reserved 1048576K
