[0.015s][info][gc,init] Initializing The Z Garbage Collector
[0.015s][info][gc,init] Version: 20+36-2344 (release)
[0.015s][info][gc,init] NUMA Support: Disabled
[0.015s][info][gc,init] CPUs: 48 total, 48 available
[0.015s][info][gc,init] Memory: 391843M
[0.015s][info][gc,init] Large Page Support: Disabled
[0.015s][info][gc,init] GC Workers: 12 (dynamic)
[0.017s][info][gc,init] Address Space Type: Contiguous/Unrestricted/Complete
[0.017s][info][gc,init] Address Space Size: 491488M x 3 = 1474464M
[0.017s][info][gc,init] Min Capacity: 8M
[0.017s][info][gc,init] Initial Capacity: 2048M
[0.036s][info][gc,init] Max Capacity: 30718M
[0.036s][info][gc,init] Medium Page Size: 32M
[0.036s][info][gc,init] Pre-touch: Disabled
[0.037s][info][gc,init] Uncommit: Enabled
[0.037s][info][gc,init] Uncommit Delay: 300s
[0.118s][info][gc,init] Runtime Workers: 29
[0.120s][info][gc     ] Using The Z Garbage Collector
[0.121s][info][gc,metaspace] CDS archive(s) mapped at: [0x0000000800000000-0x0000000800c60000-0x0000000800c60000), size 12976128, SharedBaseAddress: 0x0000000800000000, ArchiveRelocationMode: 0.
[0.121s][info][gc,metaspace] Compressed class space mapped at: 0x0000000801000000-0x0000000841000000, reserved size: 1073741824
[0.121s][info][gc,metaspace] Narrow klass base: 0x0000000800000000, Narrow klass shift: 0, Narrow klass range: 0x100000000
[9.982s][info][gc,start    ] GC(0) Garbage Collection (Metadata GC Threshold)
[9.982s][info][gc,task     ] GC(0) Using 12 workers
[9.982s][info][gc,phases   ] GC(0) Pause Mark Start 0.017ms
[10.014s][info][gc,phases   ] GC(0) Concurrent Mark 31.892ms
[10.015s][info][gc,phases   ] GC(0) Pause Mark End 0.026ms
[10.015s][info][gc,phases   ] GC(0) Concurrent Mark Free 0.001ms
[10.017s][info][gc,phases   ] GC(0) Concurrent Process Non-Strong References 2.264ms
[10.017s][info][gc,phases   ] GC(0) Concurrent Reset Relocation Set 0.001ms
[10.034s][info][gc,phases   ] GC(0) Concurrent Select Relocation Set 16.381ms
[10.034s][info][gc,phases   ] GC(0) Pause Relocate Start 0.011ms
[10.039s][info][gc,phases   ] GC(0) Concurrent Relocate 4.856ms
[10.039s][info][gc,load     ] GC(0) Load: 0.00/0.00/0.00
[10.039s][info][gc,mmu      ] GC(0) MMU: 2ms/98.7%, 5ms/99.5%, 10ms/99.7%, 20ms/99.8%, 50ms/99.9%, 100ms/99.9%
[10.039s][info][gc,marking  ] GC(0) Mark: 8 stripe(s), 2 proactive flush(es), 1 terminate flush(es), 0 completion(s), 0 continuation(s) 
[10.039s][info][gc,marking  ] GC(0) Mark Stack Usage: 32M
[10.039s][info][gc,nmethod  ] GC(0) NMethods: 1871 registered, 334 unregistered
[10.039s][info][gc,metaspace] GC(0) Metaspace: 21M used, 21M committed, 1088M reserved
[10.039s][info][gc,ref      ] GC(0) Soft: 3532 encountered, 0 discovered, 0 enqueued
[10.039s][info][gc,ref      ] GC(0) Weak: 1699 encountered, 514 discovered, 502 enqueued
[10.039s][info][gc,ref      ] GC(0) Final: 1 encountered, 0 discovered, 0 enqueued
[10.039s][info][gc,ref      ] GC(0) Phantom: 958 encountered, 826 discovered, 377 enqueued
[10.039s][info][gc,reloc    ] GC(0) Small Pages: 47 / 94M, Empty: 0M, Relocated: 8M, In-Place: 0
[10.039s][info][gc,reloc    ] GC(0) Medium Pages: 1 / 32M, Empty: 0M, Relocated: 0M, In-Place: 0
[10.039s][info][gc,reloc    ] GC(0) Large Pages: 0 / 0M, Empty: 0M, Relocated: 0M, In-Place: 0
[10.039s][info][gc,reloc    ] GC(0) Forwarding Usage: 2M
[10.039s][info][gc,heap     ] GC(0) Min Capacity: 8M(0%)
[10.039s][info][gc,heap     ] GC(0) Max Capacity: 30718M(100%)
[10.039s][info][gc,heap     ] GC(0) Soft Max Capacity: 30718M(100%)
[10.039s][info][gc,heap     ] GC(0)                Mark Start          Mark End        Relocate Start      Relocate End           High               Low         
[10.039s][info][gc,heap     ] GC(0)  Capacity:     2048M (7%)         2048M (7%)         2048M (7%)         2048M (7%)         2048M (7%)         2048M (7%)     
[10.039s][info][gc,heap     ] GC(0)      Free:    30592M (100%)      30586M (100%)      30580M (100%)      30642M (100%)      30642M (100%)      30564M (99%)    
[10.039s][info][gc,heap     ] GC(0)      Used:      126M (0%)          132M (0%)          138M (0%)           76M (0%)          154M (1%)           76M (0%)     
[10.039s][info][gc,heap     ] GC(0)      Live:         -                19M (0%)           19M (0%)           19M (0%)             -                  -          
[10.039s][info][gc,heap     ] GC(0) Allocated:         -                 6M (0%)           12M (0%)           11M (0%)             -                  -          
[10.039s][info][gc,heap     ] GC(0)   Garbage:         -               106M (0%)          106M (0%)           44M (0%)             -                  -          
[10.039s][info][gc,heap     ] GC(0) Reclaimed:         -                  -                 0M (0%)           61M (0%)             -                  -          
[10.039s][info][gc          ] GC(0) Garbage Collection (Metadata GC Threshold) 126M(0%)->76M(0%)
[10.155s][info][gc,stats    ] === Garbage Collection Statistics =======================================================================================================================
[10.155s][info][gc,stats    ]                                                              Last 10s              Last 10m              Last 10h                Total
[10.155s][info][gc,stats    ]                                                              Avg / Max             Avg / Max             Avg / Max             Avg / Max
[10.155s][info][gc,stats    ]   Collector: Garbage Collection Cycle                     56.579 / 56.579       56.579 / 56.579       56.579 / 56.579       56.579 / 56.579      ms
[10.155s][info][gc,stats    ]  Contention: Mark Segment Reset Contention                     0 / 0                 0 / 0                 0 / 0                 0 / 0           ops/s
[10.155s][info][gc,stats    ]  Contention: Mark SeqNum Reset Contention                      0 / 0                 0 / 0                 0 / 0                 0 / 0           ops/s
[10.155s][info][gc,stats    ]    Critical: Allocation Stall                                  0 / 0                 0 / 0                 0 / 0                 0 / 0           ops/s
[10.155s][info][gc,stats    ]    Critical: Allocation Stall                              0.000 / 0.000         0.000 / 0.000         0.000 / 0.000         0.000 / 0.000       ms
[10.155s][info][gc,stats    ]    Critical: GC Locker Stall                                   0 / 0                 0 / 0                 0 / 0                 0 / 0           ops/s
[10.155s][info][gc,stats    ]    Critical: GC Locker Stall                               0.000 / 0.000         0.000 / 0.000         0.000 / 0.000         0.000 / 0.000       ms
[10.155s][info][gc,stats    ]    Critical: Relocation Stall                                  0 / 0                 0 / 0                 0 / 0                 0 / 0           ops/s
[10.156s][info][gc,stats    ]    Critical: Relocation Stall                              0.000 / 0.000         0.000 / 0.000         0.000 / 0.000         0.000 / 0.000       ms
[10.156s][info][gc,stats    ]      Memory: Allocation Rate                                  14 / 60               14 / 60               14 / 60               14 / 60          MB/s
[10.156s][info][gc,stats    ]      Memory: Defragment                                        0 / 0                 0 / 0                 0 / 0                 0 / 0           ops/s
[10.156s][info][gc,stats    ]      Memory: Out Of Memory                                     0 / 0                 0 / 0                 0 / 0                 0 / 0           ops/s
[10.156s][info][gc,stats    ]      Memory: Page Cache Flush                                  0 / 0                 0 / 0                 0 / 0                 0 / 0           MB/s
[10.156s][info][gc,stats    ]      Memory: Page Cache Hit L1                                 1 / 10                1 / 10                1 / 10                1 / 10          ops/s
[10.156s][info][gc,stats    ]      Memory: Page Cache Hit L2                                 0 / 0                 0 / 0                 0 / 0                 0 / 0           ops/s
[10.156s][info][gc,stats    ]      Memory: Page Cache Hit L3                                 6 / 32                6 / 32                6 / 32                6 / 32          ops/s
[10.156s][info][gc,stats    ]      Memory: Page Cache Miss                                   0 / 1                 0 / 1                 0 / 1                 0 / 1           ops/s
[10.156s][info][gc,stats    ]      Memory: Uncommit                                          0 / 0                 0 / 0                 0 / 0                 0 / 0           MB/s
[10.156s][info][gc,stats    ]      Memory: Undo Object Allocation Failed                     0 / 0                 0 / 0                 0 / 0                 0 / 0           ops/s
[10.156s][info][gc,stats    ]      Memory: Undo Object Allocation Succeeded                  0 / 0                 0 / 0                 0 / 0                 0 / 0           ops/s
[10.156s][info][gc,stats    ]      Memory: Undo Page Allocation                              0 / 0                 0 / 0                 0 / 0                 0 / 0           ops/s
[10.156s][info][gc,stats    ]       Phase: Concurrent Mark                              31.892 / 31.892       31.892 / 31.892       31.892 / 31.892       31.892 / 31.892      ms
[10.156s][info][gc,stats    ]       Phase: Concurrent Mark Continue                      0.000 / 0.000         0.000 / 0.000         0.000 / 0.000         0.000 / 0.000       ms
[10.156s][info][gc,stats    ]       Phase: Concurrent Mark Free                          0.001 / 0.001         0.001 / 0.001         0.001 / 0.001         0.001 / 0.001       ms
[10.156s][info][gc,stats    ]       Phase: Concurrent Process Non-Strong References      2.264 / 2.264         2.264 / 2.264         2.264 / 2.264         2.264 / 2.264       ms
[10.156s][info][gc,stats    ]       Phase: Concurrent Relocate                           4.856 / 4.856         4.856 / 4.856         4.856 / 4.856         4.856 / 4.856       ms
[10.156s][info][gc,stats    ]       Phase: Concurrent Reset Relocation Set               0.001 / 0.001         0.001 / 0.001         0.001 / 0.001         0.001 / 0.001       ms
[10.156s][info][gc,stats    ]       Phase: Concurrent Select Relocation Set             16.381 / 16.381       16.381 / 16.381       16.381 / 16.381       16.381 / 16.381      ms
[10.156s][info][gc,stats    ]       Phase: Pause Mark End                                0.026 / 0.026         0.026 / 0.026         0.026 / 0.026         0.026 / 0.026       ms
[10.156s][info][gc,stats    ]       Phase: Pause Mark Start                              0.017 / 0.017         0.017 / 0.017         0.017 / 0.017         0.017 / 0.017       ms
[10.156s][info][gc,stats    ]       Phase: Pause Relocate Start                          0.011 / 0.011         0.011 / 0.011         0.011 / 0.011         0.011 / 0.011       ms
[10.156s][info][gc,stats    ]    Subphase: Concurrent Classes Purge                      1.261 / 1.261         1.261 / 1.261         1.261 / 1.261         1.261 / 1.261       ms
[10.156s][info][gc,stats    ]    Subphase: Concurrent Classes Unlink                     0.657 / 0.657         0.657 / 0.657         0.657 / 0.657         0.657 / 0.657       ms
[10.156s][info][gc,stats    ]    Subphase: Concurrent Mark                              27.665 / 29.216       27.665 / 29.216       27.665 / 29.216       27.665 / 29.216      ms
[10.157s][info][gc,stats    ]    Subphase: Concurrent Mark Try Flush                     0.038 / 0.056         0.038 / 0.056         0.038 / 0.056         0.038 / 0.056       ms
[10.157s][info][gc,stats    ]    Subphase: Concurrent Mark Try Terminate                10.055 / 15.660       10.055 / 15.660       10.055 / 15.660       10.055 / 15.660      ms
[10.157s][info][gc,stats    ]    Subphase: Concurrent References Enqueue                 0.004 / 0.004         0.004 / 0.004         0.004 / 0.004         0.004 / 0.004       ms
[10.157s][info][gc,stats    ]    Subphase: Concurrent References Process                 0.077 / 0.077         0.077 / 0.077         0.077 / 0.077         0.077 / 0.077       ms
[10.157s][info][gc,stats    ]    Subphase: Concurrent Roots ClassLoaderDataGraph         0.111 / 0.717         0.111 / 0.717         0.111 / 0.717         0.111 / 0.717       ms
[10.157s][info][gc,stats    ]    Subphase: Concurrent Roots CodeCache                    0.000 / 0.000         0.000 / 0.000         0.000 / 0.000         0.000 / 0.000       ms
[10.157s][info][gc,stats    ]    Subphase: Concurrent Roots JavaThreads                  0.539 / 2.351         0.539 / 2.351         0.539 / 2.351         0.539 / 2.351       ms
[10.157s][info][gc,stats    ]    Subphase: Concurrent Roots OopStorageSet                0.116 / 0.263         0.116 / 0.263         0.116 / 0.263         0.116 / 0.263       ms
[10.157s][info][gc,stats    ]    Subphase: Concurrent Weak Roots OopStorageSet           0.109 / 0.114         0.109 / 0.114         0.109 / 0.114         0.109 / 0.114       ms
[10.157s][info][gc,stats    ]    Subphase: Pause Mark Try Complete                       0.000 / 0.000         0.000 / 0.000         0.000 / 0.000         0.000 / 0.000       ms
[10.157s][info][gc,stats    ]      System: Java Threads                                     19 / 19               19 / 19               19 / 19               19 / 19          threads
[10.157s][info][gc,stats    ] =========================================================================================================================================================
[11.013s][info][gc,start    ] GC(1) Garbage Collection (Metadata GC Threshold)
[11.013s][info][gc,task     ] GC(1) Using 12 workers
[11.014s][info][gc,phases   ] GC(1) Pause Mark Start 0.015ms
[11.045s][info][gc,phases   ] GC(1) Concurrent Mark 31.707ms
[11.046s][info][gc,phases   ] GC(1) Pause Mark End 0.022ms
[11.046s][info][gc,phases   ] GC(1) Concurrent Mark Free 0.001ms
[11.048s][info][gc,phases   ] GC(1) Concurrent Process Non-Strong References 1.835ms
[11.048s][info][gc,phases   ] GC(1) Concurrent Reset Relocation Set 0.005ms
[11.056s][info][gc,phases   ] GC(1) Concurrent Select Relocation Set 7.815ms
[11.056s][info][gc,phases   ] GC(1) Pause Relocate Start 0.009ms
[11.063s][info][gc,phases   ] GC(1) Concurrent Relocate 7.245ms
[11.063s][info][gc,load     ] GC(1) Load: 0.00/0.00/0.00
[11.063s][info][gc,mmu      ] GC(1) MMU: 2ms/98.7%, 5ms/99.5%, 10ms/99.7%, 20ms/99.8%, 50ms/99.9%, 100ms/99.9%
[11.063s][info][gc,marking  ] GC(1) Mark: 8 stripe(s), 2 proactive flush(es), 1 terminate flush(es), 0 completion(s), 0 continuation(s) 
[11.063s][info][gc,marking  ] GC(1) Mark Stack Usage: 32M
[11.063s][info][gc,nmethod  ] GC(1) NMethods: 2730 registered, 150 unregistered
[11.063s][info][gc,metaspace] GC(1) Metaspace: 36M used, 37M committed, 1088M reserved
[11.063s][info][gc,ref      ] GC(1) Soft: 3858 encountered, 0 discovered, 0 enqueued
[11.064s][info][gc,ref      ] GC(1) Weak: 2870 encountered, 682 discovered, 509 enqueued
[11.064s][info][gc,ref      ] GC(1) Final: 232 encountered, 0 discovered, 0 enqueued
[11.064s][info][gc,ref      ] GC(1) Phantom: 972 encountered, 803 discovered, 381 enqueued
[11.064s][info][gc,reloc    ] GC(1) Small Pages: 65 / 130M, Empty: 0M, Relocated: 13M, In-Place: 0
[11.064s][info][gc,reloc    ] GC(1) Medium Pages: 1 / 32M, Empty: 0M, Relocated: 0M, In-Place: 0
[11.064s][info][gc,reloc    ] GC(1) Large Pages: 0 / 0M, Empty: 0M, Relocated: 0M, In-Place: 0
[11.064s][info][gc,reloc    ] GC(1) Forwarding Usage: 4M
[11.064s][info][gc,heap     ] GC(1) Min Capacity: 8M(0%)
[11.064s][info][gc,heap     ] GC(1) Max Capacity: 30718M(100%)
[11.064s][info][gc,heap     ] GC(1) Soft Max Capacity: 30718M(100%)
[11.064s][info][gc,heap     ] GC(1)                Mark Start          Mark End        Relocate Start      Relocate End           High               Low         
[11.064s][info][gc,heap     ] GC(1)  Capacity:     2048M (7%)         2048M (7%)         2048M (7%)         2048M (7%)         2048M (7%)         2048M (7%)     
[11.064s][info][gc,heap     ] GC(1)      Free:    30556M (99%)       30552M (99%)       30548M (99%)       30640M (100%)      30640M (100%)      30534M (99%)    
[11.064s][info][gc,heap     ] GC(1)      Used:      162M (1%)          166M (1%)          170M (1%)           78M (0%)          184M (1%)           78M (0%)     
[11.064s][info][gc,heap     ] GC(1)      Live:         -                27M (0%)           27M (0%)           27M (0%)             -                  -          
[11.064s][info][gc,heap     ] GC(1) Allocated:         -                 4M (0%)            8M (0%)            9M (0%)             -                  -          
[11.064s][info][gc,heap     ] GC(1)   Garbage:         -               134M (0%)          134M (0%)           40M (0%)             -                  -          
[11.064s][info][gc,heap     ] GC(1) Reclaimed:         -                  -                 0M (0%)           93M (0%)             -                  -          
[11.064s][info][gc          ] GC(1) Garbage Collection (Metadata GC Threshold) 162M(1%)->78M(0%)
[13.593s][info][gc,start    ] GC(2) Garbage Collection (System.gc())
[13.593s][info][gc,task     ] GC(2) Using 12 workers
[13.594s][info][gc,phases   ] GC(2) Pause Mark Start 0.015ms
[13.626s][info][gc,phases   ] GC(2) Concurrent Mark 32.729ms
[13.627s][info][gc,phases   ] GC(2) Pause Mark End 0.023ms
[13.627s][info][gc,phases   ] GC(2) Concurrent Mark Free 0.001ms
[13.629s][info][gc,phases   ] GC(2) Concurrent Process Non-Strong References 2.264ms
[13.629s][info][gc,phases   ] GC(2) Concurrent Reset Relocation Set 0.006ms
[13.633s][info][gc,phases   ] GC(2) Concurrent Select Relocation Set 3.786ms
[13.633s][info][gc,phases   ] GC(2) Pause Relocate Start 0.009ms
[13.638s][info][gc,phases   ] GC(2) Concurrent Relocate 4.513ms
[13.638s][info][gc,load     ] GC(2) Load: 0.00/0.00/0.00
[13.638s][info][gc,mmu      ] GC(2) MMU: 2ms/98.7%, 5ms/99.5%, 10ms/99.7%, 20ms/99.8%, 50ms/99.9%, 100ms/99.9%
[13.638s][info][gc,marking  ] GC(2) Mark: 8 stripe(s), 5 proactive flush(es), 1 terminate flush(es), 0 completion(s), 0 continuation(s) 
[13.638s][info][gc,marking  ] GC(2) Mark Stack Usage: 32M
[13.638s][info][gc,nmethod  ] GC(2) NMethods: 3303 registered, 358 unregistered
[13.638s][info][gc,metaspace] GC(2) Metaspace: 46M used, 47M committed, 1088M reserved
[13.638s][info][gc,ref      ] GC(2) Soft: 4056 encountered, 0 discovered, 0 enqueued
[13.638s][info][gc,ref      ] GC(2) Weak: 3620 encountered, 1868 discovered, 525 enqueued
[13.638s][info][gc,ref      ] GC(2) Final: 232 encountered, 13 discovered, 0 enqueued
[13.638s][info][gc,ref      ] GC(2) Phantom: 986 encountered, 935 discovered, 389 enqueued
[13.638s][info][gc,reloc    ] GC(2) Small Pages: 745 / 1490M, Empty: 1370M, Relocated: 8M, In-Place: 0
[13.638s][info][gc,reloc    ] GC(2) Medium Pages: 2 / 64M, Empty: 32M, Relocated: 0M, In-Place: 0
[13.638s][info][gc,reloc    ] GC(2) Large Pages: 1 / 6M, Empty: 6M, Relocated: 0M, In-Place: 0
[13.638s][info][gc,reloc    ] GC(2) Forwarding Usage: 3M
[13.638s][info][gc,heap     ] GC(2) Min Capacity: 8M(0%)
[13.638s][info][gc,heap     ] GC(2) Max Capacity: 30718M(100%)
[13.638s][info][gc,heap     ] GC(2) Soft Max Capacity: 30718M(100%)
[13.638s][info][gc,heap     ] GC(2)                Mark Start          Mark End        Relocate Start      Relocate End           High               Low         
[13.638s][info][gc,heap     ] GC(2)  Capacity:     2048M (7%)         2048M (7%)         2048M (7%)         2048M (7%)         2048M (7%)         2048M (7%)     
[13.638s][info][gc,heap     ] GC(2)      Free:    29158M (95%)       29158M (95%)       30562M (99%)       30636M (100%)      30636M (100%)      29158M (95%)    
[13.638s][info][gc,heap     ] GC(2)      Used:     1560M (5%)         1560M (5%)          156M (1%)           82M (0%)         1560M (5%)           82M (0%)     
[13.638s][info][gc,heap     ] GC(2)      Live:         -                29M (0%)           29M (0%)           29M (0%)             -                  -          
[13.638s][info][gc,heap     ] GC(2) Allocated:         -                 0M (0%)            4M (0%)            4M (0%)             -                  -          
[13.638s][info][gc,heap     ] GC(2)   Garbage:         -              1530M (5%)          122M (0%)           48M (0%)             -                  -          
[13.638s][info][gc,heap     ] GC(2) Reclaimed:         -                  -              1408M (5%)         1482M (5%)             -                  -          
[13.638s][info][gc          ] GC(2) Garbage Collection (System.gc()) 1560M(5%)->82M(0%)
[16.154s][info][gc,start    ] GC(3) Garbage Collection (Warmup)
[16.154s][info][gc,task     ] GC(3) Using 12 workers
[16.154s][info][gc,phases   ] GC(3) Pause Mark Start 0.009ms
[16.748s][info][gc,phases   ] GC(3) Concurrent Mark 593.372ms
[16.748s][info][gc,phases   ] GC(3) Pause Mark End 0.018ms
[16.748s][info][gc,phases   ] GC(3) Concurrent Mark Free 0.001ms
[16.758s][info][gc,phases   ] GC(3) Concurrent Process Non-Strong References 9.680ms
[16.758s][info][gc,phases   ] GC(3) Concurrent Reset Relocation Set 0.005ms
[16.845s][info][gc,phases   ] GC(3) Concurrent Select Relocation Set 86.728ms
[16.845s][info][gc,phases   ] GC(3) Pause Relocate Start 0.007ms
[16.899s][info][gc,phases   ] GC(3) Concurrent Relocate 53.884ms
[16.899s][info][gc,load     ] GC(3) Load: 0.00/0.00/0.00
[16.899s][info][gc,mmu      ] GC(3) MMU: 2ms/98.7%, 5ms/99.5%, 10ms/99.7%, 20ms/99.8%, 50ms/99.9%, 100ms/99.9%
[16.899s][info][gc,marking  ] GC(3) Mark: 8 stripe(s), 3 proactive flush(es), 1 terminate flush(es), 0 completion(s), 0 continuation(s) 
[16.899s][info][gc,marking  ] GC(3) Mark Stack Usage: 32M
[16.899s][info][gc,nmethod  ] GC(3) NMethods: 4695 registered, 742 unregistered
[16.899s][info][gc,metaspace] GC(3) Metaspace: 54M used, 55M committed, 1088M reserved
[16.899s][info][gc,ref      ] GC(3) Soft: 4630 encountered, 0 discovered, 0 enqueued
[16.899s][info][gc,ref      ] GC(3) Weak: 5907 encountered, 2003 discovered, 836 enqueued
[16.899s][info][gc,ref      ] GC(3) Final: 232 encountered, 88 discovered, 0 enqueued
[16.899s][info][gc,ref      ] GC(3) Phantom: 1092 encountered, 982 discovered, 487 enqueued
[16.899s][info][gc,reloc    ] GC(3) Small Pages: 1510 / 3020M, Empty: 882M, Relocated: 171M, In-Place: 0
[16.899s][info][gc,reloc    ] GC(3) Medium Pages: 2 / 64M, Empty: 32M, Relocated: 0M, In-Place: 0
[16.899s][info][gc,reloc    ] GC(3) Large Pages: 7 / 50M, Empty: 34M, Relocated: 0M, In-Place: 0
[16.899s][info][gc,reloc    ] GC(3) Forwarding Usage: 122M
[16.899s][info][gc,heap     ] GC(3) Min Capacity: 8M(0%)
[16.899s][info][gc,heap     ] GC(3) Max Capacity: 30718M(100%)
[16.899s][info][gc,heap     ] GC(3) Soft Max Capacity: 30718M(100%)
[16.899s][info][gc,heap     ] GC(3)                Mark Start          Mark End        Relocate Start      Relocate End           High               Low         
[16.899s][info][gc,heap     ] GC(3)  Capacity:     3134M (10%)        3472M (11%)        3482M (11%)        3482M (11%)        3482M (11%)        3134M (10%)    
[16.899s][info][gc,heap     ] GC(3)      Free:    27584M (90%)       27246M (89%)       28122M (92%)       29978M (98%)       29978M (98%)       27236M (89%)    
[16.899s][info][gc,heap     ] GC(3)      Used:     3134M (10%)        3472M (11%)        2596M (8%)          740M (2%)         3482M (11%)         740M (2%)     
[16.900s][info][gc,heap     ] GC(3)      Live:         -               207M (1%)          207M (1%)          207M (1%)             -                  -          
[16.900s][info][gc,heap     ] GC(3) Allocated:         -               338M (1%)          410M (1%)          489M (2%)             -                  -          
[16.900s][info][gc,heap     ] GC(3)   Garbage:         -              2926M (10%)        1978M (6%)           43M (0%)             -                  -          
[16.900s][info][gc,heap     ] GC(3) Reclaimed:         -                  -               948M (3%)         2883M (9%)             -                  -          
[16.900s][info][gc          ] GC(3) Garbage Collection (Warmup) 3134M(10%)->740M(2%)
[17.664s][info][gc,start    ] GC(4) Garbage Collection (System.gc())
[17.664s][info][gc,task     ] GC(4) Using 12 workers
[17.665s][info][gc,phases   ] GC(4) Pause Mark Start 0.051ms
[17.754s][info][gc,phases   ] GC(4) Concurrent Mark 89.034ms
[17.754s][info][gc,phases   ] GC(4) Pause Mark End 0.023ms
[17.754s][info][gc,phases   ] GC(4) Concurrent Mark Free 0.001ms
[17.763s][info][gc,phases   ] GC(4) Concurrent Process Non-Strong References 9.152ms
[17.763s][info][gc,phases   ] GC(4) Concurrent Reset Relocation Set 0.180ms
[17.780s][info][gc,phases   ] GC(4) Concurrent Select Relocation Set 16.269ms
[17.780s][info][gc,phases   ] GC(4) Pause Relocate Start 0.009ms
[17.786s][info][gc,phases   ] GC(4) Concurrent Relocate 5.946ms
[17.786s][info][gc,load     ] GC(4) Load: 0.00/0.00/0.00
[17.786s][info][gc,mmu      ] GC(4) MMU: 2ms/97.5%, 5ms/99.0%, 10ms/99.5%, 20ms/99.7%, 50ms/99.9%, 100ms/99.9%
[17.786s][info][gc,marking  ] GC(4) Mark: 8 stripe(s), 1 proactive flush(es), 1 terminate flush(es), 0 completion(s), 0 continuation(s) 
[17.786s][info][gc,marking  ] GC(4) Mark Stack Usage: 32M
[17.786s][info][gc,nmethod  ] GC(4) NMethods: 4833 registered, 851 unregistered
[17.786s][info][gc,metaspace] GC(4) Metaspace: 56M used, 57M committed, 1088M reserved
[17.786s][info][gc,ref      ] GC(4) Soft: 4698 encountered, 0 discovered, 0 enqueued
[17.786s][info][gc,ref      ] GC(4) Weak: 5777 encountered, 1154 discovered, 380 enqueued
[17.786s][info][gc,ref      ] GC(4) Final: 232 encountered, 4 discovered, 0 enqueued
[17.786s][info][gc,ref      ] GC(4) Phantom: 810 encountered, 586 discovered, 203 enqueued
[17.786s][info][gc,reloc    ] GC(4) Small Pages: 789 / 1578M, Empty: 1276M, Relocated: 10M, In-Place: 0
[17.786s][info][gc,reloc    ] GC(4) Medium Pages: 1 / 32M, Empty: 0M, Relocated: 0M, In-Place: 0
[17.786s][info][gc,reloc    ] GC(4) Large Pages: 4 / 28M, Empty: 16M, Relocated: 0M, In-Place: 0
[17.786s][info][gc,reloc    ] GC(4) Forwarding Usage: 5M
[17.786s][info][gc,heap     ] GC(4) Min Capacity: 8M(0%)
[17.786s][info][gc,heap     ] GC(4) Max Capacity: 30718M(100%)
[17.786s][info][gc,heap     ] GC(4) Soft Max Capacity: 30718M(100%)
[17.786s][info][gc,heap     ] GC(4)                Mark Start          Mark End        Relocate Start      Relocate End           High               Low         
[17.786s][info][gc,heap     ] GC(4)  Capacity:     3482M (11%)        3482M (11%)        3482M (11%)        3482M (11%)        3482M (11%)        3482M (11%)    
[17.786s][info][gc,heap     ] GC(4)      Free:    29080M (95%)       29080M (95%)       30352M (99%)       30434M (99%)       30434M (99%)       29080M (95%)    
[17.786s][info][gc,heap     ] GC(4)      Used:     1638M (5%)         1638M (5%)          366M (1%)          284M (1%)         1638M (5%)          284M (1%)     
[17.786s][info][gc,heap     ] GC(4)      Live:         -               206M (1%)          206M (1%)          206M (1%)             -                  -          
[17.786s][info][gc,heap     ] GC(4) Allocated:         -                 0M (0%)           20M (0%)           29M (0%)             -                  -          
[17.786s][info][gc,heap     ] GC(4)   Garbage:         -              1431M (5%)          139M (0%)           47M (0%)             -                  -          
[17.786s][info][gc,heap     ] GC(4) Reclaimed:         -                  -              1292M (4%)         1383M (5%)             -                  -          
[17.786s][info][gc          ] GC(4) Garbage Collection (System.gc()) 1638M(5%)->284M(1%)
[18.677s][info][gc,start    ] GC(5) Garbage Collection (System.gc())
[18.677s][info][gc,task     ] GC(5) Using 12 workers
[18.677s][info][gc,phases   ] GC(5) Pause Mark Start 0.016ms
[18.735s][info][gc,phases   ] GC(5) Concurrent Mark 57.734ms
[18.735s][info][gc,phases   ] GC(5) Pause Mark End 0.016ms
[18.735s][info][gc,phases   ] GC(5) Concurrent Mark Free 0.001ms
[18.737s][info][gc,phases   ] GC(5) Concurrent Process Non-Strong References 1.778ms
[18.737s][info][gc,phases   ] GC(5) Concurrent Reset Relocation Set 0.010ms
[18.742s][info][gc,phases   ] GC(5) Concurrent Select Relocation Set 5.116ms
[18.743s][info][gc,phases   ] GC(5) Pause Relocate Start 0.008ms
[18.745s][info][gc,phases   ] GC(5) Concurrent Relocate 2.376ms
[18.745s][info][gc,load     ] GC(5) Load: 0.00/0.00/0.00
[18.745s][info][gc,mmu      ] GC(5) MMU: 2ms/97.5%, 5ms/99.0%, 10ms/99.5%, 20ms/99.7%, 50ms/99.9%, 100ms/99.9%
[18.745s][info][gc,marking  ] GC(5) Mark: 8 stripe(s), 2 proactive flush(es), 1 terminate flush(es), 0 completion(s), 0 continuation(s) 
[18.745s][info][gc,marking  ] GC(5) Mark Stack Usage: 32M
[18.745s][info][gc,nmethod  ] GC(5) NMethods: 5129 registered, 51 unregistered
[18.745s][info][gc,metaspace] GC(5) Metaspace: 56M used, 57M committed, 1088M reserved
[18.745s][info][gc,ref      ] GC(5) Soft: 4699 encountered, 0 discovered, 0 enqueued
[18.745s][info][gc,ref      ] GC(5) Weak: 5641 encountered, 593 discovered, 210 enqueued
[18.745s][info][gc,ref      ] GC(5) Final: 232 encountered, 0 discovered, 0 enqueued
[18.746s][info][gc,ref      ] GC(5) Phantom: 617 encountered, 604 discovered, 10 enqueued
[18.746s][info][gc,reloc    ] GC(5) Small Pages: 1227 / 2454M, Empty: 2180M, Relocated: 6M, In-Place: 0
[18.746s][info][gc,reloc    ] GC(5) Medium Pages: 2 / 64M, Empty: 32M, Relocated: 0M, In-Place: 0
[18.746s][info][gc,reloc    ] GC(5) Large Pages: 5 / 30M, Empty: 18M, Relocated: 0M, In-Place: 0
[18.746s][info][gc,reloc    ] GC(5) Forwarding Usage: 3M
[18.746s][info][gc,heap     ] GC(5) Min Capacity: 8M(0%)
[18.746s][info][gc,heap     ] GC(5) Max Capacity: 30718M(100%)
[18.746s][info][gc,heap     ] GC(5) Soft Max Capacity: 30718M(100%)
[18.746s][info][gc,heap     ] GC(5)                Mark Start          Mark End        Relocate Start      Relocate End           High               Low         
[18.746s][info][gc,heap     ] GC(5)  Capacity:     3482M (11%)        3482M (11%)        3482M (11%)        3482M (11%)        3482M (11%)        3482M (11%)    
[18.746s][info][gc,heap     ] GC(5)      Free:    28170M (92%)       28170M (92%)       30380M (99%)       30434M (99%)       30434M (99%)       28164M (92%)    
[18.746s][info][gc,heap     ] GC(5)      Used:     2548M (8%)         2548M (8%)          338M (1%)          284M (1%)         2554M (8%)          284M (1%)     
[18.746s][info][gc,heap     ] GC(5)      Live:         -               206M (1%)          206M (1%)          206M (1%)             -                  -          
[18.746s][info][gc,heap     ] GC(5) Allocated:         -                 0M (0%)           20M (0%)           25M (0%)             -                  -          
[18.746s][info][gc,heap     ] GC(5)   Garbage:         -              2341M (8%)          111M (0%)           51M (0%)             -                  -          
[18.746s][info][gc,heap     ] GC(5) Reclaimed:         -                  -              2230M (7%)         2289M (7%)             -                  -          
[18.746s][info][gc          ] GC(5) Garbage Collection (System.gc()) 2548M(8%)->284M(1%)
[19.882s][info][gc,start    ] GC(6) Garbage Collection (System.gc())
[19.882s][info][gc,task     ] GC(6) Using 12 workers
[19.882s][info][gc,phases   ] GC(6) Pause Mark Start 0.015ms
[19.940s][info][gc,phases   ] GC(6) Concurrent Mark 57.876ms
[19.940s][info][gc,phases   ] GC(6) Pause Mark End 0.020ms
[19.940s][info][gc,phases   ] GC(6) Concurrent Mark Free 0.001ms
[19.942s][info][gc,phases   ] GC(6) Concurrent Process Non-Strong References 1.560ms
[19.942s][info][gc,phases   ] GC(6) Concurrent Reset Relocation Set 0.004ms
[19.951s][info][gc,phases   ] GC(6) Concurrent Select Relocation Set 9.175ms
[19.951s][info][gc,phases   ] GC(6) Pause Relocate Start 0.009ms
[19.957s][info][gc,phases   ] GC(6) Concurrent Relocate 5.432ms
[19.957s][info][gc,load     ] GC(6) Load: 0.00/0.00/0.00
[19.957s][info][gc,mmu      ] GC(6) MMU: 2ms/97.5%, 5ms/99.0%, 10ms/99.5%, 20ms/99.7%, 50ms/99.9%, 100ms/99.9%
[19.957s][info][gc,marking  ] GC(6) Mark: 8 stripe(s), 2 proactive flush(es), 1 terminate flush(es), 0 completion(s), 0 continuation(s) 
[19.957s][info][gc,marking  ] GC(6) Mark Stack Usage: 32M
[19.957s][info][gc,nmethod  ] GC(6) NMethods: 5367 registered, 88 unregistered
[19.957s][info][gc,metaspace] GC(6) Metaspace: 57M used, 58M committed, 1088M reserved
[19.957s][info][gc,ref      ] GC(6) Soft: 4699 encountered, 0 discovered, 0 enqueued
[19.957s][info][gc,ref      ] GC(6) Weak: 5690 encountered, 1838 discovered, 208 enqueued
[19.957s][info][gc,ref      ] GC(6) Final: 232 encountered, 2 discovered, 0 enqueued
[19.957s][info][gc,ref      ] GC(6) Phantom: 607 encountered, 319 discovered, 0 enqueued
[19.957s][info][gc,reloc    ] GC(6) Small Pages: 1227 / 2454M, Empty: 2180M, Relocated: 8M, In-Place: 0
[19.957s][info][gc,reloc    ] GC(6) Medium Pages: 2 / 64M, Empty: 32M, Relocated: 0M, In-Place: 0
[19.957s][info][gc,reloc    ] GC(6) Large Pages: 5 / 30M, Empty: 18M, Relocated: 0M, In-Place: 0
[19.957s][info][gc,reloc    ] GC(6) Forwarding Usage: 3M
[19.957s][info][gc,heap     ] GC(6) Min Capacity: 8M(0%)
[19.957s][info][gc,heap     ] GC(6) Max Capacity: 30718M(100%)
[19.957s][info][gc,heap     ] GC(6) Soft Max Capacity: 30718M(100%)
[19.957s][info][gc,heap     ] GC(6)                Mark Start          Mark End        Relocate Start      Relocate End           High               Low         
[19.957s][info][gc,heap     ] GC(6)  Capacity:     3482M (11%)        3482M (11%)        3482M (11%)        3482M (11%)        3482M (11%)        3482M (11%)    
[19.957s][info][gc,heap     ] GC(6)      Free:    28170M (92%)       28168M (92%)       30376M (99%)       30426M (99%)       30430M (99%)       28168M (92%)    
[19.957s][info][gc,heap     ] GC(6)      Used:     2548M (8%)         2550M (8%)          342M (1%)          292M (1%)         2550M (8%)          288M (1%)     
[19.957s][info][gc,heap     ] GC(6)      Live:         -               206M (1%)          206M (1%)          206M (1%)             -                  -          
[19.957s][info][gc,heap     ] GC(6) Allocated:         -                 2M (0%)           24M (0%)           35M (0%)             -                  -          
[19.957s][info][gc,heap     ] GC(6)   Garbage:         -              2341M (8%)          111M (0%)           49M (0%)             -                  -          
[19.957s][info][gc,heap     ] GC(6) Reclaimed:         -                  -              2230M (7%)         2291M (7%)             -                  -          
[19.957s][info][gc          ] GC(6) Garbage Collection (System.gc()) 2548M(8%)->292M(1%)
[20.156s][info][gc,stats    ] === Garbage Collection Statistics =======================================================================================================================
[20.156s][info][gc,stats    ]                                                              Last 10s              Last 10m              Last 10h                Total
[20.157s][info][gc,stats    ]                                                              Avg / Max             Avg / Max             Avg / Max             Avg / Max
[20.157s][info][gc,stats    ]   Collector: Garbage Collection Cycle                    184.028 / 744.567     165.821 / 744.567     165.821 / 744.567     165.821 / 744.567     ms
[20.157s][info][gc,stats    ]  Contention: Mark Segment Reset Contention                     1 / 8                 0 / 8                 0 / 8                 0 / 8           ops/s
[20.157s][info][gc,stats    ]  Contention: Mark SeqNum Reset Contention                      0 / 1                 0 / 1                 0 / 1                 0 / 1           ops/s
[20.157s][info][gc,stats    ]    Critical: Allocation Stall                                  0 / 0                 0 / 0                 0 / 0                 0 / 0           ops/s
[20.157s][info][gc,stats    ]    Critical: Allocation Stall                              0.000 / 0.000         0.000 / 0.000         0.000 / 0.000         0.000 / 0.000       ms
[20.157s][info][gc,stats    ]    Critical: GC Locker Stall                                   0 / 0                 0 / 0                 0 / 0                 0 / 0           ops/s
[20.157s][info][gc,stats    ]    Critical: GC Locker Stall                               0.000 / 0.000         0.000 / 0.000         0.000 / 0.000         0.000 / 0.000       ms
[20.157s][info][gc,stats    ]    Critical: Relocation Stall                                  0 / 0                 0 / 0                 0 / 0                 0 / 0           ops/s
[20.157s][info][gc,stats    ]    Critical: Relocation Stall                              0.000 / 0.000         0.000 / 0.000         0.000 / 0.000         0.000 / 0.000       ms
[20.157s][info][gc,stats    ]      Memory: Allocation Rate                                1100 / 2568            557 / 2568            557 / 2568            557 / 2568        MB/s
[20.157s][info][gc,stats    ]      Memory: Defragment                                        0 / 0                 0 / 0                 0 / 0                 0 / 0           ops/s
[20.157s][info][gc,stats    ]      Memory: Out Of Memory                                     0 / 0                 0 / 0                 0 / 0                 0 / 0           ops/s
[20.157s][info][gc,stats    ]      Memory: Page Cache Flush                                  0 / 0                 0 / 0                 0 / 0                 0 / 0           MB/s
[20.157s][info][gc,stats    ]      Memory: Page Cache Hit L1                               390 / 1275            195 / 1275            195 / 1275            195 / 1275        ops/s
[20.157s][info][gc,stats    ]      Memory: Page Cache Hit L2                                 0 / 0                 0 / 0                 0 / 0                 0 / 0           ops/s
[20.157s][info][gc,stats    ]      Memory: Page Cache Hit L3                                91 / 370              48 / 370              48 / 370              48 / 370         ops/s
[20.157s][info][gc,stats    ]      Memory: Page Cache Miss                                  71 / 539              35 / 539              35 / 539              35 / 539         ops/s
[20.157s][info][gc,stats    ]      Memory: Uncommit                                          0 / 0                 0 / 0                 0 / 0                 0 / 0           MB/s
[20.157s][info][gc,stats    ]      Memory: Undo Object Allocation Failed                     0 / 0                 0 / 0                 0 / 0                 0 / 0           ops/s
[20.157s][info][gc,stats    ]      Memory: Undo Object Allocation Succeeded                  0 / 1                 0 / 1                 0 / 1                 0 / 1           ops/s
[20.157s][info][gc,stats    ]      Memory: Undo Page Allocation                              0 / 1                 0 / 1                 0 / 1                 0 / 1           ops/s
[20.157s][info][gc,stats    ]       Phase: Concurrent Mark                             143.742 / 593.372     127.763 / 593.372     127.763 / 593.372     127.763 / 593.372     ms
[20.157s][info][gc,stats    ]       Phase: Concurrent Mark Continue                      0.000 / 0.000         0.000 / 0.000         0.000 / 0.000         0.000 / 0.000       ms
[20.157s][info][gc,stats    ]       Phase: Concurrent Mark Free                          0.001 / 0.001         0.001 / 0.001         0.001 / 0.001         0.001 / 0.001       ms
[20.157s][info][gc,stats    ]       Phase: Concurrent Process Non-Strong References      4.378 / 9.680         4.076 / 9.680         4.076 / 9.680         4.076 / 9.680       ms
[20.158s][info][gc,stats    ]       Phase: Concurrent Relocate                          13.232 / 53.884       12.036 / 53.884       12.036 / 53.884       12.036 / 53.884      ms
[20.158s][info][gc,stats    ]       Phase: Concurrent Reset Relocation Set               0.035 / 0.180         0.030 / 0.180         0.030 / 0.180         0.030 / 0.180       ms
[20.158s][info][gc,stats    ]       Phase: Concurrent Select Relocation Set             21.482 / 86.728       20.753 / 86.728       20.753 / 86.728       20.753 / 86.728      ms
[20.158s][info][gc,stats    ]       Phase: Pause Mark End                                0.020 / 0.023         0.021 / 0.026         0.021 / 0.026         0.021 / 0.026       ms
[20.158s][info][gc,stats    ]       Phase: Pause Mark Start                              0.020 / 0.051         0.019 / 0.051         0.019 / 0.051         0.019 / 0.051       ms
[20.158s][info][gc,stats    ]       Phase: Pause Relocate Start                          0.008 / 0.009         0.009 / 0.011         0.009 / 0.011         0.009 / 0.011       ms
[20.158s][info][gc,stats    ]    Subphase: Concurrent Classes Purge                      0.476 / 0.879         0.588 / 1.261         0.588 / 1.261         0.588 / 1.261       ms
[20.158s][info][gc,stats    ]    Subphase: Concurrent Classes Unlink                     3.346 / 8.151         2.962 / 8.151         2.962 / 8.151         2.962 / 8.151       ms
[20.158s][info][gc,stats    ]    Subphase: Concurrent Mark                             138.761 / 588.655     122.890 / 588.655     122.890 / 588.655     122.890 / 588.655     ms
[20.158s][info][gc,stats    ]    Subphase: Concurrent Mark Try Flush                     0.062 / 0.194         0.059 / 0.194         0.059 / 0.194         0.059 / 0.194       ms
[20.158s][info][gc,stats    ]    Subphase: Concurrent Mark Try Terminate                11.421 / 16.125       11.181 / 16.125       11.181 / 16.125       11.181 / 16.125      ms
[20.158s][info][gc,stats    ]    Subphase: Concurrent References Enqueue                 0.003 / 0.004         0.003 / 0.004         0.003 / 0.004         0.003 / 0.004       ms
[20.158s][info][gc,stats    ]    Subphase: Concurrent References Process                 0.113 / 0.198         0.108 / 0.198         0.108 / 0.198         0.108 / 0.198       ms
[20.158s][info][gc,stats    ]    Subphase: Concurrent Roots ClassLoaderDataGraph         0.075 / 0.735         0.078 / 0.735         0.078 / 0.735         0.078 / 0.735       ms
[20.158s][info][gc,stats    ]    Subphase: Concurrent Roots CodeCache                    0.000 / 0.000         0.000 / 0.000         0.000 / 0.000         0.000 / 0.000       ms
[20.158s][info][gc,stats    ]    Subphase: Concurrent Roots JavaThreads                  3.086 / 5.210         2.832 / 5.210         2.832 / 5.210         2.832 / 5.210       ms
[20.158s][info][gc,stats    ]    Subphase: Concurrent Roots OopStorageSet                0.025 / 0.144         0.036 / 0.263         0.036 / 0.263         0.036 / 0.263       ms
[20.158s][info][gc,stats    ]    Subphase: Concurrent Weak Roots OopStorageSet           0.262 / 0.376         0.240 / 0.376         0.240 / 0.376         0.240 / 0.376       ms
[20.158s][info][gc,stats    ]    Subphase: Pause Mark Try Complete                       0.000 / 0.000         0.000 / 0.000         0.000 / 0.000         0.000 / 0.000       ms
[20.158s][info][gc,stats    ]      System: Java Threads                                     77 / 120              69 / 120              69 / 120              69 / 120         threads
[20.158s][info][gc,stats    ] =========================================================================================================================================================
[20.764s][info][gc,start    ] GC(7) Garbage Collection (System.gc())
[20.764s][info][gc,task     ] GC(7) Using 12 workers
[20.764s][info][gc,phases   ] GC(7) Pause Mark Start 0.014ms
[20.820s][info][gc,phases   ] GC(7) Concurrent Mark 55.810ms
[20.820s][info][gc,phases   ] GC(7) Pause Mark End 0.020ms
[20.821s][info][gc,phases   ] GC(7) Concurrent Mark Free 0.001ms
[20.822s][info][gc,phases   ] GC(7) Concurrent Process Non-Strong References 1.588ms
[20.822s][info][gc,phases   ] GC(7) Concurrent Reset Relocation Set 0.004ms
[20.830s][info][gc,phases   ] GC(7) Concurrent Select Relocation Set 7.697ms
[20.830s][info][gc,phases   ] GC(7) Pause Relocate Start 0.008ms
[20.834s][info][gc,phases   ] GC(7) Concurrent Relocate 3.444ms
[20.834s][info][gc,load     ] GC(7) Load: 0.00/0.00/0.00
[20.834s][info][gc,mmu      ] GC(7) MMU: 2ms/97.5%, 5ms/99.0%, 10ms/99.5%, 20ms/99.7%, 50ms/99.9%, 100ms/99.9%
[20.834s][info][gc,marking  ] GC(7) Mark: 8 stripe(s), 3 proactive flush(es), 1 terminate flush(es), 0 completion(s), 0 continuation(s) 
[20.834s][info][gc,marking  ] GC(7) Mark Stack Usage: 32M
[20.834s][info][gc,nmethod  ] GC(7) NMethods: 5589 registered, 127 unregistered
[20.834s][info][gc,metaspace] GC(7) Metaspace: 57M used, 58M committed, 1088M reserved
[20.834s][info][gc,ref      ] GC(7) Soft: 4699 encountered, 0 discovered, 0 enqueued
[20.834s][info][gc,ref      ] GC(7) Weak: 5701 encountered, 1237 discovered, 199 enqueued
[20.834s][info][gc,ref      ] GC(7) Final: 232 encountered, 197 discovered, 0 enqueued
[20.834s][info][gc,ref      ] GC(7) Phantom: 607 encountered, 488 discovered, 0 enqueued
[20.834s][info][gc,reloc    ] GC(7) Small Pages: 1226 / 2452M, Empty: 2180M, Relocated: 8M, In-Place: 0
[20.834s][info][gc,reloc    ] GC(7) Medium Pages: 2 / 64M, Empty: 32M, Relocated: 0M, In-Place: 0
[20.834s][info][gc,reloc    ] GC(7) Large Pages: 5 / 30M, Empty: 18M, Relocated: 0M, In-Place: 0
[20.834s][info][gc,reloc    ] GC(7) Forwarding Usage: 3M
[20.834s][info][gc,heap     ] GC(7) Min Capacity: 8M(0%)
[20.834s][info][gc,heap     ] GC(7) Max Capacity: 30718M(100%)
[20.834s][info][gc,heap     ] GC(7) Soft Max Capacity: 30718M(100%)
[20.834s][info][gc,heap     ] GC(7)                Mark Start          Mark End        Relocate Start      Relocate End           High               Low         
[20.834s][info][gc,heap     ] GC(7)  Capacity:     3482M (11%)        3482M (11%)        3482M (11%)        3482M (11%)        3482M (11%)        3482M (11%)    
[20.834s][info][gc,heap     ] GC(7)      Free:    28172M (92%)       28172M (92%)       30376M (99%)       30432M (99%)       30432M (99%)       28168M (92%)    
[20.834s][info][gc,heap     ] GC(7)      Used:     2546M (8%)         2546M (8%)          342M (1%)          286M (1%)         2550M (8%)          286M (1%)     
[20.834s][info][gc,heap     ] GC(7)      Live:         -               206M (1%)          206M (1%)          206M (1%)             -                  -          
[20.834s][info][gc,heap     ] GC(7) Allocated:         -                 0M (0%)           26M (0%)           29M (0%)             -                  -          
[20.834s][info][gc,heap     ] GC(7)   Garbage:         -              2339M (8%)          109M (0%)           49M (0%)             -                  -          
[20.834s][info][gc,heap     ] GC(7) Reclaimed:         -                  -              2230M (7%)         2289M (7%)             -                  -          
[20.834s][info][gc          ] GC(7) Garbage Collection (System.gc()) 2546M(8%)->286M(1%)
[21.611s][info][gc,start    ] GC(8) Garbage Collection (System.gc())
[21.611s][info][gc,task     ] GC(8) Using 12 workers
[21.611s][info][gc,phases   ] GC(8) Pause Mark Start 0.015ms
[21.670s][info][gc,phases   ] GC(8) Concurrent Mark 58.420ms
[21.670s][info][gc,phases   ] GC(8) Pause Mark End 0.018ms
[21.670s][info][gc,phases   ] GC(8) Concurrent Mark Free 0.001ms
[21.671s][info][gc,phases   ] GC(8) Concurrent Process Non-Strong References 1.651ms
[21.671s][info][gc,phases   ] GC(8) Concurrent Reset Relocation Set 0.006ms
[21.675s][info][gc,phases   ] GC(8) Concurrent Select Relocation Set 3.510ms
[21.675s][info][gc,phases   ] GC(8) Pause Relocate Start 0.009ms
[21.678s][info][gc,phases   ] GC(8) Concurrent Relocate 2.659ms
[21.678s][info][gc,load     ] GC(8) Load: 0.00/0.00/0.00
[21.678s][info][gc,mmu      ] GC(8) MMU: 2ms/97.5%, 5ms/99.0%, 10ms/99.5%, 20ms/99.7%, 50ms/99.9%, 100ms/99.9%
[21.678s][info][gc,marking  ] GC(8) Mark: 8 stripe(s), 2 proactive flush(es), 1 terminate flush(es), 0 completion(s), 0 continuation(s) 
[21.678s][info][gc,marking  ] GC(8) Mark Stack Usage: 32M
[21.678s][info][gc,nmethod  ] GC(8) NMethods: 5756 registered, 32 unregistered
[21.678s][info][gc,metaspace] GC(8) Metaspace: 57M used, 58M committed, 1088M reserved
[21.678s][info][gc,ref      ] GC(8) Soft: 4699 encountered, 0 discovered, 0 enqueued
[21.678s][info][gc,ref      ] GC(8) Weak: 5760 encountered, 655 discovered, 208 enqueued
[21.678s][info][gc,ref      ] GC(8) Final: 232 encountered, 3 discovered, 0 enqueued
[21.678s][info][gc,ref      ] GC(8) Phantom: 607 encountered, 592 discovered, 0 enqueued
[21.678s][info][gc,reloc    ] GC(8) Small Pages: 1225 / 2450M, Empty: 2182M, Relocated: 8M, In-Place: 0
[21.678s][info][gc,reloc    ] GC(8) Medium Pages: 2 / 64M, Empty: 32M, Relocated: 0M, In-Place: 0
[21.678s][info][gc,reloc    ] GC(8) Large Pages: 5 / 30M, Empty: 18M, Relocated: 0M, In-Place: 0
[21.678s][info][gc,reloc    ] GC(8) Forwarding Usage: 3M
[21.678s][info][gc,heap     ] GC(8) Min Capacity: 8M(0%)
[21.678s][info][gc,heap     ] GC(8) Max Capacity: 30718M(100%)
[21.678s][info][gc,heap     ] GC(8) Soft Max Capacity: 30718M(100%)
[21.678s][info][gc,heap     ] GC(8)                Mark Start          Mark End        Relocate Start      Relocate End           High               Low         
[21.678s][info][gc,heap     ] GC(8)  Capacity:     3482M (11%)        3482M (11%)        3482M (11%)        3482M (11%)        3482M (11%)        3482M (11%)    
[21.678s][info][gc,heap     ] GC(8)      Free:    28174M (92%)       28172M (92%)       30384M (99%)       30434M (99%)       30434M (99%)       28168M (92%)    
[21.679s][info][gc,heap     ] GC(8)      Used:     2544M (8%)         2546M (8%)          334M (1%)          284M (1%)         2550M (8%)          284M (1%)     
[21.679s][info][gc,heap     ] GC(8)      Live:         -               206M (1%)          206M (1%)          206M (1%)             -                  -          
[21.679s][info][gc,heap     ] GC(8) Allocated:         -                 2M (0%)           22M (0%)           27M (0%)             -                  -          
[21.679s][info][gc,heap     ] GC(8)   Garbage:         -              2337M (8%)          105M (0%)           49M (0%)             -                  -          
[21.679s][info][gc,heap     ] GC(8) Reclaimed:         -                  -              2232M (7%)         2287M (7%)             -                  -          
[21.679s][info][gc          ] GC(8) Garbage Collection (System.gc()) 2544M(8%)->284M(1%)
[22.506s][info][gc,start    ] GC(9) Garbage Collection (System.gc())
[22.506s][info][gc,task     ] GC(9) Using 12 workers
[22.506s][info][gc,phases   ] GC(9) Pause Mark Start 0.015ms
[22.571s][info][gc,phases   ] GC(9) Concurrent Mark 64.336ms
[22.571s][info][gc,phases   ] GC(9) Pause Mark End 0.028ms
[22.571s][info][gc,phases   ] GC(9) Concurrent Mark Free 0.001ms
[22.573s][info][gc,phases   ] GC(9) Concurrent Process Non-Strong References 1.784ms
[22.573s][info][gc,phases   ] GC(9) Concurrent Reset Relocation Set 0.004ms
[22.579s][info][gc,phases   ] GC(9) Concurrent Select Relocation Set 6.407ms
[22.579s][info][gc,phases   ] GC(9) Pause Relocate Start 0.008ms
[22.582s][info][gc,phases   ] GC(9) Concurrent Relocate 2.940ms
[22.583s][info][gc,load     ] GC(9) Load: 0.00/0.00/0.00
[22.583s][info][gc,mmu      ] GC(9) MMU: 2ms/97.5%, 5ms/99.0%, 10ms/99.5%, 20ms/99.7%, 50ms/99.9%, 100ms/99.9%
[22.583s][info][gc,marking  ] GC(9) Mark: 8 stripe(s), 2 proactive flush(es), 1 terminate flush(es), 0 completion(s), 0 continuation(s) 
[22.583s][info][gc,marking  ] GC(9) Mark Stack Usage: 32M
[22.583s][info][gc,nmethod  ] GC(9) NMethods: 5916 registered, 60 unregistered
[22.583s][info][gc,metaspace] GC(9) Metaspace: 57M used, 58M committed, 1088M reserved
[22.583s][info][gc,ref      ] GC(9) Soft: 4706 encountered, 0 discovered, 0 enqueued
[22.583s][info][gc,ref      ] GC(9) Weak: 5871 encountered, 512 discovered, 237 enqueued
[22.583s][info][gc,ref      ] GC(9) Final: 232 encountered, 188 discovered, 0 enqueued
[22.583s][info][gc,ref      ] GC(9) Phantom: 644 encountered, 598 discovered, 35 enqueued
[22.583s][info][gc,reloc    ] GC(9) Small Pages: 1225 / 2450M, Empty: 2180M, Relocated: 8M, In-Place: 0
[22.583s][info][gc,reloc    ] GC(9) Medium Pages: 2 / 64M, Empty: 32M, Relocated: 0M, In-Place: 0
[22.583s][info][gc,reloc    ] GC(9) Large Pages: 5 / 30M, Empty: 18M, Relocated: 0M, In-Place: 0
[22.583s][info][gc,reloc    ] GC(9) Forwarding Usage: 3M
[22.583s][info][gc,heap     ] GC(9) Min Capacity: 8M(0%)
[22.583s][info][gc,heap     ] GC(9) Max Capacity: 30718M(100%)
[22.583s][info][gc,heap     ] GC(9) Soft Max Capacity: 30718M(100%)
[22.583s][info][gc,heap     ] GC(9)                Mark Start          Mark End        Relocate Start      Relocate End           High               Low         
[22.583s][info][gc,heap     ] GC(9)  Capacity:     3482M (11%)        3482M (11%)        3482M (11%)        3482M (11%)        3482M (11%)        3482M (11%)    
[22.583s][info][gc,heap     ] GC(9)      Free:    28174M (92%)       28172M (92%)       30382M (99%)       30438M (99%)       30438M (99%)       28172M (92%)    
[22.583s][info][gc,heap     ] GC(9)      Used:     2544M (8%)         2546M (8%)          336M (1%)          280M (1%)         2546M (8%)          280M (1%)     
[22.583s][info][gc,heap     ] GC(9)      Live:         -               206M (1%)          206M (1%)          206M (1%)             -                  -          
[22.583s][info][gc,heap     ] GC(9) Allocated:         -                 2M (0%)           22M (0%)           23M (0%)             -                  -          
[22.583s][info][gc,heap     ] GC(9)   Garbage:         -              2337M (8%)          107M (0%)           49M (0%)             -                  -          
[22.583s][info][gc,heap     ] GC(9) Reclaimed:         -                  -              2230M (7%)         2287M (7%)             -                  -          
[22.583s][info][gc          ] GC(9) Garbage Collection (System.gc()) 2544M(8%)->280M(1%)
[23.365s][info][gc,start    ] GC(10) Garbage Collection (System.gc())
[23.365s][info][gc,task     ] GC(10) Using 12 workers
[23.366s][info][gc,phases   ] GC(10) Pause Mark Start 0.015ms
[23.445s][info][gc,phases   ] GC(10) Concurrent Mark 78.874ms
[23.445s][info][gc,phases   ] GC(10) Pause Mark End 0.020ms
[23.445s][info][gc,phases   ] GC(10) Concurrent Mark Free 0.001ms
[23.447s][info][gc,phases   ] GC(10) Concurrent Process Non-Strong References 1.680ms
[23.447s][info][gc,phases   ] GC(10) Concurrent Reset Relocation Set 0.005ms
[23.453s][info][gc,phases   ] GC(10) Concurrent Select Relocation Set 6.388ms
[23.453s][info][gc,phases   ] GC(10) Pause Relocate Start 0.009ms
[23.456s][info][gc,phases   ] GC(10) Concurrent Relocate 3.143ms
[23.456s][info][gc,load     ] GC(10) Load: 0.00/0.00/0.00
[23.456s][info][gc,mmu      ] GC(10) MMU: 2ms/97.5%, 5ms/99.0%, 10ms/99.5%, 20ms/99.7%, 50ms/99.9%, 100ms/99.9%
[23.456s][info][gc,marking  ] GC(10) Mark: 8 stripe(s), 3 proactive flush(es), 1 terminate flush(es), 0 completion(s), 0 continuation(s) 
[23.456s][info][gc,marking  ] GC(10) Mark Stack Usage: 32M
[23.457s][info][gc,nmethod  ] GC(10) NMethods: 6066 registered, 76 unregistered
[23.457s][info][gc,metaspace] GC(10) Metaspace: 57M used, 58M committed, 1088M reserved
[23.457s][info][gc,ref      ] GC(10) Soft: 4706 encountered, 0 discovered, 0 enqueued
[23.457s][info][gc,ref      ] GC(10) Weak: 5892 encountered, 594 discovered, 208 enqueued
[23.457s][info][gc,ref      ] GC(10) Final: 232 encountered, 0 discovered, 0 enqueued
[23.457s][info][gc,ref      ] GC(10) Phantom: 609 encountered, 470 discovered, 0 enqueued
[23.457s][info][gc,reloc    ] GC(10) Small Pages: 1224 / 2448M, Empty: 2180M, Relocated: 8M, In-Place: 0
[23.457s][info][gc,reloc    ] GC(10) Medium Pages: 2 / 64M, Empty: 32M, Relocated: 0M, In-Place: 0
[23.457s][info][gc,reloc    ] GC(10) Large Pages: 5 / 30M, Empty: 18M, Relocated: 0M, In-Place: 0
[23.457s][info][gc,reloc    ] GC(10) Forwarding Usage: 3M
[23.457s][info][gc,heap     ] GC(10) Min Capacity: 8M(0%)
[23.457s][info][gc,heap     ] GC(10) Max Capacity: 30718M(100%)
[23.457s][info][gc,heap     ] GC(10) Soft Max Capacity: 30718M(100%)
[23.457s][info][gc,heap     ] GC(10)                Mark Start          Mark End        Relocate Start      Relocate End           High               Low         
[23.457s][info][gc,heap     ] GC(10)  Capacity:     3482M (11%)        3482M (11%)        3482M (11%)        3482M (11%)        3482M (11%)        3482M (11%)    
[23.457s][info][gc,heap     ] GC(10)      Free:    28176M (92%)       28172M (92%)       30380M (99%)       30428M (99%)       30428M (99%)       28172M (92%)    
[23.457s][info][gc,heap     ] GC(10)      Used:     2542M (8%)         2546M (8%)          338M (1%)          290M (1%)         2546M (8%)          290M (1%)     
[23.457s][info][gc,heap     ] GC(10)      Live:         -               206M (1%)          206M (1%)          206M (1%)             -                  -          
[23.457s][info][gc,heap     ] GC(10) Allocated:         -                 4M (0%)           26M (0%)           33M (0%)             -                  -          
[23.457s][info][gc,heap     ] GC(10)   Garbage:         -              2335M (8%)          105M (0%)           49M (0%)             -                  -          
[23.457s][info][gc,heap     ] GC(10) Reclaimed:         -                  -              2230M (7%)         2285M (7%)             -                  -          
[23.457s][info][gc          ] GC(10) Garbage Collection (System.gc()) 2542M(8%)->290M(1%)
[24.247s][info][gc,start    ] GC(11) Garbage Collection (System.gc())
[24.247s][info][gc,task     ] GC(11) Using 12 workers
[24.247s][info][gc,phases   ] GC(11) Pause Mark Start 0.016ms
[24.311s][info][gc,phases   ] GC(11) Concurrent Mark 63.679ms
[24.311s][info][gc,phases   ] GC(11) Pause Mark End 0.021ms
[24.311s][info][gc,phases   ] GC(11) Concurrent Mark Free 0.001ms
[24.313s][info][gc,phases   ] GC(11) Concurrent Process Non-Strong References 1.785ms
[24.313s][info][gc,phases   ] GC(11) Concurrent Reset Relocation Set 0.004ms
[24.315s][info][gc,phases   ] GC(11) Concurrent Select Relocation Set 2.687ms
[24.316s][info][gc,phases   ] GC(11) Pause Relocate Start 0.013ms
[24.319s][info][gc,phases   ] GC(11) Concurrent Relocate 2.834ms
[24.319s][info][gc,load     ] GC(11) Load: 0.00/0.00/0.00
[24.319s][info][gc,mmu      ] GC(11) MMU: 2ms/97.5%, 5ms/99.0%, 10ms/99.5%, 20ms/99.7%, 50ms/99.9%, 100ms/99.9%
[24.319s][info][gc,marking  ] GC(11) Mark: 8 stripe(s), 2 proactive flush(es), 1 terminate flush(es), 0 completion(s), 0 continuation(s) 
[24.319s][info][gc,marking  ] GC(11) Mark Stack Usage: 32M
[24.319s][info][gc,nmethod  ] GC(11) NMethods: 6193 registered, 89 unregistered
[24.319s][info][gc,metaspace] GC(11) Metaspace: 57M used, 58M committed, 1088M reserved
[24.319s][info][gc,ref      ] GC(11) Soft: 4706 encountered, 0 discovered, 0 enqueued
[24.319s][info][gc,ref      ] GC(11) Weak: 5903 encountered, 1544 discovered, 199 enqueued
[24.319s][info][gc,ref      ] GC(11) Final: 232 encountered, 4 discovered, 0 enqueued
[24.319s][info][gc,ref      ] GC(11) Phantom: 609 encountered, 380 discovered, 0 enqueued
[24.319s][info][gc,reloc    ] GC(11) Small Pages: 1225 / 2450M, Empty: 2180M, Relocated: 8M, In-Place: 0
[24.319s][info][gc,reloc    ] GC(11) Medium Pages: 2 / 64M, Empty: 32M, Relocated: 0M, In-Place: 0
[24.319s][info][gc,reloc    ] GC(11) Large Pages: 5 / 30M, Empty: 18M, Relocated: 0M, In-Place: 0
[24.319s][info][gc,reloc    ] GC(11) Forwarding Usage: 3M
[24.319s][info][gc,heap     ] GC(11) Min Capacity: 8M(0%)
[24.319s][info][gc,heap     ] GC(11) Max Capacity: 30718M(100%)
[24.319s][info][gc,heap     ] GC(11) Soft Max Capacity: 30718M(100%)
[24.319s][info][gc,heap     ] GC(11)                Mark Start          Mark End        Relocate Start      Relocate End           High               Low         
[24.319s][info][gc,heap     ] GC(11)  Capacity:     3482M (11%)        3482M (11%)        3482M (11%)        3482M (11%)        3482M (11%)        3482M (11%)    
[24.319s][info][gc,heap     ] GC(11)      Free:    28174M (92%)       28174M (92%)       30384M (99%)       30436M (99%)       30436M (99%)       28172M (92%)    
[24.319s][info][gc,heap     ] GC(11)      Used:     2544M (8%)         2544M (8%)          334M (1%)          282M (1%)         2546M (8%)          282M (1%)     
[24.319s][info][gc,heap     ] GC(11)      Live:         -               206M (1%)          206M (1%)          206M (1%)             -                  -          
[24.319s][info][gc,heap     ] GC(11) Allocated:         -                 0M (0%)           20M (0%)           25M (0%)             -                  -          
[24.319s][info][gc,heap     ] GC(11)   Garbage:         -              2337M (8%)          107M (0%)           49M (0%)             -                  -          
[24.319s][info][gc,heap     ] GC(11) Reclaimed:         -                  -              2230M (7%)         2287M (7%)             -                  -          
[24.319s][info][gc          ] GC(11) Garbage Collection (System.gc()) 2544M(8%)->282M(1%)
[25.103s][info][gc,start    ] GC(12) Garbage Collection (System.gc())
[25.103s][info][gc,task     ] GC(12) Using 12 workers
[25.103s][info][gc,phases   ] GC(12) Pause Mark Start 0.016ms
[25.158s][info][gc,phases   ] GC(12) Concurrent Mark 54.459ms
[25.158s][info][gc,phases   ] GC(12) Pause Mark End 0.018ms
[25.158s][info][gc,phases   ] GC(12) Concurrent Mark Free 0.001ms
[25.160s][info][gc,phases   ] GC(12) Concurrent Process Non-Strong References 1.612ms
[25.160s][info][gc,phases   ] GC(12) Concurrent Reset Relocation Set 0.003ms
[25.163s][info][gc,phases   ] GC(12) Concurrent Select Relocation Set 3.115ms
[25.163s][info][gc,phases   ] GC(12) Pause Relocate Start 0.006ms
[25.166s][info][gc,phases   ] GC(12) Concurrent Relocate 3.268ms
[25.166s][info][gc,load     ] GC(12) Load: 0.00/0.00/0.00
[25.166s][info][gc,mmu      ] GC(12) MMU: 2ms/97.5%, 5ms/99.0%, 10ms/99.5%, 20ms/99.7%, 50ms/99.9%, 100ms/99.9%
[25.166s][info][gc,marking  ] GC(12) Mark: 8 stripe(s), 2 proactive flush(es), 1 terminate flush(es), 0 completion(s), 0 continuation(s) 
[25.166s][info][gc,marking  ] GC(12) Mark Stack Usage: 32M
[25.166s][info][gc,nmethod  ] GC(12) NMethods: 6308 registered, 102 unregistered
[25.166s][info][gc,metaspace] GC(12) Metaspace: 57M used, 58M committed, 1088M reserved
[25.166s][info][gc,ref      ] GC(12) Soft: 4706 encountered, 0 discovered, 0 enqueued
[25.166s][info][gc,ref      ] GC(12) Weak: 5962 encountered, 1987 discovered, 208 enqueued
[25.166s][info][gc,ref      ] GC(12) Final: 232 encountered, 17 discovered, 0 enqueued
[25.166s][info][gc,ref      ] GC(12) Phantom: 609 encountered, 475 discovered, 0 enqueued
[25.166s][info][gc,reloc    ] GC(12) Small Pages: 1226 / 2452M, Empty: 2184M, Relocated: 8M, In-Place: 0
[25.166s][info][gc,reloc    ] GC(12) Medium Pages: 2 / 64M, Empty: 32M, Relocated: 0M, In-Place: 0
[25.167s][info][gc,reloc    ] GC(12) Large Pages: 5 / 30M, Empty: 18M, Relocated: 0M, In-Place: 0
[25.167s][info][gc,reloc    ] GC(12) Forwarding Usage: 3M
[25.167s][info][gc,heap     ] GC(12) Min Capacity: 8M(0%)
[25.167s][info][gc,heap     ] GC(12) Max Capacity: 30718M(100%)
[25.167s][info][gc,heap     ] GC(12) Soft Max Capacity: 30718M(100%)
[25.167s][info][gc,heap     ] GC(12)                Mark Start          Mark End        Relocate Start      Relocate End           High               Low         
[25.167s][info][gc,heap     ] GC(12)  Capacity:     3482M (11%)        3482M (11%)        3482M (11%)        3482M (11%)        3482M (11%)        3482M (11%)    
[25.167s][info][gc,heap     ] GC(12)      Free:    28172M (92%)       28172M (92%)       30382M (99%)       30428M (99%)       30428M (99%)       28168M (92%)    
[25.167s][info][gc,heap     ] GC(12)      Used:     2546M (8%)         2546M (8%)          336M (1%)          290M (1%)         2550M (8%)          290M (1%)     
[25.167s][info][gc,heap     ] GC(12)      Live:         -               206M (1%)          206M (1%)          206M (1%)             -                  -          
[25.167s][info][gc,heap     ] GC(12) Allocated:         -                 0M (0%)           24M (0%)           33M (0%)             -                  -          
[25.167s][info][gc,heap     ] GC(12)   Garbage:         -              2339M (8%)          105M (0%)           49M (0%)             -                  -          
[25.167s][info][gc,heap     ] GC(12) Reclaimed:         -                  -              2234M (7%)         2289M (7%)             -                  -          
[25.167s][info][gc          ] GC(12) Garbage Collection (System.gc()) 2546M(8%)->290M(1%)
[25.946s][info][gc,start    ] GC(13) Garbage Collection (System.gc())
[25.946s][info][gc,task     ] GC(13) Using 12 workers
[25.947s][info][gc,phases   ] GC(13) Pause Mark Start 0.016ms
[26.003s][info][gc,phases   ] GC(13) Concurrent Mark 56.270ms
[26.003s][info][gc,phases   ] GC(13) Pause Mark End 0.021ms
[26.003s][info][gc,phases   ] GC(13) Concurrent Mark Free 0.001ms
[26.005s][info][gc,phases   ] GC(13) Concurrent Process Non-Strong References 1.615ms
[26.005s][info][gc,phases   ] GC(13) Concurrent Reset Relocation Set 0.004ms
[26.009s][info][gc,phases   ] GC(13) Concurrent Select Relocation Set 3.732ms
[26.009s][info][gc,phases   ] GC(13) Pause Relocate Start 0.008ms
[26.011s][info][gc,phases   ] GC(13) Concurrent Relocate 2.240ms
[26.011s][info][gc,load     ] GC(13) Load: 0.00/0.00/0.00
[26.011s][info][gc,mmu      ] GC(13) MMU: 2ms/97.5%, 5ms/99.0%, 10ms/99.5%, 20ms/99.7%, 50ms/99.9%, 100ms/99.9%
[26.011s][info][gc,marking  ] GC(13) Mark: 8 stripe(s), 2 proactive flush(es), 1 terminate flush(es), 0 completion(s), 0 continuation(s) 
[26.011s][info][gc,marking  ] GC(13) Mark Stack Usage: 32M
[26.011s][info][gc,nmethod  ] GC(13) NMethods: 6463 registered, 115 unregistered
[26.011s][info][gc,metaspace] GC(13) Metaspace: 58M used, 58M committed, 1088M reserved
[26.011s][info][gc,ref      ] GC(13) Soft: 4706 encountered, 0 discovered, 0 enqueued
[26.011s][info][gc,ref      ] GC(13) Weak: 5960 encountered, 708 discovered, 199 enqueued
[26.011s][info][gc,ref      ] GC(13) Final: 232 encountered, 2 discovered, 0 enqueued
[26.011s][info][gc,ref      ] GC(13) Phantom: 609 encountered, 375 discovered, 0 enqueued
[26.011s][info][gc,reloc    ] GC(13) Small Pages: 1225 / 2450M, Empty: 2182M, Relocated: 4M, In-Place: 0
[26.011s][info][gc,reloc    ] GC(13) Medium Pages: 2 / 64M, Empty: 32M, Relocated: 0M, In-Place: 0
[26.012s][info][gc,reloc    ] GC(13) Large Pages: 5 / 30M, Empty: 18M, Relocated: 0M, In-Place: 0
[26.012s][info][gc,reloc    ] GC(13) Forwarding Usage: 2M
[26.012s][info][gc,heap     ] GC(13) Min Capacity: 8M(0%)
[26.012s][info][gc,heap     ] GC(13) Max Capacity: 30718M(100%)
[26.012s][info][gc,heap     ] GC(13) Soft Max Capacity: 30718M(100%)
[26.012s][info][gc,heap     ] GC(13)                Mark Start          Mark End        Relocate Start      Relocate End           High               Low         
[26.012s][info][gc,heap     ] GC(13)  Capacity:     3482M (11%)        3482M (11%)        3482M (11%)        3482M (11%)        3482M (11%)        3482M (11%)    
[26.012s][info][gc,heap     ] GC(13)      Free:    28174M (92%)       28172M (92%)       30378M (99%)       30424M (99%)       30424M (99%)       28170M (92%)    
[26.012s][info][gc,heap     ] GC(13)      Used:     2544M (8%)         2546M (8%)          340M (1%)          294M (1%)         2548M (8%)          294M (1%)     
[26.012s][info][gc,heap     ] GC(13)      Live:         -               206M (1%)          206M (1%)          206M (1%)             -                  -          
[26.012s][info][gc,heap     ] GC(13) Allocated:         -                 2M (0%)           28M (0%)           31M (0%)             -                  -          
[26.012s][info][gc,heap     ] GC(13)   Garbage:         -              2337M (8%)          105M (0%)           55M (0%)             -                  -          
[26.012s][info][gc,heap     ] GC(13) Reclaimed:         -                  -              2232M (7%)         2281M (7%)             -                  -          
[26.012s][info][gc          ] GC(13) Garbage Collection (System.gc()) 2544M(8%)->294M(1%)
[26.784s][info][gc,start    ] GC(14) Garbage Collection (System.gc())
[26.784s][info][gc,task     ] GC(14) Using 12 workers
[26.784s][info][gc,phases   ] GC(14) Pause Mark Start 0.017ms
[26.854s][info][gc,phases   ] GC(14) Concurrent Mark 69.334ms
[26.854s][info][gc,phases   ] GC(14) Pause Mark End 0.025ms
[26.854s][info][gc,phases   ] GC(14) Concurrent Mark Free 0.001ms
[26.856s][info][gc,phases   ] GC(14) Concurrent Process Non-Strong References 1.944ms
[26.856s][info][gc,phases   ] GC(14) Concurrent Reset Relocation Set 0.005ms
[26.863s][info][gc,phases   ] GC(14) Concurrent Select Relocation Set 7.155ms
[26.863s][info][gc,phases   ] GC(14) Pause Relocate Start 0.008ms
[26.867s][info][gc,phases   ] GC(14) Concurrent Relocate 3.855ms
[26.867s][info][gc,load     ] GC(14) Load: 0.00/0.00/0.00
[26.867s][info][gc,mmu      ] GC(14) MMU: 2ms/97.5%, 5ms/99.0%, 10ms/99.5%, 20ms/99.7%, 50ms/99.9%, 100ms/99.9%
[26.867s][info][gc,marking  ] GC(14) Mark: 8 stripe(s), 2 proactive flush(es), 1 terminate flush(es), 0 completion(s), 0 continuation(s) 
[26.867s][info][gc,marking  ] GC(14) Mark Stack Usage: 32M
[26.867s][info][gc,nmethod  ] GC(14) NMethods: 6596 registered, 132 unregistered
[26.867s][info][gc,metaspace] GC(14) Metaspace: 58M used, 59M committed, 1088M reserved
[26.867s][info][gc,ref      ] GC(14) Soft: 4711 encountered, 0 discovered, 0 enqueued
[26.867s][info][gc,ref      ] GC(14) Weak: 6090 encountered, 710 discovered, 241 enqueued
[26.867s][info][gc,ref      ] GC(14) Final: 232 encountered, 2 discovered, 0 enqueued
[26.867s][info][gc,ref      ] GC(14) Phantom: 629 encountered, 369 discovered, 20 enqueued
[26.868s][info][gc,reloc    ] GC(14) Small Pages: 1227 / 2454M, Empty: 2182M, Relocated: 4M, In-Place: 0
[26.868s][info][gc,reloc    ] GC(14) Medium Pages: 2 / 64M, Empty: 32M, Relocated: 0M, In-Place: 0
[26.868s][info][gc,reloc    ] GC(14) Large Pages: 5 / 30M, Empty: 18M, Relocated: 0M, In-Place: 0
[26.868s][info][gc,reloc    ] GC(14) Forwarding Usage: 2M
[26.868s][info][gc,heap     ] GC(14) Min Capacity: 8M(0%)
[26.868s][info][gc,heap     ] GC(14) Max Capacity: 30718M(100%)
[26.868s][info][gc,heap     ] GC(14) Soft Max Capacity: 30718M(100%)
[26.868s][info][gc,heap     ] GC(14)                Mark Start          Mark End        Relocate Start      Relocate End           High               Low         
[26.868s][info][gc,heap     ] GC(14)  Capacity:     3482M (11%)        3482M (11%)        3482M (11%)        3482M (11%)        3482M (11%)        3482M (11%)    
[26.868s][info][gc,heap     ] GC(14)      Free:    28170M (92%)       28170M (92%)       30372M (99%)       30426M (99%)       30426M (99%)       28166M (92%)    
[26.868s][info][gc,heap     ] GC(14)      Used:     2548M (8%)         2548M (8%)          346M (1%)          292M (1%)         2552M (8%)          292M (1%)     
[26.868s][info][gc,heap     ] GC(14)      Live:         -               206M (1%)          206M (1%)          206M (1%)             -                  -          
[26.868s][info][gc,heap     ] GC(14) Allocated:         -                 0M (0%)           30M (0%)           29M (0%)             -                  -          
[26.868s][info][gc,heap     ] GC(14)   Garbage:         -              2341M (8%)          109M (0%)           55M (0%)             -                  -          
[26.868s][info][gc,heap     ] GC(14) Reclaimed:         -                  -              2232M (7%)         2285M (7%)             -                  -          
[26.868s][info][gc          ] GC(14) Garbage Collection (System.gc()) 2548M(8%)->292M(1%)
[27.653s][info][gc,start    ] GC(15) Garbage Collection (System.gc())
[27.653s][info][gc,task     ] GC(15) Using 12 workers
[27.654s][info][gc,phases   ] GC(15) Pause Mark Start 0.015ms
[27.713s][info][gc,phases   ] GC(15) Concurrent Mark 59.126ms
[27.713s][info][gc,phases   ] GC(15) Pause Mark End 0.026ms
[27.713s][info][gc,phases   ] GC(15) Concurrent Mark Free 0.001ms
[27.715s][info][gc,phases   ] GC(15) Concurrent Process Non-Strong References 1.774ms
[27.715s][info][gc,phases   ] GC(15) Concurrent Reset Relocation Set 0.005ms
[27.719s][info][gc,phases   ] GC(15) Concurrent Select Relocation Set 3.841ms
[27.719s][info][gc,phases   ] GC(15) Pause Relocate Start 0.007ms
[27.722s][info][gc,phases   ] GC(15) Concurrent Relocate 2.538ms
[27.722s][info][gc,load     ] GC(15) Load: 0.00/0.00/0.00
[27.722s][info][gc,mmu      ] GC(15) MMU: 2ms/97.5%, 5ms/99.0%, 10ms/99.5%, 20ms/99.7%, 50ms/99.9%, 100ms/99.9%
[27.722s][info][gc,marking  ] GC(15) Mark: 8 stripe(s), 3 proactive flush(es), 1 terminate flush(es), 0 completion(s), 0 continuation(s) 
[27.722s][info][gc,marking  ] GC(15) Mark Stack Usage: 32M
[27.722s][info][gc,nmethod  ] GC(15) NMethods: 6689 registered, 148 unregistered
[27.722s][info][gc,metaspace] GC(15) Metaspace: 58M used, 59M committed, 1088M reserved
[27.722s][info][gc,ref      ] GC(15) Soft: 4711 encountered, 0 discovered, 0 enqueued
[27.722s][info][gc,ref      ] GC(15) Weak: 6048 encountered, 1555 discovered, 199 enqueued
[27.722s][info][gc,ref      ] GC(15) Final: 232 encountered, 4 discovered, 0 enqueued
[27.722s][info][gc,ref      ] GC(15) Phantom: 609 encountered, 504 discovered, 0 enqueued
[27.722s][info][gc,reloc    ] GC(15) Small Pages: 1227 / 2454M, Empty: 2180M, Relocated: 5M, In-Place: 0
[27.722s][info][gc,reloc    ] GC(15) Medium Pages: 2 / 64M, Empty: 32M, Relocated: 0M, In-Place: 0
[27.722s][info][gc,reloc    ] GC(15) Large Pages: 5 / 30M, Empty: 18M, Relocated: 0M, In-Place: 0
[27.722s][info][gc,reloc    ] GC(15) Forwarding Usage: 2M
[27.722s][info][gc,heap     ] GC(15) Min Capacity: 8M(0%)
[27.722s][info][gc,heap     ] GC(15) Max Capacity: 30718M(100%)
[27.722s][info][gc,heap     ] GC(15) Soft Max Capacity: 30718M(100%)
[27.722s][info][gc,heap     ] GC(15)                Mark Start          Mark End        Relocate Start      Relocate End           High               Low         
[27.722s][info][gc,heap     ] GC(15)  Capacity:     3482M (11%)        3482M (11%)        3482M (11%)        3482M (11%)        3482M (11%)        3482M (11%)    
[27.722s][info][gc,heap     ] GC(15)      Free:    28170M (92%)       28168M (92%)       30374M (99%)       30428M (99%)       30428M (99%)       28168M (92%)    
[27.722s][info][gc,heap     ] GC(15)      Used:     2548M (8%)         2550M (8%)          344M (1%)          290M (1%)         2550M (8%)          290M (1%)     
[27.722s][info][gc,heap     ] GC(15)      Live:         -               206M (1%)          206M (1%)          206M (1%)             -                  -          
[27.722s][info][gc,heap     ] GC(15) Allocated:         -                 2M (0%)           26M (0%)           27M (0%)             -                  -          
[27.722s][info][gc,heap     ] GC(15)   Garbage:         -              2341M (8%)          111M (0%)           55M (0%)             -                  -          
[27.722s][info][gc,heap     ] GC(15) Reclaimed:         -                  -              2230M (7%)         2285M (7%)             -                  -          
[27.722s][info][gc          ] GC(15) Garbage Collection (System.gc()) 2548M(8%)->290M(1%)
[28.500s][info][gc,start    ] GC(16) Garbage Collection (System.gc())
[28.500s][info][gc,task     ] GC(16) Using 12 workers
[28.500s][info][gc,phases   ] GC(16) Pause Mark Start 0.017ms
[28.561s][info][gc,phases   ] GC(16) Concurrent Mark 61.374ms
[28.562s][info][gc,phases   ] GC(16) Pause Mark End 0.021ms
[28.562s][info][gc,phases   ] GC(16) Concurrent Mark Free 0.001ms
[28.563s][info][gc,phases   ] GC(16) Concurrent Process Non-Strong References 1.754ms
[28.563s][info][gc,phases   ] GC(16) Concurrent Reset Relocation Set 0.004ms
[28.566s][info][gc,phases   ] GC(16) Concurrent Select Relocation Set 2.740ms
[28.567s][info][gc,phases   ] GC(16) Pause Relocate Start 0.006ms
[28.569s][info][gc,phases   ] GC(16) Concurrent Relocate 2.740ms
[28.569s][info][gc,load     ] GC(16) Load: 0.00/0.00/0.00
[28.569s][info][gc,mmu      ] GC(16) MMU: 2ms/97.5%, 5ms/99.0%, 10ms/99.5%, 20ms/99.7%, 50ms/99.9%, 100ms/99.9%
[28.569s][info][gc,marking  ] GC(16) Mark: 8 stripe(s), 2 proactive flush(es), 1 terminate flush(es), 0 completion(s), 0 continuation(s) 
[28.569s][info][gc,marking  ] GC(16) Mark Stack Usage: 32M
[28.569s][info][gc,nmethod  ] GC(16) NMethods: 6840 registered, 160 unregistered
[28.570s][info][gc,metaspace] GC(16) Metaspace: 58M used, 59M committed, 1088M reserved
[28.570s][info][gc,ref      ] GC(16) Soft: 4711 encountered, 0 discovered, 0 enqueued
[28.570s][info][gc,ref      ] GC(16) Weak: 6086 encountered, 650 discovered, 208 enqueued
[28.570s][info][gc,ref      ] GC(16) Final: 232 encountered, 2 discovered, 0 enqueued
[28.570s][info][gc,ref      ] GC(16) Phantom: 609 encountered, 585 discovered, 0 enqueued
[28.570s][info][gc,reloc    ] GC(16) Small Pages: 1227 / 2454M, Empty: 2182M, Relocated: 5M, In-Place: 0
[28.570s][info][gc,reloc    ] GC(16) Medium Pages: 2 / 64M, Empty: 32M, Relocated: 0M, In-Place: 0
[28.570s][info][gc,reloc    ] GC(16) Large Pages: 5 / 30M, Empty: 18M, Relocated: 0M, In-Place: 0
[28.570s][info][gc,reloc    ] GC(16) Forwarding Usage: 2M
[28.570s][info][gc,heap     ] GC(16) Min Capacity: 8M(0%)
[28.570s][info][gc,heap     ] GC(16) Max Capacity: 30718M(100%)
[28.570s][info][gc,heap     ] GC(16) Soft Max Capacity: 30718M(100%)
[28.570s][info][gc,heap     ] GC(16)                Mark Start          Mark End        Relocate Start      Relocate End           High               Low         
[28.570s][info][gc,heap     ] GC(16)  Capacity:     3482M (11%)        3482M (11%)        3482M (11%)        3482M (11%)        3482M (11%)        3482M (11%)    
[28.570s][info][gc,heap     ] GC(16)      Free:    28170M (92%)       28170M (92%)       30376M (99%)       30428M (99%)       30428M (99%)       28168M (92%)    
[28.570s][info][gc,heap     ] GC(16)      Used:     2548M (8%)         2548M (8%)          342M (1%)          290M (1%)         2550M (8%)          290M (1%)     
[28.570s][info][gc,heap     ] GC(16)      Live:         -               206M (1%)          206M (1%)          206M (1%)             -                  -          
[28.570s][info][gc,heap     ] GC(16) Allocated:         -                 0M (0%)           26M (0%)           27M (0%)             -                  -          
[28.570s][info][gc,heap     ] GC(16)   Garbage:         -              2341M (8%)          109M (0%)           55M (0%)             -                  -          
[28.570s][info][gc,heap     ] GC(16) Reclaimed:         -                  -              2232M (7%)         2285M (7%)             -                  -          
[28.570s][info][gc          ] GC(16) Garbage Collection (System.gc()) 2548M(8%)->290M(1%)
[29.325s][info][gc,start    ] GC(17) Garbage Collection (System.gc())
[29.325s][info][gc,task     ] GC(17) Using 12 workers
[29.325s][info][gc,phases   ] GC(17) Pause Mark Start 0.016ms
[29.388s][info][gc,phases   ] GC(17) Concurrent Mark 62.357ms
[29.388s][info][gc,phases   ] GC(17) Pause Mark End 0.024ms
[29.388s][info][gc,phases   ] GC(17) Concurrent Mark Free 0.001ms
[29.390s][info][gc,phases   ] GC(17) Concurrent Process Non-Strong References 1.917ms
[29.390s][info][gc,phases   ] GC(17) Concurrent Reset Relocation Set 0.005ms
[29.394s][info][gc,phases   ] GC(17) Concurrent Select Relocation Set 3.775ms
[29.394s][info][gc,phases   ] GC(17) Pause Relocate Start 0.008ms
[29.397s][info][gc,phases   ] GC(17) Concurrent Relocate 2.420ms
[29.397s][info][gc,load     ] GC(17) Load: 0.00/0.00/0.00
[29.397s][info][gc,mmu      ] GC(17) MMU: 2ms/97.5%, 5ms/99.0%, 10ms/99.5%, 20ms/99.7%, 50ms/99.9%, 100ms/99.9%
[29.397s][info][gc,marking  ] GC(17) Mark: 8 stripe(s), 2 proactive flush(es), 1 terminate flush(es), 0 completion(s), 0 continuation(s) 
[29.397s][info][gc,marking  ] GC(17) Mark Stack Usage: 32M
[29.397s][info][gc,nmethod  ] GC(17) NMethods: 6914 registered, 173 unregistered
[29.397s][info][gc,metaspace] GC(17) Metaspace: 58M used, 59M committed, 1088M reserved
[29.397s][info][gc,ref      ] GC(17) Soft: 4711 encountered, 0 discovered, 0 enqueued
[29.397s][info][gc,ref      ] GC(17) Weak: 6073 encountered, 1952 discovered, 199 enqueued
[29.397s][info][gc,ref      ] GC(17) Final: 232 encountered, 26 discovered, 0 enqueued
[29.397s][info][gc,ref      ] GC(17) Phantom: 609 encountered, 484 discovered, 0 enqueued
[29.397s][info][gc,reloc    ] GC(17) Small Pages: 1226 / 2452M, Empty: 2180M, Relocated: 5M, In-Place: 0
[29.397s][info][gc,reloc    ] GC(17) Medium Pages: 2 / 64M, Empty: 32M, Relocated: 0M, In-Place: 0
[29.397s][info][gc,reloc    ] GC(17) Large Pages: 5 / 30M, Empty: 18M, Relocated: 0M, In-Place: 0
[29.397s][info][gc,reloc    ] GC(17) Forwarding Usage: 2M
[29.397s][info][gc,heap     ] GC(17) Min Capacity: 8M(0%)
[29.397s][info][gc,heap     ] GC(17) Max Capacity: 30718M(100%)
[29.397s][info][gc,heap     ] GC(17) Soft Max Capacity: 30718M(100%)
[29.397s][info][gc,heap     ] GC(17)                Mark Start          Mark End        Relocate Start      Relocate End           High               Low         
[29.397s][info][gc,heap     ] GC(17)  Capacity:     3482M (11%)        3482M (11%)        3482M (11%)        3482M (11%)        3482M (11%)        3482M (11%)    
[29.397s][info][gc,heap     ] GC(17)      Free:    28172M (92%)       28172M (92%)       30372M (99%)       30424M (99%)       30424M (99%)       28170M (92%)    
[29.397s][info][gc,heap     ] GC(17)      Used:     2546M (8%)         2546M (8%)          346M (1%)          294M (1%)         2548M (8%)          294M (1%)     
[29.397s][info][gc,heap     ] GC(17)      Live:         -               206M (1%)          206M (1%)          206M (1%)             -                  -          
[29.397s][info][gc,heap     ] GC(17) Allocated:         -                 0M (0%)           30M (0%)           31M (0%)             -                  -          
[29.397s][info][gc,heap     ] GC(17)   Garbage:         -              2339M (8%)          109M (0%)           55M (0%)             -                  -          
[29.397s][info][gc,heap     ] GC(17) Reclaimed:         -                  -              2230M (7%)         2283M (7%)             -                  -          
[29.397s][info][gc          ] GC(17) Garbage Collection (System.gc()) 2546M(8%)->294M(1%)
[30.145s][info][gc,stats    ] === Garbage Collection Statistics =======================================================================================================================
[30.145s][info][gc,stats    ]                                                              Last 10s              Last 10m              Last 10h                Total
[30.145s][info][gc,stats    ]                                                              Avg / Max             Avg / Max             Avg / Max             Avg / Max
[30.145s][info][gc,stats    ]   Collector: Garbage Collection Cycle                     72.542 / 91.077      108.817 / 744.567     108.817 / 744.567     108.817 / 744.567     ms
[30.145s][info][gc,stats    ]  Contention: Mark Segment Reset Contention                     3 / 7                 1 / 8                 1 / 8                 1 / 8           ops/s
[30.145s][info][gc,stats    ]  Contention: Mark SeqNum Reset Contention                      1 / 4                 0 / 4                 0 / 4                 0 / 4           ops/s
[30.145s][info][gc,stats    ]    Critical: Allocation Stall                                  0 / 0                 0 / 0                 0 / 0                 0 / 0           ops/s
[30.145s][info][gc,stats    ]    Critical: Allocation Stall                              0.000 / 0.000         0.000 / 0.000         0.000 / 0.000         0.000 / 0.000       ms
[30.145s][info][gc,stats    ]    Critical: GC Locker Stall                                   0 / 0                 0 / 0                 0 / 0                 0 / 0           ops/s
[30.145s][info][gc,stats    ]    Critical: GC Locker Stall                               0.000 / 0.000         0.000 / 0.000         0.000 / 0.000         0.000 / 0.000       ms
[30.145s][info][gc,stats    ]    Critical: Relocation Stall                                  0 / 0                 0 / 0                 0 / 0                 0 / 0           ops/s
[30.145s][info][gc,stats    ]    Critical: Relocation Stall                              0.000 / 0.000         0.000 / 0.000         0.000 / 0.000         0.000 / 0.000       ms
[30.145s][info][gc,stats    ]      Memory: Allocation Rate                                2703 / 2816           1272 / 2816           1272 / 2816           1272 / 2816        MB/s
[30.145s][info][gc,stats    ]      Memory: Defragment                                        0 / 0                 0 / 0                 0 / 0                 0 / 0           ops/s
[30.145s][info][gc,stats    ]      Memory: Out Of Memory                                     0 / 0                 0 / 0                 0 / 0                 0 / 0           ops/s
[30.145s][info][gc,stats    ]      Memory: Page Cache Flush                                  0 / 0                 0 / 0                 0 / 0                 0 / 0           MB/s
[30.145s][info][gc,stats    ]      Memory: Page Cache Hit L1                              1341 / 1399            577 / 1399            577 / 1399            577 / 1399        ops/s
[30.145s][info][gc,stats    ]      Memory: Page Cache Hit L2                                 0 / 0                 0 / 0                 0 / 0                 0 / 0           ops/s
[30.145s][info][gc,stats    ]      Memory: Page Cache Hit L3                                 0 / 0                32 / 370              32 / 370              32 / 370         ops/s
[30.145s][info][gc,stats    ]      Memory: Page Cache Miss                                   0 / 0                23 / 539              23 / 539              23 / 539         ops/s
[30.145s][info][gc,stats    ]      Memory: Uncommit                                          0 / 0                 0 / 0                 0 / 0                 0 / 0           MB/s
[30.145s][info][gc,stats    ]      Memory: Undo Object Allocation Failed                     0 / 0                 0 / 0                 0 / 0                 0 / 0           ops/s
[30.145s][info][gc,stats    ]      Memory: Undo Object Allocation Succeeded                  0 / 1                 0 / 1                 0 / 1                 0 / 1           ops/s
[30.145s][info][gc,stats    ]      Memory: Undo Page Allocation                              0 / 0                 0 / 1                 0 / 1                 0 / 1           ops/s
[30.146s][info][gc,stats    ]       Phase: Concurrent Mark                              62.185 / 78.874       87.688 / 593.372      87.688 / 593.372      87.688 / 593.372     ms
[30.146s][info][gc,stats    ]       Phase: Concurrent Mark Continue                      0.000 / 0.000         0.000 / 0.000         0.000 / 0.000         0.000 / 0.000       ms
[30.146s][info][gc,stats    ]       Phase: Concurrent Mark Free                          0.001 / 0.001         0.001 / 0.001         0.001 / 0.001         0.001 / 0.001       ms
[30.146s][info][gc,stats    ]       Phase: Concurrent Process Non-Strong References      1.737 / 1.944         2.647 / 9.680         2.647 / 9.680         2.647 / 9.680       ms
[30.146s][info][gc,stats    ]       Phase: Concurrent Relocate                           2.916 / 3.855         6.463 / 53.884        6.463 / 53.884        6.463 / 53.884      ms
[30.146s][info][gc,stats    ]       Phase: Concurrent Reset Relocation Set               0.004 / 0.006         0.014 / 0.180         0.014 / 0.180         0.014 / 0.180       ms
[30.146s][info][gc,stats    ]       Phase: Concurrent Select Relocation Set              4.641 / 7.697        10.906 / 86.728       10.906 / 86.728       10.906 / 86.728      ms
[30.146s][info][gc,stats    ]       Phase: Pause Mark End                                0.022 / 0.028         0.022 / 0.028         0.022 / 0.028         0.022 / 0.028       ms
[30.146s][info][gc,stats    ]       Phase: Pause Mark Start                              0.016 / 0.017         0.017 / 0.051         0.017 / 0.051         0.017 / 0.051       ms
[30.146s][info][gc,stats    ]       Phase: Pause Relocate Start                          0.008 / 0.013         0.008 / 0.013         0.008 / 0.013         0.008 / 0.013       ms
[30.146s][info][gc,stats    ]    Subphase: Concurrent Classes Purge                      0.087 / 0.154         0.282 / 1.261         0.282 / 1.261         0.282 / 1.261       ms
[30.146s][info][gc,stats    ]    Subphase: Concurrent Classes Unlink                     1.148 / 1.274         1.853 / 8.151         1.853 / 8.151         1.853 / 8.151       ms
[30.146s][info][gc,stats    ]    Subphase: Concurrent Mark                              50.608 / 68.347       78.718 / 588.655      78.718 / 588.655      78.718 / 588.655     ms
[30.146s][info][gc,stats    ]    Subphase: Concurrent Mark Try Flush                     0.114 / 0.269         0.092 / 0.269         0.092 / 0.269         0.092 / 0.269       ms
[30.146s][info][gc,stats    ]    Subphase: Concurrent Mark Try Terminate                 7.945 / 16.533        9.244 / 16.533        9.244 / 16.533        9.244 / 16.533      ms
[30.146s][info][gc,stats    ]    Subphase: Concurrent References Enqueue                 0.003 / 0.005         0.003 / 0.005         0.003 / 0.005         0.003 / 0.005       ms
[30.146s][info][gc,stats    ]    Subphase: Concurrent References Process                 0.091 / 0.160         0.098 / 0.198         0.098 / 0.198         0.098 / 0.198       ms
[30.146s][info][gc,stats    ]    Subphase: Concurrent Roots ClassLoaderDataGraph         0.094 / 0.706         0.088 / 0.735         0.088 / 0.735         0.088 / 0.735       ms
[30.146s][info][gc,stats    ]    Subphase: Concurrent Roots CodeCache                    0.000 / 0.000         0.000 / 0.000         0.000 / 0.000         0.000 / 0.000       ms
[30.146s][info][gc,stats    ]    Subphase: Concurrent Roots JavaThreads                  9.576 / 11.602        7.031 / 11.602        7.031 / 11.602        7.031 / 11.602      ms
[30.146s][info][gc,stats    ]    Subphase: Concurrent Roots OopStorageSet                0.029 / 0.062         0.032 / 0.263         0.032 / 0.263         0.032 / 0.263       ms
[30.146s][info][gc,stats    ]    Subphase: Concurrent Weak Roots OopStorageSet           0.189 / 0.247         0.209 / 0.376         0.209 / 0.376         0.209 / 0.376       ms
[30.146s][info][gc,stats    ]    Subphase: Pause Mark Try Complete                       0.000 / 0.000         0.000 / 0.000         0.000 / 0.000         0.000 / 0.000       ms
[30.146s][info][gc,stats    ]      System: Java Threads                                    213 / 267             157 / 267             157 / 267             157 / 267         threads
[30.146s][info][gc,stats    ] =========================================================================================================================================================
[30.172s][info][gc,start    ] GC(18) Garbage Collection (System.gc())
[30.172s][info][gc,task     ] GC(18) Using 12 workers
[30.172s][info][gc,phases   ] GC(18) Pause Mark Start 0.016ms
[30.238s][info][gc,phases   ] GC(18) Concurrent Mark 66.101ms
[30.238s][info][gc,phases   ] GC(18) Pause Mark End 0.028ms
[30.239s][info][gc,phases   ] GC(18) Concurrent Mark Free 0.001ms
[30.240s][info][gc,phases   ] GC(18) Concurrent Process Non-Strong References 1.872ms
[30.240s][info][gc,phases   ] GC(18) Concurrent Reset Relocation Set 0.004ms
[30.243s][info][gc,phases   ] GC(18) Concurrent Select Relocation Set 2.669ms
[30.243s][info][gc,phases   ] GC(18) Pause Relocate Start 0.008ms
[30.245s][info][gc,phases   ] GC(18) Concurrent Relocate 1.977ms
[30.245s][info][gc,load     ] GC(18) Load: 0.00/0.00/0.00
[30.245s][info][gc,mmu      ] GC(18) MMU: 2ms/97.5%, 5ms/99.0%, 10ms/99.5%, 20ms/99.7%, 50ms/99.9%, 100ms/99.9%
[30.245s][info][gc,marking  ] GC(18) Mark: 8 stripe(s), 2 proactive flush(es), 1 terminate flush(es), 0 completion(s), 0 continuation(s) 
[30.245s][info][gc,marking  ] GC(18) Mark Stack Usage: 32M
[30.245s][info][gc,nmethod  ] GC(18) NMethods: 7020 registered, 193 unregistered
[30.245s][info][gc,metaspace] GC(18) Metaspace: 58M used, 59M committed, 1088M reserved
[30.245s][info][gc,ref      ] GC(18) Soft: 4711 encountered, 0 discovered, 0 enqueued
[30.245s][info][gc,ref      ] GC(18) Weak: 6098 encountered, 1865 discovered, 207 enqueued
[30.245s][info][gc,ref      ] GC(18) Final: 232 encountered, 4 discovered, 0 enqueued
[30.245s][info][gc,ref      ] GC(18) Phantom: 609 encountered, 525 discovered, 0 enqueued
[30.246s][info][gc,reloc    ] GC(18) Small Pages: 1225 / 2450M, Empty: 2182M, Relocated: 5M, In-Place: 0
[30.246s][info][gc,reloc    ] GC(18) Medium Pages: 2 / 64M, Empty: 32M, Relocated: 0M, In-Place: 0
[30.246s][info][gc,reloc    ] GC(18) Large Pages: 5 / 30M, Empty: 18M, Relocated: 0M, In-Place: 0
[30.246s][info][gc,reloc    ] GC(18) Forwarding Usage: 2M
[30.246s][info][gc,heap     ] GC(18) Min Capacity: 8M(0%)
[30.246s][info][gc,heap     ] GC(18) Max Capacity: 30718M(100%)
[30.246s][info][gc,heap     ] GC(18) Soft Max Capacity: 30718M(100%)
[30.246s][info][gc,heap     ] GC(18)                Mark Start          Mark End        Relocate Start      Relocate End           High               Low         
[30.246s][info][gc,heap     ] GC(18)  Capacity:     3482M (11%)        3482M (11%)        3482M (11%)        3482M (11%)        3482M (11%)        3482M (11%)    
[30.246s][info][gc,heap     ] GC(18)      Free:    28174M (92%)       28174M (92%)       30380M (99%)       30422M (99%)       30422M (99%)       28172M (92%)    
[30.246s][info][gc,heap     ] GC(18)      Used:     2544M (8%)         2544M (8%)          338M (1%)          296M (1%)         2546M (8%)          296M (1%)     
[30.246s][info][gc,heap     ] GC(18)      Live:         -               206M (1%)          206M (1%)          206M (1%)             -                  -          
[30.246s][info][gc,heap     ] GC(18) Allocated:         -                 0M (0%)           26M (0%)           33M (0%)             -                  -          
[30.246s][info][gc,heap     ] GC(18)   Garbage:         -              2337M (8%)          105M (0%)           55M (0%)             -                  -          
[30.246s][info][gc,heap     ] GC(18) Reclaimed:         -                  -              2232M (7%)         2281M (7%)             -                  -          
[30.246s][info][gc          ] GC(18) Garbage Collection (System.gc()) 2544M(8%)->296M(1%)
[31.052s][info][gc,start    ] GC(19) Garbage Collection (System.gc())
[31.052s][info][gc,task     ] GC(19) Using 12 workers
[31.052s][info][gc,phases   ] GC(19) Pause Mark Start 0.015ms
[31.111s][info][gc,phases   ] GC(19) Concurrent Mark 59.213ms
[31.112s][info][gc,phases   ] GC(19) Pause Mark End 0.024ms
[31.112s][info][gc,phases   ] GC(19) Concurrent Mark Free 0.001ms
[31.114s][info][gc,phases   ] GC(19) Concurrent Process Non-Strong References 1.895ms
[31.114s][info][gc,phases   ] GC(19) Concurrent Reset Relocation Set 0.005ms
[31.118s][info][gc,phases   ] GC(19) Concurrent Select Relocation Set 3.913ms
[31.118s][info][gc,phases   ] GC(19) Pause Relocate Start 0.007ms
[31.120s][info][gc,phases   ] GC(19) Concurrent Relocate 2.647ms
[31.121s][info][gc,load     ] GC(19) Load: 0.00/0.00/0.00
[31.121s][info][gc,mmu      ] GC(19) MMU: 2ms/97.5%, 5ms/99.0%, 10ms/99.5%, 20ms/99.7%, 50ms/99.9%, 100ms/99.9%
[31.121s][info][gc,marking  ] GC(19) Mark: 8 stripe(s), 2 proactive flush(es), 1 terminate flush(es), 0 completion(s), 0 continuation(s) 
[31.121s][info][gc,marking  ] GC(19) Mark Stack Usage: 32M
[31.121s][info][gc,nmethod  ] GC(19) NMethods: 7155 registered, 205 unregistered
[31.121s][info][gc,metaspace] GC(19) Metaspace: 58M used, 59M committed, 1088M reserved
[31.121s][info][gc,ref      ] GC(19) Soft: 4711 encountered, 0 discovered, 0 enqueued
[31.121s][info][gc,ref      ] GC(19) Weak: 6086 encountered, 486 discovered, 199 enqueued
[31.121s][info][gc,ref      ] GC(19) Final: 232 encountered, 4 discovered, 0 enqueued
[31.121s][info][gc,ref      ] GC(19) Phantom: 609 encountered, 472 discovered, 0 enqueued
[31.121s][info][gc,reloc    ] GC(19) Small Pages: 1228 / 2456M, Empty: 2180M, Relocated: 5M, In-Place: 0
[31.121s][info][gc,reloc    ] GC(19) Medium Pages: 2 / 64M, Empty: 32M, Relocated: 0M, In-Place: 0
[31.121s][info][gc,reloc    ] GC(19) Large Pages: 5 / 30M, Empty: 18M, Relocated: 0M, In-Place: 0
[31.121s][info][gc,reloc    ] GC(19) Forwarding Usage: 2M
[31.121s][info][gc,heap     ] GC(19) Min Capacity: 8M(0%)
[31.121s][info][gc,heap     ] GC(19) Max Capacity: 30718M(100%)
[31.121s][info][gc,heap     ] GC(19) Soft Max Capacity: 30718M(100%)
[31.121s][info][gc,heap     ] GC(19)                Mark Start          Mark End        Relocate Start      Relocate End           High               Low         
[31.121s][info][gc,heap     ] GC(19)  Capacity:     3482M (11%)        3482M (11%)        3482M (11%)        3482M (11%)        3482M (11%)        3482M (11%)    
[31.121s][info][gc,heap     ] GC(19)      Free:    28168M (92%)       28166M (92%)       30362M (99%)       30418M (99%)       30418M (99%)       28164M (92%)    
[31.121s][info][gc,heap     ] GC(19)      Used:     2550M (8%)         2552M (8%)          356M (1%)          300M (1%)         2554M (8%)          300M (1%)     
[31.121s][info][gc,heap     ] GC(19)      Live:         -               206M (1%)          206M (1%)          206M (1%)             -                  -          
[31.121s][info][gc,heap     ] GC(19) Allocated:         -                 2M (0%)           36M (0%)           37M (0%)             -                  -          
[31.121s][info][gc,heap     ] GC(19)   Garbage:         -              2343M (8%)          113M (0%)           55M (0%)             -                  -          
[31.121s][info][gc,heap     ] GC(19) Reclaimed:         -                  -              2230M (7%)         2287M (7%)             -                  -          
[31.121s][info][gc          ] GC(19) Garbage Collection (System.gc()) 2550M(8%)->300M(1%)
[31.901s][info][gc,start    ] GC(20) Garbage Collection (System.gc())
[31.901s][info][gc,task     ] GC(20) Using 12 workers
[31.901s][info][gc,phases   ] GC(20) Pause Mark Start 0.016ms
[31.962s][info][gc,phases   ] GC(20) Concurrent Mark 60.653ms
[31.962s][info][gc,phases   ] GC(20) Pause Mark End 0.020ms
[31.962s][info][gc,phases   ] GC(20) Concurrent Mark Free 0.001ms
[31.964s][info][gc,phases   ] GC(20) Concurrent Process Non-Strong References 1.722ms
[31.964s][info][gc,phases   ] GC(20) Concurrent Reset Relocation Set 0.004ms
[31.968s][info][gc,phases   ] GC(20) Concurrent Select Relocation Set 3.517ms
[31.968s][info][gc,phases   ] GC(20) Pause Relocate Start 0.006ms
[31.970s][info][gc,phases   ] GC(20) Concurrent Relocate 2.113ms
[31.970s][info][gc,load     ] GC(20) Load: 0.00/0.00/0.00
[31.970s][info][gc,mmu      ] GC(20) MMU: 2ms/97.5%, 5ms/99.0%, 10ms/99.5%, 20ms/99.7%, 50ms/99.9%, 100ms/99.9%
[31.970s][info][gc,marking  ] GC(20) Mark: 8 stripe(s), 1 proactive flush(es), 1 terminate flush(es), 0 completion(s), 0 continuation(s) 
[31.970s][info][gc,marking  ] GC(20) Mark Stack Usage: 32M
[31.970s][info][gc,nmethod  ] GC(20) NMethods: 7210 registered, 212 unregistered
[31.970s][info][gc,metaspace] GC(20) Metaspace: 58M used, 59M committed, 1088M reserved
[31.970s][info][gc,ref      ] GC(20) Soft: 4711 encountered, 0 discovered, 0 enqueued
[31.970s][info][gc,ref      ] GC(20) Weak: 6117 encountered, 629 discovered, 209 enqueued
[31.970s][info][gc,ref      ] GC(20) Final: 232 encountered, 0 discovered, 0 enqueued
[31.970s][info][gc,ref      ] GC(20) Phantom: 609 encountered, 359 discovered, 0 enqueued
[31.970s][info][gc,reloc    ] GC(20) Small Pages: 1228 / 2456M, Empty: 2180M, Relocated: 5M, In-Place: 0
[31.970s][info][gc,reloc    ] GC(20) Medium Pages: 2 / 64M, Empty: 32M, Relocated: 0M, In-Place: 0
[31.970s][info][gc,reloc    ] GC(20) Large Pages: 5 / 30M, Empty: 18M, Relocated: 0M, In-Place: 0
[31.970s][info][gc,reloc    ] GC(20) Forwarding Usage: 2M
[31.970s][info][gc,heap     ] GC(20) Min Capacity: 8M(0%)
[31.970s][info][gc,heap     ] GC(20) Max Capacity: 30718M(100%)
[31.970s][info][gc,heap     ] GC(20) Soft Max Capacity: 30718M(100%)
[31.970s][info][gc,heap     ] GC(20)                Mark Start          Mark End        Relocate Start      Relocate End           High               Low         
[31.970s][info][gc,heap     ] GC(20)  Capacity:     3482M (11%)        3482M (11%)        3482M (11%)        3482M (11%)        3482M (11%)        3482M (11%)    
[31.970s][info][gc,heap     ] GC(20)      Free:    28168M (92%)       28168M (92%)       30362M (99%)       30416M (99%)       30416M (99%)       28166M (92%)    
[31.970s][info][gc,heap     ] GC(20)      Used:     2550M (8%)         2550M (8%)          356M (1%)          302M (1%)         2552M (8%)          302M (1%)     
[31.970s][info][gc,heap     ] GC(20)      Live:         -               207M (1%)          207M (1%)          207M (1%)             -                  -          
[31.970s][info][gc,heap     ] GC(20) Allocated:         -                 0M (0%)           36M (0%)           39M (0%)             -                  -          
[31.971s][info][gc,heap     ] GC(20)   Garbage:         -              2342M (8%)          112M (0%)           54M (0%)             -                  -          
[31.971s][info][gc,heap     ] GC(20) Reclaimed:         -                  -              2230M (7%)         2287M (7%)             -                  -          
[31.971s][info][gc          ] GC(20) Garbage Collection (System.gc()) 2550M(8%)->302M(1%)
[32.741s][info][gc,start    ] GC(21) Garbage Collection (System.gc())
[32.741s][info][gc,task     ] GC(21) Using 12 workers
[32.741s][info][gc,phases   ] GC(21) Pause Mark Start 0.013ms
[32.817s][info][gc,phases   ] GC(21) Concurrent Mark 75.267ms
[32.817s][info][gc,phases   ] GC(21) Pause Mark End 0.022ms
[32.817s][info][gc,phases   ] GC(21) Concurrent Mark Free 0.001ms
[32.819s][info][gc,phases   ] GC(21) Concurrent Process Non-Strong References 2.020ms
[32.819s][info][gc,phases   ] GC(21) Concurrent Reset Relocation Set 0.005ms
[32.823s][info][gc,phases   ] GC(21) Concurrent Select Relocation Set 3.863ms
[32.823s][info][gc,phases   ] GC(21) Pause Relocate Start 0.008ms
[32.826s][info][gc,phases   ] GC(21) Concurrent Relocate 2.508ms
[32.826s][info][gc,load     ] GC(21) Load: 0.00/0.00/0.00
[32.826s][info][gc,mmu      ] GC(21) MMU: 2ms/97.5%, 5ms/99.0%, 10ms/99.5%, 20ms/99.7%, 50ms/99.9%, 100ms/99.9%
[32.826s][info][gc,marking  ] GC(21) Mark: 8 stripe(s), 3 proactive flush(es), 1 terminate flush(es), 0 completion(s), 0 continuation(s) 
[32.826s][info][gc,marking  ] GC(21) Mark Stack Usage: 32M
[32.826s][info][gc,nmethod  ] GC(21) NMethods: 7273 registered, 219 unregistered
[32.826s][info][gc,metaspace] GC(21) Metaspace: 58M used, 59M committed, 1088M reserved
[32.826s][info][gc,ref      ] GC(21) Soft: 4711 encountered, 0 discovered, 0 enqueued
[32.826s][info][gc,ref      ] GC(21) Weak: 6094 encountered, 436 discovered, 197 enqueued
[32.826s][info][gc,ref      ] GC(21) Final: 232 encountered, 3 discovered, 0 enqueued
[32.826s][info][gc,ref      ] GC(21) Phantom: 609 encountered, 539 discovered, 0 enqueued
[32.826s][info][gc,reloc    ] GC(21) Small Pages: 1229 / 2458M, Empty: 2182M, Relocated: 5M, In-Place: 0
[32.826s][info][gc,reloc    ] GC(21) Medium Pages: 2 / 64M, Empty: 32M, Relocated: 0M, In-Place: 0
[32.826s][info][gc,reloc    ] GC(21) Large Pages: 5 / 30M, Empty: 18M, Relocated: 0M, In-Place: 0
[32.826s][info][gc,reloc    ] GC(21) Forwarding Usage: 2M
[32.826s][info][gc,heap     ] GC(21) Min Capacity: 8M(0%)
[32.826s][info][gc,heap     ] GC(21) Max Capacity: 30718M(100%)
[32.826s][info][gc,heap     ] GC(21) Soft Max Capacity: 30718M(100%)
[32.826s][info][gc,heap     ] GC(21)                Mark Start          Mark End        Relocate Start      Relocate End           High               Low         
[32.826s][info][gc,heap     ] GC(21)  Capacity:     3482M (11%)        3482M (11%)        3482M (11%)        3482M (11%)        3482M (11%)        3482M (11%)    
[32.826s][info][gc,heap     ] GC(21)      Free:    28166M (92%)       28162M (92%)       30366M (99%)       30420M (99%)       30420M (99%)       28162M (92%)    
[32.826s][info][gc,heap     ] GC(21)      Used:     2552M (8%)         2556M (8%)          352M (1%)          298M (1%)         2556M (8%)          298M (1%)     
[32.826s][info][gc,heap     ] GC(21)      Live:         -               207M (1%)          207M (1%)          207M (1%)             -                  -          
[32.827s][info][gc,heap     ] GC(21) Allocated:         -                 4M (0%)           32M (0%)           35M (0%)             -                  -          
[32.827s][info][gc,heap     ] GC(21)   Garbage:         -              2344M (8%)          112M (0%)           54M (0%)             -                  -          
[32.827s][info][gc,heap     ] GC(21) Reclaimed:         -                  -              2232M (7%)         2289M (7%)             -                  -          
[32.827s][info][gc          ] GC(21) Garbage Collection (System.gc()) 2552M(8%)->298M(1%)
[33.605s][info][gc,start    ] GC(22) Garbage Collection (System.gc())
[33.605s][info][gc,task     ] GC(22) Using 12 workers
[33.605s][info][gc,phases   ] GC(22) Pause Mark Start 0.015ms
[33.670s][info][gc,phases   ] GC(22) Concurrent Mark 64.715ms
[33.670s][info][gc,phases   ] GC(22) Pause Mark End 0.021ms
[33.671s][info][gc,phases   ] GC(22) Concurrent Mark Free 0.001ms
[33.672s][info][gc,phases   ] GC(22) Concurrent Process Non-Strong References 1.927ms
[33.673s][info][gc,phases   ] GC(22) Concurrent Reset Relocation Set 0.006ms
[33.680s][info][gc,phases   ] GC(22) Concurrent Select Relocation Set 7.616ms
[33.680s][info][gc,phases   ] GC(22) Pause Relocate Start 0.009ms
[33.683s][info][gc,phases   ] GC(22) Concurrent Relocate 2.529ms
[33.683s][info][gc,load     ] GC(22) Load: 0.00/0.00/0.00
[33.683s][info][gc,mmu      ] GC(22) MMU: 2ms/97.5%, 5ms/99.0%, 10ms/99.5%, 20ms/99.7%, 50ms/99.9%, 100ms/99.9%
[33.683s][info][gc,marking  ] GC(22) Mark: 8 stripe(s), 1 proactive flush(es), 1 terminate flush(es), 0 completion(s), 0 continuation(s) 
[33.683s][info][gc,marking  ] GC(22) Mark Stack Usage: 32M
[33.683s][info][gc,nmethod  ] GC(22) NMethods: 7356 registered, 236 unregistered
[33.683s][info][gc,metaspace] GC(22) Metaspace: 58M used, 59M committed, 1088M reserved
[33.683s][info][gc,ref      ] GC(22) Soft: 4711 encountered, 0 discovered, 0 enqueued
[33.683s][info][gc,ref      ] GC(22) Weak: 6130 encountered, 518 discovered, 199 enqueued
[33.683s][info][gc,ref      ] GC(22) Final: 232 encountered, 0 discovered, 0 enqueued
[33.683s][info][gc,ref      ] GC(22) Phantom: 609 encountered, 491 discovered, 0 enqueued
[33.683s][info][gc,reloc    ] GC(22) Small Pages: 1228 / 2456M, Empty: 2184M, Relocated: 6M, In-Place: 0
[33.683s][info][gc,reloc    ] GC(22) Medium Pages: 2 / 64M, Empty: 32M, Relocated: 0M, In-Place: 0
[33.683s][info][gc,reloc    ] GC(22) Large Pages: 5 / 30M, Empty: 18M, Relocated: 0M, In-Place: 0
[33.683s][info][gc,reloc    ] GC(22) Forwarding Usage: 2M
[33.683s][info][gc,heap     ] GC(22) Min Capacity: 8M(0%)
[33.683s][info][gc,heap     ] GC(22) Max Capacity: 30718M(100%)
[33.683s][info][gc,heap     ] GC(22) Soft Max Capacity: 30718M(100%)
[33.684s][info][gc,heap     ] GC(22)                Mark Start          Mark End        Relocate Start      Relocate End           High               Low         
[33.684s][info][gc,heap     ] GC(22)  Capacity:     3482M (11%)        3482M (11%)        3482M (11%)        3482M (11%)        3482M (11%)        3482M (11%)    
[33.684s][info][gc,heap     ] GC(22)      Free:    28168M (92%)       28168M (92%)       30376M (99%)       30432M (99%)       30432M (99%)       28166M (92%)    
[33.684s][info][gc,heap     ] GC(22)      Used:     2550M (8%)         2550M (8%)          342M (1%)          286M (1%)         2552M (8%)          286M (1%)     
[33.684s][info][gc,heap     ] GC(22)      Live:         -               207M (1%)          207M (1%)          207M (1%)             -                  -          
[33.684s][info][gc,heap     ] GC(22) Allocated:         -                 0M (0%)           26M (0%)           26M (0%)             -                  -          
[33.684s][info][gc,heap     ] GC(22)   Garbage:         -              2342M (8%)          108M (0%)           52M (0%)             -                  -          
[33.684s][info][gc,heap     ] GC(22) Reclaimed:         -                  -              2234M (7%)         2290M (7%)             -                  -          
[33.684s][info][gc          ] GC(22) Garbage Collection (System.gc()) 2550M(8%)->286M(1%)
[34.455s][info][gc,start    ] GC(23) Garbage Collection (System.gc())
[34.455s][info][gc,task     ] GC(23) Using 12 workers
[34.456s][info][gc,phases   ] GC(23) Pause Mark Start 0.015ms
[34.505s][info][gc,phases   ] GC(23) Concurrent Mark 49.518ms
[34.505s][info][gc,phases   ] GC(23) Pause Mark End 0.028ms
[34.505s][info][gc,phases   ] GC(23) Concurrent Mark Free 0.001ms
[34.507s][info][gc,phases   ] GC(23) Concurrent Process Non-Strong References 1.864ms
[34.507s][info][gc,phases   ] GC(23) Concurrent Reset Relocation Set 0.005ms
[34.511s][info][gc,phases   ] GC(23) Concurrent Select Relocation Set 3.842ms
[34.511s][info][gc,phases   ] GC(23) Pause Relocate Start 0.008ms
[34.513s][info][gc,phases   ] GC(23) Concurrent Relocate 1.740ms
[34.513s][info][gc,load     ] GC(23) Load: 0.00/0.00/0.00
[34.513s][info][gc,mmu      ] GC(23) MMU: 2ms/97.5%, 5ms/99.0%, 10ms/99.5%, 20ms/99.7%, 50ms/99.9%, 100ms/99.9%
[34.513s][info][gc,marking  ] GC(23) Mark: 8 stripe(s), 2 proactive flush(es), 1 terminate flush(es), 0 completion(s), 0 continuation(s) 
[34.513s][info][gc,marking  ] GC(23) Mark Stack Usage: 32M
[34.513s][info][gc,nmethod  ] GC(23) NMethods: 7429 registered, 248 unregistered
[34.513s][info][gc,metaspace] GC(23) Metaspace: 58M used, 59M committed, 1088M reserved
[34.513s][info][gc,ref      ] GC(23) Soft: 4711 encountered, 0 discovered, 0 enqueued
[34.513s][info][gc,ref      ] GC(23) Weak: 6114 encountered, 1974 discovered, 199 enqueued
[34.513s][info][gc,ref      ] GC(23) Final: 232 encountered, 5 discovered, 0 enqueued
[34.513s][info][gc,ref      ] GC(23) Phantom: 609 encountered, 305 discovered, 0 enqueued
[34.513s][info][gc,reloc    ] GC(23) Small Pages: 1225 / 2450M, Empty: 2182M, Relocated: 6M, In-Place: 0
[34.514s][info][gc,reloc    ] GC(23) Medium Pages: 2 / 64M, Empty: 32M, Relocated: 0M, In-Place: 0
[34.514s][info][gc,reloc    ] GC(23) Large Pages: 5 / 30M, Empty: 18M, Relocated: 0M, In-Place: 0
[34.514s][info][gc,reloc    ] GC(23) Forwarding Usage: 2M
[34.514s][info][gc,heap     ] GC(23) Min Capacity: 8M(0%)
[34.514s][info][gc,heap     ] GC(23) Max Capacity: 30718M(100%)
[34.514s][info][gc,heap     ] GC(23) Soft Max Capacity: 30718M(100%)
[34.514s][info][gc,heap     ] GC(23)                Mark Start          Mark End        Relocate Start      Relocate End           High               Low         
[34.514s][info][gc,heap     ] GC(23)  Capacity:     3482M (11%)        3482M (11%)        3482M (11%)        3482M (11%)        3482M (11%)        3482M (11%)    
[34.514s][info][gc,heap     ] GC(23)      Free:    28174M (92%)       28174M (92%)       30378M (99%)       30430M (99%)       30430M (99%)       28172M (92%)    
[34.514s][info][gc,heap     ] GC(23)      Used:     2544M (8%)         2544M (8%)          340M (1%)          288M (1%)         2546M (8%)          288M (1%)     
[34.514s][info][gc,heap     ] GC(23)      Live:         -               207M (1%)          207M (1%)          207M (1%)             -                  -          
[34.514s][info][gc,heap     ] GC(23) Allocated:         -                 0M (0%)           28M (0%)           28M (0%)             -                  -          
[34.514s][info][gc,heap     ] GC(23)   Garbage:         -              2336M (8%)          104M (0%)           52M (0%)             -                  -          
[34.514s][info][gc,heap     ] GC(23) Reclaimed:         -                  -              2232M (7%)         2284M (7%)             -                  -          
[34.514s][info][gc          ] GC(23) Garbage Collection (System.gc()) 2544M(8%)->288M(1%)
[35.261s][info][gc,start    ] GC(24) Garbage Collection (System.gc())
[35.261s][info][gc,task     ] GC(24) Using 12 workers
[35.261s][info][gc,phases   ] GC(24) Pause Mark Start 0.016ms
[35.340s][info][gc,phases   ] GC(24) Concurrent Mark 78.476ms
[35.340s][info][gc,phases   ] GC(24) Pause Mark End 0.036ms
[35.340s][info][gc,phases   ] GC(24) Concurrent Mark Free 0.001ms
[35.343s][info][gc,phases   ] GC(24) Concurrent Process Non-Strong References 2.185ms
[35.343s][info][gc,phases   ] GC(24) Concurrent Reset Relocation Set 0.004ms
[35.349s][info][gc,phases   ] GC(24) Concurrent Select Relocation Set 6.286ms
[35.349s][info][gc,phases   ] GC(24) Pause Relocate Start 0.008ms
[35.352s][info][gc,phases   ] GC(24) Concurrent Relocate 3.250ms
[35.352s][info][gc,load     ] GC(24) Load: 0.00/0.00/0.00
[35.352s][info][gc,mmu      ] GC(24) MMU: 2ms/97.5%, 5ms/99.0%, 10ms/99.5%, 20ms/99.7%, 50ms/99.9%, 100ms/99.9%
[35.353s][info][gc,marking  ] GC(24) Mark: 8 stripe(s), 2 proactive flush(es), 1 terminate flush(es), 0 completion(s), 0 continuation(s) 
[35.353s][info][gc,marking  ] GC(24) Mark Stack Usage: 32M
[35.353s][info][gc,nmethod  ] GC(24) NMethods: 7521 registered, 257 unregistered
[35.353s][info][gc,metaspace] GC(24) Metaspace: 58M used, 59M committed, 1088M reserved
[35.353s][info][gc,ref      ] GC(24) Soft: 4711 encountered, 0 discovered, 0 enqueued
[35.353s][info][gc,ref      ] GC(24) Weak: 6146 encountered, 1307 discovered, 208 enqueued
[35.353s][info][gc,ref      ] GC(24) Final: 232 encountered, 6 discovered, 0 enqueued
[35.353s][info][gc,ref      ] GC(24) Phantom: 609 encountered, 403 discovered, 0 enqueued
[35.353s][info][gc,reloc    ] GC(24) Small Pages: 1225 / 2450M, Empty: 2180M, Relocated: 6M, In-Place: 0
[35.353s][info][gc,reloc    ] GC(24) Medium Pages: 2 / 64M, Empty: 32M, Relocated: 0M, In-Place: 0
[35.353s][info][gc,reloc    ] GC(24) Large Pages: 5 / 30M, Empty: 18M, Relocated: 0M, In-Place: 0
[35.353s][info][gc,reloc    ] GC(24) Forwarding Usage: 2M
[35.353s][info][gc,heap     ] GC(24) Min Capacity: 8M(0%)
[35.353s][info][gc,heap     ] GC(24) Max Capacity: 30718M(100%)
[35.353s][info][gc,heap     ] GC(24) Soft Max Capacity: 30718M(100%)
[35.353s][info][gc,heap     ] GC(24)                Mark Start          Mark End        Relocate Start      Relocate End           High               Low         
[35.353s][info][gc,heap     ] GC(24)  Capacity:     3482M (11%)        3482M (11%)        3482M (11%)        3482M (11%)        3482M (11%)        3482M (11%)    
[35.353s][info][gc,heap     ] GC(24)      Free:    28174M (92%)       28172M (92%)       30382M (99%)       30430M (99%)       30430M (99%)       28172M (92%)    
[35.353s][info][gc,heap     ] GC(24)      Used:     2544M (8%)         2546M (8%)          336M (1%)          288M (1%)         2546M (8%)          288M (1%)     
[35.353s][info][gc,heap     ] GC(24)      Live:         -               207M (1%)          207M (1%)          207M (1%)             -                  -          
[35.353s][info][gc,heap     ] GC(24) Allocated:         -                 2M (0%)           22M (0%)           27M (0%)             -                  -          
[35.353s][info][gc,heap     ] GC(24)   Garbage:         -              2336M (8%)          106M (0%)           52M (0%)             -                  -          
[35.353s][info][gc,heap     ] GC(24) Reclaimed:         -                  -              2230M (7%)         2283M (7%)             -                  -          
[35.353s][info][gc          ] GC(24) Garbage Collection (System.gc()) 2544M(8%)->288M(1%)
[36.132s][info][gc,start    ] GC(25) Garbage Collection (System.gc())
[36.132s][info][gc,task     ] GC(25) Using 12 workers
[36.133s][info][gc,phases   ] GC(25) Pause Mark Start 0.015ms
[36.198s][info][gc,phases   ] GC(25) Concurrent Mark 64.962ms
[36.198s][info][gc,phases   ] GC(25) Pause Mark End 0.028ms
[36.198s][info][gc,phases   ] GC(25) Concurrent Mark Free 0.001ms
[36.200s][info][gc,phases   ] GC(25) Concurrent Process Non-Strong References 2.125ms
[36.200s][info][gc,phases   ] GC(25) Concurrent Reset Relocation Set 0.005ms
[36.204s][info][gc,phases   ] GC(25) Concurrent Select Relocation Set 3.842ms
[36.204s][info][gc,phases   ] GC(25) Pause Relocate Start 0.006ms
[36.208s][info][gc,phases   ] GC(25) Concurrent Relocate 3.558ms
[36.208s][info][gc,load     ] GC(25) Load: 0.00/0.00/0.00
[36.208s][info][gc,mmu      ] GC(25) MMU: 2ms/97.5%, 5ms/99.0%, 10ms/99.5%, 20ms/99.7%, 50ms/99.9%, 100ms/99.9%
[36.208s][info][gc,marking  ] GC(25) Mark: 8 stripe(s), 2 proactive flush(es), 1 terminate flush(es), 0 completion(s), 0 continuation(s) 
[36.208s][info][gc,marking  ] GC(25) Mark Stack Usage: 32M
[36.208s][info][gc,nmethod  ] GC(25) NMethods: 7615 registered, 270 unregistered
[36.208s][info][gc,metaspace] GC(25) Metaspace: 58M used, 59M committed, 1088M reserved
[36.208s][info][gc,ref      ] GC(25) Soft: 4711 encountered, 0 discovered, 0 enqueued
[36.208s][info][gc,ref      ] GC(25) Weak: 6124 encountered, 1059 discovered, 197 enqueued
[36.208s][info][gc,ref      ] GC(25) Final: 232 encountered, 6 discovered, 0 enqueued
[36.208s][info][gc,ref      ] GC(25) Phantom: 609 encountered, 508 discovered, 0 enqueued
[36.208s][info][gc,reloc    ] GC(25) Small Pages: 1225 / 2450M, Empty: 2180M, Relocated: 6M, In-Place: 0
[36.208s][info][gc,reloc    ] GC(25) Medium Pages: 2 / 64M, Empty: 32M, Relocated: 0M, In-Place: 0
[36.208s][info][gc,reloc    ] GC(25) Large Pages: 5 / 30M, Empty: 18M, Relocated: 0M, In-Place: 0
[36.208s][info][gc,reloc    ] GC(25) Forwarding Usage: 2M
[36.208s][info][gc,heap     ] GC(25) Min Capacity: 8M(0%)
[36.208s][info][gc,heap     ] GC(25) Max Capacity: 30718M(100%)
[36.208s][info][gc,heap     ] GC(25) Soft Max Capacity: 30718M(100%)
[36.208s][info][gc,heap     ] GC(25)                Mark Start          Mark End        Relocate Start      Relocate End           High               Low         
[36.208s][info][gc,heap     ] GC(25)  Capacity:     3482M (11%)        3482M (11%)        3482M (11%)        3482M (11%)        3482M (11%)        3482M (11%)    
[36.209s][info][gc,heap     ] GC(25)      Free:    28174M (92%)       28174M (92%)       30380M (99%)       30434M (99%)       30434M (99%)       28172M (92%)    
[36.209s][info][gc,heap     ] GC(25)      Used:     2544M (8%)         2544M (8%)          338M (1%)          284M (1%)         2546M (8%)          284M (1%)     
[36.209s][info][gc,heap     ] GC(25)      Live:         -               207M (1%)          207M (1%)          207M (1%)             -                  -          
[36.209s][info][gc,heap     ] GC(25) Allocated:         -                 0M (0%)           24M (0%)           23M (0%)             -                  -          
[36.209s][info][gc,heap     ] GC(25)   Garbage:         -              2336M (8%)          106M (0%)           52M (0%)             -                  -          
[36.209s][info][gc,heap     ] GC(25) Reclaimed:         -                  -              2230M (7%)         2283M (7%)             -                  -          
[36.209s][info][gc          ] GC(25) Garbage Collection (System.gc()) 2544M(8%)->284M(1%)
[36.989s][info][gc,start    ] GC(26) Garbage Collection (System.gc())
[36.989s][info][gc,task     ] GC(26) Using 12 workers
[36.990s][info][gc,phases   ] GC(26) Pause Mark Start 0.015ms
[37.048s][info][gc,phases   ] GC(26) Concurrent Mark 58.447ms
[37.048s][info][gc,phases   ] GC(26) Pause Mark End 0.031ms
[37.048s][info][gc,phases   ] GC(26) Concurrent Mark Free 0.001ms
[37.050s][info][gc,phases   ] GC(26) Concurrent Process Non-Strong References 1.931ms
[37.051s][info][gc,phases   ] GC(26) Concurrent Reset Relocation Set 0.004ms
[37.054s][info][gc,phases   ] GC(26) Concurrent Select Relocation Set 3.860ms
[37.055s][info][gc,phases   ] GC(26) Pause Relocate Start 0.008ms
[37.057s][info][gc,phases   ] GC(26) Concurrent Relocate 2.135ms
[37.057s][info][gc,load     ] GC(26) Load: 0.00/0.00/0.00
[37.057s][info][gc,mmu      ] GC(26) MMU: 2ms/97.5%, 5ms/99.0%, 10ms/99.5%, 20ms/99.7%, 50ms/99.9%, 100ms/99.9%
[37.057s][info][gc,marking  ] GC(26) Mark: 8 stripe(s), 1 proactive flush(es), 1 terminate flush(es), 0 completion(s), 0 continuation(s) 
[37.057s][info][gc,marking  ] GC(26) Mark Stack Usage: 32M
[37.057s][info][gc,nmethod  ] GC(26) NMethods: 7693 registered, 280 unregistered
[37.057s][info][gc,metaspace] GC(26) Metaspace: 58M used, 59M committed, 1088M reserved
[37.057s][info][gc,ref      ] GC(26) Soft: 4711 encountered, 0 discovered, 0 enqueued
[37.057s][info][gc,ref      ] GC(26) Weak: 6158 encountered, 682 discovered, 200 enqueued
[37.057s][info][gc,ref      ] GC(26) Final: 232 encountered, 2 discovered, 0 enqueued
[37.057s][info][gc,ref      ] GC(26) Phantom: 609 encountered, 523 discovered, 0 enqueued
[37.057s][info][gc,reloc    ] GC(26) Small Pages: 1223 / 2446M, Empty: 2178M, Relocated: 6M, In-Place: 0
[37.057s][info][gc,reloc    ] GC(26) Medium Pages: 2 / 64M, Empty: 32M, Relocated: 0M, In-Place: 0
[37.057s][info][gc,reloc    ] GC(26) Large Pages: 5 / 30M, Empty: 18M, Relocated: 0M, In-Place: 0
[37.057s][info][gc,reloc    ] GC(26) Forwarding Usage: 2M
[37.057s][info][gc,heap     ] GC(26) Min Capacity: 8M(0%)
[37.057s][info][gc,heap     ] GC(26) Max Capacity: 30718M(100%)
[37.057s][info][gc,heap     ] GC(26) Soft Max Capacity: 30718M(100%)
[37.057s][info][gc,heap     ] GC(26)                Mark Start          Mark End        Relocate Start      Relocate End           High               Low         
[37.057s][info][gc,heap     ] GC(26)  Capacity:     3482M (11%)        3482M (11%)        3482M (11%)        3482M (11%)        3482M (11%)        3482M (11%)    
[37.057s][info][gc,heap     ] GC(26)      Free:    28178M (92%)       28178M (92%)       30376M (99%)       30428M (99%)       30428M (99%)       28176M (92%)    
[37.057s][info][gc,heap     ] GC(26)      Used:     2540M (8%)         2540M (8%)          342M (1%)          290M (1%)         2542M (8%)          290M (1%)     
[37.057s][info][gc,heap     ] GC(26)      Live:         -               207M (1%)          207M (1%)          207M (1%)             -                  -          
[37.057s][info][gc,heap     ] GC(26) Allocated:         -                 0M (0%)           30M (0%)           30M (0%)             -                  -          
[37.058s][info][gc,heap     ] GC(26)   Garbage:         -              2332M (8%)          104M (0%)           52M (0%)             -                  -          
[37.058s][info][gc,heap     ] GC(26) Reclaimed:         -                  -              2228M (7%)         2280M (7%)             -                  -          
[37.058s][info][gc          ] GC(26) Garbage Collection (System.gc()) 2540M(8%)->290M(1%)
[37.823s][info][gc,start    ] GC(27) Garbage Collection (System.gc())
[37.824s][info][gc,task     ] GC(27) Using 12 workers
[37.824s][info][gc,phases   ] GC(27) Pause Mark Start 0.016ms
[37.884s][info][gc,phases   ] GC(27) Concurrent Mark 59.785ms
[37.884s][info][gc,phases   ] GC(27) Pause Mark End 0.018ms
[37.884s][info][gc,phases   ] GC(27) Concurrent Mark Free 0.001ms
[37.886s][info][gc,phases   ] GC(27) Concurrent Process Non-Strong References 2.024ms
[37.886s][info][gc,phases   ] GC(27) Concurrent Reset Relocation Set 0.005ms
[37.890s][info][gc,phases   ] GC(27) Concurrent Select Relocation Set 3.810ms
[37.890s][info][gc,phases   ] GC(27) Pause Relocate Start 0.007ms
[37.892s][info][gc,phases   ] GC(27) Concurrent Relocate 2.176ms
[37.892s][info][gc,load     ] GC(27) Load: 0.00/0.00/0.00
[37.892s][info][gc,mmu      ] GC(27) MMU: 2ms/97.5%, 5ms/99.0%, 10ms/99.5%, 20ms/99.7%, 50ms/99.9%, 100ms/99.9%
[37.892s][info][gc,marking  ] GC(27) Mark: 8 stripe(s), 2 proactive flush(es), 1 terminate flush(es), 0 completion(s), 0 continuation(s) 
[37.892s][info][gc,marking  ] GC(27) Mark Stack Usage: 32M
[37.892s][info][gc,nmethod  ] GC(27) NMethods: 7778 registered, 288 unregistered
[37.892s][info][gc,metaspace] GC(27) Metaspace: 58M used, 59M committed, 1088M reserved
[37.892s][info][gc,ref      ] GC(27) Soft: 4711 encountered, 0 discovered, 0 enqueued
[37.892s][info][gc,ref      ] GC(27) Weak: 6135 encountered, 842 discovered, 199 enqueued
[37.892s][info][gc,ref      ] GC(27) Final: 232 encountered, 22 discovered, 0 enqueued
[37.892s][info][gc,ref      ] GC(27) Phantom: 609 encountered, 460 discovered, 0 enqueued
[37.893s][info][gc,reloc    ] GC(27) Small Pages: 1225 / 2450M, Empty: 2182M, Relocated: 6M, In-Place: 0
[37.893s][info][gc,reloc    ] GC(27) Medium Pages: 2 / 64M, Empty: 32M, Relocated: 0M, In-Place: 0
[37.893s][info][gc,reloc    ] GC(27) Large Pages: 5 / 30M, Empty: 18M, Relocated: 0M, In-Place: 0
[37.893s][info][gc,reloc    ] GC(27) Forwarding Usage: 2M
[37.893s][info][gc,heap     ] GC(27) Min Capacity: 8M(0%)
[37.893s][info][gc,heap     ] GC(27) Max Capacity: 30718M(100%)
[37.893s][info][gc,heap     ] GC(27) Soft Max Capacity: 30718M(100%)
[37.893s][info][gc,heap     ] GC(27)                Mark Start          Mark End        Relocate Start      Relocate End           High               Low         
[37.893s][info][gc,heap     ] GC(27)  Capacity:     3482M (11%)        3482M (11%)        3482M (11%)        3482M (11%)        3482M (11%)        3482M (11%)    
[37.893s][info][gc,heap     ] GC(27)      Free:    28174M (92%)       28174M (92%)       30376M (99%)       30426M (99%)       30426M (99%)       28172M (92%)    
[37.893s][info][gc,heap     ] GC(27)      Used:     2544M (8%)         2544M (8%)          342M (1%)          292M (1%)         2546M (8%)          292M (1%)     
[37.893s][info][gc,heap     ] GC(27)      Live:         -               207M (1%)          207M (1%)          207M (1%)             -                  -          
[37.893s][info][gc,heap     ] GC(27) Allocated:         -                 0M (0%)           30M (0%)           32M (0%)             -                  -          
[37.893s][info][gc,heap     ] GC(27)   Garbage:         -              2336M (8%)          104M (0%)           52M (0%)             -                  -          
[37.893s][info][gc,heap     ] GC(27) Reclaimed:         -                  -              2232M (7%)         2284M (7%)             -                  -          
[37.893s][info][gc          ] GC(27) Garbage Collection (System.gc()) 2544M(8%)->292M(1%)
[38.636s][info][gc,start    ] GC(28) Garbage Collection (System.gc())
[38.636s][info][gc,task     ] GC(28) Using 12 workers
[38.637s][info][gc,phases   ] GC(28) Pause Mark Start 0.017ms
[38.694s][info][gc,phases   ] GC(28) Concurrent Mark 57.533ms
[38.694s][info][gc,phases   ] GC(28) Pause Mark End 0.024ms
[38.694s][info][gc,phases   ] GC(28) Concurrent Mark Free 0.001ms
[38.697s][info][gc,phases   ] GC(28) Concurrent Process Non-Strong References 2.099ms
[38.697s][info][gc,phases   ] GC(28) Concurrent Reset Relocation Set 0.004ms
[38.700s][info][gc,phases   ] GC(28) Concurrent Select Relocation Set 3.068ms
[38.700s][info][gc,phases   ] GC(28) Pause Relocate Start 0.008ms
[38.703s][info][gc,phases   ] GC(28) Concurrent Relocate 3.047ms
[38.703s][info][gc,load     ] GC(28) Load: 0.00/0.00/0.00
[38.703s][info][gc,mmu      ] GC(28) MMU: 2ms/97.5%, 5ms/99.0%, 10ms/99.5%, 20ms/99.7%, 50ms/99.9%, 100ms/99.9%
[38.703s][info][gc,marking  ] GC(28) Mark: 8 stripe(s), 2 proactive flush(es), 1 terminate flush(es), 0 completion(s), 0 continuation(s) 
[38.703s][info][gc,marking  ] GC(28) Mark Stack Usage: 32M
[38.703s][info][gc,nmethod  ] GC(28) NMethods: 7855 registered, 293 unregistered
[38.703s][info][gc,metaspace] GC(28) Metaspace: 58M used, 59M committed, 1088M reserved
[38.703s][info][gc,ref      ] GC(28) Soft: 4711 encountered, 0 discovered, 0 enqueued
[38.703s][info][gc,ref      ] GC(28) Weak: 6168 encountered, 1042 discovered, 208 enqueued
[38.703s][info][gc,ref      ] GC(28) Final: 232 encountered, 2 discovered, 0 enqueued
[38.703s][info][gc,ref      ] GC(28) Phantom: 609 encountered, 583 discovered, 0 enqueued
[38.703s][info][gc,reloc    ] GC(28) Small Pages: 1227 / 2454M, Empty: 2180M, Relocated: 6M, In-Place: 0
[38.703s][info][gc,reloc    ] GC(28) Medium Pages: 2 / 64M, Empty: 32M, Relocated: 0M, In-Place: 0
[38.703s][info][gc,reloc    ] GC(28) Large Pages: 5 / 30M, Empty: 18M, Relocated: 0M, In-Place: 0
[38.703s][info][gc,reloc    ] GC(28) Forwarding Usage: 2M
[38.703s][info][gc,heap     ] GC(28) Min Capacity: 8M(0%)
[38.703s][info][gc,heap     ] GC(28) Max Capacity: 30718M(100%)
[38.703s][info][gc,heap     ] GC(28) Soft Max Capacity: 30718M(100%)
[38.703s][info][gc,heap     ] GC(28)                Mark Start          Mark End        Relocate Start      Relocate End           High               Low         
[38.704s][info][gc,heap     ] GC(28)  Capacity:     3482M (11%)        3482M (11%)        3482M (11%)        3482M (11%)        3482M (11%)        3482M (11%)    
[38.704s][info][gc,heap     ] GC(28)      Free:    28170M (92%)       28168M (92%)       30370M (99%)       30424M (99%)       30426M (99%)       28168M (92%)    
[38.704s][info][gc,heap     ] GC(28)      Used:     2548M (8%)         2550M (8%)          348M (1%)          294M (1%)         2550M (8%)          292M (1%)     
[38.704s][info][gc,heap     ] GC(28)      Live:         -               207M (1%)          207M (1%)          207M (1%)             -                  -          
[38.704s][info][gc,heap     ] GC(28) Allocated:         -                 2M (0%)           30M (0%)           33M (0%)             -                  -          
[38.704s][info][gc,heap     ] GC(28)   Garbage:         -              2340M (8%)          110M (0%)           52M (0%)             -                  -          
[38.704s][info][gc,heap     ] GC(28) Reclaimed:         -                  -              2230M (7%)         2287M (7%)             -                  -          
[38.704s][info][gc          ] GC(28) Garbage Collection (System.gc()) 2548M(8%)->294M(1%)
[39.493s][info][gc,start    ] GC(29) Garbage Collection (System.gc())
[39.493s][info][gc,task     ] GC(29) Using 12 workers
[39.494s][info][gc,phases   ] GC(29) Pause Mark Start 0.014ms
[39.553s][info][gc,phases   ] GC(29) Concurrent Mark 59.613ms
[39.554s][info][gc,phases   ] GC(29) Pause Mark End 0.033ms
[39.554s][info][gc,phases   ] GC(29) Concurrent Mark Free 0.001ms
[39.556s][info][gc,phases   ] GC(29) Concurrent Process Non-Strong References 2.371ms
[39.556s][info][gc,phases   ] GC(29) Concurrent Reset Relocation Set 0.004ms
[39.562s][info][gc,phases   ] GC(29) Concurrent Select Relocation Set 6.017ms
[39.562s][info][gc,phases   ] GC(29) Pause Relocate Start 0.009ms
[39.565s][info][gc,phases   ] GC(29) Concurrent Relocate 3.071ms
[39.565s][info][gc,load     ] GC(29) Load: 0.00/0.00/0.00
[39.565s][info][gc,mmu      ] GC(29) MMU: 2ms/97.5%, 5ms/99.0%, 10ms/99.5%, 20ms/99.7%, 50ms/99.9%, 100ms/99.9%
[39.566s][info][gc,marking  ] GC(29) Mark: 8 stripe(s), 2 proactive flush(es), 1 terminate flush(es), 0 completion(s), 0 continuation(s) 
[39.566s][info][gc,marking  ] GC(29) Mark Stack Usage: 32M
[39.566s][info][gc,nmethod  ] GC(29) NMethods: 8124 registered, 301 unregistered
[39.566s][info][gc,metaspace] GC(29) Metaspace: 59M used, 60M committed, 1088M reserved
[39.566s][info][gc,ref      ] GC(29) Soft: 4711 encountered, 0 discovered, 0 enqueued
[39.566s][info][gc,ref      ] GC(29) Weak: 6151 encountered, 903 discovered, 199 enqueued
[39.566s][info][gc,ref      ] GC(29) Final: 232 encountered, 2 discovered, 0 enqueued
[39.566s][info][gc,ref      ] GC(29) Phantom: 609 encountered, 539 discovered, 0 enqueued
[39.566s][info][gc,reloc    ] GC(29) Small Pages: 1227 / 2454M, Empty: 2182M, Relocated: 6M, In-Place: 0
[39.566s][info][gc,reloc    ] GC(29) Medium Pages: 2 / 64M, Empty: 32M, Relocated: 0M, In-Place: 0
[39.566s][info][gc,reloc    ] GC(29) Large Pages: 5 / 30M, Empty: 18M, Relocated: 0M, In-Place: 0
[39.566s][info][gc,reloc    ] GC(29) Forwarding Usage: 2M
[39.566s][info][gc,heap     ] GC(29) Min Capacity: 8M(0%)
[39.566s][info][gc,heap     ] GC(29) Max Capacity: 30718M(100%)
[39.566s][info][gc,heap     ] GC(29) Soft Max Capacity: 30718M(100%)
[39.566s][info][gc,heap     ] GC(29)                Mark Start          Mark End        Relocate Start      Relocate End           High               Low         
[39.566s][info][gc,heap     ] GC(29)  Capacity:     3482M (11%)        3482M (11%)        3482M (11%)        3482M (11%)        3482M (11%)        3482M (11%)    
[39.566s][info][gc,heap     ] GC(29)      Free:    28170M (92%)       28170M (92%)       30366M (99%)       30422M (99%)       30422M (99%)       28168M (92%)    
[39.566s][info][gc,heap     ] GC(29)      Used:     2548M (8%)         2548M (8%)          352M (1%)          296M (1%)         2550M (8%)          296M (1%)     
[39.566s][info][gc,heap     ] GC(29)      Live:         -               207M (1%)          207M (1%)          207M (1%)             -                  -          
[39.566s][info][gc,heap     ] GC(29) Allocated:         -                 0M (0%)           36M (0%)           36M (0%)             -                  -          
[39.566s][info][gc,heap     ] GC(29)   Garbage:         -              2340M (8%)          108M (0%)           52M (0%)             -                  -          
[39.566s][info][gc,heap     ] GC(29) Reclaimed:         -                  -              2232M (7%)         2288M (7%)             -                  -          
[39.566s][info][gc          ] GC(29) Garbage Collection (System.gc()) 2548M(8%)->296M(1%)
[40.147s][info][gc,stats    ] === Garbage Collection Statistics =======================================================================================================================
[40.147s][info][gc,stats    ]                                                              Last 10s              Last 10m              Last 10h                Total
[40.147s][info][gc,stats    ]                                                              Avg / Max             Avg / Max             Avg / Max             Avg / Max
[40.147s][info][gc,stats    ]   Collector: Garbage Collection Cycle                     72.806 / 91.284       94.412 / 744.567      94.412 / 744.567      94.412 / 744.567     ms
[40.147s][info][gc,stats    ]  Contention: Mark Segment Reset Contention                     5 / 10                2 / 10                2 / 10                2 / 10          ops/s
[40.147s][info][gc,stats    ]  Contention: Mark SeqNum Reset Contention                      1 / 3                 0 / 4                 0 / 4                 0 / 4           ops/s
[40.147s][info][gc,stats    ]    Critical: Allocation Stall                                  0 / 0                 0 / 0                 0 / 0                 0 / 0           ops/s
[40.147s][info][gc,stats    ]    Critical: Allocation Stall                              0.000 / 0.000         0.000 / 0.000         0.000 / 0.000         0.000 / 0.000       ms
[40.147s][info][gc,stats    ]    Critical: GC Locker Stall                                   0 / 0                 0 / 0                 0 / 0                 0 / 0           ops/s
[40.147s][info][gc,stats    ]    Critical: GC Locker Stall                               0.000 / 0.000         0.000 / 0.000         0.000 / 0.000         0.000 / 0.000       ms
[40.147s][info][gc,stats    ]    Critical: Relocation Stall                                  0 / 0                 0 / 0                 0 / 0                 0 / 0           ops/s
[40.147s][info][gc,stats    ]    Critical: Relocation Stall                              0.000 / 0.000         0.000 / 0.000         0.000 / 0.000         0.000 / 0.000       ms
[40.148s][info][gc,stats    ]      Memory: Allocation Rate                                2691 / 2916           1627 / 2916           1627 / 2916           1627 / 2916        MB/s
[40.148s][info][gc,stats    ]      Memory: Defragment                                        0 / 0                 0 / 0                 0 / 0                 0 / 0           ops/s
[40.148s][info][gc,stats    ]      Memory: Out Of Memory                                     0 / 0                 0 / 0                 0 / 0                 0 / 0           ops/s
[40.148s][info][gc,stats    ]      Memory: Page Cache Flush                                  0 / 0                 0 / 0                 0 / 0                 0 / 0           MB/s
[40.148s][info][gc,stats    ]      Memory: Page Cache Hit L1                              1334 / 1449            767 / 1449            767 / 1449            767 / 1449        ops/s
[40.148s][info][gc,stats    ]      Memory: Page Cache Hit L2                                 0 / 0                 0 / 0                 0 / 0                 0 / 0           ops/s
[40.148s][info][gc,stats    ]      Memory: Page Cache Hit L3                                 0 / 0                24 / 370              24 / 370              24 / 370         ops/s
[40.148s][info][gc,stats    ]      Memory: Page Cache Miss                                   0 / 0                17 / 539              17 / 539              17 / 539         ops/s
[40.148s][info][gc,stats    ]      Memory: Uncommit                                          0 / 0                 0 / 0                 0 / 0                 0 / 0           MB/s
[40.148s][info][gc,stats    ]      Memory: Undo Object Allocation Failed                     0 / 0                 0 / 0                 0 / 0                 0 / 0           ops/s
[40.148s][info][gc,stats    ]      Memory: Undo Object Allocation Succeeded                  0 / 2                 0 / 2                 0 / 2                 0 / 2           ops/s
[40.148s][info][gc,stats    ]      Memory: Undo Page Allocation                              0 / 0                 0 / 1                 0 / 1                 0 / 1           ops/s
[40.148s][info][gc,stats    ]       Phase: Concurrent Mark                              62.857 / 78.476       77.756 / 593.372      77.756 / 593.372      77.756 / 593.372     ms
[40.148s][info][gc,stats    ]       Phase: Concurrent Mark Continue                      0.000 / 0.000         0.000 / 0.000         0.000 / 0.000         0.000 / 0.000       ms
[40.148s][info][gc,stats    ]       Phase: Concurrent Mark Free                          0.001 / 0.001         0.001 / 0.001         0.001 / 0.001         0.001 / 0.001       ms
[40.148s][info][gc,stats    ]       Phase: Concurrent Process Non-Strong References      2.003 / 2.371         2.389 / 9.680         2.389 / 9.680         2.389 / 9.680       ms
[40.148s][info][gc,stats    ]       Phase: Concurrent Relocate                           2.563 / 3.558         4.903 / 53.884        4.903 / 53.884        4.903 / 53.884      ms
[40.148s][info][gc,stats    ]       Phase: Concurrent Reset Relocation Set               0.005 / 0.006         0.010 / 0.180         0.010 / 0.180         0.010 / 0.180       ms
[40.148s][info][gc,stats    ]       Phase: Concurrent Select Relocation Set              4.358 / 7.616         8.287 / 86.728        8.287 / 86.728        8.287 / 86.728      ms
[40.148s][info][gc,stats    ]       Phase: Pause Mark End                                0.026 / 0.036         0.023 / 0.036         0.023 / 0.036         0.023 / 0.036       ms
[40.148s][info][gc,stats    ]       Phase: Pause Mark Start                              0.015 / 0.017         0.016 / 0.051         0.016 / 0.051         0.016 / 0.051       ms
[40.148s][info][gc,stats    ]       Phase: Pause Relocate Start                          0.008 / 0.009         0.008 / 0.013         0.008 / 0.013         0.008 / 0.013       ms
[40.148s][info][gc,stats    ]    Subphase: Concurrent Classes Purge                      0.060 / 0.093         0.193 / 1.261         0.193 / 1.261         0.193 / 1.261       ms
[40.148s][info][gc,stats    ]    Subphase: Concurrent Classes Unlink                     1.397 / 1.667         1.671 / 8.151         1.671 / 8.151         1.671 / 8.151       ms
[40.148s][info][gc,stats    ]    Subphase: Concurrent Mark                              52.477 / 69.838       68.221 / 588.655      68.221 / 588.655      68.221 / 588.655     ms
[40.148s][info][gc,stats    ]    Subphase: Concurrent Mark Try Flush                     0.150 / 0.324         0.113 / 0.324         0.113 / 0.324         0.113 / 0.324       ms
[40.148s][info][gc,stats    ]    Subphase: Concurrent Mark Try Terminate                 9.711 / 16.514        9.429 / 16.533        9.429 / 16.533        9.429 / 16.533      ms
[40.148s][info][gc,stats    ]    Subphase: Concurrent References Enqueue                 0.003 / 0.004         0.003 / 0.005         0.003 / 0.005         0.003 / 0.005       ms
[40.148s][info][gc,stats    ]    Subphase: Concurrent References Process                 0.095 / 0.140         0.096 / 0.198         0.096 / 0.198         0.096 / 0.198       ms
[40.149s][info][gc,stats    ]    Subphase: Concurrent Roots ClassLoaderDataGraph         0.096 / 0.578         0.091 / 0.735         0.091 / 0.735         0.091 / 0.735       ms
[40.149s][info][gc,stats    ]    Subphase: Concurrent Roots CodeCache                    0.000 / 0.000         0.000 / 0.000         0.000 / 0.000         0.000 / 0.000       ms
[40.149s][info][gc,stats    ]    Subphase: Concurrent Roots JavaThreads                  7.766 / 11.140        7.328 / 11.602        7.328 / 11.602        7.328 / 11.602      ms
[40.149s][info][gc,stats    ]    Subphase: Concurrent Roots OopStorageSet                0.030 / 0.049         0.031 / 0.263         0.031 / 0.263         0.031 / 0.263       ms
[40.149s][info][gc,stats    ]    Subphase: Concurrent Weak Roots OopStorageSet           0.184 / 0.241         0.199 / 0.376         0.199 / 0.376         0.199 / 0.376       ms
[40.149s][info][gc,stats    ]    Subphase: Pause Mark Try Complete                       0.000 / 0.000         0.000 / 0.000         0.000 / 0.000         0.000 / 0.000       ms
[40.149s][info][gc,stats    ]      System: Java Threads                                    265 / 268             200 / 268             200 / 268             200 / 268         threads
[40.149s][info][gc,stats    ] =========================================================================================================================================================
[40.330s][info][gc,start    ] GC(30) Garbage Collection (System.gc())
[40.330s][info][gc,task     ] GC(30) Using 12 workers
[40.331s][info][gc,phases   ] GC(30) Pause Mark Start 0.016ms
[40.391s][info][gc,phases   ] GC(30) Concurrent Mark 59.785ms
[40.391s][info][gc,phases   ] GC(30) Pause Mark End 0.023ms
[40.391s][info][gc,phases   ] GC(30) Concurrent Mark Free 0.001ms
[40.393s][info][gc,phases   ] GC(30) Concurrent Process Non-Strong References 2.165ms
[40.393s][info][gc,phases   ] GC(30) Concurrent Reset Relocation Set 0.004ms
[40.396s][info][gc,phases   ] GC(30) Concurrent Select Relocation Set 3.038ms
[40.396s][info][gc,phases   ] GC(30) Pause Relocate Start 0.008ms
[40.399s][info][gc,phases   ] GC(30) Concurrent Relocate 2.375ms
[40.399s][info][gc,load     ] GC(30) Load: 0.00/0.00/0.00
[40.399s][info][gc,mmu      ] GC(30) MMU: 2ms/97.5%, 5ms/99.0%, 10ms/99.5%, 20ms/99.7%, 50ms/99.9%, 100ms/99.9%
[40.399s][info][gc,marking  ] GC(30) Mark: 8 stripe(s), 2 proactive flush(es), 1 terminate flush(es), 0 completion(s), 0 continuation(s) 
[40.399s][info][gc,marking  ] GC(30) Mark Stack Usage: 32M
[40.399s][info][gc,nmethod  ] GC(30) NMethods: 8148 registered, 313 unregistered
[40.399s][info][gc,metaspace] GC(30) Metaspace: 59M used, 60M committed, 1088M reserved
[40.399s][info][gc,ref      ] GC(30) Soft: 4711 encountered, 0 discovered, 0 enqueued
[40.399s][info][gc,ref      ] GC(30) Weak: 6175 encountered, 1729 discovered, 208 enqueued
[40.399s][info][gc,ref      ] GC(30) Final: 232 encountered, 5 discovered, 0 enqueued
[40.399s][info][gc,ref      ] GC(30) Phantom: 609 encountered, 397 discovered, 0 enqueued
[40.399s][info][gc,reloc    ] GC(30) Small Pages: 1227 / 2454M, Empty: 2182M, Relocated: 6M, In-Place: 0
[40.399s][info][gc,reloc    ] GC(30) Medium Pages: 2 / 64M, Empty: 32M, Relocated: 0M, In-Place: 0
[40.399s][info][gc,reloc    ] GC(30) Large Pages: 5 / 30M, Empty: 18M, Relocated: 0M, In-Place: 0
[40.399s][info][gc,reloc    ] GC(30) Forwarding Usage: 2M
[40.399s][info][gc,heap     ] GC(30) Min Capacity: 8M(0%)
[40.399s][info][gc,heap     ] GC(30) Max Capacity: 30718M(100%)
[40.399s][info][gc,heap     ] GC(30) Soft Max Capacity: 30718M(100%)
[40.399s][info][gc,heap     ] GC(30)                Mark Start          Mark End        Relocate Start      Relocate End           High               Low         
[40.399s][info][gc,heap     ] GC(30)  Capacity:     3482M (11%)        3482M (11%)        3482M (11%)        3482M (11%)        3482M (11%)        3482M (11%)    
[40.399s][info][gc,heap     ] GC(30)      Free:    28170M (92%)       28170M (92%)       30372M (99%)       30428M (99%)       30428M (99%)       28168M (92%)    
[40.399s][info][gc,heap     ] GC(30)      Used:     2548M (8%)         2548M (8%)          346M (1%)          290M (1%)         2550M (8%)          290M (1%)     
[40.399s][info][gc,heap     ] GC(30)      Live:         -               207M (1%)          207M (1%)          207M (1%)             -                  -          
[40.399s][info][gc,heap     ] GC(30) Allocated:         -                 0M (0%)           30M (0%)           29M (0%)             -                  -          
[40.399s][info][gc,heap     ] GC(30)   Garbage:         -              2340M (8%)          108M (0%)           52M (0%)             -                  -          
[40.399s][info][gc,heap     ] GC(30) Reclaimed:         -                  -              2232M (7%)         2287M (7%)             -                  -          
[40.399s][info][gc          ] GC(30) Garbage Collection (System.gc()) 2548M(8%)->290M(1%)
[41.148s][info][gc,start    ] GC(31) Garbage Collection (System.gc())
[41.148s][info][gc,task     ] GC(31) Using 12 workers
[41.148s][info][gc,phases   ] GC(31) Pause Mark Start 0.013ms
[41.207s][info][gc,phases   ] GC(31) Concurrent Mark 59.269ms
[41.207s][info][gc,phases   ] GC(31) Pause Mark End 0.022ms
[41.207s][info][gc,phases   ] GC(31) Concurrent Mark Free 0.001ms
[41.210s][info][gc,phases   ] GC(31) Concurrent Process Non-Strong References 2.187ms
[41.210s][info][gc,phases   ] GC(31) Concurrent Reset Relocation Set 0.003ms
[41.212s][info][gc,phases   ] GC(31) Concurrent Select Relocation Set 2.618ms
[41.212s][info][gc,phases   ] GC(31) Pause Relocate Start 0.007ms
[41.216s][info][gc,phases   ] GC(31) Concurrent Relocate 3.374ms
[41.216s][info][gc,load     ] GC(31) Load: 0.00/0.00/0.00
[41.216s][info][gc,mmu      ] GC(31) MMU: 2ms/97.5%, 5ms/99.0%, 10ms/99.5%, 20ms/99.7%, 50ms/99.9%, 100ms/99.9%
[41.216s][info][gc,marking  ] GC(31) Mark: 8 stripe(s), 2 proactive flush(es), 1 terminate flush(es), 0 completion(s), 0 continuation(s) 
[41.216s][info][gc,marking  ] GC(31) Mark Stack Usage: 32M
[41.216s][info][gc,nmethod  ] GC(31) NMethods: 8194 registered, 325 unregistered
[41.216s][info][gc,metaspace] GC(31) Metaspace: 59M used, 60M committed, 1088M reserved
[41.216s][info][gc,ref      ] GC(31) Soft: 4711 encountered, 0 discovered, 0 enqueued
[41.216s][info][gc,ref      ] GC(31) Weak: 6150 encountered, 837 discovered, 197 enqueued
[41.216s][info][gc,ref      ] GC(31) Final: 232 encountered, 2 discovered, 0 enqueued
[41.216s][info][gc,ref      ] GC(31) Phantom: 609 encountered, 598 discovered, 0 enqueued
[41.216s][info][gc,reloc    ] GC(31) Small Pages: 1228 / 2456M, Empty: 2182M, Relocated: 6M, In-Place: 0
[41.216s][info][gc,reloc    ] GC(31) Medium Pages: 2 / 64M, Empty: 32M, Relocated: 0M, In-Place: 0
[41.216s][info][gc,reloc    ] GC(31) Large Pages: 5 / 30M, Empty: 18M, Relocated: 0M, In-Place: 0
[41.216s][info][gc,reloc    ] GC(31) Forwarding Usage: 2M
[41.216s][info][gc,heap     ] GC(31) Min Capacity: 8M(0%)
[41.216s][info][gc,heap     ] GC(31) Max Capacity: 30718M(100%)
[41.216s][info][gc,heap     ] GC(31) Soft Max Capacity: 30718M(100%)
[41.216s][info][gc,heap     ] GC(31)                Mark Start          Mark End        Relocate Start      Relocate End           High               Low         
[41.216s][info][gc,heap     ] GC(31)  Capacity:     3482M (11%)        3482M (11%)        3482M (11%)        3482M (11%)        3482M (11%)        3482M (11%)    
[41.216s][info][gc,heap     ] GC(31)      Free:    28168M (92%)       28166M (92%)       30374M (99%)       30422M (99%)       30422M (99%)       28166M (92%)    
[41.216s][info][gc,heap     ] GC(31)      Used:     2550M (8%)         2552M (8%)          344M (1%)          296M (1%)         2552M (8%)          296M (1%)     
[41.216s][info][gc,heap     ] GC(31)      Live:         -               207M (1%)          207M (1%)          207M (1%)             -                  -          
[41.216s][info][gc,heap     ] GC(31) Allocated:         -                 2M (0%)           26M (0%)           35M (0%)             -                  -          
[41.216s][info][gc,heap     ] GC(31)   Garbage:         -              2342M (8%)          110M (0%)           52M (0%)             -                  -          
[41.216s][info][gc,heap     ] GC(31) Reclaimed:         -                  -              2232M (7%)         2289M (7%)             -                  -          
[41.216s][info][gc          ] GC(31) Garbage Collection (System.gc()) 2550M(8%)->296M(1%)
[42.000s][info][gc,start    ] GC(32) Garbage Collection (System.gc())
[42.000s][info][gc,task     ] GC(32) Using 12 workers
[42.000s][info][gc,phases   ] GC(32) Pause Mark Start 0.016ms
[42.051s][info][gc,phases   ] GC(32) Concurrent Mark 50.643ms
[42.051s][info][gc,phases   ] GC(32) Pause Mark End 0.021ms
[42.051s][info][gc,phases   ] GC(32) Concurrent Mark Free 0.000ms
[42.053s][info][gc,phases   ] GC(32) Concurrent Process Non-Strong References 1.795ms
[42.053s][info][gc,phases   ] GC(32) Concurrent Reset Relocation Set 0.003ms
[42.057s][info][gc,phases   ] GC(32) Concurrent Select Relocation Set 4.678ms
[42.058s][info][gc,phases   ] GC(32) Pause Relocate Start 0.007ms
[42.060s][info][gc,phases   ] GC(32) Concurrent Relocate 2.275ms
[42.060s][info][gc,load     ] GC(32) Load: 0.00/0.00/0.00
[42.060s][info][gc,mmu      ] GC(32) MMU: 2ms/97.5%, 5ms/99.0%, 10ms/99.5%, 20ms/99.7%, 50ms/99.9%, 100ms/99.9%
[42.060s][info][gc,marking  ] GC(32) Mark: 8 stripe(s), 2 proactive flush(es), 1 terminate flush(es), 0 completion(s), 0 continuation(s) 
[42.060s][info][gc,marking  ] GC(32) Mark Stack Usage: 32M
[42.060s][info][gc,nmethod  ] GC(32) NMethods: 8255 registered, 332 unregistered
[42.060s][info][gc,metaspace] GC(32) Metaspace: 59M used, 60M committed, 1088M reserved
[42.060s][info][gc,ref      ] GC(32) Soft: 4711 encountered, 0 discovered, 0 enqueued
[42.060s][info][gc,ref      ] GC(32) Weak: 6181 encountered, 2111 discovered, 200 enqueued
[42.060s][info][gc,ref      ] GC(32) Final: 232 encountered, 4 discovered, 0 enqueued
[42.060s][info][gc,ref      ] GC(32) Phantom: 609 encountered, 448 discovered, 0 enqueued
[42.060s][info][gc,reloc    ] GC(32) Small Pages: 1226 / 2452M, Empty: 2180M, Relocated: 6M, In-Place: 0
[42.060s][info][gc,reloc    ] GC(32) Medium Pages: 2 / 64M, Empty: 32M, Relocated: 0M, In-Place: 0
[42.060s][info][gc,reloc    ] GC(32) Large Pages: 5 / 30M, Empty: 18M, Relocated: 0M, In-Place: 0
[42.060s][info][gc,reloc    ] GC(32) Forwarding Usage: 2M
[42.060s][info][gc,heap     ] GC(32) Min Capacity: 8M(0%)
[42.060s][info][gc,heap     ] GC(32) Max Capacity: 30718M(100%)
[42.060s][info][gc,heap     ] GC(32) Soft Max Capacity: 30718M(100%)
[42.060s][info][gc,heap     ] GC(32)                Mark Start          Mark End        Relocate Start      Relocate End           High               Low         
[42.060s][info][gc,heap     ] GC(32)  Capacity:     3482M (11%)        3482M (11%)        3482M (11%)        3482M (11%)        3482M (11%)        3482M (11%)    
[42.060s][info][gc,heap     ] GC(32)      Free:    28172M (92%)       28168M (92%)       30368M (99%)       30424M (99%)       30424M (99%)       28164M (92%)    
[42.060s][info][gc,heap     ] GC(32)      Used:     2546M (8%)         2550M (8%)          350M (1%)          294M (1%)         2554M (8%)          294M (1%)     
[42.060s][info][gc,heap     ] GC(32)      Live:         -               207M (1%)          207M (1%)          207M (1%)             -                  -          
[42.060s][info][gc,heap     ] GC(32) Allocated:         -                 4M (0%)           34M (0%)           34M (0%)             -                  -          
[42.060s][info][gc,heap     ] GC(32)   Garbage:         -              2338M (8%)          108M (0%)           52M (0%)             -                  -          
[42.060s][info][gc,heap     ] GC(32) Reclaimed:         -                  -              2230M (7%)         2286M (7%)             -                  -          
[42.060s][info][gc          ] GC(32) Garbage Collection (System.gc()) 2546M(8%)->294M(1%)
[42.807s][info][gc,start    ] GC(33) Garbage Collection (System.gc())
[42.808s][info][gc,task     ] GC(33) Using 12 workers
[42.808s][info][gc,phases   ] GC(33) Pause Mark Start 0.016ms
[42.868s][info][gc,phases   ] GC(33) Concurrent Mark 59.808ms
[42.868s][info][gc,phases   ] GC(33) Pause Mark End 0.023ms
[42.868s][info][gc,phases   ] GC(33) Concurrent Mark Free 0.001ms
[42.870s][info][gc,phases   ] GC(33) Concurrent Process Non-Strong References 2.060ms
[42.870s][info][gc,phases   ] GC(33) Concurrent Reset Relocation Set 0.003ms
[42.873s][info][gc,phases   ] GC(33) Concurrent Select Relocation Set 2.921ms
[42.873s][info][gc,phases   ] GC(33) Pause Relocate Start 0.008ms
[42.877s][info][gc,phases   ] GC(33) Concurrent Relocate 3.551ms
[42.877s][info][gc,load     ] GC(33) Load: 0.00/0.00/0.00
[42.877s][info][gc,mmu      ] GC(33) MMU: 2ms/97.5%, 5ms/99.0%, 10ms/99.5%, 20ms/99.7%, 50ms/99.9%, 100ms/99.9%
[42.877s][info][gc,marking  ] GC(33) Mark: 8 stripe(s), 2 proactive flush(es), 1 terminate flush(es), 0 completion(s), 0 continuation(s) 
[42.877s][info][gc,marking  ] GC(33) Mark Stack Usage: 32M
[42.877s][info][gc,nmethod  ] GC(33) NMethods: 8283 registered, 342 unregistered
[42.877s][info][gc,metaspace] GC(33) Metaspace: 59M used, 60M committed, 1088M reserved
[42.877s][info][gc,ref      ] GC(33) Soft: 4711 encountered, 0 discovered, 0 enqueued
[42.877s][info][gc,ref      ] GC(33) Weak: 6161 encountered, 1788 discovered, 199 enqueued
[42.877s][info][gc,ref      ] GC(33) Final: 232 encountered, 4 discovered, 0 enqueued
[42.877s][info][gc,ref      ] GC(33) Phantom: 609 encountered, 314 discovered, 0 enqueued
[42.877s][info][gc,reloc    ] GC(33) Small Pages: 1227 / 2454M, Empty: 2182M, Relocated: 6M, In-Place: 0
[42.877s][info][gc,reloc    ] GC(33) Medium Pages: 2 / 64M, Empty: 32M, Relocated: 0M, In-Place: 0
[42.877s][info][gc,reloc    ] GC(33) Large Pages: 5 / 30M, Empty: 18M, Relocated: 0M, In-Place: 0
[42.877s][info][gc,reloc    ] GC(33) Forwarding Usage: 2M
[42.877s][info][gc,heap     ] GC(33) Min Capacity: 8M(0%)
[42.877s][info][gc,heap     ] GC(33) Max Capacity: 30718M(100%)
[42.877s][info][gc,heap     ] GC(33) Soft Max Capacity: 30718M(100%)
[42.877s][info][gc,heap     ] GC(33)                Mark Start          Mark End        Relocate Start      Relocate End           High               Low         
[42.877s][info][gc,heap     ] GC(33)  Capacity:     3482M (11%)        3482M (11%)        3482M (11%)        3482M (11%)        3482M (11%)        3482M (11%)    
[42.877s][info][gc,heap     ] GC(33)      Free:    28170M (92%)       28168M (92%)       30372M (99%)       30424M (99%)       30424M (99%)       28168M (92%)    
[42.877s][info][gc,heap     ] GC(33)      Used:     2548M (8%)         2550M (8%)          346M (1%)          294M (1%)         2550M (8%)          294M (1%)     
[42.877s][info][gc,heap     ] GC(33)      Live:         -               207M (1%)          207M (1%)          207M (1%)             -                  -          
[42.877s][info][gc,heap     ] GC(33) Allocated:         -                 2M (0%)           30M (0%)           33M (0%)             -                  -          
[42.877s][info][gc,heap     ] GC(33)   Garbage:         -              2340M (8%)          108M (0%)           52M (0%)             -                  -          
[42.877s][info][gc,heap     ] GC(33) Reclaimed:         -                  -              2232M (7%)         2287M (7%)             -                  -          
[42.877s][info][gc          ] GC(33) Garbage Collection (System.gc()) 2548M(8%)->294M(1%)
[43.622s][info][gc,start    ] GC(34) Garbage Collection (System.gc())
[43.622s][info][gc,task     ] GC(34) Using 12 workers
[43.623s][info][gc,phases   ] GC(34) Pause Mark Start 0.015ms
[43.680s][info][gc,phases   ] GC(34) Concurrent Mark 57.330ms
[43.680s][info][gc,phases   ] GC(34) Pause Mark End 0.031ms
[43.680s][info][gc,phases   ] GC(34) Concurrent Mark Free 0.001ms
[43.682s][info][gc,phases   ] GC(34) Concurrent Process Non-Strong References 2.129ms
[43.682s][info][gc,phases   ] GC(34) Concurrent Reset Relocation Set 0.005ms
[43.686s][info][gc,phases   ] GC(34) Concurrent Select Relocation Set 3.761ms
[43.686s][info][gc,phases   ] GC(34) Pause Relocate Start 0.008ms
[43.690s][info][gc,phases   ] GC(34) Concurrent Relocate 3.251ms
[43.690s][info][gc,load     ] GC(34) Load: 0.00/0.00/0.00
[43.690s][info][gc,mmu      ] GC(34) MMU: 2ms/97.5%, 5ms/99.0%, 10ms/99.5%, 20ms/99.7%, 50ms/99.9%, 100ms/99.9%
[43.690s][info][gc,marking  ] GC(34) Mark: 8 stripe(s), 2 proactive flush(es), 1 terminate flush(es), 0 completion(s), 0 continuation(s) 
[43.690s][info][gc,marking  ] GC(34) Mark Stack Usage: 32M
[43.690s][info][gc,nmethod  ] GC(34) NMethods: 8316 registered, 351 unregistered
[43.690s][info][gc,metaspace] GC(34) Metaspace: 59M used, 60M committed, 1088M reserved
[43.690s][info][gc,ref      ] GC(34) Soft: 4711 encountered, 0 discovered, 0 enqueued
[43.690s][info][gc,ref      ] GC(34) Weak: 6185 encountered, 776 discovered, 208 enqueued
[43.690s][info][gc,ref      ] GC(34) Final: 232 encountered, 0 discovered, 0 enqueued
[43.690s][info][gc,ref      ] GC(34) Phantom: 609 encountered, 586 discovered, 0 enqueued
[43.690s][info][gc,reloc    ] GC(34) Small Pages: 1227 / 2454M, Empty: 2184M, Relocated: 6M, In-Place: 0
[43.690s][info][gc,reloc    ] GC(34) Medium Pages: 2 / 64M, Empty: 32M, Relocated: 0M, In-Place: 0
[43.690s][info][gc,reloc    ] GC(34) Large Pages: 5 / 30M, Empty: 18M, Relocated: 0M, In-Place: 0
[43.690s][info][gc,reloc    ] GC(34) Forwarding Usage: 2M
[43.690s][info][gc,heap     ] GC(34) Min Capacity: 8M(0%)
[43.690s][info][gc,heap     ] GC(34) Max Capacity: 30718M(100%)
[43.690s][info][gc,heap     ] GC(34) Soft Max Capacity: 30718M(100%)
[43.690s][info][gc,heap     ] GC(34)                Mark Start          Mark End        Relocate Start      Relocate End           High               Low         
[43.690s][info][gc,heap     ] GC(34)  Capacity:     3482M (11%)        3482M (11%)        3482M (11%)        3482M (11%)        3482M (11%)        3482M (11%)    
[43.690s][info][gc,heap     ] GC(34)      Free:    28170M (92%)       28168M (92%)       30378M (99%)       30428M (99%)       30428M (99%)       28168M (92%)    
[43.690s][info][gc,heap     ] GC(34)      Used:     2548M (8%)         2550M (8%)          340M (1%)          290M (1%)         2550M (8%)          290M (1%)     
[43.690s][info][gc,heap     ] GC(34)      Live:         -               207M (1%)          207M (1%)          207M (1%)             -                  -          
[43.690s][info][gc,heap     ] GC(34) Allocated:         -                 2M (0%)           26M (0%)           29M (0%)             -                  -          
[43.690s][info][gc,heap     ] GC(34)   Garbage:         -              2340M (8%)          106M (0%)           52M (0%)             -                  -          
[43.691s][info][gc,heap     ] GC(34) Reclaimed:         -                  -              2234M (7%)         2287M (7%)             -                  -          
[43.691s][info][gc          ] GC(34) Garbage Collection (System.gc()) 2548M(8%)->290M(1%)
[44.450s][info][gc,start    ] GC(35) Garbage Collection (System.gc())
[44.450s][info][gc,task     ] GC(35) Using 12 workers
[44.451s][info][gc,phases   ] GC(35) Pause Mark Start 0.015ms
[44.510s][info][gc,phases   ] GC(35) Concurrent Mark 59.408ms
[44.510s][info][gc,phases   ] GC(35) Pause Mark End 0.024ms
[44.510s][info][gc,phases   ] GC(35) Concurrent Mark Free 0.001ms
[44.513s][info][gc,phases   ] GC(35) Concurrent Process Non-Strong References 2.297ms
[44.513s][info][gc,phases   ] GC(35) Concurrent Reset Relocation Set 0.004ms
[44.520s][info][gc,phases   ] GC(35) Concurrent Select Relocation Set 7.594ms
[44.521s][info][gc,phases   ] GC(35) Pause Relocate Start 0.008ms
[44.524s][info][gc,phases   ] GC(35) Concurrent Relocate 3.494ms
[44.524s][info][gc,load     ] GC(35) Load: 0.00/0.00/0.00
[44.524s][info][gc,mmu      ] GC(35) MMU: 2ms/97.5%, 5ms/99.0%, 10ms/99.5%, 20ms/99.7%, 50ms/99.9%, 100ms/99.9%
[44.524s][info][gc,marking  ] GC(35) Mark: 8 stripe(s), 2 proactive flush(es), 1 terminate flush(es), 0 completion(s), 0 continuation(s) 
[44.524s][info][gc,marking  ] GC(35) Mark Stack Usage: 32M
[44.524s][info][gc,nmethod  ] GC(35) NMethods: 8514 registered, 366 unregistered
[44.524s][info][gc,metaspace] GC(35) Metaspace: 59M used, 60M committed, 1088M reserved
[44.524s][info][gc,ref      ] GC(35) Soft: 4711 encountered, 0 discovered, 0 enqueued
[44.524s][info][gc,ref      ] GC(35) Weak: 6163 encountered, 1111 discovered, 199 enqueued
[44.524s][info][gc,ref      ] GC(35) Final: 232 encountered, 0 discovered, 0 enqueued
[44.524s][info][gc,ref      ] GC(35) Phantom: 609 encountered, 588 discovered, 0 enqueued
[44.524s][info][gc,reloc    ] GC(35) Small Pages: 1226 / 2452M, Empty: 2180M, Relocated: 6M, In-Place: 0
[44.524s][info][gc,reloc    ] GC(35) Medium Pages: 2 / 64M, Empty: 32M, Relocated: 0M, In-Place: 0
[44.525s][info][gc,reloc    ] GC(35) Large Pages: 5 / 30M, Empty: 18M, Relocated: 0M, In-Place: 0
[44.525s][info][gc,reloc    ] GC(35) Forwarding Usage: 2M
[44.525s][info][gc,heap     ] GC(35) Min Capacity: 8M(0%)
[44.525s][info][gc,heap     ] GC(35) Max Capacity: 30718M(100%)
[44.525s][info][gc,heap     ] GC(35) Soft Max Capacity: 30718M(100%)
[44.525s][info][gc,heap     ] GC(35)                Mark Start          Mark End        Relocate Start      Relocate End           High               Low         
[44.525s][info][gc,heap     ] GC(35)  Capacity:     3482M (11%)        3482M (11%)        3482M (11%)        3482M (11%)        3482M (11%)        3482M (11%)    
[44.525s][info][gc,heap     ] GC(35)      Free:    28172M (92%)       28172M (92%)       30370M (99%)       30426M (99%)       30426M (99%)       28170M (92%)    
[44.525s][info][gc,heap     ] GC(35)      Used:     2546M (8%)         2546M (8%)          348M (1%)          292M (1%)         2548M (8%)          292M (1%)     
[44.525s][info][gc,heap     ] GC(35)      Live:         -               207M (1%)          207M (1%)          207M (1%)             -                  -          
[44.525s][info][gc,heap     ] GC(35) Allocated:         -                 0M (0%)           32M (0%)           32M (0%)             -                  -          
[44.525s][info][gc,heap     ] GC(35)   Garbage:         -              2338M (8%)          108M (0%)           52M (0%)             -                  -          
[44.525s][info][gc,heap     ] GC(35) Reclaimed:         -                  -              2230M (7%)         2286M (7%)             -                  -          
[44.525s][info][gc          ] GC(35) Garbage Collection (System.gc()) 2546M(8%)->292M(1%)
[45.265s][info][gc,start    ] GC(36) Garbage Collection (System.gc())
[45.266s][info][gc,task     ] GC(36) Using 12 workers
[45.266s][info][gc,phases   ] GC(36) Pause Mark Start 0.017ms
[45.322s][info][gc,phases   ] GC(36) Concurrent Mark 56.555ms
[45.323s][info][gc,phases   ] GC(36) Pause Mark End 0.028ms
[45.323s][info][gc,phases   ] GC(36) Concurrent Mark Free 0.001ms
[45.325s][info][gc,phases   ] GC(36) Concurrent Process Non-Strong References 2.166ms
[45.325s][info][gc,phases   ] GC(36) Concurrent Reset Relocation Set 0.003ms
[45.327s][info][gc,phases   ] GC(36) Concurrent Select Relocation Set 2.612ms
[45.328s][info][gc,phases   ] GC(36) Pause Relocate Start 0.008ms
[45.331s][info][gc,phases   ] GC(36) Concurrent Relocate 3.624ms
[45.331s][info][gc,load     ] GC(36) Load: 0.00/0.00/0.00
[45.331s][info][gc,mmu      ] GC(36) MMU: 2ms/97.5%, 5ms/99.0%, 10ms/99.5%, 20ms/99.7%, 50ms/99.9%, 100ms/99.9%
[45.331s][info][gc,marking  ] GC(36) Mark: 8 stripe(s), 2 proactive flush(es), 1 terminate flush(es), 0 completion(s), 0 continuation(s) 
[45.331s][info][gc,marking  ] GC(36) Mark Stack Usage: 32M
[45.331s][info][gc,nmethod  ] GC(36) NMethods: 8553 registered, 378 unregistered
[45.331s][info][gc,metaspace] GC(36) Metaspace: 59M used, 60M committed, 1088M reserved
[45.331s][info][gc,ref      ] GC(36) Soft: 4711 encountered, 0 discovered, 0 enqueued
[45.331s][info][gc,ref      ] GC(36) Weak: 6184 encountered, 1921 discovered, 207 enqueued
[45.331s][info][gc,ref      ] GC(36) Final: 232 encountered, 0 discovered, 0 enqueued
[45.331s][info][gc,ref      ] GC(36) Phantom: 609 encountered, 409 discovered, 0 enqueued
[45.331s][info][gc,reloc    ] GC(36) Small Pages: 1224 / 2448M, Empty: 2182M, Relocated: 6M, In-Place: 0
[45.331s][info][gc,reloc    ] GC(36) Medium Pages: 2 / 64M, Empty: 32M, Relocated: 0M, In-Place: 0
[45.331s][info][gc,reloc    ] GC(36) Large Pages: 5 / 30M, Empty: 18M, Relocated: 0M, In-Place: 0
[45.331s][info][gc,reloc    ] GC(36) Forwarding Usage: 2M
[45.332s][info][gc,heap     ] GC(36) Min Capacity: 8M(0%)
[45.332s][info][gc,heap     ] GC(36) Max Capacity: 30718M(100%)
[45.332s][info][gc,heap     ] GC(36) Soft Max Capacity: 30718M(100%)
[45.332s][info][gc,heap     ] GC(36)                Mark Start          Mark End        Relocate Start      Relocate End           High               Low         
[45.332s][info][gc,heap     ] GC(36)  Capacity:     3482M (11%)        3482M (11%)        3482M (11%)        3482M (11%)        3482M (11%)        3482M (11%)    
[45.332s][info][gc,heap     ] GC(36)      Free:    28176M (92%)       28174M (92%)       30374M (99%)       30420M (99%)       30420M (99%)       28174M (92%)    
[45.332s][info][gc,heap     ] GC(36)      Used:     2542M (8%)         2544M (8%)          344M (1%)          298M (1%)         2544M (8%)          298M (1%)     
[45.332s][info][gc,heap     ] GC(36)      Live:         -               207M (1%)          207M (1%)          207M (1%)             -                  -          
[45.332s][info][gc,heap     ] GC(36) Allocated:         -                 2M (0%)           34M (0%)           37M (0%)             -                  -          
[45.332s][info][gc,heap     ] GC(36)   Garbage:         -              2334M (8%)          102M (0%)           52M (0%)             -                  -          
[45.332s][info][gc,heap     ] GC(36) Reclaimed:         -                  -              2232M (7%)         2281M (7%)             -                  -          
[45.332s][info][gc          ] GC(36) Garbage Collection (System.gc()) 2542M(8%)->298M(1%)
[46.083s][info][gc,start    ] GC(37) Garbage Collection (System.gc())
[46.083s][info][gc,task     ] GC(37) Using 12 workers
[46.083s][info][gc,phases   ] GC(37) Pause Mark Start 0.017ms
[46.135s][info][gc,phases   ] GC(37) Concurrent Mark 51.125ms
[46.135s][info][gc,phases   ] GC(37) Pause Mark End 0.023ms
[46.135s][info][gc,phases   ] GC(37) Concurrent Mark Free 0.001ms
[46.137s][info][gc,phases   ] GC(37) Concurrent Process Non-Strong References 2.111ms
[46.137s][info][gc,phases   ] GC(37) Concurrent Reset Relocation Set 0.006ms
[46.141s][info][gc,phases   ] GC(37) Concurrent Select Relocation Set 3.371ms
[46.141s][info][gc,phases   ] GC(37) Pause Relocate Start 0.007ms
[46.143s][info][gc,phases   ] GC(37) Concurrent Relocate 2.027ms
[46.143s][info][gc,load     ] GC(37) Load: 0.00/0.00/0.00
[46.143s][info][gc,mmu      ] GC(37) MMU: 2ms/97.5%, 5ms/99.0%, 10ms/99.5%, 20ms/99.7%, 50ms/99.9%, 100ms/99.9%
[46.143s][info][gc,marking  ] GC(37) Mark: 8 stripe(s), 2 proactive flush(es), 1 terminate flush(es), 0 completion(s), 0 continuation(s) 
[46.143s][info][gc,marking  ] GC(37) Mark Stack Usage: 32M
[46.143s][info][gc,nmethod  ] GC(37) NMethods: 8558 registered, 385 unregistered
[46.143s][info][gc,metaspace] GC(37) Metaspace: 59M used, 60M committed, 1088M reserved
[46.143s][info][gc,ref      ] GC(37) Soft: 4711 encountered, 0 discovered, 0 enqueued
[46.143s][info][gc,ref      ] GC(37) Weak: 6165 encountered, 1376 discovered, 199 enqueued
[46.143s][info][gc,ref      ] GC(37) Final: 232 encountered, 16 discovered, 0 enqueued
[46.143s][info][gc,ref      ] GC(37) Phantom: 609 encountered, 508 discovered, 0 enqueued
[46.143s][info][gc,reloc    ] GC(37) Small Pages: 1228 / 2456M, Empty: 2182M, Relocated: 6M, In-Place: 0
[46.143s][info][gc,reloc    ] GC(37) Medium Pages: 2 / 64M, Empty: 32M, Relocated: 0M, In-Place: 0
[46.143s][info][gc,reloc    ] GC(37) Large Pages: 5 / 30M, Empty: 18M, Relocated: 0M, In-Place: 0
[46.143s][info][gc,reloc    ] GC(37) Forwarding Usage: 2M
[46.143s][info][gc,heap     ] GC(37) Min Capacity: 8M(0%)
[46.143s][info][gc,heap     ] GC(37) Max Capacity: 30718M(100%)
[46.143s][info][gc,heap     ] GC(37) Soft Max Capacity: 30718M(100%)
[46.143s][info][gc,heap     ] GC(37)                Mark Start          Mark End        Relocate Start      Relocate End           High               Low         
[46.143s][info][gc,heap     ] GC(37)  Capacity:     3482M (11%)        3482M (11%)        3482M (11%)        3482M (11%)        3482M (11%)        3482M (11%)    
[46.143s][info][gc,heap     ] GC(37)      Free:    28168M (92%)       28166M (92%)       30370M (99%)       30426M (99%)       30426M (99%)       28166M (92%)    
[46.143s][info][gc,heap     ] GC(37)      Used:     2550M (8%)         2552M (8%)          348M (1%)          292M (1%)         2552M (8%)          292M (1%)     
[46.143s][info][gc,heap     ] GC(37)      Live:         -               207M (1%)          207M (1%)          207M (1%)             -                  -          
[46.143s][info][gc,heap     ] GC(37) Allocated:         -                 2M (0%)           30M (0%)           31M (0%)             -                  -          
[46.143s][info][gc,heap     ] GC(37)   Garbage:         -              2342M (8%)          110M (0%)           52M (0%)             -                  -          
[46.143s][info][gc,heap     ] GC(37) Reclaimed:         -                  -              2232M (7%)         2289M (7%)             -                  -          
[46.143s][info][gc          ] GC(37) Garbage Collection (System.gc()) 2550M(8%)->292M(1%)
[46.896s][info][gc,start    ] GC(38) Garbage Collection (System.gc())
[46.896s][info][gc,task     ] GC(38) Using 12 workers
[46.897s][info][gc,phases   ] GC(38) Pause Mark Start 0.013ms
[46.957s][info][gc,phases   ] GC(38) Concurrent Mark 59.986ms
[46.957s][info][gc,phases   ] GC(38) Pause Mark End 0.022ms
[46.957s][info][gc,phases   ] GC(38) Concurrent Mark Free 0.001ms
[46.959s][info][gc,phases   ] GC(38) Concurrent Process Non-Strong References 2.236ms
[46.959s][info][gc,phases   ] GC(38) Concurrent Reset Relocation Set 0.005ms
[46.963s][info][gc,phases   ] GC(38) Concurrent Select Relocation Set 4.057ms
[46.963s][info][gc,phases   ] GC(38) Pause Relocate Start 0.010ms
[46.965s][info][gc,phases   ] GC(38) Concurrent Relocate 1.731ms
[46.965s][info][gc,load     ] GC(38) Load: 0.00/0.00/0.00
[46.965s][info][gc,mmu      ] GC(38) MMU: 2ms/97.5%, 5ms/99.0%, 10ms/99.5%, 20ms/99.7%, 50ms/99.9%, 100ms/99.9%
[46.965s][info][gc,marking  ] GC(38) Mark: 8 stripe(s), 2 proactive flush(es), 1 terminate flush(es), 0 completion(s), 0 continuation(s) 
[46.965s][info][gc,marking  ] GC(38) Mark Stack Usage: 32M
[46.965s][info][gc,nmethod  ] GC(38) NMethods: 8613 registered, 389 unregistered
[46.965s][info][gc,metaspace] GC(38) Metaspace: 59M used, 60M committed, 1088M reserved
[46.965s][info][gc,ref      ] GC(38) Soft: 4711 encountered, 0 discovered, 0 enqueued
[46.965s][info][gc,ref      ] GC(38) Weak: 6199 encountered, 3003 discovered, 213 enqueued
[46.965s][info][gc,ref      ] GC(38) Final: 232 encountered, 196 discovered, 0 enqueued
[46.966s][info][gc,ref      ] GC(38) Phantom: 609 encountered, 509 discovered, 0 enqueued
[46.966s][info][gc,reloc    ] GC(38) Small Pages: 1227 / 2454M, Empty: 2182M, Relocated: 3M, In-Place: 0
[46.966s][info][gc,reloc    ] GC(38) Medium Pages: 2 / 64M, Empty: 32M, Relocated: 0M, In-Place: 0
[46.966s][info][gc,reloc    ] GC(38) Large Pages: 5 / 30M, Empty: 18M, Relocated: 0M, In-Place: 0
[46.966s][info][gc,reloc    ] GC(38) Forwarding Usage: 1M
[46.966s][info][gc,heap     ] GC(38) Min Capacity: 8M(0%)
[46.966s][info][gc,heap     ] GC(38) Max Capacity: 30718M(100%)
[46.966s][info][gc,heap     ] GC(38) Soft Max Capacity: 30718M(100%)
[46.966s][info][gc,heap     ] GC(38)                Mark Start          Mark End        Relocate Start      Relocate End           High               Low         
[46.966s][info][gc,heap     ] GC(38)  Capacity:     3482M (11%)        3482M (11%)        3482M (11%)        3482M (11%)        3482M (11%)        3482M (11%)    
[46.966s][info][gc,heap     ] GC(38)      Free:    28170M (92%)       28166M (92%)       30370M (99%)       30420M (99%)       30420M (99%)       28166M (92%)    
[46.966s][info][gc,heap     ] GC(38)      Used:     2548M (8%)         2552M (8%)          348M (1%)          298M (1%)         2552M (8%)          298M (1%)     
[46.966s][info][gc,heap     ] GC(38)      Live:         -               207M (1%)          207M (1%)          207M (1%)             -                  -          
[46.966s][info][gc,heap     ] GC(38) Allocated:         -                 4M (0%)           32M (0%)           31M (0%)             -                  -          
[46.966s][info][gc,heap     ] GC(38)   Garbage:         -              2340M (8%)          108M (0%)           58M (0%)             -                  -          
[46.966s][info][gc,heap     ] GC(38) Reclaimed:         -                  -              2232M (7%)         2281M (7%)             -                  -          
[46.966s][info][gc          ] GC(38) Garbage Collection (System.gc()) 2548M(8%)->298M(1%)
[47.732s][info][gc,start    ] GC(39) Garbage Collection (System.gc())
[47.732s][info][gc,task     ] GC(39) Using 12 workers
[47.732s][info][gc,phases   ] GC(39) Pause Mark Start 0.016ms
[47.792s][info][gc,phases   ] GC(39) Concurrent Mark 60.012ms
[47.792s][info][gc,phases   ] GC(39) Pause Mark End 0.020ms
[47.792s][info][gc,phases   ] GC(39) Concurrent Mark Free 0.001ms
[47.794s][info][gc,phases   ] GC(39) Concurrent Process Non-Strong References 2.198ms
[47.795s][info][gc,phases   ] GC(39) Concurrent Reset Relocation Set 0.004ms
[47.800s][info][gc,phases   ] GC(39) Concurrent Select Relocation Set 5.731ms
[47.800s][info][gc,phases   ] GC(39) Pause Relocate Start 0.008ms
[47.802s][info][gc,phases   ] GC(39) Concurrent Relocate 1.236ms
[47.802s][info][gc,load     ] GC(39) Load: 0.00/0.00/0.00
[47.802s][info][gc,mmu      ] GC(39) MMU: 2ms/97.5%, 5ms/99.0%, 10ms/99.5%, 20ms/99.7%, 50ms/99.9%, 100ms/99.9%
[47.802s][info][gc,marking  ] GC(39) Mark: 8 stripe(s), 2 proactive flush(es), 1 terminate flush(es), 0 completion(s), 0 continuation(s) 
[47.802s][info][gc,marking  ] GC(39) Mark Stack Usage: 32M
[47.802s][info][gc,nmethod  ] GC(39) NMethods: 8636 registered, 399 unregistered
[47.802s][info][gc,metaspace] GC(39) Metaspace: 59M used, 60M committed, 1088M reserved
[47.802s][info][gc,ref      ] GC(39) Soft: 4711 encountered, 0 discovered, 0 enqueued
[47.802s][info][gc,ref      ] GC(39) Weak: 6169 encountered, 2895 discovered, 197 enqueued
[47.802s][info][gc,ref      ] GC(39) Final: 232 encountered, 0 discovered, 0 enqueued
[47.802s][info][gc,ref      ] GC(39) Phantom: 609 encountered, 439 discovered, 0 enqueued
[47.802s][info][gc,reloc    ] GC(39) Small Pages: 1229 / 2458M, Empty: 2182M, Relocated: 3M, In-Place: 0
[47.802s][info][gc,reloc    ] GC(39) Medium Pages: 2 / 64M, Empty: 32M, Relocated: 0M, In-Place: 0
[47.802s][info][gc,reloc    ] GC(39) Large Pages: 5 / 30M, Empty: 18M, Relocated: 0M, In-Place: 0
[47.802s][info][gc,reloc    ] GC(39) Forwarding Usage: 1M
[47.802s][info][gc,heap     ] GC(39) Min Capacity: 8M(0%)
[47.802s][info][gc,heap     ] GC(39) Max Capacity: 30718M(100%)
[47.802s][info][gc,heap     ] GC(39) Soft Max Capacity: 30718M(100%)
[47.802s][info][gc,heap     ] GC(39)                Mark Start          Mark End        Relocate Start      Relocate End           High               Low         
[47.802s][info][gc,heap     ] GC(39)  Capacity:     3482M (11%)        3482M (11%)        3482M (11%)        3482M (11%)        3482M (11%)        3482M (11%)    
[47.802s][info][gc,heap     ] GC(39)      Free:    28166M (92%)       28166M (92%)       30364M (99%)       30418M (99%)       30418M (99%)       28164M (92%)    
[47.802s][info][gc,heap     ] GC(39)      Used:     2552M (8%)         2552M (8%)          354M (1%)          300M (1%)         2554M (8%)          300M (1%)     
[47.802s][info][gc,heap     ] GC(39)      Live:         -               207M (1%)          207M (1%)          207M (1%)             -                  -          
[47.802s][info][gc,heap     ] GC(39) Allocated:         -                 0M (0%)           34M (0%)           34M (0%)             -                  -          
[47.802s][info][gc,heap     ] GC(39)   Garbage:         -              2344M (8%)          112M (0%)           58M (0%)             -                  -          
[47.803s][info][gc,heap     ] GC(39) Reclaimed:         -                  -              2232M (7%)         2286M (7%)             -                  -          
[47.803s][info][gc          ] GC(39) Garbage Collection (System.gc()) 2552M(8%)->300M(1%)
[48.548s][info][gc,start    ] GC(40) Garbage Collection (System.gc())
[48.548s][info][gc,task     ] GC(40) Using 12 workers
[48.548s][info][gc,phases   ] GC(40) Pause Mark Start 0.013ms
[48.612s][info][gc,phases   ] GC(40) Concurrent Mark 64.004ms
[48.613s][info][gc,phases   ] GC(40) Pause Mark End 0.040ms
[48.613s][info][gc,phases   ] GC(40) Concurrent Mark Free 0.002ms
[48.615s][info][gc,phases   ] GC(40) Concurrent Process Non-Strong References 2.655ms
[48.615s][info][gc,phases   ] GC(40) Concurrent Reset Relocation Set 0.005ms
[48.621s][info][gc,phases   ] GC(40) Concurrent Select Relocation Set 5.706ms
[48.621s][info][gc,phases   ] GC(40) Pause Relocate Start 0.011ms
[48.624s][info][gc,phases   ] GC(40) Concurrent Relocate 2.354ms
[48.624s][info][gc,load     ] GC(40) Load: 0.00/0.00/0.00
[48.624s][info][gc,mmu      ] GC(40) MMU: 2ms/97.5%, 5ms/99.0%, 10ms/99.5%, 20ms/99.7%, 50ms/99.9%, 100ms/99.9%
[48.624s][info][gc,marking  ] GC(40) Mark: 8 stripe(s), 2 proactive flush(es), 1 terminate flush(es), 0 completion(s), 0 continuation(s) 
[48.624s][info][gc,marking  ] GC(40) Mark Stack Usage: 32M
[48.624s][info][gc,nmethod  ] GC(40) NMethods: 8705 registered, 405 unregistered
[48.624s][info][gc,metaspace] GC(40) Metaspace: 59M used, 60M committed, 1088M reserved
[48.624s][info][gc,ref      ] GC(40) Soft: 4711 encountered, 0 discovered, 0 enqueued
[48.624s][info][gc,ref      ] GC(40) Weak: 6200 encountered, 2617 discovered, 199 enqueued
[48.624s][info][gc,ref      ] GC(40) Final: 232 encountered, 19 discovered, 0 enqueued
[48.624s][info][gc,ref      ] GC(40) Phantom: 609 encountered, 372 discovered, 0 enqueued
[48.624s][info][gc,reloc    ] GC(40) Small Pages: 1231 / 2462M, Empty: 2182M, Relocated: 3M, In-Place: 0
[48.624s][info][gc,reloc    ] GC(40) Medium Pages: 2 / 64M, Empty: 32M, Relocated: 0M, In-Place: 0
[48.624s][info][gc,reloc    ] GC(40) Large Pages: 5 / 30M, Empty: 18M, Relocated: 0M, In-Place: 0
[48.624s][info][gc,reloc    ] GC(40) Forwarding Usage: 1M
[48.624s][info][gc,heap     ] GC(40) Min Capacity: 8M(0%)
[48.624s][info][gc,heap     ] GC(40) Max Capacity: 30718M(100%)
[48.624s][info][gc,heap     ] GC(40) Soft Max Capacity: 30718M(100%)
[48.624s][info][gc,heap     ] GC(40)                Mark Start          Mark End        Relocate Start      Relocate End           High               Low         
[48.624s][info][gc,heap     ] GC(40)  Capacity:     3482M (11%)        3482M (11%)        3482M (11%)        3482M (11%)        3482M (11%)        3482M (11%)    
[48.624s][info][gc,heap     ] GC(40)      Free:    28162M (92%)       28160M (92%)       30362M (99%)       30420M (99%)       30420M (99%)       28160M (92%)    
[48.624s][info][gc,heap     ] GC(40)      Used:     2556M (8%)         2558M (8%)          356M (1%)          298M (1%)         2558M (8%)          298M (1%)     
[48.625s][info][gc,heap     ] GC(40)      Live:         -               207M (1%)          207M (1%)          207M (1%)             -                  -          
[48.625s][info][gc,heap     ] GC(40) Allocated:         -                 2M (0%)           32M (0%)           32M (0%)             -                  -          
[48.625s][info][gc,heap     ] GC(40)   Garbage:         -              2348M (8%)          116M (0%)           58M (0%)             -                  -          
[48.625s][info][gc,heap     ] GC(40) Reclaimed:         -                  -              2232M (7%)         2290M (7%)             -                  -          
[48.625s][info][gc          ] GC(40) Garbage Collection (System.gc()) 2556M(8%)->298M(1%)
[49.377s][info][gc,start    ] GC(41) Garbage Collection (System.gc())
[49.377s][info][gc,task     ] GC(41) Using 12 workers
[49.377s][info][gc,phases   ] GC(41) Pause Mark Start 0.016ms
[49.437s][info][gc,phases   ] GC(41) Concurrent Mark 59.898ms
[49.438s][info][gc,phases   ] GC(41) Pause Mark End 0.027ms
[49.438s][info][gc,phases   ] GC(41) Concurrent Mark Free 0.001ms
[49.440s][info][gc,phases   ] GC(41) Concurrent Process Non-Strong References 2.292ms
[49.440s][info][gc,phases   ] GC(41) Concurrent Reset Relocation Set 0.005ms
[49.446s][info][gc,phases   ] GC(41) Concurrent Select Relocation Set 5.670ms
[49.446s][info][gc,phases   ] GC(41) Pause Relocate Start 0.009ms
[49.448s][info][gc,phases   ] GC(41) Concurrent Relocate 1.990ms
[49.448s][info][gc,load     ] GC(41) Load: 0.00/0.00/0.00
[49.448s][info][gc,mmu      ] GC(41) MMU: 2ms/97.5%, 5ms/99.0%, 10ms/99.5%, 20ms/99.7%, 50ms/99.9%, 100ms/99.9%
[49.448s][info][gc,marking  ] GC(41) Mark: 8 stripe(s), 2 proactive flush(es), 1 terminate flush(es), 0 completion(s), 0 continuation(s) 
[49.448s][info][gc,marking  ] GC(41) Mark Stack Usage: 32M
[49.448s][info][gc,nmethod  ] GC(41) NMethods: 8715 registered, 412 unregistered
[49.448s][info][gc,metaspace] GC(41) Metaspace: 59M used, 60M committed, 1088M reserved
[49.448s][info][gc,ref      ] GC(41) Soft: 4711 encountered, 0 discovered, 0 enqueued
[49.448s][info][gc,ref      ] GC(41) Weak: 6177 encountered, 2738 discovered, 199 enqueued
[49.448s][info][gc,ref      ] GC(41) Final: 232 encountered, 5 discovered, 0 enqueued
[49.448s][info][gc,ref      ] GC(41) Phantom: 609 encountered, 542 discovered, 0 enqueued
[49.448s][info][gc,reloc    ] GC(41) Small Pages: 1230 / 2460M, Empty: 2180M, Relocated: 3M, In-Place: 0
[49.448s][info][gc,reloc    ] GC(41) Medium Pages: 2 / 64M, Empty: 32M, Relocated: 0M, In-Place: 0
[49.448s][info][gc,reloc    ] GC(41) Large Pages: 5 / 30M, Empty: 18M, Relocated: 0M, In-Place: 0
[49.448s][info][gc,reloc    ] GC(41) Forwarding Usage: 1M
[49.448s][info][gc,heap     ] GC(41) Min Capacity: 8M(0%)
[49.448s][info][gc,heap     ] GC(41) Max Capacity: 30718M(100%)
[49.448s][info][gc,heap     ] GC(41) Soft Max Capacity: 30718M(100%)
[49.448s][info][gc,heap     ] GC(41)                Mark Start          Mark End        Relocate Start      Relocate End           High               Low         
[49.448s][info][gc,heap     ] GC(41)  Capacity:     3482M (11%)        3482M (11%)        3482M (11%)        3482M (11%)        3482M (11%)        3482M (11%)    
[49.449s][info][gc,heap     ] GC(41)      Free:    28164M (92%)       28164M (92%)       30368M (99%)       30424M (99%)       30424M (99%)       28162M (92%)    
[49.449s][info][gc,heap     ] GC(41)      Used:     2554M (8%)         2554M (8%)          350M (1%)          294M (1%)         2556M (8%)          294M (1%)     
[49.449s][info][gc,heap     ] GC(41)      Live:         -               207M (1%)          207M (1%)          207M (1%)             -                  -          
[49.449s][info][gc,heap     ] GC(41) Allocated:         -                 0M (0%)           26M (0%)           27M (0%)             -                  -          
[49.449s][info][gc,heap     ] GC(41)   Garbage:         -              2346M (8%)          116M (0%)           58M (0%)             -                  -          
[49.449s][info][gc,heap     ] GC(41) Reclaimed:         -                  -              2230M (7%)         2287M (7%)             -                  -          
[49.449s][info][gc          ] GC(41) Garbage Collection (System.gc()) 2554M(8%)->294M(1%)
[50.156s][info][gc,stats    ] === Garbage Collection Statistics =======================================================================================================================
[50.156s][info][gc,stats    ]                                                              Last 10s              Last 10m              Last 10h                Total
[50.156s][info][gc,stats    ]                                                              Avg / Max             Avg / Max             Avg / Max             Avg / Max
[50.156s][info][gc,stats    ]   Collector: Garbage Collection Cycle                     68.260 / 75.882       86.940 / 744.567      86.940 / 744.567      86.940 / 744.567     ms
[50.156s][info][gc,stats    ]  Contention: Mark Segment Reset Contention                     7 / 17                3 / 17                3 / 17                3 / 17          ops/s
[50.156s][info][gc,stats    ]  Contention: Mark SeqNum Reset Contention                      1 / 3                 0 / 4                 0 / 4                 0 / 4           ops/s
[50.156s][info][gc,stats    ]    Critical: Allocation Stall                                  0 / 0                 0 / 0                 0 / 0                 0 / 0           ops/s
[50.156s][info][gc,stats    ]    Critical: Allocation Stall                              0.000 / 0.000         0.000 / 0.000         0.000 / 0.000         0.000 / 0.000       ms
[50.156s][info][gc,stats    ]    Critical: GC Locker Stall                                   0 / 0                 0 / 0                 0 / 0                 0 / 0           ops/s
[50.156s][info][gc,stats    ]    Critical: GC Locker Stall                               0.000 / 0.000         0.000 / 0.000         0.000 / 0.000         0.000 / 0.000       ms
[50.156s][info][gc,stats    ]    Critical: Relocation Stall                                  0 / 0                 0 / 0                 0 / 0                 0 / 0           ops/s
[50.156s][info][gc,stats    ]    Critical: Relocation Stall                              0.000 / 0.000         0.000 / 0.000         0.000 / 0.000         0.000 / 0.000       ms
[50.156s][info][gc,stats    ]      Memory: Allocation Rate                                2788 / 2922           1859 / 2922           1859 / 2922           1859 / 2922        MB/s
[50.156s][info][gc,stats    ]      Memory: Defragment                                        0 / 0                 0 / 0                 0 / 0                 0 / 0           ops/s
[50.156s][info][gc,stats    ]      Memory: Out Of Memory                                     0 / 0                 0 / 0                 0 / 0                 0 / 0           ops/s
[50.156s][info][gc,stats    ]      Memory: Page Cache Flush                                  0 / 0                 0 / 0                 0 / 0                 0 / 0           MB/s
[50.157s][info][gc,stats    ]      Memory: Page Cache Hit L1                              1383 / 1452            890 / 1452            890 / 1452            890 / 1452        ops/s
[50.157s][info][gc,stats    ]      Memory: Page Cache Hit L2                                 0 / 0                 0 / 0                 0 / 0                 0 / 0           ops/s
[50.157s][info][gc,stats    ]      Memory: Page Cache Hit L3                                 0 / 0                19 / 370              19 / 370              19 / 370         ops/s
[50.157s][info][gc,stats    ]      Memory: Page Cache Miss                                   0 / 0                14 / 539              14 / 539              14 / 539         ops/s
[50.157s][info][gc,stats    ]      Memory: Uncommit                                          0 / 0                 0 / 0                 0 / 0                 0 / 0           MB/s
[50.157s][info][gc,stats    ]      Memory: Undo Object Allocation Failed                     0 / 0                 0 / 0                 0 / 0                 0 / 0           ops/s
[50.157s][info][gc,stats    ]      Memory: Undo Object Allocation Succeeded                  0 / 0                 0 / 2                 0 / 2                 0 / 2           ops/s
[50.157s][info][gc,stats    ]      Memory: Undo Page Allocation                              0 / 0                 0 / 1                 0 / 1                 0 / 1           ops/s
[50.157s][info][gc,stats    ]       Phase: Concurrent Mark                              58.152 / 64.004       72.154 / 593.372      72.154 / 593.372      72.154 / 593.372     ms
[50.157s][info][gc,stats    ]       Phase: Concurrent Mark Continue                      0.000 / 0.000         0.000 / 0.000         0.000 / 0.000         0.000 / 0.000       ms
[50.157s][info][gc,stats    ]       Phase: Concurrent Mark Free                          0.001 / 0.002         0.001 / 0.002         0.001 / 0.002         0.001 / 0.002       ms
[50.157s][info][gc,stats    ]       Phase: Concurrent Process Non-Strong References      2.191 / 2.655         2.332 / 9.680         2.332 / 9.680         2.332 / 9.680       ms
[50.157s][info][gc,stats    ]       Phase: Concurrent Relocate                           2.607 / 3.624         4.247 / 53.884        4.247 / 53.884        4.247 / 53.884      ms
[50.157s][info][gc,stats    ]       Phase: Concurrent Reset Relocation Set               0.004 / 0.006         0.009 / 0.180         0.009 / 0.180         0.009 / 0.180       ms
[50.157s][info][gc,stats    ]       Phase: Concurrent Select Relocation Set              4.313 / 7.594         7.152 / 86.728        7.152 / 86.728        7.152 / 86.728      ms
[50.157s][info][gc,stats    ]       Phase: Pause Mark End                                0.025 / 0.040         0.024 / 0.040         0.024 / 0.040         0.024 / 0.040       ms
[50.157s][info][gc,stats    ]       Phase: Pause Mark Start                              0.015 / 0.017         0.016 / 0.051         0.016 / 0.051         0.016 / 0.051       ms
[50.157s][info][gc,stats    ]       Phase: Pause Relocate Start                          0.008 / 0.011         0.008 / 0.013         0.008 / 0.013         0.008 / 0.013       ms
[50.157s][info][gc,stats    ]    Subphase: Concurrent Classes Purge                      0.050 / 0.088         0.152 / 1.261         0.152 / 1.261         0.152 / 1.261       ms
[50.157s][info][gc,stats    ]    Subphase: Concurrent Classes Unlink                     1.577 / 1.918         1.644 / 8.151         1.644 / 8.151         1.644 / 8.151       ms
[50.157s][info][gc,stats    ]    Subphase: Concurrent Mark                              50.050 / 58.250       63.029 / 588.655      63.029 / 588.655      63.029 / 588.655     ms
[50.157s][info][gc,stats    ]    Subphase: Concurrent Mark Try Flush                     0.134 / 0.325         0.119 / 0.325         0.119 / 0.325         0.119 / 0.325       ms
[50.157s][info][gc,stats    ]    Subphase: Concurrent Mark Try Terminate                 8.715 / 16.535        9.230 / 16.535        9.230 / 16.535        9.230 / 16.535      ms
[50.157s][info][gc,stats    ]    Subphase: Concurrent References Enqueue                 0.003 / 0.005         0.003 / 0.005         0.003 / 0.005         0.003 / 0.005       ms
[50.157s][info][gc,stats    ]    Subphase: Concurrent References Process                 0.110 / 0.148         0.100 / 0.198         0.100 / 0.198         0.100 / 0.198       ms
[50.157s][info][gc,stats    ]    Subphase: Concurrent Roots ClassLoaderDataGraph         0.093 / 0.512         0.092 / 0.735         0.092 / 0.735         0.092 / 0.735       ms
[50.157s][info][gc,stats    ]    Subphase: Concurrent Roots CodeCache                    0.000 / 0.000         0.000 / 0.000         0.000 / 0.000         0.000 / 0.000       ms
[50.157s][info][gc,stats    ]    Subphase: Concurrent Roots JavaThreads                  5.802 / 8.364         6.889 / 11.602        6.889 / 11.602        6.889 / 11.602      ms
[50.158s][info][gc,stats    ]    Subphase: Concurrent Roots OopStorageSet                0.028 / 0.044         0.030 / 0.263         0.030 / 0.263         0.030 / 0.263       ms
[50.158s][info][gc,stats    ]    Subphase: Concurrent Weak Roots OopStorageSet           0.183 / 0.223         0.194 / 0.376         0.194 / 0.376         0.194 / 0.376       ms
[50.158s][info][gc,stats    ]    Subphase: Pause Mark Try Complete                       0.000 / 0.000         0.000 / 0.000         0.000 / 0.000         0.000 / 0.000       ms
[50.158s][info][gc,stats    ]      System: Java Threads                                    265 / 268             219 / 268             219 / 268             219 / 268         threads
[50.158s][info][gc,stats    ] =========================================================================================================================================================
[50.207s][info][gc,start    ] GC(42) Garbage Collection (System.gc())
[50.207s][info][gc,task     ] GC(42) Using 12 workers
[50.207s][info][gc,phases   ] GC(42) Pause Mark Start 0.016ms
[50.267s][info][gc,phases   ] GC(42) Concurrent Mark 59.925ms
[50.267s][info][gc,phases   ] GC(42) Pause Mark End 0.022ms
[50.267s][info][gc,phases   ] GC(42) Concurrent Mark Free 0.001ms
[50.269s][info][gc,phases   ] GC(42) Concurrent Process Non-Strong References 2.214ms
[50.269s][info][gc,phases   ] GC(42) Concurrent Reset Relocation Set 0.003ms
[50.272s][info][gc,phases   ] GC(42) Concurrent Select Relocation Set 2.584ms
[50.272s][info][gc,phases   ] GC(42) Pause Relocate Start 0.018ms
[50.275s][info][gc,phases   ] GC(42) Concurrent Relocate 2.971ms
[50.275s][info][gc,load     ] GC(42) Load: 0.00/0.00/0.00
[50.275s][info][gc,mmu      ] GC(42) MMU: 2ms/97.5%, 5ms/99.0%, 10ms/99.5%, 20ms/99.7%, 50ms/99.9%, 100ms/99.9%
[50.275s][info][gc,marking  ] GC(42) Mark: 8 stripe(s), 2 proactive flush(es), 1 terminate flush(es), 0 completion(s), 0 continuation(s) 
[50.275s][info][gc,marking  ] GC(42) Mark Stack Usage: 32M
[50.275s][info][gc,nmethod  ] GC(42) NMethods: 8793 registered, 420 unregistered
[50.275s][info][gc,metaspace] GC(42) Metaspace: 59M used, 60M committed, 1088M reserved
[50.275s][info][gc,ref      ] GC(42) Soft: 4711 encountered, 0 discovered, 0 enqueued
[50.275s][info][gc,ref      ] GC(42) Weak: 6202 encountered, 2337 discovered, 208 enqueued
[50.275s][info][gc,ref      ] GC(42) Final: 232 encountered, 5 discovered, 0 enqueued
[50.275s][info][gc,ref      ] GC(42) Phantom: 609 encountered, 514 discovered, 0 enqueued
[50.275s][info][gc,reloc    ] GC(42) Small Pages: 1228 / 2456M, Empty: 2180M, Relocated: 3M, In-Place: 0
[50.275s][info][gc,reloc    ] GC(42) Medium Pages: 2 / 64M, Empty: 32M, Relocated: 0M, In-Place: 0
[50.275s][info][gc,reloc    ] GC(42) Large Pages: 5 / 30M, Empty: 18M, Relocated: 0M, In-Place: 0
[50.275s][info][gc,reloc    ] GC(42) Forwarding Usage: 1M
[50.275s][info][gc,heap     ] GC(42) Min Capacity: 8M(0%)
[50.275s][info][gc,heap     ] GC(42) Max Capacity: 30718M(100%)
[50.275s][info][gc,heap     ] GC(42) Soft Max Capacity: 30718M(100%)
[50.276s][info][gc,heap     ] GC(42)                Mark Start          Mark End        Relocate Start      Relocate End           High               Low         
[50.276s][info][gc,heap     ] GC(42)  Capacity:     3482M (11%)        3482M (11%)        3482M (11%)        3482M (11%)        3482M (11%)        3482M (11%)    
[50.276s][info][gc,heap     ] GC(42)      Free:    28168M (92%)       28166M (92%)       30368M (99%)       30418M (99%)       30418M (99%)       28162M (92%)    
[50.276s][info][gc,heap     ] GC(42)      Used:     2550M (8%)         2552M (8%)          350M (1%)          300M (1%)         2556M (8%)          300M (1%)     
[50.276s][info][gc,heap     ] GC(42)      Live:         -               207M (1%)          207M (1%)          207M (1%)             -                  -          
[50.276s][info][gc,heap     ] GC(42) Allocated:         -                 2M (0%)           30M (0%)           33M (0%)             -                  -          
[50.276s][info][gc,heap     ] GC(42)   Garbage:         -              2342M (8%)          112M (0%)           58M (0%)             -                  -          
[50.276s][info][gc,heap     ] GC(42) Reclaimed:         -                  -              2230M (7%)         2283M (7%)             -                  -          
[50.276s][info][gc          ] GC(42) Garbage Collection (System.gc()) 2550M(8%)->300M(1%)
[51.016s][info][gc,start    ] GC(43) Garbage Collection (System.gc())
[51.016s][info][gc,task     ] GC(43) Using 12 workers
[51.016s][info][gc,phases   ] GC(43) Pause Mark Start 0.017ms
[51.085s][info][gc,phases   ] GC(43) Concurrent Mark 68.283ms
[51.085s][info][gc,phases   ] GC(43) Pause Mark End 0.023ms
[51.085s][info][gc,phases   ] GC(43) Concurrent Mark Free 0.001ms
[51.088s][info][gc,phases   ] GC(43) Concurrent Process Non-Strong References 2.435ms
[51.088s][info][gc,phases   ] GC(43) Concurrent Reset Relocation Set 0.005ms
[51.091s][info][gc,phases   ] GC(43) Concurrent Select Relocation Set 3.716ms
[51.092s][info][gc,phases   ] GC(43) Pause Relocate Start 0.009ms
[51.093s][info][gc,phases   ] GC(43) Concurrent Relocate 1.317ms
[51.093s][info][gc,load     ] GC(43) Load: 0.00/0.00/0.00
[51.093s][info][gc,mmu      ] GC(43) MMU: 2ms/97.5%, 5ms/99.0%, 10ms/99.5%, 20ms/99.7%, 50ms/99.9%, 100ms/99.9%
[51.093s][info][gc,marking  ] GC(43) Mark: 8 stripe(s), 2 proactive flush(es), 1 terminate flush(es), 0 completion(s), 0 continuation(s) 
[51.093s][info][gc,marking  ] GC(43) Mark Stack Usage: 32M
[51.093s][info][gc,nmethod  ] GC(43) NMethods: 8805 registered, 431 unregistered
[51.093s][info][gc,metaspace] GC(43) Metaspace: 59M used, 60M committed, 1088M reserved
[51.093s][info][gc,ref      ] GC(43) Soft: 4711 encountered, 0 discovered, 0 enqueued
[51.093s][info][gc,ref      ] GC(43) Weak: 6183 encountered, 2352 discovered, 202 enqueued
[51.093s][info][gc,ref      ] GC(43) Final: 232 encountered, 102 discovered, 0 enqueued
[51.093s][info][gc,ref      ] GC(43) Phantom: 609 encountered, 297 discovered, 0 enqueued
[51.093s][info][gc,reloc    ] GC(43) Small Pages: 1229 / 2458M, Empty: 2180M, Relocated: 3M, In-Place: 0
[51.093s][info][gc,reloc    ] GC(43) Medium Pages: 2 / 64M, Empty: 32M, Relocated: 0M, In-Place: 0
[51.093s][info][gc,reloc    ] GC(43) Large Pages: 5 / 30M, Empty: 18M, Relocated: 0M, In-Place: 0
[51.093s][info][gc,reloc    ] GC(43) Forwarding Usage: 1M
[51.093s][info][gc,heap     ] GC(43) Min Capacity: 8M(0%)
[51.093s][info][gc,heap     ] GC(43) Max Capacity: 30718M(100%)
[51.093s][info][gc,heap     ] GC(43) Soft Max Capacity: 30718M(100%)
[51.093s][info][gc,heap     ] GC(43)                Mark Start          Mark End        Relocate Start      Relocate End           High               Low         
[51.094s][info][gc,heap     ] GC(43)  Capacity:     3482M (11%)        3482M (11%)        3482M (11%)        3482M (11%)        3482M (11%)        3482M (11%)    
[51.094s][info][gc,heap     ] GC(43)      Free:    28166M (92%)       28164M (92%)       30368M (99%)       30422M (99%)       30422M (99%)       28164M (92%)    
[51.094s][info][gc,heap     ] GC(43)      Used:     2552M (8%)         2554M (8%)          350M (1%)          296M (1%)         2554M (8%)          296M (1%)     
[51.094s][info][gc,heap     ] GC(43)      Live:         -               207M (1%)          207M (1%)          207M (1%)             -                  -          
[51.094s][info][gc,heap     ] GC(43) Allocated:         -                 2M (0%)           28M (0%)           29M (0%)             -                  -          
[51.094s][info][gc,heap     ] GC(43)   Garbage:         -              2344M (8%)          114M (0%)           58M (0%)             -                  -          
[51.094s][info][gc,heap     ] GC(43) Reclaimed:         -                  -              2230M (7%)         2285M (7%)             -                  -          
[51.094s][info][gc          ] GC(43) Garbage Collection (System.gc()) 2552M(8%)->296M(1%)
[51.845s][info][gc,start    ] GC(44) Garbage Collection (System.gc())
[51.845s][info][gc,task     ] GC(44) Using 12 workers
[51.845s][info][gc,phases   ] GC(44) Pause Mark Start 0.016ms
[51.905s][info][gc,phases   ] GC(44) Concurrent Mark 59.981ms
[51.905s][info][gc,phases   ] GC(44) Pause Mark End 0.037ms
[51.905s][info][gc,phases   ] GC(44) Concurrent Mark Free 0.001ms
[51.908s][info][gc,phases   ] GC(44) Concurrent Process Non-Strong References 2.432ms
[51.908s][info][gc,phases   ] GC(44) Concurrent Reset Relocation Set 0.005ms
[51.912s][info][gc,phases   ] GC(44) Concurrent Select Relocation Set 3.736ms
[51.912s][info][gc,phases   ] GC(44) Pause Relocate Start 0.007ms
[51.914s][info][gc,phases   ] GC(44) Concurrent Relocate 1.996ms
[51.914s][info][gc,load     ] GC(44) Load: 0.00/0.00/0.00
[51.914s][info][gc,mmu      ] GC(44) MMU: 2ms/97.5%, 5ms/99.0%, 10ms/99.5%, 20ms/99.7%, 50ms/99.9%, 100ms/99.9%
[51.914s][info][gc,marking  ] GC(44) Mark: 8 stripe(s), 3 proactive flush(es), 1 terminate flush(es), 0 completion(s), 0 continuation(s) 
[51.914s][info][gc,marking  ] GC(44) Mark Stack Usage: 32M
[51.914s][info][gc,nmethod  ] GC(44) NMethods: 8814 registered, 442 unregistered
[51.914s][info][gc,metaspace] GC(44) Metaspace: 59M used, 60M committed, 1088M reserved
[51.914s][info][gc,ref      ] GC(44) Soft: 4711 encountered, 0 discovered, 0 enqueued
[51.914s][info][gc,ref      ] GC(44) Weak: 6207 encountered, 2020 discovered, 209 enqueued
[51.914s][info][gc,ref      ] GC(44) Final: 232 encountered, 5 discovered, 0 enqueued
[51.914s][info][gc,ref      ] GC(44) Phantom: 609 encountered, 586 discovered, 0 enqueued
[51.914s][info][gc,reloc    ] GC(44) Small Pages: 1231 / 2462M, Empty: 2182M, Relocated: 3M, In-Place: 0
[51.914s][info][gc,reloc    ] GC(44) Medium Pages: 2 / 64M, Empty: 32M, Relocated: 0M, In-Place: 0
[51.914s][info][gc,reloc    ] GC(44) Large Pages: 5 / 30M, Empty: 18M, Relocated: 0M, In-Place: 0
[51.914s][info][gc,reloc    ] GC(44) Forwarding Usage: 1M
[51.914s][info][gc,heap     ] GC(44) Min Capacity: 8M(0%)
[51.915s][info][gc,heap     ] GC(44) Max Capacity: 30718M(100%)
[51.915s][info][gc,heap     ] GC(44) Soft Max Capacity: 30718M(100%)
[51.915s][info][gc,heap     ] GC(44)                Mark Start          Mark End        Relocate Start      Relocate End           High               Low         
[51.915s][info][gc,heap     ] GC(44)  Capacity:     3482M (11%)        3482M (11%)        3482M (11%)        3482M (11%)        3482M (11%)        3482M (11%)    
[51.915s][info][gc,heap     ] GC(44)      Free:    28162M (92%)       28160M (92%)       30362M (99%)       30418M (99%)       30418M (99%)       28160M (92%)    
[51.915s][info][gc,heap     ] GC(44)      Used:     2556M (8%)         2558M (8%)          356M (1%)          300M (1%)         2558M (8%)          300M (1%)     
[51.915s][info][gc,heap     ] GC(44)      Live:         -               207M (1%)          207M (1%)          207M (1%)             -                  -          
[51.915s][info][gc,heap     ] GC(44) Allocated:         -                 2M (0%)           32M (0%)           33M (0%)             -                  -          
[51.915s][info][gc,heap     ] GC(44)   Garbage:         -              2348M (8%)          116M (0%)           58M (0%)             -                  -          
[51.915s][info][gc,heap     ] GC(44) Reclaimed:         -                  -              2232M (7%)         2289M (7%)             -                  -          
[51.915s][info][gc          ] GC(44) Garbage Collection (System.gc()) 2556M(8%)->300M(1%)
[52.667s][info][gc,start    ] GC(45) Garbage Collection (System.gc())
[52.667s][info][gc,task     ] GC(45) Using 12 workers
[52.668s][info][gc,phases   ] GC(45) Pause Mark Start 0.015ms
[52.717s][info][gc,phases   ] GC(45) Concurrent Mark 49.671ms
[52.718s][info][gc,phases   ] GC(45) Pause Mark End 0.021ms
[52.718s][info][gc,phases   ] GC(45) Concurrent Mark Free 0.001ms
[52.720s][info][gc,phases   ] GC(45) Concurrent Process Non-Strong References 2.015ms
[52.720s][info][gc,phases   ] GC(45) Concurrent Reset Relocation Set 0.003ms
[52.723s][info][gc,phases   ] GC(45) Concurrent Select Relocation Set 3.489ms
[52.723s][info][gc,phases   ] GC(45) Pause Relocate Start 0.007ms
[52.724s][info][gc,phases   ] GC(45) Concurrent Relocate 0.845ms
[52.724s][info][gc,load     ] GC(45) Load: 0.00/0.00/0.00
[52.724s][info][gc,mmu      ] GC(45) MMU: 2ms/97.5%, 5ms/99.0%, 10ms/99.5%, 20ms/99.7%, 50ms/99.9%, 100ms/99.9%
[52.724s][info][gc,marking  ] GC(45) Mark: 8 stripe(s), 2 proactive flush(es), 1 terminate flush(es), 0 completion(s), 0 continuation(s) 
[52.724s][info][gc,marking  ] GC(45) Mark Stack Usage: 32M
[52.724s][info][gc,nmethod  ] GC(45) NMethods: 8870 registered, 450 unregistered
[52.724s][info][gc,metaspace] GC(45) Metaspace: 59M used, 60M committed, 1088M reserved
[52.724s][info][gc,ref      ] GC(45) Soft: 4711 encountered, 0 discovered, 0 enqueued
[52.724s][info][gc,ref      ] GC(45) Weak: 6183 encountered, 2430 discovered, 199 enqueued
[52.724s][info][gc,ref      ] GC(45) Final: 232 encountered, 20 discovered, 0 enqueued
[52.724s][info][gc,ref      ] GC(45) Phantom: 609 encountered, 339 discovered, 0 enqueued
[52.724s][info][gc,reloc    ] GC(45) Small Pages: 1231 / 2462M, Empty: 2180M, Relocated: 3M, In-Place: 0
[52.724s][info][gc,reloc    ] GC(45) Medium Pages: 2 / 64M, Empty: 32M, Relocated: 0M, In-Place: 0
[52.724s][info][gc,reloc    ] GC(45) Large Pages: 5 / 30M, Empty: 18M, Relocated: 0M, In-Place: 0
[52.724s][info][gc,reloc    ] GC(45) Forwarding Usage: 1M
[52.724s][info][gc,heap     ] GC(45) Min Capacity: 8M(0%)
[52.724s][info][gc,heap     ] GC(45) Max Capacity: 30718M(100%)
[52.724s][info][gc,heap     ] GC(45) Soft Max Capacity: 30718M(100%)
[52.724s][info][gc,heap     ] GC(45)                Mark Start          Mark End        Relocate Start      Relocate End           High               Low         
[52.724s][info][gc,heap     ] GC(45)  Capacity:     3482M (11%)        3482M (11%)        3482M (11%)        3482M (11%)        3482M (11%)        3482M (11%)    
[52.724s][info][gc,heap     ] GC(45)      Free:    28162M (92%)       28160M (92%)       30360M (99%)       30420M (99%)       30420M (99%)       28160M (92%)    
[52.724s][info][gc,heap     ] GC(45)      Used:     2556M (8%)         2558M (8%)          358M (1%)          298M (1%)         2558M (8%)          298M (1%)     
[52.724s][info][gc,heap     ] GC(45)      Live:         -               207M (1%)          207M (1%)          207M (1%)             -                  -          
[52.724s][info][gc,heap     ] GC(45) Allocated:         -                 2M (0%)           32M (0%)           32M (0%)             -                  -          
[52.724s][info][gc,heap     ] GC(45)   Garbage:         -              2348M (8%)          118M (0%)           58M (0%)             -                  -          
[52.724s][info][gc,heap     ] GC(45) Reclaimed:         -                  -              2230M (7%)         2290M (7%)             -                  -          
[52.725s][info][gc          ] GC(45) Garbage Collection (System.gc()) 2556M(8%)->298M(1%)
[53.476s][info][gc,start    ] GC(46) Garbage Collection (System.gc())
[53.476s][info][gc,task     ] GC(46) Using 12 workers
[53.476s][info][gc,phases   ] GC(46) Pause Mark Start 0.015ms
[53.536s][info][gc,phases   ] GC(46) Concurrent Mark 60.091ms
[53.536s][info][gc,phases   ] GC(46) Pause Mark End 0.027ms
[53.536s][info][gc,phases   ] GC(46) Concurrent Mark Free 0.001ms
[53.539s][info][gc,phases   ] GC(46) Concurrent Process Non-Strong References 2.511ms
[53.539s][info][gc,phases   ] GC(46) Concurrent Reset Relocation Set 0.007ms
[53.545s][info][gc,phases   ] GC(46) Concurrent Select Relocation Set 5.932ms
[53.545s][info][gc,phases   ] GC(46) Pause Relocate Start 0.008ms
[53.547s][info][gc,phases   ] GC(46) Concurrent Relocate 1.574ms
[53.547s][info][gc,load     ] GC(46) Load: 0.00/0.00/0.00
[53.547s][info][gc,mmu      ] GC(46) MMU: 2ms/97.5%, 5ms/99.0%, 10ms/99.5%, 20ms/99.7%, 50ms/99.9%, 100ms/99.9%
[53.547s][info][gc,marking  ] GC(46) Mark: 8 stripe(s), 2 proactive flush(es), 1 terminate flush(es), 0 completion(s), 0 continuation(s) 
[53.547s][info][gc,marking  ] GC(46) Mark Stack Usage: 32M
[53.547s][info][gc,nmethod  ] GC(46) NMethods: 9051 registered, 458 unregistered
[53.547s][info][gc,metaspace] GC(46) Metaspace: 59M used, 60M committed, 1088M reserved
[53.547s][info][gc,ref      ] GC(46) Soft: 4711 encountered, 0 discovered, 0 enqueued
[53.547s][info][gc,ref      ] GC(46) Weak: 6207 encountered, 2471 discovered, 208 enqueued
[53.547s][info][gc,ref      ] GC(46) Final: 232 encountered, 38 discovered, 0 enqueued
[53.547s][info][gc,ref      ] GC(46) Phantom: 609 encountered, 579 discovered, 0 enqueued
[53.547s][info][gc,reloc    ] GC(46) Small Pages: 1230 / 2460M, Empty: 2180M, Relocated: 3M, In-Place: 0
[53.547s][info][gc,reloc    ] GC(46) Medium Pages: 2 / 64M, Empty: 32M, Relocated: 0M, In-Place: 0
[53.547s][info][gc,reloc    ] GC(46) Large Pages: 5 / 30M, Empty: 18M, Relocated: 0M, In-Place: 0
[53.547s][info][gc,reloc    ] GC(46) Forwarding Usage: 1M
[53.547s][info][gc,heap     ] GC(46) Min Capacity: 8M(0%)
[53.547s][info][gc,heap     ] GC(46) Max Capacity: 30718M(100%)
[53.547s][info][gc,heap     ] GC(46) Soft Max Capacity: 30718M(100%)
[53.547s][info][gc,heap     ] GC(46)                Mark Start          Mark End        Relocate Start      Relocate End           High               Low         
[53.547s][info][gc,heap     ] GC(46)  Capacity:     3482M (11%)        3482M (11%)        3482M (11%)        3482M (11%)        3482M (11%)        3482M (11%)    
[53.547s][info][gc,heap     ] GC(46)      Free:    28164M (92%)       28162M (92%)       30364M (99%)       30422M (99%)       30422M (99%)       28162M (92%)    
[53.547s][info][gc,heap     ] GC(46)      Used:     2554M (8%)         2556M (8%)          354M (1%)          296M (1%)         2556M (8%)          296M (1%)     
[53.547s][info][gc,heap     ] GC(46)      Live:         -               207M (1%)          207M (1%)          207M (1%)             -                  -          
[53.547s][info][gc,heap     ] GC(46) Allocated:         -                 2M (0%)           30M (0%)           30M (0%)             -                  -          
[53.548s][info][gc,heap     ] GC(46)   Garbage:         -              2346M (8%)          116M (0%)           58M (0%)             -                  -          
[53.548s][info][gc,heap     ] GC(46) Reclaimed:         -                  -              2230M (7%)         2288M (7%)             -                  -          
[53.548s][info][gc          ] GC(46) Garbage Collection (System.gc()) 2554M(8%)->296M(1%)
[54.330s][info][gc,start    ] GC(47) Garbage Collection (System.gc())
[54.330s][info][gc,task     ] GC(47) Using 12 workers
[54.331s][info][gc,phases   ] GC(47) Pause Mark Start 0.016ms
[54.380s][info][gc,phases   ] GC(47) Concurrent Mark 49.505ms
[54.380s][info][gc,phases   ] GC(47) Pause Mark End 0.024ms
[54.380s][info][gc,phases   ] GC(47) Concurrent Mark Free 0.001ms
[54.382s][info][gc,phases   ] GC(47) Concurrent Process Non-Strong References 2.080ms
[54.383s][info][gc,phases   ] GC(47) Concurrent Reset Relocation Set 0.004ms
[54.387s][info][gc,phases   ] GC(47) Concurrent Select Relocation Set 4.606ms
[54.387s][info][gc,phases   ] GC(47) Pause Relocate Start 0.006ms
[54.389s][info][gc,phases   ] GC(47) Concurrent Relocate 1.489ms
[54.389s][info][gc,load     ] GC(47) Load: 0.00/0.00/0.00
[54.389s][info][gc,mmu      ] GC(47) MMU: 2ms/97.5%, 5ms/99.0%, 10ms/99.5%, 20ms/99.7%, 50ms/99.9%, 100ms/99.9%
[54.389s][info][gc,marking  ] GC(47) Mark: 8 stripe(s), 1 proactive flush(es), 1 terminate flush(es), 0 completion(s), 0 continuation(s) 
[54.389s][info][gc,marking  ] GC(47) Mark Stack Usage: 32M
[54.389s][info][gc,nmethod  ] GC(47) NMethods: 9073 registered, 470 unregistered
[54.389s][info][gc,metaspace] GC(47) Metaspace: 59M used, 60M committed, 1088M reserved
[54.389s][info][gc,ref      ] GC(47) Soft: 4711 encountered, 0 discovered, 0 enqueued
[54.389s][info][gc,ref      ] GC(47) Weak: 6183 encountered, 3028 discovered, 199 enqueued
[54.389s][info][gc,ref      ] GC(47) Final: 232 encountered, 116 discovered, 0 enqueued
[54.389s][info][gc,ref      ] GC(47) Phantom: 609 encountered, 520 discovered, 0 enqueued
[54.389s][info][gc,reloc    ] GC(47) Small Pages: 1229 / 2458M, Empty: 2182M, Relocated: 3M, In-Place: 0
[54.389s][info][gc,reloc    ] GC(47) Medium Pages: 2 / 64M, Empty: 32M, Relocated: 0M, In-Place: 0
[54.389s][info][gc,reloc    ] GC(47) Large Pages: 5 / 30M, Empty: 18M, Relocated: 0M, In-Place: 0
[54.389s][info][gc,reloc    ] GC(47) Forwarding Usage: 1M
[54.389s][info][gc,heap     ] GC(47) Min Capacity: 8M(0%)
[54.389s][info][gc,heap     ] GC(47) Max Capacity: 30718M(100%)
[54.389s][info][gc,heap     ] GC(47) Soft Max Capacity: 30718M(100%)
[54.389s][info][gc,heap     ] GC(47)                Mark Start          Mark End        Relocate Start      Relocate End           High               Low         
[54.389s][info][gc,heap     ] GC(47)  Capacity:     3482M (11%)        3482M (11%)        3482M (11%)        3482M (11%)        3482M (11%)        3482M (11%)    
[54.389s][info][gc,heap     ] GC(47)      Free:    28166M (92%)       28166M (92%)       30366M (99%)       30420M (99%)       30420M (99%)       28164M (92%)    
[54.389s][info][gc,heap     ] GC(47)      Used:     2552M (8%)         2552M (8%)          352M (1%)          298M (1%)         2554M (8%)          298M (1%)     
[54.389s][info][gc,heap     ] GC(47)      Live:         -               207M (1%)          207M (1%)          207M (1%)             -                  -          
[54.389s][info][gc,heap     ] GC(47) Allocated:         -                 0M (0%)           32M (0%)           32M (0%)             -                  -          
[54.389s][info][gc,heap     ] GC(47)   Garbage:         -              2344M (8%)          112M (0%)           58M (0%)             -                  -          
[54.389s][info][gc,heap     ] GC(47) Reclaimed:         -                  -              2232M (7%)         2286M (7%)             -                  -          
[54.389s][info][gc          ] GC(47) Garbage Collection (System.gc()) 2552M(8%)->298M(1%)
[55.142s][info][gc,start    ] GC(48) Garbage Collection (System.gc())
[55.142s][info][gc,task     ] GC(48) Using 12 workers
[55.142s][info][gc,phases   ] GC(48) Pause Mark Start 0.016ms
[55.203s][info][gc,phases   ] GC(48) Concurrent Mark 60.307ms
[55.203s][info][gc,phases   ] GC(48) Pause Mark End 0.034ms
[55.203s][info][gc,phases   ] GC(48) Concurrent Mark Free 0.001ms
[55.206s][info][gc,phases   ] GC(48) Concurrent Process Non-Strong References 2.362ms
[55.206s][info][gc,phases   ] GC(48) Concurrent Reset Relocation Set 0.005ms
[55.209s][info][gc,phases   ] GC(48) Concurrent Select Relocation Set 3.808ms
[55.210s][info][gc,phases   ] GC(48) Pause Relocate Start 0.008ms
[55.212s][info][gc,phases   ] GC(48) Concurrent Relocate 2.388ms
[55.212s][info][gc,load     ] GC(48) Load: 0.00/0.00/0.00
[55.212s][info][gc,mmu      ] GC(48) MMU: 2ms/97.5%, 5ms/99.0%, 10ms/99.5%, 20ms/99.7%, 50ms/99.9%, 100ms/99.9%
[55.212s][info][gc,marking  ] GC(48) Mark: 8 stripe(s), 1 proactive flush(es), 1 terminate flush(es), 0 completion(s), 0 continuation(s) 
[55.212s][info][gc,marking  ] GC(48) Mark Stack Usage: 32M
[55.212s][info][gc,nmethod  ] GC(48) NMethods: 9081 registered, 475 unregistered
[55.212s][info][gc,metaspace] GC(48) Metaspace: 59M used, 60M committed, 1088M reserved
[55.212s][info][gc,ref      ] GC(48) Soft: 4711 encountered, 0 discovered, 0 enqueued
[55.212s][info][gc,ref      ] GC(48) Weak: 6206 encountered, 2706 discovered, 207 enqueued
[55.212s][info][gc,ref      ] GC(48) Final: 232 encountered, 3 discovered, 0 enqueued
[55.212s][info][gc,ref      ] GC(48) Phantom: 609 encountered, 506 discovered, 0 enqueued
[55.212s][info][gc,reloc    ] GC(48) Small Pages: 1230 / 2460M, Empty: 2180M, Relocated: 3M, In-Place: 0
[55.212s][info][gc,reloc    ] GC(48) Medium Pages: 2 / 64M, Empty: 32M, Relocated: 0M, In-Place: 0
[55.212s][info][gc,reloc    ] GC(48) Large Pages: 5 / 30M, Empty: 18M, Relocated: 0M, In-Place: 0
[55.212s][info][gc,reloc    ] GC(48) Forwarding Usage: 1M
[55.212s][info][gc,heap     ] GC(48) Min Capacity: 8M(0%)
[55.212s][info][gc,heap     ] GC(48) Max Capacity: 30718M(100%)
[55.212s][info][gc,heap     ] GC(48) Soft Max Capacity: 30718M(100%)
[55.213s][info][gc,heap     ] GC(48)                Mark Start          Mark End        Relocate Start      Relocate End           High               Low         
[55.213s][info][gc,heap     ] GC(48)  Capacity:     3482M (11%)        3482M (11%)        3482M (11%)        3482M (11%)        3482M (11%)        3482M (11%)    
[55.213s][info][gc,heap     ] GC(48)      Free:    28164M (92%)       28164M (92%)       30364M (99%)       30420M (99%)       30420M (99%)       28162M (92%)    
[55.213s][info][gc,heap     ] GC(48)      Used:     2554M (8%)         2554M (8%)          354M (1%)          298M (1%)         2556M (8%)          298M (1%)     
[55.213s][info][gc,heap     ] GC(48)      Live:         -               207M (1%)          207M (1%)          207M (1%)             -                  -          
[55.213s][info][gc,heap     ] GC(48) Allocated:         -                 0M (0%)           30M (0%)           31M (0%)             -                  -          
[55.213s][info][gc,heap     ] GC(48)   Garbage:         -              2346M (8%)          116M (0%)           58M (0%)             -                  -          
[55.213s][info][gc,heap     ] GC(48) Reclaimed:         -                  -              2230M (7%)         2287M (7%)             -                  -          
[55.213s][info][gc          ] GC(48) Garbage Collection (System.gc()) 2554M(8%)->298M(1%)
[55.968s][info][gc,start    ] GC(49) Garbage Collection (System.gc())
[55.968s][info][gc,task     ] GC(49) Using 12 workers
[55.968s][info][gc,phases   ] GC(49) Pause Mark Start 0.016ms
[56.043s][info][gc,phases   ] GC(49) Concurrent Mark 74.618ms
[56.043s][info][gc,phases   ] GC(49) Pause Mark End 0.035ms
[56.043s][info][gc,phases   ] GC(49) Concurrent Mark Free 0.001ms
[56.045s][info][gc,phases   ] GC(49) Concurrent Process Non-Strong References 2.410ms
[56.045s][info][gc,phases   ] GC(49) Concurrent Reset Relocation Set 0.004ms
[56.050s][info][gc,phases   ] GC(49) Concurrent Select Relocation Set 4.602ms
[56.050s][info][gc,phases   ] GC(49) Pause Relocate Start 0.011ms
[56.052s][info][gc,phases   ] GC(49) Concurrent Relocate 1.509ms
[56.052s][info][gc,load     ] GC(49) Load: 0.00/0.00/0.00
[56.052s][info][gc,mmu      ] GC(49) MMU: 2ms/97.5%, 5ms/99.0%, 10ms/99.5%, 20ms/99.7%, 50ms/99.9%, 100ms/99.9%
[56.052s][info][gc,marking  ] GC(49) Mark: 8 stripe(s), 3 proactive flush(es), 1 terminate flush(es), 0 completion(s), 0 continuation(s) 
[56.052s][info][gc,marking  ] GC(49) Mark Stack Usage: 32M
[56.052s][info][gc,nmethod  ] GC(49) NMethods: 9086 registered, 486 unregistered
[56.052s][info][gc,metaspace] GC(49) Metaspace: 59M used, 60M committed, 1088M reserved
[56.052s][info][gc,ref      ] GC(49) Soft: 4711 encountered, 0 discovered, 0 enqueued
[56.052s][info][gc,ref      ] GC(49) Weak: 6185 encountered, 2805 discovered, 199 enqueued
[56.052s][info][gc,ref      ] GC(49) Final: 232 encountered, 6 discovered, 0 enqueued
[56.052s][info][gc,ref      ] GC(49) Phantom: 609 encountered, 336 discovered, 0 enqueued
[56.052s][info][gc,reloc    ] GC(49) Small Pages: 1231 / 2462M, Empty: 2182M, Relocated: 3M, In-Place: 0
[56.052s][info][gc,reloc    ] GC(49) Medium Pages: 2 / 64M, Empty: 32M, Relocated: 0M, In-Place: 0
[56.052s][info][gc,reloc    ] GC(49) Large Pages: 5 / 30M, Empty: 18M, Relocated: 0M, In-Place: 0
[56.052s][info][gc,reloc    ] GC(49) Forwarding Usage: 1M
[56.052s][info][gc,heap     ] GC(49) Min Capacity: 8M(0%)
[56.052s][info][gc,heap     ] GC(49) Max Capacity: 30718M(100%)
[56.052s][info][gc,heap     ] GC(49) Soft Max Capacity: 30718M(100%)
[56.052s][info][gc,heap     ] GC(49)                Mark Start          Mark End        Relocate Start      Relocate End           High               Low         
[56.052s][info][gc,heap     ] GC(49)  Capacity:     3482M (11%)        3482M (11%)        3482M (11%)        3482M (11%)        3482M (11%)        3482M (11%)    
[56.052s][info][gc,heap     ] GC(49)      Free:    28162M (92%)       28160M (92%)       30366M (99%)       30424M (99%)       30424M (99%)       28158M (92%)    
[56.052s][info][gc,heap     ] GC(49)      Used:     2556M (8%)         2558M (8%)          352M (1%)          294M (1%)         2560M (8%)          294M (1%)     
[56.052s][info][gc,heap     ] GC(49)      Live:         -               207M (1%)          207M (1%)          207M (1%)             -                  -          
[56.052s][info][gc,heap     ] GC(49) Allocated:         -                 2M (0%)           28M (0%)           28M (0%)             -                  -          
[56.052s][info][gc,heap     ] GC(49)   Garbage:         -              2348M (8%)          116M (0%)           58M (0%)             -                  -          
[56.052s][info][gc,heap     ] GC(49) Reclaimed:         -                  -              2232M (7%)         2290M (7%)             -                  -          
[56.052s][info][gc          ] GC(49) Garbage Collection (System.gc()) 2556M(8%)->294M(1%)
[56.810s][info][gc,start    ] GC(50) Garbage Collection (System.gc())
[56.810s][info][gc,task     ] GC(50) Using 12 workers
[56.811s][info][gc,phases   ] GC(50) Pause Mark Start 0.018ms
[56.862s][info][gc,phases   ] GC(50) Concurrent Mark 51.637ms
[56.863s][info][gc,phases   ] GC(50) Pause Mark End 0.020ms
[56.863s][info][gc,phases   ] GC(50) Concurrent Mark Free 0.001ms
[56.865s][info][gc,phases   ] GC(50) Concurrent Process Non-Strong References 2.062ms
[56.865s][info][gc,phases   ] GC(50) Concurrent Reset Relocation Set 0.005ms
[56.869s][info][gc,phases   ] GC(50) Concurrent Select Relocation Set 3.801ms
[56.869s][info][gc,phases   ] GC(50) Pause Relocate Start 0.006ms
[56.870s][info][gc,phases   ] GC(50) Concurrent Relocate 1.299ms
[56.870s][info][gc,load     ] GC(50) Load: 0.00/0.00/0.00
[56.870s][info][gc,mmu      ] GC(50) MMU: 2ms/97.5%, 5ms/99.0%, 10ms/99.5%, 20ms/99.7%, 50ms/99.9%, 100ms/99.9%
[56.870s][info][gc,marking  ] GC(50) Mark: 8 stripe(s), 2 proactive flush(es), 1 terminate flush(es), 0 completion(s), 0 continuation(s) 
[56.870s][info][gc,marking  ] GC(50) Mark Stack Usage: 32M
[56.870s][info][gc,nmethod  ] GC(50) NMethods: 9120 registered, 491 unregistered
[56.870s][info][gc,metaspace] GC(50) Metaspace: 59M used, 60M committed, 1088M reserved
[56.870s][info][gc,ref      ] GC(50) Soft: 4711 encountered, 0 discovered, 0 enqueued
[56.870s][info][gc,ref      ] GC(50) Weak: 6209 encountered, 2688 discovered, 209 enqueued
[56.870s][info][gc,ref      ] GC(50) Final: 232 encountered, 0 discovered, 0 enqueued
[56.870s][info][gc,ref      ] GC(50) Phantom: 609 encountered, 329 discovered, 0 enqueued
[56.870s][info][gc,reloc    ] GC(50) Small Pages: 1230 / 2460M, Empty: 2178M, Relocated: 3M, In-Place: 0
[56.870s][info][gc,reloc    ] GC(50) Medium Pages: 2 / 64M, Empty: 32M, Relocated: 0M, In-Place: 0
[56.870s][info][gc,reloc    ] GC(50) Large Pages: 5 / 30M, Empty: 18M, Relocated: 0M, In-Place: 0
[56.871s][info][gc,reloc    ] GC(50) Forwarding Usage: 1M
[56.871s][info][gc,heap     ] GC(50) Min Capacity: 8M(0%)
[56.871s][info][gc,heap     ] GC(50) Max Capacity: 30718M(100%)
[56.871s][info][gc,heap     ] GC(50) Soft Max Capacity: 30718M(100%)
[56.871s][info][gc,heap     ] GC(50)                Mark Start          Mark End        Relocate Start      Relocate End           High               Low         
[56.871s][info][gc,heap     ] GC(50)  Capacity:     3482M (11%)        3482M (11%)        3482M (11%)        3482M (11%)        3482M (11%)        3482M (11%)    
[56.871s][info][gc,heap     ] GC(50)      Free:    28164M (92%)       28162M (92%)       30364M (99%)       30424M (99%)       30424M (99%)       28160M (92%)    
[56.871s][info][gc,heap     ] GC(50)      Used:     2554M (8%)         2556M (8%)          354M (1%)          294M (1%)         2558M (8%)          294M (1%)     
[56.871s][info][gc,heap     ] GC(50)      Live:         -               207M (1%)          207M (1%)          207M (1%)             -                  -          
[56.871s][info][gc,heap     ] GC(50) Allocated:         -                 2M (0%)           28M (0%)           28M (0%)             -                  -          
[56.871s][info][gc,heap     ] GC(50)   Garbage:         -              2346M (8%)          118M (0%)           58M (0%)             -                  -          
[56.871s][info][gc,heap     ] GC(50) Reclaimed:         -                  -              2228M (7%)         2288M (7%)             -                  -          
[56.871s][info][gc          ] GC(50) Garbage Collection (System.gc()) 2554M(8%)->294M(1%)
[57.624s][info][gc,start    ] GC(51) Garbage Collection (System.gc())
[57.624s][info][gc,task     ] GC(51) Using 12 workers
[57.624s][info][gc,phases   ] GC(51) Pause Mark Start 0.015ms
[57.682s][info][gc,phases   ] GC(51) Concurrent Mark 57.221ms
[57.682s][info][gc,phases   ] GC(51) Pause Mark End 0.024ms
[57.682s][info][gc,phases   ] GC(51) Concurrent Mark Free 0.001ms
[57.685s][info][gc,phases   ] GC(51) Concurrent Process Non-Strong References 2.622ms
[57.685s][info][gc,phases   ] GC(51) Concurrent Reset Relocation Set 0.005ms
[57.689s][info][gc,phases   ] GC(51) Concurrent Select Relocation Set 3.815ms
[57.689s][info][gc,phases   ] GC(51) Pause Relocate Start 0.008ms
[57.691s][info][gc,phases   ] GC(51) Concurrent Relocate 1.663ms
[57.691s][info][gc,load     ] GC(51) Load: 0.00/0.00/0.00
[57.691s][info][gc,mmu      ] GC(51) MMU: 2ms/97.5%, 5ms/99.0%, 10ms/99.5%, 20ms/99.7%, 50ms/99.9%, 100ms/99.9%
[57.691s][info][gc,marking  ] GC(51) Mark: 8 stripe(s), 3 proactive flush(es), 1 terminate flush(es), 0 completion(s), 0 continuation(s) 
[57.691s][info][gc,marking  ] GC(51) Mark Stack Usage: 32M
[57.691s][info][gc,nmethod  ] GC(51) NMethods: 9159 registered, 497 unregistered
[57.691s][info][gc,metaspace] GC(51) Metaspace: 59M used, 60M committed, 1088M reserved
[57.691s][info][gc,ref      ] GC(51) Soft: 4711 encountered, 0 discovered, 0 enqueued
[57.691s][info][gc,ref      ] GC(51) Weak: 6184 encountered, 2897 discovered, 199 enqueued
[57.691s][info][gc,ref      ] GC(51) Final: 232 encountered, 4 discovered, 0 enqueued
[57.691s][info][gc,ref      ] GC(51) Phantom: 609 encountered, 509 discovered, 0 enqueued
[57.691s][info][gc,reloc    ] GC(51) Small Pages: 1227 / 2454M, Empty: 2180M, Relocated: 3M, In-Place: 0
[57.691s][info][gc,reloc    ] GC(51) Medium Pages: 2 / 64M, Empty: 32M, Relocated: 0M, In-Place: 0
[57.691s][info][gc,reloc    ] GC(51) Large Pages: 5 / 30M, Empty: 18M, Relocated: 0M, In-Place: 0
[57.691s][info][gc,reloc    ] GC(51) Forwarding Usage: 1M
[57.691s][info][gc,heap     ] GC(51) Min Capacity: 8M(0%)
[57.691s][info][gc,heap     ] GC(51) Max Capacity: 30718M(100%)
[57.691s][info][gc,heap     ] GC(51) Soft Max Capacity: 30718M(100%)
[57.691s][info][gc,heap     ] GC(51)                Mark Start          Mark End        Relocate Start      Relocate End           High               Low         
[57.691s][info][gc,heap     ] GC(51)  Capacity:     3482M (11%)        3482M (11%)        3482M (11%)        3482M (11%)        3482M (11%)        3482M (11%)    
[57.691s][info][gc,heap     ] GC(51)      Free:    28170M (92%)       28170M (92%)       30372M (99%)       30420M (99%)       30422M (99%)       28168M (92%)    
[57.691s][info][gc,heap     ] GC(51)      Used:     2548M (8%)         2548M (8%)          346M (1%)          298M (1%)         2550M (8%)          296M (1%)     
[57.691s][info][gc,heap     ] GC(51)      Live:         -               208M (1%)          208M (1%)          208M (1%)             -                  -          
[57.691s][info][gc,heap     ] GC(51) Allocated:         -                 0M (0%)           28M (0%)           31M (0%)             -                  -          
[57.691s][info][gc,heap     ] GC(51)   Garbage:         -              2339M (8%)          109M (0%)           57M (0%)             -                  -          
[57.691s][info][gc,heap     ] GC(51) Reclaimed:         -                  -              2230M (7%)         2281M (7%)             -                  -          
[57.691s][info][gc          ] GC(51) Garbage Collection (System.gc()) 2548M(8%)->298M(1%)
[58.443s][info][gc,start    ] GC(52) Garbage Collection (System.gc())
[58.443s][info][gc,task     ] GC(52) Using 12 workers
[58.444s][info][gc,phases   ] GC(52) Pause Mark Start 0.016ms
[58.519s][info][gc,phases   ] GC(52) Concurrent Mark 75.717ms
[58.520s][info][gc,phases   ] GC(52) Pause Mark End 0.028ms
[58.520s][info][gc,phases   ] GC(52) Concurrent Mark Free 0.001ms
[58.522s][info][gc,phases   ] GC(52) Concurrent Process Non-Strong References 2.456ms
[58.522s][info][gc,phases   ] GC(52) Concurrent Reset Relocation Set 0.004ms
[58.527s][info][gc,phases   ] GC(52) Concurrent Select Relocation Set 4.746ms
[58.527s][info][gc,phases   ] GC(52) Pause Relocate Start 0.020ms
[58.530s][info][gc,phases   ] GC(52) Concurrent Relocate 2.845ms
[58.530s][info][gc,load     ] GC(52) Load: 0.00/0.00/0.00
[58.530s][info][gc,mmu      ] GC(52) MMU: 2ms/97.5%, 5ms/99.0%, 10ms/99.5%, 20ms/99.7%, 50ms/99.9%, 100ms/99.9%
[58.530s][info][gc,marking  ] GC(52) Mark: 8 stripe(s), 4 proactive flush(es), 1 terminate flush(es), 0 completion(s), 0 continuation(s) 
[58.530s][info][gc,marking  ] GC(52) Mark Stack Usage: 32M
[58.530s][info][gc,nmethod  ] GC(52) NMethods: 9174 registered, 505 unregistered
[58.530s][info][gc,metaspace] GC(52) Metaspace: 59M used, 60M committed, 1088M reserved
[58.530s][info][gc,ref      ] GC(52) Soft: 4711 encountered, 0 discovered, 0 enqueued
[58.530s][info][gc,ref      ] GC(52) Weak: 6209 encountered, 2047 discovered, 208 enqueued
[58.530s][info][gc,ref      ] GC(52) Final: 232 encountered, 5 discovered, 0 enqueued
[58.530s][info][gc,ref      ] GC(52) Phantom: 609 encountered, 498 discovered, 0 enqueued
[58.530s][info][gc,reloc    ] GC(52) Small Pages: 1229 / 2458M, Empty: 2180M, Relocated: 4M, In-Place: 0
[58.530s][info][gc,reloc    ] GC(52) Medium Pages: 2 / 64M, Empty: 32M, Relocated: 0M, In-Place: 0
[58.530s][info][gc,reloc    ] GC(52) Large Pages: 5 / 30M, Empty: 18M, Relocated: 0M, In-Place: 0
[58.530s][info][gc,reloc    ] GC(52) Forwarding Usage: 2M
[58.530s][info][gc,heap     ] GC(52) Min Capacity: 8M(0%)
[58.530s][info][gc,heap     ] GC(52) Max Capacity: 30718M(100%)
[58.530s][info][gc,heap     ] GC(52) Soft Max Capacity: 30718M(100%)
[58.530s][info][gc,heap     ] GC(52)                Mark Start          Mark End        Relocate Start      Relocate End           High               Low         
[58.530s][info][gc,heap     ] GC(52)  Capacity:     3482M (11%)        3482M (11%)        3482M (11%)        3482M (11%)        3482M (11%)        3482M (11%)    
[58.530s][info][gc,heap     ] GC(52)      Free:    28166M (92%)       28164M (92%)       30364M (99%)       30422M (99%)       30422M (99%)       28164M (92%)    
[58.530s][info][gc,heap     ] GC(52)      Used:     2552M (8%)         2554M (8%)          354M (1%)          296M (1%)         2554M (8%)          296M (1%)     
[58.530s][info][gc,heap     ] GC(52)      Live:         -               208M (1%)          208M (1%)          208M (1%)             -                  -          
[58.530s][info][gc,heap     ] GC(52) Allocated:         -                 2M (0%)           32M (0%)           31M (0%)             -                  -          
[58.530s][info][gc,heap     ] GC(52)   Garbage:         -              2343M (8%)          113M (0%)           55M (0%)             -                  -          
[58.530s][info][gc,heap     ] GC(52) Reclaimed:         -                  -              2230M (7%)         2287M (7%)             -                  -          
[58.530s][info][gc          ] GC(52) Garbage Collection (System.gc()) 2552M(8%)->296M(1%)
[59.278s][info][gc,start    ] GC(53) Garbage Collection (System.gc())
[59.278s][info][gc,task     ] GC(53) Using 12 workers
[59.278s][info][gc,phases   ] GC(53) Pause Mark Start 0.015ms
[59.339s][info][gc,phases   ] GC(53) Concurrent Mark 60.366ms
[59.339s][info][gc,phases   ] GC(53) Pause Mark End 0.018ms
[59.339s][info][gc,phases   ] GC(53) Concurrent Mark Free 0.001ms
[59.341s][info][gc,phases   ] GC(53) Concurrent Process Non-Strong References 2.190ms
[59.341s][info][gc,phases   ] GC(53) Concurrent Reset Relocation Set 0.004ms
[59.344s][info][gc,phases   ] GC(53) Concurrent Select Relocation Set 2.553ms
[59.344s][info][gc,phases   ] GC(53) Pause Relocate Start 0.006ms
[59.346s][info][gc,phases   ] GC(53) Concurrent Relocate 1.773ms
[59.346s][info][gc,load     ] GC(53) Load: 0.00/0.00/0.00
[59.346s][info][gc,mmu      ] GC(53) MMU: 2ms/97.5%, 5ms/99.0%, 10ms/99.5%, 20ms/99.7%, 50ms/99.9%, 100ms/99.9%
[59.346s][info][gc,marking  ] GC(53) Mark: 8 stripe(s), 2 proactive flush(es), 1 terminate flush(es), 0 completion(s), 0 continuation(s) 
[59.346s][info][gc,marking  ] GC(53) Mark Stack Usage: 32M
[59.346s][info][gc,nmethod  ] GC(53) NMethods: 9192 registered, 512 unregistered
[59.346s][info][gc,metaspace] GC(53) Metaspace: 59M used, 60M committed, 1088M reserved
[59.346s][info][gc,ref      ] GC(53) Soft: 4711 encountered, 0 discovered, 0 enqueued
[59.346s][info][gc,ref      ] GC(53) Weak: 6186 encountered, 2645 discovered, 199 enqueued
[59.346s][info][gc,ref      ] GC(53) Final: 232 encountered, 3 discovered, 0 enqueued
[59.346s][info][gc,ref      ] GC(53) Phantom: 609 encountered, 358 discovered, 0 enqueued
[59.346s][info][gc,reloc    ] GC(53) Small Pages: 1228 / 2456M, Empty: 2180M, Relocated: 4M, In-Place: 0
[59.346s][info][gc,reloc    ] GC(53) Medium Pages: 2 / 64M, Empty: 32M, Relocated: 0M, In-Place: 0
[59.346s][info][gc,reloc    ] GC(53) Large Pages: 5 / 30M, Empty: 18M, Relocated: 0M, In-Place: 0
[59.346s][info][gc,reloc    ] GC(53) Forwarding Usage: 2M
[59.346s][info][gc,heap     ] GC(53) Min Capacity: 8M(0%)
[59.346s][info][gc,heap     ] GC(53) Max Capacity: 30718M(100%)
[59.346s][info][gc,heap     ] GC(53) Soft Max Capacity: 30718M(100%)
[59.346s][info][gc,heap     ] GC(53)                Mark Start          Mark End        Relocate Start      Relocate End           High               Low         
[59.346s][info][gc,heap     ] GC(53)  Capacity:     3482M (11%)        3482M (11%)        3482M (11%)        3482M (11%)        3482M (11%)        3482M (11%)    
[59.346s][info][gc,heap     ] GC(53)      Free:    28168M (92%)       28168M (92%)       30370M (99%)       30424M (99%)       30424M (99%)       28166M (92%)    
[59.346s][info][gc,heap     ] GC(53)      Used:     2550M (8%)         2550M (8%)          348M (1%)          294M (1%)         2552M (8%)          294M (1%)     
[59.346s][info][gc,heap     ] GC(53)      Live:         -               208M (1%)          208M (1%)          208M (1%)             -                  -          
[59.346s][info][gc,heap     ] GC(53) Allocated:         -                 0M (0%)           28M (0%)           29M (0%)             -                  -          
[59.346s][info][gc,heap     ] GC(53)   Garbage:         -              2341M (8%)          111M (0%)           55M (0%)             -                  -          
[59.346s][info][gc,heap     ] GC(53) Reclaimed:         -                  -              2230M (7%)         2285M (7%)             -                  -          
[59.346s][info][gc          ] GC(53) Garbage Collection (System.gc()) 2550M(8%)->294M(1%)
[60.091s][info][gc,start    ] GC(54) Garbage Collection (System.gc())
[60.091s][info][gc,task     ] GC(54) Using 12 workers
[60.092s][info][gc,phases   ] GC(54) Pause Mark Start 0.016ms
[60.147s][info][gc,stats    ] === Garbage Collection Statistics =======================================================================================================================
[60.147s][info][gc,stats    ]                                                              Last 10s              Last 10m              Last 10h                Total
[60.147s][info][gc,stats    ]                                                              Avg / Max             Avg / Max             Avg / Max             Avg / Max
[60.147s][info][gc,stats    ]   Collector: Garbage Collection Cycle                     69.674 / 86.711       83.103 / 744.567      83.103 / 744.567      83.103 / 744.567     ms
[60.147s][info][gc,stats    ]  Contention: Mark Segment Reset Contention                     5 / 14                3 / 17                3 / 17                3 / 17          ops/s
[60.147s][info][gc,stats    ]  Contention: Mark SeqNum Reset Contention                      1 / 4                 0 / 4                 0 / 4                 0 / 4           ops/s
[60.147s][info][gc,stats    ]    Critical: Allocation Stall                                  0 / 0                 0 / 0                 0 / 0                 0 / 0           ops/s
[60.147s][info][gc,stats    ]    Critical: Allocation Stall                              0.000 / 0.000         0.000 / 0.000         0.000 / 0.000         0.000 / 0.000       ms
[60.147s][info][gc,stats    ]    Critical: GC Locker Stall                                   0 / 0                 0 / 0                 0 / 0                 0 / 0           ops/s
[60.147s][info][gc,stats    ]    Critical: GC Locker Stall                               0.000 / 0.000         0.000 / 0.000         0.000 / 0.000         0.000 / 0.000       ms
[60.148s][info][gc,stats    ]    Critical: Relocation Stall                                  0 / 0                 0 / 0                 0 / 0                 0 / 0           ops/s
[60.148s][info][gc,stats    ]    Critical: Relocation Stall                              0.000 / 0.000         0.000 / 0.000         0.000 / 0.000         0.000 / 0.000       ms
[60.148s][info][gc,stats    ]      Memory: Allocation Rate                                2753 / 2946           2008 / 2946           2008 / 2946           2008 / 2946        MB/s
[60.148s][info][gc,stats    ]      Memory: Defragment                                        0 / 0                 0 / 0                 0 / 0                 0 / 0           ops/s
[60.148s][info][gc,stats    ]      Memory: Out Of Memory                                     0 / 0                 0 / 0                 0 / 0                 0 / 0           ops/s
[60.148s][info][gc,stats    ]      Memory: Page Cache Flush                                  0 / 0                 0 / 0                 0 / 0                 0 / 0           MB/s
[60.148s][info][gc,stats    ]      Memory: Page Cache Hit L1                              1365 / 1464            969 / 1464            969 / 1464            969 / 1464        ops/s
[60.148s][info][gc,stats    ]      Memory: Page Cache Hit L2                                 0 / 0                 0 / 0                 0 / 0                 0 / 0           ops/s
[60.148s][info][gc,stats    ]      Memory: Page Cache Hit L3                                 0 / 0                16 / 370              16 / 370              16 / 370         ops/s
[60.148s][info][gc,stats    ]      Memory: Page Cache Miss                                   0 / 0                11 / 539              11 / 539              11 / 539         ops/s
[60.148s][info][gc,stats    ]      Memory: Uncommit                                          0 / 0                 0 / 0                 0 / 0                 0 / 0           MB/s
[60.148s][info][gc,stats    ]      Memory: Undo Object Allocation Failed                     0 / 0                 0 / 0                 0 / 0                 0 / 0           ops/s
[60.148s][info][gc,stats    ]      Memory: Undo Object Allocation Succeeded                  0 / 0                 0 / 2                 0 / 2                 0 / 2           ops/s
[60.148s][info][gc,stats    ]      Memory: Undo Page Allocation                              0 / 0                 0 / 1                 0 / 1                 0 / 1           ops/s
[60.148s][info][gc,stats    ]       Phase: Concurrent Mark                              60.610 / 75.717       69.589 / 593.372      69.589 / 593.372      69.589 / 593.372     ms
[60.148s][info][gc,stats    ]       Phase: Concurrent Mark Continue                      0.000 / 0.000         0.000 / 0.000         0.000 / 0.000         0.000 / 0.000       ms
[60.148s][info][gc,stats    ]       Phase: Concurrent Mark Free                          0.001 / 0.001         0.001 / 0.002         0.001 / 0.002         0.001 / 0.002       ms
[60.148s][info][gc,stats    ]       Phase: Concurrent Process Non-Strong References      2.316 / 2.622         2.329 / 9.680         2.329 / 9.680         2.329 / 9.680       ms
[60.148s][info][gc,stats    ]       Phase: Concurrent Relocate                           1.806 / 2.971         3.704 / 53.884        3.704 / 53.884        3.704 / 53.884      ms
[60.148s][info][gc,stats    ]       Phase: Concurrent Reset Relocation Set               0.004 / 0.007         0.008 / 0.180         0.008 / 0.180         0.008 / 0.180       ms
[60.148s][info][gc,stats    ]       Phase: Concurrent Select Relocation Set              3.949 / 5.932         6.440 / 86.728        6.440 / 86.728        6.440 / 86.728      ms
[60.148s][info][gc,stats    ]       Phase: Pause Mark End                                0.026 / 0.037         0.024 / 0.040         0.024 / 0.040         0.024 / 0.040       ms
[60.148s][info][gc,stats    ]       Phase: Pause Mark Start                              0.016 / 0.018         0.016 / 0.051         0.016 / 0.051         0.016 / 0.051       ms
[60.148s][info][gc,stats    ]       Phase: Pause Relocate Start                          0.009 / 0.020         0.008 / 0.020         0.008 / 0.020         0.008 / 0.020       ms
[60.148s][info][gc,stats    ]    Subphase: Concurrent Classes Purge                      0.059 / 0.144         0.131 / 1.261         0.131 / 1.261         0.131 / 1.261       ms
[60.148s][info][gc,stats    ]    Subphase: Concurrent Classes Unlink                     1.701 / 1.928         1.657 / 8.151         1.657 / 8.151         1.657 / 8.151       ms
[60.148s][info][gc,stats    ]    Subphase: Concurrent Mark                              54.072 / 69.887       61.039 / 588.655      61.039 / 588.655      61.039 / 588.655     ms
[60.148s][info][gc,stats    ]    Subphase: Concurrent Mark Try Flush                     0.162 / 0.357         0.129 / 0.357         0.129 / 0.357         0.129 / 0.357       ms
[60.148s][info][gc,stats    ]    Subphase: Concurrent Mark Try Terminate                 9.574 / 16.641        9.315 / 16.641        9.315 / 16.641        9.315 / 16.641      ms
[60.148s][info][gc,stats    ]    Subphase: Concurrent References Enqueue                 0.004 / 0.013         0.003 / 0.013         0.003 / 0.013         0.003 / 0.013       ms
[60.148s][info][gc,stats    ]    Subphase: Concurrent References Process                 0.111 / 0.174         0.103 / 0.198         0.103 / 0.198         0.103 / 0.198       ms
[60.148s][info][gc,stats    ]    Subphase: Concurrent Roots ClassLoaderDataGraph         0.100 / 0.656         0.094 / 0.735         0.094 / 0.735         0.094 / 0.735       ms
[60.148s][info][gc,stats    ]    Subphase: Concurrent Roots CodeCache                    0.000 / 0.000         0.000 / 0.000         0.000 / 0.000         0.000 / 0.000       ms
[60.148s][info][gc,stats    ]    Subphase: Concurrent Roots JavaThreads                  5.278 / 7.081         6.506 / 11.602        6.506 / 11.602        6.506 / 11.602      ms
[60.148s][info][gc,stats    ]    Subphase: Concurrent Roots OopStorageSet                0.028 / 0.042         0.030 / 0.263         0.030 / 0.263         0.030 / 0.263       ms
[60.148s][info][gc,stats    ]    Subphase: Concurrent Weak Roots OopStorageSet           0.170 / 0.207         0.189 / 0.376         0.189 / 0.376         0.189 / 0.376       ms
[60.148s][info][gc,stats    ]    Subphase: Pause Mark Try Complete                       0.000 / 0.000         0.000 / 0.000         0.000 / 0.000         0.000 / 0.000       ms
[60.148s][info][gc,stats    ]      System: Java Threads                                    265 / 268             229 / 268             229 / 268             229 / 268         threads
[60.148s][info][gc,stats    ] =========================================================================================================================================================
[60.149s][info][gc,phases   ] GC(54) Concurrent Mark 57.764ms
[60.150s][info][gc,phases   ] GC(54) Pause Mark End 0.026ms
[60.150s][info][gc,phases   ] GC(54) Concurrent Mark Free 0.001ms
[60.152s][info][gc,phases   ] GC(54) Concurrent Process Non-Strong References 2.204ms
[60.152s][info][gc,phases   ] GC(54) Concurrent Reset Relocation Set 0.003ms
[60.154s][info][gc,phases   ] GC(54) Concurrent Select Relocation Set 2.521ms
[60.154s][info][gc,phases   ] GC(54) Pause Relocate Start 0.007ms
[60.156s][info][gc,phases   ] GC(54) Concurrent Relocate 1.868ms
[60.156s][info][gc,load     ] GC(54) Load: 0.00/0.00/0.00
[60.156s][info][gc,mmu      ] GC(54) MMU: 2ms/97.5%, 5ms/99.0%, 10ms/99.5%, 20ms/99.7%, 50ms/99.9%, 100ms/99.9%
[60.157s][info][gc,marking  ] GC(54) Mark: 8 stripe(s), 2 proactive flush(es), 1 terminate flush(es), 0 completion(s), 0 continuation(s) 
[60.157s][info][gc,marking  ] GC(54) Mark Stack Usage: 32M
[60.157s][info][gc,nmethod  ] GC(54) NMethods: 9272 registered, 517 unregistered
[60.157s][info][gc,metaspace] GC(54) Metaspace: 59M used, 60M committed, 1088M reserved
[60.157s][info][gc,ref      ] GC(54) Soft: 4711 encountered, 0 discovered, 0 enqueued
[60.157s][info][gc,ref      ] GC(54) Weak: 6210 encountered, 2360 discovered, 207 enqueued
[60.157s][info][gc,ref      ] GC(54) Final: 232 encountered, 4 discovered, 0 enqueued
[60.157s][info][gc,ref      ] GC(54) Phantom: 609 encountered, 302 discovered, 0 enqueued
[60.157s][info][gc,reloc    ] GC(54) Small Pages: 1229 / 2458M, Empty: 2182M, Relocated: 4M, In-Place: 0
[60.157s][info][gc,reloc    ] GC(54) Medium Pages: 2 / 64M, Empty: 32M, Relocated: 0M, In-Place: 0
[60.157s][info][gc,reloc    ] GC(54) Large Pages: 5 / 30M, Empty: 18M, Relocated: 0M, In-Place: 0
[60.157s][info][gc,reloc    ] GC(54) Forwarding Usage: 2M
[60.157s][info][gc,heap     ] GC(54) Min Capacity: 8M(0%)
[60.157s][info][gc,heap     ] GC(54) Max Capacity: 30718M(100%)
[60.157s][info][gc,heap     ] GC(54) Soft Max Capacity: 30718M(100%)
[60.157s][info][gc,heap     ] GC(54)                Mark Start          Mark End        Relocate Start      Relocate End           High               Low         
[60.157s][info][gc,heap     ] GC(54)  Capacity:     3482M (11%)        3482M (11%)        3482M (11%)        3482M (11%)        3482M (11%)        3482M (11%)    
[60.157s][info][gc,heap     ] GC(54)      Free:    28166M (92%)       28164M (92%)       30372M (99%)       30426M (99%)       30426M (99%)       28164M (92%)    
[60.157s][info][gc,heap     ] GC(54)      Used:     2552M (8%)         2554M (8%)          346M (1%)          292M (1%)         2554M (8%)          292M (1%)     
[60.157s][info][gc,heap     ] GC(54)      Live:         -               208M (1%)          208M (1%)          208M (1%)             -                  -          
[60.157s][info][gc,heap     ] GC(54) Allocated:         -                 2M (0%)           26M (0%)           27M (0%)             -                  -          
[60.157s][info][gc,heap     ] GC(54)   Garbage:         -              2343M (8%)          111M (0%)           55M (0%)             -                  -          
[60.157s][info][gc,heap     ] GC(54) Reclaimed:         -                  -              2232M (7%)         2287M (7%)             -                  -          
[60.157s][info][gc          ] GC(54) Garbage Collection (System.gc()) 2552M(8%)->292M(1%)
[60.911s][info][gc,start    ] GC(55) Garbage Collection (System.gc())
[60.911s][info][gc,task     ] GC(55) Using 12 workers
[60.911s][info][gc,phases   ] GC(55) Pause Mark Start 0.015ms
[60.958s][info][gc,phases   ] GC(55) Concurrent Mark 46.552ms
[60.958s][info][gc,phases   ] GC(55) Pause Mark End 0.039ms
[60.984s][info][gc,phases   ] GC(55) Concurrent Mark Free 0.001ms
[60.987s][info][gc,phases   ] GC(55) Concurrent Process Non-Strong References 2.841ms
[60.987s][info][gc,phases   ] GC(55) Concurrent Reset Relocation Set 0.005ms
[60.991s][info][gc,phases   ] GC(55) Concurrent Select Relocation Set 3.789ms
[60.991s][info][gc,phases   ] GC(55) Pause Relocate Start 0.010ms
[60.994s][info][gc,phases   ] GC(55) Concurrent Relocate 2.869ms
[60.994s][info][gc,load     ] GC(55) Load: 0.00/0.00/0.00
[60.994s][info][gc,mmu      ] GC(55) MMU: 2ms/97.5%, 5ms/99.0%, 10ms/99.5%, 20ms/99.7%, 50ms/99.9%, 100ms/99.9%
[60.994s][info][gc,marking  ] GC(55) Mark: 8 stripe(s), 2 proactive flush(es), 1 terminate flush(es), 0 completion(s), 0 continuation(s) 
[60.994s][info][gc,marking  ] GC(55) Mark Stack Usage: 32M
[60.994s][info][gc,nmethod  ] GC(55) NMethods: 9347 registered, 526 unregistered
[60.994s][info][gc,metaspace] GC(55) Metaspace: 59M used, 60M committed, 1088M reserved
[60.994s][info][gc,ref      ] GC(55) Soft: 4711 encountered, 0 discovered, 0 enqueued
[60.994s][info][gc,ref      ] GC(55) Weak: 6189 encountered, 2189 discovered, 199 enqueued
[60.994s][info][gc,ref      ] GC(55) Final: 232 encountered, 30 discovered, 0 enqueued
[60.994s][info][gc,ref      ] GC(55) Phantom: 609 encountered, 289 discovered, 0 enqueued
[60.994s][info][gc,reloc    ] GC(55) Small Pages: 1229 / 2458M, Empty: 2180M, Relocated: 4M, In-Place: 0
[60.994s][info][gc,reloc    ] GC(55) Medium Pages: 2 / 64M, Empty: 32M, Relocated: 0M, In-Place: 0
[60.994s][info][gc,reloc    ] GC(55) Large Pages: 5 / 30M, Empty: 18M, Relocated: 0M, In-Place: 0
[60.994s][info][gc,reloc    ] GC(55) Forwarding Usage: 2M
[60.995s][info][gc,heap     ] GC(55) Min Capacity: 8M(0%)
[60.995s][info][gc,heap     ] GC(55) Max Capacity: 30718M(100%)
[60.995s][info][gc,heap     ] GC(55) Soft Max Capacity: 30718M(100%)
[60.995s][info][gc,heap     ] GC(55)                Mark Start          Mark End        Relocate Start      Relocate End           High               Low         
[60.995s][info][gc,heap     ] GC(55)  Capacity:     3482M (11%)        3482M (11%)        3482M (11%)        3482M (11%)        3482M (11%)        3482M (11%)    
[60.995s][info][gc,heap     ] GC(55)      Free:    28166M (92%)       28166M (92%)       30364M (99%)       30418M (99%)       30420M (99%)       28164M (92%)    
[60.995s][info][gc,heap     ] GC(55)      Used:     2552M (8%)         2552M (8%)          354M (1%)          300M (1%)         2554M (8%)          298M (1%)     
[60.995s][info][gc,heap     ] GC(55)      Live:         -               208M (1%)          208M (1%)          208M (1%)             -                  -          
[60.995s][info][gc,heap     ] GC(55) Allocated:         -                 0M (0%)           32M (0%)           36M (0%)             -                  -          
[60.995s][info][gc,heap     ] GC(55)   Garbage:         -              2343M (8%)          113M (0%)           55M (0%)             -                  -          
[60.995s][info][gc,heap     ] GC(55) Reclaimed:         -                  -              2230M (7%)         2288M (7%)             -                  -          
[60.995s][info][gc          ] GC(55) Garbage Collection (System.gc()) 2552M(8%)->300M(1%)
[61.761s][info][gc,start    ] GC(56) Garbage Collection (System.gc())
[61.761s][info][gc,task     ] GC(56) Using 12 workers
[61.761s][info][gc,phases   ] GC(56) Pause Mark Start 0.015ms
[61.822s][info][gc,phases   ] GC(56) Concurrent Mark 60.296ms
[61.822s][info][gc,phases   ] GC(56) Pause Mark End 0.019ms
[61.822s][info][gc,phases   ] GC(56) Concurrent Mark Free 0.001ms
[61.824s][info][gc,phases   ] GC(56) Concurrent Process Non-Strong References 2.257ms
[61.824s][info][gc,phases   ] GC(56) Concurrent Reset Relocation Set 0.003ms
[61.827s][info][gc,phases   ] GC(56) Concurrent Select Relocation Set 2.604ms
[61.827s][info][gc,phases   ] GC(56) Pause Relocate Start 0.008ms
[61.829s][info][gc,phases   ] GC(56) Concurrent Relocate 1.708ms
[61.829s][info][gc,load     ] GC(56) Load: 0.00/0.00/0.00
[61.829s][info][gc,mmu      ] GC(56) MMU: 2ms/97.5%, 5ms/99.0%, 10ms/99.5%, 20ms/99.7%, 50ms/99.9%, 100ms/99.9%
[61.829s][info][gc,marking  ] GC(56) Mark: 8 stripe(s), 3 proactive flush(es), 1 terminate flush(es), 0 completion(s), 0 continuation(s) 
[61.829s][info][gc,marking  ] GC(56) Mark Stack Usage: 32M
[61.829s][info][gc,nmethod  ] GC(56) NMethods: 9350 registered, 527 unregistered
[61.829s][info][gc,metaspace] GC(56) Metaspace: 59M used, 60M committed, 1088M reserved
[61.829s][info][gc,ref      ] GC(56) Soft: 4711 encountered, 0 discovered, 0 enqueued
[61.829s][info][gc,ref      ] GC(56) Weak: 6211 encountered, 2414 discovered, 208 enqueued
[61.829s][info][gc,ref      ] GC(56) Final: 232 encountered, 134 discovered, 0 enqueued
[61.829s][info][gc,ref      ] GC(56) Phantom: 609 encountered, 350 discovered, 0 enqueued
[61.829s][info][gc,reloc    ] GC(56) Small Pages: 1229 / 2458M, Empty: 2182M, Relocated: 4M, In-Place: 0
[61.829s][info][gc,reloc    ] GC(56) Medium Pages: 2 / 64M, Empty: 32M, Relocated: 0M, In-Place: 0
[61.829s][info][gc,reloc    ] GC(56) Large Pages: 5 / 30M, Empty: 18M, Relocated: 0M, In-Place: 0
[61.829s][info][gc,reloc    ] GC(56) Forwarding Usage: 2M
[61.829s][info][gc,heap     ] GC(56) Min Capacity: 8M(0%)
[61.829s][info][gc,heap     ] GC(56) Max Capacity: 30718M(100%)
[61.829s][info][gc,heap     ] GC(56) Soft Max Capacity: 30718M(100%)
[61.829s][info][gc,heap     ] GC(56)                Mark Start          Mark End        Relocate Start      Relocate End           High               Low         
[61.829s][info][gc,heap     ] GC(56)  Capacity:     3482M (11%)        3482M (11%)        3482M (11%)        3482M (11%)        3482M (11%)        3482M (11%)    
[61.829s][info][gc,heap     ] GC(56)      Free:    28166M (92%)       28166M (92%)       30368M (99%)       30422M (99%)       30422M (99%)       28164M (92%)    
[61.829s][info][gc,heap     ] GC(56)      Used:     2552M (8%)         2552M (8%)          350M (1%)          296M (1%)         2554M (8%)          296M (1%)     
[61.829s][info][gc,heap     ] GC(56)      Live:         -               208M (1%)          208M (1%)          208M (1%)             -                  -          
[61.829s][info][gc,heap     ] GC(56) Allocated:         -                 0M (0%)           30M (0%)           31M (0%)             -                  -          
[61.829s][info][gc,heap     ] GC(56)   Garbage:         -              2343M (8%)          111M (0%)           55M (0%)             -                  -          
[61.829s][info][gc,heap     ] GC(56) Reclaimed:         -                  -              2232M (7%)         2287M (7%)             -                  -          
[61.829s][info][gc          ] GC(56) Garbage Collection (System.gc()) 2552M(8%)->296M(1%)
[62.595s][info][gc,start    ] GC(57) Garbage Collection (System.gc())
[62.595s][info][gc,task     ] GC(57) Using 12 workers
[62.595s][info][gc,phases   ] GC(57) Pause Mark Start 0.016ms
[62.655s][info][gc,phases   ] GC(57) Concurrent Mark 60.051ms
[62.655s][info][gc,phases   ] GC(57) Pause Mark End 0.020ms
[62.655s][info][gc,phases   ] GC(57) Concurrent Mark Free 0.001ms
[62.657s][info][gc,phases   ] GC(57) Concurrent Process Non-Strong References 2.147ms
[62.657s][info][gc,phases   ] GC(57) Concurrent Reset Relocation Set 0.003ms
[62.660s][info][gc,phases   ] GC(57) Concurrent Select Relocation Set 2.796ms
[62.660s][info][gc,phases   ] GC(57) Pause Relocate Start 0.008ms
[62.662s][info][gc,phases   ] GC(57) Concurrent Relocate 1.831ms
[62.662s][info][gc,load     ] GC(57) Load: 0.00/0.00/0.00
[62.662s][info][gc,mmu      ] GC(57) MMU: 2ms/97.5%, 5ms/99.0%, 10ms/99.5%, 20ms/99.7%, 50ms/99.9%, 100ms/99.9%
[62.662s][info][gc,marking  ] GC(57) Mark: 8 stripe(s), 2 proactive flush(es), 1 terminate flush(es), 0 completion(s), 0 continuation(s) 
[62.662s][info][gc,marking  ] GC(57) Mark Stack Usage: 32M
[62.662s][info][gc,nmethod  ] GC(57) NMethods: 9357 registered, 534 unregistered
[62.662s][info][gc,metaspace] GC(57) Metaspace: 59M used, 60M committed, 1088M reserved
[62.662s][info][gc,ref      ] GC(57) Soft: 4711 encountered, 0 discovered, 0 enqueued
[62.662s][info][gc,ref      ] GC(57) Weak: 6189 encountered, 2242 discovered, 199 enqueued
[62.662s][info][gc,ref      ] GC(57) Final: 232 encountered, 4 discovered, 0 enqueued
[62.662s][info][gc,ref      ] GC(57) Phantom: 609 encountered, 273 discovered, 0 enqueued
[62.662s][info][gc,reloc    ] GC(57) Small Pages: 1230 / 2460M, Empty: 2180M, Relocated: 4M, In-Place: 0
[62.662s][info][gc,reloc    ] GC(57) Medium Pages: 2 / 64M, Empty: 32M, Relocated: 0M, In-Place: 0
[62.662s][info][gc,reloc    ] GC(57) Large Pages: 5 / 30M, Empty: 18M, Relocated: 0M, In-Place: 0
[62.662s][info][gc,reloc    ] GC(57) Forwarding Usage: 2M
[62.662s][info][gc,heap     ] GC(57) Min Capacity: 8M(0%)
[62.663s][info][gc,heap     ] GC(57) Max Capacity: 30718M(100%)
[62.663s][info][gc,heap     ] GC(57) Soft Max Capacity: 30718M(100%)
[62.663s][info][gc,heap     ] GC(57)                Mark Start          Mark End        Relocate Start      Relocate End           High               Low         
[62.663s][info][gc,heap     ] GC(57)  Capacity:     3482M (11%)        3482M (11%)        3482M (11%)        3482M (11%)        3482M (11%)        3482M (11%)    
[62.663s][info][gc,heap     ] GC(57)      Free:    28164M (92%)       28164M (92%)       30362M (99%)       30422M (99%)       30422M (99%)       28162M (92%)    
[62.663s][info][gc,heap     ] GC(57)      Used:     2554M (8%)         2554M (8%)          356M (1%)          296M (1%)         2556M (8%)          296M (1%)     
[62.663s][info][gc,heap     ] GC(57)      Live:         -               208M (1%)          208M (1%)          208M (1%)             -                  -          
[62.663s][info][gc,heap     ] GC(57) Allocated:         -                 0M (0%)           32M (0%)           31M (0%)             -                  -          
[62.663s][info][gc,heap     ] GC(57)   Garbage:         -              2345M (8%)          115M (0%)           55M (0%)             -                  -          
[62.663s][info][gc,heap     ] GC(57) Reclaimed:         -                  -              2230M (7%)         2289M (7%)             -                  -          
[62.663s][info][gc          ] GC(57) Garbage Collection (System.gc()) 2554M(8%)->296M(1%)
[63.424s][info][gc,start    ] GC(58) Garbage Collection (System.gc())
[63.424s][info][gc,task     ] GC(58) Using 12 workers
[63.424s][info][gc,phases   ] GC(58) Pause Mark Start 0.016ms
[63.487s][info][gc,phases   ] GC(58) Concurrent Mark 62.816ms
[63.487s][info][gc,phases   ] GC(58) Pause Mark End 0.032ms
[63.487s][info][gc,phases   ] GC(58) Concurrent Mark Free 0.001ms
[63.490s][info][gc,phases   ] GC(58) Concurrent Process Non-Strong References 2.702ms
[63.490s][info][gc,phases   ] GC(58) Concurrent Reset Relocation Set 0.004ms
[63.494s][info][gc,phases   ] GC(58) Concurrent Select Relocation Set 3.609ms
[63.494s][info][gc,phases   ] GC(58) Pause Relocate Start 0.009ms
[63.496s][info][gc,phases   ] GC(58) Concurrent Relocate 2.772ms
[63.497s][info][gc,load     ] GC(58) Load: 0.00/0.00/0.00
[63.497s][info][gc,mmu      ] GC(58) MMU: 2ms/97.5%, 5ms/99.0%, 10ms/99.5%, 20ms/99.7%, 50ms/99.9%, 100ms/99.9%
[63.497s][info][gc,marking  ] GC(58) Mark: 8 stripe(s), 2 proactive flush(es), 1 terminate flush(es), 0 completion(s), 0 continuation(s) 
[63.497s][info][gc,marking  ] GC(58) Mark Stack Usage: 32M
[63.497s][info][gc,nmethod  ] GC(58) NMethods: 9365 registered, 542 unregistered
[63.497s][info][gc,metaspace] GC(58) Metaspace: 59M used, 60M committed, 1088M reserved
[63.497s][info][gc,ref      ] GC(58) Soft: 4711 encountered, 0 discovered, 0 enqueued
[63.497s][info][gc,ref      ] GC(58) Weak: 6214 encountered, 2154 discovered, 208 enqueued
[63.497s][info][gc,ref      ] GC(58) Final: 232 encountered, 12 discovered, 0 enqueued
[63.497s][info][gc,ref      ] GC(58) Phantom: 609 encountered, 450 discovered, 0 enqueued
[63.497s][info][gc,reloc    ] GC(58) Small Pages: 1228 / 2456M, Empty: 2182M, Relocated: 4M, In-Place: 0
[63.497s][info][gc,reloc    ] GC(58) Medium Pages: 2 / 64M, Empty: 32M, Relocated: 0M, In-Place: 0
[63.497s][info][gc,reloc    ] GC(58) Large Pages: 5 / 30M, Empty: 18M, Relocated: 0M, In-Place: 0
[63.497s][info][gc,reloc    ] GC(58) Forwarding Usage: 2M
[63.497s][info][gc,heap     ] GC(58) Min Capacity: 8M(0%)
[63.497s][info][gc,heap     ] GC(58) Max Capacity: 30718M(100%)
[63.497s][info][gc,heap     ] GC(58) Soft Max Capacity: 30718M(100%)
[63.497s][info][gc,heap     ] GC(58)                Mark Start          Mark End        Relocate Start      Relocate End           High               Low         
[63.497s][info][gc,heap     ] GC(58)  Capacity:     3482M (11%)        3482M (11%)        3482M (11%)        3482M (11%)        3482M (11%)        3482M (11%)    
[63.497s][info][gc,heap     ] GC(58)      Free:    28168M (92%)       28166M (92%)       30368M (99%)       30422M (99%)       30422M (99%)       28166M (92%)    
[63.497s][info][gc,heap     ] GC(58)      Used:     2550M (8%)         2552M (8%)          350M (1%)          296M (1%)         2552M (8%)          296M (1%)     
[63.497s][info][gc,heap     ] GC(58)      Live:         -               208M (1%)          208M (1%)          208M (1%)             -                  -          
[63.497s][info][gc,heap     ] GC(58) Allocated:         -                 2M (0%)           32M (0%)           32M (0%)             -                  -          
[63.497s][info][gc,heap     ] GC(58)   Garbage:         -              2341M (8%)          109M (0%)           55M (0%)             -                  -          
[63.497s][info][gc,heap     ] GC(58) Reclaimed:         -                  -              2232M (7%)         2286M (7%)             -                  -          
[63.497s][info][gc          ] GC(58) Garbage Collection (System.gc()) 2550M(8%)->296M(1%)
[64.263s][info][gc,start    ] GC(59) Garbage Collection (System.gc())
[64.263s][info][gc,task     ] GC(59) Using 12 workers
[64.264s][info][gc,phases   ] GC(59) Pause Mark Start 0.016ms
[64.324s][info][gc,phases   ] GC(59) Concurrent Mark 60.430ms
[64.324s][info][gc,phases   ] GC(59) Pause Mark End 0.022ms
[64.324s][info][gc,phases   ] GC(59) Concurrent Mark Free 0.001ms
[64.327s][info][gc,phases   ] GC(59) Concurrent Process Non-Strong References 2.517ms
[64.327s][info][gc,phases   ] GC(59) Concurrent Reset Relocation Set 0.004ms
[64.334s][info][gc,phases   ] GC(59) Concurrent Select Relocation Set 6.786ms
[64.334s][info][gc,phases   ] GC(59) Pause Relocate Start 0.008ms
[64.337s][info][gc,phases   ] GC(59) Concurrent Relocate 2.565ms
[64.337s][info][gc,load     ] GC(59) Load: 0.00/0.00/0.00
[64.337s][info][gc,mmu      ] GC(59) MMU: 2ms/97.5%, 5ms/99.0%, 10ms/99.5%, 20ms/99.7%, 50ms/99.9%, 100ms/99.9%
[64.337s][info][gc,marking  ] GC(59) Mark: 8 stripe(s), 2 proactive flush(es), 1 terminate flush(es), 0 completion(s), 0 continuation(s) 
[64.337s][info][gc,marking  ] GC(59) Mark Stack Usage: 32M
[64.337s][info][gc,nmethod  ] GC(59) NMethods: 9373 registered, 549 unregistered
[64.337s][info][gc,metaspace] GC(59) Metaspace: 59M used, 60M committed, 1088M reserved
[64.337s][info][gc,ref      ] GC(59) Soft: 4711 encountered, 0 discovered, 0 enqueued
[64.337s][info][gc,ref      ] GC(59) Weak: 6192 encountered, 773 discovered, 199 enqueued
[64.337s][info][gc,ref      ] GC(59) Final: 232 encountered, 21 discovered, 0 enqueued
[64.337s][info][gc,ref      ] GC(59) Phantom: 609 encountered, 321 discovered, 0 enqueued
[64.337s][info][gc,reloc    ] GC(59) Small Pages: 1228 / 2456M, Empty: 2182M, Relocated: 4M, In-Place: 0
[64.337s][info][gc,reloc    ] GC(59) Medium Pages: 2 / 64M, Empty: 32M, Relocated: 0M, In-Place: 0
[64.337s][info][gc,reloc    ] GC(59) Large Pages: 5 / 30M, Empty: 18M, Relocated: 0M, In-Place: 0
[64.337s][info][gc,reloc    ] GC(59) Forwarding Usage: 2M
[64.337s][info][gc,heap     ] GC(59) Min Capacity: 8M(0%)
[64.337s][info][gc,heap     ] GC(59) Max Capacity: 30718M(100%)
[64.337s][info][gc,heap     ] GC(59) Soft Max Capacity: 30718M(100%)
[64.337s][info][gc,heap     ] GC(59)                Mark Start          Mark End        Relocate Start      Relocate End           High               Low         
[64.337s][info][gc,heap     ] GC(59)  Capacity:     3482M (11%)        3482M (11%)        3482M (11%)        3482M (11%)        3482M (11%)        3482M (11%)    
[64.337s][info][gc,heap     ] GC(59)      Free:    28168M (92%)       28168M (92%)       30366M (99%)       30420M (99%)       30420M (99%)       28166M (92%)    
[64.337s][info][gc,heap     ] GC(59)      Used:     2550M (8%)         2550M (8%)          352M (1%)          298M (1%)         2552M (8%)          298M (1%)     
[64.337s][info][gc,heap     ] GC(59)      Live:         -               208M (1%)          208M (1%)          208M (1%)             -                  -          
[64.337s][info][gc,heap     ] GC(59) Allocated:         -                 0M (0%)           34M (0%)           34M (0%)             -                  -          
[64.337s][info][gc,heap     ] GC(59)   Garbage:         -              2341M (8%)          109M (0%)           55M (0%)             -                  -          
[64.337s][info][gc,heap     ] GC(59) Reclaimed:         -                  -              2232M (7%)         2286M (7%)             -                  -          
[64.337s][info][gc          ] GC(59) Garbage Collection (System.gc()) 2550M(8%)->298M(1%)
[65.101s][info][gc,start    ] GC(60) Garbage Collection (System.gc())
[65.101s][info][gc,task     ] GC(60) Using 12 workers
[65.101s][info][gc,phases   ] GC(60) Pause Mark Start 0.015ms
[65.161s][info][gc,phases   ] GC(60) Concurrent Mark 60.316ms
[65.162s][info][gc,phases   ] GC(60) Pause Mark End 0.030ms
[65.162s][info][gc,phases   ] GC(60) Concurrent Mark Free 0.001ms
[65.164s][info][gc,phases   ] GC(60) Concurrent Process Non-Strong References 2.351ms
[65.164s][info][gc,phases   ] GC(60) Concurrent Reset Relocation Set 0.003ms
[65.167s][info][gc,phases   ] GC(60) Concurrent Select Relocation Set 2.616ms
[65.167s][info][gc,phases   ] GC(60) Pause Relocate Start 0.006ms
[65.169s][info][gc,phases   ] GC(60) Concurrent Relocate 2.335ms
[65.169s][info][gc,load     ] GC(60) Load: 0.00/0.00/0.00
[65.169s][info][gc,mmu      ] GC(60) MMU: 2ms/97.5%, 5ms/99.0%, 10ms/99.5%, 20ms/99.7%, 50ms/99.9%, 100ms/99.9%
[65.169s][info][gc,marking  ] GC(60) Mark: 8 stripe(s), 3 proactive flush(es), 1 terminate flush(es), 0 completion(s), 0 continuation(s) 
[65.169s][info][gc,marking  ] GC(60) Mark Stack Usage: 32M
[65.169s][info][gc,nmethod  ] GC(60) NMethods: 9388 registered, 558 unregistered
[65.169s][info][gc,metaspace] GC(60) Metaspace: 60M used, 60M committed, 1088M reserved
[65.169s][info][gc,ref      ] GC(60) Soft: 4711 encountered, 0 discovered, 0 enqueued
[65.169s][info][gc,ref      ] GC(60) Weak: 6218 encountered, 1574 discovered, 208 enqueued
[65.169s][info][gc,ref      ] GC(60) Final: 232 encountered, 5 discovered, 0 enqueued
[65.169s][info][gc,ref      ] GC(60) Phantom: 609 encountered, 536 discovered, 0 enqueued
[65.169s][info][gc,reloc    ] GC(60) Small Pages: 1230 / 2460M, Empty: 2180M, Relocated: 4M, In-Place: 0
[65.169s][info][gc,reloc    ] GC(60) Medium Pages: 2 / 64M, Empty: 32M, Relocated: 0M, In-Place: 0
[65.169s][info][gc,reloc    ] GC(60) Large Pages: 5 / 30M, Empty: 18M, Relocated: 0M, In-Place: 0
[65.169s][info][gc,reloc    ] GC(60) Forwarding Usage: 2M
[65.169s][info][gc,heap     ] GC(60) Min Capacity: 8M(0%)
[65.169s][info][gc,heap     ] GC(60) Max Capacity: 30718M(100%)
[65.169s][info][gc,heap     ] GC(60) Soft Max Capacity: 30718M(100%)
[65.169s][info][gc,heap     ] GC(60)                Mark Start          Mark End        Relocate Start      Relocate End           High               Low         
[65.169s][info][gc,heap     ] GC(60)  Capacity:     3482M (11%)        3482M (11%)        3482M (11%)        3482M (11%)        3482M (11%)        3482M (11%)    
[65.169s][info][gc,heap     ] GC(60)      Free:    28164M (92%)       28164M (92%)       30362M (99%)       30422M (99%)       30422M (99%)       28162M (92%)    
[65.169s][info][gc,heap     ] GC(60)      Used:     2554M (8%)         2554M (8%)          356M (1%)          296M (1%)         2556M (8%)          296M (1%)     
[65.169s][info][gc,heap     ] GC(60)      Live:         -               208M (1%)          208M (1%)          208M (1%)             -                  -          
[65.170s][info][gc,heap     ] GC(60) Allocated:         -                 0M (0%)           32M (0%)           32M (0%)             -                  -          
[65.170s][info][gc,heap     ] GC(60)   Garbage:         -              2345M (8%)          115M (0%)           55M (0%)             -                  -          
[65.170s][info][gc,heap     ] GC(60) Reclaimed:         -                  -              2230M (7%)         2290M (7%)             -                  -          
[65.170s][info][gc          ] GC(60) Garbage Collection (System.gc()) 2554M(8%)->296M(1%)
[65.885s][info][gc,start    ] GC(61) Garbage Collection (System.gc())
[65.885s][info][gc,task     ] GC(61) Using 12 workers
[65.885s][info][gc,phases   ] GC(61) Pause Mark Start 0.017ms
[65.937s][info][gc,phases   ] GC(61) Concurrent Mark 51.397ms
[65.937s][info][gc,phases   ] GC(61) Pause Mark End 0.023ms
[65.937s][info][gc,phases   ] GC(61) Concurrent Mark Free 0.001ms
[65.939s][info][gc,phases   ] GC(61) Concurrent Process Non-Strong References 2.295ms
[65.939s][info][gc,phases   ] GC(61) Concurrent Reset Relocation Set 0.004ms
[65.942s][info][gc,phases   ] GC(61) Concurrent Select Relocation Set 2.925ms
[65.942s][info][gc,phases   ] GC(61) Pause Relocate Start 0.008ms
[65.945s][info][gc,phases   ] GC(61) Concurrent Relocate 2.089ms
[65.945s][info][gc,load     ] GC(61) Load: 0.00/0.00/0.00
[65.945s][info][gc,mmu      ] GC(61) MMU: 2ms/97.5%, 5ms/99.0%, 10ms/99.5%, 20ms/99.7%, 50ms/99.9%, 100ms/99.9%
[65.945s][info][gc,marking  ] GC(61) Mark: 8 stripe(s), 3 proactive flush(es), 1 terminate flush(es), 0 completion(s), 0 continuation(s) 
[65.945s][info][gc,marking  ] GC(61) Mark Stack Usage: 32M
[65.945s][info][gc,nmethod  ] GC(61) NMethods: 9396 registered, 562 unregistered
[65.945s][info][gc,metaspace] GC(61) Metaspace: 60M used, 60M committed, 1088M reserved
[65.945s][info][gc,ref      ] GC(61) Soft: 4711 encountered, 0 discovered, 0 enqueued
[65.945s][info][gc,ref      ] GC(61) Weak: 6192 encountered, 965 discovered, 197 enqueued
[65.945s][info][gc,ref      ] GC(61) Final: 232 encountered, 3 discovered, 0 enqueued
[65.945s][info][gc,ref      ] GC(61) Phantom: 609 encountered, 585 discovered, 0 enqueued
[65.945s][info][gc,reloc    ] GC(61) Small Pages: 1229 / 2458M, Empty: 2180M, Relocated: 4M, In-Place: 0
[65.945s][info][gc,reloc    ] GC(61) Medium Pages: 2 / 64M, Empty: 32M, Relocated: 0M, In-Place: 0
[65.945s][info][gc,reloc    ] GC(61) Large Pages: 5 / 30M, Empty: 18M, Relocated: 0M, In-Place: 0
[65.945s][info][gc,reloc    ] GC(61) Forwarding Usage: 2M
[65.945s][info][gc,heap     ] GC(61) Min Capacity: 8M(0%)
[65.945s][info][gc,heap     ] GC(61) Max Capacity: 30718M(100%)
[65.945s][info][gc,heap     ] GC(61) Soft Max Capacity: 30718M(100%)
[65.945s][info][gc,heap     ] GC(61)                Mark Start          Mark End        Relocate Start      Relocate End           High               Low         
[65.945s][info][gc,heap     ] GC(61)  Capacity:     3482M (11%)        3482M (11%)        3482M (11%)        3482M (11%)        3482M (11%)        3482M (11%)    
[65.945s][info][gc,heap     ] GC(61)      Free:    28166M (92%)       28164M (92%)       30360M (99%)       30418M (99%)       30418M (99%)       28164M (92%)    
[65.945s][info][gc,heap     ] GC(61)      Used:     2552M (8%)         2554M (8%)          358M (1%)          300M (1%)         2554M (8%)          300M (1%)     
[65.945s][info][gc,heap     ] GC(61)      Live:         -               208M (1%)          208M (1%)          208M (1%)             -                  -          
[65.945s][info][gc,heap     ] GC(61) Allocated:         -                 2M (0%)           36M (0%)           36M (0%)             -                  -          
[65.945s][info][gc,heap     ] GC(61)   Garbage:         -              2343M (8%)          113M (0%)           55M (0%)             -                  -          
[65.945s][info][gc,heap     ] GC(61) Reclaimed:         -                  -              2230M (7%)         2288M (7%)             -                  -          
[65.945s][info][gc          ] GC(61) Garbage Collection (System.gc()) 2552M(8%)->300M(1%)
[66.693s][info][gc,start    ] GC(62) Garbage Collection (System.gc())
[66.693s][info][gc,task     ] GC(62) Using 12 workers
[66.693s][info][gc,phases   ] GC(62) Pause Mark Start 0.016ms
[66.749s][info][gc,phases   ] GC(62) Concurrent Mark 55.949ms
[66.749s][info][gc,phases   ] GC(62) Pause Mark End 0.022ms
[66.749s][info][gc,phases   ] GC(62) Concurrent Mark Free 0.001ms
[66.752s][info][gc,phases   ] GC(62) Concurrent Process Non-Strong References 2.389ms
[66.752s][info][gc,phases   ] GC(62) Concurrent Reset Relocation Set 0.005ms
[66.755s][info][gc,phases   ] GC(62) Concurrent Select Relocation Set 3.173ms
[66.755s][info][gc,phases   ] GC(62) Pause Relocate Start 0.008ms
[66.758s][info][gc,phases   ] GC(62) Concurrent Relocate 2.393ms
[66.758s][info][gc,load     ] GC(62) Load: 0.00/0.00/0.00
[66.758s][info][gc,mmu      ] GC(62) MMU: 2ms/97.5%, 5ms/99.0%, 10ms/99.5%, 20ms/99.7%, 50ms/99.9%, 100ms/99.9%
[66.758s][info][gc,marking  ] GC(62) Mark: 8 stripe(s), 1 proactive flush(es), 1 terminate flush(es), 0 completion(s), 0 continuation(s) 
[66.758s][info][gc,marking  ] GC(62) Mark Stack Usage: 32M
[66.758s][info][gc,nmethod  ] GC(62) NMethods: 9402 registered, 568 unregistered
[66.758s][info][gc,metaspace] GC(62) Metaspace: 60M used, 60M committed, 1088M reserved
[66.758s][info][gc,ref      ] GC(62) Soft: 4711 encountered, 0 discovered, 0 enqueued
[66.758s][info][gc,ref      ] GC(62) Weak: 6226 encountered, 2352 discovered, 204 enqueued
[66.758s][info][gc,ref      ] GC(62) Final: 232 encountered, 48 discovered, 0 enqueued
[66.758s][info][gc,ref      ] GC(62) Phantom: 609 encountered, 541 discovered, 0 enqueued
[66.758s][info][gc,reloc    ] GC(62) Small Pages: 1229 / 2458M, Empty: 2180M, Relocated: 4M, In-Place: 0
[66.758s][info][gc,reloc    ] GC(62) Medium Pages: 2 / 64M, Empty: 32M, Relocated: 0M, In-Place: 0
[66.758s][info][gc,reloc    ] GC(62) Large Pages: 5 / 30M, Empty: 18M, Relocated: 0M, In-Place: 0
[66.758s][info][gc,reloc    ] GC(62) Forwarding Usage: 2M
[66.758s][info][gc,heap     ] GC(62) Min Capacity: 8M(0%)
[66.758s][info][gc,heap     ] GC(62) Max Capacity: 30718M(100%)
[66.758s][info][gc,heap     ] GC(62) Soft Max Capacity: 30718M(100%)
[66.758s][info][gc,heap     ] GC(62)                Mark Start          Mark End        Relocate Start      Relocate End           High               Low         
[66.758s][info][gc,heap     ] GC(62)  Capacity:     3482M (11%)        3482M (11%)        3482M (11%)        3482M (11%)        3482M (11%)        3482M (11%)    
[66.758s][info][gc,heap     ] GC(62)      Free:    28166M (92%)       28166M (92%)       30364M (99%)       30418M (99%)       30420M (99%)       28164M (92%)    
[66.758s][info][gc,heap     ] GC(62)      Used:     2552M (8%)         2552M (8%)          354M (1%)          300M (1%)         2554M (8%)          298M (1%)     
[66.758s][info][gc,heap     ] GC(62)      Live:         -               208M (1%)          208M (1%)          208M (1%)             -                  -          
[66.758s][info][gc,heap     ] GC(62) Allocated:         -                 0M (0%)           32M (0%)           35M (0%)             -                  -          
[66.758s][info][gc,heap     ] GC(62)   Garbage:         -              2343M (8%)          113M (0%)           55M (0%)             -                  -          
[66.758s][info][gc,heap     ] GC(62) Reclaimed:         -                  -              2230M (7%)         2287M (7%)             -                  -          
[66.758s][info][gc          ] GC(62) Garbage Collection (System.gc()) 2552M(8%)->300M(1%)
[67.722s][info][gc,heap,exit] Heap
[67.722s][info][gc,heap,exit]  ZHeap           used 2608M, capacity 3482M, max capacity 30718M
[67.722s][info][gc,heap,exit]  Metaspace       used 61856K, committed 62784K, reserved 1114112K
[67.722s][info][gc,heap,exit]   class space    used 7643K, committed 8064K, reserved 1048576K
