[0.016s][info][gc] Using Epsilon
[0.021s][info][gc,init] Version: 20+36-2344 (release)
[0.021s][info][gc,init] CPUs: 48 total, 48 available
[0.021s][info][gc,init] Memory: 382G
[0.022s][info][gc,init] Large Page Support: Disabled
[0.022s][info][gc,init] NUMA Support: Disabled
[0.022s][info][gc,init] Compressed Oops: Enabled (Zero based)
[0.022s][info][gc,init] Heap Min Capacity: 6656K
[0.022s][info][gc,init] Heap Initial Capacity: 2G
[0.022s][info][gc,init] Heap Max Capacity: 30718M
[0.022s][info][gc,init] Pre-touch: Disabled
[0.022s][warning][gc,init] Consider setting -Xms equal to -Xmx to avoid resizing hiccups
[0.040s][warning][gc,init] Consider enabling -XX:+AlwaysPreTouch to avoid memory commit hiccups
[0.040s][info   ][gc,init] TLAB Size Max: 4M
[0.040s][info   ][gc,init] TLAB Size Elasticity: 1.10x
[0.040s][info   ][gc,init] TLAB Size Decay Time: 1000ms
[0.041s][info   ][gc,metaspace] CDS archive(s) mapped at: [0x0000000800000000-0x0000000800c60000-0x0000000800c60000), size 12976128, SharedBaseAddress: 0x0000000800000000, ArchiveRelocationMode: 0.
[0.041s][info   ][gc,metaspace] Compressed class space mapped at: 0x0000000801000000-0x0000000841000000, reserved size: 1073741824
[0.041s][info   ][gc,metaspace] Narrow klass base: 0x0000000800000000, Narrow klass shift: 0, Narrow klass range: 0x100000000
[4.766s][info   ][gc          ] GC request for "Metadata GC Threshold" is handled
[4.766s][info   ][gc,metaspace] Metaspace: 1088M reserved, 21504K (1.93%) committed, 21256K (1.91%) used
[5.554s][info   ][gc          ] GC request for "System.gc()" is ignored
[5.865s][info   ][gc          ] GC request for "Metadata GC Threshold" is handled
[5.865s][info   ][gc,metaspace] Metaspace: 1088M reserved, 35840K (3.22%) committed, 35582K (3.19%) used
[7.267s][info   ][gc          ] GC request for "Metadata GC Threshold" is handled
[7.267s][info   ][gc,metaspace] Metaspace: 1088M reserved, 59776K (5.37%) committed, 58645K (5.26%) used
[9.703s][info   ][gc          ] Heap: 30718M reserved, 2048M (6.67%) committed, 1536M (5.00%) used
[9.703s][info   ][gc,metaspace] Metaspace: 1088M reserved, 73664K (6.61%) committed, 72493K (6.51%) used
[10.781s][info   ][gc          ] Heap: 30718M reserved, 3200M (10.42%) committed, 3073M (10.00%) used
[10.781s][info   ][gc,metaspace] Metaspace: 1088M reserved, 73664K (6.61%) committed, 72526K (6.51%) used
[11.519s][info   ][gc          ] Heap: 30718M reserved, 4736M (15.42%) committed, 4609M (15.00%) used
[11.519s][info   ][gc,metaspace] Metaspace: 1088M reserved, 73728K (6.62%) committed, 72573K (6.51%) used
[12.192s][info   ][gc          ] Heap: 30718M reserved, 6272M (20.42%) committed, 6146M (20.01%) used
[12.192s][info   ][gc,metaspace] Metaspace: 1088M reserved, 73728K (6.62%) committed, 72574K (6.51%) used
[12.864s][info   ][gc          ] Heap: 30718M reserved, 7808M (25.42%) committed, 7682M (25.01%) used
[12.864s][info   ][gc,metaspace] Metaspace: 1088M reserved, 73728K (6.62%) committed, 72582K (6.51%) used
[13.553s][info   ][gc          ] Heap: 30718M reserved, 9344M (30.42%) committed, 9219M (30.01%) used
[13.553s][info   ][gc,metaspace] Metaspace: 1088M reserved, 73728K (6.62%) committed, 72604K (6.52%) used
[14.296s][info   ][gc          ] Heap: 30718M reserved, 10880M (35.42%) committed, 10758M (35.02%) used
[14.296s][info   ][gc,metaspace] Metaspace: 1088M reserved, 73728K (6.62%) committed, 72605K (6.52%) used
[15.151s][info   ][gc          ] Heap: 30718M reserved, 12416M (40.42%) committed, 12297M (40.03%) used
[15.151s][info   ][gc,metaspace] Metaspace: 1088M reserved, 73728K (6.62%) committed, 72605K (6.52%) used
[16.170s][info   ][gc          ] Heap: 30718M reserved, 13952M (45.42%) committed, 13835M (45.04%) used
[16.170s][info   ][gc,metaspace] Metaspace: 1088M reserved, 73728K (6.62%) committed, 72605K (6.52%) used
[17.085s][info   ][gc          ] Heap: 30718M reserved, 15488M (50.42%) committed, 15374M (50.05%) used
[17.085s][info   ][gc,metaspace] Metaspace: 1088M reserved, 73792K (6.62%) committed, 72631K (6.52%) used
[17.931s][info   ][gc          ] Heap: 30718M reserved, 17024M (55.42%) committed, 16913M (55.06%) used
[17.931s][info   ][gc,metaspace] Metaspace: 1088M reserved, 73792K (6.62%) committed, 72631K (6.52%) used
[18.821s][info   ][gc          ] Heap: 30718M reserved, 18560M (60.42%) committed, 18450M (60.06%) used
[18.821s][info   ][gc,metaspace] Metaspace: 1088M reserved, 73984K (6.64%) committed, 72812K (6.54%) used
[19.575s][info   ][gc          ] Heap: 30718M reserved, 20096M (65.42%) committed, 19988M (65.07%) used
[19.575s][info   ][gc,metaspace] Metaspace: 1088M reserved, 73984K (6.64%) committed, 72834K (6.54%) used
[20.355s][info   ][gc          ] Heap: 30718M reserved, 21632M (70.42%) committed, 21525M (70.08%) used
[20.355s][info   ][gc,metaspace] Metaspace: 1088M reserved, 73984K (6.64%) committed, 72873K (6.54%) used
[21.793s][info   ][gc          ] GC request for "System.gc()" is ignored
[21.956s][info   ][gc          ] Heap: 30718M reserved, 23168M (75.42%) committed, 23061M (75.08%) used
[21.956s][info   ][gc,metaspace] Metaspace: 1088M reserved, 74112K (6.65%) committed, 72992K (6.55%) used
[22.688s][info   ][gc          ] Heap: 30718M reserved, 24704M (80.42%) committed, 24597M (80.08%) used
[22.688s][info   ][gc,metaspace] Metaspace: 1088M reserved, 74112K (6.65%) committed, 72992K (6.55%) used
[23.385s][info   ][gc          ] Heap: 30718M reserved, 26240M (85.42%) committed, 26135M (85.08%) used
[23.385s][info   ][gc,metaspace] Metaspace: 1088M reserved, 74112K (6.65%) committed, 73036K (6.56%) used
[24.159s][info   ][gc          ] Heap: 30718M reserved, 27776M (90.42%) committed, 27671M (90.08%) used
[24.159s][info   ][gc,metaspace] Metaspace: 1088M reserved, 74112K (6.65%) committed, 73036K (6.56%) used
[24.968s][info   ][gc          ] Heap: 30718M reserved, 29312M (95.42%) committed, 29208M (95.09%) used
[24.968s][info   ][gc,metaspace] Metaspace: 1088M reserved, 74112K (6.65%) committed, 73036K (6.56%) used
