[0.015s][info][gc,init] CardTable entry size: 512
[0.015s][info][gc     ] Using G1
[0.026s][info][gc,init] Version: 20+36-2344 (release)
[0.026s][info][gc,init] CPUs: 48 total, 48 available
[0.026s][info][gc,init] Memory: 382G
[0.026s][info][gc,init] Large Page Support: Disabled
[0.026s][info][gc,init] NUMA Support: Disabled
[0.026s][info][gc,init] Compressed Oops: Enabled (Zero based)
[0.026s][info][gc,init] Heap Region Size: 16M
[0.026s][info][gc,init] Heap Min Capacity: 16M
[0.026s][info][gc,init] Heap Initial Capacity: 2G
[0.026s][info][gc,init] Heap Max Capacity: 30208M
[0.033s][info][gc,init] Pre-touch: Disabled
[0.033s][info][gc,init] Parallel Workers: 33
[0.033s][info][gc,init] Concurrent Workers: 8
[0.033s][info][gc,init] Concurrent Refinement Workers: 33
[0.033s][info][gc,init] Periodic GC: Disabled
[0.034s][info][gc,metaspace] CDS archive(s) mapped at: [0x0000000800000000-0x0000000800c60000-0x0000000800c60000), size 12976128, SharedBaseAddress: 0x0000000800000000, ArchiveRelocationMode: 0.
[0.034s][info][gc,metaspace] Compressed class space mapped at: 0x0000000801000000-0x0000000841000000, reserved size: 1073741824
[0.034s][info][gc,metaspace] Narrow klass base: 0x0000000800000000, Narrow klass shift: 0, Narrow klass range: 0x100000000
[4.459s][info][gc,start    ] GC(0) Pause Young (Concurrent Start) (Metadata GC Threshold)
[4.462s][info][gc,task     ] GC(0) Using 33 workers of 33 for evacuation
[4.476s][info][gc,phases   ] GC(0)   Pre Evacuate Collection Set: 0.3ms
[4.476s][info][gc,phases   ] GC(0)   Merge Heap Roots: 0.7ms
[4.476s][info][gc,phases   ] GC(0)   Evacuate Collection Set: 11.7ms
[4.476s][info][gc,phases   ] GC(0)   Post Evacuate Collection Set: 1.0ms
[4.476s][info][gc,phases   ] GC(0)   Other: 2.3ms
[4.476s][info][gc,heap     ] GC(0) Eden regions: 6->0(5)
[4.476s][info][gc,heap     ] GC(0) Survivor regions: 0->1(1)
[4.476s][info][gc,heap     ] GC(0) Old regions: 0->0
[4.476s][info][gc,heap     ] GC(0) Archive regions: 0->0
[4.476s][info][gc,heap     ] GC(0) Humongous regions: 0->0
[4.476s][info][gc,metaspace] GC(0) Metaspace: 21258K(21504K)->21258K(21504K) NonClass: 18523K(18624K)->18523K(18624K) Class: 2734K(2880K)->2734K(2880K)
[4.476s][info][gc          ] GC(0) Pause Young (Concurrent Start) (Metadata GC Threshold) 91M->8M(2048M) 16.642ms
[4.476s][info][gc          ] GC(1) Concurrent Mark Cycle
[4.476s][info][gc,cpu      ] GC(0) User=0.14s Sys=0.38s Real=0.02s
[4.476s][info][gc,marking  ] GC(1) Concurrent Scan Root Regions
[4.483s][info][gc,marking  ] GC(1) Concurrent Scan Root Regions 7.201ms
[4.483s][info][gc,marking  ] GC(1) Concurrent Mark
[4.483s][info][gc,marking  ] GC(1) Concurrent Mark From Roots
[4.484s][info][gc,task     ] GC(1) Using 8 workers of 8 for marking
[4.485s][info][gc,marking  ] GC(1) Concurrent Mark From Roots 1.244ms
[4.485s][info][gc,marking  ] GC(1) Concurrent Preclean
[4.485s][info][gc,marking  ] GC(1) Concurrent Preclean 0.030ms
[4.485s][info][gc,start    ] GC(1) Pause Remark
[4.488s][info][gc          ] GC(1) Pause Remark 11M->11M(112M) 2.773ms
[4.488s][info][gc,cpu      ] GC(1) User=0.00s Sys=0.00s Real=0.00s
[4.488s][info][gc,marking  ] GC(1) Concurrent Mark 4.339ms
[4.488s][info][gc,marking  ] GC(1) Concurrent Rebuild Remembered Sets and Scrub Regions
[4.488s][info][gc,marking  ] GC(1) Concurrent Rebuild Remembered Sets and Scrub Regions 0.073ms
[4.489s][info][gc,start    ] GC(1) Pause Cleanup
[4.489s][info][gc          ] GC(1) Pause Cleanup 11M->11M(112M) 0.027ms
[4.489s][info][gc,cpu      ] GC(1) User=0.00s Sys=0.00s Real=0.00s
[4.489s][info][gc,marking  ] GC(1) Concurrent Clear Claimed Marks
[4.489s][info][gc,marking  ] GC(1) Concurrent Clear Claimed Marks 0.033ms
[4.489s][info][gc,marking  ] GC(1) Concurrent Cleanup for Next Mark
[4.490s][info][gc,marking  ] GC(1) Concurrent Cleanup for Next Mark 0.835ms
[4.490s][info][gc          ] GC(1) Concurrent Mark Cycle 13.824ms
[5.183s][info][gc,start    ] GC(2) Pause Full (System.gc())
[5.183s][info][gc,task     ] GC(2) Using 1 workers of 33 for full compaction
[5.183s][info][gc,phases,start] GC(2) Phase 1: Mark live objects
[5.219s][info][gc,phases      ] GC(2) Phase 1: Mark live objects 35.694ms
[5.219s][info][gc,phases,start] GC(2) Phase 2: Prepare compaction
[5.229s][info][gc,phases      ] GC(2) Phase 2: Prepare compaction 10.361ms
[5.229s][info][gc,phases,start] GC(2) Phase 3: Adjust pointers
[5.247s][info][gc,phases      ] GC(2) Phase 3: Adjust pointers 17.458ms
[5.247s][info][gc,phases,start] GC(2) Phase 4: Compact heap
[5.265s][info][gc,phases      ] GC(2) Phase 4: Compact heap 18.689ms
[5.269s][info][gc,heap        ] GC(2) Eden regions: 4->0(1)
[5.269s][info][gc,heap        ] GC(2) Survivor regions: 1->0(1)
[5.269s][info][gc,heap        ] GC(2) Old regions: 0->1
[5.269s][info][gc,heap        ] GC(2) Archive regions: 0->0
[5.269s][info][gc,heap        ] GC(2) Humongous regions: 0->0
[5.269s][info][gc,metaspace   ] GC(2) Metaspace: 30261K(30592K)->30261K(30592K) NonClass: 26216K(26432K)->26216K(26432K) Class: 4044K(4160K)->4044K(4160K)
[5.269s][info][gc             ] GC(2) Pause Full (System.gc()) 59M->12M(64M) 86.868ms
[5.270s][info][gc,cpu         ] GC(2) User=0.06s Sys=0.02s Real=0.08s
[5.417s][info][gc,start       ] GC(3) Pause Young (Normal) (G1 Evacuation Pause)
[5.417s][info][gc,task        ] GC(3) Using 33 workers of 33 for evacuation
[5.420s][info][gc,phases      ] GC(3)   Pre Evacuate Collection Set: 0.1ms
[5.420s][info][gc,phases      ] GC(3)   Merge Heap Roots: 0.2ms
[5.420s][info][gc,phases      ] GC(3)   Evacuate Collection Set: 1.6ms
[5.420s][info][gc,phases      ] GC(3)   Post Evacuate Collection Set: 0.8ms
[5.420s][info][gc,phases      ] GC(3)   Other: 0.1ms
[5.420s][info][gc,heap        ] GC(3) Eden regions: 1->0(1)
[5.420s][info][gc,heap        ] GC(3) Survivor regions: 0->1(1)
[5.420s][info][gc,heap        ] GC(3) Old regions: 1->1
[5.420s][info][gc,heap        ] GC(3) Archive regions: 0->0
[5.420s][info][gc,heap        ] GC(3) Humongous regions: 0->0
[5.420s][info][gc,metaspace   ] GC(3) Metaspace: 32341K(32640K)->32341K(32640K) NonClass: 27849K(28032K)->27849K(28032K) Class: 4492K(4608K)->4492K(4608K)
[5.420s][info][gc             ] GC(3) Pause Young (Normal) (G1 Evacuation Pause) 28M->13M(64M) 3.023ms
[5.420s][info][gc,cpu         ] GC(3) User=0.00s Sys=0.00s Real=0.00s
[5.601s][info][gc,start       ] GC(4) Pause Young (Normal) (G1 Evacuation Pause)
[5.601s][info][gc,task        ] GC(4) Using 33 workers of 33 for evacuation
[5.605s][info][gc,phases      ] GC(4)   Pre Evacuate Collection Set: 0.1ms
[5.605s][info][gc,phases      ] GC(4)   Merge Heap Roots: 0.1ms
[5.605s][info][gc,phases      ] GC(4)   Evacuate Collection Set: 2.8ms
[5.605s][info][gc,phases      ] GC(4)   Post Evacuate Collection Set: 0.6ms
[5.605s][info][gc,phases      ] GC(4)   Other: 0.1ms
[5.605s][info][gc,heap        ] GC(4) Eden regions: 1->0(1)
[5.605s][info][gc,heap        ] GC(4) Survivor regions: 1->1(1)
[5.605s][info][gc,heap        ] GC(4) Old regions: 1->1
[5.605s][info][gc,heap        ] GC(4) Archive regions: 0->0
[5.605s][info][gc,heap        ] GC(4) Humongous regions: 0->0
[5.605s][info][gc,metaspace   ] GC(4) Metaspace: 35083K(35456K)->35083K(35456K) NonClass: 29846K(30080K)->29846K(30080K) Class: 5236K(5376K)->5236K(5376K)
[5.605s][info][gc             ] GC(4) Pause Young (Normal) (G1 Evacuation Pause) 29M->13M(64M) 3.907ms
[5.605s][info][gc,cpu         ] GC(4) User=0.00s Sys=0.00s Real=0.00s
[5.754s][info][gc,start       ] GC(5) Pause Young (Normal) (G1 Evacuation Pause)
[5.754s][info][gc,task        ] GC(5) Using 33 workers of 33 for evacuation
[5.758s][info][gc,phases      ] GC(5)   Pre Evacuate Collection Set: 0.1ms
[5.758s][info][gc,phases      ] GC(5)   Merge Heap Roots: 0.1ms
[5.758s][info][gc,phases      ] GC(5)   Evacuate Collection Set: 3.6ms
[5.758s][info][gc,phases      ] GC(5)   Post Evacuate Collection Set: 0.5ms
[5.758s][info][gc,phases      ] GC(5)   Other: 0.1ms
[5.758s][info][gc,heap        ] GC(5) Eden regions: 1->0(1)
[5.758s][info][gc,heap        ] GC(5) Survivor regions: 1->1(1)
[5.758s][info][gc,heap        ] GC(5) Old regions: 1->1
[5.758s][info][gc,heap        ] GC(5) Archive regions: 0->0
[5.758s][info][gc,heap        ] GC(5) Humongous regions: 0->0
[5.758s][info][gc,metaspace   ] GC(5) Metaspace: 36834K(37184K)->36834K(37184K) NonClass: 31154K(31360K)->31154K(31360K) Class: 5679K(5824K)->5679K(5824K)
[5.758s][info][gc             ] GC(5) Pause Young (Normal) (G1 Evacuation Pause) 29M->13M(64M) 4.702ms
[5.758s][info][gc,cpu         ] GC(5) User=0.00s Sys=0.00s Real=0.00s
[5.883s][info][gc,start       ] GC(6) Pause Young (Normal) (G1 Evacuation Pause)
[5.884s][info][gc,task        ] GC(6) Using 33 workers of 33 for evacuation
[5.892s][info][gc,phases      ] GC(6)   Pre Evacuate Collection Set: 0.1ms
[5.892s][info][gc,phases      ] GC(6)   Merge Heap Roots: 0.1ms
[5.892s][info][gc,phases      ] GC(6)   Evacuate Collection Set: 4.7ms
[5.892s][info][gc,phases      ] GC(6)   Post Evacuate Collection Set: 3.3ms
[5.892s][info][gc,phases      ] GC(6)   Other: 0.1ms
[5.892s][info][gc,heap        ] GC(6) Eden regions: 1->0(31)
[5.892s][info][gc,heap        ] GC(6) Survivor regions: 1->1(1)
[5.892s][info][gc,heap        ] GC(6) Old regions: 1->1
[5.892s][info][gc,heap        ] GC(6) Archive regions: 0->0
[5.892s][info][gc,heap        ] GC(6) Humongous regions: 0->0
[5.892s][info][gc,metaspace   ] GC(6) Metaspace: 38883K(39296K)->38883K(39296K) NonClass: 32574K(32832K)->32574K(32832K) Class: 6308K(6464K)->6308K(6464K)
[5.892s][info][gc             ] GC(6) Pause Young (Normal) (G1 Evacuation Pause) 29M->14M(1056M) 8.524ms
[5.892s][info][gc,cpu         ] GC(6) User=0.00s Sys=0.00s Real=0.00s
[6.511s][info][gc,start       ] GC(7) Pause Young (Concurrent Start) (Metadata GC Threshold)
[6.511s][info][gc,task        ] GC(7) Using 33 workers of 33 for evacuation
[6.522s][info][gc,phases      ] GC(7)   Pre Evacuate Collection Set: 0.2ms
[6.522s][info][gc,phases      ] GC(7)   Merge Heap Roots: 0.2ms
[6.522s][info][gc,phases      ] GC(7)   Evacuate Collection Set: 9.7ms
[6.522s][info][gc,phases      ] GC(7)   Post Evacuate Collection Set: 1.0ms
[6.522s][info][gc,phases      ] GC(7)   Other: 0.1ms
[6.522s][info][gc,heap        ] GC(7) Eden regions: 5->0(38)
[6.522s][info][gc,heap        ] GC(7) Survivor regions: 1->1(4)
[6.522s][info][gc,heap        ] GC(7) Old regions: 1->1
[6.522s][info][gc,heap        ] GC(7) Archive regions: 0->0
[6.522s][info][gc,heap        ] GC(7) Humongous regions: 0->0
[6.522s][info][gc,metaspace   ] GC(7) Metaspace: 50236K(51008K)->50236K(51008K) NonClass: 40498K(40960K)->40498K(40960K) Class: 9737K(10048K)->9737K(10048K)
[6.522s][info][gc             ] GC(7) Pause Young (Concurrent Start) (Metadata GC Threshold) 82M->17M(1056M) 11.418ms
[6.522s][info][gc             ] GC(8) Concurrent Mark Cycle
[6.523s][info][gc,cpu         ] GC(7) User=0.00s Sys=0.00s Real=0.00s
[6.523s][info][gc,marking     ] GC(8) Concurrent Scan Root Regions
[6.529s][info][gc,marking     ] GC(8) Concurrent Scan Root Regions 6.859ms
[6.529s][info][gc,marking     ] GC(8) Concurrent Mark
[6.529s][info][gc,marking     ] GC(8) Concurrent Mark From Roots
[6.529s][info][gc,task        ] GC(8) Using 8 workers of 8 for marking
[6.548s][info][gc,marking     ] GC(8) Concurrent Mark From Roots 18.028ms
[6.548s][info][gc,marking     ] GC(8) Concurrent Preclean
[6.548s][info][gc,marking     ] GC(8) Concurrent Preclean 0.149ms
[6.548s][info][gc,start       ] GC(8) Pause Remark
[6.550s][info][gc             ] GC(8) Pause Remark 34M->34M(224M) 2.135ms
[6.550s][info][gc,cpu         ] GC(8) User=0.00s Sys=0.00s Real=0.00s
[6.551s][info][gc,marking     ] GC(8) Concurrent Mark 21.041ms
[6.551s][info][gc,marking     ] GC(8) Concurrent Rebuild Remembered Sets and Scrub Regions
[6.558s][info][gc,marking     ] GC(8) Concurrent Rebuild Remembered Sets and Scrub Regions 7.496ms
[6.558s][info][gc,start       ] GC(8) Pause Cleanup
[6.558s][info][gc             ] GC(8) Pause Cleanup 35M->35M(224M) 0.105ms
[6.558s][info][gc,cpu         ] GC(8) User=0.00s Sys=0.00s Real=0.00s
[6.558s][info][gc,marking     ] GC(8) Concurrent Clear Claimed Marks
[6.559s][info][gc,marking     ] GC(8) Concurrent Clear Claimed Marks 0.205ms
[6.559s][info][gc,marking     ] GC(8) Concurrent Cleanup for Next Mark
[6.560s][info][gc,marking     ] GC(8) Concurrent Cleanup for Next Mark 1.509ms
[6.560s][info][gc             ] GC(8) Concurrent Mark Cycle 37.821ms
[8.088s][info][gc,start       ] GC(9) Pause Young (Prepare Mixed) (G1 Evacuation Pause)
[8.088s][info][gc,task        ] GC(9) Using 33 workers of 33 for evacuation
[8.113s][info][gc,phases      ] GC(9)   Pre Evacuate Collection Set: 0.2ms
[8.113s][info][gc,phases      ] GC(9)   Merge Heap Roots: 0.2ms
[8.113s][info][gc,phases      ] GC(9)   Evacuate Collection Set: 23.0ms
[8.113s][info][gc,phases      ] GC(9)   Post Evacuate Collection Set: 1.3ms
[8.113s][info][gc,phases      ] GC(9)   Other: 0.1ms
[8.113s][info][gc,heap        ] GC(9) Eden regions: 12->0(7)
[8.113s][info][gc,heap        ] GC(9) Survivor regions: 1->2(5)
[8.113s][info][gc,heap        ] GC(9) Old regions: 1->1
[8.113s][info][gc,heap        ] GC(9) Archive regions: 0->0
[8.113s][info][gc,heap        ] GC(9) Humongous regions: 0->0
[8.113s][info][gc,metaspace   ] GC(9) Metaspace: 72089K(73216K)->72089K(73216K) NonClass: 56750K(57408K)->56750K(57408K) Class: 15339K(15808K)->15339K(15808K)
[8.113s][info][gc             ] GC(9) Pause Young (Prepare Mixed) (G1 Evacuation Pause) 209M->38M(256M) 24.956ms
[8.113s][info][gc,cpu         ] GC(9) User=0.03s Sys=0.00s Real=0.02s
[8.323s][info][gc,start       ] GC(10) Pause Young (Mixed) (G1 Evacuation Pause)
[8.323s][info][gc,task        ] GC(10) Using 33 workers of 33 for evacuation
[8.364s][info][gc,phases      ] GC(10)   Pre Evacuate Collection Set: 0.2ms
[8.364s][info][gc,phases      ] GC(10)   Merge Heap Roots: 0.2ms
[8.364s][info][gc,phases      ] GC(10)   Evacuate Collection Set: 38.1ms
[8.364s][info][gc,phases      ] GC(10)   Post Evacuate Collection Set: 2.0ms
[8.364s][info][gc,phases      ] GC(10)   Other: 0.1ms
[8.364s][info][gc,heap        ] GC(10) Eden regions: 7->0(8)
[8.364s][info][gc,heap        ] GC(10) Survivor regions: 2->1(2)
[8.364s][info][gc,heap        ] GC(10) Old regions: 1->3
[8.364s][info][gc,heap        ] GC(10) Archive regions: 0->0
[8.364s][info][gc,heap        ] GC(10) Humongous regions: 0->0
[8.364s][info][gc,metaspace   ] GC(10) Metaspace: 72766K(73856K)->72766K(73856K) NonClass: 57426K(58048K)->57426K(58048K) Class: 15339K(15808K)->15339K(15808K)
[8.364s][info][gc             ] GC(10) Pause Young (Mixed) (G1 Evacuation Pause) 150M->41M(256M) 40.772ms
[8.364s][info][gc,cpu         ] GC(10) User=0.98s Sys=0.00s Real=0.03s
[8.607s][info][gc,start       ] GC(11) Pause Young (Normal) (G1 Evacuation Pause)
[8.608s][info][gc,task        ] GC(11) Using 33 workers of 33 for evacuation
[8.610s][info][gc,phases      ] GC(11)   Pre Evacuate Collection Set: 0.2ms
[8.610s][info][gc,phases      ] GC(11)   Merge Heap Roots: 0.2ms
[8.610s][info][gc,phases      ] GC(11)   Evacuate Collection Set: 1.3ms
[8.610s][info][gc,phases      ] GC(11)   Post Evacuate Collection Set: 0.4ms
[8.610s][info][gc,phases      ] GC(11)   Other: 0.1ms
[8.610s][info][gc,heap        ] GC(11) Eden regions: 8->0(8)
[8.610s][info][gc,heap        ] GC(11) Survivor regions: 1->1(2)
[8.610s][info][gc,heap        ] GC(11) Old regions: 3->3
[8.610s][info][gc,heap        ] GC(11) Archive regions: 0->0
[8.610s][info][gc,heap        ] GC(11) Humongous regions: 0->0
[8.610s][info][gc,metaspace   ] GC(11) Metaspace: 72845K(73920K)->72845K(73920K) NonClass: 57503K(58112K)->57503K(58112K) Class: 15342K(15808K)->15342K(15808K)
[8.610s][info][gc             ] GC(11) Pause Young (Normal) (G1 Evacuation Pause) 169M->39M(256M) 2.378ms
[8.610s][info][gc,cpu         ] GC(11) User=0.00s Sys=0.00s Real=0.00s
[8.805s][info][gc,start       ] GC(12) Pause Young (Normal) (G1 Evacuation Pause)
[8.805s][info][gc,task        ] GC(12) Using 33 workers of 33 for evacuation
[8.807s][info][gc,phases      ] GC(12)   Pre Evacuate Collection Set: 0.2ms
[8.807s][info][gc,phases      ] GC(12)   Merge Heap Roots: 0.2ms
[8.807s][info][gc,phases      ] GC(12)   Evacuate Collection Set: 1.4ms
[8.807s][info][gc,phases      ] GC(12)   Post Evacuate Collection Set: 0.5ms
[8.807s][info][gc,phases      ] GC(12)   Other: 0.1ms
[8.807s][info][gc,heap        ] GC(12) Eden regions: 8->0(8)
[8.807s][info][gc,heap        ] GC(12) Survivor regions: 1->1(2)
[8.807s][info][gc,heap        ] GC(12) Old regions: 3->3
[8.807s][info][gc,heap        ] GC(12) Archive regions: 0->0
[8.807s][info][gc,heap        ] GC(12) Humongous regions: 0->0
[8.807s][info][gc,metaspace   ] GC(12) Metaspace: 72941K(74112K)->72941K(74112K) NonClass: 57598K(58304K)->57598K(58304K) Class: 15342K(15808K)->15342K(15808K)
[8.807s][info][gc             ] GC(12) Pause Young (Normal) (G1 Evacuation Pause) 167M->39M(256M) 2.642ms
[8.807s][info][gc,cpu         ] GC(12) User=0.00s Sys=0.00s Real=0.00s
[8.967s][info][gc,start       ] GC(13) Pause Young (Normal) (G1 Evacuation Pause)
[8.968s][info][gc,task        ] GC(13) Using 33 workers of 33 for evacuation
[8.973s][info][gc,phases      ] GC(13)   Pre Evacuate Collection Set: 0.2ms
[8.973s][info][gc,phases      ] GC(13)   Merge Heap Roots: 0.2ms
[8.973s][info][gc,phases      ] GC(13)   Evacuate Collection Set: 1.4ms
[8.973s][info][gc,phases      ] GC(13)   Post Evacuate Collection Set: 3.2ms
[8.973s][info][gc,phases      ] GC(13)   Other: 0.1ms
[8.973s][info][gc,heap        ] GC(13) Eden regions: 8->0(42)
[8.973s][info][gc,heap        ] GC(13) Survivor regions: 1->1(2)
[8.973s][info][gc,heap        ] GC(13) Old regions: 3->3
[8.973s][info][gc,heap        ] GC(13) Archive regions: 0->0
[8.973s][info][gc,heap        ] GC(13) Humongous regions: 0->0
[8.973s][info][gc,metaspace   ] GC(13) Metaspace: 72986K(74112K)->72986K(74112K) NonClass: 57642K(58304K)->57642K(58304K) Class: 15343K(15808K)->15343K(15808K)
[8.973s][info][gc             ] GC(13) Pause Young (Normal) (G1 Evacuation Pause) 167M->39M(1152M) 5.346ms
[8.973s][info][gc,cpu         ] GC(13) User=0.00s Sys=0.00s Real=0.00s
[9.738s][info][gc,start       ] GC(14) Pause Young (Normal) (G1 Evacuation Pause)
[9.738s][info][gc,task        ] GC(14) Using 33 workers of 33 for evacuation
[9.742s][info][gc,phases      ] GC(14)   Pre Evacuate Collection Set: 0.2ms
[9.742s][info][gc,phases      ] GC(14)   Merge Heap Roots: 0.2ms
[9.742s][info][gc,phases      ] GC(14)   Evacuate Collection Set: 2.2ms
[9.742s][info][gc,phases      ] GC(14)   Post Evacuate Collection Set: 0.6ms
[9.742s][info][gc,phases      ] GC(14)   Other: 0.1ms
[9.742s][info][gc,heap        ] GC(14) Eden regions: 42->0(42)
[9.742s][info][gc,heap        ] GC(14) Survivor regions: 1->1(6)
[9.742s][info][gc,heap        ] GC(14) Old regions: 3->3
[9.742s][info][gc,heap        ] GC(14) Archive regions: 0->0
[9.742s][info][gc,heap        ] GC(14) Humongous regions: 0->0
[9.742s][info][gc,metaspace   ] GC(14) Metaspace: 73001K(74112K)->73001K(74112K) NonClass: 57658K(58304K)->57658K(58304K) Class: 15343K(15808K)->15343K(15808K)
[9.742s][info][gc             ] GC(14) Pause Young (Normal) (G1 Evacuation Pause) 711M->39M(1152M) 3.609ms
[9.742s][info][gc,cpu         ] GC(14) User=0.00s Sys=0.00s Real=0.00s
[10.291s][info][gc,start       ] GC(15) Pause Young (Normal) (G1 Evacuation Pause)
[10.291s][info][gc,task        ] GC(15) Using 33 workers of 33 for evacuation
[10.294s][info][gc,phases      ] GC(15)   Pre Evacuate Collection Set: 0.2ms
[10.294s][info][gc,phases      ] GC(15)   Merge Heap Roots: 0.2ms
[10.294s][info][gc,phases      ] GC(15)   Evacuate Collection Set: 2.4ms
[10.294s][info][gc,phases      ] GC(15)   Post Evacuate Collection Set: 0.6ms
[10.294s][info][gc,phases      ] GC(15)   Other: 0.1ms
[10.294s][info][gc,heap        ] GC(15) Eden regions: 42->0(42)
[10.294s][info][gc,heap        ] GC(15) Survivor regions: 1->1(6)
[10.294s][info][gc,heap        ] GC(15) Old regions: 3->3
[10.294s][info][gc,heap        ] GC(15) Archive regions: 0->0
[10.294s][info][gc,heap        ] GC(15) Humongous regions: 0->0
[10.295s][info][gc,metaspace   ] GC(15) Metaspace: 73009K(74112K)->73009K(74112K) NonClass: 57665K(58304K)->57665K(58304K) Class: 15344K(15808K)->15344K(15808K)
[10.295s][info][gc             ] GC(15) Pause Young (Normal) (G1 Evacuation Pause) 711M->39M(1152M) 3.727ms
[10.295s][info][gc,cpu         ] GC(15) User=0.00s Sys=0.00s Real=0.00s
[10.734s][info][gc,start       ] GC(16) Pause Young (Normal) (G1 Evacuation Pause)
[10.734s][info][gc,task        ] GC(16) Using 33 workers of 33 for evacuation
[10.737s][info][gc,phases      ] GC(16)   Pre Evacuate Collection Set: 0.2ms
[10.737s][info][gc,phases      ] GC(16)   Merge Heap Roots: 0.2ms
[10.737s][info][gc,phases      ] GC(16)   Evacuate Collection Set: 1.7ms
[10.737s][info][gc,phases      ] GC(16)   Post Evacuate Collection Set: 0.7ms
[10.737s][info][gc,phases      ] GC(16)   Other: 0.1ms
[10.737s][info][gc,heap        ] GC(16) Eden regions: 42->0(42)
[10.737s][info][gc,heap        ] GC(16) Survivor regions: 1->1(6)
[10.737s][info][gc,heap        ] GC(16) Old regions: 3->3
[10.737s][info][gc,heap        ] GC(16) Archive regions: 0->0
[10.737s][info][gc,heap        ] GC(16) Humongous regions: 0->0
[10.737s][info][gc,metaspace   ] GC(16) Metaspace: 73087K(74176K)->73087K(74176K) NonClass: 57732K(58368K)->57732K(58368K) Class: 15354K(15808K)->15354K(15808K)
[10.737s][info][gc             ] GC(16) Pause Young (Normal) (G1 Evacuation Pause) 711M->39M(1152M) 3.109ms
[10.737s][info][gc,cpu         ] GC(16) User=0.00s Sys=0.00s Real=0.00s
[11.095s][info][gc,start       ] GC(17) Pause Young (Normal) (G1 Evacuation Pause)
[11.095s][info][gc,task        ] GC(17) Using 33 workers of 33 for evacuation
[11.098s][info][gc,phases      ] GC(17)   Pre Evacuate Collection Set: 0.4ms
[11.098s][info][gc,phases      ] GC(17)   Merge Heap Roots: 0.2ms
[11.098s][info][gc,phases      ] GC(17)   Evacuate Collection Set: 1.7ms
[11.098s][info][gc,phases      ] GC(17)   Post Evacuate Collection Set: 0.7ms
[11.098s][info][gc,phases      ] GC(17)   Other: 0.1ms
[11.098s][info][gc,heap        ] GC(17) Eden regions: 42->0(42)
[11.098s][info][gc,heap        ] GC(17) Survivor regions: 1->1(6)
[11.098s][info][gc,heap        ] GC(17) Old regions: 3->3
[11.098s][info][gc,heap        ] GC(17) Archive regions: 0->0
[11.098s][info][gc,heap        ] GC(17) Humongous regions: 0->0
[11.098s][info][gc,metaspace   ] GC(17) Metaspace: 73087K(74176K)->73087K(74176K) NonClass: 57732K(58368K)->57732K(58368K) Class: 15354K(15808K)->15354K(15808K)
[11.098s][info][gc             ] GC(17) Pause Young (Normal) (G1 Evacuation Pause) 711M->39M(1152M) 3.258ms
[11.098s][info][gc,cpu         ] GC(17) User=0.00s Sys=0.00s Real=0.00s
[11.424s][info][gc,start       ] GC(18) Pause Young (Normal) (G1 Evacuation Pause)
[11.424s][info][gc,task        ] GC(18) Using 33 workers of 33 for evacuation
[11.427s][info][gc,phases      ] GC(18)   Pre Evacuate Collection Set: 0.2ms
[11.427s][info][gc,phases      ] GC(18)   Merge Heap Roots: 0.2ms
[11.427s][info][gc,phases      ] GC(18)   Evacuate Collection Set: 1.8ms
[11.427s][info][gc,phases      ] GC(18)   Post Evacuate Collection Set: 0.7ms
[11.427s][info][gc,phases      ] GC(18)   Other: 0.1ms
[11.427s][info][gc,heap        ] GC(18) Eden regions: 42->0(42)
[11.427s][info][gc,heap        ] GC(18) Survivor regions: 1->1(6)
[11.427s][info][gc,heap        ] GC(18) Old regions: 3->3
[11.427s][info][gc,heap        ] GC(18) Archive regions: 0->0
[11.427s][info][gc,heap        ] GC(18) Humongous regions: 0->0
[11.427s][info][gc,metaspace   ] GC(18) Metaspace: 73093K(74176K)->73093K(74176K) NonClass: 57737K(58368K)->57737K(58368K) Class: 15356K(15808K)->15356K(15808K)
[11.427s][info][gc             ] GC(18) Pause Young (Normal) (G1 Evacuation Pause) 711M->39M(1152M) 3.219ms
[11.427s][info][gc,cpu         ] GC(18) User=0.00s Sys=0.00s Real=0.00s
[11.739s][info][gc,start       ] GC(19) Pause Young (Normal) (G1 Evacuation Pause)
[11.739s][info][gc,task        ] GC(19) Using 33 workers of 33 for evacuation
[11.742s][info][gc,phases      ] GC(19)   Pre Evacuate Collection Set: 0.2ms
[11.742s][info][gc,phases      ] GC(19)   Merge Heap Roots: 0.2ms
[11.742s][info][gc,phases      ] GC(19)   Evacuate Collection Set: 1.7ms
[11.742s][info][gc,phases      ] GC(19)   Post Evacuate Collection Set: 0.7ms
[11.742s][info][gc,phases      ] GC(19)   Other: 0.1ms
[11.742s][info][gc,heap        ] GC(19) Eden regions: 42->0(42)
[11.742s][info][gc,heap        ] GC(19) Survivor regions: 1->1(6)
[11.742s][info][gc,heap        ] GC(19) Old regions: 3->3
[11.742s][info][gc,heap        ] GC(19) Archive regions: 0->0
[11.742s][info][gc,heap        ] GC(19) Humongous regions: 0->0
[11.742s][info][gc,metaspace   ] GC(19) Metaspace: 73095K(74176K)->73095K(74176K) NonClass: 57739K(58368K)->57739K(58368K) Class: 15356K(15808K)->15356K(15808K)
[11.742s][info][gc             ] GC(19) Pause Young (Normal) (G1 Evacuation Pause) 711M->39M(1152M) 3.120ms
[11.742s][info][gc,cpu         ] GC(19) User=0.00s Sys=0.00s Real=0.00s
[11.985s][info][gc,start       ] GC(20) Pause Young (Normal) (G1 Evacuation Pause)
[11.985s][info][gc,task        ] GC(20) Using 33 workers of 33 for evacuation
[11.988s][info][gc,phases      ] GC(20)   Pre Evacuate Collection Set: 0.2ms
[11.988s][info][gc,phases      ] GC(20)   Merge Heap Roots: 0.2ms
[11.988s][info][gc,phases      ] GC(20)   Evacuate Collection Set: 1.7ms
[11.988s][info][gc,phases      ] GC(20)   Post Evacuate Collection Set: 0.6ms
[11.988s][info][gc,phases      ] GC(20)   Other: 0.1ms
[11.988s][info][gc,heap        ] GC(20) Eden regions: 42->0(42)
[11.988s][info][gc,heap        ] GC(20) Survivor regions: 1->1(6)
[11.988s][info][gc,heap        ] GC(20) Old regions: 3->3
[11.988s][info][gc,heap        ] GC(20) Archive regions: 0->0
[11.988s][info][gc,heap        ] GC(20) Humongous regions: 0->0
[11.988s][info][gc,metaspace   ] GC(20) Metaspace: 73095K(74176K)->73095K(74176K) NonClass: 57739K(58368K)->57739K(58368K) Class: 15356K(15808K)->15356K(15808K)
[11.988s][info][gc             ] GC(20) Pause Young (Normal) (G1 Evacuation Pause) 711M->39M(1152M) 3.108ms
[11.988s][info][gc,cpu         ] GC(20) User=0.00s Sys=0.00s Real=0.00s
[12.236s][info][gc,start       ] GC(21) Pause Young (Normal) (G1 Evacuation Pause)
[12.236s][info][gc,task        ] GC(21) Using 33 workers of 33 for evacuation
[12.239s][info][gc,phases      ] GC(21)   Pre Evacuate Collection Set: 0.2ms
[12.239s][info][gc,phases      ] GC(21)   Merge Heap Roots: 0.2ms
[12.239s][info][gc,phases      ] GC(21)   Evacuate Collection Set: 1.9ms
[12.239s][info][gc,phases      ] GC(21)   Post Evacuate Collection Set: 0.6ms
[12.239s][info][gc,phases      ] GC(21)   Other: 0.2ms
[12.239s][info][gc,heap        ] GC(21) Eden regions: 42->0(42)
[12.239s][info][gc,heap        ] GC(21) Survivor regions: 1->1(6)
[12.239s][info][gc,heap        ] GC(21) Old regions: 3->3
[12.239s][info][gc,heap        ] GC(21) Archive regions: 0->0
[12.239s][info][gc,heap        ] GC(21) Humongous regions: 0->0
[12.239s][info][gc,metaspace   ] GC(21) Metaspace: 73095K(74176K)->73095K(74176K) NonClass: 57739K(58368K)->57739K(58368K) Class: 15356K(15808K)->15356K(15808K)
[12.239s][info][gc             ] GC(21) Pause Young (Normal) (G1 Evacuation Pause) 711M->39M(1152M) 3.399ms
[12.239s][info][gc,cpu         ] GC(21) User=0.00s Sys=0.00s Real=0.00s
[12.463s][info][gc,start       ] GC(22) Pause Young (Normal) (G1 Evacuation Pause)
[12.463s][info][gc,task        ] GC(22) Using 33 workers of 33 for evacuation
[12.466s][info][gc,phases      ] GC(22)   Pre Evacuate Collection Set: 0.2ms
[12.466s][info][gc,phases      ] GC(22)   Merge Heap Roots: 0.2ms
[12.466s][info][gc,phases      ] GC(22)   Evacuate Collection Set: 1.8ms
[12.466s][info][gc,phases      ] GC(22)   Post Evacuate Collection Set: 0.7ms
[12.466s][info][gc,phases      ] GC(22)   Other: 0.1ms
[12.466s][info][gc,heap        ] GC(22) Eden regions: 42->0(42)
[12.466s][info][gc,heap        ] GC(22) Survivor regions: 1->1(6)
[12.466s][info][gc,heap        ] GC(22) Old regions: 3->3
[12.466s][info][gc,heap        ] GC(22) Archive regions: 0->0
[12.466s][info][gc,heap        ] GC(22) Humongous regions: 0->0
[12.466s][info][gc,metaspace   ] GC(22) Metaspace: 73095K(74176K)->73095K(74176K) NonClass: 57739K(58368K)->57739K(58368K) Class: 15356K(15808K)->15356K(15808K)
[12.466s][info][gc             ] GC(22) Pause Young (Normal) (G1 Evacuation Pause) 711M->39M(1152M) 3.179ms
[12.466s][info][gc,cpu         ] GC(22) User=0.00s Sys=0.00s Real=0.00s
[12.733s][info][gc,start       ] GC(23) Pause Young (Normal) (G1 Evacuation Pause)
[12.733s][info][gc,task        ] GC(23) Using 33 workers of 33 for evacuation
[12.737s][info][gc,phases      ] GC(23)   Pre Evacuate Collection Set: 0.2ms
[12.737s][info][gc,phases      ] GC(23)   Merge Heap Roots: 0.2ms
[12.737s][info][gc,phases      ] GC(23)   Evacuate Collection Set: 1.9ms
[12.737s][info][gc,phases      ] GC(23)   Post Evacuate Collection Set: 1.4ms
[12.737s][info][gc,phases      ] GC(23)   Other: 0.1ms
[12.737s][info][gc,heap        ] GC(23) Eden regions: 42->0(51)
[12.737s][info][gc,heap        ] GC(23) Survivor regions: 1->1(6)
[12.737s][info][gc,heap        ] GC(23) Old regions: 3->3
[12.737s][info][gc,heap        ] GC(23) Archive regions: 0->0
[12.737s][info][gc,heap        ] GC(23) Humongous regions: 0->0
[12.737s][info][gc,metaspace   ] GC(23) Metaspace: 73115K(74240K)->73115K(74240K) NonClass: 57757K(58432K)->57757K(58432K) Class: 15358K(15808K)->15358K(15808K)
[12.737s][info][gc             ] GC(23) Pause Young (Normal) (G1 Evacuation Pause) 711M->39M(1392M) 4.110ms
[12.737s][info][gc,cpu         ] GC(23) User=0.00s Sys=0.00s Real=0.00s
[13.031s][info][gc,start       ] GC(24) Pause Young (Normal) (G1 Evacuation Pause)
[13.031s][info][gc,task        ] GC(24) Using 33 workers of 33 for evacuation
[13.034s][info][gc,phases      ] GC(24)   Pre Evacuate Collection Set: 0.2ms
[13.034s][info][gc,phases      ] GC(24)   Merge Heap Roots: 0.2ms
[13.034s][info][gc,phases      ] GC(24)   Evacuate Collection Set: 1.9ms
[13.034s][info][gc,phases      ] GC(24)   Post Evacuate Collection Set: 0.7ms
[13.034s][info][gc,phases      ] GC(24)   Other: 0.1ms
[13.034s][info][gc,heap        ] GC(24) Eden regions: 51->0(51)
[13.034s][info][gc,heap        ] GC(24) Survivor regions: 1->1(7)
[13.034s][info][gc,heap        ] GC(24) Old regions: 3->3
[13.034s][info][gc,heap        ] GC(24) Archive regions: 0->0
[13.034s][info][gc,heap        ] GC(24) Humongous regions: 0->0
[13.034s][info][gc,metaspace   ] GC(24) Metaspace: 73116K(74240K)->73116K(74240K) NonClass: 57758K(58432K)->57758K(58432K) Class: 15358K(15808K)->15358K(15808K)
[13.034s][info][gc             ] GC(24) Pause Young (Normal) (G1 Evacuation Pause) 855M->39M(1392M) 3.363ms
[13.034s][info][gc,cpu         ] GC(24) User=0.00s Sys=0.00s Real=0.00s
[13.291s][info][gc,start       ] GC(25) Pause Young (Normal) (G1 Evacuation Pause)
[13.292s][info][gc,task        ] GC(25) Using 33 workers of 33 for evacuation
[13.294s][info][gc,phases      ] GC(25)   Pre Evacuate Collection Set: 0.2ms
[13.295s][info][gc,phases      ] GC(25)   Merge Heap Roots: 0.2ms
[13.295s][info][gc,phases      ] GC(25)   Evacuate Collection Set: 1.8ms
[13.295s][info][gc,phases      ] GC(25)   Post Evacuate Collection Set: 0.6ms
[13.295s][info][gc,phases      ] GC(25)   Other: 0.1ms
[13.295s][info][gc,heap        ] GC(25) Eden regions: 51->0(51)
[13.295s][info][gc,heap        ] GC(25) Survivor regions: 1->1(7)
[13.295s][info][gc,heap        ] GC(25) Old regions: 3->3
[13.295s][info][gc,heap        ] GC(25) Archive regions: 0->0
[13.295s][info][gc,heap        ] GC(25) Humongous regions: 0->0
[13.295s][info][gc,metaspace   ] GC(25) Metaspace: 73116K(74240K)->73116K(74240K) NonClass: 57758K(58432K)->57758K(58432K) Class: 15358K(15808K)->15358K(15808K)
[13.295s][info][gc             ] GC(25) Pause Young (Normal) (G1 Evacuation Pause) 855M->39M(1392M) 3.165ms
[13.295s][info][gc,cpu         ] GC(25) User=0.00s Sys=0.00s Real=0.00s
[13.510s][info][gc,start       ] GC(26) Pause Young (Normal) (G1 Evacuation Pause)
[13.510s][info][gc,task        ] GC(26) Using 33 workers of 33 for evacuation
[13.512s][info][gc,phases      ] GC(26)   Pre Evacuate Collection Set: 0.2ms
[13.512s][info][gc,phases      ] GC(26)   Merge Heap Roots: 0.2ms
[13.512s][info][gc,phases      ] GC(26)   Evacuate Collection Set: 1.2ms
[13.512s][info][gc,phases      ] GC(26)   Post Evacuate Collection Set: 0.6ms
[13.512s][info][gc,phases      ] GC(26)   Other: 0.1ms
[13.512s][info][gc,heap        ] GC(26) Eden regions: 51->0(51)
[13.512s][info][gc,heap        ] GC(26) Survivor regions: 1->1(7)
[13.512s][info][gc,heap        ] GC(26) Old regions: 3->3
[13.512s][info][gc,heap        ] GC(26) Archive regions: 0->0
[13.512s][info][gc,heap        ] GC(26) Humongous regions: 0->0
[13.512s][info][gc,metaspace   ] GC(26) Metaspace: 73117K(74240K)->73117K(74240K) NonClass: 57758K(58432K)->57758K(58432K) Class: 15358K(15808K)->15358K(15808K)
[13.512s][info][gc             ] GC(26) Pause Young (Normal) (G1 Evacuation Pause) 855M->39M(1392M) 2.593ms
[13.512s][info][gc,cpu         ] GC(26) User=0.00s Sys=0.00s Real=0.00s
[13.721s][info][gc,start       ] GC(27) Pause Young (Normal) (G1 Evacuation Pause)
[13.721s][info][gc,task        ] GC(27) Using 33 workers of 33 for evacuation
[13.724s][info][gc,phases      ] GC(27)   Pre Evacuate Collection Set: 0.2ms
[13.724s][info][gc,phases      ] GC(27)   Merge Heap Roots: 0.2ms
[13.724s][info][gc,phases      ] GC(27)   Evacuate Collection Set: 1.0ms
[13.724s][info][gc,phases      ] GC(27)   Post Evacuate Collection Set: 1.5ms
[13.724s][info][gc,phases      ] GC(27)   Other: 0.1ms
[13.724s][info][gc,heap        ] GC(27) Eden regions: 51->0(62)
[13.724s][info][gc,heap        ] GC(27) Survivor regions: 1->1(7)
[13.724s][info][gc,heap        ] GC(27) Old regions: 3->3
[13.724s][info][gc,heap        ] GC(27) Archive regions: 0->0
[13.724s][info][gc,heap        ] GC(27) Humongous regions: 0->0
[13.724s][info][gc,metaspace   ] GC(27) Metaspace: 73123K(74240K)->73123K(74240K) NonClass: 57764K(58432K)->57764K(58432K) Class: 15358K(15808K)->15358K(15808K)
[13.724s][info][gc             ] GC(27) Pause Young (Normal) (G1 Evacuation Pause) 855M->39M(1680M) 3.130ms
[13.724s][info][gc,cpu         ] GC(27) User=0.00s Sys=0.00s Real=0.00s
[14.016s][info][gc,start       ] GC(28) Pause Young (Normal) (G1 Evacuation Pause)
[14.016s][info][gc,task        ] GC(28) Using 33 workers of 33 for evacuation
[14.018s][info][gc,phases      ] GC(28)   Pre Evacuate Collection Set: 0.2ms
[14.018s][info][gc,phases      ] GC(28)   Merge Heap Roots: 0.2ms
[14.018s][info][gc,phases      ] GC(28)   Evacuate Collection Set: 1.0ms
[14.018s][info][gc,phases      ] GC(28)   Post Evacuate Collection Set: 0.5ms
[14.018s][info][gc,phases      ] GC(28)   Other: 0.1ms
[14.018s][info][gc,heap        ] GC(28) Eden regions: 62->0(62)
[14.018s][info][gc,heap        ] GC(28) Survivor regions: 1->1(8)
[14.018s][info][gc,heap        ] GC(28) Old regions: 3->3
[14.018s][info][gc,heap        ] GC(28) Archive regions: 0->0
[14.018s][info][gc,heap        ] GC(28) Humongous regions: 0->0
[14.018s][info][gc,metaspace   ] GC(28) Metaspace: 73123K(74240K)->73123K(74240K) NonClass: 57764K(58432K)->57764K(58432K) Class: 15358K(15808K)->15358K(15808K)
[14.018s][info][gc             ] GC(28) Pause Young (Normal) (G1 Evacuation Pause) 1031M->39M(1680M) 2.284ms
[14.018s][info][gc,cpu         ] GC(28) User=0.00s Sys=0.00s Real=0.00s
[14.269s][info][gc,start       ] GC(29) Pause Young (Normal) (G1 Evacuation Pause)
[14.269s][info][gc,task        ] GC(29) Using 33 workers of 33 for evacuation
[14.271s][info][gc,phases      ] GC(29)   Pre Evacuate Collection Set: 0.2ms
[14.271s][info][gc,phases      ] GC(29)   Merge Heap Roots: 0.2ms
[14.271s][info][gc,phases      ] GC(29)   Evacuate Collection Set: 0.9ms
[14.271s][info][gc,phases      ] GC(29)   Post Evacuate Collection Set: 0.6ms
[14.271s][info][gc,phases      ] GC(29)   Other: 0.1ms
[14.271s][info][gc,heap        ] GC(29) Eden regions: 62->0(62)
[14.271s][info][gc,heap        ] GC(29) Survivor regions: 1->1(8)
[14.271s][info][gc,heap        ] GC(29) Old regions: 3->3
[14.271s][info][gc,heap        ] GC(29) Archive regions: 0->0
[14.271s][info][gc,heap        ] GC(29) Humongous regions: 0->0
[14.271s][info][gc,metaspace   ] GC(29) Metaspace: 73123K(74240K)->73123K(74240K) NonClass: 57764K(58432K)->57764K(58432K) Class: 15358K(15808K)->15358K(15808K)
[14.271s][info][gc             ] GC(29) Pause Young (Normal) (G1 Evacuation Pause) 1031M->39M(1680M) 2.244ms
[14.271s][info][gc,cpu         ] GC(29) User=0.00s Sys=0.00s Real=0.00s
[14.521s][info][gc,start       ] GC(30) Pause Young (Normal) (G1 Evacuation Pause)
[14.521s][info][gc,task        ] GC(30) Using 33 workers of 33 for evacuation
[14.523s][info][gc,phases      ] GC(30)   Pre Evacuate Collection Set: 0.2ms
[14.523s][info][gc,phases      ] GC(30)   Merge Heap Roots: 0.2ms
[14.523s][info][gc,phases      ] GC(30)   Evacuate Collection Set: 1.0ms
[14.523s][info][gc,phases      ] GC(30)   Post Evacuate Collection Set: 0.6ms
[14.523s][info][gc,phases      ] GC(30)   Other: 0.1ms
[14.523s][info][gc,heap        ] GC(30) Eden regions: 62->0(62)
[14.523s][info][gc,heap        ] GC(30) Survivor regions: 1->1(8)
[14.523s][info][gc,heap        ] GC(30) Old regions: 3->3
[14.523s][info][gc,heap        ] GC(30) Archive regions: 0->0
[14.523s][info][gc,heap        ] GC(30) Humongous regions: 0->0
[14.523s][info][gc,metaspace   ] GC(30) Metaspace: 73123K(74240K)->73123K(74240K) NonClass: 57764K(58432K)->57764K(58432K) Class: 15358K(15808K)->15358K(15808K)
[14.523s][info][gc             ] GC(30) Pause Young (Normal) (G1 Evacuation Pause) 1031M->39M(1680M) 2.338ms
[14.523s][info][gc,cpu         ] GC(30) User=0.00s Sys=0.00s Real=0.00s
[14.775s][info][gc,start       ] GC(31) Pause Young (Normal) (G1 Evacuation Pause)
[14.775s][info][gc,task        ] GC(31) Using 33 workers of 33 for evacuation
[14.777s][info][gc,phases      ] GC(31)   Pre Evacuate Collection Set: 0.2ms
[14.777s][info][gc,phases      ] GC(31)   Merge Heap Roots: 0.2ms
[14.777s][info][gc,phases      ] GC(31)   Evacuate Collection Set: 0.9ms
[14.777s][info][gc,phases      ] GC(31)   Post Evacuate Collection Set: 0.5ms
[14.777s][info][gc,phases      ] GC(31)   Other: 0.1ms
[14.777s][info][gc,heap        ] GC(31) Eden regions: 62->0(62)
[14.777s][info][gc,heap        ] GC(31) Survivor regions: 1->1(8)
[14.777s][info][gc,heap        ] GC(31) Old regions: 3->3
[14.777s][info][gc,heap        ] GC(31) Archive regions: 0->0
[14.777s][info][gc,heap        ] GC(31) Humongous regions: 0->0
[14.777s][info][gc,metaspace   ] GC(31) Metaspace: 73126K(74240K)->73126K(74240K) NonClass: 57768K(58432K)->57768K(58432K) Class: 15358K(15808K)->15358K(15808K)
[14.777s][info][gc             ] GC(31) Pause Young (Normal) (G1 Evacuation Pause) 1031M->39M(1680M) 2.127ms
[14.777s][info][gc,cpu         ] GC(31) User=0.00s Sys=0.00s Real=0.00s
[15.026s][info][gc,start       ] GC(32) Pause Young (Normal) (G1 Evacuation Pause)
[15.026s][info][gc,task        ] GC(32) Using 33 workers of 33 for evacuation
[15.028s][info][gc,phases      ] GC(32)   Pre Evacuate Collection Set: 0.2ms
[15.028s][info][gc,phases      ] GC(32)   Merge Heap Roots: 0.2ms
[15.028s][info][gc,phases      ] GC(32)   Evacuate Collection Set: 1.0ms
[15.028s][info][gc,phases      ] GC(32)   Post Evacuate Collection Set: 0.5ms
[15.028s][info][gc,phases      ] GC(32)   Other: 0.1ms
[15.028s][info][gc,heap        ] GC(32) Eden regions: 62->0(62)
[15.028s][info][gc,heap        ] GC(32) Survivor regions: 1->1(8)
[15.028s][info][gc,heap        ] GC(32) Old regions: 3->3
[15.028s][info][gc,heap        ] GC(32) Archive regions: 0->0
[15.028s][info][gc,heap        ] GC(32) Humongous regions: 0->0
[15.028s][info][gc,metaspace   ] GC(32) Metaspace: 73126K(74240K)->73126K(74240K) NonClass: 57768K(58432K)->57768K(58432K) Class: 15358K(15808K)->15358K(15808K)
[15.028s][info][gc             ] GC(32) Pause Young (Normal) (G1 Evacuation Pause) 1031M->39M(1680M) 2.287ms
[15.028s][info][gc,cpu         ] GC(32) User=0.00s Sys=0.00s Real=0.00s
[15.299s][info][gc,start       ] GC(33) Pause Young (Normal) (G1 Evacuation Pause)
[15.299s][info][gc,task        ] GC(33) Using 33 workers of 33 for evacuation
[15.301s][info][gc,phases      ] GC(33)   Pre Evacuate Collection Set: 0.2ms
[15.301s][info][gc,phases      ] GC(33)   Merge Heap Roots: 0.2ms
[15.301s][info][gc,phases      ] GC(33)   Evacuate Collection Set: 1.0ms
[15.301s][info][gc,phases      ] GC(33)   Post Evacuate Collection Set: 0.6ms
[15.301s][info][gc,phases      ] GC(33)   Other: 0.1ms
[15.301s][info][gc,heap        ] GC(33) Eden regions: 62->0(62)
[15.301s][info][gc,heap        ] GC(33) Survivor regions: 1->1(8)
[15.301s][info][gc,heap        ] GC(33) Old regions: 3->3
[15.301s][info][gc,heap        ] GC(33) Archive regions: 0->0
[15.301s][info][gc,heap        ] GC(33) Humongous regions: 0->0
[15.301s][info][gc,metaspace   ] GC(33) Metaspace: 73127K(74240K)->73127K(74240K) NonClass: 57768K(58432K)->57768K(58432K) Class: 15358K(15808K)->15358K(15808K)
[15.301s][info][gc             ] GC(33) Pause Young (Normal) (G1 Evacuation Pause) 1031M->39M(1680M) 2.472ms
[15.301s][info][gc,cpu         ] GC(33) User=0.00s Sys=0.00s Real=0.00s
[15.583s][info][gc,start       ] GC(34) Pause Young (Normal) (G1 Evacuation Pause)
[15.583s][info][gc,task        ] GC(34) Using 33 workers of 33 for evacuation
[15.586s][info][gc,phases      ] GC(34)   Pre Evacuate Collection Set: 0.2ms
[15.586s][info][gc,phases      ] GC(34)   Merge Heap Roots: 0.2ms
[15.586s][info][gc,phases      ] GC(34)   Evacuate Collection Set: 1.0ms
[15.586s][info][gc,phases      ] GC(34)   Post Evacuate Collection Set: 0.6ms
[15.586s][info][gc,phases      ] GC(34)   Other: 0.1ms
[15.586s][info][gc,heap        ] GC(34) Eden regions: 62->0(62)
[15.586s][info][gc,heap        ] GC(34) Survivor regions: 1->1(8)
[15.586s][info][gc,heap        ] GC(34) Old regions: 3->3
[15.586s][info][gc,heap        ] GC(34) Archive regions: 0->0
[15.586s][info][gc,heap        ] GC(34) Humongous regions: 0->0
[15.586s][info][gc,metaspace   ] GC(34) Metaspace: 73297K(74368K)->73297K(74368K) NonClass: 57901K(58560K)->57901K(58560K) Class: 15395K(15808K)->15395K(15808K)
[15.586s][info][gc             ] GC(34) Pause Young (Normal) (G1 Evacuation Pause) 1031M->39M(1680M) 2.394ms
[15.586s][info][gc,cpu         ] GC(34) User=0.00s Sys=0.00s Real=0.00s
[15.879s][info][gc,start       ] GC(35) Pause Young (Normal) (G1 Evacuation Pause)
[15.879s][info][gc,task        ] GC(35) Using 33 workers of 33 for evacuation
[15.881s][info][gc,phases      ] GC(35)   Pre Evacuate Collection Set: 0.2ms
[15.881s][info][gc,phases      ] GC(35)   Merge Heap Roots: 0.2ms
[15.881s][info][gc,phases      ] GC(35)   Evacuate Collection Set: 1.0ms
[15.881s][info][gc,phases      ] GC(35)   Post Evacuate Collection Set: 0.5ms
[15.881s][info][gc,phases      ] GC(35)   Other: 0.1ms
[15.881s][info][gc,heap        ] GC(35) Eden regions: 62->0(62)
[15.881s][info][gc,heap        ] GC(35) Survivor regions: 1->1(8)
[15.881s][info][gc,heap        ] GC(35) Old regions: 3->3
[15.881s][info][gc,heap        ] GC(35) Archive regions: 0->0
[15.881s][info][gc,heap        ] GC(35) Humongous regions: 0->0
[15.881s][info][gc,metaspace   ] GC(35) Metaspace: 73317K(74368K)->73317K(74368K) NonClass: 57921K(58560K)->57921K(58560K) Class: 15395K(15808K)->15395K(15808K)
[15.881s][info][gc             ] GC(35) Pause Young (Normal) (G1 Evacuation Pause) 1031M->40M(1680M) 2.318ms
[15.881s][info][gc,cpu         ] GC(35) User=0.00s Sys=0.00s Real=0.00s
[16.197s][info][gc,start       ] GC(36) Pause Young (Normal) (G1 Evacuation Pause)
[16.197s][info][gc,task        ] GC(36) Using 33 workers of 33 for evacuation
[16.199s][info][gc,phases      ] GC(36)   Pre Evacuate Collection Set: 0.2ms
[16.199s][info][gc,phases      ] GC(36)   Merge Heap Roots: 0.2ms
[16.199s][info][gc,phases      ] GC(36)   Evacuate Collection Set: 0.9ms
[16.199s][info][gc,phases      ] GC(36)   Post Evacuate Collection Set: 0.6ms
[16.199s][info][gc,phases      ] GC(36)   Other: 0.1ms
[16.199s][info][gc,heap        ] GC(36) Eden regions: 62->0(62)
[16.199s][info][gc,heap        ] GC(36) Survivor regions: 1->1(8)
[16.199s][info][gc,heap        ] GC(36) Old regions: 3->3
[16.199s][info][gc,heap        ] GC(36) Archive regions: 0->0
[16.199s][info][gc,heap        ] GC(36) Humongous regions: 0->0
[16.199s][info][gc,metaspace   ] GC(36) Metaspace: 73334K(74368K)->73334K(74368K) NonClass: 57938K(58560K)->57938K(58560K) Class: 15395K(15808K)->15395K(15808K)
[16.199s][info][gc             ] GC(36) Pause Young (Normal) (G1 Evacuation Pause) 1032M->39M(1680M) 2.163ms
[16.199s][info][gc,cpu         ] GC(36) User=0.00s Sys=0.00s Real=0.00s
[16.599s][info][gc,start       ] GC(37) Pause Young (Normal) (G1 Evacuation Pause)
[16.599s][info][gc,task        ] GC(37) Using 33 workers of 33 for evacuation
[16.601s][info][gc,phases      ] GC(37)   Pre Evacuate Collection Set: 0.2ms
[16.601s][info][gc,phases      ] GC(37)   Merge Heap Roots: 0.2ms
[16.601s][info][gc,phases      ] GC(37)   Evacuate Collection Set: 0.9ms
[16.601s][info][gc,phases      ] GC(37)   Post Evacuate Collection Set: 0.6ms
[16.601s][info][gc,phases      ] GC(37)   Other: 0.1ms
[16.601s][info][gc,heap        ] GC(37) Eden regions: 62->0(62)
[16.601s][info][gc,heap        ] GC(37) Survivor regions: 1->1(8)
[16.601s][info][gc,heap        ] GC(37) Old regions: 3->3
[16.601s][info][gc,heap        ] GC(37) Archive regions: 0->0
[16.601s][info][gc,heap        ] GC(37) Humongous regions: 0->0
[16.601s][info][gc,metaspace   ] GC(37) Metaspace: 73341K(74368K)->73341K(74368K) NonClass: 57946K(58560K)->57946K(58560K) Class: 15395K(15808K)->15395K(15808K)
[16.601s][info][gc             ] GC(37) Pause Young (Normal) (G1 Evacuation Pause) 1031M->39M(1680M) 2.071ms
[16.601s][info][gc,cpu         ] GC(37) User=0.00s Sys=0.00s Real=0.00s
[17.098s][info][gc,start       ] GC(38) Pause Young (Normal) (G1 Evacuation Pause)
[17.098s][info][gc,task        ] GC(38) Using 33 workers of 33 for evacuation
[17.100s][info][gc,phases      ] GC(38)   Pre Evacuate Collection Set: 0.2ms
[17.100s][info][gc,phases      ] GC(38)   Merge Heap Roots: 0.2ms
[17.100s][info][gc,phases      ] GC(38)   Evacuate Collection Set: 0.9ms
[17.100s][info][gc,phases      ] GC(38)   Post Evacuate Collection Set: 0.5ms
[17.100s][info][gc,phases      ] GC(38)   Other: 0.1ms
[17.100s][info][gc,heap        ] GC(38) Eden regions: 62->0(62)
[17.100s][info][gc,heap        ] GC(38) Survivor regions: 1->1(8)
[17.100s][info][gc,heap        ] GC(38) Old regions: 3->3
[17.100s][info][gc,heap        ] GC(38) Archive regions: 0->0
[17.100s][info][gc,heap        ] GC(38) Humongous regions: 0->0
[17.100s][info][gc,metaspace   ] GC(38) Metaspace: 73357K(74432K)->73357K(74432K) NonClass: 57961K(58624K)->57961K(58624K) Class: 15395K(15808K)->15395K(15808K)
[17.100s][info][gc             ] GC(38) Pause Young (Normal) (G1 Evacuation Pause) 1031M->39M(1680M) 2.046ms
[17.100s][info][gc,cpu         ] GC(38) User=0.00s Sys=0.00s Real=0.00s
[17.769s][info][gc,start       ] GC(39) Pause Young (Normal) (G1 Evacuation Pause)
[17.769s][info][gc,task        ] GC(39) Using 33 workers of 33 for evacuation
[17.772s][info][gc,phases      ] GC(39)   Pre Evacuate Collection Set: 0.2ms
[17.772s][info][gc,phases      ] GC(39)   Merge Heap Roots: 0.2ms
[17.772s][info][gc,phases      ] GC(39)   Evacuate Collection Set: 1.5ms
[17.772s][info][gc,phases      ] GC(39)   Post Evacuate Collection Set: 0.6ms
[17.772s][info][gc,phases      ] GC(39)   Other: 0.1ms
[17.772s][info][gc,heap        ] GC(39) Eden regions: 62->0(62)
[17.772s][info][gc,heap        ] GC(39) Survivor regions: 1->1(8)
[17.772s][info][gc,heap        ] GC(39) Old regions: 3->3
[17.772s][info][gc,heap        ] GC(39) Archive regions: 0->0
[17.772s][info][gc,heap        ] GC(39) Humongous regions: 0->0
[17.772s][info][gc,metaspace   ] GC(39) Metaspace: 73822K(74880K)->73822K(74880K) NonClass: 58272K(58880K)->58272K(58880K) Class: 15550K(16000K)->15550K(16000K)
[17.772s][info][gc             ] GC(39) Pause Young (Normal) (G1 Evacuation Pause) 1031M->40M(1680M) 2.700ms
[17.772s][info][gc,cpu         ] GC(39) User=0.00s Sys=0.00s Real=0.00s
[18.361s][info][gc,start       ] GC(40) Pause Full (System.gc())
[18.361s][info][gc,task        ] GC(40) Using 10 workers of 33 for full compaction
[18.361s][info][gc,phases,start] GC(40) Phase 1: Mark live objects
[18.391s][info][gc,phases      ] GC(40) Phase 1: Mark live objects 29.671ms
[18.391s][info][gc,phases,start] GC(40) Phase 2: Prepare compaction
[18.397s][info][gc,phases      ] GC(40) Phase 2: Prepare compaction 6.390ms
[18.397s][info][gc,phases,start] GC(40) Phase 3: Adjust pointers
[18.411s][info][gc,phases      ] GC(40) Phase 3: Adjust pointers 13.190ms
[18.411s][info][gc,phases,start] GC(40) Phase 4: Compact heap
[18.418s][info][gc,phases      ] GC(40) Phase 4: Compact heap 7.064ms
[18.439s][info][gc,heap        ] GC(40) Eden regions: 52->0(20)
[18.439s][info][gc,heap        ] GC(40) Survivor regions: 1->0(8)
[18.439s][info][gc,heap        ] GC(40) Old regions: 3->10
[18.439s][info][gc,heap        ] GC(40) Archive regions: 0->0
[18.439s][info][gc,heap        ] GC(40) Humongous regions: 0->0
[18.439s][info][gc,metaspace   ] GC(40) Metaspace: 73866K(74944K)->73040K(74944K) NonClass: 58310K(58944K)->57732K(58944K) Class: 15556K(16000K)->15307K(16000K)
[18.439s][info][gc             ] GC(40) Pause Full (System.gc()) 862M->34M(544M) 78.721ms
[18.439s][info][gc,cpu         ] GC(40) User=0.33s Sys=0.33s Real=0.08s
[18.733s][info][gc,start       ] GC(41) Pause Young (Normal) (G1 Evacuation Pause)
[18.733s][info][gc,task        ] GC(41) Using 33 workers of 33 for evacuation
[18.737s][info][gc,phases      ] GC(41)   Pre Evacuate Collection Set: 0.2ms
[18.737s][info][gc,phases      ] GC(41)   Merge Heap Roots: 0.2ms
[18.737s][info][gc,phases      ] GC(41)   Evacuate Collection Set: 3.4ms
[18.737s][info][gc,phases      ] GC(41)   Post Evacuate Collection Set: 0.7ms
[18.737s][info][gc,phases      ] GC(41)   Other: 0.1ms
[18.738s][info][gc,heap        ] GC(41) Eden regions: 20->0(19)
[18.738s][info][gc,heap        ] GC(41) Survivor regions: 0->1(3)
[18.738s][info][gc,heap        ] GC(41) Old regions: 10->10
[18.738s][info][gc,heap        ] GC(41) Archive regions: 0->0
[18.738s][info][gc,heap        ] GC(41) Humongous regions: 0->0
[18.738s][info][gc,metaspace   ] GC(41) Metaspace: 73156K(75008K)->73156K(75008K) NonClass: 57840K(59008K)->57840K(59008K) Class: 15316K(16000K)->15316K(16000K)
[18.738s][info][gc             ] GC(41) Pause Young (Normal) (G1 Evacuation Pause) 354M->37M(544M) 4.790ms
[18.738s][info][gc,cpu         ] GC(41) User=0.00s Sys=0.00s Real=0.00s
[18.880s][info][gc,start       ] GC(42) Pause Young (Normal) (G1 Evacuation Pause)
[18.880s][info][gc,task        ] GC(42) Using 33 workers of 33 for evacuation
[18.883s][info][gc,phases      ] GC(42)   Pre Evacuate Collection Set: 0.2ms
[18.883s][info][gc,phases      ] GC(42)   Merge Heap Roots: 0.2ms
[18.883s][info][gc,phases      ] GC(42)   Evacuate Collection Set: 2.4ms
[18.883s][info][gc,phases      ] GC(42)   Post Evacuate Collection Set: 0.6ms
[18.883s][info][gc,phases      ] GC(42)   Other: 0.1ms
[18.883s][info][gc,heap        ] GC(42) Eden regions: 19->0(19)
[18.883s][info][gc,heap        ] GC(42) Survivor regions: 1->1(3)
[18.883s][info][gc,heap        ] GC(42) Old regions: 10->10
[18.883s][info][gc,heap        ] GC(42) Archive regions: 0->0
[18.883s][info][gc,heap        ] GC(42) Humongous regions: 0->0
[18.883s][info][gc,metaspace   ] GC(42) Metaspace: 73156K(75008K)->73156K(75008K) NonClass: 57840K(59008K)->57840K(59008K) Class: 15316K(16000K)->15316K(16000K)
[18.883s][info][gc             ] GC(42) Pause Young (Normal) (G1 Evacuation Pause) 341M->37M(544M) 3.801ms
[18.884s][info][gc,cpu         ] GC(42) User=0.00s Sys=0.00s Real=0.00s
[19.005s][info][gc,start       ] GC(43) Pause Young (Normal) (G1 Evacuation Pause)
[19.006s][info][gc,task        ] GC(43) Using 33 workers of 33 for evacuation
[19.008s][info][gc,phases      ] GC(43)   Pre Evacuate Collection Set: 0.2ms
[19.008s][info][gc,phases      ] GC(43)   Merge Heap Roots: 0.2ms
[19.008s][info][gc,phases      ] GC(43)   Evacuate Collection Set: 1.4ms
[19.008s][info][gc,phases      ] GC(43)   Post Evacuate Collection Set: 0.7ms
[19.008s][info][gc,phases      ] GC(43)   Other: 0.1ms
[19.008s][info][gc,heap        ] GC(43) Eden regions: 19->0(19)
[19.008s][info][gc,heap        ] GC(43) Survivor regions: 1->1(3)
[19.008s][info][gc,heap        ] GC(43) Old regions: 10->10
[19.008s][info][gc,heap        ] GC(43) Archive regions: 0->0
[19.008s][info][gc,heap        ] GC(43) Humongous regions: 0->0
[19.008s][info][gc,metaspace   ] GC(43) Metaspace: 73156K(75008K)->73156K(75008K) NonClass: 57840K(59008K)->57840K(59008K) Class: 15316K(16000K)->15316K(16000K)
[19.008s][info][gc             ] GC(43) Pause Young (Normal) (G1 Evacuation Pause) 341M->37M(544M) 2.886ms
[19.008s][info][gc,cpu         ] GC(43) User=0.00s Sys=0.00s Real=0.00s
[19.122s][info][gc,start       ] GC(44) Pause Young (Normal) (G1 Evacuation Pause)
[19.122s][info][gc,task        ] GC(44) Using 33 workers of 33 for evacuation
[19.126s][info][gc,phases      ] GC(44)   Pre Evacuate Collection Set: 0.2ms
[19.126s][info][gc,phases      ] GC(44)   Merge Heap Roots: 0.2ms
[19.126s][info][gc,phases      ] GC(44)   Evacuate Collection Set: 1.5ms
[19.126s][info][gc,phases      ] GC(44)   Post Evacuate Collection Set: 1.5ms
[19.126s][info][gc,phases      ] GC(44)   Other: 0.1ms
[19.126s][info][gc,heap        ] GC(44) Eden regions: 19->0(28)
[19.126s][info][gc,heap        ] GC(44) Survivor regions: 1->1(3)
[19.126s][info][gc,heap        ] GC(44) Old regions: 10->10
[19.126s][info][gc,heap        ] GC(44) Archive regions: 0->0
[19.126s][info][gc,heap        ] GC(44) Humongous regions: 0->0
[19.126s][info][gc,metaspace   ] GC(44) Metaspace: 73156K(75008K)->73156K(75008K) NonClass: 57840K(59008K)->57840K(59008K) Class: 15316K(16000K)->15316K(16000K)
[19.126s][info][gc             ] GC(44) Pause Young (Normal) (G1 Evacuation Pause) 341M->37M(784M) 3.734ms
[19.126s][info][gc,cpu         ] GC(44) User=0.00s Sys=0.00s Real=0.00s
[19.334s][info][gc,start       ] GC(45) Pause Young (Normal) (G1 Evacuation Pause)
[19.334s][info][gc,task        ] GC(45) Using 33 workers of 33 for evacuation
[19.337s][info][gc,phases      ] GC(45)   Pre Evacuate Collection Set: 0.2ms
[19.337s][info][gc,phases      ] GC(45)   Merge Heap Roots: 0.2ms
[19.337s][info][gc,phases      ] GC(45)   Evacuate Collection Set: 1.5ms
[19.337s][info][gc,phases      ] GC(45)   Post Evacuate Collection Set: 0.7ms
[19.337s][info][gc,phases      ] GC(45)   Other: 0.1ms
[19.337s][info][gc,heap        ] GC(45) Eden regions: 28->0(28)
[19.337s][info][gc,heap        ] GC(45) Survivor regions: 1->1(4)
[19.337s][info][gc,heap        ] GC(45) Old regions: 10->10
[19.337s][info][gc,heap        ] GC(45) Archive regions: 0->0
[19.337s][info][gc,heap        ] GC(45) Humongous regions: 0->0
[19.337s][info][gc,metaspace   ] GC(45) Metaspace: 73156K(75008K)->73156K(75008K) NonClass: 57840K(59008K)->57840K(59008K) Class: 15316K(16000K)->15316K(16000K)
[19.337s][info][gc             ] GC(45) Pause Young (Normal) (G1 Evacuation Pause) 485M->38M(784M) 2.965ms
[19.337s][info][gc,cpu         ] GC(45) User=0.00s Sys=0.00s Real=0.00s
[19.499s][info][gc,start       ] GC(46) Pause Young (Normal) (G1 Evacuation Pause)
[19.499s][info][gc,task        ] GC(46) Using 33 workers of 33 for evacuation
[19.502s][info][gc,phases      ] GC(46)   Pre Evacuate Collection Set: 0.2ms
[19.502s][info][gc,phases      ] GC(46)   Merge Heap Roots: 0.2ms
[19.502s][info][gc,phases      ] GC(46)   Evacuate Collection Set: 1.5ms
[19.502s][info][gc,phases      ] GC(46)   Post Evacuate Collection Set: 0.7ms
[19.502s][info][gc,phases      ] GC(46)   Other: 0.1ms
[19.502s][info][gc,heap        ] GC(46) Eden regions: 28->0(28)
[19.502s][info][gc,heap        ] GC(46) Survivor regions: 1->1(4)
[19.502s][info][gc,heap        ] GC(46) Old regions: 10->10
[19.502s][info][gc,heap        ] GC(46) Archive regions: 0->0
[19.502s][info][gc,heap        ] GC(46) Humongous regions: 0->0
[19.502s][info][gc,metaspace   ] GC(46) Metaspace: 73156K(75008K)->73156K(75008K) NonClass: 57840K(59008K)->57840K(59008K) Class: 15316K(16000K)->15316K(16000K)
[19.502s][info][gc             ] GC(46) Pause Young (Normal) (G1 Evacuation Pause) 486M->38M(784M) 2.903ms
[19.502s][info][gc,cpu         ] GC(46) User=0.00s Sys=0.00s Real=0.00s
[19.655s][info][gc,start       ] GC(47) Pause Young (Normal) (G1 Evacuation Pause)
[19.655s][info][gc,task        ] GC(47) Using 33 workers of 33 for evacuation
[19.658s][info][gc,phases      ] GC(47)   Pre Evacuate Collection Set: 0.2ms
[19.658s][info][gc,phases      ] GC(47)   Merge Heap Roots: 0.2ms
[19.658s][info][gc,phases      ] GC(47)   Evacuate Collection Set: 1.4ms
[19.658s][info][gc,phases      ] GC(47)   Post Evacuate Collection Set: 0.7ms
[19.658s][info][gc,phases      ] GC(47)   Other: 0.1ms
[19.658s][info][gc,heap        ] GC(47) Eden regions: 28->0(28)
[19.658s][info][gc,heap        ] GC(47) Survivor regions: 1->1(4)
[19.658s][info][gc,heap        ] GC(47) Old regions: 10->10
[19.658s][info][gc,heap        ] GC(47) Archive regions: 0->0
[19.658s][info][gc,heap        ] GC(47) Humongous regions: 0->0
[19.658s][info][gc,metaspace   ] GC(47) Metaspace: 73156K(75008K)->73156K(75008K) NonClass: 57840K(59008K)->57840K(59008K) Class: 15316K(16000K)->15316K(16000K)
[19.658s][info][gc             ] GC(47) Pause Young (Normal) (G1 Evacuation Pause) 486M->37M(784M) 2.850ms
[19.658s][info][gc,cpu         ] GC(47) User=0.00s Sys=0.00s Real=0.00s
[19.803s][info][gc,start       ] GC(48) Pause Young (Normal) (G1 Evacuation Pause)
[19.803s][info][gc,task        ] GC(48) Using 33 workers of 33 for evacuation
[19.806s][info][gc,phases      ] GC(48)   Pre Evacuate Collection Set: 0.2ms
[19.806s][info][gc,phases      ] GC(48)   Merge Heap Roots: 0.2ms
[19.806s][info][gc,phases      ] GC(48)   Evacuate Collection Set: 1.4ms
[19.806s][info][gc,phases      ] GC(48)   Post Evacuate Collection Set: 1.3ms
[19.806s][info][gc,phases      ] GC(48)   Other: 0.1ms
[19.806s][info][gc,heap        ] GC(48) Eden regions: 28->0(34)
[19.806s][info][gc,heap        ] GC(48) Survivor regions: 1->1(4)
[19.806s][info][gc,heap        ] GC(48) Old regions: 10->10
[19.806s][info][gc,heap        ] GC(48) Archive regions: 0->0
[19.806s][info][gc,heap        ] GC(48) Humongous regions: 0->0
[19.806s][info][gc,metaspace   ] GC(48) Metaspace: 73156K(75008K)->73156K(75008K) NonClass: 57840K(59008K)->57840K(59008K) Class: 15316K(16000K)->15316K(16000K)
[19.806s][info][gc             ] GC(48) Pause Young (Normal) (G1 Evacuation Pause) 485M->38M(944M) 3.463ms
[19.806s][info][gc,cpu         ] GC(48) User=0.00s Sys=0.00s Real=0.00s
[20.001s][info][gc,start       ] GC(49) Pause Young (Normal) (G1 Evacuation Pause)
[20.001s][info][gc,task        ] GC(49) Using 33 workers of 33 for evacuation
[20.004s][info][gc,phases      ] GC(49)   Pre Evacuate Collection Set: 0.2ms
[20.004s][info][gc,phases      ] GC(49)   Merge Heap Roots: 0.2ms
[20.004s][info][gc,phases      ] GC(49)   Evacuate Collection Set: 1.4ms
[20.004s][info][gc,phases      ] GC(49)   Post Evacuate Collection Set: 0.7ms
[20.004s][info][gc,phases      ] GC(49)   Other: 0.1ms
[20.004s][info][gc,heap        ] GC(49) Eden regions: 34->0(34)
[20.004s][info][gc,heap        ] GC(49) Survivor regions: 1->1(5)
[20.004s][info][gc,heap        ] GC(49) Old regions: 10->10
[20.004s][info][gc,heap        ] GC(49) Archive regions: 0->0
[20.004s][info][gc,heap        ] GC(49) Humongous regions: 0->0
[20.004s][info][gc,metaspace   ] GC(49) Metaspace: 73156K(75008K)->73156K(75008K) NonClass: 57840K(59008K)->57840K(59008K) Class: 15316K(16000K)->15316K(16000K)
[20.004s][info][gc             ] GC(49) Pause Young (Normal) (G1 Evacuation Pause) 582M->37M(944M) 2.796ms
[20.004s][info][gc,cpu         ] GC(49) User=0.00s Sys=0.00s Real=0.00s
[20.154s][info][gc,start       ] GC(50) Pause Young (Normal) (G1 Evacuation Pause)
[20.154s][info][gc,task        ] GC(50) Using 33 workers of 33 for evacuation
[20.156s][info][gc,phases      ] GC(50)   Pre Evacuate Collection Set: 0.2ms
[20.156s][info][gc,phases      ] GC(50)   Merge Heap Roots: 0.2ms
[20.157s][info][gc,phases      ] GC(50)   Evacuate Collection Set: 1.4ms
[20.157s][info][gc,phases      ] GC(50)   Post Evacuate Collection Set: 0.7ms
[20.157s][info][gc,phases      ] GC(50)   Other: 0.1ms
[20.157s][info][gc,heap        ] GC(50) Eden regions: 34->0(34)
[20.157s][info][gc,heap        ] GC(50) Survivor regions: 1->1(5)
[20.157s][info][gc,heap        ] GC(50) Old regions: 10->10
[20.157s][info][gc,heap        ] GC(50) Archive regions: 0->0
[20.157s][info][gc,heap        ] GC(50) Humongous regions: 0->0
[20.157s][info][gc,metaspace   ] GC(50) Metaspace: 73156K(75008K)->73156K(75008K) NonClass: 57840K(59008K)->57840K(59008K) Class: 15316K(16000K)->15316K(16000K)
[20.157s][info][gc             ] GC(50) Pause Young (Normal) (G1 Evacuation Pause) 581M->38M(944M) 2.754ms
[20.157s][info][gc,cpu         ] GC(50) User=0.44s Sys=0.00s Real=0.00s
[20.302s][info][gc,start       ] GC(51) Pause Young (Normal) (G1 Evacuation Pause)
[20.302s][info][gc,task        ] GC(51) Using 33 workers of 33 for evacuation
[20.304s][info][gc,phases      ] GC(51)   Pre Evacuate Collection Set: 0.2ms
[20.304s][info][gc,phases      ] GC(51)   Merge Heap Roots: 0.2ms
[20.304s][info][gc,phases      ] GC(51)   Evacuate Collection Set: 1.3ms
[20.304s][info][gc,phases      ] GC(51)   Post Evacuate Collection Set: 0.7ms
[20.304s][info][gc,phases      ] GC(51)   Other: 0.1ms
[20.304s][info][gc,heap        ] GC(51) Eden regions: 34->0(34)
[20.304s][info][gc,heap        ] GC(51) Survivor regions: 1->1(5)
[20.304s][info][gc,heap        ] GC(51) Old regions: 10->10
[20.304s][info][gc,heap        ] GC(51) Archive regions: 0->0
[20.304s][info][gc,heap        ] GC(51) Humongous regions: 0->0
[20.304s][info][gc,metaspace   ] GC(51) Metaspace: 73156K(75008K)->73156K(75008K) NonClass: 57840K(59008K)->57840K(59008K) Class: 15316K(16000K)->15316K(16000K)
[20.305s][info][gc             ] GC(51) Pause Young (Normal) (G1 Evacuation Pause) 582M->38M(944M) 2.714ms
[20.305s][info][gc,cpu         ] GC(51) User=0.00s Sys=0.00s Real=0.00s
[20.454s][info][gc,start       ] GC(52) Pause Young (Normal) (G1 Evacuation Pause)
[20.454s][info][gc,task        ] GC(52) Using 33 workers of 33 for evacuation
[20.457s][info][gc,phases      ] GC(52)   Pre Evacuate Collection Set: 0.2ms
[20.457s][info][gc,phases      ] GC(52)   Merge Heap Roots: 0.2ms
[20.457s][info][gc,phases      ] GC(52)   Evacuate Collection Set: 1.5ms
[20.457s][info][gc,phases      ] GC(52)   Post Evacuate Collection Set: 1.3ms
[20.457s][info][gc,phases      ] GC(52)   Other: 0.1ms
[20.457s][info][gc,heap        ] GC(52) Eden regions: 34->0(41)
[20.457s][info][gc,heap        ] GC(52) Survivor regions: 1->1(5)
[20.457s][info][gc,heap        ] GC(52) Old regions: 10->10
[20.457s][info][gc,heap        ] GC(52) Archive regions: 0->0
[20.457s][info][gc,heap        ] GC(52) Humongous regions: 0->0
[20.457s][info][gc,metaspace   ] GC(52) Metaspace: 73156K(75008K)->73156K(75008K) NonClass: 57840K(59008K)->57840K(59008K) Class: 15316K(16000K)->15316K(16000K)
[20.457s][info][gc             ] GC(52) Pause Young (Normal) (G1 Evacuation Pause) 582M->37M(1136M) 3.429ms
[20.457s][info][gc,cpu         ] GC(52) User=0.00s Sys=0.00s Real=0.00s
[20.655s][info][gc,start       ] GC(53) Pause Young (Normal) (G1 Evacuation Pause)
[20.655s][info][gc,task        ] GC(53) Using 33 workers of 33 for evacuation
[20.657s][info][gc,phases      ] GC(53)   Pre Evacuate Collection Set: 0.2ms
[20.657s][info][gc,phases      ] GC(53)   Merge Heap Roots: 0.2ms
[20.657s][info][gc,phases      ] GC(53)   Evacuate Collection Set: 1.3ms
[20.657s][info][gc,phases      ] GC(53)   Post Evacuate Collection Set: 0.7ms
[20.658s][info][gc,phases      ] GC(53)   Other: 0.1ms
[20.658s][info][gc,heap        ] GC(53) Eden regions: 41->0(41)
[20.658s][info][gc,heap        ] GC(53) Survivor regions: 1->1(6)
[20.658s][info][gc,heap        ] GC(53) Old regions: 10->10
[20.658s][info][gc,heap        ] GC(53) Archive regions: 0->0
[20.658s][info][gc,heap        ] GC(53) Humongous regions: 0->0
[20.658s][info][gc,metaspace   ] GC(53) Metaspace: 73156K(75008K)->73156K(75008K) NonClass: 57840K(59008K)->57840K(59008K) Class: 15316K(16000K)->15316K(16000K)
[20.658s][info][gc             ] GC(53) Pause Young (Normal) (G1 Evacuation Pause) 693M->38M(1136M) 2.761ms
[20.658s][info][gc,cpu         ] GC(53) User=0.00s Sys=0.00s Real=0.00s
[20.827s][info][gc,start       ] GC(54) Pause Young (Normal) (G1 Evacuation Pause)
[20.828s][info][gc,task        ] GC(54) Using 33 workers of 33 for evacuation
[20.830s][info][gc,phases      ] GC(54)   Pre Evacuate Collection Set: 0.2ms
[20.830s][info][gc,phases      ] GC(54)   Merge Heap Roots: 0.2ms
[20.830s][info][gc,phases      ] GC(54)   Evacuate Collection Set: 1.3ms
[20.830s][info][gc,phases      ] GC(54)   Post Evacuate Collection Set: 0.7ms
[20.830s][info][gc,phases      ] GC(54)   Other: 0.1ms
[20.830s][info][gc,heap        ] GC(54) Eden regions: 41->0(41)
[20.830s][info][gc,heap        ] GC(54) Survivor regions: 1->1(6)
[20.830s][info][gc,heap        ] GC(54) Old regions: 10->10
[20.830s][info][gc,heap        ] GC(54) Archive regions: 0->0
[20.830s][info][gc,heap        ] GC(54) Humongous regions: 0->0
[20.830s][info][gc,metaspace   ] GC(54) Metaspace: 73156K(75008K)->73156K(75008K) NonClass: 57840K(59008K)->57840K(59008K) Class: 15316K(16000K)->15316K(16000K)
[20.830s][info][gc             ] GC(54) Pause Young (Normal) (G1 Evacuation Pause) 694M->38M(1136M) 2.707ms
[20.830s][info][gc,cpu         ] GC(54) User=0.02s Sys=0.00s Real=0.00s
[21.000s][info][gc,start       ] GC(55) Pause Young (Normal) (G1 Evacuation Pause)
[21.000s][info][gc,task        ] GC(55) Using 33 workers of 33 for evacuation
[21.002s][info][gc,phases      ] GC(55)   Pre Evacuate Collection Set: 0.2ms
[21.002s][info][gc,phases      ] GC(55)   Merge Heap Roots: 0.2ms
[21.002s][info][gc,phases      ] GC(55)   Evacuate Collection Set: 1.2ms
[21.002s][info][gc,phases      ] GC(55)   Post Evacuate Collection Set: 0.7ms
[21.002s][info][gc,phases      ] GC(55)   Other: 0.1ms
[21.002s][info][gc,heap        ] GC(55) Eden regions: 41->0(41)
[21.002s][info][gc,heap        ] GC(55) Survivor regions: 1->1(6)
[21.002s][info][gc,heap        ] GC(55) Old regions: 10->10
[21.002s][info][gc,heap        ] GC(55) Archive regions: 0->0
[21.002s][info][gc,heap        ] GC(55) Humongous regions: 0->0
[21.002s][info][gc,metaspace   ] GC(55) Metaspace: 73156K(75008K)->73156K(75008K) NonClass: 57840K(59008K)->57840K(59008K) Class: 15316K(16000K)->15316K(16000K)
[21.002s][info][gc             ] GC(55) Pause Young (Normal) (G1 Evacuation Pause) 694M->38M(1136M) 2.603ms
[21.002s][info][gc,cpu         ] GC(55) User=0.00s Sys=0.00s Real=0.00s
[21.171s][info][gc,start       ] GC(56) Pause Young (Normal) (G1 Evacuation Pause)
[21.171s][info][gc,task        ] GC(56) Using 33 workers of 33 for evacuation
[21.174s][info][gc,phases      ] GC(56)   Pre Evacuate Collection Set: 0.2ms
[21.174s][info][gc,phases      ] GC(56)   Merge Heap Roots: 0.2ms
[21.174s][info][gc,phases      ] GC(56)   Evacuate Collection Set: 1.2ms
[21.174s][info][gc,phases      ] GC(56)   Post Evacuate Collection Set: 1.2ms
[21.174s][info][gc,phases      ] GC(56)   Other: 0.1ms
[21.174s][info][gc,heap        ] GC(56) Eden regions: 41->0(50)
[21.174s][info][gc,heap        ] GC(56) Survivor regions: 1->1(6)
[21.174s][info][gc,heap        ] GC(56) Old regions: 10->11
[21.174s][info][gc,heap        ] GC(56) Archive regions: 0->0
[21.175s][info][gc,heap        ] GC(56) Humongous regions: 0->0
[21.175s][info][gc,metaspace   ] GC(56) Metaspace: 73156K(75008K)->73156K(75008K) NonClass: 57840K(59008K)->57840K(59008K) Class: 15316K(16000K)->15316K(16000K)
[21.175s][info][gc             ] GC(56) Pause Young (Normal) (G1 Evacuation Pause) 694M->38M(1376M) 3.173ms
[21.175s][info][gc,cpu         ] GC(56) User=0.00s Sys=0.00s Real=0.00s
[21.409s][info][gc,start       ] GC(57) Pause Young (Normal) (G1 Evacuation Pause)
[21.409s][info][gc,task        ] GC(57) Using 33 workers of 33 for evacuation
[21.411s][info][gc,phases      ] GC(57)   Pre Evacuate Collection Set: 0.2ms
[21.411s][info][gc,phases      ] GC(57)   Merge Heap Roots: 0.2ms
[21.411s][info][gc,phases      ] GC(57)   Evacuate Collection Set: 1.0ms
[21.411s][info][gc,phases      ] GC(57)   Post Evacuate Collection Set: 0.5ms
[21.411s][info][gc,phases      ] GC(57)   Other: 0.1ms
[21.411s][info][gc,heap        ] GC(57) Eden regions: 50->0(50)
[21.411s][info][gc,heap        ] GC(57) Survivor regions: 1->1(7)
[21.411s][info][gc,heap        ] GC(57) Old regions: 11->11
[21.411s][info][gc,heap        ] GC(57) Archive regions: 0->0
[21.411s][info][gc,heap        ] GC(57) Humongous regions: 0->0
[21.411s][info][gc,metaspace   ] GC(57) Metaspace: 73156K(75008K)->73156K(75008K) NonClass: 57840K(59008K)->57840K(59008K) Class: 15316K(16000K)->15316K(16000K)
[21.411s][info][gc             ] GC(57) Pause Young (Normal) (G1 Evacuation Pause) 838M->38M(1376M) 2.190ms
[21.411s][info][gc,cpu         ] GC(57) User=0.00s Sys=0.00s Real=0.00s
[21.619s][info][gc,start       ] GC(58) Pause Young (Normal) (G1 Evacuation Pause)
[21.619s][info][gc,task        ] GC(58) Using 33 workers of 33 for evacuation
[21.621s][info][gc,phases      ] GC(58)   Pre Evacuate Collection Set: 0.2ms
[21.621s][info][gc,phases      ] GC(58)   Merge Heap Roots: 0.2ms
[21.621s][info][gc,phases      ] GC(58)   Evacuate Collection Set: 0.9ms
[21.621s][info][gc,phases      ] GC(58)   Post Evacuate Collection Set: 0.5ms
[21.621s][info][gc,phases      ] GC(58)   Other: 0.1ms
[21.621s][info][gc,heap        ] GC(58) Eden regions: 50->0(50)
[21.621s][info][gc,heap        ] GC(58) Survivor regions: 1->1(7)
[21.621s][info][gc,heap        ] GC(58) Old regions: 11->11
[21.621s][info][gc,heap        ] GC(58) Archive regions: 0->0
[21.621s][info][gc,heap        ] GC(58) Humongous regions: 0->0
[21.621s][info][gc,metaspace   ] GC(58) Metaspace: 73156K(75008K)->73156K(75008K) NonClass: 57840K(59008K)->57840K(59008K) Class: 15316K(16000K)->15316K(16000K)
[21.621s][info][gc             ] GC(58) Pause Young (Normal) (G1 Evacuation Pause) 838M->38M(1376M) 2.098ms
[21.621s][info][gc,cpu         ] GC(58) User=0.00s Sys=0.00s Real=0.00s
[21.827s][info][gc,start       ] GC(59) Pause Young (Normal) (G1 Evacuation Pause)
[21.828s][info][gc,task        ] GC(59) Using 33 workers of 33 for evacuation
[21.829s][info][gc,phases      ] GC(59)   Pre Evacuate Collection Set: 0.2ms
[21.829s][info][gc,phases      ] GC(59)   Merge Heap Roots: 0.2ms
[21.829s][info][gc,phases      ] GC(59)   Evacuate Collection Set: 0.9ms
[21.829s][info][gc,phases      ] GC(59)   Post Evacuate Collection Set: 0.5ms
[21.830s][info][gc,phases      ] GC(59)   Other: 0.1ms
[21.830s][info][gc,heap        ] GC(59) Eden regions: 50->0(50)
[21.830s][info][gc,heap        ] GC(59) Survivor regions: 1->1(7)
[21.830s][info][gc,heap        ] GC(59) Old regions: 11->11
[21.830s][info][gc,heap        ] GC(59) Archive regions: 0->0
[21.830s][info][gc,heap        ] GC(59) Humongous regions: 0->0
[21.830s][info][gc,metaspace   ] GC(59) Metaspace: 73156K(75008K)->73156K(75008K) NonClass: 57840K(59008K)->57840K(59008K) Class: 15316K(16000K)->15316K(16000K)
[21.830s][info][gc             ] GC(59) Pause Young (Normal) (G1 Evacuation Pause) 838M->38M(1376M) 2.115ms
[21.830s][info][gc,cpu         ] GC(59) User=0.00s Sys=0.00s Real=0.00s
[22.036s][info][gc,start       ] GC(60) Pause Young (Normal) (G1 Evacuation Pause)
[22.036s][info][gc,task        ] GC(60) Using 33 workers of 33 for evacuation
[22.038s][info][gc,phases      ] GC(60)   Pre Evacuate Collection Set: 0.2ms
[22.038s][info][gc,phases      ] GC(60)   Merge Heap Roots: 0.2ms
[22.038s][info][gc,phases      ] GC(60)   Evacuate Collection Set: 1.0ms
[22.038s][info][gc,phases      ] GC(60)   Post Evacuate Collection Set: 0.5ms
[22.038s][info][gc,phases      ] GC(60)   Other: 0.1ms
[22.038s][info][gc,heap        ] GC(60) Eden regions: 50->0(50)
[22.038s][info][gc,heap        ] GC(60) Survivor regions: 1->1(7)
[22.038s][info][gc,heap        ] GC(60) Old regions: 11->11
[22.038s][info][gc,heap        ] GC(60) Archive regions: 0->0
[22.038s][info][gc,heap        ] GC(60) Humongous regions: 0->0
[22.038s][info][gc,metaspace   ] GC(60) Metaspace: 73156K(75008K)->73156K(75008K) NonClass: 57840K(59008K)->57840K(59008K) Class: 15316K(16000K)->15316K(16000K)
[22.038s][info][gc             ] GC(60) Pause Young (Normal) (G1 Evacuation Pause) 838M->38M(1376M) 2.145ms
[22.038s][info][gc,cpu         ] GC(60) User=0.00s Sys=0.00s Real=0.00s
[22.245s][info][gc,start       ] GC(61) Pause Young (Normal) (G1 Evacuation Pause)
[22.245s][info][gc,task        ] GC(61) Using 33 workers of 33 for evacuation
[22.247s][info][gc,phases      ] GC(61)   Pre Evacuate Collection Set: 0.2ms
[22.247s][info][gc,phases      ] GC(61)   Merge Heap Roots: 0.2ms
[22.247s][info][gc,phases      ] GC(61)   Evacuate Collection Set: 0.9ms
[22.247s][info][gc,phases      ] GC(61)   Post Evacuate Collection Set: 0.5ms
[22.247s][info][gc,phases      ] GC(61)   Other: 0.1ms
[22.247s][info][gc,heap        ] GC(61) Eden regions: 50->0(50)
[22.247s][info][gc,heap        ] GC(61) Survivor regions: 1->1(7)
[22.247s][info][gc,heap        ] GC(61) Old regions: 11->11
[22.247s][info][gc,heap        ] GC(61) Archive regions: 0->0
[22.247s][info][gc,heap        ] GC(61) Humongous regions: 0->0
[22.247s][info][gc,metaspace   ] GC(61) Metaspace: 73156K(75008K)->73156K(75008K) NonClass: 57840K(59008K)->57840K(59008K) Class: 15316K(16000K)->15316K(16000K)
[22.247s][info][gc             ] GC(61) Pause Young (Normal) (G1 Evacuation Pause) 838M->38M(1376M) 2.097ms
[22.247s][info][gc,cpu         ] GC(61) User=0.00s Sys=0.00s Real=0.00s
[22.454s][info][gc,start       ] GC(62) Pause Young (Normal) (G1 Evacuation Pause)
[22.454s][info][gc,task        ] GC(62) Using 33 workers of 33 for evacuation
[22.456s][info][gc,phases      ] GC(62)   Pre Evacuate Collection Set: 0.2ms
[22.456s][info][gc,phases      ] GC(62)   Merge Heap Roots: 0.2ms
[22.456s][info][gc,phases      ] GC(62)   Evacuate Collection Set: 1.0ms
[22.456s][info][gc,phases      ] GC(62)   Post Evacuate Collection Set: 0.5ms
[22.456s][info][gc,phases      ] GC(62)   Other: 0.1ms
[22.456s][info][gc,heap        ] GC(62) Eden regions: 50->0(50)
[22.456s][info][gc,heap        ] GC(62) Survivor regions: 1->1(7)
[22.456s][info][gc,heap        ] GC(62) Old regions: 11->11
[22.456s][info][gc,heap        ] GC(62) Archive regions: 0->0
[22.456s][info][gc,heap        ] GC(62) Humongous regions: 0->0
[22.456s][info][gc,metaspace   ] GC(62) Metaspace: 73156K(75008K)->73156K(75008K) NonClass: 57840K(59008K)->57840K(59008K) Class: 15316K(16000K)->15316K(16000K)
[22.456s][info][gc             ] GC(62) Pause Young (Normal) (G1 Evacuation Pause) 838M->38M(1376M) 2.153ms
[22.456s][info][gc,cpu         ] GC(62) User=0.00s Sys=0.00s Real=0.00s
[22.663s][info][gc,start       ] GC(63) Pause Young (Normal) (G1 Evacuation Pause)
[22.663s][info][gc,task        ] GC(63) Using 33 workers of 33 for evacuation
[22.665s][info][gc,phases      ] GC(63)   Pre Evacuate Collection Set: 0.2ms
[22.665s][info][gc,phases      ] GC(63)   Merge Heap Roots: 0.2ms
[22.665s][info][gc,phases      ] GC(63)   Evacuate Collection Set: 0.9ms
[22.665s][info][gc,phases      ] GC(63)   Post Evacuate Collection Set: 0.5ms
[22.665s][info][gc,phases      ] GC(63)   Other: 0.1ms
[22.665s][info][gc,heap        ] GC(63) Eden regions: 50->0(50)
[22.665s][info][gc,heap        ] GC(63) Survivor regions: 1->1(7)
[22.665s][info][gc,heap        ] GC(63) Old regions: 11->11
[22.665s][info][gc,heap        ] GC(63) Archive regions: 0->0
[22.665s][info][gc,heap        ] GC(63) Humongous regions: 0->0
[22.665s][info][gc,metaspace   ] GC(63) Metaspace: 73156K(75008K)->73156K(75008K) NonClass: 57840K(59008K)->57840K(59008K) Class: 15316K(16000K)->15316K(16000K)
[22.665s][info][gc             ] GC(63) Pause Young (Normal) (G1 Evacuation Pause) 838M->38M(1376M) 2.098ms
[22.665s][info][gc,cpu         ] GC(63) User=0.00s Sys=0.00s Real=0.00s
[22.871s][info][gc,start       ] GC(64) Pause Young (Normal) (G1 Evacuation Pause)
[22.871s][info][gc,task        ] GC(64) Using 33 workers of 33 for evacuation
[22.873s][info][gc,phases      ] GC(64)   Pre Evacuate Collection Set: 0.2ms
[22.873s][info][gc,phases      ] GC(64)   Merge Heap Roots: 0.2ms
[22.873s][info][gc,phases      ] GC(64)   Evacuate Collection Set: 0.9ms
[22.873s][info][gc,phases      ] GC(64)   Post Evacuate Collection Set: 0.5ms
[22.873s][info][gc,phases      ] GC(64)   Other: 0.1ms
[22.873s][info][gc,heap        ] GC(64) Eden regions: 50->0(50)
[22.873s][info][gc,heap        ] GC(64) Survivor regions: 1->1(7)
[22.873s][info][gc,heap        ] GC(64) Old regions: 11->11
[22.873s][info][gc,heap        ] GC(64) Archive regions: 0->0
[22.873s][info][gc,heap        ] GC(64) Humongous regions: 0->0
[22.873s][info][gc,metaspace   ] GC(64) Metaspace: 73156K(75008K)->73156K(75008K) NonClass: 57840K(59008K)->57840K(59008K) Class: 15316K(16000K)->15316K(16000K)
[22.873s][info][gc             ] GC(64) Pause Young (Normal) (G1 Evacuation Pause) 838M->38M(1376M) 2.137ms
[22.873s][info][gc,cpu         ] GC(64) User=0.00s Sys=0.00s Real=0.00s
[23.080s][info][gc,start       ] GC(65) Pause Young (Normal) (G1 Evacuation Pause)
[23.080s][info][gc,task        ] GC(65) Using 33 workers of 33 for evacuation
[23.082s][info][gc,phases      ] GC(65)   Pre Evacuate Collection Set: 0.2ms
[23.082s][info][gc,phases      ] GC(65)   Merge Heap Roots: 0.2ms
[23.082s][info][gc,phases      ] GC(65)   Evacuate Collection Set: 1.0ms
[23.082s][info][gc,phases      ] GC(65)   Post Evacuate Collection Set: 0.5ms
[23.082s][info][gc,phases      ] GC(65)   Other: 0.1ms
[23.082s][info][gc,heap        ] GC(65) Eden regions: 50->0(50)
[23.082s][info][gc,heap        ] GC(65) Survivor regions: 1->1(7)
[23.082s][info][gc,heap        ] GC(65) Old regions: 11->11
[23.082s][info][gc,heap        ] GC(65) Archive regions: 0->0
[23.082s][info][gc,heap        ] GC(65) Humongous regions: 0->0
[23.082s][info][gc,metaspace   ] GC(65) Metaspace: 73156K(75008K)->73156K(75008K) NonClass: 57840K(59008K)->57840K(59008K) Class: 15316K(16000K)->15316K(16000K)
[23.082s][info][gc             ] GC(65) Pause Young (Normal) (G1 Evacuation Pause) 838M->38M(1376M) 2.183ms
[23.082s][info][gc,cpu         ] GC(65) User=0.00s Sys=0.00s Real=0.00s
[23.289s][info][gc,start       ] GC(66) Pause Young (Normal) (G1 Evacuation Pause)
[23.289s][info][gc,task        ] GC(66) Using 33 workers of 33 for evacuation
[23.291s][info][gc,phases      ] GC(66)   Pre Evacuate Collection Set: 0.2ms
[23.291s][info][gc,phases      ] GC(66)   Merge Heap Roots: 0.2ms
[23.291s][info][gc,phases      ] GC(66)   Evacuate Collection Set: 0.8ms
[23.291s][info][gc,phases      ] GC(66)   Post Evacuate Collection Set: 0.5ms
[23.291s][info][gc,phases      ] GC(66)   Other: 0.1ms
[23.291s][info][gc,heap        ] GC(66) Eden regions: 50->0(50)
[23.291s][info][gc,heap        ] GC(66) Survivor regions: 1->1(7)
[23.291s][info][gc,heap        ] GC(66) Old regions: 11->11
[23.291s][info][gc,heap        ] GC(66) Archive regions: 0->0
[23.291s][info][gc,heap        ] GC(66) Humongous regions: 0->0
[23.291s][info][gc,metaspace   ] GC(66) Metaspace: 73156K(75008K)->73156K(75008K) NonClass: 57840K(59008K)->57840K(59008K) Class: 15316K(16000K)->15316K(16000K)
[23.291s][info][gc             ] GC(66) Pause Young (Normal) (G1 Evacuation Pause) 838M->38M(1376M) 2.004ms
[23.291s][info][gc,cpu         ] GC(66) User=0.00s Sys=0.00s Real=0.00s
[23.500s][info][gc,start       ] GC(67) Pause Young (Normal) (G1 Evacuation Pause)
[23.500s][info][gc,task        ] GC(67) Using 33 workers of 33 for evacuation
[23.502s][info][gc,phases      ] GC(67)   Pre Evacuate Collection Set: 0.2ms
[23.502s][info][gc,phases      ] GC(67)   Merge Heap Roots: 0.2ms
[23.502s][info][gc,phases      ] GC(67)   Evacuate Collection Set: 0.9ms
[23.502s][info][gc,phases      ] GC(67)   Post Evacuate Collection Set: 0.5ms
[23.502s][info][gc,phases      ] GC(67)   Other: 0.1ms
[23.502s][info][gc,heap        ] GC(67) Eden regions: 50->0(50)
[23.502s][info][gc,heap        ] GC(67) Survivor regions: 1->1(7)
[23.502s][info][gc,heap        ] GC(67) Old regions: 11->11
[23.502s][info][gc,heap        ] GC(67) Archive regions: 0->0
[23.502s][info][gc,heap        ] GC(67) Humongous regions: 0->0
[23.502s][info][gc,metaspace   ] GC(67) Metaspace: 73172K(75008K)->73172K(75008K) NonClass: 57856K(59008K)->57856K(59008K) Class: 15316K(16000K)->15316K(16000K)
[23.502s][info][gc             ] GC(67) Pause Young (Normal) (G1 Evacuation Pause) 838M->38M(1376M) 2.213ms
[23.502s][info][gc,cpu         ] GC(67) User=0.00s Sys=0.00s Real=0.00s
[23.711s][info][gc,start       ] GC(68) Pause Young (Normal) (G1 Evacuation Pause)
[23.711s][info][gc,task        ] GC(68) Using 33 workers of 33 for evacuation
[23.713s][info][gc,phases      ] GC(68)   Pre Evacuate Collection Set: 0.2ms
[23.713s][info][gc,phases      ] GC(68)   Merge Heap Roots: 0.2ms
[23.713s][info][gc,phases      ] GC(68)   Evacuate Collection Set: 1.0ms
[23.713s][info][gc,phases      ] GC(68)   Post Evacuate Collection Set: 0.5ms
[23.713s][info][gc,phases      ] GC(68)   Other: 0.1ms
[23.713s][info][gc,heap        ] GC(68) Eden regions: 50->0(50)
[23.713s][info][gc,heap        ] GC(68) Survivor regions: 1->1(7)
[23.713s][info][gc,heap        ] GC(68) Old regions: 11->11
[23.713s][info][gc,heap        ] GC(68) Archive regions: 0->0
[23.713s][info][gc,heap        ] GC(68) Humongous regions: 0->0
[23.713s][info][gc,metaspace   ] GC(68) Metaspace: 73186K(75008K)->73186K(75008K) NonClass: 57870K(59008K)->57870K(59008K) Class: 15316K(16000K)->15316K(16000K)
[23.713s][info][gc             ] GC(68) Pause Young (Normal) (G1 Evacuation Pause) 838M->38M(1376M) 2.274ms
[23.714s][info][gc,cpu         ] GC(68) User=0.00s Sys=0.00s Real=0.00s
[23.923s][info][gc,start       ] GC(69) Pause Young (Normal) (G1 Evacuation Pause)
[23.923s][info][gc,task        ] GC(69) Using 33 workers of 33 for evacuation
[23.925s][info][gc,phases      ] GC(69)   Pre Evacuate Collection Set: 0.2ms
[23.925s][info][gc,phases      ] GC(69)   Merge Heap Roots: 0.2ms
[23.925s][info][gc,phases      ] GC(69)   Evacuate Collection Set: 0.9ms
[23.925s][info][gc,phases      ] GC(69)   Post Evacuate Collection Set: 0.6ms
[23.925s][info][gc,phases      ] GC(69)   Other: 0.1ms
[23.925s][info][gc,heap        ] GC(69) Eden regions: 50->0(50)
[23.925s][info][gc,heap        ] GC(69) Survivor regions: 1->1(7)
[23.925s][info][gc,heap        ] GC(69) Old regions: 11->11
[23.925s][info][gc,heap        ] GC(69) Archive regions: 0->0
[23.925s][info][gc,heap        ] GC(69) Humongous regions: 0->0
[23.926s][info][gc,metaspace   ] GC(69) Metaspace: 73188K(75008K)->73188K(75008K) NonClass: 57871K(59008K)->57871K(59008K) Class: 15316K(16000K)->15316K(16000K)
[23.926s][info][gc             ] GC(69) Pause Young (Normal) (G1 Evacuation Pause) 838M->38M(1376M) 2.165ms
[23.926s][info][gc,cpu         ] GC(69) User=0.00s Sys=0.00s Real=0.00s
[24.142s][info][gc,start       ] GC(70) Pause Young (Normal) (G1 Evacuation Pause)
[24.142s][info][gc,task        ] GC(70) Using 33 workers of 33 for evacuation
[24.144s][info][gc,phases      ] GC(70)   Pre Evacuate Collection Set: 0.2ms
[24.144s][info][gc,phases      ] GC(70)   Merge Heap Roots: 0.2ms
[24.144s][info][gc,phases      ] GC(70)   Evacuate Collection Set: 0.9ms
[24.144s][info][gc,phases      ] GC(70)   Post Evacuate Collection Set: 0.5ms
[24.144s][info][gc,phases      ] GC(70)   Other: 0.2ms
[24.144s][info][gc,heap        ] GC(70) Eden regions: 50->0(50)
[24.144s][info][gc,heap        ] GC(70) Survivor regions: 1->1(7)
[24.144s][info][gc,heap        ] GC(70) Old regions: 11->11
[24.144s][info][gc,heap        ] GC(70) Archive regions: 0->0
[24.144s][info][gc,heap        ] GC(70) Humongous regions: 0->0
[24.144s][info][gc,metaspace   ] GC(70) Metaspace: 73188K(75008K)->73188K(75008K) NonClass: 57872K(59008K)->57872K(59008K) Class: 15316K(16000K)->15316K(16000K)
[24.144s][info][gc             ] GC(70) Pause Young (Normal) (G1 Evacuation Pause) 838M->38M(1376M) 2.240ms
[24.144s][info][gc,cpu         ] GC(70) User=0.00s Sys=0.00s Real=0.00s
[24.393s][info][gc,start       ] GC(71) Pause Young (Normal) (G1 Evacuation Pause)
[24.393s][info][gc,task        ] GC(71) Using 33 workers of 33 for evacuation
[24.395s][info][gc,phases      ] GC(71)   Pre Evacuate Collection Set: 0.2ms
[24.395s][info][gc,phases      ] GC(71)   Merge Heap Roots: 0.2ms
[24.395s][info][gc,phases      ] GC(71)   Evacuate Collection Set: 0.8ms
[24.395s][info][gc,phases      ] GC(71)   Post Evacuate Collection Set: 0.5ms
[24.395s][info][gc,phases      ] GC(71)   Other: 0.1ms
[24.395s][info][gc,heap        ] GC(71) Eden regions: 50->0(50)
[24.395s][info][gc,heap        ] GC(71) Survivor regions: 1->1(7)
[24.395s][info][gc,heap        ] GC(71) Old regions: 11->11
[24.395s][info][gc,heap        ] GC(71) Archive regions: 0->0
[24.395s][info][gc,heap        ] GC(71) Humongous regions: 0->0
[24.395s][info][gc,metaspace   ] GC(71) Metaspace: 73204K(75008K)->73204K(75008K) NonClass: 57888K(59008K)->57888K(59008K) Class: 15316K(16000K)->15316K(16000K)
[24.395s][info][gc             ] GC(71) Pause Young (Normal) (G1 Evacuation Pause) 838M->38M(1376M) 2.045ms
[24.395s][info][gc,cpu         ] GC(71) User=0.00s Sys=0.00s Real=0.00s
[24.707s][info][gc,start       ] GC(72) Pause Young (Normal) (G1 Evacuation Pause)
[24.707s][info][gc,task        ] GC(72) Using 33 workers of 33 for evacuation
[24.709s][info][gc,phases      ] GC(72)   Pre Evacuate Collection Set: 0.2ms
[24.709s][info][gc,phases      ] GC(72)   Merge Heap Roots: 0.2ms
[24.709s][info][gc,phases      ] GC(72)   Evacuate Collection Set: 1.1ms
[24.709s][info][gc,phases      ] GC(72)   Post Evacuate Collection Set: 0.6ms
[24.709s][info][gc,phases      ] GC(72)   Other: 0.1ms
[24.709s][info][gc,heap        ] GC(72) Eden regions: 50->0(50)
[24.709s][info][gc,heap        ] GC(72) Survivor regions: 1->1(7)
[24.709s][info][gc,heap        ] GC(72) Old regions: 11->11
[24.709s][info][gc,heap        ] GC(72) Archive regions: 0->0
[24.709s][info][gc,heap        ] GC(72) Humongous regions: 0->0
[24.709s][info][gc,metaspace   ] GC(72) Metaspace: 73207K(75008K)->73207K(75008K) NonClass: 57890K(59008K)->57890K(59008K) Class: 15316K(16000K)->15316K(16000K)
[24.709s][info][gc             ] GC(72) Pause Young (Normal) (G1 Evacuation Pause) 838M->38M(1376M) 2.269ms
[24.709s][info][gc,cpu         ] GC(72) User=0.00s Sys=0.02s Real=0.02s
[25.152s][info][gc,start       ] GC(73) Pause Young (Normal) (G1 Evacuation Pause)
[25.152s][info][gc,task        ] GC(73) Using 33 workers of 33 for evacuation
[25.154s][info][gc,phases      ] GC(73)   Pre Evacuate Collection Set: 0.1ms
[25.154s][info][gc,phases      ] GC(73)   Merge Heap Roots: 0.2ms
[25.154s][info][gc,phases      ] GC(73)   Evacuate Collection Set: 0.9ms
[25.154s][info][gc,phases      ] GC(73)   Post Evacuate Collection Set: 0.5ms
[25.154s][info][gc,phases      ] GC(73)   Other: 0.2ms
[25.154s][info][gc,heap        ] GC(73) Eden regions: 50->0(50)
[25.154s][info][gc,heap        ] GC(73) Survivor regions: 1->1(7)
[25.154s][info][gc,heap        ] GC(73) Old regions: 11->11
[25.154s][info][gc,heap        ] GC(73) Archive regions: 0->0
[25.154s][info][gc,heap        ] GC(73) Humongous regions: 0->0
[25.154s][info][gc,metaspace   ] GC(73) Metaspace: 73212K(75008K)->73212K(75008K) NonClass: 57895K(59008K)->57895K(59008K) Class: 15316K(16000K)->15316K(16000K)
[25.155s][info][gc             ] GC(73) Pause Young (Normal) (G1 Evacuation Pause) 838M->38M(1376M) 2.163ms
[25.155s][info][gc,cpu         ] GC(73) User=0.00s Sys=0.00s Real=0.00s
[25.726s][info][gc,start       ] GC(74) Pause Young (Normal) (G1 Evacuation Pause)
[25.726s][info][gc,task        ] GC(74) Using 33 workers of 33 for evacuation
[25.728s][info][gc,phases      ] GC(74)   Pre Evacuate Collection Set: 0.1ms
[25.728s][info][gc,phases      ] GC(74)   Merge Heap Roots: 0.2ms
[25.728s][info][gc,phases      ] GC(74)   Evacuate Collection Set: 0.8ms
[25.728s][info][gc,phases      ] GC(74)   Post Evacuate Collection Set: 0.4ms
[25.728s][info][gc,phases      ] GC(74)   Other: 0.1ms
[25.728s][info][gc,heap        ] GC(74) Eden regions: 50->0(50)
[25.728s][info][gc,heap        ] GC(74) Survivor regions: 1->1(7)
[25.728s][info][gc,heap        ] GC(74) Old regions: 11->11
[25.728s][info][gc,heap        ] GC(74) Archive regions: 0->0
[25.728s][info][gc,heap        ] GC(74) Humongous regions: 0->0
[25.728s][info][gc,metaspace   ] GC(74) Metaspace: 73212K(75008K)->73212K(75008K) NonClass: 57895K(59008K)->57895K(59008K) Class: 15316K(16000K)->15316K(16000K)
[25.728s][info][gc             ] GC(74) Pause Young (Normal) (G1 Evacuation Pause) 838M->38M(1376M) 1.841ms
[25.728s][info][gc,cpu         ] GC(74) User=0.00s Sys=0.00s Real=0.00s
[26.293s][info][gc,start       ] GC(75) Pause Young (Normal) (G1 Evacuation Pause)
[26.293s][info][gc,task        ] GC(75) Using 33 workers of 33 for evacuation
[26.294s][info][gc,phases      ] GC(75)   Pre Evacuate Collection Set: 0.1ms
[26.294s][info][gc,phases      ] GC(75)   Merge Heap Roots: 0.2ms
[26.294s][info][gc,phases      ] GC(75)   Evacuate Collection Set: 0.7ms
[26.294s][info][gc,phases      ] GC(75)   Post Evacuate Collection Set: 0.5ms
[26.294s][info][gc,phases      ] GC(75)   Other: 0.1ms
[26.294s][info][gc,heap        ] GC(75) Eden regions: 50->0(50)
[26.294s][info][gc,heap        ] GC(75) Survivor regions: 1->1(7)
[26.294s][info][gc,heap        ] GC(75) Old regions: 11->11
[26.294s][info][gc,heap        ] GC(75) Archive regions: 0->0
[26.294s][info][gc,heap        ] GC(75) Humongous regions: 0->0
[26.294s][info][gc,metaspace   ] GC(75) Metaspace: 73212K(75008K)->73212K(75008K) NonClass: 57895K(59008K)->57895K(59008K) Class: 15316K(16000K)->15316K(16000K)
[26.294s][info][gc             ] GC(75) Pause Young (Normal) (G1 Evacuation Pause) 838M->38M(1376M) 1.812ms
[26.295s][info][gc,cpu         ] GC(75) User=0.00s Sys=0.00s Real=0.00s
[26.425s][info][gc,start       ] GC(76) Pause Full (System.gc())
[26.425s][info][gc,task        ] GC(76) Using 8 workers of 33 for full compaction
[26.425s][info][gc,phases,start] GC(76) Phase 1: Mark live objects
[26.466s][info][gc,phases      ] GC(76) Phase 1: Mark live objects 40.787ms
[26.466s][info][gc,phases,start] GC(76) Phase 2: Prepare compaction
[26.473s][info][gc,phases      ] GC(76) Phase 2: Prepare compaction 7.156ms
[26.473s][info][gc,phases,start] GC(76) Phase 3: Adjust pointers
[26.492s][info][gc,phases      ] GC(76) Phase 3: Adjust pointers 18.740ms
[26.492s][info][gc,phases,start] GC(76) Phase 4: Compact heap
[26.502s][info][gc,phases      ] GC(76) Phase 4: Compact heap 9.708ms
[26.522s][info][gc,heap        ] GC(76) Eden regions: 7->0(14)
[26.522s][info][gc,heap        ] GC(76) Survivor regions: 1->0(7)
[26.522s][info][gc,heap        ] GC(76) Old regions: 11->7
[26.522s][info][gc,heap        ] GC(76) Archive regions: 0->0
[26.522s][info][gc,heap        ] GC(76) Humongous regions: 0->0
[26.522s][info][gc,metaspace   ] GC(76) Metaspace: 73247K(75008K)->73234K(75008K) NonClass: 57930K(59008K)->57921K(59008K) Class: 15316K(16000K)->15312K(16000K)
[26.522s][info][gc             ] GC(76) Pause Full (System.gc()) 141M->35M(384M) 97.527ms
[26.522s][info][gc,cpu         ] GC(76) User=0.38s Sys=0.02s Real=0.10s
[26.642s][info][gc,start       ] GC(77) Pause Young (Normal) (G1 Evacuation Pause)
[26.642s][info][gc,task        ] GC(77) Using 33 workers of 33 for evacuation
[26.644s][info][gc,phases      ] GC(77)   Pre Evacuate Collection Set: 0.2ms
[26.644s][info][gc,phases      ] GC(77)   Merge Heap Roots: 0.2ms
[26.644s][info][gc,phases      ] GC(77)   Evacuate Collection Set: 1.4ms
[26.644s][info][gc,phases      ] GC(77)   Post Evacuate Collection Set: 0.7ms
[26.644s][info][gc,phases      ] GC(77)   Other: 0.1ms
[26.644s][info][gc,heap        ] GC(77) Eden regions: 14->0(13)
[26.644s][info][gc,heap        ] GC(77) Survivor regions: 0->1(2)
[26.644s][info][gc,heap        ] GC(77) Old regions: 7->7
[26.644s][info][gc,heap        ] GC(77) Archive regions: 0->0
[26.644s][info][gc,heap        ] GC(77) Humongous regions: 0->0
[26.644s][info][gc,metaspace   ] GC(77) Metaspace: 73382K(75072K)->73382K(75072K) NonClass: 58068K(59072K)->58068K(59072K) Class: 15313K(16000K)->15313K(16000K)
[26.644s][info][gc             ] GC(77) Pause Young (Normal) (G1 Evacuation Pause) 259M->39M(384M) 2.778ms
[26.644s][info][gc,cpu         ] GC(77) User=0.00s Sys=0.00s Real=0.00s
[26.708s][info][gc,start       ] GC(78) Pause Young (Normal) (G1 Evacuation Pause)
[26.708s][info][gc,task        ] GC(78) Using 33 workers of 33 for evacuation
[26.710s][info][gc,phases      ] GC(78)   Pre Evacuate Collection Set: 0.2ms
[26.710s][info][gc,phases      ] GC(78)   Merge Heap Roots: 0.2ms
[26.710s][info][gc,phases      ] GC(78)   Evacuate Collection Set: 1.3ms
[26.710s][info][gc,phases      ] GC(78)   Post Evacuate Collection Set: 0.6ms
[26.710s][info][gc,phases      ] GC(78)   Other: 0.1ms
[26.710s][info][gc,heap        ] GC(78) Eden regions: 13->0(13)
[26.710s][info][gc,heap        ] GC(78) Survivor regions: 1->1(2)
[26.710s][info][gc,heap        ] GC(78) Old regions: 7->7
[26.710s][info][gc,heap        ] GC(78) Archive regions: 0->0
[26.710s][info][gc,heap        ] GC(78) Humongous regions: 0->0
[26.710s][info][gc,metaspace   ] GC(78) Metaspace: 73382K(75072K)->73382K(75072K) NonClass: 58068K(59072K)->58068K(59072K) Class: 15313K(16000K)->15313K(16000K)
[26.710s][info][gc             ] GC(78) Pause Young (Normal) (G1 Evacuation Pause) 247M->38M(384M) 2.532ms
[26.710s][info][gc,cpu         ] GC(78) User=0.00s Sys=0.00s Real=0.00s
[26.766s][info][gc,start       ] GC(79) Pause Young (Normal) (G1 Evacuation Pause)
[26.766s][info][gc,task        ] GC(79) Using 33 workers of 33 for evacuation
[26.769s][info][gc,phases      ] GC(79)   Pre Evacuate Collection Set: 0.2ms
[26.769s][info][gc,phases      ] GC(79)   Merge Heap Roots: 0.2ms
[26.769s][info][gc,phases      ] GC(79)   Evacuate Collection Set: 1.2ms
[26.769s][info][gc,phases      ] GC(79)   Post Evacuate Collection Set: 0.5ms
[26.769s][info][gc,phases      ] GC(79)   Other: 0.1ms
[26.769s][info][gc,heap        ] GC(79) Eden regions: 13->0(13)
[26.769s][info][gc,heap        ] GC(79) Survivor regions: 1->1(2)
[26.769s][info][gc,heap        ] GC(79) Old regions: 7->7
[26.769s][info][gc,heap        ] GC(79) Archive regions: 0->0
[26.769s][info][gc,heap        ] GC(79) Humongous regions: 0->0
[26.769s][info][gc,metaspace   ] GC(79) Metaspace: 73382K(75072K)->73382K(75072K) NonClass: 58068K(59072K)->58068K(59072K) Class: 15313K(16000K)->15313K(16000K)
[26.769s][info][gc             ] GC(79) Pause Young (Normal) (G1 Evacuation Pause) 246M->39M(384M) 2.353ms
[26.769s][info][gc,cpu         ] GC(79) User=0.00s Sys=0.00s Real=0.00s
[26.825s][info][gc,start       ] GC(80) Pause Young (Normal) (G1 Evacuation Pause)
[26.825s][info][gc,task        ] GC(80) Using 33 workers of 33 for evacuation
[26.830s][info][gc,phases      ] GC(80)   Pre Evacuate Collection Set: 0.1ms
[26.830s][info][gc,phases      ] GC(80)   Merge Heap Roots: 0.2ms
[26.830s][info][gc,phases      ] GC(80)   Evacuate Collection Set: 1.2ms
[26.830s][info][gc,phases      ] GC(80)   Post Evacuate Collection Set: 3.0ms
[26.830s][info][gc,phases      ] GC(80)   Other: 0.1ms
[26.830s][info][gc,heap        ] GC(80) Eden regions: 13->0(44)
[26.830s][info][gc,heap        ] GC(80) Survivor regions: 1->1(2)
[26.830s][info][gc,heap        ] GC(80) Old regions: 7->7
[26.830s][info][gc,heap        ] GC(80) Archive regions: 0->0
[26.830s][info][gc,heap        ] GC(80) Humongous regions: 0->0
[26.830s][info][gc,metaspace   ] GC(80) Metaspace: 73382K(75072K)->73382K(75072K) NonClass: 58068K(59072K)->58068K(59072K) Class: 15313K(16000K)->15313K(16000K)
[26.830s][info][gc             ] GC(80) Pause Young (Normal) (G1 Evacuation Pause) 247M->39M(1216M) 4.814ms
[26.830s][info][gc,cpu         ] GC(80) User=0.00s Sys=0.00s Real=0.00s
[27.166s][info][gc,start       ] GC(81) Pause Young (Normal) (G1 Evacuation Pause)
[27.166s][info][gc,task        ] GC(81) Using 33 workers of 33 for evacuation
[27.171s][info][gc,phases      ] GC(81)   Pre Evacuate Collection Set: 0.2ms
[27.171s][info][gc,phases      ] GC(81)   Merge Heap Roots: 0.2ms
[27.171s][info][gc,phases      ] GC(81)   Evacuate Collection Set: 3.0ms
[27.171s][info][gc,phases      ] GC(81)   Post Evacuate Collection Set: 0.7ms
[27.171s][info][gc,phases      ] GC(81)   Other: 0.1ms
[27.171s][info][gc,heap        ] GC(81) Eden regions: 44->0(44)
[27.171s][info][gc,heap        ] GC(81) Survivor regions: 1->1(6)
[27.171s][info][gc,heap        ] GC(81) Old regions: 7->7
[27.171s][info][gc,heap        ] GC(81) Archive regions: 0->0
[27.171s][info][gc,heap        ] GC(81) Humongous regions: 0->0
[27.171s][info][gc,metaspace   ] GC(81) Metaspace: 73382K(75072K)->73382K(75072K) NonClass: 58068K(59072K)->58068K(59072K) Class: 15313K(16000K)->15313K(16000K)
[27.171s][info][gc             ] GC(81) Pause Young (Normal) (G1 Evacuation Pause) 743M->39M(1216M) 4.408ms
[27.171s][info][gc,cpu         ] GC(81) User=0.00s Sys=0.00s Real=0.00s
[27.351s][info][gc,start       ] GC(82) Pause Young (Normal) (G1 Evacuation Pause)
[27.351s][info][gc,task        ] GC(82) Using 33 workers of 33 for evacuation
[27.355s][info][gc,phases      ] GC(82)   Pre Evacuate Collection Set: 0.2ms
[27.355s][info][gc,phases      ] GC(82)   Merge Heap Roots: 0.2ms
[27.355s][info][gc,phases      ] GC(82)   Evacuate Collection Set: 3.4ms
[27.355s][info][gc,phases      ] GC(82)   Post Evacuate Collection Set: 0.7ms
[27.355s][info][gc,phases      ] GC(82)   Other: 0.1ms
[27.355s][info][gc,heap        ] GC(82) Eden regions: 44->0(44)
[27.355s][info][gc,heap        ] GC(82) Survivor regions: 1->1(6)
[27.355s][info][gc,heap        ] GC(82) Old regions: 7->7
[27.355s][info][gc,heap        ] GC(82) Archive regions: 0->0
[27.355s][info][gc,heap        ] GC(82) Humongous regions: 0->0
[27.355s][info][gc,metaspace   ] GC(82) Metaspace: 73382K(75072K)->73382K(75072K) NonClass: 58068K(59072K)->58068K(59072K) Class: 15313K(16000K)->15313K(16000K)
[27.356s][info][gc             ] GC(82) Pause Young (Normal) (G1 Evacuation Pause) 743M->39M(1216M) 4.774ms
[27.356s][info][gc,cpu         ] GC(82) User=0.00s Sys=0.00s Real=0.00s
[27.536s][info][gc,start       ] GC(83) Pause Young (Normal) (G1 Evacuation Pause)
[27.536s][info][gc,task        ] GC(83) Using 33 workers of 33 for evacuation
[27.538s][info][gc,phases      ] GC(83)   Pre Evacuate Collection Set: 0.2ms
[27.538s][info][gc,phases      ] GC(83)   Merge Heap Roots: 0.2ms
[27.538s][info][gc,phases      ] GC(83)   Evacuate Collection Set: 1.2ms
[27.538s][info][gc,phases      ] GC(83)   Post Evacuate Collection Set: 0.7ms
[27.538s][info][gc,phases      ] GC(83)   Other: 0.1ms
[27.538s][info][gc,heap        ] GC(83) Eden regions: 44->0(44)
[27.538s][info][gc,heap        ] GC(83) Survivor regions: 1->1(6)
[27.538s][info][gc,heap        ] GC(83) Old regions: 7->7
[27.538s][info][gc,heap        ] GC(83) Archive regions: 0->0
[27.539s][info][gc,heap        ] GC(83) Humongous regions: 0->0
[27.539s][info][gc,metaspace   ] GC(83) Metaspace: 73382K(75072K)->73382K(75072K) NonClass: 58068K(59072K)->58068K(59072K) Class: 15313K(16000K)->15313K(16000K)
[27.539s][info][gc             ] GC(83) Pause Young (Normal) (G1 Evacuation Pause) 743M->39M(1216M) 2.563ms
[27.539s][info][gc,cpu         ] GC(83) User=0.00s Sys=0.00s Real=0.00s
[27.719s][info][gc,start       ] GC(84) Pause Young (Normal) (G1 Evacuation Pause)
[27.719s][info][gc,task        ] GC(84) Using 33 workers of 33 for evacuation
[27.722s][info][gc,phases      ] GC(84)   Pre Evacuate Collection Set: 0.2ms
[27.722s][info][gc,phases      ] GC(84)   Merge Heap Roots: 0.2ms
[27.722s][info][gc,phases      ] GC(84)   Evacuate Collection Set: 1.3ms
[27.722s][info][gc,phases      ] GC(84)   Post Evacuate Collection Set: 1.8ms
[27.722s][info][gc,phases      ] GC(84)   Other: 0.1ms
[27.722s][info][gc,heap        ] GC(84) Eden regions: 44->0(57)
[27.722s][info][gc,heap        ] GC(84) Survivor regions: 1->1(6)
[27.722s][info][gc,heap        ] GC(84) Old regions: 7->7
[27.722s][info][gc,heap        ] GC(84) Archive regions: 0->0
[27.722s][info][gc,heap        ] GC(84) Humongous regions: 0->0
[27.722s][info][gc,metaspace   ] GC(84) Metaspace: 73382K(75072K)->73382K(75072K) NonClass: 58068K(59072K)->58068K(59072K) Class: 15313K(16000K)->15313K(16000K)
[27.722s][info][gc             ] GC(84) Pause Young (Normal) (G1 Evacuation Pause) 743M->39M(1552M) 3.765ms
[27.722s][info][gc,cpu         ] GC(84) User=0.02s Sys=0.00s Real=0.00s
[27.996s][info][gc,start       ] GC(85) Pause Young (Normal) (G1 Evacuation Pause)
[27.997s][info][gc,task        ] GC(85) Using 33 workers of 33 for evacuation
[27.999s][info][gc,phases      ] GC(85)   Pre Evacuate Collection Set: 0.2ms
[27.999s][info][gc,phases      ] GC(85)   Merge Heap Roots: 0.2ms
[27.999s][info][gc,phases      ] GC(85)   Evacuate Collection Set: 1.3ms
[27.999s][info][gc,phases      ] GC(85)   Post Evacuate Collection Set: 0.7ms
[27.999s][info][gc,phases      ] GC(85)   Other: 0.1ms
[27.999s][info][gc,heap        ] GC(85) Eden regions: 57->0(57)
[27.999s][info][gc,heap        ] GC(85) Survivor regions: 1->1(8)
[27.999s][info][gc,heap        ] GC(85) Old regions: 7->7
[27.999s][info][gc,heap        ] GC(85) Archive regions: 0->0
[27.999s][info][gc,heap        ] GC(85) Humongous regions: 0->0
[27.999s][info][gc,metaspace   ] GC(85) Metaspace: 73382K(75072K)->73382K(75072K) NonClass: 58068K(59072K)->58068K(59072K) Class: 15313K(16000K)->15313K(16000K)
[27.999s][info][gc             ] GC(85) Pause Young (Normal) (G1 Evacuation Pause) 951M->39M(1552M) 2.688ms
[27.999s][info][gc,cpu         ] GC(85) User=0.00s Sys=0.00s Real=0.00s
[28.232s][info][gc,start       ] GC(86) Pause Young (Normal) (G1 Evacuation Pause)
[28.232s][info][gc,task        ] GC(86) Using 33 workers of 33 for evacuation
[28.235s][info][gc,phases      ] GC(86)   Pre Evacuate Collection Set: 0.2ms
[28.235s][info][gc,phases      ] GC(86)   Merge Heap Roots: 0.2ms
[28.235s][info][gc,phases      ] GC(86)   Evacuate Collection Set: 1.2ms
[28.235s][info][gc,phases      ] GC(86)   Post Evacuate Collection Set: 0.7ms
[28.235s][info][gc,phases      ] GC(86)   Other: 0.1ms
[28.235s][info][gc,heap        ] GC(86) Eden regions: 57->0(57)
[28.235s][info][gc,heap        ] GC(86) Survivor regions: 1->1(8)
[28.235s][info][gc,heap        ] GC(86) Old regions: 7->7
[28.235s][info][gc,heap        ] GC(86) Archive regions: 0->0
[28.235s][info][gc,heap        ] GC(86) Humongous regions: 0->0
[28.235s][info][gc,metaspace   ] GC(86) Metaspace: 73382K(75072K)->73382K(75072K) NonClass: 58068K(59072K)->58068K(59072K) Class: 15313K(16000K)->15313K(16000K)
[28.235s][info][gc             ] GC(86) Pause Young (Normal) (G1 Evacuation Pause) 951M->39M(1552M) 2.615ms
[28.235s][info][gc,cpu         ] GC(86) User=0.23s Sys=0.02s Real=0.00s
[28.468s][info][gc,start       ] GC(87) Pause Young (Normal) (G1 Evacuation Pause)
[28.468s][info][gc,task        ] GC(87) Using 33 workers of 33 for evacuation
[28.471s][info][gc,phases      ] GC(87)   Pre Evacuate Collection Set: 0.2ms
[28.471s][info][gc,phases      ] GC(87)   Merge Heap Roots: 0.2ms
[28.471s][info][gc,phases      ] GC(87)   Evacuate Collection Set: 1.2ms
[28.471s][info][gc,phases      ] GC(87)   Post Evacuate Collection Set: 0.6ms
[28.471s][info][gc,phases      ] GC(87)   Other: 0.1ms
[28.471s][info][gc,heap        ] GC(87) Eden regions: 57->0(57)
[28.471s][info][gc,heap        ] GC(87) Survivor regions: 1->1(8)
[28.471s][info][gc,heap        ] GC(87) Old regions: 7->7
[28.471s][info][gc,heap        ] GC(87) Archive regions: 0->0
[28.471s][info][gc,heap        ] GC(87) Humongous regions: 0->0
[28.471s][info][gc,metaspace   ] GC(87) Metaspace: 73382K(75072K)->73382K(75072K) NonClass: 58068K(59072K)->58068K(59072K) Class: 15313K(16000K)->15313K(16000K)
[28.471s][info][gc             ] GC(87) Pause Young (Normal) (G1 Evacuation Pause) 951M->39M(1552M) 2.580ms
[28.471s][info][gc,cpu         ] GC(87) User=0.02s Sys=0.00s Real=0.00s
[28.705s][info][gc,start       ] GC(88) Pause Young (Normal) (G1 Evacuation Pause)
[28.705s][info][gc,task        ] GC(88) Using 33 workers of 33 for evacuation
[28.708s][info][gc,phases      ] GC(88)   Pre Evacuate Collection Set: 0.2ms
[28.708s][info][gc,phases      ] GC(88)   Merge Heap Roots: 0.2ms
[28.708s][info][gc,phases      ] GC(88)   Evacuate Collection Set: 1.1ms
[28.708s][info][gc,phases      ] GC(88)   Post Evacuate Collection Set: 0.7ms
[28.708s][info][gc,phases      ] GC(88)   Other: 0.1ms
[28.708s][info][gc,heap        ] GC(88) Eden regions: 57->0(57)
[28.708s][info][gc,heap        ] GC(88) Survivor regions: 1->1(8)
[28.708s][info][gc,heap        ] GC(88) Old regions: 7->7
[28.708s][info][gc,heap        ] GC(88) Archive regions: 0->0
[28.708s][info][gc,heap        ] GC(88) Humongous regions: 0->0
[28.708s][info][gc,metaspace   ] GC(88) Metaspace: 73386K(75072K)->73386K(75072K) NonClass: 58073K(59072K)->58073K(59072K) Class: 15313K(16000K)->15313K(16000K)
[28.708s][info][gc             ] GC(88) Pause Young (Normal) (G1 Evacuation Pause) 951M->39M(1552M) 2.526ms
[28.708s][info][gc,cpu         ] GC(88) User=0.00s Sys=0.00s Real=0.00s
[28.941s][info][gc,start       ] GC(89) Pause Young (Normal) (G1 Evacuation Pause)
[28.941s][info][gc,task        ] GC(89) Using 33 workers of 33 for evacuation
[28.943s][info][gc,phases      ] GC(89)   Pre Evacuate Collection Set: 0.2ms
[28.943s][info][gc,phases      ] GC(89)   Merge Heap Roots: 0.2ms
[28.943s][info][gc,phases      ] GC(89)   Evacuate Collection Set: 1.2ms
[28.943s][info][gc,phases      ] GC(89)   Post Evacuate Collection Set: 0.6ms
[28.943s][info][gc,phases      ] GC(89)   Other: 0.1ms
[28.943s][info][gc,heap        ] GC(89) Eden regions: 57->0(57)
[28.943s][info][gc,heap        ] GC(89) Survivor regions: 1->1(8)
[28.943s][info][gc,heap        ] GC(89) Old regions: 7->7
[28.943s][info][gc,heap        ] GC(89) Archive regions: 0->0
[28.943s][info][gc,heap        ] GC(89) Humongous regions: 0->0
[28.943s][info][gc,metaspace   ] GC(89) Metaspace: 73386K(75072K)->73386K(75072K) NonClass: 58073K(59072K)->58073K(59072K) Class: 15313K(16000K)->15313K(16000K)
[28.943s][info][gc             ] GC(89) Pause Young (Normal) (G1 Evacuation Pause) 951M->39M(1552M) 2.513ms
[28.943s][info][gc,cpu         ] GC(89) User=0.00s Sys=0.00s Real=0.00s
[29.176s][info][gc,start       ] GC(90) Pause Young (Normal) (G1 Evacuation Pause)
[29.176s][info][gc,task        ] GC(90) Using 33 workers of 33 for evacuation
[29.179s][info][gc,phases      ] GC(90)   Pre Evacuate Collection Set: 0.2ms
[29.179s][info][gc,phases      ] GC(90)   Merge Heap Roots: 0.2ms
[29.179s][info][gc,phases      ] GC(90)   Evacuate Collection Set: 1.2ms
[29.179s][info][gc,phases      ] GC(90)   Post Evacuate Collection Set: 0.6ms
[29.179s][info][gc,phases      ] GC(90)   Other: 0.1ms
[29.179s][info][gc,heap        ] GC(90) Eden regions: 57->0(57)
[29.179s][info][gc,heap        ] GC(90) Survivor regions: 1->1(8)
[29.179s][info][gc,heap        ] GC(90) Old regions: 7->7
[29.179s][info][gc,heap        ] GC(90) Archive regions: 0->0
[29.179s][info][gc,heap        ] GC(90) Humongous regions: 0->0
[29.179s][info][gc,metaspace   ] GC(90) Metaspace: 73386K(75072K)->73386K(75072K) NonClass: 58073K(59072K)->58073K(59072K) Class: 15313K(16000K)->15313K(16000K)
[29.179s][info][gc             ] GC(90) Pause Young (Normal) (G1 Evacuation Pause) 951M->39M(1552M) 2.542ms
[29.179s][info][gc,cpu         ] GC(90) User=0.00s Sys=0.00s Real=0.00s
[29.413s][info][gc,start       ] GC(91) Pause Young (Normal) (G1 Evacuation Pause)
[29.413s][info][gc,task        ] GC(91) Using 33 workers of 33 for evacuation
[29.415s][info][gc,phases      ] GC(91)   Pre Evacuate Collection Set: 0.2ms
[29.415s][info][gc,phases      ] GC(91)   Merge Heap Roots: 0.2ms
[29.415s][info][gc,phases      ] GC(91)   Evacuate Collection Set: 1.2ms
[29.415s][info][gc,phases      ] GC(91)   Post Evacuate Collection Set: 0.7ms
[29.415s][info][gc,phases      ] GC(91)   Other: 0.1ms
[29.415s][info][gc,heap        ] GC(91) Eden regions: 57->0(57)
[29.415s][info][gc,heap        ] GC(91) Survivor regions: 1->1(8)
[29.415s][info][gc,heap        ] GC(91) Old regions: 7->7
[29.415s][info][gc,heap        ] GC(91) Archive regions: 0->0
[29.415s][info][gc,heap        ] GC(91) Humongous regions: 0->0
[29.415s][info][gc,metaspace   ] GC(91) Metaspace: 73386K(75072K)->73386K(75072K) NonClass: 58073K(59072K)->58073K(59072K) Class: 15313K(16000K)->15313K(16000K)
[29.415s][info][gc             ] GC(91) Pause Young (Normal) (G1 Evacuation Pause) 951M->39M(1552M) 2.513ms
[29.415s][info][gc,cpu         ] GC(91) User=0.00s Sys=0.00s Real=0.00s
[29.648s][info][gc,start       ] GC(92) Pause Young (Normal) (G1 Evacuation Pause)
[29.648s][info][gc,task        ] GC(92) Using 33 workers of 33 for evacuation
[29.650s][info][gc,phases      ] GC(92)   Pre Evacuate Collection Set: 0.2ms
[29.650s][info][gc,phases      ] GC(92)   Merge Heap Roots: 0.2ms
[29.650s][info][gc,phases      ] GC(92)   Evacuate Collection Set: 1.2ms
[29.650s][info][gc,phases      ] GC(92)   Post Evacuate Collection Set: 0.5ms
[29.650s][info][gc,phases      ] GC(92)   Other: 0.1ms
[29.650s][info][gc,heap        ] GC(92) Eden regions: 57->0(57)
[29.650s][info][gc,heap        ] GC(92) Survivor regions: 1->1(8)
[29.650s][info][gc,heap        ] GC(92) Old regions: 7->8
[29.650s][info][gc,heap        ] GC(92) Archive regions: 0->0
[29.650s][info][gc,heap        ] GC(92) Humongous regions: 0->0
[29.650s][info][gc,metaspace   ] GC(92) Metaspace: 73386K(75072K)->73386K(75072K) NonClass: 58073K(59072K)->58073K(59072K) Class: 15313K(16000K)->15313K(16000K)
[29.650s][info][gc             ] GC(92) Pause Young (Normal) (G1 Evacuation Pause) 951M->39M(1552M) 2.393ms
[29.650s][info][gc,cpu         ] GC(92) User=0.00s Sys=0.00s Real=0.00s
[29.884s][info][gc,start       ] GC(93) Pause Young (Normal) (G1 Evacuation Pause)
[29.885s][info][gc,task        ] GC(93) Using 33 workers of 33 for evacuation
[29.886s][info][gc,phases      ] GC(93)   Pre Evacuate Collection Set: 0.2ms
[29.886s][info][gc,phases      ] GC(93)   Merge Heap Roots: 0.2ms
[29.886s][info][gc,phases      ] GC(93)   Evacuate Collection Set: 0.8ms
[29.886s][info][gc,phases      ] GC(93)   Post Evacuate Collection Set: 0.5ms
[29.886s][info][gc,phases      ] GC(93)   Other: 0.1ms
[29.886s][info][gc,heap        ] GC(93) Eden regions: 57->0(57)
[29.886s][info][gc,heap        ] GC(93) Survivor regions: 1->1(8)
[29.886s][info][gc,heap        ] GC(93) Old regions: 8->8
[29.886s][info][gc,heap        ] GC(93) Archive regions: 0->0
[29.886s][info][gc,heap        ] GC(93) Humongous regions: 0->0
[29.886s][info][gc,metaspace   ] GC(93) Metaspace: 73386K(75072K)->73386K(75072K) NonClass: 58073K(59072K)->58073K(59072K) Class: 15313K(16000K)->15313K(16000K)
[29.886s][info][gc             ] GC(93) Pause Young (Normal) (G1 Evacuation Pause) 951M->39M(1552M) 2.021ms
[29.886s][info][gc,cpu         ] GC(93) User=0.00s Sys=0.00s Real=0.00s
[30.121s][info][gc,start       ] GC(94) Pause Young (Normal) (G1 Evacuation Pause)
[30.121s][info][gc,task        ] GC(94) Using 33 workers of 33 for evacuation
[30.123s][info][gc,phases      ] GC(94)   Pre Evacuate Collection Set: 0.2ms
[30.123s][info][gc,phases      ] GC(94)   Merge Heap Roots: 0.2ms
[30.123s][info][gc,phases      ] GC(94)   Evacuate Collection Set: 0.9ms
[30.123s][info][gc,phases      ] GC(94)   Post Evacuate Collection Set: 0.5ms
[30.123s][info][gc,phases      ] GC(94)   Other: 0.1ms
[30.123s][info][gc,heap        ] GC(94) Eden regions: 57->0(57)
[30.123s][info][gc,heap        ] GC(94) Survivor regions: 1->1(8)
[30.123s][info][gc,heap        ] GC(94) Old regions: 8->8
[30.123s][info][gc,heap        ] GC(94) Archive regions: 0->0
[30.123s][info][gc,heap        ] GC(94) Humongous regions: 0->0
[30.123s][info][gc,metaspace   ] GC(94) Metaspace: 73386K(75072K)->73386K(75072K) NonClass: 58073K(59072K)->58073K(59072K) Class: 15313K(16000K)->15313K(16000K)
[30.123s][info][gc             ] GC(94) Pause Young (Normal) (G1 Evacuation Pause) 951M->39M(1552M) 2.061ms
[30.123s][info][gc,cpu         ] GC(94) User=0.00s Sys=0.00s Real=0.00s
[30.357s][info][gc,start       ] GC(95) Pause Young (Normal) (G1 Evacuation Pause)
[30.357s][info][gc,task        ] GC(95) Using 33 workers of 33 for evacuation
[30.359s][info][gc,phases      ] GC(95)   Pre Evacuate Collection Set: 0.2ms
[30.359s][info][gc,phases      ] GC(95)   Merge Heap Roots: 0.2ms
[30.359s][info][gc,phases      ] GC(95)   Evacuate Collection Set: 0.8ms
[30.359s][info][gc,phases      ] GC(95)   Post Evacuate Collection Set: 0.5ms
[30.359s][info][gc,phases      ] GC(95)   Other: 0.1ms
[30.359s][info][gc,heap        ] GC(95) Eden regions: 57->0(57)
[30.359s][info][gc,heap        ] GC(95) Survivor regions: 1->1(8)
[30.359s][info][gc,heap        ] GC(95) Old regions: 8->8
[30.359s][info][gc,heap        ] GC(95) Archive regions: 0->0
[30.359s][info][gc,heap        ] GC(95) Humongous regions: 0->0
[30.359s][info][gc,metaspace   ] GC(95) Metaspace: 73386K(75072K)->73386K(75072K) NonClass: 58073K(59072K)->58073K(59072K) Class: 15313K(16000K)->15313K(16000K)
[30.359s][info][gc             ] GC(95) Pause Young (Normal) (G1 Evacuation Pause) 951M->39M(1552M) 2.006ms
[30.359s][info][gc,cpu         ] GC(95) User=0.00s Sys=0.00s Real=0.00s
[30.594s][info][gc,start       ] GC(96) Pause Young (Normal) (G1 Evacuation Pause)
[30.594s][info][gc,task        ] GC(96) Using 33 workers of 33 for evacuation
[30.596s][info][gc,phases      ] GC(96)   Pre Evacuate Collection Set: 0.2ms
[30.596s][info][gc,phases      ] GC(96)   Merge Heap Roots: 0.2ms
[30.596s][info][gc,phases      ] GC(96)   Evacuate Collection Set: 0.9ms
[30.596s][info][gc,phases      ] GC(96)   Post Evacuate Collection Set: 0.5ms
[30.596s][info][gc,phases      ] GC(96)   Other: 0.1ms
[30.596s][info][gc,heap        ] GC(96) Eden regions: 57->0(57)
[30.596s][info][gc,heap        ] GC(96) Survivor regions: 1->1(8)
[30.596s][info][gc,heap        ] GC(96) Old regions: 8->8
[30.596s][info][gc,heap        ] GC(96) Archive regions: 0->0
[30.596s][info][gc,heap        ] GC(96) Humongous regions: 0->0
[30.596s][info][gc,metaspace   ] GC(96) Metaspace: 73386K(75072K)->73386K(75072K) NonClass: 58073K(59072K)->58073K(59072K) Class: 15313K(16000K)->15313K(16000K)
[30.596s][info][gc             ] GC(96) Pause Young (Normal) (G1 Evacuation Pause) 951M->39M(1552M) 2.110ms
[30.596s][info][gc,cpu         ] GC(96) User=0.00s Sys=0.00s Real=0.00s
[30.830s][info][gc,start       ] GC(97) Pause Young (Normal) (G1 Evacuation Pause)
[30.830s][info][gc,task        ] GC(97) Using 33 workers of 33 for evacuation
[30.832s][info][gc,phases      ] GC(97)   Pre Evacuate Collection Set: 0.2ms
[30.832s][info][gc,phases      ] GC(97)   Merge Heap Roots: 0.2ms
[30.832s][info][gc,phases      ] GC(97)   Evacuate Collection Set: 0.9ms
[30.832s][info][gc,phases      ] GC(97)   Post Evacuate Collection Set: 0.5ms
[30.832s][info][gc,phases      ] GC(97)   Other: 0.1ms
[30.832s][info][gc,heap        ] GC(97) Eden regions: 57->0(57)
[30.832s][info][gc,heap        ] GC(97) Survivor regions: 1->1(8)
[30.832s][info][gc,heap        ] GC(97) Old regions: 8->8
[30.832s][info][gc,heap        ] GC(97) Archive regions: 0->0
[30.832s][info][gc,heap        ] GC(97) Humongous regions: 0->0
[30.832s][info][gc,metaspace   ] GC(97) Metaspace: 73386K(75072K)->73386K(75072K) NonClass: 58073K(59072K)->58073K(59072K) Class: 15313K(16000K)->15313K(16000K)
[30.832s][info][gc             ] GC(97) Pause Young (Normal) (G1 Evacuation Pause) 951M->39M(1552M) 2.090ms
[30.832s][info][gc,cpu         ] GC(97) User=0.00s Sys=0.00s Real=0.00s
[31.065s][info][gc,start       ] GC(98) Pause Young (Normal) (G1 Evacuation Pause)
[31.065s][info][gc,task        ] GC(98) Using 33 workers of 33 for evacuation
[31.067s][info][gc,phases      ] GC(98)   Pre Evacuate Collection Set: 0.2ms
[31.067s][info][gc,phases      ] GC(98)   Merge Heap Roots: 0.2ms
[31.067s][info][gc,phases      ] GC(98)   Evacuate Collection Set: 0.9ms
[31.067s][info][gc,phases      ] GC(98)   Post Evacuate Collection Set: 0.5ms
[31.067s][info][gc,phases      ] GC(98)   Other: 0.1ms
[31.067s][info][gc,heap        ] GC(98) Eden regions: 57->0(57)
[31.067s][info][gc,heap        ] GC(98) Survivor regions: 1->1(8)
[31.067s][info][gc,heap        ] GC(98) Old regions: 8->8
[31.067s][info][gc,heap        ] GC(98) Archive regions: 0->0
[31.067s][info][gc,heap        ] GC(98) Humongous regions: 0->0
[31.067s][info][gc,metaspace   ] GC(98) Metaspace: 73386K(75072K)->73386K(75072K) NonClass: 58073K(59072K)->58073K(59072K) Class: 15313K(16000K)->15313K(16000K)
[31.067s][info][gc             ] GC(98) Pause Young (Normal) (G1 Evacuation Pause) 951M->39M(1552M) 2.048ms
[31.067s][info][gc,cpu         ] GC(98) User=0.00s Sys=0.00s Real=0.00s
[31.301s][info][gc,start       ] GC(99) Pause Young (Normal) (G1 Evacuation Pause)
[31.302s][info][gc,task        ] GC(99) Using 33 workers of 33 for evacuation
[31.303s][info][gc,phases      ] GC(99)   Pre Evacuate Collection Set: 0.2ms
[31.303s][info][gc,phases      ] GC(99)   Merge Heap Roots: 0.2ms
[31.303s][info][gc,phases      ] GC(99)   Evacuate Collection Set: 0.9ms
[31.303s][info][gc,phases      ] GC(99)   Post Evacuate Collection Set: 0.5ms
[31.303s][info][gc,phases      ] GC(99)   Other: 0.1ms
[31.304s][info][gc,heap        ] GC(99) Eden regions: 57->0(57)
[31.304s][info][gc,heap        ] GC(99) Survivor regions: 1->1(8)
[31.304s][info][gc,heap        ] GC(99) Old regions: 8->8
[31.304s][info][gc,heap        ] GC(99) Archive regions: 0->0
[31.304s][info][gc,heap        ] GC(99) Humongous regions: 0->0
[31.304s][info][gc,metaspace   ] GC(99) Metaspace: 73386K(75072K)->73386K(75072K) NonClass: 58073K(59072K)->58073K(59072K) Class: 15313K(16000K)->15313K(16000K)
[31.304s][info][gc             ] GC(99) Pause Young (Normal) (G1 Evacuation Pause) 951M->39M(1552M) 2.109ms
[31.304s][info][gc,cpu         ] GC(99) User=0.00s Sys=0.00s Real=0.00s
[31.540s][info][gc,start       ] GC(100) Pause Young (Normal) (G1 Evacuation Pause)
[31.540s][info][gc,task        ] GC(100) Using 33 workers of 33 for evacuation
[31.542s][info][gc,phases      ] GC(100)   Pre Evacuate Collection Set: 0.2ms
[31.542s][info][gc,phases      ] GC(100)   Merge Heap Roots: 0.2ms
[31.542s][info][gc,phases      ] GC(100)   Evacuate Collection Set: 0.9ms
[31.542s][info][gc,phases      ] GC(100)   Post Evacuate Collection Set: 0.6ms
[31.542s][info][gc,phases      ] GC(100)   Other: 0.1ms
[31.542s][info][gc,heap        ] GC(100) Eden regions: 57->0(57)
[31.542s][info][gc,heap        ] GC(100) Survivor regions: 1->1(8)
[31.542s][info][gc,heap        ] GC(100) Old regions: 8->8
[31.542s][info][gc,heap        ] GC(100) Archive regions: 0->0
[31.542s][info][gc,heap        ] GC(100) Humongous regions: 0->0
[31.542s][info][gc,metaspace   ] GC(100) Metaspace: 73393K(75072K)->73393K(75072K) NonClass: 58080K(59072K)->58080K(59072K) Class: 15313K(16000K)->15313K(16000K)
[31.542s][info][gc             ] GC(100) Pause Young (Normal) (G1 Evacuation Pause) 951M->39M(1552M) 2.148ms
[31.542s][info][gc,cpu         ] GC(100) User=0.00s Sys=0.00s Real=0.00s
[31.786s][info][gc,start       ] GC(101) Pause Young (Normal) (G1 Evacuation Pause)
[31.786s][info][gc,task        ] GC(101) Using 33 workers of 33 for evacuation
[31.788s][info][gc,phases      ] GC(101)   Pre Evacuate Collection Set: 0.2ms
[31.788s][info][gc,phases      ] GC(101)   Merge Heap Roots: 0.2ms
[31.788s][info][gc,phases      ] GC(101)   Evacuate Collection Set: 0.8ms
[31.788s][info][gc,phases      ] GC(101)   Post Evacuate Collection Set: 0.5ms
[31.788s][info][gc,phases      ] GC(101)   Other: 0.1ms
[31.788s][info][gc,heap        ] GC(101) Eden regions: 57->0(57)
[31.788s][info][gc,heap        ] GC(101) Survivor regions: 1->1(8)
[31.788s][info][gc,heap        ] GC(101) Old regions: 8->8
[31.788s][info][gc,heap        ] GC(101) Archive regions: 0->0
[31.788s][info][gc,heap        ] GC(101) Humongous regions: 0->0
[31.788s][info][gc,metaspace   ] GC(101) Metaspace: 73407K(75072K)->73407K(75072K) NonClass: 58094K(59072K)->58094K(59072K) Class: 15313K(16000K)->15313K(16000K)
[31.788s][info][gc             ] GC(101) Pause Young (Normal) (G1 Evacuation Pause) 951M->39M(1552M) 2.056ms
[31.788s][info][gc,cpu         ] GC(101) User=0.00s Sys=0.00s Real=0.00s
[32.055s][info][gc,start       ] GC(102) Pause Young (Normal) (G1 Evacuation Pause)
[32.055s][info][gc,task        ] GC(102) Using 33 workers of 33 for evacuation
[32.057s][info][gc,phases      ] GC(102)   Pre Evacuate Collection Set: 0.2ms
[32.057s][info][gc,phases      ] GC(102)   Merge Heap Roots: 0.2ms
[32.057s][info][gc,phases      ] GC(102)   Evacuate Collection Set: 0.8ms
[32.057s][info][gc,phases      ] GC(102)   Post Evacuate Collection Set: 0.5ms
[32.057s][info][gc,phases      ] GC(102)   Other: 0.1ms
[32.057s][info][gc,heap        ] GC(102) Eden regions: 57->0(57)
[32.057s][info][gc,heap        ] GC(102) Survivor regions: 1->1(8)
[32.057s][info][gc,heap        ] GC(102) Old regions: 8->8
[32.057s][info][gc,heap        ] GC(102) Archive regions: 0->0
[32.057s][info][gc,heap        ] GC(102) Humongous regions: 0->0
[32.057s][info][gc,metaspace   ] GC(102) Metaspace: 73432K(75072K)->73432K(75072K) NonClass: 58119K(59072K)->58119K(59072K) Class: 15313K(16000K)->15313K(16000K)
[32.057s][info][gc             ] GC(102) Pause Young (Normal) (G1 Evacuation Pause) 951M->39M(1552M) 1.986ms
[32.057s][info][gc,cpu         ] GC(102) User=0.00s Sys=0.00s Real=0.00s
[32.398s][info][gc,start       ] GC(103) Pause Young (Normal) (G1 Evacuation Pause)
[32.398s][info][gc,task        ] GC(103) Using 33 workers of 33 for evacuation
[32.400s][info][gc,phases      ] GC(103)   Pre Evacuate Collection Set: 0.2ms
[32.400s][info][gc,phases      ] GC(103)   Merge Heap Roots: 0.2ms
[32.400s][info][gc,phases      ] GC(103)   Evacuate Collection Set: 0.9ms
[32.400s][info][gc,phases      ] GC(103)   Post Evacuate Collection Set: 0.6ms
[32.400s][info][gc,phases      ] GC(103)   Other: 0.1ms
[32.400s][info][gc,heap        ] GC(103) Eden regions: 57->0(57)
[32.400s][info][gc,heap        ] GC(103) Survivor regions: 1->1(8)
[32.400s][info][gc,heap        ] GC(103) Old regions: 8->8
[32.400s][info][gc,heap        ] GC(103) Archive regions: 0->0
[32.400s][info][gc,heap        ] GC(103) Humongous regions: 0->0
[32.400s][info][gc,metaspace   ] GC(103) Metaspace: 73460K(75072K)->73460K(75072K) NonClass: 58146K(59072K)->58146K(59072K) Class: 15313K(16000K)->15313K(16000K)
[32.400s][info][gc             ] GC(103) Pause Young (Normal) (G1 Evacuation Pause) 951M->39M(1552M) 2.147ms
[32.400s][info][gc,cpu         ] GC(103) User=0.52s Sys=0.00s Real=0.02s
[33.096s][info][gc,start       ] GC(104) Pause Young (Normal) (G1 Evacuation Pause)
[33.096s][info][gc,task        ] GC(104) Using 33 workers of 33 for evacuation
[33.098s][info][gc,phases      ] GC(104)   Pre Evacuate Collection Set: 0.2ms
[33.098s][info][gc,phases      ] GC(104)   Merge Heap Roots: 0.2ms
[33.098s][info][gc,phases      ] GC(104)   Evacuate Collection Set: 1.0ms
[33.098s][info][gc,phases      ] GC(104)   Post Evacuate Collection Set: 0.7ms
[33.099s][info][gc,phases      ] GC(104)   Other: 0.1ms
[33.099s][info][gc,heap        ] GC(104) Eden regions: 57->0(57)
[33.099s][info][gc,heap        ] GC(104) Survivor regions: 1->1(8)
[33.099s][info][gc,heap        ] GC(104) Old regions: 8->8
[33.099s][info][gc,heap        ] GC(104) Archive regions: 0->0
[33.099s][info][gc,heap        ] GC(104) Humongous regions: 0->0
[33.099s][info][gc,metaspace   ] GC(104) Metaspace: 73470K(75072K)->73470K(75072K) NonClass: 58157K(59072K)->58157K(59072K) Class: 15313K(16000K)->15313K(16000K)
[33.099s][info][gc             ] GC(104) Pause Young (Normal) (G1 Evacuation Pause) 951M->39M(1552M) 2.780ms
[33.099s][info][gc,cpu         ] GC(104) User=0.00s Sys=0.00s Real=0.00s
[34.055s][info][gc,start       ] GC(105) Pause Young (Normal) (G1 Evacuation Pause)
[34.055s][info][gc,task        ] GC(105) Using 33 workers of 33 for evacuation
[34.057s][info][gc,phases      ] GC(105)   Pre Evacuate Collection Set: 0.2ms
[34.057s][info][gc,phases      ] GC(105)   Merge Heap Roots: 0.2ms
[34.057s][info][gc,phases      ] GC(105)   Evacuate Collection Set: 0.9ms
[34.057s][info][gc,phases      ] GC(105)   Post Evacuate Collection Set: 0.7ms
[34.057s][info][gc,phases      ] GC(105)   Other: 0.1ms
[34.057s][info][gc,heap        ] GC(105) Eden regions: 57->0(57)
[34.057s][info][gc,heap        ] GC(105) Survivor regions: 1->1(8)
[34.057s][info][gc,heap        ] GC(105) Old regions: 8->8
[34.057s][info][gc,heap        ] GC(105) Archive regions: 0->0
[34.057s][info][gc,heap        ] GC(105) Humongous regions: 0->0
[34.057s][info][gc,metaspace   ] GC(105) Metaspace: 73470K(75072K)->73470K(75072K) NonClass: 58157K(59072K)->58157K(59072K) Class: 15313K(16000K)->15313K(16000K)
[34.057s][info][gc             ] GC(105) Pause Young (Normal) (G1 Evacuation Pause) 951M->39M(1552M) 2.695ms
[34.057s][info][gc,cpu         ] GC(105) User=0.00s Sys=0.00s Real=0.00s
[34.509s][info][gc,start       ] GC(106) Pause Full (System.gc())
[34.509s][info][gc,task        ] GC(106) Using 8 workers of 33 for full compaction
[34.509s][info][gc,phases,start] GC(106) Phase 1: Mark live objects
[34.535s][info][gc,phases      ] GC(106) Phase 1: Mark live objects 25.907ms
[34.535s][info][gc,phases,start] GC(106) Phase 2: Prepare compaction
[34.540s][info][gc,phases      ] GC(106) Phase 2: Prepare compaction 4.388ms
[34.540s][info][gc,phases,start] GC(106) Phase 3: Adjust pointers
[34.551s][info][gc,phases      ] GC(106) Phase 3: Adjust pointers 11.098ms
[34.551s][info][gc,phases,start] GC(106) Phase 4: Compact heap
[34.556s][info][gc,phases      ] GC(106) Phase 4: Compact heap 5.564ms
[34.598s][info][gc,heap        ] GC(106) Eden regions: 19->0(16)
[34.599s][info][gc,heap        ] GC(106) Survivor regions: 1->0(8)
[34.599s][info][gc,heap        ] GC(106) Old regions: 8->8
[34.599s][info][gc,heap        ] GC(106) Archive regions: 0->0
[34.599s][info][gc,heap        ] GC(106) Humongous regions: 0->0
[34.599s][info][gc,metaspace   ] GC(106) Metaspace: 73483K(75072K)->73483K(75072K) NonClass: 58170K(59072K)->58170K(59072K) Class: 15313K(16000K)->15313K(16000K)
[34.599s][info][gc             ] GC(106) Pause Full (System.gc()) 332M->35M(432M) 90.062ms
[34.599s][info][gc,cpu         ] GC(106) User=0.28s Sys=0.00s Real=0.08s
[34.699s][info][gc,start       ] GC(107) Pause Young (Normal) (G1 Evacuation Pause)
[34.700s][info][gc,task        ] GC(107) Using 33 workers of 33 for evacuation
[34.702s][info][gc,phases      ] GC(107)   Pre Evacuate Collection Set: 0.2ms
[34.702s][info][gc,phases      ] GC(107)   Merge Heap Roots: 0.2ms
[34.702s][info][gc,phases      ] GC(107)   Evacuate Collection Set: 1.3ms
[34.702s][info][gc,phases      ] GC(107)   Post Evacuate Collection Set: 0.6ms
[34.702s][info][gc,phases      ] GC(107)   Other: 0.1ms
[34.702s][info][gc,heap        ] GC(107) Eden regions: 16->0(15)
[34.702s][info][gc,heap        ] GC(107) Survivor regions: 0->1(2)
[34.702s][info][gc,heap        ] GC(107) Old regions: 8->8
[34.702s][info][gc,heap        ] GC(107) Archive regions: 0->0
[34.702s][info][gc,heap        ] GC(107) Humongous regions: 0->0
[34.702s][info][gc,metaspace   ] GC(107) Metaspace: 73587K(75072K)->73587K(75072K) NonClass: 58273K(59072K)->58273K(59072K) Class: 15313K(16000K)->15313K(16000K)
[34.702s][info][gc             ] GC(107) Pause Young (Normal) (G1 Evacuation Pause) 291M->38M(432M) 2.561ms
[34.702s][info][gc,cpu         ] GC(107) User=0.00s Sys=0.00s Real=0.00s
[34.765s][info][gc,start       ] GC(108) Pause Young (Normal) (G1 Evacuation Pause)
[34.765s][info][gc,task        ] GC(108) Using 33 workers of 33 for evacuation
[34.767s][info][gc,phases      ] GC(108)   Pre Evacuate Collection Set: 0.2ms
[34.767s][info][gc,phases      ] GC(108)   Merge Heap Roots: 0.2ms
[34.767s][info][gc,phases      ] GC(108)   Evacuate Collection Set: 1.2ms
[34.767s][info][gc,phases      ] GC(108)   Post Evacuate Collection Set: 0.6ms
[34.767s][info][gc,phases      ] GC(108)   Other: 0.1ms
[34.767s][info][gc,heap        ] GC(108) Eden regions: 15->0(15)
[34.767s][info][gc,heap        ] GC(108) Survivor regions: 1->1(2)
[34.767s][info][gc,heap        ] GC(108) Old regions: 8->8
[34.767s][info][gc,heap        ] GC(108) Archive regions: 0->0
[34.767s][info][gc,heap        ] GC(108) Humongous regions: 0->0
[34.767s][info][gc,metaspace   ] GC(108) Metaspace: 73587K(75072K)->73587K(75072K) NonClass: 58273K(59072K)->58273K(59072K) Class: 15313K(16000K)->15313K(16000K)
[34.767s][info][gc             ] GC(108) Pause Young (Normal) (G1 Evacuation Pause) 278M->38M(432M) 2.588ms
[34.768s][info][gc,cpu         ] GC(108) User=0.52s Sys=0.00s Real=0.00s
[34.830s][info][gc,start       ] GC(109) Pause Young (Normal) (G1 Evacuation Pause)
[34.830s][info][gc,task        ] GC(109) Using 33 workers of 33 for evacuation
[34.832s][info][gc,phases      ] GC(109)   Pre Evacuate Collection Set: 0.2ms
[34.832s][info][gc,phases      ] GC(109)   Merge Heap Roots: 0.2ms
[34.832s][info][gc,phases      ] GC(109)   Evacuate Collection Set: 1.2ms
[34.832s][info][gc,phases      ] GC(109)   Post Evacuate Collection Set: 0.6ms
[34.832s][info][gc,phases      ] GC(109)   Other: 0.1ms
[34.832s][info][gc,heap        ] GC(109) Eden regions: 15->0(15)
[34.832s][info][gc,heap        ] GC(109) Survivor regions: 1->1(2)
[34.832s][info][gc,heap        ] GC(109) Old regions: 8->8
[34.832s][info][gc,heap        ] GC(109) Archive regions: 0->0
[34.833s][info][gc,heap        ] GC(109) Humongous regions: 0->0
[34.833s][info][gc,metaspace   ] GC(109) Metaspace: 73587K(75072K)->73587K(75072K) NonClass: 58273K(59072K)->58273K(59072K) Class: 15313K(16000K)->15313K(16000K)
[34.833s][info][gc             ] GC(109) Pause Young (Normal) (G1 Evacuation Pause) 278M->38M(432M) 2.478ms
[34.833s][info][gc,cpu         ] GC(109) User=0.00s Sys=0.00s Real=0.00s
[34.905s][info][gc,start       ] GC(110) Pause Young (Normal) (G1 Evacuation Pause)
[34.905s][info][gc,task        ] GC(110) Using 33 workers of 33 for evacuation
[34.910s][info][gc,phases      ] GC(110)   Pre Evacuate Collection Set: 0.2ms
[34.910s][info][gc,phases      ] GC(110)   Merge Heap Roots: 0.2ms
[34.910s][info][gc,phases      ] GC(110)   Evacuate Collection Set: 1.4ms
[34.910s][info][gc,phases      ] GC(110)   Post Evacuate Collection Set: 3.6ms
[34.910s][info][gc,phases      ] GC(110)   Other: 0.1ms
[34.910s][info][gc,heap        ] GC(110) Eden regions: 15->0(45)
[34.910s][info][gc,heap        ] GC(110) Survivor regions: 1->1(2)
[34.910s][info][gc,heap        ] GC(110) Old regions: 8->8
[34.910s][info][gc,heap        ] GC(110) Archive regions: 0->0
[34.910s][info][gc,heap        ] GC(110) Humongous regions: 0->0
[34.910s][info][gc,metaspace   ] GC(110) Metaspace: 73587K(75072K)->73587K(75072K) NonClass: 58273K(59072K)->58273K(59072K) Class: 15313K(16000K)->15313K(16000K)
[34.910s][info][gc             ] GC(110) Pause Young (Normal) (G1 Evacuation Pause) 278M->38M(1248M) 5.706ms
[34.911s][info][gc,cpu         ] GC(110) User=0.00s Sys=0.00s Real=0.00s
[35.245s][info][gc,start       ] GC(111) Pause Young (Normal) (G1 Evacuation Pause)
[35.245s][info][gc,task        ] GC(111) Using 33 workers of 33 for evacuation
[35.250s][info][gc,phases      ] GC(111)   Pre Evacuate Collection Set: 0.2ms
[35.250s][info][gc,phases      ] GC(111)   Merge Heap Roots: 0.2ms
[35.250s][info][gc,phases      ] GC(111)   Evacuate Collection Set: 3.0ms
[35.250s][info][gc,phases      ] GC(111)   Post Evacuate Collection Set: 0.7ms
[35.250s][info][gc,phases      ] GC(111)   Other: 0.1ms
[35.250s][info][gc,heap        ] GC(111) Eden regions: 45->0(45)
[35.250s][info][gc,heap        ] GC(111) Survivor regions: 1->1(6)
[35.250s][info][gc,heap        ] GC(111) Old regions: 8->8
[35.250s][info][gc,heap        ] GC(111) Archive regions: 0->0
[35.250s][info][gc,heap        ] GC(111) Humongous regions: 0->0
[35.250s][info][gc,metaspace   ] GC(111) Metaspace: 73587K(75072K)->73587K(75072K) NonClass: 58273K(59072K)->58273K(59072K) Class: 15313K(16000K)->15313K(16000K)
[35.250s][info][gc             ] GC(111) Pause Young (Normal) (G1 Evacuation Pause) 758M->39M(1248M) 4.411ms
[35.250s][info][gc,cpu         ] GC(111) User=0.00s Sys=0.00s Real=0.00s
[35.434s][info][gc,start       ] GC(112) Pause Young (Normal) (G1 Evacuation Pause)
[35.434s][info][gc,task        ] GC(112) Using 33 workers of 33 for evacuation
[35.439s][info][gc,phases      ] GC(112)   Pre Evacuate Collection Set: 0.2ms
[35.439s][info][gc,phases      ] GC(112)   Merge Heap Roots: 0.2ms
[35.439s][info][gc,phases      ] GC(112)   Evacuate Collection Set: 3.3ms
[35.439s][info][gc,phases      ] GC(112)   Post Evacuate Collection Set: 0.8ms
[35.439s][info][gc,phases      ] GC(112)   Other: 0.1ms
[35.439s][info][gc,heap        ] GC(112) Eden regions: 45->0(45)
[35.439s][info][gc,heap        ] GC(112) Survivor regions: 1->1(6)
[35.439s][info][gc,heap        ] GC(112) Old regions: 8->8
[35.439s][info][gc,heap        ] GC(112) Archive regions: 0->0
[35.439s][info][gc,heap        ] GC(112) Humongous regions: 0->0
[35.439s][info][gc,metaspace   ] GC(112) Metaspace: 73587K(75072K)->73587K(75072K) NonClass: 58273K(59072K)->58273K(59072K) Class: 15313K(16000K)->15313K(16000K)
[35.439s][info][gc             ] GC(112) Pause Young (Normal) (G1 Evacuation Pause) 759M->38M(1248M) 4.806ms
[35.439s][info][gc,cpu         ] GC(112) User=0.00s Sys=0.00s Real=0.00s
[35.625s][info][gc,start       ] GC(113) Pause Young (Normal) (G1 Evacuation Pause)
[35.625s][info][gc,task        ] GC(113) Using 33 workers of 33 for evacuation
[35.628s][info][gc,phases      ] GC(113)   Pre Evacuate Collection Set: 0.2ms
[35.628s][info][gc,phases      ] GC(113)   Merge Heap Roots: 0.2ms
[35.628s][info][gc,phases      ] GC(113)   Evacuate Collection Set: 1.3ms
[35.628s][info][gc,phases      ] GC(113)   Post Evacuate Collection Set: 0.7ms
[35.628s][info][gc,phases      ] GC(113)   Other: 0.1ms
[35.628s][info][gc,heap        ] GC(113) Eden regions: 45->0(45)
[35.628s][info][gc,heap        ] GC(113) Survivor regions: 1->1(6)
[35.628s][info][gc,heap        ] GC(113) Old regions: 8->8
[35.628s][info][gc,heap        ] GC(113) Archive regions: 0->0
[35.628s][info][gc,heap        ] GC(113) Humongous regions: 0->0
[35.628s][info][gc,metaspace   ] GC(113) Metaspace: 73587K(75072K)->73587K(75072K) NonClass: 58273K(59072K)->58273K(59072K) Class: 15313K(16000K)->15313K(16000K)
[35.628s][info][gc             ] GC(113) Pause Young (Normal) (G1 Evacuation Pause) 758M->38M(1248M) 2.674ms
[35.628s][info][gc,cpu         ] GC(113) User=0.00s Sys=0.00s Real=0.00s
[35.813s][info][gc,start       ] GC(114) Pause Young (Normal) (G1 Evacuation Pause)
[35.813s][info][gc,task        ] GC(114) Using 33 workers of 33 for evacuation
[35.816s][info][gc,phases      ] GC(114)   Pre Evacuate Collection Set: 0.2ms
[35.816s][info][gc,phases      ] GC(114)   Merge Heap Roots: 0.2ms
[35.816s][info][gc,phases      ] GC(114)   Evacuate Collection Set: 1.2ms
[35.816s][info][gc,phases      ] GC(114)   Post Evacuate Collection Set: 1.8ms
[35.816s][info][gc,phases      ] GC(114)   Other: 0.1ms
[35.816s][info][gc,heap        ] GC(114) Eden regions: 45->0(57)
[35.816s][info][gc,heap        ] GC(114) Survivor regions: 1->1(6)
[35.816s][info][gc,heap        ] GC(114) Old regions: 8->8
[35.816s][info][gc,heap        ] GC(114) Archive regions: 0->0
[35.816s][info][gc,heap        ] GC(114) Humongous regions: 0->0
[35.816s][info][gc,metaspace   ] GC(114) Metaspace: 73587K(75072K)->73587K(75072K) NonClass: 58273K(59072K)->58273K(59072K) Class: 15313K(16000K)->15313K(16000K)
[35.816s][info][gc             ] GC(114) Pause Young (Normal) (G1 Evacuation Pause) 758M->38M(1568M) 3.671ms
[35.816s][info][gc,cpu         ] GC(114) User=0.00s Sys=0.00s Real=0.00s
[36.089s][info][gc,start       ] GC(115) Pause Young (Normal) (G1 Evacuation Pause)
[36.089s][info][gc,task        ] GC(115) Using 33 workers of 33 for evacuation
[36.091s][info][gc,phases      ] GC(115)   Pre Evacuate Collection Set: 0.2ms
[36.092s][info][gc,phases      ] GC(115)   Merge Heap Roots: 0.2ms
[36.092s][info][gc,phases      ] GC(115)   Evacuate Collection Set: 1.3ms
[36.092s][info][gc,phases      ] GC(115)   Post Evacuate Collection Set: 0.7ms
[36.092s][info][gc,phases      ] GC(115)   Other: 0.1ms
[36.092s][info][gc,heap        ] GC(115) Eden regions: 57->0(57)
[36.092s][info][gc,heap        ] GC(115) Survivor regions: 1->1(8)
[36.092s][info][gc,heap        ] GC(115) Old regions: 8->8
[36.092s][info][gc,heap        ] GC(115) Archive regions: 0->0
[36.092s][info][gc,heap        ] GC(115) Humongous regions: 0->0
[36.092s][info][gc,metaspace   ] GC(115) Metaspace: 73587K(75072K)->73587K(75072K) NonClass: 58273K(59072K)->58273K(59072K) Class: 15313K(16000K)->15313K(16000K)
[36.092s][info][gc             ] GC(115) Pause Young (Normal) (G1 Evacuation Pause) 950M->38M(1568M) 2.737ms
[36.092s][info][gc,cpu         ] GC(115) User=0.00s Sys=0.00s Real=0.00s
[36.326s][info][gc,start       ] GC(116) Pause Young (Normal) (G1 Evacuation Pause)
[36.326s][info][gc,task        ] GC(116) Using 33 workers of 33 for evacuation
[36.328s][info][gc,phases      ] GC(116)   Pre Evacuate Collection Set: 0.2ms
[36.328s][info][gc,phases      ] GC(116)   Merge Heap Roots: 0.2ms
[36.328s][info][gc,phases      ] GC(116)   Evacuate Collection Set: 1.2ms
[36.328s][info][gc,phases      ] GC(116)   Post Evacuate Collection Set: 0.7ms
[36.328s][info][gc,phases      ] GC(116)   Other: 0.1ms
[36.328s][info][gc,heap        ] GC(116) Eden regions: 57->0(57)
[36.328s][info][gc,heap        ] GC(116) Survivor regions: 1->1(8)
[36.328s][info][gc,heap        ] GC(116) Old regions: 8->8
[36.328s][info][gc,heap        ] GC(116) Archive regions: 0->0
[36.328s][info][gc,heap        ] GC(116) Humongous regions: 0->0
[36.328s][info][gc,metaspace   ] GC(116) Metaspace: 73587K(75072K)->73587K(75072K) NonClass: 58273K(59072K)->58273K(59072K) Class: 15313K(16000K)->15313K(16000K)
[36.328s][info][gc             ] GC(116) Pause Young (Normal) (G1 Evacuation Pause) 950M->38M(1568M) 2.605ms
[36.328s][info][gc,cpu         ] GC(116) User=0.00s Sys=0.00s Real=0.00s
[36.562s][info][gc,start       ] GC(117) Pause Young (Normal) (G1 Evacuation Pause)
[36.562s][info][gc,task        ] GC(117) Using 33 workers of 33 for evacuation
[36.565s][info][gc,phases      ] GC(117)   Pre Evacuate Collection Set: 0.2ms
[36.565s][info][gc,phases      ] GC(117)   Merge Heap Roots: 0.2ms
[36.565s][info][gc,phases      ] GC(117)   Evacuate Collection Set: 1.3ms
[36.565s][info][gc,phases      ] GC(117)   Post Evacuate Collection Set: 0.7ms
[36.565s][info][gc,phases      ] GC(117)   Other: 0.1ms
[36.565s][info][gc,heap        ] GC(117) Eden regions: 57->0(57)
[36.565s][info][gc,heap        ] GC(117) Survivor regions: 1->1(8)
[36.565s][info][gc,heap        ] GC(117) Old regions: 8->8
[36.565s][info][gc,heap        ] GC(117) Archive regions: 0->0
[36.565s][info][gc,heap        ] GC(117) Humongous regions: 0->0
[36.565s][info][gc,metaspace   ] GC(117) Metaspace: 73587K(75072K)->73587K(75072K) NonClass: 58273K(59072K)->58273K(59072K) Class: 15313K(16000K)->15313K(16000K)
[36.565s][info][gc             ] GC(117) Pause Young (Normal) (G1 Evacuation Pause) 950M->38M(1568M) 2.679ms
[36.565s][info][gc,cpu         ] GC(117) User=0.00s Sys=0.00s Real=0.00s
[36.800s][info][gc,start       ] GC(118) Pause Young (Normal) (G1 Evacuation Pause)
[36.800s][info][gc,task        ] GC(118) Using 33 workers of 33 for evacuation
[36.802s][info][gc,phases      ] GC(118)   Pre Evacuate Collection Set: 0.2ms
[36.802s][info][gc,phases      ] GC(118)   Merge Heap Roots: 0.2ms
[36.802s][info][gc,phases      ] GC(118)   Evacuate Collection Set: 1.2ms
[36.802s][info][gc,phases      ] GC(118)   Post Evacuate Collection Set: 0.7ms
[36.802s][info][gc,phases      ] GC(118)   Other: 0.1ms
[36.802s][info][gc,heap        ] GC(118) Eden regions: 57->0(57)
[36.802s][info][gc,heap        ] GC(118) Survivor regions: 1->1(8)
[36.802s][info][gc,heap        ] GC(118) Old regions: 8->8
[36.802s][info][gc,heap        ] GC(118) Archive regions: 0->0
[36.802s][info][gc,heap        ] GC(118) Humongous regions: 0->0
[36.802s][info][gc,metaspace   ] GC(118) Metaspace: 73606K(75072K)->73606K(75072K) NonClass: 58292K(59072K)->58292K(59072K) Class: 15313K(16000K)->15313K(16000K)
[36.802s][info][gc             ] GC(118) Pause Young (Normal) (G1 Evacuation Pause) 950M->38M(1568M) 2.658ms
[36.802s][info][gc,cpu         ] GC(118) User=0.00s Sys=0.00s Real=0.00s
[37.036s][info][gc,start       ] GC(119) Pause Young (Normal) (G1 Evacuation Pause)
[37.037s][info][gc,task        ] GC(119) Using 33 workers of 33 for evacuation
[37.039s][info][gc,phases      ] GC(119)   Pre Evacuate Collection Set: 0.2ms
[37.039s][info][gc,phases      ] GC(119)   Merge Heap Roots: 0.2ms
[37.039s][info][gc,phases      ] GC(119)   Evacuate Collection Set: 1.3ms
[37.039s][info][gc,phases      ] GC(119)   Post Evacuate Collection Set: 0.7ms
[37.039s][info][gc,phases      ] GC(119)   Other: 0.1ms
[37.039s][info][gc,heap        ] GC(119) Eden regions: 57->0(57)
[37.039s][info][gc,heap        ] GC(119) Survivor regions: 1->1(8)
[37.039s][info][gc,heap        ] GC(119) Old regions: 8->8
[37.039s][info][gc,heap        ] GC(119) Archive regions: 0->0
[37.039s][info][gc,heap        ] GC(119) Humongous regions: 0->0
[37.039s][info][gc,metaspace   ] GC(119) Metaspace: 73606K(75072K)->73606K(75072K) NonClass: 58292K(59072K)->58292K(59072K) Class: 15313K(16000K)->15313K(16000K)
[37.039s][info][gc             ] GC(119) Pause Young (Normal) (G1 Evacuation Pause) 950M->39M(1568M) 2.726ms
[37.039s][info][gc,cpu         ] GC(119) User=0.00s Sys=0.00s Real=0.00s
[37.273s][info][gc,start       ] GC(120) Pause Young (Normal) (G1 Evacuation Pause)
[37.273s][info][gc,task        ] GC(120) Using 33 workers of 33 for evacuation
[37.277s][info][gc,phases      ] GC(120)   Pre Evacuate Collection Set: 0.2ms
[37.277s][info][gc,phases      ] GC(120)   Merge Heap Roots: 0.2ms
[37.277s][info][gc,phases      ] GC(120)   Evacuate Collection Set: 1.3ms
[37.277s][info][gc,phases      ] GC(120)   Post Evacuate Collection Set: 1.6ms
[37.277s][info][gc,phases      ] GC(120)   Other: 0.1ms
[37.277s][info][gc,heap        ] GC(120) Eden regions: 57->0(69)
[37.277s][info][gc,heap        ] GC(120) Survivor regions: 1->1(8)
[37.277s][info][gc,heap        ] GC(120) Old regions: 8->8
[37.277s][info][gc,heap        ] GC(120) Archive regions: 0->0
[37.277s][info][gc,heap        ] GC(120) Humongous regions: 0->0
[37.277s][info][gc,metaspace   ] GC(120) Metaspace: 73606K(75072K)->73606K(75072K) NonClass: 58292K(59072K)->58292K(59072K) Class: 15313K(16000K)->15313K(16000K)
[37.277s][info][gc             ] GC(120) Pause Young (Normal) (G1 Evacuation Pause) 951M->38M(1888M) 3.660ms
[37.277s][info][gc,cpu         ] GC(120) User=0.00s Sys=0.00s Real=0.00s
[37.602s][info][gc,start       ] GC(121) Pause Young (Normal) (G1 Evacuation Pause)
[37.602s][info][gc,task        ] GC(121) Using 33 workers of 33 for evacuation
[37.605s][info][gc,phases      ] GC(121)   Pre Evacuate Collection Set: 0.2ms
[37.605s][info][gc,phases      ] GC(121)   Merge Heap Roots: 0.2ms
[37.605s][info][gc,phases      ] GC(121)   Evacuate Collection Set: 1.2ms
[37.605s][info][gc,phases      ] GC(121)   Post Evacuate Collection Set: 0.7ms
[37.605s][info][gc,phases      ] GC(121)   Other: 0.1ms
[37.605s][info][gc,heap        ] GC(121) Eden regions: 69->0(69)
[37.605s][info][gc,heap        ] GC(121) Survivor regions: 1->1(9)
[37.605s][info][gc,heap        ] GC(121) Old regions: 8->8
[37.605s][info][gc,heap        ] GC(121) Archive regions: 0->0
[37.605s][info][gc,heap        ] GC(121) Humongous regions: 0->0
[37.605s][info][gc,metaspace   ] GC(121) Metaspace: 73606K(75072K)->73606K(75072K) NonClass: 58292K(59072K)->58292K(59072K) Class: 15313K(16000K)->15313K(16000K)
[37.605s][info][gc             ] GC(121) Pause Young (Normal) (G1 Evacuation Pause) 1142M->38M(1888M) 2.632ms
[37.605s][info][gc,cpu         ] GC(121) User=0.00s Sys=0.00s Real=0.00s
[37.888s][info][gc,start       ] GC(122) Pause Young (Normal) (G1 Evacuation Pause)
[37.888s][info][gc,task        ] GC(122) Using 33 workers of 33 for evacuation
[37.890s][info][gc,phases      ] GC(122)   Pre Evacuate Collection Set: 0.2ms
[37.891s][info][gc,phases      ] GC(122)   Merge Heap Roots: 0.2ms
[37.891s][info][gc,phases      ] GC(122)   Evacuate Collection Set: 1.2ms
[37.891s][info][gc,phases      ] GC(122)   Post Evacuate Collection Set: 0.5ms
[37.891s][info][gc,phases      ] GC(122)   Other: 0.1ms
[37.891s][info][gc,heap        ] GC(122) Eden regions: 69->0(69)
[37.891s][info][gc,heap        ] GC(122) Survivor regions: 1->1(9)
[37.891s][info][gc,heap        ] GC(122) Old regions: 8->9
[37.891s][info][gc,heap        ] GC(122) Archive regions: 0->0
[37.891s][info][gc,heap        ] GC(122) Humongous regions: 0->0
[37.891s][info][gc,metaspace   ] GC(122) Metaspace: 73606K(75072K)->73606K(75072K) NonClass: 58292K(59072K)->58292K(59072K) Class: 15313K(16000K)->15313K(16000K)
[37.891s][info][gc             ] GC(122) Pause Young (Normal) (G1 Evacuation Pause) 1142M->39M(1888M) 2.508ms
[37.891s][info][gc,cpu         ] GC(122) User=0.00s Sys=0.00s Real=0.00s
[38.175s][info][gc,start       ] GC(123) Pause Young (Normal) (G1 Evacuation Pause)
[38.175s][info][gc,task        ] GC(123) Using 33 workers of 33 for evacuation
[38.177s][info][gc,phases      ] GC(123)   Pre Evacuate Collection Set: 0.2ms
[38.177s][info][gc,phases      ] GC(123)   Merge Heap Roots: 0.2ms
[38.177s][info][gc,phases      ] GC(123)   Evacuate Collection Set: 0.9ms
[38.177s][info][gc,phases      ] GC(123)   Post Evacuate Collection Set: 0.5ms
[38.177s][info][gc,phases      ] GC(123)   Other: 0.1ms
[38.177s][info][gc,heap        ] GC(123) Eden regions: 69->0(69)
[38.177s][info][gc,heap        ] GC(123) Survivor regions: 1->1(9)
[38.177s][info][gc,heap        ] GC(123) Old regions: 9->9
[38.177s][info][gc,heap        ] GC(123) Archive regions: 0->0
[38.177s][info][gc,heap        ] GC(123) Humongous regions: 0->0
[38.177s][info][gc,metaspace   ] GC(123) Metaspace: 73606K(75072K)->73606K(75072K) NonClass: 58292K(59072K)->58292K(59072K) Class: 15313K(16000K)->15313K(16000K)
[38.177s][info][gc             ] GC(123) Pause Young (Normal) (G1 Evacuation Pause) 1143M->38M(1888M) 2.098ms
[38.177s][info][gc,cpu         ] GC(123) User=0.00s Sys=0.00s Real=0.00s
[38.461s][info][gc,start       ] GC(124) Pause Young (Normal) (G1 Evacuation Pause)
[38.461s][info][gc,task        ] GC(124) Using 33 workers of 33 for evacuation
[38.463s][info][gc,phases      ] GC(124)   Pre Evacuate Collection Set: 0.2ms
[38.463s][info][gc,phases      ] GC(124)   Merge Heap Roots: 0.2ms
[38.463s][info][gc,phases      ] GC(124)   Evacuate Collection Set: 0.9ms
[38.463s][info][gc,phases      ] GC(124)   Post Evacuate Collection Set: 0.5ms
[38.463s][info][gc,phases      ] GC(124)   Other: 0.1ms
[38.463s][info][gc,heap        ] GC(124) Eden regions: 69->0(69)
[38.463s][info][gc,heap        ] GC(124) Survivor regions: 1->1(9)
[38.463s][info][gc,heap        ] GC(124) Old regions: 9->9
[38.463s][info][gc,heap        ] GC(124) Archive regions: 0->0
[38.463s][info][gc,heap        ] GC(124) Humongous regions: 0->0
[38.463s][info][gc,metaspace   ] GC(124) Metaspace: 73606K(75072K)->73606K(75072K) NonClass: 58292K(59072K)->58292K(59072K) Class: 15313K(16000K)->15313K(16000K)
[38.463s][info][gc             ] GC(124) Pause Young (Normal) (G1 Evacuation Pause) 1142M->38M(1888M) 2.111ms
[38.463s][info][gc,cpu         ] GC(124) User=0.00s Sys=0.00s Real=0.00s
[38.747s][info][gc,start       ] GC(125) Pause Young (Normal) (G1 Evacuation Pause)
[38.765s][info][gc,task        ] GC(125) Using 33 workers of 33 for evacuation
[38.768s][info][gc,phases      ] GC(125)   Pre Evacuate Collection Set: 0.2ms
[38.768s][info][gc,phases      ] GC(125)   Merge Heap Roots: 0.3ms
[38.768s][info][gc,phases      ] GC(125)   Evacuate Collection Set: 1.1ms
[38.768s][info][gc,phases      ] GC(125)   Post Evacuate Collection Set: 0.6ms
[38.768s][info][gc,phases      ] GC(125)   Other: 0.1ms
[38.768s][info][gc,heap        ] GC(125) Eden regions: 69->0(69)
[38.768s][info][gc,heap        ] GC(125) Survivor regions: 1->1(9)
[38.768s][info][gc,heap        ] GC(125) Old regions: 9->9
[38.768s][info][gc,heap        ] GC(125) Archive regions: 0->0
[38.768s][info][gc,heap        ] GC(125) Humongous regions: 0->0
[38.768s][info][gc,metaspace   ] GC(125) Metaspace: 73606K(75072K)->73606K(75072K) NonClass: 58292K(59072K)->58292K(59072K) Class: 15313K(16000K)->15313K(16000K)
[38.768s][info][gc             ] GC(125) Pause Young (Normal) (G1 Evacuation Pause) 1142M->38M(1888M) 21.012ms
[38.768s][info][gc,cpu         ] GC(125) User=0.00s Sys=0.02s Real=0.02s
[39.057s][info][gc,start       ] GC(126) Pause Young (Normal) (G1 Evacuation Pause)
[39.057s][info][gc,task        ] GC(126) Using 33 workers of 33 for evacuation
[39.059s][info][gc,phases      ] GC(126)   Pre Evacuate Collection Set: 0.2ms
[39.059s][info][gc,phases      ] GC(126)   Merge Heap Roots: 0.2ms
[39.059s][info][gc,phases      ] GC(126)   Evacuate Collection Set: 0.9ms
[39.059s][info][gc,phases      ] GC(126)   Post Evacuate Collection Set: 0.5ms
[39.059s][info][gc,phases      ] GC(126)   Other: 0.1ms
[39.059s][info][gc,heap        ] GC(126) Eden regions: 69->0(69)
[39.059s][info][gc,heap        ] GC(126) Survivor regions: 1->1(9)
[39.059s][info][gc,heap        ] GC(126) Old regions: 9->9
[39.059s][info][gc,heap        ] GC(126) Archive regions: 0->0
[39.059s][info][gc,heap        ] GC(126) Humongous regions: 0->0
[39.059s][info][gc,metaspace   ] GC(126) Metaspace: 73606K(75072K)->73606K(75072K) NonClass: 58292K(59072K)->58292K(59072K) Class: 15313K(16000K)->15313K(16000K)
[39.059s][info][gc             ] GC(126) Pause Young (Normal) (G1 Evacuation Pause) 1142M->38M(1888M) 2.095ms
[39.059s][info][gc,cpu         ] GC(126) User=0.00s Sys=0.00s Real=0.00s
[39.343s][info][gc,start       ] GC(127) Pause Young (Normal) (G1 Evacuation Pause)
[39.343s][info][gc,task        ] GC(127) Using 33 workers of 33 for evacuation
[39.345s][info][gc,phases      ] GC(127)   Pre Evacuate Collection Set: 0.2ms
[39.345s][info][gc,phases      ] GC(127)   Merge Heap Roots: 0.2ms
[39.345s][info][gc,phases      ] GC(127)   Evacuate Collection Set: 0.8ms
[39.345s][info][gc,phases      ] GC(127)   Post Evacuate Collection Set: 0.5ms
[39.345s][info][gc,phases      ] GC(127)   Other: 0.1ms
[39.345s][info][gc,heap        ] GC(127) Eden regions: 69->0(69)
[39.345s][info][gc,heap        ] GC(127) Survivor regions: 1->1(9)
[39.345s][info][gc,heap        ] GC(127) Old regions: 9->9
[39.345s][info][gc,heap        ] GC(127) Archive regions: 0->0
[39.345s][info][gc,heap        ] GC(127) Humongous regions: 0->0
[39.345s][info][gc,metaspace   ] GC(127) Metaspace: 73606K(75072K)->73606K(75072K) NonClass: 58292K(59072K)->58292K(59072K) Class: 15313K(16000K)->15313K(16000K)
[39.345s][info][gc             ] GC(127) Pause Young (Normal) (G1 Evacuation Pause) 1142M->38M(1888M) 2.069ms
[39.345s][info][gc,cpu         ] GC(127) User=0.52s Sys=0.00s Real=0.00s
[39.630s][info][gc,start       ] GC(128) Pause Young (Normal) (G1 Evacuation Pause)
[39.631s][info][gc,task        ] GC(128) Using 33 workers of 33 for evacuation
[39.633s][info][gc,phases      ] GC(128)   Pre Evacuate Collection Set: 0.2ms
[39.633s][info][gc,phases      ] GC(128)   Merge Heap Roots: 0.2ms
[39.633s][info][gc,phases      ] GC(128)   Evacuate Collection Set: 0.9ms
[39.633s][info][gc,phases      ] GC(128)   Post Evacuate Collection Set: 0.6ms
[39.633s][info][gc,phases      ] GC(128)   Other: 0.1ms
[39.633s][info][gc,heap        ] GC(128) Eden regions: 69->0(69)
[39.633s][info][gc,heap        ] GC(128) Survivor regions: 1->1(9)
[39.633s][info][gc,heap        ] GC(128) Old regions: 9->9
[39.633s][info][gc,heap        ] GC(128) Archive regions: 0->0
[39.633s][info][gc,heap        ] GC(128) Humongous regions: 0->0
[39.633s][info][gc,metaspace   ] GC(128) Metaspace: 73641K(75072K)->73641K(75072K) NonClass: 58327K(59072K)->58327K(59072K) Class: 15313K(16000K)->15313K(16000K)
[39.633s][info][gc             ] GC(128) Pause Young (Normal) (G1 Evacuation Pause) 1142M->39M(1888M) 2.220ms
[39.633s][info][gc,cpu         ] GC(128) User=0.00s Sys=0.00s Real=0.00s
[39.925s][info][gc,start       ] GC(129) Pause Young (Normal) (G1 Evacuation Pause)
[39.925s][info][gc,task        ] GC(129) Using 33 workers of 33 for evacuation
[39.927s][info][gc,phases      ] GC(129)   Pre Evacuate Collection Set: 0.2ms
[39.927s][info][gc,phases      ] GC(129)   Merge Heap Roots: 0.2ms
[39.927s][info][gc,phases      ] GC(129)   Evacuate Collection Set: 0.9ms
[39.927s][info][gc,phases      ] GC(129)   Post Evacuate Collection Set: 0.5ms
[39.927s][info][gc,phases      ] GC(129)   Other: 0.1ms
[39.927s][info][gc,heap        ] GC(129) Eden regions: 69->0(69)
[39.927s][info][gc,heap        ] GC(129) Survivor regions: 1->1(9)
[39.927s][info][gc,heap        ] GC(129) Old regions: 9->9
[39.927s][info][gc,heap        ] GC(129) Archive regions: 0->0
[39.927s][info][gc,heap        ] GC(129) Humongous regions: 0->0
[39.927s][info][gc,metaspace   ] GC(129) Metaspace: 73646K(75072K)->73646K(75072K) NonClass: 58332K(59072K)->58332K(59072K) Class: 15313K(16000K)->15313K(16000K)
[39.927s][info][gc             ] GC(129) Pause Young (Normal) (G1 Evacuation Pause) 1143M->39M(1888M) 2.198ms
[39.927s][info][gc,cpu         ] GC(129) User=0.00s Sys=0.00s Real=0.00s
[40.280s][info][gc,start       ] GC(130) Pause Young (Normal) (G1 Evacuation Pause)
[40.280s][info][gc,task        ] GC(130) Using 33 workers of 33 for evacuation
[40.282s][info][gc,phases      ] GC(130)   Pre Evacuate Collection Set: 0.2ms
[40.282s][info][gc,phases      ] GC(130)   Merge Heap Roots: 0.2ms
[40.282s][info][gc,phases      ] GC(130)   Evacuate Collection Set: 0.8ms
[40.282s][info][gc,phases      ] GC(130)   Post Evacuate Collection Set: 0.6ms
[40.282s][info][gc,phases      ] GC(130)   Other: 0.1ms
[40.282s][info][gc,heap        ] GC(130) Eden regions: 69->0(69)
[40.282s][info][gc,heap        ] GC(130) Survivor regions: 1->1(9)
[40.282s][info][gc,heap        ] GC(130) Old regions: 9->9
[40.282s][info][gc,heap        ] GC(130) Archive regions: 0->0
[40.282s][info][gc,heap        ] GC(130) Humongous regions: 0->0
[40.282s][info][gc,metaspace   ] GC(130) Metaspace: 73646K(75072K)->73646K(75072K) NonClass: 58332K(59072K)->58332K(59072K) Class: 15313K(16000K)->15313K(16000K)
[40.282s][info][gc             ] GC(130) Pause Young (Normal) (G1 Evacuation Pause) 1143M->39M(1888M) 2.083ms
[40.282s][info][gc,cpu         ] GC(130) User=0.00s Sys=0.00s Real=0.00s
[40.851s][info][gc,start       ] GC(131) Pause Young (Normal) (G1 Evacuation Pause)
[40.851s][info][gc,task        ] GC(131) Using 33 workers of 33 for evacuation
[40.853s][info][gc,phases      ] GC(131)   Pre Evacuate Collection Set: 0.2ms
[40.853s][info][gc,phases      ] GC(131)   Merge Heap Roots: 0.2ms
[40.853s][info][gc,phases      ] GC(131)   Evacuate Collection Set: 0.9ms
[40.853s][info][gc,phases      ] GC(131)   Post Evacuate Collection Set: 0.5ms
[40.853s][info][gc,phases      ] GC(131)   Other: 0.1ms
[40.853s][info][gc,heap        ] GC(131) Eden regions: 69->0(69)
[40.853s][info][gc,heap        ] GC(131) Survivor regions: 1->1(9)
[40.853s][info][gc,heap        ] GC(131) Old regions: 9->9
[40.853s][info][gc,heap        ] GC(131) Archive regions: 0->0
[40.853s][info][gc,heap        ] GC(131) Humongous regions: 0->0
[40.853s][info][gc,metaspace   ] GC(131) Metaspace: 73646K(75072K)->73646K(75072K) NonClass: 58332K(59072K)->58332K(59072K) Class: 15313K(16000K)->15313K(16000K)
[40.853s][info][gc             ] GC(131) Pause Young (Normal) (G1 Evacuation Pause) 1143M->38M(1888M) 2.091ms
[40.853s][info][gc,cpu         ] GC(131) User=0.00s Sys=0.00s Real=0.00s
[41.636s][info][gc,start       ] GC(132) Pause Young (Normal) (G1 Evacuation Pause)
[41.637s][info][gc,task        ] GC(132) Using 33 workers of 33 for evacuation
[41.638s][info][gc,phases      ] GC(132)   Pre Evacuate Collection Set: 0.2ms
[41.638s][info][gc,phases      ] GC(132)   Merge Heap Roots: 0.2ms
[41.638s][info][gc,phases      ] GC(132)   Evacuate Collection Set: 0.8ms
[41.638s][info][gc,phases      ] GC(132)   Post Evacuate Collection Set: 0.6ms
[41.638s][info][gc,phases      ] GC(132)   Other: 0.1ms
[41.638s][info][gc,heap        ] GC(132) Eden regions: 69->0(69)
[41.638s][info][gc,heap        ] GC(132) Survivor regions: 1->1(9)
[41.638s][info][gc,heap        ] GC(132) Old regions: 9->9
[41.638s][info][gc,heap        ] GC(132) Archive regions: 0->0
[41.638s][info][gc,heap        ] GC(132) Humongous regions: 0->0
[41.638s][info][gc,metaspace   ] GC(132) Metaspace: 73646K(75072K)->73646K(75072K) NonClass: 58332K(59072K)->58332K(59072K) Class: 15313K(16000K)->15313K(16000K)
[41.638s][info][gc             ] GC(132) Pause Young (Normal) (G1 Evacuation Pause) 1142M->38M(1888M) 1.945ms
[41.638s][info][gc,cpu         ] GC(132) User=0.00s Sys=0.00s Real=0.00s
[42.086s][info][gc,start       ] GC(133) Pause Full (System.gc())
[42.086s][info][gc,task        ] GC(133) Using 10 workers of 33 for full compaction
[42.087s][info][gc,phases,start] GC(133) Phase 1: Mark live objects
[42.109s][info][gc,phases      ] GC(133) Phase 1: Mark live objects 22.235ms
[42.109s][info][gc,phases,start] GC(133) Phase 2: Prepare compaction
[42.114s][info][gc,phases      ] GC(133) Phase 2: Prepare compaction 4.700ms
[42.114s][info][gc,phases,start] GC(133) Phase 3: Adjust pointers
[42.132s][info][gc,phases      ] GC(133) Phase 3: Adjust pointers 18.113ms
[42.132s][info][gc,phases,start] GC(133) Phase 4: Compact heap
[42.138s][info][gc,phases      ] GC(133) Phase 4: Compact heap 5.939ms
[42.158s][info][gc,heap        ] GC(133) Eden regions: 34->0(20)
[42.158s][info][gc,heap        ] GC(133) Survivor regions: 1->0(9)
[42.158s][info][gc,heap        ] GC(133) Old regions: 9->10
[42.158s][info][gc,heap        ] GC(133) Archive regions: 0->0
[42.158s][info][gc,heap        ] GC(133) Humongous regions: 0->0
[42.159s][info][gc,metaspace   ] GC(133) Metaspace: 73683K(75136K)->73683K(75136K) NonClass: 58369K(59136K)->58369K(59136K) Class: 15313K(16000K)->15313K(16000K)
[42.159s][info][gc             ] GC(133) Pause Full (System.gc()) 567M->35M(544M) 72.530ms
[42.159s][info][gc,cpu         ] GC(133) User=0.33s Sys=0.00s Real=0.06s
[42.279s][info][gc,start       ] GC(134) Pause Young (Normal) (G1 Evacuation Pause)
[42.279s][info][gc,task        ] GC(134) Using 33 workers of 33 for evacuation
[42.282s][info][gc,phases      ] GC(134)   Pre Evacuate Collection Set: 0.2ms
[42.282s][info][gc,phases      ] GC(134)   Merge Heap Roots: 0.2ms
[42.282s][info][gc,phases      ] GC(134)   Evacuate Collection Set: 1.4ms
[42.282s][info][gc,phases      ] GC(134)   Post Evacuate Collection Set: 0.6ms
[42.282s][info][gc,phases      ] GC(134)   Other: 0.1ms
[42.282s][info][gc,heap        ] GC(134) Eden regions: 20->0(19)
[42.282s][info][gc,heap        ] GC(134) Survivor regions: 0->1(3)
[42.282s][info][gc,heap        ] GC(134) Old regions: 10->10
[42.282s][info][gc,heap        ] GC(134) Archive regions: 0->0
[42.282s][info][gc,heap        ] GC(134) Humongous regions: 0->0
[42.282s][info][gc,metaspace   ] GC(134) Metaspace: 73828K(75136K)->73828K(75136K) NonClass: 58514K(59136K)->58514K(59136K) Class: 15313K(16000K)->15313K(16000K)
[42.282s][info][gc             ] GC(134) Pause Young (Normal) (G1 Evacuation Pause) 355M->38M(544M) 2.749ms
[42.282s][info][gc,cpu         ] GC(134) User=0.00s Sys=0.00s Real=0.00s
[42.365s][info][gc,start       ] GC(135) Pause Young (Normal) (G1 Evacuation Pause)
[42.365s][info][gc,task        ] GC(135) Using 33 workers of 33 for evacuation
[42.367s][info][gc,phases      ] GC(135)   Pre Evacuate Collection Set: 0.2ms
[42.367s][info][gc,phases      ] GC(135)   Merge Heap Roots: 0.2ms
[42.367s][info][gc,phases      ] GC(135)   Evacuate Collection Set: 1.2ms
[42.367s][info][gc,phases      ] GC(135)   Post Evacuate Collection Set: 0.6ms
[42.367s][info][gc,phases      ] GC(135)   Other: 0.1ms
[42.367s][info][gc,heap        ] GC(135) Eden regions: 19->0(19)
[42.367s][info][gc,heap        ] GC(135) Survivor regions: 1->1(3)
[42.367s][info][gc,heap        ] GC(135) Old regions: 10->10
[42.367s][info][gc,heap        ] GC(135) Archive regions: 0->0
[42.367s][info][gc,heap        ] GC(135) Humongous regions: 0->0
[42.367s][info][gc,metaspace   ] GC(135) Metaspace: 73828K(75136K)->73828K(75136K) NonClass: 58514K(59136K)->58514K(59136K) Class: 15313K(16000K)->15313K(16000K)
[42.367s][info][gc             ] GC(135) Pause Young (Normal) (G1 Evacuation Pause) 342M->38M(544M) 2.432ms
[42.368s][info][gc,cpu         ] GC(135) User=0.00s Sys=0.00s Real=0.00s
[42.452s][info][gc,start       ] GC(136) Pause Young (Normal) (G1 Evacuation Pause)
[42.452s][info][gc,task        ] GC(136) Using 33 workers of 33 for evacuation
[42.454s][info][gc,phases      ] GC(136)   Pre Evacuate Collection Set: 0.2ms
[42.454s][info][gc,phases      ] GC(136)   Merge Heap Roots: 0.2ms
[42.454s][info][gc,phases      ] GC(136)   Evacuate Collection Set: 1.2ms
[42.454s][info][gc,phases      ] GC(136)   Post Evacuate Collection Set: 0.6ms
[42.454s][info][gc,phases      ] GC(136)   Other: 0.1ms
[42.454s][info][gc,heap        ] GC(136) Eden regions: 19->0(19)
[42.454s][info][gc,heap        ] GC(136) Survivor regions: 1->1(3)
[42.454s][info][gc,heap        ] GC(136) Old regions: 10->10
[42.454s][info][gc,heap        ] GC(136) Archive regions: 0->0
[42.454s][info][gc,heap        ] GC(136) Humongous regions: 0->0
[42.454s][info][gc,metaspace   ] GC(136) Metaspace: 73828K(75136K)->73828K(75136K) NonClass: 58514K(59136K)->58514K(59136K) Class: 15313K(16000K)->15313K(16000K)
[42.455s][info][gc             ] GC(136) Pause Young (Normal) (G1 Evacuation Pause) 342M->39M(544M) 2.506ms
[42.455s][info][gc,cpu         ] GC(136) User=0.00s Sys=0.00s Real=0.00s
[42.570s][info][gc,start       ] GC(137) Pause Young (Normal) (G1 Evacuation Pause)
[42.570s][info][gc,task        ] GC(137) Using 33 workers of 33 for evacuation
[42.574s][info][gc,phases      ] GC(137)   Pre Evacuate Collection Set: 0.2ms
[42.574s][info][gc,phases      ] GC(137)   Merge Heap Roots: 0.2ms
[42.574s][info][gc,phases      ] GC(137)   Evacuate Collection Set: 1.4ms
[42.574s][info][gc,phases      ] GC(137)   Post Evacuate Collection Set: 1.6ms
[42.574s][info][gc,phases      ] GC(137)   Other: 0.1ms
[42.574s][info][gc,heap        ] GC(137) Eden regions: 19->0(30)
[42.574s][info][gc,heap        ] GC(137) Survivor regions: 1->1(3)
[42.574s][info][gc,heap        ] GC(137) Old regions: 10->10
[42.574s][info][gc,heap        ] GC(137) Archive regions: 0->0
[42.574s][info][gc,heap        ] GC(137) Humongous regions: 0->0
[42.574s][info][gc,metaspace   ] GC(137) Metaspace: 73828K(75136K)->73828K(75136K) NonClass: 58514K(59136K)->58514K(59136K) Class: 15313K(16000K)->15313K(16000K)
[42.574s][info][gc             ] GC(137) Pause Young (Normal) (G1 Evacuation Pause) 343M->39M(848M) 3.869ms
[42.574s][info][gc,cpu         ] GC(137) User=0.00s Sys=0.00s Real=0.00s
[42.709s][info][gc,start       ] GC(138) Pause Young (Normal) (G1 Evacuation Pause)
[42.709s][info][gc,task        ] GC(138) Using 33 workers of 33 for evacuation
[42.711s][info][gc,phases      ] GC(138)   Pre Evacuate Collection Set: 0.2ms
[42.711s][info][gc,phases      ] GC(138)   Merge Heap Roots: 0.2ms
[42.711s][info][gc,phases      ] GC(138)   Evacuate Collection Set: 1.2ms
[42.711s][info][gc,phases      ] GC(138)   Post Evacuate Collection Set: 0.7ms
[42.711s][info][gc,phases      ] GC(138)   Other: 0.1ms
[42.711s][info][gc,heap        ] GC(138) Eden regions: 30->0(30)
[42.711s][info][gc,heap        ] GC(138) Survivor regions: 1->1(4)
[42.711s][info][gc,heap        ] GC(138) Old regions: 10->10
[42.711s][info][gc,heap        ] GC(138) Archive regions: 0->0
[42.711s][info][gc,heap        ] GC(138) Humongous regions: 0->0
[42.711s][info][gc,metaspace   ] GC(138) Metaspace: 73828K(75136K)->73828K(75136K) NonClass: 58514K(59136K)->58514K(59136K) Class: 15313K(16000K)->15313K(16000K)
[42.711s][info][gc             ] GC(138) Pause Young (Normal) (G1 Evacuation Pause) 519M->38M(848M) 2.556ms
[42.712s][info][gc,cpu         ] GC(138) User=0.00s Sys=0.00s Real=0.00s
[42.836s][info][gc,start       ] GC(139) Pause Young (Normal) (G1 Evacuation Pause)
[42.837s][info][gc,task        ] GC(139) Using 33 workers of 33 for evacuation
[42.839s][info][gc,phases      ] GC(139)   Pre Evacuate Collection Set: 0.2ms
[42.839s][info][gc,phases      ] GC(139)   Merge Heap Roots: 0.2ms
[42.839s][info][gc,phases      ] GC(139)   Evacuate Collection Set: 1.3ms
[42.839s][info][gc,phases      ] GC(139)   Post Evacuate Collection Set: 0.6ms
[42.839s][info][gc,phases      ] GC(139)   Other: 0.1ms
[42.839s][info][gc,heap        ] GC(139) Eden regions: 30->0(30)
[42.839s][info][gc,heap        ] GC(139) Survivor regions: 1->1(4)
[42.839s][info][gc,heap        ] GC(139) Old regions: 10->10
[42.839s][info][gc,heap        ] GC(139) Archive regions: 0->0
[42.839s][info][gc,heap        ] GC(139) Humongous regions: 0->0
[42.839s][info][gc,metaspace   ] GC(139) Metaspace: 73828K(75136K)->73828K(75136K) NonClass: 58514K(59136K)->58514K(59136K) Class: 15313K(16000K)->15313K(16000K)
[42.839s][info][gc             ] GC(139) Pause Young (Normal) (G1 Evacuation Pause) 518M->38M(848M) 2.560ms
[42.839s][info][gc,cpu         ] GC(139) User=0.00s Sys=0.00s Real=0.00s
[42.963s][info][gc,start       ] GC(140) Pause Young (Normal) (G1 Evacuation Pause)
[42.963s][info][gc,task        ] GC(140) Using 33 workers of 33 for evacuation
[42.966s][info][gc,phases      ] GC(140)   Pre Evacuate Collection Set: 0.2ms
[42.966s][info][gc,phases      ] GC(140)   Merge Heap Roots: 0.2ms
[42.966s][info][gc,phases      ] GC(140)   Evacuate Collection Set: 1.1ms
[42.966s][info][gc,phases      ] GC(140)   Post Evacuate Collection Set: 0.7ms
[42.966s][info][gc,phases      ] GC(140)   Other: 0.1ms
[42.966s][info][gc,heap        ] GC(140) Eden regions: 30->0(30)
[42.966s][info][gc,heap        ] GC(140) Survivor regions: 1->1(4)
[42.966s][info][gc,heap        ] GC(140) Old regions: 10->10
[42.966s][info][gc,heap        ] GC(140) Archive regions: 0->0
[42.966s][info][gc,heap        ] GC(140) Humongous regions: 0->0
[42.966s][info][gc,metaspace   ] GC(140) Metaspace: 73828K(75136K)->73828K(75136K) NonClass: 58514K(59136K)->58514K(59136K) Class: 15313K(16000K)->15313K(16000K)
[42.966s][info][gc             ] GC(140) Pause Young (Normal) (G1 Evacuation Pause) 518M->39M(848M) 2.452ms
[42.966s][info][gc,cpu         ] GC(140) User=0.00s Sys=0.00s Real=0.00s
[43.089s][info][gc,start       ] GC(141) Pause Young (Normal) (G1 Evacuation Pause)
[43.089s][info][gc,task        ] GC(141) Using 33 workers of 33 for evacuation
[43.092s][info][gc,phases      ] GC(141)   Pre Evacuate Collection Set: 0.2ms
[43.092s][info][gc,phases      ] GC(141)   Merge Heap Roots: 0.2ms
[43.092s][info][gc,phases      ] GC(141)   Evacuate Collection Set: 1.2ms
[43.092s][info][gc,phases      ] GC(141)   Post Evacuate Collection Set: 1.2ms
[43.092s][info][gc,phases      ] GC(141)   Other: 0.1ms
[43.092s][info][gc,heap        ] GC(141) Eden regions: 30->0(37)
[43.092s][info][gc,heap        ] GC(141) Survivor regions: 1->1(4)
[43.092s][info][gc,heap        ] GC(141) Old regions: 10->10
[43.092s][info][gc,heap        ] GC(141) Archive regions: 0->0
[43.092s][info][gc,heap        ] GC(141) Humongous regions: 0->0
[43.092s][info][gc,metaspace   ] GC(141) Metaspace: 73828K(75136K)->73828K(75136K) NonClass: 58514K(59136K)->58514K(59136K) Class: 15313K(16000K)->15313K(16000K)
[43.092s][info][gc             ] GC(141) Pause Young (Normal) (G1 Evacuation Pause) 519M->39M(1024M) 3.038ms
[43.092s][info][gc,cpu         ] GC(141) User=0.00s Sys=0.00s Real=0.00s
[43.265s][info][gc,start       ] GC(142) Pause Young (Normal) (G1 Evacuation Pause)
[43.265s][info][gc,task        ] GC(142) Using 33 workers of 33 for evacuation
[43.268s][info][gc,phases      ] GC(142)   Pre Evacuate Collection Set: 0.2ms
[43.268s][info][gc,phases      ] GC(142)   Merge Heap Roots: 0.2ms
[43.268s][info][gc,phases      ] GC(142)   Evacuate Collection Set: 1.1ms
[43.268s][info][gc,phases      ] GC(142)   Post Evacuate Collection Set: 0.7ms
[43.268s][info][gc,phases      ] GC(142)   Other: 0.1ms
[43.268s][info][gc,heap        ] GC(142) Eden regions: 37->0(37)
[43.268s][info][gc,heap        ] GC(142) Survivor regions: 1->1(5)
[43.268s][info][gc,heap        ] GC(142) Old regions: 10->10
[43.268s][info][gc,heap        ] GC(142) Archive regions: 0->0
[43.268s][info][gc,heap        ] GC(142) Humongous regions: 0->0
[43.268s][info][gc,metaspace   ] GC(142) Metaspace: 73828K(75136K)->73828K(75136K) NonClass: 58514K(59136K)->58514K(59136K) Class: 15313K(16000K)->15313K(16000K)
[43.268s][info][gc             ] GC(142) Pause Young (Normal) (G1 Evacuation Pause) 631M->39M(1024M) 2.497ms
[43.268s][info][gc,cpu         ] GC(142) User=0.00s Sys=0.02s Real=0.00s
[43.420s][info][gc,start       ] GC(143) Pause Young (Normal) (G1 Evacuation Pause)
[43.420s][info][gc,task        ] GC(143) Using 33 workers of 33 for evacuation
[43.422s][info][gc,phases      ] GC(143)   Pre Evacuate Collection Set: 0.2ms
[43.422s][info][gc,phases      ] GC(143)   Merge Heap Roots: 0.2ms
[43.422s][info][gc,phases      ] GC(143)   Evacuate Collection Set: 1.2ms
[43.422s][info][gc,phases      ] GC(143)   Post Evacuate Collection Set: 0.6ms
[43.422s][info][gc,phases      ] GC(143)   Other: 0.1ms
[43.423s][info][gc,heap        ] GC(143) Eden regions: 37->0(37)
[43.423s][info][gc,heap        ] GC(143) Survivor regions: 1->1(5)
[43.423s][info][gc,heap        ] GC(143) Old regions: 10->10
[43.423s][info][gc,heap        ] GC(143) Archive regions: 0->0
[43.423s][info][gc,heap        ] GC(143) Humongous regions: 0->0
[43.423s][info][gc,metaspace   ] GC(143) Metaspace: 73828K(75136K)->73828K(75136K) NonClass: 58514K(59136K)->58514K(59136K) Class: 15313K(16000K)->15313K(16000K)
[43.423s][info][gc             ] GC(143) Pause Young (Normal) (G1 Evacuation Pause) 631M->39M(1024M) 2.503ms
[43.423s][info][gc,cpu         ] GC(143) User=0.00s Sys=0.00s Real=0.00s
[43.575s][info][gc,start       ] GC(144) Pause Young (Normal) (G1 Evacuation Pause)
[43.575s][info][gc,task        ] GC(144) Using 33 workers of 33 for evacuation
[43.577s][info][gc,phases      ] GC(144)   Pre Evacuate Collection Set: 0.2ms
[43.577s][info][gc,phases      ] GC(144)   Merge Heap Roots: 0.2ms
[43.577s][info][gc,phases      ] GC(144)   Evacuate Collection Set: 1.2ms
[43.577s][info][gc,phases      ] GC(144)   Post Evacuate Collection Set: 0.7ms
[43.578s][info][gc,phases      ] GC(144)   Other: 0.1ms
[43.578s][info][gc,heap        ] GC(144) Eden regions: 37->0(37)
[43.578s][info][gc,heap        ] GC(144) Survivor regions: 1->1(5)
[43.578s][info][gc,heap        ] GC(144) Old regions: 10->10
[43.578s][info][gc,heap        ] GC(144) Archive regions: 0->0
[43.578s][info][gc,heap        ] GC(144) Humongous regions: 0->0
[43.578s][info][gc,metaspace   ] GC(144) Metaspace: 73828K(75136K)->73828K(75136K) NonClass: 58514K(59136K)->58514K(59136K) Class: 15313K(16000K)->15313K(16000K)
[43.578s][info][gc             ] GC(144) Pause Young (Normal) (G1 Evacuation Pause) 631M->39M(1024M) 2.606ms
[43.578s][info][gc,cpu         ] GC(144) User=0.00s Sys=0.00s Real=0.00s
[43.730s][info][gc,start       ] GC(145) Pause Young (Normal) (G1 Evacuation Pause)
[43.730s][info][gc,task        ] GC(145) Using 33 workers of 33 for evacuation
[43.733s][info][gc,phases      ] GC(145)   Pre Evacuate Collection Set: 0.2ms
[43.733s][info][gc,phases      ] GC(145)   Merge Heap Roots: 0.2ms
[43.733s][info][gc,phases      ] GC(145)   Evacuate Collection Set: 1.2ms
[43.733s][info][gc,phases      ] GC(145)   Post Evacuate Collection Set: 1.3ms
[43.733s][info][gc,phases      ] GC(145)   Other: 0.1ms
[43.733s][info][gc,heap        ] GC(145) Eden regions: 37->0(45)
[43.733s][info][gc,heap        ] GC(145) Survivor regions: 1->1(5)
[43.733s][info][gc,heap        ] GC(145) Old regions: 10->10
[43.733s][info][gc,heap        ] GC(145) Archive regions: 0->0
[43.733s][info][gc,heap        ] GC(145) Humongous regions: 0->0
[43.733s][info][gc,metaspace   ] GC(145) Metaspace: 73828K(75136K)->73828K(75136K) NonClass: 58514K(59136K)->58514K(59136K) Class: 15313K(16000K)->15313K(16000K)
[43.733s][info][gc             ] GC(145) Pause Young (Normal) (G1 Evacuation Pause) 631M->39M(1232M) 3.127ms
[43.733s][info][gc,cpu         ] GC(145) User=0.00s Sys=0.00s Real=0.00s
[43.942s][info][gc,start       ] GC(146) Pause Young (Normal) (G1 Evacuation Pause)
[43.942s][info][gc,task        ] GC(146) Using 33 workers of 33 for evacuation
[43.944s][info][gc,phases      ] GC(146)   Pre Evacuate Collection Set: 0.2ms
[43.944s][info][gc,phases      ] GC(146)   Merge Heap Roots: 0.2ms
[43.944s][info][gc,phases      ] GC(146)   Evacuate Collection Set: 1.1ms
[43.944s][info][gc,phases      ] GC(146)   Post Evacuate Collection Set: 0.7ms
[43.944s][info][gc,phases      ] GC(146)   Other: 0.1ms
[43.944s][info][gc,heap        ] GC(146) Eden regions: 45->0(45)
[43.944s][info][gc,heap        ] GC(146) Survivor regions: 1->1(6)
[43.944s][info][gc,heap        ] GC(146) Old regions: 10->10
[43.944s][info][gc,heap        ] GC(146) Archive regions: 0->0
[43.944s][info][gc,heap        ] GC(146) Humongous regions: 0->0
[43.944s][info][gc,metaspace   ] GC(146) Metaspace: 73828K(75136K)->73828K(75136K) NonClass: 58514K(59136K)->58514K(59136K) Class: 15313K(16000K)->15313K(16000K)
[43.944s][info][gc             ] GC(146) Pause Young (Normal) (G1 Evacuation Pause) 759M->38M(1232M) 2.501ms
[43.944s][info][gc,cpu         ] GC(146) User=0.00s Sys=0.00s Real=0.00s
[44.129s][info][gc,start       ] GC(147) Pause Young (Normal) (G1 Evacuation Pause)
[44.129s][info][gc,task        ] GC(147) Using 33 workers of 33 for evacuation
[44.131s][info][gc,phases      ] GC(147)   Pre Evacuate Collection Set: 0.2ms
[44.131s][info][gc,phases      ] GC(147)   Merge Heap Roots: 0.2ms
[44.131s][info][gc,phases      ] GC(147)   Evacuate Collection Set: 1.2ms
[44.131s][info][gc,phases      ] GC(147)   Post Evacuate Collection Set: 0.7ms
[44.131s][info][gc,phases      ] GC(147)   Other: 0.1ms
[44.131s][info][gc,heap        ] GC(147) Eden regions: 45->0(45)
[44.132s][info][gc,heap        ] GC(147) Survivor regions: 1->1(6)
[44.132s][info][gc,heap        ] GC(147) Old regions: 10->10
[44.132s][info][gc,heap        ] GC(147) Archive regions: 0->0
[44.132s][info][gc,heap        ] GC(147) Humongous regions: 0->0
[44.132s][info][gc,metaspace   ] GC(147) Metaspace: 73828K(75136K)->73828K(75136K) NonClass: 58514K(59136K)->58514K(59136K) Class: 15313K(16000K)->15313K(16000K)
[44.132s][info][gc             ] GC(147) Pause Young (Normal) (G1 Evacuation Pause) 758M->39M(1232M) 2.502ms
[44.132s][info][gc,cpu         ] GC(147) User=0.00s Sys=0.00s Real=0.00s
[44.317s][info][gc,start       ] GC(148) Pause Young (Normal) (G1 Evacuation Pause)
[44.318s][info][gc,task        ] GC(148) Using 33 workers of 33 for evacuation
[44.320s][info][gc,phases      ] GC(148)   Pre Evacuate Collection Set: 0.2ms
[44.320s][info][gc,phases      ] GC(148)   Merge Heap Roots: 0.2ms
[44.320s][info][gc,phases      ] GC(148)   Evacuate Collection Set: 1.1ms
[44.320s][info][gc,phases      ] GC(148)   Post Evacuate Collection Set: 0.7ms
[44.320s][info][gc,phases      ] GC(148)   Other: 0.1ms
[44.320s][info][gc,heap        ] GC(148) Eden regions: 45->0(45)
[44.320s][info][gc,heap        ] GC(148) Survivor regions: 1->1(6)
[44.320s][info][gc,heap        ] GC(148) Old regions: 10->10
[44.320s][info][gc,heap        ] GC(148) Archive regions: 0->0
[44.320s][info][gc,heap        ] GC(148) Humongous regions: 0->0
[44.320s][info][gc,metaspace   ] GC(148) Metaspace: 73828K(75136K)->73828K(75136K) NonClass: 58514K(59136K)->58514K(59136K) Class: 15313K(16000K)->15313K(16000K)
[44.320s][info][gc             ] GC(148) Pause Young (Normal) (G1 Evacuation Pause) 759M->38M(1232M) 2.462ms
[44.320s][info][gc,cpu         ] GC(148) User=0.00s Sys=0.00s Real=0.00s
[44.505s][info][gc,start       ] GC(149) Pause Young (Normal) (G1 Evacuation Pause)
[44.505s][info][gc,task        ] GC(149) Using 33 workers of 33 for evacuation
[44.508s][info][gc,phases      ] GC(149)   Pre Evacuate Collection Set: 0.2ms
[44.508s][info][gc,phases      ] GC(149)   Merge Heap Roots: 0.2ms
[44.508s][info][gc,phases      ] GC(149)   Evacuate Collection Set: 1.2ms
[44.508s][info][gc,phases      ] GC(149)   Post Evacuate Collection Set: 1.2ms
[44.508s][info][gc,phases      ] GC(149)   Other: 0.1ms
[44.508s][info][gc,heap        ] GC(149) Eden regions: 45->0(54)
[44.508s][info][gc,heap        ] GC(149) Survivor regions: 1->1(6)
[44.508s][info][gc,heap        ] GC(149) Old regions: 10->11
[44.508s][info][gc,heap        ] GC(149) Archive regions: 0->0
[44.508s][info][gc,heap        ] GC(149) Humongous regions: 0->0
[44.508s][info][gc,metaspace   ] GC(149) Metaspace: 73828K(75136K)->73828K(75136K) NonClass: 58514K(59136K)->58514K(59136K) Class: 15313K(16000K)->15313K(16000K)
[44.508s][info][gc             ] GC(149) Pause Young (Normal) (G1 Evacuation Pause) 758M->39M(1488M) 3.086ms
[44.508s][info][gc,cpu         ] GC(149) User=0.00s Sys=0.00s Real=0.00s
[44.760s][info][gc,start       ] GC(150) Pause Young (Normal) (G1 Evacuation Pause)
[44.760s][info][gc,task        ] GC(150) Using 33 workers of 33 for evacuation
[44.762s][info][gc,phases      ] GC(150)   Pre Evacuate Collection Set: 0.2ms
[44.762s][info][gc,phases      ] GC(150)   Merge Heap Roots: 0.2ms
[44.762s][info][gc,phases      ] GC(150)   Evacuate Collection Set: 0.9ms
[44.762s][info][gc,phases      ] GC(150)   Post Evacuate Collection Set: 0.5ms
[44.762s][info][gc,phases      ] GC(150)   Other: 0.1ms
[44.762s][info][gc,heap        ] GC(150) Eden regions: 54->0(54)
[44.762s][info][gc,heap        ] GC(150) Survivor regions: 1->1(7)
[44.762s][info][gc,heap        ] GC(150) Old regions: 11->11
[44.762s][info][gc,heap        ] GC(150) Archive regions: 0->0
[44.762s][info][gc,heap        ] GC(150) Humongous regions: 0->0
[44.762s][info][gc,metaspace   ] GC(150) Metaspace: 73828K(75136K)->73828K(75136K) NonClass: 58514K(59136K)->58514K(59136K) Class: 15313K(16000K)->15313K(16000K)
[44.762s][info][gc             ] GC(150) Pause Young (Normal) (G1 Evacuation Pause) 903M->39M(1488M) 2.095ms
[44.762s][info][gc,cpu         ] GC(150) User=0.00s Sys=0.00s Real=0.00s
[44.985s][info][gc,start       ] GC(151) Pause Young (Normal) (G1 Evacuation Pause)
[44.985s][info][gc,task        ] GC(151) Using 33 workers of 33 for evacuation
[44.987s][info][gc,phases      ] GC(151)   Pre Evacuate Collection Set: 0.2ms
[44.987s][info][gc,phases      ] GC(151)   Merge Heap Roots: 0.2ms
[44.987s][info][gc,phases      ] GC(151)   Evacuate Collection Set: 0.8ms
[44.987s][info][gc,phases      ] GC(151)   Post Evacuate Collection Set: 0.5ms
[44.987s][info][gc,phases      ] GC(151)   Other: 0.1ms
[44.987s][info][gc,heap        ] GC(151) Eden regions: 54->0(54)
[44.987s][info][gc,heap        ] GC(151) Survivor regions: 1->1(7)
[44.987s][info][gc,heap        ] GC(151) Old regions: 11->11
[44.987s][info][gc,heap        ] GC(151) Archive regions: 0->0
[44.987s][info][gc,heap        ] GC(151) Humongous regions: 0->0
[44.987s][info][gc,metaspace   ] GC(151) Metaspace: 73828K(75136K)->73828K(75136K) NonClass: 58514K(59136K)->58514K(59136K) Class: 15313K(16000K)->15313K(16000K)
[44.987s][info][gc             ] GC(151) Pause Young (Normal) (G1 Evacuation Pause) 903M->38M(1488M) 2.016ms
[44.987s][info][gc,cpu         ] GC(151) User=0.00s Sys=0.00s Real=0.00s
[45.210s][info][gc,start       ] GC(152) Pause Young (Normal) (G1 Evacuation Pause)
[45.210s][info][gc,task        ] GC(152) Using 33 workers of 33 for evacuation
[45.211s][info][gc,phases      ] GC(152)   Pre Evacuate Collection Set: 0.2ms
[45.212s][info][gc,phases      ] GC(152)   Merge Heap Roots: 0.2ms
[45.212s][info][gc,phases      ] GC(152)   Evacuate Collection Set: 0.8ms
[45.212s][info][gc,phases      ] GC(152)   Post Evacuate Collection Set: 0.5ms
[45.212s][info][gc,phases      ] GC(152)   Other: 0.1ms
[45.212s][info][gc,heap        ] GC(152) Eden regions: 54->0(54)
[45.212s][info][gc,heap        ] GC(152) Survivor regions: 1->1(7)
[45.212s][info][gc,heap        ] GC(152) Old regions: 11->11
[45.212s][info][gc,heap        ] GC(152) Archive regions: 0->0
[45.212s][info][gc,heap        ] GC(152) Humongous regions: 0->0
[45.212s][info][gc,metaspace   ] GC(152) Metaspace: 73828K(75136K)->73828K(75136K) NonClass: 58514K(59136K)->58514K(59136K) Class: 15313K(16000K)->15313K(16000K)
[45.212s][info][gc             ] GC(152) Pause Young (Normal) (G1 Evacuation Pause) 902M->38M(1488M) 2.050ms
[45.212s][info][gc,cpu         ] GC(152) User=0.00s Sys=0.00s Real=0.00s
[45.435s][info][gc,start       ] GC(153) Pause Young (Normal) (G1 Evacuation Pause)
[45.435s][info][gc,task        ] GC(153) Using 33 workers of 33 for evacuation
[45.436s][info][gc,phases      ] GC(153)   Pre Evacuate Collection Set: 0.2ms
[45.436s][info][gc,phases      ] GC(153)   Merge Heap Roots: 0.2ms
[45.436s][info][gc,phases      ] GC(153)   Evacuate Collection Set: 0.8ms
[45.436s][info][gc,phases      ] GC(153)   Post Evacuate Collection Set: 0.5ms
[45.436s][info][gc,phases      ] GC(153)   Other: 0.1ms
[45.436s][info][gc,heap        ] GC(153) Eden regions: 54->0(54)
[45.436s][info][gc,heap        ] GC(153) Survivor regions: 1->1(7)
[45.436s][info][gc,heap        ] GC(153) Old regions: 11->11
[45.436s][info][gc,heap        ] GC(153) Archive regions: 0->0
[45.436s][info][gc,heap        ] GC(153) Humongous regions: 0->0
[45.436s][info][gc,metaspace   ] GC(153) Metaspace: 73828K(75136K)->73828K(75136K) NonClass: 58514K(59136K)->58514K(59136K) Class: 15313K(16000K)->15313K(16000K)
[45.436s][info][gc             ] GC(153) Pause Young (Normal) (G1 Evacuation Pause) 902M->38M(1488M) 1.980ms
[45.437s][info][gc,cpu         ] GC(153) User=0.00s Sys=0.00s Real=0.00s
[45.660s][info][gc,start       ] GC(154) Pause Young (Normal) (G1 Evacuation Pause)
[45.660s][info][gc,task        ] GC(154) Using 33 workers of 33 for evacuation
[45.662s][info][gc,phases      ] GC(154)   Pre Evacuate Collection Set: 0.2ms
[45.662s][info][gc,phases      ] GC(154)   Merge Heap Roots: 0.2ms
[45.662s][info][gc,phases      ] GC(154)   Evacuate Collection Set: 0.8ms
[45.662s][info][gc,phases      ] GC(154)   Post Evacuate Collection Set: 0.5ms
[45.662s][info][gc,phases      ] GC(154)   Other: 0.1ms
[45.662s][info][gc,heap        ] GC(154) Eden regions: 54->0(54)
[45.662s][info][gc,heap        ] GC(154) Survivor regions: 1->1(7)
[45.662s][info][gc,heap        ] GC(154) Old regions: 11->11
[45.662s][info][gc,heap        ] GC(154) Archive regions: 0->0
[45.662s][info][gc,heap        ] GC(154) Humongous regions: 0->0
[45.662s][info][gc,metaspace   ] GC(154) Metaspace: 73828K(75136K)->73828K(75136K) NonClass: 58514K(59136K)->58514K(59136K) Class: 15313K(16000K)->15313K(16000K)
[45.662s][info][gc             ] GC(154) Pause Young (Normal) (G1 Evacuation Pause) 902M->38M(1488M) 2.020ms
[45.662s][info][gc,cpu         ] GC(154) User=0.00s Sys=0.00s Real=0.00s
[45.886s][info][gc,start       ] GC(155) Pause Young (Normal) (G1 Evacuation Pause)
[45.886s][info][gc,task        ] GC(155) Using 33 workers of 33 for evacuation
[45.888s][info][gc,phases      ] GC(155)   Pre Evacuate Collection Set: 0.2ms
[45.888s][info][gc,phases      ] GC(155)   Merge Heap Roots: 0.2ms
[45.888s][info][gc,phases      ] GC(155)   Evacuate Collection Set: 0.9ms
[45.888s][info][gc,phases      ] GC(155)   Post Evacuate Collection Set: 0.5ms
[45.888s][info][gc,phases      ] GC(155)   Other: 0.1ms
[45.888s][info][gc,heap        ] GC(155) Eden regions: 54->0(54)
[45.888s][info][gc,heap        ] GC(155) Survivor regions: 1->1(7)
[45.888s][info][gc,heap        ] GC(155) Old regions: 11->11
[45.888s][info][gc,heap        ] GC(155) Archive regions: 0->0
[45.888s][info][gc,heap        ] GC(155) Humongous regions: 0->0
[45.888s][info][gc,metaspace   ] GC(155) Metaspace: 73828K(75136K)->73828K(75136K) NonClass: 58514K(59136K)->58514K(59136K) Class: 15313K(16000K)->15313K(16000K)
[45.888s][info][gc             ] GC(155) Pause Young (Normal) (G1 Evacuation Pause) 902M->39M(1488M) 2.087ms
[45.888s][info][gc,cpu         ] GC(155) User=0.00s Sys=0.00s Real=0.00s
[46.111s][info][gc,start       ] GC(156) Pause Young (Normal) (G1 Evacuation Pause)
[46.111s][info][gc,task        ] GC(156) Using 33 workers of 33 for evacuation
[46.113s][info][gc,phases      ] GC(156)   Pre Evacuate Collection Set: 0.2ms
[46.113s][info][gc,phases      ] GC(156)   Merge Heap Roots: 0.2ms
[46.113s][info][gc,phases      ] GC(156)   Evacuate Collection Set: 0.8ms
[46.113s][info][gc,phases      ] GC(156)   Post Evacuate Collection Set: 0.5ms
[46.113s][info][gc,phases      ] GC(156)   Other: 0.1ms
[46.113s][info][gc,heap        ] GC(156) Eden regions: 54->0(54)
[46.113s][info][gc,heap        ] GC(156) Survivor regions: 1->1(7)
[46.113s][info][gc,heap        ] GC(156) Old regions: 11->11
[46.113s][info][gc,heap        ] GC(156) Archive regions: 0->0
[46.113s][info][gc,heap        ] GC(156) Humongous regions: 0->0
[46.113s][info][gc,metaspace   ] GC(156) Metaspace: 73828K(75136K)->73828K(75136K) NonClass: 58514K(59136K)->58514K(59136K) Class: 15313K(16000K)->15313K(16000K)
[46.113s][info][gc             ] GC(156) Pause Young (Normal) (G1 Evacuation Pause) 903M->39M(1488M) 2.039ms
[46.113s][info][gc,cpu         ] GC(156) User=0.00s Sys=0.00s Real=0.00s
[46.336s][info][gc,start       ] GC(157) Pause Young (Normal) (G1 Evacuation Pause)
[46.336s][info][gc,task        ] GC(157) Using 33 workers of 33 for evacuation
[46.338s][info][gc,phases      ] GC(157)   Pre Evacuate Collection Set: 0.2ms
[46.338s][info][gc,phases      ] GC(157)   Merge Heap Roots: 0.2ms
[46.338s][info][gc,phases      ] GC(157)   Evacuate Collection Set: 0.8ms
[46.338s][info][gc,phases      ] GC(157)   Post Evacuate Collection Set: 0.5ms
[46.338s][info][gc,phases      ] GC(157)   Other: 0.1ms
[46.338s][info][gc,heap        ] GC(157) Eden regions: 54->0(54)
[46.338s][info][gc,heap        ] GC(157) Survivor regions: 1->1(7)
[46.338s][info][gc,heap        ] GC(157) Old regions: 11->11
[46.338s][info][gc,heap        ] GC(157) Archive regions: 0->0
[46.338s][info][gc,heap        ] GC(157) Humongous regions: 0->0
[46.338s][info][gc,metaspace   ] GC(157) Metaspace: 73828K(75136K)->73828K(75136K) NonClass: 58514K(59136K)->58514K(59136K) Class: 15313K(16000K)->15313K(16000K)
[46.338s][info][gc             ] GC(157) Pause Young (Normal) (G1 Evacuation Pause) 903M->39M(1488M) 2.064ms
[46.338s][info][gc,cpu         ] GC(157) User=0.00s Sys=0.00s Real=0.00s
[46.560s][info][gc,start       ] GC(158) Pause Young (Normal) (G1 Evacuation Pause)
[46.561s][info][gc,task        ] GC(158) Using 33 workers of 33 for evacuation
[46.562s][info][gc,phases      ] GC(158)   Pre Evacuate Collection Set: 0.2ms
[46.562s][info][gc,phases      ] GC(158)   Merge Heap Roots: 0.2ms
[46.562s][info][gc,phases      ] GC(158)   Evacuate Collection Set: 0.9ms
[46.562s][info][gc,phases      ] GC(158)   Post Evacuate Collection Set: 0.5ms
[46.562s][info][gc,phases      ] GC(158)   Other: 0.1ms
[46.562s][info][gc,heap        ] GC(158) Eden regions: 54->0(54)
[46.562s][info][gc,heap        ] GC(158) Survivor regions: 1->1(7)
[46.562s][info][gc,heap        ] GC(158) Old regions: 11->11
[46.562s][info][gc,heap        ] GC(158) Archive regions: 0->0
[46.562s][info][gc,heap        ] GC(158) Humongous regions: 0->0
[46.562s][info][gc,metaspace   ] GC(158) Metaspace: 73828K(75136K)->73828K(75136K) NonClass: 58514K(59136K)->58514K(59136K) Class: 15313K(16000K)->15313K(16000K)
[46.562s][info][gc             ] GC(158) Pause Young (Normal) (G1 Evacuation Pause) 903M->39M(1488M) 2.034ms
[46.562s][info][gc,cpu         ] GC(158) User=0.00s Sys=0.00s Real=0.00s
[46.785s][info][gc,start       ] GC(159) Pause Young (Normal) (G1 Evacuation Pause)
[46.785s][info][gc,task        ] GC(159) Using 33 workers of 33 for evacuation
[46.787s][info][gc,phases      ] GC(159)   Pre Evacuate Collection Set: 0.2ms
[46.787s][info][gc,phases      ] GC(159)   Merge Heap Roots: 0.2ms
[46.787s][info][gc,phases      ] GC(159)   Evacuate Collection Set: 0.8ms
[46.787s][info][gc,phases      ] GC(159)   Post Evacuate Collection Set: 0.5ms
[46.787s][info][gc,phases      ] GC(159)   Other: 0.1ms
[46.787s][info][gc,heap        ] GC(159) Eden regions: 54->0(54)
[46.787s][info][gc,heap        ] GC(159) Survivor regions: 1->1(7)
[46.787s][info][gc,heap        ] GC(159) Old regions: 11->11
[46.787s][info][gc,heap        ] GC(159) Archive regions: 0->0
[46.787s][info][gc,heap        ] GC(159) Humongous regions: 0->0
[46.787s][info][gc,metaspace   ] GC(159) Metaspace: 73828K(75136K)->73828K(75136K) NonClass: 58514K(59136K)->58514K(59136K) Class: 15313K(16000K)->15313K(16000K)
[46.787s][info][gc             ] GC(159) Pause Young (Normal) (G1 Evacuation Pause) 903M->39M(1488M) 2.023ms
[46.787s][info][gc,cpu         ] GC(159) User=0.00s Sys=0.00s Real=0.00s
[47.011s][info][gc,start       ] GC(160) Pause Young (Normal) (G1 Evacuation Pause)
[47.012s][info][gc,task        ] GC(160) Using 33 workers of 33 for evacuation
[47.013s][info][gc,phases      ] GC(160)   Pre Evacuate Collection Set: 0.2ms
[47.013s][info][gc,phases      ] GC(160)   Merge Heap Roots: 0.2ms
[47.013s][info][gc,phases      ] GC(160)   Evacuate Collection Set: 0.8ms
[47.013s][info][gc,phases      ] GC(160)   Post Evacuate Collection Set: 0.6ms
[47.013s][info][gc,phases      ] GC(160)   Other: 0.1ms
[47.013s][info][gc,heap        ] GC(160) Eden regions: 54->0(54)
[47.013s][info][gc,heap        ] GC(160) Survivor regions: 1->1(7)
[47.014s][info][gc,heap        ] GC(160) Old regions: 11->11
[47.014s][info][gc,heap        ] GC(160) Archive regions: 0->0
[47.014s][info][gc,heap        ] GC(160) Humongous regions: 0->0
[47.014s][info][gc,metaspace   ] GC(160) Metaspace: 73840K(75136K)->73840K(75136K) NonClass: 58526K(59136K)->58526K(59136K) Class: 15313K(16000K)->15313K(16000K)
[47.014s][info][gc             ] GC(160) Pause Young (Normal) (G1 Evacuation Pause) 903M->39M(1488M) 2.091ms
[47.014s][info][gc,cpu         ] GC(160) User=0.00s Sys=0.00s Real=0.00s
[47.240s][info][gc,start       ] GC(161) Pause Young (Normal) (G1 Evacuation Pause)
[47.240s][info][gc,task        ] GC(161) Using 33 workers of 33 for evacuation
[47.242s][info][gc,phases      ] GC(161)   Pre Evacuate Collection Set: 0.2ms
[47.242s][info][gc,phases      ] GC(161)   Merge Heap Roots: 0.2ms
[47.242s][info][gc,phases      ] GC(161)   Evacuate Collection Set: 0.8ms
[47.242s][info][gc,phases      ] GC(161)   Post Evacuate Collection Set: 0.6ms
[47.242s][info][gc,phases      ] GC(161)   Other: 0.1ms
[47.242s][info][gc,heap        ] GC(161) Eden regions: 54->0(54)
[47.242s][info][gc,heap        ] GC(161) Survivor regions: 1->1(7)
[47.242s][info][gc,heap        ] GC(161) Old regions: 11->11
[47.242s][info][gc,heap        ] GC(161) Archive regions: 0->0
[47.242s][info][gc,heap        ] GC(161) Humongous regions: 0->0
[47.242s][info][gc,metaspace   ] GC(161) Metaspace: 73862K(75136K)->73862K(75136K) NonClass: 58548K(59136K)->58548K(59136K) Class: 15313K(16000K)->15313K(16000K)
[47.242s][info][gc             ] GC(161) Pause Young (Normal) (G1 Evacuation Pause) 903M->39M(1488M) 2.110ms
[47.242s][info][gc,cpu         ] GC(161) User=0.00s Sys=0.00s Real=0.00s
[47.471s][info][gc,start       ] GC(162) Pause Young (Normal) (G1 Evacuation Pause)
[47.471s][info][gc,task        ] GC(162) Using 33 workers of 33 for evacuation
[47.473s][info][gc,phases      ] GC(162)   Pre Evacuate Collection Set: 0.2ms
[47.473s][info][gc,phases      ] GC(162)   Merge Heap Roots: 0.2ms
[47.473s][info][gc,phases      ] GC(162)   Evacuate Collection Set: 0.9ms
[47.473s][info][gc,phases      ] GC(162)   Post Evacuate Collection Set: 0.6ms
[47.473s][info][gc,phases      ] GC(162)   Other: 0.1ms
[47.473s][info][gc,heap        ] GC(162) Eden regions: 54->0(54)
[47.473s][info][gc,heap        ] GC(162) Survivor regions: 1->1(7)
[47.473s][info][gc,heap        ] GC(162) Old regions: 11->11
[47.473s][info][gc,heap        ] GC(162) Archive regions: 0->0
[47.473s][info][gc,heap        ] GC(162) Humongous regions: 0->0
[47.473s][info][gc,metaspace   ] GC(162) Metaspace: 73862K(75136K)->73862K(75136K) NonClass: 58548K(59136K)->58548K(59136K) Class: 15313K(16000K)->15313K(16000K)
[47.473s][info][gc             ] GC(162) Pause Young (Normal) (G1 Evacuation Pause) 903M->39M(1488M) 2.121ms
[47.473s][info][gc,cpu         ] GC(162) User=0.00s Sys=0.00s Real=0.00s
[47.735s][info][gc,start       ] GC(163) Pause Young (Normal) (G1 Evacuation Pause)
[47.735s][info][gc,task        ] GC(163) Using 33 workers of 33 for evacuation
[47.737s][info][gc,phases      ] GC(163)   Pre Evacuate Collection Set: 0.2ms
[47.737s][info][gc,phases      ] GC(163)   Merge Heap Roots: 0.2ms
[47.737s][info][gc,phases      ] GC(163)   Evacuate Collection Set: 0.8ms
[47.737s][info][gc,phases      ] GC(163)   Post Evacuate Collection Set: 0.5ms
[47.737s][info][gc,phases      ] GC(163)   Other: 0.1ms
[47.737s][info][gc,heap        ] GC(163) Eden regions: 54->0(54)
[47.737s][info][gc,heap        ] GC(163) Survivor regions: 1->1(7)
[47.737s][info][gc,heap        ] GC(163) Old regions: 11->11
[47.737s][info][gc,heap        ] GC(163) Archive regions: 0->0
[47.737s][info][gc,heap        ] GC(163) Humongous regions: 0->0
[47.737s][info][gc,metaspace   ] GC(163) Metaspace: 73862K(75136K)->73862K(75136K) NonClass: 58548K(59136K)->58548K(59136K) Class: 15313K(16000K)->15313K(16000K)
[47.737s][info][gc             ] GC(163) Pause Young (Normal) (G1 Evacuation Pause) 903M->39M(1488M) 2.108ms
[47.737s][info][gc,cpu         ] GC(163) User=0.00s Sys=0.00s Real=0.00s
[48.205s][info][gc,start       ] GC(164) Pause Young (Normal) (G1 Evacuation Pause)
[48.205s][info][gc,task        ] GC(164) Using 33 workers of 33 for evacuation
[48.207s][info][gc,phases      ] GC(164)   Pre Evacuate Collection Set: 0.2ms
[48.207s][info][gc,phases      ] GC(164)   Merge Heap Roots: 0.2ms
[48.207s][info][gc,phases      ] GC(164)   Evacuate Collection Set: 0.8ms
[48.207s][info][gc,phases      ] GC(164)   Post Evacuate Collection Set: 0.5ms
[48.207s][info][gc,phases      ] GC(164)   Other: 0.1ms
[48.207s][info][gc,heap        ] GC(164) Eden regions: 54->0(54)
[48.207s][info][gc,heap        ] GC(164) Survivor regions: 1->1(7)
[48.207s][info][gc,heap        ] GC(164) Old regions: 11->11
[48.207s][info][gc,heap        ] GC(164) Archive regions: 0->0
[48.207s][info][gc,heap        ] GC(164) Humongous regions: 0->0
[48.207s][info][gc,metaspace   ] GC(164) Metaspace: 73865K(75136K)->73865K(75136K) NonClass: 58551K(59136K)->58551K(59136K) Class: 15313K(16000K)->15313K(16000K)
[48.207s][info][gc             ] GC(164) Pause Young (Normal) (G1 Evacuation Pause) 903M->38M(1488M) 1.968ms
[48.207s][info][gc,cpu         ] GC(164) User=0.00s Sys=0.00s Real=0.00s
[48.826s][info][gc,start       ] GC(165) Pause Young (Normal) (G1 Evacuation Pause)
[48.826s][info][gc,task        ] GC(165) Using 33 workers of 33 for evacuation
[48.828s][info][gc,phases      ] GC(165)   Pre Evacuate Collection Set: 0.1ms
[48.828s][info][gc,phases      ] GC(165)   Merge Heap Roots: 0.2ms
[48.828s][info][gc,phases      ] GC(165)   Evacuate Collection Set: 0.9ms
[48.828s][info][gc,phases      ] GC(165)   Post Evacuate Collection Set: 0.5ms
[48.828s][info][gc,phases      ] GC(165)   Other: 0.1ms
[48.828s][info][gc,heap        ] GC(165) Eden regions: 54->0(54)
[48.828s][info][gc,heap        ] GC(165) Survivor regions: 1->1(7)
[48.828s][info][gc,heap        ] GC(165) Old regions: 11->11
[48.828s][info][gc,heap        ] GC(165) Archive regions: 0->0
[48.828s][info][gc,heap        ] GC(165) Humongous regions: 0->0
[48.828s][info][gc,metaspace   ] GC(165) Metaspace: 73865K(75136K)->73865K(75136K) NonClass: 58551K(59136K)->58551K(59136K) Class: 15313K(16000K)->15313K(16000K)
[48.828s][info][gc             ] GC(165) Pause Young (Normal) (G1 Evacuation Pause) 902M->39M(1488M) 1.958ms
[48.828s][info][gc,cpu         ] GC(165) User=0.00s Sys=0.00s Real=0.00s
[49.455s][info][gc,start       ] GC(166) Pause Young (Normal) (G1 Evacuation Pause)
[49.455s][info][gc,task        ] GC(166) Using 33 workers of 33 for evacuation
[49.457s][info][gc,phases      ] GC(166)   Pre Evacuate Collection Set: 0.1ms
[49.457s][info][gc,phases      ] GC(166)   Merge Heap Roots: 0.2ms
[49.457s][info][gc,phases      ] GC(166)   Evacuate Collection Set: 0.8ms
[49.457s][info][gc,phases      ] GC(166)   Post Evacuate Collection Set: 0.5ms
[49.457s][info][gc,phases      ] GC(166)   Other: 0.1ms
[49.457s][info][gc,heap        ] GC(166) Eden regions: 54->0(54)
[49.457s][info][gc,heap        ] GC(166) Survivor regions: 1->1(7)
[49.457s][info][gc,heap        ] GC(166) Old regions: 11->11
[49.457s][info][gc,heap        ] GC(166) Archive regions: 0->0
[49.457s][info][gc,heap        ] GC(166) Humongous regions: 0->0
[49.457s][info][gc,metaspace   ] GC(166) Metaspace: 73865K(75136K)->73865K(75136K) NonClass: 58551K(59136K)->58551K(59136K) Class: 15313K(16000K)->15313K(16000K)
[49.457s][info][gc             ] GC(166) Pause Young (Normal) (G1 Evacuation Pause) 903M->39M(1488M) 1.970ms
[49.457s][info][gc,cpu         ] GC(166) User=0.00s Sys=0.00s Real=0.00s
[49.516s][info][gc,start       ] GC(167) Pause Full (System.gc())
[49.516s][info][gc,task        ] GC(167) Using 8 workers of 33 for full compaction
[49.517s][info][gc,phases,start] GC(167) Phase 1: Mark live objects
[49.544s][info][gc,phases      ] GC(167) Phase 1: Mark live objects 27.176ms
[49.544s][info][gc,phases,start] GC(167) Phase 2: Prepare compaction
[49.549s][info][gc,phases      ] GC(167) Phase 2: Prepare compaction 5.292ms
[49.549s][info][gc,phases,start] GC(167) Phase 3: Adjust pointers
[49.562s][info][gc,phases      ] GC(167) Phase 3: Adjust pointers 12.982ms
[49.562s][info][gc,phases,start] GC(167) Phase 4: Compact heap
[49.572s][info][gc,phases      ] GC(167) Phase 4: Compact heap 9.751ms
[49.588s][info][gc,heap        ] GC(167) Eden regions: 3->0(16)
[49.588s][info][gc,heap        ] GC(167) Survivor regions: 1->0(7)
[49.588s][info][gc,heap        ] GC(167) Old regions: 11->8
[49.588s][info][gc,heap        ] GC(167) Archive regions: 0->0
[49.588s][info][gc,heap        ] GC(167) Humongous regions: 0->0
[49.588s][info][gc,metaspace   ] GC(167) Metaspace: 73893K(75136K)->73893K(75136K) NonClass: 58579K(59136K)->58579K(59136K) Class: 15313K(16000K)->15313K(16000K)
[49.588s][info][gc             ] GC(167) Pause Full (System.gc()) 77M->35M(432M) 71.992ms
[49.588s][info][gc,cpu         ] GC(167) User=0.16s Sys=0.39s Real=0.06s
[49.692s][info][gc,start       ] GC(168) Pause Young (Normal) (G1 Evacuation Pause)
[49.692s][info][gc,task        ] GC(168) Using 33 workers of 33 for evacuation
[49.694s][info][gc,phases      ] GC(168)   Pre Evacuate Collection Set: 0.2ms
[49.694s][info][gc,phases      ] GC(168)   Merge Heap Roots: 0.2ms
[49.694s][info][gc,phases      ] GC(168)   Evacuate Collection Set: 1.4ms
[49.694s][info][gc,phases      ] GC(168)   Post Evacuate Collection Set: 0.5ms
[49.694s][info][gc,phases      ] GC(168)   Other: 0.1ms
[49.694s][info][gc,heap        ] GC(168) Eden regions: 16->0(15)
[49.694s][info][gc,heap        ] GC(168) Survivor regions: 0->1(2)
[49.694s][info][gc,heap        ] GC(168) Old regions: 8->8
[49.694s][info][gc,heap        ] GC(168) Archive regions: 0->0
[49.694s][info][gc,heap        ] GC(168) Humongous regions: 0->0
[49.694s][info][gc,metaspace   ] GC(168) Metaspace: 74069K(75136K)->74069K(75136K) NonClass: 58755K(59136K)->58755K(59136K) Class: 15313K(16000K)->15313K(16000K)
[49.694s][info][gc             ] GC(168) Pause Young (Normal) (G1 Evacuation Pause) 291M->38M(432M) 2.660ms
[49.694s][info][gc,cpu         ] GC(168) User=0.00s Sys=0.00s Real=0.00s
[49.760s][info][gc,start       ] GC(169) Pause Young (Normal) (G1 Evacuation Pause)
[49.763s][info][gc,task        ] GC(169) Using 33 workers of 33 for evacuation
[49.765s][info][gc,phases      ] GC(169)   Pre Evacuate Collection Set: 0.2ms
[49.765s][info][gc,phases      ] GC(169)   Merge Heap Roots: 0.2ms
[49.765s][info][gc,phases      ] GC(169)   Evacuate Collection Set: 1.2ms
[49.765s][info][gc,phases      ] GC(169)   Post Evacuate Collection Set: 0.5ms
[49.765s][info][gc,phases      ] GC(169)   Other: 0.1ms
[49.765s][info][gc,heap        ] GC(169) Eden regions: 15->0(15)
[49.765s][info][gc,heap        ] GC(169) Survivor regions: 1->1(2)
[49.765s][info][gc,heap        ] GC(169) Old regions: 8->8
[49.765s][info][gc,heap        ] GC(169) Archive regions: 0->0
[49.765s][info][gc,heap        ] GC(169) Humongous regions: 0->0
[49.765s][info][gc,metaspace   ] GC(169) Metaspace: 74069K(75136K)->74069K(75136K) NonClass: 58755K(59136K)->58755K(59136K) Class: 15313K(16000K)->15313K(16000K)
[49.765s][info][gc             ] GC(169) Pause Young (Normal) (G1 Evacuation Pause) 278M->38M(432M) 5.334ms
[49.765s][info][gc,cpu         ] GC(169) User=0.00s Sys=0.00s Real=0.00s
[49.841s][info][gc,start       ] GC(170) Pause Young (Normal) (G1 Evacuation Pause)
[49.841s][info][gc,task        ] GC(170) Using 33 workers of 33 for evacuation
[49.844s][info][gc,phases      ] GC(170)   Pre Evacuate Collection Set: 0.2ms
[49.844s][info][gc,phases      ] GC(170)   Merge Heap Roots: 0.2ms
[49.844s][info][gc,phases      ] GC(170)   Evacuate Collection Set: 1.3ms
[49.844s][info][gc,phases      ] GC(170)   Post Evacuate Collection Set: 0.6ms
[49.844s][info][gc,phases      ] GC(170)   Other: 0.1ms
[49.844s][info][gc,heap        ] GC(170) Eden regions: 15->0(15)
[49.844s][info][gc,heap        ] GC(170) Survivor regions: 1->1(2)
[49.844s][info][gc,heap        ] GC(170) Old regions: 8->8
[49.844s][info][gc,heap        ] GC(170) Archive regions: 0->0
[49.844s][info][gc,heap        ] GC(170) Humongous regions: 0->0
[49.844s][info][gc,metaspace   ] GC(170) Metaspace: 74069K(75136K)->74069K(75136K) NonClass: 58755K(59136K)->58755K(59136K) Class: 15313K(16000K)->15313K(16000K)
[49.844s][info][gc             ] GC(170) Pause Young (Normal) (G1 Evacuation Pause) 278M->38M(432M) 2.773ms
[49.844s][info][gc,cpu         ] GC(170) User=0.03s Sys=0.06s Real=0.02s
[49.909s][info][gc,start       ] GC(171) Pause Young (Normal) (G1 Evacuation Pause)
[49.909s][info][gc,task        ] GC(171) Using 33 workers of 33 for evacuation
[49.914s][info][gc,phases      ] GC(171)   Pre Evacuate Collection Set: 0.2ms
[49.914s][info][gc,phases      ] GC(171)   Merge Heap Roots: 0.2ms
[49.914s][info][gc,phases      ] GC(171)   Evacuate Collection Set: 1.3ms
[49.914s][info][gc,phases      ] GC(171)   Post Evacuate Collection Set: 2.8ms
[49.914s][info][gc,phases      ] GC(171)   Other: 0.1ms
[49.914s][info][gc,heap        ] GC(171) Eden regions: 15->0(45)
[49.914s][info][gc,heap        ] GC(171) Survivor regions: 1->1(2)
[49.914s][info][gc,heap        ] GC(171) Old regions: 8->8
[49.914s][info][gc,heap        ] GC(171) Archive regions: 0->0
[49.914s][info][gc,heap        ] GC(171) Humongous regions: 0->0
[49.914s][info][gc,metaspace   ] GC(171) Metaspace: 74069K(75136K)->74069K(75136K) NonClass: 58755K(59136K)->58755K(59136K) Class: 15313K(16000K)->15313K(16000K)
[49.914s][info][gc             ] GC(171) Pause Young (Normal) (G1 Evacuation Pause) 278M->38M(1248M) 4.726ms
[49.914s][info][gc,cpu         ] GC(171) User=0.00s Sys=0.00s Real=0.01s
[50.255s][info][gc,start       ] GC(172) Pause Young (Normal) (G1 Evacuation Pause)
[50.255s][info][gc,task        ] GC(172) Using 33 workers of 33 for evacuation
[50.259s][info][gc,phases      ] GC(172)   Pre Evacuate Collection Set: 0.2ms
[50.259s][info][gc,phases      ] GC(172)   Merge Heap Roots: 0.2ms
[50.259s][info][gc,phases      ] GC(172)   Evacuate Collection Set: 3.1ms
[50.259s][info][gc,phases      ] GC(172)   Post Evacuate Collection Set: 0.7ms
[50.259s][info][gc,phases      ] GC(172)   Other: 0.1ms
[50.259s][info][gc,heap        ] GC(172) Eden regions: 45->0(45)
[50.259s][info][gc,heap        ] GC(172) Survivor regions: 1->1(6)
[50.259s][info][gc,heap        ] GC(172) Old regions: 8->8
[50.259s][info][gc,heap        ] GC(172) Archive regions: 0->0
[50.259s][info][gc,heap        ] GC(172) Humongous regions: 0->0
[50.259s][info][gc,metaspace   ] GC(172) Metaspace: 74069K(75136K)->74069K(75136K) NonClass: 58755K(59136K)->58755K(59136K) Class: 15313K(16000K)->15313K(16000K)
[50.259s][info][gc             ] GC(172) Pause Young (Normal) (G1 Evacuation Pause) 758M->39M(1248M) 4.428ms
[50.259s][info][gc,cpu         ] GC(172) User=0.00s Sys=0.00s Real=0.00s
[50.444s][info][gc,start       ] GC(173) Pause Young (Normal) (G1 Evacuation Pause)
[50.444s][info][gc,task        ] GC(173) Using 33 workers of 33 for evacuation
[50.448s][info][gc,phases      ] GC(173)   Pre Evacuate Collection Set: 0.2ms
[50.448s][info][gc,phases      ] GC(173)   Merge Heap Roots: 0.2ms
[50.448s][info][gc,phases      ] GC(173)   Evacuate Collection Set: 3.4ms
[50.448s][info][gc,phases      ] GC(173)   Post Evacuate Collection Set: 0.7ms
[50.448s][info][gc,phases      ] GC(173)   Other: 0.1ms
[50.448s][info][gc,heap        ] GC(173) Eden regions: 45->0(45)
[50.448s][info][gc,heap        ] GC(173) Survivor regions: 1->1(6)
[50.448s][info][gc,heap        ] GC(173) Old regions: 8->8
[50.448s][info][gc,heap        ] GC(173) Archive regions: 0->0
[50.448s][info][gc,heap        ] GC(173) Humongous regions: 0->0
[50.448s][info][gc,metaspace   ] GC(173) Metaspace: 74069K(75136K)->74069K(75136K) NonClass: 58755K(59136K)->58755K(59136K) Class: 15313K(16000K)->15313K(16000K)
[50.448s][info][gc             ] GC(173) Pause Young (Normal) (G1 Evacuation Pause) 759M->39M(1248M) 4.735ms
[50.448s][info][gc,cpu         ] GC(173) User=0.00s Sys=0.00s Real=0.00s
[50.634s][info][gc,start       ] GC(174) Pause Young (Normal) (G1 Evacuation Pause)
[50.634s][info][gc,task        ] GC(174) Using 33 workers of 33 for evacuation
[50.636s][info][gc,phases      ] GC(174)   Pre Evacuate Collection Set: 0.2ms
[50.636s][info][gc,phases      ] GC(174)   Merge Heap Roots: 0.2ms
[50.636s][info][gc,phases      ] GC(174)   Evacuate Collection Set: 1.3ms
[50.636s][info][gc,phases      ] GC(174)   Post Evacuate Collection Set: 0.7ms
[50.636s][info][gc,phases      ] GC(174)   Other: 0.1ms
[50.636s][info][gc,heap        ] GC(174) Eden regions: 45->0(45)
[50.636s][info][gc,heap        ] GC(174) Survivor regions: 1->1(6)
[50.636s][info][gc,heap        ] GC(174) Old regions: 8->8
[50.636s][info][gc,heap        ] GC(174) Archive regions: 0->0
[50.636s][info][gc,heap        ] GC(174) Humongous regions: 0->0
[50.636s][info][gc,metaspace   ] GC(174) Metaspace: 74069K(75136K)->74069K(75136K) NonClass: 58755K(59136K)->58755K(59136K) Class: 15313K(16000K)->15313K(16000K)
[50.636s][info][gc             ] GC(174) Pause Young (Normal) (G1 Evacuation Pause) 759M->38M(1248M) 2.639ms
[50.637s][info][gc,cpu         ] GC(174) User=0.00s Sys=0.00s Real=0.00s
[50.822s][info][gc,start       ] GC(175) Pause Young (Normal) (G1 Evacuation Pause)
[50.823s][info][gc,task        ] GC(175) Using 33 workers of 33 for evacuation
[50.826s][info][gc,phases      ] GC(175)   Pre Evacuate Collection Set: 0.2ms
[50.826s][info][gc,phases      ] GC(175)   Merge Heap Roots: 0.2ms
[50.826s][info][gc,phases      ] GC(175)   Evacuate Collection Set: 1.2ms
[50.826s][info][gc,phases      ] GC(175)   Post Evacuate Collection Set: 1.7ms
[50.826s][info][gc,phases      ] GC(175)   Other: 0.1ms
[50.826s][info][gc,heap        ] GC(175) Eden regions: 45->0(57)
[50.826s][info][gc,heap        ] GC(175) Survivor regions: 1->1(6)
[50.826s][info][gc,heap        ] GC(175) Old regions: 8->8
[50.826s][info][gc,heap        ] GC(175) Archive regions: 0->0
[50.826s][info][gc,heap        ] GC(175) Humongous regions: 0->0
[50.826s][info][gc,metaspace   ] GC(175) Metaspace: 74069K(75136K)->74069K(75136K) NonClass: 58755K(59136K)->58755K(59136K) Class: 15313K(16000K)->15313K(16000K)
[50.826s][info][gc             ] GC(175) Pause Young (Normal) (G1 Evacuation Pause) 758M->38M(1552M) 3.576ms
[50.826s][info][gc,cpu         ] GC(175) User=0.00s Sys=0.00s Real=0.00s
[51.097s][info][gc,start       ] GC(176) Pause Young (Normal) (G1 Evacuation Pause)
[51.097s][info][gc,task        ] GC(176) Using 33 workers of 33 for evacuation
[51.099s][info][gc,phases      ] GC(176)   Pre Evacuate Collection Set: 0.2ms
[51.099s][info][gc,phases      ] GC(176)   Merge Heap Roots: 0.2ms
[51.099s][info][gc,phases      ] GC(176)   Evacuate Collection Set: 1.2ms
[51.099s][info][gc,phases      ] GC(176)   Post Evacuate Collection Set: 0.7ms
[51.099s][info][gc,phases      ] GC(176)   Other: 0.1ms
[51.099s][info][gc,heap        ] GC(176) Eden regions: 57->0(57)
[51.099s][info][gc,heap        ] GC(176) Survivor regions: 1->1(8)
[51.099s][info][gc,heap        ] GC(176) Old regions: 8->8
[51.099s][info][gc,heap        ] GC(176) Archive regions: 0->0
[51.099s][info][gc,heap        ] GC(176) Humongous regions: 0->0
[51.099s][info][gc,metaspace   ] GC(176) Metaspace: 74069K(75136K)->74069K(75136K) NonClass: 58755K(59136K)->58755K(59136K) Class: 15313K(16000K)->15313K(16000K)
[51.099s][info][gc             ] GC(176) Pause Young (Normal) (G1 Evacuation Pause) 950M->38M(1552M) 2.584ms
[51.099s][info][gc,cpu         ] GC(176) User=0.00s Sys=0.00s Real=0.00s
[51.333s][info][gc,start       ] GC(177) Pause Young (Normal) (G1 Evacuation Pause)
[51.334s][info][gc,task        ] GC(177) Using 33 workers of 33 for evacuation
[51.336s][info][gc,phases      ] GC(177)   Pre Evacuate Collection Set: 0.2ms
[51.336s][info][gc,phases      ] GC(177)   Merge Heap Roots: 0.2ms
[51.336s][info][gc,phases      ] GC(177)   Evacuate Collection Set: 1.2ms
[51.336s][info][gc,phases      ] GC(177)   Post Evacuate Collection Set: 0.7ms
[51.336s][info][gc,phases      ] GC(177)   Other: 0.1ms
[51.336s][info][gc,heap        ] GC(177) Eden regions: 57->0(57)
[51.336s][info][gc,heap        ] GC(177) Survivor regions: 1->1(8)
[51.336s][info][gc,heap        ] GC(177) Old regions: 8->8
[51.336s][info][gc,heap        ] GC(177) Archive regions: 0->0
[51.336s][info][gc,heap        ] GC(177) Humongous regions: 0->0
[51.336s][info][gc,metaspace   ] GC(177) Metaspace: 74069K(75136K)->74069K(75136K) NonClass: 58755K(59136K)->58755K(59136K) Class: 15313K(16000K)->15313K(16000K)
[51.336s][info][gc             ] GC(177) Pause Young (Normal) (G1 Evacuation Pause) 950M->38M(1552M) 2.617ms
[51.336s][info][gc,cpu         ] GC(177) User=0.00s Sys=0.00s Real=0.00s
[51.570s][info][gc,start       ] GC(178) Pause Young (Normal) (G1 Evacuation Pause)
[51.570s][info][gc,task        ] GC(178) Using 33 workers of 33 for evacuation
[51.572s][info][gc,phases      ] GC(178)   Pre Evacuate Collection Set: 0.2ms
[51.573s][info][gc,phases      ] GC(178)   Merge Heap Roots: 0.2ms
[51.573s][info][gc,phases      ] GC(178)   Evacuate Collection Set: 1.2ms
[51.573s][info][gc,phases      ] GC(178)   Post Evacuate Collection Set: 0.7ms
[51.573s][info][gc,phases      ] GC(178)   Other: 0.1ms
[51.573s][info][gc,heap        ] GC(178) Eden regions: 57->0(57)
[51.573s][info][gc,heap        ] GC(178) Survivor regions: 1->1(8)
[51.573s][info][gc,heap        ] GC(178) Old regions: 8->8
[51.573s][info][gc,heap        ] GC(178) Archive regions: 0->0
[51.573s][info][gc,heap        ] GC(178) Humongous regions: 0->0
[51.573s][info][gc,metaspace   ] GC(178) Metaspace: 74069K(75136K)->74069K(75136K) NonClass: 58755K(59136K)->58755K(59136K) Class: 15313K(16000K)->15313K(16000K)
[51.573s][info][gc             ] GC(178) Pause Young (Normal) (G1 Evacuation Pause) 950M->38M(1552M) 2.562ms
[51.573s][info][gc,cpu         ] GC(178) User=0.00s Sys=0.00s Real=0.00s
[51.807s][info][gc,start       ] GC(179) Pause Young (Normal) (G1 Evacuation Pause)
[51.807s][info][gc,task        ] GC(179) Using 33 workers of 33 for evacuation
[51.809s][info][gc,phases      ] GC(179)   Pre Evacuate Collection Set: 0.2ms
[51.809s][info][gc,phases      ] GC(179)   Merge Heap Roots: 0.2ms
[51.809s][info][gc,phases      ] GC(179)   Evacuate Collection Set: 1.2ms
[51.809s][info][gc,phases      ] GC(179)   Post Evacuate Collection Set: 0.7ms
[51.809s][info][gc,phases      ] GC(179)   Other: 0.1ms
[51.809s][info][gc,heap        ] GC(179) Eden regions: 57->0(57)
[51.809s][info][gc,heap        ] GC(179) Survivor regions: 1->1(8)
[51.809s][info][gc,heap        ] GC(179) Old regions: 8->8
[51.809s][info][gc,heap        ] GC(179) Archive regions: 0->0
[51.810s][info][gc,heap        ] GC(179) Humongous regions: 0->0
[51.810s][info][gc,metaspace   ] GC(179) Metaspace: 74069K(75136K)->74069K(75136K) NonClass: 58755K(59136K)->58755K(59136K) Class: 15313K(16000K)->15313K(16000K)
[51.810s][info][gc             ] GC(179) Pause Young (Normal) (G1 Evacuation Pause) 950M->38M(1552M) 2.580ms
[51.810s][info][gc,cpu         ] GC(179) User=0.00s Sys=0.00s Real=0.00s
[52.045s][info][gc,start       ] GC(180) Pause Young (Normal) (G1 Evacuation Pause)
[52.045s][info][gc,task        ] GC(180) Using 33 workers of 33 for evacuation
[52.047s][info][gc,phases      ] GC(180)   Pre Evacuate Collection Set: 0.2ms
[52.047s][info][gc,phases      ] GC(180)   Merge Heap Roots: 0.2ms
[52.047s][info][gc,phases      ] GC(180)   Evacuate Collection Set: 1.3ms
[52.047s][info][gc,phases      ] GC(180)   Post Evacuate Collection Set: 0.7ms
[52.047s][info][gc,phases      ] GC(180)   Other: 0.1ms
[52.047s][info][gc,heap        ] GC(180) Eden regions: 57->0(57)
[52.047s][info][gc,heap        ] GC(180) Survivor regions: 1->1(8)
[52.047s][info][gc,heap        ] GC(180) Old regions: 8->8
[52.047s][info][gc,heap        ] GC(180) Archive regions: 0->0
[52.047s][info][gc,heap        ] GC(180) Humongous regions: 0->0
[52.047s][info][gc,metaspace   ] GC(180) Metaspace: 74069K(75136K)->74069K(75136K) NonClass: 58755K(59136K)->58755K(59136K) Class: 15313K(16000K)->15313K(16000K)
[52.047s][info][gc             ] GC(180) Pause Young (Normal) (G1 Evacuation Pause) 950M->38M(1552M) 2.675ms
[52.047s][info][gc,cpu         ] GC(180) User=0.28s Sys=0.02s Real=0.00s
[52.282s][info][gc,start       ] GC(181) Pause Young (Normal) (G1 Evacuation Pause)
[52.282s][info][gc,task        ] GC(181) Using 33 workers of 33 for evacuation
[52.284s][info][gc,phases      ] GC(181)   Pre Evacuate Collection Set: 0.2ms
[52.284s][info][gc,phases      ] GC(181)   Merge Heap Roots: 0.2ms
[52.284s][info][gc,phases      ] GC(181)   Evacuate Collection Set: 1.3ms
[52.284s][info][gc,phases      ] GC(181)   Post Evacuate Collection Set: 0.7ms
[52.284s][info][gc,phases      ] GC(181)   Other: 0.1ms
[52.284s][info][gc,heap        ] GC(181) Eden regions: 57->0(57)
[52.284s][info][gc,heap        ] GC(181) Survivor regions: 1->1(8)
[52.284s][info][gc,heap        ] GC(181) Old regions: 8->8
[52.284s][info][gc,heap        ] GC(181) Archive regions: 0->0
[52.284s][info][gc,heap        ] GC(181) Humongous regions: 0->0
[52.284s][info][gc,metaspace   ] GC(181) Metaspace: 74069K(75136K)->74069K(75136K) NonClass: 58755K(59136K)->58755K(59136K) Class: 15313K(16000K)->15313K(16000K)
[52.284s][info][gc             ] GC(181) Pause Young (Normal) (G1 Evacuation Pause) 950M->38M(1552M) 2.631ms
[52.284s][info][gc,cpu         ] GC(181) User=0.00s Sys=0.00s Real=0.00s
[52.518s][info][gc,start       ] GC(182) Pause Young (Normal) (G1 Evacuation Pause)
[52.518s][info][gc,task        ] GC(182) Using 33 workers of 33 for evacuation
[52.521s][info][gc,phases      ] GC(182)   Pre Evacuate Collection Set: 0.2ms
[52.521s][info][gc,phases      ] GC(182)   Merge Heap Roots: 0.2ms
[52.521s][info][gc,phases      ] GC(182)   Evacuate Collection Set: 1.1ms
[52.521s][info][gc,phases      ] GC(182)   Post Evacuate Collection Set: 0.7ms
[52.521s][info][gc,phases      ] GC(182)   Other: 0.1ms
[52.521s][info][gc,heap        ] GC(182) Eden regions: 57->0(57)
[52.521s][info][gc,heap        ] GC(182) Survivor regions: 1->1(8)
[52.521s][info][gc,heap        ] GC(182) Old regions: 8->8
[52.521s][info][gc,heap        ] GC(182) Archive regions: 0->0
[52.521s][info][gc,heap        ] GC(182) Humongous regions: 0->0
[52.521s][info][gc,metaspace   ] GC(182) Metaspace: 74069K(75136K)->74069K(75136K) NonClass: 58755K(59136K)->58755K(59136K) Class: 15313K(16000K)->15313K(16000K)
[52.521s][info][gc             ] GC(182) Pause Young (Normal) (G1 Evacuation Pause) 950M->39M(1552M) 2.517ms
[52.521s][info][gc,cpu         ] GC(182) User=0.00s Sys=0.00s Real=0.00s
[52.755s][info][gc,start       ] GC(183) Pause Young (Normal) (G1 Evacuation Pause)
[52.756s][info][gc,task        ] GC(183) Using 33 workers of 33 for evacuation
[52.758s][info][gc,phases      ] GC(183)   Pre Evacuate Collection Set: 0.2ms
[52.758s][info][gc,phases      ] GC(183)   Merge Heap Roots: 0.2ms
[52.758s][info][gc,phases      ] GC(183)   Evacuate Collection Set: 1.2ms
[52.758s][info][gc,phases      ] GC(183)   Post Evacuate Collection Set: 0.5ms
[52.758s][info][gc,phases      ] GC(183)   Other: 0.1ms
[52.758s][info][gc,heap        ] GC(183) Eden regions: 57->0(57)
[52.758s][info][gc,heap        ] GC(183) Survivor regions: 1->1(8)
[52.758s][info][gc,heap        ] GC(183) Old regions: 8->9
[52.758s][info][gc,heap        ] GC(183) Archive regions: 0->0
[52.758s][info][gc,heap        ] GC(183) Humongous regions: 0->0
[52.758s][info][gc,metaspace   ] GC(183) Metaspace: 74069K(75136K)->74069K(75136K) NonClass: 58755K(59136K)->58755K(59136K) Class: 15313K(16000K)->15313K(16000K)
[52.758s][info][gc             ] GC(183) Pause Young (Normal) (G1 Evacuation Pause) 951M->39M(1552M) 2.407ms
[52.758s][info][gc,cpu         ] GC(183) User=0.00s Sys=0.00s Real=0.00s
[52.994s][info][gc,start       ] GC(184) Pause Young (Normal) (G1 Evacuation Pause)
[52.994s][info][gc,task        ] GC(184) Using 33 workers of 33 for evacuation
[52.996s][info][gc,phases      ] GC(184)   Pre Evacuate Collection Set: 0.2ms
[52.996s][info][gc,phases      ] GC(184)   Merge Heap Roots: 0.2ms
[52.996s][info][gc,phases      ] GC(184)   Evacuate Collection Set: 1.0ms
[52.996s][info][gc,phases      ] GC(184)   Post Evacuate Collection Set: 0.5ms
[52.997s][info][gc,phases      ] GC(184)   Other: 0.1ms
[52.997s][info][gc,heap        ] GC(184) Eden regions: 57->0(57)
[52.997s][info][gc,heap        ] GC(184) Survivor regions: 1->1(8)
[52.997s][info][gc,heap        ] GC(184) Old regions: 9->9
[52.997s][info][gc,heap        ] GC(184) Archive regions: 0->0
[52.997s][info][gc,heap        ] GC(184) Humongous regions: 0->0
[52.997s][info][gc,metaspace   ] GC(184) Metaspace: 74069K(75136K)->74069K(75136K) NonClass: 58755K(59136K)->58755K(59136K) Class: 15313K(16000K)->15313K(16000K)
[52.997s][info][gc             ] GC(184) Pause Young (Normal) (G1 Evacuation Pause) 951M->38M(1552M) 2.197ms
[52.997s][info][gc,cpu         ] GC(184) User=0.00s Sys=0.00s Real=0.00s
[53.232s][info][gc,start       ] GC(185) Pause Young (Normal) (G1 Evacuation Pause)
[53.232s][info][gc,task        ] GC(185) Using 33 workers of 33 for evacuation
[53.234s][info][gc,phases      ] GC(185)   Pre Evacuate Collection Set: 0.2ms
[53.234s][info][gc,phases      ] GC(185)   Merge Heap Roots: 0.2ms
[53.234s][info][gc,phases      ] GC(185)   Evacuate Collection Set: 0.9ms
[53.234s][info][gc,phases      ] GC(185)   Post Evacuate Collection Set: 0.5ms
[53.234s][info][gc,phases      ] GC(185)   Other: 0.1ms
[53.234s][info][gc,heap        ] GC(185) Eden regions: 57->0(57)
[53.234s][info][gc,heap        ] GC(185) Survivor regions: 1->1(8)
[53.234s][info][gc,heap        ] GC(185) Old regions: 9->9
[53.234s][info][gc,heap        ] GC(185) Archive regions: 0->0
[53.234s][info][gc,heap        ] GC(185) Humongous regions: 0->0
[53.234s][info][gc,metaspace   ] GC(185) Metaspace: 74069K(75136K)->74069K(75136K) NonClass: 58755K(59136K)->58755K(59136K) Class: 15313K(16000K)->15313K(16000K)
[53.234s][info][gc             ] GC(185) Pause Young (Normal) (G1 Evacuation Pause) 950M->38M(1552M) 2.101ms
[53.234s][info][gc,cpu         ] GC(185) User=0.00s Sys=0.00s Real=0.00s
[53.469s][info][gc,start       ] GC(186) Pause Young (Normal) (G1 Evacuation Pause)
[53.469s][info][gc,task        ] GC(186) Using 33 workers of 33 for evacuation
[53.471s][info][gc,phases      ] GC(186)   Pre Evacuate Collection Set: 0.2ms
[53.471s][info][gc,phases      ] GC(186)   Merge Heap Roots: 0.2ms
[53.471s][info][gc,phases      ] GC(186)   Evacuate Collection Set: 0.9ms
[53.471s][info][gc,phases      ] GC(186)   Post Evacuate Collection Set: 0.5ms
[53.471s][info][gc,phases      ] GC(186)   Other: 0.1ms
[53.471s][info][gc,heap        ] GC(186) Eden regions: 57->0(57)
[53.471s][info][gc,heap        ] GC(186) Survivor regions: 1->1(8)
[53.471s][info][gc,heap        ] GC(186) Old regions: 9->9
[53.471s][info][gc,heap        ] GC(186) Archive regions: 0->0
[53.471s][info][gc,heap        ] GC(186) Humongous regions: 0->0
[53.471s][info][gc,metaspace   ] GC(186) Metaspace: 74069K(75136K)->74069K(75136K) NonClass: 58755K(59136K)->58755K(59136K) Class: 15313K(16000K)->15313K(16000K)
[53.471s][info][gc             ] GC(186) Pause Young (Normal) (G1 Evacuation Pause) 950M->38M(1552M) 2.113ms
[53.471s][info][gc,cpu         ] GC(186) User=0.00s Sys=0.00s Real=0.00s
[53.706s][info][gc,start       ] GC(187) Pause Young (Normal) (G1 Evacuation Pause)
[53.706s][info][gc,task        ] GC(187) Using 33 workers of 33 for evacuation
[53.708s][info][gc,phases      ] GC(187)   Pre Evacuate Collection Set: 0.2ms
[53.708s][info][gc,phases      ] GC(187)   Merge Heap Roots: 0.2ms
[53.708s][info][gc,phases      ] GC(187)   Evacuate Collection Set: 0.9ms
[53.708s][info][gc,phases      ] GC(187)   Post Evacuate Collection Set: 0.5ms
[53.708s][info][gc,phases      ] GC(187)   Other: 0.1ms
[53.708s][info][gc,heap        ] GC(187) Eden regions: 57->0(57)
[53.708s][info][gc,heap        ] GC(187) Survivor regions: 1->1(8)
[53.708s][info][gc,heap        ] GC(187) Old regions: 9->9
[53.708s][info][gc,heap        ] GC(187) Archive regions: 0->0
[53.708s][info][gc,heap        ] GC(187) Humongous regions: 0->0
[53.708s][info][gc,metaspace   ] GC(187) Metaspace: 74069K(75136K)->74069K(75136K) NonClass: 58755K(59136K)->58755K(59136K) Class: 15313K(16000K)->15313K(16000K)
[53.708s][info][gc             ] GC(187) Pause Young (Normal) (G1 Evacuation Pause) 950M->38M(1552M) 2.102ms
[53.708s][info][gc,cpu         ] GC(187) User=0.00s Sys=0.00s Real=0.00s
[53.944s][info][gc,start       ] GC(188) Pause Young (Normal) (G1 Evacuation Pause)
[53.946s][info][gc,task        ] GC(188) Using 33 workers of 33 for evacuation
[53.947s][info][gc,phases      ] GC(188)   Pre Evacuate Collection Set: 0.2ms
[53.947s][info][gc,phases      ] GC(188)   Merge Heap Roots: 0.2ms
[53.947s][info][gc,phases      ] GC(188)   Evacuate Collection Set: 0.8ms
[53.947s][info][gc,phases      ] GC(188)   Post Evacuate Collection Set: 0.5ms
[53.948s][info][gc,phases      ] GC(188)   Other: 0.1ms
[53.948s][info][gc,heap        ] GC(188) Eden regions: 57->0(57)
[53.948s][info][gc,heap        ] GC(188) Survivor regions: 1->1(8)
[53.948s][info][gc,heap        ] GC(188) Old regions: 9->9
[53.948s][info][gc,heap        ] GC(188) Archive regions: 0->0
[53.948s][info][gc,heap        ] GC(188) Humongous regions: 0->0
[53.948s][info][gc,metaspace   ] GC(188) Metaspace: 74069K(75136K)->74069K(75136K) NonClass: 58755K(59136K)->58755K(59136K) Class: 15313K(16000K)->15313K(16000K)
[53.948s][info][gc             ] GC(188) Pause Young (Normal) (G1 Evacuation Pause) 950M->38M(1552M) 3.974ms
[53.948s][info][gc,cpu         ] GC(188) User=0.00s Sys=0.00s Real=0.00s
[54.182s][info][gc,start       ] GC(189) Pause Young (Normal) (G1 Evacuation Pause)
[54.182s][info][gc,task        ] GC(189) Using 33 workers of 33 for evacuation
[54.184s][info][gc,phases      ] GC(189)   Pre Evacuate Collection Set: 0.2ms
[54.184s][info][gc,phases      ] GC(189)   Merge Heap Roots: 0.2ms
[54.184s][info][gc,phases      ] GC(189)   Evacuate Collection Set: 0.9ms
[54.184s][info][gc,phases      ] GC(189)   Post Evacuate Collection Set: 0.5ms
[54.184s][info][gc,phases      ] GC(189)   Other: 0.1ms
[54.184s][info][gc,heap        ] GC(189) Eden regions: 57->0(57)
[54.184s][info][gc,heap        ] GC(189) Survivor regions: 1->1(8)
[54.184s][info][gc,heap        ] GC(189) Old regions: 9->9
[54.184s][info][gc,heap        ] GC(189) Archive regions: 0->0
[54.184s][info][gc,heap        ] GC(189) Humongous regions: 0->0
[54.184s][info][gc,metaspace   ] GC(189) Metaspace: 74069K(75136K)->74069K(75136K) NonClass: 58755K(59136K)->58755K(59136K) Class: 15313K(16000K)->15313K(16000K)
[54.184s][info][gc             ] GC(189) Pause Young (Normal) (G1 Evacuation Pause) 950M->39M(1552M) 2.084ms
[54.184s][info][gc,cpu         ] GC(189) User=0.00s Sys=0.00s Real=0.00s
[54.419s][info][gc,start       ] GC(190) Pause Young (Normal) (G1 Evacuation Pause)
[54.419s][info][gc,task        ] GC(190) Using 33 workers of 33 for evacuation
[54.421s][info][gc,phases      ] GC(190)   Pre Evacuate Collection Set: 0.2ms
[54.421s][info][gc,phases      ] GC(190)   Merge Heap Roots: 0.2ms
[54.421s][info][gc,phases      ] GC(190)   Evacuate Collection Set: 0.9ms
[54.421s][info][gc,phases      ] GC(190)   Post Evacuate Collection Set: 0.5ms
[54.421s][info][gc,phases      ] GC(190)   Other: 0.1ms
[54.421s][info][gc,heap        ] GC(190) Eden regions: 57->0(57)
[54.421s][info][gc,heap        ] GC(190) Survivor regions: 1->1(8)
[54.421s][info][gc,heap        ] GC(190) Old regions: 9->9
[54.421s][info][gc,heap        ] GC(190) Archive regions: 0->0
[54.421s][info][gc,heap        ] GC(190) Humongous regions: 0->0
[54.421s][info][gc,metaspace   ] GC(190) Metaspace: 74069K(75136K)->74069K(75136K) NonClass: 58755K(59136K)->58755K(59136K) Class: 15313K(16000K)->15313K(16000K)
[54.421s][info][gc             ] GC(190) Pause Young (Normal) (G1 Evacuation Pause) 951M->39M(1552M) 2.087ms
[54.422s][info][gc,cpu         ] GC(190) User=0.00s Sys=0.00s Real=0.00s
[54.660s][info][gc,start       ] GC(191) Pause Young (Normal) (G1 Evacuation Pause)
[54.661s][info][gc,task        ] GC(191) Using 33 workers of 33 for evacuation
[54.662s][info][gc,phases      ] GC(191)   Pre Evacuate Collection Set: 0.2ms
[54.662s][info][gc,phases      ] GC(191)   Merge Heap Roots: 0.2ms
[54.662s][info][gc,phases      ] GC(191)   Evacuate Collection Set: 0.9ms
[54.662s][info][gc,phases      ] GC(191)   Post Evacuate Collection Set: 0.6ms
[54.662s][info][gc,phases      ] GC(191)   Other: 0.1ms
[54.662s][info][gc,heap        ] GC(191) Eden regions: 57->0(57)
[54.663s][info][gc,heap        ] GC(191) Survivor regions: 1->1(8)
[54.663s][info][gc,heap        ] GC(191) Old regions: 9->9
[54.663s][info][gc,heap        ] GC(191) Archive regions: 0->0
[54.663s][info][gc,heap        ] GC(191) Humongous regions: 0->0
[54.663s][info][gc,metaspace   ] GC(191) Metaspace: 74081K(75136K)->74081K(75136K) NonClass: 58767K(59136K)->58767K(59136K) Class: 15313K(16000K)->15313K(16000K)
[54.663s][info][gc             ] GC(191) Pause Young (Normal) (G1 Evacuation Pause) 951M->39M(1552M) 2.163ms
[54.663s][info][gc,cpu         ] GC(191) User=0.00s Sys=0.00s Real=0.00s
[54.904s][info][gc,start       ] GC(192) Pause Young (Normal) (G1 Evacuation Pause)
[54.904s][info][gc,task        ] GC(192) Using 33 workers of 33 for evacuation
[54.906s][info][gc,phases      ] GC(192)   Pre Evacuate Collection Set: 0.2ms
[54.906s][info][gc,phases      ] GC(192)   Merge Heap Roots: 0.2ms
[54.906s][info][gc,phases      ] GC(192)   Evacuate Collection Set: 0.9ms
[54.906s][info][gc,phases      ] GC(192)   Post Evacuate Collection Set: 0.5ms
[54.906s][info][gc,phases      ] GC(192)   Other: 0.1ms
[54.906s][info][gc,heap        ] GC(192) Eden regions: 57->0(57)
[54.906s][info][gc,heap        ] GC(192) Survivor regions: 1->1(8)
[54.906s][info][gc,heap        ] GC(192) Old regions: 9->9
[54.906s][info][gc,heap        ] GC(192) Archive regions: 0->0
[54.906s][info][gc,heap        ] GC(192) Humongous regions: 0->0
[54.906s][info][gc,metaspace   ] GC(192) Metaspace: 74091K(75136K)->74091K(75136K) NonClass: 58777K(59136K)->58777K(59136K) Class: 15313K(16000K)->15313K(16000K)
[54.906s][info][gc             ] GC(192) Pause Young (Normal) (G1 Evacuation Pause) 951M->39M(1552M) 2.153ms
[54.906s][info][gc,cpu         ] GC(192) User=0.00s Sys=0.00s Real=0.00s
[55.170s][info][gc,start       ] GC(193) Pause Young (Normal) (G1 Evacuation Pause)
[55.170s][info][gc,task        ] GC(193) Using 33 workers of 33 for evacuation
[55.172s][info][gc,phases      ] GC(193)   Pre Evacuate Collection Set: 0.2ms
[55.172s][info][gc,phases      ] GC(193)   Merge Heap Roots: 0.2ms
[55.172s][info][gc,phases      ] GC(193)   Evacuate Collection Set: 0.9ms
[55.172s][info][gc,phases      ] GC(193)   Post Evacuate Collection Set: 0.6ms
[55.172s][info][gc,phases      ] GC(193)   Other: 0.1ms
[55.172s][info][gc,heap        ] GC(193) Eden regions: 57->0(57)
[55.172s][info][gc,heap        ] GC(193) Survivor regions: 1->1(8)
[55.172s][info][gc,heap        ] GC(193) Old regions: 9->9
[55.172s][info][gc,heap        ] GC(193) Archive regions: 0->0
[55.172s][info][gc,heap        ] GC(193) Humongous regions: 0->0
[55.172s][info][gc,metaspace   ] GC(193) Metaspace: 74137K(75136K)->74137K(75136K) NonClass: 58823K(59136K)->58823K(59136K) Class: 15313K(16000K)->15313K(16000K)
[55.172s][info][gc             ] GC(193) Pause Young (Normal) (G1 Evacuation Pause) 951M->39M(1552M) 2.090ms
[55.172s][info][gc,cpu         ] GC(193) User=0.02s Sys=0.00s Real=0.00s
[55.535s][info][gc,start       ] GC(194) Pause Young (Normal) (G1 Evacuation Pause)
[55.535s][info][gc,task        ] GC(194) Using 33 workers of 33 for evacuation
[55.537s][info][gc,phases      ] GC(194)   Pre Evacuate Collection Set: 0.2ms
[55.537s][info][gc,phases      ] GC(194)   Merge Heap Roots: 0.2ms
[55.537s][info][gc,phases      ] GC(194)   Evacuate Collection Set: 0.9ms
[55.537s][info][gc,phases      ] GC(194)   Post Evacuate Collection Set: 0.6ms
[55.537s][info][gc,phases      ] GC(194)   Other: 0.1ms
[55.537s][info][gc,heap        ] GC(194) Eden regions: 57->0(57)
[55.537s][info][gc,heap        ] GC(194) Survivor regions: 1->1(8)
[55.537s][info][gc,heap        ] GC(194) Old regions: 9->9
[55.537s][info][gc,heap        ] GC(194) Archive regions: 0->0
[55.537s][info][gc,heap        ] GC(194) Humongous regions: 0->0
[55.537s][info][gc,metaspace   ] GC(194) Metaspace: 74137K(75136K)->74137K(75136K) NonClass: 58823K(59136K)->58823K(59136K) Class: 15313K(16000K)->15313K(16000K)
[55.537s][info][gc             ] GC(194) Pause Young (Normal) (G1 Evacuation Pause) 951M->38M(1552M) 2.126ms
[55.537s][info][gc,cpu         ] GC(194) User=0.00s Sys=0.00s Real=0.00s
[56.228s][info][gc,start       ] GC(195) Pause Young (Normal) (G1 Evacuation Pause)
[56.229s][info][gc,task        ] GC(195) Using 33 workers of 33 for evacuation
[56.231s][info][gc,phases      ] GC(195)   Pre Evacuate Collection Set: 0.2ms
[56.231s][info][gc,phases      ] GC(195)   Merge Heap Roots: 0.2ms
[56.231s][info][gc,phases      ] GC(195)   Evacuate Collection Set: 0.9ms
[56.231s][info][gc,phases      ] GC(195)   Post Evacuate Collection Set: 0.6ms
[56.231s][info][gc,phases      ] GC(195)   Other: 0.1ms
[56.231s][info][gc,heap        ] GC(195) Eden regions: 57->0(57)
[56.231s][info][gc,heap        ] GC(195) Survivor regions: 1->1(8)
[56.231s][info][gc,heap        ] GC(195) Old regions: 9->9
[56.231s][info][gc,heap        ] GC(195) Archive regions: 0->0
[56.231s][info][gc,heap        ] GC(195) Humongous regions: 0->0
[56.231s][info][gc,metaspace   ] GC(195) Metaspace: 74138K(75136K)->74138K(75136K) NonClass: 58824K(59136K)->58824K(59136K) Class: 15313K(16000K)->15313K(16000K)
[56.231s][info][gc             ] GC(195) Pause Young (Normal) (G1 Evacuation Pause) 950M->38M(1552M) 2.600ms
[56.231s][info][gc,cpu         ] GC(195) User=0.00s Sys=0.00s Real=0.00s
[57.085s][info][gc,start       ] GC(196) Pause Young (Normal) (G1 Evacuation Pause)
[57.085s][info][gc,task        ] GC(196) Using 33 workers of 33 for evacuation
[57.087s][info][gc,phases      ] GC(196)   Pre Evacuate Collection Set: 0.2ms
[57.087s][info][gc,phases      ] GC(196)   Merge Heap Roots: 0.2ms
[57.087s][info][gc,phases      ] GC(196)   Evacuate Collection Set: 1.0ms
[57.087s][info][gc,phases      ] GC(196)   Post Evacuate Collection Set: 0.7ms
[57.087s][info][gc,phases      ] GC(196)   Other: 0.2ms
[57.087s][info][gc,heap        ] GC(196) Eden regions: 57->0(57)
[57.087s][info][gc,heap        ] GC(196) Survivor regions: 1->1(8)
[57.087s][info][gc,heap        ] GC(196) Old regions: 9->9
[57.087s][info][gc,heap        ] GC(196) Archive regions: 0->0
[57.088s][info][gc,heap        ] GC(196) Humongous regions: 0->0
[57.088s][info][gc,metaspace   ] GC(196) Metaspace: 74138K(75136K)->74138K(75136K) NonClass: 58824K(59136K)->58824K(59136K) Class: 15313K(16000K)->15313K(16000K)
[57.088s][info][gc             ] GC(196) Pause Young (Normal) (G1 Evacuation Pause) 950M->38M(1552M) 2.773ms
[57.088s][info][gc,cpu         ] GC(196) User=0.00s Sys=0.00s Real=0.00s
[57.302s][info][gc,start       ] GC(197) Pause Full (System.gc())
[57.303s][info][gc,task        ] GC(197) Using 8 workers of 33 for full compaction
[57.303s][info][gc,phases,start] GC(197) Phase 1: Mark live objects
[57.326s][info][gc,phases      ] GC(197) Phase 1: Mark live objects 23.362ms
[57.326s][info][gc,phases,start] GC(197) Phase 2: Prepare compaction
[57.331s][info][gc,phases      ] GC(197) Phase 2: Prepare compaction 4.169ms
[57.331s][info][gc,phases,start] GC(197) Phase 3: Adjust pointers
[57.345s][info][gc,phases      ] GC(197) Phase 3: Adjust pointers 14.342ms
[57.345s][info][gc,phases,start] GC(197) Phase 4: Compact heap
[57.349s][info][gc,phases      ] GC(197) Phase 4: Compact heap 4.110ms
[57.368s][info][gc,heap        ] GC(197) Eden regions: 6->0(16)
[57.368s][info][gc,heap        ] GC(197) Survivor regions: 1->0(8)
[57.368s][info][gc,heap        ] GC(197) Old regions: 9->8
[57.368s][info][gc,heap        ] GC(197) Archive regions: 0->0
[57.368s][info][gc,heap        ] GC(197) Humongous regions: 0->0
[57.368s][info][gc,metaspace   ] GC(197) Metaspace: 74142K(75200K)->74142K(75200K) NonClass: 58828K(59200K)->58828K(59200K) Class: 15313K(16000K)->15313K(16000K)
[57.369s][info][gc             ] GC(197) Pause Full (System.gc()) 131M->35M(432M) 66.134ms
[57.369s][info][gc,cpu         ] GC(197) User=0.22s Sys=0.38s Real=0.06s
[57.468s][info][gc,start       ] GC(198) Pause Young (Normal) (G1 Evacuation Pause)
[57.468s][info][gc,task        ] GC(198) Using 33 workers of 33 for evacuation
[57.471s][info][gc,phases      ] GC(198)   Pre Evacuate Collection Set: 0.2ms
[57.471s][info][gc,phases      ] GC(198)   Merge Heap Roots: 0.2ms
[57.471s][info][gc,phases      ] GC(198)   Evacuate Collection Set: 1.6ms
[57.471s][info][gc,phases      ] GC(198)   Post Evacuate Collection Set: 0.6ms
[57.471s][info][gc,phases      ] GC(198)   Other: 0.2ms
[57.471s][info][gc,heap        ] GC(198) Eden regions: 16->0(15)
[57.471s][info][gc,heap        ] GC(198) Survivor regions: 0->1(2)
[57.471s][info][gc,heap        ] GC(198) Old regions: 8->8
[57.471s][info][gc,heap        ] GC(198) Archive regions: 0->0
[57.471s][info][gc,heap        ] GC(198) Humongous regions: 0->0
[57.471s][info][gc,metaspace   ] GC(198) Metaspace: 74196K(75200K)->74196K(75200K) NonClass: 58882K(59200K)->58882K(59200K) Class: 15313K(16000K)->15313K(16000K)
[57.471s][info][gc             ] GC(198) Pause Young (Normal) (G1 Evacuation Pause) 291M->39M(432M) 2.981ms
[57.471s][info][gc,cpu         ] GC(198) User=0.00s Sys=0.00s Real=0.00s
[57.535s][info][gc,start       ] GC(199) Pause Young (Normal) (G1 Evacuation Pause)
[57.535s][info][gc,task        ] GC(199) Using 33 workers of 33 for evacuation
[57.537s][info][gc,phases      ] GC(199)   Pre Evacuate Collection Set: 0.2ms
[57.537s][info][gc,phases      ] GC(199)   Merge Heap Roots: 0.2ms
[57.537s][info][gc,phases      ] GC(199)   Evacuate Collection Set: 1.2ms
[57.537s][info][gc,phases      ] GC(199)   Post Evacuate Collection Set: 0.6ms
[57.537s][info][gc,phases      ] GC(199)   Other: 0.2ms
[57.537s][info][gc,heap        ] GC(199) Eden regions: 15->0(15)
[57.537s][info][gc,heap        ] GC(199) Survivor regions: 1->1(2)
[57.537s][info][gc,heap        ] GC(199) Old regions: 8->8
[57.537s][info][gc,heap        ] GC(199) Archive regions: 0->0
[57.537s][info][gc,heap        ] GC(199) Humongous regions: 0->0
[57.537s][info][gc,metaspace   ] GC(199) Metaspace: 74196K(75200K)->74196K(75200K) NonClass: 58882K(59200K)->58882K(59200K) Class: 15313K(16000K)->15313K(16000K)
[57.537s][info][gc             ] GC(199) Pause Young (Normal) (G1 Evacuation Pause) 279M->39M(432M) 2.516ms
[57.537s][info][gc,cpu         ] GC(199) User=0.00s Sys=0.00s Real=0.00s
[57.600s][info][gc,start       ] GC(200) Pause Young (Normal) (G1 Evacuation Pause)
[57.600s][info][gc,task        ] GC(200) Using 33 workers of 33 for evacuation
[57.602s][info][gc,phases      ] GC(200)   Pre Evacuate Collection Set: 0.2ms
[57.602s][info][gc,phases      ] GC(200)   Merge Heap Roots: 0.2ms
[57.602s][info][gc,phases      ] GC(200)   Evacuate Collection Set: 1.2ms
[57.602s][info][gc,phases      ] GC(200)   Post Evacuate Collection Set: 0.6ms
[57.602s][info][gc,phases      ] GC(200)   Other: 0.1ms
[57.602s][info][gc,heap        ] GC(200) Eden regions: 15->0(15)
[57.602s][info][gc,heap        ] GC(200) Survivor regions: 1->1(2)
[57.602s][info][gc,heap        ] GC(200) Old regions: 8->8
[57.602s][info][gc,heap        ] GC(200) Archive regions: 0->0
[57.602s][info][gc,heap        ] GC(200) Humongous regions: 0->0
[57.602s][info][gc,metaspace   ] GC(200) Metaspace: 74196K(75200K)->74196K(75200K) NonClass: 58882K(59200K)->58882K(59200K) Class: 15313K(16000K)->15313K(16000K)
[57.602s][info][gc             ] GC(200) Pause Young (Normal) (G1 Evacuation Pause) 279M->39M(432M) 2.439ms
[57.602s][info][gc,cpu         ] GC(200) User=0.00s Sys=0.00s Real=0.00s
[57.665s][info][gc,start       ] GC(201) Pause Young (Normal) (G1 Evacuation Pause)
[57.665s][info][gc,task        ] GC(201) Using 33 workers of 33 for evacuation
[57.670s][info][gc,phases      ] GC(201)   Pre Evacuate Collection Set: 0.2ms
[57.670s][info][gc,phases      ] GC(201)   Merge Heap Roots: 0.2ms
[57.670s][info][gc,phases      ] GC(201)   Evacuate Collection Set: 1.3ms
[57.670s][info][gc,phases      ] GC(201)   Post Evacuate Collection Set: 2.9ms
[57.670s][info][gc,phases      ] GC(201)   Other: 0.1ms
[57.670s][info][gc,heap        ] GC(201) Eden regions: 15->0(45)
[57.670s][info][gc,heap        ] GC(201) Survivor regions: 1->1(2)
[57.670s][info][gc,heap        ] GC(201) Old regions: 8->8
[57.670s][info][gc,heap        ] GC(201) Archive regions: 0->0
[57.670s][info][gc,heap        ] GC(201) Humongous regions: 0->0
[57.670s][info][gc,metaspace   ] GC(201) Metaspace: 74196K(75200K)->74196K(75200K) NonClass: 58882K(59200K)->58882K(59200K) Class: 15313K(16000K)->15313K(16000K)
[57.670s][info][gc             ] GC(201) Pause Young (Normal) (G1 Evacuation Pause) 279M->39M(1248M) 4.807ms
[57.670s][info][gc,cpu         ] GC(201) User=0.00s Sys=0.00s Real=0.00s
[57.970s][info][gc,start       ] GC(202) Pause Young (Normal) (G1 Evacuation Pause)
[57.970s][info][gc,task        ] GC(202) Using 33 workers of 33 for evacuation
[57.974s][info][gc,phases      ] GC(202)   Pre Evacuate Collection Set: 0.2ms
[57.974s][info][gc,phases      ] GC(202)   Merge Heap Roots: 0.2ms
[57.974s][info][gc,phases      ] GC(202)   Evacuate Collection Set: 3.2ms
[57.974s][info][gc,phases      ] GC(202)   Post Evacuate Collection Set: 0.7ms
[57.974s][info][gc,phases      ] GC(202)   Other: 0.1ms
[57.974s][info][gc,heap        ] GC(202) Eden regions: 45->0(45)
[57.974s][info][gc,heap        ] GC(202) Survivor regions: 1->1(6)
[57.974s][info][gc,heap        ] GC(202) Old regions: 8->8
[57.974s][info][gc,heap        ] GC(202) Archive regions: 0->0
[57.974s][info][gc,heap        ] GC(202) Humongous regions: 0->0
[57.974s][info][gc,metaspace   ] GC(202) Metaspace: 74196K(75200K)->74196K(75200K) NonClass: 58882K(59200K)->58882K(59200K) Class: 15313K(16000K)->15313K(16000K)
[57.975s][info][gc             ] GC(202) Pause Young (Normal) (G1 Evacuation Pause) 759M->39M(1248M) 4.563ms
[57.975s][info][gc,cpu         ] GC(202) User=0.00s Sys=0.00s Real=0.00s
[58.159s][info][gc,start       ] GC(203) Pause Young (Normal) (G1 Evacuation Pause)
[58.159s][info][gc,task        ] GC(203) Using 33 workers of 33 for evacuation
[58.164s][info][gc,phases      ] GC(203)   Pre Evacuate Collection Set: 0.2ms
[58.164s][info][gc,phases      ] GC(203)   Merge Heap Roots: 0.2ms
[58.164s][info][gc,phases      ] GC(203)   Evacuate Collection Set: 3.2ms
[58.164s][info][gc,phases      ] GC(203)   Post Evacuate Collection Set: 0.7ms
[58.164s][info][gc,phases      ] GC(203)   Other: 0.1ms
[58.164s][info][gc,heap        ] GC(203) Eden regions: 45->0(45)
[58.164s][info][gc,heap        ] GC(203) Survivor regions: 1->1(6)
[58.164s][info][gc,heap        ] GC(203) Old regions: 8->8
[58.164s][info][gc,heap        ] GC(203) Archive regions: 0->0
[58.164s][info][gc,heap        ] GC(203) Humongous regions: 0->0
[58.164s][info][gc,metaspace   ] GC(203) Metaspace: 74196K(75200K)->74196K(75200K) NonClass: 58882K(59200K)->58882K(59200K) Class: 15313K(16000K)->15313K(16000K)
[58.164s][info][gc             ] GC(203) Pause Young (Normal) (G1 Evacuation Pause) 759M->39M(1248M) 4.635ms
[58.164s][info][gc,cpu         ] GC(203) User=0.00s Sys=0.00s Real=0.00s
[58.348s][info][gc,start       ] GC(204) Pause Young (Normal) (G1 Evacuation Pause)
[58.348s][info][gc,task        ] GC(204) Using 33 workers of 33 for evacuation
[58.351s][info][gc,phases      ] GC(204)   Pre Evacuate Collection Set: 0.2ms
[58.351s][info][gc,phases      ] GC(204)   Merge Heap Roots: 0.2ms
[58.351s][info][gc,phases      ] GC(204)   Evacuate Collection Set: 1.4ms
[58.351s][info][gc,phases      ] GC(204)   Post Evacuate Collection Set: 0.7ms
[58.351s][info][gc,phases      ] GC(204)   Other: 0.1ms
[58.351s][info][gc,heap        ] GC(204) Eden regions: 45->0(45)
[58.351s][info][gc,heap        ] GC(204) Survivor regions: 1->1(6)
[58.351s][info][gc,heap        ] GC(204) Old regions: 8->8
[58.351s][info][gc,heap        ] GC(204) Archive regions: 0->0
[58.351s][info][gc,heap        ] GC(204) Humongous regions: 0->0
[58.351s][info][gc,metaspace   ] GC(204) Metaspace: 74196K(75200K)->74196K(75200K) NonClass: 58882K(59200K)->58882K(59200K) Class: 15313K(16000K)->15313K(16000K)
[58.351s][info][gc             ] GC(204) Pause Young (Normal) (G1 Evacuation Pause) 759M->39M(1248M) 2.842ms
[58.351s][info][gc,cpu         ] GC(204) User=0.00s Sys=0.00s Real=0.00s
[58.538s][info][gc,start       ] GC(205) Pause Young (Normal) (G1 Evacuation Pause)
[58.538s][info][gc,task        ] GC(205) Using 33 workers of 33 for evacuation
[58.541s][info][gc,phases      ] GC(205)   Pre Evacuate Collection Set: 0.2ms
[58.541s][info][gc,phases      ] GC(205)   Merge Heap Roots: 0.2ms
[58.541s][info][gc,phases      ] GC(205)   Evacuate Collection Set: 1.2ms
[58.541s][info][gc,phases      ] GC(205)   Post Evacuate Collection Set: 1.8ms
[58.541s][info][gc,phases      ] GC(205)   Other: 0.1ms
[58.541s][info][gc,heap        ] GC(205) Eden regions: 45->0(57)
[58.541s][info][gc,heap        ] GC(205) Survivor regions: 1->1(6)
[58.541s][info][gc,heap        ] GC(205) Old regions: 8->8
[58.541s][info][gc,heap        ] GC(205) Archive regions: 0->0
[58.541s][info][gc,heap        ] GC(205) Humongous regions: 0->0
[58.541s][info][gc,metaspace   ] GC(205) Metaspace: 74196K(75200K)->74196K(75200K) NonClass: 58882K(59200K)->58882K(59200K) Class: 15313K(16000K)->15313K(16000K)
[58.541s][info][gc             ] GC(205) Pause Young (Normal) (G1 Evacuation Pause) 759M->39M(1568M) 3.645ms
[58.541s][info][gc,cpu         ] GC(205) User=0.00s Sys=0.00s Real=0.00s
[58.812s][info][gc,start       ] GC(206) Pause Young (Normal) (G1 Evacuation Pause)
[58.812s][info][gc,task        ] GC(206) Using 33 workers of 33 for evacuation
[58.814s][info][gc,phases      ] GC(206)   Pre Evacuate Collection Set: 0.2ms
[58.814s][info][gc,phases      ] GC(206)   Merge Heap Roots: 0.2ms
[58.814s][info][gc,phases      ] GC(206)   Evacuate Collection Set: 1.1ms
[58.814s][info][gc,phases      ] GC(206)   Post Evacuate Collection Set: 0.7ms
[58.814s][info][gc,phases      ] GC(206)   Other: 0.1ms
[58.814s][info][gc,heap        ] GC(206) Eden regions: 57->0(57)
[58.815s][info][gc,heap        ] GC(206) Survivor regions: 1->1(8)
[58.815s][info][gc,heap        ] GC(206) Old regions: 8->8
[58.815s][info][gc,heap        ] GC(206) Archive regions: 0->0
[58.815s][info][gc,heap        ] GC(206) Humongous regions: 0->0
[58.815s][info][gc,metaspace   ] GC(206) Metaspace: 74196K(75200K)->74196K(75200K) NonClass: 58882K(59200K)->58882K(59200K) Class: 15313K(16000K)->15313K(16000K)
[58.815s][info][gc             ] GC(206) Pause Young (Normal) (G1 Evacuation Pause) 951M->39M(1568M) 2.609ms
[58.815s][info][gc,cpu         ] GC(206) User=0.52s Sys=0.00s Real=0.00s
[59.049s][info][gc,start       ] GC(207) Pause Young (Normal) (G1 Evacuation Pause)
[59.049s][info][gc,task        ] GC(207) Using 33 workers of 33 for evacuation
[59.051s][info][gc,phases      ] GC(207)   Pre Evacuate Collection Set: 0.2ms
[59.051s][info][gc,phases      ] GC(207)   Merge Heap Roots: 0.2ms
[59.051s][info][gc,phases      ] GC(207)   Evacuate Collection Set: 1.2ms
[59.051s][info][gc,phases      ] GC(207)   Post Evacuate Collection Set: 0.6ms
[59.051s][info][gc,phases      ] GC(207)   Other: 0.1ms
[59.051s][info][gc,heap        ] GC(207) Eden regions: 57->0(57)
[59.051s][info][gc,heap        ] GC(207) Survivor regions: 1->1(8)
[59.051s][info][gc,heap        ] GC(207) Old regions: 8->8
[59.051s][info][gc,heap        ] GC(207) Archive regions: 0->0
[59.051s][info][gc,heap        ] GC(207) Humongous regions: 0->0
[59.051s][info][gc,metaspace   ] GC(207) Metaspace: 74197K(75200K)->74197K(75200K) NonClass: 58882K(59200K)->58882K(59200K) Class: 15314K(16000K)->15314K(16000K)
[59.051s][info][gc             ] GC(207) Pause Young (Normal) (G1 Evacuation Pause) 951M->38M(1568M) 2.549ms
[59.051s][info][gc,cpu         ] GC(207) User=0.00s Sys=0.00s Real=0.00s
[59.285s][info][gc,start       ] GC(208) Pause Young (Normal) (G1 Evacuation Pause)
[59.285s][info][gc,task        ] GC(208) Using 33 workers of 33 for evacuation
[59.287s][info][gc,phases      ] GC(208)   Pre Evacuate Collection Set: 0.2ms
[59.287s][info][gc,phases      ] GC(208)   Merge Heap Roots: 0.2ms
[59.287s][info][gc,phases      ] GC(208)   Evacuate Collection Set: 1.3ms
[59.287s][info][gc,phases      ] GC(208)   Post Evacuate Collection Set: 0.7ms
[59.287s][info][gc,phases      ] GC(208)   Other: 0.1ms
[59.287s][info][gc,heap        ] GC(208) Eden regions: 57->0(57)
[59.287s][info][gc,heap        ] GC(208) Survivor regions: 1->1(8)
[59.288s][info][gc,heap        ] GC(208) Old regions: 8->8
[59.288s][info][gc,heap        ] GC(208) Archive regions: 0->0
[59.288s][info][gc,heap        ] GC(208) Humongous regions: 0->0
[59.288s][info][gc,metaspace   ] GC(208) Metaspace: 74197K(75200K)->74197K(75200K) NonClass: 58882K(59200K)->58882K(59200K) Class: 15314K(16000K)->15314K(16000K)
[59.288s][info][gc             ] GC(208) Pause Young (Normal) (G1 Evacuation Pause) 950M->39M(1568M) 2.648ms
[59.288s][info][gc,cpu         ] GC(208) User=0.00s Sys=0.00s Real=0.00s
[59.522s][info][gc,start       ] GC(209) Pause Young (Normal) (G1 Evacuation Pause)
[59.522s][info][gc,task        ] GC(209) Using 33 workers of 33 for evacuation
[59.524s][info][gc,phases      ] GC(209)   Pre Evacuate Collection Set: 0.2ms
[59.524s][info][gc,phases      ] GC(209)   Merge Heap Roots: 0.2ms
[59.524s][info][gc,phases      ] GC(209)   Evacuate Collection Set: 1.2ms
[59.524s][info][gc,phases      ] GC(209)   Post Evacuate Collection Set: 0.7ms
[59.524s][info][gc,phases      ] GC(209)   Other: 0.1ms
[59.524s][info][gc,heap        ] GC(209) Eden regions: 57->0(57)
[59.524s][info][gc,heap        ] GC(209) Survivor regions: 1->1(8)
[59.524s][info][gc,heap        ] GC(209) Old regions: 8->8
[59.524s][info][gc,heap        ] GC(209) Archive regions: 0->0
[59.524s][info][gc,heap        ] GC(209) Humongous regions: 0->0
[59.524s][info][gc,metaspace   ] GC(209) Metaspace: 74197K(75200K)->74197K(75200K) NonClass: 58882K(59200K)->58882K(59200K) Class: 15314K(16000K)->15314K(16000K)
[59.524s][info][gc             ] GC(209) Pause Young (Normal) (G1 Evacuation Pause) 951M->38M(1568M) 2.655ms
[59.524s][info][gc,cpu         ] GC(209) User=0.00s Sys=0.00s Real=0.00s
[59.760s][info][gc,start       ] GC(210) Pause Young (Normal) (G1 Evacuation Pause)
[59.760s][info][gc,task        ] GC(210) Using 33 workers of 33 for evacuation
[59.762s][info][gc,phases      ] GC(210)   Pre Evacuate Collection Set: 0.2ms
[59.762s][info][gc,phases      ] GC(210)   Merge Heap Roots: 0.2ms
[59.762s][info][gc,phases      ] GC(210)   Evacuate Collection Set: 1.3ms
[59.762s][info][gc,phases      ] GC(210)   Post Evacuate Collection Set: 0.7ms
[59.762s][info][gc,phases      ] GC(210)   Other: 0.1ms
[59.762s][info][gc,heap        ] GC(210) Eden regions: 57->0(57)
[59.762s][info][gc,heap        ] GC(210) Survivor regions: 1->1(8)
[59.762s][info][gc,heap        ] GC(210) Old regions: 8->8
[59.762s][info][gc,heap        ] GC(210) Archive regions: 0->0
[59.762s][info][gc,heap        ] GC(210) Humongous regions: 0->0
[59.762s][info][gc,metaspace   ] GC(210) Metaspace: 74207K(75200K)->74207K(75200K) NonClass: 58892K(59200K)->58892K(59200K) Class: 15314K(16000K)->15314K(16000K)
[59.762s][info][gc             ] GC(210) Pause Young (Normal) (G1 Evacuation Pause) 950M->38M(1568M) 2.730ms
[59.762s][info][gc,cpu         ] GC(210) User=0.00s Sys=0.00s Real=0.00s
[59.997s][info][gc,start       ] GC(211) Pause Young (Normal) (G1 Evacuation Pause)
[59.997s][info][gc,task        ] GC(211) Using 33 workers of 33 for evacuation
[60.000s][info][gc,phases      ] GC(211)   Pre Evacuate Collection Set: 0.2ms
[60.000s][info][gc,phases      ] GC(211)   Merge Heap Roots: 0.2ms
[60.000s][info][gc,phases      ] GC(211)   Evacuate Collection Set: 1.2ms
[60.000s][info][gc,phases      ] GC(211)   Post Evacuate Collection Set: 1.6ms
[60.000s][info][gc,phases      ] GC(211)   Other: 0.1ms
[60.000s][info][gc,heap        ] GC(211) Eden regions: 57->0(69)
[60.000s][info][gc,heap        ] GC(211) Survivor regions: 1->1(8)
[60.000s][info][gc,heap        ] GC(211) Old regions: 8->8
[60.000s][info][gc,heap        ] GC(211) Archive regions: 0->0
[60.000s][info][gc,heap        ] GC(211) Humongous regions: 0->0
[60.000s][info][gc,metaspace   ] GC(211) Metaspace: 74207K(75200K)->74207K(75200K) NonClass: 58892K(59200K)->58892K(59200K) Class: 15314K(16000K)->15314K(16000K)
[60.000s][info][gc             ] GC(211) Pause Young (Normal) (G1 Evacuation Pause) 950M->39M(1888M) 3.544ms
[60.000s][info][gc,cpu         ] GC(211) User=0.00s Sys=0.00s Real=0.00s
[60.322s][info][gc,start       ] GC(212) Pause Young (Normal) (G1 Evacuation Pause)
[60.323s][info][gc,task        ] GC(212) Using 33 workers of 33 for evacuation
[60.325s][info][gc,phases      ] GC(212)   Pre Evacuate Collection Set: 0.2ms
[60.325s][info][gc,phases      ] GC(212)   Merge Heap Roots: 0.2ms
[60.325s][info][gc,phases      ] GC(212)   Evacuate Collection Set: 1.2ms
[60.325s][info][gc,phases      ] GC(212)   Post Evacuate Collection Set: 0.7ms
[60.325s][info][gc,phases      ] GC(212)   Other: 0.1ms
[60.325s][info][gc,heap        ] GC(212) Eden regions: 69->0(69)
[60.325s][info][gc,heap        ] GC(212) Survivor regions: 1->1(9)
[60.325s][info][gc,heap        ] GC(212) Old regions: 8->8
[60.325s][info][gc,heap        ] GC(212) Archive regions: 0->0
[60.325s][info][gc,heap        ] GC(212) Humongous regions: 0->0
[60.325s][info][gc,metaspace   ] GC(212) Metaspace: 74207K(75200K)->74207K(75200K) NonClass: 58892K(59200K)->58892K(59200K) Class: 15314K(16000K)->15314K(16000K)
[60.325s][info][gc             ] GC(212) Pause Young (Normal) (G1 Evacuation Pause) 1143M->39M(1888M) 2.615ms
[60.325s][info][gc,cpu         ] GC(212) User=0.00s Sys=0.00s Real=0.00s
[60.609s][info][gc,start       ] GC(213) Pause Young (Normal) (G1 Evacuation Pause)
[60.609s][info][gc,task        ] GC(213) Using 33 workers of 33 for evacuation
[60.611s][info][gc,phases      ] GC(213)   Pre Evacuate Collection Set: 0.2ms
[60.611s][info][gc,phases      ] GC(213)   Merge Heap Roots: 0.2ms
[60.611s][info][gc,phases      ] GC(213)   Evacuate Collection Set: 1.2ms
[60.611s][info][gc,phases      ] GC(213)   Post Evacuate Collection Set: 0.5ms
[60.611s][info][gc,phases      ] GC(213)   Other: 0.1ms
[60.611s][info][gc,heap        ] GC(213) Eden regions: 69->0(69)
[60.611s][info][gc,heap        ] GC(213) Survivor regions: 1->1(9)
[60.611s][info][gc,heap        ] GC(213) Old regions: 8->9
[60.611s][info][gc,heap        ] GC(213) Archive regions: 0->0
[60.611s][info][gc,heap        ] GC(213) Humongous regions: 0->0
[60.612s][info][gc,metaspace   ] GC(213) Metaspace: 74207K(75200K)->74207K(75200K) NonClass: 58892K(59200K)->58892K(59200K) Class: 15314K(16000K)->15314K(16000K)
[60.612s][info][gc             ] GC(213) Pause Young (Normal) (G1 Evacuation Pause) 1143M->39M(1888M) 2.428ms
[60.612s][info][gc,cpu         ] GC(213) User=0.00s Sys=0.00s Real=0.00s
[60.898s][info][gc,start       ] GC(214) Pause Young (Normal) (G1 Evacuation Pause)
[60.898s][info][gc,task        ] GC(214) Using 33 workers of 33 for evacuation
[60.900s][info][gc,phases      ] GC(214)   Pre Evacuate Collection Set: 0.2ms
[60.900s][info][gc,phases      ] GC(214)   Merge Heap Roots: 0.2ms
[60.900s][info][gc,phases      ] GC(214)   Evacuate Collection Set: 1.0ms
[60.900s][info][gc,phases      ] GC(214)   Post Evacuate Collection Set: 0.5ms
[60.900s][info][gc,phases      ] GC(214)   Other: 0.1ms
[60.900s][info][gc,heap        ] GC(214) Eden regions: 69->0(69)
[60.900s][info][gc,heap        ] GC(214) Survivor regions: 1->1(9)
[60.900s][info][gc,heap        ] GC(214) Old regions: 9->9
[60.900s][info][gc,heap        ] GC(214) Archive regions: 0->0
[60.900s][info][gc,heap        ] GC(214) Humongous regions: 0->0
[60.900s][info][gc,metaspace   ] GC(214) Metaspace: 74207K(75200K)->74207K(75200K) NonClass: 58892K(59200K)->58892K(59200K) Class: 15314K(16000K)->15314K(16000K)
[60.900s][info][gc             ] GC(214) Pause Young (Normal) (G1 Evacuation Pause) 1143M->39M(1888M) 2.278ms
[60.900s][info][gc,cpu         ] GC(214) User=0.00s Sys=0.00s Real=0.00s
[61.184s][info][gc,start       ] GC(215) Pause Young (Normal) (G1 Evacuation Pause)
[61.185s][info][gc,task        ] GC(215) Using 33 workers of 33 for evacuation
[61.187s][info][gc,phases      ] GC(215)   Pre Evacuate Collection Set: 0.2ms
[61.187s][info][gc,phases      ] GC(215)   Merge Heap Roots: 0.2ms
[61.187s][info][gc,phases      ] GC(215)   Evacuate Collection Set: 1.0ms
[61.187s][info][gc,phases      ] GC(215)   Post Evacuate Collection Set: 0.5ms
[61.187s][info][gc,phases      ] GC(215)   Other: 0.1ms
[61.187s][info][gc,heap        ] GC(215) Eden regions: 69->0(69)
[61.187s][info][gc,heap        ] GC(215) Survivor regions: 1->1(9)
[61.187s][info][gc,heap        ] GC(215) Old regions: 9->9
[61.187s][info][gc,heap        ] GC(215) Archive regions: 0->0
[61.187s][info][gc,heap        ] GC(215) Humongous regions: 0->0
[61.187s][info][gc,metaspace   ] GC(215) Metaspace: 74207K(75200K)->74207K(75200K) NonClass: 58892K(59200K)->58892K(59200K) Class: 15314K(16000K)->15314K(16000K)
[61.187s][info][gc             ] GC(215) Pause Young (Normal) (G1 Evacuation Pause) 1143M->39M(1888M) 2.186ms
[61.187s][info][gc,cpu         ] GC(215) User=0.00s Sys=0.00s Real=0.00s
[61.470s][info][gc,start       ] GC(216) Pause Young (Normal) (G1 Evacuation Pause)
[61.470s][info][gc,task        ] GC(216) Using 33 workers of 33 for evacuation
[61.472s][info][gc,phases      ] GC(216)   Pre Evacuate Collection Set: 0.2ms
[61.472s][info][gc,phases      ] GC(216)   Merge Heap Roots: 0.2ms
[61.472s][info][gc,phases      ] GC(216)   Evacuate Collection Set: 0.9ms
[61.472s][info][gc,phases      ] GC(216)   Post Evacuate Collection Set: 0.5ms
[61.472s][info][gc,phases      ] GC(216)   Other: 0.1ms
[61.472s][info][gc,heap        ] GC(216) Eden regions: 69->0(69)
[61.472s][info][gc,heap        ] GC(216) Survivor regions: 1->1(9)
[61.472s][info][gc,heap        ] GC(216) Old regions: 9->9
[61.472s][info][gc,heap        ] GC(216) Archive regions: 0->0
[61.472s][info][gc,heap        ] GC(216) Humongous regions: 0->0
[61.472s][info][gc,metaspace   ] GC(216) Metaspace: 74207K(75200K)->74207K(75200K) NonClass: 58892K(59200K)->58892K(59200K) Class: 15314K(16000K)->15314K(16000K)
[61.473s][info][gc             ] GC(216) Pause Young (Normal) (G1 Evacuation Pause) 1143M->39M(1888M) 2.118ms
[61.473s][info][gc,cpu         ] GC(216) User=0.00s Sys=0.00s Real=0.00s
[61.757s][info][gc,start       ] GC(217) Pause Young (Normal) (G1 Evacuation Pause)
[61.757s][info][gc,task        ] GC(217) Using 33 workers of 33 for evacuation
[61.759s][info][gc,phases      ] GC(217)   Pre Evacuate Collection Set: 0.2ms
[61.759s][info][gc,phases      ] GC(217)   Merge Heap Roots: 0.2ms
[61.759s][info][gc,phases      ] GC(217)   Evacuate Collection Set: 1.0ms
[61.759s][info][gc,phases      ] GC(217)   Post Evacuate Collection Set: 0.5ms
[61.759s][info][gc,phases      ] GC(217)   Other: 0.1ms
[61.759s][info][gc,heap        ] GC(217) Eden regions: 69->0(69)
[61.759s][info][gc,heap        ] GC(217) Survivor regions: 1->1(9)
[61.759s][info][gc,heap        ] GC(217) Old regions: 9->9
[61.759s][info][gc,heap        ] GC(217) Archive regions: 0->0
[61.759s][info][gc,heap        ] GC(217) Humongous regions: 0->0
[61.759s][info][gc,metaspace   ] GC(217) Metaspace: 74207K(75200K)->74207K(75200K) NonClass: 58892K(59200K)->58892K(59200K) Class: 15314K(16000K)->15314K(16000K)
[61.759s][info][gc             ] GC(217) Pause Young (Normal) (G1 Evacuation Pause) 1143M->39M(1888M) 2.186ms
[61.759s][info][gc,cpu         ] GC(217) User=0.00s Sys=0.00s Real=0.00s
[62.042s][info][gc,start       ] GC(218) Pause Young (Normal) (G1 Evacuation Pause)
[62.042s][info][gc,task        ] GC(218) Using 33 workers of 33 for evacuation
[62.044s][info][gc,phases      ] GC(218)   Pre Evacuate Collection Set: 0.2ms
[62.044s][info][gc,phases      ] GC(218)   Merge Heap Roots: 0.2ms
[62.044s][info][gc,phases      ] GC(218)   Evacuate Collection Set: 0.9ms
[62.044s][info][gc,phases      ] GC(218)   Post Evacuate Collection Set: 0.5ms
[62.044s][info][gc,phases      ] GC(218)   Other: 0.1ms
[62.044s][info][gc,heap        ] GC(218) Eden regions: 69->0(69)
[62.044s][info][gc,heap        ] GC(218) Survivor regions: 1->1(9)
[62.044s][info][gc,heap        ] GC(218) Old regions: 9->9
[62.044s][info][gc,heap        ] GC(218) Archive regions: 0->0
[62.044s][info][gc,heap        ] GC(218) Humongous regions: 0->0
[62.044s][info][gc,metaspace   ] GC(218) Metaspace: 74207K(75200K)->74207K(75200K) NonClass: 58892K(59200K)->58892K(59200K) Class: 15314K(16000K)->15314K(16000K)
[62.044s][info][gc             ] GC(218) Pause Young (Normal) (G1 Evacuation Pause) 1143M->39M(1888M) 2.069ms
[62.044s][info][gc,cpu         ] GC(218) User=0.00s Sys=0.00s Real=0.00s
[62.329s][info][gc,start       ] GC(219) Pause Young (Normal) (G1 Evacuation Pause)
[62.329s][info][gc,task        ] GC(219) Using 33 workers of 33 for evacuation
[62.331s][info][gc,phases      ] GC(219)   Pre Evacuate Collection Set: 0.2ms
[62.331s][info][gc,phases      ] GC(219)   Merge Heap Roots: 0.2ms
[62.331s][info][gc,phases      ] GC(219)   Evacuate Collection Set: 0.9ms
[62.331s][info][gc,phases      ] GC(219)   Post Evacuate Collection Set: 0.6ms
[62.331s][info][gc,phases      ] GC(219)   Other: 0.1ms
[62.331s][info][gc,heap        ] GC(219) Eden regions: 69->0(69)
[62.331s][info][gc,heap        ] GC(219) Survivor regions: 1->1(9)
[62.331s][info][gc,heap        ] GC(219) Old regions: 9->9
[62.331s][info][gc,heap        ] GC(219) Archive regions: 0->0
[62.331s][info][gc,heap        ] GC(219) Humongous regions: 0->0
[62.331s][info][gc,metaspace   ] GC(219) Metaspace: 74208K(75200K)->74208K(75200K) NonClass: 58893K(59200K)->58893K(59200K) Class: 15314K(16000K)->15314K(16000K)
[62.331s][info][gc             ] GC(219) Pause Young (Normal) (G1 Evacuation Pause) 1143M->39M(1888M) 2.267ms
[62.331s][info][gc,cpu         ] GC(219) User=0.00s Sys=0.00s Real=0.00s
[62.622s][info][gc,start       ] GC(220) Pause Young (Normal) (G1 Evacuation Pause)
[62.622s][info][gc,task        ] GC(220) Using 33 workers of 33 for evacuation
[62.624s][info][gc,phases      ] GC(220)   Pre Evacuate Collection Set: 0.2ms
[62.624s][info][gc,phases      ] GC(220)   Merge Heap Roots: 0.2ms
[62.624s][info][gc,phases      ] GC(220)   Evacuate Collection Set: 0.9ms
[62.624s][info][gc,phases      ] GC(220)   Post Evacuate Collection Set: 0.5ms
[62.624s][info][gc,phases      ] GC(220)   Other: 0.1ms
[62.624s][info][gc,heap        ] GC(220) Eden regions: 69->0(69)
[62.624s][info][gc,heap        ] GC(220) Survivor regions: 1->1(9)
[62.624s][info][gc,heap        ] GC(220) Old regions: 9->9
[62.624s][info][gc,heap        ] GC(220) Archive regions: 0->0
[62.624s][info][gc,heap        ] GC(220) Humongous regions: 0->0
[62.624s][info][gc,metaspace   ] GC(220) Metaspace: 74209K(75200K)->74209K(75200K) NonClass: 58894K(59200K)->58894K(59200K) Class: 15314K(16000K)->15314K(16000K)
[62.624s][info][gc             ] GC(220) Pause Young (Normal) (G1 Evacuation Pause) 1143M->39M(1888M) 2.143ms
[62.624s][info][gc,cpu         ] GC(220) User=0.00s Sys=0.00s Real=0.00s
[62.973s][info][gc,start       ] GC(221) Pause Young (Normal) (G1 Evacuation Pause)
[62.973s][info][gc,task        ] GC(221) Using 33 workers of 33 for evacuation
[62.975s][info][gc,phases      ] GC(221)   Pre Evacuate Collection Set: 0.2ms
[62.975s][info][gc,phases      ] GC(221)   Merge Heap Roots: 0.2ms
[62.975s][info][gc,phases      ] GC(221)   Evacuate Collection Set: 0.9ms
[62.975s][info][gc,phases      ] GC(221)   Post Evacuate Collection Set: 0.5ms
[62.975s][info][gc,phases      ] GC(221)   Other: 0.1ms
[62.975s][info][gc,heap        ] GC(221) Eden regions: 69->0(69)
[62.975s][info][gc,heap        ] GC(221) Survivor regions: 1->1(9)
[62.975s][info][gc,heap        ] GC(221) Old regions: 9->9
[62.975s][info][gc,heap        ] GC(221) Archive regions: 0->0
[62.975s][info][gc,heap        ] GC(221) Humongous regions: 0->0
[62.975s][info][gc,metaspace   ] GC(221) Metaspace: 74209K(75200K)->74209K(75200K) NonClass: 58895K(59200K)->58895K(59200K) Class: 15314K(16000K)->15314K(16000K)
[62.975s][info][gc             ] GC(221) Pause Young (Normal) (G1 Evacuation Pause) 1143M->39M(1888M) 2.091ms
[62.975s][info][gc,cpu         ] GC(221) User=0.00s Sys=0.00s Real=0.00s
[63.509s][info][gc,start       ] GC(222) Pause Young (Normal) (G1 Evacuation Pause)
[63.509s][info][gc,task        ] GC(222) Using 33 workers of 33 for evacuation
[63.511s][info][gc,phases      ] GC(222)   Pre Evacuate Collection Set: 0.2ms
[63.511s][info][gc,phases      ] GC(222)   Merge Heap Roots: 0.2ms
[63.511s][info][gc,phases      ] GC(222)   Evacuate Collection Set: 0.9ms
[63.511s][info][gc,phases      ] GC(222)   Post Evacuate Collection Set: 0.5ms
[63.511s][info][gc,phases      ] GC(222)   Other: 0.1ms
[63.511s][info][gc,heap        ] GC(222) Eden regions: 69->0(69)
[63.511s][info][gc,heap        ] GC(222) Survivor regions: 1->1(9)
[63.511s][info][gc,heap        ] GC(222) Old regions: 9->9
[63.511s][info][gc,heap        ] GC(222) Archive regions: 0->0
[63.511s][info][gc,heap        ] GC(222) Humongous regions: 0->0
[63.511s][info][gc,metaspace   ] GC(222) Metaspace: 74211K(75200K)->74211K(75200K) NonClass: 58897K(59200K)->58897K(59200K) Class: 15314K(16000K)->15314K(16000K)
[63.511s][info][gc             ] GC(222) Pause Young (Normal) (G1 Evacuation Pause) 1143M->39M(1888M) 2.082ms
[63.511s][info][gc,cpu         ] GC(222) User=0.00s Sys=0.00s Real=0.00s
[64.308s][info][gc,start       ] GC(223) Pause Young (Normal) (G1 Evacuation Pause)
[64.309s][info][gc,task        ] GC(223) Using 33 workers of 33 for evacuation
[64.310s][info][gc,phases      ] GC(223)   Pre Evacuate Collection Set: 0.2ms
[64.310s][info][gc,phases      ] GC(223)   Merge Heap Roots: 0.2ms
[64.310s][info][gc,phases      ] GC(223)   Evacuate Collection Set: 0.9ms
[64.310s][info][gc,phases      ] GC(223)   Post Evacuate Collection Set: 0.5ms
[64.310s][info][gc,phases      ] GC(223)   Other: 0.1ms
[64.310s][info][gc,heap        ] GC(223) Eden regions: 69->0(69)
[64.310s][info][gc,heap        ] GC(223) Survivor regions: 1->1(9)
[64.310s][info][gc,heap        ] GC(223) Old regions: 9->9
[64.310s][info][gc,heap        ] GC(223) Archive regions: 0->0
[64.310s][info][gc,heap        ] GC(223) Humongous regions: 0->0
[64.310s][info][gc,metaspace   ] GC(223) Metaspace: 74211K(75200K)->74211K(75200K) NonClass: 58897K(59200K)->58897K(59200K) Class: 15314K(16000K)->15314K(16000K)
[64.310s][info][gc             ] GC(223) Pause Young (Normal) (G1 Evacuation Pause) 1143M->39M(1888M) 1.996ms
[64.310s][info][gc,cpu         ] GC(223) User=0.00s Sys=0.00s Real=0.00s
[64.763s][info][gc,start       ] GC(224) Pause Full (System.gc())
[64.763s][info][gc,task        ] GC(224) Using 10 workers of 33 for full compaction
[64.764s][info][gc,phases,start] GC(224) Phase 1: Mark live objects
[64.787s][info][gc,phases      ] GC(224) Phase 1: Mark live objects 23.937ms
[64.787s][info][gc,phases,start] GC(224) Phase 2: Prepare compaction
[64.792s][info][gc,phases      ] GC(224) Phase 2: Prepare compaction 4.703ms
[64.792s][info][gc,phases,start] GC(224) Phase 3: Adjust pointers
[64.804s][info][gc,phases      ] GC(224) Phase 3: Adjust pointers 12.218ms
[64.804s][info][gc,phases,start] GC(224) Phase 4: Compact heap
[64.809s][info][gc,phases      ] GC(224) Phase 4: Compact heap 4.976ms
[64.829s][info][gc,heap        ] GC(224) Eden regions: 33->0(20)
[64.829s][info][gc,heap        ] GC(224) Survivor regions: 1->0(9)
[64.829s][info][gc,heap        ] GC(224) Old regions: 9->10
[64.829s][info][gc,heap        ] GC(224) Archive regions: 0->0
[64.829s][info][gc,heap        ] GC(224) Humongous regions: 0->0
[64.829s][info][gc,metaspace   ] GC(224) Metaspace: 74219K(75200K)->74219K(75200K) NonClass: 58905K(59200K)->58905K(59200K) Class: 15314K(16000K)->15314K(16000K)
[64.829s][info][gc             ] GC(224) Pause Full (System.gc()) 553M->35M(544M) 66.430ms
[64.829s][info][gc,cpu         ] GC(224) User=0.25s Sys=0.45s Real=0.06s
[64.948s][info][gc,start       ] GC(225) Pause Young (Normal) (G1 Evacuation Pause)
[64.948s][info][gc,task        ] GC(225) Using 33 workers of 33 for evacuation
[64.950s][info][gc,phases      ] GC(225)   Pre Evacuate Collection Set: 0.2ms
[64.951s][info][gc,phases      ] GC(225)   Merge Heap Roots: 0.2ms
[64.951s][info][gc,phases      ] GC(225)   Evacuate Collection Set: 1.3ms
[64.951s][info][gc,phases      ] GC(225)   Post Evacuate Collection Set: 0.6ms
[64.951s][info][gc,phases      ] GC(225)   Other: 0.1ms
[64.951s][info][gc,heap        ] GC(225) Eden regions: 20->0(19)
[64.951s][info][gc,heap        ] GC(225) Survivor regions: 0->1(3)
[64.951s][info][gc,heap        ] GC(225) Old regions: 10->10
[64.951s][info][gc,heap        ] GC(225) Archive regions: 0->0
[64.951s][info][gc,heap        ] GC(225) Humongous regions: 0->0
[64.951s][info][gc,metaspace   ] GC(225) Metaspace: 74279K(75264K)->74279K(75264K) NonClass: 58965K(59264K)->58965K(59264K) Class: 15314K(16000K)->15314K(16000K)
[64.951s][info][gc             ] GC(225) Pause Young (Normal) (G1 Evacuation Pause) 355M->38M(544M) 2.609ms
[64.951s][info][gc,cpu         ] GC(225) User=0.00s Sys=0.00s Real=0.00s
[65.038s][info][gc,start       ] GC(226) Pause Young (Normal) (G1 Evacuation Pause)
[65.038s][info][gc,task        ] GC(226) Using 33 workers of 33 for evacuation
[65.041s][info][gc,phases      ] GC(226)   Pre Evacuate Collection Set: 0.2ms
[65.041s][info][gc,phases      ] GC(226)   Merge Heap Roots: 0.2ms
[65.041s][info][gc,phases      ] GC(226)   Evacuate Collection Set: 1.3ms
[65.041s][info][gc,phases      ] GC(226)   Post Evacuate Collection Set: 0.6ms
[65.041s][info][gc,phases      ] GC(226)   Other: 0.1ms
[65.041s][info][gc,heap        ] GC(226) Eden regions: 19->0(19)
[65.041s][info][gc,heap        ] GC(226) Survivor regions: 1->1(3)
[65.041s][info][gc,heap        ] GC(226) Old regions: 10->10
[65.041s][info][gc,heap        ] GC(226) Archive regions: 0->0
[65.041s][info][gc,heap        ] GC(226) Humongous regions: 0->0
[65.041s][info][gc,metaspace   ] GC(226) Metaspace: 74279K(75264K)->74279K(75264K) NonClass: 58965K(59264K)->58965K(59264K) Class: 15314K(16000K)->15314K(16000K)
[65.041s][info][gc             ] GC(226) Pause Young (Normal) (G1 Evacuation Pause) 342M->39M(544M) 2.665ms
[65.041s][info][gc,cpu         ] GC(226) User=0.00s Sys=0.00s Real=0.00s
[65.128s][info][gc,start       ] GC(227) Pause Young (Normal) (G1 Evacuation Pause)
[65.128s][info][gc,task        ] GC(227) Using 33 workers of 33 for evacuation
[65.130s][info][gc,phases      ] GC(227)   Pre Evacuate Collection Set: 0.2ms
[65.130s][info][gc,phases      ] GC(227)   Merge Heap Roots: 0.2ms
[65.130s][info][gc,phases      ] GC(227)   Evacuate Collection Set: 1.2ms
[65.130s][info][gc,phases      ] GC(227)   Post Evacuate Collection Set: 0.6ms
[65.130s][info][gc,phases      ] GC(227)   Other: 0.1ms
[65.130s][info][gc,heap        ] GC(227) Eden regions: 19->0(19)
[65.130s][info][gc,heap        ] GC(227) Survivor regions: 1->1(3)
[65.130s][info][gc,heap        ] GC(227) Old regions: 10->10
[65.130s][info][gc,heap        ] GC(227) Archive regions: 0->0
[65.130s][info][gc,heap        ] GC(227) Humongous regions: 0->0
[65.130s][info][gc,metaspace   ] GC(227) Metaspace: 74279K(75264K)->74279K(75264K) NonClass: 58965K(59264K)->58965K(59264K) Class: 15314K(16000K)->15314K(16000K)
[65.130s][info][gc             ] GC(227) Pause Young (Normal) (G1 Evacuation Pause) 343M->39M(544M) 2.517ms
[65.130s][info][gc,cpu         ] GC(227) User=0.00s Sys=0.00s Real=0.00s
[65.216s][info][gc,start       ] GC(228) Pause Young (Normal) (G1 Evacuation Pause)
[65.216s][info][gc,task        ] GC(228) Using 33 workers of 33 for evacuation
[65.219s][info][gc,phases      ] GC(228)   Pre Evacuate Collection Set: 0.2ms
[65.219s][info][gc,phases      ] GC(228)   Merge Heap Roots: 0.2ms
[65.219s][info][gc,phases      ] GC(228)   Evacuate Collection Set: 1.3ms
[65.219s][info][gc,phases      ] GC(228)   Post Evacuate Collection Set: 1.6ms
[65.219s][info][gc,phases      ] GC(228)   Other: 0.1ms
[65.219s][info][gc,heap        ] GC(228) Eden regions: 19->0(30)
[65.219s][info][gc,heap        ] GC(228) Survivor regions: 1->1(3)
[65.219s][info][gc,heap        ] GC(228) Old regions: 10->10
[65.219s][info][gc,heap        ] GC(228) Archive regions: 0->0
[65.219s][info][gc,heap        ] GC(228) Humongous regions: 0->0
[65.219s][info][gc,metaspace   ] GC(228) Metaspace: 74279K(75264K)->74279K(75264K) NonClass: 58965K(59264K)->58965K(59264K) Class: 15314K(16000K)->15314K(16000K)
[65.219s][info][gc             ] GC(228) Pause Young (Normal) (G1 Evacuation Pause) 343M->38M(832M) 3.517ms
[65.219s][info][gc,cpu         ] GC(228) User=0.00s Sys=0.00s Real=0.00s
[65.385s][info][gc,start       ] GC(229) Pause Young (Normal) (G1 Evacuation Pause)
[65.385s][info][gc,task        ] GC(229) Using 33 workers of 33 for evacuation
[65.388s][info][gc,phases      ] GC(229)   Pre Evacuate Collection Set: 0.2ms
[65.388s][info][gc,phases      ] GC(229)   Merge Heap Roots: 0.2ms
[65.388s][info][gc,phases      ] GC(229)   Evacuate Collection Set: 1.2ms
[65.388s][info][gc,phases      ] GC(229)   Post Evacuate Collection Set: 0.7ms
[65.388s][info][gc,phases      ] GC(229)   Other: 0.1ms
[65.388s][info][gc,heap        ] GC(229) Eden regions: 30->0(30)
[65.388s][info][gc,heap        ] GC(229) Survivor regions: 1->1(4)
[65.388s][info][gc,heap        ] GC(229) Old regions: 10->10
[65.388s][info][gc,heap        ] GC(229) Archive regions: 0->0
[65.388s][info][gc,heap        ] GC(229) Humongous regions: 0->0
[65.388s][info][gc,metaspace   ] GC(229) Metaspace: 74279K(75264K)->74279K(75264K) NonClass: 58965K(59264K)->58965K(59264K) Class: 15314K(16000K)->15314K(16000K)
[65.388s][info][gc             ] GC(229) Pause Young (Normal) (G1 Evacuation Pause) 518M->38M(832M) 2.542ms
[65.388s][info][gc,cpu         ] GC(229) User=0.00s Sys=0.00s Real=0.00s
[65.511s][info][gc,start       ] GC(230) Pause Young (Normal) (G1 Evacuation Pause)
[65.511s][info][gc,task        ] GC(230) Using 33 workers of 33 for evacuation
[65.513s][info][gc,phases      ] GC(230)   Pre Evacuate Collection Set: 0.2ms
[65.513s][info][gc,phases      ] GC(230)   Merge Heap Roots: 0.2ms
[65.513s][info][gc,phases      ] GC(230)   Evacuate Collection Set: 1.3ms
[65.513s][info][gc,phases      ] GC(230)   Post Evacuate Collection Set: 0.7ms
[65.513s][info][gc,phases      ] GC(230)   Other: 0.1ms
[65.513s][info][gc,heap        ] GC(230) Eden regions: 30->0(30)
[65.513s][info][gc,heap        ] GC(230) Survivor regions: 1->1(4)
[65.513s][info][gc,heap        ] GC(230) Old regions: 10->10
[65.513s][info][gc,heap        ] GC(230) Archive regions: 0->0
[65.513s][info][gc,heap        ] GC(230) Humongous regions: 0->0
[65.513s][info][gc,metaspace   ] GC(230) Metaspace: 74279K(75264K)->74279K(75264K) NonClass: 58965K(59264K)->58965K(59264K) Class: 15314K(16000K)->15314K(16000K)
[65.513s][info][gc             ] GC(230) Pause Young (Normal) (G1 Evacuation Pause) 518M->38M(832M) 2.696ms
[65.513s][info][gc,cpu         ] GC(230) User=0.00s Sys=0.00s Real=0.00s
[65.637s][info][gc,start       ] GC(231) Pause Young (Normal) (G1 Evacuation Pause)
[65.637s][info][gc,task        ] GC(231) Using 33 workers of 33 for evacuation
[65.639s][info][gc,phases      ] GC(231)   Pre Evacuate Collection Set: 0.2ms
[65.639s][info][gc,phases      ] GC(231)   Merge Heap Roots: 0.2ms
[65.639s][info][gc,phases      ] GC(231)   Evacuate Collection Set: 1.3ms
[65.639s][info][gc,phases      ] GC(231)   Post Evacuate Collection Set: 0.7ms
[65.639s][info][gc,phases      ] GC(231)   Other: 0.1ms
[65.639s][info][gc,heap        ] GC(231) Eden regions: 30->0(30)
[65.639s][info][gc,heap        ] GC(231) Survivor regions: 1->1(4)
[65.639s][info][gc,heap        ] GC(231) Old regions: 10->10
[65.639s][info][gc,heap        ] GC(231) Archive regions: 0->0
[65.639s][info][gc,heap        ] GC(231) Humongous regions: 0->0
[65.639s][info][gc,metaspace   ] GC(231) Metaspace: 74279K(75264K)->74279K(75264K) NonClass: 58965K(59264K)->58965K(59264K) Class: 15314K(16000K)->15314K(16000K)
[65.639s][info][gc             ] GC(231) Pause Young (Normal) (G1 Evacuation Pause) 518M->38M(832M) 2.676ms
[65.639s][info][gc,cpu         ] GC(231) User=0.00s Sys=0.00s Real=0.00s
[65.762s][info][gc,start       ] GC(232) Pause Young (Normal) (G1 Evacuation Pause)
[65.762s][info][gc,task        ] GC(232) Using 33 workers of 33 for evacuation
[65.765s][info][gc,phases      ] GC(232)   Pre Evacuate Collection Set: 0.2ms
[65.765s][info][gc,phases      ] GC(232)   Merge Heap Roots: 0.2ms
[65.765s][info][gc,phases      ] GC(232)   Evacuate Collection Set: 1.2ms
[65.765s][info][gc,phases      ] GC(232)   Post Evacuate Collection Set: 1.3ms
[65.765s][info][gc,phases      ] GC(232)   Other: 0.1ms
[65.765s][info][gc,heap        ] GC(232) Eden regions: 30->0(36)
[65.765s][info][gc,heap        ] GC(232) Survivor regions: 1->1(4)
[65.765s][info][gc,heap        ] GC(232) Old regions: 10->10
[65.765s][info][gc,heap        ] GC(232) Archive regions: 0->0
[65.765s][info][gc,heap        ] GC(232) Humongous regions: 0->0
[65.765s][info][gc,metaspace   ] GC(232) Metaspace: 74279K(75264K)->74279K(75264K) NonClass: 58965K(59264K)->58965K(59264K) Class: 15314K(16000K)->15314K(16000K)
[65.765s][info][gc             ] GC(232) Pause Young (Normal) (G1 Evacuation Pause) 518M->39M(1008M) 3.177ms
[65.765s][info][gc,cpu         ] GC(232) User=0.00s Sys=0.00s Real=0.00s
[65.939s][info][gc,start       ] GC(233) Pause Young (Normal) (G1 Evacuation Pause)
[65.939s][info][gc,task        ] GC(233) Using 33 workers of 33 for evacuation
[65.942s][info][gc,phases      ] GC(233)   Pre Evacuate Collection Set: 0.2ms
[65.942s][info][gc,phases      ] GC(233)   Merge Heap Roots: 0.2ms
[65.942s][info][gc,phases      ] GC(233)   Evacuate Collection Set: 1.3ms
[65.942s][info][gc,phases      ] GC(233)   Post Evacuate Collection Set: 0.7ms
[65.942s][info][gc,phases      ] GC(233)   Other: 0.1ms
[65.942s][info][gc,heap        ] GC(233) Eden regions: 36->0(36)
[65.942s][info][gc,heap        ] GC(233) Survivor regions: 1->1(5)
[65.942s][info][gc,heap        ] GC(233) Old regions: 10->10
[65.942s][info][gc,heap        ] GC(233) Archive regions: 0->0
[65.942s][info][gc,heap        ] GC(233) Humongous regions: 0->0
[65.942s][info][gc,metaspace   ] GC(233) Metaspace: 74279K(75264K)->74279K(75264K) NonClass: 58965K(59264K)->58965K(59264K) Class: 15314K(16000K)->15314K(16000K)
[65.942s][info][gc             ] GC(233) Pause Young (Normal) (G1 Evacuation Pause) 615M->38M(1008M) 2.681ms
[65.942s][info][gc,cpu         ] GC(233) User=0.00s Sys=0.00s Real=0.00s
[66.089s][info][gc,start       ] GC(234) Pause Young (Normal) (G1 Evacuation Pause)
[66.089s][info][gc,task        ] GC(234) Using 33 workers of 33 for evacuation
[66.092s][info][gc,phases      ] GC(234)   Pre Evacuate Collection Set: 0.2ms
[66.092s][info][gc,phases      ] GC(234)   Merge Heap Roots: 0.2ms
[66.092s][info][gc,phases      ] GC(234)   Evacuate Collection Set: 1.2ms
[66.092s][info][gc,phases      ] GC(234)   Post Evacuate Collection Set: 0.7ms
[66.092s][info][gc,phases      ] GC(234)   Other: 0.1ms
[66.092s][info][gc,heap        ] GC(234) Eden regions: 36->0(36)
[66.092s][info][gc,heap        ] GC(234) Survivor regions: 1->1(5)
[66.092s][info][gc,heap        ] GC(234) Old regions: 10->10
[66.092s][info][gc,heap        ] GC(234) Archive regions: 0->0
[66.092s][info][gc,heap        ] GC(234) Humongous regions: 0->0
[66.092s][info][gc,metaspace   ] GC(234) Metaspace: 74279K(75264K)->74279K(75264K) NonClass: 58965K(59264K)->58965K(59264K) Class: 15314K(16000K)->15314K(16000K)
[66.092s][info][gc             ] GC(234) Pause Young (Normal) (G1 Evacuation Pause) 614M->38M(1008M) 2.580ms
[66.092s][info][gc,cpu         ] GC(234) User=0.00s Sys=0.00s Real=0.00s
[66.239s][info][gc,start       ] GC(235) Pause Young (Normal) (G1 Evacuation Pause)
[66.239s][info][gc,task        ] GC(235) Using 33 workers of 33 for evacuation
[66.242s][info][gc,phases      ] GC(235)   Pre Evacuate Collection Set: 0.2ms
[66.242s][info][gc,phases      ] GC(235)   Merge Heap Roots: 0.2ms
[66.242s][info][gc,phases      ] GC(235)   Evacuate Collection Set: 1.2ms
[66.242s][info][gc,phases      ] GC(235)   Post Evacuate Collection Set: 0.7ms
[66.242s][info][gc,phases      ] GC(235)   Other: 0.1ms
[66.242s][info][gc,heap        ] GC(235) Eden regions: 36->0(36)
[66.242s][info][gc,heap        ] GC(235) Survivor regions: 1->1(5)
[66.242s][info][gc,heap        ] GC(235) Old regions: 10->10
[66.242s][info][gc,heap        ] GC(235) Archive regions: 0->0
[66.242s][info][gc,heap        ] GC(235) Humongous regions: 0->0
[66.242s][info][gc,metaspace   ] GC(235) Metaspace: 74279K(75264K)->74279K(75264K) NonClass: 58965K(59264K)->58965K(59264K) Class: 15314K(16000K)->15314K(16000K)
[66.242s][info][gc             ] GC(235) Pause Young (Normal) (G1 Evacuation Pause) 614M->38M(1008M) 2.609ms
[66.242s][info][gc,cpu         ] GC(235) User=0.00s Sys=0.00s Real=0.00s
[66.389s][info][gc,start       ] GC(236) Pause Young (Normal) (G1 Evacuation Pause)
[66.389s][info][gc,task        ] GC(236) Using 33 workers of 33 for evacuation
[66.392s][info][gc,phases      ] GC(236)   Pre Evacuate Collection Set: 0.2ms
[66.392s][info][gc,phases      ] GC(236)   Merge Heap Roots: 0.2ms
[66.392s][info][gc,phases      ] GC(236)   Evacuate Collection Set: 1.2ms
[66.392s][info][gc,phases      ] GC(236)   Post Evacuate Collection Set: 1.4ms
[66.392s][info][gc,phases      ] GC(236)   Other: 0.1ms
[66.392s][info][gc,heap        ] GC(236) Eden regions: 36->0(44)
[66.392s][info][gc,heap        ] GC(236) Survivor regions: 1->1(5)
[66.392s][info][gc,heap        ] GC(236) Old regions: 10->10
[66.392s][info][gc,heap        ] GC(236) Archive regions: 0->0
[66.392s][info][gc,heap        ] GC(236) Humongous regions: 0->0
[66.392s][info][gc,metaspace   ] GC(236) Metaspace: 74279K(75264K)->74279K(75264K) NonClass: 58965K(59264K)->58965K(59264K) Class: 15314K(16000K)->15314K(16000K)
[66.393s][info][gc             ] GC(236) Pause Young (Normal) (G1 Evacuation Pause) 614M->38M(1216M) 3.311ms
[66.393s][info][gc,cpu         ] GC(236) User=0.00s Sys=0.00s Real=0.00s
[66.599s][info][gc,start       ] GC(237) Pause Young (Normal) (G1 Evacuation Pause)
[66.599s][info][gc,task        ] GC(237) Using 33 workers of 33 for evacuation
[66.601s][info][gc,phases      ] GC(237)   Pre Evacuate Collection Set: 0.2ms
[66.601s][info][gc,phases      ] GC(237)   Merge Heap Roots: 0.2ms
[66.601s][info][gc,phases      ] GC(237)   Evacuate Collection Set: 1.2ms
[66.601s][info][gc,phases      ] GC(237)   Post Evacuate Collection Set: 0.7ms
[66.601s][info][gc,phases      ] GC(237)   Other: 0.1ms
[66.601s][info][gc,heap        ] GC(237) Eden regions: 44->0(44)
[66.602s][info][gc,heap        ] GC(237) Survivor regions: 1->1(6)
[66.602s][info][gc,heap        ] GC(237) Old regions: 10->10
[66.602s][info][gc,heap        ] GC(237) Archive regions: 0->0
[66.602s][info][gc,heap        ] GC(237) Humongous regions: 0->0
[66.602s][info][gc,metaspace   ] GC(237) Metaspace: 74279K(75264K)->74279K(75264K) NonClass: 58965K(59264K)->58965K(59264K) Class: 15314K(16000K)->15314K(16000K)
[66.602s][info][gc             ] GC(237) Pause Young (Normal) (G1 Evacuation Pause) 742M->38M(1216M) 2.634ms
[66.602s][info][gc,cpu         ] GC(237) User=0.00s Sys=0.00s Real=0.00s
[66.782s][info][gc,start       ] GC(238) Pause Young (Normal) (G1 Evacuation Pause)
[66.782s][info][gc,task        ] GC(238) Using 33 workers of 33 for evacuation
[66.784s][info][gc,phases      ] GC(238)   Pre Evacuate Collection Set: 0.2ms
[66.784s][info][gc,phases      ] GC(238)   Merge Heap Roots: 0.2ms
[66.784s][info][gc,phases      ] GC(238)   Evacuate Collection Set: 1.3ms
[66.784s][info][gc,phases      ] GC(238)   Post Evacuate Collection Set: 0.7ms
[66.784s][info][gc,phases      ] GC(238)   Other: 0.1ms
[66.784s][info][gc,heap        ] GC(238) Eden regions: 44->0(44)
[66.784s][info][gc,heap        ] GC(238) Survivor regions: 1->1(6)
[66.784s][info][gc,heap        ] GC(238) Old regions: 10->10
[66.784s][info][gc,heap        ] GC(238) Archive regions: 0->0
[66.784s][info][gc,heap        ] GC(238) Humongous regions: 0->0
[66.784s][info][gc,metaspace   ] GC(238) Metaspace: 74279K(75264K)->74279K(75264K) NonClass: 58965K(59264K)->58965K(59264K) Class: 15314K(16000K)->15314K(16000K)
[66.784s][info][gc             ] GC(238) Pause Young (Normal) (G1 Evacuation Pause) 742M->38M(1216M) 2.770ms
[66.785s][info][gc,cpu         ] GC(238) User=0.00s Sys=0.00s Real=0.00s
[66.965s][info][gc,start       ] GC(239) Pause Young (Normal) (G1 Evacuation Pause)
[66.965s][info][gc,task        ] GC(239) Using 33 workers of 33 for evacuation
[66.967s][info][gc,phases      ] GC(239)   Pre Evacuate Collection Set: 0.2ms
[66.967s][info][gc,phases      ] GC(239)   Merge Heap Roots: 0.2ms
[66.967s][info][gc,phases      ] GC(239)   Evacuate Collection Set: 1.2ms
[66.967s][info][gc,phases      ] GC(239)   Post Evacuate Collection Set: 0.7ms
[66.967s][info][gc,phases      ] GC(239)   Other: 0.1ms
[66.967s][info][gc,heap        ] GC(239) Eden regions: 44->0(44)
[66.967s][info][gc,heap        ] GC(239) Survivor regions: 1->1(6)
[66.967s][info][gc,heap        ] GC(239) Old regions: 10->10
[66.967s][info][gc,heap        ] GC(239) Archive regions: 0->0
[66.967s][info][gc,heap        ] GC(239) Humongous regions: 0->0
[66.967s][info][gc,metaspace   ] GC(239) Metaspace: 74279K(75264K)->74279K(75264K) NonClass: 58965K(59264K)->58965K(59264K) Class: 15314K(16000K)->15314K(16000K)
[66.967s][info][gc             ] GC(239) Pause Young (Normal) (G1 Evacuation Pause) 742M->38M(1216M) 2.611ms
[66.967s][info][gc,cpu         ] GC(239) User=0.00s Sys=0.00s Real=0.00s
[67.148s][info][gc,start       ] GC(240) Pause Young (Normal) (G1 Evacuation Pause)
[67.148s][info][gc,task        ] GC(240) Using 33 workers of 33 for evacuation
[67.151s][info][gc,phases      ] GC(240)   Pre Evacuate Collection Set: 0.2ms
[67.151s][info][gc,phases      ] GC(240)   Merge Heap Roots: 0.2ms
[67.151s][info][gc,phases      ] GC(240)   Evacuate Collection Set: 1.2ms
[67.151s][info][gc,phases      ] GC(240)   Post Evacuate Collection Set: 1.3ms
[67.151s][info][gc,phases      ] GC(240)   Other: 0.1ms
[67.151s][info][gc,heap        ] GC(240) Eden regions: 44->0(54)
[67.151s][info][gc,heap        ] GC(240) Survivor regions: 1->1(6)
[67.151s][info][gc,heap        ] GC(240) Old regions: 10->11
[67.151s][info][gc,heap        ] GC(240) Archive regions: 0->0
[67.151s][info][gc,heap        ] GC(240) Humongous regions: 0->0
[67.151s][info][gc,metaspace   ] GC(240) Metaspace: 74279K(75264K)->74279K(75264K) NonClass: 58965K(59264K)->58965K(59264K) Class: 15314K(16000K)->15314K(16000K)
[67.151s][info][gc             ] GC(240) Pause Young (Normal) (G1 Evacuation Pause) 742M->39M(1472M) 3.267ms
[67.151s][info][gc,cpu         ] GC(240) User=0.00s Sys=0.00s Real=0.00s
[67.403s][info][gc,start       ] GC(241) Pause Young (Normal) (G1 Evacuation Pause)
[67.403s][info][gc,task        ] GC(241) Using 33 workers of 33 for evacuation
[67.405s][info][gc,phases      ] GC(241)   Pre Evacuate Collection Set: 0.2ms
[67.405s][info][gc,phases      ] GC(241)   Merge Heap Roots: 0.2ms
[67.405s][info][gc,phases      ] GC(241)   Evacuate Collection Set: 0.9ms
[67.405s][info][gc,phases      ] GC(241)   Post Evacuate Collection Set: 0.5ms
[67.405s][info][gc,phases      ] GC(241)   Other: 0.1ms
[67.405s][info][gc,heap        ] GC(241) Eden regions: 54->0(54)
[67.405s][info][gc,heap        ] GC(241) Survivor regions: 1->1(7)
[67.405s][info][gc,heap        ] GC(241) Old regions: 11->11
[67.405s][info][gc,heap        ] GC(241) Archive regions: 0->0
[67.405s][info][gc,heap        ] GC(241) Humongous regions: 0->0
[67.405s][info][gc,metaspace   ] GC(241) Metaspace: 74279K(75264K)->74279K(75264K) NonClass: 58965K(59264K)->58965K(59264K) Class: 15314K(16000K)->15314K(16000K)
[67.405s][info][gc             ] GC(241) Pause Young (Normal) (G1 Evacuation Pause) 903M->38M(1472M) 2.175ms
[67.405s][info][gc,cpu         ] GC(241) User=0.00s Sys=0.00s Real=0.00s
[67.627s][info][gc,start       ] GC(242) Pause Young (Normal) (G1 Evacuation Pause)
[67.627s][info][gc,task        ] GC(242) Using 33 workers of 33 for evacuation
[67.629s][info][gc,phases      ] GC(242)   Pre Evacuate Collection Set: 0.2ms
[67.629s][info][gc,phases      ] GC(242)   Merge Heap Roots: 0.2ms
[67.629s][info][gc,phases      ] GC(242)   Evacuate Collection Set: 0.9ms
[67.629s][info][gc,phases      ] GC(242)   Post Evacuate Collection Set: 0.5ms
[67.629s][info][gc,phases      ] GC(242)   Other: 0.1ms
[67.629s][info][gc,heap        ] GC(242) Eden regions: 54->0(54)
[67.629s][info][gc,heap        ] GC(242) Survivor regions: 1->1(7)
[67.629s][info][gc,heap        ] GC(242) Old regions: 11->11
[67.629s][info][gc,heap        ] GC(242) Archive regions: 0->0
[67.629s][info][gc,heap        ] GC(242) Humongous regions: 0->0
[67.629s][info][gc,metaspace   ] GC(242) Metaspace: 74279K(75264K)->74279K(75264K) NonClass: 58965K(59264K)->58965K(59264K) Class: 15314K(16000K)->15314K(16000K)
[67.629s][info][gc             ] GC(242) Pause Young (Normal) (G1 Evacuation Pause) 902M->38M(1472M) 2.151ms
[67.629s][info][gc,cpu         ] GC(242) User=0.00s Sys=0.00s Real=0.00s
[67.851s][info][gc,start       ] GC(243) Pause Young (Normal) (G1 Evacuation Pause)
[67.851s][info][gc,task        ] GC(243) Using 33 workers of 33 for evacuation
[67.853s][info][gc,phases      ] GC(243)   Pre Evacuate Collection Set: 0.2ms
[67.853s][info][gc,phases      ] GC(243)   Merge Heap Roots: 0.2ms
[67.853s][info][gc,phases      ] GC(243)   Evacuate Collection Set: 1.0ms
[67.853s][info][gc,phases      ] GC(243)   Post Evacuate Collection Set: 0.5ms
[67.853s][info][gc,phases      ] GC(243)   Other: 0.1ms
[67.853s][info][gc,heap        ] GC(243) Eden regions: 54->0(54)
[67.853s][info][gc,heap        ] GC(243) Survivor regions: 1->1(7)
[67.853s][info][gc,heap        ] GC(243) Old regions: 11->11
[67.853s][info][gc,heap        ] GC(243) Archive regions: 0->0
[67.853s][info][gc,heap        ] GC(243) Humongous regions: 0->0
[67.853s][info][gc,metaspace   ] GC(243) Metaspace: 74279K(75264K)->74279K(75264K) NonClass: 58965K(59264K)->58965K(59264K) Class: 15314K(16000K)->15314K(16000K)
[67.853s][info][gc             ] GC(243) Pause Young (Normal) (G1 Evacuation Pause) 902M->38M(1472M) 2.203ms
[67.853s][info][gc,cpu         ] GC(243) User=0.00s Sys=0.00s Real=0.00s
[68.075s][info][gc,start       ] GC(244) Pause Young (Normal) (G1 Evacuation Pause)
[68.075s][info][gc,task        ] GC(244) Using 33 workers of 33 for evacuation
[68.077s][info][gc,phases      ] GC(244)   Pre Evacuate Collection Set: 0.2ms
[68.077s][info][gc,phases      ] GC(244)   Merge Heap Roots: 0.2ms
[68.077s][info][gc,phases      ] GC(244)   Evacuate Collection Set: 0.9ms
[68.077s][info][gc,phases      ] GC(244)   Post Evacuate Collection Set: 0.5ms
[68.077s][info][gc,phases      ] GC(244)   Other: 0.1ms
[68.077s][info][gc,heap        ] GC(244) Eden regions: 54->0(54)
[68.077s][info][gc,heap        ] GC(244) Survivor regions: 1->1(7)
[68.077s][info][gc,heap        ] GC(244) Old regions: 11->11
[68.077s][info][gc,heap        ] GC(244) Archive regions: 0->0
[68.077s][info][gc,heap        ] GC(244) Humongous regions: 0->0
[68.077s][info][gc,metaspace   ] GC(244) Metaspace: 74279K(75264K)->74279K(75264K) NonClass: 58965K(59264K)->58965K(59264K) Class: 15314K(16000K)->15314K(16000K)
[68.077s][info][gc             ] GC(244) Pause Young (Normal) (G1 Evacuation Pause) 902M->38M(1472M) 2.147ms
[68.077s][info][gc,cpu         ] GC(244) User=0.00s Sys=0.00s Real=0.00s
[68.300s][info][gc,start       ] GC(245) Pause Young (Normal) (G1 Evacuation Pause)
[68.300s][info][gc,task        ] GC(245) Using 33 workers of 33 for evacuation
[68.302s][info][gc,phases      ] GC(245)   Pre Evacuate Collection Set: 0.2ms
[68.302s][info][gc,phases      ] GC(245)   Merge Heap Roots: 0.2ms
[68.302s][info][gc,phases      ] GC(245)   Evacuate Collection Set: 0.9ms
[68.302s][info][gc,phases      ] GC(245)   Post Evacuate Collection Set: 0.5ms
[68.302s][info][gc,phases      ] GC(245)   Other: 0.1ms
[68.302s][info][gc,heap        ] GC(245) Eden regions: 54->0(54)
[68.302s][info][gc,heap        ] GC(245) Survivor regions: 1->1(7)
[68.302s][info][gc,heap        ] GC(245) Old regions: 11->11
[68.302s][info][gc,heap        ] GC(245) Archive regions: 0->0
[68.302s][info][gc,heap        ] GC(245) Humongous regions: 0->0
[68.302s][info][gc,metaspace   ] GC(245) Metaspace: 74279K(75264K)->74279K(75264K) NonClass: 58965K(59264K)->58965K(59264K) Class: 15314K(16000K)->15314K(16000K)
[68.302s][info][gc             ] GC(245) Pause Young (Normal) (G1 Evacuation Pause) 902M->38M(1472M) 2.154ms
[68.302s][info][gc,cpu         ] GC(245) User=0.00s Sys=0.00s Real=0.00s
[68.524s][info][gc,start       ] GC(246) Pause Young (Normal) (G1 Evacuation Pause)
[68.524s][info][gc,task        ] GC(246) Using 33 workers of 33 for evacuation
[68.526s][info][gc,phases      ] GC(246)   Pre Evacuate Collection Set: 0.2ms
[68.526s][info][gc,phases      ] GC(246)   Merge Heap Roots: 0.2ms
[68.526s][info][gc,phases      ] GC(246)   Evacuate Collection Set: 0.8ms
[68.526s][info][gc,phases      ] GC(246)   Post Evacuate Collection Set: 0.5ms
[68.526s][info][gc,phases      ] GC(246)   Other: 0.1ms
[68.526s][info][gc,heap        ] GC(246) Eden regions: 54->0(54)
[68.526s][info][gc,heap        ] GC(246) Survivor regions: 1->1(7)
[68.526s][info][gc,heap        ] GC(246) Old regions: 11->11
[68.526s][info][gc,heap        ] GC(246) Archive regions: 0->0
[68.526s][info][gc,heap        ] GC(246) Humongous regions: 0->0
[68.526s][info][gc,metaspace   ] GC(246) Metaspace: 74279K(75264K)->74279K(75264K) NonClass: 58965K(59264K)->58965K(59264K) Class: 15314K(16000K)->15314K(16000K)
[68.526s][info][gc             ] GC(246) Pause Young (Normal) (G1 Evacuation Pause) 902M->38M(1472M) 2.073ms
[68.526s][info][gc,cpu         ] GC(246) User=0.00s Sys=0.00s Real=0.00s
[68.748s][info][gc,start       ] GC(247) Pause Young (Normal) (G1 Evacuation Pause)
[68.748s][info][gc,task        ] GC(247) Using 33 workers of 33 for evacuation
[68.750s][info][gc,phases      ] GC(247)   Pre Evacuate Collection Set: 0.2ms
[68.750s][info][gc,phases      ] GC(247)   Merge Heap Roots: 0.2ms
[68.750s][info][gc,phases      ] GC(247)   Evacuate Collection Set: 0.9ms
[68.750s][info][gc,phases      ] GC(247)   Post Evacuate Collection Set: 0.5ms
[68.750s][info][gc,phases      ] GC(247)   Other: 0.1ms
[68.750s][info][gc,heap        ] GC(247) Eden regions: 54->0(54)
[68.750s][info][gc,heap        ] GC(247) Survivor regions: 1->1(7)
[68.750s][info][gc,heap        ] GC(247) Old regions: 11->11
[68.750s][info][gc,heap        ] GC(247) Archive regions: 0->0
[68.750s][info][gc,heap        ] GC(247) Humongous regions: 0->0
[68.750s][info][gc,metaspace   ] GC(247) Metaspace: 74279K(75264K)->74279K(75264K) NonClass: 58965K(59264K)->58965K(59264K) Class: 15314K(16000K)->15314K(16000K)
[68.750s][info][gc             ] GC(247) Pause Young (Normal) (G1 Evacuation Pause) 902M->39M(1472M) 2.155ms
[68.750s][info][gc,cpu         ] GC(247) User=0.00s Sys=0.00s Real=0.00s
[68.971s][info][gc,start       ] GC(248) Pause Young (Normal) (G1 Evacuation Pause)
[68.972s][info][gc,task        ] GC(248) Using 33 workers of 33 for evacuation
[68.973s][info][gc,phases      ] GC(248)   Pre Evacuate Collection Set: 0.2ms
[68.973s][info][gc,phases      ] GC(248)   Merge Heap Roots: 0.2ms
[68.973s][info][gc,phases      ] GC(248)   Evacuate Collection Set: 0.9ms
[68.973s][info][gc,phases      ] GC(248)   Post Evacuate Collection Set: 0.5ms
[68.974s][info][gc,phases      ] GC(248)   Other: 0.1ms
[68.974s][info][gc,heap        ] GC(248) Eden regions: 54->0(54)
[68.974s][info][gc,heap        ] GC(248) Survivor regions: 1->1(7)
[68.974s][info][gc,heap        ] GC(248) Old regions: 11->11
[68.974s][info][gc,heap        ] GC(248) Archive regions: 0->0
[68.974s][info][gc,heap        ] GC(248) Humongous regions: 0->0
[68.974s][info][gc,metaspace   ] GC(248) Metaspace: 74279K(75264K)->74279K(75264K) NonClass: 58965K(59264K)->58965K(59264K) Class: 15314K(16000K)->15314K(16000K)
[68.974s][info][gc             ] GC(248) Pause Young (Normal) (G1 Evacuation Pause) 903M->39M(1472M) 2.164ms
[68.974s][info][gc,cpu         ] GC(248) User=0.00s Sys=0.00s Real=0.00s
[69.195s][info][gc,start       ] GC(249) Pause Young (Normal) (G1 Evacuation Pause)
[69.195s][info][gc,task        ] GC(249) Using 33 workers of 33 for evacuation
[69.197s][info][gc,phases      ] GC(249)   Pre Evacuate Collection Set: 0.2ms
[69.197s][info][gc,phases      ] GC(249)   Merge Heap Roots: 0.2ms
[69.197s][info][gc,phases      ] GC(249)   Evacuate Collection Set: 0.9ms
[69.197s][info][gc,phases      ] GC(249)   Post Evacuate Collection Set: 0.5ms
[69.197s][info][gc,phases      ] GC(249)   Other: 0.1ms
[69.197s][info][gc,heap        ] GC(249) Eden regions: 54->0(54)
[69.197s][info][gc,heap        ] GC(249) Survivor regions: 1->1(7)
[69.197s][info][gc,heap        ] GC(249) Old regions: 11->11
[69.197s][info][gc,heap        ] GC(249) Archive regions: 0->0
[69.197s][info][gc,heap        ] GC(249) Humongous regions: 0->0
[69.197s][info][gc,metaspace   ] GC(249) Metaspace: 74279K(75264K)->74279K(75264K) NonClass: 58965K(59264K)->58965K(59264K) Class: 15314K(16000K)->15314K(16000K)
[69.197s][info][gc             ] GC(249) Pause Young (Normal) (G1 Evacuation Pause) 903M->39M(1472M) 2.141ms
[69.197s][info][gc,cpu         ] GC(249) User=0.00s Sys=0.00s Real=0.00s
[69.419s][info][gc,start       ] GC(250) Pause Young (Normal) (G1 Evacuation Pause)
[69.419s][info][gc,task        ] GC(250) Using 33 workers of 33 for evacuation
[69.421s][info][gc,phases      ] GC(250)   Pre Evacuate Collection Set: 0.2ms
[69.421s][info][gc,phases      ] GC(250)   Merge Heap Roots: 0.2ms
[69.421s][info][gc,phases      ] GC(250)   Evacuate Collection Set: 0.9ms
[69.421s][info][gc,phases      ] GC(250)   Post Evacuate Collection Set: 0.5ms
[69.421s][info][gc,phases      ] GC(250)   Other: 0.1ms
[69.421s][info][gc,heap        ] GC(250) Eden regions: 54->0(54)
[69.421s][info][gc,heap        ] GC(250) Survivor regions: 1->1(7)
[69.421s][info][gc,heap        ] GC(250) Old regions: 11->11
[69.421s][info][gc,heap        ] GC(250) Archive regions: 0->0
[69.421s][info][gc,heap        ] GC(250) Humongous regions: 0->0
[69.421s][info][gc,metaspace   ] GC(250) Metaspace: 74279K(75264K)->74279K(75264K) NonClass: 58965K(59264K)->58965K(59264K) Class: 15314K(16000K)->15314K(16000K)
[69.421s][info][gc             ] GC(250) Pause Young (Normal) (G1 Evacuation Pause) 903M->39M(1472M) 2.176ms
[69.421s][info][gc,cpu         ] GC(250) User=0.00s Sys=0.00s Real=0.00s
[69.644s][info][gc,start       ] GC(251) Pause Young (Normal) (G1 Evacuation Pause)
[69.644s][info][gc,task        ] GC(251) Using 33 workers of 33 for evacuation
[69.646s][info][gc,phases      ] GC(251)   Pre Evacuate Collection Set: 0.2ms
[69.646s][info][gc,phases      ] GC(251)   Merge Heap Roots: 0.2ms
[69.646s][info][gc,phases      ] GC(251)   Evacuate Collection Set: 0.8ms
[69.646s][info][gc,phases      ] GC(251)   Post Evacuate Collection Set: 0.6ms
[69.646s][info][gc,phases      ] GC(251)   Other: 0.1ms
[69.646s][info][gc,heap        ] GC(251) Eden regions: 54->0(54)
[69.646s][info][gc,heap        ] GC(251) Survivor regions: 1->1(7)
[69.646s][info][gc,heap        ] GC(251) Old regions: 11->11
[69.646s][info][gc,heap        ] GC(251) Archive regions: 0->0
[69.646s][info][gc,heap        ] GC(251) Humongous regions: 0->0
[69.646s][info][gc,metaspace   ] GC(251) Metaspace: 74279K(75264K)->74279K(75264K) NonClass: 58965K(59264K)->58965K(59264K) Class: 15314K(16000K)->15314K(16000K)
[69.646s][info][gc             ] GC(251) Pause Young (Normal) (G1 Evacuation Pause) 903M->39M(1472M) 2.134ms
[69.646s][info][gc,cpu         ] GC(251) User=0.00s Sys=0.00s Real=0.00s
[69.871s][info][gc,start       ] GC(252) Pause Young (Normal) (G1 Evacuation Pause)
[69.871s][info][gc,task        ] GC(252) Using 33 workers of 33 for evacuation
[69.873s][info][gc,phases      ] GC(252)   Pre Evacuate Collection Set: 0.2ms
[69.873s][info][gc,phases      ] GC(252)   Merge Heap Roots: 0.2ms
[69.873s][info][gc,phases      ] GC(252)   Evacuate Collection Set: 0.9ms
[69.873s][info][gc,phases      ] GC(252)   Post Evacuate Collection Set: 0.6ms
[69.873s][info][gc,phases      ] GC(252)   Other: 0.1ms
[69.873s][info][gc,heap        ] GC(252) Eden regions: 54->0(54)
[69.873s][info][gc,heap        ] GC(252) Survivor regions: 1->1(7)
[69.873s][info][gc,heap        ] GC(252) Old regions: 11->11
[69.873s][info][gc,heap        ] GC(252) Archive regions: 0->0
[69.873s][info][gc,heap        ] GC(252) Humongous regions: 0->0
[69.873s][info][gc,metaspace   ] GC(252) Metaspace: 74283K(75264K)->74283K(75264K) NonClass: 58969K(59264K)->58969K(59264K) Class: 15314K(16000K)->15314K(16000K)
[69.873s][info][gc             ] GC(252) Pause Young (Normal) (G1 Evacuation Pause) 903M->39M(1472M) 2.184ms
[69.873s][info][gc,cpu         ] GC(252) User=0.00s Sys=0.00s Real=0.00s
[70.104s][info][gc,start       ] GC(253) Pause Young (Normal) (G1 Evacuation Pause)
[70.105s][info][gc,task        ] GC(253) Using 33 workers of 33 for evacuation
[70.106s][info][gc,phases      ] GC(253)   Pre Evacuate Collection Set: 0.2ms
[70.106s][info][gc,phases      ] GC(253)   Merge Heap Roots: 0.2ms
[70.106s][info][gc,phases      ] GC(253)   Evacuate Collection Set: 0.9ms
[70.106s][info][gc,phases      ] GC(253)   Post Evacuate Collection Set: 0.6ms
[70.106s][info][gc,phases      ] GC(253)   Other: 0.1ms
[70.106s][info][gc,heap        ] GC(253) Eden regions: 54->0(54)
[70.107s][info][gc,heap        ] GC(253) Survivor regions: 1->1(7)
[70.107s][info][gc,heap        ] GC(253) Old regions: 11->11
[70.107s][info][gc,heap        ] GC(253) Archive regions: 0->0
[70.107s][info][gc,heap        ] GC(253) Humongous regions: 0->0
[70.107s][info][gc,metaspace   ] GC(253) Metaspace: 74283K(75264K)->74283K(75264K) NonClass: 58969K(59264K)->58969K(59264K) Class: 15314K(16000K)->15314K(16000K)
[70.107s][info][gc             ] GC(253) Pause Young (Normal) (G1 Evacuation Pause) 903M->39M(1472M) 2.122ms
[70.107s][info][gc,cpu         ] GC(253) User=0.00s Sys=0.00s Real=0.00s
[70.376s][info][gc,start       ] GC(254) Pause Young (Normal) (G1 Evacuation Pause)
[70.376s][info][gc,task        ] GC(254) Using 33 workers of 33 for evacuation
[70.377s][info][gc,phases      ] GC(254)   Pre Evacuate Collection Set: 0.2ms
[70.377s][info][gc,phases      ] GC(254)   Merge Heap Roots: 0.2ms
[70.377s][info][gc,phases      ] GC(254)   Evacuate Collection Set: 0.8ms
[70.378s][info][gc,phases      ] GC(254)   Post Evacuate Collection Set: 0.5ms
[70.378s][info][gc,phases      ] GC(254)   Other: 0.1ms
[70.378s][info][gc,heap        ] GC(254) Eden regions: 54->0(54)
[70.378s][info][gc,heap        ] GC(254) Survivor regions: 1->1(7)
[70.378s][info][gc,heap        ] GC(254) Old regions: 11->11
[70.378s][info][gc,heap        ] GC(254) Archive regions: 0->0
[70.378s][info][gc,heap        ] GC(254) Humongous regions: 0->0
[70.378s][info][gc,metaspace   ] GC(254) Metaspace: 74283K(75264K)->74283K(75264K) NonClass: 58969K(59264K)->58969K(59264K) Class: 15314K(16000K)->15314K(16000K)
[70.378s][info][gc             ] GC(254) Pause Young (Normal) (G1 Evacuation Pause) 903M->39M(1472M) 2.014ms
[70.378s][info][gc,cpu         ] GC(254) User=0.00s Sys=0.00s Real=0.00s
[70.774s][info][gc,start       ] GC(255) Pause Young (Normal) (G1 Evacuation Pause)
[70.774s][info][gc,task        ] GC(255) Using 33 workers of 33 for evacuation
[70.776s][info][gc,phases      ] GC(255)   Pre Evacuate Collection Set: 0.2ms
[70.776s][info][gc,phases      ] GC(255)   Merge Heap Roots: 0.2ms
[70.776s][info][gc,phases      ] GC(255)   Evacuate Collection Set: 0.8ms
[70.776s][info][gc,phases      ] GC(255)   Post Evacuate Collection Set: 0.5ms
[70.776s][info][gc,phases      ] GC(255)   Other: 0.1ms
[70.776s][info][gc,heap        ] GC(255) Eden regions: 54->0(54)
[70.776s][info][gc,heap        ] GC(255) Survivor regions: 1->1(7)
[70.776s][info][gc,heap        ] GC(255) Old regions: 11->11
[70.776s][info][gc,heap        ] GC(255) Archive regions: 0->0
[70.776s][info][gc,heap        ] GC(255) Humongous regions: 0->0
[70.776s][info][gc,metaspace   ] GC(255) Metaspace: 74283K(75264K)->74283K(75264K) NonClass: 58969K(59264K)->58969K(59264K) Class: 15314K(16000K)->15314K(16000K)
[70.776s][info][gc             ] GC(255) Pause Young (Normal) (G1 Evacuation Pause) 903M->39M(1472M) 2.015ms
[70.776s][info][gc,cpu         ] GC(255) User=0.00s Sys=0.00s Real=0.00s
[71.400s][info][gc,start       ] GC(256) Pause Young (Normal) (G1 Evacuation Pause)
[71.400s][info][gc,task        ] GC(256) Using 33 workers of 33 for evacuation
[71.402s][info][gc,phases      ] GC(256)   Pre Evacuate Collection Set: 0.1ms
[71.402s][info][gc,phases      ] GC(256)   Merge Heap Roots: 0.2ms
[71.402s][info][gc,phases      ] GC(256)   Evacuate Collection Set: 0.8ms
[71.402s][info][gc,phases      ] GC(256)   Post Evacuate Collection Set: 0.5ms
[71.402s][info][gc,phases      ] GC(256)   Other: 0.1ms
[71.402s][info][gc,heap        ] GC(256) Eden regions: 54->0(54)
[71.402s][info][gc,heap        ] GC(256) Survivor regions: 1->1(7)
[71.402s][info][gc,heap        ] GC(256) Old regions: 11->11
[71.402s][info][gc,heap        ] GC(256) Archive regions: 0->0
[71.402s][info][gc,heap        ] GC(256) Humongous regions: 0->0
[71.402s][info][gc,metaspace   ] GC(256) Metaspace: 74283K(75264K)->74283K(75264K) NonClass: 58969K(59264K)->58969K(59264K) Class: 15314K(16000K)->15314K(16000K)
[71.402s][info][gc             ] GC(256) Pause Young (Normal) (G1 Evacuation Pause) 903M->39M(1472M) 1.975ms
[71.402s][info][gc,cpu         ] GC(256) User=0.00s Sys=0.00s Real=0.00s
[72.039s][info][gc,start       ] GC(257) Pause Young (Normal) (G1 Evacuation Pause)
[72.039s][info][gc,task        ] GC(257) Using 33 workers of 33 for evacuation
[72.041s][info][gc,phases      ] GC(257)   Pre Evacuate Collection Set: 0.1ms
[72.041s][info][gc,phases      ] GC(257)   Merge Heap Roots: 0.1ms
[72.041s][info][gc,phases      ] GC(257)   Evacuate Collection Set: 0.8ms
[72.041s][info][gc,phases      ] GC(257)   Post Evacuate Collection Set: 0.5ms
[72.041s][info][gc,phases      ] GC(257)   Other: 0.1ms
[72.041s][info][gc,heap        ] GC(257) Eden regions: 54->0(54)
[72.041s][info][gc,heap        ] GC(257) Survivor regions: 1->1(7)
[72.041s][info][gc,heap        ] GC(257) Old regions: 11->11
[72.041s][info][gc,heap        ] GC(257) Archive regions: 0->0
[72.041s][info][gc,heap        ] GC(257) Humongous regions: 0->0
[72.041s][info][gc,metaspace   ] GC(257) Metaspace: 74283K(75264K)->74283K(75264K) NonClass: 58969K(59264K)->58969K(59264K) Class: 15314K(16000K)->15314K(16000K)
[72.041s][info][gc             ] GC(257) Pause Young (Normal) (G1 Evacuation Pause) 903M->39M(1472M) 1.933ms
[72.041s][info][gc,cpu         ] GC(257) User=0.00s Sys=0.00s Real=0.00s
[72.203s][info][gc,start       ] GC(258) Pause Full (System.gc())
[72.203s][info][gc,task        ] GC(258) Using 8 workers of 33 for full compaction
[72.203s][info][gc,phases,start] GC(258) Phase 1: Mark live objects
[72.228s][info][gc,phases      ] GC(258) Phase 1: Mark live objects 24.476ms
[72.228s][info][gc,phases,start] GC(258) Phase 2: Prepare compaction
[72.234s][info][gc,phases      ] GC(258) Phase 2: Prepare compaction 5.808ms
[72.234s][info][gc,phases,start] GC(258) Phase 3: Adjust pointers
[72.248s][info][gc,phases      ] GC(258) Phase 3: Adjust pointers 14.165ms
[72.248s][info][gc,phases,start] GC(258) Phase 4: Compact heap
[72.256s][info][gc,phases      ] GC(258) Phase 4: Compact heap 8.408ms
[72.276s][info][gc,heap        ] GC(258) Eden regions: 10->0(18)
[72.276s][info][gc,heap        ] GC(258) Survivor regions: 1->0(7)
[72.276s][info][gc,heap        ] GC(258) Old regions: 11->9
[72.276s][info][gc,heap        ] GC(258) Archive regions: 0->0
[72.276s][info][gc,heap        ] GC(258) Humongous regions: 0->0
[72.276s][info][gc,metaspace   ] GC(258) Metaspace: 74319K(75328K)->74319K(75328K) NonClass: 59004K(59328K)->59004K(59328K) Class: 15314K(16000K)->15314K(16000K)
[72.276s][info][gc             ] GC(258) Pause Full (System.gc()) 193M->35M(480M) 73.335ms
[72.276s][info][gc,cpu         ] GC(258) User=0.20s Sys=0.00s Real=0.06s
[72.385s][info][gc,start       ] GC(259) Pause Young (Normal) (G1 Evacuation Pause)
[72.385s][info][gc,task        ] GC(259) Using 33 workers of 33 for evacuation
[72.388s][info][gc,phases      ] GC(259)   Pre Evacuate Collection Set: 0.2ms
[72.388s][info][gc,phases      ] GC(259)   Merge Heap Roots: 0.2ms
[72.388s][info][gc,phases      ] GC(259)   Evacuate Collection Set: 1.3ms
[72.388s][info][gc,phases      ] GC(259)   Post Evacuate Collection Set: 0.6ms
[72.388s][info][gc,phases      ] GC(259)   Other: 0.1ms
[72.388s][info][gc,heap        ] GC(259) Eden regions: 18->0(17)
[72.388s][info][gc,heap        ] GC(259) Survivor regions: 0->1(3)
[72.388s][info][gc,heap        ] GC(259) Old regions: 9->9
[72.388s][info][gc,heap        ] GC(259) Archive regions: 0->0
[72.388s][info][gc,heap        ] GC(259) Humongous regions: 0->0
[72.388s][info][gc,metaspace   ] GC(259) Metaspace: 74434K(75392K)->74434K(75392K) NonClass: 59120K(59392K)->59120K(59392K) Class: 15314K(16000K)->15314K(16000K)
[72.388s][info][gc             ] GC(259) Pause Young (Normal) (G1 Evacuation Pause) 323M->38M(480M) 2.573ms
[72.388s][info][gc,cpu         ] GC(259) User=0.00s Sys=0.00s Real=0.00s
[72.460s][info][gc,start       ] GC(260) Pause Young (Normal) (G1 Evacuation Pause)
[72.460s][info][gc,task        ] GC(260) Using 33 workers of 33 for evacuation
[72.462s][info][gc,phases      ] GC(260)   Pre Evacuate Collection Set: 0.2ms
[72.462s][info][gc,phases      ] GC(260)   Merge Heap Roots: 0.2ms
[72.462s][info][gc,phases      ] GC(260)   Evacuate Collection Set: 1.2ms
[72.462s][info][gc,phases      ] GC(260)   Post Evacuate Collection Set: 0.5ms
[72.462s][info][gc,phases      ] GC(260)   Other: 0.1ms
[72.462s][info][gc,heap        ] GC(260) Eden regions: 17->0(17)
[72.462s][info][gc,heap        ] GC(260) Survivor regions: 1->1(3)
[72.462s][info][gc,heap        ] GC(260) Old regions: 9->9
[72.462s][info][gc,heap        ] GC(260) Archive regions: 0->0
[72.462s][info][gc,heap        ] GC(260) Humongous regions: 0->0
[72.462s][info][gc,metaspace   ] GC(260) Metaspace: 74434K(75392K)->74434K(75392K) NonClass: 59120K(59392K)->59120K(59392K) Class: 15314K(16000K)->15314K(16000K)
[72.462s][info][gc             ] GC(260) Pause Young (Normal) (G1 Evacuation Pause) 310M->38M(480M) 2.477ms
[72.462s][info][gc,cpu         ] GC(260) User=0.00s Sys=0.00s Real=0.00s
[72.534s][info][gc,start       ] GC(261) Pause Young (Normal) (G1 Evacuation Pause)
[72.534s][info][gc,task        ] GC(261) Using 33 workers of 33 for evacuation
[72.536s][info][gc,phases      ] GC(261)   Pre Evacuate Collection Set: 0.2ms
[72.536s][info][gc,phases      ] GC(261)   Merge Heap Roots: 0.2ms
[72.536s][info][gc,phases      ] GC(261)   Evacuate Collection Set: 1.2ms
[72.536s][info][gc,phases      ] GC(261)   Post Evacuate Collection Set: 0.5ms
[72.536s][info][gc,phases      ] GC(261)   Other: 0.1ms
[72.536s][info][gc,heap        ] GC(261) Eden regions: 17->0(17)
[72.536s][info][gc,heap        ] GC(261) Survivor regions: 1->1(3)
[72.536s][info][gc,heap        ] GC(261) Old regions: 9->9
[72.536s][info][gc,heap        ] GC(261) Archive regions: 0->0
[72.536s][info][gc,heap        ] GC(261) Humongous regions: 0->0
[72.536s][info][gc,metaspace   ] GC(261) Metaspace: 74434K(75392K)->74434K(75392K) NonClass: 59120K(59392K)->59120K(59392K) Class: 15314K(16000K)->15314K(16000K)
[72.536s][info][gc             ] GC(261) Pause Young (Normal) (G1 Evacuation Pause) 310M->38M(480M) 2.371ms
[72.536s][info][gc,cpu         ] GC(261) User=0.00s Sys=0.00s Real=0.00s
[72.621s][info][gc,start       ] GC(262) Pause Young (Normal) (G1 Evacuation Pause)
[72.621s][info][gc,task        ] GC(262) Using 33 workers of 33 for evacuation
[72.626s][info][gc,phases      ] GC(262)   Pre Evacuate Collection Set: 0.2ms
[72.626s][info][gc,phases      ] GC(262)   Merge Heap Roots: 0.2ms
[72.626s][info][gc,phases      ] GC(262)   Evacuate Collection Set: 1.4ms
[72.626s][info][gc,phases      ] GC(262)   Post Evacuate Collection Set: 3.4ms
[72.626s][info][gc,phases      ] GC(262)   Other: 0.1ms
[72.626s][info][gc,heap        ] GC(262) Eden regions: 17->0(46)
[72.626s][info][gc,heap        ] GC(262) Survivor regions: 1->1(3)
[72.626s][info][gc,heap        ] GC(262) Old regions: 9->9
[72.626s][info][gc,heap        ] GC(262) Archive regions: 0->0
[72.626s][info][gc,heap        ] GC(262) Humongous regions: 0->0
[72.627s][info][gc,metaspace   ] GC(262) Metaspace: 74434K(75392K)->74434K(75392K) NonClass: 59120K(59392K)->59120K(59392K) Class: 15314K(16000K)->15314K(16000K)
[72.627s][info][gc             ] GC(262) Pause Young (Normal) (G1 Evacuation Pause) 310M->38M(1264M) 5.635ms
[72.627s][info][gc,cpu         ] GC(262) User=0.52s Sys=0.00s Real=0.02s
[72.969s][info][gc,start       ] GC(263) Pause Young (Normal) (G1 Evacuation Pause)
[72.969s][info][gc,task        ] GC(263) Using 33 workers of 33 for evacuation
[72.974s][info][gc,phases      ] GC(263)   Pre Evacuate Collection Set: 0.2ms
[72.974s][info][gc,phases      ] GC(263)   Merge Heap Roots: 0.2ms
[72.974s][info][gc,phases      ] GC(263)   Evacuate Collection Set: 3.1ms
[72.974s][info][gc,phases      ] GC(263)   Post Evacuate Collection Set: 0.7ms
[72.974s][info][gc,phases      ] GC(263)   Other: 0.1ms
[72.974s][info][gc,heap        ] GC(263) Eden regions: 46->0(46)
[72.974s][info][gc,heap        ] GC(263) Survivor regions: 1->1(6)
[72.974s][info][gc,heap        ] GC(263) Old regions: 9->9
[72.974s][info][gc,heap        ] GC(263) Archive regions: 0->0
[72.974s][info][gc,heap        ] GC(263) Humongous regions: 0->0
[72.974s][info][gc,metaspace   ] GC(263) Metaspace: 74434K(75392K)->74434K(75392K) NonClass: 59120K(59392K)->59120K(59392K) Class: 15314K(16000K)->15314K(16000K)
[72.974s][info][gc             ] GC(263) Pause Young (Normal) (G1 Evacuation Pause) 774M->39M(1264M) 4.497ms
[72.974s][info][gc,cpu         ] GC(263) User=0.00s Sys=0.00s Real=0.00s
[73.162s][info][gc,start       ] GC(264) Pause Young (Normal) (G1 Evacuation Pause)
[73.163s][info][gc,task        ] GC(264) Using 33 workers of 33 for evacuation
[73.167s][info][gc,phases      ] GC(264)   Pre Evacuate Collection Set: 0.2ms
[73.167s][info][gc,phases      ] GC(264)   Merge Heap Roots: 0.2ms
[73.167s][info][gc,phases      ] GC(264)   Evacuate Collection Set: 2.9ms
[73.167s][info][gc,phases      ] GC(264)   Post Evacuate Collection Set: 0.7ms
[73.167s][info][gc,phases      ] GC(264)   Other: 0.1ms
[73.167s][info][gc,heap        ] GC(264) Eden regions: 46->0(46)
[73.167s][info][gc,heap        ] GC(264) Survivor regions: 1->1(6)
[73.167s][info][gc,heap        ] GC(264) Old regions: 9->9
[73.167s][info][gc,heap        ] GC(264) Archive regions: 0->0
[73.167s][info][gc,heap        ] GC(264) Humongous regions: 0->0
[73.167s][info][gc,metaspace   ] GC(264) Metaspace: 74434K(75392K)->74434K(75392K) NonClass: 59120K(59392K)->59120K(59392K) Class: 15314K(16000K)->15314K(16000K)
[73.167s][info][gc             ] GC(264) Pause Young (Normal) (G1 Evacuation Pause) 775M->38M(1264M) 4.264ms
[73.167s][info][gc,cpu         ] GC(264) User=0.00s Sys=0.00s Real=0.00s
[73.355s][info][gc,start       ] GC(265) Pause Young (Normal) (G1 Evacuation Pause)
[73.355s][info][gc,task        ] GC(265) Using 33 workers of 33 for evacuation
[73.358s][info][gc,phases      ] GC(265)   Pre Evacuate Collection Set: 0.2ms
[73.358s][info][gc,phases      ] GC(265)   Merge Heap Roots: 0.2ms
[73.358s][info][gc,phases      ] GC(265)   Evacuate Collection Set: 1.1ms
[73.358s][info][gc,phases      ] GC(265)   Post Evacuate Collection Set: 0.7ms
[73.358s][info][gc,phases      ] GC(265)   Other: 0.1ms
[73.358s][info][gc,heap        ] GC(265) Eden regions: 46->0(46)
[73.358s][info][gc,heap        ] GC(265) Survivor regions: 1->1(6)
[73.358s][info][gc,heap        ] GC(265) Old regions: 9->9
[73.358s][info][gc,heap        ] GC(265) Archive regions: 0->0
[73.358s][info][gc,heap        ] GC(265) Humongous regions: 0->0
[73.358s][info][gc,metaspace   ] GC(265) Metaspace: 74434K(75392K)->74434K(75392K) NonClass: 59120K(59392K)->59120K(59392K) Class: 15314K(16000K)->15314K(16000K)
[73.358s][info][gc             ] GC(265) Pause Young (Normal) (G1 Evacuation Pause) 774M->38M(1264M) 2.557ms
[73.358s][info][gc,cpu         ] GC(265) User=0.00s Sys=0.00s Real=0.00s
[73.547s][info][gc,start       ] GC(266) Pause Young (Normal) (G1 Evacuation Pause)
[73.547s][info][gc,task        ] GC(266) Using 33 workers of 33 for evacuation
[73.550s][info][gc,phases      ] GC(266)   Pre Evacuate Collection Set: 0.2ms
[73.550s][info][gc,phases      ] GC(266)   Merge Heap Roots: 0.2ms
[73.550s][info][gc,phases      ] GC(266)   Evacuate Collection Set: 1.3ms
[73.550s][info][gc,phases      ] GC(266)   Post Evacuate Collection Set: 1.5ms
[73.550s][info][gc,phases      ] GC(266)   Other: 0.1ms
[73.550s][info][gc,heap        ] GC(266) Eden regions: 46->0(56)
[73.550s][info][gc,heap        ] GC(266) Survivor regions: 1->1(6)
[73.550s][info][gc,heap        ] GC(266) Old regions: 9->9
[73.550s][info][gc,heap        ] GC(266) Archive regions: 0->0
[73.550s][info][gc,heap        ] GC(266) Humongous regions: 0->0
[73.550s][info][gc,metaspace   ] GC(266) Metaspace: 74434K(75392K)->74434K(75392K) NonClass: 59120K(59392K)->59120K(59392K) Class: 15314K(16000K)->15314K(16000K)
[73.550s][info][gc             ] GC(266) Pause Young (Normal) (G1 Evacuation Pause) 774M->38M(1520M) 3.503ms
[73.550s][info][gc,cpu         ] GC(266) User=0.00s Sys=0.00s Real=0.00s
[73.812s][info][gc,start       ] GC(267) Pause Young (Normal) (G1 Evacuation Pause)
[73.812s][info][gc,task        ] GC(267) Using 33 workers of 33 for evacuation
[73.815s][info][gc,phases      ] GC(267)   Pre Evacuate Collection Set: 0.2ms
[73.815s][info][gc,phases      ] GC(267)   Merge Heap Roots: 0.2ms
[73.815s][info][gc,phases      ] GC(267)   Evacuate Collection Set: 1.3ms
[73.815s][info][gc,phases      ] GC(267)   Post Evacuate Collection Set: 0.7ms
[73.815s][info][gc,phases      ] GC(267)   Other: 0.1ms
[73.815s][info][gc,heap        ] GC(267) Eden regions: 56->0(56)
[73.815s][info][gc,heap        ] GC(267) Survivor regions: 1->1(8)
[73.815s][info][gc,heap        ] GC(267) Old regions: 9->9
[73.815s][info][gc,heap        ] GC(267) Archive regions: 0->0
[73.815s][info][gc,heap        ] GC(267) Humongous regions: 0->0
[73.815s][info][gc,metaspace   ] GC(267) Metaspace: 74434K(75392K)->74434K(75392K) NonClass: 59120K(59392K)->59120K(59392K) Class: 15314K(16000K)->15314K(16000K)
[73.815s][info][gc             ] GC(267) Pause Young (Normal) (G1 Evacuation Pause) 934M->38M(1520M) 2.657ms
[73.815s][info][gc,cpu         ] GC(267) User=0.00s Sys=0.00s Real=0.00s
[74.045s][info][gc,start       ] GC(268) Pause Young (Normal) (G1 Evacuation Pause)
[74.045s][info][gc,task        ] GC(268) Using 33 workers of 33 for evacuation
[74.047s][info][gc,phases      ] GC(268)   Pre Evacuate Collection Set: 0.2ms
[74.047s][info][gc,phases      ] GC(268)   Merge Heap Roots: 0.2ms
[74.047s][info][gc,phases      ] GC(268)   Evacuate Collection Set: 1.2ms
[74.047s][info][gc,phases      ] GC(268)   Post Evacuate Collection Set: 0.7ms
[74.047s][info][gc,phases      ] GC(268)   Other: 0.1ms
[74.047s][info][gc,heap        ] GC(268) Eden regions: 56->0(56)
[74.047s][info][gc,heap        ] GC(268) Survivor regions: 1->1(8)
[74.047s][info][gc,heap        ] GC(268) Old regions: 9->9
[74.047s][info][gc,heap        ] GC(268) Archive regions: 0->0
[74.047s][info][gc,heap        ] GC(268) Humongous regions: 0->0
[74.047s][info][gc,metaspace   ] GC(268) Metaspace: 74434K(75392K)->74434K(75392K) NonClass: 59120K(59392K)->59120K(59392K) Class: 15314K(16000K)->15314K(16000K)
[74.047s][info][gc             ] GC(268) Pause Young (Normal) (G1 Evacuation Pause) 934M->38M(1520M) 2.599ms
[74.047s][info][gc,cpu         ] GC(268) User=0.00s Sys=0.00s Real=0.00s
[74.277s][info][gc,start       ] GC(269) Pause Young (Normal) (G1 Evacuation Pause)
[74.277s][info][gc,task        ] GC(269) Using 33 workers of 33 for evacuation
[74.279s][info][gc,phases      ] GC(269)   Pre Evacuate Collection Set: 0.2ms
[74.279s][info][gc,phases      ] GC(269)   Merge Heap Roots: 0.2ms
[74.279s][info][gc,phases      ] GC(269)   Evacuate Collection Set: 1.2ms
[74.279s][info][gc,phases      ] GC(269)   Post Evacuate Collection Set: 0.7ms
[74.279s][info][gc,phases      ] GC(269)   Other: 0.1ms
[74.279s][info][gc,heap        ] GC(269) Eden regions: 56->0(56)
[74.279s][info][gc,heap        ] GC(269) Survivor regions: 1->1(8)
[74.279s][info][gc,heap        ] GC(269) Old regions: 9->9
[74.279s][info][gc,heap        ] GC(269) Archive regions: 0->0
[74.279s][info][gc,heap        ] GC(269) Humongous regions: 0->0
[74.279s][info][gc,metaspace   ] GC(269) Metaspace: 74434K(75392K)->74434K(75392K) NonClass: 59120K(59392K)->59120K(59392K) Class: 15314K(16000K)->15314K(16000K)
[74.279s][info][gc             ] GC(269) Pause Young (Normal) (G1 Evacuation Pause) 934M->38M(1520M) 2.672ms
[74.279s][info][gc,cpu         ] GC(269) User=0.00s Sys=0.00s Real=0.00s
[74.509s][info][gc,start       ] GC(270) Pause Young (Normal) (G1 Evacuation Pause)
[74.509s][info][gc,task        ] GC(270) Using 33 workers of 33 for evacuation
[74.512s][info][gc,phases      ] GC(270)   Pre Evacuate Collection Set: 0.2ms
[74.512s][info][gc,phases      ] GC(270)   Merge Heap Roots: 0.2ms
[74.512s][info][gc,phases      ] GC(270)   Evacuate Collection Set: 1.2ms
[74.512s][info][gc,phases      ] GC(270)   Post Evacuate Collection Set: 0.6ms
[74.512s][info][gc,phases      ] GC(270)   Other: 0.1ms
[74.512s][info][gc,heap        ] GC(270) Eden regions: 56->0(56)
[74.512s][info][gc,heap        ] GC(270) Survivor regions: 1->1(8)
[74.512s][info][gc,heap        ] GC(270) Old regions: 9->9
[74.512s][info][gc,heap        ] GC(270) Archive regions: 0->0
[74.512s][info][gc,heap        ] GC(270) Humongous regions: 0->0
[74.512s][info][gc,metaspace   ] GC(270) Metaspace: 74434K(75392K)->74434K(75392K) NonClass: 59120K(59392K)->59120K(59392K) Class: 15314K(16000K)->15314K(16000K)
[74.512s][info][gc             ] GC(270) Pause Young (Normal) (G1 Evacuation Pause) 934M->38M(1520M) 2.599ms
[74.512s][info][gc,cpu         ] GC(270) User=0.00s Sys=0.00s Real=0.00s
[74.746s][info][gc,start       ] GC(271) Pause Young (Normal) (G1 Evacuation Pause)
[74.746s][info][gc,task        ] GC(271) Using 33 workers of 33 for evacuation
[74.748s][info][gc,phases      ] GC(271)   Pre Evacuate Collection Set: 0.2ms
[74.748s][info][gc,phases      ] GC(271)   Merge Heap Roots: 0.2ms
[74.748s][info][gc,phases      ] GC(271)   Evacuate Collection Set: 1.2ms
[74.748s][info][gc,phases      ] GC(271)   Post Evacuate Collection Set: 0.7ms
[74.748s][info][gc,phases      ] GC(271)   Other: 0.1ms
[74.748s][info][gc,heap        ] GC(271) Eden regions: 56->0(56)
[74.748s][info][gc,heap        ] GC(271) Survivor regions: 1->1(8)
[74.748s][info][gc,heap        ] GC(271) Old regions: 9->9
[74.748s][info][gc,heap        ] GC(271) Archive regions: 0->0
[74.748s][info][gc,heap        ] GC(271) Humongous regions: 0->0
[74.748s][info][gc,metaspace   ] GC(271) Metaspace: 74434K(75392K)->74434K(75392K) NonClass: 59120K(59392K)->59120K(59392K) Class: 15314K(16000K)->15314K(16000K)
[74.748s][info][gc             ] GC(271) Pause Young (Normal) (G1 Evacuation Pause) 934M->38M(1520M) 2.567ms
[74.748s][info][gc,cpu         ] GC(271) User=0.00s Sys=0.00s Real=0.00s
[74.980s][info][gc,start       ] GC(272) Pause Young (Normal) (G1 Evacuation Pause)
[74.980s][info][gc,task        ] GC(272) Using 33 workers of 33 for evacuation
[74.982s][info][gc,phases      ] GC(272)   Pre Evacuate Collection Set: 0.2ms
[74.982s][info][gc,phases      ] GC(272)   Merge Heap Roots: 0.2ms
[74.982s][info][gc,phases      ] GC(272)   Evacuate Collection Set: 1.2ms
[74.982s][info][gc,phases      ] GC(272)   Post Evacuate Collection Set: 0.7ms
[74.982s][info][gc,phases      ] GC(272)   Other: 0.1ms
[74.982s][info][gc,heap        ] GC(272) Eden regions: 56->0(56)
[74.982s][info][gc,heap        ] GC(272) Survivor regions: 1->1(8)
[74.982s][info][gc,heap        ] GC(272) Old regions: 9->9
[74.982s][info][gc,heap        ] GC(272) Archive regions: 0->0
[74.982s][info][gc,heap        ] GC(272) Humongous regions: 0->0
[74.982s][info][gc,metaspace   ] GC(272) Metaspace: 74434K(75392K)->74434K(75392K) NonClass: 59120K(59392K)->59120K(59392K) Class: 15314K(16000K)->15314K(16000K)
[74.982s][info][gc             ] GC(272) Pause Young (Normal) (G1 Evacuation Pause) 934M->39M(1520M) 2.715ms
[74.982s][info][gc,cpu         ] GC(272) User=0.00s Sys=0.00s Real=0.00s
[75.212s][info][gc,start       ] GC(273) Pause Young (Normal) (G1 Evacuation Pause)
[75.212s][info][gc,task        ] GC(273) Using 33 workers of 33 for evacuation
[75.214s][info][gc,phases      ] GC(273)   Pre Evacuate Collection Set: 0.2ms
[75.214s][info][gc,phases      ] GC(273)   Merge Heap Roots: 0.2ms
[75.214s][info][gc,phases      ] GC(273)   Evacuate Collection Set: 1.1ms
[75.214s][info][gc,phases      ] GC(273)   Post Evacuate Collection Set: 0.7ms
[75.214s][info][gc,phases      ] GC(273)   Other: 0.1ms
[75.214s][info][gc,heap        ] GC(273) Eden regions: 56->0(56)
[75.214s][info][gc,heap        ] GC(273) Survivor regions: 1->1(8)
[75.214s][info][gc,heap        ] GC(273) Old regions: 9->9
[75.214s][info][gc,heap        ] GC(273) Archive regions: 0->0
[75.214s][info][gc,heap        ] GC(273) Humongous regions: 0->0
[75.214s][info][gc,metaspace   ] GC(273) Metaspace: 74434K(75392K)->74434K(75392K) NonClass: 59120K(59392K)->59120K(59392K) Class: 15314K(16000K)->15314K(16000K)
[75.214s][info][gc             ] GC(273) Pause Young (Normal) (G1 Evacuation Pause) 935M->38M(1520M) 2.573ms
[75.214s][info][gc,cpu         ] GC(273) User=0.00s Sys=0.00s Real=0.00s
[75.444s][info][gc,start       ] GC(274) Pause Young (Normal) (G1 Evacuation Pause)
[75.444s][info][gc,task        ] GC(274) Using 33 workers of 33 for evacuation
[75.446s][info][gc,phases      ] GC(274)   Pre Evacuate Collection Set: 0.2ms
[75.446s][info][gc,phases      ] GC(274)   Merge Heap Roots: 0.2ms
[75.446s][info][gc,phases      ] GC(274)   Evacuate Collection Set: 1.2ms
[75.446s][info][gc,phases      ] GC(274)   Post Evacuate Collection Set: 0.5ms
[75.446s][info][gc,phases      ] GC(274)   Other: 0.1ms
[75.446s][info][gc,heap        ] GC(274) Eden regions: 56->0(56)
[75.446s][info][gc,heap        ] GC(274) Survivor regions: 1->1(8)
[75.446s][info][gc,heap        ] GC(274) Old regions: 9->10
[75.446s][info][gc,heap        ] GC(274) Archive regions: 0->0
[75.446s][info][gc,heap        ] GC(274) Humongous regions: 0->0
[75.446s][info][gc,metaspace   ] GC(274) Metaspace: 74434K(75392K)->74434K(75392K) NonClass: 59120K(59392K)->59120K(59392K) Class: 15314K(16000K)->15314K(16000K)
[75.446s][info][gc             ] GC(274) Pause Young (Normal) (G1 Evacuation Pause) 934M->39M(1520M) 2.457ms
[75.446s][info][gc,cpu         ] GC(274) User=0.00s Sys=0.00s Real=0.00s
[75.677s][info][gc,start       ] GC(275) Pause Young (Normal) (G1 Evacuation Pause)
[75.677s][info][gc,task        ] GC(275) Using 33 workers of 33 for evacuation
[75.679s][info][gc,phases      ] GC(275)   Pre Evacuate Collection Set: 0.2ms
[75.679s][info][gc,phases      ] GC(275)   Merge Heap Roots: 0.2ms
[75.679s][info][gc,phases      ] GC(275)   Evacuate Collection Set: 1.0ms
[75.679s][info][gc,phases      ] GC(275)   Post Evacuate Collection Set: 0.5ms
[75.679s][info][gc,phases      ] GC(275)   Other: 0.1ms
[75.679s][info][gc,heap        ] GC(275) Eden regions: 56->0(56)
[75.679s][info][gc,heap        ] GC(275) Survivor regions: 1->1(8)
[75.679s][info][gc,heap        ] GC(275) Old regions: 10->10
[75.679s][info][gc,heap        ] GC(275) Archive regions: 0->0
[75.679s][info][gc,heap        ] GC(275) Humongous regions: 0->0
[75.679s][info][gc,metaspace   ] GC(275) Metaspace: 74434K(75392K)->74434K(75392K) NonClass: 59120K(59392K)->59120K(59392K) Class: 15314K(16000K)->15314K(16000K)
[75.679s][info][gc             ] GC(275) Pause Young (Normal) (G1 Evacuation Pause) 935M->38M(1520M) 2.224ms
[75.679s][info][gc,cpu         ] GC(275) User=0.00s Sys=0.00s Real=0.00s
[75.913s][info][gc,start       ] GC(276) Pause Young (Normal) (G1 Evacuation Pause)
[75.925s][info][gc,task        ] GC(276) Using 33 workers of 33 for evacuation
[75.927s][info][gc,phases      ] GC(276)   Pre Evacuate Collection Set: 0.2ms
[75.927s][info][gc,phases      ] GC(276)   Merge Heap Roots: 0.2ms
[75.927s][info][gc,phases      ] GC(276)   Evacuate Collection Set: 1.0ms
[75.927s][info][gc,phases      ] GC(276)   Post Evacuate Collection Set: 0.5ms
[75.927s][info][gc,phases      ] GC(276)   Other: 0.1ms
[75.927s][info][gc,heap        ] GC(276) Eden regions: 56->0(56)
[75.927s][info][gc,heap        ] GC(276) Survivor regions: 1->1(8)
[75.927s][info][gc,heap        ] GC(276) Old regions: 10->10
[75.927s][info][gc,heap        ] GC(276) Archive regions: 0->0
[75.927s][info][gc,heap        ] GC(276) Humongous regions: 0->0
[75.927s][info][gc,metaspace   ] GC(276) Metaspace: 74434K(75392K)->74434K(75392K) NonClass: 59120K(59392K)->59120K(59392K) Class: 15314K(16000K)->15314K(16000K)
[75.927s][info][gc             ] GC(276) Pause Young (Normal) (G1 Evacuation Pause) 934M->38M(1520M) 14.074ms
[75.927s][info][gc,cpu         ] GC(276) User=0.00s Sys=0.00s Real=0.00s
[76.160s][info][gc,start       ] GC(277) Pause Young (Normal) (G1 Evacuation Pause)
[76.160s][info][gc,task        ] GC(277) Using 33 workers of 33 for evacuation
[76.162s][info][gc,phases      ] GC(277)   Pre Evacuate Collection Set: 0.2ms
[76.162s][info][gc,phases      ] GC(277)   Merge Heap Roots: 0.2ms
[76.162s][info][gc,phases      ] GC(277)   Evacuate Collection Set: 0.8ms
[76.162s][info][gc,phases      ] GC(277)   Post Evacuate Collection Set: 0.5ms
[76.162s][info][gc,phases      ] GC(277)   Other: 0.1ms
[76.162s][info][gc,heap        ] GC(277) Eden regions: 56->0(56)
[76.162s][info][gc,heap        ] GC(277) Survivor regions: 1->1(8)
[76.162s][info][gc,heap        ] GC(277) Old regions: 10->10
[76.162s][info][gc,heap        ] GC(277) Archive regions: 0->0
[76.162s][info][gc,heap        ] GC(277) Humongous regions: 0->0
[76.162s][info][gc,metaspace   ] GC(277) Metaspace: 74434K(75392K)->74434K(75392K) NonClass: 59120K(59392K)->59120K(59392K) Class: 15314K(16000K)->15314K(16000K)
[76.162s][info][gc             ] GC(277) Pause Young (Normal) (G1 Evacuation Pause) 934M->38M(1520M) 2.024ms
[76.162s][info][gc,cpu         ] GC(277) User=0.00s Sys=0.00s Real=0.00s
[76.393s][info][gc,start       ] GC(278) Pause Young (Normal) (G1 Evacuation Pause)
[76.393s][info][gc,task        ] GC(278) Using 33 workers of 33 for evacuation
[76.395s][info][gc,phases      ] GC(278)   Pre Evacuate Collection Set: 0.2ms
[76.395s][info][gc,phases      ] GC(278)   Merge Heap Roots: 0.2ms
[76.395s][info][gc,phases      ] GC(278)   Evacuate Collection Set: 0.9ms
[76.395s][info][gc,phases      ] GC(278)   Post Evacuate Collection Set: 0.5ms
[76.395s][info][gc,phases      ] GC(278)   Other: 0.1ms
[76.395s][info][gc,heap        ] GC(278) Eden regions: 56->0(56)
[76.395s][info][gc,heap        ] GC(278) Survivor regions: 1->1(8)
[76.395s][info][gc,heap        ] GC(278) Old regions: 10->10
[76.395s][info][gc,heap        ] GC(278) Archive regions: 0->0
[76.395s][info][gc,heap        ] GC(278) Humongous regions: 0->0
[76.395s][info][gc,metaspace   ] GC(278) Metaspace: 74434K(75392K)->74434K(75392K) NonClass: 59120K(59392K)->59120K(59392K) Class: 15314K(16000K)->15314K(16000K)
[76.395s][info][gc             ] GC(278) Pause Young (Normal) (G1 Evacuation Pause) 934M->39M(1520M) 2.120ms
[76.395s][info][gc,cpu         ] GC(278) User=0.00s Sys=0.00s Real=0.00s
[76.625s][info][gc,start       ] GC(279) Pause Young (Normal) (G1 Evacuation Pause)
[76.626s][info][gc,task        ] GC(279) Using 33 workers of 33 for evacuation
[76.627s][info][gc,phases      ] GC(279)   Pre Evacuate Collection Set: 0.2ms
[76.627s][info][gc,phases      ] GC(279)   Merge Heap Roots: 0.2ms
[76.627s][info][gc,phases      ] GC(279)   Evacuate Collection Set: 0.8ms
[76.627s][info][gc,phases      ] GC(279)   Post Evacuate Collection Set: 0.5ms
[76.627s][info][gc,phases      ] GC(279)   Other: 0.1ms
[76.627s][info][gc,heap        ] GC(279) Eden regions: 56->0(56)
[76.627s][info][gc,heap        ] GC(279) Survivor regions: 1->1(8)
[76.627s][info][gc,heap        ] GC(279) Old regions: 10->10
[76.627s][info][gc,heap        ] GC(279) Archive regions: 0->0
[76.628s][info][gc,heap        ] GC(279) Humongous regions: 0->0
[76.628s][info][gc,metaspace   ] GC(279) Metaspace: 74434K(75392K)->74434K(75392K) NonClass: 59120K(59392K)->59120K(59392K) Class: 15314K(16000K)->15314K(16000K)
[76.628s][info][gc             ] GC(279) Pause Young (Normal) (G1 Evacuation Pause) 935M->38M(1520M) 2.068ms
[76.628s][info][gc,cpu         ] GC(279) User=0.00s Sys=0.00s Real=0.00s
[76.858s][info][gc,start       ] GC(280) Pause Young (Normal) (G1 Evacuation Pause)
[76.858s][info][gc,task        ] GC(280) Using 33 workers of 33 for evacuation
[76.860s][info][gc,phases      ] GC(280)   Pre Evacuate Collection Set: 0.2ms
[76.860s][info][gc,phases      ] GC(280)   Merge Heap Roots: 0.2ms
[76.860s][info][gc,phases      ] GC(280)   Evacuate Collection Set: 0.8ms
[76.860s][info][gc,phases      ] GC(280)   Post Evacuate Collection Set: 0.5ms
[76.860s][info][gc,phases      ] GC(280)   Other: 0.1ms
[76.860s][info][gc,heap        ] GC(280) Eden regions: 56->0(56)
[76.860s][info][gc,heap        ] GC(280) Survivor regions: 1->1(8)
[76.860s][info][gc,heap        ] GC(280) Old regions: 10->10
[76.860s][info][gc,heap        ] GC(280) Archive regions: 0->0
[76.860s][info][gc,heap        ] GC(280) Humongous regions: 0->0
[76.860s][info][gc,metaspace   ] GC(280) Metaspace: 74434K(75392K)->74434K(75392K) NonClass: 59120K(59392K)->59120K(59392K) Class: 15314K(16000K)->15314K(16000K)
[76.860s][info][gc             ] GC(280) Pause Young (Normal) (G1 Evacuation Pause) 934M->39M(1520M) 2.047ms
[76.860s][info][gc,cpu         ] GC(280) User=0.00s Sys=0.00s Real=0.00s
[77.094s][info][gc,start       ] GC(281) Pause Young (Normal) (G1 Evacuation Pause)
[77.094s][info][gc,task        ] GC(281) Using 33 workers of 33 for evacuation
[77.096s][info][gc,phases      ] GC(281)   Pre Evacuate Collection Set: 0.2ms
[77.096s][info][gc,phases      ] GC(281)   Merge Heap Roots: 0.2ms
[77.096s][info][gc,phases      ] GC(281)   Evacuate Collection Set: 0.9ms
[77.096s][info][gc,phases      ] GC(281)   Post Evacuate Collection Set: 0.5ms
[77.096s][info][gc,phases      ] GC(281)   Other: 0.1ms
[77.096s][info][gc,heap        ] GC(281) Eden regions: 56->0(56)
[77.096s][info][gc,heap        ] GC(281) Survivor regions: 1->1(8)
[77.096s][info][gc,heap        ] GC(281) Old regions: 10->10
[77.096s][info][gc,heap        ] GC(281) Archive regions: 0->0
[77.096s][info][gc,heap        ] GC(281) Humongous regions: 0->0
[77.096s][info][gc,metaspace   ] GC(281) Metaspace: 74434K(75392K)->74434K(75392K) NonClass: 59120K(59392K)->59120K(59392K) Class: 15314K(16000K)->15314K(16000K)
[77.096s][info][gc             ] GC(281) Pause Young (Normal) (G1 Evacuation Pause) 935M->39M(1520M) 2.072ms
[77.096s][info][gc,cpu         ] GC(281) User=0.00s Sys=0.00s Real=0.00s
[77.330s][info][gc,start       ] GC(282) Pause Young (Normal) (G1 Evacuation Pause)
[77.331s][info][gc,task        ] GC(282) Using 33 workers of 33 for evacuation
[77.333s][info][gc,phases      ] GC(282)   Pre Evacuate Collection Set: 0.2ms
[77.333s][info][gc,phases      ] GC(282)   Merge Heap Roots: 0.2ms
[77.333s][info][gc,phases      ] GC(282)   Evacuate Collection Set: 1.0ms
[77.333s][info][gc,phases      ] GC(282)   Post Evacuate Collection Set: 0.6ms
[77.333s][info][gc,phases      ] GC(282)   Other: 0.1ms
[77.333s][info][gc,heap        ] GC(282) Eden regions: 56->0(56)
[77.333s][info][gc,heap        ] GC(282) Survivor regions: 1->1(8)
[77.333s][info][gc,heap        ] GC(282) Old regions: 10->10
[77.333s][info][gc,heap        ] GC(282) Archive regions: 0->0
[77.333s][info][gc,heap        ] GC(282) Humongous regions: 0->0
[77.333s][info][gc,metaspace   ] GC(282) Metaspace: 74460K(75392K)->74460K(75392K) NonClass: 59146K(59392K)->59146K(59392K) Class: 15314K(16000K)->15314K(16000K)
[77.333s][info][gc             ] GC(282) Pause Young (Normal) (G1 Evacuation Pause) 935M->39M(1520M) 2.771ms
[77.333s][info][gc,cpu         ] GC(282) User=0.00s Sys=0.00s Real=0.00s
[77.570s][info][gc,start       ] GC(283) Pause Young (Normal) (G1 Evacuation Pause)
[77.570s][info][gc,task        ] GC(283) Using 33 workers of 33 for evacuation
[77.572s][info][gc,phases      ] GC(283)   Pre Evacuate Collection Set: 0.2ms
[77.572s][info][gc,phases      ] GC(283)   Merge Heap Roots: 0.2ms
[77.572s][info][gc,phases      ] GC(283)   Evacuate Collection Set: 0.9ms
[77.572s][info][gc,phases      ] GC(283)   Post Evacuate Collection Set: 0.6ms
[77.572s][info][gc,phases      ] GC(283)   Other: 0.1ms
[77.572s][info][gc,heap        ] GC(283) Eden regions: 56->0(56)
[77.572s][info][gc,heap        ] GC(283) Survivor regions: 1->1(8)
[77.572s][info][gc,heap        ] GC(283) Old regions: 10->10
[77.572s][info][gc,heap        ] GC(283) Archive regions: 0->0
[77.572s][info][gc,heap        ] GC(283) Humongous regions: 0->0
[77.572s][info][gc,metaspace   ] GC(283) Metaspace: 74460K(75392K)->74460K(75392K) NonClass: 59146K(59392K)->59146K(59392K) Class: 15314K(16000K)->15314K(16000K)
[77.572s][info][gc             ] GC(283) Pause Young (Normal) (G1 Evacuation Pause) 935M->39M(1520M) 2.135ms
[77.572s][info][gc,cpu         ] GC(283) User=0.00s Sys=0.00s Real=0.00s
[77.836s][info][gc,start       ] GC(284) Pause Young (Normal) (G1 Evacuation Pause)
[77.836s][info][gc,task        ] GC(284) Using 33 workers of 33 for evacuation
[77.838s][info][gc,phases      ] GC(284)   Pre Evacuate Collection Set: 0.2ms
[77.838s][info][gc,phases      ] GC(284)   Merge Heap Roots: 0.2ms
[77.838s][info][gc,phases      ] GC(284)   Evacuate Collection Set: 0.8ms
[77.838s][info][gc,phases      ] GC(284)   Post Evacuate Collection Set: 0.5ms
[77.838s][info][gc,phases      ] GC(284)   Other: 0.1ms
[77.838s][info][gc,heap        ] GC(284) Eden regions: 56->0(56)
[77.838s][info][gc,heap        ] GC(284) Survivor regions: 1->1(8)
[77.838s][info][gc,heap        ] GC(284) Old regions: 10->10
[77.838s][info][gc,heap        ] GC(284) Archive regions: 0->0
[77.838s][info][gc,heap        ] GC(284) Humongous regions: 0->0
[77.838s][info][gc,metaspace   ] GC(284) Metaspace: 74460K(75392K)->74460K(75392K) NonClass: 59146K(59392K)->59146K(59392K) Class: 15314K(16000K)->15314K(16000K)
[77.838s][info][gc             ] GC(284) Pause Young (Normal) (G1 Evacuation Pause) 935M->39M(1520M) 2.017ms
[77.838s][info][gc,cpu         ] GC(284) User=0.00s Sys=0.00s Real=0.00s
[78.198s][info][gc,start       ] GC(285) Pause Young (Normal) (G1 Evacuation Pause)
[78.198s][info][gc,task        ] GC(285) Using 33 workers of 33 for evacuation
[78.200s][info][gc,phases      ] GC(285)   Pre Evacuate Collection Set: 0.2ms
[78.200s][info][gc,phases      ] GC(285)   Merge Heap Roots: 0.2ms
[78.200s][info][gc,phases      ] GC(285)   Evacuate Collection Set: 0.8ms
[78.200s][info][gc,phases      ] GC(285)   Post Evacuate Collection Set: 0.6ms
[78.200s][info][gc,phases      ] GC(285)   Other: 0.1ms
[78.200s][info][gc,heap        ] GC(285) Eden regions: 56->0(56)
[78.200s][info][gc,heap        ] GC(285) Survivor regions: 1->1(8)
[78.200s][info][gc,heap        ] GC(285) Old regions: 10->10
[78.200s][info][gc,heap        ] GC(285) Archive regions: 0->0
[78.200s][info][gc,heap        ] GC(285) Humongous regions: 0->0
[78.200s][info][gc,metaspace   ] GC(285) Metaspace: 74460K(75392K)->74460K(75392K) NonClass: 59146K(59392K)->59146K(59392K) Class: 15314K(16000K)->15314K(16000K)
[78.200s][info][gc             ] GC(285) Pause Young (Normal) (G1 Evacuation Pause) 935M->39M(1520M) 2.043ms
[78.200s][info][gc,cpu         ] GC(285) User=0.00s Sys=0.00s Real=0.00s
[78.882s][info][gc,start       ] GC(286) Pause Young (Normal) (G1 Evacuation Pause)
[78.882s][info][gc,task        ] GC(286) Using 33 workers of 33 for evacuation
[78.884s][info][gc,phases      ] GC(286)   Pre Evacuate Collection Set: 0.2ms
[78.884s][info][gc,phases      ] GC(286)   Merge Heap Roots: 0.2ms
[78.884s][info][gc,phases      ] GC(286)   Evacuate Collection Set: 0.9ms
[78.884s][info][gc,phases      ] GC(286)   Post Evacuate Collection Set: 0.6ms
[78.884s][info][gc,phases      ] GC(286)   Other: 0.1ms
[78.884s][info][gc,heap        ] GC(286) Eden regions: 56->0(56)
[78.884s][info][gc,heap        ] GC(286) Survivor regions: 1->1(8)
[78.884s][info][gc,heap        ] GC(286) Old regions: 10->10
[78.884s][info][gc,heap        ] GC(286) Archive regions: 0->0
[78.884s][info][gc,heap        ] GC(286) Humongous regions: 0->0
[78.884s][info][gc,metaspace   ] GC(286) Metaspace: 74460K(75392K)->74460K(75392K) NonClass: 59146K(59392K)->59146K(59392K) Class: 15314K(16000K)->15314K(16000K)
[78.884s][info][gc             ] GC(286) Pause Young (Normal) (G1 Evacuation Pause) 935M->38M(1520M) 2.258ms
[78.884s][info][gc,cpu         ] GC(286) User=0.00s Sys=0.00s Real=0.00s
[79.681s][info][gc,start       ] GC(287) Pause Young (Normal) (G1 Evacuation Pause)
[79.681s][info][gc,task        ] GC(287) Using 33 workers of 33 for evacuation
[79.683s][info][gc,phases      ] GC(287)   Pre Evacuate Collection Set: 0.2ms
[79.683s][info][gc,phases      ] GC(287)   Merge Heap Roots: 0.2ms
[79.683s][info][gc,phases      ] GC(287)   Evacuate Collection Set: 0.9ms
[79.683s][info][gc,phases      ] GC(287)   Post Evacuate Collection Set: 0.5ms
[79.683s][info][gc,phases      ] GC(287)   Other: 0.1ms
[79.683s][info][gc,heap        ] GC(287) Eden regions: 56->0(56)
[79.683s][info][gc,heap        ] GC(287) Survivor regions: 1->1(8)
[79.683s][info][gc,heap        ] GC(287) Old regions: 10->10
[79.683s][info][gc,heap        ] GC(287) Archive regions: 0->0
[79.683s][info][gc,heap        ] GC(287) Humongous regions: 0->0
[79.683s][info][gc,metaspace   ] GC(287) Metaspace: 74460K(75392K)->74460K(75392K) NonClass: 59146K(59392K)->59146K(59392K) Class: 15314K(16000K)->15314K(16000K)
[79.683s][info][gc             ] GC(287) Pause Young (Normal) (G1 Evacuation Pause) 934M->39M(1520M) 2.151ms
[79.683s][info][gc,cpu         ] GC(287) User=0.00s Sys=0.00s Real=0.00s
[79.980s][info][gc,start       ] GC(288) Pause Full (System.gc())
[79.980s][info][gc,task        ] GC(288) Using 8 workers of 33 for full compaction
[79.980s][info][gc,phases,start] GC(288) Phase 1: Mark live objects
[80.004s][info][gc,phases      ] GC(288) Phase 1: Mark live objects 24.252ms
[80.004s][info][gc,phases,start] GC(288) Phase 2: Prepare compaction
[80.010s][info][gc,phases      ] GC(288) Phase 2: Prepare compaction 5.413ms
[80.010s][info][gc,phases,start] GC(288) Phase 3: Adjust pointers
[80.027s][info][gc,phases      ] GC(288) Phase 3: Adjust pointers 17.557ms
[80.027s][info][gc,phases,start] GC(288) Phase 4: Compact heap
[80.033s][info][gc,phases      ] GC(288) Phase 4: Compact heap 5.529ms
[80.054s][info][gc,heap        ] GC(288) Eden regions: 15->0(16)
[80.054s][info][gc,heap        ] GC(288) Survivor regions: 1->0(8)
[80.054s][info][gc,heap        ] GC(288) Old regions: 10->8
[80.054s][info][gc,heap        ] GC(288) Archive regions: 0->0
[80.054s][info][gc,heap        ] GC(288) Humongous regions: 0->0
[80.054s][info][gc,metaspace   ] GC(288) Metaspace: 74460K(75392K)->74460K(75392K) NonClass: 59146K(59392K)->59146K(59392K) Class: 15314K(16000K)->15314K(16000K)
[80.054s][info][gc             ] GC(288) Pause Full (System.gc()) 274M->35M(432M) 74.288ms
[80.054s][info][gc,cpu         ] GC(288) User=0.28s Sys=0.00s Real=0.06s
[80.152s][info][gc,start       ] GC(289) Pause Young (Normal) (G1 Evacuation Pause)
[80.152s][info][gc,task        ] GC(289) Using 33 workers of 33 for evacuation
[80.154s][info][gc,phases      ] GC(289)   Pre Evacuate Collection Set: 0.2ms
[80.154s][info][gc,phases      ] GC(289)   Merge Heap Roots: 0.2ms
[80.154s][info][gc,phases      ] GC(289)   Evacuate Collection Set: 1.3ms
[80.154s][info][gc,phases      ] GC(289)   Post Evacuate Collection Set: 0.6ms
[80.154s][info][gc,phases      ] GC(289)   Other: 0.1ms
[80.154s][info][gc,heap        ] GC(289) Eden regions: 16->0(15)
[80.154s][info][gc,heap        ] GC(289) Survivor regions: 0->1(2)
[80.154s][info][gc,heap        ] GC(289) Old regions: 8->8
[80.154s][info][gc,heap        ] GC(289) Archive regions: 0->0
[80.154s][info][gc,heap        ] GC(289) Humongous regions: 0->0
[80.154s][info][gc,metaspace   ] GC(289) Metaspace: 74497K(75456K)->74497K(75456K) NonClass: 59182K(59456K)->59182K(59456K) Class: 15314K(16000K)->15314K(16000K)
[80.154s][info][gc             ] GC(289) Pause Young (Normal) (G1 Evacuation Pause) 291M->38M(432M) 2.600ms
[80.154s][info][gc,cpu         ] GC(289) User=0.00s Sys=0.00s Real=0.00s
[80.218s][info][gc,start       ] GC(290) Pause Young (Normal) (G1 Evacuation Pause)
[80.219s][info][gc,task        ] GC(290) Using 33 workers of 33 for evacuation
[80.221s][info][gc,phases      ] GC(290)   Pre Evacuate Collection Set: 0.2ms
[80.221s][info][gc,phases      ] GC(290)   Merge Heap Roots: 0.2ms
[80.221s][info][gc,phases      ] GC(290)   Evacuate Collection Set: 1.3ms
[80.221s][info][gc,phases      ] GC(290)   Post Evacuate Collection Set: 0.5ms
[80.221s][info][gc,phases      ] GC(290)   Other: 0.1ms
[80.221s][info][gc,heap        ] GC(290) Eden regions: 15->0(15)
[80.221s][info][gc,heap        ] GC(290) Survivor regions: 1->1(2)
[80.221s][info][gc,heap        ] GC(290) Old regions: 8->8
[80.221s][info][gc,heap        ] GC(290) Archive regions: 0->0
[80.221s][info][gc,heap        ] GC(290) Humongous regions: 0->0
[80.221s][info][gc,metaspace   ] GC(290) Metaspace: 74497K(75456K)->74497K(75456K) NonClass: 59182K(59456K)->59182K(59456K) Class: 15314K(16000K)->15314K(16000K)
[80.221s][info][gc             ] GC(290) Pause Young (Normal) (G1 Evacuation Pause) 278M->39M(432M) 2.507ms
[80.221s][info][gc,cpu         ] GC(290) User=0.00s Sys=0.00s Real=0.00s
[80.284s][info][gc,start       ] GC(291) Pause Young (Normal) (G1 Evacuation Pause)
[80.284s][info][gc,task        ] GC(291) Using 33 workers of 33 for evacuation
[80.286s][info][gc,phases      ] GC(291)   Pre Evacuate Collection Set: 0.2ms
[80.286s][info][gc,phases      ] GC(291)   Merge Heap Roots: 0.2ms
[80.286s][info][gc,phases      ] GC(291)   Evacuate Collection Set: 1.2ms
[80.286s][info][gc,phases      ] GC(291)   Post Evacuate Collection Set: 0.6ms
[80.286s][info][gc,phases      ] GC(291)   Other: 0.1ms
[80.286s][info][gc,heap        ] GC(291) Eden regions: 15->0(15)
[80.286s][info][gc,heap        ] GC(291) Survivor regions: 1->1(2)
[80.286s][info][gc,heap        ] GC(291) Old regions: 8->8
[80.286s][info][gc,heap        ] GC(291) Archive regions: 0->0
[80.286s][info][gc,heap        ] GC(291) Humongous regions: 0->0
[80.286s][info][gc,metaspace   ] GC(291) Metaspace: 74497K(75456K)->74497K(75456K) NonClass: 59182K(59456K)->59182K(59456K) Class: 15314K(16000K)->15314K(16000K)
[80.286s][info][gc             ] GC(291) Pause Young (Normal) (G1 Evacuation Pause) 279M->38M(432M) 2.498ms
[80.286s][info][gc,cpu         ] GC(291) User=0.00s Sys=0.00s Real=0.00s
[80.353s][info][gc,start       ] GC(292) Pause Young (Normal) (G1 Evacuation Pause)
[80.354s][info][gc,task        ] GC(292) Using 33 workers of 33 for evacuation
[80.358s][info][gc,phases      ] GC(292)   Pre Evacuate Collection Set: 0.2ms
[80.358s][info][gc,phases      ] GC(292)   Merge Heap Roots: 0.2ms
[80.358s][info][gc,phases      ] GC(292)   Evacuate Collection Set: 1.3ms
[80.358s][info][gc,phases      ] GC(292)   Post Evacuate Collection Set: 2.8ms
[80.358s][info][gc,phases      ] GC(292)   Other: 0.1ms
[80.358s][info][gc,heap        ] GC(292) Eden regions: 15->0(45)
[80.358s][info][gc,heap        ] GC(292) Survivor regions: 1->1(2)
[80.358s][info][gc,heap        ] GC(292) Old regions: 8->8
[80.358s][info][gc,heap        ] GC(292) Archive regions: 0->0
[80.358s][info][gc,heap        ] GC(292) Humongous regions: 0->0
[80.358s][info][gc,metaspace   ] GC(292) Metaspace: 74497K(75456K)->74497K(75456K) NonClass: 59182K(59456K)->59182K(59456K) Class: 15314K(16000K)->15314K(16000K)
[80.358s][info][gc             ] GC(292) Pause Young (Normal) (G1 Evacuation Pause) 278M->39M(1248M) 4.764ms
[80.358s][info][gc,cpu         ] GC(292) User=0.00s Sys=0.00s Real=0.00s
[80.665s][info][gc,start       ] GC(293) Pause Young (Normal) (G1 Evacuation Pause)
[80.665s][info][gc,task        ] GC(293) Using 33 workers of 33 for evacuation
[80.669s][info][gc,phases      ] GC(293)   Pre Evacuate Collection Set: 0.2ms
[80.669s][info][gc,phases      ] GC(293)   Merge Heap Roots: 0.2ms
[80.669s][info][gc,phases      ] GC(293)   Evacuate Collection Set: 3.2ms
[80.669s][info][gc,phases      ] GC(293)   Post Evacuate Collection Set: 0.7ms
[80.669s][info][gc,phases      ] GC(293)   Other: 0.1ms
[80.669s][info][gc,heap        ] GC(293) Eden regions: 45->0(45)
[80.669s][info][gc,heap        ] GC(293) Survivor regions: 1->1(6)
[80.669s][info][gc,heap        ] GC(293) Old regions: 8->8
[80.669s][info][gc,heap        ] GC(293) Archive regions: 0->0
[80.669s][info][gc,heap        ] GC(293) Humongous regions: 0->0
[80.669s][info][gc,metaspace   ] GC(293) Metaspace: 74497K(75456K)->74497K(75456K) NonClass: 59182K(59456K)->59182K(59456K) Class: 15314K(16000K)->15314K(16000K)
[80.669s][info][gc             ] GC(293) Pause Young (Normal) (G1 Evacuation Pause) 759M->39M(1248M) 4.652ms
[80.670s][info][gc,cpu         ] GC(293) User=0.00s Sys=0.00s Real=0.00s
[80.855s][info][gc,start       ] GC(294) Pause Young (Normal) (G1 Evacuation Pause)
[80.855s][info][gc,task        ] GC(294) Using 33 workers of 33 for evacuation
[80.860s][info][gc,phases      ] GC(294)   Pre Evacuate Collection Set: 0.2ms
[80.860s][info][gc,phases      ] GC(294)   Merge Heap Roots: 0.2ms
[80.860s][info][gc,phases      ] GC(294)   Evacuate Collection Set: 3.4ms
[80.860s][info][gc,phases      ] GC(294)   Post Evacuate Collection Set: 0.7ms
[80.860s][info][gc,phases      ] GC(294)   Other: 0.1ms
[80.860s][info][gc,heap        ] GC(294) Eden regions: 45->0(45)
[80.860s][info][gc,heap        ] GC(294) Survivor regions: 1->1(6)
[80.860s][info][gc,heap        ] GC(294) Old regions: 8->8
[80.860s][info][gc,heap        ] GC(294) Archive regions: 0->0
[80.860s][info][gc,heap        ] GC(294) Humongous regions: 0->0
[80.860s][info][gc,metaspace   ] GC(294) Metaspace: 74497K(75456K)->74497K(75456K) NonClass: 59182K(59456K)->59182K(59456K) Class: 15314K(16000K)->15314K(16000K)
[80.860s][info][gc             ] GC(294) Pause Young (Normal) (G1 Evacuation Pause) 759M->39M(1248M) 4.767ms
[80.860s][info][gc,cpu         ] GC(294) User=0.00s Sys=0.00s Real=0.00s
[81.044s][info][gc,start       ] GC(295) Pause Young (Normal) (G1 Evacuation Pause)
[81.044s][info][gc,task        ] GC(295) Using 33 workers of 33 for evacuation
[81.046s][info][gc,phases      ] GC(295)   Pre Evacuate Collection Set: 0.2ms
[81.046s][info][gc,phases      ] GC(295)   Merge Heap Roots: 0.2ms
[81.046s][info][gc,phases      ] GC(295)   Evacuate Collection Set: 1.2ms
[81.046s][info][gc,phases      ] GC(295)   Post Evacuate Collection Set: 0.7ms
[81.046s][info][gc,phases      ] GC(295)   Other: 0.1ms
[81.046s][info][gc,heap        ] GC(295) Eden regions: 45->0(45)
[81.046s][info][gc,heap        ] GC(295) Survivor regions: 1->1(6)
[81.046s][info][gc,heap        ] GC(295) Old regions: 8->8
[81.046s][info][gc,heap        ] GC(295) Archive regions: 0->0
[81.046s][info][gc,heap        ] GC(295) Humongous regions: 0->0
[81.046s][info][gc,metaspace   ] GC(295) Metaspace: 74497K(75456K)->74497K(75456K) NonClass: 59182K(59456K)->59182K(59456K) Class: 15314K(16000K)->15314K(16000K)
[81.046s][info][gc             ] GC(295) Pause Young (Normal) (G1 Evacuation Pause) 759M->38M(1248M) 2.575ms
[81.046s][info][gc,cpu         ] GC(295) User=0.00s Sys=0.00s Real=0.00s
[81.231s][info][gc,start       ] GC(296) Pause Young (Normal) (G1 Evacuation Pause)
[81.231s][info][gc,task        ] GC(296) Using 33 workers of 33 for evacuation
[81.234s][info][gc,phases      ] GC(296)   Pre Evacuate Collection Set: 0.2ms
[81.234s][info][gc,phases      ] GC(296)   Merge Heap Roots: 0.2ms
[81.234s][info][gc,phases      ] GC(296)   Evacuate Collection Set: 1.1ms
[81.234s][info][gc,phases      ] GC(296)   Post Evacuate Collection Set: 1.7ms
[81.234s][info][gc,phases      ] GC(296)   Other: 0.1ms
[81.234s][info][gc,heap        ] GC(296) Eden regions: 45->0(57)
[81.234s][info][gc,heap        ] GC(296) Survivor regions: 1->1(6)
[81.234s][info][gc,heap        ] GC(296) Old regions: 8->8
[81.234s][info][gc,heap        ] GC(296) Archive regions: 0->0
[81.234s][info][gc,heap        ] GC(296) Humongous regions: 0->0
[81.234s][info][gc,metaspace   ] GC(296) Metaspace: 74497K(75456K)->74497K(75456K) NonClass: 59182K(59456K)->59182K(59456K) Class: 15314K(16000K)->15314K(16000K)
[81.234s][info][gc             ] GC(296) Pause Young (Normal) (G1 Evacuation Pause) 758M->39M(1552M) 3.532ms
[81.234s][info][gc,cpu         ] GC(296) User=0.00s Sys=0.00s Real=0.00s
[81.504s][info][gc,start       ] GC(297) Pause Young (Normal) (G1 Evacuation Pause)
[81.505s][info][gc,task        ] GC(297) Using 33 workers of 33 for evacuation
[81.507s][info][gc,phases      ] GC(297)   Pre Evacuate Collection Set: 0.2ms
[81.507s][info][gc,phases      ] GC(297)   Merge Heap Roots: 0.2ms
[81.507s][info][gc,phases      ] GC(297)   Evacuate Collection Set: 1.2ms
[81.507s][info][gc,phases      ] GC(297)   Post Evacuate Collection Set: 0.7ms
[81.507s][info][gc,phases      ] GC(297)   Other: 0.1ms
[81.507s][info][gc,heap        ] GC(297) Eden regions: 57->0(57)
[81.507s][info][gc,heap        ] GC(297) Survivor regions: 1->1(8)
[81.507s][info][gc,heap        ] GC(297) Old regions: 8->8
[81.507s][info][gc,heap        ] GC(297) Archive regions: 0->0
[81.507s][info][gc,heap        ] GC(297) Humongous regions: 0->0
[81.507s][info][gc,metaspace   ] GC(297) Metaspace: 74497K(75456K)->74497K(75456K) NonClass: 59182K(59456K)->59182K(59456K) Class: 15314K(16000K)->15314K(16000K)
[81.507s][info][gc             ] GC(297) Pause Young (Normal) (G1 Evacuation Pause) 951M->38M(1552M) 2.656ms
[81.507s][info][gc,cpu         ] GC(297) User=0.00s Sys=0.00s Real=0.00s
[81.741s][info][gc,start       ] GC(298) Pause Young (Normal) (G1 Evacuation Pause)
[81.741s][info][gc,task        ] GC(298) Using 33 workers of 33 for evacuation
[81.743s][info][gc,phases      ] GC(298)   Pre Evacuate Collection Set: 0.2ms
[81.744s][info][gc,phases      ] GC(298)   Merge Heap Roots: 0.2ms
[81.744s][info][gc,phases      ] GC(298)   Evacuate Collection Set: 1.1ms
[81.744s][info][gc,phases      ] GC(298)   Post Evacuate Collection Set: 0.7ms
[81.744s][info][gc,phases      ] GC(298)   Other: 0.1ms
[81.744s][info][gc,heap        ] GC(298) Eden regions: 57->0(57)
[81.744s][info][gc,heap        ] GC(298) Survivor regions: 1->1(8)
[81.744s][info][gc,heap        ] GC(298) Old regions: 8->8
[81.744s][info][gc,heap        ] GC(298) Archive regions: 0->0
[81.744s][info][gc,heap        ] GC(298) Humongous regions: 0->0
[81.744s][info][gc,metaspace   ] GC(298) Metaspace: 74497K(75456K)->74497K(75456K) NonClass: 59182K(59456K)->59182K(59456K) Class: 15314K(16000K)->15314K(16000K)
[81.744s][info][gc             ] GC(298) Pause Young (Normal) (G1 Evacuation Pause) 950M->38M(1552M) 2.551ms
[81.744s][info][gc,cpu         ] GC(298) User=0.00s Sys=0.00s Real=0.00s
[81.977s][info][gc,start       ] GC(299) Pause Young (Normal) (G1 Evacuation Pause)
[81.977s][info][gc,task        ] GC(299) Using 33 workers of 33 for evacuation
[81.980s][info][gc,phases      ] GC(299)   Pre Evacuate Collection Set: 0.2ms
[81.980s][info][gc,phases      ] GC(299)   Merge Heap Roots: 0.2ms
[81.980s][info][gc,phases      ] GC(299)   Evacuate Collection Set: 1.2ms
[81.980s][info][gc,phases      ] GC(299)   Post Evacuate Collection Set: 0.6ms
[81.980s][info][gc,phases      ] GC(299)   Other: 0.1ms
[81.980s][info][gc,heap        ] GC(299) Eden regions: 57->0(57)
[81.980s][info][gc,heap        ] GC(299) Survivor regions: 1->1(8)
[81.980s][info][gc,heap        ] GC(299) Old regions: 8->8
[81.980s][info][gc,heap        ] GC(299) Archive regions: 0->0
[81.980s][info][gc,heap        ] GC(299) Humongous regions: 0->0
[81.980s][info][gc,metaspace   ] GC(299) Metaspace: 74497K(75456K)->74497K(75456K) NonClass: 59182K(59456K)->59182K(59456K) Class: 15314K(16000K)->15314K(16000K)
[81.980s][info][gc             ] GC(299) Pause Young (Normal) (G1 Evacuation Pause) 950M->38M(1552M) 2.536ms
[81.980s][info][gc,cpu         ] GC(299) User=0.00s Sys=0.00s Real=0.00s
[82.213s][info][gc,start       ] GC(300) Pause Young (Normal) (G1 Evacuation Pause)
[82.214s][info][gc,task        ] GC(300) Using 33 workers of 33 for evacuation
[82.216s][info][gc,phases      ] GC(300)   Pre Evacuate Collection Set: 0.2ms
[82.216s][info][gc,phases      ] GC(300)   Merge Heap Roots: 0.2ms
[82.216s][info][gc,phases      ] GC(300)   Evacuate Collection Set: 1.2ms
[82.216s][info][gc,phases      ] GC(300)   Post Evacuate Collection Set: 0.7ms
[82.216s][info][gc,phases      ] GC(300)   Other: 0.1ms
[82.216s][info][gc,heap        ] GC(300) Eden regions: 57->0(57)
[82.216s][info][gc,heap        ] GC(300) Survivor regions: 1->1(8)
[82.216s][info][gc,heap        ] GC(300) Old regions: 8->8
[82.216s][info][gc,heap        ] GC(300) Archive regions: 0->0
[82.216s][info][gc,heap        ] GC(300) Humongous regions: 0->0
[82.216s][info][gc,metaspace   ] GC(300) Metaspace: 74497K(75456K)->74497K(75456K) NonClass: 59182K(59456K)->59182K(59456K) Class: 15314K(16000K)->15314K(16000K)
[82.216s][info][gc             ] GC(300) Pause Young (Normal) (G1 Evacuation Pause) 950M->38M(1552M) 2.568ms
[82.216s][info][gc,cpu         ] GC(300) User=0.00s Sys=0.00s Real=0.00s
[82.450s][info][gc,start       ] GC(301) Pause Young (Normal) (G1 Evacuation Pause)
[82.451s][info][gc,task        ] GC(301) Using 33 workers of 33 for evacuation
[82.453s][info][gc,phases      ] GC(301)   Pre Evacuate Collection Set: 0.2ms
[82.453s][info][gc,phases      ] GC(301)   Merge Heap Roots: 0.2ms
[82.453s][info][gc,phases      ] GC(301)   Evacuate Collection Set: 1.2ms
[82.453s][info][gc,phases      ] GC(301)   Post Evacuate Collection Set: 0.7ms
[82.453s][info][gc,phases      ] GC(301)   Other: 0.1ms
[82.453s][info][gc,heap        ] GC(301) Eden regions: 57->0(57)
[82.453s][info][gc,heap        ] GC(301) Survivor regions: 1->1(8)
[82.453s][info][gc,heap        ] GC(301) Old regions: 8->8
[82.453s][info][gc,heap        ] GC(301) Archive regions: 0->0
[82.453s][info][gc,heap        ] GC(301) Humongous regions: 0->0
[82.453s][info][gc,metaspace   ] GC(301) Metaspace: 74499K(75456K)->74499K(75456K) NonClass: 59184K(59456K)->59184K(59456K) Class: 15314K(16000K)->15314K(16000K)
[82.453s][info][gc             ] GC(301) Pause Young (Normal) (G1 Evacuation Pause) 950M->38M(1552M) 2.582ms
[82.453s][info][gc,cpu         ] GC(301) User=0.00s Sys=0.00s Real=0.00s
[82.687s][info][gc,start       ] GC(302) Pause Young (Normal) (G1 Evacuation Pause)
[82.687s][info][gc,task        ] GC(302) Using 33 workers of 33 for evacuation
[82.689s][info][gc,phases      ] GC(302)   Pre Evacuate Collection Set: 0.2ms
[82.689s][info][gc,phases      ] GC(302)   Merge Heap Roots: 0.2ms
[82.689s][info][gc,phases      ] GC(302)   Evacuate Collection Set: 1.2ms
[82.689s][info][gc,phases      ] GC(302)   Post Evacuate Collection Set: 0.6ms
[82.689s][info][gc,phases      ] GC(302)   Other: 0.1ms
[82.689s][info][gc,heap        ] GC(302) Eden regions: 57->0(57)
[82.689s][info][gc,heap        ] GC(302) Survivor regions: 1->1(8)
[82.689s][info][gc,heap        ] GC(302) Old regions: 8->8
[82.689s][info][gc,heap        ] GC(302) Archive regions: 0->0
[82.689s][info][gc,heap        ] GC(302) Humongous regions: 0->0
[82.689s][info][gc,metaspace   ] GC(302) Metaspace: 74499K(75456K)->74499K(75456K) NonClass: 59184K(59456K)->59184K(59456K) Class: 15314K(16000K)->15314K(16000K)
[82.689s][info][gc             ] GC(302) Pause Young (Normal) (G1 Evacuation Pause) 950M->39M(1552M) 2.552ms
[82.689s][info][gc,cpu         ] GC(302) User=0.00s Sys=0.00s Real=0.00s
[82.923s][info][gc,start       ] GC(303) Pause Young (Normal) (G1 Evacuation Pause)
[82.923s][info][gc,task        ] GC(303) Using 33 workers of 33 for evacuation
[82.926s][info][gc,phases      ] GC(303)   Pre Evacuate Collection Set: 0.2ms
[82.926s][info][gc,phases      ] GC(303)   Merge Heap Roots: 0.2ms
[82.926s][info][gc,phases      ] GC(303)   Evacuate Collection Set: 1.2ms
[82.926s][info][gc,phases      ] GC(303)   Post Evacuate Collection Set: 0.7ms
[82.926s][info][gc,phases      ] GC(303)   Other: 0.1ms
[82.926s][info][gc,heap        ] GC(303) Eden regions: 57->0(57)
[82.926s][info][gc,heap        ] GC(303) Survivor regions: 1->1(8)
[82.926s][info][gc,heap        ] GC(303) Old regions: 8->8
[82.926s][info][gc,heap        ] GC(303) Archive regions: 0->0
[82.926s][info][gc,heap        ] GC(303) Humongous regions: 0->0
[82.926s][info][gc,metaspace   ] GC(303) Metaspace: 74499K(75456K)->74499K(75456K) NonClass: 59184K(59456K)->59184K(59456K) Class: 15314K(16000K)->15314K(16000K)
[82.926s][info][gc             ] GC(303) Pause Young (Normal) (G1 Evacuation Pause) 951M->39M(1552M) 2.656ms
[82.926s][info][gc,cpu         ] GC(303) User=0.00s Sys=0.00s Real=0.00s
[83.159s][info][gc,start       ] GC(304) Pause Young (Normal) (G1 Evacuation Pause)
[83.159s][info][gc,task        ] GC(304) Using 33 workers of 33 for evacuation
[83.161s][info][gc,phases      ] GC(304)   Pre Evacuate Collection Set: 0.2ms
[83.161s][info][gc,phases      ] GC(304)   Merge Heap Roots: 0.2ms
[83.161s][info][gc,phases      ] GC(304)   Evacuate Collection Set: 1.2ms
[83.161s][info][gc,phases      ] GC(304)   Post Evacuate Collection Set: 0.5ms
[83.161s][info][gc,phases      ] GC(304)   Other: 0.1ms
[83.161s][info][gc,heap        ] GC(304) Eden regions: 57->0(57)
[83.161s][info][gc,heap        ] GC(304) Survivor regions: 1->1(8)
[83.161s][info][gc,heap        ] GC(304) Old regions: 8->9
[83.161s][info][gc,heap        ] GC(304) Archive regions: 0->0
[83.161s][info][gc,heap        ] GC(304) Humongous regions: 0->0
[83.161s][info][gc,metaspace   ] GC(304) Metaspace: 74499K(75456K)->74499K(75456K) NonClass: 59184K(59456K)->59184K(59456K) Class: 15314K(16000K)->15314K(16000K)
[83.161s][info][gc             ] GC(304) Pause Young (Normal) (G1 Evacuation Pause) 951M->39M(1552M) 2.418ms
[83.161s][info][gc,cpu         ] GC(304) User=0.00s Sys=0.00s Real=0.00s
[83.397s][info][gc,start       ] GC(305) Pause Young (Normal) (G1 Evacuation Pause)
[83.397s][info][gc,task        ] GC(305) Using 33 workers of 33 for evacuation
[83.399s][info][gc,phases      ] GC(305)   Pre Evacuate Collection Set: 0.2ms
[83.399s][info][gc,phases      ] GC(305)   Merge Heap Roots: 0.2ms
[83.399s][info][gc,phases      ] GC(305)   Evacuate Collection Set: 0.9ms
[83.399s][info][gc,phases      ] GC(305)   Post Evacuate Collection Set: 0.5ms
[83.399s][info][gc,phases      ] GC(305)   Other: 0.1ms
[83.399s][info][gc,heap        ] GC(305) Eden regions: 57->0(57)
[83.399s][info][gc,heap        ] GC(305) Survivor regions: 1->1(8)
[83.399s][info][gc,heap        ] GC(305) Old regions: 9->9
[83.399s][info][gc,heap        ] GC(305) Archive regions: 0->0
[83.399s][info][gc,heap        ] GC(305) Humongous regions: 0->0
[83.399s][info][gc,metaspace   ] GC(305) Metaspace: 74499K(75456K)->74499K(75456K) NonClass: 59184K(59456K)->59184K(59456K) Class: 15314K(16000K)->15314K(16000K)
[83.399s][info][gc             ] GC(305) Pause Young (Normal) (G1 Evacuation Pause) 951M->39M(1552M) 2.125ms
[83.399s][info][gc,cpu         ] GC(305) User=0.00s Sys=0.00s Real=0.00s
[83.634s][info][gc,start       ] GC(306) Pause Young (Normal) (G1 Evacuation Pause)
[83.634s][info][gc,task        ] GC(306) Using 33 workers of 33 for evacuation
[83.636s][info][gc,phases      ] GC(306)   Pre Evacuate Collection Set: 0.2ms
[83.636s][info][gc,phases      ] GC(306)   Merge Heap Roots: 0.2ms
[83.636s][info][gc,phases      ] GC(306)   Evacuate Collection Set: 1.0ms
[83.636s][info][gc,phases      ] GC(306)   Post Evacuate Collection Set: 0.5ms
[83.636s][info][gc,phases      ] GC(306)   Other: 0.1ms
[83.636s][info][gc,heap        ] GC(306) Eden regions: 57->0(57)
[83.636s][info][gc,heap        ] GC(306) Survivor regions: 1->1(8)
[83.636s][info][gc,heap        ] GC(306) Old regions: 9->9
[83.636s][info][gc,heap        ] GC(306) Archive regions: 0->0
[83.636s][info][gc,heap        ] GC(306) Humongous regions: 0->0
[83.636s][info][gc,metaspace   ] GC(306) Metaspace: 74499K(75456K)->74499K(75456K) NonClass: 59184K(59456K)->59184K(59456K) Class: 15314K(16000K)->15314K(16000K)
[83.636s][info][gc             ] GC(306) Pause Young (Normal) (G1 Evacuation Pause) 951M->39M(1552M) 2.203ms
[83.636s][info][gc,cpu         ] GC(306) User=0.00s Sys=0.00s Real=0.00s
[83.871s][info][gc,start       ] GC(307) Pause Young (Normal) (G1 Evacuation Pause)
[83.871s][info][gc,task        ] GC(307) Using 33 workers of 33 for evacuation
[83.873s][info][gc,phases      ] GC(307)   Pre Evacuate Collection Set: 0.2ms
[83.873s][info][gc,phases      ] GC(307)   Merge Heap Roots: 0.2ms
[83.873s][info][gc,phases      ] GC(307)   Evacuate Collection Set: 1.0ms
[83.873s][info][gc,phases      ] GC(307)   Post Evacuate Collection Set: 0.5ms
[83.873s][info][gc,phases      ] GC(307)   Other: 0.1ms
[83.873s][info][gc,heap        ] GC(307) Eden regions: 57->0(57)
[83.873s][info][gc,heap        ] GC(307) Survivor regions: 1->1(8)
[83.873s][info][gc,heap        ] GC(307) Old regions: 9->9
[83.873s][info][gc,heap        ] GC(307) Archive regions: 0->0
[83.873s][info][gc,heap        ] GC(307) Humongous regions: 0->0
[83.873s][info][gc,metaspace   ] GC(307) Metaspace: 74499K(75456K)->74499K(75456K) NonClass: 59184K(59456K)->59184K(59456K) Class: 15314K(16000K)->15314K(16000K)
[83.873s][info][gc             ] GC(307) Pause Young (Normal) (G1 Evacuation Pause) 951M->38M(1552M) 2.244ms
[83.873s][info][gc,cpu         ] GC(307) User=0.00s Sys=0.00s Real=0.00s
[84.108s][info][gc,start       ] GC(308) Pause Young (Normal) (G1 Evacuation Pause)
[84.108s][info][gc,task        ] GC(308) Using 33 workers of 33 for evacuation
[84.110s][info][gc,phases      ] GC(308)   Pre Evacuate Collection Set: 0.2ms
[84.110s][info][gc,phases      ] GC(308)   Merge Heap Roots: 0.2ms
[84.110s][info][gc,phases      ] GC(308)   Evacuate Collection Set: 1.0ms
[84.110s][info][gc,phases      ] GC(308)   Post Evacuate Collection Set: 0.5ms
[84.110s][info][gc,phases      ] GC(308)   Other: 0.1ms
[84.110s][info][gc,heap        ] GC(308) Eden regions: 57->0(57)
[84.110s][info][gc,heap        ] GC(308) Survivor regions: 1->1(8)
[84.110s][info][gc,heap        ] GC(308) Old regions: 9->9
[84.110s][info][gc,heap        ] GC(308) Archive regions: 0->0
[84.110s][info][gc,heap        ] GC(308) Humongous regions: 0->0
[84.110s][info][gc,metaspace   ] GC(308) Metaspace: 74499K(75456K)->74499K(75456K) NonClass: 59184K(59456K)->59184K(59456K) Class: 15314K(16000K)->15314K(16000K)
[84.110s][info][gc             ] GC(308) Pause Young (Normal) (G1 Evacuation Pause) 950M->39M(1552M) 2.147ms
[84.110s][info][gc,cpu         ] GC(308) User=0.00s Sys=0.00s Real=0.00s
[84.344s][info][gc,start       ] GC(309) Pause Young (Normal) (G1 Evacuation Pause)
[84.344s][info][gc,task        ] GC(309) Using 33 workers of 33 for evacuation
[84.346s][info][gc,phases      ] GC(309)   Pre Evacuate Collection Set: 0.2ms
[84.346s][info][gc,phases      ] GC(309)   Merge Heap Roots: 0.2ms
[84.346s][info][gc,phases      ] GC(309)   Evacuate Collection Set: 0.9ms
[84.346s][info][gc,phases      ] GC(309)   Post Evacuate Collection Set: 0.5ms
[84.346s][info][gc,phases      ] GC(309)   Other: 0.1ms
[84.346s][info][gc,heap        ] GC(309) Eden regions: 57->0(57)
[84.346s][info][gc,heap        ] GC(309) Survivor regions: 1->1(8)
[84.346s][info][gc,heap        ] GC(309) Old regions: 9->9
[84.346s][info][gc,heap        ] GC(309) Archive regions: 0->0
[84.346s][info][gc,heap        ] GC(309) Humongous regions: 0->0
[84.346s][info][gc,metaspace   ] GC(309) Metaspace: 74499K(75456K)->74499K(75456K) NonClass: 59184K(59456K)->59184K(59456K) Class: 15314K(16000K)->15314K(16000K)
[84.346s][info][gc             ] GC(309) Pause Young (Normal) (G1 Evacuation Pause) 951M->39M(1552M) 2.080ms
[84.346s][info][gc,cpu         ] GC(309) User=0.00s Sys=0.00s Real=0.00s
[84.581s][info][gc,start       ] GC(310) Pause Young (Normal) (G1 Evacuation Pause)
[84.581s][info][gc,task        ] GC(310) Using 33 workers of 33 for evacuation
[84.583s][info][gc,phases      ] GC(310)   Pre Evacuate Collection Set: 0.2ms
[84.583s][info][gc,phases      ] GC(310)   Merge Heap Roots: 0.2ms
[84.583s][info][gc,phases      ] GC(310)   Evacuate Collection Set: 0.9ms
[84.583s][info][gc,phases      ] GC(310)   Post Evacuate Collection Set: 0.5ms
[84.583s][info][gc,phases      ] GC(310)   Other: 0.1ms
[84.583s][info][gc,heap        ] GC(310) Eden regions: 57->0(57)
[84.583s][info][gc,heap        ] GC(310) Survivor regions: 1->1(8)
[84.583s][info][gc,heap        ] GC(310) Old regions: 9->9
[84.583s][info][gc,heap        ] GC(310) Archive regions: 0->0
[84.583s][info][gc,heap        ] GC(310) Humongous regions: 0->0
[84.583s][info][gc,metaspace   ] GC(310) Metaspace: 74499K(75456K)->74499K(75456K) NonClass: 59184K(59456K)->59184K(59456K) Class: 15314K(16000K)->15314K(16000K)
[84.583s][info][gc             ] GC(310) Pause Young (Normal) (G1 Evacuation Pause) 951M->39M(1552M) 2.099ms
[84.583s][info][gc,cpu         ] GC(310) User=0.00s Sys=0.00s Real=0.00s
[84.817s][info][gc,start       ] GC(311) Pause Young (Normal) (G1 Evacuation Pause)
[84.818s][info][gc,task        ] GC(311) Using 33 workers of 33 for evacuation
[84.819s][info][gc,phases      ] GC(311)   Pre Evacuate Collection Set: 0.2ms
[84.819s][info][gc,phases      ] GC(311)   Merge Heap Roots: 0.2ms
[84.819s][info][gc,phases      ] GC(311)   Evacuate Collection Set: 0.9ms
[84.819s][info][gc,phases      ] GC(311)   Post Evacuate Collection Set: 0.6ms
[84.819s][info][gc,phases      ] GC(311)   Other: 0.1ms
[84.819s][info][gc,heap        ] GC(311) Eden regions: 57->0(57)
[84.819s][info][gc,heap        ] GC(311) Survivor regions: 1->1(8)
[84.820s][info][gc,heap        ] GC(311) Old regions: 9->9
[84.820s][info][gc,heap        ] GC(311) Archive regions: 0->0
[84.820s][info][gc,heap        ] GC(311) Humongous regions: 0->0
[84.820s][info][gc,metaspace   ] GC(311) Metaspace: 74499K(75456K)->74499K(75456K) NonClass: 59184K(59456K)->59184K(59456K) Class: 15314K(16000K)->15314K(16000K)
[84.820s][info][gc             ] GC(311) Pause Young (Normal) (G1 Evacuation Pause) 951M->39M(1552M) 2.154ms
[84.820s][info][gc,cpu         ] GC(311) User=0.00s Sys=0.00s Real=0.00s
[85.056s][info][gc,start       ] GC(312) Pause Young (Normal) (G1 Evacuation Pause)
[85.056s][info][gc,task        ] GC(312) Using 33 workers of 33 for evacuation
[85.058s][info][gc,phases      ] GC(312)   Pre Evacuate Collection Set: 0.2ms
[85.058s][info][gc,phases      ] GC(312)   Merge Heap Roots: 0.2ms
[85.058s][info][gc,phases      ] GC(312)   Evacuate Collection Set: 1.0ms
[85.058s][info][gc,phases      ] GC(312)   Post Evacuate Collection Set: 0.6ms
[85.058s][info][gc,phases      ] GC(312)   Other: 0.1ms
[85.058s][info][gc,heap        ] GC(312) Eden regions: 57->0(57)
[85.058s][info][gc,heap        ] GC(312) Survivor regions: 1->1(8)
[85.058s][info][gc,heap        ] GC(312) Old regions: 9->9
[85.058s][info][gc,heap        ] GC(312) Archive regions: 0->0
[85.058s][info][gc,heap        ] GC(312) Humongous regions: 0->0
[85.058s][info][gc,metaspace   ] GC(312) Metaspace: 74500K(75456K)->74500K(75456K) NonClass: 59185K(59456K)->59185K(59456K) Class: 15314K(16000K)->15314K(16000K)
[85.058s][info][gc             ] GC(312) Pause Young (Normal) (G1 Evacuation Pause) 951M->39M(1552M) 2.298ms
[85.058s][info][gc,cpu         ] GC(312) User=0.00s Sys=0.00s Real=0.00s
[85.298s][info][gc,start       ] GC(313) Pause Young (Normal) (G1 Evacuation Pause)
[85.298s][info][gc,task        ] GC(313) Using 33 workers of 33 for evacuation
[85.300s][info][gc,phases      ] GC(313)   Pre Evacuate Collection Set: 0.2ms
[85.300s][info][gc,phases      ] GC(313)   Merge Heap Roots: 0.3ms
[85.300s][info][gc,phases      ] GC(313)   Evacuate Collection Set: 0.9ms
[85.300s][info][gc,phases      ] GC(313)   Post Evacuate Collection Set: 0.6ms
[85.300s][info][gc,phases      ] GC(313)   Other: 0.1ms
[85.300s][info][gc,heap        ] GC(313) Eden regions: 57->0(57)
[85.300s][info][gc,heap        ] GC(313) Survivor regions: 1->1(8)
[85.300s][info][gc,heap        ] GC(313) Old regions: 9->9
[85.300s][info][gc,heap        ] GC(313) Archive regions: 0->0
[85.300s][info][gc,heap        ] GC(313) Humongous regions: 0->0
[85.300s][info][gc,metaspace   ] GC(313) Metaspace: 74500K(75456K)->74500K(75456K) NonClass: 59185K(59456K)->59185K(59456K) Class: 15314K(16000K)->15314K(16000K)
[85.300s][info][gc             ] GC(313) Pause Young (Normal) (G1 Evacuation Pause) 951M->39M(1552M) 2.224ms
[85.300s][info][gc,cpu         ] GC(313) User=0.00s Sys=0.00s Real=0.00s
[85.574s][info][gc,start       ] GC(314) Pause Young (Normal) (G1 Evacuation Pause)
[85.574s][info][gc,task        ] GC(314) Using 33 workers of 33 for evacuation
[85.576s][info][gc,phases      ] GC(314)   Pre Evacuate Collection Set: 0.2ms
[85.576s][info][gc,phases      ] GC(314)   Merge Heap Roots: 0.2ms
[85.576s][info][gc,phases      ] GC(314)   Evacuate Collection Set: 0.8ms
[85.576s][info][gc,phases      ] GC(314)   Post Evacuate Collection Set: 0.5ms
[85.576s][info][gc,phases      ] GC(314)   Other: 0.1ms
[85.576s][info][gc,heap        ] GC(314) Eden regions: 57->0(57)
[85.576s][info][gc,heap        ] GC(314) Survivor regions: 1->1(8)
[85.576s][info][gc,heap        ] GC(314) Old regions: 9->9
[85.576s][info][gc,heap        ] GC(314) Archive regions: 0->0
[85.576s][info][gc,heap        ] GC(314) Humongous regions: 0->0
[85.576s][info][gc,metaspace   ] GC(314) Metaspace: 74500K(75456K)->74500K(75456K) NonClass: 59185K(59456K)->59185K(59456K) Class: 15314K(16000K)->15314K(16000K)
[85.576s][info][gc             ] GC(314) Pause Young (Normal) (G1 Evacuation Pause) 951M->39M(1552M) 2.069ms
[85.576s][info][gc,cpu         ] GC(314) User=0.00s Sys=0.00s Real=0.00s
[86.010s][info][gc,start       ] GC(315) Pause Young (Normal) (G1 Evacuation Pause)
[86.010s][info][gc,task        ] GC(315) Using 33 workers of 33 for evacuation
[86.012s][info][gc,phases      ] GC(315)   Pre Evacuate Collection Set: 0.2ms
[86.012s][info][gc,phases      ] GC(315)   Merge Heap Roots: 0.2ms
[86.012s][info][gc,phases      ] GC(315)   Evacuate Collection Set: 0.9ms
[86.012s][info][gc,phases      ] GC(315)   Post Evacuate Collection Set: 0.5ms
[86.012s][info][gc,phases      ] GC(315)   Other: 0.1ms
[86.012s][info][gc,heap        ] GC(315) Eden regions: 57->0(57)
[86.012s][info][gc,heap        ] GC(315) Survivor regions: 1->1(8)
[86.012s][info][gc,heap        ] GC(315) Old regions: 9->9
[86.012s][info][gc,heap        ] GC(315) Archive regions: 0->0
[86.012s][info][gc,heap        ] GC(315) Humongous regions: 0->0
[86.012s][info][gc,metaspace   ] GC(315) Metaspace: 74500K(75456K)->74500K(75456K) NonClass: 59185K(59456K)->59185K(59456K) Class: 15314K(16000K)->15314K(16000K)
[86.012s][info][gc             ] GC(315) Pause Young (Normal) (G1 Evacuation Pause) 951M->39M(1552M) 2.081ms
[86.012s][info][gc,cpu         ] GC(315) User=0.00s Sys=0.00s Real=0.00s
[86.657s][info][gc,start       ] GC(316) Pause Young (Normal) (G1 Evacuation Pause)
[86.657s][info][gc,task        ] GC(316) Using 33 workers of 33 for evacuation
[86.659s][info][gc,phases      ] GC(316)   Pre Evacuate Collection Set: 0.1ms
[86.659s][info][gc,phases      ] GC(316)   Merge Heap Roots: 0.2ms
[86.659s][info][gc,phases      ] GC(316)   Evacuate Collection Set: 0.9ms
[86.659s][info][gc,phases      ] GC(316)   Post Evacuate Collection Set: 0.5ms
[86.659s][info][gc,phases      ] GC(316)   Other: 0.1ms
[86.659s][info][gc,heap        ] GC(316) Eden regions: 57->0(57)
[86.659s][info][gc,heap        ] GC(316) Survivor regions: 1->1(8)
[86.659s][info][gc,heap        ] GC(316) Old regions: 9->9
[86.659s][info][gc,heap        ] GC(316) Archive regions: 0->0
[86.659s][info][gc,heap        ] GC(316) Humongous regions: 0->0
[86.659s][info][gc,metaspace   ] GC(316) Metaspace: 74500K(75456K)->74500K(75456K) NonClass: 59185K(59456K)->59185K(59456K) Class: 15314K(16000K)->15314K(16000K)
[86.659s][info][gc             ] GC(316) Pause Young (Normal) (G1 Evacuation Pause) 951M->39M(1552M) 2.010ms
[86.659s][info][gc,cpu         ] GC(316) User=0.50s Sys=0.02s Real=0.02s
[87.314s][info][gc,start       ] GC(317) Pause Young (Normal) (G1 Evacuation Pause)
[87.315s][info][gc,task        ] GC(317) Using 33 workers of 33 for evacuation
[87.316s][info][gc,phases      ] GC(317)   Pre Evacuate Collection Set: 0.1ms
[87.316s][info][gc,phases      ] GC(317)   Merge Heap Roots: 0.2ms
[87.316s][info][gc,phases      ] GC(317)   Evacuate Collection Set: 0.8ms
[87.316s][info][gc,phases      ] GC(317)   Post Evacuate Collection Set: 0.5ms
[87.316s][info][gc,phases      ] GC(317)   Other: 0.1ms
[87.316s][info][gc,heap        ] GC(317) Eden regions: 57->0(57)
[87.316s][info][gc,heap        ] GC(317) Survivor regions: 1->1(8)
[87.316s][info][gc,heap        ] GC(317) Old regions: 9->9
[87.316s][info][gc,heap        ] GC(317) Archive regions: 0->0
[87.316s][info][gc,heap        ] GC(317) Humongous regions: 0->0
[87.316s][info][gc,metaspace   ] GC(317) Metaspace: 74500K(75456K)->74500K(75456K) NonClass: 59185K(59456K)->59185K(59456K) Class: 15314K(16000K)->15314K(16000K)
[87.316s][info][gc             ] GC(317) Pause Young (Normal) (G1 Evacuation Pause) 951M->39M(1552M) 1.923ms
[87.316s][info][gc,cpu         ] GC(317) User=0.00s Sys=0.00s Real=0.00s
[87.385s][info][gc,start       ] GC(318) Pause Full (System.gc())
[87.385s][info][gc,task        ] GC(318) Using 8 workers of 33 for full compaction
[87.386s][info][gc,phases,start] GC(318) Phase 1: Mark live objects
[87.405s][info][gc,phases      ] GC(318) Phase 1: Mark live objects 19.229ms
[87.405s][info][gc,phases,start] GC(318) Phase 2: Prepare compaction
[87.412s][info][gc,phases      ] GC(318) Phase 2: Prepare compaction 7.294ms
[87.412s][info][gc,phases,start] GC(318) Phase 3: Adjust pointers
[87.427s][info][gc,phases      ] GC(318) Phase 3: Adjust pointers 15.038ms
[87.427s][info][gc,phases,start] GC(318) Phase 4: Compact heap
[87.434s][info][gc,phases      ] GC(318) Phase 4: Compact heap 7.220ms
[87.456s][info][gc,heap        ] GC(318) Eden regions: 6->0(16)
[87.456s][info][gc,heap        ] GC(318) Survivor regions: 1->0(8)
[87.456s][info][gc,heap        ] GC(318) Old regions: 9->8
[87.456s][info][gc,heap        ] GC(318) Archive regions: 0->0
[87.456s][info][gc,heap        ] GC(318) Humongous regions: 0->0
[87.456s][info][gc,metaspace   ] GC(318) Metaspace: 74544K(75456K)->74544K(75456K) NonClass: 59229K(59456K)->59229K(59456K) Class: 15314K(16000K)->15314K(16000K)
[87.456s][info][gc             ] GC(318) Pause Full (System.gc()) 126M->35M(432M) 71.110ms
[87.456s][info][gc,cpu         ] GC(318) User=0.27s Sys=0.00s Real=0.06s
[87.552s][info][gc,start       ] GC(319) Pause Young (Normal) (G1 Evacuation Pause)
[87.552s][info][gc,task        ] GC(319) Using 33 workers of 33 for evacuation
[87.554s][info][gc,phases      ] GC(319)   Pre Evacuate Collection Set: 0.2ms
[87.555s][info][gc,phases      ] GC(319)   Merge Heap Roots: 0.2ms
[87.555s][info][gc,phases      ] GC(319)   Evacuate Collection Set: 1.3ms
[87.555s][info][gc,phases      ] GC(319)   Post Evacuate Collection Set: 0.6ms
[87.555s][info][gc,phases      ] GC(319)   Other: 0.1ms
[87.555s][info][gc,heap        ] GC(319) Eden regions: 16->0(15)
[87.555s][info][gc,heap        ] GC(319) Survivor regions: 0->1(2)
[87.555s][info][gc,heap        ] GC(319) Old regions: 8->8
[87.555s][info][gc,heap        ] GC(319) Archive regions: 0->0
[87.555s][info][gc,heap        ] GC(319) Humongous regions: 0->0
[87.555s][info][gc,metaspace   ] GC(319) Metaspace: 74769K(75648K)->74769K(75648K) NonClass: 59455K(59648K)->59455K(59648K) Class: 15314K(16000K)->15314K(16000K)
[87.555s][info][gc             ] GC(319) Pause Young (Normal) (G1 Evacuation Pause) 291M->38M(432M) 2.543ms
[87.555s][info][gc,cpu         ] GC(319) User=0.00s Sys=0.00s Real=0.00s
[87.618s][info][gc,start       ] GC(320) Pause Young (Normal) (G1 Evacuation Pause)
[87.618s][info][gc,task        ] GC(320) Using 33 workers of 33 for evacuation
[87.620s][info][gc,phases      ] GC(320)   Pre Evacuate Collection Set: 0.2ms
[87.620s][info][gc,phases      ] GC(320)   Merge Heap Roots: 0.2ms
[87.620s][info][gc,phases      ] GC(320)   Evacuate Collection Set: 1.2ms
[87.620s][info][gc,phases      ] GC(320)   Post Evacuate Collection Set: 0.6ms
[87.620s][info][gc,phases      ] GC(320)   Other: 0.1ms
[87.621s][info][gc,heap        ] GC(320) Eden regions: 15->0(15)
[87.621s][info][gc,heap        ] GC(320) Survivor regions: 1->1(2)
[87.621s][info][gc,heap        ] GC(320) Old regions: 8->8
[87.621s][info][gc,heap        ] GC(320) Archive regions: 0->0
[87.621s][info][gc,heap        ] GC(320) Humongous regions: 0->0
[87.621s][info][gc,metaspace   ] GC(320) Metaspace: 74769K(75648K)->74769K(75648K) NonClass: 59455K(59648K)->59455K(59648K) Class: 15314K(16000K)->15314K(16000K)
[87.621s][info][gc             ] GC(320) Pause Young (Normal) (G1 Evacuation Pause) 278M->38M(432M) 2.517ms
[87.621s][info][gc,cpu         ] GC(320) User=0.00s Sys=0.00s Real=0.00s
[87.683s][info][gc,start       ] GC(321) Pause Young (Normal) (G1 Evacuation Pause)
[87.684s][info][gc,task        ] GC(321) Using 33 workers of 33 for evacuation
[87.686s][info][gc,phases      ] GC(321)   Pre Evacuate Collection Set: 0.2ms
[87.686s][info][gc,phases      ] GC(321)   Merge Heap Roots: 0.2ms
[87.686s][info][gc,phases      ] GC(321)   Evacuate Collection Set: 1.2ms
[87.686s][info][gc,phases      ] GC(321)   Post Evacuate Collection Set: 0.6ms
[87.686s][info][gc,phases      ] GC(321)   Other: 0.1ms
[87.686s][info][gc,heap        ] GC(321) Eden regions: 15->0(15)
[87.686s][info][gc,heap        ] GC(321) Survivor regions: 1->1(2)
[87.686s][info][gc,heap        ] GC(321) Old regions: 8->8
[87.686s][info][gc,heap        ] GC(321) Archive regions: 0->0
[87.686s][info][gc,heap        ] GC(321) Humongous regions: 0->0
[87.686s][info][gc,metaspace   ] GC(321) Metaspace: 74769K(75648K)->74769K(75648K) NonClass: 59455K(59648K)->59455K(59648K) Class: 15314K(16000K)->15314K(16000K)
[87.686s][info][gc             ] GC(321) Pause Young (Normal) (G1 Evacuation Pause) 278M->38M(432M) 2.450ms
[87.686s][info][gc,cpu         ] GC(321) User=0.00s Sys=0.00s Real=0.00s
[87.749s][info][gc,start       ] GC(322) Pause Young (Normal) (G1 Evacuation Pause)
[87.749s][info][gc,task        ] GC(322) Using 33 workers of 33 for evacuation
[87.754s][info][gc,phases      ] GC(322)   Pre Evacuate Collection Set: 0.2ms
[87.754s][info][gc,phases      ] GC(322)   Merge Heap Roots: 0.2ms
[87.754s][info][gc,phases      ] GC(322)   Evacuate Collection Set: 1.2ms
[87.754s][info][gc,phases      ] GC(322)   Post Evacuate Collection Set: 2.8ms
[87.754s][info][gc,phases      ] GC(322)   Other: 0.1ms
[87.754s][info][gc,heap        ] GC(322) Eden regions: 15->0(45)
[87.754s][info][gc,heap        ] GC(322) Survivor regions: 1->1(2)
[87.754s][info][gc,heap        ] GC(322) Old regions: 8->8
[87.754s][info][gc,heap        ] GC(322) Archive regions: 0->0
[87.754s][info][gc,heap        ] GC(322) Humongous regions: 0->0
[87.754s][info][gc,metaspace   ] GC(322) Metaspace: 74769K(75648K)->74769K(75648K) NonClass: 59455K(59648K)->59455K(59648K) Class: 15314K(16000K)->15314K(16000K)
[87.754s][info][gc             ] GC(322) Pause Young (Normal) (G1 Evacuation Pause) 278M->38M(1248M) 4.756ms
[87.754s][info][gc,cpu         ] GC(322) User=0.00s Sys=0.00s Real=0.00s
[88.054s][info][gc,start       ] GC(323) Pause Young (Normal) (G1 Evacuation Pause)
[88.054s][info][gc,task        ] GC(323) Using 33 workers of 33 for evacuation
[88.059s][info][gc,phases      ] GC(323)   Pre Evacuate Collection Set: 0.2ms
[88.059s][info][gc,phases      ] GC(323)   Merge Heap Roots: 0.2ms
[88.059s][info][gc,phases      ] GC(323)   Evacuate Collection Set: 3.2ms
[88.059s][info][gc,phases      ] GC(323)   Post Evacuate Collection Set: 0.7ms
[88.059s][info][gc,phases      ] GC(323)   Other: 0.1ms
[88.059s][info][gc,heap        ] GC(323) Eden regions: 45->0(45)
[88.059s][info][gc,heap        ] GC(323) Survivor regions: 1->1(6)
[88.059s][info][gc,heap        ] GC(323) Old regions: 8->8
[88.059s][info][gc,heap        ] GC(323) Archive regions: 0->0
[88.059s][info][gc,heap        ] GC(323) Humongous regions: 0->0
[88.059s][info][gc,metaspace   ] GC(323) Metaspace: 74769K(75648K)->74769K(75648K) NonClass: 59455K(59648K)->59455K(59648K) Class: 15314K(16000K)->15314K(16000K)
[88.059s][info][gc             ] GC(323) Pause Young (Normal) (G1 Evacuation Pause) 758M->38M(1248M) 4.591ms
[88.059s][info][gc,cpu         ] GC(323) User=0.00s Sys=0.00s Real=0.00s
[88.244s][info][gc,start       ] GC(324) Pause Young (Normal) (G1 Evacuation Pause)
[88.244s][info][gc,task        ] GC(324) Using 33 workers of 33 for evacuation
[88.249s][info][gc,phases      ] GC(324)   Pre Evacuate Collection Set: 0.2ms
[88.249s][info][gc,phases      ] GC(324)   Merge Heap Roots: 0.2ms
[88.249s][info][gc,phases      ] GC(324)   Evacuate Collection Set: 3.0ms
[88.249s][info][gc,phases      ] GC(324)   Post Evacuate Collection Set: 0.7ms
[88.249s][info][gc,phases      ] GC(324)   Other: 0.1ms
[88.249s][info][gc,heap        ] GC(324) Eden regions: 45->0(45)
[88.249s][info][gc,heap        ] GC(324) Survivor regions: 1->1(6)
[88.249s][info][gc,heap        ] GC(324) Old regions: 8->8
[88.249s][info][gc,heap        ] GC(324) Archive regions: 0->0
[88.249s][info][gc,heap        ] GC(324) Humongous regions: 0->0
[88.249s][info][gc,metaspace   ] GC(324) Metaspace: 74769K(75648K)->74769K(75648K) NonClass: 59455K(59648K)->59455K(59648K) Class: 15314K(16000K)->15314K(16000K)
[88.249s][info][gc             ] GC(324) Pause Young (Normal) (G1 Evacuation Pause) 758M->38M(1248M) 4.439ms
[88.249s][info][gc,cpu         ] GC(324) User=0.00s Sys=0.00s Real=0.00s
[88.435s][info][gc,start       ] GC(325) Pause Young (Normal) (G1 Evacuation Pause)
[88.435s][info][gc,task        ] GC(325) Using 33 workers of 33 for evacuation
[88.437s][info][gc,phases      ] GC(325)   Pre Evacuate Collection Set: 0.2ms
[88.437s][info][gc,phases      ] GC(325)   Merge Heap Roots: 0.2ms
[88.437s][info][gc,phases      ] GC(325)   Evacuate Collection Set: 1.2ms
[88.437s][info][gc,phases      ] GC(325)   Post Evacuate Collection Set: 0.7ms
[88.437s][info][gc,phases      ] GC(325)   Other: 0.1ms
[88.437s][info][gc,heap        ] GC(325) Eden regions: 45->0(45)
[88.437s][info][gc,heap        ] GC(325) Survivor regions: 1->1(6)
[88.437s][info][gc,heap        ] GC(325) Old regions: 8->8
[88.437s][info][gc,heap        ] GC(325) Archive regions: 0->0
[88.437s][info][gc,heap        ] GC(325) Humongous regions: 0->0
[88.437s][info][gc,metaspace   ] GC(325) Metaspace: 74769K(75648K)->74769K(75648K) NonClass: 59455K(59648K)->59455K(59648K) Class: 15314K(16000K)->15314K(16000K)
[88.437s][info][gc             ] GC(325) Pause Young (Normal) (G1 Evacuation Pause) 758M->38M(1248M) 2.622ms
[88.437s][info][gc,cpu         ] GC(325) User=0.00s Sys=0.00s Real=0.00s
[88.623s][info][gc,start       ] GC(326) Pause Young (Normal) (G1 Evacuation Pause)
[88.623s][info][gc,task        ] GC(326) Using 33 workers of 33 for evacuation
[88.627s][info][gc,phases      ] GC(326)   Pre Evacuate Collection Set: 0.2ms
[88.627s][info][gc,phases      ] GC(326)   Merge Heap Roots: 0.2ms
[88.627s][info][gc,phases      ] GC(326)   Evacuate Collection Set: 1.1ms
[88.627s][info][gc,phases      ] GC(326)   Post Evacuate Collection Set: 1.7ms
[88.627s][info][gc,phases      ] GC(326)   Other: 0.1ms
[88.627s][info][gc,heap        ] GC(326) Eden regions: 45->0(57)
[88.627s][info][gc,heap        ] GC(326) Survivor regions: 1->1(6)
[88.627s][info][gc,heap        ] GC(326) Old regions: 8->8
[88.627s][info][gc,heap        ] GC(326) Archive regions: 0->0
[88.627s][info][gc,heap        ] GC(326) Humongous regions: 0->0
[88.627s][info][gc,metaspace   ] GC(326) Metaspace: 74769K(75648K)->74769K(75648K) NonClass: 59455K(59648K)->59455K(59648K) Class: 15314K(16000K)->15314K(16000K)
[88.627s][info][gc             ] GC(326) Pause Young (Normal) (G1 Evacuation Pause) 758M->38M(1552M) 3.513ms
[88.627s][info][gc,cpu         ] GC(326) User=0.00s Sys=0.00s Real=0.00s
[88.897s][info][gc,start       ] GC(327) Pause Young (Normal) (G1 Evacuation Pause)
[88.897s][info][gc,task        ] GC(327) Using 33 workers of 33 for evacuation
[88.900s][info][gc,phases      ] GC(327)   Pre Evacuate Collection Set: 0.2ms
[88.900s][info][gc,phases      ] GC(327)   Merge Heap Roots: 0.2ms
[88.900s][info][gc,phases      ] GC(327)   Evacuate Collection Set: 1.2ms
[88.900s][info][gc,phases      ] GC(327)   Post Evacuate Collection Set: 0.7ms
[88.900s][info][gc,phases      ] GC(327)   Other: 0.1ms
[88.900s][info][gc,heap        ] GC(327) Eden regions: 57->0(57)
[88.900s][info][gc,heap        ] GC(327) Survivor regions: 1->1(8)
[88.900s][info][gc,heap        ] GC(327) Old regions: 8->8
[88.900s][info][gc,heap        ] GC(327) Archive regions: 0->0
[88.900s][info][gc,heap        ] GC(327) Humongous regions: 0->0
[88.900s][info][gc,metaspace   ] GC(327) Metaspace: 74769K(75648K)->74769K(75648K) NonClass: 59455K(59648K)->59455K(59648K) Class: 15314K(16000K)->15314K(16000K)
[88.900s][info][gc             ] GC(327) Pause Young (Normal) (G1 Evacuation Pause) 950M->38M(1552M) 2.594ms
[88.900s][info][gc,cpu         ] GC(327) User=0.00s Sys=0.00s Real=0.00s
[89.135s][info][gc,start       ] GC(328) Pause Young (Normal) (G1 Evacuation Pause)
[89.135s][info][gc,task        ] GC(328) Using 33 workers of 33 for evacuation
[89.137s][info][gc,phases      ] GC(328)   Pre Evacuate Collection Set: 0.2ms
[89.137s][info][gc,phases      ] GC(328)   Merge Heap Roots: 0.2ms
[89.137s][info][gc,phases      ] GC(328)   Evacuate Collection Set: 1.1ms
[89.137s][info][gc,phases      ] GC(328)   Post Evacuate Collection Set: 0.7ms
[89.137s][info][gc,phases      ] GC(328)   Other: 0.1ms
[89.137s][info][gc,heap        ] GC(328) Eden regions: 57->0(57)
[89.137s][info][gc,heap        ] GC(328) Survivor regions: 1->1(8)
[89.137s][info][gc,heap        ] GC(328) Old regions: 8->8
[89.137s][info][gc,heap        ] GC(328) Archive regions: 0->0
[89.137s][info][gc,heap        ] GC(328) Humongous regions: 0->0
[89.137s][info][gc,metaspace   ] GC(328) Metaspace: 74769K(75648K)->74769K(75648K) NonClass: 59455K(59648K)->59455K(59648K) Class: 15314K(16000K)->15314K(16000K)
[89.137s][info][gc             ] GC(328) Pause Young (Normal) (G1 Evacuation Pause) 950M->38M(1552M) 2.548ms
[89.137s][info][gc,cpu         ] GC(328) User=0.00s Sys=0.00s Real=0.00s
[89.372s][info][gc,start       ] GC(329) Pause Young (Normal) (G1 Evacuation Pause)
[89.372s][info][gc,task        ] GC(329) Using 33 workers of 33 for evacuation
[89.375s][info][gc,phases      ] GC(329)   Pre Evacuate Collection Set: 0.2ms
[89.375s][info][gc,phases      ] GC(329)   Merge Heap Roots: 0.2ms
[89.375s][info][gc,phases      ] GC(329)   Evacuate Collection Set: 1.3ms
[89.375s][info][gc,phases      ] GC(329)   Post Evacuate Collection Set: 0.7ms
[89.375s][info][gc,phases      ] GC(329)   Other: 0.1ms
[89.375s][info][gc,heap        ] GC(329) Eden regions: 57->0(57)
[89.375s][info][gc,heap        ] GC(329) Survivor regions: 1->1(8)
[89.375s][info][gc,heap        ] GC(329) Old regions: 8->8
[89.375s][info][gc,heap        ] GC(329) Archive regions: 0->0
[89.375s][info][gc,heap        ] GC(329) Humongous regions: 0->0
[89.375s][info][gc,metaspace   ] GC(329) Metaspace: 74769K(75648K)->74769K(75648K) NonClass: 59455K(59648K)->59455K(59648K) Class: 15314K(16000K)->15314K(16000K)
[89.375s][info][gc             ] GC(329) Pause Young (Normal) (G1 Evacuation Pause) 950M->38M(1552M) 2.736ms
[89.375s][info][gc,cpu         ] GC(329) User=0.00s Sys=0.00s Real=0.00s
[89.610s][info][gc,start       ] GC(330) Pause Young (Normal) (G1 Evacuation Pause)
[89.610s][info][gc,task        ] GC(330) Using 33 workers of 33 for evacuation
[89.612s][info][gc,phases      ] GC(330)   Pre Evacuate Collection Set: 0.2ms
[89.612s][info][gc,phases      ] GC(330)   Merge Heap Roots: 0.2ms
[89.612s][info][gc,phases      ] GC(330)   Evacuate Collection Set: 1.1ms
[89.612s][info][gc,phases      ] GC(330)   Post Evacuate Collection Set: 0.7ms
[89.612s][info][gc,phases      ] GC(330)   Other: 0.1ms
[89.612s][info][gc,heap        ] GC(330) Eden regions: 57->0(57)
[89.612s][info][gc,heap        ] GC(330) Survivor regions: 1->1(8)
[89.612s][info][gc,heap        ] GC(330) Old regions: 8->8
[89.612s][info][gc,heap        ] GC(330) Archive regions: 0->0
[89.612s][info][gc,heap        ] GC(330) Humongous regions: 0->0
[89.612s][info][gc,metaspace   ] GC(330) Metaspace: 74769K(75648K)->74769K(75648K) NonClass: 59455K(59648K)->59455K(59648K) Class: 15314K(16000K)->15314K(16000K)
[89.612s][info][gc             ] GC(330) Pause Young (Normal) (G1 Evacuation Pause) 950M->38M(1552M) 2.680ms
[89.612s][info][gc,cpu         ] GC(330) User=0.00s Sys=0.00s Real=0.00s
[89.848s][info][gc,start       ] GC(331) Pause Young (Normal) (G1 Evacuation Pause)
[89.848s][info][gc,task        ] GC(331) Using 33 workers of 33 for evacuation
[89.850s][info][gc,phases      ] GC(331)   Pre Evacuate Collection Set: 0.2ms
[89.850s][info][gc,phases      ] GC(331)   Merge Heap Roots: 0.2ms
[89.850s][info][gc,phases      ] GC(331)   Evacuate Collection Set: 1.2ms
[89.850s][info][gc,phases      ] GC(331)   Post Evacuate Collection Set: 0.7ms
[89.850s][info][gc,phases      ] GC(331)   Other: 0.1ms
[89.850s][info][gc,heap        ] GC(331) Eden regions: 57->0(57)
[89.850s][info][gc,heap        ] GC(331) Survivor regions: 1->1(8)
[89.850s][info][gc,heap        ] GC(331) Old regions: 8->8
[89.850s][info][gc,heap        ] GC(331) Archive regions: 0->0
[89.850s][info][gc,heap        ] GC(331) Humongous regions: 0->0
[89.850s][info][gc,metaspace   ] GC(331) Metaspace: 74769K(75648K)->74769K(75648K) NonClass: 59455K(59648K)->59455K(59648K) Class: 15314K(16000K)->15314K(16000K)
[89.850s][info][gc             ] GC(331) Pause Young (Normal) (G1 Evacuation Pause) 950M->38M(1552M) 2.631ms
[89.850s][info][gc,cpu         ] GC(331) User=0.00s Sys=0.00s Real=0.00s
[90.085s][info][gc,start       ] GC(332) Pause Young (Normal) (G1 Evacuation Pause)
[90.085s][info][gc,task        ] GC(332) Using 33 workers of 33 for evacuation
[90.088s][info][gc,phases      ] GC(332)   Pre Evacuate Collection Set: 0.2ms
[90.088s][info][gc,phases      ] GC(332)   Merge Heap Roots: 0.2ms
[90.088s][info][gc,phases      ] GC(332)   Evacuate Collection Set: 1.1ms
[90.088s][info][gc,phases      ] GC(332)   Post Evacuate Collection Set: 0.7ms
[90.088s][info][gc,phases      ] GC(332)   Other: 0.1ms
[90.088s][info][gc,heap        ] GC(332) Eden regions: 57->0(57)
[90.088s][info][gc,heap        ] GC(332) Survivor regions: 1->1(8)
[90.088s][info][gc,heap        ] GC(332) Old regions: 8->8
[90.088s][info][gc,heap        ] GC(332) Archive regions: 0->0
[90.088s][info][gc,heap        ] GC(332) Humongous regions: 0->0
[90.088s][info][gc,metaspace   ] GC(332) Metaspace: 74769K(75648K)->74769K(75648K) NonClass: 59455K(59648K)->59455K(59648K) Class: 15314K(16000K)->15314K(16000K)
[90.088s][info][gc             ] GC(332) Pause Young (Normal) (G1 Evacuation Pause) 950M->38M(1552M) 2.476ms
[90.088s][info][gc,cpu         ] GC(332) User=0.00s Sys=0.00s Real=0.00s
[90.323s][info][gc,start       ] GC(333) Pause Young (Normal) (G1 Evacuation Pause)
[90.323s][info][gc,task        ] GC(333) Using 33 workers of 33 for evacuation
[90.325s][info][gc,phases      ] GC(333)   Pre Evacuate Collection Set: 0.2ms
[90.325s][info][gc,phases      ] GC(333)   Merge Heap Roots: 0.2ms
[90.325s][info][gc,phases      ] GC(333)   Evacuate Collection Set: 1.1ms
[90.325s][info][gc,phases      ] GC(333)   Post Evacuate Collection Set: 0.7ms
[90.325s][info][gc,phases      ] GC(333)   Other: 0.1ms
[90.325s][info][gc,heap        ] GC(333) Eden regions: 57->0(57)
[90.325s][info][gc,heap        ] GC(333) Survivor regions: 1->1(8)
[90.325s][info][gc,heap        ] GC(333) Old regions: 8->8
[90.325s][info][gc,heap        ] GC(333) Archive regions: 0->0
[90.325s][info][gc,heap        ] GC(333) Humongous regions: 0->0
[90.325s][info][gc,metaspace   ] GC(333) Metaspace: 74769K(75648K)->74769K(75648K) NonClass: 59455K(59648K)->59455K(59648K) Class: 15314K(16000K)->15314K(16000K)
[90.325s][info][gc             ] GC(333) Pause Young (Normal) (G1 Evacuation Pause) 950M->38M(1552M) 2.536ms
[90.325s][info][gc,cpu         ] GC(333) User=0.00s Sys=0.00s Real=0.00s
[90.560s][info][gc,start       ] GC(334) Pause Young (Normal) (G1 Evacuation Pause)
[90.560s][info][gc,task        ] GC(334) Using 33 workers of 33 for evacuation
[90.562s][info][gc,phases      ] GC(334)   Pre Evacuate Collection Set: 0.2ms
[90.562s][info][gc,phases      ] GC(334)   Merge Heap Roots: 0.2ms
[90.562s][info][gc,phases      ] GC(334)   Evacuate Collection Set: 1.2ms
[90.562s][info][gc,phases      ] GC(334)   Post Evacuate Collection Set: 0.5ms
[90.562s][info][gc,phases      ] GC(334)   Other: 0.1ms
[90.562s][info][gc,heap        ] GC(334) Eden regions: 57->0(57)
[90.562s][info][gc,heap        ] GC(334) Survivor regions: 1->1(8)
[90.562s][info][gc,heap        ] GC(334) Old regions: 8->9
[90.562s][info][gc,heap        ] GC(334) Archive regions: 0->0
[90.562s][info][gc,heap        ] GC(334) Humongous regions: 0->0
[90.562s][info][gc,metaspace   ] GC(334) Metaspace: 74769K(75648K)->74769K(75648K) NonClass: 59455K(59648K)->59455K(59648K) Class: 15314K(16000K)->15314K(16000K)
[90.562s][info][gc             ] GC(334) Pause Young (Normal) (G1 Evacuation Pause) 950M->39M(1552M) 2.366ms
[90.562s][info][gc,cpu         ] GC(334) User=0.00s Sys=0.00s Real=0.00s
[90.799s][info][gc,start       ] GC(335) Pause Young (Normal) (G1 Evacuation Pause)
[90.799s][info][gc,task        ] GC(335) Using 33 workers of 33 for evacuation
[90.801s][info][gc,phases      ] GC(335)   Pre Evacuate Collection Set: 0.2ms
[90.801s][info][gc,phases      ] GC(335)   Merge Heap Roots: 0.2ms
[90.801s][info][gc,phases      ] GC(335)   Evacuate Collection Set: 0.8ms
[90.801s][info][gc,phases      ] GC(335)   Post Evacuate Collection Set: 0.5ms
[90.801s][info][gc,phases      ] GC(335)   Other: 0.1ms
[90.801s][info][gc,heap        ] GC(335) Eden regions: 57->0(57)
[90.801s][info][gc,heap        ] GC(335) Survivor regions: 1->1(8)
[90.801s][info][gc,heap        ] GC(335) Old regions: 9->9
[90.801s][info][gc,heap        ] GC(335) Archive regions: 0->0
[90.801s][info][gc,heap        ] GC(335) Humongous regions: 0->0
[90.801s][info][gc,metaspace   ] GC(335) Metaspace: 74769K(75648K)->74769K(75648K) NonClass: 59455K(59648K)->59455K(59648K) Class: 15314K(16000K)->15314K(16000K)
[90.801s][info][gc             ] GC(335) Pause Young (Normal) (G1 Evacuation Pause) 951M->38M(1552M) 2.037ms
[90.801s][info][gc,cpu         ] GC(335) User=0.00s Sys=0.00s Real=0.00s
[91.036s][info][gc,start       ] GC(336) Pause Young (Normal) (G1 Evacuation Pause)
[91.037s][info][gc,task        ] GC(336) Using 33 workers of 33 for evacuation
[91.038s][info][gc,phases      ] GC(336)   Pre Evacuate Collection Set: 0.2ms
[91.038s][info][gc,phases      ] GC(336)   Merge Heap Roots: 0.2ms
[91.038s][info][gc,phases      ] GC(336)   Evacuate Collection Set: 0.9ms
[91.038s][info][gc,phases      ] GC(336)   Post Evacuate Collection Set: 0.5ms
[91.038s][info][gc,phases      ] GC(336)   Other: 0.1ms
[91.039s][info][gc,heap        ] GC(336) Eden regions: 57->0(57)
[91.039s][info][gc,heap        ] GC(336) Survivor regions: 1->1(8)
[91.039s][info][gc,heap        ] GC(336) Old regions: 9->9
[91.039s][info][gc,heap        ] GC(336) Archive regions: 0->0
[91.039s][info][gc,heap        ] GC(336) Humongous regions: 0->0
[91.039s][info][gc,metaspace   ] GC(336) Metaspace: 74769K(75648K)->74769K(75648K) NonClass: 59455K(59648K)->59455K(59648K) Class: 15314K(16000K)->15314K(16000K)
[91.039s][info][gc             ] GC(336) Pause Young (Normal) (G1 Evacuation Pause) 950M->38M(1552M) 2.128ms
[91.039s][info][gc,cpu         ] GC(336) User=0.00s Sys=0.00s Real=0.00s
[91.274s][info][gc,start       ] GC(337) Pause Young (Normal) (G1 Evacuation Pause)
[91.274s][info][gc,task        ] GC(337) Using 33 workers of 33 for evacuation
[91.276s][info][gc,phases      ] GC(337)   Pre Evacuate Collection Set: 0.2ms
[91.276s][info][gc,phases      ] GC(337)   Merge Heap Roots: 0.2ms
[91.276s][info][gc,phases      ] GC(337)   Evacuate Collection Set: 0.9ms
[91.276s][info][gc,phases      ] GC(337)   Post Evacuate Collection Set: 0.5ms
[91.276s][info][gc,phases      ] GC(337)   Other: 0.1ms
[91.276s][info][gc,heap        ] GC(337) Eden regions: 57->0(57)
[91.276s][info][gc,heap        ] GC(337) Survivor regions: 1->1(8)
[91.276s][info][gc,heap        ] GC(337) Old regions: 9->9
[91.276s][info][gc,heap        ] GC(337) Archive regions: 0->0
[91.276s][info][gc,heap        ] GC(337) Humongous regions: 0->0
[91.277s][info][gc,metaspace   ] GC(337) Metaspace: 74769K(75648K)->74769K(75648K) NonClass: 59455K(59648K)->59455K(59648K) Class: 15314K(16000K)->15314K(16000K)
[91.277s][info][gc             ] GC(337) Pause Young (Normal) (G1 Evacuation Pause) 950M->38M(1552M) 2.212ms
[91.277s][info][gc,cpu         ] GC(337) User=0.00s Sys=0.00s Real=0.00s
[91.512s][info][gc,start       ] GC(338) Pause Young (Normal) (G1 Evacuation Pause)
[91.513s][info][gc,task        ] GC(338) Using 33 workers of 33 for evacuation
[91.514s][info][gc,phases      ] GC(338)   Pre Evacuate Collection Set: 0.2ms
[91.514s][info][gc,phases      ] GC(338)   Merge Heap Roots: 0.2ms
[91.514s][info][gc,phases      ] GC(338)   Evacuate Collection Set: 0.9ms
[91.514s][info][gc,phases      ] GC(338)   Post Evacuate Collection Set: 0.5ms
[91.514s][info][gc,phases      ] GC(338)   Other: 0.1ms
[91.514s][info][gc,heap        ] GC(338) Eden regions: 57->0(57)
[91.514s][info][gc,heap        ] GC(338) Survivor regions: 1->1(8)
[91.514s][info][gc,heap        ] GC(338) Old regions: 9->9
[91.514s][info][gc,heap        ] GC(338) Archive regions: 0->0
[91.515s][info][gc,heap        ] GC(338) Humongous regions: 0->0
[91.515s][info][gc,metaspace   ] GC(338) Metaspace: 74769K(75648K)->74769K(75648K) NonClass: 59455K(59648K)->59455K(59648K) Class: 15314K(16000K)->15314K(16000K)
[91.515s][info][gc             ] GC(338) Pause Young (Normal) (G1 Evacuation Pause) 950M->38M(1552M) 2.083ms
[91.515s][info][gc,cpu         ] GC(338) User=0.00s Sys=0.00s Real=0.00s
[91.750s][info][gc,start       ] GC(339) Pause Young (Normal) (G1 Evacuation Pause)
[91.750s][info][gc,task        ] GC(339) Using 33 workers of 33 for evacuation
[91.752s][info][gc,phases      ] GC(339)   Pre Evacuate Collection Set: 0.2ms
[91.752s][info][gc,phases      ] GC(339)   Merge Heap Roots: 0.2ms
[91.752s][info][gc,phases      ] GC(339)   Evacuate Collection Set: 0.8ms
[91.752s][info][gc,phases      ] GC(339)   Post Evacuate Collection Set: 0.5ms
[91.752s][info][gc,phases      ] GC(339)   Other: 0.1ms
[91.752s][info][gc,heap        ] GC(339) Eden regions: 57->0(57)
[91.752s][info][gc,heap        ] GC(339) Survivor regions: 1->1(8)
[91.752s][info][gc,heap        ] GC(339) Old regions: 9->9
[91.752s][info][gc,heap        ] GC(339) Archive regions: 0->0
[91.752s][info][gc,heap        ] GC(339) Humongous regions: 0->0
[91.752s][info][gc,metaspace   ] GC(339) Metaspace: 74769K(75648K)->74769K(75648K) NonClass: 59455K(59648K)->59455K(59648K) Class: 15314K(16000K)->15314K(16000K)
[91.752s][info][gc             ] GC(339) Pause Young (Normal) (G1 Evacuation Pause) 950M->38M(1552M) 2.059ms
[91.752s][info][gc,cpu         ] GC(339) User=0.00s Sys=0.00s Real=0.00s
[91.988s][info][gc,start       ] GC(340) Pause Young (Normal) (G1 Evacuation Pause)
[91.988s][info][gc,task        ] GC(340) Using 33 workers of 33 for evacuation
[91.990s][info][gc,phases      ] GC(340)   Pre Evacuate Collection Set: 0.2ms
[91.990s][info][gc,phases      ] GC(340)   Merge Heap Roots: 0.2ms
[91.990s][info][gc,phases      ] GC(340)   Evacuate Collection Set: 0.9ms
[91.990s][info][gc,phases      ] GC(340)   Post Evacuate Collection Set: 0.5ms
[91.990s][info][gc,phases      ] GC(340)   Other: 0.1ms
[91.990s][info][gc,heap        ] GC(340) Eden regions: 57->0(57)
[91.990s][info][gc,heap        ] GC(340) Survivor regions: 1->1(8)
[91.990s][info][gc,heap        ] GC(340) Old regions: 9->9
[91.990s][info][gc,heap        ] GC(340) Archive regions: 0->0
[91.990s][info][gc,heap        ] GC(340) Humongous regions: 0->0
[91.990s][info][gc,metaspace   ] GC(340) Metaspace: 74769K(75648K)->74769K(75648K) NonClass: 59455K(59648K)->59455K(59648K) Class: 15314K(16000K)->15314K(16000K)
[91.990s][info][gc             ] GC(340) Pause Young (Normal) (G1 Evacuation Pause) 950M->38M(1552M) 2.110ms
[91.990s][info][gc,cpu         ] GC(340) User=0.00s Sys=0.00s Real=0.00s
[92.226s][info][gc,start       ] GC(341) Pause Young (Normal) (G1 Evacuation Pause)
[92.226s][info][gc,task        ] GC(341) Using 33 workers of 33 for evacuation
[92.228s][info][gc,phases      ] GC(341)   Pre Evacuate Collection Set: 0.2ms
[92.228s][info][gc,phases      ] GC(341)   Merge Heap Roots: 0.2ms
[92.228s][info][gc,phases      ] GC(341)   Evacuate Collection Set: 0.9ms
[92.228s][info][gc,phases      ] GC(341)   Post Evacuate Collection Set: 0.5ms
[92.228s][info][gc,phases      ] GC(341)   Other: 0.1ms
[92.228s][info][gc,heap        ] GC(341) Eden regions: 57->0(57)
[92.228s][info][gc,heap        ] GC(341) Survivor regions: 1->1(8)
[92.228s][info][gc,heap        ] GC(341) Old regions: 9->9
[92.228s][info][gc,heap        ] GC(341) Archive regions: 0->0
[92.228s][info][gc,heap        ] GC(341) Humongous regions: 0->0
[92.228s][info][gc,metaspace   ] GC(341) Metaspace: 74769K(75648K)->74769K(75648K) NonClass: 59455K(59648K)->59455K(59648K) Class: 15314K(16000K)->15314K(16000K)
[92.228s][info][gc             ] GC(341) Pause Young (Normal) (G1 Evacuation Pause) 950M->38M(1552M) 2.093ms
[92.228s][info][gc,cpu         ] GC(341) User=0.00s Sys=0.00s Real=0.00s
[92.466s][info][gc,start       ] GC(342) Pause Young (Normal) (G1 Evacuation Pause)
[92.469s][info][gc,task        ] GC(342) Using 33 workers of 33 for evacuation
[92.471s][info][gc,phases      ] GC(342)   Pre Evacuate Collection Set: 0.2ms
[92.471s][info][gc,phases      ] GC(342)   Merge Heap Roots: 0.2ms
[92.471s][info][gc,phases      ] GC(342)   Evacuate Collection Set: 0.8ms
[92.471s][info][gc,phases      ] GC(342)   Post Evacuate Collection Set: 0.6ms
[92.471s][info][gc,phases      ] GC(342)   Other: 0.1ms
[92.471s][info][gc,heap        ] GC(342) Eden regions: 57->0(57)
[92.471s][info][gc,heap        ] GC(342) Survivor regions: 1->1(8)
[92.471s][info][gc,heap        ] GC(342) Old regions: 9->9
[92.471s][info][gc,heap        ] GC(342) Archive regions: 0->0
[92.471s][info][gc,heap        ] GC(342) Humongous regions: 0->0
[92.471s][info][gc,metaspace   ] GC(342) Metaspace: 74769K(75648K)->74769K(75648K) NonClass: 59455K(59648K)->59455K(59648K) Class: 15314K(16000K)->15314K(16000K)
[92.471s][info][gc             ] GC(342) Pause Young (Normal) (G1 Evacuation Pause) 950M->38M(1552M) 5.516ms
[92.472s][info][gc,cpu         ] GC(342) User=0.00s Sys=0.00s Real=0.00s
[92.713s][info][gc,start       ] GC(343) Pause Young (Normal) (G1 Evacuation Pause)
[92.713s][info][gc,task        ] GC(343) Using 33 workers of 33 for evacuation
[92.715s][info][gc,phases      ] GC(343)   Pre Evacuate Collection Set: 0.2ms
[92.715s][info][gc,phases      ] GC(343)   Merge Heap Roots: 0.2ms
[92.715s][info][gc,phases      ] GC(343)   Evacuate Collection Set: 0.9ms
[92.715s][info][gc,phases      ] GC(343)   Post Evacuate Collection Set: 0.6ms
[92.715s][info][gc,phases      ] GC(343)   Other: 0.1ms
[92.715s][info][gc,heap        ] GC(343) Eden regions: 57->0(57)
[92.715s][info][gc,heap        ] GC(343) Survivor regions: 1->1(8)
[92.715s][info][gc,heap        ] GC(343) Old regions: 9->9
[92.715s][info][gc,heap        ] GC(343) Archive regions: 0->0
[92.715s][info][gc,heap        ] GC(343) Humongous regions: 0->0
[92.715s][info][gc,metaspace   ] GC(343) Metaspace: 74769K(75648K)->74769K(75648K) NonClass: 59455K(59648K)->59455K(59648K) Class: 15314K(16000K)->15314K(16000K)
[92.715s][info][gc             ] GC(343) Pause Young (Normal) (G1 Evacuation Pause) 950M->39M(1552M) 2.166ms
[92.715s][info][gc,cpu         ] GC(343) User=0.00s Sys=0.00s Real=0.00s
[92.991s][info][gc,start       ] GC(344) Pause Young (Normal) (G1 Evacuation Pause)
[92.991s][info][gc,task        ] GC(344) Using 33 workers of 33 for evacuation
[92.993s][info][gc,phases      ] GC(344)   Pre Evacuate Collection Set: 0.2ms
[92.993s][info][gc,phases      ] GC(344)   Merge Heap Roots: 0.2ms
[92.993s][info][gc,phases      ] GC(344)   Evacuate Collection Set: 0.8ms
[92.993s][info][gc,phases      ] GC(344)   Post Evacuate Collection Set: 0.5ms
[92.993s][info][gc,phases      ] GC(344)   Other: 0.1ms
[92.993s][info][gc,heap        ] GC(344) Eden regions: 57->0(57)
[92.993s][info][gc,heap        ] GC(344) Survivor regions: 1->1(8)
[92.993s][info][gc,heap        ] GC(344) Old regions: 9->9
[92.993s][info][gc,heap        ] GC(344) Archive regions: 0->0
[92.993s][info][gc,heap        ] GC(344) Humongous regions: 0->0
[92.993s][info][gc,metaspace   ] GC(344) Metaspace: 74769K(75648K)->74769K(75648K) NonClass: 59455K(59648K)->59455K(59648K) Class: 15314K(16000K)->15314K(16000K)
[92.993s][info][gc             ] GC(344) Pause Young (Normal) (G1 Evacuation Pause) 951M->38M(1552M) 2.012ms
[92.993s][info][gc,cpu         ] GC(344) User=0.00s Sys=0.00s Real=0.00s
[93.399s][info][gc,start       ] GC(345) Pause Young (Normal) (G1 Evacuation Pause)
[93.400s][info][gc,task        ] GC(345) Using 33 workers of 33 for evacuation
[93.401s][info][gc,phases      ] GC(345)   Pre Evacuate Collection Set: 0.2ms
[93.401s][info][gc,phases      ] GC(345)   Merge Heap Roots: 0.2ms
[93.401s][info][gc,phases      ] GC(345)   Evacuate Collection Set: 0.8ms
[93.401s][info][gc,phases      ] GC(345)   Post Evacuate Collection Set: 0.5ms
[93.401s][info][gc,phases      ] GC(345)   Other: 0.1ms
[93.401s][info][gc,heap        ] GC(345) Eden regions: 57->0(57)
[93.401s][info][gc,heap        ] GC(345) Survivor regions: 1->1(8)
[93.401s][info][gc,heap        ] GC(345) Old regions: 9->9
[93.401s][info][gc,heap        ] GC(345) Archive regions: 0->0
[93.401s][info][gc,heap        ] GC(345) Humongous regions: 0->0
[93.401s][info][gc,metaspace   ] GC(345) Metaspace: 74774K(75648K)->74774K(75648K) NonClass: 59459K(59648K)->59459K(59648K) Class: 15314K(16000K)->15314K(16000K)
[93.401s][info][gc             ] GC(345) Pause Young (Normal) (G1 Evacuation Pause) 950M->38M(1552M) 2.043ms
[93.402s][info][gc,cpu         ] GC(345) User=0.00s Sys=0.00s Real=0.00s
[93.988s][info][gc,start       ] GC(346) Pause Young (Normal) (G1 Evacuation Pause)
[93.988s][info][gc,task        ] GC(346) Using 33 workers of 33 for evacuation
[93.989s][info][gc,phases      ] GC(346)   Pre Evacuate Collection Set: 0.1ms
[93.989s][info][gc,phases      ] GC(346)   Merge Heap Roots: 0.2ms
[93.990s][info][gc,phases      ] GC(346)   Evacuate Collection Set: 0.8ms
[93.990s][info][gc,phases      ] GC(346)   Post Evacuate Collection Set: 0.5ms
[93.990s][info][gc,phases      ] GC(346)   Other: 0.1ms
[93.990s][info][gc,heap        ] GC(346) Eden regions: 57->0(57)
[93.990s][info][gc,heap        ] GC(346) Survivor regions: 1->1(8)
[93.990s][info][gc,heap        ] GC(346) Old regions: 9->9
[93.990s][info][gc,heap        ] GC(346) Archive regions: 0->0
[93.990s][info][gc,heap        ] GC(346) Humongous regions: 0->0
[93.990s][info][gc,metaspace   ] GC(346) Metaspace: 74774K(75648K)->74774K(75648K) NonClass: 59459K(59648K)->59459K(59648K) Class: 15314K(16000K)->15314K(16000K)
[93.990s][info][gc             ] GC(346) Pause Young (Normal) (G1 Evacuation Pause) 950M->38M(1552M) 1.992ms
[93.990s][info][gc,cpu         ] GC(346) User=0.44s Sys=0.05s Real=0.02s
[94.577s][info][gc,start       ] GC(347) Pause Young (Normal) (G1 Evacuation Pause)
[94.577s][info][gc,task        ] GC(347) Using 33 workers of 33 for evacuation
[94.579s][info][gc,phases      ] GC(347)   Pre Evacuate Collection Set: 0.2ms
[94.579s][info][gc,phases      ] GC(347)   Merge Heap Roots: 0.2ms
[94.579s][info][gc,phases      ] GC(347)   Evacuate Collection Set: 0.9ms
[94.579s][info][gc,phases      ] GC(347)   Post Evacuate Collection Set: 0.5ms
[94.579s][info][gc,phases      ] GC(347)   Other: 0.1ms
[94.579s][info][gc,heap        ] GC(347) Eden regions: 57->0(57)
[94.579s][info][gc,heap        ] GC(347) Survivor regions: 1->1(8)
[94.579s][info][gc,heap        ] GC(347) Old regions: 9->9
[94.579s][info][gc,heap        ] GC(347) Archive regions: 0->0
[94.579s][info][gc,heap        ] GC(347) Humongous regions: 0->0
[94.579s][info][gc,metaspace   ] GC(347) Metaspace: 74774K(75648K)->74774K(75648K) NonClass: 59459K(59648K)->59459K(59648K) Class: 15314K(16000K)->15314K(16000K)
[94.579s][info][gc             ] GC(347) Pause Young (Normal) (G1 Evacuation Pause) 950M->38M(1552M) 2.099ms
[94.579s][info][gc,cpu         ] GC(347) User=0.52s Sys=0.00s Real=0.02s
[94.719s][info][gc,start       ] GC(348) Pause Full (System.gc())
[94.720s][info][gc,task        ] GC(348) Using 8 workers of 33 for full compaction
[94.720s][info][gc,phases,start] GC(348) Phase 1: Mark live objects
[94.763s][info][gc,phases      ] GC(348) Phase 1: Mark live objects 42.494ms
[94.763s][info][gc,phases,start] GC(348) Phase 2: Prepare compaction
[94.769s][info][gc,phases      ] GC(348) Phase 2: Prepare compaction 6.639ms
[94.769s][info][gc,phases,start] GC(348) Phase 3: Adjust pointers
[94.785s][info][gc,phases      ] GC(348) Phase 3: Adjust pointers 15.241ms
[94.785s][info][gc,phases,start] GC(348) Phase 4: Compact heap
[94.791s][info][gc,phases      ] GC(348) Phase 4: Compact heap 6.244ms
[94.810s][info][gc,heap        ] GC(348) Eden regions: 6->0(16)
[94.810s][info][gc,heap        ] GC(348) Survivor regions: 1->0(8)
[94.810s][info][gc,heap        ] GC(348) Old regions: 9->8
[94.810s][info][gc,heap        ] GC(348) Archive regions: 0->0
[94.810s][info][gc,heap        ] GC(348) Humongous regions: 0->0
[94.810s][info][gc,metaspace   ] GC(348) Metaspace: 74774K(75648K)->74774K(75648K) NonClass: 59460K(59648K)->59460K(59648K) Class: 15314K(16000K)->15314K(16000K)
[94.810s][info][gc             ] GC(348) Pause Full (System.gc()) 134M->35M(432M) 90.864ms
[94.810s][info][gc,cpu         ] GC(348) User=0.20s Sys=0.39s Real=0.08s
[94.907s][info][gc,start       ] GC(349) Pause Young (Normal) (G1 Evacuation Pause)
[94.907s][info][gc,task        ] GC(349) Using 33 workers of 33 for evacuation
[94.910s][info][gc,phases      ] GC(349)   Pre Evacuate Collection Set: 0.2ms
[94.910s][info][gc,phases      ] GC(349)   Merge Heap Roots: 0.2ms
[94.910s][info][gc,phases      ] GC(349)   Evacuate Collection Set: 1.3ms
[94.910s][info][gc,phases      ] GC(349)   Post Evacuate Collection Set: 0.6ms
[94.910s][info][gc,phases      ] GC(349)   Other: 0.1ms
[94.910s][info][gc,heap        ] GC(349) Eden regions: 16->0(15)
[94.910s][info][gc,heap        ] GC(349) Survivor regions: 0->1(2)
[94.910s][info][gc,heap        ] GC(349) Old regions: 8->8
[94.910s][info][gc,heap        ] GC(349) Archive regions: 0->0
[94.910s][info][gc,heap        ] GC(349) Humongous regions: 0->0
[94.910s][info][gc,metaspace   ] GC(349) Metaspace: 75111K(76032K)->75111K(76032K) NonClass: 59797K(60032K)->59797K(60032K) Class: 15314K(16000K)->15314K(16000K)
[94.910s][info][gc             ] GC(349) Pause Young (Normal) (G1 Evacuation Pause) 291M->39M(432M) 2.603ms
[94.910s][info][gc,cpu         ] GC(349) User=0.00s Sys=0.00s Real=0.00s
[94.974s][info][gc,start       ] GC(350) Pause Young (Normal) (G1 Evacuation Pause)
[94.974s][info][gc,task        ] GC(350) Using 33 workers of 33 for evacuation
[94.976s][info][gc,phases      ] GC(350)   Pre Evacuate Collection Set: 0.1ms
[94.976s][info][gc,phases      ] GC(350)   Merge Heap Roots: 0.2ms
[94.976s][info][gc,phases      ] GC(350)   Evacuate Collection Set: 1.2ms
[94.976s][info][gc,phases      ] GC(350)   Post Evacuate Collection Set: 0.6ms
[94.976s][info][gc,phases      ] GC(350)   Other: 0.1ms
[94.976s][info][gc,heap        ] GC(350) Eden regions: 15->0(15)
[94.976s][info][gc,heap        ] GC(350) Survivor regions: 1->1(2)
[94.976s][info][gc,heap        ] GC(350) Old regions: 8->8
[94.976s][info][gc,heap        ] GC(350) Archive regions: 0->0
[94.976s][info][gc,heap        ] GC(350) Humongous regions: 0->0
[94.976s][info][gc,metaspace   ] GC(350) Metaspace: 75111K(76032K)->75111K(76032K) NonClass: 59797K(60032K)->59797K(60032K) Class: 15314K(16000K)->15314K(16000K)
[94.976s][info][gc             ] GC(350) Pause Young (Normal) (G1 Evacuation Pause) 279M->39M(432M) 2.496ms
[94.976s][info][gc,cpu         ] GC(350) User=0.00s Sys=0.00s Real=0.00s
[95.039s][info][gc,start       ] GC(351) Pause Young (Normal) (G1 Evacuation Pause)
[95.039s][info][gc,task        ] GC(351) Using 33 workers of 33 for evacuation
[95.041s][info][gc,phases      ] GC(351)   Pre Evacuate Collection Set: 0.2ms
[95.041s][info][gc,phases      ] GC(351)   Merge Heap Roots: 0.2ms
[95.041s][info][gc,phases      ] GC(351)   Evacuate Collection Set: 1.2ms
[95.041s][info][gc,phases      ] GC(351)   Post Evacuate Collection Set: 0.6ms
[95.041s][info][gc,phases      ] GC(351)   Other: 0.1ms
[95.041s][info][gc,heap        ] GC(351) Eden regions: 15->0(15)
[95.041s][info][gc,heap        ] GC(351) Survivor regions: 1->1(2)
[95.041s][info][gc,heap        ] GC(351) Old regions: 8->8
[95.041s][info][gc,heap        ] GC(351) Archive regions: 0->0
[95.041s][info][gc,heap        ] GC(351) Humongous regions: 0->0
[95.041s][info][gc,metaspace   ] GC(351) Metaspace: 75111K(76032K)->75111K(76032K) NonClass: 59797K(60032K)->59797K(60032K) Class: 15314K(16000K)->15314K(16000K)
[95.041s][info][gc             ] GC(351) Pause Young (Normal) (G1 Evacuation Pause) 279M->39M(432M) 2.489ms
[95.041s][info][gc,cpu         ] GC(351) User=0.00s Sys=0.00s Real=0.00s
[95.104s][info][gc,start       ] GC(352) Pause Young (Normal) (G1 Evacuation Pause)
[95.104s][info][gc,task        ] GC(352) Using 33 workers of 33 for evacuation
[95.109s][info][gc,phases      ] GC(352)   Pre Evacuate Collection Set: 0.2ms
[95.109s][info][gc,phases      ] GC(352)   Merge Heap Roots: 0.2ms
[95.109s][info][gc,phases      ] GC(352)   Evacuate Collection Set: 1.2ms
[95.109s][info][gc,phases      ] GC(352)   Post Evacuate Collection Set: 2.9ms
[95.109s][info][gc,phases      ] GC(352)   Other: 0.1ms
[95.109s][info][gc,heap        ] GC(352) Eden regions: 15->0(45)
[95.109s][info][gc,heap        ] GC(352) Survivor regions: 1->1(2)
[95.109s][info][gc,heap        ] GC(352) Old regions: 8->8
[95.109s][info][gc,heap        ] GC(352) Archive regions: 0->0
[95.109s][info][gc,heap        ] GC(352) Humongous regions: 0->0
[95.109s][info][gc,metaspace   ] GC(352) Metaspace: 75111K(76032K)->75111K(76032K) NonClass: 59797K(60032K)->59797K(60032K) Class: 15314K(16000K)->15314K(16000K)
[95.109s][info][gc             ] GC(352) Pause Young (Normal) (G1 Evacuation Pause) 279M->39M(1248M) 4.818ms
[95.109s][info][gc,cpu         ] GC(352) User=0.00s Sys=0.00s Real=0.00s
[95.408s][info][gc,start       ] GC(353) Pause Young (Normal) (G1 Evacuation Pause)
[95.409s][info][gc,task        ] GC(353) Using 33 workers of 33 for evacuation
[95.413s][info][gc,phases      ] GC(353)   Pre Evacuate Collection Set: 0.2ms
[95.413s][info][gc,phases      ] GC(353)   Merge Heap Roots: 0.2ms
[95.413s][info][gc,phases      ] GC(353)   Evacuate Collection Set: 3.0ms
[95.413s][info][gc,phases      ] GC(353)   Post Evacuate Collection Set: 0.8ms
[95.413s][info][gc,phases      ] GC(353)   Other: 0.1ms
[95.413s][info][gc,heap        ] GC(353) Eden regions: 45->0(45)
[95.413s][info][gc,heap        ] GC(353) Survivor regions: 1->1(6)
[95.413s][info][gc,heap        ] GC(353) Old regions: 8->8
[95.413s][info][gc,heap        ] GC(353) Archive regions: 0->0
[95.413s][info][gc,heap        ] GC(353) Humongous regions: 0->0
[95.413s][info][gc,metaspace   ] GC(353) Metaspace: 75111K(76032K)->75111K(76032K) NonClass: 59797K(60032K)->59797K(60032K) Class: 15314K(16000K)->15314K(16000K)
[95.413s][info][gc             ] GC(353) Pause Young (Normal) (G1 Evacuation Pause) 759M->39M(1248M) 4.497ms
[95.413s][info][gc,cpu         ] GC(353) User=0.00s Sys=0.00s Real=0.00s
[95.597s][info][gc,start       ] GC(354) Pause Young (Normal) (G1 Evacuation Pause)
[95.597s][info][gc,task        ] GC(354) Using 33 workers of 33 for evacuation
[95.602s][info][gc,phases      ] GC(354)   Pre Evacuate Collection Set: 0.2ms
[95.602s][info][gc,phases      ] GC(354)   Merge Heap Roots: 0.2ms
[95.602s][info][gc,phases      ] GC(354)   Evacuate Collection Set: 3.1ms
[95.602s][info][gc,phases      ] GC(354)   Post Evacuate Collection Set: 0.7ms
[95.602s][info][gc,phases      ] GC(354)   Other: 0.1ms
[95.602s][info][gc,heap        ] GC(354) Eden regions: 45->0(45)
[95.602s][info][gc,heap        ] GC(354) Survivor regions: 1->1(6)
[95.602s][info][gc,heap        ] GC(354) Old regions: 8->8
[95.602s][info][gc,heap        ] GC(354) Archive regions: 0->0
[95.602s][info][gc,heap        ] GC(354) Humongous regions: 0->0
[95.602s][info][gc,metaspace   ] GC(354) Metaspace: 75111K(76032K)->75111K(76032K) NonClass: 59797K(60032K)->59797K(60032K) Class: 15314K(16000K)->15314K(16000K)
[95.602s][info][gc             ] GC(354) Pause Young (Normal) (G1 Evacuation Pause) 759M->39M(1248M) 4.555ms
[95.602s][info][gc,cpu         ] GC(354) User=0.00s Sys=0.00s Real=0.00s
[95.787s][info][gc,start       ] GC(355) Pause Young (Normal) (G1 Evacuation Pause)
[95.787s][info][gc,task        ] GC(355) Using 33 workers of 33 for evacuation
[95.790s][info][gc,phases      ] GC(355)   Pre Evacuate Collection Set: 0.2ms
[95.790s][info][gc,phases      ] GC(355)   Merge Heap Roots: 0.2ms
[95.790s][info][gc,phases      ] GC(355)   Evacuate Collection Set: 1.2ms
[95.790s][info][gc,phases      ] GC(355)   Post Evacuate Collection Set: 0.7ms
[95.790s][info][gc,phases      ] GC(355)   Other: 0.1ms
[95.790s][info][gc,heap        ] GC(355) Eden regions: 45->0(45)
[95.790s][info][gc,heap        ] GC(355) Survivor regions: 1->1(6)
[95.790s][info][gc,heap        ] GC(355) Old regions: 8->8
[95.790s][info][gc,heap        ] GC(355) Archive regions: 0->0
[95.790s][info][gc,heap        ] GC(355) Humongous regions: 0->0
[95.790s][info][gc,metaspace   ] GC(355) Metaspace: 75111K(76032K)->75111K(76032K) NonClass: 59797K(60032K)->59797K(60032K) Class: 15314K(16000K)->15314K(16000K)
[95.790s][info][gc             ] GC(355) Pause Young (Normal) (G1 Evacuation Pause) 759M->38M(1248M) 2.617ms
[95.790s][info][gc,cpu         ] GC(355) User=0.00s Sys=0.00s Real=0.00s
[95.975s][info][gc,start       ] GC(356) Pause Young (Normal) (G1 Evacuation Pause)
[95.975s][info][gc,task        ] GC(356) Using 33 workers of 33 for evacuation
[95.978s][info][gc,phases      ] GC(356)   Pre Evacuate Collection Set: 0.2ms
[95.978s][info][gc,phases      ] GC(356)   Merge Heap Roots: 0.2ms
[95.978s][info][gc,phases      ] GC(356)   Evacuate Collection Set: 1.2ms
[95.978s][info][gc,phases      ] GC(356)   Post Evacuate Collection Set: 1.8ms
[95.978s][info][gc,phases      ] GC(356)   Other: 0.1ms
[95.978s][info][gc,heap        ] GC(356) Eden regions: 45->0(57)
[95.978s][info][gc,heap        ] GC(356) Survivor regions: 1->1(6)
[95.978s][info][gc,heap        ] GC(356) Old regions: 8->8
[95.978s][info][gc,heap        ] GC(356) Archive regions: 0->0
[95.978s][info][gc,heap        ] GC(356) Humongous regions: 0->0
[95.978s][info][gc,metaspace   ] GC(356) Metaspace: 75111K(76032K)->75111K(76032K) NonClass: 59797K(60032K)->59797K(60032K) Class: 15314K(16000K)->15314K(16000K)
[95.978s][info][gc             ] GC(356) Pause Young (Normal) (G1 Evacuation Pause) 758M->39M(1568M) 3.669ms
[95.978s][info][gc,cpu         ] GC(356) User=0.00s Sys=0.00s Real=0.00s
[96.254s][info][gc,start       ] GC(357) Pause Young (Normal) (G1 Evacuation Pause)
[96.254s][info][gc,task        ] GC(357) Using 33 workers of 33 for evacuation
[96.257s][info][gc,phases      ] GC(357)   Pre Evacuate Collection Set: 0.2ms
[96.257s][info][gc,phases      ] GC(357)   Merge Heap Roots: 0.2ms
[96.257s][info][gc,phases      ] GC(357)   Evacuate Collection Set: 1.2ms
[96.257s][info][gc,phases      ] GC(357)   Post Evacuate Collection Set: 0.7ms
[96.257s][info][gc,phases      ] GC(357)   Other: 0.1ms
[96.257s][info][gc,heap        ] GC(357) Eden regions: 57->0(57)
[96.257s][info][gc,heap        ] GC(357) Survivor regions: 1->1(8)
[96.257s][info][gc,heap        ] GC(357) Old regions: 8->8
[96.257s][info][gc,heap        ] GC(357) Archive regions: 0->0
[96.257s][info][gc,heap        ] GC(357) Humongous regions: 0->0
[96.257s][info][gc,metaspace   ] GC(357) Metaspace: 75111K(76032K)->75111K(76032K) NonClass: 59797K(60032K)->59797K(60032K) Class: 15314K(16000K)->15314K(16000K)
[96.257s][info][gc             ] GC(357) Pause Young (Normal) (G1 Evacuation Pause) 951M->39M(1568M) 2.596ms
[96.257s][info][gc,cpu         ] GC(357) User=0.00s Sys=0.00s Real=0.00s
[96.491s][info][gc,start       ] GC(358) Pause Young (Normal) (G1 Evacuation Pause)
[96.491s][info][gc,task        ] GC(358) Using 33 workers of 33 for evacuation
[96.494s][info][gc,phases      ] GC(358)   Pre Evacuate Collection Set: 0.2ms
[96.494s][info][gc,phases      ] GC(358)   Merge Heap Roots: 0.2ms
[96.494s][info][gc,phases      ] GC(358)   Evacuate Collection Set: 1.2ms
[96.494s][info][gc,phases      ] GC(358)   Post Evacuate Collection Set: 0.8ms
[96.494s][info][gc,phases      ] GC(358)   Other: 0.1ms
[96.494s][info][gc,heap        ] GC(358) Eden regions: 57->0(57)
[96.494s][info][gc,heap        ] GC(358) Survivor regions: 1->1(8)
[96.494s][info][gc,heap        ] GC(358) Old regions: 8->8
[96.494s][info][gc,heap        ] GC(358) Archive regions: 0->0
[96.494s][info][gc,heap        ] GC(358) Humongous regions: 0->0
[96.494s][info][gc,metaspace   ] GC(358) Metaspace: 75111K(76032K)->75111K(76032K) NonClass: 59797K(60032K)->59797K(60032K) Class: 15314K(16000K)->15314K(16000K)
[96.494s][info][gc             ] GC(358) Pause Young (Normal) (G1 Evacuation Pause) 951M->39M(1568M) 2.661ms
[96.494s][info][gc,cpu         ] GC(358) User=0.00s Sys=0.00s Real=0.00s
[96.733s][info][gc,start       ] GC(359) Pause Young (Normal) (G1 Evacuation Pause)
[96.733s][info][gc,task        ] GC(359) Using 33 workers of 33 for evacuation
[96.736s][info][gc,phases      ] GC(359)   Pre Evacuate Collection Set: 0.2ms
[96.736s][info][gc,phases      ] GC(359)   Merge Heap Roots: 0.2ms
[96.736s][info][gc,phases      ] GC(359)   Evacuate Collection Set: 1.2ms
[96.736s][info][gc,phases      ] GC(359)   Post Evacuate Collection Set: 0.7ms
[96.736s][info][gc,phases      ] GC(359)   Other: 0.1ms
[96.736s][info][gc,heap        ] GC(359) Eden regions: 57->0(57)
[96.736s][info][gc,heap        ] GC(359) Survivor regions: 1->1(8)
[96.736s][info][gc,heap        ] GC(359) Old regions: 8->8
[96.736s][info][gc,heap        ] GC(359) Archive regions: 0->0
[96.736s][info][gc,heap        ] GC(359) Humongous regions: 0->0
[96.736s][info][gc,metaspace   ] GC(359) Metaspace: 75111K(76032K)->75111K(76032K) NonClass: 59797K(60032K)->59797K(60032K) Class: 15314K(16000K)->15314K(16000K)
[96.736s][info][gc             ] GC(359) Pause Young (Normal) (G1 Evacuation Pause) 951M->39M(1568M) 2.697ms
[96.736s][info][gc,cpu         ] GC(359) User=0.00s Sys=0.00s Real=0.00s
[96.970s][info][gc,start       ] GC(360) Pause Young (Normal) (G1 Evacuation Pause)
[96.970s][info][gc,task        ] GC(360) Using 33 workers of 33 for evacuation
[96.972s][info][gc,phases      ] GC(360)   Pre Evacuate Collection Set: 0.2ms
[96.972s][info][gc,phases      ] GC(360)   Merge Heap Roots: 0.2ms
[96.972s][info][gc,phases      ] GC(360)   Evacuate Collection Set: 1.1ms
[96.972s][info][gc,phases      ] GC(360)   Post Evacuate Collection Set: 0.7ms
[96.972s][info][gc,phases      ] GC(360)   Other: 0.1ms
[96.972s][info][gc,heap        ] GC(360) Eden regions: 57->0(57)
[96.972s][info][gc,heap        ] GC(360) Survivor regions: 1->1(8)
[96.972s][info][gc,heap        ] GC(360) Old regions: 8->8
[96.972s][info][gc,heap        ] GC(360) Archive regions: 0->0
[96.972s][info][gc,heap        ] GC(360) Humongous regions: 0->0
[96.972s][info][gc,metaspace   ] GC(360) Metaspace: 75111K(76032K)->75111K(76032K) NonClass: 59797K(60032K)->59797K(60032K) Class: 15314K(16000K)->15314K(16000K)
[96.972s][info][gc             ] GC(360) Pause Young (Normal) (G1 Evacuation Pause) 951M->39M(1568M) 2.504ms
[96.972s][info][gc,cpu         ] GC(360) User=0.00s Sys=0.00s Real=0.00s
[97.206s][info][gc,start       ] GC(361) Pause Young (Normal) (G1 Evacuation Pause)
[97.206s][info][gc,task        ] GC(361) Using 33 workers of 33 for evacuation
[97.208s][info][gc,phases      ] GC(361)   Pre Evacuate Collection Set: 0.2ms
[97.208s][info][gc,phases      ] GC(361)   Merge Heap Roots: 0.2ms
[97.208s][info][gc,phases      ] GC(361)   Evacuate Collection Set: 1.2ms
[97.208s][info][gc,phases      ] GC(361)   Post Evacuate Collection Set: 0.7ms
[97.208s][info][gc,phases      ] GC(361)   Other: 0.1ms
[97.208s][info][gc,heap        ] GC(361) Eden regions: 57->0(57)
[97.208s][info][gc,heap        ] GC(361) Survivor regions: 1->1(8)
[97.208s][info][gc,heap        ] GC(361) Old regions: 8->8
[97.208s][info][gc,heap        ] GC(361) Archive regions: 0->0
[97.208s][info][gc,heap        ] GC(361) Humongous regions: 0->0
[97.208s][info][gc,metaspace   ] GC(361) Metaspace: 75111K(76032K)->75111K(76032K) NonClass: 59797K(60032K)->59797K(60032K) Class: 15314K(16000K)->15314K(16000K)
[97.208s][info][gc             ] GC(361) Pause Young (Normal) (G1 Evacuation Pause) 951M->39M(1568M) 2.557ms
[97.208s][info][gc,cpu         ] GC(361) User=0.00s Sys=0.00s Real=0.00s
[97.443s][info][gc,start       ] GC(362) Pause Young (Normal) (G1 Evacuation Pause)
[97.443s][info][gc,task        ] GC(362) Using 33 workers of 33 for evacuation
[97.446s][info][gc,phases      ] GC(362)   Pre Evacuate Collection Set: 0.2ms
[97.446s][info][gc,phases      ] GC(362)   Merge Heap Roots: 0.2ms
[97.446s][info][gc,phases      ] GC(362)   Evacuate Collection Set: 1.1ms
[97.446s][info][gc,phases      ] GC(362)   Post Evacuate Collection Set: 0.7ms
[97.446s][info][gc,phases      ] GC(362)   Other: 0.1ms
[97.446s][info][gc,heap        ] GC(362) Eden regions: 57->0(57)
[97.446s][info][gc,heap        ] GC(362) Survivor regions: 1->1(8)
[97.446s][info][gc,heap        ] GC(362) Old regions: 8->8
[97.446s][info][gc,heap        ] GC(362) Archive regions: 0->0
[97.446s][info][gc,heap        ] GC(362) Humongous regions: 0->0
[97.446s][info][gc,metaspace   ] GC(362) Metaspace: 75111K(76032K)->75111K(76032K) NonClass: 59797K(60032K)->59797K(60032K) Class: 15314K(16000K)->15314K(16000K)
[97.446s][info][gc             ] GC(362) Pause Young (Normal) (G1 Evacuation Pause) 951M->39M(1568M) 2.546ms
[97.446s][info][gc,cpu         ] GC(362) User=0.00s Sys=0.00s Real=0.00s
[97.680s][info][gc,start       ] GC(363) Pause Young (Normal) (G1 Evacuation Pause)
[97.681s][info][gc,task        ] GC(363) Using 33 workers of 33 for evacuation
[97.683s][info][gc,phases      ] GC(363)   Pre Evacuate Collection Set: 0.2ms
[97.683s][info][gc,phases      ] GC(363)   Merge Heap Roots: 0.2ms
[97.683s][info][gc,phases      ] GC(363)   Evacuate Collection Set: 1.2ms
[97.683s][info][gc,phases      ] GC(363)   Post Evacuate Collection Set: 0.7ms
[97.683s][info][gc,phases      ] GC(363)   Other: 0.1ms
[97.683s][info][gc,heap        ] GC(363) Eden regions: 57->0(57)
[97.683s][info][gc,heap        ] GC(363) Survivor regions: 1->1(8)
[97.683s][info][gc,heap        ] GC(363) Old regions: 8->8
[97.683s][info][gc,heap        ] GC(363) Archive regions: 0->0
[97.683s][info][gc,heap        ] GC(363) Humongous regions: 0->0
[97.683s][info][gc,metaspace   ] GC(363) Metaspace: 75111K(76032K)->75111K(76032K) NonClass: 59797K(60032K)->59797K(60032K) Class: 15314K(16000K)->15314K(16000K)
[97.683s][info][gc             ] GC(363) Pause Young (Normal) (G1 Evacuation Pause) 951M->39M(1568M) 2.616ms
[97.683s][info][gc,cpu         ] GC(363) User=0.00s Sys=0.00s Real=0.00s
[97.922s][info][gc,start       ] GC(364) Pause Young (Normal) (G1 Evacuation Pause)
[97.922s][info][gc,task        ] GC(364) Using 33 workers of 33 for evacuation
[97.924s][info][gc,phases      ] GC(364)   Pre Evacuate Collection Set: 0.2ms
[97.924s][info][gc,phases      ] GC(364)   Merge Heap Roots: 0.2ms
[97.924s][info][gc,phases      ] GC(364)   Evacuate Collection Set: 1.2ms
[97.924s][info][gc,phases      ] GC(364)   Post Evacuate Collection Set: 0.5ms
[97.925s][info][gc,phases      ] GC(364)   Other: 0.1ms
[97.925s][info][gc,heap        ] GC(364) Eden regions: 57->0(57)
[97.925s][info][gc,heap        ] GC(364) Survivor regions: 1->1(8)
[97.925s][info][gc,heap        ] GC(364) Old regions: 8->9
[97.925s][info][gc,heap        ] GC(364) Archive regions: 0->0
[97.925s][info][gc,heap        ] GC(364) Humongous regions: 0->0
[97.925s][info][gc,metaspace   ] GC(364) Metaspace: 75111K(76032K)->75111K(76032K) NonClass: 59797K(60032K)->59797K(60032K) Class: 15314K(16000K)->15314K(16000K)
[97.925s][info][gc             ] GC(364) Pause Young (Normal) (G1 Evacuation Pause) 951M->39M(1568M) 2.482ms
[97.925s][info][gc,cpu         ] GC(364) User=0.00s Sys=0.00s Real=0.00s
[98.160s][info][gc,start       ] GC(365) Pause Young (Normal) (G1 Evacuation Pause)
[98.160s][info][gc,task        ] GC(365) Using 33 workers of 33 for evacuation
[98.162s][info][gc,phases      ] GC(365)   Pre Evacuate Collection Set: 0.2ms
[98.162s][info][gc,phases      ] GC(365)   Merge Heap Roots: 0.2ms
[98.162s][info][gc,phases      ] GC(365)   Evacuate Collection Set: 0.9ms
[98.162s][info][gc,phases      ] GC(365)   Post Evacuate Collection Set: 0.5ms
[98.162s][info][gc,phases      ] GC(365)   Other: 0.1ms
[98.162s][info][gc,heap        ] GC(365) Eden regions: 57->0(57)
[98.162s][info][gc,heap        ] GC(365) Survivor regions: 1->1(8)
[98.162s][info][gc,heap        ] GC(365) Old regions: 9->9
[98.162s][info][gc,heap        ] GC(365) Archive regions: 0->0
[98.162s][info][gc,heap        ] GC(365) Humongous regions: 0->0
[98.162s][info][gc,metaspace   ] GC(365) Metaspace: 75111K(76032K)->75111K(76032K) NonClass: 59797K(60032K)->59797K(60032K) Class: 15314K(16000K)->15314K(16000K)
[98.162s][info][gc             ] GC(365) Pause Young (Normal) (G1 Evacuation Pause) 951M->39M(1568M) 2.117ms
[98.162s][info][gc,cpu         ] GC(365) User=0.00s Sys=0.00s Real=0.00s
[98.396s][info][gc,start       ] GC(366) Pause Young (Normal) (G1 Evacuation Pause)
[98.396s][info][gc,task        ] GC(366) Using 33 workers of 33 for evacuation
[98.398s][info][gc,phases      ] GC(366)   Pre Evacuate Collection Set: 0.2ms
[98.398s][info][gc,phases      ] GC(366)   Merge Heap Roots: 0.2ms
[98.398s][info][gc,phases      ] GC(366)   Evacuate Collection Set: 0.8ms
[98.398s][info][gc,phases      ] GC(366)   Post Evacuate Collection Set: 0.5ms
[98.398s][info][gc,phases      ] GC(366)   Other: 0.1ms
[98.398s][info][gc,heap        ] GC(366) Eden regions: 57->0(57)
[98.398s][info][gc,heap        ] GC(366) Survivor regions: 1->1(8)
[98.398s][info][gc,heap        ] GC(366) Old regions: 9->9
[98.398s][info][gc,heap        ] GC(366) Archive regions: 0->0
[98.398s][info][gc,heap        ] GC(366) Humongous regions: 0->0
[98.398s][info][gc,metaspace   ] GC(366) Metaspace: 75111K(76032K)->75111K(76032K) NonClass: 59797K(60032K)->59797K(60032K) Class: 15314K(16000K)->15314K(16000K)
[98.398s][info][gc             ] GC(366) Pause Young (Normal) (G1 Evacuation Pause) 951M->39M(1568M) 2.033ms
[98.398s][info][gc,cpu         ] GC(366) User=0.00s Sys=0.00s Real=0.00s
[98.633s][info][gc,start       ] GC(367) Pause Young (Normal) (G1 Evacuation Pause)
[98.633s][info][gc,task        ] GC(367) Using 33 workers of 33 for evacuation
[98.635s][info][gc,phases      ] GC(367)   Pre Evacuate Collection Set: 0.2ms
[98.635s][info][gc,phases      ] GC(367)   Merge Heap Roots: 0.2ms
[98.635s][info][gc,phases      ] GC(367)   Evacuate Collection Set: 0.9ms
[98.635s][info][gc,phases      ] GC(367)   Post Evacuate Collection Set: 0.5ms
[98.635s][info][gc,phases      ] GC(367)   Other: 0.1ms
[98.635s][info][gc,heap        ] GC(367) Eden regions: 57->0(57)
[98.635s][info][gc,heap        ] GC(367) Survivor regions: 1->1(8)
[98.635s][info][gc,heap        ] GC(367) Old regions: 9->9
[98.635s][info][gc,heap        ] GC(367) Archive regions: 0->0
[98.635s][info][gc,heap        ] GC(367) Humongous regions: 0->0
[98.635s][info][gc,metaspace   ] GC(367) Metaspace: 75111K(76032K)->75111K(76032K) NonClass: 59797K(60032K)->59797K(60032K) Class: 15314K(16000K)->15314K(16000K)
[98.635s][info][gc             ] GC(367) Pause Young (Normal) (G1 Evacuation Pause) 951M->39M(1568M) 2.078ms
[98.635s][info][gc,cpu         ] GC(367) User=0.00s Sys=0.00s Real=0.00s
[98.869s][info][gc,start       ] GC(368) Pause Young (Normal) (G1 Evacuation Pause)
[98.869s][info][gc,task        ] GC(368) Using 33 workers of 33 for evacuation
[98.871s][info][gc,phases      ] GC(368)   Pre Evacuate Collection Set: 0.2ms
[98.871s][info][gc,phases      ] GC(368)   Merge Heap Roots: 0.2ms
[98.871s][info][gc,phases      ] GC(368)   Evacuate Collection Set: 0.9ms
[98.871s][info][gc,phases      ] GC(368)   Post Evacuate Collection Set: 0.5ms
[98.871s][info][gc,phases      ] GC(368)   Other: 0.1ms
[98.871s][info][gc,heap        ] GC(368) Eden regions: 57->0(57)
[98.871s][info][gc,heap        ] GC(368) Survivor regions: 1->1(8)
[98.871s][info][gc,heap        ] GC(368) Old regions: 9->9
[98.871s][info][gc,heap        ] GC(368) Archive regions: 0->0
[98.871s][info][gc,heap        ] GC(368) Humongous regions: 0->0
[98.871s][info][gc,metaspace   ] GC(368) Metaspace: 75111K(76032K)->75111K(76032K) NonClass: 59797K(60032K)->59797K(60032K) Class: 15314K(16000K)->15314K(16000K)
[98.871s][info][gc             ] GC(368) Pause Young (Normal) (G1 Evacuation Pause) 951M->39M(1568M) 2.102ms
[98.871s][info][gc,cpu         ] GC(368) User=0.00s Sys=0.00s Real=0.00s
[99.105s][info][gc,start       ] GC(369) Pause Young (Normal) (G1 Evacuation Pause)
[99.105s][info][gc,task        ] GC(369) Using 33 workers of 33 for evacuation
[99.107s][info][gc,phases      ] GC(369)   Pre Evacuate Collection Set: 0.2ms
[99.107s][info][gc,phases      ] GC(369)   Merge Heap Roots: 0.2ms
[99.107s][info][gc,phases      ] GC(369)   Evacuate Collection Set: 0.9ms
[99.107s][info][gc,phases      ] GC(369)   Post Evacuate Collection Set: 0.5ms
[99.107s][info][gc,phases      ] GC(369)   Other: 0.1ms
[99.107s][info][gc,heap        ] GC(369) Eden regions: 57->0(57)
[99.107s][info][gc,heap        ] GC(369) Survivor regions: 1->1(8)
[99.107s][info][gc,heap        ] GC(369) Old regions: 9->9
[99.107s][info][gc,heap        ] GC(369) Archive regions: 0->0
[99.107s][info][gc,heap        ] GC(369) Humongous regions: 0->0
[99.107s][info][gc,metaspace   ] GC(369) Metaspace: 75111K(76032K)->75111K(76032K) NonClass: 59797K(60032K)->59797K(60032K) Class: 15314K(16000K)->15314K(16000K)
[99.107s][info][gc             ] GC(369) Pause Young (Normal) (G1 Evacuation Pause) 951M->39M(1568M) 2.087ms
[99.107s][info][gc,cpu         ] GC(369) User=0.00s Sys=0.00s Real=0.00s
[99.342s][info][gc,start       ] GC(370) Pause Young (Normal) (G1 Evacuation Pause)
[99.342s][info][gc,task        ] GC(370) Using 33 workers of 33 for evacuation
[99.343s][info][gc,phases      ] GC(370)   Pre Evacuate Collection Set: 0.2ms
[99.343s][info][gc,phases      ] GC(370)   Merge Heap Roots: 0.2ms
[99.343s][info][gc,phases      ] GC(370)   Evacuate Collection Set: 0.8ms
[99.344s][info][gc,phases      ] GC(370)   Post Evacuate Collection Set: 0.5ms
[99.344s][info][gc,phases      ] GC(370)   Other: 0.1ms
[99.344s][info][gc,heap        ] GC(370) Eden regions: 57->0(57)
[99.344s][info][gc,heap        ] GC(370) Survivor regions: 1->1(8)
[99.344s][info][gc,heap        ] GC(370) Old regions: 9->9
[99.344s][info][gc,heap        ] GC(370) Archive regions: 0->0
[99.344s][info][gc,heap        ] GC(370) Humongous regions: 0->0
[99.344s][info][gc,metaspace   ] GC(370) Metaspace: 75111K(76032K)->75111K(76032K) NonClass: 59797K(60032K)->59797K(60032K) Class: 15314K(16000K)->15314K(16000K)
[99.344s][info][gc             ] GC(370) Pause Young (Normal) (G1 Evacuation Pause) 951M->39M(1568M) 2.058ms
[99.344s][info][gc,cpu         ] GC(370) User=0.00s Sys=0.00s Real=0.00s
[99.581s][info][gc,start       ] GC(371) Pause Young (Normal) (G1 Evacuation Pause)
[99.581s][info][gc,task        ] GC(371) Using 33 workers of 33 for evacuation
[99.583s][info][gc,phases      ] GC(371)   Pre Evacuate Collection Set: 0.2ms
[99.583s][info][gc,phases      ] GC(371)   Merge Heap Roots: 0.2ms
[99.583s][info][gc,phases      ] GC(371)   Evacuate Collection Set: 0.9ms
[99.583s][info][gc,phases      ] GC(371)   Post Evacuate Collection Set: 0.5ms
[99.583s][info][gc,phases      ] GC(371)   Other: 0.1ms
[99.583s][info][gc,heap        ] GC(371) Eden regions: 57->0(57)
[99.583s][info][gc,heap        ] GC(371) Survivor regions: 1->1(8)
[99.583s][info][gc,heap        ] GC(371) Old regions: 9->9
[99.583s][info][gc,heap        ] GC(371) Archive regions: 0->0
[99.583s][info][gc,heap        ] GC(371) Humongous regions: 0->0
[99.583s][info][gc,metaspace   ] GC(371) Metaspace: 75111K(76032K)->75111K(76032K) NonClass: 59797K(60032K)->59797K(60032K) Class: 15314K(16000K)->15314K(16000K)
[99.583s][info][gc             ] GC(371) Pause Young (Normal) (G1 Evacuation Pause) 951M->39M(1568M) 2.106ms
[99.583s][info][gc,cpu         ] GC(371) User=0.00s Sys=0.00s Real=0.00s
[99.820s][info][gc,start       ] GC(372) Pause Young (Normal) (G1 Evacuation Pause)
[99.820s][info][gc,task        ] GC(372) Using 33 workers of 33 for evacuation
[99.822s][info][gc,phases      ] GC(372)   Pre Evacuate Collection Set: 0.2ms
[99.822s][info][gc,phases      ] GC(372)   Merge Heap Roots: 0.2ms
[99.822s][info][gc,phases      ] GC(372)   Evacuate Collection Set: 0.9ms
[99.822s][info][gc,phases      ] GC(372)   Post Evacuate Collection Set: 0.6ms
[99.822s][info][gc,phases      ] GC(372)   Other: 0.1ms
[99.822s][info][gc,heap        ] GC(372) Eden regions: 57->0(57)
[99.822s][info][gc,heap        ] GC(372) Survivor regions: 1->1(8)
[99.822s][info][gc,heap        ] GC(372) Old regions: 9->9
[99.822s][info][gc,heap        ] GC(372) Archive regions: 0->0
[99.822s][info][gc,heap        ] GC(372) Humongous regions: 0->0
[99.822s][info][gc,metaspace   ] GC(372) Metaspace: 75111K(76032K)->75111K(76032K) NonClass: 59797K(60032K)->59797K(60032K) Class: 15314K(16000K)->15314K(16000K)
[99.822s][info][gc             ] GC(372) Pause Young (Normal) (G1 Evacuation Pause) 951M->39M(1568M) 2.199ms
[99.822s][info][gc,cpu         ] GC(372) User=0.00s Sys=0.00s Real=0.00s
[100.066s][info][gc,start       ] GC(373) Pause Young (Normal) (G1 Evacuation Pause)
[100.066s][info][gc,task        ] GC(373) Using 33 workers of 33 for evacuation
[100.068s][info][gc,phases      ] GC(373)   Pre Evacuate Collection Set: 0.2ms
[100.068s][info][gc,phases      ] GC(373)   Merge Heap Roots: 0.2ms
[100.068s][info][gc,phases      ] GC(373)   Evacuate Collection Set: 0.9ms
[100.068s][info][gc,phases      ] GC(373)   Post Evacuate Collection Set: 0.6ms
[100.068s][info][gc,phases      ] GC(373)   Other: 0.1ms
[100.068s][info][gc,heap        ] GC(373) Eden regions: 57->0(57)
[100.068s][info][gc,heap        ] GC(373) Survivor regions: 1->1(8)
[100.068s][info][gc,heap        ] GC(373) Old regions: 9->9
[100.068s][info][gc,heap        ] GC(373) Archive regions: 0->0
[100.068s][info][gc,heap        ] GC(373) Humongous regions: 0->0
[100.068s][info][gc,metaspace   ] GC(373) Metaspace: 75111K(76032K)->75111K(76032K) NonClass: 59797K(60032K)->59797K(60032K) Class: 15314K(16000K)->15314K(16000K)
[100.068s][info][gc             ] GC(373) Pause Young (Normal) (G1 Evacuation Pause) 951M->39M(1568M) 2.129ms
[100.068s][info][gc,cpu         ] GC(373) User=0.00s Sys=0.00s Real=0.00s
[100.345s][info][gc,start       ] GC(374) Pause Young (Normal) (G1 Evacuation Pause)
[100.345s][info][gc,task        ] GC(374) Using 33 workers of 33 for evacuation
[100.347s][info][gc,phases      ] GC(374)   Pre Evacuate Collection Set: 0.2ms
[100.347s][info][gc,phases      ] GC(374)   Merge Heap Roots: 0.2ms
[100.347s][info][gc,phases      ] GC(374)   Evacuate Collection Set: 0.8ms
[100.347s][info][gc,phases      ] GC(374)   Post Evacuate Collection Set: 0.6ms
[100.347s][info][gc,phases      ] GC(374)   Other: 0.1ms
[100.347s][info][gc,heap        ] GC(374) Eden regions: 57->0(57)
[100.347s][info][gc,heap        ] GC(374) Survivor regions: 1->1(8)
[100.347s][info][gc,heap        ] GC(374) Old regions: 9->9
[100.347s][info][gc,heap        ] GC(374) Archive regions: 0->0
[100.347s][info][gc,heap        ] GC(374) Humongous regions: 0->0
[100.347s][info][gc,metaspace   ] GC(374) Metaspace: 75111K(76032K)->75111K(76032K) NonClass: 59797K(60032K)->59797K(60032K) Class: 15314K(16000K)->15314K(16000K)
[100.347s][info][gc             ] GC(374) Pause Young (Normal) (G1 Evacuation Pause) 951M->39M(1568M) 2.039ms
[100.347s][info][gc,cpu         ] GC(374) User=0.00s Sys=0.00s Real=0.00s
[100.760s][info][gc,start       ] GC(375) Pause Young (Normal) (G1 Evacuation Pause)
[100.760s][info][gc,task        ] GC(375) Using 33 workers of 33 for evacuation
[100.762s][info][gc,phases      ] GC(375)   Pre Evacuate Collection Set: 0.2ms
[100.762s][info][gc,phases      ] GC(375)   Merge Heap Roots: 0.2ms
[100.762s][info][gc,phases      ] GC(375)   Evacuate Collection Set: 0.9ms
[100.762s][info][gc,phases      ] GC(375)   Post Evacuate Collection Set: 0.5ms
[100.762s][info][gc,phases      ] GC(375)   Other: 0.1ms
[100.762s][info][gc,heap        ] GC(375) Eden regions: 57->0(57)
[100.762s][info][gc,heap        ] GC(375) Survivor regions: 1->1(8)
[100.762s][info][gc,heap        ] GC(375) Old regions: 9->9
[100.762s][info][gc,heap        ] GC(375) Archive regions: 0->0
[100.762s][info][gc,heap        ] GC(375) Humongous regions: 0->0
[100.762s][info][gc,metaspace   ] GC(375) Metaspace: 75111K(76032K)->75111K(76032K) NonClass: 59797K(60032K)->59797K(60032K) Class: 15314K(16000K)->15314K(16000K)
[100.762s][info][gc             ] GC(375) Pause Young (Normal) (G1 Evacuation Pause) 951M->39M(1568M) 2.114ms
[100.762s][info][gc,cpu         ] GC(375) User=0.00s Sys=0.00s Real=0.00s
[101.392s][info][gc,start       ] GC(376) Pause Young (Normal) (G1 Evacuation Pause)
[101.392s][info][gc,task        ] GC(376) Using 33 workers of 33 for evacuation
[101.394s][info][gc,phases      ] GC(376)   Pre Evacuate Collection Set: 0.2ms
[101.394s][info][gc,phases      ] GC(376)   Merge Heap Roots: 0.2ms
[101.394s][info][gc,phases      ] GC(376)   Evacuate Collection Set: 0.9ms
[101.394s][info][gc,phases      ] GC(376)   Post Evacuate Collection Set: 0.5ms
[101.394s][info][gc,phases      ] GC(376)   Other: 0.1ms
[101.394s][info][gc,heap        ] GC(376) Eden regions: 57->0(57)
[101.394s][info][gc,heap        ] GC(376) Survivor regions: 1->1(8)
[101.394s][info][gc,heap        ] GC(376) Old regions: 9->9
[101.394s][info][gc,heap        ] GC(376) Archive regions: 0->0
[101.394s][info][gc,heap        ] GC(376) Humongous regions: 0->0
[101.394s][info][gc,metaspace   ] GC(376) Metaspace: 75112K(76032K)->75112K(76032K) NonClass: 59798K(60032K)->59798K(60032K) Class: 15314K(16000K)->15314K(16000K)
[101.394s][info][gc             ] GC(376) Pause Young (Normal) (G1 Evacuation Pause) 951M->39M(1568M) 1.976ms
[101.394s][info][gc,cpu         ] GC(376) User=0.00s Sys=0.00s Real=0.00s
[102.036s][info][gc,start       ] GC(377) Pause Young (Normal) (G1 Evacuation Pause)
[102.037s][info][gc,task        ] GC(377) Using 33 workers of 33 for evacuation
[102.038s][info][gc,phases      ] GC(377)   Pre Evacuate Collection Set: 0.1ms
[102.038s][info][gc,phases      ] GC(377)   Merge Heap Roots: 0.2ms
[102.038s][info][gc,phases      ] GC(377)   Evacuate Collection Set: 0.9ms
[102.038s][info][gc,phases      ] GC(377)   Post Evacuate Collection Set: 0.5ms
[102.038s][info][gc,phases      ] GC(377)   Other: 0.1ms
[102.038s][info][gc,heap        ] GC(377) Eden regions: 57->0(57)
[102.038s][info][gc,heap        ] GC(377) Survivor regions: 1->1(8)
[102.038s][info][gc,heap        ] GC(377) Old regions: 9->9
[102.038s][info][gc,heap        ] GC(377) Archive regions: 0->0
[102.038s][info][gc,heap        ] GC(377) Humongous regions: 0->0
[102.038s][info][gc,metaspace   ] GC(377) Metaspace: 75112K(76032K)->75112K(76032K) NonClass: 59798K(60032K)->59798K(60032K) Class: 15314K(16000K)->15314K(16000K)
[102.038s][info][gc             ] GC(377) Pause Young (Normal) (G1 Evacuation Pause) 951M->39M(1568M) 1.970ms
[102.038s][info][gc,cpu         ] GC(377) User=0.05s Sys=0.00s Real=0.02s
[102.171s][info][gc,heap,exit   ] Heap
[102.171s][info][gc,heap,exit   ]  garbage-first heap   total 1605632K, used 125427K [0x00000000a0000000, 0x0000000800000000)
[102.171s][info][gc,heap,exit   ]   region size 16384K, 7 young (114688K), 1 survivors (16384K)
[102.171s][info][gc,heap,exit   ]  Metaspace       used 75192K, committed 76032K, reserved 1114112K
[102.171s][info][gc,heap,exit   ]   class space    used 15337K, committed 16000K, reserved 1048576K
