[0.018s][info][gc,init] CardTable entry size: 512
[0.018s][info][gc     ] Using Parallel
[0.031s][info][gc,init] Version: 20+36-2344 (release)
[0.031s][info][gc,init] CPUs: 48 total, 48 available
[0.031s][info][gc,init] Memory: 382G
[0.031s][info][gc,init] Large Page Support: Disabled
[0.031s][info][gc,init] NUMA Support: Disabled
[0.031s][info][gc,init] Compressed Oops: Enabled (Zero based)
[0.031s][info][gc,init] Alignments: Space 512K, Generation 512K, Heap 2M
[0.031s][info][gc,init] Heap Min Capacity: 8M
[0.031s][info][gc,init] Heap Initial Capacity: 2G
[0.041s][info][gc,init] Heap Max Capacity: 30718M
[0.041s][info][gc,init] Pre-touch: Disabled
[0.041s][info][gc,init] Parallel Workers: 33
[0.042s][info][gc,metaspace] CDS archive(s) mapped at: [0x0000000800000000-0x0000000800c60000-0x0000000800c60000), size 12976128, SharedBaseAddress: 0x0000000800000000, ArchiveRelocationMode: 0.
[0.042s][info][gc,metaspace] Compressed class space mapped at: 0x0000000801000000-0x0000000841000000, reserved size: 1073741824
[0.042s][info][gc,metaspace] Narrow klass base: 0x0000000800000000, Narrow klass shift: 0, Narrow klass range: 0x100000000
[4.508s][info][gc,start    ] GC(0) Pause Young (Metadata GC Threshold)
[4.521s][info][gc,heap     ] GC(0) PSYoungGen: 178504K(611840K)->8382K(611840K) Eden: 178504K(524800K)->0K(524800K) From: 0K(87040K)->8382K(87040K)
[4.521s][info][gc,heap     ] GC(0) ParOldGen: 0K(1398272K)->16K(1398272K)
[4.521s][info][gc,metaspace] GC(0) Metaspace: 21256K(21504K)->21256K(21504K) NonClass: 18523K(18624K)->18523K(18624K) Class: 2732K(2880K)->2732K(2880K)
[4.521s][info][gc          ] GC(0) Pause Young (Metadata GC Threshold) 174M->8M(1963M) 13.004ms
[4.521s][info][gc,cpu      ] GC(0) User=0.00s Sys=0.02s Real=0.02s
[4.521s][info][gc,start    ] GC(1) Pause Full (Metadata GC Threshold)
[4.521s][info][gc,phases,start] GC(1) Marking Phase
[4.534s][info][gc,phases      ] GC(1) Marking Phase 12.790ms
[4.534s][info][gc,phases,start] GC(1) Summary Phase
[4.534s][info][gc,phases      ] GC(1) Summary Phase 0.016ms
[4.534s][info][gc,phases,start] GC(1) Adjust Roots
[4.538s][info][gc,phases      ] GC(1) Adjust Roots 4.203ms
[4.538s][info][gc,phases,start] GC(1) Compaction Phase
[4.546s][info][gc,phases      ] GC(1) Compaction Phase 7.552ms
[4.546s][info][gc,phases,start] GC(1) Post Compact
[4.548s][info][gc,phases      ] GC(1) Post Compact 1.977ms
[4.548s][info][gc,heap        ] GC(1) PSYoungGen: 8382K(611840K)->0K(611840K) Eden: 0K(524800K)->0K(524800K) From: 8382K(87040K)->0K(87040K)
[4.548s][info][gc,heap        ] GC(1) ParOldGen: 16K(1398272K)->7644K(1398272K)
[4.548s][info][gc,metaspace   ] GC(1) Metaspace: 21256K(21504K)->21256K(21504K) NonClass: 18523K(18624K)->18523K(18624K) Class: 2732K(2880K)->2732K(2880K)
[4.548s][info][gc             ] GC(1) Pause Full (Metadata GC Threshold) 8M->7M(1963M) 26.741ms
[4.548s][info][gc,cpu         ] GC(1) User=0.72s Sys=0.05s Real=0.03s
[5.289s][info][gc,start       ] GC(2) Pause Young (System.gc())
[5.296s][info][gc,heap        ] GC(2) PSYoungGen: 214119K(611840K)->5584K(611840K) Eden: 214119K(524800K)->0K(524800K) From: 0K(87040K)->5584K(87040K)
[5.296s][info][gc,heap        ] GC(2) ParOldGen: 7644K(1398272K)->7652K(1398272K)
[5.296s][info][gc,metaspace   ] GC(2) Metaspace: 30289K(30592K)->30289K(30592K) NonClass: 26245K(26432K)->26245K(26432K) Class: 4043K(4160K)->4043K(4160K)
[5.296s][info][gc             ] GC(2) Pause Young (System.gc()) 216M->12M(1963M) 6.868ms
[5.296s][info][gc,cpu         ] GC(2) User=0.00s Sys=0.00s Real=0.00s
[5.296s][info][gc,start       ] GC(3) Pause Full (System.gc())
[5.296s][info][gc,phases,start] GC(3) Marking Phase
[5.313s][info][gc,phases      ] GC(3) Marking Phase 16.531ms
[5.313s][info][gc,phases,start] GC(3) Summary Phase
[5.313s][info][gc,phases      ] GC(3) Summary Phase 0.025ms
[5.313s][info][gc,phases,start] GC(3) Adjust Roots
[5.320s][info][gc,phases      ] GC(3) Adjust Roots 7.029ms
[5.320s][info][gc,phases,start] GC(3) Compaction Phase
[5.332s][info][gc,phases      ] GC(3) Compaction Phase 12.570ms
[5.332s][info][gc,phases,start] GC(3) Post Compact
[5.333s][info][gc,phases      ] GC(3) Post Compact 0.912ms
[5.333s][info][gc,heap        ] GC(3) PSYoungGen: 5584K(611840K)->0K(611840K) Eden: 0K(524800K)->0K(524800K) From: 5584K(87040K)->0K(87040K)
[5.333s][info][gc,heap        ] GC(3) ParOldGen: 7652K(1398272K)->12489K(1398272K)
[5.333s][info][gc,metaspace   ] GC(3) Metaspace: 30289K(30592K)->30289K(30592K) NonClass: 26245K(26432K)->26245K(26432K) Class: 4043K(4160K)->4043K(4160K)
[5.333s][info][gc             ] GC(3) Pause Full (System.gc()) 12M->12M(1963M) 37.419ms
[5.333s][info][gc,cpu         ] GC(3) User=0.56s Sys=0.00s Real=0.05s
[6.510s][info][gc,start       ] GC(4) Pause Young (Metadata GC Threshold)
[6.518s][info][gc,heap        ] GC(4) PSYoungGen: 297025K(611840K)->5248K(611840K) Eden: 297025K(524800K)->0K(524800K) From: 0K(87040K)->5248K(87040K)
[6.518s][info][gc,heap        ] GC(4) ParOldGen: 12489K(1398272K)->12497K(1398272K)
[6.518s][info][gc,metaspace   ] GC(4) Metaspace: 50305K(51008K)->50305K(51008K) NonClass: 40601K(41024K)->40601K(41024K) Class: 9704K(9984K)->9704K(9984K)
[6.518s][info][gc             ] GC(4) Pause Young (Metadata GC Threshold) 302M->17M(1963M) 7.838ms
[6.518s][info][gc,cpu         ] GC(4) User=0.00s Sys=0.00s Real=0.00s
[6.518s][info][gc,start       ] GC(5) Pause Full (Metadata GC Threshold)
[6.518s][info][gc,phases,start] GC(5) Marking Phase
[6.543s][info][gc,phases      ] GC(5) Marking Phase 24.702ms
[6.543s][info][gc,phases,start] GC(5) Summary Phase
[6.543s][info][gc,phases      ] GC(5) Summary Phase 0.013ms
[6.543s][info][gc,phases,start] GC(5) Adjust Roots
[6.549s][info][gc,phases      ] GC(5) Adjust Roots 6.058ms
[6.549s][info][gc,phases,start] GC(5) Compaction Phase
[6.559s][info][gc,phases      ] GC(5) Compaction Phase 10.000ms
[6.559s][info][gc,phases,start] GC(5) Post Compact
[6.561s][info][gc,phases      ] GC(5) Post Compact 1.764ms
[6.561s][info][gc,heap        ] GC(5) PSYoungGen: 5248K(611840K)->0K(611840K) Eden: 0K(524800K)->0K(524800K) From: 5248K(87040K)->0K(87040K)
[6.561s][info][gc,heap        ] GC(5) ParOldGen: 12497K(1398272K)->16783K(1398272K)
[6.561s][info][gc,metaspace   ] GC(5) Metaspace: 50305K(51008K)->49824K(51008K) NonClass: 40601K(41024K)->40263K(41024K) Class: 9704K(9984K)->9560K(9984K)
[6.561s][info][gc             ] GC(5) Pause Full (Metadata GC Threshold) 17M->16M(1963M) 42.780ms
[6.561s][info][gc,cpu         ] GC(5) User=0.64s Sys=0.00s Real=0.05s
[8.579s][info][gc,start       ] GC(6) Pause Young (Allocation Failure)
[8.596s][info][gc,heap        ] GC(6) PSYoungGen: 524800K(611840K)->23792K(611840K) Eden: 524800K(524800K)->0K(524800K) From: 0K(87040K)->23792K(87040K)
[8.596s][info][gc,heap        ] GC(6) ParOldGen: 16783K(1398272K)->16807K(1398272K)
[8.596s][info][gc,metaspace   ] GC(6) Metaspace: 72102K(72768K)->72102K(72768K) NonClass: 57050K(57408K)->57050K(57408K) Class: 15051K(15360K)->15051K(15360K)
[8.596s][info][gc             ] GC(6) Pause Young (Allocation Failure) 528M->39M(1963M) 16.819ms
[8.596s][info][gc,cpu         ] GC(6) User=0.19s Sys=0.42s Real=0.02s
[9.147s][info][gc,start       ] GC(7) Pause Young (Allocation Failure)
[9.164s][info][gc,heap        ] GC(7) PSYoungGen: 548592K(611840K)->23280K(611840K) Eden: 524800K(524800K)->0K(524800K) From: 23792K(87040K)->23280K(87040K)
[9.164s][info][gc,heap        ] GC(7) ParOldGen: 16807K(1398272K)->16815K(1398272K)
[9.164s][info][gc,metaspace   ] GC(7) Metaspace: 72246K(72896K)->72246K(72896K) NonClass: 57194K(57536K)->57194K(57536K) Class: 15052K(15360K)->15052K(15360K)
[9.164s][info][gc             ] GC(7) Pause Young (Allocation Failure) 552M->39M(1963M) 16.710ms
[9.164s][info][gc,cpu         ] GC(7) User=0.00s Sys=0.00s Real=0.01s
[9.636s][info][gc,start       ] GC(8) Pause Young (Allocation Failure)
[9.657s][info][gc,heap        ] GC(8) PSYoungGen: 548080K(611840K)->23168K(1073152K) Eden: 524800K(524800K)->0K(1049600K) From: 23280K(87040K)->23168K(23552K)
[9.657s][info][gc,heap        ] GC(8) ParOldGen: 16815K(1398272K)->16823K(1398272K)
[9.657s][info][gc,metaspace   ] GC(8) Metaspace: 72248K(72896K)->72248K(72896K) NonClass: 57195K(57536K)->57195K(57536K) Class: 15052K(15360K)->15052K(15360K)
[9.657s][info][gc             ] GC(8) Pause Young (Allocation Failure) 551M->39M(2413M) 21.071ms
[9.657s][info][gc,cpu         ] GC(8) User=0.47s Sys=0.03s Real=0.02s
[10.363s][info][gc,start       ] GC(9) Pause Young (Allocation Failure)
[10.385s][info][gc,heap        ] GC(9) PSYoungGen: 1072768K(1073152K)->23264K(1127936K) Eden: 1049600K(1049600K)->0K(1095680K) From: 23168K(23552K)->23264K(32256K)
[10.385s][info][gc,heap        ] GC(9) ParOldGen: 16823K(1398272K)->16831K(1398272K)
[10.385s][info][gc,metaspace   ] GC(9) Metaspace: 72259K(72896K)->72259K(72896K) NonClass: 57206K(57536K)->57206K(57536K) Class: 15053K(15360K)->15053K(15360K)
[10.385s][info][gc             ] GC(9) Pause Young (Allocation Failure) 1064M->39M(2467M) 22.664ms
[10.385s][info][gc,cpu         ] GC(9) User=0.55s Sys=0.03s Real=0.02s
[10.917s][info][gc,start       ] GC(10) Pause Young (Allocation Failure)
[10.935s][info][gc,heap        ] GC(10) PSYoungGen: 1118944K(1127936K)->23024K(2131968K) Eden: 1095680K(1095680K)->0K(2098176K) From: 23264K(32256K)->23024K(33792K)
[10.935s][info][gc,heap        ] GC(10) ParOldGen: 16831K(1398272K)->16839K(1398272K)
[10.935s][info][gc,metaspace   ] GC(10) Metaspace: 72343K(73024K)->72343K(73024K) NonClass: 57278K(57664K)->57278K(57664K) Class: 15064K(15360K)->15064K(15360K)
[10.935s][info][gc             ] GC(10) Pause Young (Allocation Failure) 1109M->38M(3447M) 18.069ms
[10.935s][info][gc,cpu         ] GC(10) User=0.53s Sys=0.00s Real=0.02s
[11.829s][info][gc,start       ] GC(11) Pause Young (Allocation Failure)
[11.853s][info][gc,heap        ] GC(11) PSYoungGen: 2121200K(2131968K)->2080K(2132992K) Eden: 2098176K(2098176K)->0K(2098176K) From: 23024K(33792K)->2080K(34816K)
[11.853s][info][gc,heap        ] GC(11) ParOldGen: 16839K(1398272K)->38274K(1398272K)
[11.853s][info][gc,metaspace   ] GC(11) Metaspace: 72350K(73024K)->72350K(73024K) NonClass: 57286K(57664K)->57286K(57664K) Class: 15064K(15360K)->15064K(15360K)
[11.853s][info][gc             ] GC(11) Pause Young (Allocation Failure) 2087M->39M(3448M) 23.898ms
[11.853s][info][gc,cpu         ] GC(11) User=0.16s Sys=0.42s Real=0.02s
[12.504s][info][gc,start       ] GC(12) Pause Young (Allocation Failure)
[12.506s][info][gc,heap        ] GC(12) PSYoungGen: 2100256K(2132992K)->1920K(3359232K) Eden: 2098176K(2098176K)->0K(3357184K) From: 2080K(34816K)->1920K(2048K)
[12.506s][info][gc,heap        ] GC(12) ParOldGen: 38274K(1398272K)->38538K(1398272K)
[12.506s][info][gc,metaspace   ] GC(12) Metaspace: 72355K(73024K)->72355K(73024K) NonClass: 57289K(57664K)->57289K(57664K) Class: 15065K(15360K)->15065K(15360K)
[12.506s][info][gc             ] GC(12) Pause Young (Allocation Failure) 2088M->39M(4646M) 1.801ms
[12.506s][info][gc,cpu         ] GC(12) User=0.06s Sys=0.00s Real=0.00s
[13.702s][info][gc,start       ] GC(13) Pause Young (Allocation Failure)
[13.706s][info][gc,heap        ] GC(13) PSYoungGen: 3359104K(3359232K)->2016K(4197888K) Eden: 3357184K(3357184K)->0K(4162048K) From: 1920K(2048K)->2016K(35840K)
[13.706s][info][gc,heap        ] GC(13) ParOldGen: 38538K(1398272K)->38810K(1398272K)
[13.706s][info][gc,metaspace   ] GC(13) Metaspace: 72381K(73088K)->72381K(73088K) NonClass: 57313K(57728K)->57313K(57728K) Class: 15067K(15360K)->15067K(15360K)
[13.706s][info][gc             ] GC(13) Pause Young (Allocation Failure) 3318M->39M(5465M) 4.339ms
[13.706s][info][gc,cpu         ] GC(13) User=0.00s Sys=0.00s Real=0.00s
[14.918s][info][gc,start       ] GC(14) Pause Young (Allocation Failure)
[14.923s][info][gc,heap        ] GC(14) PSYoungGen: 4164064K(4197888K)->1888K(5408256K) Eden: 4162048K(4162048K)->0K(5372416K) From: 2016K(35840K)->1888K(35840K)
[14.923s][info][gc,heap        ] GC(14) ParOldGen: 38810K(1398272K)->39074K(1398272K)
[14.923s][info][gc,metaspace   ] GC(14) Metaspace: 72387K(73088K)->72387K(73088K) NonClass: 57319K(57728K)->57319K(57728K) Class: 15067K(15360K)->15067K(15360K)
[14.923s][info][gc             ] GC(14) Pause Young (Allocation Failure) 4104M->40M(6647M) 4.933ms
[14.923s][info][gc,cpu         ] GC(14) User=0.00s Sys=0.00s Real=0.00s
[16.507s][info][gc,start       ] GC(15) Pause Young (Allocation Failure)
[16.512s][info][gc,heap        ] GC(15) PSYoungGen: 5374304K(5408256K)->1984K(5130240K) Eden: 5372416K(5372416K)->0K(5128192K) From: 1888K(35840K)->1984K(2048K)
[16.512s][info][gc,heap        ] GC(15) ParOldGen: 39074K(1398272K)->39330K(1398272K)
[16.512s][info][gc,metaspace   ] GC(15) Metaspace: 72595K(73280K)->72595K(73280K) NonClass: 57489K(57856K)->57489K(57856K) Class: 15105K(15424K)->15105K(15424K)
[16.512s][info][gc             ] GC(15) Pause Young (Allocation Failure) 5286M->40M(6375M) 5.356ms
[16.512s][info][gc,cpu         ] GC(15) User=0.00s Sys=0.00s Real=0.00s
[18.128s][info][gc,start       ] GC(16) Pause Young (System.gc())
[18.132s][info][gc,heap        ] GC(16) PSYoungGen: 3080534K(5130240K)->1792K(5130240K) Eden: 3078550K(5128192K)->0K(5128192K) From: 1984K(2048K)->1792K(2048K)
[18.132s][info][gc,heap        ] GC(16) ParOldGen: 39330K(1398272K)->40274K(1398272K)
[18.132s][info][gc,metaspace   ] GC(16) Metaspace: 72919K(73600K)->72919K(73600K) NonClass: 57726K(58112K)->57726K(58112K) Class: 15192K(15488K)->15192K(15488K)
[18.132s][info][gc             ] GC(16) Pause Young (System.gc()) 3046M->41M(6375M) 4.113ms
[18.133s][info][gc,cpu         ] GC(16) User=0.00s Sys=0.00s Real=0.00s
[18.133s][info][gc,start       ] GC(17) Pause Full (System.gc())
[18.133s][info][gc,phases,start] GC(17) Marking Phase
[18.184s][info][gc,phases      ] GC(17) Marking Phase 51.268ms
[18.184s][info][gc,phases,start] GC(17) Summary Phase
[18.184s][info][gc,phases      ] GC(17) Summary Phase 0.013ms
[18.184s][info][gc,phases,start] GC(17) Adjust Roots
[18.197s][info][gc,phases      ] GC(17) Adjust Roots 13.379ms
[18.198s][info][gc,phases,start] GC(17) Compaction Phase
[18.214s][info][gc,phases      ] GC(17) Compaction Phase 16.202ms
[18.214s][info][gc,phases,start] GC(17) Post Compact
[18.215s][info][gc,phases      ] GC(17) Post Compact 1.489ms
[18.215s][info][gc,heap        ] GC(17) PSYoungGen: 1792K(5130240K)->0K(5130240K) Eden: 0K(5128192K)->0K(5128192K) From: 1792K(2048K)->0K(2048K)
[18.215s][info][gc,heap        ] GC(17) ParOldGen: 40274K(1398272K)->34881K(1398272K)
[18.215s][info][gc,metaspace   ] GC(17) Metaspace: 72919K(73600K)->72623K(73600K) NonClass: 57726K(58112K)->57519K(58112K) Class: 15192K(15488K)->15103K(15488K)
[18.215s][info][gc             ] GC(17) Pause Full (System.gc()) 41M->34M(6375M) 82.686ms
[18.215s][info][gc,cpu         ] GC(17) User=1.09s Sys=0.00s Real=0.08s
[19.990s][info][gc,start       ] GC(18) Pause Young (Allocation Failure)
[19.991s][info][gc,heap        ] GC(18) PSYoungGen: 5128192K(5130240K)->4128K(4929536K) Eden: 5128192K(5128192K)->0K(4895744K) From: 0K(2048K)->4128K(33792K)
[19.991s][info][gc,heap        ] GC(18) ParOldGen: 34881K(1398272K)->34889K(1398272K)
[19.991s][info][gc,metaspace   ] GC(18) Metaspace: 72709K(73600K)->72709K(73600K) NonClass: 57596K(58112K)->57596K(58112K) Class: 15112K(15488K)->15112K(15488K)
[19.991s][info][gc             ] GC(18) Pause Young (Allocation Failure) 5042M->38M(6179M) 1.887ms
[19.991s][info][gc,cpu         ] GC(18) User=0.00s Sys=0.00s Real=0.00s
[21.190s][info][gc,start       ] GC(19) Pause Young (Allocation Failure)
[21.193s][info][gc,heap        ] GC(19) PSYoungGen: 4899872K(4929536K)->2016K(4677120K) Eden: 4895744K(4895744K)->0K(4675072K) From: 4128K(33792K)->2016K(2048K)
[21.193s][info][gc,heap        ] GC(19) ParOldGen: 34889K(1398272K)->37289K(1398272K)
[21.193s][info][gc,metaspace   ] GC(19) Metaspace: 72709K(73600K)->72709K(73600K) NonClass: 57596K(58112K)->57596K(58112K) Class: 15112K(15488K)->15112K(15488K)
[21.193s][info][gc             ] GC(19) Pause Young (Allocation Failure) 4819M->38M(5933M) 2.783ms
[21.193s][info][gc,cpu         ] GC(19) User=0.00s Sys=0.00s Real=0.00s
[22.333s][info][gc,start       ] GC(20) Pause Young (Allocation Failure)
[22.334s][info][gc,heap        ] GC(20) PSYoungGen: 4677088K(4677120K)->1984K(4467200K) Eden: 4675072K(4675072K)->0K(4465152K) From: 2016K(2048K)->1984K(2048K)
[22.334s][info][gc,heap        ] GC(20) ParOldGen: 37289K(1398272K)->37553K(1398272K)
[22.334s][info][gc,metaspace   ] GC(20) Metaspace: 72709K(73600K)->72709K(73600K) NonClass: 57596K(58112K)->57596K(58112K) Class: 15112K(15488K)->15112K(15488K)
[22.334s][info][gc             ] GC(20) Pause Young (Allocation Failure) 4603M->38M(5728M) 1.518ms
[22.334s][info][gc,cpu         ] GC(20) User=0.00s Sys=0.00s Real=0.00s
[23.457s][info][gc,start       ] GC(21) Pause Young (Allocation Failure)
[23.461s][info][gc,heap        ] GC(21) PSYoungGen: 4467136K(4467200K)->1984K(4267520K) Eden: 4465152K(4465152K)->0K(4265472K) From: 1984K(2048K)->1984K(2048K)
[23.461s][info][gc,heap        ] GC(21) ParOldGen: 37553K(1398272K)->37817K(1398272K)
[23.461s][info][gc,metaspace   ] GC(21) Metaspace: 72757K(73664K)->72757K(73664K) NonClass: 57644K(58176K)->57644K(58176K) Class: 15112K(15488K)->15112K(15488K)
[23.461s][info][gc             ] GC(21) Pause Young (Allocation Failure) 4399M->38M(5533M) 3.365ms
[23.461s][info][gc,cpu         ] GC(21) User=0.00s Sys=0.00s Real=0.00s
[25.683s][info][gc,start       ] GC(22) Pause Young (System.gc())
[25.686s][info][gc,heap        ] GC(22) PSYoungGen: 4016818K(4267520K)->1920K(4267520K) Eden: 4014834K(4265472K)->0K(4265472K) From: 1984K(2048K)->1920K(2048K)
[25.686s][info][gc,heap        ] GC(22) ParOldGen: 37817K(1398272K)->38513K(1398272K)
[25.686s][info][gc,metaspace   ] GC(22) Metaspace: 72791K(73664K)->72791K(73664K) NonClass: 57678K(58176K)->57678K(58176K) Class: 15113K(15488K)->15113K(15488K)
[25.686s][info][gc             ] GC(22) Pause Young (System.gc()) 3959M->39M(5533M) 2.818ms
[25.686s][info][gc,cpu         ] GC(22) User=0.00s Sys=0.00s Real=0.00s
[25.686s][info][gc,start       ] GC(23) Pause Full (System.gc())
[25.686s][info][gc,phases,start] GC(23) Marking Phase
[25.742s][info][gc,phases      ] GC(23) Marking Phase 55.934ms
[25.742s][info][gc,phases,start] GC(23) Summary Phase
[25.742s][info][gc,phases      ] GC(23) Summary Phase 0.013ms
[25.742s][info][gc,phases,start] GC(23) Adjust Roots
[25.760s][info][gc,phases      ] GC(23) Adjust Roots 17.511ms
[25.760s][info][gc,phases,start] GC(23) Compaction Phase
[25.776s][info][gc,phases      ] GC(23) Compaction Phase 15.903ms
[25.776s][info][gc,phases,start] GC(23) Post Compact
[25.777s][info][gc,phases      ] GC(23) Post Compact 1.318ms
[25.777s][info][gc,heap        ] GC(23) PSYoungGen: 1920K(4267520K)->0K(4267520K) Eden: 0K(4265472K)->0K(4265472K) From: 1920K(2048K)->0K(2048K)
[25.777s][info][gc,heap        ] GC(23) ParOldGen: 38513K(1398272K)->35671K(1398272K)
[25.777s][info][gc,metaspace   ] GC(23) Metaspace: 72791K(73664K)->72778K(73664K) NonClass: 57678K(58176K)->57669K(58176K) Class: 15113K(15488K)->15109K(15488K)
[25.777s][info][gc             ] GC(23) Pause Full (System.gc()) 39M->34M(5533M) 91.114ms
[25.777s][info][gc,cpu         ] GC(23) User=0.64s Sys=0.00s Real=0.09s
[26.872s][info][gc,start       ] GC(24) Pause Young (Allocation Failure)
[26.876s][info][gc,heap        ] GC(24) PSYoungGen: 4265472K(4267520K)->4096K(4080128K) Eden: 4265472K(4265472K)->0K(4076032K) From: 0K(2048K)->4096K(4096K)
[26.876s][info][gc,heap        ] GC(24) ParOldGen: 35671K(1398272K)->35679K(1398272K)
[26.876s][info][gc,metaspace   ] GC(24) Metaspace: 72912K(73664K)->72912K(73664K) NonClass: 57803K(58176K)->57803K(58176K) Class: 15109K(15488K)->15109K(15488K)
[26.876s][info][gc             ] GC(24) Pause Young (Allocation Failure) 4200M->38M(5350M) 3.722ms
[26.876s][info][gc,cpu         ] GC(24) User=0.00s Sys=0.00s Real=0.00s
[27.860s][info][gc,start       ] GC(25) Pause Young (Allocation Failure)
[27.862s][info][gc,heap        ] GC(25) PSYoungGen: 4080128K(4080128K)->1952K(3897856K) Eden: 4076032K(4076032K)->0K(3895808K) From: 4096K(4096K)->1952K(2048K)
[27.862s][info][gc,heap        ] GC(25) ParOldGen: 35679K(1398272K)->38006K(1398272K)
[27.862s][info][gc,metaspace   ] GC(25) Metaspace: 72912K(73664K)->72912K(73664K) NonClass: 57803K(58176K)->57803K(58176K) Class: 15109K(15488K)->15109K(15488K)
[27.862s][info][gc             ] GC(25) Pause Young (Allocation Failure) 4019M->39M(5172M) 2.045ms
[27.862s][info][gc,cpu         ] GC(25) User=0.00s Sys=0.00s Real=0.00s
[28.806s][info][gc,start       ] GC(26) Pause Young (Allocation Failure)
[28.810s][info][gc,heap        ] GC(26) PSYoungGen: 3897760K(3897856K)->2016K(3726336K) Eden: 3895808K(3895808K)->0K(3724288K) From: 1952K(2048K)->2016K(2048K)
[28.810s][info][gc,heap        ] GC(26) ParOldGen: 38006K(1398272K)->38262K(1398272K)
[28.810s][info][gc,metaspace   ] GC(26) Metaspace: 72940K(73728K)->72940K(73728K) NonClass: 57831K(58240K)->57831K(58240K) Class: 15109K(15488K)->15109K(15488K)
[28.810s][info][gc             ] GC(26) Pause Young (Allocation Failure) 3843M->39M(5004M) 3.866ms
[28.810s][info][gc,cpu         ] GC(26) User=0.00s Sys=0.00s Real=0.00s
[29.710s][info][gc,start       ] GC(27) Pause Young (Allocation Failure)
[29.712s][info][gc,heap        ] GC(27) PSYoungGen: 3726304K(3726336K)->1856K(3563520K) Eden: 3724288K(3724288K)->0K(3561472K) From: 2016K(2048K)->1856K(2048K)
[29.712s][info][gc,heap        ] GC(27) ParOldGen: 38262K(1398272K)->38526K(1398272K)
[29.712s][info][gc,metaspace   ] GC(27) Metaspace: 72940K(73728K)->72940K(73728K) NonClass: 57831K(58240K)->57831K(58240K) Class: 15109K(15488K)->15109K(15488K)
[29.712s][info][gc             ] GC(27) Pause Young (Allocation Failure) 3676M->39M(4845M) 1.521ms
[29.712s][info][gc,cpu         ] GC(27) User=0.00s Sys=0.00s Real=0.00s
[30.595s][info][gc,start       ] GC(28) Pause Young (Allocation Failure)
[30.599s][info][gc,heap        ] GC(28) PSYoungGen: 3563328K(3563520K)->1856K(3408384K) Eden: 3561472K(3561472K)->0K(3406336K) From: 1856K(2048K)->1856K(2048K)
[30.600s][info][gc,heap        ] GC(28) ParOldGen: 38526K(1398272K)->38550K(1398272K)
[30.600s][info][gc,metaspace   ] GC(28) Metaspace: 72964K(73728K)->72964K(73728K) NonClass: 57855K(58240K)->57855K(58240K) Class: 15109K(15488K)->15109K(15488K)
[30.600s][info][gc             ] GC(28) Pause Young (Allocation Failure) 3517M->39M(4694M) 4.196ms
[30.600s][info][gc,cpu         ] GC(28) User=0.00s Sys=0.00s Real=0.00s
[32.238s][info][gc,start       ] GC(29) Pause Young (Allocation Failure)
[32.240s][info][gc,heap        ] GC(29) PSYoungGen: 3408192K(3408384K)->1376K(3260416K) Eden: 3406336K(3406336K)->0K(3258880K) From: 1856K(2048K)->1376K(1536K)
[32.240s][info][gc,heap        ] GC(29) ParOldGen: 38550K(1398272K)->39230K(1398272K)
[32.240s][info][gc,metaspace   ] GC(29) Metaspace: 73057K(73728K)->73057K(73728K) NonClass: 57948K(58240K)->57948K(58240K) Class: 15109K(15488K)->15109K(15488K)
[32.240s][info][gc             ] GC(29) Pause Young (Allocation Failure) 3365M->39M(4549M) 1.701ms
[32.240s][info][gc,cpu         ] GC(29) User=0.00s Sys=0.00s Real=0.00s
[32.408s][info][gc,start       ] GC(30) Pause Young (System.gc())
[32.415s][info][gc,heap        ] GC(30) PSYoungGen: 211486K(3260416K)->1408K(3260416K) Eden: 210110K(3258880K)->0K(3258880K) From: 1376K(1536K)->1408K(1536K)
[32.415s][info][gc,heap        ] GC(30) ParOldGen: 39230K(1398272K)->39934K(1398272K)
[32.415s][info][gc,metaspace   ] GC(30) Metaspace: 73078K(73728K)->73078K(73728K) NonClass: 57969K(58240K)->57969K(58240K) Class: 15109K(15488K)->15109K(15488K)
[32.415s][info][gc             ] GC(30) Pause Young (System.gc()) 244M->40M(4549M) 6.446ms
[32.415s][info][gc,cpu         ] GC(30) User=0.02s Sys=0.02s Real=0.01s
[32.415s][info][gc,start       ] GC(31) Pause Full (System.gc())
[32.415s][info][gc,phases,start] GC(31) Marking Phase
[32.453s][info][gc,phases      ] GC(31) Marking Phase 37.593ms
[32.453s][info][gc,phases,start] GC(31) Summary Phase
[32.453s][info][gc,phases      ] GC(31) Summary Phase 0.013ms
[32.453s][info][gc,phases,start] GC(31) Adjust Roots
[32.470s][info][gc,phases      ] GC(31) Adjust Roots 17.715ms
[32.470s][info][gc,phases,start] GC(31) Compaction Phase
[32.484s][info][gc,phases      ] GC(31) Compaction Phase 13.319ms
[32.526s][info][gc,phases,start] GC(31) Post Compact
[32.527s][info][gc,phases      ] GC(31) Post Compact 1.118ms
[32.527s][info][gc,heap        ] GC(31) PSYoungGen: 1408K(3260416K)->0K(3260416K) Eden: 0K(3258880K)->0K(3258880K) From: 1408K(1536K)->0K(1536K)
[32.527s][info][gc,heap        ] GC(31) ParOldGen: 39934K(1398272K)->35382K(1398272K)
[32.527s][info][gc,metaspace   ] GC(31) Metaspace: 73078K(73728K)->73078K(73728K) NonClass: 57969K(58240K)->57969K(58240K) Class: 15109K(15488K)->15109K(15488K)
[32.527s][info][gc             ] GC(31) Pause Full (System.gc()) 40M->34M(4549M) 112.461ms
[32.527s][info][gc,cpu         ] GC(31) User=0.77s Sys=0.00s Real=0.11s
[33.360s][info][gc,start       ] GC(32) Pause Young (Allocation Failure)
[33.362s][info][gc,heap        ] GC(32) PSYoungGen: 3258880K(3260416K)->3968K(3138048K) Eden: 3258880K(3258880K)->0K(3118592K) From: 0K(1536K)->3968K(19456K)
[33.362s][info][gc,heap        ] GC(32) ParOldGen: 35382K(1398272K)->35390K(1398272K)
[33.362s][info][gc,metaspace   ] GC(32) Metaspace: 73224K(73792K)->73224K(73792K) NonClass: 58114K(58304K)->58114K(58304K) Class: 15109K(15488K)->15109K(15488K)
[33.362s][info][gc             ] GC(32) Pause Young (Allocation Failure) 3217M->38M(4430M) 1.852ms
[33.362s][info][gc,cpu         ] GC(32) User=0.00s Sys=0.00s Real=0.00s
[34.116s][info][gc,start       ] GC(33) Pause Young (Allocation Failure)
[34.119s][info][gc,heap        ] GC(33) PSYoungGen: 3122560K(3138048K)->1888K(2987520K) Eden: 3118592K(3118592K)->0K(2985472K) From: 3968K(19456K)->1888K(2048K)
[34.119s][info][gc,heap        ] GC(33) ParOldGen: 35390K(1398272K)->37638K(1398272K)
[34.119s][info][gc,metaspace   ] GC(33) Metaspace: 73224K(73792K)->73224K(73792K) NonClass: 58114K(58304K)->58114K(58304K) Class: 15109K(15488K)->15109K(15488K)
[34.119s][info][gc             ] GC(33) Pause Young (Allocation Failure) 3083M->38M(4283M) 3.048ms
[34.119s][info][gc,cpu         ] GC(33) User=0.00s Sys=0.00s Real=0.00s
[34.841s][info][gc,start       ] GC(34) Pause Young (Allocation Failure)
[34.842s][info][gc,heap        ] GC(34) PSYoungGen: 2987360K(2987520K)->1952K(2861056K) Eden: 2985472K(2985472K)->0K(2859008K) From: 1888K(2048K)->1952K(2048K)
[34.842s][info][gc,heap        ] GC(34) ParOldGen: 37638K(1398272K)->37886K(1398272K)
[34.842s][info][gc,metaspace   ] GC(34) Metaspace: 73225K(73792K)->73225K(73792K) NonClass: 58115K(58304K)->58115K(58304K) Class: 15109K(15488K)->15109K(15488K)
[34.842s][info][gc             ] GC(34) Pause Young (Allocation Failure) 2954M->38M(4159M) 1.343ms
[34.842s][info][gc,cpu         ] GC(34) User=0.00s Sys=0.00s Real=0.00s
[35.533s][info][gc,start       ] GC(35) Pause Young (Allocation Failure)
[35.535s][info][gc,heap        ] GC(35) PSYoungGen: 2860960K(2861056K)->1888K(2740736K) Eden: 2859008K(2859008K)->0K(2738688K) From: 1952K(2048K)->1888K(2048K)
[35.535s][info][gc,heap        ] GC(35) ParOldGen: 37886K(1398272K)->38150K(1398272K)
[35.535s][info][gc,metaspace   ] GC(35) Metaspace: 73226K(73792K)->73226K(73792K) NonClass: 58116K(58304K)->58116K(58304K) Class: 15109K(15488K)->15109K(15488K)
[35.535s][info][gc             ] GC(35) Pause Young (Allocation Failure) 2830M->39M(4042M) 2.360ms
[35.535s][info][gc,cpu         ] GC(35) User=0.00s Sys=0.00s Real=0.00s
[36.199s][info][gc,start       ] GC(36) Pause Young (Allocation Failure)
[36.201s][info][gc,heap        ] GC(36) PSYoungGen: 2740576K(2740736K)->1920K(2626048K) Eden: 2738688K(2738688K)->0K(2624000K) From: 1888K(2048K)->1920K(2048K)
[36.201s][info][gc,heap        ] GC(36) ParOldGen: 38150K(1398272K)->38174K(1398272K)
[36.201s][info][gc,metaspace   ] GC(36) Metaspace: 73234K(73792K)->73234K(73792K) NonClass: 58124K(58304K)->58124K(58304K) Class: 15109K(15488K)->15109K(15488K)
[36.201s][info][gc             ] GC(36) Pause Young (Allocation Failure) 2713M->39M(3930M) 1.430ms
[36.201s][info][gc,cpu         ] GC(36) User=0.00s Sys=0.00s Real=0.00s
[36.836s][info][gc,start       ] GC(37) Pause Young (Allocation Failure)
[36.839s][info][gc,heap        ] GC(37) PSYoungGen: 2625920K(2626048K)->1952K(2516992K) Eden: 2624000K(2624000K)->0K(2514944K) From: 1920K(2048K)->1952K(2048K)
[36.839s][info][gc,heap        ] GC(37) ParOldGen: 38174K(1398272K)->38438K(1398272K)
[36.839s][info][gc,metaspace   ] GC(37) Metaspace: 73234K(73792K)->73234K(73792K) NonClass: 58124K(58304K)->58124K(58304K) Class: 15109K(15488K)->15109K(15488K)
[36.839s][info][gc             ] GC(37) Pause Young (Allocation Failure) 2601M->39M(3823M) 3.113ms
[36.839s][info][gc,cpu         ] GC(37) User=0.00s Sys=0.00s Real=0.00s
[37.497s][info][gc,start       ] GC(38) Pause Young (Allocation Failure)
[37.498s][info][gc,heap        ] GC(38) PSYoungGen: 2516896K(2516992K)->1888K(2413056K) Eden: 2514944K(2514944K)->0K(2411008K) From: 1952K(2048K)->1888K(2048K)
[37.498s][info][gc,heap        ] GC(38) ParOldGen: 38438K(1398272K)->38694K(1398272K)
[37.498s][info][gc,metaspace   ] GC(38) Metaspace: 73235K(73856K)->73235K(73856K) NonClass: 58125K(58368K)->58125K(58368K) Class: 15109K(15488K)->15109K(15488K)
[37.498s][info][gc             ] GC(38) Pause Young (Allocation Failure) 2495M->39M(3722M) 1.361ms
[37.498s][info][gc,cpu         ] GC(38) User=0.00s Sys=0.00s Real=0.00s
[38.796s][info][gc,start       ] GC(39) Pause Young (Allocation Failure)
[38.799s][info][gc,heap        ] GC(39) PSYoungGen: 2412896K(2413056K)->1248K(2313728K) Eden: 2411008K(2411008K)->0K(2312192K) From: 1888K(2048K)->1248K(1536K)
[38.799s][info][gc,heap        ] GC(39) ParOldGen: 38694K(1398272K)->39502K(1398272K)
[38.799s][info][gc,metaspace   ] GC(39) Metaspace: 73244K(73856K)->73244K(73856K) NonClass: 58135K(58368K)->58135K(58368K) Class: 15109K(15488K)->15109K(15488K)
[38.799s][info][gc             ] GC(39) Pause Young (Allocation Failure) 2394M->39M(3625M) 3.621ms
[38.799s][info][gc,cpu         ] GC(39) User=0.00s Sys=0.00s Real=0.00s
[39.221s][info][gc,start       ] GC(40) Pause Young (System.gc())
[39.222s][info][gc,heap        ] GC(40) PSYoungGen: 620954K(2313728K)->1344K(2324480K) Eden: 619706K(2312192K)->0K(2312192K) From: 1248K(1536K)->1344K(12288K)
[39.222s][info][gc,heap        ] GC(40) ParOldGen: 39502K(1398272K)->40070K(1398272K)
[39.222s][info][gc,metaspace   ] GC(40) Metaspace: 73288K(73920K)->73288K(73920K) NonClass: 58178K(58432K)->58178K(58432K) Class: 15109K(15488K)->15109K(15488K)
[39.223s][info][gc             ] GC(40) Pause Young (System.gc()) 644M->40M(3635M) 1.956ms
[39.223s][info][gc,cpu         ] GC(40) User=0.00s Sys=0.00s Real=0.00s
[39.223s][info][gc,start       ] GC(41) Pause Full (System.gc())
[39.223s][info][gc,phases,start] GC(41) Marking Phase
[39.259s][info][gc,phases      ] GC(41) Marking Phase 36.087ms
[39.259s][info][gc,phases,start] GC(41) Summary Phase
[39.259s][info][gc,phases      ] GC(41) Summary Phase 0.013ms
[39.259s][info][gc,phases,start] GC(41) Adjust Roots
[39.271s][info][gc,phases      ] GC(41) Adjust Roots 12.363ms
[39.271s][info][gc,phases,start] GC(41) Compaction Phase
[39.279s][info][gc,phases      ] GC(41) Compaction Phase 7.456ms
[39.279s][info][gc,phases,start] GC(41) Post Compact
[39.280s][info][gc,phases      ] GC(41) Post Compact 0.894ms
[39.280s][info][gc,heap        ] GC(41) PSYoungGen: 1344K(2324480K)->0K(2324480K) Eden: 0K(2312192K)->0K(2312192K) From: 1344K(12288K)->0K(12288K)
[39.280s][info][gc,heap        ] GC(41) ParOldGen: 40070K(1398272K)->35421K(1398272K)
[39.280s][info][gc,metaspace   ] GC(41) Metaspace: 73288K(73920K)->73288K(73920K) NonClass: 58178K(58432K)->58178K(58432K) Class: 15109K(15488K)->15109K(15488K)
[39.280s][info][gc             ] GC(41) Pause Full (System.gc()) 40M->34M(3635M) 57.221ms
[39.280s][info][gc,cpu         ] GC(41) User=0.45s Sys=0.02s Real=0.05s
[39.872s][info][gc,start       ] GC(42) Pause Young (Allocation Failure)
[39.874s][info][gc,heap        ] GC(42) PSYoungGen: 2312192K(2324480K)->3872K(2222080K) Eden: 2312192K(2312192K)->0K(2217984K) From: 0K(12288K)->3872K(4096K)
[39.874s][info][gc,heap        ] GC(42) ParOldGen: 35421K(1398272K)->35429K(1398272K)
[39.874s][info][gc,metaspace   ] GC(42) Metaspace: 73427K(74048K)->73427K(74048K) NonClass: 58317K(58560K)->58317K(58560K) Class: 15109K(15488K)->15109K(15488K)
[39.874s][info][gc             ] GC(42) Pause Young (Allocation Failure) 2292M->38M(3535M) 2.531ms
[39.874s][info][gc,cpu         ] GC(42) User=0.00s Sys=0.00s Real=0.00s
[40.411s][info][gc,start       ] GC(43) Pause Young (Allocation Failure)
[40.413s][info][gc,heap        ] GC(43) PSYoungGen: 2221856K(2222080K)->1888K(2130432K) Eden: 2217984K(2217984K)->0K(2128384K) From: 3872K(4096K)->1888K(2048K)
[40.413s][info][gc,heap        ] GC(43) ParOldGen: 35429K(1398272K)->37661K(1398272K)
[40.413s][info][gc,metaspace   ] GC(43) Metaspace: 73428K(74048K)->73428K(74048K) NonClass: 58318K(58560K)->58318K(58560K) Class: 15109K(15488K)->15109K(15488K)
[40.413s][info][gc             ] GC(43) Pause Young (Allocation Failure) 2204M->38M(3446M) 2.111ms
[40.413s][info][gc,cpu         ] GC(43) User=0.52s Sys=0.00s Real=0.00s
[40.929s][info][gc,start       ] GC(44) Pause Young (Allocation Failure)
[40.932s][info][gc,heap        ] GC(44) PSYoungGen: 2130272K(2130432K)->1920K(2045440K) Eden: 2128384K(2128384K)->0K(2043392K) From: 1888K(2048K)->1920K(2048K)
[40.932s][info][gc,heap        ] GC(44) ParOldGen: 37661K(1398272K)->37805K(1398272K)
[40.932s][info][gc,metaspace   ] GC(44) Metaspace: 73428K(74048K)->73428K(74048K) NonClass: 58318K(58560K)->58318K(58560K) Class: 15109K(15488K)->15109K(15488K)
[40.932s][info][gc             ] GC(44) Pause Young (Allocation Failure) 2117M->38M(3363M) 2.225ms
[40.932s][info][gc,cpu         ] GC(44) User=0.00s Sys=0.00s Real=0.00s
[41.427s][info][gc,start       ] GC(45) Pause Young (Allocation Failure)
[41.429s][info][gc,heap        ] GC(45) PSYoungGen: 2045312K(2045440K)->1856K(1964544K) Eden: 2043392K(2043392K)->0K(1962496K) From: 1920K(2048K)->1856K(2048K)
[41.429s][info][gc,heap        ] GC(45) ParOldGen: 37805K(1398272K)->38061K(1398272K)
[41.429s][info][gc,metaspace   ] GC(45) Metaspace: 73429K(74048K)->73429K(74048K) NonClass: 58319K(58560K)->58319K(58560K) Class: 15109K(15488K)->15109K(15488K)
[41.429s][info][gc             ] GC(45) Pause Young (Allocation Failure) 2034M->38M(3284M) 1.657ms
[41.429s][info][gc,cpu         ] GC(45) User=0.00s Sys=0.00s Real=0.00s
[41.905s][info][gc,start       ] GC(46) Pause Young (Allocation Failure)
[41.907s][info][gc,heap        ] GC(46) PSYoungGen: 1964352K(1964544K)->1856K(1887232K) Eden: 1962496K(1962496K)->0K(1885184K) From: 1856K(2048K)->1856K(2048K)
[41.907s][info][gc,heap        ] GC(46) ParOldGen: 38061K(1398272K)->38117K(1398272K)
[41.907s][info][gc,metaspace   ] GC(46) Metaspace: 73429K(74048K)->73429K(74048K) NonClass: 58319K(58560K)->58319K(58560K) Class: 15109K(15488K)->15109K(15488K)
[41.907s][info][gc             ] GC(46) Pause Young (Allocation Failure) 1955M->39M(3208M) 2.244ms
[41.907s][info][gc,cpu         ] GC(46) User=0.00s Sys=0.00s Real=0.00s
[42.367s][info][gc,start       ] GC(47) Pause Young (Allocation Failure)
[42.368s][info][gc,heap        ] GC(47) PSYoungGen: 1887040K(1887232K)->1920K(1813504K) Eden: 1885184K(1885184K)->0K(1811456K) From: 1856K(2048K)->1920K(2048K)
[42.368s][info][gc,heap        ] GC(47) ParOldGen: 38117K(1398272K)->38381K(1398272K)
[42.368s][info][gc,metaspace   ] GC(47) Metaspace: 73429K(74048K)->73429K(74048K) NonClass: 58319K(58560K)->58319K(58560K) Class: 15109K(15488K)->15109K(15488K)
[42.368s][info][gc             ] GC(47) Pause Young (Allocation Failure) 1880M->39M(3136M) 1.557ms
[42.368s][info][gc,cpu         ] GC(47) User=0.00s Sys=0.00s Real=0.00s
[42.808s][info][gc,start       ] GC(48) Pause Young (Allocation Failure)
[42.810s][info][gc,heap        ] GC(48) PSYoungGen: 1813376K(1813504K)->1888K(1743360K) Eden: 1811456K(1811456K)->0K(1741312K) From: 1920K(2048K)->1888K(2048K)
[42.810s][info][gc,heap        ] GC(48) ParOldGen: 38381K(1398272K)->38509K(1398272K)
[42.810s][info][gc,metaspace   ] GC(48) Metaspace: 73429K(74048K)->73429K(74048K) NonClass: 58319K(58560K)->58319K(58560K) Class: 15109K(15488K)->15109K(15488K)
[42.810s][info][gc             ] GC(48) Pause Young (Allocation Failure) 1808M->39M(3068M) 2.008ms
[42.810s][info][gc,cpu         ] GC(48) User=0.00s Sys=0.00s Real=0.00s
[43.233s][info][gc,start       ] GC(49) Pause Young (Allocation Failure)
[43.234s][info][gc,heap        ] GC(49) PSYoungGen: 1743200K(1743360K)->1824K(1676800K) Eden: 1741312K(1741312K)->0K(1674752K) From: 1888K(2048K)->1824K(2048K)
[43.234s][info][gc,heap        ] GC(49) ParOldGen: 38509K(1398272K)->38765K(1398272K)
[43.234s][info][gc,metaspace   ] GC(49) Metaspace: 73430K(74048K)->73430K(74048K) NonClass: 58320K(58560K)->58320K(58560K) Class: 15109K(15488K)->15109K(15488K)
[43.234s][info][gc             ] GC(49) Pause Young (Allocation Failure) 1739M->39M(3003M) 1.540ms
[43.234s][info][gc,cpu         ] GC(49) User=0.00s Sys=0.00s Real=0.00s
[43.642s][info][gc,start       ] GC(50) Pause Young (Allocation Failure)
[43.644s][info][gc,heap        ] GC(50) PSYoungGen: 1676576K(1676800K)->1920K(1613312K) Eden: 1674752K(1674752K)->0K(1611264K) From: 1824K(2048K)->1920K(2048K)
[43.644s][info][gc,heap        ] GC(50) ParOldGen: 38765K(1398272K)->38869K(1398272K)
[43.644s][info][gc,metaspace   ] GC(50) Metaspace: 73436K(74048K)->73436K(74048K) NonClass: 58326K(58560K)->58326K(58560K) Class: 15109K(15488K)->15109K(15488K)
[43.644s][info][gc             ] GC(50) Pause Young (Allocation Failure) 1675M->39M(2941M) 2.166ms
[43.644s][info][gc,cpu         ] GC(50) User=0.00s Sys=0.00s Real=0.00s
[44.043s][info][gc,start       ] GC(51) Pause Young (Allocation Failure)
[44.044s][info][gc,heap        ] GC(51) PSYoungGen: 1613184K(1613312K)->1920K(1552896K) Eden: 1611264K(1611264K)->0K(1550848K) From: 1920K(2048K)->1920K(2048K)
[44.044s][info][gc,heap        ] GC(51) ParOldGen: 38869K(1398272K)->39069K(1398272K)
[44.044s][info][gc,metaspace   ] GC(51) Metaspace: 73436K(74048K)->73436K(74048K) NonClass: 58326K(58560K)->58326K(58560K) Class: 15109K(15488K)->15109K(15488K)
[44.044s][info][gc             ] GC(51) Pause Young (Allocation Failure) 1613M->40M(2882M) 1.441ms
[44.044s][info][gc,cpu         ] GC(51) User=0.00s Sys=0.00s Real=0.00s
[44.559s][info][gc,start       ] GC(52) Pause Young (Allocation Failure)
[44.561s][info][gc,heap        ] GC(52) PSYoungGen: 1552768K(1552896K)->1440K(1494528K) Eden: 1550848K(1550848K)->0K(1492992K) From: 1920K(2048K)->1440K(1536K)
[44.561s][info][gc,heap        ] GC(52) ParOldGen: 39069K(1398272K)->39549K(1398272K)
[44.561s][info][gc,metaspace   ] GC(52) Metaspace: 73447K(74048K)->73447K(74048K) NonClass: 58337K(58560K)->58337K(58560K) Class: 15109K(15488K)->15109K(15488K)
[44.561s][info][gc             ] GC(52) Pause Young (Allocation Failure) 1554M->40M(2825M) 1.922ms
[44.561s][info][gc,cpu         ] GC(52) User=0.00s Sys=0.00s Real=0.00s
[45.427s][info][gc,start       ] GC(53) Pause Young (Allocation Failure)
[45.428s][info][gc,heap        ] GC(53) PSYoungGen: 1494432K(1494528K)->1152K(1439744K) Eden: 1492992K(1492992K)->0K(1438208K) From: 1440K(1536K)->1152K(1536K)
[45.429s][info][gc,heap        ] GC(53) ParOldGen: 39549K(1398272K)->40189K(1398272K)
[45.429s][info][gc,metaspace   ] GC(53) Metaspace: 73448K(74048K)->73448K(74048K) NonClass: 58338K(58560K)->58338K(58560K) Class: 15109K(15488K)->15109K(15488K)
[45.429s][info][gc             ] GC(53) Pause Young (Allocation Failure) 1498M->40M(2771M) 1.336ms
[45.429s][info][gc,cpu         ] GC(53) User=0.52s Sys=0.00s Real=0.00s
[45.902s][info][gc,start       ] GC(54) Pause Young (System.gc())
[45.904s][info][gc,heap        ] GC(54) PSYoungGen: 676173K(1439744K)->1184K(1439744K) Eden: 675021K(1438208K)->0K(1438208K) From: 1152K(1536K)->1184K(1536K)
[45.905s][info][gc,heap        ] GC(54) ParOldGen: 40189K(1398272K)->40525K(1398272K)
[45.905s][info][gc,metaspace   ] GC(54) Metaspace: 73467K(74048K)->73467K(74048K) NonClass: 58357K(58560K)->58357K(58560K) Class: 15109K(15488K)->15109K(15488K)
[45.905s][info][gc             ] GC(54) Pause Young (System.gc()) 699M->40M(2771M) 2.614ms
[45.905s][info][gc,cpu         ] GC(54) User=0.00s Sys=0.00s Real=0.00s
[45.905s][info][gc,start       ] GC(55) Pause Full (System.gc())
[45.905s][info][gc,phases,start] GC(55) Marking Phase
[45.942s][info][gc,phases      ] GC(55) Marking Phase 37.327ms
[45.942s][info][gc,phases,start] GC(55) Summary Phase
[45.942s][info][gc,phases      ] GC(55) Summary Phase 0.014ms
[45.942s][info][gc,phases,start] GC(55) Adjust Roots
[45.953s][info][gc,phases      ] GC(55) Adjust Roots 11.082ms
[45.953s][info][gc,phases,start] GC(55) Compaction Phase
[45.963s][info][gc,phases      ] GC(55) Compaction Phase 9.353ms
[45.963s][info][gc,phases,start] GC(55) Post Compact
[45.964s][info][gc,phases      ] GC(55) Post Compact 0.857ms
[45.964s][info][gc,heap        ] GC(55) PSYoungGen: 1184K(1439744K)->0K(1439744K) Eden: 0K(1438208K)->0K(1438208K) From: 1184K(1536K)->0K(1536K)
[45.964s][info][gc,heap        ] GC(55) ParOldGen: 40525K(1398272K)->35411K(1398272K)
[45.964s][info][gc,metaspace   ] GC(55) Metaspace: 73467K(74048K)->73467K(74048K) NonClass: 58357K(58560K)->58357K(58560K) Class: 15109K(15488K)->15109K(15488K)
[45.964s][info][gc             ] GC(55) Pause Full (System.gc()) 40M->34M(2771M) 58.995ms
[45.964s][info][gc,cpu         ] GC(55) User=0.45s Sys=0.00s Real=0.05s
[46.348s][info][gc,start       ] GC(56) Pause Young (Allocation Failure)
[46.350s][info][gc,heap        ] GC(56) PSYoungGen: 1438208K(1439744K)->4096K(1390080K) Eden: 1438208K(1438208K)->0K(1385984K) From: 0K(1536K)->4096K(4096K)
[46.350s][info][gc,heap        ] GC(56) ParOldGen: 35411K(1398272K)->35419K(1398272K)
[46.350s][info][gc,metaspace   ] GC(56) Metaspace: 73677K(74304K)->73677K(74304K) NonClass: 58567K(58816K)->58567K(58816K) Class: 15109K(15488K)->15109K(15488K)
[46.350s][info][gc             ] GC(56) Pause Young (Allocation Failure) 1439M->38M(2723M) 1.777ms
[46.350s][info][gc,cpu         ] GC(56) User=0.00s Sys=0.00s Real=0.00s
[46.685s][info][gc,start       ] GC(57) Pause Young (Allocation Failure)
[46.687s][info][gc,heap        ] GC(57) PSYoungGen: 1390080K(1390080K)->1952K(1337856K) Eden: 1385984K(1385984K)->0K(1335808K) From: 4096K(4096K)->1952K(2048K)
[46.687s][info][gc,heap        ] GC(57) ParOldGen: 35419K(1398272K)->37619K(1398272K)
[46.687s][info][gc,metaspace   ] GC(57) Metaspace: 73677K(74304K)->73677K(74304K) NonClass: 58567K(58816K)->58567K(58816K) Class: 15109K(15488K)->15109K(15488K)
[46.687s][info][gc             ] GC(57) Pause Young (Allocation Failure) 1392M->38M(2672M) 2.020ms
[46.687s][info][gc,cpu         ] GC(57) User=0.00s Sys=0.00s Real=0.00s
[47.010s][info][gc,start       ] GC(58) Pause Young (Allocation Failure)
[47.011s][info][gc,heap        ] GC(58) PSYoungGen: 1337760K(1337856K)->1920K(1290240K) Eden: 1335808K(1335808K)->0K(1288192K) From: 1952K(2048K)->1920K(2048K)
[47.011s][info][gc,heap        ] GC(58) ParOldGen: 37619K(1398272K)->37771K(1398272K)
[47.011s][info][gc,metaspace   ] GC(58) Metaspace: 73677K(74304K)->73677K(74304K) NonClass: 58567K(58816K)->58567K(58816K) Class: 15109K(15488K)->15109K(15488K)
[47.011s][info][gc             ] GC(58) Pause Young (Allocation Failure) 1343M->38M(2625M) 1.435ms
[47.011s][info][gc,cpu         ] GC(58) User=0.00s Sys=0.00s Real=0.00s
[47.323s][info][gc,start       ] GC(59) Pause Young (Allocation Failure)
[47.325s][info][gc,heap        ] GC(59) PSYoungGen: 1290112K(1290240K)->1856K(1244672K) Eden: 1288192K(1288192K)->0K(1242624K) From: 1920K(2048K)->1856K(2048K)
[47.325s][info][gc,heap        ] GC(59) ParOldGen: 37771K(1398272K)->38035K(1398272K)
[47.325s][info][gc,metaspace   ] GC(59) Metaspace: 73677K(74304K)->73677K(74304K) NonClass: 58567K(58816K)->58567K(58816K) Class: 15109K(15488K)->15109K(15488K)
[47.325s][info][gc             ] GC(59) Pause Young (Allocation Failure) 1296M->38M(2581M) 1.549ms
[47.325s][info][gc,cpu         ] GC(59) User=0.00s Sys=0.00s Real=0.00s
[47.627s][info][gc,start       ] GC(60) Pause Young (Allocation Failure)
[47.628s][info][gc,heap        ] GC(60) PSYoungGen: 1244480K(1244672K)->1952K(1201152K) Eden: 1242624K(1242624K)->0K(1199104K) From: 1856K(2048K)->1952K(2048K)
[47.628s][info][gc,heap        ] GC(60) ParOldGen: 38035K(1398272K)->38179K(1398272K)
[47.628s][info][gc,metaspace   ] GC(60) Metaspace: 73677K(74304K)->73677K(74304K) NonClass: 58567K(58816K)->58567K(58816K) Class: 15109K(15488K)->15109K(15488K)
[47.628s][info][gc             ] GC(60) Pause Young (Allocation Failure) 1252M->39M(2538M) 1.376ms
[47.628s][info][gc,cpu         ] GC(60) User=0.00s Sys=0.00s Real=0.00s
[47.919s][info][gc,start       ] GC(61) Pause Young (Allocation Failure)
[47.920s][info][gc,heap        ] GC(61) PSYoungGen: 1201056K(1201152K)->2112K(1160192K) Eden: 1199104K(1199104K)->0K(1157632K) From: 1952K(2048K)->2112K(2560K)
[47.920s][info][gc,heap        ] GC(61) ParOldGen: 38179K(1398272K)->38307K(1398272K)
[47.920s][info][gc,metaspace   ] GC(61) Metaspace: 73677K(74304K)->73677K(74304K) NonClass: 58567K(58816K)->58567K(58816K) Class: 15109K(15488K)->15109K(15488K)
[47.920s][info][gc             ] GC(61) Pause Young (Allocation Failure) 1210M->39M(2498M) 1.627ms
[47.920s][info][gc,cpu         ] GC(61) User=0.00s Sys=0.00s Real=0.00s
[48.201s][info][gc,start       ] GC(62) Pause Young (Allocation Failure)
[48.203s][info][gc,heap        ] GC(62) PSYoungGen: 1159744K(1160192K)->1888K(1120256K) Eden: 1157632K(1157632K)->0K(1118208K) From: 2112K(2560K)->1888K(2048K)
[48.203s][info][gc,heap        ] GC(62) ParOldGen: 38307K(1398272K)->38571K(1398272K)
[48.203s][info][gc,metaspace   ] GC(62) Metaspace: 73677K(74304K)->73677K(74304K) NonClass: 58567K(58816K)->58567K(58816K) Class: 15109K(15488K)->15109K(15488K)
[48.203s][info][gc             ] GC(62) Pause Young (Allocation Failure) 1169M->39M(2459M) 1.511ms
[48.203s][info][gc,cpu         ] GC(62) User=0.00s Sys=0.00s Real=0.00s
[48.475s][info][gc,start       ] GC(63) Pause Young (Allocation Failure)
[48.477s][info][gc,heap        ] GC(63) PSYoungGen: 1120096K(1120256K)->1920K(1082368K) Eden: 1118208K(1118208K)->0K(1080320K) From: 1888K(2048K)->1920K(2048K)
[48.477s][info][gc,heap        ] GC(63) ParOldGen: 38571K(1398272K)->38699K(1398272K)
[48.477s][info][gc,metaspace   ] GC(63) Metaspace: 73677K(74304K)->73677K(74304K) NonClass: 58567K(58816K)->58567K(58816K) Class: 15109K(15488K)->15109K(15488K)
[48.477s][info][gc             ] GC(63) Pause Young (Allocation Failure) 1131M->39M(2422M) 1.489ms
[48.477s][info][gc,cpu         ] GC(63) User=0.00s Sys=0.00s Real=0.00s
[48.739s][info][gc,start       ] GC(64) Pause Young (Allocation Failure)
[48.740s][info][gc,heap        ] GC(64) PSYoungGen: 1082240K(1082368K)->1856K(1046016K) Eden: 1080320K(1080320K)->0K(1043968K) From: 1920K(2048K)->1856K(2048K)
[48.740s][info][gc,heap        ] GC(64) ParOldGen: 38699K(1398272K)->38843K(1398272K)
[48.740s][info][gc,metaspace   ] GC(64) Metaspace: 73677K(74304K)->73677K(74304K) NonClass: 58567K(58816K)->58567K(58816K) Class: 15109K(15488K)->15109K(15488K)
[48.740s][info][gc             ] GC(64) Pause Young (Allocation Failure) 1094M->39M(2387M) 1.388ms
[48.740s][info][gc,cpu         ] GC(64) User=0.00s Sys=0.00s Real=0.00s
[48.994s][info][gc,start       ] GC(65) Pause Young (Allocation Failure)
[48.995s][info][gc,heap        ] GC(65) PSYoungGen: 1045824K(1046016K)->1984K(1011712K) Eden: 1043968K(1043968K)->0K(1009664K) From: 1856K(2048K)->1984K(2048K)
[48.995s][info][gc,heap        ] GC(65) ParOldGen: 38843K(1398272K)->38971K(1398272K)
[48.995s][info][gc,metaspace   ] GC(65) Metaspace: 73677K(74304K)->73677K(74304K) NonClass: 58567K(58816K)->58567K(58816K) Class: 15109K(15488K)->15109K(15488K)
[48.995s][info][gc             ] GC(65) Pause Young (Allocation Failure) 1059M->39M(2353M) 1.565ms
[48.995s][info][gc,cpu         ] GC(65) User=0.00s Sys=0.00s Real=0.00s
[49.243s][info][gc,start       ] GC(66) Pause Young (Allocation Failure)
[49.244s][info][gc,heap        ] GC(66) PSYoungGen: 1011648K(1011712K)->1920K(978944K) Eden: 1009664K(1009664K)->0K(976896K) From: 1984K(2048K)->1920K(2048K)
[49.244s][info][gc,heap        ] GC(66) ParOldGen: 38971K(1398272K)->39235K(1398272K)
[49.244s][info][gc,metaspace   ] GC(66) Metaspace: 73685K(74368K)->73685K(74368K) NonClass: 58575K(58880K)->58575K(58880K) Class: 15110K(15488K)->15110K(15488K)
[49.244s][info][gc             ] GC(66) Pause Young (Allocation Failure) 1025M->40M(2321M) 1.410ms
[49.244s][info][gc,cpu         ] GC(66) User=0.00s Sys=0.00s Real=0.00s
[49.486s][info][gc,start       ] GC(67) Pause Young (Allocation Failure)
[49.488s][info][gc,heap        ] GC(67) PSYoungGen: 978816K(978944K)->1952K(947200K) Eden: 976896K(976896K)->0K(945152K) From: 1920K(2048K)->1952K(2048K)
[49.488s][info][gc,heap        ] GC(67) ParOldGen: 39235K(1398272K)->39363K(1398272K)
[49.488s][info][gc,metaspace   ] GC(67) Metaspace: 73691K(74368K)->73691K(74368K) NonClass: 58580K(58880K)->58580K(58880K) Class: 15110K(15488K)->15110K(15488K)
[49.488s][info][gc             ] GC(67) Pause Young (Allocation Failure) 994M->40M(2290M) 1.599ms
[49.488s][info][gc,cpu         ] GC(67) User=0.00s Sys=0.00s Real=0.00s
[49.717s][info][gc,start       ] GC(68) Pause Young (Allocation Failure)
[49.719s][info][gc,heap        ] GC(68) PSYoungGen: 947104K(947200K)->1856K(916992K) Eden: 945152K(945152K)->0K(914944K) From: 1952K(2048K)->1856K(2048K)
[49.719s][info][gc,heap        ] GC(68) ParOldGen: 39363K(1398272K)->39507K(1398272K)
[49.719s][info][gc,metaspace   ] GC(68) Metaspace: 73691K(74368K)->73691K(74368K) NonClass: 58580K(58880K)->58580K(58880K) Class: 15110K(15488K)->15110K(15488K)
[49.719s][info][gc             ] GC(68) Pause Young (Allocation Failure) 963M->40M(2261M) 1.345ms
[49.719s][info][gc,cpu         ] GC(68) User=0.00s Sys=0.00s Real=0.00s
[49.943s][info][gc,start       ] GC(69) Pause Young (Allocation Failure)
[49.944s][info][gc,heap        ] GC(69) PSYoungGen: 916800K(916992K)->1920K(888320K) Eden: 914944K(914944K)->0K(886272K) From: 1856K(2048K)->1920K(2048K)
[49.944s][info][gc,heap        ] GC(69) ParOldGen: 39507K(1398272K)->39659K(1398272K)
[49.944s][info][gc,metaspace   ] GC(69) Metaspace: 73691K(74368K)->73691K(74368K) NonClass: 58580K(58880K)->58580K(58880K) Class: 15110K(15488K)->15110K(15488K)
[49.944s][info][gc             ] GC(69) Pause Young (Allocation Failure) 933M->40M(2233M) 1.355ms
[49.944s][info][gc,cpu         ] GC(69) User=0.00s Sys=0.00s Real=0.00s
[50.159s][info][gc,start       ] GC(70) Pause Young (Allocation Failure)
[50.160s][info][gc,heap        ] GC(70) PSYoungGen: 888192K(888320K)->1824K(860672K) Eden: 886272K(886272K)->0K(858624K) From: 1920K(2048K)->1824K(2048K)
[50.160s][info][gc,heap        ] GC(70) ParOldGen: 39659K(1398272K)->39915K(1398272K)
[50.160s][info][gc,metaspace   ] GC(70) Metaspace: 73691K(74368K)->73691K(74368K) NonClass: 58580K(58880K)->58580K(58880K) Class: 15110K(15488K)->15110K(15488K)
[50.161s][info][gc             ] GC(70) Pause Young (Allocation Failure) 906M->40M(2206M) 1.305ms
[50.161s][info][gc,cpu         ] GC(70) User=0.00s Sys=0.00s Real=0.00s
[50.369s][info][gc,start       ] GC(71) Pause Young (Allocation Failure)
[50.371s][info][gc,heap        ] GC(71) PSYoungGen: 860448K(860672K)->1952K(834048K) Eden: 858624K(858624K)->0K(832000K) From: 1824K(2048K)->1952K(2048K)
[50.371s][info][gc,heap        ] GC(71) ParOldGen: 39915K(1398272K)->40067K(1398272K)
[50.371s][info][gc,metaspace   ] GC(71) Metaspace: 73691K(74368K)->73691K(74368K) NonClass: 58581K(58880K)->58581K(58880K) Class: 15110K(15488K)->15110K(15488K)
[50.371s][info][gc             ] GC(71) Pause Young (Allocation Failure) 879M->41M(2180M) 1.344ms
[50.371s][info][gc,cpu         ] GC(71) User=0.00s Sys=0.00s Real=0.00s
[50.574s][info][gc,start       ] GC(72) Pause Young (Allocation Failure)
[50.575s][info][gc,heap        ] GC(72) PSYoungGen: 833952K(834048K)->1920K(808960K) Eden: 832000K(832000K)->0K(806912K) From: 1952K(2048K)->1920K(2048K)
[50.575s][info][gc,heap        ] GC(72) ParOldGen: 40067K(1398272K)->40243K(1398272K)
[50.575s][info][gc,metaspace   ] GC(72) Metaspace: 73691K(74368K)->73691K(74368K) NonClass: 58581K(58880K)->58581K(58880K) Class: 15110K(15488K)->15110K(15488K)
[50.575s][info][gc             ] GC(72) Pause Young (Allocation Failure) 853M->41M(2155M) 1.405ms
[50.575s][info][gc,cpu         ] GC(72) User=0.00s Sys=0.00s Real=0.00s
[50.782s][info][gc,start       ] GC(73) Pause Young (Allocation Failure)
[50.783s][info][gc,heap        ] GC(73) PSYoungGen: 808832K(808960K)->1696K(784896K) Eden: 806912K(806912K)->0K(782848K) From: 1920K(2048K)->1696K(2048K)
[50.783s][info][gc,heap        ] GC(73) ParOldGen: 40243K(1398272K)->40563K(1398272K)
[50.783s][info][gc,metaspace   ] GC(73) Metaspace: 73700K(74368K)->73700K(74368K) NonClass: 58590K(58880K)->58590K(58880K) Class: 15110K(15488K)->15110K(15488K)
[50.783s][info][gc             ] GC(73) Pause Young (Allocation Failure) 829M->41M(2132M) 1.413ms
[50.783s][info][gc,cpu         ] GC(73) User=0.00s Sys=0.00s Real=0.00s
[51.011s][info][gc,start       ] GC(74) Pause Young (Allocation Failure)
[51.012s][info][gc,heap        ] GC(74) PSYoungGen: 784544K(784896K)->1440K(761344K) Eden: 782848K(782848K)->0K(759808K) From: 1696K(2048K)->1440K(1536K)
[51.012s][info][gc,heap        ] GC(74) ParOldGen: 40563K(1398272K)->40947K(1398272K)
[51.012s][info][gc,metaspace   ] GC(74) Metaspace: 73725K(74368K)->73725K(74368K) NonClass: 58615K(58880K)->58615K(58880K) Class: 15110K(15488K)->15110K(15488K)
[51.012s][info][gc             ] GC(74) Pause Young (Allocation Failure) 805M->41M(2109M) 1.339ms
[51.012s][info][gc,cpu         ] GC(74) User=0.00s Sys=0.00s Real=0.00s
[51.296s][info][gc,start       ] GC(75) Pause Young (Allocation Failure)
[51.309s][info][gc,heap        ] GC(75) PSYoungGen: 761248K(761344K)->1152K(739328K) Eden: 759808K(759808K)->0K(737792K) From: 1440K(1536K)->1152K(1536K)
[51.309s][info][gc,heap        ] GC(75) ParOldGen: 40947K(1398272K)->41371K(1398272K)
[51.309s][info][gc,metaspace   ] GC(75) Metaspace: 73725K(74368K)->73725K(74368K) NonClass: 58615K(58880K)->58615K(58880K) Class: 15110K(15488K)->15110K(15488K)
[51.309s][info][gc             ] GC(75) Pause Young (Allocation Failure) 783M->41M(2087M) 13.545ms
[51.309s][info][gc,cpu         ] GC(75) User=0.00s Sys=0.00s Real=0.00s
[51.880s][info][gc,start       ] GC(76) Pause Young (Allocation Failure)
[51.882s][info][gc,heap        ] GC(76) PSYoungGen: 738944K(739328K)->1088K(717824K) Eden: 737792K(737792K)->0K(716288K) From: 1152K(1536K)->1088K(1536K)
[51.882s][info][gc,heap        ] GC(76) ParOldGen: 41371K(1398272K)->41851K(1398272K)
[51.882s][info][gc,metaspace   ] GC(76) Metaspace: 73725K(74368K)->73725K(74368K) NonClass: 58615K(58880K)->58615K(58880K) Class: 15110K(15488K)->15110K(15488K)
[51.882s][info][gc             ] GC(76) Pause Young (Allocation Failure) 762M->41M(2066M) 1.441ms
[51.882s][info][gc,cpu         ] GC(76) User=0.47s Sys=0.05s Real=0.00s
[52.734s][info][gc,start       ] GC(77) Pause Young (Allocation Failure)
[52.735s][info][gc,heap        ] GC(77) PSYoungGen: 717376K(717824K)->1056K(697344K) Eden: 716288K(716288K)->0K(695808K) From: 1088K(1536K)->1056K(1536K)
[52.735s][info][gc,heap        ] GC(77) ParOldGen: 41851K(1398272K)->42187K(1398272K)
[52.735s][info][gc,metaspace   ] GC(77) Metaspace: 73725K(74368K)->73725K(74368K) NonClass: 58615K(58880K)->58615K(58880K) Class: 15110K(15488K)->15110K(15488K)
[52.735s][info][gc             ] GC(77) Pause Young (Allocation Failure) 741M->42M(2046M) 1.458ms
[52.735s][info][gc,cpu         ] GC(77) User=0.00s Sys=0.00s Real=0.00s
[53.599s][info][gc,start       ] GC(78) Pause Young (System.gc())
[53.601s][info][gc,heap        ] GC(78) PSYoungGen: 621927K(697344K)->1216K(697344K) Eden: 620871K(695808K)->0K(695808K) From: 1056K(1536K)->1216K(1536K)
[53.601s][info][gc,heap        ] GC(78) ParOldGen: 42187K(1398272K)->42203K(1398272K)
[53.601s][info][gc,metaspace   ] GC(78) Metaspace: 73734K(74368K)->73734K(74368K) NonClass: 58623K(58880K)->58623K(58880K) Class: 15110K(15488K)->15110K(15488K)
[53.601s][info][gc             ] GC(78) Pause Young (System.gc()) 648M->42M(2046M) 2.001ms
[53.601s][info][gc,cpu         ] GC(78) User=0.00s Sys=0.00s Real=0.00s
[53.601s][info][gc,start       ] GC(79) Pause Full (System.gc())
[53.601s][info][gc,phases,start] GC(79) Marking Phase
[53.641s][info][gc,phases      ] GC(79) Marking Phase 39.961ms
[53.641s][info][gc,phases,start] GC(79) Summary Phase
[53.641s][info][gc,phases      ] GC(79) Summary Phase 0.019ms
[53.641s][info][gc,phases,start] GC(79) Adjust Roots
[53.658s][info][gc,phases      ] GC(79) Adjust Roots 16.918ms
[53.658s][info][gc,phases,start] GC(79) Compaction Phase
[53.668s][info][gc,phases      ] GC(79) Compaction Phase 9.204ms
[53.668s][info][gc,phases,start] GC(79) Post Compact
[53.668s][info][gc,phases      ] GC(79) Post Compact 0.764ms
[53.668s][info][gc,heap        ] GC(79) PSYoungGen: 1216K(697344K)->0K(697344K) Eden: 0K(695808K)->0K(695808K) From: 1216K(1536K)->0K(1536K)
[53.668s][info][gc,heap        ] GC(79) ParOldGen: 42203K(1398272K)->35534K(1398272K)
[53.668s][info][gc,metaspace   ] GC(79) Metaspace: 73734K(74368K)->73734K(74368K) NonClass: 58623K(58880K)->58623K(58880K) Class: 15110K(15488K)->15110K(15488K)
[53.669s][info][gc             ] GC(79) Pause Full (System.gc()) 42M->34M(2046M) 67.200ms
[53.669s][info][gc,cpu         ] GC(79) User=1.06s Sys=0.00s Real=0.06s
[53.871s][info][gc,start       ] GC(80) Pause Young (Allocation Failure)
[53.873s][info][gc,heap        ] GC(80) PSYoungGen: 695808K(697344K)->3072K(679424K) Eden: 695808K(695808K)->0K(676352K) From: 0K(1536K)->3072K(3072K)
[53.873s][info][gc,heap        ] GC(80) ParOldGen: 35534K(1398272K)->36038K(1398272K)
[53.873s][info][gc,metaspace   ] GC(80) Metaspace: 73799K(74432K)->73799K(74432K) NonClass: 58689K(58944K)->58689K(58944K) Class: 15110K(15488K)->15110K(15488K)
[53.873s][info][gc             ] GC(80) Pause Young (Allocation Failure) 714M->38M(2029M) 1.714ms
[53.873s][info][gc,cpu         ] GC(80) User=0.00s Sys=0.00s Real=0.00s
[54.037s][info][gc,start       ] GC(81) Pause Young (Allocation Failure)
[54.039s][info][gc,heap        ] GC(81) PSYoungGen: 679424K(679424K)->2016K(659456K) Eden: 676352K(676352K)->0K(657408K) From: 3072K(3072K)->2016K(2048K)
[54.039s][info][gc,heap        ] GC(81) ParOldGen: 36038K(1398272K)->38046K(1398272K)
[54.039s][info][gc,metaspace   ] GC(81) Metaspace: 73799K(74432K)->73799K(74432K) NonClass: 58689K(58944K)->58689K(58944K) Class: 15110K(15488K)->15110K(15488K)
[54.039s][info][gc             ] GC(81) Pause Young (Allocation Failure) 698M->39M(2009M) 2.135ms
[54.040s][info][gc,cpu         ] GC(81) User=0.00s Sys=0.00s Real=0.00s
[54.199s][info][gc,start       ] GC(82) Pause Young (Allocation Failure)
[54.201s][info][gc,heap        ] GC(82) PSYoungGen: 659424K(659456K)->1824K(641536K) Eden: 657408K(657408K)->0K(639488K) From: 2016K(2048K)->1824K(2048K)
[54.201s][info][gc,heap        ] GC(82) ParOldGen: 38046K(1398272K)->38158K(1398272K)
[54.201s][info][gc,metaspace   ] GC(82) Metaspace: 73799K(74432K)->73799K(74432K) NonClass: 58689K(58944K)->58689K(58944K) Class: 15110K(15488K)->15110K(15488K)
[54.201s][info][gc             ] GC(82) Pause Young (Allocation Failure) 681M->39M(1992M) 1.165ms
[54.201s][info][gc,cpu         ] GC(82) User=0.00s Sys=0.00s Real=0.00s
[54.356s][info][gc,start       ] GC(83) Pause Young (Allocation Failure)
[54.357s][info][gc,heap        ] GC(83) PSYoungGen: 641312K(641536K)->1920K(624128K) Eden: 639488K(639488K)->0K(622080K) From: 1824K(2048K)->1920K(2048K)
[54.357s][info][gc,heap        ] GC(83) ParOldGen: 38158K(1398272K)->38294K(1398272K)
[54.357s][info][gc,metaspace   ] GC(83) Metaspace: 73805K(74432K)->73805K(74432K) NonClass: 58694K(58944K)->58694K(58944K) Class: 15110K(15488K)->15110K(15488K)
[54.357s][info][gc             ] GC(83) Pause Young (Allocation Failure) 663M->39M(1975M) 1.287ms
[54.357s][info][gc,cpu         ] GC(83) User=0.00s Sys=0.00s Real=0.00s
[54.508s][info][gc,start       ] GC(84) Pause Young (Allocation Failure)
[54.509s][info][gc,heap        ] GC(84) PSYoungGen: 624000K(624128K)->1792K(607744K) Eden: 622080K(622080K)->0K(605696K) From: 1920K(2048K)->1792K(2048K)
[54.509s][info][gc,heap        ] GC(84) ParOldGen: 38294K(1398272K)->38430K(1398272K)
[54.509s][info][gc,metaspace   ] GC(84) Metaspace: 73805K(74432K)->73805K(74432K) NonClass: 58694K(58944K)->58694K(58944K) Class: 15110K(15488K)->15110K(15488K)
[54.509s][info][gc             ] GC(84) Pause Young (Allocation Failure) 646M->39M(1959M) 1.309ms
[54.509s][info][gc,cpu         ] GC(84) User=0.00s Sys=0.00s Real=0.00s
[54.656s][info][gc,start       ] GC(85) Pause Young (Allocation Failure)
[54.657s][info][gc,heap        ] GC(85) PSYoungGen: 607488K(607744K)->1888K(591872K) Eden: 605696K(605696K)->0K(589824K) From: 1792K(2048K)->1888K(2048K)
[54.657s][info][gc,heap        ] GC(85) ParOldGen: 38430K(1398272K)->38494K(1398272K)
[54.657s][info][gc,metaspace   ] GC(85) Metaspace: 73805K(74432K)->73805K(74432K) NonClass: 58694K(58944K)->58694K(58944K) Class: 15110K(15488K)->15110K(15488K)
[54.657s][info][gc             ] GC(85) Pause Young (Allocation Failure) 630M->39M(1943M) 1.323ms
[54.657s][info][gc,cpu         ] GC(85) User=0.00s Sys=0.00s Real=0.00s
[54.801s][info][gc,start       ] GC(86) Pause Young (Allocation Failure)
[54.802s][info][gc,heap        ] GC(86) PSYoungGen: 591712K(591872K)->1888K(576512K) Eden: 589824K(589824K)->0K(574464K) From: 1888K(2048K)->1888K(2048K)
[54.802s][info][gc,heap        ] GC(86) ParOldGen: 38494K(1398272K)->38654K(1398272K)
[54.802s][info][gc,metaspace   ] GC(86) Metaspace: 73806K(74432K)->73806K(74432K) NonClass: 58695K(58944K)->58695K(58944K) Class: 15110K(15488K)->15110K(15488K)
[54.802s][info][gc             ] GC(86) Pause Young (Allocation Failure) 615M->39M(1928M) 1.229ms
[54.802s][info][gc,cpu         ] GC(86) User=0.00s Sys=0.00s Real=0.00s
[54.942s][info][gc,start       ] GC(87) Pause Young (Allocation Failure)
[54.943s][info][gc,heap        ] GC(87) PSYoungGen: 576352K(576512K)->1888K(561664K) Eden: 574464K(574464K)->0K(559616K) From: 1888K(2048K)->1888K(2048K)
[54.943s][info][gc,heap        ] GC(87) ParOldGen: 38654K(1398272K)->38918K(1398272K)
[54.943s][info][gc,metaspace   ] GC(87) Metaspace: 73806K(74432K)->73806K(74432K) NonClass: 58695K(58944K)->58695K(58944K) Class: 15110K(15488K)->15110K(15488K)
[54.943s][info][gc             ] GC(87) Pause Young (Allocation Failure) 600M->39M(1914M) 1.499ms
[54.943s][info][gc,cpu         ] GC(87) User=0.00s Sys=0.00s Real=0.00s
[55.079s][info][gc,start       ] GC(88) Pause Young (Allocation Failure)
[55.081s][info][gc,heap        ] GC(88) PSYoungGen: 561504K(561664K)->1888K(547328K) Eden: 559616K(559616K)->0K(545280K) From: 1888K(2048K)->1888K(2048K)
[55.081s][info][gc,heap        ] GC(88) ParOldGen: 38918K(1398272K)->39030K(1398272K)
[55.081s][info][gc,metaspace   ] GC(88) Metaspace: 73808K(74432K)->73808K(74432K) NonClass: 58697K(58944K)->58697K(58944K) Class: 15110K(15488K)->15110K(15488K)
[55.081s][info][gc             ] GC(88) Pause Young (Allocation Failure) 586M->39M(1900M) 1.159ms
[55.081s][info][gc,cpu         ] GC(88) User=0.00s Sys=0.00s Real=0.00s
[55.213s][info][gc,start       ] GC(89) Pause Young (Allocation Failure)
[55.214s][info][gc,heap        ] GC(89) PSYoungGen: 547168K(547328K)->1856K(533504K) Eden: 545280K(545280K)->0K(531456K) From: 1888K(2048K)->1856K(2048K)
[55.214s][info][gc,heap        ] GC(89) ParOldGen: 39030K(1398272K)->39190K(1398272K)
[55.214s][info][gc,metaspace   ] GC(89) Metaspace: 73816K(74432K)->73816K(74432K) NonClass: 58706K(58944K)->58706K(58944K) Class: 15110K(15488K)->15110K(15488K)
[55.214s][info][gc             ] GC(89) Pause Young (Allocation Failure) 572M->40M(1886M) 1.321ms
[55.214s][info][gc,cpu         ] GC(89) User=0.00s Sys=0.00s Real=0.00s
[55.344s][info][gc,start       ] GC(90) Pause Young (Allocation Failure)
[55.348s][info][gc,heap        ] GC(90) PSYoungGen: 533312K(533504K)->1984K(520192K) Eden: 531456K(531456K)->0K(518144K) From: 1856K(2048K)->1984K(2048K)
[55.348s][info][gc,heap        ] GC(90) ParOldGen: 39190K(1398272K)->39334K(1398272K)
[55.348s][info][gc,metaspace   ] GC(90) Metaspace: 73817K(74432K)->73817K(74432K) NonClass: 58706K(58944K)->58706K(58944K) Class: 15110K(15488K)->15110K(15488K)
[55.348s][info][gc             ] GC(90) Pause Young (Allocation Failure) 559M->40M(1873M) 4.253ms
[55.348s][info][gc,cpu         ] GC(90) User=0.00s Sys=0.00s Real=0.00s
[55.474s][info][gc,start       ] GC(91) Pause Young (Allocation Failure)
[55.475s][info][gc,heap        ] GC(91) PSYoungGen: 520128K(520192K)->1888K(507392K) Eden: 518144K(518144K)->0K(505344K) From: 1984K(2048K)->1888K(2048K)
[55.475s][info][gc,heap        ] GC(91) ParOldGen: 39334K(1398272K)->39470K(1398272K)
[55.475s][info][gc,metaspace   ] GC(91) Metaspace: 73817K(74432K)->73817K(74432K) NonClass: 58706K(58944K)->58706K(58944K) Class: 15110K(15488K)->15110K(15488K)
[55.475s][info][gc             ] GC(91) Pause Young (Allocation Failure) 546M->40M(1861M) 1.356ms
[55.475s][info][gc,cpu         ] GC(91) User=0.00s Sys=0.00s Real=0.00s
[55.598s][info][gc,start       ] GC(92) Pause Young (Allocation Failure)
[55.599s][info][gc,heap        ] GC(92) PSYoungGen: 507232K(507392K)->1536K(494592K) Eden: 505344K(505344K)->0K(493056K) From: 1888K(2048K)->1536K(1536K)
[55.599s][info][gc,heap        ] GC(92) ParOldGen: 39470K(1398272K)->39662K(1398272K)
[55.599s][info][gc,metaspace   ] GC(92) Metaspace: 73817K(74432K)->73817K(74432K) NonClass: 58706K(58944K)->58706K(58944K) Class: 15110K(15488K)->15110K(15488K)
[55.599s][info][gc             ] GC(92) Pause Young (Allocation Failure) 533M->40M(1848M) 1.074ms
[55.599s][info][gc,cpu         ] GC(92) User=0.00s Sys=0.00s Real=0.00s
[55.718s][info][gc,start       ] GC(93) Pause Young (Allocation Failure)
[55.720s][info][gc,heap        ] GC(93) PSYoungGen: 494592K(494592K)->1856K(483328K) Eden: 493056K(493056K)->0K(481280K) From: 1536K(1536K)->1856K(2048K)
[55.720s][info][gc,heap        ] GC(93) ParOldGen: 39662K(1398272K)->39822K(1398272K)
[55.720s][info][gc,metaspace   ] GC(93) Metaspace: 73817K(74432K)->73817K(74432K) NonClass: 58706K(58944K)->58706K(58944K) Class: 15110K(15488K)->15110K(15488K)
[55.720s][info][gc             ] GC(93) Pause Young (Allocation Failure) 521M->40M(1837M) 1.336ms
[55.720s][info][gc,cpu         ] GC(93) User=0.00s Sys=0.00s Real=0.00s
[55.838s][info][gc,start       ] GC(94) Pause Young (Allocation Failure)
[55.839s][info][gc,heap        ] GC(94) PSYoungGen: 483136K(483328K)->1920K(472064K) Eden: 481280K(481280K)->0K(470016K) From: 1856K(2048K)->1920K(2048K)
[55.839s][info][gc,heap        ] GC(94) ParOldGen: 39822K(1398272K)->39966K(1398272K)
[55.839s][info][gc,metaspace   ] GC(94) Metaspace: 73817K(74432K)->73817K(74432K) NonClass: 58706K(58944K)->58706K(58944K) Class: 15110K(15488K)->15110K(15488K)
[55.839s][info][gc             ] GC(94) Pause Young (Allocation Failure) 510M->40M(1826M) 1.221ms
[55.839s][info][gc,cpu         ] GC(94) User=0.00s Sys=0.00s Real=0.00s
[55.953s][info][gc,start       ] GC(95) Pause Young (Allocation Failure)
[55.955s][info][gc,heap        ] GC(95) PSYoungGen: 471935K(472064K)->1856K(461312K) Eden: 470015K(470016K)->0K(459264K) From: 1920K(2048K)->1856K(2048K)
[55.955s][info][gc,heap        ] GC(95) ParOldGen: 39966K(1398272K)->40222K(1398272K)
[55.955s][info][gc,metaspace   ] GC(95) Metaspace: 73817K(74432K)->73817K(74432K) NonClass: 58706K(58944K)->58706K(58944K) Class: 15110K(15488K)->15110K(15488K)
[55.955s][info][gc             ] GC(95) Pause Young (Allocation Failure) 499M->41M(1816M) 1.520ms
[55.955s][info][gc,cpu         ] GC(95) User=0.00s Sys=0.00s Real=0.00s
[56.067s][info][gc,start       ] GC(96) Pause Young (Allocation Failure)
[56.068s][info][gc,heap        ] GC(96) PSYoungGen: 461120K(461312K)->1536K(450560K) Eden: 459264K(459264K)->0K(449024K) From: 1856K(2048K)->1536K(1536K)
[56.068s][info][gc,heap        ] GC(96) ParOldGen: 40222K(1398272K)->40470K(1398272K)
[56.068s][info][gc,metaspace   ] GC(96) Metaspace: 73824K(74432K)->73824K(74432K) NonClass: 58714K(58944K)->58714K(58944K) Class: 15110K(15488K)->15110K(15488K)
[56.068s][info][gc             ] GC(96) Pause Young (Allocation Failure) 489M->41M(1805M) 1.106ms
[56.068s][info][gc,cpu         ] GC(96) User=0.00s Sys=0.00s Real=0.00s
[56.177s][info][gc,start       ] GC(97) Pause Young (Allocation Failure)
[56.179s][info][gc,heap        ] GC(97) PSYoungGen: 450560K(450560K)->1824K(440832K) Eden: 449024K(449024K)->0K(438784K) From: 1536K(1536K)->1824K(2048K)
[56.179s][info][gc,heap        ] GC(97) ParOldGen: 40470K(1398272K)->40678K(1398272K)
[56.179s][info][gc,metaspace   ] GC(97) Metaspace: 73824K(74432K)->73824K(74432K) NonClass: 58714K(58944K)->58714K(58944K) Class: 15110K(15488K)->15110K(15488K)
[56.179s][info][gc             ] GC(97) Pause Young (Allocation Failure) 479M->41M(1796M) 1.316ms
[56.179s][info][gc,cpu         ] GC(97) User=0.00s Sys=0.00s Real=0.00s
[56.286s][info][gc,start       ] GC(98) Pause Young (Allocation Failure)
[56.287s][info][gc,heap        ] GC(98) PSYoungGen: 440608K(440832K)->1888K(431104K) Eden: 438784K(438784K)->0K(429056K) From: 1824K(2048K)->1888K(2048K)
[56.287s][info][gc,heap        ] GC(98) ParOldGen: 40678K(1398272K)->40782K(1398272K)
[56.287s][info][gc,metaspace   ] GC(98) Metaspace: 73825K(74432K)->73825K(74432K) NonClass: 58715K(58944K)->58715K(58944K) Class: 15110K(15488K)->15110K(15488K)
[56.287s][info][gc             ] GC(98) Pause Young (Allocation Failure) 470M->41M(1786M) 1.095ms
[56.287s][info][gc,cpu         ] GC(98) User=0.00s Sys=0.00s Real=0.00s
[56.391s][info][gc,start       ] GC(99) Pause Young (Allocation Failure)
[56.393s][info][gc,heap        ] GC(99) PSYoungGen: 430944K(431104K)->1824K(421888K) Eden: 429056K(429056K)->0K(419840K) From: 1888K(2048K)->1824K(2048K)
[56.393s][info][gc,heap        ] GC(99) ParOldGen: 40782K(1398272K)->40926K(1398272K)
[56.393s][info][gc,metaspace   ] GC(99) Metaspace: 73825K(74432K)->73825K(74432K) NonClass: 58715K(58944K)->58715K(58944K) Class: 15110K(15488K)->15110K(15488K)
[56.393s][info][gc             ] GC(99) Pause Young (Allocation Failure) 460M->41M(1777M) 1.346ms
[56.393s][info][gc,cpu         ] GC(99) User=0.00s Sys=0.00s Real=0.00s
[56.495s][info][gc,start       ] GC(100) Pause Young (Allocation Failure)
[56.496s][info][gc,heap        ] GC(100) PSYoungGen: 421664K(421888K)->1536K(412160K) Eden: 419840K(419840K)->0K(410624K) From: 1824K(2048K)->1536K(1536K)
[56.496s][info][gc,heap        ] GC(100) ParOldGen: 40926K(1398272K)->41134K(1398272K)
[56.496s][info][gc,metaspace   ] GC(100) Metaspace: 73825K(74432K)->73825K(74432K) NonClass: 58715K(58944K)->58715K(58944K) Class: 15110K(15488K)->15110K(15488K)
[56.496s][info][gc             ] GC(100) Pause Young (Allocation Failure) 451M->41M(1768M) 1.121ms
[56.496s][info][gc,cpu         ] GC(100) User=0.00s Sys=0.00s Real=0.00s
[56.596s][info][gc,start       ] GC(101) Pause Young (Allocation Failure)
[56.597s][info][gc,heap        ] GC(101) PSYoungGen: 412160K(412160K)->1856K(403968K) Eden: 410624K(410624K)->0K(401920K) From: 1536K(1536K)->1856K(2048K)
[56.597s][info][gc,heap        ] GC(101) ParOldGen: 41134K(1398272K)->41286K(1398272K)
[56.597s][info][gc,metaspace   ] GC(101) Metaspace: 73825K(74432K)->73825K(74432K) NonClass: 58715K(58944K)->58715K(58944K) Class: 15110K(15488K)->15110K(15488K)
[56.597s][info][gc             ] GC(101) Pause Young (Allocation Failure) 442M->42M(1760M) 1.424ms
[56.597s][info][gc,cpu         ] GC(101) User=0.00s Sys=0.00s Real=0.00s
[56.695s][info][gc,start       ] GC(102) Pause Young (Allocation Failure)
[56.696s][info][gc,heap        ] GC(102) PSYoungGen: 403776K(403968K)->1888K(395264K) Eden: 401920K(401920K)->0K(393216K) From: 1856K(2048K)->1888K(2048K)
[56.696s][info][gc,heap        ] GC(102) ParOldGen: 41286K(1398272K)->41430K(1398272K)
[56.696s][info][gc,metaspace   ] GC(102) Metaspace: 73825K(74432K)->73825K(74432K) NonClass: 58715K(58944K)->58715K(58944K) Class: 15110K(15488K)->15110K(15488K)
[56.696s][info][gc             ] GC(102) Pause Young (Allocation Failure) 434M->42M(1751M) 1.114ms
[56.696s][info][gc,cpu         ] GC(102) User=0.00s Sys=0.00s Real=0.00s
[56.792s][info][gc,start       ] GC(103) Pause Young (Allocation Failure)
[56.793s][info][gc,heap        ] GC(103) PSYoungGen: 395104K(395264K)->1984K(387072K) Eden: 393216K(393216K)->0K(385024K) From: 1888K(2048K)->1984K(2048K)
[56.793s][info][gc,heap        ] GC(103) ParOldGen: 41430K(1398272K)->41566K(1398272K)
[56.793s][info][gc,metaspace   ] GC(103) Metaspace: 73825K(74432K)->73825K(74432K) NonClass: 58715K(58944K)->58715K(58944K) Class: 15110K(15488K)->15110K(15488K)
[56.793s][info][gc             ] GC(103) Pause Young (Allocation Failure) 426M->42M(1743M) 1.378ms
[56.793s][info][gc,cpu         ] GC(103) User=0.00s Sys=0.00s Real=0.00s
[56.887s][info][gc,start       ] GC(104) Pause Young (Allocation Failure)
[56.888s][info][gc,heap        ] GC(104) PSYoungGen: 387008K(387072K)->1536K(378880K) Eden: 385024K(385024K)->0K(377344K) From: 1984K(2048K)->1536K(1536K)
[56.888s][info][gc,heap        ] GC(104) ParOldGen: 41566K(1398272K)->41910K(1398272K)
[56.888s][info][gc,metaspace   ] GC(104) Metaspace: 73825K(74432K)->73825K(74432K) NonClass: 58715K(58944K)->58715K(58944K) Class: 15110K(15488K)->15110K(15488K)
[56.888s][info][gc             ] GC(104) Pause Young (Allocation Failure) 418M->42M(1735M) 1.084ms
[56.888s][info][gc,cpu         ] GC(104) User=0.00s Sys=0.00s Real=0.00s
[56.980s][info][gc,start       ] GC(105) Pause Young (Allocation Failure)
[56.981s][info][gc,heap        ] GC(105) PSYoungGen: 378880K(378880K)->1856K(371712K) Eden: 377344K(377344K)->0K(369664K) From: 1536K(1536K)->1856K(2048K)
[56.981s][info][gc,heap        ] GC(105) ParOldGen: 41910K(1398272K)->42014K(1398272K)
[56.981s][info][gc,metaspace   ] GC(105) Metaspace: 73825K(74432K)->73825K(74432K) NonClass: 58715K(58944K)->58715K(58944K) Class: 15110K(15488K)->15110K(15488K)
[56.982s][info][gc             ] GC(105) Pause Young (Allocation Failure) 410M->42M(1728M) 1.257ms
[56.982s][info][gc,cpu         ] GC(105) User=0.00s Sys=0.00s Real=0.00s
[57.072s][info][gc,start       ] GC(106) Pause Young (Allocation Failure)
[57.073s][info][gc,heap        ] GC(106) PSYoungGen: 371520K(371712K)->1888K(364544K) Eden: 369664K(369664K)->0K(362496K) From: 1856K(2048K)->1888K(2048K)
[57.073s][info][gc,heap        ] GC(106) ParOldGen: 42014K(1398272K)->42174K(1398272K)
[57.073s][info][gc,metaspace   ] GC(106) Metaspace: 73825K(74432K)->73825K(74432K) NonClass: 58715K(58944K)->58715K(58944K) Class: 15110K(15488K)->15110K(15488K)
[57.073s][info][gc             ] GC(106) Pause Young (Allocation Failure) 403M->43M(1721M) 1.056ms
[57.073s][info][gc,cpu         ] GC(106) User=0.00s Sys=0.00s Real=0.00s
[57.161s][info][gc,start       ] GC(107) Pause Young (Allocation Failure)
[57.162s][info][gc,heap        ] GC(107) PSYoungGen: 364384K(364544K)->1888K(357376K) Eden: 362496K(362496K)->0K(355328K) From: 1888K(2048K)->1888K(2048K)
[57.162s][info][gc,heap        ] GC(107) ParOldGen: 42174K(1398272K)->42286K(1398272K)
[57.162s][info][gc,metaspace   ] GC(107) Metaspace: 73825K(74432K)->73825K(74432K) NonClass: 58715K(58944K)->58715K(58944K) Class: 15110K(15488K)->15110K(15488K)
[57.162s][info][gc             ] GC(107) Pause Young (Allocation Failure) 397M->43M(1714M) 1.600ms
[57.162s][info][gc,cpu         ] GC(107) User=0.00s Sys=0.00s Real=0.00s
[57.249s][info][gc,start       ] GC(108) Pause Young (Allocation Failure)
[57.250s][info][gc,heap        ] GC(108) PSYoungGen: 357216K(357376K)->1536K(349696K) Eden: 355328K(355328K)->0K(348160K) From: 1888K(2048K)->1536K(1536K)
[57.250s][info][gc,heap        ] GC(108) ParOldGen: 42286K(1398272K)->42510K(1398272K)
[57.250s][info][gc,metaspace   ] GC(108) Metaspace: 73828K(74432K)->73828K(74432K) NonClass: 58718K(58944K)->58718K(58944K) Class: 15110K(15488K)->15110K(15488K)
[57.250s][info][gc             ] GC(108) Pause Young (Allocation Failure) 390M->43M(1707M) 1.080ms
[57.250s][info][gc,cpu         ] GC(108) User=0.00s Sys=0.00s Real=0.00s
[57.335s][info][gc,start       ] GC(109) Pause Young (Allocation Failure)
[57.336s][info][gc,heap        ] GC(109) PSYoungGen: 349696K(349696K)->1888K(343552K) Eden: 348160K(348160K)->0K(341504K) From: 1536K(1536K)->1888K(2048K)
[57.336s][info][gc,heap        ] GC(109) ParOldGen: 42510K(1398272K)->42606K(1398272K)
[57.336s][info][gc,metaspace   ] GC(109) Metaspace: 73828K(74432K)->73828K(74432K) NonClass: 58718K(58944K)->58718K(58944K) Class: 15110K(15488K)->15110K(15488K)
[57.336s][info][gc             ] GC(109) Pause Young (Allocation Failure) 383M->43M(1701M) 1.210ms
[57.336s][info][gc,cpu         ] GC(109) User=0.00s Sys=0.00s Real=0.00s
[57.419s][info][gc,start       ] GC(110) Pause Young (Allocation Failure)
[57.420s][info][gc,heap        ] GC(110) PSYoungGen: 343392K(343552K)->1888K(336896K) Eden: 341504K(341504K)->0K(334848K) From: 1888K(2048K)->1888K(2048K)
[57.421s][info][gc,heap        ] GC(110) ParOldGen: 42606K(1398272K)->42726K(1398272K)
[57.421s][info][gc,metaspace   ] GC(110) Metaspace: 73828K(74432K)->73828K(74432K) NonClass: 58718K(58944K)->58718K(58944K) Class: 15110K(15488K)->15110K(15488K)
[57.421s][info][gc             ] GC(110) Pause Young (Allocation Failure) 376M->43M(1694M) 1.092ms
[57.421s][info][gc,cpu         ] GC(110) User=0.00s Sys=0.00s Real=0.00s
[57.503s][info][gc,start       ] GC(111) Pause Young (Allocation Failure)
[57.504s][info][gc,heap        ] GC(111) PSYoungGen: 336736K(336896K)->1888K(403968K) Eden: 334848K(334848K)->0K(401920K) From: 1888K(2048K)->1888K(2048K)
[57.504s][info][gc,heap        ] GC(111) ParOldGen: 42726K(1398272K)->42854K(1398272K)
[57.504s][info][gc,metaspace   ] GC(111) Metaspace: 73828K(74432K)->73828K(74432K) NonClass: 58718K(58944K)->58718K(58944K) Class: 15110K(15488K)->15110K(15488K)
[57.504s][info][gc             ] GC(111) Pause Young (Allocation Failure) 370M->43M(1760M) 1.329ms
[57.504s][info][gc,cpu         ] GC(111) User=0.00s Sys=0.00s Real=0.00s
[57.602s][info][gc,start       ] GC(112) Pause Young (Allocation Failure)
[57.603s][info][gc,heap        ] GC(112) PSYoungGen: 403808K(403968K)->1536K(394752K) Eden: 401920K(401920K)->0K(393216K) From: 1888K(2048K)->1536K(1536K)
[57.603s][info][gc,heap        ] GC(112) ParOldGen: 42854K(1398272K)->43046K(1398272K)
[57.603s][info][gc,metaspace   ] GC(112) Metaspace: 73830K(74432K)->73830K(74432K) NonClass: 58720K(58944K)->58720K(58944K) Class: 15110K(15488K)->15110K(15488K)
[57.603s][info][gc             ] GC(112) Pause Young (Allocation Failure) 436M->43M(1751M) 1.092ms
[57.603s][info][gc,cpu         ] GC(112) User=0.00s Sys=0.00s Real=0.00s
[57.699s][info][gc,start       ] GC(113) Pause Young (Allocation Failure)
[57.700s][info][gc,heap        ] GC(113) PSYoungGen: 394751K(394752K)->1888K(387072K) Eden: 393215K(393216K)->0K(385024K) From: 1536K(1536K)->1888K(2048K)
[57.700s][info][gc,heap        ] GC(113) ParOldGen: 43046K(1398272K)->43190K(1398272K)
[57.700s][info][gc,metaspace   ] GC(113) Metaspace: 73830K(74432K)->73830K(74432K) NonClass: 58720K(58944K)->58720K(58944K) Class: 15110K(15488K)->15110K(15488K)
[57.700s][info][gc             ] GC(113) Pause Young (Allocation Failure) 427M->44M(1743M) 1.211ms
[57.700s][info][gc,cpu         ] GC(113) User=0.00s Sys=0.00s Real=0.00s
[57.794s][info][gc,start       ] GC(114) Pause Young (Allocation Failure)
[57.795s][info][gc,heap        ] GC(114) PSYoungGen: 386912K(387072K)->2048K(379392K) Eden: 385024K(385024K)->0K(377344K) From: 1888K(2048K)->2048K(2048K)
[57.795s][info][gc,heap        ] GC(114) ParOldGen: 43190K(1398272K)->43302K(1398272K)
[57.795s][info][gc,metaspace   ] GC(114) Metaspace: 73830K(74432K)->73830K(74432K) NonClass: 58720K(58944K)->58720K(58944K) Class: 15110K(15488K)->15110K(15488K)
[57.795s][info][gc             ] GC(114) Pause Young (Allocation Failure) 420M->44M(1736M) 1.143ms
[57.795s][info][gc,cpu         ] GC(114) User=0.00s Sys=0.00s Real=0.00s
[57.887s][info][gc,start       ] GC(115) Pause Young (Allocation Failure)
[57.888s][info][gc,heap        ] GC(115) PSYoungGen: 379392K(379392K)->1952K(371712K) Eden: 377344K(377344K)->0K(369664K) From: 2048K(2048K)->1952K(2048K)
[57.888s][info][gc,heap        ] GC(115) ParOldGen: 43302K(1398272K)->43566K(1398272K)
[57.888s][info][gc,metaspace   ] GC(115) Metaspace: 73830K(74432K)->73830K(74432K) NonClass: 58720K(58944K)->58720K(58944K) Class: 15110K(15488K)->15110K(15488K)
[57.888s][info][gc             ] GC(115) Pause Young (Allocation Failure) 412M->44M(1728M) 1.335ms
[57.888s][info][gc,cpu         ] GC(115) User=0.00s Sys=0.00s Real=0.00s
[57.978s][info][gc,start       ] GC(116) Pause Young (Allocation Failure)
[57.979s][info][gc,heap        ] GC(116) PSYoungGen: 371616K(371712K)->1536K(364032K) Eden: 369664K(369664K)->0K(362496K) From: 1952K(2048K)->1536K(1536K)
[57.979s][info][gc,heap        ] GC(116) ParOldGen: 43566K(1398272K)->43814K(1398272K)
[57.979s][info][gc,metaspace   ] GC(116) Metaspace: 73830K(74432K)->73830K(74432K) NonClass: 58720K(58944K)->58720K(58944K) Class: 15110K(15488K)->15110K(15488K)
[57.979s][info][gc             ] GC(116) Pause Young (Allocation Failure) 405M->44M(1721M) 1.245ms
[57.979s][info][gc,cpu         ] GC(116) User=0.00s Sys=0.00s Real=0.00s
[58.068s][info][gc,start       ] GC(117) Pause Young (Allocation Failure)
[58.070s][info][gc,heap        ] GC(117) PSYoungGen: 364032K(364032K)->1888K(437248K) Eden: 362496K(362496K)->0K(435200K) From: 1536K(1536K)->1888K(2048K)
[58.070s][info][gc,heap        ] GC(117) ParOldGen: 43814K(1398272K)->43910K(1398272K)
[58.070s][info][gc,metaspace   ] GC(117) Metaspace: 73830K(74432K)->73830K(74432K) NonClass: 58720K(58944K)->58720K(58944K) Class: 15110K(15488K)->15110K(15488K)
[58.070s][info][gc             ] GC(117) Pause Young (Allocation Failure) 398M->44M(1792M) 1.322ms
[58.070s][info][gc,cpu         ] GC(117) User=0.00s Sys=0.00s Real=0.00s
[58.177s][info][gc,start       ] GC(118) Pause Young (Allocation Failure)
[58.178s][info][gc,heap        ] GC(118) PSYoungGen: 437088K(437248K)->1760K(427520K) Eden: 435200K(435200K)->0K(425472K) From: 1888K(2048K)->1760K(2048K)
[58.178s][info][gc,heap        ] GC(118) ParOldGen: 43910K(1398272K)->44198K(1398272K)
[58.178s][info][gc,metaspace   ] GC(118) Metaspace: 73830K(74432K)->73830K(74432K) NonClass: 58720K(58944K)->58720K(58944K) Class: 15110K(15488K)->15110K(15488K)
[58.178s][info][gc             ] GC(118) Pause Young (Allocation Failure) 469M->44M(1783M) 1.078ms
[58.178s][info][gc,cpu         ] GC(118) User=0.00s Sys=0.00s Real=0.00s
[58.284s][info][gc,start       ] GC(119) Pause Young (Allocation Failure)
[58.285s][info][gc,heap        ] GC(119) PSYoungGen: 427232K(427520K)->1600K(418304K) Eden: 425472K(425472K)->0K(416256K) From: 1760K(2048K)->1600K(2048K)
[58.285s][info][gc,heap        ] GC(119) ParOldGen: 44198K(1398272K)->44478K(1398272K)
[58.285s][info][gc,metaspace   ] GC(119) Metaspace: 73830K(74432K)->73830K(74432K) NonClass: 58720K(58944K)->58720K(58944K) Class: 15110K(15488K)->15110K(15488K)
[58.285s][info][gc             ] GC(119) Pause Young (Allocation Failure) 460M->44M(1774M) 1.279ms
[58.285s][info][gc,cpu         ] GC(119) User=0.00s Sys=0.00s Real=0.00s
[58.390s][info][gc,start       ] GC(120) Pause Young (Allocation Failure)
[58.391s][info][gc,heap        ] GC(120) PSYoungGen: 417856K(418304K)->1504K(409088K) Eden: 416256K(416256K)->0K(407552K) From: 1600K(2048K)->1504K(1536K)
[58.391s][info][gc,heap        ] GC(120) ParOldGen: 44478K(1398272K)->44718K(1398272K)
[58.391s][info][gc,metaspace   ] GC(120) Metaspace: 73830K(74432K)->73830K(74432K) NonClass: 58720K(58944K)->58720K(58944K) Class: 15110K(15488K)->15110K(15488K)
[58.391s][info][gc             ] GC(120) Pause Young (Allocation Failure) 451M->45M(1765M) 0.940ms
[58.391s][info][gc,cpu         ] GC(120) User=0.00s Sys=0.00s Real=0.00s
[58.498s][info][gc,start       ] GC(121) Pause Young (Allocation Failure)
[58.499s][info][gc,heap        ] GC(121) PSYoungGen: 409056K(409088K)->1600K(400896K) Eden: 407552K(407552K)->0K(398848K) From: 1504K(1536K)->1600K(2048K)
[58.499s][info][gc,heap        ] GC(121) ParOldGen: 44718K(1398272K)->44942K(1398272K)
[58.499s][info][gc,metaspace   ] GC(121) Metaspace: 73830K(74432K)->73830K(74432K) NonClass: 58720K(58944K)->58720K(58944K) Class: 15110K(15488K)->15110K(15488K)
[58.499s][info][gc             ] GC(121) Pause Young (Allocation Failure) 443M->45M(1757M) 1.134ms
[58.499s][info][gc,cpu         ] GC(121) User=0.00s Sys=0.00s Real=0.00s
[58.613s][info][gc,start       ] GC(122) Pause Young (Allocation Failure)
[58.614s][info][gc,heap        ] GC(122) PSYoungGen: 400448K(400896K)->1472K(392192K) Eden: 398848K(398848K)->0K(390656K) From: 1600K(2048K)->1472K(1536K)
[58.614s][info][gc,heap        ] GC(122) ParOldGen: 44942K(1398272K)->45198K(1398272K)
[58.614s][info][gc,metaspace   ] GC(122) Metaspace: 73830K(74432K)->73830K(74432K) NonClass: 58720K(58944K)->58720K(58944K) Class: 15110K(15488K)->15110K(15488K)
[58.614s][info][gc             ] GC(122) Pause Young (Allocation Failure) 434M->45M(1748M) 1.085ms
[58.614s][info][gc,cpu         ] GC(122) User=0.00s Sys=0.00s Real=0.00s
[58.735s][info][gc,start       ] GC(123) Pause Young (Allocation Failure)
[58.736s][info][gc,heap        ] GC(123) PSYoungGen: 392128K(392192K)->1440K(384000K) Eden: 390656K(390656K)->0K(382464K) From: 1472K(1536K)->1440K(1536K)
[58.736s][info][gc,heap        ] GC(123) ParOldGen: 45198K(1398272K)->45526K(1398272K)
[58.736s][info][gc,metaspace   ] GC(123) Metaspace: 73833K(74432K)->73833K(74432K) NonClass: 58723K(58944K)->58723K(58944K) Class: 15110K(15488K)->15110K(15488K)
[58.736s][info][gc             ] GC(123) Pause Young (Allocation Failure) 427M->45M(1740M) 1.081ms
[58.736s][info][gc,cpu         ] GC(123) User=0.00s Sys=0.00s Real=0.00s
[58.869s][info][gc,start       ] GC(124) Pause Young (Allocation Failure)
[58.870s][info][gc,heap        ] GC(124) PSYoungGen: 383904K(384000K)->1312K(376320K) Eden: 382464K(382464K)->0K(374784K) From: 1440K(1536K)->1312K(1536K)
[58.870s][info][gc,heap        ] GC(124) ParOldGen: 45526K(1398272K)->45782K(1398272K)
[58.870s][info][gc,metaspace   ] GC(124) Metaspace: 73833K(74432K)->73833K(74432K) NonClass: 58723K(58944K)->58723K(58944K) Class: 15110K(15488K)->15110K(15488K)
[58.870s][info][gc             ] GC(124) Pause Young (Allocation Failure) 419M->45M(1733M) 1.215ms
[58.870s][info][gc,cpu         ] GC(124) User=0.00s Sys=0.00s Real=0.00s
[59.037s][info][gc,start       ] GC(125) Pause Young (Allocation Failure)
[59.038s][info][gc,heap        ] GC(125) PSYoungGen: 376096K(376320K)->1152K(368640K) Eden: 374784K(374784K)->0K(367104K) From: 1312K(1536K)->1152K(1536K)
[59.038s][info][gc,heap        ] GC(125) ParOldGen: 45782K(1398272K)->46078K(1398272K)
[59.038s][info][gc,metaspace   ] GC(125) Metaspace: 73834K(74432K)->73834K(74432K) NonClass: 58723K(58944K)->58723K(58944K) Class: 15110K(15488K)->15110K(15488K)
[59.038s][info][gc             ] GC(125) Pause Young (Allocation Failure) 411M->46M(1725M) 1.105ms
[59.038s][info][gc,cpu         ] GC(125) User=0.52s Sys=0.00s Real=0.00s
[59.236s][info][gc,start       ] GC(126) Pause Young (Allocation Failure)
[59.237s][info][gc,heap        ] GC(126) PSYoungGen: 368256K(368640K)->1088K(361472K) Eden: 367104K(367104K)->0K(359936K) From: 1152K(1536K)->1088K(1536K)
[59.237s][info][gc,heap        ] GC(126) ParOldGen: 46078K(1398272K)->46438K(1398272K)
[59.237s][info][gc,metaspace   ] GC(126) Metaspace: 73834K(74432K)->73834K(74432K) NonClass: 58723K(58944K)->58723K(58944K) Class: 15110K(15488K)->15110K(15488K)
[59.237s][info][gc             ] GC(126) Pause Young (Allocation Failure) 404M->46M(1718M) 1.022ms
[59.237s][info][gc,cpu         ] GC(126) User=0.00s Sys=0.00s Real=0.00s
[59.434s][info][gc,start       ] GC(127) Pause Young (Allocation Failure)
[59.435s][info][gc,heap        ] GC(127) PSYoungGen: 361024K(361472K)->1056K(354304K) Eden: 359936K(359936K)->0K(352768K) From: 1088K(1536K)->1056K(1536K)
[59.435s][info][gc,heap        ] GC(127) ParOldGen: 46438K(1398272K)->46654K(1398272K)
[59.435s][info][gc,metaspace   ] GC(127) Metaspace: 73834K(74432K)->73834K(74432K) NonClass: 58723K(58944K)->58723K(58944K) Class: 15110K(15488K)->15110K(15488K)
[59.435s][info][gc             ] GC(127) Pause Young (Allocation Failure) 397M->46M(1711M) 0.976ms
[59.435s][info][gc,cpu         ] GC(127) User=0.00s Sys=0.00s Real=0.00s
[59.628s][info][gc,start       ] GC(128) Pause Young (Allocation Failure)
[59.629s][info][gc,heap        ] GC(128) PSYoungGen: 353824K(354304K)->1088K(347648K) Eden: 352768K(352768K)->0K(346112K) From: 1056K(1536K)->1088K(1536K)
[59.629s][info][gc,heap        ] GC(128) ParOldGen: 46654K(1398272K)->46766K(1398272K)
[59.629s][info][gc,metaspace   ] GC(128) Metaspace: 73834K(74432K)->73834K(74432K) NonClass: 58723K(58944K)->58723K(58944K) Class: 15110K(15488K)->15110K(15488K)
[59.629s][info][gc             ] GC(128) Pause Young (Allocation Failure) 391M->46M(1705M) 0.974ms
[59.629s][info][gc,cpu         ] GC(128) User=0.00s Sys=0.00s Real=0.00s
[59.818s][info][gc,start       ] GC(129) Pause Young (Allocation Failure)
[59.819s][info][gc,heap        ] GC(129) PSYoungGen: 347200K(347648K)->1056K(340992K) Eden: 346112K(346112K)->0K(339456K) From: 1088K(1536K)->1056K(1536K)
[59.819s][info][gc,heap        ] GC(129) ParOldGen: 46766K(1398272K)->46766K(1398272K)
[59.819s][info][gc,metaspace   ] GC(129) Metaspace: 73841K(74432K)->73841K(74432K) NonClass: 58730K(58944K)->58730K(58944K) Class: 15110K(15488K)->15110K(15488K)
[59.819s][info][gc             ] GC(129) Pause Young (Allocation Failure) 384M->46M(1698M) 0.997ms
[59.819s][info][gc,cpu         ] GC(129) User=0.02s Sys=0.00s Real=0.00s
[60.004s][info][gc,start       ] GC(130) Pause Young (Allocation Failure)
[60.005s][info][gc,heap        ] GC(130) PSYoungGen: 340512K(340992K)->1056K(334336K) Eden: 339456K(339456K)->0K(332800K) From: 1056K(1536K)->1056K(1536K)
[60.005s][info][gc,heap        ] GC(130) ParOldGen: 46766K(1398272K)->46918K(1398272K)
[60.005s][info][gc,metaspace   ] GC(130) Metaspace: 73848K(74496K)->73848K(74496K) NonClass: 58737K(59008K)->58737K(59008K) Class: 15110K(15488K)->15110K(15488K)
[60.005s][info][gc             ] GC(130) Pause Young (Allocation Failure) 378M->46M(1692M) 0.918ms
[60.005s][info][gc,cpu         ] GC(130) User=0.00s Sys=0.00s Real=0.00s
[60.186s][info][gc,start       ] GC(131) Pause Young (Allocation Failure)
[60.187s][info][gc,heap        ] GC(131) PSYoungGen: 333856K(334336K)->1056K(328192K) Eden: 332800K(332800K)->0K(326656K) From: 1056K(1536K)->1056K(1536K)
[60.187s][info][gc,heap        ] GC(131) ParOldGen: 46918K(1398272K)->46958K(1398272K)
[60.187s][info][gc,metaspace   ] GC(131) Metaspace: 73848K(74496K)->73848K(74496K) NonClass: 58737K(59008K)->58737K(59008K) Class: 15110K(15488K)->15110K(15488K)
[60.187s][info][gc             ] GC(131) Pause Young (Allocation Failure) 371M->46M(1686M) 0.940ms
[60.187s][info][gc,cpu         ] GC(131) User=0.00s Sys=0.00s Real=0.00s
[60.297s][info][gc,start       ] GC(132) Pause Young (System.gc())
[60.299s][info][gc,heap        ] GC(132) PSYoungGen: 179410K(328192K)->1344K(328192K) Eden: 178354K(326656K)->0K(326656K) From: 1056K(1536K)->1344K(1536K)
[60.299s][info][gc,heap        ] GC(132) ParOldGen: 46958K(1398272K)->47054K(1398272K)
[60.299s][info][gc,metaspace   ] GC(132) Metaspace: 73860K(74496K)->73860K(74496K) NonClass: 58749K(59008K)->58749K(59008K) Class: 15110K(15488K)->15110K(15488K)
[60.299s][info][gc             ] GC(132) Pause Young (System.gc()) 221M->47M(1686M) 1.352ms
[60.299s][info][gc,cpu         ] GC(132) User=0.00s Sys=0.00s Real=0.00s
[60.299s][info][gc,start       ] GC(133) Pause Full (System.gc())
[60.299s][info][gc,phases,start] GC(133) Marking Phase
[60.333s][info][gc,phases      ] GC(133) Marking Phase 33.986ms
[60.333s][info][gc,phases,start] GC(133) Summary Phase
[60.333s][info][gc,phases      ] GC(133) Summary Phase 0.014ms
[60.333s][info][gc,phases,start] GC(133) Adjust Roots
[60.341s][info][gc,phases      ] GC(133) Adjust Roots 8.046ms
[60.341s][info][gc,phases,start] GC(133) Compaction Phase
[60.350s][info][gc,phases      ] GC(133) Compaction Phase 8.463ms
[60.350s][info][gc,phases,start] GC(133) Post Compact
[60.351s][info][gc,phases      ] GC(133) Post Compact 0.969ms
[60.351s][info][gc,heap        ] GC(133) PSYoungGen: 1344K(328192K)->0K(328192K) Eden: 0K(326656K)->0K(326656K) From: 1344K(1536K)->0K(1536K)
[60.351s][info][gc,heap        ] GC(133) ParOldGen: 47054K(1398272K)->35465K(1398272K)
[60.351s][info][gc,metaspace   ] GC(133) Metaspace: 73860K(74496K)->73860K(74496K) NonClass: 58749K(59008K)->58749K(59008K) Class: 15110K(15488K)->15110K(15488K)
[60.351s][info][gc             ] GC(133) Pause Full (System.gc()) 47M->34M(1686M) 51.883ms
[60.351s][info][gc,cpu         ] GC(133) User=0.69s Sys=0.00s Real=0.05s
[60.462s][info][gc,start       ] GC(134) Pause Young (Allocation Failure)
[60.463s][info][gc,heap        ] GC(134) PSYoungGen: 326656K(328192K)->2560K(323072K) Eden: 326656K(326656K)->0K(320512K) From: 0K(1536K)->2560K(2560K)
[60.464s][info][gc,heap        ] GC(134) ParOldGen: 35465K(1398272K)->36665K(1398272K)
[60.464s][info][gc,metaspace   ] GC(134) Metaspace: 73928K(74560K)->73928K(74560K) NonClass: 58817K(59072K)->58817K(59072K) Class: 15110K(15488K)->15110K(15488K)
[60.464s][info][gc             ] GC(134) Pause Young (Allocation Failure) 353M->38M(1681M) 1.936ms
[60.464s][info][gc,cpu         ] GC(134) User=0.00s Sys=0.00s Real=0.00s
[60.541s][info][gc,start       ] GC(135) Pause Young (Allocation Failure)
[60.543s][info][gc,heap        ] GC(135) PSYoungGen: 323072K(323072K)->1536K(316416K) Eden: 320512K(320512K)->0K(314880K) From: 2560K(2560K)->1536K(1536K)
[60.543s][info][gc,heap        ] GC(135) ParOldGen: 36665K(1398272K)->38473K(1398272K)
[60.543s][info][gc,metaspace   ] GC(135) Metaspace: 73928K(74560K)->73928K(74560K) NonClass: 58817K(59072K)->58817K(59072K) Class: 15110K(15488K)->15110K(15488K)
[60.543s][info][gc             ] GC(135) Pause Young (Allocation Failure) 351M->39M(1674M) 1.506ms
[60.543s][info][gc,cpu         ] GC(135) User=0.00s Sys=0.00s Real=0.00s
[60.619s][info][gc,start       ] GC(136) Pause Young (Allocation Failure)
[60.621s][info][gc,heap        ] GC(136) PSYoungGen: 316416K(316416K)->1888K(311296K) Eden: 314880K(314880K)->0K(309248K) From: 1536K(1536K)->1888K(2048K)
[60.621s][info][gc,heap        ] GC(136) ParOldGen: 38473K(1398272K)->38721K(1398272K)
[60.621s][info][gc,metaspace   ] GC(136) Metaspace: 73928K(74560K)->73928K(74560K) NonClass: 58817K(59072K)->58817K(59072K) Class: 15110K(15488K)->15110K(15488K)
[60.621s][info][gc             ] GC(136) Pause Young (Allocation Failure) 346M->39M(1669M) 1.329ms
[60.621s][info][gc,cpu         ] GC(136) User=0.00s Sys=0.00s Real=0.00s
[60.696s][info][gc,start       ] GC(137) Pause Young (Allocation Failure)
[60.697s][info][gc,heap        ] GC(137) PSYoungGen: 311136K(311296K)->1952K(305664K) Eden: 309248K(309248K)->0K(303616K) From: 1888K(2048K)->1952K(2048K)
[60.697s][info][gc,heap        ] GC(137) ParOldGen: 38721K(1398272K)->38849K(1398272K)
[60.697s][info][gc,metaspace   ] GC(137) Metaspace: 73928K(74560K)->73928K(74560K) NonClass: 58817K(59072K)->58817K(59072K) Class: 15110K(15488K)->15110K(15488K)
[60.697s][info][gc             ] GC(137) Pause Young (Allocation Failure) 341M->39M(1664M) 1.313ms
[60.697s][info][gc,cpu         ] GC(137) User=0.00s Sys=0.00s Real=0.00s
[60.771s][info][gc,start       ] GC(138) Pause Young (Allocation Failure)
[60.773s][info][gc,heap        ] GC(138) PSYoungGen: 305568K(305664K)->1920K(366592K) Eden: 303616K(303616K)->0K(364544K) From: 1952K(2048K)->1920K(2048K)
[60.773s][info][gc,heap        ] GC(138) ParOldGen: 38849K(1398272K)->39009K(1398272K)
[60.773s][info][gc,metaspace   ] GC(138) Metaspace: 73928K(74560K)->73928K(74560K) NonClass: 58817K(59072K)->58817K(59072K) Class: 15110K(15488K)->15110K(15488K)
[60.773s][info][gc             ] GC(138) Pause Young (Allocation Failure) 336M->39M(1723M) 1.358ms
[60.773s][info][gc,cpu         ] GC(138) User=0.00s Sys=0.00s Real=0.00s
[60.862s][info][gc,start       ] GC(139) Pause Young (Allocation Failure)
[60.864s][info][gc,heap        ] GC(139) PSYoungGen: 366464K(366592K)->1760K(439808K) Eden: 364544K(364544K)->0K(437760K) From: 1920K(2048K)->1760K(2048K)
[60.864s][info][gc,heap        ] GC(139) ParOldGen: 39009K(1398272K)->39265K(1398272K)
[60.864s][info][gc,metaspace   ] GC(139) Metaspace: 73928K(74560K)->73928K(74560K) NonClass: 58817K(59072K)->58817K(59072K) Class: 15110K(15488K)->15110K(15488K)
[60.864s][info][gc             ] GC(139) Pause Young (Allocation Failure) 395M->40M(1795M) 1.500ms
[60.864s][info][gc,cpu         ] GC(139) User=0.00s Sys=0.00s Real=0.00s
[60.970s][info][gc,start       ] GC(140) Pause Young (Allocation Failure)
[60.972s][info][gc,heap        ] GC(140) PSYoungGen: 439520K(439808K)->1824K(527360K) Eden: 437760K(437760K)->0K(525312K) From: 1760K(2048K)->1824K(2048K)
[60.972s][info][gc,heap        ] GC(140) ParOldGen: 39265K(1398272K)->39353K(1398272K)
[60.972s][info][gc,metaspace   ] GC(140) Metaspace: 73928K(74560K)->73928K(74560K) NonClass: 58817K(59072K)->58817K(59072K) Class: 15110K(15488K)->15110K(15488K)
[60.972s][info][gc             ] GC(140) Pause Young (Allocation Failure) 467M->40M(1880M) 1.440ms
[60.972s][info][gc,cpu         ] GC(140) User=0.00s Sys=0.00s Real=0.00s
[61.100s][info][gc,start       ] GC(141) Pause Young (Allocation Failure)
[61.101s][info][gc,heap        ] GC(141) PSYoungGen: 527136K(527360K)->1856K(514560K) Eden: 525312K(525312K)->0K(512512K) From: 1824K(2048K)->1856K(2048K)
[61.101s][info][gc,heap        ] GC(141) ParOldGen: 39353K(1398272K)->39369K(1398272K)
[61.101s][info][gc,metaspace   ] GC(141) Metaspace: 73928K(74560K)->73928K(74560K) NonClass: 58817K(59072K)->58817K(59072K) Class: 15110K(15488K)->15110K(15488K)
[61.101s][info][gc             ] GC(141) Pause Young (Allocation Failure) 553M->40M(1868M) 1.292ms
[61.101s][info][gc,cpu         ] GC(141) User=0.00s Sys=0.00s Real=0.00s
[61.225s][info][gc,start       ] GC(142) Pause Young (Allocation Failure)
[61.227s][info][gc,heap        ] GC(142) PSYoungGen: 514368K(514560K)->1952K(502272K) Eden: 512512K(512512K)->0K(500224K) From: 1856K(2048K)->1952K(2048K)
[61.227s][info][gc,heap        ] GC(142) ParOldGen: 39369K(1398272K)->39553K(1398272K)
[61.227s][info][gc,metaspace   ] GC(142) Metaspace: 73928K(74560K)->73928K(74560K) NonClass: 58817K(59072K)->58817K(59072K) Class: 15110K(15488K)->15110K(15488K)
[61.227s][info][gc             ] GC(142) Pause Young (Allocation Failure) 540M->40M(1856M) 1.493ms
[61.227s][info][gc,cpu         ] GC(142) User=0.00s Sys=0.00s Real=0.00s
[61.351s][info][gc,start       ] GC(143) Pause Young (Allocation Failure)
[61.352s][info][gc,heap        ] GC(143) PSYoungGen: 502176K(502272K)->1920K(490496K) Eden: 500224K(500224K)->0K(488448K) From: 1952K(2048K)->1920K(2048K)
[61.352s][info][gc,heap        ] GC(143) ParOldGen: 39553K(1398272K)->39705K(1398272K)
[61.352s][info][gc,metaspace   ] GC(143) Metaspace: 73928K(74560K)->73928K(74560K) NonClass: 58817K(59072K)->58817K(59072K) Class: 15110K(15488K)->15110K(15488K)
[61.352s][info][gc             ] GC(143) Pause Young (Allocation Failure) 529M->40M(1844M) 1.308ms
[61.352s][info][gc,cpu         ] GC(143) User=0.00s Sys=0.00s Real=0.00s
[61.471s][info][gc,start       ] GC(144) Pause Young (Allocation Failure)
[61.473s][info][gc,heap        ] GC(144) PSYoungGen: 490368K(490496K)->1920K(479232K) Eden: 488448K(488448K)->0K(477184K) From: 1920K(2048K)->1920K(2048K)
[61.473s][info][gc,heap        ] GC(144) ParOldGen: 39705K(1398272K)->39833K(1398272K)
[61.473s][info][gc,metaspace   ] GC(144) Metaspace: 73928K(74560K)->73928K(74560K) NonClass: 58817K(59072K)->58817K(59072K) Class: 15110K(15488K)->15110K(15488K)
[61.473s][info][gc             ] GC(144) Pause Young (Allocation Failure) 517M->40M(1833M) 1.449ms
[61.473s][info][gc,cpu         ] GC(144) User=0.00s Sys=0.00s Real=0.00s
[61.589s][info][gc,start       ] GC(145) Pause Young (Allocation Failure)
[61.590s][info][gc,heap        ] GC(145) PSYoungGen: 479104K(479232K)->1792K(467968K) Eden: 477184K(477184K)->0K(465920K) From: 1920K(2048K)->1792K(2048K)
[61.590s][info][gc,heap        ] GC(145) ParOldGen: 39833K(1398272K)->39929K(1398272K)
[61.590s][info][gc,metaspace   ] GC(145) Metaspace: 73928K(74560K)->73928K(74560K) NonClass: 58817K(59072K)->58817K(59072K) Class: 15110K(15488K)->15110K(15488K)
[61.590s][info][gc             ] GC(145) Pause Young (Allocation Failure) 506M->40M(1822M) 1.297ms
[61.590s][info][gc,cpu         ] GC(145) User=0.00s Sys=0.00s Real=0.00s
[61.703s][info][gc,start       ] GC(146) Pause Young (Allocation Failure)
[61.704s][info][gc,heap        ] GC(146) PSYoungGen: 467712K(467968K)->1792K(457216K) Eden: 465920K(465920K)->0K(455168K) From: 1792K(2048K)->1792K(2048K)
[61.704s][info][gc,heap        ] GC(146) ParOldGen: 39929K(1398272K)->40081K(1398272K)
[61.704s][info][gc,metaspace   ] GC(146) Metaspace: 73928K(74560K)->73928K(74560K) NonClass: 58817K(59072K)->58817K(59072K) Class: 15110K(15488K)->15110K(15488K)
[61.704s][info][gc             ] GC(146) Pause Young (Allocation Failure) 495M->40M(1812M) 1.419ms
[61.704s][info][gc,cpu         ] GC(146) User=0.00s Sys=0.00s Real=0.00s
[61.815s][info][gc,start       ] GC(147) Pause Young (Allocation Failure)
[61.816s][info][gc,heap        ] GC(147) PSYoungGen: 456960K(457216K)->1824K(446976K) Eden: 455168K(455168K)->0K(444928K) From: 1792K(2048K)->1824K(2048K)
[61.816s][info][gc,heap        ] GC(147) ParOldGen: 40081K(1398272K)->40201K(1398272K)
[61.816s][info][gc,metaspace   ] GC(147) Metaspace: 73928K(74560K)->73928K(74560K) NonClass: 58817K(59072K)->58817K(59072K) Class: 15110K(15488K)->15110K(15488K)
[61.816s][info][gc             ] GC(147) Pause Young (Allocation Failure) 485M->41M(1802M) 1.308ms
[61.816s][info][gc,cpu         ] GC(147) User=0.00s Sys=0.00s Real=0.00s
[61.924s][info][gc,start       ] GC(148) Pause Young (Allocation Failure)
[61.925s][info][gc,heap        ] GC(148) PSYoungGen: 446752K(446976K)->1920K(437248K) Eden: 444928K(444928K)->0K(435200K) From: 1824K(2048K)->1920K(2048K)
[61.926s][info][gc,heap        ] GC(148) ParOldGen: 40201K(1398272K)->40465K(1398272K)
[61.926s][info][gc,metaspace   ] GC(148) Metaspace: 73928K(74560K)->73928K(74560K) NonClass: 58817K(59072K)->58817K(59072K) Class: 15110K(15488K)->15110K(15488K)
[61.926s][info][gc             ] GC(148) Pause Young (Allocation Failure) 475M->41M(1792M) 1.377ms
[61.926s][info][gc,cpu         ] GC(148) User=0.00s Sys=0.00s Real=0.00s
[62.032s][info][gc,start       ] GC(149) Pause Young (Allocation Failure)
[62.033s][info][gc,heap        ] GC(149) PSYoungGen: 437120K(437248K)->1536K(427008K) Eden: 435200K(435200K)->0K(425472K) From: 1920K(2048K)->1536K(1536K)
[62.033s][info][gc,heap        ] GC(149) ParOldGen: 40465K(1398272K)->40665K(1398272K)
[62.033s][info][gc,metaspace   ] GC(149) Metaspace: 73928K(74560K)->73928K(74560K) NonClass: 58817K(59072K)->58817K(59072K) Class: 15110K(15488K)->15110K(15488K)
[62.033s][info][gc             ] GC(149) Pause Young (Allocation Failure) 466M->41M(1782M) 1.222ms
[62.033s][info][gc,cpu         ] GC(149) User=0.00s Sys=0.00s Real=0.00s
[62.137s][info][gc,start       ] GC(150) Pause Young (Allocation Failure)
[62.138s][info][gc,heap        ] GC(150) PSYoungGen: 427008K(427008K)->1728K(418304K) Eden: 425472K(425472K)->0K(416256K) From: 1536K(1536K)->1728K(2048K)
[62.138s][info][gc,heap        ] GC(150) ParOldGen: 40665K(1398272K)->40809K(1398272K)
[62.138s][info][gc,metaspace   ] GC(150) Metaspace: 73928K(74560K)->73928K(74560K) NonClass: 58817K(59072K)->58817K(59072K) Class: 15110K(15488K)->15110K(15488K)
[62.138s][info][gc             ] GC(150) Pause Young (Allocation Failure) 456M->41M(1774M) 1.330ms
[62.138s][info][gc,cpu         ] GC(150) User=0.00s Sys=0.00s Real=0.00s
[62.239s][info][gc,start       ] GC(151) Pause Young (Allocation Failure)
[62.257s][info][gc,heap        ] GC(151) PSYoungGen: 417984K(418304K)->1856K(409600K) Eden: 416256K(416256K)->0K(407552K) From: 1728K(2048K)->1856K(2048K)
[62.257s][info][gc,heap        ] GC(151) ParOldGen: 40809K(1398272K)->40921K(1398272K)
[62.257s][info][gc,metaspace   ] GC(151) Metaspace: 73928K(74560K)->73928K(74560K) NonClass: 58817K(59072K)->58817K(59072K) Class: 15110K(15488K)->15110K(15488K)
[62.257s][info][gc             ] GC(151) Pause Young (Allocation Failure) 448M->41M(1765M) 18.098ms
[62.257s][info][gc,cpu         ] GC(151) User=0.00s Sys=0.00s Real=0.02s
[62.360s][info][gc,start       ] GC(152) Pause Young (Allocation Failure)
[62.361s][info][gc,heap        ] GC(152) PSYoungGen: 409408K(409600K)->1888K(400896K) Eden: 407552K(407552K)->0K(398848K) From: 1856K(2048K)->1888K(2048K)
[62.361s][info][gc,heap        ] GC(152) ParOldGen: 40921K(1398272K)->41025K(1398272K)
[62.361s][info][gc,metaspace   ] GC(152) Metaspace: 73928K(74560K)->73928K(74560K) NonClass: 58817K(59072K)->58817K(59072K) Class: 15110K(15488K)->15110K(15488K)
[62.361s][info][gc             ] GC(152) Pause Young (Allocation Failure) 439M->41M(1757M) 1.446ms
[62.362s][info][gc,cpu         ] GC(152) User=0.00s Sys=0.00s Real=0.00s
[62.459s][info][gc,start       ] GC(153) Pause Young (Allocation Failure)
[62.460s][info][gc,heap        ] GC(153) PSYoungGen: 400736K(400896K)->1536K(392192K) Eden: 398848K(398848K)->0K(390656K) From: 1888K(2048K)->1536K(1536K)
[62.460s][info][gc,heap        ] GC(153) ParOldGen: 41025K(1398272K)->41217K(1398272K)
[62.460s][info][gc,metaspace   ] GC(153) Metaspace: 73928K(74560K)->73928K(74560K) NonClass: 58817K(59072K)->58817K(59072K) Class: 15110K(15488K)->15110K(15488K)
[62.460s][info][gc             ] GC(153) Pause Young (Allocation Failure) 431M->41M(1748M) 1.211ms
[62.460s][info][gc,cpu         ] GC(153) User=0.52s Sys=0.00s Real=0.00s
[62.555s][info][gc,start       ] GC(154) Pause Young (Allocation Failure)
[62.556s][info][gc,heap        ] GC(154) PSYoungGen: 392192K(392192K)->1824K(384512K) Eden: 390656K(390656K)->0K(382464K) From: 1536K(1536K)->1824K(2048K)
[62.556s][info][gc,heap        ] GC(154) ParOldGen: 41217K(1398272K)->41385K(1398272K)
[62.556s][info][gc,metaspace   ] GC(154) Metaspace: 73928K(74560K)->73928K(74560K) NonClass: 58817K(59072K)->58817K(59072K) Class: 15110K(15488K)->15110K(15488K)
[62.556s][info][gc             ] GC(154) Pause Young (Allocation Failure) 423M->42M(1741M) 1.361ms
[62.556s][info][gc,cpu         ] GC(154) User=0.00s Sys=0.00s Real=0.00s
[62.649s][info][gc,start       ] GC(155) Pause Young (Allocation Failure)
[62.650s][info][gc,heap        ] GC(155) PSYoungGen: 384288K(384512K)->1824K(461312K) Eden: 382464K(382464K)->0K(459264K) From: 1824K(2048K)->1824K(2048K)
[62.650s][info][gc,heap        ] GC(155) ParOldGen: 41385K(1398272K)->41497K(1398272K)
[62.650s][info][gc,metaspace   ] GC(155) Metaspace: 73928K(74560K)->73928K(74560K) NonClass: 58817K(59072K)->58817K(59072K) Class: 15110K(15488K)->15110K(15488K)
[62.650s][info][gc             ] GC(155) Pause Young (Allocation Failure) 415M->42M(1816M) 1.233ms
[62.650s][info][gc,cpu         ] GC(155) User=0.00s Sys=0.00s Real=0.00s
[62.763s][info][gc,start       ] GC(156) Pause Young (Allocation Failure)
[62.765s][info][gc,heap        ] GC(156) PSYoungGen: 461088K(461312K)->1920K(451072K) Eden: 459264K(459264K)->0K(449024K) From: 1824K(2048K)->1920K(2048K)
[62.765s][info][gc,heap        ] GC(156) ParOldGen: 41497K(1398272K)->41641K(1398272K)
[62.765s][info][gc,metaspace   ] GC(156) Metaspace: 73928K(74560K)->73928K(74560K) NonClass: 58817K(59072K)->58817K(59072K) Class: 15110K(15488K)->15110K(15488K)
[62.765s][info][gc             ] GC(156) Pause Young (Allocation Failure) 490M->42M(1806M) 1.447ms
[62.765s][info][gc,cpu         ] GC(156) User=0.00s Sys=0.00s Real=0.00s
[62.874s][info][gc,start       ] GC(157) Pause Young (Allocation Failure)
[62.875s][info][gc,heap        ] GC(157) PSYoungGen: 450944K(451072K)->1536K(440320K) Eden: 449024K(449024K)->0K(438784K) From: 1920K(2048K)->1536K(1536K)
[62.875s][info][gc,heap        ] GC(157) ParOldGen: 41641K(1398272K)->41905K(1398272K)
[62.875s][info][gc,metaspace   ] GC(157) Metaspace: 73928K(74560K)->73928K(74560K) NonClass: 58817K(59072K)->58817K(59072K) Class: 15110K(15488K)->15110K(15488K)
[62.875s][info][gc             ] GC(157) Pause Young (Allocation Failure) 481M->42M(1795M) 1.195ms
[62.875s][info][gc,cpu         ] GC(157) User=0.00s Sys=0.00s Real=0.00s
[62.982s][info][gc,start       ] GC(158) Pause Young (Allocation Failure)
[62.983s][info][gc,heap        ] GC(158) PSYoungGen: 440320K(440320K)->1920K(431104K) Eden: 438784K(438784K)->0K(429056K) From: 1536K(1536K)->1920K(2048K)
[62.983s][info][gc,heap        ] GC(158) ParOldGen: 41905K(1398272K)->42041K(1398272K)
[62.983s][info][gc,metaspace   ] GC(158) Metaspace: 73928K(74560K)->73928K(74560K) NonClass: 58817K(59072K)->58817K(59072K) Class: 15110K(15488K)->15110K(15488K)
[62.983s][info][gc             ] GC(158) Pause Young (Allocation Failure) 470M->42M(1786M) 1.421ms
[62.983s][info][gc,cpu         ] GC(158) User=0.00s Sys=0.00s Real=0.00s
[63.088s][info][gc,start       ] GC(159) Pause Young (Allocation Failure)
[63.089s][info][gc,heap        ] GC(159) PSYoungGen: 430976K(431104K)->1824K(421888K) Eden: 429056K(429056K)->0K(419840K) From: 1920K(2048K)->1824K(2048K)
[63.089s][info][gc,heap        ] GC(159) ParOldGen: 42041K(1398272K)->42161K(1398272K)
[63.089s][info][gc,metaspace   ] GC(159) Metaspace: 73928K(74560K)->73928K(74560K) NonClass: 58817K(59072K)->58817K(59072K) Class: 15110K(15488K)->15110K(15488K)
[63.089s][info][gc             ] GC(159) Pause Young (Allocation Failure) 461M->42M(1777M) 1.116ms
[63.089s][info][gc,cpu         ] GC(159) User=0.00s Sys=0.00s Real=0.00s
[63.191s][info][gc,start       ] GC(160) Pause Young (Allocation Failure)
[63.192s][info][gc,heap        ] GC(160) PSYoungGen: 421664K(421888K)->1888K(412672K) Eden: 419840K(419840K)->0K(410624K) From: 1824K(2048K)->1888K(2048K)
[63.192s][info][gc,heap        ] GC(160) ParOldGen: 42161K(1398272K)->42265K(1398272K)
[63.192s][info][gc,metaspace   ] GC(160) Metaspace: 73928K(74560K)->73928K(74560K) NonClass: 58817K(59072K)->58817K(59072K) Class: 15110K(15488K)->15110K(15488K)
[63.192s][info][gc             ] GC(160) Pause Young (Allocation Failure) 452M->43M(1768M) 1.340ms
[63.192s][info][gc,cpu         ] GC(160) User=0.00s Sys=0.00s Real=0.00s
[63.292s][info][gc,start       ] GC(161) Pause Young (Allocation Failure)
[63.293s][info][gc,heap        ] GC(161) PSYoungGen: 412512K(412672K)->1536K(403456K) Eden: 410624K(410624K)->0K(401920K) From: 1888K(2048K)->1536K(1536K)
[63.293s][info][gc,heap        ] GC(161) ParOldGen: 42265K(1398272K)->42401K(1398272K)
[63.293s][info][gc,metaspace   ] GC(161) Metaspace: 73928K(74560K)->73928K(74560K) NonClass: 58817K(59072K)->58817K(59072K) Class: 15110K(15488K)->15110K(15488K)
[63.293s][info][gc             ] GC(161) Pause Young (Allocation Failure) 444M->42M(1759M) 1.190ms
[63.294s][info][gc,cpu         ] GC(161) User=0.00s Sys=0.00s Real=0.00s
[63.391s][info][gc,start       ] GC(162) Pause Young (Allocation Failure)
[63.393s][info][gc,heap        ] GC(162) PSYoungGen: 403456K(403456K)->1888K(395264K) Eden: 401920K(401920K)->0K(393216K) From: 1536K(1536K)->1888K(2048K)
[63.393s][info][gc,heap        ] GC(162) ParOldGen: 42401K(1398272K)->42529K(1398272K)
[63.393s][info][gc,metaspace   ] GC(162) Metaspace: 73928K(74560K)->73928K(74560K) NonClass: 58817K(59072K)->58817K(59072K) Class: 15110K(15488K)->15110K(15488K)
[63.393s][info][gc             ] GC(162) Pause Young (Allocation Failure) 435M->43M(1751M) 1.388ms
[63.393s][info][gc,cpu         ] GC(162) User=0.00s Sys=0.00s Real=0.00s
[63.488s][info][gc,start       ] GC(163) Pause Young (Allocation Failure)
[63.489s][info][gc,heap        ] GC(163) PSYoungGen: 395104K(395264K)->1824K(387072K) Eden: 393216K(393216K)->0K(385024K) From: 1888K(2048K)->1824K(2048K)
[63.489s][info][gc,heap        ] GC(163) ParOldGen: 42529K(1398272K)->42681K(1398272K)
[63.489s][info][gc,metaspace   ] GC(163) Metaspace: 73928K(74560K)->73928K(74560K) NonClass: 58817K(59072K)->58817K(59072K) Class: 15110K(15488K)->15110K(15488K)
[63.489s][info][gc             ] GC(163) Pause Young (Allocation Failure) 427M->43M(1743M) 1.116ms
[63.489s][info][gc,cpu         ] GC(163) User=0.00s Sys=0.00s Real=0.00s
[63.584s][info][gc,start       ] GC(164) Pause Young (Allocation Failure)
[63.585s][info][gc,heap        ] GC(164) PSYoungGen: 386848K(387072K)->1888K(379392K) Eden: 385024K(385024K)->0K(377344K) From: 1824K(2048K)->1888K(2048K)
[63.585s][info][gc,heap        ] GC(164) ParOldGen: 42681K(1398272K)->42785K(1398272K)
[63.585s][info][gc,metaspace   ] GC(164) Metaspace: 73928K(74560K)->73928K(74560K) NonClass: 58817K(59072K)->58817K(59072K) Class: 15110K(15488K)->15110K(15488K)
[63.585s][info][gc             ] GC(164) Pause Young (Allocation Failure) 419M->43M(1736M) 1.366ms
[63.585s][info][gc,cpu         ] GC(164) User=0.00s Sys=0.00s Real=0.00s
[63.677s][info][gc,start       ] GC(165) Pause Young (Allocation Failure)
[63.678s][info][gc,heap        ] GC(165) PSYoungGen: 379232K(379392K)->1536K(371200K) Eden: 377344K(377344K)->0K(369664K) From: 1888K(2048K)->1536K(1536K)
[63.678s][info][gc,heap        ] GC(165) ParOldGen: 42785K(1398272K)->42961K(1398272K)
[63.678s][info][gc,metaspace   ] GC(165) Metaspace: 73928K(74560K)->73928K(74560K) NonClass: 58817K(59072K)->58817K(59072K) Class: 15110K(15488K)->15110K(15488K)
[63.678s][info][gc             ] GC(165) Pause Young (Allocation Failure) 412M->43M(1728M) 1.143ms
[63.678s][info][gc,cpu         ] GC(165) User=0.52s Sys=0.00s Real=0.00s
[63.769s][info][gc,start       ] GC(166) Pause Young (Allocation Failure)
[63.770s][info][gc,heap        ] GC(166) PSYoungGen: 371200K(371200K)->1984K(445952K) Eden: 369664K(369664K)->0K(443904K) From: 1536K(1536K)->1984K(2048K)
[63.770s][info][gc,heap        ] GC(166) ParOldGen: 42961K(1398272K)->43065K(1398272K)
[63.770s][info][gc,metaspace   ] GC(166) Metaspace: 73928K(74560K)->73928K(74560K) NonClass: 58817K(59072K)->58817K(59072K) Class: 15110K(15488K)->15110K(15488K)
[63.770s][info][gc             ] GC(166) Pause Young (Allocation Failure) 404M->43M(1801M) 1.471ms
[63.770s][info][gc,cpu         ] GC(166) User=0.00s Sys=0.00s Real=0.00s
[63.878s][info][gc,start       ] GC(167) Pause Young (Allocation Failure)
[63.879s][info][gc,heap        ] GC(167) PSYoungGen: 445888K(445952K)->1792K(436224K) Eden: 443904K(443904K)->0K(434176K) From: 1984K(2048K)->1792K(2048K)
[63.879s][info][gc,heap        ] GC(167) ParOldGen: 43065K(1398272K)->43345K(1398272K)
[63.879s][info][gc,metaspace   ] GC(167) Metaspace: 73928K(74560K)->73928K(74560K) NonClass: 58817K(59072K)->58817K(59072K) Class: 15110K(15488K)->15110K(15488K)
[63.879s][info][gc             ] GC(167) Pause Young (Allocation Failure) 477M->44M(1791M) 1.202ms
[63.879s][info][gc,cpu         ] GC(167) User=0.00s Sys=0.00s Real=0.00s
[63.985s][info][gc,start       ] GC(168) Pause Young (Allocation Failure)
[63.986s][info][gc,heap        ] GC(168) PSYoungGen: 435968K(436224K)->1824K(426496K) Eden: 434176K(434176K)->0K(424448K) From: 1792K(2048K)->1824K(2048K)
[63.986s][info][gc,heap        ] GC(168) ParOldGen: 43345K(1398272K)->43449K(1398272K)
[63.986s][info][gc,metaspace   ] GC(168) Metaspace: 73928K(74560K)->73928K(74560K) NonClass: 58817K(59072K)->58817K(59072K) Class: 15110K(15488K)->15110K(15488K)
[63.986s][info][gc             ] GC(168) Pause Young (Allocation Failure) 468M->44M(1782M) 1.412ms
[63.986s][info][gc,cpu         ] GC(168) User=0.00s Sys=0.00s Real=0.00s
[64.089s][info][gc,start       ] GC(169) Pause Young (Allocation Failure)
[64.090s][info][gc,heap        ] GC(169) PSYoungGen: 426272K(426496K)->1536K(416768K) Eden: 424448K(424448K)->0K(415232K) From: 1824K(2048K)->1536K(1536K)
[64.090s][info][gc,heap        ] GC(169) ParOldGen: 43449K(1398272K)->43641K(1398272K)
[64.090s][info][gc,metaspace   ] GC(169) Metaspace: 73928K(74560K)->73928K(74560K) NonClass: 58817K(59072K)->58817K(59072K) Class: 15110K(15488K)->15110K(15488K)
[64.090s][info][gc             ] GC(169) Pause Young (Allocation Failure) 458M->44M(1772M) 1.174ms
[64.090s][info][gc,cpu         ] GC(169) User=0.00s Sys=0.00s Real=0.00s
[64.191s][info][gc,start       ] GC(170) Pause Young (Allocation Failure)
[64.193s][info][gc,heap        ] GC(170) PSYoungGen: 416768K(416768K)->1920K(408576K) Eden: 415232K(415232K)->0K(406528K) From: 1536K(1536K)->1920K(2048K)
[64.193s][info][gc,heap        ] GC(170) ParOldGen: 43641K(1398272K)->43785K(1398272K)
[64.193s][info][gc,metaspace   ] GC(170) Metaspace: 73928K(74560K)->73928K(74560K) NonClass: 58817K(59072K)->58817K(59072K) Class: 15110K(15488K)->15110K(15488K)
[64.193s][info][gc             ] GC(170) Pause Young (Allocation Failure) 449M->44M(1764M) 1.384ms
[64.193s][info][gc,cpu         ] GC(170) User=0.00s Sys=0.00s Real=0.00s
[64.291s][info][gc,start       ] GC(171) Pause Young (Allocation Failure)
[64.292s][info][gc,heap        ] GC(171) PSYoungGen: 408448K(408576K)->1856K(399872K) Eden: 406528K(406528K)->0K(397824K) From: 1920K(2048K)->1856K(2048K)
[64.292s][info][gc,heap        ] GC(171) ParOldGen: 43785K(1398272K)->43921K(1398272K)
[64.292s][info][gc,metaspace   ] GC(171) Metaspace: 73928K(74560K)->73928K(74560K) NonClass: 58817K(59072K)->58817K(59072K) Class: 15110K(15488K)->15110K(15488K)
[64.293s][info][gc             ] GC(171) Pause Young (Allocation Failure) 441M->44M(1756M) 1.151ms
[64.293s][info][gc,cpu         ] GC(171) User=0.00s Sys=0.00s Real=0.00s
[64.389s][info][gc,start       ] GC(172) Pause Young (Allocation Failure)
[64.390s][info][gc,heap        ] GC(172) PSYoungGen: 399680K(399872K)->1888K(391680K) Eden: 397824K(397824K)->0K(389632K) From: 1856K(2048K)->1888K(2048K)
[64.390s][info][gc,heap        ] GC(172) ParOldGen: 43921K(1398272K)->44041K(1398272K)
[64.390s][info][gc,metaspace   ] GC(172) Metaspace: 73928K(74560K)->73928K(74560K) NonClass: 58817K(59072K)->58817K(59072K) Class: 15110K(15488K)->15110K(15488K)
[64.390s][info][gc             ] GC(172) Pause Young (Allocation Failure) 433M->44M(1748M) 1.426ms
[64.390s][info][gc,cpu         ] GC(172) User=0.00s Sys=0.00s Real=0.00s
[64.485s][info][gc,start       ] GC(173) Pause Young (Allocation Failure)
[64.486s][info][gc,heap        ] GC(173) PSYoungGen: 391520K(391680K)->1536K(382976K) Eden: 389632K(389632K)->0K(381440K) From: 1888K(2048K)->1536K(1536K)
[64.486s][info][gc,heap        ] GC(173) ParOldGen: 44041K(1398272K)->44209K(1398272K)
[64.486s][info][gc,metaspace   ] GC(173) Metaspace: 73928K(74560K)->73928K(74560K) NonClass: 58817K(59072K)->58817K(59072K) Class: 15110K(15488K)->15110K(15488K)
[64.486s][info][gc             ] GC(173) Pause Young (Allocation Failure) 425M->44M(1739M) 1.138ms
[64.486s][info][gc,cpu         ] GC(173) User=0.00s Sys=0.00s Real=0.00s
[64.579s][info][gc,start       ] GC(174) Pause Young (Allocation Failure)
[64.580s][info][gc,heap        ] GC(174) PSYoungGen: 382976K(382976K)->1856K(375808K) Eden: 381440K(381440K)->0K(373760K) From: 1536K(1536K)->1856K(2048K)
[64.580s][info][gc,heap        ] GC(174) ParOldGen: 44209K(1398272K)->44345K(1398272K)
[64.580s][info][gc,metaspace   ] GC(174) Metaspace: 73928K(74560K)->73928K(74560K) NonClass: 58817K(59072K)->58817K(59072K) Class: 15110K(15488K)->15110K(15488K)
[64.580s][info][gc             ] GC(174) Pause Young (Allocation Failure) 417M->45M(1732M) 1.350ms
[64.580s][info][gc,cpu         ] GC(174) User=0.00s Sys=0.00s Real=0.00s
[64.671s][info][gc,start       ] GC(175) Pause Young (Allocation Failure)
[64.673s][info][gc,heap        ] GC(175) PSYoungGen: 375616K(375808K)->1888K(450560K) Eden: 373760K(373760K)->0K(448512K) From: 1856K(2048K)->1888K(2048K)
[64.673s][info][gc,heap        ] GC(175) ParOldGen: 44345K(1398272K)->44465K(1398272K)
[64.673s][info][gc,metaspace   ] GC(175) Metaspace: 73928K(74560K)->73928K(74560K) NonClass: 58817K(59072K)->58817K(59072K) Class: 15110K(15488K)->15110K(15488K)
[64.673s][info][gc             ] GC(175) Pause Young (Allocation Failure) 410M->45M(1805M) 1.213ms
[64.673s][info][gc,cpu         ] GC(175) User=0.00s Sys=0.00s Real=0.00s
[64.782s][info][gc,start       ] GC(176) Pause Young (Allocation Failure)
[64.783s][info][gc,heap        ] GC(176) PSYoungGen: 450400K(450560K)->1856K(440320K) Eden: 448512K(448512K)->0K(438272K) From: 1888K(2048K)->1856K(2048K)
[64.783s][info][gc,heap        ] GC(176) ParOldGen: 44465K(1398272K)->44577K(1398272K)
[64.783s][info][gc,metaspace   ] GC(176) Metaspace: 73928K(74560K)->73928K(74560K) NonClass: 58817K(59072K)->58817K(59072K) Class: 15110K(15488K)->15110K(15488K)
[64.783s][info][gc             ] GC(176) Pause Young (Allocation Failure) 483M->45M(1795M) 1.435ms
[64.783s][info][gc,cpu         ] GC(176) User=0.00s Sys=0.00s Real=0.00s
[64.890s][info][gc,start       ] GC(177) Pause Young (Allocation Failure)
[64.892s][info][gc,heap        ] GC(177) PSYoungGen: 440128K(440320K)->512K(526848K) Eden: 438272K(438272K)->0K(526336K) From: 1856K(2048K)->512K(512K)
[64.892s][info][gc,heap        ] GC(177) ParOldGen: 44577K(1398272K)->45585K(1398272K)
[64.892s][info][gc,metaspace   ] GC(177) Metaspace: 73928K(74560K)->73928K(74560K) NonClass: 58817K(59072K)->58817K(59072K) Class: 15110K(15488K)->15110K(15488K)
[64.892s][info][gc             ] GC(177) Pause Young (Allocation Failure) 473M->45M(1880M) 1.316ms
[64.892s][info][gc,cpu         ] GC(177) User=0.00s Sys=0.00s Real=0.00s
[65.022s][info][gc,start       ] GC(178) Pause Young (Allocation Failure)
[65.023s][info][gc,heap        ] GC(178) PSYoungGen: 526848K(526848K)->1888K(516096K) Eden: 526336K(526336K)->0K(513536K) From: 512K(512K)->1888K(2560K)
[65.023s][info][gc,heap        ] GC(178) ParOldGen: 45585K(1398272K)->45793K(1398272K)
[65.023s][info][gc,metaspace   ] GC(178) Metaspace: 73928K(74560K)->73928K(74560K) NonClass: 58817K(59072K)->58817K(59072K) Class: 15110K(15488K)->15110K(15488K)
[65.023s][info][gc             ] GC(178) Pause Young (Allocation Failure) 559M->46M(1869M) 1.190ms
[65.023s][info][gc,cpu         ] GC(178) User=0.00s Sys=0.00s Real=0.00s
[65.158s][info][gc,start       ] GC(179) Pause Young (Allocation Failure)
[65.160s][info][gc,heap        ] GC(179) PSYoungGen: 515424K(516096K)->1504K(502784K) Eden: 513536K(513536K)->0K(501248K) From: 1888K(2560K)->1504K(1536K)
[65.160s][info][gc,heap        ] GC(179) ParOldGen: 45793K(1398272K)->46225K(1398272K)
[65.160s][info][gc,metaspace   ] GC(179) Metaspace: 73928K(74560K)->73928K(74560K) NonClass: 58817K(59072K)->58817K(59072K) Class: 15110K(15488K)->15110K(15488K)
[65.160s][info][gc             ] GC(179) Pause Young (Allocation Failure) 548M->46M(1856M) 1.376ms
[65.160s][info][gc,cpu         ] GC(179) User=0.00s Sys=0.00s Real=0.00s
[65.294s][info][gc,start       ] GC(180) Pause Young (Allocation Failure)
[65.295s][info][gc,heap        ] GC(180) PSYoungGen: 502752K(502784K)->1440K(491008K) Eden: 501248K(501248K)->0K(489472K) From: 1504K(1536K)->1440K(1536K)
[65.295s][info][gc,heap        ] GC(180) ParOldGen: 46225K(1398272K)->46489K(1398272K)
[65.295s][info][gc,metaspace   ] GC(180) Metaspace: 73928K(74560K)->73928K(74560K) NonClass: 58817K(59072K)->58817K(59072K) Class: 15110K(15488K)->15110K(15488K)
[65.295s][info][gc             ] GC(180) Pause Young (Allocation Failure) 536M->46M(1845M) 1.189ms
[65.295s][info][gc,cpu         ] GC(180) User=0.00s Sys=0.00s Real=0.00s
[65.440s][info][gc,start       ] GC(181) Pause Young (Allocation Failure)
[65.441s][info][gc,heap        ] GC(181) PSYoungGen: 490912K(491008K)->1440K(479232K) Eden: 489472K(489472K)->0K(477696K) From: 1440K(1536K)->1440K(1536K)
[65.441s][info][gc,heap        ] GC(181) ParOldGen: 46489K(1398272K)->46721K(1398272K)
[65.441s][info][gc,metaspace   ] GC(181) Metaspace: 73936K(74560K)->73936K(74560K) NonClass: 58826K(59072K)->58826K(59072K) Class: 15110K(15488K)->15110K(15488K)
[65.441s][info][gc             ] GC(181) Pause Young (Allocation Failure) 524M->47M(1833M) 1.180ms
[65.441s][info][gc,cpu         ] GC(181) User=0.00s Sys=0.00s Real=0.00s
[65.617s][info][gc,start       ] GC(182) Pause Young (Allocation Failure)
[65.619s][info][gc,heap        ] GC(182) PSYoungGen: 479136K(479232K)->1184K(467968K) Eden: 477696K(477696K)->0K(466432K) From: 1440K(1536K)->1184K(1536K)
[65.619s][info][gc,heap        ] GC(182) ParOldGen: 46721K(1398272K)->47057K(1398272K)
[65.619s][info][gc,metaspace   ] GC(182) Metaspace: 73936K(74560K)->73936K(74560K) NonClass: 58826K(59072K)->58826K(59072K) Class: 15110K(15488K)->15110K(15488K)
[65.619s][info][gc             ] GC(182) Pause Young (Allocation Failure) 513M->47M(1822M) 1.292ms
[65.619s][info][gc,cpu         ] GC(182) User=0.00s Sys=0.00s Real=0.00s
[65.856s][info][gc,start       ] GC(183) Pause Young (Allocation Failure)
[65.857s][info][gc,heap        ] GC(183) PSYoungGen: 467616K(467968K)->1088K(457216K) Eden: 466432K(466432K)->0K(455680K) From: 1184K(1536K)->1088K(1536K)
[65.857s][info][gc,heap        ] GC(183) ParOldGen: 47057K(1398272K)->47441K(1398272K)
[65.857s][info][gc,metaspace   ] GC(183) Metaspace: 73936K(74560K)->73936K(74560K) NonClass: 58826K(59072K)->58826K(59072K) Class: 15110K(15488K)->15110K(15488K)
[65.857s][info][gc             ] GC(183) Pause Young (Allocation Failure) 502M->47M(1812M) 1.108ms
[65.857s][info][gc,cpu         ] GC(183) User=0.00s Sys=0.00s Real=0.00s
[66.108s][info][gc,start       ] GC(184) Pause Young (Allocation Failure)
[66.109s][info][gc,heap        ] GC(184) PSYoungGen: 456768K(457216K)->1056K(446976K) Eden: 455680K(455680K)->0K(445440K) From: 1088K(1536K)->1056K(1536K)
[66.109s][info][gc,heap        ] GC(184) ParOldGen: 47441K(1398272K)->47761K(1398272K)
[66.109s][info][gc,metaspace   ] GC(184) Metaspace: 73936K(74560K)->73936K(74560K) NonClass: 58826K(59072K)->58826K(59072K) Class: 15110K(15488K)->15110K(15488K)
[66.109s][info][gc             ] GC(184) Pause Young (Allocation Failure) 492M->47M(1802M) 0.945ms
[66.109s][info][gc,cpu         ] GC(184) User=0.00s Sys=0.00s Real=0.00s
[66.353s][info][gc,start       ] GC(185) Pause Young (Allocation Failure)
[66.354s][info][gc,heap        ] GC(185) PSYoungGen: 446496K(446976K)->1056K(437248K) Eden: 445440K(445440K)->0K(435712K) From: 1056K(1536K)->1056K(1536K)
[66.354s][info][gc,heap        ] GC(185) ParOldGen: 47761K(1398272K)->47817K(1398272K)
[66.354s][info][gc,metaspace   ] GC(185) Metaspace: 73936K(74560K)->73936K(74560K) NonClass: 58826K(59072K)->58826K(59072K) Class: 15110K(15488K)->15110K(15488K)
[66.354s][info][gc             ] GC(185) Pause Young (Allocation Failure) 482M->47M(1792M) 0.882ms
[66.354s][info][gc,cpu         ] GC(185) User=0.00s Sys=0.00s Real=0.00s
[66.592s][info][gc,start       ] GC(186) Pause Young (Allocation Failure)
[66.593s][info][gc,heap        ] GC(186) PSYoungGen: 436768K(437248K)->1056K(427520K) Eden: 435712K(435712K)->0K(425984K) From: 1056K(1536K)->1056K(1536K)
[66.593s][info][gc,heap        ] GC(186) ParOldGen: 47817K(1398272K)->47841K(1398272K)
[66.593s][info][gc,metaspace   ] GC(186) Metaspace: 73936K(74560K)->73936K(74560K) NonClass: 58826K(59072K)->58826K(59072K) Class: 15110K(15488K)->15110K(15488K)
[66.593s][info][gc             ] GC(186) Pause Young (Allocation Failure) 473M->47M(1783M) 0.972ms
[66.593s][info][gc,cpu         ] GC(186) User=0.00s Sys=0.00s Real=0.00s
[66.826s][info][gc,start       ] GC(187) Pause Young (Allocation Failure)
[66.827s][info][gc,heap        ] GC(187) PSYoungGen: 427040K(427520K)->1056K(418304K) Eden: 425984K(425984K)->0K(416768K) From: 1056K(1536K)->1056K(1536K)
[66.827s][info][gc,heap        ] GC(187) ParOldGen: 47841K(1398272K)->47921K(1398272K)
[66.827s][info][gc,metaspace   ] GC(187) Metaspace: 73936K(74560K)->73936K(74560K) NonClass: 58826K(59072K)->58826K(59072K) Class: 15110K(15488K)->15110K(15488K)
[66.827s][info][gc             ] GC(187) Pause Young (Allocation Failure) 463M->47M(1774M) 0.969ms
[66.827s][info][gc,cpu         ] GC(187) User=0.00s Sys=0.00s Real=0.00s
[67.040s][info][gc,start       ] GC(188) Pause Young (System.gc())
[67.041s][info][gc,heap        ] GC(188) PSYoungGen: 317977K(418304K)->1344K(418304K) Eden: 316921K(416768K)->0K(416768K) From: 1056K(1536K)->1344K(1536K)
[67.041s][info][gc,heap        ] GC(188) ParOldGen: 47921K(1398272K)->48105K(1398272K)
[67.041s][info][gc,metaspace   ] GC(188) Metaspace: 73960K(74624K)->73960K(74624K) NonClass: 58850K(59136K)->58850K(59136K) Class: 15110K(15488K)->15110K(15488K)
[67.041s][info][gc             ] GC(188) Pause Young (System.gc()) 357M->48M(1774M) 1.715ms
[67.041s][info][gc,cpu         ] GC(188) User=0.00s Sys=0.00s Real=0.00s
[67.042s][info][gc,start       ] GC(189) Pause Full (System.gc())
[67.042s][info][gc,phases,start] GC(189) Marking Phase
[67.078s][info][gc,phases      ] GC(189) Marking Phase 36.812ms
[67.078s][info][gc,phases,start] GC(189) Summary Phase
[67.078s][info][gc,phases      ] GC(189) Summary Phase 0.013ms
[67.078s][info][gc,phases,start] GC(189) Adjust Roots
[67.090s][info][gc,phases      ] GC(189) Adjust Roots 11.943ms
[67.090s][info][gc,phases,start] GC(189) Compaction Phase
[67.098s][info][gc,phases      ] GC(189) Compaction Phase 7.552ms
[67.098s][info][gc,phases,start] GC(189) Post Compact
[67.099s][info][gc,phases      ] GC(189) Post Compact 0.745ms
[67.099s][info][gc,heap        ] GC(189) PSYoungGen: 1344K(418304K)->0K(418304K) Eden: 0K(416768K)->0K(416768K) From: 1344K(1536K)->0K(1536K)
[67.099s][info][gc,heap        ] GC(189) ParOldGen: 48105K(1398272K)->35596K(1398272K)
[67.099s][info][gc,metaspace   ] GC(189) Metaspace: 73960K(74624K)->73960K(74624K) NonClass: 58850K(59136K)->58850K(59136K) Class: 15110K(15488K)->15110K(15488K)
[67.099s][info][gc             ] GC(189) Pause Full (System.gc()) 48M->34M(1774M) 57.425ms
[67.099s][info][gc,cpu         ] GC(189) User=0.55s Sys=0.00s Real=0.05s
[67.228s][info][gc,start       ] GC(190) Pause Young (Allocation Failure)
[67.230s][info][gc,heap        ] GC(190) PSYoungGen: 416768K(418304K)->2560K(410112K) Eden: 416768K(416768K)->0K(407552K) From: 0K(1536K)->2560K(2560K)
[67.230s][info][gc,heap        ] GC(190) ParOldGen: 35596K(1398272K)->36644K(1398272K)
[67.230s][info][gc,metaspace   ] GC(190) Metaspace: 74115K(74752K)->74115K(74752K) NonClass: 59004K(59264K)->59004K(59264K) Class: 15110K(15488K)->15110K(15488K)
[67.230s][info][gc             ] GC(190) Pause Young (Allocation Failure) 441M->38M(1766M) 1.715ms
[67.230s][info][gc,cpu         ] GC(190) User=0.00s Sys=0.00s Real=0.00s
[67.328s][info][gc,start       ] GC(191) Pause Young (Allocation Failure)
[67.330s][info][gc,heap        ] GC(191) PSYoungGen: 410112K(410112K)->2016K(400896K) Eden: 407552K(407552K)->0K(398848K) From: 2560K(2560K)->2016K(2048K)
[67.330s][info][gc,heap        ] GC(191) ParOldGen: 36644K(1398272K)->38388K(1398272K)
[67.330s][info][gc,metaspace   ] GC(191) Metaspace: 74115K(74752K)->74115K(74752K) NonClass: 59004K(59264K)->59004K(59264K) Class: 15110K(15488K)->15110K(15488K)
[67.330s][info][gc             ] GC(191) Pause Young (Allocation Failure) 436M->39M(1757M) 1.952ms
[67.330s][info][gc,cpu         ] GC(191) User=0.00s Sys=0.00s Real=0.00s
[67.427s][info][gc,start       ] GC(192) Pause Young (Allocation Failure)
[67.428s][info][gc,heap        ] GC(192) PSYoungGen: 400864K(400896K)->1920K(392704K) Eden: 398848K(398848K)->0K(390656K) From: 2016K(2048K)->1920K(2048K)
[67.428s][info][gc,heap        ] GC(192) ParOldGen: 38388K(1398272K)->38620K(1398272K)
[67.428s][info][gc,metaspace   ] GC(192) Metaspace: 74115K(74752K)->74115K(74752K) NonClass: 59004K(59264K)->59004K(59264K) Class: 15110K(15488K)->15110K(15488K)
[67.428s][info][gc             ] GC(192) Pause Young (Allocation Failure) 428M->39M(1749M) 1.097ms
[67.428s][info][gc,cpu         ] GC(192) User=0.00s Sys=0.00s Real=0.00s
[67.523s][info][gc,start       ] GC(193) Pause Young (Allocation Failure)
[67.524s][info][gc,heap        ] GC(193) PSYoungGen: 392576K(392704K)->1856K(384512K) Eden: 390656K(390656K)->0K(382464K) From: 1920K(2048K)->1856K(2048K)
[67.524s][info][gc,heap        ] GC(193) ParOldGen: 38620K(1398272K)->38692K(1398272K)
[67.524s][info][gc,metaspace   ] GC(193) Metaspace: 74115K(74752K)->74115K(74752K) NonClass: 59004K(59264K)->59004K(59264K) Class: 15110K(15488K)->15110K(15488K)
[67.524s][info][gc             ] GC(193) Pause Young (Allocation Failure) 421M->39M(1741M) 1.326ms
[67.524s][info][gc,cpu         ] GC(193) User=0.00s Sys=0.00s Real=0.00s
[67.617s][info][gc,start       ] GC(194) Pause Young (Allocation Failure)
[67.619s][info][gc,heap        ] GC(194) PSYoungGen: 384320K(384512K)->1888K(376832K) Eden: 382464K(382464K)->0K(374784K) From: 1856K(2048K)->1888K(2048K)
[67.619s][info][gc,heap        ] GC(194) ParOldGen: 38692K(1398272K)->38788K(1398272K)
[67.619s][info][gc,metaspace   ] GC(194) Metaspace: 74135K(74752K)->74135K(74752K) NonClass: 59024K(59264K)->59024K(59264K) Class: 15110K(15488K)->15110K(15488K)
[67.619s][info][gc             ] GC(194) Pause Young (Allocation Failure) 413M->39M(1733M) 1.244ms
[67.619s][info][gc,cpu         ] GC(194) User=0.00s Sys=0.00s Real=0.00s
[67.709s][info][gc,start       ] GC(195) Pause Young (Allocation Failure)
[67.711s][info][gc,heap        ] GC(195) PSYoungGen: 376672K(376832K)->1856K(369152K) Eden: 374784K(374784K)->0K(367104K) From: 1888K(2048K)->1856K(2048K)
[67.711s][info][gc,heap        ] GC(195) ParOldGen: 38788K(1398272K)->38892K(1398272K)
[67.711s][info][gc,metaspace   ] GC(195) Metaspace: 74135K(74752K)->74135K(74752K) NonClass: 59024K(59264K)->59024K(59264K) Class: 15110K(15488K)->15110K(15488K)
[67.711s][info][gc             ] GC(195) Pause Young (Allocation Failure) 405M->39M(1726M) 1.338ms
[67.711s][info][gc,cpu         ] GC(195) User=0.00s Sys=0.00s Real=0.00s
[67.800s][info][gc,start       ] GC(196) Pause Young (Allocation Failure)
[67.801s][info][gc,heap        ] GC(196) PSYoungGen: 368960K(369152K)->1856K(361984K) Eden: 367104K(367104K)->0K(359936K) From: 1856K(2048K)->1856K(2048K)
[67.801s][info][gc,heap        ] GC(196) ParOldGen: 38892K(1398272K)->39028K(1398272K)
[67.801s][info][gc,metaspace   ] GC(196) Metaspace: 74135K(74752K)->74135K(74752K) NonClass: 59024K(59264K)->59024K(59264K) Class: 15110K(15488K)->15110K(15488K)
[67.801s][info][gc             ] GC(196) Pause Young (Allocation Failure) 398M->39M(1719M) 1.277ms
[67.801s][info][gc,cpu         ] GC(196) User=0.00s Sys=0.00s Real=0.00s
[67.888s][info][gc,start       ] GC(197) Pause Young (Allocation Failure)
[67.890s][info][gc,heap        ] GC(197) PSYoungGen: 361792K(361984K)->1792K(354816K) Eden: 359936K(359936K)->0K(352768K) From: 1856K(2048K)->1792K(2048K)
[67.890s][info][gc,heap        ] GC(197) ParOldGen: 39028K(1398272K)->39292K(1398272K)
[67.890s][info][gc,metaspace   ] GC(197) Metaspace: 74135K(74752K)->74135K(74752K) NonClass: 59024K(59264K)->59024K(59264K) Class: 15110K(15488K)->15110K(15488K)
[67.890s][info][gc             ] GC(197) Pause Young (Allocation Failure) 391M->40M(1712M) 1.401ms
[67.890s][info][gc,cpu         ] GC(197) User=0.00s Sys=0.00s Real=0.00s
[67.976s][info][gc,start       ] GC(198) Pause Young (Allocation Failure)
[67.983s][info][gc,heap        ] GC(198) PSYoungGen: 354560K(354816K)->1856K(348160K) Eden: 352768K(352768K)->0K(346112K) From: 1792K(2048K)->1856K(2048K)
[67.983s][info][gc,heap        ] GC(198) ParOldGen: 39292K(1398272K)->39412K(1398272K)
[67.983s][info][gc,metaspace   ] GC(198) Metaspace: 74135K(74752K)->74135K(74752K) NonClass: 59024K(59264K)->59024K(59264K) Class: 15110K(15488K)->15110K(15488K)
[67.983s][info][gc             ] GC(198) Pause Young (Allocation Failure) 384M->40M(1705M) 7.462ms
[67.983s][info][gc,cpu         ] GC(198) User=0.00s Sys=0.00s Real=0.01s
[68.068s][info][gc,start       ] GC(199) Pause Young (Allocation Failure)
[68.070s][info][gc,heap        ] GC(199) PSYoungGen: 347968K(348160K)->1888K(341504K) Eden: 346112K(346112K)->0K(339456K) From: 1856K(2048K)->1888K(2048K)
[68.070s][info][gc,heap        ] GC(199) ParOldGen: 39412K(1398272K)->39484K(1398272K)
[68.070s][info][gc,metaspace   ] GC(199) Metaspace: 74135K(74752K)->74135K(74752K) NonClass: 59024K(59264K)->59024K(59264K) Class: 15110K(15488K)->15110K(15488K)
[68.070s][info][gc             ] GC(199) Pause Young (Allocation Failure) 378M->40M(1699M) 1.315ms
[68.070s][info][gc,cpu         ] GC(199) User=0.00s Sys=0.00s Real=0.00s
[68.152s][info][gc,start       ] GC(200) Pause Young (Allocation Failure)
[68.153s][info][gc,heap        ] GC(200) PSYoungGen: 341344K(341504K)->1536K(409088K) Eden: 339456K(339456K)->0K(407552K) From: 1888K(2048K)->1536K(1536K)
[68.153s][info][gc,heap        ] GC(200) ParOldGen: 39484K(1398272K)->39652K(1398272K)
[68.153s][info][gc,metaspace   ] GC(200) Metaspace: 74135K(74752K)->74135K(74752K) NonClass: 59024K(59264K)->59024K(59264K) Class: 15110K(15488K)->15110K(15488K)
[68.153s][info][gc             ] GC(200) Pause Young (Allocation Failure) 371M->40M(1765M) 1.210ms
[68.153s][info][gc,cpu         ] GC(200) User=0.00s Sys=0.00s Real=0.00s
[68.252s][info][gc,start       ] GC(201) Pause Young (Allocation Failure)
[68.253s][info][gc,heap        ] GC(201) PSYoungGen: 409088K(409088K)->1920K(400896K) Eden: 407552K(407552K)->0K(398848K) From: 1536K(1536K)->1920K(2048K)
[68.253s][info][gc,heap        ] GC(201) ParOldGen: 39652K(1398272K)->39764K(1398272K)
[68.253s][info][gc,metaspace   ] GC(201) Metaspace: 74135K(74752K)->74135K(74752K) NonClass: 59024K(59264K)->59024K(59264K) Class: 15110K(15488K)->15110K(15488K)
[68.253s][info][gc             ] GC(201) Pause Young (Allocation Failure) 438M->40M(1757M) 1.224ms
[68.254s][info][gc,cpu         ] GC(201) User=0.00s Sys=0.00s Real=0.00s
[68.350s][info][gc,start       ] GC(202) Pause Young (Allocation Failure)
[68.351s][info][gc,heap        ] GC(202) PSYoungGen: 400768K(400896K)->1920K(392704K) Eden: 398848K(398848K)->0K(390656K) From: 1920K(2048K)->1920K(2048K)
[68.351s][info][gc,heap        ] GC(202) ParOldGen: 39764K(1398272K)->39932K(1398272K)
[68.351s][info][gc,metaspace   ] GC(202) Metaspace: 74135K(74752K)->74135K(74752K) NonClass: 59024K(59264K)->59024K(59264K) Class: 15110K(15488K)->15110K(15488K)
[68.351s][info][gc             ] GC(202) Pause Young (Allocation Failure) 430M->40M(1749M) 1.092ms
[68.351s][info][gc,cpu         ] GC(202) User=0.00s Sys=0.00s Real=0.00s
[68.446s][info][gc,start       ] GC(203) Pause Young (Allocation Failure)
[68.447s][info][gc,heap        ] GC(203) PSYoungGen: 392576K(392704K)->1888K(384512K) Eden: 390656K(390656K)->0K(382464K) From: 1920K(2048K)->1888K(2048K)
[68.447s][info][gc,heap        ] GC(203) ParOldGen: 39932K(1398272K)->40028K(1398272K)
[68.447s][info][gc,metaspace   ] GC(203) Metaspace: 74135K(74752K)->74135K(74752K) NonClass: 59024K(59264K)->59024K(59264K) Class: 15110K(15488K)->15110K(15488K)
[68.447s][info][gc             ] GC(203) Pause Young (Allocation Failure) 422M->40M(1741M) 1.317ms
[68.447s][info][gc,cpu         ] GC(203) User=0.00s Sys=0.00s Real=0.00s
[68.541s][info][gc,start       ] GC(204) Pause Young (Allocation Failure)
[68.542s][info][gc,heap        ] GC(204) PSYoungGen: 384352K(384512K)->1536K(376320K) Eden: 382464K(382464K)->0K(374784K) From: 1888K(2048K)->1536K(1536K)
[68.542s][info][gc,heap        ] GC(204) ParOldGen: 40028K(1398272K)->40236K(1398272K)
[68.542s][info][gc,metaspace   ] GC(204) Metaspace: 74135K(74752K)->74135K(74752K) NonClass: 59024K(59264K)->59024K(59264K) Class: 15110K(15488K)->15110K(15488K)
[68.542s][info][gc             ] GC(204) Pause Young (Allocation Failure) 414M->40M(1733M) 1.069ms
[68.542s][info][gc,cpu         ] GC(204) User=0.00s Sys=0.00s Real=0.00s
[68.633s][info][gc,start       ] GC(205) Pause Young (Allocation Failure)
[68.634s][info][gc,heap        ] GC(205) PSYoungGen: 376320K(376320K)->1888K(369152K) Eden: 374784K(374784K)->0K(367104K) From: 1536K(1536K)->1888K(2048K)
[68.634s][info][gc,heap        ] GC(205) ParOldGen: 40236K(1398272K)->40484K(1398272K)
[68.634s][info][gc,metaspace   ] GC(205) Metaspace: 74135K(74752K)->74135K(74752K) NonClass: 59024K(59264K)->59024K(59264K) Class: 15110K(15488K)->15110K(15488K)
[68.634s][info][gc             ] GC(205) Pause Young (Allocation Failure) 406M->41M(1726M) 1.248ms
[68.634s][info][gc,cpu         ] GC(205) User=0.00s Sys=0.00s Real=0.00s
[68.723s][info][gc,start       ] GC(206) Pause Young (Allocation Failure)
[68.724s][info][gc,heap        ] GC(206) PSYoungGen: 368992K(369152K)->1888K(361984K) Eden: 367104K(367104K)->0K(359936K) From: 1888K(2048K)->1888K(2048K)
[68.724s][info][gc,heap        ] GC(206) ParOldGen: 40484K(1398272K)->40652K(1398272K)
[68.724s][info][gc,metaspace   ] GC(206) Metaspace: 74135K(74752K)->74135K(74752K) NonClass: 59024K(59264K)->59024K(59264K) Class: 15110K(15488K)->15110K(15488K)
[68.724s][info][gc             ] GC(206) Pause Young (Allocation Failure) 399M->41M(1719M) 1.126ms
[68.724s][info][gc,cpu         ] GC(206) User=0.00s Sys=0.00s Real=0.00s
[68.812s][info][gc,start       ] GC(207) Pause Young (Allocation Failure)
[68.813s][info][gc,heap        ] GC(207) PSYoungGen: 361824K(361984K)->1920K(354816K) Eden: 359936K(359936K)->0K(352768K) From: 1888K(2048K)->1920K(2048K)
[68.813s][info][gc,heap        ] GC(207) ParOldGen: 40652K(1398272K)->40748K(1398272K)
[68.813s][info][gc,metaspace   ] GC(207) Metaspace: 74135K(74752K)->74135K(74752K) NonClass: 59024K(59264K)->59024K(59264K) Class: 15110K(15488K)->15110K(15488K)
[68.813s][info][gc             ] GC(207) Pause Young (Allocation Failure) 393M->41M(1712M) 1.370ms
[68.813s][info][gc,cpu         ] GC(207) User=0.00s Sys=0.00s Real=0.00s
[68.899s][info][gc,start       ] GC(208) Pause Young (Allocation Failure)
[68.900s][info][gc,heap        ] GC(208) PSYoungGen: 354688K(354816K)->1536K(347648K) Eden: 352768K(352768K)->0K(346112K) From: 1920K(2048K)->1536K(1536K)
[68.900s][info][gc,heap        ] GC(208) ParOldGen: 40748K(1398272K)->41076K(1398272K)
[68.900s][info][gc,metaspace   ] GC(208) Metaspace: 74135K(74752K)->74135K(74752K) NonClass: 59024K(59264K)->59024K(59264K) Class: 15110K(15488K)->15110K(15488K)
[68.900s][info][gc             ] GC(208) Pause Young (Allocation Failure) 386M->41M(1705M) 1.130ms
[68.900s][info][gc,cpu         ] GC(208) User=0.00s Sys=0.00s Real=0.00s
[68.984s][info][gc,start       ] GC(209) Pause Young (Allocation Failure)
[68.985s][info][gc,heap        ] GC(209) PSYoungGen: 347648K(347648K)->1888K(417792K) Eden: 346112K(346112K)->0K(415744K) From: 1536K(1536K)->1888K(2048K)
[68.985s][info][gc,heap        ] GC(209) ParOldGen: 41076K(1398272K)->41180K(1398272K)
[68.985s][info][gc,metaspace   ] GC(209) Metaspace: 74135K(74752K)->74135K(74752K) NonClass: 59024K(59264K)->59024K(59264K) Class: 15110K(15488K)->15110K(15488K)
[68.985s][info][gc             ] GC(209) Pause Young (Allocation Failure) 379M->42M(1773M) 1.264ms
[68.985s][info][gc,cpu         ] GC(209) User=0.00s Sys=0.00s Real=0.00s
[69.086s][info][gc,start       ] GC(210) Pause Young (Allocation Failure)
[69.087s][info][gc,heap        ] GC(210) PSYoungGen: 417632K(417792K)->1888K(409088K) Eden: 415744K(415744K)->0K(407040K) From: 1888K(2048K)->1888K(2048K)
[69.087s][info][gc,heap        ] GC(210) ParOldGen: 41180K(1398272K)->41292K(1398272K)
[69.087s][info][gc,metaspace   ] GC(210) Metaspace: 74135K(74752K)->74135K(74752K) NonClass: 59024K(59264K)->59024K(59264K) Class: 15110K(15488K)->15110K(15488K)
[69.087s][info][gc             ] GC(210) Pause Young (Allocation Failure) 448M->42M(1765M) 1.098ms
[69.087s][info][gc,cpu         ] GC(210) User=0.00s Sys=0.00s Real=0.00s
[69.186s][info][gc,start       ] GC(211) Pause Young (Allocation Failure)
[69.187s][info][gc,heap        ] GC(211) PSYoungGen: 408928K(409088K)->1952K(400384K) Eden: 407040K(407040K)->0K(398336K) From: 1888K(2048K)->1952K(2048K)
[69.187s][info][gc,heap        ] GC(211) ParOldGen: 41292K(1398272K)->41444K(1398272K)
[69.187s][info][gc,metaspace   ] GC(211) Metaspace: 74135K(74752K)->74135K(74752K) NonClass: 59024K(59264K)->59024K(59264K) Class: 15110K(15488K)->15110K(15488K)
[69.188s][info][gc             ] GC(211) Pause Young (Allocation Failure) 439M->42M(1756M) 1.433ms
[69.188s][info][gc,cpu         ] GC(211) User=0.00s Sys=0.00s Real=0.00s
[69.284s][info][gc,start       ] GC(212) Pause Young (Allocation Failure)
[69.285s][info][gc,heap        ] GC(212) PSYoungGen: 400288K(400384K)->1536K(391680K) Eden: 398336K(398336K)->0K(390144K) From: 1952K(2048K)->1536K(1536K)
[69.285s][info][gc,heap        ] GC(212) ParOldGen: 41444K(1398272K)->41660K(1398272K)
[69.285s][info][gc,metaspace   ] GC(212) Metaspace: 74135K(74752K)->74135K(74752K) NonClass: 59024K(59264K)->59024K(59264K) Class: 15110K(15488K)->15110K(15488K)
[69.285s][info][gc             ] GC(212) Pause Young (Allocation Failure) 431M->42M(1748M) 1.112ms
[69.286s][info][gc,cpu         ] GC(212) User=0.00s Sys=0.00s Real=0.00s
[69.380s][info][gc,start       ] GC(213) Pause Young (Allocation Failure)
[69.381s][info][gc,heap        ] GC(213) PSYoungGen: 391680K(391680K)->1952K(384000K) Eden: 390144K(390144K)->0K(381952K) From: 1536K(1536K)->1952K(2048K)
[69.381s][info][gc,heap        ] GC(213) ParOldGen: 41660K(1398272K)->41860K(1398272K)
[69.382s][info][gc,metaspace   ] GC(213) Metaspace: 74135K(74752K)->74135K(74752K) NonClass: 59024K(59264K)->59024K(59264K) Class: 15110K(15488K)->15110K(15488K)
[69.382s][info][gc             ] GC(213) Pause Young (Allocation Failure) 423M->42M(1740M) 1.347ms
[69.382s][info][gc,cpu         ] GC(213) User=0.52s Sys=0.00s Real=0.00s
[69.474s][info][gc,start       ] GC(214) Pause Young (Allocation Failure)
[69.476s][info][gc,heap        ] GC(214) PSYoungGen: 383904K(384000K)->1888K(376320K) Eden: 381952K(381952K)->0K(374272K) From: 1952K(2048K)->1888K(2048K)
[69.476s][info][gc,heap        ] GC(214) ParOldGen: 41860K(1398272K)->41980K(1398272K)
[69.476s][info][gc,metaspace   ] GC(214) Metaspace: 74135K(74752K)->74135K(74752K) NonClass: 59024K(59264K)->59024K(59264K) Class: 15110K(15488K)->15110K(15488K)
[69.476s][info][gc             ] GC(214) Pause Young (Allocation Failure) 415M->42M(1733M) 1.124ms
[69.476s][info][gc,cpu         ] GC(214) User=0.52s Sys=0.00s Real=0.00s
[69.567s][info][gc,start       ] GC(215) Pause Young (Allocation Failure)
[69.568s][info][gc,heap        ] GC(215) PSYoungGen: 376160K(376320K)->1856K(368640K) Eden: 374272K(374272K)->0K(366592K) From: 1888K(2048K)->1856K(2048K)
[69.568s][info][gc,heap        ] GC(215) ParOldGen: 41980K(1398272K)->42076K(1398272K)
[69.568s][info][gc,metaspace   ] GC(215) Metaspace: 74135K(74752K)->74135K(74752K) NonClass: 59024K(59264K)->59024K(59264K) Class: 15110K(15488K)->15110K(15488K)
[69.568s][info][gc             ] GC(215) Pause Young (Allocation Failure) 408M->42M(1725M) 1.310ms
[69.568s][info][gc,cpu         ] GC(215) User=0.00s Sys=0.00s Real=0.00s
[69.656s][info][gc,start       ] GC(216) Pause Young (Allocation Failure)
[69.658s][info][gc,heap        ] GC(216) PSYoungGen: 368448K(368640K)->1536K(360960K) Eden: 366592K(366592K)->0K(359424K) From: 1856K(2048K)->1536K(1536K)
[69.658s][info][gc,heap        ] GC(216) ParOldGen: 42076K(1398272K)->42308K(1398272K)
[69.658s][info][gc,metaspace   ] GC(216) Metaspace: 74135K(74752K)->74135K(74752K) NonClass: 59024K(59264K)->59024K(59264K) Class: 15110K(15488K)->15110K(15488K)
[69.658s][info][gc             ] GC(216) Pause Young (Allocation Failure) 400M->42M(1718M) 1.155ms
[69.658s][info][gc,cpu         ] GC(216) User=0.00s Sys=0.00s Real=0.00s
[69.745s][info][gc,start       ] GC(217) Pause Young (Allocation Failure)
[69.746s][info][gc,heap        ] GC(217) PSYoungGen: 360960K(360960K)->1888K(354304K) Eden: 359424K(359424K)->0K(352256K) From: 1536K(1536K)->1888K(2048K)
[69.746s][info][gc,heap        ] GC(217) ParOldGen: 42308K(1398272K)->42484K(1398272K)
[69.746s][info][gc,metaspace   ] GC(217) Metaspace: 74136K(74752K)->74136K(74752K) NonClass: 59025K(59264K)->59025K(59264K) Class: 15110K(15488K)->15110K(15488K)
[69.746s][info][gc             ] GC(217) Pause Young (Allocation Failure) 393M->43M(1711M) 1.264ms
[69.746s][info][gc,cpu         ] GC(217) User=0.00s Sys=0.00s Real=0.00s
[69.832s][info][gc,start       ] GC(218) Pause Young (Allocation Failure)
[69.833s][info][gc,heap        ] GC(218) PSYoungGen: 354144K(354304K)->1856K(424960K) Eden: 352256K(352256K)->0K(422912K) From: 1888K(2048K)->1856K(2048K)
[69.833s][info][gc,heap        ] GC(218) ParOldGen: 42484K(1398272K)->42652K(1398272K)
[69.833s][info][gc,metaspace   ] GC(218) Metaspace: 74136K(74752K)->74136K(74752K) NonClass: 59025K(59264K)->59025K(59264K) Class: 15110K(15488K)->15110K(15488K)
[69.833s][info][gc             ] GC(218) Pause Young (Allocation Failure) 387M->43M(1780M) 1.107ms
[69.833s][info][gc,cpu         ] GC(218) User=0.00s Sys=0.00s Real=0.00s
[69.936s][info][gc,start       ] GC(219) Pause Young (Allocation Failure)
[69.937s][info][gc,heap        ] GC(219) PSYoungGen: 424768K(424960K)->1920K(415744K) Eden: 422912K(422912K)->0K(413696K) From: 1856K(2048K)->1920K(2048K)
[69.937s][info][gc,heap        ] GC(219) ParOldGen: 42652K(1398272K)->42916K(1398272K)
[69.937s][info][gc,metaspace   ] GC(219) Metaspace: 74136K(74752K)->74136K(74752K) NonClass: 59025K(59264K)->59025K(59264K) Class: 15110K(15488K)->15110K(15488K)
[69.937s][info][gc             ] GC(219) Pause Young (Allocation Failure) 456M->43M(1771M) 1.414ms
[69.937s][info][gc,cpu         ] GC(219) User=0.00s Sys=0.00s Real=0.00s
[70.038s][info][gc,start       ] GC(220) Pause Young (Allocation Failure)
[70.039s][info][gc,heap        ] GC(220) PSYoungGen: 415616K(415744K)->1536K(406528K) Eden: 413696K(413696K)->0K(404992K) From: 1920K(2048K)->1536K(1536K)
[70.039s][info][gc,heap        ] GC(220) ParOldGen: 42916K(1398272K)->43156K(1398272K)
[70.039s][info][gc,metaspace   ] GC(220) Metaspace: 74136K(74752K)->74136K(74752K) NonClass: 59025K(59264K)->59025K(59264K) Class: 15110K(15488K)->15110K(15488K)
[70.039s][info][gc             ] GC(220) Pause Young (Allocation Failure) 447M->43M(1762M) 1.126ms
[70.039s][info][gc,cpu         ] GC(220) User=0.00s Sys=0.00s Real=0.00s
[70.137s][info][gc,start       ] GC(221) Pause Young (Allocation Failure)
[70.138s][info][gc,heap        ] GC(221) PSYoungGen: 406528K(406528K)->1856K(398336K) Eden: 404992K(404992K)->0K(396288K) From: 1536K(1536K)->1856K(2048K)
[70.138s][info][gc,heap        ] GC(221) ParOldGen: 43156K(1398272K)->43300K(1398272K)
[70.138s][info][gc,metaspace   ] GC(221) Metaspace: 74136K(74752K)->74136K(74752K) NonClass: 59025K(59264K)->59025K(59264K) Class: 15110K(15488K)->15110K(15488K)
[70.138s][info][gc             ] GC(221) Pause Young (Allocation Failure) 439M->44M(1754M) 1.276ms
[70.138s][info][gc,cpu         ] GC(221) User=0.00s Sys=0.00s Real=0.00s
[70.235s][info][gc,start       ] GC(222) Pause Young (Allocation Failure)
[70.236s][info][gc,heap        ] GC(222) PSYoungGen: 398144K(398336K)->1952K(390144K) Eden: 396288K(396288K)->0K(388096K) From: 1856K(2048K)->1952K(2048K)
[70.236s][info][gc,heap        ] GC(222) ParOldGen: 43300K(1398272K)->43364K(1398272K)
[70.236s][info][gc,metaspace   ] GC(222) Metaspace: 74136K(74752K)->74136K(74752K) NonClass: 59025K(59264K)->59025K(59264K) Class: 15110K(15488K)->15110K(15488K)
[70.236s][info][gc             ] GC(222) Pause Young (Allocation Failure) 431M->44M(1746M) 1.082ms
[70.236s][info][gc,cpu         ] GC(222) User=0.00s Sys=0.00s Real=0.00s
[70.330s][info][gc,start       ] GC(223) Pause Young (Allocation Failure)
[70.331s][info][gc,heap        ] GC(223) PSYoungGen: 390048K(390144K)->1888K(381952K) Eden: 388096K(388096K)->0K(379904K) From: 1952K(2048K)->1888K(2048K)
[70.331s][info][gc,heap        ] GC(223) ParOldGen: 43364K(1398272K)->43484K(1398272K)
[70.331s][info][gc,metaspace   ] GC(223) Metaspace: 74136K(74752K)->74136K(74752K) NonClass: 59025K(59264K)->59025K(59264K) Class: 15110K(15488K)->15110K(15488K)
[70.331s][info][gc             ] GC(223) Pause Young (Allocation Failure) 423M->44M(1738M) 1.300ms
[70.331s][info][gc,cpu         ] GC(223) User=0.00s Sys=0.00s Real=0.00s
[70.424s][info][gc,start       ] GC(224) Pause Young (Allocation Failure)
[70.425s][info][gc,heap        ] GC(224) PSYoungGen: 381792K(381952K)->1536K(373760K) Eden: 379904K(379904K)->0K(372224K) From: 1888K(2048K)->1536K(1536K)
[70.425s][info][gc,heap        ] GC(224) ParOldGen: 43484K(1398272K)->43660K(1398272K)
[70.425s][info][gc,metaspace   ] GC(224) Metaspace: 74136K(74752K)->74136K(74752K) NonClass: 59025K(59264K)->59025K(59264K) Class: 15110K(15488K)->15110K(15488K)
[70.425s][info][gc             ] GC(224) Pause Young (Allocation Failure) 415M->44M(1730M) 1.115ms
[70.425s][info][gc,cpu         ] GC(224) User=0.00s Sys=0.00s Real=0.00s
[70.515s][info][gc,start       ] GC(225) Pause Young (Allocation Failure)
[70.516s][info][gc,heap        ] GC(225) PSYoungGen: 373760K(373760K)->1920K(366592K) Eden: 372224K(372224K)->0K(364544K) From: 1536K(1536K)->1920K(2048K)
[70.516s][info][gc,heap        ] GC(225) ParOldGen: 43660K(1398272K)->43804K(1398272K)
[70.516s][info][gc,metaspace   ] GC(225) Metaspace: 74136K(74752K)->74136K(74752K) NonClass: 59025K(59264K)->59025K(59264K) Class: 15110K(15488K)->15110K(15488K)
[70.516s][info][gc             ] GC(225) Pause Young (Allocation Failure) 407M->44M(1723M) 1.265ms
[70.516s][info][gc,cpu         ] GC(225) User=0.00s Sys=0.00s Real=0.00s
[70.605s][info][gc,start       ] GC(226) Pause Young (Allocation Failure)
[70.606s][info][gc,heap        ] GC(226) PSYoungGen: 366464K(366592K)->1920K(359424K) Eden: 364544K(364544K)->0K(357376K) From: 1920K(2048K)->1920K(2048K)
[70.606s][info][gc,heap        ] GC(226) ParOldGen: 43804K(1398272K)->43956K(1398272K)
[70.606s][info][gc,metaspace   ] GC(226) Metaspace: 74136K(74752K)->74136K(74752K) NonClass: 59025K(59264K)->59025K(59264K) Class: 15110K(15488K)->15110K(15488K)
[70.606s][info][gc             ] GC(226) Pause Young (Allocation Failure) 400M->44M(1716M) 1.058ms
[70.606s][info][gc,cpu         ] GC(226) User=0.00s Sys=0.00s Real=0.00s
[70.692s][info][gc,start       ] GC(227) Pause Young (Allocation Failure)
[70.694s][info][gc,heap        ] GC(227) PSYoungGen: 359296K(359424K)->1888K(352256K) Eden: 357376K(357376K)->0K(350208K) From: 1920K(2048K)->1888K(2048K)
[70.694s][info][gc,heap        ] GC(227) ParOldGen: 43956K(1398272K)->44068K(1398272K)
[70.694s][info][gc,metaspace   ] GC(227) Metaspace: 74136K(74752K)->74136K(74752K) NonClass: 59025K(59264K)->59025K(59264K) Class: 15110K(15488K)->15110K(15488K)
[70.694s][info][gc             ] GC(227) Pause Young (Allocation Failure) 393M->44M(1709M) 1.388ms
[70.694s][info][gc,cpu         ] GC(227) User=0.00s Sys=0.00s Real=0.00s
[70.779s][info][gc,start       ] GC(228) Pause Young (Allocation Failure)
[70.780s][info][gc,heap        ] GC(228) PSYoungGen: 352096K(352256K)->1536K(345088K) Eden: 350208K(350208K)->0K(343552K) From: 1888K(2048K)->1536K(1536K)
[70.780s][info][gc,heap        ] GC(228) ParOldGen: 44068K(1398272K)->44268K(1398272K)
[70.780s][info][gc,metaspace   ] GC(228) Metaspace: 74136K(74752K)->74136K(74752K) NonClass: 59025K(59264K)->59025K(59264K) Class: 15110K(15488K)->15110K(15488K)
[70.780s][info][gc             ] GC(228) Pause Young (Allocation Failure) 386M->44M(1702M) 1.145ms
[70.780s][info][gc,cpu         ] GC(228) User=0.00s Sys=0.00s Real=0.00s
[70.863s][info][gc,start       ] GC(229) Pause Young (Allocation Failure)
[70.865s][info][gc,heap        ] GC(229) PSYoungGen: 345088K(345088K)->1888K(414720K) Eden: 343552K(343552K)->0K(412672K) From: 1536K(1536K)->1888K(2048K)
[70.865s][info][gc,heap        ] GC(229) ParOldGen: 44268K(1398272K)->44532K(1398272K)
[70.865s][info][gc,metaspace   ] GC(229) Metaspace: 74136K(74752K)->74136K(74752K) NonClass: 59025K(59264K)->59025K(59264K) Class: 15110K(15488K)->15110K(15488K)
[70.865s][info][gc             ] GC(229) Pause Young (Allocation Failure) 380M->45M(1770M) 1.332ms
[70.865s][info][gc,cpu         ] GC(229) User=0.00s Sys=0.00s Real=0.00s
[70.966s][info][gc,start       ] GC(230) Pause Young (Allocation Failure)
[70.967s][info][gc,heap        ] GC(230) PSYoungGen: 414560K(414720K)->1952K(497664K) Eden: 412672K(412672K)->0K(495616K) From: 1888K(2048K)->1952K(2048K)
[70.967s][info][gc,heap        ] GC(230) ParOldGen: 44532K(1398272K)->44644K(1398272K)
[70.967s][info][gc,metaspace   ] GC(230) Metaspace: 74136K(74752K)->74136K(74752K) NonClass: 59025K(59264K)->59025K(59264K) Class: 15110K(15488K)->15110K(15488K)
[70.967s][info][gc             ] GC(230) Pause Young (Allocation Failure) 448M->45M(1851M) 1.190ms
[70.967s][info][gc,cpu         ] GC(230) User=0.00s Sys=0.00s Real=0.00s
[71.088s][info][gc,start       ] GC(231) Pause Young (Allocation Failure)
[71.089s][info][gc,heap        ] GC(231) PSYoungGen: 497568K(497664K)->1856K(485888K) Eden: 495616K(495616K)->0K(483840K) From: 1952K(2048K)->1856K(2048K)
[71.089s][info][gc,heap        ] GC(231) ParOldGen: 44644K(1398272K)->44772K(1398272K)
[71.089s][info][gc,metaspace   ] GC(231) Metaspace: 74136K(74752K)->74136K(74752K) NonClass: 59025K(59264K)->59025K(59264K) Class: 15110K(15488K)->15110K(15488K)
[71.089s][info][gc             ] GC(231) Pause Young (Allocation Failure) 529M->45M(1840M) 1.366ms
[71.089s][info][gc,cpu         ] GC(231) User=0.00s Sys=0.00s Real=0.00s
[71.206s][info][gc,start       ] GC(232) Pause Young (Allocation Failure)
[71.207s][info][gc,heap        ] GC(232) PSYoungGen: 485696K(485888K)->1536K(474112K) Eden: 483840K(483840K)->0K(472576K) From: 1856K(2048K)->1536K(1536K)
[71.207s][info][gc,heap        ] GC(232) ParOldGen: 44772K(1398272K)->44932K(1398272K)
[71.207s][info][gc,metaspace   ] GC(232) Metaspace: 74136K(74752K)->74136K(74752K) NonClass: 59025K(59264K)->59025K(59264K) Class: 15110K(15488K)->15110K(15488K)
[71.207s][info][gc             ] GC(232) Pause Young (Allocation Failure) 518M->45M(1828M) 1.155ms
[71.207s][info][gc,cpu         ] GC(232) User=0.00s Sys=0.00s Real=0.00s
[71.322s][info][gc,start       ] GC(233) Pause Young (Allocation Failure)
[71.323s][info][gc,heap        ] GC(233) PSYoungGen: 474112K(474112K)->1888K(463872K) Eden: 472576K(472576K)->0K(461824K) From: 1536K(1536K)->1888K(2048K)
[71.323s][info][gc,heap        ] GC(233) ParOldGen: 44932K(1398272K)->45012K(1398272K)
[71.323s][info][gc,metaspace   ] GC(233) Metaspace: 74137K(74752K)->74137K(74752K) NonClass: 59026K(59264K)->59026K(59264K) Class: 15110K(15488K)->15110K(15488K)
[71.323s][info][gc             ] GC(233) Pause Young (Allocation Failure) 506M->45M(1818M) 1.244ms
[71.323s][info][gc,cpu         ] GC(233) User=0.00s Sys=0.00s Real=0.00s
[71.436s][info][gc,start       ] GC(234) Pause Young (Allocation Failure)
[71.437s][info][gc,heap        ] GC(234) PSYoungGen: 463712K(463872K)->1856K(453120K) Eden: 461824K(461824K)->0K(451072K) From: 1888K(2048K)->1856K(2048K)
[71.437s][info][gc,heap        ] GC(234) ParOldGen: 45012K(1398272K)->45164K(1398272K)
[71.437s][info][gc,metaspace   ] GC(234) Metaspace: 74163K(74752K)->74163K(74752K) NonClass: 59052K(59264K)->59052K(59264K) Class: 15110K(15488K)->15110K(15488K)
[71.437s][info][gc             ] GC(234) Pause Young (Allocation Failure) 496M->45M(1808M) 1.135ms
[71.437s][info][gc,cpu         ] GC(234) User=0.00s Sys=0.00s Real=0.00s
[71.548s][info][gc,start       ] GC(235) Pause Young (Allocation Failure)
[71.549s][info][gc,heap        ] GC(235) PSYoungGen: 452928K(453120K)->1856K(442880K) Eden: 451072K(451072K)->0K(440832K) From: 1856K(2048K)->1856K(2048K)
[71.549s][info][gc,heap        ] GC(235) ParOldGen: 45164K(1398272K)->45348K(1398272K)
[71.550s][info][gc,metaspace   ] GC(235) Metaspace: 74164K(74752K)->74164K(74752K) NonClass: 59053K(59264K)->59053K(59264K) Class: 15110K(15488K)->15110K(15488K)
[71.550s][info][gc             ] GC(235) Pause Young (Allocation Failure) 486M->46M(1798M) 1.398ms
[71.550s][info][gc,cpu         ] GC(235) User=0.00s Sys=0.00s Real=0.00s
[71.658s][info][gc,start       ] GC(236) Pause Young (Allocation Failure)
[71.659s][info][gc,heap        ] GC(236) PSYoungGen: 442688K(442880K)->512K(431616K) Eden: 440832K(440832K)->0K(431104K) From: 1856K(2048K)->512K(512K)
[71.659s][info][gc,heap        ] GC(236) ParOldGen: 45348K(1398272K)->46340K(1398272K)
[71.659s][info][gc,metaspace   ] GC(236) Metaspace: 74165K(74752K)->74165K(74752K) NonClass: 59054K(59264K)->59054K(59264K) Class: 15110K(15488K)->15110K(15488K)
[71.659s][info][gc             ] GC(236) Pause Young (Allocation Failure) 476M->45M(1787M) 1.215ms
[71.659s][info][gc,cpu         ] GC(236) User=0.00s Sys=0.00s Real=0.00s
[71.766s][info][gc,start       ] GC(237) Pause Young (Allocation Failure)
[71.767s][info][gc,heap        ] GC(237) PSYoungGen: 431616K(431616K)->1824K(424448K) Eden: 431104K(431104K)->0K(421888K) From: 512K(512K)->1824K(2560K)
[71.767s][info][gc,heap        ] GC(237) ParOldGen: 46340K(1398272K)->46468K(1398272K)
[71.767s][info][gc,metaspace   ] GC(237) Metaspace: 74170K(74752K)->74170K(74752K) NonClass: 59059K(59264K)->59059K(59264K) Class: 15110K(15488K)->15110K(15488K)
[71.767s][info][gc             ] GC(237) Pause Young (Allocation Failure) 466M->47M(1780M) 1.120ms
[71.767s][info][gc,cpu         ] GC(237) User=0.00s Sys=0.00s Real=0.00s
[71.874s][info][gc,start       ] GC(238) Pause Young (Allocation Failure)
[71.875s][info][gc,heap        ] GC(238) PSYoungGen: 423712K(424448K)->1728K(414720K) Eden: 421888K(421888K)->0K(412672K) From: 1824K(2560K)->1728K(2048K)
[71.875s][info][gc,heap        ] GC(238) ParOldGen: 46468K(1398272K)->46772K(1398272K)
[71.875s][info][gc,metaspace   ] GC(238) Metaspace: 74170K(74752K)->74170K(74752K) NonClass: 59059K(59264K)->59059K(59264K) Class: 15110K(15488K)->15110K(15488K)
[71.875s][info][gc             ] GC(238) Pause Young (Allocation Failure) 459M->47M(1770M) 1.072ms
[71.875s][info][gc,cpu         ] GC(238) User=0.00s Sys=0.00s Real=0.00s
[71.984s][info][gc,start       ] GC(239) Pause Young (Allocation Failure)
[71.985s][info][gc,heap        ] GC(239) PSYoungGen: 414400K(414720K)->1568K(406016K) Eden: 412672K(412672K)->0K(403968K) From: 1728K(2048K)->1568K(2048K)
[71.985s][info][gc,heap        ] GC(239) ParOldGen: 46772K(1398272K)->47092K(1398272K)
[71.985s][info][gc,metaspace   ] GC(239) Metaspace: 74170K(74752K)->74170K(74752K) NonClass: 59059K(59264K)->59059K(59264K) Class: 15110K(15488K)->15110K(15488K)
[71.985s][info][gc             ] GC(239) Pause Young (Allocation Failure) 450M->47M(1762M) 1.329ms
[71.985s][info][gc,cpu         ] GC(239) User=0.00s Sys=0.00s Real=0.00s
[72.104s][info][gc,start       ] GC(240) Pause Young (Allocation Failure)
[72.124s][info][gc,heap        ] GC(240) PSYoungGen: 405536K(406016K)->512K(395776K) Eden: 403968K(403968K)->0K(395264K) From: 1568K(2048K)->512K(512K)
[72.124s][info][gc,heap        ] GC(240) ParOldGen: 47092K(1398272K)->47732K(1398272K)
[72.124s][info][gc,metaspace   ] GC(240) Metaspace: 74174K(74752K)->74174K(74752K) NonClass: 59063K(59264K)->59063K(59264K) Class: 15110K(15488K)->15110K(15488K)
[72.124s][info][gc             ] GC(240) Pause Young (Allocation Failure) 442M->47M(1752M) 19.577ms
[72.124s][info][gc,cpu         ] GC(240) User=0.00s Sys=0.00s Real=0.02s
[72.265s][info][gc,start       ] GC(241) Pause Young (Allocation Failure)
[72.266s][info][gc,heap        ] GC(241) PSYoungGen: 395776K(395776K)->1216K(389632K) Eden: 395264K(395264K)->0K(387072K) From: 512K(512K)->1216K(2560K)
[72.266s][info][gc,heap        ] GC(241) ParOldGen: 47732K(1398272K)->47988K(1398272K)
[72.266s][info][gc,metaspace   ] GC(241) Metaspace: 74174K(74752K)->74174K(74752K) NonClass: 59063K(59264K)->59063K(59264K) Class: 15110K(15488K)->15110K(15488K)
[72.266s][info][gc             ] GC(241) Pause Young (Allocation Failure) 433M->48M(1746M) 0.992ms
[72.266s][info][gc,cpu         ] GC(241) User=0.00s Sys=0.00s Real=0.00s
[72.416s][info][gc,start       ] GC(242) Pause Young (Allocation Failure)
[72.417s][info][gc,heap        ] GC(242) PSYoungGen: 388288K(389632K)->1216K(380416K) Eden: 387072K(387072K)->0K(378880K) From: 1216K(2560K)->1216K(1536K)
[72.417s][info][gc,heap        ] GC(242) ParOldGen: 47988K(1398272K)->48300K(1398272K)
[72.417s][info][gc,metaspace   ] GC(242) Metaspace: 74174K(74752K)->74174K(74752K) NonClass: 59063K(59264K)->59063K(59264K) Class: 15110K(15488K)->15110K(15488K)
[72.417s][info][gc             ] GC(242) Pause Young (Allocation Failure) 426M->48M(1737M) 1.092ms
[72.417s][info][gc,cpu         ] GC(242) User=0.00s Sys=0.00s Real=0.00s
[72.579s][info][gc,start       ] GC(243) Pause Young (Allocation Failure)
[72.581s][info][gc,heap        ] GC(243) PSYoungGen: 380096K(380416K)->1120K(372736K) Eden: 378880K(378880K)->0K(371200K) From: 1216K(1536K)->1120K(1536K)
[72.581s][info][gc,heap        ] GC(243) ParOldGen: 48300K(1398272K)->48540K(1398272K)
[72.581s][info][gc,metaspace   ] GC(243) Metaspace: 74174K(74752K)->74174K(74752K) NonClass: 59063K(59264K)->59063K(59264K) Class: 15110K(15488K)->15110K(15488K)
[72.581s][info][gc             ] GC(243) Pause Young (Allocation Failure) 418M->48M(1729M) 1.117ms
[72.581s][info][gc,cpu         ] GC(243) User=0.00s Sys=0.00s Real=0.00s
[72.778s][info][gc,start       ] GC(244) Pause Young (Allocation Failure)
[72.779s][info][gc,heap        ] GC(244) PSYoungGen: 372320K(372736K)->1088K(365056K) Eden: 371200K(371200K)->0K(363520K) From: 1120K(1536K)->1088K(1536K)
[72.779s][info][gc,heap        ] GC(244) ParOldGen: 48540K(1398272K)->48836K(1398272K)
[72.779s][info][gc,metaspace   ] GC(244) Metaspace: 74174K(74752K)->74174K(74752K) NonClass: 59063K(59264K)->59063K(59264K) Class: 15110K(15488K)->15110K(15488K)
[72.779s][info][gc             ] GC(244) Pause Young (Allocation Failure) 410M->48M(1722M) 1.150ms
[72.779s][info][gc,cpu         ] GC(244) User=0.00s Sys=0.00s Real=0.00s
[73.014s][info][gc,start       ] GC(245) Pause Young (Allocation Failure)
[73.015s][info][gc,heap        ] GC(245) PSYoungGen: 364608K(365056K)->1056K(357888K) Eden: 363520K(363520K)->0K(356352K) From: 1088K(1536K)->1056K(1536K)
[73.015s][info][gc,heap        ] GC(245) ParOldGen: 48836K(1398272K)->49124K(1398272K)
[73.015s][info][gc,metaspace   ] GC(245) Metaspace: 74174K(74752K)->74174K(74752K) NonClass: 59063K(59264K)->59063K(59264K) Class: 15110K(15488K)->15110K(15488K)
[73.015s][info][gc             ] GC(245) Pause Young (Allocation Failure) 403M->49M(1715M) 1.087ms
[73.015s][info][gc,cpu         ] GC(245) User=0.00s Sys=0.00s Real=0.00s
[73.245s][info][gc,start       ] GC(246) Pause Young (Allocation Failure)
[73.246s][info][gc,heap        ] GC(246) PSYoungGen: 357408K(357888K)->1056K(350720K) Eden: 356352K(356352K)->0K(349184K) From: 1056K(1536K)->1056K(1536K)
[73.246s][info][gc,heap        ] GC(246) ParOldGen: 49124K(1398272K)->49124K(1398272K)
[73.246s][info][gc,metaspace   ] GC(246) Metaspace: 74174K(74752K)->74174K(74752K) NonClass: 59063K(59264K)->59063K(59264K) Class: 15110K(15488K)->15110K(15488K)
[73.246s][info][gc             ] GC(246) Pause Young (Allocation Failure) 397M->49M(1708M) 0.984ms
[73.246s][info][gc,cpu         ] GC(246) User=0.00s Sys=0.00s Real=0.00s
[73.472s][info][gc,start       ] GC(247) Pause Young (Allocation Failure)
[73.473s][info][gc,heap        ] GC(247) PSYoungGen: 350240K(350720K)->1056K(344064K) Eden: 349184K(349184K)->0K(342528K) From: 1056K(1536K)->1056K(1536K)
[73.473s][info][gc,heap        ] GC(247) ParOldGen: 49124K(1398272K)->49140K(1398272K)
[73.473s][info][gc,metaspace   ] GC(247) Metaspace: 74174K(74752K)->74174K(74752K) NonClass: 59063K(59264K)->59063K(59264K) Class: 15110K(15488K)->15110K(15488K)
[73.473s][info][gc             ] GC(247) Pause Young (Allocation Failure) 390M->49M(1701M) 0.931ms
[73.473s][info][gc,cpu         ] GC(247) User=0.00s Sys=0.00s Real=0.00s
[73.695s][info][gc,start       ] GC(248) Pause Young (Allocation Failure)
[73.696s][info][gc,heap        ] GC(248) PSYoungGen: 343584K(344064K)->1056K(337408K) Eden: 342528K(342528K)->0K(335872K) From: 1056K(1536K)->1056K(1536K)
[73.696s][info][gc,heap        ] GC(248) ParOldGen: 49140K(1398272K)->49180K(1398272K)
[73.696s][info][gc,metaspace   ] GC(248) Metaspace: 74174K(74752K)->74174K(74752K) NonClass: 59063K(59264K)->59063K(59264K) Class: 15110K(15488K)->15110K(15488K)
[73.696s][info][gc             ] GC(248) Pause Young (Allocation Failure) 383M->49M(1695M) 0.901ms
[73.696s][info][gc,cpu         ] GC(248) User=0.00s Sys=0.00s Real=0.00s
[73.908s][info][gc,start       ] GC(249) Pause Young (System.gc())
[73.910s][info][gc,heap        ] GC(249) PSYoungGen: 275270K(337408K)->1184K(337408K) Eden: 274214K(335872K)->0K(335872K) From: 1056K(1536K)->1184K(1536K)
[73.910s][info][gc,heap        ] GC(249) ParOldGen: 49180K(1398272K)->49212K(1398272K)
[73.910s][info][gc,metaspace   ] GC(249) Metaspace: 74176K(74752K)->74176K(74752K) NonClass: 59065K(59264K)->59065K(59264K) Class: 15110K(15488K)->15110K(15488K)
[73.910s][info][gc             ] GC(249) Pause Young (System.gc()) 316M->49M(1695M) 1.873ms
[73.910s][info][gc,cpu         ] GC(249) User=0.00s Sys=0.00s Real=0.00s
[73.910s][info][gc,start       ] GC(250) Pause Full (System.gc())
[73.910s][info][gc,phases,start] GC(250) Marking Phase
[73.950s][info][gc,phases      ] GC(250) Marking Phase 40.156ms
[73.950s][info][gc,phases,start] GC(250) Summary Phase
[73.950s][info][gc,phases      ] GC(250) Summary Phase 0.014ms
[73.950s][info][gc,phases,start] GC(250) Adjust Roots
[73.969s][info][gc,phases      ] GC(250) Adjust Roots 19.263ms
[73.969s][info][gc,phases,start] GC(250) Compaction Phase
[73.980s][info][gc,phases      ] GC(250) Compaction Phase 10.948ms
[73.980s][info][gc,phases,start] GC(250) Post Compact
[73.981s][info][gc,phases      ] GC(250) Post Compact 0.965ms
[73.982s][info][gc,heap        ] GC(250) PSYoungGen: 1184K(337408K)->0K(337408K) Eden: 0K(335872K)->0K(335872K) From: 1184K(1536K)->0K(1536K)
[73.982s][info][gc,heap        ] GC(250) ParOldGen: 49212K(1398272K)->35516K(1398272K)
[73.982s][info][gc,metaspace   ] GC(250) Metaspace: 74176K(74752K)->74176K(74752K) NonClass: 59065K(59264K)->59065K(59264K) Class: 15110K(15488K)->15110K(15488K)
[73.982s][info][gc             ] GC(250) Pause Full (System.gc()) 49M->34M(1695M) 71.695ms
[73.982s][info][gc,cpu         ] GC(250) User=0.95s Sys=0.02s Real=0.06s
[74.099s][info][gc,start       ] GC(251) Pause Young (Allocation Failure)
[74.100s][info][gc,heap        ] GC(251) PSYoungGen: 335872K(337408K)->2560K(332288K) Eden: 335872K(335872K)->0K(329728K) From: 0K(1536K)->2560K(2560K)
[74.100s][info][gc,heap        ] GC(251) ParOldGen: 35516K(1398272K)->36652K(1398272K)
[74.100s][info][gc,metaspace   ] GC(251) Metaspace: 74266K(74880K)->74266K(74880K) NonClass: 59155K(59392K)->59155K(59392K) Class: 15110K(15488K)->15110K(15488K)
[74.100s][info][gc             ] GC(251) Pause Young (Allocation Failure) 362M->38M(1690M) 1.826ms
[74.100s][info][gc,cpu         ] GC(251) User=0.00s Sys=0.00s Real=0.00s
[74.180s][info][gc,start       ] GC(252) Pause Young (Allocation Failure)
[74.182s][info][gc,heap        ] GC(252) PSYoungGen: 332288K(332288K)->1824K(325632K) Eden: 329728K(329728K)->0K(323584K) From: 2560K(2560K)->1824K(2048K)
[74.182s][info][gc,heap        ] GC(252) ParOldGen: 36652K(1398272K)->38372K(1398272K)
[74.182s][info][gc,metaspace   ] GC(252) Metaspace: 74266K(74880K)->74266K(74880K) NonClass: 59155K(59392K)->59155K(59392K) Class: 15110K(15488K)->15110K(15488K)
[74.182s][info][gc             ] GC(252) Pause Young (Allocation Failure) 360M->39M(1683M) 1.785ms
[74.182s][info][gc,cpu         ] GC(252) User=0.00s Sys=0.00s Real=0.00s
[74.260s][info][gc,start       ] GC(253) Pause Young (Allocation Failure)
[74.262s][info][gc,heap        ] GC(253) PSYoungGen: 325408K(325632K)->1888K(319488K) Eden: 323584K(323584K)->0K(317440K) From: 1824K(2048K)->1888K(2048K)
[74.262s][info][gc,heap        ] GC(253) ParOldGen: 38372K(1398272K)->38572K(1398272K)
[74.262s][info][gc,metaspace   ] GC(253) Metaspace: 74266K(74880K)->74266K(74880K) NonClass: 59155K(59392K)->59155K(59392K) Class: 15110K(15488K)->15110K(15488K)
[74.262s][info][gc             ] GC(253) Pause Young (Allocation Failure) 355M->39M(1677M) 1.271ms
[74.262s][info][gc,cpu         ] GC(253) User=0.00s Sys=0.00s Real=0.00s
[74.339s][info][gc,start       ] GC(254) Pause Young (Allocation Failure)
[74.340s][info][gc,heap        ] GC(254) PSYoungGen: 319328K(319488K)->1856K(313856K) Eden: 317440K(317440K)->0K(311808K) From: 1888K(2048K)->1856K(2048K)
[74.340s][info][gc,heap        ] GC(254) ParOldGen: 38572K(1398272K)->38580K(1398272K)
[74.340s][info][gc,metaspace   ] GC(254) Metaspace: 74267K(74880K)->74267K(74880K) NonClass: 59156K(59392K)->59156K(59392K) Class: 15110K(15488K)->15110K(15488K)
[74.340s][info][gc             ] GC(254) Pause Young (Allocation Failure) 349M->39M(1672M) 1.378ms
[74.340s][info][gc,cpu         ] GC(254) User=0.00s Sys=0.00s Real=0.00s
[74.415s][info][gc,start       ] GC(255) Pause Young (Allocation Failure)
[74.417s][info][gc,heap        ] GC(255) PSYoungGen: 313664K(313856K)->1888K(376320K) Eden: 311808K(311808K)->0K(374272K) From: 1856K(2048K)->1888K(2048K)
[74.417s][info][gc,heap        ] GC(255) ParOldGen: 38580K(1398272K)->38644K(1398272K)
[74.417s][info][gc,metaspace   ] GC(255) Metaspace: 74267K(74880K)->74267K(74880K) NonClass: 59156K(59392K)->59156K(59392K) Class: 15110K(15488K)->15110K(15488K)
[74.417s][info][gc             ] GC(255) Pause Young (Allocation Failure) 343M->39M(1733M) 1.257ms
[74.417s][info][gc,cpu         ] GC(255) User=0.00s Sys=0.00s Real=0.00s
[74.508s][info][gc,start       ] GC(256) Pause Young (Allocation Failure)
[74.509s][info][gc,heap        ] GC(256) PSYoungGen: 376160K(376320K)->1920K(451584K) Eden: 374272K(374272K)->0K(449536K) From: 1888K(2048K)->1920K(2048K)
[74.509s][info][gc,heap        ] GC(256) ParOldGen: 38644K(1398272K)->38772K(1398272K)
[74.509s][info][gc,metaspace   ] GC(256) Metaspace: 74274K(74944K)->74274K(74944K) NonClass: 59163K(59456K)->59163K(59456K) Class: 15110K(15488K)->15110K(15488K)
[74.509s][info][gc             ] GC(256) Pause Young (Allocation Failure) 405M->39M(1806M) 1.356ms
[74.509s][info][gc,cpu         ] GC(256) User=0.00s Sys=0.00s Real=0.00s
[74.618s][info][gc,start       ] GC(257) Pause Young (Allocation Failure)
[74.619s][info][gc,heap        ] GC(257) PSYoungGen: 451455K(451584K)->1920K(441344K) Eden: 449535K(449536K)->0K(439296K) From: 1920K(2048K)->1920K(2048K)
[74.619s][info][gc,heap        ] GC(257) ParOldGen: 38772K(1398272K)->38908K(1398272K)
[74.619s][info][gc,metaspace   ] GC(257) Metaspace: 74274K(74944K)->74274K(74944K) NonClass: 59163K(59456K)->59163K(59456K) Class: 15110K(15488K)->15110K(15488K)
[74.620s][info][gc             ] GC(257) Pause Young (Allocation Failure) 478M->39M(1796M) 1.270ms
[74.620s][info][gc,cpu         ] GC(257) User=0.00s Sys=0.00s Real=0.00s
[74.727s][info][gc,start       ] GC(258) Pause Young (Allocation Failure)
[74.728s][info][gc,heap        ] GC(258) PSYoungGen: 441215K(441344K)->1824K(431616K) Eden: 439295K(439296K)->0K(429568K) From: 1920K(2048K)->1824K(2048K)
[74.728s][info][gc,heap        ] GC(258) ParOldGen: 38908K(1398272K)->39012K(1398272K)
[74.728s][info][gc,metaspace   ] GC(258) Metaspace: 74293K(74944K)->74293K(74944K) NonClass: 59182K(59456K)->59182K(59456K) Class: 15110K(15488K)->15110K(15488K)
[74.728s][info][gc             ] GC(258) Pause Young (Allocation Failure) 468M->39M(1787M) 1.440ms
[74.728s][info][gc,cpu         ] GC(258) User=0.00s Sys=0.00s Real=0.00s
[74.832s][info][gc,start       ] GC(259) Pause Young (Allocation Failure)
[74.834s][info][gc,heap        ] GC(259) PSYoungGen: 431392K(431616K)->1920K(422400K) Eden: 429568K(429568K)->0K(420352K) From: 1824K(2048K)->1920K(2048K)
[74.834s][info][gc,heap        ] GC(259) ParOldGen: 39012K(1398272K)->39092K(1398272K)
[74.834s][info][gc,metaspace   ] GC(259) Metaspace: 74293K(74944K)->74293K(74944K) NonClass: 59182K(59456K)->59182K(59456K) Class: 15110K(15488K)->15110K(15488K)
[74.834s][info][gc             ] GC(259) Pause Young (Allocation Failure) 459M->40M(1778M) 1.308ms
[74.834s][info][gc,cpu         ] GC(259) User=0.00s Sys=0.00s Real=0.00s
[74.936s][info][gc,start       ] GC(260) Pause Young (Allocation Failure)
[74.937s][info][gc,heap        ] GC(260) PSYoungGen: 422272K(422400K)->1792K(413184K) Eden: 420352K(420352K)->0K(411136K) From: 1920K(2048K)->1792K(2048K)
[74.937s][info][gc,heap        ] GC(260) ParOldGen: 39092K(1398272K)->39356K(1398272K)
[74.937s][info][gc,metaspace   ] GC(260) Metaspace: 74293K(74944K)->74293K(74944K) NonClass: 59182K(59456K)->59182K(59456K) Class: 15110K(15488K)->15110K(15488K)
[74.937s][info][gc             ] GC(260) Pause Young (Allocation Failure) 450M->40M(1769M) 1.411ms
[74.937s][info][gc,cpu         ] GC(260) User=0.00s Sys=0.00s Real=0.00s
[75.037s][info][gc,start       ] GC(261) Pause Young (Allocation Failure)
[75.038s][info][gc,heap        ] GC(261) PSYoungGen: 412928K(413184K)->1888K(404480K) Eden: 411136K(411136K)->0K(402432K) From: 1792K(2048K)->1888K(2048K)
[75.038s][info][gc,heap        ] GC(261) ParOldGen: 39356K(1398272K)->39484K(1398272K)
[75.038s][info][gc,metaspace   ] GC(261) Metaspace: 74293K(74944K)->74293K(74944K) NonClass: 59182K(59456K)->59182K(59456K) Class: 15110K(15488K)->15110K(15488K)
[75.038s][info][gc             ] GC(261) Pause Young (Allocation Failure) 441M->40M(1760M) 1.307ms
[75.038s][info][gc,cpu         ] GC(261) User=0.00s Sys=0.00s Real=0.00s
[75.136s][info][gc,start       ] GC(262) Pause Young (Allocation Failure)
[75.137s][info][gc,heap        ] GC(262) PSYoungGen: 404320K(404480K)->1824K(395776K) Eden: 402432K(402432K)->0K(393728K) From: 1888K(2048K)->1824K(2048K)
[75.138s][info][gc,heap        ] GC(262) ParOldGen: 39484K(1398272K)->39604K(1398272K)
[75.138s][info][gc,metaspace   ] GC(262) Metaspace: 74293K(74944K)->74293K(74944K) NonClass: 59182K(59456K)->59182K(59456K) Class: 15110K(15488K)->15110K(15488K)
[75.138s][info][gc             ] GC(262) Pause Young (Allocation Failure) 433M->40M(1752M) 1.422ms
[75.138s][info][gc,cpu         ] GC(262) User=0.00s Sys=0.00s Real=0.00s
[75.233s][info][gc,start       ] GC(263) Pause Young (Allocation Failure)
[75.235s][info][gc,heap        ] GC(263) PSYoungGen: 395552K(395776K)->1536K(387072K) Eden: 393728K(393728K)->0K(385536K) From: 1824K(2048K)->1536K(1536K)
[75.235s][info][gc,heap        ] GC(263) ParOldGen: 39604K(1398272K)->39732K(1398272K)
[75.235s][info][gc,metaspace   ] GC(263) Metaspace: 74293K(74944K)->74293K(74944K) NonClass: 59182K(59456K)->59182K(59456K) Class: 15110K(15488K)->15110K(15488K)
[75.235s][info][gc             ] GC(263) Pause Young (Allocation Failure) 424M->40M(1743M) 1.240ms
[75.235s][info][gc,cpu         ] GC(263) User=0.00s Sys=0.00s Real=0.00s
[75.329s][info][gc,start       ] GC(264) Pause Young (Allocation Failure)
[75.330s][info][gc,heap        ] GC(264) PSYoungGen: 387072K(387072K)->1856K(379904K) Eden: 385536K(385536K)->0K(377856K) From: 1536K(1536K)->1856K(2048K)
[75.331s][info][gc,heap        ] GC(264) ParOldGen: 39732K(1398272K)->39796K(1398272K)
[75.331s][info][gc,metaspace   ] GC(264) Metaspace: 74293K(74944K)->74293K(74944K) NonClass: 59182K(59456K)->59182K(59456K) Class: 15110K(15488K)->15110K(15488K)
[75.331s][info][gc             ] GC(264) Pause Young (Allocation Failure) 416M->40M(1736M) 1.437ms
[75.331s][info][gc,cpu         ] GC(264) User=0.00s Sys=0.00s Real=0.00s
[75.422s][info][gc,start       ] GC(265) Pause Young (Allocation Failure)
[75.423s][info][gc,heap        ] GC(265) PSYoungGen: 379712K(379904K)->1760K(455680K) Eden: 377856K(377856K)->0K(453632K) From: 1856K(2048K)->1760K(2048K)
[75.423s][info][gc,heap        ] GC(265) ParOldGen: 39796K(1398272K)->39876K(1398272K)
[75.423s][info][gc,metaspace   ] GC(265) Metaspace: 74293K(74944K)->74293K(74944K) NonClass: 59182K(59456K)->59182K(59456K) Class: 15110K(15488K)->15110K(15488K)
[75.423s][info][gc             ] GC(265) Pause Young (Allocation Failure) 409M->40M(1810M) 1.205ms
[75.423s][info][gc,cpu         ] GC(265) User=0.00s Sys=0.00s Real=0.00s
[75.533s][info][gc,start       ] GC(266) Pause Young (Allocation Failure)
[75.535s][info][gc,heap        ] GC(266) PSYoungGen: 455392K(455680K)->1824K(445440K) Eden: 453632K(453632K)->0K(443392K) From: 1760K(2048K)->1824K(2048K)
[75.535s][info][gc,heap        ] GC(266) ParOldGen: 39876K(1398272K)->39988K(1398272K)
[75.535s][info][gc,metaspace   ] GC(266) Metaspace: 74293K(74944K)->74293K(74944K) NonClass: 59182K(59456K)->59182K(59456K) Class: 15110K(15488K)->15110K(15488K)
[75.535s][info][gc             ] GC(266) Pause Young (Allocation Failure) 483M->40M(1800M) 1.493ms
[75.535s][info][gc,cpu         ] GC(266) User=0.00s Sys=0.00s Real=0.00s
[75.643s][info][gc,start       ] GC(267) Pause Young (Allocation Failure)
[75.644s][info][gc,heap        ] GC(267) PSYoungGen: 445216K(445440K)->1536K(435200K) Eden: 443392K(443392K)->0K(433664K) From: 1824K(2048K)->1536K(1536K)
[75.644s][info][gc,heap        ] GC(267) ParOldGen: 39988K(1398272K)->40156K(1398272K)
[75.644s][info][gc,metaspace   ] GC(267) Metaspace: 74293K(74944K)->74293K(74944K) NonClass: 59182K(59456K)->59182K(59456K) Class: 15110K(15488K)->15110K(15488K)
[75.644s][info][gc             ] GC(267) Pause Young (Allocation Failure) 473M->40M(1790M) 1.138ms
[75.644s][info][gc,cpu         ] GC(267) User=0.00s Sys=0.00s Real=0.00s
[75.749s][info][gc,start       ] GC(268) Pause Young (Allocation Failure)
[75.751s][info][gc,heap        ] GC(268) PSYoungGen: 435200K(435200K)->1856K(425984K) Eden: 433664K(433664K)->0K(423936K) From: 1536K(1536K)->1856K(2048K)
[75.751s][info][gc,heap        ] GC(268) ParOldGen: 40156K(1398272K)->40340K(1398272K)
[75.751s][info][gc,metaspace   ] GC(268) Metaspace: 74293K(74944K)->74293K(74944K) NonClass: 59182K(59456K)->59182K(59456K) Class: 15110K(15488K)->15110K(15488K)
[75.751s][info][gc             ] GC(268) Pause Young (Allocation Failure) 464M->41M(1781M) 1.353ms
[75.751s][info][gc,cpu         ] GC(268) User=0.00s Sys=0.00s Real=0.00s
[75.854s][info][gc,start       ] GC(269) Pause Young (Allocation Failure)
[75.855s][info][gc,heap        ] GC(269) PSYoungGen: 425792K(425984K)->1920K(416768K) Eden: 423936K(423936K)->0K(414720K) From: 1856K(2048K)->1920K(2048K)
[75.855s][info][gc,heap        ] GC(269) ParOldGen: 40340K(1398272K)->40460K(1398272K)
[75.855s][info][gc,metaspace   ] GC(269) Metaspace: 74293K(74944K)->74293K(74944K) NonClass: 59182K(59456K)->59182K(59456K) Class: 15110K(15488K)->15110K(15488K)
[75.855s][info][gc             ] GC(269) Pause Young (Allocation Failure) 455M->41M(1772M) 1.257ms
[75.855s][info][gc,cpu         ] GC(269) User=0.00s Sys=0.00s Real=0.00s
[75.957s][info][gc,start       ] GC(270) Pause Young (Allocation Failure)
[75.959s][info][gc,heap        ] GC(270) PSYoungGen: 416640K(416768K)->1856K(408064K) Eden: 414720K(414720K)->0K(406016K) From: 1920K(2048K)->1856K(2048K)
[75.959s][info][gc,heap        ] GC(270) ParOldGen: 40460K(1398272K)->40700K(1398272K)
[75.959s][info][gc,metaspace   ] GC(270) Metaspace: 74293K(74944K)->74293K(74944K) NonClass: 59182K(59456K)->59182K(59456K) Class: 15110K(15488K)->15110K(15488K)
[75.959s][info][gc             ] GC(270) Pause Young (Allocation Failure) 446M->41M(1764M) 1.494ms
[75.959s][info][gc,cpu         ] GC(270) User=0.00s Sys=0.00s Real=0.00s
[76.058s][info][gc,start       ] GC(271) Pause Young (Allocation Failure)
[76.059s][info][gc,heap        ] GC(271) PSYoungGen: 407872K(408064K)->1536K(398848K) Eden: 406016K(406016K)->0K(397312K) From: 1856K(2048K)->1536K(1536K)
[76.059s][info][gc,heap        ] GC(271) ParOldGen: 40700K(1398272K)->40892K(1398272K)
[76.059s][info][gc,metaspace   ] GC(271) Metaspace: 74293K(74944K)->74293K(74944K) NonClass: 59182K(59456K)->59182K(59456K) Class: 15110K(15488K)->15110K(15488K)
[76.059s][info][gc             ] GC(271) Pause Young (Allocation Failure) 438M->41M(1755M) 1.240ms
[76.059s][info][gc,cpu         ] GC(271) User=0.00s Sys=0.00s Real=0.00s
[76.157s][info][gc,start       ] GC(272) Pause Young (Allocation Failure)
[76.158s][info][gc,heap        ] GC(272) PSYoungGen: 398848K(398848K)->1984K(391168K) Eden: 397312K(397312K)->0K(389120K) From: 1536K(1536K)->1984K(2048K)
[76.158s][info][gc,heap        ] GC(272) ParOldGen: 40892K(1398272K)->41004K(1398272K)
[76.158s][info][gc,metaspace   ] GC(272) Metaspace: 74293K(74944K)->74293K(74944K) NonClass: 59182K(59456K)->59182K(59456K) Class: 15110K(15488K)->15110K(15488K)
[76.159s][info][gc             ] GC(272) Pause Young (Allocation Failure) 429M->41M(1747M) 1.401ms
[76.159s][info][gc,cpu         ] GC(272) User=0.00s Sys=0.00s Real=0.00s
[76.253s][info][gc,start       ] GC(273) Pause Young (Allocation Failure)
[76.254s][info][gc,heap        ] GC(273) PSYoungGen: 391104K(391168K)->1856K(382976K) Eden: 389120K(389120K)->0K(380928K) From: 1984K(2048K)->1856K(2048K)
[76.254s][info][gc,heap        ] GC(273) ParOldGen: 41004K(1398272K)->41116K(1398272K)
[76.254s][info][gc,metaspace   ] GC(273) Metaspace: 74293K(74944K)->74293K(74944K) NonClass: 59182K(59456K)->59182K(59456K) Class: 15110K(15488K)->15110K(15488K)
[76.254s][info][gc             ] GC(273) Pause Young (Allocation Failure) 421M->41M(1739M) 1.195ms
[76.254s][info][gc,cpu         ] GC(273) User=0.00s Sys=0.00s Real=0.00s
[76.347s][info][gc,start       ] GC(274) Pause Young (Allocation Failure)
[76.348s][info][gc,heap        ] GC(274) PSYoungGen: 382784K(382976K)->1856K(459264K) Eden: 380928K(380928K)->0K(457216K) From: 1856K(2048K)->1856K(2048K)
[76.348s][info][gc,heap        ] GC(274) ParOldGen: 41116K(1398272K)->41228K(1398272K)
[76.348s][info][gc,metaspace   ] GC(274) Metaspace: 74293K(74944K)->74293K(74944K) NonClass: 59182K(59456K)->59182K(59456K) Class: 15110K(15488K)->15110K(15488K)
[76.348s][info][gc             ] GC(274) Pause Young (Allocation Failure) 413M->42M(1814M) 1.431ms
[76.348s][info][gc,cpu         ] GC(274) User=0.00s Sys=0.00s Real=0.00s
[76.459s][info][gc,start       ] GC(275) Pause Young (Allocation Failure)
[76.460s][info][gc,heap        ] GC(275) PSYoungGen: 459072K(459264K)->1536K(448512K) Eden: 457216K(457216K)->0K(446976K) From: 1856K(2048K)->1536K(1536K)
[76.460s][info][gc,heap        ] GC(275) ParOldGen: 41228K(1398272K)->41356K(1398272K)
[76.460s][info][gc,metaspace   ] GC(275) Metaspace: 74293K(74944K)->74293K(74944K) NonClass: 59182K(59456K)->59182K(59456K) Class: 15110K(15488K)->15110K(15488K)
[76.460s][info][gc             ] GC(275) Pause Young (Allocation Failure) 488M->41M(1803M) 1.206ms
[76.460s][info][gc,cpu         ] GC(275) User=0.02s Sys=0.00s Real=0.00s
[76.569s][info][gc,start       ] GC(276) Pause Young (Allocation Failure)
[76.570s][info][gc,heap        ] GC(276) PSYoungGen: 448512K(448512K)->1888K(438784K) Eden: 446976K(446976K)->0K(436736K) From: 1536K(1536K)->1888K(2048K)
[76.570s][info][gc,heap        ] GC(276) ParOldGen: 41356K(1398272K)->41500K(1398272K)
[76.570s][info][gc,metaspace   ] GC(276) Metaspace: 74293K(74944K)->74293K(74944K) NonClass: 59182K(59456K)->59182K(59456K) Class: 15110K(15488K)->15110K(15488K)
[76.570s][info][gc             ] GC(276) Pause Young (Allocation Failure) 478M->42M(1794M) 1.415ms
[76.570s][info][gc,cpu         ] GC(276) User=0.00s Sys=0.00s Real=0.00s
[76.676s][info][gc,start       ] GC(277) Pause Young (Allocation Failure)
[76.678s][info][gc,heap        ] GC(277) PSYoungGen: 438624K(438784K)->1824K(429056K) Eden: 436736K(436736K)->0K(427008K) From: 1888K(2048K)->1824K(2048K)
[76.678s][info][gc,heap        ] GC(277) ParOldGen: 41500K(1398272K)->41604K(1398272K)
[76.678s][info][gc,metaspace   ] GC(277) Metaspace: 74293K(74944K)->74293K(74944K) NonClass: 59182K(59456K)->59182K(59456K) Class: 15110K(15488K)->15110K(15488K)
[76.678s][info][gc             ] GC(277) Pause Young (Allocation Failure) 468M->42M(1784M) 1.196ms
[76.678s][info][gc,cpu         ] GC(277) User=0.00s Sys=0.00s Real=0.00s
[76.781s][info][gc,start       ] GC(278) Pause Young (Allocation Failure)
[76.783s][info][gc,heap        ] GC(278) PSYoungGen: 428832K(429056K)->1856K(419840K) Eden: 427008K(427008K)->0K(417792K) From: 1824K(2048K)->1856K(2048K)
[76.783s][info][gc,heap        ] GC(278) ParOldGen: 41604K(1398272K)->41692K(1398272K)
[76.783s][info][gc,metaspace   ] GC(278) Metaspace: 74293K(74944K)->74293K(74944K) NonClass: 59182K(59456K)->59182K(59456K) Class: 15110K(15488K)->15110K(15488K)
[76.783s][info][gc             ] GC(278) Pause Young (Allocation Failure) 459M->42M(1775M) 1.412ms
[76.783s][info][gc,cpu         ] GC(278) User=0.00s Sys=0.00s Real=0.00s
[76.884s][info][gc,start       ] GC(279) Pause Young (Allocation Failure)
[76.885s][info][gc,heap        ] GC(279) PSYoungGen: 419648K(419840K)->1536K(410112K) Eden: 417792K(417792K)->0K(408576K) From: 1856K(2048K)->1536K(1536K)
[76.885s][info][gc,heap        ] GC(279) ParOldGen: 41692K(1398272K)->41964K(1398272K)
[76.885s][info][gc,metaspace   ] GC(279) Metaspace: 74293K(74944K)->74293K(74944K) NonClass: 59182K(59456K)->59182K(59456K) Class: 15110K(15488K)->15110K(15488K)
[76.885s][info][gc             ] GC(279) Pause Young (Allocation Failure) 450M->42M(1766M) 1.256ms
[76.886s][info][gc,cpu         ] GC(279) User=0.00s Sys=0.00s Real=0.00s
[76.985s][info][gc,start       ] GC(280) Pause Young (Allocation Failure)
[76.986s][info][gc,heap        ] GC(280) PSYoungGen: 410112K(410112K)->1728K(401920K) Eden: 408576K(408576K)->0K(399872K) From: 1536K(1536K)->1728K(2048K)
[76.986s][info][gc,heap        ] GC(280) ParOldGen: 41964K(1398272K)->42084K(1398272K)
[76.986s][info][gc,metaspace   ] GC(280) Metaspace: 74293K(74944K)->74293K(74944K) NonClass: 59182K(59456K)->59182K(59456K) Class: 15110K(15488K)->15110K(15488K)
[76.986s][info][gc             ] GC(280) Pause Young (Allocation Failure) 441M->42M(1758M) 1.385ms
[76.986s][info][gc,cpu         ] GC(280) User=0.00s Sys=0.00s Real=0.00s
[77.083s][info][gc,start       ] GC(281) Pause Young (Allocation Failure)
[77.084s][info][gc,heap        ] GC(281) PSYoungGen: 401599K(401920K)->1824K(393728K) Eden: 399871K(399872K)->0K(391680K) From: 1728K(2048K)->1824K(2048K)
[77.084s][info][gc,heap        ] GC(281) ParOldGen: 42084K(1398272K)->42180K(1398272K)
[77.084s][info][gc,metaspace   ] GC(281) Metaspace: 74293K(74944K)->74293K(74944K) NonClass: 59182K(59456K)->59182K(59456K) Class: 15110K(15488K)->15110K(15488K)
[77.084s][info][gc             ] GC(281) Pause Young (Allocation Failure) 433M->42M(1750M) 1.166ms
[77.085s][info][gc,cpu         ] GC(281) User=0.00s Sys=0.00s Real=0.00s
[77.180s][info][gc,start       ] GC(282) Pause Young (Allocation Failure)
[77.181s][info][gc,heap        ] GC(282) PSYoungGen: 393504K(393728K)->1856K(385536K) Eden: 391680K(391680K)->0K(383488K) From: 1824K(2048K)->1856K(2048K)
[77.181s][info][gc,heap        ] GC(282) ParOldGen: 42180K(1398272K)->42300K(1398272K)
[77.181s][info][gc,metaspace   ] GC(282) Metaspace: 74293K(74944K)->74293K(74944K) NonClass: 59182K(59456K)->59182K(59456K) Class: 15110K(15488K)->15110K(15488K)
[77.181s][info][gc             ] GC(282) Pause Young (Allocation Failure) 425M->43M(1742M) 1.497ms
[77.181s][info][gc,cpu         ] GC(282) User=0.00s Sys=0.00s Real=0.00s
[77.274s][info][gc,start       ] GC(283) Pause Young (Allocation Failure)
[77.275s][info][gc,heap        ] GC(283) PSYoungGen: 385344K(385536K)->1536K(377344K) Eden: 383488K(383488K)->0K(375808K) From: 1856K(2048K)->1536K(1536K)
[77.275s][info][gc,heap        ] GC(283) ParOldGen: 42300K(1398272K)->42460K(1398272K)
[77.275s][info][gc,metaspace   ] GC(283) Metaspace: 74293K(74944K)->74293K(74944K) NonClass: 59182K(59456K)->59182K(59456K) Class: 15110K(15488K)->15110K(15488K)
[77.275s][info][gc             ] GC(283) Pause Young (Allocation Failure) 417M->42M(1734M) 1.217ms
[77.275s][info][gc,cpu         ] GC(283) User=0.00s Sys=0.00s Real=0.00s
[77.367s][info][gc,start       ] GC(284) Pause Young (Allocation Failure)
[77.368s][info][gc,heap        ] GC(284) PSYoungGen: 377344K(377344K)->1824K(453120K) Eden: 375808K(375808K)->0K(451072K) From: 1536K(1536K)->1824K(2048K)
[77.368s][info][gc,heap        ] GC(284) ParOldGen: 42460K(1398272K)->42572K(1398272K)
[77.368s][info][gc,metaspace   ] GC(284) Metaspace: 74293K(74944K)->74293K(74944K) NonClass: 59182K(59456K)->59182K(59456K) Class: 15110K(15488K)->15110K(15488K)
[77.368s][info][gc             ] GC(284) Pause Young (Allocation Failure) 409M->43M(1808M) 1.337ms
[77.368s][info][gc,cpu         ] GC(284) User=0.00s Sys=0.00s Real=0.00s
[77.478s][info][gc,start       ] GC(285) Pause Young (Allocation Failure)
[77.479s][info][gc,heap        ] GC(285) PSYoungGen: 452896K(453120K)->1024K(441856K) Eden: 451072K(451072K)->0K(440832K) From: 1824K(2048K)->1024K(1024K)
[77.479s][info][gc,heap        ] GC(285) ParOldGen: 42572K(1398272K)->43084K(1398272K)
[77.479s][info][gc,metaspace   ] GC(285) Metaspace: 74293K(74944K)->74293K(74944K) NonClass: 59182K(59456K)->59182K(59456K) Class: 15110K(15488K)->15110K(15488K)
[77.479s][info][gc             ] GC(285) Pause Young (Allocation Failure) 483M->43M(1797M) 1.260ms
[77.479s][info][gc,cpu         ] GC(285) User=0.00s Sys=0.00s Real=0.00s
[77.586s][info][gc,start       ] GC(286) Pause Young (Allocation Failure)
[77.587s][info][gc,heap        ] GC(286) PSYoungGen: 441856K(441856K)->1984K(433152K) Eden: 440832K(440832K)->0K(431104K) From: 1024K(1024K)->1984K(2048K)
[77.587s][info][gc,heap        ] GC(286) ParOldGen: 43084K(1398272K)->43228K(1398272K)
[77.587s][info][gc,metaspace   ] GC(286) Metaspace: 74293K(74944K)->74293K(74944K) NonClass: 59182K(59456K)->59182K(59456K) Class: 15110K(15488K)->15110K(15488K)
[77.587s][info][gc             ] GC(286) Pause Young (Allocation Failure) 473M->44M(1788M) 1.299ms
[77.587s][info][gc,cpu         ] GC(286) User=0.00s Sys=0.00s Real=0.00s
[77.692s][info][gc,start       ] GC(287) Pause Young (Allocation Failure)
[77.694s][info][gc,heap        ] GC(287) PSYoungGen: 433088K(433152K)->1952K(423936K) Eden: 431104K(431104K)->0K(421888K) From: 1984K(2048K)->1952K(2048K)
[77.694s][info][gc,heap        ] GC(287) ParOldGen: 43228K(1398272K)->43364K(1398272K)
[77.694s][info][gc,metaspace   ] GC(287) Metaspace: 74293K(74944K)->74293K(74944K) NonClass: 59182K(59456K)->59182K(59456K) Class: 15110K(15488K)->15110K(15488K)
[77.694s][info][gc             ] GC(287) Pause Young (Allocation Failure) 465M->44M(1779M) 1.319ms
[77.694s][info][gc,cpu         ] GC(287) User=0.00s Sys=0.00s Real=0.00s
[77.797s][info][gc,start       ] GC(288) Pause Young (Allocation Failure)
[77.798s][info][gc,heap        ] GC(288) PSYoungGen: 423840K(423936K)->1792K(414720K) Eden: 421888K(421888K)->0K(412672K) From: 1952K(2048K)->1792K(2048K)
[77.798s][info][gc,heap        ] GC(288) ParOldGen: 43364K(1398272K)->43484K(1398272K)
[77.798s][info][gc,metaspace   ] GC(288) Metaspace: 74293K(74944K)->74293K(74944K) NonClass: 59182K(59456K)->59182K(59456K) Class: 15110K(15488K)->15110K(15488K)
[77.798s][info][gc             ] GC(288) Pause Young (Allocation Failure) 456M->44M(1770M) 1.619ms
[77.798s][info][gc,cpu         ] GC(288) User=0.00s Sys=0.00s Real=0.00s
[77.899s][info][gc,start       ] GC(289) Pause Young (Allocation Failure)
[77.900s][info][gc,heap        ] GC(289) PSYoungGen: 414464K(414720K)->1536K(405504K) Eden: 412672K(412672K)->0K(403968K) From: 1792K(2048K)->1536K(1536K)
[77.900s][info][gc,heap        ] GC(289) ParOldGen: 43484K(1398272K)->43756K(1398272K)
[77.900s][info][gc,metaspace   ] GC(289) Metaspace: 74293K(74944K)->74293K(74944K) NonClass: 59182K(59456K)->59182K(59456K) Class: 15110K(15488K)->15110K(15488K)
[77.900s][info][gc             ] GC(289) Pause Young (Allocation Failure) 447M->44M(1761M) 1.222ms
[77.900s][info][gc,cpu         ] GC(289) User=0.00s Sys=0.00s Real=0.00s
[77.998s][info][gc,start       ] GC(290) Pause Young (Allocation Failure)
[77.999s][info][gc,heap        ] GC(290) PSYoungGen: 405504K(405504K)->1856K(397312K) Eden: 403968K(403968K)->0K(395264K) From: 1536K(1536K)->1856K(2048K)
[77.999s][info][gc,heap        ] GC(290) ParOldGen: 43756K(1398272K)->43916K(1398272K)
[77.999s][info][gc,metaspace   ] GC(290) Metaspace: 74293K(74944K)->74293K(74944K) NonClass: 59182K(59456K)->59182K(59456K) Class: 15110K(15488K)->15110K(15488K)
[77.999s][info][gc             ] GC(290) Pause Young (Allocation Failure) 438M->44M(1753M) 1.411ms
[77.999s][info][gc,cpu         ] GC(290) User=0.00s Sys=0.00s Real=0.00s
[78.095s][info][gc,start       ] GC(291) Pause Young (Allocation Failure)
[78.096s][info][gc,heap        ] GC(291) PSYoungGen: 397120K(397312K)->1920K(389120K) Eden: 395264K(395264K)->0K(387072K) From: 1856K(2048K)->1920K(2048K)
[78.096s][info][gc,heap        ] GC(291) ParOldGen: 43916K(1398272K)->44036K(1398272K)
[78.096s][info][gc,metaspace   ] GC(291) Metaspace: 74293K(74944K)->74293K(74944K) NonClass: 59182K(59456K)->59182K(59456K) Class: 15110K(15488K)->15110K(15488K)
[78.096s][info][gc             ] GC(291) Pause Young (Allocation Failure) 430M->44M(1745M) 1.213ms
[78.096s][info][gc,cpu         ] GC(291) User=0.00s Sys=0.00s Real=0.00s
[78.190s][info][gc,start       ] GC(292) Pause Young (Allocation Failure)
[78.192s][info][gc,heap        ] GC(292) PSYoungGen: 388992K(389120K)->1920K(466944K) Eden: 387072K(387072K)->0K(464896K) From: 1920K(2048K)->1920K(2048K)
[78.192s][info][gc,heap        ] GC(292) ParOldGen: 44036K(1398272K)->44140K(1398272K)
[78.192s][info][gc,metaspace   ] GC(292) Metaspace: 74293K(74944K)->74293K(74944K) NonClass: 59182K(59456K)->59182K(59456K) Class: 15110K(15488K)->15110K(15488K)
[78.192s][info][gc             ] GC(292) Pause Young (Allocation Failure) 422M->44M(1821M) 1.573ms
[78.192s][info][gc,cpu         ] GC(292) User=0.00s Sys=0.00s Real=0.00s
[78.305s][info][gc,start       ] GC(293) Pause Young (Allocation Failure)
[78.306s][info][gc,heap        ] GC(293) PSYoungGen: 466816K(466944K)->1536K(455680K) Eden: 464896K(464896K)->0K(454144K) From: 1920K(2048K)->1536K(1536K)
[78.306s][info][gc,heap        ] GC(293) ParOldGen: 44140K(1398272K)->44316K(1398272K)
[78.306s][info][gc,metaspace   ] GC(293) Metaspace: 74293K(74944K)->74293K(74944K) NonClass: 59182K(59456K)->59182K(59456K) Class: 15110K(15488K)->15110K(15488K)
[78.306s][info][gc             ] GC(293) Pause Young (Allocation Failure) 498M->44M(1810M) 1.195ms
[78.306s][info][gc,cpu         ] GC(293) User=0.00s Sys=0.00s Real=0.00s
[78.416s][info][gc,start       ] GC(294) Pause Young (Allocation Failure)
[78.418s][info][gc,heap        ] GC(294) PSYoungGen: 455680K(455680K)->1792K(445952K) Eden: 454144K(454144K)->0K(443904K) From: 1536K(1536K)->1792K(2048K)
[78.418s][info][gc,heap        ] GC(294) ParOldGen: 44316K(1398272K)->44580K(1398272K)
[78.418s][info][gc,metaspace   ] GC(294) Metaspace: 74293K(74944K)->74293K(74944K) NonClass: 59182K(59456K)->59182K(59456K) Class: 15110K(15488K)->15110K(15488K)
[78.418s][info][gc             ] GC(294) Pause Young (Allocation Failure) 488M->45M(1801M) 1.452ms
[78.418s][info][gc,cpu         ] GC(294) User=0.00s Sys=0.00s Real=0.00s
[78.526s][info][gc,start       ] GC(295) Pause Young (Allocation Failure)
[78.527s][info][gc,heap        ] GC(295) PSYoungGen: 445696K(445952K)->1824K(436224K) Eden: 443904K(443904K)->0K(434176K) From: 1792K(2048K)->1824K(2048K)
[78.527s][info][gc,heap        ] GC(295) ParOldGen: 44580K(1398272K)->44700K(1398272K)
[78.527s][info][gc,metaspace   ] GC(295) Metaspace: 74293K(74944K)->74293K(74944K) NonClass: 59182K(59456K)->59182K(59456K) Class: 15110K(15488K)->15110K(15488K)
[78.527s][info][gc             ] GC(295) Pause Young (Allocation Failure) 478M->45M(1791M) 1.191ms
[78.527s][info][gc,cpu         ] GC(295) User=0.00s Sys=0.00s Real=0.00s
[78.634s][info][gc,start       ] GC(296) Pause Young (Allocation Failure)
[78.635s][info][gc,heap        ] GC(296) PSYoungGen: 436000K(436224K)->1824K(426496K) Eden: 434176K(434176K)->0K(424448K) From: 1824K(2048K)->1824K(2048K)
[78.635s][info][gc,heap        ] GC(296) ParOldGen: 44700K(1398272K)->44900K(1398272K)
[78.635s][info][gc,metaspace   ] GC(296) Metaspace: 74293K(74944K)->74293K(74944K) NonClass: 59182K(59456K)->59182K(59456K) Class: 15110K(15488K)->15110K(15488K)
[78.635s][info][gc             ] GC(296) Pause Young (Allocation Failure) 469M->45M(1782M) 1.489ms
[78.635s][info][gc,cpu         ] GC(296) User=0.00s Sys=0.00s Real=0.00s
[78.740s][info][gc,start       ] GC(297) Pause Young (Allocation Failure)
[78.742s][info][gc,heap        ] GC(297) PSYoungGen: 426272K(426496K)->512K(415744K) Eden: 424448K(424448K)->0K(415232K) From: 1824K(2048K)->512K(512K)
[78.742s][info][gc,heap        ] GC(297) ParOldGen: 44900K(1398272K)->45884K(1398272K)
[78.742s][info][gc,metaspace   ] GC(297) Metaspace: 74293K(74944K)->74293K(74944K) NonClass: 59182K(59456K)->59182K(59456K) Class: 15110K(15488K)->15110K(15488K)
[78.742s][info][gc             ] GC(297) Pause Young (Allocation Failure) 460M->45M(1771M) 1.258ms
[78.742s][info][gc,cpu         ] GC(297) User=0.00s Sys=0.00s Real=0.00s
[78.846s][info][gc,start       ] GC(298) Pause Young (Allocation Failure)
[78.847s][info][gc,heap        ] GC(298) PSYoungGen: 415744K(415744K)->1536K(409088K) Eden: 415232K(415232K)->0K(406528K) From: 512K(512K)->1536K(2560K)
[78.847s][info][gc,heap        ] GC(298) ParOldGen: 45884K(1398272K)->46132K(1398272K)
[78.847s][info][gc,metaspace   ] GC(298) Metaspace: 74293K(74944K)->74293K(74944K) NonClass: 59182K(59456K)->59182K(59456K) Class: 15110K(15488K)->15110K(15488K)
[78.847s][info][gc             ] GC(298) Pause Young (Allocation Failure) 450M->46M(1765M) 1.116ms
[78.847s][info][gc,cpu         ] GC(298) User=0.00s Sys=0.00s Real=0.00s
[78.957s][info][gc,start       ] GC(299) Pause Young (Allocation Failure)
[78.958s][info][gc,heap        ] GC(299) PSYoungGen: 408064K(409088K)->1568K(399872K) Eden: 406528K(406528K)->0K(397824K) From: 1536K(2560K)->1568K(2048K)
[78.958s][info][gc,heap        ] GC(299) ParOldGen: 46132K(1398272K)->46428K(1398272K)
[78.958s][info][gc,metaspace   ] GC(299) Metaspace: 74298K(74944K)->74298K(74944K) NonClass: 59187K(59456K)->59187K(59456K) Class: 15110K(15488K)->15110K(15488K)
[78.958s][info][gc             ] GC(299) Pause Young (Allocation Failure) 443M->46M(1756M) 1.241ms
[78.958s][info][gc,cpu         ] GC(299) User=0.00s Sys=0.00s Real=0.00s
[79.079s][info][gc,start       ] GC(300) Pause Young (Allocation Failure)
[79.080s][info][gc,heap        ] GC(300) PSYoungGen: 399392K(399872K)->1312K(391168K) Eden: 397824K(397824K)->0K(389632K) From: 1568K(2048K)->1312K(1536K)
[79.080s][info][gc,heap        ] GC(300) ParOldGen: 46428K(1398272K)->46796K(1398272K)
[79.080s][info][gc,metaspace   ] GC(300) Metaspace: 74300K(74944K)->74300K(74944K) NonClass: 59189K(59456K)->59189K(59456K) Class: 15110K(15488K)->15110K(15488K)
[79.080s][info][gc             ] GC(300) Pause Young (Allocation Failure) 435M->46M(1747M) 1.389ms
[79.080s][info][gc,cpu         ] GC(300) User=0.00s Sys=0.00s Real=0.00s
[79.228s][info][gc,start       ] GC(301) Pause Young (Allocation Failure)
[79.229s][info][gc,heap        ] GC(301) PSYoungGen: 390944K(391168K)->1152K(382976K) Eden: 389632K(389632K)->0K(381440K) From: 1312K(1536K)->1152K(1536K)
[79.229s][info][gc,heap        ] GC(301) ParOldGen: 46796K(1398272K)->47156K(1398272K)
[79.229s][info][gc,metaspace   ] GC(301) Metaspace: 74300K(74944K)->74300K(74944K) NonClass: 59189K(59456K)->59189K(59456K) Class: 15110K(15488K)->15110K(15488K)
[79.229s][info][gc             ] GC(301) Pause Young (Allocation Failure) 427M->47M(1739M) 1.264ms
[79.229s][info][gc,cpu         ] GC(301) User=0.00s Sys=0.00s Real=0.00s
[79.426s][info][gc,start       ] GC(302) Pause Young (Allocation Failure)
[79.427s][info][gc,heap        ] GC(302) PSYoungGen: 382592K(382976K)->1120K(375296K) Eden: 381440K(381440K)->0K(373760K) From: 1152K(1536K)->1120K(1536K)
[79.427s][info][gc,heap        ] GC(302) ParOldGen: 47156K(1398272K)->47500K(1398272K)
[79.427s][info][gc,metaspace   ] GC(302) Metaspace: 74300K(74944K)->74300K(74944K) NonClass: 59189K(59456K)->59189K(59456K) Class: 15110K(15488K)->15110K(15488K)
[79.427s][info][gc             ] GC(302) Pause Young (Allocation Failure) 419M->47M(1732M) 1.138ms
[79.427s][info][gc,cpu         ] GC(302) User=0.00s Sys=0.00s Real=0.00s
[79.658s][info][gc,start       ] GC(303) Pause Young (Allocation Failure)
[79.659s][info][gc,heap        ] GC(303) PSYoungGen: 374880K(375296K)->1056K(367616K) Eden: 373760K(373760K)->0K(366080K) From: 1120K(1536K)->1056K(1536K)
[79.659s][info][gc,heap        ] GC(303) ParOldGen: 47500K(1398272K)->47820K(1398272K)
[79.659s][info][gc,metaspace   ] GC(303) Metaspace: 74300K(74944K)->74300K(74944K) NonClass: 59189K(59456K)->59189K(59456K) Class: 15110K(15488K)->15110K(15488K)
[79.659s][info][gc             ] GC(303) Pause Young (Allocation Failure) 412M->47M(1724M) 1.069ms
[79.659s][info][gc,cpu         ] GC(303) User=0.00s Sys=0.00s Real=0.00s
[79.895s][info][gc,start       ] GC(304) Pause Young (Allocation Failure)
[79.896s][info][gc,heap        ] GC(304) PSYoungGen: 367136K(367616K)->1024K(359936K) Eden: 366080K(366080K)->0K(358912K) From: 1056K(1536K)->1024K(1024K)
[79.896s][info][gc,heap        ] GC(304) ParOldGen: 47820K(1398272K)->47956K(1398272K)
[79.896s][info][gc,metaspace   ] GC(304) Metaspace: 74300K(74944K)->74300K(74944K) NonClass: 59189K(59456K)->59189K(59456K) Class: 15110K(15488K)->15110K(15488K)
[79.896s][info][gc             ] GC(304) Pause Young (Allocation Failure) 405M->47M(1717M) 1.016ms
[79.896s][info][gc,cpu         ] GC(304) User=0.00s Sys=0.00s Real=0.00s
[80.129s][info][gc,start       ] GC(305) Pause Young (Allocation Failure)
[80.129s][info][gc,heap        ] GC(305) PSYoungGen: 359936K(359936K)->1056K(353280K) Eden: 358912K(358912K)->0K(351744K) From: 1024K(1024K)->1056K(1536K)
[80.129s][info][gc,heap        ] GC(305) ParOldGen: 47956K(1398272K)->48044K(1398272K)
[80.129s][info][gc,metaspace   ] GC(305) Metaspace: 74300K(74944K)->74300K(74944K) NonClass: 59189K(59456K)->59189K(59456K) Class: 15110K(15488K)->15110K(15488K)
[80.130s][info][gc             ] GC(305) Pause Young (Allocation Failure) 398M->47M(1710M) 0.902ms
[80.130s][info][gc,cpu         ] GC(305) User=0.00s Sys=0.00s Real=0.00s
[80.357s][info][gc,start       ] GC(306) Pause Young (Allocation Failure)
[80.358s][info][gc,heap        ] GC(306) PSYoungGen: 352800K(353280K)->1056K(346624K) Eden: 351744K(351744K)->0K(345088K) From: 1056K(1536K)->1056K(1536K)
[80.358s][info][gc,heap        ] GC(306) ParOldGen: 48044K(1398272K)->48044K(1398272K)
[80.358s][info][gc,metaspace   ] GC(306) Metaspace: 74300K(74944K)->74300K(74944K) NonClass: 59189K(59456K)->59189K(59456K) Class: 15110K(15488K)->15110K(15488K)
[80.358s][info][gc             ] GC(306) Pause Young (Allocation Failure) 391M->47M(1704M) 0.960ms
[80.358s][info][gc,cpu         ] GC(306) User=0.00s Sys=0.00s Real=0.00s
[80.581s][info][gc,start       ] GC(307) Pause Young (Allocation Failure)
[80.582s][info][gc,heap        ] GC(307) PSYoungGen: 346144K(346624K)->1056K(339968K) Eden: 345088K(345088K)->0K(338432K) From: 1056K(1536K)->1056K(1536K)
[80.582s][info][gc,heap        ] GC(307) ParOldGen: 48044K(1398272K)->48052K(1398272K)
[80.582s][info][gc,metaspace   ] GC(307) Metaspace: 74300K(74944K)->74300K(74944K) NonClass: 59189K(59456K)->59189K(59456K) Class: 15110K(15488K)->15110K(15488K)
[80.582s][info][gc             ] GC(307) Pause Young (Allocation Failure) 384M->47M(1697M) 1.063ms
[80.582s][info][gc,cpu         ] GC(307) User=0.52s Sys=0.00s Real=0.02s
[80.817s][info][gc,start       ] GC(308) Pause Young (System.gc())
[80.819s][info][gc,heap        ] GC(308) PSYoungGen: 317470K(339968K)->1152K(339968K) Eden: 316414K(338432K)->0K(338432K) From: 1056K(1536K)->1152K(1536K)
[80.819s][info][gc,heap        ] GC(308) ParOldGen: 48052K(1398272K)->48060K(1398272K)
[80.819s][info][gc,metaspace   ] GC(308) Metaspace: 74345K(74944K)->74345K(74944K) NonClass: 59234K(59456K)->59234K(59456K) Class: 15110K(15488K)->15110K(15488K)
[80.819s][info][gc             ] GC(308) Pause Young (System.gc()) 356M->48M(1697M) 1.564ms
[80.819s][info][gc,cpu         ] GC(308) User=0.00s Sys=0.00s Real=0.00s
[80.819s][info][gc,start       ] GC(309) Pause Full (System.gc())
[80.819s][info][gc,phases,start] GC(309) Marking Phase
[80.856s][info][gc,phases      ] GC(309) Marking Phase 36.905ms
[80.856s][info][gc,phases,start] GC(309) Summary Phase
[80.856s][info][gc,phases      ] GC(309) Summary Phase 0.014ms
[80.856s][info][gc,phases,start] GC(309) Adjust Roots
[80.868s][info][gc,phases      ] GC(309) Adjust Roots 12.223ms
[80.868s][info][gc,phases,start] GC(309) Compaction Phase
[80.876s][info][gc,phases      ] GC(309) Compaction Phase 7.720ms
[80.876s][info][gc,phases,start] GC(309) Post Compact
[80.877s][info][gc,phases      ] GC(309) Post Compact 0.751ms
[80.877s][info][gc,heap        ] GC(309) PSYoungGen: 1152K(339968K)->0K(339968K) Eden: 0K(338432K)->0K(338432K) From: 1152K(1536K)->0K(1536K)
[80.877s][info][gc,heap        ] GC(309) ParOldGen: 48060K(1398272K)->35499K(1398272K)
[80.877s][info][gc,metaspace   ] GC(309) Metaspace: 74345K(74944K)->74345K(74944K) NonClass: 59234K(59456K)->59234K(59456K) Class: 15110K(15488K)->15110K(15488K)
[80.877s][info][gc             ] GC(309) Pause Full (System.gc()) 48M->34M(1697M) 57.834ms
[80.877s][info][gc,cpu         ] GC(309) User=0.55s Sys=0.00s Real=0.05s
[80.990s][info][gc,start       ] GC(310) Pause Young (Allocation Failure)
[80.992s][info][gc,heap        ] GC(310) PSYoungGen: 338432K(339968K)->2560K(334848K) Eden: 338432K(338432K)->0K(332288K) From: 0K(1536K)->2560K(2560K)
[80.992s][info][gc,heap        ] GC(310) ParOldGen: 35499K(1398272K)->36459K(1398272K)
[80.992s][info][gc,metaspace   ] GC(310) Metaspace: 74529K(75136K)->74529K(75136K) NonClass: 59418K(59648K)->59418K(59648K) Class: 15110K(15488K)->15110K(15488K)
[80.992s][info][gc             ] GC(310) Pause Young (Allocation Failure) 365M->38M(1692M) 1.759ms
[80.992s][info][gc,cpu         ] GC(310) User=0.53s Sys=0.00s Real=0.00s
[81.074s][info][gc,start       ] GC(311) Pause Young (Allocation Failure)
[81.076s][info][gc,heap        ] GC(311) PSYoungGen: 334848K(334848K)->1984K(328192K) Eden: 332288K(332288K)->0K(326144K) From: 2560K(2560K)->1984K(2048K)
[81.076s][info][gc,heap        ] GC(311) ParOldGen: 36459K(1398272K)->38251K(1398272K)
[81.076s][info][gc,metaspace   ] GC(311) Metaspace: 74529K(75136K)->74529K(75136K) NonClass: 59418K(59648K)->59418K(59648K) Class: 15110K(15488K)->15110K(15488K)
[81.076s][info][gc             ] GC(311) Pause Young (Allocation Failure) 362M->39M(1686M) 1.856ms
[81.076s][info][gc,cpu         ] GC(311) User=0.00s Sys=0.00s Real=0.00s
[81.155s][info][gc,start       ] GC(312) Pause Young (Allocation Failure)
[81.156s][info][gc,heap        ] GC(312) PSYoungGen: 328128K(328192K)->1856K(322048K) Eden: 326144K(326144K)->0K(320000K) From: 1984K(2048K)->1856K(2048K)
[81.156s][info][gc,heap        ] GC(312) ParOldGen: 38251K(1398272K)->38459K(1398272K)
[81.156s][info][gc,metaspace   ] GC(312) Metaspace: 74529K(75136K)->74529K(75136K) NonClass: 59418K(59648K)->59418K(59648K) Class: 15110K(15488K)->15110K(15488K)
[81.156s][info][gc             ] GC(312) Pause Young (Allocation Failure) 357M->39M(1680M) 1.326ms
[81.157s][info][gc,cpu         ] GC(312) User=0.00s Sys=0.00s Real=0.00s
[81.234s][info][gc,start       ] GC(313) Pause Young (Allocation Failure)
[81.235s][info][gc,heap        ] GC(313) PSYoungGen: 321856K(322048K)->1792K(316416K) Eden: 320000K(320000K)->0K(314368K) From: 1856K(2048K)->1792K(2048K)
[81.235s][info][gc,heap        ] GC(313) ParOldGen: 38459K(1398272K)->38571K(1398272K)
[81.235s][info][gc,metaspace   ] GC(313) Metaspace: 74529K(75136K)->74529K(75136K) NonClass: 59418K(59648K)->59418K(59648K) Class: 15110K(15488K)->15110K(15488K)
[81.235s][info][gc             ] GC(313) Pause Young (Allocation Failure) 351M->39M(1674M) 1.498ms
[81.235s][info][gc,cpu         ] GC(313) User=0.00s Sys=0.00s Real=0.00s
[81.311s][info][gc,start       ] GC(314) Pause Young (Allocation Failure)
[81.313s][info][gc,heap        ] GC(314) PSYoungGen: 316160K(316416K)->1888K(379392K) Eden: 314368K(314368K)->0K(377344K) From: 1792K(2048K)->1888K(2048K)
[81.313s][info][gc,heap        ] GC(314) ParOldGen: 38571K(1398272K)->38715K(1398272K)
[81.313s][info][gc,metaspace   ] GC(314) Metaspace: 74529K(75136K)->74529K(75136K) NonClass: 59418K(59648K)->59418K(59648K) Class: 15110K(15488K)->15110K(15488K)
[81.313s][info][gc             ] GC(314) Pause Young (Allocation Failure) 346M->39M(1736M) 1.321ms
[81.313s][info][gc,cpu         ] GC(314) User=0.00s Sys=0.00s Real=0.00s
[81.404s][info][gc,start       ] GC(315) Pause Young (Allocation Failure)
[81.406s][info][gc,heap        ] GC(315) PSYoungGen: 379232K(379392K)->1824K(455168K) Eden: 377344K(377344K)->0K(453120K) From: 1888K(2048K)->1824K(2048K)
[81.406s][info][gc,heap        ] GC(315) ParOldGen: 38715K(1398272K)->38787K(1398272K)
[81.406s][info][gc,metaspace   ] GC(315) Metaspace: 74529K(75136K)->74529K(75136K) NonClass: 59418K(59648K)->59418K(59648K) Class: 15110K(15488K)->15110K(15488K)
[81.406s][info][gc             ] GC(315) Pause Young (Allocation Failure) 408M->39M(1810M) 1.396ms
[81.406s][info][gc,cpu         ] GC(315) User=0.00s Sys=0.00s Real=0.00s
[81.516s][info][gc,start       ] GC(316) Pause Young (Allocation Failure)
[81.517s][info][gc,heap        ] GC(316) PSYoungGen: 454944K(455168K)->1792K(444928K) Eden: 453120K(453120K)->0K(442880K) From: 1824K(2048K)->1792K(2048K)
[81.517s][info][gc,heap        ] GC(316) ParOldGen: 38787K(1398272K)->38851K(1398272K)
[81.517s][info][gc,metaspace   ] GC(316) Metaspace: 74529K(75136K)->74529K(75136K) NonClass: 59418K(59648K)->59418K(59648K) Class: 15110K(15488K)->15110K(15488K)
[81.517s][info][gc             ] GC(316) Pause Young (Allocation Failure) 482M->39M(1800M) 1.230ms
[81.517s][info][gc,cpu         ] GC(316) User=0.00s Sys=0.00s Real=0.00s
[81.625s][info][gc,start       ] GC(317) Pause Young (Allocation Failure)
[81.627s][info][gc,heap        ] GC(317) PSYoungGen: 444672K(444928K)->1824K(435200K) Eden: 442880K(442880K)->0K(433152K) From: 1792K(2048K)->1824K(2048K)
[81.627s][info][gc,heap        ] GC(317) ParOldGen: 38851K(1398272K)->38899K(1398272K)
[81.627s][info][gc,metaspace   ] GC(317) Metaspace: 74529K(75136K)->74529K(75136K) NonClass: 59418K(59648K)->59418K(59648K) Class: 15110K(15488K)->15110K(15488K)
[81.627s][info][gc             ] GC(317) Pause Young (Allocation Failure) 472M->39M(1790M) 1.358ms
[81.627s][info][gc,cpu         ] GC(317) User=0.00s Sys=0.00s Real=0.00s
[81.734s][info][gc,start       ] GC(318) Pause Young (Allocation Failure)
[81.735s][info][gc,heap        ] GC(318) PSYoungGen: 434976K(435200K)->1856K(425472K) Eden: 433152K(433152K)->0K(423424K) From: 1824K(2048K)->1856K(2048K)
[81.735s][info][gc,heap        ] GC(318) ParOldGen: 38899K(1398272K)->39011K(1398272K)
[81.735s][info][gc,metaspace   ] GC(318) Metaspace: 74529K(75136K)->74529K(75136K) NonClass: 59418K(59648K)->59418K(59648K) Class: 15110K(15488K)->15110K(15488K)
[81.735s][info][gc             ] GC(318) Pause Young (Allocation Failure) 462M->39M(1781M) 1.234ms
[81.735s][info][gc,cpu         ] GC(318) User=0.00s Sys=0.00s Real=0.00s
[81.838s][info][gc,start       ] GC(319) Pause Young (Allocation Failure)
[81.840s][info][gc,heap        ] GC(319) PSYoungGen: 425280K(425472K)->1888K(416256K) Eden: 423424K(423424K)->0K(414208K) From: 1856K(2048K)->1888K(2048K)
[81.840s][info][gc,heap        ] GC(319) ParOldGen: 39011K(1398272K)->39147K(1398272K)
[81.840s][info][gc,metaspace   ] GC(319) Metaspace: 74529K(75136K)->74529K(75136K) NonClass: 59418K(59648K)->59418K(59648K) Class: 15110K(15488K)->15110K(15488K)
[81.840s][info][gc             ] GC(319) Pause Young (Allocation Failure) 453M->40M(1772M) 1.432ms
[81.840s][info][gc,cpu         ] GC(319) User=0.00s Sys=0.00s Real=0.00s
[81.940s][info][gc,start       ] GC(320) Pause Young (Allocation Failure)
[81.942s][info][gc,heap        ] GC(320) PSYoungGen: 416096K(416256K)->1888K(407552K) Eden: 414208K(414208K)->0K(405504K) From: 1888K(2048K)->1888K(2048K)
[81.942s][info][gc,heap        ] GC(320) ParOldGen: 39147K(1398272K)->39411K(1398272K)
[81.942s][info][gc,metaspace   ] GC(320) Metaspace: 74529K(75136K)->74529K(75136K) NonClass: 59418K(59648K)->59418K(59648K) Class: 15110K(15488K)->15110K(15488K)
[81.942s][info][gc             ] GC(320) Pause Young (Allocation Failure) 444M->40M(1763M) 1.337ms
[81.942s][info][gc,cpu         ] GC(320) User=0.00s Sys=0.00s Real=0.00s
[82.041s][info][gc,start       ] GC(321) Pause Young (Allocation Failure)
[82.042s][info][gc,heap        ] GC(321) PSYoungGen: 407392K(407552K)->1760K(398848K) Eden: 405504K(405504K)->0K(396800K) From: 1888K(2048K)->1760K(2048K)
[82.042s][info][gc,heap        ] GC(321) ParOldGen: 39411K(1398272K)->39499K(1398272K)
[82.042s][info][gc,metaspace   ] GC(321) Metaspace: 74529K(75136K)->74529K(75136K) NonClass: 59418K(59648K)->59418K(59648K) Class: 15110K(15488K)->15110K(15488K)
[82.042s][info][gc             ] GC(321) Pause Young (Allocation Failure) 436M->40M(1755M) 1.493ms
[82.042s][info][gc,cpu         ] GC(321) User=0.00s Sys=0.00s Real=0.00s
[82.138s][info][gc,start       ] GC(322) Pause Young (Allocation Failure)
[82.139s][info][gc,heap        ] GC(322) PSYoungGen: 398560K(398848K)->1536K(390144K) Eden: 396800K(396800K)->0K(388608K) From: 1760K(2048K)->1536K(1536K)
[82.139s][info][gc,heap        ] GC(322) ParOldGen: 39499K(1398272K)->39691K(1398272K)
[82.139s][info][gc,metaspace   ] GC(322) Metaspace: 74529K(75136K)->74529K(75136K) NonClass: 59418K(59648K)->59418K(59648K) Class: 15110K(15488K)->15110K(15488K)
[82.139s][info][gc             ] GC(322) Pause Young (Allocation Failure) 427M->40M(1746M) 1.133ms
[82.139s][info][gc,cpu         ] GC(322) User=0.00s Sys=0.00s Real=0.00s
[82.234s][info][gc,start       ] GC(323) Pause Young (Allocation Failure)
[82.235s][info][gc,heap        ] GC(323) PSYoungGen: 390144K(390144K)->1856K(382464K) Eden: 388608K(388608K)->0K(380416K) From: 1536K(1536K)->1856K(2048K)
[82.235s][info][gc,heap        ] GC(323) ParOldGen: 39691K(1398272K)->39867K(1398272K)
[82.235s][info][gc,metaspace   ] GC(323) Metaspace: 74529K(75136K)->74529K(75136K) NonClass: 59418K(59648K)->59418K(59648K) Class: 15110K(15488K)->15110K(15488K)
[82.235s][info][gc             ] GC(323) Pause Young (Allocation Failure) 419M->40M(1739M) 1.371ms
[82.235s][info][gc,cpu         ] GC(323) User=0.00s Sys=0.00s Real=0.00s
[82.328s][info][gc,start       ] GC(324) Pause Young (Allocation Failure)
[82.329s][info][gc,heap        ] GC(324) PSYoungGen: 382272K(382464K)->1888K(374784K) Eden: 380416K(380416K)->0K(372736K) From: 1856K(2048K)->1888K(2048K)
[82.329s][info][gc,heap        ] GC(324) ParOldGen: 39867K(1398272K)->40027K(1398272K)
[82.329s][info][gc,metaspace   ] GC(324) Metaspace: 74529K(75136K)->74529K(75136K) NonClass: 59418K(59648K)->59418K(59648K) Class: 15110K(15488K)->15110K(15488K)
[82.329s][info][gc             ] GC(324) Pause Young (Allocation Failure) 412M->40M(1731M) 1.186ms
[82.329s][info][gc,cpu         ] GC(324) User=0.00s Sys=0.00s Real=0.00s
[82.419s][info][gc,start       ] GC(325) Pause Young (Allocation Failure)
[82.421s][info][gc,heap        ] GC(325) PSYoungGen: 374624K(374784K)->1888K(367104K) Eden: 372736K(372736K)->0K(365056K) From: 1888K(2048K)->1888K(2048K)
[82.421s][info][gc,heap        ] GC(325) ParOldGen: 40027K(1398272K)->40131K(1398272K)
[82.421s][info][gc,metaspace   ] GC(325) Metaspace: 74529K(75136K)->74529K(75136K) NonClass: 59418K(59648K)->59418K(59648K) Class: 15110K(15488K)->15110K(15488K)
[82.421s][info][gc             ] GC(325) Pause Young (Allocation Failure) 404M->41M(1724M) 1.413ms
[82.421s][info][gc,cpu         ] GC(325) User=0.00s Sys=0.00s Real=0.00s
[82.510s][info][gc,start       ] GC(326) Pause Young (Allocation Failure)
[82.511s][info][gc,heap        ] GC(326) PSYoungGen: 366944K(367104K)->1536K(439808K) Eden: 365056K(365056K)->0K(438272K) From: 1888K(2048K)->1536K(1536K)
[82.511s][info][gc,heap        ] GC(326) ParOldGen: 40131K(1398272K)->40275K(1398272K)
[82.511s][info][gc,metaspace   ] GC(326) Metaspace: 74529K(75136K)->74529K(75136K) NonClass: 59418K(59648K)->59418K(59648K) Class: 15110K(15488K)->15110K(15488K)
[82.511s][info][gc             ] GC(326) Pause Young (Allocation Failure) 397M->40M(1795M) 1.125ms
[82.511s][info][gc,cpu         ] GC(326) User=0.00s Sys=0.00s Real=0.00s
[82.617s][info][gc,start       ] GC(327) Pause Young (Allocation Failure)
[82.619s][info][gc,heap        ] GC(327) PSYoungGen: 439808K(439808K)->1888K(430592K) Eden: 438272K(438272K)->0K(428544K) From: 1536K(1536K)->1888K(2048K)
[82.619s][info][gc,heap        ] GC(327) ParOldGen: 40275K(1398272K)->40403K(1398272K)
[82.619s][info][gc,metaspace   ] GC(327) Metaspace: 74529K(75136K)->74529K(75136K) NonClass: 59418K(59648K)->59418K(59648K) Class: 15110K(15488K)->15110K(15488K)
[82.619s][info][gc             ] GC(327) Pause Young (Allocation Failure) 468M->41M(1786M) 1.371ms
[82.619s][info][gc,cpu         ] GC(327) User=0.00s Sys=0.00s Real=0.00s
[82.723s][info][gc,start       ] GC(328) Pause Young (Allocation Failure)
[82.724s][info][gc,heap        ] GC(328) PSYoungGen: 430432K(430592K)->1792K(421376K) Eden: 428544K(428544K)->0K(419328K) From: 1888K(2048K)->1792K(2048K)
[82.724s][info][gc,heap        ] GC(328) ParOldGen: 40403K(1398272K)->40483K(1398272K)
[82.724s][info][gc,metaspace   ] GC(328) Metaspace: 74529K(75136K)->74529K(75136K) NonClass: 59418K(59648K)->59418K(59648K) Class: 15110K(15488K)->15110K(15488K)
[82.724s][info][gc             ] GC(328) Pause Young (Allocation Failure) 459M->41M(1777M) 1.154ms
[82.724s][info][gc,cpu         ] GC(328) User=0.00s Sys=0.00s Real=0.00s
[82.826s][info][gc,start       ] GC(329) Pause Young (Allocation Failure)
[82.827s][info][gc,heap        ] GC(329) PSYoungGen: 421120K(421376K)->1952K(412160K) Eden: 419328K(419328K)->0K(410112K) From: 1792K(2048K)->1952K(2048K)
[82.827s][info][gc,heap        ] GC(329) ParOldGen: 40483K(1398272K)->40611K(1398272K)
[82.827s][info][gc,metaspace   ] GC(329) Metaspace: 74529K(75136K)->74529K(75136K) NonClass: 59418K(59648K)->59418K(59648K) Class: 15110K(15488K)->15110K(15488K)
[82.827s][info][gc             ] GC(329) Pause Young (Allocation Failure) 450M->41M(1768M) 1.428ms
[82.827s][info][gc,cpu         ] GC(329) User=0.00s Sys=0.00s Real=0.00s
[82.927s][info][gc,start       ] GC(330) Pause Young (Allocation Failure)
[82.928s][info][gc,heap        ] GC(330) PSYoungGen: 412064K(412160K)->1536K(402944K) Eden: 410112K(410112K)->0K(401408K) From: 1952K(2048K)->1536K(1536K)
[82.928s][info][gc,heap        ] GC(330) ParOldGen: 40611K(1398272K)->40899K(1398272K)
[82.928s][info][gc,metaspace   ] GC(330) Metaspace: 74529K(75136K)->74529K(75136K) NonClass: 59418K(59648K)->59418K(59648K) Class: 15110K(15488K)->15110K(15488K)
[82.928s][info][gc             ] GC(330) Pause Young (Allocation Failure) 442M->41M(1759M) 1.140ms
[82.928s][info][gc,cpu         ] GC(330) User=0.00s Sys=0.00s Real=0.00s
[83.026s][info][gc,start       ] GC(331) Pause Young (Allocation Failure)
[83.027s][info][gc,heap        ] GC(331) PSYoungGen: 402944K(402944K)->1888K(395264K) Eden: 401408K(401408K)->0K(393216K) From: 1536K(1536K)->1888K(2048K)
[83.027s][info][gc,heap        ] GC(331) ParOldGen: 40899K(1398272K)->41003K(1398272K)
[83.027s][info][gc,metaspace   ] GC(331) Metaspace: 74529K(75136K)->74529K(75136K) NonClass: 59418K(59648K)->59418K(59648K) Class: 15110K(15488K)->15110K(15488K)
[83.027s][info][gc             ] GC(331) Pause Young (Allocation Failure) 433M->41M(1751M) 1.494ms
[83.027s][info][gc,cpu         ] GC(331) User=0.00s Sys=0.00s Real=0.00s
[83.123s][info][gc,start       ] GC(332) Pause Young (Allocation Failure)
[83.124s][info][gc,heap        ] GC(332) PSYoungGen: 395103K(395264K)->1856K(387072K) Eden: 393215K(393216K)->0K(385024K) From: 1888K(2048K)->1856K(2048K)
[83.124s][info][gc,heap        ] GC(332) ParOldGen: 41003K(1398272K)->41139K(1398272K)
[83.124s][info][gc,metaspace   ] GC(332) Metaspace: 74529K(75136K)->74529K(75136K) NonClass: 59418K(59648K)->59418K(59648K) Class: 15110K(15488K)->15110K(15488K)
[83.124s][info][gc             ] GC(332) Pause Young (Allocation Failure) 425M->41M(1743M) 1.144ms
[83.124s][info][gc,cpu         ] GC(332) User=0.00s Sys=0.00s Real=0.00s
[83.218s][info][gc,start       ] GC(333) Pause Young (Allocation Failure)
[83.219s][info][gc,heap        ] GC(333) PSYoungGen: 386880K(387072K)->1888K(379392K) Eden: 385024K(385024K)->0K(377344K) From: 1856K(2048K)->1888K(2048K)
[83.219s][info][gc,heap        ] GC(333) ParOldGen: 41139K(1398272K)->41219K(1398272K)
[83.219s][info][gc,metaspace   ] GC(333) Metaspace: 74529K(75136K)->74529K(75136K) NonClass: 59418K(59648K)->59418K(59648K) Class: 15110K(15488K)->15110K(15488K)
[83.219s][info][gc             ] GC(333) Pause Young (Allocation Failure) 417M->42M(1736M) 1.502ms
[83.219s][info][gc,cpu         ] GC(333) User=0.00s Sys=0.00s Real=0.00s
[83.311s][info][gc,start       ] GC(334) Pause Young (Allocation Failure)
[83.312s][info][gc,heap        ] GC(334) PSYoungGen: 379232K(379392K)->1536K(371200K) Eden: 377344K(377344K)->0K(369664K) From: 1888K(2048K)->1536K(1536K)
[83.312s][info][gc,heap        ] GC(334) ParOldGen: 41219K(1398272K)->41427K(1398272K)
[83.312s][info][gc,metaspace   ] GC(334) Metaspace: 74529K(75136K)->74529K(75136K) NonClass: 59418K(59648K)->59418K(59648K) Class: 15110K(15488K)->15110K(15488K)
[83.312s][info][gc             ] GC(334) Pause Young (Allocation Failure) 410M->41M(1728M) 1.122ms
[83.312s][info][gc,cpu         ] GC(334) User=0.00s Sys=0.00s Real=0.00s
[83.402s][info][gc,start       ] GC(335) Pause Young (Allocation Failure)
[83.403s][info][gc,heap        ] GC(335) PSYoungGen: 371200K(371200K)->1856K(364544K) Eden: 369664K(369664K)->0K(362496K) From: 1536K(1536K)->1856K(2048K)
[83.403s][info][gc,heap        ] GC(335) ParOldGen: 41427K(1398272K)->41571K(1398272K)
[83.403s][info][gc,metaspace   ] GC(335) Metaspace: 74529K(75136K)->74529K(75136K) NonClass: 59418K(59648K)->59418K(59648K) Class: 15110K(15488K)->15110K(15488K)
[83.403s][info][gc             ] GC(335) Pause Young (Allocation Failure) 402M->42M(1721M) 1.383ms
[83.403s][info][gc,cpu         ] GC(335) User=0.00s Sys=0.00s Real=0.00s
[83.492s][info][gc,start       ] GC(336) Pause Young (Allocation Failure)
[83.493s][info][gc,heap        ] GC(336) PSYoungGen: 364352K(364544K)->1760K(437248K) Eden: 362496K(362496K)->0K(435200K) From: 1856K(2048K)->1760K(2048K)
[83.493s][info][gc,heap        ] GC(336) ParOldGen: 41571K(1398272K)->41699K(1398272K)
[83.493s][info][gc,metaspace   ] GC(336) Metaspace: 74529K(75136K)->74529K(75136K) NonClass: 59418K(59648K)->59418K(59648K) Class: 15110K(15488K)->15110K(15488K)
[83.493s][info][gc             ] GC(336) Pause Young (Allocation Failure) 396M->42M(1792M) 1.239ms
[83.493s][info][gc,cpu         ] GC(336) User=0.00s Sys=0.00s Real=0.00s
[83.599s][info][gc,start       ] GC(337) Pause Young (Allocation Failure)
[83.601s][info][gc,heap        ] GC(337) PSYoungGen: 436960K(437248K)->1856K(427520K) Eden: 435200K(435200K)->0K(425472K) From: 1760K(2048K)->1856K(2048K)
[83.601s][info][gc,heap        ] GC(337) ParOldGen: 41699K(1398272K)->41819K(1398272K)
[83.601s][info][gc,metaspace   ] GC(337) Metaspace: 74529K(75136K)->74529K(75136K) NonClass: 59418K(59648K)->59418K(59648K) Class: 15110K(15488K)->15110K(15488K)
[83.601s][info][gc             ] GC(337) Pause Young (Allocation Failure) 467M->42M(1783M) 1.732ms
[83.601s][info][gc,cpu         ] GC(337) User=0.52s Sys=0.00s Real=0.00s
[83.705s][info][gc,start       ] GC(338) Pause Young (Allocation Failure)
[83.706s][info][gc,heap        ] GC(338) PSYoungGen: 427328K(427520K)->1536K(417792K) Eden: 425472K(425472K)->0K(416256K) From: 1856K(2048K)->1536K(1536K)
[83.706s][info][gc,heap        ] GC(338) ParOldGen: 41819K(1398272K)->42019K(1398272K)
[83.706s][info][gc,metaspace   ] GC(338) Metaspace: 74530K(75136K)->74530K(75136K) NonClass: 59419K(59648K)->59419K(59648K) Class: 15111K(15488K)->15111K(15488K)
[83.706s][info][gc             ] GC(338) Pause Young (Allocation Failure) 458M->42M(1773M) 1.188ms
[83.706s][info][gc,cpu         ] GC(338) User=0.00s Sys=0.00s Real=0.00s
[83.807s][info][gc,start       ] GC(339) Pause Young (Allocation Failure)
[83.809s][info][gc,heap        ] GC(339) PSYoungGen: 417792K(417792K)->1920K(409600K) Eden: 416256K(416256K)->0K(407552K) From: 1536K(1536K)->1920K(2048K)
[83.809s][info][gc,heap        ] GC(339) ParOldGen: 42019K(1398272K)->42179K(1398272K)
[83.809s][info][gc,metaspace   ] GC(339) Metaspace: 74530K(75136K)->74530K(75136K) NonClass: 59419K(59648K)->59419K(59648K) Class: 15111K(15488K)->15111K(15488K)
[83.809s][info][gc             ] GC(339) Pause Young (Allocation Failure) 449M->43M(1765M) 1.353ms
[83.809s][info][gc,cpu         ] GC(339) User=0.00s Sys=0.00s Real=0.00s
[83.908s][info][gc,start       ] GC(340) Pause Young (Allocation Failure)
[83.909s][info][gc,heap        ] GC(340) PSYoungGen: 409472K(409600K)->1952K(400896K) Eden: 407552K(407552K)->0K(398848K) From: 1920K(2048K)->1952K(2048K)
[83.909s][info][gc,heap        ] GC(340) ParOldGen: 42179K(1398272K)->42435K(1398272K)
[83.909s][info][gc,metaspace   ] GC(340) Metaspace: 74530K(75136K)->74530K(75136K) NonClass: 59419K(59648K)->59419K(59648K) Class: 15111K(15488K)->15111K(15488K)
[83.909s][info][gc             ] GC(340) Pause Young (Allocation Failure) 441M->43M(1757M) 1.177ms
[83.909s][info][gc,cpu         ] GC(340) User=0.00s Sys=0.00s Real=0.00s
[84.006s][info][gc,start       ] GC(341) Pause Young (Allocation Failure)
[84.007s][info][gc,heap        ] GC(341) PSYoungGen: 400800K(400896K)->1824K(392704K) Eden: 398848K(398848K)->0K(390656K) From: 1952K(2048K)->1824K(2048K)
[84.008s][info][gc,heap        ] GC(341) ParOldGen: 42435K(1398272K)->42531K(1398272K)
[84.008s][info][gc,metaspace   ] GC(341) Metaspace: 74530K(75136K)->74530K(75136K) NonClass: 59419K(59648K)->59419K(59648K) Class: 15111K(15488K)->15111K(15488K)
[84.008s][info][gc             ] GC(341) Pause Young (Allocation Failure) 432M->43M(1749M) 1.621ms
[84.008s][info][gc,cpu         ] GC(341) User=0.00s Sys=0.00s Real=0.00s
[84.103s][info][gc,start       ] GC(342) Pause Young (Allocation Failure)
[84.104s][info][gc,heap        ] GC(342) PSYoungGen: 392480K(392704K)->1536K(384000K) Eden: 390656K(390656K)->0K(382464K) From: 1824K(2048K)->1536K(1536K)
[84.104s][info][gc,heap        ] GC(342) ParOldGen: 42531K(1398272K)->42683K(1398272K)
[84.104s][info][gc,metaspace   ] GC(342) Metaspace: 74530K(75136K)->74530K(75136K) NonClass: 59419K(59648K)->59419K(59648K) Class: 15111K(15488K)->15111K(15488K)
[84.104s][info][gc             ] GC(342) Pause Young (Allocation Failure) 424M->43M(1740M) 1.192ms
[84.104s][info][gc,cpu         ] GC(342) User=0.00s Sys=0.00s Real=0.00s
[84.197s][info][gc,start       ] GC(343) Pause Young (Allocation Failure)
[84.199s][info][gc,heap        ] GC(343) PSYoungGen: 384000K(384000K)->1888K(376832K) Eden: 382464K(382464K)->0K(374784K) From: 1536K(1536K)->1888K(2048K)
[84.199s][info][gc,heap        ] GC(343) ParOldGen: 42683K(1398272K)->42851K(1398272K)
[84.199s][info][gc,metaspace   ] GC(343) Metaspace: 74530K(75136K)->74530K(75136K) NonClass: 59419K(59648K)->59419K(59648K) Class: 15111K(15488K)->15111K(15488K)
[84.199s][info][gc             ] GC(343) Pause Young (Allocation Failure) 416M->43M(1733M) 1.346ms
[84.199s][info][gc,cpu         ] GC(343) User=0.00s Sys=0.00s Real=0.00s
[84.290s][info][gc,start       ] GC(344) Pause Young (Allocation Failure)
[84.291s][info][gc,heap        ] GC(344) PSYoungGen: 376672K(376832K)->1856K(452096K) Eden: 374784K(374784K)->0K(450048K) From: 1888K(2048K)->1856K(2048K)
[84.291s][info][gc,heap        ] GC(344) ParOldGen: 42851K(1398272K)->42955K(1398272K)
[84.291s][info][gc,metaspace   ] GC(344) Metaspace: 74530K(75136K)->74530K(75136K) NonClass: 59419K(59648K)->59419K(59648K) Class: 15111K(15488K)->15111K(15488K)
[84.291s][info][gc             ] GC(344) Pause Young (Allocation Failure) 409M->43M(1807M) 1.215ms
[84.291s][info][gc,cpu         ] GC(344) User=0.00s Sys=0.00s Real=0.00s
[84.400s][info][gc,start       ] GC(345) Pause Young (Allocation Failure)
[84.401s][info][gc,heap        ] GC(345) PSYoungGen: 451904K(452096K)->1856K(441856K) Eden: 450048K(450048K)->0K(439808K) From: 1856K(2048K)->1856K(2048K)
[84.401s][info][gc,heap        ] GC(345) ParOldGen: 42955K(1398272K)->43075K(1398272K)
[84.401s][info][gc,metaspace   ] GC(345) Metaspace: 74530K(75136K)->74530K(75136K) NonClass: 59419K(59648K)->59419K(59648K) Class: 15111K(15488K)->15111K(15488K)
[84.401s][info][gc             ] GC(345) Pause Young (Allocation Failure) 483M->43M(1797M) 1.406ms
[84.401s][info][gc,cpu         ] GC(345) User=0.00s Sys=0.00s Real=0.00s
[84.509s][info][gc,start       ] GC(346) Pause Young (Allocation Failure)
[84.510s][info][gc,heap        ] GC(346) PSYoungGen: 441664K(441856K)->1536K(431616K) Eden: 439808K(439808K)->0K(430080K) From: 1856K(2048K)->1536K(1536K)
[84.510s][info][gc,heap        ] GC(346) ParOldGen: 43075K(1398272K)->43251K(1398272K)
[84.510s][info][gc,metaspace   ] GC(346) Metaspace: 74530K(75136K)->74530K(75136K) NonClass: 59419K(59648K)->59419K(59648K) Class: 15111K(15488K)->15111K(15488K)
[84.510s][info][gc             ] GC(346) Pause Young (Allocation Failure) 473M->43M(1787M) 1.131ms
[84.510s][info][gc,cpu         ] GC(346) User=0.00s Sys=0.00s Real=0.00s
[84.615s][info][gc,start       ] GC(347) Pause Young (Allocation Failure)
[84.616s][info][gc,heap        ] GC(347) PSYoungGen: 431616K(431616K)->1824K(422912K) Eden: 430080K(430080K)->0K(420864K) From: 1536K(1536K)->1824K(2048K)
[84.616s][info][gc,heap        ] GC(347) ParOldGen: 43251K(1398272K)->43371K(1398272K)
[84.616s][info][gc,metaspace   ] GC(347) Metaspace: 74530K(75136K)->74530K(75136K) NonClass: 59419K(59648K)->59419K(59648K) Class: 15111K(15488K)->15111K(15488K)
[84.616s][info][gc             ] GC(347) Pause Young (Allocation Failure) 463M->44M(1778M) 1.325ms
[84.616s][info][gc,cpu         ] GC(347) User=0.52s Sys=0.00s Real=0.00s
[84.718s][info][gc,start       ] GC(348) Pause Young (Allocation Failure)
[84.719s][info][gc,heap        ] GC(348) PSYoungGen: 422688K(422912K)->1824K(413696K) Eden: 420864K(420864K)->0K(411648K) From: 1824K(2048K)->1824K(2048K)
[84.720s][info][gc,heap        ] GC(348) ParOldGen: 43371K(1398272K)->43507K(1398272K)
[84.720s][info][gc,metaspace   ] GC(348) Metaspace: 74530K(75136K)->74530K(75136K) NonClass: 59419K(59648K)->59419K(59648K) Class: 15111K(15488K)->15111K(15488K)
[84.720s][info][gc             ] GC(348) Pause Young (Allocation Failure) 455M->44M(1769M) 1.195ms
[84.720s][info][gc,cpu         ] GC(348) User=0.00s Sys=0.00s Real=0.00s
[84.820s][info][gc,start       ] GC(349) Pause Young (Allocation Failure)
[84.821s][info][gc,heap        ] GC(349) PSYoungGen: 413472K(413696K)->1888K(404992K) Eden: 411648K(411648K)->0K(402944K) From: 1824K(2048K)->1888K(2048K)
[84.821s][info][gc,heap        ] GC(349) ParOldGen: 43507K(1398272K)->43611K(1398272K)
[84.821s][info][gc,metaspace   ] GC(349) Metaspace: 74530K(75136K)->74530K(75136K) NonClass: 59419K(59648K)->59419K(59648K) Class: 15111K(15488K)->15111K(15488K)
[84.821s][info][gc             ] GC(349) Pause Young (Allocation Failure) 446M->44M(1761M) 1.393ms
[84.821s][info][gc,cpu         ] GC(349) User=0.00s Sys=0.00s Real=0.00s
[84.919s][info][gc,start       ] GC(350) Pause Young (Allocation Failure)
[84.921s][info][gc,heap        ] GC(350) PSYoungGen: 404832K(404992K)->512K(394752K) Eden: 402944K(402944K)->0K(394240K) From: 1888K(2048K)->512K(512K)
[84.921s][info][gc,heap        ] GC(350) ParOldGen: 43611K(1398272K)->44627K(1398272K)
[84.921s][info][gc,metaspace   ] GC(350) Metaspace: 74530K(75136K)->74530K(75136K) NonClass: 59419K(59648K)->59419K(59648K) Class: 15111K(15488K)->15111K(15488K)
[84.921s][info][gc             ] GC(350) Pause Young (Allocation Failure) 437M->44M(1751M) 1.303ms
[84.921s][info][gc,cpu         ] GC(350) User=0.00s Sys=0.00s Real=0.00s
[85.016s][info][gc,start       ] GC(351) Pause Young (Allocation Failure)
[85.017s][info][gc,heap        ] GC(351) PSYoungGen: 394752K(394752K)->1920K(388608K) Eden: 394240K(394240K)->0K(386048K) From: 512K(512K)->1920K(2560K)
[85.017s][info][gc,heap        ] GC(351) ParOldGen: 44627K(1398272K)->44835K(1398272K)
[85.017s][info][gc,metaspace   ] GC(351) Metaspace: 74530K(75136K)->74530K(75136K) NonClass: 59419K(59648K)->59419K(59648K) Class: 15111K(15488K)->15111K(15488K)
[85.017s][info][gc             ] GC(351) Pause Young (Allocation Failure) 429M->45M(1745M) 1.114ms
[85.017s][info][gc,cpu         ] GC(351) User=0.00s Sys=0.00s Real=0.00s
[85.111s][info][gc,start       ] GC(352) Pause Young (Allocation Failure)
[85.113s][info][gc,heap        ] GC(352) PSYoungGen: 387968K(388608K)->1888K(380416K) Eden: 386048K(386048K)->0K(378368K) From: 1920K(2560K)->1888K(2048K)
[85.113s][info][gc,heap        ] GC(352) ParOldGen: 44835K(1398272K)->45035K(1398272K)
[85.113s][info][gc,metaspace   ] GC(352) Metaspace: 74530K(75136K)->74530K(75136K) NonClass: 59419K(59648K)->59419K(59648K) Class: 15111K(15488K)->15111K(15488K)
[85.113s][info][gc             ] GC(352) Pause Young (Allocation Failure) 422M->45M(1737M) 1.331ms
[85.113s][info][gc,cpu         ] GC(352) User=0.00s Sys=0.00s Real=0.00s
[85.205s][info][gc,start       ] GC(353) Pause Young (Allocation Failure)
[85.207s][info][gc,heap        ] GC(353) PSYoungGen: 380256K(380416K)->1920K(372736K) Eden: 378368K(378368K)->0K(370688K) From: 1888K(2048K)->1920K(2048K)
[85.207s][info][gc,heap        ] GC(353) ParOldGen: 45035K(1398272K)->45147K(1398272K)
[85.207s][info][gc,metaspace   ] GC(353) Metaspace: 74530K(75136K)->74530K(75136K) NonClass: 59419K(59648K)->59419K(59648K) Class: 15111K(15488K)->15111K(15488K)
[85.207s][info][gc             ] GC(353) Pause Young (Allocation Failure) 415M->45M(1729M) 1.479ms
[85.207s][info][gc,cpu         ] GC(353) User=0.00s Sys=0.00s Real=0.00s
[85.297s][info][gc,start       ] GC(354) Pause Young (Allocation Failure)
[85.298s][info][gc,heap        ] GC(354) PSYoungGen: 372608K(372736K)->1536K(365056K) Eden: 370688K(370688K)->0K(363520K) From: 1920K(2048K)->1536K(1536K)
[85.298s][info][gc,heap        ] GC(354) ParOldGen: 45147K(1398272K)->45411K(1398272K)
[85.298s][info][gc,metaspace   ] GC(354) Metaspace: 74530K(75136K)->74530K(75136K) NonClass: 59419K(59648K)->59419K(59648K) Class: 15111K(15488K)->15111K(15488K)
[85.298s][info][gc             ] GC(354) Pause Young (Allocation Failure) 407M->45M(1722M) 1.118ms
[85.298s][info][gc,cpu         ] GC(354) User=0.00s Sys=0.00s Real=0.00s
[85.387s][info][gc,start       ] GC(355) Pause Young (Allocation Failure)
[85.388s][info][gc,heap        ] GC(355) PSYoungGen: 365056K(365056K)->1824K(358400K) Eden: 363520K(363520K)->0K(356352K) From: 1536K(1536K)->1824K(2048K)
[85.388s][info][gc,heap        ] GC(355) ParOldGen: 45411K(1398272K)->45531K(1398272K)
[85.388s][info][gc,metaspace   ] GC(355) Metaspace: 74530K(75136K)->74530K(75136K) NonClass: 59419K(59648K)->59419K(59648K) Class: 15111K(15488K)->15111K(15488K)
[85.388s][info][gc             ] GC(355) Pause Young (Allocation Failure) 400M->46M(1715M) 1.317ms
[85.388s][info][gc,cpu         ] GC(355) User=0.00s Sys=0.00s Real=0.00s
[85.476s][info][gc,start       ] GC(356) Pause Young (Allocation Failure)
[85.477s][info][gc,heap        ] GC(356) PSYoungGen: 358176K(358400K)->1856K(430080K) Eden: 356352K(356352K)->0K(428032K) From: 1824K(2048K)->1856K(2048K)
[85.477s][info][gc,heap        ] GC(356) ParOldGen: 45531K(1398272K)->45835K(1398272K)
[85.477s][info][gc,metaspace   ] GC(356) Metaspace: 74530K(75136K)->74530K(75136K) NonClass: 59419K(59648K)->59419K(59648K) Class: 15111K(15488K)->15111K(15488K)
[85.477s][info][gc             ] GC(356) Pause Young (Allocation Failure) 394M->46M(1785M) 1.222ms
[85.477s][info][gc,cpu         ] GC(356) User=0.00s Sys=0.00s Real=0.00s
[85.582s][info][gc,start       ] GC(357) Pause Young (Allocation Failure)
[85.584s][info][gc,heap        ] GC(357) PSYoungGen: 429888K(430080K)->1760K(420864K) Eden: 428032K(428032K)->0K(418816K) From: 1856K(2048K)->1760K(2048K)
[85.584s][info][gc,heap        ] GC(357) ParOldGen: 45835K(1398272K)->45987K(1398272K)
[85.584s][info][gc,metaspace   ] GC(357) Metaspace: 74530K(75136K)->74530K(75136K) NonClass: 59419K(59648K)->59419K(59648K) Class: 15111K(15488K)->15111K(15488K)
[85.584s][info][gc             ] GC(357) Pause Young (Allocation Failure) 464M->46M(1776M) 1.394ms
[85.584s][info][gc,cpu         ] GC(357) User=0.00s Sys=0.02s Real=0.00s
[85.689s][info][gc,start       ] GC(358) Pause Young (Allocation Failure)
[85.690s][info][gc,heap        ] GC(358) PSYoungGen: 420576K(420864K)->512K(410112K) Eden: 418816K(418816K)->0K(409600K) From: 1760K(2048K)->512K(512K)
[85.690s][info][gc,heap        ] GC(358) ParOldGen: 45987K(1398272K)->46915K(1398272K)
[85.690s][info][gc,metaspace   ] GC(358) Metaspace: 74530K(75136K)->74530K(75136K) NonClass: 59419K(59648K)->59419K(59648K) Class: 15111K(15488K)->15111K(15488K)
[85.690s][info][gc             ] GC(358) Pause Young (Allocation Failure) 455M->46M(1766M) 1.161ms
[85.690s][info][gc,cpu         ] GC(358) User=0.00s Sys=0.00s Real=0.00s
[85.800s][info][gc,start       ] GC(359) Pause Young (Allocation Failure)
[85.801s][info][gc,heap        ] GC(359) PSYoungGen: 410112K(410112K)->1536K(403456K) Eden: 409600K(409600K)->0K(400896K) From: 512K(512K)->1536K(2560K)
[85.801s][info][gc,heap        ] GC(359) ParOldGen: 46915K(1398272K)->47211K(1398272K)
[85.801s][info][gc,metaspace   ] GC(359) Metaspace: 74530K(75136K)->74530K(75136K) NonClass: 59419K(59648K)->59419K(59648K) Class: 15111K(15488K)->15111K(15488K)
[85.801s][info][gc             ] GC(359) Pause Young (Allocation Failure) 446M->47M(1759M) 1.035ms
[85.801s][info][gc,cpu         ] GC(359) User=0.00s Sys=0.00s Real=0.00s
[85.921s][info][gc,start       ] GC(360) Pause Young (Allocation Failure)
[85.922s][info][gc,heap        ] GC(360) PSYoungGen: 402432K(403456K)->1472K(394240K) Eden: 400896K(400896K)->0K(392704K) From: 1536K(2560K)->1472K(1536K)
[85.922s][info][gc,heap        ] GC(360) ParOldGen: 47211K(1398272K)->47595K(1398272K)
[85.922s][info][gc,metaspace   ] GC(360) Metaspace: 74532K(75136K)->74532K(75136K) NonClass: 59420K(59648K)->59420K(59648K) Class: 15111K(15488K)->15111K(15488K)
[85.922s][info][gc             ] GC(360) Pause Young (Allocation Failure) 439M->47M(1750M) 1.234ms
[85.922s][info][gc,cpu         ] GC(360) User=0.00s Sys=0.00s Real=0.00s
[86.054s][info][gc,start       ] GC(361) Pause Young (Allocation Failure)
[86.055s][info][gc,heap        ] GC(361) PSYoungGen: 394176K(394240K)->1312K(386048K) Eden: 392704K(392704K)->0K(384512K) From: 1472K(1536K)->1312K(1536K)
[86.055s][info][gc,heap        ] GC(361) ParOldGen: 47595K(1398272K)->47915K(1398272K)
[86.055s][info][gc,metaspace   ] GC(361) Metaspace: 74532K(75136K)->74532K(75136K) NonClass: 59420K(59648K)->59420K(59648K) Class: 15111K(15488K)->15111K(15488K)
[86.055s][info][gc             ] GC(361) Pause Young (Allocation Failure) 431M->48M(1742M) 1.099ms
[86.055s][info][gc,cpu         ] GC(361) User=0.00s Sys=0.00s Real=0.00s
[86.215s][info][gc,start       ] GC(362) Pause Young (Allocation Failure)
[86.216s][info][gc,heap        ] GC(362) PSYoungGen: 385824K(386048K)->1120K(378368K) Eden: 384512K(384512K)->0K(376832K) From: 1312K(1536K)->1120K(1536K)
[86.216s][info][gc,heap        ] GC(362) ParOldGen: 47915K(1398272K)->48203K(1398272K)
[86.216s][info][gc,metaspace   ] GC(362) Metaspace: 74565K(75136K)->74565K(75136K) NonClass: 59454K(59648K)->59454K(59648K) Class: 15111K(15488K)->15111K(15488K)
[86.216s][info][gc             ] GC(362) Pause Young (Allocation Failure) 423M->48M(1735M) 1.124ms
[86.216s][info][gc,cpu         ] GC(362) User=0.00s Sys=0.00s Real=0.00s
[86.389s][info][gc,start       ] GC(363) Pause Young (Allocation Failure)
[86.390s][info][gc,heap        ] GC(363) PSYoungGen: 377952K(378368K)->1120K(370688K) Eden: 376832K(376832K)->0K(369152K) From: 1120K(1536K)->1120K(1536K)
[86.390s][info][gc,heap        ] GC(363) ParOldGen: 48203K(1398272K)->48475K(1398272K)
[86.390s][info][gc,metaspace   ] GC(363) Metaspace: 74565K(75136K)->74565K(75136K) NonClass: 59454K(59648K)->59454K(59648K) Class: 15111K(15488K)->15111K(15488K)
[86.390s][info][gc             ] GC(363) Pause Young (Allocation Failure) 416M->48M(1727M) 1.157ms
[86.390s][info][gc,cpu         ] GC(363) User=0.00s Sys=0.00s Real=0.00s
[86.585s][info][gc,start       ] GC(364) Pause Young (Allocation Failure)
[86.586s][info][gc,heap        ] GC(364) PSYoungGen: 370272K(370688K)->1056K(363520K) Eden: 369152K(369152K)->0K(361984K) From: 1120K(1536K)->1056K(1536K)
[86.586s][info][gc,heap        ] GC(364) ParOldGen: 48475K(1398272K)->48667K(1398272K)
[86.586s][info][gc,metaspace   ] GC(364) Metaspace: 74565K(75136K)->74565K(75136K) NonClass: 59454K(59648K)->59454K(59648K) Class: 15111K(15488K)->15111K(15488K)
[86.586s][info][gc             ] GC(364) Pause Young (Allocation Failure) 408M->48M(1720M) 1.011ms
[86.586s][info][gc,cpu         ] GC(364) User=0.00s Sys=0.00s Real=0.00s
[86.821s][info][gc,start       ] GC(365) Pause Young (Allocation Failure)
[86.822s][info][gc,heap        ] GC(365) PSYoungGen: 363040K(363520K)->992K(355840K) Eden: 361984K(361984K)->0K(354816K) From: 1056K(1536K)->992K(1024K)
[86.822s][info][gc,heap        ] GC(365) ParOldGen: 48667K(1398272K)->48923K(1398272K)
[86.822s][info][gc,metaspace   ] GC(365) Metaspace: 74565K(75136K)->74565K(75136K) NonClass: 59454K(59648K)->59454K(59648K) Class: 15111K(15488K)->15111K(15488K)
[86.822s][info][gc             ] GC(365) Pause Young (Allocation Failure) 402M->48M(1713M) 0.968ms
[86.822s][info][gc,cpu         ] GC(365) User=0.00s Sys=0.00s Real=0.00s
[87.053s][info][gc,start       ] GC(366) Pause Young (Allocation Failure)
[87.054s][info][gc,heap        ] GC(366) PSYoungGen: 355808K(355840K)->1056K(349696K) Eden: 354816K(354816K)->0K(348160K) From: 992K(1024K)->1056K(1536K)
[87.054s][info][gc,heap        ] GC(366) ParOldGen: 48923K(1398272K)->49035K(1398272K)
[87.054s][info][gc,metaspace   ] GC(366) Metaspace: 74565K(75136K)->74565K(75136K) NonClass: 59454K(59648K)->59454K(59648K) Class: 15111K(15488K)->15111K(15488K)
[87.054s][info][gc             ] GC(366) Pause Young (Allocation Failure) 395M->48M(1707M) 1.011ms
[87.054s][info][gc,cpu         ] GC(366) User=0.00s Sys=0.00s Real=0.00s
[87.283s][info][gc,start       ] GC(367) Pause Young (Allocation Failure)
[87.284s][info][gc,heap        ] GC(367) PSYoungGen: 349216K(349696K)->1056K(343040K) Eden: 348160K(348160K)->0K(341504K) From: 1056K(1536K)->1056K(1536K)
[87.284s][info][gc,heap        ] GC(367) ParOldGen: 49035K(1398272K)->49035K(1398272K)
[87.284s][info][gc,metaspace   ] GC(367) Metaspace: 74565K(75136K)->74565K(75136K) NonClass: 59454K(59648K)->59454K(59648K) Class: 15111K(15488K)->15111K(15488K)
[87.284s][info][gc             ] GC(367) Pause Young (Allocation Failure) 388M->48M(1700M) 1.134ms
[87.284s][info][gc,cpu         ] GC(367) User=0.00s Sys=0.00s Real=0.00s
[87.508s][info][gc,start       ] GC(368) Pause Young (Allocation Failure)
[87.509s][info][gc,heap        ] GC(368) PSYoungGen: 342560K(343040K)->1056K(336384K) Eden: 341504K(341504K)->0K(334848K) From: 1056K(1536K)->1056K(1536K)
[87.509s][info][gc,heap        ] GC(368) ParOldGen: 49035K(1398272K)->49043K(1398272K)
[87.509s][info][gc,metaspace   ] GC(368) Metaspace: 74565K(75136K)->74565K(75136K) NonClass: 59454K(59648K)->59454K(59648K) Class: 15111K(15488K)->15111K(15488K)
[87.509s][info][gc             ] GC(368) Pause Young (Allocation Failure) 382M->48M(1694M) 0.959ms
[87.509s][info][gc,cpu         ] GC(368) User=0.00s Sys=0.00s Real=0.00s
[87.642s][info][gc,start       ] GC(369) Pause Young (System.gc())
[87.644s][info][gc,heap        ] GC(369) PSYoungGen: 170234K(336384K)->1216K(336384K) Eden: 169178K(334848K)->0K(334848K) From: 1056K(1536K)->1216K(1536K)
[87.644s][info][gc,heap        ] GC(369) ParOldGen: 49043K(1398272K)->49155K(1398272K)
[87.644s][info][gc,metaspace   ] GC(369) Metaspace: 74622K(75200K)->74622K(75200K) NonClass: 59510K(59712K)->59510K(59712K) Class: 15111K(15488K)->15111K(15488K)
[87.644s][info][gc             ] GC(369) Pause Young (System.gc()) 214M->49M(1694M) 1.722ms
[87.644s][info][gc,cpu         ] GC(369) User=0.00s Sys=0.00s Real=0.00s
[87.644s][info][gc,start       ] GC(370) Pause Full (System.gc())
[87.644s][info][gc,phases,start] GC(370) Marking Phase
[87.681s][info][gc,phases      ] GC(370) Marking Phase 36.886ms
[87.681s][info][gc,phases,start] GC(370) Summary Phase
[87.681s][info][gc,phases      ] GC(370) Summary Phase 0.013ms
[87.681s][info][gc,phases,start] GC(370) Adjust Roots
[87.699s][info][gc,phases      ] GC(370) Adjust Roots 18.255ms
[87.699s][info][gc,phases,start] GC(370) Compaction Phase
[87.708s][info][gc,phases      ] GC(370) Compaction Phase 8.791ms
[87.708s][info][gc,phases,start] GC(370) Post Compact
[87.709s][info][gc,phases      ] GC(370) Post Compact 0.823ms
[87.709s][info][gc,heap        ] GC(370) PSYoungGen: 1216K(336384K)->0K(336384K) Eden: 0K(334848K)->0K(334848K) From: 1216K(1536K)->0K(1536K)
[87.709s][info][gc,heap        ] GC(370) ParOldGen: 49155K(1398272K)->35575K(1398272K)
[87.709s][info][gc,metaspace   ] GC(370) Metaspace: 74622K(75200K)->74622K(75200K) NonClass: 59510K(59712K)->59510K(59712K) Class: 15111K(15488K)->15111K(15488K)
[87.709s][info][gc             ] GC(370) Pause Full (System.gc()) 49M->34M(1694M) 65.053ms
[87.709s][info][gc,cpu         ] GC(370) User=1.06s Sys=0.00s Real=0.06s
[87.818s][info][gc,start       ] GC(371) Pause Young (Allocation Failure)
[87.820s][info][gc,heap        ] GC(371) PSYoungGen: 334848K(336384K)->2560K(331264K) Eden: 334848K(334848K)->0K(328704K) From: 0K(1536K)->2560K(2560K)
[87.820s][info][gc,heap        ] GC(371) ParOldGen: 35575K(1398272K)->36559K(1398272K)
[87.820s][info][gc,metaspace   ] GC(371) Metaspace: 74799K(75392K)->74799K(75392K) NonClass: 59688K(59904K)->59688K(59904K) Class: 15111K(15488K)->15111K(15488K)
[87.820s][info][gc             ] GC(371) Pause Young (Allocation Failure) 361M->38M(1689M) 1.753ms
[87.820s][info][gc,cpu         ] GC(371) User=0.00s Sys=0.00s Real=0.00s
[87.900s][info][gc,start       ] GC(372) Pause Young (Allocation Failure)
[87.902s][info][gc,heap        ] GC(372) PSYoungGen: 331264K(331264K)->1920K(324608K) Eden: 328704K(328704K)->0K(322560K) From: 2560K(2560K)->1920K(2048K)
[87.902s][info][gc,heap        ] GC(372) ParOldGen: 36559K(1398272K)->38231K(1398272K)
[87.902s][info][gc,metaspace   ] GC(372) Metaspace: 74799K(75392K)->74799K(75392K) NonClass: 59688K(59904K)->59688K(59904K) Class: 15111K(15488K)->15111K(15488K)
[87.902s][info][gc             ] GC(372) Pause Young (Allocation Failure) 359M->39M(1682M) 2.171ms
[87.902s][info][gc,cpu         ] GC(372) User=0.00s Sys=0.00s Real=0.00s
[87.980s][info][gc,start       ] GC(373) Pause Young (Allocation Failure)
[87.981s][info][gc,heap        ] GC(373) PSYoungGen: 324480K(324608K)->1888K(318976K) Eden: 322560K(322560K)->0K(316928K) From: 1920K(2048K)->1888K(2048K)
[87.981s][info][gc,heap        ] GC(373) ParOldGen: 38231K(1398272K)->38439K(1398272K)
[87.981s][info][gc,metaspace   ] GC(373) Metaspace: 74799K(75392K)->74799K(75392K) NonClass: 59688K(59904K)->59688K(59904K) Class: 15111K(15488K)->15111K(15488K)
[87.981s][info][gc             ] GC(373) Pause Young (Allocation Failure) 354M->39M(1677M) 1.103ms
[87.981s][info][gc,cpu         ] GC(373) User=0.00s Sys=0.00s Real=0.00s
[88.058s][info][gc,start       ] GC(374) Pause Young (Allocation Failure)
[88.060s][info][gc,heap        ] GC(374) PSYoungGen: 318816K(318976K)->1824K(313344K) Eden: 316928K(316928K)->0K(311296K) From: 1888K(2048K)->1824K(2048K)
[88.060s][info][gc,heap        ] GC(374) ParOldGen: 38439K(1398272K)->38503K(1398272K)
[88.060s][info][gc,metaspace   ] GC(374) Metaspace: 74799K(75392K)->74799K(75392K) NonClass: 59688K(59904K)->59688K(59904K) Class: 15111K(15488K)->15111K(15488K)
[88.060s][info][gc             ] GC(374) Pause Young (Allocation Failure) 348M->39M(1671M) 1.415ms
[88.060s][info][gc,cpu         ] GC(374) User=0.00s Sys=0.00s Real=0.00s
[88.136s][info][gc,start       ] GC(375) Pause Young (Allocation Failure)
[88.137s][info][gc,heap        ] GC(375) PSYoungGen: 313119K(313344K)->1824K(375808K) Eden: 311295K(311296K)->0K(373760K) From: 1824K(2048K)->1824K(2048K)
[88.137s][info][gc,heap        ] GC(375) ParOldGen: 38503K(1398272K)->38599K(1398272K)
[88.137s][info][gc,metaspace   ] GC(375) Metaspace: 74799K(75392K)->74799K(75392K) NonClass: 59688K(59904K)->59688K(59904K) Class: 15111K(15488K)->15111K(15488K)
[88.137s][info][gc             ] GC(375) Pause Young (Allocation Failure) 343M->39M(1732M) 1.203ms
[88.137s][info][gc,cpu         ] GC(375) User=0.00s Sys=0.00s Real=0.00s
[88.228s][info][gc,start       ] GC(376) Pause Young (Allocation Failure)
[88.229s][info][gc,heap        ] GC(376) PSYoungGen: 375584K(375808K)->1856K(368128K) Eden: 373760K(373760K)->0K(366080K) From: 1824K(2048K)->1856K(2048K)
[88.229s][info][gc,heap        ] GC(376) ParOldGen: 38599K(1398272K)->38671K(1398272K)
[88.229s][info][gc,metaspace   ] GC(376) Metaspace: 74799K(75392K)->74799K(75392K) NonClass: 59688K(59904K)->59688K(59904K) Class: 15111K(15488K)->15111K(15488K)
[88.229s][info][gc             ] GC(376) Pause Young (Allocation Failure) 404M->39M(1725M) 1.479ms
[88.229s][info][gc,cpu         ] GC(376) User=0.00s Sys=0.00s Real=0.00s
[88.318s][info][gc,start       ] GC(377) Pause Young (Allocation Failure)
[88.320s][info][gc,heap        ] GC(377) PSYoungGen: 367936K(368128K)->1856K(441344K) Eden: 366080K(366080K)->0K(439296K) From: 1856K(2048K)->1856K(2048K)
[88.320s][info][gc,heap        ] GC(377) ParOldGen: 38671K(1398272K)->38775K(1398272K)
[88.320s][info][gc,metaspace   ] GC(377) Metaspace: 74799K(75392K)->74799K(75392K) NonClass: 59688K(59904K)->59688K(59904K) Class: 15111K(15488K)->15111K(15488K)
[88.320s][info][gc             ] GC(377) Pause Young (Allocation Failure) 397M->39M(1796M) 1.227ms
[88.320s][info][gc,cpu         ] GC(377) User=0.00s Sys=0.00s Real=0.00s
[88.427s][info][gc,start       ] GC(378) Pause Young (Allocation Failure)
[88.428s][info][gc,heap        ] GC(378) PSYoungGen: 441152K(441344K)->1856K(431616K) Eden: 439296K(439296K)->0K(429568K) From: 1856K(2048K)->1856K(2048K)
[88.428s][info][gc,heap        ] GC(378) ParOldGen: 38775K(1398272K)->38903K(1398272K)
[88.428s][info][gc,metaspace   ] GC(378) Metaspace: 74799K(75392K)->74799K(75392K) NonClass: 59688K(59904K)->59688K(59904K) Class: 15111K(15488K)->15111K(15488K)
[88.428s][info][gc             ] GC(378) Pause Young (Allocation Failure) 468M->39M(1787M) 1.405ms
[88.428s][info][gc,cpu         ] GC(378) User=0.00s Sys=0.02s Real=0.00s
[88.532s][info][gc,start       ] GC(379) Pause Young (Allocation Failure)
[88.534s][info][gc,heap        ] GC(379) PSYoungGen: 431424K(431616K)->1856K(422400K) Eden: 429568K(429568K)->0K(420352K) From: 1856K(2048K)->1856K(2048K)
[88.534s][info][gc,heap        ] GC(379) ParOldGen: 38903K(1398272K)->39039K(1398272K)
[88.534s][info][gc,metaspace   ] GC(379) Metaspace: 74799K(75392K)->74799K(75392K) NonClass: 59688K(59904K)->59688K(59904K) Class: 15111K(15488K)->15111K(15488K)
[88.534s][info][gc             ] GC(379) Pause Young (Allocation Failure) 459M->39M(1778M) 1.218ms
[88.534s][info][gc,cpu         ] GC(379) User=0.00s Sys=0.00s Real=0.00s
[88.636s][info][gc,start       ] GC(380) Pause Young (Allocation Failure)
[88.638s][info][gc,heap        ] GC(380) PSYoungGen: 422208K(422400K)->1824K(413184K) Eden: 420352K(420352K)->0K(411136K) From: 1856K(2048K)->1824K(2048K)
[88.638s][info][gc,heap        ] GC(380) ParOldGen: 39039K(1398272K)->39159K(1398272K)
[88.638s][info][gc,metaspace   ] GC(380) Metaspace: 74799K(75392K)->74799K(75392K) NonClass: 59688K(59904K)->59688K(59904K) Class: 15111K(15488K)->15111K(15488K)
[88.638s][info][gc             ] GC(380) Pause Young (Allocation Failure) 450M->40M(1769M) 1.399ms
[88.638s][info][gc,cpu         ] GC(380) User=0.00s Sys=0.00s Real=0.00s
[88.738s][info][gc,start       ] GC(381) Pause Young (Allocation Failure)
[88.739s][info][gc,heap        ] GC(381) PSYoungGen: 412960K(413184K)->1856K(404480K) Eden: 411136K(411136K)->0K(402432K) From: 1824K(2048K)->1856K(2048K)
[88.739s][info][gc,heap        ] GC(381) ParOldGen: 39159K(1398272K)->39215K(1398272K)
[88.739s][info][gc,metaspace   ] GC(381) Metaspace: 74799K(75392K)->74799K(75392K) NonClass: 59688K(59904K)->59688K(59904K) Class: 15111K(15488K)->15111K(15488K)
[88.739s][info][gc             ] GC(381) Pause Young (Allocation Failure) 441M->40M(1760M) 1.219ms
[88.739s][info][gc,cpu         ] GC(381) User=0.00s Sys=0.00s Real=0.00s
[88.838s][info][gc,start       ] GC(382) Pause Young (Allocation Failure)
[88.847s][info][gc,heap        ] GC(382) PSYoungGen: 404288K(404480K)->1888K(395776K) Eden: 402432K(402432K)->0K(393728K) From: 1856K(2048K)->1888K(2048K)
[88.847s][info][gc,heap        ] GC(382) ParOldGen: 39215K(1398272K)->39351K(1398272K)
[88.847s][info][gc,metaspace   ] GC(382) Metaspace: 74799K(75392K)->74799K(75392K) NonClass: 59688K(59904K)->59688K(59904K) Class: 15111K(15488K)->15111K(15488K)
[88.847s][info][gc             ] GC(382) Pause Young (Allocation Failure) 433M->40M(1752M) 9.116ms
[88.847s][info][gc,cpu         ] GC(382) User=0.00s Sys=0.00s Real=0.00s
[88.945s][info][gc,start       ] GC(383) Pause Young (Allocation Failure)
[88.947s][info][gc,heap        ] GC(383) PSYoungGen: 395616K(395776K)->1536K(387072K) Eden: 393728K(393728K)->0K(385536K) From: 1888K(2048K)->1536K(1536K)
[88.947s][info][gc,heap        ] GC(383) ParOldGen: 39351K(1398272K)->39671K(1398272K)
[88.947s][info][gc,metaspace   ] GC(383) Metaspace: 74799K(75392K)->74799K(75392K) NonClass: 59688K(59904K)->59688K(59904K) Class: 15111K(15488K)->15111K(15488K)
[88.947s][info][gc             ] GC(383) Pause Young (Allocation Failure) 424M->40M(1743M) 1.155ms
[88.947s][info][gc,cpu         ] GC(383) User=0.00s Sys=0.00s Real=0.00s
[89.042s][info][gc,start       ] GC(384) Pause Young (Allocation Failure)
[89.043s][info][gc,heap        ] GC(384) PSYoungGen: 387072K(387072K)->1920K(379904K) Eden: 385536K(385536K)->0K(377856K) From: 1536K(1536K)->1920K(2048K)
[89.043s][info][gc,heap        ] GC(384) ParOldGen: 39671K(1398272K)->39943K(1398272K)
[89.043s][info][gc,metaspace   ] GC(384) Metaspace: 74799K(75392K)->74799K(75392K) NonClass: 59688K(59904K)->59688K(59904K) Class: 15111K(15488K)->15111K(15488K)
[89.043s][info][gc             ] GC(384) Pause Young (Allocation Failure) 416M->40M(1736M) 1.347ms
[89.043s][info][gc,cpu         ] GC(384) User=0.00s Sys=0.00s Real=0.00s
[89.137s][info][gc,start       ] GC(385) Pause Young (Allocation Failure)
[89.138s][info][gc,heap        ] GC(385) PSYoungGen: 379776K(379904K)->1920K(372224K) Eden: 377856K(377856K)->0K(370176K) From: 1920K(2048K)->1920K(2048K)
[89.138s][info][gc,heap        ] GC(385) ParOldGen: 39943K(1398272K)->40055K(1398272K)
[89.138s][info][gc,metaspace   ] GC(385) Metaspace: 74800K(75392K)->74800K(75392K) NonClass: 59689K(59904K)->59689K(59904K) Class: 15111K(15488K)->15111K(15488K)
[89.138s][info][gc             ] GC(385) Pause Young (Allocation Failure) 409M->40M(1729M) 1.188ms
[89.138s][info][gc,cpu         ] GC(385) User=0.00s Sys=0.00s Real=0.00s
[89.228s][info][gc,start       ] GC(386) Pause Young (Allocation Failure)
[89.230s][info][gc,heap        ] GC(386) PSYoungGen: 372096K(372224K)->1792K(365056K) Eden: 370176K(370176K)->0K(363008K) From: 1920K(2048K)->1792K(2048K)
[89.230s][info][gc,heap        ] GC(386) ParOldGen: 40055K(1398272K)->40183K(1398272K)
[89.230s][info][gc,metaspace   ] GC(386) Metaspace: 74812K(75392K)->74812K(75392K) NonClass: 59700K(59904K)->59700K(59904K) Class: 15111K(15488K)->15111K(15488K)
[89.230s][info][gc             ] GC(386) Pause Young (Allocation Failure) 402M->40M(1722M) 1.810ms
[89.230s][info][gc,cpu         ] GC(386) User=0.00s Sys=0.00s Real=0.00s
[89.318s][info][gc,start       ] GC(387) Pause Young (Allocation Failure)
[89.319s][info][gc,heap        ] GC(387) PSYoungGen: 364800K(365056K)->1536K(357376K) Eden: 363008K(363008K)->0K(355840K) From: 1792K(2048K)->1536K(1536K)
[89.320s][info][gc,heap        ] GC(387) ParOldGen: 40183K(1398272K)->40391K(1398272K)
[89.320s][info][gc,metaspace   ] GC(387) Metaspace: 74812K(75392K)->74812K(75392K) NonClass: 59700K(59904K)->59700K(59904K) Class: 15111K(15488K)->15111K(15488K)
[89.320s][info][gc             ] GC(387) Pause Young (Allocation Failure) 395M->40M(1714M) 1.078ms
[89.320s][info][gc,cpu         ] GC(387) User=0.00s Sys=0.00s Real=0.00s
[89.406s][info][gc,start       ] GC(388) Pause Young (Allocation Failure)
[89.408s][info][gc,heap        ] GC(388) PSYoungGen: 357376K(357376K)->1824K(350720K) Eden: 355840K(355840K)->0K(348672K) From: 1536K(1536K)->1824K(2048K)
[89.408s][info][gc,heap        ] GC(388) ParOldGen: 40391K(1398272K)->40519K(1398272K)
[89.408s][info][gc,metaspace   ] GC(388) Metaspace: 74812K(75392K)->74812K(75392K) NonClass: 59700K(59904K)->59700K(59904K) Class: 15111K(15488K)->15111K(15488K)
[89.408s][info][gc             ] GC(388) Pause Young (Allocation Failure) 388M->41M(1708M) 1.301ms
[89.408s][info][gc,cpu         ] GC(388) User=0.00s Sys=0.00s Real=0.00s
[89.492s][info][gc,start       ] GC(389) Pause Young (Allocation Failure)
[89.493s][info][gc,heap        ] GC(389) PSYoungGen: 350496K(350720K)->1792K(344064K) Eden: 348672K(348672K)->0K(342016K) From: 1824K(2048K)->1792K(2048K)
[89.493s][info][gc,heap        ] GC(389) ParOldGen: 40519K(1398272K)->40631K(1398272K)
[89.493s][info][gc,metaspace   ] GC(389) Metaspace: 74812K(75392K)->74812K(75392K) NonClass: 59700K(59904K)->59700K(59904K) Class: 15111K(15488K)->15111K(15488K)
[89.493s][info][gc             ] GC(389) Pause Young (Allocation Failure) 381M->41M(1701M) 1.087ms
[89.494s][info][gc,cpu         ] GC(389) User=0.00s Sys=0.00s Real=0.00s
[89.577s][info][gc,start       ] GC(390) Pause Young (Allocation Failure)
[89.578s][info][gc,heap        ] GC(390) PSYoungGen: 343808K(344064K)->1792K(412672K) Eden: 342016K(342016K)->0K(410624K) From: 1792K(2048K)->1792K(2048K)
[89.578s][info][gc,heap        ] GC(390) ParOldGen: 40631K(1398272K)->40743K(1398272K)
[89.578s][info][gc,metaspace   ] GC(390) Metaspace: 74812K(75392K)->74812K(75392K) NonClass: 59700K(59904K)->59700K(59904K) Class: 15111K(15488K)->15111K(15488K)
[89.578s][info][gc             ] GC(390) Pause Young (Allocation Failure) 375M->41M(1768M) 1.332ms
[89.578s][info][gc,cpu         ] GC(390) User=0.00s Sys=0.00s Real=0.00s
[89.678s][info][gc,start       ] GC(391) Pause Young (Allocation Failure)
[89.679s][info][gc,heap        ] GC(391) PSYoungGen: 412416K(412672K)->1536K(403456K) Eden: 410624K(410624K)->0K(401920K) From: 1792K(2048K)->1536K(1536K)
[89.679s][info][gc,heap        ] GC(391) ParOldGen: 40743K(1398272K)->40919K(1398272K)
[89.679s][info][gc,metaspace   ] GC(391) Metaspace: 74812K(75392K)->74812K(75392K) NonClass: 59700K(59904K)->59700K(59904K) Class: 15111K(15488K)->15111K(15488K)
[89.679s][info][gc             ] GC(391) Pause Young (Allocation Failure) 442M->41M(1759M) 1.111ms
[89.679s][info][gc,cpu         ] GC(391) User=0.00s Sys=0.00s Real=0.00s
[89.777s][info][gc,start       ] GC(392) Pause Young (Allocation Failure)
[89.779s][info][gc,heap        ] GC(392) PSYoungGen: 403456K(403456K)->1888K(395264K) Eden: 401920K(401920K)->0K(393216K) From: 1536K(1536K)->1888K(2048K)
[89.779s][info][gc,heap        ] GC(392) ParOldGen: 40919K(1398272K)->41063K(1398272K)
[89.779s][info][gc,metaspace   ] GC(392) Metaspace: 74812K(75392K)->74812K(75392K) NonClass: 59700K(59904K)->59700K(59904K) Class: 15111K(15488K)->15111K(15488K)
[89.779s][info][gc             ] GC(392) Pause Young (Allocation Failure) 433M->41M(1751M) 1.339ms
[89.779s][info][gc,cpu         ] GC(392) User=0.00s Sys=0.00s Real=0.00s
[89.875s][info][gc,start       ] GC(393) Pause Young (Allocation Failure)
[89.876s][info][gc,heap        ] GC(393) PSYoungGen: 395104K(395264K)->1952K(387072K) Eden: 393216K(393216K)->0K(385024K) From: 1888K(2048K)->1952K(2048K)
[89.876s][info][gc,heap        ] GC(393) ParOldGen: 41063K(1398272K)->41327K(1398272K)
[89.876s][info][gc,metaspace   ] GC(393) Metaspace: 74812K(75392K)->74812K(75392K) NonClass: 59700K(59904K)->59700K(59904K) Class: 15111K(15488K)->15111K(15488K)
[89.876s][info][gc             ] GC(393) Pause Young (Allocation Failure) 425M->42M(1743M) 1.112ms
[89.876s][info][gc,cpu         ] GC(393) User=0.00s Sys=0.00s Real=0.00s
[89.969s][info][gc,start       ] GC(394) Pause Young (Allocation Failure)
[89.971s][info][gc,heap        ] GC(394) PSYoungGen: 386976K(387072K)->1824K(379392K) Eden: 385024K(385024K)->0K(377344K) From: 1952K(2048K)->1824K(2048K)
[89.971s][info][gc,heap        ] GC(394) ParOldGen: 41327K(1398272K)->41407K(1398272K)
[89.971s][info][gc,metaspace   ] GC(394) Metaspace: 74812K(75392K)->74812K(75392K) NonClass: 59700K(59904K)->59700K(59904K) Class: 15111K(15488K)->15111K(15488K)
[89.971s][info][gc             ] GC(394) Pause Young (Allocation Failure) 418M->42M(1736M) 1.514ms
[89.971s][info][gc,cpu         ] GC(394) User=0.00s Sys=0.00s Real=0.00s
[90.063s][info][gc,start       ] GC(395) Pause Young (Allocation Failure)
[90.064s][info][gc,heap        ] GC(395) PSYoungGen: 379168K(379392K)->1536K(371200K) Eden: 377344K(377344K)->0K(369664K) From: 1824K(2048K)->1536K(1536K)
[90.064s][info][gc,heap        ] GC(395) ParOldGen: 41407K(1398272K)->41599K(1398272K)
[90.064s][info][gc,metaspace   ] GC(395) Metaspace: 74812K(75392K)->74812K(75392K) NonClass: 59700K(59904K)->59700K(59904K) Class: 15111K(15488K)->15111K(15488K)
[90.064s][info][gc             ] GC(395) Pause Young (Allocation Failure) 410M->42M(1728M) 1.125ms
[90.064s][info][gc,cpu         ] GC(395) User=0.00s Sys=0.00s Real=0.00s
[90.154s][info][gc,start       ] GC(396) Pause Young (Allocation Failure)
[90.156s][info][gc,heap        ] GC(396) PSYoungGen: 371200K(371200K)->1856K(364544K) Eden: 369664K(369664K)->0K(362496K) From: 1536K(1536K)->1856K(2048K)
[90.156s][info][gc,heap        ] GC(396) ParOldGen: 41599K(1398272K)->41743K(1398272K)
[90.156s][info][gc,metaspace   ] GC(396) Metaspace: 74812K(75392K)->74812K(75392K) NonClass: 59700K(59904K)->59700K(59904K) Class: 15111K(15488K)->15111K(15488K)
[90.156s][info][gc             ] GC(396) Pause Young (Allocation Failure) 403M->42M(1721M) 1.298ms
[90.156s][info][gc,cpu         ] GC(396) User=0.00s Sys=0.00s Real=0.00s
[90.244s][info][gc,start       ] GC(397) Pause Young (Allocation Failure)
[90.245s][info][gc,heap        ] GC(397) PSYoungGen: 364352K(364544K)->1824K(357376K) Eden: 362496K(362496K)->0K(355328K) From: 1856K(2048K)->1824K(2048K)
[90.245s][info][gc,heap        ] GC(397) ParOldGen: 41743K(1398272K)->41847K(1398272K)
[90.245s][info][gc,metaspace   ] GC(397) Metaspace: 74812K(75392K)->74812K(75392K) NonClass: 59700K(59904K)->59700K(59904K) Class: 15111K(15488K)->15111K(15488K)
[90.245s][info][gc             ] GC(397) Pause Young (Allocation Failure) 396M->42M(1714M) 1.117ms
[90.245s][info][gc,cpu         ] GC(397) User=0.00s Sys=0.00s Real=0.00s
[90.332s][info][gc,start       ] GC(398) Pause Young (Allocation Failure)
[90.333s][info][gc,heap        ] GC(398) PSYoungGen: 357152K(357376K)->1888K(350208K) Eden: 355328K(355328K)->0K(348160K) From: 1824K(2048K)->1888K(2048K)
[90.333s][info][gc,heap        ] GC(398) ParOldGen: 41847K(1398272K)->41951K(1398272K)
[90.333s][info][gc,metaspace   ] GC(398) Metaspace: 74812K(75392K)->74812K(75392K) NonClass: 59700K(59904K)->59700K(59904K) Class: 15111K(15488K)->15111K(15488K)
[90.333s][info][gc             ] GC(398) Pause Young (Allocation Failure) 389M->42M(1707M) 1.349ms
[90.333s][info][gc,cpu         ] GC(398) User=0.00s Sys=0.00s Real=0.00s
[90.418s][info][gc,start       ] GC(399) Pause Young (Allocation Failure)
[90.419s][info][gc,heap        ] GC(399) PSYoungGen: 350048K(350208K)->1536K(419328K) Eden: 348160K(348160K)->0K(417792K) From: 1888K(2048K)->1536K(1536K)
[90.419s][info][gc,heap        ] GC(399) ParOldGen: 41951K(1398272K)->42095K(1398272K)
[90.419s][info][gc,metaspace   ] GC(399) Metaspace: 74812K(75392K)->74812K(75392K) NonClass: 59700K(59904K)->59700K(59904K) Class: 15111K(15488K)->15111K(15488K)
[90.419s][info][gc             ] GC(399) Pause Young (Allocation Failure) 382M->42M(1775M) 1.115ms
[90.419s][info][gc,cpu         ] GC(399) User=0.00s Sys=0.00s Real=0.00s
[90.521s][info][gc,start       ] GC(400) Pause Young (Allocation Failure)
[90.522s][info][gc,heap        ] GC(400) PSYoungGen: 419328K(419328K)->1888K(410624K) Eden: 417792K(417792K)->0K(408576K) From: 1536K(1536K)->1888K(2048K)
[90.522s][info][gc,heap        ] GC(400) ParOldGen: 42095K(1398272K)->42359K(1398272K)
[90.522s][info][gc,metaspace   ] GC(400) Metaspace: 74812K(75392K)->74812K(75392K) NonClass: 59700K(59904K)->59700K(59904K) Class: 15111K(15488K)->15111K(15488K)
[90.522s][info][gc             ] GC(400) Pause Young (Allocation Failure) 450M->43M(1766M) 1.285ms
[90.522s][info][gc,cpu         ] GC(400) User=0.00s Sys=0.00s Real=0.00s
[90.622s][info][gc,start       ] GC(401) Pause Young (Allocation Failure)
[90.623s][info][gc,heap        ] GC(401) PSYoungGen: 410464K(410624K)->1824K(401920K) Eden: 408576K(408576K)->0K(399872K) From: 1888K(2048K)->1824K(2048K)
[90.623s][info][gc,heap        ] GC(401) ParOldGen: 42359K(1398272K)->42487K(1398272K)
[90.623s][info][gc,metaspace   ] GC(401) Metaspace: 74812K(75392K)->74812K(75392K) NonClass: 59700K(59904K)->59700K(59904K) Class: 15111K(15488K)->15111K(15488K)
[90.623s][info][gc             ] GC(401) Pause Young (Allocation Failure) 442M->43M(1758M) 1.113ms
[90.623s][info][gc,cpu         ] GC(401) User=0.00s Sys=0.00s Real=0.00s
[90.720s][info][gc,start       ] GC(402) Pause Young (Allocation Failure)
[90.722s][info][gc,heap        ] GC(402) PSYoungGen: 401696K(401920K)->1824K(393728K) Eden: 399872K(399872K)->0K(391680K) From: 1824K(2048K)->1824K(2048K)
[90.722s][info][gc,heap        ] GC(402) ParOldGen: 42487K(1398272K)->42591K(1398272K)
[90.722s][info][gc,metaspace   ] GC(402) Metaspace: 74812K(75392K)->74812K(75392K) NonClass: 59700K(59904K)->59700K(59904K) Class: 15111K(15488K)->15111K(15488K)
[90.722s][info][gc             ] GC(402) Pause Young (Allocation Failure) 433M->43M(1750M) 1.357ms
[90.722s][info][gc,cpu         ] GC(402) User=0.00s Sys=0.00s Real=0.00s
[90.817s][info][gc,start       ] GC(403) Pause Young (Allocation Failure)
[90.818s][info][gc,heap        ] GC(403) PSYoungGen: 393504K(393728K)->1536K(385024K) Eden: 391680K(391680K)->0K(383488K) From: 1824K(2048K)->1536K(1536K)
[90.818s][info][gc,heap        ] GC(403) ParOldGen: 42591K(1398272K)->42831K(1398272K)
[90.818s][info][gc,metaspace   ] GC(403) Metaspace: 74812K(75392K)->74812K(75392K) NonClass: 59700K(59904K)->59700K(59904K) Class: 15111K(15488K)->15111K(15488K)
[90.818s][info][gc             ] GC(403) Pause Young (Allocation Failure) 425M->43M(1741M) 1.153ms
[90.818s][info][gc,cpu         ] GC(403) User=0.00s Sys=0.00s Real=0.00s
[90.912s][info][gc,start       ] GC(404) Pause Young (Allocation Failure)
[90.913s][info][gc,heap        ] GC(404) PSYoungGen: 385024K(385024K)->1824K(377856K) Eden: 383488K(383488K)->0K(375808K) From: 1536K(1536K)->1824K(2048K)
[90.913s][info][gc,heap        ] GC(404) ParOldGen: 42831K(1398272K)->43095K(1398272K)
[90.913s][info][gc,metaspace   ] GC(404) Metaspace: 74812K(75392K)->74812K(75392K) NonClass: 59700K(59904K)->59700K(59904K) Class: 15111K(15488K)->15111K(15488K)
[90.913s][info][gc             ] GC(404) Pause Young (Allocation Failure) 417M->43M(1734M) 1.237ms
[90.913s][info][gc,cpu         ] GC(404) User=0.00s Sys=0.00s Real=0.00s
[91.004s][info][gc,start       ] GC(405) Pause Young (Allocation Failure)
[91.006s][info][gc,heap        ] GC(405) PSYoungGen: 377632K(377856K)->1024K(369152K) Eden: 375808K(375808K)->0K(368128K) From: 1824K(2048K)->1024K(1024K)
[91.006s][info][gc,heap        ] GC(405) ParOldGen: 43095K(1398272K)->43655K(1398272K)
[91.006s][info][gc,metaspace   ] GC(405) Metaspace: 74812K(75392K)->74812K(75392K) NonClass: 59700K(59904K)->59700K(59904K) Class: 15111K(15488K)->15111K(15488K)
[91.006s][info][gc             ] GC(405) Pause Young (Allocation Failure) 410M->43M(1726M) 1.151ms
[91.006s][info][gc,cpu         ] GC(405) User=0.00s Sys=0.00s Real=0.00s
[91.095s][info][gc,start       ] GC(406) Pause Young (Allocation Failure)
[91.097s][info][gc,heap        ] GC(406) PSYoungGen: 369152K(369152K)->1856K(363008K) Eden: 368128K(368128K)->0K(360960K) From: 1024K(1024K)->1856K(2048K)
[91.097s][info][gc,heap        ] GC(406) ParOldGen: 43655K(1398272K)->43887K(1398272K)
[91.097s][info][gc,metaspace   ] GC(406) Metaspace: 74812K(75392K)->74812K(75392K) NonClass: 59700K(59904K)->59700K(59904K) Class: 15111K(15488K)->15111K(15488K)
[91.097s][info][gc             ] GC(406) Pause Young (Allocation Failure) 403M->44M(1720M) 1.214ms
[91.097s][info][gc,cpu         ] GC(406) User=0.00s Sys=0.00s Real=0.00s
[91.185s][info][gc,start       ] GC(407) Pause Young (Allocation Failure)
[91.186s][info][gc,heap        ] GC(407) PSYoungGen: 362816K(363008K)->1536K(355328K) Eden: 360960K(360960K)->0K(353792K) From: 1856K(2048K)->1536K(1536K)
[91.186s][info][gc,heap        ] GC(407) ParOldGen: 43887K(1398272K)->44127K(1398272K)
[91.186s][info][gc,metaspace   ] GC(407) Metaspace: 74812K(75392K)->74812K(75392K) NonClass: 59700K(59904K)->59700K(59904K) Class: 15111K(15488K)->15111K(15488K)
[91.186s][info][gc             ] GC(407) Pause Young (Allocation Failure) 397M->44M(1712M) 1.105ms
[91.186s][info][gc,cpu         ] GC(407) User=0.00s Sys=0.00s Real=0.00s
[91.272s][info][gc,start       ] GC(408) Pause Young (Allocation Failure)
[91.273s][info][gc,heap        ] GC(408) PSYoungGen: 355328K(355328K)->1888K(349184K) Eden: 353792K(353792K)->0K(347136K) From: 1536K(1536K)->1888K(2048K)
[91.273s][info][gc,heap        ] GC(408) ParOldGen: 44127K(1398272K)->44247K(1398272K)
[91.273s][info][gc,metaspace   ] GC(408) Metaspace: 74812K(75392K)->74812K(75392K) NonClass: 59700K(59904K)->59700K(59904K) Class: 15111K(15488K)->15111K(15488K)
[91.273s][info][gc             ] GC(408) Pause Young (Allocation Failure) 390M->45M(1706M) 1.257ms
[91.273s][info][gc,cpu         ] GC(408) User=0.00s Sys=0.00s Real=0.00s
[91.358s][info][gc,start       ] GC(409) Pause Young (Allocation Failure)
[91.359s][info][gc,heap        ] GC(409) PSYoungGen: 349024K(349184K)->1024K(417792K) Eden: 347136K(347136K)->0K(416768K) From: 1888K(2048K)->1024K(1024K)
[91.359s][info][gc,heap        ] GC(409) ParOldGen: 44247K(1398272K)->44807K(1398272K)
[91.359s][info][gc,metaspace   ] GC(409) Metaspace: 74812K(75392K)->74812K(75392K) NonClass: 59700K(59904K)->59700K(59904K) Class: 15111K(15488K)->15111K(15488K)
[91.359s][info][gc             ] GC(409) Pause Young (Allocation Failure) 384M->44M(1773M) 1.128ms
[91.359s][info][gc,cpu         ] GC(409) User=0.00s Sys=0.00s Real=0.00s
[91.462s][info][gc,start       ] GC(410) Pause Young (Allocation Failure)
[91.463s][info][gc,heap        ] GC(410) PSYoungGen: 417792K(417792K)->1888K(409600K) Eden: 416768K(416768K)->0K(407552K) From: 1024K(1024K)->1888K(2048K)
[91.463s][info][gc,heap        ] GC(410) ParOldGen: 44807K(1398272K)->44983K(1398272K)
[91.463s][info][gc,metaspace   ] GC(410) Metaspace: 74812K(75392K)->74812K(75392K) NonClass: 59700K(59904K)->59700K(59904K) Class: 15111K(15488K)->15111K(15488K)
[91.463s][info][gc             ] GC(410) Pause Young (Allocation Failure) 451M->45M(1765M) 1.210ms
[91.463s][info][gc,cpu         ] GC(410) User=0.00s Sys=0.00s Real=0.00s
[91.563s][info][gc,start       ] GC(411) Pause Young (Allocation Failure)
[91.564s][info][gc,heap        ] GC(411) PSYoungGen: 409440K(409600K)->1536K(400384K) Eden: 407552K(407552K)->0K(398848K) From: 1888K(2048K)->1536K(1536K)
[91.564s][info][gc,heap        ] GC(411) ParOldGen: 44983K(1398272K)->45223K(1398272K)
[91.564s][info][gc,metaspace   ] GC(411) Metaspace: 74812K(75392K)->74812K(75392K) NonClass: 59700K(59904K)->59700K(59904K) Class: 15111K(15488K)->15111K(15488K)
[91.564s][info][gc             ] GC(411) Pause Young (Allocation Failure) 443M->45M(1756M) 1.129ms
[91.564s][info][gc,cpu         ] GC(411) User=0.00s Sys=0.00s Real=0.00s
[91.661s][info][gc,start       ] GC(412) Pause Young (Allocation Failure)
[91.662s][info][gc,heap        ] GC(412) PSYoungGen: 400384K(400384K)->1888K(392704K) Eden: 398848K(398848K)->0K(390656K) From: 1536K(1536K)->1888K(2048K)
[91.662s][info][gc,heap        ] GC(412) ParOldGen: 45223K(1398272K)->45327K(1398272K)
[91.662s][info][gc,metaspace   ] GC(412) Metaspace: 74812K(75392K)->74812K(75392K) NonClass: 59700K(59904K)->59700K(59904K) Class: 15111K(15488K)->15111K(15488K)
[91.662s][info][gc             ] GC(412) Pause Young (Allocation Failure) 435M->46M(1749M) 1.293ms
[91.662s][info][gc,cpu         ] GC(412) User=0.00s Sys=0.00s Real=0.00s
[91.757s][info][gc,start       ] GC(413) Pause Young (Allocation Failure)
[91.758s][info][gc,heap        ] GC(413) PSYoungGen: 392544K(392704K)->1024K(383488K) Eden: 390656K(390656K)->0K(382464K) From: 1888K(2048K)->1024K(1024K)
[91.758s][info][gc,heap        ] GC(413) ParOldGen: 45327K(1398272K)->45951K(1398272K)
[91.758s][info][gc,metaspace   ] GC(413) Metaspace: 74812K(75392K)->74812K(75392K) NonClass: 59700K(59904K)->59700K(59904K) Class: 15111K(15488K)->15111K(15488K)
[91.758s][info][gc             ] GC(413) Pause Young (Allocation Failure) 427M->45M(1740M) 1.207ms
[91.758s][info][gc,cpu         ] GC(413) User=0.00s Sys=0.00s Real=0.00s
[91.851s][info][gc,start       ] GC(414) Pause Young (Allocation Failure)
[91.853s][info][gc,heap        ] GC(414) PSYoungGen: 383488K(383488K)->1888K(376832K) Eden: 382464K(382464K)->0K(374784K) From: 1024K(1024K)->1888K(2048K)
[91.853s][info][gc,heap        ] GC(414) ParOldGen: 45951K(1398272K)->46231K(1398272K)
[91.853s][info][gc,metaspace   ] GC(414) Metaspace: 74812K(75392K)->74812K(75392K) NonClass: 59700K(59904K)->59700K(59904K) Class: 15111K(15488K)->15111K(15488K)
[91.853s][info][gc             ] GC(414) Pause Young (Allocation Failure) 419M->46M(1733M) 1.218ms
[91.853s][info][gc,cpu         ] GC(414) User=0.00s Sys=0.00s Real=0.00s
[91.944s][info][gc,start       ] GC(415) Pause Young (Allocation Failure)
[91.945s][info][gc,heap        ] GC(415) PSYoungGen: 376672K(376832K)->1536K(368640K) Eden: 374784K(374784K)->0K(367104K) From: 1888K(2048K)->1536K(1536K)
[91.945s][info][gc,heap        ] GC(415) ParOldGen: 46231K(1398272K)->46479K(1398272K)
[91.945s][info][gc,metaspace   ] GC(415) Metaspace: 74812K(75392K)->74812K(75392K) NonClass: 59700K(59904K)->59700K(59904K) Class: 15111K(15488K)->15111K(15488K)
[91.945s][info][gc             ] GC(415) Pause Young (Allocation Failure) 412M->46M(1725M) 1.173ms
[91.945s][info][gc,cpu         ] GC(415) User=0.00s Sys=0.00s Real=0.00s
[92.035s][info][gc,start       ] GC(416) Pause Young (Allocation Failure)
[92.036s][info][gc,heap        ] GC(416) PSYoungGen: 368640K(368640K)->1792K(361984K) Eden: 367104K(367104K)->0K(359936K) From: 1536K(1536K)->1792K(2048K)
[92.036s][info][gc,heap        ] GC(416) ParOldGen: 46479K(1398272K)->46615K(1398272K)
[92.036s][info][gc,metaspace   ] GC(416) Metaspace: 74812K(75392K)->74812K(75392K) NonClass: 59700K(59904K)->59700K(59904K) Class: 15111K(15488K)->15111K(15488K)
[92.036s][info][gc             ] GC(416) Pause Young (Allocation Failure) 405M->47M(1719M) 1.311ms
[92.036s][info][gc,cpu         ] GC(416) User=0.00s Sys=0.00s Real=0.00s
[92.124s][info][gc,start       ] GC(417) Pause Young (Allocation Failure)
[92.125s][info][gc,heap        ] GC(417) PSYoungGen: 361728K(361984K)->1024K(433152K) Eden: 359936K(359936K)->0K(432128K) From: 1792K(2048K)->1024K(1024K)
[92.125s][info][gc,heap        ] GC(417) ParOldGen: 46615K(1398272K)->47127K(1398272K)
[92.125s][info][gc,metaspace   ] GC(417) Metaspace: 74812K(75392K)->74812K(75392K) NonClass: 59700K(59904K)->59700K(59904K) Class: 15111K(15488K)->15111K(15488K)
[92.125s][info][gc             ] GC(417) Pause Young (Allocation Failure) 398M->47M(1788M) 1.120ms
[92.125s][info][gc,cpu         ] GC(417) User=0.00s Sys=0.00s Real=0.00s
[92.231s][info][gc,start       ] GC(418) Pause Young (Allocation Failure)
[92.232s][info][gc,heap        ] GC(418) PSYoungGen: 433152K(433152K)->1792K(424448K) Eden: 432128K(432128K)->0K(422400K) From: 1024K(1024K)->1792K(2048K)
[92.232s][info][gc,heap        ] GC(418) ParOldGen: 47127K(1398272K)->47287K(1398272K)
[92.232s][info][gc,metaspace   ] GC(418) Metaspace: 74812K(75392K)->74812K(75392K) NonClass: 59700K(59904K)->59700K(59904K) Class: 15111K(15488K)->15111K(15488K)
[92.232s][info][gc             ] GC(418) Pause Young (Allocation Failure) 469M->47M(1780M) 1.202ms
[92.232s][info][gc,cpu         ] GC(418) User=0.00s Sys=0.00s Real=0.00s
[92.336s][info][gc,start       ] GC(419) Pause Young (Allocation Failure)
[92.337s][info][gc,heap        ] GC(419) PSYoungGen: 424192K(424448K)->1536K(414720K) Eden: 422400K(422400K)->0K(413184K) From: 1792K(2048K)->1536K(1536K)
[92.337s][info][gc,heap        ] GC(419) ParOldGen: 47287K(1398272K)->47599K(1398272K)
[92.337s][info][gc,metaspace   ] GC(419) Metaspace: 74812K(75392K)->74812K(75392K) NonClass: 59700K(59904K)->59700K(59904K) Class: 15111K(15488K)->15111K(15488K)
[92.337s][info][gc             ] GC(419) Pause Young (Allocation Failure) 460M->47M(1770M) 1.082ms
[92.337s][info][gc,cpu         ] GC(419) User=0.00s Sys=0.00s Real=0.00s
[92.441s][info][gc,start       ] GC(420) Pause Young (Allocation Failure)
[92.442s][info][gc,heap        ] GC(420) PSYoungGen: 414720K(414720K)->1760K(406528K) Eden: 413184K(413184K)->0K(404480K) From: 1536K(1536K)->1760K(2048K)
[92.442s][info][gc,heap        ] GC(420) ParOldGen: 47599K(1398272K)->47871K(1398272K)
[92.442s][info][gc,metaspace   ] GC(420) Metaspace: 74812K(75392K)->74812K(75392K) NonClass: 59700K(59904K)->59700K(59904K) Class: 15111K(15488K)->15111K(15488K)
[92.442s][info][gc             ] GC(420) Pause Young (Allocation Failure) 451M->48M(1762M) 1.285ms
[92.442s][info][gc,cpu         ] GC(420) User=0.00s Sys=0.00s Real=0.00s
[92.549s][info][gc,start       ] GC(421) Pause Young (Allocation Failure)
[92.550s][info][gc,heap        ] GC(421) PSYoungGen: 406240K(406528K)->1024K(396800K) Eden: 404480K(404480K)->0K(395776K) From: 1760K(2048K)->1024K(1024K)
[92.550s][info][gc,heap        ] GC(421) ParOldGen: 47871K(1398272K)->48343K(1398272K)
[92.550s][info][gc,metaspace   ] GC(421) Metaspace: 74812K(75392K)->74812K(75392K) NonClass: 59700K(59904K)->59700K(59904K) Class: 15111K(15488K)->15111K(15488K)
[92.550s][info][gc             ] GC(421) Pause Young (Allocation Failure) 443M->48M(1753M) 1.125ms
[92.550s][info][gc,cpu         ] GC(421) User=0.00s Sys=0.00s Real=0.00s
[92.663s][info][gc,start       ] GC(422) Pause Young (Allocation Failure)
[92.664s][info][gc,heap        ] GC(422) PSYoungGen: 396800K(396800K)->1504K(389120K) Eden: 395776K(395776K)->0K(387584K) From: 1024K(1024K)->1504K(1536K)
[92.664s][info][gc,heap        ] GC(422) ParOldGen: 48343K(1398272K)->48695K(1398272K)
[92.664s][info][gc,metaspace   ] GC(422) Metaspace: 74822K(75456K)->74822K(75456K) NonClass: 59711K(59968K)->59711K(59968K) Class: 15111K(15488K)->15111K(15488K)
[92.664s][info][gc             ] GC(422) Pause Young (Allocation Failure) 434M->49M(1745M) 1.215ms
[92.664s][info][gc,cpu         ] GC(422) User=0.00s Sys=0.00s Real=0.00s
[92.780s][info][gc,start       ] GC(423) Pause Young (Allocation Failure)
[92.781s][info][gc,heap        ] GC(423) PSYoungGen: 389088K(389120K)->1408K(380928K) Eden: 387584K(387584K)->0K(379392K) From: 1504K(1536K)->1408K(1536K)
[92.781s][info][gc,heap        ] GC(423) ParOldGen: 48695K(1398272K)->49047K(1398272K)
[92.781s][info][gc,metaspace   ] GC(423) Metaspace: 74822K(75456K)->74822K(75456K) NonClass: 59711K(59968K)->59711K(59968K) Class: 15111K(15488K)->15111K(15488K)
[92.781s][info][gc             ] GC(423) Pause Young (Allocation Failure) 427M->49M(1737M) 1.248ms
[92.781s][info][gc,cpu         ] GC(423) User=0.00s Sys=0.00s Real=0.00s
[92.904s][info][gc,start       ] GC(424) Pause Young (Allocation Failure)
[92.906s][info][gc,heap        ] GC(424) PSYoungGen: 380800K(380928K)->1216K(373248K) Eden: 379392K(379392K)->0K(371712K) From: 1408K(1536K)->1216K(1536K)
[92.906s][info][gc,heap        ] GC(424) ParOldGen: 49047K(1398272K)->49287K(1398272K)
[92.906s][info][gc,metaspace   ] GC(424) Metaspace: 74822K(75456K)->74822K(75456K) NonClass: 59711K(59968K)->59711K(59968K) Class: 15111K(15488K)->15111K(15488K)
[92.906s][info][gc             ] GC(424) Pause Young (Allocation Failure) 419M->49M(1730M) 1.164ms
[92.906s][info][gc,cpu         ] GC(424) User=0.00s Sys=0.00s Real=0.00s
[93.062s][info][gc,start       ] GC(425) Pause Young (Allocation Failure)
[93.063s][info][gc,heap        ] GC(425) PSYoungGen: 372928K(373248K)->1120K(365568K) Eden: 371712K(371712K)->0K(364032K) From: 1216K(1536K)->1120K(1536K)
[93.063s][info][gc,heap        ] GC(425) ParOldGen: 49287K(1398272K)->49607K(1398272K)
[93.064s][info][gc,metaspace   ] GC(425) Metaspace: 74822K(75456K)->74822K(75456K) NonClass: 59711K(59968K)->59711K(59968K) Class: 15111K(15488K)->15111K(15488K)
[93.064s][info][gc             ] GC(425) Pause Young (Allocation Failure) 412M->49M(1722M) 1.149ms
[93.064s][info][gc,cpu         ] GC(425) User=0.00s Sys=0.00s Real=0.00s
[93.252s][info][gc,start       ] GC(426) Pause Young (Allocation Failure)
[93.253s][info][gc,heap        ] GC(426) PSYoungGen: 365152K(365568K)->1056K(358400K) Eden: 364032K(364032K)->0K(356864K) From: 1120K(1536K)->1056K(1536K)
[93.253s][info][gc,heap        ] GC(426) ParOldGen: 49607K(1398272K)->49991K(1398272K)
[93.253s][info][gc,metaspace   ] GC(426) Metaspace: 74822K(75456K)->74822K(75456K) NonClass: 59711K(59968K)->59711K(59968K) Class: 15111K(15488K)->15111K(15488K)
[93.253s][info][gc             ] GC(426) Pause Young (Allocation Failure) 405M->49M(1715M) 1.198ms
[93.253s][info][gc,cpu         ] GC(426) User=0.00s Sys=0.00s Real=0.00s
[93.449s][info][gc,start       ] GC(427) Pause Young (Allocation Failure)
[93.450s][info][gc,heap        ] GC(427) PSYoungGen: 357920K(358400K)->1056K(351232K) Eden: 356864K(356864K)->0K(349696K) From: 1056K(1536K)->1056K(1536K)
[93.450s][info][gc,heap        ] GC(427) ParOldGen: 49991K(1398272K)->50199K(1398272K)
[93.450s][info][gc,metaspace   ] GC(427) Metaspace: 74822K(75456K)->74822K(75456K) NonClass: 59711K(59968K)->59711K(59968K) Class: 15111K(15488K)->15111K(15488K)
[93.450s][info][gc             ] GC(427) Pause Young (Allocation Failure) 398M->50M(1708M) 0.990ms
[93.450s][info][gc,cpu         ] GC(427) User=0.00s Sys=0.00s Real=0.00s
[93.642s][info][gc,start       ] GC(428) Pause Young (Allocation Failure)
[93.643s][info][gc,heap        ] GC(428) PSYoungGen: 350752K(351232K)->1056K(344576K) Eden: 349696K(349696K)->0K(343040K) From: 1056K(1536K)->1056K(1536K)
[93.643s][info][gc,heap        ] GC(428) ParOldGen: 50199K(1398272K)->50207K(1398272K)
[93.643s][info][gc,metaspace   ] GC(428) Metaspace: 74822K(75456K)->74822K(75456K) NonClass: 59711K(59968K)->59711K(59968K) Class: 15111K(15488K)->15111K(15488K)
[93.643s][info][gc             ] GC(428) Pause Young (Allocation Failure) 391M->50M(1702M) 0.896ms
[93.643s][info][gc,cpu         ] GC(428) User=0.00s Sys=0.00s Real=0.00s
[93.831s][info][gc,start       ] GC(429) Pause Young (Allocation Failure)
[93.832s][info][gc,heap        ] GC(429) PSYoungGen: 344096K(344576K)->1056K(337920K) Eden: 343040K(343040K)->0K(336384K) From: 1056K(1536K)->1056K(1536K)
[93.832s][info][gc,heap        ] GC(429) ParOldGen: 50207K(1398272K)->50255K(1398272K)
[93.832s][info][gc,metaspace   ] GC(429) Metaspace: 74822K(75456K)->74822K(75456K) NonClass: 59711K(59968K)->59711K(59968K) Class: 15111K(15488K)->15111K(15488K)
[93.832s][info][gc             ] GC(429) Pause Young (Allocation Failure) 385M->50M(1695M) 0.985ms
[93.832s][info][gc,cpu         ] GC(429) User=0.00s Sys=0.00s Real=0.00s
[94.018s][info][gc,start       ] GC(430) Pause Young (Allocation Failure)
[94.019s][info][gc,heap        ] GC(430) PSYoungGen: 337440K(337920K)->1056K(331776K) Eden: 336384K(336384K)->0K(330240K) From: 1056K(1536K)->1056K(1536K)
[94.019s][info][gc,heap        ] GC(430) ParOldGen: 50255K(1398272K)->50471K(1398272K)
[94.019s][info][gc,metaspace   ] GC(430) Metaspace: 74822K(75456K)->74822K(75456K) NonClass: 59711K(59968K)->59711K(59968K) Class: 15111K(15488K)->15111K(15488K)
[94.019s][info][gc             ] GC(430) Pause Young (Allocation Failure) 378M->50M(1689M) 1.047ms
[94.019s][info][gc,cpu         ] GC(430) User=0.00s Sys=0.00s Real=0.00s
[94.200s][info][gc,start       ] GC(431) Pause Young (Allocation Failure)
[94.201s][info][gc,heap        ] GC(431) PSYoungGen: 331296K(331776K)->1056K(325632K) Eden: 330240K(330240K)->0K(324096K) From: 1056K(1536K)->1056K(1536K)
[94.201s][info][gc,heap        ] GC(431) ParOldGen: 50471K(1398272K)->50487K(1398272K)
[94.201s][info][gc,metaspace   ] GC(431) Metaspace: 74822K(75456K)->74822K(75456K) NonClass: 59711K(59968K)->59711K(59968K) Class: 15111K(15488K)->15111K(15488K)
[94.201s][info][gc             ] GC(431) Pause Young (Allocation Failure) 372M->50M(1683M) 0.864ms
[94.201s][info][gc,cpu         ] GC(431) User=0.00s Sys=0.00s Real=0.00s
[94.388s][info][gc,heap,exit   ] Heap
[94.388s][info][gc,heap,exit   ]  PSYoungGen      total 325632K, used 267771K [0x0000000580100000, 0x00000006a5680000, 0x0000000800000000)
[94.388s][info][gc,heap,exit   ]   eden space 324096K, 82% used [0x0000000580100000,0x0000000590576f28,0x0000000593d80000)
[94.388s][info][gc,heap,exit   ]   from space 1536K, 68% used [0x00000006a5500000,0x00000006a5608000,0x00000006a5680000)
[94.388s][info][gc,heap,exit   ]   to   space 2560K, 0% used [0x00000006a5180000,0x00000006a5180000,0x00000006a5400000)
[94.389s][info][gc,heap,exit   ]  ParOldGen       total 1398272K, used 50487K [0x0000000080200000, 0x00000000d5780000, 0x0000000580100000)
[94.389s][info][gc,heap,exit   ]   object space 1398272K, 3% used [0x0000000080200000,0x000000008334dcf0,0x00000000d5780000)
[94.389s][info][gc,heap,exit   ]  Metaspace       used 74881K, committed 75456K, reserved 1114112K
[94.389s][info][gc,heap,exit   ]   class space    used 15127K, committed 15488K, reserved 1048576K
