[0.015s][info][gc,init] CardTable entry size: 512
[0.015s][info][gc     ] Using Serial
[0.024s][info][gc,init] Version: 20+36-2344 (release)
[0.024s][info][gc,init] CPUs: 48 total, 48 available
[0.024s][info][gc,init] Memory: 382G
[0.024s][info][gc,init] Large Page Support: Disabled
[0.024s][info][gc,init] NUMA Support: Disabled
[0.024s][info][gc,init] Compressed Oops: Enabled (Zero based)
[0.024s][info][gc,init] Heap Min Capacity: 8M
[0.024s][info][gc,init] Heap Initial Capacity: 2G
[0.024s][info][gc,init] Heap Max Capacity: 30718M
[0.024s][info][gc,init] Pre-touch: Disabled
[0.033s][info][gc,metaspace] CDS archive(s) mapped at: [0x0000000800000000-0x0000000800c60000-0x0000000800c60000), size 12976128, SharedBaseAddress: 0x0000000800000000, ArchiveRelocationMode: 0.
[0.033s][info][gc,metaspace] Compressed class space mapped at: 0x0000000801000000-0x0000000841000000, reserved size: 1073741824
[0.033s][info][gc,metaspace] Narrow klass base: 0x0000000800000000, Narrow klass shift: 0, Narrow klass range: 0x100000000
[5.260s][info][gc,start    ] GC(0) Pause Full (Metadata GC Threshold)
[5.261s][info][gc,phases,start] GC(0) Phase 1: Mark live objects
[5.281s][info][gc,phases      ] GC(0) Phase 1: Mark live objects 20.325ms
[5.281s][info][gc,phases,start] GC(0) Phase 2: Compute new object addresses
[5.293s][info][gc,phases      ] GC(0) Phase 2: Compute new object addresses 11.739ms
[5.293s][info][gc,phases,start] GC(0) Phase 3: Adjust pointers
[5.300s][info][gc,phases      ] GC(0) Phase 3: Adjust pointers 6.892ms
[5.300s][info][gc,phases,start] GC(0) Phase 4: Move objects
[5.306s][info][gc,phases      ] GC(0) Phase 4: Move objects 6.069ms
[5.307s][info][gc,heap        ] GC(0) DefNew: 223726K(629120K)->0K(629248K) Eden: 223726K(559232K)->0K(559360K) From: 0K(69888K)->0K(69888K)
[5.307s][info][gc,heap        ] GC(0) Tenured: 0K(1398144K)->7646K(1398144K)
[5.307s][info][gc,metaspace   ] GC(0) Metaspace: 21260K(21504K)->21260K(21504K) NonClass: 18522K(18624K)->18522K(18624K) Class: 2738K(2880K)->2738K(2880K)
[5.307s][info][gc             ] GC(0) Pause Full (Metadata GC Threshold) 218M->7M(1979M) 46.963ms
[5.307s][info][gc,cpu         ] GC(0) User=0.05s Sys=0.00s Real=0.05s
[6.036s][info][gc,start       ] GC(1) Pause Full (System.gc())
[6.036s][info][gc,phases,start] GC(1) Phase 1: Mark live objects
[6.060s][info][gc,phases      ] GC(1) Phase 1: Mark live objects 24.075ms
[6.060s][info][gc,phases,start] GC(1) Phase 2: Compute new object addresses
[6.068s][info][gc,phases      ] GC(1) Phase 2: Compute new object addresses 7.558ms
[6.068s][info][gc,phases,start] GC(1) Phase 3: Adjust pointers
[6.077s][info][gc,phases      ] GC(1) Phase 3: Adjust pointers 8.716ms
[6.077s][info][gc,phases,start] GC(1) Phase 4: Move objects
[6.080s][info][gc,phases      ] GC(1) Phase 4: Move objects 3.135ms
[6.080s][info][gc,heap        ] GC(1) DefNew: 197642K(629248K)->0K(629440K) Eden: 197642K(559360K)->0K(559552K) From: 0K(69888K)->0K(69888K)
[6.080s][info][gc,heap        ] GC(1) Tenured: 7646K(1398144K)->12595K(1398144K)
[6.080s][info][gc,metaspace   ] GC(1) Metaspace: 30277K(30656K)->30277K(30656K) NonClass: 26228K(26432K)->26228K(26432K) Class: 4048K(4224K)->4048K(4224K)
[6.080s][info][gc             ] GC(1) Pause Full (System.gc()) 200M->12M(1980M) 44.274ms
[6.080s][info][gc,cpu         ] GC(1) User=0.05s Sys=0.00s Real=0.04s
[7.283s][info][gc,start       ] GC(2) Pause Full (Metadata GC Threshold)
[7.283s][info][gc,phases,start] GC(2) Phase 1: Mark live objects
[7.326s][info][gc,phases      ] GC(2) Phase 1: Mark live objects 43.286ms
[7.326s][info][gc,phases,start] GC(2) Phase 2: Compute new object addresses
[7.360s][info][gc,phases      ] GC(2) Phase 2: Compute new object addresses 33.317ms
[7.360s][info][gc,phases,start] GC(2) Phase 3: Adjust pointers
[7.384s][info][gc,phases      ] GC(2) Phase 3: Adjust pointers 24.072ms
[7.384s][info][gc,phases,start] GC(2) Phase 4: Move objects
[7.389s][info][gc,phases      ] GC(2) Phase 4: Move objects 5.687ms
[7.391s][info][gc,heap        ] GC(2) DefNew: 279538K(629440K)->0K(629440K) Eden: 279538K(559552K)->0K(559552K) From: 0K(69888K)->0K(69888K)
[7.391s][info][gc,heap        ] GC(2) Tenured: 12595K(1398144K)->17084K(1398144K)
[7.391s][info][gc,metaspace   ] GC(2) Metaspace: 50441K(51136K)->49946K(51136K) NonClass: 40656K(41088K)->40311K(41088K) Class: 9784K(10048K)->9635K(10048K)
[7.391s][info][gc             ] GC(2) Pause Full (Metadata GC Threshold) 285M->16M(1980M) 108.332ms
[7.391s][info][gc,cpu         ] GC(2) User=0.25s Sys=0.02s Real=0.11s
[9.410s][info][gc,start       ] GC(3) Pause Young (Allocation Failure)
[9.472s][info][gc,heap        ] GC(3) DefNew: 559552K(629440K)->22608K(629440K) Eden: 559552K(559552K)->0K(559552K) From: 0K(69888K)->22608K(69888K)
[9.473s][info][gc,heap        ] GC(3) Tenured: 17084K(1398144K)->17084K(1398144K)
[9.473s][info][gc,metaspace   ] GC(3) Metaspace: 71890K(72512K)->71890K(72512K) NonClass: 56857K(57216K)->56857K(57216K) Class: 15033K(15296K)->15033K(15296K)
[9.473s][info][gc             ] GC(3) Pause Young (Allocation Failure) 563M->38M(1980M) 62.820ms
[9.473s][info][gc,cpu         ] GC(3) User=0.33s Sys=0.03s Real=0.06s
[10.174s][info][gc,start       ] GC(4) Pause Young (Allocation Failure)
[10.210s][info][gc,heap        ] GC(4) DefNew: 582160K(629440K)->22234K(629440K) Eden: 559552K(559552K)->0K(559552K) From: 22608K(69888K)->22234K(69888K)
[10.210s][info][gc,heap        ] GC(4) Tenured: 17084K(1398144K)->17084K(1398144K)
[10.210s][info][gc,metaspace   ] GC(4) Metaspace: 71975K(72576K)->71975K(72576K) NonClass: 56941K(57280K)->56941K(57280K) Class: 15033K(15296K)->15033K(15296K)
[10.210s][info][gc             ] GC(4) Pause Young (Allocation Failure) 585M->38M(1980M) 36.221ms
[10.210s][info][gc,cpu         ] GC(4) User=0.13s Sys=0.02s Real=0.04s
[10.793s][info][gc,start       ] GC(5) Pause Young (Allocation Failure)
[10.821s][info][gc,heap        ] GC(5) DefNew: 581786K(629440K)->22292K(629440K) Eden: 559552K(559552K)->0K(559552K) From: 22234K(69888K)->22292K(69888K)
[10.821s][info][gc,heap        ] GC(5) Tenured: 17084K(1398144K)->17084K(1398144K)
[10.821s][info][gc,metaspace   ] GC(5) Metaspace: 71977K(72576K)->71977K(72576K) NonClass: 56944K(57280K)->56944K(57280K) Class: 15033K(15296K)->15033K(15296K)
[10.821s][info][gc             ] GC(5) Pause Young (Allocation Failure) 584M->38M(1980M) 28.044ms
[10.821s][info][gc,cpu         ] GC(5) User=0.03s Sys=0.00s Real=0.03s
[11.303s][info][gc,start       ] GC(6) Pause Young (Allocation Failure)
[11.331s][info][gc,heap        ] GC(6) DefNew: 581844K(629440K)->22299K(629440K) Eden: 559552K(559552K)->0K(559552K) From: 22292K(69888K)->22299K(69888K)
[11.331s][info][gc,heap        ] GC(6) Tenured: 17084K(1398144K)->17084K(1398144K)
[11.331s][info][gc,metaspace   ] GC(6) Metaspace: 71985K(72576K)->71985K(72576K) NonClass: 56951K(57280K)->56951K(57280K) Class: 15034K(15296K)->15034K(15296K)
[11.331s][info][gc             ] GC(6) Pause Young (Allocation Failure) 584M->38M(1980M) 28.319ms
[11.331s][info][gc,cpu         ] GC(6) User=0.09s Sys=0.00s Real=0.03s
[11.737s][info][gc,start       ] GC(7) Pause Young (Allocation Failure)
[11.766s][info][gc,heap        ] GC(7) DefNew: 581851K(629440K)->21985K(629440K) Eden: 559552K(559552K)->0K(559552K) From: 22299K(69888K)->21985K(69888K)
[11.766s][info][gc,heap        ] GC(7) Tenured: 17084K(1398144K)->17084K(1398144K)
[11.766s][info][gc,metaspace   ] GC(7) Metaspace: 72059K(72704K)->72059K(72704K) NonClass: 57015K(57408K)->57015K(57408K) Class: 15044K(15296K)->15044K(15296K)
[11.766s][info][gc             ] GC(7) Pause Young (Allocation Failure) 584M->38M(1980M) 29.005ms
[11.766s][info][gc,cpu         ] GC(7) User=0.14s Sys=0.00s Real=0.03s
[12.121s][info][gc,start       ] GC(8) Pause Young (Allocation Failure)
[12.150s][info][gc,heap        ] GC(8) DefNew: 581537K(629440K)->21985K(629440K) Eden: 559552K(559552K)->0K(559552K) From: 21985K(69888K)->21985K(69888K)
[12.150s][info][gc,heap        ] GC(8) Tenured: 17084K(1398144K)->17084K(1398144K)
[12.150s][info][gc,metaspace   ] GC(8) Metaspace: 72061K(72704K)->72061K(72704K) NonClass: 57016K(57408K)->57016K(57408K) Class: 15045K(15296K)->15045K(15296K)
[12.150s][info][gc             ] GC(8) Pause Young (Allocation Failure) 584M->38M(1980M) 28.994ms
[12.150s][info][gc,cpu         ] GC(8) User=0.08s Sys=0.00s Real=0.03s
[12.465s][info][gc,start       ] GC(9) Pause Young (Allocation Failure)
[12.496s][info][gc,heap        ] GC(9) DefNew: 581537K(629440K)->21948K(629440K) Eden: 559552K(559552K)->0K(559552K) From: 21985K(69888K)->21948K(69888K)
[12.496s][info][gc,heap        ] GC(9) Tenured: 17084K(1398144K)->17084K(1398144K)
[12.496s][info][gc,metaspace   ] GC(9) Metaspace: 72061K(72704K)->72061K(72704K) NonClass: 57016K(57408K)->57016K(57408K) Class: 15045K(15296K)->15045K(15296K)
[12.496s][info][gc             ] GC(9) Pause Young (Allocation Failure) 584M->38M(1980M) 31.685ms
[12.496s][info][gc,cpu         ] GC(9) User=0.06s Sys=0.00s Real=0.03s
[12.773s][info][gc,start       ] GC(10) Pause Young (Allocation Failure)
[12.804s][info][gc,heap        ] GC(10) DefNew: 581500K(629440K)->22034K(629440K) Eden: 559552K(559552K)->0K(559552K) From: 21948K(69888K)->22034K(69888K)
[12.804s][info][gc,heap        ] GC(10) Tenured: 17084K(1398144K)->17084K(1398144K)
[12.804s][info][gc,metaspace   ] GC(10) Metaspace: 72061K(72704K)->72061K(72704K) NonClass: 57016K(57408K)->57016K(57408K) Class: 15045K(15296K)->15045K(15296K)
[12.804s][info][gc             ] GC(10) Pause Young (Allocation Failure) 584M->38M(1980M) 31.162ms
[12.804s][info][gc,cpu         ] GC(10) User=0.17s Sys=0.00s Real=0.03s
[13.039s][info][gc,start       ] GC(11) Pause Young (Allocation Failure)
[13.067s][info][gc,heap        ] GC(11) DefNew: 581586K(629440K)->21922K(629440K) Eden: 559552K(559552K)->0K(559552K) From: 22034K(69888K)->21922K(69888K)
[13.067s][info][gc,heap        ] GC(11) Tenured: 17084K(1398144K)->17084K(1398144K)
[13.067s][info][gc,metaspace   ] GC(11) Metaspace: 72062K(72704K)->72062K(72704K) NonClass: 57017K(57408K)->57017K(57408K) Class: 15045K(15296K)->15045K(15296K)
[13.067s][info][gc             ] GC(11) Pause Young (Allocation Failure) 584M->38M(1980M) 27.702ms
[13.067s][info][gc,cpu         ] GC(11) User=0.11s Sys=0.00s Real=0.03s
[13.268s][info][gc,start       ] GC(12) Pause Young (Allocation Failure)
[13.295s][info][gc,heap        ] GC(12) DefNew: 581474K(629440K)->21964K(629440K) Eden: 559552K(559552K)->0K(559552K) From: 21922K(69888K)->21964K(69888K)
[13.295s][info][gc,heap        ] GC(12) Tenured: 17084K(1398144K)->17084K(1398144K)
[13.295s][info][gc,metaspace   ] GC(12) Metaspace: 72062K(72704K)->72062K(72704K) NonClass: 57017K(57408K)->57017K(57408K) Class: 15045K(15296K)->15045K(15296K)
[13.295s][info][gc             ] GC(12) Pause Young (Allocation Failure) 584M->38M(1980M) 27.268ms
[13.295s][info][gc,cpu         ] GC(12) User=0.05s Sys=0.00s Real=0.03s
[13.484s][info][gc,start       ] GC(13) Pause Young (Allocation Failure)
[13.514s][info][gc,heap        ] GC(13) DefNew: 581516K(629440K)->21962K(629440K) Eden: 559552K(559552K)->0K(559552K) From: 21964K(69888K)->21962K(69888K)
[13.514s][info][gc,heap        ] GC(13) Tenured: 17084K(1398144K)->17084K(1398144K)
[13.514s][info][gc,metaspace   ] GC(13) Metaspace: 72066K(72704K)->72066K(72704K) NonClass: 57020K(57408K)->57020K(57408K) Class: 15045K(15296K)->15045K(15296K)
[13.514s][info][gc             ] GC(13) Pause Young (Allocation Failure) 584M->38M(1980M) 29.976ms
[13.514s][info][gc,cpu         ] GC(13) User=0.03s Sys=0.00s Real=0.03s
[13.709s][info][gc,start       ] GC(14) Pause Young (Allocation Failure)
[13.736s][info][gc,heap        ] GC(14) DefNew: 581514K(629440K)->21984K(629440K) Eden: 559552K(559552K)->0K(559552K) From: 21962K(69888K)->21984K(69888K)
[13.737s][info][gc,heap        ] GC(14) Tenured: 17084K(1398144K)->17084K(1398144K)
[13.737s][info][gc,metaspace   ] GC(14) Metaspace: 72083K(72768K)->72083K(72768K) NonClass: 57035K(57472K)->57035K(57472K) Class: 15047K(15296K)->15047K(15296K)
[13.737s][info][gc             ] GC(14) Pause Young (Allocation Failure) 584M->38M(1980M) 28.074ms
[13.737s][info][gc,cpu         ] GC(14) User=0.05s Sys=0.00s Real=0.03s
[13.924s][info][gc,start       ] GC(15) Pause Young (Allocation Failure)
[13.951s][info][gc,heap        ] GC(15) DefNew: 581536K(629440K)->21960K(629440K) Eden: 559552K(559552K)->0K(559552K) From: 21984K(69888K)->21960K(69888K)
[13.952s][info][gc,heap        ] GC(15) Tenured: 17084K(1398144K)->17084K(1398144K)
[13.952s][info][gc,metaspace   ] GC(15) Metaspace: 72083K(72768K)->72083K(72768K) NonClass: 57035K(57472K)->57035K(57472K) Class: 15047K(15296K)->15047K(15296K)
[13.952s][info][gc             ] GC(15) Pause Young (Allocation Failure) 584M->38M(1980M) 28.034ms
[13.952s][info][gc,cpu         ] GC(15) User=0.06s Sys=0.00s Real=0.03s
[14.139s][info][gc,start       ] GC(16) Pause Young (Allocation Failure)
[14.170s][info][gc,heap        ] GC(16) DefNew: 581512K(629440K)->21906K(629440K) Eden: 559552K(559552K)->0K(559552K) From: 21960K(69888K)->21906K(69888K)
[14.170s][info][gc,heap        ] GC(16) Tenured: 17084K(1398144K)->17084K(1398144K)
[14.170s][info][gc,metaspace   ] GC(16) Metaspace: 72084K(72768K)->72084K(72768K) NonClass: 57037K(57472K)->57037K(57472K) Class: 15047K(15296K)->15047K(15296K)
[14.170s][info][gc             ] GC(16) Pause Young (Allocation Failure) 584M->38M(1980M) 31.524ms
[14.170s][info][gc,cpu         ] GC(16) User=0.03s Sys=0.00s Real=0.03s
[14.357s][info][gc,start       ] GC(17) Pause Young (Allocation Failure)
[14.387s][info][gc,heap        ] GC(17) DefNew: 581458K(629440K)->21972K(629440K) Eden: 559552K(559552K)->0K(559552K) From: 21906K(69888K)->21972K(69888K)
[14.387s][info][gc,heap        ] GC(17) Tenured: 17084K(1398144K)->17084K(1398144K)
[14.387s][info][gc,metaspace   ] GC(17) Metaspace: 72084K(72768K)->72084K(72768K) NonClass: 57037K(57472K)->57037K(57472K) Class: 15047K(15296K)->15047K(15296K)
[14.387s][info][gc             ] GC(17) Pause Young (Allocation Failure) 584M->38M(1980M) 30.128ms
[14.387s][info][gc,cpu         ] GC(17) User=0.05s Sys=0.00s Real=0.03s
[14.566s][info][gc,start       ] GC(18) Pause Young (Allocation Failure)
[14.607s][info][gc,heap        ] GC(18) DefNew: 581524K(629440K)->1624K(629440K) Eden: 559552K(559552K)->0K(559552K) From: 21972K(69888K)->1624K(69888K)
[14.607s][info][gc,heap        ] GC(18) Tenured: 17084K(1398144K)->37460K(1398144K)
[14.607s][info][gc,metaspace   ] GC(18) Metaspace: 72088K(72768K)->72088K(72768K) NonClass: 57040K(57472K)->57040K(57472K) Class: 15048K(15296K)->15048K(15296K)
[14.607s][info][gc             ] GC(18) Pause Young (Allocation Failure) 584M->38M(1980M) 40.746ms
[14.607s][info][gc,cpu         ] GC(18) User=0.11s Sys=0.00s Real=0.04s
[14.784s][info][gc,start       ] GC(19) Pause Young (Allocation Failure)
[14.793s][info][gc,heap        ] GC(19) DefNew: 561176K(629440K)->1487K(629440K) Eden: 559552K(559552K)->0K(559552K) From: 1624K(69888K)->1487K(69888K)
[14.793s][info][gc,heap        ] GC(19) Tenured: 37460K(1398144K)->37501K(1398144K)
[14.793s][info][gc,metaspace   ] GC(19) Metaspace: 72089K(72768K)->72089K(72768K) NonClass: 57040K(57472K)->57040K(57472K) Class: 15048K(15296K)->15048K(15296K)
[14.793s][info][gc             ] GC(19) Pause Young (Allocation Failure) 584M->38M(1980M) 9.526ms
[14.793s][info][gc,cpu         ] GC(19) User=0.08s Sys=0.00s Real=0.01s
[14.956s][info][gc,start       ] GC(20) Pause Young (Allocation Failure)
[14.965s][info][gc,heap        ] GC(20) DefNew: 561039K(629440K)->1521K(629440K) Eden: 559552K(559552K)->0K(559552K) From: 1487K(69888K)->1521K(69888K)
[14.965s][info][gc,heap        ] GC(20) Tenured: 37501K(1398144K)->37540K(1398144K)
[14.965s][info][gc,metaspace   ] GC(20) Metaspace: 72089K(72768K)->72089K(72768K) NonClass: 57040K(57472K)->57040K(57472K) Class: 15048K(15296K)->15048K(15296K)
[14.966s][info][gc             ] GC(20) Pause Young (Allocation Failure) 584M->38M(1980M) 9.475ms
[14.966s][info][gc,cpu         ] GC(20) User=0.02s Sys=0.00s Real=0.01s
[15.110s][info][gc,start       ] GC(21) Pause Young (Allocation Failure)
[15.119s][info][gc,heap        ] GC(21) DefNew: 561073K(629440K)->1611K(629440K) Eden: 559552K(559552K)->0K(559552K) From: 1521K(69888K)->1611K(69888K)
[15.119s][info][gc,heap        ] GC(21) Tenured: 37540K(1398144K)->37561K(1398144K)
[15.119s][info][gc,metaspace   ] GC(21) Metaspace: 72094K(72768K)->72094K(72768K) NonClass: 57045K(57472K)->57045K(57472K) Class: 15048K(15296K)->15048K(15296K)
[15.119s][info][gc             ] GC(21) Pause Young (Allocation Failure) 584M->38M(1980M) 9.603ms
[15.119s][info][gc,cpu         ] GC(21) User=0.00s Sys=0.00s Real=0.01s
[15.260s][info][gc,start       ] GC(22) Pause Young (Allocation Failure)
[15.269s][info][gc,heap        ] GC(22) DefNew: 561163K(629440K)->1526K(629440K) Eden: 559552K(559552K)->0K(559552K) From: 1611K(69888K)->1526K(69888K)
[15.269s][info][gc,heap        ] GC(22) Tenured: 37561K(1398144K)->37604K(1398144K)
[15.269s][info][gc,metaspace   ] GC(22) Metaspace: 72094K(72768K)->72094K(72768K) NonClass: 57045K(57472K)->57045K(57472K) Class: 15048K(15296K)->15048K(15296K)
[15.269s][info][gc             ] GC(22) Pause Young (Allocation Failure) 584M->38M(1980M) 9.323ms
[15.269s][info][gc,cpu         ] GC(22) User=0.02s Sys=0.00s Real=0.01s
[15.439s][info][gc,start       ] GC(23) Pause Young (Allocation Failure)
[15.453s][info][gc,heap        ] GC(23) DefNew: 561078K(629440K)->1516K(629440K) Eden: 559552K(559552K)->0K(559552K) From: 1526K(69888K)->1516K(69888K)
[15.453s][info][gc,heap        ] GC(23) Tenured: 37604K(1398144K)->37608K(1398144K)
[15.453s][info][gc,metaspace   ] GC(23) Metaspace: 72094K(72768K)->72094K(72768K) NonClass: 57046K(57472K)->57046K(57472K) Class: 15048K(15296K)->15048K(15296K)
[15.453s][info][gc             ] GC(23) Pause Young (Allocation Failure) 584M->38M(1980M) 13.766ms
[15.453s][info][gc,cpu         ] GC(23) User=0.02s Sys=0.00s Real=0.01s
[15.602s][info][gc,start       ] GC(24) Pause Young (Allocation Failure)
[15.611s][info][gc,heap        ] GC(24) DefNew: 561068K(629440K)->1515K(629440K) Eden: 559552K(559552K)->0K(559552K) From: 1516K(69888K)->1515K(69888K)
[15.611s][info][gc,heap        ] GC(24) Tenured: 37608K(1398144K)->37628K(1398144K)
[15.611s][info][gc,metaspace   ] GC(24) Metaspace: 72094K(72768K)->72094K(72768K) NonClass: 57046K(57472K)->57046K(57472K) Class: 15048K(15296K)->15048K(15296K)
[15.611s][info][gc             ] GC(24) Pause Young (Allocation Failure) 584M->38M(1980M) 9.069ms
[15.611s][info][gc,cpu         ] GC(24) User=0.02s Sys=0.00s Real=0.01s
[15.752s][info][gc,start       ] GC(25) Pause Young (Allocation Failure)
[15.762s][info][gc,heap        ] GC(25) DefNew: 561067K(629440K)->1452K(629440K) Eden: 559552K(559552K)->0K(559552K) From: 1515K(69888K)->1452K(69888K)
[15.762s][info][gc,heap        ] GC(25) Tenured: 37628K(1398144K)->37641K(1398144K)
[15.762s][info][gc,metaspace   ] GC(25) Metaspace: 72094K(72768K)->72094K(72768K) NonClass: 57046K(57472K)->57046K(57472K) Class: 15048K(15296K)->15048K(15296K)
[15.762s][info][gc             ] GC(25) Pause Young (Allocation Failure) 584M->38M(1980M) 9.614ms
[15.762s][info][gc,cpu         ] GC(25) User=0.02s Sys=0.00s Real=0.01s
[15.902s][info][gc,start       ] GC(26) Pause Young (Allocation Failure)
[15.911s][info][gc,heap        ] GC(26) DefNew: 561004K(629440K)->1451K(629440K) Eden: 559552K(559552K)->0K(559552K) From: 1452K(69888K)->1451K(69888K)
[15.911s][info][gc,heap        ] GC(26) Tenured: 37641K(1398144K)->37643K(1398144K)
[15.911s][info][gc,metaspace   ] GC(26) Metaspace: 72094K(72768K)->72094K(72768K) NonClass: 57046K(57472K)->57046K(57472K) Class: 15048K(15296K)->15048K(15296K)
[15.911s][info][gc             ] GC(26) Pause Young (Allocation Failure) 584M->38M(1980M) 9.512ms
[15.911s][info][gc,cpu         ] GC(26) User=0.00s Sys=0.00s Real=0.00s
[16.050s][info][gc,start       ] GC(27) Pause Young (Allocation Failure)
[16.059s][info][gc,heap        ] GC(27) DefNew: 561003K(629440K)->1478K(629440K) Eden: 559551K(559552K)->0K(559552K) From: 1451K(69888K)->1478K(69888K)
[16.059s][info][gc,heap        ] GC(27) Tenured: 37643K(1398144K)->37659K(1398144K)
[16.059s][info][gc,metaspace   ] GC(27) Metaspace: 72094K(72768K)->72094K(72768K) NonClass: 57046K(57472K)->57046K(57472K) Class: 15048K(15296K)->15048K(15296K)
[16.059s][info][gc             ] GC(27) Pause Young (Allocation Failure) 584M->38M(1980M) 9.273ms
[16.059s][info][gc,cpu         ] GC(27) User=0.00s Sys=0.00s Real=0.00s
[16.199s][info][gc,start       ] GC(28) Pause Young (Allocation Failure)
[16.209s][info][gc,heap        ] GC(28) DefNew: 561030K(629440K)->1448K(629440K) Eden: 559551K(559552K)->0K(559552K) From: 1478K(69888K)->1448K(69888K)
[16.209s][info][gc,heap        ] GC(28) Tenured: 37659K(1398144K)->37661K(1398144K)
[16.209s][info][gc,metaspace   ] GC(28) Metaspace: 72098K(72768K)->72098K(72768K) NonClass: 57049K(57472K)->57049K(57472K) Class: 15048K(15296K)->15048K(15296K)
[16.209s][info][gc             ] GC(28) Pause Young (Allocation Failure) 584M->38M(1980M) 9.722ms
[16.209s][info][gc,cpu         ] GC(28) User=0.02s Sys=0.00s Real=0.01s
[16.349s][info][gc,start       ] GC(29) Pause Young (Allocation Failure)
[16.359s][info][gc,heap        ] GC(29) DefNew: 561000K(629440K)->1450K(629440K) Eden: 559552K(559552K)->0K(559552K) From: 1448K(69888K)->1450K(69888K)
[16.359s][info][gc,heap        ] GC(29) Tenured: 37661K(1398144K)->37677K(1398144K)
[16.359s][info][gc,metaspace   ] GC(29) Metaspace: 72098K(72768K)->72098K(72768K) NonClass: 57049K(57472K)->57049K(57472K) Class: 15048K(15296K)->15048K(15296K)
[16.359s][info][gc             ] GC(29) Pause Young (Allocation Failure) 584M->38M(1980M) 9.494ms
[16.359s][info][gc,cpu         ] GC(29) User=0.02s Sys=0.00s Real=0.01s
[16.501s][info][gc,start       ] GC(30) Pause Young (Allocation Failure)
[16.510s][info][gc,heap        ] GC(30) DefNew: 561002K(629440K)->1454K(629440K) Eden: 559552K(559552K)->0K(559552K) From: 1450K(69888K)->1454K(69888K)
[16.510s][info][gc,heap        ] GC(30) Tenured: 37677K(1398144K)->37677K(1398144K)
[16.510s][info][gc,metaspace   ] GC(30) Metaspace: 72106K(72768K)->72106K(72768K) NonClass: 57058K(57472K)->57058K(57472K) Class: 15048K(15296K)->15048K(15296K)
[16.510s][info][gc             ] GC(30) Pause Young (Allocation Failure) 584M->38M(1980M) 9.155ms
[16.510s][info][gc,cpu         ] GC(30) User=0.00s Sys=0.00s Real=0.01s
[16.652s][info][gc,start       ] GC(31) Pause Young (Allocation Failure)
[16.661s][info][gc,heap        ] GC(31) DefNew: 561006K(629440K)->1466K(629440K) Eden: 559552K(559552K)->0K(559552K) From: 1454K(69888K)->1466K(69888K)
[16.661s][info][gc,heap        ] GC(31) Tenured: 37677K(1398144K)->37677K(1398144K)
[16.661s][info][gc,metaspace   ] GC(31) Metaspace: 72106K(72768K)->72106K(72768K) NonClass: 57058K(57472K)->57058K(57472K) Class: 15048K(15296K)->15048K(15296K)
[16.661s][info][gc             ] GC(31) Pause Young (Allocation Failure) 584M->38M(1980M) 9.071ms
[16.661s][info][gc,cpu         ] GC(31) User=0.00s Sys=0.00s Real=0.01s
[16.803s][info][gc,start       ] GC(32) Pause Young (Allocation Failure)
[16.812s][info][gc,heap        ] GC(32) DefNew: 561018K(629440K)->1388K(629440K) Eden: 559552K(559552K)->0K(559552K) From: 1466K(69888K)->1388K(69888K)
[16.812s][info][gc,heap        ] GC(32) Tenured: 37677K(1398144K)->37695K(1398144K)
[16.812s][info][gc,metaspace   ] GC(32) Metaspace: 72106K(72768K)->72106K(72768K) NonClass: 57058K(57472K)->57058K(57472K) Class: 15048K(15296K)->15048K(15296K)
[16.812s][info][gc             ] GC(32) Pause Young (Allocation Failure) 584M->38M(1980M) 8.778ms
[16.812s][info][gc,cpu         ] GC(32) User=0.02s Sys=0.00s Real=0.01s
[16.982s][info][gc,start       ] GC(33) Pause Young (Allocation Failure)
[16.992s][info][gc,heap        ] GC(33) DefNew: 560940K(629440K)->1459K(629440K) Eden: 559552K(559552K)->0K(559552K) From: 1388K(69888K)->1459K(69888K)
[16.992s][info][gc,heap        ] GC(33) Tenured: 37695K(1398144K)->37698K(1398144K)
[16.992s][info][gc,metaspace   ] GC(33) Metaspace: 72278K(72960K)->72278K(72960K) NonClass: 57192K(57600K)->57192K(57600K) Class: 15086K(15360K)->15086K(15360K)
[16.992s][info][gc             ] GC(33) Pause Young (Allocation Failure) 584M->38M(1980M) 10.010ms
[16.992s][info][gc,cpu         ] GC(33) User=0.00s Sys=0.00s Real=0.01s
[17.180s][info][gc,start       ] GC(34) Pause Young (Allocation Failure)
[17.190s][info][gc,heap        ] GC(34) DefNew: 561011K(629440K)->1530K(629440K) Eden: 559552K(559552K)->0K(559552K) From: 1459K(69888K)->1530K(69888K)
[17.190s][info][gc,heap        ] GC(34) Tenured: 37698K(1398144K)->37698K(1398144K)
[17.190s][info][gc,metaspace   ] GC(34) Metaspace: 72290K(72960K)->72290K(72960K) NonClass: 57204K(57600K)->57204K(57600K) Class: 15086K(15360K)->15086K(15360K)
[17.190s][info][gc             ] GC(34) Pause Young (Allocation Failure) 584M->38M(1980M) 10.741ms
[17.190s][info][gc,cpu         ] GC(34) User=0.00s Sys=0.00s Real=0.00s
[17.361s][info][gc,start       ] GC(35) Pause Young (Allocation Failure)
[17.371s][info][gc,heap        ] GC(35) DefNew: 561082K(629440K)->1541K(629440K) Eden: 559552K(559552K)->0K(559552K) From: 1530K(69888K)->1541K(69888K)
[17.371s][info][gc,heap        ] GC(35) Tenured: 37698K(1398144K)->37699K(1398144K)
[17.371s][info][gc,metaspace   ] GC(35) Metaspace: 72293K(72960K)->72293K(72960K) NonClass: 57207K(57600K)->57207K(57600K) Class: 15086K(15360K)->15086K(15360K)
[17.371s][info][gc             ] GC(35) Pause Young (Allocation Failure) 584M->38M(1980M) 10.194ms
[17.371s][info][gc,cpu         ] GC(35) User=0.00s Sys=0.00s Real=0.00s
[17.530s][info][gc,start       ] GC(36) Pause Young (Allocation Failure)
[17.539s][info][gc,heap        ] GC(36) DefNew: 561093K(629440K)->1500K(629440K) Eden: 559552K(559552K)->0K(559552K) From: 1541K(69888K)->1500K(69888K)
[17.539s][info][gc,heap        ] GC(36) Tenured: 37699K(1398144K)->37699K(1398144K)
[17.539s][info][gc,metaspace   ] GC(36) Metaspace: 72306K(72960K)->72306K(72960K) NonClass: 57220K(57600K)->57220K(57600K) Class: 15086K(15360K)->15086K(15360K)
[17.539s][info][gc             ] GC(36) Pause Young (Allocation Failure) 584M->38M(1980M) 8.471ms
[17.539s][info][gc,cpu         ] GC(36) User=0.00s Sys=0.00s Real=0.01s
[17.723s][info][gc,start       ] GC(37) Pause Young (Allocation Failure)
[17.730s][info][gc,heap        ] GC(37) DefNew: 561052K(629440K)->1521K(629440K) Eden: 559552K(559552K)->0K(559552K) From: 1500K(69888K)->1521K(69888K)
[17.730s][info][gc,heap        ] GC(37) Tenured: 37699K(1398144K)->37715K(1398144K)
[17.730s][info][gc,metaspace   ] GC(37) Metaspace: 72308K(72960K)->72308K(72960K) NonClass: 57222K(57600K)->57222K(57600K) Class: 15086K(15360K)->15086K(15360K)
[17.730s][info][gc             ] GC(37) Pause Young (Allocation Failure) 584M->38M(1980M) 7.494ms
[17.731s][info][gc,cpu         ] GC(37) User=0.00s Sys=0.00s Real=0.00s
[17.912s][info][gc,start       ] GC(38) Pause Young (Allocation Failure)
[17.919s][info][gc,heap        ] GC(38) DefNew: 561073K(629440K)->1458K(629440K) Eden: 559552K(559552K)->0K(559552K) From: 1521K(69888K)->1458K(69888K)
[17.919s][info][gc,heap        ] GC(38) Tenured: 37715K(1398144K)->37715K(1398144K)
[17.919s][info][gc,metaspace   ] GC(38) Metaspace: 72308K(72960K)->72308K(72960K) NonClass: 57222K(57600K)->57222K(57600K) Class: 15086K(15360K)->15086K(15360K)
[17.919s][info][gc             ] GC(38) Pause Young (Allocation Failure) 584M->38M(1980M) 6.770ms
[17.919s][info][gc,cpu         ] GC(38) User=0.00s Sys=0.00s Real=0.00s
[18.138s][info][gc,start       ] GC(39) Pause Young (Allocation Failure)
[18.144s][info][gc,heap        ] GC(39) DefNew: 561010K(629440K)->1381K(629440K) Eden: 559552K(559552K)->0K(559552K) From: 1458K(69888K)->1381K(69888K)
[18.144s][info][gc,heap        ] GC(39) Tenured: 37715K(1398144K)->37715K(1398144K)
[18.144s][info][gc,metaspace   ] GC(39) Metaspace: 72319K(72960K)->72319K(72960K) NonClass: 57233K(57600K)->57233K(57600K) Class: 15086K(15360K)->15086K(15360K)
[18.144s][info][gc             ] GC(39) Pause Young (Allocation Failure) 584M->38M(1980M) 6.629ms
[18.144s][info][gc,cpu         ] GC(39) User=0.00s Sys=0.00s Real=0.00s
[18.392s][info][gc,start       ] GC(40) Pause Young (Allocation Failure)
[18.398s][info][gc,heap        ] GC(40) DefNew: 560933K(629440K)->1384K(629440K) Eden: 559552K(559552K)->0K(559552K) From: 1381K(69888K)->1384K(69888K)
[18.398s][info][gc,heap        ] GC(40) Tenured: 37715K(1398144K)->37715K(1398144K)
[18.398s][info][gc,metaspace   ] GC(40) Metaspace: 72332K(73024K)->72332K(73024K) NonClass: 57246K(57664K)->57246K(57664K) Class: 15086K(15360K)->15086K(15360K)
[18.398s][info][gc             ] GC(40) Pause Young (Allocation Failure) 584M->38M(1980M) 5.759ms
[18.398s][info][gc,cpu         ] GC(40) User=0.00s Sys=0.00s Real=0.00s
[18.682s][info][gc,start       ] GC(41) Pause Young (Allocation Failure)
[18.687s][info][gc,heap        ] GC(41) DefNew: 560936K(629440K)->1432K(629440K) Eden: 559552K(559552K)->0K(559552K) From: 1384K(69888K)->1432K(69888K)
[18.687s][info][gc,heap        ] GC(41) Tenured: 37715K(1398144K)->37716K(1398144K)
[18.687s][info][gc,metaspace   ] GC(41) Metaspace: 72377K(73024K)->72377K(73024K) NonClass: 57278K(57664K)->57278K(57664K) Class: 15098K(15360K)->15098K(15360K)
[18.687s][info][gc             ] GC(41) Pause Young (Allocation Failure) 584M->38M(1980M) 5.432ms
[18.687s][info][gc,cpu         ] GC(41) User=0.02s Sys=0.00s Real=0.01s
[19.026s][info][gc,start       ] GC(42) Pause Young (Allocation Failure)
[19.031s][info][gc,heap        ] GC(42) DefNew: 560984K(629440K)->1443K(629440K) Eden: 559552K(559552K)->0K(559552K) From: 1432K(69888K)->1443K(69888K)
[19.032s][info][gc,heap        ] GC(42) Tenured: 37716K(1398144K)->37716K(1398144K)
[19.032s][info][gc,metaspace   ] GC(42) Metaspace: 72382K(73024K)->72382K(73024K) NonClass: 57284K(57664K)->57284K(57664K) Class: 15098K(15360K)->15098K(15360K)
[19.032s][info][gc             ] GC(42) Pause Young (Allocation Failure) 584M->38M(1980M) 5.478ms
[19.032s][info][gc,cpu         ] GC(42) User=0.02s Sys=0.00s Real=0.00s
[19.402s][info][gc,start       ] GC(43) Pause Young (Allocation Failure)
[19.407s][info][gc,heap        ] GC(43) DefNew: 560995K(629440K)->1448K(629440K) Eden: 559552K(559552K)->0K(559552K) From: 1443K(69888K)->1448K(69888K)
[19.407s][info][gc,heap        ] GC(43) Tenured: 37716K(1398144K)->37732K(1398144K)
[19.407s][info][gc,metaspace   ] GC(43) Metaspace: 72382K(73024K)->72382K(73024K) NonClass: 57284K(57664K)->57284K(57664K) Class: 15098K(15360K)->15098K(15360K)
[19.407s][info][gc             ] GC(43) Pause Young (Allocation Failure) 584M->38M(1980M) 4.910ms
[19.407s][info][gc,cpu         ] GC(43) User=0.00s Sys=0.00s Real=0.00s
[19.782s][info][gc,start       ] GC(44) Pause Young (Allocation Failure)
[19.788s][info][gc,heap        ] GC(44) DefNew: 561000K(629440K)->1442K(629440K) Eden: 559552K(559552K)->0K(559552K) From: 1448K(69888K)->1442K(69888K)
[19.788s][info][gc,heap        ] GC(44) Tenured: 37732K(1398144K)->37734K(1398144K)
[19.788s][info][gc,metaspace   ] GC(44) Metaspace: 72382K(73024K)->72382K(73024K) NonClass: 57284K(57664K)->57284K(57664K) Class: 15098K(15360K)->15098K(15360K)
[19.788s][info][gc             ] GC(44) Pause Young (Allocation Failure) 584M->38M(1980M) 6.518ms
[19.788s][info][gc,cpu         ] GC(44) User=0.02s Sys=0.00s Real=0.01s
[19.970s][info][gc,start       ] GC(45) Pause Full (System.gc())
[19.970s][info][gc,phases,start] GC(45) Phase 1: Mark live objects
[20.034s][info][gc,phases      ] GC(45) Phase 1: Mark live objects 63.783ms
[20.034s][info][gc,phases,start] GC(45) Phase 2: Compute new object addresses
[20.113s][info][gc,phases      ] GC(45) Phase 2: Compute new object addresses 79.493ms
[20.113s][info][gc,phases,start] GC(45) Phase 3: Adjust pointers
[20.142s][info][gc,phases      ] GC(45) Phase 3: Adjust pointers 28.371ms
[20.142s][info][gc,phases,start] GC(45) Phase 4: Move objects
[20.151s][info][gc,phases      ] GC(45) Phase 4: Move objects 9.383ms
[20.152s][info][gc,heap        ] GC(45) DefNew: 234686K(629440K)->0K(629440K) Eden: 233243K(559552K)->0K(559552K) From: 1442K(69888K)->0K(69888K)
[20.152s][info][gc,heap        ] GC(45) Tenured: 37734K(1398144K)->34962K(1398144K)
[20.152s][info][gc,metaspace   ] GC(45) Metaspace: 72428K(73088K)->72100K(73024K) NonClass: 57324K(57728K)->57093K(57664K) Class: 15104K(15360K)->15006K(15360K)
[20.152s][info][gc             ] GC(45) Pause Full (System.gc()) 266M->34M(1980M) 182.799ms
[20.153s][info][gc,cpu         ] GC(45) User=0.17s Sys=0.00s Real=0.17s
[20.570s][info][gc,start       ] GC(46) Pause Young (Allocation Failure)
[20.587s][info][gc,heap        ] GC(46) DefNew: 559552K(629440K)->3607K(629440K) Eden: 559552K(559552K)->0K(559552K) From: 0K(69888K)->3607K(69888K)
[20.587s][info][gc,heap        ] GC(46) Tenured: 34962K(1398144K)->34962K(1398144K)
[20.587s][info][gc,metaspace   ] GC(46) Metaspace: 72199K(73024K)->72199K(73024K) NonClass: 57186K(57664K)->57186K(57664K) Class: 15013K(15360K)->15013K(15360K)
[20.587s][info][gc             ] GC(46) Pause Young (Allocation Failure) 580M->37M(1980M) 17.165ms
[20.587s][info][gc,cpu         ] GC(46) User=0.06s Sys=0.00s Real=0.02s
[20.804s][info][gc,start       ] GC(47) Pause Young (Allocation Failure)
[20.817s][info][gc,heap        ] GC(47) DefNew: 563159K(629440K)->3548K(629440K) Eden: 559552K(559552K)->0K(559552K) From: 3607K(69888K)->3548K(69888K)
[20.817s][info][gc,heap        ] GC(47) Tenured: 34962K(1398144K)->34962K(1398144K)
[20.817s][info][gc,metaspace   ] GC(47) Metaspace: 72199K(73024K)->72199K(73024K) NonClass: 57186K(57664K)->57186K(57664K) Class: 15013K(15360K)->15013K(15360K)
[20.818s][info][gc             ] GC(47) Pause Young (Allocation Failure) 584M->37M(1980M) 13.780ms
[20.818s][info][gc,cpu         ] GC(47) User=0.09s Sys=0.00s Real=0.01s
[21.007s][info][gc,start       ] GC(48) Pause Young (Allocation Failure)
[21.021s][info][gc,heap        ] GC(48) DefNew: 563100K(629440K)->3615K(629440K) Eden: 559552K(559552K)->0K(559552K) From: 3548K(69888K)->3615K(69888K)
[21.021s][info][gc,heap        ] GC(48) Tenured: 34962K(1398144K)->34962K(1398144K)
[21.021s][info][gc,metaspace   ] GC(48) Metaspace: 72199K(73024K)->72199K(73024K) NonClass: 57186K(57664K)->57186K(57664K) Class: 15013K(15360K)->15013K(15360K)
[21.021s][info][gc             ] GC(48) Pause Young (Allocation Failure) 584M->37M(1980M) 13.870ms
[21.021s][info][gc,cpu         ] GC(48) User=0.09s Sys=0.00s Real=0.01s
[21.197s][info][gc,start       ] GC(49) Pause Young (Allocation Failure)
[21.211s][info][gc,heap        ] GC(49) DefNew: 563167K(629440K)->3595K(629440K) Eden: 559552K(559552K)->0K(559552K) From: 3615K(69888K)->3595K(69888K)
[21.211s][info][gc,heap        ] GC(49) Tenured: 34962K(1398144K)->34962K(1398144K)
[21.211s][info][gc,metaspace   ] GC(49) Metaspace: 72199K(73024K)->72199K(73024K) NonClass: 57186K(57664K)->57186K(57664K) Class: 15013K(15360K)->15013K(15360K)
[21.211s][info][gc             ] GC(49) Pause Young (Allocation Failure) 584M->37M(1980M) 13.853ms
[21.211s][info][gc,cpu         ] GC(49) User=0.00s Sys=0.00s Real=0.00s
[21.363s][info][gc,start       ] GC(50) Pause Young (Allocation Failure)
[21.378s][info][gc,heap        ] GC(50) DefNew: 563147K(629440K)->3627K(629440K) Eden: 559552K(559552K)->0K(559552K) From: 3595K(69888K)->3627K(69888K)
[21.378s][info][gc,heap        ] GC(50) Tenured: 34962K(1398144K)->34962K(1398144K)
[21.378s][info][gc,metaspace   ] GC(50) Metaspace: 72199K(73024K)->72199K(73024K) NonClass: 57186K(57664K)->57186K(57664K) Class: 15013K(15360K)->15013K(15360K)
[21.378s][info][gc             ] GC(50) Pause Young (Allocation Failure) 584M->37M(1980M) 14.584ms
[21.378s][info][gc,cpu         ] GC(50) User=0.00s Sys=0.00s Real=0.00s
[21.524s][info][gc,start       ] GC(51) Pause Young (Allocation Failure)
[21.538s][info][gc,heap        ] GC(51) DefNew: 563179K(629440K)->3634K(629440K) Eden: 559552K(559552K)->0K(559552K) From: 3627K(69888K)->3634K(69888K)
[21.538s][info][gc,heap        ] GC(51) Tenured: 34962K(1398144K)->34962K(1398144K)
[21.538s][info][gc,metaspace   ] GC(51) Metaspace: 72199K(73024K)->72199K(73024K) NonClass: 57186K(57664K)->57186K(57664K) Class: 15013K(15360K)->15013K(15360K)
[21.538s][info][gc             ] GC(51) Pause Young (Allocation Failure) 584M->37M(1980M) 13.589ms
[21.538s][info][gc,cpu         ] GC(51) User=0.00s Sys=0.00s Real=0.00s
[21.682s][info][gc,start       ] GC(52) Pause Young (Allocation Failure)
[21.694s][info][gc,heap        ] GC(52) DefNew: 563186K(629440K)->3588K(629440K) Eden: 559552K(559552K)->0K(559552K) From: 3634K(69888K)->3588K(69888K)
[21.694s][info][gc,heap        ] GC(52) Tenured: 34962K(1398144K)->34962K(1398144K)
[21.694s][info][gc,metaspace   ] GC(52) Metaspace: 72199K(73024K)->72199K(73024K) NonClass: 57186K(57664K)->57186K(57664K) Class: 15013K(15360K)->15013K(15360K)
[21.694s][info][gc             ] GC(52) Pause Young (Allocation Failure) 584M->37M(1980M) 12.640ms
[21.695s][info][gc,cpu         ] GC(52) User=0.00s Sys=0.00s Real=0.00s
[21.837s][info][gc,start       ] GC(53) Pause Young (Allocation Failure)
[21.850s][info][gc,heap        ] GC(53) DefNew: 563140K(629440K)->3635K(629440K) Eden: 559552K(559552K)->0K(559552K) From: 3588K(69888K)->3635K(69888K)
[21.850s][info][gc,heap        ] GC(53) Tenured: 34962K(1398144K)->34962K(1398144K)
[21.850s][info][gc,metaspace   ] GC(53) Metaspace: 72199K(73024K)->72199K(73024K) NonClass: 57186K(57664K)->57186K(57664K) Class: 15013K(15360K)->15013K(15360K)
[21.850s][info][gc             ] GC(53) Pause Young (Allocation Failure) 584M->37M(1980M) 12.751ms
[21.850s][info][gc,cpu         ] GC(53) User=0.00s Sys=0.00s Real=0.00s
[21.993s][info][gc,start       ] GC(54) Pause Young (Allocation Failure)
[22.007s][info][gc,heap        ] GC(54) DefNew: 563187K(629440K)->3623K(629440K) Eden: 559552K(559552K)->0K(559552K) From: 3635K(69888K)->3623K(69888K)
[22.007s][info][gc,heap        ] GC(54) Tenured: 34962K(1398144K)->34962K(1398144K)
[22.007s][info][gc,metaspace   ] GC(54) Metaspace: 72199K(73024K)->72199K(73024K) NonClass: 57186K(57664K)->57186K(57664K) Class: 15013K(15360K)->15013K(15360K)
[22.007s][info][gc             ] GC(54) Pause Young (Allocation Failure) 584M->37M(1980M) 14.098ms
[22.007s][info][gc,cpu         ] GC(54) User=0.00s Sys=0.00s Real=0.00s
[22.150s][info][gc,start       ] GC(55) Pause Young (Allocation Failure)
[22.163s][info][gc,heap        ] GC(55) DefNew: 563175K(629440K)->3575K(629440K) Eden: 559552K(559552K)->0K(559552K) From: 3623K(69888K)->3575K(69888K)
[22.163s][info][gc,heap        ] GC(55) Tenured: 34962K(1398144K)->34962K(1398144K)
[22.163s][info][gc,metaspace   ] GC(55) Metaspace: 72199K(73024K)->72199K(73024K) NonClass: 57186K(57664K)->57186K(57664K) Class: 15013K(15360K)->15013K(15360K)
[22.163s][info][gc             ] GC(55) Pause Young (Allocation Failure) 584M->37M(1980M) 13.099ms
[22.163s][info][gc,cpu         ] GC(55) User=0.00s Sys=0.00s Real=0.00s
[22.305s][info][gc,start       ] GC(56) Pause Young (Allocation Failure)
[22.318s][info][gc,heap        ] GC(56) DefNew: 563127K(629440K)->3603K(629440K) Eden: 559552K(559552K)->0K(559552K) From: 3575K(69888K)->3603K(69888K)
[22.318s][info][gc,heap        ] GC(56) Tenured: 34962K(1398144K)->34962K(1398144K)
[22.318s][info][gc,metaspace   ] GC(56) Metaspace: 72199K(73024K)->72199K(73024K) NonClass: 57186K(57664K)->57186K(57664K) Class: 15013K(15360K)->15013K(15360K)
[22.318s][info][gc             ] GC(56) Pause Young (Allocation Failure) 584M->37M(1980M) 12.676ms
[22.318s][info][gc,cpu         ] GC(56) User=0.02s Sys=0.00s Real=0.01s
[22.460s][info][gc,start       ] GC(57) Pause Young (Allocation Failure)
[22.473s][info][gc,heap        ] GC(57) DefNew: 563155K(629440K)->3622K(629440K) Eden: 559552K(559552K)->0K(559552K) From: 3603K(69888K)->3622K(69888K)
[22.473s][info][gc,heap        ] GC(57) Tenured: 34962K(1398144K)->34962K(1398144K)
[22.473s][info][gc,metaspace   ] GC(57) Metaspace: 72199K(73024K)->72199K(73024K) NonClass: 57186K(57664K)->57186K(57664K) Class: 15013K(15360K)->15013K(15360K)
[22.473s][info][gc             ] GC(57) Pause Young (Allocation Failure) 584M->37M(1980M) 12.553ms
[22.473s][info][gc,cpu         ] GC(57) User=0.00s Sys=0.00s Real=0.00s
[22.615s][info][gc,start       ] GC(58) Pause Young (Allocation Failure)
[22.627s][info][gc,heap        ] GC(58) DefNew: 563174K(629440K)->3637K(629440K) Eden: 559552K(559552K)->0K(559552K) From: 3622K(69888K)->3637K(69888K)
[22.627s][info][gc,heap        ] GC(58) Tenured: 34962K(1398144K)->34962K(1398144K)
[22.627s][info][gc,metaspace   ] GC(58) Metaspace: 72199K(73024K)->72199K(73024K) NonClass: 57186K(57664K)->57186K(57664K) Class: 15013K(15360K)->15013K(15360K)
[22.627s][info][gc             ] GC(58) Pause Young (Allocation Failure) 584M->37M(1980M) 12.534ms
[22.627s][info][gc,cpu         ] GC(58) User=0.02s Sys=0.00s Real=0.01s
[22.769s][info][gc,start       ] GC(59) Pause Young (Allocation Failure)
[22.781s][info][gc,heap        ] GC(59) DefNew: 563189K(629440K)->3590K(629440K) Eden: 559552K(559552K)->0K(559552K) From: 3637K(69888K)->3590K(69888K)
[22.781s][info][gc,heap        ] GC(59) Tenured: 34962K(1398144K)->34962K(1398144K)
[22.781s][info][gc,metaspace   ] GC(59) Metaspace: 72199K(73024K)->72199K(73024K) NonClass: 57186K(57664K)->57186K(57664K) Class: 15013K(15360K)->15013K(15360K)
[22.781s][info][gc             ] GC(59) Pause Young (Allocation Failure) 584M->37M(1980M) 12.436ms
[22.781s][info][gc,cpu         ] GC(59) User=0.00s Sys=0.00s Real=0.00s
[22.924s][info][gc,start       ] GC(60) Pause Young (Allocation Failure)
[22.936s][info][gc,heap        ] GC(60) DefNew: 563142K(629440K)->3674K(629440K) Eden: 559552K(559552K)->0K(559552K) From: 3590K(69888K)->3674K(69888K)
[22.936s][info][gc,heap        ] GC(60) Tenured: 34962K(1398144K)->34962K(1398144K)
[22.936s][info][gc,metaspace   ] GC(60) Metaspace: 72199K(73024K)->72199K(73024K) NonClass: 57186K(57664K)->57186K(57664K) Class: 15013K(15360K)->15013K(15360K)
[22.936s][info][gc             ] GC(60) Pause Young (Allocation Failure) 584M->37M(1980M) 12.704ms
[22.936s][info][gc,cpu         ] GC(60) User=0.00s Sys=0.00s Real=0.00s
[23.079s][info][gc,start       ] GC(61) Pause Young (Allocation Failure)
[23.092s][info][gc,heap        ] GC(61) DefNew: 563226K(629440K)->1427K(629440K) Eden: 559552K(559552K)->0K(559552K) From: 3674K(69888K)->1427K(69888K)
[23.092s][info][gc,heap        ] GC(61) Tenured: 34962K(1398144K)->37151K(1398144K)
[23.092s][info][gc,metaspace   ] GC(61) Metaspace: 72199K(73024K)->72199K(73024K) NonClass: 57186K(57664K)->57186K(57664K) Class: 15013K(15360K)->15013K(15360K)
[23.092s][info][gc             ] GC(61) Pause Young (Allocation Failure) 584M->37M(1980M) 13.124ms
[23.092s][info][gc,cpu         ] GC(61) User=0.00s Sys=0.00s Real=0.00s
[23.235s][info][gc,start       ] GC(62) Pause Young (Allocation Failure)
[23.245s][info][gc,heap        ] GC(62) DefNew: 560979K(629440K)->1485K(629440K) Eden: 559552K(559552K)->0K(559552K) From: 1427K(69888K)->1485K(69888K)
[23.245s][info][gc,heap        ] GC(62) Tenured: 37151K(1398144K)->37151K(1398144K)
[23.245s][info][gc,metaspace   ] GC(62) Metaspace: 72199K(73024K)->72199K(73024K) NonClass: 57186K(57664K)->57186K(57664K) Class: 15013K(15360K)->15013K(15360K)
[23.245s][info][gc             ] GC(62) Pause Young (Allocation Failure) 584M->37M(1980M) 9.849ms
[23.245s][info][gc,cpu         ] GC(62) User=0.00s Sys=0.00s Real=0.01s
[23.386s][info][gc,start       ] GC(63) Pause Young (Allocation Failure)
[23.396s][info][gc,heap        ] GC(63) DefNew: 561037K(629440K)->1548K(629440K) Eden: 559552K(559552K)->0K(559552K) From: 1485K(69888K)->1548K(69888K)
[23.396s][info][gc,heap        ] GC(63) Tenured: 37151K(1398144K)->37151K(1398144K)
[23.396s][info][gc,metaspace   ] GC(63) Metaspace: 72199K(73024K)->72199K(73024K) NonClass: 57186K(57664K)->57186K(57664K) Class: 15013K(15360K)->15013K(15360K)
[23.396s][info][gc             ] GC(63) Pause Young (Allocation Failure) 584M->37M(1980M) 9.829ms
[23.396s][info][gc,cpu         ] GC(63) User=0.02s Sys=0.00s Real=0.01s
[23.538s][info][gc,start       ] GC(64) Pause Young (Allocation Failure)
[23.547s][info][gc,heap        ] GC(64) DefNew: 561100K(629440K)->1457K(629440K) Eden: 559552K(559552K)->0K(559552K) From: 1548K(69888K)->1457K(69888K)
[23.547s][info][gc,heap        ] GC(64) Tenured: 37151K(1398144K)->37151K(1398144K)
[23.547s][info][gc,metaspace   ] GC(64) Metaspace: 72200K(73024K)->72200K(73024K) NonClass: 57187K(57664K)->57187K(57664K) Class: 15013K(15360K)->15013K(15360K)
[23.547s][info][gc             ] GC(64) Pause Young (Allocation Failure) 584M->37M(1980M) 9.468ms
[23.547s][info][gc,cpu         ] GC(64) User=0.02s Sys=0.00s Real=0.01s
[23.689s][info][gc,start       ] GC(65) Pause Young (Allocation Failure)
[23.698s][info][gc,heap        ] GC(65) DefNew: 561009K(629440K)->1436K(629440K) Eden: 559552K(559552K)->0K(559552K) From: 1457K(69888K)->1436K(69888K)
[23.698s][info][gc,heap        ] GC(65) Tenured: 37151K(1398144K)->37167K(1398144K)
[23.698s][info][gc,metaspace   ] GC(65) Metaspace: 72200K(73024K)->72200K(73024K) NonClass: 57187K(57664K)->57187K(57664K) Class: 15013K(15360K)->15013K(15360K)
[23.698s][info][gc             ] GC(65) Pause Young (Allocation Failure) 584M->37M(1980M) 8.909ms
[23.698s][info][gc,cpu         ] GC(65) User=0.00s Sys=0.00s Real=0.00s
[23.839s][info][gc,start       ] GC(66) Pause Young (Allocation Failure)
[23.848s][info][gc,heap        ] GC(66) DefNew: 560988K(629440K)->1434K(629440K) Eden: 559552K(559552K)->0K(559552K) From: 1436K(69888K)->1434K(69888K)
[23.848s][info][gc,heap        ] GC(66) Tenured: 37167K(1398144K)->37167K(1398144K)
[23.848s][info][gc,metaspace   ] GC(66) Metaspace: 72200K(73024K)->72200K(73024K) NonClass: 57187K(57664K)->57187K(57664K) Class: 15013K(15360K)->15013K(15360K)
[23.848s][info][gc             ] GC(66) Pause Young (Allocation Failure) 584M->37M(1980M) 9.335ms
[23.848s][info][gc,cpu         ] GC(66) User=0.02s Sys=0.00s Real=0.00s
[23.990s][info][gc,start       ] GC(67) Pause Young (Allocation Failure)
[23.999s][info][gc,heap        ] GC(67) DefNew: 560986K(629440K)->1414K(629440K) Eden: 559552K(559552K)->0K(559552K) From: 1434K(69888K)->1414K(69888K)
[23.999s][info][gc,heap        ] GC(67) Tenured: 37167K(1398144K)->37167K(1398144K)
[23.999s][info][gc,metaspace   ] GC(67) Metaspace: 72200K(73024K)->72200K(73024K) NonClass: 57187K(57664K)->57187K(57664K) Class: 15013K(15360K)->15013K(15360K)
[23.999s][info][gc             ] GC(67) Pause Young (Allocation Failure) 584M->37M(1980M) 8.949ms
[23.999s][info][gc,cpu         ] GC(67) User=0.00s Sys=0.00s Real=0.00s
[24.142s][info][gc,start       ] GC(68) Pause Young (Allocation Failure)
[24.151s][info][gc,heap        ] GC(68) DefNew: 560966K(629440K)->1422K(629440K) Eden: 559552K(559552K)->0K(559552K) From: 1414K(69888K)->1422K(69888K)
[24.151s][info][gc,heap        ] GC(68) Tenured: 37167K(1398144K)->37167K(1398144K)
[24.151s][info][gc,metaspace   ] GC(68) Metaspace: 72200K(73024K)->72200K(73024K) NonClass: 57187K(57664K)->57187K(57664K) Class: 15013K(15360K)->15013K(15360K)
[24.151s][info][gc             ] GC(68) Pause Young (Allocation Failure) 584M->37M(1980M) 8.730ms
[24.151s][info][gc,cpu         ] GC(68) User=0.00s Sys=0.00s Real=0.00s
[24.291s][info][gc,start       ] GC(69) Pause Young (Allocation Failure)
[24.300s][info][gc,heap        ] GC(69) DefNew: 560974K(629440K)->1486K(629440K) Eden: 559552K(559552K)->0K(559552K) From: 1422K(69888K)->1486K(69888K)
[24.300s][info][gc,heap        ] GC(69) Tenured: 37167K(1398144K)->37167K(1398144K)
[24.300s][info][gc,metaspace   ] GC(69) Metaspace: 72200K(73024K)->72200K(73024K) NonClass: 57187K(57664K)->57187K(57664K) Class: 15013K(15360K)->15013K(15360K)
[24.300s][info][gc             ] GC(69) Pause Young (Allocation Failure) 584M->37M(1980M) 8.681ms
[24.300s][info][gc,cpu         ] GC(69) User=0.00s Sys=0.00s Real=0.00s
[24.441s][info][gc,start       ] GC(70) Pause Young (Allocation Failure)
[24.449s][info][gc,heap        ] GC(70) DefNew: 561038K(629440K)->1436K(629440K) Eden: 559552K(559552K)->0K(559552K) From: 1486K(69888K)->1436K(69888K)
[24.449s][info][gc,heap        ] GC(70) Tenured: 37167K(1398144K)->37167K(1398144K)
[24.449s][info][gc,metaspace   ] GC(70) Metaspace: 72200K(73024K)->72200K(73024K) NonClass: 57187K(57664K)->57187K(57664K) Class: 15013K(15360K)->15013K(15360K)
[24.449s][info][gc             ] GC(70) Pause Young (Allocation Failure) 584M->37M(1980M) 8.530ms
[24.449s][info][gc,cpu         ] GC(70) User=0.00s Sys=0.00s Real=0.00s
[24.590s][info][gc,start       ] GC(71) Pause Young (Allocation Failure)
[24.599s][info][gc,heap        ] GC(71) DefNew: 560988K(629440K)->1502K(629440K) Eden: 559552K(559552K)->0K(559552K) From: 1436K(69888K)->1502K(69888K)
[24.599s][info][gc,heap        ] GC(71) Tenured: 37167K(1398144K)->37184K(1398144K)
[24.599s][info][gc,metaspace   ] GC(71) Metaspace: 72200K(73024K)->72200K(73024K) NonClass: 57187K(57664K)->57187K(57664K) Class: 15013K(15360K)->15013K(15360K)
[24.599s][info][gc             ] GC(71) Pause Young (Allocation Failure) 584M->37M(1980M) 8.652ms
[24.599s][info][gc,cpu         ] GC(71) User=0.00s Sys=0.00s Real=0.00s
[24.739s][info][gc,start       ] GC(72) Pause Young (Allocation Failure)
[24.747s][info][gc,heap        ] GC(72) DefNew: 561054K(629440K)->1400K(629440K) Eden: 559552K(559552K)->0K(559552K) From: 1502K(69888K)->1400K(69888K)
[24.747s][info][gc,heap        ] GC(72) Tenured: 37184K(1398144K)->37184K(1398144K)
[24.747s][info][gc,metaspace   ] GC(72) Metaspace: 72200K(73024K)->72200K(73024K) NonClass: 57187K(57664K)->57187K(57664K) Class: 15013K(15360K)->15013K(15360K)
[24.748s][info][gc             ] GC(72) Pause Young (Allocation Failure) 584M->37M(1980M) 8.319ms
[24.748s][info][gc,cpu         ] GC(72) User=0.00s Sys=0.00s Real=0.00s
[24.888s][info][gc,start       ] GC(73) Pause Young (Allocation Failure)
[24.896s][info][gc,heap        ] GC(73) DefNew: 560952K(629440K)->1400K(629440K) Eden: 559552K(559552K)->0K(559552K) From: 1400K(69888K)->1400K(69888K)
[24.896s][info][gc,heap        ] GC(73) Tenured: 37184K(1398144K)->37184K(1398144K)
[24.896s][info][gc,metaspace   ] GC(73) Metaspace: 72200K(73024K)->72200K(73024K) NonClass: 57187K(57664K)->57187K(57664K) Class: 15013K(15360K)->15013K(15360K)
[24.896s][info][gc             ] GC(73) Pause Young (Allocation Failure) 584M->37M(1980M) 8.115ms
[24.896s][info][gc,cpu         ] GC(73) User=0.00s Sys=0.00s Real=0.00s
[25.038s][info][gc,start       ] GC(74) Pause Young (Allocation Failure)
[25.046s][info][gc,heap        ] GC(74) DefNew: 560952K(629440K)->1472K(629440K) Eden: 559552K(559552K)->0K(559552K) From: 1400K(69888K)->1472K(69888K)
[25.047s][info][gc,heap        ] GC(74) Tenured: 37184K(1398144K)->37184K(1398144K)
[25.047s][info][gc,metaspace   ] GC(74) Metaspace: 72210K(73024K)->72210K(73024K) NonClass: 57196K(57664K)->57196K(57664K) Class: 15013K(15360K)->15013K(15360K)
[25.047s][info][gc             ] GC(74) Pause Young (Allocation Failure) 584M->37M(1980M) 8.815ms
[25.047s][info][gc,cpu         ] GC(74) User=0.00s Sys=0.00s Real=0.00s
[25.188s][info][gc,start       ] GC(75) Pause Young (Allocation Failure)
[25.196s][info][gc,heap        ] GC(75) DefNew: 561024K(629440K)->1484K(629440K) Eden: 559552K(559552K)->0K(559552K) From: 1472K(69888K)->1484K(69888K)
[25.196s][info][gc,heap        ] GC(75) Tenured: 37184K(1398144K)->37184K(1398144K)
[25.196s][info][gc,metaspace   ] GC(75) Metaspace: 72210K(73024K)->72210K(73024K) NonClass: 57197K(57664K)->57197K(57664K) Class: 15013K(15360K)->15013K(15360K)
[25.196s][info][gc             ] GC(75) Pause Young (Allocation Failure) 584M->37M(1980M) 8.642ms
[25.196s][info][gc,cpu         ] GC(75) User=0.00s Sys=0.00s Real=0.00s
[25.340s][info][gc,start       ] GC(76) Pause Young (Allocation Failure)
[25.349s][info][gc,heap        ] GC(76) DefNew: 561036K(629440K)->1558K(629440K) Eden: 559552K(559552K)->0K(559552K) From: 1484K(69888K)->1558K(69888K)
[25.349s][info][gc,heap        ] GC(76) Tenured: 37184K(1398144K)->37184K(1398144K)
[25.349s][info][gc,metaspace   ] GC(76) Metaspace: 72215K(73024K)->72215K(73024K) NonClass: 57202K(57664K)->57202K(57664K) Class: 15013K(15360K)->15013K(15360K)
[25.349s][info][gc             ] GC(76) Pause Young (Allocation Failure) 584M->37M(1980M) 9.127ms
[25.349s][info][gc,cpu         ] GC(76) User=0.00s Sys=0.00s Real=0.00s
[25.491s][info][gc,start       ] GC(77) Pause Young (Allocation Failure)
[25.500s][info][gc,heap        ] GC(77) DefNew: 561110K(629440K)->1532K(629440K) Eden: 559552K(559552K)->0K(559552K) From: 1558K(69888K)->1532K(69888K)
[25.500s][info][gc,heap        ] GC(77) Tenured: 37184K(1398144K)->37200K(1398144K)
[25.500s][info][gc,metaspace   ] GC(77) Metaspace: 72221K(73024K)->72221K(73024K) NonClass: 57207K(57664K)->57207K(57664K) Class: 15013K(15360K)->15013K(15360K)
[25.500s][info][gc             ] GC(77) Pause Young (Allocation Failure) 584M->37M(1980M) 8.883ms
[25.500s][info][gc,cpu         ] GC(77) User=0.00s Sys=0.00s Real=0.00s
[25.652s][info][gc,start       ] GC(78) Pause Young (Allocation Failure)
[25.660s][info][gc,heap        ] GC(78) DefNew: 561084K(629440K)->1518K(629440K) Eden: 559552K(559552K)->0K(559552K) From: 1532K(69888K)->1518K(69888K)
[25.660s][info][gc,heap        ] GC(78) Tenured: 37200K(1398144K)->37200K(1398144K)
[25.660s][info][gc,metaspace   ] GC(78) Metaspace: 72224K(73024K)->72224K(73024K) NonClass: 57210K(57664K)->57210K(57664K) Class: 15013K(15360K)->15013K(15360K)
[25.660s][info][gc             ] GC(78) Pause Young (Allocation Failure) 584M->37M(1980M) 8.810ms
[25.660s][info][gc,cpu         ] GC(78) User=0.00s Sys=0.00s Real=0.01s
[25.811s][info][gc,start       ] GC(79) Pause Young (Allocation Failure)
[25.819s][info][gc,heap        ] GC(79) DefNew: 561070K(629440K)->1503K(629440K) Eden: 559552K(559552K)->0K(559552K) From: 1518K(69888K)->1503K(69888K)
[25.819s][info][gc,heap        ] GC(79) Tenured: 37200K(1398144K)->37208K(1398144K)
[25.819s][info][gc,metaspace   ] GC(79) Metaspace: 72230K(73024K)->72230K(73024K) NonClass: 57217K(57664K)->57217K(57664K) Class: 15013K(15360K)->15013K(15360K)
[25.819s][info][gc             ] GC(79) Pause Young (Allocation Failure) 584M->37M(1980M) 8.050ms
[25.819s][info][gc,cpu         ] GC(79) User=0.00s Sys=0.00s Real=0.00s
[25.975s][info][gc,start       ] GC(80) Pause Young (Allocation Failure)
[25.982s][info][gc,heap        ] GC(80) DefNew: 561055K(629440K)->1458K(629440K) Eden: 559552K(559552K)->0K(559552K) From: 1503K(69888K)->1458K(69888K)
[25.982s][info][gc,heap        ] GC(80) Tenured: 37208K(1398144K)->37212K(1398144K)
[25.982s][info][gc,metaspace   ] GC(80) Metaspace: 72246K(73088K)->72246K(73088K) NonClass: 57232K(57728K)->57232K(57728K) Class: 15013K(15360K)->15013K(15360K)
[25.982s][info][gc             ] GC(80) Pause Young (Allocation Failure) 584M->37M(1980M) 7.550ms
[25.982s][info][gc,cpu         ] GC(80) User=0.00s Sys=0.00s Real=0.00s
[26.156s][info][gc,start       ] GC(81) Pause Young (Allocation Failure)
[26.162s][info][gc,heap        ] GC(81) DefNew: 561010K(629440K)->1374K(629440K) Eden: 559552K(559552K)->0K(559552K) From: 1458K(69888K)->1374K(69888K)
[26.163s][info][gc,heap        ] GC(81) Tenured: 37212K(1398144K)->37212K(1398144K)
[26.163s][info][gc,metaspace   ] GC(81) Metaspace: 72246K(73088K)->72246K(73088K) NonClass: 57233K(57728K)->57233K(57728K) Class: 15013K(15360K)->15013K(15360K)
[26.163s][info][gc             ] GC(81) Pause Young (Allocation Failure) 584M->37M(1980M) 6.729ms
[26.163s][info][gc,cpu         ] GC(81) User=0.00s Sys=0.00s Real=0.00s
[26.380s][info][gc,start       ] GC(82) Pause Young (Allocation Failure)
[26.386s][info][gc,heap        ] GC(82) DefNew: 560926K(629440K)->1418K(629440K) Eden: 559552K(559552K)->0K(559552K) From: 1374K(69888K)->1418K(69888K)
[26.386s][info][gc,heap        ] GC(82) Tenured: 37212K(1398144K)->37212K(1398144K)
[26.386s][info][gc,metaspace   ] GC(82) Metaspace: 72247K(73088K)->72247K(73088K) NonClass: 57233K(57728K)->57233K(57728K) Class: 15013K(15360K)->15013K(15360K)
[26.386s][info][gc             ] GC(82) Pause Young (Allocation Failure) 584M->37M(1980M) 5.881ms
[26.386s][info][gc,cpu         ] GC(82) User=0.00s Sys=0.00s Real=0.00s
[26.615s][info][gc,start       ] GC(83) Pause Young (Allocation Failure)
[26.620s][info][gc,heap        ] GC(83) DefNew: 560970K(629440K)->1416K(629440K) Eden: 559552K(559552K)->0K(559552K) From: 1418K(69888K)->1416K(69888K)
[26.620s][info][gc,heap        ] GC(83) Tenured: 37212K(1398144K)->37212K(1398144K)
[26.620s][info][gc,metaspace   ] GC(83) Metaspace: 72248K(73088K)->72248K(73088K) NonClass: 57235K(57728K)->57235K(57728K) Class: 15013K(15360K)->15013K(15360K)
[26.620s][info][gc             ] GC(83) Pause Young (Allocation Failure) 584M->37M(1980M) 5.516ms
[26.620s][info][gc,cpu         ] GC(83) User=0.00s Sys=0.00s Real=0.00s
[26.886s][info][gc,start       ] GC(84) Pause Young (Allocation Failure)
[26.891s][info][gc,heap        ] GC(84) DefNew: 560968K(629440K)->1358K(629440K) Eden: 559552K(559552K)->0K(559552K) From: 1416K(69888K)->1358K(69888K)
[26.891s][info][gc,heap        ] GC(84) Tenured: 37212K(1398144K)->37228K(1398144K)
[26.891s][info][gc,metaspace   ] GC(84) Metaspace: 72251K(73088K)->72251K(73088K) NonClass: 57238K(57728K)->57238K(57728K) Class: 15013K(15360K)->15013K(15360K)
[26.891s][info][gc             ] GC(84) Pause Young (Allocation Failure) 584M->37M(1980M) 5.302ms
[26.891s][info][gc,cpu         ] GC(84) User=0.02s Sys=0.00s Real=0.02s
[27.203s][info][gc,start       ] GC(85) Pause Young (Allocation Failure)
[27.208s][info][gc,heap        ] GC(85) DefNew: 560910K(629440K)->1401K(629440K) Eden: 559552K(559552K)->0K(559552K) From: 1358K(69888K)->1401K(69888K)
[27.208s][info][gc,heap        ] GC(85) Tenured: 37228K(1398144K)->37228K(1398144K)
[27.208s][info][gc,metaspace   ] GC(85) Metaspace: 72251K(73088K)->72251K(73088K) NonClass: 57238K(57728K)->57238K(57728K) Class: 15013K(15360K)->15013K(15360K)
[27.208s][info][gc             ] GC(85) Pause Young (Allocation Failure) 584M->37M(1980M) 4.571ms
[27.208s][info][gc,cpu         ] GC(85) User=0.00s Sys=0.00s Real=0.00s
[27.522s][info][gc,start       ] GC(86) Pause Young (Allocation Failure)
[27.526s][info][gc,heap        ] GC(86) DefNew: 560953K(629440K)->1365K(629440K) Eden: 559552K(559552K)->0K(559552K) From: 1401K(69888K)->1365K(69888K)
[27.526s][info][gc,heap        ] GC(86) Tenured: 37228K(1398144K)->37228K(1398144K)
[27.526s][info][gc,metaspace   ] GC(86) Metaspace: 72251K(73088K)->72251K(73088K) NonClass: 57238K(57728K)->57238K(57728K) Class: 15013K(15360K)->15013K(15360K)
[27.526s][info][gc             ] GC(86) Pause Young (Allocation Failure) 584M->37M(1980M) 4.557ms
[27.526s][info][gc,cpu         ] GC(86) User=0.00s Sys=0.00s Real=0.00s
[27.709s][info][gc,start       ] GC(87) Pause Full (System.gc())
[27.709s][info][gc,phases,start] GC(87) Phase 1: Mark live objects
[27.776s][info][gc,phases      ] GC(87) Phase 1: Mark live objects 67.318ms
[27.776s][info][gc,phases,start] GC(87) Phase 2: Compute new object addresses
[27.894s][info][gc,phases      ] GC(87) Phase 2: Compute new object addresses 117.326ms
[27.894s][info][gc,phases,start] GC(87) Phase 3: Adjust pointers
[27.919s][info][gc,phases      ] GC(87) Phase 3: Adjust pointers 24.766ms
[27.919s][info][gc,phases,start] GC(87) Phase 4: Move objects
[27.920s][info][gc,phases      ] GC(87) Phase 4: Move objects 1.273ms
[27.921s][info][gc,heap        ] GC(87) DefNew: 309177K(629440K)->0K(629440K) Eden: 307811K(559552K)->0K(559552K) From: 1365K(69888K)->0K(69888K)
[27.921s][info][gc,heap        ] GC(87) Tenured: 37228K(1398144K)->38523K(1398144K)
[27.921s][info][gc,metaspace   ] GC(87) Metaspace: 72297K(73088K)->72289K(73088K) NonClass: 57283K(57728K)->57278K(57728K) Class: 15013K(15360K)->15010K(15360K)
[27.921s][info][gc             ] GC(87) Pause Full (System.gc()) 338M->37M(1980M) 211.808ms
[27.921s][info][gc,cpu         ] GC(87) User=0.20s Sys=0.00s Real=0.20s
[28.117s][info][gc,start       ] GC(88) Pause Young (Allocation Failure)
[28.133s][info][gc,heap        ] GC(88) DefNew: 559552K(629440K)->3576K(629440K) Eden: 559552K(559552K)->0K(559552K) From: 0K(69888K)->3576K(69888K)
[28.133s][info][gc,heap        ] GC(88) Tenured: 38523K(1398144K)->38523K(1398144K)
[28.133s][info][gc,metaspace   ] GC(88) Metaspace: 72428K(73088K)->72428K(73088K) NonClass: 57416K(57728K)->57416K(57728K) Class: 15011K(15360K)->15011K(15360K)
[28.133s][info][gc             ] GC(88) Pause Young (Allocation Failure) 584M->41M(1980M) 15.707ms
[28.133s][info][gc,cpu         ] GC(88) User=0.03s Sys=0.00s Real=0.02s
[28.275s][info][gc,start       ] GC(89) Pause Young (Allocation Failure)
[28.287s][info][gc,heap        ] GC(89) DefNew: 563128K(629440K)->3501K(629440K) Eden: 559552K(559552K)->0K(559552K) From: 3576K(69888K)->3501K(69888K)
[28.287s][info][gc,heap        ] GC(89) Tenured: 38523K(1398144K)->38523K(1398144K)
[28.287s][info][gc,metaspace   ] GC(89) Metaspace: 72428K(73088K)->72428K(73088K) NonClass: 57416K(57728K)->57416K(57728K) Class: 15011K(15360K)->15011K(15360K)
[28.287s][info][gc             ] GC(89) Pause Young (Allocation Failure) 587M->41M(1980M) 12.757ms
[28.287s][info][gc,cpu         ] GC(89) User=0.00s Sys=0.00s Real=0.00s
[28.428s][info][gc,start       ] GC(90) Pause Young (Allocation Failure)
[28.440s][info][gc,heap        ] GC(90) DefNew: 563053K(629440K)->3433K(629440K) Eden: 559552K(559552K)->0K(559552K) From: 3501K(69888K)->3433K(69888K)
[28.440s][info][gc,heap        ] GC(90) Tenured: 38523K(1398144K)->38523K(1398144K)
[28.440s][info][gc,metaspace   ] GC(90) Metaspace: 72428K(73088K)->72428K(73088K) NonClass: 57416K(57728K)->57416K(57728K) Class: 15011K(15360K)->15011K(15360K)
[28.440s][info][gc             ] GC(90) Pause Young (Allocation Failure) 587M->40M(1980M) 12.008ms
[28.440s][info][gc,cpu         ] GC(90) User=0.00s Sys=0.00s Real=0.00s
[28.581s][info][gc,start       ] GC(91) Pause Young (Allocation Failure)
[28.593s][info][gc,heap        ] GC(91) DefNew: 562985K(629440K)->3517K(629440K) Eden: 559552K(559552K)->0K(559552K) From: 3433K(69888K)->3517K(69888K)
[28.593s][info][gc,heap        ] GC(91) Tenured: 38523K(1398144K)->38523K(1398144K)
[28.593s][info][gc,metaspace   ] GC(91) Metaspace: 72428K(73088K)->72428K(73088K) NonClass: 57416K(57728K)->57416K(57728K) Class: 15011K(15360K)->15011K(15360K)
[28.593s][info][gc             ] GC(91) Pause Young (Allocation Failure) 587M->41M(1980M) 12.403ms
[28.593s][info][gc,cpu         ] GC(91) User=0.00s Sys=0.00s Real=0.00s
[28.735s][info][gc,start       ] GC(92) Pause Young (Allocation Failure)
[28.747s][info][gc,heap        ] GC(92) DefNew: 563069K(629440K)->3450K(629440K) Eden: 559552K(559552K)->0K(559552K) From: 3517K(69888K)->3450K(69888K)
[28.747s][info][gc,heap        ] GC(92) Tenured: 38523K(1398144K)->38523K(1398144K)
[28.747s][info][gc,metaspace   ] GC(92) Metaspace: 72428K(73088K)->72428K(73088K) NonClass: 57416K(57728K)->57416K(57728K) Class: 15011K(15360K)->15011K(15360K)
[28.747s][info][gc             ] GC(92) Pause Young (Allocation Failure) 587M->40M(1980M) 12.184ms
[28.747s][info][gc,cpu         ] GC(92) User=0.00s Sys=0.00s Real=0.00s
[28.888s][info][gc,start       ] GC(93) Pause Young (Allocation Failure)
[28.900s][info][gc,heap        ] GC(93) DefNew: 563002K(629440K)->3476K(629440K) Eden: 559552K(559552K)->0K(559552K) From: 3450K(69888K)->3476K(69888K)
[28.900s][info][gc,heap        ] GC(93) Tenured: 38523K(1398144K)->38523K(1398144K)
[28.900s][info][gc,metaspace   ] GC(93) Metaspace: 72428K(73088K)->72428K(73088K) NonClass: 57416K(57728K)->57416K(57728K) Class: 15011K(15360K)->15011K(15360K)
[28.900s][info][gc             ] GC(93) Pause Young (Allocation Failure) 587M->41M(1980M) 12.282ms
[28.900s][info][gc,cpu         ] GC(93) User=0.00s Sys=0.00s Real=0.00s
[29.041s][info][gc,start       ] GC(94) Pause Young (Allocation Failure)
[29.053s][info][gc,heap        ] GC(94) DefNew: 563028K(629440K)->3441K(629440K) Eden: 559552K(559552K)->0K(559552K) From: 3476K(69888K)->3441K(69888K)
[29.053s][info][gc,heap        ] GC(94) Tenured: 38523K(1398144K)->38523K(1398144K)
[29.053s][info][gc,metaspace   ] GC(94) Metaspace: 72428K(73088K)->72428K(73088K) NonClass: 57416K(57728K)->57416K(57728K) Class: 15011K(15360K)->15011K(15360K)
[29.053s][info][gc             ] GC(94) Pause Young (Allocation Failure) 587M->40M(1980M) 12.089ms
[29.053s][info][gc,cpu         ] GC(94) User=0.00s Sys=0.00s Real=0.00s
[29.196s][info][gc,start       ] GC(95) Pause Young (Allocation Failure)
[29.208s][info][gc,heap        ] GC(95) DefNew: 562993K(629440K)->3460K(629440K) Eden: 559552K(559552K)->0K(559552K) From: 3441K(69888K)->3460K(69888K)
[29.208s][info][gc,heap        ] GC(95) Tenured: 38523K(1398144K)->38523K(1398144K)
[29.208s][info][gc,metaspace   ] GC(95) Metaspace: 72428K(73088K)->72428K(73088K) NonClass: 57416K(57728K)->57416K(57728K) Class: 15011K(15360K)->15011K(15360K)
[29.208s][info][gc             ] GC(95) Pause Young (Allocation Failure) 587M->41M(1980M) 12.080ms
[29.208s][info][gc,cpu         ] GC(95) User=0.00s Sys=0.00s Real=0.00s
[29.349s][info][gc,start       ] GC(96) Pause Young (Allocation Failure)
[29.361s][info][gc,heap        ] GC(96) DefNew: 563012K(629440K)->3526K(629440K) Eden: 559552K(559552K)->0K(559552K) From: 3460K(69888K)->3526K(69888K)
[29.361s][info][gc,heap        ] GC(96) Tenured: 38523K(1398144K)->38523K(1398144K)
[29.361s][info][gc,metaspace   ] GC(96) Metaspace: 72428K(73088K)->72428K(73088K) NonClass: 57416K(57728K)->57416K(57728K) Class: 15011K(15360K)->15011K(15360K)
[29.361s][info][gc             ] GC(96) Pause Young (Allocation Failure) 587M->41M(1980M) 12.382ms
[29.361s][info][gc,cpu         ] GC(96) User=0.00s Sys=0.00s Real=0.00s
[29.501s][info][gc,start       ] GC(97) Pause Young (Allocation Failure)
[29.514s][info][gc,heap        ] GC(97) DefNew: 563078K(629440K)->3477K(629440K) Eden: 559552K(559552K)->0K(559552K) From: 3526K(69888K)->3477K(69888K)
[29.515s][info][gc,heap        ] GC(97) Tenured: 38523K(1398144K)->38523K(1398144K)
[29.515s][info][gc,metaspace   ] GC(97) Metaspace: 72428K(73088K)->72428K(73088K) NonClass: 57416K(57728K)->57416K(57728K) Class: 15011K(15360K)->15011K(15360K)
[29.515s][info][gc             ] GC(97) Pause Young (Allocation Failure) 587M->41M(1980M) 13.690ms
[29.515s][info][gc,cpu         ] GC(97) User=0.00s Sys=0.00s Real=0.00s
[29.656s][info][gc,start       ] GC(98) Pause Young (Allocation Failure)
[29.668s][info][gc,heap        ] GC(98) DefNew: 563029K(629440K)->3511K(629440K) Eden: 559552K(559552K)->0K(559552K) From: 3477K(69888K)->3511K(69888K)
[29.668s][info][gc,heap        ] GC(98) Tenured: 38523K(1398144K)->38523K(1398144K)
[29.668s][info][gc,metaspace   ] GC(98) Metaspace: 72428K(73088K)->72428K(73088K) NonClass: 57416K(57728K)->57416K(57728K) Class: 15011K(15360K)->15011K(15360K)
[29.669s][info][gc             ] GC(98) Pause Young (Allocation Failure) 587M->41M(1980M) 12.772ms
[29.669s][info][gc,cpu         ] GC(98) User=0.00s Sys=0.00s Real=0.00s
[29.812s][info][gc,start       ] GC(99) Pause Young (Allocation Failure)
[29.824s][info][gc,heap        ] GC(99) DefNew: 563063K(629440K)->3554K(629440K) Eden: 559552K(559552K)->0K(559552K) From: 3511K(69888K)->3554K(69888K)
[29.824s][info][gc,heap        ] GC(99) Tenured: 38523K(1398144K)->38523K(1398144K)
[29.824s][info][gc,metaspace   ] GC(99) Metaspace: 72428K(73088K)->72428K(73088K) NonClass: 57416K(57728K)->57416K(57728K) Class: 15011K(15360K)->15011K(15360K)
[29.824s][info][gc             ] GC(99) Pause Young (Allocation Failure) 587M->41M(1980M) 12.455ms
[29.824s][info][gc,cpu         ] GC(99) User=0.00s Sys=0.00s Real=0.00s
[29.966s][info][gc,start       ] GC(100) Pause Young (Allocation Failure)
[29.978s][info][gc,heap        ] GC(100) DefNew: 563106K(629440K)->3468K(629440K) Eden: 559552K(559552K)->0K(559552K) From: 3554K(69888K)->3468K(69888K)
[29.978s][info][gc,heap        ] GC(100) Tenured: 38523K(1398144K)->38523K(1398144K)
[29.978s][info][gc,metaspace   ] GC(100) Metaspace: 72428K(73088K)->72428K(73088K) NonClass: 57416K(57728K)->57416K(57728K) Class: 15011K(15360K)->15011K(15360K)
[29.978s][info][gc             ] GC(100) Pause Young (Allocation Failure) 587M->41M(1980M) 12.200ms
[29.978s][info][gc,cpu         ] GC(100) User=0.00s Sys=0.00s Real=0.00s
[30.119s][info][gc,start       ] GC(101) Pause Young (Allocation Failure)
[30.133s][info][gc,heap        ] GC(101) DefNew: 563020K(629440K)->3501K(629440K) Eden: 559552K(559552K)->0K(559552K) From: 3468K(69888K)->3501K(69888K)
[30.133s][info][gc,heap        ] GC(101) Tenured: 38523K(1398144K)->38523K(1398144K)
[30.133s][info][gc,metaspace   ] GC(101) Metaspace: 72428K(73088K)->72428K(73088K) NonClass: 57416K(57728K)->57416K(57728K) Class: 15011K(15360K)->15011K(15360K)
[30.133s][info][gc             ] GC(101) Pause Young (Allocation Failure) 587M->41M(1980M) 13.707ms
[30.133s][info][gc,cpu         ] GC(101) User=0.00s Sys=0.00s Real=0.00s
[30.275s][info][gc,start       ] GC(102) Pause Young (Allocation Failure)
[30.288s][info][gc,heap        ] GC(102) DefNew: 563053K(629440K)->3511K(629440K) Eden: 559552K(559552K)->0K(559552K) From: 3501K(69888K)->3511K(69888K)
[30.288s][info][gc,heap        ] GC(102) Tenured: 38523K(1398144K)->38523K(1398144K)
[30.288s][info][gc,metaspace   ] GC(102) Metaspace: 72428K(73088K)->72428K(73088K) NonClass: 57416K(57728K)->57416K(57728K) Class: 15011K(15360K)->15011K(15360K)
[30.288s][info][gc             ] GC(102) Pause Young (Allocation Failure) 587M->41M(1980M) 12.960ms
[30.288s][info][gc,cpu         ] GC(102) User=0.00s Sys=0.00s Real=0.00s
[30.431s][info][gc,start       ] GC(103) Pause Young (Allocation Failure)
[30.445s][info][gc,heap        ] GC(103) DefNew: 563063K(629440K)->1484K(629440K) Eden: 559552K(559552K)->0K(559552K) From: 3511K(69888K)->1484K(69888K)
[30.445s][info][gc,heap        ] GC(103) Tenured: 38523K(1398144K)->40581K(1398144K)
[30.445s][info][gc,metaspace   ] GC(103) Metaspace: 72434K(73088K)->72434K(73088K) NonClass: 57422K(57728K)->57422K(57728K) Class: 15011K(15360K)->15011K(15360K)
[30.445s][info][gc             ] GC(103) Pause Young (Allocation Failure) 587M->41M(1980M) 13.684ms
[30.445s][info][gc,cpu         ] GC(103) User=0.00s Sys=0.00s Real=0.00s
[30.586s][info][gc,start       ] GC(104) Pause Young (Allocation Failure)
[30.595s][info][gc,heap        ] GC(104) DefNew: 561036K(629440K)->1480K(629440K) Eden: 559552K(559552K)->0K(559552K) From: 1484K(69888K)->1480K(69888K)
[30.595s][info][gc,heap        ] GC(104) Tenured: 40581K(1398144K)->40597K(1398144K)
[30.595s][info][gc,metaspace   ] GC(104) Metaspace: 72434K(73088K)->72434K(73088K) NonClass: 57422K(57728K)->57422K(57728K) Class: 15011K(15360K)->15011K(15360K)
[30.595s][info][gc             ] GC(104) Pause Young (Allocation Failure) 587M->41M(1980M) 8.532ms
[30.595s][info][gc,cpu         ] GC(104) User=0.00s Sys=0.00s Real=0.00s
[30.737s][info][gc,start       ] GC(105) Pause Young (Allocation Failure)
[30.746s][info][gc,heap        ] GC(105) DefNew: 561032K(629440K)->1517K(629440K) Eden: 559552K(559552K)->0K(559552K) From: 1480K(69888K)->1517K(69888K)
[30.746s][info][gc,heap        ] GC(105) Tenured: 40597K(1398144K)->40598K(1398144K)
[30.746s][info][gc,metaspace   ] GC(105) Metaspace: 72434K(73088K)->72434K(73088K) NonClass: 57422K(57728K)->57422K(57728K) Class: 15011K(15360K)->15011K(15360K)
[30.747s][info][gc             ] GC(105) Pause Young (Allocation Failure) 587M->41M(1980M) 9.854ms
[30.747s][info][gc,cpu         ] GC(105) User=0.00s Sys=0.00s Real=0.00s
[30.886s][info][gc,start       ] GC(106) Pause Young (Allocation Failure)
[30.895s][info][gc,heap        ] GC(106) DefNew: 561069K(629440K)->1521K(629440K) Eden: 559552K(559552K)->0K(559552K) From: 1517K(69888K)->1521K(69888K)
[30.895s][info][gc,heap        ] GC(106) Tenured: 40598K(1398144K)->40598K(1398144K)
[30.895s][info][gc,metaspace   ] GC(106) Metaspace: 72434K(73088K)->72434K(73088K) NonClass: 57422K(57728K)->57422K(57728K) Class: 15011K(15360K)->15011K(15360K)
[30.895s][info][gc             ] GC(106) Pause Young (Allocation Failure) 587M->41M(1980M) 9.090ms
[30.895s][info][gc,cpu         ] GC(106) User=0.00s Sys=0.00s Real=0.00s
[31.036s][info][gc,start       ] GC(107) Pause Young (Allocation Failure)
[31.044s][info][gc,heap        ] GC(107) DefNew: 561073K(629440K)->1490K(629440K) Eden: 559552K(559552K)->0K(559552K) From: 1521K(69888K)->1490K(69888K)
[31.044s][info][gc,heap        ] GC(107) Tenured: 40598K(1398144K)->40598K(1398144K)
[31.044s][info][gc,metaspace   ] GC(107) Metaspace: 72434K(73088K)->72434K(73088K) NonClass: 57422K(57728K)->57422K(57728K) Class: 15011K(15360K)->15011K(15360K)
[31.045s][info][gc             ] GC(107) Pause Young (Allocation Failure) 587M->41M(1980M) 8.652ms
[31.045s][info][gc,cpu         ] GC(107) User=0.00s Sys=0.00s Real=0.00s
[31.190s][info][gc,start       ] GC(108) Pause Young (Allocation Failure)
[31.198s][info][gc,heap        ] GC(108) DefNew: 561042K(629440K)->1414K(629440K) Eden: 559552K(559552K)->0K(559552K) From: 1490K(69888K)->1414K(69888K)
[31.198s][info][gc,heap        ] GC(108) Tenured: 40598K(1398144K)->40598K(1398144K)
[31.198s][info][gc,metaspace   ] GC(108) Metaspace: 72434K(73088K)->72434K(73088K) NonClass: 57422K(57728K)->57422K(57728K) Class: 15011K(15360K)->15011K(15360K)
[31.198s][info][gc             ] GC(108) Pause Young (Allocation Failure) 587M->41M(1980M) 8.329ms
[31.198s][info][gc,cpu         ] GC(108) User=0.00s Sys=0.00s Real=0.00s
[31.348s][info][gc,start       ] GC(109) Pause Young (Allocation Failure)
[31.356s][info][gc,heap        ] GC(109) DefNew: 560966K(629440K)->1519K(629440K) Eden: 559552K(559552K)->0K(559552K) From: 1414K(69888K)->1519K(69888K)
[31.356s][info][gc,heap        ] GC(109) Tenured: 40598K(1398144K)->40598K(1398144K)
[31.356s][info][gc,metaspace   ] GC(109) Metaspace: 72434K(73088K)->72434K(73088K) NonClass: 57422K(57728K)->57422K(57728K) Class: 15011K(15360K)->15011K(15360K)
[31.356s][info][gc             ] GC(109) Pause Young (Allocation Failure) 587M->41M(1980M) 8.756ms
[31.356s][info][gc,cpu         ] GC(109) User=0.00s Sys=0.00s Real=0.00s
[31.497s][info][gc,start       ] GC(110) Pause Young (Allocation Failure)
[31.506s][info][gc,heap        ] GC(110) DefNew: 561071K(629440K)->1490K(629440K) Eden: 559552K(559552K)->0K(559552K) From: 1519K(69888K)->1490K(69888K)
[31.506s][info][gc,heap        ] GC(110) Tenured: 40598K(1398144K)->40598K(1398144K)
[31.506s][info][gc,metaspace   ] GC(110) Metaspace: 72434K(73088K)->72434K(73088K) NonClass: 57422K(57728K)->57422K(57728K) Class: 15011K(15360K)->15011K(15360K)
[31.506s][info][gc             ] GC(110) Pause Young (Allocation Failure) 587M->41M(1980M) 8.594ms
[31.506s][info][gc,cpu         ] GC(110) User=0.00s Sys=0.00s Real=0.00s
[31.646s][info][gc,start       ] GC(111) Pause Young (Allocation Failure)
[31.654s][info][gc,heap        ] GC(111) DefNew: 561042K(629440K)->1438K(629440K) Eden: 559552K(559552K)->0K(559552K) From: 1490K(69888K)->1438K(69888K)
[31.654s][info][gc,heap        ] GC(111) Tenured: 40598K(1398144K)->40617K(1398144K)
[31.655s][info][gc,metaspace   ] GC(111) Metaspace: 72434K(73088K)->72434K(73088K) NonClass: 57422K(57728K)->57422K(57728K) Class: 15011K(15360K)->15011K(15360K)
[31.655s][info][gc             ] GC(111) Pause Young (Allocation Failure) 587M->41M(1980M) 8.471ms
[31.655s][info][gc,cpu         ] GC(111) User=0.00s Sys=0.00s Real=0.00s
[31.795s][info][gc,start       ] GC(112) Pause Young (Allocation Failure)
[31.803s][info][gc,heap        ] GC(112) DefNew: 560990K(629440K)->1546K(629440K) Eden: 559552K(559552K)->0K(559552K) From: 1438K(69888K)->1546K(69888K)
[31.803s][info][gc,heap        ] GC(112) Tenured: 40617K(1398144K)->40617K(1398144K)
[31.803s][info][gc,metaspace   ] GC(112) Metaspace: 72434K(73088K)->72434K(73088K) NonClass: 57422K(57728K)->57422K(57728K) Class: 15011K(15360K)->15011K(15360K)
[31.803s][info][gc             ] GC(112) Pause Young (Allocation Failure) 587M->41M(1980M) 8.837ms
[31.803s][info][gc,cpu         ] GC(112) User=0.00s Sys=0.00s Real=0.00s
[31.944s][info][gc,start       ] GC(113) Pause Young (Allocation Failure)
[31.952s][info][gc,heap        ] GC(113) DefNew: 561098K(629440K)->1533K(629440K) Eden: 559552K(559552K)->0K(559552K) From: 1546K(69888K)->1533K(69888K)
[31.952s][info][gc,heap        ] GC(113) Tenured: 40617K(1398144K)->40617K(1398144K)
[31.952s][info][gc,metaspace   ] GC(113) Metaspace: 72434K(73088K)->72434K(73088K) NonClass: 57422K(57728K)->57422K(57728K) Class: 15011K(15360K)->15011K(15360K)
[31.952s][info][gc             ] GC(113) Pause Young (Allocation Failure) 587M->41M(1980M) 8.595ms
[31.952s][info][gc,cpu         ] GC(113) User=0.00s Sys=0.00s Real=0.00s
[32.092s][info][gc,start       ] GC(114) Pause Young (Allocation Failure)
[32.101s][info][gc,heap        ] GC(114) DefNew: 561085K(629440K)->1435K(629440K) Eden: 559552K(559552K)->0K(559552K) From: 1533K(69888K)->1435K(69888K)
[32.101s][info][gc,heap        ] GC(114) Tenured: 40617K(1398144K)->40617K(1398144K)
[32.101s][info][gc,metaspace   ] GC(114) Metaspace: 72434K(73088K)->72434K(73088K) NonClass: 57422K(57728K)->57422K(57728K) Class: 15011K(15360K)->15011K(15360K)
[32.101s][info][gc             ] GC(114) Pause Young (Allocation Failure) 587M->41M(1980M) 8.491ms
[32.101s][info][gc,cpu         ] GC(114) User=0.00s Sys=0.00s Real=0.01s
[32.255s][info][gc,start       ] GC(115) Pause Young (Allocation Failure)
[32.264s][info][gc,heap        ] GC(115) DefNew: 560987K(629440K)->1523K(629440K) Eden: 559552K(559552K)->0K(559552K) From: 1435K(69888K)->1523K(69888K)
[32.264s][info][gc,heap        ] GC(115) Tenured: 40617K(1398144K)->40617K(1398144K)
[32.264s][info][gc,metaspace   ] GC(115) Metaspace: 72434K(73088K)->72434K(73088K) NonClass: 57422K(57728K)->57422K(57728K) Class: 15011K(15360K)->15011K(15360K)
[32.264s][info][gc             ] GC(115) Pause Young (Allocation Failure) 587M->41M(1980M) 8.947ms
[32.264s][info][gc,cpu         ] GC(115) User=0.02s Sys=0.00s Real=0.01s
[32.407s][info][gc,start       ] GC(116) Pause Young (Allocation Failure)
[32.415s][info][gc,heap        ] GC(116) DefNew: 561075K(629440K)->1535K(629440K) Eden: 559552K(559552K)->0K(559552K) From: 1523K(69888K)->1535K(69888K)
[32.415s][info][gc,heap        ] GC(116) Tenured: 40617K(1398144K)->40617K(1398144K)
[32.415s][info][gc,metaspace   ] GC(116) Metaspace: 72434K(73088K)->72434K(73088K) NonClass: 57422K(57728K)->57422K(57728K) Class: 15011K(15360K)->15011K(15360K)
[32.415s][info][gc             ] GC(116) Pause Young (Allocation Failure) 587M->41M(1980M) 8.659ms
[32.415s][info][gc,cpu         ] GC(116) User=0.00s Sys=0.00s Real=0.00s
[32.557s][info][gc,start       ] GC(117) Pause Young (Allocation Failure)
[32.565s][info][gc,heap        ] GC(117) DefNew: 561087K(629440K)->1443K(629440K) Eden: 559552K(559552K)->0K(559552K) From: 1535K(69888K)->1443K(69888K)
[32.565s][info][gc,heap        ] GC(117) Tenured: 40617K(1398144K)->40633K(1398144K)
[32.565s][info][gc,metaspace   ] GC(117) Metaspace: 72434K(73088K)->72434K(73088K) NonClass: 57422K(57728K)->57422K(57728K) Class: 15011K(15360K)->15011K(15360K)
[32.565s][info][gc             ] GC(117) Pause Young (Allocation Failure) 587M->41M(1980M) 8.521ms
[32.565s][info][gc,cpu         ] GC(117) User=0.02s Sys=0.00s Real=0.00s
[32.705s][info][gc,start       ] GC(118) Pause Young (Allocation Failure)
[32.714s][info][gc,heap        ] GC(118) DefNew: 560995K(629440K)->1441K(629440K) Eden: 559552K(559552K)->0K(559552K) From: 1443K(69888K)->1441K(69888K)
[32.714s][info][gc,heap        ] GC(118) Tenured: 40633K(1398144K)->40675K(1398144K)
[32.714s][info][gc,metaspace   ] GC(118) Metaspace: 72434K(73088K)->72434K(73088K) NonClass: 57422K(57728K)->57422K(57728K) Class: 15011K(15360K)->15011K(15360K)
[32.714s][info][gc             ] GC(118) Pause Young (Allocation Failure) 587M->41M(1980M) 8.508ms
[32.714s][info][gc,cpu         ] GC(118) User=0.00s Sys=0.00s Real=0.00s
[32.855s][info][gc,start       ] GC(119) Pause Young (Allocation Failure)
[32.864s][info][gc,heap        ] GC(119) DefNew: 560993K(629440K)->1502K(629440K) Eden: 559552K(559552K)->0K(559552K) From: 1441K(69888K)->1502K(69888K)
[32.864s][info][gc,heap        ] GC(119) Tenured: 40675K(1398144K)->40675K(1398144K)
[32.864s][info][gc,metaspace   ] GC(119) Metaspace: 72441K(73088K)->72441K(73088K) NonClass: 57429K(57728K)->57429K(57728K) Class: 15011K(15360K)->15011K(15360K)
[32.864s][info][gc             ] GC(119) Pause Young (Allocation Failure) 587M->41M(1980M) 8.915ms
[32.864s][info][gc,cpu         ] GC(119) User=0.00s Sys=0.00s Real=0.00s
[33.008s][info][gc,start       ] GC(120) Pause Young (Allocation Failure)
[33.017s][info][gc,heap        ] GC(120) DefNew: 561054K(629440K)->1464K(629440K) Eden: 559552K(559552K)->0K(559552K) From: 1502K(69888K)->1464K(69888K)
[33.017s][info][gc,heap        ] GC(120) Tenured: 40675K(1398144K)->40675K(1398144K)
[33.017s][info][gc,metaspace   ] GC(120) Metaspace: 72457K(73088K)->72457K(73088K) NonClass: 57445K(57728K)->57445K(57728K) Class: 15011K(15360K)->15011K(15360K)
[33.017s][info][gc             ] GC(120) Pause Young (Allocation Failure) 587M->41M(1980M) 8.973ms
[33.017s][info][gc,cpu         ] GC(120) User=0.00s Sys=0.00s Real=0.00s
[33.161s][info][gc,start       ] GC(121) Pause Young (Allocation Failure)
[33.171s][info][gc,heap        ] GC(121) DefNew: 561016K(629440K)->1444K(629440K) Eden: 559552K(559552K)->0K(559552K) From: 1464K(69888K)->1444K(69888K)
[33.171s][info][gc,heap        ] GC(121) Tenured: 40675K(1398144K)->40675K(1398144K)
[33.171s][info][gc,metaspace   ] GC(121) Metaspace: 72459K(73088K)->72459K(73088K) NonClass: 57447K(57728K)->57447K(57728K) Class: 15011K(15360K)->15011K(15360K)
[33.171s][info][gc             ] GC(121) Pause Young (Allocation Failure) 587M->41M(1980M) 9.663ms
[33.171s][info][gc,cpu         ] GC(121) User=0.00s Sys=0.00s Real=0.00s
[33.319s][info][gc,start       ] GC(122) Pause Young (Allocation Failure)
[33.328s][info][gc,heap        ] GC(122) DefNew: 560996K(629440K)->1556K(629440K) Eden: 559552K(559552K)->0K(559552K) From: 1444K(69888K)->1556K(69888K)
[33.328s][info][gc,heap        ] GC(122) Tenured: 40675K(1398144K)->40675K(1398144K)
[33.329s][info][gc,metaspace   ] GC(122) Metaspace: 72461K(73088K)->72461K(73088K) NonClass: 57449K(57728K)->57449K(57728K) Class: 15011K(15360K)->15011K(15360K)
[33.329s][info][gc             ] GC(122) Pause Young (Allocation Failure) 587M->41M(1980M) 9.649ms
[33.329s][info][gc,cpu         ] GC(122) User=0.00s Sys=0.00s Real=0.00s
[33.488s][info][gc,start       ] GC(123) Pause Young (Allocation Failure)
[33.496s][info][gc,heap        ] GC(123) DefNew: 561108K(629440K)->1502K(629440K) Eden: 559552K(559552K)->0K(559552K) From: 1556K(69888K)->1502K(69888K)
[33.496s][info][gc,heap        ] GC(123) Tenured: 40675K(1398144K)->40675K(1398144K)
[33.496s][info][gc,metaspace   ] GC(123) Metaspace: 72513K(73088K)->72513K(73088K) NonClass: 57501K(57728K)->57501K(57728K) Class: 15011K(15360K)->15011K(15360K)
[33.496s][info][gc             ] GC(123) Pause Young (Allocation Failure) 587M->41M(1980M) 8.235ms
[33.496s][info][gc,cpu         ] GC(123) User=0.00s Sys=0.00s Real=0.00s
[33.705s][info][gc,start       ] GC(124) Pause Young (Allocation Failure)
[33.711s][info][gc,heap        ] GC(124) DefNew: 561054K(629440K)->1394K(629440K) Eden: 559552K(559552K)->0K(559552K) From: 1502K(69888K)->1394K(69888K)
[33.711s][info][gc,heap        ] GC(124) Tenured: 40675K(1398144K)->40691K(1398144K)
[33.711s][info][gc,metaspace   ] GC(124) Metaspace: 72547K(73088K)->72547K(73088K) NonClass: 57535K(57728K)->57535K(57728K) Class: 15011K(15360K)->15011K(15360K)
[33.711s][info][gc             ] GC(124) Pause Young (Allocation Failure) 587M->41M(1980M) 6.229ms
[33.711s][info][gc,cpu         ] GC(124) User=0.00s Sys=0.00s Real=0.00s
[34.004s][info][gc,start       ] GC(125) Pause Young (Allocation Failure)
[34.009s][info][gc,heap        ] GC(125) DefNew: 560946K(629440K)->1367K(629440K) Eden: 559552K(559552K)->0K(559552K) From: 1394K(69888K)->1367K(69888K)
[34.009s][info][gc,heap        ] GC(125) Tenured: 40691K(1398144K)->40691K(1398144K)
[34.009s][info][gc,metaspace   ] GC(125) Metaspace: 72548K(73088K)->72548K(73088K) NonClass: 57536K(57728K)->57536K(57728K) Class: 15011K(15360K)->15011K(15360K)
[34.009s][info][gc             ] GC(125) Pause Young (Allocation Failure) 587M->41M(1980M) 5.164ms
[34.009s][info][gc,cpu         ] GC(125) User=0.02s Sys=0.00s Real=0.02s
[34.343s][info][gc,start       ] GC(126) Pause Young (Allocation Failure)
[34.347s][info][gc,heap        ] GC(126) DefNew: 560730K(629440K)->1383K(629440K) Eden: 559362K(559552K)->0K(559552K) From: 1367K(69888K)->1383K(69888K)
[34.347s][info][gc,heap        ] GC(126) Tenured: 40691K(1398144K)->40691K(1398144K)
[34.347s][info][gc,metaspace   ] GC(126) Metaspace: 72548K(73088K)->72548K(73088K) NonClass: 57536K(57728K)->57536K(57728K) Class: 15011K(15360K)->15011K(15360K)
[34.347s][info][gc             ] GC(126) Pause Young (Allocation Failure) 587M->41M(1980M) 4.488ms
[34.347s][info][gc,cpu         ] GC(126) User=0.00s Sys=0.00s Real=0.00s
[34.682s][info][gc,start       ] GC(127) Pause Young (Allocation Failure)
[34.687s][info][gc,heap        ] GC(127) DefNew: 560935K(629440K)->1378K(629440K) Eden: 559552K(559552K)->0K(559552K) From: 1383K(69888K)->1378K(69888K)
[34.687s][info][gc,heap        ] GC(127) Tenured: 40691K(1398144K)->40691K(1398144K)
[34.687s][info][gc,metaspace   ] GC(127) Metaspace: 72548K(73088K)->72548K(73088K) NonClass: 57536K(57728K)->57536K(57728K) Class: 15011K(15360K)->15011K(15360K)
[34.687s][info][gc             ] GC(127) Pause Young (Allocation Failure) 587M->41M(1980M) 4.426ms
[34.687s][info][gc,cpu         ] GC(127) User=0.00s Sys=0.00s Real=0.00s
[35.020s][info][gc,start       ] GC(128) Pause Young (Allocation Failure)
[35.025s][info][gc,heap        ] GC(128) DefNew: 560930K(629440K)->1369K(629440K) Eden: 559552K(559552K)->0K(559552K) From: 1378K(69888K)->1369K(69888K)
[35.025s][info][gc,heap        ] GC(128) Tenured: 40691K(1398144K)->40691K(1398144K)
[35.025s][info][gc,metaspace   ] GC(128) Metaspace: 72548K(73088K)->72548K(73088K) NonClass: 57536K(57728K)->57536K(57728K) Class: 15011K(15360K)->15011K(15360K)
[35.025s][info][gc             ] GC(128) Pause Young (Allocation Failure) 587M->41M(1980M) 4.408ms
[35.025s][info][gc,cpu         ] GC(128) User=0.00s Sys=0.00s Real=0.00s
[35.238s][info][gc,start       ] GC(129) Pause Full (System.gc())
[35.239s][info][gc,phases,start] GC(129) Phase 1: Mark live objects
[35.292s][info][gc,phases      ] GC(129) Phase 1: Mark live objects 53.662ms
[35.292s][info][gc,phases,start] GC(129) Phase 2: Compute new object addresses
[35.392s][info][gc,phases      ] GC(129) Phase 2: Compute new object addresses 99.249ms
[35.392s][info][gc,phases,start] GC(129) Phase 3: Adjust pointers
[35.417s][info][gc,phases      ] GC(129) Phase 3: Adjust pointers 25.013ms
[35.417s][info][gc,phases,start] GC(129) Phase 4: Move objects
[35.418s][info][gc,phases      ] GC(129) Phase 4: Move objects 1.381ms
[35.419s][info][gc,heap        ] GC(129) DefNew: 280499K(629440K)->0K(629440K) Eden: 279129K(559552K)->0K(559552K) From: 1369K(69888K)->0K(69888K)
[35.419s][info][gc,heap        ] GC(129) Tenured: 40691K(1398144K)->41930K(1398144K)
[35.419s][info][gc,metaspace   ] GC(129) Metaspace: 72563K(73152K)->72563K(73152K) NonClass: 57551K(57792K)->57551K(57792K) Class: 15011K(15360K)->15011K(15360K)
[35.419s][info][gc             ] GC(129) Pause Full (System.gc()) 313M->40M(1980M) 180.247ms
[35.419s][info][gc,cpu         ] GC(129) User=0.17s Sys=0.00s Real=0.17s
[35.591s][info][gc,start       ] GC(130) Pause Young (Allocation Failure)
[35.608s][info][gc,heap        ] GC(130) DefNew: 559552K(629440K)->3511K(629440K) Eden: 559552K(559552K)->0K(559552K) From: 0K(69888K)->3511K(69888K)
[35.608s][info][gc,heap        ] GC(130) Tenured: 41930K(1398144K)->41930K(1398144K)
[35.608s][info][gc,metaspace   ] GC(130) Metaspace: 72681K(73280K)->72681K(73280K) NonClass: 57668K(57920K)->57668K(57920K) Class: 15012K(15360K)->15012K(15360K)
[35.608s][info][gc             ] GC(130) Pause Young (Allocation Failure) 587M->44M(1980M) 17.244ms
[35.608s][info][gc,cpu         ] GC(130) User=0.02s Sys=0.00s Real=0.02s
[35.752s][info][gc,start       ] GC(131) Pause Young (Allocation Failure)
[35.765s][info][gc,heap        ] GC(131) DefNew: 563063K(629440K)->3543K(629440K) Eden: 559552K(559552K)->0K(559552K) From: 3511K(69888K)->3543K(69888K)
[35.765s][info][gc,heap        ] GC(131) Tenured: 41930K(1398144K)->41930K(1398144K)
[35.765s][info][gc,metaspace   ] GC(131) Metaspace: 72681K(73280K)->72681K(73280K) NonClass: 57668K(57920K)->57668K(57920K) Class: 15012K(15360K)->15012K(15360K)
[35.765s][info][gc             ] GC(131) Pause Young (Allocation Failure) 590M->44M(1980M) 13.138ms
[35.765s][info][gc,cpu         ] GC(131) User=0.00s Sys=0.00s Real=0.00s
[35.907s][info][gc,start       ] GC(132) Pause Young (Allocation Failure)
[35.919s][info][gc,heap        ] GC(132) DefNew: 563095K(629440K)->3505K(629440K) Eden: 559552K(559552K)->0K(559552K) From: 3543K(69888K)->3505K(69888K)
[35.919s][info][gc,heap        ] GC(132) Tenured: 41930K(1398144K)->41930K(1398144K)
[35.919s][info][gc,metaspace   ] GC(132) Metaspace: 72681K(73280K)->72681K(73280K) NonClass: 57668K(57920K)->57668K(57920K) Class: 15012K(15360K)->15012K(15360K)
[35.919s][info][gc             ] GC(132) Pause Young (Allocation Failure) 590M->44M(1980M) 12.494ms
[35.919s][info][gc,cpu         ] GC(132) User=0.00s Sys=0.00s Real=0.00s
[36.062s][info][gc,start       ] GC(133) Pause Young (Allocation Failure)
[36.076s][info][gc,heap        ] GC(133) DefNew: 563057K(629440K)->3459K(629440K) Eden: 559552K(559552K)->0K(559552K) From: 3505K(69888K)->3459K(69888K)
[36.076s][info][gc,heap        ] GC(133) Tenured: 41930K(1398144K)->41930K(1398144K)
[36.076s][info][gc,metaspace   ] GC(133) Metaspace: 72681K(73280K)->72681K(73280K) NonClass: 57668K(57920K)->57668K(57920K) Class: 15012K(15360K)->15012K(15360K)
[36.076s][info][gc             ] GC(133) Pause Young (Allocation Failure) 590M->44M(1980M) 13.798ms
[36.076s][info][gc,cpu         ] GC(133) User=0.00s Sys=0.00s Real=0.00s
[36.218s][info][gc,start       ] GC(134) Pause Young (Allocation Failure)
[36.231s][info][gc,heap        ] GC(134) DefNew: 563011K(629440K)->3443K(629440K) Eden: 559552K(559552K)->0K(559552K) From: 3459K(69888K)->3443K(69888K)
[36.231s][info][gc,heap        ] GC(134) Tenured: 41930K(1398144K)->41930K(1398144K)
[36.231s][info][gc,metaspace   ] GC(134) Metaspace: 72681K(73280K)->72681K(73280K) NonClass: 57668K(57920K)->57668K(57920K) Class: 15012K(15360K)->15012K(15360K)
[36.231s][info][gc             ] GC(134) Pause Young (Allocation Failure) 590M->44M(1980M) 13.600ms
[36.231s][info][gc,cpu         ] GC(134) User=0.02s Sys=0.00s Real=0.01s
[36.374s][info][gc,start       ] GC(135) Pause Young (Allocation Failure)
[36.387s][info][gc,heap        ] GC(135) DefNew: 562995K(629440K)->3508K(629440K) Eden: 559552K(559552K)->0K(559552K) From: 3443K(69888K)->3508K(69888K)
[36.387s][info][gc,heap        ] GC(135) Tenured: 41930K(1398144K)->41930K(1398144K)
[36.387s][info][gc,metaspace   ] GC(135) Metaspace: 72681K(73280K)->72681K(73280K) NonClass: 57668K(57920K)->57668K(57920K) Class: 15012K(15360K)->15012K(15360K)
[36.387s][info][gc             ] GC(135) Pause Young (Allocation Failure) 590M->44M(1980M) 12.896ms
[36.387s][info][gc,cpu         ] GC(135) User=0.00s Sys=0.00s Real=0.00s
[36.530s][info][gc,start       ] GC(136) Pause Young (Allocation Failure)
[36.543s][info][gc,heap        ] GC(136) DefNew: 563060K(629440K)->3547K(629440K) Eden: 559552K(559552K)->0K(559552K) From: 3508K(69888K)->3547K(69888K)
[36.543s][info][gc,heap        ] GC(136) Tenured: 41930K(1398144K)->41930K(1398144K)
[36.543s][info][gc,metaspace   ] GC(136) Metaspace: 72681K(73280K)->72681K(73280K) NonClass: 57668K(57920K)->57668K(57920K) Class: 15012K(15360K)->15012K(15360K)
[36.543s][info][gc             ] GC(136) Pause Young (Allocation Failure) 590M->44M(1980M) 12.486ms
[36.543s][info][gc,cpu         ] GC(136) User=0.00s Sys=0.00s Real=0.00s
[36.686s][info][gc,start       ] GC(137) Pause Young (Allocation Failure)
[36.698s][info][gc,heap        ] GC(137) DefNew: 563099K(629440K)->3468K(629440K) Eden: 559552K(559552K)->0K(559552K) From: 3547K(69888K)->3468K(69888K)
[36.698s][info][gc,heap        ] GC(137) Tenured: 41930K(1398144K)->41930K(1398144K)
[36.698s][info][gc,metaspace   ] GC(137) Metaspace: 72681K(73280K)->72681K(73280K) NonClass: 57668K(57920K)->57668K(57920K) Class: 15012K(15360K)->15012K(15360K)
[36.698s][info][gc             ] GC(137) Pause Young (Allocation Failure) 590M->44M(1980M) 12.123ms
[36.698s][info][gc,cpu         ] GC(137) User=0.00s Sys=0.00s Real=0.00s
[36.839s][info][gc,start       ] GC(138) Pause Young (Allocation Failure)
[36.851s][info][gc,heap        ] GC(138) DefNew: 563020K(629440K)->3516K(629440K) Eden: 559552K(559552K)->0K(559552K) From: 3468K(69888K)->3516K(69888K)
[36.851s][info][gc,heap        ] GC(138) Tenured: 41930K(1398144K)->41930K(1398144K)
[36.851s][info][gc,metaspace   ] GC(138) Metaspace: 72681K(73280K)->72681K(73280K) NonClass: 57668K(57920K)->57668K(57920K) Class: 15012K(15360K)->15012K(15360K)
[36.851s][info][gc             ] GC(138) Pause Young (Allocation Failure) 590M->44M(1980M) 12.406ms
[36.851s][info][gc,cpu         ] GC(138) User=0.00s Sys=0.00s Real=0.00s
[36.994s][info][gc,start       ] GC(139) Pause Young (Allocation Failure)
[37.006s][info][gc,heap        ] GC(139) DefNew: 563068K(629440K)->3460K(629440K) Eden: 559552K(559552K)->0K(559552K) From: 3516K(69888K)->3460K(69888K)
[37.006s][info][gc,heap        ] GC(139) Tenured: 41930K(1398144K)->41930K(1398144K)
[37.006s][info][gc,metaspace   ] GC(139) Metaspace: 72681K(73280K)->72681K(73280K) NonClass: 57668K(57920K)->57668K(57920K) Class: 15012K(15360K)->15012K(15360K)
[37.006s][info][gc             ] GC(139) Pause Young (Allocation Failure) 590M->44M(1980M) 12.048ms
[37.006s][info][gc,cpu         ] GC(139) User=0.00s Sys=0.00s Real=0.00s
[37.148s][info][gc,start       ] GC(140) Pause Young (Allocation Failure)
[37.160s][info][gc,heap        ] GC(140) DefNew: 563012K(629440K)->3471K(629440K) Eden: 559552K(559552K)->0K(559552K) From: 3460K(69888K)->3471K(69888K)
[37.160s][info][gc,heap        ] GC(140) Tenured: 41930K(1398144K)->41930K(1398144K)
[37.160s][info][gc,metaspace   ] GC(140) Metaspace: 72681K(73280K)->72681K(73280K) NonClass: 57668K(57920K)->57668K(57920K) Class: 15012K(15360K)->15012K(15360K)
[37.160s][info][gc             ] GC(140) Pause Young (Allocation Failure) 590M->44M(1980M) 11.980ms
[37.160s][info][gc,cpu         ] GC(140) User=0.00s Sys=0.00s Real=0.00s
[37.300s][info][gc,start       ] GC(141) Pause Young (Allocation Failure)
[37.312s][info][gc,heap        ] GC(141) DefNew: 563023K(629440K)->3507K(629440K) Eden: 559552K(559552K)->0K(559552K) From: 3471K(69888K)->3507K(69888K)
[37.312s][info][gc,heap        ] GC(141) Tenured: 41930K(1398144K)->41930K(1398144K)
[37.312s][info][gc,metaspace   ] GC(141) Metaspace: 72681K(73280K)->72681K(73280K) NonClass: 57668K(57920K)->57668K(57920K) Class: 15012K(15360K)->15012K(15360K)
[37.312s][info][gc             ] GC(141) Pause Young (Allocation Failure) 590M->44M(1980M) 12.383ms
[37.312s][info][gc,cpu         ] GC(141) User=0.00s Sys=0.00s Real=0.00s
[37.454s][info][gc,start       ] GC(142) Pause Young (Allocation Failure)
[37.466s][info][gc,heap        ] GC(142) DefNew: 563059K(629440K)->3528K(629440K) Eden: 559552K(559552K)->0K(559552K) From: 3507K(69888K)->3528K(69888K)
[37.466s][info][gc,heap        ] GC(142) Tenured: 41930K(1398144K)->41930K(1398144K)
[37.466s][info][gc,metaspace   ] GC(142) Metaspace: 72681K(73280K)->72681K(73280K) NonClass: 57669K(57920K)->57669K(57920K) Class: 15012K(15360K)->15012K(15360K)
[37.466s][info][gc             ] GC(142) Pause Young (Allocation Failure) 590M->44M(1980M) 12.295ms
[37.466s][info][gc,cpu         ] GC(142) User=0.02s Sys=0.00s Real=0.01s
[37.607s][info][gc,start       ] GC(143) Pause Young (Allocation Failure)
[37.621s][info][gc,heap        ] GC(143) DefNew: 563080K(629440K)->3477K(629440K) Eden: 559552K(559552K)->0K(559552K) From: 3528K(69888K)->3477K(69888K)
[37.621s][info][gc,heap        ] GC(143) Tenured: 41930K(1398144K)->41930K(1398144K)
[37.621s][info][gc,metaspace   ] GC(143) Metaspace: 72681K(73280K)->72681K(73280K) NonClass: 57669K(57920K)->57669K(57920K) Class: 15012K(15360K)->15012K(15360K)
[37.621s][info][gc             ] GC(143) Pause Young (Allocation Failure) 590M->44M(1980M) 13.603ms
[37.621s][info][gc,cpu         ] GC(143) User=0.00s Sys=0.00s Real=0.00s
[37.763s][info][gc,start       ] GC(144) Pause Young (Allocation Failure)
[37.775s][info][gc,heap        ] GC(144) DefNew: 563029K(629440K)->3518K(629440K) Eden: 559552K(559552K)->0K(559552K) From: 3477K(69888K)->3518K(69888K)
[37.775s][info][gc,heap        ] GC(144) Tenured: 41930K(1398144K)->41930K(1398144K)
[37.775s][info][gc,metaspace   ] GC(144) Metaspace: 72681K(73280K)->72681K(73280K) NonClass: 57669K(57920K)->57669K(57920K) Class: 15012K(15360K)->15012K(15360K)
[37.775s][info][gc             ] GC(144) Pause Young (Allocation Failure) 590M->44M(1980M) 12.838ms
[37.775s][info][gc,cpu         ] GC(144) User=0.00s Sys=0.00s Real=0.00s
[37.917s][info][gc,start       ] GC(145) Pause Young (Allocation Failure)
[37.930s][info][gc,heap        ] GC(145) DefNew: 563070K(629440K)->1466K(629440K) Eden: 559552K(559552K)->0K(559552K) From: 3518K(69888K)->1466K(69888K)
[37.930s][info][gc,heap        ] GC(145) Tenured: 41930K(1398144K)->44000K(1398144K)
[37.930s][info][gc,metaspace   ] GC(145) Metaspace: 72681K(73280K)->72681K(73280K) NonClass: 57669K(57920K)->57669K(57920K) Class: 15012K(15360K)->15012K(15360K)
[37.930s][info][gc             ] GC(145) Pause Young (Allocation Failure) 590M->44M(1980M) 13.339ms
[37.930s][info][gc,cpu         ] GC(145) User=0.02s Sys=0.00s Real=0.00s
[38.073s][info][gc,start       ] GC(146) Pause Young (Allocation Failure)
[38.081s][info][gc,heap        ] GC(146) DefNew: 561018K(629440K)->1481K(629440K) Eden: 559552K(559552K)->0K(559552K) From: 1466K(69888K)->1481K(69888K)
[38.081s][info][gc,heap        ] GC(146) Tenured: 44000K(1398144K)->44000K(1398144K)
[38.081s][info][gc,metaspace   ] GC(146) Metaspace: 72696K(73280K)->72696K(73280K) NonClass: 57684K(57920K)->57684K(57920K) Class: 15012K(15360K)->15012K(15360K)
[38.081s][info][gc             ] GC(146) Pause Young (Allocation Failure) 590M->44M(1980M) 8.764ms
[38.081s][info][gc,cpu         ] GC(146) User=0.02s Sys=0.00s Real=0.00s
[38.221s][info][gc,start       ] GC(147) Pause Young (Allocation Failure)
[38.230s][info][gc,heap        ] GC(147) DefNew: 561033K(629440K)->1488K(629440K) Eden: 559552K(559552K)->0K(559552K) From: 1481K(69888K)->1488K(69888K)
[38.230s][info][gc,heap        ] GC(147) Tenured: 44000K(1398144K)->44000K(1398144K)
[38.230s][info][gc,metaspace   ] GC(147) Metaspace: 72696K(73280K)->72696K(73280K) NonClass: 57684K(57920K)->57684K(57920K) Class: 15012K(15360K)->15012K(15360K)
[38.230s][info][gc             ] GC(147) Pause Young (Allocation Failure) 590M->44M(1980M) 8.588ms
[38.230s][info][gc,cpu         ] GC(147) User=0.00s Sys=0.00s Real=0.00s
[38.370s][info][gc,start       ] GC(148) Pause Young (Allocation Failure)
[38.379s][info][gc,heap        ] GC(148) DefNew: 561040K(629440K)->1506K(629440K) Eden: 559552K(559552K)->0K(559552K) From: 1488K(69888K)->1506K(69888K)
[38.379s][info][gc,heap        ] GC(148) Tenured: 44000K(1398144K)->44000K(1398144K)
[38.379s][info][gc,metaspace   ] GC(148) Metaspace: 72696K(73280K)->72696K(73280K) NonClass: 57684K(57920K)->57684K(57920K) Class: 15012K(15360K)->15012K(15360K)
[38.379s][info][gc             ] GC(148) Pause Young (Allocation Failure) 590M->44M(1980M) 8.703ms
[38.379s][info][gc,cpu         ] GC(148) User=0.02s Sys=0.00s Real=0.00s
[38.519s][info][gc,start       ] GC(149) Pause Young (Allocation Failure)
[38.529s][info][gc,heap        ] GC(149) DefNew: 561058K(629440K)->1494K(629440K) Eden: 559552K(559552K)->0K(559552K) From: 1506K(69888K)->1494K(69888K)
[38.529s][info][gc,heap        ] GC(149) Tenured: 44000K(1398144K)->44016K(1398144K)
[38.529s][info][gc,metaspace   ] GC(149) Metaspace: 72696K(73280K)->72696K(73280K) NonClass: 57684K(57920K)->57684K(57920K) Class: 15012K(15360K)->15012K(15360K)
[38.529s][info][gc             ] GC(149) Pause Young (Allocation Failure) 590M->44M(1980M) 9.712ms
[38.529s][info][gc,cpu         ] GC(149) User=0.02s Sys=0.00s Real=0.01s
[38.669s][info][gc,start       ] GC(150) Pause Young (Allocation Failure)
[38.679s][info][gc,heap        ] GC(150) DefNew: 561046K(629440K)->1438K(629440K) Eden: 559552K(559552K)->0K(559552K) From: 1494K(69888K)->1438K(69888K)
[38.679s][info][gc,heap        ] GC(150) Tenured: 44016K(1398144K)->44016K(1398144K)
[38.679s][info][gc,metaspace   ] GC(150) Metaspace: 72696K(73280K)->72696K(73280K) NonClass: 57684K(57920K)->57684K(57920K) Class: 15012K(15360K)->15012K(15360K)
[38.679s][info][gc             ] GC(150) Pause Young (Allocation Failure) 590M->44M(1980M) 9.554ms
[38.679s][info][gc,cpu         ] GC(150) User=0.00s Sys=0.00s Real=0.00s
[38.819s][info][gc,start       ] GC(151) Pause Young (Allocation Failure)
[38.828s][info][gc,heap        ] GC(151) DefNew: 560990K(629440K)->1474K(629440K) Eden: 559552K(559552K)->0K(559552K) From: 1438K(69888K)->1474K(69888K)
[38.828s][info][gc,heap        ] GC(151) Tenured: 44016K(1398144K)->44016K(1398144K)
[38.828s][info][gc,metaspace   ] GC(151) Metaspace: 72696K(73280K)->72696K(73280K) NonClass: 57684K(57920K)->57684K(57920K) Class: 15012K(15360K)->15012K(15360K)
[38.828s][info][gc             ] GC(151) Pause Young (Allocation Failure) 590M->44M(1980M) 9.065ms
[38.828s][info][gc,cpu         ] GC(151) User=0.00s Sys=0.00s Real=0.00s
[38.969s][info][gc,start       ] GC(152) Pause Young (Allocation Failure)
[38.977s][info][gc,heap        ] GC(152) DefNew: 561026K(629440K)->1409K(629440K) Eden: 559552K(559552K)->0K(559552K) From: 1474K(69888K)->1409K(69888K)
[38.977s][info][gc,heap        ] GC(152) Tenured: 44016K(1398144K)->44016K(1398144K)
[38.977s][info][gc,metaspace   ] GC(152) Metaspace: 72696K(73280K)->72696K(73280K) NonClass: 57684K(57920K)->57684K(57920K) Class: 15012K(15360K)->15012K(15360K)
[38.977s][info][gc             ] GC(152) Pause Young (Allocation Failure) 590M->44M(1980M) 8.304ms
[38.977s][info][gc,cpu         ] GC(152) User=0.00s Sys=0.00s Real=0.00s
[39.117s][info][gc,start       ] GC(153) Pause Young (Allocation Failure)
[39.126s][info][gc,heap        ] GC(153) DefNew: 560961K(629440K)->1417K(629440K) Eden: 559552K(559552K)->0K(559552K) From: 1409K(69888K)->1417K(69888K)
[39.126s][info][gc,heap        ] GC(153) Tenured: 44016K(1398144K)->44016K(1398144K)
[39.126s][info][gc,metaspace   ] GC(153) Metaspace: 72696K(73280K)->72696K(73280K) NonClass: 57684K(57920K)->57684K(57920K) Class: 15012K(15360K)->15012K(15360K)
[39.126s][info][gc             ] GC(153) Pause Young (Allocation Failure) 590M->44M(1980M) 8.989ms
[39.126s][info][gc,cpu         ] GC(153) User=0.00s Sys=0.00s Real=0.00s
[39.267s][info][gc,start       ] GC(154) Pause Young (Allocation Failure)
[39.276s][info][gc,heap        ] GC(154) DefNew: 560969K(629440K)->1540K(629440K) Eden: 559552K(559552K)->0K(559552K) From: 1417K(69888K)->1540K(69888K)
[39.276s][info][gc,heap        ] GC(154) Tenured: 44016K(1398144K)->44016K(1398144K)
[39.276s][info][gc,metaspace   ] GC(154) Metaspace: 72696K(73280K)->72696K(73280K) NonClass: 57684K(57920K)->57684K(57920K) Class: 15012K(15360K)->15012K(15360K)
[39.276s][info][gc             ] GC(154) Pause Young (Allocation Failure) 590M->44M(1980M) 9.261ms
[39.276s][info][gc,cpu         ] GC(154) User=0.00s Sys=0.00s Real=0.00s
[39.416s][info][gc,start       ] GC(155) Pause Young (Allocation Failure)
[39.425s][info][gc,heap        ] GC(155) DefNew: 561092K(629440K)->1442K(629440K) Eden: 559552K(559552K)->0K(559552K) From: 1540K(69888K)->1442K(69888K)
[39.425s][info][gc,heap        ] GC(155) Tenured: 44016K(1398144K)->44016K(1398144K)
[39.425s][info][gc,metaspace   ] GC(155) Metaspace: 72696K(73280K)->72696K(73280K) NonClass: 57684K(57920K)->57684K(57920K) Class: 15012K(15360K)->15012K(15360K)
[39.425s][info][gc             ] GC(155) Pause Young (Allocation Failure) 590M->44M(1980M) 8.355ms
[39.425s][info][gc,cpu         ] GC(155) User=0.02s Sys=0.00s Real=0.00s
[39.565s][info][gc,start       ] GC(156) Pause Young (Allocation Failure)
[39.573s][info][gc,heap        ] GC(156) DefNew: 560994K(629440K)->1519K(629440K) Eden: 559552K(559552K)->0K(559552K) From: 1442K(69888K)->1519K(69888K)
[39.573s][info][gc,heap        ] GC(156) Tenured: 44016K(1398144K)->44035K(1398144K)
[39.573s][info][gc,metaspace   ] GC(156) Metaspace: 72696K(73280K)->72696K(73280K) NonClass: 57684K(57920K)->57684K(57920K) Class: 15012K(15360K)->15012K(15360K)
[39.573s][info][gc             ] GC(156) Pause Young (Allocation Failure) 590M->44M(1980M) 8.634ms
[39.573s][info][gc,cpu         ] GC(156) User=0.00s Sys=0.00s Real=0.00s
[39.713s][info][gc,start       ] GC(157) Pause Young (Allocation Failure)
[39.722s][info][gc,heap        ] GC(157) DefNew: 561071K(629440K)->1476K(629440K) Eden: 559552K(559552K)->0K(559552K) From: 1519K(69888K)->1476K(69888K)
[39.722s][info][gc,heap        ] GC(157) Tenured: 44035K(1398144K)->44035K(1398144K)
[39.722s][info][gc,metaspace   ] GC(157) Metaspace: 72696K(73280K)->72696K(73280K) NonClass: 57684K(57920K)->57684K(57920K) Class: 15012K(15360K)->15012K(15360K)
[39.722s][info][gc             ] GC(157) Pause Young (Allocation Failure) 590M->44M(1980M) 8.491ms
[39.722s][info][gc,cpu         ] GC(157) User=0.00s Sys=0.00s Real=0.00s
[39.862s][info][gc,start       ] GC(158) Pause Young (Allocation Failure)
[39.871s][info][gc,heap        ] GC(158) DefNew: 561028K(629440K)->1489K(629440K) Eden: 559552K(559552K)->0K(559552K) From: 1476K(69888K)->1489K(69888K)
[39.871s][info][gc,heap        ] GC(158) Tenured: 44035K(1398144K)->44035K(1398144K)
[39.871s][info][gc,metaspace   ] GC(158) Metaspace: 72696K(73280K)->72696K(73280K) NonClass: 57684K(57920K)->57684K(57920K) Class: 15012K(15360K)->15012K(15360K)
[39.871s][info][gc             ] GC(158) Pause Young (Allocation Failure) 590M->44M(1980M) 8.630ms
[39.871s][info][gc,cpu         ] GC(158) User=0.00s Sys=0.00s Real=0.00s
[40.011s][info][gc,start       ] GC(159) Pause Young (Allocation Failure)
[40.019s][info][gc,heap        ] GC(159) DefNew: 561041K(629440K)->1442K(629440K) Eden: 559552K(559552K)->0K(559552K) From: 1489K(69888K)->1442K(69888K)
[40.019s][info][gc,heap        ] GC(159) Tenured: 44035K(1398144K)->44035K(1398144K)
[40.019s][info][gc,metaspace   ] GC(159) Metaspace: 72696K(73280K)->72696K(73280K) NonClass: 57684K(57920K)->57684K(57920K) Class: 15012K(15360K)->15012K(15360K)
[40.019s][info][gc             ] GC(159) Pause Young (Allocation Failure) 590M->44M(1980M) 8.302ms
[40.019s][info][gc,cpu         ] GC(159) User=0.02s Sys=0.00s Real=0.00s
[40.159s][info][gc,start       ] GC(160) Pause Young (Allocation Failure)
[40.168s][info][gc,heap        ] GC(160) DefNew: 560994K(629440K)->1535K(629440K) Eden: 559552K(559552K)->0K(559552K) From: 1442K(69888K)->1535K(69888K)
[40.168s][info][gc,heap        ] GC(160) Tenured: 44035K(1398144K)->44035K(1398144K)
[40.168s][info][gc,metaspace   ] GC(160) Metaspace: 72696K(73280K)->72696K(73280K) NonClass: 57684K(57920K)->57684K(57920K) Class: 15012K(15360K)->15012K(15360K)
[40.168s][info][gc             ] GC(160) Pause Young (Allocation Failure) 590M->44M(1980M) 8.847ms
[40.168s][info][gc,cpu         ] GC(160) User=0.00s Sys=0.00s Real=0.00s
[40.310s][info][gc,start       ] GC(161) Pause Young (Allocation Failure)
[40.319s][info][gc,heap        ] GC(161) DefNew: 561087K(629440K)->1497K(629440K) Eden: 559552K(559552K)->0K(559552K) From: 1535K(69888K)->1497K(69888K)
[40.319s][info][gc,heap        ] GC(161) Tenured: 44035K(1398144K)->44073K(1398144K)
[40.319s][info][gc,metaspace   ] GC(161) Metaspace: 72722K(73280K)->72722K(73280K) NonClass: 57710K(57920K)->57710K(57920K) Class: 15012K(15360K)->15012K(15360K)
[40.319s][info][gc             ] GC(161) Pause Young (Allocation Failure) 590M->44M(1980M) 9.145ms
[40.319s][info][gc,cpu         ] GC(161) User=0.00s Sys=0.00s Real=0.00s
[40.462s][info][gc,start       ] GC(162) Pause Young (Allocation Failure)
[40.471s][info][gc,heap        ] GC(162) DefNew: 561049K(629440K)->1544K(629440K) Eden: 559552K(559552K)->0K(559552K) From: 1497K(69888K)->1544K(69888K)
[40.471s][info][gc,heap        ] GC(162) Tenured: 44073K(1398144K)->44090K(1398144K)
[40.471s][info][gc,metaspace   ] GC(162) Metaspace: 72728K(73280K)->72728K(73280K) NonClass: 57715K(57920K)->57715K(57920K) Class: 15012K(15360K)->15012K(15360K)
[40.471s][info][gc             ] GC(162) Pause Young (Allocation Failure) 590M->44M(1980M) 9.116ms
[40.471s][info][gc,cpu         ] GC(162) User=0.00s Sys=0.00s Real=0.00s
[40.616s][info][gc,start       ] GC(163) Pause Young (Allocation Failure)
[40.624s][info][gc,heap        ] GC(163) DefNew: 561096K(629440K)->1560K(629440K) Eden: 559552K(559552K)->0K(559552K) From: 1544K(69888K)->1560K(69888K)
[40.625s][info][gc,heap        ] GC(163) Tenured: 44090K(1398144K)->44090K(1398144K)
[40.625s][info][gc,metaspace   ] GC(163) Metaspace: 72730K(73280K)->72730K(73280K) NonClass: 57717K(57920K)->57717K(57920K) Class: 15012K(15360K)->15012K(15360K)
[40.625s][info][gc             ] GC(163) Pause Young (Allocation Failure) 591M->44M(1980M) 8.886ms
[40.625s][info][gc,cpu         ] GC(163) User=0.00s Sys=0.00s Real=0.00s
[40.775s][info][gc,start       ] GC(164) Pause Young (Allocation Failure)
[40.785s][info][gc,heap        ] GC(164) DefNew: 561112K(629440K)->1531K(629440K) Eden: 559552K(559552K)->0K(559552K) From: 1560K(69888K)->1531K(69888K)
[40.785s][info][gc,heap        ] GC(164) Tenured: 44090K(1398144K)->44090K(1398144K)
[40.785s][info][gc,metaspace   ] GC(164) Metaspace: 72730K(73280K)->72730K(73280K) NonClass: 57717K(57920K)->57717K(57920K) Class: 15012K(15360K)->15012K(15360K)
[40.785s][info][gc             ] GC(164) Pause Young (Allocation Failure) 591M->44M(1980M) 9.254ms
[40.785s][info][gc,cpu         ] GC(164) User=0.00s Sys=0.00s Real=0.00s
[40.952s][info][gc,start       ] GC(165) Pause Young (Allocation Failure)
[40.960s][info][gc,heap        ] GC(165) DefNew: 561083K(629440K)->1427K(629440K) Eden: 559552K(559552K)->0K(559552K) From: 1531K(69888K)->1427K(69888K)
[40.960s][info][gc,heap        ] GC(165) Tenured: 44090K(1398144K)->44090K(1398144K)
[40.960s][info][gc,metaspace   ] GC(165) Metaspace: 72730K(73280K)->72730K(73280K) NonClass: 57717K(57920K)->57717K(57920K) Class: 15012K(15360K)->15012K(15360K)
[40.960s][info][gc             ] GC(165) Pause Young (Allocation Failure) 590M->44M(1980M) 7.723ms
[40.960s][info][gc,cpu         ] GC(165) User=0.00s Sys=0.00s Real=0.00s
[41.161s][info][gc,start       ] GC(166) Pause Young (Allocation Failure)
[41.167s][info][gc,heap        ] GC(166) DefNew: 560979K(629440K)->1372K(629440K) Eden: 559552K(559552K)->0K(559552K) From: 1427K(69888K)->1372K(69888K)
[41.167s][info][gc,heap        ] GC(166) Tenured: 44090K(1398144K)->44090K(1398144K)
[41.167s][info][gc,metaspace   ] GC(166) Metaspace: 72730K(73280K)->72730K(73280K) NonClass: 57717K(57920K)->57717K(57920K) Class: 15012K(15360K)->15012K(15360K)
[41.167s][info][gc             ] GC(166) Pause Young (Allocation Failure) 590M->44M(1980M) 6.166ms
[41.167s][info][gc,cpu         ] GC(166) User=0.00s Sys=0.00s Real=0.00s
[41.426s][info][gc,start       ] GC(167) Pause Young (Allocation Failure)
[41.431s][info][gc,heap        ] GC(167) DefNew: 560924K(629440K)->1350K(629440K) Eden: 559552K(559552K)->0K(559552K) From: 1372K(69888K)->1350K(69888K)
[41.431s][info][gc,heap        ] GC(167) Tenured: 44090K(1398144K)->44090K(1398144K)
[41.431s][info][gc,metaspace   ] GC(167) Metaspace: 72730K(73280K)->72730K(73280K) NonClass: 57717K(57920K)->57717K(57920K) Class: 15012K(15360K)->15012K(15360K)
[41.431s][info][gc             ] GC(167) Pause Young (Allocation Failure) 590M->44M(1980M) 5.393ms
[41.431s][info][gc,cpu         ] GC(167) User=0.02s Sys=0.00s Real=0.02s
[41.761s][info][gc,start       ] GC(168) Pause Young (Allocation Failure)
[41.765s][info][gc,heap        ] GC(168) DefNew: 560902K(629440K)->1345K(629440K) Eden: 559552K(559552K)->0K(559552K) From: 1350K(69888K)->1345K(69888K)
[41.765s][info][gc,heap        ] GC(168) Tenured: 44090K(1398144K)->44090K(1398144K)
[41.765s][info][gc,metaspace   ] GC(168) Metaspace: 72730K(73280K)->72730K(73280K) NonClass: 57718K(57920K)->57718K(57920K) Class: 15012K(15360K)->15012K(15360K)
[41.765s][info][gc             ] GC(168) Pause Young (Allocation Failure) 590M->44M(1980M) 4.498ms
[41.766s][info][gc,cpu         ] GC(168) User=0.02s Sys=0.00s Real=0.00s
[42.098s][info][gc,start       ] GC(169) Pause Young (Allocation Failure)
[42.103s][info][gc,heap        ] GC(169) DefNew: 560897K(629440K)->1348K(629440K) Eden: 559552K(559552K)->0K(559552K) From: 1345K(69888K)->1348K(69888K)
[42.103s][info][gc,heap        ] GC(169) Tenured: 44090K(1398144K)->44106K(1398144K)
[42.103s][info][gc,metaspace   ] GC(169) Metaspace: 72730K(73280K)->72730K(73280K) NonClass: 57718K(57920K)->57718K(57920K) Class: 15012K(15360K)->15012K(15360K)
[42.103s][info][gc             ] GC(169) Pause Young (Allocation Failure) 590M->44M(1980M) 4.425ms
[42.103s][info][gc,cpu         ] GC(169) User=0.00s Sys=0.00s Real=0.00s
[42.437s][info][gc,start       ] GC(170) Pause Young (Allocation Failure)
[42.441s][info][gc,heap        ] GC(170) DefNew: 560900K(629440K)->1360K(629440K) Eden: 559552K(559552K)->0K(559552K) From: 1348K(69888K)->1360K(69888K)
[42.441s][info][gc,heap        ] GC(170) Tenured: 44106K(1398144K)->44106K(1398144K)
[42.441s][info][gc,metaspace   ] GC(170) Metaspace: 72730K(73280K)->72730K(73280K) NonClass: 57718K(57920K)->57718K(57920K) Class: 15012K(15360K)->15012K(15360K)
[42.441s][info][gc             ] GC(170) Pause Young (Allocation Failure) 590M->44M(1980M) 4.405ms
[42.441s][info][gc,cpu         ] GC(170) User=0.02s Sys=0.00s Real=0.02s
[42.634s][info][gc,start       ] GC(171) Pause Full (System.gc())
[42.635s][info][gc,phases,start] GC(171) Phase 1: Mark live objects
[42.683s][info][gc,phases      ] GC(171) Phase 1: Mark live objects 48.069ms
[42.683s][info][gc,phases,start] GC(171) Phase 2: Compute new object addresses
[42.783s][info][gc,phases      ] GC(171) Phase 2: Compute new object addresses 99.958ms
[42.783s][info][gc,phases,start] GC(171) Phase 3: Adjust pointers
[42.806s][info][gc,phases      ] GC(171) Phase 3: Adjust pointers 23.615ms
[42.807s][info][gc,phases,start] GC(171) Phase 4: Move objects
[42.808s][info][gc,phases      ] GC(171) Phase 4: Move objects 1.312ms
[42.808s][info][gc,heap        ] GC(171) DefNew: 278020K(629440K)->0K(629440K) Eden: 276660K(559552K)->0K(559552K) From: 1360K(69888K)->0K(69888K)
[42.808s][info][gc,heap        ] GC(171) Tenured: 44106K(1398144K)->45330K(1398144K)
[42.808s][info][gc,metaspace   ] GC(171) Metaspace: 72750K(73344K)->72750K(73344K) NonClass: 57738K(57984K)->57738K(57984K) Class: 15012K(15360K)->15012K(15360K)
[42.808s][info][gc             ] GC(171) Pause Full (System.gc()) 314M->44M(1980M) 173.780ms
[42.808s][info][gc,cpu         ] GC(171) User=0.17s Sys=0.00s Real=0.16s
[42.982s][info][gc,start       ] GC(172) Pause Young (Allocation Failure)
[42.999s][info][gc,heap        ] GC(172) DefNew: 559552K(629440K)->3582K(629440K) Eden: 559552K(559552K)->0K(559552K) From: 0K(69888K)->3582K(69888K)
[42.999s][info][gc,heap        ] GC(172) Tenured: 45330K(1398144K)->45330K(1398144K)
[42.999s][info][gc,metaspace   ] GC(172) Metaspace: 72899K(73472K)->72899K(73472K) NonClass: 57887K(58112K)->57887K(58112K) Class: 15012K(15360K)->15012K(15360K)
[42.999s][info][gc             ] GC(172) Pause Young (Allocation Failure) 590M->47M(1980M) 17.332ms
[42.999s][info][gc,cpu         ] GC(172) User=0.02s Sys=0.00s Real=0.02s
[43.140s][info][gc,start       ] GC(173) Pause Young (Allocation Failure)
[43.153s][info][gc,heap        ] GC(173) DefNew: 563134K(629440K)->3604K(629440K) Eden: 559552K(559552K)->0K(559552K) From: 3582K(69888K)->3604K(69888K)
[43.153s][info][gc,heap        ] GC(173) Tenured: 45330K(1398144K)->45330K(1398144K)
[43.153s][info][gc,metaspace   ] GC(173) Metaspace: 72899K(73472K)->72899K(73472K) NonClass: 57887K(58112K)->57887K(58112K) Class: 15012K(15360K)->15012K(15360K)
[43.153s][info][gc             ] GC(173) Pause Young (Allocation Failure) 594M->47M(1980M) 13.306ms
[43.153s][info][gc,cpu         ] GC(173) User=0.00s Sys=0.00s Real=0.00s
[43.293s][info][gc,start       ] GC(174) Pause Young (Allocation Failure)
[43.306s][info][gc,heap        ] GC(174) DefNew: 563156K(629440K)->3623K(629440K) Eden: 559552K(559552K)->0K(559552K) From: 3604K(69888K)->3623K(69888K)
[43.306s][info][gc,heap        ] GC(174) Tenured: 45330K(1398144K)->45330K(1398144K)
[43.306s][info][gc,metaspace   ] GC(174) Metaspace: 72899K(73472K)->72899K(73472K) NonClass: 57887K(58112K)->57887K(58112K) Class: 15012K(15360K)->15012K(15360K)
[43.306s][info][gc             ] GC(174) Pause Young (Allocation Failure) 594M->47M(1980M) 12.674ms
[43.306s][info][gc,cpu         ] GC(174) User=0.00s Sys=0.00s Real=0.00s
[43.448s][info][gc,start       ] GC(175) Pause Young (Allocation Failure)
[43.460s][info][gc,heap        ] GC(175) DefNew: 563175K(629440K)->3568K(629440K) Eden: 559551K(559552K)->0K(559552K) From: 3623K(69888K)->3568K(69888K)
[43.460s][info][gc,heap        ] GC(175) Tenured: 45330K(1398144K)->45330K(1398144K)
[43.460s][info][gc,metaspace   ] GC(175) Metaspace: 72899K(73472K)->72899K(73472K) NonClass: 57887K(58112K)->57887K(58112K) Class: 15012K(15360K)->15012K(15360K)
[43.460s][info][gc             ] GC(175) Pause Young (Allocation Failure) 594M->47M(1980M) 12.520ms
[43.460s][info][gc,cpu         ] GC(175) User=0.00s Sys=0.00s Real=0.00s
[43.599s][info][gc,start       ] GC(176) Pause Young (Allocation Failure)
[43.612s][info][gc,heap        ] GC(176) DefNew: 563120K(629440K)->3586K(629440K) Eden: 559552K(559552K)->0K(559552K) From: 3568K(69888K)->3586K(69888K)
[43.612s][info][gc,heap        ] GC(176) Tenured: 45330K(1398144K)->45330K(1398144K)
[43.612s][info][gc,metaspace   ] GC(176) Metaspace: 72899K(73472K)->72899K(73472K) NonClass: 57887K(58112K)->57887K(58112K) Class: 15012K(15360K)->15012K(15360K)
[43.612s][info][gc             ] GC(176) Pause Young (Allocation Failure) 594M->47M(1980M) 12.416ms
[43.612s][info][gc,cpu         ] GC(176) User=0.00s Sys=0.00s Real=0.00s
[43.751s][info][gc,start       ] GC(177) Pause Young (Allocation Failure)
[43.764s][info][gc,heap        ] GC(177) DefNew: 563138K(629440K)->3525K(629440K) Eden: 559552K(559552K)->0K(559552K) From: 3586K(69888K)->3525K(69888K)
[43.764s][info][gc,heap        ] GC(177) Tenured: 45330K(1398144K)->45330K(1398144K)
[43.764s][info][gc,metaspace   ] GC(177) Metaspace: 72899K(73472K)->72899K(73472K) NonClass: 57887K(58112K)->57887K(58112K) Class: 15012K(15360K)->15012K(15360K)
[43.764s][info][gc             ] GC(177) Pause Young (Allocation Failure) 594M->47M(1980M) 12.454ms
[43.764s][info][gc,cpu         ] GC(177) User=0.00s Sys=0.00s Real=0.00s
[43.904s][info][gc,start       ] GC(178) Pause Young (Allocation Failure)
[43.916s][info][gc,heap        ] GC(178) DefNew: 563077K(629440K)->3510K(629440K) Eden: 559552K(559552K)->0K(559552K) From: 3525K(69888K)->3510K(69888K)
[43.916s][info][gc,heap        ] GC(178) Tenured: 45330K(1398144K)->45330K(1398144K)
[43.916s][info][gc,metaspace   ] GC(178) Metaspace: 72899K(73472K)->72899K(73472K) NonClass: 57887K(58112K)->57887K(58112K) Class: 15012K(15360K)->15012K(15360K)
[43.916s][info][gc             ] GC(178) Pause Young (Allocation Failure) 594M->47M(1980M) 12.458ms
[43.916s][info][gc,cpu         ] GC(178) User=0.00s Sys=0.00s Real=0.01s
[44.057s][info][gc,start       ] GC(179) Pause Young (Allocation Failure)
[44.069s][info][gc,heap        ] GC(179) DefNew: 563062K(629440K)->3539K(629440K) Eden: 559552K(559552K)->0K(559552K) From: 3510K(69888K)->3539K(69888K)
[44.069s][info][gc,heap        ] GC(179) Tenured: 45330K(1398144K)->45330K(1398144K)
[44.069s][info][gc,metaspace   ] GC(179) Metaspace: 72899K(73472K)->72899K(73472K) NonClass: 57887K(58112K)->57887K(58112K) Class: 15012K(15360K)->15012K(15360K)
[44.069s][info][gc             ] GC(179) Pause Young (Allocation Failure) 594M->47M(1980M) 12.206ms
[44.069s][info][gc,cpu         ] GC(179) User=0.00s Sys=0.00s Real=0.00s
[44.210s][info][gc,start       ] GC(180) Pause Young (Allocation Failure)
[44.222s][info][gc,heap        ] GC(180) DefNew: 563091K(629440K)->3537K(629440K) Eden: 559552K(559552K)->0K(559552K) From: 3539K(69888K)->3537K(69888K)
[44.222s][info][gc,heap        ] GC(180) Tenured: 45330K(1398144K)->45330K(1398144K)
[44.222s][info][gc,metaspace   ] GC(180) Metaspace: 72899K(73472K)->72899K(73472K) NonClass: 57887K(58112K)->57887K(58112K) Class: 15012K(15360K)->15012K(15360K)
[44.222s][info][gc             ] GC(180) Pause Young (Allocation Failure) 594M->47M(1980M) 12.129ms
[44.222s][info][gc,cpu         ] GC(180) User=0.00s Sys=0.00s Real=0.00s
[44.364s][info][gc,start       ] GC(181) Pause Young (Allocation Failure)
[44.376s][info][gc,heap        ] GC(181) DefNew: 563089K(629440K)->3574K(629440K) Eden: 559552K(559552K)->0K(559552K) From: 3537K(69888K)->3574K(69888K)
[44.376s][info][gc,heap        ] GC(181) Tenured: 45330K(1398144K)->45330K(1398144K)
[44.376s][info][gc,metaspace   ] GC(181) Metaspace: 72899K(73472K)->72899K(73472K) NonClass: 57887K(58112K)->57887K(58112K) Class: 15012K(15360K)->15012K(15360K)
[44.376s][info][gc             ] GC(181) Pause Young (Allocation Failure) 594M->47M(1980M) 12.494ms
[44.376s][info][gc,cpu         ] GC(181) User=0.00s Sys=0.00s Real=0.00s
[44.516s][info][gc,start       ] GC(182) Pause Young (Allocation Failure)
[44.530s][info][gc,heap        ] GC(182) DefNew: 563126K(629440K)->3534K(629440K) Eden: 559552K(559552K)->0K(559552K) From: 3574K(69888K)->3534K(69888K)
[44.530s][info][gc,heap        ] GC(182) Tenured: 45330K(1398144K)->45330K(1398144K)
[44.530s][info][gc,metaspace   ] GC(182) Metaspace: 72899K(73472K)->72899K(73472K) NonClass: 57887K(58112K)->57887K(58112K) Class: 15012K(15360K)->15012K(15360K)
[44.530s][info][gc             ] GC(182) Pause Young (Allocation Failure) 594M->47M(1980M) 13.712ms
[44.530s][info][gc,cpu         ] GC(182) User=0.00s Sys=0.00s Real=0.00s
[44.672s][info][gc,start       ] GC(183) Pause Young (Allocation Failure)
[44.686s][info][gc,heap        ] GC(183) DefNew: 563086K(629440K)->3567K(629440K) Eden: 559552K(559552K)->0K(559552K) From: 3534K(69888K)->3567K(69888K)
[44.686s][info][gc,heap        ] GC(183) Tenured: 45330K(1398144K)->45330K(1398144K)
[44.686s][info][gc,metaspace   ] GC(183) Metaspace: 72899K(73472K)->72899K(73472K) NonClass: 57887K(58112K)->57887K(58112K) Class: 15012K(15360K)->15012K(15360K)
[44.686s][info][gc             ] GC(183) Pause Young (Allocation Failure) 594M->47M(1980M) 14.056ms
[44.686s][info][gc,cpu         ] GC(183) User=0.00s Sys=0.00s Real=0.00s
[44.833s][info][gc,start       ] GC(184) Pause Young (Allocation Failure)
[44.847s][info][gc,heap        ] GC(184) DefNew: 563119K(629440K)->3520K(629440K) Eden: 559552K(559552K)->0K(559552K) From: 3567K(69888K)->3520K(69888K)
[44.847s][info][gc,heap        ] GC(184) Tenured: 45330K(1398144K)->45330K(1398144K)
[44.847s][info][gc,metaspace   ] GC(184) Metaspace: 72899K(73472K)->72899K(73472K) NonClass: 57887K(58112K)->57887K(58112K) Class: 15012K(15360K)->15012K(15360K)
[44.847s][info][gc             ] GC(184) Pause Young (Allocation Failure) 594M->47M(1980M) 13.755ms
[44.847s][info][gc,cpu         ] GC(184) User=0.00s Sys=0.00s Real=0.00s
[44.988s][info][gc,start       ] GC(185) Pause Young (Allocation Failure)
[45.002s][info][gc,heap        ] GC(185) DefNew: 563072K(629440K)->3542K(629440K) Eden: 559552K(559552K)->0K(559552K) From: 3520K(69888K)->3542K(69888K)
[45.002s][info][gc,heap        ] GC(185) Tenured: 45330K(1398144K)->45330K(1398144K)
[45.002s][info][gc,metaspace   ] GC(185) Metaspace: 72899K(73472K)->72899K(73472K) NonClass: 57887K(58112K)->57887K(58112K) Class: 15012K(15360K)->15012K(15360K)
[45.002s][info][gc             ] GC(185) Pause Young (Allocation Failure) 594M->47M(1980M) 13.861ms
[45.002s][info][gc,cpu         ] GC(185) User=0.00s Sys=0.00s Real=0.00s
[45.144s][info][gc,start       ] GC(186) Pause Young (Allocation Failure)
[45.156s][info][gc,heap        ] GC(186) DefNew: 563094K(629440K)->3512K(629440K) Eden: 559552K(559552K)->0K(559552K) From: 3542K(69888K)->3512K(69888K)
[45.156s][info][gc,heap        ] GC(186) Tenured: 45330K(1398144K)->45330K(1398144K)
[45.156s][info][gc,metaspace   ] GC(186) Metaspace: 72899K(73472K)->72899K(73472K) NonClass: 57887K(58112K)->57887K(58112K) Class: 15012K(15360K)->15012K(15360K)
[45.156s][info][gc             ] GC(186) Pause Young (Allocation Failure) 594M->47M(1980M) 12.467ms
[45.156s][info][gc,cpu         ] GC(186) User=0.00s Sys=0.00s Real=0.00s
[45.298s][info][gc,start       ] GC(187) Pause Young (Allocation Failure)
[45.311s][info][gc,heap        ] GC(187) DefNew: 563064K(629440K)->1474K(629440K) Eden: 559552K(559552K)->0K(559552K) From: 3512K(69888K)->1474K(69888K)
[45.312s][info][gc,heap        ] GC(187) Tenured: 45330K(1398144K)->47442K(1398144K)
[45.312s][info][gc,metaspace   ] GC(187) Metaspace: 72899K(73472K)->72899K(73472K) NonClass: 57887K(58112K)->57887K(58112K) Class: 15012K(15360K)->15012K(15360K)
[45.312s][info][gc             ] GC(187) Pause Young (Allocation Failure) 594M->47M(1980M) 13.619ms
[45.312s][info][gc,cpu         ] GC(187) User=0.00s Sys=0.00s Real=0.00s
[45.452s][info][gc,start       ] GC(188) Pause Young (Allocation Failure)
[45.461s][info][gc,heap        ] GC(188) DefNew: 561026K(629440K)->1503K(629440K) Eden: 559552K(559552K)->0K(559552K) From: 1474K(69888K)->1503K(69888K)
[45.461s][info][gc,heap        ] GC(188) Tenured: 47442K(1398144K)->47442K(1398144K)
[45.461s][info][gc,metaspace   ] GC(188) Metaspace: 72899K(73472K)->72899K(73472K) NonClass: 57887K(58112K)->57887K(58112K) Class: 15012K(15360K)->15012K(15360K)
[45.461s][info][gc             ] GC(188) Pause Young (Allocation Failure) 594M->47M(1980M) 8.644ms
[45.461s][info][gc,cpu         ] GC(188) User=0.00s Sys=0.00s Real=0.00s
[45.602s][info][gc,start       ] GC(189) Pause Young (Allocation Failure)
[45.610s][info][gc,heap        ] GC(189) DefNew: 561055K(629440K)->1473K(629440K) Eden: 559552K(559552K)->0K(559552K) From: 1503K(69888K)->1473K(69888K)
[45.610s][info][gc,heap        ] GC(189) Tenured: 47442K(1398144K)->47458K(1398144K)
[45.610s][info][gc,metaspace   ] GC(189) Metaspace: 72899K(73472K)->72899K(73472K) NonClass: 57887K(58112K)->57887K(58112K) Class: 15012K(15360K)->15012K(15360K)
[45.610s][info][gc             ] GC(189) Pause Young (Allocation Failure) 594M->47M(1980M) 8.813ms
[45.610s][info][gc,cpu         ] GC(189) User=0.00s Sys=0.00s Real=0.00s
[45.751s][info][gc,start       ] GC(190) Pause Young (Allocation Failure)
[45.760s][info][gc,heap        ] GC(190) DefNew: 561025K(629440K)->1490K(629440K) Eden: 559552K(559552K)->0K(559552K) From: 1473K(69888K)->1490K(69888K)
[45.760s][info][gc,heap        ] GC(190) Tenured: 47458K(1398144K)->47458K(1398144K)
[45.760s][info][gc,metaspace   ] GC(190) Metaspace: 72899K(73472K)->72899K(73472K) NonClass: 57887K(58112K)->57887K(58112K) Class: 15012K(15360K)->15012K(15360K)
[45.760s][info][gc             ] GC(190) Pause Young (Allocation Failure) 594M->47M(1980M) 9.546ms
[45.760s][info][gc,cpu         ] GC(190) User=0.00s Sys=0.00s Real=0.00s
[45.901s][info][gc,start       ] GC(191) Pause Young (Allocation Failure)
[45.911s][info][gc,heap        ] GC(191) DefNew: 561042K(629440K)->1467K(629440K) Eden: 559552K(559552K)->0K(559552K) From: 1490K(69888K)->1467K(69888K)
[45.911s][info][gc,heap        ] GC(191) Tenured: 47458K(1398144K)->47458K(1398144K)
[45.911s][info][gc,metaspace   ] GC(191) Metaspace: 72899K(73472K)->72899K(73472K) NonClass: 57887K(58112K)->57887K(58112K) Class: 15012K(15360K)->15012K(15360K)
[45.911s][info][gc             ] GC(191) Pause Young (Allocation Failure) 594M->47M(1980M) 9.684ms
[45.911s][info][gc,cpu         ] GC(191) User=0.00s Sys=0.00s Real=0.00s
[46.053s][info][gc,start       ] GC(192) Pause Young (Allocation Failure)
[46.062s][info][gc,heap        ] GC(192) DefNew: 561019K(629440K)->1483K(629440K) Eden: 559552K(559552K)->0K(559552K) From: 1467K(69888K)->1483K(69888K)
[46.062s][info][gc,heap        ] GC(192) Tenured: 47458K(1398144K)->47458K(1398144K)
[46.062s][info][gc,metaspace   ] GC(192) Metaspace: 72900K(73472K)->72900K(73472K) NonClass: 57887K(58112K)->57887K(58112K) Class: 15012K(15360K)->15012K(15360K)
[46.062s][info][gc             ] GC(192) Pause Young (Allocation Failure) 594M->47M(1980M) 9.461ms
[46.062s][info][gc,cpu         ] GC(192) User=0.00s Sys=0.00s Real=0.00s
[46.205s][info][gc,start       ] GC(193) Pause Young (Allocation Failure)
[46.214s][info][gc,heap        ] GC(193) DefNew: 561035K(629440K)->1522K(629440K) Eden: 559552K(559552K)->0K(559552K) From: 1483K(69888K)->1522K(69888K)
[46.214s][info][gc,heap        ] GC(193) Tenured: 47458K(1398144K)->47459K(1398144K)
[46.214s][info][gc,metaspace   ] GC(193) Metaspace: 72900K(73472K)->72900K(73472K) NonClass: 57887K(58112K)->57887K(58112K) Class: 15012K(15360K)->15012K(15360K)
[46.214s][info][gc             ] GC(193) Pause Young (Allocation Failure) 594M->47M(1980M) 9.072ms
[46.214s][info][gc,cpu         ] GC(193) User=0.00s Sys=0.00s Real=0.00s
[46.354s][info][gc,start       ] GC(194) Pause Young (Allocation Failure)
[46.362s][info][gc,heap        ] GC(194) DefNew: 561074K(629440K)->1475K(629440K) Eden: 559552K(559552K)->0K(559552K) From: 1522K(69888K)->1475K(69888K)
[46.362s][info][gc,heap        ] GC(194) Tenured: 47459K(1398144K)->47459K(1398144K)
[46.362s][info][gc,metaspace   ] GC(194) Metaspace: 72900K(73472K)->72900K(73472K) NonClass: 57887K(58112K)->57887K(58112K) Class: 15012K(15360K)->15012K(15360K)
[46.363s][info][gc             ] GC(194) Pause Young (Allocation Failure) 594M->47M(1980M) 8.683ms
[46.363s][info][gc,cpu         ] GC(194) User=0.00s Sys=0.00s Real=0.00s
[46.503s][info][gc,start       ] GC(195) Pause Young (Allocation Failure)
[46.512s][info][gc,heap        ] GC(195) DefNew: 561027K(629440K)->1427K(629440K) Eden: 559552K(559552K)->0K(559552K) From: 1475K(69888K)->1427K(69888K)
[46.512s][info][gc,heap        ] GC(195) Tenured: 47459K(1398144K)->47475K(1398144K)
[46.512s][info][gc,metaspace   ] GC(195) Metaspace: 72900K(73472K)->72900K(73472K) NonClass: 57887K(58112K)->57887K(58112K) Class: 15012K(15360K)->15012K(15360K)
[46.512s][info][gc             ] GC(195) Pause Young (Allocation Failure) 594M->47M(1980M) 9.459ms
[46.512s][info][gc,cpu         ] GC(195) User=0.02s Sys=0.00s Real=0.01s
[46.652s][info][gc,start       ] GC(196) Pause Young (Allocation Failure)
[46.661s][info][gc,heap        ] GC(196) DefNew: 560979K(629440K)->1479K(629440K) Eden: 559552K(559552K)->0K(559552K) From: 1427K(69888K)->1479K(69888K)
[46.661s][info][gc,heap        ] GC(196) Tenured: 47475K(1398144K)->47475K(1398144K)
[46.661s][info][gc,metaspace   ] GC(196) Metaspace: 72900K(73472K)->72900K(73472K) NonClass: 57887K(58112K)->57887K(58112K) Class: 15012K(15360K)->15012K(15360K)
[46.661s][info][gc             ] GC(196) Pause Young (Allocation Failure) 594M->47M(1980M) 9.363ms
[46.661s][info][gc,cpu         ] GC(196) User=0.02s Sys=0.00s Real=0.01s
[46.802s][info][gc,start       ] GC(197) Pause Young (Allocation Failure)
[46.811s][info][gc,heap        ] GC(197) DefNew: 561031K(629440K)->1459K(629440K) Eden: 559552K(559552K)->0K(559552K) From: 1479K(69888K)->1459K(69888K)
[46.811s][info][gc,heap        ] GC(197) Tenured: 47475K(1398144K)->47475K(1398144K)
[46.811s][info][gc,metaspace   ] GC(197) Metaspace: 72900K(73472K)->72900K(73472K) NonClass: 57887K(58112K)->57887K(58112K) Class: 15012K(15360K)->15012K(15360K)
[46.811s][info][gc             ] GC(197) Pause Young (Allocation Failure) 594M->47M(1980M) 9.496ms
[46.811s][info][gc,cpu         ] GC(197) User=0.00s Sys=0.00s Real=0.00s
[46.952s][info][gc,start       ] GC(198) Pause Young (Allocation Failure)
[46.971s][info][gc,heap        ] GC(198) DefNew: 561011K(629440K)->1429K(629440K) Eden: 559552K(559552K)->0K(559552K) From: 1459K(69888K)->1429K(69888K)
[46.971s][info][gc,heap        ] GC(198) Tenured: 47475K(1398144K)->47475K(1398144K)
[46.971s][info][gc,metaspace   ] GC(198) Metaspace: 72900K(73472K)->72900K(73472K) NonClass: 57887K(58112K)->57887K(58112K) Class: 15012K(15360K)->15012K(15360K)
[46.971s][info][gc             ] GC(198) Pause Young (Allocation Failure) 594M->47M(1980M) 19.209ms
[46.971s][info][gc,cpu         ] GC(198) User=0.02s Sys=0.00s Real=0.02s
[47.114s][info][gc,start       ] GC(199) Pause Young (Allocation Failure)
[47.123s][info][gc,heap        ] GC(199) DefNew: 560981K(629440K)->1446K(629440K) Eden: 559552K(559552K)->0K(559552K) From: 1429K(69888K)->1446K(69888K)
[47.123s][info][gc,heap        ] GC(199) Tenured: 47475K(1398144K)->47475K(1398144K)
[47.123s][info][gc,metaspace   ] GC(199) Metaspace: 72900K(73472K)->72900K(73472K) NonClass: 57887K(58112K)->57887K(58112K) Class: 15012K(15360K)->15012K(15360K)
[47.123s][info][gc             ] GC(199) Pause Young (Allocation Failure) 594M->47M(1980M) 8.771ms
[47.123s][info][gc,cpu         ] GC(199) User=0.00s Sys=0.00s Real=0.00s
[47.263s][info][gc,start       ] GC(200) Pause Young (Allocation Failure)
[47.272s][info][gc,heap        ] GC(200) DefNew: 560998K(629440K)->1483K(629440K) Eden: 559552K(559552K)->0K(559552K) From: 1446K(69888K)->1483K(69888K)
[47.272s][info][gc,heap        ] GC(200) Tenured: 47475K(1398144K)->47475K(1398144K)
[47.272s][info][gc,metaspace   ] GC(200) Metaspace: 72900K(73472K)->72900K(73472K) NonClass: 57887K(58112K)->57887K(58112K) Class: 15012K(15360K)->15012K(15360K)
[47.272s][info][gc             ] GC(200) Pause Young (Allocation Failure) 594M->47M(1980M) 8.900ms
[47.272s][info][gc,cpu         ] GC(200) User=0.00s Sys=0.00s Real=0.01s
[47.412s][info][gc,start       ] GC(201) Pause Young (Allocation Failure)
[47.421s][info][gc,heap        ] GC(201) DefNew: 561035K(629440K)->1486K(629440K) Eden: 559552K(559552K)->0K(559552K) From: 1483K(69888K)->1486K(69888K)
[47.421s][info][gc,heap        ] GC(201) Tenured: 47475K(1398144K)->47475K(1398144K)
[47.421s][info][gc,metaspace   ] GC(201) Metaspace: 72900K(73472K)->72900K(73472K) NonClass: 57887K(58112K)->57887K(58112K) Class: 15012K(15360K)->15012K(15360K)
[47.422s][info][gc             ] GC(201) Pause Young (Allocation Failure) 594M->47M(1980M) 9.526ms
[47.422s][info][gc,cpu         ] GC(201) User=0.00s Sys=0.00s Real=0.00s
[47.562s][info][gc,start       ] GC(202) Pause Young (Allocation Failure)
[47.572s][info][gc,heap        ] GC(202) DefNew: 561038K(629440K)->1477K(629440K) Eden: 559552K(559552K)->0K(559552K) From: 1486K(69888K)->1477K(69888K)
[47.572s][info][gc,heap        ] GC(202) Tenured: 47475K(1398144K)->47491K(1398144K)
[47.572s][info][gc,metaspace   ] GC(202) Metaspace: 72910K(73472K)->72910K(73472K) NonClass: 57897K(58112K)->57897K(58112K) Class: 15012K(15360K)->15012K(15360K)
[47.572s][info][gc             ] GC(202) Pause Young (Allocation Failure) 594M->47M(1980M) 9.595ms
[47.572s][info][gc,cpu         ] GC(202) User=0.00s Sys=0.00s Real=0.01s
[47.714s][info][gc,start       ] GC(203) Pause Young (Allocation Failure)
[47.723s][info][gc,heap        ] GC(203) DefNew: 561029K(629440K)->1485K(629440K) Eden: 559552K(559552K)->0K(559552K) From: 1477K(69888K)->1485K(69888K)
[47.723s][info][gc,heap        ] GC(203) Tenured: 47491K(1398144K)->47491K(1398144K)
[47.723s][info][gc,metaspace   ] GC(203) Metaspace: 72922K(73472K)->72922K(73472K) NonClass: 57909K(58112K)->57909K(58112K) Class: 15012K(15360K)->15012K(15360K)
[47.723s][info][gc             ] GC(203) Pause Young (Allocation Failure) 594M->47M(1980M) 9.088ms
[47.723s][info][gc,cpu         ] GC(203) User=0.00s Sys=0.00s Real=0.00s
[47.865s][info][gc,start       ] GC(204) Pause Young (Allocation Failure)
[47.874s][info][gc,heap        ] GC(204) DefNew: 561037K(629440K)->1506K(629440K) Eden: 559552K(559552K)->0K(559552K) From: 1485K(69888K)->1506K(69888K)
[47.874s][info][gc,heap        ] GC(204) Tenured: 47491K(1398144K)->47528K(1398144K)
[47.874s][info][gc,metaspace   ] GC(204) Metaspace: 72928K(73472K)->72928K(73472K) NonClass: 57915K(58112K)->57915K(58112K) Class: 15012K(15360K)->15012K(15360K)
[47.874s][info][gc             ] GC(204) Pause Young (Allocation Failure) 594M->47M(1980M) 9.085ms
[47.874s][info][gc,cpu         ] GC(204) User=0.00s Sys=0.00s Real=0.00s
[48.020s][info][gc,start       ] GC(205) Pause Young (Allocation Failure)
[48.028s][info][gc,heap        ] GC(205) DefNew: 561058K(629440K)->1497K(629440K) Eden: 559552K(559552K)->0K(559552K) From: 1506K(69888K)->1497K(69888K)
[48.028s][info][gc,heap        ] GC(205) Tenured: 47528K(1398144K)->47528K(1398144K)
[48.028s][info][gc,metaspace   ] GC(205) Metaspace: 72928K(73472K)->72928K(73472K) NonClass: 57915K(58112K)->57915K(58112K) Class: 15012K(15360K)->15012K(15360K)
[48.028s][info][gc             ] GC(205) Pause Young (Allocation Failure) 594M->47M(1980M) 8.634ms
[48.028s][info][gc,cpu         ] GC(205) User=0.00s Sys=0.00s Real=0.00s
[48.182s][info][gc,start       ] GC(206) Pause Young (Allocation Failure)
[48.190s][info][gc,heap        ] GC(206) DefNew: 561049K(629440K)->1553K(629440K) Eden: 559552K(559552K)->0K(559552K) From: 1497K(69888K)->1553K(69888K)
[48.190s][info][gc,heap        ] GC(206) Tenured: 47528K(1398144K)->47528K(1398144K)
[48.190s][info][gc,metaspace   ] GC(206) Metaspace: 72928K(73472K)->72928K(73472K) NonClass: 57915K(58112K)->57915K(58112K) Class: 15012K(15360K)->15012K(15360K)
[48.190s][info][gc             ] GC(206) Pause Young (Allocation Failure) 594M->47M(1980M) 8.176ms
[48.190s][info][gc,cpu         ] GC(206) User=0.02s Sys=0.00s Real=0.01s
[48.360s][info][gc,start       ] GC(207) Pause Young (Allocation Failure)
[48.368s][info][gc,heap        ] GC(207) DefNew: 561105K(629440K)->1440K(629440K) Eden: 559552K(559552K)->0K(559552K) From: 1553K(69888K)->1440K(69888K)
[48.368s][info][gc,heap        ] GC(207) Tenured: 47528K(1398144K)->47528K(1398144K)
[48.368s][info][gc,metaspace   ] GC(207) Metaspace: 72928K(73472K)->72928K(73472K) NonClass: 57915K(58112K)->57915K(58112K) Class: 15012K(15360K)->15012K(15360K)
[48.368s][info][gc             ] GC(207) Pause Young (Allocation Failure) 594M->47M(1980M) 7.510ms
[48.368s][info][gc,cpu         ] GC(207) User=0.00s Sys=0.00s Real=0.00s
[48.579s][info][gc,start       ] GC(208) Pause Young (Allocation Failure)
[48.585s][info][gc,heap        ] GC(208) DefNew: 560992K(629440K)->1406K(629440K) Eden: 559552K(559552K)->0K(559552K) From: 1440K(69888K)->1406K(69888K)
[48.585s][info][gc,heap        ] GC(208) Tenured: 47528K(1398144K)->47544K(1398144K)
[48.585s][info][gc,metaspace   ] GC(208) Metaspace: 72928K(73472K)->72928K(73472K) NonClass: 57915K(58112K)->57915K(58112K) Class: 15012K(15360K)->15012K(15360K)
[48.585s][info][gc             ] GC(208) Pause Young (Allocation Failure) 594M->47M(1980M) 6.332ms
[48.585s][info][gc,cpu         ] GC(208) User=0.00s Sys=0.00s Real=0.00s
[48.827s][info][gc,start       ] GC(209) Pause Young (Allocation Failure)
[48.833s][info][gc,heap        ] GC(209) DefNew: 560958K(629440K)->1417K(629440K) Eden: 559552K(559552K)->0K(559552K) From: 1406K(69888K)->1417K(69888K)
[48.833s][info][gc,heap        ] GC(209) Tenured: 47544K(1398144K)->47544K(1398144K)
[48.833s][info][gc,metaspace   ] GC(209) Metaspace: 72928K(73472K)->72928K(73472K) NonClass: 57915K(58112K)->57915K(58112K) Class: 15012K(15360K)->15012K(15360K)
[48.833s][info][gc             ] GC(209) Pause Young (Allocation Failure) 594M->47M(1980M) 5.444ms
[48.833s][info][gc,cpu         ] GC(209) User=0.02s Sys=0.00s Real=0.02s
[49.134s][info][gc,start       ] GC(210) Pause Young (Allocation Failure)
[49.139s][info][gc,heap        ] GC(210) DefNew: 560969K(629440K)->1392K(629440K) Eden: 559552K(559552K)->0K(559552K) From: 1417K(69888K)->1392K(69888K)
[49.139s][info][gc,heap        ] GC(210) Tenured: 47544K(1398144K)->47544K(1398144K)
[49.139s][info][gc,metaspace   ] GC(210) Metaspace: 72928K(73472K)->72928K(73472K) NonClass: 57915K(58112K)->57915K(58112K) Class: 15012K(15360K)->15012K(15360K)
[49.139s][info][gc             ] GC(210) Pause Young (Allocation Failure) 594M->47M(1980M) 4.868ms
[49.139s][info][gc,cpu         ] GC(210) User=0.00s Sys=0.00s Real=0.00s
[49.447s][info][gc,start       ] GC(211) Pause Young (Allocation Failure)
[49.452s][info][gc,heap        ] GC(211) DefNew: 560944K(629440K)->1360K(629440K) Eden: 559552K(559552K)->0K(559552K) From: 1392K(69888K)->1360K(69888K)
[49.452s][info][gc,heap        ] GC(211) Tenured: 47544K(1398144K)->47544K(1398144K)
[49.452s][info][gc,metaspace   ] GC(211) Metaspace: 72928K(73472K)->72928K(73472K) NonClass: 57915K(58112K)->57915K(58112K) Class: 15012K(15360K)->15012K(15360K)
[49.452s][info][gc             ] GC(211) Pause Young (Allocation Failure) 594M->47M(1980M) 4.428ms
[49.452s][info][gc,cpu         ] GC(211) User=0.02s Sys=0.00s Real=0.00s
[49.761s][info][gc,start       ] GC(212) Pause Young (Allocation Failure)
[49.765s][info][gc,heap        ] GC(212) DefNew: 560912K(629440K)->1383K(629440K) Eden: 559552K(559552K)->0K(559552K) From: 1360K(69888K)->1383K(69888K)
[49.765s][info][gc,heap        ] GC(212) Tenured: 47544K(1398144K)->47544K(1398144K)
[49.765s][info][gc,metaspace   ] GC(212) Metaspace: 72928K(73472K)->72928K(73472K) NonClass: 57915K(58112K)->57915K(58112K) Class: 15012K(15360K)->15012K(15360K)
[49.765s][info][gc             ] GC(212) Pause Young (Allocation Failure) 594M->47M(1980M) 4.591ms
[49.765s][info][gc,cpu         ] GC(212) User=0.02s Sys=0.00s Real=0.00s
[49.944s][info][gc,start       ] GC(213) Pause Full (System.gc())
[49.944s][info][gc,phases,start] GC(213) Phase 1: Mark live objects
[49.993s][info][gc,phases      ] GC(213) Phase 1: Mark live objects 49.297ms
[49.993s][info][gc,phases,start] GC(213) Phase 2: Compute new object addresses
[50.092s][info][gc,phases      ] GC(213) Phase 2: Compute new object addresses 98.662ms
[50.092s][info][gc,phases,start] GC(213) Phase 3: Adjust pointers
[50.117s][info][gc,phases      ] GC(213) Phase 3: Adjust pointers 25.422ms
[50.117s][info][gc,phases,start] GC(213) Phase 4: Move objects
[50.122s][info][gc,phases      ] GC(213) Phase 4: Move objects 5.167ms
[50.123s][info][gc,heap        ] GC(213) DefNew: 275198K(629440K)->0K(629440K) Eden: 273814K(559552K)->0K(559552K) From: 1383K(69888K)->0K(69888K)
[50.123s][info][gc,heap        ] GC(213) Tenured: 47544K(1398144K)->35917K(1398144K)
[50.123s][info][gc,metaspace   ] GC(213) Metaspace: 72942K(73472K)->72942K(73472K) NonClass: 57929K(58112K)->57929K(58112K) Class: 15012K(15360K)->15012K(15360K)
[50.123s][info][gc             ] GC(213) Pause Full (System.gc()) 315M->35M(1980M) 179.358ms
[50.123s][info][gc,cpu         ] GC(213) User=0.17s Sys=0.00s Real=0.18s
[50.289s][info][gc,start       ] GC(214) Pause Young (Allocation Failure)
[50.304s][info][gc,heap        ] GC(214) DefNew: 559552K(629440K)->3474K(629440K) Eden: 559552K(559552K)->0K(559552K) From: 0K(69888K)->3474K(69888K)
[50.304s][info][gc,heap        ] GC(214) Tenured: 35917K(1398144K)->35917K(1398144K)
[50.304s][info][gc,metaspace   ] GC(214) Metaspace: 73115K(73664K)->73115K(73664K) NonClass: 58102K(58304K)->58102K(58304K) Class: 15012K(15360K)->15012K(15360K)
[50.304s][info][gc             ] GC(214) Pause Young (Allocation Failure) 581M->38M(1980M) 15.199ms
[50.305s][info][gc,cpu         ] GC(214) User=0.02s Sys=0.00s Real=0.02s
[50.446s][info][gc,start       ] GC(215) Pause Young (Allocation Failure)
[50.458s][info][gc,heap        ] GC(215) DefNew: 563026K(629440K)->3408K(629440K) Eden: 559552K(559552K)->0K(559552K) From: 3474K(69888K)->3408K(69888K)
[50.458s][info][gc,heap        ] GC(215) Tenured: 35917K(1398144K)->35917K(1398144K)
[50.458s][info][gc,metaspace   ] GC(215) Metaspace: 73115K(73664K)->73115K(73664K) NonClass: 58102K(58304K)->58102K(58304K) Class: 15012K(15360K)->15012K(15360K)
[50.458s][info][gc             ] GC(215) Pause Young (Allocation Failure) 584M->38M(1980M) 12.243ms
[50.458s][info][gc,cpu         ] GC(215) User=0.02s Sys=0.00s Real=0.01s
[50.598s][info][gc,start       ] GC(216) Pause Young (Allocation Failure)
[50.610s][info][gc,heap        ] GC(216) DefNew: 562960K(629440K)->3476K(629440K) Eden: 559552K(559552K)->0K(559552K) From: 3408K(69888K)->3476K(69888K)
[50.610s][info][gc,heap        ] GC(216) Tenured: 35917K(1398144K)->35917K(1398144K)
[50.610s][info][gc,metaspace   ] GC(216) Metaspace: 73115K(73664K)->73115K(73664K) NonClass: 58102K(58304K)->58102K(58304K) Class: 15012K(15360K)->15012K(15360K)
[50.610s][info][gc             ] GC(216) Pause Young (Allocation Failure) 584M->38M(1980M) 12.522ms
[50.610s][info][gc,cpu         ] GC(216) User=0.02s Sys=0.00s Real=0.01s
[50.751s][info][gc,start       ] GC(217) Pause Young (Allocation Failure)
[50.763s][info][gc,heap        ] GC(217) DefNew: 563028K(629440K)->3481K(629440K) Eden: 559552K(559552K)->0K(559552K) From: 3476K(69888K)->3481K(69888K)
[50.763s][info][gc,heap        ] GC(217) Tenured: 35917K(1398144K)->35917K(1398144K)
[50.763s][info][gc,metaspace   ] GC(217) Metaspace: 73115K(73664K)->73115K(73664K) NonClass: 58102K(58304K)->58102K(58304K) Class: 15012K(15360K)->15012K(15360K)
[50.763s][info][gc             ] GC(217) Pause Young (Allocation Failure) 584M->38M(1980M) 12.527ms
[50.763s][info][gc,cpu         ] GC(217) User=0.02s Sys=0.00s Real=0.01s
[50.905s][info][gc,start       ] GC(218) Pause Young (Allocation Failure)
[50.917s][info][gc,heap        ] GC(218) DefNew: 563033K(629440K)->3434K(629440K) Eden: 559552K(559552K)->0K(559552K) From: 3481K(69888K)->3434K(69888K)
[50.917s][info][gc,heap        ] GC(218) Tenured: 35917K(1398144K)->35917K(1398144K)
[50.917s][info][gc,metaspace   ] GC(218) Metaspace: 73115K(73664K)->73115K(73664K) NonClass: 58102K(58304K)->58102K(58304K) Class: 15012K(15360K)->15012K(15360K)
[50.917s][info][gc             ] GC(218) Pause Young (Allocation Failure) 584M->38M(1980M) 12.495ms
[50.917s][info][gc,cpu         ] GC(218) User=0.00s Sys=0.00s Real=0.00s
[51.057s][info][gc,start       ] GC(219) Pause Young (Allocation Failure)
[51.091s][info][gc,heap        ] GC(219) DefNew: 562986K(629440K)->3385K(629440K) Eden: 559552K(559552K)->0K(559552K) From: 3434K(69888K)->3385K(69888K)
[51.091s][info][gc,heap        ] GC(219) Tenured: 35917K(1398144K)->35917K(1398144K)
[51.091s][info][gc,metaspace   ] GC(219) Metaspace: 73115K(73664K)->73115K(73664K) NonClass: 58102K(58304K)->58102K(58304K) Class: 15012K(15360K)->15012K(15360K)
[51.091s][info][gc             ] GC(219) Pause Young (Allocation Failure) 584M->38M(1980M) 33.337ms
[51.091s][info][gc,cpu         ] GC(219) User=0.02s Sys=0.00s Real=0.03s
[51.236s][info][gc,start       ] GC(220) Pause Young (Allocation Failure)
[51.248s][info][gc,heap        ] GC(220) DefNew: 562937K(629440K)->3464K(629440K) Eden: 559552K(559552K)->0K(559552K) From: 3385K(69888K)->3464K(69888K)
[51.248s][info][gc,heap        ] GC(220) Tenured: 35917K(1398144K)->35917K(1398144K)
[51.248s][info][gc,metaspace   ] GC(220) Metaspace: 73115K(73664K)->73115K(73664K) NonClass: 58102K(58304K)->58102K(58304K) Class: 15012K(15360K)->15012K(15360K)
[51.248s][info][gc             ] GC(220) Pause Young (Allocation Failure) 584M->38M(1980M) 12.407ms
[51.248s][info][gc,cpu         ] GC(220) User=0.00s Sys=0.00s Real=0.00s
[51.389s][info][gc,start       ] GC(221) Pause Young (Allocation Failure)
[51.402s][info][gc,heap        ] GC(221) DefNew: 563016K(629440K)->3406K(629440K) Eden: 559552K(559552K)->0K(559552K) From: 3464K(69888K)->3406K(69888K)
[51.402s][info][gc,heap        ] GC(221) Tenured: 35917K(1398144K)->35917K(1398144K)
[51.402s][info][gc,metaspace   ] GC(221) Metaspace: 73115K(73664K)->73115K(73664K) NonClass: 58102K(58304K)->58102K(58304K) Class: 15012K(15360K)->15012K(15360K)
[51.402s][info][gc             ] GC(221) Pause Young (Allocation Failure) 584M->38M(1980M) 13.571ms
[51.402s][info][gc,cpu         ] GC(221) User=0.02s Sys=0.00s Real=0.01s
[51.543s][info][gc,start       ] GC(222) Pause Young (Allocation Failure)
[51.555s][info][gc,heap        ] GC(222) DefNew: 562958K(629440K)->3427K(629440K) Eden: 559552K(559552K)->0K(559552K) From: 3406K(69888K)->3427K(69888K)
[51.555s][info][gc,heap        ] GC(222) Tenured: 35917K(1398144K)->35917K(1398144K)
[51.555s][info][gc,metaspace   ] GC(222) Metaspace: 73115K(73664K)->73115K(73664K) NonClass: 58102K(58304K)->58102K(58304K) Class: 15012K(15360K)->15012K(15360K)
[51.555s][info][gc             ] GC(222) Pause Young (Allocation Failure) 584M->38M(1980M) 12.812ms
[51.555s][info][gc,cpu         ] GC(222) User=0.00s Sys=0.00s Real=0.00s
[51.696s][info][gc,start       ] GC(223) Pause Young (Allocation Failure)
[51.708s][info][gc,heap        ] GC(223) DefNew: 562979K(629440K)->3473K(629440K) Eden: 559552K(559552K)->0K(559552K) From: 3427K(69888K)->3473K(69888K)
[51.708s][info][gc,heap        ] GC(223) Tenured: 35917K(1398144K)->35917K(1398144K)
[51.708s][info][gc,metaspace   ] GC(223) Metaspace: 73115K(73664K)->73115K(73664K) NonClass: 58102K(58304K)->58102K(58304K) Class: 15012K(15360K)->15012K(15360K)
[51.708s][info][gc             ] GC(223) Pause Young (Allocation Failure) 584M->38M(1980M) 12.608ms
[51.708s][info][gc,cpu         ] GC(223) User=0.00s Sys=0.00s Real=0.00s
[51.851s][info][gc,start       ] GC(224) Pause Young (Allocation Failure)
[51.864s][info][gc,heap        ] GC(224) DefNew: 563025K(629440K)->3454K(629440K) Eden: 559551K(559552K)->0K(559552K) From: 3473K(69888K)->3454K(69888K)
[51.864s][info][gc,heap        ] GC(224) Tenured: 35917K(1398144K)->35917K(1398144K)
[51.864s][info][gc,metaspace   ] GC(224) Metaspace: 73115K(73664K)->73115K(73664K) NonClass: 58102K(58304K)->58102K(58304K) Class: 15012K(15360K)->15012K(15360K)
[51.864s][info][gc             ] GC(224) Pause Young (Allocation Failure) 584M->38M(1980M) 13.697ms
[51.864s][info][gc,cpu         ] GC(224) User=0.00s Sys=0.00s Real=0.00s
[52.004s][info][gc,start       ] GC(225) Pause Young (Allocation Failure)
[52.018s][info][gc,heap        ] GC(225) DefNew: 563006K(629440K)->3404K(629440K) Eden: 559552K(559552K)->0K(559552K) From: 3454K(69888K)->3404K(69888K)
[52.018s][info][gc,heap        ] GC(225) Tenured: 35917K(1398144K)->35917K(1398144K)
[52.018s][info][gc,metaspace   ] GC(225) Metaspace: 73115K(73664K)->73115K(73664K) NonClass: 58102K(58304K)->58102K(58304K) Class: 15012K(15360K)->15012K(15360K)
[52.018s][info][gc             ] GC(225) Pause Young (Allocation Failure) 584M->38M(1980M) 13.512ms
[52.018s][info][gc,cpu         ] GC(225) User=0.00s Sys=0.00s Real=0.00s
[52.158s][info][gc,start       ] GC(226) Pause Young (Allocation Failure)
[52.171s][info][gc,heap        ] GC(226) DefNew: 562956K(629440K)->3396K(629440K) Eden: 559552K(559552K)->0K(559552K) From: 3404K(69888K)->3396K(69888K)
[52.171s][info][gc,heap        ] GC(226) Tenured: 35917K(1398144K)->35917K(1398144K)
[52.171s][info][gc,metaspace   ] GC(226) Metaspace: 73115K(73664K)->73115K(73664K) NonClass: 58102K(58304K)->58102K(58304K) Class: 15012K(15360K)->15012K(15360K)
[52.171s][info][gc             ] GC(226) Pause Young (Allocation Failure) 584M->38M(1980M) 12.792ms
[52.171s][info][gc,cpu         ] GC(226) User=0.02s Sys=0.00s Real=0.01s
[52.314s][info][gc,start       ] GC(227) Pause Young (Allocation Failure)
[52.326s][info][gc,heap        ] GC(227) DefNew: 562948K(629440K)->3466K(629440K) Eden: 559552K(559552K)->0K(559552K) From: 3396K(69888K)->3466K(69888K)
[52.326s][info][gc,heap        ] GC(227) Tenured: 35917K(1398144K)->35917K(1398144K)
[52.326s][info][gc,metaspace   ] GC(227) Metaspace: 73115K(73664K)->73115K(73664K) NonClass: 58102K(58304K)->58102K(58304K) Class: 15012K(15360K)->15012K(15360K)
[52.327s][info][gc             ] GC(227) Pause Young (Allocation Failure) 584M->38M(1980M) 12.516ms
[52.327s][info][gc,cpu         ] GC(227) User=0.00s Sys=0.00s Real=0.00s
[52.467s][info][gc,start       ] GC(228) Pause Young (Allocation Failure)
[52.479s][info][gc,heap        ] GC(228) DefNew: 563018K(629440K)->3455K(629440K) Eden: 559552K(559552K)->0K(559552K) From: 3466K(69888K)->3455K(69888K)
[52.479s][info][gc,heap        ] GC(228) Tenured: 35917K(1398144K)->35917K(1398144K)
[52.479s][info][gc,metaspace   ] GC(228) Metaspace: 73115K(73664K)->73115K(73664K) NonClass: 58102K(58304K)->58102K(58304K) Class: 15012K(15360K)->15012K(15360K)
[52.479s][info][gc             ] GC(228) Pause Young (Allocation Failure) 584M->38M(1980M) 12.489ms
[52.479s][info][gc,cpu         ] GC(228) User=0.00s Sys=0.00s Real=0.01s
[52.620s][info][gc,start       ] GC(229) Pause Young (Allocation Failure)
[52.632s][info][gc,heap        ] GC(229) DefNew: 563007K(629440K)->1450K(629440K) Eden: 559552K(559552K)->0K(559552K) From: 3455K(69888K)->1450K(69888K)
[52.632s][info][gc,heap        ] GC(229) Tenured: 35917K(1398144K)->37923K(1398144K)
[52.632s][info][gc,metaspace   ] GC(229) Metaspace: 73115K(73664K)->73115K(73664K) NonClass: 58102K(58304K)->58102K(58304K) Class: 15012K(15360K)->15012K(15360K)
[52.632s][info][gc             ] GC(229) Pause Young (Allocation Failure) 584M->38M(1980M) 12.828ms
[52.632s][info][gc,cpu         ] GC(229) User=0.00s Sys=0.00s Real=0.00s
[52.774s][info][gc,start       ] GC(230) Pause Young (Allocation Failure)
[52.782s][info][gc,heap        ] GC(230) DefNew: 561002K(629440K)->1384K(629440K) Eden: 559552K(559552K)->0K(559552K) From: 1450K(69888K)->1384K(69888K)
[52.782s][info][gc,heap        ] GC(230) Tenured: 37923K(1398144K)->37924K(1398144K)
[52.782s][info][gc,metaspace   ] GC(230) Metaspace: 73115K(73664K)->73115K(73664K) NonClass: 58102K(58304K)->58102K(58304K) Class: 15012K(15360K)->15012K(15360K)
[52.782s][info][gc             ] GC(230) Pause Young (Allocation Failure) 584M->38M(1980M) 8.209ms
[52.782s][info][gc,cpu         ] GC(230) User=0.00s Sys=0.00s Real=0.00s
[52.922s][info][gc,start       ] GC(231) Pause Young (Allocation Failure)
[52.930s][info][gc,heap        ] GC(231) DefNew: 560936K(629440K)->1483K(629440K) Eden: 559552K(559552K)->0K(559552K) From: 1384K(69888K)->1483K(69888K)
[52.930s][info][gc,heap        ] GC(231) Tenured: 37924K(1398144K)->37924K(1398144K)
[52.930s][info][gc,metaspace   ] GC(231) Metaspace: 73116K(73664K)->73116K(73664K) NonClass: 58103K(58304K)->58103K(58304K) Class: 15012K(15360K)->15012K(15360K)
[52.930s][info][gc             ] GC(231) Pause Young (Allocation Failure) 584M->38M(1980M) 8.713ms
[52.931s][info][gc,cpu         ] GC(231) User=0.00s Sys=0.00s Real=0.00s
[53.070s][info][gc,start       ] GC(232) Pause Young (Allocation Failure)
[53.079s][info][gc,heap        ] GC(232) DefNew: 561035K(629440K)->1478K(629440K) Eden: 559552K(559552K)->0K(559552K) From: 1483K(69888K)->1478K(69888K)
[53.079s][info][gc,heap        ] GC(232) Tenured: 37924K(1398144K)->37925K(1398144K)
[53.079s][info][gc,metaspace   ] GC(232) Metaspace: 73116K(73664K)->73116K(73664K) NonClass: 58103K(58304K)->58103K(58304K) Class: 15012K(15360K)->15012K(15360K)
[53.079s][info][gc             ] GC(232) Pause Young (Allocation Failure) 584M->38M(1980M) 8.622ms
[53.079s][info][gc,cpu         ] GC(232) User=0.00s Sys=0.00s Real=0.00s
[53.219s][info][gc,start       ] GC(233) Pause Young (Allocation Failure)
[53.227s][info][gc,heap        ] GC(233) DefNew: 561030K(629440K)->1500K(629440K) Eden: 559552K(559552K)->0K(559552K) From: 1478K(69888K)->1500K(69888K)
[53.227s][info][gc,heap        ] GC(233) Tenured: 37925K(1398144K)->37926K(1398144K)
[53.227s][info][gc,metaspace   ] GC(233) Metaspace: 73116K(73664K)->73116K(73664K) NonClass: 58103K(58304K)->58103K(58304K) Class: 15012K(15360K)->15012K(15360K)
[53.227s][info][gc             ] GC(233) Pause Young (Allocation Failure) 584M->38M(1980M) 8.673ms
[53.227s][info][gc,cpu         ] GC(233) User=0.00s Sys=0.00s Real=0.00s
[53.368s][info][gc,start       ] GC(234) Pause Young (Allocation Failure)
[53.376s][info][gc,heap        ] GC(234) DefNew: 561052K(629440K)->1500K(629440K) Eden: 559552K(559552K)->0K(559552K) From: 1500K(69888K)->1500K(69888K)
[53.376s][info][gc,heap        ] GC(234) Tenured: 37926K(1398144K)->37926K(1398144K)
[53.376s][info][gc,metaspace   ] GC(234) Metaspace: 73116K(73664K)->73116K(73664K) NonClass: 58103K(58304K)->58103K(58304K) Class: 15012K(15360K)->15012K(15360K)
[53.377s][info][gc             ] GC(234) Pause Young (Allocation Failure) 584M->38M(1980M) 8.636ms
[53.377s][info][gc,cpu         ] GC(234) User=0.00s Sys=0.00s Real=0.00s
[53.516s][info][gc,start       ] GC(235) Pause Young (Allocation Failure)
[53.525s][info][gc,heap        ] GC(235) DefNew: 561052K(629440K)->1498K(629440K) Eden: 559552K(559552K)->0K(559552K) From: 1500K(69888K)->1498K(69888K)
[53.525s][info][gc,heap        ] GC(235) Tenured: 37926K(1398144K)->37943K(1398144K)
[53.525s][info][gc,metaspace   ] GC(235) Metaspace: 73116K(73664K)->73116K(73664K) NonClass: 58103K(58304K)->58103K(58304K) Class: 15012K(15360K)->15012K(15360K)
[53.525s][info][gc             ] GC(235) Pause Young (Allocation Failure) 584M->38M(1980M) 8.791ms
[53.525s][info][gc,cpu         ] GC(235) User=0.00s Sys=0.00s Real=0.00s
[53.665s][info][gc,start       ] GC(236) Pause Young (Allocation Failure)
[53.673s][info][gc,heap        ] GC(236) DefNew: 561050K(629440K)->1503K(629440K) Eden: 559552K(559552K)->0K(559552K) From: 1498K(69888K)->1503K(69888K)
[53.673s][info][gc,heap        ] GC(236) Tenured: 37943K(1398144K)->37943K(1398144K)
[53.673s][info][gc,metaspace   ] GC(236) Metaspace: 73116K(73664K)->73116K(73664K) NonClass: 58103K(58304K)->58103K(58304K) Class: 15012K(15360K)->15012K(15360K)
[53.674s][info][gc             ] GC(236) Pause Young (Allocation Failure) 584M->38M(1980M) 8.740ms
[53.674s][info][gc,cpu         ] GC(236) User=0.02s Sys=0.00s Real=0.01s
[53.813s][info][gc,start       ] GC(237) Pause Young (Allocation Failure)
[53.822s][info][gc,heap        ] GC(237) DefNew: 561055K(629440K)->1452K(629440K) Eden: 559552K(559552K)->0K(559552K) From: 1503K(69888K)->1452K(69888K)
[53.822s][info][gc,heap        ] GC(237) Tenured: 37943K(1398144K)->37943K(1398144K)
[53.822s][info][gc,metaspace   ] GC(237) Metaspace: 73116K(73664K)->73116K(73664K) NonClass: 58103K(58304K)->58103K(58304K) Class: 15012K(15360K)->15012K(15360K)
[53.822s][info][gc             ] GC(237) Pause Young (Allocation Failure) 584M->38M(1980M) 8.389ms
[53.822s][info][gc,cpu         ] GC(237) User=0.00s Sys=0.00s Real=0.00s
[53.962s][info][gc,start       ] GC(238) Pause Young (Allocation Failure)
[53.970s][info][gc,heap        ] GC(238) DefNew: 561004K(629440K)->1430K(629440K) Eden: 559552K(559552K)->0K(559552K) From: 1452K(69888K)->1430K(69888K)
[53.970s][info][gc,heap        ] GC(238) Tenured: 37943K(1398144K)->37943K(1398144K)
[53.970s][info][gc,metaspace   ] GC(238) Metaspace: 73116K(73664K)->73116K(73664K) NonClass: 58103K(58304K)->58103K(58304K) Class: 15012K(15360K)->15012K(15360K)
[53.970s][info][gc             ] GC(238) Pause Young (Allocation Failure) 584M->38M(1980M) 8.374ms
[53.970s][info][gc,cpu         ] GC(238) User=0.00s Sys=0.00s Real=0.00s
[54.109s][info][gc,start       ] GC(239) Pause Young (Allocation Failure)
[54.119s][info][gc,heap        ] GC(239) DefNew: 560982K(629440K)->1488K(629440K) Eden: 559552K(559552K)->0K(559552K) From: 1430K(69888K)->1488K(69888K)
[54.119s][info][gc,heap        ] GC(239) Tenured: 37943K(1398144K)->37943K(1398144K)
[54.119s][info][gc,metaspace   ] GC(239) Metaspace: 73116K(73664K)->73116K(73664K) NonClass: 58103K(58304K)->58103K(58304K) Class: 15012K(15360K)->15012K(15360K)
[54.119s][info][gc             ] GC(239) Pause Young (Allocation Failure) 584M->38M(1980M) 9.517ms
[54.119s][info][gc,cpu         ] GC(239) User=0.00s Sys=0.00s Real=0.00s
[54.259s][info][gc,start       ] GC(240) Pause Young (Allocation Failure)
[54.268s][info][gc,heap        ] GC(240) DefNew: 561040K(629440K)->1504K(629440K) Eden: 559552K(559552K)->0K(559552K) From: 1488K(69888K)->1504K(69888K)
[54.268s][info][gc,heap        ] GC(240) Tenured: 37943K(1398144K)->37943K(1398144K)
[54.268s][info][gc,metaspace   ] GC(240) Metaspace: 73116K(73664K)->73116K(73664K) NonClass: 58103K(58304K)->58103K(58304K) Class: 15012K(15360K)->15012K(15360K)
[54.268s][info][gc             ] GC(240) Pause Young (Allocation Failure) 584M->38M(1980M) 9.184ms
[54.269s][info][gc,cpu         ] GC(240) User=0.02s Sys=0.00s Real=0.01s
[54.409s][info][gc,start       ] GC(241) Pause Young (Allocation Failure)
[54.418s][info][gc,heap        ] GC(241) DefNew: 561056K(629440K)->1544K(629440K) Eden: 559552K(559552K)->0K(559552K) From: 1504K(69888K)->1544K(69888K)
[54.418s][info][gc,heap        ] GC(241) Tenured: 37943K(1398144K)->37943K(1398144K)
[54.418s][info][gc,metaspace   ] GC(241) Metaspace: 73116K(73664K)->73116K(73664K) NonClass: 58103K(58304K)->58103K(58304K) Class: 15012K(15360K)->15012K(15360K)
[54.418s][info][gc             ] GC(241) Pause Young (Allocation Failure) 584M->38M(1980M) 8.796ms
[54.418s][info][gc,cpu         ] GC(241) User=0.00s Sys=0.00s Real=0.00s
[54.558s][info][gc,start       ] GC(242) Pause Young (Allocation Failure)
[54.566s][info][gc,heap        ] GC(242) DefNew: 561096K(629440K)->1461K(629440K) Eden: 559552K(559552K)->0K(559552K) From: 1544K(69888K)->1461K(69888K)
[54.566s][info][gc,heap        ] GC(242) Tenured: 37943K(1398144K)->37960K(1398144K)
[54.566s][info][gc,metaspace   ] GC(242) Metaspace: 73116K(73664K)->73116K(73664K) NonClass: 58103K(58304K)->58103K(58304K) Class: 15012K(15360K)->15012K(15360K)
[54.566s][info][gc             ] GC(242) Pause Young (Allocation Failure) 584M->38M(1980M) 8.574ms
[54.566s][info][gc,cpu         ] GC(242) User=0.00s Sys=0.00s Real=0.01s
[54.706s][info][gc,start       ] GC(243) Pause Young (Allocation Failure)
[54.716s][info][gc,heap        ] GC(243) DefNew: 561013K(629440K)->1445K(629440K) Eden: 559552K(559552K)->0K(559552K) From: 1461K(69888K)->1445K(69888K)
[54.716s][info][gc,heap        ] GC(243) Tenured: 37960K(1398144K)->37960K(1398144K)
[54.716s][info][gc,metaspace   ] GC(243) Metaspace: 73116K(73664K)->73116K(73664K) NonClass: 58103K(58304K)->58103K(58304K) Class: 15012K(15360K)->15012K(15360K)
[54.716s][info][gc             ] GC(243) Pause Young (Allocation Failure) 584M->38M(1980M) 9.484ms
[54.716s][info][gc,cpu         ] GC(243) User=0.00s Sys=0.00s Real=0.00s
[54.856s][info][gc,start       ] GC(244) Pause Young (Allocation Failure)
[54.865s][info][gc,heap        ] GC(244) DefNew: 560997K(629440K)->1448K(629440K) Eden: 559552K(559552K)->0K(559552K) From: 1445K(69888K)->1448K(69888K)
[54.865s][info][gc,heap        ] GC(244) Tenured: 37960K(1398144K)->37960K(1398144K)
[54.865s][info][gc,metaspace   ] GC(244) Metaspace: 73116K(73664K)->73116K(73664K) NonClass: 58103K(58304K)->58103K(58304K) Class: 15012K(15360K)->15012K(15360K)
[54.865s][info][gc             ] GC(244) Pause Young (Allocation Failure) 584M->38M(1980M) 8.958ms
[54.865s][info][gc,cpu         ] GC(244) User=0.00s Sys=0.00s Real=0.00s
[55.006s][info][gc,start       ] GC(245) Pause Young (Allocation Failure)
[55.015s][info][gc,heap        ] GC(245) DefNew: 561000K(629440K)->1481K(629440K) Eden: 559552K(559552K)->0K(559552K) From: 1448K(69888K)->1481K(69888K)
[55.015s][info][gc,heap        ] GC(245) Tenured: 37960K(1398144K)->37960K(1398144K)
[55.015s][info][gc,metaspace   ] GC(245) Metaspace: 73124K(73728K)->73124K(73728K) NonClass: 58111K(58368K)->58111K(58368K) Class: 15012K(15360K)->15012K(15360K)
[55.015s][info][gc             ] GC(245) Pause Young (Allocation Failure) 584M->38M(1980M) 8.766ms
[55.015s][info][gc,cpu         ] GC(245) User=0.00s Sys=0.00s Real=0.00s
[55.155s][info][gc,start       ] GC(246) Pause Young (Allocation Failure)
[55.165s][info][gc,heap        ] GC(246) DefNew: 561033K(629440K)->1551K(629440K) Eden: 559551K(559552K)->0K(559552K) From: 1481K(69888K)->1551K(69888K)
[55.165s][info][gc,heap        ] GC(246) Tenured: 37960K(1398144K)->37996K(1398144K)
[55.165s][info][gc,metaspace   ] GC(246) Metaspace: 73125K(73728K)->73125K(73728K) NonClass: 58112K(58368K)->58112K(58368K) Class: 15012K(15360K)->15012K(15360K)
[55.165s][info][gc             ] GC(246) Pause Young (Allocation Failure) 584M->38M(1980M) 9.552ms
[55.165s][info][gc,cpu         ] GC(246) User=0.00s Sys=0.00s Real=0.00s
[55.310s][info][gc,start       ] GC(247) Pause Young (Allocation Failure)
[55.320s][info][gc,heap        ] GC(247) DefNew: 561103K(629440K)->1546K(629440K) Eden: 559552K(559552K)->0K(559552K) From: 1551K(69888K)->1546K(69888K)
[55.320s][info][gc,heap        ] GC(247) Tenured: 37996K(1398144K)->37996K(1398144K)
[55.320s][info][gc,metaspace   ] GC(247) Metaspace: 73136K(73728K)->73136K(73728K) NonClass: 58123K(58368K)->58123K(58368K) Class: 15012K(15360K)->15012K(15360K)
[55.320s][info][gc             ] GC(247) Pause Young (Allocation Failure) 585M->38M(1980M) 9.797ms
[55.320s][info][gc,cpu         ] GC(247) User=0.00s Sys=0.00s Real=0.00s
[55.468s][info][gc,start       ] GC(248) Pause Young (Allocation Failure)
[55.476s][info][gc,heap        ] GC(248) DefNew: 561098K(629440K)->1468K(629440K) Eden: 559552K(559552K)->0K(559552K) From: 1546K(69888K)->1468K(69888K)
[55.476s][info][gc,heap        ] GC(248) Tenured: 37996K(1398144K)->38012K(1398144K)
[55.476s][info][gc,metaspace   ] GC(248) Metaspace: 73149K(73728K)->73149K(73728K) NonClass: 58136K(58368K)->58136K(58368K) Class: 15012K(15360K)->15012K(15360K)
[55.476s][info][gc             ] GC(248) Pause Young (Allocation Failure) 585M->38M(1980M) 8.902ms
[55.476s][info][gc,cpu         ] GC(248) User=0.00s Sys=0.00s Real=0.00s
[55.642s][info][gc,start       ] GC(249) Pause Young (Allocation Failure)
[55.650s][info][gc,heap        ] GC(249) DefNew: 561020K(629440K)->1503K(629440K) Eden: 559552K(559552K)->0K(559552K) From: 1468K(69888K)->1503K(69888K)
[55.650s][info][gc,heap        ] GC(249) Tenured: 38012K(1398144K)->38013K(1398144K)
[55.650s][info][gc,metaspace   ] GC(249) Metaspace: 73170K(73728K)->73170K(73728K) NonClass: 58157K(58368K)->58157K(58368K) Class: 15012K(15360K)->15012K(15360K)
[55.650s][info][gc             ] GC(249) Pause Young (Allocation Failure) 584M->38M(1980M) 7.515ms
[55.650s][info][gc,cpu         ] GC(249) User=0.00s Sys=0.00s Real=0.00s
[55.848s][info][gc,start       ] GC(250) Pause Young (Allocation Failure)
[55.854s][info][gc,heap        ] GC(250) DefNew: 561055K(629440K)->1386K(629440K) Eden: 559552K(559552K)->0K(559552K) From: 1503K(69888K)->1386K(69888K)
[55.854s][info][gc,heap        ] GC(250) Tenured: 38013K(1398144K)->38013K(1398144K)
[55.854s][info][gc,metaspace   ] GC(250) Metaspace: 73170K(73728K)->73170K(73728K) NonClass: 58157K(58368K)->58157K(58368K) Class: 15012K(15360K)->15012K(15360K)
[55.854s][info][gc             ] GC(250) Pause Young (Allocation Failure) 585M->38M(1980M) 6.279ms
[55.855s][info][gc,cpu         ] GC(250) User=0.00s Sys=0.00s Real=0.00s
[56.101s][info][gc,start       ] GC(251) Pause Young (Allocation Failure)
[56.107s][info][gc,heap        ] GC(251) DefNew: 560938K(629440K)->1390K(629440K) Eden: 559552K(559552K)->0K(559552K) From: 1386K(69888K)->1390K(69888K)
[56.107s][info][gc,heap        ] GC(251) Tenured: 38013K(1398144K)->38013K(1398144K)
[56.107s][info][gc,metaspace   ] GC(251) Metaspace: 73170K(73728K)->73170K(73728K) NonClass: 58157K(58368K)->58157K(58368K) Class: 15012K(15360K)->15012K(15360K)
[56.107s][info][gc             ] GC(251) Pause Young (Allocation Failure) 584M->38M(1980M) 5.779ms
[56.107s][info][gc,cpu         ] GC(251) User=0.00s Sys=0.00s Real=0.00s
[56.511s][info][gc,start       ] GC(252) Pause Young (Allocation Failure)
[56.515s][info][gc,heap        ] GC(252) DefNew: 560942K(629440K)->1349K(629440K) Eden: 559552K(559552K)->0K(559552K) From: 1390K(69888K)->1349K(69888K)
[56.515s][info][gc,heap        ] GC(252) Tenured: 38013K(1398144K)->38013K(1398144K)
[56.515s][info][gc,metaspace   ] GC(252) Metaspace: 73170K(73728K)->73170K(73728K) NonClass: 58157K(58368K)->58157K(58368K) Class: 15012K(15360K)->15012K(15360K)
[56.515s][info][gc             ] GC(252) Pause Young (Allocation Failure) 584M->38M(1980M) 4.539ms
[56.515s][info][gc,cpu         ] GC(252) User=0.00s Sys=0.00s Real=0.00s
[56.941s][info][gc,start       ] GC(253) Pause Young (Allocation Failure)
[56.945s][info][gc,heap        ] GC(253) DefNew: 560901K(629440K)->1352K(629440K) Eden: 559552K(559552K)->0K(559552K) From: 1349K(69888K)->1352K(69888K)
[56.945s][info][gc,heap        ] GC(253) Tenured: 38013K(1398144K)->38013K(1398144K)
[56.945s][info][gc,metaspace   ] GC(253) Metaspace: 73170K(73728K)->73170K(73728K) NonClass: 58157K(58368K)->58157K(58368K) Class: 15012K(15360K)->15012K(15360K)
[56.945s][info][gc             ] GC(253) Pause Young (Allocation Failure) 584M->38M(1980M) 4.286ms
[56.945s][info][gc,cpu         ] GC(253) User=0.00s Sys=0.00s Real=0.00s
[57.372s][info][gc,start       ] GC(254) Pause Young (Allocation Failure)
[57.376s][info][gc,heap        ] GC(254) DefNew: 560904K(629440K)->1351K(629440K) Eden: 559552K(559552K)->0K(559552K) From: 1352K(69888K)->1351K(69888K)
[57.376s][info][gc,heap        ] GC(254) Tenured: 38013K(1398144K)->38013K(1398144K)
[57.376s][info][gc,metaspace   ] GC(254) Metaspace: 73170K(73728K)->73170K(73728K) NonClass: 58157K(58368K)->58157K(58368K) Class: 15012K(15360K)->15012K(15360K)
[57.376s][info][gc             ] GC(254) Pause Young (Allocation Failure) 584M->38M(1980M) 4.046ms
[57.376s][info][gc,cpu         ] GC(254) User=0.00s Sys=0.00s Real=0.00s
[57.756s][info][gc,start       ] GC(255) Pause Full (System.gc())
[57.756s][info][gc,phases,start] GC(255) Phase 1: Mark live objects
[57.808s][info][gc,phases      ] GC(255) Phase 1: Mark live objects 52.229ms
[57.808s][info][gc,phases,start] GC(255) Phase 2: Compute new object addresses
[57.906s][info][gc,phases      ] GC(255) Phase 2: Compute new object addresses 97.792ms
[57.906s][info][gc,phases,start] GC(255) Phase 3: Adjust pointers
[57.930s][info][gc,phases      ] GC(255) Phase 3: Adjust pointers 24.440ms
[57.930s][info][gc,phases,start] GC(255) Phase 4: Move objects
[57.931s][info][gc,phases      ] GC(255) Phase 4: Move objects 1.024ms
[57.932s][info][gc,heap        ] GC(255) DefNew: 272832K(629440K)->0K(629440K) Eden: 271481K(559552K)->0K(559552K) From: 1351K(69888K)->0K(69888K)
[57.932s][info][gc,heap        ] GC(255) Tenured: 38013K(1398144K)->39256K(1398144K)
[57.932s][info][gc,metaspace   ] GC(255) Metaspace: 73186K(73728K)->73186K(73728K) NonClass: 58173K(58368K)->58173K(58368K) Class: 15012K(15360K)->15012K(15360K)
[57.932s][info][gc             ] GC(255) Pause Full (System.gc()) 303M->38M(1980M) 176.249ms
[57.932s][info][gc,cpu         ] GC(255) User=0.17s Sys=0.00s Real=0.16s
[58.098s][info][gc,start       ] GC(256) Pause Young (Allocation Failure)
[58.114s][info][gc,heap        ] GC(256) DefNew: 559552K(629440K)->3578K(629440K) Eden: 559552K(559552K)->0K(559552K) From: 0K(69888K)->3578K(69888K)
[58.114s][info][gc,heap        ] GC(256) Tenured: 39256K(1398144K)->39256K(1398144K)
[58.114s][info][gc,metaspace   ] GC(256) Metaspace: 73238K(73792K)->73238K(73792K) NonClass: 58225K(58432K)->58225K(58432K) Class: 15012K(15360K)->15012K(15360K)
[58.114s][info][gc             ] GC(256) Pause Young (Allocation Failure) 584M->41M(1980M) 15.437ms
[58.114s][info][gc,cpu         ] GC(256) User=0.00s Sys=0.00s Real=0.00s
[58.255s][info][gc,start       ] GC(257) Pause Young (Allocation Failure)
[58.268s][info][gc,heap        ] GC(257) DefNew: 563130K(629440K)->3617K(629440K) Eden: 559552K(559552K)->0K(559552K) From: 3578K(69888K)->3617K(69888K)
[58.268s][info][gc,heap        ] GC(257) Tenured: 39256K(1398144K)->39256K(1398144K)
[58.268s][info][gc,metaspace   ] GC(257) Metaspace: 73238K(73792K)->73238K(73792K) NonClass: 58225K(58432K)->58225K(58432K) Class: 15012K(15360K)->15012K(15360K)
[58.268s][info][gc             ] GC(257) Pause Young (Allocation Failure) 588M->41M(1980M) 12.756ms
[58.268s][info][gc,cpu         ] GC(257) User=0.00s Sys=0.00s Real=0.00s
[58.407s][info][gc,start       ] GC(258) Pause Young (Allocation Failure)
[58.420s][info][gc,heap        ] GC(258) DefNew: 563169K(629440K)->3541K(629440K) Eden: 559552K(559552K)->0K(559552K) From: 3617K(69888K)->3541K(69888K)
[58.420s][info][gc,heap        ] GC(258) Tenured: 39256K(1398144K)->39256K(1398144K)
[58.420s][info][gc,metaspace   ] GC(258) Metaspace: 73238K(73792K)->73238K(73792K) NonClass: 58225K(58432K)->58225K(58432K) Class: 15012K(15360K)->15012K(15360K)
[58.420s][info][gc             ] GC(258) Pause Young (Allocation Failure) 588M->41M(1980M) 12.342ms
[58.420s][info][gc,cpu         ] GC(258) User=0.00s Sys=0.00s Real=0.00s
[58.560s][info][gc,start       ] GC(259) Pause Young (Allocation Failure)
[58.573s][info][gc,heap        ] GC(259) DefNew: 563093K(629440K)->3553K(629440K) Eden: 559552K(559552K)->0K(559552K) From: 3541K(69888K)->3553K(69888K)
[58.573s][info][gc,heap        ] GC(259) Tenured: 39256K(1398144K)->39256K(1398144K)
[58.573s][info][gc,metaspace   ] GC(259) Metaspace: 73238K(73792K)->73238K(73792K) NonClass: 58225K(58432K)->58225K(58432K) Class: 15012K(15360K)->15012K(15360K)
[58.574s][info][gc             ] GC(259) Pause Young (Allocation Failure) 588M->41M(1980M) 13.878ms
[58.574s][info][gc,cpu         ] GC(259) User=0.00s Sys=0.00s Real=0.00s
[58.716s][info][gc,start       ] GC(260) Pause Young (Allocation Failure)
[58.729s][info][gc,heap        ] GC(260) DefNew: 563105K(629440K)->3522K(629440K) Eden: 559552K(559552K)->0K(559552K) From: 3553K(69888K)->3522K(69888K)
[58.729s][info][gc,heap        ] GC(260) Tenured: 39256K(1398144K)->39256K(1398144K)
[58.729s][info][gc,metaspace   ] GC(260) Metaspace: 73238K(73792K)->73238K(73792K) NonClass: 58225K(58432K)->58225K(58432K) Class: 15012K(15360K)->15012K(15360K)
[58.729s][info][gc             ] GC(260) Pause Young (Allocation Failure) 588M->41M(1980M) 13.276ms
[58.729s][info][gc,cpu         ] GC(260) User=0.00s Sys=0.00s Real=0.00s
[58.869s][info][gc,start       ] GC(261) Pause Young (Allocation Failure)
[58.881s][info][gc,heap        ] GC(261) DefNew: 563074K(629440K)->3522K(629440K) Eden: 559552K(559552K)->0K(559552K) From: 3522K(69888K)->3522K(69888K)
[58.881s][info][gc,heap        ] GC(261) Tenured: 39256K(1398144K)->39256K(1398144K)
[58.881s][info][gc,metaspace   ] GC(261) Metaspace: 73238K(73792K)->73238K(73792K) NonClass: 58225K(58432K)->58225K(58432K) Class: 15012K(15360K)->15012K(15360K)
[58.881s][info][gc             ] GC(261) Pause Young (Allocation Failure) 588M->41M(1980M) 12.522ms
[58.881s][info][gc,cpu         ] GC(261) User=0.00s Sys=0.00s Real=0.00s
[59.022s][info][gc,start       ] GC(262) Pause Young (Allocation Failure)
[59.034s][info][gc,heap        ] GC(262) DefNew: 563074K(629440K)->3574K(629440K) Eden: 559552K(559552K)->0K(559552K) From: 3522K(69888K)->3574K(69888K)
[59.034s][info][gc,heap        ] GC(262) Tenured: 39256K(1398144K)->39256K(1398144K)
[59.034s][info][gc,metaspace   ] GC(262) Metaspace: 73238K(73792K)->73238K(73792K) NonClass: 58225K(58432K)->58225K(58432K) Class: 15012K(15360K)->15012K(15360K)
[59.034s][info][gc             ] GC(262) Pause Young (Allocation Failure) 588M->41M(1980M) 12.786ms
[59.034s][info][gc,cpu         ] GC(262) User=0.02s Sys=0.00s Real=0.01s
[59.176s][info][gc,start       ] GC(263) Pause Young (Allocation Failure)
[59.188s][info][gc,heap        ] GC(263) DefNew: 563126K(629440K)->3498K(629440K) Eden: 559552K(559552K)->0K(559552K) From: 3574K(69888K)->3498K(69888K)
[59.188s][info][gc,heap        ] GC(263) Tenured: 39256K(1398144K)->39256K(1398144K)
[59.188s][info][gc,metaspace   ] GC(263) Metaspace: 73238K(73792K)->73238K(73792K) NonClass: 58225K(58432K)->58225K(58432K) Class: 15012K(15360K)->15012K(15360K)
[59.188s][info][gc             ] GC(263) Pause Young (Allocation Failure) 588M->41M(1980M) 12.387ms
[59.188s][info][gc,cpu         ] GC(263) User=0.00s Sys=0.00s Real=0.00s
[59.329s][info][gc,start       ] GC(264) Pause Young (Allocation Failure)
[59.341s][info][gc,heap        ] GC(264) DefNew: 563050K(629440K)->3493K(629440K) Eden: 559552K(559552K)->0K(559552K) From: 3498K(69888K)->3493K(69888K)
[59.341s][info][gc,heap        ] GC(264) Tenured: 39256K(1398144K)->39256K(1398144K)
[59.341s][info][gc,metaspace   ] GC(264) Metaspace: 73238K(73792K)->73238K(73792K) NonClass: 58225K(58432K)->58225K(58432K) Class: 15012K(15360K)->15012K(15360K)
[59.341s][info][gc             ] GC(264) Pause Young (Allocation Failure) 588M->41M(1980M) 12.331ms
[59.341s][info][gc,cpu         ] GC(264) User=0.00s Sys=0.00s Real=0.00s
[59.481s][info][gc,start       ] GC(265) Pause Young (Allocation Failure)
[59.494s][info][gc,heap        ] GC(265) DefNew: 563045K(629440K)->3590K(629440K) Eden: 559552K(559552K)->0K(559552K) From: 3493K(69888K)->3590K(69888K)
[59.494s][info][gc,heap        ] GC(265) Tenured: 39256K(1398144K)->39256K(1398144K)
[59.494s][info][gc,metaspace   ] GC(265) Metaspace: 73238K(73792K)->73238K(73792K) NonClass: 58225K(58432K)->58225K(58432K) Class: 15012K(15360K)->15012K(15360K)
[59.494s][info][gc             ] GC(265) Pause Young (Allocation Failure) 588M->41M(1980M) 12.596ms
[59.494s][info][gc,cpu         ] GC(265) User=0.00s Sys=0.00s Real=0.00s
[59.634s][info][gc,start       ] GC(266) Pause Young (Allocation Failure)
[59.647s][info][gc,heap        ] GC(266) DefNew: 563142K(629440K)->3570K(629440K) Eden: 559552K(559552K)->0K(559552K) From: 3590K(69888K)->3570K(69888K)
[59.647s][info][gc,heap        ] GC(266) Tenured: 39256K(1398144K)->39256K(1398144K)
[59.647s][info][gc,metaspace   ] GC(266) Metaspace: 73238K(73792K)->73238K(73792K) NonClass: 58225K(58432K)->58225K(58432K) Class: 15012K(15360K)->15012K(15360K)
[59.647s][info][gc             ] GC(266) Pause Young (Allocation Failure) 588M->41M(1980M) 12.576ms
[59.647s][info][gc,cpu         ] GC(266) User=0.00s Sys=0.00s Real=0.00s
[59.788s][info][gc,start       ] GC(267) Pause Young (Allocation Failure)
[59.800s][info][gc,heap        ] GC(267) DefNew: 563122K(629440K)->3537K(629440K) Eden: 559552K(559552K)->0K(559552K) From: 3570K(69888K)->3537K(69888K)
[59.800s][info][gc,heap        ] GC(267) Tenured: 39256K(1398144K)->39256K(1398144K)
[59.800s][info][gc,metaspace   ] GC(267) Metaspace: 73238K(73792K)->73238K(73792K) NonClass: 58225K(58432K)->58225K(58432K) Class: 15012K(15360K)->15012K(15360K)
[59.801s][info][gc             ] GC(267) Pause Young (Allocation Failure) 588M->41M(1980M) 12.387ms
[59.801s][info][gc,cpu         ] GC(267) User=0.00s Sys=0.00s Real=0.00s
[59.943s][info][gc,start       ] GC(268) Pause Young (Allocation Failure)
[59.957s][info][gc,heap        ] GC(268) DefNew: 563089K(629440K)->3486K(629440K) Eden: 559552K(559552K)->0K(559552K) From: 3537K(69888K)->3486K(69888K)
[59.957s][info][gc,heap        ] GC(268) Tenured: 39256K(1398144K)->39256K(1398144K)
[59.957s][info][gc,metaspace   ] GC(268) Metaspace: 73238K(73792K)->73238K(73792K) NonClass: 58225K(58432K)->58225K(58432K) Class: 15012K(15360K)->15012K(15360K)
[59.957s][info][gc             ] GC(268) Pause Young (Allocation Failure) 588M->41M(1980M) 14.009ms
[59.957s][info][gc,cpu         ] GC(268) User=0.02s Sys=0.00s Real=0.01s
[60.097s][info][gc,start       ] GC(269) Pause Young (Allocation Failure)
[60.110s][info][gc,heap        ] GC(269) DefNew: 563038K(629440K)->3497K(629440K) Eden: 559552K(559552K)->0K(559552K) From: 3486K(69888K)->3497K(69888K)
[60.110s][info][gc,heap        ] GC(269) Tenured: 39256K(1398144K)->39256K(1398144K)
[60.110s][info][gc,metaspace   ] GC(269) Metaspace: 73238K(73792K)->73238K(73792K) NonClass: 58225K(58432K)->58225K(58432K) Class: 15012K(15360K)->15012K(15360K)
[60.110s][info][gc             ] GC(269) Pause Young (Allocation Failure) 588M->41M(1980M) 13.557ms
[60.110s][info][gc,cpu         ] GC(269) User=0.00s Sys=0.00s Real=0.00s
[60.253s][info][gc,start       ] GC(270) Pause Young (Allocation Failure)
[60.266s][info][gc,heap        ] GC(270) DefNew: 563049K(629440K)->3580K(629440K) Eden: 559552K(559552K)->0K(559552K) From: 3497K(69888K)->3580K(69888K)
[60.266s][info][gc,heap        ] GC(270) Tenured: 39256K(1398144K)->39256K(1398144K)
[60.266s][info][gc,metaspace   ] GC(270) Metaspace: 73241K(73792K)->73241K(73792K) NonClass: 58228K(58432K)->58228K(58432K) Class: 15012K(15360K)->15012K(15360K)
[60.266s][info][gc             ] GC(270) Pause Young (Allocation Failure) 588M->41M(1980M) 13.153ms
[60.267s][info][gc,cpu         ] GC(270) User=0.00s Sys=0.00s Real=0.00s
[60.406s][info][gc,start       ] GC(271) Pause Young (Allocation Failure)
[60.420s][info][gc,heap        ] GC(271) DefNew: 563132K(629440K)->1539K(629440K) Eden: 559552K(559552K)->0K(559552K) From: 3580K(69888K)->1539K(69888K)
[60.420s][info][gc,heap        ] GC(271) Tenured: 39256K(1398144K)->41335K(1398144K)
[60.420s][info][gc,metaspace   ] GC(271) Metaspace: 73241K(73792K)->73241K(73792K) NonClass: 58228K(58432K)->58228K(58432K) Class: 15012K(15360K)->15012K(15360K)
[60.420s][info][gc             ] GC(271) Pause Young (Allocation Failure) 588M->41M(1980M) 13.408ms
[60.420s][info][gc,cpu         ] GC(271) User=0.02s Sys=0.00s Real=0.01s
[60.561s][info][gc,start       ] GC(272) Pause Young (Allocation Failure)
[60.569s][info][gc,heap        ] GC(272) DefNew: 561091K(629440K)->1449K(629440K) Eden: 559552K(559552K)->0K(559552K) From: 1539K(69888K)->1449K(69888K)
[60.569s][info][gc,heap        ] GC(272) Tenured: 41335K(1398144K)->41351K(1398144K)
[60.569s][info][gc,metaspace   ] GC(272) Metaspace: 73241K(73792K)->73241K(73792K) NonClass: 58228K(58432K)->58228K(58432K) Class: 15012K(15360K)->15012K(15360K)
[60.569s][info][gc             ] GC(272) Pause Young (Allocation Failure) 588M->41M(1980M) 8.603ms
[60.569s][info][gc,cpu         ] GC(272) User=0.00s Sys=0.00s Real=0.00s
[60.709s][info][gc,start       ] GC(273) Pause Young (Allocation Failure)
[60.719s][info][gc,heap        ] GC(273) DefNew: 561001K(629440K)->1532K(629440K) Eden: 559552K(559552K)->0K(559552K) From: 1449K(69888K)->1532K(69888K)
[60.719s][info][gc,heap        ] GC(273) Tenured: 41351K(1398144K)->41351K(1398144K)
[60.719s][info][gc,metaspace   ] GC(273) Metaspace: 73241K(73792K)->73241K(73792K) NonClass: 58228K(58432K)->58228K(58432K) Class: 15012K(15360K)->15012K(15360K)
[60.719s][info][gc             ] GC(273) Pause Young (Allocation Failure) 588M->41M(1980M) 9.569ms
[60.719s][info][gc,cpu         ] GC(273) User=0.00s Sys=0.00s Real=0.00s
[60.859s][info][gc,start       ] GC(274) Pause Young (Allocation Failure)
[60.868s][info][gc,heap        ] GC(274) DefNew: 561084K(629440K)->1466K(629440K) Eden: 559552K(559552K)->0K(559552K) From: 1532K(69888K)->1466K(69888K)
[60.868s][info][gc,heap        ] GC(274) Tenured: 41351K(1398144K)->41352K(1398144K)
[60.868s][info][gc,metaspace   ] GC(274) Metaspace: 73241K(73792K)->73241K(73792K) NonClass: 58228K(58432K)->58228K(58432K) Class: 15012K(15360K)->15012K(15360K)
[60.868s][info][gc             ] GC(274) Pause Young (Allocation Failure) 588M->41M(1980M) 9.116ms
[60.868s][info][gc,cpu         ] GC(274) User=0.00s Sys=0.00s Real=0.00s
[61.008s][info][gc,start       ] GC(275) Pause Young (Allocation Failure)
[61.017s][info][gc,heap        ] GC(275) DefNew: 561018K(629440K)->1484K(629440K) Eden: 559552K(559552K)->0K(559552K) From: 1466K(69888K)->1484K(69888K)
[61.017s][info][gc,heap        ] GC(275) Tenured: 41352K(1398144K)->41353K(1398144K)
[61.017s][info][gc,metaspace   ] GC(275) Metaspace: 73241K(73792K)->73241K(73792K) NonClass: 58228K(58432K)->58228K(58432K) Class: 15012K(15360K)->15012K(15360K)
[61.017s][info][gc             ] GC(275) Pause Young (Allocation Failure) 588M->41M(1980M) 8.774ms
[61.017s][info][gc,cpu         ] GC(275) User=0.00s Sys=0.00s Real=0.00s
[61.157s][info][gc,start       ] GC(276) Pause Young (Allocation Failure)
[61.166s][info][gc,heap        ] GC(276) DefNew: 561036K(629440K)->1464K(629440K) Eden: 559552K(559552K)->0K(559552K) From: 1484K(69888K)->1464K(69888K)
[61.166s][info][gc,heap        ] GC(276) Tenured: 41353K(1398144K)->41353K(1398144K)
[61.166s][info][gc,metaspace   ] GC(276) Metaspace: 73241K(73792K)->73241K(73792K) NonClass: 58228K(58432K)->58228K(58432K) Class: 15012K(15360K)->15012K(15360K)
[61.166s][info][gc             ] GC(276) Pause Young (Allocation Failure) 588M->41M(1980M) 8.579ms
[61.166s][info][gc,cpu         ] GC(276) User=0.00s Sys=0.00s Real=0.00s
[61.306s][info][gc,start       ] GC(277) Pause Young (Allocation Failure)
[61.314s][info][gc,heap        ] GC(277) DefNew: 561016K(629440K)->1529K(629440K) Eden: 559552K(559552K)->0K(559552K) From: 1464K(69888K)->1529K(69888K)
[61.314s][info][gc,heap        ] GC(277) Tenured: 41353K(1398144K)->41353K(1398144K)
[61.314s][info][gc,metaspace   ] GC(277) Metaspace: 73241K(73792K)->73241K(73792K) NonClass: 58228K(58432K)->58228K(58432K) Class: 15012K(15360K)->15012K(15360K)
[61.314s][info][gc             ] GC(277) Pause Young (Allocation Failure) 588M->41M(1980M) 8.957ms
[61.314s][info][gc,cpu         ] GC(277) User=0.00s Sys=0.00s Real=0.00s
[61.455s][info][gc,start       ] GC(278) Pause Young (Allocation Failure)
[61.464s][info][gc,heap        ] GC(278) DefNew: 561081K(629440K)->1520K(629440K) Eden: 559552K(559552K)->0K(559552K) From: 1529K(69888K)->1520K(69888K)
[61.464s][info][gc,heap        ] GC(278) Tenured: 41353K(1398144K)->41353K(1398144K)
[61.464s][info][gc,metaspace   ] GC(278) Metaspace: 73241K(73792K)->73241K(73792K) NonClass: 58228K(58432K)->58228K(58432K) Class: 15012K(15360K)->15012K(15360K)
[61.464s][info][gc             ] GC(278) Pause Young (Allocation Failure) 588M->41M(1980M) 8.702ms
[61.464s][info][gc,cpu         ] GC(278) User=0.00s Sys=0.00s Real=0.00s
[61.604s][info][gc,start       ] GC(279) Pause Young (Allocation Failure)
[61.613s][info][gc,heap        ] GC(279) DefNew: 561072K(629440K)->1458K(629440K) Eden: 559552K(559552K)->0K(559552K) From: 1520K(69888K)->1458K(69888K)
[61.613s][info][gc,heap        ] GC(279) Tenured: 41353K(1398144K)->41369K(1398144K)
[61.613s][info][gc,metaspace   ] GC(279) Metaspace: 73241K(73792K)->73241K(73792K) NonClass: 58228K(58432K)->58228K(58432K) Class: 15012K(15360K)->15012K(15360K)
[61.613s][info][gc             ] GC(279) Pause Young (Allocation Failure) 588M->41M(1980M) 8.673ms
[61.613s][info][gc,cpu         ] GC(279) User=0.02s Sys=0.00s Real=0.00s
[61.753s][info][gc,start       ] GC(280) Pause Young (Allocation Failure)
[61.762s][info][gc,heap        ] GC(280) DefNew: 561010K(629440K)->1439K(629440K) Eden: 559552K(559552K)->0K(559552K) From: 1458K(69888K)->1439K(69888K)
[61.762s][info][gc,heap        ] GC(280) Tenured: 41369K(1398144K)->41369K(1398144K)
[61.762s][info][gc,metaspace   ] GC(280) Metaspace: 73241K(73792K)->73241K(73792K) NonClass: 58228K(58432K)->58228K(58432K) Class: 15012K(15360K)->15012K(15360K)
[61.763s][info][gc             ] GC(280) Pause Young (Allocation Failure) 588M->41M(1980M) 9.216ms
[61.763s][info][gc,cpu         ] GC(280) User=0.00s Sys=0.00s Real=0.00s
[61.903s][info][gc,start       ] GC(281) Pause Young (Allocation Failure)
[61.911s][info][gc,heap        ] GC(281) DefNew: 560991K(629440K)->1464K(629440K) Eden: 559552K(559552K)->0K(559552K) From: 1439K(69888K)->1464K(69888K)
[61.911s][info][gc,heap        ] GC(281) Tenured: 41369K(1398144K)->41369K(1398144K)
[61.911s][info][gc,metaspace   ] GC(281) Metaspace: 73241K(73792K)->73241K(73792K) NonClass: 58228K(58432K)->58228K(58432K) Class: 15012K(15360K)->15012K(15360K)
[61.911s][info][gc             ] GC(281) Pause Young (Allocation Failure) 588M->41M(1980M) 8.952ms
[61.911s][info][gc,cpu         ] GC(281) User=0.00s Sys=0.00s Real=0.00s
[62.052s][info][gc,start       ] GC(282) Pause Young (Allocation Failure)
[62.060s][info][gc,heap        ] GC(282) DefNew: 561016K(629440K)->1449K(629440K) Eden: 559552K(559552K)->0K(559552K) From: 1464K(69888K)->1449K(69888K)
[62.061s][info][gc,heap        ] GC(282) Tenured: 41369K(1398144K)->41369K(1398144K)
[62.061s][info][gc,metaspace   ] GC(282) Metaspace: 73241K(73792K)->73241K(73792K) NonClass: 58228K(58432K)->58228K(58432K) Class: 15012K(15360K)->15012K(15360K)
[62.061s][info][gc             ] GC(282) Pause Young (Allocation Failure) 588M->41M(1980M) 8.468ms
[62.061s][info][gc,cpu         ] GC(282) User=0.00s Sys=0.00s Real=0.00s
[62.200s][info][gc,start       ] GC(283) Pause Young (Allocation Failure)
[62.209s][info][gc,heap        ] GC(283) DefNew: 561001K(629440K)->1490K(629440K) Eden: 559552K(559552K)->0K(559552K) From: 1449K(69888K)->1490K(69888K)
[62.209s][info][gc,heap        ] GC(283) Tenured: 41369K(1398144K)->41369K(1398144K)
[62.209s][info][gc,metaspace   ] GC(283) Metaspace: 73241K(73792K)->73241K(73792K) NonClass: 58228K(58432K)->58228K(58432K) Class: 15012K(15360K)->15012K(15360K)
[62.209s][info][gc             ] GC(283) Pause Young (Allocation Failure) 588M->41M(1980M) 8.678ms
[62.209s][info][gc,cpu         ] GC(283) User=0.00s Sys=0.00s Real=0.01s
[62.349s][info][gc,start       ] GC(284) Pause Young (Allocation Failure)
[62.358s][info][gc,heap        ] GC(284) DefNew: 561042K(629440K)->1494K(629440K) Eden: 559552K(559552K)->0K(559552K) From: 1490K(69888K)->1494K(69888K)
[62.358s][info][gc,heap        ] GC(284) Tenured: 41369K(1398144K)->41369K(1398144K)
[62.358s][info][gc,metaspace   ] GC(284) Metaspace: 73241K(73792K)->73241K(73792K) NonClass: 58228K(58432K)->58228K(58432K) Class: 15012K(15360K)->15012K(15360K)
[62.358s][info][gc             ] GC(284) Pause Young (Allocation Failure) 588M->41M(1980M) 9.418ms
[62.358s][info][gc,cpu         ] GC(284) User=0.02s Sys=0.00s Real=0.01s
[62.498s][info][gc,start       ] GC(285) Pause Young (Allocation Failure)
[62.507s][info][gc,heap        ] GC(285) DefNew: 561046K(629440K)->1418K(629440K) Eden: 559552K(559552K)->0K(559552K) From: 1494K(69888K)->1418K(69888K)
[62.507s][info][gc,heap        ] GC(285) Tenured: 41369K(1398144K)->41423K(1398144K)
[62.507s][info][gc,metaspace   ] GC(285) Metaspace: 73241K(73792K)->73241K(73792K) NonClass: 58228K(58432K)->58228K(58432K) Class: 15012K(15360K)->15012K(15360K)
[62.507s][info][gc             ] GC(285) Pause Young (Allocation Failure) 588M->41M(1980M) 8.825ms
[62.507s][info][gc,cpu         ] GC(285) User=0.00s Sys=0.00s Real=0.00s
[62.647s][info][gc,start       ] GC(286) Pause Young (Allocation Failure)
[62.657s][info][gc,heap        ] GC(286) DefNew: 560970K(629440K)->1419K(629440K) Eden: 559552K(559552K)->0K(559552K) From: 1418K(69888K)->1419K(69888K)
[62.657s][info][gc,heap        ] GC(286) Tenured: 41423K(1398144K)->41423K(1398144K)
[62.657s][info][gc,metaspace   ] GC(286) Metaspace: 73241K(73792K)->73241K(73792K) NonClass: 58228K(58432K)->58228K(58432K) Class: 15012K(15360K)->15012K(15360K)
[62.657s][info][gc             ] GC(286) Pause Young (Allocation Failure) 588M->41M(1980M) 9.477ms
[62.657s][info][gc,cpu         ] GC(286) User=0.02s Sys=0.00s Real=0.01s
[62.798s][info][gc,start       ] GC(287) Pause Young (Allocation Failure)
[62.807s][info][gc,heap        ] GC(287) DefNew: 560971K(629440K)->1430K(629440K) Eden: 559552K(559552K)->0K(559552K) From: 1419K(69888K)->1430K(69888K)
[62.807s][info][gc,heap        ] GC(287) Tenured: 41423K(1398144K)->41423K(1398144K)
[62.807s][info][gc,metaspace   ] GC(287) Metaspace: 73241K(73792K)->73241K(73792K) NonClass: 58228K(58432K)->58228K(58432K) Class: 15012K(15360K)->15012K(15360K)
[62.807s][info][gc             ] GC(287) Pause Young (Allocation Failure) 588M->41M(1980M) 9.852ms
[62.807s][info][gc,cpu         ] GC(287) User=0.00s Sys=0.00s Real=0.00s
[62.949s][info][gc,start       ] GC(288) Pause Young (Allocation Failure)
[62.958s][info][gc,heap        ] GC(288) DefNew: 560982K(629440K)->1476K(629440K) Eden: 559552K(559552K)->0K(559552K) From: 1430K(69888K)->1476K(69888K)
[62.958s][info][gc,heap        ] GC(288) Tenured: 41423K(1398144K)->41423K(1398144K)
[62.958s][info][gc,metaspace   ] GC(288) Metaspace: 73241K(73792K)->73241K(73792K) NonClass: 58228K(58432K)->58228K(58432K) Class: 15012K(15360K)->15012K(15360K)
[62.958s][info][gc             ] GC(288) Pause Young (Allocation Failure) 588M->41M(1980M) 9.434ms
[62.958s][info][gc,cpu         ] GC(288) User=0.00s Sys=0.00s Real=0.00s
[63.100s][info][gc,start       ] GC(289) Pause Young (Allocation Failure)
[63.109s][info][gc,heap        ] GC(289) DefNew: 561028K(629440K)->1455K(629440K) Eden: 559552K(559552K)->0K(559552K) From: 1476K(69888K)->1455K(69888K)
[63.109s][info][gc,heap        ] GC(289) Tenured: 41423K(1398144K)->41423K(1398144K)
[63.109s][info][gc,metaspace   ] GC(289) Metaspace: 73242K(73792K)->73242K(73792K) NonClass: 58229K(58432K)->58229K(58432K) Class: 15012K(15360K)->15012K(15360K)
[63.109s][info][gc             ] GC(289) Pause Young (Allocation Failure) 588M->41M(1980M) 9.050ms
[63.109s][info][gc,cpu         ] GC(289) User=0.00s Sys=0.00s Real=0.00s
[63.256s][info][gc,start       ] GC(290) Pause Young (Allocation Failure)
[63.265s][info][gc,heap        ] GC(290) DefNew: 561007K(629440K)->1506K(629440K) Eden: 559552K(559552K)->0K(559552K) From: 1455K(69888K)->1506K(69888K)
[63.265s][info][gc,heap        ] GC(290) Tenured: 41423K(1398144K)->41423K(1398144K)
[63.265s][info][gc,metaspace   ] GC(290) Metaspace: 73242K(73792K)->73242K(73792K) NonClass: 58229K(58432K)->58229K(58432K) Class: 15012K(15360K)->15012K(15360K)
[63.265s][info][gc             ] GC(290) Pause Young (Allocation Failure) 588M->41M(1980M) 9.456ms
[63.265s][info][gc,cpu         ] GC(290) User=0.00s Sys=0.00s Real=0.00s
[63.439s][info][gc,start       ] GC(291) Pause Young (Allocation Failure)
[63.450s][info][gc,heap        ] GC(291) DefNew: 561058K(629440K)->1457K(629440K) Eden: 559552K(559552K)->0K(559552K) From: 1506K(69888K)->1457K(69888K)
[63.450s][info][gc,heap        ] GC(291) Tenured: 41423K(1398144K)->41423K(1398144K)
[63.450s][info][gc,metaspace   ] GC(291) Metaspace: 73242K(73792K)->73242K(73792K) NonClass: 58229K(58432K)->58229K(58432K) Class: 15012K(15360K)->15012K(15360K)
[63.450s][info][gc             ] GC(291) Pause Young (Allocation Failure) 588M->41M(1980M) 10.431ms
[63.450s][info][gc,cpu         ] GC(291) User=0.00s Sys=0.00s Real=0.00s
[63.651s][info][gc,start       ] GC(292) Pause Young (Allocation Failure)
[63.657s][info][gc,heap        ] GC(292) DefNew: 561009K(629440K)->1384K(629440K) Eden: 559552K(559552K)->0K(559552K) From: 1457K(69888K)->1384K(69888K)
[63.657s][info][gc,heap        ] GC(292) Tenured: 41423K(1398144K)->41439K(1398144K)
[63.657s][info][gc,metaspace   ] GC(292) Metaspace: 73242K(73792K)->73242K(73792K) NonClass: 58229K(58432K)->58229K(58432K) Class: 15012K(15360K)->15012K(15360K)
[63.657s][info][gc             ] GC(292) Pause Young (Allocation Failure) 588M->41M(1980M) 6.231ms
[63.658s][info][gc,cpu         ] GC(292) User=0.02s Sys=0.00s Real=0.00s
[63.932s][info][gc,start       ] GC(293) Pause Young (Allocation Failure)
[63.938s][info][gc,heap        ] GC(293) DefNew: 560936K(629440K)->1345K(629440K) Eden: 559552K(559552K)->0K(559552K) From: 1384K(69888K)->1345K(69888K)
[63.938s][info][gc,heap        ] GC(293) Tenured: 41439K(1398144K)->41439K(1398144K)
[63.938s][info][gc,metaspace   ] GC(293) Metaspace: 73242K(73792K)->73242K(73792K) NonClass: 58229K(58432K)->58229K(58432K) Class: 15012K(15360K)->15012K(15360K)
[63.938s][info][gc             ] GC(293) Pause Young (Allocation Failure) 588M->41M(1980M) 5.485ms
[63.938s][info][gc,cpu         ] GC(293) User=0.02s Sys=0.00s Real=0.00s
[64.305s][info][gc,start       ] GC(294) Pause Young (Allocation Failure)
[64.309s][info][gc,heap        ] GC(294) DefNew: 560897K(629440K)->1361K(629440K) Eden: 559552K(559552K)->0K(559552K) From: 1345K(69888K)->1361K(69888K)
[64.309s][info][gc,heap        ] GC(294) Tenured: 41439K(1398144K)->41439K(1398144K)
[64.309s][info][gc,metaspace   ] GC(294) Metaspace: 73242K(73792K)->73242K(73792K) NonClass: 58229K(58432K)->58229K(58432K) Class: 15012K(15360K)->15012K(15360K)
[64.309s][info][gc             ] GC(294) Pause Young (Allocation Failure) 588M->41M(1980M) 4.212ms
[64.309s][info][gc,cpu         ] GC(294) User=0.02s Sys=0.00s Real=0.02s
[64.674s][info][gc,start       ] GC(295) Pause Young (Allocation Failure)
[64.678s][info][gc,heap        ] GC(295) DefNew: 560913K(629440K)->1346K(629440K) Eden: 559552K(559552K)->0K(559552K) From: 1361K(69888K)->1346K(69888K)
[64.678s][info][gc,heap        ] GC(295) Tenured: 41439K(1398144K)->41439K(1398144K)
[64.678s][info][gc,metaspace   ] GC(295) Metaspace: 73242K(73792K)->73242K(73792K) NonClass: 58229K(58432K)->58229K(58432K) Class: 15012K(15360K)->15012K(15360K)
[64.678s][info][gc             ] GC(295) Pause Young (Allocation Failure) 588M->41M(1980M) 4.166ms
[64.678s][info][gc,cpu         ] GC(295) User=0.00s Sys=0.00s Real=0.00s
[65.048s][info][gc,start       ] GC(296) Pause Young (Allocation Failure)
[65.052s][info][gc,heap        ] GC(296) DefNew: 560898K(629440K)->1347K(629440K) Eden: 559552K(559552K)->0K(559552K) From: 1346K(69888K)->1347K(69888K)
[65.052s][info][gc,heap        ] GC(296) Tenured: 41439K(1398144K)->41439K(1398144K)
[65.052s][info][gc,metaspace   ] GC(296) Metaspace: 73242K(73792K)->73242K(73792K) NonClass: 58229K(58432K)->58229K(58432K) Class: 15012K(15360K)->15012K(15360K)
[65.052s][info][gc             ] GC(296) Pause Young (Allocation Failure) 588M->41M(1980M) 4.251ms
[65.052s][info][gc,cpu         ] GC(296) User=0.02s Sys=0.00s Real=0.02s
[65.284s][info][gc,start       ] GC(297) Pause Full (System.gc())
[65.284s][info][gc,phases,start] GC(297) Phase 1: Mark live objects
[65.337s][info][gc,phases      ] GC(297) Phase 1: Mark live objects 52.329ms
[65.337s][info][gc,phases,start] GC(297) Phase 2: Compute new object addresses
[65.451s][info][gc,phases      ] GC(297) Phase 2: Compute new object addresses 114.560ms
[65.451s][info][gc,phases,start] GC(297) Phase 3: Adjust pointers
[65.477s][info][gc,phases      ] GC(297) Phase 3: Adjust pointers 25.239ms
[65.477s][info][gc,phases,start] GC(297) Phase 4: Move objects
[65.478s][info][gc,phases      ] GC(297) Phase 4: Move objects 1.069ms
[65.478s][info][gc,heap        ] GC(297) DefNew: 276723K(629440K)->0K(629440K) Eden: 275376K(559552K)->0K(559552K) From: 1347K(69888K)->0K(69888K)
[65.478s][info][gc,heap        ] GC(297) Tenured: 41439K(1398144K)->42702K(1398144K)
[65.478s][info][gc,metaspace   ] GC(297) Metaspace: 73245K(73792K)->73245K(73792K) NonClass: 58232K(58432K)->58232K(58432K) Class: 15012K(15360K)->15012K(15360K)
[65.478s][info][gc             ] GC(297) Pause Full (System.gc()) 310M->41M(1980M) 193.981ms
[65.478s][info][gc,cpu         ] GC(297) User=0.19s Sys=0.00s Real=0.19s
[65.647s][info][gc,start       ] GC(298) Pause Young (Allocation Failure)
[65.662s][info][gc,heap        ] GC(298) DefNew: 559552K(629440K)->3532K(629440K) Eden: 559552K(559552K)->0K(559552K) From: 0K(69888K)->3532K(69888K)
[65.662s][info][gc,heap        ] GC(298) Tenured: 42702K(1398144K)->42702K(1398144K)
[65.663s][info][gc,metaspace   ] GC(298) Metaspace: 73311K(73920K)->73311K(73920K) NonClass: 58298K(58560K)->58298K(58560K) Class: 15012K(15360K)->15012K(15360K)
[65.663s][info][gc             ] GC(298) Pause Young (Allocation Failure) 588M->45M(1980M) 15.387ms
[65.663s][info][gc,cpu         ] GC(298) User=0.02s Sys=0.00s Real=0.01s
[65.803s][info][gc,start       ] GC(299) Pause Young (Allocation Failure)
[65.815s][info][gc,heap        ] GC(299) DefNew: 563084K(629440K)->3528K(629440K) Eden: 559552K(559552K)->0K(559552K) From: 3532K(69888K)->3528K(69888K)
[65.815s][info][gc,heap        ] GC(299) Tenured: 42702K(1398144K)->42702K(1398144K)
[65.815s][info][gc,metaspace   ] GC(299) Metaspace: 73311K(73920K)->73311K(73920K) NonClass: 58298K(58560K)->58298K(58560K) Class: 15012K(15360K)->15012K(15360K)
[65.815s][info][gc             ] GC(299) Pause Young (Allocation Failure) 591M->45M(1980M) 12.493ms
[65.815s][info][gc,cpu         ] GC(299) User=0.00s Sys=0.00s Real=0.00s
[65.954s][info][gc,start       ] GC(300) Pause Young (Allocation Failure)
[65.968s][info][gc,heap        ] GC(300) DefNew: 563080K(629440K)->3577K(629440K) Eden: 559552K(559552K)->0K(559552K) From: 3528K(69888K)->3577K(69888K)
[65.968s][info][gc,heap        ] GC(300) Tenured: 42702K(1398144K)->42702K(1398144K)
[65.968s][info][gc,metaspace   ] GC(300) Metaspace: 73311K(73920K)->73311K(73920K) NonClass: 58298K(58560K)->58298K(58560K) Class: 15012K(15360K)->15012K(15360K)
[65.968s][info][gc             ] GC(300) Pause Young (Allocation Failure) 591M->45M(1980M) 14.194ms
[65.968s][info][gc,cpu         ] GC(300) User=0.00s Sys=0.00s Real=0.00s
[66.110s][info][gc,start       ] GC(301) Pause Young (Allocation Failure)
[66.123s][info][gc,heap        ] GC(301) DefNew: 563129K(629440K)->3573K(629440K) Eden: 559552K(559552K)->0K(559552K) From: 3577K(69888K)->3573K(69888K)
[66.123s][info][gc,heap        ] GC(301) Tenured: 42702K(1398144K)->42702K(1398144K)
[66.123s][info][gc,metaspace   ] GC(301) Metaspace: 73311K(73920K)->73311K(73920K) NonClass: 58298K(58560K)->58298K(58560K) Class: 15012K(15360K)->15012K(15360K)
[66.123s][info][gc             ] GC(301) Pause Young (Allocation Failure) 591M->45M(1980M) 13.107ms
[66.123s][info][gc,cpu         ] GC(301) User=0.00s Sys=0.00s Real=0.00s
[66.265s][info][gc,start       ] GC(302) Pause Young (Allocation Failure)
[66.279s][info][gc,heap        ] GC(302) DefNew: 563125K(629440K)->3607K(629440K) Eden: 559552K(559552K)->0K(559552K) From: 3573K(69888K)->3607K(69888K)
[66.279s][info][gc,heap        ] GC(302) Tenured: 42702K(1398144K)->42702K(1398144K)
[66.279s][info][gc,metaspace   ] GC(302) Metaspace: 73311K(73920K)->73311K(73920K) NonClass: 58298K(58560K)->58298K(58560K) Class: 15012K(15360K)->15012K(15360K)
[66.279s][info][gc             ] GC(302) Pause Young (Allocation Failure) 591M->45M(1980M) 14.135ms
[66.279s][info][gc,cpu         ] GC(302) User=0.02s Sys=0.00s Real=0.01s
[66.419s][info][gc,start       ] GC(303) Pause Young (Allocation Failure)
[66.432s][info][gc,heap        ] GC(303) DefNew: 563159K(629440K)->3506K(629440K) Eden: 559552K(559552K)->0K(559552K) From: 3607K(69888K)->3506K(69888K)
[66.432s][info][gc,heap        ] GC(303) Tenured: 42702K(1398144K)->42702K(1398144K)
[66.432s][info][gc,metaspace   ] GC(303) Metaspace: 73311K(73920K)->73311K(73920K) NonClass: 58298K(58560K)->58298K(58560K) Class: 15012K(15360K)->15012K(15360K)
[66.432s][info][gc             ] GC(303) Pause Young (Allocation Failure) 591M->45M(1980M) 13.198ms
[66.432s][info][gc,cpu         ] GC(303) User=0.00s Sys=0.00s Real=0.00s
[66.576s][info][gc,start       ] GC(304) Pause Young (Allocation Failure)
[66.588s][info][gc,heap        ] GC(304) DefNew: 563058K(629440K)->3503K(629440K) Eden: 559552K(559552K)->0K(559552K) From: 3506K(69888K)->3503K(69888K)
[66.589s][info][gc,heap        ] GC(304) Tenured: 42702K(1398144K)->42702K(1398144K)
[66.589s][info][gc,metaspace   ] GC(304) Metaspace: 73311K(73920K)->73311K(73920K) NonClass: 58298K(58560K)->58298K(58560K) Class: 15012K(15360K)->15012K(15360K)
[66.589s][info][gc             ] GC(304) Pause Young (Allocation Failure) 591M->45M(1980M) 12.341ms
[66.589s][info][gc,cpu         ] GC(304) User=0.00s Sys=0.00s Real=0.00s
[66.728s][info][gc,start       ] GC(305) Pause Young (Allocation Failure)
[66.740s][info][gc,heap        ] GC(305) DefNew: 563055K(629440K)->3497K(629440K) Eden: 559552K(559552K)->0K(559552K) From: 3503K(69888K)->3497K(69888K)
[66.741s][info][gc,heap        ] GC(305) Tenured: 42702K(1398144K)->42702K(1398144K)
[66.741s][info][gc,metaspace   ] GC(305) Metaspace: 73311K(73920K)->73311K(73920K) NonClass: 58298K(58560K)->58298K(58560K) Class: 15012K(15360K)->15012K(15360K)
[66.741s][info][gc             ] GC(305) Pause Young (Allocation Failure) 591M->45M(1980M) 12.082ms
[66.741s][info][gc,cpu         ] GC(305) User=0.00s Sys=0.00s Real=0.00s
[66.881s][info][gc,start       ] GC(306) Pause Young (Allocation Failure)
[66.893s][info][gc,heap        ] GC(306) DefNew: 563049K(629440K)->3481K(629440K) Eden: 559552K(559552K)->0K(559552K) From: 3497K(69888K)->3481K(69888K)
[66.893s][info][gc,heap        ] GC(306) Tenured: 42702K(1398144K)->42702K(1398144K)
[66.893s][info][gc,metaspace   ] GC(306) Metaspace: 73311K(73920K)->73311K(73920K) NonClass: 58298K(58560K)->58298K(58560K) Class: 15012K(15360K)->15012K(15360K)
[66.893s][info][gc             ] GC(306) Pause Young (Allocation Failure) 591M->45M(1980M) 11.983ms
[66.893s][info][gc,cpu         ] GC(306) User=0.00s Sys=0.00s Real=0.00s
[67.033s][info][gc,start       ] GC(307) Pause Young (Allocation Failure)
[67.046s][info][gc,heap        ] GC(307) DefNew: 563033K(629440K)->3469K(629440K) Eden: 559552K(559552K)->0K(559552K) From: 3481K(69888K)->3469K(69888K)
[67.046s][info][gc,heap        ] GC(307) Tenured: 42702K(1398144K)->42702K(1398144K)
[67.046s][info][gc,metaspace   ] GC(307) Metaspace: 73311K(73920K)->73311K(73920K) NonClass: 58298K(58560K)->58298K(58560K) Class: 15012K(15360K)->15012K(15360K)
[67.046s][info][gc             ] GC(307) Pause Young (Allocation Failure) 591M->45M(1980M) 12.667ms
[67.046s][info][gc,cpu         ] GC(307) User=0.02s Sys=0.00s Real=0.01s
[67.188s][info][gc,start       ] GC(308) Pause Young (Allocation Failure)
[67.200s][info][gc,heap        ] GC(308) DefNew: 563021K(629440K)->3474K(629440K) Eden: 559552K(559552K)->0K(559552K) From: 3469K(69888K)->3474K(69888K)
[67.200s][info][gc,heap        ] GC(308) Tenured: 42702K(1398144K)->42702K(1398144K)
[67.200s][info][gc,metaspace   ] GC(308) Metaspace: 73311K(73920K)->73311K(73920K) NonClass: 58298K(58560K)->58298K(58560K) Class: 15012K(15360K)->15012K(15360K)
[67.200s][info][gc             ] GC(308) Pause Young (Allocation Failure) 591M->45M(1980M) 12.111ms
[67.200s][info][gc,cpu         ] GC(308) User=0.00s Sys=0.00s Real=0.00s
[67.340s][info][gc,start       ] GC(309) Pause Young (Allocation Failure)
[67.352s][info][gc,heap        ] GC(309) DefNew: 563026K(629440K)->3481K(629440K) Eden: 559552K(559552K)->0K(559552K) From: 3474K(69888K)->3481K(69888K)
[67.352s][info][gc,heap        ] GC(309) Tenured: 42702K(1398144K)->42702K(1398144K)
[67.352s][info][gc,metaspace   ] GC(309) Metaspace: 73311K(73920K)->73311K(73920K) NonClass: 58298K(58560K)->58298K(58560K) Class: 15012K(15360K)->15012K(15360K)
[67.352s][info][gc             ] GC(309) Pause Young (Allocation Failure) 591M->45M(1980M) 12.345ms
[67.352s][info][gc,cpu         ] GC(309) User=0.00s Sys=0.00s Real=0.00s
[67.493s][info][gc,start       ] GC(310) Pause Young (Allocation Failure)
[67.505s][info][gc,heap        ] GC(310) DefNew: 563033K(629440K)->3549K(629440K) Eden: 559552K(559552K)->0K(559552K) From: 3481K(69888K)->3549K(69888K)
[67.505s][info][gc,heap        ] GC(310) Tenured: 42702K(1398144K)->42702K(1398144K)
[67.505s][info][gc,metaspace   ] GC(310) Metaspace: 73311K(73920K)->73311K(73920K) NonClass: 58298K(58560K)->58298K(58560K) Class: 15012K(15360K)->15012K(15360K)
[67.505s][info][gc             ] GC(310) Pause Young (Allocation Failure) 591M->45M(1980M) 12.496ms
[67.505s][info][gc,cpu         ] GC(310) User=0.00s Sys=0.00s Real=0.00s
[67.646s][info][gc,start       ] GC(311) Pause Young (Allocation Failure)
[67.658s][info][gc,heap        ] GC(311) DefNew: 563101K(629440K)->3540K(629440K) Eden: 559552K(559552K)->0K(559552K) From: 3549K(69888K)->3540K(69888K)
[67.658s][info][gc,heap        ] GC(311) Tenured: 42702K(1398144K)->42702K(1398144K)
[67.658s][info][gc,metaspace   ] GC(311) Metaspace: 73311K(73920K)->73311K(73920K) NonClass: 58298K(58560K)->58298K(58560K) Class: 15012K(15360K)->15012K(15360K)
[67.658s][info][gc             ] GC(311) Pause Young (Allocation Failure) 591M->45M(1980M) 12.457ms
[67.658s][info][gc,cpu         ] GC(311) User=0.00s Sys=0.00s Real=0.00s
[67.800s][info][gc,start       ] GC(312) Pause Young (Allocation Failure)
[67.812s][info][gc,heap        ] GC(312) DefNew: 563092K(629440K)->3534K(629440K) Eden: 559552K(559552K)->0K(559552K) From: 3540K(69888K)->3534K(69888K)
[67.812s][info][gc,heap        ] GC(312) Tenured: 42702K(1398144K)->42702K(1398144K)
[67.812s][info][gc,metaspace   ] GC(312) Metaspace: 73311K(73920K)->73311K(73920K) NonClass: 58298K(58560K)->58298K(58560K) Class: 15012K(15360K)->15012K(15360K)
[67.812s][info][gc             ] GC(312) Pause Young (Allocation Failure) 591M->45M(1980M) 12.155ms
[67.812s][info][gc,cpu         ] GC(312) User=0.00s Sys=0.00s Real=0.00s
[67.953s][info][gc,start       ] GC(313) Pause Young (Allocation Failure)
[67.965s][info][gc,heap        ] GC(313) DefNew: 563086K(629440K)->1412K(629440K) Eden: 559552K(559552K)->0K(559552K) From: 3534K(69888K)->1412K(69888K)
[67.965s][info][gc,heap        ] GC(313) Tenured: 42702K(1398144K)->44776K(1398144K)
[67.965s][info][gc,metaspace   ] GC(313) Metaspace: 73311K(73920K)->73311K(73920K) NonClass: 58298K(58560K)->58298K(58560K) Class: 15012K(15360K)->15012K(15360K)
[67.965s][info][gc             ] GC(313) Pause Young (Allocation Failure) 591M->45M(1980M) 12.661ms
[67.965s][info][gc,cpu         ] GC(313) User=0.00s Sys=0.00s Real=0.00s
[68.106s][info][gc,start       ] GC(314) Pause Young (Allocation Failure)
[68.115s][info][gc,heap        ] GC(314) DefNew: 560964K(629440K)->1489K(629440K) Eden: 559552K(559552K)->0K(559552K) From: 1412K(69888K)->1489K(69888K)
[68.115s][info][gc,heap        ] GC(314) Tenured: 44776K(1398144K)->44776K(1398144K)
[68.115s][info][gc,metaspace   ] GC(314) Metaspace: 73311K(73920K)->73311K(73920K) NonClass: 58298K(58560K)->58298K(58560K) Class: 15012K(15360K)->15012K(15360K)
[68.115s][info][gc             ] GC(314) Pause Young (Allocation Failure) 591M->45M(1980M) 8.787ms
[68.115s][info][gc,cpu         ] GC(314) User=0.00s Sys=0.00s Real=0.00s
[68.255s][info][gc,start       ] GC(315) Pause Young (Allocation Failure)
[68.263s][info][gc,heap        ] GC(315) DefNew: 561041K(629440K)->1475K(629440K) Eden: 559552K(559552K)->0K(559552K) From: 1489K(69888K)->1475K(69888K)
[68.263s][info][gc,heap        ] GC(315) Tenured: 44776K(1398144K)->44776K(1398144K)
[68.263s][info][gc,metaspace   ] GC(315) Metaspace: 73311K(73920K)->73311K(73920K) NonClass: 58298K(58560K)->58298K(58560K) Class: 15012K(15360K)->15012K(15360K)
[68.263s][info][gc             ] GC(315) Pause Young (Allocation Failure) 591M->45M(1980M) 8.651ms
[68.264s][info][gc,cpu         ] GC(315) User=0.00s Sys=0.00s Real=0.00s
[68.404s][info][gc,start       ] GC(316) Pause Young (Allocation Failure)
[68.412s][info][gc,heap        ] GC(316) DefNew: 561027K(629440K)->1459K(629440K) Eden: 559552K(559552K)->0K(559552K) From: 1475K(69888K)->1459K(69888K)
[68.412s][info][gc,heap        ] GC(316) Tenured: 44776K(1398144K)->44776K(1398144K)
[68.412s][info][gc,metaspace   ] GC(316) Metaspace: 73311K(73920K)->73311K(73920K) NonClass: 58298K(58560K)->58298K(58560K) Class: 15012K(15360K)->15012K(15360K)
[68.412s][info][gc             ] GC(316) Pause Young (Allocation Failure) 591M->45M(1980M) 8.405ms
[68.412s][info][gc,cpu         ] GC(316) User=0.00s Sys=0.00s Real=0.00s
[68.552s][info][gc,start       ] GC(317) Pause Young (Allocation Failure)
[68.560s][info][gc,heap        ] GC(317) DefNew: 561011K(629440K)->1484K(629440K) Eden: 559552K(559552K)->0K(559552K) From: 1459K(69888K)->1484K(69888K)
[68.560s][info][gc,heap        ] GC(317) Tenured: 44776K(1398144K)->44792K(1398144K)
[68.560s][info][gc,metaspace   ] GC(317) Metaspace: 73311K(73920K)->73311K(73920K) NonClass: 58298K(58560K)->58298K(58560K) Class: 15012K(15360K)->15012K(15360K)
[68.560s][info][gc             ] GC(317) Pause Young (Allocation Failure) 591M->45M(1980M) 8.708ms
[68.561s][info][gc,cpu         ] GC(317) User=0.00s Sys=0.00s Real=0.00s
[68.703s][info][gc,start       ] GC(318) Pause Young (Allocation Failure)
[68.712s][info][gc,heap        ] GC(318) DefNew: 561036K(629440K)->1491K(629440K) Eden: 559552K(559552K)->0K(559552K) From: 1484K(69888K)->1491K(69888K)
[68.713s][info][gc,heap        ] GC(318) Tenured: 44792K(1398144K)->44795K(1398144K)
[68.713s][info][gc,metaspace   ] GC(318) Metaspace: 73311K(73920K)->73311K(73920K) NonClass: 58298K(58560K)->58298K(58560K) Class: 15012K(15360K)->15012K(15360K)
[68.713s][info][gc             ] GC(318) Pause Young (Allocation Failure) 591M->45M(1980M) 9.883ms
[68.713s][info][gc,cpu         ] GC(318) User=0.00s Sys=0.00s Real=0.00s
[68.854s][info][gc,start       ] GC(319) Pause Young (Allocation Failure)
[68.863s][info][gc,heap        ] GC(319) DefNew: 561043K(629440K)->1480K(629440K) Eden: 559552K(559552K)->0K(559552K) From: 1491K(69888K)->1480K(69888K)
[68.863s][info][gc,heap        ] GC(319) Tenured: 44795K(1398144K)->44795K(1398144K)
[68.863s][info][gc,metaspace   ] GC(319) Metaspace: 73311K(73920K)->73311K(73920K) NonClass: 58298K(58560K)->58298K(58560K) Class: 15012K(15360K)->15012K(15360K)
[68.863s][info][gc             ] GC(319) Pause Young (Allocation Failure) 591M->45M(1980M) 9.601ms
[68.863s][info][gc,cpu         ] GC(319) User=0.00s Sys=0.00s Real=0.00s
[69.004s][info][gc,start       ] GC(320) Pause Young (Allocation Failure)
[69.013s][info][gc,heap        ] GC(320) DefNew: 561032K(629440K)->1482K(629440K) Eden: 559552K(559552K)->0K(559552K) From: 1480K(69888K)->1482K(69888K)
[69.013s][info][gc,heap        ] GC(320) Tenured: 44795K(1398144K)->44795K(1398144K)
[69.013s][info][gc,metaspace   ] GC(320) Metaspace: 73311K(73920K)->73311K(73920K) NonClass: 58298K(58560K)->58298K(58560K) Class: 15012K(15360K)->15012K(15360K)
[69.013s][info][gc             ] GC(320) Pause Young (Allocation Failure) 591M->45M(1980M) 9.579ms
[69.013s][info][gc,cpu         ] GC(320) User=0.00s Sys=0.00s Real=0.00s
[69.154s][info][gc,start       ] GC(321) Pause Young (Allocation Failure)
[69.163s][info][gc,heap        ] GC(321) DefNew: 561034K(629440K)->1439K(629440K) Eden: 559552K(559552K)->0K(559552K) From: 1482K(69888K)->1439K(69888K)
[69.163s][info][gc,heap        ] GC(321) Tenured: 44795K(1398144K)->44795K(1398144K)
[69.163s][info][gc,metaspace   ] GC(321) Metaspace: 73311K(73920K)->73311K(73920K) NonClass: 58298K(58560K)->58298K(58560K) Class: 15012K(15360K)->15012K(15360K)
[69.163s][info][gc             ] GC(321) Pause Young (Allocation Failure) 591M->45M(1980M) 9.217ms
[69.163s][info][gc,cpu         ] GC(321) User=0.00s Sys=0.00s Real=0.00s
[69.304s][info][gc,start       ] GC(322) Pause Young (Allocation Failure)
[69.313s][info][gc,heap        ] GC(322) DefNew: 560991K(629440K)->1458K(629440K) Eden: 559552K(559552K)->0K(559552K) From: 1439K(69888K)->1458K(69888K)
[69.313s][info][gc,heap        ] GC(322) Tenured: 44795K(1398144K)->44795K(1398144K)
[69.313s][info][gc,metaspace   ] GC(322) Metaspace: 73311K(73920K)->73311K(73920K) NonClass: 58298K(58560K)->58298K(58560K) Class: 15012K(15360K)->15012K(15360K)
[69.313s][info][gc             ] GC(322) Pause Young (Allocation Failure) 591M->45M(1980M) 9.123ms
[69.314s][info][gc,cpu         ] GC(322) User=0.00s Sys=0.00s Real=0.00s
[69.455s][info][gc,start       ] GC(323) Pause Young (Allocation Failure)
[69.463s][info][gc,heap        ] GC(323) DefNew: 561010K(629440K)->1421K(629440K) Eden: 559552K(559552K)->0K(559552K) From: 1458K(69888K)->1421K(69888K)
[69.463s][info][gc,heap        ] GC(323) Tenured: 44795K(1398144K)->44795K(1398144K)
[69.463s][info][gc,metaspace   ] GC(323) Metaspace: 73311K(73920K)->73311K(73920K) NonClass: 58298K(58560K)->58298K(58560K) Class: 15012K(15360K)->15012K(15360K)
[69.463s][info][gc             ] GC(323) Pause Young (Allocation Failure) 591M->45M(1980M) 8.284ms
[69.463s][info][gc,cpu         ] GC(323) User=0.00s Sys=0.00s Real=0.01s
[69.604s][info][gc,start       ] GC(324) Pause Young (Allocation Failure)
[69.612s][info][gc,heap        ] GC(324) DefNew: 560973K(629440K)->1461K(629440K) Eden: 559552K(559552K)->0K(559552K) From: 1421K(69888K)->1461K(69888K)
[69.612s][info][gc,heap        ] GC(324) Tenured: 44795K(1398144K)->44811K(1398144K)
[69.612s][info][gc,metaspace   ] GC(324) Metaspace: 73311K(73920K)->73311K(73920K) NonClass: 58298K(58560K)->58298K(58560K) Class: 15012K(15360K)->15012K(15360K)
[69.612s][info][gc             ] GC(324) Pause Young (Allocation Failure) 591M->45M(1980M) 8.636ms
[69.612s][info][gc,cpu         ] GC(324) User=0.00s Sys=0.00s Real=0.00s
[69.753s][info][gc,start       ] GC(325) Pause Young (Allocation Failure)
[69.762s][info][gc,heap        ] GC(325) DefNew: 561013K(629440K)->1475K(629440K) Eden: 559552K(559552K)->0K(559552K) From: 1461K(69888K)->1475K(69888K)
[69.762s][info][gc,heap        ] GC(325) Tenured: 44811K(1398144K)->44811K(1398144K)
[69.762s][info][gc,metaspace   ] GC(325) Metaspace: 73311K(73920K)->73311K(73920K) NonClass: 58298K(58560K)->58298K(58560K) Class: 15012K(15360K)->15012K(15360K)
[69.762s][info][gc             ] GC(325) Pause Young (Allocation Failure) 591M->45M(1980M) 9.528ms
[69.762s][info][gc,cpu         ] GC(325) User=0.00s Sys=0.00s Real=0.00s
[69.902s][info][gc,start       ] GC(326) Pause Young (Allocation Failure)
[69.911s][info][gc,heap        ] GC(326) DefNew: 561027K(629440K)->1460K(629440K) Eden: 559552K(559552K)->0K(559552K) From: 1475K(69888K)->1460K(69888K)
[69.911s][info][gc,heap        ] GC(326) Tenured: 44811K(1398144K)->44811K(1398144K)
[69.911s][info][gc,metaspace   ] GC(326) Metaspace: 73311K(73920K)->73311K(73920K) NonClass: 58298K(58560K)->58298K(58560K) Class: 15012K(15360K)->15012K(15360K)
[69.911s][info][gc             ] GC(326) Pause Young (Allocation Failure) 591M->45M(1980M) 8.918ms
[69.911s][info][gc,cpu         ] GC(326) User=0.00s Sys=0.00s Real=0.00s
[70.051s][info][gc,start       ] GC(327) Pause Young (Allocation Failure)
[70.060s][info][gc,heap        ] GC(327) DefNew: 561012K(629440K)->1489K(629440K) Eden: 559552K(559552K)->0K(559552K) From: 1460K(69888K)->1489K(69888K)
[70.060s][info][gc,heap        ] GC(327) Tenured: 44811K(1398144K)->44811K(1398144K)
[70.060s][info][gc,metaspace   ] GC(327) Metaspace: 73311K(73920K)->73311K(73920K) NonClass: 58298K(58560K)->58298K(58560K) Class: 15012K(15360K)->15012K(15360K)
[70.060s][info][gc             ] GC(327) Pause Young (Allocation Failure) 591M->45M(1980M) 8.653ms
[70.060s][info][gc,cpu         ] GC(327) User=0.00s Sys=0.00s Real=0.00s
[70.200s][info][gc,start       ] GC(328) Pause Young (Allocation Failure)
[70.209s][info][gc,heap        ] GC(328) DefNew: 561041K(629440K)->1532K(629440K) Eden: 559552K(559552K)->0K(559552K) From: 1489K(69888K)->1532K(69888K)
[70.209s][info][gc,heap        ] GC(328) Tenured: 44811K(1398144K)->44811K(1398144K)
[70.209s][info][gc,metaspace   ] GC(328) Metaspace: 73311K(73920K)->73311K(73920K) NonClass: 58298K(58560K)->58298K(58560K) Class: 15012K(15360K)->15012K(15360K)
[70.209s][info][gc             ] GC(328) Pause Young (Allocation Failure) 591M->45M(1980M) 8.936ms
[70.209s][info][gc,cpu         ] GC(328) User=0.00s Sys=0.00s Real=0.00s
[70.351s][info][gc,start       ] GC(329) Pause Young (Allocation Failure)
[70.360s][info][gc,heap        ] GC(329) DefNew: 561084K(629440K)->1511K(629440K) Eden: 559552K(559552K)->0K(559552K) From: 1532K(69888K)->1511K(69888K)
[70.360s][info][gc,heap        ] GC(329) Tenured: 44811K(1398144K)->44849K(1398144K)
[70.360s][info][gc,metaspace   ] GC(329) Metaspace: 73322K(73920K)->73322K(73920K) NonClass: 58309K(58560K)->58309K(58560K) Class: 15012K(15360K)->15012K(15360K)
[70.360s][info][gc             ] GC(329) Pause Young (Allocation Failure) 591M->45M(1980M) 9.118ms
[70.360s][info][gc,cpu         ] GC(329) User=0.00s Sys=0.00s Real=0.00s
[70.502s][info][gc,start       ] GC(330) Pause Young (Allocation Failure)
[70.510s][info][gc,heap        ] GC(330) DefNew: 561063K(629440K)->1420K(629440K) Eden: 559552K(559552K)->0K(559552K) From: 1511K(69888K)->1420K(69888K)
[70.510s][info][gc,heap        ] GC(330) Tenured: 44849K(1398144K)->44865K(1398144K)
[70.510s][info][gc,metaspace   ] GC(330) Metaspace: 73322K(73920K)->73322K(73920K) NonClass: 58309K(58560K)->58309K(58560K) Class: 15012K(15360K)->15012K(15360K)
[70.510s][info][gc             ] GC(330) Pause Young (Allocation Failure) 591M->45M(1980M) 8.621ms
[70.510s][info][gc,cpu         ] GC(330) User=0.00s Sys=0.00s Real=0.00s
[70.653s][info][gc,start       ] GC(331) Pause Young (Allocation Failure)
[70.662s][info][gc,heap        ] GC(331) DefNew: 560972K(629440K)->1511K(629440K) Eden: 559552K(559552K)->0K(559552K) From: 1420K(69888K)->1511K(69888K)
[70.662s][info][gc,heap        ] GC(331) Tenured: 44865K(1398144K)->44865K(1398144K)
[70.662s][info][gc,metaspace   ] GC(331) Metaspace: 73322K(73920K)->73322K(73920K) NonClass: 58309K(58560K)->58309K(58560K) Class: 15012K(15360K)->15012K(15360K)
[70.662s][info][gc             ] GC(331) Pause Young (Allocation Failure) 591M->45M(1980M) 9.005ms
[70.662s][info][gc,cpu         ] GC(331) User=0.00s Sys=0.00s Real=0.00s
[70.817s][info][gc,start       ] GC(332) Pause Young (Allocation Failure)
[70.825s][info][gc,heap        ] GC(332) DefNew: 561063K(629440K)->1455K(629440K) Eden: 559552K(559552K)->0K(559552K) From: 1511K(69888K)->1455K(69888K)
[70.825s][info][gc,heap        ] GC(332) Tenured: 44865K(1398144K)->44865K(1398144K)
[70.825s][info][gc,metaspace   ] GC(332) Metaspace: 73322K(73920K)->73322K(73920K) NonClass: 58309K(58560K)->58309K(58560K) Class: 15012K(15360K)->15012K(15360K)
[70.825s][info][gc             ] GC(332) Pause Young (Allocation Failure) 591M->45M(1980M) 7.984ms
[70.825s][info][gc,cpu         ] GC(332) User=0.00s Sys=0.00s Real=0.00s
[70.997s][info][gc,start       ] GC(333) Pause Young (Allocation Failure)
[71.004s][info][gc,heap        ] GC(333) DefNew: 561007K(629440K)->1415K(629440K) Eden: 559552K(559552K)->0K(559552K) From: 1455K(69888K)->1415K(69888K)
[71.004s][info][gc,heap        ] GC(333) Tenured: 44865K(1398144K)->44865K(1398144K)
[71.004s][info][gc,metaspace   ] GC(333) Metaspace: 73322K(73920K)->73322K(73920K) NonClass: 58309K(58560K)->58309K(58560K) Class: 15012K(15360K)->15012K(15360K)
[71.004s][info][gc             ] GC(333) Pause Young (Allocation Failure) 591M->45M(1980M) 7.014ms
[71.004s][info][gc,cpu         ] GC(333) User=0.00s Sys=0.00s Real=0.00s
[71.213s][info][gc,start       ] GC(334) Pause Young (Allocation Failure)
[71.219s][info][gc,heap        ] GC(334) DefNew: 560967K(629440K)->1440K(629440K) Eden: 559552K(559552K)->0K(559552K) From: 1415K(69888K)->1440K(69888K)
[71.219s][info][gc,heap        ] GC(334) Tenured: 44865K(1398144K)->44865K(1398144K)
[71.219s][info][gc,metaspace   ] GC(334) Metaspace: 73322K(73920K)->73322K(73920K) NonClass: 58309K(58560K)->58309K(58560K) Class: 15012K(15360K)->15012K(15360K)
[71.219s][info][gc             ] GC(334) Pause Young (Allocation Failure) 591M->45M(1980M) 6.300ms
[71.219s][info][gc,cpu         ] GC(334) User=0.02s Sys=0.00s Real=0.01s
[71.470s][info][gc,start       ] GC(335) Pause Young (Allocation Failure)
[71.475s][info][gc,heap        ] GC(335) DefNew: 560992K(629440K)->1369K(629440K) Eden: 559552K(559552K)->0K(559552K) From: 1440K(69888K)->1369K(69888K)
[71.475s][info][gc,heap        ] GC(335) Tenured: 44865K(1398144K)->44865K(1398144K)
[71.475s][info][gc,metaspace   ] GC(335) Metaspace: 73322K(73920K)->73322K(73920K) NonClass: 58309K(58560K)->58309K(58560K) Class: 15012K(15360K)->15012K(15360K)
[71.475s][info][gc             ] GC(335) Pause Young (Allocation Failure) 591M->45M(1980M) 5.421ms
[71.475s][info][gc,cpu         ] GC(335) User=0.00s Sys=0.00s Real=0.00s
[71.816s][info][gc,start       ] GC(336) Pause Young (Allocation Failure)
[71.821s][info][gc,heap        ] GC(336) DefNew: 560921K(629440K)->1378K(629440K) Eden: 559552K(559552K)->0K(559552K) From: 1369K(69888K)->1378K(69888K)
[71.821s][info][gc,heap        ] GC(336) Tenured: 44865K(1398144K)->44865K(1398144K)
[71.821s][info][gc,metaspace   ] GC(336) Metaspace: 73322K(73920K)->73322K(73920K) NonClass: 58309K(58560K)->58309K(58560K) Class: 15012K(15360K)->15012K(15360K)
[71.821s][info][gc             ] GC(336) Pause Young (Allocation Failure) 591M->45M(1980M) 4.598ms
[71.821s][info][gc,cpu         ] GC(336) User=0.00s Sys=0.00s Real=0.00s
[72.198s][info][gc,start       ] GC(337) Pause Young (Allocation Failure)
[72.202s][info][gc,heap        ] GC(337) DefNew: 560930K(629440K)->1365K(629440K) Eden: 559552K(559552K)->0K(559552K) From: 1378K(69888K)->1365K(69888K)
[72.202s][info][gc,heap        ] GC(337) Tenured: 44865K(1398144K)->44881K(1398144K)
[72.202s][info][gc,metaspace   ] GC(337) Metaspace: 73322K(73920K)->73322K(73920K) NonClass: 58309K(58560K)->58309K(58560K) Class: 15012K(15360K)->15012K(15360K)
[72.202s][info][gc             ] GC(337) Pause Young (Allocation Failure) 591M->45M(1980M) 4.414ms
[72.202s][info][gc,cpu         ] GC(337) User=0.02s Sys=0.02s Real=0.00s
[72.579s][info][gc,start       ] GC(338) Pause Young (Allocation Failure)
[72.583s][info][gc,heap        ] GC(338) DefNew: 560917K(629440K)->1367K(629440K) Eden: 559552K(559552K)->0K(559552K) From: 1365K(69888K)->1367K(69888K)
[72.583s][info][gc,heap        ] GC(338) Tenured: 44881K(1398144K)->44881K(1398144K)
[72.583s][info][gc,metaspace   ] GC(338) Metaspace: 73322K(73920K)->73322K(73920K) NonClass: 58309K(58560K)->58309K(58560K) Class: 15012K(15360K)->15012K(15360K)
[72.583s][info][gc             ] GC(338) Pause Young (Allocation Failure) 591M->45M(1980M) 4.221ms
[72.583s][info][gc,cpu         ] GC(338) User=0.00s Sys=0.00s Real=0.00s
[72.807s][info][gc,start       ] GC(339) Pause Full (System.gc())
[72.807s][info][gc,phases,start] GC(339) Phase 1: Mark live objects
[72.858s][info][gc,phases      ] GC(339) Phase 1: Mark live objects 51.102ms
[72.858s][info][gc,phases,start] GC(339) Phase 2: Compute new object addresses
[72.959s][info][gc,phases      ] GC(339) Phase 2: Compute new object addresses 100.885ms
[72.959s][info][gc,phases,start] GC(339) Phase 3: Adjust pointers
[72.983s][info][gc,phases      ] GC(339) Phase 3: Adjust pointers 24.604ms
[72.984s][info][gc,phases,start] GC(339) Phase 4: Move objects
[72.985s][info][gc,phases      ] GC(339) Phase 4: Move objects 1.064ms
[72.985s][info][gc,heap        ] GC(339) DefNew: 277942K(629440K)->0K(629440K) Eden: 276574K(559552K)->0K(559552K) From: 1367K(69888K)->0K(69888K)
[72.985s][info][gc,heap        ] GC(339) Tenured: 44881K(1398144K)->46168K(1398144K)
[72.985s][info][gc,metaspace   ] GC(339) Metaspace: 73361K(73984K)->73361K(73984K) NonClass: 58348K(58624K)->58348K(58624K) Class: 15012K(15360K)->15012K(15360K)
[72.985s][info][gc             ] GC(339) Pause Full (System.gc()) 315M->45M(1980M) 178.449ms
[72.985s][info][gc,cpu         ] GC(339) User=0.17s Sys=0.00s Real=0.17s
[73.151s][info][gc,start       ] GC(340) Pause Young (Allocation Failure)
[73.168s][info][gc,heap        ] GC(340) DefNew: 559552K(629440K)->3517K(629440K) Eden: 559552K(559552K)->0K(559552K) From: 0K(69888K)->3517K(69888K)
[73.168s][info][gc,heap        ] GC(340) Tenured: 46168K(1398144K)->46168K(1398144K)
[73.168s][info][gc,metaspace   ] GC(340) Metaspace: 73502K(74112K)->73502K(74112K) NonClass: 58489K(58752K)->58489K(58752K) Class: 15012K(15360K)->15012K(15360K)
[73.168s][info][gc             ] GC(340) Pause Young (Allocation Failure) 591M->48M(1980M) 17.093ms
[73.168s][info][gc,cpu         ] GC(340) User=0.02s Sys=0.00s Real=0.02s
[73.310s][info][gc,start       ] GC(341) Pause Young (Allocation Failure)
[73.322s][info][gc,heap        ] GC(341) DefNew: 563069K(629440K)->3580K(629440K) Eden: 559552K(559552K)->0K(559552K) From: 3517K(69888K)->3580K(69888K)
[73.322s][info][gc,heap        ] GC(341) Tenured: 46168K(1398144K)->46168K(1398144K)
[73.322s][info][gc,metaspace   ] GC(341) Metaspace: 73502K(74112K)->73502K(74112K) NonClass: 58489K(58752K)->58489K(58752K) Class: 15012K(15360K)->15012K(15360K)
[73.323s][info][gc             ] GC(341) Pause Young (Allocation Failure) 594M->48M(1980M) 12.917ms
[73.323s][info][gc,cpu         ] GC(341) User=0.00s Sys=0.00s Real=0.00s
[73.462s][info][gc,start       ] GC(342) Pause Young (Allocation Failure)
[73.476s][info][gc,heap        ] GC(342) DefNew: 563132K(629440K)->3537K(629440K) Eden: 559552K(559552K)->0K(559552K) From: 3580K(69888K)->3537K(69888K)
[73.476s][info][gc,heap        ] GC(342) Tenured: 46168K(1398144K)->46168K(1398144K)
[73.476s][info][gc,metaspace   ] GC(342) Metaspace: 73502K(74112K)->73502K(74112K) NonClass: 58489K(58752K)->58489K(58752K) Class: 15012K(15360K)->15012K(15360K)
[73.476s][info][gc             ] GC(342) Pause Young (Allocation Failure) 595M->48M(1980M) 13.665ms
[73.476s][info][gc,cpu         ] GC(342) User=0.02s Sys=0.00s Real=0.00s
[73.618s][info][gc,start       ] GC(343) Pause Young (Allocation Failure)
[73.630s][info][gc,heap        ] GC(343) DefNew: 563089K(629440K)->3492K(629440K) Eden: 559552K(559552K)->0K(559552K) From: 3537K(69888K)->3492K(69888K)
[73.630s][info][gc,heap        ] GC(343) Tenured: 46168K(1398144K)->46168K(1398144K)
[73.630s][info][gc,metaspace   ] GC(343) Metaspace: 73502K(74112K)->73502K(74112K) NonClass: 58489K(58752K)->58489K(58752K) Class: 15012K(15360K)->15012K(15360K)
[73.630s][info][gc             ] GC(343) Pause Young (Allocation Failure) 594M->48M(1980M) 12.748ms
[73.630s][info][gc,cpu         ] GC(343) User=0.00s Sys=0.00s Real=0.00s
[73.771s][info][gc,start       ] GC(344) Pause Young (Allocation Failure)
[73.783s][info][gc,heap        ] GC(344) DefNew: 563044K(629440K)->3449K(629440K) Eden: 559552K(559552K)->0K(559552K) From: 3492K(69888K)->3449K(69888K)
[73.783s][info][gc,heap        ] GC(344) Tenured: 46168K(1398144K)->46168K(1398144K)
[73.783s][info][gc,metaspace   ] GC(344) Metaspace: 73502K(74112K)->73502K(74112K) NonClass: 58489K(58752K)->58489K(58752K) Class: 15012K(15360K)->15012K(15360K)
[73.783s][info][gc             ] GC(344) Pause Young (Allocation Failure) 594M->48M(1980M) 12.006ms
[73.783s][info][gc,cpu         ] GC(344) User=0.00s Sys=0.00s Real=0.00s
[73.923s][info][gc,start       ] GC(345) Pause Young (Allocation Failure)
[73.937s][info][gc,heap        ] GC(345) DefNew: 563001K(629440K)->3474K(629440K) Eden: 559552K(559552K)->0K(559552K) From: 3449K(69888K)->3474K(69888K)
[73.937s][info][gc,heap        ] GC(345) Tenured: 46168K(1398144K)->46168K(1398144K)
[73.937s][info][gc,metaspace   ] GC(345) Metaspace: 73502K(74112K)->73502K(74112K) NonClass: 58489K(58752K)->58489K(58752K) Class: 15012K(15360K)->15012K(15360K)
[73.937s][info][gc             ] GC(345) Pause Young (Allocation Failure) 594M->48M(1980M) 13.624ms
[73.937s][info][gc,cpu         ] GC(345) User=0.02s Sys=0.00s Real=0.01s
[74.077s][info][gc,start       ] GC(346) Pause Young (Allocation Failure)
[74.090s][info][gc,heap        ] GC(346) DefNew: 563026K(629440K)->3582K(629440K) Eden: 559552K(559552K)->0K(559552K) From: 3474K(69888K)->3582K(69888K)
[74.090s][info][gc,heap        ] GC(346) Tenured: 46168K(1398144K)->46168K(1398144K)
[74.090s][info][gc,metaspace   ] GC(346) Metaspace: 73502K(74112K)->73502K(74112K) NonClass: 58489K(58752K)->58489K(58752K) Class: 15012K(15360K)->15012K(15360K)
[74.090s][info][gc             ] GC(346) Pause Young (Allocation Failure) 594M->48M(1980M) 12.955ms
[74.090s][info][gc,cpu         ] GC(346) User=0.00s Sys=0.00s Real=0.00s
[74.233s][info][gc,start       ] GC(347) Pause Young (Allocation Failure)
[74.245s][info][gc,heap        ] GC(347) DefNew: 563134K(629440K)->3541K(629440K) Eden: 559551K(559552K)->0K(559552K) From: 3582K(69888K)->3541K(69888K)
[74.245s][info][gc,heap        ] GC(347) Tenured: 46168K(1398144K)->46168K(1398144K)
[74.245s][info][gc,metaspace   ] GC(347) Metaspace: 73502K(74112K)->73502K(74112K) NonClass: 58489K(58752K)->58489K(58752K) Class: 15012K(15360K)->15012K(15360K)
[74.245s][info][gc             ] GC(347) Pause Young (Allocation Failure) 595M->48M(1980M) 12.333ms
[74.245s][info][gc,cpu         ] GC(347) User=0.00s Sys=0.00s Real=0.00s
[74.385s][info][gc,start       ] GC(348) Pause Young (Allocation Failure)
[74.398s][info][gc,heap        ] GC(348) DefNew: 563093K(629440K)->3556K(629440K) Eden: 559552K(559552K)->0K(559552K) From: 3541K(69888K)->3556K(69888K)
[74.398s][info][gc,heap        ] GC(348) Tenured: 46168K(1398144K)->46168K(1398144K)
[74.398s][info][gc,metaspace   ] GC(348) Metaspace: 73502K(74112K)->73502K(74112K) NonClass: 58489K(58752K)->58489K(58752K) Class: 15012K(15360K)->15012K(15360K)
[74.398s][info][gc             ] GC(348) Pause Young (Allocation Failure) 594M->48M(1980M) 12.547ms
[74.398s][info][gc,cpu         ] GC(348) User=0.02s Sys=0.00s Real=0.00s
[74.538s][info][gc,start       ] GC(349) Pause Young (Allocation Failure)
[74.551s][info][gc,heap        ] GC(349) DefNew: 563108K(629440K)->3507K(629440K) Eden: 559552K(559552K)->0K(559552K) From: 3556K(69888K)->3507K(69888K)
[74.551s][info][gc,heap        ] GC(349) Tenured: 46168K(1398144K)->46168K(1398144K)
[74.551s][info][gc,metaspace   ] GC(349) Metaspace: 73502K(74112K)->73502K(74112K) NonClass: 58489K(58752K)->58489K(58752K) Class: 15012K(15360K)->15012K(15360K)
[74.551s][info][gc             ] GC(349) Pause Young (Allocation Failure) 594M->48M(1980M) 13.481ms
[74.551s][info][gc,cpu         ] GC(349) User=0.00s Sys=0.00s Real=0.00s
[74.693s][info][gc,start       ] GC(350) Pause Young (Allocation Failure)
[74.706s][info][gc,heap        ] GC(350) DefNew: 563059K(629440K)->3556K(629440K) Eden: 559552K(559552K)->0K(559552K) From: 3507K(69888K)->3556K(69888K)
[74.706s][info][gc,heap        ] GC(350) Tenured: 46168K(1398144K)->46168K(1398144K)
[74.706s][info][gc,metaspace   ] GC(350) Metaspace: 73502K(74112K)->73502K(74112K) NonClass: 58489K(58752K)->58489K(58752K) Class: 15012K(15360K)->15012K(15360K)
[74.706s][info][gc             ] GC(350) Pause Young (Allocation Failure) 594M->48M(1980M) 12.938ms
[74.706s][info][gc,cpu         ] GC(350) User=0.00s Sys=0.00s Real=0.00s
[74.847s][info][gc,start       ] GC(351) Pause Young (Allocation Failure)
[74.861s][info][gc,heap        ] GC(351) DefNew: 563108K(629440K)->3553K(629440K) Eden: 559552K(559552K)->0K(559552K) From: 3556K(69888K)->3553K(69888K)
[74.861s][info][gc,heap        ] GC(351) Tenured: 46168K(1398144K)->46168K(1398144K)
[74.861s][info][gc,metaspace   ] GC(351) Metaspace: 73502K(74112K)->73502K(74112K) NonClass: 58489K(58752K)->58489K(58752K) Class: 15012K(15360K)->15012K(15360K)
[74.861s][info][gc             ] GC(351) Pause Young (Allocation Failure) 594M->48M(1980M) 13.905ms
[74.861s][info][gc,cpu         ] GC(351) User=0.02s Sys=0.00s Real=0.01s
[75.001s][info][gc,start       ] GC(352) Pause Young (Allocation Failure)
[75.014s][info][gc,heap        ] GC(352) DefNew: 563105K(629440K)->3564K(629440K) Eden: 559552K(559552K)->0K(559552K) From: 3553K(69888K)->3564K(69888K)
[75.014s][info][gc,heap        ] GC(352) Tenured: 46168K(1398144K)->46168K(1398144K)
[75.014s][info][gc,metaspace   ] GC(352) Metaspace: 73502K(74112K)->73502K(74112K) NonClass: 58489K(58752K)->58489K(58752K) Class: 15012K(15360K)->15012K(15360K)
[75.014s][info][gc             ] GC(352) Pause Young (Allocation Failure) 594M->48M(1980M) 12.987ms
[75.014s][info][gc,cpu         ] GC(352) User=0.00s Sys=0.00s Real=0.00s
[75.156s][info][gc,start       ] GC(353) Pause Young (Allocation Failure)
[75.169s][info][gc,heap        ] GC(353) DefNew: 563116K(629440K)->3546K(629440K) Eden: 559552K(559552K)->0K(559552K) From: 3564K(69888K)->3546K(69888K)
[75.169s][info][gc,heap        ] GC(353) Tenured: 46168K(1398144K)->46168K(1398144K)
[75.169s][info][gc,metaspace   ] GC(353) Metaspace: 73502K(74112K)->73502K(74112K) NonClass: 58489K(58752K)->58489K(58752K) Class: 15012K(15360K)->15012K(15360K)
[75.169s][info][gc             ] GC(353) Pause Young (Allocation Failure) 595M->48M(1980M) 12.463ms
[75.169s][info][gc,cpu         ] GC(353) User=0.00s Sys=0.00s Real=0.00s
[75.309s][info][gc,start       ] GC(354) Pause Young (Allocation Failure)
[75.322s][info][gc,heap        ] GC(354) DefNew: 563098K(629440K)->3515K(629440K) Eden: 559552K(559552K)->0K(559552K) From: 3546K(69888K)->3515K(69888K)
[75.322s][info][gc,heap        ] GC(354) Tenured: 46168K(1398144K)->46168K(1398144K)
[75.322s][info][gc,metaspace   ] GC(354) Metaspace: 73502K(74112K)->73502K(74112K) NonClass: 58489K(58752K)->58489K(58752K) Class: 15012K(15360K)->15012K(15360K)
[75.322s][info][gc             ] GC(354) Pause Young (Allocation Failure) 594M->48M(1980M) 12.284ms
[75.322s][info][gc,cpu         ] GC(354) User=0.00s Sys=0.00s Real=0.00s
[75.462s][info][gc,start       ] GC(355) Pause Young (Allocation Failure)
[75.475s][info][gc,heap        ] GC(355) DefNew: 563067K(629440K)->1443K(629440K) Eden: 559552K(559552K)->0K(559552K) From: 3515K(69888K)->1443K(69888K)
[75.475s][info][gc,heap        ] GC(355) Tenured: 46168K(1398144K)->48268K(1398144K)
[75.475s][info][gc,metaspace   ] GC(355) Metaspace: 73502K(74112K)->73502K(74112K) NonClass: 58489K(58752K)->58489K(58752K) Class: 15012K(15360K)->15012K(15360K)
[75.475s][info][gc             ] GC(355) Pause Young (Allocation Failure) 594M->48M(1980M) 13.026ms
[75.475s][info][gc,cpu         ] GC(355) User=0.00s Sys=0.00s Real=0.00s
[75.618s][info][gc,start       ] GC(356) Pause Young (Allocation Failure)
[75.627s][info][gc,heap        ] GC(356) DefNew: 560995K(629440K)->1527K(629440K) Eden: 559552K(559552K)->0K(559552K) From: 1443K(69888K)->1527K(69888K)
[75.627s][info][gc,heap        ] GC(356) Tenured: 48268K(1398144K)->48284K(1398144K)
[75.627s][info][gc,metaspace   ] GC(356) Metaspace: 73504K(74112K)->73504K(74112K) NonClass: 58491K(58752K)->58491K(58752K) Class: 15012K(15360K)->15012K(15360K)
[75.627s][info][gc             ] GC(356) Pause Young (Allocation Failure) 594M->48M(1980M) 9.021ms
[75.627s][info][gc,cpu         ] GC(356) User=0.00s Sys=0.00s Real=0.00s
[75.767s][info][gc,start       ] GC(357) Pause Young (Allocation Failure)
[75.776s][info][gc,heap        ] GC(357) DefNew: 561079K(629440K)->1505K(629440K) Eden: 559552K(559552K)->0K(559552K) From: 1527K(69888K)->1505K(69888K)
[75.776s][info][gc,heap        ] GC(357) Tenured: 48284K(1398144K)->48284K(1398144K)
[75.776s][info][gc,metaspace   ] GC(357) Metaspace: 73504K(74112K)->73504K(74112K) NonClass: 58491K(58752K)->58491K(58752K) Class: 15012K(15360K)->15012K(15360K)
[75.776s][info][gc             ] GC(357) Pause Young (Allocation Failure) 595M->48M(1980M) 8.674ms
[75.776s][info][gc,cpu         ] GC(357) User=0.00s Sys=0.00s Real=0.00s
[75.916s][info][gc,start       ] GC(358) Pause Young (Allocation Failure)
[75.924s][info][gc,heap        ] GC(358) DefNew: 561057K(629440K)->1423K(629440K) Eden: 559552K(559552K)->0K(559552K) From: 1505K(69888K)->1423K(69888K)
[75.925s][info][gc,heap        ] GC(358) Tenured: 48284K(1398144K)->48285K(1398144K)
[75.925s][info][gc,metaspace   ] GC(358) Metaspace: 73504K(74112K)->73504K(74112K) NonClass: 58491K(58752K)->58491K(58752K) Class: 15012K(15360K)->15012K(15360K)
[75.925s][info][gc             ] GC(358) Pause Young (Allocation Failure) 595M->48M(1980M) 8.372ms
[75.925s][info][gc,cpu         ] GC(358) User=0.00s Sys=0.00s Real=0.00s
[76.065s][info][gc,start       ] GC(359) Pause Young (Allocation Failure)
[76.073s][info][gc,heap        ] GC(359) DefNew: 560975K(629440K)->1491K(629440K) Eden: 559552K(559552K)->0K(559552K) From: 1423K(69888K)->1491K(69888K)
[76.073s][info][gc,heap        ] GC(359) Tenured: 48285K(1398144K)->48285K(1398144K)
[76.074s][info][gc,metaspace   ] GC(359) Metaspace: 73504K(74112K)->73504K(74112K) NonClass: 58491K(58752K)->58491K(58752K) Class: 15012K(15360K)->15012K(15360K)
[76.074s][info][gc             ] GC(359) Pause Young (Allocation Failure) 594M->48M(1980M) 8.604ms
[76.074s][info][gc,cpu         ] GC(359) User=0.00s Sys=0.00s Real=0.00s
[76.214s][info][gc,start       ] GC(360) Pause Young (Allocation Failure)
[76.223s][info][gc,heap        ] GC(360) DefNew: 561043K(629440K)->1556K(629440K) Eden: 559552K(559552K)->0K(559552K) From: 1491K(69888K)->1556K(69888K)
[76.223s][info][gc,heap        ] GC(360) Tenured: 48285K(1398144K)->48285K(1398144K)
[76.223s][info][gc,metaspace   ] GC(360) Metaspace: 73504K(74112K)->73504K(74112K) NonClass: 58491K(58752K)->58491K(58752K) Class: 15012K(15360K)->15012K(15360K)
[76.223s][info][gc             ] GC(360) Pause Young (Allocation Failure) 595M->48M(1980M) 8.839ms
[76.223s][info][gc,cpu         ] GC(360) User=0.00s Sys=0.00s Real=0.00s
[76.363s][info][gc,start       ] GC(361) Pause Young (Allocation Failure)
[76.373s][info][gc,heap        ] GC(361) DefNew: 561108K(629440K)->1559K(629440K) Eden: 559552K(559552K)->0K(559552K) From: 1556K(69888K)->1559K(69888K)
[76.373s][info][gc,heap        ] GC(361) Tenured: 48285K(1398144K)->48285K(1398144K)
[76.373s][info][gc,metaspace   ] GC(361) Metaspace: 73504K(74112K)->73504K(74112K) NonClass: 58491K(58752K)->58491K(58752K) Class: 15012K(15360K)->15012K(15360K)
[76.373s][info][gc             ] GC(361) Pause Young (Allocation Failure) 595M->48M(1980M) 9.812ms
[76.373s][info][gc,cpu         ] GC(361) User=0.00s Sys=0.00s Real=0.00s
[76.513s][info][gc,start       ] GC(362) Pause Young (Allocation Failure)
[76.523s][info][gc,heap        ] GC(362) DefNew: 561111K(629440K)->1528K(629440K) Eden: 559552K(559552K)->0K(559552K) From: 1559K(69888K)->1528K(69888K)
[76.523s][info][gc,heap        ] GC(362) Tenured: 48285K(1398144K)->48302K(1398144K)
[76.523s][info][gc,metaspace   ] GC(362) Metaspace: 73504K(74112K)->73504K(74112K) NonClass: 58491K(58752K)->58491K(58752K) Class: 15012K(15360K)->15012K(15360K)
[76.523s][info][gc             ] GC(362) Pause Young (Allocation Failure) 595M->48M(1980M) 9.399ms
[76.523s][info][gc,cpu         ] GC(362) User=0.00s Sys=0.00s Real=0.00s
[76.664s][info][gc,start       ] GC(363) Pause Young (Allocation Failure)
[76.672s][info][gc,heap        ] GC(363) DefNew: 561080K(629440K)->1504K(629440K) Eden: 559552K(559552K)->0K(559552K) From: 1528K(69888K)->1504K(69888K)
[76.672s][info][gc,heap        ] GC(363) Tenured: 48302K(1398144K)->48302K(1398144K)
[76.672s][info][gc,metaspace   ] GC(363) Metaspace: 73504K(74112K)->73504K(74112K) NonClass: 58491K(58752K)->58491K(58752K) Class: 15012K(15360K)->15012K(15360K)
[76.672s][info][gc             ] GC(363) Pause Young (Allocation Failure) 595M->48M(1980M) 8.722ms
[76.672s][info][gc,cpu         ] GC(363) User=0.00s Sys=0.00s Real=0.00s
[76.813s][info][gc,start       ] GC(364) Pause Young (Allocation Failure)
[76.821s][info][gc,heap        ] GC(364) DefNew: 561056K(629440K)->1471K(629440K) Eden: 559552K(559552K)->0K(559552K) From: 1504K(69888K)->1471K(69888K)
[76.821s][info][gc,heap        ] GC(364) Tenured: 48302K(1398144K)->48302K(1398144K)
[76.821s][info][gc,metaspace   ] GC(364) Metaspace: 73504K(74112K)->73504K(74112K) NonClass: 58491K(58752K)->58491K(58752K) Class: 15012K(15360K)->15012K(15360K)
[76.821s][info][gc             ] GC(364) Pause Young (Allocation Failure) 595M->48M(1980M) 8.586ms
[76.821s][info][gc,cpu         ] GC(364) User=0.00s Sys=0.00s Real=0.00s
[76.961s][info][gc,start       ] GC(365) Pause Young (Allocation Failure)
[76.969s][info][gc,heap        ] GC(365) DefNew: 561023K(629440K)->1468K(629440K) Eden: 559552K(559552K)->0K(559552K) From: 1471K(69888K)->1468K(69888K)
[76.970s][info][gc,heap        ] GC(365) Tenured: 48302K(1398144K)->48302K(1398144K)
[76.970s][info][gc,metaspace   ] GC(365) Metaspace: 73504K(74112K)->73504K(74112K) NonClass: 58491K(58752K)->58491K(58752K) Class: 15012K(15360K)->15012K(15360K)
[76.970s][info][gc             ] GC(365) Pause Young (Allocation Failure) 595M->48M(1980M) 8.567ms
[76.970s][info][gc,cpu         ] GC(365) User=0.00s Sys=0.00s Real=0.00s
[77.110s][info][gc,start       ] GC(366) Pause Young (Allocation Failure)
[77.118s][info][gc,heap        ] GC(366) DefNew: 560987K(629440K)->1490K(629440K) Eden: 559519K(559552K)->0K(559552K) From: 1468K(69888K)->1490K(69888K)
[77.118s][info][gc,heap        ] GC(366) Tenured: 48302K(1398144K)->48302K(1398144K)
[77.118s][info][gc,metaspace   ] GC(366) Metaspace: 73504K(74112K)->73504K(74112K) NonClass: 58491K(58752K)->58491K(58752K) Class: 15012K(15360K)->15012K(15360K)
[77.118s][info][gc             ] GC(366) Pause Young (Allocation Failure) 595M->48M(1980M) 8.634ms
[77.118s][info][gc,cpu         ] GC(366) User=0.00s Sys=0.00s Real=0.00s
[77.258s][info][gc,start       ] GC(367) Pause Young (Allocation Failure)
[77.267s][info][gc,heap        ] GC(367) DefNew: 561042K(629440K)->1547K(629440K) Eden: 559552K(559552K)->0K(559552K) From: 1490K(69888K)->1547K(69888K)
[77.267s][info][gc,heap        ] GC(367) Tenured: 48302K(1398144K)->48303K(1398144K)
[77.267s][info][gc,metaspace   ] GC(367) Metaspace: 73504K(74112K)->73504K(74112K) NonClass: 58491K(58752K)->58491K(58752K) Class: 15012K(15360K)->15012K(15360K)
[77.267s][info][gc             ] GC(367) Pause Young (Allocation Failure) 595M->48M(1980M) 8.913ms
[77.267s][info][gc,cpu         ] GC(367) User=0.00s Sys=0.00s Real=0.00s
[77.408s][info][gc,start       ] GC(368) Pause Young (Allocation Failure)
[77.417s][info][gc,heap        ] GC(368) DefNew: 561099K(629440K)->1492K(629440K) Eden: 559552K(559552K)->0K(559552K) From: 1547K(69888K)->1492K(69888K)
[77.417s][info][gc,heap        ] GC(368) Tenured: 48303K(1398144K)->48303K(1398144K)
[77.417s][info][gc,metaspace   ] GC(368) Metaspace: 73504K(74112K)->73504K(74112K) NonClass: 58491K(58752K)->58491K(58752K) Class: 15012K(15360K)->15012K(15360K)
[77.417s][info][gc             ] GC(368) Pause Young (Allocation Failure) 595M->48M(1980M) 9.267ms
[77.417s][info][gc,cpu         ] GC(368) User=0.00s Sys=0.00s Real=0.00s
[77.556s][info][gc,start       ] GC(369) Pause Young (Allocation Failure)
[77.566s][info][gc,heap        ] GC(369) DefNew: 561044K(629440K)->1525K(629440K) Eden: 559552K(559552K)->0K(559552K) From: 1492K(69888K)->1525K(69888K)
[77.566s][info][gc,heap        ] GC(369) Tenured: 48303K(1398144K)->48319K(1398144K)
[77.566s][info][gc,metaspace   ] GC(369) Metaspace: 73504K(74112K)->73504K(74112K) NonClass: 58491K(58752K)->58491K(58752K) Class: 15012K(15360K)->15012K(15360K)
[77.566s][info][gc             ] GC(369) Pause Young (Allocation Failure) 595M->48M(1980M) 9.280ms
[77.566s][info][gc,cpu         ] GC(369) User=0.00s Sys=0.00s Real=0.00s
[77.706s][info][gc,start       ] GC(370) Pause Young (Allocation Failure)
[77.714s][info][gc,heap        ] GC(370) DefNew: 561077K(629440K)->1466K(629440K) Eden: 559552K(559552K)->0K(559552K) From: 1525K(69888K)->1466K(69888K)
[77.714s][info][gc,heap        ] GC(370) Tenured: 48319K(1398144K)->48319K(1398144K)
[77.714s][info][gc,metaspace   ] GC(370) Metaspace: 73504K(74112K)->73504K(74112K) NonClass: 58491K(58752K)->58491K(58752K) Class: 15012K(15360K)->15012K(15360K)
[77.714s][info][gc             ] GC(370) Pause Young (Allocation Failure) 595M->48M(1980M) 8.644ms
[77.714s][info][gc,cpu         ] GC(370) User=0.00s Sys=0.00s Real=0.00s
[77.857s][info][gc,start       ] GC(371) Pause Young (Allocation Failure)
[77.866s][info][gc,heap        ] GC(371) DefNew: 561018K(629440K)->1467K(629440K) Eden: 559552K(559552K)->0K(559552K) From: 1466K(69888K)->1467K(69888K)
[77.866s][info][gc,heap        ] GC(371) Tenured: 48319K(1398144K)->48359K(1398144K)
[77.866s][info][gc,metaspace   ] GC(371) Metaspace: 73529K(74112K)->73529K(74112K) NonClass: 58516K(58752K)->58516K(58752K) Class: 15012K(15360K)->15012K(15360K)
[77.866s][info][gc             ] GC(371) Pause Young (Allocation Failure) 595M->48M(1980M) 9.102ms
[77.866s][info][gc,cpu         ] GC(371) User=0.00s Sys=0.00s Real=0.00s
[78.008s][info][gc,start       ] GC(372) Pause Young (Allocation Failure)
[78.017s][info][gc,heap        ] GC(372) DefNew: 561019K(629440K)->1465K(629440K) Eden: 559552K(559552K)->0K(559552K) From: 1467K(69888K)->1465K(69888K)
[78.017s][info][gc,heap        ] GC(372) Tenured: 48359K(1398144K)->48359K(1398144K)
[78.017s][info][gc,metaspace   ] GC(372) Metaspace: 73529K(74112K)->73529K(74112K) NonClass: 58516K(58752K)->58516K(58752K) Class: 15012K(15360K)->15012K(15360K)
[78.017s][info][gc             ] GC(372) Pause Young (Allocation Failure) 595M->48M(1980M) 8.800ms
[78.017s][info][gc,cpu         ] GC(372) User=0.00s Sys=0.00s Real=0.00s
[78.159s][info][gc,start       ] GC(373) Pause Young (Allocation Failure)
[78.168s][info][gc,heap        ] GC(373) DefNew: 561017K(629440K)->1442K(629440K) Eden: 559552K(559552K)->0K(559552K) From: 1465K(69888K)->1442K(69888K)
[78.168s][info][gc,heap        ] GC(373) Tenured: 48359K(1398144K)->48359K(1398144K)
[78.168s][info][gc,metaspace   ] GC(373) Metaspace: 73529K(74112K)->73529K(74112K) NonClass: 58516K(58752K)->58516K(58752K) Class: 15012K(15360K)->15012K(15360K)
[78.168s][info][gc             ] GC(373) Pause Young (Allocation Failure) 595M->48M(1980M) 8.504ms
[78.168s][info][gc,cpu         ] GC(373) User=0.00s Sys=0.00s Real=0.00s
[78.316s][info][gc,start       ] GC(374) Pause Young (Allocation Failure)
[78.324s][info][gc,heap        ] GC(374) DefNew: 560994K(629440K)->1489K(629440K) Eden: 559552K(559552K)->0K(559552K) From: 1442K(69888K)->1489K(69888K)
[78.324s][info][gc,heap        ] GC(374) Tenured: 48359K(1398144K)->48359K(1398144K)
[78.324s][info][gc,metaspace   ] GC(374) Metaspace: 73529K(74112K)->73529K(74112K) NonClass: 58516K(58752K)->58516K(58752K) Class: 15012K(15360K)->15012K(15360K)
[78.324s][info][gc             ] GC(374) Pause Young (Allocation Failure) 595M->48M(1980M) 8.383ms
[78.324s][info][gc,cpu         ] GC(374) User=0.00s Sys=0.00s Real=0.00s
[78.491s][info][gc,start       ] GC(375) Pause Young (Allocation Failure)
[78.498s][info][gc,heap        ] GC(375) DefNew: 561041K(629440K)->1408K(629440K) Eden: 559552K(559552K)->0K(559552K) From: 1489K(69888K)->1408K(69888K)
[78.498s][info][gc,heap        ] GC(375) Tenured: 48359K(1398144K)->48375K(1398144K)
[78.498s][info][gc,metaspace   ] GC(375) Metaspace: 73529K(74112K)->73529K(74112K) NonClass: 58516K(58752K)->58516K(58752K) Class: 15012K(15360K)->15012K(15360K)
[78.498s][info][gc             ] GC(375) Pause Young (Allocation Failure) 595M->48M(1980M) 7.017ms
[78.498s][info][gc,cpu         ] GC(375) User=0.00s Sys=0.00s Real=0.00s
[78.691s][info][gc,start       ] GC(376) Pause Young (Allocation Failure)
[78.697s][info][gc,heap        ] GC(376) DefNew: 560960K(629440K)->1409K(629440K) Eden: 559552K(559552K)->0K(559552K) From: 1408K(69888K)->1409K(69888K)
[78.697s][info][gc,heap        ] GC(376) Tenured: 48375K(1398144K)->48375K(1398144K)
[78.697s][info][gc,metaspace   ] GC(376) Metaspace: 73529K(74112K)->73529K(74112K) NonClass: 58516K(58752K)->58516K(58752K) Class: 15012K(15360K)->15012K(15360K)
[78.697s][info][gc             ] GC(376) Pause Young (Allocation Failure) 595M->48M(1980M) 6.568ms
[78.697s][info][gc,cpu         ] GC(376) User=0.00s Sys=0.00s Real=0.00s
[78.964s][info][gc,start       ] GC(377) Pause Young (Allocation Failure)
[78.969s][info][gc,heap        ] GC(377) DefNew: 560961K(629440K)->1394K(629440K) Eden: 559552K(559552K)->0K(559552K) From: 1409K(69888K)->1394K(69888K)
[78.969s][info][gc,heap        ] GC(377) Tenured: 48375K(1398144K)->48375K(1398144K)
[78.969s][info][gc,metaspace   ] GC(377) Metaspace: 73529K(74112K)->73529K(74112K) NonClass: 58516K(58752K)->58516K(58752K) Class: 15012K(15360K)->15012K(15360K)
[78.969s][info][gc             ] GC(377) Pause Young (Allocation Failure) 595M->48M(1980M) 5.291ms
[78.969s][info][gc,cpu         ] GC(377) User=0.02s Sys=0.00s Real=0.00s
[79.308s][info][gc,start       ] GC(378) Pause Young (Allocation Failure)
[79.312s][info][gc,heap        ] GC(378) DefNew: 560946K(629440K)->1356K(629440K) Eden: 559552K(559552K)->0K(559552K) From: 1394K(69888K)->1356K(69888K)
[79.312s][info][gc,heap        ] GC(378) Tenured: 48375K(1398144K)->48375K(1398144K)
[79.313s][info][gc,metaspace   ] GC(378) Metaspace: 73529K(74112K)->73529K(74112K) NonClass: 58516K(58752K)->58516K(58752K) Class: 15012K(15360K)->15012K(15360K)
[79.313s][info][gc             ] GC(378) Pause Young (Allocation Failure) 595M->48M(1980M) 4.716ms
[79.313s][info][gc,cpu         ] GC(378) User=0.02s Sys=0.00s Real=0.02s
[79.678s][info][gc,start       ] GC(379) Pause Young (Allocation Failure)
[79.682s][info][gc,heap        ] GC(379) DefNew: 560908K(629440K)->1354K(629440K) Eden: 559552K(559552K)->0K(559552K) From: 1356K(69888K)->1354K(69888K)
[79.682s][info][gc,heap        ] GC(379) Tenured: 48375K(1398144K)->48375K(1398144K)
[79.682s][info][gc,metaspace   ] GC(379) Metaspace: 73529K(74112K)->73529K(74112K) NonClass: 58516K(58752K)->58516K(58752K) Class: 15012K(15360K)->15012K(15360K)
[79.682s][info][gc             ] GC(379) Pause Young (Allocation Failure) 595M->48M(1980M) 4.389ms
[79.682s][info][gc,cpu         ] GC(379) User=0.00s Sys=0.00s Real=0.00s
[80.058s][info][gc,start       ] GC(380) Pause Young (Allocation Failure)
[80.062s][info][gc,heap        ] GC(380) DefNew: 560906K(629440K)->1366K(629440K) Eden: 559552K(559552K)->0K(559552K) From: 1354K(69888K)->1366K(69888K)
[80.062s][info][gc,heap        ] GC(380) Tenured: 48375K(1398144K)->48375K(1398144K)
[80.062s][info][gc,metaspace   ] GC(380) Metaspace: 73529K(74112K)->73529K(74112K) NonClass: 58516K(58752K)->58516K(58752K) Class: 15012K(15360K)->15012K(15360K)
[80.062s][info][gc             ] GC(380) Pause Young (Allocation Failure) 595M->48M(1980M) 4.290ms
[80.062s][info][gc,cpu         ] GC(380) User=0.02s Sys=0.00s Real=0.02s
[80.247s][info][gc,start       ] GC(381) Pause Full (System.gc())
[80.247s][info][gc,phases,start] GC(381) Phase 1: Mark live objects
[80.295s][info][gc,phases      ] GC(381) Phase 1: Mark live objects 47.763ms
[80.295s][info][gc,phases,start] GC(381) Phase 2: Compute new object addresses
[80.393s][info][gc,phases      ] GC(381) Phase 2: Compute new object addresses 98.720ms
[80.393s][info][gc,phases,start] GC(381) Phase 3: Adjust pointers
[80.419s][info][gc,phases      ] GC(381) Phase 3: Adjust pointers 26.048ms
[80.419s][info][gc,phases,start] GC(381) Phase 4: Move objects
[80.424s][info][gc,phases      ] GC(381) Phase 4: Move objects 4.851ms
[80.425s][info][gc,heap        ] GC(381) DefNew: 271843K(629440K)->0K(629440K) Eden: 270476K(559552K)->0K(559552K) From: 1366K(69888K)->0K(69888K)
[80.425s][info][gc,heap        ] GC(381) Tenured: 48375K(1398144K)->36001K(1398144K)
[80.425s][info][gc,metaspace   ] GC(381) Metaspace: 73529K(74112K)->73529K(74112K) NonClass: 58516K(58752K)->58516K(58752K) Class: 15012K(15360K)->15012K(15360K)
[80.425s][info][gc             ] GC(381) Pause Full (System.gc()) 312M->35M(1980M) 178.124ms
[80.425s][info][gc,cpu         ] GC(381) User=0.17s Sys=0.00s Real=0.17s
[80.588s][info][gc,start       ] GC(382) Pause Young (Allocation Failure)
[80.605s][info][gc,heap        ] GC(382) DefNew: 559552K(629440K)->3505K(629440K) Eden: 559552K(559552K)->0K(559552K) From: 0K(69888K)->3505K(69888K)
[80.605s][info][gc,heap        ] GC(382) Tenured: 36001K(1398144K)->36001K(1398144K)
[80.605s][info][gc,metaspace   ] GC(382) Metaspace: 73612K(74176K)->73612K(74176K) NonClass: 58599K(58816K)->58599K(58816K) Class: 15012K(15360K)->15012K(15360K)
[80.606s][info][gc             ] GC(382) Pause Young (Allocation Failure) 581M->38M(1980M) 17.191ms
[80.606s][info][gc,cpu         ] GC(382) User=0.02s Sys=0.00s Real=0.00s
[80.747s][info][gc,start       ] GC(383) Pause Young (Allocation Failure)
[80.761s][info][gc,heap        ] GC(383) DefNew: 563057K(629440K)->3450K(629440K) Eden: 559552K(559552K)->0K(559552K) From: 3505K(69888K)->3450K(69888K)
[80.761s][info][gc,heap        ] GC(383) Tenured: 36001K(1398144K)->36001K(1398144K)
[80.761s][info][gc,metaspace   ] GC(383) Metaspace: 73612K(74176K)->73612K(74176K) NonClass: 58599K(58816K)->58599K(58816K) Class: 15012K(15360K)->15012K(15360K)
[80.761s][info][gc             ] GC(383) Pause Young (Allocation Failure) 585M->38M(1980M) 13.670ms
[80.761s][info][gc,cpu         ] GC(383) User=0.00s Sys=0.00s Real=0.00s
[80.902s][info][gc,start       ] GC(384) Pause Young (Allocation Failure)
[80.915s][info][gc,heap        ] GC(384) DefNew: 563002K(629440K)->3429K(629440K) Eden: 559552K(559552K)->0K(559552K) From: 3450K(69888K)->3429K(69888K)
[80.915s][info][gc,heap        ] GC(384) Tenured: 36001K(1398144K)->36001K(1398144K)
[80.915s][info][gc,metaspace   ] GC(384) Metaspace: 73612K(74176K)->73612K(74176K) NonClass: 58599K(58816K)->58599K(58816K) Class: 15012K(15360K)->15012K(15360K)
[80.915s][info][gc             ] GC(384) Pause Young (Allocation Failure) 584M->38M(1980M) 13.603ms
[80.915s][info][gc,cpu         ] GC(384) User=0.02s Sys=0.00s Real=0.01s
[81.057s][info][gc,start       ] GC(385) Pause Young (Allocation Failure)
[81.070s][info][gc,heap        ] GC(385) DefNew: 562981K(629440K)->3503K(629440K) Eden: 559552K(559552K)->0K(559552K) From: 3429K(69888K)->3503K(69888K)
[81.070s][info][gc,heap        ] GC(385) Tenured: 36001K(1398144K)->36001K(1398144K)
[81.070s][info][gc,metaspace   ] GC(385) Metaspace: 73612K(74176K)->73612K(74176K) NonClass: 58599K(58816K)->58599K(58816K) Class: 15012K(15360K)->15012K(15360K)
[81.070s][info][gc             ] GC(385) Pause Young (Allocation Failure) 584M->38M(1980M) 13.188ms
[81.070s][info][gc,cpu         ] GC(385) User=0.02s Sys=0.00s Real=0.00s
[81.210s][info][gc,start       ] GC(386) Pause Young (Allocation Failure)
[81.224s][info][gc,heap        ] GC(386) DefNew: 563055K(629440K)->3452K(629440K) Eden: 559552K(559552K)->0K(559552K) From: 3503K(69888K)->3452K(69888K)
[81.224s][info][gc,heap        ] GC(386) Tenured: 36001K(1398144K)->36001K(1398144K)
[81.224s][info][gc,metaspace   ] GC(386) Metaspace: 73612K(74176K)->73612K(74176K) NonClass: 58599K(58816K)->58599K(58816K) Class: 15012K(15360K)->15012K(15360K)
[81.224s][info][gc             ] GC(386) Pause Young (Allocation Failure) 585M->38M(1980M) 13.681ms
[81.224s][info][gc,cpu         ] GC(386) User=0.00s Sys=0.00s Real=0.00s
[81.366s][info][gc,start       ] GC(387) Pause Young (Allocation Failure)
[81.379s][info][gc,heap        ] GC(387) DefNew: 563004K(629440K)->3476K(629440K) Eden: 559552K(559552K)->0K(559552K) From: 3452K(69888K)->3476K(69888K)
[81.379s][info][gc,heap        ] GC(387) Tenured: 36001K(1398144K)->36001K(1398144K)
[81.379s][info][gc,metaspace   ] GC(387) Metaspace: 73612K(74176K)->73612K(74176K) NonClass: 58599K(58816K)->58599K(58816K) Class: 15012K(15360K)->15012K(15360K)
[81.379s][info][gc             ] GC(387) Pause Young (Allocation Failure) 584M->38M(1980M) 12.894ms
[81.379s][info][gc,cpu         ] GC(387) User=0.00s Sys=0.00s Real=0.00s
[81.520s][info][gc,start       ] GC(388) Pause Young (Allocation Failure)
[81.534s][info][gc,heap        ] GC(388) DefNew: 563028K(629440K)->3490K(629440K) Eden: 559552K(559552K)->0K(559552K) From: 3476K(69888K)->3490K(69888K)
[81.534s][info][gc,heap        ] GC(388) Tenured: 36001K(1398144K)->36001K(1398144K)
[81.534s][info][gc,metaspace   ] GC(388) Metaspace: 73612K(74176K)->73612K(74176K) NonClass: 58599K(58816K)->58599K(58816K) Class: 15012K(15360K)->15012K(15360K)
[81.534s][info][gc             ] GC(388) Pause Young (Allocation Failure) 584M->38M(1980M) 13.773ms
[81.534s][info][gc,cpu         ] GC(388) User=0.00s Sys=0.00s Real=0.00s
[81.676s][info][gc,start       ] GC(389) Pause Young (Allocation Failure)
[81.689s][info][gc,heap        ] GC(389) DefNew: 563042K(629440K)->3447K(629440K) Eden: 559552K(559552K)->0K(559552K) From: 3490K(69888K)->3447K(69888K)
[81.689s][info][gc,heap        ] GC(389) Tenured: 36001K(1398144K)->36001K(1398144K)
[81.689s][info][gc,metaspace   ] GC(389) Metaspace: 73612K(74176K)->73612K(74176K) NonClass: 58599K(58816K)->58599K(58816K) Class: 15012K(15360K)->15012K(15360K)
[81.689s][info][gc             ] GC(389) Pause Young (Allocation Failure) 585M->38M(1980M) 12.775ms
[81.689s][info][gc,cpu         ] GC(389) User=0.00s Sys=0.00s Real=0.00s
[81.830s][info][gc,start       ] GC(390) Pause Young (Allocation Failure)
[81.842s][info][gc,heap        ] GC(390) DefNew: 562999K(629440K)->3456K(629440K) Eden: 559552K(559552K)->0K(559552K) From: 3447K(69888K)->3456K(69888K)
[81.842s][info][gc,heap        ] GC(390) Tenured: 36001K(1398144K)->36001K(1398144K)
[81.842s][info][gc,metaspace   ] GC(390) Metaspace: 73612K(74176K)->73612K(74176K) NonClass: 58599K(58816K)->58599K(58816K) Class: 15012K(15360K)->15012K(15360K)
[81.842s][info][gc             ] GC(390) Pause Young (Allocation Failure) 584M->38M(1980M) 12.125ms
[81.842s][info][gc,cpu         ] GC(390) User=0.00s Sys=0.00s Real=0.00s
[81.982s][info][gc,start       ] GC(391) Pause Young (Allocation Failure)
[81.994s][info][gc,heap        ] GC(391) DefNew: 563008K(629440K)->3412K(629440K) Eden: 559552K(559552K)->0K(559552K) From: 3456K(69888K)->3412K(69888K)
[81.994s][info][gc,heap        ] GC(391) Tenured: 36001K(1398144K)->36001K(1398144K)
[81.994s][info][gc,metaspace   ] GC(391) Metaspace: 73612K(74176K)->73612K(74176K) NonClass: 58599K(58816K)->58599K(58816K) Class: 15012K(15360K)->15012K(15360K)
[81.994s][info][gc             ] GC(391) Pause Young (Allocation Failure) 584M->38M(1980M) 12.048ms
[81.994s][info][gc,cpu         ] GC(391) User=0.00s Sys=0.00s Real=0.00s
[82.135s][info][gc,start       ] GC(392) Pause Young (Allocation Failure)
[82.147s][info][gc,heap        ] GC(392) DefNew: 562964K(629440K)->3441K(629440K) Eden: 559552K(559552K)->0K(559552K) From: 3412K(69888K)->3441K(69888K)
[82.147s][info][gc,heap        ] GC(392) Tenured: 36001K(1398144K)->36001K(1398144K)
[82.147s][info][gc,metaspace   ] GC(392) Metaspace: 73612K(74176K)->73612K(74176K) NonClass: 58599K(58816K)->58599K(58816K) Class: 15012K(15360K)->15012K(15360K)
[82.147s][info][gc             ] GC(392) Pause Young (Allocation Failure) 584M->38M(1980M) 12.053ms
[82.147s][info][gc,cpu         ] GC(392) User=0.00s Sys=0.00s Real=0.00s
[82.288s][info][gc,start       ] GC(393) Pause Young (Allocation Failure)
[82.301s][info][gc,heap        ] GC(393) DefNew: 562993K(629440K)->3524K(629440K) Eden: 559552K(559552K)->0K(559552K) From: 3441K(69888K)->3524K(69888K)
[82.301s][info][gc,heap        ] GC(393) Tenured: 36001K(1398144K)->36001K(1398144K)
[82.301s][info][gc,metaspace   ] GC(393) Metaspace: 73612K(74176K)->73612K(74176K) NonClass: 58599K(58816K)->58599K(58816K) Class: 15012K(15360K)->15012K(15360K)
[82.301s][info][gc             ] GC(393) Pause Young (Allocation Failure) 584M->38M(1980M) 12.618ms
[82.301s][info][gc,cpu         ] GC(393) User=0.00s Sys=0.00s Real=0.00s
[82.443s][info][gc,start       ] GC(394) Pause Young (Allocation Failure)
[82.456s][info][gc,heap        ] GC(394) DefNew: 563076K(629440K)->3502K(629440K) Eden: 559552K(559552K)->0K(559552K) From: 3524K(69888K)->3502K(69888K)
[82.456s][info][gc,heap        ] GC(394) Tenured: 36001K(1398144K)->36001K(1398144K)
[82.456s][info][gc,metaspace   ] GC(394) Metaspace: 73612K(74176K)->73612K(74176K) NonClass: 58599K(58816K)->58599K(58816K) Class: 15012K(15360K)->15012K(15360K)
[82.456s][info][gc             ] GC(394) Pause Young (Allocation Failure) 585M->38M(1980M) 13.662ms
[82.456s][info][gc,cpu         ] GC(394) User=0.00s Sys=0.00s Real=0.00s
[82.598s][info][gc,start       ] GC(395) Pause Young (Allocation Failure)
[82.610s][info][gc,heap        ] GC(395) DefNew: 563054K(629440K)->3449K(629440K) Eden: 559552K(559552K)->0K(559552K) From: 3502K(69888K)->3449K(69888K)
[82.610s][info][gc,heap        ] GC(395) Tenured: 36001K(1398144K)->36001K(1398144K)
[82.610s][info][gc,metaspace   ] GC(395) Metaspace: 73612K(74176K)->73612K(74176K) NonClass: 58599K(58816K)->58599K(58816K) Class: 15012K(15360K)->15012K(15360K)
[82.610s][info][gc             ] GC(395) Pause Young (Allocation Failure) 585M->38M(1980M) 12.818ms
[82.610s][info][gc,cpu         ] GC(395) User=0.00s Sys=0.00s Real=0.00s
[82.752s][info][gc,start       ] GC(396) Pause Young (Allocation Failure)
[82.764s][info][gc,heap        ] GC(396) DefNew: 563001K(629440K)->3455K(629440K) Eden: 559552K(559552K)->0K(559552K) From: 3449K(69888K)->3455K(69888K)
[82.764s][info][gc,heap        ] GC(396) Tenured: 36001K(1398144K)->36001K(1398144K)
[82.764s][info][gc,metaspace   ] GC(396) Metaspace: 73612K(74176K)->73612K(74176K) NonClass: 58599K(58816K)->58599K(58816K) Class: 15012K(15360K)->15012K(15360K)
[82.764s][info][gc             ] GC(396) Pause Young (Allocation Failure) 584M->38M(1980M) 12.079ms
[82.764s][info][gc,cpu         ] GC(396) User=0.00s Sys=0.00s Real=0.00s
[82.906s][info][gc,start       ] GC(397) Pause Young (Allocation Failure)
[82.920s][info][gc,heap        ] GC(397) DefNew: 563007K(629440K)->1362K(629440K) Eden: 559552K(559552K)->0K(559552K) From: 3455K(69888K)->1362K(69888K)
[82.920s][info][gc,heap        ] GC(397) Tenured: 36001K(1398144K)->38048K(1398144K)
[82.920s][info][gc,metaspace   ] GC(397) Metaspace: 73612K(74176K)->73612K(74176K) NonClass: 58599K(58816K)->58599K(58816K) Class: 15012K(15360K)->15012K(15360K)
[82.920s][info][gc             ] GC(397) Pause Young (Allocation Failure) 584M->38M(1980M) 14.059ms
[82.920s][info][gc,cpu         ] GC(397) User=0.00s Sys=0.00s Real=0.00s
[83.062s][info][gc,start       ] GC(398) Pause Young (Allocation Failure)
[83.071s][info][gc,heap        ] GC(398) DefNew: 560914K(629440K)->1440K(629440K) Eden: 559552K(559552K)->0K(559552K) From: 1362K(69888K)->1440K(69888K)
[83.071s][info][gc,heap        ] GC(398) Tenured: 38048K(1398144K)->38048K(1398144K)
[83.071s][info][gc,metaspace   ] GC(398) Metaspace: 73616K(74176K)->73616K(74176K) NonClass: 58603K(58816K)->58603K(58816K) Class: 15012K(15360K)->15012K(15360K)
[83.071s][info][gc             ] GC(398) Pause Young (Allocation Failure) 584M->38M(1980M) 9.144ms
[83.071s][info][gc,cpu         ] GC(398) User=0.00s Sys=0.00s Real=0.00s
[83.212s][info][gc,start       ] GC(399) Pause Young (Allocation Failure)
[83.220s][info][gc,heap        ] GC(399) DefNew: 560992K(629440K)->1510K(629440K) Eden: 559552K(559552K)->0K(559552K) From: 1440K(69888K)->1510K(69888K)
[83.220s][info][gc,heap        ] GC(399) Tenured: 38048K(1398144K)->38048K(1398144K)
[83.220s][info][gc,metaspace   ] GC(399) Metaspace: 73616K(74176K)->73616K(74176K) NonClass: 58603K(58816K)->58603K(58816K) Class: 15012K(15360K)->15012K(15360K)
[83.221s][info][gc             ] GC(399) Pause Young (Allocation Failure) 585M->38M(1980M) 8.901ms
[83.221s][info][gc,cpu         ] GC(399) User=0.00s Sys=0.00s Real=0.00s
[83.361s][info][gc,start       ] GC(400) Pause Young (Allocation Failure)
[83.371s][info][gc,heap        ] GC(400) DefNew: 561062K(629440K)->1483K(629440K) Eden: 559552K(559552K)->0K(559552K) From: 1510K(69888K)->1483K(69888K)
[83.371s][info][gc,heap        ] GC(400) Tenured: 38048K(1398144K)->38048K(1398144K)
[83.371s][info][gc,metaspace   ] GC(400) Metaspace: 73616K(74176K)->73616K(74176K) NonClass: 58603K(58816K)->58603K(58816K) Class: 15012K(15360K)->15012K(15360K)
[83.371s][info][gc             ] GC(400) Pause Young (Allocation Failure) 585M->38M(1980M) 9.802ms
[83.371s][info][gc,cpu         ] GC(400) User=0.02s Sys=0.00s Real=0.01s
[83.511s][info][gc,start       ] GC(401) Pause Young (Allocation Failure)
[83.520s][info][gc,heap        ] GC(401) DefNew: 561035K(629440K)->1436K(629440K) Eden: 559552K(559552K)->0K(559552K) From: 1483K(69888K)->1436K(69888K)
[83.520s][info][gc,heap        ] GC(401) Tenured: 38048K(1398144K)->38064K(1398144K)
[83.520s][info][gc,metaspace   ] GC(401) Metaspace: 73616K(74176K)->73616K(74176K) NonClass: 58603K(58816K)->58603K(58816K) Class: 15012K(15360K)->15012K(15360K)
[83.520s][info][gc             ] GC(401) Pause Young (Allocation Failure) 585M->38M(1980M) 8.974ms
[83.520s][info][gc,cpu         ] GC(401) User=0.00s Sys=0.02s Real=0.00s
[83.661s][info][gc,start       ] GC(402) Pause Young (Allocation Failure)
[83.670s][info][gc,heap        ] GC(402) DefNew: 560988K(629440K)->1505K(629440K) Eden: 559552K(559552K)->0K(559552K) From: 1436K(69888K)->1505K(69888K)
[83.670s][info][gc,heap        ] GC(402) Tenured: 38064K(1398144K)->38064K(1398144K)
[83.670s][info][gc,metaspace   ] GC(402) Metaspace: 73616K(74176K)->73616K(74176K) NonClass: 58603K(58816K)->58603K(58816K) Class: 15012K(15360K)->15012K(15360K)
[83.670s][info][gc             ] GC(402) Pause Young (Allocation Failure) 585M->38M(1980M) 8.691ms
[83.670s][info][gc,cpu         ] GC(402) User=0.00s Sys=0.00s Real=0.00s
[83.810s][info][gc,start       ] GC(403) Pause Young (Allocation Failure)
[83.819s][info][gc,heap        ] GC(403) DefNew: 561057K(629440K)->1548K(629440K) Eden: 559552K(559552K)->0K(559552K) From: 1505K(69888K)->1548K(69888K)
[83.819s][info][gc,heap        ] GC(403) Tenured: 38064K(1398144K)->38064K(1398144K)
[83.819s][info][gc,metaspace   ] GC(403) Metaspace: 73616K(74176K)->73616K(74176K) NonClass: 58603K(58816K)->58603K(58816K) Class: 15012K(15360K)->15012K(15360K)
[83.819s][info][gc             ] GC(403) Pause Young (Allocation Failure) 585M->38M(1980M) 8.924ms
[83.819s][info][gc,cpu         ] GC(403) User=0.00s Sys=0.00s Real=0.00s
[83.959s][info][gc,start       ] GC(404) Pause Young (Allocation Failure)
[83.968s][info][gc,heap        ] GC(404) DefNew: 561100K(629440K)->1528K(629440K) Eden: 559552K(559552K)->0K(559552K) From: 1548K(69888K)->1528K(69888K)
[83.968s][info][gc,heap        ] GC(404) Tenured: 38064K(1398144K)->38064K(1398144K)
[83.968s][info][gc,metaspace   ] GC(404) Metaspace: 73616K(74176K)->73616K(74176K) NonClass: 58603K(58816K)->58603K(58816K) Class: 15012K(15360K)->15012K(15360K)
[83.968s][info][gc             ] GC(404) Pause Young (Allocation Failure) 585M->38M(1980M) 8.975ms
[83.968s][info][gc,cpu         ] GC(404) User=0.00s Sys=0.00s Real=0.00s
[84.109s][info][gc,start       ] GC(405) Pause Young (Allocation Failure)
[84.117s][info][gc,heap        ] GC(405) DefNew: 561080K(629440K)->1446K(629440K) Eden: 559552K(559552K)->0K(559552K) From: 1528K(69888K)->1446K(69888K)
[84.117s][info][gc,heap        ] GC(405) Tenured: 38064K(1398144K)->38064K(1398144K)
[84.117s][info][gc,metaspace   ] GC(405) Metaspace: 73616K(74176K)->73616K(74176K) NonClass: 58603K(58816K)->58603K(58816K) Class: 15012K(15360K)->15012K(15360K)
[84.117s][info][gc             ] GC(405) Pause Young (Allocation Failure) 585M->38M(1980M) 8.624ms
[84.117s][info][gc,cpu         ] GC(405) User=0.00s Sys=0.00s Real=0.00s
[84.258s][info][gc,start       ] GC(406) Pause Young (Allocation Failure)
[84.267s][info][gc,heap        ] GC(406) DefNew: 560998K(629440K)->1485K(629440K) Eden: 559552K(559552K)->0K(559552K) From: 1446K(69888K)->1485K(69888K)
[84.267s][info][gc,heap        ] GC(406) Tenured: 38064K(1398144K)->38064K(1398144K)
[84.267s][info][gc,metaspace   ] GC(406) Metaspace: 73616K(74176K)->73616K(74176K) NonClass: 58603K(58816K)->58603K(58816K) Class: 15012K(15360K)->15012K(15360K)
[84.267s][info][gc             ] GC(406) Pause Young (Allocation Failure) 585M->38M(1980M) 8.774ms
[84.267s][info][gc,cpu         ] GC(406) User=0.00s Sys=0.00s Real=0.00s
[84.407s][info][gc,start       ] GC(407) Pause Young (Allocation Failure)
[84.416s][info][gc,heap        ] GC(407) DefNew: 561037K(629440K)->1477K(629440K) Eden: 559552K(559552K)->0K(559552K) From: 1485K(69888K)->1477K(69888K)
[84.416s][info][gc,heap        ] GC(407) Tenured: 38064K(1398144K)->38064K(1398144K)
[84.416s][info][gc,metaspace   ] GC(407) Metaspace: 73616K(74176K)->73616K(74176K) NonClass: 58603K(58816K)->58603K(58816K) Class: 15012K(15360K)->15012K(15360K)
[84.416s][info][gc             ] GC(407) Pause Young (Allocation Failure) 585M->38M(1980M) 8.647ms
[84.416s][info][gc,cpu         ] GC(407) User=0.00s Sys=0.00s Real=0.00s
[84.557s][info][gc,start       ] GC(408) Pause Young (Allocation Failure)
[84.565s][info][gc,heap        ] GC(408) DefNew: 561029K(629440K)->1422K(629440K) Eden: 559552K(559552K)->0K(559552K) From: 1477K(69888K)->1422K(69888K)
[84.565s][info][gc,heap        ] GC(408) Tenured: 38064K(1398144K)->38083K(1398144K)
[84.565s][info][gc,metaspace   ] GC(408) Metaspace: 73616K(74176K)->73616K(74176K) NonClass: 58603K(58816K)->58603K(58816K) Class: 15012K(15360K)->15012K(15360K)
[84.565s][info][gc             ] GC(408) Pause Young (Allocation Failure) 585M->38M(1980M) 8.472ms
[84.565s][info][gc,cpu         ] GC(408) User=0.02s Sys=0.00s Real=0.00s
[84.705s][info][gc,start       ] GC(409) Pause Young (Allocation Failure)
[84.714s][info][gc,heap        ] GC(409) DefNew: 560974K(629440K)->1455K(629440K) Eden: 559552K(559552K)->0K(559552K) From: 1422K(69888K)->1455K(69888K)
[84.714s][info][gc,heap        ] GC(409) Tenured: 38083K(1398144K)->38083K(1398144K)
[84.714s][info][gc,metaspace   ] GC(409) Metaspace: 73616K(74176K)->73616K(74176K) NonClass: 58603K(58816K)->58603K(58816K) Class: 15012K(15360K)->15012K(15360K)
[84.714s][info][gc             ] GC(409) Pause Young (Allocation Failure) 585M->38M(1980M) 8.621ms
[84.714s][info][gc,cpu         ] GC(409) User=0.00s Sys=0.00s Real=0.00s
[84.854s][info][gc,start       ] GC(410) Pause Young (Allocation Failure)
[84.863s][info][gc,heap        ] GC(410) DefNew: 561007K(629440K)->1492K(629440K) Eden: 559552K(559552K)->0K(559552K) From: 1455K(69888K)->1492K(69888K)
[84.863s][info][gc,heap        ] GC(410) Tenured: 38083K(1398144K)->38083K(1398144K)
[84.863s][info][gc,metaspace   ] GC(410) Metaspace: 73616K(74176K)->73616K(74176K) NonClass: 58603K(58816K)->58603K(58816K) Class: 15012K(15360K)->15012K(15360K)
[84.863s][info][gc             ] GC(410) Pause Young (Allocation Failure) 585M->38M(1980M) 8.682ms
[84.863s][info][gc,cpu         ] GC(410) User=0.00s Sys=0.00s Real=0.00s
[85.003s][info][gc,start       ] GC(411) Pause Young (Allocation Failure)
[85.012s][info][gc,heap        ] GC(411) DefNew: 561044K(629440K)->1507K(629440K) Eden: 559552K(559552K)->0K(559552K) From: 1492K(69888K)->1507K(69888K)
[85.012s][info][gc,heap        ] GC(411) Tenured: 38083K(1398144K)->38083K(1398144K)
[85.012s][info][gc,metaspace   ] GC(411) Metaspace: 73616K(74176K)->73616K(74176K) NonClass: 58603K(58816K)->58603K(58816K) Class: 15012K(15360K)->15012K(15360K)
[85.012s][info][gc             ] GC(411) Pause Young (Allocation Failure) 585M->38M(1980M) 8.763ms
[85.012s][info][gc,cpu         ] GC(411) User=0.00s Sys=0.00s Real=0.00s
[85.152s][info][gc,start       ] GC(412) Pause Young (Allocation Failure)
[85.161s][info][gc,heap        ] GC(412) DefNew: 561059K(629440K)->1419K(629440K) Eden: 559552K(559552K)->0K(559552K) From: 1507K(69888K)->1419K(69888K)
[85.161s][info][gc,heap        ] GC(412) Tenured: 38083K(1398144K)->38083K(1398144K)
[85.161s][info][gc,metaspace   ] GC(412) Metaspace: 73616K(74176K)->73616K(74176K) NonClass: 58603K(58816K)->58603K(58816K) Class: 15012K(15360K)->15012K(15360K)
[85.161s][info][gc             ] GC(412) Pause Young (Allocation Failure) 585M->38M(1980M) 8.495ms
[85.161s][info][gc,cpu         ] GC(412) User=0.00s Sys=0.00s Real=0.00s
[85.303s][info][gc,start       ] GC(413) Pause Young (Allocation Failure)
[85.312s][info][gc,heap        ] GC(413) DefNew: 560971K(629440K)->1502K(629440K) Eden: 559552K(559552K)->0K(559552K) From: 1419K(69888K)->1502K(69888K)
[85.312s][info][gc,heap        ] GC(413) Tenured: 38083K(1398144K)->38120K(1398144K)
[85.312s][info][gc,metaspace   ] GC(413) Metaspace: 73616K(74176K)->73616K(74176K) NonClass: 58603K(58816K)->58603K(58816K) Class: 15012K(15360K)->15012K(15360K)
[85.312s][info][gc             ] GC(413) Pause Young (Allocation Failure) 585M->38M(1980M) 9.504ms
[85.312s][info][gc,cpu         ] GC(413) User=0.00s Sys=0.00s Real=0.00s
[85.455s][info][gc,start       ] GC(414) Pause Young (Allocation Failure)
[85.464s][info][gc,heap        ] GC(414) DefNew: 561054K(629440K)->1490K(629440K) Eden: 559552K(559552K)->0K(559552K) From: 1502K(69888K)->1490K(69888K)
[85.464s][info][gc,heap        ] GC(414) Tenured: 38120K(1398144K)->38136K(1398144K)
[85.464s][info][gc,metaspace   ] GC(414) Metaspace: 73616K(74176K)->73616K(74176K) NonClass: 58603K(58816K)->58603K(58816K) Class: 15012K(15360K)->15012K(15360K)
[85.464s][info][gc             ] GC(414) Pause Young (Allocation Failure) 585M->38M(1980M) 8.838ms
[85.464s][info][gc,cpu         ] GC(414) User=0.00s Sys=0.00s Real=0.01s
[85.606s][info][gc,start       ] GC(415) Pause Young (Allocation Failure)
[85.615s][info][gc,heap        ] GC(415) DefNew: 561042K(629440K)->1471K(629440K) Eden: 559552K(559552K)->0K(559552K) From: 1490K(69888K)->1471K(69888K)
[85.615s][info][gc,heap        ] GC(415) Tenured: 38136K(1398144K)->38136K(1398144K)
[85.615s][info][gc,metaspace   ] GC(415) Metaspace: 73616K(74176K)->73616K(74176K) NonClass: 58603K(58816K)->58603K(58816K) Class: 15012K(15360K)->15012K(15360K)
[85.615s][info][gc             ] GC(415) Pause Young (Allocation Failure) 585M->38M(1980M) 8.822ms
[85.615s][info][gc,cpu         ] GC(415) User=0.00s Sys=0.00s Real=0.00s
[85.763s][info][gc,start       ] GC(416) Pause Young (Allocation Failure)
[85.771s][info][gc,heap        ] GC(416) DefNew: 561023K(629440K)->1519K(629440K) Eden: 559552K(559552K)->0K(559552K) From: 1471K(69888K)->1519K(69888K)
[85.771s][info][gc,heap        ] GC(416) Tenured: 38136K(1398144K)->38136K(1398144K)
[85.771s][info][gc,metaspace   ] GC(416) Metaspace: 73616K(74176K)->73616K(74176K) NonClass: 58603K(58816K)->58603K(58816K) Class: 15012K(15360K)->15012K(15360K)
[85.771s][info][gc             ] GC(416) Pause Young (Allocation Failure) 585M->38M(1980M) 8.234ms
[85.771s][info][gc,cpu         ] GC(416) User=0.00s Sys=0.00s Real=0.00s
[85.931s][info][gc,start       ] GC(417) Pause Young (Allocation Failure)
[85.940s][info][gc,heap        ] GC(417) DefNew: 561071K(629440K)->1522K(629440K) Eden: 559552K(559552K)->0K(559552K) From: 1519K(69888K)->1522K(69888K)
[85.940s][info][gc,heap        ] GC(417) Tenured: 38136K(1398144K)->38136K(1398144K)
[85.940s][info][gc,metaspace   ] GC(417) Metaspace: 73616K(74176K)->73616K(74176K) NonClass: 58603K(58816K)->58603K(58816K) Class: 15012K(15360K)->15012K(15360K)
[85.940s][info][gc             ] GC(417) Pause Young (Allocation Failure) 585M->38M(1980M) 8.865ms
[85.940s][info][gc,cpu         ] GC(417) User=0.00s Sys=0.00s Real=0.00s
[86.127s][info][gc,start       ] GC(418) Pause Young (Allocation Failure)
[86.134s][info][gc,heap        ] GC(418) DefNew: 561074K(629440K)->1386K(629440K) Eden: 559552K(559552K)->0K(559552K) From: 1522K(69888K)->1386K(69888K)
[86.134s][info][gc,heap        ] GC(418) Tenured: 38136K(1398144K)->38136K(1398144K)
[86.134s][info][gc,metaspace   ] GC(418) Metaspace: 73616K(74176K)->73616K(74176K) NonClass: 58603K(58816K)->58603K(58816K) Class: 15012K(15360K)->15012K(15360K)
[86.134s][info][gc             ] GC(418) Pause Young (Allocation Failure) 585M->38M(1980M) 7.089ms
[86.134s][info][gc,cpu         ] GC(418) User=0.00s Sys=0.00s Real=0.00s
[86.409s][info][gc,start       ] GC(419) Pause Young (Allocation Failure)
[86.415s][info][gc,heap        ] GC(419) DefNew: 560938K(629440K)->1348K(629440K) Eden: 559552K(559552K)->0K(559552K) From: 1386K(69888K)->1348K(69888K)
[86.415s][info][gc,heap        ] GC(419) Tenured: 38136K(1398144K)->38137K(1398144K)
[86.415s][info][gc,metaspace   ] GC(419) Metaspace: 73616K(74176K)->73616K(74176K) NonClass: 58603K(58816K)->58603K(58816K) Class: 15012K(15360K)->15012K(15360K)
[86.415s][info][gc             ] GC(419) Pause Young (Allocation Failure) 585M->38M(1980M) 5.523ms
[86.415s][info][gc,cpu         ] GC(419) User=0.00s Sys=0.00s Real=0.00s
[86.787s][info][gc,start       ] GC(420) Pause Young (Allocation Failure)
[86.798s][info][gc,heap        ] GC(420) DefNew: 560900K(629440K)->1357K(629440K) Eden: 559552K(559552K)->0K(559552K) From: 1348K(69888K)->1357K(69888K)
[86.798s][info][gc,heap        ] GC(420) Tenured: 38137K(1398144K)->38137K(1398144K)
[86.798s][info][gc,metaspace   ] GC(420) Metaspace: 73616K(74176K)->73616K(74176K) NonClass: 58603K(58816K)->58603K(58816K) Class: 15012K(15360K)->15012K(15360K)
[86.798s][info][gc             ] GC(420) Pause Young (Allocation Failure) 584M->38M(1980M) 11.077ms
[86.798s][info][gc,cpu         ] GC(420) User=0.00s Sys=0.00s Real=0.00s
[87.179s][info][gc,start       ] GC(421) Pause Young (Allocation Failure)
[87.183s][info][gc,heap        ] GC(421) DefNew: 560909K(629440K)->1332K(629440K) Eden: 559552K(559552K)->0K(559552K) From: 1357K(69888K)->1332K(69888K)
[87.183s][info][gc,heap        ] GC(421) Tenured: 38137K(1398144K)->38153K(1398144K)
[87.183s][info][gc,metaspace   ] GC(421) Metaspace: 73616K(74176K)->73616K(74176K) NonClass: 58603K(58816K)->58603K(58816K) Class: 15012K(15360K)->15012K(15360K)
[87.183s][info][gc             ] GC(421) Pause Young (Allocation Failure) 585M->38M(1980M) 4.230ms
[87.183s][info][gc,cpu         ] GC(421) User=0.00s Sys=0.00s Real=0.00s
[87.557s][info][gc,start       ] GC(422) Pause Young (Allocation Failure)
[87.561s][info][gc,heap        ] GC(422) DefNew: 560884K(629440K)->1365K(629440K) Eden: 559552K(559552K)->0K(559552K) From: 1332K(69888K)->1365K(69888K)
[87.561s][info][gc,heap        ] GC(422) Tenured: 38153K(1398144K)->38153K(1398144K)
[87.561s][info][gc,metaspace   ] GC(422) Metaspace: 73616K(74176K)->73616K(74176K) NonClass: 58603K(58816K)->58603K(58816K) Class: 15012K(15360K)->15012K(15360K)
[87.561s][info][gc             ] GC(422) Pause Young (Allocation Failure) 584M->38M(1980M) 4.326ms
[87.562s][info][gc,cpu         ] GC(422) User=0.02s Sys=0.00s Real=0.00s
[87.756s][info][gc,start       ] GC(423) Pause Full (System.gc())
[87.756s][info][gc,phases,start] GC(423) Phase 1: Mark live objects
[87.809s][info][gc,phases      ] GC(423) Phase 1: Mark live objects 52.864ms
[87.809s][info][gc,phases,start] GC(423) Phase 2: Compute new object addresses
[87.908s][info][gc,phases      ] GC(423) Phase 2: Compute new object addresses 99.345ms
[87.908s][info][gc,phases,start] GC(423) Phase 3: Adjust pointers
[87.933s][info][gc,phases      ] GC(423) Phase 3: Adjust pointers 24.687ms
[87.933s][info][gc,phases,start] GC(423) Phase 4: Move objects
[87.934s][info][gc,phases      ] GC(423) Phase 4: Move objects 1.051ms
[87.934s][info][gc,heap        ] GC(423) DefNew: 273690K(629440K)->0K(629440K) Eden: 272324K(559552K)->0K(559552K) From: 1365K(69888K)->0K(69888K)
[87.934s][info][gc,heap        ] GC(423) Tenured: 38153K(1398144K)->39443K(1398144K)
[87.934s][info][gc,metaspace   ] GC(423) Metaspace: 73649K(74240K)->73649K(74240K) NonClass: 58636K(58880K)->58636K(58880K) Class: 15012K(15360K)->15012K(15360K)
[87.934s][info][gc             ] GC(423) Pause Full (System.gc()) 304M->38M(1980M) 178.692ms
[87.934s][info][gc,cpu         ] GC(423) User=0.17s Sys=0.00s Real=0.17s
[88.100s][info][gc,start       ] GC(424) Pause Young (Allocation Failure)
[88.115s][info][gc,heap        ] GC(424) DefNew: 559552K(629440K)->3519K(629440K) Eden: 559552K(559552K)->0K(559552K) From: 0K(69888K)->3519K(69888K)
[88.116s][info][gc,heap        ] GC(424) Tenured: 39443K(1398144K)->39443K(1398144K)
[88.116s][info][gc,metaspace   ] GC(424) Metaspace: 73785K(74368K)->73785K(74368K) NonClass: 58772K(59008K)->58772K(59008K) Class: 15012K(15360K)->15012K(15360K)
[88.116s][info][gc             ] GC(424) Pause Young (Allocation Failure) 584M->41M(1980M) 15.140ms
[88.116s][info][gc,cpu         ] GC(424) User=0.00s Sys=0.00s Real=0.00s
[88.258s][info][gc,start       ] GC(425) Pause Young (Allocation Failure)
[88.270s][info][gc,heap        ] GC(425) DefNew: 563071K(629440K)->3515K(629440K) Eden: 559552K(559552K)->0K(559552K) From: 3519K(69888K)->3515K(69888K)
[88.271s][info][gc,heap        ] GC(425) Tenured: 39443K(1398144K)->39443K(1398144K)
[88.271s][info][gc,metaspace   ] GC(425) Metaspace: 73785K(74368K)->73785K(74368K) NonClass: 58772K(59008K)->58772K(59008K) Class: 15012K(15360K)->15012K(15360K)
[88.271s][info][gc             ] GC(425) Pause Young (Allocation Failure) 588M->41M(1980M) 12.527ms
[88.271s][info][gc,cpu         ] GC(425) User=0.00s Sys=0.00s Real=0.00s
[88.411s][info][gc,start       ] GC(426) Pause Young (Allocation Failure)
[88.425s][info][gc,heap        ] GC(426) DefNew: 563067K(629440K)->3504K(629440K) Eden: 559552K(559552K)->0K(559552K) From: 3515K(69888K)->3504K(69888K)
[88.425s][info][gc,heap        ] GC(426) Tenured: 39443K(1398144K)->39443K(1398144K)
[88.425s][info][gc,metaspace   ] GC(426) Metaspace: 73785K(74368K)->73785K(74368K) NonClass: 58772K(59008K)->58772K(59008K) Class: 15012K(15360K)->15012K(15360K)
[88.425s][info][gc             ] GC(426) Pause Young (Allocation Failure) 588M->41M(1980M) 14.375ms
[88.425s][info][gc,cpu         ] GC(426) User=0.02s Sys=0.00s Real=0.01s
[88.566s][info][gc,start       ] GC(427) Pause Young (Allocation Failure)
[88.579s][info][gc,heap        ] GC(427) DefNew: 563056K(629440K)->3458K(629440K) Eden: 559552K(559552K)->0K(559552K) From: 3504K(69888K)->3458K(69888K)
[88.579s][info][gc,heap        ] GC(427) Tenured: 39443K(1398144K)->39443K(1398144K)
[88.579s][info][gc,metaspace   ] GC(427) Metaspace: 73785K(74368K)->73785K(74368K) NonClass: 58772K(59008K)->58772K(59008K) Class: 15012K(15360K)->15012K(15360K)
[88.579s][info][gc             ] GC(427) Pause Young (Allocation Failure) 588M->41M(1980M) 12.703ms
[88.579s][info][gc,cpu         ] GC(427) User=0.00s Sys=0.00s Real=0.00s
[88.720s][info][gc,start       ] GC(428) Pause Young (Allocation Failure)
[88.732s][info][gc,heap        ] GC(428) DefNew: 563010K(629440K)->3485K(629440K) Eden: 559551K(559552K)->0K(559552K) From: 3458K(69888K)->3485K(69888K)
[88.732s][info][gc,heap        ] GC(428) Tenured: 39443K(1398144K)->39443K(1398144K)
[88.732s][info][gc,metaspace   ] GC(428) Metaspace: 73785K(74368K)->73785K(74368K) NonClass: 58772K(59008K)->58772K(59008K) Class: 15012K(15360K)->15012K(15360K)
[88.732s][info][gc             ] GC(428) Pause Young (Allocation Failure) 588M->41M(1980M) 12.422ms
[88.732s][info][gc,cpu         ] GC(428) User=0.00s Sys=0.00s Real=0.00s
[88.872s][info][gc,start       ] GC(429) Pause Young (Allocation Failure)
[88.886s][info][gc,heap        ] GC(429) DefNew: 563037K(629440K)->3449K(629440K) Eden: 559552K(559552K)->0K(559552K) From: 3485K(69888K)->3449K(69888K)
[88.886s][info][gc,heap        ] GC(429) Tenured: 39443K(1398144K)->39443K(1398144K)
[88.886s][info][gc,metaspace   ] GC(429) Metaspace: 73785K(74368K)->73785K(74368K) NonClass: 58772K(59008K)->58772K(59008K) Class: 15012K(15360K)->15012K(15360K)
[88.886s][info][gc             ] GC(429) Pause Young (Allocation Failure) 588M->41M(1980M) 13.844ms
[88.886s][info][gc,cpu         ] GC(429) User=0.02s Sys=0.00s Real=0.01s
[89.028s][info][gc,start       ] GC(430) Pause Young (Allocation Failure)
[89.040s][info][gc,heap        ] GC(430) DefNew: 563001K(629440K)->3454K(629440K) Eden: 559552K(559552K)->0K(559552K) From: 3449K(69888K)->3454K(69888K)
[89.040s][info][gc,heap        ] GC(430) Tenured: 39443K(1398144K)->39443K(1398144K)
[89.040s][info][gc,metaspace   ] GC(430) Metaspace: 73785K(74368K)->73785K(74368K) NonClass: 58772K(59008K)->58772K(59008K) Class: 15012K(15360K)->15012K(15360K)
[89.040s][info][gc             ] GC(430) Pause Young (Allocation Failure) 588M->41M(1980M) 12.550ms
[89.040s][info][gc,cpu         ] GC(430) User=0.00s Sys=0.00s Real=0.00s
[89.181s][info][gc,start       ] GC(431) Pause Young (Allocation Failure)
[89.194s][info][gc,heap        ] GC(431) DefNew: 563006K(629440K)->3439K(629440K) Eden: 559552K(559552K)->0K(559552K) From: 3454K(69888K)->3439K(69888K)
[89.194s][info][gc,heap        ] GC(431) Tenured: 39443K(1398144K)->39443K(1398144K)
[89.194s][info][gc,metaspace   ] GC(431) Metaspace: 73785K(74368K)->73785K(74368K) NonClass: 58772K(59008K)->58772K(59008K) Class: 15012K(15360K)->15012K(15360K)
[89.194s][info][gc             ] GC(431) Pause Young (Allocation Failure) 588M->41M(1980M) 12.512ms
[89.194s][info][gc,cpu         ] GC(431) User=0.00s Sys=0.00s Real=0.00s
[89.335s][info][gc,start       ] GC(432) Pause Young (Allocation Failure)
[89.348s][info][gc,heap        ] GC(432) DefNew: 562991K(629440K)->3522K(629440K) Eden: 559552K(559552K)->0K(559552K) From: 3439K(69888K)->3522K(69888K)
[89.348s][info][gc,heap        ] GC(432) Tenured: 39443K(1398144K)->39443K(1398144K)
[89.348s][info][gc,metaspace   ] GC(432) Metaspace: 73785K(74368K)->73785K(74368K) NonClass: 58772K(59008K)->58772K(59008K) Class: 15012K(15360K)->15012K(15360K)
[89.348s][info][gc             ] GC(432) Pause Young (Allocation Failure) 588M->41M(1980M) 12.644ms
[89.348s][info][gc,cpu         ] GC(432) User=0.00s Sys=0.00s Real=0.00s
[89.489s][info][gc,start       ] GC(433) Pause Young (Allocation Failure)
[89.501s][info][gc,heap        ] GC(433) DefNew: 563074K(629440K)->3432K(629440K) Eden: 559552K(559552K)->0K(559552K) From: 3522K(69888K)->3432K(69888K)
[89.501s][info][gc,heap        ] GC(433) Tenured: 39443K(1398144K)->39443K(1398144K)
[89.501s][info][gc,metaspace   ] GC(433) Metaspace: 73785K(74368K)->73785K(74368K) NonClass: 58772K(59008K)->58772K(59008K) Class: 15012K(15360K)->15012K(15360K)
[89.501s][info][gc             ] GC(433) Pause Young (Allocation Failure) 588M->41M(1980M) 12.262ms
[89.501s][info][gc,cpu         ] GC(433) User=0.00s Sys=0.00s Real=0.00s
[89.642s][info][gc,start       ] GC(434) Pause Young (Allocation Failure)
[89.654s][info][gc,heap        ] GC(434) DefNew: 562984K(629440K)->3446K(629440K) Eden: 559551K(559552K)->0K(559552K) From: 3432K(69888K)->3446K(69888K)
[89.655s][info][gc,heap        ] GC(434) Tenured: 39443K(1398144K)->39443K(1398144K)
[89.655s][info][gc,metaspace   ] GC(434) Metaspace: 73785K(74368K)->73785K(74368K) NonClass: 58772K(59008K)->58772K(59008K) Class: 15012K(15360K)->15012K(15360K)
[89.655s][info][gc             ] GC(434) Pause Young (Allocation Failure) 588M->41M(1980M) 12.086ms
[89.655s][info][gc,cpu         ] GC(434) User=0.00s Sys=0.00s Real=0.00s
[89.796s][info][gc,start       ] GC(435) Pause Young (Allocation Failure)
[89.808s][info][gc,heap        ] GC(435) DefNew: 562998K(629440K)->3478K(629440K) Eden: 559552K(559552K)->0K(559552K) From: 3446K(69888K)->3478K(69888K)
[89.808s][info][gc,heap        ] GC(435) Tenured: 39443K(1398144K)->39443K(1398144K)
[89.808s][info][gc,metaspace   ] GC(435) Metaspace: 73785K(74368K)->73785K(74368K) NonClass: 58772K(59008K)->58772K(59008K) Class: 15012K(15360K)->15012K(15360K)
[89.808s][info][gc             ] GC(435) Pause Young (Allocation Failure) 588M->41M(1980M) 12.244ms
[89.808s][info][gc,cpu         ] GC(435) User=0.00s Sys=0.00s Real=0.00s
[89.949s][info][gc,start       ] GC(436) Pause Young (Allocation Failure)
[89.962s][info][gc,heap        ] GC(436) DefNew: 563030K(629440K)->3461K(629440K) Eden: 559552K(559552K)->0K(559552K) From: 3478K(69888K)->3461K(69888K)
[89.962s][info][gc,heap        ] GC(436) Tenured: 39443K(1398144K)->39443K(1398144K)
[89.962s][info][gc,metaspace   ] GC(436) Metaspace: 73785K(74368K)->73785K(74368K) NonClass: 58772K(59008K)->58772K(59008K) Class: 15012K(15360K)->15012K(15360K)
[89.962s][info][gc             ] GC(436) Pause Young (Allocation Failure) 588M->41M(1980M) 13.406ms
[89.962s][info][gc,cpu         ] GC(436) User=0.00s Sys=0.00s Real=0.00s
[90.104s][info][gc,start       ] GC(437) Pause Young (Allocation Failure)
[90.116s][info][gc,heap        ] GC(437) DefNew: 563013K(629440K)->3479K(629440K) Eden: 559552K(559552K)->0K(559552K) From: 3461K(69888K)->3479K(69888K)
[90.116s][info][gc,heap        ] GC(437) Tenured: 39443K(1398144K)->39443K(1398144K)
[90.116s][info][gc,metaspace   ] GC(437) Metaspace: 73785K(74368K)->73785K(74368K) NonClass: 58772K(59008K)->58772K(59008K) Class: 15012K(15360K)->15012K(15360K)
[90.116s][info][gc             ] GC(437) Pause Young (Allocation Failure) 588M->41M(1980M) 12.857ms
[90.116s][info][gc,cpu         ] GC(437) User=0.00s Sys=0.00s Real=0.00s
[90.258s][info][gc,start       ] GC(438) Pause Young (Allocation Failure)
[90.270s][info][gc,heap        ] GC(438) DefNew: 563031K(629440K)->3486K(629440K) Eden: 559552K(559552K)->0K(559552K) From: 3479K(69888K)->3486K(69888K)
[90.270s][info][gc,heap        ] GC(438) Tenured: 39443K(1398144K)->39443K(1398144K)
[90.270s][info][gc,metaspace   ] GC(438) Metaspace: 73785K(74368K)->73785K(74368K) NonClass: 58772K(59008K)->58772K(59008K) Class: 15012K(15360K)->15012K(15360K)
[90.270s][info][gc             ] GC(438) Pause Young (Allocation Failure) 588M->41M(1980M) 12.271ms
[90.270s][info][gc,cpu         ] GC(438) User=0.00s Sys=0.00s Real=0.00s
[90.411s][info][gc,start       ] GC(439) Pause Young (Allocation Failure)
[90.425s][info][gc,heap        ] GC(439) DefNew: 563038K(629440K)->1398K(629440K) Eden: 559552K(559552K)->0K(559552K) From: 3486K(69888K)->1398K(69888K)
[90.425s][info][gc,heap        ] GC(439) Tenured: 39443K(1398144K)->41483K(1398144K)
[90.425s][info][gc,metaspace   ] GC(439) Metaspace: 73785K(74368K)->73785K(74368K) NonClass: 58772K(59008K)->58772K(59008K) Class: 15012K(15360K)->15012K(15360K)
[90.425s][info][gc             ] GC(439) Pause Young (Allocation Failure) 588M->41M(1980M) 14.252ms
[90.425s][info][gc,cpu         ] GC(439) User=0.00s Sys=0.00s Real=0.00s
[90.568s][info][gc,start       ] GC(440) Pause Young (Allocation Failure)
[90.577s][info][gc,heap        ] GC(440) DefNew: 560950K(629440K)->1482K(629440K) Eden: 559552K(559552K)->0K(559552K) From: 1398K(69888K)->1482K(69888K)
[90.577s][info][gc,heap        ] GC(440) Tenured: 41483K(1398144K)->41499K(1398144K)
[90.577s][info][gc,metaspace   ] GC(440) Metaspace: 73785K(74368K)->73785K(74368K) NonClass: 58772K(59008K)->58772K(59008K) Class: 15012K(15360K)->15012K(15360K)
[90.577s][info][gc             ] GC(440) Pause Young (Allocation Failure) 588M->41M(1980M) 9.467ms
[90.577s][info][gc,cpu         ] GC(440) User=0.00s Sys=0.00s Real=0.00s
[90.718s][info][gc,start       ] GC(441) Pause Young (Allocation Failure)
[90.727s][info][gc,heap        ] GC(441) DefNew: 561034K(629440K)->1444K(629440K) Eden: 559552K(559552K)->0K(559552K) From: 1482K(69888K)->1444K(69888K)
[90.727s][info][gc,heap        ] GC(441) Tenured: 41499K(1398144K)->41499K(1398144K)
[90.727s][info][gc,metaspace   ] GC(441) Metaspace: 73785K(74368K)->73785K(74368K) NonClass: 58772K(59008K)->58772K(59008K) Class: 15012K(15360K)->15012K(15360K)
[90.727s][info][gc             ] GC(441) Pause Young (Allocation Failure) 588M->41M(1980M) 8.943ms
[90.727s][info][gc,cpu         ] GC(441) User=0.00s Sys=0.00s Real=0.00s
[90.868s][info][gc,start       ] GC(442) Pause Young (Allocation Failure)
[90.876s][info][gc,heap        ] GC(442) DefNew: 560996K(629440K)->1469K(629440K) Eden: 559552K(559552K)->0K(559552K) From: 1444K(69888K)->1469K(69888K)
[90.876s][info][gc,heap        ] GC(442) Tenured: 41499K(1398144K)->41499K(1398144K)
[90.876s][info][gc,metaspace   ] GC(442) Metaspace: 73785K(74368K)->73785K(74368K) NonClass: 58772K(59008K)->58772K(59008K) Class: 15012K(15360K)->15012K(15360K)
[90.876s][info][gc             ] GC(442) Pause Young (Allocation Failure) 588M->41M(1980M) 8.746ms
[90.876s][info][gc,cpu         ] GC(442) User=0.00s Sys=0.00s Real=0.00s
[91.017s][info][gc,start       ] GC(443) Pause Young (Allocation Failure)
[91.025s][info][gc,heap        ] GC(443) DefNew: 561021K(629440K)->1473K(629440K) Eden: 559552K(559552K)->0K(559552K) From: 1469K(69888K)->1473K(69888K)
[91.025s][info][gc,heap        ] GC(443) Tenured: 41499K(1398144K)->41499K(1398144K)
[91.026s][info][gc,metaspace   ] GC(443) Metaspace: 73785K(74368K)->73785K(74368K) NonClass: 58772K(59008K)->58772K(59008K) Class: 15012K(15360K)->15012K(15360K)
[91.026s][info][gc             ] GC(443) Pause Young (Allocation Failure) 588M->41M(1980M) 8.725ms
[91.026s][info][gc,cpu         ] GC(443) User=0.00s Sys=0.00s Real=0.01s
[91.166s][info][gc,start       ] GC(444) Pause Young (Allocation Failure)
[91.174s][info][gc,heap        ] GC(444) DefNew: 561025K(629440K)->1445K(629440K) Eden: 559552K(559552K)->0K(559552K) From: 1473K(69888K)->1445K(69888K)
[91.174s][info][gc,heap        ] GC(444) Tenured: 41499K(1398144K)->41499K(1398144K)
[91.174s][info][gc,metaspace   ] GC(444) Metaspace: 73785K(74368K)->73785K(74368K) NonClass: 58772K(59008K)->58772K(59008K) Class: 15012K(15360K)->15012K(15360K)
[91.174s][info][gc             ] GC(444) Pause Young (Allocation Failure) 588M->41M(1980M) 8.454ms
[91.174s][info][gc,cpu         ] GC(444) User=0.02s Sys=0.00s Real=0.00s
[91.315s][info][gc,start       ] GC(445) Pause Young (Allocation Failure)
[91.323s][info][gc,heap        ] GC(445) DefNew: 560997K(629440K)->1506K(629440K) Eden: 559552K(559552K)->0K(559552K) From: 1445K(69888K)->1506K(69888K)
[91.323s][info][gc,heap        ] GC(445) Tenured: 41499K(1398144K)->41500K(1398144K)
[91.323s][info][gc,metaspace   ] GC(445) Metaspace: 73785K(74368K)->73785K(74368K) NonClass: 58772K(59008K)->58772K(59008K) Class: 15012K(15360K)->15012K(15360K)
[91.323s][info][gc             ] GC(445) Pause Young (Allocation Failure) 588M->41M(1980M) 8.753ms
[91.323s][info][gc,cpu         ] GC(445) User=0.00s Sys=0.00s Real=0.00s
[91.464s][info][gc,start       ] GC(446) Pause Young (Allocation Failure)
[91.473s][info][gc,heap        ] GC(446) DefNew: 561058K(629440K)->1524K(629440K) Eden: 559552K(559552K)->0K(559552K) From: 1506K(69888K)->1524K(69888K)
[91.473s][info][gc,heap        ] GC(446) Tenured: 41500K(1398144K)->41500K(1398144K)
[91.473s][info][gc,metaspace   ] GC(446) Metaspace: 73785K(74368K)->73785K(74368K) NonClass: 58772K(59008K)->58772K(59008K) Class: 15012K(15360K)->15012K(15360K)
[91.473s][info][gc             ] GC(446) Pause Young (Allocation Failure) 588M->42M(1980M) 8.735ms
[91.473s][info][gc,cpu         ] GC(446) User=0.02s Sys=0.00s Real=0.00s
[91.613s][info][gc,start       ] GC(447) Pause Young (Allocation Failure)
[91.621s][info][gc,heap        ] GC(447) DefNew: 561076K(629440K)->1489K(629440K) Eden: 559552K(559552K)->0K(559552K) From: 1524K(69888K)->1489K(69888K)
[91.621s][info][gc,heap        ] GC(447) Tenured: 41500K(1398144K)->41516K(1398144K)
[91.621s][info][gc,metaspace   ] GC(447) Metaspace: 73785K(74368K)->73785K(74368K) NonClass: 58772K(59008K)->58772K(59008K) Class: 15012K(15360K)->15012K(15360K)
[91.621s][info][gc             ] GC(447) Pause Young (Allocation Failure) 588M->41M(1980M) 8.643ms
[91.621s][info][gc,cpu         ] GC(447) User=0.00s Sys=0.00s Real=0.00s
[91.763s][info][gc,start       ] GC(448) Pause Young (Allocation Failure)
[91.771s][info][gc,heap        ] GC(448) DefNew: 561041K(629440K)->1420K(629440K) Eden: 559552K(559552K)->0K(559552K) From: 1489K(69888K)->1420K(69888K)
[91.771s][info][gc,heap        ] GC(448) Tenured: 41516K(1398144K)->41516K(1398144K)
[91.771s][info][gc,metaspace   ] GC(448) Metaspace: 73785K(74368K)->73785K(74368K) NonClass: 58772K(59008K)->58772K(59008K) Class: 15012K(15360K)->15012K(15360K)
[91.771s][info][gc             ] GC(448) Pause Young (Allocation Failure) 588M->41M(1980M) 8.354ms
[91.771s][info][gc,cpu         ] GC(448) User=0.00s Sys=0.00s Real=0.00s
[91.911s][info][gc,start       ] GC(449) Pause Young (Allocation Failure)
[91.920s][info][gc,heap        ] GC(449) DefNew: 560972K(629440K)->1476K(629440K) Eden: 559552K(559552K)->0K(559552K) From: 1420K(69888K)->1476K(69888K)
[91.920s][info][gc,heap        ] GC(449) Tenured: 41516K(1398144K)->41516K(1398144K)
[91.920s][info][gc,metaspace   ] GC(449) Metaspace: 73785K(74368K)->73785K(74368K) NonClass: 58772K(59008K)->58772K(59008K) Class: 15012K(15360K)->15012K(15360K)
[91.920s][info][gc             ] GC(449) Pause Young (Allocation Failure) 588M->41M(1980M) 9.488ms
[91.921s][info][gc,cpu         ] GC(449) User=0.00s Sys=0.00s Real=0.00s
[92.061s][info][gc,start       ] GC(450) Pause Young (Allocation Failure)
[92.071s][info][gc,heap        ] GC(450) DefNew: 561028K(629440K)->1448K(629440K) Eden: 559552K(559552K)->0K(559552K) From: 1476K(69888K)->1448K(69888K)
[92.071s][info][gc,heap        ] GC(450) Tenured: 41516K(1398144K)->41516K(1398144K)
[92.071s][info][gc,metaspace   ] GC(450) Metaspace: 73785K(74368K)->73785K(74368K) NonClass: 58772K(59008K)->58772K(59008K) Class: 15012K(15360K)->15012K(15360K)
[92.071s][info][gc             ] GC(450) Pause Young (Allocation Failure) 588M->41M(1980M) 9.308ms
[92.071s][info][gc,cpu         ] GC(450) User=0.00s Sys=0.00s Real=0.00s
[92.211s][info][gc,start       ] GC(451) Pause Young (Allocation Failure)
[92.221s][info][gc,heap        ] GC(451) DefNew: 561000K(629440K)->1500K(629440K) Eden: 559552K(559552K)->0K(559552K) From: 1448K(69888K)->1500K(69888K)
[92.221s][info][gc,heap        ] GC(451) Tenured: 41516K(1398144K)->41516K(1398144K)
[92.221s][info][gc,metaspace   ] GC(451) Metaspace: 73785K(74368K)->73785K(74368K) NonClass: 58772K(59008K)->58772K(59008K) Class: 15012K(15360K)->15012K(15360K)
[92.221s][info][gc             ] GC(451) Pause Young (Allocation Failure) 588M->42M(1980M) 9.318ms
[92.221s][info][gc,cpu         ] GC(451) User=0.00s Sys=0.00s Real=0.00s
[92.362s][info][gc,start       ] GC(452) Pause Young (Allocation Failure)
[92.371s][info][gc,heap        ] GC(452) DefNew: 561052K(629440K)->1511K(629440K) Eden: 559552K(559552K)->0K(559552K) From: 1500K(69888K)->1511K(69888K)
[92.371s][info][gc,heap        ] GC(452) Tenured: 41516K(1398144K)->41516K(1398144K)
[92.371s][info][gc,metaspace   ] GC(452) Metaspace: 73785K(74368K)->73785K(74368K) NonClass: 58772K(59008K)->58772K(59008K) Class: 15012K(15360K)->15012K(15360K)
[92.371s][info][gc             ] GC(452) Pause Young (Allocation Failure) 588M->42M(1980M) 8.798ms
[92.371s][info][gc,cpu         ] GC(452) User=0.00s Sys=0.00s Real=0.00s
[92.512s][info][gc,start       ] GC(453) Pause Young (Allocation Failure)
[92.520s][info][gc,heap        ] GC(453) DefNew: 561063K(629440K)->1520K(629440K) Eden: 559552K(559552K)->0K(559552K) From: 1511K(69888K)->1520K(69888K)
[92.520s][info][gc,heap        ] GC(453) Tenured: 41516K(1398144K)->41534K(1398144K)
[92.520s][info][gc,metaspace   ] GC(453) Metaspace: 73785K(74368K)->73785K(74368K) NonClass: 58772K(59008K)->58772K(59008K) Class: 15012K(15360K)->15012K(15360K)
[92.520s][info][gc             ] GC(453) Pause Young (Allocation Failure) 588M->42M(1980M) 8.686ms
[92.520s][info][gc,cpu         ] GC(453) User=0.00s Sys=0.00s Real=0.00s
[92.661s][info][gc,start       ] GC(454) Pause Young (Allocation Failure)
[92.669s][info][gc,heap        ] GC(454) DefNew: 561072K(629440K)->1439K(629440K) Eden: 559552K(559552K)->0K(559552K) From: 1520K(69888K)->1439K(69888K)
[92.669s][info][gc,heap        ] GC(454) Tenured: 41534K(1398144K)->41534K(1398144K)
[92.669s][info][gc,metaspace   ] GC(454) Metaspace: 73785K(74368K)->73785K(74368K) NonClass: 58772K(59008K)->58772K(59008K) Class: 15012K(15360K)->15012K(15360K)
[92.669s][info][gc             ] GC(454) Pause Young (Allocation Failure) 588M->41M(1980M) 8.452ms
[92.669s][info][gc,cpu         ] GC(454) User=0.00s Sys=0.00s Real=0.00s
[92.810s][info][gc,start       ] GC(455) Pause Young (Allocation Failure)
[92.819s][info][gc,heap        ] GC(455) DefNew: 560991K(629440K)->1424K(629440K) Eden: 559552K(559552K)->0K(559552K) From: 1439K(69888K)->1424K(69888K)
[92.819s][info][gc,heap        ] GC(455) Tenured: 41534K(1398144K)->41576K(1398144K)
[92.819s][info][gc,metaspace   ] GC(455) Metaspace: 73785K(74368K)->73785K(74368K) NonClass: 58772K(59008K)->58772K(59008K) Class: 15012K(15360K)->15012K(15360K)
[92.819s][info][gc             ] GC(455) Pause Young (Allocation Failure) 588M->41M(1980M) 8.864ms
[92.819s][info][gc,cpu         ] GC(455) User=0.00s Sys=0.00s Real=0.00s
[92.960s][info][gc,start       ] GC(456) Pause Young (Allocation Failure)
[92.969s][info][gc,heap        ] GC(456) DefNew: 560976K(629440K)->1525K(629440K) Eden: 559552K(559552K)->0K(559552K) From: 1424K(69888K)->1525K(69888K)
[92.969s][info][gc,heap        ] GC(456) Tenured: 41576K(1398144K)->41576K(1398144K)
[92.969s][info][gc,metaspace   ] GC(456) Metaspace: 73785K(74368K)->73785K(74368K) NonClass: 58772K(59008K)->58772K(59008K) Class: 15012K(15360K)->15012K(15360K)
[92.969s][info][gc             ] GC(456) Pause Young (Allocation Failure) 588M->42M(1980M) 9.108ms
[92.969s][info][gc,cpu         ] GC(456) User=0.02s Sys=0.00s Real=0.01s
[93.113s][info][gc,start       ] GC(457) Pause Young (Allocation Failure)
[93.122s][info][gc,heap        ] GC(457) DefNew: 561077K(629440K)->1515K(629440K) Eden: 559552K(559552K)->0K(559552K) From: 1525K(69888K)->1515K(69888K)
[93.122s][info][gc,heap        ] GC(457) Tenured: 41576K(1398144K)->41576K(1398144K)
[93.122s][info][gc,metaspace   ] GC(457) Metaspace: 73785K(74368K)->73785K(74368K) NonClass: 58772K(59008K)->58772K(59008K) Class: 15012K(15360K)->15012K(15360K)
[93.122s][info][gc             ] GC(457) Pause Young (Allocation Failure) 588M->42M(1980M) 9.092ms
[93.122s][info][gc,cpu         ] GC(457) User=0.00s Sys=0.00s Real=0.00s
[93.269s][info][gc,start       ] GC(458) Pause Young (Allocation Failure)
[93.277s][info][gc,heap        ] GC(458) DefNew: 561067K(629440K)->1444K(629440K) Eden: 559552K(559552K)->0K(559552K) From: 1515K(69888K)->1444K(69888K)
[93.277s][info][gc,heap        ] GC(458) Tenured: 41576K(1398144K)->41576K(1398144K)
[93.277s][info][gc,metaspace   ] GC(458) Metaspace: 73785K(74368K)->73785K(74368K) NonClass: 58772K(59008K)->58772K(59008K) Class: 15012K(15360K)->15012K(15360K)
[93.277s][info][gc             ] GC(458) Pause Young (Allocation Failure) 588M->42M(1980M) 8.182ms
[93.277s][info][gc,cpu         ] GC(458) User=0.00s Sys=0.00s Real=0.00s
[93.436s][info][gc,start       ] GC(459) Pause Young (Allocation Failure)
[93.444s][info][gc,heap        ] GC(459) DefNew: 560996K(629440K)->1429K(629440K) Eden: 559552K(559552K)->0K(559552K) From: 1444K(69888K)->1429K(69888K)
[93.444s][info][gc,heap        ] GC(459) Tenured: 41576K(1398144K)->41576K(1398144K)
[93.444s][info][gc,metaspace   ] GC(459) Metaspace: 73785K(74368K)->73785K(74368K) NonClass: 58772K(59008K)->58772K(59008K) Class: 15012K(15360K)->15012K(15360K)
[93.444s][info][gc             ] GC(459) Pause Young (Allocation Failure) 588M->41M(1980M) 7.468ms
[93.444s][info][gc,cpu         ] GC(459) User=0.00s Sys=0.00s Real=0.00s
[93.643s][info][gc,start       ] GC(460) Pause Young (Allocation Failure)
[93.649s][info][gc,heap        ] GC(460) DefNew: 560981K(629440K)->1402K(629440K) Eden: 559552K(559552K)->0K(559552K) From: 1429K(69888K)->1402K(69888K)
[93.649s][info][gc,heap        ] GC(460) Tenured: 41576K(1398144K)->41592K(1398144K)
[93.649s][info][gc,metaspace   ] GC(460) Metaspace: 73805K(74368K)->73805K(74368K) NonClass: 58792K(59008K)->58792K(59008K) Class: 15012K(15360K)->15012K(15360K)
[93.649s][info][gc             ] GC(460) Pause Young (Allocation Failure) 588M->41M(1980M) 6.552ms
[93.649s][info][gc,cpu         ] GC(460) User=0.00s Sys=0.00s Real=0.00s
[93.935s][info][gc,start       ] GC(461) Pause Young (Allocation Failure)
[93.940s][info][gc,heap        ] GC(461) DefNew: 560954K(629440K)->1379K(629440K) Eden: 559552K(559552K)->0K(559552K) From: 1402K(69888K)->1379K(69888K)
[93.940s][info][gc,heap        ] GC(461) Tenured: 41592K(1398144K)->41592K(1398144K)
[93.940s][info][gc,metaspace   ] GC(461) Metaspace: 73805K(74368K)->73805K(74368K) NonClass: 58792K(59008K)->58792K(59008K) Class: 15012K(15360K)->15012K(15360K)
[93.940s][info][gc             ] GC(461) Pause Young (Allocation Failure) 588M->41M(1980M) 5.308ms
[93.940s][info][gc,cpu         ] GC(461) User=0.02s Sys=0.00s Real=0.01s
[94.301s][info][gc,start       ] GC(462) Pause Young (Allocation Failure)
[94.305s][info][gc,heap        ] GC(462) DefNew: 560931K(629440K)->1386K(629440K) Eden: 559552K(559552K)->0K(559552K) From: 1379K(69888K)->1386K(69888K)
[94.305s][info][gc,heap        ] GC(462) Tenured: 41592K(1398144K)->41592K(1398144K)
[94.305s][info][gc,metaspace   ] GC(462) Metaspace: 73805K(74368K)->73805K(74368K) NonClass: 58792K(59008K)->58792K(59008K) Class: 15012K(15360K)->15012K(15360K)
[94.305s][info][gc             ] GC(462) Pause Young (Allocation Failure) 588M->41M(1980M) 4.585ms
[94.305s][info][gc,cpu         ] GC(462) User=0.00s Sys=0.00s Real=0.00s
[94.665s][info][gc,start       ] GC(463) Pause Young (Allocation Failure)
[94.669s][info][gc,heap        ] GC(463) DefNew: 560938K(629440K)->1345K(629440K) Eden: 559552K(559552K)->0K(559552K) From: 1386K(69888K)->1345K(69888K)
[94.669s][info][gc,heap        ] GC(463) Tenured: 41592K(1398144K)->41592K(1398144K)
[94.669s][info][gc,metaspace   ] GC(463) Metaspace: 73805K(74368K)->73805K(74368K) NonClass: 58792K(59008K)->58792K(59008K) Class: 15012K(15360K)->15012K(15360K)
[94.669s][info][gc             ] GC(463) Pause Young (Allocation Failure) 588M->41M(1980M) 4.307ms
[94.669s][info][gc,cpu         ] GC(463) User=0.00s Sys=0.00s Real=0.00s
[95.030s][info][gc,start       ] GC(464) Pause Young (Allocation Failure)
[95.034s][info][gc,heap        ] GC(464) DefNew: 560897K(629440K)->1345K(629440K) Eden: 559552K(559552K)->0K(559552K) From: 1345K(69888K)->1345K(69888K)
[95.034s][info][gc,heap        ] GC(464) Tenured: 41592K(1398144K)->41592K(1398144K)
[95.034s][info][gc,metaspace   ] GC(464) Metaspace: 73805K(74368K)->73805K(74368K) NonClass: 58792K(59008K)->58792K(59008K) Class: 15012K(15360K)->15012K(15360K)
[95.035s][info][gc             ] GC(464) Pause Young (Allocation Failure) 588M->41M(1980M) 4.268ms
[95.035s][info][gc,cpu         ] GC(464) User=0.00s Sys=0.00s Real=0.00s
[95.239s][info][gc,start       ] GC(465) Pause Full (System.gc())
[95.239s][info][gc,phases,start] GC(465) Phase 1: Mark live objects
[95.290s][info][gc,phases      ] GC(465) Phase 1: Mark live objects 51.048ms
[95.290s][info][gc,phases,start] GC(465) Phase 2: Compute new object addresses
[95.412s][info][gc,phases      ] GC(465) Phase 2: Compute new object addresses 121.702ms
[95.412s][info][gc,phases,start] GC(465) Phase 3: Adjust pointers
[95.437s][info][gc,phases      ] GC(465) Phase 3: Adjust pointers 25.324ms
[95.437s][info][gc,phases,start] GC(465) Phase 4: Move objects
[95.438s][info][gc,phases      ] GC(465) Phase 4: Move objects 1.074ms
[95.438s][info][gc,heap        ] GC(465) DefNew: 272871K(629440K)->0K(629440K) Eden: 271526K(559552K)->0K(559552K) From: 1345K(69888K)->0K(69888K)
[95.438s][info][gc,heap        ] GC(465) Tenured: 41592K(1398144K)->42847K(1398144K)
[95.438s][info][gc,metaspace   ] GC(465) Metaspace: 73855K(74432K)->73855K(74432K) NonClass: 58842K(59072K)->58842K(59072K) Class: 15012K(15360K)->15012K(15360K)
[95.438s][info][gc             ] GC(465) Pause Full (System.gc()) 307M->41M(1980M) 199.949ms
[95.439s][info][gc,cpu         ] GC(465) User=0.19s Sys=0.00s Real=0.19s
[95.608s][info][gc,start       ] GC(466) Pause Young (Allocation Failure)
[95.623s][info][gc,heap        ] GC(466) DefNew: 559552K(629440K)->3463K(629440K) Eden: 559552K(559552K)->0K(559552K) From: 0K(69888K)->3463K(69888K)
[95.623s][info][gc,heap        ] GC(466) Tenured: 42847K(1398144K)->42847K(1398144K)
[95.623s][info][gc,metaspace   ] GC(466) Metaspace: 74138K(74688K)->74138K(74688K) NonClass: 59125K(59328K)->59125K(59328K) Class: 15012K(15360K)->15012K(15360K)
[95.623s][info][gc             ] GC(466) Pause Young (Allocation Failure) 588M->45M(1980M) 14.944ms
[95.623s][info][gc,cpu         ] GC(466) User=0.00s Sys=0.00s Real=0.00s
[95.766s][info][gc,start       ] GC(467) Pause Young (Allocation Failure)
[95.778s][info][gc,heap        ] GC(467) DefNew: 563015K(629440K)->3480K(629440K) Eden: 559552K(559552K)->0K(559552K) From: 3463K(69888K)->3480K(69888K)
[95.778s][info][gc,heap        ] GC(467) Tenured: 42847K(1398144K)->42847K(1398144K)
[95.778s][info][gc,metaspace   ] GC(467) Metaspace: 74138K(74688K)->74138K(74688K) NonClass: 59125K(59328K)->59125K(59328K) Class: 15012K(15360K)->15012K(15360K)
[95.778s][info][gc             ] GC(467) Pause Young (Allocation Failure) 591M->45M(1980M) 12.436ms
[95.778s][info][gc,cpu         ] GC(467) User=0.02s Sys=0.00s Real=0.01s
[95.918s][info][gc,start       ] GC(468) Pause Young (Allocation Failure)
[95.932s][info][gc,heap        ] GC(468) DefNew: 563032K(629440K)->3421K(629440K) Eden: 559552K(559552K)->0K(559552K) From: 3480K(69888K)->3421K(69888K)
[95.932s][info][gc,heap        ] GC(468) Tenured: 42847K(1398144K)->42847K(1398144K)
[95.932s][info][gc,metaspace   ] GC(468) Metaspace: 74138K(74688K)->74138K(74688K) NonClass: 59125K(59328K)->59125K(59328K) Class: 15012K(15360K)->15012K(15360K)
[95.932s][info][gc             ] GC(468) Pause Young (Allocation Failure) 591M->45M(1980M) 13.441ms
[95.932s][info][gc,cpu         ] GC(468) User=0.00s Sys=0.00s Real=0.00s
[96.072s][info][gc,start       ] GC(469) Pause Young (Allocation Failure)
[96.085s][info][gc,heap        ] GC(469) DefNew: 562973K(629440K)->3455K(629440K) Eden: 559552K(559552K)->0K(559552K) From: 3421K(69888K)->3455K(69888K)
[96.085s][info][gc,heap        ] GC(469) Tenured: 42847K(1398144K)->42847K(1398144K)
[96.085s][info][gc,metaspace   ] GC(469) Metaspace: 74138K(74688K)->74138K(74688K) NonClass: 59125K(59328K)->59125K(59328K) Class: 15012K(15360K)->15012K(15360K)
[96.085s][info][gc             ] GC(469) Pause Young (Allocation Failure) 591M->45M(1980M) 12.997ms
[96.085s][info][gc,cpu         ] GC(469) User=0.02s Sys=0.00s Real=0.01s
[96.227s][info][gc,start       ] GC(470) Pause Young (Allocation Failure)
[96.239s][info][gc,heap        ] GC(470) DefNew: 563007K(629440K)->3403K(629440K) Eden: 559552K(559552K)->0K(559552K) From: 3455K(69888K)->3403K(69888K)
[96.239s][info][gc,heap        ] GC(470) Tenured: 42847K(1398144K)->42847K(1398144K)
[96.239s][info][gc,metaspace   ] GC(470) Metaspace: 74138K(74688K)->74138K(74688K) NonClass: 59125K(59328K)->59125K(59328K) Class: 15012K(15360K)->15012K(15360K)
[96.239s][info][gc             ] GC(470) Pause Young (Allocation Failure) 591M->45M(1980M) 12.082ms
[96.239s][info][gc,cpu         ] GC(470) User=0.00s Sys=0.00s Real=0.00s
[96.380s][info][gc,start       ] GC(471) Pause Young (Allocation Failure)
[96.392s][info][gc,heap        ] GC(471) DefNew: 562955K(629440K)->3490K(629440K) Eden: 559552K(559552K)->0K(559552K) From: 3403K(69888K)->3490K(69888K)
[96.392s][info][gc,heap        ] GC(471) Tenured: 42847K(1398144K)->42847K(1398144K)
[96.392s][info][gc,metaspace   ] GC(471) Metaspace: 74138K(74688K)->74138K(74688K) NonClass: 59125K(59328K)->59125K(59328K) Class: 15012K(15360K)->15012K(15360K)
[96.392s][info][gc             ] GC(471) Pause Young (Allocation Failure) 591M->45M(1980M) 12.314ms
[96.393s][info][gc,cpu         ] GC(471) User=0.00s Sys=0.00s Real=0.00s
[96.533s][info][gc,start       ] GC(472) Pause Young (Allocation Failure)
[96.545s][info][gc,heap        ] GC(472) DefNew: 563042K(629440K)->3460K(629440K) Eden: 559552K(559552K)->0K(559552K) From: 3490K(69888K)->3460K(69888K)
[96.545s][info][gc,heap        ] GC(472) Tenured: 42847K(1398144K)->42847K(1398144K)
[96.545s][info][gc,metaspace   ] GC(472) Metaspace: 74138K(74688K)->74138K(74688K) NonClass: 59125K(59328K)->59125K(59328K) Class: 15012K(15360K)->15012K(15360K)
[96.545s][info][gc             ] GC(472) Pause Young (Allocation Failure) 591M->45M(1980M) 12.155ms
[96.545s][info][gc,cpu         ] GC(472) User=0.00s Sys=0.00s Real=0.00s
[96.687s][info][gc,start       ] GC(473) Pause Young (Allocation Failure)
[96.701s][info][gc,heap        ] GC(473) DefNew: 563012K(629440K)->3469K(629440K) Eden: 559552K(559552K)->0K(559552K) From: 3460K(69888K)->3469K(69888K)
[96.701s][info][gc,heap        ] GC(473) Tenured: 42847K(1398144K)->42847K(1398144K)
[96.701s][info][gc,metaspace   ] GC(473) Metaspace: 74138K(74688K)->74138K(74688K) NonClass: 59125K(59328K)->59125K(59328K) Class: 15012K(15360K)->15012K(15360K)
[96.701s][info][gc             ] GC(473) Pause Young (Allocation Failure) 591M->45M(1980M) 13.964ms
[96.701s][info][gc,cpu         ] GC(473) User=0.00s Sys=0.00s Real=0.00s
[96.842s][info][gc,start       ] GC(474) Pause Young (Allocation Failure)
[96.856s][info][gc,heap        ] GC(474) DefNew: 563021K(629440K)->3445K(629440K) Eden: 559552K(559552K)->0K(559552K) From: 3469K(69888K)->3445K(69888K)
[96.856s][info][gc,heap        ] GC(474) Tenured: 42847K(1398144K)->42847K(1398144K)
[96.856s][info][gc,metaspace   ] GC(474) Metaspace: 74138K(74688K)->74138K(74688K) NonClass: 59125K(59328K)->59125K(59328K) Class: 15012K(15360K)->15012K(15360K)
[96.856s][info][gc             ] GC(474) Pause Young (Allocation Failure) 591M->45M(1980M) 13.723ms
[96.856s][info][gc,cpu         ] GC(474) User=0.00s Sys=0.00s Real=0.00s
[96.997s][info][gc,start       ] GC(475) Pause Young (Allocation Failure)
[97.009s][info][gc,heap        ] GC(475) DefNew: 562997K(629440K)->3454K(629440K) Eden: 559552K(559552K)->0K(559552K) From: 3445K(69888K)->3454K(69888K)
[97.009s][info][gc,heap        ] GC(475) Tenured: 42847K(1398144K)->42847K(1398144K)
[97.009s][info][gc,metaspace   ] GC(475) Metaspace: 74138K(74688K)->74138K(74688K) NonClass: 59125K(59328K)->59125K(59328K) Class: 15012K(15360K)->15012K(15360K)
[97.009s][info][gc             ] GC(475) Pause Young (Allocation Failure) 591M->45M(1980M) 12.759ms
[97.010s][info][gc,cpu         ] GC(475) User=0.00s Sys=0.00s Real=0.00s
[97.152s][info][gc,start       ] GC(476) Pause Young (Allocation Failure)
[97.164s][info][gc,heap        ] GC(476) DefNew: 563006K(629440K)->3499K(629440K) Eden: 559551K(559552K)->0K(559552K) From: 3454K(69888K)->3499K(69888K)
[97.164s][info][gc,heap        ] GC(476) Tenured: 42847K(1398144K)->42847K(1398144K)
[97.164s][info][gc,metaspace   ] GC(476) Metaspace: 74138K(74688K)->74138K(74688K) NonClass: 59125K(59328K)->59125K(59328K) Class: 15012K(15360K)->15012K(15360K)
[97.164s][info][gc             ] GC(476) Pause Young (Allocation Failure) 591M->45M(1980M) 12.505ms
[97.164s][info][gc,cpu         ] GC(476) User=0.02s Sys=0.00s Real=0.00s
[97.306s][info][gc,start       ] GC(477) Pause Young (Allocation Failure)
[97.319s][info][gc,heap        ] GC(477) DefNew: 563051K(629440K)->3525K(629440K) Eden: 559552K(559552K)->0K(559552K) From: 3499K(69888K)->3525K(69888K)
[97.319s][info][gc,heap        ] GC(477) Tenured: 42847K(1398144K)->42847K(1398144K)
[97.319s][info][gc,metaspace   ] GC(477) Metaspace: 74138K(74688K)->74138K(74688K) NonClass: 59125K(59328K)->59125K(59328K) Class: 15012K(15360K)->15012K(15360K)
[97.319s][info][gc             ] GC(477) Pause Young (Allocation Failure) 591M->45M(1980M) 12.637ms
[97.319s][info][gc,cpu         ] GC(477) User=0.00s Sys=0.00s Real=0.00s
[97.460s][info][gc,start       ] GC(478) Pause Young (Allocation Failure)
[97.472s][info][gc,heap        ] GC(478) DefNew: 563077K(629440K)->3475K(629440K) Eden: 559552K(559552K)->0K(559552K) From: 3525K(69888K)->3475K(69888K)
[97.472s][info][gc,heap        ] GC(478) Tenured: 42847K(1398144K)->42847K(1398144K)
[97.472s][info][gc,metaspace   ] GC(478) Metaspace: 74138K(74688K)->74138K(74688K) NonClass: 59125K(59328K)->59125K(59328K) Class: 15012K(15360K)->15012K(15360K)
[97.472s][info][gc             ] GC(478) Pause Young (Allocation Failure) 591M->45M(1980M) 12.179ms
[97.472s][info][gc,cpu         ] GC(478) User=0.00s Sys=0.00s Real=0.00s
[97.613s][info][gc,start       ] GC(479) Pause Young (Allocation Failure)
[97.625s][info][gc,heap        ] GC(479) DefNew: 563027K(629440K)->3459K(629440K) Eden: 559552K(559552K)->0K(559552K) From: 3475K(69888K)->3459K(69888K)
[97.625s][info][gc,heap        ] GC(479) Tenured: 42847K(1398144K)->42847K(1398144K)
[97.625s][info][gc,metaspace   ] GC(479) Metaspace: 74138K(74688K)->74138K(74688K) NonClass: 59125K(59328K)->59125K(59328K) Class: 15012K(15360K)->15012K(15360K)
[97.625s][info][gc             ] GC(479) Pause Young (Allocation Failure) 591M->45M(1980M) 11.975ms
[97.625s][info][gc,cpu         ] GC(479) User=0.00s Sys=0.00s Real=0.00s
[97.767s][info][gc,start       ] GC(480) Pause Young (Allocation Failure)
[97.780s][info][gc,heap        ] GC(480) DefNew: 563011K(629440K)->3460K(629440K) Eden: 559552K(559552K)->0K(559552K) From: 3459K(69888K)->3460K(69888K)
[97.780s][info][gc,heap        ] GC(480) Tenured: 42847K(1398144K)->42847K(1398144K)
[97.780s][info][gc,metaspace   ] GC(480) Metaspace: 74138K(74688K)->74138K(74688K) NonClass: 59125K(59328K)->59125K(59328K) Class: 15012K(15360K)->15012K(15360K)
[97.781s][info][gc             ] GC(480) Pause Young (Allocation Failure) 591M->45M(1980M) 13.478ms
[97.781s][info][gc,cpu         ] GC(480) User=0.00s Sys=0.00s Real=0.00s
[97.922s][info][gc,start       ] GC(481) Pause Young (Allocation Failure)
[97.935s][info][gc,heap        ] GC(481) DefNew: 563012K(629440K)->1421K(629440K) Eden: 559552K(559552K)->0K(559552K) From: 3460K(69888K)->1421K(69888K)
[97.935s][info][gc,heap        ] GC(481) Tenured: 42847K(1398144K)->44866K(1398144K)
[97.935s][info][gc,metaspace   ] GC(481) Metaspace: 74138K(74688K)->74138K(74688K) NonClass: 59125K(59328K)->59125K(59328K) Class: 15012K(15360K)->15012K(15360K)
[97.935s][info][gc             ] GC(481) Pause Young (Allocation Failure) 591M->45M(1980M) 13.213ms
[97.935s][info][gc,cpu         ] GC(481) User=0.00s Sys=0.00s Real=0.00s
[98.078s][info][gc,start       ] GC(482) Pause Young (Allocation Failure)
[98.087s][info][gc,heap        ] GC(482) DefNew: 560973K(629440K)->1468K(629440K) Eden: 559552K(559552K)->0K(559552K) From: 1421K(69888K)->1468K(69888K)
[98.087s][info][gc,heap        ] GC(482) Tenured: 44866K(1398144K)->44866K(1398144K)
[98.087s][info][gc,metaspace   ] GC(482) Metaspace: 74138K(74688K)->74138K(74688K) NonClass: 59125K(59328K)->59125K(59328K) Class: 15012K(15360K)->15012K(15360K)
[98.087s][info][gc             ] GC(482) Pause Young (Allocation Failure) 591M->45M(1980M) 9.782ms
[98.087s][info][gc,cpu         ] GC(482) User=0.00s Sys=0.00s Real=0.00s
[98.229s][info][gc,start       ] GC(483) Pause Young (Allocation Failure)
[98.239s][info][gc,heap        ] GC(483) DefNew: 561020K(629440K)->1558K(629440K) Eden: 559552K(559552K)->0K(559552K) From: 1468K(69888K)->1558K(69888K)
[98.239s][info][gc,heap        ] GC(483) Tenured: 44866K(1398144K)->44867K(1398144K)
[98.239s][info][gc,metaspace   ] GC(483) Metaspace: 74138K(74688K)->74138K(74688K) NonClass: 59125K(59328K)->59125K(59328K) Class: 15012K(15360K)->15012K(15360K)
[98.239s][info][gc             ] GC(483) Pause Young (Allocation Failure) 591M->45M(1980M) 9.534ms
[98.239s][info][gc,cpu         ] GC(483) User=0.02s Sys=0.00s Real=0.01s
[98.379s][info][gc,start       ] GC(484) Pause Young (Allocation Failure)
[98.388s][info][gc,heap        ] GC(484) DefNew: 561110K(629440K)->1557K(629440K) Eden: 559552K(559552K)->0K(559552K) From: 1558K(69888K)->1557K(69888K)
[98.388s][info][gc,heap        ] GC(484) Tenured: 44867K(1398144K)->44867K(1398144K)
[98.388s][info][gc,metaspace   ] GC(484) Metaspace: 74138K(74688K)->74138K(74688K) NonClass: 59125K(59328K)->59125K(59328K) Class: 15012K(15360K)->15012K(15360K)
[98.388s][info][gc             ] GC(484) Pause Young (Allocation Failure) 591M->45M(1980M) 8.806ms
[98.388s][info][gc,cpu         ] GC(484) User=0.00s Sys=0.00s Real=0.00s
[98.529s][info][gc,start       ] GC(485) Pause Young (Allocation Failure)
[98.538s][info][gc,heap        ] GC(485) DefNew: 561109K(629440K)->1497K(629440K) Eden: 559552K(559552K)->0K(559552K) From: 1557K(69888K)->1497K(69888K)
[98.538s][info][gc,heap        ] GC(485) Tenured: 44867K(1398144K)->44883K(1398144K)
[98.538s][info][gc,metaspace   ] GC(485) Metaspace: 74138K(74688K)->74138K(74688K) NonClass: 59125K(59328K)->59125K(59328K) Class: 15012K(15360K)->15012K(15360K)
[98.538s][info][gc             ] GC(485) Pause Young (Allocation Failure) 591M->45M(1980M) 9.610ms
[98.538s][info][gc,cpu         ] GC(485) User=0.00s Sys=0.00s Real=0.01s
[98.679s][info][gc,start       ] GC(486) Pause Young (Allocation Failure)
[98.688s][info][gc,heap        ] GC(486) DefNew: 561049K(629440K)->1447K(629440K) Eden: 559552K(559552K)->0K(559552K) From: 1497K(69888K)->1447K(69888K)
[98.688s][info][gc,heap        ] GC(486) Tenured: 44883K(1398144K)->44883K(1398144K)
[98.688s][info][gc,metaspace   ] GC(486) Metaspace: 74138K(74688K)->74138K(74688K) NonClass: 59125K(59328K)->59125K(59328K) Class: 15012K(15360K)->15012K(15360K)
[98.688s][info][gc             ] GC(486) Pause Young (Allocation Failure) 591M->45M(1980M) 8.979ms
[98.688s][info][gc,cpu         ] GC(486) User=0.00s Sys=0.00s Real=0.00s
[98.829s][info][gc,start       ] GC(487) Pause Young (Allocation Failure)
[98.837s][info][gc,heap        ] GC(487) DefNew: 560999K(629440K)->1454K(629440K) Eden: 559552K(559552K)->0K(559552K) From: 1447K(69888K)->1454K(69888K)
[98.837s][info][gc,heap        ] GC(487) Tenured: 44883K(1398144K)->44883K(1398144K)
[98.837s][info][gc,metaspace   ] GC(487) Metaspace: 74138K(74688K)->74138K(74688K) NonClass: 59125K(59328K)->59125K(59328K) Class: 15012K(15360K)->15012K(15360K)
[98.837s][info][gc             ] GC(487) Pause Young (Allocation Failure) 591M->45M(1980M) 8.551ms
[98.837s][info][gc,cpu         ] GC(487) User=0.00s Sys=0.00s Real=0.00s
[98.977s][info][gc,start       ] GC(488) Pause Young (Allocation Failure)
[98.987s][info][gc,heap        ] GC(488) DefNew: 561006K(629440K)->1481K(629440K) Eden: 559552K(559552K)->0K(559552K) From: 1454K(69888K)->1481K(69888K)
[98.987s][info][gc,heap        ] GC(488) Tenured: 44883K(1398144K)->44883K(1398144K)
[98.987s][info][gc,metaspace   ] GC(488) Metaspace: 74138K(74688K)->74138K(74688K) NonClass: 59125K(59328K)->59125K(59328K) Class: 15012K(15360K)->15012K(15360K)
[98.987s][info][gc             ] GC(488) Pause Young (Allocation Failure) 591M->45M(1980M) 9.470ms
[98.987s][info][gc,cpu         ] GC(488) User=0.00s Sys=0.00s Real=0.00s
[99.128s][info][gc,start       ] GC(489) Pause Young (Allocation Failure)
[99.137s][info][gc,heap        ] GC(489) DefNew: 561033K(629440K)->1475K(629440K) Eden: 559552K(559552K)->0K(559552K) From: 1481K(69888K)->1475K(69888K)
[99.137s][info][gc,heap        ] GC(489) Tenured: 44883K(1398144K)->44883K(1398144K)
[99.137s][info][gc,metaspace   ] GC(489) Metaspace: 74138K(74688K)->74138K(74688K) NonClass: 59125K(59328K)->59125K(59328K) Class: 15012K(15360K)->15012K(15360K)
[99.137s][info][gc             ] GC(489) Pause Young (Allocation Failure) 591M->45M(1980M) 9.164ms
[99.137s][info][gc,cpu         ] GC(489) User=0.00s Sys=0.00s Real=0.00s
[99.278s][info][gc,start       ] GC(490) Pause Young (Allocation Failure)
[99.287s][info][gc,heap        ] GC(490) DefNew: 561027K(629440K)->1509K(629440K) Eden: 559552K(559552K)->0K(559552K) From: 1475K(69888K)->1509K(69888K)
[99.287s][info][gc,heap        ] GC(490) Tenured: 44883K(1398144K)->44883K(1398144K)
[99.287s][info][gc,metaspace   ] GC(490) Metaspace: 74138K(74688K)->74138K(74688K) NonClass: 59125K(59328K)->59125K(59328K) Class: 15012K(15360K)->15012K(15360K)
[99.287s][info][gc             ] GC(490) Pause Young (Allocation Failure) 591M->45M(1980M) 8.779ms
[99.287s][info][gc,cpu         ] GC(490) User=0.00s Sys=0.00s Real=0.00s
[99.427s][info][gc,start       ] GC(491) Pause Young (Allocation Failure)
[99.436s][info][gc,heap        ] GC(491) DefNew: 561061K(629440K)->1506K(629440K) Eden: 559552K(559552K)->0K(559552K) From: 1509K(69888K)->1506K(69888K)
[99.436s][info][gc,heap        ] GC(491) Tenured: 44883K(1398144K)->44883K(1398144K)
[99.436s][info][gc,metaspace   ] GC(491) Metaspace: 74138K(74688K)->74138K(74688K) NonClass: 59125K(59328K)->59125K(59328K) Class: 15012K(15360K)->15012K(15360K)
[99.436s][info][gc             ] GC(491) Pause Young (Allocation Failure) 591M->45M(1980M) 8.614ms
[99.436s][info][gc,cpu         ] GC(491) User=0.00s Sys=0.00s Real=0.00s
[99.576s][info][gc,start       ] GC(492) Pause Young (Allocation Failure)
[99.586s][info][gc,heap        ] GC(492) DefNew: 561058K(629440K)->1455K(629440K) Eden: 559552K(559552K)->0K(559552K) From: 1506K(69888K)->1455K(69888K)
[99.586s][info][gc,heap        ] GC(492) Tenured: 44883K(1398144K)->44901K(1398144K)
[99.586s][info][gc,metaspace   ] GC(492) Metaspace: 74138K(74688K)->74138K(74688K) NonClass: 59125K(59328K)->59125K(59328K) Class: 15012K(15360K)->15012K(15360K)
[99.586s][info][gc             ] GC(492) Pause Young (Allocation Failure) 591M->45M(1980M) 9.784ms
[99.586s][info][gc,cpu         ] GC(492) User=0.00s Sys=0.00s Real=0.00s
[99.727s][info][gc,start       ] GC(493) Pause Young (Allocation Failure)
[99.736s][info][gc,heap        ] GC(493) DefNew: 561007K(629440K)->1485K(629440K) Eden: 559552K(559552K)->0K(559552K) From: 1455K(69888K)->1485K(69888K)
[99.736s][info][gc,heap        ] GC(493) Tenured: 44901K(1398144K)->44901K(1398144K)
[99.736s][info][gc,metaspace   ] GC(493) Metaspace: 74138K(74688K)->74138K(74688K) NonClass: 59125K(59328K)->59125K(59328K) Class: 15012K(15360K)->15012K(15360K)
[99.736s][info][gc             ] GC(493) Pause Young (Allocation Failure) 591M->45M(1980M) 9.132ms
[99.736s][info][gc,cpu         ] GC(493) User=0.00s Sys=0.00s Real=0.00s
[99.876s][info][gc,start       ] GC(494) Pause Young (Allocation Failure)
[99.884s][info][gc,heap        ] GC(494) DefNew: 561037K(629440K)->1442K(629440K) Eden: 559552K(559552K)->0K(559552K) From: 1485K(69888K)->1442K(69888K)
[99.884s][info][gc,heap        ] GC(494) Tenured: 44901K(1398144K)->44901K(1398144K)
[99.884s][info][gc,metaspace   ] GC(494) Metaspace: 74138K(74688K)->74138K(74688K) NonClass: 59125K(59328K)->59125K(59328K) Class: 15012K(15360K)->15012K(15360K)
[99.884s][info][gc             ] GC(494) Pause Young (Allocation Failure) 591M->45M(1980M) 8.384ms
[99.884s][info][gc,cpu         ] GC(494) User=0.00s Sys=0.00s Real=0.01s
[100.025s][info][gc,start       ] GC(495) Pause Young (Allocation Failure)
[100.033s][info][gc,heap        ] GC(495) DefNew: 560994K(629440K)->1472K(629440K) Eden: 559552K(559552K)->0K(559552K) From: 1442K(69888K)->1472K(69888K)
[100.033s][info][gc,heap        ] GC(495) Tenured: 44901K(1398144K)->44901K(1398144K)
[100.033s][info][gc,metaspace   ] GC(495) Metaspace: 74138K(74688K)->74138K(74688K) NonClass: 59125K(59328K)->59125K(59328K) Class: 15012K(15360K)->15012K(15360K)
[100.033s][info][gc             ] GC(495) Pause Young (Allocation Failure) 591M->45M(1980M) 8.670ms
[100.033s][info][gc,cpu         ] GC(495) User=0.00s Sys=0.00s Real=0.00s
[100.174s][info][gc,start       ] GC(496) Pause Young (Allocation Failure)
[100.182s][info][gc,heap        ] GC(496) DefNew: 561024K(629440K)->1463K(629440K) Eden: 559552K(559552K)->0K(559552K) From: 1472K(69888K)->1463K(69888K)
[100.183s][info][gc,heap        ] GC(496) Tenured: 44901K(1398144K)->44901K(1398144K)
[100.183s][info][gc,metaspace   ] GC(496) Metaspace: 74138K(74688K)->74138K(74688K) NonClass: 59125K(59328K)->59125K(59328K) Class: 15012K(15360K)->15012K(15360K)
[100.183s][info][gc             ] GC(496) Pause Young (Allocation Failure) 591M->45M(1980M) 8.767ms
[100.183s][info][gc,cpu         ] GC(496) User=0.00s Sys=0.00s Real=0.00s
[100.324s][info][gc,start       ] GC(497) Pause Young (Allocation Failure)
[100.333s][info][gc,heap        ] GC(497) DefNew: 561015K(629440K)->1500K(629440K) Eden: 559551K(559552K)->0K(559552K) From: 1463K(69888K)->1500K(69888K)
[100.333s][info][gc,heap        ] GC(497) Tenured: 44901K(1398144K)->44941K(1398144K)
[100.333s][info][gc,metaspace   ] GC(497) Metaspace: 74138K(74688K)->74138K(74688K) NonClass: 59125K(59328K)->59125K(59328K) Class: 15012K(15360K)->15012K(15360K)
[100.333s][info][gc             ] GC(497) Pause Young (Allocation Failure) 591M->45M(1980M) 9.199ms
[100.333s][info][gc,cpu         ] GC(497) User=0.00s Sys=0.00s Real=0.00s
[100.475s][info][gc,start       ] GC(498) Pause Young (Allocation Failure)
[100.484s][info][gc,heap        ] GC(498) DefNew: 561052K(629440K)->1480K(629440K) Eden: 559552K(559552K)->0K(559552K) From: 1500K(69888K)->1480K(69888K)
[100.484s][info][gc,heap        ] GC(498) Tenured: 44941K(1398144K)->44957K(1398144K)
[100.484s][info][gc,metaspace   ] GC(498) Metaspace: 74138K(74688K)->74138K(74688K) NonClass: 59125K(59328K)->59125K(59328K) Class: 15012K(15360K)->15012K(15360K)
[100.484s][info][gc             ] GC(498) Pause Young (Allocation Failure) 591M->45M(1980M) 8.938ms
[100.484s][info][gc,cpu         ] GC(498) User=0.00s Sys=0.00s Real=0.00s
[100.630s][info][gc,start       ] GC(499) Pause Young (Allocation Failure)
[100.640s][info][gc,heap        ] GC(499) DefNew: 561032K(629440K)->1503K(629440K) Eden: 559552K(559552K)->0K(559552K) From: 1480K(69888K)->1503K(69888K)
[100.640s][info][gc,heap        ] GC(499) Tenured: 44957K(1398144K)->44957K(1398144K)
[100.640s][info][gc,metaspace   ] GC(499) Metaspace: 74138K(74688K)->74138K(74688K) NonClass: 59125K(59328K)->59125K(59328K) Class: 15012K(15360K)->15012K(15360K)
[100.640s][info][gc             ] GC(499) Pause Young (Allocation Failure) 591M->45M(1980M) 9.843ms
[100.640s][info][gc,cpu         ] GC(499) User=0.00s Sys=0.00s Real=0.00s
[100.795s][info][gc,start       ] GC(500) Pause Young (Allocation Failure)
[100.803s][info][gc,heap        ] GC(500) DefNew: 561055K(629440K)->1397K(629440K) Eden: 559552K(559552K)->0K(559552K) From: 1503K(69888K)->1397K(69888K)
[100.803s][info][gc,heap        ] GC(500) Tenured: 44957K(1398144K)->44957K(1398144K)
[100.803s][info][gc,metaspace   ] GC(500) Metaspace: 74138K(74688K)->74138K(74688K) NonClass: 59125K(59328K)->59125K(59328K) Class: 15012K(15360K)->15012K(15360K)
[100.803s][info][gc             ] GC(500) Pause Young (Allocation Failure) 591M->45M(1980M) 8.137ms
[100.803s][info][gc,cpu         ] GC(500) User=0.00s Sys=0.00s Real=0.01s
[100.967s][info][gc,start       ] GC(501) Pause Young (Allocation Failure)
[100.974s][info][gc,heap        ] GC(501) DefNew: 560949K(629440K)->1477K(629440K) Eden: 559552K(559552K)->0K(559552K) From: 1397K(69888K)->1477K(69888K)
[100.974s][info][gc,heap        ] GC(501) Tenured: 44957K(1398144K)->44957K(1398144K)
[100.974s][info][gc,metaspace   ] GC(501) Metaspace: 74138K(74688K)->74138K(74688K) NonClass: 59125K(59328K)->59125K(59328K) Class: 15012K(15360K)->15012K(15360K)
[100.974s][info][gc             ] GC(501) Pause Young (Allocation Failure) 591M->45M(1980M) 7.370ms
[100.974s][info][gc,cpu         ] GC(501) User=0.00s Sys=0.00s Real=0.00s
[101.177s][info][gc,start       ] GC(502) Pause Young (Allocation Failure)
[101.183s][info][gc,heap        ] GC(502) DefNew: 561029K(629440K)->1416K(629440K) Eden: 559552K(559552K)->0K(559552K) From: 1477K(69888K)->1416K(69888K)
[101.183s][info][gc,heap        ] GC(502) Tenured: 44957K(1398144K)->44957K(1398144K)
[101.183s][info][gc,metaspace   ] GC(502) Metaspace: 74138K(74688K)->74138K(74688K) NonClass: 59125K(59328K)->59125K(59328K) Class: 15012K(15360K)->15012K(15360K)
[101.183s][info][gc             ] GC(502) Pause Young (Allocation Failure) 591M->45M(1980M) 6.280ms
[101.184s][info][gc,cpu         ] GC(502) User=0.00s Sys=0.00s Real=0.00s
[101.455s][info][gc,start       ] GC(503) Pause Young (Allocation Failure)
[101.461s][info][gc,heap        ] GC(503) DefNew: 560968K(629440K)->1400K(629440K) Eden: 559552K(559552K)->0K(559552K) From: 1416K(69888K)->1400K(69888K)
[101.461s][info][gc,heap        ] GC(503) Tenured: 44957K(1398144K)->44957K(1398144K)
[101.461s][info][gc,metaspace   ] GC(503) Metaspace: 74138K(74688K)->74138K(74688K) NonClass: 59125K(59328K)->59125K(59328K) Class: 15012K(15360K)->15012K(15360K)
[101.461s][info][gc             ] GC(503) Pause Young (Allocation Failure) 591M->45M(1980M) 5.555ms
[101.461s][info][gc,cpu         ] GC(503) User=0.00s Sys=0.00s Real=0.00s
[101.793s][info][gc,start       ] GC(504) Pause Young (Allocation Failure)
[101.797s][info][gc,heap        ] GC(504) DefNew: 560952K(629440K)->1356K(629440K) Eden: 559552K(559552K)->0K(559552K) From: 1400K(69888K)->1356K(69888K)
[101.797s][info][gc,heap        ] GC(504) Tenured: 44957K(1398144K)->44957K(1398144K)
[101.797s][info][gc,metaspace   ] GC(504) Metaspace: 74138K(74688K)->74138K(74688K) NonClass: 59125K(59328K)->59125K(59328K) Class: 15012K(15360K)->15012K(15360K)
[101.797s][info][gc             ] GC(504) Pause Young (Allocation Failure) 591M->45M(1980M) 4.531ms
[101.797s][info][gc,cpu         ] GC(504) User=0.00s Sys=0.00s Real=0.00s
[102.130s][info][gc,start       ] GC(505) Pause Young (Allocation Failure)
[102.135s][info][gc,heap        ] GC(505) DefNew: 560908K(629440K)->1346K(629440K) Eden: 559552K(559552K)->0K(559552K) From: 1356K(69888K)->1346K(69888K)
[102.135s][info][gc,heap        ] GC(505) Tenured: 44957K(1398144K)->44973K(1398144K)
[102.135s][info][gc,metaspace   ] GC(505) Metaspace: 74139K(74688K)->74139K(74688K) NonClass: 59126K(59328K)->59126K(59328K) Class: 15012K(15360K)->15012K(15360K)
[102.135s][info][gc             ] GC(505) Pause Young (Allocation Failure) 591M->45M(1980M) 4.371ms
[102.135s][info][gc,cpu         ] GC(505) User=0.00s Sys=0.00s Real=0.00s
[102.467s][info][gc,start       ] GC(506) Pause Young (Allocation Failure)
[102.471s][info][gc,heap        ] GC(506) DefNew: 560898K(629440K)->1355K(629440K) Eden: 559552K(559552K)->0K(559552K) From: 1346K(69888K)->1355K(69888K)
[102.471s][info][gc,heap        ] GC(506) Tenured: 44973K(1398144K)->44973K(1398144K)
[102.471s][info][gc,metaspace   ] GC(506) Metaspace: 74139K(74688K)->74139K(74688K) NonClass: 59126K(59328K)->59126K(59328K) Class: 15012K(15360K)->15012K(15360K)
[102.471s][info][gc             ] GC(506) Pause Young (Allocation Failure) 591M->45M(1980M) 4.342ms
[102.471s][info][gc,cpu         ] GC(506) User=0.00s Sys=0.00s Real=0.00s
[102.656s][info][gc,heap,exit   ] Heap
[102.656s][info][gc,heap,exit   ]  def new generation   total 629440K, used 261508K [0x0000000080200000, 0x00000000aacf0000, 0x0000000300150000)
[102.656s][info][gc,heap,exit   ]   eden space 559552K,  46% used [0x0000000080200000, 0x000000009000e200, 0x00000000a2470000)
[102.656s][info][gc,heap,exit   ]   from space 69888K,   1% used [0x00000000a68b0000, 0x00000000a6a02e10, 0x00000000aacf0000)
[102.656s][info][gc,heap,exit   ]   to   space 69888K,   0% used [0x00000000a2470000, 0x00000000a2470000, 0x00000000a68b0000)
[102.656s][info][gc,heap,exit   ]  tenured generation   total 1398144K, used 44973K [0x0000000300150000, 0x00000003556b0000, 0x0000000800000000)
[102.656s][info][gc,heap,exit   ]    the space 1398144K,   3% used [0x0000000300150000, 0x0000000302d3b7c0, 0x0000000302d3b800, 0x00000003556b0000)
[102.656s][info][gc,heap,exit   ]  Metaspace       used 74232K, committed 74816K, reserved 1114112K
[102.657s][info][gc,heap,exit   ]   class space    used 15035K, committed 15360K, reserved 1048576K
