[0.016s][info][gc,init] Initializing The Z Garbage Collector
[0.016s][info][gc,init] Version: 20+36-2344 (release)
[0.016s][info][gc,init] NUMA Support: Disabled
[0.016s][info][gc,init] CPUs: 48 total, 48 available
[0.017s][info][gc,init] Memory: 391843M
[0.017s][info][gc,init] Large Page Support: Disabled
[0.017s][info][gc,init] GC Workers: 12 (dynamic)
[0.018s][info][gc,init] Address Space Type: Contiguous/Unrestricted/Complete
[0.018s][info][gc,init] Address Space Size: 491488M x 3 = 1474464M
[0.018s][info][gc,init] Min Capacity: 8M
[0.018s][info][gc,init] Initial Capacity: 2048M
[0.019s][info][gc,init] Max Capacity: 30718M
[0.019s][info][gc,init] Medium Page Size: 32M
[0.019s][info][gc,init] Pre-touch: Disabled
[0.019s][info][gc,init] Uncommit: Enabled
[0.019s][info][gc,init] Uncommit Delay: 300s
[0.092s][info][gc,init] Runtime Workers: 29
[0.094s][info][gc     ] Using The Z Garbage Collector
[0.095s][info][gc,metaspace] CDS archive(s) mapped at: [0x0000000800000000-0x0000000800c60000-0x0000000800c60000), size 12976128, SharedBaseAddress: 0x0000000800000000, ArchiveRelocationMode: 0.
[0.095s][info][gc,metaspace] Compressed class space mapped at: 0x0000000801000000-0x0000000841000000, reserved size: 1073741824
[0.095s][info][gc,metaspace] Narrow klass base: 0x0000000800000000, Narrow klass shift: 0, Narrow klass range: 0x100000000
[4.468s][info][gc,start    ] GC(0) Garbage Collection (Metadata GC Threshold)
[4.468s][info][gc,task     ] GC(0) Using 12 workers
[4.468s][info][gc,phases   ] GC(0) Pause Mark Start 0.016ms
[4.486s][info][gc,phases   ] GC(0) Concurrent Mark 17.545ms
[4.486s][info][gc,phases   ] GC(0) Pause Mark End 0.034ms
[4.486s][info][gc,phases   ] GC(0) Concurrent Mark Free 0.001ms
[4.488s][info][gc,phases   ] GC(0) Concurrent Process Non-Strong References 1.615ms
[4.488s][info][gc,phases   ] GC(0) Concurrent Reset Relocation Set 0.001ms
[4.500s][info][gc,phases   ] GC(0) Concurrent Select Relocation Set 12.303ms
[4.500s][info][gc,phases   ] GC(0) Pause Relocate Start 0.006ms
[4.505s][info][gc,phases   ] GC(0) Concurrent Relocate 4.633ms
[4.505s][info][gc,load     ] GC(0) Load: 0.00/0.00/0.00
[4.505s][info][gc,mmu      ] GC(0) MMU: 2ms/98.3%, 5ms/99.3%, 10ms/99.7%, 20ms/99.8%, 50ms/99.9%, 100ms/99.9%
[4.505s][info][gc,marking  ] GC(0) Mark: 8 stripe(s), 2 proactive flush(es), 2 terminate flush(es), 0 completion(s), 0 continuation(s) 
[4.505s][info][gc,marking  ] GC(0) Mark Stack Usage: 32M
[4.505s][info][gc,nmethod  ] GC(0) NMethods: 1610 registered, 278 unregistered
[4.505s][info][gc,metaspace] GC(0) Metaspace: 21M used, 21M committed, 1088M reserved
[4.505s][info][gc,ref      ] GC(0) Soft: 3349 encountered, 0 discovered, 0 enqueued
[4.505s][info][gc,ref      ] GC(0) Weak: 1372 encountered, 478 discovered, 444 enqueued
[4.505s][info][gc,ref      ] GC(0) Final: 1 encountered, 0 discovered, 0 enqueued
[4.505s][info][gc,ref      ] GC(0) Phantom: 521 encountered, 461 discovered, 299 enqueued
[4.505s][info][gc,reloc    ] GC(0) Small Pages: 52 / 104M, Empty: 0M, Relocated: 6M, In-Place: 0
[4.505s][info][gc,reloc    ] GC(0) Medium Pages: 0 / 0M, Empty: 0M, Relocated: 0M, In-Place: 0
[4.505s][info][gc,reloc    ] GC(0) Large Pages: 0 / 0M, Empty: 0M, Relocated: 0M, In-Place: 0
[4.505s][info][gc,reloc    ] GC(0) Forwarding Usage: 2M
[4.505s][info][gc,heap     ] GC(0) Min Capacity: 8M(0%)
[4.505s][info][gc,heap     ] GC(0) Max Capacity: 30718M(100%)
[4.505s][info][gc,heap     ] GC(0) Soft Max Capacity: 30718M(100%)
[4.505s][info][gc,heap     ] GC(0)                Mark Start          Mark End        Relocate Start      Relocate End           High               Low         
[4.505s][info][gc,heap     ] GC(0)  Capacity:     2048M (7%)         2048M (7%)         2048M (7%)         2048M (7%)         2048M (7%)         2048M (7%)     
[4.505s][info][gc,heap     ] GC(0)      Free:    30614M (100%)      30612M (100%)      30604M (100%)      30680M (100%)      30680M (100%)      30594M (100%)   
[4.505s][info][gc,heap     ] GC(0)      Used:      104M (0%)          106M (0%)          114M (0%)           38M (0%)          124M (0%)           38M (0%)     
[4.505s][info][gc,heap     ] GC(0)      Live:         -                 9M (0%)            9M (0%)            9M (0%)             -                  -          
[4.505s][info][gc,heap     ] GC(0) Allocated:         -                 2M (0%)           10M (0%)            9M (0%)             -                  -          
[4.505s][info][gc,heap     ] GC(0)   Garbage:         -                94M (0%)           94M (0%)           19M (0%)             -                  -          
[4.505s][info][gc,heap     ] GC(0) Reclaimed:         -                  -                 0M (0%)           75M (0%)             -                  -          
[4.506s][info][gc          ] GC(0) Garbage Collection (Metadata GC Threshold) 104M(0%)->38M(0%)
[5.286s][info][gc,start    ] GC(1) Garbage Collection (System.gc())
[5.286s][info][gc,task     ] GC(1) Using 12 workers
[5.287s][info][gc,phases   ] GC(1) Pause Mark Start 0.015ms
[5.302s][info][gc,phases   ] GC(1) Concurrent Mark 15.386ms
[5.302s][info][gc,phases   ] GC(1) Pause Mark End 0.016ms
[5.302s][info][gc,phases   ] GC(1) Concurrent Mark Free 0.001ms
[5.304s][info][gc,phases   ] GC(1) Concurrent Process Non-Strong References 1.368ms
[5.304s][info][gc,phases   ] GC(1) Concurrent Reset Relocation Set 0.007ms
[5.311s][info][gc,phases   ] GC(1) Concurrent Select Relocation Set 6.911ms
[5.311s][info][gc,phases   ] GC(1) Pause Relocate Start 0.007ms
[5.315s][info][gc,phases   ] GC(1) Concurrent Relocate 4.341ms
[5.315s][info][gc,load     ] GC(1) Load: 0.00/0.00/0.00
[5.315s][info][gc,mmu      ] GC(1) MMU: 2ms/98.3%, 5ms/99.3%, 10ms/99.7%, 20ms/99.8%, 50ms/99.9%, 100ms/99.9%
[5.315s][info][gc,marking  ] GC(1) Mark: 8 stripe(s), 2 proactive flush(es), 1 terminate flush(es), 0 completion(s), 0 continuation(s) 
[5.315s][info][gc,marking  ] GC(1) Mark Stack Usage: 32M
[5.315s][info][gc,nmethod  ] GC(1) NMethods: 2314 registered, 386 unregistered
[5.315s][info][gc,metaspace] GC(1) Metaspace: 29M used, 30M committed, 1088M reserved
[5.315s][info][gc,ref      ] GC(1) Soft: 3578 encountered, 0 discovered, 0 enqueued
[5.315s][info][gc,ref      ] GC(1) Weak: 2252 encountered, 763 discovered, 509 enqueued
[5.315s][info][gc,ref      ] GC(1) Final: 193 encountered, 4 discovered, 0 enqueued
[5.316s][info][gc,ref      ] GC(1) Phantom: 515 encountered, 424 discovered, 290 enqueued
[5.316s][info][gc,reloc    ] GC(1) Small Pages: 53 / 106M, Empty: 0M, Relocated: 11M, In-Place: 0
[5.316s][info][gc,reloc    ] GC(1) Medium Pages: 0 / 0M, Empty: 0M, Relocated: 0M, In-Place: 0
[5.316s][info][gc,reloc    ] GC(1) Large Pages: 0 / 0M, Empty: 0M, Relocated: 0M, In-Place: 0
[5.316s][info][gc,reloc    ] GC(1) Forwarding Usage: 3M
[5.316s][info][gc,heap     ] GC(1) Min Capacity: 8M(0%)
[5.316s][info][gc,heap     ] GC(1) Max Capacity: 30718M(100%)
[5.316s][info][gc,heap     ] GC(1) Soft Max Capacity: 30718M(100%)
[5.316s][info][gc,heap     ] GC(1)                Mark Start          Mark End        Relocate Start      Relocate End           High               Low         
[5.316s][info][gc,heap     ] GC(1)  Capacity:     2048M (7%)         2048M (7%)         2048M (7%)         2048M (7%)         2048M (7%)         2048M (7%)     
[5.316s][info][gc,heap     ] GC(1)      Free:    30612M (100%)      30608M (100%)      30604M (100%)      30678M (100%)      30678M (100%)      30588M (100%)   
[5.316s][info][gc,heap     ] GC(1)      Used:      106M (0%)          110M (0%)          114M (0%)           40M (0%)          130M (0%)           40M (0%)     
[5.316s][info][gc,heap     ] GC(1)      Live:         -                15M (0%)           15M (0%)           15M (0%)             -                  -          
[5.316s][info][gc,heap     ] GC(1) Allocated:         -                 4M (0%)            8M (0%)            7M (0%)             -                  -          
[5.316s][info][gc,heap     ] GC(1)   Garbage:         -                90M (0%)           90M (0%)           16M (0%)             -                  -          
[5.316s][info][gc,heap     ] GC(1) Reclaimed:         -                  -                 0M (0%)           73M (0%)             -                  -          
[5.316s][info][gc          ] GC(1) Garbage Collection (System.gc()) 106M(0%)->40M(0%)
[6.502s][info][gc,start    ] GC(2) Garbage Collection (Metadata GC Threshold)
[6.502s][info][gc,task     ] GC(2) Using 12 workers
[6.502s][info][gc,phases   ] GC(2) Pause Mark Start 0.012ms
[6.534s][info][gc,phases   ] GC(2) Concurrent Mark 31.605ms
[6.534s][info][gc,phases   ] GC(2) Pause Mark End 0.024ms
[6.534s][info][gc,phases   ] GC(2) Concurrent Mark Free 0.001ms
[6.551s][info][gc,phases   ] GC(2) Concurrent Process Non-Strong References 17.042ms
[6.551s][info][gc,phases   ] GC(2) Concurrent Reset Relocation Set 0.018ms
[6.562s][info][gc,phases   ] GC(2) Concurrent Select Relocation Set 10.711ms
[6.578s][info][gc,phases   ] GC(2) Pause Relocate Start 0.013ms
[6.588s][info][gc,phases   ] GC(2) Concurrent Relocate 9.374ms
[6.588s][info][gc,load     ] GC(2) Load: 0.00/0.00/0.00
[6.588s][info][gc,mmu      ] GC(2) MMU: 2ms/98.3%, 5ms/99.3%, 10ms/99.7%, 20ms/99.8%, 50ms/99.9%, 100ms/99.9%
[6.588s][info][gc,marking  ] GC(2) Mark: 8 stripe(s), 4 proactive flush(es), 1 terminate flush(es), 0 completion(s), 0 continuation(s) 
[6.588s][info][gc,marking  ] GC(2) Mark Stack Usage: 32M
[6.588s][info][gc,nmethod  ] GC(2) NMethods: 3450 registered, 260 unregistered
[6.588s][info][gc,metaspace] GC(2) Metaspace: 49M used, 50M committed, 1088M reserved
[6.588s][info][gc,ref      ] GC(2) Soft: 3653 encountered, 0 discovered, 0 enqueued
[6.588s][info][gc,ref      ] GC(2) Weak: 8720 encountered, 6130 discovered, 5469 enqueued
[6.588s][info][gc,ref      ] GC(2) Final: 193 encountered, 68 discovered, 0 enqueued
[6.588s][info][gc,ref      ] GC(2) Phantom: 5645 encountered, 5588 discovered, 5419 enqueued
[6.588s][info][gc,reloc    ] GC(2) Small Pages: 111 / 222M, Empty: 0M, Relocated: 13M, In-Place: 0
[6.588s][info][gc,reloc    ] GC(2) Medium Pages: 0 / 0M, Empty: 0M, Relocated: 0M, In-Place: 0
[6.588s][info][gc,reloc    ] GC(2) Large Pages: 0 / 0M, Empty: 0M, Relocated: 0M, In-Place: 0
[6.588s][info][gc,reloc    ] GC(2) Forwarding Usage: 5M
[6.588s][info][gc,heap     ] GC(2) Min Capacity: 8M(0%)
[6.588s][info][gc,heap     ] GC(2) Max Capacity: 30718M(100%)
[6.588s][info][gc,heap     ] GC(2) Soft Max Capacity: 30718M(100%)
[6.588s][info][gc,heap     ] GC(2)                Mark Start          Mark End        Relocate Start      Relocate End           High               Low         
[6.588s][info][gc,heap     ] GC(2)  Capacity:     2048M (7%)         2048M (7%)         2048M (7%)         2048M (7%)         2048M (7%)         2048M (7%)     
[6.588s][info][gc,heap     ] GC(2)      Free:    30496M (99%)       30416M (99%)       30414M (99%)       30592M (100%)      30592M (100%)      30382M (99%)    
[6.588s][info][gc,heap     ] GC(2)      Used:      222M (1%)          302M (1%)          304M (1%)          126M (0%)          336M (1%)          126M (0%)     
[6.588s][info][gc,heap     ] GC(2)      Live:         -                21M (0%)           21M (0%)           21M (0%)             -                  -          
[6.588s][info][gc,heap     ] GC(2) Allocated:         -                80M (0%)           82M (0%)           91M (0%)             -                  -          
[6.588s][info][gc,heap     ] GC(2)   Garbage:         -               200M (1%)          200M (1%)           13M (0%)             -                  -          
[6.588s][info][gc,heap     ] GC(2) Reclaimed:         -                  -                 0M (0%)          187M (1%)             -                  -          
[6.588s][info][gc          ] GC(2) Garbage Collection (Metadata GC Threshold) 222M(1%)->126M(0%)
[10.120s][info][gc,stats    ] === Garbage Collection Statistics =======================================================================================================================
[10.120s][info][gc,stats    ]                                                              Last 10s              Last 10m              Last 10h                Total
[10.120s][info][gc,stats    ]                                                              Avg / Max             Avg / Max             Avg / Max             Avg / Max
[10.120s][info][gc,stats    ]   Collector: Garbage Collection Cycle                     50.853 / 86.172       50.853 / 86.172       50.853 / 86.172       50.853 / 86.172      ms
[10.120s][info][gc,stats    ]  Contention: Mark Segment Reset Contention                     3 / 31                3 / 31                3 / 31                3 / 31          ops/s
[10.120s][info][gc,stats    ]  Contention: Mark SeqNum Reset Contention                      0 / 4                 0 / 4                 0 / 4                 0 / 4           ops/s
[10.120s][info][gc,stats    ]    Critical: Allocation Stall                                  0 / 0                 0 / 0                 0 / 0                 0 / 0           ops/s
[10.120s][info][gc,stats    ]    Critical: Allocation Stall                              0.000 / 0.000         0.000 / 0.000         0.000 / 0.000         0.000 / 0.000       ms
[10.120s][info][gc,stats    ]    Critical: GC Locker Stall                                   0 / 0                 0 / 0                 0 / 0                 0 / 0           ops/s
[10.120s][info][gc,stats    ]    Critical: GC Locker Stall                               0.000 / 0.000         0.000 / 0.000         0.000 / 0.000         0.000 / 0.000       ms
[10.120s][info][gc,stats    ]    Critical: Relocation Stall                                  0 / 0                 0 / 0                 0 / 0                 0 / 0           ops/s
[10.120s][info][gc,stats    ]    Critical: Relocation Stall                              0.000 / 0.000         0.000 / 0.000         0.000 / 0.000         0.000 / 0.000       ms
[10.120s][info][gc,stats    ]      Memory: Allocation Rate                                 315 / 1510            315 / 1510            315 / 1510            315 / 1510        MB/s
[10.120s][info][gc,stats    ]      Memory: Defragment                                        0 / 0                 0 / 0                 0 / 0                 0 / 0           ops/s
[10.120s][info][gc,stats    ]      Memory: Out Of Memory                                     0 / 0                 0 / 0                 0 / 0                 0 / 0           ops/s
[10.120s][info][gc,stats    ]      Memory: Page Cache Flush                                  0 / 0                 0 / 0                 0 / 0                 0 / 0           MB/s
[10.120s][info][gc,stats    ]      Memory: Page Cache Hit L1                                26 / 89               26 / 89               26 / 89               26 / 89          ops/s
[10.120s][info][gc,stats    ]      Memory: Page Cache Hit L2                                 0 / 0                 0 / 0                 0 / 0                 0 / 0           ops/s
[10.120s][info][gc,stats    ]      Memory: Page Cache Hit L3                               102 / 469             102 / 469             102 / 469             102 / 469         ops/s
[10.120s][info][gc,stats    ]      Memory: Page Cache Miss                                  32 / 328              32 / 328              32 / 328              32 / 328         ops/s
[10.120s][info][gc,stats    ]      Memory: Uncommit                                          0 / 0                 0 / 0                 0 / 0                 0 / 0           MB/s
[10.120s][info][gc,stats    ]      Memory: Undo Object Allocation Failed                     0 / 4                 0 / 4                 0 / 4                 0 / 4           ops/s
[10.120s][info][gc,stats    ]      Memory: Undo Object Allocation Succeeded                  5 / 58                5 / 58                5 / 58                5 / 58          ops/s
[10.120s][info][gc,stats    ]      Memory: Undo Page Allocation                              6 / 59                6 / 59                6 / 59                6 / 59          ops/s
[10.120s][info][gc,stats    ]       Phase: Concurrent Mark                              21.512 / 31.605       21.512 / 31.605       21.512 / 31.605       21.512 / 31.605      ms
[10.121s][info][gc,stats    ]       Phase: Concurrent Mark Continue                      0.000 / 0.000         0.000 / 0.000         0.000 / 0.000         0.000 / 0.000       ms
[10.121s][info][gc,stats    ]       Phase: Concurrent Mark Free                          0.001 / 0.001         0.001 / 0.001         0.001 / 0.001         0.001 / 0.001       ms
[10.121s][info][gc,stats    ]       Phase: Concurrent Process Non-Strong References      6.675 / 17.042        6.675 / 17.042        6.675 / 17.042        6.675 / 17.042      ms
[10.121s][info][gc,stats    ]       Phase: Concurrent Relocate                           6.116 / 9.374         6.116 / 9.374         6.116 / 9.374         6.116 / 9.374       ms
[10.121s][info][gc,stats    ]       Phase: Concurrent Reset Relocation Set               0.009 / 0.018         0.009 / 0.018         0.009 / 0.018         0.009 / 0.018       ms
[10.121s][info][gc,stats    ]       Phase: Concurrent Select Relocation Set              9.975 / 12.303        9.975 / 12.303        9.975 / 12.303        9.975 / 12.303      ms
[10.121s][info][gc,stats    ]       Phase: Pause Mark End                                0.024 / 0.034         0.024 / 0.034         0.024 / 0.034         0.024 / 0.034       ms
[10.121s][info][gc,stats    ]       Phase: Pause Mark Start                              0.014 / 0.016         0.014 / 0.016         0.014 / 0.016         0.014 / 0.016       ms
[10.121s][info][gc,stats    ]       Phase: Pause Relocate Start                          0.009 / 0.013         0.009 / 0.013         0.009 / 0.013         0.009 / 0.013       ms
[10.121s][info][gc,stats    ]    Subphase: Concurrent Classes Purge                      1.279 / 2.521         1.279 / 2.521         1.279 / 2.521         1.279 / 2.521       ms
[10.121s][info][gc,stats    ]    Subphase: Concurrent Classes Unlink                     4.803 / 13.361        4.803 / 13.361        4.803 / 13.361        4.803 / 13.361      ms
[10.121s][info][gc,stats    ]    Subphase: Concurrent Mark                              15.440 / 19.089       15.440 / 19.089       15.440 / 19.089       15.440 / 19.089      ms
[10.121s][info][gc,stats    ]    Subphase: Concurrent Mark Try Flush                     0.172 / 0.553         0.172 / 0.553         0.172 / 0.553         0.172 / 0.553       ms
[10.121s][info][gc,stats    ]    Subphase: Concurrent Mark Try Terminate                 1.934 / 6.974         1.934 / 6.974         1.934 / 6.974         1.934 / 6.974       ms
[10.121s][info][gc,stats    ]    Subphase: Concurrent References Enqueue                 0.004 / 0.005         0.004 / 0.005         0.004 / 0.005         0.004 / 0.005       ms
[10.121s][info][gc,stats    ]    Subphase: Concurrent References Process                 0.306 / 0.716         0.306 / 0.716         0.306 / 0.716         0.306 / 0.716       ms
[10.121s][info][gc,stats    ]    Subphase: Concurrent Roots ClassLoaderDataGraph         0.069 / 0.524         0.069 / 0.524         0.069 / 0.524         0.069 / 0.524       ms
[10.121s][info][gc,stats    ]    Subphase: Concurrent Roots CodeCache                    0.000 / 0.000         0.000 / 0.000         0.000 / 0.000         0.000 / 0.000       ms
[10.121s][info][gc,stats    ]    Subphase: Concurrent Roots JavaThreads                  4.897 / 12.332        4.897 / 12.332        4.897 / 12.332        4.897 / 12.332      ms
[10.121s][info][gc,stats    ]    Subphase: Concurrent Roots OopStorageSet                0.040 / 0.241         0.040 / 0.241         0.040 / 0.241         0.040 / 0.241       ms
[10.121s][info][gc,stats    ]    Subphase: Concurrent Weak Roots OopStorageSet           0.165 / 0.270         0.165 / 0.270         0.165 / 0.270         0.165 / 0.270       ms
[10.121s][info][gc,stats    ]    Subphase: Pause Mark Try Complete                       0.000 / 0.000         0.000 / 0.000         0.000 / 0.000         0.000 / 0.000       ms
[10.121s][info][gc,stats    ]      System: Java Threads                                     55 / 76               55 / 76               55 / 76               55 / 76          threads
[10.121s][info][gc,stats    ] =========================================================================================================================================================
[10.420s][info][gc,start    ] GC(3) Garbage Collection (Warmup)
[10.420s][info][gc,task     ] GC(3) Using 12 workers
[10.420s][info][gc,phases   ] GC(3) Pause Mark Start 0.015ms
[10.751s][info][gc,phases   ] GC(3) Concurrent Mark 330.174ms
[10.752s][info][gc,phases   ] GC(3) Pause Mark End 0.034ms
[10.764s][info][gc,phases   ] GC(3) Concurrent Mark Free 0.003ms
[10.853s][info][gc,phases   ] GC(3) Concurrent Process Non-Strong References 89.173ms
[10.853s][info][gc,phases   ] GC(3) Concurrent Reset Relocation Set 0.035ms
[10.863s][info][gc,phases   ] GC(3) Concurrent Select Relocation Set 9.560ms
[10.866s][info][gc,phases   ] GC(3) Pause Relocate Start 0.009ms
[10.883s][info][gc,phases   ] GC(3) Concurrent Relocate 15.735ms
[10.883s][info][gc,load     ] GC(3) Load: 0.00/0.00/0.00
[10.883s][info][gc,mmu      ] GC(3) MMU: 2ms/98.3%, 5ms/99.3%, 10ms/99.7%, 20ms/99.8%, 50ms/99.9%, 100ms/99.9%
[10.883s][info][gc,marking  ] GC(3) Mark: 8 stripe(s), 4 proactive flush(es), 1 terminate flush(es), 0 completion(s), 0 continuation(s) 
[10.883s][info][gc,marking  ] GC(3) Mark Stack Usage: 32M
[10.883s][info][gc,nmethod  ] GC(3) NMethods: 7760 registered, 1594 unregistered
[10.883s][info][gc,metaspace] GC(3) Metaspace: 70M used, 71M committed, 1088M reserved
[10.883s][info][gc,ref      ] GC(3) Soft: 3815 encountered, 0 discovered, 0 enqueued
[10.883s][info][gc,ref      ] GC(3) Weak: 15985 encountered, 7192 discovered, 5403 enqueued
[10.883s][info][gc,ref      ] GC(3) Final: 289 encountered, 8 discovered, 0 enqueued
[10.883s][info][gc,ref      ] GC(3) Phantom: 5801 encountered, 5587 discovered, 5377 enqueued
[10.883s][info][gc,reloc    ] GC(3) Small Pages: 1584 / 3168M, Empty: 1918M, Relocated: 41M, In-Place: 0
[10.883s][info][gc,reloc    ] GC(3) Medium Pages: 0 / 0M, Empty: 0M, Relocated: 0M, In-Place: 0
[10.883s][info][gc,reloc    ] GC(3) Large Pages: 0 / 0M, Empty: 0M, Relocated: 0M, In-Place: 0
[10.883s][info][gc,reloc    ] GC(3) Forwarding Usage: 7M
[10.883s][info][gc,heap     ] GC(3) Min Capacity: 8M(0%)
[10.883s][info][gc,heap     ] GC(3) Max Capacity: 30718M(100%)
[10.883s][info][gc,heap     ] GC(3) Soft Max Capacity: 30718M(100%)
[10.883s][info][gc,heap     ] GC(3)                Mark Start          Mark End        Relocate Start      Relocate End           High               Low         
[10.883s][info][gc,heap     ] GC(3)  Capacity:     3172M (10%)        3598M (12%)        3762M (12%)        3762M (12%)        3762M (12%)        3172M (10%)    
[10.883s][info][gc,heap     ] GC(3)      Free:    27550M (90%)       27138M (88%)       28898M (94%)       30070M (98%)       30070M (98%)       26956M (88%)    
[10.883s][info][gc,heap     ] GC(3)      Used:     3168M (10%)        3580M (12%)        1820M (6%)          648M (2%)         3762M (12%)         648M (2%)     
[10.883s][info][gc,heap     ] GC(3)      Live:         -                52M (0%)           52M (0%)           52M (0%)             -                  -          
[10.883s][info][gc,heap     ] GC(3) Allocated:         -               412M (1%)          570M (2%)          579M (2%)             -                  -          
[10.883s][info][gc,heap     ] GC(3)   Garbage:         -              3115M (10%)        1197M (4%)           15M (0%)             -                  -          
[10.883s][info][gc,heap     ] GC(3) Reclaimed:         -                  -              1918M (6%)         3099M (10%)            -                  -          
[10.883s][info][gc          ] GC(3) Garbage Collection (Warmup) 3168M(10%)->648M(2%)
[13.726s][info][gc,start    ] GC(4) Garbage Collection (Warmup)
[13.726s][info][gc,task     ] GC(4) Using 12 workers
[13.744s][info][gc,phases   ] GC(4) Pause Mark Start 0.019ms
[14.031s][info][gc,phases   ] GC(4) Concurrent Mark 286.407ms
[14.049s][info][gc,phases   ] GC(4) Pause Mark End 0.032ms
[14.050s][info][gc,phases   ] GC(4) Concurrent Mark Free 0.001ms
[14.062s][info][gc,phases   ] GC(4) Concurrent Process Non-Strong References 12.455ms
[14.063s][info][gc,phases   ] GC(4) Concurrent Reset Relocation Set 0.100ms
[14.098s][info][gc,phases   ] GC(4) Concurrent Select Relocation Set 35.567ms
[14.099s][info][gc,phases   ] GC(4) Pause Relocate Start 0.011ms
[14.102s][info][gc,phases   ] GC(4) Concurrent Relocate 3.256ms
[14.102s][info][gc,load     ] GC(4) Load: 0.00/0.00/0.00
[14.102s][info][gc,mmu      ] GC(4) MMU: 2ms/98.3%, 5ms/99.3%, 10ms/99.7%, 20ms/99.8%, 50ms/99.9%, 100ms/99.9%
[14.102s][info][gc,marking  ] GC(4) Mark: 8 stripe(s), 2 proactive flush(es), 1 terminate flush(es), 0 completion(s), 0 continuation(s) 
[14.102s][info][gc,marking  ] GC(4) Mark Stack Usage: 32M
[14.102s][info][gc,nmethod  ] GC(4) NMethods: 7788 registered, 2315 unregistered
[14.102s][info][gc,metaspace] GC(4) Metaspace: 70M used, 71M committed, 1088M reserved
[14.102s][info][gc,ref      ] GC(4) Soft: 3815 encountered, 0 discovered, 0 enqueued
[14.102s][info][gc,ref      ] GC(4) Weak: 10661 encountered, 1769 discovered, 15 enqueued
[14.102s][info][gc,ref      ] GC(4) Final: 289 encountered, 6 discovered, 0 enqueued
[14.102s][info][gc,ref      ] GC(4) Phantom: 431 encountered, 246 discovered, 7 enqueued
[14.102s][info][gc,reloc    ] GC(4) Small Pages: 3092 / 6184M, Empty: 5106M, Relocated: 9M, In-Place: 0
[14.102s][info][gc,reloc    ] GC(4) Medium Pages: 0 / 0M, Empty: 0M, Relocated: 0M, In-Place: 0
[14.102s][info][gc,reloc    ] GC(4) Large Pages: 0 / 0M, Empty: 0M, Relocated: 0M, In-Place: 0
[14.102s][info][gc,reloc    ] GC(4) Forwarding Usage: 2M
[14.102s][info][gc,heap     ] GC(4) Min Capacity: 8M(0%)
[14.102s][info][gc,heap     ] GC(4) Max Capacity: 30718M(100%)
[14.103s][info][gc,heap     ] GC(4) Soft Max Capacity: 30718M(100%)
[14.103s][info][gc,heap     ] GC(4)                Mark Start          Mark End        Relocate Start      Relocate End           High               Low         
[14.103s][info][gc,heap     ] GC(4)  Capacity:     6190M (20%)        6596M (21%)        6606M (22%)        6606M (22%)        6606M (22%)        6190M (20%)    
[14.103s][info][gc,heap     ] GC(4)      Free:    24534M (80%)       24146M (79%)       29172M (95%)       30162M (98%)       30162M (98%)       24112M (78%)    
[14.103s][info][gc,heap     ] GC(4)      Used:     6184M (20%)        6572M (21%)        1546M (5%)          556M (2%)         6606M (22%)         556M (2%)     
[14.103s][info][gc,heap     ] GC(4)      Live:         -                52M (0%)           52M (0%)           52M (0%)             -                  -          
[14.103s][info][gc,heap     ] GC(4) Allocated:         -               388M (1%)          468M (2%)          480M (2%)             -                  -          
[14.103s][info][gc,heap     ] GC(4)   Garbage:         -              6131M (20%)        1025M (3%)           22M (0%)             -                  -          
[14.103s][info][gc,heap     ] GC(4) Reclaimed:         -                  -              5106M (17%)        6108M (20%)            -                  -          
[14.103s][info][gc          ] GC(4) Garbage Collection (Warmup) 6184M(20%)->556M(2%)
[17.328s][info][gc,start    ] GC(5) Garbage Collection (Warmup)
[17.328s][info][gc,task     ] GC(5) Using 12 workers
[17.344s][info][gc,phases   ] GC(5) Pause Mark Start 0.013ms
[17.605s][info][gc,phases   ] GC(5) Concurrent Mark 259.999ms
[17.622s][info][gc,phases   ] GC(5) Pause Mark End 0.034ms
[17.622s][info][gc,phases   ] GC(5) Concurrent Mark Free 0.001ms
[17.628s][info][gc,phases   ] GC(5) Concurrent Process Non-Strong References 5.633ms
[17.628s][info][gc,phases   ] GC(5) Concurrent Reset Relocation Set 0.084ms
[17.634s][info][gc,phases   ] GC(5) Concurrent Select Relocation Set 5.672ms
[17.634s][info][gc,phases   ] GC(5) Pause Relocate Start 0.010ms
[17.639s][info][gc,phases   ] GC(5) Concurrent Relocate 3.193ms
[17.639s][info][gc,load     ] GC(5) Load: 0.00/0.00/0.00
[17.639s][info][gc,mmu      ] GC(5) MMU: 2ms/98.3%, 5ms/99.3%, 10ms/99.7%, 20ms/99.8%, 50ms/99.9%, 100ms/99.9%
[17.639s][info][gc,marking  ] GC(5) Mark: 8 stripe(s), 3 proactive flush(es), 1 terminate flush(es), 0 completion(s), 0 continuation(s) 
[17.639s][info][gc,marking  ] GC(5) Mark Stack Usage: 32M
[17.639s][info][gc,nmethod  ] GC(5) NMethods: 7809 registered, 2536 unregistered
[17.639s][info][gc,metaspace] GC(5) Metaspace: 70M used, 71M committed, 1088M reserved
[17.639s][info][gc,ref      ] GC(5) Soft: 3815 encountered, 0 discovered, 0 enqueued
[17.639s][info][gc,ref      ] GC(5) Weak: 10667 encountered, 1337 discovered, 3 enqueued
[17.639s][info][gc,ref      ] GC(5) Final: 289 encountered, 11 discovered, 0 enqueued
[17.639s][info][gc,ref      ] GC(5) Phantom: 424 encountered, 244 discovered, 0 enqueued
[17.639s][info][gc,reloc    ] GC(5) Small Pages: 4611 / 9222M, Empty: 8226M, Relocated: 8M, In-Place: 0
[17.639s][info][gc,reloc    ] GC(5) Medium Pages: 0 / 0M, Empty: 0M, Relocated: 0M, In-Place: 0
[17.639s][info][gc,reloc    ] GC(5) Large Pages: 0 / 0M, Empty: 0M, Relocated: 0M, In-Place: 0
[17.639s][info][gc,reloc    ] GC(5) Forwarding Usage: 2M
[17.639s][info][gc,heap     ] GC(5) Min Capacity: 8M(0%)
[17.639s][info][gc,heap     ] GC(5) Max Capacity: 30718M(100%)
[17.640s][info][gc,heap     ] GC(5) Soft Max Capacity: 30718M(100%)
[17.640s][info][gc,heap     ] GC(5)                Mark Start          Mark End        Relocate Start      Relocate End           High               Low         
[17.640s][info][gc,heap     ] GC(5)  Capacity:     9262M (30%)        9606M (31%)        9606M (31%)        9606M (31%)        9606M (31%)        9262M (30%)    
[17.640s][info][gc,heap     ] GC(5)      Free:    21496M (70%)       21154M (69%)       29360M (96%)       30268M (99%)       30268M (99%)       21112M (69%)    
[17.640s][info][gc,heap     ] GC(5)      Used:     9222M (30%)        9564M (31%)        1358M (4%)          450M (1%)         9606M (31%)         450M (1%)     
[17.640s][info][gc,heap     ] GC(5)      Live:         -                52M (0%)           52M (0%)           52M (0%)             -                  -          
[17.640s][info][gc,heap     ] GC(5) Allocated:         -               342M (1%)          362M (1%)          373M (1%)             -                  -          
[17.640s][info][gc,heap     ] GC(5)   Garbage:         -              9169M (30%)         943M (3%)           24M (0%)             -                  -          
[17.640s][info][gc,heap     ] GC(5) Reclaimed:         -                  -              8226M (27%)        9145M (30%)            -                  -          
[17.640s][info][gc          ] GC(5) Garbage Collection (Warmup) 9222M(30%)->450M(1%)
[20.134s][info][gc,stats    ] === Garbage Collection Statistics =======================================================================================================================
[20.134s][info][gc,stats    ]                                                              Last 10s              Last 10m              Last 10h                Total
[20.134s][info][gc,stats    ]                                                              Avg / Max             Avg / Max             Avg / Max             Avg / Max
[20.134s][info][gc,stats    ]   Collector: Garbage Collection Cycle                    383.449 / 463.239     217.151 / 463.239     217.151 / 463.239     217.151 / 463.239     ms
[20.134s][info][gc,stats    ]  Contention: Mark Segment Reset Contention                     5 / 32                4 / 32                4 / 32                4 / 32          ops/s
[20.134s][info][gc,stats    ]  Contention: Mark SeqNum Reset Contention                      0 / 4                 0 / 4                 0 / 4                 0 / 4           ops/s
[20.134s][info][gc,stats    ]    Critical: Allocation Stall                                  0 / 0                 0 / 0                 0 / 0                 0 / 0           ops/s
[20.134s][info][gc,stats    ]    Critical: Allocation Stall                              0.000 / 0.000         0.000 / 0.000         0.000 / 0.000         0.000 / 0.000       ms
[20.134s][info][gc,stats    ]    Critical: GC Locker Stall                                   0 / 0                 0 / 0                 0 / 0                 0 / 0           ops/s
[20.134s][info][gc,stats    ]    Critical: GC Locker Stall                               0.000 / 0.000         0.000 / 0.000         0.000 / 0.000         0.000 / 0.000       ms
[20.134s][info][gc,stats    ]    Critical: Relocation Stall                                  0 / 0                 0 / 0                 0 / 0                 0 / 0           ops/s
[20.134s][info][gc,stats    ]    Critical: Relocation Stall                              0.000 / 0.000         0.000 / 0.000         0.000 / 0.000         0.000 / 0.000       ms
[20.134s][info][gc,stats    ]      Memory: Allocation Rate                                3090 / 4470           1702 / 4470           1702 / 4470           1702 / 4470        MB/s
[20.134s][info][gc,stats    ]      Memory: Defragment                                        0 / 0                 0 / 0                 0 / 0                 0 / 0           ops/s
[20.134s][info][gc,stats    ]      Memory: Out Of Memory                                     0 / 0                 0 / 0                 0 / 0                 0 / 0           ops/s
[20.134s][info][gc,stats    ]      Memory: Page Cache Flush                                  0 / 0                 0 / 0                 0 / 0                 0 / 0           MB/s
[20.134s][info][gc,stats    ]      Memory: Page Cache Hit L1                              1164 / 2235            595 / 2235            595 / 2235            595 / 2235        ops/s
[20.134s][info][gc,stats    ]      Memory: Page Cache Hit L2                                 0 / 0                 0 / 0                 0 / 0                 0 / 0           ops/s
[20.134s][info][gc,stats    ]      Memory: Page Cache Hit L3                                 0 / 0                51 / 469              51 / 469              51 / 469         ops/s
[20.134s][info][gc,stats    ]      Memory: Page Cache Miss                                 385 / 688             209 / 688             209 / 688             209 / 688         ops/s
[20.134s][info][gc,stats    ]      Memory: Uncommit                                          0 / 0                 0 / 0                 0 / 0                 0 / 0           MB/s
[20.134s][info][gc,stats    ]      Memory: Undo Object Allocation Failed                     0 / 1                 0 / 4                 0 / 4                 0 / 4           ops/s
[20.134s][info][gc,stats    ]      Memory: Undo Object Allocation Succeeded                 31 / 137              18 / 137              18 / 137              18 / 137         ops/s
[20.134s][info][gc,stats    ]      Memory: Undo Page Allocation                            241 / 518             123 / 518             123 / 518             123 / 518         ops/s
[20.134s][info][gc,stats    ]       Phase: Concurrent Mark                             292.193 / 330.174     156.852 / 330.174     156.852 / 330.174     156.852 / 330.174     ms
[20.134s][info][gc,stats    ]       Phase: Concurrent Mark Continue                      0.000 / 0.000         0.000 / 0.000         0.000 / 0.000         0.000 / 0.000       ms
[20.134s][info][gc,stats    ]       Phase: Concurrent Mark Free                          0.002 / 0.003         0.001 / 0.003         0.001 / 0.003         0.001 / 0.003       ms
[20.134s][info][gc,stats    ]       Phase: Concurrent Process Non-Strong References     35.753 / 89.173       21.214 / 89.173       21.214 / 89.173       21.214 / 89.173      ms
[20.134s][info][gc,stats    ]       Phase: Concurrent Relocate                           7.395 / 15.735        6.755 / 15.735        6.755 / 15.735        6.755 / 15.735      ms
[20.134s][info][gc,stats    ]       Phase: Concurrent Reset Relocation Set               0.073 / 0.100         0.041 / 0.100         0.041 / 0.100         0.041 / 0.100       ms
[20.134s][info][gc,stats    ]       Phase: Concurrent Select Relocation Set             16.933 / 35.567       13.454 / 35.567       13.454 / 35.567       13.454 / 35.567      ms
[20.134s][info][gc,stats    ]       Phase: Pause Mark End                                0.033 / 0.034         0.029 / 0.034         0.029 / 0.034         0.029 / 0.034       ms
[20.134s][info][gc,stats    ]       Phase: Pause Mark Start                              0.016 / 0.019         0.015 / 0.019         0.015 / 0.019         0.015 / 0.019       ms
[20.134s][info][gc,stats    ]       Phase: Pause Relocate Start                          0.010 / 0.011         0.009 / 0.013         0.009 / 0.013         0.009 / 0.013       ms
[20.134s][info][gc,stats    ]    Subphase: Concurrent Classes Purge                      7.307 / 13.439        4.293 / 13.439        4.293 / 13.439        4.293 / 13.439      ms
[20.134s][info][gc,stats    ]    Subphase: Concurrent Classes Unlink                    17.568 / 45.692       11.186 / 45.692       11.186 / 45.692       11.186 / 45.692      ms
[20.134s][info][gc,stats    ]    Subphase: Concurrent Mark                             266.607 / 300.355     141.024 / 300.355     141.024 / 300.355     141.024 / 300.355     ms
[20.134s][info][gc,stats    ]    Subphase: Concurrent Mark Try Flush                    38.249 / 58.692       19.211 / 58.692       19.211 / 58.692       19.211 / 58.692      ms
[20.134s][info][gc,stats    ]    Subphase: Concurrent Mark Try Terminate                 2.167 / 36.166        2.161 / 36.166        2.161 / 36.166        2.161 / 36.166      ms
[20.135s][info][gc,stats    ]    Subphase: Concurrent References Enqueue                 0.005 / 0.007         0.005 / 0.007         0.005 / 0.007         0.005 / 0.007       ms
[20.135s][info][gc,stats    ]    Subphase: Concurrent References Process                 0.501 / 1.267         0.404 / 1.267         0.404 / 1.267         0.404 / 1.267       ms
[20.135s][info][gc,stats    ]    Subphase: Concurrent Roots ClassLoaderDataGraph         0.348 / 1.759         0.157 / 1.759         0.157 / 1.759         0.157 / 1.759       ms
[20.135s][info][gc,stats    ]    Subphase: Concurrent Roots CodeCache                    0.000 / 0.000         0.000 / 0.000         0.000 / 0.000         0.000 / 0.000       ms
[20.135s][info][gc,stats    ]    Subphase: Concurrent Roots JavaThreads                 23.947 / 39.517       14.982 / 39.517       14.982 / 39.517       14.982 / 39.517      ms
[20.135s][info][gc,stats    ]    Subphase: Concurrent Roots OopStorageSet                0.247 / 0.895         0.142 / 0.895         0.142 / 0.895         0.142 / 0.895       ms
[20.135s][info][gc,stats    ]    Subphase: Concurrent Weak Roots OopStorageSet           0.483 / 0.714         0.324 / 0.714         0.324 / 0.714         0.324 / 0.714       ms
[20.135s][info][gc,stats    ]    Subphase: Pause Mark Try Complete                       0.000 / 0.000         0.000 / 0.000         0.000 / 0.000         0.000 / 0.000       ms
[20.135s][info][gc,stats    ]      System: Java Threads                                    181 / 186             118 / 186             118 / 186             118 / 186         threads
[20.135s][info][gc,stats    ] =========================================================================================================================================================
[22.329s][info][gc,start    ] GC(6) Garbage Collection (System.gc())
[22.329s][info][gc,task     ] GC(6) Using 12 workers
[22.329s][info][gc,phases   ] GC(6) Pause Mark Start 0.013ms
[22.367s][info][gc,phases   ] GC(6) Concurrent Mark 37.512ms
[22.367s][info][gc,phases   ] GC(6) Pause Mark End 0.025ms
[22.367s][info][gc,phases   ] GC(6) Concurrent Mark Free 0.001ms
[22.371s][info][gc,phases   ] GC(6) Concurrent Process Non-Strong References 3.752ms
[22.371s][info][gc,phases   ] GC(6) Concurrent Reset Relocation Set 0.082ms
[22.375s][info][gc,phases   ] GC(6) Concurrent Select Relocation Set 3.885ms
[22.375s][info][gc,phases   ] GC(6) Pause Relocate Start 0.008ms
[22.377s][info][gc,phases   ] GC(6) Concurrent Relocate 2.089ms
[22.377s][info][gc,load     ] GC(6) Load: 0.00/0.00/0.00
[22.377s][info][gc,mmu      ] GC(6) MMU: 2ms/98.3%, 5ms/99.3%, 10ms/99.7%, 20ms/99.8%, 50ms/99.9%, 100ms/99.9%
[22.377s][info][gc,marking  ] GC(6) Mark: 8 stripe(s), 8 proactive flush(es), 1 terminate flush(es), 0 completion(s), 0 continuation(s) 
[22.377s][info][gc,marking  ] GC(6) Mark Stack Usage: 32M
[22.377s][info][gc,nmethod  ] GC(6) NMethods: 8261 registered, 2704 unregistered
[22.377s][info][gc,metaspace] GC(6) Metaspace: 70M used, 71M committed, 1088M reserved
[22.377s][info][gc,ref      ] GC(6) Soft: 3824 encountered, 0 discovered, 0 enqueued
[22.377s][info][gc,ref      ] GC(6) Weak: 9758 encountered, 1528 discovered, 338 enqueued
[22.377s][info][gc,ref      ] GC(6) Final: 289 encountered, 14 discovered, 0 enqueued
[22.377s][info][gc,ref      ] GC(6) Phantom: 456 encountered, 352 discovered, 32 enqueued
[22.378s][info][gc,reloc    ] GC(6) Small Pages: 7039 / 14078M, Empty: 12940M, Relocated: 6M, In-Place: 0
[22.378s][info][gc,reloc    ] GC(6) Medium Pages: 0 / 0M, Empty: 0M, Relocated: 0M, In-Place: 0
[22.378s][info][gc,reloc    ] GC(6) Large Pages: 0 / 0M, Empty: 0M, Relocated: 0M, In-Place: 0
[22.378s][info][gc,reloc    ] GC(6) Forwarding Usage: 1M
[22.378s][info][gc,heap     ] GC(6) Min Capacity: 8M(0%)
[22.378s][info][gc,heap     ] GC(6) Max Capacity: 30718M(100%)
[22.378s][info][gc,heap     ] GC(6) Soft Max Capacity: 30718M(100%)
[22.378s][info][gc,heap     ] GC(6)                Mark Start          Mark End        Relocate Start      Relocate End           High               Low         
[22.378s][info][gc,heap     ] GC(6)  Capacity:    14078M (46%)       14128M (46%)       14128M (46%)       14128M (46%)       14128M (46%)       14078M (46%)    
[22.378s][info][gc,heap     ] GC(6)      Free:    16640M (54%)       16590M (54%)       29530M (96%)       30590M (100%)      30590M (100%)      16590M (54%)    
[22.378s][info][gc,heap     ] GC(6)      Used:    14078M (46%)       14128M (46%)        1188M (4%)          128M (0%)        14128M (46%)         128M (0%)     
[22.378s][info][gc,heap     ] GC(6)      Live:         -                49M (0%)           49M (0%)           49M (0%)             -                  -          
[22.378s][info][gc,heap     ] GC(6) Allocated:         -                50M (0%)           50M (0%)           49M (0%)             -                  -          
[22.378s][info][gc,heap     ] GC(6)   Garbage:         -             14028M (46%)        1088M (4%)           28M (0%)             -                  -          
[22.378s][info][gc,heap     ] GC(6) Reclaimed:         -                  -             12940M (42%)       13999M (46%)            -                  -          
[22.378s][info][gc          ] GC(6) Garbage Collection (System.gc()) 14078M(46%)->128M(0%)
[25.720s][info][gc,start    ] GC(7) Garbage Collection (Allocation Rate)
[25.720s][info][gc,task     ] GC(7) Using 2 workers
[25.736s][info][gc,phases   ] GC(7) Pause Mark Start 0.012ms
[26.176s][info][gc,phases   ] GC(7) Concurrent Mark 439.172ms
[26.176s][info][gc,phases   ] GC(7) Pause Mark End 0.024ms
[26.177s][info][gc,phases   ] GC(7) Concurrent Mark Free 0.001ms
[26.329s][info][gc,phases   ] GC(7) Concurrent Process Non-Strong References 152.153ms
[26.329s][info][gc,phases   ] GC(7) Concurrent Reset Relocation Set 0.093ms
[26.414s][info][gc,phases   ] GC(7) Concurrent Select Relocation Set 85.124ms
[26.414s][info][gc,phases   ] GC(7) Pause Relocate Start 0.011ms
[26.426s][info][gc,phases   ] GC(7) Concurrent Relocate 11.789ms
[26.427s][info][gc,load     ] GC(7) Load: 0.00/0.00/0.00
[26.427s][info][gc,mmu      ] GC(7) MMU: 2ms/98.3%, 5ms/99.3%, 10ms/99.7%, 20ms/99.8%, 50ms/99.9%, 100ms/99.9%
[26.427s][info][gc,marking  ] GC(7) Mark: 2 stripe(s), 2 proactive flush(es), 1 terminate flush(es), 0 completion(s), 0 continuation(s) 
[26.427s][info][gc,marking  ] GC(7) Mark Stack Usage: 32M
[26.427s][info][gc,nmethod  ] GC(7) NMethods: 8367 registered, 3102 unregistered
[26.427s][info][gc,metaspace] GC(7) Metaspace: 71M used, 71M committed, 1088M reserved
[26.427s][info][gc,ref      ] GC(7) Soft: 3829 encountered, 0 discovered, 0 enqueued
[26.427s][info][gc,ref      ] GC(7) Weak: 11138 encountered, 1885 discovered, 388 enqueued
[26.427s][info][gc,ref      ] GC(7) Final: 289 encountered, 40 discovered, 0 enqueued
[26.427s][info][gc,ref      ] GC(7) Phantom: 663 encountered, 443 discovered, 239 enqueued
[26.427s][info][gc,reloc    ] GC(7) Small Pages: 7163 / 14326M, Empty: 13194M, Relocated: 13M, In-Place: 0
[26.427s][info][gc,reloc    ] GC(7) Medium Pages: 0 / 0M, Empty: 0M, Relocated: 0M, In-Place: 0
[26.427s][info][gc,reloc    ] GC(7) Large Pages: 0 / 0M, Empty: 0M, Relocated: 0M, In-Place: 0
[26.427s][info][gc,reloc    ] GC(7) Forwarding Usage: 3M
[26.427s][info][gc,heap     ] GC(7) Min Capacity: 8M(0%)
[26.427s][info][gc,heap     ] GC(7) Max Capacity: 30718M(100%)
[26.427s][info][gc,heap     ] GC(7) Soft Max Capacity: 30718M(100%)
[26.427s][info][gc,heap     ] GC(7)                Mark Start          Mark End        Relocate Start      Relocate End           High               Low         
[26.427s][info][gc,heap     ] GC(7)  Capacity:    14348M (47%)       14944M (49%)       15178M (49%)       15178M (49%)       15178M (49%)       14348M (47%)    
[26.427s][info][gc,heap     ] GC(7)      Free:    16392M (53%)       15774M (51%)       28614M (93%)       29664M (97%)       29664M (97%)       15540M (51%)    
[26.427s][info][gc,heap     ] GC(7)      Used:    14326M (47%)       14944M (49%)        2104M (7%)         1054M (3%)        15178M (49%)        1054M (3%)     
[26.427s][info][gc,heap     ] GC(7)      Live:         -                52M (0%)           52M (0%)           52M (0%)             -                  -          
[26.427s][info][gc,heap     ] GC(7) Allocated:         -               618M (2%)          972M (3%)          989M (3%)             -                  -          
[26.427s][info][gc,heap     ] GC(7)   Garbage:         -             14273M (46%)        1079M (4%)           12M (0%)             -                  -          
[26.427s][info][gc,heap     ] GC(7) Reclaimed:         -                  -             13194M (43%)       14261M (46%)            -                  -          
[26.427s][info][gc          ] GC(7) Garbage Collection (Allocation Rate) 14326M(47%)->1054M(3%)
[26.431s][info][gc,start    ] GC(8) Garbage Collection (Allocation Rate)
[26.431s][info][gc,task     ] GC(8) Using 6 workers
[26.431s][info][gc,phases   ] GC(8) Pause Mark Start 0.011ms
[26.513s][info][gc,phases   ] GC(8) Concurrent Mark 80.803ms
[26.514s][info][gc,phases   ] GC(8) Pause Mark End 0.023ms
[26.514s][info][gc,phases   ] GC(8) Concurrent Mark Free 0.001ms
[26.519s][info][gc,phases   ] GC(8) Concurrent Process Non-Strong References 4.670ms
[26.519s][info][gc,phases   ] GC(8) Concurrent Reset Relocation Set 0.096ms
[26.528s][info][gc,phases   ] GC(8) Concurrent Select Relocation Set 9.569ms
[26.529s][info][gc,phases   ] GC(8) Pause Relocate Start 0.013ms
[26.548s][info][gc,phases   ] GC(8) Concurrent Relocate 18.605ms
[26.548s][info][gc,load     ] GC(8) Load: 0.00/0.00/0.00
[26.548s][info][gc,mmu      ] GC(8) MMU: 2ms/98.3%, 5ms/99.3%, 10ms/99.7%, 20ms/99.8%, 50ms/99.9%, 100ms/99.9%
[26.548s][info][gc,marking  ] GC(8) Mark: 4 stripe(s), 3 proactive flush(es), 1 terminate flush(es), 0 completion(s), 0 continuation(s) 
[26.548s][info][gc,marking  ] GC(8) Mark Stack Usage: 32M
[26.548s][info][gc,nmethod  ] GC(8) NMethods: 8365 registered, 3104 unregistered
[26.548s][info][gc,metaspace] GC(8) Metaspace: 71M used, 71M committed, 1088M reserved
[26.548s][info][gc,ref      ] GC(8) Soft: 3829 encountered, 0 discovered, 0 enqueued
[26.548s][info][gc,ref      ] GC(8) Weak: 10750 encountered, 1388 discovered, 0 enqueued
[26.548s][info][gc,ref      ] GC(8) Final: 289 encountered, 38 discovered, 0 enqueued
[26.548s][info][gc,ref      ] GC(8) Phantom: 424 encountered, 266 discovered, 0 enqueued
[26.548s][info][gc,reloc    ] GC(8) Small Pages: 527 / 1054M, Empty: 710M, Relocated: 6M, In-Place: 0
[26.548s][info][gc,reloc    ] GC(8) Medium Pages: 0 / 0M, Empty: 0M, Relocated: 0M, In-Place: 0
[26.548s][info][gc,reloc    ] GC(8) Large Pages: 0 / 0M, Empty: 0M, Relocated: 0M, In-Place: 0
[26.548s][info][gc,reloc    ] GC(8) Forwarding Usage: 2M
[26.548s][info][gc,heap     ] GC(8) Min Capacity: 8M(0%)
[26.548s][info][gc,heap     ] GC(8) Max Capacity: 30718M(100%)
[26.548s][info][gc,heap     ] GC(8) Soft Max Capacity: 30718M(100%)
[26.548s][info][gc,heap     ] GC(8)                Mark Start          Mark End        Relocate Start      Relocate End           High               Low         
[26.548s][info][gc,heap     ] GC(8)  Capacity:    15178M (49%)       15178M (49%)       15178M (49%)       15178M (49%)       15178M (49%)       15178M (49%)    
[26.548s][info][gc,heap     ] GC(8)      Free:    29664M (97%)       29480M (96%)       30164M (98%)       30380M (99%)       30394M (99%)       29466M (96%)    
[26.548s][info][gc,heap     ] GC(8)      Used:     1054M (3%)         1238M (4%)          554M (2%)          338M (1%)         1252M (4%)          324M (1%)     
[26.548s][info][gc,heap     ] GC(8)      Live:         -                52M (0%)           52M (0%)           52M (0%)             -                  -          
[26.548s][info][gc,heap     ] GC(8) Allocated:         -               184M (1%)          210M (1%)          270M (1%)             -                  -          
[26.548s][info][gc,heap     ] GC(8)   Garbage:         -              1001M (3%)          291M (1%)           15M (0%)             -                  -          
[26.548s][info][gc,heap     ] GC(8) Reclaimed:         -                  -               710M (2%)          986M (3%)             -                  -          
[26.548s][info][gc          ] GC(8) Garbage Collection (Allocation Rate) 1054M(3%)->338M(1%)
[30.124s][info][gc,stats    ] === Garbage Collection Statistics =======================================================================================================================
[30.124s][info][gc,stats    ]                                                              Last 10s              Last 10m              Last 10h                Total
[30.124s][info][gc,stats    ]                                                              Avg / Max             Avg / Max             Avg / Max             Avg / Max
[30.124s][info][gc,stats    ]   Collector: Garbage Collection Cycle                    290.520 / 706.128     241.607 / 706.128     241.607 / 706.128     241.607 / 706.128     ms
[30.124s][info][gc,stats    ]  Contention: Mark Segment Reset Contention                     2 / 10                3 / 32                3 / 32                3 / 32          ops/s
[30.124s][info][gc,stats    ]  Contention: Mark SeqNum Reset Contention                      0 / 1                 0 / 4                 0 / 4                 0 / 4           ops/s
[30.124s][info][gc,stats    ]    Critical: Allocation Stall                                  0 / 0                 0 / 0                 0 / 0                 0 / 0           ops/s
[30.124s][info][gc,stats    ]    Critical: Allocation Stall                              0.000 / 0.000         0.000 / 0.000         0.000 / 0.000         0.000 / 0.000       ms
[30.124s][info][gc,stats    ]    Critical: GC Locker Stall                                   0 / 0                 0 / 0                 0 / 0                 0 / 0           ops/s
[30.124s][info][gc,stats    ]    Critical: GC Locker Stall                               0.000 / 0.000         0.000 / 0.000         0.000 / 0.000         0.000 / 0.000       ms
[30.124s][info][gc,stats    ]    Critical: Relocation Stall                                  0 / 0                 0 / 0                 0 / 0                 0 / 0           ops/s
[30.124s][info][gc,stats    ]    Critical: Relocation Stall                              0.000 / 0.000         0.000 / 0.000         0.000 / 0.000         0.000 / 0.000       ms
[30.124s][info][gc,stats    ]      Memory: Allocation Rate                                3462 / 5098           2289 / 5098           2289 / 5098           2289 / 5098        MB/s
[30.124s][info][gc,stats    ]      Memory: Defragment                                        0 / 0                 0 / 0                 0 / 0                 0 / 0           ops/s
[30.124s][info][gc,stats    ]      Memory: Out Of Memory                                     0 / 0                 0 / 0                 0 / 0                 0 / 0           ops/s
[30.124s][info][gc,stats    ]      Memory: Page Cache Flush                                  0 / 0                 0 / 0                 0 / 0                 0 / 0           MB/s
[30.124s][info][gc,stats    ]      Memory: Page Cache Hit L1                              1495 / 2549            895 / 2549            895 / 2549            895 / 2549        ops/s
[30.124s][info][gc,stats    ]      Memory: Page Cache Hit L2                                 0 / 0                 0 / 0                 0 / 0                 0 / 0           ops/s
[30.124s][info][gc,stats    ]      Memory: Page Cache Hit L3                                 0 / 0                34 / 469              34 / 469              34 / 469         ops/s
[30.124s][info][gc,stats    ]      Memory: Page Cache Miss                                 238 / 1055            218 / 1055            218 / 1055            218 / 1055        ops/s
[30.124s][info][gc,stats    ]      Memory: Uncommit                                          0 / 0                 0 / 0                 0 / 0                 0 / 0           MB/s
[30.124s][info][gc,stats    ]      Memory: Undo Object Allocation Failed                     0 / 0                 0 / 4                 0 / 4                 0 / 4           ops/s
[30.124s][info][gc,stats    ]      Memory: Undo Object Allocation Succeeded                 37 / 362              25 / 362              25 / 362              25 / 362         ops/s
[30.124s][info][gc,stats    ]      Memory: Undo Page Allocation                             38 / 232              95 / 518              95 / 518              95 / 518         ops/s
[30.124s][info][gc,stats    ]       Phase: Concurrent Mark                             185.829 / 439.172     166.511 / 439.172     166.511 / 439.172     166.511 / 439.172     ms
[30.124s][info][gc,stats    ]       Phase: Concurrent Mark Continue                      0.000 / 0.000         0.000 / 0.000         0.000 / 0.000         0.000 / 0.000       ms
[30.124s][info][gc,stats    ]       Phase: Concurrent Mark Free                          0.001 / 0.001         0.001 / 0.003         0.001 / 0.003         0.001 / 0.003       ms
[30.124s][info][gc,stats    ]       Phase: Concurrent Process Non-Strong References     53.525 / 152.153      31.984 / 152.153      31.984 / 152.153      31.984 / 152.153     ms
[30.124s][info][gc,stats    ]       Phase: Concurrent Relocate                          10.828 / 18.605        8.113 / 18.605        8.113 / 18.605        8.113 / 18.605      ms
[30.124s][info][gc,stats    ]       Phase: Concurrent Reset Relocation Set               0.091 / 0.096         0.057 / 0.100         0.057 / 0.100         0.057 / 0.100       ms
[30.124s][info][gc,stats    ]       Phase: Concurrent Select Relocation Set             32.859 / 85.124       19.922 / 85.124       19.922 / 85.124       19.922 / 85.124      ms
[30.124s][info][gc,stats    ]       Phase: Pause Mark End                                0.024 / 0.025         0.027 / 0.034         0.027 / 0.034         0.027 / 0.034       ms
[30.124s][info][gc,stats    ]       Phase: Pause Mark Start                              0.012 / 0.013         0.014 / 0.019         0.014 / 0.019         0.014 / 0.019       ms
[30.124s][info][gc,stats    ]       Phase: Pause Relocate Start                          0.010 / 0.013         0.010 / 0.013         0.010 / 0.013         0.010 / 0.013       ms
[30.124s][info][gc,stats    ]    Subphase: Concurrent Classes Purge                     22.732 / 67.200       10.439 / 67.200       10.439 / 67.200       10.439 / 67.200      ms
[30.124s][info][gc,stats    ]    Subphase: Concurrent Classes Unlink                    14.351 / 37.274       12.241 / 45.692       12.241 / 45.692       12.241 / 45.692      ms
[30.124s][info][gc,stats    ]    Subphase: Concurrent Mark                              76.267 / 425.374     126.946 / 425.374     126.946 / 425.374     126.946 / 425.374     ms
[30.124s][info][gc,stats    ]    Subphase: Concurrent Mark Try Flush                     8.898 / 48.831       15.086 / 58.692       15.086 / 58.692       15.086 / 58.692      ms
[30.124s][info][gc,stats    ]    Subphase: Concurrent Mark Try Terminate                 1.911 / 47.884        2.147 / 47.884        2.147 / 47.884        2.147 / 47.884      ms
[30.124s][info][gc,stats    ]    Subphase: Concurrent References Enqueue                 0.003 / 0.006         0.004 / 0.007         0.004 / 0.007         0.004 / 0.007       ms
[30.124s][info][gc,stats    ]    Subphase: Concurrent References Process                 0.222 / 0.432         0.343 / 1.267         0.343 / 1.267         0.343 / 1.267       ms
[30.124s][info][gc,stats    ]    Subphase: Concurrent Roots ClassLoaderDataGraph         0.352 / 0.730         0.182 / 1.759         0.182 / 1.759         0.182 / 1.759       ms
[30.124s][info][gc,stats    ]    Subphase: Concurrent Roots CodeCache                    0.000 / 0.000         0.000 / 0.000         0.000 / 0.000         0.000 / 0.000       ms
[30.124s][info][gc,stats    ]    Subphase: Concurrent Roots JavaThreads                 13.054 / 15.377       14.544 / 39.517       14.544 / 39.517       14.544 / 39.517      ms
[30.124s][info][gc,stats    ]    Subphase: Concurrent Roots OopStorageSet                0.275 / 0.522         0.174 / 0.895         0.174 / 0.895         0.174 / 0.895       ms
[30.124s][info][gc,stats    ]    Subphase: Concurrent Weak Roots OopStorageSet           0.494 / 1.732         0.361 / 1.732         0.361 / 1.732         0.361 / 1.732       ms
[30.124s][info][gc,stats    ]    Subphase: Pause Mark Try Complete                       0.000 / 0.000         0.000 / 0.000         0.000 / 0.000         0.000 / 0.000       ms
[30.124s][info][gc,stats    ]      System: Java Threads                                    182 / 189             139 / 189             139 / 189             139 / 189         threads
[30.124s][info][gc,stats    ] =========================================================================================================================================================
[31.309s][info][gc,start    ] GC(9) Garbage Collection (System.gc())
[31.310s][info][gc,task     ] GC(9) Using 12 workers
[31.310s][info][gc,phases   ] GC(9) Pause Mark Start 0.017ms
[31.343s][info][gc,phases   ] GC(9) Concurrent Mark 32.914ms
[31.343s][info][gc,phases   ] GC(9) Pause Mark End 0.018ms
[31.343s][info][gc,phases   ] GC(9) Concurrent Mark Free 0.001ms
[31.346s][info][gc,phases   ] GC(9) Concurrent Process Non-Strong References 3.243ms
[31.346s][info][gc,phases   ] GC(9) Concurrent Reset Relocation Set 0.024ms
[31.353s][info][gc,phases   ] GC(9) Concurrent Select Relocation Set 6.092ms
[31.353s][info][gc,phases   ] GC(9) Pause Relocate Start 0.007ms
[31.356s][info][gc,phases   ] GC(9) Concurrent Relocate 3.074ms
[31.356s][info][gc,load     ] GC(9) Load: 0.00/0.00/0.00
[31.356s][info][gc,mmu      ] GC(9) MMU: 2ms/98.3%, 5ms/99.3%, 10ms/99.7%, 20ms/99.8%, 50ms/99.9%, 100ms/99.9%
[31.356s][info][gc,marking  ] GC(9) Mark: 8 stripe(s), 7 proactive flush(es), 1 terminate flush(es), 0 completion(s), 0 continuation(s) 
[31.356s][info][gc,marking  ] GC(9) Mark Stack Usage: 32M
[31.356s][info][gc,nmethod  ] GC(9) NMethods: 8266 registered, 438 unregistered
[31.356s][info][gc,metaspace] GC(9) Metaspace: 71M used, 71M committed, 1088M reserved
[31.356s][info][gc,ref      ] GC(9) Soft: 3829 encountered, 0 discovered, 0 enqueued
[31.356s][info][gc,ref      ] GC(9) Weak: 9872 encountered, 1407 discovered, 289 enqueued
[31.356s][info][gc,ref      ] GC(9) Final: 289 encountered, 13 discovered, 0 enqueued
[31.356s][info][gc,ref      ] GC(9) Phantom: 424 encountered, 256 discovered, 0 enqueued
[31.356s][info][gc,reloc    ] GC(9) Small Pages: 8417 / 16834M, Empty: 15600M, Relocated: 6M, In-Place: 0
[31.356s][info][gc,reloc    ] GC(9) Medium Pages: 0 / 0M, Empty: 0M, Relocated: 0M, In-Place: 0
[31.356s][info][gc,reloc    ] GC(9) Large Pages: 0 / 0M, Empty: 0M, Relocated: 0M, In-Place: 0
[31.356s][info][gc,reloc    ] GC(9) Forwarding Usage: 2M
[31.356s][info][gc,heap     ] GC(9) Min Capacity: 8M(0%)
[31.356s][info][gc,heap     ] GC(9) Max Capacity: 30718M(100%)
[31.356s][info][gc,heap     ] GC(9) Soft Max Capacity: 30718M(100%)
[31.356s][info][gc,heap     ] GC(9)                Mark Start          Mark End        Relocate Start      Relocate End           High               Low         
[31.356s][info][gc,heap     ] GC(9)  Capacity:    16834M (55%)       16882M (55%)       16882M (55%)       16882M (55%)       16882M (55%)       16834M (55%)    
[31.356s][info][gc,heap     ] GC(9)      Free:    13884M (45%)       13836M (45%)       29436M (96%)       30594M (100%)      30594M (100%)      13836M (45%)    
[31.356s][info][gc,heap     ] GC(9)      Used:    16834M (55%)       16882M (55%)        1282M (4%)          124M (0%)        16882M (55%)         124M (0%)     
[31.356s][info][gc,heap     ] GC(9)      Live:         -                49M (0%)           49M (0%)           49M (0%)             -                  -          
[31.356s][info][gc,heap     ] GC(9) Allocated:         -                48M (0%)           48M (0%)           48M (0%)             -                  -          
[31.356s][info][gc,heap     ] GC(9)   Garbage:         -             16784M (55%)        1184M (4%)           26M (0%)             -                  -          
[31.356s][info][gc,heap     ] GC(9) Reclaimed:         -                  -             15600M (51%)       16758M (55%)            -                  -          
[31.356s][info][gc          ] GC(9) Garbage Collection (System.gc()) 16834M(55%)->124M(0%)
[35.324s][info][gc,start    ] GC(10) Garbage Collection (Allocation Rate)
[35.324s][info][gc,task     ] GC(10) Using 1 workers
[35.342s][info][gc,phases   ] GC(10) Pause Mark Start 0.011ms
[36.014s][info][gc,phases   ] GC(10) Concurrent Mark 659.654ms
[36.031s][info][gc,phases   ] GC(10) Pause Mark End 0.029ms
[36.032s][info][gc,phases   ] GC(10) Concurrent Mark Free 0.001ms
[36.061s][info][gc,phases   ] GC(10) Concurrent Process Non-Strong References 28.757ms
[36.061s][info][gc,phases   ] GC(10) Concurrent Reset Relocation Set 0.087ms
[36.126s][info][gc,phases   ] GC(10) Concurrent Select Relocation Set 65.383ms
[36.127s][info][gc,phases   ] GC(10) Pause Relocate Start 0.011ms
[36.161s][info][gc,phases   ] GC(10) Concurrent Relocate 33.704ms
[36.161s][info][gc,load     ] GC(10) Load: 0.00/0.00/0.00
[36.161s][info][gc,mmu      ] GC(10) MMU: 2ms/98.3%, 5ms/99.3%, 10ms/99.7%, 20ms/99.8%, 50ms/99.9%, 100ms/99.9%
[36.161s][info][gc,marking  ] GC(10) Mark: 1 stripe(s), 2 proactive flush(es), 1 terminate flush(es), 0 completion(s), 0 continuation(s) 
[36.161s][info][gc,marking  ] GC(10) Mark Stack Usage: 32M
[36.161s][info][gc,nmethod  ] GC(10) NMethods: 8520 registered, 513 unregistered
[36.161s][info][gc,metaspace] GC(10) Metaspace: 71M used, 71M committed, 1088M reserved
[36.161s][info][gc,ref      ] GC(10) Soft: 3829 encountered, 0 discovered, 0 enqueued
[36.161s][info][gc,ref      ] GC(10) Weak: 10898 encountered, 1892 discovered, 145 enqueued
[36.161s][info][gc,ref      ] GC(10) Final: 289 encountered, 88 discovered, 0 enqueued
[36.161s][info][gc,ref      ] GC(10) Phantom: 431 encountered, 334 discovered, 7 enqueued
[36.161s][info][gc,reloc    ] GC(10) Small Pages: 8924 / 17848M, Empty: 16776M, Relocated: 6M, In-Place: 0
[36.161s][info][gc,reloc    ] GC(10) Medium Pages: 0 / 0M, Empty: 0M, Relocated: 0M, In-Place: 0
[36.161s][info][gc,reloc    ] GC(10) Large Pages: 0 / 0M, Empty: 0M, Relocated: 0M, In-Place: 0
[36.161s][info][gc,reloc    ] GC(10) Forwarding Usage: 3M
[36.161s][info][gc,heap     ] GC(10) Min Capacity: 8M(0%)
[36.161s][info][gc,heap     ] GC(10) Max Capacity: 30718M(100%)
[36.161s][info][gc,heap     ] GC(10) Soft Max Capacity: 30718M(100%)
[36.161s][info][gc,heap     ] GC(10)                Mark Start          Mark End        Relocate Start      Relocate End           High               Low         
[36.161s][info][gc,heap     ] GC(10)  Capacity:    17894M (58%)       18792M (61%)       18792M (61%)       18792M (61%)       18792M (61%)       17894M (58%)    
[36.161s][info][gc,heap     ] GC(10)      Free:    12870M (42%)       11974M (39%)       28578M (93%)       29440M (96%)       29466M (96%)       11926M (39%)    
[36.161s][info][gc,heap     ] GC(10)      Used:    17848M (58%)       18744M (61%)        2140M (7%)         1278M (4%)        18792M (61%)        1252M (4%)     
[36.161s][info][gc,heap     ] GC(10)      Live:         -                52M (0%)           52M (0%)           52M (0%)             -                  -          
[36.161s][info][gc,heap     ] GC(10) Allocated:         -               896M (3%)         1068M (3%)         1214M (4%)             -                  -          
[36.161s][info][gc,heap     ] GC(10)   Garbage:         -             17795M (58%)        1019M (3%)           11M (0%)             -                  -          
[36.161s][info][gc,heap     ] GC(10) Reclaimed:         -                  -             16776M (55%)       17784M (58%)            -                  -          
[36.161s][info][gc          ] GC(10) Garbage Collection (Allocation Rate) 17848M(58%)->1278M(4%)
[36.620s][info][gc,start    ] GC(11) Garbage Collection (Allocation Rate)
[36.621s][info][gc,task     ] GC(11) Using 6 workers
[36.621s][info][gc,phases   ] GC(11) Pause Mark Start 0.012ms
[36.723s][info][gc,phases   ] GC(11) Concurrent Mark 101.166ms
[36.723s][info][gc,phases   ] GC(11) Pause Mark End 0.030ms
[36.723s][info][gc,phases   ] GC(11) Concurrent Mark Free 0.001ms
[36.728s][info][gc,phases   ] GC(11) Concurrent Process Non-Strong References 4.939ms
[36.728s][info][gc,phases   ] GC(11) Concurrent Reset Relocation Set 0.065ms
[36.739s][info][gc,phases   ] GC(11) Concurrent Select Relocation Set 10.318ms
[36.768s][info][gc,phases   ] GC(11) Pause Relocate Start 0.010ms
[36.782s][info][gc,phases   ] GC(11) Concurrent Relocate 13.389ms
[36.782s][info][gc,load     ] GC(11) Load: 0.00/0.00/0.00
[36.782s][info][gc,mmu      ] GC(11) MMU: 2ms/98.3%, 5ms/99.3%, 10ms/99.7%, 20ms/99.8%, 50ms/99.9%, 100ms/99.9%
[36.782s][info][gc,marking  ] GC(11) Mark: 4 stripe(s), 3 proactive flush(es), 1 terminate flush(es), 0 completion(s), 0 continuation(s) 
[36.782s][info][gc,marking  ] GC(11) Mark Stack Usage: 32M
[36.782s][info][gc,nmethod  ] GC(11) NMethods: 8534 registered, 522 unregistered
[36.782s][info][gc,metaspace] GC(11) Metaspace: 71M used, 72M committed, 1088M reserved
[36.782s][info][gc,ref      ] GC(11) Soft: 3829 encountered, 0 discovered, 0 enqueued
[36.782s][info][gc,ref      ] GC(11) Weak: 10786 encountered, 1878 discovered, 0 enqueued
[36.782s][info][gc,ref      ] GC(11) Final: 289 encountered, 3 discovered, 0 enqueued
[36.782s][info][gc,ref      ] GC(11) Phantom: 424 encountered, 188 discovered, 0 enqueued
[36.782s][info][gc,reloc    ] GC(11) Small Pages: 1811 / 3622M, Empty: 2756M, Relocated: 4M, In-Place: 0
[36.782s][info][gc,reloc    ] GC(11) Medium Pages: 0 / 0M, Empty: 0M, Relocated: 0M, In-Place: 0
[36.782s][info][gc,reloc    ] GC(11) Large Pages: 0 / 0M, Empty: 0M, Relocated: 0M, In-Place: 0
[36.782s][info][gc,reloc    ] GC(11) Forwarding Usage: 2M
[36.782s][info][gc,heap     ] GC(11) Min Capacity: 8M(0%)
[36.782s][info][gc,heap     ] GC(11) Max Capacity: 30718M(100%)
[36.782s][info][gc,heap     ] GC(11) Soft Max Capacity: 30718M(100%)
[36.782s][info][gc,heap     ] GC(11)                Mark Start          Mark End        Relocate Start      Relocate End           High               Low         
[36.782s][info][gc,heap     ] GC(11)  Capacity:    18792M (61%)       18792M (61%)       18792M (61%)       18792M (61%)       18792M (61%)       18792M (61%)    
[36.782s][info][gc,heap     ] GC(11)      Free:    27096M (88%)       26900M (88%)       29572M (96%)       30338M (99%)       30354M (99%)       26890M (88%)    
[36.782s][info][gc,heap     ] GC(11)      Used:     3622M (12%)        3818M (12%)        1146M (4%)          380M (1%)         3828M (12%)         364M (1%)     
[36.782s][info][gc,heap     ] GC(11)      Live:         -                52M (0%)           52M (0%)           52M (0%)             -                  -          
[36.782s][info][gc,heap     ] GC(11) Allocated:         -               196M (1%)          280M (1%)          308M (1%)             -                  -          
[36.782s][info][gc,heap     ] GC(11)   Garbage:         -              3569M (12%)         813M (3%)           19M (0%)             -                  -          
[36.782s][info][gc,heap     ] GC(11) Reclaimed:         -                  -              2756M (9%)         3550M (12%)            -                  -          
[36.782s][info][gc          ] GC(11) Garbage Collection (Allocation Rate) 3622M(12%)->380M(1%)
[39.958s][info][gc,start    ] GC(12) Garbage Collection (System.gc())
[39.958s][info][gc,task     ] GC(12) Using 12 workers
[39.959s][info][gc,phases   ] GC(12) Pause Mark Start 0.017ms
[39.996s][info][gc,phases   ] GC(12) Concurrent Mark 36.416ms
[39.996s][info][gc,phases   ] GC(12) Pause Mark End 0.020ms
[39.996s][info][gc,phases   ] GC(12) Concurrent Mark Free 0.001ms
[39.998s][info][gc,phases   ] GC(12) Concurrent Process Non-Strong References 2.152ms
[39.998s][info][gc,phases   ] GC(12) Concurrent Reset Relocation Set 0.052ms
[40.005s][info][gc,phases   ] GC(12) Concurrent Select Relocation Set 6.652ms
[40.005s][info][gc,phases   ] GC(12) Pause Relocate Start 0.008ms
[40.008s][info][gc,phases   ] GC(12) Concurrent Relocate 3.085ms
[40.008s][info][gc,load     ] GC(12) Load: 0.00/0.00/0.00
[40.008s][info][gc,mmu      ] GC(12) MMU: 2ms/98.3%, 5ms/99.3%, 10ms/99.7%, 20ms/99.8%, 50ms/99.9%, 100ms/99.9%
[40.008s][info][gc,marking  ] GC(12) Mark: 8 stripe(s), 2 proactive flush(es), 1 terminate flush(es), 0 completion(s), 0 continuation(s) 
[40.008s][info][gc,marking  ] GC(12) Mark Stack Usage: 32M
[40.008s][info][gc,nmethod  ] GC(12) NMethods: 8774 registered, 540 unregistered
[40.008s][info][gc,metaspace] GC(12) Metaspace: 71M used, 72M committed, 1088M reserved
[40.008s][info][gc,ref      ] GC(12) Soft: 3829 encountered, 0 discovered, 0 enqueued
[40.008s][info][gc,ref      ] GC(12) Weak: 9764 encountered, 873 discovered, 288 enqueued
[40.008s][info][gc,ref      ] GC(12) Final: 289 encountered, 16 discovered, 0 enqueued
[40.008s][info][gc,ref      ] GC(12) Phantom: 424 encountered, 183 discovered, 0 enqueued
[40.008s][info][gc,reloc    ] GC(12) Small Pages: 5379 / 10758M, Empty: 9808M, Relocated: 8M, In-Place: 0
[40.008s][info][gc,reloc    ] GC(12) Medium Pages: 0 / 0M, Empty: 0M, Relocated: 0M, In-Place: 0
[40.008s][info][gc,reloc    ] GC(12) Large Pages: 0 / 0M, Empty: 0M, Relocated: 0M, In-Place: 0
[40.008s][info][gc,reloc    ] GC(12) Forwarding Usage: 2M
[40.008s][info][gc,heap     ] GC(12) Min Capacity: 8M(0%)
[40.008s][info][gc,heap     ] GC(12) Max Capacity: 30718M(100%)
[40.008s][info][gc,heap     ] GC(12) Soft Max Capacity: 30718M(100%)
[40.008s][info][gc,heap     ] GC(12)                Mark Start          Mark End        Relocate Start      Relocate End           High               Low         
[40.008s][info][gc,heap     ] GC(12)  Capacity:    18792M (61%)       18792M (61%)       18792M (61%)       18792M (61%)       18792M (61%)       18792M (61%)    
[40.008s][info][gc,heap     ] GC(12)      Free:    19960M (65%)       19902M (65%)       29710M (97%)       30586M (100%)      30586M (100%)      19902M (65%)    
[40.009s][info][gc,heap     ] GC(12)      Used:    10758M (35%)       10816M (35%)        1008M (3%)          132M (0%)        10816M (35%)         132M (0%)     
[40.009s][info][gc,heap     ] GC(12)      Live:         -                49M (0%)           49M (0%)           49M (0%)             -                  -          
[40.009s][info][gc,heap     ] GC(12) Allocated:         -                58M (0%)           58M (0%)           58M (0%)             -                  -          
[40.009s][info][gc,heap     ] GC(12)   Garbage:         -             10708M (35%)         900M (3%)           24M (0%)             -                  -          
[40.009s][info][gc,heap     ] GC(12) Reclaimed:         -                  -              9808M (32%)       10684M (35%)            -                  -          
[40.009s][info][gc          ] GC(12) Garbage Collection (System.gc()) 10758M(35%)->132M(0%)
[40.120s][info][gc,stats    ] === Garbage Collection Statistics =======================================================================================================================
[40.120s][info][gc,stats    ]                                                              Last 10s              Last 10m              Last 10h                Total
[40.120s][info][gc,stats    ]                                                              Avg / Max             Avg / Max             Avg / Max             Avg / Max
[40.120s][info][gc,stats    ]   Collector: Garbage Collection Cycle                    273.561 / 836.636     251.439 / 836.636     251.439 / 836.636     251.439 / 836.636     ms
[40.120s][info][gc,stats    ]  Contention: Mark Segment Reset Contention                     4 / 20                3 / 32                3 / 32                3 / 32          ops/s
[40.120s][info][gc,stats    ]  Contention: Mark SeqNum Reset Contention                      0 / 0                 0 / 4                 0 / 4                 0 / 4           ops/s
[40.120s][info][gc,stats    ]    Critical: Allocation Stall                                  0 / 0                 0 / 0                 0 / 0                 0 / 0           ops/s
[40.120s][info][gc,stats    ]    Critical: Allocation Stall                              0.000 / 0.000         0.000 / 0.000         0.000 / 0.000         0.000 / 0.000       ms
[40.120s][info][gc,stats    ]    Critical: GC Locker Stall                                   0 / 0                 0 / 0                 0 / 0                 0 / 0           ops/s
[40.120s][info][gc,stats    ]    Critical: GC Locker Stall                               0.000 / 0.000         0.000 / 0.000         0.000 / 0.000         0.000 / 0.000       ms
[40.120s][info][gc,stats    ]    Critical: Relocation Stall                                  0 / 0                 0 / 0                 0 / 0                 0 / 0           ops/s
[40.120s][info][gc,stats    ]    Critical: Relocation Stall                              0.000 / 0.000         0.000 / 0.000         0.000 / 0.000         0.000 / 0.000       ms
[40.121s][info][gc,stats    ]      Memory: Allocation Rate                                3573 / 5122           2610 / 5122           2610 / 5122           2610 / 5122        MB/s
[40.121s][info][gc,stats    ]      Memory: Defragment                                        0 / 0                 0 / 0                 0 / 0                 0 / 0           ops/s
[40.121s][info][gc,stats    ]      Memory: Out Of Memory                                     0 / 0                 0 / 0                 0 / 0                 0 / 0           ops/s
[40.121s][info][gc,stats    ]      Memory: Page Cache Flush                                  0 / 0                 0 / 0                 0 / 0                 0 / 0           MB/s
[40.121s][info][gc,stats    ]      Memory: Page Cache Hit L1                              1609 / 2561           1074 / 2561           1074 / 2561           1074 / 2561        ops/s
[40.121s][info][gc,stats    ]      Memory: Page Cache Hit L2                                 0 / 0                 0 / 0                 0 / 0                 0 / 0           ops/s
[40.121s][info][gc,stats    ]      Memory: Page Cache Hit L3                                 0 / 0                25 / 469              25 / 469              25 / 469         ops/s
[40.121s][info][gc,stats    ]      Memory: Page Cache Miss                                 180 / 754             209 / 1055            209 / 1055            209 / 1055        ops/s
[40.121s][info][gc,stats    ]      Memory: Uncommit                                          0 / 0                 0 / 0                 0 / 0                 0 / 0           MB/s
[40.121s][info][gc,stats    ]      Memory: Undo Object Allocation Failed                     0 / 1                 0 / 4                 0 / 4                 0 / 4           ops/s
[40.121s][info][gc,stats    ]      Memory: Undo Object Allocation Succeeded                 25 / 250              25 / 362              25 / 362              25 / 362         ops/s
[40.121s][info][gc,stats    ]      Memory: Undo Page Allocation                             71 / 474              89 / 518              89 / 518              89 / 518         ops/s
[40.121s][info][gc,stats    ]       Phase: Concurrent Mark                             207.538 / 659.654     179.135 / 659.654     179.135 / 659.654     179.135 / 659.654     ms
[40.121s][info][gc,stats    ]       Phase: Concurrent Mark Continue                      0.000 / 0.000         0.000 / 0.000         0.000 / 0.000         0.000 / 0.000       ms
[40.121s][info][gc,stats    ]       Phase: Concurrent Mark Free                          0.001 / 0.001         0.001 / 0.003         0.001 / 0.003         0.001 / 0.003       ms
[40.121s][info][gc,stats    ]       Phase: Concurrent Process Non-Strong References      9.773 / 28.757       25.150 / 152.153      25.150 / 152.153      25.150 / 152.153     ms
[40.121s][info][gc,stats    ]       Phase: Concurrent Relocate                          13.313 / 33.704        9.713 / 33.704        9.713 / 33.704        9.713 / 33.704      ms
[40.121s][info][gc,stats    ]       Phase: Concurrent Reset Relocation Set               0.057 / 0.087         0.057 / 0.100         0.057 / 0.100         0.057 / 0.100       ms
[40.121s][info][gc,stats    ]       Phase: Concurrent Select Relocation Set             22.111 / 65.383       20.596 / 85.124       20.596 / 85.124       20.596 / 85.124      ms
[40.121s][info][gc,stats    ]       Phase: Pause Mark End                                0.024 / 0.030         0.026 / 0.034         0.026 / 0.034         0.026 / 0.034       ms
[40.121s][info][gc,stats    ]       Phase: Pause Mark Start                              0.014 / 0.017         0.014 / 0.019         0.014 / 0.019         0.014 / 0.019       ms
[40.121s][info][gc,stats    ]       Phase: Pause Relocate Start                          0.009 / 0.011         0.009 / 0.013         0.009 / 0.013         0.009 / 0.013       ms
[40.121s][info][gc,stats    ]    Subphase: Concurrent Classes Purge                      0.614 / 1.465         7.416 / 67.200        7.416 / 67.200        7.416 / 67.200      ms
[40.121s][info][gc,stats    ]    Subphase: Concurrent Classes Unlink                     7.527 / 23.361       10.790 / 45.692       10.790 / 45.692       10.790 / 45.692      ms
[40.121s][info][gc,stats    ]    Subphase: Concurrent Mark                              54.396 / 604.023     108.661 / 604.023     108.661 / 604.023     108.661 / 604.023     ms
[40.121s][info][gc,stats    ]    Subphase: Concurrent Mark Try Flush                     6.548 / 54.723       12.436 / 58.692       12.436 / 58.692       12.436 / 58.692      ms
[40.121s][info][gc,stats    ]    Subphase: Concurrent Mark Try Terminate                 2.753 / 34.955        2.176 / 47.884        2.176 / 47.884        2.176 / 47.884      ms
[40.121s][info][gc,stats    ]    Subphase: Concurrent References Enqueue                 0.003 / 0.007         0.004 / 0.007         0.004 / 0.007         0.004 / 0.007       ms
[40.121s][info][gc,stats    ]    Subphase: Concurrent References Process                 0.264 / 0.695         0.319 / 1.267         0.319 / 1.267         0.319 / 1.267       ms
[40.121s][info][gc,stats    ]    Subphase: Concurrent Roots ClassLoaderDataGraph         0.184 / 0.848         0.182 / 1.759         0.182 / 1.759         0.182 / 1.759       ms
[40.121s][info][gc,stats    ]    Subphase: Concurrent Roots CodeCache                    0.000 / 0.000         0.000 / 0.000         0.000 / 0.000         0.000 / 0.000       ms
[40.121s][info][gc,stats    ]    Subphase: Concurrent Roots JavaThreads                 12.251 / 52.976       13.947 / 52.976       13.947 / 52.976       13.947 / 52.976      ms
[40.121s][info][gc,stats    ]    Subphase: Concurrent Roots OopStorageSet                0.245 / 1.612         0.193 / 1.612         0.193 / 1.612         0.193 / 1.612       ms
[40.121s][info][gc,stats    ]    Subphase: Concurrent Weak Roots OopStorageSet           0.322 / 3.117         0.351 / 3.117         0.351 / 3.117         0.351 / 3.117       ms
[40.121s][info][gc,stats    ]    Subphase: Pause Mark Try Complete                       0.000 / 0.000         0.000 / 0.000         0.000 / 0.000         0.000 / 0.000       ms
[40.121s][info][gc,stats    ]      System: Java Threads                                    191 / 196             155 / 196             155 / 196             155 / 196         threads
[40.121s][info][gc,stats    ] =========================================================================================================================================================
[49.324s][info][gc,start    ] GC(13) Garbage Collection (Proactive)
[49.324s][info][gc,task     ] GC(13) Using 12 workers
[49.325s][info][gc,phases   ] GC(13) Pause Mark Start 0.012ms
[49.564s][info][gc,phases   ] GC(13) Concurrent Mark 238.324ms
[49.564s][info][gc,phases   ] GC(13) Pause Mark End 0.029ms
[49.565s][info][gc,phases   ] GC(13) Concurrent Mark Free 0.001ms
[49.605s][info][gc,phases   ] GC(13) Concurrent Process Non-Strong References 39.550ms
[49.605s][info][gc,phases   ] GC(13) Concurrent Reset Relocation Set 0.079ms
[49.709s][info][gc,phases   ] GC(13) Concurrent Select Relocation Set 103.849ms
[49.709s][info][gc,phases   ] GC(13) Pause Relocate Start 0.012ms
[49.716s][info][gc,phases   ] GC(13) Concurrent Relocate 5.901ms
[49.716s][info][gc,load     ] GC(13) Load: 0.00/0.00/0.00
[49.716s][info][gc,mmu      ] GC(13) MMU: 2ms/98.3%, 5ms/99.3%, 10ms/99.7%, 20ms/99.8%, 50ms/99.9%, 100ms/99.9%
[49.716s][info][gc,marking  ] GC(13) Mark: 8 stripe(s), 3 proactive flush(es), 1 terminate flush(es), 0 completion(s), 0 continuation(s) 
[49.716s][info][gc,marking  ] GC(13) Mark Stack Usage: 32M
[49.716s][info][gc,nmethod  ] GC(13) NMethods: 8961 registered, 594 unregistered
[49.716s][info][gc,metaspace] GC(13) Metaspace: 71M used, 72M committed, 1088M reserved
[49.716s][info][gc,ref      ] GC(13) Soft: 3829 encountered, 0 discovered, 0 enqueued
[49.716s][info][gc,ref      ] GC(13) Weak: 10959 encountered, 1237 discovered, 146 enqueued
[49.716s][info][gc,ref      ] GC(13) Final: 289 encountered, 2 discovered, 0 enqueued
[49.716s][info][gc,ref      ] GC(13) Phantom: 433 encountered, 247 discovered, 9 enqueued
[49.716s][info][gc,reloc    ] GC(13) Small Pages: 13130 / 26260M, Empty: 24604M, Relocated: 6M, In-Place: 0
[49.716s][info][gc,reloc    ] GC(13) Medium Pages: 0 / 0M, Empty: 0M, Relocated: 0M, In-Place: 0
[49.716s][info][gc,reloc    ] GC(13) Large Pages: 0 / 0M, Empty: 0M, Relocated: 0M, In-Place: 0
[49.716s][info][gc,reloc    ] GC(13) Forwarding Usage: 3M
[49.716s][info][gc,heap     ] GC(13) Min Capacity: 8M(0%)
[49.716s][info][gc,heap     ] GC(13) Max Capacity: 30718M(100%)
[49.716s][info][gc,heap     ] GC(13) Soft Max Capacity: 30718M(100%)
[49.716s][info][gc,heap     ] GC(13)                Mark Start          Mark End        Relocate Start      Relocate End           High               Low         
[49.716s][info][gc,heap     ] GC(13)  Capacity:    26282M (86%)       26592M (87%)       26676M (87%)       26676M (87%)       26676M (87%)       26282M (86%)    
[49.716s][info][gc,heap     ] GC(13)      Free:     4458M (15%)        4130M (13%)       28526M (93%)       30072M (98%)       30072M (98%)        4042M (13%)    
[49.716s][info][gc,heap     ] GC(13)      Used:    26260M (85%)       26588M (87%)        2192M (7%)          646M (2%)        26676M (87%)         646M (2%)     
[49.716s][info][gc,heap     ] GC(13)      Live:         -                52M (0%)           52M (0%)           52M (0%)             -                  -          
[49.716s][info][gc,heap     ] GC(13) Allocated:         -               328M (1%)          536M (2%)          564M (2%)             -                  -          
[49.716s][info][gc,heap     ] GC(13)   Garbage:         -             26207M (85%)        1603M (5%)           29M (0%)             -                  -          
[49.716s][info][gc,heap     ] GC(13) Reclaimed:         -                  -             24604M (80%)       26178M (85%)            -                  -          
[49.716s][info][gc          ] GC(13) Garbage Collection (Proactive) 26260M(85%)->646M(2%)
[50.123s][info][gc,stats    ] === Garbage Collection Statistics =======================================================================================================================
[50.123s][info][gc,stats    ]                                                              Last 10s              Last 10m              Last 10h                Total
[50.123s][info][gc,stats    ]                                                              Avg / Max             Avg / Max             Avg / Max             Avg / Max
[50.124s][info][gc,stats    ]   Collector: Garbage Collection Cycle                    391.893 / 391.893     261.471 / 836.636     261.471 / 836.636     261.471 / 836.636     ms
[50.124s][info][gc,stats    ]  Contention: Mark Segment Reset Contention                     1 / 12                3 / 32                3 / 32                3 / 32          ops/s
[50.124s][info][gc,stats    ]  Contention: Mark SeqNum Reset Contention                      0 / 0                 0 / 4                 0 / 4                 0 / 4           ops/s
[50.124s][info][gc,stats    ]    Critical: Allocation Stall                                  0 / 0                 0 / 0                 0 / 0                 0 / 0           ops/s
[50.124s][info][gc,stats    ]    Critical: Allocation Stall                              0.000 / 0.000         0.000 / 0.000         0.000 / 0.000         0.000 / 0.000       ms
[50.124s][info][gc,stats    ]    Critical: GC Locker Stall                                   0 / 0                 0 / 0                 0 / 0                 0 / 0           ops/s
[50.124s][info][gc,stats    ]    Critical: GC Locker Stall                               0.000 / 0.000         0.000 / 0.000         0.000 / 0.000         0.000 / 0.000       ms
[50.124s][info][gc,stats    ]    Critical: Relocation Stall                                  0 / 0                 0 / 0                 0 / 0                 0 / 0           ops/s
[50.124s][info][gc,stats    ]    Critical: Relocation Stall                              0.000 / 0.000         0.000 / 0.000         0.000 / 0.000         0.000 / 0.000       ms
[50.124s][info][gc,stats    ]      Memory: Allocation Rate                                3411 / 5088           2770 / 5122           2770 / 5122           2770 / 5122        MB/s
[50.124s][info][gc,stats    ]      Memory: Defragment                                        0 / 0                 0 / 0                 0 / 0                 0 / 0           ops/s
[50.124s][info][gc,stats    ]      Memory: Out Of Memory                                     0 / 0                 0 / 0                 0 / 0                 0 / 0           ops/s
[50.124s][info][gc,stats    ]      Memory: Page Cache Flush                                  0 / 0                 0 / 0                 0 / 0                 0 / 0           MB/s
[50.124s][info][gc,stats    ]      Memory: Page Cache Hit L1                              1312 / 2544           1121 / 2561           1121 / 2561           1121 / 2561        ops/s
[50.124s][info][gc,stats    ]      Memory: Page Cache Hit L2                                 0 / 0                 0 / 0                 0 / 0                 0 / 0           ops/s
[50.124s][info][gc,stats    ]      Memory: Page Cache Hit L3                                 0 / 0                20 / 469              20 / 469              20 / 469         ops/s
[50.124s][info][gc,stats    ]      Memory: Page Cache Miss                                 394 / 693             246 / 1055            246 / 1055            246 / 1055        ops/s
[50.124s][info][gc,stats    ]      Memory: Uncommit                                          0 / 0                 0 / 0                 0 / 0                 0 / 0           MB/s
[50.124s][info][gc,stats    ]      Memory: Undo Object Allocation Failed                     0 / 0                 0 / 4                 0 / 4                 0 / 4           ops/s
[50.124s][info][gc,stats    ]      Memory: Undo Object Allocation Succeeded                 10 / 108              22 / 362              22 / 362              22 / 362         ops/s
[50.124s][info][gc,stats    ]      Memory: Undo Page Allocation                            294 / 518             130 / 518             130 / 518             130 / 518         ops/s
[50.124s][info][gc,stats    ]       Phase: Concurrent Mark                             238.324 / 238.324     183.363 / 659.654     183.363 / 659.654     183.363 / 659.654     ms
[50.124s][info][gc,stats    ]       Phase: Concurrent Mark Continue                      0.000 / 0.000         0.000 / 0.000         0.000 / 0.000         0.000 / 0.000       ms
[50.124s][info][gc,stats    ]       Phase: Concurrent Mark Free                          0.001 / 0.001         0.001 / 0.003         0.001 / 0.003         0.001 / 0.003       ms
[50.124s][info][gc,stats    ]       Phase: Concurrent Process Non-Strong References     39.550 / 39.550       26.179 / 152.153      26.179 / 152.153      26.179 / 152.153     ms
[50.124s][info][gc,stats    ]       Phase: Concurrent Relocate                           5.901 / 5.901         9.441 / 33.704        9.441 / 33.704        9.441 / 33.704      ms
[50.124s][info][gc,stats    ]       Phase: Concurrent Reset Relocation Set               0.079 / 0.079         0.059 / 0.100         0.059 / 0.100         0.059 / 0.100       ms
[50.124s][info][gc,stats    ]       Phase: Concurrent Select Relocation Set            103.849 / 103.849      26.543 / 103.849      26.543 / 103.849      26.543 / 103.849     ms
[50.124s][info][gc,stats    ]       Phase: Pause Mark End                                0.029 / 0.029         0.026 / 0.034         0.026 / 0.034         0.026 / 0.034       ms
[50.124s][info][gc,stats    ]       Phase: Pause Mark Start                              0.012 / 0.012         0.014 / 0.019         0.014 / 0.019         0.014 / 0.019       ms
[50.124s][info][gc,stats    ]       Phase: Pause Relocate Start                          0.012 / 0.012         0.010 / 0.013         0.010 / 0.013         0.010 / 0.013       ms
[50.124s][info][gc,stats    ]    Subphase: Concurrent Classes Purge                      7.397 / 7.397         7.415 / 67.200        7.415 / 67.200        7.415 / 67.200      ms
[50.124s][info][gc,stats    ]    Subphase: Concurrent Classes Unlink                     1.997 / 1.997        10.162 / 45.692       10.162 / 45.692       10.162 / 45.692      ms
[50.124s][info][gc,stats    ]    Subphase: Concurrent Mark                             233.112 / 233.325     119.724 / 604.023     119.724 / 604.023     119.724 / 604.023     ms
[50.124s][info][gc,stats    ]    Subphase: Concurrent Mark Try Flush                    33.678 / 44.757       13.806 / 58.692       13.806 / 58.692       13.806 / 58.692      ms
[50.124s][info][gc,stats    ]    Subphase: Concurrent Mark Try Terminate                 1.786 / 16.605        2.081 / 47.884        2.081 / 47.884        2.081 / 47.884      ms
[50.124s][info][gc,stats    ]    Subphase: Concurrent References Enqueue                 0.005 / 0.005         0.004 / 0.007         0.004 / 0.007         0.004 / 0.007       ms
[50.124s][info][gc,stats    ]    Subphase: Concurrent References Process                 0.173 / 0.173         0.308 / 1.267         0.308 / 1.267         0.308 / 1.267       ms
[50.124s][info][gc,stats    ]    Subphase: Concurrent Roots ClassLoaderDataGraph         0.207 / 0.581         0.184 / 1.759         0.184 / 1.759         0.184 / 1.759       ms
[50.124s][info][gc,stats    ]    Subphase: Concurrent Roots CodeCache                    0.000 / 0.000         0.000 / 0.000         0.000 / 0.000         0.000 / 0.000       ms
[50.124s][info][gc,stats    ]    Subphase: Concurrent Roots JavaThreads                  3.611 / 4.713        13.000 / 52.976       13.000 / 52.976       13.000 / 52.976      ms
[50.124s][info][gc,stats    ]    Subphase: Concurrent Roots OopStorageSet                0.152 / 0.232         0.190 / 1.612         0.190 / 1.612         0.190 / 1.612       ms
[50.124s][info][gc,stats    ]    Subphase: Concurrent Weak Roots OopStorageSet           0.279 / 0.311         0.345 / 3.117         0.345 / 3.117         0.345 / 3.117       ms
[50.124s][info][gc,stats    ]    Subphase: Pause Mark Try Complete                       0.000 / 0.000         0.000 / 0.000         0.000 / 0.000         0.000 / 0.000       ms
[50.124s][info][gc,stats    ]      System: Java Threads                                    201 / 201             158 / 201             158 / 201             158 / 201         threads
[50.124s][info][gc,stats    ] =========================================================================================================================================================
[52.060s][info][gc,start    ] GC(14) Garbage Collection (System.gc())
[52.060s][info][gc,task     ] GC(14) Using 12 workers
[52.060s][info][gc,phases   ] GC(14) Pause Mark Start 0.019ms
[52.094s][info][gc,phases   ] GC(14) Concurrent Mark 33.338ms
[52.094s][info][gc,phases   ] GC(14) Pause Mark End 0.021ms
[52.094s][info][gc,phases   ] GC(14) Concurrent Mark Free 0.001ms
[52.096s][info][gc,phases   ] GC(14) Concurrent Process Non-Strong References 2.069ms
[52.096s][info][gc,phases   ] GC(14) Concurrent Reset Relocation Set 0.090ms
[52.100s][info][gc,phases   ] GC(14) Concurrent Select Relocation Set 3.206ms
[52.100s][info][gc,phases   ] GC(14) Pause Relocate Start 0.008ms
[52.104s][info][gc,phases   ] GC(14) Concurrent Relocate 3.741ms
[52.104s][info][gc,load     ] GC(14) Load: 0.00/0.00/0.00
[52.104s][info][gc,mmu      ] GC(14) MMU: 2ms/98.3%, 5ms/99.3%, 10ms/99.7%, 20ms/99.8%, 50ms/99.9%, 100ms/99.9%
[52.104s][info][gc,marking  ] GC(14) Mark: 8 stripe(s), 5 proactive flush(es), 1 terminate flush(es), 0 completion(s), 0 continuation(s) 
[52.104s][info][gc,marking  ] GC(14) Mark Stack Usage: 32M
[52.104s][info][gc,nmethod  ] GC(14) NMethods: 9079 registered, 615 unregistered
[52.104s][info][gc,metaspace] GC(14) Metaspace: 71M used, 72M committed, 1088M reserved
[52.104s][info][gc,ref      ] GC(14) Soft: 3829 encountered, 0 discovered, 0 enqueued
[52.104s][info][gc,ref      ] GC(14) Weak: 9830 encountered, 1131 discovered, 337 enqueued
[52.104s][info][gc,ref      ] GC(14) Final: 289 encountered, 23 discovered, 0 enqueued
[52.104s][info][gc,ref      ] GC(14) Phantom: 424 encountered, 200 discovered, 0 enqueued
[52.104s][info][gc,reloc    ] GC(14) Small Pages: 2926 / 5852M, Empty: 4910M, Relocated: 6M, In-Place: 0
[52.104s][info][gc,reloc    ] GC(14) Medium Pages: 0 / 0M, Empty: 0M, Relocated: 0M, In-Place: 0
[52.104s][info][gc,reloc    ] GC(14) Large Pages: 0 / 0M, Empty: 0M, Relocated: 0M, In-Place: 0
[52.104s][info][gc,reloc    ] GC(14) Forwarding Usage: 2M
[52.104s][info][gc,heap     ] GC(14) Min Capacity: 8M(0%)
[52.104s][info][gc,heap     ] GC(14) Max Capacity: 30718M(100%)
[52.104s][info][gc,heap     ] GC(14) Soft Max Capacity: 30718M(100%)
[52.104s][info][gc,heap     ] GC(14)                Mark Start          Mark End        Relocate Start      Relocate End           High               Low         
[52.104s][info][gc,heap     ] GC(14)  Capacity:    26676M (87%)       26676M (87%)       26676M (87%)       26676M (87%)       26676M (87%)       26676M (87%)    
[52.104s][info][gc,heap     ] GC(14)      Free:    24866M (81%)       24806M (81%)       29716M (97%)       30582M (100%)      30582M (100%)      24806M (81%)    
[52.104s][info][gc,heap     ] GC(14)      Used:     5852M (19%)        5912M (19%)        1002M (3%)          136M (0%)         5912M (19%)         136M (0%)     
[52.104s][info][gc,heap     ] GC(14)      Live:         -                49M (0%)           49M (0%)           49M (0%)             -                  -          
[52.104s][info][gc,heap     ] GC(14) Allocated:         -                60M (0%)           60M (0%)           60M (0%)             -                  -          
[52.104s][info][gc,heap     ] GC(14)   Garbage:         -              5802M (19%)         892M (3%)           26M (0%)             -                  -          
[52.104s][info][gc,heap     ] GC(14) Reclaimed:         -                  -              4910M (16%)        5776M (19%)            -                  -          
[52.104s][info][gc          ] GC(14) Garbage Collection (System.gc()) 5852M(19%)->136M(0%)
[55.820s][info][gc,start    ] GC(15) Garbage Collection (Allocation Rate)
[55.820s][info][gc,task     ] GC(15) Using 2 workers
[55.820s][info][gc,phases   ] GC(15) Pause Mark Start 0.011ms
[56.024s][info][gc,phases   ] GC(15) Concurrent Mark 203.965ms
[56.025s][info][gc,phases   ] GC(15) Pause Mark End 0.024ms
[56.025s][info][gc,phases   ] GC(15) Concurrent Mark Free 0.001ms
[56.039s][info][gc,phases   ] GC(15) Concurrent Process Non-Strong References 13.790ms
[56.039s][info][gc,phases   ] GC(15) Concurrent Reset Relocation Set 0.071ms
[56.063s][info][gc,phases   ] GC(15) Concurrent Select Relocation Set 24.357ms
[56.063s][info][gc,phases   ] GC(15) Pause Relocate Start 0.013ms
[56.081s][info][gc,phases   ] GC(15) Concurrent Relocate 17.796ms
[56.081s][info][gc,load     ] GC(15) Load: 0.00/0.00/0.00
[56.081s][info][gc,mmu      ] GC(15) MMU: 2ms/98.3%, 5ms/99.3%, 10ms/99.7%, 20ms/99.8%, 50ms/99.9%, 100ms/99.9%
[56.082s][info][gc,marking  ] GC(15) Mark: 2 stripe(s), 2 proactive flush(es), 1 terminate flush(es), 0 completion(s), 0 continuation(s) 
[56.082s][info][gc,marking  ] GC(15) Mark Stack Usage: 32M
[56.082s][info][gc,nmethod  ] GC(15) NMethods: 9234 registered, 663 unregistered
[56.082s][info][gc,metaspace] GC(15) Metaspace: 72M used, 72M committed, 1088M reserved
[56.082s][info][gc,ref      ] GC(15) Soft: 3829 encountered, 0 discovered, 0 enqueued
[56.082s][info][gc,ref      ] GC(15) Weak: 10910 encountered, 1242 discovered, 97 enqueued
[56.082s][info][gc,ref      ] GC(15) Final: 289 encountered, 6 discovered, 0 enqueued
[56.082s][info][gc,ref      ] GC(15) Phantom: 429 encountered, 225 discovered, 5 enqueued
[56.082s][info][gc,reloc    ] GC(15) Small Pages: 9081 / 18162M, Empty: 17044M, Relocated: 6M, In-Place: 0
[56.082s][info][gc,reloc    ] GC(15) Medium Pages: 0 / 0M, Empty: 0M, Relocated: 0M, In-Place: 0
[56.082s][info][gc,reloc    ] GC(15) Large Pages: 0 / 0M, Empty: 0M, Relocated: 0M, In-Place: 0
[56.082s][info][gc,reloc    ] GC(15) Forwarding Usage: 3M
[56.082s][info][gc,heap     ] GC(15) Min Capacity: 8M(0%)
[56.082s][info][gc,heap     ] GC(15) Max Capacity: 30718M(100%)
[56.082s][info][gc,heap     ] GC(15) Soft Max Capacity: 30718M(100%)
[56.082s][info][gc,heap     ] GC(15)                Mark Start          Mark End        Relocate Start      Relocate End           High               Low         
[56.082s][info][gc,heap     ] GC(15)  Capacity:    26676M (87%)       26676M (87%)       26676M (87%)       26676M (87%)       26676M (87%)       26676M (87%)    
[56.082s][info][gc,heap     ] GC(15)      Free:    12556M (41%)       12162M (40%)       29114M (95%)       30088M (98%)       30104M (98%)       12138M (40%)    
[56.082s][info][gc,heap     ] GC(15)      Used:    18162M (59%)       18556M (60%)        1604M (5%)          630M (2%)        18580M (60%)         614M (2%)     
[56.082s][info][gc,heap     ] GC(15)      Live:         -                52M (0%)           52M (0%)           52M (0%)             -                  -          
[56.082s][info][gc,heap     ] GC(15) Allocated:         -               394M (1%)          486M (2%)          564M (2%)             -                  -          
[56.082s][info][gc,heap     ] GC(15)   Garbage:         -             18109M (59%)        1065M (3%)           13M (0%)             -                  -          
[56.082s][info][gc,heap     ] GC(15) Reclaimed:         -                  -             17044M (55%)       18096M (59%)            -                  -          
[56.082s][info][gc          ] GC(15) Garbage Collection (Allocation Rate) 18162M(59%)->630M(2%)
[58.820s][info][gc,start    ] GC(16) Garbage Collection (Allocation Rate)
[58.820s][info][gc,task     ] GC(16) Using 6 workers
[58.820s][info][gc,phases   ] GC(16) Pause Mark Start 0.011ms
[58.845s][info][gc,phases   ] GC(16) Concurrent Mark 24.969ms
[58.845s][info][gc,phases   ] GC(16) Pause Mark End 0.026ms
[58.845s][info][gc,phases   ] GC(16) Concurrent Mark Free 0.001ms
[58.849s][info][gc,phases   ] GC(16) Concurrent Process Non-Strong References 3.875ms
[58.849s][info][gc,phases   ] GC(16) Concurrent Reset Relocation Set 0.061ms
[58.853s][info][gc,phases   ] GC(16) Concurrent Select Relocation Set 3.658ms
[58.853s][info][gc,phases   ] GC(16) Pause Relocate Start 0.009ms
[58.857s][info][gc,phases   ] GC(16) Concurrent Relocate 3.394ms
[58.857s][info][gc,load     ] GC(16) Load: 0.00/0.00/0.00
[58.857s][info][gc,mmu      ] GC(16) MMU: 2ms/98.3%, 5ms/99.3%, 10ms/99.7%, 20ms/99.8%, 50ms/99.9%, 100ms/99.9%
[58.857s][info][gc,marking  ] GC(16) Mark: 4 stripe(s), 2 proactive flush(es), 1 terminate flush(es), 0 completion(s), 0 continuation(s) 
[58.857s][info][gc,marking  ] GC(16) Mark Stack Usage: 32M
[58.857s][info][gc,nmethod  ] GC(16) NMethods: 9279 registered, 673 unregistered
[58.857s][info][gc,metaspace] GC(16) Metaspace: 72M used, 72M committed, 1088M reserved
[58.857s][info][gc,ref      ] GC(16) Soft: 3829 encountered, 0 discovered, 0 enqueued
[58.857s][info][gc,ref      ] GC(16) Weak: 9842 encountered, 1417 discovered, 248 enqueued
[58.857s][info][gc,ref      ] GC(16) Final: 289 encountered, 18 discovered, 0 enqueued
[58.857s][info][gc,ref      ] GC(16) Phantom: 424 encountered, 261 discovered, 0 enqueued
[58.857s][info][gc,reloc    ] GC(16) Small Pages: 6175 / 12350M, Empty: 11180M, Relocated: 6M, In-Place: 0
[58.857s][info][gc,reloc    ] GC(16) Medium Pages: 0 / 0M, Empty: 0M, Relocated: 0M, In-Place: 0
[58.857s][info][gc,reloc    ] GC(16) Large Pages: 0 / 0M, Empty: 0M, Relocated: 0M, In-Place: 0
[58.857s][info][gc,reloc    ] GC(16) Forwarding Usage: 2M
[58.857s][info][gc,heap     ] GC(16) Min Capacity: 8M(0%)
[58.857s][info][gc,heap     ] GC(16) Max Capacity: 30718M(100%)
[58.857s][info][gc,heap     ] GC(16) Soft Max Capacity: 30718M(100%)
[58.857s][info][gc,heap     ] GC(16)                Mark Start          Mark End        Relocate Start      Relocate End           High               Low         
[58.857s][info][gc,heap     ] GC(16)  Capacity:    26676M (87%)       26676M (87%)       26676M (87%)       26676M (87%)       26676M (87%)       26676M (87%)    
[58.857s][info][gc,heap     ] GC(16)      Free:    18368M (60%)       18304M (60%)       29468M (96%)       30560M (99%)       30560M (99%)       18298M (60%)    
[58.857s][info][gc,heap     ] GC(16)      Used:    12350M (40%)       12414M (40%)        1250M (4%)          158M (1%)        12420M (40%)         158M (1%)     
[58.857s][info][gc,heap     ] GC(16)      Live:         -                49M (0%)           49M (0%)           49M (0%)             -                  -          
[58.857s][info][gc,heap     ] GC(16) Allocated:         -                64M (0%)           80M (0%)           93M (0%)             -                  -          
[58.857s][info][gc,heap     ] GC(16)   Garbage:         -             12300M (40%)        1120M (4%)           14M (0%)             -                  -          
[58.857s][info][gc,heap     ] GC(16) Reclaimed:         -                  -             11180M (36%)       12285M (40%)            -                  -          
[58.857s][info][gc          ] GC(16) Garbage Collection (Allocation Rate) 12350M(40%)->158M(1%)
[59.648s][info][gc,start    ] GC(17) Garbage Collection (System.gc())
[59.648s][info][gc,task     ] GC(17) Using 12 workers
[59.649s][info][gc,phases   ] GC(17) Pause Mark Start 0.016ms
[59.680s][info][gc,phases   ] GC(17) Concurrent Mark 30.881ms
[59.680s][info][gc,phases   ] GC(17) Pause Mark End 0.021ms
[59.680s][info][gc,phases   ] GC(17) Concurrent Mark Free 0.001ms
[59.683s][info][gc,phases   ] GC(17) Concurrent Process Non-Strong References 3.226ms
[59.683s][info][gc,phases   ] GC(17) Concurrent Reset Relocation Set 0.053ms
[59.686s][info][gc,phases   ] GC(17) Concurrent Select Relocation Set 2.883ms
[59.686s][info][gc,phases   ] GC(17) Pause Relocate Start 0.008ms
[59.689s][info][gc,phases   ] GC(17) Concurrent Relocate 2.116ms
[59.689s][info][gc,load     ] GC(17) Load: 0.00/0.00/0.00
[59.689s][info][gc,mmu      ] GC(17) MMU: 2ms/98.3%, 5ms/99.3%, 10ms/99.7%, 20ms/99.8%, 50ms/99.9%, 100ms/99.9%
[59.689s][info][gc,marking  ] GC(17) Mark: 8 stripe(s), 2 proactive flush(es), 1 terminate flush(es), 0 completion(s), 0 continuation(s) 
[59.689s][info][gc,marking  ] GC(17) Mark Stack Usage: 32M
[59.689s][info][gc,nmethod  ] GC(17) NMethods: 9033 registered, 1034 unregistered
[59.689s][info][gc,metaspace] GC(17) Metaspace: 72M used, 72M committed, 1088M reserved
[59.689s][info][gc,ref      ] GC(17) Soft: 3829 encountered, 0 discovered, 0 enqueued
[59.689s][info][gc,ref      ] GC(17) Weak: 9647 encountered, 748 discovered, 49 enqueued
[59.689s][info][gc,ref      ] GC(17) Final: 289 encountered, 10 discovered, 0 enqueued
[59.689s][info][gc,ref      ] GC(17) Phantom: 424 encountered, 353 discovered, 0 enqueued
[59.689s][info][gc,reloc    ] GC(17) Small Pages: 842 / 1684M, Empty: 1456M, Relocated: 6M, In-Place: 0
[59.689s][info][gc,reloc    ] GC(17) Medium Pages: 0 / 0M, Empty: 0M, Relocated: 0M, In-Place: 0
[59.689s][info][gc,reloc    ] GC(17) Large Pages: 0 / 0M, Empty: 0M, Relocated: 0M, In-Place: 0
[59.689s][info][gc,reloc    ] GC(17) Forwarding Usage: 2M
[59.689s][info][gc,heap     ] GC(17) Min Capacity: 8M(0%)
[59.689s][info][gc,heap     ] GC(17) Max Capacity: 30718M(100%)
[59.689s][info][gc,heap     ] GC(17) Soft Max Capacity: 30718M(100%)
[59.689s][info][gc,heap     ] GC(17)                Mark Start          Mark End        Relocate Start      Relocate End           High               Low         
[59.689s][info][gc,heap     ] GC(17)  Capacity:    26676M (87%)       26676M (87%)       26676M (87%)       26676M (87%)       26676M (87%)       26676M (87%)    
[59.689s][info][gc,heap     ] GC(17)      Free:    29034M (95%)       28982M (94%)       30438M (99%)       30590M (100%)      30590M (100%)      28982M (94%)    
[59.689s][info][gc,heap     ] GC(17)      Used:     1684M (5%)         1736M (6%)          280M (1%)          128M (0%)         1736M (6%)          128M (0%)     
[59.689s][info][gc,heap     ] GC(17)      Live:         -                49M (0%)           49M (0%)           49M (0%)             -                  -          
[59.689s][info][gc,heap     ] GC(17) Allocated:         -                52M (0%)           52M (0%)           51M (0%)             -                  -          
[59.689s][info][gc,heap     ] GC(17)   Garbage:         -              1634M (5%)          178M (1%)           26M (0%)             -                  -          
[59.689s][info][gc,heap     ] GC(17) Reclaimed:         -                  -              1456M (5%)         1607M (5%)             -                  -          
[59.689s][info][gc          ] GC(17) Garbage Collection (System.gc()) 1684M(5%)->128M(0%)
[60.121s][info][gc,stats    ] === Garbage Collection Statistics =======================================================================================================================
[60.121s][info][gc,stats    ]                                                              Last 10s              Last 10m              Last 10h                Total
[60.121s][info][gc,stats    ]                                                              Avg / Max             Avg / Max             Avg / Max             Avg / Max
[60.121s][info][gc,stats    ]   Collector: Garbage Collection Cycle                     95.591 / 261.759     224.609 / 836.636     224.609 / 836.636     224.609 / 836.636     ms
[60.121s][info][gc,stats    ]  Contention: Mark Segment Reset Contention                     4 / 19                3 / 32                3 / 32                3 / 32          ops/s
[60.121s][info][gc,stats    ]  Contention: Mark SeqNum Reset Contention                      0 / 1                 0 / 4                 0 / 4                 0 / 4           ops/s
[60.121s][info][gc,stats    ]    Critical: Allocation Stall                                  0 / 0                 0 / 0                 0 / 0                 0 / 0           ops/s
[60.121s][info][gc,stats    ]    Critical: Allocation Stall                              0.000 / 0.000         0.000 / 0.000         0.000 / 0.000         0.000 / 0.000       ms
[60.121s][info][gc,stats    ]    Critical: GC Locker Stall                                   0 / 0                 0 / 0                 0 / 0                 0 / 0           ops/s
[60.121s][info][gc,stats    ]    Critical: GC Locker Stall                               0.000 / 0.000         0.000 / 0.000         0.000 / 0.000         0.000 / 0.000       ms
[60.121s][info][gc,stats    ]    Critical: Relocation Stall                                  0 / 0                 0 / 0                 0 / 0                 0 / 0           ops/s
[60.121s][info][gc,stats    ]    Critical: Relocation Stall                              0.000 / 0.000         0.000 / 0.000         0.000 / 0.000         0.000 / 0.000       ms
[60.121s][info][gc,stats    ]      Memory: Allocation Rate                                3741 / 5100           2932 / 5122           2932 / 5122           2932 / 5122        MB/s
[60.121s][info][gc,stats    ]      Memory: Defragment                                        0 / 0                 0 / 0                 0 / 0                 0 / 0           ops/s
[60.121s][info][gc,stats    ]      Memory: Out Of Memory                                     0 / 0                 0 / 0                 0 / 0                 0 / 0           ops/s
[60.121s][info][gc,stats    ]      Memory: Page Cache Flush                                  0 / 0                 0 / 0                 0 / 0                 0 / 0           MB/s
[60.121s][info][gc,stats    ]      Memory: Page Cache Hit L1                              1874 / 2550           1247 / 2561           1247 / 2561           1247 / 2561        ops/s
[60.121s][info][gc,stats    ]      Memory: Page Cache Hit L2                                 0 / 0                 0 / 0                 0 / 0                 0 / 0           ops/s
[60.121s][info][gc,stats    ]      Memory: Page Cache Hit L3                                 0 / 0                17 / 469              17 / 469              17 / 469         ops/s
[60.121s][info][gc,stats    ]      Memory: Page Cache Miss                                   0 / 0               205 / 1055            205 / 1055            205 / 1055        ops/s
[60.121s][info][gc,stats    ]      Memory: Uncommit                                          0 / 0                 0 / 0                 0 / 0                 0 / 0           MB/s
[60.121s][info][gc,stats    ]      Memory: Undo Object Allocation Failed                     0 / 0                 0 / 4                 0 / 4                 0 / 4           ops/s
[60.121s][info][gc,stats    ]      Memory: Undo Object Allocation Succeeded                 36 / 224              24 / 362              24 / 362              24 / 362         ops/s
[60.121s][info][gc,stats    ]      Memory: Undo Page Allocation                              0 / 3               108 / 518             108 / 518             108 / 518         ops/s
[60.121s][info][gc,stats    ]       Phase: Concurrent Mark                              73.288 / 203.965     158.902 / 659.654     158.902 / 659.654     158.902 / 659.654     ms
[60.121s][info][gc,stats    ]       Phase: Concurrent Mark Continue                      0.000 / 0.000         0.000 / 0.000         0.000 / 0.000         0.000 / 0.000       ms
[60.121s][info][gc,stats    ]       Phase: Concurrent Mark Free                          0.001 / 0.001         0.001 / 0.003         0.001 / 0.003         0.001 / 0.003       ms
[60.122s][info][gc,stats    ]       Phase: Concurrent Process Non-Strong References      5.740 / 13.790       21.637 / 152.153      21.637 / 152.153      21.637 / 152.153     ms
[60.122s][info][gc,stats    ]       Phase: Concurrent Relocate                           6.762 / 17.796        8.845 / 33.704        8.845 / 33.704        8.845 / 33.704      ms
[60.122s][info][gc,stats    ]       Phase: Concurrent Reset Relocation Set               0.069 / 0.090         0.061 / 0.100         0.061 / 0.100         0.061 / 0.100       ms
[60.122s][info][gc,stats    ]       Phase: Concurrent Select Relocation Set              8.526 / 24.357       22.539 / 103.849      22.539 / 103.849      22.539 / 103.849     ms
[60.122s][info][gc,stats    ]       Phase: Pause Mark End                                0.023 / 0.026         0.026 / 0.034         0.026 / 0.034         0.026 / 0.034       ms
[60.122s][info][gc,stats    ]       Phase: Pause Mark Start                              0.014 / 0.019         0.014 / 0.019         0.014 / 0.019         0.014 / 0.019       ms
[60.122s][info][gc,stats    ]       Phase: Pause Relocate Start                          0.009 / 0.013         0.010 / 0.013         0.010 / 0.013         0.010 / 0.013       ms
[60.122s][info][gc,stats    ]    Subphase: Concurrent Classes Purge                      0.309 / 0.808         5.836 / 67.200        5.836 / 67.200        5.836 / 67.200      ms
[60.122s][info][gc,stats    ]    Subphase: Concurrent Classes Unlink                     4.517 / 11.400        8.908 / 45.692        8.908 / 45.692        8.908 / 45.692      ms
[60.122s][info][gc,stats    ]    Subphase: Concurrent Mark                              31.172 / 182.309     102.756 / 604.023     102.756 / 604.023     102.756 / 604.023     ms
[60.122s][info][gc,stats    ]    Subphase: Concurrent Mark Try Flush                     0.216 / 0.932        11.159 / 58.692       11.159 / 58.692       11.159 / 58.692      ms
[60.122s][info][gc,stats    ]    Subphase: Concurrent Mark Try Terminate                 2.295 / 10.727        2.087 / 47.884        2.087 / 47.884        2.087 / 47.884      ms
[60.122s][info][gc,stats    ]    Subphase: Concurrent References Enqueue                 0.003 / 0.004         0.004 / 0.007         0.004 / 0.007         0.004 / 0.007       ms
[60.122s][info][gc,stats    ]    Subphase: Concurrent References Process                 0.109 / 0.214         0.264 / 1.267         0.264 / 1.267         0.264 / 1.267       ms
[60.122s][info][gc,stats    ]    Subphase: Concurrent Roots ClassLoaderDataGraph         0.091 / 0.647         0.156 / 1.759         0.156 / 1.759         0.156 / 1.759       ms
[60.122s][info][gc,stats    ]    Subphase: Concurrent Roots CodeCache                    0.000 / 0.000         0.000 / 0.000         0.000 / 0.000         0.000 / 0.000       ms
[60.122s][info][gc,stats    ]    Subphase: Concurrent Roots JavaThreads                  9.495 / 21.152       12.312 / 52.976       12.312 / 52.976       12.312 / 52.976      ms
[60.122s][info][gc,stats    ]    Subphase: Concurrent Roots OopStorageSet                0.078 / 0.216         0.167 / 1.612         0.167 / 1.612         0.167 / 1.612       ms
[60.122s][info][gc,stats    ]    Subphase: Concurrent Weak Roots OopStorageSet           0.299 / 1.459         0.336 / 3.117         0.336 / 3.117         0.336 / 3.117       ms
[60.122s][info][gc,stats    ]    Subphase: Pause Mark Try Complete                       0.000 / 0.000         0.000 / 0.000         0.000 / 0.000         0.000 / 0.000       ms
[60.122s][info][gc,stats    ]      System: Java Threads                                    202 / 217             168 / 217             168 / 217             168 / 217         threads
[60.122s][info][gc,stats    ] =========================================================================================================================================================
[64.520s][info][gc,start    ] GC(18) Garbage Collection (Allocation Rate)
[64.520s][info][gc,task     ] GC(18) Using 1 workers
[64.520s][info][gc,phases   ] GC(18) Pause Mark Start 0.015ms
[64.902s][info][gc,phases   ] GC(18) Concurrent Mark 381.355ms
[64.902s][info][gc,phases   ] GC(18) Pause Mark End 0.024ms
[64.903s][info][gc,phases   ] GC(18) Concurrent Mark Free 0.001ms
[64.929s][info][gc,phases   ] GC(18) Concurrent Process Non-Strong References 26.224ms
[64.929s][info][gc,phases   ] GC(18) Concurrent Reset Relocation Set 0.018ms
[64.986s][info][gc,phases   ] GC(18) Concurrent Select Relocation Set 56.336ms
[64.986s][info][gc,phases   ] GC(18) Pause Relocate Start 0.011ms
[65.029s][info][gc,phases   ] GC(18) Concurrent Relocate 42.536ms
[65.029s][info][gc,load     ] GC(18) Load: 0.00/0.00/0.00
[65.029s][info][gc,mmu      ] GC(18) MMU: 2ms/98.3%, 5ms/99.3%, 10ms/99.7%, 20ms/99.8%, 50ms/99.9%, 100ms/99.9%
[65.029s][info][gc,marking  ] GC(18) Mark: 1 stripe(s), 2 proactive flush(es), 1 terminate flush(es), 0 completion(s), 0 continuation(s) 
[65.029s][info][gc,marking  ] GC(18) Mark Stack Usage: 32M
[65.029s][info][gc,nmethod  ] GC(18) NMethods: 9145 registered, 1074 unregistered
[65.029s][info][gc,metaspace] GC(18) Metaspace: 72M used, 72M committed, 1088M reserved
[65.029s][info][gc,ref      ] GC(18) Soft: 3829 encountered, 0 discovered, 0 enqueued
[65.029s][info][gc,ref      ] GC(18) Weak: 10905 encountered, 1875 discovered, 156 enqueued
[65.029s][info][gc,ref      ] GC(18) Final: 289 encountered, 96 discovered, 0 enqueued
[65.029s][info][gc,ref      ] GC(18) Phantom: 424 encountered, 327 discovered, 0 enqueued
[65.029s][info][gc,reloc    ] GC(18) Small Pages: 12315 / 24630M, Empty: 23502M, Relocated: 6M, In-Place: 0
[65.029s][info][gc,reloc    ] GC(18) Medium Pages: 0 / 0M, Empty: 0M, Relocated: 0M, In-Place: 0
[65.029s][info][gc,reloc    ] GC(18) Large Pages: 0 / 0M, Empty: 0M, Relocated: 0M, In-Place: 0
[65.029s][info][gc,reloc    ] GC(18) Forwarding Usage: 2M
[65.029s][info][gc,heap     ] GC(18) Min Capacity: 8M(0%)
[65.029s][info][gc,heap     ] GC(18) Max Capacity: 30718M(100%)
[65.029s][info][gc,heap     ] GC(18) Soft Max Capacity: 30718M(100%)
[65.029s][info][gc,heap     ] GC(18)                Mark Start          Mark End        Relocate Start      Relocate End           High               Low         
[65.029s][info][gc,heap     ] GC(18)  Capacity:    26676M (87%)       26676M (87%)       26676M (87%)       26676M (87%)       26676M (87%)       26676M (87%)    
[65.029s][info][gc,heap     ] GC(18)      Free:     6088M (20%)        5354M (17%)       28690M (93%)       29560M (96%)       29596M (96%)        5294M (17%)    
[65.029s][info][gc,heap     ] GC(18)      Used:    24630M (80%)       25364M (83%)        2028M (7%)         1158M (4%)        25424M (83%)        1122M (4%)     
[65.029s][info][gc,heap     ] GC(18)      Live:         -                51M (0%)           51M (0%)           51M (0%)             -                  -          
[65.029s][info][gc,heap     ] GC(18) Allocated:         -               734M (2%)          900M (3%)         1094M (4%)             -                  -          
[65.029s][info][gc,heap     ] GC(18)   Garbage:         -             24578M (80%)        1076M (4%)           11M (0%)             -                  -          
[65.029s][info][gc,heap     ] GC(18) Reclaimed:         -                  -             23502M (77%)       24566M (80%)            -                  -          
[65.029s][info][gc          ] GC(18) Garbage Collection (Allocation Rate) 24630M(80%)->1158M(4%)
[66.634s][info][gc,start    ] GC(19) Garbage Collection (Allocation Rate)
[66.634s][info][gc,task     ] GC(19) Using 6 workers
[66.634s][info][gc,phases   ] GC(19) Pause Mark Start 0.014ms
[66.666s][info][gc,phases   ] GC(19) Concurrent Mark 31.914ms
[66.666s][info][gc,phases   ] GC(19) Pause Mark End 0.026ms
[66.666s][info][gc,phases   ] GC(19) Concurrent Mark Free 0.001ms
[66.670s][info][gc,phases   ] GC(19) Concurrent Process Non-Strong References 3.787ms
[66.670s][info][gc,phases   ] GC(19) Concurrent Reset Relocation Set 0.060ms
[66.673s][info][gc,phases   ] GC(19) Concurrent Select Relocation Set 3.084ms
[66.673s][info][gc,phases   ] GC(19) Pause Relocate Start 0.010ms
[66.676s][info][gc,phases   ] GC(19) Concurrent Relocate 2.515ms
[66.676s][info][gc,load     ] GC(19) Load: 0.00/0.00/0.00
[66.676s][info][gc,mmu      ] GC(19) MMU: 2ms/98.3%, 5ms/99.3%, 10ms/99.6%, 20ms/99.8%, 50ms/99.9%, 100ms/99.9%
[66.676s][info][gc,marking  ] GC(19) Mark: 4 stripe(s), 3 proactive flush(es), 1 terminate flush(es), 0 completion(s), 0 continuation(s) 
[66.676s][info][gc,marking  ] GC(19) Mark Stack Usage: 32M
[66.676s][info][gc,nmethod  ] GC(19) NMethods: 9193 registered, 1082 unregistered
[66.676s][info][gc,metaspace] GC(19) Metaspace: 72M used, 72M committed, 1088M reserved
[66.676s][info][gc,ref      ] GC(19) Soft: 3829 encountered, 0 discovered, 0 enqueued
[66.676s][info][gc,ref      ] GC(19) Weak: 9817 encountered, 1440 discovered, 244 enqueued
[66.676s][info][gc,ref      ] GC(19) Final: 289 encountered, 16 discovered, 0 enqueued
[66.676s][info][gc,ref      ] GC(19) Phantom: 424 encountered, 304 discovered, 0 enqueued
[66.676s][info][gc,reloc    ] GC(19) Small Pages: 3058 / 6116M, Empty: 5166M, Relocated: 5M, In-Place: 0
[66.676s][info][gc,reloc    ] GC(19) Medium Pages: 0 / 0M, Empty: 0M, Relocated: 0M, In-Place: 0
[66.676s][info][gc,reloc    ] GC(19) Large Pages: 0 / 0M, Empty: 0M, Relocated: 0M, In-Place: 0
[66.676s][info][gc,reloc    ] GC(19) Forwarding Usage: 1M
[66.676s][info][gc,heap     ] GC(19) Min Capacity: 8M(0%)
[66.676s][info][gc,heap     ] GC(19) Max Capacity: 30718M(100%)
[66.676s][info][gc,heap     ] GC(19) Soft Max Capacity: 30718M(100%)
[66.676s][info][gc,heap     ] GC(19)                Mark Start          Mark End        Relocate Start      Relocate End           High               Low         
[66.676s][info][gc,heap     ] GC(19)  Capacity:    26676M (87%)       26676M (87%)       26676M (87%)       26676M (87%)       26676M (87%)       26676M (87%)    
[66.676s][info][gc,heap     ] GC(19)      Free:    24602M (80%)       24542M (80%)       29698M (97%)       30570M (100%)      30570M (100%)      24536M (80%)    
[66.676s][info][gc,heap     ] GC(19)      Used:     6116M (20%)        6176M (20%)        1020M (3%)          148M (0%)         6182M (20%)         148M (0%)     
[66.676s][info][gc,heap     ] GC(19)      Live:         -                49M (0%)           49M (0%)           49M (0%)             -                  -          
[66.676s][info][gc,heap     ] GC(19) Allocated:         -                60M (0%)           70M (0%)           81M (0%)             -                  -          
[66.676s][info][gc,heap     ] GC(19)   Garbage:         -              6066M (20%)         900M (3%)           16M (0%)             -                  -          
[66.676s][info][gc,heap     ] GC(19) Reclaimed:         -                  -              5166M (17%)        6049M (20%)            -                  -          
[66.676s][info][gc          ] GC(19) Garbage Collection (Allocation Rate) 6116M(20%)->148M(0%)
[67.869s][info][gc,start    ] GC(20) Garbage Collection (System.gc())
[67.869s][info][gc,task     ] GC(20) Using 12 workers
[67.869s][info][gc,phases   ] GC(20) Pause Mark Start 0.017ms
[67.904s][info][gc,phases   ] GC(20) Concurrent Mark 35.143ms
[67.904s][info][gc,phases   ] GC(20) Pause Mark End 0.025ms
[67.905s][info][gc,phases   ] GC(20) Concurrent Mark Free 0.001ms
[67.907s][info][gc,phases   ] GC(20) Concurrent Process Non-Strong References 2.938ms
[67.908s][info][gc,phases   ] GC(20) Concurrent Reset Relocation Set 0.050ms
[67.913s][info][gc,phases   ] GC(20) Concurrent Select Relocation Set 4.932ms
[67.913s][info][gc,phases   ] GC(20) Pause Relocate Start 0.011ms
[67.916s][info][gc,phases   ] GC(20) Concurrent Relocate 3.323ms
[67.916s][info][gc,load     ] GC(20) Load: 0.00/0.00/0.00
[67.916s][info][gc,mmu      ] GC(20) MMU: 2ms/98.3%, 5ms/99.3%, 10ms/99.6%, 20ms/99.8%, 50ms/99.9%, 100ms/99.9%
[67.916s][info][gc,marking  ] GC(20) Mark: 8 stripe(s), 2 proactive flush(es), 1 terminate flush(es), 0 completion(s), 0 continuation(s) 
[67.916s][info][gc,marking  ] GC(20) Mark Stack Usage: 32M
[67.916s][info][gc,nmethod  ] GC(20) NMethods: 9249 registered, 1085 unregistered
[67.916s][info][gc,metaspace] GC(20) Metaspace: 72M used, 72M committed, 1088M reserved
[67.916s][info][gc,ref      ] GC(20) Soft: 3829 encountered, 0 discovered, 0 enqueued
[67.916s][info][gc,ref      ] GC(20) Weak: 9629 encountered, 1336 discovered, 43 enqueued
[67.916s][info][gc,ref      ] GC(20) Final: 289 encountered, 12 discovered, 0 enqueued
[67.916s][info][gc,ref      ] GC(20) Phantom: 424 encountered, 260 discovered, 0 enqueued
[67.916s][info][gc,reloc    ] GC(20) Small Pages: 728 / 1456M, Empty: 1240M, Relocated: 6M, In-Place: 0
[67.916s][info][gc,reloc    ] GC(20) Medium Pages: 0 / 0M, Empty: 0M, Relocated: 0M, In-Place: 0
[67.916s][info][gc,reloc    ] GC(20) Large Pages: 0 / 0M, Empty: 0M, Relocated: 0M, In-Place: 0
[67.916s][info][gc,reloc    ] GC(20) Forwarding Usage: 2M
[67.916s][info][gc,heap     ] GC(20) Min Capacity: 8M(0%)
[67.916s][info][gc,heap     ] GC(20) Max Capacity: 30718M(100%)
[67.916s][info][gc,heap     ] GC(20) Soft Max Capacity: 30718M(100%)
[67.916s][info][gc,heap     ] GC(20)                Mark Start          Mark End        Relocate Start      Relocate End           High               Low         
[67.916s][info][gc,heap     ] GC(20)  Capacity:    26676M (87%)       26676M (87%)       26676M (87%)       26676M (87%)       26676M (87%)       26676M (87%)    
[67.916s][info][gc,heap     ] GC(20)      Free:    29262M (95%)       29206M (95%)       30446M (99%)       30586M (100%)      30586M (100%)      29206M (95%)    
[67.916s][info][gc,heap     ] GC(20)      Used:     1456M (5%)         1512M (5%)          272M (1%)          132M (0%)         1512M (5%)          132M (0%)     
[67.917s][info][gc,heap     ] GC(20)      Live:         -                49M (0%)           49M (0%)           49M (0%)             -                  -          
[67.917s][info][gc,heap     ] GC(20) Allocated:         -                56M (0%)           56M (0%)           56M (0%)             -                  -          
[67.917s][info][gc,heap     ] GC(20)   Garbage:         -              1406M (5%)          166M (1%)           26M (0%)             -                  -          
[67.917s][info][gc,heap     ] GC(20) Reclaimed:         -                  -              1240M (4%)         1380M (4%)             -                  -          
[67.917s][info][gc          ] GC(20) Garbage Collection (System.gc()) 1456M(5%)->132M(0%)
[70.121s][info][gc,stats    ] === Garbage Collection Statistics =======================================================================================================================
[70.121s][info][gc,stats    ]                                                              Last 10s              Last 10m              Last 10h                Total
[70.121s][info][gc,stats    ]                                                              Avg / Max             Avg / Max             Avg / Max             Avg / Max
[70.121s][info][gc,stats    ]   Collector: Garbage Collection Cycle                    199.655 / 509.068     221.044 / 836.636     221.044 / 836.636     221.044 / 836.636     ms
[70.121s][info][gc,stats    ]  Contention: Mark Segment Reset Contention                     1 / 9                 3 / 32                3 / 32                3 / 32          ops/s
[70.121s][info][gc,stats    ]  Contention: Mark SeqNum Reset Contention                      0 / 1                 0 / 4                 0 / 4                 0 / 4           ops/s
[70.121s][info][gc,stats    ]    Critical: Allocation Stall                                  0 / 0                 0 / 0                 0 / 0                 0 / 0           ops/s
[70.121s][info][gc,stats    ]    Critical: Allocation Stall                              0.000 / 0.000         0.000 / 0.000         0.000 / 0.000         0.000 / 0.000       ms
[70.121s][info][gc,stats    ]    Critical: GC Locker Stall                                   0 / 0                 0 / 0                 0 / 0                 0 / 0           ops/s
[70.121s][info][gc,stats    ]    Critical: GC Locker Stall                               0.000 / 0.000         0.000 / 0.000         0.000 / 0.000         0.000 / 0.000       ms
[70.121s][info][gc,stats    ]    Critical: Relocation Stall                                  0 / 0                 0 / 0                 0 / 0                 0 / 0           ops/s
[70.121s][info][gc,stats    ]    Critical: Relocation Stall                              0.000 / 0.000         0.000 / 0.000         0.000 / 0.000         0.000 / 0.000       ms
[70.121s][info][gc,stats    ]      Memory: Allocation Rate                                4098 / 5114           3098 / 5122           3098 / 5122           3098 / 5122        MB/s
[70.121s][info][gc,stats    ]      Memory: Defragment                                        0 / 0                 0 / 0                 0 / 0                 0 / 0           ops/s
[70.121s][info][gc,stats    ]      Memory: Out Of Memory                                     0 / 0                 0 / 0                 0 / 0                 0 / 0           ops/s
[70.121s][info][gc,stats    ]      Memory: Page Cache Flush                                  0 / 0                 0 / 0                 0 / 0                 0 / 0           MB/s
[70.121s][info][gc,stats    ]      Memory: Page Cache Hit L1                              2051 / 2557           1362 / 2561           1362 / 2561           1362 / 2561        ops/s
[70.121s][info][gc,stats    ]      Memory: Page Cache Hit L2                                 0 / 0                 0 / 0                 0 / 0                 0 / 0           ops/s
[70.121s][info][gc,stats    ]      Memory: Page Cache Hit L3                                 0 / 0                14 / 469              14 / 469              14 / 469         ops/s
[70.121s][info][gc,stats    ]      Memory: Page Cache Miss                                   0 / 0               175 / 1055            175 / 1055            175 / 1055        ops/s
[70.121s][info][gc,stats    ]      Memory: Uncommit                                          0 / 0                 0 / 0                 0 / 0                 0 / 0           MB/s
[70.121s][info][gc,stats    ]      Memory: Undo Object Allocation Failed                     0 / 0                 0 / 4                 0 / 4                 0 / 4           ops/s
[70.121s][info][gc,stats    ]      Memory: Undo Object Allocation Succeeded                 35 / 269              26 / 362              26 / 362              26 / 362         ops/s
[70.121s][info][gc,stats    ]      Memory: Undo Page Allocation                              1 / 4                93 / 518              93 / 518              93 / 518         ops/s
[70.121s][info][gc,stats    ]       Phase: Concurrent Mark                             149.470 / 381.355     157.554 / 659.654     157.554 / 659.654     157.554 / 659.654     ms
[70.121s][info][gc,stats    ]       Phase: Concurrent Mark Continue                      0.000 / 0.000         0.000 / 0.000         0.000 / 0.000         0.000 / 0.000       ms
[70.121s][info][gc,stats    ]       Phase: Concurrent Mark Free                          0.001 / 0.001         0.001 / 0.003         0.001 / 0.003         0.001 / 0.003       ms
[70.122s][info][gc,stats    ]       Phase: Concurrent Process Non-Strong References     10.983 / 26.224       20.115 / 152.153      20.115 / 152.153      20.115 / 152.153     ms
[70.122s][info][gc,stats    ]       Phase: Concurrent Relocate                          16.125 / 42.536        9.885 / 42.536        9.885 / 42.536        9.885 / 42.536      ms
[70.122s][info][gc,stats    ]       Phase: Concurrent Reset Relocation Set               0.043 / 0.060         0.058 / 0.100         0.058 / 0.100         0.058 / 0.100       ms
[70.122s][info][gc,stats    ]       Phase: Concurrent Select Relocation Set             21.451 / 56.336       22.383 / 103.849      22.383 / 103.849      22.383 / 103.849     ms
[70.122s][info][gc,stats    ]       Phase: Pause Mark End                                0.025 / 0.026         0.026 / 0.034         0.026 / 0.034         0.026 / 0.034       ms
[70.122s][info][gc,stats    ]       Phase: Pause Mark Start                              0.015 / 0.017         0.014 / 0.019         0.014 / 0.019         0.014 / 0.019       ms
[70.122s][info][gc,stats    ]       Phase: Pause Relocate Start                          0.011 / 0.011         0.010 / 0.013         0.010 / 0.013         0.010 / 0.013       ms
[70.122s][info][gc,stats    ]    Subphase: Concurrent Classes Purge                      0.108 / 0.235         5.018 / 67.200        5.018 / 67.200        5.018 / 67.200      ms
[70.122s][info][gc,stats    ]    Subphase: Concurrent Classes Unlink                     9.070 / 21.831        8.931 / 45.692        8.931 / 45.692        8.931 / 45.692      ms
[70.122s][info][gc,stats    ]    Subphase: Concurrent Mark                              42.925 / 355.779      96.644 / 604.023      96.644 / 604.023      96.644 / 604.023     ms
[70.122s][info][gc,stats    ]    Subphase: Concurrent Mark Try Flush                     0.181 / 0.364         9.897 / 58.692        9.897 / 58.692        9.897 / 58.692      ms
[70.122s][info][gc,stats    ]    Subphase: Concurrent Mark Try Terminate                 6.626 / 15.733        2.122 / 47.884        2.122 / 47.884        2.122 / 47.884      ms
[70.122s][info][gc,stats    ]    Subphase: Concurrent References Enqueue                 0.005 / 0.007         0.004 / 0.007         0.004 / 0.007         0.004 / 0.007       ms
[70.122s][info][gc,stats    ]    Subphase: Concurrent References Process                 0.261 / 0.558         0.264 / 1.267         0.264 / 1.267         0.264 / 1.267       ms
[70.122s][info][gc,stats    ]    Subphase: Concurrent Roots ClassLoaderDataGraph         0.147 / 1.052         0.155 / 1.759         0.155 / 1.759         0.155 / 1.759       ms
[70.122s][info][gc,stats    ]    Subphase: Concurrent Roots CodeCache                    0.000 / 0.000         0.000 / 0.000         0.000 / 0.000         0.000 / 0.000       ms
[70.122s][info][gc,stats    ]    Subphase: Concurrent Roots JavaThreads                  8.290 / 23.604       11.892 / 52.976       11.892 / 52.976       11.892 / 52.976      ms
[70.122s][info][gc,stats    ]    Subphase: Concurrent Roots OopStorageSet                0.081 / 0.597         0.158 / 1.612         0.158 / 1.612         0.158 / 1.612       ms
[70.122s][info][gc,stats    ]    Subphase: Concurrent Weak Roots OopStorageSet           0.399 / 2.882         0.342 / 3.117         0.342 / 3.117         0.342 / 3.117       ms
[70.122s][info][gc,stats    ]    Subphase: Pause Mark Try Complete                       0.000 / 0.000         0.000 / 0.000         0.000 / 0.000         0.000 / 0.000       ms
[70.122s][info][gc,stats    ]      System: Java Threads                                    202 / 221             173 / 221             173 / 221             173 / 221         threads
[70.122s][info][gc,stats    ] =========================================================================================================================================================
[73.022s][info][gc,start    ] GC(21) Garbage Collection (Allocation Rate)
[73.022s][info][gc,task     ] GC(21) Using 1 workers
[73.022s][info][gc,phases   ] GC(21) Pause Mark Start 0.012ms
[73.330s][info][gc,phases   ] GC(21) Concurrent Mark 304.599ms
[73.330s][info][gc,phases   ] GC(21) Pause Mark End 0.026ms
[73.331s][info][gc,phases   ] GC(21) Concurrent Mark Free 0.001ms
[73.374s][info][gc,phases   ] GC(21) Concurrent Process Non-Strong References 42.990ms
[73.374s][info][gc,phases   ] GC(21) Concurrent Reset Relocation Set 0.019ms
[73.382s][info][gc,phases   ] GC(21) Concurrent Select Relocation Set 8.129ms
[73.382s][info][gc,phases   ] GC(21) Pause Relocate Start 0.011ms
[73.408s][info][gc,phases   ] GC(21) Concurrent Relocate 25.793ms
[73.408s][info][gc,load     ] GC(21) Load: 0.00/0.00/0.00
[73.408s][info][gc,mmu      ] GC(21) MMU: 2ms/98.3%, 5ms/99.3%, 10ms/99.6%, 20ms/99.8%, 50ms/99.9%, 100ms/99.9%
[73.408s][info][gc,marking  ] GC(21) Mark: 1 stripe(s), 2 proactive flush(es), 1 terminate flush(es), 0 completion(s), 0 continuation(s) 
[73.408s][info][gc,marking  ] GC(21) Mark Stack Usage: 32M
[73.408s][info][gc,nmethod  ] GC(21) NMethods: 9394 registered, 1130 unregistered
[73.408s][info][gc,metaspace] GC(21) Metaspace: 72M used, 72M committed, 1088M reserved
[73.408s][info][gc,ref      ] GC(21) Soft: 3829 encountered, 0 discovered, 0 enqueued
[73.408s][info][gc,ref      ] GC(21) Weak: 10830 encountered, 1827 discovered, 186 enqueued
[73.408s][info][gc,ref      ] GC(21) Final: 289 encountered, 96 discovered, 0 enqueued
[73.408s][info][gc,ref      ] GC(21) Phantom: 428 encountered, 331 discovered, 4 enqueued
[73.409s][info][gc,reloc    ] GC(21) Small Pages: 12937 / 25874M, Empty: 24626M, Relocated: 4M, In-Place: 0
[73.409s][info][gc,reloc    ] GC(21) Medium Pages: 0 / 0M, Empty: 0M, Relocated: 0M, In-Place: 0
[73.409s][info][gc,reloc    ] GC(21) Large Pages: 0 / 0M, Empty: 0M, Relocated: 0M, In-Place: 0
[73.409s][info][gc,reloc    ] GC(21) Forwarding Usage: 2M
[73.409s][info][gc,heap     ] GC(21) Min Capacity: 8M(0%)
[73.409s][info][gc,heap     ] GC(21) Max Capacity: 30718M(100%)
[73.409s][info][gc,heap     ] GC(21) Soft Max Capacity: 30718M(100%)
[73.409s][info][gc,heap     ] GC(21)                Mark Start          Mark End        Relocate Start      Relocate End           High               Low         
[73.409s][info][gc,heap     ] GC(21)  Capacity:    26676M (87%)       26676M (87%)       26728M (87%)       26728M (87%)       26728M (87%)       26676M (87%)    
[73.409s][info][gc,heap     ] GC(21)      Free:     4844M (16%)        4146M (13%)       28588M (93%)       29668M (97%)       29674M (97%)        3990M (13%)    
[73.409s][info][gc,heap     ] GC(21)      Used:    25874M (84%)       26572M (87%)        2130M (7%)         1050M (3%)        26728M (87%)        1044M (3%)     
[73.409s][info][gc,heap     ] GC(21)      Live:         -                51M (0%)           51M (0%)           51M (0%)             -                  -          
[73.409s][info][gc,heap     ] GC(21) Allocated:         -               698M (2%)          882M (3%)          986M (3%)             -                  -          
[73.409s][info][gc,heap     ] GC(21)   Garbage:         -             25822M (84%)        1196M (4%)           11M (0%)             -                  -          
[73.409s][info][gc,heap     ] GC(21) Reclaimed:         -                  -             24626M (80%)       25810M (84%)            -                  -          
[73.409s][info][gc          ] GC(21) Garbage Collection (Allocation Rate) 25874M(84%)->1050M(3%)
[74.934s][info][gc,start    ] GC(22) Garbage Collection (Allocation Rate)
[74.934s][info][gc,task     ] GC(22) Using 6 workers
[74.934s][info][gc,phases   ] GC(22) Pause Mark Start 0.009ms
[74.964s][info][gc,phases   ] GC(22) Concurrent Mark 30.053ms
[74.964s][info][gc,phases   ] GC(22) Pause Mark End 0.026ms
[74.964s][info][gc,phases   ] GC(22) Concurrent Mark Free 0.000ms
[74.968s][info][gc,phases   ] GC(22) Concurrent Process Non-Strong References 3.798ms
[74.968s][info][gc,phases   ] GC(22) Concurrent Reset Relocation Set 0.061ms
[74.971s][info][gc,phases   ] GC(22) Concurrent Select Relocation Set 2.949ms
[74.971s][info][gc,phases   ] GC(22) Pause Relocate Start 0.009ms
[74.974s][info][gc,phases   ] GC(22) Concurrent Relocate 2.581ms
[74.974s][info][gc,load     ] GC(22) Load: 0.00/0.00/0.00
[74.974s][info][gc,mmu      ] GC(22) MMU: 2ms/98.3%, 5ms/99.3%, 10ms/99.6%, 20ms/99.8%, 50ms/99.9%, 100ms/99.9%
[74.974s][info][gc,marking  ] GC(22) Mark: 4 stripe(s), 2 proactive flush(es), 1 terminate flush(es), 0 completion(s), 0 continuation(s) 
[74.974s][info][gc,marking  ] GC(22) Mark Stack Usage: 32M
[74.974s][info][gc,nmethod  ] GC(22) NMethods: 9393 registered, 1133 unregistered
[74.974s][info][gc,metaspace] GC(22) Metaspace: 72M used, 72M committed, 1088M reserved
[74.974s][info][gc,ref      ] GC(22) Soft: 3829 encountered, 0 discovered, 0 enqueued
[74.974s][info][gc,ref      ] GC(22) Weak: 9821 encountered, 1772 discovered, 199 enqueued
[74.974s][info][gc,ref      ] GC(22) Final: 289 encountered, 10 discovered, 0 enqueued
[74.974s][info][gc,ref      ] GC(22) Phantom: 424 encountered, 308 discovered, 0 enqueued
[74.974s][info][gc,reloc    ] GC(22) Small Pages: 2623 / 5246M, Empty: 4452M, Relocated: 5M, In-Place: 0
[74.974s][info][gc,reloc    ] GC(22) Medium Pages: 0 / 0M, Empty: 0M, Relocated: 0M, In-Place: 0
[74.974s][info][gc,reloc    ] GC(22) Large Pages: 0 / 0M, Empty: 0M, Relocated: 0M, In-Place: 0
[74.974s][info][gc,reloc    ] GC(22) Forwarding Usage: 1M
[74.974s][info][gc,heap     ] GC(22) Min Capacity: 8M(0%)
[74.974s][info][gc,heap     ] GC(22) Max Capacity: 30718M(100%)
[74.974s][info][gc,heap     ] GC(22) Soft Max Capacity: 30718M(100%)
[74.974s][info][gc,heap     ] GC(22)                Mark Start          Mark End        Relocate Start      Relocate End           High               Low         
[74.974s][info][gc,heap     ] GC(22)  Capacity:    26728M (87%)       26728M (87%)       26728M (87%)       26728M (87%)       26728M (87%)       26728M (87%)    
[74.974s][info][gc,heap     ] GC(22)      Free:    25472M (83%)       25404M (83%)       29840M (97%)       30560M (99%)       30560M (99%)       25402M (83%)    
[74.974s][info][gc,heap     ] GC(22)      Used:     5246M (17%)        5314M (17%)         878M (3%)          158M (1%)         5316M (17%)         158M (1%)     
[74.974s][info][gc,heap     ] GC(22)      Live:         -                49M (0%)           49M (0%)           49M (0%)             -                  -          
[74.974s][info][gc,heap     ] GC(22) Allocated:         -                68M (0%)           84M (0%)           91M (0%)             -                  -          
[74.974s][info][gc,heap     ] GC(22)   Garbage:         -              5196M (17%)         744M (2%)           16M (0%)             -                  -          
[74.974s][info][gc,heap     ] GC(22) Reclaimed:         -                  -              4452M (14%)        5179M (17%)            -                  -          
[74.974s][info][gc          ] GC(22) Garbage Collection (Allocation Rate) 5246M(17%)->158M(1%)
[75.442s][info][gc,start    ] GC(23) Garbage Collection (System.gc())
[75.442s][info][gc,task     ] GC(23) Using 12 workers
[75.442s][info][gc,phases   ] GC(23) Pause Mark Start 0.011ms
[75.470s][info][gc,phases   ] GC(23) Concurrent Mark 28.003ms
[75.470s][info][gc,phases   ] GC(23) Pause Mark End 0.021ms
[75.470s][info][gc,phases   ] GC(23) Concurrent Mark Free 0.001ms
[75.473s][info][gc,phases   ] GC(23) Concurrent Process Non-Strong References 2.391ms
[75.473s][info][gc,phases   ] GC(23) Concurrent Reset Relocation Set 0.041ms
[75.477s][info][gc,phases   ] GC(23) Concurrent Select Relocation Set 4.682ms
[75.478s][info][gc,phases   ] GC(23) Pause Relocate Start 0.009ms
[75.481s][info][gc,phases   ] GC(23) Concurrent Relocate 3.106ms
[75.481s][info][gc,load     ] GC(23) Load: 0.00/0.00/0.00
[75.481s][info][gc,mmu      ] GC(23) MMU: 2ms/98.3%, 5ms/99.3%, 10ms/99.6%, 20ms/99.8%, 50ms/99.9%, 100ms/99.9%
[75.481s][info][gc,marking  ] GC(23) Mark: 8 stripe(s), 2 proactive flush(es), 1 terminate flush(es), 0 completion(s), 0 continuation(s) 
[75.481s][info][gc,marking  ] GC(23) Mark Stack Usage: 32M
[75.481s][info][gc,nmethod  ] GC(23) NMethods: 9457 registered, 1133 unregistered
[75.481s][info][gc,metaspace] GC(23) Metaspace: 72M used, 72M committed, 1088M reserved
[75.481s][info][gc,ref      ] GC(23) Soft: 3829 encountered, 0 discovered, 0 enqueued
[75.481s][info][gc,ref      ] GC(23) Weak: 9714 encountered, 1189 discovered, 49 enqueued
[75.481s][info][gc,ref      ] GC(23) Final: 289 encountered, 15 discovered, 0 enqueued
[75.481s][info][gc,ref      ] GC(23) Phantom: 424 encountered, 327 discovered, 0 enqueued
[75.481s][info][gc,reloc    ] GC(23) Small Pages: 543 / 1086M, Empty: 856M, Relocated: 6M, In-Place: 0
[75.481s][info][gc,reloc    ] GC(23) Medium Pages: 0 / 0M, Empty: 0M, Relocated: 0M, In-Place: 0
[75.481s][info][gc,reloc    ] GC(23) Large Pages: 0 / 0M, Empty: 0M, Relocated: 0M, In-Place: 0
[75.481s][info][gc,reloc    ] GC(23) Forwarding Usage: 2M
[75.481s][info][gc,heap     ] GC(23) Min Capacity: 8M(0%)
[75.481s][info][gc,heap     ] GC(23) Max Capacity: 30718M(100%)
[75.481s][info][gc,heap     ] GC(23) Soft Max Capacity: 30718M(100%)
[75.481s][info][gc,heap     ] GC(23)                Mark Start          Mark End        Relocate Start      Relocate End           High               Low         
[75.481s][info][gc,heap     ] GC(23)  Capacity:    26728M (87%)       26728M (87%)       26728M (87%)       26728M (87%)       26728M (87%)       26728M (87%)    
[75.481s][info][gc,heap     ] GC(23)      Free:    29632M (96%)       29582M (96%)       30438M (99%)       30592M (100%)      30592M (100%)      29582M (96%)    
[75.481s][info][gc,heap     ] GC(23)      Used:     1086M (4%)         1136M (4%)          280M (1%)          126M (0%)         1136M (4%)          126M (0%)     
[75.481s][info][gc,heap     ] GC(23)      Live:         -                49M (0%)           49M (0%)           49M (0%)             -                  -          
[75.481s][info][gc,heap     ] GC(23) Allocated:         -                50M (0%)           50M (0%)           49M (0%)             -                  -          
[75.482s][info][gc,heap     ] GC(23)   Garbage:         -              1036M (3%)          180M (1%)           26M (0%)             -                  -          
[75.482s][info][gc,heap     ] GC(23) Reclaimed:         -                  -               856M (3%)         1009M (3%)             -                  -          
[75.482s][info][gc          ] GC(23) Garbage Collection (System.gc()) 1086M(4%)->126M(0%)
[79.220s][info][gc,start    ] GC(24) Garbage Collection (Proactive)
[79.220s][info][gc,task     ] GC(24) Using 12 workers
[79.220s][info][gc,phases   ] GC(24) Pause Mark Start 0.012ms
[79.302s][info][gc,phases   ] GC(24) Concurrent Mark 80.650ms
[79.302s][info][gc,phases   ] GC(24) Pause Mark End 0.026ms
[79.302s][info][gc,phases   ] GC(24) Concurrent Mark Free 0.001ms
[79.306s][info][gc,phases   ] GC(24) Concurrent Process Non-Strong References 3.511ms
[79.306s][info][gc,phases   ] GC(24) Concurrent Reset Relocation Set 0.017ms
[79.352s][info][gc,phases   ] GC(24) Concurrent Select Relocation Set 45.838ms
[79.352s][info][gc,phases   ] GC(24) Pause Relocate Start 0.010ms
[79.358s][info][gc,phases   ] GC(24) Concurrent Relocate 5.356ms
[79.358s][info][gc,load     ] GC(24) Load: 0.00/0.00/0.00
[79.358s][info][gc,mmu      ] GC(24) MMU: 2ms/98.3%, 5ms/99.3%, 10ms/99.6%, 20ms/99.8%, 50ms/99.9%, 100ms/99.9%
[79.358s][info][gc,marking  ] GC(24) Mark: 8 stripe(s), 6 proactive flush(es), 1 terminate flush(es), 0 completion(s), 0 continuation(s) 
[79.358s][info][gc,marking  ] GC(24) Mark Stack Usage: 32M
[79.358s][info][gc,nmethod  ] GC(24) NMethods: 9566 registered, 1171 unregistered
[79.358s][info][gc,metaspace] GC(24) Metaspace: 72M used, 72M committed, 1088M reserved
[79.358s][info][gc,ref      ] GC(24) Soft: 3829 encountered, 0 discovered, 0 enqueued
[79.358s][info][gc,ref      ] GC(24) Weak: 11012 encountered, 1390 discovered, 130 enqueued
[79.358s][info][gc,ref      ] GC(24) Final: 289 encountered, 23 discovered, 0 enqueued
[79.358s][info][gc,ref      ] GC(24) Phantom: 437 encountered, 309 discovered, 13 enqueued
[79.358s][info][gc,reloc    ] GC(24) Small Pages: 9505 / 19010M, Empty: 17886M, Relocated: 6M, In-Place: 0
[79.358s][info][gc,reloc    ] GC(24) Medium Pages: 0 / 0M, Empty: 0M, Relocated: 0M, In-Place: 0
[79.358s][info][gc,reloc    ] GC(24) Large Pages: 0 / 0M, Empty: 0M, Relocated: 0M, In-Place: 0
[79.358s][info][gc,reloc    ] GC(24) Forwarding Usage: 3M
[79.358s][info][gc,heap     ] GC(24) Min Capacity: 8M(0%)
[79.358s][info][gc,heap     ] GC(24) Max Capacity: 30718M(100%)
[79.358s][info][gc,heap     ] GC(24) Soft Max Capacity: 30718M(100%)
[79.358s][info][gc,heap     ] GC(24)                Mark Start          Mark End        Relocate Start      Relocate End           High               Low         
[79.358s][info][gc,heap     ] GC(24)  Capacity:    26728M (87%)       26728M (87%)       26728M (87%)       26728M (87%)       26728M (87%)       26728M (87%)    
[79.358s][info][gc,heap     ] GC(24)      Free:    11708M (38%)       11572M (38%)       29344M (96%)       30368M (99%)       30368M (99%)       11556M (38%)    
[79.358s][info][gc,heap     ] GC(24)      Used:    19010M (62%)       19146M (62%)        1374M (4%)          350M (1%)        19162M (62%)         350M (1%)     
[79.358s][info][gc,heap     ] GC(24)      Live:         -                52M (0%)           52M (0%)           52M (0%)             -                  -          
[79.358s][info][gc,heap     ] GC(24) Allocated:         -               136M (0%)          250M (1%)          268M (1%)             -                  -          
[79.358s][info][gc,heap     ] GC(24)   Garbage:         -             18957M (62%)        1071M (3%)           29M (0%)             -                  -          
[79.358s][info][gc,heap     ] GC(24) Reclaimed:         -                  -             17886M (58%)       18928M (62%)            -                  -          
[79.358s][info][gc          ] GC(24) Garbage Collection (Proactive) 19010M(62%)->350M(1%)
[80.120s][info][gc,stats    ] === Garbage Collection Statistics =======================================================================================================================
[80.120s][info][gc,stats    ]                                                              Last 10s              Last 10m              Last 10h                Total
[80.120s][info][gc,stats    ]                                                              Avg / Max             Avg / Max             Avg / Max             Avg / Max
[80.120s][info][gc,stats    ]   Collector: Garbage Collection Cycle                    151.038 / 386.694     209.843 / 836.636     209.843 / 836.636     209.843 / 836.636     ms
[80.120s][info][gc,stats    ]  Contention: Mark Segment Reset Contention                     2 / 20                3 / 32                3 / 32                3 / 32          ops/s
[80.120s][info][gc,stats    ]  Contention: Mark SeqNum Reset Contention                      0 / 1                 0 / 4                 0 / 4                 0 / 4           ops/s
[80.120s][info][gc,stats    ]    Critical: Allocation Stall                                  0 / 0                 0 / 0                 0 / 0                 0 / 0           ops/s
[80.120s][info][gc,stats    ]    Critical: Allocation Stall                              0.000 / 0.000         0.000 / 0.000         0.000 / 0.000         0.000 / 0.000       ms
[80.120s][info][gc,stats    ]    Critical: GC Locker Stall                                   0 / 0                 0 / 0                 0 / 0                 0 / 0           ops/s
[80.120s][info][gc,stats    ]    Critical: GC Locker Stall                               0.000 / 0.000         0.000 / 0.000         0.000 / 0.000         0.000 / 0.000       ms
[80.120s][info][gc,stats    ]    Critical: Relocation Stall                                  0 / 0                 0 / 0                 0 / 0                 0 / 0           ops/s
[80.120s][info][gc,stats    ]    Critical: Relocation Stall                              0.000 / 0.000         0.000 / 0.000         0.000 / 0.000         0.000 / 0.000       ms
[80.120s][info][gc,stats    ]      Memory: Allocation Rate                                4404 / 5106           3262 / 5122           3262 / 5122           3262 / 5122        MB/s
[80.120s][info][gc,stats    ]      Memory: Defragment                                        0 / 0                 0 / 0                 0 / 0                 0 / 0           ops/s
[80.120s][info][gc,stats    ]      Memory: Out Of Memory                                     0 / 0                 0 / 0                 0 / 0                 0 / 0           ops/s
[80.120s][info][gc,stats    ]      Memory: Page Cache Flush                                  0 / 0                 0 / 0                 0 / 0                 0 / 0           MB/s
[80.120s][info][gc,stats    ]      Memory: Page Cache Hit L1                              2202 / 2553           1467 / 2561           1467 / 2561           1467 / 2561        ops/s
[80.120s][info][gc,stats    ]      Memory: Page Cache Hit L2                                 0 / 0                 0 / 0                 0 / 0                 0 / 0           ops/s
[80.120s][info][gc,stats    ]      Memory: Page Cache Hit L3                                 0 / 0                12 / 469              12 / 469              12 / 469         ops/s
[80.120s][info][gc,stats    ]      Memory: Page Cache Miss                                   2 / 26              154 / 1055            154 / 1055            154 / 1055        ops/s
[80.120s][info][gc,stats    ]      Memory: Uncommit                                          0 / 0                 0 / 0                 0 / 0                 0 / 0           MB/s
[80.120s][info][gc,stats    ]      Memory: Undo Object Allocation Failed                     0 / 1                 0 / 4                 0 / 4                 0 / 4           ops/s
[80.120s][info][gc,stats    ]      Memory: Undo Object Allocation Succeeded                 17 / 103              24 / 362              24 / 362              24 / 362         ops/s
[80.120s][info][gc,stats    ]      Memory: Undo Page Allocation                              3 / 16               82 / 518              82 / 518              82 / 518         ops/s
[80.120s][info][gc,stats    ]       Phase: Concurrent Mark                             110.826 / 304.599     150.078 / 659.654     150.078 / 659.654     150.078 / 659.654     ms
[80.120s][info][gc,stats    ]       Phase: Concurrent Mark Continue                      0.000 / 0.000         0.000 / 0.000         0.000 / 0.000         0.000 / 0.000       ms
[80.120s][info][gc,stats    ]       Phase: Concurrent Mark Free                          0.001 / 0.001         0.001 / 0.003         0.001 / 0.003         0.001 / 0.003       ms
[80.120s][info][gc,stats    ]       Phase: Concurrent Process Non-Strong References     13.173 / 42.990       19.004 / 152.153      19.004 / 152.153      19.004 / 152.153     ms
[80.120s][info][gc,stats    ]       Phase: Concurrent Relocate                           9.209 / 25.793        9.777 / 42.536        9.777 / 42.536        9.777 / 42.536      ms
[80.120s][info][gc,stats    ]       Phase: Concurrent Reset Relocation Set               0.035 / 0.061         0.055 / 0.100         0.055 / 0.100         0.055 / 0.100       ms
[80.120s][info][gc,stats    ]       Phase: Concurrent Select Relocation Set             15.399 / 45.838       21.266 / 103.849      21.266 / 103.849      21.266 / 103.849     ms
[80.121s][info][gc,stats    ]       Phase: Pause Mark End                                0.025 / 0.026         0.025 / 0.034         0.025 / 0.034         0.025 / 0.034       ms
[80.121s][info][gc,stats    ]       Phase: Pause Mark Start                              0.011 / 0.012         0.014 / 0.019         0.014 / 0.019         0.014 / 0.019       ms
[80.121s][info][gc,stats    ]       Phase: Pause Relocate Start                          0.010 / 0.011         0.010 / 0.013         0.010 / 0.013         0.010 / 0.013       ms
[80.121s][info][gc,stats    ]    Subphase: Concurrent Classes Purge                      0.113 / 0.241         4.233 / 67.200        4.233 / 67.200        4.233 / 67.200      ms
[80.121s][info][gc,stats    ]    Subphase: Concurrent Classes Unlink                     8.540 / 26.578        8.868 / 45.692        8.868 / 45.692        8.868 / 45.692      ms
[80.121s][info][gc,stats    ]    Subphase: Concurrent Mark                              43.757 / 286.490      89.089 / 604.023      89.089 / 604.023      89.089 / 604.023     ms
[80.121s][info][gc,stats    ]    Subphase: Concurrent Mark Try Flush                     0.330 / 0.992         8.411 / 58.692        8.411 / 58.692        8.411 / 58.692      ms
[80.121s][info][gc,stats    ]    Subphase: Concurrent Mark Try Terminate                 3.025 / 11.379        2.143 / 47.884        2.143 / 47.884        2.143 / 47.884      ms
[80.121s][info][gc,stats    ]    Subphase: Concurrent References Enqueue                 0.003 / 0.005         0.004 / 0.007         0.004 / 0.007         0.004 / 0.007       ms
[80.121s][info][gc,stats    ]    Subphase: Concurrent References Process                 0.259 / 0.655         0.263 / 1.267         0.263 / 1.267         0.263 / 1.267       ms
[80.121s][info][gc,stats    ]    Subphase: Concurrent Roots ClassLoaderDataGraph         0.122 / 1.091         0.149 / 1.759         0.149 / 1.759         0.149 / 1.759       ms
[80.121s][info][gc,stats    ]    Subphase: Concurrent Roots CodeCache                    0.000 / 0.000         0.000 / 0.000         0.000 / 0.000         0.000 / 0.000       ms
[80.121s][info][gc,stats    ]    Subphase: Concurrent Roots JavaThreads                 12.629 / 23.316       11.999 / 52.976       11.999 / 52.976       11.999 / 52.976      ms
[80.121s][info][gc,stats    ]    Subphase: Concurrent Roots OopStorageSet                0.074 / 0.621         0.147 / 1.612         0.147 / 1.612         0.147 / 1.612       ms
[80.121s][info][gc,stats    ]    Subphase: Concurrent Weak Roots OopStorageSet           0.379 / 4.398         0.348 / 4.398         0.348 / 4.398         0.348 / 4.398       ms
[80.121s][info][gc,stats    ]    Subphase: Pause Mark Try Complete                       0.000 / 0.000         0.000 / 0.000         0.000 / 0.000         0.000 / 0.000       ms
[80.121s][info][gc,stats    ]      System: Java Threads                                    214 / 229             179 / 229             179 / 229             179 / 229         threads
[80.121s][info][gc,stats    ] =========================================================================================================================================================
[82.875s][info][gc,start    ] GC(25) Garbage Collection (System.gc())
[82.875s][info][gc,task     ] GC(25) Using 12 workers
[82.875s][info][gc,phases   ] GC(25) Pause Mark Start 0.017ms
[82.904s][info][gc,phases   ] GC(25) Concurrent Mark 29.078ms
[82.904s][info][gc,phases   ] GC(25) Pause Mark End 0.017ms
[82.904s][info][gc,phases   ] GC(25) Concurrent Mark Free 0.000ms
[82.906s][info][gc,phases   ] GC(25) Concurrent Process Non-Strong References 2.078ms
[82.907s][info][gc,phases   ] GC(25) Concurrent Reset Relocation Set 0.063ms
[82.910s][info][gc,phases   ] GC(25) Concurrent Select Relocation Set 3.898ms
[82.911s][info][gc,phases   ] GC(25) Pause Relocate Start 0.008ms
[82.913s][info][gc,phases   ] GC(25) Concurrent Relocate 2.432ms
[82.913s][info][gc,load     ] GC(25) Load: 0.00/0.00/0.00
[82.913s][info][gc,mmu      ] GC(25) MMU: 2ms/98.3%, 5ms/99.3%, 10ms/99.6%, 20ms/99.8%, 50ms/99.9%, 100ms/99.9%
[82.913s][info][gc,marking  ] GC(25) Mark: 8 stripe(s), 3 proactive flush(es), 1 terminate flush(es), 0 completion(s), 0 continuation(s) 
[82.913s][info][gc,marking  ] GC(25) Mark Stack Usage: 32M
[82.913s][info][gc,nmethod  ] GC(25) NMethods: 9664 registered, 1181 unregistered
[82.913s][info][gc,metaspace] GC(25) Metaspace: 72M used, 73M committed, 1088M reserved
[82.913s][info][gc,ref      ] GC(25) Soft: 3829 encountered, 0 discovered, 0 enqueued
[82.913s][info][gc,ref      ] GC(25) Weak: 9907 encountered, 1158 discovered, 304 enqueued
[82.913s][info][gc,ref      ] GC(25) Final: 289 encountered, 18 discovered, 0 enqueued
[82.913s][info][gc,ref      ] GC(25) Phantom: 424 encountered, 260 discovered, 0 enqueued
[82.913s][info][gc,reloc    ] GC(25) Small Pages: 6553 / 13106M, Empty: 11954M, Relocated: 6M, In-Place: 0
[82.913s][info][gc,reloc    ] GC(25) Medium Pages: 0 / 0M, Empty: 0M, Relocated: 0M, In-Place: 0
[82.913s][info][gc,reloc    ] GC(25) Large Pages: 0 / 0M, Empty: 0M, Relocated: 0M, In-Place: 0
[82.913s][info][gc,reloc    ] GC(25) Forwarding Usage: 2M
[82.913s][info][gc,heap     ] GC(25) Min Capacity: 8M(0%)
[82.913s][info][gc,heap     ] GC(25) Max Capacity: 30718M(100%)
[82.913s][info][gc,heap     ] GC(25) Soft Max Capacity: 30718M(100%)
[82.913s][info][gc,heap     ] GC(25)                Mark Start          Mark End        Relocate Start      Relocate End           High               Low         
[82.913s][info][gc,heap     ] GC(25)  Capacity:    26728M (87%)       26728M (87%)       26728M (87%)       26728M (87%)       26728M (87%)       26728M (87%)    
[82.913s][info][gc,heap     ] GC(25)      Free:    17612M (57%)       17558M (57%)       29512M (96%)       30588M (100%)      30588M (100%)      17558M (57%)    
[82.913s][info][gc,heap     ] GC(25)      Used:    13106M (43%)       13160M (43%)        1206M (4%)          130M (0%)        13160M (43%)         130M (0%)     
[82.913s][info][gc,heap     ] GC(25)      Live:         -                49M (0%)           49M (0%)           49M (0%)             -                  -          
[82.913s][info][gc,heap     ] GC(25) Allocated:         -                54M (0%)           54M (0%)           54M (0%)             -                  -          
[82.913s][info][gc,heap     ] GC(25)   Garbage:         -             13056M (43%)        1102M (4%)           26M (0%)             -                  -          
[82.913s][info][gc,heap     ] GC(25) Reclaimed:         -                  -             11954M (39%)       13030M (42%)            -                  -          
[82.913s][info][gc          ] GC(25) Garbage Collection (System.gc()) 13106M(43%)->130M(0%)
[87.321s][info][gc,start    ] GC(26) Garbage Collection (Allocation Rate)
[87.321s][info][gc,task     ] GC(26) Using 1 workers
[87.321s][info][gc,phases   ] GC(26) Pause Mark Start 0.013ms
[87.672s][info][gc,phases   ] GC(26) Concurrent Mark 349.254ms
[87.672s][info][gc,phases   ] GC(26) Pause Mark End 0.028ms
[87.673s][info][gc,phases   ] GC(26) Concurrent Mark Free 0.001ms
[87.702s][info][gc,phases   ] GC(26) Concurrent Process Non-Strong References 29.206ms
[87.702s][info][gc,phases   ] GC(26) Concurrent Reset Relocation Set 0.092ms
[87.727s][info][gc,phases   ] GC(26) Concurrent Select Relocation Set 24.969ms
[87.727s][info][gc,phases   ] GC(26) Pause Relocate Start 0.011ms
[87.759s][info][gc,phases   ] GC(26) Concurrent Relocate 31.762ms
[87.760s][info][gc,load     ] GC(26) Load: 0.00/0.00/0.00
[87.760s][info][gc,mmu      ] GC(26) MMU: 2ms/98.3%, 5ms/99.3%, 10ms/99.6%, 20ms/99.8%, 50ms/99.9%, 100ms/99.9%
[87.760s][info][gc,marking  ] GC(26) Mark: 1 stripe(s), 2 proactive flush(es), 1 terminate flush(es), 0 completion(s), 0 continuation(s) 
[87.760s][info][gc,marking  ] GC(26) Mark Stack Usage: 32M
[87.760s][info][gc,nmethod  ] GC(26) NMethods: 9782 registered, 1205 unregistered
[87.760s][info][gc,metaspace] GC(26) Metaspace: 72M used, 73M committed, 1088M reserved
[87.760s][info][gc,ref      ] GC(26) Soft: 3829 encountered, 0 discovered, 0 enqueued
[87.760s][info][gc,ref      ] GC(26) Weak: 11024 encountered, 1929 discovered, 130 enqueued
[87.760s][info][gc,ref      ] GC(26) Final: 289 encountered, 96 discovered, 0 enqueued
[87.760s][info][gc,ref      ] GC(26) Phantom: 424 encountered, 327 discovered, 0 enqueued
[87.760s][info][gc,reloc    ] GC(26) Small Pages: 11215 / 22430M, Empty: 21306M, Relocated: 6M, In-Place: 0
[87.760s][info][gc,reloc    ] GC(26) Medium Pages: 0 / 0M, Empty: 0M, Relocated: 0M, In-Place: 0
[87.760s][info][gc,reloc    ] GC(26) Large Pages: 0 / 0M, Empty: 0M, Relocated: 0M, In-Place: 0
[87.760s][info][gc,reloc    ] GC(26) Forwarding Usage: 2M
[87.760s][info][gc,heap     ] GC(26) Min Capacity: 8M(0%)
[87.760s][info][gc,heap     ] GC(26) Max Capacity: 30718M(100%)
[87.760s][info][gc,heap     ] GC(26) Soft Max Capacity: 30718M(100%)
[87.760s][info][gc,heap     ] GC(26)                Mark Start          Mark End        Relocate Start      Relocate End           High               Low         
[87.760s][info][gc,heap     ] GC(26)  Capacity:    26728M (87%)       26728M (87%)       26728M (87%)       26728M (87%)       26728M (87%)       26728M (87%)    
[87.760s][info][gc,heap     ] GC(26)      Free:     8288M (27%)        7626M (25%)       28800M (94%)       29708M (97%)       29738M (97%)        7564M (25%)    
[87.760s][info][gc,heap     ] GC(26)      Used:    22430M (73%)       23092M (75%)        1918M (6%)         1010M (3%)        23154M (75%)         980M (3%)     
[87.760s][info][gc,heap     ] GC(26)      Live:         -                52M (0%)           52M (0%)           52M (0%)             -                  -          
[87.760s][info][gc,heap     ] GC(26) Allocated:         -               662M (2%)          794M (3%)          946M (3%)             -                  -          
[87.760s][info][gc,heap     ] GC(26)   Garbage:         -             22377M (73%)        1071M (3%)           11M (0%)             -                  -          
[87.760s][info][gc,heap     ] GC(26) Reclaimed:         -                  -             21306M (69%)       22366M (73%)            -                  -          
[87.760s][info][gc          ] GC(26) Garbage Collection (Allocation Rate) 22430M(73%)->1010M(3%)
[89.534s][info][gc,start    ] GC(27) Garbage Collection (Allocation Rate)
[89.534s][info][gc,task     ] GC(27) Using 6 workers
[89.534s][info][gc,phases   ] GC(27) Pause Mark Start 0.010ms
[89.564s][info][gc,phases   ] GC(27) Concurrent Mark 30.034ms
[89.564s][info][gc,phases   ] GC(27) Pause Mark End 0.027ms
[89.564s][info][gc,phases   ] GC(27) Concurrent Mark Free 0.000ms
[89.584s][info][gc,phases   ] GC(27) Concurrent Process Non-Strong References 20.214ms
[89.585s][info][gc,phases   ] GC(27) Concurrent Reset Relocation Set 0.070ms
[89.588s][info][gc,phases   ] GC(27) Concurrent Select Relocation Set 3.318ms
[89.588s][info][gc,phases   ] GC(27) Pause Relocate Start 0.010ms
[89.591s][info][gc,phases   ] GC(27) Concurrent Relocate 3.095ms
[89.591s][info][gc,load     ] GC(27) Load: 0.00/0.00/0.00
[89.591s][info][gc,mmu      ] GC(27) MMU: 2ms/98.3%, 5ms/99.3%, 10ms/99.6%, 20ms/99.8%, 50ms/99.9%, 100ms/99.9%
[89.591s][info][gc,marking  ] GC(27) Mark: 4 stripe(s), 2 proactive flush(es), 1 terminate flush(es), 0 completion(s), 0 continuation(s) 
[89.591s][info][gc,marking  ] GC(27) Mark Stack Usage: 32M
[89.591s][info][gc,nmethod  ] GC(27) NMethods: 5874 registered, 5169 unregistered
[89.591s][info][gc,metaspace] GC(27) Metaspace: 72M used, 73M committed, 1088M reserved
[89.591s][info][gc,ref      ] GC(27) Soft: 3829 encountered, 0 discovered, 0 enqueued
[89.591s][info][gc,ref      ] GC(27) Weak: 9901 encountered, 1576 discovered, 242 enqueued
[89.591s][info][gc,ref      ] GC(27) Final: 289 encountered, 47 discovered, 0 enqueued
[89.591s][info][gc,ref      ] GC(27) Phantom: 424 encountered, 277 discovered, 0 enqueued
[89.591s][info][gc,reloc    ] GC(27) Small Pages: 3936 / 7872M, Empty: 6748M, Relocated: 6M, In-Place: 0
[89.591s][info][gc,reloc    ] GC(27) Medium Pages: 0 / 0M, Empty: 0M, Relocated: 0M, In-Place: 0
[89.591s][info][gc,reloc    ] GC(27) Large Pages: 0 / 0M, Empty: 0M, Relocated: 0M, In-Place: 0
[89.591s][info][gc,reloc    ] GC(27) Forwarding Usage: 2M
[89.591s][info][gc,heap     ] GC(27) Min Capacity: 8M(0%)
[89.591s][info][gc,heap     ] GC(27) Max Capacity: 30718M(100%)
[89.591s][info][gc,heap     ] GC(27) Soft Max Capacity: 30718M(100%)
[89.591s][info][gc,heap     ] GC(27)                Mark Start          Mark End        Relocate Start      Relocate End           High               Low         
[89.591s][info][gc,heap     ] GC(27)  Capacity:    26728M (87%)       26728M (87%)       26728M (87%)       26728M (87%)       26728M (87%)       26728M (87%)    
[89.591s][info][gc,heap     ] GC(27)      Free:    22846M (74%)       22776M (74%)       29476M (96%)       30530M (99%)       30530M (99%)       22730M (74%)    
[89.591s][info][gc,heap     ] GC(27)      Used:     7872M (26%)        7942M (26%)        1242M (4%)          188M (1%)         7988M (26%)         188M (1%)     
[89.591s][info][gc,heap     ] GC(27)      Live:         -                49M (0%)           49M (0%)           49M (0%)             -                  -          
[89.592s][info][gc,heap     ] GC(27) Allocated:         -                70M (0%)          118M (0%)          123M (0%)             -                  -          
[89.592s][info][gc,heap     ] GC(27)   Garbage:         -              7822M (25%)        1074M (3%)           14M (0%)             -                  -          
[89.592s][info][gc,heap     ] GC(27) Reclaimed:         -                  -              6748M (22%)        7807M (25%)            -                  -          
[89.592s][info][gc          ] GC(27) Garbage Collection (Allocation Rate) 7872M(26%)->188M(1%)
[90.120s][info][gc,stats    ] === Garbage Collection Statistics =======================================================================================================================
[90.120s][info][gc,stats    ]                                                              Last 10s              Last 10m              Last 10h                Total
[90.120s][info][gc,stats    ]                                                              Avg / Max             Avg / Max             Avg / Max             Avg / Max
[90.120s][info][gc,stats    ]   Collector: Garbage Collection Cycle                    178.381 / 438.958     206.472 / 836.636     206.472 / 836.636     206.472 / 836.636     ms
[90.120s][info][gc,stats    ]  Contention: Mark Segment Reset Contention                     1 / 12                2 / 32                2 / 32                2 / 32          ops/s
[90.120s][info][gc,stats    ]  Contention: Mark SeqNum Reset Contention                      0 / 1                 0 / 4                 0 / 4                 0 / 4           ops/s
[90.120s][info][gc,stats    ]    Critical: Allocation Stall                                  0 / 0                 0 / 0                 0 / 0                 0 / 0           ops/s
[90.120s][info][gc,stats    ]    Critical: Allocation Stall                              0.000 / 0.000         0.000 / 0.000         0.000 / 0.000         0.000 / 0.000       ms
[90.120s][info][gc,stats    ]    Critical: GC Locker Stall                                   0 / 0                 0 / 0                 0 / 0                 0 / 0           ops/s
[90.120s][info][gc,stats    ]    Critical: GC Locker Stall                               0.000 / 0.000         0.000 / 0.000         0.000 / 0.000         0.000 / 0.000       ms
[90.120s][info][gc,stats    ]    Critical: Relocation Stall                                  0 / 0                 0 / 0                 0 / 0                 0 / 0           ops/s
[90.120s][info][gc,stats    ]    Critical: Relocation Stall                              0.000 / 0.000         0.000 / 0.000         0.000 / 0.000         0.000 / 0.000       ms
[90.120s][info][gc,stats    ]      Memory: Allocation Rate                                4025 / 5092           3346 / 5122           3346 / 5122           3346 / 5122        MB/s
[90.120s][info][gc,stats    ]      Memory: Defragment                                        0 / 0                 0 / 0                 0 / 0                 0 / 0           ops/s
[90.120s][info][gc,stats    ]      Memory: Out Of Memory                                     0 / 0                 0 / 0                 0 / 0                 0 / 0           ops/s
[90.120s][info][gc,stats    ]      Memory: Page Cache Flush                                  0 / 0                 0 / 0                 0 / 0                 0 / 0           MB/s
[90.120s][info][gc,stats    ]      Memory: Page Cache Hit L1                              2014 / 2546           1527 / 2561           1527 / 2561           1527 / 2561        ops/s
[90.120s][info][gc,stats    ]      Memory: Page Cache Hit L2                                 0 / 0                 0 / 0                 0 / 0                 0 / 0           ops/s
[90.120s][info][gc,stats    ]      Memory: Page Cache Hit L3                                 0 / 0                11 / 469              11 / 469              11 / 469         ops/s
[90.120s][info][gc,stats    ]      Memory: Page Cache Miss                                   0 / 0               137 / 1055            137 / 1055            137 / 1055        ops/s
[90.120s][info][gc,stats    ]      Memory: Uncommit                                          0 / 0                 0 / 0                 0 / 0                 0 / 0           MB/s
[90.120s][info][gc,stats    ]      Memory: Undo Object Allocation Failed                     0 / 0                 0 / 4                 0 / 4                 0 / 4           ops/s
[90.120s][info][gc,stats    ]      Memory: Undo Object Allocation Succeeded                 27 / 140              25 / 362              25 / 362              25 / 362         ops/s
[90.120s][info][gc,stats    ]      Memory: Undo Page Allocation                              2 / 5                73 / 518              73 / 518              73 / 518         ops/s
[90.120s][info][gc,stats    ]       Phase: Concurrent Mark                             136.122 / 349.254     148.583 / 659.654     148.583 / 659.654     148.583 / 659.654     ms
[90.120s][info][gc,stats    ]       Phase: Concurrent Mark Continue                      0.000 / 0.000         0.000 / 0.000         0.000 / 0.000         0.000 / 0.000       ms
[90.120s][info][gc,stats    ]       Phase: Concurrent Mark Free                          0.001 / 0.001         0.001 / 0.003         0.001 / 0.003         0.001 / 0.003       ms
[90.120s][info][gc,stats    ]       Phase: Concurrent Process Non-Strong References     17.166 / 29.206       18.807 / 152.153      18.807 / 152.153      18.807 / 152.153     ms
[90.120s][info][gc,stats    ]       Phase: Concurrent Relocate                          12.430 / 31.762       10.061 / 42.536       10.061 / 42.536       10.061 / 42.536      ms
[90.120s][info][gc,stats    ]       Phase: Concurrent Reset Relocation Set               0.075 / 0.092         0.057 / 0.100         0.057 / 0.100         0.057 / 0.100       ms
[90.120s][info][gc,stats    ]       Phase: Concurrent Select Relocation Set             10.728 / 24.969       20.137 / 103.849      20.137 / 103.849      20.137 / 103.849     ms
[90.120s][info][gc,stats    ]       Phase: Pause Mark End                                0.024 / 0.028         0.025 / 0.034         0.025 / 0.034         0.025 / 0.034       ms
[90.120s][info][gc,stats    ]       Phase: Pause Mark Start                              0.013 / 0.017         0.014 / 0.019         0.014 / 0.019         0.014 / 0.019       ms
[90.120s][info][gc,stats    ]       Phase: Pause Relocate Start                          0.009 / 0.011         0.010 / 0.013         0.010 / 0.013         0.010 / 0.013       ms
[90.120s][info][gc,stats    ]    Subphase: Concurrent Classes Purge                      5.306 / 15.749        4.348 / 67.200        4.348 / 67.200        4.348 / 67.200      ms
[90.120s][info][gc,stats    ]    Subphase: Concurrent Classes Unlink                    10.195 / 25.085        9.010 / 45.692        9.010 / 45.692        9.010 / 45.692      ms
[90.120s][info][gc,stats    ]    Subphase: Concurrent Mark                              37.269 / 326.058      84.917 / 604.023      84.917 / 604.023      84.917 / 604.023     ms
[90.120s][info][gc,stats    ]    Subphase: Concurrent Mark Try Flush                     0.216 / 0.667         7.686 / 58.692        7.686 / 58.692        7.686 / 58.692      ms
[90.120s][info][gc,stats    ]    Subphase: Concurrent Mark Try Terminate                 1.625 / 8.430         2.132 / 47.884        2.132 / 47.884        2.132 / 47.884      ms
[90.120s][info][gc,stats    ]    Subphase: Concurrent References Enqueue                 0.004 / 0.006         0.004 / 0.007         0.004 / 0.007         0.004 / 0.007       ms
[90.120s][info][gc,stats    ]    Subphase: Concurrent References Process                 0.238 / 0.563         0.260 / 1.267         0.260 / 1.267         0.260 / 1.267       ms
[90.120s][info][gc,stats    ]    Subphase: Concurrent Roots ClassLoaderDataGraph         0.126 / 0.835         0.146 / 1.759         0.146 / 1.759         0.146 / 1.759       ms
[90.120s][info][gc,stats    ]    Subphase: Concurrent Roots CodeCache                    0.000 / 0.000         0.000 / 0.000         0.000 / 0.000         0.000 / 0.000       ms
[90.120s][info][gc,stats    ]    Subphase: Concurrent Roots JavaThreads                  7.639 / 21.177       11.642 / 52.976       11.642 / 52.976       11.642 / 52.976      ms
[90.120s][info][gc,stats    ]    Subphase: Concurrent Roots OopStorageSet                0.087 / 0.861         0.142 / 1.612         0.142 / 1.612         0.142 / 1.612       ms
[90.120s][info][gc,stats    ]    Subphase: Concurrent Weak Roots OopStorageSet           0.361 / 2.884         0.349 / 4.398         0.349 / 4.398         0.349 / 4.398       ms
[90.120s][info][gc,stats    ]    Subphase: Pause Mark Try Complete                       0.000 / 0.000         0.000 / 0.000         0.000 / 0.000         0.000 / 0.000       ms
[90.120s][info][gc,stats    ]      System: Java Threads                                    218 / 232             183 / 232             183 / 232             183 / 232         threads
[90.120s][info][gc,stats    ] =========================================================================================================================================================
[90.510s][info][gc,start    ] GC(28) Garbage Collection (System.gc())
[90.510s][info][gc,task     ] GC(28) Using 12 workers
[90.510s][info][gc,phases   ] GC(28) Pause Mark Start 0.017ms
[90.537s][info][gc,phases   ] GC(28) Concurrent Mark 26.943ms
[90.538s][info][gc,phases   ] GC(28) Pause Mark End 0.026ms
[90.538s][info][gc,phases   ] GC(28) Concurrent Mark Free 0.001ms
[90.539s][info][gc,phases   ] GC(28) Concurrent Process Non-Strong References 1.634ms
[90.539s][info][gc,phases   ] GC(28) Concurrent Reset Relocation Set 0.053ms
[90.545s][info][gc,phases   ] GC(28) Concurrent Select Relocation Set 5.485ms
[90.545s][info][gc,phases   ] GC(28) Pause Relocate Start 0.007ms
[90.548s][info][gc,phases   ] GC(28) Concurrent Relocate 3.015ms
[90.548s][info][gc,load     ] GC(28) Load: 0.00/0.00/0.00
[90.548s][info][gc,mmu      ] GC(28) MMU: 2ms/98.3%, 5ms/99.3%, 10ms/99.6%, 20ms/99.8%, 50ms/99.9%, 100ms/99.9%
[90.548s][info][gc,marking  ] GC(28) Mark: 8 stripe(s), 2 proactive flush(es), 1 terminate flush(es), 0 completion(s), 0 continuation(s) 
[90.548s][info][gc,marking  ] GC(28) Mark Stack Usage: 32M
[90.548s][info][gc,nmethod  ] GC(28) NMethods: 5883 registered, 5169 unregistered
[90.548s][info][gc,metaspace] GC(28) Metaspace: 72M used, 73M committed, 1088M reserved
[90.548s][info][gc,ref      ] GC(28) Soft: 3829 encountered, 0 discovered, 0 enqueued
[90.548s][info][gc,ref      ] GC(28) Weak: 9657 encountered, 1263 discovered, 49 enqueued
[90.548s][info][gc,ref      ] GC(28) Final: 289 encountered, 4 discovered, 0 enqueued
[90.548s][info][gc,ref      ] GC(28) Phantom: 424 encountered, 298 discovered, 0 enqueued
[90.548s][info][gc,reloc    ] GC(28) Small Pages: 951 / 1902M, Empty: 1656M, Relocated: 6M, In-Place: 0
[90.548s][info][gc,reloc    ] GC(28) Medium Pages: 0 / 0M, Empty: 0M, Relocated: 0M, In-Place: 0
[90.548s][info][gc,reloc    ] GC(28) Large Pages: 0 / 0M, Empty: 0M, Relocated: 0M, In-Place: 0
[90.548s][info][gc,reloc    ] GC(28) Forwarding Usage: 2M
[90.548s][info][gc,heap     ] GC(28) Min Capacity: 8M(0%)
[90.549s][info][gc,heap     ] GC(28) Max Capacity: 30718M(100%)
[90.549s][info][gc,heap     ] GC(28) Soft Max Capacity: 30718M(100%)
[90.549s][info][gc,heap     ] GC(28)                Mark Start          Mark End        Relocate Start      Relocate End           High               Low         
[90.549s][info][gc,heap     ] GC(28)  Capacity:    26728M (87%)       26728M (87%)       26728M (87%)       26728M (87%)       26728M (87%)       26728M (87%)    
[90.549s][info][gc,heap     ] GC(28)      Free:    28816M (94%)       28768M (94%)       30424M (99%)       30594M (100%)      30594M (100%)      28768M (94%)    
[90.549s][info][gc,heap     ] GC(28)      Used:     1902M (6%)         1950M (6%)          294M (1%)          124M (0%)         1950M (6%)          124M (0%)     
[90.549s][info][gc,heap     ] GC(28)      Live:         -                49M (0%)           49M (0%)           49M (0%)             -                  -          
[90.549s][info][gc,heap     ] GC(28) Allocated:         -                48M (0%)           48M (0%)           48M (0%)             -                  -          
[90.549s][info][gc,heap     ] GC(28)   Garbage:         -              1852M (6%)          196M (1%)           26M (0%)             -                  -          
[90.549s][info][gc,heap     ] GC(28) Reclaimed:         -                  -              1656M (5%)         1826M (6%)             -                  -          
[90.549s][info][gc          ] GC(28) Garbage Collection (System.gc()) 1902M(6%)->124M(0%)
[94.920s][info][gc,start    ] GC(29) Garbage Collection (Proactive)
[94.920s][info][gc,task     ] GC(29) Using 12 workers
[94.921s][info][gc,phases   ] GC(29) Pause Mark Start 0.011ms
[94.990s][info][gc,phases   ] GC(29) Concurrent Mark 68.911ms
[94.990s][info][gc,phases   ] GC(29) Pause Mark End 0.027ms
[94.991s][info][gc,phases   ] GC(29) Concurrent Mark Free 0.001ms
[94.994s][info][gc,phases   ] GC(29) Concurrent Process Non-Strong References 3.088ms
[94.994s][info][gc,phases   ] GC(29) Concurrent Reset Relocation Set 0.019ms
[95.014s][info][gc,phases   ] GC(29) Concurrent Select Relocation Set 20.338ms
[95.015s][info][gc,phases   ] GC(29) Pause Relocate Start 0.012ms
[95.021s][info][gc,phases   ] GC(29) Concurrent Relocate 5.611ms
[95.021s][info][gc,load     ] GC(29) Load: 0.00/0.00/0.00
[95.021s][info][gc,mmu      ] GC(29) MMU: 2ms/98.3%, 5ms/99.3%, 10ms/99.6%, 20ms/99.8%, 50ms/99.9%, 100ms/99.9%
[95.021s][info][gc,marking  ] GC(29) Mark: 8 stripe(s), 5 proactive flush(es), 1 terminate flush(es), 0 completion(s), 0 continuation(s) 
[95.021s][info][gc,marking  ] GC(29) Mark Stack Usage: 32M
[95.021s][info][gc,nmethod  ] GC(29) NMethods: 6016 registered, 5195 unregistered
[95.021s][info][gc,metaspace] GC(29) Metaspace: 72M used, 73M committed, 1088M reserved
[95.021s][info][gc,ref      ] GC(29) Soft: 3829 encountered, 0 discovered, 0 enqueued
[95.021s][info][gc,ref      ] GC(29) Weak: 11045 encountered, 1256 discovered, 145 enqueued
[95.021s][info][gc,ref      ] GC(29) Final: 289 encountered, 11 discovered, 0 enqueued
[95.021s][info][gc,ref      ] GC(29) Phantom: 430 encountered, 185 discovered, 6 enqueued
[95.021s][info][gc,reloc    ] GC(29) Small Pages: 11043 / 22086M, Empty: 20866M, Relocated: 6M, In-Place: 0
[95.021s][info][gc,reloc    ] GC(29) Medium Pages: 0 / 0M, Empty: 0M, Relocated: 0M, In-Place: 0
[95.021s][info][gc,reloc    ] GC(29) Large Pages: 0 / 0M, Empty: 0M, Relocated: 0M, In-Place: 0
[95.021s][info][gc,reloc    ] GC(29) Forwarding Usage: 3M
[95.021s][info][gc,heap     ] GC(29) Min Capacity: 8M(0%)
[95.021s][info][gc,heap     ] GC(29) Max Capacity: 30718M(100%)
[95.021s][info][gc,heap     ] GC(29) Soft Max Capacity: 30718M(100%)
[95.021s][info][gc,heap     ] GC(29)                Mark Start          Mark End        Relocate Start      Relocate End           High               Low         
[95.021s][info][gc,heap     ] GC(29)  Capacity:    26728M (87%)       26728M (87%)       26728M (87%)       26728M (87%)       26728M (87%)       26728M (87%)    
[95.021s][info][gc,heap     ] GC(29)      Free:     8632M (28%)        8488M (28%)       29288M (95%)       30404M (99%)       30410M (99%)        8476M (28%)    
[95.021s][info][gc,heap     ] GC(29)      Used:    22086M (72%)       22230M (72%)        1430M (5%)          314M (1%)        22242M (72%)         308M (1%)     
[95.021s][info][gc,heap     ] GC(29)      Live:         -                52M (0%)           52M (0%)           52M (0%)             -                  -          
[95.021s][info][gc,heap     ] GC(29) Allocated:         -               144M (0%)          210M (1%)          232M (1%)             -                  -          
[95.021s][info][gc,heap     ] GC(29)   Garbage:         -             22033M (72%)        1167M (4%)           29M (0%)             -                  -          
[95.021s][info][gc,heap     ] GC(29) Reclaimed:         -                  -             20866M (68%)       22004M (72%)            -                  -          
[95.021s][info][gc          ] GC(29) Garbage Collection (Proactive) 22086M(72%)->314M(1%)
[97.901s][info][gc,start    ] GC(30) Garbage Collection (System.gc())
[97.901s][info][gc,task     ] GC(30) Using 12 workers
[97.901s][info][gc,phases   ] GC(30) Pause Mark Start 0.015ms
[97.935s][info][gc,phases   ] GC(30) Concurrent Mark 33.139ms
[97.935s][info][gc,phases   ] GC(30) Pause Mark End 0.026ms
[97.935s][info][gc,phases   ] GC(30) Concurrent Mark Free 0.001ms
[97.938s][info][gc,phases   ] GC(30) Concurrent Process Non-Strong References 2.932ms
[97.938s][info][gc,phases   ] GC(30) Concurrent Reset Relocation Set 0.081ms
[97.943s][info][gc,phases   ] GC(30) Concurrent Select Relocation Set 4.741ms
[97.943s][info][gc,phases   ] GC(30) Pause Relocate Start 0.007ms
[97.944s][info][gc,phases   ] GC(30) Concurrent Relocate 1.474ms
[97.944s][info][gc,load     ] GC(30) Load: 0.00/0.00/0.00
[97.944s][info][gc,mmu      ] GC(30) MMU: 2ms/98.3%, 5ms/99.3%, 10ms/99.6%, 20ms/99.8%, 50ms/99.9%, 100ms/99.9%
[97.944s][info][gc,marking  ] GC(30) Mark: 8 stripe(s), 4 proactive flush(es), 1 terminate flush(es), 0 completion(s), 0 continuation(s) 
[97.944s][info][gc,marking  ] GC(30) Mark Stack Usage: 32M
[97.944s][info][gc,nmethod  ] GC(30) NMethods: 5994 registered, 5322 unregistered
[97.944s][info][gc,metaspace] GC(30) Metaspace: 73M used, 73M committed, 1088M reserved
[97.944s][info][gc,ref      ] GC(30) Soft: 3829 encountered, 0 discovered, 0 enqueued
[97.944s][info][gc,ref      ] GC(30) Weak: 9995 encountered, 1195 discovered, 298 enqueued
[97.945s][info][gc,ref      ] GC(30) Final: 289 encountered, 9 discovered, 0 enqueued
[97.945s][info][gc,ref      ] GC(30) Phantom: 424 encountered, 250 discovered, 0 enqueued
[97.945s][info][gc,reloc    ] GC(30) Small Pages: 5019 / 10038M, Empty: 8924M, Relocated: 3M, In-Place: 0
[97.945s][info][gc,reloc    ] GC(30) Medium Pages: 0 / 0M, Empty: 0M, Relocated: 0M, In-Place: 0
[97.945s][info][gc,reloc    ] GC(30) Large Pages: 0 / 0M, Empty: 0M, Relocated: 0M, In-Place: 0
[97.945s][info][gc,reloc    ] GC(30) Forwarding Usage: 1M
[97.945s][info][gc,heap     ] GC(30) Min Capacity: 8M(0%)
[97.945s][info][gc,heap     ] GC(30) Max Capacity: 30718M(100%)
[97.945s][info][gc,heap     ] GC(30) Soft Max Capacity: 30718M(100%)
[97.945s][info][gc,heap     ] GC(30)                Mark Start          Mark End        Relocate Start      Relocate End           High               Low         
[97.945s][info][gc,heap     ] GC(30)  Capacity:    26728M (87%)       26728M (87%)       26728M (87%)       26728M (87%)       26728M (87%)       26728M (87%)    
[97.945s][info][gc,heap     ] GC(30)      Free:    20680M (67%)       20632M (67%)       29556M (96%)       30588M (100%)      30588M (100%)      20632M (67%)    
[97.945s][info][gc,heap     ] GC(30)      Used:    10038M (33%)       10086M (33%)        1162M (4%)          130M (0%)        10086M (33%)         130M (0%)     
[97.945s][info][gc,heap     ] GC(30)      Live:         -                49M (0%)           49M (0%)           49M (0%)             -                  -          
[97.945s][info][gc,heap     ] GC(30) Allocated:         -                48M (0%)           48M (0%)           48M (0%)             -                  -          
[97.945s][info][gc,heap     ] GC(30)   Garbage:         -              9988M (33%)        1064M (3%)           32M (0%)             -                  -          
[97.945s][info][gc,heap     ] GC(30) Reclaimed:         -                  -              8924M (29%)        9956M (32%)            -                  -          
[97.945s][info][gc          ] GC(30) Garbage Collection (System.gc()) 10038M(33%)->130M(0%)
[100.120s][info][gc,stats    ] === Garbage Collection Statistics =======================================================================================================================
[100.120s][info][gc,stats    ]                                                              Last 10s              Last 10m              Last 10h                Total
[100.120s][info][gc,stats    ]                                                              Avg / Max             Avg / Max             Avg / Max             Avg / Max
[100.120s][info][gc,stats    ]   Collector: Garbage Collection Cycle                     60.693 / 100.439     192.365 / 836.636     192.365 / 836.636     192.365 / 836.636     ms
[100.120s][info][gc,stats    ]  Contention: Mark Segment Reset Contention                     4 / 15                3 / 32                3 / 32                3 / 32          ops/s
[100.120s][info][gc,stats    ]  Contention: Mark SeqNum Reset Contention                      0 / 2                 0 / 4                 0 / 4                 0 / 4           ops/s
[100.120s][info][gc,stats    ]    Critical: Allocation Stall                                  0 / 0                 0 / 0                 0 / 0                 0 / 0           ops/s
[100.120s][info][gc,stats    ]    Critical: Allocation Stall                              0.000 / 0.000         0.000 / 0.000         0.000 / 0.000         0.000 / 0.000       ms
[100.120s][info][gc,stats    ]    Critical: GC Locker Stall                                   0 / 0                 0 / 0                 0 / 0                 0 / 0           ops/s
[100.120s][info][gc,stats    ]    Critical: GC Locker Stall                               0.000 / 0.000         0.000 / 0.000         0.000 / 0.000         0.000 / 0.000       ms
[100.120s][info][gc,stats    ]    Critical: Relocation Stall                                  0 / 0                 0 / 0                 0 / 0                 0 / 0           ops/s
[100.120s][info][gc,stats    ]    Critical: Relocation Stall                              0.000 / 0.000         0.000 / 0.000         0.000 / 0.000         0.000 / 0.000       ms
[100.120s][info][gc,stats    ]      Memory: Allocation Rate                                4358 / 5068           3448 / 5122           3448 / 5122           3448 / 5122        MB/s
[100.120s][info][gc,stats    ]      Memory: Defragment                                        0 / 0                 0 / 0                 0 / 0                 0 / 0           ops/s
[100.120s][info][gc,stats    ]      Memory: Out Of Memory                                     0 / 0                 0 / 0                 0 / 0                 0 / 0           ops/s
[100.120s][info][gc,stats    ]      Memory: Page Cache Flush                                  0 / 0                 0 / 0                 0 / 0                 0 / 0           MB/s
[100.120s][info][gc,stats    ]      Memory: Page Cache Hit L1                              2182 / 2534           1593 / 2561           1593 / 2561           1593 / 2561        ops/s
[100.120s][info][gc,stats    ]      Memory: Page Cache Hit L2                                 0 / 0                 0 / 0                 0 / 0                 0 / 0           ops/s
[100.120s][info][gc,stats    ]      Memory: Page Cache Hit L3                                 0 / 0                10 / 469              10 / 469              10 / 469         ops/s
[100.120s][info][gc,stats    ]      Memory: Page Cache Miss                                   0 / 0               123 / 1055            123 / 1055            123 / 1055        ops/s
[100.120s][info][gc,stats    ]      Memory: Uncommit                                          0 / 0                 0 / 0                 0 / 0                 0 / 0           MB/s
[100.120s][info][gc,stats    ]      Memory: Undo Object Allocation Failed                     0 / 0                 0 / 4                 0 / 4                 0 / 4           ops/s
[100.120s][info][gc,stats    ]      Memory: Undo Object Allocation Succeeded                 27 / 278              25 / 362              25 / 362              25 / 362         ops/s
[100.121s][info][gc,stats    ]      Memory: Undo Page Allocation                              1 / 5                65 / 518              65 / 518              65 / 518         ops/s
[100.121s][info][gc,stats    ]       Phase: Concurrent Mark                              42.998 / 68.911      138.365 / 659.654     138.365 / 659.654     138.365 / 659.654     ms
[100.121s][info][gc,stats    ]       Phase: Concurrent Mark Continue                      0.000 / 0.000         0.000 / 0.000         0.000 / 0.000         0.000 / 0.000       ms
[100.121s][info][gc,stats    ]       Phase: Concurrent Mark Free                          0.001 / 0.001         0.001 / 0.003         0.001 / 0.003         0.001 / 0.003       ms
[100.121s][info][gc,stats    ]       Phase: Concurrent Process Non-Strong References      2.551 / 3.088        17.234 / 152.153      17.234 / 152.153      17.234 / 152.153     ms
[100.121s][info][gc,stats    ]       Phase: Concurrent Relocate                           3.367 / 5.611         9.413 / 42.536        9.413 / 42.536        9.413 / 42.536      ms
[100.121s][info][gc,stats    ]       Phase: Concurrent Reset Relocation Set               0.051 / 0.081         0.056 / 0.100         0.056 / 0.100         0.056 / 0.100       ms
[100.121s][info][gc,stats    ]       Phase: Concurrent Select Relocation Set             10.188 / 20.338       19.174 / 103.849      19.174 / 103.849      19.174 / 103.849     ms
[100.121s][info][gc,stats    ]       Phase: Pause Mark End                                0.026 / 0.027         0.025 / 0.034         0.025 / 0.034         0.025 / 0.034       ms
[100.121s][info][gc,stats    ]       Phase: Pause Mark Start                              0.014 / 0.017         0.014 / 0.019         0.014 / 0.019         0.014 / 0.019       ms
[100.121s][info][gc,stats    ]       Phase: Pause Relocate Start                          0.009 / 0.012         0.010 / 0.013         0.010 / 0.013         0.010 / 0.013       ms
[100.121s][info][gc,stats    ]    Subphase: Concurrent Classes Purge                      0.492 / 1.052         3.975 / 67.200        3.975 / 67.200        3.975 / 67.200      ms
[100.121s][info][gc,stats    ]    Subphase: Concurrent Classes Unlink                     1.479 / 1.901         8.282 / 45.692        8.282 / 45.692        8.282 / 45.692      ms
[100.121s][info][gc,stats    ]    Subphase: Concurrent Mark                              30.607 / 49.212       77.729 / 604.023      77.729 / 604.023      77.729 / 604.023     ms
[100.121s][info][gc,stats    ]    Subphase: Concurrent Mark Try Flush                     0.371 / 2.145         6.879 / 58.692        6.879 / 58.692        6.879 / 58.692      ms
[100.121s][info][gc,stats    ]    Subphase: Concurrent Mark Try Terminate                 1.585 / 7.295         2.105 / 47.884        2.105 / 47.884        2.105 / 47.884      ms
[100.121s][info][gc,stats    ]    Subphase: Concurrent References Enqueue                 0.005 / 0.009         0.004 / 0.009         0.004 / 0.009         0.004 / 0.009       ms
[100.121s][info][gc,stats    ]    Subphase: Concurrent References Process                 0.102 / 0.121         0.245 / 1.267         0.245 / 1.267         0.245 / 1.267       ms
[100.121s][info][gc,stats    ]    Subphase: Concurrent Roots ClassLoaderDataGraph         0.087 / 0.755         0.137 / 1.759         0.137 / 1.759         0.137 / 1.759       ms
[100.121s][info][gc,stats    ]    Subphase: Concurrent Roots CodeCache                    0.000 / 0.000         0.000 / 0.000         0.000 / 0.000         0.000 / 0.000       ms
[100.121s][info][gc,stats    ]    Subphase: Concurrent Roots JavaThreads                 11.828 / 19.529       11.667 / 52.976       11.667 / 52.976       11.667 / 52.976      ms
[100.121s][info][gc,stats    ]    Subphase: Concurrent Roots OopStorageSet                0.059 / 0.268         0.131 / 1.612         0.131 / 1.612         0.131 / 1.612       ms
[100.121s][info][gc,stats    ]    Subphase: Concurrent Weak Roots OopStorageSet           0.235 / 0.319         0.334 / 4.398         0.334 / 4.398         0.334 / 4.398       ms
[100.121s][info][gc,stats    ]    Subphase: Pause Mark Try Complete                       0.000 / 0.000         0.000 / 0.000         0.000 / 0.000         0.000 / 0.000       ms
[100.121s][info][gc,stats    ]      System: Java Threads                                    237 / 241             189 / 241             189 / 241             189 / 241         threads
[100.121s][info][gc,stats    ] =========================================================================================================================================================
[102.720s][info][gc,start    ] GC(31) Garbage Collection (Allocation Rate)
[102.720s][info][gc,task     ] GC(31) Using 1 workers
[102.721s][info][gc,phases   ] GC(31) Pause Mark Start 0.011ms
[103.036s][info][gc,phases   ] GC(31) Concurrent Mark 314.147ms
[103.036s][info][gc,phases   ] GC(31) Pause Mark End 0.031ms
[103.036s][info][gc,phases   ] GC(31) Concurrent Mark Free 0.001ms
[103.056s][info][gc,phases   ] GC(31) Concurrent Process Non-Strong References 19.771ms
[103.056s][info][gc,phases   ] GC(31) Concurrent Reset Relocation Set 0.082ms
[103.082s][info][gc,phases   ] GC(31) Concurrent Select Relocation Set 25.370ms
[103.082s][info][gc,phases   ] GC(31) Pause Relocate Start 0.009ms
[103.117s][info][gc,phases   ] GC(31) Concurrent Relocate 35.039ms
[103.118s][info][gc,load     ] GC(31) Load: 0.00/0.00/0.00
[103.118s][info][gc,mmu      ] GC(31) MMU: 2ms/98.3%, 5ms/99.3%, 10ms/99.6%, 20ms/99.8%, 50ms/99.9%, 100ms/99.9%
[103.118s][info][gc,marking  ] GC(31) Mark: 1 stripe(s), 2 proactive flush(es), 1 terminate flush(es), 0 completion(s), 0 continuation(s) 
[103.118s][info][gc,marking  ] GC(31) Mark Stack Usage: 32M
[103.118s][info][gc,nmethod  ] GC(31) NMethods: 6070 registered, 5345 unregistered
[103.118s][info][gc,metaspace] GC(31) Metaspace: 73M used, 73M committed, 1088M reserved
[103.118s][info][gc,ref      ] GC(31) Soft: 3829 encountered, 0 discovered, 0 enqueued
[103.118s][info][gc,ref      ] GC(31) Weak: 11029 encountered, 1923 discovered, 137 enqueued
[103.118s][info][gc,ref      ] GC(31) Final: 289 encountered, 96 discovered, 0 enqueued
[103.118s][info][gc,ref      ] GC(31) Phantom: 426 encountered, 329 discovered, 2 enqueued
[103.118s][info][gc,reloc    ] GC(31) Small Pages: 12071 / 24142M, Empty: 22902M, Relocated: 6M, In-Place: 0
[103.118s][info][gc,reloc    ] GC(31) Medium Pages: 0 / 0M, Empty: 0M, Relocated: 0M, In-Place: 0
[103.118s][info][gc,reloc    ] GC(31) Large Pages: 0 / 0M, Empty: 0M, Relocated: 0M, In-Place: 0
[103.118s][info][gc,reloc    ] GC(31) Forwarding Usage: 3M
[103.118s][info][gc,heap     ] GC(31) Min Capacity: 8M(0%)
[103.118s][info][gc,heap     ] GC(31) Max Capacity: 30718M(100%)
[103.118s][info][gc,heap     ] GC(31) Soft Max Capacity: 30718M(100%)
[103.118s][info][gc,heap     ] GC(31)                Mark Start          Mark End        Relocate Start      Relocate End           High               Low         
[103.118s][info][gc,heap     ] GC(31)  Capacity:    26728M (87%)       26728M (87%)       26728M (87%)       26728M (87%)       26728M (87%)       26728M (87%)    
[103.118s][info][gc,heap     ] GC(31)      Free:     6576M (21%)        5592M (18%)       28386M (92%)       29394M (96%)       29424M (96%)        5552M (18%)    
[103.118s][info][gc,heap     ] GC(31)      Used:    24142M (79%)       25126M (82%)        2332M (8%)         1324M (4%)        25166M (82%)        1294M (4%)     
[103.118s][info][gc,heap     ] GC(31)      Live:         -                52M (0%)           52M (0%)           52M (0%)             -                  -          
[103.118s][info][gc,heap     ] GC(31) Allocated:         -               984M (3%)         1092M (4%)         1260M (4%)             -                  -          
[103.118s][info][gc,heap     ] GC(31)   Garbage:         -             24089M (78%)        1187M (4%)           11M (0%)             -                  -          
[103.118s][info][gc,heap     ] GC(31) Reclaimed:         -                  -             22902M (75%)       24078M (78%)            -                  -          
[103.118s][info][gc          ] GC(31) Garbage Collection (Allocation Rate) 24142M(79%)->1324M(4%)
[104.734s][info][gc,start    ] GC(32) Garbage Collection (Allocation Rate)
[104.734s][info][gc,task     ] GC(32) Using 6 workers
[104.734s][info][gc,phases   ] GC(32) Pause Mark Start 0.012ms
[104.760s][info][gc,phases   ] GC(32) Concurrent Mark 25.859ms
[104.760s][info][gc,phases   ] GC(32) Pause Mark End 0.024ms
[104.760s][info][gc,phases   ] GC(32) Concurrent Mark Free 0.001ms
[104.763s][info][gc,phases   ] GC(32) Concurrent Process Non-Strong References 2.869ms
[104.763s][info][gc,phases   ] GC(32) Concurrent Reset Relocation Set 0.067ms
[104.766s][info][gc,phases   ] GC(32) Concurrent Select Relocation Set 3.186ms
[104.766s][info][gc,phases   ] GC(32) Pause Relocate Start 0.009ms
[104.769s][info][gc,phases   ] GC(32) Concurrent Relocate 2.982ms
[104.770s][info][gc,load     ] GC(32) Load: 0.00/0.00/0.00
[104.770s][info][gc,mmu      ] GC(32) MMU: 2ms/98.3%, 5ms/99.3%, 10ms/99.6%, 20ms/99.8%, 50ms/99.9%, 100ms/99.9%
[104.770s][info][gc,marking  ] GC(32) Mark: 4 stripe(s), 3 proactive flush(es), 1 terminate flush(es), 0 completion(s), 0 continuation(s) 
[104.770s][info][gc,marking  ] GC(32) Mark Stack Usage: 32M
[104.770s][info][gc,nmethod  ] GC(32) NMethods: 6083 registered, 5348 unregistered
[104.770s][info][gc,metaspace] GC(32) Metaspace: 73M used, 73M committed, 1088M reserved
[104.770s][info][gc,ref      ] GC(32) Soft: 3829 encountered, 0 discovered, 0 enqueued
[104.770s][info][gc,ref      ] GC(32) Weak: 9906 encountered, 1710 discovered, 245 enqueued
[104.770s][info][gc,ref      ] GC(32) Final: 289 encountered, 19 discovered, 0 enqueued
[104.770s][info][gc,ref      ] GC(32) Phantom: 424 encountered, 286 discovered, 0 enqueued
[104.770s][info][gc,reloc    ] GC(32) Small Pages: 3285 / 6570M, Empty: 5534M, Relocated: 6M, In-Place: 0
[104.770s][info][gc,reloc    ] GC(32) Medium Pages: 0 / 0M, Empty: 0M, Relocated: 0M, In-Place: 0
[104.770s][info][gc,reloc    ] GC(32) Large Pages: 0 / 0M, Empty: 0M, Relocated: 0M, In-Place: 0
[104.770s][info][gc,reloc    ] GC(32) Forwarding Usage: 2M
[104.770s][info][gc,heap     ] GC(32) Min Capacity: 8M(0%)
[104.770s][info][gc,heap     ] GC(32) Max Capacity: 30718M(100%)
[104.770s][info][gc,heap     ] GC(32) Soft Max Capacity: 30718M(100%)
[104.770s][info][gc,heap     ] GC(32)                Mark Start          Mark End        Relocate Start      Relocate End           High               Low         
[104.770s][info][gc,heap     ] GC(32)  Capacity:    26728M (87%)       26728M (87%)       26728M (87%)       26728M (87%)       26728M (87%)       26728M (87%)    
[104.770s][info][gc,heap     ] GC(32)      Free:    24148M (79%)       24082M (78%)       29612M (96%)       30574M (100%)      30574M (100%)      24080M (78%)    
[104.770s][info][gc,heap     ] GC(32)      Used:     6570M (21%)        6636M (22%)        1106M (4%)          144M (0%)         6638M (22%)         144M (0%)     
[104.770s][info][gc,heap     ] GC(32)      Live:         -                49M (0%)           49M (0%)           49M (0%)             -                  -          
[104.770s][info][gc,heap     ] GC(32) Allocated:         -                66M (0%)           70M (0%)           79M (0%)             -                  -          
[104.770s][info][gc,heap     ] GC(32)   Garbage:         -              6520M (21%)         986M (3%)           14M (0%)             -                  -          
[104.770s][info][gc,heap     ] GC(32) Reclaimed:         -                  -              5534M (18%)        6505M (21%)            -                  -          
[104.770s][info][gc          ] GC(32) Garbage Collection (Allocation Rate) 6570M(21%)->144M(0%)
[105.508s][info][gc,start    ] GC(33) Garbage Collection (System.gc())
[105.508s][info][gc,task     ] GC(33) Using 12 workers
[105.509s][info][gc,phases   ] GC(33) Pause Mark Start 0.015ms
[105.536s][info][gc,phases   ] GC(33) Concurrent Mark 27.145ms
[105.536s][info][gc,phases   ] GC(33) Pause Mark End 0.024ms
[105.536s][info][gc,phases   ] GC(33) Concurrent Mark Free 0.001ms
[105.539s][info][gc,phases   ] GC(33) Concurrent Process Non-Strong References 2.950ms
[105.540s][info][gc,phases   ] GC(33) Concurrent Reset Relocation Set 0.058ms
[105.544s][info][gc,phases   ] GC(33) Concurrent Select Relocation Set 4.365ms
[105.544s][info][gc,phases   ] GC(33) Pause Relocate Start 0.008ms
[105.547s][info][gc,phases   ] GC(33) Concurrent Relocate 2.849ms
[105.547s][info][gc,load     ] GC(33) Load: 0.00/0.00/0.00
[105.547s][info][gc,mmu      ] GC(33) MMU: 2ms/98.3%, 5ms/99.3%, 10ms/99.6%, 20ms/99.8%, 50ms/99.9%, 100ms/99.9%
[105.547s][info][gc,marking  ] GC(33) Mark: 8 stripe(s), 3 proactive flush(es), 1 terminate flush(es), 0 completion(s), 0 continuation(s) 
[105.547s][info][gc,marking  ] GC(33) Mark Stack Usage: 32M
[105.547s][info][gc,nmethod  ] GC(33) NMethods: 5933 registered, 5534 unregistered
[105.547s][info][gc,metaspace] GC(33) Metaspace: 73M used, 73M committed, 1088M reserved
[105.547s][info][gc,ref      ] GC(33) Soft: 3829 encountered, 0 discovered, 0 enqueued
[105.547s][info][gc,ref      ] GC(33) Weak: 9830 encountered, 920 discovered, 49 enqueued
[105.547s][info][gc,ref      ] GC(33) Final: 289 encountered, 0 discovered, 0 enqueued
[105.547s][info][gc,ref      ] GC(33) Phantom: 424 encountered, 302 discovered, 0 enqueued
[105.547s][info][gc,reloc    ] GC(33) Small Pages: 741 / 1482M, Empty: 1238M, Relocated: 6M, In-Place: 0
[105.547s][info][gc,reloc    ] GC(33) Medium Pages: 0 / 0M, Empty: 0M, Relocated: 0M, In-Place: 0
[105.547s][info][gc,reloc    ] GC(33) Large Pages: 0 / 0M, Empty: 0M, Relocated: 0M, In-Place: 0
[105.547s][info][gc,reloc    ] GC(33) Forwarding Usage: 2M
[105.547s][info][gc,heap     ] GC(33) Min Capacity: 8M(0%)
[105.547s][info][gc,heap     ] GC(33) Max Capacity: 30718M(100%)
[105.547s][info][gc,heap     ] GC(33) Soft Max Capacity: 30718M(100%)
[105.547s][info][gc,heap     ] GC(33)                Mark Start          Mark End        Relocate Start      Relocate End           High               Low         
[105.547s][info][gc,heap     ] GC(33)  Capacity:    26728M (87%)       26728M (87%)       26728M (87%)       26728M (87%)       26728M (87%)       26728M (87%)    
[105.547s][info][gc,heap     ] GC(33)      Free:    29236M (95%)       29186M (95%)       30424M (99%)       30592M (100%)      30592M (100%)      29186M (95%)    
[105.547s][info][gc,heap     ] GC(33)      Used:     1482M (5%)         1532M (5%)          294M (1%)          126M (0%)         1532M (5%)          126M (0%)     
[105.547s][info][gc,heap     ] GC(33)      Live:         -                49M (0%)           49M (0%)           49M (0%)             -                  -          
[105.547s][info][gc,heap     ] GC(33) Allocated:         -                50M (0%)           50M (0%)           50M (0%)             -                  -          
[105.547s][info][gc,heap     ] GC(33)   Garbage:         -              1432M (5%)          194M (1%)           26M (0%)             -                  -          
[105.547s][info][gc,heap     ] GC(33) Reclaimed:         -                  -              1238M (4%)         1406M (5%)             -                  -          
[105.547s][info][gc          ] GC(33) Garbage Collection (System.gc()) 1482M(5%)->126M(0%)
[109.420s][info][gc,start    ] GC(34) Garbage Collection (Proactive)
[109.420s][info][gc,task     ] GC(34) Using 12 workers
[109.420s][info][gc,phases   ] GC(34) Pause Mark Start 0.015ms
[109.487s][info][gc,phases   ] GC(34) Concurrent Mark 65.648ms
[109.487s][info][gc,phases   ] GC(34) Pause Mark End 0.028ms
[109.487s][info][gc,phases   ] GC(34) Concurrent Mark Free 0.001ms
[109.490s][info][gc,phases   ] GC(34) Concurrent Process Non-Strong References 2.875ms
[109.490s][info][gc,phases   ] GC(34) Concurrent Reset Relocation Set 0.018ms
[109.513s][info][gc,phases   ] GC(34) Concurrent Select Relocation Set 23.012ms
[109.514s][info][gc,phases   ] GC(34) Pause Relocate Start 0.014ms
[109.522s][info][gc,phases   ] GC(34) Concurrent Relocate 7.398ms
[109.522s][info][gc,load     ] GC(34) Load: 0.00/0.00/0.00
[109.522s][info][gc,mmu      ] GC(34) MMU: 2ms/98.3%, 5ms/99.3%, 10ms/99.6%, 20ms/99.8%, 50ms/99.9%, 100ms/99.9%
[109.522s][info][gc,marking  ] GC(34) Mark: 8 stripe(s), 7 proactive flush(es), 1 terminate flush(es), 0 completion(s), 0 continuation(s) 
[109.522s][info][gc,marking  ] GC(34) Mark Stack Usage: 32M
[109.522s][info][gc,nmethod  ] GC(34) NMethods: 6037 registered, 26 unregistered
[109.522s][info][gc,metaspace] GC(34) Metaspace: 73M used, 73M committed, 1088M reserved
[109.522s][info][gc,ref      ] GC(34) Soft: 3829 encountered, 0 discovered, 0 enqueued
[109.522s][info][gc,ref      ] GC(34) Weak: 11048 encountered, 1606 discovered, 139 enqueued
[109.522s][info][gc,ref      ] GC(34) Final: 289 encountered, 9 discovered, 0 enqueued
[109.522s][info][gc,ref      ] GC(34) Phantom: 424 encountered, 189 discovered, 0 enqueued
[109.522s][info][gc,reloc    ] GC(34) Small Pages: 9833 / 19666M, Empty: 18562M, Relocated: 6M, In-Place: 0
[109.522s][info][gc,reloc    ] GC(34) Medium Pages: 0 / 0M, Empty: 0M, Relocated: 0M, In-Place: 0
[109.522s][info][gc,reloc    ] GC(34) Large Pages: 0 / 0M, Empty: 0M, Relocated: 0M, In-Place: 0
[109.522s][info][gc,reloc    ] GC(34) Forwarding Usage: 2M
[109.522s][info][gc,heap     ] GC(34) Min Capacity: 8M(0%)
[109.522s][info][gc,heap     ] GC(34) Max Capacity: 30718M(100%)
[109.522s][info][gc,heap     ] GC(34) Soft Max Capacity: 30718M(100%)
[109.522s][info][gc,heap     ] GC(34)                Mark Start          Mark End        Relocate Start      Relocate End           High               Low         
[109.522s][info][gc,heap     ] GC(34)  Capacity:    26728M (87%)       26728M (87%)       26728M (87%)       26728M (87%)       26728M (87%)       26728M (87%)    
[109.522s][info][gc,heap     ] GC(34)      Free:    11052M (36%)       10920M (36%)       29404M (96%)       30396M (99%)       30404M (99%)       10906M (36%)    
[109.522s][info][gc,heap     ] GC(34)      Used:    19666M (64%)       19798M (64%)        1314M (4%)          322M (1%)        19812M (64%)         314M (1%)     
[109.522s][info][gc,heap     ] GC(34)      Live:         -                52M (0%)           52M (0%)           52M (0%)             -                  -          
[109.522s][info][gc,heap     ] GC(34) Allocated:         -               132M (0%)          210M (1%)          240M (1%)             -                  -          
[109.522s][info][gc,heap     ] GC(34)   Garbage:         -             19613M (64%)        1051M (3%)           29M (0%)             -                  -          
[109.522s][info][gc,heap     ] GC(34) Reclaimed:         -                  -             18562M (60%)       19584M (64%)            -                  -          
[109.522s][info][gc          ] GC(34) Garbage Collection (Proactive) 19666M(64%)->322M(1%)
[110.120s][info][gc,stats    ] === Garbage Collection Statistics =======================================================================================================================
[110.120s][info][gc,stats    ]                                                              Last 10s              Last 10m              Last 10h                Total
[110.120s][info][gc,stats    ]                                                              Avg / Max             Avg / Max             Avg / Max             Avg / Max
[110.120s][info][gc,stats    ]   Collector: Garbage Collection Cycle                    143.400 / 397.280     186.769 / 836.636     186.769 / 836.636     186.769 / 836.636     ms
[110.120s][info][gc,stats    ]  Contention: Mark Segment Reset Contention                     2 / 13                2 / 32                2 / 32                2 / 32          ops/s
[110.120s][info][gc,stats    ]  Contention: Mark SeqNum Reset Contention                      0 / 2                 0 / 4                 0 / 4                 0 / 4           ops/s
[110.120s][info][gc,stats    ]    Critical: Allocation Stall                                  0 / 0                 0 / 0                 0 / 0                 0 / 0           ops/s
[110.120s][info][gc,stats    ]    Critical: Allocation Stall                              0.000 / 0.000         0.000 / 0.000         0.000 / 0.000         0.000 / 0.000       ms
[110.120s][info][gc,stats    ]    Critical: GC Locker Stall                                   0 / 0                 0 / 0                 0 / 0                 0 / 0           ops/s
[110.120s][info][gc,stats    ]    Critical: GC Locker Stall                               0.000 / 0.000         0.000 / 0.000         0.000 / 0.000         0.000 / 0.000       ms
[110.120s][info][gc,stats    ]    Critical: Relocation Stall                                  0 / 0                 0 / 0                 0 / 0                 0 / 0           ops/s
[110.120s][info][gc,stats    ]    Critical: Relocation Stall                              0.000 / 0.000         0.000 / 0.000         0.000 / 0.000         0.000 / 0.000       ms
[110.120s][info][gc,stats    ]      Memory: Allocation Rate                                4395 / 5096           3534 / 5122           3534 / 5122           3534 / 5122        MB/s
[110.120s][info][gc,stats    ]      Memory: Defragment                                        0 / 0                 0 / 0                 0 / 0                 0 / 0           ops/s
[110.120s][info][gc,stats    ]      Memory: Out Of Memory                                     0 / 0                 0 / 0                 0 / 0                 0 / 0           ops/s
[110.120s][info][gc,stats    ]      Memory: Page Cache Flush                                  0 / 0                 0 / 0                 0 / 0                 0 / 0           MB/s
[110.121s][info][gc,stats    ]      Memory: Page Cache Hit L1                              2201 / 2548           1648 / 2561           1648 / 2561           1648 / 2561        ops/s
[110.121s][info][gc,stats    ]      Memory: Page Cache Hit L2                                 0 / 0                 0 / 0                 0 / 0                 0 / 0           ops/s
[110.121s][info][gc,stats    ]      Memory: Page Cache Hit L3                                 0 / 0                 9 / 469               9 / 469               9 / 469         ops/s
[110.121s][info][gc,stats    ]      Memory: Page Cache Miss                                   0 / 0               112 / 1055            112 / 1055            112 / 1055        ops/s
[110.121s][info][gc,stats    ]      Memory: Uncommit                                          0 / 0                 0 / 0                 0 / 0                 0 / 0           MB/s
[110.121s][info][gc,stats    ]      Memory: Undo Object Allocation Failed                     0 / 1                 0 / 4                 0 / 4                 0 / 4           ops/s
[110.121s][info][gc,stats    ]      Memory: Undo Object Allocation Succeeded                 56 / 371              28 / 371              28 / 371              28 / 371         ops/s
[110.121s][info][gc,stats    ]      Memory: Undo Page Allocation                              1 / 3                60 / 518              60 / 518              60 / 518         ops/s
[110.121s][info][gc,stats    ]       Phase: Concurrent Mark                             108.200 / 314.147     134.917 / 659.654     134.917 / 659.654     134.917 / 659.654     ms
[110.121s][info][gc,stats    ]       Phase: Concurrent Mark Continue                      0.000 / 0.000         0.000 / 0.000         0.000 / 0.000         0.000 / 0.000       ms
[110.121s][info][gc,stats    ]       Phase: Concurrent Mark Free                          0.001 / 0.001         0.001 / 0.003         0.001 / 0.003         0.001 / 0.003       ms
[110.121s][info][gc,stats    ]       Phase: Concurrent Process Non-Strong References      7.116 / 19.771       16.078 / 152.153      16.078 / 152.153      16.078 / 152.153     ms
[110.121s][info][gc,stats    ]       Phase: Concurrent Relocate                          12.067 / 35.039        9.717 / 42.536        9.717 / 42.536        9.717 / 42.536      ms
[110.121s][info][gc,stats    ]       Phase: Concurrent Reset Relocation Set               0.056 / 0.082         0.056 / 0.100         0.056 / 0.100         0.056 / 0.100       ms
[110.121s][info][gc,stats    ]       Phase: Concurrent Select Relocation Set             13.983 / 25.370       18.581 / 103.849      18.581 / 103.849      18.581 / 103.849     ms
[110.121s][info][gc,stats    ]       Phase: Pause Mark End                                0.027 / 0.031         0.026 / 0.034         0.026 / 0.034         0.026 / 0.034       ms
[110.121s][info][gc,stats    ]       Phase: Pause Mark Start                              0.013 / 0.015         0.014 / 0.019         0.014 / 0.019         0.014 / 0.019       ms
[110.121s][info][gc,stats    ]       Phase: Pause Relocate Start                          0.010 / 0.014         0.010 / 0.014         0.010 / 0.014         0.010 / 0.014       ms
[110.121s][info][gc,stats    ]    Subphase: Concurrent Classes Purge                      0.390 / 0.994         3.565 / 67.200        3.565 / 67.200        3.565 / 67.200      ms
[110.121s][info][gc,stats    ]    Subphase: Concurrent Classes Unlink                     5.374 / 15.974        7.949 / 45.692        7.949 / 45.692        7.949 / 45.692      ms
[110.121s][info][gc,stats    ]    Subphase: Concurrent Mark                              37.974 / 291.045      73.661 / 604.023      73.661 / 604.023      73.661 / 604.023     ms
[110.121s][info][gc,stats    ]    Subphase: Concurrent Mark Try Flush                     0.369 / 1.045         6.032 / 58.692        6.032 / 58.692        6.032 / 58.692      ms
[110.121s][info][gc,stats    ]    Subphase: Concurrent Mark Try Terminate                 1.709 / 6.108         2.096 / 47.884        2.096 / 47.884        2.096 / 47.884      ms
[110.121s][info][gc,stats    ]    Subphase: Concurrent References Enqueue                 0.003 / 0.005         0.004 / 0.009         0.004 / 0.009         0.004 / 0.009       ms
[110.121s][info][gc,stats    ]    Subphase: Concurrent References Process                 0.267 / 0.772         0.247 / 1.267         0.247 / 1.267         0.247 / 1.267       ms
[110.121s][info][gc,stats    ]    Subphase: Concurrent Roots ClassLoaderDataGraph         0.084 / 0.681         0.130 / 1.759         0.130 / 1.759         0.130 / 1.759       ms
[110.121s][info][gc,stats    ]    Subphase: Concurrent Roots CodeCache                    0.000 / 0.000         0.000 / 0.000         0.000 / 0.000         0.000 / 0.000       ms
[110.121s][info][gc,stats    ]    Subphase: Concurrent Roots JavaThreads                 11.848 / 22.404       11.686 / 52.976       11.686 / 52.976       11.686 / 52.976      ms
[110.121s][info][gc,stats    ]    Subphase: Concurrent Roots OopStorageSet                0.049 / 0.199         0.123 / 1.612         0.123 / 1.612         0.123 / 1.612       ms
[110.121s][info][gc,stats    ]    Subphase: Concurrent Weak Roots OopStorageSet           0.327 / 2.356         0.333 / 4.398         0.333 / 4.398         0.333 / 4.398       ms
[110.121s][info][gc,stats    ]    Subphase: Pause Mark Try Complete                       0.000 / 0.000         0.000 / 0.000         0.000 / 0.000         0.000 / 0.000       ms
[110.121s][info][gc,stats    ]      System: Java Threads                                    226 / 239             193 / 241             193 / 241             193 / 241         threads
[110.121s][info][gc,stats    ] =========================================================================================================================================================
[112.873s][info][gc,heap,exit] Heap
[112.873s][info][gc,heap,exit]  ZHeap           used 12436M, capacity 26728M, max capacity 30718M
[112.873s][info][gc,heap,exit]  Metaspace       used 75081K, committed 75456K, reserved 1114112K
[112.873s][info][gc,heap,exit]   class space    used 15319K, committed 15488K, reserved 1048576K
