[0.017s][info][gc] Using Epsilon
[0.019s][info][gc,init] Version: 20+36-2344 (release)
[0.019s][info][gc,init] CPUs: 48 total, 48 available
[0.019s][info][gc,init] Memory: 382G
[0.019s][info][gc,init] Large Page Support: Disabled
[0.019s][info][gc,init] NUMA Support: Disabled
[0.019s][info][gc,init] Compressed Oops: Enabled (32-bit)
[0.019s][info][gc,init] Heap Min Capacity: 6656K
[0.019s][info][gc,init] Heap Initial Capacity: 512M
[0.019s][info][gc,init] Heap Max Capacity: 512M
[0.019s][info][gc,init] Pre-touch: Disabled
[0.019s][warning][gc,init] Consider enabling -XX:+AlwaysPreTouch to avoid memory commit hiccups
[0.029s][info   ][gc,init] TLAB Size Max: 4M
[0.029s][info   ][gc,init] TLAB Size Elasticity: 1.10x
[0.029s][info   ][gc,init] TLAB Size Decay Time: 1000ms
[0.030s][info   ][gc,metaspace] CDS archive(s) mapped at: [0x0000000800000000-0x0000000800c60000-0x0000000800c60000), size 12976128, SharedBaseAddress: 0x0000000800000000, ArchiveRelocationMode: 0.
[0.030s][info   ][gc,metaspace] Compressed class space mapped at: 0x0000000801000000-0x0000000841000000, reserved size: 1073741824
[0.030s][info   ][gc,metaspace] Narrow klass base: 0x0000000800000000, Narrow klass shift: 0, Narrow klass range: 0x100000000
[1.578s][info   ][gc          ] GC request for "System.gc()" is ignored
[4.163s][info   ][gc          ] Heap: 512M reserved, 512M (100.00%) committed, 26306K (5.02%) used
[4.164s][info   ][gc,metaspace] Metaspace: 1088M reserved, 3584K (0.32%) committed, 3468K (0.31%) used
[8.387s][info   ][gc          ] Heap: 512M reserved, 512M (100.00%) committed, 52773K (10.07%) used
[8.387s][info   ][gc,metaspace] Metaspace: 1088M reserved, 3584K (0.32%) committed, 3494K (0.31%) used
[9.677s][info   ][gc,heap,exit] Heap
[9.677s][info   ][gc,heap,exit] Epsilon Heap
[9.677s][info   ][gc,heap,exit] Allocation space:
[9.677s][info   ][gc,heap,exit]  space 524288K,  11% used [0x00000000e0000000, 0x00000000e3afa7f8, 0x0000000100000000)
[9.677s][info   ][gc,heap,exit]  Metaspace       used 3933K, committed 4096K, reserved 1114112K
[9.677s][info   ][gc,heap,exit]   class space    used 446K, committed 512K, reserved 1048576K
[9.677s][info   ][gc          ] Heap: 512M reserved, 512M (100.00%) committed, 60393K (11.52%) used
[9.677s][info   ][gc,metaspace] Metaspace: 1088M reserved, 4096K (0.37%) committed, 3933K (0.35%) used
