[0.018s][info][gc] Using Epsilon
[0.021s][info][gc,init] Version: 20+36-2344 (release)
[0.021s][info][gc,init] CPUs: 48 total, 48 available
[0.021s][info][gc,init] Memory: 382G
[0.021s][info][gc,init] Large Page Support: Disabled
[0.021s][info][gc,init] NUMA Support: Disabled
[0.021s][info][gc,init] Compressed Oops: Enabled (32-bit)
[0.021s][info][gc,init] Heap Min Capacity: 6656K
[0.021s][info][gc,init] Heap Initial Capacity: 1G
[0.021s][info][gc,init] Heap Max Capacity: 1G
[0.021s][info][gc,init] Pre-touch: Disabled
[0.021s][warning][gc,init] Consider enabling -XX:+AlwaysPreTouch to avoid memory commit hiccups
[0.039s][info   ][gc,init] TLAB Size Max: 4M
[0.039s][info   ][gc,init] TLAB Size Elasticity: 1.10x
[0.039s][info   ][gc,init] TLAB Size Decay Time: 1000ms
[0.040s][info   ][gc,metaspace] CDS archive(s) mapped at: [0x0000000800000000-0x0000000800c60000-0x0000000800c60000), size 12976128, SharedBaseAddress: 0x0000000800000000, ArchiveRelocationMode: 0.
[0.040s][info   ][gc,metaspace] Compressed class space mapped at: 0x0000000801000000-0x0000000841000000, reserved size: 1073741824
[0.040s][info   ][gc,metaspace] Narrow klass base: 0x0000000800000000, Narrow klass shift: 0, Narrow klass range: 0x100000000
[2.065s][info   ][gc          ] GC request for "System.gc()" is ignored
[8.214s][info   ][gc          ] Heap: 1024M reserved, 1024M (100.00%) committed, 52778K (5.03%) used
[8.214s][info   ][gc,metaspace] Metaspace: 1088M reserved, 3584K (0.32%) committed, 3495K (0.31%) used
[9.453s][info   ][gc,heap,exit] Heap
[9.453s][info   ][gc,heap,exit] Epsilon Heap
[9.453s][info   ][gc,heap,exit] Allocation space:
[9.453s][info   ][gc,heap,exit]  space 1048576K,   5% used [0x00000000c0000000, 0x00000000c3afb8c0, 0x0000000100000000)
[9.453s][info   ][gc,heap,exit]  Metaspace       used 3935K, committed 4096K, reserved 1114112K
[9.453s][info   ][gc,heap,exit]   class space    used 447K, committed 512K, reserved 1048576K
[9.453s][info   ][gc          ] Heap: 1024M reserved, 1024M (100.00%) committed, 60398K (5.76%) used
[9.453s][info   ][gc,metaspace] Metaspace: 1088M reserved, 4096K (0.37%) committed, 3935K (0.35%) used
