[0.017s][info][gc,init] CardTable entry size: 512
[0.017s][info][gc     ] Using G1
[0.034s][info][gc,init] Version: 20+36-2344 (release)
[0.034s][info][gc,init] CPUs: 48 total, 48 available
[0.034s][info][gc,init] Memory: 382G
[0.034s][info][gc,init] Large Page Support: Disabled
[0.034s][info][gc,init] NUMA Support: Disabled
[0.034s][info][gc,init] Compressed Oops: Enabled (Zero based)
[0.034s][info][gc,init] Heap Region Size: 2M
[0.034s][info][gc,init] Heap Min Capacity: 8M
[0.034s][info][gc,init] Heap Initial Capacity: 2G
[0.034s][info][gc,init] Heap Max Capacity: 4G
[0.044s][info][gc,init] Pre-touch: Disabled
[0.044s][info][gc,init] Parallel Workers: 33
[0.044s][info][gc,init] Concurrent Workers: 8
[0.044s][info][gc,init] Concurrent Refinement Workers: 33
[0.044s][info][gc,init] Periodic GC: Disabled
[0.045s][info][gc,metaspace] CDS archive(s) mapped at: [0x0000000800000000-0x0000000800c60000-0x0000000800c60000), size 12976128, SharedBaseAddress: 0x0000000800000000, ArchiveRelocationMode: 0.
[0.045s][info][gc,metaspace] Compressed class space mapped at: 0x0000000801000000-0x0000000841000000, reserved size: 1073741824
[0.045s][info][gc,metaspace] Narrow klass base: 0x0000000800000000, Narrow klass shift: 0, Narrow klass range: 0x100000000
[1.991s][info][gc,start    ] GC(0) Pause Full (System.gc())
[1.991s][info][gc,task     ] GC(0) Using 6 workers of 33 for full compaction
[1.992s][info][gc,phases,start] GC(0) Phase 1: Mark live objects
[1.994s][info][gc,phases      ] GC(0) Phase 1: Mark live objects 1.996ms
[1.994s][info][gc,phases,start] GC(0) Phase 2: Prepare compaction
[1.997s][info][gc,phases      ] GC(0) Phase 2: Prepare compaction 2.881ms
[1.997s][info][gc,phases,start] GC(0) Phase 3: Adjust pointers
[1.998s][info][gc,phases      ] GC(0) Phase 3: Adjust pointers 1.338ms
[1.998s][info][gc,phases,start] GC(0) Phase 4: Compact heap
[2.000s][info][gc,phases      ] GC(0) Phase 4: Compact heap 1.488ms
[2.011s][info][gc,heap        ] GC(0) Eden regions: 6->0(6)
[2.011s][info][gc,heap        ] GC(0) Survivor regions: 0->0(0)
[2.011s][info][gc,heap        ] GC(0) Old regions: 0->6
[2.011s][info][gc,heap        ] GC(0) Archive regions: 0->0
[2.011s][info][gc,heap        ] GC(0) Humongous regions: 0->0
[2.011s][info][gc,metaspace   ] GC(0) Metaspace: 1065K(1216K)->1065K(1216K) NonClass: 988K(1088K)->988K(1088K) Class: 76K(128K)->76K(128K)
[2.011s][info][gc             ] GC(0) Pause Full (System.gc()) 11M->1M(40M) 20.935ms
[2.012s][info][gc,cpu         ] GC(0) User=0.00s Sys=0.13s Real=0.03s
[2.873s][info][gc,start       ] GC(1) Pause Young (Normal) (G1 Evacuation Pause)
[2.873s][info][gc,task        ] GC(1) Using 14 workers of 33 for evacuation
[2.876s][info][gc,phases      ] GC(1)   Pre Evacuate Collection Set: 0.1ms
[2.876s][info][gc,phases      ] GC(1)   Merge Heap Roots: 0.2ms
[2.876s][info][gc,phases      ] GC(1)   Evacuate Collection Set: 1.5ms
[2.876s][info][gc,phases      ] GC(1)   Post Evacuate Collection Set: 0.6ms
[2.876s][info][gc,phases      ] GC(1)   Other: 0.7ms
[2.876s][info][gc,heap        ] GC(1) Eden regions: 6->0(8)
[2.876s][info][gc,heap        ] GC(1) Survivor regions: 0->1(1)
[2.876s][info][gc,heap        ] GC(1) Old regions: 6->6
[2.876s][info][gc,heap        ] GC(1) Archive regions: 0->0
[2.876s][info][gc,heap        ] GC(1) Humongous regions: 0->0
[2.876s][info][gc,metaspace   ] GC(1) Metaspace: 3432K(3584K)->3432K(3584K) NonClass: 3036K(3136K)->3036K(3136K) Class: 395K(448K)->395K(448K)
[2.876s][info][gc             ] GC(1) Pause Young (Normal) (G1 Evacuation Pause) 13M->2M(40M) 3.680ms
[2.876s][info][gc,cpu         ] GC(1) User=0.00s Sys=0.00s Real=0.00s
[5.433s][info][gc,start       ] GC(2) Pause Young (Normal) (G1 Evacuation Pause)
[5.434s][info][gc,task        ] GC(2) Using 14 workers of 33 for evacuation
[5.436s][info][gc,phases      ] GC(2)   Pre Evacuate Collection Set: 0.1ms
[5.436s][info][gc,phases      ] GC(2)   Merge Heap Roots: 0.1ms
[5.436s][info][gc,phases      ] GC(2)   Evacuate Collection Set: 1.8ms
[5.436s][info][gc,phases      ] GC(2)   Post Evacuate Collection Set: 0.7ms
[5.437s][info][gc,phases      ] GC(2)   Other: 0.2ms
[5.437s][info][gc,heap        ] GC(2) Eden regions: 8->0(10)
[5.437s][info][gc,heap        ] GC(2) Survivor regions: 1->1(2)
[5.437s][info][gc,heap        ] GC(2) Old regions: 6->6
[5.437s][info][gc,heap        ] GC(2) Archive regions: 0->0
[5.437s][info][gc,heap        ] GC(2) Humongous regions: 0->0
[5.437s][info][gc,metaspace   ] GC(2) Metaspace: 3470K(3584K)->3470K(3584K) NonClass: 3074K(3136K)->3074K(3136K) Class: 395K(448K)->395K(448K)
[5.437s][info][gc             ] GC(2) Pause Young (Normal) (G1 Evacuation Pause) 18M->2M(40M) 3.445ms
[5.437s][info][gc,cpu         ] GC(2) User=0.00s Sys=0.00s Real=0.00s
[8.657s][info][gc,start       ] GC(3) Pause Young (Normal) (G1 Evacuation Pause)
[8.657s][info][gc,task        ] GC(3) Using 14 workers of 33 for evacuation
[8.660s][info][gc,phases      ] GC(3)   Pre Evacuate Collection Set: 0.1ms
[8.660s][info][gc,phases      ] GC(3)   Merge Heap Roots: 0.1ms
[8.660s][info][gc,phases      ] GC(3)   Evacuate Collection Set: 1.6ms
[8.660s][info][gc,phases      ] GC(3)   Post Evacuate Collection Set: 0.6ms
[8.660s][info][gc,phases      ] GC(3)   Other: 0.1ms
[8.660s][info][gc,heap        ] GC(3) Eden regions: 10->0(11)
[8.660s][info][gc,heap        ] GC(3) Survivor regions: 1->1(2)
[8.660s][info][gc,heap        ] GC(3) Old regions: 6->6
[8.660s][info][gc,heap        ] GC(3) Archive regions: 0->0
[8.660s][info][gc,heap        ] GC(3) Humongous regions: 0->0
[8.660s][info][gc,metaspace   ] GC(3) Metaspace: 3496K(3584K)->3496K(3584K) NonClass: 3100K(3136K)->3100K(3136K) Class: 396K(448K)->396K(448K)
[8.660s][info][gc             ] GC(3) Pause Young (Normal) (G1 Evacuation Pause) 22M->2M(40M) 3.109ms
[8.660s][info][gc,cpu         ] GC(3) User=0.00s Sys=0.00s Real=0.00s
[9.672s][info][gc,heap,exit   ] Heap
[9.672s][info][gc,heap,exit   ]  garbage-first heap   total 40960K, used 9410K [0x0000000700000000, 0x0000000800000000)
[9.672s][info][gc,heap,exit   ]   region size 2048K, 5 young (10240K), 1 survivors (2048K)
[9.672s][info][gc,heap,exit   ]  Metaspace       used 3936K, committed 4096K, reserved 1114112K
[9.672s][info][gc,heap,exit   ]   class space    used 447K, committed 512K, reserved 1048576K
