[0.016s][info][gc,init] CardTable entry size: 512
[0.017s][info][gc     ] Using G1
[0.047s][info][gc,init] Version: 20+36-2344 (release)
[0.047s][info][gc,init] CPUs: 48 total, 48 available
[0.047s][info][gc,init] Memory: 382G
[0.047s][info][gc,init] Large Page Support: Disabled
[0.047s][info][gc,init] NUMA Support: Disabled
[0.047s][info][gc,init] Compressed Oops: Enabled (32-bit)
[0.047s][info][gc,init] Heap Region Size: 1M
[0.047s][info][gc,init] Heap Min Capacity: 8M
[0.047s][info][gc,init] Heap Initial Capacity: 2G
[0.047s][info][gc,init] Heap Max Capacity: 2G
[0.047s][info][gc,init] Pre-touch: Disabled
[0.055s][info][gc,init] Parallel Workers: 33
[0.055s][info][gc,init] Concurrent Workers: 8
[0.055s][info][gc,init] Concurrent Refinement Workers: 33
[0.055s][info][gc,init] Periodic GC: Disabled
[0.057s][info][gc,metaspace] CDS archive(s) mapped at: [0x0000000800000000-0x0000000800c60000-0x0000000800c60000), size 12976128, SharedBaseAddress: 0x0000000800000000, ArchiveRelocationMode: 0.
[0.057s][info][gc,metaspace] Compressed class space mapped at: 0x0000000801000000-0x0000000841000000, reserved size: 1073741824
[0.057s][info][gc,metaspace] Narrow klass base: 0x0000000800000000, Narrow klass shift: 0, Narrow klass range: 0x100000000
[2.479s][info][gc,start    ] GC(0) Pause Full (System.gc())
[2.479s][info][gc,task     ] GC(0) Using 9 workers of 33 for full compaction
[2.480s][info][gc,phases,start] GC(0) Phase 1: Mark live objects
[2.482s][info][gc,phases      ] GC(0) Phase 1: Mark live objects 1.610ms
[2.482s][info][gc,phases,start] GC(0) Phase 2: Prepare compaction
[2.485s][info][gc,phases      ] GC(0) Phase 2: Prepare compaction 3.619ms
[2.486s][info][gc,phases,start] GC(0) Phase 3: Adjust pointers
[2.487s][info][gc,phases      ] GC(0) Phase 3: Adjust pointers 0.940ms
[2.487s][info][gc,phases,start] GC(0) Phase 4: Compact heap
[2.488s][info][gc,phases      ] GC(0) Phase 4: Compact heap 0.982ms
[2.501s][info][gc,heap        ] GC(0) Eden regions: 9->0(9)
[2.501s][info][gc,heap        ] GC(0) Survivor regions: 0->0(0)
[2.501s][info][gc,heap        ] GC(0) Old regions: 0->8
[2.501s][info][gc,heap        ] GC(0) Archive regions: 0->0
[2.501s][info][gc,heap        ] GC(0) Humongous regions: 0->0
[2.501s][info][gc,metaspace   ] GC(0) Metaspace: 1065K(1216K)->1065K(1216K) NonClass: 988K(1088K)->988K(1088K) Class: 76K(128K)->76K(128K)
[2.501s][info][gc             ] GC(0) Pause Full (System.gc()) 8M->1M(27M) 22.681ms
[2.501s][info][gc,cpu         ] GC(0) User=0.02s Sys=0.13s Real=0.02s
[3.168s][info][gc,start       ] GC(1) Pause Young (Normal) (G1 Evacuation Pause)
[3.168s][info][gc,task        ] GC(1) Using 14 workers of 33 for evacuation
[3.171s][info][gc,phases      ] GC(1)   Pre Evacuate Collection Set: 0.2ms
[3.171s][info][gc,phases      ] GC(1)   Merge Heap Roots: 0.2ms
[3.171s][info][gc,phases      ] GC(1)   Evacuate Collection Set: 1.8ms
[3.171s][info][gc,phases      ] GC(1)   Post Evacuate Collection Set: 0.6ms
[3.171s][info][gc,phases      ] GC(1)   Other: 0.5ms
[3.171s][info][gc,heap        ] GC(1) Eden regions: 9->0(9)
[3.171s][info][gc,heap        ] GC(1) Survivor regions: 0->2(2)
[3.171s][info][gc,heap        ] GC(1) Old regions: 8->8
[3.171s][info][gc,heap        ] GC(1) Archive regions: 0->0
[3.171s][info][gc,heap        ] GC(1) Humongous regions: 0->0
[3.171s][info][gc,metaspace   ] GC(1) Metaspace: 3415K(3584K)->3415K(3584K) NonClass: 3019K(3136K)->3019K(3136K) Class: 395K(448K)->395K(448K)
[3.171s][info][gc             ] GC(1) Pause Young (Normal) (G1 Evacuation Pause) 10M->2M(27M) 3.904ms
[3.171s][info][gc,cpu         ] GC(1) User=0.00s Sys=0.00s Real=0.00s
[4.481s][info][gc,start       ] GC(2) Pause Young (Normal) (G1 Evacuation Pause)
[4.481s][info][gc,task        ] GC(2) Using 14 workers of 33 for evacuation
[4.483s][info][gc,phases      ] GC(2)   Pre Evacuate Collection Set: 0.1ms
[4.484s][info][gc,phases      ] GC(2)   Merge Heap Roots: 0.1ms
[4.484s][info][gc,phases      ] GC(2)   Evacuate Collection Set: 1.7ms
[4.484s][info][gc,phases      ] GC(2)   Post Evacuate Collection Set: 0.3ms
[4.484s][info][gc,phases      ] GC(2)   Other: 0.1ms
[4.484s][info][gc,heap        ] GC(2) Eden regions: 9->0(11)
[4.484s][info][gc,heap        ] GC(2) Survivor regions: 2->1(2)
[4.484s][info][gc,heap        ] GC(2) Old regions: 8->10
[4.484s][info][gc,heap        ] GC(2) Archive regions: 0->0
[4.484s][info][gc,heap        ] GC(2) Humongous regions: 0->0
[4.484s][info][gc,metaspace   ] GC(2) Metaspace: 3469K(3584K)->3469K(3584K) NonClass: 3073K(3136K)->3073K(3136K) Class: 395K(448K)->395K(448K)
[4.484s][info][gc             ] GC(2) Pause Young (Normal) (G1 Evacuation Pause) 11M->2M(27M) 3.004ms
[4.484s][info][gc,cpu         ] GC(2) User=0.00s Sys=0.00s Real=0.00s
[6.150s][info][gc,start       ] GC(3) Pause Young (Normal) (G1 Evacuation Pause)
[6.151s][info][gc,task        ] GC(3) Using 14 workers of 33 for evacuation
[6.151s][info][gc,phases      ] GC(3)   Pre Evacuate Collection Set: 0.1ms
[6.151s][info][gc,phases      ] GC(3)   Merge Heap Roots: 0.1ms
[6.151s][info][gc,phases      ] GC(3)   Evacuate Collection Set: 0.3ms
[6.151s][info][gc,phases      ] GC(3)   Post Evacuate Collection Set: 0.3ms
[6.152s][info][gc,phases      ] GC(3)   Other: 0.1ms
[6.152s][info][gc,heap        ] GC(3) Eden regions: 11->0(13)
[6.152s][info][gc,heap        ] GC(3) Survivor regions: 1->1(2)
[6.152s][info][gc,heap        ] GC(3) Old regions: 10->10
[6.152s][info][gc,heap        ] GC(3) Archive regions: 0->0
[6.152s][info][gc,heap        ] GC(3) Humongous regions: 0->0
[6.152s][info][gc,metaspace   ] GC(3) Metaspace: 3470K(3584K)->3470K(3584K) NonClass: 3074K(3136K)->3074K(3136K) Class: 395K(448K)->395K(448K)
[6.152s][info][gc             ] GC(3) Pause Young (Normal) (G1 Evacuation Pause) 13M->2M(27M) 1.411ms
[6.152s][info][gc,cpu         ] GC(3) User=0.00s Sys=0.00s Real=0.00s
[8.183s][info][gc,start       ] GC(4) Pause Young (Normal) (G1 Evacuation Pause)
[8.183s][info][gc,task        ] GC(4) Using 14 workers of 33 for evacuation
[8.184s][info][gc,phases      ] GC(4)   Pre Evacuate Collection Set: 0.1ms
[8.184s][info][gc,phases      ] GC(4)   Merge Heap Roots: 0.1ms
[8.184s][info][gc,phases      ] GC(4)   Evacuate Collection Set: 0.4ms
[8.184s][info][gc,phases      ] GC(4)   Post Evacuate Collection Set: 0.3ms
[8.185s][info][gc,phases      ] GC(4)   Other: 0.1ms
[8.185s][info][gc,heap        ] GC(4) Eden regions: 13->0(13)
[8.185s][info][gc,heap        ] GC(4) Survivor regions: 1->1(2)
[8.185s][info][gc,heap        ] GC(4) Old regions: 10->10
[8.185s][info][gc,heap        ] GC(4) Archive regions: 0->0
[8.185s][info][gc,heap        ] GC(4) Humongous regions: 0->0
[8.185s][info][gc,metaspace   ] GC(4) Metaspace: 3496K(3584K)->3496K(3584K) NonClass: 3100K(3136K)->3100K(3136K) Class: 396K(448K)->396K(448K)
[8.185s][info][gc             ] GC(4) Pause Young (Normal) (G1 Evacuation Pause) 15M->2M(27M) 1.547ms
[8.185s][info][gc,cpu         ] GC(4) User=0.00s Sys=0.00s Real=0.00s
[9.841s][info][gc,heap,exit   ] Heap
[9.841s][info][gc,heap,exit   ]  garbage-first heap   total 27648K, used 13803K [0x0000000080000000, 0x0000000100000000)
[9.841s][info][gc,heap,exit   ]   region size 1024K, 12 young (12288K), 1 survivors (1024K)
[9.841s][info][gc,heap,exit   ]  Metaspace       used 3936K, committed 4096K, reserved 1114112K
[9.841s][info][gc,heap,exit   ]   class space    used 447K, committed 512K, reserved 1048576K
