[0.032s][info][gc,init] CardTable entry size: 512
[0.033s][info][gc     ] Using G1
[0.049s][info][gc,init] Version: 20+36-2344 (release)
[0.049s][info][gc,init] CPUs: 48 total, 48 available
[0.049s][info][gc,init] Memory: 382G
[0.049s][info][gc,init] Large Page Support: Disabled
[0.049s][info][gc,init] NUMA Support: Disabled
[0.049s][info][gc,init] Compressed Oops: Enabled (32-bit)
[0.049s][info][gc,init] Heap Region Size: 1M
[0.049s][info][gc,init] Heap Min Capacity: 8M
[0.049s][info][gc,init] Heap Initial Capacity: 1G
[0.049s][info][gc,init] Heap Max Capacity: 1G
[0.049s][info][gc,init] Pre-touch: Disabled
[0.064s][info][gc,init] Parallel Workers: 33
[0.064s][info][gc,init] Concurrent Workers: 8
[0.064s][info][gc,init] Concurrent Refinement Workers: 33
[0.064s][info][gc,init] Periodic GC: Disabled
[0.065s][info][gc,metaspace] CDS archive(s) mapped at: [0x0000000800000000-0x0000000800c60000-0x0000000800c60000), size 12976128, SharedBaseAddress: 0x0000000800000000, ArchiveRelocationMode: 0.
[0.065s][info][gc,metaspace] Compressed class space mapped at: 0x0000000801000000-0x0000000841000000, reserved size: 1073741824
[0.065s][info][gc,metaspace] Narrow klass base: 0x0000000800000000, Narrow klass shift: 0, Narrow klass range: 0x100000000
[2.268s][info][gc,start    ] GC(0) Pause Full (System.gc())
[2.269s][info][gc,task     ] GC(0) Using 9 workers of 33 for full compaction
[2.270s][info][gc,phases,start] GC(0) Phase 1: Mark live objects
[2.271s][info][gc,phases      ] GC(0) Phase 1: Mark live objects 1.699ms
[2.271s][info][gc,phases,start] GC(0) Phase 2: Prepare compaction
[2.274s][info][gc,phases      ] GC(0) Phase 2: Prepare compaction 2.240ms
[2.274s][info][gc,phases,start] GC(0) Phase 3: Adjust pointers
[2.275s][info][gc,phases      ] GC(0) Phase 3: Adjust pointers 0.957ms
[2.275s][info][gc,phases,start] GC(0) Phase 4: Compact heap
[2.276s][info][gc,phases      ] GC(0) Phase 4: Compact heap 1.026ms
[2.285s][info][gc,heap        ] GC(0) Eden regions: 9->0(8)
[2.285s][info][gc,heap        ] GC(0) Survivor regions: 0->0(0)
[2.285s][info][gc,heap        ] GC(0) Old regions: 0->7
[2.285s][info][gc,heap        ] GC(0) Archive regions: 0->0
[2.285s][info][gc,heap        ] GC(0) Humongous regions: 0->0
[2.285s][info][gc,metaspace   ] GC(0) Metaspace: 1065K(1216K)->1065K(1216K) NonClass: 988K(1088K)->988K(1088K) Class: 76K(128K)->76K(128K)
[2.285s][info][gc             ] GC(0) Pause Full (System.gc()) 8M->1M(24M) 17.125ms
[2.285s][info][gc,cpu         ] GC(0) User=0.00s Sys=0.14s Real=0.02s
[2.794s][info][gc,start       ] GC(1) Pause Young (Normal) (G1 Evacuation Pause)
[2.795s][info][gc,task        ] GC(1) Using 14 workers of 33 for evacuation
[2.797s][info][gc,phases      ] GC(1)   Pre Evacuate Collection Set: 0.1ms
[2.797s][info][gc,phases      ] GC(1)   Merge Heap Roots: 0.1ms
[2.797s][info][gc,phases      ] GC(1)   Evacuate Collection Set: 1.7ms
[2.797s][info][gc,phases      ] GC(1)   Post Evacuate Collection Set: 0.4ms
[2.797s][info][gc,phases      ] GC(1)   Other: 0.6ms
[2.797s][info][gc,heap        ] GC(1) Eden regions: 8->0(7)
[2.797s][info][gc,heap        ] GC(1) Survivor regions: 0->1(1)
[2.798s][info][gc,heap        ] GC(1) Old regions: 7->8
[2.798s][info][gc,heap        ] GC(1) Archive regions: 0->0
[2.798s][info][gc,heap        ] GC(1) Humongous regions: 0->0
[2.798s][info][gc,metaspace   ] GC(1) Metaspace: 3399K(3520K)->3399K(3520K) NonClass: 3004K(3072K)->3004K(3072K) Class: 395K(448K)->395K(448K)
[2.798s][info][gc             ] GC(1) Pause Young (Normal) (G1 Evacuation Pause) 9M->2M(24M) 3.287ms
[2.798s][info][gc,cpu         ] GC(1) User=0.00s Sys=0.00s Real=0.00s
[3.829s][info][gc,start       ] GC(2) Pause Young (Normal) (G1 Evacuation Pause)
[3.830s][info][gc,task        ] GC(2) Using 14 workers of 33 for evacuation
[3.832s][info][gc,phases      ] GC(2)   Pre Evacuate Collection Set: 0.1ms
[3.832s][info][gc,phases      ] GC(2)   Merge Heap Roots: 0.1ms
[3.832s][info][gc,phases      ] GC(2)   Evacuate Collection Set: 1.7ms
[3.832s][info][gc,phases      ] GC(2)   Post Evacuate Collection Set: 0.4ms
[3.832s][info][gc,phases      ] GC(2)   Other: 0.1ms
[3.832s][info][gc,heap        ] GC(2) Eden regions: 7->0(9)
[3.832s][info][gc,heap        ] GC(2) Survivor regions: 1->1(1)
[3.832s][info][gc,heap        ] GC(2) Old regions: 8->9
[3.832s][info][gc,heap        ] GC(2) Archive regions: 0->0
[3.832s][info][gc,heap        ] GC(2) Humongous regions: 0->0
[3.832s][info][gc,metaspace   ] GC(2) Metaspace: 3460K(3584K)->3460K(3584K) NonClass: 3064K(3136K)->3064K(3136K) Class: 395K(448K)->395K(448K)
[3.833s][info][gc             ] GC(2) Pause Young (Normal) (G1 Evacuation Pause) 9M->2M(24M) 3.082ms
[3.833s][info][gc,cpu         ] GC(2) User=0.19s Sys=0.03s Real=0.00s
[5.223s][info][gc,start       ] GC(3) Pause Young (Normal) (G1 Evacuation Pause)
[5.223s][info][gc,task        ] GC(3) Using 14 workers of 33 for evacuation
[5.224s][info][gc,phases      ] GC(3)   Pre Evacuate Collection Set: 0.1ms
[5.224s][info][gc,phases      ] GC(3)   Merge Heap Roots: 0.1ms
[5.224s][info][gc,phases      ] GC(3)   Evacuate Collection Set: 0.3ms
[5.224s][info][gc,phases      ] GC(3)   Post Evacuate Collection Set: 0.2ms
[5.224s][info][gc,phases      ] GC(3)   Other: 0.1ms
[5.224s][info][gc,heap        ] GC(3) Eden regions: 9->0(11)
[5.224s][info][gc,heap        ] GC(3) Survivor regions: 1->1(2)
[5.224s][info][gc,heap        ] GC(3) Old regions: 9->9
[5.224s][info][gc,heap        ] GC(3) Archive regions: 0->0
[5.224s][info][gc,heap        ] GC(3) Humongous regions: 0->0
[5.224s][info][gc,metaspace   ] GC(3) Metaspace: 3470K(3584K)->3470K(3584K) NonClass: 3074K(3136K)->3074K(3136K) Class: 395K(448K)->395K(448K)
[5.225s][info][gc             ] GC(3) Pause Young (Normal) (G1 Evacuation Pause) 11M->2M(24M) 1.339ms
[5.225s][info][gc,cpu         ] GC(3) User=0.00s Sys=0.00s Real=0.00s
[6.937s][info][gc,start       ] GC(4) Pause Young (Normal) (G1 Evacuation Pause)
[6.937s][info][gc,task        ] GC(4) Using 14 workers of 33 for evacuation
[6.938s][info][gc,phases      ] GC(4)   Pre Evacuate Collection Set: 0.1ms
[6.938s][info][gc,phases      ] GC(4)   Merge Heap Roots: 0.1ms
[6.938s][info][gc,phases      ] GC(4)   Evacuate Collection Set: 0.3ms
[6.938s][info][gc,phases      ] GC(4)   Post Evacuate Collection Set: 0.2ms
[6.938s][info][gc,phases      ] GC(4)   Other: 0.1ms
[6.938s][info][gc,heap        ] GC(4) Eden regions: 11->0(11)
[6.938s][info][gc,heap        ] GC(4) Survivor regions: 1->1(2)
[6.938s][info][gc,heap        ] GC(4) Old regions: 9->9
[6.938s][info][gc,heap        ] GC(4) Archive regions: 0->0
[6.938s][info][gc,heap        ] GC(4) Humongous regions: 0->0
[6.938s][info][gc,metaspace   ] GC(4) Metaspace: 3473K(3584K)->3473K(3584K) NonClass: 3077K(3136K)->3077K(3136K) Class: 395K(448K)->395K(448K)
[6.938s][info][gc             ] GC(4) Pause Young (Normal) (G1 Evacuation Pause) 13M->2M(24M) 1.054ms
[6.938s][info][gc,cpu         ] GC(4) User=0.00s Sys=0.00s Real=0.00s
[8.641s][info][gc,start       ] GC(5) Pause Young (Normal) (G1 Evacuation Pause)
[8.641s][info][gc,task        ] GC(5) Using 14 workers of 33 for evacuation
[8.642s][info][gc,phases      ] GC(5)   Pre Evacuate Collection Set: 0.1ms
[8.642s][info][gc,phases      ] GC(5)   Merge Heap Roots: 0.1ms
[8.642s][info][gc,phases      ] GC(5)   Evacuate Collection Set: 0.3ms
[8.642s][info][gc,phases      ] GC(5)   Post Evacuate Collection Set: 0.3ms
[8.642s][info][gc,phases      ] GC(5)   Other: 0.1ms
[8.642s][info][gc,heap        ] GC(5) Eden regions: 11->0(11)
[8.642s][info][gc,heap        ] GC(5) Survivor regions: 1->1(2)
[8.642s][info][gc,heap        ] GC(5) Old regions: 9->9
[8.642s][info][gc,heap        ] GC(5) Archive regions: 0->0
[8.642s][info][gc,heap        ] GC(5) Humongous regions: 0->0
[8.642s][info][gc,metaspace   ] GC(5) Metaspace: 3496K(3584K)->3496K(3584K) NonClass: 3100K(3136K)->3100K(3136K) Class: 396K(448K)->396K(448K)
[8.642s][info][gc             ] GC(5) Pause Young (Normal) (G1 Evacuation Pause) 13M->2M(24M) 1.382ms
[8.642s][info][gc,cpu         ] GC(5) User=0.00s Sys=0.00s Real=0.00s
[9.749s][info][gc,heap,exit   ] Heap
[9.749s][info][gc,heap,exit   ]  garbage-first heap   total 24576K, used 10252K [0x00000000c0000000, 0x0000000100000000)
[9.749s][info][gc,heap,exit   ]   region size 1024K, 9 young (9216K), 1 survivors (1024K)
[9.749s][info][gc,heap,exit   ]  Metaspace       used 3937K, committed 4096K, reserved 1114112K
[9.749s][info][gc,heap,exit   ]   class space    used 447K, committed 512K, reserved 1048576K
