[0.122s][info][gc,init] CardTable entry size: 512
[0.122s][info][gc     ] Using Parallel
[0.126s][info][gc,init] Version: 20+36-2344 (release)
[0.126s][info][gc,init] CPUs: 48 total, 48 available
[0.126s][info][gc,init] Memory: 382G
[0.126s][info][gc,init] Large Page Support: Disabled
[0.126s][info][gc,init] NUMA Support: Disabled
[0.126s][info][gc,init] Compressed Oops: Enabled (32-bit)
[0.126s][info][gc,init] Alignments: Space 512K, Generation 512K, Heap 2M
[0.126s][info][gc,init] Heap Min Capacity: 8M
[0.126s][info][gc,init] Heap Initial Capacity: 512M
[0.126s][info][gc,init] Heap Max Capacity: 512M
[0.137s][info][gc,init] Pre-touch: Disabled
[0.137s][info][gc,init] Parallel Workers: 33
[0.139s][info][gc,metaspace] CDS archive(s) mapped at: [0x0000000800000000-0x0000000800c60000-0x0000000800c60000), size 12976128, SharedBaseAddress: 0x0000000800000000, ArchiveRelocationMode: 0.
[0.139s][info][gc,metaspace] Compressed class space mapped at: 0x0000000801000000-0x0000000841000000, reserved size: 1073741824
[0.139s][info][gc,metaspace] Narrow klass base: 0x0000000800000000, Narrow klass shift: 0, Narrow klass range: 0x100000000
[1.806s][info][gc,start    ] GC(0) Pause Young (System.gc())
[1.810s][info][gc,heap     ] GC(0) PSYoungGen: 28953K(153088K)->1216K(153088K) Eden: 28953K(131584K)->0K(131584K) From: 0K(21504K)->1216K(21504K)
[1.810s][info][gc,heap     ] GC(0) ParOldGen: 0K(349696K)->8K(349696K)
[1.810s][info][gc,metaspace] GC(0) Metaspace: 1065K(1216K)->1065K(1216K) NonClass: 988K(1088K)->988K(1088K) Class: 76K(128K)->76K(128K)
[1.810s][info][gc          ] GC(0) Pause Young (System.gc()) 28M->1M(491M) 4.056ms
[1.811s][info][gc,cpu      ] GC(0) User=0.00s Sys=0.00s Real=0.00s
[1.811s][info][gc,start    ] GC(1) Pause Full (System.gc())
[1.811s][info][gc,phases,start] GC(1) Marking Phase
[1.814s][info][gc,phases      ] GC(1) Marking Phase 3.517ms
[1.814s][info][gc,phases,start] GC(1) Summary Phase
[1.814s][info][gc,phases      ] GC(1) Summary Phase 0.033ms
[1.814s][info][gc,phases,start] GC(1) Adjust Roots
[1.815s][info][gc,phases      ] GC(1) Adjust Roots 0.794ms
[1.815s][info][gc,phases,start] GC(1) Compaction Phase
[1.821s][info][gc,phases      ] GC(1) Compaction Phase 5.823ms
[1.821s][info][gc,phases,start] GC(1) Post Compact
[1.821s][info][gc,phases      ] GC(1) Post Compact 0.232ms
[1.821s][info][gc,heap        ] GC(1) PSYoungGen: 1216K(153088K)->0K(153088K) Eden: 0K(131584K)->0K(131584K) From: 1216K(21504K)->0K(21504K)
[1.821s][info][gc,heap        ] GC(1) ParOldGen: 8K(349696K)->1031K(349696K)
[1.821s][info][gc,metaspace   ] GC(1) Metaspace: 1065K(1216K)->1065K(1216K) NonClass: 988K(1088K)->988K(1088K) Class: 76K(128K)->76K(128K)
[1.821s][info][gc             ] GC(1) Pause Full (System.gc()) 1M->1M(491M) 10.752ms
[1.821s][info][gc,cpu         ] GC(1) User=0.00s Sys=0.00s Real=0.00s
[9.673s][info][gc,heap,exit   ] Heap
[9.673s][info][gc,heap,exit   ]  PSYoungGen      total 153088K, used 74253K [0x00000000f5580000, 0x0000000100000000, 0x0000000100000000)
[9.673s][info][gc,heap,exit   ]   eden space 131584K, 56% used [0x00000000f5580000,0x00000000f9e03490,0x00000000fd600000)
[9.673s][info][gc,heap,exit   ]   from space 21504K, 0% used [0x00000000fd600000,0x00000000fd600000,0x00000000feb00000)
[9.673s][info][gc,heap,exit   ]   to   space 21504K, 0% used [0x00000000feb00000,0x00000000feb00000,0x0000000100000000)
[9.673s][info][gc,heap,exit   ]  ParOldGen       total 349696K, used 1031K [0x00000000e0000000, 0x00000000f5580000, 0x00000000f5580000)
[9.673s][info][gc,heap,exit   ]   object space 349696K, 0% used [0x00000000e0000000,0x00000000e0101c80,0x00000000f5580000)
[9.673s][info][gc,heap,exit   ]  Metaspace       used 3949K, committed 4096K, reserved 1114112K
[9.673s][info][gc,heap,exit   ]   class space    used 447K, committed 512K, reserved 1048576K
