[0.018s][info][gc,init] CardTable entry size: 512
[0.019s][info][gc     ] Using Serial
[0.021s][info][gc,init] Version: 20+36-2344 (release)
[0.021s][info][gc,init] CPUs: 48 total, 48 available
[0.021s][info][gc,init] Memory: 382G
[0.021s][info][gc,init] Large Page Support: Disabled
[0.021s][info][gc,init] NUMA Support: Disabled
[0.021s][info][gc,init] Compressed Oops: Enabled (32-bit)
[0.021s][info][gc,init] Heap Min Capacity: 8M
[0.022s][info][gc,init] Heap Initial Capacity: 512M
[0.022s][info][gc,init] Heap Max Capacity: 512M
[0.022s][info][gc,init] Pre-touch: Disabled
[0.043s][info][gc,metaspace] CDS archive(s) mapped at: [0x0000000800000000-0x0000000800c60000-0x0000000800c60000), size 12976128, SharedBaseAddress: 0x0000000800000000, ArchiveRelocationMode: 0.
[0.043s][info][gc,metaspace] Compressed class space mapped at: 0x0000000801000000-0x0000000841000000, reserved size: 1073741824
[0.043s][info][gc,metaspace] Narrow klass base: 0x0000000800000000, Narrow klass shift: 0, Narrow klass range: 0x100000000
[1.509s][info][gc,start    ] GC(0) Pause Full (System.gc())
[1.510s][info][gc,phases,start] GC(0) Phase 1: Mark live objects
[1.514s][info][gc,phases      ] GC(0) Phase 1: Mark live objects 4.214ms
[1.514s][info][gc,phases,start] GC(0) Phase 2: Compute new object addresses
[1.516s][info][gc,phases      ] GC(0) Phase 2: Compute new object addresses 2.067ms
[1.516s][info][gc,phases,start] GC(0) Phase 3: Adjust pointers
[1.518s][info][gc,phases      ] GC(0) Phase 3: Adjust pointers 2.148ms
[1.518s][info][gc,phases,start] GC(0) Phase 4: Move objects
[1.520s][info][gc,phases      ] GC(0) Phase 4: Move objects 1.665ms
[1.520s][info][gc,heap        ] GC(0) DefNew: 30757K(157248K)->0K(157248K) Eden: 30757K(139776K)->0K(139776K) From: 0K(17472K)->0K(17472K)
[1.520s][info][gc,heap        ] GC(0) Tenured: 0K(349568K)->1031K(349568K)
[1.520s][info][gc,metaspace   ] GC(0) Metaspace: 1062K(1216K)->1062K(1216K) NonClass: 985K(1088K)->985K(1088K) Class: 76K(128K)->76K(128K)
[1.520s][info][gc             ] GC(0) Pause Full (System.gc()) 30M->1M(494M) 10.869ms
[1.520s][info][gc,cpu         ] GC(0) User=0.02s Sys=0.00s Real=0.02s
[9.310s][info][gc,heap,exit   ] Heap
[9.310s][info][gc,heap,exit   ]  def new generation   total 157248K, used 72686K [0x00000000e0000000, 0x00000000eaaa0000, 0x00000000eaaa0000)
[9.310s][info][gc,heap,exit   ]   eden space 139776K,  52% used [0x00000000e0000000, 0x00000000e46fbac0, 0x00000000e8880000)
[9.310s][info][gc,heap,exit   ]   from space 17472K,   0% used [0x00000000e8880000, 0x00000000e8880000, 0x00000000e9990000)
[9.310s][info][gc,heap,exit   ]   to   space 17472K,   0% used [0x00000000e9990000, 0x00000000e9990000, 0x00000000eaaa0000)
[9.310s][info][gc,heap,exit   ]  tenured generation   total 349568K, used 1031K [0x00000000eaaa0000, 0x0000000100000000, 0x0000000100000000)
[9.310s][info][gc,heap,exit   ]    the space 349568K,   0% used [0x00000000eaaa0000, 0x00000000eaba1c80, 0x00000000eaba1e00, 0x0000000100000000)
[9.310s][info][gc,heap,exit   ]  Metaspace       used 3936K, committed 4096K, reserved 1114112K
[9.310s][info][gc,heap,exit   ]   class space    used 446K, committed 512K, reserved 1048576K
