[0.018s][info][gc,init] CardTable entry size: 512
[0.018s][info][gc     ] Using Serial
[0.022s][info][gc,init] Version: 20+36-2344 (release)
[0.023s][info][gc,init] CPUs: 48 total, 48 available
[0.023s][info][gc,init] Memory: 382G
[0.023s][info][gc,init] Large Page Support: Disabled
[0.023s][info][gc,init] NUMA Support: Disabled
[0.023s][info][gc,init] Compressed Oops: Enabled (32-bit)
[0.023s][info][gc,init] Heap Min Capacity: 8M
[0.023s][info][gc,init] Heap Initial Capacity: 1G
[0.023s][info][gc,init] Heap Max Capacity: 1G
[0.023s][info][gc,init] Pre-touch: Disabled
[0.031s][info][gc,metaspace] CDS archive(s) mapped at: [0x0000000800000000-0x0000000800c60000-0x0000000800c60000), size 12976128, SharedBaseAddress: 0x0000000800000000, ArchiveRelocationMode: 0.
[0.031s][info][gc,metaspace] Compressed class space mapped at: 0x0000000801000000-0x0000000841000000, reserved size: 1073741824
[0.031s][info][gc,metaspace] Narrow klass base: 0x0000000800000000, Narrow klass shift: 0, Narrow klass range: 0x100000000
[1.453s][info][gc,start    ] GC(0) Pause Full (System.gc())
[1.453s][info][gc,phases,start] GC(0) Phase 1: Mark live objects
[1.457s][info][gc,phases      ] GC(0) Phase 1: Mark live objects 4.149ms
[1.457s][info][gc,phases,start] GC(0) Phase 2: Compute new object addresses
[1.460s][info][gc,phases      ] GC(0) Phase 2: Compute new object addresses 2.067ms
[1.460s][info][gc,phases,start] GC(0) Phase 3: Adjust pointers
[1.462s][info][gc,phases      ] GC(0) Phase 3: Adjust pointers 2.116ms
[1.462s][info][gc,phases,start] GC(0) Phase 4: Move objects
[1.463s][info][gc,phases      ] GC(0) Phase 4: Move objects 1.629ms
[1.464s][info][gc,heap        ] GC(0) DefNew: 55936K(314560K)->0K(314560K) Eden: 55936K(279616K)->0K(279616K) From: 0K(34944K)->0K(34944K)
[1.464s][info][gc,heap        ] GC(0) Tenured: 0K(699072K)->1031K(699072K)
[1.464s][info][gc,metaspace   ] GC(0) Metaspace: 1065K(1216K)->1065K(1216K) NonClass: 988K(1088K)->988K(1088K) Class: 76K(128K)->76K(128K)
[1.464s][info][gc             ] GC(0) Pause Full (System.gc()) 54M->1M(989M) 10.703ms
[1.464s][info][gc,cpu         ] GC(0) User=0.00s Sys=0.00s Real=0.00s
[8.992s][info][gc,heap,exit   ] Heap
[8.992s][info][gc,heap,exit   ]  def new generation   total 314560K, used 92834K [0x00000000c0000000, 0x00000000d5550000, 0x00000000d5550000)
[8.992s][info][gc,heap,exit   ]   eden space 279616K,  33% used [0x00000000c0000000, 0x00000000c5aa8900, 0x00000000d1110000)
[8.992s][info][gc,heap,exit   ]   from space 34944K,   0% used [0x00000000d1110000, 0x00000000d1110000, 0x00000000d3330000)
[8.992s][info][gc,heap,exit   ]   to   space 34944K,   0% used [0x00000000d3330000, 0x00000000d3330000, 0x00000000d5550000)
[8.992s][info][gc,heap,exit   ]  tenured generation   total 699072K, used 1031K [0x00000000d5550000, 0x0000000100000000, 0x0000000100000000)
[8.992s][info][gc,heap,exit   ]    the space 699072K,   0% used [0x00000000d5550000, 0x00000000d5651c80, 0x00000000d5651e00, 0x0000000100000000)
[8.992s][info][gc,heap,exit   ]  Metaspace       used 3949K, committed 4096K, reserved 1114112K
[8.992s][info][gc,heap,exit   ]   class space    used 446K, committed 512K, reserved 1048576K
