[0.017s][info][gc,init] CardTable entry size: 512
[0.017s][info][gc     ] Using Serial
[0.025s][info][gc,init] Version: 20+36-2344 (release)
[0.025s][info][gc,init] CPUs: 48 total, 48 available
[0.025s][info][gc,init] Memory: 382G
[0.025s][info][gc,init] Large Page Support: Disabled
[0.025s][info][gc,init] NUMA Support: Disabled
[0.025s][info][gc,init] Compressed Oops: Enabled (32-bit)
[0.025s][info][gc,init] Heap Min Capacity: 8M
[0.025s][info][gc,init] Heap Initial Capacity: 2G
[0.025s][info][gc,init] Heap Max Capacity: 2G
[0.025s][info][gc,init] Pre-touch: Disabled
[0.037s][info][gc,metaspace] CDS archive(s) mapped at: [0x0000000800000000-0x0000000800c60000-0x0000000800c60000), size 12976128, SharedBaseAddress: 0x0000000800000000, ArchiveRelocationMode: 0.
[0.037s][info][gc,metaspace] Compressed class space mapped at: 0x0000000801000000-0x0000000841000000, reserved size: 1073741824
[0.037s][info][gc,metaspace] Narrow klass base: 0x0000000800000000, Narrow klass shift: 0, Narrow klass range: 0x100000000
[4.932s][info][gc,start    ] GC(0) Pause Full (System.gc())
[4.932s][info][gc,phases,start] GC(0) Phase 1: Mark live objects
[4.936s][info][gc,phases      ] GC(0) Phase 1: Mark live objects 4.243ms
[4.936s][info][gc,phases,start] GC(0) Phase 2: Compute new object addresses
[4.939s][info][gc,phases      ] GC(0) Phase 2: Compute new object addresses 2.099ms
[4.939s][info][gc,phases,start] GC(0) Phase 3: Adjust pointers
[4.941s][info][gc,phases      ] GC(0) Phase 3: Adjust pointers 2.155ms
[4.941s][info][gc,phases,start] GC(0) Phase 4: Move objects
[4.942s][info][gc,phases      ] GC(0) Phase 4: Move objects 1.491ms
[4.942s][info][gc,heap        ] GC(0) DefNew: 100662K(629120K)->0K(629120K) Eden: 100662K(559232K)->0K(559232K) From: 0K(69888K)->0K(69888K)
[4.942s][info][gc,heap        ] GC(0) Tenured: 0K(1398144K)->1031K(1398144K)
[4.942s][info][gc,metaspace   ] GC(0) Metaspace: 1064K(1216K)->1064K(1216K) NonClass: 987K(1088K)->987K(1088K) Class: 76K(128K)->76K(128K)
[4.943s][info][gc             ] GC(0) Pause Full (System.gc()) 98M->1M(1979M) 10.643ms
[4.943s][info][gc,cpu         ] GC(0) User=0.02s Sys=0.00s Real=0.02s
[12.613s][info][gc,heap,exit   ] Heap
[12.613s][info][gc,heap,exit   ]  def new generation   total 629120K, used 115575K [0x0000000080000000, 0x00000000aaaa0000, 0x00000000aaaa0000)
[12.614s][info][gc,heap,exit   ]   eden space 559232K,  20% used [0x0000000080000000, 0x00000000870ddec8, 0x00000000a2220000)
[12.614s][info][gc,heap,exit   ]   from space 69888K,   0% used [0x00000000a2220000, 0x00000000a2220000, 0x00000000a6660000)
[12.614s][info][gc,heap,exit   ]   to   space 69888K,   0% used [0x00000000a6660000, 0x00000000a6660000, 0x00000000aaaa0000)
[12.614s][info][gc,heap,exit   ]  tenured generation   total 1398144K, used 1031K [0x00000000aaaa0000, 0x0000000100000000, 0x0000000100000000)
[12.614s][info][gc,heap,exit   ]    the space 1398144K,   0% used [0x00000000aaaa0000, 0x00000000aaba1c80, 0x00000000aaba1e00, 0x0000000100000000)
[12.614s][info][gc,heap,exit   ]  Metaspace       used 3936K, committed 4096K, reserved 1114112K
[12.614s][info][gc,heap,exit   ]   class space    used 447K, committed 512K, reserved 1048576K
