[0.016s][info][gc,init] Initializing The Z Garbage Collector
[0.016s][info][gc,init] Version: 20+36-2344 (release)
[0.016s][info][gc,init] NUMA Support: Disabled
[0.016s][info][gc,init] CPUs: 48 total, 48 available
[0.016s][info][gc,init] Memory: 391843M
[0.016s][info][gc,init] Large Page Support: Disabled
[0.016s][info][gc,init] GC Workers: 5 (dynamic)
[0.017s][info][gc,init] Address Space Type: Contiguous/Unrestricted/Complete
[0.017s][info][gc,init] Address Space Size: 8192M x 3 = 24576M
[0.018s][info][gc,init] Min Capacity: 8M
[0.018s][info][gc,init] Initial Capacity: 512M
[0.024s][info][gc,init] Max Capacity: 512M
[0.024s][info][gc,init] Medium Page Size: 16M
[0.024s][info][gc,init] Pre-touch: Disabled
[0.024s][info][gc,init] Uncommit: Enabled
[0.024s][info][gc,init] Uncommit Delay: 300s
[0.045s][info][gc,init] Runtime Workers: 5
[0.046s][info][gc     ] Using The Z Garbage Collector
[0.047s][info][gc,metaspace] CDS archive(s) mapped at: [0x0000000800000000-0x0000000800c60000-0x0000000800c60000), size 12976128, SharedBaseAddress: 0x0000000800000000, ArchiveRelocationMode: 0.
[0.047s][info][gc,metaspace] Compressed class space mapped at: 0x0000000801000000-0x0000000841000000, reserved size: 1073741824
[0.047s][info][gc,metaspace] Narrow klass base: 0x0000000800000000, Narrow klass shift: 0, Narrow klass range: 0x100000000
[1.895s][info][gc,start    ] GC(0) Garbage Collection (System.gc())
[1.895s][info][gc,task     ] GC(0) Using 5 workers
[1.895s][info][gc,phases   ] GC(0) Pause Mark Start 0.019ms
[1.899s][info][gc,phases   ] GC(0) Concurrent Mark 3.874ms
[1.899s][info][gc,phases   ] GC(0) Pause Mark End 0.022ms
[1.899s][info][gc,phases   ] GC(0) Concurrent Mark Free 0.001ms
[1.900s][info][gc,phases   ] GC(0) Concurrent Process Non-Strong References 0.570ms
[1.900s][info][gc,phases   ] GC(0) Concurrent Reset Relocation Set 0.000ms
[1.909s][info][gc,phases   ] GC(0) Concurrent Select Relocation Set 9.100ms
[1.909s][info][gc,phases   ] GC(0) Pause Relocate Start 0.011ms
[1.912s][info][gc,phases   ] GC(0) Concurrent Relocate 2.596ms
[1.912s][info][gc,load     ] GC(0) Load: 0.00/0.00/0.00
[1.912s][info][gc,mmu      ] GC(0) MMU: 2ms/98.9%, 5ms/99.2%, 10ms/99.6%, 20ms/99.7%, 50ms/99.9%, 100ms/99.9%
[1.912s][info][gc,marking  ] GC(0) Mark: 4 stripe(s), 1 proactive flush(es), 1 terminate flush(es), 0 completion(s), 0 continuation(s) 
[1.912s][info][gc,marking  ] GC(0) Mark Stack Usage: 32M
[1.912s][info][gc,nmethod  ] GC(0) NMethods: 426 registered, 31 unregistered
[1.912s][info][gc,metaspace] GC(0) Metaspace: 1M used, 1M committed, 1088M reserved
[1.912s][info][gc,ref      ] GC(0) Soft: 44 encountered, 0 discovered, 0 enqueued
[1.912s][info][gc,ref      ] GC(0) Weak: 128 encountered, 50 discovered, 50 enqueued
[1.912s][info][gc,ref      ] GC(0) Final: 2 encountered, 0 discovered, 0 enqueued
[1.912s][info][gc,ref      ] GC(0) Phantom: 92 encountered, 57 discovered, 39 enqueued
[1.912s][info][gc,reloc    ] GC(0) Small Pages: 5 / 10M, Empty: 0M, Relocated: 1M, In-Place: 0
[1.912s][info][gc,reloc    ] GC(0) Medium Pages: 0 / 0M, Empty: 0M, Relocated: 0M, In-Place: 0
[1.912s][info][gc,reloc    ] GC(0) Large Pages: 0 / 0M, Empty: 0M, Relocated: 0M, In-Place: 0
[1.912s][info][gc,reloc    ] GC(0) Forwarding Usage: 0M
[1.912s][info][gc,heap     ] GC(0) Min Capacity: 8M(2%)
[1.912s][info][gc,heap     ] GC(0) Max Capacity: 512M(100%)
[1.912s][info][gc,heap     ] GC(0) Soft Max Capacity: 512M(100%)
[1.912s][info][gc,heap     ] GC(0)                Mark Start          Mark End        Relocate Start      Relocate End           High               Low         
[1.912s][info][gc,heap     ] GC(0)  Capacity:      512M (100%)        512M (100%)        512M (100%)        512M (100%)        512M (100%)        512M (100%)   
[1.912s][info][gc,heap     ] GC(0)      Free:      502M (98%)         502M (98%)         500M (98%)         500M (98%)         502M (98%)         490M (96%)    
[1.912s][info][gc,heap     ] GC(0)      Used:       10M (2%)           10M (2%)           12M (2%)           12M (2%)           22M (4%)           10M (2%)     
[1.912s][info][gc,heap     ] GC(0)      Live:         -                 1M (0%)            1M (0%)            1M (0%)             -                  -          
[1.912s][info][gc,heap     ] GC(0) Allocated:         -                 0M (0%)            2M (0%)            2M (0%)             -                  -          
[1.912s][info][gc,heap     ] GC(0)   Garbage:         -                 8M (2%)            8M (2%)            8M (2%)             -                  -          
[1.912s][info][gc,heap     ] GC(0) Reclaimed:         -                  -                 0M (0%)            0M (0%)             -                  -          
[1.912s][info][gc          ] GC(0) Garbage Collection (System.gc()) 10M(2%)->12M(2%)
[6.272s][info][gc,start    ] GC(1) Garbage Collection (Warmup)
[6.272s][info][gc,task     ] GC(1) Using 5 workers
[6.273s][info][gc,phases   ] GC(1) Pause Mark Start 0.020ms
[6.281s][info][gc,phases   ] GC(1) Concurrent Mark 7.916ms
[6.281s][info][gc,phases   ] GC(1) Pause Mark End 0.019ms
[6.281s][info][gc,phases   ] GC(1) Concurrent Mark Free 0.002ms
[6.283s][info][gc,phases   ] GC(1) Concurrent Process Non-Strong References 2.531ms
[6.283s][info][gc,phases   ] GC(1) Concurrent Reset Relocation Set 0.001ms
[6.288s][info][gc,phases   ] GC(1) Concurrent Select Relocation Set 4.410ms
[6.288s][info][gc,phases   ] GC(1) Pause Relocate Start 0.011ms
[6.290s][info][gc,phases   ] GC(1) Concurrent Relocate 1.987ms
[6.290s][info][gc,load     ] GC(1) Load: 0.00/0.00/0.00
[6.290s][info][gc,mmu      ] GC(1) MMU: 2ms/98.9%, 5ms/99.2%, 10ms/99.6%, 20ms/99.7%, 50ms/99.9%, 100ms/99.9%
[6.290s][info][gc,marking  ] GC(1) Mark: 4 stripe(s), 2 proactive flush(es), 1 terminate flush(es), 0 completion(s), 0 continuation(s) 
[6.290s][info][gc,marking  ] GC(1) Mark Stack Usage: 32M
[6.290s][info][gc,nmethod  ] GC(1) NMethods: 1252 registered, 272 unregistered
[6.290s][info][gc,metaspace] GC(1) Metaspace: 3M used, 3M committed, 1088M reserved
[6.290s][info][gc,ref      ] GC(1) Soft: 51 encountered, 0 discovered, 0 enqueued
[6.290s][info][gc,ref      ] GC(1) Weak: 94 encountered, 7 discovered, 7 enqueued
[6.290s][info][gc,ref      ] GC(1) Final: 2 encountered, 0 discovered, 0 enqueued
[6.290s][info][gc,ref      ] GC(1) Phantom: 56 encountered, 50 discovered, 4 enqueued
[6.290s][info][gc,reloc    ] GC(1) Small Pages: 26 / 52M, Empty: 18M, Relocated: 3M, In-Place: 0
[6.290s][info][gc,reloc    ] GC(1) Medium Pages: 0 / 0M, Empty: 0M, Relocated: 0M, In-Place: 0
[6.290s][info][gc,reloc    ] GC(1) Large Pages: 0 / 0M, Empty: 0M, Relocated: 0M, In-Place: 0
[6.290s][info][gc,reloc    ] GC(1) Forwarding Usage: 0M
[6.291s][info][gc,heap     ] GC(1) Min Capacity: 8M(2%)
[6.291s][info][gc,heap     ] GC(1) Max Capacity: 512M(100%)
[6.291s][info][gc,heap     ] GC(1) Soft Max Capacity: 512M(100%)
[6.291s][info][gc,heap     ] GC(1)                Mark Start          Mark End        Relocate Start      Relocate End           High               Low         
[6.291s][info][gc,heap     ] GC(1)  Capacity:      512M (100%)        512M (100%)        512M (100%)        512M (100%)        512M (100%)        512M (100%)   
[6.291s][info][gc,heap     ] GC(1)      Free:      460M (90%)         458M (89%)         476M (93%)         498M (97%)         498M (97%)         458M (89%)    
[6.291s][info][gc,heap     ] GC(1)      Used:       52M (10%)          54M (11%)          36M (7%)           14M (3%)           54M (11%)          14M (3%)     
[6.291s][info][gc,heap     ] GC(1)      Live:         -                 3M (1%)            3M (1%)            3M (1%)             -                  -          
[6.291s][info][gc,heap     ] GC(1) Allocated:         -                 2M (0%)            2M (0%)            3M (1%)             -                  -          
[6.291s][info][gc,heap     ] GC(1)   Garbage:         -                48M (10%)          30M (6%)            7M (1%)             -                  -          
[6.291s][info][gc,heap     ] GC(1) Reclaimed:         -                  -                18M (4%)           41M (8%)             -                  -          
[6.291s][info][gc          ] GC(1) Garbage Collection (Warmup) 52M(10%)->14M(3%)
[9.746s][info][gc,heap,exit] Heap
[9.746s][info][gc,heap,exit]  ZHeap           used 40M, capacity 512M, max capacity 512M
[9.746s][info][gc,heap,exit]  Metaspace       used 3938K, committed 4096K, reserved 1114112K
[9.746s][info][gc,heap,exit]   class space    used 446K, committed 512K, reserved 1048576K
