[0.016s][info][gc,init] Initializing The Z Garbage Collector
[0.016s][info][gc,init] Version: 20+36-2344 (release)
[0.016s][info][gc,init] NUMA Support: Disabled
[0.016s][info][gc,init] CPUs: 48 total, 48 available
[0.016s][info][gc,init] Memory: 391843M
[0.016s][info][gc,init] Large Page Support: Disabled
[0.016s][info][gc,init] GC Workers: 10 (dynamic)
[0.018s][info][gc,init] Address Space Type: Contiguous/Unrestricted/Complete
[0.018s][info][gc,init] Address Space Size: 16384M x 3 = 49152M
[0.018s][info][gc,init] Min Capacity: 8M
[0.018s][info][gc,init] Initial Capacity: 1024M
[0.025s][info][gc,init] Max Capacity: 1024M
[0.025s][info][gc,init] Medium Page Size: 32M
[0.025s][info][gc,init] Pre-touch: Disabled
[0.025s][info][gc,init] Uncommit: Enabled
[0.025s][info][gc,init] Uncommit Delay: 300s
[0.072s][info][gc,init] Runtime Workers: 10
[0.073s][info][gc     ] Using The Z Garbage Collector
[0.074s][info][gc,metaspace] CDS archive(s) mapped at: [0x0000000800000000-0x0000000800c60000-0x0000000800c60000), size 12976128, SharedBaseAddress: 0x0000000800000000, ArchiveRelocationMode: 0.
[0.074s][info][gc,metaspace] Compressed class space mapped at: 0x0000000801000000-0x0000000841000000, reserved size: 1073741824
[0.074s][info][gc,metaspace] Narrow klass base: 0x0000000800000000, Narrow klass shift: 0, Narrow klass range: 0x100000000
[2.303s][info][gc,start    ] GC(0) Garbage Collection (System.gc())
[2.303s][info][gc,task     ] GC(0) Using 10 workers
[2.303s][info][gc,phases   ] GC(0) Pause Mark Start 0.016ms
[2.307s][info][gc,phases   ] GC(0) Concurrent Mark 3.523ms
[2.307s][info][gc,phases   ] GC(0) Pause Mark End 0.020ms
[2.307s][info][gc,phases   ] GC(0) Concurrent Mark Free 0.001ms
[2.308s][info][gc,phases   ] GC(0) Concurrent Process Non-Strong References 0.443ms
[2.308s][info][gc,phases   ] GC(0) Concurrent Reset Relocation Set 0.001ms
[2.323s][info][gc,phases   ] GC(0) Concurrent Select Relocation Set 14.847ms
[2.323s][info][gc,phases   ] GC(0) Pause Relocate Start 0.009ms
[2.325s][info][gc,phases   ] GC(0) Concurrent Relocate 2.585ms
[2.325s][info][gc,load     ] GC(0) Load: 0.00/0.00/0.00
[2.325s][info][gc,mmu      ] GC(0) MMU: 2ms/99.0%, 5ms/99.3%, 10ms/99.6%, 20ms/99.8%, 50ms/99.9%, 100ms/100.0%
[2.325s][info][gc,marking  ] GC(0) Mark: 8 stripe(s), 1 proactive flush(es), 1 terminate flush(es), 0 completion(s), 0 continuation(s) 
[2.325s][info][gc,marking  ] GC(0) Mark Stack Usage: 32M
[2.326s][info][gc,nmethod  ] GC(0) NMethods: 425 registered, 33 unregistered
[2.326s][info][gc,metaspace] GC(0) Metaspace: 1M used, 1M committed, 1088M reserved
[2.326s][info][gc,ref      ] GC(0) Soft: 44 encountered, 0 discovered, 0 enqueued
[2.326s][info][gc,ref      ] GC(0) Weak: 128 encountered, 50 discovered, 50 enqueued
[2.326s][info][gc,ref      ] GC(0) Final: 2 encountered, 2 discovered, 0 enqueued
[2.326s][info][gc,ref      ] GC(0) Phantom: 92 encountered, 73 discovered, 31 enqueued
[2.326s][info][gc,reloc    ] GC(0) Small Pages: 5 / 10M, Empty: 0M, Relocated: 1M, In-Place: 0
[2.326s][info][gc,reloc    ] GC(0) Medium Pages: 0 / 0M, Empty: 0M, Relocated: 0M, In-Place: 0
[2.326s][info][gc,reloc    ] GC(0) Large Pages: 0 / 0M, Empty: 0M, Relocated: 0M, In-Place: 0
[2.326s][info][gc,reloc    ] GC(0) Forwarding Usage: 0M
[2.326s][info][gc,heap     ] GC(0) Min Capacity: 8M(1%)
[2.326s][info][gc,heap     ] GC(0) Max Capacity: 1024M(100%)
[2.326s][info][gc,heap     ] GC(0) Soft Max Capacity: 1024M(100%)
[2.326s][info][gc,heap     ] GC(0)                Mark Start          Mark End        Relocate Start      Relocate End           High               Low         
[2.326s][info][gc,heap     ] GC(0)  Capacity:     1024M (100%)       1024M (100%)       1024M (100%)       1024M (100%)       1024M (100%)       1024M (100%)   
[2.326s][info][gc,heap     ] GC(0)      Free:     1014M (99%)        1014M (99%)        1012M (99%)        1012M (99%)        1014M (99%)        1002M (98%)    
[2.326s][info][gc,heap     ] GC(0)      Used:       10M (1%)           10M (1%)           12M (1%)           12M (1%)           22M (2%)           10M (1%)     
[2.326s][info][gc,heap     ] GC(0)      Live:         -                 1M (0%)            1M (0%)            1M (0%)             -                  -          
[2.326s][info][gc,heap     ] GC(0) Allocated:         -                 0M (0%)            2M (0%)            2M (0%)             -                  -          
[2.326s][info][gc,heap     ] GC(0)   Garbage:         -                 8M (1%)            8M (1%)            8M (1%)             -                  -          
[2.326s][info][gc,heap     ] GC(0) Reclaimed:         -                  -                 0M (0%)            0M (0%)             -                  -          
[2.326s][info][gc          ] GC(0) Garbage Collection (System.gc()) 10M(1%)->12M(1%)
[9.950s][info][gc,heap,exit] Heap
[9.950s][info][gc,heap,exit]  ZHeap           used 78M, capacity 1024M, max capacity 1024M
[9.950s][info][gc,heap,exit]  Metaspace       used 3934K, committed 4096K, reserved 1114112K
[9.950s][info][gc,heap,exit]   class space    used 446K, committed 512K, reserved 1048576K
