[0.017s][info][gc,init] Initializing The Z Garbage Collector
[0.017s][info][gc,init] Version: 20+36-2344 (release)
[0.017s][info][gc,init] NUMA Support: Disabled
[0.017s][info][gc,init] CPUs: 48 total, 48 available
[0.018s][info][gc,init] Memory: 391843M
[0.018s][info][gc,init] Large Page Support: Disabled
[0.018s][info][gc,init] GC Workers: 12 (dynamic)
[0.019s][info][gc,init] Address Space Type: Contiguous/Unrestricted/Complete
[0.019s][info][gc,init] Address Space Size: 32768M x 3 = 98304M
[0.020s][info][gc,init] Min Capacity: 8M
[0.020s][info][gc,init] Initial Capacity: 2048M
[0.039s][info][gc,init] Max Capacity: 2048M
[0.039s][info][gc,init] Medium Page Size: 32M
[0.039s][info][gc,init] Pre-touch: Disabled
[0.039s][info][gc,init] Uncommit: Enabled
[0.039s][info][gc,init] Uncommit Delay: 300s
[0.122s][info][gc,init] Runtime Workers: 20
[0.124s][info][gc     ] Using The Z Garbage Collector
[0.125s][info][gc,metaspace] CDS archive(s) mapped at: [0x0000000800000000-0x0000000800c60000-0x0000000800c60000), size 12976128, SharedBaseAddress: 0x0000000800000000, ArchiveRelocationMode: 0.
[0.125s][info][gc,metaspace] Compressed class space mapped at: 0x0000000801000000-0x0000000841000000, reserved size: 1073741824
[0.125s][info][gc,metaspace] Narrow klass base: 0x0000000800000000, Narrow klass shift: 0, Narrow klass range: 0x100000000
[1.714s][info][gc,start    ] GC(0) Garbage Collection (System.gc())
[1.714s][info][gc,task     ] GC(0) Using 12 workers
[1.714s][info][gc,phases   ] GC(0) Pause Mark Start 0.015ms
[1.718s][info][gc,phases   ] GC(0) Concurrent Mark 4.202ms
[1.719s][info][gc,phases   ] GC(0) Pause Mark End 0.020ms
[1.719s][info][gc,phases   ] GC(0) Concurrent Mark Free 0.001ms
[1.719s][info][gc,phases   ] GC(0) Concurrent Process Non-Strong References 0.425ms
[1.719s][info][gc,phases   ] GC(0) Concurrent Reset Relocation Set 0.001ms
[1.734s][info][gc,phases   ] GC(0) Concurrent Select Relocation Set 15.300ms
[1.735s][info][gc,phases   ] GC(0) Pause Relocate Start 0.007ms
[1.737s][info][gc,phases   ] GC(0) Concurrent Relocate 2.544ms
[1.737s][info][gc,load     ] GC(0) Load: 0.00/0.00/0.00
[1.737s][info][gc,mmu      ] GC(0) MMU: 2ms/99.0%, 5ms/99.3%, 10ms/99.6%, 20ms/99.8%, 50ms/99.9%, 100ms/100.0%
[1.737s][info][gc,marking  ] GC(0) Mark: 8 stripe(s), 1 proactive flush(es), 1 terminate flush(es), 0 completion(s), 0 continuation(s) 
[1.737s][info][gc,marking  ] GC(0) Mark Stack Usage: 32M
[1.737s][info][gc,nmethod  ] GC(0) NMethods: 425 registered, 34 unregistered
[1.737s][info][gc,metaspace] GC(0) Metaspace: 1M used, 1M committed, 1088M reserved
[1.737s][info][gc,ref      ] GC(0) Soft: 44 encountered, 0 discovered, 0 enqueued
[1.737s][info][gc,ref      ] GC(0) Weak: 128 encountered, 53 discovered, 50 enqueued
[1.737s][info][gc,ref      ] GC(0) Final: 2 encountered, 2 discovered, 0 enqueued
[1.737s][info][gc,ref      ] GC(0) Phantom: 92 encountered, 51 discovered, 27 enqueued
[1.737s][info][gc,reloc    ] GC(0) Small Pages: 5 / 10M, Empty: 0M, Relocated: 1M, In-Place: 0
[1.737s][info][gc,reloc    ] GC(0) Medium Pages: 0 / 0M, Empty: 0M, Relocated: 0M, In-Place: 0
[1.737s][info][gc,reloc    ] GC(0) Large Pages: 0 / 0M, Empty: 0M, Relocated: 0M, In-Place: 0
[1.737s][info][gc,reloc    ] GC(0) Forwarding Usage: 0M
[1.737s][info][gc,heap     ] GC(0) Min Capacity: 8M(0%)
[1.737s][info][gc,heap     ] GC(0) Max Capacity: 2048M(100%)
[1.738s][info][gc,heap     ] GC(0) Soft Max Capacity: 2048M(100%)
[1.738s][info][gc,heap     ] GC(0)                Mark Start          Mark End        Relocate Start      Relocate End           High               Low         
[1.738s][info][gc,heap     ] GC(0)  Capacity:     2048M (100%)       2048M (100%)       2048M (100%)       2048M (100%)       2048M (100%)       2048M (100%)   
[1.738s][info][gc,heap     ] GC(0)      Free:     2038M (100%)       2038M (100%)       2036M (99%)        2036M (99%)        2038M (100%)       2026M (99%)    
[1.738s][info][gc,heap     ] GC(0)      Used:       10M (0%)           10M (0%)           12M (1%)           12M (1%)           22M (1%)           10M (0%)     
[1.738s][info][gc,heap     ] GC(0)      Live:         -                 1M (0%)            1M (0%)            1M (0%)             -                  -          
[1.738s][info][gc,heap     ] GC(0) Allocated:         -                 0M (0%)            2M (0%)            2M (0%)             -                  -          
[1.738s][info][gc,heap     ] GC(0)   Garbage:         -                 8M (0%)            8M (0%)            8M (0%)             -                  -          
[1.738s][info][gc,heap     ] GC(0) Reclaimed:         -                  -                 0M (0%)            0M (0%)             -                  -          
[1.738s][info][gc          ] GC(0) Garbage Collection (System.gc()) 10M(0%)->12M(1%)
[9.288s][info][gc,heap,exit] Heap
[9.288s][info][gc,heap,exit]  ZHeap           used 78M, capacity 2048M, max capacity 2048M
[9.288s][info][gc,heap,exit]  Metaspace       used 3935K, committed 4096K, reserved 1114112K
[9.288s][info][gc,heap,exit]   class space    used 446K, committed 512K, reserved 1048576K
