[0.019s][info][gc,init] Initializing The Z Garbage Collector
[0.020s][info][gc,init] Version: 20+36-2344 (release)
[0.020s][info][gc,init] NUMA Support: Disabled
[0.020s][info][gc,init] CPUs: 48 total, 48 available
[0.020s][info][gc,init] Memory: 391843M
[0.020s][info][gc,init] Large Page Support: Disabled
[0.020s][info][gc,init] GC Workers: 12 (dynamic)
[0.022s][info][gc,init] Address Space Type: Contiguous/Unrestricted/Complete
[0.022s][info][gc,init] Address Space Size: 65536M x 3 = 196608M
[0.022s][info][gc,init] Min Capacity: 8M
[0.022s][info][gc,init] Initial Capacity: 2048M
[0.030s][info][gc,init] Max Capacity: 4096M
[0.030s][info][gc,init] Medium Page Size: 32M
[0.030s][info][gc,init] Pre-touch: Disabled
[0.030s][info][gc,init] Uncommit: Enabled
[0.030s][info][gc,init] Uncommit Delay: 300s
[0.108s][info][gc,init] Runtime Workers: 29
[0.111s][info][gc     ] Using The Z Garbage Collector
[0.112s][info][gc,metaspace] CDS archive(s) mapped at: [0x0000000800000000-0x0000000800c60000-0x0000000800c60000), size 12976128, SharedBaseAddress: 0x0000000800000000, ArchiveRelocationMode: 0.
[0.112s][info][gc,metaspace] Compressed class space mapped at: 0x0000000801000000-0x0000000841000000, reserved size: 1073741824
[0.112s][info][gc,metaspace] Narrow klass base: 0x0000000800000000, Narrow klass shift: 0, Narrow klass range: 0x100000000
[1.885s][info][gc,start    ] GC(0) Garbage Collection (System.gc())
[1.885s][info][gc,task     ] GC(0) Using 12 workers
[1.885s][info][gc,phases   ] GC(0) Pause Mark Start 0.019ms
[1.894s][info][gc,phases   ] GC(0) Concurrent Mark 8.880ms
[1.895s][info][gc,phases   ] GC(0) Pause Mark End 0.032ms
[1.895s][info][gc,phases   ] GC(0) Concurrent Mark Free 0.001ms
[1.895s][info][gc,phases   ] GC(0) Concurrent Process Non-Strong References 0.474ms
[1.895s][info][gc,phases   ] GC(0) Concurrent Reset Relocation Set 0.001ms
[1.910s][info][gc,phases   ] GC(0) Concurrent Select Relocation Set 14.467ms
[1.910s][info][gc,phases   ] GC(0) Pause Relocate Start 0.007ms
[1.914s][info][gc,phases   ] GC(0) Concurrent Relocate 3.508ms
[1.914s][info][gc,load     ] GC(0) Load: 0.00/0.00/0.00
[1.914s][info][gc,mmu      ] GC(0) MMU: 2ms/98.4%, 5ms/99.4%, 10ms/99.5%, 20ms/99.7%, 50ms/99.9%, 100ms/99.9%
[1.914s][info][gc,marking  ] GC(0) Mark: 8 stripe(s), 1 proactive flush(es), 1 terminate flush(es), 0 completion(s), 0 continuation(s) 
[1.914s][info][gc,marking  ] GC(0) Mark Stack Usage: 32M
[1.914s][info][gc,nmethod  ] GC(0) NMethods: 426 registered, 33 unregistered
[1.914s][info][gc,metaspace] GC(0) Metaspace: 1M used, 1M committed, 1088M reserved
[1.914s][info][gc,ref      ] GC(0) Soft: 44 encountered, 0 discovered, 0 enqueued
[1.914s][info][gc,ref      ] GC(0) Weak: 128 encountered, 50 discovered, 50 enqueued
[1.914s][info][gc,ref      ] GC(0) Final: 2 encountered, 0 discovered, 0 enqueued
[1.914s][info][gc,ref      ] GC(0) Phantom: 92 encountered, 63 discovered, 39 enqueued
[1.914s][info][gc,reloc    ] GC(0) Small Pages: 11 / 22M, Empty: 0M, Relocated: 1M, In-Place: 0
[1.914s][info][gc,reloc    ] GC(0) Medium Pages: 0 / 0M, Empty: 0M, Relocated: 0M, In-Place: 0
[1.914s][info][gc,reloc    ] GC(0) Large Pages: 0 / 0M, Empty: 0M, Relocated: 0M, In-Place: 0
[1.914s][info][gc,reloc    ] GC(0) Forwarding Usage: 0M
[1.914s][info][gc,heap     ] GC(0) Min Capacity: 8M(0%)
[1.914s][info][gc,heap     ] GC(0) Max Capacity: 4096M(100%)
[1.914s][info][gc,heap     ] GC(0) Soft Max Capacity: 4096M(100%)
[1.914s][info][gc,heap     ] GC(0)                Mark Start          Mark End        Relocate Start      Relocate End           High               Low         
[1.914s][info][gc,heap     ] GC(0)  Capacity:     2048M (50%)        2048M (50%)        2048M (50%)        2048M (50%)        2048M (50%)        2048M (50%)    
[1.914s][info][gc,heap     ] GC(0)      Free:     4074M (99%)        4074M (99%)        4072M (99%)        4072M (99%)        4074M (99%)        4056M (99%)    
[1.914s][info][gc,heap     ] GC(0)      Used:       22M (1%)           22M (1%)           24M (1%)           24M (1%)           40M (1%)           22M (1%)     
[1.914s][info][gc,heap     ] GC(0)      Live:         -                 1M (0%)            1M (0%)            1M (0%)             -                  -          
[1.914s][info][gc,heap     ] GC(0) Allocated:         -                 0M (0%)            2M (0%)            2M (0%)             -                  -          
[1.914s][info][gc,heap     ] GC(0)   Garbage:         -                20M (1%)           20M (1%)           20M (1%)             -                  -          
[1.914s][info][gc,heap     ] GC(0) Reclaimed:         -                  -                 0M (0%)            0M (0%)             -                  -          
[1.914s][info][gc          ] GC(0) Garbage Collection (System.gc()) 22M(1%)->24M(1%)
[9.677s][info][gc,heap,exit] Heap
[9.677s][info][gc,heap,exit]  ZHeap           used 104M, capacity 2048M, max capacity 4096M
[9.677s][info][gc,heap,exit]  Metaspace       used 3934K, committed 4096K, reserved 1114112K
[9.677s][info][gc,heap,exit]   class space    used 446K, committed 512K, reserved 1048576K
