[0.018s][info][gc] Using Epsilon
[0.023s][info][gc,init] Version: 20+36-2344 (release)
[0.023s][info][gc,init] CPUs: 48 total, 48 available
[0.023s][info][gc,init] Memory: 382G
[0.023s][info][gc,init] Large Page Support: Disabled
[0.023s][info][gc,init] NUMA Support: Disabled
[0.023s][info][gc,init] Compressed Oops: Enabled (32-bit)
[0.023s][info][gc,init] Heap Min Capacity: 6656K
[0.023s][info][gc,init] Heap Initial Capacity: 2G
[0.023s][info][gc,init] Heap Max Capacity: 2G
[0.023s][info][gc,init] Pre-touch: Disabled
[0.023s][warning][gc,init] Consider enabling -XX:+AlwaysPreTouch to avoid memory commit hiccups
[0.031s][info   ][gc,init] TLAB Size Max: 4M
[0.031s][info   ][gc,init] TLAB Size Elasticity: 1.10x
[0.031s][info   ][gc,init] TLAB Size Decay Time: 1000ms
[0.032s][info   ][gc,metaspace] CDS archive(s) mapped at: [0x0000000800000000-0x0000000800c60000-0x0000000800c60000), size 12976128, SharedBaseAddress: 0x0000000800000000, ArchiveRelocationMode: 0.
[0.032s][info   ][gc,metaspace] Compressed class space mapped at: 0x0000000801000000-0x0000000841000000, reserved size: 1073741824
[0.032s][info   ][gc,metaspace] Narrow klass base: 0x0000000800000000, Narrow klass shift: 0, Narrow klass range: 0x100000000
[7.856s][info   ][gc          ] GC request for "System.gc()" is ignored
[8.777s][info   ][gc          ] Heap: 2048M reserved, 2048M (100.00%) committed, 102M (5.00%) used
[8.777s][info   ][gc,metaspace] Metaspace: 1088M reserved, 17792K (1.60%) committed, 17485K (1.57%) used
[9.501s][info   ][gc          ] Heap: 2048M reserved, 2048M (100.00%) committed, 204M (10.00%) used
[9.501s][info   ][gc,metaspace] Metaspace: 1088M reserved, 19584K (1.76%) committed, 19211K (1.72%) used
[10.222s][info   ][gc          ] Heap: 2048M reserved, 2048M (100.00%) committed, 307M (15.01%) used
[10.222s][info   ][gc,metaspace] Metaspace: 1088M reserved, 20352K (1.83%) committed, 20024K (1.80%) used
[10.706s][info   ][gc          ] Heap: 2048M reserved, 2048M (100.00%) committed, 409M (20.01%) used
[10.706s][info   ][gc,metaspace] Metaspace: 1088M reserved, 20544K (1.84%) committed, 20174K (1.81%) used
[11.560s][info   ][gc          ] Heap: 2048M reserved, 2048M (100.00%) committed, 513M (25.09%) used
[11.560s][info   ][gc,metaspace] Metaspace: 1088M reserved, 20736K (1.86%) committed, 20383K (1.83%) used
[12.029s][info   ][gc          ] Heap: 2048M reserved, 2048M (100.00%) committed, 616M (30.12%) used
[12.029s][info   ][gc,metaspace] Metaspace: 1088M reserved, 20800K (1.87%) committed, 20437K (1.83%) used
[35.943s][info   ][gc,heap,exit] Heap
[35.943s][info   ][gc,heap,exit] Epsilon Heap
[35.943s][info   ][gc,heap,exit] Allocation space:
[35.943s][info   ][gc,heap,exit]  space 2097152K,  30% used [0x0000000080000000, 0x00000000a6930d30, 0x0000000100000000)
[35.943s][info   ][gc,heap,exit]  Metaspace       used 20809K, committed 21184K, reserved 1114112K
[35.943s][info   ][gc,heap,exit]   class space    used 1761K, committed 1920K, reserved 1048576K
[35.943s][info   ][gc          ] Heap: 2048M reserved, 2048M (100.00%) committed, 617M (30.14%) used
[35.944s][info   ][gc,metaspace] Metaspace: 1088M reserved, 21184K (1.90%) committed, 20810K (1.87%) used
