[0.017s][info][gc] Using Epsilon
[0.020s][info][gc,init] Version: 20+36-2344 (release)
[0.020s][info][gc,init] CPUs: 48 total, 48 available
[0.020s][info][gc,init] Memory: 382G
[0.020s][info][gc,init] Large Page Support: Disabled
[0.020s][info][gc,init] NUMA Support: Disabled
[0.020s][info][gc,init] Compressed Oops: Enabled (32-bit)
[0.020s][info][gc,init] Heap Min Capacity: 6656K
[0.020s][info][gc,init] Heap Initial Capacity: 1G
[0.020s][info][gc,init] Heap Max Capacity: 1G
[0.020s][info][gc,init] Pre-touch: Disabled
[0.020s][warning][gc,init] Consider enabling -XX:+AlwaysPreTouch to avoid memory commit hiccups
[0.038s][info   ][gc,init] TLAB Size Max: 4M
[0.038s][info   ][gc,init] TLAB Size Elasticity: 1.10x
[0.038s][info   ][gc,init] TLAB Size Decay Time: 1000ms
[0.039s][info   ][gc,metaspace] CDS archive(s) mapped at: [0x0000000800000000-0x0000000800c60000-0x0000000800c60000), size 12976128, SharedBaseAddress: 0x0000000800000000, ArchiveRelocationMode: 0.
[0.039s][info   ][gc,metaspace] Compressed class space mapped at: 0x0000000801000000-0x0000000841000000, reserved size: 1073741824
[0.039s][info   ][gc,metaspace] Narrow klass base: 0x0000000800000000, Narrow klass shift: 0, Narrow klass range: 0x100000000
[5.152s][info   ][gc          ] GC request for "System.gc()" is ignored
[5.547s][info   ][gc          ] Heap: 1024M reserved, 1024M (100.00%) committed, 52669K (5.02%) used
[5.547s][info   ][gc,metaspace] Metaspace: 1088M reserved, 13056K (1.17%) committed, 12733K (1.14%) used
[6.151s][info   ][gc          ] Heap: 1024M reserved, 1024M (100.00%) committed, 102M (10.03%) used
[6.151s][info   ][gc,metaspace] Metaspace: 1088M reserved, 17792K (1.60%) committed, 17471K (1.57%) used
[6.521s][info   ][gc          ] Heap: 1024M reserved, 1024M (100.00%) committed, 153M (15.03%) used
[6.521s][info   ][gc,metaspace] Metaspace: 1088M reserved, 19072K (1.71%) committed, 18673K (1.68%) used
[7.003s][info   ][gc          ] Heap: 1024M reserved, 1024M (100.00%) committed, 205M (20.03%) used
[7.003s][info   ][gc,metaspace] Metaspace: 1088M reserved, 19584K (1.76%) committed, 19186K (1.72%) used
[7.382s][info   ][gc          ] Heap: 1024M reserved, 1024M (100.00%) committed, 257M (25.11%) used
[7.382s][info   ][gc,metaspace] Metaspace: 1088M reserved, 20224K (1.82%) committed, 19913K (1.79%) used
[7.607s][info   ][gc          ] Heap: 1024M reserved, 1024M (100.00%) committed, 308M (30.12%) used
[7.607s][info   ][gc,metaspace] Metaspace: 1088M reserved, 20352K (1.83%) committed, 20043K (1.80%) used
[7.872s][info   ][gc          ] Heap: 1024M reserved, 1024M (100.00%) committed, 359M (35.13%) used
[7.872s][info   ][gc,metaspace] Metaspace: 1088M reserved, 20480K (1.84%) committed, 20143K (1.81%) used
[8.179s][info   ][gc          ] Heap: 1024M reserved, 1024M (100.00%) committed, 411M (40.14%) used
[8.179s][info   ][gc,metaspace] Metaspace: 1088M reserved, 20544K (1.84%) committed, 20192K (1.81%) used
[8.341s][info   ][gc          ] Heap: 1024M reserved, 1024M (100.00%) committed, 462M (45.15%) used
[8.341s][info   ][gc,metaspace] Metaspace: 1088M reserved, 20672K (1.86%) committed, 20334K (1.83%) used
[8.563s][info   ][gc          ] Heap: 1024M reserved, 1024M (100.00%) committed, 514M (50.22%) used
[8.563s][info   ][gc,metaspace] Metaspace: 1088M reserved, 20736K (1.86%) committed, 20396K (1.83%) used
[8.828s][info   ][gc          ] Heap: 1024M reserved, 1024M (100.00%) committed, 565M (55.23%) used
[8.828s][info   ][gc,metaspace] Metaspace: 1088M reserved, 20864K (1.87%) committed, 20446K (1.84%) used
[9.015s][info   ][gc          ] Heap: 1024M reserved, 1024M (100.00%) committed, 616M (60.24%) used
[9.015s][info   ][gc,metaspace] Metaspace: 1088M reserved, 20864K (1.87%) committed, 20449K (1.84%) used
[32.931s][info   ][gc,heap,exit] Heap
[32.931s][info   ][gc,heap,exit] Epsilon Heap
[32.931s][info   ][gc,heap,exit] Allocation space:
[32.931s][info   ][gc,heap,exit]  space 1048576K,  60% used [0x00000000c0000000, 0x00000000e6987cb0, 0x0000000100000000)
[32.932s][info   ][gc,heap,exit]  Metaspace       used 20822K, committed 21184K, reserved 1114112K
[32.932s][info   ][gc,heap,exit]   class space    used 1763K, committed 1920K, reserved 1048576K
[32.932s][info   ][gc          ] Heap: 1024M reserved, 1024M (100.00%) committed, 617M (60.31%) used
[32.932s][info   ][gc,metaspace] Metaspace: 1088M reserved, 21184K (1.90%) committed, 20822K (1.87%) used
