[0.017s][info][gc] Using Epsilon
[0.023s][info][gc,init] Version: 20+36-2344 (release)
[0.023s][info][gc,init] CPUs: 48 total, 48 available
[0.023s][info][gc,init] Memory: 382G
[0.023s][info][gc,init] Large Page Support: Disabled
[0.023s][info][gc,init] NUMA Support: Disabled
[0.023s][info][gc,init] Compressed Oops: Enabled (Zero based)
[0.023s][info][gc,init] Heap Min Capacity: 6656K
[0.023s][info][gc,init] Heap Initial Capacity: 2G
[0.023s][info][gc,init] Heap Max Capacity: 4G
[0.023s][info][gc,init] Pre-touch: Disabled
[0.023s][warning][gc,init] Consider setting -Xms equal to -Xmx to avoid resizing hiccups
[0.041s][warning][gc,init] Consider enabling -XX:+AlwaysPreTouch to avoid memory commit hiccups
[0.041s][info   ][gc,init] TLAB Size Max: 4M
[0.041s][info   ][gc,init] TLAB Size Elasticity: 1.10x
[0.041s][info   ][gc,init] TLAB Size Decay Time: 1000ms
[0.043s][info   ][gc,metaspace] CDS archive(s) mapped at: [0x0000000800000000-0x0000000800c60000-0x0000000800c60000), size 12976128, SharedBaseAddress: 0x0000000800000000, ArchiveRelocationMode: 0.
[0.043s][info   ][gc,metaspace] Compressed class space mapped at: 0x0000000801000000-0x0000000841000000, reserved size: 1073741824
[0.043s][info   ][gc,metaspace] Narrow klass base: 0x0000000800000000, Narrow klass shift: 0, Narrow klass range: 0x100000000
[6.277s][info   ][gc          ] GC request for "System.gc()" is ignored
[7.767s][info   ][gc          ] Heap: 4096M reserved, 2048M (50.00%) committed, 204M (5.00%) used
[7.767s][info   ][gc,metaspace] Metaspace: 1088M reserved, 19520K (1.75%) committed, 19184K (1.72%) used
[9.037s][info   ][gc          ] Heap: 4096M reserved, 2048M (50.00%) committed, 409M (10.00%) used
[9.038s][info   ][gc,metaspace] Metaspace: 1088M reserved, 20544K (1.84%) committed, 20183K (1.81%) used
[10.219s][info   ][gc          ] Heap: 4096M reserved, 2048M (50.00%) committed, 614M (15.00%) used
[10.219s][info   ][gc,metaspace] Metaspace: 1088M reserved, 20864K (1.87%) committed, 20440K (1.83%) used
[33.121s][info   ][gc,heap,exit] Heap
[33.121s][info   ][gc,heap,exit] Epsilon Heap
[33.121s][info   ][gc,heap,exit] Allocation space:
[33.121s][info   ][gc,heap,exit]  space 2097152K,  30% used [0x0000000700000000, 0x0000000726c44928, 0x0000000780000000)
[33.121s][info   ][gc,heap,exit]  Metaspace       used 20811K, committed 21184K, reserved 1114112K
[33.121s][info   ][gc,heap,exit]   class space    used 1760K, committed 1920K, reserved 1048576K
[33.121s][info   ][gc          ] Heap: 4096M reserved, 2048M (50.00%) committed, 620M (15.14%) used
[33.121s][info   ][gc,metaspace] Metaspace: 1088M reserved, 21184K (1.90%) committed, 20811K (1.87%) used
