[0.017s][info][gc] Using Epsilon
[0.018s][info][gc,init] Version: 20+36-2344 (release)
[0.018s][info][gc,init] CPUs: 48 total, 48 available
[0.019s][info][gc,init] Memory: 382G
[0.019s][info][gc,init] Large Page Support: Disabled
[0.019s][info][gc,init] NUMA Support: Disabled
[0.019s][info][gc,init] Compressed Oops: Enabled (32-bit)
[0.019s][info][gc,init] Heap Min Capacity: 6656K
[0.019s][info][gc,init] Heap Initial Capacity: 512M
[0.019s][info][gc,init] Heap Max Capacity: 512M
[0.019s][info][gc,init] Pre-touch: Disabled
[0.019s][warning][gc,init] Consider enabling -XX:+AlwaysPreTouch to avoid memory commit hiccups
[0.033s][info   ][gc,init] TLAB Size Max: 4M
[0.033s][info   ][gc,init] TLAB Size Elasticity: 1.10x
[0.033s][info   ][gc,init] TLAB Size Decay Time: 1000ms
[0.035s][info   ][gc,metaspace] CDS archive(s) mapped at: [0x0000000800000000-0x0000000800c60000-0x0000000800c60000), size 12976128, SharedBaseAddress: 0x0000000800000000, ArchiveRelocationMode: 0.
[0.035s][info   ][gc,metaspace] Compressed class space mapped at: 0x0000000801000000-0x0000000841000000, reserved size: 1073741824
[0.035s][info   ][gc,metaspace] Narrow klass base: 0x0000000800000000, Narrow klass shift: 0, Narrow klass range: 0x100000000
[5.207s][info   ][gc          ] Heap: 512M reserved, 512M (100.00%) committed, 28483K (5.43%) used
[5.208s][info   ][gc,metaspace] Metaspace: 1088M reserved, 8384K (0.75%) committed, 8082K (0.73%) used
[5.767s][info   ][gc          ] GC request for "System.gc()" is ignored
[6.039s][info   ][gc          ] Heap: 512M reserved, 512M (100.00%) committed, 54858K (10.46%) used
[6.039s][info   ][gc,metaspace] Metaspace: 1088M reserved, 13312K (1.19%) committed, 12933K (1.16%) used
[6.411s][info   ][gc          ] Heap: 512M reserved, 512M (100.00%) committed, 81084K (15.47%) used
[6.411s][info   ][gc,metaspace] Metaspace: 1088M reserved, 17472K (1.57%) committed, 17054K (1.53%) used
[6.599s][info   ][gc          ] Heap: 512M reserved, 512M (100.00%) committed, 104M (20.48%) used
[6.599s][info   ][gc,metaspace] Metaspace: 1088M reserved, 17920K (1.61%) committed, 17500K (1.57%) used
[6.836s][info   ][gc          ] Heap: 512M reserved, 512M (100.00%) committed, 130M (25.49%) used
[6.836s][info   ][gc,metaspace] Metaspace: 1088M reserved, 18432K (1.65%) committed, 18120K (1.63%) used
[7.027s][info   ][gc          ] Heap: 512M reserved, 512M (100.00%) committed, 158M (30.89%) used
[7.027s][info   ][gc,metaspace] Metaspace: 1088M reserved, 19072K (1.71%) committed, 18721K (1.68%) used
[7.255s][info   ][gc          ] Heap: 512M reserved, 512M (100.00%) committed, 185M (36.19%) used
[7.255s][info   ][gc,metaspace] Metaspace: 1088M reserved, 19328K (1.73%) committed, 18986K (1.70%) used
[7.369s][info   ][gc          ] Heap: 512M reserved, 512M (100.00%) committed, 210M (41.20%) used
[7.369s][info   ][gc,metaspace] Metaspace: 1088M reserved, 19584K (1.76%) committed, 19196K (1.72%) used
[7.572s][info   ][gc          ] Heap: 512M reserved, 512M (100.00%) committed, 236M (46.21%) used
[7.572s][info   ][gc,metaspace] Metaspace: 1088M reserved, 19968K (1.79%) committed, 19632K (1.76%) used
[7.748s][info   ][gc          ] Heap: 512M reserved, 512M (100.00%) committed, 263M (51.45%) used
[7.748s][info   ][gc,metaspace] Metaspace: 1088M reserved, 20224K (1.82%) committed, 19907K (1.79%) used
[7.856s][info   ][gc          ] Heap: 512M reserved, 512M (100.00%) committed, 291M (56.90%) used
[7.856s][info   ][gc,metaspace] Metaspace: 1088M reserved, 20352K (1.83%) committed, 20007K (1.80%) used
[7.985s][info   ][gc          ] Heap: 512M reserved, 512M (100.00%) committed, 319M (62.47%) used
[7.985s][info   ][gc,metaspace] Metaspace: 1088M reserved, 20416K (1.83%) committed, 20054K (1.80%) used
[8.139s][info   ][gc          ] Heap: 512M reserved, 512M (100.00%) committed, 345M (67.49%) used
[8.139s][info   ][gc,metaspace] Metaspace: 1088M reserved, 20480K (1.84%) committed, 20131K (1.81%) used
[8.266s][info   ][gc          ] Heap: 512M reserved, 512M (100.00%) committed, 371M (72.53%) used
[8.266s][info   ][gc,metaspace] Metaspace: 1088M reserved, 20544K (1.84%) committed, 20184K (1.81%) used
[8.333s][info   ][gc          ] Heap: 512M reserved, 512M (100.00%) committed, 397M (77.54%) used
[8.333s][info   ][gc,metaspace] Metaspace: 1088M reserved, 20544K (1.84%) committed, 20189K (1.81%) used
[8.514s][info   ][gc          ] Heap: 512M reserved, 512M (100.00%) committed, 422M (82.56%) used
[8.514s][info   ][gc,metaspace] Metaspace: 1088M reserved, 20608K (1.85%) committed, 20205K (1.81%) used
[8.767s][info   ][gc          ] Heap: 512M reserved, 512M (100.00%) committed, 448M (87.59%) used
[8.767s][info   ][gc,metaspace] Metaspace: 1088M reserved, 20672K (1.86%) committed, 20306K (1.82%) used
[8.928s][info   ][gc          ] Heap: 512M reserved, 512M (100.00%) committed, 474M (92.60%) used
[8.929s][info   ][gc,metaspace] Metaspace: 1088M reserved, 20736K (1.86%) committed, 20350K (1.83%) used
[9.584s][info   ][gc          ] Heap: 512M reserved, 512M (100.00%) committed, 500M (97.75%) used
[9.584s][info   ][gc,metaspace] Metaspace: 1088M reserved, 20736K (1.86%) committed, 20382K (1.83%) used
