[0.017s][info][gc,init] CardTable entry size: 512
[0.018s][info][gc     ] Using G1
[0.026s][info][gc,init] Version: 20+36-2344 (release)
[0.026s][info][gc,init] CPUs: 48 total, 48 available
[0.026s][info][gc,init] Memory: 382G
[0.026s][info][gc,init] Large Page Support: Disabled
[0.026s][info][gc,init] NUMA Support: Disabled
[0.026s][info][gc,init] Compressed Oops: Enabled (32-bit)
[0.026s][info][gc,init] Heap Region Size: 1M
[0.026s][info][gc,init] Heap Min Capacity: 8M
[0.026s][info][gc,init] Heap Initial Capacity: 512M
[0.026s][info][gc,init] Heap Max Capacity: 512M
[0.026s][info][gc,init] Pre-touch: Disabled
[0.030s][info][gc,init] Parallel Workers: 33
[0.030s][info][gc,init] Concurrent Workers: 8
[0.030s][info][gc,init] Concurrent Refinement Workers: 33
[0.030s][info][gc,init] Periodic GC: Disabled
[0.031s][info][gc,metaspace] CDS archive(s) mapped at: [0x0000000800000000-0x0000000800c60000-0x0000000800c60000), size 12976128, SharedBaseAddress: 0x0000000800000000, ArchiveRelocationMode: 0.
[0.031s][info][gc,metaspace] Compressed class space mapped at: 0x0000000801000000-0x0000000841000000, reserved size: 1073741824
[0.031s][info][gc,metaspace] Narrow klass base: 0x0000000800000000, Narrow klass shift: 0, Narrow klass range: 0x100000000
[5.934s][info][gc,start    ] GC(0) Pause Young (Normal) (G1 Evacuation Pause)
[5.935s][info][gc,task     ] GC(0) Using 12 workers of 33 for evacuation
[5.942s][info][gc,phases   ] GC(0)   Pre Evacuate Collection Set: 0.2ms
[5.942s][info][gc,phases   ] GC(0)   Merge Heap Roots: 0.1ms
[5.942s][info][gc,phases   ] GC(0)   Evacuate Collection Set: 5.0ms
[5.942s][info][gc,phases   ] GC(0)   Post Evacuate Collection Set: 0.9ms
[5.942s][info][gc,phases   ] GC(0)   Other: 1.0ms
[5.942s][info][gc,heap     ] GC(0) Eden regions: 25->0(33)
[5.942s][info][gc,heap     ] GC(0) Survivor regions: 0->4(4)
[5.942s][info][gc,heap     ] GC(0) Old regions: 0->0
[5.942s][info][gc,heap     ] GC(0) Archive regions: 0->0
[5.942s][info][gc,heap     ] GC(0) Humongous regions: 2->2
[5.942s][info][gc,metaspace] GC(0) Metaspace: 7339K(7680K)->7339K(7680K) NonClass: 6609K(6784K)->6609K(6784K) Class: 730K(896K)->730K(896K)
[5.942s][info][gc          ] GC(0) Pause Young (Normal) (G1 Evacuation Pause) 27M->5M(512M) 7.807ms
[5.942s][info][gc,cpu      ] GC(0) User=0.00s Sys=0.00s Real=0.00s
[6.895s][info][gc,start    ] GC(1) Pause Full (System.gc())
[6.896s][info][gc,task     ] GC(1) Using 12 workers of 33 for full compaction
[6.896s][info][gc,phases,start] GC(1) Phase 1: Mark live objects
[6.902s][info][gc,phases      ] GC(1) Phase 1: Mark live objects 5.403ms
[6.902s][info][gc,phases,start] GC(1) Phase 2: Prepare compaction
[6.904s][info][gc,phases      ] GC(1) Phase 2: Prepare compaction 1.675ms
[6.904s][info][gc,phases,start] GC(1) Phase 3: Adjust pointers
[6.909s][info][gc,phases      ] GC(1) Phase 3: Adjust pointers 5.065ms
[6.909s][info][gc,phases,start] GC(1) Phase 4: Compact heap
[6.912s][info][gc,phases      ] GC(1) Phase 4: Compact heap 3.346ms
[6.920s][info][gc,heap        ] GC(1) Eden regions: 21->0(24)
[6.920s][info][gc,heap        ] GC(1) Survivor regions: 4->0(4)
[6.920s][info][gc,heap        ] GC(1) Old regions: 0->15
[6.920s][info][gc,heap        ] GC(1) Archive regions: 0->0
[6.920s][info][gc,heap        ] GC(1) Humongous regions: 2->2
[6.920s][info][gc,metaspace   ] GC(1) Metaspace: 9866K(10176K)->9866K(10176K) NonClass: 8910K(9088K)->8910K(9088K) Class: 955K(1088K)->955K(1088K)
[6.920s][info][gc             ] GC(1) Pause Full (System.gc()) 26M->7M(57M) 24.340ms
[6.920s][info][gc,cpu         ] GC(1) User=0.03s Sys=0.06s Real=0.01s
[7.340s][info][gc,start       ] GC(2) Pause Young (Normal) (G1 Evacuation Pause)
[7.342s][info][gc,task        ] GC(2) Using 33 workers of 33 for evacuation
[7.353s][info][gc,phases      ] GC(2)   Pre Evacuate Collection Set: 0.2ms
[7.353s][info][gc,phases      ] GC(2)   Merge Heap Roots: 0.1ms
[7.353s][info][gc,phases      ] GC(2)   Evacuate Collection Set: 9.6ms
[7.353s][info][gc,phases      ] GC(2)   Post Evacuate Collection Set: 1.2ms
[7.353s][info][gc,phases      ] GC(2)   Other: 1.4ms
[7.353s][info][gc,heap        ] GC(2) Eden regions: 24->0(20)
[7.353s][info][gc,heap        ] GC(2) Survivor regions: 0->3(3)
[7.353s][info][gc,heap        ] GC(2) Old regions: 15->18
[7.353s][info][gc,heap        ] GC(2) Archive regions: 0->0
[7.353s][info][gc,heap        ] GC(2) Humongous regions: 2->2
[7.353s][info][gc,metaspace   ] GC(2) Metaspace: 14508K(14912K)->14508K(14912K) NonClass: 13096K(13312K)->13096K(13312K) Class: 1411K(1600K)->1411K(1600K)
[7.353s][info][gc             ] GC(2) Pause Young (Normal) (G1 Evacuation Pause) 31M->12M(57M) 13.249ms
[7.353s][info][gc,cpu         ] GC(2) User=0.03s Sys=0.03s Real=0.01s
[7.602s][info][gc,start       ] GC(3) Pause Young (Normal) (G1 Evacuation Pause)
[7.602s][info][gc,task        ] GC(3) Using 33 workers of 33 for evacuation
[7.607s][info][gc,phases      ] GC(3)   Pre Evacuate Collection Set: 0.1ms
[7.607s][info][gc,phases      ] GC(3)   Merge Heap Roots: 0.1ms
[7.607s][info][gc,phases      ] GC(3)   Evacuate Collection Set: 3.9ms
[7.607s][info][gc,phases      ] GC(3)   Post Evacuate Collection Set: 0.8ms
[7.607s][info][gc,phases      ] GC(3)   Other: 0.1ms
[7.607s][info][gc,heap        ] GC(3) Eden regions: 20->0(21)
[7.607s][info][gc,heap        ] GC(3) Survivor regions: 3->2(3)
[7.607s][info][gc,heap        ] GC(3) Old regions: 18->21
[7.607s][info][gc,heap        ] GC(3) Archive regions: 0->0
[7.607s][info][gc,heap        ] GC(3) Humongous regions: 2->2
[7.607s][info][gc,metaspace   ] GC(3) Metaspace: 17060K(17408K)->17060K(17408K) NonClass: 15474K(15616K)->15474K(15616K) Class: 1585K(1792K)->1585K(1792K)
[7.607s][info][gc             ] GC(3) Pause Young (Normal) (G1 Evacuation Pause) 32M->14M(57M) 5.405ms
[7.607s][info][gc,cpu         ] GC(3) User=0.36s Sys=0.09s Real=0.00s
[7.814s][info][gc,start       ] GC(4) Pause Young (Normal) (G1 Evacuation Pause)
[7.814s][info][gc,task        ] GC(4) Using 33 workers of 33 for evacuation
[7.817s][info][gc,phases      ] GC(4)   Pre Evacuate Collection Set: 0.2ms
[7.817s][info][gc,phases      ] GC(4)   Merge Heap Roots: 0.2ms
[7.817s][info][gc,phases      ] GC(4)   Evacuate Collection Set: 1.6ms
[7.817s][info][gc,phases      ] GC(4)   Post Evacuate Collection Set: 0.8ms
[7.817s][info][gc,phases      ] GC(4)   Other: 0.1ms
[7.817s][info][gc,heap        ] GC(4) Eden regions: 21->0(22)
[7.817s][info][gc,heap        ] GC(4) Survivor regions: 2->2(3)
[7.817s][info][gc,heap        ] GC(4) Old regions: 21->22
[7.817s][info][gc,heap        ] GC(4) Archive regions: 0->0
[7.817s][info][gc,heap        ] GC(4) Humongous regions: 2->2
[7.817s][info][gc,metaspace   ] GC(4) Metaspace: 17410K(17792K)->17410K(17792K) NonClass: 15820K(16000K)->15820K(16000K) Class: 1590K(1792K)->1590K(1792K)
[7.817s][info][gc             ] GC(4) Pause Young (Normal) (G1 Evacuation Pause) 35M->15M(57M) 3.195ms
[7.817s][info][gc,cpu         ] GC(4) User=0.00s Sys=0.00s Real=0.00s
[8.072s][info][gc,start       ] GC(5) Pause Young (Normal) (G1 Evacuation Pause)
[8.072s][info][gc,task        ] GC(5) Using 33 workers of 33 for evacuation
[8.074s][info][gc,phases      ] GC(5)   Pre Evacuate Collection Set: 0.2ms
[8.074s][info][gc,phases      ] GC(5)   Merge Heap Roots: 0.2ms
[8.074s][info][gc,phases      ] GC(5)   Evacuate Collection Set: 1.0ms
[8.074s][info][gc,phases      ] GC(5)   Post Evacuate Collection Set: 0.8ms
[8.074s][info][gc,phases      ] GC(5)   Other: 0.1ms
[8.074s][info][gc,heap        ] GC(5) Eden regions: 22->0(23)
[8.074s][info][gc,heap        ] GC(5) Survivor regions: 2->2(3)
[8.074s][info][gc,heap        ] GC(5) Old regions: 22->22
[8.074s][info][gc,heap        ] GC(5) Archive regions: 0->0
[8.074s][info][gc,heap        ] GC(5) Humongous regions: 2->2
[8.074s][info][gc,metaspace   ] GC(5) Metaspace: 17945K(18304K)->17945K(18304K) NonClass: 16334K(16512K)->16334K(16512K) Class: 1610K(1792K)->1610K(1792K)
[8.074s][info][gc             ] GC(5) Pause Young (Normal) (G1 Evacuation Pause) 37M->15M(57M) 2.447ms
[8.074s][info][gc,cpu         ] GC(5) User=0.58s Sys=0.02s Real=0.00s
[8.233s][info][gc,start       ] GC(6) Pause Young (Normal) (G1 Evacuation Pause)
[8.233s][info][gc,task        ] GC(6) Using 33 workers of 33 for evacuation
[8.236s][info][gc,phases      ] GC(6)   Pre Evacuate Collection Set: 0.2ms
[8.236s][info][gc,phases      ] GC(6)   Merge Heap Roots: 0.2ms
[8.236s][info][gc,phases      ] GC(6)   Evacuate Collection Set: 1.6ms
[8.236s][info][gc,phases      ] GC(6)   Post Evacuate Collection Set: 1.0ms
[8.236s][info][gc,phases      ] GC(6)   Other: 0.1ms
[8.236s][info][gc,heap        ] GC(6) Eden regions: 23->0(24)
[8.236s][info][gc,heap        ] GC(6) Survivor regions: 2->2(4)
[8.236s][info][gc,heap        ] GC(6) Old regions: 22->22
[8.236s][info][gc,heap        ] GC(6) Archive regions: 0->0
[8.236s][info][gc,heap        ] GC(6) Humongous regions: 2->2
[8.236s][info][gc,metaspace   ] GC(6) Metaspace: 18571K(18944K)->18571K(18944K) NonClass: 16905K(17088K)->16905K(17088K) Class: 1665K(1856K)->1665K(1856K)
[8.236s][info][gc             ] GC(6) Pause Young (Normal) (G1 Evacuation Pause) 38M->15M(57M) 3.468ms
[8.236s][info][gc,cpu         ] GC(6) User=0.00s Sys=0.00s Real=0.00s
[8.372s][info][gc,start       ] GC(7) Pause Young (Normal) (G1 Evacuation Pause)
[8.372s][info][gc,task        ] GC(7) Using 33 workers of 33 for evacuation
[8.377s][info][gc,phases      ] GC(7)   Pre Evacuate Collection Set: 0.2ms
[8.377s][info][gc,phases      ] GC(7)   Merge Heap Roots: 0.2ms
[8.377s][info][gc,phases      ] GC(7)   Evacuate Collection Set: 1.5ms
[8.377s][info][gc,phases      ] GC(7)   Post Evacuate Collection Set: 2.8ms
[8.377s][info][gc,phases      ] GC(7)   Other: 0.1ms
[8.377s][info][gc,heap        ] GC(7) Eden regions: 24->0(169)
[8.377s][info][gc,heap        ] GC(7) Survivor regions: 2->2(4)
[8.377s][info][gc,heap        ] GC(7) Old regions: 22->22
[8.377s][info][gc,heap        ] GC(7) Archive regions: 0->0
[8.377s][info][gc,heap        ] GC(7) Humongous regions: 2->2
[8.377s][info][gc,metaspace   ] GC(7) Metaspace: 18876K(19264K)->18876K(19264K) NonClass: 17203K(17408K)->17203K(17408K) Class: 1672K(1856K)->1672K(1856K)
[8.377s][info][gc             ] GC(7) Pause Young (Normal) (G1 Evacuation Pause) 39M->15M(285M) 5.238ms
[8.378s][info][gc,cpu         ] GC(7) User=0.00s Sys=0.00s Real=0.00s
[9.423s][info][gc,start       ] GC(8) Pause Young (Normal) (G1 Evacuation Pause)
[9.423s][info][gc,task        ] GC(8) Using 33 workers of 33 for evacuation
[9.428s][info][gc,phases      ] GC(8)   Pre Evacuate Collection Set: 0.2ms
[9.428s][info][gc,phases      ] GC(8)   Merge Heap Roots: 0.3ms
[9.428s][info][gc,phases      ] GC(8)   Evacuate Collection Set: 2.7ms
[9.428s][info][gc,phases      ] GC(8)   Post Evacuate Collection Set: 1.3ms
[9.428s][info][gc,phases      ] GC(8)   Other: 0.2ms
[9.428s][info][gc,heap        ] GC(8) Eden regions: 169->0(168)
[9.428s][info][gc,heap        ] GC(8) Survivor regions: 2->3(22)
[9.428s][info][gc,heap        ] GC(8) Old regions: 22->22
[9.428s][info][gc,heap        ] GC(8) Archive regions: 0->0
[9.428s][info][gc,heap        ] GC(8) Humongous regions: 2->2
[9.428s][info][gc,metaspace   ] GC(8) Metaspace: 20077K(20416K)->20077K(20416K) NonClass: 18368K(18560K)->18368K(18560K) Class: 1709K(1856K)->1709K(1856K)
[9.428s][info][gc             ] GC(8) Pause Young (Normal) (G1 Evacuation Pause) 184M->16M(285M) 5.205ms
[9.428s][info][gc,cpu         ] GC(8) User=0.00s Sys=0.00s Real=0.01s
[10.170s][info][gc,start       ] GC(9) Pause Young (Normal) (G1 Evacuation Pause)
[10.170s][info][gc,task        ] GC(9) Using 33 workers of 33 for evacuation
[10.179s][info][gc,phases      ] GC(9)   Pre Evacuate Collection Set: 0.2ms
[10.179s][info][gc,phases      ] GC(9)   Merge Heap Roots: 0.2ms
[10.179s][info][gc,phases      ] GC(9)   Evacuate Collection Set: 3.3ms
[10.179s][info][gc,phases      ] GC(9)   Post Evacuate Collection Set: 4.5ms
[10.179s][info][gc,phases      ] GC(9)   Other: 0.1ms
[10.179s][info][gc,heap        ] GC(9) Eden regions: 168->0(167)
[10.179s][info][gc,heap        ] GC(9) Survivor regions: 3->4(22)
[10.179s][info][gc,heap        ] GC(9) Old regions: 22->22
[10.179s][info][gc,heap        ] GC(9) Archive regions: 0->0
[10.179s][info][gc,heap        ] GC(9) Humongous regions: 2->2
[10.179s][info][gc,metaspace   ] GC(9) Metaspace: 20350K(20736K)->20350K(20736K) NonClass: 18630K(18816K)->18630K(18816K) Class: 1720K(1920K)->1720K(1920K)
[10.179s][info][gc             ] GC(9) Pause Young (Normal) (G1 Evacuation Pause) 184M->17M(285M) 8.665ms
[10.179s][info][gc,cpu         ] GC(9) User=0.00s Sys=0.00s Real=0.01s
[34.228s][info][gc,heap,exit   ] Heap
[34.228s][info][gc,heap,exit   ]  garbage-first heap   total 291840K, used 145913K [0x00000000e0000000, 0x0000000100000000)
[34.228s][info][gc,heap,exit   ]   region size 1024K, 130 young (133120K), 4 survivors (4096K)
[34.228s][info][gc,heap,exit   ]  Metaspace       used 20791K, committed 21184K, reserved 1114112K
[34.228s][info][gc,heap,exit   ]   class space    used 1756K, committed 1920K, reserved 1048576K
