[0.015s][info][gc,init] CardTable entry size: 512
[0.015s][info][gc     ] Using Parallel
[0.024s][info][gc,init] Version: 20+36-2344 (release)
[0.024s][info][gc,init] CPUs: 48 total, 48 available
[0.024s][info][gc,init] Memory: 382G
[0.024s][info][gc,init] Large Page Support: Disabled
[0.024s][info][gc,init] NUMA Support: Disabled
[0.024s][info][gc,init] Compressed Oops: Enabled (32-bit)
[0.024s][info][gc,init] Alignments: Space 512K, Generation 512K, Heap 2M
[0.024s][info][gc,init] Heap Min Capacity: 8M
[0.024s][info][gc,init] Heap Initial Capacity: 2G
[0.024s][info][gc,init] Heap Max Capacity: 2G
[0.033s][info][gc,init] Pre-touch: Disabled
[0.033s][info][gc,init] Parallel Workers: 33
[0.034s][info][gc,metaspace] CDS archive(s) mapped at: [0x0000000800000000-0x0000000800c60000-0x0000000800c60000), size 12976128, SharedBaseAddress: 0x0000000800000000, ArchiveRelocationMode: 0.
[0.034s][info][gc,metaspace] Compressed class space mapped at: 0x0000000801000000-0x0000000841000000, reserved size: 1073741824
[0.034s][info][gc,metaspace] Narrow klass base: 0x0000000800000000, Narrow klass shift: 0, Narrow klass range: 0x100000000
[5.786s][info][gc,start    ] GC(0) Pause Young (Allocation Failure)
[5.801s][info][gc,heap     ] GC(0) PSYoungGen: 524800K(611840K)->7226K(611840K) Eden: 524800K(524800K)->0K(524800K) From: 0K(87040K)->7226K(87040K)
[5.801s][info][gc,heap     ] GC(0) ParOldGen: 0K(1398272K)->88K(1398272K)
[5.801s][info][gc,metaspace] GC(0) Metaspace: 9574K(9920K)->9574K(9920K) NonClass: 8643K(8832K)->8643K(8832K) Class: 930K(1088K)->930K(1088K)
[5.801s][info][gc          ] GC(0) Pause Young (Allocation Failure) 512M->7M(1963M) 14.782ms
[5.801s][info][gc,cpu      ] GC(0) User=0.17s Sys=0.13s Real=0.02s
[5.850s][info][gc,start    ] GC(1) Pause Young (System.gc())
[5.860s][info][gc,heap     ] GC(1) PSYoungGen: 48095K(611840K)->7227K(611840K) Eden: 40868K(524800K)->0K(524800K) From: 7226K(87040K)->7227K(87040K)
[5.860s][info][gc,heap     ] GC(1) ParOldGen: 88K(1398272K)->96K(1398272K)
[5.860s][info][gc,metaspace] GC(1) Metaspace: 9851K(10176K)->9851K(10176K) NonClass: 8895K(9088K)->8895K(9088K) Class: 955K(1088K)->955K(1088K)
[5.860s][info][gc          ] GC(1) Pause Young (System.gc()) 47M->7M(1963M) 10.872ms
[5.860s][info][gc,cpu      ] GC(1) User=0.13s Sys=0.39s Real=0.02s
[5.861s][info][gc,start    ] GC(2) Pause Full (System.gc())
[5.861s][info][gc,phases,start] GC(2) Marking Phase
[5.875s][info][gc,phases      ] GC(2) Marking Phase 14.045ms
[5.875s][info][gc,phases,start] GC(2) Summary Phase
[5.875s][info][gc,phases      ] GC(2) Summary Phase 0.013ms
[5.875s][info][gc,phases,start] GC(2) Adjust Roots
[5.879s][info][gc,phases      ] GC(2) Adjust Roots 3.984ms
[5.879s][info][gc,phases,start] GC(2) Compaction Phase
[5.885s][info][gc,phases      ] GC(2) Compaction Phase 6.641ms
[5.885s][info][gc,phases,start] GC(2) Post Compact
[5.886s][info][gc,phases      ] GC(2) Post Compact 0.747ms
[5.886s][info][gc,heap        ] GC(2) PSYoungGen: 7227K(611840K)->0K(611840K) Eden: 0K(524800K)->0K(524800K) From: 7227K(87040K)->0K(87040K)
[5.886s][info][gc,heap        ] GC(2) ParOldGen: 96K(1398272K)->6773K(1398272K)
[5.886s][info][gc,metaspace   ] GC(2) Metaspace: 9851K(10176K)->9851K(10176K) NonClass: 8895K(9088K)->8895K(9088K) Class: 955K(1088K)->955K(1088K)
[5.886s][info][gc             ] GC(2) Pause Full (System.gc()) 7M->6M(1963M) 25.637ms
[5.886s][info][gc,cpu         ] GC(2) User=0.58s Sys=0.03s Real=0.03s
[8.318s][info][gc,start       ] GC(3) Pause Young (Allocation Failure)
[8.326s][info][gc,heap        ] GC(3) PSYoungGen: 524800K(611840K)->9055K(611840K) Eden: 524800K(524800K)->0K(524800K) From: 0K(87040K)->9055K(87040K)
[8.326s][info][gc,heap        ] GC(3) ParOldGen: 6773K(1398272K)->6781K(1398272K)
[8.326s][info][gc,metaspace   ] GC(3) Metaspace: 20058K(20416K)->20058K(20416K) NonClass: 18346K(18560K)->18346K(18560K) Class: 1712K(1856K)->1712K(1856K)
[8.326s][info][gc             ] GC(3) Pause Young (Allocation Failure) 519M->15M(1963M) 8.410ms
[8.326s][info][gc,cpu         ] GC(3) User=0.00s Sys=0.00s Real=0.00s
[33.373s][info][gc,heap,exit   ] Heap
[33.373s][info][gc,heap,exit   ]  PSYoungGen      total 611840K, used 459231K [0x00000000d5580000, 0x0000000100000000, 0x0000000100000000)
[33.373s][info][gc,heap,exit   ]   eden space 524800K, 85% used [0x00000000d5580000,0x00000000f0d20048,0x00000000f5600000)
[33.373s][info][gc,heap,exit   ]   from space 87040K, 10% used [0x00000000f5600000,0x00000000f5ed7e90,0x00000000fab00000)
[33.373s][info][gc,heap,exit   ]   to   space 87040K, 0% used [0x00000000fab00000,0x00000000fab00000,0x0000000100000000)
[33.373s][info][gc,heap,exit   ]  ParOldGen       total 1398272K, used 6781K [0x0000000080000000, 0x00000000d5580000, 0x00000000d5580000)
[33.373s][info][gc,heap,exit   ]   object space 1398272K, 0% used [0x0000000080000000,0x000000008069f6e8,0x00000000d5580000)
[33.373s][info][gc,heap,exit   ]  Metaspace       used 20851K, committed 21184K, reserved 1114112K
[33.373s][info][gc,heap,exit   ]   class space    used 1760K, committed 1920K, reserved 1048576K
