[0.017s][info][gc,init] CardTable entry size: 512
[0.017s][info][gc     ] Using Parallel
[0.027s][info][gc,init] Version: 20+36-2344 (release)
[0.027s][info][gc,init] CPUs: 48 total, 48 available
[0.027s][info][gc,init] Memory: 382G
[0.027s][info][gc,init] Large Page Support: Disabled
[0.027s][info][gc,init] NUMA Support: Disabled
[0.027s][info][gc,init] Compressed Oops: Enabled (Zero based)
[0.027s][info][gc,init] Alignments: Space 512K, Generation 512K, Heap 2M
[0.027s][info][gc,init] Heap Min Capacity: 8M
[0.027s][info][gc,init] Heap Initial Capacity: 2G
[0.027s][info][gc,init] Heap Max Capacity: 4G
[0.037s][info][gc,init] Pre-touch: Disabled
[0.037s][info][gc,init] Parallel Workers: 33
[0.038s][info][gc,metaspace] CDS archive(s) mapped at: [0x0000000800000000-0x0000000800c60000-0x0000000800c60000), size 12976128, SharedBaseAddress: 0x0000000800000000, ArchiveRelocationMode: 0.
[0.038s][info][gc,metaspace] Compressed class space mapped at: 0x0000000801000000-0x0000000841000000, reserved size: 1073741824
[0.038s][info][gc,metaspace] Narrow klass base: 0x0000000800000000, Narrow klass shift: 0, Narrow klass range: 0x100000000
[5.182s][info][gc,start    ] GC(0) Pause Young (Allocation Failure)
[5.196s][info][gc,heap     ] GC(0) PSYoungGen: 524800K(611840K)->7309K(611840K) Eden: 524800K(524800K)->0K(524800K) From: 0K(87040K)->7309K(87040K)
[5.196s][info][gc,heap     ] GC(0) ParOldGen: 0K(1398272K)->88K(1398272K)
[5.196s][info][gc,metaspace] GC(0) Metaspace: 9575K(9856K)->9575K(9856K) NonClass: 8644K(8768K)->8644K(8768K) Class: 931K(1088K)->931K(1088K)
[5.196s][info][gc          ] GC(0) Pause Young (Allocation Failure) 512M->7M(1963M) 13.588ms
[5.196s][info][gc,cpu      ] GC(0) User=0.52s Sys=0.02s Real=0.02s
[5.271s][info][gc,start    ] GC(1) Pause Young (System.gc())
[5.282s][info][gc,heap     ] GC(1) PSYoungGen: 41623K(611840K)->7261K(611840K) Eden: 34313K(524800K)->0K(524800K) From: 7309K(87040K)->7261K(87040K)
[5.282s][info][gc,heap     ] GC(1) ParOldGen: 88K(1398272K)->96K(1398272K)
[5.282s][info][gc,metaspace] GC(1) Metaspace: 9852K(10176K)->9852K(10176K) NonClass: 8896K(9088K)->8896K(9088K) Class: 956K(1088K)->956K(1088K)
[5.282s][info][gc          ] GC(1) Pause Young (System.gc()) 40M->7M(1963M) 10.675ms
[5.282s][info][gc,cpu      ] GC(1) User=0.00s Sys=0.00s Real=0.00s
[5.282s][info][gc,start    ] GC(2) Pause Full (System.gc())
[5.282s][info][gc,phases,start] GC(2) Marking Phase
[5.295s][info][gc,phases      ] GC(2) Marking Phase 12.912ms
[5.295s][info][gc,phases,start] GC(2) Summary Phase
[5.295s][info][gc,phases      ] GC(2) Summary Phase 0.012ms
[5.295s][info][gc,phases,start] GC(2) Adjust Roots
[5.300s][info][gc,phases      ] GC(2) Adjust Roots 4.323ms
[5.300s][info][gc,phases,start] GC(2) Compaction Phase
[5.310s][info][gc,phases      ] GC(2) Compaction Phase 10.561ms
[5.310s][info][gc,phases,start] GC(2) Post Compact
[5.311s][info][gc,phases      ] GC(2) Post Compact 0.759ms
[5.311s][info][gc,heap        ] GC(2) PSYoungGen: 7261K(611840K)->0K(611840K) Eden: 0K(524800K)->0K(524800K) From: 7261K(87040K)->0K(87040K)
[5.311s][info][gc,heap        ] GC(2) ParOldGen: 96K(1398272K)->6776K(1398272K)
[5.311s][info][gc,metaspace   ] GC(2) Metaspace: 9852K(10176K)->9852K(10176K) NonClass: 8896K(9088K)->8896K(9088K) Class: 956K(1088K)->956K(1088K)
[5.311s][info][gc             ] GC(2) Pause Full (System.gc()) 7M->6M(1963M) 28.733ms
[5.311s][info][gc,cpu         ] GC(2) User=0.53s Sys=0.00s Real=0.03s
[7.696s][info][gc,start       ] GC(3) Pause Young (Allocation Failure)
[7.702s][info][gc,heap        ] GC(3) PSYoungGen: 524800K(611840K)->9159K(611840K) Eden: 524800K(524800K)->0K(524800K) From: 0K(87040K)->9159K(87040K)
[7.702s][info][gc,heap        ] GC(3) ParOldGen: 6776K(1398272K)->6792K(1398272K)
[7.703s][info][gc,metaspace   ] GC(3) Metaspace: 20053K(20416K)->20053K(20416K) NonClass: 18342K(18560K)->18342K(18560K) Class: 1711K(1856K)->1711K(1856K)
[7.703s][info][gc             ] GC(3) Pause Young (Allocation Failure) 519M->15M(1963M) 6.677ms
[7.703s][info][gc,cpu         ] GC(3) User=0.00s Sys=0.00s Real=0.01s
[33.938s][info][gc,heap,exit   ] Heap
[33.938s][info][gc,heap,exit   ]  PSYoungGen      total 611840K, used 463262K [0x00000007aab00000, 0x00000007d5580000, 0x0000000800000000)
[33.938s][info][gc,heap,exit   ]   eden space 524800K, 86% used [0x00000007aab00000,0x00000007c6675920,0x00000007cab80000)
[33.938s][info][gc,heap,exit   ]   from space 87040K, 10% used [0x00000007cab80000,0x00000007cb471f10,0x00000007d0080000)
[33.938s][info][gc,heap,exit   ]   to   space 87040K, 0% used [0x00000007d0080000,0x00000007d0080000,0x00000007d5580000)
[33.938s][info][gc,heap,exit   ]  ParOldGen       total 1398272K, used 6792K [0x0000000700000000, 0x0000000755580000, 0x00000007aab00000)
[33.938s][info][gc,heap,exit   ]   object space 1398272K, 0% used [0x0000000700000000,0x00000007006a2058,0x0000000755580000)
[33.938s][info][gc,heap,exit   ]  Metaspace       used 20807K, committed 21184K, reserved 1114112K
[33.938s][info][gc,heap,exit   ]   class space    used 1761K, committed 1920K, reserved 1048576K
