[0.016s][info][gc,init] CardTable entry size: 512
[0.016s][info][gc     ] Using Parallel
[0.020s][info][gc,init] Version: 20+36-2344 (release)
[0.020s][info][gc,init] CPUs: 48 total, 48 available
[0.020s][info][gc,init] Memory: 382G
[0.020s][info][gc,init] Large Page Support: Disabled
[0.020s][info][gc,init] NUMA Support: Disabled
[0.020s][info][gc,init] Compressed Oops: Enabled (32-bit)
[0.020s][info][gc,init] Alignments: Space 512K, Generation 512K, Heap 2M
[0.020s][info][gc,init] Heap Min Capacity: 8M
[0.020s][info][gc,init] Heap Initial Capacity: 512M
[0.020s][info][gc,init] Heap Max Capacity: 512M
[0.029s][info][gc,init] Pre-touch: Disabled
[0.029s][info][gc,init] Parallel Workers: 33
[0.030s][info][gc,metaspace] CDS archive(s) mapped at: [0x0000000800000000-0x0000000800c60000-0x0000000800c60000), size 12976128, SharedBaseAddress: 0x0000000800000000, ArchiveRelocationMode: 0.
[0.030s][info][gc,metaspace] Compressed class space mapped at: 0x0000000801000000-0x0000000841000000, reserved size: 1073741824
[0.030s][info][gc,metaspace] Narrow klass base: 0x0000000800000000, Narrow klass shift: 0, Narrow klass range: 0x100000000
[6.339s][info][gc,start    ] GC(0) Pause Young (Allocation Failure)
[6.346s][info][gc,heap     ] GC(0) PSYoungGen: 131584K(153088K)->6781K(153088K) Eden: 131584K(131584K)->0K(131584K) From: 0K(21504K)->6781K(21504K)
[6.346s][info][gc,heap     ] GC(0) ParOldGen: 0K(349696K)->88K(349696K)
[6.346s][info][gc,metaspace] GC(0) Metaspace: 9564K(9920K)->9564K(9920K) NonClass: 8634K(8832K)->8634K(8832K) Class: 930K(1088K)->930K(1088K)
[6.346s][info][gc          ] GC(0) Pause Young (Allocation Failure) 128M->6M(491M) 6.744ms
[6.346s][info][gc,cpu      ] GC(0) User=0.14s Sys=0.03s Real=0.01s
[6.415s][info][gc,start    ] GC(1) Pause Young (System.gc())
[6.422s][info][gc,heap     ] GC(1) PSYoungGen: 16491K(153088K)->6939K(153088K) Eden: 9710K(131584K)->0K(131584K) From: 6781K(21504K)->6939K(21504K)
[6.422s][info][gc,heap     ] GC(1) ParOldGen: 88K(349696K)->96K(349696K)
[6.422s][info][gc,metaspace] GC(1) Metaspace: 9850K(10176K)->9850K(10176K) NonClass: 8894K(9088K)->8894K(9088K) Class: 955K(1088K)->955K(1088K)
[6.422s][info][gc          ] GC(1) Pause Young (System.gc()) 16M->6M(491M) 6.667ms
[6.422s][info][gc,cpu      ] GC(1) User=0.17s Sys=0.00s Real=0.01s
[6.422s][info][gc,start    ] GC(2) Pause Full (System.gc())
[6.422s][info][gc,phases,start] GC(2) Marking Phase
[6.435s][info][gc,phases      ] GC(2) Marking Phase 12.843ms
[6.435s][info][gc,phases,start] GC(2) Summary Phase
[6.435s][info][gc,phases      ] GC(2) Summary Phase 0.018ms
[6.435s][info][gc,phases,start] GC(2) Adjust Roots
[6.441s][info][gc,phases      ] GC(2) Adjust Roots 5.414ms
[6.441s][info][gc,phases,start] GC(2) Compaction Phase
[6.449s][info][gc,phases      ] GC(2) Compaction Phase 8.430ms
[6.449s][info][gc,phases,start] GC(2) Post Compact
[6.450s][info][gc,phases      ] GC(2) Post Compact 0.414ms
[6.450s][info][gc,heap        ] GC(2) PSYoungGen: 6939K(153088K)->0K(153088K) Eden: 0K(131584K)->0K(131584K) From: 6939K(21504K)->0K(21504K)
[6.450s][info][gc,heap        ] GC(2) ParOldGen: 96K(349696K)->6775K(349696K)
[6.450s][info][gc,metaspace   ] GC(2) Metaspace: 9850K(10176K)->9850K(10176K) NonClass: 8894K(9088K)->8894K(9088K) Class: 955K(1088K)->955K(1088K)
[6.450s][info][gc             ] GC(2) Pause Full (System.gc()) 6M->6M(491M) 27.399ms
[6.450s][info][gc,cpu         ] GC(2) User=0.17s Sys=0.00s Real=0.02s
[7.485s][info][gc,start       ] GC(3) Pause Young (Allocation Failure)
[7.489s][info][gc,heap        ] GC(3) PSYoungGen: 131584K(153088K)->7918K(153088K) Eden: 131584K(131584K)->0K(131584K) From: 0K(21504K)->7918K(21504K)
[7.489s][info][gc,heap        ] GC(3) ParOldGen: 6775K(349696K)->6783K(349696K)
[7.489s][info][gc,metaspace   ] GC(3) Metaspace: 17944K(18304K)->17944K(18304K) NonClass: 16330K(16512K)->16330K(16512K) Class: 1613K(1792K)->1613K(1792K)
[7.489s][info][gc             ] GC(3) Pause Young (Allocation Failure) 135M->14M(491M) 4.806ms
[7.489s][info][gc,cpu         ] GC(3) User=0.06s Sys=0.02s Real=0.00s
[8.150s][info][gc,start       ] GC(4) Pause Young (Allocation Failure)
[8.153s][info][gc,heap        ] GC(4) PSYoungGen: 139502K(153088K)->8279K(153088K) Eden: 131584K(131584K)->0K(131584K) From: 7918K(21504K)->8279K(21504K)
[8.154s][info][gc,heap        ] GC(4) ParOldGen: 6783K(349696K)->6791K(349696K)
[8.154s][info][gc,metaspace   ] GC(4) Metaspace: 19264K(19584K)->19264K(19584K) NonClass: 17572K(17728K)->17572K(17728K) Class: 1691K(1856K)->1691K(1856K)
[8.154s][info][gc             ] GC(4) Pause Young (Allocation Failure) 142M->14M(491M) 3.370ms
[8.154s][info][gc,cpu         ] GC(4) User=0.00s Sys=0.00s Real=0.00s
[8.889s][info][gc,start       ] GC(5) Pause Young (Allocation Failure)
[8.894s][info][gc,heap        ] GC(5) PSYoungGen: 139863K(153088K)->9287K(153088K) Eden: 131584K(131584K)->0K(131584K) From: 8279K(21504K)->9287K(21504K)
[8.895s][info][gc,heap        ] GC(5) ParOldGen: 6791K(349696K)->6799K(349696K)
[8.895s][info][gc,metaspace   ] GC(5) Metaspace: 20114K(20416K)->20114K(20416K) NonClass: 18401K(18560K)->18401K(18560K) Class: 1712K(1856K)->1712K(1856K)
[8.895s][info][gc             ] GC(5) Pause Young (Allocation Failure) 143M->15M(491M) 5.458ms
[8.895s][info][gc,cpu         ] GC(5) User=0.00s Sys=0.00s Real=0.00s
[9.512s][info][gc,start       ] GC(6) Pause Young (Allocation Failure)
[9.517s][info][gc,heap        ] GC(6) PSYoungGen: 140871K(153088K)->9318K(138240K) Eden: 131584K(131584K)->0K(128512K) From: 9287K(21504K)->9318K(9728K)
[9.517s][info][gc,heap        ] GC(6) ParOldGen: 6799K(349696K)->6807K(349696K)
[9.517s][info][gc,metaspace   ] GC(6) Metaspace: 20314K(20672K)->20314K(20672K) NonClass: 18592K(18752K)->18592K(18752K) Class: 1721K(1920K)->1721K(1920K)
[9.517s][info][gc             ] GC(6) Pause Young (Allocation Failure) 144M->15M(476M) 4.504ms
[9.517s][info][gc,cpu         ] GC(6) User=0.00s Sys=0.00s Real=0.00s
[10.443s][info][gc,start       ] GC(7) Pause Young (Allocation Failure)
[10.452s][info][gc,heap        ] GC(7) PSYoungGen: 137830K(138240K)->9447K(135168K) Eden: 128512K(128512K)->0K(125440K) From: 9318K(9728K)->9447K(9728K)
[10.452s][info][gc,heap        ] GC(7) ParOldGen: 6807K(349696K)->6815K(349696K)
[10.452s][info][gc,metaspace   ] GC(7) Metaspace: 20424K(20800K)->20424K(20800K) NonClass: 18698K(18880K)->18698K(18880K) Class: 1726K(1920K)->1726K(1920K)
[10.452s][info][gc             ] GC(7) Pause Young (Allocation Failure) 141M->15M(473M) 9.409ms
[10.452s][info][gc,cpu         ] GC(7) User=0.00s Sys=0.00s Real=0.00s
[35.034s][info][gc,heap,exit   ] Heap
[35.034s][info][gc,heap,exit   ]  PSYoungGen      total 135168K, used 53621K [0x00000000f5580000, 0x00000000feb80000, 0x0000000100000000)
[35.034s][info][gc,heap,exit   ]   eden space 125440K, 35% used [0x00000000f5580000,0x00000000f80a3640,0x00000000fd000000)
[35.034s][info][gc,heap,exit   ]   from space 9728K, 97% used [0x00000000fe080000,0x00000000fe9b9e80,0x00000000fea00000)
[35.034s][info][gc,heap,exit   ]   to   space 1536K, 0% used [0x00000000fea00000,0x00000000fea00000,0x00000000feb80000)
[35.034s][info][gc,heap,exit   ]  ParOldGen       total 349696K, used 6815K [0x00000000e0000000, 0x00000000f5580000, 0x00000000f5580000)
[35.034s][info][gc,heap,exit   ]   object space 349696K, 1% used [0x00000000e0000000,0x00000000e06a7e90,0x00000000f5580000)
[35.034s][info][gc,heap,exit   ]  Metaspace       used 20806K, committed 21184K, reserved 1114112K
[35.034s][info][gc,heap,exit   ]   class space    used 1760K, committed 1920K, reserved 1048576K
