[0.018s][info][gc,init] CardTable entry size: 512
[0.018s][info][gc     ] Using Serial
[0.022s][info][gc,init] Version: 20+36-2344 (release)
[0.022s][info][gc,init] CPUs: 48 total, 48 available
[0.022s][info][gc,init] Memory: 382G
[0.022s][info][gc,init] Large Page Support: Disabled
[0.022s][info][gc,init] NUMA Support: Disabled
[0.022s][info][gc,init] Compressed Oops: Enabled (32-bit)
[0.022s][info][gc,init] Heap Min Capacity: 8M
[0.022s][info][gc,init] Heap Initial Capacity: 1G
[0.022s][info][gc,init] Heap Max Capacity: 1G
[0.022s][info][gc,init] Pre-touch: Disabled
[0.125s][info][gc,metaspace] CDS archive(s) mapped at: [0x0000000800000000-0x0000000800c60000-0x0000000800c60000), size 12976128, SharedBaseAddress: 0x0000000800000000, ArchiveRelocationMode: 0.
[0.125s][info][gc,metaspace] Compressed class space mapped at: 0x0000000801000000-0x0000000841000000, reserved size: 1073741824
[0.125s][info][gc,metaspace] Narrow klass base: 0x0000000800000000, Narrow klass shift: 0, Narrow klass range: 0x100000000
[7.579s][info][gc,start    ] GC(0) Pause Young (Allocation Failure)
[7.607s][info][gc,heap     ] GC(0) DefNew: 279616K(314560K)->6691K(314560K) Eden: 279616K(279616K)->0K(279616K) From: 0K(34944K)->6691K(34944K)
[7.608s][info][gc,heap     ] GC(0) Tenured: 0K(699072K)->0K(699072K)
[7.608s][info][gc,metaspace] GC(0) Metaspace: 9563K(9920K)->9563K(9920K) NonClass: 8636K(8832K)->8636K(8832K) Class: 927K(1088K)->927K(1088K)
[7.608s][info][gc          ] GC(0) Pause Young (Allocation Failure) 273M->6M(989M) 28.975ms
[7.608s][info][gc,cpu      ] GC(0) User=0.03s Sys=0.00s Real=0.03s
[7.671s][info][gc,start    ] GC(1) Pause Full (System.gc())
[7.671s][info][gc,phases,start] GC(1) Phase 1: Mark live objects
[7.691s][info][gc,phases      ] GC(1) Phase 1: Mark live objects 19.736ms
[7.691s][info][gc,phases,start] GC(1) Phase 2: Compute new object addresses
[7.694s][info][gc,phases      ] GC(1) Phase 2: Compute new object addresses 3.753ms
[7.695s][info][gc,phases,start] GC(1) Phase 3: Adjust pointers
[7.701s][info][gc,phases      ] GC(1) Phase 3: Adjust pointers 6.914ms
[7.701s][info][gc,phases,start] GC(1) Phase 4: Move objects
[7.706s][info][gc,phases      ] GC(1) Phase 4: Move objects 4.644ms
[7.707s][info][gc,heap        ] GC(1) DefNew: 25837K(314560K)->0K(314560K) Eden: 19146K(279616K)->0K(279616K) From: 6691K(34944K)->0K(34944K)
[7.707s][info][gc,heap        ] GC(1) Tenured: 0K(699072K)->6772K(699072K)
[7.707s][info][gc,metaspace   ] GC(1) Metaspace: 9838K(10176K)->9838K(10176K) NonClass: 8886K(9088K)->8886K(9088K) Class: 951K(1088K)->951K(1088K)
[7.707s][info][gc             ] GC(1) Pause Full (System.gc()) 25M->6M(989M) 36.318ms
[7.707s][info][gc,cpu         ] GC(1) User=0.03s Sys=0.00s Real=0.03s
[9.367s][info][gc,start       ] GC(2) Pause Young (Allocation Failure)
[9.393s][info][gc,heap        ] GC(2) DefNew: 279616K(314560K)->7364K(314560K) Eden: 279616K(279616K)->0K(279616K) From: 0K(34944K)->7364K(34944K)
[9.393s][info][gc,heap        ] GC(2) Tenured: 6772K(699072K)->6772K(699072K)
[9.393s][info][gc,metaspace   ] GC(2) Metaspace: 18996K(19328K)->18996K(19328K) NonClass: 17322K(17472K)->17322K(17472K) Class: 1674K(1856K)->1674K(1856K)
[9.393s][info][gc             ] GC(2) Pause Young (Allocation Failure) 279M->13M(989M) 26.333ms
[9.393s][info][gc,cpu         ] GC(2) User=0.05s Sys=0.02s Real=0.03s
[10.813s][info][gc,start       ] GC(3) Pause Young (Allocation Failure)
[10.828s][info][gc,heap        ] GC(3) DefNew: 286980K(314560K)->8181K(314560K) Eden: 279616K(279616K)->0K(279616K) From: 7364K(34944K)->8181K(34944K)
[10.828s][info][gc,heap        ] GC(3) Tenured: 6772K(699072K)->6772K(699072K)
[10.828s][info][gc,metaspace   ] GC(3) Metaspace: 20170K(20544K)->20170K(20544K) NonClass: 18451K(18624K)->18451K(18624K) Class: 1719K(1920K)->1719K(1920K)
[10.828s][info][gc             ] GC(3) Pause Young (Allocation Failure) 286M->14M(989M) 15.425ms
[10.828s][info][gc,cpu         ] GC(3) User=0.02s Sys=0.02s Real=0.02s
[12.191s][info][gc,start       ] GC(4) Pause Young (Allocation Failure)
[12.213s][info][gc,heap        ] GC(4) DefNew: 287797K(314560K)->8348K(314560K) Eden: 279616K(279616K)->0K(279616K) From: 8181K(34944K)->8348K(34944K)
[12.213s][info][gc,heap        ] GC(4) Tenured: 6772K(699072K)->6772K(699072K)
[12.213s][info][gc,metaspace   ] GC(4) Metaspace: 20435K(20800K)->20435K(20800K) NonClass: 18709K(18880K)->18709K(18880K) Class: 1726K(1920K)->1726K(1920K)
[12.213s][info][gc             ] GC(4) Pause Young (Allocation Failure) 287M->14M(989M) 22.850ms
[12.213s][info][gc,cpu         ] GC(4) User=0.03s Sys=0.00s Real=0.02s
[35.495s][info][gc,heap,exit   ] Heap
[35.495s][info][gc,heap,exit   ]  def new generation   total 314560K, used 49191K [0x00000000c0000000, 0x00000000d5550000, 0x00000000d5550000)
[35.495s][info][gc,heap,exit   ]   eden space 279616K,  14% used [0x00000000c0000000, 0x00000000c27e2e48, 0x00000000d1110000)
[35.495s][info][gc,heap,exit   ]   from space 34944K,  23% used [0x00000000d1110000, 0x00000000d1937070, 0x00000000d3330000)
[35.495s][info][gc,heap,exit   ]   to   space 34944K,   0% used [0x00000000d3330000, 0x00000000d3330000, 0x00000000d5550000)
[35.495s][info][gc,heap,exit   ]  tenured generation   total 699072K, used 6772K [0x00000000d5550000, 0x0000000100000000, 0x0000000100000000)
[35.495s][info][gc,heap,exit   ]    the space 699072K,   0% used [0x00000000d5550000, 0x00000000d5bed150, 0x00000000d5bed200, 0x0000000100000000)
[35.495s][info][gc,heap,exit   ]  Metaspace       used 20810K, committed 21184K, reserved 1114112K
[35.495s][info][gc,heap,exit   ]   class space    used 1760K, committed 1920K, reserved 1048576K
