[0.015s][info][gc,init] CardTable entry size: 512
[0.016s][info][gc     ] Using Serial
[0.026s][info][gc,init] Version: 20+36-2344 (release)
[0.026s][info][gc,init] CPUs: 48 total, 48 available
[0.026s][info][gc,init] Memory: 382G
[0.026s][info][gc,init] Large Page Support: Disabled
[0.026s][info][gc,init] NUMA Support: Disabled
[0.026s][info][gc,init] Compressed Oops: Enabled (32-bit)
[0.026s][info][gc,init] Heap Min Capacity: 8M
[0.026s][info][gc,init] Heap Initial Capacity: 2G
[0.026s][info][gc,init] Heap Max Capacity: 2G
[0.026s][info][gc,init] Pre-touch: Disabled
[0.047s][info][gc,metaspace] CDS archive(s) mapped at: [0x0000000800000000-0x0000000800c60000-0x0000000800c60000), size 12976128, SharedBaseAddress: 0x0000000800000000, ArchiveRelocationMode: 0.
[0.047s][info][gc,metaspace] Compressed class space mapped at: 0x0000000801000000-0x0000000841000000, reserved size: 1073741824
[0.047s][info][gc,metaspace] Narrow klass base: 0x0000000800000000, Narrow klass shift: 0, Narrow klass range: 0x100000000
[5.604s][info][gc,start    ] GC(0) Pause Young (Allocation Failure)
[5.632s][info][gc,heap     ] GC(0) DefNew: 559232K(629120K)->6691K(629120K) Eden: 559232K(559232K)->0K(559232K) From: 0K(69888K)->6691K(69888K)
[5.632s][info][gc,heap     ] GC(0) Tenured: 0K(1398144K)->0K(1398144K)
[5.632s][info][gc,metaspace] GC(0) Metaspace: 9564K(9920K)->9564K(9920K) NonClass: 8636K(8832K)->8636K(8832K) Class: 927K(1088K)->927K(1088K)
[5.632s][info][gc          ] GC(0) Pause Young (Allocation Failure) 546M->6M(1979M) 27.665ms
[5.632s][info][gc,cpu      ] GC(0) User=0.06s Sys=0.00s Real=0.03s
[5.685s][info][gc,start    ] GC(1) Pause Full (System.gc())
[5.685s][info][gc,phases,start] GC(1) Phase 1: Mark live objects
[5.704s][info][gc,phases      ] GC(1) Phase 1: Mark live objects 19.325ms
[5.704s][info][gc,phases,start] GC(1) Phase 2: Compute new object addresses
[5.708s][info][gc,phases      ] GC(1) Phase 2: Compute new object addresses 3.274ms
[5.708s][info][gc,phases,start] GC(1) Phase 3: Adjust pointers
[5.715s][info][gc,phases      ] GC(1) Phase 3: Adjust pointers 7.165ms
[5.715s][info][gc,phases,start] GC(1) Phase 4: Move objects
[5.719s][info][gc,phases      ] GC(1) Phase 4: Move objects 4.087ms
[5.720s][info][gc,heap        ] GC(1) DefNew: 44139K(629120K)->0K(629120K) Eden: 37448K(559232K)->0K(559232K) From: 6691K(69888K)->0K(69888K)
[5.720s][info][gc,heap        ] GC(1) Tenured: 0K(1398144K)->6769K(1398144K)
[5.720s][info][gc,metaspace   ] GC(1) Metaspace: 9840K(10176K)->9840K(10176K) NonClass: 8888K(9088K)->8888K(9088K) Class: 951K(1088K)->951K(1088K)
[5.720s][info][gc             ] GC(1) Pause Full (System.gc()) 43M->6M(1979M) 35.087ms
[5.720s][info][gc,cpu         ] GC(1) User=0.08s Sys=0.00s Real=0.03s
[8.076s][info][gc,start       ] GC(2) Pause Young (Allocation Failure)
[8.093s][info][gc,heap        ] GC(2) DefNew: 559232K(629120K)->8201K(629120K) Eden: 559232K(559232K)->0K(559232K) From: 0K(69888K)->8201K(69888K)
[8.093s][info][gc,heap        ] GC(2) Tenured: 6769K(1398144K)->6769K(1398144K)
[8.093s][info][gc,metaspace   ] GC(2) Metaspace: 20104K(20480K)->20104K(20480K) NonClass: 18392K(18624K)->18392K(18624K) Class: 1711K(1856K)->1711K(1856K)
[8.093s][info][gc             ] GC(2) Pause Young (Allocation Failure) 552M->14M(1979M) 17.501ms
[8.093s][info][gc,cpu         ] GC(2) User=0.02s Sys=0.02s Real=0.02s
[32.235s][info][gc,heap,exit   ] Heap
[32.235s][info][gc,heap,exit   ]  def new generation   total 629120K, used 447866K [0x0000000080000000, 0x00000000aaaa0000, 0x00000000aaaa0000)
[32.235s][info][gc,heap,exit   ]   eden space 559232K,  78% used [0x0000000080000000, 0x000000009ad5c548, 0x00000000a2220000)
[32.235s][info][gc,heap,exit   ]   from space 69888K,  11% used [0x00000000a2220000, 0x00000000a2a22558, 0x00000000a6660000)
[32.235s][info][gc,heap,exit   ]   to   space 69888K,   0% used [0x00000000a6660000, 0x00000000a6660000, 0x00000000aaaa0000)
[32.235s][info][gc,heap,exit   ]  tenured generation   total 1398144K, used 6769K [0x00000000aaaa0000, 0x0000000100000000, 0x0000000100000000)
[32.236s][info][gc,heap,exit   ]    the space 1398144K,   0% used [0x00000000aaaa0000, 0x00000000ab13c730, 0x00000000ab13c800, 0x0000000100000000)
[32.236s][info][gc,heap,exit   ]  Metaspace       used 20807K, committed 21184K, reserved 1114112K
[32.236s][info][gc,heap,exit   ]   class space    used 1760K, committed 1920K, reserved 1048576K
