[0.018s][info][gc,init] CardTable entry size: 512
[0.018s][info][gc     ] Using Serial
[0.027s][info][gc,init] Version: 20+36-2344 (release)
[0.027s][info][gc,init] CPUs: 48 total, 48 available
[0.027s][info][gc,init] Memory: 382G
[0.027s][info][gc,init] Large Page Support: Disabled
[0.027s][info][gc,init] NUMA Support: Disabled
[0.027s][info][gc,init] Compressed Oops: Enabled (Zero based)
[0.027s][info][gc,init] Heap Min Capacity: 8M
[0.027s][info][gc,init] Heap Initial Capacity: 2G
[0.027s][info][gc,init] Heap Max Capacity: 4G
[0.027s][info][gc,init] Pre-touch: Disabled
[0.042s][info][gc,metaspace] CDS archive(s) mapped at: [0x0000000800000000-0x0000000800c60000-0x0000000800c60000), size 12976128, SharedBaseAddress: 0x0000000800000000, ArchiveRelocationMode: 0.
[0.042s][info][gc,metaspace] Compressed class space mapped at: 0x0000000801000000-0x0000000841000000, reserved size: 1073741824
[0.042s][info][gc,metaspace] Narrow klass base: 0x0000000800000000, Narrow klass shift: 0, Narrow klass range: 0x100000000
[8.489s][info][gc,start    ] GC(0) Pause Young (Allocation Failure)
[8.515s][info][gc,heap     ] GC(0) DefNew: 559232K(629120K)->6693K(629120K) Eden: 559232K(559232K)->0K(559232K) From: 0K(69888K)->6693K(69888K)
[8.515s][info][gc,heap     ] GC(0) Tenured: 0K(1398144K)->0K(1398144K)
[8.515s][info][gc,metaspace] GC(0) Metaspace: 9575K(9856K)->9575K(9856K) NonClass: 8644K(8768K)->8644K(8768K) Class: 931K(1088K)->931K(1088K)
[8.515s][info][gc          ] GC(0) Pause Young (Allocation Failure) 546M->6M(1979M) 26.056ms
[8.515s][info][gc,cpu      ] GC(0) User=0.05s Sys=0.00s Real=0.03s
[8.576s][info][gc,start    ] GC(1) Pause Full (System.gc())
[8.576s][info][gc,phases,start] GC(1) Phase 1: Mark live objects
[8.594s][info][gc,phases      ] GC(1) Phase 1: Mark live objects 18.325ms
[8.594s][info][gc,phases,start] GC(1) Phase 2: Compute new object addresses
[8.598s][info][gc,phases      ] GC(1) Phase 2: Compute new object addresses 3.716ms
[8.598s][info][gc,phases,start] GC(1) Phase 3: Adjust pointers
[8.604s][info][gc,phases      ] GC(1) Phase 3: Adjust pointers 6.120ms
[8.604s][info][gc,phases,start] GC(1) Phase 4: Move objects
[8.609s][info][gc,phases      ] GC(1) Phase 4: Move objects 4.560ms
[8.610s][info][gc,heap        ] GC(1) DefNew: 49734K(629120K)->0K(629248K) Eden: 43041K(559232K)->0K(559360K) From: 6693K(69888K)->0K(69888K)
[8.610s][info][gc,heap        ] GC(1) Tenured: 0K(1398144K)->6776K(1398144K)
[8.610s][info][gc,metaspace   ] GC(1) Metaspace: 9881K(10176K)->9881K(10176K) NonClass: 8922K(9088K)->8922K(9088K) Class: 959K(1088K)->959K(1088K)
[8.610s][info][gc             ] GC(1) Pause Full (System.gc()) 48M->6M(1979M) 33.848ms
[8.610s][info][gc,cpu         ] GC(1) User=0.05s Sys=0.00s Real=0.03s
[11.428s][info][gc,start       ] GC(2) Pause Young (Allocation Failure)
[11.446s][info][gc,heap        ] GC(2) DefNew: 559360K(629248K)->8236K(629248K) Eden: 559360K(559360K)->0K(559360K) From: 0K(69888K)->8236K(69888K)
[11.446s][info][gc,heap        ] GC(2) Tenured: 6776K(1398144K)->6776K(1398144K)
[11.446s][info][gc,metaspace   ] GC(2) Metaspace: 20106K(20416K)->20106K(20416K) NonClass: 18393K(18560K)->18393K(18560K) Class: 1712K(1856K)->1712K(1856K)
[11.446s][info][gc             ] GC(2) Pause Young (Allocation Failure) 552M->14M(1979M) 17.439ms
[11.446s][info][gc,cpu         ] GC(2) User=0.06s Sys=0.00s Real=0.02s
[36.458s][info][gc,heap,exit   ] Heap
[36.458s][info][gc,heap,exit   ]  def new generation   total 629248K, used 473953K [0x0000000700000000, 0x000000072aac0000, 0x0000000755550000)
[36.458s][info][gc,heap,exit   ]   eden space 559360K,  83% used [0x0000000700000000, 0x000000071c6cd170, 0x0000000722240000)
[36.458s][info][gc,heap,exit   ]   from space 69888K,  11% used [0x0000000726680000, 0x0000000726e8b2d8, 0x000000072aac0000)
[36.458s][info][gc,heap,exit   ]   to   space 69888K,   0% used [0x0000000722240000, 0x0000000722240000, 0x0000000726680000)
[36.458s][info][gc,heap,exit   ]  tenured generation   total 1398144K, used 6776K [0x0000000755550000, 0x00000007aaab0000, 0x0000000800000000)
[36.458s][info][gc,heap,exit   ]    the space 1398144K,   0% used [0x0000000755550000, 0x0000000755bee1d8, 0x0000000755bee200, 0x00000007aaab0000)
[36.458s][info][gc,heap,exit   ]  Metaspace       used 20813K, committed 21184K, reserved 1114112K
[36.458s][info][gc,heap,exit   ]   class space    used 1760K, committed 1920K, reserved 1048576K
