[0.018s][info][gc,init] Initializing The Z Garbage Collector
[0.018s][info][gc,init] Version: 20+36-2344 (release)
[0.018s][info][gc,init] NUMA Support: Disabled
[0.018s][info][gc,init] CPUs: 48 total, 48 available
[0.019s][info][gc,init] Memory: 391843M
[0.019s][info][gc,init] Large Page Support: Disabled
[0.019s][info][gc,init] GC Workers: 10 (dynamic)
[0.020s][info][gc,init] Address Space Type: Contiguous/Unrestricted/Complete
[0.020s][info][gc,init] Address Space Size: 16384M x 3 = 49152M
[0.021s][info][gc,init] Min Capacity: 8M
[0.021s][info][gc,init] Initial Capacity: 1024M
[0.034s][info][gc,init] Max Capacity: 1024M
[0.034s][info][gc,init] Medium Page Size: 32M
[0.034s][info][gc,init] Pre-touch: Disabled
[0.034s][info][gc,init] Uncommit: Enabled
[0.034s][info][gc,init] Uncommit Delay: 300s
[0.082s][info][gc,init] Runtime Workers: 10
[0.083s][info][gc     ] Using The Z Garbage Collector
[0.084s][info][gc,metaspace] CDS archive(s) mapped at: [0x0000000800000000-0x0000000800c60000-0x0000000800c60000), size 12976128, SharedBaseAddress: 0x0000000800000000, ArchiveRelocationMode: 0.
[0.085s][info][gc,metaspace] Compressed class space mapped at: 0x0000000801000000-0x0000000841000000, reserved size: 1073741824
[0.085s][info][gc,metaspace] Narrow klass base: 0x0000000800000000, Narrow klass shift: 0, Narrow klass range: 0x100000000
[8.000s][info][gc,start    ] GC(0) Garbage Collection (System.gc())
[8.000s][info][gc,task     ] GC(0) Using 10 workers
[8.000s][info][gc,phases   ] GC(0) Pause Mark Start 0.015ms
[8.019s][info][gc,phases   ] GC(0) Concurrent Mark 18.714ms
[8.019s][info][gc,phases   ] GC(0) Pause Mark End 0.027ms
[8.019s][info][gc,phases   ] GC(0) Concurrent Mark Free 0.001ms
[8.021s][info][gc,phases   ] GC(0) Concurrent Process Non-Strong References 2.006ms
[8.021s][info][gc,phases   ] GC(0) Concurrent Reset Relocation Set 0.001ms
[8.036s][info][gc,phases   ] GC(0) Concurrent Select Relocation Set 14.207ms
[8.036s][info][gc,phases   ] GC(0) Pause Relocate Start 0.008ms
[8.041s][info][gc,phases   ] GC(0) Concurrent Relocate 5.458ms
[8.041s][info][gc,load     ] GC(0) Load: 0.00/0.00/0.00
[8.041s][info][gc,mmu      ] GC(0) MMU: 2ms/98.7%, 5ms/99.5%, 10ms/99.7%, 20ms/99.8%, 50ms/99.9%, 100ms/100.0%
[8.041s][info][gc,marking  ] GC(0) Mark: 8 stripe(s), 3 proactive flush(es), 1 terminate flush(es), 0 completion(s), 0 continuation(s) 
[8.041s][info][gc,marking  ] GC(0) Mark Stack Usage: 32M
[8.041s][info][gc,nmethod  ] GC(0) NMethods: 1907 registered, 351 unregistered
[8.041s][info][gc,metaspace] GC(0) Metaspace: 9M used, 9M committed, 1088M reserved
[8.042s][info][gc,ref      ] GC(0) Soft: 3610 encountered, 0 discovered, 0 enqueued
[8.042s][info][gc,ref      ] GC(0) Weak: 1525 encountered, 445 discovered, 291 enqueued
[8.042s][info][gc,ref      ] GC(0) Final: 2 encountered, 0 discovered, 0 enqueued
[8.042s][info][gc,ref      ] GC(0) Phantom: 296 encountered, 267 discovered, 141 enqueued
[8.042s][info][gc,reloc    ] GC(0) Small Pages: 29 / 58M, Empty: 0M, Relocated: 6M, In-Place: 0
[8.042s][info][gc,reloc    ] GC(0) Medium Pages: 1 / 32M, Empty: 0M, Relocated: 0M, In-Place: 0
[8.042s][info][gc,reloc    ] GC(0) Large Pages: 0 / 0M, Empty: 0M, Relocated: 0M, In-Place: 0
[8.042s][info][gc,reloc    ] GC(0) Forwarding Usage: 2M
[8.042s][info][gc,heap     ] GC(0) Min Capacity: 8M(1%)
[8.042s][info][gc,heap     ] GC(0) Max Capacity: 1024M(100%)
[8.042s][info][gc,heap     ] GC(0) Soft Max Capacity: 1024M(100%)
[8.042s][info][gc,heap     ] GC(0)                Mark Start          Mark End        Relocate Start      Relocate End           High               Low         
[8.042s][info][gc,heap     ] GC(0)  Capacity:     1024M (100%)       1024M (100%)       1024M (100%)       1024M (100%)       1024M (100%)       1024M (100%)   
[8.042s][info][gc,heap     ] GC(0)      Free:      934M (91%)         932M (91%)         932M (91%)         968M (95%)         968M (95%)         918M (90%)    
[8.042s][info][gc,heap     ] GC(0)      Used:       90M (9%)           92M (9%)           92M (9%)           56M (5%)          106M (10%)          56M (5%)     
[8.042s][info][gc,heap     ] GC(0)      Live:         -                 8M (1%)            8M (1%)            8M (1%)             -                  -          
[8.042s][info][gc,heap     ] GC(0) Allocated:         -                 2M (0%)            2M (0%)            2M (0%)             -                  -          
[8.042s][info][gc,heap     ] GC(0)   Garbage:         -                81M (8%)           81M (8%)           45M (4%)             -                  -          
[8.042s][info][gc,heap     ] GC(0) Reclaimed:         -                  -                 0M (0%)           36M (4%)             -                  -          
[8.042s][info][gc          ] GC(0) Garbage Collection (System.gc()) 90M(9%)->56M(5%)
[8.405s][info][gc,start    ] GC(1) Garbage Collection (Warmup)
[8.405s][info][gc,task     ] GC(1) Using 10 workers
[8.405s][info][gc,phases   ] GC(1) Pause Mark Start 0.016ms
[8.430s][info][gc,phases   ] GC(1) Concurrent Mark 24.570ms
[8.430s][info][gc,phases   ] GC(1) Pause Mark End 0.021ms
[8.430s][info][gc,phases   ] GC(1) Concurrent Mark Free 0.001ms
[8.431s][info][gc,phases   ] GC(1) Concurrent Process Non-Strong References 1.229ms
[8.432s][info][gc,phases   ] GC(1) Concurrent Reset Relocation Set 0.005ms
[8.439s][info][gc,phases   ] GC(1) Concurrent Select Relocation Set 7.301ms
[8.439s][info][gc,phases   ] GC(1) Pause Relocate Start 0.016ms
[8.444s][info][gc,phases   ] GC(1) Concurrent Relocate 5.226ms
[8.444s][info][gc,load     ] GC(1) Load: 0.00/0.00/0.00
[8.444s][info][gc,mmu      ] GC(1) MMU: 2ms/98.7%, 5ms/99.5%, 10ms/99.6%, 20ms/99.8%, 50ms/99.9%, 100ms/99.9%
[8.444s][info][gc,marking  ] GC(1) Mark: 8 stripe(s), 3 proactive flush(es), 1 terminate flush(es), 0 completion(s), 0 continuation(s) 
[8.445s][info][gc,marking  ] GC(1) Mark Stack Usage: 32M
[8.445s][info][gc,nmethod  ] GC(1) NMethods: 2339 registered, 408 unregistered
[8.445s][info][gc,metaspace] GC(1) Metaspace: 13M used, 13M committed, 1088M reserved
[8.445s][info][gc,ref      ] GC(1) Soft: 3694 encountered, 0 discovered, 0 enqueued
[8.445s][info][gc,ref      ] GC(1) Weak: 1726 encountered, 321 discovered, 44 enqueued
[8.445s][info][gc,ref      ] GC(1) Final: 4 encountered, 2 discovered, 2 enqueued
[8.445s][info][gc,ref      ] GC(1) Phantom: 354 encountered, 206 discovered, 9 enqueued
[8.445s][info][gc,reloc    ] GC(1) Small Pages: 36 / 72M, Empty: 0M, Relocated: 11M, In-Place: 0
[8.445s][info][gc,reloc    ] GC(1) Medium Pages: 1 / 32M, Empty: 0M, Relocated: 0M, In-Place: 0
[8.445s][info][gc,reloc    ] GC(1) Large Pages: 0 / 0M, Empty: 0M, Relocated: 0M, In-Place: 0
[8.445s][info][gc,reloc    ] GC(1) Forwarding Usage: 3M
[8.445s][info][gc,heap     ] GC(1) Min Capacity: 8M(1%)
[8.445s][info][gc,heap     ] GC(1) Max Capacity: 1024M(100%)
[8.445s][info][gc,heap     ] GC(1) Soft Max Capacity: 1024M(100%)
[8.445s][info][gc,heap     ] GC(1)                Mark Start          Mark End        Relocate Start      Relocate End           High               Low         
[8.445s][info][gc,heap     ] GC(1)  Capacity:     1024M (100%)       1024M (100%)       1024M (100%)       1024M (100%)       1024M (100%)       1024M (100%)   
[8.445s][info][gc,heap     ] GC(1)      Free:      920M (90%)         918M (90%)         918M (90%)         966M (94%)         966M (94%)         898M (88%)    
[8.445s][info][gc,heap     ] GC(1)      Used:      104M (10%)         106M (10%)         106M (10%)          58M (6%)          126M (12%)          58M (6%)     
[8.445s][info][gc,heap     ] GC(1)      Live:         -                13M (1%)           13M (1%)           13M (1%)             -                  -          
[8.445s][info][gc,heap     ] GC(1) Allocated:         -                 2M (0%)            2M (0%)            3M (0%)             -                  -          
[8.445s][info][gc,heap     ] GC(1)   Garbage:         -                90M (9%)           90M (9%)           40M (4%)             -                  -          
[8.445s][info][gc,heap     ] GC(1) Reclaimed:         -                  -                 0M (0%)           49M (5%)             -                  -          
[8.445s][info][gc          ] GC(1) Garbage Collection (Warmup) 104M(10%)->58M(6%)
[9.705s][info][gc,start    ] GC(2) Garbage Collection (Warmup)
[9.705s][info][gc,task     ] GC(2) Using 10 workers
[9.705s][info][gc,phases   ] GC(2) Pause Mark Start 0.011ms
[9.724s][info][gc,phases   ] GC(2) Concurrent Mark 18.606ms
[9.724s][info][gc,phases   ] GC(2) Pause Mark End 0.022ms
[9.724s][info][gc,phases   ] GC(2) Concurrent Mark Free 0.001ms
[9.726s][info][gc,phases   ] GC(2) Concurrent Process Non-Strong References 2.154ms
[9.726s][info][gc,phases   ] GC(2) Concurrent Reset Relocation Set 0.005ms
[9.728s][info][gc,phases   ] GC(2) Concurrent Select Relocation Set 2.543ms
[9.729s][info][gc,phases   ] GC(2) Pause Relocate Start 0.008ms
[9.732s][info][gc,phases   ] GC(2) Concurrent Relocate 2.992ms
[9.732s][info][gc,load     ] GC(2) Load: 0.00/0.00/0.00
[9.732s][info][gc,mmu      ] GC(2) MMU: 2ms/98.7%, 5ms/99.4%, 10ms/99.6%, 20ms/99.8%, 50ms/99.9%, 100ms/99.9%
[9.732s][info][gc,marking  ] GC(2) Mark: 8 stripe(s), 2 proactive flush(es), 1 terminate flush(es), 0 completion(s), 0 continuation(s) 
[9.732s][info][gc,marking  ] GC(2) Mark Stack Usage: 32M
[9.732s][info][gc,nmethod  ] GC(2) NMethods: 4270 registered, 283 unregistered
[9.732s][info][gc,metaspace] GC(2) Metaspace: 18M used, 19M committed, 1088M reserved
[9.732s][info][gc,ref      ] GC(2) Soft: 3757 encountered, 0 discovered, 0 enqueued
[9.732s][info][gc,ref      ] GC(2) Weak: 1857 encountered, 290 discovered, 13 enqueued
[9.732s][info][gc,ref      ] GC(2) Final: 388 encountered, 386 discovered, 386 enqueued
[9.732s][info][gc,ref      ] GC(2) Phantom: 360 encountered, 265 discovered, 6 enqueued
[9.732s][info][gc,reloc    ] GC(2) Small Pages: 99 / 198M, Empty: 0M, Relocated: 10M, In-Place: 0
[9.732s][info][gc,reloc    ] GC(2) Medium Pages: 1 / 32M, Empty: 0M, Relocated: 0M, In-Place: 0
[9.732s][info][gc,reloc    ] GC(2) Large Pages: 0 / 0M, Empty: 0M, Relocated: 0M, In-Place: 0
[9.732s][info][gc,reloc    ] GC(2) Forwarding Usage: 2M
[9.732s][info][gc,heap     ] GC(2) Min Capacity: 8M(1%)
[9.732s][info][gc,heap     ] GC(2) Max Capacity: 1024M(100%)
[9.732s][info][gc,heap     ] GC(2) Soft Max Capacity: 1024M(100%)
[9.732s][info][gc,heap     ] GC(2)                Mark Start          Mark End        Relocate Start      Relocate End           High               Low         
[9.732s][info][gc,heap     ] GC(2)  Capacity:     1024M (100%)       1024M (100%)       1024M (100%)       1024M (100%)       1024M (100%)       1024M (100%)   
[9.732s][info][gc,heap     ] GC(2)      Free:      794M (78%)         784M (77%)         782M (76%)         954M (93%)         954M (93%)         768M (75%)    
[9.732s][info][gc,heap     ] GC(2)      Used:      230M (22%)         240M (23%)         242M (24%)          70M (7%)          256M (25%)          70M (7%)     
[9.732s][info][gc,heap     ] GC(2)      Live:         -                16M (2%)           16M (2%)           16M (2%)             -                  -          
[9.732s][info][gc,heap     ] GC(2) Allocated:         -                10M (1%)           12M (1%)           11M (1%)             -                  -          
[9.732s][info][gc,heap     ] GC(2)   Garbage:         -               213M (21%)         213M (21%)          41M (4%)             -                  -          
[9.732s][info][gc,heap     ] GC(2) Reclaimed:         -                  -                 0M (0%)          171M (17%)            -                  -          
[9.732s][info][gc          ] GC(2) Garbage Collection (Warmup) 230M(22%)->70M(7%)
[10.105s][info][gc,stats    ] === Garbage Collection Statistics =======================================================================================================================
[10.105s][info][gc,stats    ]                                                              Last 10s              Last 10m              Last 10h                Total
[10.105s][info][gc,stats    ]                                                              Avg / Max             Avg / Max             Avg / Max             Avg / Max
[10.105s][info][gc,stats    ]   Collector: Garbage Collection Cycle                     35.969 / 41.464       35.969 / 41.464       35.969 / 41.464       35.969 / 41.464      ms
[10.105s][info][gc,stats    ]  Contention: Mark Segment Reset Contention                     0 / 1                 0 / 1                 0 / 1                 0 / 1           ops/s
[10.105s][info][gc,stats    ]  Contention: Mark SeqNum Reset Contention                      0 / 0                 0 / 0                 0 / 0                 0 / 0           ops/s
[10.105s][info][gc,stats    ]    Critical: Allocation Stall                                  0 / 0                 0 / 0                 0 / 0                 0 / 0           ops/s
[10.105s][info][gc,stats    ]    Critical: Allocation Stall                              0.000 / 0.000         0.000 / 0.000         0.000 / 0.000         0.000 / 0.000       ms
[10.105s][info][gc,stats    ]    Critical: GC Locker Stall                                   0 / 1                 0 / 1                 0 / 1                 0 / 1           ops/s
[10.105s][info][gc,stats    ]    Critical: GC Locker Stall                               0.001 / 0.001         0.001 / 0.001         0.001 / 0.001         0.001 / 0.001       ms
[10.105s][info][gc,stats    ]    Critical: Relocation Stall                                  0 / 0                 0 / 0                 0 / 0                 0 / 0           ops/s
[10.105s][info][gc,stats    ]    Critical: Relocation Stall                              0.000 / 0.000         0.000 / 0.000         0.000 / 0.000         0.000 / 0.000       ms
[10.105s][info][gc,stats    ]      Memory: Allocation Rate                                  42 / 210              42 / 210              42 / 210              42 / 210         MB/s
[10.105s][info][gc,stats    ]      Memory: Defragment                                        0 / 0                 0 / 0                 0 / 0                 0 / 0           ops/s
[10.105s][info][gc,stats    ]      Memory: Out Of Memory                                     0 / 0                 0 / 0                 0 / 0                 0 / 0           ops/s
[10.105s][info][gc,stats    ]      Memory: Page Cache Flush                                  0 / 0                 0 / 0                 0 / 0                 0 / 0           MB/s
[10.105s][info][gc,stats    ]      Memory: Page Cache Hit L1                                11 / 59               11 / 59               11 / 59               11 / 59          ops/s
[10.105s][info][gc,stats    ]      Memory: Page Cache Hit L2                                 0 / 0                 0 / 0                 0 / 0                 0 / 0           ops/s
[10.105s][info][gc,stats    ]      Memory: Page Cache Hit L3                                11 / 62               11 / 62               11 / 62               11 / 62          ops/s
[10.105s][info][gc,stats    ]      Memory: Page Cache Miss                                   0 / 1                 0 / 1                 0 / 1                 0 / 1           ops/s
[10.105s][info][gc,stats    ]      Memory: Uncommit                                          0 / 0                 0 / 0                 0 / 0                 0 / 0           MB/s
[10.105s][info][gc,stats    ]      Memory: Undo Object Allocation Failed                     0 / 1                 0 / 1                 0 / 1                 0 / 1           ops/s
[10.105s][info][gc,stats    ]      Memory: Undo Object Allocation Succeeded                  0 / 1                 0 / 1                 0 / 1                 0 / 1           ops/s
[10.105s][info][gc,stats    ]      Memory: Undo Page Allocation                              0 / 7                 0 / 7                 0 / 7                 0 / 7           ops/s
[10.105s][info][gc,stats    ]       Phase: Concurrent Mark                              20.630 / 24.570       20.630 / 24.570       20.630 / 24.570       20.630 / 24.570      ms
[10.105s][info][gc,stats    ]       Phase: Concurrent Mark Continue                      0.000 / 0.000         0.000 / 0.000         0.000 / 0.000         0.000 / 0.000       ms
[10.105s][info][gc,stats    ]       Phase: Concurrent Mark Free                          0.001 / 0.001         0.001 / 0.001         0.001 / 0.001         0.001 / 0.001       ms
[10.105s][info][gc,stats    ]       Phase: Concurrent Process Non-Strong References      1.796 / 2.154         1.796 / 2.154         1.796 / 2.154         1.796 / 2.154       ms
[10.105s][info][gc,stats    ]       Phase: Concurrent Relocate                           4.559 / 5.458         4.559 / 5.458         4.559 / 5.458         4.559 / 5.458       ms
[10.105s][info][gc,stats    ]       Phase: Concurrent Reset Relocation Set               0.003 / 0.005         0.003 / 0.005         0.003 / 0.005         0.003 / 0.005       ms
[10.105s][info][gc,stats    ]       Phase: Concurrent Select Relocation Set              8.017 / 14.207        8.017 / 14.207        8.017 / 14.207        8.017 / 14.207      ms
[10.105s][info][gc,stats    ]       Phase: Pause Mark End                                0.023 / 0.027         0.023 / 0.027         0.023 / 0.027         0.023 / 0.027       ms
[10.105s][info][gc,stats    ]       Phase: Pause Mark Start                              0.014 / 0.016         0.014 / 0.016         0.014 / 0.016         0.014 / 0.016       ms
[10.105s][info][gc,stats    ]       Phase: Pause Relocate Start                          0.010 / 0.016         0.010 / 0.016         0.010 / 0.016         0.010 / 0.016       ms
[10.105s][info][gc,stats    ]    Subphase: Concurrent Classes Purge                      0.594 / 0.975         0.594 / 0.975         0.594 / 0.975         0.594 / 0.975       ms
[10.106s][info][gc,stats    ]    Subphase: Concurrent Classes Unlink                     0.831 / 1.128         0.831 / 1.128         0.831 / 1.128         0.831 / 1.128       ms
[10.106s][info][gc,stats    ]    Subphase: Concurrent Mark                              11.005 / 16.328       11.005 / 16.328       11.005 / 16.328       11.005 / 16.328      ms
[10.106s][info][gc,stats    ]    Subphase: Concurrent Mark Try Flush                     0.097 / 0.171         0.097 / 0.171         0.097 / 0.171         0.097 / 0.171       ms
[10.106s][info][gc,stats    ]    Subphase: Concurrent Mark Try Terminate                 2.867 / 9.654         2.867 / 9.654         2.867 / 9.654         2.867 / 9.654       ms
[10.106s][info][gc,stats    ]    Subphase: Concurrent References Enqueue                 0.003 / 0.003         0.003 / 0.003         0.003 / 0.003         0.003 / 0.003       ms
[10.106s][info][gc,stats    ]    Subphase: Concurrent References Process                 0.067 / 0.095         0.067 / 0.095         0.067 / 0.095         0.067 / 0.095       ms
[10.106s][info][gc,stats    ]    Subphase: Concurrent Roots ClassLoaderDataGraph         0.100 / 0.685         0.100 / 0.685         0.100 / 0.685         0.100 / 0.685       ms
[10.106s][info][gc,stats    ]    Subphase: Concurrent Roots CodeCache                    0.000 / 0.000         0.000 / 0.000         0.000 / 0.000         0.000 / 0.000       ms
[10.106s][info][gc,stats    ]    Subphase: Concurrent Roots JavaThreads                  8.094 / 14.190        8.094 / 14.190        8.094 / 14.190        8.094 / 14.190      ms
[10.106s][info][gc,stats    ]    Subphase: Concurrent Roots OopStorageSet                0.114 / 0.278         0.114 / 0.278         0.114 / 0.278         0.114 / 0.278       ms
[10.106s][info][gc,stats    ]    Subphase: Concurrent Weak Roots OopStorageSet           0.167 / 0.217         0.167 / 0.217         0.167 / 0.217         0.167 / 0.217       ms
[10.106s][info][gc,stats    ]    Subphase: Pause Mark Try Complete                       0.000 / 0.000         0.000 / 0.000         0.000 / 0.000         0.000 / 0.000       ms
[10.106s][info][gc,stats    ]      System: Java Threads                                    138 / 174             138 / 174             138 / 174             138 / 174         threads
[10.106s][info][gc,stats    ] =========================================================================================================================================================
[11.106s][info][gc,start    ] GC(3) Garbage Collection (Warmup)
[11.107s][info][gc,task     ] GC(3) Using 10 workers
[11.107s][info][gc,phases   ] GC(3) Pause Mark Start 0.013ms
[11.126s][info][gc,phases   ] GC(3) Concurrent Mark 19.302ms
[11.126s][info][gc,phases   ] GC(3) Pause Mark End 0.026ms
[11.126s][info][gc,phases   ] GC(3) Concurrent Mark Free 0.001ms
[11.131s][info][gc,phases   ] GC(3) Concurrent Process Non-Strong References 4.172ms
[11.131s][info][gc,phases   ] GC(3) Concurrent Reset Relocation Set 0.015ms
[11.134s][info][gc,phases   ] GC(3) Concurrent Select Relocation Set 3.191ms
[11.134s][info][gc,phases   ] GC(3) Pause Relocate Start 0.007ms
[11.137s][info][gc,phases   ] GC(3) Concurrent Relocate 3.472ms
[11.138s][info][gc,load     ] GC(3) Load: 0.00/0.00/0.00
[11.138s][info][gc,mmu      ] GC(3) MMU: 2ms/98.7%, 5ms/99.4%, 10ms/99.6%, 20ms/99.8%, 50ms/99.9%, 100ms/99.9%
[11.138s][info][gc,marking  ] GC(3) Mark: 8 stripe(s), 3 proactive flush(es), 1 terminate flush(es), 0 completion(s), 0 continuation(s) 
[11.138s][info][gc,marking  ] GC(3) Mark Stack Usage: 32M
[11.138s][info][gc,nmethod  ] GC(3) NMethods: 5089 registered, 575 unregistered
[11.138s][info][gc,metaspace] GC(3) Metaspace: 19M used, 20M committed, 1088M reserved
[11.138s][info][gc,ref      ] GC(3) Soft: 3944 encountered, 0 discovered, 0 enqueued
[11.138s][info][gc,ref      ] GC(3) Weak: 2240 encountered, 294 discovered, 4 enqueued
[11.138s][info][gc,ref      ] GC(3) Final: 1038 encountered, 1036 discovered, 1036 enqueued
[11.138s][info][gc,ref      ] GC(3) Phantom: 326 encountered, 202 discovered, 0 enqueued
[11.138s][info][gc,reloc    ] GC(3) Small Pages: 146 / 292M, Empty: 24M, Relocated: 8M, In-Place: 0
[11.138s][info][gc,reloc    ] GC(3) Medium Pages: 1 / 32M, Empty: 0M, Relocated: 0M, In-Place: 0
[11.138s][info][gc,reloc    ] GC(3) Large Pages: 0 / 0M, Empty: 0M, Relocated: 0M, In-Place: 0
[11.138s][info][gc,reloc    ] GC(3) Forwarding Usage: 2M
[11.138s][info][gc,heap     ] GC(3) Min Capacity: 8M(1%)
[11.138s][info][gc,heap     ] GC(3) Max Capacity: 1024M(100%)
[11.138s][info][gc,heap     ] GC(3) Soft Max Capacity: 1024M(100%)
[11.138s][info][gc,heap     ] GC(3)                Mark Start          Mark End        Relocate Start      Relocate End           High               Low         
[11.138s][info][gc,heap     ] GC(3)  Capacity:     1024M (100%)       1024M (100%)       1024M (100%)       1024M (100%)       1024M (100%)       1024M (100%)   
[11.138s][info][gc,heap     ] GC(3)      Free:      700M (68%)         670M (65%)         688M (67%)         926M (90%)         926M (90%)         664M (65%)    
[11.138s][info][gc,heap     ] GC(3)      Used:      324M (32%)         354M (35%)         336M (33%)          98M (10%)         360M (35%)          98M (10%)    
[11.138s][info][gc,heap     ] GC(3)      Live:         -                17M (2%)           17M (2%)           17M (2%)             -                  -          
[11.138s][info][gc,heap     ] GC(3) Allocated:         -                30M (3%)           36M (4%)           35M (4%)             -                  -          
[11.138s][info][gc,heap     ] GC(3)   Garbage:         -               306M (30%)         282M (28%)          44M (4%)             -                  -          
[11.138s][info][gc,heap     ] GC(3) Reclaimed:         -                  -                24M (2%)          261M (26%)            -                  -          
[11.138s][info][gc          ] GC(3) Garbage Collection (Warmup) 324M(32%)->98M(10%)
[13.311s][info][gc,start    ] GC(4) Garbage Collection (Proactive)
[13.311s][info][gc,task     ] GC(4) Using 10 workers
[13.311s][info][gc,phases   ] GC(4) Pause Mark Start 0.020ms
[13.342s][info][gc,phases   ] GC(4) Concurrent Mark 30.907ms
[13.342s][info][gc,phases   ] GC(4) Pause Mark End 0.029ms
[13.342s][info][gc,phases   ] GC(4) Concurrent Mark Free 0.001ms
[13.357s][info][gc,phases   ] GC(4) Concurrent Process Non-Strong References 14.528ms
[13.357s][info][gc,phases   ] GC(4) Concurrent Reset Relocation Set 0.021ms
[13.360s][info][gc,phases   ] GC(4) Concurrent Select Relocation Set 3.433ms
[13.360s][info][gc,phases   ] GC(4) Pause Relocate Start 0.012ms
[13.364s][info][gc,phases   ] GC(4) Concurrent Relocate 3.136ms
[13.364s][info][gc,load     ] GC(4) Load: 0.00/0.00/0.00
[13.364s][info][gc,mmu      ] GC(4) MMU: 2ms/98.6%, 5ms/99.4%, 10ms/99.6%, 20ms/99.8%, 50ms/99.9%, 100ms/99.9%
[13.364s][info][gc,marking  ] GC(4) Mark: 8 stripe(s), 3 proactive flush(es), 1 terminate flush(es), 0 completion(s), 0 continuation(s) 
[13.364s][info][gc,marking  ] GC(4) Mark Stack Usage: 32M
[13.364s][info][gc,nmethod  ] GC(4) NMethods: 5278 registered, 202 unregistered
[13.364s][info][gc,metaspace] GC(4) Metaspace: 20M used, 20M committed, 1088M reserved
[13.364s][info][gc,ref      ] GC(4) Soft: 3727 encountered, 0 discovered, 0 enqueued
[13.364s][info][gc,ref      ] GC(4) Weak: 1527 encountered, 157 discovered, 67 enqueued
[13.364s][info][gc,ref      ] GC(4) Final: 1210 encountered, 1208 discovered, 1208 enqueued
[13.364s][info][gc,ref      ] GC(4) Phantom: 268 encountered, 218 discovered, 52 enqueued
[13.364s][info][gc,reloc    ] GC(4) Small Pages: 134 / 268M, Empty: 12M, Relocated: 6M, In-Place: 0
[13.364s][info][gc,reloc    ] GC(4) Medium Pages: 1 / 32M, Empty: 0M, Relocated: 0M, In-Place: 0
[13.364s][info][gc,reloc    ] GC(4) Large Pages: 0 / 0M, Empty: 0M, Relocated: 0M, In-Place: 0
[13.364s][info][gc,reloc    ] GC(4) Forwarding Usage: 1M
[13.364s][info][gc,heap     ] GC(4) Min Capacity: 8M(1%)
[13.364s][info][gc,heap     ] GC(4) Max Capacity: 1024M(100%)
[13.364s][info][gc,heap     ] GC(4) Soft Max Capacity: 1024M(100%)
[13.364s][info][gc,heap     ] GC(4)                Mark Start          Mark End        Relocate Start      Relocate End           High               Low         
[13.364s][info][gc,heap     ] GC(4)  Capacity:     1024M (100%)       1024M (100%)       1024M (100%)       1024M (100%)       1024M (100%)       1024M (100%)   
[13.364s][info][gc,heap     ] GC(4)      Free:      724M (71%)         724M (71%)         730M (71%)         956M (93%)         956M (93%)         708M (69%)    
[13.364s][info][gc,heap     ] GC(4)      Used:      300M (29%)         300M (29%)         294M (29%)          68M (7%)          316M (31%)          68M (7%)     
[13.364s][info][gc,heap     ] GC(4)      Live:         -                15M (1%)           15M (1%)           15M (1%)             -                  -          
[13.364s][info][gc,heap     ] GC(4) Allocated:         -                 0M (0%)            6M (1%)            5M (1%)             -                  -          
[13.364s][info][gc,heap     ] GC(4)   Garbage:         -               284M (28%)         272M (27%)          46M (5%)             -                  -          
[13.364s][info][gc,heap     ] GC(4) Reclaimed:         -                  -                12M (1%)          237M (23%)            -                  -          
[13.364s][info][gc          ] GC(4) Garbage Collection (Proactive) 300M(29%)->68M(7%)
[20.112s][info][gc,stats    ] === Garbage Collection Statistics =======================================================================================================================
[20.112s][info][gc,stats    ]                                                              Last 10s              Last 10m              Last 10h                Total
[20.112s][info][gc,stats    ]                                                              Avg / Max             Avg / Max             Avg / Max             Avg / Max
[20.112s][info][gc,stats    ]   Collector: Garbage Collection Cycle                     42.126 / 53.160       38.432 / 53.160       38.432 / 53.160       38.432 / 53.160      ms
[20.112s][info][gc,stats    ]  Contention: Mark Segment Reset Contention                     0 / 1                 0 / 1                 0 / 1                 0 / 1           ops/s
[20.112s][info][gc,stats    ]  Contention: Mark SeqNum Reset Contention                      0 / 0                 0 / 0                 0 / 0                 0 / 0           ops/s
[20.112s][info][gc,stats    ]    Critical: Allocation Stall                                  0 / 0                 0 / 0                 0 / 0                 0 / 0           ops/s
[20.113s][info][gc,stats    ]    Critical: Allocation Stall                              0.000 / 0.000         0.000 / 0.000         0.000 / 0.000         0.000 / 0.000       ms
[20.113s][info][gc,stats    ]    Critical: GC Locker Stall                                   0 / 0                 0 / 1                 0 / 1                 0 / 1           ops/s
[20.113s][info][gc,stats    ]    Critical: GC Locker Stall                               0.000 / 0.000         0.001 / 0.001         0.001 / 0.001         0.001 / 0.001       ms
[20.113s][info][gc,stats    ]    Critical: Relocation Stall                                  0 / 0                 0 / 0                 0 / 0                 0 / 0           ops/s
[20.113s][info][gc,stats    ]    Critical: Relocation Stall                              0.000 / 0.000         0.000 / 0.000         0.000 / 0.000         0.000 / 0.000       ms
[20.113s][info][gc,stats    ]      Memory: Allocation Rate                                  46 / 180              44 / 210              44 / 210              44 / 210         MB/s
[20.113s][info][gc,stats    ]      Memory: Defragment                                        0 / 0                 0 / 0                 0 / 0                 0 / 0           ops/s
[20.113s][info][gc,stats    ]      Memory: Out Of Memory                                     0 / 0                 0 / 0                 0 / 0                 0 / 0           ops/s
[20.113s][info][gc,stats    ]      Memory: Page Cache Flush                                  0 / 0                 0 / 0                 0 / 0                 0 / 0           MB/s
[20.113s][info][gc,stats    ]      Memory: Page Cache Hit L1                                20 / 73               15 / 73               15 / 73               15 / 73          ops/s
[20.113s][info][gc,stats    ]      Memory: Page Cache Hit L2                                 0 / 0                 0 / 0                 0 / 0                 0 / 0           ops/s
[20.113s][info][gc,stats    ]      Memory: Page Cache Hit L3                                 5 / 35                8 / 62                8 / 62                8 / 62          ops/s
[20.113s][info][gc,stats    ]      Memory: Page Cache Miss                                   0 / 0                 0 / 1                 0 / 1                 0 / 1           ops/s
[20.113s][info][gc,stats    ]      Memory: Uncommit                                          0 / 0                 0 / 0                 0 / 0                 0 / 0           MB/s
[20.113s][info][gc,stats    ]      Memory: Undo Object Allocation Failed                     1 / 10                0 / 10                0 / 10                0 / 10          ops/s
[20.113s][info][gc,stats    ]      Memory: Undo Object Allocation Succeeded                  3 / 38                1 / 38                1 / 38                1 / 38          ops/s
[20.113s][info][gc,stats    ]      Memory: Undo Page Allocation                              2 / 15                1 / 15                1 / 15                1 / 15          ops/s
[20.113s][info][gc,stats    ]       Phase: Concurrent Mark                              25.105 / 30.907       22.420 / 30.907       22.420 / 30.907       22.420 / 30.907      ms
[20.113s][info][gc,stats    ]       Phase: Concurrent Mark Continue                      0.000 / 0.000         0.000 / 0.000         0.000 / 0.000         0.000 / 0.000       ms
[20.113s][info][gc,stats    ]       Phase: Concurrent Mark Free                          0.001 / 0.001         0.001 / 0.001         0.001 / 0.001         0.001 / 0.001       ms
[20.113s][info][gc,stats    ]       Phase: Concurrent Process Non-Strong References      9.350 / 14.528        4.818 / 14.528        4.818 / 14.528        4.818 / 14.528      ms
[20.113s][info][gc,stats    ]       Phase: Concurrent Relocate                           3.304 / 3.472         4.057 / 5.458         4.057 / 5.458         4.057 / 5.458       ms
[20.113s][info][gc,stats    ]       Phase: Concurrent Reset Relocation Set               0.018 / 0.021         0.009 / 0.021         0.009 / 0.021         0.009 / 0.021       ms
[20.113s][info][gc,stats    ]       Phase: Concurrent Select Relocation Set              3.312 / 3.433         6.135 / 14.207        6.135 / 14.207        6.135 / 14.207      ms
[20.113s][info][gc,stats    ]       Phase: Pause Mark End                                0.027 / 0.029         0.025 / 0.029         0.025 / 0.029         0.025 / 0.029       ms
[20.114s][info][gc,stats    ]       Phase: Pause Mark Start                              0.017 / 0.020         0.015 / 0.020         0.015 / 0.020         0.015 / 0.020       ms
[20.114s][info][gc,stats    ]       Phase: Pause Relocate Start                          0.010 / 0.012         0.010 / 0.016         0.010 / 0.016         0.010 / 0.016       ms
[20.114s][info][gc,stats    ]    Subphase: Concurrent Classes Purge                      1.162 / 1.180         0.821 / 1.180         0.821 / 1.180         0.821 / 1.180       ms
[20.114s][info][gc,stats    ]    Subphase: Concurrent Classes Unlink                     7.357 / 12.515        3.441 / 12.515        3.441 / 12.515        3.441 / 12.515      ms
[20.114s][info][gc,stats    ]    Subphase: Concurrent Mark                              21.307 / 28.541       15.126 / 28.541       15.126 / 28.541       15.126 / 28.541      ms
[20.114s][info][gc,stats    ]    Subphase: Concurrent Mark Try Flush                     0.151 / 0.214         0.120 / 0.214         0.120 / 0.214         0.120 / 0.214       ms
[20.114s][info][gc,stats    ]    Subphase: Concurrent Mark Try Terminate                 4.841 / 15.642        3.932 / 15.642        3.932 / 15.642        3.932 / 15.642      ms
[20.114s][info][gc,stats    ]    Subphase: Concurrent References Enqueue                 0.003 / 0.004         0.003 / 0.004         0.003 / 0.004         0.003 / 0.004       ms
[20.114s][info][gc,stats    ]    Subphase: Concurrent References Process                 0.316 / 0.340         0.167 / 0.340         0.167 / 0.340         0.167 / 0.340       ms
[20.114s][info][gc,stats    ]    Subphase: Concurrent Roots ClassLoaderDataGraph         0.065 / 0.511         0.080 / 0.685         0.080 / 0.685         0.080 / 0.685       ms
[20.114s][info][gc,stats    ]    Subphase: Concurrent Roots CodeCache                    0.000 / 0.000         0.000 / 0.000         0.000 / 0.000         0.000 / 0.000       ms
[20.114s][info][gc,stats    ]    Subphase: Concurrent Roots JavaThreads                  2.359 / 2.665         5.800 / 14.190        5.800 / 14.190        5.800 / 14.190      ms
[20.114s][info][gc,stats    ]    Subphase: Concurrent Roots OopStorageSet                0.027 / 0.052         0.078 / 0.278         0.078 / 0.278         0.078 / 0.278       ms
[20.114s][info][gc,stats    ]    Subphase: Concurrent Weak Roots OopStorageSet           0.291 / 0.303         0.216 / 0.303         0.216 / 0.303         0.216 / 0.303       ms
[20.114s][info][gc,stats    ]    Subphase: Pause Mark Try Complete                       0.000 / 0.000         0.000 / 0.000         0.000 / 0.000         0.000 / 0.000       ms
[20.114s][info][gc,stats    ]      System: Java Threads                                    146 / 173             141 / 174             141 / 174             141 / 174         threads
[20.114s][info][gc,stats    ] =========================================================================================================================================================
[30.118s][info][gc,stats    ] === Garbage Collection Statistics =======================================================================================================================
[30.118s][info][gc,stats    ]                                                              Last 10s              Last 10m              Last 10h                Total
[30.118s][info][gc,stats    ]                                                              Avg / Max             Avg / Max             Avg / Max             Avg / Max
[30.118s][info][gc,stats    ]   Collector: Garbage Collection Cycle                      0.000 / 0.000        38.432 / 53.160       38.432 / 53.160       38.432 / 53.160      ms
[30.118s][info][gc,stats    ]  Contention: Mark Segment Reset Contention                     0 / 0                 0 / 1                 0 / 1                 0 / 1           ops/s
[30.118s][info][gc,stats    ]  Contention: Mark SeqNum Reset Contention                      0 / 0                 0 / 0                 0 / 0                 0 / 0           ops/s
[30.118s][info][gc,stats    ]    Critical: Allocation Stall                                  0 / 0                 0 / 0                 0 / 0                 0 / 0           ops/s
[30.118s][info][gc,stats    ]    Critical: Allocation Stall                              0.000 / 0.000         0.000 / 0.000         0.000 / 0.000         0.000 / 0.000       ms
[30.118s][info][gc,stats    ]    Critical: GC Locker Stall                                   0 / 0                 0 / 1                 0 / 1                 0 / 1           ops/s
[30.118s][info][gc,stats    ]    Critical: GC Locker Stall                               0.000 / 0.000         0.001 / 0.001         0.001 / 0.001         0.001 / 0.001       ms
[30.119s][info][gc,stats    ]    Critical: Relocation Stall                                  0 / 0                 0 / 0                 0 / 0                 0 / 0           ops/s
[30.119s][info][gc,stats    ]    Critical: Relocation Stall                              0.000 / 0.000         0.000 / 0.000         0.000 / 0.000         0.000 / 0.000       ms
[30.119s][info][gc,stats    ]      Memory: Allocation Rate                                   0 / 0                29 / 210              29 / 210              29 / 210         MB/s
[30.119s][info][gc,stats    ]      Memory: Defragment                                        0 / 0                 0 / 0                 0 / 0                 0 / 0           ops/s
[30.119s][info][gc,stats    ]      Memory: Out Of Memory                                     0 / 0                 0 / 0                 0 / 0                 0 / 0           ops/s
[30.119s][info][gc,stats    ]      Memory: Page Cache Flush                                  0 / 0                 0 / 0                 0 / 0                 0 / 0           MB/s
[30.119s][info][gc,stats    ]      Memory: Page Cache Hit L1                                 0 / 0                10 / 73               10 / 73               10 / 73          ops/s
[30.119s][info][gc,stats    ]      Memory: Page Cache Hit L2                                 0 / 0                 0 / 0                 0 / 0                 0 / 0           ops/s
[30.119s][info][gc,stats    ]      Memory: Page Cache Hit L3                                 0 / 0                 5 / 62                5 / 62                5 / 62          ops/s
[30.119s][info][gc,stats    ]      Memory: Page Cache Miss                                   0 / 0                 0 / 1                 0 / 1                 0 / 1           ops/s
[30.119s][info][gc,stats    ]      Memory: Uncommit                                          0 / 0                 0 / 0                 0 / 0                 0 / 0           MB/s
[30.119s][info][gc,stats    ]      Memory: Undo Object Allocation Failed                     0 / 0                 0 / 10                0 / 10                0 / 10          ops/s
[30.119s][info][gc,stats    ]      Memory: Undo Object Allocation Succeeded                  0 / 0                 1 / 38                1 / 38                1 / 38          ops/s
[30.119s][info][gc,stats    ]      Memory: Undo Page Allocation                              0 / 0                 1 / 15                1 / 15                1 / 15          ops/s
[30.119s][info][gc,stats    ]       Phase: Concurrent Mark                               0.000 / 0.000        22.420 / 30.907       22.420 / 30.907       22.420 / 30.907      ms
[30.119s][info][gc,stats    ]       Phase: Concurrent Mark Continue                      0.000 / 0.000         0.000 / 0.000         0.000 / 0.000         0.000 / 0.000       ms
[30.119s][info][gc,stats    ]       Phase: Concurrent Mark Free                          0.000 / 0.000         0.001 / 0.001         0.001 / 0.001         0.001 / 0.001       ms
[30.119s][info][gc,stats    ]       Phase: Concurrent Process Non-Strong References      0.000 / 0.000         4.818 / 14.528        4.818 / 14.528        4.818 / 14.528      ms
[30.119s][info][gc,stats    ]       Phase: Concurrent Relocate                           0.000 / 0.000         4.057 / 5.458         4.057 / 5.458         4.057 / 5.458       ms
[30.119s][info][gc,stats    ]       Phase: Concurrent Reset Relocation Set               0.000 / 0.000         0.009 / 0.021         0.009 / 0.021         0.009 / 0.021       ms
[30.119s][info][gc,stats    ]       Phase: Concurrent Select Relocation Set              0.000 / 0.000         6.135 / 14.207        6.135 / 14.207        6.135 / 14.207      ms
[30.119s][info][gc,stats    ]       Phase: Pause Mark End                                0.000 / 0.000         0.025 / 0.029         0.025 / 0.029         0.025 / 0.029       ms
[30.119s][info][gc,stats    ]       Phase: Pause Mark Start                              0.000 / 0.000         0.015 / 0.020         0.015 / 0.020         0.015 / 0.020       ms
[30.119s][info][gc,stats    ]       Phase: Pause Relocate Start                          0.000 / 0.000         0.010 / 0.016         0.010 / 0.016         0.010 / 0.016       ms
[30.119s][info][gc,stats    ]    Subphase: Concurrent Classes Purge                      0.000 / 0.000         0.821 / 1.180         0.821 / 1.180         0.821 / 1.180       ms
[30.119s][info][gc,stats    ]    Subphase: Concurrent Classes Unlink                     0.000 / 0.000         3.441 / 12.515        3.441 / 12.515        3.441 / 12.515      ms
[30.119s][info][gc,stats    ]    Subphase: Concurrent Mark                               0.000 / 0.000        15.126 / 28.541       15.126 / 28.541       15.126 / 28.541      ms
[30.119s][info][gc,stats    ]    Subphase: Concurrent Mark Try Flush                     0.000 / 0.000         0.120 / 0.214         0.120 / 0.214         0.120 / 0.214       ms
[30.119s][info][gc,stats    ]    Subphase: Concurrent Mark Try Terminate                 0.000 / 0.000         3.932 / 15.642        3.932 / 15.642        3.932 / 15.642      ms
[30.119s][info][gc,stats    ]    Subphase: Concurrent References Enqueue                 0.000 / 0.000         0.003 / 0.004         0.003 / 0.004         0.003 / 0.004       ms
[30.120s][info][gc,stats    ]    Subphase: Concurrent References Process                 0.000 / 0.000         0.167 / 0.340         0.167 / 0.340         0.167 / 0.340       ms
[30.120s][info][gc,stats    ]    Subphase: Concurrent Roots ClassLoaderDataGraph         0.000 / 0.000         0.080 / 0.685         0.080 / 0.685         0.080 / 0.685       ms
[30.120s][info][gc,stats    ]    Subphase: Concurrent Roots CodeCache                    0.000 / 0.000         0.000 / 0.000         0.000 / 0.000         0.000 / 0.000       ms
[30.120s][info][gc,stats    ]    Subphase: Concurrent Roots JavaThreads                  0.000 / 0.000         5.800 / 14.190        5.800 / 14.190        5.800 / 14.190      ms
[30.120s][info][gc,stats    ]    Subphase: Concurrent Roots OopStorageSet                0.000 / 0.000         0.078 / 0.278         0.078 / 0.278         0.078 / 0.278       ms
[30.120s][info][gc,stats    ]    Subphase: Concurrent Weak Roots OopStorageSet           0.000 / 0.000         0.216 / 0.303         0.216 / 0.303         0.216 / 0.303       ms
[30.120s][info][gc,stats    ]    Subphase: Pause Mark Try Complete                       0.000 / 0.000         0.000 / 0.000         0.000 / 0.000         0.000 / 0.000       ms
[30.120s][info][gc,stats    ]      System: Java Threads                                      0 / 0               141 / 174             141 / 174             141 / 174         threads
[30.120s][info][gc,stats    ] =========================================================================================================================================================
[35.719s][info][gc,heap,exit] Heap
[35.719s][info][gc,heap,exit]  ZHeap           used 88M, capacity 1024M, max capacity 1024M
[35.719s][info][gc,heap,exit]  Metaspace       used 20577K, committed 21056K, reserved 1114112K
[35.720s][info][gc,heap,exit]   class space    used 1719K, committed 1920K, reserved 1048576K
