[0.017s][info][gc,init] CardTable entry size: 512
[0.017s][info][gc     ] Using Parallel
[0.034s][info][gc,init] Version: 20+36-2344 (release)
[0.034s][info][gc,init] CPUs: 48 total, 48 available
[0.034s][info][gc,init] Memory: 382G
[0.034s][info][gc,init] Large Page Support: Disabled
[0.034s][info][gc,init] NUMA Support: Disabled
[0.034s][info][gc,init] Compressed Oops: Enabled (Zero based)
[0.034s][info][gc,init] Alignments: Space 512K, Generation 512K, Heap 2M
[0.034s][info][gc,init] Heap Min Capacity: 8M
[0.034s][info][gc,init] Heap Initial Capacity: 2G
[0.034s][info][gc,init] Heap Max Capacity: 30718M
[0.044s][info][gc,init] Pre-touch: Disabled
[0.044s][info][gc,init] Parallel Workers: 33
[0.045s][info][gc,metaspace] CDS archive(s) mapped at: [0x0000000800000000-0x0000000800c60000-0x0000000800c60000), size 12976128, SharedBaseAddress: 0x0000000800000000, ArchiveRelocationMode: 0.
[0.045s][info][gc,metaspace] Compressed class space mapped at: 0x0000000801000000-0x0000000841000000, reserved size: 1073741824
[0.045s][info][gc,metaspace] Narrow klass base: 0x0000000800000000, Narrow klass shift: 0, Narrow klass range: 0x100000000
[4.822s][info][gc,start    ] GC(0) Pause Young (System.gc())
[4.831s][info][gc,heap     ] GC(0) PSYoungGen: 136450K(611840K)->3433K(611840K) Eden: 136450K(524800K)->0K(524800K) From: 0K(87040K)->3433K(87040K)
[4.831s][info][gc,heap     ] GC(0) ParOldGen: 0K(1398272K)->16K(1398272K)
[4.831s][info][gc,metaspace] GC(0) Metaspace: 4526K(4736K)->4526K(4736K) NonClass: 4090K(4224K)->4090K(4224K) Class: 435K(512K)->435K(512K)
[4.831s][info][gc          ] GC(0) Pause Young (System.gc()) 133M->3M(1963M) 9.086ms
[4.831s][info][gc,cpu      ] GC(0) User=0.19s Sys=0.22s Real=0.01s
[4.831s][info][gc,start    ] GC(1) Pause Full (System.gc())
[4.831s][info][gc,phases,start] GC(1) Marking Phase
[4.840s][info][gc,phases      ] GC(1) Marking Phase 8.929ms
[4.840s][info][gc,phases,start] GC(1) Summary Phase
[4.840s][info][gc,phases      ] GC(1) Summary Phase 0.028ms
[4.840s][info][gc,phases,start] GC(1) Adjust Roots
[4.842s][info][gc,phases      ] GC(1) Adjust Roots 1.631ms
[4.842s][info][gc,phases,start] GC(1) Compaction Phase
[4.848s][info][gc,phases      ] GC(1) Compaction Phase 6.364ms
[4.848s][info][gc,phases,start] GC(1) Post Compact
[4.849s][info][gc,phases      ] GC(1) Post Compact 0.689ms
[4.849s][info][gc,heap        ] GC(1) PSYoungGen: 3433K(611840K)->0K(611840K) Eden: 0K(524800K)->0K(524800K) From: 3433K(87040K)->0K(87040K)
[4.849s][info][gc,heap        ] GC(1) ParOldGen: 16K(1398272K)->2818K(1398272K)
[4.849s][info][gc,metaspace   ] GC(1) Metaspace: 4526K(4736K)->4526K(4736K) NonClass: 4090K(4224K)->4090K(4224K) Class: 435K(512K)->435K(512K)
[4.849s][info][gc             ] GC(1) Pause Full (System.gc()) 3M->2M(1963M) 17.866ms
[4.849s][info][gc,cpu         ] GC(1) User=0.00s Sys=0.02s Real=0.02s
[4.925s][info][gc,heap,exit   ] Heap
[4.925s][info][gc,heap,exit   ]  PSYoungGen      total 611840K, used 33587K [0x0000000580100000, 0x00000005aab80000, 0x0000000800000000)
[4.925s][info][gc,heap,exit   ]   eden space 524800K, 6% used [0x0000000580100000,0x00000005821ccd58,0x00000005a0180000)
[4.925s][info][gc,heap,exit   ]   from space 87040K, 0% used [0x00000005a0180000,0x00000005a0180000,0x00000005a5680000)
[4.925s][info][gc,heap,exit   ]   to   space 87040K, 0% used [0x00000005a5680000,0x00000005a5680000,0x00000005aab80000)
[4.925s][info][gc,heap,exit   ]  ParOldGen       total 1398272K, used 2818K [0x0000000080200000, 0x00000000d5780000, 0x0000000580100000)
[4.925s][info][gc,heap,exit   ]   object space 1398272K, 0% used [0x0000000080200000,0x00000000804c0b18,0x00000000d5780000)
[4.925s][info][gc,heap,exit   ]  Metaspace       used 4550K, committed 4736K, reserved 1114112K
[4.925s][info][gc,heap,exit   ]   class space    used 437K, committed 512K, reserved 1048576K
