[0.018s][info][gc,init] Initializing The Z Garbage Collector
[0.019s][info][gc,init] Version: 20+36-2344 (release)
[0.019s][info][gc,init] NUMA Support: Disabled
[0.019s][info][gc,init] CPUs: 48 total, 48 available
[0.019s][info][gc,init] Memory: 391843M
[0.019s][info][gc,init] Large Page Support: Disabled
[0.019s][info][gc,init] GC Workers: 12 (dynamic)
[0.021s][info][gc,init] Address Space Type: Contiguous/Unrestricted/Complete
[0.021s][info][gc,init] Address Space Size: 491488M x 3 = 1474464M
[0.021s][info][gc,init] Min Capacity: 8M
[0.021s][info][gc,init] Initial Capacity: 2048M
[0.062s][info][gc,init] Max Capacity: 30718M
[0.062s][info][gc,init] Medium Page Size: 32M
[0.062s][info][gc,init] Pre-touch: Disabled
[0.062s][info][gc,init] Uncommit: Enabled
[0.062s][info][gc,init] Uncommit Delay: 300s
[0.144s][info][gc,init] Runtime Workers: 29
[0.147s][info][gc     ] Using The Z Garbage Collector
[0.148s][info][gc,metaspace] CDS archive(s) mapped at: [0x0000000800000000-0x0000000800c60000-0x0000000800c60000), size 12976128, SharedBaseAddress: 0x0000000800000000, ArchiveRelocationMode: 0.
[0.148s][info][gc,metaspace] Compressed class space mapped at: 0x0000000801000000-0x0000000841000000, reserved size: 1073741824
[0.148s][info][gc,metaspace] Narrow klass base: 0x0000000800000000, Narrow klass shift: 0, Narrow klass range: 0x100000000
[7.187s][info][gc,start    ] GC(0) Garbage Collection (System.gc())
[7.187s][info][gc,task     ] GC(0) Using 12 workers
[7.188s][info][gc,phases   ] GC(0) Pause Mark Start 0.016ms
[7.196s][info][gc,phases   ] GC(0) Concurrent Mark 8.574ms
[7.196s][info][gc,phases   ] GC(0) Pause Mark End 0.028ms
[7.197s][info][gc,phases   ] GC(0) Concurrent Mark Free 0.001ms
[7.198s][info][gc,phases   ] GC(0) Concurrent Process Non-Strong References 0.949ms
[7.198s][info][gc,phases   ] GC(0) Concurrent Reset Relocation Set 0.001ms
[7.212s][info][gc,phases   ] GC(0) Concurrent Select Relocation Set 14.617ms
[7.212s][info][gc,phases   ] GC(0) Pause Relocate Start 0.008ms
[7.215s][info][gc,phases   ] GC(0) Concurrent Relocate 2.375ms
[7.215s][info][gc,load     ] GC(0) Load: 0.00/0.00/0.00
[7.215s][info][gc,mmu      ] GC(0) MMU: 2ms/98.6%, 5ms/99.4%, 10ms/99.6%, 20ms/99.8%, 50ms/99.9%, 100ms/99.9%
[7.215s][info][gc,marking  ] GC(0) Mark: 8 stripe(s), 3 proactive flush(es), 1 terminate flush(es), 0 completion(s), 0 continuation(s) 
[7.215s][info][gc,marking  ] GC(0) Mark Stack Usage: 32M
[7.215s][info][gc,nmethod  ] GC(0) NMethods: 944 registered, 147 unregistered
[7.215s][info][gc,metaspace] GC(0) Metaspace: 4M used, 4M committed, 1088M reserved
[7.215s][info][gc,ref      ] GC(0) Soft: 3280 encountered, 0 discovered, 0 enqueued
[7.215s][info][gc,ref      ] GC(0) Weak: 453 encountered, 186 discovered, 150 enqueued
[7.215s][info][gc,ref      ] GC(0) Final: 2 encountered, 0 discovered, 0 enqueued
[7.215s][info][gc,ref      ] GC(0) Phantom: 138 encountered, 122 discovered, 86 enqueued
[7.215s][info][gc,reloc    ] GC(0) Small Pages: 17 / 34M, Empty: 0M, Relocated: 2M, In-Place: 0
[7.215s][info][gc,reloc    ] GC(0) Medium Pages: 0 / 0M, Empty: 0M, Relocated: 0M, In-Place: 0
[7.215s][info][gc,reloc    ] GC(0) Large Pages: 0 / 0M, Empty: 0M, Relocated: 0M, In-Place: 0
[7.215s][info][gc,reloc    ] GC(0) Forwarding Usage: 0M
[7.215s][info][gc,heap     ] GC(0) Min Capacity: 8M(0%)
[7.215s][info][gc,heap     ] GC(0) Max Capacity: 30718M(100%)
[7.215s][info][gc,heap     ] GC(0) Soft Max Capacity: 30718M(100%)
[7.215s][info][gc,heap     ] GC(0)                Mark Start          Mark End        Relocate Start      Relocate End           High               Low         
[7.215s][info][gc,heap     ] GC(0)  Capacity:     2048M (7%)         2048M (7%)         2048M (7%)         2048M (7%)         2048M (7%)         2048M (7%)     
[7.215s][info][gc,heap     ] GC(0)      Free:    30684M (100%)      30684M (100%)      30682M (100%)      30690M (100%)      30690M (100%)      30666M (100%)   
[7.215s][info][gc,heap     ] GC(0)      Used:       34M (0%)           34M (0%)           36M (0%)           28M (0%)           52M (0%)           28M (0%)     
[7.215s][info][gc,heap     ] GC(0)      Live:         -                 3M (0%)            3M (0%)            3M (0%)             -                  -          
[7.215s][info][gc,heap     ] GC(0) Allocated:         -                 0M (0%)            2M (0%)            2M (0%)             -                  -          
[7.215s][info][gc,heap     ] GC(0)   Garbage:         -                30M (0%)           30M (0%)           22M (0%)             -                  -          
[7.215s][info][gc,heap     ] GC(0) Reclaimed:         -                  -                 0M (0%)            8M (0%)             -                  -          
[7.215s][info][gc          ] GC(0) Garbage Collection (System.gc()) 34M(0%)->28M(0%)
[7.264s][info][gc,heap,exit] Heap
[7.264s][info][gc,heap,exit]  ZHeap           used 30M, capacity 2048M, max capacity 30718M
[7.264s][info][gc,heap,exit]  Metaspace       used 4548K, committed 4736K, reserved 1114112K
[7.264s][info][gc,heap,exit]   class space    used 437K, committed 512K, reserved 1048576K
