[0.017s][info][gc] Using Epsilon
[0.023s][info][gc,init] Version: 20+36-2344 (release)
[0.023s][info][gc,init] CPUs: 48 total, 48 available
[0.023s][info][gc,init] Memory: 382G
[0.023s][info][gc,init] Large Page Support: Disabled
[0.023s][info][gc,init] NUMA Support: Disabled
[0.023s][info][gc,init] Compressed Oops: Enabled (32-bit)
[0.023s][info][gc,init] Heap Min Capacity: 6656K
[0.023s][info][gc,init] Heap Initial Capacity: 2G
[0.023s][info][gc,init] Heap Max Capacity: 2G
[0.023s][info][gc,init] Pre-touch: Disabled
[0.023s][warning][gc,init] Consider enabling -XX:+AlwaysPreTouch to avoid memory commit hiccups
[0.031s][info   ][gc,init] TLAB Size Max: 4M
[0.031s][info   ][gc,init] TLAB Size Elasticity: 1.10x
[0.031s][info   ][gc,init] TLAB Size Decay Time: 1000ms
[0.032s][info   ][gc,metaspace] CDS archive(s) mapped at: [0x0000000800000000-0x0000000800c60000-0x0000000800c60000), size 12976128, SharedBaseAddress: 0x0000000800000000, ArchiveRelocationMode: 0.
[0.032s][info   ][gc,metaspace] Compressed class space mapped at: 0x0000000801000000-0x0000000841000000, reserved size: 1073741824
[0.032s][info   ][gc,metaspace] Narrow klass base: 0x0000000800000000, Narrow klass shift: 0, Narrow klass range: 0x100000000
[10.090s][info   ][gc          ] GC request for "Metadata GC Threshold" is handled
[10.090s][info   ][gc,metaspace] Metaspace: 1088M reserved, 21504K (1.93%) committed, 21266K (1.91%) used
[10.547s][info   ][gc          ] Heap: 2048M reserved, 2048M (100.00%) committed, 102M (5.01%) used
[10.547s][info   ][gc,metaspace] Metaspace: 1088M reserved, 28800K (2.59%) committed, 28492K (2.56%) used
[11.021s][info   ][gc          ] GC request for "Metadata GC Threshold" is handled
[11.021s][info   ][gc,metaspace] Metaspace: 1088M reserved, 35840K (3.22%) committed, 35456K (3.18%) used
[11.516s][info   ][gc          ] Heap: 2048M reserved, 2048M (100.00%) committed, 206M (10.08%) used
[11.516s][info   ][gc,metaspace] Metaspace: 1088M reserved, 43072K (3.87%) committed, 42727K (3.84%) used
[11.714s][info   ][gc          ] Heap: 2048M reserved, 2048M (100.00%) committed, 310M (15.16%) used
[11.714s][info   ][gc,metaspace] Metaspace: 1088M reserved, 43200K (3.88%) committed, 42736K (3.84%) used
[11.900s][info   ][gc          ] Heap: 2048M reserved, 2048M (100.00%) committed, 414M (20.24%) used
[11.900s][info   ][gc,metaspace] Metaspace: 1088M reserved, 43200K (3.88%) committed, 42736K (3.84%) used
[12.100s][info   ][gc          ] Heap: 2048M reserved, 2048M (100.00%) committed, 518M (25.32%) used
[12.100s][info   ][gc,metaspace] Metaspace: 1088M reserved, 43200K (3.88%) committed, 42736K (3.84%) used
[12.282s][info   ][gc          ] Heap: 2048M reserved, 2048M (100.00%) committed, 622M (30.40%) used
[12.282s][info   ][gc,metaspace] Metaspace: 1088M reserved, 43200K (3.88%) committed, 42736K (3.84%) used
[12.471s][info   ][gc          ] Heap: 2048M reserved, 2048M (100.00%) committed, 726M (35.47%) used
[12.471s][info   ][gc,metaspace] Metaspace: 1088M reserved, 43200K (3.88%) committed, 42736K (3.84%) used
[13.641s][info   ][gc          ] GC request for "System.gc()" is ignored
[14.101s][info   ][gc          ] Heap: 2048M reserved, 2048M (100.00%) committed, 828M (40.47%) used
[14.101s][info   ][gc,metaspace] Metaspace: 1088M reserved, 58432K (5.24%) committed, 57771K (5.19%) used
[14.192s][info   ][gc          ] GC request for "Metadata GC Threshold" is handled
[14.192s][info   ][gc,metaspace] Metaspace: 1088M reserved, 59776K (5.37%) committed, 58993K (5.30%) used
[14.473s][info   ][gc          ] Heap: 2048M reserved, 2048M (100.00%) committed, 932M (45.54%) used
[14.473s][info   ][gc,metaspace] Metaspace: 1088M reserved, 60288K (5.41%) committed, 59476K (5.34%) used
[14.545s][info   ][gc          ] Heap: 2048M reserved, 2048M (100.00%) committed, 1037M (50.66%) used
[14.545s][info   ][gc,metaspace] Metaspace: 1088M reserved, 60416K (5.42%) committed, 59505K (5.34%) used
[14.590s][info   ][gc          ] Heap: 2048M reserved, 2048M (100.00%) committed, 1141M (55.74%) used
[14.590s][info   ][gc,metaspace] Metaspace: 1088M reserved, 60416K (5.42%) committed, 59506K (5.34%) used
[14.632s][info   ][gc          ] Heap: 2048M reserved, 2048M (100.00%) committed, 1245M (60.82%) used
[14.632s][info   ][gc,metaspace] Metaspace: 1088M reserved, 60416K (5.42%) committed, 59507K (5.34%) used
[14.675s][info   ][gc          ] Heap: 2048M reserved, 2048M (100.00%) committed, 1349M (65.90%) used
[14.675s][info   ][gc,metaspace] Metaspace: 1088M reserved, 60416K (5.42%) committed, 59507K (5.34%) used
[14.715s][info   ][gc          ] Heap: 2048M reserved, 2048M (100.00%) committed, 1453M (70.97%) used
[14.715s][info   ][gc,metaspace] Metaspace: 1088M reserved, 60416K (5.42%) committed, 59508K (5.34%) used
[14.759s][info   ][gc          ] Heap: 2048M reserved, 2048M (100.00%) committed, 1557M (76.05%) used
[14.760s][info   ][gc,metaspace] Metaspace: 1088M reserved, 60416K (5.42%) committed, 59511K (5.34%) used
[14.819s][info   ][gc          ] Heap: 2048M reserved, 2048M (100.00%) committed, 1661M (81.13%) used
[14.819s][info   ][gc,metaspace] Metaspace: 1088M reserved, 60416K (5.42%) committed, 59535K (5.34%) used
[14.878s][info   ][gc          ] Heap: 2048M reserved, 2048M (100.00%) committed, 1765M (86.21%) used
[14.878s][info   ][gc,metaspace] Metaspace: 1088M reserved, 60416K (5.42%) committed, 59535K (5.34%) used
[14.937s][info   ][gc          ] Heap: 2048M reserved, 2048M (100.00%) committed, 1869M (91.29%) used
[14.937s][info   ][gc,metaspace] Metaspace: 1088M reserved, 60416K (5.42%) committed, 59535K (5.34%) used
[14.995s][info   ][gc          ] Heap: 2048M reserved, 2048M (100.00%) committed, 1973M (96.37%) used
[14.995s][info   ][gc,metaspace] Metaspace: 1088M reserved, 60416K (5.42%) committed, 59535K (5.34%) used
