[0.017s][info][gc] Using Epsilon
[0.018s][info][gc,init] Version: 20+36-2344 (release)
[0.019s][info][gc,init] CPUs: 48 total, 48 available
[0.019s][info][gc,init] Memory: 382G
[0.019s][info][gc,init] Large Page Support: Disabled
[0.019s][info][gc,init] NUMA Support: Disabled
[0.019s][info][gc,init] Compressed Oops: Enabled (32-bit)
[0.019s][info][gc,init] Heap Min Capacity: 6656K
[0.019s][info][gc,init] Heap Initial Capacity: 512M
[0.019s][info][gc,init] Heap Max Capacity: 512M
[0.019s][info][gc,init] Pre-touch: Disabled
[0.019s][warning][gc,init] Consider enabling -XX:+AlwaysPreTouch to avoid memory commit hiccups
[0.027s][info   ][gc,init] TLAB Size Max: 4M
[0.027s][info   ][gc,init] TLAB Size Elasticity: 1.10x
[0.027s][info   ][gc,init] TLAB Size Decay Time: 1000ms
[0.028s][info   ][gc,metaspace] CDS archive(s) mapped at: [0x0000000800000000-0x0000000800c60000-0x0000000800c60000), size 12976128, SharedBaseAddress: 0x0000000800000000, ArchiveRelocationMode: 0.
[0.028s][info   ][gc,metaspace] Compressed class space mapped at: 0x0000000801000000-0x0000000841000000, reserved size: 1073741824
[0.028s][info   ][gc,metaspace] Narrow klass base: 0x0000000800000000, Narrow klass shift: 0, Narrow klass range: 0x100000000
[2.801s][info   ][gc          ] Heap: 512M reserved, 512M (100.00%) committed, 26470K (5.05%) used
[2.802s][info   ][gc,metaspace] Metaspace: 1088M reserved, 8512K (0.76%) committed, 8278K (0.74%) used
[9.348s][info   ][gc          ] Heap: 512M reserved, 512M (100.00%) committed, 52959K (10.10%) used
[9.348s][info   ][gc,metaspace] Metaspace: 1088M reserved, 12992K (1.17%) committed, 12697K (1.14%) used
[9.834s][info   ][gc          ] Heap: 512M reserved, 512M (100.00%) committed, 81045K (15.46%) used
[9.834s][info   ][gc,metaspace] Metaspace: 1088M reserved, 21504K (1.93%) committed, 21232K (1.91%) used
[9.837s][info   ][gc          ] GC request for "Metadata GC Threshold" is handled
[9.837s][info   ][gc,metaspace] Metaspace: 1088M reserved, 21504K (1.93%) committed, 21268K (1.91%) used
[10.372s][info   ][gc          ] Heap: 512M reserved, 512M (100.00%) committed, 106M (20.85%) used
[10.372s][info   ][gc,metaspace] Metaspace: 1088M reserved, 30016K (2.69%) committed, 29682K (2.66%) used
[10.838s][info   ][gc          ] GC request for "Metadata GC Threshold" is handled
[10.838s][info   ][gc,metaspace] Metaspace: 1088M reserved, 35840K (3.22%) committed, 35454K (3.18%) used
[11.023s][info   ][gc          ] Heap: 512M reserved, 512M (100.00%) committed, 136M (26.61%) used
[11.023s][info   ][gc,metaspace] Metaspace: 1088M reserved, 38912K (3.49%) committed, 38506K (3.46%) used
[11.253s][info   ][gc          ] Heap: 512M reserved, 512M (100.00%) committed, 162M (31.77%) used
[11.253s][info   ][gc,metaspace] Metaspace: 1088M reserved, 43072K (3.87%) committed, 42728K (3.84%) used
[11.314s][info   ][gc          ] Heap: 512M reserved, 512M (100.00%) committed, 190M (37.24%) used
[11.314s][info   ][gc,metaspace] Metaspace: 1088M reserved, 43072K (3.87%) committed, 42728K (3.84%) used
[11.374s][info   ][gc          ] Heap: 512M reserved, 512M (100.00%) committed, 218M (42.71%) used
[11.374s][info   ][gc,metaspace] Metaspace: 1088M reserved, 43072K (3.87%) committed, 42728K (3.84%) used
[11.431s][info   ][gc          ] Heap: 512M reserved, 512M (100.00%) committed, 246M (48.19%) used
[11.431s][info   ][gc,metaspace] Metaspace: 1088M reserved, 43200K (3.88%) committed, 42738K (3.84%) used
[11.489s][info   ][gc          ] Heap: 512M reserved, 512M (100.00%) committed, 274M (53.66%) used
[11.489s][info   ][gc,metaspace] Metaspace: 1088M reserved, 43200K (3.88%) committed, 42738K (3.84%) used
[11.542s][info   ][gc          ] Heap: 512M reserved, 512M (100.00%) committed, 302M (59.13%) used
[11.542s][info   ][gc,metaspace] Metaspace: 1088M reserved, 43200K (3.88%) committed, 42738K (3.84%) used
[11.612s][info   ][gc          ] Heap: 512M reserved, 512M (100.00%) committed, 330M (64.60%) used
[11.612s][info   ][gc,metaspace] Metaspace: 1088M reserved, 43200K (3.88%) committed, 42738K (3.84%) used
[11.663s][info   ][gc          ] Heap: 512M reserved, 512M (100.00%) committed, 358M (70.07%) used
[11.663s][info   ][gc,metaspace] Metaspace: 1088M reserved, 43200K (3.88%) committed, 42738K (3.84%) used
[11.709s][info   ][gc          ] Heap: 512M reserved, 512M (100.00%) committed, 386M (75.54%) used
[11.709s][info   ][gc,metaspace] Metaspace: 1088M reserved, 43200K (3.88%) committed, 42738K (3.84%) used
[11.759s][info   ][gc          ] Heap: 512M reserved, 512M (100.00%) committed, 414M (81.01%) used
[11.759s][info   ][gc,metaspace] Metaspace: 1088M reserved, 43200K (3.88%) committed, 42738K (3.84%) used
[11.830s][info   ][gc          ] Heap: 512M reserved, 512M (100.00%) committed, 442M (86.48%) used
[11.830s][info   ][gc,metaspace] Metaspace: 1088M reserved, 43200K (3.88%) committed, 42738K (3.84%) used
[11.898s][info   ][gc          ] Heap: 512M reserved, 512M (100.00%) committed, 470M (91.94%) used
[11.898s][info   ][gc,metaspace] Metaspace: 1088M reserved, 43200K (3.88%) committed, 42738K (3.84%) used
[11.961s][info   ][gc          ] Heap: 512M reserved, 512M (100.00%) committed, 498M (97.41%) used
[11.961s][info   ][gc,metaspace] Metaspace: 1088M reserved, 43200K (3.88%) committed, 42738K (3.84%) used
