[0.015s][info][gc] Using Epsilon
[0.018s][info][gc,init] Version: 20+36-2344 (release)
[0.018s][info][gc,init] CPUs: 48 total, 48 available
[0.018s][info][gc,init] Memory: 382G
[0.018s][info][gc,init] Large Page Support: Disabled
[0.018s][info][gc,init] NUMA Support: Disabled
[0.018s][info][gc,init] Compressed Oops: Enabled (32-bit)
[0.018s][info][gc,init] Heap Min Capacity: 6656K
[0.018s][info][gc,init] Heap Initial Capacity: 1G
[0.018s][info][gc,init] Heap Max Capacity: 1G
[0.018s][info][gc,init] Pre-touch: Disabled
[0.018s][warning][gc,init] Consider enabling -XX:+AlwaysPreTouch to avoid memory commit hiccups
[0.023s][info   ][gc,init] TLAB Size Max: 4M
[0.023s][info   ][gc,init] TLAB Size Elasticity: 1.10x
[0.023s][info   ][gc,init] TLAB Size Decay Time: 1000ms
[0.024s][info   ][gc,metaspace] CDS archive(s) mapped at: [0x0000000800000000-0x0000000800c60000-0x0000000800c60000), size 12976128, SharedBaseAddress: 0x0000000800000000, ArchiveRelocationMode: 0.
[0.024s][info   ][gc,metaspace] Compressed class space mapped at: 0x0000000801000000-0x0000000841000000, reserved size: 1073741824
[0.024s][info   ][gc,metaspace] Narrow klass base: 0x0000000800000000, Narrow klass shift: 0, Narrow klass range: 0x100000000
[9.263s][info   ][gc          ] Heap: 1024M reserved, 1024M (100.00%) committed, 52955K (5.05%) used
[9.263s][info   ][gc,metaspace] Metaspace: 1088M reserved, 12992K (1.17%) committed, 12696K (1.14%) used
[9.751s][info   ][gc          ] GC request for "Metadata GC Threshold" is handled
[9.751s][info   ][gc,metaspace] Metaspace: 1088M reserved, 21504K (1.93%) committed, 21268K (1.91%) used
[10.293s][info   ][gc          ] Heap: 1024M reserved, 1024M (100.00%) committed, 106M (10.42%) used
[10.293s][info   ][gc,metaspace] Metaspace: 1088M reserved, 29952K (2.69%) committed, 29626K (2.66%) used
[10.671s][info   ][gc          ] GC request for "Metadata GC Threshold" is handled
[10.671s][info   ][gc,metaspace] Metaspace: 1088M reserved, 35840K (3.22%) committed, 35456K (3.18%) used
[11.110s][info   ][gc          ] Heap: 1024M reserved, 1024M (100.00%) committed, 158M (15.49%) used
[11.110s][info   ][gc,metaspace] Metaspace: 1088M reserved, 43136K (3.87%) committed, 42729K (3.84%) used
[11.216s][info   ][gc          ] Heap: 1024M reserved, 1024M (100.00%) committed, 210M (20.57%) used
[11.216s][info   ][gc,metaspace] Metaspace: 1088M reserved, 43136K (3.87%) committed, 42732K (3.84%) used
[11.318s][info   ][gc          ] Heap: 1024M reserved, 1024M (100.00%) committed, 262M (25.65%) used
[11.318s][info   ][gc,metaspace] Metaspace: 1088M reserved, 43200K (3.88%) committed, 42740K (3.84%) used
[11.414s][info   ][gc          ] Heap: 1024M reserved, 1024M (100.00%) committed, 314M (30.73%) used
[11.414s][info   ][gc,metaspace] Metaspace: 1088M reserved, 43200K (3.88%) committed, 42740K (3.84%) used
[11.509s][info   ][gc          ] Heap: 1024M reserved, 1024M (100.00%) committed, 366M (35.81%) used
[11.509s][info   ][gc,metaspace] Metaspace: 1088M reserved, 43200K (3.88%) committed, 42740K (3.84%) used
[11.599s][info   ][gc          ] Heap: 1024M reserved, 1024M (100.00%) committed, 418M (40.89%) used
[11.599s][info   ][gc,metaspace] Metaspace: 1088M reserved, 43200K (3.88%) committed, 42740K (3.84%) used
[11.720s][info   ][gc          ] Heap: 1024M reserved, 1024M (100.00%) committed, 470M (45.97%) used
[11.721s][info   ][gc,metaspace] Metaspace: 1088M reserved, 43200K (3.88%) committed, 42740K (3.84%) used
[11.831s][info   ][gc          ] Heap: 1024M reserved, 1024M (100.00%) committed, 522M (51.05%) used
[11.831s][info   ][gc,metaspace] Metaspace: 1088M reserved, 43200K (3.88%) committed, 42740K (3.84%) used
[11.925s][info   ][gc          ] Heap: 1024M reserved, 1024M (100.00%) committed, 574M (56.12%) used
[11.925s][info   ][gc,metaspace] Metaspace: 1088M reserved, 43200K (3.88%) committed, 42740K (3.84%) used
[12.016s][info   ][gc          ] Heap: 1024M reserved, 1024M (100.00%) committed, 626M (61.20%) used
[12.016s][info   ][gc,metaspace] Metaspace: 1088M reserved, 43200K (3.88%) committed, 42740K (3.84%) used
[12.115s][info   ][gc          ] Heap: 1024M reserved, 1024M (100.00%) committed, 678M (66.28%) used
[12.115s][info   ][gc,metaspace] Metaspace: 1088M reserved, 43200K (3.88%) committed, 42740K (3.84%) used
[12.226s][info   ][gc          ] Heap: 1024M reserved, 1024M (100.00%) committed, 730M (71.36%) used
[12.226s][info   ][gc,metaspace] Metaspace: 1088M reserved, 43200K (3.88%) committed, 42740K (3.84%) used
[13.401s][info   ][gc          ] Heap: 1024M reserved, 1024M (100.00%) committed, 782M (76.45%) used
[13.401s][info   ][gc,metaspace] Metaspace: 1088M reserved, 50944K (4.57%) committed, 50409K (4.52%) used
[13.413s][info   ][gc          ] GC request for "System.gc()" is ignored
[13.958s][info   ][gc          ] Heap: 1024M reserved, 1024M (100.00%) committed, 834M (81.46%) used
[13.958s][info   ][gc,metaspace] Metaspace: 1088M reserved, 58944K (5.29%) committed, 58186K (5.22%) used
[14.010s][info   ][gc          ] GC request for "Metadata GC Threshold" is handled
[14.010s][info   ][gc,metaspace] Metaspace: 1088M reserved, 59776K (5.37%) committed, 58990K (5.29%) used
[14.211s][info   ][gc          ] Heap: 1024M reserved, 1024M (100.00%) committed, 885M (86.51%) used
[14.211s][info   ][gc,metaspace] Metaspace: 1088M reserved, 60352K (5.42%) committed, 59527K (5.34%) used
[14.271s][info   ][gc          ] Heap: 1024M reserved, 1024M (100.00%) committed, 937M (91.57%) used
[14.271s][info   ][gc,metaspace] Metaspace: 1088M reserved, 60416K (5.42%) committed, 59555K (5.35%) used
[14.306s][info   ][gc          ] Heap: 1024M reserved, 1024M (100.00%) committed, 989M (96.66%) used
[14.306s][info   ][gc,metaspace] Metaspace: 1088M reserved, 60480K (5.43%) committed, 59561K (5.35%) used
