[0.017s][info][gc,init] CardTable entry size: 512
[0.018s][info][gc     ] Using G1
[0.032s][info][gc,init] Version: 20+36-2344 (release)
[0.032s][info][gc,init] CPUs: 48 total, 48 available
[0.032s][info][gc,init] Memory: 382G
[0.032s][info][gc,init] Large Page Support: Disabled
[0.032s][info][gc,init] NUMA Support: Disabled
[0.032s][info][gc,init] Compressed Oops: Enabled (32-bit)
[0.032s][info][gc,init] Heap Region Size: 1M
[0.032s][info][gc,init] Heap Min Capacity: 8M
[0.032s][info][gc,init] Heap Initial Capacity: 1G
[0.032s][info][gc,init] Heap Max Capacity: 1G
[0.032s][info][gc,init] Pre-touch: Disabled
[0.043s][info][gc,init] Parallel Workers: 33
[0.043s][info][gc,init] Concurrent Workers: 8
[0.043s][info][gc,init] Concurrent Refinement Workers: 33
[0.043s][info][gc,init] Periodic GC: Disabled
[0.044s][info][gc,metaspace] CDS archive(s) mapped at: [0x0000000800000000-0x0000000800c60000-0x0000000800c60000), size 12976128, SharedBaseAddress: 0x0000000800000000, ArchiveRelocationMode: 0.
[0.044s][info][gc,metaspace] Compressed class space mapped at: 0x0000000801000000-0x0000000841000000, reserved size: 1073741824
[0.044s][info][gc,metaspace] Narrow klass base: 0x0000000800000000, Narrow klass shift: 0, Narrow klass range: 0x100000000
[9.353s][info][gc,start    ] GC(0) Pause Young (Normal) (G1 Evacuation Pause)
[9.355s][info][gc,task     ] GC(0) Using 24 workers of 33 for evacuation
[9.367s][info][gc,phases   ] GC(0)   Pre Evacuate Collection Set: 0.4ms
[9.367s][info][gc,phases   ] GC(0)   Merge Heap Roots: 0.2ms
[9.367s][info][gc,phases   ] GC(0)   Evacuate Collection Set: 10.2ms
[9.367s][info][gc,phases   ] GC(0)   Post Evacuate Collection Set: 1.1ms
[9.367s][info][gc,phases   ] GC(0)   Other: 1.8ms
[9.367s][info][gc,heap     ] GC(0) Eden regions: 51->0(44)
[9.367s][info][gc,heap     ] GC(0) Survivor regions: 0->7(7)
[9.367s][info][gc,heap     ] GC(0) Old regions: 0->6
[9.367s][info][gc,heap     ] GC(0) Archive regions: 0->0
[9.367s][info][gc,heap     ] GC(0) Humongous regions: 6->6
[9.367s][info][gc,metaspace] GC(0) Metaspace: 12754K(12992K)->12754K(12992K) NonClass: 11031K(11136K)->11031K(11136K) Class: 1722K(1856K)->1722K(1856K)
[9.367s][info][gc          ] GC(0) Pause Young (Normal) (G1 Evacuation Pause) 57M->18M(1024M) 14.455ms
[9.367s][info][gc,cpu      ] GC(0) User=0.09s Sys=0.28s Real=0.01s
[9.866s][info][gc,start    ] GC(1) Pause Young (Concurrent Start) (Metadata GC Threshold)
[9.866s][info][gc,task     ] GC(1) Using 24 workers of 33 for evacuation
[9.874s][info][gc,phases   ] GC(1)   Pre Evacuate Collection Set: 0.3ms
[9.874s][info][gc,phases   ] GC(1)   Merge Heap Roots: 0.1ms
[9.874s][info][gc,phases   ] GC(1)   Evacuate Collection Set: 6.4ms
[9.874s][info][gc,phases   ] GC(1)   Post Evacuate Collection Set: 1.1ms
[9.874s][info][gc,phases   ] GC(1)   Other: 0.1ms
[9.874s][info][gc,heap     ] GC(1) Eden regions: 27->0(61)
[9.874s][info][gc,heap     ] GC(1) Survivor regions: 7->2(7)
[9.875s][info][gc,heap     ] GC(1) Old regions: 6->14
[9.875s][info][gc,heap     ] GC(1) Archive regions: 0->0
[9.875s][info][gc,heap     ] GC(1) Humongous regions: 6->6
[9.875s][info][gc,metaspace] GC(1) Metaspace: 21272K(21504K)->21272K(21504K) NonClass: 18552K(18688K)->18552K(18688K) Class: 2719K(2816K)->2719K(2816K)
[9.875s][info][gc          ] GC(1) Pause Young (Concurrent Start) (Metadata GC Threshold) 45M->20M(1024M) 8.625ms
[9.875s][info][gc,cpu      ] GC(1) User=0.03s Sys=0.00s Real=0.02s
[9.875s][info][gc          ] GC(2) Concurrent Mark Cycle
[9.875s][info][gc,marking  ] GC(2) Concurrent Scan Root Regions
[9.878s][info][gc,marking  ] GC(2) Concurrent Scan Root Regions 3.564ms
[9.878s][info][gc,marking  ] GC(2) Concurrent Mark
[9.879s][info][gc,marking  ] GC(2) Concurrent Mark From Roots
[9.879s][info][gc,task     ] GC(2) Using 8 workers of 8 for marking
[9.883s][info][gc,marking  ] GC(2) Concurrent Mark From Roots 4.320ms
[9.883s][info][gc,marking  ] GC(2) Concurrent Preclean
[9.883s][info][gc,marking  ] GC(2) Concurrent Preclean 0.037ms
[9.883s][info][gc,start    ] GC(2) Pause Remark
[9.887s][info][gc          ] GC(2) Pause Remark 21M->21M(77M) 3.356ms
[9.887s][info][gc,cpu      ] GC(2) User=0.00s Sys=0.00s Real=0.00s
[9.887s][info][gc,marking  ] GC(2) Concurrent Mark 8.232ms
[9.887s][info][gc,marking  ] GC(2) Concurrent Rebuild Remembered Sets and Scrub Regions
[9.889s][info][gc,marking  ] GC(2) Concurrent Rebuild Remembered Sets and Scrub Regions 2.589ms
[9.890s][info][gc,start    ] GC(2) Pause Cleanup
[9.890s][info][gc          ] GC(2) Pause Cleanup 21M->21M(77M) 0.123ms
[9.890s][info][gc,cpu      ] GC(2) User=0.00s Sys=0.00s Real=0.00s
[9.890s][info][gc,marking  ] GC(2) Concurrent Clear Claimed Marks
[9.890s][info][gc,marking  ] GC(2) Concurrent Clear Claimed Marks 0.041ms
[9.890s][info][gc,marking  ] GC(2) Concurrent Cleanup for Next Mark
[9.890s][info][gc,marking  ] GC(2) Concurrent Cleanup for Next Mark 0.641ms
[9.890s][info][gc          ] GC(2) Concurrent Mark Cycle 15.738ms
[10.792s][info][gc,start    ] GC(3) Pause Young (Prepare Mixed) (Metadata GC Threshold)
[10.793s][info][gc,task     ] GC(3) Using 13 workers of 33 for evacuation
[10.800s][info][gc,phases   ] GC(3)   Pre Evacuate Collection Set: 0.1ms
[10.800s][info][gc,phases   ] GC(3)   Merge Heap Roots: 0.1ms
[10.800s][info][gc,phases   ] GC(3)   Evacuate Collection Set: 6.2ms
[10.800s][info][gc,phases   ] GC(3)   Post Evacuate Collection Set: 0.6ms
[10.800s][info][gc,phases   ] GC(3)   Other: 0.1ms
[10.800s][info][gc,heap     ] GC(3) Eden regions: 53->0(35)
[10.800s][info][gc,heap     ] GC(3) Survivor regions: 2->7(8)
[10.800s][info][gc,heap     ] GC(3) Old regions: 14->14
[10.800s][info][gc,heap     ] GC(3) Archive regions: 0->0
[10.800s][info][gc,heap     ] GC(3) Humongous regions: 6->6
[10.800s][info][gc,metaspace] GC(3) Metaspace: 35589K(35968K)->35589K(35968K) NonClass: 31099K(31296K)->31099K(31296K) Class: 4490K(4672K)->4490K(4672K)
[10.800s][info][gc          ] GC(3) Pause Young (Prepare Mixed) (Metadata GC Threshold) 73M->25M(82M) 7.651ms
[10.800s][info][gc,cpu      ] GC(3) User=0.22s Sys=0.00s Real=0.01s
[10.842s][info][gc,start    ] GC(4) Pause Young (Mixed) (Metadata GC Threshold)
[10.842s][info][gc,task     ] GC(4) Using 7 workers of 33 for evacuation
[10.848s][info][gc,phases   ] GC(4)   Pre Evacuate Collection Set: 0.1ms
[10.848s][info][gc,phases   ] GC(4)   Merge Heap Roots: 0.1ms
[10.848s][info][gc,phases   ] GC(4)   Evacuate Collection Set: 5.0ms
[10.848s][info][gc,phases   ] GC(4)   Post Evacuate Collection Set: 0.6ms
[10.848s][info][gc,phases   ] GC(4)   Other: 0.1ms
[10.848s][info][gc,heap     ] GC(4) Eden regions: 4->0(35)
[10.848s][info][gc,heap     ] GC(4) Survivor regions: 7->1(6)
[10.848s][info][gc,heap     ] GC(4) Old regions: 14->20
[10.849s][info][gc,heap     ] GC(4) Archive regions: 0->0
[10.849s][info][gc,heap     ] GC(4) Humongous regions: 6->6
[10.849s][info][gc,metaspace] GC(4) Metaspace: 35940K(36288K)->35940K(36288K) NonClass: 31406K(31616K)->31406K(31616K) Class: 4533K(4672K)->4533K(4672K)
[10.849s][info][gc          ] GC(4) Pause Young (Mixed) (Metadata GC Threshold) 28M->26M(82M) 6.306ms
[10.849s][info][gc,cpu      ] GC(4) User=0.00s Sys=0.00s Real=0.00s
[10.867s][info][gc,start    ] GC(5) Pause Young (Concurrent Start) (Metadata GC Threshold)
[10.867s][info][gc,task     ] GC(5) Using 4 workers of 33 for evacuation
[10.869s][info][gc,phases   ] GC(5)   Pre Evacuate Collection Set: 0.2ms
[10.869s][info][gc,phases   ] GC(5)   Merge Heap Roots: 0.0ms
[10.869s][info][gc,phases   ] GC(5)   Evacuate Collection Set: 1.0ms
[10.869s][info][gc,phases   ] GC(5)   Post Evacuate Collection Set: 0.5ms
[10.869s][info][gc,phases   ] GC(5)   Other: 0.1ms
[10.869s][info][gc,heap     ] GC(5) Eden regions: 2->0(39)
[10.869s][info][gc,heap     ] GC(5) Survivor regions: 1->1(5)
[10.869s][info][gc,heap     ] GC(5) Old regions: 20->20
[10.869s][info][gc,heap     ] GC(5) Archive regions: 0->0
[10.869s][info][gc,heap     ] GC(5) Humongous regions: 6->6
[10.869s][info][gc,metaspace] GC(5) Metaspace: 36265K(36608K)->36265K(36608K) NonClass: 31687K(31872K)->31687K(31872K) Class: 4577K(4736K)->4577K(4736K)
[10.869s][info][gc          ] GC(5) Pause Young (Concurrent Start) (Metadata GC Threshold) 27M->25M(82M) 2.541ms
[10.869s][info][gc,cpu      ] GC(5) User=0.00s Sys=0.00s Real=0.00s
[10.869s][info][gc          ] GC(6) Concurrent Mark Cycle
[10.870s][info][gc,marking  ] GC(6) Concurrent Scan Root Regions
[10.871s][info][gc,marking  ] GC(6) Concurrent Scan Root Regions 1.143ms
[10.871s][info][gc,marking  ] GC(6) Concurrent Mark
[10.871s][info][gc,marking  ] GC(6) Concurrent Mark From Roots
[10.871s][info][gc,task     ] GC(6) Using 8 workers of 8 for marking
[10.878s][info][gc,marking  ] GC(6) Concurrent Mark From Roots 7.061ms
[10.878s][info][gc,marking  ] GC(6) Concurrent Preclean
[10.878s][info][gc,marking  ] GC(6) Concurrent Preclean 0.071ms
[10.878s][info][gc,start    ] GC(6) Pause Remark
[10.883s][info][gc          ] GC(6) Pause Remark 26M->26M(82M) 4.703ms
[10.883s][info][gc,cpu      ] GC(6) User=0.00s Sys=0.00s Real=0.00s
[10.883s][info][gc,marking  ] GC(6) Concurrent Mark 12.222ms
[10.883s][info][gc,marking  ] GC(6) Concurrent Rebuild Remembered Sets and Scrub Regions
[10.889s][info][gc,marking  ] GC(6) Concurrent Rebuild Remembered Sets and Scrub Regions 6.160ms
[10.889s][info][gc,start    ] GC(6) Pause Cleanup
[10.889s][info][gc          ] GC(6) Pause Cleanup 26M->26M(82M) 0.173ms
[10.890s][info][gc,cpu      ] GC(6) User=0.00s Sys=0.00s Real=0.00s
[10.890s][info][gc,marking  ] GC(6) Concurrent Clear Claimed Marks
[10.890s][info][gc,marking  ] GC(6) Concurrent Clear Claimed Marks 0.049ms
[10.890s][info][gc,marking  ] GC(6) Concurrent Cleanup for Next Mark
[10.890s][info][gc,marking  ] GC(6) Concurrent Cleanup for Next Mark 0.230ms
[10.890s][info][gc          ] GC(6) Concurrent Mark Cycle 20.489ms
[11.253s][info][gc,start    ] GC(7) Pause Young (Prepare Mixed) (G1 Evacuation Pause)
[11.253s][info][gc,task     ] GC(7) Using 3 workers of 33 for evacuation
[11.319s][info][gc,phases   ] GC(7)   Pre Evacuate Collection Set: 0.1ms
[11.319s][info][gc,phases   ] GC(7)   Merge Heap Roots: 0.1ms
[11.319s][info][gc,phases   ] GC(7)   Evacuate Collection Set: 65.5ms
[11.319s][info][gc,phases   ] GC(7)   Post Evacuate Collection Set: 0.7ms
[11.320s][info][gc,phases   ] GC(7)   Other: 0.1ms
[11.320s][info][gc,heap     ] GC(7) Eden regions: 39->0(20)
[11.320s][info][gc,heap     ] GC(7) Survivor regions: 1->5(5)
[11.320s][info][gc,heap     ] GC(7) Old regions: 20->29
[11.320s][info][gc,heap     ] GC(7) Archive regions: 0->0
[11.320s][info][gc,heap     ] GC(7) Humongous regions: 6->6
[11.320s][info][gc,metaspace] GC(7) Metaspace: 42248K(42624K)->42248K(42624K) NonClass: 36946K(37184K)->36946K(37184K) Class: 5302K(5440K)->5302K(5440K)
[11.320s][info][gc          ] GC(7) Pause Young (Prepare Mixed) (G1 Evacuation Pause) 64M->39M(82M) 67.074ms
[11.320s][info][gc,cpu      ] GC(7) User=0.19s Sys=0.00s Real=0.06s
[11.354s][info][gc,start    ] GC(8) Pause Young (Mixed) (G1 Evacuation Pause)
[11.354s][info][gc,task     ] GC(8) Using 2 workers of 33 for evacuation
[11.419s][info][gc,phases   ] GC(8)   Pre Evacuate Collection Set: 0.1ms
[11.419s][info][gc,phases   ] GC(8)   Merge Heap Roots: 0.1ms
[11.419s][info][gc,phases   ] GC(8)   Evacuate Collection Set: 57.9ms
[11.419s][info][gc,phases   ] GC(8)   Post Evacuate Collection Set: 7.2ms
[11.419s][info][gc,phases   ] GC(8)   Other: 0.1ms
[11.419s][info][gc,heap     ] GC(8) Eden regions: 20->0(153)
[11.419s][info][gc,heap     ] GC(8) Survivor regions: 5->4(4)
[11.419s][info][gc,heap     ] GC(8) Old regions: 29->50
[11.419s][info][gc,heap     ] GC(8) Archive regions: 0->0
[11.419s][info][gc,heap     ] GC(8) Humongous regions: 6->6
[11.419s][info][gc,metaspace] GC(8) Metaspace: 42248K(42624K)->42248K(42624K) NonClass: 36946K(37184K)->36946K(37184K) Class: 5302K(5440K)->5302K(5440K)
[11.419s][info][gc          ] GC(8) Pause Young (Mixed) (G1 Evacuation Pause) 59M->60M(555M) 65.823ms
[11.419s][info][gc,cpu      ] GC(8) User=0.13s Sys=0.00s Real=0.06s
[11.763s][info][gc,start    ] GC(9) Pause Young (Normal) (G1 Evacuation Pause)
[11.764s][info][gc,task     ] GC(9) Using 13 workers of 33 for evacuation
[13.305s][info][gc,mmu      ] GC(9) MMU target violated: 201.0ms (200.0ms/201.0ms)
[13.305s][info][gc,phases   ] GC(9)   Pre Evacuate Collection Set: 0.1ms
[13.305s][info][gc,phases   ] GC(9)   Merge Heap Roots: 0.1ms
[13.306s][info][gc,phases   ] GC(9)   Evacuate Collection Set: 1540.5ms
[13.306s][info][gc,phases   ] GC(9)   Post Evacuate Collection Set: 0.8ms
[13.306s][info][gc,phases   ] GC(9)   Other: 0.4ms
[13.306s][info][gc,heap     ] GC(9) Eden regions: 153->0(53)
[13.306s][info][gc,heap     ] GC(9) Survivor regions: 4->20(20)
[13.306s][info][gc,heap     ] GC(9) Old regions: 50->188
[13.306s][info][gc,heap     ] GC(9) Archive regions: 0->0
[13.306s][info][gc,heap     ] GC(9) Humongous regions: 6->6
[13.306s][info][gc,metaspace] GC(9) Metaspace: 42258K(42688K)->42258K(42688K) NonClass: 36952K(37184K)->36952K(37184K) Class: 5305K(5504K)->5305K(5504K)
[13.306s][info][gc          ] GC(9) Pause Young (Normal) (G1 Evacuation Pause) 213M->213M(555M) 1542.463ms
[13.306s][info][gc,cpu      ] GC(9) User=5.61s Sys=0.20s Real=1.55s
[13.424s][info][gc,start    ] GC(10) Pause Young (Normal) (G1 Evacuation Pause)
[13.424s][info][gc,task     ] GC(10) Using 13 workers of 33 for evacuation
[13.875s][info][gc,mmu      ] GC(10) MMU target violated: 201.0ms (200.0ms/201.0ms)
[13.876s][info][gc,phases   ] GC(10)   Pre Evacuate Collection Set: 0.1ms
[13.876s][info][gc,phases   ] GC(10)   Merge Heap Roots: 0.1ms
[13.876s][info][gc,phases   ] GC(10)   Evacuate Collection Set: 450.4ms
[13.876s][info][gc,phases   ] GC(10)   Post Evacuate Collection Set: 0.4ms
[13.876s][info][gc,phases   ] GC(10)   Other: 0.2ms
[13.876s][info][gc,heap     ] GC(10) Eden regions: 53->0(44)
[13.876s][info][gc,heap     ] GC(10) Survivor regions: 20->10(10)
[13.876s][info][gc,heap     ] GC(10) Old regions: 188->254
[13.876s][info][gc,heap     ] GC(10) Archive regions: 0->0
[13.876s][info][gc,heap     ] GC(10) Humongous regions: 6->6
[13.876s][info][gc,metaspace] GC(10) Metaspace: 42258K(42688K)->42258K(42688K) NonClass: 36952K(37184K)->36952K(37184K) Class: 5305K(5504K)->5305K(5504K)
[13.876s][info][gc          ] GC(10) Pause Young (Normal) (G1 Evacuation Pause) 266M->269M(555M) 451.724ms
[13.876s][info][gc,cpu      ] GC(10) User=2.25s Sys=0.03s Real=0.45s
[13.989s][info][gc,start    ] GC(11) Pause Young (Concurrent Start) (G1 Evacuation Pause)
[13.989s][info][gc,task     ] GC(11) Using 13 workers of 33 for evacuation
[14.370s][info][gc,mmu      ] GC(11) MMU target violated: 201.0ms (200.0ms/201.0ms)
[14.370s][info][gc,phases   ] GC(11)   Pre Evacuate Collection Set: 0.3ms
[14.370s][info][gc,phases   ] GC(11)   Merge Heap Roots: 0.1ms
[14.370s][info][gc,phases   ] GC(11)   Evacuate Collection Set: 379.7ms
[14.370s][info][gc,phases   ] GC(11)   Post Evacuate Collection Set: 0.4ms
[14.370s][info][gc,phases   ] GC(11)   Other: 0.3ms
[14.370s][info][gc,heap     ] GC(11) Eden regions: 44->0(49)
[14.370s][info][gc,heap     ] GC(11) Survivor regions: 10->7(7)
[14.370s][info][gc,heap     ] GC(11) Old regions: 254->303
[14.370s][info][gc,heap     ] GC(11) Archive regions: 0->0
[14.370s][info][gc,heap     ] GC(11) Humongous regions: 6->6
[14.370s][info][gc,metaspace] GC(11) Metaspace: 42258K(42688K)->42258K(42688K) NonClass: 36952K(37184K)->36952K(37184K) Class: 5305K(5504K)->5305K(5504K)
[14.370s][info][gc          ] GC(11) Pause Young (Concurrent Start) (G1 Evacuation Pause) 313M->315M(555M) 381.248ms
[14.370s][info][gc          ] GC(12) Concurrent Mark Cycle
[14.370s][info][gc,cpu      ] GC(11) User=1.81s Sys=0.08s Real=0.38s
[14.370s][info][gc,marking  ] GC(12) Concurrent Scan Root Regions
[14.381s][info][gc,marking  ] GC(12) Concurrent Scan Root Regions 11.028ms
[14.381s][info][gc,marking  ] GC(12) Concurrent Mark
[14.381s][info][gc,marking  ] GC(12) Concurrent Mark From Roots
[14.381s][info][gc,task     ] GC(12) Using 8 workers of 8 for marking
[14.500s][info][gc,start    ] GC(13) Pause Young (Normal) (G1 Evacuation Pause)
[14.500s][info][gc,task     ] GC(13) Using 13 workers of 33 for evacuation
[14.932s][info][gc,mmu      ] GC(13) MMU target violated: 201.0ms (200.0ms/201.0ms)
[14.932s][info][gc,phases   ] GC(13)   Pre Evacuate Collection Set: 0.1ms
[14.932s][info][gc,phases   ] GC(13)   Merge Heap Roots: 0.1ms
[14.932s][info][gc,phases   ] GC(13)   Evacuate Collection Set: 429.3ms
[14.933s][info][gc,phases   ] GC(13)   Post Evacuate Collection Set: 2.8ms
[14.933s][info][gc,phases   ] GC(13)   Other: 0.2ms
[14.933s][info][gc,heap     ] GC(13) Eden regions: 49->0(52)
[14.933s][info][gc,heap     ] GC(13) Survivor regions: 7->7(7)
[14.933s][info][gc,heap     ] GC(13) Old regions: 303->354
[14.933s][info][gc,heap     ] GC(13) Archive regions: 0->0
[14.933s][info][gc,heap     ] GC(13) Humongous regions: 6->6
[14.933s][info][gc,metaspace] GC(13) Metaspace: 42265K(42688K)->42265K(42688K) NonClass: 36959K(37184K)->36959K(37184K) Class: 5305K(5504K)->5305K(5504K)
[14.933s][info][gc          ] GC(13) Pause Young (Normal) (G1 Evacuation Pause) 364M->366M(743M) 432.979ms
[14.933s][info][gc,cpu      ] GC(13) User=1.94s Sys=0.03s Real=0.43s
[15.080s][info][gc,start    ] GC(14) Pause Young (Normal) (G1 Evacuation Pause)
[15.080s][info][gc,task     ] GC(14) Using 17 workers of 33 for evacuation
[15.567s][info][gc,mmu      ] GC(14) MMU target violated: 201.0ms (200.0ms/201.0ms)
[15.568s][info][gc,phases   ] GC(14)   Pre Evacuate Collection Set: 0.1ms
[15.568s][info][gc,phases   ] GC(14)   Merge Heap Roots: 0.1ms
[15.568s][info][gc,phases   ] GC(14)   Evacuate Collection Set: 486.9ms
[15.568s][info][gc,phases   ] GC(14)   Post Evacuate Collection Set: 0.4ms
[15.568s][info][gc,phases   ] GC(14)   Other: 0.2ms
[15.568s][info][gc,heap     ] GC(14) Eden regions: 52->0(57)
[15.568s][info][gc,heap     ] GC(14) Survivor regions: 7->8(8)
[15.568s][info][gc,heap     ] GC(14) Old regions: 354->409
[15.568s][info][gc,heap     ] GC(14) Archive regions: 0->0
[15.568s][info][gc,heap     ] GC(14) Humongous regions: 6->6
[15.568s][info][gc,metaspace] GC(14) Metaspace: 42265K(42688K)->42265K(42688K) NonClass: 36959K(37184K)->36959K(37184K) Class: 5305K(5504K)->5305K(5504K)
[15.568s][info][gc          ] GC(14) Pause Young (Normal) (G1 Evacuation Pause) 418M->423M(743M) 488.135ms
[15.568s][info][gc,cpu      ] GC(14) User=2.63s Sys=0.06s Real=0.49s
[15.726s][info][gc,start    ] GC(15) Pause Young (Normal) (G1 Evacuation Pause)
[15.726s][info][gc,task     ] GC(15) Using 17 workers of 33 for evacuation
[16.264s][info][gc,mmu      ] GC(15) MMU target violated: 201.0ms (200.0ms/201.0ms)
[16.264s][info][gc,phases   ] GC(15)   Pre Evacuate Collection Set: 0.1ms
[16.264s][info][gc,phases   ] GC(15)   Merge Heap Roots: 0.1ms
[16.264s][info][gc,phases   ] GC(15)   Evacuate Collection Set: 536.8ms
[16.264s][info][gc,phases   ] GC(15)   Post Evacuate Collection Set: 0.4ms
[16.264s][info][gc,phases   ] GC(15)   Other: 0.2ms
[16.264s][info][gc,heap     ] GC(15) Eden regions: 57->0(61)
[16.264s][info][gc,heap     ] GC(15) Survivor regions: 8->9(9)
[16.264s][info][gc,heap     ] GC(15) Old regions: 409->468
[16.264s][info][gc,heap     ] GC(15) Archive regions: 0->0
[16.264s][info][gc,heap     ] GC(15) Humongous regions: 6->6
[16.264s][info][gc,metaspace] GC(15) Metaspace: 42265K(42688K)->42265K(42688K) NonClass: 36959K(37184K)->36959K(37184K) Class: 5305K(5504K)->5305K(5504K)
[16.264s][info][gc          ] GC(15) Pause Young (Normal) (G1 Evacuation Pause) 480M->482M(743M) 538.089ms
[16.264s][info][gc,cpu      ] GC(15) User=2.58s Sys=0.13s Real=0.54s
[16.407s][info][gc,start    ] GC(16) Pause Young (Normal) (G1 Evacuation Pause)
[16.407s][info][gc,task     ] GC(16) Using 17 workers of 33 for evacuation
[16.989s][info][gc,mmu      ] GC(16) MMU target violated: 201.0ms (200.0ms/201.0ms)
[16.989s][info][gc,phases   ] GC(16)   Pre Evacuate Collection Set: 0.1ms
[16.989s][info][gc,phases   ] GC(16)   Merge Heap Roots: 0.1ms
[16.989s][info][gc,phases   ] GC(16)   Evacuate Collection Set: 580.9ms
[16.989s][info][gc,phases   ] GC(16)   Post Evacuate Collection Set: 0.5ms
[16.989s][info][gc,phases   ] GC(16)   Other: 0.2ms
[16.989s][info][gc,heap     ] GC(16) Eden regions: 61->0(60)
[16.989s][info][gc,heap     ] GC(16) Survivor regions: 9->9(9)
[16.989s][info][gc,heap     ] GC(16) Old regions: 468->531
[16.989s][info][gc,heap     ] GC(16) Archive regions: 0->0
[16.989s][info][gc,heap     ] GC(16) Humongous regions: 6->6
[16.989s][info][gc,metaspace] GC(16) Metaspace: 42265K(42688K)->42265K(42688K) NonClass: 36959K(37184K)->36959K(37184K) Class: 5305K(5504K)->5305K(5504K)
[16.989s][info][gc          ] GC(16) Pause Young (Normal) (G1 Evacuation Pause) 543M->546M(743M) 582.199ms
[16.989s][info][gc,cpu      ] GC(16) User=2.88s Sys=0.08s Real=0.59s
[17.124s][info][gc,start    ] GC(17) Pause Young (Normal) (G1 Evacuation Pause)
[17.124s][info][gc,task     ] GC(17) Using 17 workers of 33 for evacuation
[17.670s][info][gc,mmu      ] GC(17) MMU target violated: 201.0ms (200.0ms/201.0ms)
[17.670s][info][gc,phases   ] GC(17)   Pre Evacuate Collection Set: 0.1ms
[17.670s][info][gc,phases   ] GC(17)   Merge Heap Roots: 0.1ms
[17.670s][info][gc,phases   ] GC(17)   Evacuate Collection Set: 543.8ms
[17.670s][info][gc,phases   ] GC(17)   Post Evacuate Collection Set: 1.9ms
[17.670s][info][gc,phases   ] GC(17)   Other: 0.2ms
[17.670s][info][gc,heap     ] GC(17) Eden regions: 60->0(73)
[17.670s][info][gc,heap     ] GC(17) Survivor regions: 9->9(9)
[17.670s][info][gc,heap     ] GC(17) Old regions: 531->594
[17.670s][info][gc,heap     ] GC(17) Archive regions: 0->0
[17.671s][info][gc,heap     ] GC(17) Humongous regions: 6->6
[17.671s][info][gc,metaspace] GC(17) Metaspace: 42265K(42688K)->42265K(42688K) NonClass: 36959K(37184K)->36959K(37184K) Class: 5305K(5504K)->5305K(5504K)
[17.671s][info][gc          ] GC(17) Pause Young (Normal) (G1 Evacuation Pause) 606M->609M(856M) 546.564ms
[17.671s][info][gc,cpu      ] GC(17) User=2.20s Sys=0.08s Real=0.55s
[17.772s][info][gc,marking  ] GC(12) Concurrent Mark From Roots 3391.125ms
[17.773s][info][gc,marking  ] GC(12) Concurrent Preclean
[17.773s][info][gc,marking  ] GC(12) Concurrent Preclean 0.068ms
[17.773s][info][gc,start    ] GC(12) Pause Remark
[17.776s][info][gc          ] GC(12) Pause Remark 637M->637M(1024M) 3.429ms
[17.776s][info][gc,cpu      ] GC(12) User=0.00s Sys=0.00s Real=0.00s
[17.776s][info][gc,marking  ] GC(12) Concurrent Mark 3394.884ms
[17.776s][info][gc,marking  ] GC(12) Concurrent Rebuild Remembered Sets and Scrub Regions
[17.822s][info][gc,marking  ] GC(12) Concurrent Rebuild Remembered Sets and Scrub Regions 45.425ms
[17.822s][info][gc,start    ] GC(12) Pause Cleanup
[17.822s][info][gc          ] GC(12) Pause Cleanup 637M->637M(1024M) 0.253ms
[17.822s][info][gc,cpu      ] GC(12) User=0.00s Sys=0.00s Real=0.00s
[17.822s][info][gc,marking  ] GC(12) Concurrent Clear Claimed Marks
[17.822s][info][gc,marking  ] GC(12) Concurrent Clear Claimed Marks 0.034ms
[17.822s][info][gc,marking  ] GC(12) Concurrent Cleanup for Next Mark
[17.824s][info][gc,marking  ] GC(12) Concurrent Cleanup for Next Mark 2.258ms
[17.825s][info][gc          ] GC(12) Concurrent Mark Cycle 3454.375ms
[18.969s][info][gc,start    ] GC(18) Pause Full (System.gc())
[18.969s][info][gc,task     ] GC(18) Using 24 workers of 33 for full compaction
[18.970s][info][gc,phases,start] GC(18) Phase 1: Mark live objects
[18.985s][info][gc,phases      ] GC(18) Phase 1: Mark live objects 14.590ms
[18.985s][info][gc,phases,start] GC(18) Phase 2: Prepare compaction
[18.986s][info][gc,phases      ] GC(18) Phase 2: Prepare compaction 1.716ms
[18.986s][info][gc,phases,start] GC(18) Phase 3: Adjust pointers
[18.992s][info][gc,phases      ] GC(18) Phase 3: Adjust pointers 5.523ms
[18.992s][info][gc,phases,start] GC(18) Phase 4: Compact heap
[18.993s][info][gc,phases      ] GC(18) Phase 4: Compact heap 1.177ms
[18.998s][info][gc,heap        ] GC(18) Eden regions: 68->0(34)
[18.998s][info][gc,heap        ] GC(18) Survivor regions: 9->0(9)
[18.998s][info][gc,heap        ] GC(18) Old regions: 594->42
[18.999s][info][gc,heap        ] GC(18) Archive regions: 0->0
[18.999s][info][gc,heap        ] GC(18) Humongous regions: 11->6
[18.999s][info][gc,metaspace   ] GC(18) Metaspace: 49928K(50432K)->49928K(50432K) NonClass: 43622K(43904K)->43622K(43904K) Class: 6306K(6528K)->6306K(6528K)
[18.999s][info][gc             ] GC(18) Pause Full (System.gc()) 681M->27M(160M) 29.977ms
[18.999s][info][gc,cpu         ] GC(18) User=0.78s Sys=0.00s Real=0.03s
[19.356s][info][gc,start       ] GC(19) Pause Young (Normal) (G1 Evacuation Pause)
[19.356s][info][gc,task        ] GC(19) Using 13 workers of 33 for evacuation
[19.359s][info][gc,phases      ] GC(19)   Pre Evacuate Collection Set: 0.1ms
[19.359s][info][gc,phases      ] GC(19)   Merge Heap Roots: 0.1ms
[19.359s][info][gc,phases      ] GC(19)   Evacuate Collection Set: 1.9ms
[19.359s][info][gc,phases      ] GC(19)   Post Evacuate Collection Set: 0.9ms
[19.359s][info][gc,phases      ] GC(19)   Other: 0.1ms
[19.359s][info][gc,heap        ] GC(19) Eden regions: 34->0(36)
[19.359s][info][gc,heap        ] GC(19) Survivor regions: 0->3(5)
[19.359s][info][gc,heap        ] GC(19) Old regions: 42->42
[19.359s][info][gc,heap        ] GC(19) Archive regions: 0->0
[19.360s][info][gc,heap        ] GC(19) Humongous regions: 6->6
[19.360s][info][gc,metaspace   ] GC(19) Metaspace: 55441K(56000K)->55441K(56000K) NonClass: 48486K(48768K)->48486K(48768K) Class: 6954K(7232K)->6954K(7232K)
[19.360s][info][gc             ] GC(19) Pause Young (Normal) (G1 Evacuation Pause) 61M->29M(160M) 3.708ms
[19.360s][info][gc,cpu         ] GC(19) User=0.00s Sys=0.00s Real=0.00s
[19.728s][info][gc,start       ] GC(20) Pause Young (Normal) (G1 Evacuation Pause)
[19.728s][info][gc,task        ] GC(20) Using 8 workers of 33 for evacuation
[19.731s][info][gc,phases      ] GC(20)   Pre Evacuate Collection Set: 0.1ms
[19.731s][info][gc,phases      ] GC(20)   Merge Heap Roots: 0.1ms
[19.731s][info][gc,phases      ] GC(20)   Evacuate Collection Set: 2.1ms
[19.731s][info][gc,phases      ] GC(20)   Post Evacuate Collection Set: 0.7ms
[19.732s][info][gc,phases      ] GC(20)   Other: 0.1ms
[19.732s][info][gc,heap        ] GC(20) Eden regions: 36->0(39)
[19.732s][info][gc,heap        ] GC(20) Survivor regions: 3->5(5)
[19.732s][info][gc,heap        ] GC(20) Old regions: 42->45
[19.732s][info][gc,heap        ] GC(20) Archive regions: 0->0
[19.732s][info][gc,heap        ] GC(20) Humongous regions: 11->6
[19.732s][info][gc,metaspace   ] GC(20) Metaspace: 58869K(59712K)->58869K(59712K) NonClass: 51389K(51840K)->51389K(51840K) Class: 7479K(7872K)->7479K(7872K)
[19.732s][info][gc             ] GC(20) Pause Young (Normal) (G1 Evacuation Pause) 70M->35M(160M) 3.402ms
[19.732s][info][gc,cpu         ] GC(20) User=0.02s Sys=0.02s Real=0.02s
[19.798s][info][gc,start       ] GC(21) Pause Young (Normal) (G1 Evacuation Pause)
[19.798s][info][gc,task        ] GC(21) Using 5 workers of 33 for evacuation
[19.801s][info][gc,phases      ] GC(21)   Pre Evacuate Collection Set: 0.1ms
[19.801s][info][gc,phases      ] GC(21)   Merge Heap Roots: 0.1ms
[19.801s][info][gc,phases      ] GC(21)   Evacuate Collection Set: 2.5ms
[19.801s][info][gc,phases      ] GC(21)   Post Evacuate Collection Set: 0.2ms
[19.801s][info][gc,phases      ] GC(21)   Other: 0.1ms
[19.801s][info][gc,heap        ] GC(21) Eden regions: 39->0(44)
[19.801s][info][gc,heap        ] GC(21) Survivor regions: 5->1(6)
[19.801s][info][gc,heap        ] GC(21) Old regions: 45->50
[19.801s][info][gc,heap        ] GC(21) Archive regions: 0->0
[19.801s][info][gc,heap        ] GC(21) Humongous regions: 6->6
[19.801s][info][gc,metaspace   ] GC(21) Metaspace: 58897K(59776K)->58897K(59776K) NonClass: 51417K(51904K)->51417K(51904K) Class: 7479K(7872K)->7479K(7872K)
[19.801s][info][gc             ] GC(21) Pause Young (Normal) (G1 Evacuation Pause) 74M->36M(160M) 3.172ms
[19.801s][info][gc,cpu         ] GC(21) User=0.00s Sys=0.00s Real=0.00s
[19.849s][info][gc,start       ] GC(22) Pause Young (Normal) (G1 Evacuation Pause)
[19.850s][info][gc,task        ] GC(22) Using 4 workers of 33 for evacuation
[19.851s][info][gc,phases      ] GC(22)   Pre Evacuate Collection Set: 0.1ms
[19.851s][info][gc,phases      ] GC(22)   Merge Heap Roots: 0.1ms
[19.851s][info][gc,phases      ] GC(22)   Evacuate Collection Set: 0.4ms
[19.851s][info][gc,phases      ] GC(22)   Post Evacuate Collection Set: 0.4ms
[19.851s][info][gc,phases      ] GC(22)   Other: 0.1ms
[19.851s][info][gc,heap        ] GC(22) Eden regions: 44->0(51)
[19.851s][info][gc,heap        ] GC(22) Survivor regions: 1->1(6)
[19.851s][info][gc,heap        ] GC(22) Old regions: 50->50
[19.851s][info][gc,heap        ] GC(22) Archive regions: 0->0
[19.851s][info][gc,heap        ] GC(22) Humongous regions: 6->6
[19.851s][info][gc,metaspace   ] GC(22) Metaspace: 58914K(59776K)->58914K(59776K) NonClass: 51433K(51904K)->51433K(51904K) Class: 7480K(7872K)->7480K(7872K)
[19.851s][info][gc             ] GC(22) Pause Young (Normal) (G1 Evacuation Pause) 80M->35M(160M) 1.438ms
[19.851s][info][gc,cpu         ] GC(22) User=0.00s Sys=0.00s Real=0.00s
[19.887s][info][gc,start       ] GC(23) Pause Young (Normal) (G1 Evacuation Pause)
[19.887s][info][gc,task        ] GC(23) Using 3 workers of 33 for evacuation
[19.888s][info][gc,phases      ] GC(23)   Pre Evacuate Collection Set: 0.1ms
[19.888s][info][gc,phases      ] GC(23)   Merge Heap Roots: 0.1ms
[19.888s][info][gc,phases      ] GC(23)   Evacuate Collection Set: 0.3ms
[19.888s][info][gc,phases      ] GC(23)   Post Evacuate Collection Set: 0.3ms
[19.888s][info][gc,phases      ] GC(23)   Other: 0.1ms
[19.888s][info][gc,heap        ] GC(23) Eden regions: 51->0(57)
[19.888s][info][gc,heap        ] GC(23) Survivor regions: 1->1(7)
[19.888s][info][gc,heap        ] GC(23) Old regions: 50->50
[19.888s][info][gc,heap        ] GC(23) Archive regions: 0->0
[19.888s][info][gc,heap        ] GC(23) Humongous regions: 6->6
[19.888s][info][gc,metaspace   ] GC(23) Metaspace: 58923K(59776K)->58923K(59776K) NonClass: 51443K(51904K)->51443K(51904K) Class: 7480K(7872K)->7480K(7872K)
[19.888s][info][gc             ] GC(23) Pause Young (Normal) (G1 Evacuation Pause) 86M->35M(160M) 1.458ms
[19.888s][info][gc,cpu         ] GC(23) User=0.05s Sys=0.00s Real=0.02s
[19.916s][info][gc,start       ] GC(24) Pause Young (Normal) (G1 Evacuation Pause)
[19.916s][info][gc,task        ] GC(24) Using 3 workers of 33 for evacuation
[19.918s][info][gc,phases      ] GC(24)   Pre Evacuate Collection Set: 0.1ms
[19.918s][info][gc,phases      ] GC(24)   Merge Heap Roots: 0.0ms
[19.918s][info][gc,phases      ] GC(24)   Evacuate Collection Set: 0.6ms
[19.918s][info][gc,phases      ] GC(24)   Post Evacuate Collection Set: 0.3ms
[19.918s][info][gc,phases      ] GC(24)   Other: 0.1ms
[19.918s][info][gc,heap        ] GC(24) Eden regions: 57->0(63)
[19.918s][info][gc,heap        ] GC(24) Survivor regions: 1->1(8)
[19.918s][info][gc,heap        ] GC(24) Old regions: 50->50
[19.918s][info][gc,heap        ] GC(24) Archive regions: 0->0
[19.918s][info][gc,heap        ] GC(24) Humongous regions: 6->6
[19.918s][info][gc,metaspace   ] GC(24) Metaspace: 58942K(59776K)->58942K(59776K) NonClass: 51462K(51904K)->51462K(51904K) Class: 7480K(7872K)->7480K(7872K)
[19.918s][info][gc             ] GC(24) Pause Young (Normal) (G1 Evacuation Pause) 92M->35M(160M) 1.628ms
[19.918s][info][gc,cpu         ] GC(24) User=0.00s Sys=0.00s Real=0.00s
[19.937s][info][gc,start       ] GC(25) Pause Young (Normal) (G1 Evacuation Pause)
[19.937s][info][gc,task        ] GC(25) Using 3 workers of 33 for evacuation
[19.938s][info][gc,phases      ] GC(25)   Pre Evacuate Collection Set: 0.1ms
[19.938s][info][gc,phases      ] GC(25)   Merge Heap Roots: 0.1ms
[19.938s][info][gc,phases      ] GC(25)   Evacuate Collection Set: 0.3ms
[19.938s][info][gc,phases      ] GC(25)   Post Evacuate Collection Set: 0.3ms
[19.938s][info][gc,phases      ] GC(25)   Other: 0.1ms
[19.938s][info][gc,heap        ] GC(25) Eden regions: 63->0(69)
[19.939s][info][gc,heap        ] GC(25) Survivor regions: 1->1(8)
[19.939s][info][gc,heap        ] GC(25) Old regions: 50->50
[19.939s][info][gc,heap        ] GC(25) Archive regions: 0->0
[19.939s][info][gc,heap        ] GC(25) Humongous regions: 6->6
[19.939s][info][gc,metaspace   ] GC(25) Metaspace: 58943K(59776K)->58943K(59776K) NonClass: 51462K(51904K)->51462K(51904K) Class: 7480K(7872K)->7480K(7872K)
[19.939s][info][gc             ] GC(25) Pause Young (Normal) (G1 Evacuation Pause) 98M->35M(160M) 1.436ms
[19.939s][info][gc,cpu         ] GC(25) User=0.00s Sys=0.00s Real=0.00s
[19.964s][info][gc,start       ] GC(26) Pause Young (Normal) (G1 Evacuation Pause)
[19.964s][info][gc,task        ] GC(26) Using 3 workers of 33 for evacuation
[19.970s][info][gc,phases      ] GC(26)   Pre Evacuate Collection Set: 0.1ms
[19.970s][info][gc,phases      ] GC(26)   Merge Heap Roots: 0.1ms
[19.970s][info][gc,phases      ] GC(26)   Evacuate Collection Set: 0.4ms
[19.970s][info][gc,phases      ] GC(26)   Post Evacuate Collection Set: 5.7ms
[19.970s][info][gc,phases      ] GC(26)   Other: 0.1ms
[19.970s][info][gc,heap        ] GC(26) Eden regions: 69->0(290)
[19.970s][info][gc,heap        ] GC(26) Survivor regions: 1->1(9)
[19.970s][info][gc,heap        ] GC(26) Old regions: 50->50
[19.970s][info][gc,heap        ] GC(26) Archive regions: 0->0
[19.970s][info][gc,heap        ] GC(26) Humongous regions: 6->6
[19.970s][info][gc,metaspace   ] GC(26) Metaspace: 58943K(59776K)->58943K(59776K) NonClass: 51463K(51904K)->51463K(51904K) Class: 7480K(7872K)->7480K(7872K)
[19.970s][info][gc             ] GC(26) Pause Young (Normal) (G1 Evacuation Pause) 104M->35M(592M) 6.753ms
[19.970s][info][gc,cpu         ] GC(26) User=0.00s Sys=0.02s Real=0.02s
[20.107s][info][gc,start       ] GC(27) Pause Young (Normal) (G1 Evacuation Pause)
[20.107s][info][gc,task        ] GC(27) Using 14 workers of 33 for evacuation
[20.109s][info][gc,phases      ] GC(27)   Pre Evacuate Collection Set: 0.1ms
[20.109s][info][gc,phases      ] GC(27)   Merge Heap Roots: 0.1ms
[20.109s][info][gc,phases      ] GC(27)   Evacuate Collection Set: 0.4ms
[20.109s][info][gc,phases      ] GC(27)   Post Evacuate Collection Set: 0.4ms
[20.109s][info][gc,phases      ] GC(27)   Other: 0.2ms
[20.109s][info][gc,heap        ] GC(27) Eden regions: 290->0(354)
[20.109s][info][gc,heap        ] GC(27) Survivor regions: 1->1(37)
[20.109s][info][gc,heap        ] GC(27) Old regions: 50->50
[20.109s][info][gc,heap        ] GC(27) Archive regions: 0->0
[20.109s][info][gc,heap        ] GC(27) Humongous regions: 6->6
[20.109s][info][gc,metaspace   ] GC(27) Metaspace: 58946K(59776K)->58946K(59776K) NonClass: 51465K(51904K)->51465K(51904K) Class: 7480K(7872K)->7480K(7872K)
[20.109s][info][gc             ] GC(27) Pause Young (Normal) (G1 Evacuation Pause) 325M->35M(592M) 1.813ms
[20.109s][info][gc,cpu         ] GC(27) User=0.00s Sys=0.00s Real=0.00s
[20.229s][info][gc,start       ] GC(28) Pause Young (Normal) (G1 Evacuation Pause)
[20.229s][info][gc,task        ] GC(28) Using 14 workers of 33 for evacuation
[20.230s][info][gc,phases      ] GC(28)   Pre Evacuate Collection Set: 0.1ms
[20.230s][info][gc,phases      ] GC(28)   Merge Heap Roots: 0.1ms
[20.230s][info][gc,phases      ] GC(28)   Evacuate Collection Set: 0.3ms
[20.230s][info][gc,phases      ] GC(28)   Post Evacuate Collection Set: 0.4ms
[20.231s][info][gc,phases      ] GC(28)   Other: 0.2ms
[20.231s][info][gc,heap        ] GC(28) Eden regions: 354->0(354)
[20.231s][info][gc,heap        ] GC(28) Survivor regions: 1->1(45)
[20.231s][info][gc,heap        ] GC(28) Old regions: 50->50
[20.231s][info][gc,heap        ] GC(28) Archive regions: 0->0
[20.231s][info][gc,heap        ] GC(28) Humongous regions: 6->6
[20.231s][info][gc,metaspace   ] GC(28) Metaspace: 58973K(59840K)->58973K(59840K) NonClass: 51493K(51968K)->51493K(51968K) Class: 7480K(7872K)->7480K(7872K)
[20.231s][info][gc             ] GC(28) Pause Young (Normal) (G1 Evacuation Pause) 389M->35M(592M) 1.662ms
[20.231s][info][gc,cpu         ] GC(28) User=0.00s Sys=0.00s Real=0.00s
[20.350s][info][gc,start       ] GC(29) Pause Young (Normal) (G1 Evacuation Pause)
[20.350s][info][gc,task        ] GC(29) Using 14 workers of 33 for evacuation
[20.352s][info][gc,phases      ] GC(29)   Pre Evacuate Collection Set: 0.1ms
[20.352s][info][gc,phases      ] GC(29)   Merge Heap Roots: 0.1ms
[20.352s][info][gc,phases      ] GC(29)   Evacuate Collection Set: 0.4ms
[20.352s][info][gc,phases      ] GC(29)   Post Evacuate Collection Set: 0.4ms
[20.352s][info][gc,phases      ] GC(29)   Other: 0.1ms
[20.352s][info][gc,heap        ] GC(29) Eden regions: 354->0(354)
[20.352s][info][gc,heap        ] GC(29) Survivor regions: 1->1(45)
[20.352s][info][gc,heap        ] GC(29) Old regions: 50->50
[20.352s][info][gc,heap        ] GC(29) Archive regions: 0->0
[20.352s][info][gc,heap        ] GC(29) Humongous regions: 6->6
[20.352s][info][gc,metaspace   ] GC(29) Metaspace: 58973K(59840K)->58973K(59840K) NonClass: 51493K(51968K)->51493K(51968K) Class: 7480K(7872K)->7480K(7872K)
[20.352s][info][gc             ] GC(29) Pause Young (Normal) (G1 Evacuation Pause) 389M->35M(592M) 1.354ms
[20.352s][info][gc,cpu         ] GC(29) User=0.00s Sys=0.00s Real=0.00s
[20.472s][info][gc,start       ] GC(30) Pause Young (Normal) (G1 Evacuation Pause)
[20.472s][info][gc,task        ] GC(30) Using 14 workers of 33 for evacuation
[20.474s][info][gc,phases      ] GC(30)   Pre Evacuate Collection Set: 0.1ms
[20.474s][info][gc,phases      ] GC(30)   Merge Heap Roots: 0.1ms
[20.474s][info][gc,phases      ] GC(30)   Evacuate Collection Set: 0.6ms
[20.474s][info][gc,phases      ] GC(30)   Post Evacuate Collection Set: 0.8ms
[20.474s][info][gc,phases      ] GC(30)   Other: 0.2ms
[20.474s][info][gc,heap        ] GC(30) Eden regions: 354->0(354)
[20.474s][info][gc,heap        ] GC(30) Survivor regions: 1->1(45)
[20.474s][info][gc,heap        ] GC(30) Old regions: 50->50
[20.474s][info][gc,heap        ] GC(30) Archive regions: 0->0
[20.474s][info][gc,heap        ] GC(30) Humongous regions: 6->6
[20.474s][info][gc,metaspace   ] GC(30) Metaspace: 59047K(59904K)->59047K(59904K) NonClass: 51559K(52032K)->51559K(52032K) Class: 7488K(7872K)->7488K(7872K)
[20.474s][info][gc             ] GC(30) Pause Young (Normal) (G1 Evacuation Pause) 389M->35M(592M) 2.224ms
[20.474s][info][gc,cpu         ] GC(30) User=0.00s Sys=0.00s Real=0.00s
[20.632s][info][gc,start       ] GC(31) Pause Young (Normal) (G1 Evacuation Pause)
[20.632s][info][gc,task        ] GC(31) Using 14 workers of 33 for evacuation
[20.634s][info][gc,phases      ] GC(31)   Pre Evacuate Collection Set: 0.1ms
[20.634s][info][gc,phases      ] GC(31)   Merge Heap Roots: 0.1ms
[20.634s][info][gc,phases      ] GC(31)   Evacuate Collection Set: 0.8ms
[20.634s][info][gc,phases      ] GC(31)   Post Evacuate Collection Set: 0.6ms
[20.634s][info][gc,phases      ] GC(31)   Other: 0.2ms
[20.634s][info][gc,heap        ] GC(31) Eden regions: 354->0(354)
[20.634s][info][gc,heap        ] GC(31) Survivor regions: 1->1(45)
[20.634s][info][gc,heap        ] GC(31) Old regions: 50->50
[20.634s][info][gc,heap        ] GC(31) Archive regions: 0->0
[20.634s][info][gc,heap        ] GC(31) Humongous regions: 6->6
[20.634s][info][gc,metaspace   ] GC(31) Metaspace: 59529K(60416K)->59529K(60416K) NonClass: 51937K(52416K)->51937K(52416K) Class: 7592K(8000K)->7592K(8000K)
[20.634s][info][gc             ] GC(31) Pause Young (Normal) (G1 Evacuation Pause) 389M->35M(592M) 2.288ms
[20.634s][info][gc,cpu         ] GC(31) User=0.00s Sys=0.00s Real=0.00s
[20.786s][info][gc,start       ] GC(32) Pause Young (Normal) (G1 Evacuation Pause)
[20.786s][info][gc,task        ] GC(32) Using 14 workers of 33 for evacuation
[20.788s][info][gc,phases      ] GC(32)   Pre Evacuate Collection Set: 0.1ms
[20.788s][info][gc,phases      ] GC(32)   Merge Heap Roots: 0.1ms
[20.788s][info][gc,phases      ] GC(32)   Evacuate Collection Set: 0.8ms
[20.788s][info][gc,phases      ] GC(32)   Post Evacuate Collection Set: 0.7ms
[20.788s][info][gc,phases      ] GC(32)   Other: 0.2ms
[20.788s][info][gc,heap        ] GC(32) Eden regions: 354->0(354)
[20.788s][info][gc,heap        ] GC(32) Survivor regions: 1->1(45)
[20.788s][info][gc,heap        ] GC(32) Old regions: 50->50
[20.788s][info][gc,heap        ] GC(32) Archive regions: 0->0
[20.788s][info][gc,heap        ] GC(32) Humongous regions: 6->6
[20.788s][info][gc,metaspace   ] GC(32) Metaspace: 59529K(60416K)->59529K(60416K) NonClass: 51937K(52416K)->51937K(52416K) Class: 7592K(8000K)->7592K(8000K)
[20.788s][info][gc             ] GC(32) Pause Young (Normal) (G1 Evacuation Pause) 389M->35M(592M) 2.395ms
[20.788s][info][gc,cpu         ] GC(32) User=0.00s Sys=0.00s Real=0.00s
[20.930s][info][gc,start       ] GC(33) Pause Young (Normal) (G1 Evacuation Pause)
[20.930s][info][gc,task        ] GC(33) Using 14 workers of 33 for evacuation
[20.931s][info][gc,phases      ] GC(33)   Pre Evacuate Collection Set: 0.1ms
[20.931s][info][gc,phases      ] GC(33)   Merge Heap Roots: 0.1ms
[20.932s][info][gc,phases      ] GC(33)   Evacuate Collection Set: 0.5ms
[20.932s][info][gc,phases      ] GC(33)   Post Evacuate Collection Set: 0.5ms
[20.932s][info][gc,phases      ] GC(33)   Other: 0.1ms
[20.932s][info][gc,heap        ] GC(33) Eden regions: 354->0(354)
[20.932s][info][gc,heap        ] GC(33) Survivor regions: 1->1(45)
[20.932s][info][gc,heap        ] GC(33) Old regions: 50->50
[20.932s][info][gc,heap        ] GC(33) Archive regions: 0->0
[20.932s][info][gc,heap        ] GC(33) Humongous regions: 6->6
[20.932s][info][gc,metaspace   ] GC(33) Metaspace: 59530K(60416K)->59530K(60416K) NonClass: 51938K(52416K)->51938K(52416K) Class: 7592K(8000K)->7592K(8000K)
[20.932s][info][gc             ] GC(33) Pause Young (Normal) (G1 Evacuation Pause) 389M->35M(592M) 1.820ms
[20.932s][info][gc,cpu         ] GC(33) User=0.00s Sys=0.00s Real=0.00s
[21.074s][info][gc,start       ] GC(34) Pause Young (Normal) (G1 Evacuation Pause)
[21.074s][info][gc,task        ] GC(34) Using 14 workers of 33 for evacuation
[21.076s][info][gc,phases      ] GC(34)   Pre Evacuate Collection Set: 0.1ms
[21.076s][info][gc,phases      ] GC(34)   Merge Heap Roots: 0.1ms
[21.076s][info][gc,phases      ] GC(34)   Evacuate Collection Set: 0.7ms
[21.076s][info][gc,phases      ] GC(34)   Post Evacuate Collection Set: 0.7ms
[21.076s][info][gc,phases      ] GC(34)   Other: 0.1ms
[21.076s][info][gc,heap        ] GC(34) Eden regions: 354->0(354)
[21.076s][info][gc,heap        ] GC(34) Survivor regions: 1->1(45)
[21.076s][info][gc,heap        ] GC(34) Old regions: 50->50
[21.076s][info][gc,heap        ] GC(34) Archive regions: 0->0
[21.076s][info][gc,heap        ] GC(34) Humongous regions: 6->6
[21.076s][info][gc,metaspace   ] GC(34) Metaspace: 59531K(60416K)->59531K(60416K) NonClass: 51939K(52416K)->51939K(52416K) Class: 7592K(8000K)->7592K(8000K)
[21.076s][info][gc             ] GC(34) Pause Young (Normal) (G1 Evacuation Pause) 389M->35M(592M) 2.187ms
[21.076s][info][gc,cpu         ] GC(34) User=0.00s Sys=0.00s Real=0.00s
[21.228s][info][gc,start       ] GC(35) Pause Young (Normal) (G1 Evacuation Pause)
[21.228s][info][gc,task        ] GC(35) Using 14 workers of 33 for evacuation
[21.229s][info][gc,phases      ] GC(35)   Pre Evacuate Collection Set: 0.1ms
[21.229s][info][gc,phases      ] GC(35)   Merge Heap Roots: 0.1ms
[21.229s][info][gc,phases      ] GC(35)   Evacuate Collection Set: 0.8ms
[21.229s][info][gc,phases      ] GC(35)   Post Evacuate Collection Set: 0.5ms
[21.229s][info][gc,phases      ] GC(35)   Other: 0.1ms
[21.229s][info][gc,heap        ] GC(35) Eden regions: 354->0(354)
[21.229s][info][gc,heap        ] GC(35) Survivor regions: 1->1(45)
[21.229s][info][gc,heap        ] GC(35) Old regions: 50->50
[21.229s][info][gc,heap        ] GC(35) Archive regions: 0->0
[21.229s][info][gc,heap        ] GC(35) Humongous regions: 6->6
[21.229s][info][gc,metaspace   ] GC(35) Metaspace: 59531K(60416K)->59531K(60416K) NonClass: 51939K(52416K)->51939K(52416K) Class: 7592K(8000K)->7592K(8000K)
[21.230s][info][gc             ] GC(35) Pause Young (Normal) (G1 Evacuation Pause) 389M->35M(592M) 1.791ms
[21.230s][info][gc,cpu         ] GC(35) User=0.00s Sys=0.00s Real=0.00s
[21.382s][info][gc,start       ] GC(36) Pause Young (Normal) (G1 Evacuation Pause)
[21.382s][info][gc,task        ] GC(36) Using 14 workers of 33 for evacuation
[21.384s][info][gc,phases      ] GC(36)   Pre Evacuate Collection Set: 0.1ms
[21.384s][info][gc,phases      ] GC(36)   Merge Heap Roots: 0.1ms
[21.384s][info][gc,phases      ] GC(36)   Evacuate Collection Set: 0.5ms
[21.384s][info][gc,phases      ] GC(36)   Post Evacuate Collection Set: 0.8ms
[21.384s][info][gc,phases      ] GC(36)   Other: 0.2ms
[21.384s][info][gc,heap        ] GC(36) Eden regions: 354->0(354)
[21.384s][info][gc,heap        ] GC(36) Survivor regions: 1->1(45)
[21.384s][info][gc,heap        ] GC(36) Old regions: 50->51
[21.384s][info][gc,heap        ] GC(36) Archive regions: 0->0
[21.384s][info][gc,heap        ] GC(36) Humongous regions: 6->6
[21.385s][info][gc,metaspace   ] GC(36) Metaspace: 59845K(60736K)->59845K(60736K) NonClass: 52201K(52672K)->52201K(52672K) Class: 7643K(8064K)->7643K(8064K)
[21.385s][info][gc             ] GC(36) Pause Young (Normal) (G1 Evacuation Pause) 389M->35M(592M) 2.274ms
[21.385s][info][gc,cpu         ] GC(36) User=0.00s Sys=0.00s Real=0.00s
[21.538s][info][gc,start       ] GC(37) Pause Young (Normal) (G1 Evacuation Pause)
[21.538s][info][gc,task        ] GC(37) Using 14 workers of 33 for evacuation
[21.540s][info][gc,phases      ] GC(37)   Pre Evacuate Collection Set: 0.1ms
[21.540s][info][gc,phases      ] GC(37)   Merge Heap Roots: 0.1ms
[21.540s][info][gc,phases      ] GC(37)   Evacuate Collection Set: 0.8ms
[21.540s][info][gc,phases      ] GC(37)   Post Evacuate Collection Set: 0.6ms
[21.540s][info][gc,phases      ] GC(37)   Other: 0.1ms
[21.540s][info][gc,heap        ] GC(37) Eden regions: 354->0(354)
[21.540s][info][gc,heap        ] GC(37) Survivor regions: 1->1(45)
[21.540s][info][gc,heap        ] GC(37) Old regions: 51->51
[21.540s][info][gc,heap        ] GC(37) Archive regions: 0->0
[21.540s][info][gc,heap        ] GC(37) Humongous regions: 6->6
[21.540s][info][gc,metaspace   ] GC(37) Metaspace: 59845K(60736K)->59845K(60736K) NonClass: 52201K(52672K)->52201K(52672K) Class: 7643K(8064K)->7643K(8064K)
[21.540s][info][gc             ] GC(37) Pause Young (Normal) (G1 Evacuation Pause) 389M->35M(592M) 1.934ms
[21.540s][info][gc,cpu         ] GC(37) User=0.00s Sys=0.00s Real=0.00s
[21.705s][info][gc,start       ] GC(38) Pause Young (Normal) (G1 Evacuation Pause)
[21.705s][info][gc,task        ] GC(38) Using 14 workers of 33 for evacuation
[21.707s][info][gc,phases      ] GC(38)   Pre Evacuate Collection Set: 0.1ms
[21.707s][info][gc,phases      ] GC(38)   Merge Heap Roots: 0.1ms
[21.707s][info][gc,phases      ] GC(38)   Evacuate Collection Set: 0.8ms
[21.707s][info][gc,phases      ] GC(38)   Post Evacuate Collection Set: 0.8ms
[21.707s][info][gc,phases      ] GC(38)   Other: 0.2ms
[21.707s][info][gc,heap        ] GC(38) Eden regions: 354->0(354)
[21.707s][info][gc,heap        ] GC(38) Survivor regions: 1->1(45)
[21.707s][info][gc,heap        ] GC(38) Old regions: 51->51
[21.707s][info][gc,heap        ] GC(38) Archive regions: 0->0
[21.707s][info][gc,heap        ] GC(38) Humongous regions: 6->6
[21.707s][info][gc,metaspace   ] GC(38) Metaspace: 59845K(60736K)->59845K(60736K) NonClass: 52201K(52672K)->52201K(52672K) Class: 7643K(8064K)->7643K(8064K)
[21.708s][info][gc             ] GC(38) Pause Young (Normal) (G1 Evacuation Pause) 389M->35M(592M) 2.524ms
[21.708s][info][gc,cpu         ] GC(38) User=0.00s Sys=0.00s Real=0.00s
[21.913s][info][gc,start       ] GC(39) Pause Young (Normal) (G1 Evacuation Pause)
[21.913s][info][gc,task        ] GC(39) Using 14 workers of 33 for evacuation
[21.915s][info][gc,phases      ] GC(39)   Pre Evacuate Collection Set: 0.1ms
[21.915s][info][gc,phases      ] GC(39)   Merge Heap Roots: 0.1ms
[21.915s][info][gc,phases      ] GC(39)   Evacuate Collection Set: 0.9ms
[21.915s][info][gc,phases      ] GC(39)   Post Evacuate Collection Set: 0.8ms
[21.915s][info][gc,phases      ] GC(39)   Other: 0.2ms
[21.915s][info][gc,heap        ] GC(39) Eden regions: 354->0(354)
[21.915s][info][gc,heap        ] GC(39) Survivor regions: 1->1(45)
[21.915s][info][gc,heap        ] GC(39) Old regions: 51->51
[21.916s][info][gc,heap        ] GC(39) Archive regions: 0->0
[21.916s][info][gc,heap        ] GC(39) Humongous regions: 6->6
[21.916s][info][gc,metaspace   ] GC(39) Metaspace: 59858K(60736K)->59858K(60736K) NonClass: 52213K(52672K)->52213K(52672K) Class: 7644K(8064K)->7644K(8064K)
[21.916s][info][gc             ] GC(39) Pause Young (Normal) (G1 Evacuation Pause) 389M->35M(592M) 2.632ms
[21.916s][info][gc,cpu         ] GC(39) User=0.00s Sys=0.00s Real=0.00s
[22.765s][info][gc,start       ] GC(40) Pause Young (Normal) (G1 Evacuation Pause)
[22.765s][info][gc,task        ] GC(40) Using 14 workers of 33 for evacuation
[22.786s][info][gc,phases      ] GC(40)   Pre Evacuate Collection Set: 0.1ms
[22.786s][info][gc,phases      ] GC(40)   Merge Heap Roots: 0.2ms
[22.786s][info][gc,phases      ] GC(40)   Evacuate Collection Set: 19.3ms
[22.786s][info][gc,phases      ] GC(40)   Post Evacuate Collection Set: 0.8ms
[22.786s][info][gc,phases      ] GC(40)   Other: 0.2ms
[22.786s][info][gc,heap        ] GC(40) Eden regions: 354->0(323)
[22.786s][info][gc,heap        ] GC(40) Survivor regions: 1->32(45)
[22.786s][info][gc,heap        ] GC(40) Old regions: 51->51
[22.786s][info][gc,heap        ] GC(40) Archive regions: 0->0
[22.786s][info][gc,heap        ] GC(40) Humongous regions: 23->18
[22.786s][info][gc,metaspace   ] GC(40) Metaspace: 61613K(62592K)->61613K(62592K) NonClass: 53662K(54208K)->53662K(54208K) Class: 7951K(8384K)->7951K(8384K)
[22.786s][info][gc             ] GC(40) Pause Young (Normal) (G1 Evacuation Pause) 406M->79M(592M) 21.077ms
[22.786s][info][gc,cpu         ] GC(40) User=0.22s Sys=0.00s Real=0.02s
[23.221s][info][gc,start       ] GC(41) Pause Young (Normal) (G1 Evacuation Pause)
[23.221s][info][gc,task        ] GC(41) Using 14 workers of 33 for evacuation
[23.259s][info][gc,phases      ] GC(41)   Pre Evacuate Collection Set: 0.1ms
[23.259s][info][gc,phases      ] GC(41)   Merge Heap Roots: 0.4ms
[23.259s][info][gc,phases      ] GC(41)   Evacuate Collection Set: 36.7ms
[23.259s][info][gc,phases      ] GC(41)   Post Evacuate Collection Set: 0.4ms
[23.259s][info][gc,phases      ] GC(41)   Other: 0.1ms
[23.259s][info][gc,heap        ] GC(41) Eden regions: 323->0(310)
[23.259s][info][gc,heap        ] GC(41) Survivor regions: 32->45(45)
[23.259s][info][gc,heap        ] GC(41) Old regions: 51->99
[23.259s][info][gc,heap        ] GC(41) Archive regions: 0->0
[23.259s][info][gc,heap        ] GC(41) Humongous regions: 30->30
[23.259s][info][gc,metaspace   ] GC(41) Metaspace: 61617K(62592K)->61617K(62592K) NonClass: 53665K(54208K)->53665K(54208K) Class: 7951K(8384K)->7951K(8384K)
[23.259s][info][gc             ] GC(41) Pause Young (Normal) (G1 Evacuation Pause) 414M->152M(592M) 38.084ms
[23.259s][info][gc,cpu         ] GC(41) User=0.66s Sys=0.00s Real=0.05s
[23.774s][info][gc,start       ] GC(42) Pause Young (Normal) (G1 Evacuation Pause)
[23.774s][info][gc,task        ] GC(42) Using 14 workers of 33 for evacuation
[23.823s][info][gc,phases      ] GC(42)   Pre Evacuate Collection Set: 0.1ms
[23.823s][info][gc,phases      ] GC(42)   Merge Heap Roots: 0.3ms
[23.823s][info][gc,phases      ] GC(42)   Evacuate Collection Set: 47.5ms
[23.823s][info][gc,phases      ] GC(42)   Post Evacuate Collection Set: 0.7ms
[23.823s][info][gc,phases      ] GC(42)   Other: 0.1ms
[23.823s][info][gc,heap        ] GC(42) Eden regions: 310->0(249)
[23.823s][info][gc,heap        ] GC(42) Survivor regions: 45->45(45)
[23.823s][info][gc,heap        ] GC(42) Old regions: 99->167
[23.823s][info][gc,heap        ] GC(42) Archive regions: 0->0
[23.823s][info][gc,heap        ] GC(42) Humongous regions: 70->70
[23.823s][info][gc,metaspace   ] GC(42) Metaspace: 61919K(62976K)->61919K(62976K) NonClass: 53926K(54528K)->53926K(54528K) Class: 7993K(8448K)->7993K(8448K)
[23.823s][info][gc             ] GC(42) Pause Young (Normal) (G1 Evacuation Pause) 502M->261M(637M) 49.135ms
[23.823s][info][gc,cpu         ] GC(42) User=0.66s Sys=0.00s Real=0.05s
[24.076s][info][gc,start       ] GC(43) Pause Young (Normal) (G1 Evacuation Pause)
[24.076s][info][gc,task        ] GC(43) Using 15 workers of 33 for evacuation
[24.118s][info][gc,phases      ] GC(43)   Pre Evacuate Collection Set: 0.1ms
[24.118s][info][gc,phases      ] GC(43)   Merge Heap Roots: 0.6ms
[24.118s][info][gc,phases      ] GC(43)   Evacuate Collection Set: 40.3ms
[24.118s][info][gc,phases      ] GC(43)   Post Evacuate Collection Set: 0.7ms
[24.118s][info][gc,phases      ] GC(43)   Other: 0.1ms
[24.118s][info][gc,heap        ] GC(43) Eden regions: 249->0(204)
[24.118s][info][gc,heap        ] GC(43) Survivor regions: 45->37(37)
[24.118s][info][gc,heap        ] GC(43) Old regions: 167->225
[24.118s][info][gc,heap        ] GC(43) Archive regions: 0->0
[24.118s][info][gc,heap        ] GC(43) Humongous regions: 82->82
[24.118s][info][gc,metaspace   ] GC(43) Metaspace: 62115K(63168K)->62115K(63168K) NonClass: 54102K(54720K)->54102K(54720K) Class: 8012K(8448K)->8012K(8448K)
[24.118s][info][gc             ] GC(43) Pause Young (Normal) (G1 Evacuation Pause) 522M->323M(638M) 42.264ms
[24.118s][info][gc,cpu         ] GC(43) User=0.47s Sys=0.00s Real=0.03s
[24.152s][info][gc,start       ] GC(44) Pause Young (Concurrent Start) (G1 Humongous Allocation)
[24.152s][info][gc,task        ] GC(44) Using 15 workers of 33 for evacuation
[24.175s][info][gc,phases      ] GC(44)   Pre Evacuate Collection Set: 0.3ms
[24.175s][info][gc,phases      ] GC(44)   Merge Heap Roots: 0.3ms
[24.175s][info][gc,phases      ] GC(44)   Evacuate Collection Set: 21.8ms
[24.175s][info][gc,phases      ] GC(44)   Post Evacuate Collection Set: 0.3ms
[24.175s][info][gc,phases      ] GC(44)   Other: 0.2ms
[24.175s][info][gc,heap        ] GC(44) Eden regions: 79->0(197)
[24.175s][info][gc,heap        ] GC(44) Survivor regions: 37->14(31)
[24.175s][info][gc,heap        ] GC(44) Old regions: 225->265
[24.175s][info][gc,heap        ] GC(44) Archive regions: 0->0
[24.175s][info][gc,heap        ] GC(44) Humongous regions: 82->82
[24.175s][info][gc,metaspace   ] GC(44) Metaspace: 62118K(63168K)->62118K(63168K) NonClass: 54105K(54720K)->54105K(54720K) Class: 8012K(8448K)->8012K(8448K)
[24.175s][info][gc             ] GC(44) Pause Young (Concurrent Start) (G1 Humongous Allocation) 401M->340M(638M) 23.224ms
[24.175s][info][gc             ] GC(45) Concurrent Mark Cycle
[24.175s][info][gc,cpu         ] GC(44) User=0.47s Sys=0.00s Real=0.03s
[24.175s][info][gc,marking     ] GC(45) Concurrent Scan Root Regions
[24.182s][info][gc,marking     ] GC(45) Concurrent Scan Root Regions 6.976ms
[24.182s][info][gc,marking     ] GC(45) Concurrent Mark
[24.182s][info][gc,marking     ] GC(45) Concurrent Mark From Roots
[24.182s][info][gc,task        ] GC(45) Using 8 workers of 8 for marking
[24.233s][info][gc,marking     ] GC(45) Concurrent Mark From Roots 50.506ms
[24.233s][info][gc,marking     ] GC(45) Concurrent Preclean
[24.233s][info][gc,marking     ] GC(45) Concurrent Preclean 0.108ms
[24.233s][info][gc,start       ] GC(45) Pause Remark
[24.240s][info][gc             ] GC(45) Pause Remark 458M->405M(710M) 7.463ms
[24.240s][info][gc,cpu         ] GC(45) User=0.00s Sys=0.00s Real=0.00s
[24.240s][info][gc,marking     ] GC(45) Concurrent Mark 58.344ms
[24.240s][info][gc,marking     ] GC(45) Concurrent Rebuild Remembered Sets and Scrub Regions
[24.288s][info][gc,marking     ] GC(45) Concurrent Rebuild Remembered Sets and Scrub Regions 47.906ms
[24.288s][info][gc,start       ] GC(45) Pause Cleanup
[24.289s][info][gc             ] GC(45) Pause Cleanup 488M->488M(710M) 0.273ms
[24.289s][info][gc,cpu         ] GC(45) User=0.00s Sys=0.00s Real=0.00s
[24.289s][info][gc,marking     ] GC(45) Concurrent Clear Claimed Marks
[24.289s][info][gc,marking     ] GC(45) Concurrent Clear Claimed Marks 0.069ms
[24.289s][info][gc,marking     ] GC(45) Concurrent Cleanup for Next Mark
[24.291s][info][gc,marking     ] GC(45) Concurrent Cleanup for Next Mark 1.768ms
[24.291s][info][gc             ] GC(45) Concurrent Mark Cycle 115.735ms
[24.292s][info][gc,start       ] GC(46) Pause Young (Prepare Mixed) (G1 Evacuation Pause)
[24.292s][info][gc,task        ] GC(46) Using 17 workers of 33 for evacuation
[24.307s][info][gc,phases      ] GC(46)   Pre Evacuate Collection Set: 0.1ms
[24.307s][info][gc,phases      ] GC(46)   Merge Heap Roots: 0.4ms
[24.307s][info][gc,phases      ] GC(46)   Evacuate Collection Set: 13.2ms
[24.307s][info][gc,phases      ] GC(46)   Post Evacuate Collection Set: 0.6ms
[24.307s][info][gc,phases      ] GC(46)   Other: 0.1ms
[24.307s][info][gc,heap        ] GC(46) Eden regions: 197->0(269)
[24.307s][info][gc,heap        ] GC(46) Survivor regions: 14->27(27)
[24.307s][info][gc,heap        ] GC(46) Old regions: 264->267
[24.307s][info][gc,heap        ] GC(46) Archive regions: 0->0
[24.307s][info][gc,heap        ] GC(46) Humongous regions: 42->42
[24.307s][info][gc,metaspace   ] GC(46) Metaspace: 61997K(63168K)->61997K(63168K) NonClass: 54013K(54720K)->54013K(54720K) Class: 7984K(8448K)->7984K(8448K)
[24.307s][info][gc             ] GC(46) Pause Young (Prepare Mixed) (G1 Evacuation Pause) 496M->315M(710M) 14.653ms
[24.307s][info][gc,cpu         ] GC(46) User=0.27s Sys=0.00s Real=0.02s
[24.492s][info][gc,start       ] GC(47) Pause Young (Mixed) (G1 Evacuation Pause)
[24.492s][info][gc,task        ] GC(47) Using 17 workers of 33 for evacuation
[24.520s][info][gc,phases      ] GC(47)   Pre Evacuate Collection Set: 0.2ms
[24.520s][info][gc,phases      ] GC(47)   Merge Heap Roots: 0.3ms
[24.520s][info][gc,phases      ] GC(47)   Evacuate Collection Set: 25.7ms
[24.520s][info][gc,phases      ] GC(47)   Post Evacuate Collection Set: 1.5ms
[24.520s][info][gc,phases      ] GC(47)   Other: 0.2ms
[24.520s][info][gc,heap        ] GC(47) Eden regions: 269->0(320)
[24.520s][info][gc,heap        ] GC(47) Survivor regions: 27->37(37)
[24.520s][info][gc,heap        ] GC(47) Old regions: 267->271
[24.520s][info][gc,heap        ] GC(47) Archive regions: 0->0
[24.520s][info][gc,heap        ] GC(47) Humongous regions: 57->57
[24.520s][info][gc,metaspace   ] GC(47) Metaspace: 62040K(63168K)->62040K(63168K) NonClass: 54050K(54720K)->54050K(54720K) Class: 7989K(8448K)->7989K(8448K)
[24.520s][info][gc             ] GC(47) Pause Young (Mixed) (G1 Evacuation Pause) 599M->347M(807M) 28.299ms
[24.520s][info][gc,cpu         ] GC(47) User=0.31s Sys=0.00s Real=0.02s
[24.731s][info][gc,start       ] GC(48) Pause Young (Normal) (G1 Evacuation Pause)
[24.731s][info][gc,task        ] GC(48) Using 19 workers of 33 for evacuation
[24.759s][info][gc,phases      ] GC(48)   Pre Evacuate Collection Set: 0.1ms
[24.759s][info][gc,phases      ] GC(48)   Merge Heap Roots: 0.2ms
[24.759s][info][gc,phases      ] GC(48)   Evacuate Collection Set: 27.9ms
[24.760s][info][gc,phases      ] GC(48)   Post Evacuate Collection Set: 0.4ms
[24.760s][info][gc,phases      ] GC(48)   Other: 0.1ms
[24.760s][info][gc,heap        ] GC(48) Eden regions: 320->0(318)
[24.760s][info][gc,heap        ] GC(48) Survivor regions: 37->40(45)
[24.760s][info][gc,heap        ] GC(48) Old regions: 271->288
[24.760s][info][gc,heap        ] GC(48) Archive regions: 0->0
[24.760s][info][gc,heap        ] GC(48) Humongous regions: 57->57
[24.760s][info][gc,metaspace   ] GC(48) Metaspace: 62072K(63232K)->62072K(63232K) NonClass: 54079K(54720K)->54079K(54720K) Class: 7993K(8512K)->7993K(8512K)
[24.760s][info][gc             ] GC(48) Pause Young (Normal) (G1 Evacuation Pause) 667M->367M(807M) 29.140ms
[24.760s][info][gc,cpu         ] GC(48) User=0.59s Sys=0.00s Real=0.03s
[24.993s][info][gc,start       ] GC(49) Pause Young (Concurrent Start) (G1 Evacuation Pause)
[24.993s][info][gc,task        ] GC(49) Using 19 workers of 33 for evacuation
[25.015s][info][gc,phases      ] GC(49)   Pre Evacuate Collection Set: 0.2ms
[25.015s][info][gc,phases      ] GC(49)   Merge Heap Roots: 0.2ms
[25.015s][info][gc,phases      ] GC(49)   Evacuate Collection Set: 21.1ms
[25.015s][info][gc,phases      ] GC(49)   Post Evacuate Collection Set: 0.5ms
[25.015s][info][gc,phases      ] GC(49)   Other: 0.1ms
[25.015s][info][gc,heap        ] GC(49) Eden regions: 318->0(318)
[25.015s][info][gc,heap        ] GC(49) Survivor regions: 40->36(45)
[25.015s][info][gc,heap        ] GC(49) Old regions: 288->306
[25.015s][info][gc,heap        ] GC(49) Archive regions: 0->0
[25.015s][info][gc,heap        ] GC(49) Humongous regions: 57->57
[25.015s][info][gc,metaspace   ] GC(49) Metaspace: 62132K(63232K)->62132K(63232K) NonClass: 54130K(54720K)->54130K(54720K) Class: 8001K(8512K)->8001K(8512K)
[25.015s][info][gc             ] GC(49) Pause Young (Concurrent Start) (G1 Evacuation Pause) 685M->381M(807M) 22.421ms
[25.015s][info][gc             ] GC(50) Concurrent Mark Cycle
[25.015s][info][gc,cpu         ] GC(49) User=0.70s Sys=0.00s Real=0.03s
[25.015s][info][gc,marking     ] GC(50) Concurrent Scan Root Regions
[25.022s][info][gc,marking     ] GC(50) Concurrent Scan Root Regions 6.458ms
[25.022s][info][gc,marking     ] GC(50) Concurrent Mark
[25.022s][info][gc,marking     ] GC(50) Concurrent Mark From Roots
[25.022s][info][gc,task        ] GC(50) Using 8 workers of 8 for marking
[25.076s][info][gc,marking     ] GC(50) Concurrent Mark From Roots 54.727ms
[25.076s][info][gc,marking     ] GC(50) Concurrent Preclean
[25.077s][info][gc,marking     ] GC(50) Concurrent Preclean 0.142ms
[25.077s][info][gc,start       ] GC(50) Pause Remark
[25.080s][info][gc             ] GC(50) Pause Remark 396M->335M(807M) 3.540ms
[25.080s][info][gc,cpu         ] GC(50) User=0.00s Sys=0.00s Real=0.00s
[25.080s][info][gc,marking     ] GC(50) Concurrent Mark 58.645ms
[25.080s][info][gc,marking     ] GC(50) Concurrent Rebuild Remembered Sets and Scrub Regions
[25.115s][info][gc,marking     ] GC(50) Concurrent Rebuild Remembered Sets and Scrub Regions 34.364ms
[25.115s][info][gc,start       ] GC(50) Pause Cleanup
[25.115s][info][gc             ] GC(50) Pause Cleanup 347M->347M(807M) 0.395ms
[25.115s][info][gc,cpu         ] GC(50) User=0.00s Sys=0.00s Real=0.00s
[25.115s][info][gc,marking     ] GC(50) Concurrent Clear Claimed Marks
[25.115s][info][gc,marking     ] GC(50) Concurrent Clear Claimed Marks 0.086ms
[25.115s][info][gc,marking     ] GC(50) Concurrent Cleanup for Next Mark
[25.116s][info][gc,marking     ] GC(50) Concurrent Cleanup for Next Mark 0.880ms
[25.116s][info][gc             ] GC(50) Concurrent Mark Cycle 101.221ms
[25.729s][info][gc,start       ] GC(51) Pause Young (Prepare Mixed) (G1 Evacuation Pause)
[25.729s][info][gc,task        ] GC(51) Using 19 workers of 33 for evacuation
[25.762s][info][gc,phases      ] GC(51)   Pre Evacuate Collection Set: 0.1ms
[25.762s][info][gc,phases      ] GC(51)   Merge Heap Roots: 0.3ms
[25.762s][info][gc,phases      ] GC(51)   Evacuate Collection Set: 31.6ms
[25.762s][info][gc,phases      ] GC(51)   Post Evacuate Collection Set: 0.6ms
[25.762s][info][gc,phases      ] GC(51)   Other: 0.1ms
[25.762s][info][gc,heap        ] GC(51) Eden regions: 318->0(348)
[25.762s][info][gc,heap        ] GC(51) Survivor regions: 36->34(45)
[25.762s][info][gc,heap        ] GC(51) Old regions: 274->291
[25.762s][info][gc,heap        ] GC(51) Archive regions: 0->0
[25.762s][info][gc,heap        ] GC(51) Humongous regions: 48->48
[25.762s][info][gc,metaspace   ] GC(51) Metaspace: 62321K(63296K)->62321K(63296K) NonClass: 54301K(54784K)->54301K(54784K) Class: 8019K(8512K)->8019K(8512K)
[25.762s][info][gc             ] GC(51) Pause Young (Prepare Mixed) (G1 Evacuation Pause) 658M->355M(807M) 33.278ms
[25.762s][info][gc,cpu         ] GC(51) User=0.59s Sys=0.00s Real=0.03s
[27.035s][info][gc,start       ] GC(52) Pause Young (Mixed) (G1 Evacuation Pause)
[27.035s][info][gc,task        ] GC(52) Using 19 workers of 33 for evacuation
[27.082s][info][gc,phases      ] GC(52)   Pre Evacuate Collection Set: 0.1ms
[27.082s][info][gc,phases      ] GC(52)   Merge Heap Roots: 0.5ms
[27.082s][info][gc,phases      ] GC(52)   Evacuate Collection Set: 44.7ms
[27.082s][info][gc,phases      ] GC(52)   Post Evacuate Collection Set: 0.7ms
[27.082s][info][gc,phases      ] GC(52)   Other: 0.1ms
[27.082s][info][gc,heap        ] GC(52) Eden regions: 348->0(342)
[27.082s][info][gc,heap        ] GC(52) Survivor regions: 34->48(48)
[27.082s][info][gc,heap        ] GC(52) Old regions: 291->263
[27.082s][info][gc,heap        ] GC(52) Archive regions: 0->0
[27.082s][info][gc,heap        ] GC(52) Humongous regions: 82->77
[27.082s][info][gc,metaspace   ] GC(52) Metaspace: 62489K(63424K)->62489K(63424K) NonClass: 54460K(54912K)->54460K(54912K) Class: 8029K(8512K)->8029K(8512K)
[27.082s][info][gc             ] GC(52) Pause Young (Mixed) (G1 Evacuation Pause) 737M->385M(825M) 46.459ms
[27.082s][info][gc,cpu         ] GC(52) User=0.89s Sys=0.00s Real=0.05s
[27.100s][info][gc,start       ] GC(53) Pause Young (Concurrent Start) (G1 Humongous Allocation)
[27.100s][info][gc,task        ] GC(53) Using 19 workers of 33 for evacuation
[27.119s][info][gc,phases      ] GC(53)   Pre Evacuate Collection Set: 0.2ms
[27.119s][info][gc,phases      ] GC(53)   Merge Heap Roots: 0.1ms
[27.119s][info][gc,phases      ] GC(53)   Evacuate Collection Set: 17.8ms
[27.119s][info][gc,phases      ] GC(53)   Post Evacuate Collection Set: 0.3ms
[27.119s][info][gc,phases      ] GC(53)   Other: 0.1ms
[27.119s][info][gc,heap        ] GC(53) Eden regions: 30->0(347)
[27.119s][info][gc,heap        ] GC(53) Survivor regions: 48->9(49)
[27.119s][info][gc,heap        ] GC(53) Old regions: 263->313
[27.119s][info][gc,heap        ] GC(53) Archive regions: 0->0
[27.119s][info][gc,heap        ] GC(53) Humongous regions: 77->77
[27.119s][info][gc,metaspace   ] GC(53) Metaspace: 62489K(63424K)->62489K(63424K) NonClass: 54460K(54912K)->54460K(54912K) Class: 8029K(8512K)->8029K(8512K)
[27.119s][info][gc             ] GC(53) Pause Young (Concurrent Start) (G1 Humongous Allocation) 414M->395M(825M) 18.730ms
[27.119s][info][gc             ] GC(54) Concurrent Mark Cycle
[27.119s][info][gc,cpu         ] GC(53) User=0.30s Sys=0.00s Real=0.01s
[27.119s][info][gc,marking     ] GC(54) Concurrent Scan Root Regions
[27.124s][info][gc,marking     ] GC(54) Concurrent Scan Root Regions 4.868ms
[27.124s][info][gc,marking     ] GC(54) Concurrent Mark
[27.124s][info][gc,marking     ] GC(54) Concurrent Mark From Roots
[27.124s][info][gc,task        ] GC(54) Using 8 workers of 8 for marking
[27.156s][info][gc,marking     ] GC(54) Concurrent Mark From Roots 31.932ms
[27.156s][info][gc,marking     ] GC(54) Concurrent Preclean
[27.156s][info][gc,marking     ] GC(54) Concurrent Preclean 0.236ms
[27.156s][info][gc,start       ] GC(54) Pause Remark
[27.158s][info][gc             ] GC(54) Pause Remark 447M->327M(825M) 1.952ms
[27.158s][info][gc,cpu         ] GC(54) User=0.02s Sys=0.02s Real=0.02s
[27.158s][info][gc,marking     ] GC(54) Concurrent Mark 34.431ms
[27.158s][info][gc,marking     ] GC(54) Concurrent Rebuild Remembered Sets and Scrub Regions
[27.182s][info][gc,marking     ] GC(54) Concurrent Rebuild Remembered Sets and Scrub Regions 23.563ms
[27.182s][info][gc,start       ] GC(54) Pause Cleanup
[27.182s][info][gc             ] GC(54) Pause Cleanup 371M->371M(825M) 0.304ms
[27.182s][info][gc,cpu         ] GC(54) User=0.00s Sys=0.00s Real=0.00s
[27.182s][info][gc,marking     ] GC(54) Concurrent Clear Claimed Marks
[27.183s][info][gc,marking     ] GC(54) Concurrent Clear Claimed Marks 0.105ms
[27.183s][info][gc,marking     ] GC(54) Concurrent Cleanup for Next Mark
[27.183s][info][gc,marking     ] GC(54) Concurrent Cleanup for Next Mark 0.610ms
[27.183s][info][gc             ] GC(54) Concurrent Mark Cycle 64.351ms
[27.357s][info][gc,start       ] GC(55) Pause Young (Prepare Mixed) (G1 Evacuation Pause)
[27.357s][info][gc,task        ] GC(55) Using 19 workers of 33 for evacuation
[27.389s][info][gc,phases      ] GC(55)   Pre Evacuate Collection Set: 0.2ms
[27.389s][info][gc,phases      ] GC(55)   Merge Heap Roots: 0.3ms
[27.389s][info][gc,phases      ] GC(55)   Evacuate Collection Set: 30.9ms
[27.389s][info][gc,phases      ] GC(55)   Post Evacuate Collection Set: 0.4ms
[27.389s][info][gc,phases      ] GC(55)   Other: 0.2ms
[27.389s][info][gc,heap        ] GC(55) Eden regions: 347->0(311)
[27.389s][info][gc,heap        ] GC(55) Survivor regions: 9->45(45)
[27.389s][info][gc,heap        ] GC(55) Old regions: 248->291
[27.389s][info][gc,heap        ] GC(55) Archive regions: 0->0
[27.389s][info][gc,heap        ] GC(55) Humongous regions: 58->58
[27.389s][info][gc,metaspace   ] GC(55) Metaspace: 62514K(63424K)->62514K(63424K) NonClass: 54485K(54912K)->54485K(54912K) Class: 8029K(8512K)->8029K(8512K)
[27.389s][info][gc             ] GC(55) Pause Young (Prepare Mixed) (G1 Evacuation Pause) 658M->391M(825M) 32.293ms
[27.389s][info][gc,cpu         ] GC(55) User=0.59s Sys=0.00s Real=0.03s
[27.540s][info][gc,start       ] GC(56) Pause Young (Mixed) (G1 Evacuation Pause)
[27.540s][info][gc,task        ] GC(56) Using 19 workers of 33 for evacuation
[27.576s][info][gc,phases      ] GC(56)   Pre Evacuate Collection Set: 0.2ms
[27.577s][info][gc,phases      ] GC(56)   Merge Heap Roots: 0.4ms
[27.577s][info][gc,phases      ] GC(56)   Evacuate Collection Set: 34.9ms
[27.577s][info][gc,phases      ] GC(56)   Post Evacuate Collection Set: 0.5ms
[27.577s][info][gc,phases      ] GC(56)   Other: 0.2ms
[27.577s][info][gc,heap        ] GC(56) Eden regions: 311->0(293)
[27.577s][info][gc,heap        ] GC(56) Survivor regions: 45->36(45)
[27.577s][info][gc,heap        ] GC(56) Old regions: 291->322
[27.577s][info][gc,heap        ] GC(56) Archive regions: 0->0
[27.577s][info][gc,heap        ] GC(56) Humongous regions: 70->70
[27.577s][info][gc,metaspace   ] GC(56) Metaspace: 62514K(63424K)->62514K(63424K) NonClass: 54485K(54912K)->54485K(54912K) Class: 8029K(8512K)->8029K(8512K)
[27.577s][info][gc             ] GC(56) Pause Young (Mixed) (G1 Evacuation Pause) 714M->424M(825M) 36.634ms
[27.577s][info][gc,cpu         ] GC(56) User=0.59s Sys=0.00s Real=0.03s
[27.593s][info][gc,start       ] GC(57) Pause Young (Concurrent Start) (G1 Humongous Allocation)
[27.593s][info][gc,task        ] GC(57) Using 19 workers of 33 for evacuation
[27.608s][info][gc,phases      ] GC(57)   Pre Evacuate Collection Set: 0.2ms
[27.608s][info][gc,phases      ] GC(57)   Merge Heap Roots: 0.1ms
[27.608s][info][gc,phases      ] GC(57)   Evacuate Collection Set: 13.0ms
[27.608s][info][gc,phases      ] GC(57)   Post Evacuate Collection Set: 0.8ms
[27.608s][info][gc,phases      ] GC(57)   Other: 0.1ms
[27.608s][info][gc,heap        ] GC(57) Eden regions: 32->0(319)
[27.608s][info][gc,heap        ] GC(57) Survivor regions: 36->7(42)
[27.608s][info][gc,heap        ] GC(57) Old regions: 322->358
[27.608s][info][gc,heap        ] GC(57) Archive regions: 0->0
[27.608s][info][gc,heap        ] GC(57) Humongous regions: 70->70
[27.608s][info][gc,metaspace   ] GC(57) Metaspace: 62514K(63424K)->62514K(63424K) NonClass: 54485K(54912K)->54485K(54912K) Class: 8029K(8512K)->8029K(8512K)
[27.608s][info][gc             ] GC(57) Pause Young (Concurrent Start) (G1 Humongous Allocation) 456M->432M(863M) 14.619ms
[27.608s][info][gc             ] GC(58) Concurrent Mark Cycle
[27.608s][info][gc,cpu         ] GC(57) User=0.30s Sys=0.00s Real=0.02s
[27.608s][info][gc,marking     ] GC(58) Concurrent Scan Root Regions
[27.612s][info][gc,marking     ] GC(58) Concurrent Scan Root Regions 4.185ms
[27.612s][info][gc,marking     ] GC(58) Concurrent Mark
[27.612s][info][gc,marking     ] GC(58) Concurrent Mark From Roots
[27.612s][info][gc,task        ] GC(58) Using 8 workers of 8 for marking
[27.670s][info][gc,marking     ] GC(58) Concurrent Mark From Roots 57.950ms
[27.670s][info][gc,marking     ] GC(58) Concurrent Preclean
[27.671s][info][gc,marking     ] GC(58) Concurrent Preclean 0.184ms
[27.671s][info][gc,start       ] GC(58) Pause Remark
[27.676s][info][gc             ] GC(58) Pause Remark 529M->487M(863M) 5.663ms
[27.676s][info][gc,cpu         ] GC(58) User=0.00s Sys=0.00s Real=0.00s
[27.676s][info][gc,marking     ] GC(58) Concurrent Mark 64.057ms
[27.676s][info][gc,marking     ] GC(58) Concurrent Rebuild Remembered Sets and Scrub Regions
[27.739s][info][gc,marking     ] GC(58) Concurrent Rebuild Remembered Sets and Scrub Regions 62.256ms
[27.739s][info][gc,start       ] GC(58) Pause Cleanup
[27.739s][info][gc             ] GC(58) Pause Cleanup 608M->608M(863M) 0.387ms
[27.739s][info][gc,cpu         ] GC(58) User=0.00s Sys=0.00s Real=0.00s
[27.739s][info][gc,marking     ] GC(58) Concurrent Clear Claimed Marks
[27.739s][info][gc,marking     ] GC(58) Concurrent Clear Claimed Marks 0.070ms
[27.739s][info][gc,marking     ] GC(58) Concurrent Cleanup for Next Mark
[27.740s][info][gc,marking     ] GC(58) Concurrent Cleanup for Next Mark 0.615ms
[27.740s][info][gc             ] GC(58) Concurrent Mark Cycle 131.966ms
[27.797s][info][gc,start       ] GC(59) Pause Young (Prepare Mixed) (G1 Evacuation Pause)
[27.797s][info][gc,task        ] GC(59) Using 20 workers of 33 for evacuation
[27.820s][info][gc,phases      ] GC(59)   Pre Evacuate Collection Set: 0.1ms
[27.820s][info][gc,phases      ] GC(59)   Merge Heap Roots: 0.8ms
[27.820s][info][gc,phases      ] GC(59)   Evacuate Collection Set: 20.6ms
[27.820s][info][gc,phases      ] GC(59)   Post Evacuate Collection Set: 0.5ms
[27.820s][info][gc,phases      ] GC(59)   Other: 0.1ms
[27.820s][info][gc,heap        ] GC(59) Eden regions: 319->0(324)
[27.820s][info][gc,heap        ] GC(59) Survivor regions: 7->32(41)
[27.820s][info][gc,heap        ] GC(59) Old regions: 352->352
[27.820s][info][gc,heap        ] GC(59) Archive regions: 0->0
[27.820s][info][gc,heap        ] GC(59) Humongous regions: 54->54
[27.820s][info][gc,metaspace   ] GC(59) Metaspace: 62508K(63424K)->62508K(63424K) NonClass: 54481K(54912K)->54481K(54912K) Class: 8027K(8512K)->8027K(8512K)
[27.820s][info][gc             ] GC(59) Pause Young (Prepare Mixed) (G1 Evacuation Pause) 729M->434M(863M) 22.776ms
[27.820s][info][gc,cpu         ] GC(59) User=0.31s Sys=0.00s Real=0.02s
[27.978s][info][gc,start       ] GC(60) Pause Young (Mixed) (G1 Evacuation Pause)
[27.978s][info][gc,task        ] GC(60) Using 20 workers of 33 for evacuation
[28.006s][info][gc,phases      ] GC(60)   Pre Evacuate Collection Set: 0.2ms
[28.006s][info][gc,phases      ] GC(60)   Merge Heap Roots: 0.2ms
[28.006s][info][gc,phases      ] GC(60)   Evacuate Collection Set: 26.6ms
[28.006s][info][gc,phases      ] GC(60)   Post Evacuate Collection Set: 0.5ms
[28.006s][info][gc,phases      ] GC(60)   Other: 0.2ms
[28.006s][info][gc,heap        ] GC(60) Eden regions: 324->0(355)
[28.006s][info][gc,heap        ] GC(60) Survivor regions: 32->26(45)
[28.006s][info][gc,heap        ] GC(60) Old regions: 352->328
[28.006s][info][gc,heap        ] GC(60) Archive regions: 0->0
[28.006s][info][gc,heap        ] GC(60) Humongous regions: 54->54
[28.006s][info][gc,metaspace   ] GC(60) Metaspace: 62508K(63424K)->62508K(63424K) NonClass: 54481K(54912K)->54481K(54912K) Class: 8027K(8512K)->8027K(8512K)
[28.006s][info][gc             ] GC(60) Pause Young (Mixed) (G1 Evacuation Pause) 758M->403M(863M) 27.991ms
[28.006s][info][gc,cpu         ] GC(60) User=0.63s Sys=0.00s Real=0.03s
[28.164s][info][gc,start       ] GC(61) Pause Young (Concurrent Start) (G1 Humongous Allocation)
[28.165s][info][gc,task        ] GC(61) Using 20 workers of 33 for evacuation
[28.184s][info][gc,phases      ] GC(61)   Pre Evacuate Collection Set: 0.4ms
[28.184s][info][gc,phases      ] GC(61)   Merge Heap Roots: 0.2ms
[28.184s][info][gc,phases      ] GC(61)   Evacuate Collection Set: 17.9ms
[28.184s][info][gc,phases      ] GC(61)   Post Evacuate Collection Set: 0.4ms
[28.184s][info][gc,phases      ] GC(61)   Other: 0.1ms
[28.184s][info][gc,heap        ] GC(61) Eden regions: 154->0(354)
[28.184s][info][gc,heap        ] GC(61) Survivor regions: 26->36(48)
[28.184s][info][gc,heap        ] GC(61) Old regions: 328->328
[28.184s][info][gc,heap        ] GC(61) Archive regions: 0->0
[28.184s][info][gc,heap        ] GC(61) Humongous regions: 54->54
[28.184s][info][gc,metaspace   ] GC(61) Metaspace: 62514K(63424K)->62514K(63424K) NonClass: 54486K(54912K)->54486K(54912K) Class: 8027K(8512K)->8027K(8512K)
[28.184s][info][gc             ] GC(61) Pause Young (Concurrent Start) (G1 Humongous Allocation) 556M->414M(863M) 19.416ms
[28.184s][info][gc             ] GC(62) Concurrent Mark Cycle
[28.184s][info][gc,cpu         ] GC(61) User=0.31s Sys=0.00s Real=0.02s
[28.184s][info][gc,marking     ] GC(62) Concurrent Scan Root Regions
[28.191s][info][gc,marking     ] GC(62) Concurrent Scan Root Regions 7.385ms
[28.191s][info][gc,marking     ] GC(62) Concurrent Mark
[28.191s][info][gc,marking     ] GC(62) Concurrent Mark From Roots
[28.191s][info][gc,task        ] GC(62) Using 8 workers of 8 for marking
[28.251s][info][gc,marking     ] GC(62) Concurrent Mark From Roots 59.826ms
[28.251s][info][gc,marking     ] GC(62) Concurrent Preclean
[28.252s][info][gc,marking     ] GC(62) Concurrent Preclean 0.243ms
[28.252s][info][gc,start       ] GC(62) Pause Remark
[28.253s][info][gc             ] GC(62) Pause Remark 418M->350M(863M) 1.704ms
[28.253s][info][gc,cpu         ] GC(62) User=0.00s Sys=0.00s Real=0.00s
[28.254s][info][gc,marking     ] GC(62) Concurrent Mark 62.148ms
[28.254s][info][gc,marking     ] GC(62) Concurrent Rebuild Remembered Sets and Scrub Regions
[28.300s][info][gc,marking     ] GC(62) Concurrent Rebuild Remembered Sets and Scrub Regions 46.705ms
[28.300s][info][gc,start       ] GC(62) Pause Cleanup
[28.301s][info][gc             ] GC(62) Pause Cleanup 350M->350M(863M) 0.440ms
[28.301s][info][gc,cpu         ] GC(62) User=0.00s Sys=0.00s Real=0.00s
[28.301s][info][gc,marking     ] GC(62) Concurrent Clear Claimed Marks
[28.301s][info][gc,marking     ] GC(62) Concurrent Clear Claimed Marks 0.096ms
[28.301s][info][gc,marking     ] GC(62) Concurrent Cleanup for Next Mark
[28.302s][info][gc,marking     ] GC(62) Concurrent Cleanup for Next Mark 0.589ms
[28.302s][info][gc             ] GC(62) Concurrent Mark Cycle 117.851ms
[29.197s][info][gc,start       ] GC(63) Pause Young (Prepare Mixed) (G1 Evacuation Pause)
[29.197s][info][gc,task        ] GC(63) Using 20 workers of 33 for evacuation
[29.253s][info][gc,phases      ] GC(63)   Pre Evacuate Collection Set: 0.1ms
[29.253s][info][gc,phases      ] GC(63)   Merge Heap Roots: 0.6ms
[29.253s][info][gc,phases      ] GC(63)   Evacuate Collection Set: 54.3ms
[29.253s][info][gc,phases      ] GC(63)   Post Evacuate Collection Set: 0.7ms
[29.253s][info][gc,phases      ] GC(63)   Other: 0.1ms
[29.253s][info][gc,heap        ] GC(63) Eden regions: 354->0(301)
[29.253s][info][gc,heap        ] GC(63) Survivor regions: 36->49(49)
[29.253s][info][gc,heap        ] GC(63) Old regions: 284->317
[29.253s][info][gc,heap        ] GC(63) Archive regions: 0->0
[29.253s][info][gc,heap        ] GC(63) Humongous regions: 108->98
[29.253s][info][gc,metaspace   ] GC(63) Metaspace: 63112K(64128K)->63112K(64128K) NonClass: 54980K(55552K)->54980K(55552K) Class: 8132K(8576K)->8132K(8576K)
[29.253s][info][gc             ] GC(63) Pause Young (Prepare Mixed) (G1 Evacuation Pause) 778M->460M(864M) 56.159ms
[29.253s][info][gc,cpu         ] GC(63) User=1.27s Sys=0.00s Real=0.06s
[29.668s][info][gc,start       ] GC(64) Pause Young (Mixed) (G1 Evacuation Pause)
[29.668s][info][gc,task        ] GC(64) Using 20 workers of 33 for evacuation
[29.719s][info][gc,phases      ] GC(64)   Pre Evacuate Collection Set: 0.2ms
[29.719s][info][gc,phases      ] GC(64)   Merge Heap Roots: 0.6ms
[29.719s][info][gc,phases      ] GC(64)   Evacuate Collection Set: 50.0ms
[29.719s][info][gc,phases      ] GC(64)   Post Evacuate Collection Set: 0.6ms
[29.719s][info][gc,phases      ] GC(64)   Other: 0.1ms
[29.719s][info][gc,heap        ] GC(64) Eden regions: 301->0(299)
[29.719s][info][gc,heap        ] GC(64) Survivor regions: 49->44(44)
[29.719s][info][gc,heap        ] GC(64) Old regions: 317->321
[29.719s][info][gc,heap        ] GC(64) Archive regions: 0->0
[29.719s][info][gc,heap        ] GC(64) Humongous regions: 127->122
[29.719s][info][gc,metaspace   ] GC(64) Metaspace: 63230K(64256K)->63230K(64256K) NonClass: 55079K(55680K)->55079K(55680K) Class: 8151K(8576K)->8151K(8576K)
[29.720s][info][gc             ] GC(64) Pause Young (Mixed) (G1 Evacuation Pause) 790M->486M(896M) 51.684ms
[29.720s][info][gc,cpu         ] GC(64) User=1.27s Sys=0.05s Real=0.05s
[30.187s][info][gc,start       ] GC(65) Pause Young (Concurrent Start) (G1 Humongous Allocation)
[30.187s][info][gc,task        ] GC(65) Using 21 workers of 33 for evacuation
[30.214s][info][gc,phases      ] GC(65)   Pre Evacuate Collection Set: 0.4ms
[30.214s][info][gc,phases      ] GC(65)   Merge Heap Roots: 0.3ms
[30.214s][info][gc,phases      ] GC(65)   Evacuate Collection Set: 25.6ms
[30.214s][info][gc,phases      ] GC(65)   Post Evacuate Collection Set: 0.5ms
[30.214s][info][gc,phases      ] GC(65)   Other: 0.2ms
[30.214s][info][gc,heap        ] GC(65) Eden regions: 166->0(282)
[30.214s][info][gc,heap        ] GC(65) Survivor regions: 44->10(43)
[30.214s][info][gc,heap        ] GC(65) Old regions: 321->366
[30.214s][info][gc,heap        ] GC(65) Archive regions: 0->0
[30.214s][info][gc,heap        ] GC(65) Humongous regions: 122->122
[30.214s][info][gc,metaspace   ] GC(65) Metaspace: 63253K(64256K)->63253K(64256K) NonClass: 55102K(55680K)->55102K(55680K) Class: 8151K(8576K)->8151K(8576K)
[30.214s][info][gc             ] GC(65) Pause Young (Concurrent Start) (G1 Humongous Allocation) 651M->496M(896M) 27.160ms
[30.214s][info][gc             ] GC(66) Concurrent Mark Cycle
[30.214s][info][gc,cpu         ] GC(65) User=0.66s Sys=0.00s Real=0.03s
[30.214s][info][gc,marking     ] GC(66) Concurrent Scan Root Regions
[30.218s][info][gc,marking     ] GC(66) Concurrent Scan Root Regions 3.621ms
[30.218s][info][gc,marking     ] GC(66) Concurrent Mark
[30.218s][info][gc,marking     ] GC(66) Concurrent Mark From Roots
[30.218s][info][gc,task        ] GC(66) Using 8 workers of 8 for marking
[30.250s][info][gc,marking     ] GC(66) Concurrent Mark From Roots 32.752ms
[30.250s][info][gc,marking     ] GC(66) Concurrent Preclean
[30.251s][info][gc,marking     ] GC(66) Concurrent Preclean 0.207ms
[30.251s][info][gc,start       ] GC(66) Pause Remark
[30.257s][info][gc             ] GC(66) Pause Remark 510M->282M(896M) 6.079ms
[30.257s][info][gc,cpu         ] GC(66) User=0.00s Sys=0.00s Real=0.00s
[30.257s][info][gc,marking     ] GC(66) Concurrent Mark 39.354ms
[30.257s][info][gc,marking     ] GC(66) Concurrent Rebuild Remembered Sets and Scrub Regions
[30.275s][info][gc,marking     ] GC(66) Concurrent Rebuild Remembered Sets and Scrub Regions 17.710ms
[30.275s][info][gc,start       ] GC(66) Pause Cleanup
[30.275s][info][gc             ] GC(66) Pause Cleanup 295M->295M(896M) 0.339ms
[30.275s][info][gc,cpu         ] GC(66) User=0.00s Sys=0.00s Real=0.00s
[30.275s][info][gc,marking     ] GC(66) Concurrent Clear Claimed Marks
[30.275s][info][gc,marking     ] GC(66) Concurrent Clear Claimed Marks 0.069ms
[30.275s][info][gc,marking     ] GC(66) Concurrent Cleanup for Next Mark
[30.276s][info][gc,marking     ] GC(66) Concurrent Cleanup for Next Mark 0.610ms
[30.276s][info][gc             ] GC(66) Concurrent Mark Cycle 62.071ms
[30.476s][info][gc,start       ] GC(67) Pause Young (Prepare Mixed) (G1 Evacuation Pause)
[30.476s][info][gc,task        ] GC(67) Using 21 workers of 33 for evacuation
[30.494s][info][gc,phases      ] GC(67)   Pre Evacuate Collection Set: 0.1ms
[30.494s][info][gc,phases      ] GC(67)   Merge Heap Roots: 0.2ms
[30.494s][info][gc,phases      ] GC(67)   Evacuate Collection Set: 16.8ms
[30.494s][info][gc,phases      ] GC(67)   Post Evacuate Collection Set: 0.6ms
[30.494s][info][gc,phases      ] GC(67)   Other: 0.1ms
[30.494s][info][gc,heap        ] GC(67) Eden regions: 282->0(419)
[30.494s][info][gc,heap        ] GC(67) Survivor regions: 10->35(37)
[30.494s][info][gc,heap        ] GC(67) Old regions: 250->250
[30.494s][info][gc,heap        ] GC(67) Archive regions: 0->0
[30.494s][info][gc,heap        ] GC(67) Humongous regions: 27->22
[30.494s][info][gc,metaspace   ] GC(67) Metaspace: 63196K(64320K)->63196K(64320K) NonClass: 55071K(55744K)->55071K(55744K) Class: 8124K(8576K)->8124K(8576K)
[30.494s][info][gc             ] GC(67) Pause Young (Prepare Mixed) (G1 Evacuation Pause) 567M->305M(896M) 18.069ms
[30.495s][info][gc,cpu         ] GC(67) User=0.33s Sys=0.00s Real=0.02s
[31.252s][info][gc,start       ] GC(68) Pause Young (Mixed) (G1 Evacuation Pause)
[31.253s][info][gc,task        ] GC(68) Using 21 workers of 33 for evacuation
[31.309s][info][gc,phases      ] GC(68)   Pre Evacuate Collection Set: 0.2ms
[31.309s][info][gc,phases      ] GC(68)   Merge Heap Roots: 0.3ms
[31.309s][info][gc,phases      ] GC(68)   Evacuate Collection Set: 55.4ms
[31.309s][info][gc,phases      ] GC(68)   Post Evacuate Collection Set: 0.8ms
[31.310s][info][gc,phases      ] GC(68)   Other: 0.1ms
[31.310s][info][gc,heap        ] GC(68) Eden regions: 321->0(382)
[31.310s][info][gc,heap        ] GC(68) Survivor regions: 35->42(57)
[31.310s][info][gc,heap        ] GC(68) Old regions: 250->262
[31.310s][info][gc,heap        ] GC(68) Archive regions: 0->0
[31.310s][info][gc,heap        ] GC(68) Humongous regions: 296->153
[31.310s][info][gc,metaspace   ] GC(68) Metaspace: 64877K(65856K)->64877K(65856K) NonClass: 56508K(57088K)->56508K(57088K) Class: 8368K(8768K)->8368K(8768K)
[31.310s][info][gc             ] GC(68) Pause Young (Mixed) (G1 Evacuation Pause) 900M->455M(988M) 57.112ms
[31.310s][info][gc,cpu         ] GC(68) User=1.31s Sys=0.00s Real=0.06s
[31.311s][info][gc,start       ] GC(69) Pause Young (Concurrent Start) (G1 Humongous Allocation)
[31.311s][info][gc,task        ] GC(69) Using 23 workers of 33 for evacuation
[31.329s][info][gc,phases      ] GC(69)   Pre Evacuate Collection Set: 0.2ms
[31.329s][info][gc,phases      ] GC(69)   Merge Heap Roots: 0.1ms
[31.329s][info][gc,phases      ] GC(69)   Evacuate Collection Set: 17.3ms
[31.329s][info][gc,phases      ] GC(69)   Post Evacuate Collection Set: 0.3ms
[31.329s][info][gc,phases      ] GC(69)   Other: 0.1ms
[31.329s][info][gc,heap        ] GC(69) Eden regions: 6->0(380)
[31.329s][info][gc,heap        ] GC(69) Survivor regions: 42->5(53)
[31.329s][info][gc,heap        ] GC(69) Old regions: 262->304
[31.330s][info][gc,heap        ] GC(69) Archive regions: 0->0
[31.330s][info][gc,heap        ] GC(69) Humongous regions: 153->153
[31.330s][info][gc,metaspace   ] GC(69) Metaspace: 64877K(65856K)->64877K(65856K) NonClass: 56508K(57088K)->56508K(57088K) Class: 8368K(8768K)->8368K(8768K)
[31.330s][info][gc             ] GC(69) Pause Young (Concurrent Start) (G1 Humongous Allocation) 461M->461M(988M) 18.280ms
[31.330s][info][gc             ] GC(70) Concurrent Mark Cycle
[31.330s][info][gc,cpu         ] GC(69) User=0.36s Sys=0.00s Real=0.02s
[31.330s][info][gc,marking     ] GC(70) Concurrent Scan Root Regions
[31.333s][info][gc,marking     ] GC(70) Concurrent Scan Root Regions 3.797ms
[31.333s][info][gc,marking     ] GC(70) Concurrent Mark
[31.333s][info][gc,marking     ] GC(70) Concurrent Mark From Roots
[31.333s][info][gc,task        ] GC(70) Using 8 workers of 8 for marking
[31.363s][info][gc,marking     ] GC(70) Concurrent Mark From Roots 29.195ms
[31.363s][info][gc,marking     ] GC(70) Concurrent Preclean
[31.363s][info][gc,marking     ] GC(70) Concurrent Preclean 0.199ms
[31.363s][info][gc,start       ] GC(70) Pause Remark
[31.365s][info][gc             ] GC(70) Pause Remark 588M->472M(988M) 2.108ms
[31.365s][info][gc,cpu         ] GC(70) User=0.02s Sys=0.00s Real=0.02s
[31.365s][info][gc,marking     ] GC(70) Concurrent Mark 31.788ms
[31.365s][info][gc,marking     ] GC(70) Concurrent Rebuild Remembered Sets and Scrub Regions
[31.385s][info][gc,marking     ] GC(70) Concurrent Rebuild Remembered Sets and Scrub Regions 19.388ms
[31.385s][info][gc,start       ] GC(70) Pause Cleanup
[31.385s][info][gc             ] GC(70) Pause Cleanup 539M->539M(988M) 0.342ms
[31.385s][info][gc,cpu         ] GC(70) User=0.00s Sys=0.00s Real=0.00s
[31.385s][info][gc,marking     ] GC(70) Concurrent Clear Claimed Marks
[31.385s][info][gc,marking     ] GC(70) Concurrent Clear Claimed Marks 0.073ms
[31.385s][info][gc,marking     ] GC(70) Concurrent Cleanup for Next Mark
[31.386s][info][gc,marking     ] GC(70) Concurrent Cleanup for Next Mark 0.792ms
[31.386s][info][gc             ] GC(70) Concurrent Mark Cycle 56.537ms
[31.583s][info][gc,start       ] GC(71) Pause Young (Prepare Mixed) (G1 Evacuation Pause)
[31.583s][info][gc,task        ] GC(71) Using 23 workers of 33 for evacuation
[31.614s][info][gc,phases      ] GC(71)   Pre Evacuate Collection Set: 0.2ms
[31.614s][info][gc,phases      ] GC(71)   Merge Heap Roots: 0.4ms
[31.614s][info][gc,phases      ] GC(71)   Evacuate Collection Set: 29.9ms
[31.614s][info][gc,phases      ] GC(71)   Post Evacuate Collection Set: 0.6ms
[31.614s][info][gc,phases      ] GC(71)   Other: 0.2ms
[31.614s][info][gc,heap        ] GC(71) Eden regions: 380->0(380)
[31.614s][info][gc,heap        ] GC(71) Survivor regions: 5->49(49)
[31.614s][info][gc,heap        ] GC(71) Old regions: 260->265
[31.614s][info][gc,heap        ] GC(71) Archive regions: 0->0
[31.614s][info][gc,heap        ] GC(71) Humongous regions: 140->140
[31.614s][info][gc,metaspace   ] GC(71) Metaspace: 64934K(65856K)->64934K(65856K) NonClass: 56559K(57088K)->56559K(57088K) Class: 8374K(8768K)->8374K(8768K)
[31.614s][info][gc             ] GC(71) Pause Young (Prepare Mixed) (G1 Evacuation Pause) 784M->453M(988M) 31.650ms
[31.615s][info][gc,cpu         ] GC(71) User=0.73s Sys=0.00s Real=0.03s
[31.867s][info][gc,start       ] GC(72) Pause Young (Mixed) (G1 Evacuation Pause)
[31.867s][info][gc,task        ] GC(72) Using 23 workers of 33 for evacuation
[31.996s][info][gc,phases      ] GC(72)   Pre Evacuate Collection Set: 0.2ms
[31.996s][info][gc,phases      ] GC(72)   Merge Heap Roots: 0.3ms
[31.996s][info][gc,phases      ] GC(72)   Evacuate Collection Set: 126.5ms
[31.996s][info][gc,phases      ] GC(72)   Post Evacuate Collection Set: 1.1ms
[31.996s][info][gc,phases      ] GC(72)   Other: 0.2ms
[31.996s][info][gc,heap        ] GC(72) Eden regions: 380->0(361)
[31.996s][info][gc,heap        ] GC(72) Survivor regions: 49->45(54)
[31.996s][info][gc,heap        ] GC(72) Old regions: 265->287
[31.996s][info][gc,heap        ] GC(72) Archive regions: 0->0
[31.996s][info][gc,heap        ] GC(72) Humongous regions: 143->143
[31.996s][info][gc,metaspace   ] GC(72) Metaspace: 65043K(66048K)->65043K(66048K) NonClass: 56654K(57216K)->56654K(57216K) Class: 8389K(8832K)->8389K(8832K)
[31.996s][info][gc             ] GC(72) Pause Young (Mixed) (G1 Evacuation Pause) 836M->474M(988M) 128.932ms
[31.996s][info][gc,cpu         ] GC(72) User=1.56s Sys=0.03s Real=0.14s
[32.032s][info][gc,start       ] GC(73) Pause Full (System.gc())
[32.033s][info][gc,task        ] GC(73) Using 23 workers of 33 for full compaction
[32.034s][info][gc,phases,start] GC(73) Phase 1: Mark live objects
[32.067s][info][gc,phases      ] GC(73) Phase 1: Mark live objects 33.360ms
[32.067s][info][gc,phases,start] GC(73) Phase 2: Prepare compaction
[32.072s][info][gc,phases      ] GC(73) Phase 2: Prepare compaction 4.690ms
[32.072s][info][gc,phases,start] GC(73) Phase 3: Adjust pointers
[32.080s][info][gc,phases      ] GC(73) Phase 3: Adjust pointers 8.414ms
[32.080s][info][gc,phases,start] GC(73) Phase 4: Compact heap
[32.083s][info][gc,phases      ] GC(73) Phase 4: Compact heap 2.446ms
[32.095s][info][gc,heap        ] GC(73) Eden regions: 32->0(250)
[32.095s][info][gc,heap        ] GC(73) Survivor regions: 45->0(54)
[32.095s][info][gc,heap        ] GC(73) Old regions: 287->147
[32.095s][info][gc,heap        ] GC(73) Archive regions: 0->0
[32.095s][info][gc,heap        ] GC(73) Humongous regions: 143->10
[32.095s][info][gc,metaspace   ] GC(73) Metaspace: 65046K(66048K)->65046K(66048K) NonClass: 56655K(57216K)->56655K(57216K) Class: 8390K(8832K)->8390K(8832K)
[32.095s][info][gc             ] GC(73) Pause Full (System.gc()) 506M->147M(524M) 62.191ms
[32.095s][info][gc,cpu         ] GC(73) User=1.09s Sys=0.00s Real=0.06s
[32.145s][info][gc,start       ] GC(74) Pause Young (Concurrent Start) (G1 Humongous Allocation)
[32.145s][info][gc,task        ] GC(74) Using 17 workers of 33 for evacuation
[32.147s][info][gc,phases      ] GC(74)   Pre Evacuate Collection Set: 0.3ms
[32.148s][info][gc,phases      ] GC(74)   Merge Heap Roots: 0.1ms
[32.148s][info][gc,phases      ] GC(74)   Evacuate Collection Set: 1.2ms
[32.148s][info][gc,phases      ] GC(74)   Post Evacuate Collection Set: 0.7ms
[32.148s][info][gc,phases      ] GC(74)   Other: 0.1ms
[32.148s][info][gc,heap        ] GC(74) Eden regions: 21->0(264)
[32.148s][info][gc,heap        ] GC(74) Survivor regions: 0->6(32)
[32.148s][info][gc,heap        ] GC(74) Old regions: 147->147
[32.148s][info][gc,heap        ] GC(74) Archive regions: 0->0
[32.148s][info][gc,heap        ] GC(74) Humongous regions: 10->10
[32.148s][info][gc,metaspace   ] GC(74) Metaspace: 65165K(66112K)->65165K(66112K) NonClass: 56760K(57280K)->56760K(57280K) Class: 8404K(8832K)->8404K(8832K)
[32.148s][info][gc             ] GC(74) Pause Young (Concurrent Start) (G1 Humongous Allocation) 168M->153M(524M) 2.921ms
[32.148s][info][gc             ] GC(75) Concurrent Mark Cycle
[32.148s][info][gc,cpu         ] GC(74) User=0.00s Sys=0.00s Real=0.00s
[32.148s][info][gc,marking     ] GC(75) Concurrent Scan Root Regions
[32.149s][info][gc,marking     ] GC(75) Concurrent Scan Root Regions 0.735ms
[32.149s][info][gc,marking     ] GC(75) Concurrent Mark
[32.149s][info][gc,marking     ] GC(75) Concurrent Mark From Roots
[32.149s][info][gc,task        ] GC(75) Using 8 workers of 8 for marking
[32.192s][info][gc,marking     ] GC(75) Concurrent Mark From Roots 43.596ms
[32.192s][info][gc,marking     ] GC(75) Concurrent Preclean
[32.193s][info][gc,marking     ] GC(75) Concurrent Preclean 0.147ms
[32.193s][info][gc,start       ] GC(75) Pause Remark
[32.195s][info][gc             ] GC(75) Pause Remark 183M->183M(524M) 1.853ms
[32.195s][info][gc,cpu         ] GC(75) User=0.00s Sys=0.00s Real=0.00s
[32.195s][info][gc,marking     ] GC(75) Concurrent Mark 45.940ms
[32.195s][info][gc,marking     ] GC(75) Concurrent Rebuild Remembered Sets and Scrub Regions
[32.207s][info][gc,marking     ] GC(75) Concurrent Rebuild Remembered Sets and Scrub Regions 11.924ms
[32.216s][info][gc,start       ] GC(75) Pause Cleanup
[32.216s][info][gc             ] GC(75) Pause Cleanup 199M->199M(524M) 0.195ms
[32.216s][info][gc,cpu         ] GC(75) User=0.00s Sys=0.00s Real=0.00s
[32.216s][info][gc,marking     ] GC(75) Concurrent Clear Claimed Marks
[32.216s][info][gc,marking     ] GC(75) Concurrent Clear Claimed Marks 0.087ms
[32.216s][info][gc,marking     ] GC(75) Concurrent Cleanup for Next Mark
[32.217s][info][gc,marking     ] GC(75) Concurrent Cleanup for Next Mark 0.386ms
[32.217s][info][gc             ] GC(75) Concurrent Mark Cycle 68.781ms
[32.349s][info][gc,start       ] GC(76) Pause Young (Prepare Mixed) (G1 Evacuation Pause)
[32.349s][info][gc,task        ] GC(76) Using 14 workers of 33 for evacuation
[32.376s][info][gc,phases      ] GC(76)   Pre Evacuate Collection Set: 0.2ms
[32.376s][info][gc,phases      ] GC(76)   Merge Heap Roots: 0.2ms
[32.376s][info][gc,phases      ] GC(76)   Evacuate Collection Set: 26.1ms
[32.376s][info][gc,phases      ] GC(76)   Post Evacuate Collection Set: 0.5ms
[32.376s][info][gc,phases      ] GC(76)   Other: 0.2ms
[32.376s][info][gc,heap        ] GC(76) Eden regions: 264->0(171)
[32.376s][info][gc,heap        ] GC(76) Survivor regions: 6->34(34)
[32.376s][info][gc,heap        ] GC(76) Old regions: 147->191
[32.376s][info][gc,heap        ] GC(76) Archive regions: 0->0
[32.376s][info][gc,heap        ] GC(76) Humongous regions: 39->34
[32.376s][info][gc,metaspace   ] GC(76) Metaspace: 65186K(66112K)->65186K(66112K) NonClass: 56781K(57280K)->56781K(57280K) Class: 8404K(8832K)->8404K(8832K)
[32.376s][info][gc             ] GC(76) Pause Young (Prepare Mixed) (G1 Evacuation Pause) 446M->248M(534M) 27.434ms
[32.376s][info][gc,cpu         ] GC(76) User=0.44s Sys=0.00s Real=0.03s
[32.453s][info][gc,start       ] GC(77) Pause Young (Mixed) (G1 Evacuation Pause)
[32.454s][info][gc,task        ] GC(77) Using 13 workers of 33 for evacuation
[32.483s][info][gc,phases      ] GC(77)   Pre Evacuate Collection Set: 0.2ms
[32.483s][info][gc,phases      ] GC(77)   Merge Heap Roots: 0.2ms
[32.483s][info][gc,phases      ] GC(77)   Evacuate Collection Set: 28.1ms
[32.483s][info][gc,phases      ] GC(77)   Post Evacuate Collection Set: 0.4ms
[32.483s][info][gc,phases      ] GC(77)   Other: 0.2ms
[32.483s][info][gc,heap        ] GC(77) Eden regions: 171->0(156)
[32.483s][info][gc,heap        ] GC(77) Survivor regions: 34->23(26)
[32.483s][info][gc,heap        ] GC(77) Old regions: 191->226
[32.483s][info][gc,heap        ] GC(77) Archive regions: 0->0
[32.483s][info][gc,heap        ] GC(77) Humongous regions: 46->46
[32.483s][info][gc,metaspace   ] GC(77) Metaspace: 65187K(66112K)->65187K(66112K) NonClass: 56782K(57280K)->56782K(57280K) Class: 8404K(8832K)->8404K(8832K)
[32.483s][info][gc             ] GC(77) Pause Young (Mixed) (G1 Evacuation Pause) 431M->288M(534M) 29.632ms
[32.483s][info][gc,cpu         ] GC(77) User=0.41s Sys=0.00s Real=0.03s
[32.491s][info][gc,start       ] GC(78) Pause Young (Concurrent Start) (G1 Humongous Allocation)
[32.491s][info][gc,task        ] GC(78) Using 12 workers of 33 for evacuation
[32.500s][info][gc,phases      ] GC(78)   Pre Evacuate Collection Set: 0.2ms
[32.500s][info][gc,phases      ] GC(78)   Merge Heap Roots: 0.1ms
[32.500s][info][gc,phases      ] GC(78)   Evacuate Collection Set: 7.8ms
[32.500s][info][gc,phases      ] GC(78)   Post Evacuate Collection Set: 1.1ms
[32.500s][info][gc,phases      ] GC(78)   Other: 0.1ms
[32.500s][info][gc,heap        ] GC(78) Eden regions: 16->0(276)
[32.500s][info][gc,heap        ] GC(78) Survivor regions: 23->4(23)
[32.500s][info][gc,heap        ] GC(78) Old regions: 226->250
[32.500s][info][gc,heap        ] GC(78) Archive regions: 0->0
[32.500s][info][gc,heap        ] GC(78) Humongous regions: 46->46
[32.500s][info][gc,metaspace   ] GC(78) Metaspace: 65187K(66112K)->65187K(66112K) NonClass: 56782K(57280K)->56782K(57280K) Class: 8404K(8832K)->8404K(8832K)
[32.500s][info][gc             ] GC(78) Pause Young (Concurrent Start) (G1 Humongous Allocation) 304M->292M(699M) 9.563ms
[32.500s][info][gc             ] GC(79) Concurrent Mark Cycle
[32.500s][info][gc,cpu         ] GC(78) User=0.19s Sys=0.00s Real=0.02s
[32.500s][info][gc,marking     ] GC(79) Concurrent Scan Root Regions
[32.503s][info][gc,marking     ] GC(79) Concurrent Scan Root Regions 2.671ms
[32.503s][info][gc,marking     ] GC(79) Concurrent Mark
[32.503s][info][gc,marking     ] GC(79) Concurrent Mark From Roots
[32.503s][info][gc,task        ] GC(79) Using 8 workers of 8 for marking
[32.558s][info][gc,marking     ] GC(79) Concurrent Mark From Roots 54.690ms
[32.558s][info][gc,marking     ] GC(79) Concurrent Preclean
[32.558s][info][gc,marking     ] GC(79) Concurrent Preclean 0.138ms
[32.558s][info][gc,start       ] GC(79) Pause Remark
[32.564s][info][gc             ] GC(79) Pause Remark 384M->368M(699M) 5.375ms
[32.564s][info][gc,cpu         ] GC(79) User=0.00s Sys=0.00s Real=0.00s
[32.564s][info][gc,marking     ] GC(79) Concurrent Mark 60.497ms
[32.564s][info][gc,marking     ] GC(79) Concurrent Rebuild Remembered Sets and Scrub Regions
[32.605s][info][gc,marking     ] GC(79) Concurrent Rebuild Remembered Sets and Scrub Regions 40.978ms
[32.605s][info][gc,start       ] GC(79) Pause Cleanup
[32.605s][info][gc             ] GC(79) Pause Cleanup 433M->433M(699M) 0.253ms
[32.605s][info][gc,cpu         ] GC(79) User=0.00s Sys=0.00s Real=0.00s
[32.605s][info][gc,marking     ] GC(79) Concurrent Clear Claimed Marks
[32.605s][info][gc,marking     ] GC(79) Concurrent Clear Claimed Marks 0.110ms
[32.605s][info][gc,marking     ] GC(79) Concurrent Cleanup for Next Mark
[32.606s][info][gc,marking     ] GC(79) Concurrent Cleanup for Next Mark 0.953ms
[32.606s][info][gc             ] GC(79) Concurrent Mark Cycle 105.900ms
[32.683s][info][gc,start       ] GC(80) Pause Young (Prepare Mixed) (G1 Evacuation Pause)
[32.683s][info][gc,task        ] GC(80) Using 16 workers of 33 for evacuation
[32.703s][info][gc,phases      ] GC(80)   Pre Evacuate Collection Set: 0.4ms
[32.703s][info][gc,phases      ] GC(80)   Merge Heap Roots: 0.6ms
[32.703s][info][gc,phases      ] GC(80)   Evacuate Collection Set: 18.7ms
[32.703s][info][gc,phases      ] GC(80)   Post Evacuate Collection Set: 0.6ms
[32.704s][info][gc,phases      ] GC(80)   Other: 0.2ms
[32.704s][info][gc,heap        ] GC(80) Eden regions: 276->0(267)
[32.704s][info][gc,heap        ] GC(80) Survivor regions: 4->29(35)
[32.704s][info][gc,heap        ] GC(80) Old regions: 250->250
[32.704s][info][gc,heap        ] GC(80) Archive regions: 0->0
[32.704s][info][gc,heap        ] GC(80) Humongous regions: 47->47
[32.704s][info][gc,metaspace   ] GC(80) Metaspace: 65185K(66112K)->65185K(66112K) NonClass: 56781K(57280K)->56781K(57280K) Class: 8403K(8832K)->8403K(8832K)
[32.704s][info][gc             ] GC(80) Pause Young (Prepare Mixed) (G1 Evacuation Pause) 569M->318M(699M) 20.997ms
[32.704s][info][gc,cpu         ] GC(80) User=0.25s Sys=0.00s Real=0.02s
[32.870s][info][gc,start       ] GC(81) Pause Young (Mixed) (G1 Evacuation Pause)
[32.870s][info][gc,task        ] GC(81) Using 16 workers of 33 for evacuation
[32.898s][info][gc,phases      ] GC(81)   Pre Evacuate Collection Set: 0.2ms
[32.898s][info][gc,phases      ] GC(81)   Merge Heap Roots: 0.4ms
[32.898s][info][gc,phases      ] GC(81)   Evacuate Collection Set: 26.3ms
[32.898s][info][gc,phases      ] GC(81)   Post Evacuate Collection Set: 0.4ms
[32.898s][info][gc,phases      ] GC(81)   Other: 0.2ms
[32.898s][info][gc,heap        ] GC(81) Eden regions: 267->0(256)
[32.898s][info][gc,heap        ] GC(81) Survivor regions: 29->22(37)
[32.898s][info][gc,heap        ] GC(81) Old regions: 250->274
[32.898s][info][gc,heap        ] GC(81) Archive regions: 0->0
[32.898s][info][gc,heap        ] GC(81) Humongous regions: 57->57
[32.898s][info][gc,metaspace   ] GC(81) Metaspace: 65186K(66112K)->65186K(66112K) NonClass: 56782K(57280K)->56782K(57280K) Class: 8403K(8832K)->8403K(8832K)
[32.898s][info][gc             ] GC(81) Pause Young (Mixed) (G1 Evacuation Pause) 595M->345M(699M) 27.769ms
[32.898s][info][gc,cpu         ] GC(81) User=0.25s Sys=0.00s Real=0.03s
[33.055s][info][gc,start       ] GC(82) Pause Young (Concurrent Start) (G1 Evacuation Pause)
[33.055s][info][gc,task        ] GC(82) Using 16 workers of 33 for evacuation
[33.077s][info][gc,phases      ] GC(82)   Pre Evacuate Collection Set: 0.3ms
[33.077s][info][gc,phases      ] GC(82)   Merge Heap Roots: 0.2ms
[33.077s][info][gc,phases      ] GC(82)   Evacuate Collection Set: 20.8ms
[33.077s][info][gc,phases      ] GC(82)   Post Evacuate Collection Set: 0.4ms
[33.077s][info][gc,phases      ] GC(82)   Other: 0.1ms
[33.077s][info][gc,heap        ] GC(82) Eden regions: 256->0(252)
[33.077s][info][gc,heap        ] GC(82) Survivor regions: 22->20(35)
[33.077s][info][gc,heap        ] GC(82) Old regions: 274->291
[33.077s][info][gc,heap        ] GC(82) Archive regions: 0->0
[33.077s][info][gc,heap        ] GC(82) Humongous regions: 57->57
[33.077s][info][gc,metaspace   ] GC(82) Metaspace: 65186K(66112K)->65186K(66112K) NonClass: 56782K(57280K)->56782K(57280K) Class: 8403K(8832K)->8403K(8832K)
[33.077s][info][gc             ] GC(82) Pause Young (Concurrent Start) (G1 Evacuation Pause) 601M->360M(699M) 22.127ms
[33.077s][info][gc             ] GC(83) Concurrent Mark Cycle
[33.077s][info][gc,cpu         ] GC(82) User=0.25s Sys=0.00s Real=0.02s
[33.077s][info][gc,marking     ] GC(83) Concurrent Scan Root Regions
[33.081s][info][gc,marking     ] GC(83) Concurrent Scan Root Regions 3.892ms
[33.081s][info][gc,marking     ] GC(83) Concurrent Mark
[33.081s][info][gc,marking     ] GC(83) Concurrent Mark From Roots
[33.081s][info][gc,task        ] GC(83) Using 8 workers of 8 for marking
[33.145s][info][gc,marking     ] GC(83) Concurrent Mark From Roots 64.294ms
[33.145s][info][gc,marking     ] GC(83) Concurrent Preclean
[33.146s][info][gc,marking     ] GC(83) Concurrent Preclean 0.244ms
[33.146s][info][gc,start       ] GC(83) Pause Remark
[33.148s][info][gc             ] GC(83) Pause Remark 457M->434M(737M) 1.988ms
[33.148s][info][gc,cpu         ] GC(83) User=0.00s Sys=0.00s Real=0.02s
[33.148s][info][gc,marking     ] GC(83) Concurrent Mark 66.920ms
[33.148s][info][gc,marking     ] GC(83) Concurrent Rebuild Remembered Sets and Scrub Regions
[33.193s][info][gc,marking     ] GC(83) Concurrent Rebuild Remembered Sets and Scrub Regions 44.656ms
[33.193s][info][gc,start       ] GC(83) Pause Cleanup
[33.193s][info][gc             ] GC(83) Pause Cleanup 506M->506M(737M) 0.363ms
[33.193s][info][gc,cpu         ] GC(83) User=0.00s Sys=0.00s Real=0.00s
[33.193s][info][gc,marking     ] GC(83) Concurrent Clear Claimed Marks
[33.193s][info][gc,marking     ] GC(83) Concurrent Clear Claimed Marks 0.108ms
[33.193s][info][gc,marking     ] GC(83) Concurrent Cleanup for Next Mark
[33.194s][info][gc,marking     ] GC(83) Concurrent Cleanup for Next Mark 0.557ms
[33.194s][info][gc             ] GC(83) Concurrent Mark Cycle 116.927ms
[33.275s][info][gc,start       ] GC(84) Pause Young (Prepare Mixed) (G1 Evacuation Pause)
[33.275s][info][gc,task        ] GC(84) Using 17 workers of 33 for evacuation
[33.296s][info][gc,phases      ] GC(84)   Pre Evacuate Collection Set: 0.2ms
[33.296s][info][gc,phases      ] GC(84)   Merge Heap Roots: 0.5ms
[33.296s][info][gc,phases      ] GC(84)   Evacuate Collection Set: 19.4ms
[33.296s][info][gc,phases      ] GC(84)   Post Evacuate Collection Set: 0.6ms
[33.296s][info][gc,phases      ] GC(84)   Other: 0.2ms
[33.296s][info][gc,heap        ] GC(84) Eden regions: 252->0(295)
[33.296s][info][gc,heap        ] GC(84) Survivor regions: 20->33(34)
[33.296s][info][gc,heap        ] GC(84) Old regions: 288->288
[33.296s][info][gc,heap        ] GC(84) Archive regions: 0->0
[33.296s][info][gc,heap        ] GC(84) Humongous regions: 42->42
[33.296s][info][gc,metaspace   ] GC(84) Metaspace: 65191K(66112K)->65191K(66112K) NonClass: 56787K(57280K)->56787K(57280K) Class: 8403K(8832K)->8403K(8832K)
[33.296s][info][gc             ] GC(84) Pause Young (Prepare Mixed) (G1 Evacuation Pause) 594M->355M(737M) 21.325ms
[33.296s][info][gc,cpu         ] GC(84) User=0.27s Sys=0.00s Real=0.01s
[33.876s][info][gc,start       ] GC(85) Pause Young (Mixed) (G1 Evacuation Pause)
[33.876s][info][gc,task        ] GC(85) Using 17 workers of 33 for evacuation
[33.909s][info][gc,phases      ] GC(85)   Pre Evacuate Collection Set: 0.2ms
[33.909s][info][gc,phases      ] GC(85)   Merge Heap Roots: 0.2ms
[33.909s][info][gc,phases      ] GC(85)   Evacuate Collection Set: 32.1ms
[33.909s][info][gc,phases      ] GC(85)   Post Evacuate Collection Set: 0.6ms
[33.909s][info][gc,phases      ] GC(85)   Other: 0.1ms
[33.909s][info][gc,heap        ] GC(85) Eden regions: 295->0(292)
[33.909s][info][gc,heap        ] GC(85) Survivor regions: 33->29(41)
[33.909s][info][gc,heap        ] GC(85) Old regions: 288->292
[33.909s][info][gc,heap        ] GC(85) Archive regions: 0->0
[33.909s][info][gc,heap        ] GC(85) Humongous regions: 57->57
[33.909s][info][gc,metaspace   ] GC(85) Metaspace: 65199K(66112K)->65199K(66112K) NonClass: 56795K(57280K)->56795K(57280K) Class: 8403K(8832K)->8403K(8832K)
[33.909s][info][gc             ] GC(85) Pause Young (Mixed) (G1 Evacuation Pause) 665M->370M(737M) 33.447ms
[33.909s][info][gc,cpu         ] GC(85) User=0.56s Sys=0.00s Real=0.03s
[34.208s][info][gc,start       ] GC(86) Pause Young (Concurrent Start) (G1 Humongous Allocation)
[34.208s][info][gc,task        ] GC(86) Using 17 workers of 33 for evacuation
[34.234s][info][gc,phases      ] GC(86)   Pre Evacuate Collection Set: 0.3ms
[34.234s][info][gc,phases      ] GC(86)   Merge Heap Roots: 0.3ms
[34.234s][info][gc,phases      ] GC(86)   Evacuate Collection Set: 24.7ms
[34.234s][info][gc,phases      ] GC(86)   Post Evacuate Collection Set: 0.6ms
[34.234s][info][gc,phases      ] GC(86)   Other: 0.2ms
[34.235s][info][gc,heap        ] GC(86) Eden regions: 109->0(298)
[34.235s][info][gc,heap        ] GC(86) Survivor regions: 29->16(41)
[34.235s][info][gc,heap        ] GC(86) Old regions: 292->310
[34.235s][info][gc,heap        ] GC(86) Archive regions: 0->0
[34.235s][info][gc,heap        ] GC(86) Humongous regions: 57->57
[34.235s][info][gc,metaspace   ] GC(86) Metaspace: 65209K(66112K)->65209K(66112K) NonClass: 56805K(57280K)->56805K(57280K) Class: 8403K(8832K)->8403K(8832K)
[34.235s][info][gc             ] GC(86) Pause Young (Concurrent Start) (G1 Humongous Allocation) 478M->374M(737M) 26.591ms
[34.235s][info][gc             ] GC(87) Concurrent Mark Cycle
[34.235s][info][gc,cpu         ] GC(86) User=0.53s Sys=0.00s Real=0.03s
[34.235s][info][gc,marking     ] GC(87) Concurrent Scan Root Regions
[34.239s][info][gc,marking     ] GC(87) Concurrent Scan Root Regions 4.371ms
[34.239s][info][gc,marking     ] GC(87) Concurrent Mark
[34.239s][info][gc,marking     ] GC(87) Concurrent Mark From Roots
[34.239s][info][gc,task        ] GC(87) Using 8 workers of 8 for marking
[34.275s][info][gc,marking     ] GC(87) Concurrent Mark From Roots 36.176ms
[34.276s][info][gc,marking     ] GC(87) Concurrent Preclean
[34.276s][info][gc,marking     ] GC(87) Concurrent Preclean 0.151ms
[34.276s][info][gc,start       ] GC(87) Pause Remark
[34.278s][info][gc             ] GC(87) Pause Remark 375M->240M(737M) 1.848ms
[34.278s][info][gc,cpu         ] GC(87) User=0.00s Sys=0.00s Real=0.00s
[34.278s][info][gc,marking     ] GC(87) Concurrent Mark 38.458ms
[34.278s][info][gc,marking     ] GC(87) Concurrent Rebuild Remembered Sets and Scrub Regions
[34.303s][info][gc,marking     ] GC(87) Concurrent Rebuild Remembered Sets and Scrub Regions 24.771ms
[34.303s][info][gc,start       ] GC(87) Pause Cleanup
[34.303s][info][gc             ] GC(87) Pause Cleanup 240M->240M(737M) 0.310ms
[34.303s][info][gc,cpu         ] GC(87) User=0.00s Sys=0.00s Real=0.00s
[34.303s][info][gc,marking     ] GC(87) Concurrent Clear Claimed Marks
[34.303s][info][gc,marking     ] GC(87) Concurrent Clear Claimed Marks 0.087ms
[34.303s][info][gc,marking     ] GC(87) Concurrent Cleanup for Next Mark
[34.304s][info][gc,marking     ] GC(87) Concurrent Cleanup for Next Mark 0.443ms
[34.304s][info][gc             ] GC(87) Concurrent Mark Cycle 68.870ms
[34.969s][info][gc,start       ] GC(88) Pause Young (Prepare Mixed) (G1 Evacuation Pause)
[34.969s][info][gc,task        ] GC(88) Using 17 workers of 33 for evacuation
[35.014s][info][gc,phases      ] GC(88)   Pre Evacuate Collection Set: 0.2ms
[35.015s][info][gc,phases      ] GC(88)   Merge Heap Roots: 0.5ms
[35.015s][info][gc,phases      ] GC(88)   Evacuate Collection Set: 43.7ms
[35.015s][info][gc,phases      ] GC(88)   Post Evacuate Collection Set: 0.5ms
[35.015s][info][gc,phases      ] GC(88)   Other: 0.1ms
[35.015s][info][gc,heap        ] GC(88) Eden regions: 298->0(267)
[35.015s][info][gc,heap        ] GC(88) Survivor regions: 16->40(40)
[35.015s][info][gc,heap        ] GC(88) Old regions: 217->261
[35.015s][info][gc,heap        ] GC(88) Archive regions: 0->0
[35.015s][info][gc,heap        ] GC(88) Humongous regions: 73->68
[35.015s][info][gc,metaspace   ] GC(88) Metaspace: 65230K(66176K)->65230K(66176K) NonClass: 56826K(57344K)->56826K(57344K) Class: 8404K(8832K)->8404K(8832K)
[35.015s][info][gc             ] GC(88) Pause Young (Prepare Mixed) (G1 Evacuation Pause) 595M->361M(737M) 45.243ms
[35.015s][info][gc,cpu         ] GC(88) User=0.80s Sys=0.00s Real=0.05s
[35.136s][info][gc,start       ] GC(89) Pause Young (Mixed) (G1 Evacuation Pause)
[35.136s][info][gc,task        ] GC(89) Using 17 workers of 33 for evacuation
[35.175s][info][gc,phases      ] GC(89)   Pre Evacuate Collection Set: 0.2ms
[35.175s][info][gc,phases      ] GC(89)   Merge Heap Roots: 0.5ms
[35.175s][info][gc,phases      ] GC(89)   Evacuate Collection Set: 38.1ms
[35.175s][info][gc,phases      ] GC(89)   Post Evacuate Collection Set: 0.5ms
[35.175s][info][gc,phases      ] GC(89)   Other: 0.2ms
[35.175s][info][gc,heap        ] GC(89) Eden regions: 267->0(231)
[35.175s][info][gc,heap        ] GC(89) Survivor regions: 40->39(39)
[35.175s][info][gc,heap        ] GC(89) Old regions: 261->298
[35.175s][info][gc,heap        ] GC(89) Archive regions: 0->0
[35.175s][info][gc,heap        ] GC(89) Humongous regions: 80->80
[35.175s][info][gc,metaspace   ] GC(89) Metaspace: 65231K(66176K)->65231K(66176K) NonClass: 56827K(57344K)->56827K(57344K) Class: 8404K(8832K)->8404K(8832K)
[35.176s][info][gc             ] GC(89) Pause Young (Mixed) (G1 Evacuation Pause) 640M->409M(741M) 39.753ms
[35.176s][info][gc,cpu         ] GC(89) User=0.78s Sys=0.02s Real=0.05s
[35.204s][info][gc,start       ] GC(90) Pause Young (Concurrent Start) (G1 Humongous Allocation)
[35.204s][info][gc,task        ] GC(90) Using 17 workers of 33 for evacuation
[35.225s][info][gc,phases      ] GC(90)   Pre Evacuate Collection Set: 0.2ms
[35.225s][info][gc,phases      ] GC(90)   Merge Heap Roots: 0.2ms
[35.225s][info][gc,phases      ] GC(90)   Evacuate Collection Set: 19.5ms
[35.225s][info][gc,phases      ] GC(90)   Post Evacuate Collection Set: 0.8ms
[35.225s][info][gc,phases      ] GC(90)   Other: 0.1ms
[35.225s][info][gc,heap        ] GC(90) Eden regions: 63->0(264)
[35.225s][info][gc,heap        ] GC(90) Survivor regions: 39->11(34)
[35.225s][info][gc,heap        ] GC(90) Old regions: 298->341
[35.225s][info][gc,heap        ] GC(90) Archive regions: 0->0
[35.225s][info][gc,heap        ] GC(90) Humongous regions: 80->80
[35.225s][info][gc,metaspace   ] GC(90) Metaspace: 65231K(66176K)->65231K(66176K) NonClass: 56827K(57344K)->56827K(57344K) Class: 8404K(8832K)->8404K(8832K)
[35.225s][info][gc             ] GC(90) Pause Young (Concurrent Start) (G1 Humongous Allocation) 472M->424M(801M) 21.129ms
[35.225s][info][gc             ] GC(91) Concurrent Mark Cycle
[35.225s][info][gc,cpu         ] GC(90) User=0.53s Sys=0.00s Real=0.03s
[35.225s][info][gc,marking     ] GC(91) Concurrent Scan Root Regions
[35.232s][info][gc,marking     ] GC(91) Concurrent Scan Root Regions 7.036ms
[35.232s][info][gc,marking     ] GC(91) Concurrent Mark
[35.232s][info][gc,marking     ] GC(91) Concurrent Mark From Roots
[35.232s][info][gc,task        ] GC(91) Using 8 workers of 8 for marking
[35.285s][info][gc,marking     ] GC(91) Concurrent Mark From Roots 53.324ms
[35.285s][info][gc,marking     ] GC(91) Concurrent Preclean
[35.286s][info][gc,marking     ] GC(91) Concurrent Preclean 0.190ms
[35.286s][info][gc,start       ] GC(91) Pause Remark
[35.288s][info][gc             ] GC(91) Pause Remark 524M->428M(801M) 1.854ms
[35.288s][info][gc,cpu         ] GC(91) User=0.00s Sys=0.00s Real=0.00s
[35.288s][info][gc,marking     ] GC(91) Concurrent Mark 55.643ms
[35.288s][info][gc,marking     ] GC(91) Concurrent Rebuild Remembered Sets and Scrub Regions
[35.329s][info][gc,marking     ] GC(91) Concurrent Rebuild Remembered Sets and Scrub Regions 41.674ms
[35.330s][info][gc,start       ] GC(91) Pause Cleanup
[35.330s][info][gc             ] GC(91) Pause Cleanup 510M->510M(801M) 0.424ms
[35.330s][info][gc,cpu         ] GC(91) User=0.00s Sys=0.00s Real=0.00s
[35.330s][info][gc,marking     ] GC(91) Concurrent Clear Claimed Marks
[35.330s][info][gc,marking     ] GC(91) Concurrent Clear Claimed Marks 0.114ms
[35.330s][info][gc,marking     ] GC(91) Concurrent Cleanup for Next Mark
[35.331s][info][gc,marking     ] GC(91) Concurrent Cleanup for Next Mark 0.799ms
[35.331s][info][gc             ] GC(91) Concurrent Mark Cycle 106.208ms
[35.376s][info][gc,start       ] GC(92) Pause Young (Prepare Mixed) (G1 Evacuation Pause)
[35.376s][info][gc,task        ] GC(92) Using 19 workers of 33 for evacuation
[35.398s][info][gc,phases      ] GC(92)   Pre Evacuate Collection Set: 0.2ms
[35.398s][info][gc,phases      ] GC(92)   Merge Heap Roots: 0.6ms
[35.398s][info][gc,phases      ] GC(92)   Evacuate Collection Set: 20.1ms
[35.398s][info][gc,phases      ] GC(92)   Post Evacuate Collection Set: 0.7ms
[35.398s][info][gc,phases      ] GC(92)   Other: 0.2ms
[35.398s][info][gc,heap        ] GC(92) Eden regions: 264->0(320)
[35.398s][info][gc,heap        ] GC(92) Survivor regions: 11->35(35)
[35.398s][info][gc,heap        ] GC(92) Old regions: 295->296
[35.398s][info][gc,heap        ] GC(92) Archive regions: 0->0
[35.398s][info][gc,heap        ] GC(92) Humongous regions: 42->42
[35.398s][info][gc,metaspace   ] GC(92) Metaspace: 65235K(66176K)->65235K(66176K) NonClass: 56831K(57344K)->56831K(57344K) Class: 8404K(8832K)->8404K(8832K)
[35.398s][info][gc             ] GC(92) Pause Young (Prepare Mixed) (G1 Evacuation Pause) 604M->366M(801M) 22.103ms
[35.398s][info][gc,cpu         ] GC(92) User=0.59s Sys=0.00s Real=0.03s
[35.565s][info][gc,start       ] GC(93) Pause Young (Mixed) (G1 Evacuation Pause)
[35.566s][info][gc,task        ] GC(93) Using 19 workers of 33 for evacuation
[35.598s][info][gc,phases      ] GC(93)   Pre Evacuate Collection Set: 0.2ms
[35.598s][info][gc,phases      ] GC(93)   Merge Heap Roots: 0.5ms
[35.598s][info][gc,phases      ] GC(93)   Evacuate Collection Set: 31.3ms
[35.598s][info][gc,phases      ] GC(93)   Post Evacuate Collection Set: 0.5ms
[35.598s][info][gc,phases      ] GC(93)   Other: 0.2ms
[35.598s][info][gc,heap        ] GC(93) Eden regions: 320->0(309)
[35.598s][info][gc,heap        ] GC(93) Survivor regions: 35->30(45)
[35.598s][info][gc,heap        ] GC(93) Old regions: 296->304
[35.598s][info][gc,heap        ] GC(93) Archive regions: 0->0
[35.598s][info][gc,heap        ] GC(93) Humongous regions: 62->62
[35.598s][info][gc,metaspace   ] GC(93) Metaspace: 65235K(66176K)->65235K(66176K) NonClass: 56831K(57344K)->56831K(57344K) Class: 8404K(8832K)->8404K(8832K)
[35.598s][info][gc             ] GC(93) Pause Young (Mixed) (G1 Evacuation Pause) 706M->387M(801M) 32.950ms
[35.598s][info][gc,cpu         ] GC(93) User=0.59s Sys=0.00s Real=0.03s
[35.750s][info][gc,start       ] GC(94) Pause Young (Concurrent Start) (G1 Evacuation Pause)
[35.751s][info][gc,task        ] GC(94) Using 19 workers of 33 for evacuation
[35.777s][info][gc,phases      ] GC(94)   Pre Evacuate Collection Set: 0.3ms
[35.778s][info][gc,phases      ] GC(94)   Merge Heap Roots: 0.2ms
[35.778s][info][gc,phases      ] GC(94)   Evacuate Collection Set: 25.7ms
[35.778s][info][gc,phases      ] GC(94)   Post Evacuate Collection Set: 0.4ms
[35.778s][info][gc,phases      ] GC(94)   Other: 0.2ms
[35.778s][info][gc,heap        ] GC(94) Eden regions: 309->0(302)
[35.778s][info][gc,heap        ] GC(94) Survivor regions: 30->25(43)
[35.778s][info][gc,heap        ] GC(94) Old regions: 304->328
[35.778s][info][gc,heap        ] GC(94) Archive regions: 0->0
[35.778s][info][gc,heap        ] GC(94) Humongous regions: 62->62
[35.778s][info][gc,metaspace   ] GC(94) Metaspace: 65238K(66176K)->65238K(66176K) NonClass: 56833K(57344K)->56833K(57344K) Class: 8404K(8832K)->8404K(8832K)
[35.778s][info][gc             ] GC(94) Pause Young (Concurrent Start) (G1 Evacuation Pause) 696M->406M(801M) 27.210ms
[35.778s][info][gc             ] GC(95) Concurrent Mark Cycle
[35.778s][info][gc,cpu         ] GC(94) User=0.59s Sys=0.00s Real=0.03s
[35.778s][info][gc,marking     ] GC(95) Concurrent Scan Root Regions
[35.783s][info][gc,marking     ] GC(95) Concurrent Scan Root Regions 5.113ms
[35.783s][info][gc,marking     ] GC(95) Concurrent Mark
[35.783s][info][gc,marking     ] GC(95) Concurrent Mark From Roots
[35.783s][info][gc,task        ] GC(95) Using 8 workers of 8 for marking
[35.867s][info][gc,marking     ] GC(95) Concurrent Mark From Roots 83.763ms
[35.867s][info][gc,marking     ] GC(95) Concurrent Preclean
[35.867s][info][gc,marking     ] GC(95) Concurrent Preclean 0.174ms
[35.867s][info][gc,start       ] GC(95) Pause Remark
[35.869s][info][gc             ] GC(95) Pause Remark 528M->508M(862M) 2.129ms
[35.869s][info][gc,cpu         ] GC(95) User=0.00s Sys=0.00s Real=0.00s
[35.869s][info][gc,marking     ] GC(95) Concurrent Mark 86.398ms
[35.869s][info][gc,marking     ] GC(95) Concurrent Rebuild Remembered Sets and Scrub Regions
[35.920s][info][gc,marking     ] GC(95) Concurrent Rebuild Remembered Sets and Scrub Regions 50.309ms
[35.920s][info][gc,start       ] GC(95) Pause Cleanup
[35.920s][info][gc             ] GC(95) Pause Cleanup 559M->559M(862M) 0.406ms
[35.920s][info][gc,cpu         ] GC(95) User=0.00s Sys=0.00s Real=0.00s
[35.920s][info][gc,marking     ] GC(95) Concurrent Clear Claimed Marks
[35.920s][info][gc,marking     ] GC(95) Concurrent Clear Claimed Marks 0.118ms
[35.921s][info][gc,marking     ] GC(95) Concurrent Cleanup for Next Mark
[35.921s][info][gc,marking     ] GC(95) Concurrent Cleanup for Next Mark 0.630ms
[35.921s][info][gc             ] GC(95) Concurrent Mark Cycle 143.461ms
[36.713s][info][gc,start       ] GC(96) Pause Young (Prepare Mixed) (G1 Evacuation Pause)
[36.713s][info][gc,task        ] GC(96) Using 20 workers of 33 for evacuation
[36.753s][info][gc,phases      ] GC(96)   Pre Evacuate Collection Set: 0.2ms
[36.753s][info][gc,phases      ] GC(96)   Merge Heap Roots: 0.7ms
[36.753s][info][gc,phases      ] GC(96)   Evacuate Collection Set: 38.5ms
[36.753s][info][gc,phases      ] GC(96)   Post Evacuate Collection Set: 0.6ms
[36.753s][info][gc,phases      ] GC(96)   Other: 0.2ms
[36.753s][info][gc,heap        ] GC(96) Eden regions: 302->0(308)
[36.753s][info][gc,heap        ] GC(96) Survivor regions: 25->34(41)
[36.753s][info][gc,heap        ] GC(96) Old regions: 328->349
[36.753s][info][gc,heap        ] GC(96) Archive regions: 0->0
[36.753s][info][gc,heap        ] GC(96) Humongous regions: 88->83
[36.753s][info][gc,metaspace   ] GC(96) Metaspace: 65264K(66240K)->65264K(66240K) NonClass: 56860K(57408K)->56860K(57408K) Class: 8404K(8832K)->8404K(8832K)
[36.753s][info][gc             ] GC(96) Pause Young (Prepare Mixed) (G1 Evacuation Pause) 734M->458M(862M) 40.605ms
[36.753s][info][gc,cpu         ] GC(96) User=0.94s Sys=0.00s Real=0.05s
[37.262s][info][gc,start       ] GC(97) Pause Young (Mixed) (G1 Evacuation Pause)
[37.262s][info][gc,task        ] GC(97) Using 20 workers of 33 for evacuation
[37.311s][info][gc,phases      ] GC(97)   Pre Evacuate Collection Set: 0.2ms
[37.311s][info][gc,phases      ] GC(97)   Merge Heap Roots: 0.6ms
[37.311s][info][gc,phases      ] GC(97)   Evacuate Collection Set: 47.2ms
[37.311s][info][gc,phases      ] GC(97)   Post Evacuate Collection Set: 0.5ms
[37.311s][info][gc,phases      ] GC(97)   Other: 0.2ms
[37.311s][info][gc,heap        ] GC(97) Eden regions: 308->0(270)
[37.311s][info][gc,heap        ] GC(97) Survivor regions: 34->43(43)
[37.311s][info][gc,heap        ] GC(97) Old regions: 349->370
[37.311s][info][gc,heap        ] GC(97) Archive regions: 0->0
[37.311s][info][gc,heap        ] GC(97) Humongous regions: 115->110
[37.311s][info][gc,metaspace   ] GC(97) Metaspace: 65325K(66304K)->65325K(66304K) NonClass: 56920K(57472K)->56920K(57472K) Class: 8404K(8832K)->8404K(8832K)
[37.311s][info][gc             ] GC(97) Pause Young (Mixed) (G1 Evacuation Pause) 798M->516M(887M) 48.979ms
[37.311s][info][gc,cpu         ] GC(97) User=0.92s Sys=0.02s Real=0.05s
[37.398s][info][gc,start       ] GC(98) Pause Young (Concurrent Start) (G1 Humongous Allocation)
[37.398s][info][gc,task        ] GC(98) Using 21 workers of 33 for evacuation
[37.420s][info][gc,phases      ] GC(98)   Pre Evacuate Collection Set: 0.3ms
[37.420s][info][gc,phases      ] GC(98)   Merge Heap Roots: 0.2ms
[37.420s][info][gc,phases      ] GC(98)   Evacuate Collection Set: 20.8ms
[37.420s][info][gc,phases      ] GC(98)   Post Evacuate Collection Set: 0.5ms
[37.420s][info][gc,phases      ] GC(98)   Other: 0.2ms
[37.420s][info][gc,heap        ] GC(98) Eden regions: 79->0(277)
[37.420s][info][gc,heap        ] GC(98) Survivor regions: 43->7(40)
[37.420s][info][gc,heap        ] GC(98) Old regions: 370->417
[37.420s][info][gc,heap        ] GC(98) Archive regions: 0->0
[37.420s][info][gc,heap        ] GC(98) Humongous regions: 110->110
[37.421s][info][gc,metaspace   ] GC(98) Metaspace: 65358K(66304K)->65358K(66304K) NonClass: 56952K(57472K)->56952K(57472K) Class: 8405K(8832K)->8405K(8832K)
[37.421s][info][gc             ] GC(98) Pause Young (Concurrent Start) (G1 Humongous Allocation) 594M->526M(887M) 22.388ms
[37.421s][info][gc             ] GC(99) Concurrent Mark Cycle
[37.421s][info][gc,cpu         ] GC(98) User=0.33s Sys=0.00s Real=0.02s
[37.421s][info][gc,marking     ] GC(99) Concurrent Scan Root Regions
[37.424s][info][gc,marking     ] GC(99) Concurrent Scan Root Regions 3.110ms
[37.424s][info][gc,marking     ] GC(99) Concurrent Mark
[37.424s][info][gc,marking     ] GC(99) Concurrent Mark From Roots
[37.424s][info][gc,task        ] GC(99) Using 8 workers of 8 for marking
[37.455s][info][gc,marking     ] GC(99) Concurrent Mark From Roots 30.813ms
[37.455s][info][gc,marking     ] GC(99) Concurrent Preclean
[37.455s][info][gc,marking     ] GC(99) Concurrent Preclean 0.205ms
[37.455s][info][gc,start       ] GC(99) Pause Remark
[37.457s][info][gc             ] GC(99) Pause Remark 564M->286M(887M) 1.815ms
[37.457s][info][gc,cpu         ] GC(99) User=0.00s Sys=0.00s Real=0.00s
[37.457s][info][gc,marking     ] GC(99) Concurrent Mark 33.148ms
[37.457s][info][gc,marking     ] GC(99) Concurrent Rebuild Remembered Sets and Scrub Regions
[37.471s][info][gc,marking     ] GC(99) Concurrent Rebuild Remembered Sets and Scrub Regions 14.311ms
[37.471s][info][gc,start       ] GC(99) Pause Cleanup
[37.472s][info][gc             ] GC(99) Pause Cleanup 307M->307M(887M) 0.299ms
[37.472s][info][gc,cpu         ] GC(99) User=0.00s Sys=0.00s Real=0.00s
[37.472s][info][gc,marking     ] GC(99) Concurrent Clear Claimed Marks
[37.472s][info][gc,marking     ] GC(99) Concurrent Clear Claimed Marks 0.079ms
[37.472s][info][gc,marking     ] GC(99) Concurrent Cleanup for Next Mark
[37.472s][info][gc,marking     ] GC(99) Concurrent Cleanup for Next Mark 0.572ms
[37.472s][info][gc             ] GC(99) Concurrent Mark Cycle 51.907ms
[37.772s][info][gc,start       ] GC(100) Pause Young (Prepare Mixed) (G1 Evacuation Pause)
[37.772s][info][gc,task        ] GC(100) Using 21 workers of 33 for evacuation
[37.796s][info][gc,phases      ] GC(100)   Pre Evacuate Collection Set: 0.2ms
[37.796s][info][gc,phases      ] GC(100)   Merge Heap Roots: 0.3ms
[37.796s][info][gc,phases      ] GC(100)   Evacuate Collection Set: 23.0ms
[37.796s][info][gc,phases      ] GC(100)   Post Evacuate Collection Set: 0.6ms
[37.796s][info][gc,phases      ] GC(100)   Other: 0.1ms
[37.796s][info][gc,heap        ] GC(100) Eden regions: 277->0(440)
[37.796s][info][gc,heap        ] GC(100) Survivor regions: 7->35(36)
[37.796s][info][gc,heap        ] GC(100) Old regions: 239->239
[37.796s][info][gc,heap        ] GC(100) Archive regions: 0->0
[37.796s][info][gc,heap        ] GC(100) Humongous regions: 39->34
[37.796s][info][gc,metaspace   ] GC(100) Metaspace: 65378K(66304K)->65378K(66304K) NonClass: 56972K(57472K)->56972K(57472K) Class: 8405K(8832K)->8405K(8832K)
[37.796s][info][gc             ] GC(100) Pause Young (Prepare Mixed) (G1 Evacuation Pause) 554M->300M(887M) 24.327ms
[37.796s][info][gc,cpu         ] GC(100) User=0.33s Sys=0.00s Real=0.01s
[38.162s][info][gc,start       ] GC(101) Pause Young (Mixed) (G1 Evacuation Pause)
[38.162s][info][gc,task        ] GC(101) Using 21 workers of 33 for evacuation
[38.197s][info][gc,phases      ] GC(101)   Pre Evacuate Collection Set: 0.2ms
[38.197s][info][gc,phases      ] GC(101)   Merge Heap Roots: 0.3ms
[38.197s][info][gc,phases      ] GC(101)   Evacuate Collection Set: 33.3ms
[38.197s][info][gc,phases      ] GC(101)   Post Evacuate Collection Set: 0.8ms
[38.197s][info][gc,phases      ] GC(101)   Other: 0.2ms
[38.197s][info][gc,heap        ] GC(101) Eden regions: 440->0(392)
[38.197s][info][gc,heap        ] GC(101) Survivor regions: 35->57(60)
[38.197s][info][gc,heap        ] GC(101) Old regions: 239->261
[38.197s][info][gc,heap        ] GC(101) Archive regions: 0->0
[38.197s][info][gc,heap        ] GC(101) Humongous regions: 54->49
[38.197s][info][gc,metaspace   ] GC(101) Metaspace: 65397K(66304K)->65397K(66304K) NonClass: 56991K(57472K)->56991K(57472K) Class: 8405K(8832K)->8405K(8832K)
[38.197s][info][gc             ] GC(101) Pause Young (Mixed) (G1 Evacuation Pause) 760M->359M(887M) 35.205ms
[38.197s][info][gc,cpu         ] GC(101) User=0.66s Sys=0.00s Real=0.03s
[38.207s][info][gc,start       ] GC(102) Pause Young (Concurrent Start) (G1 Humongous Allocation)
[38.208s][info][gc,task        ] GC(102) Using 21 workers of 33 for evacuation
[38.224s][info][gc,phases      ] GC(102)   Pre Evacuate Collection Set: 0.2ms
[38.224s][info][gc,phases      ] GC(102)   Merge Heap Roots: 0.1ms
[38.224s][info][gc,phases      ] GC(102)   Evacuate Collection Set: 14.6ms
[38.224s][info][gc,phases      ] GC(102)   Post Evacuate Collection Set: 0.9ms
[38.224s][info][gc,phases      ] GC(102)   Other: 0.2ms
[38.224s][info][gc,heap        ] GC(102) Eden regions: 28->0(397)
[38.224s][info][gc,heap        ] GC(102) Survivor regions: 57->10(57)
[38.224s][info][gc,heap        ] GC(102) Old regions: 261->319
[38.224s][info][gc,heap        ] GC(102) Archive regions: 0->0
[38.224s][info][gc,heap        ] GC(102) Humongous regions: 49->49
[38.224s][info][gc,metaspace   ] GC(102) Metaspace: 65397K(66304K)->65397K(66304K) NonClass: 56991K(57472K)->56991K(57472K) Class: 8405K(8832K)->8405K(8832K)
[38.224s][info][gc             ] GC(102) Pause Young (Concurrent Start) (G1 Humongous Allocation) 387M->369M(915M) 16.643ms
[38.224s][info][gc             ] GC(103) Concurrent Mark Cycle
[38.224s][info][gc,cpu         ] GC(102) User=0.33s Sys=0.00s Real=0.02s
[38.224s][info][gc,marking     ] GC(103) Concurrent Scan Root Regions
[38.229s][info][gc,marking     ] GC(103) Concurrent Scan Root Regions 4.826ms
[38.229s][info][gc,marking     ] GC(103) Concurrent Mark
[38.229s][info][gc,marking     ] GC(103) Concurrent Mark From Roots
[38.229s][info][gc,task        ] GC(103) Using 8 workers of 8 for marking
[38.259s][info][gc,marking     ] GC(103) Concurrent Mark From Roots 29.858ms
[38.259s][info][gc,marking     ] GC(103) Concurrent Preclean
[38.259s][info][gc,marking     ] GC(103) Concurrent Preclean 0.173ms
[38.259s][info][gc,start       ] GC(103) Pause Remark
[38.261s][info][gc             ] GC(103) Pause Remark 434M->343M(915M) 1.934ms
[38.261s][info][gc,cpu         ] GC(103) User=0.00s Sys=0.00s Real=0.00s
[38.261s][info][gc,marking     ] GC(103) Concurrent Mark 32.237ms
[38.261s][info][gc,marking     ] GC(103) Concurrent Rebuild Remembered Sets and Scrub Regions
[38.281s][info][gc,marking     ] GC(103) Concurrent Rebuild Remembered Sets and Scrub Regions 19.923ms
[38.350s][info][gc,start       ] GC(103) Pause Cleanup
[38.351s][info][gc             ] GC(103) Pause Cleanup 351M->351M(915M) 0.582ms
[38.351s][info][gc,cpu         ] GC(103) User=0.00s Sys=0.00s Real=0.00s
[38.351s][info][gc,marking     ] GC(103) Concurrent Clear Claimed Marks
[38.351s][info][gc,marking     ] GC(103) Concurrent Clear Claimed Marks 0.126ms
[38.351s][info][gc,marking     ] GC(103) Concurrent Cleanup for Next Mark
[38.352s][info][gc,marking     ] GC(103) Concurrent Cleanup for Next Mark 0.832ms
[38.352s][info][gc             ] GC(103) Concurrent Mark Cycle 127.795ms
[38.785s][info][gc,start       ] GC(104) Pause Young (Prepare Mixed) (G1 Evacuation Pause)
[38.786s][info][gc,task        ] GC(104) Using 21 workers of 33 for evacuation
[38.829s][info][gc,phases      ] GC(104)   Pre Evacuate Collection Set: 0.2ms
[38.829s][info][gc,phases      ] GC(104)   Merge Heap Roots: 0.6ms
[38.829s][info][gc,phases      ] GC(104)   Evacuate Collection Set: 41.7ms
[38.829s][info][gc,phases      ] GC(104)   Post Evacuate Collection Set: 0.7ms
[38.829s][info][gc,phases      ] GC(104)   Other: 0.2ms
[38.829s][info][gc,heap        ] GC(104) Eden regions: 325->0(386)
[38.829s][info][gc,heap        ] GC(104) Survivor regions: 10->45(51)
[38.829s][info][gc,heap        ] GC(104) Old regions: 258->258
[38.829s][info][gc,heap        ] GC(104) Archive regions: 0->0
[38.829s][info][gc,heap        ] GC(104) Humongous regions: 322->138
[38.829s][info][gc,metaspace   ] GC(104) Metaspace: 65469K(66432K)->65469K(66432K) NonClass: 57064K(57600K)->57064K(57600K) Class: 8405K(8832K)->8405K(8832K)
[38.829s][info][gc             ] GC(104) Pause Young (Prepare Mixed) (G1 Evacuation Pause) 906M->433M(960M) 43.668ms
[38.829s][info][gc,cpu         ] GC(104) User=0.64s Sys=0.02s Real=0.03s
[39.102s][info][gc,start       ] GC(105) Pause Young (Mixed) (G1 Evacuation Pause)
[39.102s][info][gc,task        ] GC(105) Using 23 workers of 33 for evacuation
[39.141s][info][gc,phases      ] GC(105)   Pre Evacuate Collection Set: 0.2ms
[39.141s][info][gc,phases      ] GC(105)   Merge Heap Roots: 0.5ms
[39.141s][info][gc,phases      ] GC(105)   Evacuate Collection Set: 37.8ms
[39.141s][info][gc,phases      ] GC(105)   Post Evacuate Collection Set: 0.5ms
[39.141s][info][gc,phases      ] GC(105)   Other: 0.2ms
[39.141s][info][gc,heap        ] GC(105) Eden regions: 386->0(381)
[39.141s][info][gc,heap        ] GC(105) Survivor regions: 45->31(54)
[39.142s][info][gc,heap        ] GC(105) Old regions: 258->285
[39.142s][info][gc,heap        ] GC(105) Archive regions: 0->0
[39.142s][info][gc,heap        ] GC(105) Humongous regions: 158->136
[39.142s][info][gc,metaspace   ] GC(105) Metaspace: 65472K(66432K)->65472K(66432K) NonClass: 57066K(57600K)->57066K(57600K) Class: 8405K(8832K)->8405K(8832K)
[39.142s][info][gc             ] GC(105) Pause Young (Mixed) (G1 Evacuation Pause) 839M->443M(960M) 39.466ms
[39.142s][info][gc,cpu         ] GC(105) User=0.73s Sys=0.00s Real=0.03s
[39.175s][info][gc,start       ] GC(106) Pause Young (Concurrent Start) (G1 Humongous Allocation)
[39.175s][info][gc,task        ] GC(106) Using 23 workers of 33 for evacuation
[39.189s][info][gc,phases      ] GC(106)   Pre Evacuate Collection Set: 0.3ms
[39.189s][info][gc,phases      ] GC(106)   Merge Heap Roots: 0.2ms
[39.190s][info][gc,phases      ] GC(106)   Evacuate Collection Set: 12.8ms
[39.190s][info][gc,phases      ] GC(106)   Post Evacuate Collection Set: 0.6ms
[39.190s][info][gc,phases      ] GC(106)   Other: 0.1ms
[39.190s][info][gc,heap        ] GC(106) Eden regions: 55->0(403)
[39.190s][info][gc,heap        ] GC(106) Survivor regions: 31->1(52)
[39.190s][info][gc,heap        ] GC(106) Old regions: 285->314
[39.190s][info][gc,heap        ] GC(106) Archive regions: 0->0
[39.190s][info][gc,heap        ] GC(106) Humongous regions: 136->136
[39.190s][info][gc,metaspace   ] GC(106) Metaspace: 65472K(66432K)->65472K(66432K) NonClass: 57066K(57600K)->57066K(57600K) Class: 8405K(8832K)->8405K(8832K)
[39.190s][info][gc             ] GC(106) Pause Young (Concurrent Start) (G1 Humongous Allocation) 498M->443M(960M) 14.510ms
[39.190s][info][gc             ] GC(107) Concurrent Mark Cycle
[39.190s][info][gc,cpu         ] GC(106) User=0.00s Sys=0.00s Real=0.00s
[39.190s][info][gc,marking     ] GC(107) Concurrent Scan Root Regions
[39.193s][info][gc,marking     ] GC(107) Concurrent Scan Root Regions 3.257ms
[39.193s][info][gc,marking     ] GC(107) Concurrent Mark
[39.193s][info][gc,marking     ] GC(107) Concurrent Mark From Roots
[39.193s][info][gc,task        ] GC(107) Using 8 workers of 8 for marking
[39.238s][info][gc,marking     ] GC(107) Concurrent Mark From Roots 44.637ms
[39.238s][info][gc,marking     ] GC(107) Concurrent Preclean
[39.238s][info][gc,marking     ] GC(107) Concurrent Preclean 0.234ms
[39.238s][info][gc,start       ] GC(107) Pause Remark
[39.240s][info][gc             ] GC(107) Pause Remark 499M->338M(960M) 1.884ms
[39.240s][info][gc,cpu         ] GC(107) User=0.00s Sys=0.00s Real=0.00s
[39.240s][info][gc,marking     ] GC(107) Concurrent Mark 47.079ms
[39.240s][info][gc,marking     ] GC(107) Concurrent Rebuild Remembered Sets and Scrub Regions
[39.259s][info][gc,marking     ] GC(107) Concurrent Rebuild Remembered Sets and Scrub Regions 18.602ms
[39.259s][info][gc,start       ] GC(107) Pause Cleanup
[39.259s][info][gc             ] GC(107) Pause Cleanup 367M->367M(960M) 0.307ms
[39.259s][info][gc,cpu         ] GC(107) User=0.00s Sys=0.00s Real=0.00s
[39.260s][info][gc,marking     ] GC(107) Concurrent Clear Claimed Marks
[39.260s][info][gc,marking     ] GC(107) Concurrent Clear Claimed Marks 0.088ms
[39.260s][info][gc,marking     ] GC(107) Concurrent Cleanup for Next Mark
[39.260s][info][gc,marking     ] GC(107) Concurrent Cleanup for Next Mark 0.682ms
[39.260s][info][gc             ] GC(107) Concurrent Mark Cycle 70.477ms
[39.329s][info][gc,start       ] GC(108) Pause Full (System.gc())
[39.330s][info][gc,task        ] GC(108) Using 23 workers of 33 for full compaction
[39.331s][info][gc,phases,start] GC(108) Phase 1: Mark live objects
[39.364s][info][gc,phases      ] GC(108) Phase 1: Mark live objects 33.447ms
[39.364s][info][gc,phases,start] GC(108) Phase 2: Prepare compaction
[39.368s][info][gc,phases      ] GC(108) Phase 2: Prepare compaction 3.875ms
[39.368s][info][gc,phases,start] GC(108) Phase 3: Adjust pointers
[39.375s][info][gc,phases      ] GC(108) Phase 3: Adjust pointers 7.215ms
[39.375s][info][gc,phases,start] GC(108) Phase 4: Compact heap
[39.376s][info][gc,phases      ] GC(108) Phase 4: Compact heap 0.872ms
[39.388s][info][gc,heap        ] GC(108) Eden regions: 187->0(310)
[39.388s][info][gc,heap        ] GC(108) Survivor regions: 1->0(52)
[39.388s][info][gc,heap        ] GC(108) Old regions: 273->152
[39.388s][info][gc,heap        ] GC(108) Archive regions: 0->0
[39.388s][info][gc,heap        ] GC(108) Humongous regions: 19->10
[39.388s][info][gc,metaspace   ] GC(108) Metaspace: 65475K(66432K)->65475K(66432K) NonClass: 57069K(57600K)->57069K(57600K) Class: 8405K(8832K)->8405K(8832K)
[39.388s][info][gc             ] GC(108) Pause Full (System.gc()) 472M->147M(540M) 58.804ms
[39.388s][info][gc,cpu         ] GC(108) User=1.03s Sys=0.02s Real=0.06s
[39.440s][info][gc,start       ] GC(109) Pause Young (Concurrent Start) (G1 Humongous Allocation)
[39.440s][info][gc,task        ] GC(109) Using 17 workers of 33 for evacuation
[39.442s][info][gc,phases      ] GC(109)   Pre Evacuate Collection Set: 0.3ms
[39.442s][info][gc,phases      ] GC(109)   Merge Heap Roots: 0.1ms
[39.442s][info][gc,phases      ] GC(109)   Evacuate Collection Set: 1.3ms
[39.442s][info][gc,phases      ] GC(109)   Post Evacuate Collection Set: 0.6ms
[39.443s][info][gc,phases      ] GC(109)   Other: 0.2ms
[39.443s][info][gc,heap        ] GC(109) Eden regions: 18->0(316)
[39.443s][info][gc,heap        ] GC(109) Survivor regions: 0->2(39)
[39.443s][info][gc,heap        ] GC(109) Old regions: 152->152
[39.443s][info][gc,heap        ] GC(109) Archive regions: 0->0
[39.443s][info][gc,heap        ] GC(109) Humongous regions: 10->10
[39.443s][info][gc,metaspace   ] GC(109) Metaspace: 65520K(66496K)->65520K(66496K) NonClass: 57114K(57664K)->57114K(57664K) Class: 8405K(8832K)->8405K(8832K)
[39.443s][info][gc             ] GC(109) Pause Young (Concurrent Start) (G1 Humongous Allocation) 165M->149M(540M) 2.946ms
[39.443s][info][gc             ] GC(110) Concurrent Mark Cycle
[39.443s][info][gc,cpu         ] GC(109) User=0.30s Sys=0.00s Real=0.01s
[39.443s][info][gc,marking     ] GC(110) Concurrent Scan Root Regions
[39.444s][info][gc,marking     ] GC(110) Concurrent Scan Root Regions 1.305ms
[39.444s][info][gc,marking     ] GC(110) Concurrent Mark
[39.444s][info][gc,marking     ] GC(110) Concurrent Mark From Roots
[39.444s][info][gc,task        ] GC(110) Using 8 workers of 8 for marking
[39.488s][info][gc,marking     ] GC(110) Concurrent Mark From Roots 43.560ms
[39.488s][info][gc,marking     ] GC(110) Concurrent Preclean
[39.488s][info][gc,marking     ] GC(110) Concurrent Preclean 0.107ms
[39.498s][info][gc,start       ] GC(110) Pause Remark
[39.500s][info][gc             ] GC(110) Pause Remark 184M->184M(540M) 1.746ms
[39.500s][info][gc,cpu         ] GC(110) User=0.00s Sys=0.00s Real=0.00s
[39.500s][info][gc,marking     ] GC(110) Concurrent Mark 55.408ms
[39.500s][info][gc,marking     ] GC(110) Concurrent Rebuild Remembered Sets and Scrub Regions
[39.515s][info][gc,marking     ] GC(110) Concurrent Rebuild Remembered Sets and Scrub Regions 15.195ms
[39.515s][info][gc,start       ] GC(110) Pause Cleanup
[39.515s][info][gc             ] GC(110) Pause Cleanup 206M->206M(540M) 0.181ms
[39.515s][info][gc,cpu         ] GC(110) User=0.00s Sys=0.00s Real=0.00s
[39.515s][info][gc,marking     ] GC(110) Concurrent Clear Claimed Marks
[39.515s][info][gc,marking     ] GC(110) Concurrent Clear Claimed Marks 0.102ms
[39.515s][info][gc,marking     ] GC(110) Concurrent Cleanup for Next Mark
[39.516s][info][gc,marking     ] GC(110) Concurrent Cleanup for Next Mark 0.377ms
[39.516s][info][gc             ] GC(110) Concurrent Mark Cycle 73.035ms
[39.652s][info][gc,start       ] GC(111) Pause Young (Prepare Mixed) (G1 Evacuation Pause)
[39.652s][info][gc,task        ] GC(111) Using 14 workers of 33 for evacuation
[39.686s][info][gc,phases      ] GC(111)   Pre Evacuate Collection Set: 0.2ms
[39.686s][info][gc,phases      ] GC(111)   Merge Heap Roots: 0.2ms
[39.686s][info][gc,phases      ] GC(111)   Evacuate Collection Set: 32.7ms
[39.686s][info][gc,phases      ] GC(111)   Post Evacuate Collection Set: 0.5ms
[39.686s][info][gc,phases      ] GC(111)   Other: 0.2ms
[39.686s][info][gc,heap        ] GC(111) Eden regions: 316->0(231)
[39.686s][info][gc,heap        ] GC(111) Survivor regions: 2->40(40)
[39.686s][info][gc,heap        ] GC(111) Old regions: 152->195
[39.686s][info][gc,heap        ] GC(111) Archive regions: 0->0
[39.686s][info][gc,heap        ] GC(111) Humongous regions: 43->38
[39.686s][info][gc,metaspace   ] GC(111) Metaspace: 65559K(66496K)->65559K(66496K) NonClass: 57153K(57664K)->57153K(57664K) Class: 8406K(8832K)->8406K(8832K)
[39.686s][info][gc             ] GC(111) Pause Young (Prepare Mixed) (G1 Evacuation Pause) 498M->258M(596M) 33.989ms
[39.686s][info][gc,cpu         ] GC(111) User=0.38s Sys=0.06s Real=0.03s
[39.808s][info][gc,start       ] GC(112) Pause Young (Mixed) (G1 Evacuation Pause)
[39.808s][info][gc,task        ] GC(112) Using 14 workers of 33 for evacuation
[39.852s][info][gc,phases      ] GC(112)   Pre Evacuate Collection Set: 0.2ms
[39.852s][info][gc,phases      ] GC(112)   Merge Heap Roots: 0.3ms
[39.852s][info][gc,phases      ] GC(112)   Evacuate Collection Set: 41.9ms
[39.852s][info][gc,phases      ] GC(112)   Post Evacuate Collection Set: 1.3ms
[39.852s][info][gc,phases      ] GC(112)   Other: 0.2ms
[39.852s][info][gc,heap        ] GC(112) Eden regions: 231->0(268)
[39.852s][info][gc,heap        ] GC(112) Survivor regions: 40->29(34)
[39.852s][info][gc,heap        ] GC(112) Old regions: 195->236
[39.852s][info][gc,heap        ] GC(112) Archive regions: 0->0
[39.852s][info][gc,heap        ] GC(112) Humongous regions: 58->58
[39.852s][info][gc,metaspace   ] GC(112) Metaspace: 65560K(66496K)->65560K(66496K) NonClass: 57154K(57664K)->57154K(57664K) Class: 8406K(8832K)->8406K(8832K)
[39.852s][info][gc             ] GC(112) Pause Young (Mixed) (G1 Evacuation Pause) 509M->311M(695M) 44.218ms
[39.852s][info][gc,cpu         ] GC(112) User=0.70s Sys=0.00s Real=0.05s
[39.947s][info][gc,start       ] GC(113) Pause Young (Concurrent Start) (G1 Humongous Allocation)
[39.948s][info][gc,task        ] GC(113) Using 16 workers of 33 for evacuation
[39.972s][info][gc,phases      ] GC(113)   Pre Evacuate Collection Set: 0.3ms
[39.972s][info][gc,phases      ] GC(113)   Merge Heap Roots: 0.2ms
[39.972s][info][gc,phases      ] GC(113)   Evacuate Collection Set: 23.3ms
[39.972s][info][gc,phases      ] GC(113)   Post Evacuate Collection Set: 0.4ms
[39.972s][info][gc,phases      ] GC(113)   Other: 0.2ms
[39.972s][info][gc,heap        ] GC(113) Eden regions: 151->0(261)
[39.972s][info][gc,heap        ] GC(113) Survivor regions: 29->18(38)
[39.972s][info][gc,heap        ] GC(113) Old regions: 236->265
[39.972s][info][gc,heap        ] GC(113) Archive regions: 0->0
[39.972s][info][gc,heap        ] GC(113) Humongous regions: 58->58
[39.972s][info][gc,metaspace   ] GC(113) Metaspace: 65582K(66496K)->65582K(66496K) NonClass: 57175K(57664K)->57175K(57664K) Class: 8406K(8832K)->8406K(8832K)
[39.972s][info][gc             ] GC(113) Pause Young (Concurrent Start) (G1 Humongous Allocation) 462M->328M(695M) 24.779ms
[39.972s][info][gc             ] GC(114) Concurrent Mark Cycle
[39.972s][info][gc,cpu         ] GC(113) User=0.52s Sys=0.00s Real=0.03s
[39.972s][info][gc,marking     ] GC(114) Concurrent Scan Root Regions
[39.977s][info][gc,marking     ] GC(114) Concurrent Scan Root Regions 5.064ms
[39.977s][info][gc,marking     ] GC(114) Concurrent Mark
[39.977s][info][gc,marking     ] GC(114) Concurrent Mark From Roots
[39.977s][info][gc,task        ] GC(114) Using 8 workers of 8 for marking
[40.052s][info][gc,marking     ] GC(114) Concurrent Mark From Roots 74.909ms
[40.052s][info][gc,marking     ] GC(114) Concurrent Preclean
[40.052s][info][gc,marking     ] GC(114) Concurrent Preclean 0.101ms
[40.053s][info][gc,start       ] GC(114) Pause Remark
[40.055s][info][gc             ] GC(114) Pause Remark 436M->412M(709M) 1.946ms
[40.055s][info][gc,cpu         ] GC(114) User=0.00s Sys=0.00s Real=0.00s
[40.055s][info][gc,marking     ] GC(114) Concurrent Mark 77.264ms
[40.055s][info][gc,marking     ] GC(114) Concurrent Rebuild Remembered Sets and Scrub Regions
[40.099s][info][gc,marking     ] GC(114) Concurrent Rebuild Remembered Sets and Scrub Regions 44.154ms
[40.099s][info][gc,start       ] GC(114) Pause Cleanup
[40.099s][info][gc             ] GC(114) Pause Cleanup 469M->469M(709M) 0.227ms
[40.099s][info][gc,cpu         ] GC(114) User=0.00s Sys=0.00s Real=0.00s
[40.099s][info][gc,marking     ] GC(114) Concurrent Clear Claimed Marks
[40.099s][info][gc,marking     ] GC(114) Concurrent Clear Claimed Marks 0.096ms
[40.099s][info][gc,marking     ] GC(114) Concurrent Cleanup for Next Mark
[40.100s][info][gc,marking     ] GC(114) Concurrent Cleanup for Next Mark 0.785ms
[40.100s][info][gc             ] GC(114) Concurrent Mark Cycle 128.015ms
[40.166s][info][gc,start       ] GC(115) Pause Young (Prepare Mixed) (G1 Evacuation Pause)
[40.166s][info][gc,task        ] GC(115) Using 17 workers of 33 for evacuation
[40.190s][info][gc,phases      ] GC(115)   Pre Evacuate Collection Set: 0.2ms
[40.190s][info][gc,phases      ] GC(115)   Merge Heap Roots: 0.7ms
[40.190s][info][gc,phases      ] GC(115)   Evacuate Collection Set: 22.1ms
[40.190s][info][gc,phases      ] GC(115)   Post Evacuate Collection Set: 0.6ms
[40.190s][info][gc,phases      ] GC(115)   Other: 0.2ms
[40.190s][info][gc,heap        ] GC(115) Eden regions: 261->0(274)
[40.190s][info][gc,heap        ] GC(115) Survivor regions: 18->35(35)
[40.190s][info][gc,heap        ] GC(115) Old regions: 265->265
[40.190s][info][gc,heap        ] GC(115) Archive regions: 0->0
[40.190s][info][gc,heap        ] GC(115) Humongous regions: 49->49
[40.190s][info][gc,metaspace   ] GC(115) Metaspace: 65611K(66560K)->65611K(66560K) NonClass: 57205K(57728K)->57205K(57728K) Class: 8406K(8832K)->8406K(8832K)
[40.190s][info][gc             ] GC(115) Pause Young (Prepare Mixed) (G1 Evacuation Pause) 580M->337M(709M) 24.000ms
[40.190s][info][gc,cpu         ] GC(115) User=0.55s Sys=0.00s Real=0.03s
[40.361s][info][gc,start       ] GC(116) Pause Young (Mixed) (G1 Evacuation Pause)
[40.361s][info][gc,task        ] GC(116) Using 17 workers of 33 for evacuation
[40.389s][info][gc,phases      ] GC(116)   Pre Evacuate Collection Set: 0.2ms
[40.389s][info][gc,phases      ] GC(116)   Merge Heap Roots: 0.2ms
[40.389s][info][gc,phases      ] GC(116)   Evacuate Collection Set: 27.0ms
[40.389s][info][gc,phases      ] GC(116)   Post Evacuate Collection Set: 0.4ms
[40.389s][info][gc,phases      ] GC(116)   Other: 0.2ms
[40.389s][info][gc,heap        ] GC(116) Eden regions: 274->0(270)
[40.389s][info][gc,heap        ] GC(116) Survivor regions: 35->21(39)
[40.389s][info][gc,heap        ] GC(116) Old regions: 265->293
[40.389s][info][gc,heap        ] GC(116) Archive regions: 0->0
[40.389s][info][gc,heap        ] GC(116) Humongous regions: 49->49
[40.389s][info][gc,metaspace   ] GC(116) Metaspace: 65613K(66560K)->65613K(66560K) NonClass: 57207K(57728K)->57207K(57728K) Class: 8406K(8832K)->8406K(8832K)
[40.389s][info][gc             ] GC(116) Pause Young (Mixed) (G1 Evacuation Pause) 611M->355M(709M) 28.304ms
[40.389s][info][gc,cpu         ] GC(116) User=0.27s Sys=0.00s Real=0.02s
[40.501s][info][gc,start       ] GC(117) Pause Young (Concurrent Start) (G1 Humongous Allocation)
[40.501s][info][gc,task        ] GC(117) Using 17 workers of 33 for evacuation
[40.520s][info][gc,phases      ] GC(117)   Pre Evacuate Collection Set: 0.3ms
[40.520s][info][gc,phases      ] GC(117)   Merge Heap Roots: 0.2ms
[40.520s][info][gc,phases      ] GC(117)   Evacuate Collection Set: 17.3ms
[40.520s][info][gc,phases      ] GC(117)   Post Evacuate Collection Set: 0.5ms
[40.520s][info][gc,phases      ] GC(117)   Other: 0.2ms
[40.520s][info][gc,heap        ] GC(117) Eden regions: 210->0(268)
[40.520s][info][gc,heap        ] GC(117) Survivor regions: 21->31(37)
[40.520s][info][gc,heap        ] GC(117) Old regions: 293->293
[40.520s][info][gc,heap        ] GC(117) Archive regions: 0->0
[40.520s][info][gc,heap        ] GC(117) Humongous regions: 49->49
[40.520s][info][gc,metaspace   ] GC(117) Metaspace: 65613K(66560K)->65613K(66560K) NonClass: 57207K(57728K)->57207K(57728K) Class: 8406K(8832K)->8406K(8832K)
[40.520s][info][gc             ] GC(117) Pause Young (Concurrent Start) (G1 Humongous Allocation) 564M->365M(709M) 18.812ms
[40.520s][info][gc             ] GC(118) Concurrent Mark Cycle
[40.520s][info][gc,cpu         ] GC(117) User=0.27s Sys=0.00s Real=0.02s
[40.520s][info][gc,marking     ] GC(118) Concurrent Scan Root Regions
[40.524s][info][gc,marking     ] GC(118) Concurrent Scan Root Regions 4.108ms
[40.524s][info][gc,marking     ] GC(118) Concurrent Mark
[40.524s][info][gc,marking     ] GC(118) Concurrent Mark From Roots
[40.524s][info][gc,task        ] GC(118) Using 8 workers of 8 for marking
[40.594s][info][gc,marking     ] GC(118) Concurrent Mark From Roots 70.209ms
[40.595s][info][gc,marking     ] GC(118) Concurrent Preclean
[40.595s][info][gc,marking     ] GC(118) Concurrent Preclean 0.173ms
[40.595s][info][gc,start       ] GC(118) Pause Remark
[40.604s][info][gc             ] GC(118) Pause Remark 423M->407M(709M) 8.911ms
[40.604s][info][gc,cpu         ] GC(118) User=0.00s Sys=0.00s Real=0.00s
[40.604s][info][gc,marking     ] GC(118) Concurrent Mark 79.621ms
[40.604s][info][gc,marking     ] GC(118) Concurrent Rebuild Remembered Sets and Scrub Regions
[40.648s][info][gc,marking     ] GC(118) Concurrent Rebuild Remembered Sets and Scrub Regions 43.889ms
[40.648s][info][gc,start       ] GC(118) Pause Cleanup
[40.648s][info][gc             ] GC(118) Pause Cleanup 428M->428M(709M) 0.362ms
[40.648s][info][gc,cpu         ] GC(118) User=0.00s Sys=0.00s Real=0.00s
[40.648s][info][gc,marking     ] GC(118) Concurrent Clear Claimed Marks
[40.649s][info][gc,marking     ] GC(118) Concurrent Clear Claimed Marks 0.095ms
[40.649s][info][gc,marking     ] GC(118) Concurrent Cleanup for Next Mark
[40.649s][info][gc,marking     ] GC(118) Concurrent Cleanup for Next Mark 0.440ms
[40.649s][info][gc             ] GC(118) Concurrent Mark Cycle 128.982ms
[41.033s][info][gc,start       ] GC(119) Pause Young (Prepare Mixed) (G1 Evacuation Pause)
[41.033s][info][gc,task        ] GC(119) Using 17 workers of 33 for evacuation
[41.064s][info][gc,phases      ] GC(119)   Pre Evacuate Collection Set: 0.2ms
[41.064s][info][gc,phases      ] GC(119)   Merge Heap Roots: 0.5ms
[41.064s][info][gc,phases      ] GC(119)   Evacuate Collection Set: 28.9ms
[41.064s][info][gc,phases      ] GC(119)   Post Evacuate Collection Set: 0.6ms
[41.064s][info][gc,phases      ] GC(119)   Other: 0.1ms
[41.064s][info][gc,heap        ] GC(119) Eden regions: 268->0(256)
[41.064s][info][gc,heap        ] GC(119) Survivor regions: 31->28(38)
[41.064s][info][gc,heap        ] GC(119) Old regions: 289->304
[41.064s][info][gc,heap        ] GC(119) Archive regions: 0->0
[41.064s][info][gc,heap        ] GC(119) Humongous regions: 57->57
[41.064s][info][gc,metaspace   ] GC(119) Metaspace: 65616K(66560K)->65616K(66560K) NonClass: 57210K(57728K)->57210K(57728K) Class: 8406K(8832K)->8406K(8832K)
[41.064s][info][gc             ] GC(119) Pause Young (Prepare Mixed) (G1 Evacuation Pause) 637M->380M(709M) 30.434ms
[41.064s][info][gc,cpu         ] GC(119) User=0.53s Sys=0.00s Real=0.03s
[42.019s][info][gc,start       ] GC(120) Pause Young (Mixed) (G1 Evacuation Pause)
[42.019s][info][gc,task        ] GC(120) Using 17 workers of 33 for evacuation
[42.049s][info][gc,phases      ] GC(120)   Pre Evacuate Collection Set: 0.2ms
[42.049s][info][gc,phases      ] GC(120)   Merge Heap Roots: 0.3ms
[42.049s][info][gc,phases      ] GC(120)   Evacuate Collection Set: 28.0ms
[42.049s][info][gc,phases      ] GC(120)   Post Evacuate Collection Set: 0.5ms
[42.049s][info][gc,phases      ] GC(120)   Other: 0.1ms
[42.049s][info][gc,heap        ] GC(120) Eden regions: 256->0(243)
[42.049s][info][gc,heap        ] GC(120) Survivor regions: 28->27(36)
[42.049s][info][gc,heap        ] GC(120) Old regions: 304->308
[42.049s][info][gc,heap        ] GC(120) Archive regions: 0->0
[42.049s][info][gc,heap        ] GC(120) Humongous regions: 73->68
[42.049s][info][gc,metaspace   ] GC(120) Metaspace: 65669K(66624K)->65669K(66624K) NonClass: 57263K(57792K)->57263K(57792K) Class: 8406K(8832K)->8406K(8832K)
[42.049s][info][gc             ] GC(120) Pause Young (Mixed) (G1 Evacuation Pause) 652M->397M(709M) 29.407ms
[42.049s][info][gc,cpu         ] GC(120) User=0.53s Sys=0.00s Real=0.03s
[42.050s][info][gc,start       ] GC(121) Pause Young (Concurrent Start) (G1 Humongous Allocation)
[42.050s][info][gc,task        ] GC(121) Using 17 workers of 33 for evacuation
[42.062s][info][gc,phases      ] GC(121)   Pre Evacuate Collection Set: 0.2ms
[42.062s][info][gc,phases      ] GC(121)   Merge Heap Roots: 0.1ms
[42.062s][info][gc,phases      ] GC(121)   Evacuate Collection Set: 10.5ms
[42.062s][info][gc,phases      ] GC(121)   Post Evacuate Collection Set: 0.4ms
[42.062s][info][gc,phases      ] GC(121)   Other: 0.1ms
[42.062s][info][gc,heap        ] GC(121) Eden regions: 2->0(229)
[42.062s][info][gc,heap        ] GC(121) Survivor regions: 27->16(34)
[42.062s][info][gc,heap        ] GC(121) Old regions: 308->319
[42.062s][info][gc,heap        ] GC(121) Archive regions: 0->0
[42.062s][info][gc,heap        ] GC(121) Humongous regions: 68->68
[42.062s][info][gc,metaspace   ] GC(121) Metaspace: 65669K(66624K)->65669K(66624K) NonClass: 57263K(57792K)->57263K(57792K) Class: 8406K(8832K)->8406K(8832K)
[42.062s][info][gc             ] GC(121) Pause Young (Concurrent Start) (G1 Humongous Allocation) 399M->397M(709M) 11.491ms
[42.062s][info][gc             ] GC(122) Concurrent Mark Cycle
[42.062s][info][gc,cpu         ] GC(121) User=0.00s Sys=0.00s Real=0.00s
[42.062s][info][gc,marking     ] GC(122) Concurrent Scan Root Regions
[42.064s][info][gc,marking     ] GC(122) Concurrent Scan Root Regions 2.517ms
[42.064s][info][gc,marking     ] GC(122) Concurrent Mark
[42.064s][info][gc,marking     ] GC(122) Concurrent Mark From Roots
[42.064s][info][gc,task        ] GC(122) Using 8 workers of 8 for marking
[42.095s][info][gc,marking     ] GC(122) Concurrent Mark From Roots 30.199ms
[42.095s][info][gc,marking     ] GC(122) Concurrent Preclean
[42.095s][info][gc,marking     ] GC(122) Concurrent Preclean 0.180ms
[42.095s][info][gc,start       ] GC(122) Pause Remark
[42.097s][info][gc             ] GC(122) Pause Remark 430M->240M(709M) 1.911ms
[42.097s][info][gc,cpu         ] GC(122) User=0.00s Sys=0.00s Real=0.00s
[42.097s][info][gc,marking     ] GC(122) Concurrent Mark 32.578ms
[42.097s][info][gc,marking     ] GC(122) Concurrent Rebuild Remembered Sets and Scrub Regions
[42.124s][info][gc,marking     ] GC(122) Concurrent Rebuild Remembered Sets and Scrub Regions 27.288ms
[42.124s][info][gc,start       ] GC(122) Pause Cleanup
[42.125s][info][gc             ] GC(122) Pause Cleanup 265M->265M(709M) 0.236ms
[42.125s][info][gc,cpu         ] GC(122) User=0.00s Sys=0.00s Real=0.00s
[42.125s][info][gc,marking     ] GC(122) Concurrent Clear Claimed Marks
[42.125s][info][gc,marking     ] GC(122) Concurrent Clear Claimed Marks 0.083ms
[42.125s][info][gc,marking     ] GC(122) Concurrent Cleanup for Next Mark
[42.125s][info][gc,marking     ] GC(122) Concurrent Cleanup for Next Mark 0.487ms
[42.125s][info][gc             ] GC(122) Concurrent Mark Cycle 63.612ms
[42.317s][info][gc,start       ] GC(123) Pause Young (Prepare Mixed) (G1 Evacuation Pause)
[42.317s][info][gc,task        ] GC(123) Using 17 workers of 33 for evacuation
[42.352s][info][gc,phases      ] GC(123)   Pre Evacuate Collection Set: 0.2ms
[42.352s][info][gc,phases      ] GC(123)   Merge Heap Roots: 0.5ms
[42.352s][info][gc,phases      ] GC(123)   Evacuate Collection Set: 34.3ms
[42.352s][info][gc,phases      ] GC(123)   Post Evacuate Collection Set: 0.5ms
[42.353s][info][gc,phases      ] GC(123)   Other: 0.1ms
[42.353s][info][gc,heap        ] GC(123) Eden regions: 229->0(285)
[42.353s][info][gc,heap        ] GC(123) Survivor regions: 16->31(31)
[42.353s][info][gc,heap        ] GC(123) Old regions: 182->217
[42.353s][info][gc,heap        ] GC(123) Archive regions: 0->0
[42.353s][info][gc,heap        ] GC(123) Humongous regions: 54->54
[42.353s][info][gc,metaspace   ] GC(123) Metaspace: 65677K(66624K)->65677K(66624K) NonClass: 57270K(57792K)->57270K(57792K) Class: 8406K(8832K)->8406K(8832K)
[42.353s][info][gc             ] GC(123) Pause Young (Prepare Mixed) (G1 Evacuation Pause) 475M->297M(709M) 35.801ms
[42.353s][info][gc,cpu         ] GC(123) User=0.53s Sys=0.00s Real=0.03s
[42.480s][info][gc,start       ] GC(124) Pause Young (Mixed) (G1 Evacuation Pause)
[42.480s][info][gc,task        ] GC(124) Using 17 workers of 33 for evacuation
[42.518s][info][gc,phases      ] GC(124)   Pre Evacuate Collection Set: 0.2ms
[42.518s][info][gc,phases      ] GC(124)   Merge Heap Roots: 0.4ms
[42.518s][info][gc,phases      ] GC(124)   Evacuate Collection Set: 35.9ms
[42.518s][info][gc,phases      ] GC(124)   Post Evacuate Collection Set: 0.8ms
[42.518s][info][gc,phases      ] GC(124)   Other: 0.2ms
[42.518s][info][gc,heap        ] GC(124) Eden regions: 285->0(279)
[42.518s][info][gc,heap        ] GC(124) Survivor regions: 31->40(40)
[42.518s][info][gc,heap        ] GC(124) Old regions: 217->261
[42.518s][info][gc,heap        ] GC(124) Archive regions: 0->0
[42.518s][info][gc,heap        ] GC(124) Humongous regions: 69->69
[42.518s][info][gc,metaspace   ] GC(124) Metaspace: 65683K(66624K)->65683K(66624K) NonClass: 57276K(57792K)->57276K(57792K) Class: 8406K(8832K)->8406K(8832K)
[42.518s][info][gc             ] GC(124) Pause Young (Mixed) (G1 Evacuation Pause) 597M->364M(778M) 37.798ms
[42.518s][info][gc,cpu         ] GC(124) User=0.53s Sys=0.00s Real=0.04s
[42.543s][info][gc,start       ] GC(125) Pause Young (Concurrent Start) (G1 Humongous Allocation)
[42.543s][info][gc,task        ] GC(125) Using 18 workers of 33 for evacuation
[42.563s][info][gc,phases      ] GC(125)   Pre Evacuate Collection Set: 0.2ms
[42.563s][info][gc,phases      ] GC(125)   Merge Heap Roots: 0.2ms
[42.563s][info][gc,phases      ] GC(125)   Evacuate Collection Set: 18.5ms
[42.563s][info][gc,phases      ] GC(125)   Post Evacuate Collection Set: 0.4ms
[42.563s][info][gc,phases      ] GC(125)   Other: 0.1ms
[42.563s][info][gc,heap        ] GC(125) Eden regions: 52->0(276)
[42.563s][info][gc,heap        ] GC(125) Survivor regions: 40->10(40)
[42.563s][info][gc,heap        ] GC(125) Old regions: 261->305
[42.563s][info][gc,heap        ] GC(125) Archive regions: 0->0
[42.563s][info][gc,heap        ] GC(125) Humongous regions: 69->69
[42.563s][info][gc,metaspace   ] GC(125) Metaspace: 65683K(66624K)->65683K(66624K) NonClass: 57276K(57792K)->57276K(57792K) Class: 8406K(8832K)->8406K(8832K)
[42.563s][info][gc             ] GC(125) Pause Young (Concurrent Start) (G1 Humongous Allocation) 416M->378M(778M) 19.779ms
[42.563s][info][gc             ] GC(126) Concurrent Mark Cycle
[42.563s][info][gc,cpu         ] GC(125) User=0.28s Sys=0.00s Real=0.01s
[42.563s][info][gc,marking     ] GC(126) Concurrent Scan Root Regions
[42.570s][info][gc,marking     ] GC(126) Concurrent Scan Root Regions 7.258ms
[42.570s][info][gc,marking     ] GC(126) Concurrent Mark
[42.570s][info][gc,marking     ] GC(126) Concurrent Mark From Roots
[42.570s][info][gc,task        ] GC(126) Using 8 workers of 8 for marking
[42.618s][info][gc,marking     ] GC(126) Concurrent Mark From Roots 47.604ms
[42.618s][info][gc,marking     ] GC(126) Concurrent Preclean
[42.618s][info][gc,marking     ] GC(126) Concurrent Preclean 0.237ms
[42.618s][info][gc,start       ] GC(126) Pause Remark
[42.620s][info][gc             ] GC(126) Pause Remark 472M->421M(778M) 1.816ms
[42.620s][info][gc,cpu         ] GC(126) User=0.00s Sys=0.00s Real=0.00s
[42.620s][info][gc,marking     ] GC(126) Concurrent Mark 49.955ms
[42.620s][info][gc,marking     ] GC(126) Concurrent Rebuild Remembered Sets and Scrub Regions
[42.662s][info][gc,marking     ] GC(126) Concurrent Rebuild Remembered Sets and Scrub Regions 42.224ms
[42.663s][info][gc,start       ] GC(126) Pause Cleanup
[42.663s][info][gc             ] GC(126) Pause Cleanup 502M->502M(778M) 0.390ms
[42.663s][info][gc,cpu         ] GC(126) User=0.00s Sys=0.00s Real=0.00s
[42.663s][info][gc,marking     ] GC(126) Concurrent Clear Claimed Marks
[42.663s][info][gc,marking     ] GC(126) Concurrent Clear Claimed Marks 0.091ms
[42.663s][info][gc,marking     ] GC(126) Concurrent Cleanup for Next Mark
[42.664s][info][gc,marking     ] GC(126) Concurrent Cleanup for Next Mark 0.683ms
[42.664s][info][gc             ] GC(126) Concurrent Mark Cycle 101.111ms
[42.723s][info][gc,start       ] GC(127) Pause Young (Prepare Mixed) (G1 Evacuation Pause)
[42.723s][info][gc,task        ] GC(127) Using 18 workers of 33 for evacuation
[42.746s][info][gc,phases      ] GC(127)   Pre Evacuate Collection Set: 0.2ms
[42.746s][info][gc,phases      ] GC(127)   Merge Heap Roots: 0.7ms
[42.746s][info][gc,phases      ] GC(127)   Evacuate Collection Set: 21.3ms
[42.746s][info][gc,phases      ] GC(127)   Post Evacuate Collection Set: 0.5ms
[42.746s][info][gc,phases      ] GC(127)   Other: 0.1ms
[42.746s][info][gc,heap        ] GC(127) Eden regions: 276->0(291)
[42.746s][info][gc,heap        ] GC(127) Survivor regions: 10->36(36)
[42.746s][info][gc,heap        ] GC(127) Old regions: 293->293
[42.746s][info][gc,heap        ] GC(127) Archive regions: 0->0
[42.746s][info][gc,heap        ] GC(127) Humongous regions: 47->47
[42.746s][info][gc,metaspace   ] GC(127) Metaspace: 65683K(66624K)->65683K(66624K) NonClass: 57276K(57792K)->57276K(57792K) Class: 8406K(8832K)->8406K(8832K)
[42.746s][info][gc             ] GC(127) Pause Young (Prepare Mixed) (G1 Evacuation Pause) 620M->371M(778M) 23.045ms
[42.746s][info][gc,cpu         ] GC(127) User=0.31s Sys=0.00s Real=0.03s
[42.913s][info][gc,start       ] GC(128) Pause Young (Mixed) (G1 Evacuation Pause)
[42.913s][info][gc,task        ] GC(128) Using 18 workers of 33 for evacuation
[42.947s][info][gc,phases      ] GC(128)   Pre Evacuate Collection Set: 0.2ms
[42.947s][info][gc,phases      ] GC(128)   Merge Heap Roots: 0.5ms
[42.947s][info][gc,phases      ] GC(128)   Evacuate Collection Set: 32.7ms
[42.947s][info][gc,phases      ] GC(128)   Post Evacuate Collection Set: 0.4ms
[42.947s][info][gc,phases      ] GC(128)   Other: 0.2ms
[42.947s][info][gc,heap        ] GC(128) Eden regions: 291->0(287)
[42.947s][info][gc,heap        ] GC(128) Survivor regions: 36->27(41)
[42.947s][info][gc,heap        ] GC(128) Old regions: 293->304
[42.947s][info][gc,heap        ] GC(128) Archive regions: 0->0
[42.947s][info][gc,heap        ] GC(128) Humongous regions: 62->62
[42.947s][info][gc,metaspace   ] GC(128) Metaspace: 65683K(66624K)->65683K(66624K) NonClass: 57276K(57792K)->57276K(57792K) Class: 8406K(8832K)->8406K(8832K)
[42.947s][info][gc             ] GC(128) Pause Young (Mixed) (G1 Evacuation Pause) 677M->388M(778M) 34.301ms
[42.947s][info][gc,cpu         ] GC(128) User=0.56s Sys=0.00s Real=0.03s
[43.088s][info][gc,start       ] GC(129) Pause Young (Concurrent Start) (G1 Evacuation Pause)
[43.088s][info][gc,task        ] GC(129) Using 18 workers of 33 for evacuation
[43.114s][info][gc,phases      ] GC(129)   Pre Evacuate Collection Set: 0.3ms
[43.114s][info][gc,phases      ] GC(129)   Merge Heap Roots: 0.2ms
[43.114s][info][gc,phases      ] GC(129)   Evacuate Collection Set: 24.8ms
[43.114s][info][gc,phases      ] GC(129)   Post Evacuate Collection Set: 0.4ms
[43.115s][info][gc,phases      ] GC(129)   Other: 0.3ms
[43.115s][info][gc,heap        ] GC(129) Eden regions: 287->0(281)
[43.115s][info][gc,heap        ] GC(129) Survivor regions: 27->24(40)
[43.115s][info][gc,heap        ] GC(129) Old regions: 304->326
[43.115s][info][gc,heap        ] GC(129) Archive regions: 0->0
[43.115s][info][gc,heap        ] GC(129) Humongous regions: 62->62
[43.115s][info][gc,metaspace   ] GC(129) Metaspace: 65683K(66624K)->65683K(66624K) NonClass: 57276K(57792K)->57276K(57792K) Class: 8406K(8832K)->8406K(8832K)
[43.115s][info][gc             ] GC(129) Pause Young (Concurrent Start) (G1 Evacuation Pause) 675M->406M(778M) 26.415ms
[43.115s][info][gc             ] GC(130) Concurrent Mark Cycle
[43.115s][info][gc,cpu         ] GC(129) User=0.84s Sys=0.00s Real=0.04s
[43.115s][info][gc,marking     ] GC(130) Concurrent Scan Root Regions
[43.119s][info][gc,marking     ] GC(130) Concurrent Scan Root Regions 4.531ms
[43.119s][info][gc,marking     ] GC(130) Concurrent Mark
[43.119s][info][gc,marking     ] GC(130) Concurrent Mark From Roots
[43.119s][info][gc,task        ] GC(130) Using 8 workers of 8 for marking
[43.197s][info][gc,marking     ] GC(130) Concurrent Mark From Roots 77.706ms
[43.197s][info][gc,marking     ] GC(130) Concurrent Preclean
[43.197s][info][gc,marking     ] GC(130) Concurrent Preclean 0.159ms
[43.197s][info][gc,start       ] GC(130) Pause Remark
[43.200s][info][gc             ] GC(130) Pause Remark 537M->517M(872M) 3.102ms
[43.201s][info][gc,cpu         ] GC(130) User=0.00s Sys=0.00s Real=0.00s
[43.201s][info][gc,marking     ] GC(130) Concurrent Mark 81.364ms
[43.201s][info][gc,marking     ] GC(130) Concurrent Rebuild Remembered Sets and Scrub Regions
[43.257s][info][gc,marking     ] GC(130) Concurrent Rebuild Remembered Sets and Scrub Regions 56.608ms
[43.257s][info][gc,start       ] GC(130) Pause Cleanup
[43.258s][info][gc             ] GC(130) Pause Cleanup 589M->589M(872M) 0.402ms
[43.258s][info][gc,cpu         ] GC(130) User=0.00s Sys=0.00s Real=0.00s
[43.258s][info][gc,marking     ] GC(130) Concurrent Clear Claimed Marks
[43.258s][info][gc,marking     ] GC(130) Concurrent Clear Claimed Marks 0.140ms
[43.258s][info][gc,marking     ] GC(130) Concurrent Cleanup for Next Mark
[43.259s][info][gc,marking     ] GC(130) Concurrent Cleanup for Next Mark 0.760ms
[43.259s][info][gc             ] GC(130) Concurrent Mark Cycle 144.255ms
[43.874s][info][gc,start       ] GC(131) Pause Young (Prepare Mixed) (G1 Evacuation Pause)
[43.874s][info][gc,task        ] GC(131) Using 20 workers of 33 for evacuation
[43.906s][info][gc,phases      ] GC(131)   Pre Evacuate Collection Set: 0.2ms
[43.906s][info][gc,phases      ] GC(131)   Merge Heap Roots: 0.7ms
[43.906s][info][gc,phases      ] GC(131)   Evacuate Collection Set: 30.2ms
[43.906s][info][gc,phases      ] GC(131)   Post Evacuate Collection Set: 0.6ms
[43.906s][info][gc,phases      ] GC(131)   Other: 0.1ms
[43.906s][info][gc,heap        ] GC(131) Eden regions: 281->0(351)
[43.906s][info][gc,heap        ] GC(131) Survivor regions: 24->20(39)
[43.906s][info][gc,heap        ] GC(131) Old regions: 326->345
[43.906s][info][gc,heap        ] GC(131) Archive regions: 0->0
[43.906s][info][gc,heap        ] GC(131) Humongous regions: 67->62
[43.906s][info][gc,metaspace   ] GC(131) Metaspace: 65725K(66688K)->65725K(66688K) NonClass: 57318K(57856K)->57318K(57856K) Class: 8406K(8832K)->8406K(8832K)
[43.906s][info][gc             ] GC(131) Pause Young (Prepare Mixed) (G1 Evacuation Pause) 692M->421M(872M) 32.042ms
[43.906s][info][gc,cpu         ] GC(131) User=0.63s Sys=0.00s Real=0.03s
[44.363s][info][gc,start       ] GC(132) Pause Young (Mixed) (G1 Evacuation Pause)
[44.363s][info][gc,task        ] GC(132) Using 20 workers of 33 for evacuation
[44.416s][info][gc,phases      ] GC(132)   Pre Evacuate Collection Set: 0.2ms
[44.417s][info][gc,phases      ] GC(132)   Merge Heap Roots: 0.7ms
[44.417s][info][gc,phases      ] GC(132)   Evacuate Collection Set: 51.8ms
[44.417s][info][gc,phases      ] GC(132)   Post Evacuate Collection Set: 0.7ms
[44.417s][info][gc,phases      ] GC(132)   Other: 0.1ms
[44.417s][info][gc,heap        ] GC(132) Eden regions: 351->0(293)
[44.417s][info][gc,heap        ] GC(132) Survivor regions: 20->47(47)
[44.417s][info][gc,heap        ] GC(132) Old regions: 345->364
[44.417s][info][gc,heap        ] GC(132) Archive regions: 0->0
[44.417s][info][gc,heap        ] GC(132) Humongous regions: 115->110
[44.417s][info][gc,metaspace   ] GC(132) Metaspace: 65766K(66688K)->65766K(66688K) NonClass: 57359K(57856K)->57359K(57856K) Class: 8407K(8832K)->8407K(8832K)
[44.417s][info][gc             ] GC(132) Pause Young (Mixed) (G1 Evacuation Pause) 825M->516M(912M) 53.726ms
[44.417s][info][gc,cpu         ] GC(132) User=0.92s Sys=0.02s Real=0.05s
[44.474s][info][gc,start       ] GC(133) Pause Young (Concurrent Start) (G1 Humongous Allocation)
[44.475s][info][gc,task        ] GC(133) Using 21 workers of 33 for evacuation
[44.507s][info][gc,phases      ] GC(133)   Pre Evacuate Collection Set: 0.3ms
[44.507s][info][gc,phases      ] GC(133)   Merge Heap Roots: 0.4ms
[44.507s][info][gc,phases      ] GC(133)   Evacuate Collection Set: 30.6ms
[44.507s][info][gc,phases      ] GC(133)   Post Evacuate Collection Set: 0.7ms
[44.507s][info][gc,phases      ] GC(133)   Other: 0.1ms
[44.507s][info][gc,heap        ] GC(133) Eden regions: 92->0(314)
[44.507s][info][gc,heap        ] GC(133) Survivor regions: 47->7(43)
[44.507s][info][gc,heap        ] GC(133) Old regions: 364->416
[44.507s][info][gc,heap        ] GC(133) Archive regions: 0->0
[44.507s][info][gc,heap        ] GC(133) Humongous regions: 110->110
[44.507s][info][gc,metaspace   ] GC(133) Metaspace: 65796K(66752K)->65796K(66752K) NonClass: 57389K(57920K)->57389K(57920K) Class: 8407K(8832K)->8407K(8832K)
[44.507s][info][gc             ] GC(133) Pause Young (Concurrent Start) (G1 Humongous Allocation) 608M->527M(935M) 32.439ms
[44.507s][info][gc             ] GC(134) Concurrent Mark Cycle
[44.507s][info][gc,cpu         ] GC(133) User=0.66s Sys=0.00s Real=0.03s
[44.507s][info][gc,marking     ] GC(134) Concurrent Scan Root Regions
[44.511s][info][gc,marking     ] GC(134) Concurrent Scan Root Regions 3.789ms
[44.511s][info][gc,marking     ] GC(134) Concurrent Mark
[44.511s][info][gc,marking     ] GC(134) Concurrent Mark From Roots
[44.511s][info][gc,task        ] GC(134) Using 8 workers of 8 for marking
[44.542s][info][gc,marking     ] GC(134) Concurrent Mark From Roots 30.691ms
[44.542s][info][gc,marking     ] GC(134) Concurrent Preclean
[44.542s][info][gc,marking     ] GC(134) Concurrent Preclean 0.174ms
[44.542s][info][gc,start       ] GC(134) Pause Remark
[44.544s][info][gc             ] GC(134) Pause Remark 570M->290M(935M) 1.921ms
[44.544s][info][gc,cpu         ] GC(134) User=0.00s Sys=0.00s Real=0.00s
[44.544s][info][gc,marking     ] GC(134) Concurrent Mark 33.084ms
[44.544s][info][gc,marking     ] GC(134) Concurrent Rebuild Remembered Sets and Scrub Regions
[44.563s][info][gc,marking     ] GC(134) Concurrent Rebuild Remembered Sets and Scrub Regions 18.901ms
[44.563s][info][gc,start       ] GC(134) Pause Cleanup
[44.563s][info][gc             ] GC(134) Pause Cleanup 318M->318M(935M) 0.254ms
[44.563s][info][gc,cpu         ] GC(134) User=0.00s Sys=0.00s Real=0.00s
[44.563s][info][gc,marking     ] GC(134) Concurrent Clear Claimed Marks
[44.563s][info][gc,marking     ] GC(134) Concurrent Clear Claimed Marks 0.093ms
[44.563s][info][gc,marking     ] GC(134) Concurrent Cleanup for Next Mark
[44.564s][info][gc,marking     ] GC(134) Concurrent Cleanup for Next Mark 0.628ms
[44.564s][info][gc             ] GC(134) Concurrent Mark Cycle 57.203ms
[45.042s][info][gc,start       ] GC(135) Pause Young (Prepare Mixed) (G1 Evacuation Pause)
[45.043s][info][gc,task        ] GC(135) Using 22 workers of 33 for evacuation
[45.067s][info][gc,phases      ] GC(135)   Pre Evacuate Collection Set: 0.2ms
[45.067s][info][gc,phases      ] GC(135)   Merge Heap Roots: 0.4ms
[45.067s][info][gc,phases      ] GC(135)   Evacuate Collection Set: 23.1ms
[45.067s][info][gc,phases      ] GC(135)   Post Evacuate Collection Set: 0.6ms
[45.067s][info][gc,phases      ] GC(135)   Other: 0.2ms
[45.067s][info][gc,heap        ] GC(135) Eden regions: 314->0(502)
[45.067s][info][gc,heap        ] GC(135) Survivor regions: 7->34(41)
[45.067s][info][gc,heap        ] GC(135) Old regions: 236->236
[45.067s][info][gc,heap        ] GC(135) Archive regions: 0->0
[45.067s][info][gc,heap        ] GC(135) Humongous regions: 44->34
[45.067s][info][gc,metaspace   ] GC(135) Metaspace: 65830K(66752K)->65830K(66752K) NonClass: 57423K(57920K)->57423K(57920K) Class: 8407K(8832K)->8407K(8832K)
[45.067s][info][gc             ] GC(135) Pause Young (Prepare Mixed) (G1 Evacuation Pause) 595M->299M(935M) 24.753ms
[45.067s][info][gc,cpu         ] GC(135) User=0.69s Sys=0.00s Real=0.03s
[45.494s][info][gc,start       ] GC(136) Pause Young (Mixed) (G1 Evacuation Pause)
[45.494s][info][gc,task        ] GC(136) Using 22 workers of 33 for evacuation
[45.542s][info][gc,phases      ] GC(136)   Pre Evacuate Collection Set: 0.2ms
[45.542s][info][gc,phases      ] GC(136)   Merge Heap Roots: 0.3ms
[45.542s][info][gc,phases      ] GC(136)   Evacuate Collection Set: 46.8ms
[45.542s][info][gc,phases      ] GC(136)   Post Evacuate Collection Set: 0.6ms
[45.542s][info][gc,phases      ] GC(136)   Other: 0.2ms
[45.542s][info][gc,heap        ] GC(136) Eden regions: 502->0(415)
[45.542s][info][gc,heap        ] GC(136) Survivor regions: 34->67(67)
[45.542s][info][gc,heap        ] GC(136) Old regions: 236->260
[45.542s][info][gc,heap        ] GC(136) Archive regions: 0->0
[45.542s][info][gc,heap        ] GC(136) Humongous regions: 67->67
[45.542s][info][gc,metaspace   ] GC(136) Metaspace: 65835K(66752K)->65835K(66752K) NonClass: 57427K(57920K)->57427K(57920K) Class: 8407K(8832K)->8407K(8832K)
[45.542s][info][gc             ] GC(136) Pause Young (Mixed) (G1 Evacuation Pause) 834M->389M(937M) 48.238ms
[45.542s][info][gc,cpu         ] GC(136) User=0.69s Sys=0.00s Real=0.04s
[45.543s][info][gc,start       ] GC(137) Pause Young (Concurrent Start) (G1 Humongous Allocation)
[45.543s][info][gc,task        ] GC(137) Using 22 workers of 33 for evacuation
[45.566s][info][gc,phases      ] GC(137)   Pre Evacuate Collection Set: 0.2ms
[45.566s][info][gc,phases      ] GC(137)   Merge Heap Roots: 0.1ms
[45.566s][info][gc,phases      ] GC(137)   Evacuate Collection Set: 22.4ms
[45.566s][info][gc,phases      ] GC(137)   Post Evacuate Collection Set: 0.3ms
[45.566s][info][gc,phases      ] GC(137)   Other: 0.1ms
[45.566s][info][gc,heap        ] GC(137) Eden regions: 2->0(432)
[45.566s][info][gc,heap        ] GC(137) Survivor regions: 67->2(61)
[45.566s][info][gc,heap        ] GC(137) Old regions: 260->331
[45.566s][info][gc,heap        ] GC(137) Archive regions: 0->0
[45.566s][info][gc,heap        ] GC(137) Humongous regions: 67->67
[45.566s][info][gc,metaspace   ] GC(137) Metaspace: 65835K(66752K)->65835K(66752K) NonClass: 57427K(57920K)->57427K(57920K) Class: 8407K(8832K)->8407K(8832K)
[45.566s][info][gc             ] GC(137) Pause Young (Concurrent Start) (G1 Humongous Allocation) 391M->395M(937M) 23.409ms
[45.566s][info][gc             ] GC(138) Concurrent Mark Cycle
[45.566s][info][gc,cpu         ] GC(137) User=0.34s Sys=0.00s Real=0.01s
[45.566s][info][gc,marking     ] GC(138) Concurrent Scan Root Regions
[45.571s][info][gc,marking     ] GC(138) Concurrent Scan Root Regions 5.279ms
[45.571s][info][gc,marking     ] GC(138) Concurrent Mark
[45.571s][info][gc,marking     ] GC(138) Concurrent Mark From Roots
[45.571s][info][gc,task        ] GC(138) Using 8 workers of 8 for marking
[45.611s][info][gc,marking     ] GC(138) Concurrent Mark From Roots 39.610ms
[45.611s][info][gc,marking     ] GC(138) Concurrent Preclean
[45.611s][info][gc,marking     ] GC(138) Concurrent Preclean 0.172ms
[45.611s][info][gc,start       ] GC(138) Pause Remark
[45.613s][info][gc             ] GC(138) Pause Remark 457M->377M(937M) 1.869ms
[45.613s][info][gc,cpu         ] GC(138) User=0.00s Sys=0.00s Real=0.00s
[45.613s][info][gc,marking     ] GC(138) Concurrent Mark 41.968ms
[45.613s][info][gc,marking     ] GC(138) Concurrent Rebuild Remembered Sets and Scrub Regions
[45.642s][info][gc,marking     ] GC(138) Concurrent Rebuild Remembered Sets and Scrub Regions 28.551ms
[45.642s][info][gc,start       ] GC(138) Pause Cleanup
[45.643s][info][gc             ] GC(138) Pause Cleanup 413M->413M(937M) 0.344ms
[45.643s][info][gc,cpu         ] GC(138) User=0.00s Sys=0.00s Real=0.00s
[45.643s][info][gc,marking     ] GC(138) Concurrent Clear Claimed Marks
[45.643s][info][gc,marking     ] GC(138) Concurrent Clear Claimed Marks 0.090ms
[45.643s][info][gc,marking     ] GC(138) Concurrent Cleanup for Next Mark
[45.643s][info][gc,marking     ] GC(138) Concurrent Cleanup for Next Mark 0.612ms
[45.643s][info][gc             ] GC(138) Concurrent Mark Cycle 77.331ms
[45.886s][info][gc,start       ] GC(139) Pause Young (Prepare Mixed) (G1 Evacuation Pause)
[45.886s][info][gc,task        ] GC(139) Using 22 workers of 33 for evacuation
[45.923s][info][gc,phases      ] GC(139)   Pre Evacuate Collection Set: 0.2ms
[45.923s][info][gc,phases      ] GC(139)   Merge Heap Roots: 0.5ms
[45.923s][info][gc,phases      ] GC(139)   Evacuate Collection Set: 36.2ms
[45.923s][info][gc,phases      ] GC(139)   Post Evacuate Collection Set: 0.7ms
[45.923s][info][gc,phases      ] GC(139)   Other: 0.2ms
[45.923s][info][gc,heap        ] GC(139) Eden regions: 295->0(389)
[45.923s][info][gc,heap        ] GC(139) Survivor regions: 2->37(55)
[45.923s][info][gc,heap        ] GC(139) Old regions: 295->295
[45.923s][info][gc,heap        ] GC(139) Archive regions: 0->0
[45.923s][info][gc,heap        ] GC(139) Humongous regions: 345->154
[45.923s][info][gc,metaspace   ] GC(139) Metaspace: 65857K(66816K)->65857K(66816K) NonClass: 57450K(57984K)->57450K(57984K) Class: 8407K(8832K)->8407K(8832K)
[45.924s][info][gc             ] GC(139) Pause Young (Prepare Mixed) (G1 Evacuation Pause) 932M->481M(974M) 37.964ms
[45.924s][info][gc,cpu         ] GC(139) User=0.63s Sys=0.06s Real=0.03s
[46.122s][info][gc,start       ] GC(140) Pause Young (Mixed) (G1 Evacuation Pause)
[46.122s][info][gc,task        ] GC(140) Using 23 workers of 33 for evacuation
[46.153s][info][gc,phases      ] GC(140)   Pre Evacuate Collection Set: 0.2ms
[46.153s][info][gc,phases      ] GC(140)   Merge Heap Roots: 0.3ms
[46.153s][info][gc,phases      ] GC(140)   Evacuate Collection Set: 30.2ms
[46.153s][info][gc,phases      ] GC(140)   Post Evacuate Collection Set: 0.5ms
[46.153s][info][gc,phases      ] GC(140)   Other: 0.2ms
[46.153s][info][gc,heap        ] GC(140) Eden regions: 389->0(410)
[46.153s][info][gc,heap        ] GC(140) Survivor regions: 37->24(54)
[46.153s][info][gc,heap        ] GC(140) Old regions: 295->314
[46.153s][info][gc,heap        ] GC(140) Archive regions: 0->0
[46.153s][info][gc,heap        ] GC(140) Humongous regions: 163->123
[46.153s][info][gc,metaspace   ] GC(140) Metaspace: 65858K(66816K)->65858K(66816K) NonClass: 57451K(57984K)->57451K(57984K) Class: 8407K(8832K)->8407K(8832K)
[46.153s][info][gc             ] GC(140) Pause Young (Mixed) (G1 Evacuation Pause) 879M->455M(974M) 31.736ms
[46.153s][info][gc,cpu         ] GC(140) User=0.72s Sys=0.00s Real=0.02s
[46.158s][info][gc,start       ] GC(141) Pause Young (Concurrent Start) (G1 Humongous Allocation)
[46.158s][info][gc,task        ] GC(141) Using 23 workers of 33 for evacuation
[46.163s][info][gc,phases      ] GC(141)   Pre Evacuate Collection Set: 0.2ms
[46.163s][info][gc,phases      ] GC(141)   Merge Heap Roots: 0.1ms
[46.163s][info][gc,phases      ] GC(141)   Evacuate Collection Set: 4.8ms
[46.163s][info][gc,phases      ] GC(141)   Post Evacuate Collection Set: 0.3ms
[46.163s][info][gc,phases      ] GC(141)   Other: 0.1ms
[46.163s][info][gc,heap        ] GC(141) Eden regions: 9->0(431)
[46.163s][info][gc,heap        ] GC(141) Survivor regions: 24->23(55)
[46.163s][info][gc,heap        ] GC(141) Old regions: 314->314
[46.163s][info][gc,heap        ] GC(141) Archive regions: 0->0
[46.163s][info][gc,heap        ] GC(141) Humongous regions: 123->123
[46.163s][info][gc,metaspace   ] GC(141) Metaspace: 65858K(66816K)->65858K(66816K) NonClass: 57451K(57984K)->57451K(57984K) Class: 8407K(8832K)->8407K(8832K)
[46.163s][info][gc             ] GC(141) Pause Young (Concurrent Start) (G1 Humongous Allocation) 464M->454M(974M) 5.708ms
[46.163s][info][gc             ] GC(142) Concurrent Mark Cycle
[46.164s][info][gc,cpu         ] GC(141) User=0.36s Sys=0.00s Real=0.01s
[46.164s][info][gc,marking     ] GC(142) Concurrent Scan Root Regions
[46.165s][info][gc,marking     ] GC(142) Concurrent Scan Root Regions 1.363ms
[46.165s][info][gc,marking     ] GC(142) Concurrent Mark
[46.165s][info][gc,marking     ] GC(142) Concurrent Mark From Roots
[46.165s][info][gc,task        ] GC(142) Using 8 workers of 8 for marking
[46.205s][info][gc,marking     ] GC(142) Concurrent Mark From Roots 40.153ms
[46.205s][info][gc,marking     ] GC(142) Concurrent Preclean
[46.205s][info][gc,marking     ] GC(142) Concurrent Preclean 0.252ms
[46.206s][info][gc,start       ] GC(142) Pause Remark
[46.208s][info][gc             ] GC(142) Pause Remark 506M->321M(974M) 2.225ms
[46.208s][info][gc,cpu         ] GC(142) User=0.02s Sys=0.00s Real=0.01s
[46.208s][info][gc,marking     ] GC(142) Concurrent Mark 42.979ms
[46.208s][info][gc,marking     ] GC(142) Concurrent Rebuild Remembered Sets and Scrub Regions
[46.223s][info][gc,marking     ] GC(142) Concurrent Rebuild Remembered Sets and Scrub Regions 15.199ms
[46.223s][info][gc,start       ] GC(142) Pause Cleanup
[46.224s][info][gc             ] GC(142) Pause Cleanup 346M->346M(974M) 0.280ms
[46.224s][info][gc,cpu         ] GC(142) User=0.00s Sys=0.00s Real=0.00s
[46.224s][info][gc,marking     ] GC(142) Concurrent Clear Claimed Marks
[46.224s][info][gc,marking     ] GC(142) Concurrent Clear Claimed Marks 0.095ms
[46.224s][info][gc,marking     ] GC(142) Concurrent Cleanup for Next Mark
[46.225s][info][gc,marking     ] GC(142) Concurrent Cleanup for Next Mark 0.726ms
[46.225s][info][gc             ] GC(142) Concurrent Mark Cycle 61.066ms
[46.299s][info][gc,start       ] GC(143) Pause Full (System.gc())
[46.299s][info][gc,task        ] GC(143) Using 23 workers of 33 for full compaction
[46.300s][info][gc,phases,start] GC(143) Phase 1: Mark live objects
[46.335s][info][gc,phases      ] GC(143) Phase 1: Mark live objects 35.051ms
[46.335s][info][gc,phases,start] GC(143) Phase 2: Prepare compaction
[46.339s][info][gc,phases      ] GC(143) Phase 2: Prepare compaction 4.463ms
[46.339s][info][gc,phases,start] GC(143) Phase 3: Adjust pointers
[46.348s][info][gc,phases      ] GC(143) Phase 3: Adjust pointers 8.867ms
[46.348s][info][gc,phases,start] GC(143) Phase 4: Compact heap
[46.349s][info][gc,phases      ] GC(143) Phase 4: Compact heap 0.697ms
[46.361s][info][gc,heap        ] GC(143) Eden regions: 186->0(326)
[46.361s][info][gc,heap        ] GC(143) Survivor regions: 23->0(55)
[46.361s][info][gc,heap        ] GC(143) Old regions: 236->153
[46.361s][info][gc,heap        ] GC(143) Archive regions: 0->0
[46.361s][info][gc,heap        ] GC(143) Humongous regions: 19->10
[46.361s][info][gc,metaspace   ] GC(143) Metaspace: 65861K(66816K)->65861K(66816K) NonClass: 57453K(57984K)->57453K(57984K) Class: 8407K(8832K)->8407K(8832K)
[46.361s][info][gc             ] GC(143) Pause Full (System.gc()) 458M->147M(544M) 62.393ms
[46.361s][info][gc,cpu         ] GC(143) User=0.75s Sys=0.00s Real=0.06s
[46.398s][info][gc,start       ] GC(144) Pause Young (Concurrent Start) (G1 Humongous Allocation)
[46.398s][info][gc,task        ] GC(144) Using 18 workers of 33 for evacuation
[46.401s][info][gc,phases      ] GC(144)   Pre Evacuate Collection Set: 0.3ms
[46.401s][info][gc,phases      ] GC(144)   Merge Heap Roots: 0.1ms
[46.401s][info][gc,phases      ] GC(144)   Evacuate Collection Set: 0.8ms
[46.401s][info][gc,phases      ] GC(144)   Post Evacuate Collection Set: 1.1ms
[46.401s][info][gc,phases      ] GC(144)   Other: 0.2ms
[46.401s][info][gc,heap        ] GC(144) Eden regions: 18->0(384)
[46.401s][info][gc,heap        ] GC(144) Survivor regions: 0->4(41)
[46.401s][info][gc,heap        ] GC(144) Old regions: 153->153
[46.401s][info][gc,heap        ] GC(144) Archive regions: 0->0
[46.401s][info][gc,heap        ] GC(144) Humongous regions: 10->10
[46.401s][info][gc,metaspace   ] GC(144) Metaspace: 65902K(66944K)->65902K(66944K) NonClass: 57494K(58048K)->57494K(58048K) Class: 8408K(8896K)->8408K(8896K)
[46.401s][info][gc             ] GC(144) Pause Young (Concurrent Start) (G1 Humongous Allocation) 165M->151M(647M) 2.973ms
[46.401s][info][gc             ] GC(145) Concurrent Mark Cycle
[46.401s][info][gc,cpu         ] GC(144) User=0.00s Sys=0.00s Real=0.00s
[46.401s][info][gc,marking     ] GC(145) Concurrent Scan Root Regions
[46.402s][info][gc,marking     ] GC(145) Concurrent Scan Root Regions 0.829ms
[46.402s][info][gc,marking     ] GC(145) Concurrent Mark
[46.402s][info][gc,marking     ] GC(145) Concurrent Mark From Roots
[46.402s][info][gc,task        ] GC(145) Using 8 workers of 8 for marking
[46.448s][info][gc,marking     ] GC(145) Concurrent Mark From Roots 45.964ms
[46.448s][info][gc,marking     ] GC(145) Concurrent Preclean
[46.449s][info][gc,marking     ] GC(145) Concurrent Preclean 0.365ms
[46.449s][info][gc,start       ] GC(145) Pause Remark
[46.451s][info][gc             ] GC(145) Pause Remark 187M->187M(647M) 1.940ms
[46.451s][info][gc,cpu         ] GC(145) User=0.00s Sys=0.00s Real=0.00s
[46.451s][info][gc,marking     ] GC(145) Concurrent Mark 48.672ms
[46.451s][info][gc,marking     ] GC(145) Concurrent Rebuild Remembered Sets and Scrub Regions
[46.465s][info][gc,marking     ] GC(145) Concurrent Rebuild Remembered Sets and Scrub Regions 13.747ms
[46.475s][info][gc,start       ] GC(145) Pause Cleanup
[46.476s][info][gc             ] GC(145) Pause Cleanup 211M->211M(647M) 0.216ms
[46.476s][info][gc,cpu         ] GC(145) User=0.00s Sys=0.00s Real=0.00s
[46.476s][info][gc,marking     ] GC(145) Concurrent Clear Claimed Marks
[46.476s][info][gc,marking     ] GC(145) Concurrent Clear Claimed Marks 0.116ms
[46.476s][info][gc,marking     ] GC(145) Concurrent Cleanup for Next Mark
[46.476s][info][gc,marking     ] GC(145) Concurrent Cleanup for Next Mark 0.470ms
[46.476s][info][gc             ] GC(145) Concurrent Mark Cycle 75.106ms
[46.651s][info][gc,start       ] GC(146) Pause Young (Prepare Mixed) (G1 Evacuation Pause)
[46.651s][info][gc,task        ] GC(146) Using 16 workers of 33 for evacuation
[46.689s][info][gc,phases      ] GC(146)   Pre Evacuate Collection Set: 0.2ms
[46.689s][info][gc,phases      ] GC(146)   Merge Heap Roots: 0.3ms
[46.689s][info][gc,phases      ] GC(146)   Evacuate Collection Set: 36.6ms
[46.689s][info][gc,phases      ] GC(146)   Post Evacuate Collection Set: 0.5ms
[46.689s][info][gc,phases      ] GC(146)   Other: 0.2ms
[46.689s][info][gc,heap        ] GC(146) Eden regions: 384->0(294)
[46.689s][info][gc,heap        ] GC(146) Survivor regions: 4->49(49)
[46.689s][info][gc,heap        ] GC(146) Old regions: 153->195
[46.689s][info][gc,heap        ] GC(146) Archive regions: 0->0
[46.689s][info][gc,heap        ] GC(146) Humongous regions: 51->46
[46.689s][info][gc,metaspace   ] GC(146) Metaspace: 65907K(66944K)->65907K(66944K) NonClass: 57498K(58048K)->57498K(58048K) Class: 8409K(8896K)->8409K(8896K)
[46.689s][info][gc             ] GC(146) Pause Young (Prepare Mixed) (G1 Evacuation Pause) 576M->274M(683M) 38.190ms
[46.689s][info][gc,cpu         ] GC(146) User=0.48s Sys=0.02s Real=0.03s
[46.836s][info][gc,start       ] GC(147) Pause Young (Mixed) (G1 Evacuation Pause)
[46.836s][info][gc,task        ] GC(147) Using 16 workers of 33 for evacuation
[46.873s][info][gc,phases      ] GC(147)   Pre Evacuate Collection Set: 0.2ms
[46.873s][info][gc,phases      ] GC(147)   Merge Heap Roots: 0.3ms
[46.873s][info][gc,phases      ] GC(147)   Evacuate Collection Set: 36.0ms
[46.873s][info][gc,phases      ] GC(147)   Post Evacuate Collection Set: 0.5ms
[46.873s][info][gc,phases      ] GC(147)   Other: 0.2ms
[46.873s][info][gc,heap        ] GC(147) Eden regions: 294->0(267)
[46.873s][info][gc,heap        ] GC(147) Survivor regions: 49->33(43)
[46.873s][info][gc,heap        ] GC(147) Old regions: 195->245
[46.873s][info][gc,heap        ] GC(147) Archive regions: 0->0
[46.874s][info][gc,heap        ] GC(147) Humongous regions: 58->58
[46.874s][info][gc,metaspace   ] GC(147) Metaspace: 65908K(66944K)->65908K(66944K) NonClass: 57499K(58048K)->57499K(58048K) Class: 8409K(8896K)->8409K(8896K)
[46.874s][info][gc             ] GC(147) Pause Young (Mixed) (G1 Evacuation Pause) 580M->322M(683M) 37.496ms
[46.874s][info][gc,cpu         ] GC(147) User=0.75s Sys=0.00s Real=0.05s
[46.900s][info][gc,start       ] GC(148) Pause Young (Concurrent Start) (G1 Humongous Allocation)
[46.900s][info][gc,task        ] GC(148) Using 16 workers of 33 for evacuation
[46.915s][info][gc,phases      ] GC(148)   Pre Evacuate Collection Set: 0.3ms
[46.915s][info][gc,phases      ] GC(148)   Merge Heap Roots: 0.1ms
[46.915s][info][gc,phases      ] GC(148)   Evacuate Collection Set: 14.7ms
[46.915s][info][gc,phases      ] GC(148)   Post Evacuate Collection Set: 0.3ms
[46.915s][info][gc,phases      ] GC(148)   Other: 0.1ms
[46.915s][info][gc,heap        ] GC(148) Eden regions: 41->0(264)
[46.915s][info][gc,heap        ] GC(148) Survivor regions: 33->7(38)
[46.915s][info][gc,heap        ] GC(148) Old regions: 245->277
[46.915s][info][gc,heap        ] GC(148) Archive regions: 0->0
[46.915s][info][gc,heap        ] GC(148) Humongous regions: 58->58
[46.915s][info][gc,metaspace   ] GC(148) Metaspace: 65908K(66944K)->65908K(66944K) NonClass: 57499K(58048K)->57499K(58048K) Class: 8409K(8896K)->8409K(8896K)
[46.916s][info][gc             ] GC(148) Pause Young (Concurrent Start) (G1 Humongous Allocation) 363M->329M(683M) 15.764ms
[46.916s][info][gc             ] GC(149) Concurrent Mark Cycle
[46.916s][info][gc,cpu         ] GC(148) User=0.25s Sys=0.00s Real=0.02s
[46.916s][info][gc,marking     ] GC(149) Concurrent Scan Root Regions
[46.920s][info][gc,marking     ] GC(149) Concurrent Scan Root Regions 4.335ms
[46.920s][info][gc,marking     ] GC(149) Concurrent Mark
[46.920s][info][gc,marking     ] GC(149) Concurrent Mark From Roots
[46.920s][info][gc,task        ] GC(149) Using 8 workers of 8 for marking
[46.979s][info][gc,marking     ] GC(149) Concurrent Mark From Roots 59.414ms
[46.979s][info][gc,marking     ] GC(149) Concurrent Preclean
[46.980s][info][gc,marking     ] GC(149) Concurrent Preclean 0.195ms
[46.980s][info][gc,start       ] GC(149) Pause Remark
[46.982s][info][gc             ] GC(149) Pause Remark 401M->379M(683M) 1.827ms
[46.982s][info][gc,cpu         ] GC(149) User=0.00s Sys=0.00s Real=0.00s
[46.982s][info][gc,marking     ] GC(149) Concurrent Mark 61.746ms
[46.982s][info][gc,marking     ] GC(149) Concurrent Rebuild Remembered Sets and Scrub Regions
[47.026s][info][gc,marking     ] GC(149) Concurrent Rebuild Remembered Sets and Scrub Regions 44.684ms
[47.027s][info][gc,start       ] GC(149) Pause Cleanup
[47.027s][info][gc             ] GC(149) Pause Cleanup 450M->450M(683M) 0.244ms
[47.027s][info][gc,cpu         ] GC(149) User=0.00s Sys=0.00s Real=0.00s
[47.027s][info][gc,marking     ] GC(149) Concurrent Clear Claimed Marks
[47.027s][info][gc,marking     ] GC(149) Concurrent Clear Claimed Marks 0.110ms
[47.027s][info][gc,marking     ] GC(149) Concurrent Cleanup for Next Mark
[47.028s][info][gc,marking     ] GC(149) Concurrent Cleanup for Next Mark 0.468ms
[47.028s][info][gc             ] GC(149) Concurrent Mark Cycle 112.095ms
[47.107s][info][gc,start       ] GC(150) Pause Young (Prepare Mixed) (G1 Evacuation Pause)
[47.107s][info][gc,task        ] GC(150) Using 16 workers of 33 for evacuation
[47.126s][info][gc,phases      ] GC(150)   Pre Evacuate Collection Set: 0.2ms
[47.126s][info][gc,phases      ] GC(150)   Merge Heap Roots: 0.6ms
[47.126s][info][gc,phases      ] GC(150)   Evacuate Collection Set: 17.7ms
[47.126s][info][gc,phases      ] GC(150)   Post Evacuate Collection Set: 0.5ms
[47.126s][info][gc,phases      ] GC(150)   Other: 0.2ms
[47.126s][info][gc,heap        ] GC(150) Eden regions: 264->0(261)
[47.126s][info][gc,heap        ] GC(150) Survivor regions: 7->25(34)
[47.126s][info][gc,heap        ] GC(150) Old regions: 277->277
[47.126s][info][gc,heap        ] GC(150) Archive regions: 0->0
[47.126s][info][gc,heap        ] GC(150) Humongous regions: 51->51
[47.127s][info][gc,metaspace   ] GC(150) Metaspace: 65916K(66944K)->65916K(66944K) NonClass: 57507K(58048K)->57507K(58048K) Class: 8409K(8896K)->8409K(8896K)
[47.127s][info][gc             ] GC(150) Pause Young (Prepare Mixed) (G1 Evacuation Pause) 586M->340M(683M) 19.683ms
[47.127s][info][gc,cpu         ] GC(150) User=0.25s Sys=0.00s Real=0.02s
[47.282s][info][gc,start       ] GC(151) Pause Young (Mixed) (G1 Evacuation Pause)
[47.282s][info][gc,task        ] GC(151) Using 16 workers of 33 for evacuation
[47.307s][info][gc,phases      ] GC(151)   Pre Evacuate Collection Set: 0.2ms
[47.307s][info][gc,phases      ] GC(151)   Merge Heap Roots: 0.3ms
[47.307s][info][gc,phases      ] GC(151)   Evacuate Collection Set: 23.2ms
[47.307s][info][gc,phases      ] GC(151)   Post Evacuate Collection Set: 0.5ms
[47.307s][info][gc,phases      ] GC(151)   Other: 0.2ms
[47.307s][info][gc,heap        ] GC(151) Eden regions: 261->0(258)
[47.307s][info][gc,heap        ] GC(151) Survivor regions: 25->19(36)
[47.307s][info][gc,heap        ] GC(151) Old regions: 277->293
[47.307s][info][gc,heap        ] GC(151) Archive regions: 0->0
[47.307s][info][gc,heap        ] GC(151) Humongous regions: 51->51
[47.307s][info][gc,metaspace   ] GC(151) Metaspace: 65916K(66944K)->65916K(66944K) NonClass: 57507K(58048K)->57507K(58048K) Class: 8409K(8896K)->8409K(8896K)
[47.307s][info][gc             ] GC(151) Pause Young (Mixed) (G1 Evacuation Pause) 601M->355M(683M) 24.560ms
[47.307s][info][gc,cpu         ] GC(151) User=0.25s Sys=0.00s Real=0.02s
[47.400s][info][gc,start       ] GC(152) Pause Young (Concurrent Start) (G1 Humongous Allocation)
[47.400s][info][gc,task        ] GC(152) Using 16 workers of 33 for evacuation
[47.418s][info][gc,phases      ] GC(152)   Pre Evacuate Collection Set: 0.2ms
[47.418s][info][gc,phases      ] GC(152)   Merge Heap Roots: 0.2ms
[47.418s][info][gc,phases      ] GC(152)   Evacuate Collection Set: 16.4ms
[47.418s][info][gc,phases      ] GC(152)   Post Evacuate Collection Set: 0.8ms
[47.418s][info][gc,phases      ] GC(152)   Other: 0.1ms
[47.418s][info][gc,heap        ] GC(152) Eden regions: 176->0(305)
[47.418s][info][gc,heap        ] GC(152) Survivor regions: 19->29(35)
[47.418s][info][gc,heap        ] GC(152) Old regions: 293->293
[47.418s][info][gc,heap        ] GC(152) Archive regions: 0->0
[47.418s][info][gc,heap        ] GC(152) Humongous regions: 51->51
[47.418s][info][gc,metaspace   ] GC(152) Metaspace: 65916K(66944K)->65916K(66944K) NonClass: 57507K(58048K)->57507K(58048K) Class: 8409K(8896K)->8409K(8896K)
[47.418s][info][gc             ] GC(152) Pause Young (Concurrent Start) (G1 Humongous Allocation) 531M->364M(752M) 17.983ms
[47.418s][info][gc             ] GC(153) Concurrent Mark Cycle
[47.418s][info][gc,cpu         ] GC(152) User=0.25s Sys=0.00s Real=0.02s
[47.418s][info][gc,marking     ] GC(153) Concurrent Scan Root Regions
[47.422s][info][gc,marking     ] GC(153) Concurrent Scan Root Regions 4.448ms
[47.422s][info][gc,marking     ] GC(153) Concurrent Mark
[47.422s][info][gc,marking     ] GC(153) Concurrent Mark From Roots
[47.422s][info][gc,task        ] GC(153) Using 8 workers of 8 for marking
[47.493s][info][gc,marking     ] GC(153) Concurrent Mark From Roots 70.488ms
[47.493s][info][gc,marking     ] GC(153) Concurrent Preclean
[47.493s][info][gc,marking     ] GC(153) Concurrent Preclean 0.183ms
[47.493s][info][gc,start       ] GC(153) Pause Remark
[47.495s][info][gc             ] GC(153) Pause Remark 450M->430M(752M) 1.858ms
[47.495s][info][gc,cpu         ] GC(153) User=0.00s Sys=0.00s Real=0.00s
[47.495s][info][gc,marking     ] GC(153) Concurrent Mark 72.838ms
[47.495s][info][gc,marking     ] GC(153) Concurrent Rebuild Remembered Sets and Scrub Regions
[47.539s][info][gc,marking     ] GC(153) Concurrent Rebuild Remembered Sets and Scrub Regions 43.654ms
[47.539s][info][gc,start       ] GC(153) Pause Cleanup
[47.539s][info][gc             ] GC(153) Pause Cleanup 451M->451M(752M) 0.366ms
[47.539s][info][gc,cpu         ] GC(153) User=0.00s Sys=0.00s Real=0.00s
[47.540s][info][gc,marking     ] GC(153) Concurrent Clear Claimed Marks
[47.540s][info][gc,marking     ] GC(153) Concurrent Clear Claimed Marks 0.103ms
[47.540s][info][gc,marking     ] GC(153) Concurrent Cleanup for Next Mark
[47.540s][info][gc,marking     ] GC(153) Concurrent Cleanup for Next Mark 0.587ms
[47.540s][info][gc             ] GC(153) Concurrent Mark Cycle 122.507ms
[47.937s][info][gc,start       ] GC(154) Pause Young (Prepare Mixed) (G1 Evacuation Pause)
[47.937s][info][gc,task        ] GC(154) Using 18 workers of 33 for evacuation
[47.968s][info][gc,phases      ] GC(154)   Pre Evacuate Collection Set: 0.2ms
[47.968s][info][gc,phases      ] GC(154)   Merge Heap Roots: 0.6ms
[47.968s][info][gc,phases      ] GC(154)   Evacuate Collection Set: 29.2ms
[47.968s][info][gc,phases      ] GC(154)   Post Evacuate Collection Set: 0.6ms
[47.968s][info][gc,phases      ] GC(154)   Other: 0.1ms
[47.968s][info][gc,heap        ] GC(154) Eden regions: 305->0(301)
[47.968s][info][gc,heap        ] GC(154) Survivor regions: 29->27(42)
[47.968s][info][gc,heap        ] GC(154) Old regions: 287->301
[47.968s][info][gc,heap        ] GC(154) Archive regions: 0->0
[47.968s][info][gc,heap        ] GC(154) Humongous regions: 57->57
[47.968s][info][gc,metaspace   ] GC(154) Metaspace: 65917K(66944K)->65917K(66944K) NonClass: 57508K(58048K)->57508K(58048K) Class: 8409K(8896K)->8409K(8896K)
[47.968s][info][gc             ] GC(154) Pause Young (Prepare Mixed) (G1 Evacuation Pause) 669M->377M(752M) 30.918ms
[47.968s][info][gc,cpu         ] GC(154) User=0.56s Sys=0.00s Real=0.03s
[48.971s][info][gc,start       ] GC(155) Pause Young (Mixed) (G1 Evacuation Pause)
[48.971s][info][gc,task        ] GC(155) Using 18 workers of 33 for evacuation
[49.013s][info][gc,phases      ] GC(155)   Pre Evacuate Collection Set: 0.2ms
[49.013s][info][gc,phases      ] GC(155)   Merge Heap Roots: 0.5ms
[49.013s][info][gc,phases      ] GC(155)   Evacuate Collection Set: 40.3ms
[49.013s][info][gc,phases      ] GC(155)   Post Evacuate Collection Set: 0.6ms
[49.013s][info][gc,phases      ] GC(155)   Other: 0.2ms
[49.013s][info][gc,heap        ] GC(155) Eden regions: 301->0(265)
[49.013s][info][gc,heap        ] GC(155) Survivor regions: 27->41(41)
[49.013s][info][gc,heap        ] GC(155) Old regions: 301->305
[49.013s][info][gc,heap        ] GC(155) Archive regions: 0->0
[49.013s][info][gc,heap        ] GC(155) Humongous regions: 91->86
[49.013s][info][gc,metaspace   ] GC(155) Metaspace: 66008K(67008K)->66008K(67008K) NonClass: 57596K(58112K)->57596K(58112K) Class: 8411K(8896K)->8411K(8896K)
[49.013s][info][gc             ] GC(155) Pause Young (Mixed) (G1 Evacuation Pause) 712M->426M(778M) 42.120ms
[49.013s][info][gc,cpu         ] GC(155) User=0.83s Sys=0.02s Real=0.05s
[49.119s][info][gc,start       ] GC(156) Pause Young (Concurrent Start) (G1 Humongous Allocation)
[49.119s][info][gc,task        ] GC(156) Using 18 workers of 33 for evacuation
[49.151s][info][gc,phases      ] GC(156)   Pre Evacuate Collection Set: 0.3ms
[49.151s][info][gc,phases      ] GC(156)   Merge Heap Roots: 0.3ms
[49.151s][info][gc,phases      ] GC(156)   Evacuate Collection Set: 30.5ms
[49.151s][info][gc,phases      ] GC(156)   Post Evacuate Collection Set: 0.4ms
[49.151s][info][gc,phases      ] GC(156)   Other: 0.2ms
[49.151s][info][gc,heap        ] GC(156) Eden regions: 85->0(244)
[49.151s][info][gc,heap        ] GC(156) Survivor regions: 41->21(39)
[49.151s][info][gc,heap        ] GC(156) Old regions: 305->344
[49.151s][info][gc,heap        ] GC(156) Archive regions: 0->0
[49.151s][info][gc,heap        ] GC(156) Humongous regions: 86->86
[49.151s][info][gc,metaspace   ] GC(156) Metaspace: 66008K(67008K)->66008K(67008K) NonClass: 57596K(58112K)->57596K(58112K) Class: 8411K(8896K)->8411K(8896K)
[49.151s][info][gc             ] GC(156) Pause Young (Concurrent Start) (G1 Humongous Allocation) 511M->446M(778M) 31.892ms
[49.151s][info][gc             ] GC(157) Concurrent Mark Cycle
[49.151s][info][gc,cpu         ] GC(156) User=0.56s Sys=0.00s Real=0.03s
[49.151s][info][gc,marking     ] GC(157) Concurrent Scan Root Regions
[49.159s][info][gc,marking     ] GC(157) Concurrent Scan Root Regions 7.355ms
[49.159s][info][gc,marking     ] GC(157) Concurrent Mark
[49.159s][info][gc,marking     ] GC(157) Concurrent Mark From Roots
[49.159s][info][gc,task        ] GC(157) Using 8 workers of 8 for marking
[49.191s][info][gc,marking     ] GC(157) Concurrent Mark From Roots 32.133ms
[49.191s][info][gc,marking     ] GC(157) Concurrent Preclean
[49.191s][info][gc,marking     ] GC(157) Concurrent Preclean 0.188ms
[49.191s][info][gc,start       ] GC(157) Pause Remark
[49.193s][info][gc             ] GC(157) Pause Remark 513M->323M(778M) 1.950ms
[49.193s][info][gc,cpu         ] GC(157) User=0.00s Sys=0.00s Real=0.00s
[49.193s][info][gc,marking     ] GC(157) Concurrent Mark 34.595ms
[49.193s][info][gc,marking     ] GC(157) Concurrent Rebuild Remembered Sets and Scrub Regions
[49.215s][info][gc,marking     ] GC(157) Concurrent Rebuild Remembered Sets and Scrub Regions 21.394ms
[49.215s][info][gc,start       ] GC(157) Pause Cleanup
[49.215s][info][gc             ] GC(157) Pause Cleanup 363M->363M(778M) 0.241ms
[49.215s][info][gc,cpu         ] GC(157) User=0.00s Sys=0.00s Real=0.00s
[49.215s][info][gc,marking     ] GC(157) Concurrent Clear Claimed Marks
[49.215s][info][gc,marking     ] GC(157) Concurrent Clear Claimed Marks 0.076ms
[49.215s][info][gc,marking     ] GC(157) Concurrent Cleanup for Next Mark
[49.216s][info][gc,marking     ] GC(157) Concurrent Cleanup for Next Mark 0.540ms
[49.216s][info][gc             ] GC(157) Concurrent Mark Cycle 64.607ms
[49.285s][info][gc,start       ] GC(158) Pause Young (Prepare Mixed) (G1 Evacuation Pause)
[49.285s][info][gc,task        ] GC(158) Using 18 workers of 33 for evacuation
[49.317s][info][gc,phases      ] GC(158)   Pre Evacuate Collection Set: 0.2ms
[49.317s][info][gc,phases      ] GC(158)   Merge Heap Roots: 0.3ms
[49.317s][info][gc,phases      ] GC(158)   Evacuate Collection Set: 30.7ms
[49.317s][info][gc,phases      ] GC(158)   Post Evacuate Collection Set: 0.4ms
[49.317s][info][gc,phases      ] GC(158)   Other: 0.1ms
[49.317s][info][gc,heap        ] GC(158) Eden regions: 244->0(289)
[49.317s][info][gc,heap        ] GC(158) Survivor regions: 21->34(34)
[49.317s][info][gc,heap        ] GC(158) Old regions: 218->273
[49.317s][info][gc,heap        ] GC(158) Archive regions: 0->0
[49.317s][info][gc,heap        ] GC(158) Humongous regions: 46->46
[49.317s][info][gc,metaspace   ] GC(158) Metaspace: 66008K(67008K)->66008K(67008K) NonClass: 57596K(58112K)->57596K(58112K) Class: 8411K(8896K)->8411K(8896K)
[49.317s][info][gc             ] GC(158) Pause Young (Prepare Mixed) (G1 Evacuation Pause) 524M->348M(778M) 31.884ms
[49.317s][info][gc,cpu         ] GC(158) User=0.56s Sys=0.00s Real=0.03s
[49.460s][info][gc,start       ] GC(159) Pause Young (Mixed) (G1 Evacuation Pause)
[49.460s][info][gc,task        ] GC(159) Using 18 workers of 33 for evacuation
[49.496s][info][gc,phases      ] GC(159)   Pre Evacuate Collection Set: 0.2ms
[49.496s][info][gc,phases      ] GC(159)   Merge Heap Roots: 0.5ms
[49.496s][info][gc,phases      ] GC(159)   Evacuate Collection Set: 34.8ms
[49.496s][info][gc,phases      ] GC(159)   Post Evacuate Collection Set: 0.5ms
[49.497s][info][gc,phases      ] GC(159)   Other: 0.2ms
[49.497s][info][gc,heap        ] GC(159) Eden regions: 289->0(251)
[49.497s][info][gc,heap        ] GC(159) Survivor regions: 34->37(41)
[49.497s][info][gc,heap        ] GC(159) Old regions: 273->307
[49.497s][info][gc,heap        ] GC(159) Archive regions: 0->0
[49.497s][info][gc,heap        ] GC(159) Humongous regions: 70->70
[49.497s][info][gc,metaspace   ] GC(159) Metaspace: 66008K(67008K)->66008K(67008K) NonClass: 57596K(58112K)->57596K(58112K) Class: 8411K(8896K)->8411K(8896K)
[49.497s][info][gc             ] GC(159) Pause Young (Mixed) (G1 Evacuation Pause) 661M->409M(778M) 36.650ms
[49.497s][info][gc,cpu         ] GC(159) User=0.56s Sys=0.00s Real=0.03s
[49.570s][info][gc,start       ] GC(160) Pause Young (Concurrent Start) (G1 Humongous Allocation)
[49.570s][info][gc,task        ] GC(160) Using 18 workers of 33 for evacuation
[49.597s][info][gc,phases      ] GC(160)   Pre Evacuate Collection Set: 0.3ms
[49.597s][info][gc,phases      ] GC(160)   Merge Heap Roots: 0.2ms
[49.597s][info][gc,phases      ] GC(160)   Evacuate Collection Set: 25.7ms
[49.597s][info][gc,phases      ] GC(160)   Post Evacuate Collection Set: 0.5ms
[49.597s][info][gc,phases      ] GC(160)   Other: 0.2ms
[49.597s][info][gc,heap        ] GC(160) Eden regions: 153->0(248)
[49.597s][info][gc,heap        ] GC(160) Survivor regions: 37->19(36)
[49.598s][info][gc,heap        ] GC(160) Old regions: 307->342
[49.598s][info][gc,heap        ] GC(160) Archive regions: 0->0
[49.598s][info][gc,heap        ] GC(160) Humongous regions: 70->70
[49.598s][info][gc,metaspace   ] GC(160) Metaspace: 66008K(67008K)->66008K(67008K) NonClass: 57596K(58112K)->57596K(58112K) Class: 8411K(8896K)->8411K(8896K)
[49.598s][info][gc             ] GC(160) Pause Young (Concurrent Start) (G1 Humongous Allocation) 562M->425M(778M) 27.289ms
[49.598s][info][gc             ] GC(161) Concurrent Mark Cycle
[49.598s][info][gc,cpu         ] GC(160) User=0.56s Sys=0.00s Real=0.03s
[49.598s][info][gc,marking     ] GC(161) Concurrent Scan Root Regions
[49.603s][info][gc,marking     ] GC(161) Concurrent Scan Root Regions 5.321ms
[49.603s][info][gc,marking     ] GC(161) Concurrent Mark
[49.603s][info][gc,marking     ] GC(161) Concurrent Mark From Roots
[49.603s][info][gc,task        ] GC(161) Using 8 workers of 8 for marking
[49.657s][info][gc,marking     ] GC(161) Concurrent Mark From Roots 53.999ms
[49.657s][info][gc,marking     ] GC(161) Concurrent Preclean
[49.657s][info][gc,marking     ] GC(161) Concurrent Preclean 0.197ms
[49.658s][info][gc,start       ] GC(161) Pause Remark
[49.660s][info][gc             ] GC(161) Pause Remark 525M->489M(825M) 2.201ms
[49.660s][info][gc,cpu         ] GC(161) User=0.28s Sys=0.00s Real=0.02s
[49.660s][info][gc,marking     ] GC(161) Concurrent Mark 56.719ms
[49.660s][info][gc,marking     ] GC(161) Concurrent Rebuild Remembered Sets and Scrub Regions
[49.707s][info][gc,marking     ] GC(161) Concurrent Rebuild Remembered Sets and Scrub Regions 46.648ms
[49.707s][info][gc,start       ] GC(161) Pause Cleanup
[49.707s][info][gc             ] GC(161) Pause Cleanup 569M->569M(825M) 0.363ms
[49.707s][info][gc,cpu         ] GC(161) User=0.00s Sys=0.00s Real=0.00s
[49.707s][info][gc,marking     ] GC(161) Concurrent Clear Claimed Marks
[49.707s][info][gc,marking     ] GC(161) Concurrent Clear Claimed Marks 0.112ms
[49.707s][info][gc,marking     ] GC(161) Concurrent Cleanup for Next Mark
[49.708s][info][gc,marking     ] GC(161) Concurrent Cleanup for Next Mark 0.727ms
[49.708s][info][gc             ] GC(161) Concurrent Mark Cycle 110.407ms
[49.750s][info][gc,start       ] GC(162) Pause Young (Prepare Mixed) (G1 Evacuation Pause)
[49.750s][info][gc,task        ] GC(162) Using 19 workers of 33 for evacuation
[49.776s][info][gc,phases      ] GC(162)   Pre Evacuate Collection Set: 0.2ms
[49.776s][info][gc,phases      ] GC(162)   Merge Heap Roots: 0.8ms
[49.776s][info][gc,phases      ] GC(162)   Evacuate Collection Set: 24.2ms
[49.776s][info][gc,phases      ] GC(162)   Post Evacuate Collection Set: 0.6ms
[49.776s][info][gc,phases      ] GC(162)   Other: 0.2ms
[49.776s][info][gc,heap        ] GC(162) Eden regions: 248->0(290)
[49.776s][info][gc,heap        ] GC(162) Survivor regions: 19->34(34)
[49.776s][info][gc,heap        ] GC(162) Old regions: 342->348
[49.776s][info][gc,heap        ] GC(162) Archive regions: 0->0
[49.776s][info][gc,heap        ] GC(162) Humongous regions: 54->54
[49.776s][info][gc,metaspace   ] GC(162) Metaspace: 66008K(67008K)->66008K(67008K) NonClass: 57596K(58112K)->57596K(58112K) Class: 8411K(8896K)->8411K(8896K)
[49.776s][info][gc             ] GC(162) Pause Young (Prepare Mixed) (G1 Evacuation Pause) 657M->431M(825M) 26.404ms
[49.776s][info][gc,cpu         ] GC(162) User=0.59s Sys=0.00s Real=0.03s
[49.926s][info][gc,start       ] GC(163) Pause Young (Mixed) (G1 Evacuation Pause)
[49.926s][info][gc,task        ] GC(163) Using 19 workers of 33 for evacuation
[49.955s][info][gc,phases      ] GC(163)   Pre Evacuate Collection Set: 0.2ms
[49.955s][info][gc,phases      ] GC(163)   Merge Heap Roots: 0.2ms
[49.955s][info][gc,phases      ] GC(163)   Evacuate Collection Set: 27.6ms
[49.955s][info][gc,phases      ] GC(163)   Post Evacuate Collection Set: 0.5ms
[49.955s][info][gc,phases      ] GC(163)   Other: 0.2ms
[49.955s][info][gc,heap        ] GC(163) Eden regions: 290->0(325)
[49.955s][info][gc,heap        ] GC(163) Survivor regions: 34->41(41)
[49.955s][info][gc,heap        ] GC(163) Old regions: 348->308
[49.955s][info][gc,heap        ] GC(163) Archive regions: 0->0
[49.955s][info][gc,heap        ] GC(163) Humongous regions: 54->54
[49.955s][info][gc,metaspace   ] GC(163) Metaspace: 66008K(67008K)->66008K(67008K) NonClass: 57596K(58112K)->57596K(58112K) Class: 8411K(8896K)->8411K(8896K)
[49.956s][info][gc             ] GC(163) Pause Young (Mixed) (G1 Evacuation Pause) 721M->398M(825M) 29.301ms
[49.956s][info][gc,cpu         ] GC(163) User=0.59s Sys=0.00s Real=0.03s
[50.132s][info][gc,start       ] GC(164) Pause Young (Concurrent Start) (G1 Humongous Allocation)
[50.132s][info][gc,task        ] GC(164) Using 19 workers of 33 for evacuation
[50.162s][info][gc,phases      ] GC(164)   Pre Evacuate Collection Set: 0.3ms
[50.162s][info][gc,phases      ] GC(164)   Merge Heap Roots: 0.2ms
[50.162s][info][gc,phases      ] GC(164)   Evacuate Collection Set: 29.0ms
[50.163s][info][gc,phases      ] GC(164)   Post Evacuate Collection Set: 1.0ms
[50.163s][info][gc,phases      ] GC(164)   Other: 0.2ms
[50.163s][info][gc,heap        ] GC(164) Eden regions: 264->0(367)
[50.163s][info][gc,heap        ] GC(164) Survivor regions: 41->40(46)
[50.163s][info][gc,heap        ] GC(164) Old regions: 308->325
[50.163s][info][gc,heap        ] GC(164) Archive regions: 0->0
[50.163s][info][gc,heap        ] GC(164) Humongous regions: 54->54
[50.163s][info][gc,metaspace   ] GC(164) Metaspace: 66008K(67008K)->66008K(67008K) NonClass: 57596K(58112K)->57596K(58112K) Class: 8411K(8896K)->8411K(8896K)
[50.163s][info][gc             ] GC(164) Pause Young (Concurrent Start) (G1 Humongous Allocation) 661M->413M(883M) 31.106ms
[50.163s][info][gc             ] GC(165) Concurrent Mark Cycle
[50.163s][info][gc,cpu         ] GC(164) User=0.59s Sys=0.00s Real=0.03s
[50.163s][info][gc,marking     ] GC(165) Concurrent Scan Root Regions
[50.170s][info][gc,marking     ] GC(165) Concurrent Scan Root Regions 7.215ms
[50.170s][info][gc,marking     ] GC(165) Concurrent Mark
[50.170s][info][gc,marking     ] GC(165) Concurrent Mark From Roots
[50.170s][info][gc,task        ] GC(165) Using 8 workers of 8 for marking
[50.222s][info][gc,marking     ] GC(165) Concurrent Mark From Roots 51.757ms
[50.222s][info][gc,marking     ] GC(165) Concurrent Preclean
[50.222s][info][gc,marking     ] GC(165) Concurrent Preclean 0.213ms
[50.222s][info][gc,start       ] GC(165) Pause Remark
[50.224s][info][gc             ] GC(165) Pause Remark 416M->325M(883M) 1.778ms
[50.224s][info][gc,cpu         ] GC(165) User=0.00s Sys=0.00s Real=0.00s
[50.224s][info][gc,marking     ] GC(165) Concurrent Mark 54.061ms
[50.224s][info][gc,marking     ] GC(165) Concurrent Rebuild Remembered Sets and Scrub Regions
[50.260s][info][gc,marking     ] GC(165) Concurrent Rebuild Remembered Sets and Scrub Regions 35.476ms
[50.260s][info][gc,start       ] GC(165) Pause Cleanup
[50.260s][info][gc             ] GC(165) Pause Cleanup 327M->327M(883M) 0.369ms
[50.260s][info][gc,cpu         ] GC(165) User=0.00s Sys=0.00s Real=0.00s
[50.260s][info][gc,marking     ] GC(165) Concurrent Clear Claimed Marks
[50.260s][info][gc,marking     ] GC(165) Concurrent Clear Claimed Marks 0.111ms
[50.260s][info][gc,marking     ] GC(165) Concurrent Cleanup for Next Mark
[50.261s][info][gc,marking     ] GC(165) Concurrent Cleanup for Next Mark 0.616ms
[50.261s][info][gc             ] GC(165) Concurrent Mark Cycle 98.358ms
[51.121s][info][gc,start       ] GC(166) Pause Young (Prepare Mixed) (G1 Evacuation Pause)
[51.121s][info][gc,task        ] GC(166) Using 21 workers of 33 for evacuation
[51.182s][info][gc,phases      ] GC(166)   Pre Evacuate Collection Set: 0.2ms
[51.182s][info][gc,phases      ] GC(166)   Merge Heap Roots: 0.7ms
[51.182s][info][gc,phases      ] GC(166)   Evacuate Collection Set: 59.0ms
[51.182s][info][gc,phases      ] GC(166)   Post Evacuate Collection Set: 0.7ms
[51.182s][info][gc,phases      ] GC(166)   Other: 0.1ms
[51.182s][info][gc,heap        ] GC(166) Eden regions: 367->0(322)
[51.182s][info][gc,heap        ] GC(166) Survivor regions: 40->51(51)
[51.182s][info][gc,heap        ] GC(166) Old regions: 258->300
[51.182s][info][gc,heap        ] GC(166) Archive regions: 0->0
[51.182s][info][gc,heap        ] GC(166) Humongous regions: 108->98
[51.182s][info][gc,metaspace   ] GC(166) Metaspace: 66046K(67072K)->66046K(67072K) NonClass: 57634K(58176K)->57634K(58176K) Class: 8411K(8896K)->8411K(8896K)
[51.182s][info][gc             ] GC(166) Pause Young (Prepare Mixed) (G1 Evacuation Pause) 767M->444M(883M) 60.887ms
[51.182s][info][gc,cpu         ] GC(166) User=1.31s Sys=0.00s Real=0.06s
[51.552s][info][gc,start       ] GC(167) Pause Young (Mixed) (G1 Evacuation Pause)
[51.552s][info][gc,task        ] GC(167) Using 21 workers of 33 for evacuation
[51.604s][info][gc,phases      ] GC(167)   Pre Evacuate Collection Set: 0.2ms
[51.604s][info][gc,phases      ] GC(167)   Merge Heap Roots: 0.7ms
[51.605s][info][gc,phases      ] GC(167)   Evacuate Collection Set: 51.0ms
[51.605s][info][gc,phases      ] GC(167)   Post Evacuate Collection Set: 0.6ms
[51.605s][info][gc,phases      ] GC(167)   Other: 0.2ms
[51.605s][info][gc,heap        ] GC(167) Eden regions: 322->0(289)
[51.605s][info][gc,heap        ] GC(167) Survivor regions: 51->47(47)
[51.605s][info][gc,heap        ] GC(167) Old regions: 300->332
[51.605s][info][gc,heap        ] GC(167) Archive regions: 0->0
[51.605s][info][gc,heap        ] GC(167) Humongous regions: 127->122
[51.605s][info][gc,metaspace   ] GC(167) Metaspace: 66098K(67072K)->66098K(67072K) NonClass: 57686K(58176K)->57686K(58176K) Class: 8412K(8896K)->8412K(8896K)
[51.605s][info][gc             ] GC(167) Pause Young (Mixed) (G1 Evacuation Pause) 795M->496M(903M) 53.005ms
[51.605s][info][gc,cpu         ] GC(167) User=1.28s Sys=0.03s Real=0.06s
[51.824s][info][gc,start       ] GC(168) Pause Young (Concurrent Start) (G1 Humongous Allocation)
[51.824s][info][gc,task        ] GC(168) Using 21 workers of 33 for evacuation
[51.848s][info][gc,phases      ] GC(168)   Pre Evacuate Collection Set: 0.4ms
[51.848s][info][gc,phases      ] GC(168)   Merge Heap Roots: 0.2ms
[51.848s][info][gc,phases      ] GC(168)   Evacuate Collection Set: 23.1ms
[51.848s][info][gc,phases      ] GC(168)   Post Evacuate Collection Set: 0.6ms
[51.848s][info][gc,phases      ] GC(168)   Other: 0.2ms
[51.848s][info][gc,heap        ] GC(168) Eden regions: 125->0(302)
[51.848s][info][gc,heap        ] GC(168) Survivor regions: 47->7(42)
[51.848s][info][gc,heap        ] GC(168) Old regions: 332->379
[51.848s][info][gc,heap        ] GC(168) Archive regions: 0->0
[51.848s][info][gc,heap        ] GC(168) Humongous regions: 122->122
[51.849s][info][gc,metaspace   ] GC(168) Metaspace: 66107K(67136K)->66107K(67136K) NonClass: 57695K(58240K)->57695K(58240K) Class: 8412K(8896K)->8412K(8896K)
[51.849s][info][gc             ] GC(168) Pause Young (Concurrent Start) (G1 Humongous Allocation) 620M->503M(903M) 24.827ms
[51.849s][info][gc             ] GC(169) Concurrent Mark Cycle
[51.849s][info][gc,cpu         ] GC(168) User=0.33s Sys=0.00s Real=0.02s
[51.849s][info][gc,marking     ] GC(169) Concurrent Scan Root Regions
[51.852s][info][gc,marking     ] GC(169) Concurrent Scan Root Regions 3.116ms
[51.852s][info][gc,marking     ] GC(169) Concurrent Mark
[51.852s][info][gc,marking     ] GC(169) Concurrent Mark From Roots
[51.852s][info][gc,task        ] GC(169) Using 8 workers of 8 for marking
[51.883s][info][gc,marking     ] GC(169) Concurrent Mark From Roots 31.159ms
[51.883s][info][gc,marking     ] GC(169) Concurrent Preclean
[51.883s][info][gc,marking     ] GC(169) Concurrent Preclean 0.214ms
[51.883s][info][gc,start       ] GC(169) Pause Remark
[51.885s][info][gc             ] GC(169) Pause Remark 525M->273M(903M) 2.000ms
[51.885s][info][gc,cpu         ] GC(169) User=0.00s Sys=0.00s Real=0.00s
[51.886s][info][gc,marking     ] GC(169) Concurrent Mark 33.703ms
[51.886s][info][gc,marking     ] GC(169) Concurrent Rebuild Remembered Sets and Scrub Regions
[51.903s][info][gc,marking     ] GC(169) Concurrent Rebuild Remembered Sets and Scrub Regions 17.481ms
[51.903s][info][gc,start       ] GC(169) Pause Cleanup
[51.903s][info][gc             ] GC(169) Pause Cleanup 303M->303M(903M) 0.265ms
[51.904s][info][gc,cpu         ] GC(169) User=0.00s Sys=0.00s Real=0.00s
[51.904s][info][gc,marking     ] GC(169) Concurrent Clear Claimed Marks
[51.904s][info][gc,marking     ] GC(169) Concurrent Clear Claimed Marks 0.087ms
[51.904s][info][gc,marking     ] GC(169) Concurrent Cleanup for Next Mark
[51.904s][info][gc,marking     ] GC(169) Concurrent Cleanup for Next Mark 0.621ms
[51.904s][info][gc             ] GC(169) Concurrent Mark Cycle 55.691ms
[52.028s][info][gc,start       ] GC(170) Pause Young (Prepare Mixed) (G1 Evacuation Pause)
[52.028s][info][gc,task        ] GC(170) Using 21 workers of 33 for evacuation
[52.046s][info][gc,phases      ] GC(170)   Pre Evacuate Collection Set: 0.2ms
[52.046s][info][gc,phases      ] GC(170)   Merge Heap Roots: 0.2ms
[52.046s][info][gc,phases      ] GC(170)   Evacuate Collection Set: 16.5ms
[52.046s][info][gc,phases      ] GC(170)   Post Evacuate Collection Set: 0.5ms
[52.046s][info][gc,phases      ] GC(170)   Other: 0.1ms
[52.046s][info][gc,heap        ] GC(170) Eden regions: 302->0(468)
[52.046s][info][gc,heap        ] GC(170) Survivor regions: 7->38(39)
[52.046s][info][gc,heap        ] GC(170) Old regions: 239->239
[52.046s][info][gc,heap        ] GC(170) Archive regions: 0->0
[52.046s][info][gc,heap        ] GC(170) Humongous regions: 27->22
[52.046s][info][gc,metaspace   ] GC(170) Metaspace: 66118K(67136K)->66118K(67136K) NonClass: 57704K(58240K)->57704K(58240K) Class: 8413K(8896K)->8413K(8896K)
[52.046s][info][gc             ] GC(170) Pause Young (Prepare Mixed) (G1 Evacuation Pause) 570M->293M(903M) 17.767ms
[52.046s][info][gc,cpu         ] GC(170) User=0.64s Sys=0.02s Real=0.03s
[52.564s][info][gc,start       ] GC(171) Pause Young (Mixed) (G1 Evacuation Pause)
[52.565s][info][gc,task        ] GC(171) Using 21 workers of 33 for evacuation
[52.630s][info][gc,phases      ] GC(171)   Pre Evacuate Collection Set: 0.2ms
[52.630s][info][gc,phases      ] GC(171)   Merge Heap Roots: 0.4ms
[52.630s][info][gc,phases      ] GC(171)   Evacuate Collection Set: 63.7ms
[52.630s][info][gc,phases      ] GC(171)   Post Evacuate Collection Set: 0.6ms
[52.630s][info][gc,phases      ] GC(171)   Other: 0.2ms
[52.630s][info][gc,heap        ] GC(171) Eden regions: 345->0(396)
[52.630s][info][gc,heap        ] GC(171) Survivor regions: 38->47(64)
[52.630s][info][gc,heap        ] GC(171) Old regions: 239->269
[52.630s][info][gc,heap        ] GC(171) Archive regions: 0->0
[52.630s][info][gc,heap        ] GC(171) Humongous regions: 285->157
[52.630s][info][gc,metaspace   ] GC(171) Metaspace: 66128K(67136K)->66128K(67136K) NonClass: 57715K(58240K)->57715K(58240K) Class: 8413K(8896K)->8413K(8896K)
[52.630s][info][gc             ] GC(171) Pause Young (Mixed) (G1 Evacuation Pause) 901M->467M(992M) 65.428ms
[52.630s][info][gc,cpu         ] GC(171) User=1.25s Sys=0.06s Real=0.06s
[52.639s][info][gc,start       ] GC(172) Pause Young (Concurrent Start) (G1 Humongous Allocation)
[52.639s][info][gc,task        ] GC(172) Using 23 workers of 33 for evacuation
[52.660s][info][gc,phases      ] GC(172)   Pre Evacuate Collection Set: 0.2ms
[52.660s][info][gc,phases      ] GC(172)   Merge Heap Roots: 0.1ms
[52.660s][info][gc,phases      ] GC(172)   Evacuate Collection Set: 20.5ms
[52.660s][info][gc,phases      ] GC(172)   Post Evacuate Collection Set: 0.4ms
[52.660s][info][gc,phases      ] GC(172)   Other: 0.1ms
[52.660s][info][gc,heap        ] GC(172) Eden regions: 25->0(399)
[52.660s][info][gc,heap        ] GC(172) Survivor regions: 47->7(56)
[52.660s][info][gc,heap        ] GC(172) Old regions: 269->316
[52.660s][info][gc,heap        ] GC(172) Archive regions: 0->0
[52.660s][info][gc,heap        ] GC(172) Humongous regions: 157->157
[52.660s][info][gc,metaspace   ] GC(172) Metaspace: 66128K(67136K)->66128K(67136K) NonClass: 57715K(58240K)->57715K(58240K) Class: 8413K(8896K)->8413K(8896K)
[52.660s][info][gc             ] GC(172) Pause Young (Concurrent Start) (G1 Humongous Allocation) 492M->475M(992M) 21.577ms
[52.660s][info][gc             ] GC(173) Concurrent Mark Cycle
[52.660s][info][gc,cpu         ] GC(172) User=0.36s Sys=0.00s Real=0.02s
[52.660s][info][gc,marking     ] GC(173) Concurrent Scan Root Regions
[52.664s][info][gc,marking     ] GC(173) Concurrent Scan Root Regions 3.642ms
[52.664s][info][gc,marking     ] GC(173) Concurrent Mark
[52.664s][info][gc,marking     ] GC(173) Concurrent Mark From Roots
[52.664s][info][gc,task        ] GC(173) Using 8 workers of 8 for marking
[52.697s][info][gc,marking     ] GC(173) Concurrent Mark From Roots 33.264ms
[52.698s][info][gc,marking     ] GC(173) Concurrent Preclean
[52.698s][info][gc,marking     ] GC(173) Concurrent Preclean 0.246ms
[52.698s][info][gc,start       ] GC(173) Pause Remark
[52.700s][info][gc             ] GC(173) Pause Remark 538M->428M(992M) 2.025ms
[52.700s][info][gc,cpu         ] GC(173) User=0.00s Sys=0.00s Real=0.00s
[52.700s][info][gc,marking     ] GC(173) Concurrent Mark 35.916ms
[52.700s][info][gc,marking     ] GC(173) Concurrent Rebuild Remembered Sets and Scrub Regions
[52.720s][info][gc,marking     ] GC(173) Concurrent Rebuild Remembered Sets and Scrub Regions 19.757ms
[52.720s][info][gc,start       ] GC(173) Pause Cleanup
[52.721s][info][gc             ] GC(173) Pause Cleanup 502M->502M(992M) 0.328ms
[52.721s][info][gc,cpu         ] GC(173) User=0.00s Sys=0.00s Real=0.00s
[52.721s][info][gc,marking     ] GC(173) Concurrent Clear Claimed Marks
[52.721s][info][gc,marking     ] GC(173) Concurrent Clear Claimed Marks 0.077ms
[52.721s][info][gc,marking     ] GC(173) Concurrent Cleanup for Next Mark
[52.722s][info][gc,marking     ] GC(173) Concurrent Cleanup for Next Mark 0.821ms
[52.722s][info][gc             ] GC(173) Concurrent Mark Cycle 61.211ms
[52.960s][info][gc,start       ] GC(174) Pause Young (Prepare Mixed) (G1 Evacuation Pause)
[52.960s][info][gc,task        ] GC(174) Using 23 workers of 33 for evacuation
[52.989s][info][gc,phases      ] GC(174)   Pre Evacuate Collection Set: 0.2ms
[52.989s][info][gc,phases      ] GC(174)   Merge Heap Roots: 0.4ms
[52.989s][info][gc,phases      ] GC(174)   Evacuate Collection Set: 27.3ms
[52.989s][info][gc,phases      ] GC(174)   Post Evacuate Collection Set: 0.6ms
[52.989s][info][gc,phases      ] GC(174)   Other: 0.2ms
[52.989s][info][gc,heap        ] GC(174) Eden regions: 399->0(408)
[52.989s][info][gc,heap        ] GC(174) Survivor regions: 7->46(51)
[52.989s][info][gc,heap        ] GC(174) Old regions: 278->278
[52.989s][info][gc,heap        ] GC(174) Archive regions: 0->0
[52.989s][info][gc,heap        ] GC(174) Humongous regions: 177->136
[52.989s][info][gc,metaspace   ] GC(174) Metaspace: 66139K(67136K)->66139K(67136K) NonClass: 57726K(58240K)->57726K(58240K) Class: 8413K(8896K)->8413K(8896K)
[52.989s][info][gc             ] GC(174) Pause Young (Prepare Mixed) (G1 Evacuation Pause) 856M->454M(992M) 29.076ms
[52.989s][info][gc,cpu         ] GC(174) User=0.36s Sys=0.00s Real=0.02s
[53.179s][info][gc,start       ] GC(175) Pause Full (System.gc())
[53.179s][info][gc,task        ] GC(175) Using 23 workers of 33 for full compaction
[53.180s][info][gc,phases,start] GC(175) Phase 1: Mark live objects
[53.214s][info][gc,phases      ] GC(175) Phase 1: Mark live objects 33.890ms
[53.214s][info][gc,phases,start] GC(175) Phase 2: Prepare compaction
[53.218s][info][gc,phases      ] GC(175) Phase 2: Prepare compaction 4.118ms
[53.218s][info][gc,phases,start] GC(175) Phase 3: Adjust pointers
[53.228s][info][gc,phases      ] GC(175) Phase 3: Adjust pointers 9.322ms
[53.228s][info][gc,phases,start] GC(175) Phase 4: Compact heap
[53.228s][info][gc,phases      ] GC(175) Phase 4: Compact heap 0.654ms
[53.241s][info][gc,heap        ] GC(175) Eden regions: 322->0(291)
[53.241s][info][gc,heap        ] GC(175) Survivor regions: 46->0(51)
[53.241s][info][gc,heap        ] GC(175) Old regions: 278->154
[53.241s][info][gc,heap        ] GC(175) Archive regions: 0->0
[53.241s][info][gc,heap        ] GC(175) Humongous regions: 139->10
[53.241s][info][gc,metaspace   ] GC(175) Metaspace: 66139K(67136K)->66139K(67136K) NonClass: 57726K(58240K)->57726K(58240K) Class: 8413K(8896K)->8413K(8896K)
[53.241s][info][gc             ] GC(175) Pause Full (System.gc()) 779M->148M(547M) 61.950ms
[53.241s][info][gc,cpu         ] GC(175) User=1.08s Sys=0.02s Real=0.06s
[53.276s][info][gc,start       ] GC(176) Pause Young (Concurrent Start) (G1 Humongous Allocation)
[53.276s][info][gc,task        ] GC(176) Using 18 workers of 33 for evacuation
[53.279s][info][gc,phases      ] GC(176)   Pre Evacuate Collection Set: 0.3ms
[53.279s][info][gc,phases      ] GC(176)   Merge Heap Roots: 0.1ms
[53.279s][info][gc,phases      ] GC(176)   Evacuate Collection Set: 1.2ms
[53.279s][info][gc,phases      ] GC(176)   Post Evacuate Collection Set: 1.0ms
[53.279s][info][gc,phases      ] GC(176)   Other: 0.2ms
[53.279s][info][gc,heap        ] GC(176) Eden regions: 20->0(375)
[53.279s][info][gc,heap        ] GC(176) Survivor regions: 0->6(37)
[53.279s][info][gc,heap        ] GC(176) Old regions: 154->154
[53.279s][info][gc,heap        ] GC(176) Archive regions: 0->0
[53.279s][info][gc,heap        ] GC(176) Humongous regions: 10->10
[53.279s][info][gc,metaspace   ] GC(176) Metaspace: 66157K(67136K)->66157K(67136K) NonClass: 57744K(58240K)->57744K(58240K) Class: 8413K(8896K)->8413K(8896K)
[53.279s][info][gc             ] GC(176) Pause Young (Concurrent Start) (G1 Humongous Allocation) 167M->154M(636M) 3.299ms
[53.279s][info][gc             ] GC(177) Concurrent Mark Cycle
[53.279s][info][gc,cpu         ] GC(176) User=0.00s Sys=0.00s Real=0.00s
[53.279s][info][gc,marking     ] GC(177) Concurrent Scan Root Regions
[53.280s][info][gc,marking     ] GC(177) Concurrent Scan Root Regions 0.721ms
[53.280s][info][gc,marking     ] GC(177) Concurrent Mark
[53.280s][info][gc,marking     ] GC(177) Concurrent Mark From Roots
[53.280s][info][gc,task        ] GC(177) Using 8 workers of 8 for marking
[53.323s][info][gc,marking     ] GC(177) Concurrent Mark From Roots 42.868ms
[53.323s][info][gc,marking     ] GC(177) Concurrent Preclean
[53.323s][info][gc,marking     ] GC(177) Concurrent Preclean 0.132ms
[53.323s][info][gc,start       ] GC(177) Pause Remark
[53.325s][info][gc             ] GC(177) Pause Remark 182M->182M(636M) 2.155ms
[53.325s][info][gc,cpu         ] GC(177) User=0.30s Sys=0.02s Real=0.00s
[53.326s][info][gc,marking     ] GC(177) Concurrent Mark 45.550ms
[53.326s][info][gc,marking     ] GC(177) Concurrent Rebuild Remembered Sets and Scrub Regions
[53.338s][info][gc,marking     ] GC(177) Concurrent Rebuild Remembered Sets and Scrub Regions 11.951ms
[53.348s][info][gc,start       ] GC(177) Pause Cleanup
[53.348s][info][gc             ] GC(177) Pause Cleanup 197M->197M(636M) 0.281ms
[53.348s][info][gc,cpu         ] GC(177) User=0.00s Sys=0.00s Real=0.00s
[53.348s][info][gc,marking     ] GC(177) Concurrent Clear Claimed Marks
[53.348s][info][gc,marking     ] GC(177) Concurrent Clear Claimed Marks 0.083ms
[53.348s][info][gc,marking     ] GC(177) Concurrent Cleanup for Next Mark
[53.349s][info][gc,marking     ] GC(177) Concurrent Cleanup for Next Mark 0.456ms
[53.349s][info][gc             ] GC(177) Concurrent Mark Cycle 69.711ms
[53.527s][info][gc,start       ] GC(178) Pause Young (Prepare Mixed) (G1 Evacuation Pause)
[53.527s][info][gc,task        ] GC(178) Using 16 workers of 33 for evacuation
[53.564s][info][gc,phases      ] GC(178)   Pre Evacuate Collection Set: 0.2ms
[53.564s][info][gc,phases      ] GC(178)   Merge Heap Roots: 0.3ms
[53.564s][info][gc,phases      ] GC(178)   Evacuate Collection Set: 35.7ms
[53.564s][info][gc,phases      ] GC(178)   Post Evacuate Collection Set: 0.5ms
[53.564s][info][gc,phases      ] GC(178)   Other: 0.2ms
[53.564s][info][gc,heap        ] GC(178) Eden regions: 375->0(277)
[53.564s][info][gc,heap        ] GC(178) Survivor regions: 6->48(48)
[53.564s][info][gc,heap        ] GC(178) Old regions: 154->196
[53.564s][info][gc,heap        ] GC(178) Archive regions: 0->0
[53.564s][info][gc,heap        ] GC(178) Humongous regions: 51->46
[53.564s][info][gc,metaspace   ] GC(178) Metaspace: 66166K(67136K)->66166K(67136K) NonClass: 57752K(58240K)->57752K(58240K) Class: 8414K(8896K)->8414K(8896K)
[53.564s][info][gc             ] GC(178) Pause Young (Prepare Mixed) (G1 Evacuation Pause) 570M->273M(676M) 37.144ms
[53.564s][info][gc,cpu         ] GC(178) User=0.73s Sys=0.02s Real=0.05s
[53.701s][info][gc,start       ] GC(179) Pause Young (Mixed) (G1 Evacuation Pause)
[53.701s][info][gc,task        ] GC(179) Using 16 workers of 33 for evacuation
[53.737s][info][gc,phases      ] GC(179)   Pre Evacuate Collection Set: 0.2ms
[53.737s][info][gc,phases      ] GC(179)   Merge Heap Roots: 0.4ms
[53.737s][info][gc,phases      ] GC(179)   Evacuate Collection Set: 34.7ms
[53.737s][info][gc,phases      ] GC(179)   Post Evacuate Collection Set: 0.4ms
[53.737s][info][gc,phases      ] GC(179)   Other: 0.1ms
[53.737s][info][gc,heap        ] GC(179) Eden regions: 277->0(252)
[53.737s][info][gc,heap        ] GC(179) Survivor regions: 48->33(41)
[53.737s][info][gc,heap        ] GC(179) Old regions: 196->245
[53.737s][info][gc,heap        ] GC(179) Archive regions: 0->0
[53.737s][info][gc,heap        ] GC(179) Humongous regions: 58->58
[53.737s][info][gc,metaspace   ] GC(179) Metaspace: 66166K(67136K)->66166K(67136K) NonClass: 57752K(58240K)->57752K(58240K) Class: 8414K(8896K)->8414K(8896K)
[53.737s][info][gc             ] GC(179) Pause Young (Mixed) (G1 Evacuation Pause) 562M->322M(676M) 36.014ms
[53.737s][info][gc,cpu         ] GC(179) User=0.50s Sys=0.00s Real=0.03s
[53.783s][info][gc,start       ] GC(180) Pause Young (Concurrent Start) (G1 Humongous Allocation)
[53.783s][info][gc,task        ] GC(180) Using 16 workers of 33 for evacuation
[53.801s][info][gc,phases      ] GC(180)   Pre Evacuate Collection Set: 0.3ms
[53.801s][info][gc,phases      ] GC(180)   Merge Heap Roots: 0.1ms
[53.801s][info][gc,phases      ] GC(180)   Evacuate Collection Set: 17.7ms
[53.801s][info][gc,phases      ] GC(180)   Post Evacuate Collection Set: 0.4ms
[53.801s][info][gc,phases      ] GC(180)   Other: 0.1ms
[53.801s][info][gc,heap        ] GC(180) Eden regions: 74->0(252)
[53.801s][info][gc,heap        ] GC(180) Survivor regions: 33->9(36)
[53.802s][info][gc,heap        ] GC(180) Old regions: 245->276
[53.802s][info][gc,heap        ] GC(180) Archive regions: 0->0
[53.802s][info][gc,heap        ] GC(180) Humongous regions: 58->58
[53.802s][info][gc,metaspace   ] GC(180) Metaspace: 66166K(67136K)->66166K(67136K) NonClass: 57752K(58240K)->57752K(58240K) Class: 8414K(8896K)->8414K(8896K)
[53.802s][info][gc             ] GC(180) Pause Young (Concurrent Start) (G1 Humongous Allocation) 396M->329M(676M) 18.952ms
[53.802s][info][gc             ] GC(181) Concurrent Mark Cycle
[53.802s][info][gc,cpu         ] GC(180) User=0.25s Sys=0.00s Real=0.02s
[53.802s][info][gc,marking     ] GC(181) Concurrent Scan Root Regions
[53.807s][info][gc,marking     ] GC(181) Concurrent Scan Root Regions 4.814ms
[53.807s][info][gc,marking     ] GC(181) Concurrent Mark
[53.807s][info][gc,marking     ] GC(181) Concurrent Mark From Roots
[53.807s][info][gc,task        ] GC(181) Using 8 workers of 8 for marking
[53.867s][info][gc,marking     ] GC(181) Concurrent Mark From Roots 60.684ms
[53.867s][info][gc,marking     ] GC(181) Concurrent Preclean
[53.868s][info][gc,marking     ] GC(181) Concurrent Preclean 0.164ms
[53.868s][info][gc,start       ] GC(181) Pause Remark
[53.870s][info][gc             ] GC(181) Pause Remark 423M->399M(689M) 1.948ms
[53.870s][info][gc,cpu         ] GC(181) User=0.00s Sys=0.00s Real=0.00s
[53.870s][info][gc,marking     ] GC(181) Concurrent Mark 63.127ms
[53.870s][info][gc,marking     ] GC(181) Concurrent Rebuild Remembered Sets and Scrub Regions
[53.913s][info][gc,marking     ] GC(181) Concurrent Rebuild Remembered Sets and Scrub Regions 42.848ms
[53.913s][info][gc,start       ] GC(181) Pause Cleanup
[53.913s][info][gc             ] GC(181) Pause Cleanup 465M->465M(689M) 0.252ms
[53.913s][info][gc,cpu         ] GC(181) User=0.00s Sys=0.00s Real=0.00s
[53.913s][info][gc,marking     ] GC(181) Concurrent Clear Claimed Marks
[53.913s][info][gc,marking     ] GC(181) Concurrent Clear Claimed Marks 0.078ms
[53.913s][info][gc,marking     ] GC(181) Concurrent Cleanup for Next Mark
[53.914s][info][gc,marking     ] GC(181) Concurrent Cleanup for Next Mark 0.492ms
[53.914s][info][gc             ] GC(181) Concurrent Mark Cycle 112.084ms
[53.978s][info][gc,start       ] GC(182) Pause Young (Prepare Mixed) (G1 Evacuation Pause)
[53.978s][info][gc,task        ] GC(182) Using 16 workers of 33 for evacuation
[53.997s][info][gc,phases      ] GC(182)   Pre Evacuate Collection Set: 0.2ms
[53.997s][info][gc,phases      ] GC(182)   Merge Heap Roots: 0.6ms
[53.997s][info][gc,phases      ] GC(182)   Evacuate Collection Set: 17.6ms
[53.997s][info][gc,phases      ] GC(182)   Post Evacuate Collection Set: 0.5ms
[53.997s][info][gc,phases      ] GC(182)   Other: 0.2ms
[53.997s][info][gc,heap        ] GC(182) Eden regions: 252->0(260)
[53.997s][info][gc,heap        ] GC(182) Survivor regions: 9->28(33)
[53.997s][info][gc,heap        ] GC(182) Old regions: 276->276
[53.997s][info][gc,heap        ] GC(182) Archive regions: 0->0
[53.997s][info][gc,heap        ] GC(182) Humongous regions: 49->49
[53.997s][info][gc,metaspace   ] GC(182) Metaspace: 66166K(67136K)->66166K(67136K) NonClass: 57752K(58240K)->57752K(58240K) Class: 8414K(8896K)->8414K(8896K)
[53.998s][info][gc             ] GC(182) Pause Young (Prepare Mixed) (G1 Evacuation Pause) 572M->338M(689M) 19.419ms
[53.998s][info][gc,cpu         ] GC(182) User=0.25s Sys=0.00s Real=0.02s
[54.154s][info][gc,start       ] GC(183) Pause Young (Mixed) (G1 Evacuation Pause)
[54.154s][info][gc,task        ] GC(183) Using 16 workers of 33 for evacuation
[54.181s][info][gc,phases      ] GC(183)   Pre Evacuate Collection Set: 0.2ms
[54.181s][info][gc,phases      ] GC(183)   Merge Heap Roots: 0.2ms
[54.181s][info][gc,phases      ] GC(183)   Evacuate Collection Set: 25.5ms
[54.181s][info][gc,phases      ] GC(183)   Post Evacuate Collection Set: 0.6ms
[54.181s][info][gc,phases      ] GC(183)   Other: 0.2ms
[54.181s][info][gc,heap        ] GC(183) Eden regions: 260->0(259)
[54.181s][info][gc,heap        ] GC(183) Survivor regions: 28->20(36)
[54.181s][info][gc,heap        ] GC(183) Old regions: 276->294
[54.181s][info][gc,heap        ] GC(183) Archive regions: 0->0
[54.181s][info][gc,heap        ] GC(183) Humongous regions: 49->49
[54.181s][info][gc,metaspace   ] GC(183) Metaspace: 66166K(67136K)->66166K(67136K) NonClass: 57752K(58240K)->57752K(58240K) Class: 8414K(8896K)->8414K(8896K)
[54.181s][info][gc             ] GC(183) Pause Young (Mixed) (G1 Evacuation Pause) 598M->353M(689M) 26.958ms
[54.181s][info][gc,cpu         ] GC(183) User=0.50s Sys=0.00s Real=0.03s
[54.286s][info][gc,start       ] GC(184) Pause Young (Concurrent Start) (G1 Humongous Allocation)
[54.286s][info][gc,task        ] GC(184) Using 16 workers of 33 for evacuation
[54.305s][info][gc,phases      ] GC(184)   Pre Evacuate Collection Set: 0.3ms
[54.305s][info][gc,phases      ] GC(184)   Merge Heap Roots: 0.2ms
[54.305s][info][gc,phases      ] GC(184)   Evacuate Collection Set: 17.3ms
[54.305s][info][gc,phases      ] GC(184)   Post Evacuate Collection Set: 0.9ms
[54.305s][info][gc,phases      ] GC(184)   Other: 0.1ms
[54.305s][info][gc,heap        ] GC(184) Eden regions: 201->0(305)
[54.305s][info][gc,heap        ] GC(184) Survivor regions: 20->30(35)
[54.305s][info][gc,heap        ] GC(184) Old regions: 294->294
[54.305s][info][gc,heap        ] GC(184) Archive regions: 0->0
[54.305s][info][gc,heap        ] GC(184) Humongous regions: 49->49
[54.305s][info][gc,metaspace   ] GC(184) Metaspace: 66166K(67136K)->66166K(67136K) NonClass: 57752K(58240K)->57752K(58240K) Class: 8414K(8896K)->8414K(8896K)
[54.305s][info][gc             ] GC(184) Pause Young (Concurrent Start) (G1 Humongous Allocation) 554M->364M(756M) 18.957ms
[54.305s][info][gc             ] GC(185) Concurrent Mark Cycle
[54.305s][info][gc,cpu         ] GC(184) User=0.25s Sys=0.00s Real=0.02s
[54.305s][info][gc,marking     ] GC(185) Concurrent Scan Root Regions
[54.309s][info][gc,marking     ] GC(185) Concurrent Scan Root Regions 4.006ms
[54.309s][info][gc,marking     ] GC(185) Concurrent Mark
[54.309s][info][gc,marking     ] GC(185) Concurrent Mark From Roots
[54.309s][info][gc,task        ] GC(185) Using 8 workers of 8 for marking
[54.369s][info][gc,marking     ] GC(185) Concurrent Mark From Roots 59.587ms
[54.369s][info][gc,marking     ] GC(185) Concurrent Preclean
[54.369s][info][gc,marking     ] GC(185) Concurrent Preclean 0.148ms
[54.369s][info][gc,start       ] GC(185) Pause Remark
[54.379s][info][gc             ] GC(185) Pause Remark 426M->406M(756M) 10.209ms
[54.379s][info][gc,cpu         ] GC(185) User=0.25s Sys=0.00s Real=0.02s
[54.379s][info][gc,marking     ] GC(185) Concurrent Mark 70.258ms
[54.379s][info][gc,marking     ] GC(185) Concurrent Rebuild Remembered Sets and Scrub Regions
[54.426s][info][gc,marking     ] GC(185) Concurrent Rebuild Remembered Sets and Scrub Regions 46.390ms
[54.426s][info][gc,start       ] GC(185) Pause Cleanup
[54.426s][info][gc             ] GC(185) Pause Cleanup 426M->426M(756M) 0.328ms
[54.426s][info][gc,cpu         ] GC(185) User=0.00s Sys=0.00s Real=0.00s
[54.426s][info][gc,marking     ] GC(185) Concurrent Clear Claimed Marks
[54.426s][info][gc,marking     ] GC(185) Concurrent Clear Claimed Marks 0.091ms
[54.426s][info][gc,marking     ] GC(185) Concurrent Cleanup for Next Mark
[54.427s][info][gc,marking     ] GC(185) Concurrent Cleanup for Next Mark 0.547ms
[54.427s][info][gc             ] GC(185) Concurrent Mark Cycle 122.061ms
[54.867s][info][gc,start       ] GC(186) Pause Young (Prepare Mixed) (G1 Evacuation Pause)
[54.867s][info][gc,task        ] GC(186) Using 18 workers of 33 for evacuation
[54.901s][info][gc,phases      ] GC(186)   Pre Evacuate Collection Set: 0.2ms
[54.901s][info][gc,phases      ] GC(186)   Merge Heap Roots: 0.5ms
[54.901s][info][gc,phases      ] GC(186)   Evacuate Collection Set: 31.9ms
[54.901s][info][gc,phases      ] GC(186)   Post Evacuate Collection Set: 0.9ms
[54.901s][info][gc,phases      ] GC(186)   Other: 0.2ms
[54.901s][info][gc,heap        ] GC(186) Eden regions: 305->0(302)
[54.901s][info][gc,heap        ] GC(186) Survivor regions: 30->29(42)
[54.901s][info][gc,heap        ] GC(186) Old regions: 286->300
[54.901s][info][gc,heap        ] GC(186) Archive regions: 0->0
[54.901s][info][gc,heap        ] GC(186) Humongous regions: 57->57
[54.901s][info][gc,metaspace   ] GC(186) Metaspace: 66166K(67136K)->66166K(67136K) NonClass: 57752K(58240K)->57752K(58240K) Class: 8414K(8896K)->8414K(8896K)
[54.901s][info][gc             ] GC(186) Pause Young (Prepare Mixed) (G1 Evacuation Pause) 669M->377M(756M) 34.231ms
[54.901s][info][gc,cpu         ] GC(186) User=0.56s Sys=0.00s Real=0.03s
[55.882s][info][gc,start       ] GC(187) Pause Young (Mixed) (G1 Evacuation Pause)
[55.882s][info][gc,task        ] GC(187) Using 18 workers of 33 for evacuation
[55.929s][info][gc,phases      ] GC(187)   Pre Evacuate Collection Set: 0.2ms
[55.929s][info][gc,phases      ] GC(187)   Merge Heap Roots: 0.5ms
[55.929s][info][gc,phases      ] GC(187)   Evacuate Collection Set: 45.9ms
[55.929s][info][gc,phases      ] GC(187)   Post Evacuate Collection Set: 0.7ms
[55.929s][info][gc,phases      ] GC(187)   Other: 0.1ms
[55.929s][info][gc,heap        ] GC(187) Eden regions: 302->0(266)
[55.929s][info][gc,heap        ] GC(187) Survivor regions: 29->42(42)
[55.929s][info][gc,heap        ] GC(187) Old regions: 300->307
[55.929s][info][gc,heap        ] GC(187) Archive regions: 0->0
[55.929s][info][gc,heap        ] GC(187) Humongous regions: 91->86
[55.929s][info][gc,metaspace   ] GC(187) Metaspace: 66178K(67136K)->66178K(67136K) NonClass: 57764K(58240K)->57764K(58240K) Class: 8414K(8896K)->8414K(8896K)
[55.929s][info][gc             ] GC(187) Pause Young (Mixed) (G1 Evacuation Pause) 713M->430M(783M) 47.627ms
[55.929s][info][gc,cpu         ] GC(187) User=0.81s Sys=0.03s Real=0.05s
[56.004s][info][gc,start       ] GC(188) Pause Young (Concurrent Start) (G1 Humongous Allocation)
[56.004s][info][gc,task        ] GC(188) Using 18 workers of 33 for evacuation
[56.036s][info][gc,phases      ] GC(188)   Pre Evacuate Collection Set: 0.3ms
[56.036s][info][gc,phases      ] GC(188)   Merge Heap Roots: 0.3ms
[56.036s][info][gc,phases      ] GC(188)   Evacuate Collection Set: 30.0ms
[56.036s][info][gc,phases      ] GC(188)   Post Evacuate Collection Set: 0.4ms
[56.036s][info][gc,phases      ] GC(188)   Other: 0.2ms
[56.036s][info][gc,heap        ] GC(188) Eden regions: 79->0(237)
[56.036s][info][gc,heap        ] GC(188) Survivor regions: 42->19(39)
[56.036s][info][gc,heap        ] GC(188) Old regions: 307->347
[56.036s][info][gc,heap        ] GC(188) Archive regions: 0->0
[56.036s][info][gc,heap        ] GC(188) Humongous regions: 86->86
[56.036s][info][gc,metaspace   ] GC(188) Metaspace: 66178K(67136K)->66178K(67136K) NonClass: 57764K(58240K)->57764K(58240K) Class: 8414K(8896K)->8414K(8896K)
[56.036s][info][gc             ] GC(188) Pause Young (Concurrent Start) (G1 Humongous Allocation) 509M->446M(783M) 31.422ms
[56.036s][info][gc             ] GC(189) Concurrent Mark Cycle
[56.036s][info][gc,cpu         ] GC(188) User=0.56s Sys=0.00s Real=0.03s
[56.036s][info][gc,marking     ] GC(189) Concurrent Scan Root Regions
[56.042s][info][gc,marking     ] GC(189) Concurrent Scan Root Regions 6.281ms
[56.042s][info][gc,marking     ] GC(189) Concurrent Mark
[56.042s][info][gc,marking     ] GC(189) Concurrent Mark From Roots
[56.042s][info][gc,task        ] GC(189) Using 8 workers of 8 for marking
[56.075s][info][gc,marking     ] GC(189) Concurrent Mark From Roots 32.595ms
[56.075s][info][gc,marking     ] GC(189) Concurrent Preclean
[56.075s][info][gc,marking     ] GC(189) Concurrent Preclean 0.159ms
[56.075s][info][gc,start       ] GC(189) Pause Remark
[56.077s][info][gc             ] GC(189) Pause Remark 518M->320M(783M) 1.948ms
[56.077s][info][gc,cpu         ] GC(189) User=0.00s Sys=0.00s Real=0.00s
[56.077s][info][gc,marking     ] GC(189) Concurrent Mark 35.030ms
[56.077s][info][gc,marking     ] GC(189) Concurrent Rebuild Remembered Sets and Scrub Regions
[56.099s][info][gc,marking     ] GC(189) Concurrent Rebuild Remembered Sets and Scrub Regions 21.688ms
[56.099s][info][gc,start       ] GC(189) Pause Cleanup
[56.099s][info][gc             ] GC(189) Pause Cleanup 360M->360M(783M) 0.239ms
[56.099s][info][gc,cpu         ] GC(189) User=0.00s Sys=0.00s Real=0.00s
[56.099s][info][gc,marking     ] GC(189) Concurrent Clear Claimed Marks
[56.100s][info][gc,marking     ] GC(189) Concurrent Clear Claimed Marks 0.087ms
[56.100s][info][gc,marking     ] GC(189) Concurrent Cleanup for Next Mark
[56.100s][info][gc,marking     ] GC(189) Concurrent Cleanup for Next Mark 0.550ms
[56.100s][info][gc             ] GC(189) Concurrent Mark Cycle 64.319ms
[56.163s][info][gc,start       ] GC(190) Pause Young (Prepare Mixed) (G1 Evacuation Pause)
[56.163s][info][gc,task        ] GC(190) Using 18 workers of 33 for evacuation
[56.194s][info][gc,phases      ] GC(190)   Pre Evacuate Collection Set: 0.2ms
[56.194s][info][gc,phases      ] GC(190)   Merge Heap Roots: 0.3ms
[56.194s][info][gc,phases      ] GC(190)   Evacuate Collection Set: 29.7ms
[56.194s][info][gc,phases      ] GC(190)   Post Evacuate Collection Set: 0.5ms
[56.194s][info][gc,phases      ] GC(190)   Other: 0.2ms
[56.194s][info][gc,heap        ] GC(190) Eden regions: 237->0(286)
[56.194s][info][gc,heap        ] GC(190) Survivor regions: 19->32(32)
[56.194s][info][gc,heap        ] GC(190) Old regions: 213->268
[56.194s][info][gc,heap        ] GC(190) Archive regions: 0->0
[56.194s][info][gc,heap        ] GC(190) Humongous regions: 46->46
[56.194s][info][gc,metaspace   ] GC(190) Metaspace: 66181K(67136K)->66181K(67136K) NonClass: 57767K(58240K)->57767K(58240K) Class: 8414K(8896K)->8414K(8896K)
[56.194s][info][gc             ] GC(190) Pause Young (Prepare Mixed) (G1 Evacuation Pause) 509M->341M(783M) 31.147ms
[56.194s][info][gc,cpu         ] GC(190) User=0.56s Sys=0.00s Real=0.03s
[56.339s][info][gc,start       ] GC(191) Pause Young (Mixed) (G1 Evacuation Pause)
[56.340s][info][gc,task        ] GC(191) Using 18 workers of 33 for evacuation
[56.374s][info][gc,phases      ] GC(191)   Pre Evacuate Collection Set: 0.2ms
[56.374s][info][gc,phases      ] GC(191)   Merge Heap Roots: 0.3ms
[56.374s][info][gc,phases      ] GC(191)   Evacuate Collection Set: 33.5ms
[56.374s][info][gc,phases      ] GC(191)   Post Evacuate Collection Set: 0.5ms
[56.374s][info][gc,phases      ] GC(191)   Other: 0.2ms
[56.374s][info][gc,heap        ] GC(191) Eden regions: 286->0(254)
[56.374s][info][gc,heap        ] GC(191) Survivor regions: 32->36(40)
[56.374s][info][gc,heap        ] GC(191) Old regions: 268->301
[56.374s][info][gc,heap        ] GC(191) Archive regions: 0->0
[56.374s][info][gc,heap        ] GC(191) Humongous regions: 70->70
[56.374s][info][gc,metaspace   ] GC(191) Metaspace: 66181K(67136K)->66181K(67136K) NonClass: 57767K(58240K)->57767K(58240K) Class: 8414K(8896K)->8414K(8896K)
[56.374s][info][gc             ] GC(191) Pause Young (Mixed) (G1 Evacuation Pause) 651M->402M(783M) 34.967ms
[56.374s][info][gc,cpu         ] GC(191) User=0.56s Sys=0.00s Real=0.02s
[56.455s][info][gc,start       ] GC(192) Pause Young (Concurrent Start) (G1 Humongous Allocation)
[56.456s][info][gc,task        ] GC(192) Using 18 workers of 33 for evacuation
[56.483s][info][gc,phases      ] GC(192)   Pre Evacuate Collection Set: 0.3ms
[56.483s][info][gc,phases      ] GC(192)   Merge Heap Roots: 0.2ms
[56.483s][info][gc,phases      ] GC(192)   Evacuate Collection Set: 26.4ms
[56.483s][info][gc,phases      ] GC(192)   Post Evacuate Collection Set: 0.4ms
[56.483s][info][gc,phases      ] GC(192)   Other: 0.2ms
[56.483s][info][gc,heap        ] GC(192) Eden regions: 166->0(252)
[56.483s][info][gc,heap        ] GC(192) Survivor regions: 36->20(37)
[56.483s][info][gc,heap        ] GC(192) Old regions: 301->335
[56.483s][info][gc,heap        ] GC(192) Archive regions: 0->0
[56.483s][info][gc,heap        ] GC(192) Humongous regions: 70->70
[56.483s][info][gc,metaspace   ] GC(192) Metaspace: 66181K(67136K)->66181K(67136K) NonClass: 57767K(58240K)->57767K(58240K) Class: 8414K(8896K)->8414K(8896K)
[56.483s][info][gc             ] GC(192) Pause Young (Concurrent Start) (G1 Humongous Allocation) 568M->419M(783M) 27.784ms
[56.483s][info][gc             ] GC(193) Concurrent Mark Cycle
[56.483s][info][gc,cpu         ] GC(192) User=0.28s Sys=0.00s Real=0.01s
[56.483s][info][gc,marking     ] GC(193) Concurrent Scan Root Regions
[56.488s][info][gc,marking     ] GC(193) Concurrent Scan Root Regions 5.006ms
[56.488s][info][gc,marking     ] GC(193) Concurrent Mark
[56.488s][info][gc,marking     ] GC(193) Concurrent Mark From Roots
[56.488s][info][gc,task        ] GC(193) Using 8 workers of 8 for marking
[56.545s][info][gc,marking     ] GC(193) Concurrent Mark From Roots 56.430ms
[56.545s][info][gc,marking     ] GC(193) Concurrent Preclean
[56.545s][info][gc,marking     ] GC(193) Concurrent Preclean 0.217ms
[56.545s][info][gc,start       ] GC(193) Pause Remark
[56.548s][info][gc             ] GC(193) Pause Remark 524M->486M(820M) 2.834ms
[56.548s][info][gc,cpu         ] GC(193) User=0.27s Sys=0.00s Real=0.02s
[56.548s][info][gc,marking     ] GC(193) Concurrent Mark 59.825ms
[56.548s][info][gc,marking     ] GC(193) Concurrent Rebuild Remembered Sets and Scrub Regions
[56.593s][info][gc,marking     ] GC(193) Concurrent Rebuild Remembered Sets and Scrub Regions 44.482ms
[56.593s][info][gc,start       ] GC(193) Pause Cleanup
[56.593s][info][gc             ] GC(193) Pause Cleanup 566M->566M(820M) 0.354ms
[56.593s][info][gc,cpu         ] GC(193) User=0.00s Sys=0.00s Real=0.00s
[56.593s][info][gc,marking     ] GC(193) Concurrent Clear Claimed Marks
[56.593s][info][gc,marking     ] GC(193) Concurrent Clear Claimed Marks 0.087ms
[56.593s][info][gc,marking     ] GC(193) Concurrent Cleanup for Next Mark
[56.594s][info][gc,marking     ] GC(193) Concurrent Cleanup for Next Mark 0.727ms
[56.594s][info][gc             ] GC(193) Concurrent Mark Cycle 110.934ms
[56.635s][info][gc,start       ] GC(194) Pause Young (Prepare Mixed) (G1 Evacuation Pause)
[56.635s][info][gc,task        ] GC(194) Using 19 workers of 33 for evacuation
[56.662s][info][gc,phases      ] GC(194)   Pre Evacuate Collection Set: 0.2ms
[56.662s][info][gc,phases      ] GC(194)   Merge Heap Roots: 0.7ms
[56.662s][info][gc,phases      ] GC(194)   Evacuate Collection Set: 25.4ms
[56.662s][info][gc,phases      ] GC(194)   Post Evacuate Collection Set: 0.6ms
[56.662s][info][gc,phases      ] GC(194)   Other: 0.2ms
[56.662s][info][gc,heap        ] GC(194) Eden regions: 252->0(287)
[56.662s][info][gc,heap        ] GC(194) Survivor regions: 20->34(34)
[56.662s][info][gc,heap        ] GC(194) Old regions: 333->339
[56.662s][info][gc,heap        ] GC(194) Archive regions: 0->0
[56.662s][info][gc,heap        ] GC(194) Humongous regions: 54->54
[56.662s][info][gc,metaspace   ] GC(194) Metaspace: 66181K(67136K)->66181K(67136K) NonClass: 57767K(58240K)->57767K(58240K) Class: 8414K(8896K)->8414K(8896K)
[56.662s][info][gc             ] GC(194) Pause Young (Prepare Mixed) (G1 Evacuation Pause) 653M->422M(820M) 27.383ms
[56.662s][info][gc,cpu         ] GC(194) User=0.59s Sys=0.00s Real=0.03s
[56.804s][info][gc,start       ] GC(195) Pause Young (Mixed) (G1 Evacuation Pause)
[56.804s][info][gc,task        ] GC(195) Using 19 workers of 33 for evacuation
[56.832s][info][gc,phases      ] GC(195)   Pre Evacuate Collection Set: 0.2ms
[56.832s][info][gc,phases      ] GC(195)   Merge Heap Roots: 0.2ms
[56.832s][info][gc,phases      ] GC(195)   Evacuate Collection Set: 27.1ms
[56.832s][info][gc,phases      ] GC(195)   Post Evacuate Collection Set: 0.5ms
[56.833s][info][gc,phases      ] GC(195)   Other: 0.1ms
[56.833s][info][gc,heap        ] GC(195) Eden regions: 287->0(314)
[56.833s][info][gc,heap        ] GC(195) Survivor regions: 34->40(41)
[56.833s][info][gc,heap        ] GC(195) Old regions: 339->310
[56.833s][info][gc,heap        ] GC(195) Archive regions: 0->0
[56.833s][info][gc,heap        ] GC(195) Humongous regions: 54->54
[56.833s][info][gc,metaspace   ] GC(195) Metaspace: 66181K(67136K)->66181K(67136K) NonClass: 57767K(58240K)->57767K(58240K) Class: 8414K(8896K)->8414K(8896K)
[56.833s][info][gc             ] GC(195) Pause Young (Mixed) (G1 Evacuation Pause) 709M->399M(820M) 28.343ms
[56.833s][info][gc,cpu         ] GC(195) User=0.59s Sys=0.00s Real=0.03s
[57.017s][info][gc,start       ] GC(196) Pause Young (Concurrent Start) (G1 Humongous Allocation)
[57.017s][info][gc,task        ] GC(196) Using 19 workers of 33 for evacuation
[57.048s][info][gc,phases      ] GC(196)   Pre Evacuate Collection Set: 0.4ms
[57.048s][info][gc,phases      ] GC(196)   Merge Heap Roots: 0.2ms
[57.048s][info][gc,phases      ] GC(196)   Evacuate Collection Set: 29.3ms
[57.048s][info][gc,phases      ] GC(196)   Post Evacuate Collection Set: 0.8ms
[57.048s][info][gc,phases      ] GC(196)   Other: 0.2ms
[57.048s][info][gc,heap        ] GC(196) Eden regions: 247->0(359)
[57.048s][info][gc,heap        ] GC(196) Survivor regions: 40->39(45)
[57.048s][info][gc,heap        ] GC(196) Old regions: 310->325
[57.048s][info][gc,heap        ] GC(196) Archive regions: 0->0
[57.048s][info][gc,heap        ] GC(196) Humongous regions: 54->54
[57.048s][info][gc,metaspace   ] GC(196) Metaspace: 66181K(67136K)->66181K(67136K) NonClass: 57767K(58240K)->57767K(58240K) Class: 8414K(8896K)->8414K(8896K)
[57.048s][info][gc             ] GC(196) Pause Young (Concurrent Start) (G1 Humongous Allocation) 645M->412M(882M) 31.116ms
[57.048s][info][gc             ] GC(197) Concurrent Mark Cycle
[57.048s][info][gc,cpu         ] GC(196) User=0.59s Sys=0.00s Real=0.03s
[57.048s][info][gc,marking     ] GC(197) Concurrent Scan Root Regions
[57.055s][info][gc,marking     ] GC(197) Concurrent Scan Root Regions 7.130ms
[57.055s][info][gc,marking     ] GC(197) Concurrent Mark
[57.055s][info][gc,marking     ] GC(197) Concurrent Mark From Roots
[57.055s][info][gc,task        ] GC(197) Using 8 workers of 8 for marking
[57.108s][info][gc,marking     ] GC(197) Concurrent Mark From Roots 52.373ms
[57.108s][info][gc,marking     ] GC(197) Concurrent Preclean
[57.108s][info][gc,marking     ] GC(197) Concurrent Preclean 0.208ms
[57.108s][info][gc,start       ] GC(197) Pause Remark
[57.110s][info][gc             ] GC(197) Pause Remark 416M->324M(882M) 1.869ms
[57.110s][info][gc,cpu         ] GC(197) User=0.00s Sys=0.00s Real=0.00s
[57.110s][info][gc,marking     ] GC(197) Concurrent Mark 54.789ms
[57.110s][info][gc,marking     ] GC(197) Concurrent Rebuild Remembered Sets and Scrub Regions
[57.145s][info][gc,marking     ] GC(197) Concurrent Rebuild Remembered Sets and Scrub Regions 34.685ms
[57.145s][info][gc,start       ] GC(197) Pause Cleanup
[57.145s][info][gc             ] GC(197) Pause Cleanup 327M->327M(882M) 0.338ms
[57.145s][info][gc,cpu         ] GC(197) User=0.00s Sys=0.00s Real=0.00s
[57.146s][info][gc,marking     ] GC(197) Concurrent Clear Claimed Marks
[57.146s][info][gc,marking     ] GC(197) Concurrent Clear Claimed Marks 0.097ms
[57.146s][info][gc,marking     ] GC(197) Concurrent Cleanup for Next Mark
[57.146s][info][gc,marking     ] GC(197) Concurrent Cleanup for Next Mark 0.650ms
[57.146s][info][gc             ] GC(197) Concurrent Mark Cycle 98.177ms
[57.967s][info][gc,start       ] GC(198) Pause Young (Prepare Mixed) (G1 Evacuation Pause)
[57.968s][info][gc,task        ] GC(198) Using 21 workers of 33 for evacuation
[58.028s][info][gc,phases      ] GC(198)   Pre Evacuate Collection Set: 0.2ms
[58.028s][info][gc,phases      ] GC(198)   Merge Heap Roots: 0.6ms
[58.028s][info][gc,phases      ] GC(198)   Evacuate Collection Set: 58.8ms
[58.028s][info][gc,phases      ] GC(198)   Post Evacuate Collection Set: 0.7ms
[58.028s][info][gc,phases      ] GC(198)   Other: 0.2ms
[58.028s][info][gc,heap        ] GC(198) Eden regions: 359->0(321)
[58.028s][info][gc,heap        ] GC(198) Survivor regions: 39->50(50)
[58.028s][info][gc,heap        ] GC(198) Old regions: 257->297
[58.028s][info][gc,heap        ] GC(198) Archive regions: 0->0
[58.028s][info][gc,heap        ] GC(198) Humongous regions: 108->98
[58.028s][info][gc,metaspace   ] GC(198) Metaspace: 66232K(67200K)->66232K(67200K) NonClass: 57816K(58304K)->57816K(58304K) Class: 8416K(8896K)->8416K(8896K)
[58.029s][info][gc             ] GC(198) Pause Young (Prepare Mixed) (G1 Evacuation Pause) 757M->440M(882M) 61.060ms
[58.029s][info][gc,cpu         ] GC(198) User=1.31s Sys=0.00s Real=0.06s
[58.396s][info][gc,start       ] GC(199) Pause Young (Mixed) (G1 Evacuation Pause)
[58.396s][info][gc,task        ] GC(199) Using 21 workers of 33 for evacuation
[58.447s][info][gc,phases      ] GC(199)   Pre Evacuate Collection Set: 0.2ms
[58.447s][info][gc,phases      ] GC(199)   Merge Heap Roots: 0.6ms
[58.447s][info][gc,phases      ] GC(199)   Evacuate Collection Set: 49.7ms
[58.447s][info][gc,phases      ] GC(199)   Post Evacuate Collection Set: 0.6ms
[58.447s][info][gc,phases      ] GC(199)   Other: 0.1ms
[58.447s][info][gc,heap        ] GC(199) Eden regions: 321->0(285)
[58.447s][info][gc,heap        ] GC(199) Survivor regions: 50->47(47)
[58.448s][info][gc,heap        ] GC(199) Old regions: 297->327
[58.448s][info][gc,heap        ] GC(199) Archive regions: 0->0
[58.448s][info][gc,heap        ] GC(199) Humongous regions: 127->122
[58.448s][info][gc,metaspace   ] GC(199) Metaspace: 66277K(67264K)->66277K(67264K) NonClass: 57861K(58368K)->57861K(58368K) Class: 8416K(8896K)->8416K(8896K)
[58.448s][info][gc             ] GC(199) Pause Young (Mixed) (G1 Evacuation Pause) 790M->491M(895M) 51.618ms
[58.448s][info][gc,cpu         ] GC(199) User=0.98s Sys=0.00s Real=0.05s
[58.675s][info][gc,start       ] GC(200) Pause Young (Concurrent Start) (G1 Humongous Allocation)
[58.675s][info][gc,task        ] GC(200) Using 21 workers of 33 for evacuation
[58.697s][info][gc,phases      ] GC(200)   Pre Evacuate Collection Set: 0.3ms
[58.697s][info][gc,phases      ] GC(200)   Merge Heap Roots: 0.2ms
[58.697s][info][gc,phases      ] GC(200)   Evacuate Collection Set: 21.2ms
[58.697s][info][gc,phases      ] GC(200)   Post Evacuate Collection Set: 0.5ms
[58.697s][info][gc,phases      ] GC(200)   Other: 0.1ms
[58.697s][info][gc,heap        ] GC(200) Eden regions: 133->0(296)
[58.697s][info][gc,heap        ] GC(200) Survivor regions: 47->7(42)
[58.697s][info][gc,heap        ] GC(200) Old regions: 327->376
[58.697s][info][gc,heap        ] GC(200) Archive regions: 0->0
[58.697s][info][gc,heap        ] GC(200) Humongous regions: 122->122
[58.697s][info][gc,metaspace   ] GC(200) Metaspace: 66289K(67328K)->66289K(67328K) NonClass: 57873K(58432K)->57873K(58432K) Class: 8416K(8896K)->8416K(8896K)
[58.697s][info][gc             ] GC(200) Pause Young (Concurrent Start) (G1 Humongous Allocation) 624M->499M(895M) 22.707ms
[58.697s][info][gc             ] GC(201) Concurrent Mark Cycle
[58.698s][info][gc,cpu         ] GC(200) User=0.66s Sys=0.00s Real=0.03s
[58.698s][info][gc,marking     ] GC(201) Concurrent Scan Root Regions
[58.701s][info][gc,marking     ] GC(201) Concurrent Scan Root Regions 3.187ms
[58.701s][info][gc,marking     ] GC(201) Concurrent Mark
[58.701s][info][gc,marking     ] GC(201) Concurrent Mark From Roots
[58.701s][info][gc,task        ] GC(201) Using 8 workers of 8 for marking
[58.733s][info][gc,marking     ] GC(201) Concurrent Mark From Roots 32.018ms
[58.733s][info][gc,marking     ] GC(201) Concurrent Preclean
[58.733s][info][gc,marking     ] GC(201) Concurrent Preclean 0.188ms
[58.733s][info][gc,start       ] GC(201) Pause Remark
[58.735s][info][gc             ] GC(201) Pause Remark 523M->290M(895M) 1.998ms
[58.735s][info][gc,cpu         ] GC(201) User=0.00s Sys=0.00s Real=0.00s
[58.735s][info][gc,marking     ] GC(201) Concurrent Mark 34.527ms
[58.735s][info][gc,marking     ] GC(201) Concurrent Rebuild Remembered Sets and Scrub Regions
[58.753s][info][gc,marking     ] GC(201) Concurrent Rebuild Remembered Sets and Scrub Regions 17.354ms
[58.753s][info][gc,start       ] GC(201) Pause Cleanup
[58.753s][info][gc             ] GC(201) Pause Cleanup 318M->318M(895M) 0.262ms
[58.753s][info][gc,cpu         ] GC(201) User=0.00s Sys=0.00s Real=0.00s
[58.753s][info][gc,marking     ] GC(201) Concurrent Clear Claimed Marks
[58.753s][info][gc,marking     ] GC(201) Concurrent Clear Claimed Marks 0.101ms
[58.753s][info][gc,marking     ] GC(201) Concurrent Cleanup for Next Mark
[58.754s][info][gc,marking     ] GC(201) Concurrent Cleanup for Next Mark 0.607ms
[58.754s][info][gc             ] GC(201) Concurrent Mark Cycle 56.495ms
[58.875s][info][gc,start       ] GC(202) Pause Young (Prepare Mixed) (G1 Evacuation Pause)
[58.875s][info][gc,task        ] GC(202) Using 21 workers of 33 for evacuation
[58.892s][info][gc,phases      ] GC(202)   Pre Evacuate Collection Set: 0.2ms
[58.893s][info][gc,phases      ] GC(202)   Merge Heap Roots: 0.2ms
[58.893s][info][gc,phases      ] GC(202)   Evacuate Collection Set: 16.6ms
[58.893s][info][gc,phases      ] GC(202)   Post Evacuate Collection Set: 0.6ms
[58.893s][info][gc,phases      ] GC(202)   Other: 0.1ms
[58.893s][info][gc,heap        ] GC(202) Eden regions: 296->0(446)
[58.893s][info][gc,heap        ] GC(202) Survivor regions: 7->38(38)
[58.893s][info][gc,heap        ] GC(202) Old regions: 252->252
[58.893s][info][gc,heap        ] GC(202) Archive regions: 0->0
[58.893s][info][gc,heap        ] GC(202) Humongous regions: 30->25
[58.893s][info][gc,metaspace   ] GC(202) Metaspace: 66308K(67328K)->66308K(67328K) NonClass: 57892K(58432K)->57892K(58432K) Class: 8416K(8896K)->8416K(8896K)
[58.893s][info][gc             ] GC(202) Pause Young (Prepare Mixed) (G1 Evacuation Pause) 579M->309M(895M) 17.852ms
[58.893s][info][gc,cpu         ] GC(202) User=0.33s Sys=0.00s Real=0.02s
[59.414s][info][gc,start       ] GC(203) Pause Young (Mixed) (G1 Evacuation Pause)
[59.414s][info][gc,task        ] GC(203) Using 21 workers of 33 for evacuation
[59.476s][info][gc,phases      ] GC(203)   Pre Evacuate Collection Set: 0.2ms
[59.476s][info][gc,phases      ] GC(203)   Merge Heap Roots: 0.4ms
[59.476s][info][gc,phases      ] GC(203)   Evacuate Collection Set: 60.4ms
[59.476s][info][gc,phases      ] GC(203)   Post Evacuate Collection Set: 0.6ms
[59.476s][info][gc,phases      ] GC(203)   Other: 0.1ms
[59.476s][info][gc,heap        ] GC(203) Eden regions: 325->0(388)
[59.476s][info][gc,heap        ] GC(203) Survivor regions: 38->44(61)
[59.476s][info][gc,heap        ] GC(203) Old regions: 252->271
[59.476s][info][gc,heap        ] GC(203) Archive regions: 0->0
[59.476s][info][gc,heap        ] GC(203) Humongous regions: 293->163
[59.476s][info][gc,metaspace   ] GC(203) Metaspace: 66345K(67328K)->66345K(67328K) NonClass: 57929K(58432K)->57929K(58432K) Class: 8416K(8896K)->8416K(8896K)
[59.476s][info][gc             ] GC(203) Pause Young (Mixed) (G1 Evacuation Pause) 902M->473M(988M) 62.037ms
[59.476s][info][gc,cpu         ] GC(203) User=0.95s Sys=0.03s Real=0.05s
[59.477s][info][gc,start       ] GC(204) Pause Young (Concurrent Start) (G1 Humongous Allocation)
[59.477s][info][gc,task        ] GC(204) Using 23 workers of 33 for evacuation
[59.496s][info][gc,phases      ] GC(204)   Pre Evacuate Collection Set: 0.2ms
[59.496s][info][gc,phases      ] GC(204)   Merge Heap Roots: 0.1ms
[59.496s][info][gc,phases      ] GC(204)   Evacuate Collection Set: 18.2ms
[59.496s][info][gc,phases      ] GC(204)   Post Evacuate Collection Set: 0.3ms
[59.496s][info][gc,phases      ] GC(204)   Other: 0.1ms
[59.496s][info][gc,heap        ] GC(204) Eden regions: 2->0(384)
[59.496s][info][gc,heap        ] GC(204) Survivor regions: 44->2(54)
[59.496s][info][gc,heap        ] GC(204) Old regions: 271->315
[59.496s][info][gc,heap        ] GC(204) Archive regions: 0->0
[59.496s][info][gc,heap        ] GC(204) Humongous regions: 163->160
[59.496s][info][gc,metaspace   ] GC(204) Metaspace: 66345K(67328K)->66345K(67328K) NonClass: 57929K(58432K)->57929K(58432K) Class: 8416K(8896K)->8416K(8896K)
[59.496s][info][gc             ] GC(204) Pause Young (Concurrent Start) (G1 Humongous Allocation) 474M->472M(988M) 19.112ms
[59.496s][info][gc             ] GC(205) Concurrent Mark Cycle
[59.496s][info][gc,cpu         ] GC(204) User=0.36s Sys=0.00s Real=0.02s
[59.496s][info][gc,marking     ] GC(205) Concurrent Scan Root Regions
[59.500s][info][gc,marking     ] GC(205) Concurrent Scan Root Regions 3.947ms
[59.500s][info][gc,marking     ] GC(205) Concurrent Mark
[59.500s][info][gc,marking     ] GC(205) Concurrent Mark From Roots
[59.500s][info][gc,task        ] GC(205) Using 8 workers of 8 for marking
[59.533s][info][gc,marking     ] GC(205) Concurrent Mark From Roots 32.327ms
[59.533s][info][gc,marking     ] GC(205) Concurrent Preclean
[59.533s][info][gc,marking     ] GC(205) Concurrent Preclean 0.211ms
[59.533s][info][gc,start       ] GC(205) Pause Remark
[59.535s][info][gc             ] GC(205) Pause Remark 590M->459M(988M) 2.099ms
[59.535s][info][gc,cpu         ] GC(205) User=0.00s Sys=0.00s Real=0.00s
[59.535s][info][gc,marking     ] GC(205) Concurrent Mark 34.989ms
[59.535s][info][gc,marking     ] GC(205) Concurrent Rebuild Remembered Sets and Scrub Regions
[59.553s][info][gc,marking     ] GC(205) Concurrent Rebuild Remembered Sets and Scrub Regions 17.425ms
[59.553s][info][gc,start       ] GC(205) Pause Cleanup
[59.553s][info][gc             ] GC(205) Pause Cleanup 501M->501M(988M) 0.307ms
[59.553s][info][gc,cpu         ] GC(205) User=0.00s Sys=0.00s Real=0.00s
[59.553s][info][gc,marking     ] GC(205) Concurrent Clear Claimed Marks
[59.553s][info][gc,marking     ] GC(205) Concurrent Clear Claimed Marks 0.087ms
[59.553s][info][gc,marking     ] GC(205) Concurrent Cleanup for Next Mark
[59.554s][info][gc,marking     ] GC(205) Concurrent Cleanup for Next Mark 0.821ms
[59.554s][info][gc             ] GC(205) Concurrent Mark Cycle 58.020ms
[59.712s][info][gc,start       ] GC(206) Pause Young (Prepare Mixed) (G1 Evacuation Pause)
[59.712s][info][gc,task        ] GC(206) Using 23 workers of 33 for evacuation
[59.745s][info][gc,phases      ] GC(206)   Pre Evacuate Collection Set: 0.2ms
[59.745s][info][gc,phases      ] GC(206)   Merge Heap Roots: 0.4ms
[59.745s][info][gc,phases      ] GC(206)   Evacuate Collection Set: 31.6ms
[59.745s][info][gc,phases      ] GC(206)   Post Evacuate Collection Set: 0.6ms
[59.745s][info][gc,phases      ] GC(206)   Other: 0.2ms
[59.745s][info][gc,heap        ] GC(206) Eden regions: 384->0(403)
[59.745s][info][gc,heap        ] GC(206) Survivor regions: 2->49(49)
[59.745s][info][gc,heap        ] GC(206) Old regions: 263->263
[59.745s][info][gc,heap        ] GC(206) Archive regions: 0->0
[59.745s][info][gc,heap        ] GC(206) Humongous regions: 155->133
[59.745s][info][gc,metaspace   ] GC(206) Metaspace: 66353K(67328K)->66353K(67328K) NonClass: 57937K(58432K)->57937K(58432K) Class: 8416K(8896K)->8416K(8896K)
[59.745s][info][gc             ] GC(206) Pause Young (Prepare Mixed) (G1 Evacuation Pause) 799M->440M(988M) 33.379ms
[59.745s][info][gc,cpu         ] GC(206) User=0.72s Sys=0.00s Real=0.03s
[59.962s][info][gc,start       ] GC(207) Pause Full (System.gc())
[59.962s][info][gc,task        ] GC(207) Using 23 workers of 33 for full compaction
[59.963s][info][gc,phases,start] GC(207) Phase 1: Mark live objects
[59.996s][info][gc,phases      ] GC(207) Phase 1: Mark live objects 32.584ms
[59.996s][info][gc,phases,start] GC(207) Phase 2: Prepare compaction
[60.000s][info][gc,phases      ] GC(207) Phase 2: Prepare compaction 4.266ms
[60.000s][info][gc,phases,start] GC(207) Phase 3: Adjust pointers
[60.010s][info][gc,phases      ] GC(207) Phase 3: Adjust pointers 9.762ms
[60.010s][info][gc,phases,start] GC(207) Phase 4: Compact heap
[60.011s][info][gc,phases      ] GC(207) Phase 4: Compact heap 0.605ms
[60.021s][info][gc,heap        ] GC(207) Eden regions: 384->0(281)
[60.021s][info][gc,heap        ] GC(207) Survivor regions: 49->0(49)
[60.021s][info][gc,heap        ] GC(207) Old regions: 263->154
[60.021s][info][gc,heap        ] GC(207) Archive regions: 0->0
[60.021s][info][gc,heap        ] GC(207) Humongous regions: 136->10
[60.021s][info][gc,metaspace   ] GC(207) Metaspace: 66353K(67328K)->66353K(67328K) NonClass: 57937K(58432K)->57937K(58432K) Class: 8416K(8896K)->8416K(8896K)
[60.021s][info][gc             ] GC(207) Pause Full (System.gc()) 827M->148M(547M) 58.439ms
[60.021s][info][gc,cpu         ] GC(207) User=0.73s Sys=0.22s Real=0.06s
[60.055s][info][gc,start       ] GC(208) Pause Young (Concurrent Start) (G1 Humongous Allocation)
[60.055s][info][gc,task        ] GC(208) Using 18 workers of 33 for evacuation
[60.057s][info][gc,phases      ] GC(208)   Pre Evacuate Collection Set: 0.3ms
[60.057s][info][gc,phases      ] GC(208)   Merge Heap Roots: 0.1ms
[60.057s][info][gc,phases      ] GC(208)   Evacuate Collection Set: 1.1ms
[60.057s][info][gc,phases      ] GC(208)   Post Evacuate Collection Set: 0.9ms
[60.057s][info][gc,phases      ] GC(208)   Other: 0.2ms
[60.057s][info][gc,heap        ] GC(208) Eden regions: 20->0(355)
[60.057s][info][gc,heap        ] GC(208) Survivor regions: 0->6(36)
[60.057s][info][gc,heap        ] GC(208) Old regions: 154->154
[60.057s][info][gc,heap        ] GC(208) Archive regions: 0->0
[60.057s][info][gc,heap        ] GC(208) Humongous regions: 10->10
[60.057s][info][gc,metaspace   ] GC(208) Metaspace: 66364K(67392K)->66364K(67392K) NonClass: 57948K(58496K)->57948K(58496K) Class: 8416K(8896K)->8416K(8896K)
[60.058s][info][gc             ] GC(208) Pause Young (Concurrent Start) (G1 Humongous Allocation) 167M->154M(625M) 3.023ms
[60.058s][info][gc             ] GC(209) Concurrent Mark Cycle
[60.058s][info][gc,cpu         ] GC(208) User=0.00s Sys=0.02s Real=0.02s
[60.058s][info][gc,marking     ] GC(209) Concurrent Scan Root Regions
[60.059s][info][gc,marking     ] GC(209) Concurrent Scan Root Regions 1.115ms
[60.059s][info][gc,marking     ] GC(209) Concurrent Mark
[60.059s][info][gc,marking     ] GC(209) Concurrent Mark From Roots
[60.059s][info][gc,task        ] GC(209) Using 8 workers of 8 for marking
[60.108s][info][gc,marking     ] GC(209) Concurrent Mark From Roots 48.805ms
[60.108s][info][gc,marking     ] GC(209) Concurrent Preclean
[60.108s][info][gc,marking     ] GC(209) Concurrent Preclean 0.182ms
[60.108s][info][gc,start       ] GC(209) Pause Remark
[60.110s][info][gc             ] GC(209) Pause Remark 197M->197M(625M) 1.963ms
[60.110s][info][gc,cpu         ] GC(209) User=0.00s Sys=0.00s Real=0.00s
[60.110s][info][gc,marking     ] GC(209) Concurrent Mark 51.313ms
[60.110s][info][gc,marking     ] GC(209) Concurrent Rebuild Remembered Sets and Scrub Regions
[60.123s][info][gc,marking     ] GC(209) Concurrent Rebuild Remembered Sets and Scrub Regions 12.872ms
[60.123s][info][gc,start       ] GC(209) Pause Cleanup
[60.123s][info][gc             ] GC(209) Pause Cleanup 222M->222M(625M) 0.185ms
[60.123s][info][gc,cpu         ] GC(209) User=0.00s Sys=0.00s Real=0.00s
[60.123s][info][gc,marking     ] GC(209) Concurrent Clear Claimed Marks
[60.124s][info][gc,marking     ] GC(209) Concurrent Clear Claimed Marks 0.084ms
[60.124s][info][gc,marking     ] GC(209) Concurrent Cleanup for Next Mark
[60.124s][info][gc,marking     ] GC(209) Concurrent Cleanup for Next Mark 0.435ms
[60.124s][info][gc             ] GC(209) Concurrent Mark Cycle 66.438ms
[60.284s][info][gc,start       ] GC(210) Pause Young (Prepare Mixed) (G1 Evacuation Pause)
[60.284s][info][gc,task        ] GC(210) Using 16 workers of 33 for evacuation
[60.318s][info][gc,phases      ] GC(210)   Pre Evacuate Collection Set: 0.2ms
[60.318s][info][gc,phases      ] GC(210)   Merge Heap Roots: 0.3ms
[60.319s][info][gc,phases      ] GC(210)   Evacuate Collection Set: 33.0ms
[60.319s][info][gc,phases      ] GC(210)   Post Evacuate Collection Set: 0.5ms
[60.319s][info][gc,phases      ] GC(210)   Other: 0.2ms
[60.319s][info][gc,heap        ] GC(210) Eden regions: 355->0(255)
[60.319s][info][gc,heap        ] GC(210) Survivor regions: 6->46(46)
[60.319s][info][gc,heap        ] GC(210) Old regions: 154->196
[60.319s][info][gc,heap        ] GC(210) Archive regions: 0->0
[60.319s][info][gc,heap        ] GC(210) Humongous regions: 51->46
[60.319s][info][gc,metaspace   ] GC(210) Metaspace: 66371K(67392K)->66371K(67392K) NonClass: 57955K(58496K)->57955K(58496K) Class: 8416K(8896K)->8416K(8896K)
[60.319s][info][gc             ] GC(210) Pause Young (Prepare Mixed) (G1 Evacuation Pause) 550M->271M(654M) 34.812ms
[60.319s][info][gc,cpu         ] GC(210) User=0.48s Sys=0.02s Real=0.03s
[60.444s][info][gc,start       ] GC(211) Pause Young (Mixed) (G1 Evacuation Pause)
[60.444s][info][gc,task        ] GC(211) Using 15 workers of 33 for evacuation
[60.480s][info][gc,phases      ] GC(211)   Pre Evacuate Collection Set: 0.2ms
[60.480s][info][gc,phases      ] GC(211)   Merge Heap Roots: 0.4ms
[60.480s][info][gc,phases      ] GC(211)   Evacuate Collection Set: 35.0ms
[60.480s][info][gc,phases      ] GC(211)   Post Evacuate Collection Set: 0.4ms
[60.480s][info][gc,phases      ] GC(211)   Other: 0.2ms
[60.480s][info][gc,heap        ] GC(211) Eden regions: 255->0(234)
[60.480s][info][gc,heap        ] GC(211) Survivor regions: 46->31(38)
[60.480s][info][gc,heap        ] GC(211) Old regions: 196->242
[60.480s][info][gc,heap        ] GC(211) Archive regions: 0->0
[60.480s][info][gc,heap        ] GC(211) Humongous regions: 58->58
[60.480s][info][gc,metaspace   ] GC(211) Metaspace: 66371K(67392K)->66371K(67392K) NonClass: 57955K(58496K)->57955K(58496K) Class: 8416K(8896K)->8416K(8896K)
[60.480s][info][gc             ] GC(211) Pause Young (Mixed) (G1 Evacuation Pause) 538M->317M(654M) 36.443ms
[60.480s][info][gc,cpu         ] GC(211) User=0.47s Sys=0.00s Real=0.03s
[60.544s][info][gc,start       ] GC(212) Pause Young (Concurrent Start) (G1 Humongous Allocation)
[60.544s][info][gc,task        ] GC(212) Using 15 workers of 33 for evacuation
[60.564s][info][gc,phases      ] GC(212)   Pre Evacuate Collection Set: 0.3ms
[60.564s][info][gc,phases      ] GC(212)   Merge Heap Roots: 0.2ms
[60.564s][info][gc,phases      ] GC(212)   Evacuate Collection Set: 19.5ms
[60.564s][info][gc,phases      ] GC(212)   Post Evacuate Collection Set: 0.5ms
[60.564s][info][gc,phases      ] GC(212)   Other: 0.2ms
[60.565s][info][gc,heap        ] GC(212) Eden regions: 112->0(233)
[60.565s][info][gc,heap        ] GC(212) Survivor regions: 31->14(34)
[60.565s][info][gc,heap        ] GC(212) Old regions: 242->269
[60.565s][info][gc,heap        ] GC(212) Archive regions: 0->0
[60.565s][info][gc,heap        ] GC(212) Humongous regions: 58->58
[60.565s][info][gc,metaspace   ] GC(212) Metaspace: 66371K(67392K)->66371K(67392K) NonClass: 57955K(58496K)->57955K(58496K) Class: 8416K(8896K)->8416K(8896K)
[60.565s][info][gc             ] GC(212) Pause Young (Concurrent Start) (G1 Humongous Allocation) 429M->327M(654M) 21.141ms
[60.565s][info][gc             ] GC(213) Concurrent Mark Cycle
[60.565s][info][gc,cpu         ] GC(212) User=0.22s Sys=0.02s Real=0.02s
[60.565s][info][gc,marking     ] GC(213) Concurrent Scan Root Regions
[60.569s][info][gc,marking     ] GC(213) Concurrent Scan Root Regions 4.513ms
[60.569s][info][gc,marking     ] GC(213) Concurrent Mark
[60.569s][info][gc,marking     ] GC(213) Concurrent Mark From Roots
[60.569s][info][gc,task        ] GC(213) Using 8 workers of 8 for marking
[60.631s][info][gc,marking     ] GC(213) Concurrent Mark From Roots 61.485ms
[60.631s][info][gc,marking     ] GC(213) Concurrent Preclean
[60.631s][info][gc,marking     ] GC(213) Concurrent Preclean 0.161ms
[60.631s][info][gc,start       ] GC(213) Pause Remark
[60.633s][info][gc             ] GC(213) Pause Remark 422M->400M(690M) 2.177ms
[60.633s][info][gc,cpu         ] GC(213) User=0.00s Sys=0.00s Real=0.00s
[60.633s][info][gc,marking     ] GC(213) Concurrent Mark 64.145ms
[60.634s][info][gc,marking     ] GC(213) Concurrent Rebuild Remembered Sets and Scrub Regions
[60.678s][info][gc,marking     ] GC(213) Concurrent Rebuild Remembered Sets and Scrub Regions 44.017ms
[60.678s][info][gc,start       ] GC(213) Pause Cleanup
[60.678s][info][gc             ] GC(213) Pause Cleanup 463M->463M(690M) 0.270ms
[60.678s][info][gc,cpu         ] GC(213) User=0.00s Sys=0.00s Real=0.00s
[60.678s][info][gc,marking     ] GC(213) Concurrent Clear Claimed Marks
[60.678s][info][gc,marking     ] GC(213) Concurrent Clear Claimed Marks 0.110ms
[60.678s][info][gc,marking     ] GC(213) Concurrent Cleanup for Next Mark
[60.679s][info][gc,marking     ] GC(213) Concurrent Cleanup for Next Mark 0.571ms
[60.679s][info][gc             ] GC(213) Concurrent Mark Cycle 114.168ms
[60.733s][info][gc,start       ] GC(214) Pause Young (Prepare Mixed) (G1 Evacuation Pause)
[60.734s][info][gc,task        ] GC(214) Using 16 workers of 33 for evacuation
[60.755s][info][gc,phases      ] GC(214)   Pre Evacuate Collection Set: 0.2ms
[60.755s][info][gc,phases      ] GC(214)   Merge Heap Roots: 0.6ms
[60.755s][info][gc,phases      ] GC(214)   Evacuate Collection Set: 20.0ms
[60.755s][info][gc,phases      ] GC(214)   Post Evacuate Collection Set: 0.5ms
[60.755s][info][gc,phases      ] GC(214)   Other: 0.2ms
[60.755s][info][gc,heap        ] GC(214) Eden regions: 233->0(258)
[60.755s][info][gc,heap        ] GC(214) Survivor regions: 14->30(31)
[60.755s][info][gc,heap        ] GC(214) Old regions: 269->269
[60.755s][info][gc,heap        ] GC(214) Archive regions: 0->0
[60.755s][info][gc,heap        ] GC(214) Humongous regions: 51->51
[60.755s][info][gc,metaspace   ] GC(214) Metaspace: 66371K(67392K)->66371K(67392K) NonClass: 57955K(58496K)->57955K(58496K) Class: 8416K(8896K)->8416K(8896K)
[60.755s][info][gc             ] GC(214) Pause Young (Prepare Mixed) (G1 Evacuation Pause) 553M->337M(690M) 22.068ms
[60.756s][info][gc,cpu         ] GC(214) User=0.50s Sys=0.00s Real=0.03s
[60.913s][info][gc,start       ] GC(215) Pause Young (Mixed) (G1 Evacuation Pause)
[60.913s][info][gc,task        ] GC(215) Using 16 workers of 33 for evacuation
[60.938s][info][gc,phases      ] GC(215)   Pre Evacuate Collection Set: 0.2ms
[60.938s][info][gc,phases      ] GC(215)   Merge Heap Roots: 0.2ms
[60.938s][info][gc,phases      ] GC(215)   Evacuate Collection Set: 24.2ms
[60.938s][info][gc,phases      ] GC(215)   Post Evacuate Collection Set: 0.4ms
[60.938s][info][gc,phases      ] GC(215)   Other: 0.1ms
[60.938s][info][gc,heap        ] GC(215) Eden regions: 258->0(258)
[60.938s][info][gc,heap        ] GC(215) Survivor regions: 30->33(36)
[60.938s][info][gc,heap        ] GC(215) Old regions: 269->275
[60.938s][info][gc,heap        ] GC(215) Archive regions: 0->0
[60.938s][info][gc,heap        ] GC(215) Humongous regions: 51->51
[60.938s][info][gc,metaspace   ] GC(215) Metaspace: 66371K(67392K)->66371K(67392K) NonClass: 57955K(58496K)->57955K(58496K) Class: 8416K(8896K)->8416K(8896K)
[60.938s][info][gc             ] GC(215) Pause Young (Mixed) (G1 Evacuation Pause) 595M->351M(690M) 25.305ms
[60.938s][info][gc,cpu         ] GC(215) User=0.25s Sys=0.00s Real=0.02s
[61.096s][info][gc,start       ] GC(216) Pause Young (Concurrent Start) (G1 Evacuation Pause)
[61.096s][info][gc,task        ] GC(216) Using 16 workers of 33 for evacuation
[61.122s][info][gc,phases      ] GC(216)   Pre Evacuate Collection Set: 0.3ms
[61.122s][info][gc,phases      ] GC(216)   Merge Heap Roots: 0.2ms
[61.122s][info][gc,phases      ] GC(216)   Evacuate Collection Set: 24.8ms
[61.122s][info][gc,phases      ] GC(216)   Post Evacuate Collection Set: 0.9ms
[61.122s][info][gc,phases      ] GC(216)   Other: 0.1ms
[61.122s][info][gc,heap        ] GC(216) Eden regions: 258->0(308)
[61.122s][info][gc,heap        ] GC(216) Survivor regions: 33->33(37)
[61.122s][info][gc,heap        ] GC(216) Old regions: 275->289
[61.122s][info][gc,heap        ] GC(216) Archive regions: 0->0
[61.122s][info][gc,heap        ] GC(216) Humongous regions: 51->51
[61.122s][info][gc,metaspace   ] GC(216) Metaspace: 66371K(67392K)->66371K(67392K) NonClass: 57955K(58496K)->57955K(58496K) Class: 8416K(8896K)->8416K(8896K)
[61.122s][info][gc             ] GC(216) Pause Young (Concurrent Start) (G1 Evacuation Pause) 609M->364M(762M) 26.561ms
[61.122s][info][gc             ] GC(217) Concurrent Mark Cycle
[61.122s][info][gc,cpu         ] GC(216) User=0.25s Sys=0.00s Real=0.01s
[61.122s][info][gc,marking     ] GC(217) Concurrent Scan Root Regions
[61.128s][info][gc,marking     ] GC(217) Concurrent Scan Root Regions 5.368ms
[61.128s][info][gc,marking     ] GC(217) Concurrent Mark
[61.128s][info][gc,marking     ] GC(217) Concurrent Mark From Roots
[61.128s][info][gc,task        ] GC(217) Using 8 workers of 8 for marking
[61.178s][info][gc,marking     ] GC(217) Concurrent Mark From Roots 50.086ms
[61.178s][info][gc,marking     ] GC(217) Concurrent Preclean
[61.178s][info][gc,marking     ] GC(217) Concurrent Preclean 0.272ms
[61.178s][info][gc,start       ] GC(217) Pause Remark
[61.180s][info][gc             ] GC(217) Pause Remark 386M->325M(762M) 1.901ms
[61.180s][info][gc,cpu         ] GC(217) User=0.00s Sys=0.00s Real=0.00s
[61.180s][info][gc,marking     ] GC(217) Concurrent Mark 52.581ms
[61.180s][info][gc,marking     ] GC(217) Concurrent Rebuild Remembered Sets and Scrub Regions
[61.212s][info][gc,marking     ] GC(217) Concurrent Rebuild Remembered Sets and Scrub Regions 31.558ms
[61.212s][info][gc,start       ] GC(217) Pause Cleanup
[61.212s][info][gc             ] GC(217) Pause Cleanup 341M->341M(762M) 0.328ms
[61.212s][info][gc,cpu         ] GC(217) User=0.00s Sys=0.00s Real=0.00s
[61.212s][info][gc,marking     ] GC(217) Concurrent Clear Claimed Marks
[61.212s][info][gc,marking     ] GC(217) Concurrent Clear Claimed Marks 0.079ms
[61.213s][info][gc,marking     ] GC(217) Concurrent Cleanup for Next Mark
[61.213s][info][gc,marking     ] GC(217) Concurrent Cleanup for Next Mark 0.597ms
[61.213s][info][gc             ] GC(217) Concurrent Mark Cycle 90.967ms
[61.753s][info][gc,start       ] GC(218) Pause Young (Prepare Mixed) (G1 Evacuation Pause)
[61.753s][info][gc,task        ] GC(218) Using 18 workers of 33 for evacuation
[61.788s][info][gc,phases      ] GC(218)   Pre Evacuate Collection Set: 0.2ms
[61.788s][info][gc,phases      ] GC(218)   Merge Heap Roots: 0.5ms
[61.788s][info][gc,phases      ] GC(218)   Evacuate Collection Set: 34.2ms
[61.788s][info][gc,phases      ] GC(218)   Post Evacuate Collection Set: 0.6ms
[61.788s][info][gc,phases      ] GC(218)   Other: 0.1ms
[61.788s][info][gc,heap        ] GC(218) Eden regions: 308->0(342)
[61.788s][info][gc,heap        ] GC(218) Survivor regions: 33->31(43)
[61.788s][info][gc,heap        ] GC(218) Old regions: 251->266
[61.788s][info][gc,heap        ] GC(218) Archive regions: 0->0
[61.788s][info][gc,heap        ] GC(218) Humongous regions: 48->48
[61.788s][info][gc,metaspace   ] GC(218) Metaspace: 66374K(67392K)->66374K(67392K) NonClass: 57958K(58496K)->57958K(58496K) Class: 8416K(8896K)->8416K(8896K)
[61.788s][info][gc             ] GC(218) Pause Young (Prepare Mixed) (G1 Evacuation Pause) 631M->336M(762M) 35.787ms
[61.788s][info][gc,cpu         ] GC(218) User=0.56s Sys=0.00s Real=0.03s
[62.820s][info][gc,start       ] GC(219) Pause Young (Mixed) (G1 Evacuation Pause)
[62.820s][info][gc,task        ] GC(219) Using 18 workers of 33 for evacuation
[62.870s][info][gc,phases      ] GC(219)   Pre Evacuate Collection Set: 0.2ms
[62.870s][info][gc,phases      ] GC(219)   Merge Heap Roots: 0.6ms
[62.870s][info][gc,phases      ] GC(219)   Evacuate Collection Set: 47.9ms
[62.870s][info][gc,phases      ] GC(219)   Post Evacuate Collection Set: 0.7ms
[62.870s][info][gc,phases      ] GC(219)   Other: 0.2ms
[62.870s][info][gc,heap        ] GC(219) Eden regions: 342->0(316)
[62.870s][info][gc,heap        ] GC(219) Survivor regions: 31->47(47)
[62.870s][info][gc,heap        ] GC(219) Old regions: 266->262
[62.870s][info][gc,heap        ] GC(219) Archive regions: 0->0
[62.870s][info][gc,heap        ] GC(219) Humongous regions: 84->79
[62.870s][info][gc,metaspace   ] GC(219) Metaspace: 66381K(67392K)->66381K(67392K) NonClass: 57964K(58496K)->57964K(58496K) Class: 8416K(8896K)->8416K(8896K)
[62.870s][info][gc             ] GC(219) Pause Young (Mixed) (G1 Evacuation Pause) 714M->383M(793M) 50.068ms
[62.870s][info][gc,cpu         ] GC(219) User=0.83s Sys=0.02s Real=0.05s
[62.875s][info][gc,start       ] GC(220) Pause Young (Concurrent Start) (G1 Humongous Allocation)
[62.875s][info][gc,task        ] GC(220) Using 19 workers of 33 for evacuation
[62.894s][info][gc,phases      ] GC(220)   Pre Evacuate Collection Set: 0.2ms
[62.894s][info][gc,phases      ] GC(220)   Merge Heap Roots: 0.1ms
[62.894s][info][gc,phases      ] GC(220)   Evacuate Collection Set: 17.9ms
[62.894s][info][gc,phases      ] GC(220)   Post Evacuate Collection Set: 0.4ms
[62.894s][info][gc,phases      ] GC(220)   Other: 0.2ms
[62.894s][info][gc,heap        ] GC(220) Eden regions: 10->0(299)
[62.894s][info][gc,heap        ] GC(220) Survivor regions: 47->8(46)
[62.894s][info][gc,heap        ] GC(220) Old regions: 262->312
[62.894s][info][gc,heap        ] GC(220) Archive regions: 0->0
[62.894s][info][gc,heap        ] GC(220) Humongous regions: 79->79
[62.894s][info][gc,metaspace   ] GC(220) Metaspace: 66381K(67392K)->66381K(67392K) NonClass: 57964K(58496K)->57964K(58496K) Class: 8416K(8896K)->8416K(8896K)
[62.894s][info][gc             ] GC(220) Pause Young (Concurrent Start) (G1 Humongous Allocation) 392M->394M(793M) 19.099ms
[62.894s][info][gc             ] GC(221) Concurrent Mark Cycle
[62.894s][info][gc,cpu         ] GC(220) User=0.30s Sys=0.00s Real=0.01s
[62.895s][info][gc,marking     ] GC(221) Concurrent Scan Root Regions
[62.900s][info][gc,marking     ] GC(221) Concurrent Scan Root Regions 5.133ms
[62.900s][info][gc,marking     ] GC(221) Concurrent Mark
[62.900s][info][gc,marking     ] GC(221) Concurrent Mark From Roots
[62.900s][info][gc,task        ] GC(221) Using 8 workers of 8 for marking
[62.933s][info][gc,marking     ] GC(221) Concurrent Mark From Roots 33.580ms
[62.933s][info][gc,marking     ] GC(221) Concurrent Preclean
[62.933s][info][gc,marking     ] GC(221) Concurrent Preclean 0.100ms
[62.934s][info][gc,start       ] GC(221) Pause Remark
[62.936s][info][gc             ] GC(221) Pause Remark 462M->321M(793M) 1.954ms
[62.936s][info][gc,cpu         ] GC(221) User=0.02s Sys=0.00s Real=0.02s
[62.936s][info][gc,marking     ] GC(221) Concurrent Mark 35.983ms
[62.936s][info][gc,marking     ] GC(221) Concurrent Rebuild Remembered Sets and Scrub Regions
[62.957s][info][gc,marking     ] GC(221) Concurrent Rebuild Remembered Sets and Scrub Regions 21.137ms
[62.957s][info][gc,start       ] GC(221) Pause Cleanup
[62.957s][info][gc             ] GC(221) Pause Cleanup 367M->367M(793M) 0.226ms
[62.957s][info][gc,cpu         ] GC(221) User=0.00s Sys=0.00s Real=0.00s
[62.957s][info][gc,marking     ] GC(221) Concurrent Clear Claimed Marks
[62.957s][info][gc,marking     ] GC(221) Concurrent Clear Claimed Marks 0.087ms
[62.957s][info][gc,marking     ] GC(221) Concurrent Cleanup for Next Mark
[62.958s][info][gc,marking     ] GC(221) Concurrent Cleanup for Next Mark 0.637ms
[62.958s][info][gc             ] GC(221) Concurrent Mark Cycle 63.660ms
[63.048s][info][gc,start       ] GC(222) Pause Young (Prepare Mixed) (G1 Evacuation Pause)
[63.048s][info][gc,task        ] GC(222) Using 19 workers of 33 for evacuation
[63.078s][info][gc,phases      ] GC(222)   Pre Evacuate Collection Set: 0.2ms
[63.078s][info][gc,phases      ] GC(222)   Merge Heap Roots: 0.3ms
[63.078s][info][gc,phases      ] GC(222)   Evacuate Collection Set: 28.8ms
[63.078s][info][gc,phases      ] GC(222)   Post Evacuate Collection Set: 0.6ms
[63.078s][info][gc,phases      ] GC(222)   Other: 0.2ms
[63.078s][info][gc,heap        ] GC(222) Eden regions: 299->0(298)
[63.078s][info][gc,heap        ] GC(222) Survivor regions: 8->39(39)
[63.078s][info][gc,heap        ] GC(222) Old regions: 226->268
[63.078s][info][gc,heap        ] GC(222) Archive regions: 0->0
[63.078s][info][gc,heap        ] GC(222) Humongous regions: 54->54
[63.078s][info][gc,metaspace   ] GC(222) Metaspace: 66389K(67392K)->66389K(67392K) NonClass: 57973K(58496K)->57973K(58496K) Class: 8416K(8896K)->8416K(8896K)
[63.078s][info][gc             ] GC(222) Pause Young (Prepare Mixed) (G1 Evacuation Pause) 582M->356M(793M) 30.287ms
[63.078s][info][gc,cpu         ] GC(222) User=0.59s Sys=0.00s Real=0.03s
[63.229s][info][gc,start       ] GC(223) Pause Young (Mixed) (G1 Evacuation Pause)
[63.229s][info][gc,task        ] GC(223) Using 19 workers of 33 for evacuation
[63.264s][info][gc,phases      ] GC(223)   Pre Evacuate Collection Set: 0.2ms
[63.264s][info][gc,phases      ] GC(223)   Merge Heap Roots: 0.4ms
[63.264s][info][gc,phases      ] GC(223)   Evacuate Collection Set: 34.3ms
[63.264s][info][gc,phases      ] GC(223)   Post Evacuate Collection Set: 0.4ms
[63.264s][info][gc,phases      ] GC(223)   Other: 0.1ms
[63.264s][info][gc,heap        ] GC(223) Eden regions: 298->0(272)
[63.264s][info][gc,heap        ] GC(223) Survivor regions: 39->36(43)
[63.264s][info][gc,heap        ] GC(223) Old regions: 268->305
[63.264s][info][gc,heap        ] GC(223) Archive regions: 0->0
[63.265s][info][gc,heap        ] GC(223) Humongous regions: 70->70
[63.265s][info][gc,metaspace   ] GC(223) Metaspace: 66389K(67392K)->66389K(67392K) NonClass: 57973K(58496K)->57973K(58496K) Class: 8416K(8896K)->8416K(8896K)
[63.265s][info][gc             ] GC(223) Pause Young (Mixed) (G1 Evacuation Pause) 670M->406M(793M) 35.627ms
[63.265s][info][gc,cpu         ] GC(223) User=0.89s Sys=0.00s Real=0.05s
[63.307s][info][gc,start       ] GC(224) Pause Young (Concurrent Start) (G1 Humongous Allocation)
[63.307s][info][gc,task        ] GC(224) Using 19 workers of 33 for evacuation
[63.327s][info][gc,phases      ] GC(224)   Pre Evacuate Collection Set: 0.3ms
[63.327s][info][gc,phases      ] GC(224)   Merge Heap Roots: 0.1ms
[63.327s][info][gc,phases      ] GC(224)   Evacuate Collection Set: 18.8ms
[63.327s][info][gc,phases      ] GC(224)   Post Evacuate Collection Set: 0.5ms
[63.327s][info][gc,phases      ] GC(224)   Other: 0.2ms
[63.327s][info][gc,heap        ] GC(224) Eden regions: 82->0(272)
[63.327s][info][gc,heap        ] GC(224) Survivor regions: 36->13(39)
[63.327s][info][gc,heap        ] GC(224) Old regions: 305->339
[63.327s][info][gc,heap        ] GC(224) Archive regions: 0->0
[63.327s][info][gc,heap        ] GC(224) Humongous regions: 70->70
[63.327s][info][gc,metaspace   ] GC(224) Metaspace: 66389K(67392K)->66389K(67392K) NonClass: 57973K(58496K)->57973K(58496K) Class: 8416K(8896K)->8416K(8896K)
[63.327s][info][gc             ] GC(224) Pause Young (Concurrent Start) (G1 Humongous Allocation) 488M->417M(793M) 20.227ms
[63.327s][info][gc             ] GC(225) Concurrent Mark Cycle
[63.327s][info][gc,cpu         ] GC(224) User=0.59s Sys=0.00s Real=0.03s
[63.327s][info][gc,marking     ] GC(225) Concurrent Scan Root Regions
[63.332s][info][gc,marking     ] GC(225) Concurrent Scan Root Regions 4.877ms
[63.332s][info][gc,marking     ] GC(225) Concurrent Mark
[63.332s][info][gc,marking     ] GC(225) Concurrent Mark From Roots
[63.332s][info][gc,task        ] GC(225) Using 8 workers of 8 for marking
[63.390s][info][gc,marking     ] GC(225) Concurrent Mark From Roots 57.295ms
[63.390s][info][gc,marking     ] GC(225) Concurrent Preclean
[63.390s][info][gc,marking     ] GC(225) Concurrent Preclean 0.208ms
[63.390s][info][gc,start       ] GC(225) Pause Remark
[63.392s][info][gc             ] GC(225) Pause Remark 522M->486M(820M) 2.507ms
[63.393s][info][gc,cpu         ] GC(225) User=0.00s Sys=0.00s Real=0.00s
[63.393s][info][gc,marking     ] GC(225) Concurrent Mark 60.325ms
[63.393s][info][gc,marking     ] GC(225) Concurrent Rebuild Remembered Sets and Scrub Regions
[63.438s][info][gc,marking     ] GC(225) Concurrent Rebuild Remembered Sets and Scrub Regions 45.428ms
[63.438s][info][gc,start       ] GC(225) Pause Cleanup
[63.439s][info][gc             ] GC(225) Pause Cleanup 572M->572M(820M) 0.322ms
[63.439s][info][gc,cpu         ] GC(225) User=0.00s Sys=0.00s Real=0.00s
[63.439s][info][gc,marking     ] GC(225) Concurrent Clear Claimed Marks
[63.439s][info][gc,marking     ] GC(225) Concurrent Clear Claimed Marks 0.109ms
[63.439s][info][gc,marking     ] GC(225) Concurrent Cleanup for Next Mark
[63.439s][info][gc,marking     ] GC(225) Concurrent Cleanup for Next Mark 0.655ms
[63.440s][info][gc             ] GC(225) Concurrent Mark Cycle 112.249ms
[63.487s][info][gc,start       ] GC(226) Pause Young (Prepare Mixed) (G1 Evacuation Pause)
[63.488s][info][gc,task        ] GC(226) Using 19 workers of 33 for evacuation
[63.510s][info][gc,phases      ] GC(226)   Pre Evacuate Collection Set: 0.2ms
[63.510s][info][gc,phases      ] GC(226)   Merge Heap Roots: 0.8ms
[63.510s][info][gc,phases      ] GC(226)   Evacuate Collection Set: 21.0ms
[63.510s][info][gc,phases      ] GC(226)   Post Evacuate Collection Set: 0.7ms
[63.510s][info][gc,phases      ] GC(226)   Other: 0.2ms
[63.510s][info][gc,heap        ] GC(226) Eden regions: 272->0(296)
[63.511s][info][gc,heap        ] GC(226) Survivor regions: 13->33(36)
[63.511s][info][gc,heap        ] GC(226) Old regions: 338->338
[63.511s][info][gc,heap        ] GC(226) Archive regions: 0->0
[63.511s][info][gc,heap        ] GC(226) Humongous regions: 55->55
[63.511s][info][gc,metaspace   ] GC(226) Metaspace: 66389K(67392K)->66389K(67392K) NonClass: 57973K(58496K)->57973K(58496K) Class: 8416K(8896K)->8416K(8896K)
[63.511s][info][gc             ] GC(226) Pause Young (Prepare Mixed) (G1 Evacuation Pause) 673M->422M(820M) 23.227ms
[63.511s][info][gc,cpu         ] GC(226) User=0.30s Sys=0.00s Real=0.02s
[63.656s][info][gc,start       ] GC(227) Pause Young (Mixed) (G1 Evacuation Pause)
[63.656s][info][gc,task        ] GC(227) Using 19 workers of 33 for evacuation
[63.685s][info][gc,phases      ] GC(227)   Pre Evacuate Collection Set: 0.2ms
[63.685s][info][gc,phases      ] GC(227)   Merge Heap Roots: 0.2ms
[63.685s][info][gc,phases      ] GC(227)   Evacuate Collection Set: 28.4ms
[63.685s][info][gc,phases      ] GC(227)   Post Evacuate Collection Set: 0.5ms
[63.685s][info][gc,phases      ] GC(227)   Other: 0.2ms
[63.685s][info][gc,heap        ] GC(227) Eden regions: 296->0(321)
[63.686s][info][gc,heap        ] GC(227) Survivor regions: 33->24(42)
[63.686s][info][gc,heap        ] GC(227) Old regions: 338->323
[63.686s][info][gc,heap        ] GC(227) Archive regions: 0->0
[63.686s][info][gc,heap        ] GC(227) Humongous regions: 55->55
[63.686s][info][gc,metaspace   ] GC(227) Metaspace: 66389K(67392K)->66389K(67392K) NonClass: 57973K(58496K)->57973K(58496K) Class: 8416K(8896K)->8416K(8896K)
[63.686s][info][gc             ] GC(227) Pause Young (Mixed) (G1 Evacuation Pause) 718M->397M(820M) 30.164ms
[63.686s][info][gc,cpu         ] GC(227) User=0.59s Sys=0.00s Real=0.03s
[63.860s][info][gc,start       ] GC(228) Pause Young (Concurrent Start) (G1 Humongous Allocation)
[63.860s][info][gc,task        ] GC(228) Using 19 workers of 33 for evacuation
[63.883s][info][gc,phases      ] GC(228)   Pre Evacuate Collection Set: 0.3ms
[63.883s][info][gc,phases      ] GC(228)   Merge Heap Roots: 0.2ms
[63.883s][info][gc,phases      ] GC(228)   Evacuate Collection Set: 21.5ms
[63.883s][info][gc,phases      ] GC(228)   Post Evacuate Collection Set: 0.8ms
[63.883s][info][gc,phases      ] GC(228)   Other: 0.1ms
[63.883s][info][gc,heap        ] GC(228) Eden regions: 220->0(356)
[63.883s][info][gc,heap        ] GC(228) Survivor regions: 24->38(44)
[63.883s][info][gc,heap        ] GC(228) Old regions: 323->323
[63.883s][info][gc,heap        ] GC(228) Archive regions: 0->0
[63.883s][info][gc,heap        ] GC(228) Humongous regions: 55->55
[63.883s][info][gc,metaspace   ] GC(228) Metaspace: 66389K(67392K)->66389K(67392K) NonClass: 57973K(58496K)->57973K(58496K) Class: 8416K(8896K)->8416K(8896K)
[63.883s][info][gc             ] GC(228) Pause Young (Concurrent Start) (G1 Humongous Allocation) 617M->411M(872M) 23.107ms
[63.883s][info][gc             ] GC(229) Concurrent Mark Cycle
[63.883s][info][gc,cpu         ] GC(228) User=0.30s Sys=0.00s Real=0.02s
[63.883s][info][gc,marking     ] GC(229) Concurrent Scan Root Regions
[63.890s][info][gc,marking     ] GC(229) Concurrent Scan Root Regions 6.449ms
[63.890s][info][gc,marking     ] GC(229) Concurrent Mark
[63.890s][info][gc,marking     ] GC(229) Concurrent Mark From Roots
[63.890s][info][gc,task        ] GC(229) Using 8 workers of 8 for marking
[63.947s][info][gc,marking     ] GC(229) Concurrent Mark From Roots 56.784ms
[63.947s][info][gc,marking     ] GC(229) Concurrent Preclean
[63.947s][info][gc,marking     ] GC(229) Concurrent Preclean 0.197ms
[63.947s][info][gc,start       ] GC(229) Pause Remark
[63.949s][info][gc             ] GC(229) Pause Remark 415M->338M(872M) 1.890ms
[63.949s][info][gc,cpu         ] GC(229) User=0.00s Sys=0.00s Real=0.00s
[63.949s][info][gc,marking     ] GC(229) Concurrent Mark 59.262ms
[63.949s][info][gc,marking     ] GC(229) Concurrent Rebuild Remembered Sets and Scrub Regions
[63.985s][info][gc,marking     ] GC(229) Concurrent Rebuild Remembered Sets and Scrub Regions 36.394ms
[63.986s][info][gc,start       ] GC(229) Pause Cleanup
[63.986s][info][gc             ] GC(229) Pause Cleanup 341M->341M(872M) 0.360ms
[63.986s][info][gc,cpu         ] GC(229) User=0.00s Sys=0.00s Real=0.00s
[63.986s][info][gc,marking     ] GC(229) Concurrent Clear Claimed Marks
[63.986s][info][gc,marking     ] GC(229) Concurrent Clear Claimed Marks 0.093ms
[63.986s][info][gc,marking     ] GC(229) Concurrent Cleanup for Next Mark
[63.987s][info][gc,marking     ] GC(229) Concurrent Cleanup for Next Mark 0.621ms
[63.987s][info][gc             ] GC(229) Concurrent Mark Cycle 103.637ms
[64.822s][info][gc,start       ] GC(230) Pause Young (Prepare Mixed) (G1 Evacuation Pause)
[64.822s][info][gc,task        ] GC(230) Using 20 workers of 33 for evacuation
[64.881s][info][gc,phases      ] GC(230)   Pre Evacuate Collection Set: 0.2ms
[64.881s][info][gc,phases      ] GC(230)   Merge Heap Roots: 0.7ms
[64.881s][info][gc,phases      ] GC(230)   Evacuate Collection Set: 57.6ms
[64.881s][info][gc,phases      ] GC(230)   Post Evacuate Collection Set: 0.7ms
[64.881s][info][gc,phases      ] GC(230)   Other: 0.1ms
[64.881s][info][gc,heap        ] GC(230) Eden regions: 356->0(309)
[64.881s][info][gc,heap        ] GC(230) Survivor regions: 38->50(50)
[64.881s][info][gc,heap        ] GC(230) Old regions: 271->308
[64.881s][info][gc,heap        ] GC(230) Archive regions: 0->0
[64.881s][info][gc,heap        ] GC(230) Humongous regions: 108->98
[64.881s][info][gc,metaspace   ] GC(230) Metaspace: 66492K(67456K)->66492K(67456K) NonClass: 58064K(58560K)->58064K(58560K) Class: 8427K(8896K)->8427K(8896K)
[64.881s][info][gc             ] GC(230) Pause Young (Prepare Mixed) (G1 Evacuation Pause) 768M->451M(872M) 59.491ms
[64.881s][info][gc,cpu         ] GC(230) User=1.25s Sys=0.00s Real=0.06s
[65.230s][info][gc,start       ] GC(231) Pause Young (Mixed) (G1 Evacuation Pause)
[65.230s][info][gc,task        ] GC(231) Using 20 workers of 33 for evacuation
[65.281s][info][gc,phases      ] GC(231)   Pre Evacuate Collection Set: 0.2ms
[65.281s][info][gc,phases      ] GC(231)   Merge Heap Roots: 0.6ms
[65.281s][info][gc,phases      ] GC(231)   Evacuate Collection Set: 49.7ms
[65.281s][info][gc,phases      ] GC(231)   Post Evacuate Collection Set: 0.6ms
[65.281s][info][gc,phases      ] GC(231)   Other: 0.1ms
[65.281s][info][gc,heap        ] GC(231) Eden regions: 309->0(290)
[65.281s][info][gc,heap        ] GC(231) Survivor regions: 50->45(45)
[65.281s][info][gc,heap        ] GC(231) Old regions: 308->327
[65.281s][info][gc,heap        ] GC(231) Archive regions: 0->0
[65.281s][info][gc,heap        ] GC(231) Humongous regions: 127->122
[65.281s][info][gc,metaspace   ] GC(231) Metaspace: 66572K(67584K)->66572K(67584K) NonClass: 58145K(58688K)->58145K(58688K) Class: 8427K(8896K)->8427K(8896K)
[65.281s][info][gc             ] GC(231) Pause Young (Mixed) (G1 Evacuation Pause) 789M->489M(895M) 51.443ms
[65.281s][info][gc,cpu         ] GC(231) User=1.25s Sys=0.00s Real=0.06s
[65.547s][info][gc,start       ] GC(232) Pause Young (Concurrent Start) (G1 Humongous Allocation)
[65.547s][info][gc,task        ] GC(232) Using 21 workers of 33 for evacuation
[65.574s][info][gc,phases      ] GC(232)   Pre Evacuate Collection Set: 0.4ms
[65.574s][info][gc,phases      ] GC(232)   Merge Heap Roots: 0.3ms
[65.574s][info][gc,phases      ] GC(232)   Evacuate Collection Set: 25.7ms
[65.574s][info][gc,phases      ] GC(232)   Post Evacuate Collection Set: 0.6ms
[65.574s][info][gc,phases      ] GC(232)   Other: 0.2ms
[65.574s][info][gc,heap        ] GC(232) Eden regions: 145->0(275)
[65.574s][info][gc,heap        ] GC(232) Survivor regions: 45->7(42)
[65.575s][info][gc,heap        ] GC(232) Old regions: 327->374
[65.575s][info][gc,heap        ] GC(232) Archive regions: 0->0
[65.575s][info][gc,heap        ] GC(232) Humongous regions: 122->122
[65.575s][info][gc,metaspace   ] GC(232) Metaspace: 66580K(67584K)->66580K(67584K) NonClass: 58152K(58688K)->58152K(58688K) Class: 8427K(8896K)->8427K(8896K)
[65.575s][info][gc             ] GC(232) Pause Young (Concurrent Start) (G1 Humongous Allocation) 634M->498M(895M) 27.710ms
[65.575s][info][gc             ] GC(233) Concurrent Mark Cycle
[65.575s][info][gc,cpu         ] GC(232) User=0.66s Sys=0.00s Real=0.03s
[65.575s][info][gc,marking     ] GC(233) Concurrent Scan Root Regions
[65.578s][info][gc,marking     ] GC(233) Concurrent Scan Root Regions 3.128ms
[65.578s][info][gc,marking     ] GC(233) Concurrent Mark
[65.578s][info][gc,marking     ] GC(233) Concurrent Mark From Roots
[65.578s][info][gc,task        ] GC(233) Using 8 workers of 8 for marking
[65.611s][info][gc,marking     ] GC(233) Concurrent Mark From Roots 32.612ms
[65.611s][info][gc,marking     ] GC(233) Concurrent Preclean
[65.611s][info][gc,marking     ] GC(233) Concurrent Preclean 0.130ms
[65.611s][info][gc,start       ] GC(233) Pause Remark
[65.614s][info][gc             ] GC(233) Pause Remark 516M->284M(895M) 2.607ms
[65.614s][info][gc,cpu         ] GC(233) User=0.33s Sys=0.00s Real=0.01s
[65.614s][info][gc,marking     ] GC(233) Concurrent Mark 35.741ms
[65.614s][info][gc,marking     ] GC(233) Concurrent Rebuild Remembered Sets and Scrub Regions
[65.631s][info][gc,marking     ] GC(233) Concurrent Rebuild Remembered Sets and Scrub Regions 17.476ms
[65.631s][info][gc,start       ] GC(233) Pause Cleanup
[65.632s][info][gc             ] GC(233) Pause Cleanup 313M->313M(895M) 0.297ms
[65.632s][info][gc,cpu         ] GC(233) User=0.00s Sys=0.00s Real=0.00s
[65.632s][info][gc,marking     ] GC(233) Concurrent Clear Claimed Marks
[65.632s][info][gc,marking     ] GC(233) Concurrent Clear Claimed Marks 0.085ms
[65.632s][info][gc,marking     ] GC(233) Concurrent Cleanup for Next Mark
[65.632s][info][gc,marking     ] GC(233) Concurrent Cleanup for Next Mark 0.592ms
[65.633s][info][gc             ] GC(233) Concurrent Mark Cycle 57.769ms
[65.751s][info][gc,start       ] GC(234) Pause Young (Prepare Mixed) (G1 Evacuation Pause)
[65.751s][info][gc,task        ] GC(234) Using 21 workers of 33 for evacuation
[65.768s][info][gc,phases      ] GC(234)   Pre Evacuate Collection Set: 0.2ms
[65.768s][info][gc,phases      ] GC(234)   Merge Heap Roots: 0.2ms
[65.768s][info][gc,phases      ] GC(234)   Evacuate Collection Set: 15.7ms
[65.768s][info][gc,phases      ] GC(234)   Post Evacuate Collection Set: 0.6ms
[65.768s][info][gc,phases      ] GC(234)   Other: 0.1ms
[65.768s][info][gc,heap        ] GC(234) Eden regions: 275->0(414)
[65.768s][info][gc,heap        ] GC(234) Survivor regions: 7->34(36)
[65.768s][info][gc,heap        ] GC(234) Old regions: 251->251
[65.768s][info][gc,heap        ] GC(234) Archive regions: 0->0
[65.768s][info][gc,heap        ] GC(234) Humongous regions: 28->23
[65.768s][info][gc,metaspace   ] GC(234) Metaspace: 66590K(67584K)->66590K(67584K) NonClass: 58163K(58688K)->58163K(58688K) Class: 8427K(8896K)->8427K(8896K)
[65.768s][info][gc             ] GC(234) Pause Young (Prepare Mixed) (G1 Evacuation Pause) 556M->303M(895M) 17.007ms
[65.768s][info][gc,cpu         ] GC(234) User=0.33s Sys=0.00s Real=0.02s
[66.267s][info][gc,start       ] GC(235) Pause Young (Mixed) (G1 Evacuation Pause)
[66.268s][info][gc,task        ] GC(235) Using 21 workers of 33 for evacuation
[66.329s][info][gc,phases      ] GC(235)   Pre Evacuate Collection Set: 0.2ms
[66.329s][info][gc,phases      ] GC(235)   Merge Heap Roots: 0.4ms
[66.329s][info][gc,phases      ] GC(235)   Evacuate Collection Set: 60.1ms
[66.329s][info][gc,phases      ] GC(235)   Post Evacuate Collection Set: 0.6ms
[66.329s][info][gc,phases      ] GC(235)   Other: 0.2ms
[66.329s][info][gc,heap        ] GC(235) Eden regions: 373->0(367)
[66.329s][info][gc,heap        ] GC(235) Survivor regions: 34->52(56)
[66.329s][info][gc,heap        ] GC(235) Old regions: 251->266
[66.329s][info][gc,heap        ] GC(235) Archive regions: 0->0
[66.329s][info][gc,heap        ] GC(235) Humongous regions: 237->150
[66.329s][info][gc,metaspace   ] GC(235) Metaspace: 66602K(67584K)->66602K(67584K) NonClass: 58175K(58688K)->58175K(58688K) Class: 8427K(8896K)->8427K(8896K)
[66.329s][info][gc             ] GC(235) Pause Young (Mixed) (G1 Evacuation Pause) 890M->463M(980M) 61.777ms
[66.329s][info][gc,cpu         ] GC(235) User=1.27s Sys=0.05s Real=0.06s
[66.336s][info][gc,start       ] GC(236) Pause Young (Concurrent Start) (G1 Humongous Allocation)
[66.336s][info][gc,task        ] GC(236) Using 23 workers of 33 for evacuation
[66.358s][info][gc,phases      ] GC(236)   Pre Evacuate Collection Set: 0.2ms
[66.358s][info][gc,phases      ] GC(236)   Merge Heap Roots: 0.1ms
[66.358s][info][gc,phases      ] GC(236)   Evacuate Collection Set: 21.6ms
[66.358s][info][gc,phases      ] GC(236)   Post Evacuate Collection Set: 0.4ms
[66.358s][info][gc,phases      ] GC(236)   Other: 0.1ms
[66.358s][info][gc,heap        ] GC(236) Eden regions: 12->0(394)
[66.358s][info][gc,heap        ] GC(236) Survivor regions: 52->8(53)
[66.358s][info][gc,heap        ] GC(236) Old regions: 266->319
[66.358s][info][gc,heap        ] GC(236) Archive regions: 0->0
[66.358s][info][gc,heap        ] GC(236) Humongous regions: 150->122
[66.358s][info][gc,metaspace   ] GC(236) Metaspace: 66605K(67584K)->66605K(67584K) NonClass: 58178K(58688K)->58178K(58688K) Class: 8427K(8896K)->8427K(8896K)
[66.358s][info][gc             ] GC(236) Pause Young (Concurrent Start) (G1 Humongous Allocation) 475M->443M(980M) 22.725ms
[66.358s][info][gc             ] GC(237) Concurrent Mark Cycle
[66.358s][info][gc,cpu         ] GC(236) User=0.36s Sys=0.00s Real=0.02s
[66.358s][info][gc,marking     ] GC(237) Concurrent Scan Root Regions
[66.365s][info][gc,marking     ] GC(237) Concurrent Scan Root Regions 6.940ms
[66.365s][info][gc,marking     ] GC(237) Concurrent Mark
[66.365s][info][gc,marking     ] GC(237) Concurrent Mark From Roots
[66.365s][info][gc,task        ] GC(237) Using 8 workers of 8 for marking
[66.400s][info][gc,marking     ] GC(237) Concurrent Mark From Roots 34.577ms
[66.400s][info][gc,marking     ] GC(237) Concurrent Preclean
[66.400s][info][gc,marking     ] GC(237) Concurrent Preclean 0.176ms
[66.400s][info][gc,start       ] GC(237) Pause Remark
[66.403s][info][gc             ] GC(237) Pause Remark 532M->406M(980M) 2.242ms
[66.403s][info][gc,cpu         ] GC(237) User=0.00s Sys=0.00s Real=0.00s
[66.403s][info][gc,marking     ] GC(237) Concurrent Mark 37.328ms
[66.403s][info][gc,marking     ] GC(237) Concurrent Rebuild Remembered Sets and Scrub Regions
[66.426s][info][gc,marking     ] GC(237) Concurrent Rebuild Remembered Sets and Scrub Regions 23.691ms
[66.427s][info][gc,start       ] GC(237) Pause Cleanup
[66.427s][info][gc             ] GC(237) Pause Cleanup 419M->419M(980M) 0.297ms
[66.427s][info][gc,cpu         ] GC(237) User=0.00s Sys=0.00s Real=0.00s
[66.427s][info][gc,marking     ] GC(237) Concurrent Clear Claimed Marks
[66.427s][info][gc,marking     ] GC(237) Concurrent Clear Claimed Marks 0.080ms
[66.427s][info][gc,marking     ] GC(237) Concurrent Cleanup for Next Mark
[66.428s][info][gc,marking     ] GC(237) Concurrent Cleanup for Next Mark 0.793ms
[66.428s][info][gc             ] GC(237) Concurrent Mark Cycle 69.573ms
[66.684s][info][gc,start       ] GC(238) Pause Young (Prepare Mixed) (G1 Evacuation Pause)
[66.684s][info][gc,task        ] GC(238) Using 23 workers of 33 for evacuation
[66.713s][info][gc,phases      ] GC(238)   Pre Evacuate Collection Set: 0.2ms
[66.713s][info][gc,phases      ] GC(238)   Merge Heap Roots: 0.4ms
[66.713s][info][gc,phases      ] GC(238)   Evacuate Collection Set: 27.8ms
[66.713s][info][gc,phases      ] GC(238)   Post Evacuate Collection Set: 0.6ms
[66.713s][info][gc,phases      ] GC(238)   Other: 0.2ms
[66.713s][info][gc,heap        ] GC(238) Eden regions: 394->0(429)
[66.713s][info][gc,heap        ] GC(238) Survivor regions: 8->45(51)
[66.713s][info][gc,heap        ] GC(238) Old regions: 267->267
[66.713s][info][gc,heap        ] GC(238) Archive regions: 0->0
[66.713s][info][gc,heap        ] GC(238) Humongous regions: 160->89
[66.713s][info][gc,metaspace   ] GC(238) Metaspace: 66610K(67584K)->66610K(67584K) NonClass: 58183K(58688K)->58183K(58688K) Class: 8427K(8896K)->8427K(8896K)
[66.713s][info][gc             ] GC(238) Pause Young (Prepare Mixed) (G1 Evacuation Pause) 823M->395M(980M) 29.537ms
[66.713s][info][gc,cpu         ] GC(238) User=0.72s Sys=0.00s Real=0.03s
[66.909s][info][gc,start       ] GC(239) Pause Full (System.gc())
[66.909s][info][gc,task        ] GC(239) Using 23 workers of 33 for full compaction
[66.910s][info][gc,phases,start] GC(239) Phase 1: Mark live objects
[66.944s][info][gc,phases      ] GC(239) Phase 1: Mark live objects 33.369ms
[66.944s][info][gc,phases,start] GC(239) Phase 2: Prepare compaction
[66.948s][info][gc,phases      ] GC(239) Phase 2: Prepare compaction 4.068ms
[66.948s][info][gc,phases,start] GC(239) Phase 3: Adjust pointers
[66.958s][info][gc,phases      ] GC(239) Phase 3: Adjust pointers 9.778ms
[66.958s][info][gc,phases,start] GC(239) Phase 4: Compact heap
[66.958s][info][gc,phases      ] GC(239) Phase 4: Compact heap 0.640ms
[66.969s][info][gc,heap        ] GC(239) Eden regions: 337->0(286)
[66.969s][info][gc,heap        ] GC(239) Survivor regions: 45->0(51)
[66.969s][info][gc,heap        ] GC(239) Old regions: 267->155
[66.969s][info][gc,heap        ] GC(239) Archive regions: 0->0
[66.969s][info][gc,heap        ] GC(239) Humongous regions: 92->10
[66.969s][info][gc,metaspace   ] GC(239) Metaspace: 66610K(67584K)->66610K(67584K) NonClass: 58183K(58688K)->58183K(58688K) Class: 8427K(8896K)->8427K(8896K)
[66.969s][info][gc             ] GC(239) Pause Full (System.gc()) 735M->148M(550M) 60.101ms
[66.969s][info][gc,cpu         ] GC(239) User=0.73s Sys=0.02s Real=0.06s
[67.002s][info][gc,start       ] GC(240) Pause Young (Concurrent Start) (G1 Humongous Allocation)
[67.003s][info][gc,task        ] GC(240) Using 18 workers of 33 for evacuation
[67.005s][info][gc,phases      ] GC(240)   Pre Evacuate Collection Set: 0.3ms
[67.005s][info][gc,phases      ] GC(240)   Merge Heap Roots: 0.1ms
[67.005s][info][gc,phases      ] GC(240)   Evacuate Collection Set: 1.2ms
[67.005s][info][gc,phases      ] GC(240)   Post Evacuate Collection Set: 1.0ms
[67.005s][info][gc,phases      ] GC(240)   Other: 0.2ms
[67.005s][info][gc,heap        ] GC(240) Eden regions: 20->0(363)
[67.005s][info][gc,heap        ] GC(240) Survivor regions: 0->6(36)
[67.005s][info][gc,heap        ] GC(240) Old regions: 155->155
[67.005s][info][gc,heap        ] GC(240) Archive regions: 0->0
[67.006s][info][gc,heap        ] GC(240) Humongous regions: 10->10
[67.006s][info][gc,metaspace   ] GC(240) Metaspace: 66618K(67584K)->66618K(67584K) NonClass: 58191K(58688K)->58191K(58688K) Class: 8427K(8896K)->8427K(8896K)
[67.006s][info][gc             ] GC(240) Pause Young (Concurrent Start) (G1 Humongous Allocation) 167M->154M(636M) 3.144ms
[67.006s][info][gc             ] GC(241) Concurrent Mark Cycle
[67.006s][info][gc,cpu         ] GC(240) User=0.30s Sys=0.00s Real=0.02s
[67.006s][info][gc,marking     ] GC(241) Concurrent Scan Root Regions
[67.007s][info][gc,marking     ] GC(241) Concurrent Scan Root Regions 1.067ms
[67.007s][info][gc,marking     ] GC(241) Concurrent Mark
[67.007s][info][gc,marking     ] GC(241) Concurrent Mark From Roots
[67.007s][info][gc,task        ] GC(241) Using 8 workers of 8 for marking
[67.050s][info][gc,marking     ] GC(241) Concurrent Mark From Roots 42.753ms
[67.050s][info][gc,marking     ] GC(241) Concurrent Preclean
[67.050s][info][gc,marking     ] GC(241) Concurrent Preclean 0.127ms
[67.050s][info][gc,start       ] GC(241) Pause Remark
[67.052s][info][gc             ] GC(241) Pause Remark 181M->181M(636M) 1.989ms
[67.052s][info][gc,cpu         ] GC(241) User=0.00s Sys=0.00s Real=0.00s
[67.052s][info][gc,marking     ] GC(241) Concurrent Mark 45.201ms
[67.052s][info][gc,marking     ] GC(241) Concurrent Rebuild Remembered Sets and Scrub Regions
[67.065s][info][gc,marking     ] GC(241) Concurrent Rebuild Remembered Sets and Scrub Regions 12.997ms
[67.075s][info][gc,start       ] GC(241) Pause Cleanup
[67.075s][info][gc             ] GC(241) Pause Cleanup 203M->203M(636M) 0.193ms
[67.075s][info][gc,cpu         ] GC(241) User=0.00s Sys=0.00s Real=0.00s
[67.075s][info][gc,marking     ] GC(241) Concurrent Clear Claimed Marks
[67.075s][info][gc,marking     ] GC(241) Concurrent Clear Claimed Marks 0.083ms
[67.075s][info][gc,marking     ] GC(241) Concurrent Cleanup for Next Mark
[67.076s][info][gc,marking     ] GC(241) Concurrent Cleanup for Next Mark 0.448ms
[67.076s][info][gc             ] GC(241) Concurrent Mark Cycle 69.943ms
[67.244s][info][gc,start       ] GC(242) Pause Young (Prepare Mixed) (G1 Evacuation Pause)
[67.244s][info][gc,task        ] GC(242) Using 16 workers of 33 for evacuation
[67.280s][info][gc,phases      ] GC(242)   Pre Evacuate Collection Set: 0.2ms
[67.281s][info][gc,phases      ] GC(242)   Merge Heap Roots: 0.3ms
[67.281s][info][gc,phases      ] GC(242)   Evacuate Collection Set: 35.4ms
[67.281s][info][gc,phases      ] GC(242)   Post Evacuate Collection Set: 0.6ms
[67.281s][info][gc,phases      ] GC(242)   Other: 0.2ms
[67.281s][info][gc,heap        ] GC(242) Eden regions: 363->0(265)
[67.281s][info][gc,heap        ] GC(242) Survivor regions: 6->47(47)
[67.281s][info][gc,heap        ] GC(242) Old regions: 155->196
[67.281s][info][gc,heap        ] GC(242) Archive regions: 0->0
[67.281s][info][gc,heap        ] GC(242) Humongous regions: 51->46
[67.281s][info][gc,metaspace   ] GC(242) Metaspace: 66619K(67584K)->66619K(67584K) NonClass: 58192K(58688K)->58192K(58688K) Class: 8427K(8896K)->8427K(8896K)
[67.281s][info][gc             ] GC(242) Pause Young (Prepare Mixed) (G1 Evacuation Pause) 558M->272M(663M) 37.173ms
[67.281s][info][gc,cpu         ] GC(242) User=0.50s Sys=0.00s Real=0.03s
[67.412s][info][gc,start       ] GC(243) Pause Young (Mixed) (G1 Evacuation Pause)
[67.412s][info][gc,task        ] GC(243) Using 15 workers of 33 for evacuation
[67.448s][info][gc,phases      ] GC(243)   Pre Evacuate Collection Set: 0.2ms
[67.448s][info][gc,phases      ] GC(243)   Merge Heap Roots: 0.3ms
[67.448s][info][gc,phases      ] GC(243)   Evacuate Collection Set: 34.8ms
[67.448s][info][gc,phases      ] GC(243)   Post Evacuate Collection Set: 0.4ms
[67.448s][info][gc,phases      ] GC(243)   Other: 0.2ms
[67.448s][info][gc,heap        ] GC(243) Eden regions: 265->0(241)
[67.448s][info][gc,heap        ] GC(243) Survivor regions: 47->32(39)
[67.448s][info][gc,heap        ] GC(243) Old regions: 196->244
[67.448s][info][gc,heap        ] GC(243) Archive regions: 0->0
[67.448s][info][gc,heap        ] GC(243) Humongous regions: 58->58
[67.448s][info][gc,metaspace   ] GC(243) Metaspace: 66619K(67584K)->66619K(67584K) NonClass: 58192K(58688K)->58192K(58688K) Class: 8427K(8896K)->8427K(8896K)
[67.448s][info][gc             ] GC(243) Pause Young (Mixed) (G1 Evacuation Pause) 549M->320M(663M) 36.151ms
[67.449s][info][gc,cpu         ] GC(243) User=0.47s Sys=0.00s Real=0.03s
[67.504s][info][gc,start       ] GC(244) Pause Young (Concurrent Start) (G1 Humongous Allocation)
[67.504s][info][gc,task        ] GC(244) Using 15 workers of 33 for evacuation
[67.524s][info][gc,phases      ] GC(244)   Pre Evacuate Collection Set: 0.3ms
[67.524s][info][gc,phases      ] GC(244)   Merge Heap Roots: 0.1ms
[67.524s][info][gc,phases      ] GC(244)   Evacuate Collection Set: 19.2ms
[67.524s][info][gc,phases      ] GC(244)   Post Evacuate Collection Set: 0.5ms
[67.524s][info][gc,phases      ] GC(244)   Other: 0.2ms
[67.524s][info][gc,heap        ] GC(244) Eden regions: 96->0(240)
[67.524s][info][gc,heap        ] GC(244) Survivor regions: 32->12(35)
[67.524s][info][gc,heap        ] GC(244) Old regions: 244->273
[67.524s][info][gc,heap        ] GC(244) Archive regions: 0->0
[67.525s][info][gc,heap        ] GC(244) Humongous regions: 58->58
[67.525s][info][gc,metaspace   ] GC(244) Metaspace: 66619K(67584K)->66619K(67584K) NonClass: 58192K(58688K)->58192K(58688K) Class: 8427K(8896K)->8427K(8896K)
[67.525s][info][gc             ] GC(244) Pause Young (Concurrent Start) (G1 Humongous Allocation) 416M->329M(663M) 20.688ms
[67.525s][info][gc             ] GC(245) Concurrent Mark Cycle
[67.525s][info][gc,cpu         ] GC(244) User=0.23s Sys=0.00s Real=0.02s
[67.525s][info][gc,marking     ] GC(245) Concurrent Scan Root Regions
[67.530s][info][gc,marking     ] GC(245) Concurrent Scan Root Regions 4.854ms
[67.530s][info][gc,marking     ] GC(245) Concurrent Mark
[67.530s][info][gc,marking     ] GC(245) Concurrent Mark From Roots
[67.530s][info][gc,task        ] GC(245) Using 8 workers of 8 for marking
[67.589s][info][gc,marking     ] GC(245) Concurrent Mark From Roots 59.360ms
[67.589s][info][gc,marking     ] GC(245) Concurrent Preclean
[67.589s][info][gc,marking     ] GC(245) Concurrent Preclean 0.251ms
[67.589s][info][gc,start       ] GC(245) Pause Remark
[67.592s][info][gc             ] GC(245) Pause Remark 422M->398M(687M) 2.110ms
[67.592s][info][gc,cpu         ] GC(245) User=0.00s Sys=0.00s Real=0.00s
[67.592s][info][gc,marking     ] GC(245) Concurrent Mark 62.036ms
[67.592s][info][gc,marking     ] GC(245) Concurrent Rebuild Remembered Sets and Scrub Regions
[67.636s][info][gc,marking     ] GC(245) Concurrent Rebuild Remembered Sets and Scrub Regions 43.886ms
[67.636s][info][gc,start       ] GC(245) Pause Cleanup
[67.636s][info][gc             ] GC(245) Pause Cleanup 464M->464M(687M) 0.238ms
[67.636s][info][gc,cpu         ] GC(245) User=0.00s Sys=0.00s Real=0.00s
[67.636s][info][gc,marking     ] GC(245) Concurrent Clear Claimed Marks
[67.636s][info][gc,marking     ] GC(245) Concurrent Clear Claimed Marks 0.115ms
[67.636s][info][gc,marking     ] GC(245) Concurrent Cleanup for Next Mark
[67.637s][info][gc,marking     ] GC(245) Concurrent Cleanup for Next Mark 0.595ms
[67.637s][info][gc             ] GC(245) Concurrent Mark Cycle 112.228ms
[67.693s][info][gc,start       ] GC(246) Pause Young (Prepare Mixed) (G1 Evacuation Pause)
[67.693s][info][gc,task        ] GC(246) Using 16 workers of 33 for evacuation
[67.713s][info][gc,phases      ] GC(246)   Pre Evacuate Collection Set: 0.2ms
[67.713s][info][gc,phases      ] GC(246)   Merge Heap Roots: 0.6ms
[67.713s][info][gc,phases      ] GC(246)   Evacuate Collection Set: 18.8ms
[67.714s][info][gc,phases      ] GC(246)   Post Evacuate Collection Set: 0.6ms
[67.714s][info][gc,phases      ] GC(246)   Other: 0.2ms
[67.714s][info][gc,heap        ] GC(246) Eden regions: 240->0(258)
[67.714s][info][gc,heap        ] GC(246) Survivor regions: 12->29(32)
[67.714s][info][gc,heap        ] GC(246) Old regions: 273->273
[67.714s][info][gc,heap        ] GC(246) Archive regions: 0->0
[67.714s][info][gc,heap        ] GC(246) Humongous regions: 49->49
[67.714s][info][gc,metaspace   ] GC(246) Metaspace: 66619K(67584K)->66619K(67584K) NonClass: 58192K(58688K)->58192K(58688K) Class: 8427K(8896K)->8427K(8896K)
[67.714s][info][gc             ] GC(246) Pause Young (Prepare Mixed) (G1 Evacuation Pause) 560M->336M(687M) 20.795ms
[67.714s][info][gc,cpu         ] GC(246) User=0.25s Sys=0.00s Real=0.02s
[67.869s][info][gc,start       ] GC(247) Pause Young (Mixed) (G1 Evacuation Pause)
[67.869s][info][gc,task        ] GC(247) Using 16 workers of 33 for evacuation
[67.895s][info][gc,phases      ] GC(247)   Pre Evacuate Collection Set: 0.2ms
[67.895s][info][gc,phases      ] GC(247)   Merge Heap Roots: 0.2ms
[67.895s][info][gc,phases      ] GC(247)   Evacuate Collection Set: 24.4ms
[67.895s][info][gc,phases      ] GC(247)   Post Evacuate Collection Set: 0.4ms
[67.895s][info][gc,phases      ] GC(247)   Other: 0.2ms
[67.895s][info][gc,heap        ] GC(247) Eden regions: 258->0(257)
[67.895s][info][gc,heap        ] GC(247) Survivor regions: 29->34(36)
[67.895s][info][gc,heap        ] GC(247) Old regions: 273->278
[67.895s][info][gc,heap        ] GC(247) Archive regions: 0->0
[67.895s][info][gc,heap        ] GC(247) Humongous regions: 49->49
[67.895s][info][gc,metaspace   ] GC(247) Metaspace: 66619K(67584K)->66619K(67584K) NonClass: 58192K(58688K)->58192K(58688K) Class: 8427K(8896K)->8427K(8896K)
[67.895s][info][gc             ] GC(247) Pause Young (Mixed) (G1 Evacuation Pause) 594M->351M(687M) 25.800ms
[67.895s][info][gc,cpu         ] GC(247) User=0.50s Sys=0.00s Real=0.03s
[68.005s][info][gc,start       ] GC(248) Pause Young (Concurrent Start) (G1 Humongous Allocation)
[68.005s][info][gc,task        ] GC(248) Using 16 workers of 33 for evacuation
[68.029s][info][gc,phases      ] GC(248)   Pre Evacuate Collection Set: 0.3ms
[68.029s][info][gc,phases      ] GC(248)   Merge Heap Roots: 0.2ms
[68.029s][info][gc,phases      ] GC(248)   Evacuate Collection Set: 23.0ms
[68.029s][info][gc,phases      ] GC(248)   Post Evacuate Collection Set: 0.9ms
[68.029s][info][gc,phases      ] GC(248)   Other: 0.2ms
[68.029s][info][gc,heap        ] GC(248) Eden regions: 216->0(305)
[68.029s][info][gc,heap        ] GC(248) Survivor regions: 34->31(37)
[68.029s][info][gc,heap        ] GC(248) Old regions: 278->292
[68.029s][info][gc,heap        ] GC(248) Archive regions: 0->0
[68.029s][info][gc,heap        ] GC(248) Humongous regions: 49->49
[68.030s][info][gc,metaspace   ] GC(248) Metaspace: 66619K(67584K)->66619K(67584K) NonClass: 58192K(58688K)->58192K(58688K) Class: 8427K(8896K)->8427K(8896K)
[68.030s][info][gc             ] GC(248) Pause Young (Concurrent Start) (G1 Humongous Allocation) 566M->362M(757M) 24.953ms
[68.030s][info][gc             ] GC(249) Concurrent Mark Cycle
[68.030s][info][gc,cpu         ] GC(248) User=0.25s Sys=0.00s Real=0.02s
[68.030s][info][gc,marking     ] GC(249) Concurrent Scan Root Regions
[68.036s][info][gc,marking     ] GC(249) Concurrent Scan Root Regions 5.905ms
[68.036s][info][gc,marking     ] GC(249) Concurrent Mark
[68.036s][info][gc,marking     ] GC(249) Concurrent Mark From Roots
[68.036s][info][gc,task        ] GC(249) Using 8 workers of 8 for marking
[68.090s][info][gc,marking     ] GC(249) Concurrent Mark From Roots 54.734ms
[68.090s][info][gc,marking     ] GC(249) Concurrent Preclean
[68.091s][info][gc,marking     ] GC(249) Concurrent Preclean 0.249ms
[68.091s][info][gc,start       ] GC(249) Pause Remark
[68.102s][info][gc             ] GC(249) Pause Remark 424M->406M(757M) 10.755ms
[68.102s][info][gc,cpu         ] GC(249) User=0.25s Sys=0.00s Real=0.01s
[68.102s][info][gc,marking     ] GC(249) Concurrent Mark 66.056ms
[68.102s][info][gc,marking     ] GC(249) Concurrent Rebuild Remembered Sets and Scrub Regions
[68.146s][info][gc,marking     ] GC(249) Concurrent Rebuild Remembered Sets and Scrub Regions 44.117ms
[68.146s][info][gc,start       ] GC(249) Pause Cleanup
[68.146s][info][gc             ] GC(249) Pause Cleanup 425M->425M(757M) 0.358ms
[68.146s][info][gc,cpu         ] GC(249) User=0.00s Sys=0.00s Real=0.00s
[68.146s][info][gc,marking     ] GC(249) Concurrent Clear Claimed Marks
[68.147s][info][gc,marking     ] GC(249) Concurrent Clear Claimed Marks 0.107ms
[68.147s][info][gc,marking     ] GC(249) Concurrent Cleanup for Next Mark
[68.147s][info][gc,marking     ] GC(249) Concurrent Cleanup for Next Mark 0.610ms
[68.147s][info][gc             ] GC(249) Concurrent Mark Cycle 117.632ms
[68.584s][info][gc,start       ] GC(250) Pause Young (Prepare Mixed) (G1 Evacuation Pause)
[68.584s][info][gc,task        ] GC(250) Using 18 workers of 33 for evacuation
[68.617s][info][gc,phases      ] GC(250)   Pre Evacuate Collection Set: 0.2ms
[68.617s][info][gc,phases      ] GC(250)   Merge Heap Roots: 0.5ms
[68.617s][info][gc,phases      ] GC(250)   Evacuate Collection Set: 32.0ms
[68.617s][info][gc,phases      ] GC(250)   Post Evacuate Collection Set: 0.6ms
[68.617s][info][gc,phases      ] GC(250)   Other: 0.1ms
[68.617s][info][gc,heap        ] GC(250) Eden regions: 305->0(302)
[68.617s][info][gc,heap        ] GC(250) Survivor regions: 31->29(42)
[68.617s][info][gc,heap        ] GC(250) Old regions: 286->300
[68.617s][info][gc,heap        ] GC(250) Archive regions: 0->0
[68.617s][info][gc,heap        ] GC(250) Humongous regions: 57->57
[68.617s][info][gc,metaspace   ] GC(250) Metaspace: 66620K(67584K)->66620K(67584K) NonClass: 58192K(58688K)->58192K(58688K) Class: 8427K(8896K)->8427K(8896K)
[68.617s][info][gc             ] GC(250) Pause Young (Prepare Mixed) (G1 Evacuation Pause) 669M->376M(757M) 33.662ms
[68.617s][info][gc,cpu         ] GC(250) User=0.56s Sys=0.00s Real=0.03s
[69.619s][info][gc,start       ] GC(251) Pause Young (Mixed) (G1 Evacuation Pause)
[69.619s][info][gc,task        ] GC(251) Using 18 workers of 33 for evacuation
[69.667s][info][gc,phases      ] GC(251)   Pre Evacuate Collection Set: 0.2ms
[69.667s][info][gc,phases      ] GC(251)   Merge Heap Roots: 0.5ms
[69.667s][info][gc,phases      ] GC(251)   Evacuate Collection Set: 46.3ms
[69.667s][info][gc,phases      ] GC(251)   Post Evacuate Collection Set: 0.9ms
[69.667s][info][gc,phases      ] GC(251)   Other: 0.2ms
[69.667s][info][gc,heap        ] GC(251) Eden regions: 302->0(265)
[69.667s][info][gc,heap        ] GC(251) Survivor regions: 29->42(42)
[69.667s][info][gc,heap        ] GC(251) Old regions: 300->309
[69.668s][info][gc,heap        ] GC(251) Archive regions: 0->0
[69.668s][info][gc,heap        ] GC(251) Humongous regions: 91->86
[69.668s][info][gc,metaspace   ] GC(251) Metaspace: 66641K(67584K)->66641K(67584K) NonClass: 58213K(58688K)->58213K(58688K) Class: 8428K(8896K)->8428K(8896K)
[69.668s][info][gc             ] GC(251) Pause Young (Mixed) (G1 Evacuation Pause) 712M->432M(784M) 48.522ms
[69.668s][info][gc,cpu         ] GC(251) User=0.83s Sys=0.02s Real=0.05s
[69.739s][info][gc,start       ] GC(252) Pause Young (Concurrent Start) (G1 Humongous Allocation)
[69.739s][info][gc,task        ] GC(252) Using 18 workers of 33 for evacuation
[69.770s][info][gc,phases      ] GC(252)   Pre Evacuate Collection Set: 0.3ms
[69.770s][info][gc,phases      ] GC(252)   Merge Heap Roots: 0.3ms
[69.770s][info][gc,phases      ] GC(252)   Evacuate Collection Set: 30.4ms
[69.770s][info][gc,phases      ] GC(252)   Post Evacuate Collection Set: 0.4ms
[69.770s][info][gc,phases      ] GC(252)   Other: 0.1ms
[69.770s][info][gc,heap        ] GC(252) Eden regions: 73->0(240)
[69.770s][info][gc,heap        ] GC(252) Survivor regions: 42->17(39)
[69.771s][info][gc,heap        ] GC(252) Old regions: 309->349
[69.771s][info][gc,heap        ] GC(252) Archive regions: 0->0
[69.771s][info][gc,heap        ] GC(252) Humongous regions: 86->86
[69.771s][info][gc,metaspace   ] GC(252) Metaspace: 66641K(67584K)->66641K(67584K) NonClass: 58213K(58688K)->58213K(58688K) Class: 8428K(8896K)->8428K(8896K)
[69.771s][info][gc             ] GC(252) Pause Young (Concurrent Start) (G1 Humongous Allocation) 505M->448M(784M) 31.847ms
[69.771s][info][gc             ] GC(253) Concurrent Mark Cycle
[69.771s][info][gc,cpu         ] GC(252) User=0.56s Sys=0.00s Real=0.03s
[69.771s][info][gc,marking     ] GC(253) Concurrent Scan Root Regions
[69.777s][info][gc,marking     ] GC(253) Concurrent Scan Root Regions 6.128ms
[69.777s][info][gc,marking     ] GC(253) Concurrent Mark
[69.777s][info][gc,marking     ] GC(253) Concurrent Mark From Roots
[69.777s][info][gc,task        ] GC(253) Using 8 workers of 8 for marking
[69.811s][info][gc,marking     ] GC(253) Concurrent Mark From Roots 33.783ms
[69.811s][info][gc,marking     ] GC(253) Concurrent Preclean
[69.811s][info][gc,marking     ] GC(253) Concurrent Preclean 0.193ms
[69.811s][info][gc,start       ] GC(253) Pause Remark
[69.813s][info][gc             ] GC(253) Pause Remark 519M->321M(784M) 2.078ms
[69.813s][info][gc,cpu         ] GC(253) User=0.00s Sys=0.00s Real=0.00s
[69.813s][info][gc,marking     ] GC(253) Concurrent Mark 36.399ms
[69.813s][info][gc,marking     ] GC(253) Concurrent Rebuild Remembered Sets and Scrub Regions
[69.836s][info][gc,marking     ] GC(253) Concurrent Rebuild Remembered Sets and Scrub Regions 23.194ms
[69.837s][info][gc,start       ] GC(253) Pause Cleanup
[69.837s][info][gc             ] GC(253) Pause Cleanup 365M->365M(784M) 0.239ms
[69.837s][info][gc,cpu         ] GC(253) User=0.00s Sys=0.00s Real=0.00s
[69.837s][info][gc,marking     ] GC(253) Concurrent Clear Claimed Marks
[69.837s][info][gc,marking     ] GC(253) Concurrent Clear Claimed Marks 0.096ms
[69.837s][info][gc,marking     ] GC(253) Concurrent Cleanup for Next Mark
[69.838s][info][gc,marking     ] GC(253) Concurrent Cleanup for Next Mark 0.618ms
[69.838s][info][gc             ] GC(253) Concurrent Mark Cycle 67.133ms
[69.901s][info][gc,start       ] GC(254) Pause Young (Prepare Mixed) (G1 Evacuation Pause)
[69.901s][info][gc,task        ] GC(254) Using 18 workers of 33 for evacuation
[69.931s][info][gc,phases      ] GC(254)   Pre Evacuate Collection Set: 0.2ms
[69.931s][info][gc,phases      ] GC(254)   Merge Heap Roots: 0.3ms
[69.931s][info][gc,phases      ] GC(254)   Evacuate Collection Set: 28.6ms
[69.931s][info][gc,phases      ] GC(254)   Post Evacuate Collection Set: 0.5ms
[69.931s][info][gc,phases      ] GC(254)   Other: 0.2ms
[69.931s][info][gc,heap        ] GC(254) Eden regions: 240->0(290)
[69.931s][info][gc,heap        ] GC(254) Survivor regions: 17->33(33)
[69.931s][info][gc,heap        ] GC(254) Old regions: 215->270
[69.931s][info][gc,heap        ] GC(254) Archive regions: 0->0
[69.931s][info][gc,heap        ] GC(254) Humongous regions: 46->46
[69.931s][info][gc,metaspace   ] GC(254) Metaspace: 66648K(67648K)->66648K(67648K) NonClass: 58220K(58752K)->58220K(58752K) Class: 8428K(8896K)->8428K(8896K)
[69.931s][info][gc             ] GC(254) Pause Young (Prepare Mixed) (G1 Evacuation Pause) 514M->344M(784M) 30.022ms
[69.931s][info][gc,cpu         ] GC(254) User=0.56s Sys=0.00s Real=0.03s
[70.079s][info][gc,start       ] GC(255) Pause Young (Mixed) (G1 Evacuation Pause)
[70.079s][info][gc,task        ] GC(255) Using 18 workers of 33 for evacuation
[70.114s][info][gc,phases      ] GC(255)   Pre Evacuate Collection Set: 0.2ms
[70.114s][info][gc,phases      ] GC(255)   Merge Heap Roots: 0.4ms
[70.114s][info][gc,phases      ] GC(255)   Evacuate Collection Set: 33.4ms
[70.114s][info][gc,phases      ] GC(255)   Post Evacuate Collection Set: 0.4ms
[70.114s][info][gc,phases      ] GC(255)   Other: 0.2ms
[70.114s][info][gc,heap        ] GC(255) Eden regions: 290->0(256)
[70.114s][info][gc,heap        ] GC(255) Survivor regions: 33->37(41)
[70.114s][info][gc,heap        ] GC(255) Old regions: 270->302
[70.114s][info][gc,heap        ] GC(255) Archive regions: 0->0
[70.114s][info][gc,heap        ] GC(255) Humongous regions: 70->70
[70.114s][info][gc,metaspace   ] GC(255) Metaspace: 66648K(67648K)->66648K(67648K) NonClass: 58220K(58752K)->58220K(58752K) Class: 8428K(8896K)->8428K(8896K)
[70.114s][info][gc             ] GC(255) Pause Young (Mixed) (G1 Evacuation Pause) 658M->404M(784M) 34.926ms
[70.114s][info][gc,cpu         ] GC(255) User=0.56s Sys=0.00s Real=0.03s
[70.187s][info][gc,start       ] GC(256) Pause Young (Concurrent Start) (G1 Humongous Allocation)
[70.188s][info][gc,task        ] GC(256) Using 18 workers of 33 for evacuation
[70.212s][info][gc,phases      ] GC(256)   Pre Evacuate Collection Set: 0.3ms
[70.212s][info][gc,phases      ] GC(256)   Merge Heap Roots: 0.1ms
[70.212s][info][gc,phases      ] GC(256)   Evacuate Collection Set: 23.8ms
[70.212s][info][gc,phases      ] GC(256)   Post Evacuate Collection Set: 0.4ms
[70.212s][info][gc,phases      ] GC(256)   Other: 0.1ms
[70.212s][info][gc,heap        ] GC(256) Eden regions: 146->0(255)
[70.212s][info][gc,heap        ] GC(256) Survivor regions: 37->18(37)
[70.212s][info][gc,heap        ] GC(256) Old regions: 302->336
[70.212s][info][gc,heap        ] GC(256) Archive regions: 0->0
[70.212s][info][gc,heap        ] GC(256) Humongous regions: 70->70
[70.212s][info][gc,metaspace   ] GC(256) Metaspace: 66648K(67648K)->66648K(67648K) NonClass: 58220K(58752K)->58220K(58752K) Class: 8428K(8896K)->8428K(8896K)
[70.212s][info][gc             ] GC(256) Pause Young (Concurrent Start) (G1 Humongous Allocation) 550M->419M(784M) 25.003ms
[70.213s][info][gc             ] GC(257) Concurrent Mark Cycle
[70.213s][info][gc,cpu         ] GC(256) User=0.56s Sys=0.00s Real=0.03s
[70.213s][info][gc,marking     ] GC(257) Concurrent Scan Root Regions
[70.219s][info][gc,marking     ] GC(257) Concurrent Scan Root Regions 5.968ms
[70.219s][info][gc,marking     ] GC(257) Concurrent Mark
[70.219s][info][gc,marking     ] GC(257) Concurrent Mark From Roots
[70.219s][info][gc,task        ] GC(257) Using 8 workers of 8 for marking
[70.274s][info][gc,marking     ] GC(257) Concurrent Mark From Roots 55.265ms
[70.274s][info][gc,marking     ] GC(257) Concurrent Preclean
[70.274s][info][gc,marking     ] GC(257) Concurrent Preclean 0.231ms
[70.274s][info][gc,start       ] GC(257) Pause Remark
[70.276s][info][gc             ] GC(257) Pause Remark 516M->479M(807M) 2.121ms
[70.276s][info][gc,cpu         ] GC(257) User=0.00s Sys=0.00s Real=0.00s
[70.277s][info][gc,marking     ] GC(257) Concurrent Mark 57.938ms
[70.277s][info][gc,marking     ] GC(257) Concurrent Rebuild Remembered Sets and Scrub Regions
[70.325s][info][gc,marking     ] GC(257) Concurrent Rebuild Remembered Sets and Scrub Regions 48.834ms
[70.326s][info][gc,start       ] GC(257) Pause Cleanup
[70.326s][info][gc             ] GC(257) Pause Cleanup 572M->572M(807M) 0.329ms
[70.326s][info][gc,cpu         ] GC(257) User=0.00s Sys=0.00s Real=0.00s
[70.326s][info][gc,marking     ] GC(257) Concurrent Clear Claimed Marks
[70.326s][info][gc,marking     ] GC(257) Concurrent Clear Claimed Marks 0.078ms
[70.326s][info][gc,marking     ] GC(257) Concurrent Cleanup for Next Mark
[70.327s][info][gc,marking     ] GC(257) Concurrent Cleanup for Next Mark 0.645ms
[70.327s][info][gc             ] GC(257) Concurrent Mark Cycle 114.254ms
[70.367s][info][gc,start       ] GC(258) Pause Young (Prepare Mixed) (G1 Evacuation Pause)
[70.367s][info][gc,task        ] GC(258) Using 19 workers of 33 for evacuation
[70.392s][info][gc,phases      ] GC(258)   Pre Evacuate Collection Set: 0.2ms
[70.392s][info][gc,phases      ] GC(258)   Merge Heap Roots: 0.8ms
[70.392s][info][gc,phases      ] GC(258)   Evacuate Collection Set: 23.1ms
[70.392s][info][gc,phases      ] GC(258)   Post Evacuate Collection Set: 0.5ms
[70.392s][info][gc,phases      ] GC(258)   Other: 0.2ms
[70.392s][info][gc,heap        ] GC(258) Eden regions: 255->0(279)
[70.392s][info][gc,heap        ] GC(258) Survivor regions: 18->35(35)
[70.392s][info][gc,heap        ] GC(258) Old regions: 335->339
[70.392s][info][gc,heap        ] GC(258) Archive regions: 0->0
[70.392s][info][gc,heap        ] GC(258) Humongous regions: 54->54
[70.392s][info][gc,metaspace   ] GC(258) Metaspace: 66648K(67648K)->66648K(67648K) NonClass: 58220K(58752K)->58220K(58752K) Class: 8428K(8896K)->8428K(8896K)
[70.392s][info][gc             ] GC(258) Pause Young (Prepare Mixed) (G1 Evacuation Pause) 657M->423M(807M) 25.261ms
[70.392s][info][gc,cpu         ] GC(258) User=0.30s Sys=0.00s Real=0.02s
[70.528s][info][gc,start       ] GC(259) Pause Young (Mixed) (G1 Evacuation Pause)
[70.528s][info][gc,task        ] GC(259) Using 19 workers of 33 for evacuation
[70.557s][info][gc,phases      ] GC(259)   Pre Evacuate Collection Set: 0.2ms
[70.557s][info][gc,phases      ] GC(259)   Merge Heap Roots: 0.2ms
[70.557s][info][gc,phases      ] GC(259)   Evacuate Collection Set: 28.0ms
[70.557s][info][gc,phases      ] GC(259)   Post Evacuate Collection Set: 0.5ms
[70.557s][info][gc,phases      ] GC(259)   Other: 0.2ms
[70.557s][info][gc,heap        ] GC(259) Eden regions: 279->0(309)
[70.557s][info][gc,heap        ] GC(259) Survivor regions: 35->24(40)
[70.557s][info][gc,heap        ] GC(259) Old regions: 339->323
[70.557s][info][gc,heap        ] GC(259) Archive regions: 0->0
[70.557s][info][gc,heap        ] GC(259) Humongous regions: 54->54
[70.558s][info][gc,metaspace   ] GC(259) Metaspace: 66648K(67648K)->66648K(67648K) NonClass: 58220K(58752K)->58220K(58752K) Class: 8428K(8896K)->8428K(8896K)
[70.558s][info][gc             ] GC(259) Pause Young (Mixed) (G1 Evacuation Pause) 702M->396M(807M) 29.552ms
[70.558s][info][gc,cpu         ] GC(259) User=0.59s Sys=0.00s Real=0.03s
[70.756s][info][gc,start       ] GC(260) Pause Young (Concurrent Start) (G1 Humongous Allocation)
[70.756s][info][gc,task        ] GC(260) Using 19 workers of 33 for evacuation
[70.782s][info][gc,phases      ] GC(260)   Pre Evacuate Collection Set: 0.3ms
[70.782s][info][gc,phases      ] GC(260)   Merge Heap Roots: 0.2ms
[70.782s][info][gc,phases      ] GC(260)   Evacuate Collection Set: 24.1ms
[70.782s][info][gc,phases      ] GC(260)   Post Evacuate Collection Set: 0.9ms
[70.782s][info][gc,phases      ] GC(260)   Other: 0.2ms
[70.782s][info][gc,heap        ] GC(260) Eden regions: 271->0(355)
[70.782s][info][gc,heap        ] GC(260) Survivor regions: 24->23(42)
[70.782s][info][gc,heap        ] GC(260) Old regions: 323->342
[70.782s][info][gc,heap        ] GC(260) Archive regions: 0->0
[70.782s][info][gc,heap        ] GC(260) Humongous regions: 54->54
[70.782s][info][gc,metaspace   ] GC(260) Metaspace: 66648K(67648K)->66648K(67648K) NonClass: 58220K(58752K)->58220K(58752K) Class: 8428K(8896K)->8428K(8896K)
[70.782s][info][gc             ] GC(260) Pause Young (Concurrent Start) (G1 Humongous Allocation) 667M->414M(871M) 26.011ms
[70.782s][info][gc             ] GC(261) Concurrent Mark Cycle
[70.782s][info][gc,cpu         ] GC(260) User=0.59s Sys=0.00s Real=0.03s
[70.782s][info][gc,marking     ] GC(261) Concurrent Scan Root Regions
[70.789s][info][gc,marking     ] GC(261) Concurrent Scan Root Regions 7.276ms
[70.789s][info][gc,marking     ] GC(261) Concurrent Mark
[70.789s][info][gc,marking     ] GC(261) Concurrent Mark From Roots
[70.789s][info][gc,task        ] GC(261) Using 8 workers of 8 for marking
[70.845s][info][gc,marking     ] GC(261) Concurrent Mark From Roots 55.621ms
[70.845s][info][gc,marking     ] GC(261) Concurrent Preclean
[70.845s][info][gc,marking     ] GC(261) Concurrent Preclean 0.141ms
[70.845s][info][gc,start       ] GC(261) Pause Remark
[70.847s][info][gc             ] GC(261) Pause Remark 417M->326M(871M) 1.924ms
[70.847s][info][gc,cpu         ] GC(261) User=0.00s Sys=0.00s Real=0.00s
[70.848s][info][gc,marking     ] GC(261) Concurrent Mark 58.055ms
[70.848s][info][gc,marking     ] GC(261) Concurrent Rebuild Remembered Sets and Scrub Regions
[70.882s][info][gc,marking     ] GC(261) Concurrent Rebuild Remembered Sets and Scrub Regions 34.095ms
[70.882s][info][gc,start       ] GC(261) Pause Cleanup
[70.882s][info][gc             ] GC(261) Pause Cleanup 330M->330M(871M) 0.359ms
[70.882s][info][gc,cpu         ] GC(261) User=0.00s Sys=0.00s Real=0.00s
[70.882s][info][gc,marking     ] GC(261) Concurrent Clear Claimed Marks
[70.882s][info][gc,marking     ] GC(261) Concurrent Clear Claimed Marks 0.078ms
[70.882s][info][gc,marking     ] GC(261) Concurrent Cleanup for Next Mark
[70.883s][info][gc,marking     ] GC(261) Concurrent Cleanup for Next Mark 0.601ms
[70.883s][info][gc             ] GC(261) Concurrent Mark Cycle 100.922ms
[71.689s][info][gc,start       ] GC(262) Pause Young (Prepare Mixed) (G1 Evacuation Pause)
[71.689s][info][gc,task        ] GC(262) Using 20 workers of 33 for evacuation
[71.742s][info][gc,phases      ] GC(262)   Pre Evacuate Collection Set: 0.2ms
[71.742s][info][gc,phases      ] GC(262)   Merge Heap Roots: 0.7ms
[71.742s][info][gc,phases      ] GC(262)   Evacuate Collection Set: 51.1ms
[71.742s][info][gc,phases      ] GC(262)   Post Evacuate Collection Set: 0.7ms
[71.742s][info][gc,phases      ] GC(262)   Other: 0.2ms
[71.742s][info][gc,heap        ] GC(262) Eden regions: 355->0(314)
[71.742s][info][gc,heap        ] GC(262) Survivor regions: 23->48(48)
[71.742s][info][gc,heap        ] GC(262) Old regions: 275->300
[71.742s][info][gc,heap        ] GC(262) Archive regions: 0->0
[71.742s][info][gc,heap        ] GC(262) Humongous regions: 108->98
[71.742s][info][gc,metaspace   ] GC(262) Metaspace: 66723K(67712K)->66723K(67712K) NonClass: 58294K(58816K)->58294K(58816K) Class: 8429K(8896K)->8429K(8896K)
[71.742s][info][gc             ] GC(262) Pause Young (Prepare Mixed) (G1 Evacuation Pause) 756M->441M(871M) 53.242ms
[71.742s][info][gc,cpu         ] GC(262) User=0.94s Sys=0.02s Real=0.06s
[72.070s][info][gc,start       ] GC(263) Pause Young (Mixed) (G1 Evacuation Pause)
[72.070s][info][gc,task        ] GC(263) Using 20 workers of 33 for evacuation
[72.123s][info][gc,phases      ] GC(263)   Pre Evacuate Collection Set: 0.2ms
[72.123s][info][gc,phases      ] GC(263)   Merge Heap Roots: 0.6ms
[72.123s][info][gc,phases      ] GC(263)   Evacuate Collection Set: 50.9ms
[72.123s][info][gc,phases      ] GC(263)   Post Evacuate Collection Set: 0.6ms
[72.123s][info][gc,phases      ] GC(263)   Other: 0.2ms
[72.123s][info][gc,heap        ] GC(263) Eden regions: 314->0(281)
[72.123s][info][gc,heap        ] GC(263) Survivor regions: 48->46(46)
[72.123s][info][gc,heap        ] GC(263) Old regions: 300->326
[72.123s][info][gc,heap        ] GC(263) Archive regions: 0->0
[72.123s][info][gc,heap        ] GC(263) Humongous regions: 127->122
[72.123s][info][gc,metaspace   ] GC(263) Metaspace: 66730K(67712K)->66730K(67712K) NonClass: 58300K(58816K)->58300K(58816K) Class: 8429K(8896K)->8429K(8896K)
[72.123s][info][gc             ] GC(263) Pause Young (Mixed) (G1 Evacuation Pause) 784M->490M(886M) 52.746ms
[72.123s][info][gc,cpu         ] GC(263) User=0.94s Sys=0.00s Real=0.04s
[72.596s][info][gc,start       ] GC(264) Pause Young (Concurrent Start) (G1 Humongous Allocation)
[72.596s][info][gc,task        ] GC(264) Using 21 workers of 33 for evacuation
[72.623s][info][gc,phases      ] GC(264)   Pre Evacuate Collection Set: 0.4ms
[72.623s][info][gc,phases      ] GC(264)   Merge Heap Roots: 0.3ms
[72.623s][info][gc,phases      ] GC(264)   Evacuate Collection Set: 25.5ms
[72.623s][info][gc,phases      ] GC(264)   Post Evacuate Collection Set: 0.5ms
[72.623s][info][gc,phases      ] GC(264)   Other: 0.2ms
[72.623s][info][gc,heap        ] GC(264) Eden regions: 140->0(281)
[72.623s][info][gc,heap        ] GC(264) Survivor regions: 46->7(41)
[72.623s][info][gc,heap        ] GC(264) Old regions: 326->374
[72.623s][info][gc,heap        ] GC(264) Archive regions: 0->0
[72.623s][info][gc,heap        ] GC(264) Humongous regions: 122->122
[72.623s][info][gc,metaspace   ] GC(264) Metaspace: 66742K(67712K)->66742K(67712K) NonClass: 58311K(58816K)->58311K(58816K) Class: 8430K(8896K)->8430K(8896K)
[72.623s][info][gc             ] GC(264) Pause Young (Concurrent Start) (G1 Humongous Allocation) 629M->499M(886M) 27.423ms
[72.623s][info][gc             ] GC(265) Concurrent Mark Cycle
[72.623s][info][gc,cpu         ] GC(264) User=0.33s Sys=0.00s Real=0.02s
[72.623s][info][gc,marking     ] GC(265) Concurrent Scan Root Regions
[72.627s][info][gc,marking     ] GC(265) Concurrent Scan Root Regions 3.246ms
[72.627s][info][gc,marking     ] GC(265) Concurrent Mark
[72.627s][info][gc,marking     ] GC(265) Concurrent Mark From Roots
[72.627s][info][gc,task        ] GC(265) Using 8 workers of 8 for marking
[72.658s][info][gc,marking     ] GC(265) Concurrent Mark From Roots 31.385ms
[72.658s][info][gc,marking     ] GC(265) Concurrent Preclean
[72.658s][info][gc,marking     ] GC(265) Concurrent Preclean 0.176ms
[72.658s][info][gc,start       ] GC(265) Pause Remark
[72.661s][info][gc             ] GC(265) Pause Remark 515M->262M(886M) 2.467ms
[72.661s][info][gc,cpu         ] GC(265) User=0.00s Sys=0.00s Real=0.00s
[72.661s][info][gc,marking     ] GC(265) Concurrent Mark 34.460ms
[72.661s][info][gc,marking     ] GC(265) Concurrent Rebuild Remembered Sets and Scrub Regions
[72.680s][info][gc,marking     ] GC(265) Concurrent Rebuild Remembered Sets and Scrub Regions 18.763ms
[72.680s][info][gc,start       ] GC(265) Pause Cleanup
[72.680s][info][gc             ] GC(265) Pause Cleanup 294M->294M(886M) 0.263ms
[72.680s][info][gc,cpu         ] GC(265) User=0.00s Sys=0.00s Real=0.00s
[72.680s][info][gc,marking     ] GC(265) Concurrent Clear Claimed Marks
[72.681s][info][gc,marking     ] GC(265) Concurrent Clear Claimed Marks 0.083ms
[72.681s][info][gc,marking     ] GC(265) Concurrent Cleanup for Next Mark
[72.681s][info][gc,marking     ] GC(265) Concurrent Cleanup for Next Mark 0.590ms
[72.681s][info][gc             ] GC(265) Concurrent Mark Cycle 57.871ms
[72.789s][info][gc,start       ] GC(266) Pause Young (Prepare Mixed) (G1 Evacuation Pause)
[72.789s][info][gc,task        ] GC(266) Using 21 workers of 33 for evacuation
[72.805s][info][gc,phases      ] GC(266)   Pre Evacuate Collection Set: 0.3ms
[72.805s][info][gc,phases      ] GC(266)   Merge Heap Roots: 0.2ms
[72.805s][info][gc,phases      ] GC(266)   Evacuate Collection Set: 15.3ms
[72.805s][info][gc,phases      ] GC(266)   Post Evacuate Collection Set: 0.6ms
[72.805s][info][gc,phases      ] GC(266)   Other: 0.2ms
[72.806s][info][gc,heap        ] GC(266) Eden regions: 281->0(447)
[72.806s][info][gc,heap        ] GC(266) Survivor regions: 7->35(36)
[72.806s][info][gc,heap        ] GC(266) Old regions: 233->233
[72.806s][info][gc,heap        ] GC(266) Archive regions: 0->0
[72.806s][info][gc,heap        ] GC(266) Humongous regions: 25->20
[72.806s][info][gc,metaspace   ] GC(266) Metaspace: 66801K(67776K)->66801K(67776K) NonClass: 58370K(58880K)->58370K(58880K) Class: 8430K(8896K)->8430K(8896K)
[72.806s][info][gc             ] GC(266) Pause Young (Prepare Mixed) (G1 Evacuation Pause) 542M->284M(886M) 17.023ms
[72.806s][info][gc,cpu         ] GC(266) User=0.34s Sys=0.00s Real=0.03s
[73.334s][info][gc,start       ] GC(267) Pause Young (Mixed) (G1 Evacuation Pause)
[73.334s][info][gc,task        ] GC(267) Using 21 workers of 33 for evacuation
[73.395s][info][gc,phases      ] GC(267)   Pre Evacuate Collection Set: 0.2ms
[73.395s][info][gc,phases      ] GC(267)   Merge Heap Roots: 0.4ms
[73.395s][info][gc,phases      ] GC(267)   Evacuate Collection Set: 60.3ms
[73.396s][info][gc,phases      ] GC(267)   Post Evacuate Collection Set: 0.6ms
[73.396s][info][gc,phases      ] GC(267)   Other: 0.2ms
[73.396s][info][gc,heap        ] GC(267) Eden regions: 375->0(400)
[73.396s][info][gc,heap        ] GC(267) Survivor regions: 35->53(61)
[73.396s][info][gc,heap        ] GC(267) Old regions: 233->260
[73.396s][info][gc,heap        ] GC(267) Archive regions: 0->0
[73.396s][info][gc,heap        ] GC(267) Humongous regions: 246->127
[73.396s][info][gc,metaspace   ] GC(267) Metaspace: 66831K(67840K)->66831K(67840K) NonClass: 58400K(58944K)->58400K(58944K) Class: 8430K(8896K)->8430K(8896K)
[73.396s][info][gc             ] GC(267) Pause Young (Mixed) (G1 Evacuation Pause) 885M->435M(976M) 61.977ms
[73.396s][info][gc,cpu         ] GC(267) User=1.22s Sys=0.09s Real=0.06s
[73.401s][info][gc,start       ] GC(268) Pause Young (Concurrent Start) (G1 Humongous Allocation)
[73.401s][info][gc,task        ] GC(268) Using 23 workers of 33 for evacuation
[73.422s][info][gc,phases      ] GC(268)   Pre Evacuate Collection Set: 0.2ms
[73.422s][info][gc,phases      ] GC(268)   Merge Heap Roots: 0.2ms
[73.422s][info][gc,phases      ] GC(268)   Evacuate Collection Set: 19.6ms
[73.422s][info][gc,phases      ] GC(268)   Post Evacuate Collection Set: 0.5ms
[73.422s][info][gc,phases      ] GC(268)   Other: 0.1ms
[73.422s][info][gc,heap        ] GC(268) Eden regions: 11->0(407)
[73.422s][info][gc,heap        ] GC(268) Survivor regions: 53->6(57)
[73.422s][info][gc,heap        ] GC(268) Old regions: 260->312
[73.422s][info][gc,heap        ] GC(268) Archive regions: 0->0
[73.422s][info][gc,heap        ] GC(268) Humongous regions: 127->127
[73.422s][info][gc,metaspace   ] GC(268) Metaspace: 66833K(67840K)->66833K(67840K) NonClass: 58402K(58944K)->58402K(58944K) Class: 8430K(8896K)->8430K(8896K)
[73.422s][info][gc             ] GC(268) Pause Young (Concurrent Start) (G1 Humongous Allocation) 446M->440M(976M) 20.812ms
[73.422s][info][gc             ] GC(269) Concurrent Mark Cycle
[73.422s][info][gc,cpu         ] GC(268) User=0.38s Sys=0.00s Real=0.03s
[73.422s][info][gc,marking     ] GC(269) Concurrent Scan Root Regions
[73.428s][info][gc,marking     ] GC(269) Concurrent Scan Root Regions 6.031ms
[73.428s][info][gc,marking     ] GC(269) Concurrent Mark
[73.428s][info][gc,marking     ] GC(269) Concurrent Mark From Roots
[73.428s][info][gc,task        ] GC(269) Using 8 workers of 8 for marking
[73.462s][info][gc,marking     ] GC(269) Concurrent Mark From Roots 33.677ms
[73.462s][info][gc,marking     ] GC(269) Concurrent Preclean
[73.462s][info][gc,marking     ] GC(269) Concurrent Preclean 0.247ms
[73.462s][info][gc,start       ] GC(269) Pause Remark
[73.464s][info][gc             ] GC(269) Pause Remark 507M->415M(976M) 2.151ms
[73.465s][info][gc,cpu         ] GC(269) User=0.00s Sys=0.00s Real=0.00s
[73.465s][info][gc,marking     ] GC(269) Concurrent Mark 36.464ms
[73.465s][info][gc,marking     ] GC(269) Concurrent Rebuild Remembered Sets and Scrub Regions
[73.486s][info][gc,marking     ] GC(269) Concurrent Rebuild Remembered Sets and Scrub Regions 21.529ms
[73.486s][info][gc,start       ] GC(269) Pause Cleanup
[73.487s][info][gc             ] GC(269) Pause Cleanup 441M->441M(976M) 0.301ms
[73.487s][info][gc,cpu         ] GC(269) User=0.00s Sys=0.00s Real=0.00s
[73.487s][info][gc,marking     ] GC(269) Concurrent Clear Claimed Marks
[73.487s][info][gc,marking     ] GC(269) Concurrent Clear Claimed Marks 0.076ms
[73.487s][info][gc,marking     ] GC(269) Concurrent Cleanup for Next Mark
[73.488s][info][gc,marking     ] GC(269) Concurrent Cleanup for Next Mark 0.786ms
[73.488s][info][gc             ] GC(269) Concurrent Mark Cycle 65.636ms
[73.817s][info][gc,start       ] GC(270) Pause Young (Prepare Mixed) (G1 Evacuation Pause)
[73.817s][info][gc,task        ] GC(270) Using 23 workers of 33 for evacuation
[73.846s][info][gc,phases      ] GC(270)   Pre Evacuate Collection Set: 0.2ms
[73.846s][info][gc,phases      ] GC(270)   Merge Heap Roots: 0.5ms
[73.846s][info][gc,phases      ] GC(270)   Evacuate Collection Set: 27.7ms
[73.846s][info][gc,phases      ] GC(270)   Post Evacuate Collection Set: 0.6ms
[73.846s][info][gc,phases      ] GC(270)   Other: 0.2ms
[73.846s][info][gc,heap        ] GC(270) Eden regions: 407->0(408)
[73.847s][info][gc,heap        ] GC(270) Survivor regions: 6->45(52)
[73.847s][info][gc,heap        ] GC(270) Old regions: 285->285
[73.847s][info][gc,heap        ] GC(270) Archive regions: 0->0
[73.847s][info][gc,heap        ] GC(270) Humongous regions: 154->109
[73.847s][info][gc,metaspace   ] GC(270) Metaspace: 66854K(67840K)->66854K(67840K) NonClass: 58423K(58944K)->58423K(58944K) Class: 8430K(8896K)->8430K(8896K)
[73.847s][info][gc             ] GC(270) Pause Young (Prepare Mixed) (G1 Evacuation Pause) 847M->434M(976M) 29.596ms
[73.847s][info][gc,cpu         ] GC(270) User=0.72s Sys=0.00s Real=0.03s
[74.044s][info][gc,start       ] GC(271) Pause Full (System.gc())
[74.044s][info][gc,task        ] GC(271) Using 23 workers of 33 for full compaction
[74.045s][info][gc,phases,start] GC(271) Phase 1: Mark live objects
[74.077s][info][gc,phases      ] GC(271) Phase 1: Mark live objects 31.990ms
[74.077s][info][gc,phases,start] GC(271) Phase 2: Prepare compaction
[74.081s][info][gc,phases      ] GC(271) Phase 2: Prepare compaction 4.051ms
[74.081s][info][gc,phases,start] GC(271) Phase 3: Adjust pointers
[74.092s][info][gc,phases      ] GC(271) Phase 3: Adjust pointers 10.232ms
[74.092s][info][gc,phases,start] GC(271) Phase 4: Compact heap
[74.092s][info][gc,phases      ] GC(271) Phase 4: Compact heap 0.599ms
[74.102s][info][gc,heap        ] GC(271) Eden regions: 316->0(291)
[74.102s][info][gc,heap        ] GC(271) Survivor regions: 45->0(52)
[74.102s][info][gc,heap        ] GC(271) Old regions: 285->155
[74.102s][info][gc,heap        ] GC(271) Archive regions: 0->0
[74.102s][info][gc,heap        ] GC(271) Humongous regions: 112->10
[74.102s][info][gc,metaspace   ] GC(271) Metaspace: 66855K(67840K)->66855K(67840K) NonClass: 58424K(58944K)->58424K(58944K) Class: 8430K(8896K)->8430K(8896K)
[74.103s][info][gc             ] GC(271) Pause Full (System.gc()) 752M->148M(550M) 58.576ms
[74.103s][info][gc,cpu         ] GC(271) User=0.73s Sys=0.00s Real=0.05s
[74.137s][info][gc,start       ] GC(272) Pause Young (Concurrent Start) (G1 Humongous Allocation)
[74.137s][info][gc,task        ] GC(272) Using 18 workers of 33 for evacuation
[74.140s][info][gc,phases      ] GC(272)   Pre Evacuate Collection Set: 0.3ms
[74.140s][info][gc,phases      ] GC(272)   Merge Heap Roots: 0.1ms
[74.140s][info][gc,phases      ] GC(272)   Evacuate Collection Set: 1.2ms
[74.140s][info][gc,phases      ] GC(272)   Post Evacuate Collection Set: 1.1ms
[74.140s][info][gc,phases      ] GC(272)   Other: 0.2ms
[74.140s][info][gc,heap        ] GC(272) Eden regions: 19->0(373)
[74.140s][info][gc,heap        ] GC(272) Survivor regions: 0->6(37)
[74.140s][info][gc,heap        ] GC(272) Old regions: 155->155
[74.140s][info][gc,heap        ] GC(272) Archive regions: 0->0
[74.140s][info][gc,heap        ] GC(272) Humongous regions: 10->10
[74.140s][info][gc,metaspace   ] GC(272) Metaspace: 66861K(67904K)->66861K(67904K) NonClass: 58430K(59008K)->58430K(59008K) Class: 8430K(8896K)->8430K(8896K)
[74.140s][info][gc             ] GC(272) Pause Young (Concurrent Start) (G1 Humongous Allocation) 166M->154M(639M) 3.367ms
[74.140s][info][gc             ] GC(273) Concurrent Mark Cycle
[74.140s][info][gc,cpu         ] GC(272) User=0.00s Sys=0.00s Real=0.00s
[74.140s][info][gc,marking     ] GC(273) Concurrent Scan Root Regions
[74.141s][info][gc,marking     ] GC(273) Concurrent Scan Root Regions 1.150ms
[74.141s][info][gc,marking     ] GC(273) Concurrent Mark
[74.141s][info][gc,marking     ] GC(273) Concurrent Mark From Roots
[74.142s][info][gc,task        ] GC(273) Using 8 workers of 8 for marking
[74.189s][info][gc,marking     ] GC(273) Concurrent Mark From Roots 47.525ms
[74.189s][info][gc,marking     ] GC(273) Concurrent Preclean
[74.189s][info][gc,marking     ] GC(273) Concurrent Preclean 0.161ms
[74.189s][info][gc,start       ] GC(273) Pause Remark
[74.192s][info][gc             ] GC(273) Pause Remark 195M->195M(639M) 2.135ms
[74.192s][info][gc,cpu         ] GC(273) User=0.00s Sys=0.00s Real=0.00s
[74.192s][info][gc,marking     ] GC(273) Concurrent Mark 50.220ms
[74.192s][info][gc,marking     ] GC(273) Concurrent Rebuild Remembered Sets and Scrub Regions
[74.204s][info][gc,marking     ] GC(273) Concurrent Rebuild Remembered Sets and Scrub Regions 12.710ms
[74.205s][info][gc,start       ] GC(273) Pause Cleanup
[74.205s][info][gc             ] GC(273) Pause Cleanup 212M->212M(639M) 0.186ms
[74.205s][info][gc,cpu         ] GC(273) User=0.00s Sys=0.00s Real=0.00s
[74.205s][info][gc,marking     ] GC(273) Concurrent Clear Claimed Marks
[74.205s][info][gc,marking     ] GC(273) Concurrent Clear Claimed Marks 0.085ms
[74.205s][info][gc,marking     ] GC(273) Concurrent Cleanup for Next Mark
[74.205s][info][gc,marking     ] GC(273) Concurrent Cleanup for Next Mark 0.390ms
[74.205s][info][gc             ] GC(273) Concurrent Mark Cycle 65.186ms
[74.371s][info][gc,start       ] GC(274) Pause Young (Prepare Mixed) (G1 Evacuation Pause)
[74.371s][info][gc,task        ] GC(274) Using 16 workers of 33 for evacuation
[74.408s][info][gc,phases      ] GC(274)   Pre Evacuate Collection Set: 0.2ms
[74.408s][info][gc,phases      ] GC(274)   Merge Heap Roots: 0.3ms
[74.408s][info][gc,phases      ] GC(274)   Evacuate Collection Set: 35.9ms
[74.408s][info][gc,phases      ] GC(274)   Post Evacuate Collection Set: 0.5ms
[74.408s][info][gc,phases      ] GC(274)   Other: 0.2ms
[74.408s][info][gc,heap        ] GC(274) Eden regions: 373->0(274)
[74.408s][info][gc,heap        ] GC(274) Survivor regions: 6->48(48)
[74.408s][info][gc,heap        ] GC(274) Old regions: 155->197
[74.408s][info][gc,heap        ] GC(274) Archive regions: 0->0
[74.408s][info][gc,heap        ] GC(274) Humongous regions: 51->46
[74.408s][info][gc,metaspace   ] GC(274) Metaspace: 66866K(67904K)->66866K(67904K) NonClass: 58435K(59008K)->58435K(59008K) Class: 8430K(8896K)->8430K(8896K)
[74.408s][info][gc             ] GC(274) Pause Young (Prepare Mixed) (G1 Evacuation Pause) 568M->273M(675M) 37.328ms
[74.409s][info][gc,cpu         ] GC(274) User=0.48s Sys=0.02s Real=0.03s
[74.543s][info][gc,start       ] GC(275) Pause Young (Mixed) (G1 Evacuation Pause)
[74.543s][info][gc,task        ] GC(275) Using 16 workers of 33 for evacuation
[74.580s][info][gc,phases      ] GC(275)   Pre Evacuate Collection Set: 0.2ms
[74.580s][info][gc,phases      ] GC(275)   Merge Heap Roots: 0.3ms
[74.580s][info][gc,phases      ] GC(275)   Evacuate Collection Set: 35.5ms
[74.580s][info][gc,phases      ] GC(275)   Post Evacuate Collection Set: 0.4ms
[74.580s][info][gc,phases      ] GC(275)   Other: 0.2ms
[74.580s][info][gc,heap        ] GC(275) Eden regions: 274->0(252)
[74.580s][info][gc,heap        ] GC(275) Survivor regions: 48->31(41)
[74.580s][info][gc,heap        ] GC(275) Old regions: 197->246
[74.580s][info][gc,heap        ] GC(275) Archive regions: 0->0
[74.580s][info][gc,heap        ] GC(275) Humongous regions: 58->58
[74.580s][info][gc,metaspace   ] GC(275) Metaspace: 66866K(67904K)->66866K(67904K) NonClass: 58435K(59008K)->58435K(59008K) Class: 8430K(8896K)->8430K(8896K)
[74.580s][info][gc             ] GC(275) Pause Young (Mixed) (G1 Evacuation Pause) 559M->320M(675M) 36.974ms
[74.580s][info][gc,cpu         ] GC(275) User=0.50s Sys=0.00s Real=0.03s
[74.623s][info][gc,start       ] GC(276) Pause Young (Concurrent Start) (G1 Humongous Allocation)
[74.623s][info][gc,task        ] GC(276) Using 16 workers of 33 for evacuation
[74.643s][info][gc,phases      ] GC(276)   Pre Evacuate Collection Set: 0.3ms
[74.643s][info][gc,phases      ] GC(276)   Merge Heap Roots: 0.1ms
[74.643s][info][gc,phases      ] GC(276)   Evacuate Collection Set: 18.9ms
[74.643s][info][gc,phases      ] GC(276)   Post Evacuate Collection Set: 0.4ms
[74.643s][info][gc,phases      ] GC(276)   Other: 0.2ms
[74.643s][info][gc,heap        ] GC(276) Eden regions: 70->0(250)
[74.643s][info][gc,heap        ] GC(276) Survivor regions: 31->10(36)
[74.643s][info][gc,heap        ] GC(276) Old regions: 246->276
[74.643s][info][gc,heap        ] GC(276) Archive regions: 0->0
[74.643s][info][gc,heap        ] GC(276) Humongous regions: 58->58
[74.643s][info][gc,metaspace   ] GC(276) Metaspace: 66866K(67904K)->66866K(67904K) NonClass: 58435K(59008K)->58435K(59008K) Class: 8430K(8896K)->8430K(8896K)
[74.643s][info][gc             ] GC(276) Pause Young (Concurrent Start) (G1 Humongous Allocation) 390M->329M(675M) 20.225ms
[74.643s][info][gc             ] GC(277) Concurrent Mark Cycle
[74.643s][info][gc,cpu         ] GC(276) User=0.25s Sys=0.00s Real=0.02s
[74.643s][info][gc,marking     ] GC(277) Concurrent Scan Root Regions
[74.649s][info][gc,marking     ] GC(277) Concurrent Scan Root Regions 5.424ms
[74.649s][info][gc,marking     ] GC(277) Concurrent Mark
[74.649s][info][gc,marking     ] GC(277) Concurrent Mark From Roots
[74.649s][info][gc,task        ] GC(277) Using 8 workers of 8 for marking
[74.712s][info][gc,marking     ] GC(277) Concurrent Mark From Roots 63.458ms
[74.712s][info][gc,marking     ] GC(277) Concurrent Preclean
[74.712s][info][gc,marking     ] GC(277) Concurrent Preclean 0.165ms
[74.712s][info][gc,start       ] GC(277) Pause Remark
[74.715s][info][gc             ] GC(277) Pause Remark 424M->400M(692M) 2.197ms
[74.715s][info][gc,cpu         ] GC(277) User=0.00s Sys=0.00s Real=0.00s
[74.715s][info][gc,marking     ] GC(277) Concurrent Mark 66.160ms
[74.715s][info][gc,marking     ] GC(277) Concurrent Rebuild Remembered Sets and Scrub Regions
[74.755s][info][gc,marking     ] GC(277) Concurrent Rebuild Remembered Sets and Scrub Regions 40.534ms
[74.755s][info][gc,start       ] GC(277) Pause Cleanup
[74.756s][info][gc             ] GC(277) Pause Cleanup 458M->458M(692M) 0.238ms
[74.756s][info][gc,cpu         ] GC(277) User=0.00s Sys=0.00s Real=0.00s
[74.756s][info][gc,marking     ] GC(277) Concurrent Clear Claimed Marks
[74.756s][info][gc,marking     ] GC(277) Concurrent Clear Claimed Marks 0.097ms
[74.756s][info][gc,marking     ] GC(277) Concurrent Cleanup for Next Mark
[74.756s][info][gc,marking     ] GC(277) Concurrent Cleanup for Next Mark 0.491ms
[74.756s][info][gc             ] GC(277) Concurrent Mark Cycle 113.394ms
[74.822s][info][gc,start       ] GC(278) Pause Young (Prepare Mixed) (G1 Evacuation Pause)
[74.823s][info][gc,task        ] GC(278) Using 16 workers of 33 for evacuation
[74.841s][info][gc,phases      ] GC(278)   Pre Evacuate Collection Set: 0.2ms
[74.841s][info][gc,phases      ] GC(278)   Merge Heap Roots: 0.6ms
[74.841s][info][gc,phases      ] GC(278)   Evacuate Collection Set: 17.3ms
[74.841s][info][gc,phases      ] GC(278)   Post Evacuate Collection Set: 0.6ms
[74.841s][info][gc,phases      ] GC(278)   Other: 0.1ms
[74.841s][info][gc,heap        ] GC(278) Eden regions: 250->0(261)
[74.841s][info][gc,heap        ] GC(278) Survivor regions: 10->28(33)
[74.841s][info][gc,heap        ] GC(278) Old regions: 276->276
[74.842s][info][gc,heap        ] GC(278) Archive regions: 0->0
[74.842s][info][gc,heap        ] GC(278) Humongous regions: 49->49
[74.842s][info][gc,metaspace   ] GC(278) Metaspace: 66866K(67904K)->66866K(67904K) NonClass: 58435K(59008K)->58435K(59008K) Class: 8430K(8896K)->8430K(8896K)
[74.842s][info][gc             ] GC(278) Pause Young (Prepare Mixed) (G1 Evacuation Pause) 570M->338M(692M) 19.139ms
[74.842s][info][gc,cpu         ] GC(278) User=0.25s Sys=0.00s Real=0.02s
[74.999s][info][gc,start       ] GC(279) Pause Young (Mixed) (G1 Evacuation Pause)
[74.999s][info][gc,task        ] GC(279) Using 16 workers of 33 for evacuation
[75.024s][info][gc,phases      ] GC(279)   Pre Evacuate Collection Set: 0.2ms
[75.024s][info][gc,phases      ] GC(279)   Merge Heap Roots: 0.2ms
[75.024s][info][gc,phases      ] GC(279)   Evacuate Collection Set: 23.5ms
[75.024s][info][gc,phases      ] GC(279)   Post Evacuate Collection Set: 0.4ms
[75.024s][info][gc,phases      ] GC(279)   Other: 0.2ms
[75.024s][info][gc,heap        ] GC(279) Eden regions: 261->0(261)
[75.024s][info][gc,heap        ] GC(279) Survivor regions: 28->34(37)
[75.024s][info][gc,heap        ] GC(279) Old regions: 276->278
[75.024s][info][gc,heap        ] GC(279) Archive regions: 0->0
[75.024s][info][gc,heap        ] GC(279) Humongous regions: 49->49
[75.024s][info][gc,metaspace   ] GC(279) Metaspace: 66868K(67904K)->66868K(67904K) NonClass: 58437K(59008K)->58437K(59008K) Class: 8430K(8896K)->8430K(8896K)
[75.024s][info][gc             ] GC(279) Pause Young (Mixed) (G1 Evacuation Pause) 599M->352M(692M) 24.805ms
[75.024s][info][gc,cpu         ] GC(279) User=0.50s Sys=0.00s Real=0.03s
[75.120s][info][gc,start       ] GC(280) Pause Young (Concurrent Start) (G1 Humongous Allocation)
[75.120s][info][gc,task        ] GC(280) Using 16 workers of 33 for evacuation
[75.144s][info][gc,phases      ] GC(280)   Pre Evacuate Collection Set: 0.3ms
[75.144s][info][gc,phases      ] GC(280)   Merge Heap Roots: 0.2ms
[75.144s][info][gc,phases      ] GC(280)   Evacuate Collection Set: 21.7ms
[75.144s][info][gc,phases      ] GC(280)   Post Evacuate Collection Set: 1.1ms
[75.144s][info][gc,phases      ] GC(280)   Other: 0.2ms
[75.144s][info][gc,heap        ] GC(280) Eden regions: 187->0(307)
[75.144s][info][gc,heap        ] GC(280) Survivor regions: 34->29(37)
[75.144s][info][gc,heap        ] GC(280) Old regions: 278->293
[75.144s][info][gc,heap        ] GC(280) Archive regions: 0->0
[75.144s][info][gc,heap        ] GC(280) Humongous regions: 49->49
[75.144s][info][gc,metaspace   ] GC(280) Metaspace: 66868K(67904K)->66868K(67904K) NonClass: 58437K(59008K)->58437K(59008K) Class: 8430K(8896K)->8430K(8896K)
[75.144s][info][gc             ] GC(280) Pause Young (Concurrent Start) (G1 Humongous Allocation) 538M->361M(759M) 23.837ms
[75.144s][info][gc             ] GC(281) Concurrent Mark Cycle
[75.144s][info][gc,cpu         ] GC(280) User=0.50s Sys=0.00s Real=0.02s
[75.144s][info][gc,marking     ] GC(281) Concurrent Scan Root Regions
[75.149s][info][gc,marking     ] GC(281) Concurrent Scan Root Regions 5.129ms
[75.149s][info][gc,marking     ] GC(281) Concurrent Mark
[75.149s][info][gc,marking     ] GC(281) Concurrent Mark From Roots
[75.149s][info][gc,task        ] GC(281) Using 8 workers of 8 for marking
[75.215s][info][gc,marking     ] GC(281) Concurrent Mark From Roots 65.627ms
[75.215s][info][gc,marking     ] GC(281) Concurrent Preclean
[75.215s][info][gc,marking     ] GC(281) Concurrent Preclean 0.288ms
[75.216s][info][gc,start       ] GC(281) Pause Remark
[75.218s][info][gc             ] GC(281) Pause Remark 439M->421M(759M) 2.114ms
[75.218s][info][gc,cpu         ] GC(281) User=0.02s Sys=0.31s Real=0.01s
[75.218s][info][gc,marking     ] GC(281) Concurrent Mark 68.416ms
[75.218s][info][gc,marking     ] GC(281) Concurrent Rebuild Remembered Sets and Scrub Regions
[75.264s][info][gc,marking     ] GC(281) Concurrent Rebuild Remembered Sets and Scrub Regions 46.346ms
[75.264s][info][gc,start       ] GC(281) Pause Cleanup
[75.265s][info][gc             ] GC(281) Pause Cleanup 444M->444M(759M) 0.341ms
[75.265s][info][gc,cpu         ] GC(281) User=0.00s Sys=0.00s Real=0.00s
[75.265s][info][gc,marking     ] GC(281) Concurrent Clear Claimed Marks
[75.265s][info][gc,marking     ] GC(281) Concurrent Clear Claimed Marks 0.108ms
[75.265s][info][gc,marking     ] GC(281) Concurrent Cleanup for Next Mark
[75.266s][info][gc,marking     ] GC(281) Concurrent Cleanup for Next Mark 0.642ms
[75.266s][info][gc             ] GC(281) Concurrent Mark Cycle 121.524ms
[75.672s][info][gc,start       ] GC(282) Pause Young (Prepare Mixed) (G1 Evacuation Pause)
[75.672s][info][gc,task        ] GC(282) Using 18 workers of 33 for evacuation
[75.704s][info][gc,phases      ] GC(282)   Pre Evacuate Collection Set: 0.2ms
[75.704s][info][gc,phases      ] GC(282)   Merge Heap Roots: 0.5ms
[75.704s][info][gc,phases      ] GC(282)   Evacuate Collection Set: 30.8ms
[75.704s][info][gc,phases      ] GC(282)   Post Evacuate Collection Set: 0.6ms
[75.704s][info][gc,phases      ] GC(282)   Other: 0.2ms
[75.704s][info][gc,heap        ] GC(282) Eden regions: 307->0(302)
[75.704s][info][gc,heap        ] GC(282) Survivor regions: 29->29(42)
[75.704s][info][gc,heap        ] GC(282) Old regions: 287->302
[75.704s][info][gc,heap        ] GC(282) Archive regions: 0->0
[75.704s][info][gc,heap        ] GC(282) Humongous regions: 57->57
[75.704s][info][gc,metaspace   ] GC(282) Metaspace: 66868K(67904K)->66868K(67904K) NonClass: 58437K(59008K)->58437K(59008K) Class: 8430K(8896K)->8430K(8896K)
[75.704s][info][gc             ] GC(282) Pause Young (Prepare Mixed) (G1 Evacuation Pause) 670M->378M(759M) 32.705ms
[75.705s][info][gc,cpu         ] GC(282) User=0.56s Sys=0.00s Real=0.03s
[76.718s][info][gc,start       ] GC(283) Pause Young (Mixed) (G1 Evacuation Pause)
[76.718s][info][gc,task        ] GC(283) Using 18 workers of 33 for evacuation
[76.761s][info][gc,phases      ] GC(283)   Pre Evacuate Collection Set: 0.2ms
[76.761s][info][gc,phases      ] GC(283)   Merge Heap Roots: 0.5ms
[76.761s][info][gc,phases      ] GC(283)   Evacuate Collection Set: 41.4ms
[76.761s][info][gc,phases      ] GC(283)   Post Evacuate Collection Set: 0.6ms
[76.761s][info][gc,phases      ] GC(283)   Other: 0.1ms
[76.761s][info][gc,heap        ] GC(283) Eden regions: 302->0(266)
[76.761s][info][gc,heap        ] GC(283) Survivor regions: 29->42(42)
[76.761s][info][gc,heap        ] GC(283) Old regions: 302->306
[76.761s][info][gc,heap        ] GC(283) Archive regions: 0->0
[76.761s][info][gc,heap        ] GC(283) Humongous regions: 91->86
[76.761s][info][gc,metaspace   ] GC(283) Metaspace: 66888K(67904K)->66888K(67904K) NonClass: 58457K(59008K)->58457K(59008K) Class: 8431K(8896K)->8431K(8896K)
[76.761s][info][gc             ] GC(283) Pause Young (Mixed) (G1 Evacuation Pause) 714M->430M(782M) 43.077ms
[76.761s][info][gc,cpu         ] GC(283) User=0.56s Sys=0.00s Real=0.03s
[76.867s][info][gc,start       ] GC(284) Pause Young (Concurrent Start) (G1 Humongous Allocation)
[76.867s][info][gc,task        ] GC(284) Using 18 workers of 33 for evacuation
[76.901s][info][gc,phases      ] GC(284)   Pre Evacuate Collection Set: 0.3ms
[76.901s][info][gc,phases      ] GC(284)   Merge Heap Roots: 0.3ms
[76.901s][info][gc,phases      ] GC(284)   Evacuate Collection Set: 32.9ms
[76.901s][info][gc,phases      ] GC(284)   Post Evacuate Collection Set: 0.4ms
[76.901s][info][gc,phases      ] GC(284)   Other: 0.1ms
[76.901s][info][gc,heap        ] GC(284) Eden regions: 95->0(259)
[76.901s][info][gc,heap        ] GC(284) Survivor regions: 42->22(39)
[76.901s][info][gc,heap        ] GC(284) Old regions: 306->346
[76.901s][info][gc,heap        ] GC(284) Archive regions: 0->0
[76.901s][info][gc,heap        ] GC(284) Humongous regions: 86->86
[76.901s][info][gc,metaspace   ] GC(284) Metaspace: 66888K(67904K)->66888K(67904K) NonClass: 58457K(59008K)->58457K(59008K) Class: 8431K(8896K)->8431K(8896K)
[76.901s][info][gc             ] GC(284) Pause Young (Concurrent Start) (G1 Humongous Allocation) 525M->449M(782M) 34.118ms
[76.901s][info][gc             ] GC(285) Concurrent Mark Cycle
[76.901s][info][gc,cpu         ] GC(284) User=0.56s Sys=0.00s Real=0.03s
[76.902s][info][gc,marking     ] GC(285) Concurrent Scan Root Regions
[76.910s][info][gc,marking     ] GC(285) Concurrent Scan Root Regions 8.035ms
[76.910s][info][gc,marking     ] GC(285) Concurrent Mark
[76.910s][info][gc,marking     ] GC(285) Concurrent Mark From Roots
[76.910s][info][gc,task        ] GC(285) Using 8 workers of 8 for marking
[76.942s][info][gc,marking     ] GC(285) Concurrent Mark From Roots 32.028ms
[76.942s][info][gc,marking     ] GC(285) Concurrent Preclean
[76.942s][info][gc,marking     ] GC(285) Concurrent Preclean 0.184ms
[76.942s][info][gc,start       ] GC(285) Pause Remark
[76.944s][info][gc             ] GC(285) Pause Remark 522M->322M(782M) 2.145ms
[76.944s][info][gc,cpu         ] GC(285) User=0.17s Sys=0.03s Real=0.02s
[76.944s][info][gc,marking     ] GC(285) Concurrent Mark 34.693ms
[76.944s][info][gc,marking     ] GC(285) Concurrent Rebuild Remembered Sets and Scrub Regions
[76.969s][info][gc,marking     ] GC(285) Concurrent Rebuild Remembered Sets and Scrub Regions 24.486ms
[76.969s][info][gc,start       ] GC(285) Pause Cleanup
[76.969s][info][gc             ] GC(285) Pause Cleanup 371M->371M(782M) 0.233ms
[76.969s][info][gc,cpu         ] GC(285) User=0.00s Sys=0.00s Real=0.00s
[76.969s][info][gc,marking     ] GC(285) Concurrent Clear Claimed Marks
[76.969s][info][gc,marking     ] GC(285) Concurrent Clear Claimed Marks 0.099ms
[76.969s][info][gc,marking     ] GC(285) Concurrent Cleanup for Next Mark
[76.970s][info][gc,marking     ] GC(285) Concurrent Cleanup for Next Mark 0.578ms
[76.970s][info][gc             ] GC(285) Concurrent Mark Cycle 68.606ms
[77.042s][info][gc,start       ] GC(286) Pause Young (Prepare Mixed) (G1 Evacuation Pause)
[77.042s][info][gc,task        ] GC(286) Using 18 workers of 33 for evacuation
[77.075s][info][gc,phases      ] GC(286)   Pre Evacuate Collection Set: 0.2ms
[77.075s][info][gc,phases      ] GC(286)   Merge Heap Roots: 0.3ms
[77.075s][info][gc,phases      ] GC(286)   Evacuate Collection Set: 31.4ms
[77.075s][info][gc,phases      ] GC(286)   Post Evacuate Collection Set: 0.6ms
[77.075s][info][gc,phases      ] GC(286)   Other: 0.2ms
[77.075s][info][gc,heap        ] GC(286) Eden regions: 259->0(301)
[77.075s][info][gc,heap        ] GC(286) Survivor regions: 22->36(36)
[77.075s][info][gc,heap        ] GC(286) Old regions: 210->265
[77.075s][info][gc,heap        ] GC(286) Archive regions: 0->0
[77.075s][info][gc,heap        ] GC(286) Humongous regions: 48->48
[77.075s][info][gc,metaspace   ] GC(286) Metaspace: 66888K(67904K)->66888K(67904K) NonClass: 58457K(59008K)->58457K(59008K) Class: 8431K(8896K)->8431K(8896K)
[77.075s][info][gc             ] GC(286) Pause Young (Prepare Mixed) (G1 Evacuation Pause) 534M->344M(782M) 33.160ms
[77.075s][info][gc,cpu         ] GC(286) User=0.56s Sys=0.00s Real=0.03s
[77.228s][info][gc,start       ] GC(287) Pause Young (Mixed) (G1 Evacuation Pause)
[77.228s][info][gc,task        ] GC(287) Using 18 workers of 33 for evacuation
[77.264s][info][gc,phases      ] GC(287)   Pre Evacuate Collection Set: 0.2ms
[77.264s][info][gc,phases      ] GC(287)   Merge Heap Roots: 0.4ms
[77.264s][info][gc,phases      ] GC(287)   Evacuate Collection Set: 34.9ms
[77.264s][info][gc,phases      ] GC(287)   Post Evacuate Collection Set: 0.4ms
[77.264s][info][gc,phases      ] GC(287)   Other: 0.1ms
[77.264s][info][gc,heap        ] GC(287) Eden regions: 301->0(263)
[77.264s][info][gc,heap        ] GC(287) Survivor regions: 36->37(43)
[77.264s][info][gc,heap        ] GC(287) Old regions: 265->302
[77.264s][info][gc,heap        ] GC(287) Archive regions: 0->0
[77.264s][info][gc,heap        ] GC(287) Humongous regions: 70->70
[77.264s][info][gc,metaspace   ] GC(287) Metaspace: 66888K(67904K)->66888K(67904K) NonClass: 58457K(59008K)->58457K(59008K) Class: 8431K(8896K)->8431K(8896K)
[77.264s][info][gc             ] GC(287) Pause Young (Mixed) (G1 Evacuation Pause) 667M->405M(782M) 36.372ms
[77.265s][info][gc,cpu         ] GC(287) User=0.56s Sys=0.00s Real=0.03s
[77.321s][info][gc,start       ] GC(288) Pause Young (Concurrent Start) (G1 Humongous Allocation)
[77.321s][info][gc,task        ] GC(288) Using 18 workers of 33 for evacuation
[77.345s][info][gc,phases      ] GC(288)   Pre Evacuate Collection Set: 0.3ms
[77.345s][info][gc,phases      ] GC(288)   Merge Heap Roots: 0.1ms
[77.345s][info][gc,phases      ] GC(288)   Evacuate Collection Set: 22.6ms
[77.345s][info][gc,phases      ] GC(288)   Post Evacuate Collection Set: 0.4ms
[77.345s][info][gc,phases      ] GC(288)   Other: 0.1ms
[77.345s][info][gc,heap        ] GC(288) Eden regions: 116->0(261)
[77.345s][info][gc,heap        ] GC(288) Survivor regions: 37->15(38)
[77.345s][info][gc,heap        ] GC(288) Old regions: 302->338
[77.345s][info][gc,heap        ] GC(288) Archive regions: 0->0
[77.345s][info][gc,heap        ] GC(288) Humongous regions: 70->70
[77.345s][info][gc,metaspace   ] GC(288) Metaspace: 66888K(67904K)->66888K(67904K) NonClass: 58457K(59008K)->58457K(59008K) Class: 8431K(8896K)->8431K(8896K)
[77.345s][info][gc             ] GC(288) Pause Young (Concurrent Start) (G1 Humongous Allocation) 521M->418M(782M) 23.812ms
[77.345s][info][gc             ] GC(289) Concurrent Mark Cycle
[77.345s][info][gc,cpu         ] GC(288) User=0.28s Sys=0.00s Real=0.02s
[77.345s][info][gc,marking     ] GC(289) Concurrent Scan Root Regions
[77.351s][info][gc,marking     ] GC(289) Concurrent Scan Root Regions 5.411ms
[77.351s][info][gc,marking     ] GC(289) Concurrent Mark
[77.351s][info][gc,marking     ] GC(289) Concurrent Mark From Roots
[77.351s][info][gc,task        ] GC(289) Using 8 workers of 8 for marking
[77.405s][info][gc,marking     ] GC(289) Concurrent Mark From Roots 54.067ms
[77.405s][info][gc,marking     ] GC(289) Concurrent Preclean
[77.405s][info][gc,marking     ] GC(289) Concurrent Preclean 0.249ms
[77.405s][info][gc,start       ] GC(289) Pause Remark
[77.407s][info][gc             ] GC(289) Pause Remark 496M->459M(782M) 2.070ms
[77.407s][info][gc,cpu         ] GC(289) User=0.00s Sys=0.00s Real=0.00s
[77.407s][info][gc,marking     ] GC(289) Concurrent Mark 56.773ms
[77.407s][info][gc,marking     ] GC(289) Concurrent Rebuild Remembered Sets and Scrub Regions
[77.452s][info][gc,marking     ] GC(289) Concurrent Rebuild Remembered Sets and Scrub Regions 44.809ms
[77.452s][info][gc,start       ] GC(289) Pause Cleanup
[77.453s][info][gc             ] GC(289) Pause Cleanup 548M->548M(782M) 0.335ms
[77.453s][info][gc,cpu         ] GC(289) User=0.00s Sys=0.00s Real=0.00s
[77.453s][info][gc,marking     ] GC(289) Concurrent Clear Claimed Marks
[77.453s][info][gc,marking     ] GC(289) Concurrent Clear Claimed Marks 0.079ms
[77.453s][info][gc,marking     ] GC(289) Concurrent Cleanup for Next Mark
[77.453s][info][gc,marking     ] GC(289) Concurrent Cleanup for Next Mark 0.514ms
[77.453s][info][gc             ] GC(289) Concurrent Mark Cycle 108.398ms
[77.507s][info][gc,start       ] GC(290) Pause Young (Prepare Mixed) (G1 Evacuation Pause)
[77.507s][info][gc,task        ] GC(290) Using 18 workers of 33 for evacuation
[77.532s][info][gc,phases      ] GC(290)   Pre Evacuate Collection Set: 0.2ms
[77.532s][info][gc,phases      ] GC(290)   Merge Heap Roots: 0.7ms
[77.532s][info][gc,phases      ] GC(290)   Evacuate Collection Set: 22.9ms
[77.532s][info][gc,phases      ] GC(290)   Post Evacuate Collection Set: 0.5ms
[77.532s][info][gc,phases      ] GC(290)   Other: 0.2ms
[77.532s][info][gc,heap        ] GC(290) Eden regions: 261->0(266)
[77.532s][info][gc,heap        ] GC(290) Survivor regions: 15->35(35)
[77.532s][info][gc,heap        ] GC(290) Old regions: 336->337
[77.532s][info][gc,heap        ] GC(290) Archive regions: 0->0
[77.532s][info][gc,heap        ] GC(290) Humongous regions: 55->55
[77.532s][info][gc,metaspace   ] GC(290) Metaspace: 66888K(67904K)->66888K(67904K) NonClass: 58457K(59008K)->58457K(59008K) Class: 8431K(8896K)->8431K(8896K)
[77.532s][info][gc             ] GC(290) Pause Young (Prepare Mixed) (G1 Evacuation Pause) 662M->422M(782M) 24.866ms
[77.532s][info][gc,cpu         ] GC(290) User=0.56s Sys=0.00s Real=0.02s
[77.664s][info][gc,start       ] GC(291) Pause Young (Mixed) (G1 Evacuation Pause)
[77.665s][info][gc,task        ] GC(291) Using 18 workers of 33 for evacuation
[77.694s][info][gc,phases      ] GC(291)   Pre Evacuate Collection Set: 0.2ms
[77.694s][info][gc,phases      ] GC(291)   Merge Heap Roots: 0.2ms
[77.694s][info][gc,phases      ] GC(291)   Evacuate Collection Set: 27.9ms
[77.694s][info][gc,phases      ] GC(291)   Post Evacuate Collection Set: 0.5ms
[77.694s][info][gc,phases      ] GC(291)   Other: 0.2ms
[77.694s][info][gc,heap        ] GC(291) Eden regions: 266->0(296)
[77.694s][info][gc,heap        ] GC(291) Survivor regions: 35->23(38)
[77.694s][info][gc,heap        ] GC(291) Old regions: 337->321
[77.694s][info][gc,heap        ] GC(291) Archive regions: 0->0
[77.694s][info][gc,heap        ] GC(291) Humongous regions: 55->55
[77.694s][info][gc,metaspace   ] GC(291) Metaspace: 66888K(67904K)->66888K(67904K) NonClass: 58457K(59008K)->58457K(59008K) Class: 8431K(8896K)->8431K(8896K)
[77.694s][info][gc             ] GC(291) Pause Young (Mixed) (G1 Evacuation Pause) 688M->395M(782M) 29.573ms
[77.694s][info][gc,cpu         ] GC(291) User=0.56s Sys=0.00s Real=0.03s
[77.893s][info][gc,start       ] GC(292) Pause Young (Concurrent Start) (G1 Humongous Allocation)
[77.893s][info][gc,task        ] GC(292) Using 18 workers of 33 for evacuation
[77.921s][info][gc,phases      ] GC(292)   Pre Evacuate Collection Set: 0.3ms
[77.921s][info][gc,phases      ] GC(292)   Merge Heap Roots: 0.2ms
[77.921s][info][gc,phases      ] GC(292)   Evacuate Collection Set: 26.6ms
[77.921s][info][gc,phases      ] GC(292)   Post Evacuate Collection Set: 0.8ms
[77.921s][info][gc,phases      ] GC(292)   Other: 0.2ms
[77.921s][info][gc,heap        ] GC(292) Eden regions: 276->0(342)
[77.921s][info][gc,heap        ] GC(292) Survivor regions: 23->23(40)
[77.921s][info][gc,heap        ] GC(292) Old regions: 321->339
[77.921s][info][gc,heap        ] GC(292) Archive regions: 0->0
[77.921s][info][gc,heap        ] GC(292) Humongous regions: 55->55
[77.921s][info][gc,metaspace   ] GC(292) Metaspace: 66888K(67904K)->66888K(67904K) NonClass: 58457K(59008K)->58457K(59008K) Class: 8431K(8896K)->8431K(8896K)
[77.921s][info][gc             ] GC(292) Pause Young (Concurrent Start) (G1 Humongous Allocation) 670M->412M(848M) 28.393ms
[77.921s][info][gc             ] GC(293) Concurrent Mark Cycle
[77.921s][info][gc,cpu         ] GC(292) User=0.56s Sys=0.00s Real=0.03s
[77.921s][info][gc,marking     ] GC(293) Concurrent Scan Root Regions
[77.929s][info][gc,marking     ] GC(293) Concurrent Scan Root Regions 8.091ms
[77.930s][info][gc,marking     ] GC(293) Concurrent Mark
[77.930s][info][gc,marking     ] GC(293) Concurrent Mark From Roots
[77.930s][info][gc,task        ] GC(293) Using 8 workers of 8 for marking
[77.987s][info][gc,marking     ] GC(293) Concurrent Mark From Roots 57.846ms
[77.987s][info][gc,marking     ] GC(293) Concurrent Preclean
[77.988s][info][gc,marking     ] GC(293) Concurrent Preclean 0.262ms
[77.988s][info][gc,start       ] GC(293) Pause Remark
[77.990s][info][gc             ] GC(293) Pause Remark 416M->333M(848M) 1.967ms
[77.990s][info][gc,cpu         ] GC(293) User=0.00s Sys=0.00s Real=0.00s
[77.990s][info][gc,marking     ] GC(293) Concurrent Mark 60.413ms
[77.990s][info][gc,marking     ] GC(293) Concurrent Rebuild Remembered Sets and Scrub Regions
[78.030s][info][gc,marking     ] GC(293) Concurrent Rebuild Remembered Sets and Scrub Regions 40.148ms
[78.030s][info][gc,start       ] GC(293) Pause Cleanup
[78.031s][info][gc             ] GC(293) Pause Cleanup 335M->335M(848M) 0.368ms
[78.031s][info][gc,cpu         ] GC(293) User=0.00s Sys=0.00s Real=0.00s
[78.031s][info][gc,marking     ] GC(293) Concurrent Clear Claimed Marks
[78.031s][info][gc,marking     ] GC(293) Concurrent Clear Claimed Marks 0.103ms
[78.031s][info][gc,marking     ] GC(293) Concurrent Cleanup for Next Mark
[78.032s][info][gc,marking     ] GC(293) Concurrent Cleanup for Next Mark 0.690ms
[78.032s][info][gc             ] GC(293) Concurrent Mark Cycle 110.317ms
[78.832s][info][gc,start       ] GC(294) Pause Young (Prepare Mixed) (G1 Evacuation Pause)
[78.832s][info][gc,task        ] GC(294) Using 20 workers of 33 for evacuation
[78.884s][info][gc,phases      ] GC(294)   Pre Evacuate Collection Set: 0.2ms
[78.884s][info][gc,phases      ] GC(294)   Merge Heap Roots: 0.7ms
[78.884s][info][gc,phases      ] GC(294)   Evacuate Collection Set: 50.0ms
[78.884s][info][gc,phases      ] GC(294)   Post Evacuate Collection Set: 0.8ms
[78.884s][info][gc,phases      ] GC(294)   Other: 0.2ms
[78.884s][info][gc,heap        ] GC(294) Eden regions: 342->0(300)
[78.884s][info][gc,heap        ] GC(294) Survivor regions: 23->46(46)
[78.884s][info][gc,heap        ] GC(294) Old regions: 281->303
[78.884s][info][gc,heap        ] GC(294) Archive regions: 0->0
[78.884s][info][gc,heap        ] GC(294) Humongous regions: 108->98
[78.884s][info][gc,metaspace   ] GC(294) Metaspace: 66921K(67904K)->66921K(67904K) NonClass: 58489K(59008K)->58489K(59008K) Class: 8431K(8896K)->8431K(8896K)
[78.884s][info][gc             ] GC(294) Pause Young (Prepare Mixed) (G1 Evacuation Pause) 749M->443M(848M) 52.312ms
[78.884s][info][gc,cpu         ] GC(294) User=0.94s Sys=0.00s Real=0.05s
[79.196s][info][gc,start       ] GC(295) Pause Young (Mixed) (G1 Evacuation Pause)
[79.196s][info][gc,task        ] GC(295) Using 20 workers of 33 for evacuation
[79.250s][info][gc,phases      ] GC(295)   Pre Evacuate Collection Set: 0.2ms
[79.250s][info][gc,phases      ] GC(295)   Merge Heap Roots: 0.6ms
[79.250s][info][gc,phases      ] GC(295)   Evacuate Collection Set: 52.6ms
[79.251s][info][gc,phases      ] GC(295)   Post Evacuate Collection Set: 0.9ms
[79.251s][info][gc,phases      ] GC(295)   Other: 0.2ms
[79.251s][info][gc,heap        ] GC(295) Eden regions: 300->0(277)
[79.251s][info][gc,heap        ] GC(295) Survivor regions: 46->44(44)
[79.251s][info][gc,heap        ] GC(295) Old regions: 303->321
[79.251s][info][gc,heap        ] GC(295) Archive regions: 0->0
[79.251s][info][gc,heap        ] GC(295) Humongous regions: 127->122
[79.251s][info][gc,metaspace   ] GC(295) Metaspace: 66952K(67968K)->66952K(67968K) NonClass: 58521K(59072K)->58521K(59072K) Class: 8431K(8896K)->8431K(8896K)
[79.251s][info][gc             ] GC(295) Pause Young (Mixed) (G1 Evacuation Pause) 772M->483M(871M) 54.859ms
[79.251s][info][gc,cpu         ] GC(295) User=0.94s Sys=0.02s Real=0.06s
[79.541s][info][gc,start       ] GC(296) Pause Young (Concurrent Start) (G1 Humongous Allocation)
[79.541s][info][gc,task        ] GC(296) Using 20 workers of 33 for evacuation
[79.568s][info][gc,phases      ] GC(296)   Pre Evacuate Collection Set: 0.4ms
[79.568s][info][gc,phases      ] GC(296)   Merge Heap Roots: 0.2ms
[79.568s][info][gc,phases      ] GC(296)   Evacuate Collection Set: 25.7ms
[79.569s][info][gc,phases      ] GC(296)   Post Evacuate Collection Set: 0.5ms
[79.569s][info][gc,phases      ] GC(296)   Other: 0.2ms
[79.569s][info][gc,heap        ] GC(296) Eden regions: 171->0(266)
[79.569s][info][gc,heap        ] GC(296) Survivor regions: 44->13(41)
[79.569s][info][gc,heap        ] GC(296) Old regions: 321->363
[79.569s][info][gc,heap        ] GC(296) Archive regions: 0->0
[79.569s][info][gc,heap        ] GC(296) Humongous regions: 122->122
[79.569s][info][gc,metaspace   ] GC(296) Metaspace: 66983K(67968K)->66983K(67968K) NonClass: 58551K(59072K)->58551K(59072K) Class: 8431K(8896K)->8431K(8896K)
[79.569s][info][gc             ] GC(296) Pause Young (Concurrent Start) (G1 Humongous Allocation) 653M->494M(871M) 27.423ms
[79.569s][info][gc             ] GC(297) Concurrent Mark Cycle
[79.569s][info][gc,cpu         ] GC(296) User=0.31s Sys=0.00s Real=0.02s
[79.569s][info][gc,marking     ] GC(297) Concurrent Scan Root Regions
[79.572s][info][gc,marking     ] GC(297) Concurrent Scan Root Regions 3.283ms
[79.572s][info][gc,marking     ] GC(297) Concurrent Mark
[79.572s][info][gc,marking     ] GC(297) Concurrent Mark From Roots
[79.572s][info][gc,task        ] GC(297) Using 8 workers of 8 for marking
[79.607s][info][gc,marking     ] GC(297) Concurrent Mark From Roots 34.353ms
[79.607s][info][gc,marking     ] GC(297) Concurrent Preclean
[79.607s][info][gc,marking     ] GC(297) Concurrent Preclean 0.112ms
[79.607s][info][gc,start       ] GC(297) Pause Remark
[79.609s][info][gc             ] GC(297) Pause Remark 521M->292M(871M) 2.155ms
[79.609s][info][gc,cpu         ] GC(297) User=0.09s Sys=0.02s Real=0.02s
[79.609s][info][gc,marking     ] GC(297) Concurrent Mark 37.057ms
[79.609s][info][gc,marking     ] GC(297) Concurrent Rebuild Remembered Sets and Scrub Regions
[79.629s][info][gc,marking     ] GC(297) Concurrent Rebuild Remembered Sets and Scrub Regions 19.393ms
[79.629s][info][gc,start       ] GC(297) Pause Cleanup
[79.629s][info][gc             ] GC(297) Pause Cleanup 329M->329M(871M) 0.273ms
[79.629s][info][gc,cpu         ] GC(297) User=0.00s Sys=0.00s Real=0.00s
[79.629s][info][gc,marking     ] GC(297) Concurrent Clear Claimed Marks
[79.629s][info][gc,marking     ] GC(297) Concurrent Clear Claimed Marks 0.084ms
[79.629s][info][gc,marking     ] GC(297) Concurrent Cleanup for Next Mark
[79.630s][info][gc,marking     ] GC(297) Concurrent Cleanup for Next Mark 0.589ms
[79.630s][info][gc             ] GC(297) Concurrent Mark Cycle 61.103ms
[79.727s][info][gc,start       ] GC(298) Pause Young (Prepare Mixed) (G1 Evacuation Pause)
[79.757s][info][gc,task        ] GC(298) Using 20 workers of 33 for evacuation
[79.776s][info][gc,phases      ] GC(298)   Pre Evacuate Collection Set: 0.2ms
[79.776s][info][gc,phases      ] GC(298)   Merge Heap Roots: 0.2ms
[79.776s][info][gc,phases      ] GC(298)   Evacuate Collection Set: 18.2ms
[79.776s][info][gc,phases      ] GC(298)   Post Evacuate Collection Set: 0.7ms
[79.776s][info][gc,phases      ] GC(298)   Other: 0.2ms
[79.776s][info][gc,heap        ] GC(298) Eden regions: 266->0(412)
[79.776s][info][gc,heap        ] GC(298) Survivor regions: 13->34(35)
[79.776s][info][gc,heap        ] GC(298) Old regions: 243->243
[79.776s][info][gc,heap        ] GC(298) Archive regions: 0->0
[79.776s][info][gc,heap        ] GC(298) Humongous regions: 28->23
[79.776s][info][gc,metaspace   ] GC(298) Metaspace: 66994K(67968K)->66994K(67968K) NonClass: 58562K(59072K)->58562K(59072K) Class: 8431K(8896K)->8431K(8896K)
[79.776s][info][gc             ] GC(298) Pause Young (Prepare Mixed) (G1 Evacuation Pause) 546M->295M(871M) 49.153ms
[79.776s][info][gc,cpu         ] GC(298) User=0.31s Sys=0.00s Real=0.05s
[80.296s][info][gc,start       ] GC(299) Pause Young (Mixed) (G1 Evacuation Pause)
[80.296s][info][gc,task        ] GC(299) Using 21 workers of 33 for evacuation
[80.354s][info][gc,phases      ] GC(299)   Pre Evacuate Collection Set: 0.2ms
[80.354s][info][gc,phases      ] GC(299)   Merge Heap Roots: 0.3ms
[80.354s][info][gc,phases      ] GC(299)   Evacuate Collection Set: 56.5ms
[80.354s][info][gc,phases      ] GC(299)   Post Evacuate Collection Set: 0.6ms
[80.354s][info][gc,phases      ] GC(299)   Other: 0.1ms
[80.354s][info][gc,heap        ] GC(299) Eden regions: 323->0(379)
[80.354s][info][gc,heap        ] GC(299) Survivor regions: 34->43(56)
[80.354s][info][gc,heap        ] GC(299) Old regions: 243->258
[80.354s][info][gc,heap        ] GC(299) Archive regions: 0->0
[80.354s][info][gc,heap        ] GC(299) Humongous regions: 300->153
[80.354s][info][gc,metaspace   ] GC(299) Metaspace: 67047K(68032K)->67047K(68032K) NonClass: 58616K(59136K)->58616K(59136K) Class: 8431K(8896K)->8431K(8896K)
[80.354s][info][gc             ] GC(299) Pause Young (Mixed) (G1 Evacuation Pause) 895M->449M(975M) 58.048ms
[80.354s][info][gc,cpu         ] GC(299) User=0.94s Sys=0.05s Real=0.05s
[80.357s][info][gc,start       ] GC(300) Pause Young (Concurrent Start) (G1 Humongous Allocation)
[80.357s][info][gc,task        ] GC(300) Using 23 workers of 33 for evacuation
[80.376s][info][gc,phases      ] GC(300)   Pre Evacuate Collection Set: 0.2ms
[80.376s][info][gc,phases      ] GC(300)   Merge Heap Roots: 0.2ms
[80.376s][info][gc,phases      ] GC(300)   Evacuate Collection Set: 18.1ms
[80.376s][info][gc,phases      ] GC(300)   Post Evacuate Collection Set: 0.4ms
[80.376s][info][gc,phases      ] GC(300)   Other: 0.1ms
[80.376s][info][gc,heap        ] GC(300) Eden regions: 5->0(381)
[80.376s][info][gc,heap        ] GC(300) Survivor regions: 43->3(53)
[80.376s][info][gc,heap        ] GC(300) Old regions: 258->301
[80.376s][info][gc,heap        ] GC(300) Archive regions: 0->0
[80.376s][info][gc,heap        ] GC(300) Humongous regions: 153->148
[80.376s][info][gc,metaspace   ] GC(300) Metaspace: 67047K(68032K)->67047K(68032K) NonClass: 58616K(59136K)->58616K(59136K) Class: 8431K(8896K)->8431K(8896K)
[80.376s][info][gc             ] GC(300) Pause Young (Concurrent Start) (G1 Humongous Allocation) 453M->446M(975M) 19.145ms
[80.376s][info][gc             ] GC(301) Concurrent Mark Cycle
[80.376s][info][gc,cpu         ] GC(300) User=0.36s Sys=0.00s Real=0.02s
[80.376s][info][gc,marking     ] GC(301) Concurrent Scan Root Regions
[80.380s][info][gc,marking     ] GC(301) Concurrent Scan Root Regions 3.864ms
[80.380s][info][gc,marking     ] GC(301) Concurrent Mark
[80.380s][info][gc,marking     ] GC(301) Concurrent Mark From Roots
[80.380s][info][gc,task        ] GC(301) Using 8 workers of 8 for marking
[80.417s][info][gc,marking     ] GC(301) Concurrent Mark From Roots 37.486ms
[80.417s][info][gc,marking     ] GC(301) Concurrent Preclean
[80.417s][info][gc,marking     ] GC(301) Concurrent Preclean 0.229ms
[80.418s][info][gc,start       ] GC(301) Pause Remark
[80.420s][info][gc             ] GC(301) Pause Remark 615M->489M(975M) 2.259ms
[80.420s][info][gc,cpu         ] GC(301) User=0.50s Sys=0.03s Real=0.02s
[80.420s][info][gc,marking     ] GC(301) Concurrent Mark 40.314ms
[80.420s][info][gc,marking     ] GC(301) Concurrent Rebuild Remembered Sets and Scrub Regions
[80.440s][info][gc,marking     ] GC(301) Concurrent Rebuild Remembered Sets and Scrub Regions 19.671ms
[80.440s][info][gc,start       ] GC(301) Pause Cleanup
[80.440s][info][gc             ] GC(301) Pause Cleanup 530M->530M(975M) 0.309ms
[80.440s][info][gc,cpu         ] GC(301) User=0.00s Sys=0.00s Real=0.00s
[80.440s][info][gc,marking     ] GC(301) Concurrent Clear Claimed Marks
[80.440s][info][gc,marking     ] GC(301) Concurrent Clear Claimed Marks 0.086ms
[80.440s][info][gc,marking     ] GC(301) Concurrent Cleanup for Next Mark
[80.441s][info][gc,marking     ] GC(301) Concurrent Cleanup for Next Mark 0.827ms
[80.441s][info][gc             ] GC(301) Concurrent Mark Cycle 65.504ms
[80.583s][info][gc,start       ] GC(302) Pause Young (Prepare Mixed) (G1 Evacuation Pause)
[80.583s][info][gc,task        ] GC(302) Using 23 workers of 33 for evacuation
[80.616s][info][gc,phases      ] GC(302)   Pre Evacuate Collection Set: 0.2ms
[80.616s][info][gc,phases      ] GC(302)   Merge Heap Roots: 0.4ms
[80.616s][info][gc,phases      ] GC(302)   Evacuate Collection Set: 31.7ms
[80.616s][info][gc,phases      ] GC(302)   Post Evacuate Collection Set: 0.5ms
[80.616s][info][gc,phases      ] GC(302)   Other: 0.2ms
[80.617s][info][gc,heap        ] GC(302) Eden regions: 381->0(392)
[80.617s][info][gc,heap        ] GC(302) Survivor regions: 3->48(48)
[80.617s][info][gc,heap        ] GC(302) Old regions: 252->258
[80.617s][info][gc,heap        ] GC(302) Archive regions: 0->0
[80.617s][info][gc,heap        ] GC(302) Humongous regions: 148->126
[80.617s][info][gc,metaspace   ] GC(302) Metaspace: 67066K(68032K)->67066K(68032K) NonClass: 58634K(59136K)->58634K(59136K) Class: 8431K(8896K)->8431K(8896K)
[80.617s][info][gc             ] GC(302) Pause Young (Prepare Mixed) (G1 Evacuation Pause) 778M->427M(975M) 33.356ms
[80.617s][info][gc,cpu         ] GC(302) User=0.72s Sys=0.00s Real=0.03s
[80.831s][info][gc,start       ] GC(303) Pause Young (Mixed) (G1 Evacuation Pause)
[80.831s][info][gc,task        ] GC(303) Using 23 workers of 33 for evacuation
[80.986s][info][gc,phases      ] GC(303)   Pre Evacuate Collection Set: 0.2ms
[80.986s][info][gc,phases      ] GC(303)   Merge Heap Roots: 0.3ms
[80.986s][info][gc,phases      ] GC(303)   Evacuate Collection Set: 153.5ms
[80.986s][info][gc,phases      ] GC(303)   Post Evacuate Collection Set: 1.0ms
[80.986s][info][gc,phases      ] GC(303)   Other: 0.2ms
[80.986s][info][gc,heap        ] GC(303) Eden regions: 392->0(370)
[80.986s][info][gc,heap        ] GC(303) Survivor regions: 48->45(55)
[80.987s][info][gc,heap        ] GC(303) Old regions: 258->288
[80.987s][info][gc,heap        ] GC(303) Archive regions: 0->0
[80.987s][info][gc,heap        ] GC(303) Humongous regions: 129->129
[80.987s][info][gc,metaspace   ] GC(303) Metaspace: 67066K(68032K)->67066K(68032K) NonClass: 58634K(59136K)->58634K(59136K) Class: 8431K(8896K)->8431K(8896K)
[80.987s][info][gc             ] GC(303) Pause Young (Mixed) (G1 Evacuation Pause) 822M->457M(984M) 155.874ms
[80.987s][info][gc,cpu         ] GC(303) User=1.08s Sys=0.02s Real=0.16s
[81.018s][info][gc,start       ] GC(304) Pause Full (System.gc())
[81.018s][info][gc,task        ] GC(304) Using 23 workers of 33 for full compaction
[81.019s][info][gc,phases,start] GC(304) Phase 1: Mark live objects
[81.054s][info][gc,phases      ] GC(304) Phase 1: Mark live objects 35.211ms
[81.054s][info][gc,phases,start] GC(304) Phase 2: Prepare compaction
[81.058s][info][gc,phases      ] GC(304) Phase 2: Prepare compaction 4.220ms
[81.058s][info][gc,phases,start] GC(304) Phase 3: Adjust pointers
[81.069s][info][gc,phases      ] GC(304) Phase 3: Adjust pointers 10.667ms
[81.069s][info][gc,phases,start] GC(304) Phase 4: Compact heap
[81.070s][info][gc,phases      ] GC(304) Phase 4: Compact heap 0.499ms
[81.080s][info][gc,heap        ] GC(304) Eden regions: 24->0(265)
[81.080s][info][gc,heap        ] GC(304) Survivor regions: 45->0(55)
[81.080s][info][gc,heap        ] GC(304) Old regions: 288->155
[81.080s][info][gc,heap        ] GC(304) Archive regions: 0->0
[81.080s][info][gc,heap        ] GC(304) Humongous regions: 129->10
[81.080s][info][gc,metaspace   ] GC(304) Metaspace: 67066K(68032K)->67066K(68032K) NonClass: 58634K(59136K)->58634K(59136K) Class: 8431K(8896K)->8431K(8896K)
[81.080s][info][gc             ] GC(304) Pause Full (System.gc()) 480M->148M(550M) 62.268ms
[81.080s][info][gc,cpu         ] GC(304) User=0.77s Sys=0.00s Real=0.06s
[81.120s][info][gc,start       ] GC(305) Pause Young (Concurrent Start) (G1 Humongous Allocation)
[81.120s][info][gc,task        ] GC(305) Using 18 workers of 33 for evacuation
[81.123s][info][gc,phases      ] GC(305)   Pre Evacuate Collection Set: 0.4ms
[81.123s][info][gc,phases      ] GC(305)   Merge Heap Roots: 0.1ms
[81.123s][info][gc,phases      ] GC(305)   Evacuate Collection Set: 1.2ms
[81.123s][info][gc,phases      ] GC(305)   Post Evacuate Collection Set: 0.6ms
[81.123s][info][gc,phases      ] GC(305)   Other: 0.1ms
[81.123s][info][gc,heap        ] GC(305) Eden regions: 18->0(280)
[81.123s][info][gc,heap        ] GC(305) Survivor regions: 0->6(34)
[81.123s][info][gc,heap        ] GC(305) Old regions: 155->155
[81.123s][info][gc,heap        ] GC(305) Archive regions: 0->0
[81.123s][info][gc,heap        ] GC(305) Humongous regions: 10->10
[81.123s][info][gc,metaspace   ] GC(305) Metaspace: 67078K(68032K)->67078K(68032K) NonClass: 58645K(59136K)->58645K(59136K) Class: 8432K(8896K)->8432K(8896K)
[81.123s][info][gc             ] GC(305) Pause Young (Concurrent Start) (G1 Humongous Allocation) 166M->154M(550M) 2.812ms
[81.123s][info][gc             ] GC(306) Concurrent Mark Cycle
[81.123s][info][gc,cpu         ] GC(305) User=0.00s Sys=0.02s Real=0.00s
[81.123s][info][gc,marking     ] GC(306) Concurrent Scan Root Regions
[81.124s][info][gc,marking     ] GC(306) Concurrent Scan Root Regions 1.187ms
[81.124s][info][gc,marking     ] GC(306) Concurrent Mark
[81.124s][info][gc,marking     ] GC(306) Concurrent Mark From Roots
[81.124s][info][gc,task        ] GC(306) Using 8 workers of 8 for marking
[81.170s][info][gc,marking     ] GC(306) Concurrent Mark From Roots 45.349ms
[81.170s][info][gc,marking     ] GC(306) Concurrent Preclean
[81.170s][info][gc,marking     ] GC(306) Concurrent Preclean 0.256ms
[81.170s][info][gc,start       ] GC(306) Pause Remark
[81.172s][info][gc             ] GC(306) Pause Remark 185M->185M(550M) 2.158ms
[81.172s][info][gc,cpu         ] GC(306) User=0.00s Sys=0.00s Real=0.00s
[81.173s][info][gc,marking     ] GC(306) Concurrent Mark 48.187ms
[81.173s][info][gc,marking     ] GC(306) Concurrent Rebuild Remembered Sets and Scrub Regions
[81.184s][info][gc,marking     ] GC(306) Concurrent Rebuild Remembered Sets and Scrub Regions 11.578ms
[81.194s][info][gc,start       ] GC(306) Pause Cleanup
[81.194s][info][gc             ] GC(306) Pause Cleanup 202M->202M(550M) 0.161ms
[81.194s][info][gc,cpu         ] GC(306) User=0.00s Sys=0.00s Real=0.00s
[81.194s][info][gc,marking     ] GC(306) Concurrent Clear Claimed Marks
[81.195s][info][gc,marking     ] GC(306) Concurrent Clear Claimed Marks 0.083ms
[81.195s][info][gc,marking     ] GC(306) Concurrent Cleanup for Next Mark
[81.195s][info][gc,marking     ] GC(306) Concurrent Cleanup for Next Mark 0.347ms
[81.195s][info][gc             ] GC(306) Concurrent Mark Cycle 71.878ms
[81.323s][info][gc,start       ] GC(307) Pause Young (Prepare Mixed) (G1 Evacuation Pause)
[81.323s][info][gc,task        ] GC(307) Using 15 workers of 33 for evacuation
[81.352s][info][gc,phases      ] GC(307)   Pre Evacuate Collection Set: 0.2ms
[81.352s][info][gc,phases      ] GC(307)   Merge Heap Roots: 0.2ms
[81.352s][info][gc,phases      ] GC(307)   Evacuate Collection Set: 28.6ms
[81.352s][info][gc,phases      ] GC(307)   Post Evacuate Collection Set: 0.5ms
[81.352s][info][gc,phases      ] GC(307)   Other: 0.1ms
[81.352s][info][gc,heap        ] GC(307) Eden regions: 280->0(186)
[81.352s][info][gc,heap        ] GC(307) Survivor regions: 6->36(36)
[81.352s][info][gc,heap        ] GC(307) Old regions: 155->200
[81.352s][info][gc,heap        ] GC(307) Archive regions: 0->0
[81.352s][info][gc,heap        ] GC(307) Humongous regions: 39->34
[81.352s][info][gc,metaspace   ] GC(307) Metaspace: 67084K(68032K)->67084K(68032K) NonClass: 58652K(59136K)->58652K(59136K) Class: 8432K(8896K)->8432K(8896K)
[81.352s][info][gc             ] GC(307) Pause Young (Prepare Mixed) (G1 Evacuation Pause) 463M->253M(561M) 29.803ms
[81.352s][info][gc,cpu         ] GC(307) User=0.23s Sys=0.00s Real=0.02s
[81.451s][info][gc,start       ] GC(308) Pause Young (Mixed) (G1 Evacuation Pause)
[81.451s][info][gc,task        ] GC(308) Using 14 workers of 33 for evacuation
[81.486s][info][gc,phases      ] GC(308)   Pre Evacuate Collection Set: 0.2ms
[81.486s][info][gc,phases      ] GC(308)   Merge Heap Roots: 0.3ms
[81.486s][info][gc,phases      ] GC(308)   Evacuate Collection Set: 34.2ms
[81.486s][info][gc,phases      ] GC(308)   Post Evacuate Collection Set: 0.4ms
[81.486s][info][gc,phases      ] GC(308)   Other: 0.1ms
[81.486s][info][gc,heap        ] GC(308) Eden regions: 186->0(161)
[81.486s][info][gc,heap        ] GC(308) Survivor regions: 36->25(28)
[81.486s][info][gc,heap        ] GC(308) Old regions: 200->237
[81.486s][info][gc,heap        ] GC(308) Archive regions: 0->0
[81.486s][info][gc,heap        ] GC(308) Humongous regions: 58->58
[81.486s][info][gc,metaspace   ] GC(308) Metaspace: 67084K(68032K)->67084K(68032K) NonClass: 58652K(59136K)->58652K(59136K) Class: 8432K(8896K)->8432K(8896K)
[81.486s][info][gc             ] GC(308) Pause Young (Mixed) (G1 Evacuation Pause) 463M->305M(561M) 35.660ms
[81.486s][info][gc,cpu         ] GC(308) User=0.44s Sys=0.00s Real=0.03s
[81.569s][info][gc,start       ] GC(309) Pause Young (Concurrent Start) (G1 Evacuation Pause)
[81.569s][info][gc,task        ] GC(309) Using 13 workers of 33 for evacuation
[81.593s][info][gc,phases      ] GC(309)   Pre Evacuate Collection Set: 0.3ms
[81.593s][info][gc,phases      ] GC(309)   Merge Heap Roots: 0.2ms
[81.593s][info][gc,phases      ] GC(309)   Evacuate Collection Set: 23.4ms
[81.593s][info][gc,phases      ] GC(309)   Post Evacuate Collection Set: 0.4ms
[81.593s][info][gc,phases      ] GC(309)   Other: 0.2ms
[81.593s][info][gc,heap        ] GC(309) Eden regions: 161->0(154)
[81.593s][info][gc,heap        ] GC(309) Survivor regions: 25->19(24)
[81.594s][info][gc,heap        ] GC(309) Old regions: 237->262
[81.594s][info][gc,heap        ] GC(309) Archive regions: 0->0
[81.594s][info][gc,heap        ] GC(309) Humongous regions: 58->58
[81.594s][info][gc,metaspace   ] GC(309) Metaspace: 67084K(68032K)->67084K(68032K) NonClass: 58652K(59136K)->58652K(59136K) Class: 8432K(8896K)->8432K(8896K)
[81.594s][info][gc             ] GC(309) Pause Young (Concurrent Start) (G1 Evacuation Pause) 466M->324M(561M) 24.994ms
[81.594s][info][gc             ] GC(310) Concurrent Mark Cycle
[81.594s][info][gc,cpu         ] GC(309) User=0.41s Sys=0.00s Real=0.03s
[81.594s][info][gc,marking     ] GC(310) Concurrent Scan Root Regions
[81.598s][info][gc,marking     ] GC(310) Concurrent Scan Root Regions 3.970ms
[81.598s][info][gc,marking     ] GC(310) Concurrent Mark
[81.598s][info][gc,marking     ] GC(310) Concurrent Mark From Roots
[81.598s][info][gc,task        ] GC(310) Using 8 workers of 8 for marking
[81.653s][info][gc,marking     ] GC(310) Concurrent Mark From Roots 54.926ms
[81.653s][info][gc,marking     ] GC(310) Concurrent Preclean
[81.653s][info][gc,marking     ] GC(310) Concurrent Preclean 0.309ms
[81.653s][info][gc,start       ] GC(310) Pause Remark
[81.656s][info][gc             ] GC(310) Pause Remark 393M->369M(640M) 2.724ms
[81.656s][info][gc,cpu         ] GC(310) User=0.00s Sys=0.00s Real=0.00s
[81.656s][info][gc,marking     ] GC(310) Concurrent Mark 58.347ms
[81.656s][info][gc,marking     ] GC(310) Concurrent Rebuild Remembered Sets and Scrub Regions
[81.689s][info][gc,marking     ] GC(310) Concurrent Rebuild Remembered Sets and Scrub Regions 32.941ms
[81.689s][info][gc,start       ] GC(310) Pause Cleanup
[81.690s][info][gc             ] GC(310) Pause Cleanup 408M->408M(640M) 0.212ms
[81.690s][info][gc,cpu         ] GC(310) User=0.00s Sys=0.00s Real=0.00s
[81.690s][info][gc,marking     ] GC(310) Concurrent Clear Claimed Marks
[81.690s][info][gc,marking     ] GC(310) Concurrent Clear Claimed Marks 0.079ms
[81.690s][info][gc,marking     ] GC(310) Concurrent Cleanup for Next Mark
[81.690s][info][gc,marking     ] GC(310) Concurrent Cleanup for Next Mark 0.646ms
[81.690s][info][gc             ] GC(310) Concurrent Mark Cycle 96.647ms
[81.741s][info][gc,start       ] GC(311) Pause Young (Prepare Mixed) (G1 Evacuation Pause)
[81.741s][info][gc,task        ] GC(311) Using 15 workers of 33 for evacuation
[81.766s][info][gc,phases      ] GC(311)   Pre Evacuate Collection Set: 0.2ms
[81.766s][info][gc,phases      ] GC(311)   Merge Heap Roots: 0.6ms
[81.766s][info][gc,phases      ] GC(311)   Evacuate Collection Set: 22.9ms
[81.766s][info][gc,phases      ] GC(311)   Post Evacuate Collection Set: 0.6ms
[81.766s][info][gc,phases      ] GC(311)   Other: 0.2ms
[81.766s][info][gc,heap        ] GC(311) Eden regions: 154->0(212)
[81.766s][info][gc,heap        ] GC(311) Survivor regions: 19->16(22)
[81.766s][info][gc,heap        ] GC(311) Old regions: 262->278
[81.766s][info][gc,heap        ] GC(311) Archive regions: 0->0
[81.766s][info][gc,heap        ] GC(311) Humongous regions: 49->49
[81.766s][info][gc,metaspace   ] GC(311) Metaspace: 67084K(68032K)->67084K(68032K) NonClass: 58652K(59136K)->58652K(59136K) Class: 8432K(8896K)->8432K(8896K)
[81.766s][info][gc             ] GC(311) Pause Young (Prepare Mixed) (G1 Evacuation Pause) 469M->329M(640M) 24.755ms
[81.766s][info][gc,cpu         ] GC(311) User=0.23s Sys=0.00s Real=0.02s
[81.892s][info][gc,start       ] GC(312) Pause Young (Mixed) (G1 Evacuation Pause)
[81.892s][info][gc,task        ] GC(312) Using 15 workers of 33 for evacuation
[81.916s][info][gc,phases      ] GC(312)   Pre Evacuate Collection Set: 0.2ms
[81.916s][info][gc,phases      ] GC(312)   Merge Heap Roots: 0.2ms
[81.916s][info][gc,phases      ] GC(312)   Evacuate Collection Set: 20.6ms
[81.916s][info][gc,phases      ] GC(312)   Post Evacuate Collection Set: 2.0ms
[81.916s][info][gc,phases      ] GC(312)   Other: 0.1ms
[81.916s][info][gc,heap        ] GC(312) Eden regions: 212->0(333)
[81.916s][info][gc,heap        ] GC(312) Survivor regions: 16->29(29)
[81.916s][info][gc,heap        ] GC(312) Old regions: 278->277
[81.916s][info][gc,heap        ] GC(312) Archive regions: 0->0
[81.916s][info][gc,heap        ] GC(312) Humongous regions: 49->49
[81.916s][info][gc,metaspace   ] GC(312) Metaspace: 67086K(68032K)->67086K(68032K) NonClass: 58653K(59136K)->58653K(59136K) Class: 8432K(8896K)->8432K(8896K)
[81.916s][info][gc             ] GC(312) Pause Young (Mixed) (G1 Evacuation Pause) 541M->345M(794M) 23.460ms
[81.916s][info][gc,cpu         ] GC(312) User=0.23s Sys=0.00s Real=0.02s
[82.126s][info][gc,start       ] GC(313) Pause Young (Concurrent Start) (G1 Evacuation Pause)
[82.126s][info][gc,task        ] GC(313) Using 19 workers of 33 for evacuation
[82.153s][info][gc,phases      ] GC(313)   Pre Evacuate Collection Set: 0.3ms
[82.153s][info][gc,phases      ] GC(313)   Merge Heap Roots: 0.2ms
[82.153s][info][gc,phases      ] GC(313)   Evacuate Collection Set: 25.6ms
[82.153s][info][gc,phases      ] GC(313)   Post Evacuate Collection Set: 0.6ms
[82.153s][info][gc,phases      ] GC(313)   Other: 0.2ms
[82.153s][info][gc,heap        ] GC(313) Eden regions: 333->0(326)
[82.153s][info][gc,heap        ] GC(313) Survivor regions: 29->36(46)
[82.153s][info][gc,heap        ] GC(313) Old regions: 277->290
[82.153s][info][gc,heap        ] GC(313) Archive regions: 0->0
[82.153s][info][gc,heap        ] GC(313) Humongous regions: 49->49
[82.153s][info][gc,metaspace   ] GC(313) Metaspace: 67086K(68032K)->67086K(68032K) NonClass: 58653K(59136K)->58653K(59136K) Class: 8432K(8896K)->8432K(8896K)
[82.153s][info][gc             ] GC(313) Pause Young (Concurrent Start) (G1 Evacuation Pause) 678M->364M(794M) 27.443ms
[82.153s][info][gc             ] GC(314) Concurrent Mark Cycle
[82.153s][info][gc,cpu         ] GC(313) User=0.30s Sys=0.00s Real=0.02s
[82.153s][info][gc,marking     ] GC(314) Concurrent Scan Root Regions
[82.159s][info][gc,marking     ] GC(314) Concurrent Scan Root Regions 5.385ms
[82.159s][info][gc,marking     ] GC(314) Concurrent Mark
[82.159s][info][gc,marking     ] GC(314) Concurrent Mark From Roots
[82.159s][info][gc,task        ] GC(314) Using 8 workers of 8 for marking
[82.238s][info][gc,marking     ] GC(314) Concurrent Mark From Roots 79.395ms
[82.238s][info][gc,marking     ] GC(314) Concurrent Preclean
[82.238s][info][gc,marking     ] GC(314) Concurrent Preclean 0.163ms
[82.238s][info][gc,start       ] GC(314) Pause Remark
[82.241s][info][gc             ] GC(314) Pause Remark 483M->468M(799M) 2.360ms
[82.241s][info][gc,cpu         ] GC(314) User=0.00s Sys=0.00s Real=0.00s
[82.241s][info][gc,marking     ] GC(314) Concurrent Mark 82.249ms
[82.241s][info][gc,marking     ] GC(314) Concurrent Rebuild Remembered Sets and Scrub Regions
[82.299s][info][gc,marking     ] GC(314) Concurrent Rebuild Remembered Sets and Scrub Regions 58.155ms
[82.299s][info][gc,start       ] GC(314) Pause Cleanup
[82.300s][info][gc             ] GC(314) Pause Cleanup 536M->536M(799M) 0.376ms
[82.300s][info][gc,cpu         ] GC(314) User=0.00s Sys=0.00s Real=0.00s
[82.300s][info][gc,marking     ] GC(314) Concurrent Clear Claimed Marks
[82.300s][info][gc,marking     ] GC(314) Concurrent Clear Claimed Marks 0.113ms
[82.300s][info][gc,marking     ] GC(314) Concurrent Cleanup for Next Mark
[82.301s][info][gc,marking     ] GC(314) Concurrent Cleanup for Next Mark 1.055ms
[82.301s][info][gc             ] GC(314) Concurrent Mark Cycle 147.880ms
[82.615s][info][gc,start       ] GC(315) Pause Young (Prepare Mixed) (G1 Evacuation Pause)
[82.615s][info][gc,task        ] GC(315) Using 19 workers of 33 for evacuation
[82.646s][info][gc,phases      ] GC(315)   Pre Evacuate Collection Set: 0.2ms
[82.646s][info][gc,phases      ] GC(315)   Merge Heap Roots: 0.7ms
[82.646s][info][gc,phases      ] GC(315)   Evacuate Collection Set: 30.1ms
[82.646s][info][gc,phases      ] GC(315)   Post Evacuate Collection Set: 0.6ms
[82.646s][info][gc,phases      ] GC(315)   Other: 0.1ms
[82.646s][info][gc,heap        ] GC(315) Eden regions: 326->0(326)
[82.646s][info][gc,heap        ] GC(315) Survivor regions: 36->40(46)
[82.647s][info][gc,heap        ] GC(315) Old regions: 287->299
[82.647s][info][gc,heap        ] GC(315) Archive regions: 0->0
[82.647s][info][gc,heap        ] GC(315) Humongous regions: 53->53
[82.647s][info][gc,metaspace   ] GC(315) Metaspace: 67086K(68032K)->67086K(68032K) NonClass: 58653K(59136K)->58653K(59136K) Class: 8432K(8896K)->8432K(8896K)
[82.647s][info][gc             ] GC(315) Pause Young (Prepare Mixed) (G1 Evacuation Pause) 691M->381M(799M) 31.948ms
[82.647s][info][gc,cpu         ] GC(315) User=0.59s Sys=0.00s Real=0.03s
[83.729s][info][gc,start       ] GC(316) Pause Young (Mixed) (G1 Evacuation Pause)
[83.729s][info][gc,task        ] GC(316) Using 19 workers of 33 for evacuation
[83.766s][info][gc,phases      ] GC(316)   Pre Evacuate Collection Set: 0.2ms
[83.767s][info][gc,phases      ] GC(316)   Merge Heap Roots: 0.3ms
[83.767s][info][gc,phases      ] GC(316)   Evacuate Collection Set: 35.9ms
[83.767s][info][gc,phases      ] GC(316)   Post Evacuate Collection Set: 0.6ms
[83.767s][info][gc,phases      ] GC(316)   Other: 0.1ms
[83.767s][info][gc,heap        ] GC(316) Eden regions: 326->0(303)
[83.767s][info][gc,heap        ] GC(316) Survivor regions: 40->39(46)
[83.767s][info][gc,heap        ] GC(316) Old regions: 299->307
[83.767s][info][gc,heap        ] GC(316) Archive regions: 0->0
[83.767s][info][gc,heap        ] GC(316) Humongous regions: 79->74
[83.767s][info][gc,metaspace   ] GC(316) Metaspace: 67119K(68160K)->67119K(68160K) NonClass: 58686K(59264K)->58686K(59264K) Class: 8433K(8896K)->8433K(8896K)
[83.767s][info][gc             ] GC(316) Pause Young (Mixed) (G1 Evacuation Pause) 733M->415M(803M) 37.374ms
[83.767s][info][gc,cpu         ] GC(316) User=0.59s Sys=0.00s Real=0.03s
[83.776s][info][gc,start       ] GC(317) Pause Young (Concurrent Start) (G1 Humongous Allocation)
[83.776s][info][gc,task        ] GC(317) Using 19 workers of 33 for evacuation
[83.797s][info][gc,phases      ] GC(317)   Pre Evacuate Collection Set: 0.2ms
[83.797s][info][gc,phases      ] GC(317)   Merge Heap Roots: 0.2ms
[83.797s][info][gc,phases      ] GC(317)   Evacuate Collection Set: 20.7ms
[83.797s][info][gc,phases      ] GC(317)   Post Evacuate Collection Set: 0.7ms
[83.797s][info][gc,phases      ] GC(317)   Other: 0.1ms
[83.797s][info][gc,heap        ] GC(317) Eden regions: 7->0(232)
[83.797s][info][gc,heap        ] GC(317) Survivor regions: 39->26(43)
[83.798s][info][gc,heap        ] GC(317) Old regions: 307->324
[83.798s][info][gc,heap        ] GC(317) Archive regions: 0->0
[83.798s][info][gc,heap        ] GC(317) Humongous regions: 74->74
[83.798s][info][gc,metaspace   ] GC(317) Metaspace: 67119K(68160K)->67119K(68160K) NonClass: 58686K(59264K)->58686K(59264K) Class: 8433K(8896K)->8433K(8896K)
[83.798s][info][gc             ] GC(317) Pause Young (Concurrent Start) (G1 Humongous Allocation) 422M->420M(803M) 22.062ms
[83.798s][info][gc             ] GC(318) Concurrent Mark Cycle
[83.798s][info][gc,cpu         ] GC(317) User=0.59s Sys=0.00s Real=0.03s
[83.798s][info][gc,marking     ] GC(318) Concurrent Scan Root Regions
[83.803s][info][gc,marking     ] GC(318) Concurrent Scan Root Regions 5.024ms
[83.803s][info][gc,marking     ] GC(318) Concurrent Mark
[83.803s][info][gc,marking     ] GC(318) Concurrent Mark From Roots
[83.803s][info][gc,task        ] GC(318) Using 8 workers of 8 for marking
[83.836s][info][gc,marking     ] GC(318) Concurrent Mark From Roots 33.336ms
[83.836s][info][gc,marking     ] GC(318) Concurrent Preclean
[83.836s][info][gc,marking     ] GC(318) Concurrent Preclean 0.177ms
[83.836s][info][gc,start       ] GC(318) Pause Remark
[83.839s][info][gc             ] GC(318) Pause Remark 455M->260M(803M) 2.255ms
[83.839s][info][gc,cpu         ] GC(318) User=0.05s Sys=0.00s Real=0.02s
[83.839s][info][gc,marking     ] GC(318) Concurrent Mark 36.229ms
[83.839s][info][gc,marking     ] GC(318) Concurrent Rebuild Remembered Sets and Scrub Regions
[83.871s][info][gc,marking     ] GC(318) Concurrent Rebuild Remembered Sets and Scrub Regions 31.842ms
[83.871s][info][gc,start       ] GC(318) Pause Cleanup
[83.871s][info][gc             ] GC(318) Pause Cleanup 278M->278M(803M) 0.219ms
[83.871s][info][gc,cpu         ] GC(318) User=0.00s Sys=0.00s Real=0.00s
[83.871s][info][gc,marking     ] GC(318) Concurrent Clear Claimed Marks
[83.871s][info][gc,marking     ] GC(318) Concurrent Clear Claimed Marks 0.090ms
[83.871s][info][gc,marking     ] GC(318) Concurrent Cleanup for Next Mark
[83.872s][info][gc,marking     ] GC(318) Concurrent Cleanup for Next Mark 0.515ms
[83.872s][info][gc             ] GC(318) Concurrent Mark Cycle 74.320ms
[84.043s][info][gc,start       ] GC(319) Pause Young (Prepare Mixed) (G1 Evacuation Pause)
[84.043s][info][gc,task        ] GC(319) Using 19 workers of 33 for evacuation
[84.076s][info][gc,phases      ] GC(319)   Pre Evacuate Collection Set: 0.2ms
[84.076s][info][gc,phases      ] GC(319)   Merge Heap Roots: 0.5ms
[84.076s][info][gc,phases      ] GC(319)   Evacuate Collection Set: 32.3ms
[84.076s][info][gc,phases      ] GC(319)   Post Evacuate Collection Set: 0.4ms
[84.076s][info][gc,phases      ] GC(319)   Other: 0.1ms
[84.076s][info][gc,heap        ] GC(319) Eden regions: 232->0(296)
[84.077s][info][gc,heap        ] GC(319) Survivor regions: 26->33(33)
[84.077s][info][gc,heap        ] GC(319) Old regions: 185->229
[84.077s][info][gc,heap        ] GC(319) Archive regions: 0->0
[84.077s][info][gc,heap        ] GC(319) Humongous regions: 54->54
[84.077s][info][gc,metaspace   ] GC(319) Metaspace: 67119K(68160K)->67119K(68160K) NonClass: 58686K(59264K)->58686K(59264K) Class: 8433K(8896K)->8433K(8896K)
[84.077s][info][gc             ] GC(319) Pause Young (Prepare Mixed) (G1 Evacuation Pause) 493M->311M(803M) 33.801ms
[84.077s][info][gc,cpu         ] GC(319) User=0.59s Sys=0.00s Real=0.03s
[84.207s][info][gc,start       ] GC(320) Pause Young (Mixed) (G1 Evacuation Pause)
[84.207s][info][gc,task        ] GC(320) Using 19 workers of 33 for evacuation
[84.244s][info][gc,phases      ] GC(320)   Pre Evacuate Collection Set: 0.2ms
[84.244s][info][gc,phases      ] GC(320)   Merge Heap Roots: 0.4ms
[84.244s][info][gc,phases      ] GC(320)   Evacuate Collection Set: 35.5ms
[84.244s][info][gc,phases      ] GC(320)   Post Evacuate Collection Set: 0.6ms
[84.244s][info][gc,phases      ] GC(320)   Other: 0.2ms
[84.244s][info][gc,heap        ] GC(320) Eden regions: 296->0(270)
[84.244s][info][gc,heap        ] GC(320) Survivor regions: 33->42(42)
[84.244s][info][gc,heap        ] GC(320) Old regions: 229->268
[84.244s][info][gc,heap        ] GC(320) Archive regions: 0->0
[84.244s][info][gc,heap        ] GC(320) Humongous regions: 66->66
[84.244s][info][gc,metaspace   ] GC(320) Metaspace: 67119K(68160K)->67119K(68160K) NonClass: 58686K(59264K)->58686K(59264K) Class: 8433K(8896K)->8433K(8896K)
[84.244s][info][gc             ] GC(320) Pause Young (Mixed) (G1 Evacuation Pause) 619M->372M(803M) 37.396ms
[84.244s][info][gc,cpu         ] GC(320) User=0.59s Sys=0.00s Real=0.03s
[84.246s][info][gc,start       ] GC(321) Pause Young (Concurrent Start) (G1 Humongous Allocation)
[84.246s][info][gc,task        ] GC(321) Using 19 workers of 33 for evacuation
[84.259s][info][gc,phases      ] GC(321)   Pre Evacuate Collection Set: 0.3ms
[84.259s][info][gc,phases      ] GC(321)   Merge Heap Roots: 0.2ms
[84.259s][info][gc,phases      ] GC(321)   Evacuate Collection Set: 11.8ms
[84.259s][info][gc,phases      ] GC(321)   Post Evacuate Collection Set: 0.8ms
[84.259s][info][gc,phases      ] GC(321)   Other: 0.1ms
[84.259s][info][gc,heap        ] GC(321) Eden regions: 2->0(299)
[84.259s][info][gc,heap        ] GC(321) Survivor regions: 42->7(39)
[84.259s][info][gc,heap        ] GC(321) Old regions: 268->314
[84.259s][info][gc,heap        ] GC(321) Archive regions: 0->0
[84.259s][info][gc,heap        ] GC(321) Humongous regions: 66->66
[84.259s][info][gc,metaspace   ] GC(321) Metaspace: 67119K(68160K)->67119K(68160K) NonClass: 58686K(59264K)->58686K(59264K) Class: 8433K(8896K)->8433K(8896K)
[84.259s][info][gc             ] GC(321) Pause Young (Concurrent Start) (G1 Humongous Allocation) 374M->382M(848M) 13.647ms
[84.259s][info][gc             ] GC(322) Concurrent Mark Cycle
[84.259s][info][gc,cpu         ] GC(321) User=0.30s Sys=0.00s Real=0.02s
[84.259s][info][gc,marking     ] GC(322) Concurrent Scan Root Regions
[84.264s][info][gc,marking     ] GC(322) Concurrent Scan Root Regions 4.920ms
[84.264s][info][gc,marking     ] GC(322) Concurrent Mark
[84.264s][info][gc,marking     ] GC(322) Concurrent Mark From Roots
[84.264s][info][gc,task        ] GC(322) Using 8 workers of 8 for marking
[84.315s][info][gc,marking     ] GC(322) Concurrent Mark From Roots 50.990ms
[84.315s][info][gc,marking     ] GC(322) Concurrent Preclean
[84.316s][info][gc,marking     ] GC(322) Concurrent Preclean 0.298ms
[84.316s][info][gc,start       ] GC(322) Pause Remark
[84.318s][info][gc             ] GC(322) Pause Remark 469M->417M(848M) 2.309ms
[84.318s][info][gc,cpu         ] GC(322) User=0.00s Sys=0.00s Real=0.00s
[84.318s][info][gc,marking     ] GC(322) Concurrent Mark 53.926ms
[84.318s][info][gc,marking     ] GC(322) Concurrent Rebuild Remembered Sets and Scrub Regions
[84.359s][info][gc,marking     ] GC(322) Concurrent Rebuild Remembered Sets and Scrub Regions 40.719ms
[84.359s][info][gc,start       ] GC(322) Pause Cleanup
[84.360s][info][gc             ] GC(322) Pause Cleanup 497M->497M(848M) 0.365ms
[84.360s][info][gc,cpu         ] GC(322) User=0.00s Sys=0.00s Real=0.00s
[84.360s][info][gc,marking     ] GC(322) Concurrent Clear Claimed Marks
[84.360s][info][gc,marking     ] GC(322) Concurrent Clear Claimed Marks 0.115ms
[84.360s][info][gc,marking     ] GC(322) Concurrent Cleanup for Next Mark
[84.360s][info][gc,marking     ] GC(322) Concurrent Cleanup for Next Mark 0.639ms
[84.361s][info][gc             ] GC(322) Concurrent Mark Cycle 101.209ms
[84.433s][info][gc,start       ] GC(323) Pause Young (Prepare Mixed) (G1 Evacuation Pause)
[84.433s][info][gc,task        ] GC(323) Using 20 workers of 33 for evacuation
[84.454s][info][gc,phases      ] GC(323)   Pre Evacuate Collection Set: 0.3ms
[84.455s][info][gc,phases      ] GC(323)   Merge Heap Roots: 0.6ms
[84.455s][info][gc,phases      ] GC(323)   Evacuate Collection Set: 19.4ms
[84.455s][info][gc,phases      ] GC(323)   Post Evacuate Collection Set: 0.5ms
[84.455s][info][gc,phases      ] GC(323)   Other: 0.2ms
[84.455s][info][gc,heap        ] GC(323) Eden regions: 299->0(320)
[84.455s][info][gc,heap        ] GC(323) Survivor regions: 7->32(39)
[84.455s][info][gc,heap        ] GC(323) Old regions: 298->298
[84.455s][info][gc,heap        ] GC(323) Archive regions: 0->0
[84.455s][info][gc,heap        ] GC(323) Humongous regions: 47->47
[84.455s][info][gc,metaspace   ] GC(323) Metaspace: 67119K(68160K)->67119K(68160K) NonClass: 58686K(59264K)->58686K(59264K) Class: 8433K(8896K)->8433K(8896K)
[84.455s][info][gc             ] GC(323) Pause Young (Prepare Mixed) (G1 Evacuation Pause) 646M->372M(848M) 21.437ms
[84.455s][info][gc,cpu         ] GC(323) User=0.63s Sys=0.00s Real=0.03s
[84.617s][info][gc,start       ] GC(324) Pause Young (Mixed) (G1 Evacuation Pause)
[84.618s][info][gc,task        ] GC(324) Using 20 workers of 33 for evacuation
[84.649s][info][gc,phases      ] GC(324)   Pre Evacuate Collection Set: 0.2ms
[84.649s][info][gc,phases      ] GC(324)   Merge Heap Roots: 0.4ms
[84.649s][info][gc,phases      ] GC(324)   Evacuate Collection Set: 30.0ms
[84.649s][info][gc,phases      ] GC(324)   Post Evacuate Collection Set: 0.5ms
[84.649s][info][gc,phases      ] GC(324)   Other: 0.1ms
[84.649s][info][gc,heap        ] GC(324) Eden regions: 320->0(319)
[84.649s][info][gc,heap        ] GC(324) Survivor regions: 32->29(44)
[84.649s][info][gc,heap        ] GC(324) Old regions: 298->308
[84.649s][info][gc,heap        ] GC(324) Archive regions: 0->0
[84.649s][info][gc,heap        ] GC(324) Humongous regions: 62->62
[84.649s][info][gc,metaspace   ] GC(324) Metaspace: 67119K(68160K)->67119K(68160K) NonClass: 58686K(59264K)->58686K(59264K) Class: 8433K(8896K)->8433K(8896K)
[84.649s][info][gc             ] GC(324) Pause Young (Mixed) (G1 Evacuation Pause) 707M->394M(848M) 31.466ms
[84.649s][info][gc,cpu         ] GC(324) User=0.63s Sys=0.00s Real=0.03s
[84.813s][info][gc,start       ] GC(325) Pause Young (Concurrent Start) (G1 Evacuation Pause)
[84.813s][info][gc,task        ] GC(325) Using 20 workers of 33 for evacuation
[84.840s][info][gc,phases      ] GC(325)   Pre Evacuate Collection Set: 0.3ms
[84.840s][info][gc,phases      ] GC(325)   Merge Heap Roots: 0.2ms
[84.840s][info][gc,phases      ] GC(325)   Evacuate Collection Set: 25.3ms
[84.840s][info][gc,phases      ] GC(325)   Post Evacuate Collection Set: 0.4ms
[84.840s][info][gc,phases      ] GC(325)   Other: 0.1ms
[84.840s][info][gc,heap        ] GC(325) Eden regions: 319->0(317)
[84.840s][info][gc,heap        ] GC(325) Survivor regions: 29->26(44)
[84.840s][info][gc,heap        ] GC(325) Old regions: 308->331
[84.840s][info][gc,heap        ] GC(325) Archive regions: 0->0
[84.840s][info][gc,heap        ] GC(325) Humongous regions: 62->62
[84.840s][info][gc,metaspace   ] GC(325) Metaspace: 67119K(68160K)->67119K(68160K) NonClass: 58686K(59264K)->58686K(59264K) Class: 8433K(8896K)->8433K(8896K)
[84.840s][info][gc             ] GC(325) Pause Young (Concurrent Start) (G1 Evacuation Pause) 713M->414M(848M) 26.611ms
[84.840s][info][gc             ] GC(326) Concurrent Mark Cycle
[84.840s][info][gc,cpu         ] GC(325) User=0.63s Sys=0.00s Real=0.03s
[84.840s][info][gc,marking     ] GC(326) Concurrent Scan Root Regions
[84.845s][info][gc,marking     ] GC(326) Concurrent Scan Root Regions 4.878ms
[84.845s][info][gc,marking     ] GC(326) Concurrent Mark
[84.845s][info][gc,marking     ] GC(326) Concurrent Mark From Roots
[84.845s][info][gc,task        ] GC(326) Using 8 workers of 8 for marking
[84.916s][info][gc,marking     ] GC(326) Concurrent Mark From Roots 71.031ms
[84.916s][info][gc,marking     ] GC(326) Concurrent Preclean
[84.916s][info][gc,marking     ] GC(326) Concurrent Preclean 0.203ms
[84.916s][info][gc,start       ] GC(326) Pause Remark
[84.918s][info][gc             ] GC(326) Pause Remark 540M->520M(875M) 2.244ms
[84.918s][info][gc,cpu         ] GC(326) User=0.00s Sys=0.00s Real=0.00s
[84.919s][info][gc,marking     ] GC(326) Concurrent Mark 73.812ms
[84.919s][info][gc,marking     ] GC(326) Concurrent Rebuild Remembered Sets and Scrub Regions
[84.975s][info][gc,marking     ] GC(326) Concurrent Rebuild Remembered Sets and Scrub Regions 56.407ms
[84.975s][info][gc,start       ] GC(326) Pause Cleanup
[84.976s][info][gc             ] GC(326) Pause Cleanup 538M->538M(875M) 0.411ms
[84.976s][info][gc,cpu         ] GC(326) User=0.00s Sys=0.00s Real=0.00s
[84.976s][info][gc,marking     ] GC(326) Concurrent Clear Claimed Marks
[84.976s][info][gc,marking     ] GC(326) Concurrent Clear Claimed Marks 0.114ms
[84.976s][info][gc,marking     ] GC(326) Concurrent Cleanup for Next Mark
[84.976s][info][gc,marking     ] GC(326) Concurrent Cleanup for Next Mark 0.618ms
[84.976s][info][gc             ] GC(326) Concurrent Mark Cycle 136.765ms
[85.664s][info][gc,start       ] GC(327) Pause Young (Prepare Mixed) (G1 Evacuation Pause)
[85.664s][info][gc,task        ] GC(327) Using 21 workers of 33 for evacuation
[85.710s][info][gc,phases      ] GC(327)   Pre Evacuate Collection Set: 0.2ms
[85.710s][info][gc,phases      ] GC(327)   Merge Heap Roots: 0.9ms
[85.710s][info][gc,phases      ] GC(327)   Evacuate Collection Set: 43.6ms
[85.710s][info][gc,phases      ] GC(327)   Post Evacuate Collection Set: 0.7ms
[85.710s][info][gc,phases      ] GC(327)   Other: 0.1ms
[85.710s][info][gc,heap        ] GC(327) Eden regions: 317->0(288)
[85.710s][info][gc,heap        ] GC(327) Survivor regions: 26->43(43)
[85.710s][info][gc,heap        ] GC(327) Old regions: 331->353
[85.710s][info][gc,heap        ] GC(327) Archive regions: 0->0
[85.710s][info][gc,heap        ] GC(327) Humongous regions: 91->86
[85.710s][info][gc,metaspace   ] GC(327) Metaspace: 67144K(68160K)->67144K(68160K) NonClass: 58710K(59264K)->58710K(59264K) Class: 8433K(8896K)->8433K(8896K)
[85.710s][info][gc             ] GC(327) Pause Young (Prepare Mixed) (G1 Evacuation Pause) 760M->477M(875M) 45.830ms
[85.710s][info][gc,cpu         ] GC(327) User=0.98s Sys=0.00s Real=0.05s
[86.019s][info][gc,start       ] GC(328) Pause Young (Mixed) (G1 Evacuation Pause)
[86.019s][info][gc,task        ] GC(328) Using 21 workers of 33 for evacuation
[86.063s][info][gc,phases      ] GC(328)   Pre Evacuate Collection Set: 0.2ms
[86.064s][info][gc,phases      ] GC(328)   Merge Heap Roots: 0.6ms
[86.064s][info][gc,phases      ] GC(328)   Evacuate Collection Set: 42.9ms
[86.064s][info][gc,phases      ] GC(328)   Post Evacuate Collection Set: 0.5ms
[86.064s][info][gc,phases      ] GC(328)   Other: 0.2ms
[86.064s][info][gc,heap        ] GC(328) Eden regions: 288->0(257)
[86.064s][info][gc,heap        ] GC(328) Survivor regions: 43->42(42)
[86.064s][info][gc,heap        ] GC(328) Old regions: 353->374
[86.064s][info][gc,heap        ] GC(328) Archive regions: 0->0
[86.064s][info][gc,heap        ] GC(328) Humongous regions: 115->110
[86.064s][info][gc,metaspace   ] GC(328) Metaspace: 67146K(68160K)->67146K(68160K) NonClass: 58712K(59264K)->58712K(59264K) Class: 8433K(8896K)->8433K(8896K)
[86.064s][info][gc             ] GC(328) Pause Young (Mixed) (G1 Evacuation Pause) 794M->522M(879M) 44.678ms
[86.064s][info][gc,cpu         ] GC(328) User=0.66s Sys=0.00s Real=0.03s
[86.091s][info][gc,start       ] GC(329) Pause Young (Concurrent Start) (G1 Humongous Allocation)
[86.091s][info][gc,task        ] GC(329) Using 21 workers of 33 for evacuation
[86.109s][info][gc,phases      ] GC(329)   Pre Evacuate Collection Set: 0.3ms
[86.109s][info][gc,phases      ] GC(329)   Merge Heap Roots: 0.2ms
[86.109s][info][gc,phases      ] GC(329)   Evacuate Collection Set: 16.9ms
[86.109s][info][gc,phases      ] GC(329)   Post Evacuate Collection Set: 0.4ms
[86.109s][info][gc,phases      ] GC(329)   Other: 0.1ms
[86.109s][info][gc,heap        ] GC(329) Eden regions: 50->0(266)
[86.109s][info][gc,heap        ] GC(329) Survivor regions: 42->7(38)
[86.109s][info][gc,heap        ] GC(329) Old regions: 374->417
[86.109s][info][gc,heap        ] GC(329) Archive regions: 0->0
[86.109s][info][gc,heap        ] GC(329) Humongous regions: 110->110
[86.109s][info][gc,metaspace   ] GC(329) Metaspace: 67179K(68224K)->67179K(68224K) NonClass: 58746K(59328K)->58746K(59328K) Class: 8433K(8896K)->8433K(8896K)
[86.109s][info][gc             ] GC(329) Pause Young (Concurrent Start) (G1 Humongous Allocation) 572M->529M(879M) 18.118ms
[86.109s][info][gc             ] GC(330) Concurrent Mark Cycle
[86.109s][info][gc,cpu         ] GC(329) User=0.33s Sys=0.00s Real=0.02s
[86.109s][info][gc,marking     ] GC(330) Concurrent Scan Root Regions
[86.112s][info][gc,marking     ] GC(330) Concurrent Scan Root Regions 3.102ms
[86.112s][info][gc,marking     ] GC(330) Concurrent Mark
[86.112s][info][gc,marking     ] GC(330) Concurrent Mark From Roots
[86.112s][info][gc,task        ] GC(330) Using 8 workers of 8 for marking
[86.145s][info][gc,marking     ] GC(330) Concurrent Mark From Roots 32.125ms
[86.145s][info][gc,marking     ] GC(330) Concurrent Preclean
[86.145s][info][gc,marking     ] GC(330) Concurrent Preclean 0.140ms
[86.145s][info][gc,start       ] GC(330) Pause Remark
[86.147s][info][gc             ] GC(330) Pause Remark 577M->284M(879M) 2.295ms
[86.147s][info][gc,cpu         ] GC(330) User=0.00s Sys=0.00s Real=0.00s
[86.147s][info][gc,marking     ] GC(330) Concurrent Mark 34.886ms
[86.147s][info][gc,marking     ] GC(330) Concurrent Rebuild Remembered Sets and Scrub Regions
[86.166s][info][gc,marking     ] GC(330) Concurrent Rebuild Remembered Sets and Scrub Regions 18.592ms
[86.166s][info][gc,start       ] GC(330) Pause Cleanup
[86.166s][info][gc             ] GC(330) Pause Cleanup 311M->311M(879M) 0.269ms
[86.166s][info][gc,cpu         ] GC(330) User=0.00s Sys=0.00s Real=0.00s
[86.166s][info][gc,marking     ] GC(330) Concurrent Clear Claimed Marks
[86.167s][info][gc,marking     ] GC(330) Concurrent Clear Claimed Marks 0.098ms
[86.167s][info][gc,marking     ] GC(330) Concurrent Cleanup for Next Mark
[86.167s][info][gc,marking     ] GC(330) Concurrent Cleanup for Next Mark 0.585ms
[86.167s][info][gc             ] GC(330) Concurrent Mark Cycle 57.988ms
[86.459s][info][gc,start       ] GC(331) Pause Young (Prepare Mixed) (G1 Evacuation Pause)
[86.459s][info][gc,task        ] GC(331) Using 21 workers of 33 for evacuation
[86.484s][info][gc,phases      ] GC(331)   Pre Evacuate Collection Set: 0.2ms
[86.484s][info][gc,phases      ] GC(331)   Merge Heap Roots: 0.3ms
[86.484s][info][gc,phases      ] GC(331)   Evacuate Collection Set: 23.5ms
[86.484s][info][gc,phases      ] GC(331)   Post Evacuate Collection Set: 0.7ms
[86.484s][info][gc,phases      ] GC(331)   Other: 0.2ms
[86.484s][info][gc,heap        ] GC(331) Eden regions: 266->0(434)
[86.484s][info][gc,heap        ] GC(331) Survivor regions: 7->35(35)
[86.484s][info][gc,heap        ] GC(331) Old regions: 224->224
[86.484s][info][gc,heap        ] GC(331) Archive regions: 0->0
[86.484s][info][gc,heap        ] GC(331) Humongous regions: 39->34
[86.484s][info][gc,metaspace   ] GC(331) Metaspace: 67182K(68224K)->67182K(68224K) NonClass: 58749K(59328K)->58749K(59328K) Class: 8433K(8896K)->8433K(8896K)
[86.485s][info][gc             ] GC(331) Pause Young (Prepare Mixed) (G1 Evacuation Pause) 531M->289M(879M) 25.369ms
[86.485s][info][gc,cpu         ] GC(331) User=0.66s Sys=0.00s Real=0.03s
[86.840s][info][gc,start       ] GC(332) Pause Young (Mixed) (G1 Evacuation Pause)
[86.840s][info][gc,task        ] GC(332) Using 21 workers of 33 for evacuation
[86.874s][info][gc,phases      ] GC(332)   Pre Evacuate Collection Set: 0.2ms
[86.874s][info][gc,phases      ] GC(332)   Merge Heap Roots: 0.3ms
[86.874s][info][gc,phases      ] GC(332)   Evacuate Collection Set: 32.2ms
[86.874s][info][gc,phases      ] GC(332)   Post Evacuate Collection Set: 0.8ms
[86.874s][info][gc,phases      ] GC(332)   Other: 0.1ms
[86.874s][info][gc,heap        ] GC(332) Eden regions: 434->0(412)
[86.874s][info][gc,heap        ] GC(332) Survivor regions: 35->54(59)
[86.874s][info][gc,heap        ] GC(332) Old regions: 224->251
[86.874s][info][gc,heap        ] GC(332) Archive regions: 0->0
[86.874s][info][gc,heap        ] GC(332) Humongous regions: 51->46
[86.874s][info][gc,metaspace   ] GC(332) Metaspace: 67185K(68224K)->67185K(68224K) NonClass: 58752K(59328K)->58752K(59328K) Class: 8433K(8896K)->8433K(8896K)
[86.874s][info][gc             ] GC(332) Pause Young (Mixed) (G1 Evacuation Pause) 740M->347M(906M) 33.870ms
[86.874s][info][gc,cpu         ] GC(332) User=0.66s Sys=0.00s Real=0.05s
[86.877s][info][gc,start       ] GC(333) Pause Young (Concurrent Start) (G1 Humongous Allocation)
[86.877s][info][gc,task        ] GC(333) Using 21 workers of 33 for evacuation
[86.888s][info][gc,phases      ] GC(333)   Pre Evacuate Collection Set: 0.2ms
[86.888s][info][gc,phases      ] GC(333)   Merge Heap Roots: 0.1ms
[86.888s][info][gc,phases      ] GC(333)   Evacuate Collection Set: 10.3ms
[86.888s][info][gc,phases      ] GC(333)   Post Evacuate Collection Set: 0.3ms
[86.888s][info][gc,phases      ] GC(333)   Other: 0.1ms
[86.888s][info][gc,heap        ] GC(333) Eden regions: 7->0(400)
[86.888s][info][gc,heap        ] GC(333) Survivor regions: 54->7(59)
[86.888s][info][gc,heap        ] GC(333) Old regions: 251->306
[86.888s][info][gc,heap        ] GC(333) Archive regions: 0->0
[86.888s][info][gc,heap        ] GC(333) Humongous regions: 46->46
[86.888s][info][gc,metaspace   ] GC(333) Metaspace: 67185K(68224K)->67185K(68224K) NonClass: 58752K(59328K)->58752K(59328K) Class: 8433K(8896K)->8433K(8896K)
[86.888s][info][gc             ] GC(333) Pause Young (Concurrent Start) (G1 Humongous Allocation) 354M->355M(906M) 11.244ms
[86.888s][info][gc             ] GC(334) Concurrent Mark Cycle
[86.888s][info][gc,cpu         ] GC(333) User=0.16s Sys=0.02s Real=0.02s
[86.888s][info][gc,marking     ] GC(334) Concurrent Scan Root Regions
[86.892s][info][gc,marking     ] GC(334) Concurrent Scan Root Regions 4.356ms
[86.892s][info][gc,marking     ] GC(334) Concurrent Mark
[86.892s][info][gc,marking     ] GC(334) Concurrent Mark From Roots
[86.892s][info][gc,task        ] GC(334) Using 8 workers of 8 for marking
[86.922s][info][gc,marking     ] GC(334) Concurrent Mark From Roots 30.006ms
[86.922s][info][gc,marking     ] GC(334) Concurrent Preclean
[86.922s][info][gc,marking     ] GC(334) Concurrent Preclean 0.169ms
[86.923s][info][gc,start       ] GC(334) Pause Remark
[86.925s][info][gc             ] GC(334) Pause Remark 436M->352M(906M) 2.115ms
[86.925s][info][gc,cpu         ] GC(334) User=0.00s Sys=0.00s Real=0.00s
[86.925s][info][gc,marking     ] GC(334) Concurrent Mark 32.611ms
[86.925s][info][gc,marking     ] GC(334) Concurrent Rebuild Remembered Sets and Scrub Regions
[86.943s][info][gc,marking     ] GC(334) Concurrent Rebuild Remembered Sets and Scrub Regions 18.326ms
[86.943s][info][gc,start       ] GC(334) Pause Cleanup
[86.944s][info][gc             ] GC(334) Pause Cleanup 371M->371M(906M) 0.273ms
[86.944s][info][gc,cpu         ] GC(334) User=0.00s Sys=0.00s Real=0.00s
[86.944s][info][gc,marking     ] GC(334) Concurrent Clear Claimed Marks
[86.944s][info][gc,marking     ] GC(334) Concurrent Clear Claimed Marks 0.084ms
[86.944s][info][gc,marking     ] GC(334) Concurrent Cleanup for Next Mark
[86.945s][info][gc,marking     ] GC(334) Concurrent Cleanup for Next Mark 0.685ms
[86.945s][info][gc             ] GC(334) Concurrent Mark Cycle 56.768ms
[87.370s][info][gc,start       ] GC(335) Pause Young (Prepare Mixed) (G1 Evacuation Pause)
[87.370s][info][gc,task        ] GC(335) Using 21 workers of 33 for evacuation
[87.407s][info][gc,phases      ] GC(335)   Pre Evacuate Collection Set: 0.2ms
[87.407s][info][gc,phases      ] GC(335)   Merge Heap Roots: 0.4ms
[87.407s][info][gc,phases      ] GC(335)   Evacuate Collection Set: 35.0ms
[87.407s][info][gc,phases      ] GC(335)   Post Evacuate Collection Set: 0.7ms
[87.407s][info][gc,phases      ] GC(335)   Other: 0.2ms
[87.407s][info][gc,heap        ] GC(335) Eden regions: 318->0(364)
[87.407s][info][gc,heap        ] GC(335) Survivor regions: 7->41(51)
[87.407s][info][gc,heap        ] GC(335) Old regions: 250->250
[87.407s][info][gc,heap        ] GC(335) Archive regions: 0->0
[87.407s][info][gc,heap        ] GC(335) Humongous regions: 334->163
[87.407s][info][gc,metaspace   ] GC(335) Metaspace: 67193K(68224K)->67193K(68224K) NonClass: 58759K(59328K)->58759K(59328K) Class: 8433K(8896K)->8433K(8896K)
[87.407s][info][gc             ] GC(335) Pause Young (Prepare Mixed) (G1 Evacuation Pause) 905M->450M(950M) 36.802ms
[87.407s][info][gc,cpu         ] GC(335) User=0.61s Sys=0.05s Real=0.03s
[87.604s][info][gc,start       ] GC(336) Pause Young (Mixed) (G1 Evacuation Pause)
[87.604s][info][gc,task        ] GC(336) Using 22 workers of 33 for evacuation
[87.645s][info][gc,phases      ] GC(336)   Pre Evacuate Collection Set: 0.2ms
[87.645s][info][gc,phases      ] GC(336)   Merge Heap Roots: 0.5ms
[87.645s][info][gc,phases      ] GC(336)   Evacuate Collection Set: 39.8ms
[87.645s][info][gc,phases      ] GC(336)   Post Evacuate Collection Set: 0.5ms
[87.645s][info][gc,phases      ] GC(336)   Other: 0.2ms
[87.645s][info][gc,heap        ] GC(336) Eden regions: 364->0(371)
[87.645s][info][gc,heap        ] GC(336) Survivor regions: 41->36(51)
[87.645s][info][gc,heap        ] GC(336) Old regions: 250->280
[87.646s][info][gc,heap        ] GC(336) Archive regions: 0->0
[87.646s][info][gc,heap        ] GC(336) Humongous regions: 190->130
[87.646s][info][gc,metaspace   ] GC(336) Metaspace: 67193K(68224K)->67193K(68224K) NonClass: 58759K(59328K)->58759K(59328K) Class: 8433K(8896K)->8433K(8896K)
[87.646s][info][gc             ] GC(336) Pause Young (Mixed) (G1 Evacuation Pause) 841M->440M(950M) 41.470ms
[87.646s][info][gc,cpu         ] GC(336) User=1.03s Sys=0.00s Real=0.05s
[87.697s][info][gc,start       ] GC(337) Pause Young (Concurrent Start) (G1 Humongous Allocation)
[87.697s][info][gc,task        ] GC(337) Using 22 workers of 33 for evacuation
[87.717s][info][gc,phases      ] GC(337)   Pre Evacuate Collection Set: 0.4ms
[87.717s][info][gc,phases      ] GC(337)   Merge Heap Roots: 0.2ms
[87.717s][info][gc,phases      ] GC(337)   Evacuate Collection Set: 18.7ms
[87.717s][info][gc,phases      ] GC(337)   Post Evacuate Collection Set: 0.5ms
[87.717s][info][gc,phases      ] GC(337)   Other: 0.2ms
[87.717s][info][gc,heap        ] GC(337) Eden regions: 117->0(393)
[87.717s][info][gc,heap        ] GC(337) Survivor regions: 36->1(51)
[87.717s][info][gc,heap        ] GC(337) Old regions: 280->314
[87.717s][info][gc,heap        ] GC(337) Archive regions: 0->0
[87.717s][info][gc,heap        ] GC(337) Humongous regions: 130->130
[87.717s][info][gc,metaspace   ] GC(337) Metaspace: 67193K(68224K)->67193K(68224K) NonClass: 58759K(59328K)->58759K(59328K) Class: 8433K(8896K)->8433K(8896K)
[87.717s][info][gc             ] GC(337) Pause Young (Concurrent Start) (G1 Humongous Allocation) 557M->440M(950M) 20.170ms
[87.717s][info][gc             ] GC(338) Concurrent Mark Cycle
[87.717s][info][gc,cpu         ] GC(337) User=0.34s Sys=0.00s Real=0.02s
[87.717s][info][gc,marking     ] GC(338) Concurrent Scan Root Regions
[87.721s][info][gc,marking     ] GC(338) Concurrent Scan Root Regions 3.369ms
[87.721s][info][gc,marking     ] GC(338) Concurrent Mark
[87.721s][info][gc,marking     ] GC(338) Concurrent Mark From Roots
[87.721s][info][gc,task        ] GC(338) Using 8 workers of 8 for marking
[87.761s][info][gc,marking     ] GC(338) Concurrent Mark From Roots 40.078ms
[87.761s][info][gc,marking     ] GC(338) Concurrent Preclean
[87.761s][info][gc,marking     ] GC(338) Concurrent Preclean 0.359ms
[87.762s][info][gc,start       ] GC(338) Pause Remark
[87.764s][info][gc             ] GC(338) Pause Remark 490M->333M(950M) 2.663ms
[87.764s][info][gc,cpu         ] GC(338) User=0.00s Sys=0.00s Real=0.00s
[87.764s][info][gc,marking     ] GC(338) Concurrent Mark 43.575ms
[87.765s][info][gc,marking     ] GC(338) Concurrent Rebuild Remembered Sets and Scrub Regions
[87.783s][info][gc,marking     ] GC(338) Concurrent Rebuild Remembered Sets and Scrub Regions 18.740ms
[87.783s][info][gc,start       ] GC(338) Pause Cleanup
[87.784s][info][gc             ] GC(338) Pause Cleanup 363M->363M(950M) 0.425ms
[87.784s][info][gc,cpu         ] GC(338) User=0.00s Sys=0.00s Real=0.00s
[87.784s][info][gc,marking     ] GC(338) Concurrent Clear Claimed Marks
[87.784s][info][gc,marking     ] GC(338) Concurrent Clear Claimed Marks 0.081ms
[87.784s][info][gc,marking     ] GC(338) Concurrent Cleanup for Next Mark
[87.785s][info][gc,marking     ] GC(338) Concurrent Cleanup for Next Mark 0.680ms
[87.785s][info][gc             ] GC(338) Concurrent Mark Cycle 67.381ms
[87.857s][info][gc,start       ] GC(339) Pause Full (System.gc())
[87.857s][info][gc,task        ] GC(339) Using 22 workers of 33 for full compaction
[87.858s][info][gc,phases,start] GC(339) Phase 1: Mark live objects
[87.893s][info][gc,phases      ] GC(339) Phase 1: Mark live objects 35.474ms
[87.893s][info][gc,phases,start] GC(339) Phase 2: Prepare compaction
[87.897s][info][gc,phases      ] GC(339) Phase 2: Prepare compaction 4.019ms
[87.897s][info][gc,phases,start] GC(339) Phase 3: Adjust pointers
[87.908s][info][gc,phases      ] GC(339) Phase 3: Adjust pointers 10.549ms
[87.908s][info][gc,phases,start] GC(339) Phase 4: Compact heap
[87.908s][info][gc,phases      ] GC(339) Phase 4: Compact heap 0.561ms
[87.919s][info][gc,heap        ] GC(339) Eden regions: 185->0(297)
[87.919s][info][gc,heap        ] GC(339) Survivor regions: 1->0(51)
[87.919s][info][gc,heap        ] GC(339) Old regions: 271->153
[87.919s][info][gc,heap        ] GC(339) Archive regions: 0->0
[87.919s][info][gc,heap        ] GC(339) Humongous regions: 19->10
[87.919s][info][gc,metaspace   ] GC(339) Metaspace: 67193K(68224K)->67193K(68224K) NonClass: 58759K(59328K)->58759K(59328K) Class: 8433K(8896K)->8433K(8896K)
[87.919s][info][gc             ] GC(339) Pause Full (System.gc()) 471M->148M(544M) 62.764ms
[87.919s][info][gc,cpu         ] GC(339) User=1.05s Sys=0.00s Real=0.06s
[87.957s][info][gc,start       ] GC(340) Pause Young (Concurrent Start) (G1 Humongous Allocation)
[87.957s][info][gc,task        ] GC(340) Using 17 workers of 33 for evacuation
[87.960s][info][gc,phases      ] GC(340)   Pre Evacuate Collection Set: 0.3ms
[87.960s][info][gc,phases      ] GC(340)   Merge Heap Roots: 0.1ms
[87.960s][info][gc,phases      ] GC(340)   Evacuate Collection Set: 1.1ms
[87.960s][info][gc,phases      ] GC(340)   Post Evacuate Collection Set: 1.2ms
[87.960s][info][gc,phases      ] GC(340)   Other: 0.2ms
[87.960s][info][gc,heap        ] GC(340) Eden regions: 17->0(383)
[87.960s][info][gc,heap        ] GC(340) Survivor regions: 0->2(38)
[87.960s][info][gc,heap        ] GC(340) Old regions: 153->153
[87.960s][info][gc,heap        ] GC(340) Archive regions: 0->0
[87.960s][info][gc,heap        ] GC(340) Humongous regions: 10->10
[87.961s][info][gc,metaspace   ] GC(340) Metaspace: 67194K(68224K)->67194K(68224K) NonClass: 58761K(59328K)->58761K(59328K) Class: 8433K(8896K)->8433K(8896K)
[87.961s][info][gc             ] GC(340) Pause Young (Concurrent Start) (G1 Humongous Allocation) 164M->150M(643M) 3.244ms
[87.961s][info][gc             ] GC(341) Concurrent Mark Cycle
[87.961s][info][gc,cpu         ] GC(340) User=0.02s Sys=0.00s Real=0.02s
[87.961s][info][gc,marking     ] GC(341) Concurrent Scan Root Regions
[87.962s][info][gc,marking     ] GC(341) Concurrent Scan Root Regions 1.264ms
[87.962s][info][gc,marking     ] GC(341) Concurrent Mark
[87.962s][info][gc,marking     ] GC(341) Concurrent Mark From Roots
[87.962s][info][gc,task        ] GC(341) Using 8 workers of 8 for marking
[88.005s][info][gc,marking     ] GC(341) Concurrent Mark From Roots 42.936ms
[88.005s][info][gc,marking     ] GC(341) Concurrent Preclean
[88.005s][info][gc,marking     ] GC(341) Concurrent Preclean 0.175ms
[88.005s][info][gc,start       ] GC(341) Pause Remark
[88.007s][info][gc             ] GC(341) Pause Remark 181M->181M(643M) 2.098ms
[88.008s][info][gc,cpu         ] GC(341) User=0.00s Sys=0.00s Real=0.00s
[88.008s][info][gc,marking     ] GC(341) Concurrent Mark 45.565ms
[88.008s][info][gc,marking     ] GC(341) Concurrent Rebuild Remembered Sets and Scrub Regions
[88.018s][info][gc,marking     ] GC(341) Concurrent Rebuild Remembered Sets and Scrub Regions 10.746ms
[88.019s][info][gc,start       ] GC(341) Pause Cleanup
[88.019s][info][gc             ] GC(341) Pause Cleanup 198M->198M(643M) 0.160ms
[88.019s][info][gc,cpu         ] GC(341) User=0.00s Sys=0.00s Real=0.00s
[88.019s][info][gc,marking     ] GC(341) Concurrent Clear Claimed Marks
[88.019s][info][gc,marking     ] GC(341) Concurrent Clear Claimed Marks 0.086ms
[88.019s][info][gc,marking     ] GC(341) Concurrent Cleanup for Next Mark
[88.019s][info][gc,marking     ] GC(341) Concurrent Cleanup for Next Mark 0.431ms
[88.019s][info][gc             ] GC(341) Concurrent Mark Cycle 58.660ms
[88.196s][info][gc,start       ] GC(342) Pause Young (Prepare Mixed) (G1 Evacuation Pause)
[88.197s][info][gc,task        ] GC(342) Using 16 workers of 33 for evacuation
[88.233s][info][gc,phases      ] GC(342)   Pre Evacuate Collection Set: 0.2ms
[88.233s][info][gc,phases      ] GC(342)   Merge Heap Roots: 0.3ms
[88.233s][info][gc,phases      ] GC(342)   Evacuate Collection Set: 35.2ms
[88.233s][info][gc,phases      ] GC(342)   Post Evacuate Collection Set: 0.5ms
[88.233s][info][gc,phases      ] GC(342)   Other: 0.1ms
[88.233s][info][gc,heap        ] GC(342) Eden regions: 383->0(283)
[88.233s][info][gc,heap        ] GC(342) Survivor regions: 2->49(49)
[88.233s][info][gc,heap        ] GC(342) Old regions: 153->195
[88.233s][info][gc,heap        ] GC(342) Archive regions: 0->0
[88.233s][info][gc,heap        ] GC(342) Humongous regions: 51->46
[88.233s][info][gc,metaspace   ] GC(342) Metaspace: 67196K(68224K)->67196K(68224K) NonClass: 58763K(59328K)->58763K(59328K) Class: 8433K(8896K)->8433K(8896K)
[88.233s][info][gc             ] GC(342) Pause Young (Prepare Mixed) (G1 Evacuation Pause) 574M->275M(680M) 36.536ms
[88.233s][info][gc,cpu         ] GC(342) User=0.50s Sys=0.00s Real=0.03s
[88.374s][info][gc,start       ] GC(343) Pause Young (Mixed) (G1 Evacuation Pause)
[88.374s][info][gc,task        ] GC(343) Using 16 workers of 33 for evacuation
[88.410s][info][gc,phases      ] GC(343)   Pre Evacuate Collection Set: 0.2ms
[88.410s][info][gc,phases      ] GC(343)   Merge Heap Roots: 0.4ms
[88.410s][info][gc,phases      ] GC(343)   Evacuate Collection Set: 34.7ms
[88.410s][info][gc,phases      ] GC(343)   Post Evacuate Collection Set: 0.6ms
[88.410s][info][gc,phases      ] GC(343)   Other: 0.2ms
[88.410s][info][gc,heap        ] GC(343) Eden regions: 283->0(260)
[88.411s][info][gc,heap        ] GC(343) Survivor regions: 49->32(42)
[88.411s][info][gc,heap        ] GC(343) Old regions: 195->245
[88.411s][info][gc,heap        ] GC(343) Archive regions: 0->0
[88.411s][info][gc,heap        ] GC(343) Humongous regions: 58->58
[88.411s][info][gc,metaspace   ] GC(343) Metaspace: 67196K(68224K)->67196K(68224K) NonClass: 58763K(59328K)->58763K(59328K) Class: 8433K(8896K)->8433K(8896K)
[88.411s][info][gc             ] GC(343) Pause Young (Mixed) (G1 Evacuation Pause) 570M->323M(680M) 36.512ms
[88.411s][info][gc,cpu         ] GC(343) User=0.50s Sys=0.00s Real=0.03s
[88.442s][info][gc,start       ] GC(344) Pause Young (Concurrent Start) (G1 Humongous Allocation)
[88.442s][info][gc,task        ] GC(344) Using 16 workers of 33 for evacuation
[88.459s][info][gc,phases      ] GC(344)   Pre Evacuate Collection Set: 0.3ms
[88.460s][info][gc,phases      ] GC(344)   Merge Heap Roots: 0.1ms
[88.460s][info][gc,phases      ] GC(344)   Evacuate Collection Set: 16.1ms
[88.460s][info][gc,phases      ] GC(344)   Post Evacuate Collection Set: 0.4ms
[88.460s][info][gc,phases      ] GC(344)   Other: 0.1ms
[88.460s][info][gc,heap        ] GC(344) Eden regions: 51->0(258)
[88.460s][info][gc,heap        ] GC(344) Survivor regions: 32->8(37)
[88.460s][info][gc,heap        ] GC(344) Old regions: 245->276
[88.460s][info][gc,heap        ] GC(344) Archive regions: 0->0
[88.460s][info][gc,heap        ] GC(344) Humongous regions: 58->58
[88.460s][info][gc,metaspace   ] GC(344) Metaspace: 67196K(68224K)->67196K(68224K) NonClass: 58763K(59328K)->58763K(59328K) Class: 8433K(8896K)->8433K(8896K)
[88.460s][info][gc             ] GC(344) Pause Young (Concurrent Start) (G1 Humongous Allocation) 374M->330M(680M) 17.324ms
[88.460s][info][gc             ] GC(345) Concurrent Mark Cycle
[88.460s][info][gc,cpu         ] GC(344) User=0.25s Sys=0.00s Real=0.02s
[88.460s][info][gc,marking     ] GC(345) Concurrent Scan Root Regions
[88.464s][info][gc,marking     ] GC(345) Concurrent Scan Root Regions 4.728ms
[88.464s][info][gc,marking     ] GC(345) Concurrent Mark
[88.465s][info][gc,marking     ] GC(345) Concurrent Mark From Roots
[88.465s][info][gc,task        ] GC(345) Using 8 workers of 8 for marking
[88.527s][info][gc,marking     ] GC(345) Concurrent Mark From Roots 62.001ms
[88.527s][info][gc,marking     ] GC(345) Concurrent Preclean
[88.527s][info][gc,marking     ] GC(345) Concurrent Preclean 0.153ms
[88.527s][info][gc,start       ] GC(345) Pause Remark
[88.529s][info][gc             ] GC(345) Pause Remark 417M->393M(680M) 2.176ms
[88.529s][info][gc,cpu         ] GC(345) User=0.00s Sys=0.00s Real=0.00s
[88.529s][info][gc,marking     ] GC(345) Concurrent Mark 64.653ms
[88.529s][info][gc,marking     ] GC(345) Concurrent Rebuild Remembered Sets and Scrub Regions
[88.574s][info][gc,marking     ] GC(345) Concurrent Rebuild Remembered Sets and Scrub Regions 44.984ms
[88.574s][info][gc,start       ] GC(345) Pause Cleanup
[88.575s][info][gc             ] GC(345) Pause Cleanup 465M->465M(680M) 0.251ms
[88.575s][info][gc,cpu         ] GC(345) User=0.00s Sys=0.00s Real=0.00s
[88.575s][info][gc,marking     ] GC(345) Concurrent Clear Claimed Marks
[88.575s][info][gc,marking     ] GC(345) Concurrent Clear Claimed Marks 0.110ms
[88.575s][info][gc,marking     ] GC(345) Concurrent Cleanup for Next Mark
[88.575s][info][gc,marking     ] GC(345) Concurrent Cleanup for Next Mark 0.453ms
[88.575s][info][gc             ] GC(345) Concurrent Mark Cycle 115.740ms
[88.642s][info][gc,start       ] GC(346) Pause Young (Prepare Mixed) (G1 Evacuation Pause)
[88.642s][info][gc,task        ] GC(346) Using 16 workers of 33 for evacuation
[88.662s][info][gc,phases      ] GC(346)   Pre Evacuate Collection Set: 0.2ms
[88.662s][info][gc,phases      ] GC(346)   Merge Heap Roots: 0.7ms
[88.662s][info][gc,phases      ] GC(346)   Evacuate Collection Set: 18.3ms
[88.662s][info][gc,phases      ] GC(346)   Post Evacuate Collection Set: 0.6ms
[88.662s][info][gc,phases      ] GC(346)   Other: 0.1ms
[88.662s][info][gc,heap        ] GC(346) Eden regions: 258->0(257)
[88.662s][info][gc,heap        ] GC(346) Survivor regions: 8->26(34)
[88.662s][info][gc,heap        ] GC(346) Old regions: 276->276
[88.662s][info][gc,heap        ] GC(346) Archive regions: 0->0
[88.662s][info][gc,heap        ] GC(346) Humongous regions: 49->49
[88.662s][info][gc,metaspace   ] GC(346) Metaspace: 67196K(68224K)->67196K(68224K) NonClass: 58763K(59328K)->58763K(59328K) Class: 8433K(8896K)->8433K(8896K)
[88.662s][info][gc             ] GC(346) Pause Young (Prepare Mixed) (G1 Evacuation Pause) 579M->339M(680M) 20.196ms
[88.662s][info][gc,cpu         ] GC(346) User=0.25s Sys=0.00s Real=0.02s
[88.821s][info][gc,start       ] GC(347) Pause Young (Mixed) (G1 Evacuation Pause)
[88.821s][info][gc,task        ] GC(347) Using 16 workers of 33 for evacuation
[88.845s][info][gc,phases      ] GC(347)   Pre Evacuate Collection Set: 0.2ms
[88.846s][info][gc,phases      ] GC(347)   Merge Heap Roots: 0.2ms
[88.846s][info][gc,phases      ] GC(347)   Evacuate Collection Set: 23.1ms
[88.846s][info][gc,phases      ] GC(347)   Post Evacuate Collection Set: 0.5ms
[88.846s][info][gc,phases      ] GC(347)   Other: 0.1ms
[88.846s][info][gc,heap        ] GC(347) Eden regions: 257->0(255)
[88.846s][info][gc,heap        ] GC(347) Survivor regions: 26->19(36)
[88.846s][info][gc,heap        ] GC(347) Old regions: 276->293
[88.846s][info][gc,heap        ] GC(347) Archive regions: 0->0
[88.846s][info][gc,heap        ] GC(347) Humongous regions: 49->49
[88.846s][info][gc,metaspace   ] GC(347) Metaspace: 67196K(68224K)->67196K(68224K) NonClass: 58763K(59328K)->58763K(59328K) Class: 8433K(8896K)->8433K(8896K)
[88.846s][info][gc             ] GC(347) Pause Young (Mixed) (G1 Evacuation Pause) 596M->354M(680M) 24.314ms
[88.846s][info][gc,cpu         ] GC(347) User=0.50s Sys=0.00s Real=0.03s
[88.949s][info][gc,start       ] GC(348) Pause Young (Concurrent Start) (G1 Humongous Allocation)
[88.949s][info][gc,task        ] GC(348) Using 16 workers of 33 for evacuation
[88.968s][info][gc,phases      ] GC(348)   Pre Evacuate Collection Set: 0.3ms
[88.968s][info][gc,phases      ] GC(348)   Merge Heap Roots: 0.2ms
[88.968s][info][gc,phases      ] GC(348)   Evacuate Collection Set: 17.1ms
[88.968s][info][gc,phases      ] GC(348)   Post Evacuate Collection Set: 1.2ms
[88.968s][info][gc,phases      ] GC(348)   Other: 0.2ms
[88.968s][info][gc,heap        ] GC(348) Eden regions: 201->0(300)
[88.968s][info][gc,heap        ] GC(348) Survivor regions: 19->30(35)
[88.968s][info][gc,heap        ] GC(348) Old regions: 293->293
[88.968s][info][gc,heap        ] GC(348) Archive regions: 0->0
[88.968s][info][gc,heap        ] GC(348) Humongous regions: 49->49
[88.968s][info][gc,metaspace   ] GC(348) Metaspace: 67196K(68224K)->67196K(68224K) NonClass: 58763K(59328K)->58763K(59328K) Class: 8433K(8896K)->8433K(8896K)
[88.968s][info][gc             ] GC(348) Pause Young (Concurrent Start) (G1 Humongous Allocation) 554M->365M(749M) 19.331ms
[88.968s][info][gc             ] GC(349) Concurrent Mark Cycle
[88.968s][info][gc,cpu         ] GC(348) User=0.25s Sys=0.00s Real=0.01s
[88.968s][info][gc,marking     ] GC(349) Concurrent Scan Root Regions
[88.973s][info][gc,marking     ] GC(349) Concurrent Scan Root Regions 4.823ms
[88.973s][info][gc,marking     ] GC(349) Concurrent Mark
[88.973s][info][gc,marking     ] GC(349) Concurrent Mark From Roots
[88.973s][info][gc,task        ] GC(349) Using 8 workers of 8 for marking
[89.044s][info][gc,marking     ] GC(349) Concurrent Mark From Roots 71.070ms
[89.044s][info][gc,marking     ] GC(349) Concurrent Preclean
[89.044s][info][gc,marking     ] GC(349) Concurrent Preclean 0.236ms
[89.044s][info][gc,start       ] GC(349) Pause Remark
[89.047s][info][gc             ] GC(349) Pause Remark 437M->422M(749M) 2.099ms
[89.047s][info][gc,cpu         ] GC(349) User=0.00s Sys=0.00s Real=0.00s
[89.047s][info][gc,marking     ] GC(349) Concurrent Mark 73.711ms
[89.047s][info][gc,marking     ] GC(349) Concurrent Rebuild Remembered Sets and Scrub Regions
[89.093s][info][gc,marking     ] GC(349) Concurrent Rebuild Remembered Sets and Scrub Regions 46.740ms
[89.094s][info][gc,start       ] GC(349) Pause Cleanup
[89.094s][info][gc             ] GC(349) Pause Cleanup 445M->445M(749M) 0.357ms
[89.094s][info][gc,cpu         ] GC(349) User=0.00s Sys=0.00s Real=0.00s
[89.094s][info][gc,marking     ] GC(349) Concurrent Clear Claimed Marks
[89.094s][info][gc,marking     ] GC(349) Concurrent Clear Claimed Marks 0.076ms
[89.094s][info][gc,marking     ] GC(349) Concurrent Cleanup for Next Mark
[89.095s][info][gc,marking     ] GC(349) Concurrent Cleanup for Next Mark 0.557ms
[89.095s][info][gc             ] GC(349) Concurrent Mark Cycle 126.725ms
[89.495s][info][gc,start       ] GC(350) Pause Young (Prepare Mixed) (G1 Evacuation Pause)
[89.495s][info][gc,task        ] GC(350) Using 18 workers of 33 for evacuation
[89.528s][info][gc,phases      ] GC(350)   Pre Evacuate Collection Set: 0.2ms
[89.528s][info][gc,phases      ] GC(350)   Merge Heap Roots: 0.5ms
[89.528s][info][gc,phases      ] GC(350)   Evacuate Collection Set: 31.2ms
[89.528s][info][gc,phases      ] GC(350)   Post Evacuate Collection Set: 0.7ms
[89.528s][info][gc,phases      ] GC(350)   Other: 0.2ms
[89.528s][info][gc,heap        ] GC(350) Eden regions: 300->0(294)
[89.528s][info][gc,heap        ] GC(350) Survivor regions: 30->28(42)
[89.528s][info][gc,heap        ] GC(350) Old regions: 290->304
[89.528s][info][gc,heap        ] GC(350) Archive regions: 0->0
[89.528s][info][gc,heap        ] GC(350) Humongous regions: 57->57
[89.528s][info][gc,metaspace   ] GC(350) Metaspace: 67197K(68224K)->67197K(68224K) NonClass: 58763K(59328K)->58763K(59328K) Class: 8433K(8896K)->8433K(8896K)
[89.528s][info][gc             ] GC(350) Pause Young (Prepare Mixed) (G1 Evacuation Pause) 670M->381M(749M) 33.389ms
[89.528s][info][gc,cpu         ] GC(350) User=0.56s Sys=0.00s Real=0.04s
[90.529s][info][gc,start       ] GC(351) Pause Young (Mixed) (G1 Evacuation Pause)
[90.529s][info][gc,task        ] GC(351) Using 18 workers of 33 for evacuation
[90.572s][info][gc,phases      ] GC(351)   Pre Evacuate Collection Set: 0.2ms
[90.573s][info][gc,phases      ] GC(351)   Merge Heap Roots: 0.5ms
[90.573s][info][gc,phases      ] GC(351)   Evacuate Collection Set: 41.5ms
[90.573s][info][gc,phases      ] GC(351)   Post Evacuate Collection Set: 0.6ms
[90.573s][info][gc,phases      ] GC(351)   Other: 0.2ms
[90.573s][info][gc,heap        ] GC(351) Eden regions: 294->0(260)
[90.573s][info][gc,heap        ] GC(351) Survivor regions: 28->41(41)
[90.573s][info][gc,heap        ] GC(351) Old regions: 304->308
[90.573s][info][gc,heap        ] GC(351) Archive regions: 0->0
[90.573s][info][gc,heap        ] GC(351) Humongous regions: 91->86
[90.573s][info][gc,metaspace   ] GC(351) Metaspace: 67203K(68224K)->67203K(68224K) NonClass: 58770K(59328K)->58770K(59328K) Class: 8433K(8896K)->8433K(8896K)
[90.573s][info][gc             ] GC(351) Pause Young (Mixed) (G1 Evacuation Pause) 709M->431M(776M) 43.326ms
[90.573s][info][gc,cpu         ] GC(351) User=0.66s Sys=0.09s Real=0.05s
[90.676s][info][gc,start       ] GC(352) Pause Young (Concurrent Start) (G1 Humongous Allocation)
[90.676s][info][gc,task        ] GC(352) Using 18 workers of 33 for evacuation
[90.707s][info][gc,phases      ] GC(352)   Pre Evacuate Collection Set: 0.3ms
[90.707s][info][gc,phases      ] GC(352)   Merge Heap Roots: 0.2ms
[90.707s][info][gc,phases      ] GC(352)   Evacuate Collection Set: 30.3ms
[90.707s][info][gc,phases      ] GC(352)   Post Evacuate Collection Set: 0.4ms
[90.707s][info][gc,phases      ] GC(352)   Other: 0.2ms
[90.707s][info][gc,heap        ] GC(352) Eden regions: 89->0(242)
[90.707s][info][gc,heap        ] GC(352) Survivor regions: 41->20(38)
[90.707s][info][gc,heap        ] GC(352) Old regions: 308->346
[90.707s][info][gc,heap        ] GC(352) Archive regions: 0->0
[90.707s][info][gc,heap        ] GC(352) Humongous regions: 86->86
[90.707s][info][gc,metaspace   ] GC(352) Metaspace: 67203K(68224K)->67203K(68224K) NonClass: 58770K(59328K)->58770K(59328K) Class: 8433K(8896K)->8433K(8896K)
[90.707s][info][gc             ] GC(352) Pause Young (Concurrent Start) (G1 Humongous Allocation) 520M->447M(776M) 31.771ms
[90.708s][info][gc             ] GC(353) Concurrent Mark Cycle
[90.708s][info][gc,cpu         ] GC(352) User=0.56s Sys=0.00s Real=0.03s
[90.708s][info][gc,marking     ] GC(353) Concurrent Scan Root Regions
[90.714s][info][gc,marking     ] GC(353) Concurrent Scan Root Regions 6.420ms
[90.714s][info][gc,marking     ] GC(353) Concurrent Mark
[90.714s][info][gc,marking     ] GC(353) Concurrent Mark From Roots
[90.714s][info][gc,task        ] GC(353) Using 8 workers of 8 for marking
[90.746s][info][gc,marking     ] GC(353) Concurrent Mark From Roots 31.892ms
[90.746s][info][gc,marking     ] GC(353) Concurrent Preclean
[90.746s][info][gc,marking     ] GC(353) Concurrent Preclean 0.174ms
[90.746s][info][gc,start       ] GC(353) Pause Remark
[90.749s][info][gc             ] GC(353) Pause Remark 516M->324M(776M) 2.247ms
[90.749s][info][gc,cpu         ] GC(353) User=0.00s Sys=0.00s Real=0.00s
[90.749s][info][gc,marking     ] GC(353) Concurrent Mark 34.642ms
[90.749s][info][gc,marking     ] GC(353) Concurrent Rebuild Remembered Sets and Scrub Regions
[90.772s][info][gc,marking     ] GC(353) Concurrent Rebuild Remembered Sets and Scrub Regions 23.279ms
[90.772s][info][gc,start       ] GC(353) Pause Cleanup
[90.772s][info][gc             ] GC(353) Pause Cleanup 369M->369M(776M) 0.244ms
[90.772s][info][gc,cpu         ] GC(353) User=0.00s Sys=0.00s Real=0.00s
[90.773s][info][gc,marking     ] GC(353) Concurrent Clear Claimed Marks
[90.773s][info][gc,marking     ] GC(353) Concurrent Clear Claimed Marks 0.091ms
[90.773s][info][gc,marking     ] GC(353) Concurrent Cleanup for Next Mark
[90.773s][info][gc,marking     ] GC(353) Concurrent Cleanup for Next Mark 0.600ms
[90.773s][info][gc             ] GC(353) Concurrent Mark Cycle 65.750ms
[90.838s][info][gc,start       ] GC(354) Pause Young (Prepare Mixed) (G1 Evacuation Pause)
[90.838s][info][gc,task        ] GC(354) Using 18 workers of 33 for evacuation
[90.870s][info][gc,phases      ] GC(354)   Pre Evacuate Collection Set: 0.2ms
[90.870s][info][gc,phases      ] GC(354)   Merge Heap Roots: 0.3ms
[90.870s][info][gc,phases      ] GC(354)   Evacuate Collection Set: 30.3ms
[90.870s][info][gc,phases      ] GC(354)   Post Evacuate Collection Set: 0.5ms
[90.870s][info][gc,phases      ] GC(354)   Other: 0.2ms
[90.870s][info][gc,heap        ] GC(354) Eden regions: 242->0(282)
[90.870s][info][gc,heap        ] GC(354) Survivor regions: 20->33(33)
[90.870s][info][gc,heap        ] GC(354) Old regions: 218->275
[90.870s][info][gc,heap        ] GC(354) Archive regions: 0->0
[90.870s][info][gc,heap        ] GC(354) Humongous regions: 46->46
[90.870s][info][gc,metaspace   ] GC(354) Metaspace: 67204K(68224K)->67204K(68224K) NonClass: 58771K(59328K)->58771K(59328K) Class: 8433K(8896K)->8433K(8896K)
[90.870s][info][gc             ] GC(354) Pause Young (Prepare Mixed) (G1 Evacuation Pause) 521M->350M(776M) 31.838ms
[90.870s][info][gc,cpu         ] GC(354) User=0.53s Sys=0.03s Real=0.03s
[91.009s][info][gc,start       ] GC(355) Pause Young (Mixed) (G1 Evacuation Pause)
[91.009s][info][gc,task        ] GC(355) Using 18 workers of 33 for evacuation
[91.044s][info][gc,phases      ] GC(355)   Pre Evacuate Collection Set: 0.2ms
[91.044s][info][gc,phases      ] GC(355)   Merge Heap Roots: 0.4ms
[91.044s][info][gc,phases      ] GC(355)   Evacuate Collection Set: 33.1ms
[91.044s][info][gc,phases      ] GC(355)   Post Evacuate Collection Set: 0.5ms
[91.044s][info][gc,phases      ] GC(355)   Other: 0.2ms
[91.044s][info][gc,heap        ] GC(355) Eden regions: 282->0(248)
[91.044s][info][gc,heap        ] GC(355) Survivor regions: 33->36(40)
[91.044s][info][gc,heap        ] GC(355) Old regions: 275->308
[91.044s][info][gc,heap        ] GC(355) Archive regions: 0->0
[91.044s][info][gc,heap        ] GC(355) Humongous regions: 70->70
[91.044s][info][gc,metaspace   ] GC(355) Metaspace: 67204K(68224K)->67204K(68224K) NonClass: 58771K(59328K)->58771K(59328K) Class: 8433K(8896K)->8433K(8896K)
[91.044s][info][gc             ] GC(355) Pause Young (Mixed) (G1 Evacuation Pause) 656M->409M(776M) 34.897ms
[91.044s][info][gc,cpu         ] GC(355) User=0.84s Sys=0.00s Real=0.05s
[91.119s][info][gc,start       ] GC(356) Pause Young (Concurrent Start) (G1 Humongous Allocation)
[91.119s][info][gc,task        ] GC(356) Using 18 workers of 33 for evacuation
[91.145s][info][gc,phases      ] GC(356)   Pre Evacuate Collection Set: 0.3ms
[91.145s][info][gc,phases      ] GC(356)   Merge Heap Roots: 0.2ms
[91.145s][info][gc,phases      ] GC(356)   Evacuate Collection Set: 25.0ms
[91.145s][info][gc,phases      ] GC(356)   Post Evacuate Collection Set: 0.5ms
[91.145s][info][gc,phases      ] GC(356)   Other: 0.2ms
[91.145s][info][gc,heap        ] GC(356) Eden regions: 153->0(246)
[91.145s][info][gc,heap        ] GC(356) Survivor regions: 36->19(36)
[91.145s][info][gc,heap        ] GC(356) Old regions: 308->341
[91.145s][info][gc,heap        ] GC(356) Archive regions: 0->0
[91.145s][info][gc,heap        ] GC(356) Humongous regions: 70->70
[91.145s][info][gc,metaspace   ] GC(356) Metaspace: 67204K(68224K)->67204K(68224K) NonClass: 58771K(59328K)->58771K(59328K) Class: 8433K(8896K)->8433K(8896K)
[91.145s][info][gc             ] GC(356) Pause Young (Concurrent Start) (G1 Humongous Allocation) 561M->425M(776M) 26.623ms
[91.146s][info][gc             ] GC(357) Concurrent Mark Cycle
[91.146s][info][gc,cpu         ] GC(356) User=0.56s Sys=0.00s Real=0.03s
[91.146s][info][gc,marking     ] GC(357) Concurrent Scan Root Regions
[91.151s][info][gc,marking     ] GC(357) Concurrent Scan Root Regions 5.002ms
[91.151s][info][gc,marking     ] GC(357) Concurrent Mark
[91.151s][info][gc,marking     ] GC(357) Concurrent Mark From Roots
[91.151s][info][gc,task        ] GC(357) Using 8 workers of 8 for marking
[91.206s][info][gc,marking     ] GC(357) Concurrent Mark From Roots 54.885ms
[91.206s][info][gc,marking     ] GC(357) Concurrent Preclean
[91.206s][info][gc,marking     ] GC(357) Concurrent Preclean 0.166ms
[91.206s][info][gc,start       ] GC(357) Pause Remark
[91.208s][info][gc             ] GC(357) Pause Remark 513M->476M(802M) 2.284ms
[91.208s][info][gc,cpu         ] GC(357) User=0.00s Sys=0.00s Real=0.00s
[91.208s][info][gc,marking     ] GC(357) Concurrent Mark 57.673ms
[91.208s][info][gc,marking     ] GC(357) Concurrent Rebuild Remembered Sets and Scrub Regions
[91.256s][info][gc,marking     ] GC(357) Concurrent Rebuild Remembered Sets and Scrub Regions 47.827ms
[91.256s][info][gc,start       ] GC(357) Pause Cleanup
[91.257s][info][gc             ] GC(357) Pause Cleanup 566M->566M(802M) 0.351ms
[91.257s][info][gc,cpu         ] GC(357) User=0.00s Sys=0.00s Real=0.00s
[91.257s][info][gc,marking     ] GC(357) Concurrent Clear Claimed Marks
[91.257s][info][gc,marking     ] GC(357) Concurrent Clear Claimed Marks 0.119ms
[91.257s][info][gc,marking     ] GC(357) Concurrent Cleanup for Next Mark
[91.258s][info][gc,marking     ] GC(357) Concurrent Cleanup for Next Mark 0.644ms
[91.258s][info][gc             ] GC(357) Concurrent Mark Cycle 112.156ms
[91.299s][info][gc,start       ] GC(358) Pause Young (Prepare Mixed) (G1 Evacuation Pause)
[91.300s][info][gc,task        ] GC(358) Using 19 workers of 33 for evacuation
[91.325s][info][gc,phases      ] GC(358)   Pre Evacuate Collection Set: 0.2ms
[91.325s][info][gc,phases      ] GC(358)   Merge Heap Roots: 0.8ms
[91.325s][info][gc,phases      ] GC(358)   Evacuate Collection Set: 23.9ms
[91.325s][info][gc,phases      ] GC(358)   Post Evacuate Collection Set: 0.5ms
[91.325s][info][gc,phases      ] GC(358)   Other: 0.2ms
[91.325s][info][gc,heap        ] GC(358) Eden regions: 246->0(273)
[91.325s][info][gc,heap        ] GC(358) Survivor regions: 19->34(34)
[91.325s][info][gc,heap        ] GC(358) Old regions: 340->345
[91.325s][info][gc,heap        ] GC(358) Archive regions: 0->0
[91.325s][info][gc,heap        ] GC(358) Humongous regions: 54->54
[91.325s][info][gc,metaspace   ] GC(358) Metaspace: 67204K(68224K)->67204K(68224K) NonClass: 58771K(59328K)->58771K(59328K) Class: 8433K(8896K)->8433K(8896K)
[91.325s][info][gc             ] GC(358) Pause Young (Prepare Mixed) (G1 Evacuation Pause) 654M->429M(802M) 25.897ms
[91.325s][info][gc,cpu         ] GC(358) User=0.70s Sys=0.00s Real=0.03s
[91.459s][info][gc,start       ] GC(359) Pause Young (Mixed) (G1 Evacuation Pause)
[91.459s][info][gc,task        ] GC(359) Using 19 workers of 33 for evacuation
[91.490s][info][gc,phases      ] GC(359)   Pre Evacuate Collection Set: 0.2ms
[91.490s][info][gc,phases      ] GC(359)   Merge Heap Roots: 0.2ms
[91.490s][info][gc,phases      ] GC(359)   Evacuate Collection Set: 29.1ms
[91.490s][info][gc,phases      ] GC(359)   Post Evacuate Collection Set: 0.5ms
[91.490s][info][gc,phases      ] GC(359)   Other: 0.2ms
[91.490s][info][gc,heap        ] GC(359) Eden regions: 273->0(305)
[91.490s][info][gc,heap        ] GC(359) Survivor regions: 34->24(39)
[91.490s][info][gc,heap        ] GC(359) Old regions: 345->323
[91.490s][info][gc,heap        ] GC(359) Archive regions: 0->0
[91.490s][info][gc,heap        ] GC(359) Humongous regions: 54->54
[91.490s][info][gc,metaspace   ] GC(359) Metaspace: 67204K(68224K)->67204K(68224K) NonClass: 58771K(59328K)->58771K(59328K) Class: 8433K(8896K)->8433K(8896K)
[91.490s][info][gc             ] GC(359) Pause Young (Mixed) (G1 Evacuation Pause) 702M->397M(802M) 30.802ms
[91.490s][info][gc,cpu         ] GC(359) User=0.59s Sys=0.00s Real=0.03s
[91.718s][info][gc,start       ] GC(360) Pause Young (Concurrent Start) (G1 Humongous Allocation)
[91.718s][info][gc,task        ] GC(360) Using 19 workers of 33 for evacuation
[91.746s][info][gc,phases      ] GC(360)   Pre Evacuate Collection Set: 0.3ms
[91.746s][info][gc,phases      ] GC(360)   Merge Heap Roots: 0.2ms
[91.746s][info][gc,phases      ] GC(360)   Evacuate Collection Set: 26.6ms
[91.746s][info][gc,phases      ] GC(360)   Post Evacuate Collection Set: 1.4ms
[91.746s][info][gc,phases      ] GC(360)   Other: 0.1ms
[91.746s][info][gc,heap        ] GC(360) Eden regions: 288->0(354)
[91.746s][info][gc,heap        ] GC(360) Survivor regions: 24->39(42)
[91.747s][info][gc,heap        ] GC(360) Old regions: 323->323
[91.747s][info][gc,heap        ] GC(360) Archive regions: 0->0
[91.747s][info][gc,heap        ] GC(360) Humongous regions: 54->54
[91.747s][info][gc,metaspace   ] GC(360) Metaspace: 67204K(68224K)->67204K(68224K) NonClass: 58771K(59328K)->58771K(59328K) Class: 8433K(8896K)->8433K(8896K)
[91.747s][info][gc             ] GC(360) Pause Young (Concurrent Start) (G1 Humongous Allocation) 684M->412M(869M) 29.050ms
[91.747s][info][gc             ] GC(361) Concurrent Mark Cycle
[91.747s][info][gc,cpu         ] GC(360) User=0.59s Sys=0.00s Real=0.03s
[91.747s][info][gc,marking     ] GC(361) Concurrent Scan Root Regions
[91.753s][info][gc,marking     ] GC(361) Concurrent Scan Root Regions 6.624ms
[91.753s][info][gc,marking     ] GC(361) Concurrent Mark
[91.753s][info][gc,marking     ] GC(361) Concurrent Mark From Roots
[91.753s][info][gc,task        ] GC(361) Using 8 workers of 8 for marking
[91.809s][info][gc,marking     ] GC(361) Concurrent Mark From Roots 55.878ms
[91.809s][info][gc,marking     ] GC(361) Concurrent Preclean
[91.810s][info][gc,marking     ] GC(361) Concurrent Preclean 0.187ms
[91.810s][info][gc,start       ] GC(361) Pause Remark
[91.812s][info][gc             ] GC(361) Pause Remark 416M->322M(869M) 2.226ms
[91.812s][info][gc,cpu         ] GC(361) User=0.00s Sys=0.00s Real=0.00s
[91.812s][info][gc,marking     ] GC(361) Concurrent Mark 58.895ms
[91.812s][info][gc,marking     ] GC(361) Concurrent Rebuild Remembered Sets and Scrub Regions
[91.851s][info][gc,marking     ] GC(361) Concurrent Rebuild Remembered Sets and Scrub Regions 38.921ms
[91.852s][info][gc,start       ] GC(361) Pause Cleanup
[91.852s][info][gc             ] GC(361) Pause Cleanup 324M->324M(869M) 0.379ms
[91.852s][info][gc,cpu         ] GC(361) User=0.00s Sys=0.00s Real=0.00s
[91.852s][info][gc,marking     ] GC(361) Concurrent Clear Claimed Marks
[91.852s][info][gc,marking     ] GC(361) Concurrent Clear Claimed Marks 0.098ms
[91.852s][info][gc,marking     ] GC(361) Concurrent Cleanup for Next Mark
[91.853s][info][gc,marking     ] GC(361) Concurrent Cleanup for Next Mark 0.715ms
[91.853s][info][gc             ] GC(361) Concurrent Mark Cycle 106.227ms
[92.656s][info][gc,start       ] GC(362) Pause Young (Prepare Mixed) (G1 Evacuation Pause)
[92.656s][info][gc,task        ] GC(362) Using 20 workers of 33 for evacuation
[92.719s][info][gc,phases      ] GC(362)   Pre Evacuate Collection Set: 0.2ms
[92.719s][info][gc,phases      ] GC(362)   Merge Heap Roots: 0.7ms
[92.719s][info][gc,phases      ] GC(362)   Evacuate Collection Set: 61.1ms
[92.719s][info][gc,phases      ] GC(362)   Post Evacuate Collection Set: 0.9ms
[92.719s][info][gc,phases      ] GC(362)   Other: 0.1ms
[92.719s][info][gc,heap        ] GC(362) Eden regions: 354->0(317)
[92.719s][info][gc,heap        ] GC(362) Survivor regions: 39->50(50)
[92.719s][info][gc,heap        ] GC(362) Old regions: 253->293
[92.719s][info][gc,heap        ] GC(362) Archive regions: 0->0
[92.719s][info][gc,heap        ] GC(362) Humongous regions: 108->98
[92.719s][info][gc,metaspace   ] GC(362) Metaspace: 67222K(68224K)->67222K(68224K) NonClass: 58788K(59328K)->58788K(59328K) Class: 8433K(8896K)->8433K(8896K)
[92.719s][info][gc             ] GC(362) Pause Young (Prepare Mixed) (G1 Evacuation Pause) 750M->437M(869M) 63.229ms
[92.719s][info][gc,cpu         ] GC(362) User=1.56s Sys=0.00s Real=0.08s
[93.064s][info][gc,start       ] GC(363) Pause Young (Mixed) (G1 Evacuation Pause)
[93.064s][info][gc,task        ] GC(363) Using 20 workers of 33 for evacuation
[93.118s][info][gc,phases      ] GC(363)   Pre Evacuate Collection Set: 0.2ms
[93.118s][info][gc,phases      ] GC(363)   Merge Heap Roots: 0.6ms
[93.118s][info][gc,phases      ] GC(363)   Evacuate Collection Set: 53.1ms
[93.118s][info][gc,phases      ] GC(363)   Post Evacuate Collection Set: 0.6ms
[93.118s][info][gc,phases      ] GC(363)   Other: 0.1ms
[93.118s][info][gc,heap        ] GC(363) Eden regions: 317->0(283)
[93.118s][info][gc,heap        ] GC(363) Survivor regions: 50->46(46)
[93.118s][info][gc,heap        ] GC(363) Old regions: 293->325
[93.118s][info][gc,heap        ] GC(363) Archive regions: 0->0
[93.118s][info][gc,heap        ] GC(363) Humongous regions: 127->122
[93.118s][info][gc,metaspace   ] GC(363) Metaspace: 67237K(68224K)->67237K(68224K) NonClass: 58803K(59328K)->58803K(59328K) Class: 8434K(8896K)->8434K(8896K)
[93.118s][info][gc             ] GC(363) Pause Young (Mixed) (G1 Evacuation Pause) 783M->489M(888M) 54.847ms
[93.118s][info][gc,cpu         ] GC(363) User=1.23s Sys=0.02s Real=0.07s
[93.360s][info][gc,start       ] GC(364) Pause Young (Concurrent Start) (G1 Humongous Allocation)
[93.360s][info][gc,task        ] GC(364) Using 21 workers of 33 for evacuation
[93.383s][info][gc,phases      ] GC(364)   Pre Evacuate Collection Set: 0.4ms
[93.383s][info][gc,phases      ] GC(364)   Merge Heap Roots: 0.2ms
[93.383s][info][gc,phases      ] GC(364)   Evacuate Collection Set: 21.0ms
[93.383s][info][gc,phases      ] GC(364)   Post Evacuate Collection Set: 0.6ms
[93.383s][info][gc,phases      ] GC(364)   Other: 0.2ms
[93.383s][info][gc,heap        ] GC(364) Eden regions: 141->0(293)
[93.383s][info][gc,heap        ] GC(364) Survivor regions: 46->7(42)
[93.383s][info][gc,heap        ] GC(364) Old regions: 325->374
[93.383s][info][gc,heap        ] GC(364) Archive regions: 0->0
[93.383s][info][gc,heap        ] GC(364) Humongous regions: 122->122
[93.383s][info][gc,metaspace   ] GC(364) Metaspace: 67237K(68224K)->67237K(68224K) NonClass: 58803K(59328K)->58803K(59328K) Class: 8434K(8896K)->8434K(8896K)
[93.383s][info][gc             ] GC(364) Pause Young (Concurrent Start) (G1 Humongous Allocation) 629M->498M(888M) 22.737ms
[93.383s][info][gc             ] GC(365) Concurrent Mark Cycle
[93.383s][info][gc,cpu         ] GC(364) User=0.33s Sys=0.00s Real=0.02s
[93.383s][info][gc,marking     ] GC(365) Concurrent Scan Root Regions
[93.386s][info][gc,marking     ] GC(365) Concurrent Scan Root Regions 3.349ms
[93.387s][info][gc,marking     ] GC(365) Concurrent Mark
[93.387s][info][gc,marking     ] GC(365) Concurrent Mark From Roots
[93.387s][info][gc,task        ] GC(365) Using 8 workers of 8 for marking
[93.417s][info][gc,marking     ] GC(365) Concurrent Mark From Roots 30.382ms
[93.417s][info][gc,marking     ] GC(365) Concurrent Preclean
[93.417s][info][gc,marking     ] GC(365) Concurrent Preclean 0.179ms
[93.417s][info][gc,start       ] GC(365) Pause Remark
[93.420s][info][gc             ] GC(365) Pause Remark 521M->271M(888M) 2.238ms
[93.420s][info][gc,cpu         ] GC(365) User=0.00s Sys=0.00s Real=0.00s
[93.420s][info][gc,marking     ] GC(365) Concurrent Mark 33.135ms
[93.420s][info][gc,marking     ] GC(365) Concurrent Rebuild Remembered Sets and Scrub Regions
[93.438s][info][gc,marking     ] GC(365) Concurrent Rebuild Remembered Sets and Scrub Regions 17.919ms
[93.438s][info][gc,start       ] GC(365) Pause Cleanup
[93.438s][info][gc             ] GC(365) Pause Cleanup 301M->301M(888M) 0.257ms
[93.438s][info][gc,cpu         ] GC(365) User=0.00s Sys=0.00s Real=0.00s
[93.438s][info][gc,marking     ] GC(365) Concurrent Clear Claimed Marks
[93.438s][info][gc,marking     ] GC(365) Concurrent Clear Claimed Marks 0.084ms
[93.438s][info][gc,marking     ] GC(365) Concurrent Cleanup for Next Mark
[93.439s][info][gc,marking     ] GC(365) Concurrent Cleanup for Next Mark 0.592ms
[93.439s][info][gc             ] GC(365) Concurrent Mark Cycle 55.762ms
[93.564s][info][gc,start       ] GC(366) Pause Young (Prepare Mixed) (G1 Evacuation Pause)
[93.564s][info][gc,task        ] GC(366) Using 21 workers of 33 for evacuation
[93.581s][info][gc,phases      ] GC(366)   Pre Evacuate Collection Set: 0.2ms
[93.581s][info][gc,phases      ] GC(366)   Merge Heap Roots: 0.1ms
[93.581s][info][gc,phases      ] GC(366)   Evacuate Collection Set: 16.4ms
[93.581s][info][gc,phases      ] GC(366)   Post Evacuate Collection Set: 0.5ms
[93.581s][info][gc,phases      ] GC(366)   Other: 0.1ms
[93.581s][info][gc,heap        ] GC(366) Eden regions: 293->0(459)
[93.581s][info][gc,heap        ] GC(366) Survivor regions: 7->36(38)
[93.581s][info][gc,heap        ] GC(366) Old regions: 236->236
[93.581s][info][gc,heap        ] GC(366) Archive regions: 0->0
[93.581s][info][gc,heap        ] GC(366) Humongous regions: 27->22
[93.581s][info][gc,metaspace   ] GC(366) Metaspace: 67248K(68224K)->67248K(68224K) NonClass: 58813K(59328K)->58813K(59328K) Class: 8434K(8896K)->8434K(8896K)
[93.582s][info][gc             ] GC(366) Pause Young (Prepare Mixed) (G1 Evacuation Pause) 558M->290M(888M) 17.562ms
[93.582s][info][gc,cpu         ] GC(366) User=0.33s Sys=0.00s Real=0.01s
[94.080s][info][gc,start       ] GC(367) Pause Young (Mixed) (G1 Evacuation Pause)
[94.080s][info][gc,task        ] GC(367) Using 21 workers of 33 for evacuation
[94.148s][info][gc,phases      ] GC(367)   Pre Evacuate Collection Set: 0.2ms
[94.148s][info][gc,phases      ] GC(367)   Merge Heap Roots: 0.4ms
[94.148s][info][gc,phases      ] GC(367)   Evacuate Collection Set: 66.3ms
[94.148s][info][gc,phases      ] GC(367)   Post Evacuate Collection Set: 0.6ms
[94.148s][info][gc,phases      ] GC(367)   Other: 0.1ms
[94.148s][info][gc,heap        ] GC(367) Eden regions: 352->0(387)
[94.148s][info][gc,heap        ] GC(367) Survivor regions: 36->48(62)
[94.148s][info][gc,heap        ] GC(367) Old regions: 236->265
[94.148s][info][gc,heap        ] GC(367) Archive regions: 0->0
[94.148s][info][gc,heap        ] GC(367) Humongous regions: 264->151
[94.148s][info][gc,metaspace   ] GC(367) Metaspace: 67248K(68224K)->67248K(68224K) NonClass: 58814K(59328K)->58814K(59328K) Class: 8434K(8896K)->8434K(8896K)
[94.148s][info][gc             ] GC(367) Pause Young (Mixed) (G1 Evacuation Pause) 884M->459M(972M) 67.803ms
[94.148s][info][gc,cpu         ] GC(367) User=1.27s Sys=0.05s Real=0.06s
[94.150s][info][gc,start       ] GC(368) Pause Young (Concurrent Start) (G1 Humongous Allocation)
[94.150s][info][gc,task        ] GC(368) Using 23 workers of 33 for evacuation
[94.170s][info][gc,phases      ] GC(368)   Pre Evacuate Collection Set: 0.3ms
[94.170s][info][gc,phases      ] GC(368)   Merge Heap Roots: 0.1ms
[94.170s][info][gc,phases      ] GC(368)   Evacuate Collection Set: 19.1ms
[94.170s][info][gc,phases      ] GC(368)   Post Evacuate Collection Set: 0.4ms
[94.170s][info][gc,phases      ] GC(368)   Other: 0.1ms
[94.170s][info][gc,heap        ] GC(368) Eden regions: 7->0(393)
[94.170s][info][gc,heap        ] GC(368) Survivor regions: 48->4(55)
[94.170s][info][gc,heap        ] GC(368) Old regions: 265->313
[94.170s][info][gc,heap        ] GC(368) Archive regions: 0->0
[94.170s][info][gc,heap        ] GC(368) Humongous regions: 151->151
[94.170s][info][gc,metaspace   ] GC(368) Metaspace: 67248K(68224K)->67248K(68224K) NonClass: 58814K(59328K)->58814K(59328K) Class: 8434K(8896K)->8434K(8896K)
[94.170s][info][gc             ] GC(368) Pause Young (Concurrent Start) (G1 Humongous Allocation) 466M->463M(972M) 20.147ms
[94.170s][info][gc             ] GC(369) Concurrent Mark Cycle
[94.170s][info][gc,cpu         ] GC(368) User=0.36s Sys=0.00s Real=0.02s
[94.170s][info][gc,marking     ] GC(369) Concurrent Scan Root Regions
[94.174s][info][gc,marking     ] GC(369) Concurrent Scan Root Regions 3.832ms
[94.174s][info][gc,marking     ] GC(369) Concurrent Mark
[94.174s][info][gc,marking     ] GC(369) Concurrent Mark From Roots
[94.174s][info][gc,task        ] GC(369) Using 8 workers of 8 for marking
[94.207s][info][gc,marking     ] GC(369) Concurrent Mark From Roots 32.982ms
[94.207s][info][gc,marking     ] GC(369) Concurrent Preclean
[94.208s][info][gc,marking     ] GC(369) Concurrent Preclean 0.226ms
[94.208s][info][gc,start       ] GC(369) Pause Remark
[94.210s][info][gc             ] GC(369) Pause Remark 549M->440M(972M) 2.293ms
[94.210s][info][gc,cpu         ] GC(369) User=0.00s Sys=0.00s Real=0.00s
[94.210s][info][gc,marking     ] GC(369) Concurrent Mark 35.899ms
[94.210s][info][gc,marking     ] GC(369) Concurrent Rebuild Remembered Sets and Scrub Regions
[94.229s][info][gc,marking     ] GC(369) Concurrent Rebuild Remembered Sets and Scrub Regions 18.881ms
[94.255s][info][gc,start       ] GC(369) Pause Cleanup
[94.255s][info][gc             ] GC(369) Pause Cleanup 519M->519M(972M) 0.477ms
[94.255s][info][gc,cpu         ] GC(369) User=0.00s Sys=0.00s Real=0.00s
[94.255s][info][gc,marking     ] GC(369) Concurrent Clear Claimed Marks
[94.255s][info][gc,marking     ] GC(369) Concurrent Clear Claimed Marks 0.108ms
[94.255s][info][gc,marking     ] GC(369) Concurrent Cleanup for Next Mark
[94.256s][info][gc,marking     ] GC(369) Concurrent Cleanup for Next Mark 0.803ms
[94.256s][info][gc             ] GC(369) Concurrent Mark Cycle 85.806ms
[94.484s][info][gc,start       ] GC(370) Pause Young (Prepare Mixed) (G1 Evacuation Pause)
[94.484s][info][gc,task        ] GC(370) Using 23 workers of 33 for evacuation
[94.516s][info][gc,phases      ] GC(370)   Pre Evacuate Collection Set: 0.2ms
[94.516s][info][gc,phases      ] GC(370)   Merge Heap Roots: 0.6ms
[94.516s][info][gc,phases      ] GC(370)   Evacuate Collection Set: 30.5ms
[94.516s][info][gc,phases      ] GC(370)   Post Evacuate Collection Set: 0.6ms
[94.516s][info][gc,phases      ] GC(370)   Other: 0.2ms
[94.516s][info][gc,heap        ] GC(370) Eden regions: 393->0(399)
[94.516s][info][gc,heap        ] GC(370) Survivor regions: 4->46(50)
[94.516s][info][gc,heap        ] GC(370) Old regions: 277->277
[94.516s][info][gc,heap        ] GC(370) Archive regions: 0->0
[94.516s][info][gc,heap        ] GC(370) Humongous regions: 172->128
[94.516s][info][gc,metaspace   ] GC(370) Metaspace: 67284K(68288K)->67284K(68288K) NonClass: 58850K(59392K)->58850K(59392K) Class: 8434K(8896K)->8434K(8896K)
[94.516s][info][gc             ] GC(370) Pause Young (Prepare Mixed) (G1 Evacuation Pause) 841M->446M(972M) 32.395ms
[94.516s][info][gc,cpu         ] GC(370) User=0.72s Sys=0.00s Real=0.03s
[94.715s][info][gc,start       ] GC(371) Pause Full (System.gc())
[94.715s][info][gc,task        ] GC(371) Using 23 workers of 33 for full compaction
[94.716s][info][gc,phases,start] GC(371) Phase 1: Mark live objects
[94.751s][info][gc,phases      ] GC(371) Phase 1: Mark live objects 34.144ms
[94.751s][info][gc,phases,start] GC(371) Phase 2: Prepare compaction
[94.755s][info][gc,phases      ] GC(371) Phase 2: Prepare compaction 4.113ms
[94.755s][info][gc,phases,start] GC(371) Phase 3: Adjust pointers
[94.766s][info][gc,phases      ] GC(371) Phase 3: Adjust pointers 10.731ms
[94.766s][info][gc,phases,start] GC(371) Phase 4: Compact heap
[94.766s][info][gc,phases      ] GC(371) Phase 4: Compact heap 0.633ms
[94.777s][info][gc,heap        ] GC(371) Eden regions: 344->0(292)
[94.777s][info][gc,heap        ] GC(371) Survivor regions: 46->0(50)
[94.777s][info][gc,heap        ] GC(371) Old regions: 277->155
[94.777s][info][gc,heap        ] GC(371) Archive regions: 0->0
[94.777s][info][gc,heap        ] GC(371) Humongous regions: 131->10
[94.777s][info][gc,metaspace   ] GC(371) Metaspace: 67284K(68288K)->67284K(68288K) NonClass: 58850K(59392K)->58850K(59392K) Class: 8434K(8896K)->8434K(8896K)
[94.777s][info][gc             ] GC(371) Pause Full (System.gc()) 792M->148M(550M) 62.223ms
[94.778s][info][gc,cpu         ] GC(371) User=0.73s Sys=0.02s Real=0.06s
[94.811s][info][gc,start       ] GC(372) Pause Young (Concurrent Start) (G1 Humongous Allocation)
[94.811s][info][gc,task        ] GC(372) Using 18 workers of 33 for evacuation
[94.814s][info][gc,phases      ] GC(372)   Pre Evacuate Collection Set: 0.3ms
[94.814s][info][gc,phases      ] GC(372)   Merge Heap Roots: 0.1ms
[94.814s][info][gc,phases      ] GC(372)   Evacuate Collection Set: 1.2ms
[94.814s][info][gc,phases      ] GC(372)   Post Evacuate Collection Set: 1.0ms
[94.814s][info][gc,phases      ] GC(372)   Other: 0.2ms
[94.814s][info][gc,heap        ] GC(372) Eden regions: 19->0(377)
[94.814s][info][gc,heap        ] GC(372) Survivor regions: 0->6(37)
[94.814s][info][gc,heap        ] GC(372) Old regions: 155->155
[94.814s][info][gc,heap        ] GC(372) Archive regions: 0->0
[94.814s][info][gc,heap        ] GC(372) Humongous regions: 10->10
[94.814s][info][gc,metaspace   ] GC(372) Metaspace: 67288K(68288K)->67288K(68288K) NonClass: 58854K(59392K)->58854K(59392K) Class: 8434K(8896K)->8434K(8896K)
[94.814s][info][gc             ] GC(372) Pause Young (Concurrent Start) (G1 Humongous Allocation) 166M->154M(642M) 3.243ms
[94.814s][info][gc             ] GC(373) Concurrent Mark Cycle
[94.814s][info][gc,cpu         ] GC(372) User=0.00s Sys=0.00s Real=0.00s
[94.814s][info][gc,marking     ] GC(373) Concurrent Scan Root Regions
[94.815s][info][gc,marking     ] GC(373) Concurrent Scan Root Regions 1.127ms
[94.815s][info][gc,marking     ] GC(373) Concurrent Mark
[94.815s][info][gc,marking     ] GC(373) Concurrent Mark From Roots
[94.815s][info][gc,task        ] GC(373) Using 8 workers of 8 for marking
[94.862s][info][gc,marking     ] GC(373) Concurrent Mark From Roots 46.417ms
[94.862s][info][gc,marking     ] GC(373) Concurrent Preclean
[94.862s][info][gc,marking     ] GC(373) Concurrent Preclean 0.180ms
[94.862s][info][gc,start       ] GC(373) Pause Remark
[94.864s][info][gc             ] GC(373) Pause Remark 201M->201M(642M) 2.244ms
[94.865s][info][gc,cpu         ] GC(373) User=0.00s Sys=0.00s Real=0.00s
[94.865s][info][gc,marking     ] GC(373) Concurrent Mark 49.210ms
[94.865s][info][gc,marking     ] GC(373) Concurrent Rebuild Remembered Sets and Scrub Regions
[94.876s][info][gc,marking     ] GC(373) Concurrent Rebuild Remembered Sets and Scrub Regions 11.087ms
[94.876s][info][gc,start       ] GC(373) Pause Cleanup
[94.876s][info][gc             ] GC(373) Pause Cleanup 218M->218M(642M) 0.168ms
[94.876s][info][gc,cpu         ] GC(373) User=0.00s Sys=0.00s Real=0.00s
[94.876s][info][gc,marking     ] GC(373) Concurrent Clear Claimed Marks
[94.876s][info][gc,marking     ] GC(373) Concurrent Clear Claimed Marks 0.079ms
[94.876s][info][gc,marking     ] GC(373) Concurrent Cleanup for Next Mark
[94.877s][info][gc,marking     ] GC(373) Concurrent Cleanup for Next Mark 0.395ms
[94.877s][info][gc             ] GC(373) Concurrent Mark Cycle 62.471ms
[95.041s][info][gc,start       ] GC(374) Pause Young (Prepare Mixed) (G1 Evacuation Pause)
[95.041s][info][gc,task        ] GC(374) Using 16 workers of 33 for evacuation
[95.077s][info][gc,phases      ] GC(374)   Pre Evacuate Collection Set: 0.2ms
[95.077s][info][gc,phases      ] GC(374)   Merge Heap Roots: 0.3ms
[95.077s][info][gc,phases      ] GC(374)   Evacuate Collection Set: 35.1ms
[95.077s][info][gc,phases      ] GC(374)   Post Evacuate Collection Set: 0.7ms
[95.077s][info][gc,phases      ] GC(374)   Other: 0.2ms
[95.077s][info][gc,heap        ] GC(374) Eden regions: 377->0(279)
[95.077s][info][gc,heap        ] GC(374) Survivor regions: 6->48(48)
[95.077s][info][gc,heap        ] GC(374) Old regions: 155->197
[95.077s][info][gc,heap        ] GC(374) Archive regions: 0->0
[95.077s][info][gc,heap        ] GC(374) Humongous regions: 51->46
[95.077s][info][gc,metaspace   ] GC(374) Metaspace: 67289K(68288K)->67289K(68288K) NonClass: 58855K(59392K)->58855K(59392K) Class: 8434K(8896K)->8434K(8896K)
[95.077s][info][gc             ] GC(374) Pause Young (Prepare Mixed) (G1 Evacuation Pause) 572M->274M(679M) 36.735ms
[95.077s][info][gc,cpu         ] GC(374) User=0.48s Sys=0.02s Real=0.03s
[95.229s][info][gc,start       ] GC(375) Pause Young (Mixed) (G1 Evacuation Pause)
[95.229s][info][gc,task        ] GC(375) Using 16 workers of 33 for evacuation
[95.266s][info][gc,phases      ] GC(375)   Pre Evacuate Collection Set: 0.2ms
[95.266s][info][gc,phases      ] GC(375)   Merge Heap Roots: 0.4ms
[95.266s][info][gc,phases      ] GC(375)   Evacuate Collection Set: 35.8ms
[95.266s][info][gc,phases      ] GC(375)   Post Evacuate Collection Set: 0.6ms
[95.266s][info][gc,phases      ] GC(375)   Other: 0.1ms
[95.266s][info][gc,heap        ] GC(375) Eden regions: 279->0(255)
[95.266s][info][gc,heap        ] GC(375) Survivor regions: 48->32(41)
[95.266s][info][gc,heap        ] GC(375) Old regions: 197->246
[95.266s][info][gc,heap        ] GC(375) Archive regions: 0->0
[95.266s][info][gc,heap        ] GC(375) Humongous regions: 58->58
[95.266s][info][gc,metaspace   ] GC(375) Metaspace: 67289K(68288K)->67289K(68288K) NonClass: 58855K(59392K)->58855K(59392K) Class: 8434K(8896K)->8434K(8896K)
[95.266s][info][gc             ] GC(375) Pause Young (Mixed) (G1 Evacuation Pause) 565M->322M(679M) 37.561ms
[95.266s][info][gc,cpu         ] GC(375) User=0.50s Sys=0.00s Real=0.03s
[95.294s][info][gc,start       ] GC(376) Pause Young (Concurrent Start) (G1 Humongous Allocation)
[95.294s][info][gc,task        ] GC(376) Using 16 workers of 33 for evacuation
[95.310s][info][gc,phases      ] GC(376)   Pre Evacuate Collection Set: 0.3ms
[95.310s][info][gc,phases      ] GC(376)   Merge Heap Roots: 0.1ms
[95.310s][info][gc,phases      ] GC(376)   Evacuate Collection Set: 14.7ms
[95.310s][info][gc,phases      ] GC(376)   Post Evacuate Collection Set: 0.4ms
[95.310s][info][gc,phases      ] GC(376)   Other: 0.2ms
[95.310s][info][gc,heap        ] GC(376) Eden regions: 46->0(255)
[95.310s][info][gc,heap        ] GC(376) Survivor regions: 32->8(36)
[95.310s][info][gc,heap        ] GC(376) Old regions: 246->277
[95.310s][info][gc,heap        ] GC(376) Archive regions: 0->0
[95.310s][info][gc,heap        ] GC(376) Humongous regions: 58->58
[95.310s][info][gc,metaspace   ] GC(376) Metaspace: 67289K(68288K)->67289K(68288K) NonClass: 58855K(59392K)->58855K(59392K) Class: 8434K(8896K)->8434K(8896K)
[95.310s][info][gc             ] GC(376) Pause Young (Concurrent Start) (G1 Humongous Allocation) 367M->329M(679M) 15.944ms
[95.310s][info][gc             ] GC(377) Concurrent Mark Cycle
[95.310s][info][gc,cpu         ] GC(376) User=0.25s Sys=0.00s Real=0.02s
[95.310s][info][gc,marking     ] GC(377) Concurrent Scan Root Regions
[95.315s][info][gc,marking     ] GC(377) Concurrent Scan Root Regions 4.470ms
[95.315s][info][gc,marking     ] GC(377) Concurrent Mark
[95.315s][info][gc,marking     ] GC(377) Concurrent Mark From Roots
[95.315s][info][gc,task        ] GC(377) Using 8 workers of 8 for marking
[95.376s][info][gc,marking     ] GC(377) Concurrent Mark From Roots 61.317ms
[95.376s][info][gc,marking     ] GC(377) Concurrent Preclean
[95.376s][info][gc,marking     ] GC(377) Concurrent Preclean 0.198ms
[95.377s][info][gc,start       ] GC(377) Pause Remark
[95.379s][info][gc             ] GC(377) Pause Remark 415M->391M(679M) 2.156ms
[95.379s][info][gc,cpu         ] GC(377) User=0.00s Sys=0.00s Real=0.00s
[95.379s][info][gc,marking     ] GC(377) Concurrent Mark 63.989ms
[95.379s][info][gc,marking     ] GC(377) Concurrent Rebuild Remembered Sets and Scrub Regions
[95.425s][info][gc,marking     ] GC(377) Concurrent Rebuild Remembered Sets and Scrub Regions 45.794ms
[95.425s][info][gc,start       ] GC(377) Pause Cleanup
[95.425s][info][gc             ] GC(377) Pause Cleanup 466M->466M(679M) 0.325ms
[95.425s][info][gc,cpu         ] GC(377) User=0.00s Sys=0.00s Real=0.00s
[95.425s][info][gc,marking     ] GC(377) Concurrent Clear Claimed Marks
[95.425s][info][gc,marking     ] GC(377) Concurrent Clear Claimed Marks 0.093ms
[95.425s][info][gc,marking     ] GC(377) Concurrent Cleanup for Next Mark
[95.426s][info][gc,marking     ] GC(377) Concurrent Cleanup for Next Mark 0.432ms
[95.426s][info][gc             ] GC(377) Concurrent Mark Cycle 115.626ms
[95.493s][info][gc,start       ] GC(378) Pause Young (Prepare Mixed) (G1 Evacuation Pause)
[95.493s][info][gc,task        ] GC(378) Using 16 workers of 33 for evacuation
[95.514s][info][gc,phases      ] GC(378)   Pre Evacuate Collection Set: 0.2ms
[95.514s][info][gc,phases      ] GC(378)   Merge Heap Roots: 0.7ms
[95.514s][info][gc,phases      ] GC(378)   Evacuate Collection Set: 19.2ms
[95.514s][info][gc,phases      ] GC(378)   Post Evacuate Collection Set: 0.5ms
[95.514s][info][gc,phases      ] GC(378)   Other: 0.1ms
[95.514s][info][gc,heap        ] GC(378) Eden regions: 255->0(254)
[95.514s][info][gc,heap        ] GC(378) Survivor regions: 8->26(33)
[95.514s][info][gc,heap        ] GC(378) Old regions: 277->277
[95.514s][info][gc,heap        ] GC(378) Archive regions: 0->0
[95.514s][info][gc,heap        ] GC(378) Humongous regions: 49->49
[95.514s][info][gc,metaspace   ] GC(378) Metaspace: 67289K(68288K)->67289K(68288K) NonClass: 58855K(59392K)->58855K(59392K) Class: 8434K(8896K)->8434K(8896K)
[95.514s][info][gc             ] GC(378) Pause Young (Prepare Mixed) (G1 Evacuation Pause) 575M->337M(679M) 20.916ms
[95.514s][info][gc,cpu         ] GC(378) User=0.25s Sys=0.00s Real=0.02s
[95.665s][info][gc,start       ] GC(379) Pause Young (Mixed) (G1 Evacuation Pause)
[95.665s][info][gc,task        ] GC(379) Using 16 workers of 33 for evacuation
[95.689s][info][gc,phases      ] GC(379)   Pre Evacuate Collection Set: 0.2ms
[95.689s][info][gc,phases      ] GC(379)   Merge Heap Roots: 0.3ms
[95.689s][info][gc,phases      ] GC(379)   Evacuate Collection Set: 23.0ms
[95.689s][info][gc,phases      ] GC(379)   Post Evacuate Collection Set: 0.5ms
[95.689s][info][gc,phases      ] GC(379)   Other: 0.1ms
[95.689s][info][gc,heap        ] GC(379) Eden regions: 254->0(252)
[95.689s][info][gc,heap        ] GC(379) Survivor regions: 26->20(35)
[95.689s][info][gc,heap        ] GC(379) Old regions: 277->293
[95.689s][info][gc,heap        ] GC(379) Archive regions: 0->0
[95.689s][info][gc,heap        ] GC(379) Humongous regions: 49->49
[95.689s][info][gc,metaspace   ] GC(379) Metaspace: 67289K(68288K)->67289K(68288K) NonClass: 58855K(59392K)->58855K(59392K) Class: 8434K(8896K)->8434K(8896K)
[95.689s][info][gc             ] GC(379) Pause Young (Mixed) (G1 Evacuation Pause) 591M->352M(679M) 24.282ms
[95.689s][info][gc,cpu         ] GC(379) User=0.25s Sys=0.00s Real=0.02s
[95.789s][info][gc,start       ] GC(380) Pause Young (Concurrent Start) (G1 Humongous Allocation)
[95.789s][info][gc,task        ] GC(380) Using 16 workers of 33 for evacuation
[95.810s][info][gc,phases      ] GC(380)   Pre Evacuate Collection Set: 0.3ms
[95.810s][info][gc,phases      ] GC(380)   Merge Heap Roots: 0.2ms
[95.810s][info][gc,phases      ] GC(380)   Evacuate Collection Set: 18.9ms
[95.810s][info][gc,phases      ] GC(380)   Post Evacuate Collection Set: 1.1ms
[95.810s][info][gc,phases      ] GC(380)   Other: 0.2ms
[95.810s][info][gc,heap        ] GC(380) Eden regions: 197->0(298)
[95.810s][info][gc,heap        ] GC(380) Survivor regions: 20->16(34)
[95.810s][info][gc,heap        ] GC(380) Old regions: 293->309
[95.810s][info][gc,heap        ] GC(380) Archive regions: 0->0
[95.810s][info][gc,heap        ] GC(380) Humongous regions: 49->49
[95.810s][info][gc,metaspace   ] GC(380) Metaspace: 67289K(68288K)->67289K(68288K) NonClass: 58855K(59392K)->58855K(59392K) Class: 8434K(8896K)->8434K(8896K)
[95.810s][info][gc             ] GC(380) Pause Young (Concurrent Start) (G1 Humongous Allocation) 549M->364M(748M) 20.916ms
[95.810s][info][gc             ] GC(381) Concurrent Mark Cycle
[95.810s][info][gc,cpu         ] GC(380) User=0.25s Sys=0.00s Real=0.02s
[95.810s][info][gc,marking     ] GC(381) Concurrent Scan Root Regions
[95.814s][info][gc,marking     ] GC(381) Concurrent Scan Root Regions 3.922ms
[95.814s][info][gc,marking     ] GC(381) Concurrent Mark
[95.814s][info][gc,marking     ] GC(381) Concurrent Mark From Roots
[95.814s][info][gc,task        ] GC(381) Using 8 workers of 8 for marking
[95.894s][info][gc,marking     ] GC(381) Concurrent Mark From Roots 79.803ms
[95.894s][info][gc,marking     ] GC(381) Concurrent Preclean
[95.894s][info][gc,marking     ] GC(381) Concurrent Preclean 0.166ms
[95.894s][info][gc,start       ] GC(381) Pause Remark
[95.896s][info][gc             ] GC(381) Pause Remark 452M->438M(748M) 2.140ms
[95.897s][info][gc,cpu         ] GC(381) User=0.00s Sys=0.00s Real=0.00s
[95.897s][info][gc,marking     ] GC(381) Concurrent Mark 82.427ms
[95.897s][info][gc,marking     ] GC(381) Concurrent Rebuild Remembered Sets and Scrub Regions
[95.943s][info][gc,marking     ] GC(381) Concurrent Rebuild Remembered Sets and Scrub Regions 46.816ms
[95.944s][info][gc,start       ] GC(381) Pause Cleanup
[95.944s][info][gc             ] GC(381) Pause Cleanup 460M->460M(748M) 0.363ms
[95.944s][info][gc,cpu         ] GC(381) User=0.00s Sys=0.00s Real=0.00s
[95.944s][info][gc,marking     ] GC(381) Concurrent Clear Claimed Marks
[95.944s][info][gc,marking     ] GC(381) Concurrent Clear Claimed Marks 0.092ms
[95.944s][info][gc,marking     ] GC(381) Concurrent Cleanup for Next Mark
[95.945s][info][gc,marking     ] GC(381) Concurrent Cleanup for Next Mark 0.551ms
[95.945s][info][gc             ] GC(381) Concurrent Mark Cycle 134.631ms
[96.324s][info][gc,start       ] GC(382) Pause Young (Prepare Mixed) (G1 Evacuation Pause)
[96.324s][info][gc,task        ] GC(382) Using 17 workers of 33 for evacuation
[96.349s][info][gc,phases      ] GC(382)   Pre Evacuate Collection Set: 0.2ms
[96.349s][info][gc,phases      ] GC(382)   Merge Heap Roots: 0.6ms
[96.349s][info][gc,phases      ] GC(382)   Evacuate Collection Set: 22.3ms
[96.349s][info][gc,phases      ] GC(382)   Post Evacuate Collection Set: 0.9ms
[96.349s][info][gc,phases      ] GC(382)   Other: 0.2ms
[96.349s][info][gc,heap        ] GC(382) Eden regions: 298->0(288)
[96.349s][info][gc,heap        ] GC(382) Survivor regions: 16->29(40)
[96.349s][info][gc,heap        ] GC(382) Old regions: 307->307
[96.349s][info][gc,heap        ] GC(382) Archive regions: 0->0
[96.349s][info][gc,heap        ] GC(382) Humongous regions: 57->57
[96.349s][info][gc,metaspace   ] GC(382) Metaspace: 67290K(68288K)->67290K(68288K) NonClass: 58855K(59392K)->58855K(59392K) Class: 8434K(8896K)->8434K(8896K)
[96.349s][info][gc             ] GC(382) Pause Young (Prepare Mixed) (G1 Evacuation Pause) 668M->383M(748M) 24.763ms
[96.349s][info][gc,cpu         ] GC(382) User=0.27s Sys=0.00s Real=0.02s
[97.345s][info][gc,start       ] GC(383) Pause Young (Mixed) (G1 Evacuation Pause)
[97.346s][info][gc,task        ] GC(383) Using 17 workers of 33 for evacuation
[97.384s][info][gc,phases      ] GC(383)   Pre Evacuate Collection Set: 0.2ms
[97.384s][info][gc,phases      ] GC(383)   Merge Heap Roots: 0.4ms
[97.384s][info][gc,phases      ] GC(383)   Evacuate Collection Set: 36.7ms
[97.384s][info][gc,phases      ] GC(383)   Post Evacuate Collection Set: 0.6ms
[97.384s][info][gc,phases      ] GC(383)   Other: 0.1ms
[97.384s][info][gc,heap        ] GC(383) Eden regions: 288->0(258)
[97.384s][info][gc,heap        ] GC(383) Survivor regions: 29->39(40)
[97.384s][info][gc,heap        ] GC(383) Old regions: 307->306
[97.384s][info][gc,heap        ] GC(383) Archive regions: 0->0
[97.384s][info][gc,heap        ] GC(383) Humongous regions: 88->83
[97.384s][info][gc,metaspace   ] GC(383) Metaspace: 67307K(68288K)->67307K(68288K) NonClass: 58873K(59392K)->58873K(59392K) Class: 8434K(8896K)->8434K(8896K)
[97.384s][info][gc             ] GC(383) Pause Young (Mixed) (G1 Evacuation Pause) 702M->423M(764M) 38.341ms
[97.384s][info][gc,cpu         ] GC(383) User=0.81s Sys=0.00s Real=0.05s
[97.394s][info][gc,start       ] GC(384) Pause Young (Concurrent Start) (G1 Humongous Allocation)
[97.394s][info][gc,task        ] GC(384) Using 18 workers of 33 for evacuation
[97.413s][info][gc,phases      ] GC(384)   Pre Evacuate Collection Set: 0.2ms
[97.413s][info][gc,phases      ] GC(384)   Merge Heap Roots: 0.2ms
[97.413s][info][gc,phases      ] GC(384)   Evacuate Collection Set: 17.5ms
[97.413s][info][gc,phases      ] GC(384)   Post Evacuate Collection Set: 0.3ms
[97.413s][info][gc,phases      ] GC(384)   Other: 0.1ms
[97.413s][info][gc,heap        ] GC(384) Eden regions: 9->0(216)
[97.413s][info][gc,heap        ] GC(384) Survivor regions: 39->5(38)
[97.413s][info][gc,heap        ] GC(384) Old regions: 306->343
[97.413s][info][gc,heap        ] GC(384) Archive regions: 0->0
[97.413s][info][gc,heap        ] GC(384) Humongous regions: 83->83
[97.413s][info][gc,metaspace   ] GC(384) Metaspace: 67307K(68288K)->67307K(68288K) NonClass: 58873K(59392K)->58873K(59392K) Class: 8434K(8896K)->8434K(8896K)
[97.413s][info][gc             ] GC(384) Pause Young (Concurrent Start) (G1 Humongous Allocation) 432M->427M(764M) 18.462ms
[97.413s][info][gc             ] GC(385) Concurrent Mark Cycle
[97.413s][info][gc,cpu         ] GC(384) User=0.56s Sys=0.00s Real=0.03s
[97.413s][info][gc,marking     ] GC(385) Concurrent Scan Root Regions
[97.416s][info][gc,marking     ] GC(385) Concurrent Scan Root Regions 3.368ms
[97.416s][info][gc,marking     ] GC(385) Concurrent Mark
[97.416s][info][gc,marking     ] GC(385) Concurrent Mark From Roots
[97.416s][info][gc,task        ] GC(385) Using 8 workers of 8 for marking
[97.448s][info][gc,marking     ] GC(385) Concurrent Mark From Roots 31.510ms
[97.448s][info][gc,marking     ] GC(385) Concurrent Preclean
[97.448s][info][gc,marking     ] GC(385) Concurrent Preclean 0.169ms
[97.448s][info][gc,start       ] GC(385) Pause Remark
[97.450s][info][gc             ] GC(385) Pause Remark 448M->249M(764M) 2.214ms
[97.451s][info][gc,cpu         ] GC(385) User=0.00s Sys=0.00s Real=0.00s
[97.451s][info][gc,marking     ] GC(385) Concurrent Mark 34.198ms
[97.451s][info][gc,marking     ] GC(385) Concurrent Rebuild Remembered Sets and Scrub Regions
[97.488s][info][gc,marking     ] GC(385) Concurrent Rebuild Remembered Sets and Scrub Regions 37.075ms
[97.488s][info][gc,start       ] GC(385) Pause Cleanup
[97.488s][info][gc             ] GC(385) Pause Cleanup 273M->273M(764M) 0.246ms
[97.488s][info][gc,cpu         ] GC(385) User=0.00s Sys=0.00s Real=0.00s
[97.488s][info][gc,marking     ] GC(385) Concurrent Clear Claimed Marks
[97.488s][info][gc,marking     ] GC(385) Concurrent Clear Claimed Marks 0.117ms
[97.488s][info][gc,marking     ] GC(385) Concurrent Cleanup for Next Mark
[97.489s][info][gc,marking     ] GC(385) Concurrent Cleanup for Next Mark 0.508ms
[97.489s][info][gc             ] GC(385) Concurrent Mark Cycle 76.000ms
[97.628s][info][gc,start       ] GC(386) Pause Young (Prepare Mixed) (G1 Evacuation Pause)
[97.629s][info][gc,task        ] GC(386) Using 18 workers of 33 for evacuation
[97.656s][info][gc,phases      ] GC(386)   Pre Evacuate Collection Set: 0.2ms
[97.656s][info][gc,phases      ] GC(386)   Merge Heap Roots: 0.4ms
[97.656s][info][gc,phases      ] GC(386)   Evacuate Collection Set: 26.4ms
[97.656s][info][gc,phases      ] GC(386)   Post Evacuate Collection Set: 0.5ms
[97.656s][info][gc,phases      ] GC(386)   Other: 0.1ms
[97.656s][info][gc,heap        ] GC(386) Eden regions: 216->0(282)
[97.656s][info][gc,heap        ] GC(386) Survivor regions: 5->28(28)
[97.656s][info][gc,heap        ] GC(386) Old regions: 206->241
[97.656s][info][gc,heap        ] GC(386) Archive regions: 0->0
[97.656s][info][gc,heap        ] GC(386) Humongous regions: 48->48
[97.656s][info][gc,metaspace   ] GC(386) Metaspace: 67311K(68288K)->67311K(68288K) NonClass: 58876K(59392K)->58876K(59392K) Class: 8434K(8896K)->8434K(8896K)
[97.656s][info][gc             ] GC(386) Pause Young (Prepare Mixed) (G1 Evacuation Pause) 471M->313M(764M) 27.838ms
[97.656s][info][gc,cpu         ] GC(386) User=0.56s Sys=0.00s Real=0.03s
[97.783s][info][gc,start       ] GC(387) Pause Young (Mixed) (G1 Evacuation Pause)
[97.783s][info][gc,task        ] GC(387) Using 18 workers of 33 for evacuation
[97.817s][info][gc,phases      ] GC(387)   Pre Evacuate Collection Set: 0.2ms
[97.817s][info][gc,phases      ] GC(387)   Merge Heap Roots: 0.4ms
[97.817s][info][gc,phases      ] GC(387)   Evacuate Collection Set: 32.7ms
[97.817s][info][gc,phases      ] GC(387)   Post Evacuate Collection Set: 0.5ms
[97.817s][info][gc,phases      ] GC(387)   Other: 0.2ms
[97.817s][info][gc,heap        ] GC(387) Eden regions: 282->0(254)
[97.817s][info][gc,heap        ] GC(387) Survivor regions: 28->39(39)
[97.817s][info][gc,heap        ] GC(387) Old regions: 241->276
[97.817s][info][gc,heap        ] GC(387) Archive regions: 0->0
[97.817s][info][gc,heap        ] GC(387) Humongous regions: 60->60
[97.817s][info][gc,metaspace   ] GC(387) Metaspace: 67315K(68288K)->67315K(68288K) NonClass: 58880K(59392K)->58880K(59392K) Class: 8434K(8896K)->8434K(8896K)
[97.817s][info][gc             ] GC(387) Pause Young (Mixed) (G1 Evacuation Pause) 607M->370M(764M) 34.314ms
[97.817s][info][gc,cpu         ] GC(387) User=0.56s Sys=0.00s Real=0.03s
[97.824s][info][gc,start       ] GC(388) Pause Young (Concurrent Start) (G1 Humongous Allocation)
[97.824s][info][gc,task        ] GC(388) Using 18 workers of 33 for evacuation
[97.838s][info][gc,phases      ] GC(388)   Pre Evacuate Collection Set: 0.2ms
[97.838s][info][gc,phases      ] GC(388)   Merge Heap Roots: 0.2ms
[97.838s][info][gc,phases      ] GC(388)   Evacuate Collection Set: 13.0ms
[97.838s][info][gc,phases      ] GC(388)   Post Evacuate Collection Set: 0.3ms
[97.838s][info][gc,phases      ] GC(388)   Other: 0.1ms
[97.838s][info][gc,heap        ] GC(388) Eden regions: 14->0(255)
[97.838s][info][gc,heap        ] GC(388) Survivor regions: 39->7(37)
[97.838s][info][gc,heap        ] GC(388) Old regions: 276->318
[97.838s][info][gc,heap        ] GC(388) Archive regions: 0->0
[97.838s][info][gc,heap        ] GC(388) Humongous regions: 60->60
[97.838s][info][gc,metaspace   ] GC(388) Metaspace: 67315K(68288K)->67315K(68288K) NonClass: 58880K(59392K)->58880K(59392K) Class: 8434K(8896K)->8434K(8896K)
[97.838s][info][gc             ] GC(388) Pause Young (Concurrent Start) (G1 Humongous Allocation) 384M->381M(764M) 14.101ms
[97.838s][info][gc             ] GC(389) Concurrent Mark Cycle
[97.838s][info][gc,cpu         ] GC(388) User=0.28s Sys=0.00s Real=0.02s
[97.838s][info][gc,marking     ] GC(389) Concurrent Scan Root Regions
[97.843s][info][gc,marking     ] GC(389) Concurrent Scan Root Regions 4.758ms
[97.843s][info][gc,marking     ] GC(389) Concurrent Mark
[97.843s][info][gc,marking     ] GC(389) Concurrent Mark From Roots
[97.843s][info][gc,task        ] GC(389) Using 8 workers of 8 for marking
[97.893s][info][gc,marking     ] GC(389) Concurrent Mark From Roots 50.084ms
[97.893s][info][gc,marking     ] GC(389) Concurrent Preclean
[97.893s][info][gc,marking     ] GC(389) Concurrent Preclean 0.305ms
[97.893s][info][gc,start       ] GC(389) Pause Remark
[97.896s][info][gc             ] GC(389) Pause Remark 478M->446M(764M) 2.203ms
[97.896s][info][gc,cpu         ] GC(389) User=0.00s Sys=0.00s Real=0.00s
[97.896s][info][gc,marking     ] GC(389) Concurrent Mark 52.910ms
[97.896s][info][gc,marking     ] GC(389) Concurrent Rebuild Remembered Sets and Scrub Regions
[97.942s][info][gc,marking     ] GC(389) Concurrent Rebuild Remembered Sets and Scrub Regions 45.791ms
[97.942s][info][gc,start       ] GC(389) Pause Cleanup
[97.942s][info][gc             ] GC(389) Pause Cleanup 538M->538M(764M) 0.356ms
[97.942s][info][gc,cpu         ] GC(389) User=0.00s Sys=0.00s Real=0.00s
[97.942s][info][gc,marking     ] GC(389) Concurrent Clear Claimed Marks
[97.942s][info][gc,marking     ] GC(389) Concurrent Clear Claimed Marks 0.117ms
[97.942s][info][gc,marking     ] GC(389) Concurrent Cleanup for Next Mark
[97.943s][info][gc,marking     ] GC(389) Concurrent Cleanup for Next Mark 0.534ms
[97.943s][info][gc             ] GC(389) Concurrent Mark Cycle 104.995ms
[97.980s][info][gc,start       ] GC(390) Pause Young (Prepare Mixed) (G1 Evacuation Pause)
[97.980s][info][gc,task        ] GC(390) Using 18 workers of 33 for evacuation
[98.001s][info][gc,phases      ] GC(390)   Pre Evacuate Collection Set: 0.2ms
[98.001s][info][gc,phases      ] GC(390)   Merge Heap Roots: 0.6ms
[98.001s][info][gc,phases      ] GC(390)   Evacuate Collection Set: 19.2ms
[98.001s][info][gc,phases      ] GC(390)   Post Evacuate Collection Set: 0.6ms
[98.001s][info][gc,phases      ] GC(390)   Other: 0.2ms
[98.001s][info][gc,heap        ] GC(390) Eden regions: 255->0(262)
[98.001s][info][gc,heap        ] GC(390) Survivor regions: 7->30(33)
[98.001s][info][gc,heap        ] GC(390) Old regions: 316->316
[98.001s][info][gc,heap        ] GC(390) Archive regions: 0->0
[98.001s][info][gc,heap        ] GC(390) Humongous regions: 42->42
[98.001s][info][gc,metaspace   ] GC(390) Metaspace: 67315K(68288K)->67315K(68288K) NonClass: 58880K(59392K)->58880K(59392K) Class: 8434K(8896K)->8434K(8896K)
[98.001s][info][gc             ] GC(390) Pause Young (Prepare Mixed) (G1 Evacuation Pause) 616M->384M(764M) 21.152ms
[98.002s][info][gc,cpu         ] GC(390) User=0.56s Sys=0.00s Real=0.03s
[98.147s][info][gc,start       ] GC(391) Pause Young (Mixed) (G1 Evacuation Pause)
[98.148s][info][gc,task        ] GC(391) Using 18 workers of 33 for evacuation
[98.179s][info][gc,phases      ] GC(391)   Pre Evacuate Collection Set: 0.2ms
[98.179s][info][gc,phases      ] GC(391)   Merge Heap Roots: 0.5ms
[98.179s][info][gc,phases      ] GC(391)   Evacuate Collection Set: 29.8ms
[98.179s][info][gc,phases      ] GC(391)   Post Evacuate Collection Set: 0.5ms
[98.179s][info][gc,phases      ] GC(391)   Other: 0.2ms
[98.179s][info][gc,heap        ] GC(391) Eden regions: 262->0(271)
[98.179s][info][gc,heap        ] GC(391) Survivor regions: 30->26(37)
[98.179s][info][gc,heap        ] GC(391) Old regions: 316->299
[98.179s][info][gc,heap        ] GC(391) Archive regions: 0->0
[98.179s][info][gc,heap        ] GC(391) Humongous regions: 62->62
[98.179s][info][gc,metaspace   ] GC(391) Metaspace: 67315K(68288K)->67315K(68288K) NonClass: 58880K(59392K)->58880K(59392K) Class: 8434K(8896K)->8434K(8896K)
[98.179s][info][gc             ] GC(391) Pause Young (Mixed) (G1 Evacuation Pause) 666M->382M(764M) 31.730ms
[98.179s][info][gc,cpu         ] GC(391) User=0.56s Sys=0.00s Real=0.03s
[98.312s][info][gc,start       ] GC(392) Pause Young (Concurrent Start) (G1 Evacuation Pause)
[98.312s][info][gc,task        ] GC(392) Using 18 workers of 33 for evacuation
[98.342s][info][gc,phases      ] GC(392)   Pre Evacuate Collection Set: 0.3ms
[98.342s][info][gc,phases      ] GC(392)   Merge Heap Roots: 0.2ms
[98.342s][info][gc,phases      ] GC(392)   Evacuate Collection Set: 27.6ms
[98.342s][info][gc,phases      ] GC(392)   Post Evacuate Collection Set: 1.5ms
[98.342s][info][gc,phases      ] GC(392)   Other: 0.2ms
[98.342s][info][gc,heap        ] GC(392) Eden regions: 271->0(312)
[98.342s][info][gc,heap        ] GC(392) Survivor regions: 26->24(38)
[98.342s][info][gc,heap        ] GC(392) Old regions: 299->320
[98.342s][info][gc,heap        ] GC(392) Archive regions: 0->0
[98.342s][info][gc,heap        ] GC(392) Humongous regions: 62->62
[98.342s][info][gc,metaspace   ] GC(392) Metaspace: 67315K(68288K)->67315K(68288K) NonClass: 58880K(59392K)->58880K(59392K) Class: 8434K(8896K)->8434K(8896K)
[98.342s][info][gc             ] GC(392) Pause Young (Concurrent Start) (G1 Evacuation Pause) 653M->401M(828M) 30.357ms
[98.342s][info][gc             ] GC(393) Concurrent Mark Cycle
[98.342s][info][gc,cpu         ] GC(392) User=0.28s Sys=0.00s Real=0.02s
[98.342s][info][gc,marking     ] GC(393) Concurrent Scan Root Regions
[98.347s][info][gc,marking     ] GC(393) Concurrent Scan Root Regions 5.006ms
[98.347s][info][gc,marking     ] GC(393) Concurrent Mark
[98.347s][info][gc,marking     ] GC(393) Concurrent Mark From Roots
[98.348s][info][gc,task        ] GC(393) Using 8 workers of 8 for marking
[98.419s][info][gc,marking     ] GC(393) Concurrent Mark From Roots 71.821ms
[98.419s][info][gc,marking     ] GC(393) Concurrent Preclean
[98.420s][info][gc,marking     ] GC(393) Concurrent Preclean 0.199ms
[98.420s][info][gc,start       ] GC(393) Pause Remark
[98.422s][info][gc             ] GC(393) Pause Remark 518M->498M(839M) 2.251ms
[98.422s][info][gc,cpu         ] GC(393) User=0.28s Sys=0.00s Real=0.02s
[98.422s][info][gc,marking     ] GC(393) Concurrent Mark 74.609ms
[98.422s][info][gc,marking     ] GC(393) Concurrent Rebuild Remembered Sets and Scrub Regions
[98.475s][info][gc,marking     ] GC(393) Concurrent Rebuild Remembered Sets and Scrub Regions 53.235ms
[98.476s][info][gc,start       ] GC(393) Pause Cleanup
[98.476s][info][gc             ] GC(393) Pause Cleanup 596M->596M(839M) 0.384ms
[98.476s][info][gc,cpu         ] GC(393) User=0.00s Sys=0.00s Real=0.00s
[98.476s][info][gc,marking     ] GC(393) Concurrent Clear Claimed Marks
[98.476s][info][gc,marking     ] GC(393) Concurrent Clear Claimed Marks 0.113ms
[98.476s][info][gc,marking     ] GC(393) Concurrent Cleanup for Next Mark
[98.477s][info][gc,marking     ] GC(393) Concurrent Cleanup for Next Mark 0.737ms
[98.477s][info][gc             ] GC(393) Concurrent Mark Cycle 134.571ms
[98.957s][info][gc,start       ] GC(394) Pause Young (Prepare Mixed) (G1 Evacuation Pause)
[98.957s][info][gc,task        ] GC(394) Using 20 workers of 33 for evacuation
[98.990s][info][gc,phases      ] GC(394)   Pre Evacuate Collection Set: 0.2ms
[98.990s][info][gc,phases      ] GC(394)   Merge Heap Roots: 0.6ms
[98.990s][info][gc,phases      ] GC(394)   Evacuate Collection Set: 31.0ms
[98.990s][info][gc,phases      ] GC(394)   Post Evacuate Collection Set: 0.7ms
[98.990s][info][gc,phases      ] GC(394)   Other: 0.2ms
[98.990s][info][gc,heap        ] GC(394) Eden regions: 312->0(319)
[98.990s][info][gc,heap        ] GC(394) Survivor regions: 24->40(42)
[98.990s][info][gc,heap        ] GC(394) Old regions: 320->320
[98.990s][info][gc,heap        ] GC(394) Archive regions: 0->0
[98.990s][info][gc,heap        ] GC(394) Humongous regions: 62->62
[98.990s][info][gc,metaspace   ] GC(394) Metaspace: 67316K(68288K)->67316K(68288K) NonClass: 58882K(59392K)->58882K(59392K) Class: 8434K(8896K)->8434K(8896K)
[98.990s][info][gc             ] GC(394) Pause Young (Prepare Mixed) (G1 Evacuation Pause) 713M->418M(839M) 33.300ms
[98.990s][info][gc,cpu         ] GC(394) User=0.63s Sys=0.00s Real=0.03s
[99.483s][info][gc,start       ] GC(395) Pause Young (Mixed) (G1 Evacuation Pause)
[99.483s][info][gc,task        ] GC(395) Using 20 workers of 33 for evacuation
[99.533s][info][gc,phases      ] GC(395)   Pre Evacuate Collection Set: 0.2ms
[99.533s][info][gc,phases      ] GC(395)   Merge Heap Roots: 0.5ms
[99.533s][info][gc,phases      ] GC(395)   Evacuate Collection Set: 48.6ms
[99.533s][info][gc,phases      ] GC(395)   Post Evacuate Collection Set: 0.6ms
[99.533s][info][gc,phases      ] GC(395)   Other: 0.1ms
[99.533s][info][gc,heap        ] GC(395) Eden regions: 319->0(281)
[99.533s][info][gc,heap        ] GC(395) Survivor regions: 40->45(45)
[99.533s][info][gc,heap        ] GC(395) Old regions: 320->346
[99.533s][info][gc,heap        ] GC(395) Archive regions: 0->0
[99.533s][info][gc,heap        ] GC(395) Humongous regions: 111->101
[99.533s][info][gc,metaspace   ] GC(395) Metaspace: 67421K(68416K)->67421K(68416K) NonClass: 58986K(59520K)->58986K(59520K) Class: 8434K(8896K)->8434K(8896K)
[99.533s][info][gc             ] GC(395) Pause Young (Mixed) (G1 Evacuation Pause) 786M->488M(875M) 50.331ms
[99.533s][info][gc,cpu         ] GC(395) User=0.94s Sys=0.00s Real=0.05s
[99.534s][info][gc,start       ] GC(396) Pause Young (Concurrent Start) (G1 Humongous Allocation)
[99.534s][info][gc,task        ] GC(396) Using 21 workers of 33 for evacuation
[99.551s][info][gc,phases      ] GC(396)   Pre Evacuate Collection Set: 0.2ms
[99.552s][info][gc,phases      ] GC(396)   Merge Heap Roots: 0.2ms
[99.552s][info][gc,phases      ] GC(396)   Evacuate Collection Set: 16.9ms
[99.552s][info][gc,phases      ] GC(396)   Post Evacuate Collection Set: 0.4ms
[99.552s][info][gc,phases      ] GC(396)   Other: 0.1ms
[99.552s][info][gc,heap        ] GC(396) Eden regions: 2->0(286)
[99.552s][info][gc,heap        ] GC(396) Survivor regions: 45->7(41)
[99.552s][info][gc,heap        ] GC(396) Old regions: 346->394
[99.552s][info][gc,heap        ] GC(396) Archive regions: 0->0
[99.552s][info][gc,heap        ] GC(396) Humongous regions: 101->101
[99.552s][info][gc,metaspace   ] GC(396) Metaspace: 67421K(68416K)->67421K(68416K) NonClass: 58986K(59520K)->58986K(59520K) Class: 8434K(8896K)->8434K(8896K)
[99.552s][info][gc             ] GC(396) Pause Young (Concurrent Start) (G1 Humongous Allocation) 489M->497M(875M) 17.935ms
[99.552s][info][gc             ] GC(397) Concurrent Mark Cycle
[99.552s][info][gc,cpu         ] GC(396) User=0.33s Sys=0.00s Real=0.02s
[99.552s][info][gc,marking     ] GC(397) Concurrent Scan Root Regions
[99.555s][info][gc,marking     ] GC(397) Concurrent Scan Root Regions 3.739ms
[99.556s][info][gc,marking     ] GC(397) Concurrent Mark
[99.556s][info][gc,marking     ] GC(397) Concurrent Mark From Roots
[99.556s][info][gc,task        ] GC(397) Using 8 workers of 8 for marking
[99.589s][info][gc,marking     ] GC(397) Concurrent Mark From Roots 33.233ms
[99.589s][info][gc,marking     ] GC(397) Concurrent Preclean
[99.589s][info][gc,marking     ] GC(397) Concurrent Preclean 0.174ms
[99.589s][info][gc,start       ] GC(397) Pause Remark
[99.591s][info][gc             ] GC(397) Pause Remark 530M->305M(875M) 2.223ms
[99.591s][info][gc,cpu         ] GC(397) User=0.00s Sys=0.00s Real=0.00s
[99.591s][info][gc,marking     ] GC(397) Concurrent Mark 35.956ms
[99.592s][info][gc,marking     ] GC(397) Concurrent Rebuild Remembered Sets and Scrub Regions
[99.626s][info][gc,marking     ] GC(397) Concurrent Rebuild Remembered Sets and Scrub Regions 34.795ms
[99.627s][info][gc,start       ] GC(397) Pause Cleanup
[99.627s][info][gc             ] GC(397) Pause Cleanup 329M->329M(875M) 0.280ms
[99.627s][info][gc,cpu         ] GC(397) User=0.00s Sys=0.00s Real=0.00s
[99.627s][info][gc,marking     ] GC(397) Concurrent Clear Claimed Marks
[99.627s][info][gc,marking     ] GC(397) Concurrent Clear Claimed Marks 0.101ms
[99.627s][info][gc,marking     ] GC(397) Concurrent Cleanup for Next Mark
[99.628s][info][gc,marking     ] GC(397) Concurrent Cleanup for Next Mark 0.602ms
[99.628s][info][gc             ] GC(397) Concurrent Mark Cycle 75.957ms
[99.886s][info][gc,start       ] GC(398) Pause Young (Prepare Mixed) (G1 Evacuation Pause)
[99.886s][info][gc,task        ] GC(398) Using 21 workers of 33 for evacuation
[99.917s][info][gc,phases      ] GC(398)   Pre Evacuate Collection Set: 0.2ms
[99.917s][info][gc,phases      ] GC(398)   Merge Heap Roots: 0.6ms
[99.917s][info][gc,phases      ] GC(398)   Evacuate Collection Set: 29.5ms
[99.917s][info][gc,phases      ] GC(398)   Post Evacuate Collection Set: 0.6ms
[99.917s][info][gc,phases      ] GC(398)   Other: 0.1ms
[99.917s][info][gc,heap        ] GC(398) Eden regions: 286->0(389)
[99.917s][info][gc,heap        ] GC(398) Survivor regions: 7->37(37)
[99.917s][info][gc,heap        ] GC(398) Old regions: 249->258
[99.917s][info][gc,heap        ] GC(398) Archive regions: 0->0
[99.917s][info][gc,heap        ] GC(398) Humongous regions: 59->54
[99.917s][info][gc,metaspace   ] GC(398) Metaspace: 67435K(68416K)->67435K(68416K) NonClass: 59000K(59520K)->59000K(59520K) Class: 8434K(8896K)->8434K(8896K)
[99.917s][info][gc             ] GC(398) Pause Young (Prepare Mixed) (G1 Evacuation Pause) 596M->345M(875M) 31.194ms
[99.917s][info][gc,cpu         ] GC(398) User=0.66s Sys=0.00s Real=0.03s
[100.403s][info][gc,start       ] GC(399) Pause Young (Mixed) (G1 Evacuation Pause)
[100.403s][info][gc,task        ] GC(399) Using 21 workers of 33 for evacuation
[100.435s][info][gc,phases      ] GC(399)   Pre Evacuate Collection Set: 0.2ms
[100.435s][info][gc,phases      ] GC(399)   Merge Heap Roots: 0.3ms
[100.435s][info][gc,phases      ] GC(399)   Evacuate Collection Set: 30.2ms
[100.435s][info][gc,phases      ] GC(399)   Post Evacuate Collection Set: 0.6ms
[100.435s][info][gc,phases      ] GC(399)   Other: 0.2ms
[100.435s][info][gc,heap        ] GC(399) Eden regions: 389->0(373)
[100.435s][info][gc,heap        ] GC(399) Survivor regions: 37->36(54)
[100.435s][info][gc,heap        ] GC(399) Old regions: 258->286
[100.435s][info][gc,heap        ] GC(399) Archive regions: 0->0
[100.435s][info][gc,heap        ] GC(399) Humongous regions: 63->58
[100.435s][info][gc,metaspace   ] GC(399) Metaspace: 67459K(68480K)->67459K(68480K) NonClass: 59023K(59584K)->59023K(59584K) Class: 8435K(8896K)->8435K(8896K)
[100.435s][info][gc             ] GC(399) Pause Young (Mixed) (G1 Evacuation Pause) 743M->375M(875M) 31.774ms
[100.435s][info][gc,cpu         ] GC(399) User=0.66s Sys=0.00s Real=0.03s
[100.453s][info][gc,start       ] GC(400) Pause Young (Concurrent Start) (G1 Humongous Allocation)
[100.453s][info][gc,task        ] GC(400) Using 21 workers of 33 for evacuation
[100.466s][info][gc,phases      ] GC(400)   Pre Evacuate Collection Set: 0.3ms
[100.466s][info][gc,phases      ] GC(400)   Merge Heap Roots: 0.1ms
[100.466s][info][gc,phases      ] GC(400)   Evacuate Collection Set: 11.7ms
[100.466s][info][gc,phases      ] GC(400)   Post Evacuate Collection Set: 0.4ms
[100.466s][info][gc,phases      ] GC(400)   Other: 0.1ms
[100.466s][info][gc,heap        ] GC(400) Eden regions: 43->0(361)
[100.466s][info][gc,heap        ] GC(400) Survivor regions: 36->10(52)
[100.466s][info][gc,heap        ] GC(400) Old regions: 286->321
[100.466s][info][gc,heap        ] GC(400) Archive regions: 0->0
[100.466s][info][gc,heap        ] GC(400) Humongous regions: 58->58
[100.466s][info][gc,metaspace   ] GC(400) Metaspace: 67459K(68480K)->67459K(68480K) NonClass: 59023K(59584K)->59023K(59584K) Class: 8435K(8896K)->8435K(8896K)
[100.466s][info][gc             ] GC(400) Pause Young (Concurrent Start) (G1 Humongous Allocation) 418M->385M(875M) 12.990ms
[100.466s][info][gc             ] GC(401) Concurrent Mark Cycle
[100.466s][info][gc,cpu         ] GC(400) User=0.33s Sys=0.00s Real=0.02s
[100.466s][info][gc,marking     ] GC(401) Concurrent Scan Root Regions
[100.470s][info][gc,marking     ] GC(401) Concurrent Scan Root Regions 4.311ms
[100.470s][info][gc,marking     ] GC(401) Concurrent Mark
[100.470s][info][gc,marking     ] GC(401) Concurrent Mark From Roots
[100.470s][info][gc,task        ] GC(401) Using 8 workers of 8 for marking
[100.503s][info][gc,marking     ] GC(401) Concurrent Mark From Roots 32.425ms
[100.503s][info][gc,marking     ] GC(401) Concurrent Preclean
[100.503s][info][gc,marking     ] GC(401) Concurrent Preclean 0.103ms
[100.503s][info][gc,start       ] GC(401) Pause Remark
[100.507s][info][gc             ] GC(401) Pause Remark 463M->342M(875M) 3.513ms
[100.507s][info][gc,cpu         ] GC(401) User=0.00s Sys=0.00s Real=0.00s
[100.507s][info][gc,marking     ] GC(401) Concurrent Mark 36.361ms
[100.507s][info][gc,marking     ] GC(401) Concurrent Rebuild Remembered Sets and Scrub Regions
[100.525s][info][gc,marking     ] GC(401) Concurrent Rebuild Remembered Sets and Scrub Regions 18.073ms
[100.525s][info][gc,start       ] GC(401) Pause Cleanup
[100.525s][info][gc             ] GC(401) Pause Cleanup 388M->388M(875M) 0.269ms
[100.525s][info][gc,cpu         ] GC(401) User=0.00s Sys=0.00s Real=0.00s
[100.525s][info][gc,marking     ] GC(401) Concurrent Clear Claimed Marks
[100.525s][info][gc,marking     ] GC(401) Concurrent Clear Claimed Marks 0.090ms
[100.525s][info][gc,marking     ] GC(401) Concurrent Cleanup for Next Mark
[100.526s][info][gc,marking     ] GC(401) Concurrent Cleanup for Next Mark 0.589ms
[100.526s][info][gc             ] GC(401) Concurrent Mark Cycle 60.143ms
[101.001s][info][gc,start       ] GC(402) Pause Young (Prepare Mixed) (G1 Evacuation Pause)
[101.001s][info][gc,task        ] GC(402) Using 21 workers of 33 for evacuation
[101.049s][info][gc,phases      ] GC(402)   Pre Evacuate Collection Set: 0.2ms
[101.049s][info][gc,phases      ] GC(402)   Merge Heap Roots: 0.4ms
[101.049s][info][gc,phases      ] GC(402)   Evacuate Collection Set: 46.4ms
[101.049s][info][gc,phases      ] GC(402)   Post Evacuate Collection Set: 0.6ms
[101.049s][info][gc,phases      ] GC(402)   Other: 0.1ms
[101.049s][info][gc,heap        ] GC(402) Eden regions: 343->0(365)
[101.049s][info][gc,heap        ] GC(402) Survivor regions: 10->47(47)
[101.049s][info][gc,heap        ] GC(402) Old regions: 244->247
[101.049s][info][gc,heap        ] GC(402) Archive regions: 0->0
[101.049s][info][gc,heap        ] GC(402) Humongous regions: 286->148
[101.049s][info][gc,metaspace   ] GC(402) Metaspace: 67467K(68480K)->67467K(68480K) NonClass: 59031K(59584K)->59031K(59584K) Class: 8435K(8896K)->8435K(8896K)
[101.049s][info][gc             ] GC(402) Pause Young (Prepare Mixed) (G1 Evacuation Pause) 879M->438M(933M) 48.034ms
[101.049s][info][gc,cpu         ] GC(402) User=0.98s Sys=0.00s Real=0.05s
[101.248s][info][gc,start       ] GC(403) Pause Young (Mixed) (G1 Evacuation Pause)
[101.248s][info][gc,task        ] GC(403) Using 22 workers of 33 for evacuation
[101.315s][info][gc,phases      ] GC(403)   Pre Evacuate Collection Set: 0.2ms
[101.315s][info][gc,phases      ] GC(403)   Merge Heap Roots: 0.8ms
[101.315s][info][gc,phases      ] GC(403)   Evacuate Collection Set: 64.9ms
[101.315s][info][gc,phases      ] GC(403)   Post Evacuate Collection Set: 0.6ms
[101.315s][info][gc,phases      ] GC(403)   Other: 0.2ms
[101.315s][info][gc,heap        ] GC(403) Eden regions: 365->0(387)
[101.315s][info][gc,heap        ] GC(403) Survivor regions: 47->52(52)
[101.315s][info][gc,heap        ] GC(403) Old regions: 247->271
[101.315s][info][gc,heap        ] GC(403) Archive regions: 0->0
[101.315s][info][gc,heap        ] GC(403) Humongous regions: 248->154
[101.315s][info][gc,metaspace   ] GC(403) Metaspace: 67468K(68480K)->67468K(68480K) NonClass: 59032K(59584K)->59032K(59584K) Class: 8435K(8896K)->8435K(8896K)
[101.315s][info][gc             ] GC(403) Pause Young (Mixed) (G1 Evacuation Pause) 903M->473M(1009M) 66.986ms
[101.315s][info][gc,cpu         ] GC(403) User=1.30s Sys=0.08s Real=0.06s
[101.429s][info][gc,start       ] GC(404) Pause Young (Concurrent Start) (G1 Humongous Allocation)
[101.429s][info][gc,task        ] GC(404) Using 24 workers of 33 for evacuation
[101.459s][info][gc,phases      ] GC(404)   Pre Evacuate Collection Set: 0.4ms
[101.459s][info][gc,phases      ] GC(404)   Merge Heap Roots: 0.4ms
[101.459s][info][gc,phases      ] GC(404)   Evacuate Collection Set: 28.5ms
[101.459s][info][gc,phases      ] GC(404)   Post Evacuate Collection Set: 0.5ms
[101.459s][info][gc,phases      ] GC(404)   Other: 0.1ms
[101.459s][info][gc,heap        ] GC(404) Eden regions: 257->0(409)
[101.459s][info][gc,heap        ] GC(404) Survivor regions: 52->1(55)
[101.459s][info][gc,heap        ] GC(404) Old regions: 271->325
[101.459s][info][gc,heap        ] GC(404) Archive regions: 0->0
[101.459s][info][gc,heap        ] GC(404) Humongous regions: 154->154
[101.459s][info][gc,metaspace   ] GC(404) Metaspace: 67468K(68480K)->67468K(68480K) NonClass: 59032K(59584K)->59032K(59584K) Class: 8435K(8896K)->8435K(8896K)
[101.459s][info][gc             ] GC(404) Pause Young (Concurrent Start) (G1 Humongous Allocation) 730M->476M(1012M) 30.138ms
[101.459s][info][gc             ] GC(405) Concurrent Mark Cycle
[101.459s][info][gc,cpu         ] GC(404) User=0.38s Sys=0.00s Real=0.02s
[101.459s][info][gc,marking     ] GC(405) Concurrent Scan Root Regions
[101.463s][info][gc,marking     ] GC(405) Concurrent Scan Root Regions 3.985ms
[101.463s][info][gc,marking     ] GC(405) Concurrent Mark
[101.463s][info][gc,marking     ] GC(405) Concurrent Mark From Roots
[101.463s][info][gc,task        ] GC(405) Using 8 workers of 8 for marking
[101.495s][info][gc,marking     ] GC(405) Concurrent Mark From Roots 31.858ms
[101.495s][info][gc,marking     ] GC(405) Concurrent Preclean
[101.495s][info][gc,marking     ] GC(405) Concurrent Preclean 0.248ms
[101.495s][info][gc,start       ] GC(405) Pause Remark
[101.498s][info][gc             ] GC(405) Pause Remark 520M->346M(1012M) 2.439ms
[101.498s][info][gc,cpu         ] GC(405) User=0.00s Sys=0.00s Real=0.00s
[101.498s][info][gc,marking     ] GC(405) Concurrent Mark 34.874ms
[101.498s][info][gc,marking     ] GC(405) Concurrent Rebuild Remembered Sets and Scrub Regions
[101.517s][info][gc,marking     ] GC(405) Concurrent Rebuild Remembered Sets and Scrub Regions 18.992ms
[101.517s][info][gc,start       ] GC(405) Pause Cleanup
[101.518s][info][gc             ] GC(405) Pause Cleanup 375M->375M(1012M) 0.331ms
[101.518s][info][gc,cpu         ] GC(405) User=0.00s Sys=0.00s Real=0.00s
[101.518s][info][gc,marking     ] GC(405) Concurrent Clear Claimed Marks
[101.518s][info][gc,marking     ] GC(405) Concurrent Clear Claimed Marks 0.090ms
[101.518s][info][gc,marking     ] GC(405) Concurrent Cleanup for Next Mark
[101.519s][info][gc,marking     ] GC(405) Concurrent Cleanup for Next Mark 0.909ms
[101.519s][info][gc             ] GC(405) Concurrent Mark Cycle 59.609ms
[101.596s][info][gc,start       ] GC(406) Pause Full (System.gc())
[101.733s][info][gc,task        ] GC(406) Using 24 workers of 33 for full compaction
[101.734s][info][gc,phases,start] GC(406) Phase 1: Mark live objects
[101.770s][info][gc,phases      ] GC(406) Phase 1: Mark live objects 35.766ms
[101.770s][info][gc,phases,start] GC(406) Phase 2: Prepare compaction
[101.774s][info][gc,phases      ] GC(406) Phase 2: Prepare compaction 4.446ms
[101.774s][info][gc,phases,start] GC(406) Phase 3: Adjust pointers
[101.785s][info][gc,phases      ] GC(406) Phase 3: Adjust pointers 11.070ms
[101.785s][info][gc,phases,start] GC(406) Phase 4: Compact heap
[101.786s][info][gc,phases      ] GC(406) Phase 4: Compact heap 0.555ms
[101.798s][info][gc,heap        ] GC(406) Eden regions: 185->0(298)
[101.798s][info][gc,heap        ] GC(406) Survivor regions: 1->0(55)
[101.798s][info][gc,heap        ] GC(406) Old regions: 284->156
[101.798s][info][gc,heap        ] GC(406) Archive regions: 0->0
[101.798s][info][gc,heap        ] GC(406) Humongous regions: 24->10
[101.798s][info][gc,metaspace   ] GC(406) Metaspace: 67468K(68480K)->67468K(68480K) NonClass: 59032K(59584K)->59032K(59584K) Class: 8435K(8896K)->8435K(8896K)
[101.798s][info][gc             ] GC(406) Pause Full (System.gc()) 490M->148M(554M) 202.205ms
[101.798s][info][gc,cpu         ] GC(406) User=1.36s Sys=0.02s Real=0.20s
[101.833s][info][gc,start       ] GC(407) Pause Young (Concurrent Start) (G1 Humongous Allocation)
[101.833s][info][gc,task        ] GC(407) Using 18 workers of 33 for evacuation
[101.835s][info][gc,phases      ] GC(407)   Pre Evacuate Collection Set: 0.3ms
[101.835s][info][gc,phases      ] GC(407)   Merge Heap Roots: 0.1ms
[101.835s][info][gc,phases      ] GC(407)   Evacuate Collection Set: 1.0ms
[101.835s][info][gc,phases      ] GC(407)   Post Evacuate Collection Set: 0.6ms
[101.835s][info][gc,phases      ] GC(407)   Other: 0.1ms
[101.835s][info][gc,heap        ] GC(407) Eden regions: 17->0(311)
[101.835s][info][gc,heap        ] GC(407) Survivor regions: 0->3(38)
[101.835s][info][gc,heap        ] GC(407) Old regions: 156->156
[101.835s][info][gc,heap        ] GC(407) Archive regions: 0->0
[101.835s][info][gc,heap        ] GC(407) Humongous regions: 10->10
[101.835s][info][gc,metaspace   ] GC(407) Metaspace: 67470K(68480K)->67470K(68480K) NonClass: 59035K(59584K)->59035K(59584K) Class: 8435K(8896K)->8435K(8896K)
[101.835s][info][gc             ] GC(407) Pause Young (Concurrent Start) (G1 Humongous Allocation) 165M->150M(554M) 2.544ms
[101.835s][info][gc             ] GC(408) Concurrent Mark Cycle
[101.835s][info][gc,cpu         ] GC(407) User=0.02s Sys=0.00s Real=0.02s
[101.835s][info][gc,marking     ] GC(408) Concurrent Scan Root Regions
[101.837s][info][gc,marking     ] GC(408) Concurrent Scan Root Regions 1.235ms
[101.837s][info][gc,marking     ] GC(408) Concurrent Mark
[101.837s][info][gc,marking     ] GC(408) Concurrent Mark From Roots
[101.837s][info][gc,task        ] GC(408) Using 8 workers of 8 for marking
[101.882s][info][gc,marking     ] GC(408) Concurrent Mark From Roots 45.484ms
[101.882s][info][gc,marking     ] GC(408) Concurrent Preclean
[101.883s][info][gc,marking     ] GC(408) Concurrent Preclean 0.235ms
[101.883s][info][gc,start       ] GC(408) Pause Remark
[101.885s][info][gc             ] GC(408) Pause Remark 179M->179M(554M) 2.250ms
[101.885s][info][gc,cpu         ] GC(408) User=0.00s Sys=0.00s Real=0.00s
[101.885s][info][gc,marking     ] GC(408) Concurrent Mark 48.403ms
[101.885s][info][gc,marking     ] GC(408) Concurrent Rebuild Remembered Sets and Scrub Regions
[101.898s][info][gc,marking     ] GC(408) Concurrent Rebuild Remembered Sets and Scrub Regions 13.139ms
[101.911s][info][gc,start       ] GC(408) Pause Cleanup
[101.911s][info][gc             ] GC(408) Pause Cleanup 198M->198M(554M) 0.241ms
[101.911s][info][gc,cpu         ] GC(408) User=0.00s Sys=0.00s Real=0.00s
[101.911s][info][gc,marking     ] GC(408) Concurrent Clear Claimed Marks
[101.911s][info][gc,marking     ] GC(408) Concurrent Clear Claimed Marks 0.112ms
[101.911s][info][gc,marking     ] GC(408) Concurrent Cleanup for Next Mark
[101.912s][info][gc,marking     ] GC(408) Concurrent Cleanup for Next Mark 0.444ms
[101.912s][info][gc             ] GC(408) Concurrent Mark Cycle 76.382ms
[102.058s][info][gc,start       ] GC(409) Pause Young (Prepare Mixed) (G1 Evacuation Pause)
[102.058s][info][gc,task        ] GC(409) Using 15 workers of 33 for evacuation
[102.088s][info][gc,phases      ] GC(409)   Pre Evacuate Collection Set: 0.2ms
[102.088s][info][gc,phases      ] GC(409)   Merge Heap Roots: 0.2ms
[102.088s][info][gc,phases      ] GC(409)   Evacuate Collection Set: 29.6ms
[102.088s][info][gc,phases      ] GC(409)   Post Evacuate Collection Set: 0.6ms
[102.088s][info][gc,phases      ] GC(409)   Other: 0.1ms
[102.088s][info][gc,heap        ] GC(409) Eden regions: 311->0(221)
[102.088s][info][gc,heap        ] GC(409) Survivor regions: 3->40(40)
[102.089s][info][gc,heap        ] GC(409) Old regions: 156->199
[102.089s][info][gc,heap        ] GC(409) Archive regions: 0->0
[102.089s][info][gc,heap        ] GC(409) Humongous regions: 43->38
[102.089s][info][gc,metaspace   ] GC(409) Metaspace: 67482K(68480K)->67482K(68480K) NonClass: 59046K(59584K)->59046K(59584K) Class: 8435K(8896K)->8435K(8896K)
[102.089s][info][gc             ] GC(409) Pause Young (Prepare Mixed) (G1 Evacuation Pause) 494M->259M(596M) 31.113ms
[102.089s][info][gc,cpu         ] GC(409) User=0.45s Sys=0.02s Real=0.03s
[102.203s][info][gc,start       ] GC(410) Pause Young (Mixed) (G1 Evacuation Pause)
[102.203s][info][gc,task        ] GC(410) Using 14 workers of 33 for evacuation
[102.238s][info][gc,phases      ] GC(410)   Pre Evacuate Collection Set: 0.2ms
[102.239s][info][gc,phases      ] GC(410)   Merge Heap Roots: 0.4ms
[102.239s][info][gc,phases      ] GC(410)   Evacuate Collection Set: 34.3ms
[102.239s][info][gc,phases      ] GC(410)   Post Evacuate Collection Set: 0.4ms
[102.239s][info][gc,phases      ] GC(410)   Other: 0.2ms
[102.239s][info][gc,heap        ] GC(410) Eden regions: 221->0(193)
[102.239s][info][gc,heap        ] GC(410) Survivor regions: 40->28(33)
[102.239s][info][gc,heap        ] GC(410) Old regions: 199->241
[102.239s][info][gc,heap        ] GC(410) Archive regions: 0->0
[102.239s][info][gc,heap        ] GC(410) Humongous regions: 58->58
[102.239s][info][gc,metaspace   ] GC(410) Metaspace: 67482K(68480K)->67482K(68480K) NonClass: 59046K(59584K)->59046K(59584K) Class: 8435K(8896K)->8435K(8896K)
[102.239s][info][gc             ] GC(410) Pause Young (Mixed) (G1 Evacuation Pause) 500M->311M(596M) 35.733ms
[102.239s][info][gc,cpu         ] GC(410) User=0.44s Sys=0.00s Real=0.03s
[102.329s][info][gc,start       ] GC(411) Pause Young (Concurrent Start) (G1 Humongous Allocation)
[102.329s][info][gc,task        ] GC(411) Using 14 workers of 33 for evacuation
[102.353s][info][gc,phases      ] GC(411)   Pre Evacuate Collection Set: 0.3ms
[102.353s][info][gc,phases      ] GC(411)   Merge Heap Roots: 0.2ms
[102.353s][info][gc,phases      ] GC(411)   Evacuate Collection Set: 23.1ms
[102.353s][info][gc,phases      ] GC(411)   Post Evacuate Collection Set: 0.4ms
[102.353s][info][gc,phases      ] GC(411)   Other: 0.1ms
[102.353s][info][gc,heap        ] GC(411) Eden regions: 173->0(186)
[102.353s][info][gc,heap        ] GC(411) Survivor regions: 28->20(28)
[102.353s][info][gc,heap        ] GC(411) Old regions: 241->267
[102.353s][info][gc,heap        ] GC(411) Archive regions: 0->0
[102.353s][info][gc,heap        ] GC(411) Humongous regions: 58->58
[102.353s][info][gc,metaspace   ] GC(411) Metaspace: 67482K(68480K)->67482K(68480K) NonClass: 59046K(59584K)->59046K(59584K) Class: 8435K(8896K)->8435K(8896K)
[102.354s][info][gc             ] GC(411) Pause Young (Concurrent Start) (G1 Humongous Allocation) 484M->330M(596M) 24.329ms
[102.354s][info][gc             ] GC(412) Concurrent Mark Cycle
[102.354s][info][gc,cpu         ] GC(411) User=0.44s Sys=0.00s Real=0.03s
[102.354s][info][gc,marking     ] GC(412) Concurrent Scan Root Regions
[102.358s][info][gc,marking     ] GC(412) Concurrent Scan Root Regions 4.341ms
[102.358s][info][gc,marking     ] GC(412) Concurrent Mark
[102.358s][info][gc,marking     ] GC(412) Concurrent Mark From Roots
[102.358s][info][gc,task        ] GC(412) Using 8 workers of 8 for marking
[102.415s][info][gc,marking     ] GC(412) Concurrent Mark From Roots 56.509ms
[102.415s][info][gc,marking     ] GC(412) Concurrent Preclean
[102.415s][info][gc,marking     ] GC(412) Concurrent Preclean 0.229ms
[102.415s][info][gc,start       ] GC(412) Pause Remark
[102.421s][info][gc             ] GC(412) Pause Remark 412M->388M(674M) 5.999ms
[102.421s][info][gc,cpu         ] GC(412) User=0.00s Sys=0.00s Real=0.00s
[102.421s][info][gc,marking     ] GC(412) Concurrent Mark 63.139ms
[102.421s][info][gc,marking     ] GC(412) Concurrent Rebuild Remembered Sets and Scrub Regions
[102.466s][info][gc,marking     ] GC(412) Concurrent Rebuild Remembered Sets and Scrub Regions 44.308ms
[102.466s][info][gc,start       ] GC(412) Pause Cleanup
[102.466s][info][gc             ] GC(412) Pause Cleanup 436M->436M(674M) 0.245ms
[102.466s][info][gc,cpu         ] GC(412) User=0.00s Sys=0.00s Real=0.00s
[102.466s][info][gc,marking     ] GC(412) Concurrent Clear Claimed Marks
[102.466s][info][gc,marking     ] GC(412) Concurrent Clear Claimed Marks 0.114ms
[102.466s][info][gc,marking     ] GC(412) Concurrent Cleanup for Next Mark
[102.467s][info][gc,marking     ] GC(412) Concurrent Cleanup for Next Mark 0.694ms
[102.467s][info][gc             ] GC(412) Concurrent Mark Cycle 113.361ms
[102.513s][info][gc,start       ] GC(413) Pause Young (Prepare Mixed) (G1 Evacuation Pause)
[102.513s][info][gc,task        ] GC(413) Using 16 workers of 33 for evacuation
[102.537s][info][gc,phases      ] GC(413)   Pre Evacuate Collection Set: 0.2ms
[102.537s][info][gc,phases      ] GC(413)   Merge Heap Roots: 0.7ms
[102.537s][info][gc,phases      ] GC(413)   Evacuate Collection Set: 22.1ms
[102.537s][info][gc,phases      ] GC(413)   Post Evacuate Collection Set: 0.5ms
[102.537s][info][gc,phases      ] GC(413)   Other: 0.2ms
[102.537s][info][gc,heap        ] GC(413) Eden regions: 186->0(242)
[102.537s][info][gc,heap        ] GC(413) Survivor regions: 20->17(26)
[102.537s][info][gc,heap        ] GC(413) Old regions: 267->285
[102.537s][info][gc,heap        ] GC(413) Archive regions: 0->0
[102.537s][info][gc,heap        ] GC(413) Humongous regions: 49->49
[102.537s][info][gc,metaspace   ] GC(413) Metaspace: 67482K(68480K)->67482K(68480K) NonClass: 59046K(59584K)->59046K(59584K) Class: 8435K(8896K)->8435K(8896K)
[102.537s][info][gc             ] GC(413) Pause Young (Prepare Mixed) (G1 Evacuation Pause) 507M->336M(674M) 24.193ms
[102.537s][info][gc,cpu         ] GC(413) User=0.25s Sys=0.00s Real=0.02s
[102.681s][info][gc,start       ] GC(414) Pause Young (Mixed) (G1 Evacuation Pause)
[102.681s][info][gc,task        ] GC(414) Using 16 workers of 33 for evacuation
[102.701s][info][gc,phases      ] GC(414)   Pre Evacuate Collection Set: 0.2ms
[102.701s][info][gc,phases      ] GC(414)   Merge Heap Roots: 0.2ms
[102.701s][info][gc,phases      ] GC(414)   Evacuate Collection Set: 18.1ms
[102.701s][info][gc,phases      ] GC(414)   Post Evacuate Collection Set: 1.2ms
[102.701s][info][gc,phases      ] GC(414)   Other: 0.2ms
[102.701s][info][gc,heap        ] GC(414) Eden regions: 242->0(314)
[102.701s][info][gc,heap        ] GC(414) Survivor regions: 17->31(33)
[102.701s][info][gc,heap        ] GC(414) Old regions: 285->283
[102.701s][info][gc,heap        ] GC(414) Archive regions: 0->0
[102.701s][info][gc,heap        ] GC(414) Humongous regions: 49->49
[102.701s][info][gc,metaspace   ] GC(414) Metaspace: 67482K(68480K)->67482K(68480K) NonClass: 59046K(59584K)->59046K(59584K) Class: 8435K(8896K)->8435K(8896K)
[102.701s][info][gc             ] GC(414) Pause Young (Mixed) (G1 Evacuation Pause) 578M->353M(767M) 20.212ms
[102.702s][info][gc,cpu         ] GC(414) User=0.25s Sys=0.00s Real=0.02s
[102.866s][info][gc,start       ] GC(415) Pause Young (Concurrent Start) (G1 Humongous Allocation)
[102.866s][info][gc,task        ] GC(415) Using 18 workers of 33 for evacuation
[102.892s][info][gc,phases      ] GC(415)   Pre Evacuate Collection Set: 0.3ms
[102.892s][info][gc,phases      ] GC(415)   Merge Heap Roots: 0.2ms
[102.892s][info][gc,phases      ] GC(415)   Evacuate Collection Set: 24.4ms
[102.892s][info][gc,phases      ] GC(415)   Post Evacuate Collection Set: 0.6ms
[102.892s][info][gc,phases      ] GC(415)   Other: 0.2ms
[102.892s][info][gc,heap        ] GC(415) Eden regions: 284->0(309)
[102.892s][info][gc,heap        ] GC(415) Survivor regions: 31->35(44)
[102.892s][info][gc,heap        ] GC(415) Old regions: 283->295
[102.892s][info][gc,heap        ] GC(415) Archive regions: 0->0
[102.892s][info][gc,heap        ] GC(415) Humongous regions: 49->49
[102.892s][info][gc,metaspace   ] GC(415) Metaspace: 67482K(68480K)->67482K(68480K) NonClass: 59046K(59584K)->59046K(59584K) Class: 8435K(8896K)->8435K(8896K)
[102.892s][info][gc             ] GC(415) Pause Young (Concurrent Start) (G1 Humongous Allocation) 637M->368M(767M) 26.277ms
[102.892s][info][gc             ] GC(416) Concurrent Mark Cycle
[102.892s][info][gc,cpu         ] GC(415) User=0.56s Sys=0.00s Real=0.03s
[102.892s][info][gc,marking     ] GC(416) Concurrent Scan Root Regions
[102.898s][info][gc,marking     ] GC(416) Concurrent Scan Root Regions 5.892ms
[102.898s][info][gc,marking     ] GC(416) Concurrent Mark
[102.898s][info][gc,marking     ] GC(416) Concurrent Mark From Roots
[102.898s][info][gc,task        ] GC(416) Using 8 workers of 8 for marking
[102.958s][info][gc,marking     ] GC(416) Concurrent Mark From Roots 59.886ms
[102.958s][info][gc,marking     ] GC(416) Concurrent Preclean
[102.958s][info][gc,marking     ] GC(416) Concurrent Preclean 0.178ms
[102.959s][info][gc,start       ] GC(416) Pause Remark
[102.968s][info][gc             ] GC(416) Pause Remark 448M->432M(767M) 9.626ms
[102.968s][info][gc,cpu         ] GC(416) User=0.00s Sys=0.00s Real=0.00s
[102.968s][info][gc,marking     ] GC(416) Concurrent Mark 70.008ms
[102.968s][info][gc,marking     ] GC(416) Concurrent Rebuild Remembered Sets and Scrub Regions
[103.011s][info][gc,marking     ] GC(416) Concurrent Rebuild Remembered Sets and Scrub Regions 42.682ms
[103.011s][info][gc,start       ] GC(416) Pause Cleanup
[103.012s][info][gc             ] GC(416) Pause Cleanup 461M->461M(767M) 0.345ms
[103.012s][info][gc,cpu         ] GC(416) User=0.00s Sys=0.00s Real=0.00s
[103.012s][info][gc,marking     ] GC(416) Concurrent Clear Claimed Marks
[103.012s][info][gc,marking     ] GC(416) Concurrent Clear Claimed Marks 0.109ms
[103.012s][info][gc,marking     ] GC(416) Concurrent Cleanup for Next Mark
[103.012s][info][gc,marking     ] GC(416) Concurrent Cleanup for Next Mark 0.691ms
[103.013s][info][gc             ] GC(416) Concurrent Mark Cycle 120.241ms
[103.416s][info][gc,start       ] GC(417) Pause Young (Prepare Mixed) (G1 Evacuation Pause)
[103.416s][info][gc,task        ] GC(417) Using 18 workers of 33 for evacuation
[103.450s][info][gc,phases      ] GC(417)   Pre Evacuate Collection Set: 0.2ms
[103.450s][info][gc,phases      ] GC(417)   Merge Heap Roots: 0.5ms
[103.450s][info][gc,phases      ] GC(417)   Evacuate Collection Set: 32.0ms
[103.450s][info][gc,phases      ] GC(417)   Post Evacuate Collection Set: 0.9ms
[103.450s][info][gc,phases      ] GC(417)   Other: 0.2ms
[103.450s][info][gc,heap        ] GC(417) Eden regions: 309->0(298)
[103.450s][info][gc,heap        ] GC(417) Survivor regions: 35->34(43)
[103.450s][info][gc,heap        ] GC(417) Old regions: 291->305
[103.451s][info][gc,heap        ] GC(417) Archive regions: 0->0
[103.451s][info][gc,heap        ] GC(417) Humongous regions: 57->57
[103.451s][info][gc,metaspace   ] GC(417) Metaspace: 67484K(68480K)->67484K(68480K) NonClass: 59048K(59584K)->59048K(59584K) Class: 8435K(8896K)->8435K(8896K)
[103.451s][info][gc             ] GC(417) Pause Young (Prepare Mixed) (G1 Evacuation Pause) 681M->385M(767M) 34.359ms
[103.451s][info][gc,cpu         ] GC(417) User=0.56s Sys=0.00s Real=0.03s
[104.466s][info][gc,start       ] GC(418) Pause Young (Mixed) (G1 Evacuation Pause)
[104.466s][info][gc,task        ] GC(418) Using 18 workers of 33 for evacuation
[104.512s][info][gc,phases      ] GC(418)   Pre Evacuate Collection Set: 0.2ms
[104.513s][info][gc,phases      ] GC(418)   Merge Heap Roots: 0.5ms
[104.513s][info][gc,phases      ] GC(418)   Evacuate Collection Set: 45.1ms
[104.513s][info][gc,phases      ] GC(418)   Post Evacuate Collection Set: 0.6ms
[104.513s][info][gc,phases      ] GC(418)   Other: 0.2ms
[104.513s][info][gc,heap        ] GC(418) Eden regions: 298->0(268)
[104.513s][info][gc,heap        ] GC(418) Survivor regions: 34->42(42)
[104.513s][info][gc,heap        ] GC(418) Old regions: 305->312
[104.513s][info][gc,heap        ] GC(418) Archive regions: 0->0
[104.513s][info][gc,heap        ] GC(418) Humongous regions: 91->86
[104.513s][info][gc,metaspace   ] GC(418) Metaspace: 67490K(68480K)->67490K(68480K) NonClass: 59054K(59584K)->59054K(59584K) Class: 8435K(8896K)->8435K(8896K)
[104.513s][info][gc             ] GC(418) Pause Young (Mixed) (G1 Evacuation Pause) 717M->436M(790M) 46.878ms
[104.513s][info][gc,cpu         ] GC(418) User=0.80s Sys=0.05s Real=0.05s
[104.618s][info][gc,start       ] GC(419) Pause Young (Concurrent Start) (G1 Humongous Allocation)
[104.618s][info][gc,task        ] GC(419) Using 18 workers of 33 for evacuation
[104.650s][info][gc,phases      ] GC(419)   Pre Evacuate Collection Set: 0.3ms
[104.651s][info][gc,phases      ] GC(419)   Merge Heap Roots: 0.2ms
[104.651s][info][gc,phases      ] GC(419)   Evacuate Collection Set: 31.4ms
[104.651s][info][gc,phases      ] GC(419)   Post Evacuate Collection Set: 0.4ms
[104.651s][info][gc,phases      ] GC(419)   Other: 0.1ms
[104.651s][info][gc,heap        ] GC(419) Eden regions: 86->0(259)
[104.651s][info][gc,heap        ] GC(419) Survivor regions: 42->19(39)
[104.651s][info][gc,heap        ] GC(419) Old regions: 312->351
[104.651s][info][gc,heap        ] GC(419) Archive regions: 0->0
[104.651s][info][gc,heap        ] GC(419) Humongous regions: 86->86
[104.651s][info][gc,metaspace   ] GC(419) Metaspace: 67490K(68480K)->67490K(68480K) NonClass: 59054K(59584K)->59054K(59584K) Class: 8435K(8896K)->8435K(8896K)
[104.651s][info][gc             ] GC(419) Pause Young (Concurrent Start) (G1 Humongous Allocation) 522M->452M(790M) 32.611ms
[104.651s][info][gc             ] GC(420) Concurrent Mark Cycle
[104.651s][info][gc,cpu         ] GC(419) User=0.56s Sys=0.00s Real=0.03s
[104.651s][info][gc,marking     ] GC(420) Concurrent Scan Root Regions
[104.657s][info][gc,marking     ] GC(420) Concurrent Scan Root Regions 5.813ms
[104.657s][info][gc,marking     ] GC(420) Concurrent Mark
[104.657s][info][gc,marking     ] GC(420) Concurrent Mark From Roots
[104.657s][info][gc,task        ] GC(420) Using 8 workers of 8 for marking
[104.688s][info][gc,marking     ] GC(420) Concurrent Mark From Roots 31.083ms
[104.688s][info][gc,marking     ] GC(420) Concurrent Preclean
[104.688s][info][gc,marking     ] GC(420) Concurrent Preclean 0.177ms
[104.688s][info][gc,start       ] GC(420) Pause Remark
[104.690s][info][gc             ] GC(420) Pause Remark 515M->312M(790M) 2.075ms
[104.690s][info][gc,cpu         ] GC(420) User=0.00s Sys=0.00s Real=0.00s
[104.690s][info][gc,marking     ] GC(420) Concurrent Mark 33.653ms
[104.690s][info][gc,marking     ] GC(420) Concurrent Rebuild Remembered Sets and Scrub Regions
[104.710s][info][gc,marking     ] GC(420) Concurrent Rebuild Remembered Sets and Scrub Regions 19.347ms
[104.710s][info][gc,start       ] GC(420) Pause Cleanup
[104.710s][info][gc             ] GC(420) Pause Cleanup 353M->353M(790M) 0.219ms
[104.710s][info][gc,cpu         ] GC(420) User=0.00s Sys=0.00s Real=0.00s
[104.710s][info][gc,marking     ] GC(420) Concurrent Clear Claimed Marks
[104.710s][info][gc,marking     ] GC(420) Concurrent Clear Claimed Marks 0.085ms
[104.710s][info][gc,marking     ] GC(420) Concurrent Cleanup for Next Mark
[104.711s][info][gc,marking     ] GC(420) Concurrent Cleanup for Next Mark 0.554ms
[104.711s][info][gc             ] GC(420) Concurrent Mark Cycle 60.104ms
[104.789s][info][gc,start       ] GC(421) Pause Young (Prepare Mixed) (G1 Evacuation Pause)
[104.789s][info][gc,task        ] GC(421) Using 18 workers of 33 for evacuation
[104.821s][info][gc,phases      ] GC(421)   Pre Evacuate Collection Set: 0.2ms
[104.821s][info][gc,phases      ] GC(421)   Merge Heap Roots: 0.3ms
[104.821s][info][gc,phases      ] GC(421)   Evacuate Collection Set: 31.0ms
[104.821s][info][gc,phases      ] GC(421)   Post Evacuate Collection Set: 0.5ms
[104.821s][info][gc,phases      ] GC(421)   Other: 0.2ms
[104.821s][info][gc,heap        ] GC(421) Eden regions: 259->0(311)
[104.821s][info][gc,heap        ] GC(421) Survivor regions: 19->35(35)
[104.821s][info][gc,heap        ] GC(421) Old regions: 212->268
[104.821s][info][gc,heap        ] GC(421) Archive regions: 0->0
[104.821s][info][gc,heap        ] GC(421) Humongous regions: 47->47
[104.821s][info][gc,metaspace   ] GC(421) Metaspace: 67490K(68480K)->67490K(68480K) NonClass: 59054K(59584K)->59054K(59584K) Class: 8435K(8896K)->8435K(8896K)
[104.821s][info][gc             ] GC(421) Pause Young (Prepare Mixed) (G1 Evacuation Pause) 533M->346M(790M) 32.714ms
[104.821s][info][gc,cpu         ] GC(421) User=0.56s Sys=0.00s Real=0.03s
[104.974s][info][gc,start       ] GC(422) Pause Young (Mixed) (G1 Evacuation Pause)
[104.974s][info][gc,task        ] GC(422) Using 18 workers of 33 for evacuation
[105.009s][info][gc,phases      ] GC(422)   Pre Evacuate Collection Set: 0.2ms
[105.009s][info][gc,phases      ] GC(422)   Merge Heap Roots: 0.4ms
[105.009s][info][gc,phases      ] GC(422)   Evacuate Collection Set: 34.2ms
[105.009s][info][gc,phases      ] GC(422)   Post Evacuate Collection Set: 0.4ms
[105.009s][info][gc,phases      ] GC(422)   Other: 0.2ms
[105.009s][info][gc,heap        ] GC(422) Eden regions: 311->0(267)
[105.009s][info][gc,heap        ] GC(422) Survivor regions: 35->38(44)
[105.009s][info][gc,heap        ] GC(422) Old regions: 268->302
[105.009s][info][gc,heap        ] GC(422) Archive regions: 0->0
[105.009s][info][gc,heap        ] GC(422) Humongous regions: 70->70
[105.009s][info][gc,metaspace   ] GC(422) Metaspace: 67490K(68480K)->67490K(68480K) NonClass: 59054K(59584K)->59054K(59584K) Class: 8435K(8896K)->8435K(8896K)
[105.009s][info][gc             ] GC(422) Pause Young (Mixed) (G1 Evacuation Pause) 680M->406M(790M) 35.677ms
[105.009s][info][gc,cpu         ] GC(422) User=0.56s Sys=0.00s Real=0.03s
[105.080s][info][gc,start       ] GC(423) Pause Young (Concurrent Start) (G1 Humongous Allocation)
[105.080s][info][gc,task        ] GC(423) Using 18 workers of 33 for evacuation
[105.106s][info][gc,phases      ] GC(423)   Pre Evacuate Collection Set: 0.3ms
[105.106s][info][gc,phases      ] GC(423)   Merge Heap Roots: 0.2ms
[105.106s][info][gc,phases      ] GC(423)   Evacuate Collection Set: 24.0ms
[105.106s][info][gc,phases      ] GC(423)   Post Evacuate Collection Set: 0.4ms
[105.106s][info][gc,phases      ] GC(423)   Other: 0.2ms
[105.106s][info][gc,heap        ] GC(423) Eden regions: 134->0(264)
[105.106s][info][gc,heap        ] GC(423) Survivor regions: 38->17(39)
[105.106s][info][gc,heap        ] GC(423) Old regions: 302->338
[105.106s][info][gc,heap        ] GC(423) Archive regions: 0->0
[105.106s][info][gc,heap        ] GC(423) Humongous regions: 70->70
[105.106s][info][gc,metaspace   ] GC(423) Metaspace: 67490K(68480K)->67490K(68480K) NonClass: 59054K(59584K)->59054K(59584K) Class: 8435K(8896K)->8435K(8896K)
[105.106s][info][gc             ] GC(423) Pause Young (Concurrent Start) (G1 Humongous Allocation) 540M->421M(790M) 25.465ms
[105.106s][info][gc             ] GC(424) Concurrent Mark Cycle
[105.106s][info][gc,cpu         ] GC(423) User=0.30s Sys=0.00s Real=0.03s
[105.106s][info][gc,marking     ] GC(424) Concurrent Scan Root Regions
[105.111s][info][gc,marking     ] GC(424) Concurrent Scan Root Regions 5.313ms
[105.111s][info][gc,marking     ] GC(424) Concurrent Mark
[105.111s][info][gc,marking     ] GC(424) Concurrent Mark From Roots
[105.111s][info][gc,task        ] GC(424) Using 8 workers of 8 for marking
[105.166s][info][gc,marking     ] GC(424) Concurrent Mark From Roots 55.132ms
[105.166s][info][gc,marking     ] GC(424) Concurrent Preclean
[105.167s][info][gc,marking     ] GC(424) Concurrent Preclean 0.165ms
[105.167s][info][gc,start       ] GC(424) Pause Remark
[105.174s][info][gc             ] GC(424) Pause Remark 526M->490M(825M) 7.090ms
[105.174s][info][gc,cpu         ] GC(424) User=0.28s Sys=0.00s Real=0.02s
[105.174s][info][gc,marking     ] GC(424) Concurrent Mark 62.730ms
[105.174s][info][gc,marking     ] GC(424) Concurrent Rebuild Remembered Sets and Scrub Regions
[105.221s][info][gc,marking     ] GC(424) Concurrent Rebuild Remembered Sets and Scrub Regions 47.418ms
[105.222s][info][gc,start       ] GC(424) Pause Cleanup
[105.222s][info][gc             ] GC(424) Pause Cleanup 568M->568M(825M) 0.351ms
[105.222s][info][gc,cpu         ] GC(424) User=0.00s Sys=0.00s Real=0.00s
[105.222s][info][gc,marking     ] GC(424) Concurrent Clear Claimed Marks
[105.222s][info][gc,marking     ] GC(424) Concurrent Clear Claimed Marks 0.097ms
[105.222s][info][gc,marking     ] GC(424) Concurrent Cleanup for Next Mark
[105.223s][info][gc,marking     ] GC(424) Concurrent Cleanup for Next Mark 0.686ms
[105.223s][info][gc             ] GC(424) Concurrent Mark Cycle 117.131ms
[105.275s][info][gc,start       ] GC(425) Pause Young (Prepare Mixed) (G1 Evacuation Pause)
[105.275s][info][gc,task        ] GC(425) Using 19 workers of 33 for evacuation
[105.298s][info][gc,phases      ] GC(425)   Pre Evacuate Collection Set: 0.2ms
[105.298s][info][gc,phases      ] GC(425)   Merge Heap Roots: 0.7ms
[105.298s][info][gc,phases      ] GC(425)   Evacuate Collection Set: 21.8ms
[105.298s][info][gc,phases      ] GC(425)   Post Evacuate Collection Set: 0.5ms
[105.298s][info][gc,phases      ] GC(425)   Other: 0.2ms
[105.298s][info][gc,heap        ] GC(425) Eden regions: 264->0(297)
[105.298s][info][gc,heap        ] GC(425) Survivor regions: 17->36(36)
[105.298s][info][gc,heap        ] GC(425) Old regions: 337->340
[105.298s][info][gc,heap        ] GC(425) Archive regions: 0->0
[105.298s][info][gc,heap        ] GC(425) Humongous regions: 55->55
[105.298s][info][gc,metaspace   ] GC(425) Metaspace: 67490K(68480K)->67490K(68480K) NonClass: 59054K(59584K)->59054K(59584K) Class: 8435K(8896K)->8435K(8896K)
[105.299s][info][gc             ] GC(425) Pause Young (Prepare Mixed) (G1 Evacuation Pause) 669M->427M(825M) 23.942ms
[105.299s][info][gc,cpu         ] GC(425) User=0.59s Sys=0.00s Real=0.03s
[105.443s][info][gc,start       ] GC(426) Pause Young (Mixed) (G1 Evacuation Pause)
[105.443s][info][gc,task        ] GC(426) Using 19 workers of 33 for evacuation
[105.475s][info][gc,phases      ] GC(426)   Pre Evacuate Collection Set: 0.2ms
[105.475s][info][gc,phases      ] GC(426)   Merge Heap Roots: 0.2ms
[105.476s][info][gc,phases      ] GC(426)   Evacuate Collection Set: 30.7ms
[105.476s][info][gc,phases      ] GC(426)   Post Evacuate Collection Set: 0.8ms
[105.476s][info][gc,phases      ] GC(426)   Other: 0.2ms
[105.476s][info][gc,heap        ] GC(426) Eden regions: 297->0(368)
[105.476s][info][gc,heap        ] GC(426) Survivor regions: 36->24(42)
[105.476s][info][gc,heap        ] GC(426) Old regions: 340->326
[105.476s][info][gc,heap        ] GC(426) Archive regions: 0->0
[105.476s][info][gc,heap        ] GC(426) Humongous regions: 55->55
[105.476s][info][gc,metaspace   ] GC(426) Metaspace: 67490K(68480K)->67490K(68480K) NonClass: 59054K(59584K)->59054K(59584K) Class: 8435K(8896K)->8435K(8896K)
[105.476s][info][gc             ] GC(426) Pause Young (Mixed) (G1 Evacuation Pause) 724M->401M(874M) 32.477ms
[105.476s][info][gc,cpu         ] GC(426) User=0.59s Sys=0.00s Real=0.03s
[105.657s][info][gc,start       ] GC(427) Pause Young (Concurrent Start) (G1 Humongous Allocation)
[105.657s][info][gc,task        ] GC(427) Using 21 workers of 33 for evacuation
[105.679s][info][gc,phases      ] GC(427)   Pre Evacuate Collection Set: 0.4ms
[105.679s][info][gc,phases      ] GC(427)   Merge Heap Roots: 0.2ms
[105.679s][info][gc,phases      ] GC(427)   Evacuate Collection Set: 20.6ms
[105.679s][info][gc,phases      ] GC(427)   Post Evacuate Collection Set: 0.5ms
[105.679s][info][gc,phases      ] GC(427)   Other: 0.2ms
[105.679s][info][gc,heap        ] GC(427) Eden regions: 225->0(363)
[105.679s][info][gc,heap        ] GC(427) Survivor regions: 24->38(49)
[105.679s][info][gc,heap        ] GC(427) Old regions: 326->326
[105.679s][info][gc,heap        ] GC(427) Archive regions: 0->0
[105.679s][info][gc,heap        ] GC(427) Humongous regions: 55->55
[105.679s][info][gc,metaspace   ] GC(427) Metaspace: 67490K(68480K)->67490K(68480K) NonClass: 59054K(59584K)->59054K(59584K) Class: 8435K(8896K)->8435K(8896K)
[105.679s][info][gc             ] GC(427) Pause Young (Concurrent Start) (G1 Humongous Allocation) 625M->414M(874M) 22.244ms
[105.679s][info][gc             ] GC(428) Concurrent Mark Cycle
[105.679s][info][gc,cpu         ] GC(427) User=0.33s Sys=0.00s Real=0.02s
[105.679s][info][gc,marking     ] GC(428) Concurrent Scan Root Regions
[105.686s][info][gc,marking     ] GC(428) Concurrent Scan Root Regions 7.495ms
[105.687s][info][gc,marking     ] GC(428) Concurrent Mark
[105.687s][info][gc,marking     ] GC(428) Concurrent Mark From Roots
[105.687s][info][gc,task        ] GC(428) Using 8 workers of 8 for marking
[105.743s][info][gc,marking     ] GC(428) Concurrent Mark From Roots 56.401ms
[105.743s][info][gc,marking     ] GC(428) Concurrent Preclean
[105.743s][info][gc,marking     ] GC(428) Concurrent Preclean 0.158ms
[105.743s][info][gc,start       ] GC(428) Pause Remark
[105.745s][info][gc             ] GC(428) Pause Remark 417M->317M(874M) 1.896ms
[105.745s][info][gc,cpu         ] GC(428) User=0.00s Sys=0.00s Real=0.00s
[105.745s][info][gc,marking     ] GC(428) Concurrent Mark 58.787ms
[105.745s][info][gc,marking     ] GC(428) Concurrent Rebuild Remembered Sets and Scrub Regions
[105.782s][info][gc,marking     ] GC(428) Concurrent Rebuild Remembered Sets and Scrub Regions 36.390ms
[105.782s][info][gc,start       ] GC(428) Pause Cleanup
[105.782s][info][gc             ] GC(428) Pause Cleanup 321M->321M(874M) 0.358ms
[105.782s][info][gc,cpu         ] GC(428) User=0.00s Sys=0.00s Real=0.00s
[105.782s][info][gc,marking     ] GC(428) Concurrent Clear Claimed Marks
[105.782s][info][gc,marking     ] GC(428) Concurrent Clear Claimed Marks 0.107ms
[105.783s][info][gc,marking     ] GC(428) Concurrent Cleanup for Next Mark
[105.783s][info][gc,marking     ] GC(428) Concurrent Cleanup for Next Mark 0.591ms
[105.783s][info][gc             ] GC(428) Concurrent Mark Cycle 104.266ms
[106.601s][info][gc,start       ] GC(429) Pause Young (Prepare Mixed) (G1 Evacuation Pause)
[106.601s][info][gc,task        ] GC(429) Using 21 workers of 33 for evacuation
[106.659s][info][gc,phases      ] GC(429)   Pre Evacuate Collection Set: 0.2ms
[106.659s][info][gc,phases      ] GC(429)   Merge Heap Roots: 0.7ms
[106.659s][info][gc,phases      ] GC(429)   Evacuate Collection Set: 56.8ms
[106.659s][info][gc,phases      ] GC(429)   Post Evacuate Collection Set: 0.7ms
[106.659s][info][gc,phases      ] GC(429)   Other: 0.1ms
[106.659s][info][gc,heap        ] GC(429) Eden regions: 363->0(325)
[106.659s][info][gc,heap        ] GC(429) Survivor regions: 38->51(51)
[106.659s][info][gc,heap        ] GC(429) Old regions: 251->290
[106.659s][info][gc,heap        ] GC(429) Archive regions: 0->0
[106.659s][info][gc,heap        ] GC(429) Humongous regions: 108->98
[106.659s][info][gc,metaspace   ] GC(429) Metaspace: 67519K(68480K)->67519K(68480K) NonClass: 59083K(59584K)->59083K(59584K) Class: 8436K(8896K)->8436K(8896K)
[106.659s][info][gc             ] GC(429) Pause Young (Prepare Mixed) (G1 Evacuation Pause) 755M->435M(874M) 58.824ms
[106.659s][info][gc,cpu         ] GC(429) User=1.31s Sys=0.00s Real=0.06s
[107.016s][info][gc,start       ] GC(430) Pause Young (Mixed) (G1 Evacuation Pause)
[107.016s][info][gc,task        ] GC(430) Using 21 workers of 33 for evacuation
[107.067s][info][gc,phases      ] GC(430)   Pre Evacuate Collection Set: 0.2ms
[107.067s][info][gc,phases      ] GC(430)   Merge Heap Roots: 0.6ms
[107.067s][info][gc,phases      ] GC(430)   Evacuate Collection Set: 49.3ms
[107.067s][info][gc,phases      ] GC(430)   Post Evacuate Collection Set: 0.6ms
[107.067s][info][gc,phases      ] GC(430)   Other: 0.1ms
[107.067s][info][gc,heap        ] GC(430) Eden regions: 325->0(287)
[107.067s][info][gc,heap        ] GC(430) Survivor regions: 51->47(47)
[107.067s][info][gc,heap        ] GC(430) Old regions: 290->326
[107.067s][info][gc,heap        ] GC(430) Archive regions: 0->0
[107.067s][info][gc,heap        ] GC(430) Humongous regions: 127->122
[107.067s][info][gc,metaspace   ] GC(430) Metaspace: 67545K(68544K)->67545K(68544K) NonClass: 59108K(59648K)->59108K(59648K) Class: 8436K(8896K)->8436K(8896K)
[107.067s][info][gc             ] GC(430) Pause Young (Mixed) (G1 Evacuation Pause) 789M->491M(893M) 51.070ms
[107.067s][info][gc,cpu         ] GC(430) User=1.00s Sys=0.00s Real=0.06s
[107.283s][info][gc,start       ] GC(431) Pause Young (Concurrent Start) (G1 Humongous Allocation)
[107.283s][info][gc,task        ] GC(431) Using 21 workers of 33 for evacuation
[107.309s][info][gc,phases      ] GC(431)   Pre Evacuate Collection Set: 0.4ms
[107.310s][info][gc,phases      ] GC(431)   Merge Heap Roots: 0.3ms
[107.310s][info][gc,phases      ] GC(431)   Evacuate Collection Set: 25.0ms
[107.310s][info][gc,phases      ] GC(431)   Post Evacuate Collection Set: 0.5ms
[107.310s][info][gc,phases      ] GC(431)   Other: 0.2ms
[107.310s][info][gc,heap        ] GC(431) Eden regions: 124->0(298)
[107.310s][info][gc,heap        ] GC(431) Survivor regions: 47->7(42)
[107.310s][info][gc,heap        ] GC(431) Old regions: 326->375
[107.310s][info][gc,heap        ] GC(431) Archive regions: 0->0
[107.310s][info][gc,heap        ] GC(431) Humongous regions: 122->122
[107.310s][info][gc,metaspace   ] GC(431) Metaspace: 67547K(68544K)->67547K(68544K) NonClass: 59110K(59648K)->59110K(59648K) Class: 8436K(8896K)->8436K(8896K)
[107.310s][info][gc             ] GC(431) Pause Young (Concurrent Start) (G1 Humongous Allocation) 614M->500M(893M) 26.725ms
[107.310s][info][gc             ] GC(432) Concurrent Mark Cycle
[107.310s][info][gc,cpu         ] GC(431) User=0.66s Sys=0.00s Real=0.03s
[107.310s][info][gc,marking     ] GC(432) Concurrent Scan Root Regions
[107.313s][info][gc,marking     ] GC(432) Concurrent Scan Root Regions 3.093ms
[107.313s][info][gc,marking     ] GC(432) Concurrent Mark
[107.313s][info][gc,marking     ] GC(432) Concurrent Mark From Roots
[107.313s][info][gc,task        ] GC(432) Using 8 workers of 8 for marking
[107.343s][info][gc,marking     ] GC(432) Concurrent Mark From Roots 30.525ms
[107.343s][info][gc,marking     ] GC(432) Concurrent Preclean
[107.344s][info][gc,marking     ] GC(432) Concurrent Preclean 0.171ms
[107.344s][info][gc,start       ] GC(432) Pause Remark
[107.346s][info][gc             ] GC(432) Pause Remark 518M->274M(893M) 2.206ms
[107.346s][info][gc,cpu         ] GC(432) User=0.00s Sys=0.00s Real=0.00s
[107.346s][info][gc,marking     ] GC(432) Concurrent Mark 33.273ms
[107.346s][info][gc,marking     ] GC(432) Concurrent Rebuild Remembered Sets and Scrub Regions
[107.363s][info][gc,marking     ] GC(432) Concurrent Rebuild Remembered Sets and Scrub Regions 16.458ms
[107.363s][info][gc,start       ] GC(432) Pause Cleanup
[107.363s][info][gc             ] GC(432) Pause Cleanup 298M->298M(893M) 0.256ms
[107.363s][info][gc,cpu         ] GC(432) User=0.00s Sys=0.00s Real=0.00s
[107.363s][info][gc,marking     ] GC(432) Concurrent Clear Claimed Marks
[107.363s][info][gc,marking     ] GC(432) Concurrent Clear Claimed Marks 0.095ms
[107.363s][info][gc,marking     ] GC(432) Concurrent Cleanup for Next Mark
[107.364s][info][gc,marking     ] GC(432) Concurrent Cleanup for Next Mark 0.604ms
[107.364s][info][gc             ] GC(432) Concurrent Mark Cycle 54.233ms
[107.491s][info][gc,start       ] GC(433) Pause Young (Prepare Mixed) (G1 Evacuation Pause)
[107.491s][info][gc,task        ] GC(433) Using 21 workers of 33 for evacuation
[107.509s][info][gc,phases      ] GC(433)   Pre Evacuate Collection Set: 0.2ms
[107.509s][info][gc,phases      ] GC(433)   Merge Heap Roots: 0.1ms
[107.509s][info][gc,phases      ] GC(433)   Evacuate Collection Set: 17.2ms
[107.509s][info][gc,phases      ] GC(433)   Post Evacuate Collection Set: 0.6ms
[107.509s][info][gc,phases      ] GC(433)   Other: 0.1ms
[107.510s][info][gc,heap        ] GC(433) Eden regions: 298->0(458)
[107.510s][info][gc,heap        ] GC(433) Survivor regions: 7->38(39)
[107.510s][info][gc,heap        ] GC(433) Old regions: 243->243
[107.510s][info][gc,heap        ] GC(433) Archive regions: 0->0
[107.510s][info][gc,heap        ] GC(433) Humongous regions: 27->22
[107.510s][info][gc,metaspace   ] GC(433) Metaspace: 67550K(68544K)->67550K(68544K) NonClass: 59113K(59648K)->59113K(59648K) Class: 8436K(8896K)->8436K(8896K)
[107.510s][info][gc             ] GC(433) Pause Young (Prepare Mixed) (G1 Evacuation Pause) 571M->298M(893M) 18.476ms
[107.510s][info][gc,cpu         ] GC(433) User=0.33s Sys=0.00s Real=0.02s
[108.027s][info][gc,start       ] GC(434) Pause Young (Mixed) (G1 Evacuation Pause)
[108.028s][info][gc,task        ] GC(434) Using 21 workers of 33 for evacuation
[108.097s][info][gc,phases      ] GC(434)   Pre Evacuate Collection Set: 0.2ms
[108.097s][info][gc,phases      ] GC(434)   Merge Heap Roots: 0.5ms
[108.097s][info][gc,phases      ] GC(434)   Evacuate Collection Set: 67.8ms
[108.097s][info][gc,phases      ] GC(434)   Post Evacuate Collection Set: 0.6ms
[108.097s][info][gc,phases      ] GC(434)   Other: 0.2ms
[108.097s][info][gc,heap        ] GC(434) Eden regions: 369->0(402)
[108.097s][info][gc,heap        ] GC(434) Survivor regions: 38->49(62)
[108.097s][info][gc,heap        ] GC(434) Old regions: 243->269
[108.097s][info][gc,heap        ] GC(434) Archive regions: 0->0
[108.097s][info][gc,heap        ] GC(434) Humongous regions: 256->148
[108.097s][info][gc,metaspace   ] GC(434) Metaspace: 67550K(68544K)->67550K(68544K) NonClass: 59113K(59648K)->59113K(59648K) Class: 8436K(8896K)->8436K(8896K)
[108.097s][info][gc             ] GC(434) Pause Young (Mixed) (G1 Evacuation Pause) 901M->462M(991M) 69.644ms
[108.097s][info][gc,cpu         ] GC(434) User=1.48s Sys=0.16s Real=0.08s
[108.098s][info][gc,start       ] GC(435) Pause Young (Concurrent Start) (G1 Humongous Allocation)
[108.098s][info][gc,task        ] GC(435) Using 23 workers of 33 for evacuation
[108.119s][info][gc,phases      ] GC(435)   Pre Evacuate Collection Set: 0.2ms
[108.119s][info][gc,phases      ] GC(435)   Merge Heap Roots: 0.1ms
[108.119s][info][gc,phases      ] GC(435)   Evacuate Collection Set: 20.3ms
[108.119s][info][gc,phases      ] GC(435)   Post Evacuate Collection Set: 0.4ms
[108.119s][info][gc,phases      ] GC(435)   Other: 0.1ms
[108.119s][info][gc,heap        ] GC(435) Eden regions: 1->0(417)
[108.119s][info][gc,heap        ] GC(435) Survivor regions: 49->1(57)
[108.119s][info][gc,heap        ] GC(435) Old regions: 269->319
[108.119s][info][gc,heap        ] GC(435) Archive regions: 0->0
[108.119s][info][gc,heap        ] GC(435) Humongous regions: 148->148
[108.119s][info][gc,metaspace   ] GC(435) Metaspace: 67550K(68544K)->67550K(68544K) NonClass: 59113K(59648K)->59113K(59648K) Class: 8436K(8896K)->8436K(8896K)
[108.119s][info][gc             ] GC(435) Pause Young (Concurrent Start) (G1 Humongous Allocation) 463M->464M(997M) 21.367ms
[108.119s][info][gc             ] GC(436) Concurrent Mark Cycle
[108.119s][info][gc,cpu         ] GC(435) User=0.36s Sys=0.00s Real=0.02s
[108.119s][info][gc,marking     ] GC(436) Concurrent Scan Root Regions
[108.123s][info][gc,marking     ] GC(436) Concurrent Scan Root Regions 3.725ms
[108.123s][info][gc,marking     ] GC(436) Concurrent Mark
[108.123s][info][gc,marking     ] GC(436) Concurrent Mark From Roots
[108.123s][info][gc,task        ] GC(436) Using 8 workers of 8 for marking
[108.157s][info][gc,marking     ] GC(436) Concurrent Mark From Roots 33.657ms
[108.157s][info][gc,marking     ] GC(436) Concurrent Preclean
[108.157s][info][gc,marking     ] GC(436) Concurrent Preclean 0.177ms
[108.157s][info][gc,start       ] GC(436) Pause Remark
[108.161s][info][gc             ] GC(436) Pause Remark 557M->431M(997M) 3.536ms
[108.161s][info][gc,cpu         ] GC(436) User=0.00s Sys=0.00s Real=0.00s
[108.161s][info][gc,marking     ] GC(436) Concurrent Mark 37.756ms
[108.161s][info][gc,marking     ] GC(436) Concurrent Rebuild Remembered Sets and Scrub Regions
[108.180s][info][gc,marking     ] GC(436) Concurrent Rebuild Remembered Sets and Scrub Regions 19.488ms
[108.180s][info][gc,start       ] GC(436) Pause Cleanup
[108.181s][info][gc             ] GC(436) Pause Cleanup 470M->470M(997M) 0.305ms
[108.181s][info][gc,cpu         ] GC(436) User=0.00s Sys=0.00s Real=0.00s
[108.181s][info][gc,marking     ] GC(436) Concurrent Clear Claimed Marks
[108.181s][info][gc,marking     ] GC(436) Concurrent Clear Claimed Marks 0.088ms
[108.181s][info][gc,marking     ] GC(436) Concurrent Cleanup for Next Mark
[108.182s][info][gc,marking     ] GC(436) Concurrent Cleanup for Next Mark 0.803ms
[108.182s][info][gc             ] GC(436) Concurrent Mark Cycle 62.605ms
[108.384s][info][gc,start       ] GC(437) Pause Young (Prepare Mixed) (G1 Evacuation Pause)
[108.384s][info][gc,task        ] GC(437) Using 23 workers of 33 for evacuation
[108.411s][info][gc,phases      ] GC(437)   Pre Evacuate Collection Set: 0.2ms
[108.411s][info][gc,phases      ] GC(437)   Merge Heap Roots: 0.5ms
[108.411s][info][gc,phases      ] GC(437)   Evacuate Collection Set: 25.4ms
[108.411s][info][gc,phases      ] GC(437)   Post Evacuate Collection Set: 0.6ms
[108.411s][info][gc,phases      ] GC(437)   Other: 0.2ms
[108.411s][info][gc,heap        ] GC(437) Eden regions: 417->0(448)
[108.411s][info][gc,heap        ] GC(437) Survivor regions: 1->43(53)
[108.411s][info][gc,heap        ] GC(437) Old regions: 278->278
[108.411s][info][gc,heap        ] GC(437) Archive regions: 0->0
[108.411s][info][gc,heap        ] GC(437) Humongous regions: 159->102
[108.411s][info][gc,metaspace   ] GC(437) Metaspace: 67553K(68544K)->67553K(68544K) NonClass: 59116K(59648K)->59116K(59648K) Class: 8436K(8896K)->8436K(8896K)
[108.411s][info][gc             ] GC(437) Pause Young (Prepare Mixed) (G1 Evacuation Pause) 851M->418M(997M) 27.246ms
[108.411s][info][gc,cpu         ] GC(437) User=0.72s Sys=0.00s Real=0.03s
[108.593s][info][gc,start       ] GC(438) Pause Full (System.gc())
[108.593s][info][gc,task        ] GC(438) Using 23 workers of 33 for full compaction
[108.594s][info][gc,phases,start] GC(438) Phase 1: Mark live objects
[108.627s][info][gc,phases      ] GC(438) Phase 1: Mark live objects 32.757ms
[108.627s][info][gc,phases,start] GC(438) Phase 2: Prepare compaction
[108.631s][info][gc,phases      ] GC(438) Phase 2: Prepare compaction 4.223ms
[108.631s][info][gc,phases,start] GC(438) Phase 3: Adjust pointers
[108.640s][info][gc,phases      ] GC(438) Phase 3: Adjust pointers 8.812ms
[108.640s][info][gc,phases,start] GC(438) Phase 4: Compact heap
[108.641s][info][gc,phases      ] GC(438) Phase 4: Compact heap 0.680ms
[108.650s][info][gc,heap        ] GC(438) Eden regions: 303->0(297)
[108.650s][info][gc,heap        ] GC(438) Survivor regions: 43->0(53)
[108.650s][info][gc,heap        ] GC(438) Old regions: 278->155
[108.650s][info][gc,heap        ] GC(438) Archive regions: 0->0
[108.650s][info][gc,heap        ] GC(438) Humongous regions: 105->10
[108.650s][info][gc,metaspace   ] GC(438) Metaspace: 67553K(68544K)->67553K(68544K) NonClass: 59116K(59648K)->59116K(59648K) Class: 8436K(8896K)->8436K(8896K)
[108.650s][info][gc             ] GC(438) Pause Full (System.gc()) 724M->148M(550M) 57.547ms
[108.650s][info][gc,cpu         ] GC(438) User=1.33s Sys=0.00s Real=0.06s
[108.684s][info][gc,start       ] GC(439) Pause Young (Concurrent Start) (G1 Humongous Allocation)
[108.684s][info][gc,task        ] GC(439) Using 18 workers of 33 for evacuation
[108.686s][info][gc,phases      ] GC(439)   Pre Evacuate Collection Set: 0.3ms
[108.686s][info][gc,phases      ] GC(439)   Merge Heap Roots: 0.1ms
[108.686s][info][gc,phases      ] GC(439)   Evacuate Collection Set: 0.8ms
[108.686s][info][gc,phases      ] GC(439)   Post Evacuate Collection Set: 0.6ms
[108.686s][info][gc,phases      ] GC(439)   Other: 0.2ms
[108.686s][info][gc,heap        ] GC(439) Eden regions: 19->0(307)
[108.686s][info][gc,heap        ] GC(439) Survivor regions: 0->6(38)
[108.686s][info][gc,heap        ] GC(439) Old regions: 155->155
[108.686s][info][gc,heap        ] GC(439) Archive regions: 0->0
[108.686s][info][gc,heap        ] GC(439) Humongous regions: 10->10
[108.686s][info][gc,metaspace   ] GC(439) Metaspace: 67562K(68544K)->67562K(68544K) NonClass: 59126K(59648K)->59126K(59648K) Class: 8436K(8896K)->8436K(8896K)
[108.686s][info][gc             ] GC(439) Pause Young (Concurrent Start) (G1 Humongous Allocation) 167M->154M(550M) 2.398ms
[108.686s][info][gc             ] GC(440) Concurrent Mark Cycle
[108.686s][info][gc,cpu         ] GC(439) User=0.00s Sys=0.00s Real=0.00s
[108.686s][info][gc,marking     ] GC(440) Concurrent Scan Root Regions
[108.687s][info][gc,marking     ] GC(440) Concurrent Scan Root Regions 1.133ms
[108.687s][info][gc,marking     ] GC(440) Concurrent Mark
[108.687s][info][gc,marking     ] GC(440) Concurrent Mark From Roots
[108.687s][info][gc,task        ] GC(440) Using 8 workers of 8 for marking
[108.737s][info][gc,marking     ] GC(440) Concurrent Mark From Roots 49.780ms
[108.737s][info][gc,marking     ] GC(440) Concurrent Preclean
[108.737s][info][gc,marking     ] GC(440) Concurrent Preclean 0.152ms
[108.738s][info][gc,start       ] GC(440) Pause Remark
[108.740s][info][gc             ] GC(440) Pause Remark 193M->193M(550M) 2.051ms
[108.740s][info][gc,cpu         ] GC(440) User=0.22s Sys=0.02s Real=0.02s
[108.740s][info][gc,marking     ] GC(440) Concurrent Mark 52.365ms
[108.740s][info][gc,marking     ] GC(440) Concurrent Rebuild Remembered Sets and Scrub Regions
[108.754s][info][gc,marking     ] GC(440) Concurrent Rebuild Remembered Sets and Scrub Regions 14.192ms
[108.754s][info][gc,start       ] GC(440) Pause Cleanup
[108.754s][info][gc             ] GC(440) Pause Cleanup 212M->212M(550M) 0.175ms
[108.754s][info][gc,cpu         ] GC(440) User=0.00s Sys=0.00s Real=0.00s
[108.754s][info][gc,marking     ] GC(440) Concurrent Clear Claimed Marks
[108.754s][info][gc,marking     ] GC(440) Concurrent Clear Claimed Marks 0.077ms
[108.754s][info][gc,marking     ] GC(440) Concurrent Cleanup for Next Mark
[108.755s][info][gc,marking     ] GC(440) Concurrent Cleanup for Next Mark 0.366ms
[108.755s][info][gc             ] GC(440) Concurrent Mark Cycle 68.734ms
[108.888s][info][gc,start       ] GC(441) Pause Young (Prepare Mixed) (G1 Evacuation Pause)
[108.888s][info][gc,task        ] GC(441) Using 15 workers of 33 for evacuation
[108.921s][info][gc,phases      ] GC(441)   Pre Evacuate Collection Set: 0.2ms
[108.921s][info][gc,phases      ] GC(441)   Merge Heap Roots: 0.2ms
[108.921s][info][gc,phases      ] GC(441)   Evacuate Collection Set: 31.9ms
[108.921s][info][gc,phases      ] GC(441)   Post Evacuate Collection Set: 0.5ms
[108.921s][info][gc,phases      ] GC(441)   Other: 0.2ms
[108.921s][info][gc,heap        ] GC(441) Eden regions: 307->0(226)
[108.921s][info][gc,heap        ] GC(441) Survivor regions: 6->40(40)
[108.921s][info][gc,heap        ] GC(441) Old regions: 155->197
[108.921s][info][gc,heap        ] GC(441) Archive regions: 0->0
[108.921s][info][gc,heap        ] GC(441) Humongous regions: 42->37
[108.921s][info][gc,metaspace   ] GC(441) Metaspace: 67565K(68544K)->67565K(68544K) NonClass: 59128K(59648K)->59128K(59648K) Class: 8436K(8896K)->8436K(8896K)
[108.921s][info][gc             ] GC(441) Pause Young (Prepare Mixed) (G1 Evacuation Pause) 493M->257M(592M) 33.315ms
[108.921s][info][gc,cpu         ] GC(441) User=0.66s Sys=0.05s Real=0.04s
[109.036s][info][gc,start       ] GC(442) Pause Young (Mixed) (G1 Evacuation Pause)
[109.036s][info][gc,task        ] GC(442) Using 14 workers of 33 for evacuation
[109.071s][info][gc,phases      ] GC(442)   Pre Evacuate Collection Set: 0.2ms
[109.071s][info][gc,phases      ] GC(442)   Merge Heap Roots: 0.4ms
[109.071s][info][gc,phases      ] GC(442)   Evacuate Collection Set: 33.8ms
[109.071s][info][gc,phases      ] GC(442)   Post Evacuate Collection Set: 0.4ms
[109.071s][info][gc,phases      ] GC(442)   Other: 0.2ms
[109.071s][info][gc,heap        ] GC(442) Eden regions: 226->0(197)
[109.071s][info][gc,heap        ] GC(442) Survivor regions: 40->29(34)
[109.071s][info][gc,heap        ] GC(442) Old regions: 197->237
[109.071s][info][gc,heap        ] GC(442) Archive regions: 0->0
[109.071s][info][gc,heap        ] GC(442) Humongous regions: 58->58
[109.071s][info][gc,metaspace   ] GC(442) Metaspace: 67565K(68544K)->67565K(68544K) NonClass: 59128K(59648K)->59128K(59648K) Class: 8436K(8896K)->8436K(8896K)
[109.071s][info][gc             ] GC(442) Pause Young (Mixed) (G1 Evacuation Pause) 504M->310M(593M) 35.642ms
[109.071s][info][gc,cpu         ] GC(442) User=0.66s Sys=0.00s Real=0.05s
[109.164s][info][gc,start       ] GC(443) Pause Young (Concurrent Start) (G1 Humongous Allocation)
[109.164s][info][gc,task        ] GC(443) Using 14 workers of 33 for evacuation
[109.190s][info][gc,phases      ] GC(443)   Pre Evacuate Collection Set: 0.3ms
[109.190s][info][gc,phases      ] GC(443)   Merge Heap Roots: 0.2ms
[109.190s][info][gc,phases      ] GC(443)   Evacuate Collection Set: 25.1ms
[109.190s][info][gc,phases      ] GC(443)   Post Evacuate Collection Set: 0.6ms
[109.190s][info][gc,phases      ] GC(443)   Other: 0.2ms
[109.190s][info][gc,heap        ] GC(443) Eden regions: 177->0(189)
[109.190s][info][gc,heap        ] GC(443) Survivor regions: 29->19(29)
[109.190s][info][gc,heap        ] GC(443) Old regions: 237->264
[109.190s][info][gc,heap        ] GC(443) Archive regions: 0->0
[109.190s][info][gc,heap        ] GC(443) Humongous regions: 58->58
[109.190s][info][gc,metaspace   ] GC(443) Metaspace: 67565K(68544K)->67565K(68544K) NonClass: 59128K(59648K)->59128K(59648K) Class: 8436K(8896K)->8436K(8896K)
[109.190s][info][gc             ] GC(443) Pause Young (Concurrent Start) (G1 Humongous Allocation) 487M->327M(593M) 26.838ms
[109.190s][info][gc             ] GC(444) Concurrent Mark Cycle
[109.191s][info][gc,cpu         ] GC(443) User=0.22s Sys=0.02s Real=0.03s
[109.191s][info][gc,marking     ] GC(444) Concurrent Scan Root Regions
[109.195s][info][gc,marking     ] GC(444) Concurrent Scan Root Regions 4.640ms
[109.195s][info][gc,marking     ] GC(444) Concurrent Mark
[109.195s][info][gc,marking     ] GC(444) Concurrent Mark From Roots
[109.195s][info][gc,task        ] GC(444) Using 8 workers of 8 for marking
[109.258s][info][gc,marking     ] GC(444) Concurrent Mark From Roots 63.106ms
[109.258s][info][gc,marking     ] GC(444) Concurrent Preclean
[109.259s][info][gc,marking     ] GC(444) Concurrent Preclean 0.217ms
[109.259s][info][gc,start       ] GC(444) Pause Remark
[109.262s][info][gc             ] GC(444) Pause Remark 421M->397M(685M) 2.808ms
[109.262s][info][gc,cpu         ] GC(444) User=0.00s Sys=0.00s Real=0.00s
[109.262s][info][gc,marking     ] GC(444) Concurrent Mark 66.448ms
[109.262s][info][gc,marking     ] GC(444) Concurrent Rebuild Remembered Sets and Scrub Regions
[109.313s][info][gc,marking     ] GC(444) Concurrent Rebuild Remembered Sets and Scrub Regions 51.550ms
[109.313s][info][gc,start       ] GC(444) Pause Cleanup
[109.314s][info][gc             ] GC(444) Pause Cleanup 465M->465M(685M) 0.246ms
[109.314s][info][gc,cpu         ] GC(444) User=0.00s Sys=0.00s Real=0.00s
[109.314s][info][gc,marking     ] GC(444) Concurrent Clear Claimed Marks
[109.314s][info][gc,marking     ] GC(444) Concurrent Clear Claimed Marks 0.110ms
[109.314s][info][gc,marking     ] GC(444) Concurrent Cleanup for Next Mark
[109.315s][info][gc,marking     ] GC(444) Concurrent Cleanup for Next Mark 0.784ms
[109.315s][info][gc             ] GC(444) Concurrent Mark Cycle 124.252ms
[109.342s][info][gc,start       ] GC(445) Pause Young (Prepare Mixed) (G1 Evacuation Pause)
[109.342s][info][gc,task        ] GC(445) Using 16 workers of 33 for evacuation
[109.364s][info][gc,phases      ] GC(445)   Pre Evacuate Collection Set: 0.2ms
[109.365s][info][gc,phases      ] GC(445)   Merge Heap Roots: 0.7ms
[109.365s][info][gc,phases      ] GC(445)   Evacuate Collection Set: 20.8ms
[109.365s][info][gc,phases      ] GC(445)   Post Evacuate Collection Set: 0.5ms
[109.365s][info][gc,phases      ] GC(445)   Other: 0.2ms
[109.365s][info][gc,heap        ] GC(445) Eden regions: 189->0(253)
[109.365s][info][gc,heap        ] GC(445) Survivor regions: 19->17(26)
[109.365s][info][gc,heap        ] GC(445) Old regions: 264->283
[109.365s][info][gc,heap        ] GC(445) Archive regions: 0->0
[109.365s][info][gc,heap        ] GC(445) Humongous regions: 49->49
[109.365s][info][gc,metaspace   ] GC(445) Metaspace: 67565K(68544K)->67565K(68544K) NonClass: 59128K(59648K)->59128K(59648K) Class: 8436K(8896K)->8436K(8896K)
[109.365s][info][gc             ] GC(445) Pause Young (Prepare Mixed) (G1 Evacuation Pause) 507M->335M(685M) 22.673ms
[109.365s][info][gc,cpu         ] GC(445) User=0.25s Sys=0.00s Real=0.02s
[109.518s][info][gc,start       ] GC(446) Pause Young (Mixed) (G1 Evacuation Pause)
[109.518s][info][gc,task        ] GC(446) Using 16 workers of 33 for evacuation
[109.539s][info][gc,phases      ] GC(446)   Pre Evacuate Collection Set: 0.2ms
[109.539s][info][gc,phases      ] GC(446)   Merge Heap Roots: 0.2ms
[109.539s][info][gc,phases      ] GC(446)   Evacuate Collection Set: 19.1ms
[109.539s][info][gc,phases      ] GC(446)   Post Evacuate Collection Set: 1.5ms
[109.539s][info][gc,phases      ] GC(446)   Other: 0.2ms
[109.539s][info][gc,heap        ] GC(446) Eden regions: 253->0(332)
[109.539s][info][gc,heap        ] GC(446) Survivor regions: 17->33(34)
[109.539s][info][gc,heap        ] GC(446) Old regions: 283->281
[109.539s][info][gc,heap        ] GC(446) Archive regions: 0->0
[109.539s][info][gc,heap        ] GC(446) Humongous regions: 49->49
[109.539s][info][gc,metaspace   ] GC(446) Metaspace: 67565K(68544K)->67565K(68544K) NonClass: 59128K(59648K)->59128K(59648K) Class: 8436K(8896K)->8436K(8896K)
[109.539s][info][gc             ] GC(446) Pause Young (Mixed) (G1 Evacuation Pause) 588M->353M(790M) 21.622ms
[109.540s][info][gc,cpu         ] GC(446) User=0.50s Sys=0.00s Real=0.02s
[109.693s][info][gc,start       ] GC(447) Pause Young (Concurrent Start) (G1 Humongous Allocation)
[109.693s][info][gc,task        ] GC(447) Using 18 workers of 33 for evacuation
[109.719s][info][gc,phases      ] GC(447)   Pre Evacuate Collection Set: 0.3ms
[109.719s][info][gc,phases      ] GC(447)   Merge Heap Roots: 0.2ms
[109.719s][info][gc,phases      ] GC(447)   Evacuate Collection Set: 24.9ms
[109.719s][info][gc,phases      ] GC(447)   Post Evacuate Collection Set: 0.5ms
[109.720s][info][gc,phases      ] GC(447)   Other: 0.2ms
[109.720s][info][gc,heap        ] GC(447) Eden regions: 259->0(330)
[109.720s][info][gc,heap        ] GC(447) Survivor regions: 33->33(46)
[109.720s][info][gc,heap        ] GC(447) Old regions: 281->293
[109.720s][info][gc,heap        ] GC(447) Archive regions: 0->0
[109.720s][info][gc,heap        ] GC(447) Humongous regions: 49->49
[109.720s][info][gc,metaspace   ] GC(447) Metaspace: 67565K(68544K)->67565K(68544K) NonClass: 59128K(59648K)->59128K(59648K) Class: 8436K(8896K)->8436K(8896K)
[109.720s][info][gc             ] GC(447) Pause Young (Concurrent Start) (G1 Humongous Allocation) 612M->366M(790M) 26.518ms
[109.720s][info][gc             ] GC(448) Concurrent Mark Cycle
[109.720s][info][gc,cpu         ] GC(447) User=0.56s Sys=0.00s Real=0.03s
[109.720s][info][gc,marking     ] GC(448) Concurrent Scan Root Regions
[109.726s][info][gc,marking     ] GC(448) Concurrent Scan Root Regions 6.159ms
[109.726s][info][gc,marking     ] GC(448) Concurrent Mark
[109.726s][info][gc,marking     ] GC(448) Concurrent Mark From Roots
[109.726s][info][gc,task        ] GC(448) Using 8 workers of 8 for marking
[109.786s][info][gc,marking     ] GC(448) Concurrent Mark From Roots 60.427ms
[109.786s][info][gc,marking     ] GC(448) Concurrent Preclean
[109.787s][info][gc,marking     ] GC(448) Concurrent Preclean 0.252ms
[109.787s][info][gc,start       ] GC(448) Pause Remark
[109.796s][info][gc             ] GC(448) Pause Remark 438M->426M(790M) 9.669ms
[109.797s][info][gc,cpu         ] GC(448) User=0.05s Sys=0.00s Real=0.02s
[109.797s][info][gc,marking     ] GC(448) Concurrent Mark 70.717ms
[109.797s][info][gc,marking     ] GC(448) Concurrent Rebuild Remembered Sets and Scrub Regions
[109.842s][info][gc,marking     ] GC(448) Concurrent Rebuild Remembered Sets and Scrub Regions 45.232ms
[109.842s][info][gc,start       ] GC(448) Pause Cleanup
[109.842s][info][gc             ] GC(448) Pause Cleanup 460M->460M(790M) 0.408ms
[109.843s][info][gc,cpu         ] GC(448) User=0.00s Sys=0.00s Real=0.00s
[109.843s][info][gc,marking     ] GC(448) Concurrent Clear Claimed Marks
[109.843s][info][gc,marking     ] GC(448) Concurrent Clear Claimed Marks 0.113ms
[109.843s][info][gc,marking     ] GC(448) Concurrent Cleanup for Next Mark
[109.844s][info][gc,marking     ] GC(448) Concurrent Cleanup for Next Mark 0.873ms
[109.844s][info][gc             ] GC(448) Concurrent Mark Cycle 124.021ms
[110.284s][info][gc,start       ] GC(449) Pause Young (Prepare Mixed) (G1 Evacuation Pause)
[110.284s][info][gc,task        ] GC(449) Using 18 workers of 33 for evacuation
[110.320s][info][gc,phases      ] GC(449)   Pre Evacuate Collection Set: 0.2ms
[110.320s][info][gc,phases      ] GC(449)   Merge Heap Roots: 0.6ms
[110.320s][info][gc,phases      ] GC(449)   Evacuate Collection Set: 33.2ms
[110.320s][info][gc,phases      ] GC(449)   Post Evacuate Collection Set: 0.9ms
[110.320s][info][gc,phases      ] GC(449)   Other: 0.2ms
[110.320s][info][gc,heap        ] GC(449) Eden regions: 330->0(320)
[110.320s][info][gc,heap        ] GC(449) Survivor regions: 33->33(46)
[110.320s][info][gc,heap        ] GC(449) Old regions: 293->307
[110.320s][info][gc,heap        ] GC(449) Archive regions: 0->0
[110.320s][info][gc,heap        ] GC(449) Humongous regions: 57->57
[110.320s][info][gc,metaspace   ] GC(449) Metaspace: 67577K(68544K)->67577K(68544K) NonClass: 59140K(59648K)->59140K(59648K) Class: 8436K(8896K)->8436K(8896K)
[110.320s][info][gc             ] GC(449) Pause Young (Prepare Mixed) (G1 Evacuation Pause) 704M->388M(790M) 35.638ms
[110.320s][info][gc,cpu         ] GC(449) User=0.58s Sys=0.00s Real=0.05s
[111.353s][info][gc,start       ] GC(450) Pause Young (Mixed) (G1 Evacuation Pause)
[111.353s][info][gc,task        ] GC(450) Using 18 workers of 33 for evacuation
[111.400s][info][gc,phases      ] GC(450)   Pre Evacuate Collection Set: 0.2ms
[111.400s][info][gc,phases      ] GC(450)   Merge Heap Roots: 0.5ms
[111.400s][info][gc,phases      ] GC(450)   Evacuate Collection Set: 45.8ms
[111.400s][info][gc,phases      ] GC(450)   Post Evacuate Collection Set: 0.6ms
[111.400s][info][gc,phases      ] GC(450)   Other: 0.1ms
[111.400s][info][gc,heap        ] GC(450) Eden regions: 320->0(285)
[111.400s][info][gc,heap        ] GC(450) Survivor regions: 33->45(45)
[111.400s][info][gc,heap        ] GC(450) Old regions: 307->316
[111.400s][info][gc,heap        ] GC(450) Archive regions: 0->0
[111.400s][info][gc,heap        ] GC(450) Humongous regions: 91->86
[111.400s][info][gc,metaspace   ] GC(450) Metaspace: 67646K(68608K)->67646K(68608K) NonClass: 59209K(59712K)->59209K(59712K) Class: 8436K(8896K)->8436K(8896K)
[111.400s][info][gc             ] GC(450) Pause Young (Mixed) (G1 Evacuation Pause) 742M->443M(819M) 47.371ms
[111.400s][info][gc,cpu         ] GC(450) User=0.84s Sys=0.00s Real=0.05s
[111.452s][info][gc,start       ] GC(451) Pause Young (Concurrent Start) (G1 Humongous Allocation)
[111.452s][info][gc,task        ] GC(451) Using 19 workers of 33 for evacuation
[111.483s][info][gc,phases      ] GC(451)   Pre Evacuate Collection Set: 0.3ms
[111.483s][info][gc,phases      ] GC(451)   Merge Heap Roots: 0.2ms
[111.483s][info][gc,phases      ] GC(451)   Evacuate Collection Set: 29.9ms
[111.483s][info][gc,phases      ] GC(451)   Post Evacuate Collection Set: 0.4ms
[111.483s][info][gc,phases      ] GC(451)   Other: 0.2ms
[111.483s][info][gc,heap        ] GC(451) Eden regions: 61->0(246)
[111.483s][info][gc,heap        ] GC(451) Survivor regions: 45->14(42)
[111.483s][info][gc,heap        ] GC(451) Old regions: 316->362
[111.483s][info][gc,heap        ] GC(451) Archive regions: 0->0
[111.483s][info][gc,heap        ] GC(451) Humongous regions: 86->86
[111.483s][info][gc,metaspace   ] GC(451) Metaspace: 67646K(68608K)->67646K(68608K) NonClass: 59209K(59712K)->59209K(59712K) Class: 8436K(8896K)->8436K(8896K)
[111.483s][info][gc             ] GC(451) Pause Young (Concurrent Start) (G1 Humongous Allocation) 503M->457M(819M) 31.194ms
[111.483s][info][gc             ] GC(452) Concurrent Mark Cycle
[111.483s][info][gc,cpu         ] GC(451) User=0.59s Sys=0.00s Real=0.03s
[111.483s][info][gc,marking     ] GC(452) Concurrent Scan Root Regions
[111.489s][info][gc,marking     ] GC(452) Concurrent Scan Root Regions 6.048ms
[111.490s][info][gc,marking     ] GC(452) Concurrent Mark
[111.490s][info][gc,marking     ] GC(452) Concurrent Mark From Roots
[111.490s][info][gc,task        ] GC(452) Using 8 workers of 8 for marking
[111.522s][info][gc,marking     ] GC(452) Concurrent Mark From Roots 32.327ms
[111.522s][info][gc,marking     ] GC(452) Concurrent Preclean
[111.522s][info][gc,marking     ] GC(452) Concurrent Preclean 0.184ms
[111.522s][info][gc,start       ] GC(452) Pause Remark
[111.524s][info][gc             ] GC(452) Pause Remark 527M->320M(819M) 1.988ms
[111.524s][info][gc,cpu         ] GC(452) User=0.30s Sys=0.00s Real=0.02s
[111.524s][info][gc,marking     ] GC(452) Concurrent Mark 34.826ms
[111.524s][info][gc,marking     ] GC(452) Concurrent Rebuild Remembered Sets and Scrub Regions
[111.545s][info][gc,marking     ] GC(452) Concurrent Rebuild Remembered Sets and Scrub Regions 20.170ms
[111.545s][info][gc,start       ] GC(452) Pause Cleanup
[111.545s][info][gc             ] GC(452) Pause Cleanup 354M->354M(819M) 0.230ms
[111.545s][info][gc,cpu         ] GC(452) User=0.00s Sys=0.00s Real=0.00s
[111.545s][info][gc,marking     ] GC(452) Concurrent Clear Claimed Marks
[111.545s][info][gc,marking     ] GC(452) Concurrent Clear Claimed Marks 0.097ms
[111.545s][info][gc,marking     ] GC(452) Concurrent Cleanup for Next Mark
[111.546s][info][gc,marking     ] GC(452) Concurrent Cleanup for Next Mark 0.640ms
[111.546s][info][gc             ] GC(452) Concurrent Mark Cycle 62.502ms
[111.617s][info][gc,start       ] GC(453) Pause Young (Prepare Mixed) (G1 Evacuation Pause)
[111.617s][info][gc,task        ] GC(453) Using 19 workers of 33 for evacuation
[111.646s][info][gc,phases      ] GC(453)   Pre Evacuate Collection Set: 0.2ms
[111.646s][info][gc,phases      ] GC(453)   Merge Heap Roots: 0.2ms
[111.646s][info][gc,phases      ] GC(453)   Evacuate Collection Set: 28.6ms
[111.646s][info][gc,phases      ] GC(453)   Post Evacuate Collection Set: 0.4ms
[111.646s][info][gc,phases      ] GC(453)   Other: 0.2ms
[111.646s][info][gc,heap        ] GC(453) Eden regions: 246->0(309)
[111.646s][info][gc,heap        ] GC(453) Survivor regions: 14->33(33)
[111.646s][info][gc,heap        ] GC(453) Old regions: 219->269
[111.646s][info][gc,heap        ] GC(453) Archive regions: 0->0
[111.646s][info][gc,heap        ] GC(453) Humongous regions: 46->46
[111.646s][info][gc,metaspace   ] GC(453) Metaspace: 67649K(68608K)->67649K(68608K) NonClass: 59212K(59712K)->59212K(59712K) Class: 8436K(8896K)->8436K(8896K)
[111.646s][info][gc             ] GC(453) Pause Young (Prepare Mixed) (G1 Evacuation Pause) 520M->344M(819M) 29.977ms
[111.647s][info][gc,cpu         ] GC(453) User=0.31s Sys=0.00s Real=0.03s
[111.799s][info][gc,start       ] GC(454) Pause Young (Mixed) (G1 Evacuation Pause)
[111.799s][info][gc,task        ] GC(454) Using 19 workers of 33 for evacuation
[111.835s][info][gc,phases      ] GC(454)   Pre Evacuate Collection Set: 0.2ms
[111.835s][info][gc,phases      ] GC(454)   Merge Heap Roots: 0.4ms
[111.835s][info][gc,phases      ] GC(454)   Evacuate Collection Set: 34.7ms
[111.835s][info][gc,phases      ] GC(454)   Post Evacuate Collection Set: 0.4ms
[111.835s][info][gc,phases      ] GC(454)   Other: 0.2ms
[111.835s][info][gc,heap        ] GC(454) Eden regions: 309->0(275)
[111.835s][info][gc,heap        ] GC(454) Survivor regions: 33->39(43)
[111.835s][info][gc,heap        ] GC(454) Old regions: 269->301
[111.835s][info][gc,heap        ] GC(454) Archive regions: 0->0
[111.835s][info][gc,heap        ] GC(454) Humongous regions: 70->70
[111.835s][info][gc,metaspace   ] GC(454) Metaspace: 67649K(68608K)->67649K(68608K) NonClass: 59212K(59712K)->59212K(59712K) Class: 8436K(8896K)->8436K(8896K)
[111.835s][info][gc             ] GC(454) Pause Young (Mixed) (G1 Evacuation Pause) 677M->405M(819M) 36.104ms
[111.835s][info][gc,cpu         ] GC(454) User=0.59s Sys=0.00s Real=0.03s
[111.903s][info][gc,start       ] GC(455) Pause Young (Concurrent Start) (G1 Humongous Allocation)
[111.903s][info][gc,task        ] GC(455) Using 19 workers of 33 for evacuation
[111.927s][info][gc,phases      ] GC(455)   Pre Evacuate Collection Set: 0.3ms
[111.927s][info][gc,phases      ] GC(455)   Merge Heap Roots: 0.2ms
[111.927s][info][gc,phases      ] GC(455)   Evacuate Collection Set: 23.3ms
[111.927s][info][gc,phases      ] GC(455)   Post Evacuate Collection Set: 0.4ms
[111.927s][info][gc,phases      ] GC(455)   Other: 0.2ms
[111.927s][info][gc,heap        ] GC(455) Eden regions: 138->0(276)
[111.927s][info][gc,heap        ] GC(455) Survivor regions: 39->17(40)
[111.927s][info][gc,heap        ] GC(455) Old regions: 301->337
[111.927s][info][gc,heap        ] GC(455) Archive regions: 0->0
[111.927s][info][gc,heap        ] GC(455) Humongous regions: 70->70
[111.927s][info][gc,metaspace   ] GC(455) Metaspace: 67649K(68608K)->67649K(68608K) NonClass: 59212K(59712K)->59212K(59712K) Class: 8436K(8896K)->8436K(8896K)
[111.927s][info][gc             ] GC(455) Pause Young (Concurrent Start) (G1 Humongous Allocation) 543M->420M(819M) 24.651ms
[111.927s][info][gc             ] GC(456) Concurrent Mark Cycle
[111.927s][info][gc,cpu         ] GC(455) User=0.59s Sys=0.00s Real=0.03s
[111.927s][info][gc,marking     ] GC(456) Concurrent Scan Root Regions
[111.933s][info][gc,marking     ] GC(456) Concurrent Scan Root Regions 5.508ms
[111.933s][info][gc,marking     ] GC(456) Concurrent Mark
[111.933s][info][gc,marking     ] GC(456) Concurrent Mark From Roots
[111.933s][info][gc,task        ] GC(456) Using 8 workers of 8 for marking
[111.986s][info][gc,marking     ] GC(456) Concurrent Mark From Roots 53.235ms
[111.986s][info][gc,marking     ] GC(456) Concurrent Preclean
[111.987s][info][gc,marking     ] GC(456) Concurrent Preclean 0.194ms
[111.987s][info][gc,start       ] GC(456) Pause Remark
[111.989s][info][gc             ] GC(456) Pause Remark 522M->482M(819M) 2.638ms
[111.989s][info][gc,cpu         ] GC(456) User=0.00s Sys=0.00s Real=0.00s
[111.989s][info][gc,marking     ] GC(456) Concurrent Mark 56.394ms
[111.989s][info][gc,marking     ] GC(456) Concurrent Rebuild Remembered Sets and Scrub Regions
[112.037s][info][gc,marking     ] GC(456) Concurrent Rebuild Remembered Sets and Scrub Regions 47.694ms
[112.037s][info][gc,start       ] GC(456) Pause Cleanup
[112.038s][info][gc             ] GC(456) Pause Cleanup 578M->578M(819M) 0.344ms
[112.038s][info][gc,cpu         ] GC(456) User=0.00s Sys=0.00s Real=0.00s
[112.038s][info][gc,marking     ] GC(456) Concurrent Clear Claimed Marks
[112.038s][info][gc,marking     ] GC(456) Concurrent Clear Claimed Marks 0.117ms
[112.038s][info][gc,marking     ] GC(456) Concurrent Cleanup for Next Mark
[112.039s][info][gc,marking     ] GC(456) Concurrent Cleanup for Next Mark 0.571ms
[112.039s][info][gc             ] GC(456) Concurrent Mark Cycle 111.187ms
[112.085s][info][gc,start       ] GC(457) Pause Young (Prepare Mixed) (G1 Evacuation Pause)
[112.085s][info][gc,task        ] GC(457) Using 19 workers of 33 for evacuation
[112.111s][info][gc,phases      ] GC(457)   Pre Evacuate Collection Set: 0.2ms
[112.111s][info][gc,phases      ] GC(457)   Merge Heap Roots: 0.8ms
[112.111s][info][gc,phases      ] GC(457)   Evacuate Collection Set: 24.0ms
[112.111s][info][gc,phases      ] GC(457)   Post Evacuate Collection Set: 0.6ms
[112.111s][info][gc,phases      ] GC(457)   Other: 0.2ms
[112.111s][info][gc,heap        ] GC(457) Eden regions: 276->0(285)
[112.111s][info][gc,heap        ] GC(457) Survivor regions: 17->37(37)
[112.111s][info][gc,heap        ] GC(457) Old regions: 333->336
[112.111s][info][gc,heap        ] GC(457) Archive regions: 0->0
[112.111s][info][gc,heap        ] GC(457) Humongous regions: 54->54
[112.111s][info][gc,metaspace   ] GC(457) Metaspace: 67649K(68608K)->67649K(68608K) NonClass: 59212K(59712K)->59212K(59712K) Class: 8436K(8896K)->8436K(8896K)
[112.111s][info][gc             ] GC(457) Pause Young (Prepare Mixed) (G1 Evacuation Pause) 676M->423M(819M) 26.274ms
[112.111s][info][gc,cpu         ] GC(457) User=0.59s Sys=0.00s Real=0.03s
[112.250s][info][gc,start       ] GC(458) Pause Young (Mixed) (G1 Evacuation Pause)
[112.250s][info][gc,task        ] GC(458) Using 19 workers of 33 for evacuation
[112.281s][info][gc,phases      ] GC(458)   Pre Evacuate Collection Set: 0.2ms
[112.281s][info][gc,phases      ] GC(458)   Merge Heap Roots: 0.2ms
[112.281s][info][gc,phases      ] GC(458)   Evacuate Collection Set: 28.9ms
[112.281s][info][gc,phases      ] GC(458)   Post Evacuate Collection Set: 1.0ms
[112.281s][info][gc,phases      ] GC(458)   Other: 0.2ms
[112.281s][info][gc,heap        ] GC(458) Eden regions: 285->0(353)
[112.281s][info][gc,heap        ] GC(458) Survivor regions: 37->24(41)
[112.281s][info][gc,heap        ] GC(458) Old regions: 336->327
[112.281s][info][gc,heap        ] GC(458) Archive regions: 0->0
[112.281s][info][gc,heap        ] GC(458) Humongous regions: 54->54
[112.281s][info][gc,metaspace   ] GC(458) Metaspace: 67649K(68608K)->67649K(68608K) NonClass: 59212K(59712K)->59212K(59712K) Class: 8436K(8896K)->8436K(8896K)
[112.281s][info][gc             ] GC(458) Pause Young (Mixed) (G1 Evacuation Pause) 708M->400M(873M) 30.835ms
[112.281s][info][gc,cpu         ] GC(458) User=0.30s Sys=0.00s Real=0.03s
[112.476s][info][gc,start       ] GC(459) Pause Young (Concurrent Start) (G1 Humongous Allocation)
[112.476s][info][gc,task        ] GC(459) Using 20 workers of 33 for evacuation
[112.498s][info][gc,phases      ] GC(459)   Pre Evacuate Collection Set: 0.3ms
[112.498s][info][gc,phases      ] GC(459)   Merge Heap Roots: 0.2ms
[112.498s][info][gc,phases      ] GC(459)   Evacuate Collection Set: 21.0ms
[112.498s][info][gc,phases      ] GC(459)   Post Evacuate Collection Set: 0.4ms
[112.498s][info][gc,phases      ] GC(459)   Other: 0.2ms
[112.498s][info][gc,heap        ] GC(459) Eden regions: 224->0(353)
[112.498s][info][gc,heap        ] GC(459) Survivor regions: 24->37(48)
[112.498s][info][gc,heap        ] GC(459) Old regions: 327->327
[112.498s][info][gc,heap        ] GC(459) Archive regions: 0->0
[112.498s][info][gc,heap        ] GC(459) Humongous regions: 54->54
[112.498s][info][gc,metaspace   ] GC(459) Metaspace: 67649K(68608K)->67649K(68608K) NonClass: 59212K(59712K)->59212K(59712K) Class: 8436K(8896K)->8436K(8896K)
[112.498s][info][gc             ] GC(459) Pause Young (Concurrent Start) (G1 Humongous Allocation) 624M->413M(873M) 22.407ms
[112.498s][info][gc             ] GC(460) Concurrent Mark Cycle
[112.498s][info][gc,cpu         ] GC(459) User=0.31s Sys=0.00s Real=0.02s
[112.498s][info][gc,marking     ] GC(460) Concurrent Scan Root Regions
[112.505s][info][gc,marking     ] GC(460) Concurrent Scan Root Regions 6.336ms
[112.505s][info][gc,marking     ] GC(460) Concurrent Mark
[112.505s][info][gc,marking     ] GC(460) Concurrent Mark From Roots
[112.505s][info][gc,task        ] GC(460) Using 8 workers of 8 for marking
[112.562s][info][gc,marking     ] GC(460) Concurrent Mark From Roots 57.060ms
[112.562s][info][gc,marking     ] GC(460) Concurrent Preclean
[112.562s][info][gc,marking     ] GC(460) Concurrent Preclean 0.220ms
[112.562s][info][gc,start       ] GC(460) Pause Remark
[112.564s][info][gc             ] GC(460) Pause Remark 417M->323M(873M) 2.002ms
[112.564s][info][gc,cpu         ] GC(460) User=0.00s Sys=0.00s Real=0.00s
[112.564s][info][gc,marking     ] GC(460) Concurrent Mark 59.618ms
[112.564s][info][gc,marking     ] GC(460) Concurrent Rebuild Remembered Sets and Scrub Regions
[112.602s][info][gc,marking     ] GC(460) Concurrent Rebuild Remembered Sets and Scrub Regions 37.965ms
[112.602s][info][gc,start       ] GC(460) Pause Cleanup
[112.603s][info][gc             ] GC(460) Pause Cleanup 327M->327M(873M) 0.355ms
[112.603s][info][gc,cpu         ] GC(460) User=0.00s Sys=0.00s Real=0.00s
[112.603s][info][gc,marking     ] GC(460) Concurrent Clear Claimed Marks
[112.603s][info][gc,marking     ] GC(460) Concurrent Clear Claimed Marks 0.111ms
[112.603s][info][gc,marking     ] GC(460) Concurrent Cleanup for Next Mark
[112.604s][info][gc,marking     ] GC(460) Concurrent Cleanup for Next Mark 0.626ms
[112.604s][info][gc             ] GC(460) Concurrent Mark Cycle 105.521ms
[113.380s][info][gc,start       ] GC(461) Pause Young (Prepare Mixed) (G1 Evacuation Pause)
[113.380s][info][gc,task        ] GC(461) Using 20 workers of 33 for evacuation
[113.439s][info][gc,phases      ] GC(461)   Pre Evacuate Collection Set: 0.2ms
[113.439s][info][gc,phases      ] GC(461)   Merge Heap Roots: 0.7ms
[113.439s][info][gc,phases      ] GC(461)   Evacuate Collection Set: 57.4ms
[113.439s][info][gc,phases      ] GC(461)   Post Evacuate Collection Set: 0.7ms
[113.439s][info][gc,phases      ] GC(461)   Other: 0.1ms
[113.439s][info][gc,heap        ] GC(461) Eden regions: 353->0(319)
[113.439s][info][gc,heap        ] GC(461) Survivor regions: 37->49(49)
[113.439s][info][gc,heap        ] GC(461) Old regions: 257->293
[113.439s][info][gc,heap        ] GC(461) Archive regions: 0->0
[113.439s][info][gc,heap        ] GC(461) Humongous regions: 108->98
[113.439s][info][gc,metaspace   ] GC(461) Metaspace: 67726K(68672K)->67726K(68672K) NonClass: 59288K(59776K)->59288K(59776K) Class: 8437K(8896K)->8437K(8896K)
[113.439s][info][gc             ] GC(461) Pause Young (Prepare Mixed) (G1 Evacuation Pause) 750M->436M(873M) 59.352ms
[113.439s][info][gc,cpu         ] GC(461) User=1.25s Sys=0.00s Real=0.06s
[113.793s][info][gc,start       ] GC(462) Pause Young (Mixed) (G1 Evacuation Pause)
[113.793s][info][gc,task        ] GC(462) Using 20 workers of 33 for evacuation
[113.845s][info][gc,phases      ] GC(462)   Pre Evacuate Collection Set: 0.2ms
[113.845s][info][gc,phases      ] GC(462)   Merge Heap Roots: 0.5ms
[113.845s][info][gc,phases      ] GC(462)   Evacuate Collection Set: 50.6ms
[113.845s][info][gc,phases      ] GC(462)   Post Evacuate Collection Set: 0.6ms
[113.845s][info][gc,phases      ] GC(462)   Other: 0.2ms
[113.845s][info][gc,heap        ] GC(462) Eden regions: 319->0(282)
[113.845s][info][gc,heap        ] GC(462) Survivor regions: 49->46(46)
[113.845s][info][gc,heap        ] GC(462) Old regions: 293->325
[113.845s][info][gc,heap        ] GC(462) Archive regions: 0->0
[113.845s][info][gc,heap        ] GC(462) Humongous regions: 127->122
[113.845s][info][gc,metaspace   ] GC(462) Metaspace: 67766K(68736K)->67766K(68736K) NonClass: 59328K(59840K)->59328K(59840K) Class: 8437K(8896K)->8437K(8896K)
[113.845s][info][gc             ] GC(462) Pause Young (Mixed) (G1 Evacuation Pause) 784M->489M(888M) 52.460ms
[113.845s][info][gc,cpu         ] GC(462) User=0.94s Sys=0.00s Real=0.05s
[114.079s][info][gc,start       ] GC(463) Pause Young (Concurrent Start) (G1 Humongous Allocation)
[114.079s][info][gc,task        ] GC(463) Using 21 workers of 33 for evacuation
[114.105s][info][gc,phases      ] GC(463)   Pre Evacuate Collection Set: 0.4ms
[114.105s][info][gc,phases      ] GC(463)   Merge Heap Roots: 0.2ms
[114.105s][info][gc,phases      ] GC(463)   Evacuate Collection Set: 24.2ms
[114.105s][info][gc,phases      ] GC(463)   Post Evacuate Collection Set: 0.6ms
[114.105s][info][gc,phases      ] GC(463)   Other: 0.2ms
[114.105s][info][gc,heap        ] GC(463) Eden regions: 142->0(282)
[114.105s][info][gc,heap        ] GC(463) Survivor regions: 46->7(41)
[114.105s][info][gc,heap        ] GC(463) Old regions: 325->374
[114.105s][info][gc,heap        ] GC(463) Archive regions: 0->0
[114.105s][info][gc,heap        ] GC(463) Humongous regions: 122->122
[114.105s][info][gc,metaspace   ] GC(463) Metaspace: 67772K(68736K)->67772K(68736K) NonClass: 59334K(59840K)->59334K(59840K) Class: 8437K(8896K)->8437K(8896K)
[114.105s][info][gc             ] GC(463) Pause Young (Concurrent Start) (G1 Humongous Allocation) 631M->499M(888M) 25.966ms
[114.105s][info][gc             ] GC(464) Concurrent Mark Cycle
[114.105s][info][gc,cpu         ] GC(463) User=0.66s Sys=0.00s Real=0.03s
[114.105s][info][gc,marking     ] GC(464) Concurrent Scan Root Regions
[114.109s][info][gc,marking     ] GC(464) Concurrent Scan Root Regions 3.633ms
[114.109s][info][gc,marking     ] GC(464) Concurrent Mark
[114.109s][info][gc,marking     ] GC(464) Concurrent Mark From Roots
[114.109s][info][gc,task        ] GC(464) Using 8 workers of 8 for marking
[114.140s][info][gc,marking     ] GC(464) Concurrent Mark From Roots 30.991ms
[114.140s][info][gc,marking     ] GC(464) Concurrent Preclean
[114.140s][info][gc,marking     ] GC(464) Concurrent Preclean 0.106ms
[114.140s][info][gc,start       ] GC(464) Pause Remark
[114.142s][info][gc             ] GC(464) Pause Remark 521M->280M(888M) 2.092ms
[114.142s][info][gc,cpu         ] GC(464) User=0.00s Sys=0.00s Real=0.00s
[114.142s][info][gc,marking     ] GC(464) Concurrent Mark 33.518ms
[114.142s][info][gc,marking     ] GC(464) Concurrent Rebuild Remembered Sets and Scrub Regions
[114.159s][info][gc,marking     ] GC(464) Concurrent Rebuild Remembered Sets and Scrub Regions 16.672ms
[114.159s][info][gc,start       ] GC(464) Pause Cleanup
[114.159s][info][gc             ] GC(464) Pause Cleanup 308M->308M(888M) 0.260ms
[114.160s][info][gc,cpu         ] GC(464) User=0.00s Sys=0.00s Real=0.00s
[114.160s][info][gc,marking     ] GC(464) Concurrent Clear Claimed Marks
[114.160s][info][gc,marking     ] GC(464) Concurrent Clear Claimed Marks 0.078ms
[114.160s][info][gc,marking     ] GC(464) Concurrent Cleanup for Next Mark
[114.160s][info][gc,marking     ] GC(464) Concurrent Cleanup for Next Mark 0.574ms
[114.160s][info][gc             ] GC(464) Concurrent Mark Cycle 55.160ms
[114.272s][info][gc,start       ] GC(465) Pause Young (Prepare Mixed) (G1 Evacuation Pause)
[114.272s][info][gc,task        ] GC(465) Using 21 workers of 33 for evacuation
[114.289s][info][gc,phases      ] GC(465)   Pre Evacuate Collection Set: 0.2ms
[114.289s][info][gc,phases      ] GC(465)   Merge Heap Roots: 0.1ms
[114.289s][info][gc,phases      ] GC(465)   Evacuate Collection Set: 15.9ms
[114.289s][info][gc,phases      ] GC(465)   Post Evacuate Collection Set: 0.6ms
[114.289s][info][gc,phases      ] GC(465)   Other: 0.1ms
[114.289s][info][gc,heap        ] GC(465) Eden regions: 282->0(436)
[114.289s][info][gc,heap        ] GC(465) Survivor regions: 7->36(37)
[114.289s][info][gc,heap        ] GC(465) Old regions: 245->245
[114.289s][info][gc,heap        ] GC(465) Archive regions: 0->0
[114.289s][info][gc,heap        ] GC(465) Humongous regions: 25->20
[114.289s][info][gc,metaspace   ] GC(465) Metaspace: 67803K(68800K)->67803K(68800K) NonClass: 59365K(59904K)->59365K(59904K) Class: 8437K(8896K)->8437K(8896K)
[114.289s][info][gc             ] GC(465) Pause Young (Prepare Mixed) (G1 Evacuation Pause) 555M->296M(888M) 17.069ms
[114.289s][info][gc,cpu         ] GC(465) User=0.33s Sys=0.00s Real=0.02s
[114.817s][info][gc,start       ] GC(466) Pause Young (Mixed) (G1 Evacuation Pause)
[114.817s][info][gc,task        ] GC(466) Using 21 workers of 33 for evacuation
[114.881s][info][gc,phases      ] GC(466)   Pre Evacuate Collection Set: 0.2ms
[114.881s][info][gc,phases      ] GC(466)   Merge Heap Roots: 0.4ms
[114.881s][info][gc,phases      ] GC(466)   Evacuate Collection Set: 62.1ms
[114.881s][info][gc,phases      ] GC(466)   Post Evacuate Collection Set: 0.6ms
[114.881s][info][gc,phases      ] GC(466)   Other: 0.2ms
[114.881s][info][gc,heap        ] GC(466) Eden regions: 358->0(401)
[114.881s][info][gc,heap        ] GC(466) Survivor regions: 36->49(59)
[114.881s][info][gc,heap        ] GC(466) Old regions: 245->268
[114.881s][info][gc,heap        ] GC(466) Archive regions: 0->0
[114.881s][info][gc,heap        ] GC(466) Humongous regions: 264->131
[114.881s][info][gc,metaspace   ] GC(466) Metaspace: 67806K(68800K)->67806K(68800K) NonClass: 59369K(59904K)->59369K(59904K) Class: 8437K(8896K)->8437K(8896K)
[114.881s][info][gc             ] GC(466) Pause Young (Mixed) (G1 Evacuation Pause) 898M->443M(987M) 63.826ms
[114.881s][info][gc,cpu         ] GC(466) User=1.27s Sys=0.05s Real=0.06s
[114.882s][info][gc,start       ] GC(467) Pause Young (Concurrent Start) (G1 Humongous Allocation)
[114.882s][info][gc,task        ] GC(467) Using 23 workers of 33 for evacuation
[114.901s][info][gc,phases      ] GC(467)   Pre Evacuate Collection Set: 0.2ms
[114.901s][info][gc,phases      ] GC(467)   Merge Heap Roots: 0.1ms
[114.901s][info][gc,phases      ] GC(467)   Evacuate Collection Set: 17.4ms
[114.901s][info][gc,phases      ] GC(467)   Post Evacuate Collection Set: 0.4ms
[114.901s][info][gc,phases      ] GC(467)   Other: 0.1ms
[114.901s][info][gc,heap        ] GC(467) Eden regions: 2->0(414)
[114.901s][info][gc,heap        ] GC(467) Survivor regions: 49->4(57)
[114.901s][info][gc,heap        ] GC(467) Old regions: 268->318
[114.901s][info][gc,heap        ] GC(467) Archive regions: 0->0
[114.901s][info][gc,heap        ] GC(467) Humongous regions: 131->131
[114.901s][info][gc,metaspace   ] GC(467) Metaspace: 67806K(68800K)->67806K(68800K) NonClass: 59369K(59904K)->59369K(59904K) Class: 8437K(8896K)->8437K(8896K)
[114.901s][info][gc             ] GC(467) Pause Young (Concurrent Start) (G1 Humongous Allocation) 445M->448M(993M) 18.491ms
[114.901s][info][gc             ] GC(468) Concurrent Mark Cycle
[114.901s][info][gc,cpu         ] GC(467) User=0.36s Sys=0.00s Real=0.02s
[114.901s][info][gc,marking     ] GC(468) Concurrent Scan Root Regions
[114.908s][info][gc,marking     ] GC(468) Concurrent Scan Root Regions 7.386ms
[114.908s][info][gc,marking     ] GC(468) Concurrent Mark
[114.908s][info][gc,marking     ] GC(468) Concurrent Mark From Roots
[114.908s][info][gc,task        ] GC(468) Using 8 workers of 8 for marking
[114.943s][info][gc,marking     ] GC(468) Concurrent Mark From Roots 34.474ms
[114.943s][info][gc,marking     ] GC(468) Concurrent Preclean
[114.943s][info][gc,marking     ] GC(468) Concurrent Preclean 0.253ms
[114.943s][info][gc,start       ] GC(468) Pause Remark
[114.946s][info][gc             ] GC(468) Pause Remark 528M->427M(993M) 3.287ms
[114.947s][info][gc,cpu         ] GC(468) User=0.00s Sys=0.00s Real=0.00s
[114.947s][info][gc,marking     ] GC(468) Concurrent Mark 38.409ms
[114.947s][info][gc,marking     ] GC(468) Concurrent Rebuild Remembered Sets and Scrub Regions
[114.965s][info][gc,marking     ] GC(468) Concurrent Rebuild Remembered Sets and Scrub Regions 17.825ms
[114.965s][info][gc,start       ] GC(468) Pause Cleanup
[114.965s][info][gc             ] GC(468) Pause Cleanup 444M->444M(993M) 0.326ms
[114.965s][info][gc,cpu         ] GC(468) User=0.00s Sys=0.00s Real=0.00s
[114.965s][info][gc,marking     ] GC(468) Concurrent Clear Claimed Marks
[114.965s][info][gc,marking     ] GC(468) Concurrent Clear Claimed Marks 0.113ms
[114.965s][info][gc,marking     ] GC(468) Concurrent Cleanup for Next Mark
[114.966s][info][gc,marking     ] GC(468) Concurrent Cleanup for Next Mark 0.791ms
[114.966s][info][gc             ] GC(468) Concurrent Mark Cycle 65.358ms
[115.227s][info][gc,start       ] GC(469) Pause Young (Prepare Mixed) (G1 Evacuation Pause)
[115.227s][info][gc,task        ] GC(469) Using 23 workers of 33 for evacuation
[115.258s][info][gc,phases      ] GC(469)   Pre Evacuate Collection Set: 0.2ms
[115.258s][info][gc,phases      ] GC(469)   Merge Heap Roots: 0.5ms
[115.258s][info][gc,phases      ] GC(469)   Evacuate Collection Set: 29.8ms
[115.258s][info][gc,phases      ] GC(469)   Post Evacuate Collection Set: 0.6ms
[115.258s][info][gc,phases      ] GC(469)   Other: 0.2ms
[115.258s][info][gc,heap        ] GC(469) Eden regions: 414->0(421)
[115.258s][info][gc,heap        ] GC(469) Survivor regions: 4->46(53)
[115.258s][info][gc,heap        ] GC(469) Old regions: 282->282
[115.258s][info][gc,heap        ] GC(469) Archive regions: 0->0
[115.258s][info][gc,heap        ] GC(469) Humongous regions: 150->109
[115.258s][info][gc,metaspace   ] GC(469) Metaspace: 67816K(68800K)->67816K(68800K) NonClass: 59378K(59904K)->59378K(59904K) Class: 8437K(8896K)->8437K(8896K)
[115.259s][info][gc             ] GC(469) Pause Young (Prepare Mixed) (G1 Evacuation Pause) 845M->432M(993M) 31.711ms
[115.259s][info][gc,cpu         ] GC(469) User=0.72s Sys=0.00s Real=0.03s
[115.453s][info][gc,start       ] GC(470) Pause Full (System.gc())
[115.454s][info][gc,task        ] GC(470) Using 23 workers of 33 for full compaction
[115.455s][info][gc,phases,start] GC(470) Phase 1: Mark live objects
[115.489s][info][gc,phases      ] GC(470) Phase 1: Mark live objects 34.842ms
[115.490s][info][gc,phases,start] GC(470) Phase 2: Prepare compaction
[115.494s][info][gc,phases      ] GC(470) Phase 2: Prepare compaction 4.072ms
[115.494s][info][gc,phases,start] GC(470) Phase 3: Adjust pointers
[115.502s][info][gc,phases      ] GC(470) Phase 3: Adjust pointers 8.696ms
[115.502s][info][gc,phases,start] GC(470) Phase 4: Compact heap
[115.503s][info][gc,phases      ] GC(470) Phase 4: Compact heap 0.636ms
[115.511s][info][gc,heap        ] GC(470) Eden regions: 332->0(290)
[115.511s][info][gc,heap        ] GC(470) Survivor regions: 46->0(53)
[115.511s][info][gc,heap        ] GC(470) Old regions: 282->155
[115.511s][info][gc,heap        ] GC(470) Archive regions: 0->0
[115.511s][info][gc,heap        ] GC(470) Humongous regions: 112->10
[115.511s][info][gc,metaspace   ] GC(470) Metaspace: 67816K(68800K)->67816K(68800K) NonClass: 59378K(59904K)->59378K(59904K) Class: 8437K(8896K)->8437K(8896K)
[115.512s][info][gc             ] GC(470) Pause Full (System.gc()) 767M->148M(550M) 58.086ms
[115.512s][info][gc,cpu         ] GC(470) User=1.09s Sys=0.00s Real=0.06s
[115.542s][info][gc,start       ] GC(471) Pause Young (Concurrent Start) (G1 Humongous Allocation)
[115.542s][info][gc,task        ] GC(471) Using 18 workers of 33 for evacuation
[115.543s][info][gc,phases      ] GC(471)   Pre Evacuate Collection Set: 0.3ms
[115.543s][info][gc,phases      ] GC(471)   Merge Heap Roots: 0.1ms
[115.544s][info][gc,phases      ] GC(471)   Evacuate Collection Set: 0.8ms
[115.544s][info][gc,phases      ] GC(471)   Post Evacuate Collection Set: 0.5ms
[115.544s][info][gc,phases      ] GC(471)   Other: 0.1ms
[115.544s][info][gc,heap        ] GC(471) Eden regions: 20->0(301)
[115.544s][info][gc,heap        ] GC(471) Survivor regions: 0->6(37)
[115.544s][info][gc,heap        ] GC(471) Old regions: 155->155
[115.544s][info][gc,heap        ] GC(471) Archive regions: 0->0
[115.544s][info][gc,heap        ] GC(471) Humongous regions: 10->10
[115.544s][info][gc,metaspace   ] GC(471) Metaspace: 67822K(68800K)->67822K(68800K) NonClass: 59384K(59904K)->59384K(59904K) Class: 8437K(8896K)->8437K(8896K)
[115.544s][info][gc             ] GC(471) Pause Young (Concurrent Start) (G1 Humongous Allocation) 168M->154M(550M) 2.170ms
[115.544s][info][gc             ] GC(472) Concurrent Mark Cycle
[115.544s][info][gc,cpu         ] GC(471) User=0.00s Sys=0.00s Real=0.00s
[115.544s][info][gc,marking     ] GC(472) Concurrent Scan Root Regions
[115.545s][info][gc,marking     ] GC(472) Concurrent Scan Root Regions 1.159ms
[115.545s][info][gc,marking     ] GC(472) Concurrent Mark
[115.545s][info][gc,marking     ] GC(472) Concurrent Mark From Roots
[115.545s][info][gc,task        ] GC(472) Using 8 workers of 8 for marking
[115.591s][info][gc,marking     ] GC(472) Concurrent Mark From Roots 45.930ms
[115.591s][info][gc,marking     ] GC(472) Concurrent Preclean
[115.591s][info][gc,marking     ] GC(472) Concurrent Preclean 0.229ms
[115.592s][info][gc,start       ] GC(472) Pause Remark
[115.594s][info][gc             ] GC(472) Pause Remark 185M->185M(550M) 2.008ms
[115.594s][info][gc,cpu         ] GC(472) User=0.00s Sys=0.00s Real=0.00s
[115.594s][info][gc,marking     ] GC(472) Concurrent Mark 48.586ms
[115.594s][info][gc,marking     ] GC(472) Concurrent Rebuild Remembered Sets and Scrub Regions
[115.606s][info][gc,marking     ] GC(472) Concurrent Rebuild Remembered Sets and Scrub Regions 12.155ms
[115.606s][info][gc,start       ] GC(472) Pause Cleanup
[115.606s][info][gc             ] GC(472) Pause Cleanup 203M->203M(550M) 0.169ms
[115.606s][info][gc,cpu         ] GC(472) User=0.00s Sys=0.00s Real=0.00s
[115.606s][info][gc,marking     ] GC(472) Concurrent Clear Claimed Marks
[115.606s][info][gc,marking     ] GC(472) Concurrent Clear Claimed Marks 0.088ms
[115.606s][info][gc,marking     ] GC(472) Concurrent Cleanup for Next Mark
[115.607s][info][gc,marking     ] GC(472) Concurrent Cleanup for Next Mark 0.313ms
[115.607s][info][gc             ] GC(472) Concurrent Mark Cycle 62.950ms
[115.742s][info][gc,start       ] GC(473) Pause Young (Prepare Mixed) (G1 Evacuation Pause)
[115.742s][info][gc,task        ] GC(473) Using 15 workers of 33 for evacuation
[115.771s][info][gc,phases      ] GC(473)   Pre Evacuate Collection Set: 0.2ms
[115.771s][info][gc,phases      ] GC(473)   Merge Heap Roots: 0.2ms
[115.771s][info][gc,phases      ] GC(473)   Evacuate Collection Set: 27.6ms
[115.771s][info][gc,phases      ] GC(473)   Post Evacuate Collection Set: 0.6ms
[115.771s][info][gc,phases      ] GC(473)   Other: 0.2ms
[115.771s][info][gc,heap        ] GC(473) Eden regions: 301->0(218)
[115.771s][info][gc,heap        ] GC(473) Survivor regions: 6->39(39)
[115.771s][info][gc,heap        ] GC(473) Old regions: 155->198
[115.771s][info][gc,heap        ] GC(473) Archive regions: 0->0
[115.771s][info][gc,heap        ] GC(473) Humongous regions: 42->37
[115.771s][info][gc,metaspace   ] GC(473) Metaspace: 67824K(68800K)->67824K(68800K) NonClass: 59387K(59904K)->59387K(59904K) Class: 8437K(8896K)->8437K(8896K)
[115.772s][info][gc             ] GC(473) Pause Young (Prepare Mixed) (G1 Evacuation Pause) 487M->257M(586M) 29.417ms
[115.772s][info][gc,cpu         ] GC(473) User=0.47s Sys=0.00s Real=0.03s
[115.886s][info][gc,start       ] GC(474) Pause Young (Mixed) (G1 Evacuation Pause)
[115.886s][info][gc,task        ] GC(474) Using 14 workers of 33 for evacuation
[115.922s][info][gc,phases      ] GC(474)   Pre Evacuate Collection Set: 0.2ms
[115.922s][info][gc,phases      ] GC(474)   Merge Heap Roots: 0.4ms
[115.922s][info][gc,phases      ] GC(474)   Evacuate Collection Set: 34.4ms
[115.922s][info][gc,phases      ] GC(474)   Post Evacuate Collection Set: 0.4ms
[115.922s][info][gc,phases      ] GC(474)   Other: 0.2ms
[115.922s][info][gc,heap        ] GC(474) Eden regions: 218->0(192)
[115.922s][info][gc,heap        ] GC(474) Survivor regions: 39->28(33)
[115.922s][info][gc,heap        ] GC(474) Old regions: 198->236
[115.922s][info][gc,heap        ] GC(474) Archive regions: 0->0
[115.922s][info][gc,heap        ] GC(474) Humongous regions: 58->58
[115.922s][info][gc,metaspace   ] GC(474) Metaspace: 67824K(68800K)->67824K(68800K) NonClass: 59387K(59904K)->59387K(59904K) Class: 8437K(8896K)->8437K(8896K)
[115.922s][info][gc             ] GC(474) Pause Young (Mixed) (G1 Evacuation Pause) 496M->308M(586M) 35.888ms
[115.922s][info][gc,cpu         ] GC(474) User=0.44s Sys=0.00s Real=0.03s
[116.024s][info][gc,start       ] GC(475) Pause Young (Concurrent Start) (G1 Humongous Allocation)
[116.025s][info][gc,task        ] GC(475) Using 14 workers of 33 for evacuation
[116.049s][info][gc,phases      ] GC(475)   Pre Evacuate Collection Set: 0.3ms
[116.049s][info][gc,phases      ] GC(475)   Merge Heap Roots: 0.2ms
[116.049s][info][gc,phases      ] GC(475)   Evacuate Collection Set: 23.7ms
[116.049s][info][gc,phases      ] GC(475)   Post Evacuate Collection Set: 0.4ms
[116.049s][info][gc,phases      ] GC(475)   Other: 0.1ms
[116.049s][info][gc,heap        ] GC(475) Eden regions: 191->0(182)
[116.049s][info][gc,heap        ] GC(475) Survivor regions: 28->20(28)
[116.049s][info][gc,heap        ] GC(475) Old regions: 236->264
[116.049s][info][gc,heap        ] GC(475) Archive regions: 0->0
[116.049s][info][gc,heap        ] GC(475) Humongous regions: 58->58
[116.049s][info][gc,metaspace   ] GC(475) Metaspace: 67824K(68800K)->67824K(68800K) NonClass: 59387K(59904K)->59387K(59904K) Class: 8437K(8896K)->8437K(8896K)
[116.049s][info][gc             ] GC(475) Pause Young (Concurrent Start) (G1 Humongous Allocation) 499M->328M(586M) 24.884ms
[116.049s][info][gc             ] GC(476) Concurrent Mark Cycle
[116.049s][info][gc,cpu         ] GC(475) User=0.31s Sys=0.02s Real=0.03s
[116.049s][info][gc,marking     ] GC(476) Concurrent Scan Root Regions
[116.054s][info][gc,marking     ] GC(476) Concurrent Scan Root Regions 5.032ms
[116.054s][info][gc,marking     ] GC(476) Concurrent Mark
[116.054s][info][gc,marking     ] GC(476) Concurrent Mark From Roots
[116.054s][info][gc,task        ] GC(476) Using 8 workers of 8 for marking
[116.110s][info][gc,marking     ] GC(476) Concurrent Mark From Roots 55.034ms
[116.110s][info][gc,marking     ] GC(476) Concurrent Preclean
[116.110s][info][gc,marking     ] GC(476) Concurrent Preclean 0.157ms
[116.110s][info][gc,start       ] GC(476) Pause Remark
[116.112s][info][gc             ] GC(476) Pause Remark 391M->368M(639M) 2.354ms
[116.112s][info][gc,cpu         ] GC(476) User=0.00s Sys=0.00s Real=0.00s
[116.112s][info][gc,marking     ] GC(476) Concurrent Mark 57.855ms
[116.112s][info][gc,marking     ] GC(476) Concurrent Rebuild Remembered Sets and Scrub Regions
[116.152s][info][gc,marking     ] GC(476) Concurrent Rebuild Remembered Sets and Scrub Regions 39.203ms
[116.152s][info][gc,start       ] GC(476) Pause Cleanup
[116.152s][info][gc             ] GC(476) Pause Cleanup 420M->420M(639M) 0.221ms
[116.152s][info][gc,cpu         ] GC(476) User=0.00s Sys=0.00s Real=0.00s
[116.152s][info][gc,marking     ] GC(476) Concurrent Clear Claimed Marks
[116.152s][info][gc,marking     ] GC(476) Concurrent Clear Claimed Marks 0.077ms
[116.152s][info][gc,marking     ] GC(476) Concurrent Cleanup for Next Mark
[116.153s][info][gc,marking     ] GC(476) Concurrent Cleanup for Next Mark 0.687ms
[116.153s][info][gc             ] GC(476) Concurrent Mark Cycle 103.498ms
[116.201s][info][gc,start       ] GC(477) Pause Young (Prepare Mixed) (G1 Evacuation Pause)
[116.201s][info][gc,task        ] GC(477) Using 15 workers of 33 for evacuation
[116.226s][info][gc,phases      ] GC(477)   Pre Evacuate Collection Set: 0.2ms
[116.226s][info][gc,phases      ] GC(477)   Merge Heap Roots: 0.7ms
[116.226s][info][gc,phases      ] GC(477)   Evacuate Collection Set: 23.2ms
[116.226s][info][gc,phases      ] GC(477)   Post Evacuate Collection Set: 0.5ms
[116.226s][info][gc,phases      ] GC(477)   Other: 0.2ms
[116.226s][info][gc,heap        ] GC(477) Eden regions: 182->0(217)
[116.226s][info][gc,heap        ] GC(477) Survivor regions: 20->17(26)
[116.226s][info][gc,heap        ] GC(477) Old regions: 264->284
[116.226s][info][gc,heap        ] GC(477) Archive regions: 0->0
[116.226s][info][gc,heap        ] GC(477) Humongous regions: 50->50
[116.226s][info][gc,metaspace   ] GC(477) Metaspace: 67824K(68800K)->67824K(68800K) NonClass: 59387K(59904K)->59387K(59904K) Class: 8437K(8896K)->8437K(8896K)
[116.226s][info][gc             ] GC(477) Pause Young (Prepare Mixed) (G1 Evacuation Pause) 502M->336M(639M) 25.039ms
[116.226s][info][gc,cpu         ] GC(477) User=0.47s Sys=0.00s Real=0.03s
[116.359s][info][gc,start       ] GC(478) Pause Young (Mixed) (G1 Evacuation Pause)
[116.359s][info][gc,task        ] GC(478) Using 15 workers of 33 for evacuation
[116.380s][info][gc,phases      ] GC(478)   Pre Evacuate Collection Set: 0.2ms
[116.380s][info][gc,phases      ] GC(478)   Merge Heap Roots: 0.2ms
[116.380s][info][gc,phases      ] GC(478)   Evacuate Collection Set: 19.0ms
[116.380s][info][gc,phases      ] GC(478)   Post Evacuate Collection Set: 1.1ms
[116.380s][info][gc,phases      ] GC(478)   Other: 0.1ms
[116.380s][info][gc,heap        ] GC(478) Eden regions: 217->0(291)
[116.380s][info][gc,heap        ] GC(478) Survivor regions: 17->29(30)
[116.380s][info][gc,heap        ] GC(478) Old regions: 284->282
[116.380s][info][gc,heap        ] GC(478) Archive regions: 0->0
[116.380s][info][gc,heap        ] GC(478) Humongous regions: 50->50
[116.380s][info][gc,metaspace   ] GC(478) Metaspace: 67824K(68800K)->67824K(68800K) NonClass: 59387K(59904K)->59387K(59904K) Class: 8437K(8896K)->8437K(8896K)
[116.380s][info][gc             ] GC(478) Pause Young (Mixed) (G1 Evacuation Pause) 553M->351M(741M) 20.771ms
[116.380s][info][gc,cpu         ] GC(478) User=0.47s Sys=0.00s Real=0.03s
[116.535s][info][gc,start       ] GC(479) Pause Young (Concurrent Start) (G1 Humongous Allocation)
[116.536s][info][gc,task        ] GC(479) Using 17 workers of 33 for evacuation
[116.560s][info][gc,phases      ] GC(479)   Pre Evacuate Collection Set: 0.3ms
[116.560s][info][gc,phases      ] GC(479)   Merge Heap Roots: 0.2ms
[116.560s][info][gc,phases      ] GC(479)   Evacuate Collection Set: 23.3ms
[116.560s][info][gc,phases      ] GC(479)   Post Evacuate Collection Set: 0.6ms
[116.560s][info][gc,phases      ] GC(479)   Other: 0.2ms
[116.560s][info][gc,heap        ] GC(479) Eden regions: 266->0(287)
[116.560s][info][gc,heap        ] GC(479) Survivor regions: 29->32(40)
[116.560s][info][gc,heap        ] GC(479) Old regions: 282->293
[116.560s][info][gc,heap        ] GC(479) Archive regions: 0->0
[116.560s][info][gc,heap        ] GC(479) Humongous regions: 50->50
[116.560s][info][gc,metaspace   ] GC(479) Metaspace: 67824K(68800K)->67824K(68800K) NonClass: 59387K(59904K)->59387K(59904K) Class: 8437K(8896K)->8437K(8896K)
[116.561s][info][gc             ] GC(479) Pause Young (Concurrent Start) (G1 Humongous Allocation) 617M->365M(741M) 25.173ms
[116.561s][info][gc             ] GC(480) Concurrent Mark Cycle
[116.561s][info][gc,cpu         ] GC(479) User=0.27s Sys=0.00s Real=0.02s
[116.561s][info][gc,marking     ] GC(480) Concurrent Scan Root Regions
[116.566s][info][gc,marking     ] GC(480) Concurrent Scan Root Regions 5.000ms
[116.566s][info][gc,marking     ] GC(480) Concurrent Mark
[116.566s][info][gc,marking     ] GC(480) Concurrent Mark From Roots
[116.566s][info][gc,task        ] GC(480) Using 8 workers of 8 for marking
[116.645s][info][gc,marking     ] GC(480) Concurrent Mark From Roots 78.878ms
[116.645s][info][gc,marking     ] GC(480) Concurrent Preclean
[116.645s][info][gc,marking     ] GC(480) Concurrent Preclean 0.193ms
[116.645s][info][gc,start       ] GC(480) Pause Remark
[116.647s][info][gc             ] GC(480) Pause Remark 486M->470M(802M) 2.436ms
[116.647s][info][gc,cpu         ] GC(480) User=0.00s Sys=0.00s Real=0.00s
[116.648s][info][gc,marking     ] GC(480) Concurrent Mark 81.826ms
[116.648s][info][gc,marking     ] GC(480) Concurrent Rebuild Remembered Sets and Scrub Regions
[116.697s][info][gc,marking     ] GC(480) Concurrent Rebuild Remembered Sets and Scrub Regions 48.916ms
[116.697s][info][gc,start       ] GC(480) Pause Cleanup
[116.697s][info][gc             ] GC(480) Pause Cleanup 506M->506M(802M) 0.372ms
[116.697s][info][gc,cpu         ] GC(480) User=0.00s Sys=0.00s Real=0.00s
[116.697s][info][gc,marking     ] GC(480) Concurrent Clear Claimed Marks
[116.697s][info][gc,marking     ] GC(480) Concurrent Clear Claimed Marks 0.112ms
[116.697s][info][gc,marking     ] GC(480) Concurrent Cleanup for Next Mark
[116.698s][info][gc,marking     ] GC(480) Concurrent Cleanup for Next Mark 1.184ms
[116.699s][info][gc             ] GC(480) Concurrent Mark Cycle 137.927ms
[116.990s][info][gc,start       ] GC(481) Pause Young (Prepare Mixed) (G1 Evacuation Pause)
[116.990s][info][gc,task        ] GC(481) Using 19 workers of 33 for evacuation
[117.021s][info][gc,phases      ] GC(481)   Pre Evacuate Collection Set: 0.2ms
[117.021s][info][gc,phases      ] GC(481)   Merge Heap Roots: 0.6ms
[117.021s][info][gc,phases      ] GC(481)   Evacuate Collection Set: 28.8ms
[117.021s][info][gc,phases      ] GC(481)   Post Evacuate Collection Set: 0.7ms
[117.021s][info][gc,phases      ] GC(481)   Other: 0.2ms
[117.021s][info][gc,heap        ] GC(481) Eden regions: 287->0(335)
[117.021s][info][gc,heap        ] GC(481) Survivor regions: 32->34(40)
[117.021s][info][gc,heap        ] GC(481) Old regions: 290->302
[117.021s][info][gc,heap        ] GC(481) Archive regions: 0->0
[117.021s][info][gc,heap        ] GC(481) Humongous regions: 53->53
[117.021s][info][gc,metaspace   ] GC(481) Metaspace: 67829K(68800K)->67829K(68800K) NonClass: 59391K(59904K)->59391K(59904K) Class: 8437K(8896K)->8437K(8896K)
[117.021s][info][gc             ] GC(481) Pause Young (Prepare Mixed) (G1 Evacuation Pause) 652M->379M(802M) 30.991ms
[117.021s][info][gc,cpu         ] GC(481) User=0.59s Sys=0.00s Real=0.03s
[118.111s][info][gc,start       ] GC(482) Pause Young (Mixed) (G1 Evacuation Pause)
[118.111s][info][gc,task        ] GC(482) Using 19 workers of 33 for evacuation
[118.153s][info][gc,phases      ] GC(482)   Pre Evacuate Collection Set: 0.2ms
[118.153s][info][gc,phases      ] GC(482)   Merge Heap Roots: 0.4ms
[118.153s][info][gc,phases      ] GC(482)   Evacuate Collection Set: 40.4ms
[118.153s][info][gc,phases      ] GC(482)   Post Evacuate Collection Set: 0.6ms
[118.153s][info][gc,phases      ] GC(482)   Other: 0.1ms
[118.153s][info][gc,heap        ] GC(482) Eden regions: 335->0(302)
[118.153s][info][gc,heap        ] GC(482) Survivor regions: 34->43(47)
[118.153s][info][gc,heap        ] GC(482) Old regions: 302->307
[118.153s][info][gc,heap        ] GC(482) Archive regions: 0->0
[118.153s][info][gc,heap        ] GC(482) Humongous regions: 91->86
[118.153s][info][gc,metaspace   ] GC(482) Metaspace: 67855K(68800K)->67855K(68800K) NonClass: 59417K(59904K)->59417K(59904K) Class: 8437K(8896K)->8437K(8896K)
[118.153s][info][gc             ] GC(482) Pause Young (Mixed) (G1 Evacuation Pause) 752M->431M(823M) 42.106ms
[118.153s][info][gc,cpu         ] GC(482) User=0.59s Sys=0.00s Real=0.03s
[118.301s][info][gc,start       ] GC(483) Pause Young (Concurrent Start) (G1 Humongous Allocation)
[118.301s][info][gc,task        ] GC(483) Using 19 workers of 33 for evacuation
[118.337s][info][gc,phases      ] GC(483)   Pre Evacuate Collection Set: 0.3ms
[118.337s][info][gc,phases      ] GC(483)   Merge Heap Roots: 0.3ms
[118.337s][info][gc,phases      ] GC(483)   Evacuate Collection Set: 34.6ms
[118.337s][info][gc,phases      ] GC(483)   Post Evacuate Collection Set: 0.4ms
[118.337s][info][gc,phases      ] GC(483)   Other: 0.1ms
[118.337s][info][gc,heap        ] GC(483) Eden regions: 123->0(285)
[118.337s][info][gc,heap        ] GC(483) Survivor regions: 43->24(44)
[118.337s][info][gc,heap        ] GC(483) Old regions: 307->346
[118.337s][info][gc,heap        ] GC(483) Archive regions: 0->0
[118.337s][info][gc,heap        ] GC(483) Humongous regions: 86->86
[118.337s][info][gc,metaspace   ] GC(483) Metaspace: 67855K(68800K)->67855K(68800K) NonClass: 59417K(59904K)->59417K(59904K) Class: 8437K(8896K)->8437K(8896K)
[118.337s][info][gc             ] GC(483) Pause Young (Concurrent Start) (G1 Humongous Allocation) 553M->452M(823M) 35.944ms
[118.337s][info][gc             ] GC(484) Concurrent Mark Cycle
[118.337s][info][gc,cpu         ] GC(483) User=0.59s Sys=0.00s Real=0.03s
[118.337s][info][gc,marking     ] GC(484) Concurrent Scan Root Regions
[118.344s][info][gc,marking     ] GC(484) Concurrent Scan Root Regions 6.857ms
[118.344s][info][gc,marking     ] GC(484) Concurrent Mark
[118.344s][info][gc,marking     ] GC(484) Concurrent Mark From Roots
[118.344s][info][gc,task        ] GC(484) Using 8 workers of 8 for marking
[118.376s][info][gc,marking     ] GC(484) Concurrent Mark From Roots 31.928ms
[118.376s][info][gc,marking     ] GC(484) Concurrent Preclean
[118.376s][info][gc,marking     ] GC(484) Concurrent Preclean 0.167ms
[118.377s][info][gc,start       ] GC(484) Pause Remark
[118.379s][info][gc             ] GC(484) Pause Remark 522M->321M(823M) 1.999ms
[118.379s][info][gc,cpu         ] GC(484) User=0.00s Sys=0.00s Real=0.00s
[118.379s][info][gc,marking     ] GC(484) Concurrent Mark 34.420ms
[118.379s][info][gc,marking     ] GC(484) Concurrent Rebuild Remembered Sets and Scrub Regions
[118.401s][info][gc,marking     ] GC(484) Concurrent Rebuild Remembered Sets and Scrub Regions 22.044ms
[118.401s][info][gc,start       ] GC(484) Pause Cleanup
[118.401s][info][gc             ] GC(484) Pause Cleanup 363M->363M(823M) 0.205ms
[118.401s][info][gc,cpu         ] GC(484) User=0.00s Sys=0.00s Real=0.00s
[118.401s][info][gc,marking     ] GC(484) Concurrent Clear Claimed Marks
[118.401s][info][gc,marking     ] GC(484) Concurrent Clear Claimed Marks 0.081ms
[118.401s][info][gc,marking     ] GC(484) Concurrent Cleanup for Next Mark
[118.402s][info][gc,marking     ] GC(484) Concurrent Cleanup for Next Mark 0.596ms
[118.402s][info][gc             ] GC(484) Concurrent Mark Cycle 64.643ms
[118.491s][info][gc,start       ] GC(485) Pause Young (Prepare Mixed) (G1 Evacuation Pause)
[118.491s][info][gc,task        ] GC(485) Using 19 workers of 33 for evacuation
[118.525s][info][gc,phases      ] GC(485)   Pre Evacuate Collection Set: 0.2ms
[118.525s][info][gc,phases      ] GC(485)   Merge Heap Roots: 0.3ms
[118.525s][info][gc,phases      ] GC(485)   Evacuate Collection Set: 33.0ms
[118.525s][info][gc,phases      ] GC(485)   Post Evacuate Collection Set: 0.5ms
[118.525s][info][gc,phases      ] GC(485)   Other: 0.2ms
[118.525s][info][gc,heap        ] GC(485) Eden regions: 285->0(325)
[118.525s][info][gc,heap        ] GC(485) Survivor regions: 24->39(39)
[118.525s][info][gc,heap        ] GC(485) Old regions: 209->268
[118.525s][info][gc,heap        ] GC(485) Archive regions: 0->0
[118.525s][info][gc,heap        ] GC(485) Humongous regions: 50->50
[118.525s][info][gc,metaspace   ] GC(485) Metaspace: 67855K(68800K)->67855K(68800K) NonClass: 59417K(59904K)->59417K(59904K) Class: 8437K(8896K)->8437K(8896K)
[118.525s][info][gc             ] GC(485) Pause Young (Prepare Mixed) (G1 Evacuation Pause) 564M->353M(823M) 34.488ms
[118.525s][info][gc,cpu         ] GC(485) User=0.89s Sys=0.00s Real=0.04s
[118.686s][info][gc,start       ] GC(486) Pause Young (Mixed) (G1 Evacuation Pause)
[118.686s][info][gc,task        ] GC(486) Using 19 workers of 33 for evacuation
[118.722s][info][gc,phases      ] GC(486)   Pre Evacuate Collection Set: 0.2ms
[118.722s][info][gc,phases      ] GC(486)   Merge Heap Roots: 0.5ms
[118.722s][info][gc,phases      ] GC(486)   Evacuate Collection Set: 34.6ms
[118.722s][info][gc,phases      ] GC(486)   Post Evacuate Collection Set: 0.4ms
[118.722s][info][gc,phases      ] GC(486)   Other: 0.2ms
[118.722s][info][gc,heap        ] GC(486) Eden regions: 325->0(287)
[118.722s][info][gc,heap        ] GC(486) Survivor regions: 39->40(46)
[118.722s][info][gc,heap        ] GC(486) Old regions: 268->309
[118.722s][info][gc,heap        ] GC(486) Archive regions: 0->0
[118.722s][info][gc,heap        ] GC(486) Humongous regions: 70->70
[118.722s][info][gc,metaspace   ] GC(486) Metaspace: 67855K(68800K)->67855K(68800K) NonClass: 59417K(59904K)->59417K(59904K) Class: 8437K(8896K)->8437K(8896K)
[118.722s][info][gc             ] GC(486) Pause Young (Mixed) (G1 Evacuation Pause) 698M->415M(823M) 36.236ms
[118.722s][info][gc,cpu         ] GC(486) User=0.59s Sys=0.00s Real=0.03s
[118.753s][info][gc,start       ] GC(487) Pause Young (Concurrent Start) (G1 Humongous Allocation)
[118.753s][info][gc,task        ] GC(487) Using 19 workers of 33 for evacuation
[118.773s][info][gc,phases      ] GC(487)   Pre Evacuate Collection Set: 0.3ms
[118.773s][info][gc,phases      ] GC(487)   Merge Heap Roots: 0.1ms
[118.773s][info][gc,phases      ] GC(487)   Evacuate Collection Set: 18.8ms
[118.773s][info][gc,phases      ] GC(487)   Post Evacuate Collection Set: 0.8ms
[118.773s][info][gc,phases      ] GC(487)   Other: 0.1ms
[118.773s][info][gc,heap        ] GC(487) Eden regions: 56->0(322)
[118.773s][info][gc,heap        ] GC(487) Survivor regions: 40->9(41)
[118.773s][info][gc,heap        ] GC(487) Old regions: 309->347
[118.773s][info][gc,heap        ] GC(487) Archive regions: 0->0
[118.773s][info][gc,heap        ] GC(487) Humongous regions: 70->70
[118.773s][info][gc,metaspace   ] GC(487) Metaspace: 67855K(68800K)->67855K(68800K) NonClass: 59417K(59904K)->59417K(59904K) Class: 8437K(8896K)->8437K(8896K)
[118.773s][info][gc             ] GC(487) Pause Young (Concurrent Start) (G1 Humongous Allocation) 470M->422M(864M) 20.407ms
[118.773s][info][gc             ] GC(488) Concurrent Mark Cycle
[118.773s][info][gc,cpu         ] GC(487) User=0.30s Sys=0.00s Real=0.02s
[118.773s][info][gc,marking     ] GC(488) Concurrent Scan Root Regions
[118.778s][info][gc,marking     ] GC(488) Concurrent Scan Root Regions 4.668ms
[118.778s][info][gc,marking     ] GC(488) Concurrent Mark
[118.778s][info][gc,marking     ] GC(488) Concurrent Mark From Roots
[118.778s][info][gc,task        ] GC(488) Using 8 workers of 8 for marking
[118.835s][info][gc,marking     ] GC(488) Concurrent Mark From Roots 56.950ms
[118.835s][info][gc,marking     ] GC(488) Concurrent Preclean
[118.835s][info][gc,marking     ] GC(488) Concurrent Preclean 0.223ms
[118.835s][info][gc,start       ] GC(488) Pause Remark
[118.838s][info][gc             ] GC(488) Pause Remark 514M->477M(864M) 2.065ms
[118.838s][info][gc,cpu         ] GC(488) User=0.00s Sys=0.00s Real=0.00s
[118.838s][info][gc,marking     ] GC(488) Concurrent Mark 59.581ms
[118.838s][info][gc,marking     ] GC(488) Concurrent Rebuild Remembered Sets and Scrub Regions
[118.883s][info][gc,marking     ] GC(488) Concurrent Rebuild Remembered Sets and Scrub Regions 45.324ms
[118.883s][info][gc,start       ] GC(488) Pause Cleanup
[118.884s][info][gc             ] GC(488) Pause Cleanup 558M->558M(864M) 0.374ms
[118.884s][info][gc,cpu         ] GC(488) User=0.00s Sys=0.00s Real=0.00s
[118.884s][info][gc,marking     ] GC(488) Concurrent Clear Claimed Marks
[118.884s][info][gc,marking     ] GC(488) Concurrent Clear Claimed Marks 0.102ms
[118.884s][info][gc,marking     ] GC(488) Concurrent Cleanup for Next Mark
[118.884s][info][gc,marking     ] GC(488) Concurrent Cleanup for Next Mark 0.603ms
[118.884s][info][gc             ] GC(488) Concurrent Mark Cycle 111.154ms
[118.965s][info][gc,start       ] GC(489) Pause Young (Prepare Mixed) (G1 Evacuation Pause)
[118.965s][info][gc,task        ] GC(489) Using 20 workers of 33 for evacuation
[118.989s][info][gc,phases      ] GC(489)   Pre Evacuate Collection Set: 0.2ms
[118.989s][info][gc,phases      ] GC(489)   Merge Heap Roots: 0.8ms
[118.989s][info][gc,phases      ] GC(489)   Evacuate Collection Set: 22.8ms
[118.989s][info][gc,phases      ] GC(489)   Post Evacuate Collection Set: 0.6ms
[118.989s][info][gc,phases      ] GC(489)   Other: 0.2ms
[118.989s][info][gc,heap        ] GC(489) Eden regions: 322->0(324)
[118.989s][info][gc,heap        ] GC(489) Survivor regions: 9->35(42)
[118.989s][info][gc,heap        ] GC(489) Old regions: 345->345
[118.989s][info][gc,heap        ] GC(489) Archive regions: 0->0
[118.989s][info][gc,heap        ] GC(489) Humongous regions: 55->55
[118.989s][info][gc,metaspace   ] GC(489) Metaspace: 67855K(68800K)->67855K(68800K) NonClass: 59417K(59904K)->59417K(59904K) Class: 8437K(8896K)->8437K(8896K)
[118.990s][info][gc             ] GC(489) Pause Young (Prepare Mixed) (G1 Evacuation Pause) 727M->431M(864M) 24.902ms
[118.990s][info][gc,cpu         ] GC(489) User=0.63s Sys=0.00s Real=0.03s
[119.148s][info][gc,start       ] GC(490) Pause Young (Mixed) (G1 Evacuation Pause)
[119.148s][info][gc,task        ] GC(490) Using 20 workers of 33 for evacuation
[119.178s][info][gc,phases      ] GC(490)   Pre Evacuate Collection Set: 0.2ms
[119.178s][info][gc,phases      ] GC(490)   Merge Heap Roots: 0.2ms
[119.178s][info][gc,phases      ] GC(490)   Evacuate Collection Set: 28.7ms
[119.178s][info][gc,phases      ] GC(490)   Post Evacuate Collection Set: 0.5ms
[119.178s][info][gc,phases      ] GC(490)   Other: 0.2ms
[119.178s][info][gc,heap        ] GC(490) Eden regions: 324->0(353)
[119.178s][info][gc,heap        ] GC(490) Survivor regions: 35->26(45)
[119.178s][info][gc,heap        ] GC(490) Old regions: 345->329
[119.178s][info][gc,heap        ] GC(490) Archive regions: 0->0
[119.178s][info][gc,heap        ] GC(490) Humongous regions: 55->55
[119.178s][info][gc,metaspace   ] GC(490) Metaspace: 67855K(68800K)->67855K(68800K) NonClass: 59417K(59904K)->59417K(59904K) Class: 8437K(8896K)->8437K(8896K)
[119.178s][info][gc             ] GC(490) Pause Young (Mixed) (G1 Evacuation Pause) 755M->406M(864M) 30.113ms
[119.179s][info][gc,cpu         ] GC(490) User=0.63s Sys=0.00s Real=0.03s
[119.325s][info][gc,start       ] GC(491) Pause Young (Concurrent Start) (G1 Humongous Allocation)
[119.326s][info][gc,task        ] GC(491) Using 20 workers of 33 for evacuation
[119.347s][info][gc,phases      ] GC(491)   Pre Evacuate Collection Set: 0.3ms
[119.347s][info][gc,phases      ] GC(491)   Merge Heap Roots: 0.2ms
[119.347s][info][gc,phases      ] GC(491)   Evacuate Collection Set: 19.9ms
[119.347s][info][gc,phases      ] GC(491)   Post Evacuate Collection Set: 0.4ms
[119.347s][info][gc,phases      ] GC(491)   Other: 0.2ms
[119.347s][info][gc,heap        ] GC(491) Eden regions: 165->0(353)
[119.347s][info][gc,heap        ] GC(491) Survivor regions: 26->35(48)
[119.347s][info][gc,heap        ] GC(491) Old regions: 329->329
[119.347s][info][gc,heap        ] GC(491) Archive regions: 0->0
[119.347s][info][gc,heap        ] GC(491) Humongous regions: 55->55
[119.347s][info][gc,metaspace   ] GC(491) Metaspace: 67855K(68800K)->67855K(68800K) NonClass: 59417K(59904K)->59417K(59904K) Class: 8437K(8896K)->8437K(8896K)
[119.347s][info][gc             ] GC(491) Pause Young (Concurrent Start) (G1 Humongous Allocation) 570M->414M(864M) 21.522ms
[119.347s][info][gc             ] GC(492) Concurrent Mark Cycle
[119.347s][info][gc,cpu         ] GC(491) User=0.31s Sys=0.00s Real=0.02s
[119.347s][info][gc,marking     ] GC(492) Concurrent Scan Root Regions
[119.354s][info][gc,marking     ] GC(492) Concurrent Scan Root Regions 6.637ms
[119.354s][info][gc,marking     ] GC(492) Concurrent Mark
[119.354s][info][gc,marking     ] GC(492) Concurrent Mark From Roots
[119.354s][info][gc,task        ] GC(492) Using 8 workers of 8 for marking
[119.419s][info][gc,marking     ] GC(492) Concurrent Mark From Roots 65.353ms
[119.419s][info][gc,marking     ] GC(492) Concurrent Preclean
[119.419s][info][gc,marking     ] GC(492) Concurrent Preclean 0.305ms
[119.420s][info][gc,start       ] GC(492) Pause Remark
[119.422s][info][gc             ] GC(492) Pause Remark 417M->319M(864M) 1.990ms
[119.422s][info][gc,cpu         ] GC(492) User=0.00s Sys=0.00s Real=0.00s
[119.422s][info][gc,marking     ] GC(492) Concurrent Mark 68.071ms
[119.422s][info][gc,marking     ] GC(492) Concurrent Rebuild Remembered Sets and Scrub Regions
[119.460s][info][gc,marking     ] GC(492) Concurrent Rebuild Remembered Sets and Scrub Regions 38.159ms
[119.460s][info][gc,start       ] GC(492) Pause Cleanup
[119.460s][info][gc             ] GC(492) Pause Cleanup 324M->324M(864M) 0.349ms
[119.460s][info][gc,cpu         ] GC(492) User=0.00s Sys=0.00s Real=0.00s
[119.461s][info][gc,marking     ] GC(492) Concurrent Clear Claimed Marks
[119.461s][info][gc,marking     ] GC(492) Concurrent Clear Claimed Marks 0.086ms
[119.461s][info][gc,marking     ] GC(492) Concurrent Cleanup for Next Mark
[119.461s][info][gc,marking     ] GC(492) Concurrent Cleanup for Next Mark 0.560ms
[119.461s][info][gc             ] GC(492) Concurrent Mark Cycle 114.376ms
[120.263s][info][gc,start       ] GC(493) Pause Young (Prepare Mixed) (G1 Evacuation Pause)
[120.263s][info][gc,task        ] GC(493) Using 20 workers of 33 for evacuation
[120.324s][info][gc,phases      ] GC(493)   Pre Evacuate Collection Set: 0.2ms
[120.324s][info][gc,phases      ] GC(493)   Merge Heap Roots: 0.7ms
[120.324s][info][gc,phases      ] GC(493)   Evacuate Collection Set: 58.9ms
[120.324s][info][gc,phases      ] GC(493)   Post Evacuate Collection Set: 0.7ms
[120.324s][info][gc,phases      ] GC(493)   Other: 0.1ms
[120.324s][info][gc,heap        ] GC(493) Eden regions: 353->0(319)
[120.324s][info][gc,heap        ] GC(493) Survivor regions: 35->49(49)
[120.324s][info][gc,heap        ] GC(493) Old regions: 256->291
[120.324s][info][gc,heap        ] GC(493) Archive regions: 0->0
[120.324s][info][gc,heap        ] GC(493) Humongous regions: 108->98
[120.324s][info][gc,metaspace   ] GC(493) Metaspace: 67892K(68864K)->67892K(68864K) NonClass: 59454K(59968K)->59454K(59968K) Class: 8437K(8896K)->8437K(8896K)
[120.324s][info][gc             ] GC(493) Pause Young (Prepare Mixed) (G1 Evacuation Pause) 747M->434M(864M) 60.795ms
[120.324s][info][gc,cpu         ] GC(493) User=1.25s Sys=0.00s Real=0.07s
[120.685s][info][gc,start       ] GC(494) Pause Young (Mixed) (G1 Evacuation Pause)
[120.686s][info][gc,task        ] GC(494) Using 20 workers of 33 for evacuation
[120.740s][info][gc,phases      ] GC(494)   Pre Evacuate Collection Set: 0.2ms
[120.740s][info][gc,phases      ] GC(494)   Merge Heap Roots: 0.6ms
[120.740s][info][gc,phases      ] GC(494)   Evacuate Collection Set: 53.0ms
[120.740s][info][gc,phases      ] GC(494)   Post Evacuate Collection Set: 0.6ms
[120.740s][info][gc,phases      ] GC(494)   Other: 0.1ms
[120.740s][info][gc,heap        ] GC(494) Eden regions: 319->0(283)
[120.740s][info][gc,heap        ] GC(494) Survivor regions: 49->46(46)
[120.740s][info][gc,heap        ] GC(494) Old regions: 291->325
[120.740s][info][gc,heap        ] GC(494) Archive regions: 0->0
[120.740s][info][gc,heap        ] GC(494) Humongous regions: 127->122
[120.740s][info][gc,metaspace   ] GC(494) Metaspace: 67904K(68864K)->67904K(68864K) NonClass: 59466K(59968K)->59466K(59968K) Class: 8437K(8896K)->8437K(8896K)
[120.740s][info][gc             ] GC(494) Pause Young (Mixed) (G1 Evacuation Pause) 782M->488M(886M) 54.805ms
[120.740s][info][gc,cpu         ] GC(494) User=1.20s Sys=0.05s Real=0.06s
[120.977s][info][gc,start       ] GC(495) Pause Young (Concurrent Start) (G1 Humongous Allocation)
[120.977s][info][gc,task        ] GC(495) Using 21 workers of 33 for evacuation
[121.000s][info][gc,phases      ] GC(495)   Pre Evacuate Collection Set: 0.4ms
[121.000s][info][gc,phases      ] GC(495)   Merge Heap Roots: 0.2ms
[121.000s][info][gc,phases      ] GC(495)   Evacuate Collection Set: 21.5ms
[121.000s][info][gc,phases      ] GC(495)   Post Evacuate Collection Set: 0.6ms
[121.000s][info][gc,phases      ] GC(495)   Other: 0.2ms
[121.000s][info][gc,heap        ] GC(495) Eden regions: 140->0(294)
[121.000s][info][gc,heap        ] GC(495) Survivor regions: 46->6(42)
[121.000s][info][gc,heap        ] GC(495) Old regions: 325->374
[121.000s][info][gc,heap        ] GC(495) Archive regions: 0->0
[121.000s][info][gc,heap        ] GC(495) Humongous regions: 122->122
[121.000s][info][gc,metaspace   ] GC(495) Metaspace: 67905K(68864K)->67905K(68864K) NonClass: 59467K(59968K)->59467K(59968K) Class: 8437K(8896K)->8437K(8896K)
[121.000s][info][gc             ] GC(495) Pause Young (Concurrent Start) (G1 Humongous Allocation) 628M->498M(886M) 23.265ms
[121.001s][info][gc             ] GC(496) Concurrent Mark Cycle
[121.001s][info][gc,cpu         ] GC(495) User=0.66s Sys=0.00s Real=0.03s
[121.001s][info][gc,marking     ] GC(496) Concurrent Scan Root Regions
[121.004s][info][gc,marking     ] GC(496) Concurrent Scan Root Regions 3.574ms
[121.004s][info][gc,marking     ] GC(496) Concurrent Mark
[121.004s][info][gc,marking     ] GC(496) Concurrent Mark From Roots
[121.004s][info][gc,task        ] GC(496) Using 8 workers of 8 for marking
[121.039s][info][gc,marking     ] GC(496) Concurrent Mark From Roots 35.233ms
[121.039s][info][gc,marking     ] GC(496) Concurrent Preclean
[121.040s][info][gc,marking     ] GC(496) Concurrent Preclean 0.120ms
[121.040s][info][gc,start       ] GC(496) Pause Remark
[121.042s][info][gc             ] GC(496) Pause Remark 520M->281M(886M) 2.244ms
[121.042s][info][gc,cpu         ] GC(496) User=0.34s Sys=0.00s Real=0.02s
[121.042s][info][gc,marking     ] GC(496) Concurrent Mark 37.975ms
[121.042s][info][gc,marking     ] GC(496) Concurrent Rebuild Remembered Sets and Scrub Regions
[121.058s][info][gc,marking     ] GC(496) Concurrent Rebuild Remembered Sets and Scrub Regions 15.989ms
[121.058s][info][gc,start       ] GC(496) Pause Cleanup
[121.059s][info][gc             ] GC(496) Pause Cleanup 308M->308M(886M) 0.254ms
[121.059s][info][gc,cpu         ] GC(496) User=0.00s Sys=0.00s Real=0.00s
[121.059s][info][gc,marking     ] GC(496) Concurrent Clear Claimed Marks
[121.059s][info][gc,marking     ] GC(496) Concurrent Clear Claimed Marks 0.079ms
[121.059s][info][gc,marking     ] GC(496) Concurrent Cleanup for Next Mark
[121.059s][info][gc,marking     ] GC(496) Concurrent Cleanup for Next Mark 0.582ms
[121.059s][info][gc             ] GC(496) Concurrent Mark Cycle 58.872ms
[121.181s][info][gc,start       ] GC(497) Pause Young (Prepare Mixed) (G1 Evacuation Pause)
[121.181s][info][gc,task        ] GC(497) Using 21 workers of 33 for evacuation
[121.199s][info][gc,phases      ] GC(497)   Pre Evacuate Collection Set: 0.2ms
[121.199s][info][gc,phases      ] GC(497)   Merge Heap Roots: 0.2ms
[121.199s][info][gc,phases      ] GC(497)   Evacuate Collection Set: 17.4ms
[121.199s][info][gc,phases      ] GC(497)   Post Evacuate Collection Set: 0.6ms
[121.199s][info][gc,phases      ] GC(497)   Other: 0.1ms
[121.199s][info][gc,heap        ] GC(497) Eden regions: 294->0(450)
[121.199s][info][gc,heap        ] GC(497) Survivor regions: 6->38(38)
[121.199s][info][gc,heap        ] GC(497) Old regions: 247->247
[121.199s][info][gc,heap        ] GC(497) Archive regions: 0->0
[121.199s][info][gc,heap        ] GC(497) Humongous regions: 25->20
[121.199s][info][gc,metaspace   ] GC(497) Metaspace: 67915K(68864K)->67915K(68864K) NonClass: 59477K(59968K)->59477K(59968K) Class: 8437K(8896K)->8437K(8896K)
[121.199s][info][gc             ] GC(497) Pause Young (Prepare Mixed) (G1 Evacuation Pause) 568M->300M(886M) 18.726ms
[121.199s][info][gc,cpu         ] GC(497) User=0.33s Sys=0.02s Real=0.02s
[121.715s][info][gc,start       ] GC(498) Pause Young (Mixed) (G1 Evacuation Pause)
[121.715s][info][gc,task        ] GC(498) Using 21 workers of 33 for evacuation
[121.778s][info][gc,phases      ] GC(498)   Pre Evacuate Collection Set: 0.2ms
[121.778s][info][gc,phases      ] GC(498)   Merge Heap Roots: 0.4ms
[121.778s][info][gc,phases      ] GC(498)   Evacuate Collection Set: 61.5ms
[121.778s][info][gc,phases      ] GC(498)   Post Evacuate Collection Set: 0.7ms
[121.778s][info][gc,phases      ] GC(498)   Other: 0.2ms
[121.778s][info][gc,heap        ] GC(498) Eden regions: 361->0(420)
[121.778s][info][gc,heap        ] GC(498) Survivor regions: 38->49(61)
[121.778s][info][gc,heap        ] GC(498) Old regions: 247->271
[121.778s][info][gc,heap        ] GC(498) Archive regions: 0->0
[121.778s][info][gc,heap        ] GC(498) Humongous regions: 249->121
[121.778s][info][gc,metaspace   ] GC(498) Metaspace: 67919K(68864K)->67919K(68864K) NonClass: 59481K(59968K)->59481K(59968K) Class: 8437K(8896K)->8437K(8896K)
[121.778s][info][gc             ] GC(498) Pause Young (Mixed) (G1 Evacuation Pause) 890M->437M(990M) 63.358ms
[121.778s][info][gc,cpu         ] GC(498) User=1.25s Sys=0.06s Real=0.06s
[121.782s][info][gc,start       ] GC(499) Pause Young (Concurrent Start) (G1 Humongous Allocation)
[121.782s][info][gc,task        ] GC(499) Using 23 workers of 33 for evacuation
[121.801s][info][gc,phases      ] GC(499)   Pre Evacuate Collection Set: 0.2ms
[121.801s][info][gc,phases      ] GC(499)   Merge Heap Roots: 0.1ms
[121.801s][info][gc,phases      ] GC(499)   Evacuate Collection Set: 17.4ms
[121.801s][info][gc,phases      ] GC(499)   Post Evacuate Collection Set: 0.4ms
[121.801s][info][gc,phases      ] GC(499)   Other: 0.1ms
[121.801s][info][gc,heap        ] GC(499) Eden regions: 6->0(436)
[121.801s][info][gc,heap        ] GC(499) Survivor regions: 49->7(59)
[121.801s][info][gc,heap        ] GC(499) Old regions: 271->321
[121.801s][info][gc,heap        ] GC(499) Archive regions: 0->0
[121.801s][info][gc,heap        ] GC(499) Humongous regions: 121->121
[121.801s][info][gc,metaspace   ] GC(499) Metaspace: 67919K(68864K)->67919K(68864K) NonClass: 59481K(59968K)->59481K(59968K) Class: 8437K(8896K)->8437K(8896K)
[121.801s][info][gc             ] GC(499) Pause Young (Concurrent Start) (G1 Humongous Allocation) 442M->444M(990M) 18.438ms
[121.801s][info][gc             ] GC(500) Concurrent Mark Cycle
[121.801s][info][gc,cpu         ] GC(499) User=0.36s Sys=0.00s Real=0.01s
[121.801s][info][gc,marking     ] GC(500) Concurrent Scan Root Regions
[121.806s][info][gc,marking     ] GC(500) Concurrent Scan Root Regions 5.357ms
[121.806s][info][gc,marking     ] GC(500) Concurrent Mark
[121.806s][info][gc,marking     ] GC(500) Concurrent Mark From Roots
[121.806s][info][gc,task        ] GC(500) Using 8 workers of 8 for marking
[121.841s][info][gc,marking     ] GC(500) Concurrent Mark From Roots 34.455ms
[121.841s][info][gc,marking     ] GC(500) Concurrent Preclean
[121.841s][info][gc,marking     ] GC(500) Concurrent Preclean 0.263ms
[121.842s][info][gc,start       ] GC(500) Pause Remark
[121.844s][info][gc             ] GC(500) Pause Remark 513M->409M(990M) 2.146ms
[121.844s][info][gc,cpu         ] GC(500) User=0.00s Sys=0.00s Real=0.00s
[121.844s][info][gc,marking     ] GC(500) Concurrent Mark 37.642ms
[121.844s][info][gc,marking     ] GC(500) Concurrent Rebuild Remembered Sets and Scrub Regions
[121.862s][info][gc,marking     ] GC(500) Concurrent Rebuild Remembered Sets and Scrub Regions 17.765ms
[121.862s][info][gc,start       ] GC(500) Pause Cleanup
[121.862s][info][gc             ] GC(500) Pause Cleanup 425M->425M(990M) 0.353ms
[121.862s][info][gc,cpu         ] GC(500) User=0.00s Sys=0.00s Real=0.00s
[121.863s][info][gc,marking     ] GC(500) Concurrent Clear Claimed Marks
[121.863s][info][gc,marking     ] GC(500) Concurrent Clear Claimed Marks 0.114ms
[121.863s][info][gc,marking     ] GC(500) Concurrent Cleanup for Next Mark
[121.863s][info][gc,marking     ] GC(500) Concurrent Cleanup for Next Mark 0.763ms
[121.863s][info][gc             ] GC(500) Concurrent Mark Cycle 62.537ms
[122.127s][info][gc,start       ] GC(501) Pause Young (Prepare Mixed) (G1 Evacuation Pause)
[122.127s][info][gc,task        ] GC(501) Using 23 workers of 33 for evacuation
[122.156s][info][gc,phases      ] GC(501)   Pre Evacuate Collection Set: 0.2ms
[122.156s][info][gc,phases      ] GC(501)   Merge Heap Roots: 0.5ms
[122.156s][info][gc,phases      ] GC(501)   Evacuate Collection Set: 27.3ms
[122.156s][info][gc,phases      ] GC(501)   Post Evacuate Collection Set: 0.6ms
[122.156s][info][gc,phases      ] GC(501)   Other: 0.2ms
[122.156s][info][gc,heap        ] GC(501) Eden regions: 436->0(447)
[122.156s][info][gc,heap        ] GC(501) Survivor regions: 7->44(56)
[122.156s][info][gc,heap        ] GC(501) Old regions: 282->282
[122.156s][info][gc,heap        ] GC(501) Archive regions: 0->0
[122.156s][info][gc,heap        ] GC(501) Humongous regions: 155->99
[122.156s][info][gc,metaspace   ] GC(501) Metaspace: 67922K(68864K)->67922K(68864K) NonClass: 59484K(59968K)->59484K(59968K) Class: 8438K(8896K)->8438K(8896K)
[122.156s][info][gc             ] GC(501) Pause Young (Prepare Mixed) (G1 Evacuation Pause) 875M->421M(990M) 29.113ms
[122.156s][info][gc,cpu         ] GC(501) User=0.36s Sys=0.00s Real=0.02s
[122.333s][info][gc,start       ] GC(502) Pause Full (System.gc())
[122.333s][info][gc,task        ] GC(502) Using 23 workers of 33 for full compaction
[122.334s][info][gc,phases,start] GC(502) Phase 1: Mark live objects
[122.369s][info][gc,phases      ] GC(502) Phase 1: Mark live objects 34.387ms
[122.369s][info][gc,phases,start] GC(502) Phase 2: Prepare compaction
[122.373s][info][gc,phases      ] GC(502) Phase 2: Prepare compaction 4.106ms
[122.373s][info][gc,phases,start] GC(502) Phase 3: Adjust pointers
[122.382s][info][gc,phases      ] GC(502) Phase 3: Adjust pointers 8.972ms
[122.382s][info][gc,phases,start] GC(502) Phase 4: Compact heap
[122.383s][info][gc,phases      ] GC(502) Phase 4: Compact heap 0.713ms
[122.392s][info][gc,heap        ] GC(502) Eden regions: 292->0(303)
[122.392s][info][gc,heap        ] GC(502) Survivor regions: 44->0(56)
[122.392s][info][gc,heap        ] GC(502) Old regions: 282->155
[122.392s][info][gc,heap        ] GC(502) Archive regions: 0->0
[122.392s][info][gc,heap        ] GC(502) Humongous regions: 102->10
[122.392s][info][gc,metaspace   ] GC(502) Metaspace: 67922K(68864K)->67922K(68864K) NonClass: 59484K(59968K)->59484K(59968K) Class: 8438K(8896K)->8438K(8896K)
[122.392s][info][gc             ] GC(502) Pause Full (System.gc()) 715M->149M(550M) 58.406ms
[122.392s][info][gc,cpu         ] GC(502) User=1.44s Sys=0.00s Real=0.06s
[122.422s][info][gc,start       ] GC(503) Pause Young (Concurrent Start) (G1 Humongous Allocation)
[122.422s][info][gc,task        ] GC(503) Using 18 workers of 33 for evacuation
[122.425s][info][gc,phases      ] GC(503)   Pre Evacuate Collection Set: 0.4ms
[122.425s][info][gc,phases      ] GC(503)   Merge Heap Roots: 0.1ms
[122.425s][info][gc,phases      ] GC(503)   Evacuate Collection Set: 1.1ms
[122.425s][info][gc,phases      ] GC(503)   Post Evacuate Collection Set: 0.6ms
[122.425s][info][gc,phases      ] GC(503)   Other: 0.2ms
[122.425s][info][gc,heap        ] GC(503) Eden regions: 18->0(311)
[122.425s][info][gc,heap        ] GC(503) Survivor regions: 0->6(38)
[122.425s][info][gc,heap        ] GC(503) Old regions: 155->155
[122.425s][info][gc,heap        ] GC(503) Archive regions: 0->0
[122.425s][info][gc,heap        ] GC(503) Humongous regions: 10->10
[122.425s][info][gc,metaspace   ] GC(503) Metaspace: 67927K(68864K)->67927K(68864K) NonClass: 59488K(59968K)->59488K(59968K) Class: 8439K(8896K)->8439K(8896K)
[122.425s][info][gc             ] GC(503) Pause Young (Concurrent Start) (G1 Humongous Allocation) 166M->155M(550M) 2.783ms
[122.425s][info][gc             ] GC(504) Concurrent Mark Cycle
[122.425s][info][gc,cpu         ] GC(503) User=0.00s Sys=0.00s Real=0.00s
[122.425s][info][gc,marking     ] GC(504) Concurrent Scan Root Regions
[122.426s][info][gc,marking     ] GC(504) Concurrent Scan Root Regions 0.766ms
[122.426s][info][gc,marking     ] GC(504) Concurrent Mark
[122.426s][info][gc,marking     ] GC(504) Concurrent Mark From Roots
[122.426s][info][gc,task        ] GC(504) Using 8 workers of 8 for marking
[122.474s][info][gc,marking     ] GC(504) Concurrent Mark From Roots 47.562ms
[122.474s][info][gc,marking     ] GC(504) Concurrent Preclean
[122.474s][info][gc,marking     ] GC(504) Concurrent Preclean 0.241ms
[122.474s][info][gc,start       ] GC(504) Pause Remark
[122.476s][info][gc             ] GC(504) Pause Remark 192M->192M(550M) 2.022ms
[122.476s][info][gc,cpu         ] GC(504) User=0.00s Sys=0.00s Real=0.00s
[122.476s][info][gc,marking     ] GC(504) Concurrent Mark 50.249ms
[122.476s][info][gc,marking     ] GC(504) Concurrent Rebuild Remembered Sets and Scrub Regions
[122.490s][info][gc,marking     ] GC(504) Concurrent Rebuild Remembered Sets and Scrub Regions 13.895ms
[122.490s][info][gc,start       ] GC(504) Pause Cleanup
[122.491s][info][gc             ] GC(504) Pause Cleanup 218M->218M(550M) 0.174ms
[122.491s][info][gc,cpu         ] GC(504) User=0.00s Sys=0.00s Real=0.00s
[122.491s][info][gc,marking     ] GC(504) Concurrent Clear Claimed Marks
[122.491s][info][gc,marking     ] GC(504) Concurrent Clear Claimed Marks 0.128ms
[122.491s][info][gc,marking     ] GC(504) Concurrent Cleanup for Next Mark
[122.491s][info][gc,marking     ] GC(504) Concurrent Cleanup for Next Mark 0.367ms
[122.491s][info][gc             ] GC(504) Concurrent Mark Cycle 66.062ms
[122.621s][info][gc,start       ] GC(505) Pause Young (Prepare Mixed) (G1 Evacuation Pause)
[122.621s][info][gc,task        ] GC(505) Using 15 workers of 33 for evacuation
[122.656s][info][gc,phases      ] GC(505)   Pre Evacuate Collection Set: 0.2ms
[122.656s][info][gc,phases      ] GC(505)   Merge Heap Roots: 0.2ms
[122.656s][info][gc,phases      ] GC(505)   Evacuate Collection Set: 33.5ms
[122.656s][info][gc,phases      ] GC(505)   Post Evacuate Collection Set: 0.5ms
[122.656s][info][gc,phases      ] GC(505)   Other: 0.2ms
[122.656s][info][gc,heap        ] GC(505) Eden regions: 311->0(230)
[122.656s][info][gc,heap        ] GC(505) Survivor regions: 6->40(40)
[122.656s][info][gc,heap        ] GC(505) Old regions: 155->198
[122.656s][info][gc,heap        ] GC(505) Archive regions: 0->0
[122.656s][info][gc,heap        ] GC(505) Humongous regions: 45->40
[122.656s][info][gc,metaspace   ] GC(505) Metaspace: 67950K(68928K)->67950K(68928K) NonClass: 59511K(60032K)->59511K(60032K) Class: 8439K(8896K)->8439K(8896K)
[122.656s][info][gc             ] GC(505) Pause Young (Prepare Mixed) (G1 Evacuation Pause) 501M->261M(600M) 34.946ms
[122.656s][info][gc,cpu         ] GC(505) User=0.45s Sys=0.02s Real=0.03s
[122.772s][info][gc,start       ] GC(506) Pause Young (Mixed) (G1 Evacuation Pause)
[122.772s][info][gc,task        ] GC(506) Using 14 workers of 33 for evacuation
[122.806s][info][gc,phases      ] GC(506)   Pre Evacuate Collection Set: 0.2ms
[122.806s][info][gc,phases      ] GC(506)   Merge Heap Roots: 0.4ms
[122.806s][info][gc,phases      ] GC(506)   Evacuate Collection Set: 33.4ms
[122.806s][info][gc,phases      ] GC(506)   Post Evacuate Collection Set: 0.4ms
[122.806s][info][gc,phases      ] GC(506)   Other: 0.2ms
[122.806s][info][gc,heap        ] GC(506) Eden regions: 230->0(201)
[122.806s][info][gc,heap        ] GC(506) Survivor regions: 40->30(34)
[122.806s][info][gc,heap        ] GC(506) Old regions: 198->239
[122.806s][info][gc,heap        ] GC(506) Archive regions: 0->0
[122.806s][info][gc,heap        ] GC(506) Humongous regions: 58->58
[122.806s][info][gc,metaspace   ] GC(506) Metaspace: 67950K(68928K)->67950K(68928K) NonClass: 59511K(60032K)->59511K(60032K) Class: 8439K(8896K)->8439K(8896K)
[122.806s][info][gc             ] GC(506) Pause Young (Mixed) (G1 Evacuation Pause) 509M->313M(600M) 34.785ms
[122.807s][info][gc,cpu         ] GC(506) User=0.44s Sys=0.00s Real=0.03s
[122.887s][info][gc,start       ] GC(507) Pause Young (Concurrent Start) (G1 Humongous Allocation)
[122.887s][info][gc,task        ] GC(507) Using 14 workers of 33 for evacuation
[122.912s][info][gc,phases      ] GC(507)   Pre Evacuate Collection Set: 0.3ms
[122.912s][info][gc,phases      ] GC(507)   Merge Heap Roots: 0.2ms
[122.912s][info][gc,phases      ] GC(507)   Evacuate Collection Set: 22.9ms
[122.912s][info][gc,phases      ] GC(507)   Post Evacuate Collection Set: 0.9ms
[122.912s][info][gc,phases      ] GC(507)   Other: 0.1ms
[122.912s][info][gc,heap        ] GC(507) Eden regions: 152->0(256)
[122.912s][info][gc,heap        ] GC(507) Survivor regions: 30->17(29)
[122.912s][info][gc,heap        ] GC(507) Old regions: 239->266
[122.912s][info][gc,heap        ] GC(507) Archive regions: 0->0
[122.912s][info][gc,heap        ] GC(507) Humongous regions: 58->58
[122.912s][info][gc,metaspace   ] GC(507) Metaspace: 67950K(68928K)->67950K(68928K) NonClass: 59511K(60032K)->59511K(60032K) Class: 8439K(8896K)->8439K(8896K)
[122.912s][info][gc             ] GC(507) Pause Young (Concurrent Start) (G1 Humongous Allocation) 465M->328M(688M) 24.577ms
[122.912s][info][gc             ] GC(508) Concurrent Mark Cycle
[122.912s][info][gc,cpu         ] GC(507) User=0.22s Sys=0.00s Real=0.02s
[122.912s][info][gc,marking     ] GC(508) Concurrent Scan Root Regions
[122.917s][info][gc,marking     ] GC(508) Concurrent Scan Root Regions 5.538ms
[122.917s][info][gc,marking     ] GC(508) Concurrent Mark
[122.917s][info][gc,marking     ] GC(508) Concurrent Mark From Roots
[122.917s][info][gc,task        ] GC(508) Using 8 workers of 8 for marking
[122.974s][info][gc,marking     ] GC(508) Concurrent Mark From Roots 56.283ms
[122.974s][info][gc,marking     ] GC(508) Concurrent Preclean
[122.974s][info][gc,marking     ] GC(508) Concurrent Preclean 0.224ms
[122.974s][info][gc,start       ] GC(508) Pause Remark
[122.976s][info][gc             ] GC(508) Pause Remark 402M->379M(688M) 1.979ms
[122.976s][info][gc,cpu         ] GC(508) User=0.00s Sys=0.00s Real=0.00s
[122.976s][info][gc,marking     ] GC(508) Concurrent Mark 58.812ms
[122.976s][info][gc,marking     ] GC(508) Concurrent Rebuild Remembered Sets and Scrub Regions
[123.020s][info][gc,marking     ] GC(508) Concurrent Rebuild Remembered Sets and Scrub Regions 43.660ms
[123.020s][info][gc,start       ] GC(508) Pause Cleanup
[123.020s][info][gc             ] GC(508) Pause Cleanup 438M->438M(688M) 0.320ms
[123.021s][info][gc,cpu         ] GC(508) User=0.00s Sys=0.00s Real=0.00s
[123.021s][info][gc,marking     ] GC(508) Concurrent Clear Claimed Marks
[123.021s][info][gc,marking     ] GC(508) Concurrent Clear Claimed Marks 0.080ms
[123.021s][info][gc,marking     ] GC(508) Concurrent Cleanup for Next Mark
[123.021s][info][gc,marking     ] GC(508) Concurrent Cleanup for Next Mark 0.684ms
[123.021s][info][gc             ] GC(508) Concurrent Mark Cycle 109.622ms
[123.105s][info][gc,start       ] GC(509) Pause Young (Prepare Mixed) (G1 Evacuation Pause)
[123.105s][info][gc,task        ] GC(509) Using 16 workers of 33 for evacuation
[123.130s][info][gc,phases      ] GC(509)   Pre Evacuate Collection Set: 0.2ms
[123.130s][info][gc,phases      ] GC(509)   Merge Heap Roots: 0.7ms
[123.130s][info][gc,phases      ] GC(509)   Evacuate Collection Set: 23.5ms
[123.130s][info][gc,phases      ] GC(509)   Post Evacuate Collection Set: 0.5ms
[123.130s][info][gc,phases      ] GC(509)   Other: 0.1ms
[123.130s][info][gc,heap        ] GC(509) Eden regions: 256->0(255)
[123.130s][info][gc,heap        ] GC(509) Survivor regions: 17->35(35)
[123.130s][info][gc,heap        ] GC(509) Old regions: 266->267
[123.130s][info][gc,heap        ] GC(509) Archive regions: 0->0
[123.130s][info][gc,heap        ] GC(509) Humongous regions: 50->50
[123.130s][info][gc,metaspace   ] GC(509) Metaspace: 67950K(68928K)->67950K(68928K) NonClass: 59511K(60032K)->59511K(60032K) Class: 8439K(8896K)->8439K(8896K)
[123.130s][info][gc             ] GC(509) Pause Young (Prepare Mixed) (G1 Evacuation Pause) 576M->338M(688M) 25.369ms
[123.130s][info][gc,cpu         ] GC(509) User=0.25s Sys=0.00s Real=0.01s
[123.283s][info][gc,start       ] GC(510) Pause Young (Mixed) (G1 Evacuation Pause)
[123.283s][info][gc,task        ] GC(510) Using 16 workers of 33 for evacuation
[123.310s][info][gc,phases      ] GC(510)   Pre Evacuate Collection Set: 0.2ms
[123.311s][info][gc,phases      ] GC(510)   Merge Heap Roots: 0.2ms
[123.311s][info][gc,phases      ] GC(510)   Evacuate Collection Set: 26.1ms
[123.311s][info][gc,phases      ] GC(510)   Post Evacuate Collection Set: 0.5ms
[123.311s][info][gc,phases      ] GC(510)   Other: 0.2ms
[123.311s][info][gc,heap        ] GC(510) Eden regions: 255->0(252)
[123.311s][info][gc,heap        ] GC(510) Survivor regions: 35->21(37)
[123.311s][info][gc,heap        ] GC(510) Old regions: 267->293
[123.311s][info][gc,heap        ] GC(510) Archive regions: 0->0
[123.311s][info][gc,heap        ] GC(510) Humongous regions: 50->50
[123.311s][info][gc,metaspace   ] GC(510) Metaspace: 67950K(68928K)->67950K(68928K) NonClass: 59511K(60032K)->59511K(60032K) Class: 8439K(8896K)->8439K(8896K)
[123.311s][info][gc             ] GC(510) Pause Young (Mixed) (G1 Evacuation Pause) 593M->354M(688M) 27.395ms
[123.311s][info][gc,cpu         ] GC(510) User=0.50s Sys=0.00s Real=0.03s
[123.415s][info][gc,start       ] GC(511) Pause Young (Concurrent Start) (G1 Humongous Allocation)
[123.415s][info][gc,task        ] GC(511) Using 16 workers of 33 for evacuation
[123.433s][info][gc,phases      ] GC(511)   Pre Evacuate Collection Set: 0.3ms
[123.433s][info][gc,phases      ] GC(511)   Merge Heap Roots: 0.2ms
[123.433s][info][gc,phases      ] GC(511)   Evacuate Collection Set: 17.2ms
[123.433s][info][gc,phases      ] GC(511)   Post Evacuate Collection Set: 0.6ms
[123.433s][info][gc,phases      ] GC(511)   Other: 0.2ms
[123.433s][info][gc,heap        ] GC(511) Eden regions: 199->0(250)
[123.433s][info][gc,heap        ] GC(511) Survivor regions: 21->30(35)
[123.433s][info][gc,heap        ] GC(511) Old regions: 293->293
[123.433s][info][gc,heap        ] GC(511) Archive regions: 0->0
[123.433s][info][gc,heap        ] GC(511) Humongous regions: 50->50
[123.433s][info][gc,metaspace   ] GC(511) Metaspace: 67952K(68928K)->67952K(68928K) NonClass: 59512K(60032K)->59512K(60032K) Class: 8439K(8896K)->8439K(8896K)
[123.433s][info][gc             ] GC(511) Pause Young (Concurrent Start) (G1 Humongous Allocation) 553M->364M(688M) 18.792ms
[123.434s][info][gc             ] GC(512) Concurrent Mark Cycle
[123.434s][info][gc,cpu         ] GC(511) User=0.50s Sys=0.00s Real=0.03s
[123.434s][info][gc,marking     ] GC(512) Concurrent Scan Root Regions
[123.438s][info][gc,marking     ] GC(512) Concurrent Scan Root Regions 4.526ms
[123.438s][info][gc,marking     ] GC(512) Concurrent Mark
[123.438s][info][gc,marking     ] GC(512) Concurrent Mark From Roots
[123.438s][info][gc,task        ] GC(512) Using 8 workers of 8 for marking
[123.502s][info][gc,marking     ] GC(512) Concurrent Mark From Roots 64.295ms
[123.503s][info][gc,marking     ] GC(512) Concurrent Preclean
[123.503s][info][gc,marking     ] GC(512) Concurrent Preclean 0.183ms
[123.503s][info][gc,start       ] GC(512) Pause Remark
[123.511s][info][gc             ] GC(512) Pause Remark 457M->435M(742M) 8.303ms
[123.511s][info][gc,cpu         ] GC(512) User=0.25s Sys=0.00s Real=0.02s
[123.511s][info][gc,marking     ] GC(512) Concurrent Mark 73.174ms
[123.511s][info][gc,marking     ] GC(512) Concurrent Rebuild Remembered Sets and Scrub Regions
[123.557s][info][gc,marking     ] GC(512) Concurrent Rebuild Remembered Sets and Scrub Regions 46.005ms
[123.558s][info][gc,start       ] GC(512) Pause Cleanup
[123.558s][info][gc             ] GC(512) Pause Cleanup 465M->465M(742M) 0.324ms
[123.558s][info][gc,cpu         ] GC(512) User=0.00s Sys=0.00s Real=0.00s
[123.558s][info][gc,marking     ] GC(512) Concurrent Clear Claimed Marks
[123.558s][info][gc,marking     ] GC(512) Concurrent Clear Claimed Marks 0.109ms
[123.558s][info][gc,marking     ] GC(512) Concurrent Cleanup for Next Mark
[123.559s][info][gc,marking     ] GC(512) Concurrent Cleanup for Next Mark 0.577ms
[123.559s][info][gc             ] GC(512) Concurrent Mark Cycle 125.235ms
[123.843s][info][gc,start       ] GC(513) Pause Young (Prepare Mixed) (G1 Evacuation Pause)
[123.843s][info][gc,task        ] GC(513) Using 17 workers of 33 for evacuation
[123.874s][info][gc,phases      ] GC(513)   Pre Evacuate Collection Set: 0.2ms
[123.874s][info][gc,phases      ] GC(513)   Merge Heap Roots: 0.5ms
[123.874s][info][gc,phases      ] GC(513)   Evacuate Collection Set: 29.4ms
[123.874s][info][gc,phases      ] GC(513)   Post Evacuate Collection Set: 0.6ms
[123.874s][info][gc,phases      ] GC(513)   Other: 0.2ms
[123.874s][info][gc,heap        ] GC(513) Eden regions: 247->0(292)
[123.874s][info][gc,heap        ] GC(513) Survivor regions: 30->28(35)
[123.874s][info][gc,heap        ] GC(513) Old regions: 284->298
[123.874s][info][gc,heap        ] GC(513) Archive regions: 0->0
[123.874s][info][gc,heap        ] GC(513) Humongous regions: 55->55
[123.874s][info][gc,metaspace   ] GC(513) Metaspace: 67952K(68928K)->67952K(68928K) NonClass: 59513K(60032K)->59513K(60032K) Class: 8439K(8896K)->8439K(8896K)
[123.874s][info][gc             ] GC(513) Pause Young (Prepare Mixed) (G1 Evacuation Pause) 607M->372M(742M) 31.363ms
[123.875s][info][gc,cpu         ] GC(513) User=0.53s Sys=0.00s Real=0.03s
[124.912s][info][gc,start       ] GC(514) Pause Young (Mixed) (G1 Evacuation Pause)
[124.912s][info][gc,task        ] GC(514) Using 17 workers of 33 for evacuation
[124.939s][info][gc,phases      ] GC(514)   Pre Evacuate Collection Set: 0.2ms
[124.939s][info][gc,phases      ] GC(514)   Merge Heap Roots: 0.3ms
[124.939s][info][gc,phases      ] GC(514)   Evacuate Collection Set: 26.2ms
[124.939s][info][gc,phases      ] GC(514)   Post Evacuate Collection Set: 0.6ms
[124.939s][info][gc,phases      ] GC(514)   Other: 0.1ms
[124.939s][info][gc,heap        ] GC(514) Eden regions: 292->0(293)
[124.939s][info][gc,heap        ] GC(514) Survivor regions: 28->24(40)
[124.939s][info][gc,heap        ] GC(514) Old regions: 298->301
[124.939s][info][gc,heap        ] GC(514) Archive regions: 0->0
[124.939s][info][gc,heap        ] GC(514) Humongous regions: 67->62
[124.939s][info][gc,metaspace   ] GC(514) Metaspace: 67961K(68928K)->67961K(68928K) NonClass: 59522K(60032K)->59522K(60032K) Class: 8439K(8896K)->8439K(8896K)
[124.939s][info][gc             ] GC(514) Pause Young (Mixed) (G1 Evacuation Pause) 676M->383M(742M) 27.586ms
[124.939s][info][gc,cpu         ] GC(514) User=0.53s Sys=0.00s Real=0.03s
[124.947s][info][gc,start       ] GC(515) Pause Young (Concurrent Start) (G1 Humongous Allocation)
[124.947s][info][gc,task        ] GC(515) Using 17 workers of 33 for evacuation
[124.962s][info][gc,phases      ] GC(515)   Pre Evacuate Collection Set: 0.2ms
[124.962s][info][gc,phases      ] GC(515)   Merge Heap Roots: 0.1ms
[124.962s][info][gc,phases      ] GC(515)   Evacuate Collection Set: 14.0ms
[124.962s][info][gc,phases      ] GC(515)   Post Evacuate Collection Set: 0.5ms
[124.962s][info][gc,phases      ] GC(515)   Other: 0.1ms
[124.962s][info][gc,heap        ] GC(515) Eden regions: 13->0(278)
[124.962s][info][gc,heap        ] GC(515) Survivor regions: 24->16(40)
[124.962s][info][gc,heap        ] GC(515) Old regions: 301->313
[124.962s][info][gc,heap        ] GC(515) Archive regions: 0->0
[124.962s][info][gc,heap        ] GC(515) Humongous regions: 62->62
[124.962s][info][gc,metaspace   ] GC(515) Metaspace: 67961K(68928K)->67961K(68928K) NonClass: 59522K(60032K)->59522K(60032K) Class: 8439K(8896K)->8439K(8896K)
[124.962s][info][gc             ] GC(515) Pause Young (Concurrent Start) (G1 Humongous Allocation) 396M->387M(742M) 15.157ms
[124.962s][info][gc             ] GC(516) Concurrent Mark Cycle
[124.962s][info][gc,cpu         ] GC(515) User=0.27s Sys=0.00s Real=0.02s
[124.962s][info][gc,marking     ] GC(516) Concurrent Scan Root Regions
[124.965s][info][gc,marking     ] GC(516) Concurrent Scan Root Regions 2.898ms
[124.965s][info][gc,marking     ] GC(516) Concurrent Mark
[124.965s][info][gc,marking     ] GC(516) Concurrent Mark From Roots
[124.965s][info][gc,task        ] GC(516) Using 8 workers of 8 for marking
[124.995s][info][gc,marking     ] GC(516) Concurrent Mark From Roots 29.891ms
[124.995s][info][gc,marking     ] GC(516) Concurrent Preclean
[124.995s][info][gc,marking     ] GC(516) Concurrent Preclean 0.151ms
[124.996s][info][gc,start       ] GC(516) Pause Remark
[124.998s][info][gc             ] GC(516) Pause Remark 424M->242M(742M) 2.041ms
[124.998s][info][gc,cpu         ] GC(516) User=0.00s Sys=0.00s Real=0.00s
[124.998s][info][gc,marking     ] GC(516) Concurrent Mark 32.408ms
[124.998s][info][gc,marking     ] GC(516) Concurrent Rebuild Remembered Sets and Scrub Regions
[125.023s][info][gc,marking     ] GC(516) Concurrent Rebuild Remembered Sets and Scrub Regions 25.627ms
[125.024s][info][gc,start       ] GC(516) Pause Cleanup
[125.024s][info][gc             ] GC(516) Pause Cleanup 269M->269M(742M) 0.224ms
[125.024s][info][gc,cpu         ] GC(516) User=0.00s Sys=0.00s Real=0.00s
[125.024s][info][gc,marking     ] GC(516) Concurrent Clear Claimed Marks
[125.024s][info][gc,marking     ] GC(516) Concurrent Clear Claimed Marks 0.098ms
[125.024s][info][gc,marking     ] GC(516) Concurrent Cleanup for Next Mark
[125.025s][info][gc,marking     ] GC(516) Concurrent Cleanup for Next Mark 0.484ms
[125.025s][info][gc             ] GC(516) Concurrent Mark Cycle 62.202ms
[125.269s][info][gc,start       ] GC(517) Pause Young (Prepare Mixed) (G1 Evacuation Pause)
[125.269s][info][gc,task        ] GC(517) Using 17 workers of 33 for evacuation
[125.309s][info][gc,phases      ] GC(517)   Pre Evacuate Collection Set: 0.2ms
[125.309s][info][gc,phases      ] GC(517)   Merge Heap Roots: 0.5ms
[125.309s][info][gc,phases      ] GC(517)   Evacuate Collection Set: 38.3ms
[125.309s][info][gc,phases      ] GC(517)   Post Evacuate Collection Set: 0.5ms
[125.309s][info][gc,phases      ] GC(517)   Other: 0.1ms
[125.309s][info][gc,heap        ] GC(517) Eden regions: 278->0(288)
[125.309s][info][gc,heap        ] GC(517) Survivor regions: 16->37(37)
[125.309s][info][gc,heap        ] GC(517) Old regions: 183->231
[125.309s][info][gc,heap        ] GC(517) Archive regions: 0->0
[125.309s][info][gc,heap        ] GC(517) Humongous regions: 58->58
[125.309s][info][gc,metaspace   ] GC(517) Metaspace: 67965K(68928K)->67965K(68928K) NonClass: 59526K(60032K)->59526K(60032K) Class: 8439K(8896K)->8439K(8896K)
[125.309s][info][gc             ] GC(517) Pause Young (Prepare Mixed) (G1 Evacuation Pause) 531M->322M(742M) 39.781ms
[125.309s][info][gc,cpu         ] GC(517) User=0.80s Sys=0.00s Real=0.05s
[125.440s][info][gc,start       ] GC(518) Pause Young (Mixed) (G1 Evacuation Pause)
[125.440s][info][gc,task        ] GC(518) Using 17 workers of 33 for evacuation
[125.480s][info][gc,phases      ] GC(518)   Pre Evacuate Collection Set: 0.3ms
[125.480s][info][gc,phases      ] GC(518)   Merge Heap Roots: 0.5ms
[125.480s][info][gc,phases      ] GC(518)   Evacuate Collection Set: 37.8ms
[125.480s][info][gc,phases      ] GC(518)   Post Evacuate Collection Set: 1.4ms
[125.480s][info][gc,phases      ] GC(518)   Other: 0.2ms
[125.480s][info][gc,heap        ] GC(518) Eden regions: 288->0(290)
[125.480s][info][gc,heap        ] GC(518) Survivor regions: 37->41(41)
[125.480s][info][gc,heap        ] GC(518) Old regions: 231->268
[125.480s][info][gc,heap        ] GC(518) Archive regions: 0->0
[125.480s][info][gc,heap        ] GC(518) Humongous regions: 73->73
[125.480s][info][gc,metaspace   ] GC(518) Metaspace: 67965K(68928K)->67965K(68928K) NonClass: 59526K(60032K)->59526K(60032K) Class: 8439K(8896K)->8439K(8896K)
[125.480s][info][gc             ] GC(518) Pause Young (Mixed) (G1 Evacuation Pause) 625M->378M(799M) 40.754ms
[125.480s][info][gc,cpu         ] GC(518) User=0.80s Sys=0.00s Real=0.05s
[125.490s][info][gc,start       ] GC(519) Pause Young (Concurrent Start) (G1 Humongous Allocation)
[125.490s][info][gc,task        ] GC(519) Using 19 workers of 33 for evacuation
[125.505s][info][gc,phases      ] GC(519)   Pre Evacuate Collection Set: 0.3ms
[125.505s][info][gc,phases      ] GC(519)   Merge Heap Roots: 0.2ms
[125.505s][info][gc,phases      ] GC(519)   Evacuate Collection Set: 14.3ms
[125.505s][info][gc,phases      ] GC(519)   Post Evacuate Collection Set: 0.4ms
[125.505s][info][gc,phases      ] GC(519)   Other: 0.2ms
[125.505s][info][gc,heap        ] GC(519) Eden regions: 17->0(289)
[125.505s][info][gc,heap        ] GC(519) Survivor regions: 41->7(42)
[125.505s][info][gc,heap        ] GC(519) Old regions: 268->312
[125.505s][info][gc,heap        ] GC(519) Archive regions: 0->0
[125.505s][info][gc,heap        ] GC(519) Humongous regions: 73->73
[125.505s][info][gc,metaspace   ] GC(519) Metaspace: 67965K(68928K)->67965K(68928K) NonClass: 59526K(60032K)->59526K(60032K) Class: 8439K(8896K)->8439K(8896K)
[125.505s][info][gc             ] GC(519) Pause Young (Concurrent Start) (G1 Humongous Allocation) 395M->388M(799M) 15.688ms
[125.505s][info][gc             ] GC(520) Concurrent Mark Cycle
[125.505s][info][gc,cpu         ] GC(519) User=0.30s Sys=0.00s Real=0.02s
[125.505s][info][gc,marking     ] GC(520) Concurrent Scan Root Regions
[125.510s][info][gc,marking     ] GC(520) Concurrent Scan Root Regions 4.330ms
[125.510s][info][gc,marking     ] GC(520) Concurrent Mark
[125.510s][info][gc,marking     ] GC(520) Concurrent Mark From Roots
[125.510s][info][gc,task        ] GC(520) Using 8 workers of 8 for marking
[125.557s][info][gc,marking     ] GC(520) Concurrent Mark From Roots 47.316ms
[125.557s][info][gc,marking     ] GC(520) Concurrent Preclean
[125.557s][info][gc,marking     ] GC(520) Concurrent Preclean 0.181ms
[125.557s][info][gc,start       ] GC(520) Pause Remark
[125.560s][info][gc             ] GC(520) Pause Remark 474M->420M(799M) 2.189ms
[125.560s][info][gc,cpu         ] GC(520) User=0.00s Sys=0.00s Real=0.00s
[125.560s][info][gc,marking     ] GC(520) Concurrent Mark 50.026ms
[125.560s][info][gc,marking     ] GC(520) Concurrent Rebuild Remembered Sets and Scrub Regions
[125.594s][info][gc,marking     ] GC(520) Concurrent Rebuild Remembered Sets and Scrub Regions 33.807ms
[125.594s][info][gc,start       ] GC(520) Pause Cleanup
[125.594s][info][gc             ] GC(520) Pause Cleanup 480M->480M(799M) 0.357ms
[125.594s][info][gc,cpu         ] GC(520) User=0.00s Sys=0.00s Real=0.00s
[125.594s][info][gc,marking     ] GC(520) Concurrent Clear Claimed Marks
[125.594s][info][gc,marking     ] GC(520) Concurrent Clear Claimed Marks 0.100ms
[125.594s][info][gc,marking     ] GC(520) Concurrent Cleanup for Next Mark
[125.595s][info][gc,marking     ] GC(520) Concurrent Cleanup for Next Mark 0.765ms
[125.595s][info][gc             ] GC(520) Concurrent Mark Cycle 89.873ms
[125.683s][info][gc,start       ] GC(521) Pause Young (Prepare Mixed) (G1 Evacuation Pause)
[125.683s][info][gc,task        ] GC(521) Using 19 workers of 33 for evacuation
[125.706s][info][gc,phases      ] GC(521)   Pre Evacuate Collection Set: 0.3ms
[125.706s][info][gc,phases      ] GC(521)   Merge Heap Roots: 0.6ms
[125.706s][info][gc,phases      ] GC(521)   Evacuate Collection Set: 21.7ms
[125.706s][info][gc,phases      ] GC(521)   Post Evacuate Collection Set: 0.6ms
[125.706s][info][gc,phases      ] GC(521)   Other: 0.2ms
[125.706s][info][gc,heap        ] GC(521) Eden regions: 289->0(306)
[125.706s][info][gc,heap        ] GC(521) Survivor regions: 7->32(37)
[125.706s][info][gc,heap        ] GC(521) Old regions: 300->300
[125.706s][info][gc,heap        ] GC(521) Archive regions: 0->0
[125.706s][info][gc,heap        ] GC(521) Humongous regions: 50->50
[125.706s][info][gc,metaspace   ] GC(521) Metaspace: 67965K(68928K)->67965K(68928K) NonClass: 59526K(60032K)->59526K(60032K) Class: 8439K(8896K)->8439K(8896K)
[125.706s][info][gc             ] GC(521) Pause Young (Prepare Mixed) (G1 Evacuation Pause) 642M->378M(799M) 23.784ms
[125.706s][info][gc,cpu         ] GC(521) User=0.30s Sys=0.00s Real=0.02s
[125.861s][info][gc,start       ] GC(522) Pause Young (Mixed) (G1 Evacuation Pause)
[125.861s][info][gc,task        ] GC(522) Using 19 workers of 33 for evacuation
[125.890s][info][gc,phases      ] GC(522)   Pre Evacuate Collection Set: 0.2ms
[125.890s][info][gc,phases      ] GC(522)   Merge Heap Roots: 0.4ms
[125.890s][info][gc,phases      ] GC(522)   Evacuate Collection Set: 28.1ms
[125.890s][info][gc,phases      ] GC(522)   Post Evacuate Collection Set: 0.5ms
[125.890s][info][gc,phases      ] GC(522)   Other: 0.2ms
[125.890s][info][gc,heap        ] GC(522) Eden regions: 306->0(306)
[125.890s][info][gc,heap        ] GC(522) Survivor regions: 32->27(43)
[125.890s][info][gc,heap        ] GC(522) Old regions: 300->308
[125.890s][info][gc,heap        ] GC(522) Archive regions: 0->0
[125.891s][info][gc,heap        ] GC(522) Humongous regions: 60->60
[125.891s][info][gc,metaspace   ] GC(522) Metaspace: 67965K(68928K)->67965K(68928K) NonClass: 59526K(60032K)->59526K(60032K) Class: 8439K(8896K)->8439K(8896K)
[125.891s][info][gc             ] GC(522) Pause Young (Mixed) (G1 Evacuation Pause) 694M->390M(799M) 29.680ms
[125.891s][info][gc,cpu         ] GC(522) User=0.59s Sys=0.00s Real=0.03s
[126.042s][info][gc,start       ] GC(523) Pause Young (Concurrent Start) (G1 Evacuation Pause)
[126.042s][info][gc,task        ] GC(523) Using 19 workers of 33 for evacuation
[126.068s][info][gc,phases      ] GC(523)   Pre Evacuate Collection Set: 0.3ms
[126.068s][info][gc,phases      ] GC(523)   Merge Heap Roots: 0.2ms
[126.068s][info][gc,phases      ] GC(523)   Evacuate Collection Set: 24.7ms
[126.068s][info][gc,phases      ] GC(523)   Post Evacuate Collection Set: 0.4ms
[126.068s][info][gc,phases      ] GC(523)   Other: 0.2ms
[126.068s][info][gc,heap        ] GC(523) Eden regions: 306->0(298)
[126.068s][info][gc,heap        ] GC(523) Survivor regions: 27->25(42)
[126.068s][info][gc,heap        ] GC(523) Old regions: 308->330
[126.068s][info][gc,heap        ] GC(523) Archive regions: 0->0
[126.068s][info][gc,heap        ] GC(523) Humongous regions: 60->60
[126.068s][info][gc,metaspace   ] GC(523) Metaspace: 67965K(68928K)->67965K(68928K) NonClass: 59526K(60032K)->59526K(60032K) Class: 8439K(8896K)->8439K(8896K)
[126.068s][info][gc             ] GC(523) Pause Young (Concurrent Start) (G1 Evacuation Pause) 696M->411M(799M) 26.120ms
[126.068s][info][gc             ] GC(524) Concurrent Mark Cycle
[126.068s][info][gc,cpu         ] GC(523) User=0.30s Sys=0.00s Real=0.02s
[126.069s][info][gc,marking     ] GC(524) Concurrent Scan Root Regions
[126.074s][info][gc,marking     ] GC(524) Concurrent Scan Root Regions 5.157ms
[126.074s][info][gc,marking     ] GC(524) Concurrent Mark
[126.074s][info][gc,marking     ] GC(524) Concurrent Mark From Roots
[126.074s][info][gc,task        ] GC(524) Using 8 workers of 8 for marking
[126.149s][info][gc,marking     ] GC(524) Concurrent Mark From Roots 74.799ms
[126.149s][info][gc,marking     ] GC(524) Concurrent Preclean
[126.149s][info][gc,marking     ] GC(524) Concurrent Preclean 0.183ms
[126.149s][info][gc,start       ] GC(524) Pause Remark
[126.151s][info][gc             ] GC(524) Pause Remark 540M->522M(879M) 2.319ms
[126.151s][info][gc,cpu         ] GC(524) User=0.00s Sys=0.00s Real=0.00s
[126.151s][info][gc,marking     ] GC(524) Concurrent Mark 77.639ms
[126.151s][info][gc,marking     ] GC(524) Concurrent Rebuild Remembered Sets and Scrub Regions
[126.210s][info][gc,marking     ] GC(524) Concurrent Rebuild Remembered Sets and Scrub Regions 58.483ms
[126.210s][info][gc,start       ] GC(524) Pause Cleanup
[126.211s][info][gc             ] GC(524) Pause Cleanup 552M->552M(879M) 0.418ms
[126.211s][info][gc,cpu         ] GC(524) User=0.00s Sys=0.00s Real=0.00s
[126.211s][info][gc,marking     ] GC(524) Concurrent Clear Claimed Marks
[126.211s][info][gc,marking     ] GC(524) Concurrent Clear Claimed Marks 0.113ms
[126.211s][info][gc,marking     ] GC(524) Concurrent Cleanup for Next Mark
[126.212s][info][gc,marking     ] GC(524) Concurrent Cleanup for Next Mark 0.800ms
[126.212s][info][gc             ] GC(524) Concurrent Mark Cycle 143.149ms
[126.875s][info][gc,start       ] GC(525) Pause Young (Prepare Mixed) (G1 Evacuation Pause)
[126.875s][info][gc,task        ] GC(525) Using 21 workers of 33 for evacuation
[126.917s][info][gc,phases      ] GC(525)   Pre Evacuate Collection Set: 0.2ms
[126.917s][info][gc,phases      ] GC(525)   Merge Heap Roots: 0.8ms
[126.917s][info][gc,phases      ] GC(525)   Evacuate Collection Set: 40.1ms
[126.917s][info][gc,phases      ] GC(525)   Post Evacuate Collection Set: 0.7ms
[126.917s][info][gc,phases      ] GC(525)   Other: 0.1ms
[126.917s][info][gc,heap        ] GC(525) Eden regions: 298->0(312)
[126.917s][info][gc,heap        ] GC(525) Survivor regions: 25->37(41)
[126.917s][info][gc,heap        ] GC(525) Old regions: 330->351
[126.917s][info][gc,heap        ] GC(525) Archive regions: 0->0
[126.917s][info][gc,heap        ] GC(525) Humongous regions: 91->86
[126.917s][info][gc,metaspace   ] GC(525) Metaspace: 67970K(68928K)->67970K(68928K) NonClass: 59530K(60032K)->59530K(60032K) Class: 8439K(8896K)->8439K(8896K)
[126.917s][info][gc             ] GC(525) Pause Young (Prepare Mixed) (G1 Evacuation Pause) 740M->469M(879M) 42.042ms
[126.917s][info][gc,cpu         ] GC(525) User=0.66s Sys=0.00s Real=0.03s
[127.288s][info][gc,start       ] GC(526) Pause Young (Mixed) (G1 Evacuation Pause)
[127.288s][info][gc,task        ] GC(526) Using 21 workers of 33 for evacuation
[127.334s][info][gc,phases      ] GC(526)   Pre Evacuate Collection Set: 0.2ms
[127.334s][info][gc,phases      ] GC(526)   Merge Heap Roots: 0.5ms
[127.334s][info][gc,phases      ] GC(526)   Evacuate Collection Set: 43.9ms
[127.334s][info][gc,phases      ] GC(526)   Post Evacuate Collection Set: 0.6ms
[127.334s][info][gc,phases      ] GC(526)   Other: 0.1ms
[127.334s][info][gc,heap        ] GC(526) Eden regions: 312->0(273)
[127.334s][info][gc,heap        ] GC(526) Survivor regions: 37->44(44)
[127.334s][info][gc,heap        ] GC(526) Old regions: 351->370
[127.334s][info][gc,heap        ] GC(526) Archive regions: 0->0
[127.334s][info][gc,heap        ] GC(526) Humongous regions: 115->110
[127.334s][info][gc,metaspace   ] GC(526) Metaspace: 67986K(68928K)->67986K(68928K) NonClass: 59547K(60032K)->59547K(60032K) Class: 8439K(8896K)->8439K(8896K)
[127.334s][info][gc             ] GC(526) Pause Young (Mixed) (G1 Evacuation Pause) 810M->520M(893M) 45.579ms
[127.334s][info][gc,cpu         ] GC(526) User=0.98s Sys=0.00s Real=0.05s
[127.370s][info][gc,start       ] GC(527) Pause Young (Concurrent Start) (G1 Humongous Allocation)
[127.371s][info][gc,task        ] GC(527) Using 21 workers of 33 for evacuation
[127.393s][info][gc,phases      ] GC(527)   Pre Evacuate Collection Set: 0.4ms
[127.393s][info][gc,phases      ] GC(527)   Merge Heap Roots: 0.2ms
[127.393s][info][gc,phases      ] GC(527)   Evacuate Collection Set: 21.4ms
[127.393s][info][gc,phases      ] GC(527)   Post Evacuate Collection Set: 0.7ms
[127.393s][info][gc,phases      ] GC(527)   Other: 0.1ms
[127.394s][info][gc,heap        ] GC(527) Eden regions: 60->0(284)
[127.394s][info][gc,heap        ] GC(527) Survivor regions: 44->7(40)
[127.394s][info][gc,heap        ] GC(527) Old regions: 370->417
[127.394s][info][gc,heap        ] GC(527) Archive regions: 0->0
[127.394s][info][gc,heap        ] GC(527) Humongous regions: 110->110
[127.394s][info][gc,metaspace   ] GC(527) Metaspace: 67986K(68928K)->67986K(68928K) NonClass: 59547K(60032K)->59547K(60032K) Class: 8439K(8896K)->8439K(8896K)
[127.394s][info][gc             ] GC(527) Pause Young (Concurrent Start) (G1 Humongous Allocation) 580M->530M(920M) 23.200ms
[127.394s][info][gc             ] GC(528) Concurrent Mark Cycle
[127.394s][info][gc,cpu         ] GC(527) User=0.66s Sys=0.00s Real=0.03s
[127.394s][info][gc,marking     ] GC(528) Concurrent Scan Root Regions
[127.397s][info][gc,marking     ] GC(528) Concurrent Scan Root Regions 3.163ms
[127.397s][info][gc,marking     ] GC(528) Concurrent Mark
[127.397s][info][gc,marking     ] GC(528) Concurrent Mark From Roots
[127.397s][info][gc,task        ] GC(528) Using 8 workers of 8 for marking
[127.429s][info][gc,marking     ] GC(528) Concurrent Mark From Roots 32.103ms
[127.429s][info][gc,marking     ] GC(528) Concurrent Preclean
[127.429s][info][gc,marking     ] GC(528) Concurrent Preclean 0.291ms
[127.430s][info][gc,start       ] GC(528) Pause Remark
[127.432s][info][gc             ] GC(528) Pause Remark 575M->284M(920M) 2.241ms
[127.432s][info][gc,cpu         ] GC(528) User=0.00s Sys=0.00s Real=0.00s
[127.432s][info][gc,marking     ] GC(528) Concurrent Mark 35.042ms
[127.432s][info][gc,marking     ] GC(528) Concurrent Rebuild Remembered Sets and Scrub Regions
[127.449s][info][gc,marking     ] GC(528) Concurrent Rebuild Remembered Sets and Scrub Regions 16.958ms
[127.449s][info][gc,start       ] GC(528) Pause Cleanup
[127.449s][info][gc             ] GC(528) Pause Cleanup 308M->308M(920M) 0.263ms
[127.450s][info][gc,cpu         ] GC(528) User=0.00s Sys=0.00s Real=0.00s
[127.450s][info][gc,marking     ] GC(528) Concurrent Clear Claimed Marks
[127.450s][info][gc,marking     ] GC(528) Concurrent Clear Claimed Marks 0.112ms
[127.450s][info][gc,marking     ] GC(528) Concurrent Cleanup for Next Mark
[127.450s][info][gc,marking     ] GC(528) Concurrent Cleanup for Next Mark 0.756ms
[127.451s][info][gc             ] GC(528) Concurrent Mark Cycle 56.837ms
[127.762s][info][gc,start       ] GC(529) Pause Young (Prepare Mixed) (G1 Evacuation Pause)
[127.762s][info][gc,task        ] GC(529) Using 22 workers of 33 for evacuation
[127.787s][info][gc,phases      ] GC(529)   Pre Evacuate Collection Set: 0.2ms
[127.787s][info][gc,phases      ] GC(529)   Merge Heap Roots: 0.3ms
[127.787s][info][gc,phases      ] GC(529)   Evacuate Collection Set: 23.2ms
[127.787s][info][gc,phases      ] GC(529)   Post Evacuate Collection Set: 0.6ms
[127.787s][info][gc,phases      ] GC(529)   Other: 0.1ms
[127.787s][info][gc,heap        ] GC(529) Eden regions: 284->0(455)
[127.787s][info][gc,heap        ] GC(529) Survivor regions: 7->36(37)
[127.787s][info][gc,heap        ] GC(529) Old regions: 226->226
[127.787s][info][gc,heap        ] GC(529) Archive regions: 0->0
[127.787s][info][gc,heap        ] GC(529) Humongous regions: 39->34
[127.787s][info][gc,metaspace   ] GC(529) Metaspace: 67989K(68928K)->67989K(68928K) NonClass: 59550K(60032K)->59550K(60032K) Class: 8439K(8896K)->8439K(8896K)
[127.787s][info][gc             ] GC(529) Pause Young (Prepare Mixed) (G1 Evacuation Pause) 552M->292M(920M) 24.646ms
[127.787s][info][gc,cpu         ] GC(529) User=0.69s Sys=0.00s Real=0.03s
[128.129s][info][gc,start       ] GC(530) Pause Young (Mixed) (G1 Evacuation Pause)
[128.129s][info][gc,task        ] GC(530) Using 22 workers of 33 for evacuation
[128.162s][info][gc,phases      ] GC(530)   Pre Evacuate Collection Set: 0.2ms
[128.163s][info][gc,phases      ] GC(530)   Merge Heap Roots: 0.2ms
[128.163s][info][gc,phases      ] GC(530)   Evacuate Collection Set: 32.6ms
[128.163s][info][gc,phases      ] GC(530)   Post Evacuate Collection Set: 0.6ms
[128.163s][info][gc,phases      ] GC(530)   Other: 0.1ms
[128.163s][info][gc,heap        ] GC(530) Eden regions: 455->0(407)
[128.163s][info][gc,heap        ] GC(530) Survivor regions: 36->62(62)
[128.163s][info][gc,heap        ] GC(530) Old regions: 226->253
[128.163s][info][gc,heap        ] GC(530) Archive regions: 0->0
[128.163s][info][gc,heap        ] GC(530) Humongous regions: 54->49
[128.163s][info][gc,metaspace   ] GC(530) Metaspace: 68020K(68992K)->68020K(68992K) NonClass: 59581K(60096K)->59581K(60096K) Class: 8439K(8896K)->8439K(8896K)
[128.163s][info][gc             ] GC(530) Pause Young (Mixed) (G1 Evacuation Pause) 767M->360M(920M) 33.982ms
[128.163s][info][gc,cpu         ] GC(530) User=0.69s Sys=0.00s Real=0.03s
[128.163s][info][gc,start       ] GC(531) Pause Young (Concurrent Start) (G1 Humongous Allocation)
[128.163s][info][gc,task        ] GC(531) Using 22 workers of 33 for evacuation
[128.175s][info][gc,phases      ] GC(531)   Pre Evacuate Collection Set: 0.2ms
[128.175s][info][gc,phases      ] GC(531)   Merge Heap Roots: 0.1ms
[128.175s][info][gc,phases      ] GC(531)   Evacuate Collection Set: 11.4ms
[128.175s][info][gc,phases      ] GC(531)   Post Evacuate Collection Set: 0.4ms
[128.175s][info][gc,phases      ] GC(531)   Other: 0.1ms
[128.175s][info][gc,heap        ] GC(531) Eden regions: 2->0(425)
[128.175s][info][gc,heap        ] GC(531) Survivor regions: 62->5(59)
[128.175s][info][gc,heap        ] GC(531) Old regions: 253->313
[128.175s][info][gc,heap        ] GC(531) Archive regions: 0->0
[128.175s][info][gc,heap        ] GC(531) Humongous regions: 49->49
[128.175s][info][gc,metaspace   ] GC(531) Metaspace: 68020K(68992K)->68020K(68992K) NonClass: 59581K(60096K)->59581K(60096K) Class: 8439K(8896K)->8439K(8896K)
[128.175s][info][gc             ] GC(531) Pause Young (Concurrent Start) (G1 Humongous Allocation) 362M->363M(920M) 12.285ms
[128.175s][info][gc             ] GC(532) Concurrent Mark Cycle
[128.175s][info][gc,cpu         ] GC(531) User=0.34s Sys=0.00s Real=0.02s
[128.175s][info][gc,marking     ] GC(532) Concurrent Scan Root Regions
[128.180s][info][gc,marking     ] GC(532) Concurrent Scan Root Regions 4.652ms
[128.180s][info][gc,marking     ] GC(532) Concurrent Mark
[128.180s][info][gc,marking     ] GC(532) Concurrent Mark From Roots
[128.180s][info][gc,task        ] GC(532) Using 8 workers of 8 for marking
[128.211s][info][gc,marking     ] GC(532) Concurrent Mark From Roots 30.911ms
[128.211s][info][gc,marking     ] GC(532) Concurrent Preclean
[128.211s][info][gc,marking     ] GC(532) Concurrent Preclean 0.161ms
[128.211s][info][gc,start       ] GC(532) Pause Remark
[128.213s][info][gc             ] GC(532) Pause Remark 428M->338M(920M) 1.981ms
[128.213s][info][gc,cpu         ] GC(532) User=0.00s Sys=0.00s Real=0.00s
[128.213s][info][gc,marking     ] GC(532) Concurrent Mark 33.382ms
[128.213s][info][gc,marking     ] GC(532) Concurrent Rebuild Remembered Sets and Scrub Regions
[128.233s][info][gc,marking     ] GC(532) Concurrent Rebuild Remembered Sets and Scrub Regions 19.076ms
[128.233s][info][gc,start       ] GC(532) Pause Cleanup
[128.233s][info][gc             ] GC(532) Pause Cleanup 340M->340M(920M) 0.278ms
[128.233s][info][gc,cpu         ] GC(532) User=0.00s Sys=0.00s Real=0.00s
[128.233s][info][gc,marking     ] GC(532) Concurrent Clear Claimed Marks
[128.233s][info][gc,marking     ] GC(532) Concurrent Clear Claimed Marks 0.085ms
[128.233s][info][gc,marking     ] GC(532) Concurrent Cleanup for Next Mark
[128.234s][info][gc,marking     ] GC(532) Concurrent Cleanup for Next Mark 0.589ms
[128.234s][info][gc             ] GC(532) Concurrent Mark Cycle 58.513ms
[128.673s][info][gc,start       ] GC(533) Pause Young (Prepare Mixed) (G1 Evacuation Pause)
[128.673s][info][gc,task        ] GC(533) Using 22 workers of 33 for evacuation
[128.713s][info][gc,phases      ] GC(533)   Pre Evacuate Collection Set: 0.2ms
[128.713s][info][gc,phases      ] GC(533)   Merge Heap Roots: 0.6ms
[128.713s][info][gc,phases      ] GC(533)   Evacuate Collection Set: 37.8ms
[128.713s][info][gc,phases      ] GC(533)   Post Evacuate Collection Set: 0.7ms
[128.713s][info][gc,phases      ] GC(533)   Other: 0.2ms
[128.713s][info][gc,heap        ] GC(533) Eden regions: 330->0(409)
[128.713s][info][gc,heap        ] GC(533) Survivor regions: 5->43(54)
[128.713s][info][gc,heap        ] GC(533) Old regions: 253->253
[128.713s][info][gc,heap        ] GC(533) Archive regions: 0->0
[128.713s][info][gc,heap        ] GC(533) Humongous regions: 332->129
[128.713s][info][gc,metaspace   ] GC(533) Metaspace: 68027K(68992K)->68027K(68992K) NonClass: 59587K(60096K)->59587K(60096K) Class: 8439K(8896K)->8439K(8896K)
[128.713s][info][gc             ] GC(533) Pause Young (Prepare Mixed) (G1 Evacuation Pause) 916M->421M(963M) 39.840ms
[128.713s][info][gc,cpu         ] GC(533) User=0.98s Sys=0.05s Real=0.05s
[128.968s][info][gc,start       ] GC(534) Pause Young (Mixed) (G1 Evacuation Pause)
[128.968s][info][gc,task        ] GC(534) Using 23 workers of 33 for evacuation
[129.006s][info][gc,phases      ] GC(534)   Pre Evacuate Collection Set: 0.2ms
[129.006s][info][gc,phases      ] GC(534)   Merge Heap Roots: 0.5ms
[129.006s][info][gc,phases      ] GC(534)   Evacuate Collection Set: 35.7ms
[129.006s][info][gc,phases      ] GC(534)   Post Evacuate Collection Set: 0.5ms
[129.006s][info][gc,phases      ] GC(534)   Other: 0.2ms
[129.006s][info][gc,heap        ] GC(534) Eden regions: 409->0(397)
[129.006s][info][gc,heap        ] GC(534) Survivor regions: 43->31(57)
[129.006s][info][gc,heap        ] GC(534) Old regions: 253->286
[129.006s][info][gc,heap        ] GC(534) Archive regions: 0->0
[129.006s][info][gc,heap        ] GC(534) Humongous regions: 149->128
[129.006s][info][gc,metaspace   ] GC(534) Metaspace: 68027K(68992K)->68027K(68992K) NonClass: 59587K(60096K)->59587K(60096K) Class: 8439K(8896K)->8439K(8896K)
[129.006s][info][gc             ] GC(534) Pause Young (Mixed) (G1 Evacuation Pause) 850M->441M(963M) 37.436ms
[129.006s][info][gc,cpu         ] GC(534) User=0.72s Sys=0.00s Real=0.03s
[129.018s][info][gc,start       ] GC(535) Pause Young (Concurrent Start) (G1 Humongous Allocation)
[129.018s][info][gc,task        ] GC(535) Using 23 workers of 33 for evacuation
[129.027s][info][gc,phases      ] GC(535)   Pre Evacuate Collection Set: 0.2ms
[129.027s][info][gc,phases      ] GC(535)   Merge Heap Roots: 0.1ms
[129.027s][info][gc,phases      ] GC(535)   Evacuate Collection Set: 8.3ms
[129.027s][info][gc,phases      ] GC(535)   Post Evacuate Collection Set: 0.4ms
[129.027s][info][gc,phases      ] GC(535)   Other: 0.1ms
[129.027s][info][gc,heap        ] GC(535) Eden regions: 28->0(419)
[129.027s][info][gc,heap        ] GC(535) Survivor regions: 31->29(54)
[129.027s][info][gc,heap        ] GC(535) Old regions: 286->286
[129.027s][info][gc,heap        ] GC(535) Archive regions: 0->0
[129.027s][info][gc,heap        ] GC(535) Humongous regions: 128->128
[129.027s][info][gc,metaspace   ] GC(535) Metaspace: 68027K(68992K)->68027K(68992K) NonClass: 59587K(60096K)->59587K(60096K) Class: 8439K(8896K)->8439K(8896K)
[129.027s][info][gc             ] GC(535) Pause Young (Concurrent Start) (G1 Humongous Allocation) 469M->439M(963M) 9.286ms
[129.027s][info][gc             ] GC(536) Concurrent Mark Cycle
[129.027s][info][gc,marking     ] GC(536) Concurrent Scan Root Regions
[129.027s][info][gc,cpu         ] GC(535) User=0.36s Sys=0.00s Real=0.02s
[129.029s][info][gc,marking     ] GC(536) Concurrent Scan Root Regions 2.138ms
[129.029s][info][gc,marking     ] GC(536) Concurrent Mark
[129.029s][info][gc,marking     ] GC(536) Concurrent Mark From Roots
[129.029s][info][gc,task        ] GC(536) Using 8 workers of 8 for marking
[129.068s][info][gc,marking     ] GC(536) Concurrent Mark From Roots 38.217ms
[129.068s][info][gc,marking     ] GC(536) Concurrent Preclean
[129.068s][info][gc,marking     ] GC(536) Concurrent Preclean 0.248ms
[129.068s][info][gc,start       ] GC(536) Pause Remark
[129.070s][info][gc             ] GC(536) Pause Remark 491M->334M(963M) 2.220ms
[129.070s][info][gc,cpu         ] GC(536) User=0.05s Sys=0.00s Real=0.01s
[129.070s][info][gc,marking     ] GC(536) Concurrent Mark 41.096ms
[129.071s][info][gc,marking     ] GC(536) Concurrent Rebuild Remembered Sets and Scrub Regions
[129.086s][info][gc,marking     ] GC(536) Concurrent Rebuild Remembered Sets and Scrub Regions 15.796ms
[129.087s][info][gc,start       ] GC(536) Pause Cleanup
[129.087s][info][gc             ] GC(536) Pause Cleanup 359M->359M(963M) 0.318ms
[129.087s][info][gc,cpu         ] GC(536) User=0.00s Sys=0.00s Real=0.00s
[129.087s][info][gc,marking     ] GC(536) Concurrent Clear Claimed Marks
[129.087s][info][gc,marking     ] GC(536) Concurrent Clear Claimed Marks 0.106ms
[129.087s][info][gc,marking     ] GC(536) Concurrent Cleanup for Next Mark
[129.088s][info][gc,marking     ] GC(536) Concurrent Cleanup for Next Mark 0.737ms
[129.088s][info][gc             ] GC(536) Concurrent Mark Cycle 60.664ms
[129.161s][info][gc,start       ] GC(537) Pause Full (System.gc())
[129.161s][info][gc,task        ] GC(537) Using 23 workers of 33 for full compaction
[129.162s][info][gc,phases,start] GC(537) Phase 1: Mark live objects
[129.196s][info][gc,phases      ] GC(537) Phase 1: Mark live objects 34.582ms
[129.196s][info][gc,phases,start] GC(537) Phase 2: Prepare compaction
[129.201s][info][gc,phases      ] GC(537) Phase 2: Prepare compaction 4.622ms
[129.201s][info][gc,phases,start] GC(537) Phase 3: Adjust pointers
[129.210s][info][gc,phases      ] GC(537) Phase 3: Adjust pointers 9.150ms
[129.210s][info][gc,phases,start] GC(537) Phase 4: Compact heap
[129.211s][info][gc,phases      ] GC(537) Phase 4: Compact heap 0.701ms
[129.220s][info][gc,heap        ] GC(537) Eden regions: 185->0(322)
[129.221s][info][gc,heap        ] GC(537) Survivor regions: 29->0(54)
[129.221s][info][gc,heap        ] GC(537) Old regions: 241->155
[129.221s][info][gc,heap        ] GC(537) Archive regions: 0->0
[129.221s][info][gc,heap        ] GC(537) Humongous regions: 19->10
[129.221s][info][gc,metaspace   ] GC(537) Metaspace: 68030K(68992K)->68030K(68992K) NonClass: 59591K(60096K)->59591K(60096K) Class: 8439K(8896K)->8439K(8896K)
[129.221s][info][gc             ] GC(537) Pause Full (System.gc()) 469M->149M(550M) 59.906ms
[129.221s][info][gc,cpu         ] GC(537) User=1.06s Sys=0.02s Real=0.06s
[129.252s][info][gc,start       ] GC(538) Pause Young (Concurrent Start) (G1 Humongous Allocation)
[129.252s][info][gc,task        ] GC(538) Using 18 workers of 33 for evacuation
[129.255s][info][gc,phases      ] GC(538)   Pre Evacuate Collection Set: 0.3ms
[129.255s][info][gc,phases      ] GC(538)   Merge Heap Roots: 0.1ms
[129.255s][info][gc,phases      ] GC(538)   Evacuate Collection Set: 0.8ms
[129.255s][info][gc,phases      ] GC(538)   Post Evacuate Collection Set: 1.1ms
[129.255s][info][gc,phases      ] GC(538)   Other: 0.2ms
[129.255s][info][gc,heap        ] GC(538) Eden regions: 17->0(382)
[129.255s][info][gc,heap        ] GC(538) Survivor regions: 0->5(41)
[129.255s][info][gc,heap        ] GC(538) Old regions: 155->155
[129.255s][info][gc,heap        ] GC(538) Archive regions: 0->0
[129.255s][info][gc,heap        ] GC(538) Humongous regions: 10->10
[129.255s][info][gc,metaspace   ] GC(538) Metaspace: 68039K(68992K)->68039K(68992K) NonClass: 59599K(60096K)->59599K(60096K) Class: 8440K(8896K)->8440K(8896K)
[129.255s][info][gc             ] GC(538) Pause Young (Concurrent Start) (G1 Humongous Allocation) 165M->153M(645M) 2.940ms
[129.255s][info][gc             ] GC(539) Concurrent Mark Cycle
[129.255s][info][gc,cpu         ] GC(538) User=0.00s Sys=0.00s Real=0.00s
[129.255s][info][gc,marking     ] GC(539) Concurrent Scan Root Regions
[129.256s][info][gc,marking     ] GC(539) Concurrent Scan Root Regions 0.878ms
[129.256s][info][gc,marking     ] GC(539) Concurrent Mark
[129.256s][info][gc,marking     ] GC(539) Concurrent Mark From Roots
[129.256s][info][gc,task        ] GC(539) Using 8 workers of 8 for marking
[129.300s][info][gc,marking     ] GC(539) Concurrent Mark From Roots 43.947ms
[129.300s][info][gc,marking     ] GC(539) Concurrent Preclean
[129.301s][info][gc,marking     ] GC(539) Concurrent Preclean 0.158ms
[129.301s][info][gc,start       ] GC(539) Pause Remark
[129.303s][info][gc             ] GC(539) Pause Remark 192M->192M(645M) 1.869ms
[129.303s][info][gc,cpu         ] GC(539) User=0.00s Sys=0.00s Real=0.00s
[129.303s][info][gc,marking     ] GC(539) Concurrent Mark 46.448ms
[129.303s][info][gc,marking     ] GC(539) Concurrent Rebuild Remembered Sets and Scrub Regions
[129.314s][info][gc,marking     ] GC(539) Concurrent Rebuild Remembered Sets and Scrub Regions 11.613ms
[129.315s][info][gc,start       ] GC(539) Pause Cleanup
[129.315s][info][gc             ] GC(539) Pause Cleanup 212M->212M(645M) 0.174ms
[129.315s][info][gc,cpu         ] GC(539) User=0.00s Sys=0.00s Real=0.00s
[129.315s][info][gc,marking     ] GC(539) Concurrent Clear Claimed Marks
[129.315s][info][gc,marking     ] GC(539) Concurrent Clear Claimed Marks 0.084ms
[129.315s][info][gc,marking     ] GC(539) Concurrent Cleanup for Next Mark
[129.315s][info][gc,marking     ] GC(539) Concurrent Cleanup for Next Mark 0.402ms
[129.315s][info][gc             ] GC(539) Concurrent Mark Cycle 60.029ms
[129.486s][info][gc,start       ] GC(540) Pause Young (Prepare Mixed) (G1 Evacuation Pause)
[129.486s][info][gc,task        ] GC(540) Using 16 workers of 33 for evacuation
[129.523s][info][gc,phases      ] GC(540)   Pre Evacuate Collection Set: 0.2ms
[129.523s][info][gc,phases      ] GC(540)   Merge Heap Roots: 0.3ms
[129.523s][info][gc,phases      ] GC(540)   Evacuate Collection Set: 35.8ms
[129.523s][info][gc,phases      ] GC(540)   Post Evacuate Collection Set: 0.5ms
[129.523s][info][gc,phases      ] GC(540)   Other: 0.1ms
[129.523s][info][gc,heap        ] GC(540) Eden regions: 382->0(292)
[129.523s][info][gc,heap        ] GC(540) Survivor regions: 5->49(49)
[129.523s][info][gc,heap        ] GC(540) Old regions: 155->197
[129.523s][info][gc,heap        ] GC(540) Archive regions: 0->0
[129.523s][info][gc,heap        ] GC(540) Humongous regions: 51->46
[129.523s][info][gc,metaspace   ] GC(540) Metaspace: 68045K(69056K)->68045K(69056K) NonClass: 59603K(60160K)->59603K(60160K) Class: 8441K(8896K)->8441K(8896K)
[129.523s][info][gc             ] GC(540) Pause Young (Prepare Mixed) (G1 Evacuation Pause) 576M->275M(684M) 37.179ms
[129.523s][info][gc,cpu         ] GC(540) User=0.48s Sys=0.02s Real=0.03s
[129.669s][info][gc,start       ] GC(541) Pause Young (Mixed) (G1 Evacuation Pause)
[129.669s][info][gc,task        ] GC(541) Using 16 workers of 33 for evacuation
[129.704s][info][gc,phases      ] GC(541)   Pre Evacuate Collection Set: 0.2ms
[129.704s][info][gc,phases      ] GC(541)   Merge Heap Roots: 0.4ms
[129.704s][info][gc,phases      ] GC(541)   Evacuate Collection Set: 34.1ms
[129.704s][info][gc,phases      ] GC(541)   Post Evacuate Collection Set: 0.4ms
[129.704s][info][gc,phases      ] GC(541)   Other: 0.2ms
[129.704s][info][gc,heap        ] GC(541) Eden regions: 292->0(264)
[129.704s][info][gc,heap        ] GC(541) Survivor regions: 49->33(43)
[129.704s][info][gc,heap        ] GC(541) Old regions: 197->247
[129.704s][info][gc,heap        ] GC(541) Archive regions: 0->0
[129.704s][info][gc,heap        ] GC(541) Humongous regions: 58->58
[129.704s][info][gc,metaspace   ] GC(541) Metaspace: 68045K(69056K)->68045K(69056K) NonClass: 59603K(60160K)->59603K(60160K) Class: 8441K(8896K)->8441K(8896K)
[129.704s][info][gc             ] GC(541) Pause Young (Mixed) (G1 Evacuation Pause) 579M->324M(684M) 35.498ms
[129.704s][info][gc,cpu         ] GC(541) User=0.50s Sys=0.00s Real=0.03s
[129.732s][info][gc,start       ] GC(542) Pause Young (Concurrent Start) (G1 Humongous Allocation)
[129.732s][info][gc,task        ] GC(542) Using 16 workers of 33 for evacuation
[129.748s][info][gc,phases      ] GC(542)   Pre Evacuate Collection Set: 0.3ms
[129.748s][info][gc,phases      ] GC(542)   Merge Heap Roots: 0.1ms
[129.748s][info][gc,phases      ] GC(542)   Evacuate Collection Set: 15.0ms
[129.748s][info][gc,phases      ] GC(542)   Post Evacuate Collection Set: 0.4ms
[129.748s][info][gc,phases      ] GC(542)   Other: 0.1ms
[129.748s][info][gc,heap        ] GC(542) Eden regions: 45->0(263)
[129.748s][info][gc,heap        ] GC(542) Survivor regions: 33->7(38)
[129.748s][info][gc,heap        ] GC(542) Old regions: 247->278
[129.748s][info][gc,heap        ] GC(542) Archive regions: 0->0
[129.748s][info][gc,heap        ] GC(542) Humongous regions: 58->58
[129.748s][info][gc,metaspace   ] GC(542) Metaspace: 68045K(69056K)->68045K(69056K) NonClass: 59603K(60160K)->59603K(60160K) Class: 8441K(8896K)->8441K(8896K)
[129.748s][info][gc             ] GC(542) Pause Young (Concurrent Start) (G1 Humongous Allocation) 369M->329M(684M) 16.166ms
[129.748s][info][gc             ] GC(543) Concurrent Mark Cycle
[129.748s][info][gc,cpu         ] GC(542) User=0.25s Sys=0.00s Real=0.02s
[129.748s][info][gc,marking     ] GC(543) Concurrent Scan Root Regions
[129.753s][info][gc,marking     ] GC(543) Concurrent Scan Root Regions 4.823ms
[129.753s][info][gc,marking     ] GC(543) Concurrent Mark
[129.753s][info][gc,marking     ] GC(543) Concurrent Mark From Roots
[129.753s][info][gc,task        ] GC(543) Using 8 workers of 8 for marking
[129.814s][info][gc,marking     ] GC(543) Concurrent Mark From Roots 60.388ms
[129.814s][info][gc,marking     ] GC(543) Concurrent Preclean
[129.814s][info][gc,marking     ] GC(543) Concurrent Preclean 0.136ms
[129.814s][info][gc,start       ] GC(543) Pause Remark
[129.817s][info][gc             ] GC(543) Pause Remark 422M->398M(687M) 3.304ms
[129.817s][info][gc,cpu         ] GC(543) User=0.00s Sys=0.00s Real=0.00s
[129.817s][info][gc,marking     ] GC(543) Concurrent Mark 64.135ms
[129.817s][info][gc,marking     ] GC(543) Concurrent Rebuild Remembered Sets and Scrub Regions
[129.862s][info][gc,marking     ] GC(543) Concurrent Rebuild Remembered Sets and Scrub Regions 44.512ms
[129.862s][info][gc,start       ] GC(543) Pause Cleanup
[129.862s][info][gc             ] GC(543) Pause Cleanup 469M->469M(687M) 0.251ms
[129.862s][info][gc,cpu         ] GC(543) User=0.00s Sys=0.00s Real=0.00s
[129.863s][info][gc,marking     ] GC(543) Concurrent Clear Claimed Marks
[129.863s][info][gc,marking     ] GC(543) Concurrent Clear Claimed Marks 0.114ms
[129.863s][info][gc,marking     ] GC(543) Concurrent Cleanup for Next Mark
[129.863s][info][gc,marking     ] GC(543) Concurrent Cleanup for Next Mark 0.487ms
[129.863s][info][gc             ] GC(543) Concurrent Mark Cycle 114.844ms
[129.930s][info][gc,start       ] GC(544) Pause Young (Prepare Mixed) (G1 Evacuation Pause)
[129.930s][info][gc,task        ] GC(544) Using 16 workers of 33 for evacuation
[129.949s][info][gc,phases      ] GC(544)   Pre Evacuate Collection Set: 0.2ms
[129.949s][info][gc,phases      ] GC(544)   Merge Heap Roots: 0.6ms
[129.949s][info][gc,phases      ] GC(544)   Evacuate Collection Set: 17.7ms
[129.949s][info][gc,phases      ] GC(544)   Post Evacuate Collection Set: 0.5ms
[129.949s][info][gc,phases      ] GC(544)   Other: 0.2ms
[129.949s][info][gc,heap        ] GC(544) Eden regions: 263->0(263)
[129.949s][info][gc,heap        ] GC(544) Survivor regions: 7->25(34)
[129.949s][info][gc,heap        ] GC(544) Old regions: 278->278
[129.949s][info][gc,heap        ] GC(544) Archive regions: 0->0
[129.949s][info][gc,heap        ] GC(544) Humongous regions: 49->49
[129.949s][info][gc,metaspace   ] GC(544) Metaspace: 68045K(69056K)->68045K(69056K) NonClass: 59603K(60160K)->59603K(60160K) Class: 8441K(8896K)->8441K(8896K)
[129.949s][info][gc             ] GC(544) Pause Young (Prepare Mixed) (G1 Evacuation Pause) 583M->339M(687M) 19.586ms
[129.949s][info][gc,cpu         ] GC(544) User=0.50s Sys=0.00s Real=0.03s
[130.105s][info][gc,start       ] GC(545) Pause Young (Mixed) (G1 Evacuation Pause)
[130.105s][info][gc,task        ] GC(545) Using 16 workers of 33 for evacuation
[130.131s][info][gc,phases      ] GC(545)   Pre Evacuate Collection Set: 0.2ms
[130.131s][info][gc,phases      ] GC(545)   Merge Heap Roots: 0.2ms
[130.131s][info][gc,phases      ] GC(545)   Evacuate Collection Set: 24.8ms
[130.131s][info][gc,phases      ] GC(545)   Post Evacuate Collection Set: 0.6ms
[130.131s][info][gc,phases      ] GC(545)   Other: 0.2ms
[130.131s][info][gc,heap        ] GC(545) Eden regions: 263->0(259)
[130.131s][info][gc,heap        ] GC(545) Survivor regions: 25->20(36)
[130.131s][info][gc,heap        ] GC(545) Old regions: 278->295
[130.131s][info][gc,heap        ] GC(545) Archive regions: 0->0
[130.131s][info][gc,heap        ] GC(545) Humongous regions: 49->49
[130.131s][info][gc,metaspace   ] GC(545) Metaspace: 68045K(69056K)->68045K(69056K) NonClass: 59603K(60160K)->59603K(60160K) Class: 8441K(8896K)->8441K(8896K)
[130.131s][info][gc             ] GC(545) Pause Young (Mixed) (G1 Evacuation Pause) 602M->354M(687M) 26.317ms
[130.131s][info][gc,cpu         ] GC(545) User=0.50s Sys=0.00s Real=0.03s
[130.224s][info][gc,start       ] GC(546) Pause Young (Concurrent Start) (G1 Humongous Allocation)
[130.225s][info][gc,task        ] GC(546) Using 16 workers of 33 for evacuation
[130.242s][info][gc,phases      ] GC(546)   Pre Evacuate Collection Set: 0.3ms
[130.242s][info][gc,phases      ] GC(546)   Merge Heap Roots: 0.2ms
[130.242s][info][gc,phases      ] GC(546)   Evacuate Collection Set: 16.2ms
[130.242s][info][gc,phases      ] GC(546)   Post Evacuate Collection Set: 0.8ms
[130.242s][info][gc,phases      ] GC(546)   Other: 0.1ms
[130.242s][info][gc,heap        ] GC(546) Eden regions: 178->0(306)
[130.242s][info][gc,heap        ] GC(546) Survivor regions: 20->29(35)
[130.242s][info][gc,heap        ] GC(546) Old regions: 295->295
[130.242s][info][gc,heap        ] GC(546) Archive regions: 0->0
[130.242s][info][gc,heap        ] GC(546) Humongous regions: 49->49
[130.242s][info][gc,metaspace   ] GC(546) Metaspace: 68045K(69056K)->68045K(69056K) NonClass: 59603K(60160K)->59603K(60160K) Class: 8441K(8896K)->8441K(8896K)
[130.242s][info][gc             ] GC(546) Pause Young (Concurrent Start) (G1 Humongous Allocation) 532M->364M(755M) 17.744ms
[130.242s][info][gc             ] GC(547) Concurrent Mark Cycle
[130.242s][info][gc,cpu         ] GC(546) User=0.25s Sys=0.00s Real=0.02s
[130.242s][info][gc,marking     ] GC(547) Concurrent Scan Root Regions
[130.247s][info][gc,marking     ] GC(547) Concurrent Scan Root Regions 5.110ms
[130.247s][info][gc,marking     ] GC(547) Concurrent Mark
[130.247s][info][gc,marking     ] GC(547) Concurrent Mark From Roots
[130.247s][info][gc,task        ] GC(547) Using 8 workers of 8 for marking
[130.317s][info][gc,marking     ] GC(547) Concurrent Mark From Roots 69.113ms
[130.317s][info][gc,marking     ] GC(547) Concurrent Preclean
[130.317s][info][gc,marking     ] GC(547) Concurrent Preclean 0.183ms
[130.317s][info][gc,start       ] GC(547) Pause Remark
[130.319s][info][gc             ] GC(547) Pause Remark 446M->434M(755M) 1.939ms
[130.319s][info][gc,cpu         ] GC(547) User=0.00s Sys=0.00s Real=0.00s
[130.319s][info][gc,marking     ] GC(547) Concurrent Mark 71.613ms
[130.319s][info][gc,marking     ] GC(547) Concurrent Rebuild Remembered Sets and Scrub Regions
[130.366s][info][gc,marking     ] GC(547) Concurrent Rebuild Remembered Sets and Scrub Regions 46.945ms
[130.366s][info][gc,start       ] GC(547) Pause Cleanup
[130.367s][info][gc             ] GC(547) Pause Cleanup 455M->455M(755M) 0.368ms
[130.367s][info][gc,cpu         ] GC(547) User=0.00s Sys=0.00s Real=0.00s
[130.367s][info][gc,marking     ] GC(547) Concurrent Clear Claimed Marks
[130.367s][info][gc,marking     ] GC(547) Concurrent Clear Claimed Marks 0.112ms
[130.367s][info][gc,marking     ] GC(547) Concurrent Cleanup for Next Mark
[130.367s][info][gc,marking     ] GC(547) Concurrent Cleanup for Next Mark 0.592ms
[130.368s][info][gc             ] GC(547) Concurrent Mark Cycle 125.291ms
[130.769s][info][gc,start       ] GC(548) Pause Young (Prepare Mixed) (G1 Evacuation Pause)
[130.769s][info][gc,task        ] GC(548) Using 18 workers of 33 for evacuation
[130.801s][info][gc,phases      ] GC(548)   Pre Evacuate Collection Set: 0.2ms
[130.801s][info][gc,phases      ] GC(548)   Merge Heap Roots: 0.6ms
[130.801s][info][gc,phases      ] GC(548)   Evacuate Collection Set: 30.2ms
[130.801s][info][gc,phases      ] GC(548)   Post Evacuate Collection Set: 0.6ms
[130.801s][info][gc,phases      ] GC(548)   Other: 0.2ms
[130.801s][info][gc,heap        ] GC(548) Eden regions: 306->0(294)
[130.801s][info][gc,heap        ] GC(548) Survivor regions: 29->28(42)
[130.801s][info][gc,heap        ] GC(548) Old regions: 295->309
[130.801s][info][gc,heap        ] GC(548) Archive regions: 0->0
[130.801s][info][gc,heap        ] GC(548) Humongous regions: 57->57
[130.801s][info][gc,metaspace   ] GC(548) Metaspace: 68045K(69056K)->68045K(69056K) NonClass: 59603K(60160K)->59603K(60160K) Class: 8441K(8896K)->8441K(8896K)
[130.801s][info][gc             ] GC(548) Pause Young (Prepare Mixed) (G1 Evacuation Pause) 678M->385M(755M) 32.071ms
[130.801s][info][gc,cpu         ] GC(548) User=0.56s Sys=0.00s Real=0.03s
[131.822s][info][gc,start       ] GC(549) Pause Young (Mixed) (G1 Evacuation Pause)
[131.822s][info][gc,task        ] GC(549) Using 18 workers of 33 for evacuation
[131.866s][info][gc,phases      ] GC(549)   Pre Evacuate Collection Set: 0.2ms
[131.866s][info][gc,phases      ] GC(549)   Merge Heap Roots: 0.5ms
[131.866s][info][gc,phases      ] GC(549)   Evacuate Collection Set: 42.1ms
[131.866s][info][gc,phases      ] GC(549)   Post Evacuate Collection Set: 0.6ms
[131.866s][info][gc,phases      ] GC(549)   Other: 0.2ms
[131.866s][info][gc,heap        ] GC(549) Eden regions: 294->0(259)
[131.866s][info][gc,heap        ] GC(549) Survivor regions: 28->41(41)
[131.866s][info][gc,heap        ] GC(549) Old regions: 309->311
[131.866s][info][gc,heap        ] GC(549) Archive regions: 0->0
[131.866s][info][gc,heap        ] GC(549) Humongous regions: 91->86
[131.866s][info][gc,metaspace   ] GC(549) Metaspace: 68062K(69120K)->68062K(69120K) NonClass: 59618K(60160K)->59618K(60160K) Class: 8444K(8960K)->8444K(8960K)
[131.866s][info][gc             ] GC(549) Pause Young (Mixed) (G1 Evacuation Pause) 713M->434M(778M) 44.121ms
[131.866s][info][gc,cpu         ] GC(549) User=0.83s Sys=0.02s Real=0.05s
[131.973s][info][gc,start       ] GC(550) Pause Young (Concurrent Start) (G1 Humongous Allocation)
[131.973s][info][gc,task        ] GC(550) Using 18 workers of 33 for evacuation
[132.004s][info][gc,phases      ] GC(550)   Pre Evacuate Collection Set: 0.3ms
[132.004s][info][gc,phases      ] GC(550)   Merge Heap Roots: 0.3ms
[132.004s][info][gc,phases      ] GC(550)   Evacuate Collection Set: 29.9ms
[132.004s][info][gc,phases      ] GC(550)   Post Evacuate Collection Set: 0.4ms
[132.004s][info][gc,phases      ] GC(550)   Other: 0.1ms
[132.004s][info][gc,heap        ] GC(550) Eden regions: 86->0(238)
[132.004s][info][gc,heap        ] GC(550) Survivor regions: 41->20(38)
[132.004s][info][gc,heap        ] GC(550) Old regions: 311->349
[132.004s][info][gc,heap        ] GC(550) Archive regions: 0->0
[132.004s][info][gc,heap        ] GC(550) Humongous regions: 86->86
[132.004s][info][gc,metaspace   ] GC(550) Metaspace: 68062K(69120K)->68062K(69120K) NonClass: 59618K(60160K)->59618K(60160K) Class: 8444K(8960K)->8444K(8960K)
[132.004s][info][gc             ] GC(550) Pause Young (Concurrent Start) (G1 Humongous Allocation) 520M->451M(778M) 31.164ms
[132.004s][info][gc             ] GC(551) Concurrent Mark Cycle
[132.004s][info][gc,cpu         ] GC(550) User=0.56s Sys=0.00s Real=0.03s
[132.004s][info][gc,marking     ] GC(551) Concurrent Scan Root Regions
[132.010s][info][gc,marking     ] GC(551) Concurrent Scan Root Regions 5.627ms
[132.010s][info][gc,marking     ] GC(551) Concurrent Mark
[132.010s][info][gc,marking     ] GC(551) Concurrent Mark From Roots
[132.010s][info][gc,task        ] GC(551) Using 8 workers of 8 for marking
[132.041s][info][gc,marking     ] GC(551) Concurrent Mark From Roots 31.407ms
[132.041s][info][gc,marking     ] GC(551) Concurrent Preclean
[132.042s][info][gc,marking     ] GC(551) Concurrent Preclean 0.168ms
[132.042s][info][gc,start       ] GC(551) Pause Remark
[132.044s][info][gc             ] GC(551) Pause Remark 517M->314M(778M) 1.964ms
[132.044s][info][gc,cpu         ] GC(551) User=0.00s Sys=0.00s Real=0.00s
[132.044s][info][gc,marking     ] GC(551) Concurrent Mark 33.890ms
[132.044s][info][gc,marking     ] GC(551) Concurrent Rebuild Remembered Sets and Scrub Regions
[132.067s][info][gc,marking     ] GC(551) Concurrent Rebuild Remembered Sets and Scrub Regions 23.416ms
[132.067s][info][gc,start       ] GC(551) Pause Cleanup
[132.068s][info][gc             ] GC(551) Pause Cleanup 363M->363M(778M) 0.231ms
[132.068s][info][gc,cpu         ] GC(551) User=0.00s Sys=0.00s Real=0.00s
[132.068s][info][gc,marking     ] GC(551) Concurrent Clear Claimed Marks
[132.068s][info][gc,marking     ] GC(551) Concurrent Clear Claimed Marks 0.097ms
[132.068s][info][gc,marking     ] GC(551) Concurrent Cleanup for Next Mark
[132.068s][info][gc,marking     ] GC(551) Concurrent Cleanup for Next Mark 0.552ms
[132.068s][info][gc             ] GC(551) Concurrent Mark Cycle 64.303ms
[132.132s][info][gc,start       ] GC(552) Pause Young (Prepare Mixed) (G1 Evacuation Pause)
[132.132s][info][gc,task        ] GC(552) Using 18 workers of 33 for evacuation
[132.163s][info][gc,phases      ] GC(552)   Pre Evacuate Collection Set: 0.2ms
[132.163s][info][gc,phases      ] GC(552)   Merge Heap Roots: 0.3ms
[132.163s][info][gc,phases      ] GC(552)   Evacuate Collection Set: 30.1ms
[132.163s][info][gc,phases      ] GC(552)   Post Evacuate Collection Set: 0.5ms
[132.163s][info][gc,phases      ] GC(552)   Other: 0.2ms
[132.163s][info][gc,heap        ] GC(552) Eden regions: 238->0(288)
[132.163s][info][gc,heap        ] GC(552) Survivor regions: 20->33(33)
[132.163s][info][gc,heap        ] GC(552) Old regions: 210->265
[132.163s][info][gc,heap        ] GC(552) Archive regions: 0->0
[132.163s][info][gc,heap        ] GC(552) Humongous regions: 46->46
[132.163s][info][gc,metaspace   ] GC(552) Metaspace: 68062K(69120K)->68062K(69120K) NonClass: 59618K(60160K)->59618K(60160K) Class: 8444K(8960K)->8444K(8960K)
[132.163s][info][gc             ] GC(552) Pause Young (Prepare Mixed) (G1 Evacuation Pause) 510M->340M(778M) 31.802ms
[132.164s][info][gc,cpu         ] GC(552) User=0.56s Sys=0.00s Real=0.03s
[132.308s][info][gc,start       ] GC(553) Pause Young (Mixed) (G1 Evacuation Pause)
[132.308s][info][gc,task        ] GC(553) Using 18 workers of 33 for evacuation
[132.343s][info][gc,phases      ] GC(553)   Pre Evacuate Collection Set: 0.2ms
[132.343s][info][gc,phases      ] GC(553)   Merge Heap Roots: 0.5ms
[132.343s][info][gc,phases      ] GC(553)   Evacuate Collection Set: 34.3ms
[132.343s][info][gc,phases      ] GC(553)   Post Evacuate Collection Set: 0.4ms
[132.343s][info][gc,phases      ] GC(553)   Other: 0.2ms
[132.343s][info][gc,heap        ] GC(553) Eden regions: 288->0(255)
[132.343s][info][gc,heap        ] GC(553) Survivor regions: 33->37(41)
[132.343s][info][gc,heap        ] GC(553) Old regions: 265->299
[132.343s][info][gc,heap        ] GC(553) Archive regions: 0->0
[132.343s][info][gc,heap        ] GC(553) Humongous regions: 70->70
[132.343s][info][gc,metaspace   ] GC(553) Metaspace: 68062K(69120K)->68062K(69120K) NonClass: 59618K(60160K)->59618K(60160K) Class: 8444K(8960K)->8444K(8960K)
[132.344s][info][gc             ] GC(553) Pause Young (Mixed) (G1 Evacuation Pause) 652M->402M(778M) 35.837ms
[132.344s][info][gc,cpu         ] GC(553) User=0.56s Sys=0.00s Real=0.03s
[132.424s][info][gc,start       ] GC(554) Pause Young (Concurrent Start) (G1 Humongous Allocation)
[132.424s][info][gc,task        ] GC(554) Using 18 workers of 33 for evacuation
[132.451s][info][gc,phases      ] GC(554)   Pre Evacuate Collection Set: 0.3ms
[132.451s][info][gc,phases      ] GC(554)   Merge Heap Roots: 0.2ms
[132.451s][info][gc,phases      ] GC(554)   Evacuate Collection Set: 26.2ms
[132.451s][info][gc,phases      ] GC(554)   Post Evacuate Collection Set: 0.4ms
[132.451s][info][gc,phases      ] GC(554)   Other: 0.2ms
[132.451s][info][gc,heap        ] GC(554) Eden regions: 167->0(251)
[132.451s][info][gc,heap        ] GC(554) Survivor regions: 37->20(37)
[132.451s][info][gc,heap        ] GC(554) Old regions: 299->334
[132.451s][info][gc,heap        ] GC(554) Archive regions: 0->0
[132.451s][info][gc,heap        ] GC(554) Humongous regions: 70->70
[132.451s][info][gc,metaspace   ] GC(554) Metaspace: 68062K(69120K)->68062K(69120K) NonClass: 59618K(60160K)->59618K(60160K) Class: 8444K(8960K)->8444K(8960K)
[132.451s][info][gc             ] GC(554) Pause Young (Concurrent Start) (G1 Humongous Allocation) 568M->420M(778M) 27.573ms
[132.451s][info][gc             ] GC(555) Concurrent Mark Cycle
[132.451s][info][gc,cpu         ] GC(554) User=0.56s Sys=0.00s Real=0.03s
[132.451s][info][gc,marking     ] GC(555) Concurrent Scan Root Regions
[132.459s][info][gc,marking     ] GC(555) Concurrent Scan Root Regions 7.312ms
[132.459s][info][gc,marking     ] GC(555) Concurrent Mark
[132.459s][info][gc,marking     ] GC(555) Concurrent Mark From Roots
[132.459s][info][gc,task        ] GC(555) Using 8 workers of 8 for marking
[132.518s][info][gc,marking     ] GC(555) Concurrent Mark From Roots 59.058ms
[132.518s][info][gc,marking     ] GC(555) Concurrent Preclean
[132.518s][info][gc,marking     ] GC(555) Concurrent Preclean 0.112ms
[132.518s][info][gc,start       ] GC(555) Pause Remark
[132.522s][info][gc             ] GC(555) Pause Remark 531M->494M(830M) 3.660ms
[132.522s][info][gc,cpu         ] GC(555) User=0.28s Sys=0.00s Real=0.01s
[132.522s][info][gc,marking     ] GC(555) Concurrent Mark 63.178ms
[132.522s][info][gc,marking     ] GC(555) Concurrent Rebuild Remembered Sets and Scrub Regions
[132.569s][info][gc,marking     ] GC(555) Concurrent Rebuild Remembered Sets and Scrub Regions 46.857ms
[132.569s][info][gc,start       ] GC(555) Pause Cleanup
[132.569s][info][gc             ] GC(555) Pause Cleanup 571M->571M(830M) 0.346ms
[132.569s][info][gc,cpu         ] GC(555) User=0.00s Sys=0.00s Real=0.00s
[132.569s][info][gc,marking     ] GC(555) Concurrent Clear Claimed Marks
[132.570s][info][gc,marking     ] GC(555) Concurrent Clear Claimed Marks 0.121ms
[132.570s][info][gc,marking     ] GC(555) Concurrent Cleanup for Next Mark
[132.570s][info][gc,marking     ] GC(555) Concurrent Cleanup for Next Mark 0.706ms
[132.570s][info][gc             ] GC(555) Concurrent Mark Cycle 119.088ms
[132.610s][info][gc,start       ] GC(556) Pause Young (Prepare Mixed) (G1 Evacuation Pause)
[132.610s][info][gc,task        ] GC(556) Using 19 workers of 33 for evacuation
[132.635s][info][gc,phases      ] GC(556)   Pre Evacuate Collection Set: 0.2ms
[132.635s][info][gc,phases      ] GC(556)   Merge Heap Roots: 0.8ms
[132.635s][info][gc,phases      ] GC(556)   Evacuate Collection Set: 23.9ms
[132.635s][info][gc,phases      ] GC(556)   Post Evacuate Collection Set: 0.6ms
[132.635s][info][gc,phases      ] GC(556)   Other: 0.2ms
[132.635s][info][gc,heap        ] GC(556) Eden regions: 251->0(296)
[132.635s][info][gc,heap        ] GC(556) Survivor regions: 20->34(34)
[132.636s][info][gc,heap        ] GC(556) Old regions: 333->340
[132.636s][info][gc,heap        ] GC(556) Archive regions: 0->0
[132.636s][info][gc,heap        ] GC(556) Humongous regions: 54->54
[132.636s][info][gc,metaspace   ] GC(556) Metaspace: 68062K(69120K)->68062K(69120K) NonClass: 59618K(60160K)->59618K(60160K) Class: 8444K(8960K)->8444K(8960K)
[132.636s][info][gc             ] GC(556) Pause Young (Prepare Mixed) (G1 Evacuation Pause) 654M->424M(830M) 26.019ms
[132.636s][info][gc,cpu         ] GC(556) User=0.59s Sys=0.00s Real=0.03s
[132.780s][info][gc,start       ] GC(557) Pause Young (Mixed) (G1 Evacuation Pause)
[132.780s][info][gc,task        ] GC(557) Using 19 workers of 33 for evacuation
[132.810s][info][gc,phases      ] GC(557)   Pre Evacuate Collection Set: 0.2ms
[132.810s][info][gc,phases      ] GC(557)   Merge Heap Roots: 0.2ms
[132.810s][info][gc,phases      ] GC(557)   Evacuate Collection Set: 29.0ms
[132.811s][info][gc,phases      ] GC(557)   Post Evacuate Collection Set: 0.5ms
[132.811s][info][gc,phases      ] GC(557)   Other: 0.2ms
[132.811s][info][gc,heap        ] GC(557) Eden regions: 296->0(321)
[132.811s][info][gc,heap        ] GC(557) Survivor regions: 34->41(42)
[132.811s][info][gc,heap        ] GC(557) Old regions: 340->311
[132.811s][info][gc,heap        ] GC(557) Archive regions: 0->0
[132.811s][info][gc,heap        ] GC(557) Humongous regions: 54->54
[132.811s][info][gc,metaspace   ] GC(557) Metaspace: 68062K(69120K)->68062K(69120K) NonClass: 59618K(60160K)->59618K(60160K) Class: 8444K(8960K)->8444K(8960K)
[132.811s][info][gc             ] GC(557) Pause Young (Mixed) (G1 Evacuation Pause) 720M->402M(830M) 30.642ms
[132.811s][info][gc,cpu         ] GC(557) User=0.59s Sys=0.00s Real=0.03s
[132.996s][info][gc,start       ] GC(558) Pause Young (Concurrent Start) (G1 Humongous Allocation)
[132.996s][info][gc,task        ] GC(558) Using 19 workers of 33 for evacuation
[133.027s][info][gc,phases      ] GC(558)   Pre Evacuate Collection Set: 0.3ms
[133.027s][info][gc,phases      ] GC(558)   Merge Heap Roots: 0.2ms
[133.027s][info][gc,phases      ] GC(558)   Evacuate Collection Set: 30.0ms
[133.027s][info][gc,phases      ] GC(558)   Post Evacuate Collection Set: 1.0ms
[133.028s][info][gc,phases      ] GC(558)   Other: 0.1ms
[133.028s][info][gc,heap        ] GC(558) Eden regions: 251->0(362)
[133.028s][info][gc,heap        ] GC(558) Survivor regions: 41->40(46)
[133.028s][info][gc,heap        ] GC(558) Old regions: 311->327
[133.028s][info][gc,heap        ] GC(558) Archive regions: 0->0
[133.028s][info][gc,heap        ] GC(558) Humongous regions: 54->54
[133.028s][info][gc,metaspace   ] GC(558) Metaspace: 68062K(69120K)->68062K(69120K) NonClass: 59618K(60160K)->59618K(60160K) Class: 8444K(8960K)->8444K(8960K)
[133.028s][info][gc             ] GC(558) Pause Young (Concurrent Start) (G1 Humongous Allocation) 653M->416M(889M) 31.993ms
[133.028s][info][gc             ] GC(559) Concurrent Mark Cycle
[133.028s][info][gc,cpu         ] GC(558) User=0.59s Sys=0.00s Real=0.03s
[133.028s][info][gc,marking     ] GC(559) Concurrent Scan Root Regions
[133.035s][info][gc,marking     ] GC(559) Concurrent Scan Root Regions 7.488ms
[133.035s][info][gc,marking     ] GC(559) Concurrent Mark
[133.035s][info][gc,marking     ] GC(559) Concurrent Mark From Roots
[133.035s][info][gc,task        ] GC(559) Using 8 workers of 8 for marking
[133.088s][info][gc,marking     ] GC(559) Concurrent Mark From Roots 52.218ms
[133.088s][info][gc,marking     ] GC(559) Concurrent Preclean
[133.088s][info][gc,marking     ] GC(559) Concurrent Preclean 0.180ms
[133.088s][info][gc,start       ] GC(559) Pause Remark
[133.090s][info][gc             ] GC(559) Pause Remark 419M->319M(889M) 1.858ms
[133.090s][info][gc,cpu         ] GC(559) User=0.00s Sys=0.00s Real=0.00s
[133.090s][info][gc,marking     ] GC(559) Concurrent Mark 54.584ms
[133.090s][info][gc,marking     ] GC(559) Concurrent Rebuild Remembered Sets and Scrub Regions
[133.126s][info][gc,marking     ] GC(559) Concurrent Rebuild Remembered Sets and Scrub Regions 36.106ms
[133.126s][info][gc,start       ] GC(559) Pause Cleanup
[133.127s][info][gc             ] GC(559) Pause Cleanup 321M->321M(889M) 0.359ms
[133.127s][info][gc,cpu         ] GC(559) User=0.00s Sys=0.00s Real=0.00s
[133.127s][info][gc,marking     ] GC(559) Concurrent Clear Claimed Marks
[133.127s][info][gc,marking     ] GC(559) Concurrent Clear Claimed Marks 0.103ms
[133.127s][info][gc,marking     ] GC(559) Concurrent Cleanup for Next Mark
[133.127s][info][gc,marking     ] GC(559) Concurrent Cleanup for Next Mark 0.597ms
[133.127s][info][gc             ] GC(559) Concurrent Mark Cycle 99.755ms
[133.947s][info][gc,start       ] GC(560) Pause Young (Prepare Mixed) (G1 Evacuation Pause)
[133.947s][info][gc,task        ] GC(560) Using 21 workers of 33 for evacuation
[134.009s][info][gc,phases      ] GC(560)   Pre Evacuate Collection Set: 0.2ms
[134.009s][info][gc,phases      ] GC(560)   Merge Heap Roots: 0.6ms
[134.009s][info][gc,phases      ] GC(560)   Evacuate Collection Set: 60.6ms
[134.009s][info][gc,phases      ] GC(560)   Post Evacuate Collection Set: 0.7ms
[134.009s][info][gc,phases      ] GC(560)   Other: 0.1ms
[134.009s][info][gc,heap        ] GC(560) Eden regions: 362->0(330)
[134.010s][info][gc,heap        ] GC(560) Survivor regions: 40->51(51)
[134.010s][info][gc,heap        ] GC(560) Old regions: 251->292
[134.010s][info][gc,heap        ] GC(560) Archive regions: 0->0
[134.010s][info][gc,heap        ] GC(560) Humongous regions: 108->98
[134.010s][info][gc,metaspace   ] GC(560) Metaspace: 68079K(69120K)->68079K(69120K) NonClass: 59635K(60160K)->59635K(60160K) Class: 8444K(8960K)->8444K(8960K)
[134.010s][info][gc             ] GC(560) Pause Young (Prepare Mixed) (G1 Evacuation Pause) 756M->437M(889M) 62.493ms
[134.010s][info][gc,cpu         ] GC(560) User=1.31s Sys=0.00s Real=0.06s
[134.381s][info][gc,start       ] GC(561) Pause Young (Mixed) (G1 Evacuation Pause)
[134.381s][info][gc,task        ] GC(561) Using 21 workers of 33 for evacuation
[134.433s][info][gc,phases      ] GC(561)   Pre Evacuate Collection Set: 0.2ms
[134.433s][info][gc,phases      ] GC(561)   Merge Heap Roots: 0.6ms
[134.433s][info][gc,phases      ] GC(561)   Evacuate Collection Set: 50.3ms
[134.433s][info][gc,phases      ] GC(561)   Post Evacuate Collection Set: 0.6ms
[134.433s][info][gc,phases      ] GC(561)   Other: 0.1ms
[134.433s][info][gc,heap        ] GC(561) Eden regions: 330->0(289)
[134.433s][info][gc,heap        ] GC(561) Survivor regions: 51->48(48)
[134.433s][info][gc,heap        ] GC(561) Old regions: 292->329
[134.433s][info][gc,heap        ] GC(561) Archive regions: 0->0
[134.433s][info][gc,heap        ] GC(561) Humongous regions: 127->122
[134.433s][info][gc,metaspace   ] GC(561) Metaspace: 68125K(69184K)->68125K(69184K) NonClass: 59678K(60224K)->59678K(60224K) Class: 8446K(8960K)->8446K(8960K)
[134.433s][info][gc             ] GC(561) Pause Young (Mixed) (G1 Evacuation Pause) 796M->495M(901M) 52.090ms
[134.433s][info][gc,cpu         ] GC(561) User=0.98s Sys=0.02s Real=0.06s
[134.695s][info][gc,start       ] GC(562) Pause Young (Concurrent Start) (G1 Humongous Allocation)
[134.696s][info][gc,task        ] GC(562) Using 21 workers of 33 for evacuation
[134.720s][info][gc,phases      ] GC(562)   Pre Evacuate Collection Set: 0.4ms
[134.720s][info][gc,phases      ] GC(562)   Merge Heap Roots: 0.2ms
[134.720s][info][gc,phases      ] GC(562)   Evacuate Collection Set: 23.1ms
[134.720s][info][gc,phases      ] GC(562)   Post Evacuate Collection Set: 0.5ms
[134.720s][info][gc,phases      ] GC(562)   Other: 0.1ms
[134.720s][info][gc,heap        ] GC(562) Eden regions: 120->0(300)
[134.720s][info][gc,heap        ] GC(562) Survivor regions: 48->7(43)
[134.720s][info][gc,heap        ] GC(562) Old regions: 329->378
[134.720s][info][gc,heap        ] GC(562) Archive regions: 0->0
[134.720s][info][gc,heap        ] GC(562) Humongous regions: 122->122
[134.720s][info][gc,metaspace   ] GC(562) Metaspace: 68174K(69248K)->68174K(69248K) NonClass: 59727K(60288K)->59727K(60288K) Class: 8446K(8960K)->8446K(8960K)
[134.720s][info][gc             ] GC(562) Pause Young (Concurrent Start) (G1 Humongous Allocation) 615M->503M(901M) 24.593ms
[134.720s][info][gc             ] GC(563) Concurrent Mark Cycle
[134.720s][info][gc,cpu         ] GC(562) User=0.66s Sys=0.00s Real=0.03s
[134.720s][info][gc,marking     ] GC(563) Concurrent Scan Root Regions
[134.723s][info][gc,marking     ] GC(563) Concurrent Scan Root Regions 3.196ms
[134.723s][info][gc,marking     ] GC(563) Concurrent Mark
[134.723s][info][gc,marking     ] GC(563) Concurrent Mark From Roots
[134.723s][info][gc,task        ] GC(563) Using 8 workers of 8 for marking
[134.754s][info][gc,marking     ] GC(563) Concurrent Mark From Roots 30.570ms
[134.754s][info][gc,marking     ] GC(563) Concurrent Preclean
[134.754s][info][gc,marking     ] GC(563) Concurrent Preclean 0.176ms
[134.754s][info][gc,start       ] GC(563) Pause Remark
[134.756s][info][gc             ] GC(563) Pause Remark 525M->270M(901M) 2.096ms
[134.756s][info][gc,cpu         ] GC(563) User=0.00s Sys=0.00s Real=0.00s
[134.757s][info][gc,marking     ] GC(563) Concurrent Mark 33.176ms
[134.757s][info][gc,marking     ] GC(563) Concurrent Rebuild Remembered Sets and Scrub Regions
[134.773s][info][gc,marking     ] GC(563) Concurrent Rebuild Remembered Sets and Scrub Regions 16.466ms
[134.773s][info][gc,start       ] GC(563) Pause Cleanup
[134.773s][info][gc             ] GC(563) Pause Cleanup 299M->299M(901M) 0.271ms
[134.773s][info][gc,cpu         ] GC(563) User=0.00s Sys=0.00s Real=0.00s
[134.774s][info][gc,marking     ] GC(563) Concurrent Clear Claimed Marks
[134.774s][info][gc,marking     ] GC(563) Concurrent Clear Claimed Marks 0.077ms
[134.774s][info][gc,marking     ] GC(563) Concurrent Cleanup for Next Mark
[134.774s][info][gc,marking     ] GC(563) Concurrent Cleanup for Next Mark 0.590ms
[134.774s][info][gc             ] GC(563) Concurrent Mark Cycle 54.185ms
[134.891s][info][gc,start       ] GC(564) Pause Young (Prepare Mixed) (G1 Evacuation Pause)
[134.891s][info][gc,task        ] GC(564) Using 21 workers of 33 for evacuation
[134.908s][info][gc,phases      ] GC(564)   Pre Evacuate Collection Set: 0.2ms
[134.908s][info][gc,phases      ] GC(564)   Merge Heap Roots: 0.1ms
[134.908s][info][gc,phases      ] GC(564)   Evacuate Collection Set: 16.3ms
[134.908s][info][gc,phases      ] GC(564)   Post Evacuate Collection Set: 0.6ms
[134.908s][info][gc,phases      ] GC(564)   Other: 0.1ms
[134.908s][info][gc,heap        ] GC(564) Eden regions: 300->0(466)
[134.908s][info][gc,heap        ] GC(564) Survivor regions: 7->39(39)
[134.908s][info][gc,heap        ] GC(564) Old regions: 235->235
[134.908s][info][gc,heap        ] GC(564) Archive regions: 0->0
[134.908s][info][gc,heap        ] GC(564) Humongous regions: 25->20
[134.908s][info][gc,metaspace   ] GC(564) Metaspace: 68177K(69248K)->68177K(69248K) NonClass: 59730K(60288K)->59730K(60288K) Class: 8446K(8960K)->8446K(8960K)
[134.908s][info][gc             ] GC(564) Pause Young (Prepare Mixed) (G1 Evacuation Pause) 563M->290M(901M) 17.587ms
[134.908s][info][gc,cpu         ] GC(564) User=0.33s Sys=0.00s Real=0.01s
[135.445s][info][gc,start       ] GC(565) Pause Young (Mixed) (G1 Evacuation Pause)
[135.445s][info][gc,task        ] GC(565) Using 21 workers of 33 for evacuation
[135.508s][info][gc,phases      ] GC(565)   Pre Evacuate Collection Set: 0.2ms
[135.508s][info][gc,phases      ] GC(565)   Merge Heap Roots: 0.5ms
[135.508s][info][gc,phases      ] GC(565)   Evacuate Collection Set: 61.2ms
[135.508s][info][gc,phases      ] GC(565)   Post Evacuate Collection Set: 0.6ms
[135.508s][info][gc,phases      ] GC(565)   Other: 0.2ms
[135.508s][info][gc,heap        ] GC(565) Eden regions: 359->0(414)
[135.508s][info][gc,heap        ] GC(565) Survivor regions: 39->49(64)
[135.508s][info][gc,heap        ] GC(565) Old regions: 235->267
[135.508s][info][gc,heap        ] GC(565) Archive regions: 0->0
[135.508s][info][gc,heap        ] GC(565) Humongous regions: 276->136
[135.508s][info][gc,metaspace   ] GC(565) Metaspace: 68183K(69248K)->68183K(69248K) NonClass: 59736K(60288K)->59736K(60288K) Class: 8446K(8960K)->8446K(8960K)
[135.508s][info][gc             ] GC(565) Pause Young (Mixed) (G1 Evacuation Pause) 905M->447M(997M) 63.049ms
[135.508s][info][gc,cpu         ] GC(565) User=1.41s Sys=0.09s Real=0.06s
[135.509s][info][gc,start       ] GC(566) Pause Young (Concurrent Start) (G1 Humongous Allocation)
[135.509s][info][gc,task        ] GC(566) Using 23 workers of 33 for evacuation
[135.526s][info][gc,phases      ] GC(566)   Pre Evacuate Collection Set: 0.2ms
[135.526s][info][gc,phases      ] GC(566)   Merge Heap Roots: 0.1ms
[135.526s][info][gc,phases      ] GC(566)   Evacuate Collection Set: 16.2ms
[135.526s][info][gc,phases      ] GC(566)   Post Evacuate Collection Set: 0.4ms
[135.526s][info][gc,phases      ] GC(566)   Other: 0.1ms
[135.526s][info][gc,heap        ] GC(566) Eden regions: 1->0(414)
[135.526s][info][gc,heap        ] GC(566) Survivor regions: 49->2(58)
[135.526s][info][gc,heap        ] GC(566) Old regions: 267->315
[135.526s][info][gc,heap        ] GC(566) Archive regions: 0->0
[135.526s][info][gc,heap        ] GC(566) Humongous regions: 136->133
[135.526s][info][gc,metaspace   ] GC(566) Metaspace: 68183K(69248K)->68183K(69248K) NonClass: 59736K(60288K)->59736K(60288K) Class: 8446K(8960K)->8446K(8960K)
[135.526s][info][gc             ] GC(566) Pause Young (Concurrent Start) (G1 Humongous Allocation) 448M->446M(997M) 17.239ms
[135.526s][info][gc             ] GC(567) Concurrent Mark Cycle
[135.526s][info][gc,cpu         ] GC(566) User=0.36s Sys=0.00s Real=0.02s
[135.526s][info][gc,marking     ] GC(567) Concurrent Scan Root Regions
[135.531s][info][gc,marking     ] GC(567) Concurrent Scan Root Regions 5.427ms
[135.531s][info][gc,marking     ] GC(567) Concurrent Mark
[135.531s][info][gc,marking     ] GC(567) Concurrent Mark From Roots
[135.531s][info][gc,task        ] GC(567) Using 8 workers of 8 for marking
[135.565s][info][gc,marking     ] GC(567) Concurrent Mark From Roots 33.256ms
[135.565s][info][gc,marking     ] GC(567) Concurrent Preclean
[135.565s][info][gc,marking     ] GC(567) Concurrent Preclean 0.270ms
[135.565s][info][gc,start       ] GC(567) Pause Remark
[135.568s][info][gc             ] GC(567) Pause Remark 556M->444M(997M) 2.637ms
[135.568s][info][gc,cpu         ] GC(567) User=0.00s Sys=0.00s Real=0.00s
[135.568s][info][gc,marking     ] GC(567) Concurrent Mark 36.548ms
[135.568s][info][gc,marking     ] GC(567) Concurrent Rebuild Remembered Sets and Scrub Regions
[135.586s][info][gc,marking     ] GC(567) Concurrent Rebuild Remembered Sets and Scrub Regions 18.479ms
[135.587s][info][gc,start       ] GC(567) Pause Cleanup
[135.587s][info][gc             ] GC(567) Pause Cleanup 487M->487M(997M) 0.324ms
[135.587s][info][gc,cpu         ] GC(567) User=0.00s Sys=0.00s Real=0.00s
[135.587s][info][gc,marking     ] GC(567) Concurrent Clear Claimed Marks
[135.587s][info][gc,marking     ] GC(567) Concurrent Clear Claimed Marks 0.119ms
[135.587s][info][gc,marking     ] GC(567) Concurrent Cleanup for Next Mark
[135.588s][info][gc,marking     ] GC(567) Concurrent Cleanup for Next Mark 0.809ms
[135.588s][info][gc             ] GC(567) Concurrent Mark Cycle 62.254ms
[135.774s][info][gc,start       ] GC(568) Pause Young (Prepare Mixed) (G1 Evacuation Pause)
[135.774s][info][gc,task        ] GC(568) Using 23 workers of 33 for evacuation
[135.802s][info][gc,phases      ] GC(568)   Pre Evacuate Collection Set: 0.2ms
[135.802s][info][gc,phases      ] GC(568)   Merge Heap Roots: 0.5ms
[135.802s][info][gc,phases      ] GC(568)   Evacuate Collection Set: 26.6ms
[135.802s][info][gc,phases      ] GC(568)   Post Evacuate Collection Set: 0.6ms
[135.802s][info][gc,phases      ] GC(568)   Other: 0.2ms
[135.802s][info][gc,heap        ] GC(568) Eden regions: 414->0(429)
[135.802s][info][gc,heap        ] GC(568) Survivor regions: 2->44(52)
[135.802s][info][gc,heap        ] GC(568) Old regions: 272->272
[135.802s][info][gc,heap        ] GC(568) Archive regions: 0->0
[135.802s][info][gc,heap        ] GC(568) Humongous regions: 131->110
[135.802s][info][gc,metaspace   ] GC(568) Metaspace: 68231K(69248K)->68231K(69248K) NonClass: 59784K(60288K)->59784K(60288K) Class: 8446K(8960K)->8446K(8960K)
[135.802s][info][gc             ] GC(568) Pause Young (Prepare Mixed) (G1 Evacuation Pause) 815M->421M(997M) 28.460ms
[135.802s][info][gc,cpu         ] GC(568) User=0.72s Sys=0.00s Real=0.03s
[135.990s][info][gc,start       ] GC(569) Pause Full (System.gc())
[135.990s][info][gc,task        ] GC(569) Using 23 workers of 33 for full compaction
[135.991s][info][gc,phases,start] GC(569) Phase 1: Mark live objects
[136.025s][info][gc,phases      ] GC(569) Phase 1: Mark live objects 33.583ms
[136.025s][info][gc,phases,start] GC(569) Phase 2: Prepare compaction
[136.029s][info][gc,phases      ] GC(569) Phase 2: Prepare compaction 4.189ms
[136.029s][info][gc,phases,start] GC(569) Phase 3: Adjust pointers
[136.038s][info][gc,phases      ] GC(569) Phase 3: Adjust pointers 9.087ms
[136.038s][info][gc,phases,start] GC(569) Phase 4: Compact heap
[136.039s][info][gc,phases      ] GC(569) Phase 4: Compact heap 0.681ms
[136.048s][info][gc,heap        ] GC(569) Eden regions: 313->0(288)
[136.048s][info][gc,heap        ] GC(569) Survivor regions: 44->0(52)
[136.048s][info][gc,heap        ] GC(569) Old regions: 272->155
[136.048s][info][gc,heap        ] GC(569) Archive regions: 0->0
[136.048s][info][gc,heap        ] GC(569) Humongous regions: 113->10
[136.048s][info][gc,metaspace   ] GC(569) Metaspace: 68231K(69248K)->68231K(69248K) NonClass: 59784K(60288K)->59784K(60288K) Class: 8446K(8960K)->8446K(8960K)
[136.048s][info][gc             ] GC(569) Pause Full (System.gc()) 737M->149M(550M) 58.078ms
[136.048s][info][gc,cpu         ] GC(569) User=0.72s Sys=0.02s Real=0.05s
[136.077s][info][gc,start       ] GC(570) Pause Young (Concurrent Start) (G1 Humongous Allocation)
[136.078s][info][gc,task        ] GC(570) Using 18 workers of 33 for evacuation
[136.080s][info][gc,phases      ] GC(570)   Pre Evacuate Collection Set: 0.4ms
[136.080s][info][gc,phases      ] GC(570)   Merge Heap Roots: 0.1ms
[136.080s][info][gc,phases      ] GC(570)   Evacuate Collection Set: 1.2ms
[136.080s][info][gc,phases      ] GC(570)   Post Evacuate Collection Set: 1.0ms
[136.080s][info][gc,phases      ] GC(570)   Other: 0.1ms
[136.081s][info][gc,heap        ] GC(570) Eden regions: 18->0(366)
[136.081s][info][gc,heap        ] GC(570) Survivor regions: 0->6(36)
[136.081s][info][gc,heap        ] GC(570) Old regions: 155->155
[136.081s][info][gc,heap        ] GC(570) Archive regions: 0->0
[136.081s][info][gc,heap        ] GC(570) Humongous regions: 10->10
[136.081s][info][gc,metaspace   ] GC(570) Metaspace: 68232K(69248K)->68232K(69248K) NonClass: 59785K(60288K)->59785K(60288K) Class: 8446K(8960K)->8446K(8960K)
[136.081s][info][gc             ] GC(570) Pause Young (Concurrent Start) (G1 Humongous Allocation) 167M->154M(635M) 3.338ms
[136.081s][info][gc             ] GC(571) Concurrent Mark Cycle
[136.081s][info][gc,cpu         ] GC(570) User=0.00s Sys=0.00s Real=0.00s
[136.081s][info][gc,marking     ] GC(571) Concurrent Scan Root Regions
[136.082s][info][gc,marking     ] GC(571) Concurrent Scan Root Regions 0.703ms
[136.082s][info][gc,marking     ] GC(571) Concurrent Mark
[136.082s][info][gc,marking     ] GC(571) Concurrent Mark From Roots
[136.082s][info][gc,task        ] GC(571) Using 8 workers of 8 for marking
[136.127s][info][gc,marking     ] GC(571) Concurrent Mark From Roots 45.168ms
[136.127s][info][gc,marking     ] GC(571) Concurrent Preclean
[136.127s][info][gc,marking     ] GC(571) Concurrent Preclean 0.145ms
[136.127s][info][gc,start       ] GC(571) Pause Remark
[136.130s][info][gc             ] GC(571) Pause Remark 192M->192M(635M) 2.386ms
[136.130s][info][gc,cpu         ] GC(571) User=0.00s Sys=0.00s Real=0.00s
[136.130s][info][gc,marking     ] GC(571) Concurrent Mark 48.043ms
[136.130s][info][gc,marking     ] GC(571) Concurrent Rebuild Remembered Sets and Scrub Regions
[136.143s][info][gc,marking     ] GC(571) Concurrent Rebuild Remembered Sets and Scrub Regions 12.846ms
[136.155s][info][gc,start       ] GC(571) Pause Cleanup
[136.155s][info][gc             ] GC(571) Pause Cleanup 214M->214M(635M) 0.177ms
[136.155s][info][gc,cpu         ] GC(571) User=0.00s Sys=0.00s Real=0.00s
[136.155s][info][gc,marking     ] GC(571) Concurrent Clear Claimed Marks
[136.155s][info][gc,marking     ] GC(571) Concurrent Clear Claimed Marks 0.097ms
[136.155s][info][gc,marking     ] GC(571) Concurrent Cleanup for Next Mark
[136.156s][info][gc,marking     ] GC(571) Concurrent Cleanup for Next Mark 0.459ms
[136.156s][info][gc             ] GC(571) Concurrent Mark Cycle 75.130ms
[136.315s][info][gc,start       ] GC(572) Pause Young (Prepare Mixed) (G1 Evacuation Pause)
[136.315s][info][gc,task        ] GC(572) Using 16 workers of 33 for evacuation
[136.351s][info][gc,phases      ] GC(572)   Pre Evacuate Collection Set: 0.2ms
[136.351s][info][gc,phases      ] GC(572)   Merge Heap Roots: 0.3ms
[136.351s][info][gc,phases      ] GC(572)   Evacuate Collection Set: 34.5ms
[136.351s][info][gc,phases      ] GC(572)   Post Evacuate Collection Set: 0.6ms
[136.351s][info][gc,phases      ] GC(572)   Other: 0.2ms
[136.351s][info][gc,heap        ] GC(572) Eden regions: 366->0(267)
[136.351s][info][gc,heap        ] GC(572) Survivor regions: 6->47(47)
[136.351s][info][gc,heap        ] GC(572) Old regions: 155->197
[136.351s][info][gc,heap        ] GC(572) Archive regions: 0->0
[136.351s][info][gc,heap        ] GC(572) Humongous regions: 51->46
[136.351s][info][gc,metaspace   ] GC(572) Metaspace: 68247K(69312K)->68247K(69312K) NonClass: 59799K(60352K)->59799K(60352K) Class: 8448K(8960K)->8448K(8960K)
[136.352s][info][gc             ] GC(572) Pause Young (Prepare Mixed) (G1 Evacuation Pause) 561M->273M(667M) 36.310ms
[136.352s][info][gc,cpu         ] GC(572) User=0.48s Sys=0.02s Real=0.03s
[136.484s][info][gc,start       ] GC(573) Pause Young (Mixed) (G1 Evacuation Pause)
[136.484s][info][gc,task        ] GC(573) Using 16 workers of 33 for evacuation
[136.520s][info][gc,phases      ] GC(573)   Pre Evacuate Collection Set: 0.2ms
[136.520s][info][gc,phases      ] GC(573)   Merge Heap Roots: 0.4ms
[136.520s][info][gc,phases      ] GC(573)   Evacuate Collection Set: 35.6ms
[136.520s][info][gc,phases      ] GC(573)   Post Evacuate Collection Set: 0.4ms
[136.521s][info][gc,phases      ] GC(573)   Other: 0.2ms
[136.521s][info][gc,heap        ] GC(573) Eden regions: 267->0(246)
[136.521s][info][gc,heap        ] GC(573) Survivor regions: 47->31(40)
[136.521s][info][gc,heap        ] GC(573) Old regions: 197->245
[136.521s][info][gc,heap        ] GC(573) Archive regions: 0->0
[136.521s][info][gc,heap        ] GC(573) Humongous regions: 58->58
[136.521s][info][gc,metaspace   ] GC(573) Metaspace: 68247K(69312K)->68247K(69312K) NonClass: 59799K(60352K)->59799K(60352K) Class: 8448K(8960K)->8448K(8960K)
[136.521s][info][gc             ] GC(573) Pause Young (Mixed) (G1 Evacuation Pause) 552M->320M(667M) 36.965ms
[136.521s][info][gc,cpu         ] GC(573) User=0.75s Sys=0.00s Real=0.05s
[136.573s][info][gc,start       ] GC(574) Pause Young (Concurrent Start) (G1 Humongous Allocation)
[136.573s][info][gc,task        ] GC(574) Using 16 workers of 33 for evacuation
[136.592s][info][gc,phases      ] GC(574)   Pre Evacuate Collection Set: 0.3ms
[136.592s][info][gc,phases      ] GC(574)   Merge Heap Roots: 0.1ms
[136.592s][info][gc,phases      ] GC(574)   Evacuate Collection Set: 17.6ms
[136.592s][info][gc,phases      ] GC(574)   Post Evacuate Collection Set: 0.4ms
[136.592s][info][gc,phases      ] GC(574)   Other: 0.2ms
[136.592s][info][gc,heap        ] GC(574) Eden regions: 85->0(244)
[136.592s][info][gc,heap        ] GC(574) Survivor regions: 31->11(35)
[136.592s][info][gc,heap        ] GC(574) Old regions: 245->274
[136.592s][info][gc,heap        ] GC(574) Archive regions: 0->0
[136.592s][info][gc,heap        ] GC(574) Humongous regions: 58->58
[136.592s][info][gc,metaspace   ] GC(574) Metaspace: 68247K(69312K)->68247K(69312K) NonClass: 59799K(60352K)->59799K(60352K) Class: 8448K(8960K)->8448K(8960K)
[136.592s][info][gc             ] GC(574) Pause Young (Concurrent Start) (G1 Humongous Allocation) 405M->329M(667M) 19.020ms
[136.592s][info][gc             ] GC(575) Concurrent Mark Cycle
[136.592s][info][gc,cpu         ] GC(574) User=0.25s Sys=0.00s Real=0.02s
[136.592s][info][gc,marking     ] GC(575) Concurrent Scan Root Regions
[136.597s][info][gc,marking     ] GC(575) Concurrent Scan Root Regions 4.895ms
[136.597s][info][gc,marking     ] GC(575) Concurrent Mark
[136.597s][info][gc,marking     ] GC(575) Concurrent Mark From Roots
[136.597s][info][gc,task        ] GC(575) Using 8 workers of 8 for marking
[136.660s][info][gc,marking     ] GC(575) Concurrent Mark From Roots 63.452ms
[136.660s][info][gc,marking     ] GC(575) Concurrent Preclean
[136.661s][info][gc,marking     ] GC(575) Concurrent Preclean 0.209ms
[136.661s][info][gc,start       ] GC(575) Pause Remark
[136.663s][info][gc             ] GC(575) Pause Remark 425M->403M(695M) 2.124ms
[136.663s][info][gc,cpu         ] GC(575) User=0.00s Sys=0.00s Real=0.00s
[136.663s][info][gc,marking     ] GC(575) Concurrent Mark 66.103ms
[136.663s][info][gc,marking     ] GC(575) Concurrent Rebuild Remembered Sets and Scrub Regions
[136.707s][info][gc,marking     ] GC(575) Concurrent Rebuild Remembered Sets and Scrub Regions 44.433ms
[136.708s][info][gc,start       ] GC(575) Pause Cleanup
[136.708s][info][gc             ] GC(575) Pause Cleanup 468M->468M(695M) 0.252ms
[136.708s][info][gc,cpu         ] GC(575) User=0.00s Sys=0.00s Real=0.00s
[136.708s][info][gc,marking     ] GC(575) Concurrent Clear Claimed Marks
[136.708s][info][gc,marking     ] GC(575) Concurrent Clear Claimed Marks 0.116ms
[136.708s][info][gc,marking     ] GC(575) Concurrent Cleanup for Next Mark
[136.709s][info][gc,marking     ] GC(575) Concurrent Cleanup for Next Mark 0.551ms
[136.709s][info][gc             ] GC(575) Concurrent Mark Cycle 116.860ms
[136.766s][info][gc,start       ] GC(576) Pause Young (Prepare Mixed) (G1 Evacuation Pause)
[136.766s][info][gc,task        ] GC(576) Using 16 workers of 33 for evacuation
[136.786s][info][gc,phases      ] GC(576)   Pre Evacuate Collection Set: 0.2ms
[136.786s][info][gc,phases      ] GC(576)   Merge Heap Roots: 0.7ms
[136.786s][info][gc,phases      ] GC(576)   Evacuate Collection Set: 18.8ms
[136.786s][info][gc,phases      ] GC(576)   Post Evacuate Collection Set: 0.6ms
[136.786s][info][gc,phases      ] GC(576)   Other: 0.1ms
[136.786s][info][gc,heap        ] GC(576) Eden regions: 244->0(260)
[136.786s][info][gc,heap        ] GC(576) Survivor regions: 11->29(32)
[136.786s][info][gc,heap        ] GC(576) Old regions: 274->274
[136.786s][info][gc,heap        ] GC(576) Archive regions: 0->0
[136.786s][info][gc,heap        ] GC(576) Humongous regions: 51->51
[136.786s][info][gc,metaspace   ] GC(576) Metaspace: 68247K(69312K)->68247K(69312K) NonClass: 59799K(60352K)->59799K(60352K) Class: 8448K(8960K)->8448K(8960K)
[136.786s][info][gc             ] GC(576) Pause Young (Prepare Mixed) (G1 Evacuation Pause) 566M->339M(695M) 20.732ms
[136.787s][info][gc,cpu         ] GC(576) User=0.25s Sys=0.00s Real=0.01s
[136.946s][info][gc,start       ] GC(577) Pause Young (Mixed) (G1 Evacuation Pause)
[136.946s][info][gc,task        ] GC(577) Using 16 workers of 33 for evacuation
[136.972s][info][gc,phases      ] GC(577)   Pre Evacuate Collection Set: 0.2ms
[136.972s][info][gc,phases      ] GC(577)   Merge Heap Roots: 0.2ms
[136.972s][info][gc,phases      ] GC(577)   Evacuate Collection Set: 25.2ms
[136.972s][info][gc,phases      ] GC(577)   Post Evacuate Collection Set: 0.5ms
[136.972s][info][gc,phases      ] GC(577)   Other: 0.1ms
[136.972s][info][gc,heap        ] GC(577) Eden regions: 260->0(261)
[136.972s][info][gc,heap        ] GC(577) Survivor regions: 29->34(37)
[136.972s][info][gc,heap        ] GC(577) Old regions: 274->277
[136.972s][info][gc,heap        ] GC(577) Archive regions: 0->0
[136.972s][info][gc,heap        ] GC(577) Humongous regions: 51->51
[136.972s][info][gc,metaspace   ] GC(577) Metaspace: 68247K(69312K)->68247K(69312K) NonClass: 59799K(60352K)->59799K(60352K) Class: 8448K(8960K)->8448K(8960K)
[136.972s][info][gc             ] GC(577) Pause Young (Mixed) (G1 Evacuation Pause) 599M->353M(695M) 26.471ms
[136.972s][info][gc,cpu         ] GC(577) User=0.50s Sys=0.00s Real=0.03s
[137.082s][info][gc,start       ] GC(578) Pause Young (Concurrent Start) (G1 Humongous Allocation)
[137.082s][info][gc,task        ] GC(578) Using 16 workers of 33 for evacuation
[137.106s][info][gc,phases      ] GC(578)   Pre Evacuate Collection Set: 0.3ms
[137.106s][info][gc,phases      ] GC(578)   Merge Heap Roots: 0.2ms
[137.106s][info][gc,phases      ] GC(578)   Evacuate Collection Set: 22.5ms
[137.106s][info][gc,phases      ] GC(578)   Post Evacuate Collection Set: 1.0ms
[137.106s][info][gc,phases      ] GC(578)   Other: 0.2ms
[137.106s][info][gc,heap        ] GC(578) Eden regions: 205->0(308)
[137.106s][info][gc,heap        ] GC(578) Survivor regions: 34->31(37)
[137.106s][info][gc,heap        ] GC(578) Old regions: 277->292
[137.106s][info][gc,heap        ] GC(578) Archive regions: 0->0
[137.106s][info][gc,heap        ] GC(578) Humongous regions: 51->51
[137.106s][info][gc,metaspace   ] GC(578) Metaspace: 68247K(69312K)->68247K(69312K) NonClass: 59799K(60352K)->59799K(60352K) Class: 8448K(8960K)->8448K(8960K)
[137.106s][info][gc             ] GC(578) Pause Young (Concurrent Start) (G1 Humongous Allocation) 558M->365M(764M) 24.582ms
[137.106s][info][gc             ] GC(579) Concurrent Mark Cycle
[137.106s][info][gc,cpu         ] GC(578) User=0.50s Sys=0.00s Real=0.03s
[137.106s][info][gc,marking     ] GC(579) Concurrent Scan Root Regions
[137.112s][info][gc,marking     ] GC(579) Concurrent Scan Root Regions 5.585ms
[137.112s][info][gc,marking     ] GC(579) Concurrent Mark
[137.112s][info][gc,marking     ] GC(579) Concurrent Mark From Roots
[137.112s][info][gc,task        ] GC(579) Using 8 workers of 8 for marking
[137.178s][info][gc,marking     ] GC(579) Concurrent Mark From Roots 66.371ms
[137.178s][info][gc,marking     ] GC(579) Concurrent Preclean
[137.179s][info][gc,marking     ] GC(579) Concurrent Preclean 0.264ms
[137.179s][info][gc,start       ] GC(579) Pause Remark
[137.181s][info][gc             ] GC(579) Pause Remark 433M->414M(764M) 2.009ms
[137.181s][info][gc,cpu         ] GC(579) User=0.02s Sys=0.00s Real=0.02s
[137.181s][info][gc,marking     ] GC(579) Concurrent Mark 68.986ms
[137.181s][info][gc,marking     ] GC(579) Concurrent Rebuild Remembered Sets and Scrub Regions
[137.225s][info][gc,marking     ] GC(579) Concurrent Rebuild Remembered Sets and Scrub Regions 44.546ms
[137.226s][info][gc,start       ] GC(579) Pause Cleanup
[137.226s][info][gc             ] GC(579) Pause Cleanup 434M->434M(764M) 0.331ms
[137.226s][info][gc,cpu         ] GC(579) User=0.00s Sys=0.00s Real=0.00s
[137.226s][info][gc,marking     ] GC(579) Concurrent Clear Claimed Marks
[137.226s][info][gc,marking     ] GC(579) Concurrent Clear Claimed Marks 0.112ms
[137.226s][info][gc,marking     ] GC(579) Concurrent Cleanup for Next Mark
[137.227s][info][gc,marking     ] GC(579) Concurrent Cleanup for Next Mark 0.664ms
[137.227s][info][gc             ] GC(579) Concurrent Mark Cycle 120.745ms
[137.661s][info][gc,start       ] GC(580) Pause Young (Prepare Mixed) (G1 Evacuation Pause)
[137.661s][info][gc,task        ] GC(580) Using 18 workers of 33 for evacuation
[137.693s][info][gc,phases      ] GC(580)   Pre Evacuate Collection Set: 0.2ms
[137.694s][info][gc,phases      ] GC(580)   Merge Heap Roots: 0.5ms
[137.694s][info][gc,phases      ] GC(580)   Evacuate Collection Set: 30.7ms
[137.694s][info][gc,phases      ] GC(580)   Post Evacuate Collection Set: 0.9ms
[137.694s][info][gc,phases      ] GC(580)   Other: 0.2ms
[137.694s][info][gc,heap        ] GC(580) Eden regions: 308->0(306)
[137.694s][info][gc,heap        ] GC(580) Survivor regions: 31->29(43)
[137.694s][info][gc,heap        ] GC(580) Old regions: 287->302
[137.694s][info][gc,heap        ] GC(580) Archive regions: 0->0
[137.694s][info][gc,heap        ] GC(580) Humongous regions: 57->57
[137.694s][info][gc,metaspace   ] GC(580) Metaspace: 68247K(69312K)->68247K(69312K) NonClass: 59799K(60352K)->59799K(60352K) Class: 8448K(8960K)->8448K(8960K)
[137.694s][info][gc             ] GC(580) Pause Young (Prepare Mixed) (G1 Evacuation Pause) 674M->378M(764M) 33.037ms
[137.694s][info][gc,cpu         ] GC(580) User=0.56s Sys=0.00s Real=0.03s
[138.733s][info][gc,start       ] GC(581) Pause Young (Mixed) (G1 Evacuation Pause)
[138.733s][info][gc,task        ] GC(581) Using 18 workers of 33 for evacuation
[138.776s][info][gc,phases      ] GC(581)   Pre Evacuate Collection Set: 0.2ms
[138.776s][info][gc,phases      ] GC(581)   Merge Heap Roots: 0.4ms
[138.776s][info][gc,phases      ] GC(581)   Evacuate Collection Set: 42.2ms
[138.776s][info][gc,phases      ] GC(581)   Post Evacuate Collection Set: 0.6ms
[138.776s][info][gc,phases      ] GC(581)   Other: 0.1ms
[138.776s][info][gc,heap        ] GC(581) Eden regions: 306->0(269)
[138.776s][info][gc,heap        ] GC(581) Survivor regions: 29->42(42)
[138.776s][info][gc,heap        ] GC(581) Old regions: 302->309
[138.776s][info][gc,heap        ] GC(581) Archive regions: 0->0
[138.776s][info][gc,heap        ] GC(581) Humongous regions: 91->86
[138.776s][info][gc,metaspace   ] GC(581) Metaspace: 68252K(69312K)->68252K(69312K) NonClass: 59803K(60352K)->59803K(60352K) Class: 8448K(8960K)->8448K(8960K)
[138.776s][info][gc             ] GC(581) Pause Young (Mixed) (G1 Evacuation Pause) 718M->432M(788M) 43.808ms
[138.776s][info][gc,cpu         ] GC(581) User=0.81s Sys=0.03s Real=0.05s
[138.858s][info][gc,start       ] GC(582) Pause Young (Concurrent Start) (G1 Humongous Allocation)
[138.858s][info][gc,task        ] GC(582) Using 18 workers of 33 for evacuation
[138.890s][info][gc,phases      ] GC(582)   Pre Evacuate Collection Set: 0.3ms
[138.890s][info][gc,phases      ] GC(582)   Merge Heap Roots: 0.3ms
[138.890s][info][gc,phases      ] GC(582)   Evacuate Collection Set: 30.6ms
[138.890s][info][gc,phases      ] GC(582)   Post Evacuate Collection Set: 0.4ms
[138.890s][info][gc,phases      ] GC(582)   Other: 0.2ms
[138.890s][info][gc,heap        ] GC(582) Eden regions: 91->0(238)
[138.890s][info][gc,heap        ] GC(582) Survivor regions: 42->21(39)
[138.890s][info][gc,heap        ] GC(582) Old regions: 309->349
[138.890s][info][gc,heap        ] GC(582) Archive regions: 0->0
[138.890s][info][gc,heap        ] GC(582) Humongous regions: 86->86
[138.890s][info][gc,metaspace   ] GC(582) Metaspace: 68252K(69312K)->68252K(69312K) NonClass: 59803K(60352K)->59803K(60352K) Class: 8448K(8960K)->8448K(8960K)
[138.890s][info][gc             ] GC(582) Pause Young (Concurrent Start) (G1 Humongous Allocation) 523M->451M(788M) 31.989ms
[138.890s][info][gc             ] GC(583) Concurrent Mark Cycle
[138.890s][info][gc,cpu         ] GC(582) User=0.56s Sys=0.00s Real=0.03s
[138.890s][info][gc,marking     ] GC(583) Concurrent Scan Root Regions
[138.897s][info][gc,marking     ] GC(583) Concurrent Scan Root Regions 6.965ms
[138.897s][info][gc,marking     ] GC(583) Concurrent Mark
[138.897s][info][gc,marking     ] GC(583) Concurrent Mark From Roots
[138.897s][info][gc,task        ] GC(583) Using 8 workers of 8 for marking
[138.929s][info][gc,marking     ] GC(583) Concurrent Mark From Roots 31.857ms
[138.929s][info][gc,marking     ] GC(583) Concurrent Preclean
[138.929s][info][gc,marking     ] GC(583) Concurrent Preclean 0.192ms
[138.929s][info][gc,start       ] GC(583) Pause Remark
[138.931s][info][gc             ] GC(583) Pause Remark 530M->331M(788M) 2.056ms
[138.931s][info][gc,cpu         ] GC(583) User=0.00s Sys=0.00s Real=0.00s
[138.932s][info][gc,marking     ] GC(583) Concurrent Mark 34.450ms
[138.932s][info][gc,marking     ] GC(583) Concurrent Rebuild Remembered Sets and Scrub Regions
[138.958s][info][gc,marking     ] GC(583) Concurrent Rebuild Remembered Sets and Scrub Regions 25.977ms
[138.958s][info][gc,start       ] GC(583) Pause Cleanup
[138.958s][info][gc             ] GC(583) Pause Cleanup 385M->385M(788M) 0.236ms
[138.958s][info][gc,cpu         ] GC(583) User=0.00s Sys=0.00s Real=0.00s
[138.958s][info][gc,marking     ] GC(583) Concurrent Clear Claimed Marks
[138.958s][info][gc,marking     ] GC(583) Concurrent Clear Claimed Marks 0.099ms
[138.958s][info][gc,marking     ] GC(583) Concurrent Cleanup for Next Mark
[138.959s][info][gc,marking     ] GC(583) Concurrent Cleanup for Next Mark 0.596ms
[138.959s][info][gc             ] GC(583) Concurrent Mark Cycle 68.803ms
[139.018s][info][gc,start       ] GC(584) Pause Young (Prepare Mixed) (G1 Evacuation Pause)
[139.018s][info][gc,task        ] GC(584) Using 18 workers of 33 for evacuation
[139.048s][info][gc,phases      ] GC(584)   Pre Evacuate Collection Set: 0.2ms
[139.048s][info][gc,phases      ] GC(584)   Merge Heap Roots: 0.3ms
[139.048s][info][gc,phases      ] GC(584)   Evacuate Collection Set: 28.7ms
[139.048s][info][gc,phases      ] GC(584)   Post Evacuate Collection Set: 0.5ms
[139.048s][info][gc,phases      ] GC(584)   Other: 0.1ms
[139.048s][info][gc,heap        ] GC(584) Eden regions: 238->0(281)
[139.048s][info][gc,heap        ] GC(584) Survivor regions: 21->33(33)
[139.048s][info][gc,heap        ] GC(584) Old regions: 214->269
[139.048s][info][gc,heap        ] GC(584) Archive regions: 0->0
[139.048s][info][gc,heap        ] GC(584) Humongous regions: 46->46
[139.048s][info][gc,metaspace   ] GC(584) Metaspace: 68253K(69312K)->68253K(69312K) NonClass: 59804K(60352K)->59804K(60352K) Class: 8448K(8960K)->8448K(8960K)
[139.048s][info][gc             ] GC(584) Pause Young (Prepare Mixed) (G1 Evacuation Pause) 514M->343M(788M) 30.176ms
[139.048s][info][gc,cpu         ] GC(584) User=0.56s Sys=0.00s Real=0.03s
[139.189s][info][gc,start       ] GC(585) Pause Young (Mixed) (G1 Evacuation Pause)
[139.189s][info][gc,task        ] GC(585) Using 18 workers of 33 for evacuation
[139.223s][info][gc,phases      ] GC(585)   Pre Evacuate Collection Set: 0.2ms
[139.223s][info][gc,phases      ] GC(585)   Merge Heap Roots: 0.4ms
[139.223s][info][gc,phases      ] GC(585)   Evacuate Collection Set: 32.9ms
[139.223s][info][gc,phases      ] GC(585)   Post Evacuate Collection Set: 0.4ms
[139.223s][info][gc,phases      ] GC(585)   Other: 0.2ms
[139.223s][info][gc,heap        ] GC(585) Eden regions: 281->0(254)
[139.223s][info][gc,heap        ] GC(585) Survivor regions: 33->36(40)
[139.223s][info][gc,heap        ] GC(585) Old regions: 269->303
[139.224s][info][gc,heap        ] GC(585) Archive regions: 0->0
[139.224s][info][gc,heap        ] GC(585) Humongous regions: 70->70
[139.224s][info][gc,metaspace   ] GC(585) Metaspace: 68253K(69312K)->68253K(69312K) NonClass: 59804K(60352K)->59804K(60352K) Class: 8448K(8960K)->8448K(8960K)
[139.224s][info][gc             ] GC(585) Pause Young (Mixed) (G1 Evacuation Pause) 648M->403M(788M) 34.581ms
[139.224s][info][gc,cpu         ] GC(585) User=0.56s Sys=0.00s Real=0.03s
[139.308s][info][gc,start       ] GC(586) Pause Young (Concurrent Start) (G1 Humongous Allocation)
[139.308s][info][gc,task        ] GC(586) Using 18 workers of 33 for evacuation
[139.334s][info][gc,phases      ] GC(586)   Pre Evacuate Collection Set: 0.3ms
[139.334s][info][gc,phases      ] GC(586)   Merge Heap Roots: 0.2ms
[139.334s][info][gc,phases      ] GC(586)   Evacuate Collection Set: 25.4ms
[139.334s][info][gc,phases      ] GC(586)   Post Evacuate Collection Set: 0.4ms
[139.334s][info][gc,phases      ] GC(586)   Other: 0.2ms
[139.334s][info][gc,heap        ] GC(586) Eden regions: 143->0(253)
[139.334s][info][gc,heap        ] GC(586) Survivor regions: 36->19(37)
[139.334s][info][gc,heap        ] GC(586) Old regions: 303->337
[139.334s][info][gc,heap        ] GC(586) Archive regions: 0->0
[139.334s][info][gc,heap        ] GC(586) Humongous regions: 70->70
[139.334s][info][gc,metaspace   ] GC(586) Metaspace: 68253K(69312K)->68253K(69312K) NonClass: 59804K(60352K)->59804K(60352K) Class: 8448K(8960K)->8448K(8960K)
[139.334s][info][gc             ] GC(586) Pause Young (Concurrent Start) (G1 Humongous Allocation) 546M->421M(788M) 26.741ms
[139.334s][info][gc             ] GC(587) Concurrent Mark Cycle
[139.334s][info][gc,cpu         ] GC(586) User=0.28s Sys=0.00s Real=0.01s
[139.334s][info][gc,marking     ] GC(587) Concurrent Scan Root Regions
[139.340s][info][gc,marking     ] GC(587) Concurrent Scan Root Regions 5.151ms
[139.340s][info][gc,marking     ] GC(587) Concurrent Mark
[139.340s][info][gc,marking     ] GC(587) Concurrent Mark From Roots
[139.340s][info][gc,task        ] GC(587) Using 8 workers of 8 for marking
[139.394s][info][gc,marking     ] GC(587) Concurrent Mark From Roots 54.171ms
[139.394s][info][gc,marking     ] GC(587) Concurrent Preclean
[139.394s][info][gc,marking     ] GC(587) Concurrent Preclean 0.181ms
[139.394s][info][gc,start       ] GC(587) Pause Remark
[139.397s][info][gc             ] GC(587) Pause Remark 518M->481M(812M) 2.149ms
[139.397s][info][gc,cpu         ] GC(587) User=0.00s Sys=0.00s Real=0.00s
[139.397s][info][gc,marking     ] GC(587) Concurrent Mark 56.984ms
[139.397s][info][gc,marking     ] GC(587) Concurrent Rebuild Remembered Sets and Scrub Regions
[139.446s][info][gc,marking     ] GC(587) Concurrent Rebuild Remembered Sets and Scrub Regions 49.223ms
[139.446s][info][gc,start       ] GC(587) Pause Cleanup
[139.446s][info][gc             ] GC(587) Pause Cleanup 575M->575M(812M) 0.346ms
[139.446s][info][gc,cpu         ] GC(587) User=0.00s Sys=0.00s Real=0.00s
[139.447s][info][gc,marking     ] GC(587) Concurrent Clear Claimed Marks
[139.447s][info][gc,marking     ] GC(587) Concurrent Clear Claimed Marks 0.117ms
[139.447s][info][gc,marking     ] GC(587) Concurrent Cleanup for Next Mark
[139.447s][info][gc,marking     ] GC(587) Concurrent Cleanup for Next Mark 0.668ms
[139.447s][info][gc             ] GC(587) Concurrent Mark Cycle 113.000ms
[139.486s][info][gc,start       ] GC(588) Pause Young (Prepare Mixed) (G1 Evacuation Pause)
[139.486s][info][gc,task        ] GC(588) Using 19 workers of 33 for evacuation
[139.511s][info][gc,phases      ] GC(588)   Pre Evacuate Collection Set: 0.2ms
[139.511s][info][gc,phases      ] GC(588)   Merge Heap Roots: 0.8ms
[139.511s][info][gc,phases      ] GC(588)   Evacuate Collection Set: 23.8ms
[139.511s][info][gc,phases      ] GC(588)   Post Evacuate Collection Set: 0.6ms
[139.511s][info][gc,phases      ] GC(588)   Other: 0.2ms
[139.511s][info][gc,heap        ] GC(588) Eden regions: 253->0(276)
[139.511s][info][gc,heap        ] GC(588) Survivor regions: 19->34(34)
[139.511s][info][gc,heap        ] GC(588) Old regions: 336->342
[139.512s][info][gc,heap        ] GC(588) Archive regions: 0->0
[139.512s][info][gc,heap        ] GC(588) Humongous regions: 54->54
[139.512s][info][gc,metaspace   ] GC(588) Metaspace: 68253K(69312K)->68253K(69312K) NonClass: 59804K(60352K)->59804K(60352K) Class: 8448K(8960K)->8448K(8960K)
[139.512s][info][gc             ] GC(588) Pause Young (Prepare Mixed) (G1 Evacuation Pause) 657M->425M(812M) 26.043ms
[139.512s][info][gc,cpu         ] GC(588) User=0.59s Sys=0.00s Real=0.03s
[139.646s][info][gc,start       ] GC(589) Pause Young (Mixed) (G1 Evacuation Pause)
[139.646s][info][gc,task        ] GC(589) Using 19 workers of 33 for evacuation
[139.676s][info][gc,phases      ] GC(589)   Pre Evacuate Collection Set: 0.2ms
[139.676s][info][gc,phases      ] GC(589)   Merge Heap Roots: 0.2ms
[139.676s][info][gc,phases      ] GC(589)   Evacuate Collection Set: 28.5ms
[139.676s][info][gc,phases      ] GC(589)   Post Evacuate Collection Set: 0.5ms
[139.676s][info][gc,phases      ] GC(589)   Other: 0.2ms
[139.676s][info][gc,heap        ] GC(589) Eden regions: 276->0(302)
[139.676s][info][gc,heap        ] GC(589) Survivor regions: 34->24(39)
[139.676s][info][gc,heap        ] GC(589) Old regions: 342->326
[139.676s][info][gc,heap        ] GC(589) Archive regions: 0->0
[139.676s][info][gc,heap        ] GC(589) Humongous regions: 54->54
[139.676s][info][gc,metaspace   ] GC(589) Metaspace: 68253K(69312K)->68253K(69312K) NonClass: 59804K(60352K)->59804K(60352K) Class: 8448K(8960K)->8448K(8960K)
[139.676s][info][gc             ] GC(589) Pause Young (Mixed) (G1 Evacuation Pause) 701M->399M(812M) 30.200ms
[139.676s][info][gc,cpu         ] GC(589) User=0.59s Sys=0.00s Real=0.03s
[139.895s][info][gc,start       ] GC(590) Pause Young (Concurrent Start) (G1 Humongous Allocation)
[139.895s][info][gc,task        ] GC(590) Using 19 workers of 33 for evacuation
[139.920s][info][gc,phases      ] GC(590)   Pre Evacuate Collection Set: 0.3ms
[139.920s][info][gc,phases      ] GC(590)   Merge Heap Roots: 0.2ms
[139.920s][info][gc,phases      ] GC(590)   Evacuate Collection Set: 23.6ms
[139.920s][info][gc,phases      ] GC(590)   Post Evacuate Collection Set: 0.8ms
[139.920s][info][gc,phases      ] GC(590)   Other: 0.1ms
[139.920s][info][gc,heap        ] GC(590) Eden regions: 276->0(344)
[139.920s][info][gc,heap        ] GC(590) Survivor regions: 24->23(41)
[139.920s][info][gc,heap        ] GC(590) Old regions: 326->345
[139.920s][info][gc,heap        ] GC(590) Archive regions: 0->0
[139.920s][info][gc,heap        ] GC(590) Humongous regions: 54->54
[139.920s][info][gc,metaspace   ] GC(590) Metaspace: 68253K(69312K)->68253K(69312K) NonClass: 59804K(60352K)->59804K(60352K) Class: 8448K(8960K)->8448K(8960K)
[139.920s][info][gc             ] GC(590) Pause Young (Concurrent Start) (G1 Humongous Allocation) 674M->417M(878M) 25.251ms
[139.920s][info][gc             ] GC(591) Concurrent Mark Cycle
[139.920s][info][gc,cpu         ] GC(590) User=0.30s Sys=0.00s Real=0.01s
[139.920s][info][gc,marking     ] GC(591) Concurrent Scan Root Regions
[139.926s][info][gc,marking     ] GC(591) Concurrent Scan Root Regions 5.895ms
[139.926s][info][gc,marking     ] GC(591) Concurrent Mark
[139.926s][info][gc,marking     ] GC(591) Concurrent Mark From Roots
[139.926s][info][gc,task        ] GC(591) Using 8 workers of 8 for marking
[139.981s][info][gc,marking     ] GC(591) Concurrent Mark From Roots 55.261ms
[139.981s][info][gc,marking     ] GC(591) Concurrent Preclean
[139.982s][info][gc,marking     ] GC(591) Concurrent Preclean 0.405ms
[139.982s][info][gc,start       ] GC(591) Pause Remark
[139.984s][info][gc             ] GC(591) Pause Remark 420M->321M(878M) 1.945ms
[139.984s][info][gc,cpu         ] GC(591) User=0.25s Sys=0.00s Real=0.02s
[139.984s][info][gc,marking     ] GC(591) Concurrent Mark 57.975ms
[139.984s][info][gc,marking     ] GC(591) Concurrent Rebuild Remembered Sets and Scrub Regions
[140.025s][info][gc,marking     ] GC(591) Concurrent Rebuild Remembered Sets and Scrub Regions 40.552ms
[140.025s][info][gc,start       ] GC(591) Pause Cleanup
[140.025s][info][gc             ] GC(591) Pause Cleanup 324M->324M(878M) 0.346ms
[140.025s][info][gc,cpu         ] GC(591) User=0.00s Sys=0.00s Real=0.00s
[140.025s][info][gc,marking     ] GC(591) Concurrent Clear Claimed Marks
[140.025s][info][gc,marking     ] GC(591) Concurrent Clear Claimed Marks 0.101ms
[140.025s][info][gc,marking     ] GC(591) Concurrent Cleanup for Next Mark
[140.026s][info][gc,marking     ] GC(591) Concurrent Cleanup for Next Mark 0.674ms
[140.026s][info][gc             ] GC(591) Concurrent Mark Cycle 106.034ms
[140.801s][info][gc,start       ] GC(592) Pause Young (Prepare Mixed) (G1 Evacuation Pause)
[140.801s][info][gc,task        ] GC(592) Using 21 workers of 33 for evacuation
[140.849s][info][gc,phases      ] GC(592)   Pre Evacuate Collection Set: 0.2ms
[140.849s][info][gc,phases      ] GC(592)   Merge Heap Roots: 0.7ms
[140.849s][info][gc,phases      ] GC(592)   Evacuate Collection Set: 46.3ms
[140.849s][info][gc,phases      ] GC(592)   Post Evacuate Collection Set: 0.7ms
[140.849s][info][gc,phases      ] GC(592)   Other: 0.1ms
[140.849s][info][gc,heap        ] GC(592) Eden regions: 344->0(323)
[140.849s][info][gc,heap        ] GC(592) Survivor regions: 23->46(46)
[140.849s][info][gc,heap        ] GC(592) Old regions: 270->293
[140.849s][info][gc,heap        ] GC(592) Archive regions: 0->0
[140.849s][info][gc,heap        ] GC(592) Humongous regions: 108->98
[140.849s][info][gc,metaspace   ] GC(592) Metaspace: 68268K(69312K)->68268K(69312K) NonClass: 59818K(60352K)->59818K(60352K) Class: 8449K(8960K)->8449K(8960K)
[140.849s][info][gc             ] GC(592) Pause Young (Prepare Mixed) (G1 Evacuation Pause) 740M->433M(878M) 48.144ms
[140.849s][info][gc,cpu         ] GC(592) User=0.98s Sys=0.00s Real=0.05s
[141.181s][info][gc,start       ] GC(593) Pause Young (Mixed) (G1 Evacuation Pause)
[141.181s][info][gc,task        ] GC(593) Using 21 workers of 33 for evacuation
[141.233s][info][gc,phases      ] GC(593)   Pre Evacuate Collection Set: 0.2ms
[141.233s][info][gc,phases      ] GC(593)   Merge Heap Roots: 0.6ms
[141.233s][info][gc,phases      ] GC(593)   Evacuate Collection Set: 50.4ms
[141.233s][info][gc,phases      ] GC(593)   Post Evacuate Collection Set: 0.6ms
[141.233s][info][gc,phases      ] GC(593)   Other: 0.1ms
[141.233s][info][gc,heap        ] GC(593) Eden regions: 323->0(281)
[141.233s][info][gc,heap        ] GC(593) Survivor regions: 46->47(47)
[141.233s][info][gc,heap        ] GC(593) Old regions: 293->325
[141.233s][info][gc,heap        ] GC(593) Archive regions: 0->0
[141.233s][info][gc,heap        ] GC(593) Humongous regions: 127->122
[141.233s][info][gc,metaspace   ] GC(593) Metaspace: 68277K(69312K)->68277K(69312K) NonClass: 59827K(60352K)->59827K(60352K) Class: 8449K(8960K)->8449K(8960K)
[141.233s][info][gc             ] GC(593) Pause Young (Mixed) (G1 Evacuation Pause) 785M->489M(887M) 52.104ms
[141.233s][info][gc,cpu         ] GC(593) User=0.97s Sys=0.00s Real=0.05s
[141.487s][info][gc,start       ] GC(594) Pause Young (Concurrent Start) (G1 Humongous Allocation)
[141.487s][info][gc,task        ] GC(594) Using 21 workers of 33 for evacuation
[141.514s][info][gc,phases      ] GC(594)   Pre Evacuate Collection Set: 0.4ms
[141.514s][info][gc,phases      ] GC(594)   Merge Heap Roots: 0.3ms
[141.514s][info][gc,phases      ] GC(594)   Evacuate Collection Set: 25.2ms
[141.514s][info][gc,phases      ] GC(594)   Post Evacuate Collection Set: 0.6ms
[141.514s][info][gc,phases      ] GC(594)   Other: 0.2ms
[141.514s][info][gc,heap        ] GC(594) Eden regions: 146->0(284)
[141.514s][info][gc,heap        ] GC(594) Survivor regions: 47->7(41)
[141.514s][info][gc,heap        ] GC(594) Old regions: 325->374
[141.514s][info][gc,heap        ] GC(594) Archive regions: 0->0
[141.514s][info][gc,heap        ] GC(594) Humongous regions: 122->122
[141.514s][info][gc,metaspace   ] GC(594) Metaspace: 68278K(69312K)->68278K(69312K) NonClass: 59828K(60352K)->59828K(60352K) Class: 8449K(8960K)->8449K(8960K)
[141.514s][info][gc             ] GC(594) Pause Young (Concurrent Start) (G1 Humongous Allocation) 635M->498M(887M) 26.951ms
[141.514s][info][gc             ] GC(595) Concurrent Mark Cycle
[141.514s][info][gc,cpu         ] GC(594) User=0.66s Sys=0.00s Real=0.03s
[141.514s][info][gc,marking     ] GC(595) Concurrent Scan Root Regions
[141.518s][info][gc,marking     ] GC(595) Concurrent Scan Root Regions 3.927ms
[141.518s][info][gc,marking     ] GC(595) Concurrent Mark
[141.518s][info][gc,marking     ] GC(595) Concurrent Mark From Roots
[141.518s][info][gc,task        ] GC(595) Using 8 workers of 8 for marking
[141.550s][info][gc,marking     ] GC(595) Concurrent Mark From Roots 31.838ms
[141.550s][info][gc,marking     ] GC(595) Concurrent Preclean
[141.550s][info][gc,marking     ] GC(595) Concurrent Preclean 0.175ms
[141.550s][info][gc,start       ] GC(595) Pause Remark
[141.552s][info][gc             ] GC(595) Pause Remark 521M->292M(887M) 2.123ms
[141.552s][info][gc,cpu         ] GC(595) User=0.05s Sys=0.00s Real=0.02s
[141.552s][info][gc,marking     ] GC(595) Concurrent Mark 34.478ms
[141.552s][info][gc,marking     ] GC(595) Concurrent Rebuild Remembered Sets and Scrub Regions
[141.569s][info][gc,marking     ] GC(595) Concurrent Rebuild Remembered Sets and Scrub Regions 16.173ms
[141.569s][info][gc,start       ] GC(595) Pause Cleanup
[141.569s][info][gc             ] GC(595) Pause Cleanup 314M->314M(887M) 0.263ms
[141.569s][info][gc,cpu         ] GC(595) User=0.00s Sys=0.00s Real=0.00s
[141.569s][info][gc,marking     ] GC(595) Concurrent Clear Claimed Marks
[141.569s][info][gc,marking     ] GC(595) Concurrent Clear Claimed Marks 0.098ms
[141.569s][info][gc,marking     ] GC(595) Concurrent Cleanup for Next Mark
[141.570s][info][gc,marking     ] GC(595) Concurrent Cleanup for Next Mark 0.611ms
[141.570s][info][gc             ] GC(595) Concurrent Mark Cycle 55.968ms
[141.686s][info][gc,start       ] GC(596) Pause Young (Prepare Mixed) (G1 Evacuation Pause)
[141.687s][info][gc,task        ] GC(596) Using 21 workers of 33 for evacuation
[141.703s][info][gc,phases      ] GC(596)   Pre Evacuate Collection Set: 0.2ms
[141.703s][info][gc,phases      ] GC(596)   Merge Heap Roots: 0.2ms
[141.703s][info][gc,phases      ] GC(596)   Evacuate Collection Set: 15.8ms
[141.703s][info][gc,phases      ] GC(596)   Post Evacuate Collection Set: 0.6ms
[141.703s][info][gc,phases      ] GC(596)   Other: 0.1ms
[141.704s][info][gc,heap        ] GC(596) Eden regions: 284->0(424)
[141.704s][info][gc,heap        ] GC(596) Survivor regions: 7->36(37)
[141.704s][info][gc,heap        ] GC(596) Old regions: 254->254
[141.704s][info][gc,heap        ] GC(596) Archive regions: 0->0
[141.704s][info][gc,heap        ] GC(596) Humongous regions: 28->23
[141.704s][info][gc,metaspace   ] GC(596) Metaspace: 68282K(69312K)->68282K(69312K) NonClass: 59832K(60352K)->59832K(60352K) Class: 8450K(8960K)->8450K(8960K)
[141.704s][info][gc             ] GC(596) Pause Young (Prepare Mixed) (G1 Evacuation Pause) 568M->308M(887M) 17.084ms
[141.704s][info][gc,cpu         ] GC(596) User=0.33s Sys=0.00s Real=0.02s
[142.233s][info][gc,start       ] GC(597) Pause Young (Mixed) (G1 Evacuation Pause)
[142.233s][info][gc,task        ] GC(597) Using 21 workers of 33 for evacuation
[142.296s][info][gc,phases      ] GC(597)   Pre Evacuate Collection Set: 0.2ms
[142.296s][info][gc,phases      ] GC(597)   Merge Heap Roots: 0.4ms
[142.296s][info][gc,phases      ] GC(597)   Evacuate Collection Set: 61.1ms
[142.296s][info][gc,phases      ] GC(597)   Post Evacuate Collection Set: 0.6ms
[142.296s][info][gc,phases      ] GC(597)   Other: 0.2ms
[142.296s][info][gc,heap        ] GC(597) Eden regions: 348->0(401)
[142.296s][info][gc,heap        ] GC(597) Survivor regions: 36->48(58)
[142.296s][info][gc,heap        ] GC(597) Old regions: 254->270
[142.296s][info][gc,heap        ] GC(597) Archive regions: 0->0
[142.296s][info][gc,heap        ] GC(597) Humongous regions: 273->135
[142.296s][info][gc,metaspace   ] GC(597) Metaspace: 68288K(69312K)->68288K(69312K) NonClass: 59838K(60352K)->59838K(60352K) Class: 8450K(8960K)->8450K(8960K)
[142.296s][info][gc             ] GC(597) Pause Young (Mixed) (G1 Evacuation Pause) 906M->448M(994M) 62.922ms
[142.296s][info][gc,cpu         ] GC(597) User=1.28s Sys=0.03s Real=0.06s
[142.304s][info][gc,start       ] GC(598) Pause Young (Concurrent Start) (G1 Humongous Allocation)
[142.305s][info][gc,task        ] GC(598) Using 23 workers of 33 for evacuation
[142.325s][info][gc,phases      ] GC(598)   Pre Evacuate Collection Set: 0.2ms
[142.325s][info][gc,phases      ] GC(598)   Merge Heap Roots: 0.1ms
[142.325s][info][gc,phases      ] GC(598)   Evacuate Collection Set: 19.7ms
[142.325s][info][gc,phases      ] GC(598)   Post Evacuate Collection Set: 0.4ms
[142.325s][info][gc,phases      ] GC(598)   Other: 0.1ms
[142.325s][info][gc,heap        ] GC(598) Eden regions: 17->0(406)
[142.325s][info][gc,heap        ] GC(598) Survivor regions: 48->8(57)
[142.325s][info][gc,heap        ] GC(598) Old regions: 270->318
[142.325s][info][gc,heap        ] GC(598) Archive regions: 0->0
[142.325s][info][gc,heap        ] GC(598) Humongous regions: 135->135
[142.325s][info][gc,metaspace   ] GC(598) Metaspace: 68288K(69312K)->68288K(69312K) NonClass: 59838K(60352K)->59838K(60352K) Class: 8450K(8960K)->8450K(8960K)
[142.325s][info][gc             ] GC(598) Pause Young (Concurrent Start) (G1 Humongous Allocation) 465M->455M(994M) 20.710ms
[142.325s][info][gc             ] GC(599) Concurrent Mark Cycle
[142.325s][info][gc,marking     ] GC(599) Concurrent Scan Root Regions
[142.325s][info][gc,cpu         ] GC(598) User=0.36s Sys=0.00s Real=0.02s
[142.331s][info][gc,marking     ] GC(599) Concurrent Scan Root Regions 5.942ms
[142.331s][info][gc,marking     ] GC(599) Concurrent Mark
[142.331s][info][gc,marking     ] GC(599) Concurrent Mark From Roots
[142.331s][info][gc,task        ] GC(599) Using 8 workers of 8 for marking
[142.366s][info][gc,marking     ] GC(599) Concurrent Mark From Roots 34.952ms
[142.366s][info][gc,marking     ] GC(599) Concurrent Preclean
[142.366s][info][gc,marking     ] GC(599) Concurrent Preclean 0.202ms
[142.367s][info][gc,start       ] GC(599) Pause Remark
[142.369s][info][gc             ] GC(599) Pause Remark 573M->454M(994M) 2.016ms
[142.369s][info][gc,cpu         ] GC(599) User=0.00s Sys=0.00s Real=0.00s
[142.369s][info][gc,marking     ] GC(599) Concurrent Mark 37.542ms
[142.369s][info][gc,marking     ] GC(599) Concurrent Rebuild Remembered Sets and Scrub Regions
[142.387s][info][gc,marking     ] GC(599) Concurrent Rebuild Remembered Sets and Scrub Regions 18.579ms
[142.388s][info][gc,start       ] GC(599) Pause Cleanup
[142.388s][info][gc             ] GC(599) Pause Cleanup 506M->506M(994M) 0.305ms
[142.388s][info][gc,cpu         ] GC(599) User=0.00s Sys=0.00s Real=0.00s
[142.388s][info][gc,marking     ] GC(599) Concurrent Clear Claimed Marks
[142.388s][info][gc,marking     ] GC(599) Concurrent Clear Claimed Marks 0.088ms
[142.388s][info][gc,marking     ] GC(599) Concurrent Cleanup for Next Mark
[142.389s][info][gc,marking     ] GC(599) Concurrent Cleanup for Next Mark 0.770ms
[142.389s][info][gc             ] GC(599) Concurrent Mark Cycle 63.692ms
[142.603s][info][gc,start       ] GC(600) Pause Young (Prepare Mixed) (G1 Evacuation Pause)
[142.603s][info][gc,task        ] GC(600) Using 23 workers of 33 for evacuation
[142.635s][info][gc,phases      ] GC(600)   Pre Evacuate Collection Set: 0.2ms
[142.635s][info][gc,phases      ] GC(600)   Merge Heap Roots: 0.6ms
[142.635s][info][gc,phases      ] GC(600)   Evacuate Collection Set: 30.3ms
[142.635s][info][gc,phases      ] GC(600)   Post Evacuate Collection Set: 0.6ms
[142.635s][info][gc,phases      ] GC(600)   Other: 0.2ms
[142.635s][info][gc,heap        ] GC(600) Eden regions: 406->0(428)
[142.635s][info][gc,heap        ] GC(600) Survivor regions: 8->47(52)
[142.635s][info][gc,heap        ] GC(600) Old regions: 265->265
[142.635s][info][gc,heap        ] GC(600) Archive regions: 0->0
[142.635s][info][gc,heap        ] GC(600) Humongous regions: 151->115
[142.635s][info][gc,metaspace   ] GC(600) Metaspace: 68288K(69312K)->68288K(69312K) NonClass: 59838K(60352K)->59838K(60352K) Class: 8450K(8960K)->8450K(8960K)
[142.635s][info][gc             ] GC(600) Pause Young (Prepare Mixed) (G1 Evacuation Pause) 824M->422M(994M) 32.170ms
[142.635s][info][gc,cpu         ] GC(600) User=0.72s Sys=0.00s Real=0.03s
[142.828s][info][gc,start       ] GC(601) Pause Full (System.gc())
[142.832s][info][gc,task        ] GC(601) Using 23 workers of 33 for full compaction
[142.833s][info][gc,phases,start] GC(601) Phase 1: Mark live objects
[142.867s][info][gc,phases      ] GC(601) Phase 1: Mark live objects 33.911ms
[142.867s][info][gc,phases,start] GC(601) Phase 2: Prepare compaction
[142.871s][info][gc,phases      ] GC(601) Phase 2: Prepare compaction 4.064ms
[142.871s][info][gc,phases,start] GC(601) Phase 3: Adjust pointers
[142.880s][info][gc,phases      ] GC(601) Phase 3: Adjust pointers 8.996ms
[142.880s][info][gc,phases,start] GC(601) Phase 4: Compact heap
[142.881s][info][gc,phases      ] GC(601) Phase 4: Compact heap 0.602ms
[142.890s][info][gc,heap        ] GC(601) Eden regions: 331->0(292)
[142.890s][info][gc,heap        ] GC(601) Survivor regions: 47->0(52)
[142.890s][info][gc,heap        ] GC(601) Old regions: 265->156
[142.890s][info][gc,heap        ] GC(601) Archive regions: 0->0
[142.890s][info][gc,heap        ] GC(601) Humongous regions: 118->10
[142.890s][info][gc,metaspace   ] GC(601) Metaspace: 68288K(69312K)->68288K(69312K) NonClass: 59838K(60352K)->59838K(60352K) Class: 8450K(8960K)->8450K(8960K)
[142.890s][info][gc             ] GC(601) Pause Full (System.gc()) 756M->149M(554M) 61.975ms
[142.890s][info][gc,cpu         ] GC(601) User=0.72s Sys=0.02s Real=0.06s
[142.919s][info][gc,start       ] GC(602) Pause Young (Concurrent Start) (G1 Humongous Allocation)
[142.920s][info][gc,task        ] GC(602) Using 18 workers of 33 for evacuation
[142.922s][info][gc,phases      ] GC(602)   Pre Evacuate Collection Set: 0.3ms
[142.922s][info][gc,phases      ] GC(602)   Merge Heap Roots: 0.1ms
[142.922s][info][gc,phases      ] GC(602)   Evacuate Collection Set: 1.1ms
[142.922s][info][gc,phases      ] GC(602)   Post Evacuate Collection Set: 0.9ms
[142.922s][info][gc,phases      ] GC(602)   Other: 0.1ms
[142.922s][info][gc,heap        ] GC(602) Eden regions: 19->0(370)
[142.922s][info][gc,heap        ] GC(602) Survivor regions: 0->6(37)
[142.922s][info][gc,heap        ] GC(602) Old regions: 156->156
[142.922s][info][gc,heap        ] GC(602) Archive regions: 0->0
[142.922s][info][gc,heap        ] GC(602) Humongous regions: 10->10
[142.922s][info][gc,metaspace   ] GC(602) Metaspace: 68289K(69312K)->68289K(69312K) NonClass: 59839K(60352K)->59839K(60352K) Class: 8450K(8960K)->8450K(8960K)
[142.922s][info][gc             ] GC(602) Pause Young (Concurrent Start) (G1 Humongous Allocation) 167M->155M(639M) 2.839ms
[142.922s][info][gc             ] GC(603) Concurrent Mark Cycle
[142.922s][info][gc,cpu         ] GC(602) User=0.00s Sys=0.00s Real=0.00s
[142.922s][info][gc,marking     ] GC(603) Concurrent Scan Root Regions
[142.923s][info][gc,marking     ] GC(603) Concurrent Scan Root Regions 0.905ms
[142.923s][info][gc,marking     ] GC(603) Concurrent Mark
[142.923s][info][gc,marking     ] GC(603) Concurrent Mark From Roots
[142.923s][info][gc,task        ] GC(603) Using 8 workers of 8 for marking
[142.968s][info][gc,marking     ] GC(603) Concurrent Mark From Roots 45.044ms
[142.969s][info][gc,marking     ] GC(603) Concurrent Preclean
[142.969s][info][gc,marking     ] GC(603) Concurrent Preclean 0.232ms
[142.969s][info][gc,start       ] GC(603) Pause Remark
[142.971s][info][gc             ] GC(603) Pause Remark 191M->191M(639M) 1.988ms
[142.971s][info][gc,cpu         ] GC(603) User=0.00s Sys=0.00s Real=0.00s
[142.971s][info][gc,marking     ] GC(603) Concurrent Mark 47.678ms
[142.971s][info][gc,marking     ] GC(603) Concurrent Rebuild Remembered Sets and Scrub Regions
[142.984s][info][gc,marking     ] GC(603) Concurrent Rebuild Remembered Sets and Scrub Regions 12.643ms
[142.984s][info][gc,start       ] GC(603) Pause Cleanup
[142.984s][info][gc             ] GC(603) Pause Cleanup 209M->209M(639M) 0.169ms
[142.984s][info][gc,cpu         ] GC(603) User=0.00s Sys=0.00s Real=0.00s
[142.984s][info][gc,marking     ] GC(603) Concurrent Clear Claimed Marks
[142.984s][info][gc,marking     ] GC(603) Concurrent Clear Claimed Marks 0.108ms
[142.984s][info][gc,marking     ] GC(603) Concurrent Cleanup for Next Mark
[142.985s][info][gc,marking     ] GC(603) Concurrent Cleanup for Next Mark 0.409ms
[142.985s][info][gc             ] GC(603) Concurrent Mark Cycle 62.367ms
[143.148s][info][gc,start       ] GC(604) Pause Young (Prepare Mixed) (G1 Evacuation Pause)
[143.148s][info][gc,task        ] GC(604) Using 16 workers of 33 for evacuation
[143.185s][info][gc,phases      ] GC(604)   Pre Evacuate Collection Set: 0.2ms
[143.185s][info][gc,phases      ] GC(604)   Merge Heap Roots: 0.3ms
[143.185s][info][gc,phases      ] GC(604)   Evacuate Collection Set: 35.5ms
[143.185s][info][gc,phases      ] GC(604)   Post Evacuate Collection Set: 0.7ms
[143.185s][info][gc,phases      ] GC(604)   Other: 0.2ms
[143.185s][info][gc,heap        ] GC(604) Eden regions: 370->0(272)
[143.185s][info][gc,heap        ] GC(604) Survivor regions: 6->47(47)
[143.185s][info][gc,heap        ] GC(604) Old regions: 156->198
[143.185s][info][gc,heap        ] GC(604) Archive regions: 0->0
[143.185s][info][gc,heap        ] GC(604) Humongous regions: 51->46
[143.185s][info][gc,metaspace   ] GC(604) Metaspace: 68292K(69312K)->68292K(69312K) NonClass: 59842K(60352K)->59842K(60352K) Class: 8450K(8960K)->8450K(8960K)
[143.185s][info][gc             ] GC(604) Pause Young (Prepare Mixed) (G1 Evacuation Pause) 566M->274M(672M) 37.188ms
[143.185s][info][gc,cpu         ] GC(604) User=0.52s Sys=0.00s Real=0.05s
[143.320s][info][gc,start       ] GC(605) Pause Young (Mixed) (G1 Evacuation Pause)
[143.320s][info][gc,task        ] GC(605) Using 16 workers of 33 for evacuation
[143.356s][info][gc,phases      ] GC(605)   Pre Evacuate Collection Set: 0.2ms
[143.356s][info][gc,phases      ] GC(605)   Merge Heap Roots: 0.4ms
[143.356s][info][gc,phases      ] GC(605)   Evacuate Collection Set: 35.1ms
[143.356s][info][gc,phases      ] GC(605)   Post Evacuate Collection Set: 0.4ms
[143.356s][info][gc,phases      ] GC(605)   Other: 0.1ms
[143.356s][info][gc,heap        ] GC(605) Eden regions: 272->0(248)
[143.356s][info][gc,heap        ] GC(605) Survivor regions: 47->32(40)
[143.356s][info][gc,heap        ] GC(605) Old regions: 198->246
[143.356s][info][gc,heap        ] GC(605) Archive regions: 0->0
[143.356s][info][gc,heap        ] GC(605) Humongous regions: 58->58
[143.356s][info][gc,metaspace   ] GC(605) Metaspace: 68292K(69312K)->68292K(69312K) NonClass: 59842K(60352K)->59842K(60352K) Class: 8450K(8960K)->8450K(8960K)
[143.356s][info][gc             ] GC(605) Pause Young (Mixed) (G1 Evacuation Pause) 558M->321M(672M) 36.448ms
[143.356s][info][gc,cpu         ] GC(605) User=0.75s Sys=0.00s Real=0.05s
[143.397s][info][gc,start       ] GC(606) Pause Young (Concurrent Start) (G1 Humongous Allocation)
[143.397s][info][gc,task        ] GC(606) Using 16 workers of 33 for evacuation
[143.416s][info][gc,phases      ] GC(606)   Pre Evacuate Collection Set: 0.3ms
[143.416s][info][gc,phases      ] GC(606)   Merge Heap Roots: 0.1ms
[143.416s][info][gc,phases      ] GC(606)   Evacuate Collection Set: 17.2ms
[143.416s][info][gc,phases      ] GC(606)   Post Evacuate Collection Set: 0.6ms
[143.416s][info][gc,phases      ] GC(606)   Other: 0.2ms
[143.416s][info][gc,heap        ] GC(606) Eden regions: 67->0(249)
[143.416s][info][gc,heap        ] GC(606) Survivor regions: 32->10(35)
[143.416s][info][gc,heap        ] GC(606) Old regions: 246->275
[143.416s][info][gc,heap        ] GC(606) Archive regions: 0->0
[143.416s][info][gc,heap        ] GC(606) Humongous regions: 58->58
[143.416s][info][gc,metaspace   ] GC(606) Metaspace: 68293K(69312K)->68293K(69312K) NonClass: 59843K(60352K)->59843K(60352K) Class: 8450K(8960K)->8450K(8960K)
[143.416s][info][gc             ] GC(606) Pause Young (Concurrent Start) (G1 Humongous Allocation) 388M->328M(672M) 18.926ms
[143.416s][info][gc             ] GC(607) Concurrent Mark Cycle
[143.416s][info][gc,cpu         ] GC(606) User=0.25s Sys=0.00s Real=0.02s
[143.416s][info][gc,marking     ] GC(607) Concurrent Scan Root Regions
[143.422s][info][gc,marking     ] GC(607) Concurrent Scan Root Regions 5.210ms
[143.422s][info][gc,marking     ] GC(607) Concurrent Mark
[143.422s][info][gc,marking     ] GC(607) Concurrent Mark From Roots
[143.422s][info][gc,task        ] GC(607) Using 8 workers of 8 for marking
[143.484s][info][gc,marking     ] GC(607) Concurrent Mark From Roots 62.393ms
[143.484s][info][gc,marking     ] GC(607) Concurrent Preclean
[143.484s][info][gc,marking     ] GC(607) Concurrent Preclean 0.157ms
[143.484s][info][gc,start       ] GC(607) Pause Remark
[143.486s][info][gc             ] GC(607) Pause Remark 416M->392M(679M) 2.032ms
[143.486s][info][gc,cpu         ] GC(607) User=0.00s Sys=0.00s Real=0.00s
[143.487s][info][gc,marking     ] GC(607) Concurrent Mark 64.897ms
[143.487s][info][gc,marking     ] GC(607) Concurrent Rebuild Remembered Sets and Scrub Regions
[143.532s][info][gc,marking     ] GC(607) Concurrent Rebuild Remembered Sets and Scrub Regions 45.261ms
[143.532s][info][gc,start       ] GC(607) Pause Cleanup
[143.532s][info][gc             ] GC(607) Pause Cleanup 460M->460M(679M) 0.251ms
[143.532s][info][gc,cpu         ] GC(607) User=0.00s Sys=0.00s Real=0.00s
[143.532s][info][gc,marking     ] GC(607) Concurrent Clear Claimed Marks
[143.532s][info][gc,marking     ] GC(607) Concurrent Clear Claimed Marks 0.119ms
[143.533s][info][gc,marking     ] GC(607) Concurrent Cleanup for Next Mark
[143.533s][info][gc,marking     ] GC(607) Concurrent Cleanup for Next Mark 0.509ms
[143.533s][info][gc             ] GC(607) Concurrent Mark Cycle 116.752ms
[143.597s][info][gc,start       ] GC(608) Pause Young (Prepare Mixed) (G1 Evacuation Pause)
[143.597s][info][gc,task        ] GC(608) Using 16 workers of 33 for evacuation
[143.616s][info][gc,phases      ] GC(608)   Pre Evacuate Collection Set: 0.2ms
[143.616s][info][gc,phases      ] GC(608)   Merge Heap Roots: 0.7ms
[143.616s][info][gc,phases      ] GC(608)   Evacuate Collection Set: 18.0ms
[143.616s][info][gc,phases      ] GC(608)   Post Evacuate Collection Set: 0.7ms
[143.616s][info][gc,phases      ] GC(608)   Other: 0.2ms
[143.616s][info][gc,heap        ] GC(608) Eden regions: 249->0(254)
[143.616s][info][gc,heap        ] GC(608) Survivor regions: 10->27(33)
[143.616s][info][gc,heap        ] GC(608) Old regions: 275->275
[143.616s][info][gc,heap        ] GC(608) Archive regions: 0->0
[143.617s][info][gc,heap        ] GC(608) Humongous regions: 49->49
[143.617s][info][gc,metaspace   ] GC(608) Metaspace: 68293K(69312K)->68293K(69312K) NonClass: 59843K(60352K)->59843K(60352K) Class: 8450K(8960K)->8450K(8960K)
[143.617s][info][gc             ] GC(608) Pause Young (Prepare Mixed) (G1 Evacuation Pause) 568M->336M(679M) 20.041ms
[143.617s][info][gc,cpu         ] GC(608) User=0.25s Sys=0.00s Real=0.02s
[143.773s][info][gc,start       ] GC(609) Pause Young (Mixed) (G1 Evacuation Pause)
[143.773s][info][gc,task        ] GC(609) Using 16 workers of 33 for evacuation
[143.799s][info][gc,phases      ] GC(609)   Pre Evacuate Collection Set: 0.2ms
[143.799s][info][gc,phases      ] GC(609)   Merge Heap Roots: 0.2ms
[143.799s][info][gc,phases      ] GC(609)   Evacuate Collection Set: 25.1ms
[143.799s][info][gc,phases      ] GC(609)   Post Evacuate Collection Set: 0.4ms
[143.799s][info][gc,phases      ] GC(609)   Other: 0.1ms
[143.799s][info][gc,heap        ] GC(609) Eden regions: 254->0(252)
[143.799s][info][gc,heap        ] GC(609) Survivor regions: 27->19(36)
[143.799s][info][gc,heap        ] GC(609) Old regions: 275->293
[143.799s][info][gc,heap        ] GC(609) Archive regions: 0->0
[143.799s][info][gc,heap        ] GC(609) Humongous regions: 49->49
[143.799s][info][gc,metaspace   ] GC(609) Metaspace: 68293K(69312K)->68293K(69312K) NonClass: 59843K(60352K)->59843K(60352K) Class: 8450K(8960K)->8450K(8960K)
[143.799s][info][gc             ] GC(609) Pause Young (Mixed) (G1 Evacuation Pause) 590M->351M(679M) 26.208ms
[143.800s][info][gc,cpu         ] GC(609) User=0.50s Sys=0.00s Real=0.03s
[143.904s][info][gc,start       ] GC(610) Pause Young (Concurrent Start) (G1 Humongous Allocation)
[143.904s][info][gc,task        ] GC(610) Using 16 workers of 33 for evacuation
[143.923s][info][gc,phases      ] GC(610)   Pre Evacuate Collection Set: 0.3ms
[143.923s][info][gc,phases      ] GC(610)   Merge Heap Roots: 0.2ms
[143.923s][info][gc,phases      ] GC(610)   Evacuate Collection Set: 17.4ms
[143.923s][info][gc,phases      ] GC(610)   Post Evacuate Collection Set: 1.0ms
[143.923s][info][gc,phases      ] GC(610)   Other: 0.2ms
[143.923s][info][gc,heap        ] GC(610) Eden regions: 203->0(299)
[143.923s][info][gc,heap        ] GC(610) Survivor regions: 19->30(34)
[143.923s][info][gc,heap        ] GC(610) Old regions: 293->293
[143.923s][info][gc,heap        ] GC(610) Archive regions: 0->0
[143.924s][info][gc,heap        ] GC(610) Humongous regions: 49->49
[143.924s][info][gc,metaspace   ] GC(610) Metaspace: 68293K(69312K)->68293K(69312K) NonClass: 59843K(60352K)->59843K(60352K) Class: 8450K(8960K)->8450K(8960K)
[143.924s][info][gc             ] GC(610) Pause Young (Concurrent Start) (G1 Humongous Allocation) 554M->362M(749M) 19.448ms
[143.924s][info][gc             ] GC(611) Concurrent Mark Cycle
[143.924s][info][gc,cpu         ] GC(610) User=0.50s Sys=0.00s Real=0.02s
[143.924s][info][gc,marking     ] GC(611) Concurrent Scan Root Regions
[143.928s][info][gc,marking     ] GC(611) Concurrent Scan Root Regions 4.226ms
[143.928s][info][gc,marking     ] GC(611) Concurrent Mark
[143.928s][info][gc,marking     ] GC(611) Concurrent Mark From Roots
[143.928s][info][gc,task        ] GC(611) Using 8 workers of 8 for marking
[143.997s][info][gc,marking     ] GC(611) Concurrent Mark From Roots 68.492ms
[143.997s][info][gc,marking     ] GC(611) Concurrent Preclean
[143.997s][info][gc,marking     ] GC(611) Concurrent Preclean 0.231ms
[143.997s][info][gc,start       ] GC(611) Pause Remark
[144.007s][info][gc             ] GC(611) Pause Remark 446M->431M(749M) 10.474ms
[144.007s][info][gc,cpu         ] GC(611) User=0.25s Sys=0.00s Real=0.02s
[144.007s][info][gc,marking     ] GC(611) Concurrent Mark 79.510ms
[144.008s][info][gc,marking     ] GC(611) Concurrent Rebuild Remembered Sets and Scrub Regions
[144.052s][info][gc,marking     ] GC(611) Concurrent Rebuild Remembered Sets and Scrub Regions 44.022ms
[144.052s][info][gc,start       ] GC(611) Pause Cleanup
[144.052s][info][gc             ] GC(611) Pause Cleanup 459M->459M(749M) 0.328ms
[144.052s][info][gc,cpu         ] GC(611) User=0.00s Sys=0.00s Real=0.00s
[144.052s][info][gc,marking     ] GC(611) Concurrent Clear Claimed Marks
[144.052s][info][gc,marking     ] GC(611) Concurrent Clear Claimed Marks 0.080ms
[144.052s][info][gc,marking     ] GC(611) Concurrent Cleanup for Next Mark
[144.053s][info][gc,marking     ] GC(611) Concurrent Cleanup for Next Mark 0.556ms
[144.053s][info][gc             ] GC(611) Concurrent Mark Cycle 129.197ms
[144.433s][info][gc,start       ] GC(612) Pause Young (Prepare Mixed) (G1 Evacuation Pause)
[144.433s][info][gc,task        ] GC(612) Using 18 workers of 33 for evacuation
[144.465s][info][gc,phases      ] GC(612)   Pre Evacuate Collection Set: 0.2ms
[144.465s][info][gc,phases      ] GC(612)   Merge Heap Roots: 0.5ms
[144.465s][info][gc,phases      ] GC(612)   Evacuate Collection Set: 30.6ms
[144.465s][info][gc,phases      ] GC(612)   Post Evacuate Collection Set: 0.6ms
[144.465s][info][gc,phases      ] GC(612)   Other: 0.2ms
[144.465s][info][gc,heap        ] GC(612) Eden regions: 299->0(292)
[144.465s][info][gc,heap        ] GC(612) Survivor regions: 30->29(42)
[144.465s][info][gc,heap        ] GC(612) Old regions: 290->304
[144.465s][info][gc,heap        ] GC(612) Archive regions: 0->0
[144.465s][info][gc,heap        ] GC(612) Humongous regions: 57->57
[144.465s][info][gc,metaspace   ] GC(612) Metaspace: 68294K(69312K)->68294K(69312K) NonClass: 59843K(60352K)->59843K(60352K) Class: 8450K(8960K)->8450K(8960K)
[144.465s][info][gc             ] GC(612) Pause Young (Prepare Mixed) (G1 Evacuation Pause) 666M->381M(749M) 32.447ms
[144.465s][info][gc,cpu         ] GC(612) User=0.56s Sys=0.00s Real=0.03s
[145.483s][info][gc,start       ] GC(613) Pause Young (Mixed) (G1 Evacuation Pause)
[145.483s][info][gc,task        ] GC(613) Using 18 workers of 33 for evacuation
[145.523s][info][gc,phases      ] GC(613)   Pre Evacuate Collection Set: 0.2ms
[145.523s][info][gc,phases      ] GC(613)   Merge Heap Roots: 0.5ms
[145.523s][info][gc,phases      ] GC(613)   Evacuate Collection Set: 38.7ms
[145.523s][info][gc,phases      ] GC(613)   Post Evacuate Collection Set: 0.6ms
[145.523s][info][gc,phases      ] GC(613)   Other: 0.1ms
[145.523s][info][gc,heap        ] GC(613) Eden regions: 292->0(258)
[145.523s][info][gc,heap        ] GC(613) Survivor regions: 29->41(41)
[145.523s][info][gc,heap        ] GC(613) Old regions: 304->306
[145.523s][info][gc,heap        ] GC(613) Archive regions: 0->0
[145.523s][info][gc,heap        ] GC(613) Humongous regions: 91->86
[145.523s][info][gc,metaspace   ] GC(613) Metaspace: 68295K(69312K)->68295K(69312K) NonClass: 59844K(60352K)->59844K(60352K) Class: 8450K(8960K)->8450K(8960K)
[145.523s][info][gc             ] GC(613) Pause Young (Mixed) (G1 Evacuation Pause) 707M->428M(772M) 40.382ms
[145.523s][info][gc,cpu         ] GC(613) User=0.83s Sys=0.02s Real=0.05s
[145.675s][info][gc,start       ] GC(614) Pause Young (Concurrent Start) (G1 Humongous Allocation)
[145.675s][info][gc,task        ] GC(614) Using 18 workers of 33 for evacuation
[145.709s][info][gc,phases      ] GC(614)   Pre Evacuate Collection Set: 0.3ms
[145.709s][info][gc,phases      ] GC(614)   Merge Heap Roots: 0.3ms
[145.709s][info][gc,phases      ] GC(614)   Evacuate Collection Set: 32.4ms
[145.709s][info][gc,phases      ] GC(614)   Post Evacuate Collection Set: 0.4ms
[145.709s][info][gc,phases      ] GC(614)   Other: 0.1ms
[145.709s][info][gc,heap        ] GC(614) Eden regions: 121->0(240)
[145.709s][info][gc,heap        ] GC(614) Survivor regions: 41->25(38)
[145.709s][info][gc,heap        ] GC(614) Old regions: 306->343
[145.709s][info][gc,heap        ] GC(614) Archive regions: 0->0
[145.709s][info][gc,heap        ] GC(614) Humongous regions: 86->86
[145.709s][info][gc,metaspace   ] GC(614) Metaspace: 68295K(69312K)->68295K(69312K) NonClass: 59844K(60352K)->59844K(60352K) Class: 8450K(8960K)->8450K(8960K)
[145.709s][info][gc             ] GC(614) Pause Young (Concurrent Start) (G1 Humongous Allocation) 549M->449M(772M) 33.739ms
[145.709s][info][gc             ] GC(615) Concurrent Mark Cycle
[145.709s][info][gc,cpu         ] GC(614) User=0.56s Sys=0.00s Real=0.03s
[145.709s][info][gc,marking     ] GC(615) Concurrent Scan Root Regions
[145.715s][info][gc,marking     ] GC(615) Concurrent Scan Root Regions 5.991ms
[145.715s][info][gc,marking     ] GC(615) Concurrent Mark
[145.715s][info][gc,marking     ] GC(615) Concurrent Mark From Roots
[145.715s][info][gc,task        ] GC(615) Using 8 workers of 8 for marking
[145.746s][info][gc,marking     ] GC(615) Concurrent Mark From Roots 31.176ms
[145.746s][info][gc,marking     ] GC(615) Concurrent Preclean
[145.746s][info][gc,marking     ] GC(615) Concurrent Preclean 0.180ms
[145.746s][info][gc,start       ] GC(615) Pause Remark
[145.748s][info][gc             ] GC(615) Pause Remark 520M->322M(772M) 1.979ms
[145.748s][info][gc,cpu         ] GC(615) User=0.00s Sys=0.00s Real=0.00s
[145.749s][info][gc,marking     ] GC(615) Concurrent Mark 33.682ms
[145.749s][info][gc,marking     ] GC(615) Concurrent Rebuild Remembered Sets and Scrub Regions
[145.770s][info][gc,marking     ] GC(615) Concurrent Rebuild Remembered Sets and Scrub Regions 21.821ms
[145.771s][info][gc,start       ] GC(615) Pause Cleanup
[145.771s][info][gc             ] GC(615) Pause Cleanup 364M->364M(772M) 0.211ms
[145.771s][info][gc,cpu         ] GC(615) User=0.00s Sys=0.00s Real=0.00s
[145.771s][info][gc,marking     ] GC(615) Concurrent Clear Claimed Marks
[145.771s][info][gc,marking     ] GC(615) Concurrent Clear Claimed Marks 0.096ms
[145.771s][info][gc,marking     ] GC(615) Concurrent Cleanup for Next Mark
[145.772s][info][gc,marking     ] GC(615) Concurrent Cleanup for Next Mark 0.569ms
[145.772s][info][gc             ] GC(615) Concurrent Mark Cycle 62.845ms
[145.837s][info][gc,start       ] GC(616) Pause Young (Prepare Mixed) (G1 Evacuation Pause)
[145.837s][info][gc,task        ] GC(616) Using 18 workers of 33 for evacuation
[145.868s][info][gc,phases      ] GC(616)   Pre Evacuate Collection Set: 0.2ms
[145.868s][info][gc,phases      ] GC(616)   Merge Heap Roots: 0.3ms
[145.868s][info][gc,phases      ] GC(616)   Evacuate Collection Set: 29.7ms
[145.868s][info][gc,phases      ] GC(616)   Post Evacuate Collection Set: 0.5ms
[145.868s][info][gc,phases      ] GC(616)   Other: 0.2ms
[145.868s][info][gc,heap        ] GC(616) Eden regions: 240->0(278)
[145.868s][info][gc,heap        ] GC(616) Survivor regions: 25->34(34)
[145.868s][info][gc,heap        ] GC(616) Old regions: 209->269
[145.868s][info][gc,heap        ] GC(616) Archive regions: 0->0
[145.868s][info][gc,heap        ] GC(616) Humongous regions: 46->46
[145.868s][info][gc,metaspace   ] GC(616) Metaspace: 68295K(69312K)->68295K(69312K) NonClass: 59844K(60352K)->59844K(60352K) Class: 8450K(8960K)->8450K(8960K)
[145.868s][info][gc             ] GC(616) Pause Young (Prepare Mixed) (G1 Evacuation Pause) 515M->344M(772M) 31.240ms
[145.868s][info][gc,cpu         ] GC(616) User=0.56s Sys=0.00s Real=0.03s
[146.008s][info][gc,start       ] GC(617) Pause Young (Mixed) (G1 Evacuation Pause)
[146.008s][info][gc,task        ] GC(617) Using 18 workers of 33 for evacuation
[146.042s][info][gc,phases      ] GC(617)   Pre Evacuate Collection Set: 0.2ms
[146.042s][info][gc,phases      ] GC(617)   Merge Heap Roots: 0.5ms
[146.042s][info][gc,phases      ] GC(617)   Evacuate Collection Set: 32.4ms
[146.042s][info][gc,phases      ] GC(617)   Post Evacuate Collection Set: 0.4ms
[146.042s][info][gc,phases      ] GC(617)   Other: 0.2ms
[146.042s][info][gc,heap        ] GC(617) Eden regions: 278->0(248)
[146.042s][info][gc,heap        ] GC(617) Survivor regions: 34->36(39)
[146.042s][info][gc,heap        ] GC(617) Old regions: 269->304
[146.042s][info][gc,heap        ] GC(617) Archive regions: 0->0
[146.042s][info][gc,heap        ] GC(617) Humongous regions: 70->70
[146.042s][info][gc,metaspace   ] GC(617) Metaspace: 68295K(69312K)->68295K(69312K) NonClass: 59844K(60352K)->59844K(60352K) Class: 8450K(8960K)->8450K(8960K)
[146.042s][info][gc             ] GC(617) Pause Young (Mixed) (G1 Evacuation Pause) 646M->404M(772M) 33.922ms
[146.042s][info][gc,cpu         ] GC(617) User=0.56s Sys=0.00s Real=0.03s
[146.134s][info][gc,start       ] GC(618) Pause Young (Concurrent Start) (G1 Humongous Allocation)
[146.135s][info][gc,task        ] GC(618) Using 18 workers of 33 for evacuation
[146.162s][info][gc,phases      ] GC(618)   Pre Evacuate Collection Set: 0.3ms
[146.162s][info][gc,phases      ] GC(618)   Merge Heap Roots: 0.2ms
[146.162s][info][gc,phases      ] GC(618)   Evacuate Collection Set: 26.7ms
[146.162s][info][gc,phases      ] GC(618)   Post Evacuate Collection Set: 0.4ms
[146.162s][info][gc,phases      ] GC(618)   Other: 0.1ms
[146.162s][info][gc,heap        ] GC(618) Eden regions: 185->0(244)
[146.162s][info][gc,heap        ] GC(618) Survivor regions: 36->21(36)
[146.162s][info][gc,heap        ] GC(618) Old regions: 304->338
[146.162s][info][gc,heap        ] GC(618) Archive regions: 0->0
[146.162s][info][gc,heap        ] GC(618) Humongous regions: 70->70
[146.162s][info][gc,metaspace   ] GC(618) Metaspace: 68295K(69312K)->68295K(69312K) NonClass: 59844K(60352K)->59844K(60352K) Class: 8450K(8960K)->8450K(8960K)
[146.162s][info][gc             ] GC(618) Pause Young (Concurrent Start) (G1 Humongous Allocation) 589M->424M(772M) 27.893ms
[146.162s][info][gc             ] GC(619) Concurrent Mark Cycle
[146.162s][info][gc,cpu         ] GC(618) User=0.28s Sys=0.00s Real=0.02s
[146.162s][info][gc,marking     ] GC(619) Concurrent Scan Root Regions
[146.168s][info][gc,marking     ] GC(619) Concurrent Scan Root Regions 5.205ms
[146.168s][info][gc,marking     ] GC(619) Concurrent Mark
[146.168s][info][gc,marking     ] GC(619) Concurrent Mark From Roots
[146.168s][info][gc,task        ] GC(619) Using 8 workers of 8 for marking
[146.222s][info][gc,marking     ] GC(619) Concurrent Mark From Roots 54.397ms
[146.222s][info][gc,marking     ] GC(619) Concurrent Preclean
[146.222s][info][gc,marking     ] GC(619) Concurrent Preclean 0.196ms
[146.223s][info][gc,start       ] GC(619) Pause Remark
[146.226s][info][gc             ] GC(619) Pause Remark 527M->489M(825M) 3.909ms
[146.227s][info][gc,cpu         ] GC(619) User=0.05s Sys=0.00s Real=0.02s
[146.227s][info][gc,marking     ] GC(619) Concurrent Mark 58.852ms
[146.227s][info][gc,marking     ] GC(619) Concurrent Rebuild Remembered Sets and Scrub Regions
[146.271s][info][gc,marking     ] GC(619) Concurrent Rebuild Remembered Sets and Scrub Regions 44.307ms
[146.271s][info][gc,start       ] GC(619) Pause Cleanup
[146.271s][info][gc             ] GC(619) Pause Cleanup 561M->561M(825M) 0.337ms
[146.271s][info][gc,cpu         ] GC(619) User=0.00s Sys=0.00s Real=0.00s
[146.272s][info][gc,marking     ] GC(619) Concurrent Clear Claimed Marks
[146.272s][info][gc,marking     ] GC(619) Concurrent Clear Claimed Marks 0.099ms
[146.272s][info][gc,marking     ] GC(619) Concurrent Cleanup for Next Mark
[146.272s][info][gc,marking     ] GC(619) Concurrent Cleanup for Next Mark 0.675ms
[146.272s][info][gc             ] GC(619) Concurrent Mark Cycle 109.955ms
[146.315s][info][gc,start       ] GC(620) Pause Young (Prepare Mixed) (G1 Evacuation Pause)
[146.315s][info][gc,task        ] GC(620) Using 19 workers of 33 for evacuation
[146.342s][info][gc,phases      ] GC(620)   Pre Evacuate Collection Set: 0.2ms
[146.342s][info][gc,phases      ] GC(620)   Merge Heap Roots: 0.7ms
[146.342s][info][gc,phases      ] GC(620)   Evacuate Collection Set: 25.4ms
[146.342s][info][gc,phases      ] GC(620)   Post Evacuate Collection Set: 0.6ms
[146.342s][info][gc,phases      ] GC(620)   Other: 0.2ms
[146.342s][info][gc,heap        ] GC(620) Eden regions: 244->0(285)
[146.342s][info][gc,heap        ] GC(620) Survivor regions: 21->23(34)
[146.342s][info][gc,heap        ] GC(620) Old regions: 336->357
[146.342s][info][gc,heap        ] GC(620) Archive regions: 0->0
[146.342s][info][gc,heap        ] GC(620) Humongous regions: 54->54
[146.342s][info][gc,metaspace   ] GC(620) Metaspace: 68295K(69312K)->68295K(69312K) NonClass: 59844K(60352K)->59844K(60352K) Class: 8450K(8960K)->8450K(8960K)
[146.342s][info][gc             ] GC(620) Pause Young (Prepare Mixed) (G1 Evacuation Pause) 650M->428M(825M) 27.662ms
[146.342s][info][gc,cpu         ] GC(620) User=0.89s Sys=0.00s Real=0.04s
[146.481s][info][gc,start       ] GC(621) Pause Young (Mixed) (G1 Evacuation Pause)
[146.481s][info][gc,task        ] GC(621) Using 19 workers of 33 for evacuation
[146.505s][info][gc,phases      ] GC(621)   Pre Evacuate Collection Set: 0.2ms
[146.505s][info][gc,phases      ] GC(621)   Merge Heap Roots: 0.2ms
[146.505s][info][gc,phases      ] GC(621)   Evacuate Collection Set: 22.8ms
[146.505s][info][gc,phases      ] GC(621)   Post Evacuate Collection Set: 0.8ms
[146.505s][info][gc,phases      ] GC(621)   Other: 0.2ms
[146.505s][info][gc,heap        ] GC(621) Eden regions: 285->0(350)
[146.506s][info][gc,heap        ] GC(621) Survivor regions: 23->23(39)
[146.506s][info][gc,heap        ] GC(621) Old regions: 357->327
[146.506s][info][gc,heap        ] GC(621) Archive regions: 0->0
[146.506s][info][gc,heap        ] GC(621) Humongous regions: 54->54
[146.506s][info][gc,metaspace   ] GC(621) Metaspace: 68295K(69312K)->68295K(69312K) NonClass: 59844K(60352K)->59844K(60352K) Class: 8450K(8960K)->8450K(8960K)
[146.506s][info][gc             ] GC(621) Pause Young (Mixed) (G1 Evacuation Pause) 713M->399M(878M) 24.432ms
[146.506s][info][gc,cpu         ] GC(621) User=0.59s Sys=0.00s Real=0.03s
[146.703s][info][gc,start       ] GC(622) Pause Young (Concurrent Start) (G1 Humongous Allocation)
[146.703s][info][gc,task        ] GC(622) Using 21 workers of 33 for evacuation
[146.726s][info][gc,phases      ] GC(622)   Pre Evacuate Collection Set: 0.3ms
[146.726s][info][gc,phases      ] GC(622)   Merge Heap Roots: 0.2ms
[146.726s][info][gc,phases      ] GC(622)   Evacuate Collection Set: 21.1ms
[146.726s][info][gc,phases      ] GC(622)   Post Evacuate Collection Set: 0.5ms
[146.726s][info][gc,phases      ] GC(622)   Other: 0.1ms
[146.726s][info][gc,heap        ] GC(622) Eden regions: 240->0(349)
[146.726s][info][gc,heap        ] GC(622) Survivor regions: 23->39(47)
[146.726s][info][gc,heap        ] GC(622) Old regions: 327->327
[146.726s][info][gc,heap        ] GC(622) Archive regions: 0->0
[146.726s][info][gc,heap        ] GC(622) Humongous regions: 54->54
[146.726s][info][gc,metaspace   ] GC(622) Metaspace: 68295K(69312K)->68295K(69312K) NonClass: 59844K(60352K)->59844K(60352K) Class: 8450K(8960K)->8450K(8960K)
[146.726s][info][gc             ] GC(622) Pause Young (Concurrent Start) (G1 Humongous Allocation) 639M->415M(878M) 22.452ms
[146.726s][info][gc             ] GC(623) Concurrent Mark Cycle
[146.726s][info][gc,cpu         ] GC(622) User=0.33s Sys=0.00s Real=0.02s
[146.726s][info][gc,marking     ] GC(623) Concurrent Scan Root Regions
[146.732s][info][gc,marking     ] GC(623) Concurrent Scan Root Regions 6.294ms
[146.732s][info][gc,marking     ] GC(623) Concurrent Mark
[146.732s][info][gc,marking     ] GC(623) Concurrent Mark From Roots
[146.732s][info][gc,task        ] GC(623) Using 8 workers of 8 for marking
[146.788s][info][gc,marking     ] GC(623) Concurrent Mark From Roots 56.000ms
[146.788s][info][gc,marking     ] GC(623) Concurrent Preclean
[146.788s][info][gc,marking     ] GC(623) Concurrent Preclean 0.162ms
[146.789s][info][gc,start       ] GC(623) Pause Remark
[146.790s][info][gc             ] GC(623) Pause Remark 418M->323M(878M) 1.861ms
[146.791s][info][gc,cpu         ] GC(623) User=0.00s Sys=0.00s Real=0.00s
[146.791s][info][gc,marking     ] GC(623) Concurrent Mark 58.366ms
[146.791s][info][gc,marking     ] GC(623) Concurrent Rebuild Remembered Sets and Scrub Regions
[146.830s][info][gc,marking     ] GC(623) Concurrent Rebuild Remembered Sets and Scrub Regions 38.998ms
[146.830s][info][gc,start       ] GC(623) Pause Cleanup
[146.830s][info][gc             ] GC(623) Pause Cleanup 326M->326M(878M) 0.347ms
[146.830s][info][gc,cpu         ] GC(623) User=0.00s Sys=0.00s Real=0.00s
[146.830s][info][gc,marking     ] GC(623) Concurrent Clear Claimed Marks
[146.830s][info][gc,marking     ] GC(623) Concurrent Clear Claimed Marks 0.083ms
[146.830s][info][gc,marking     ] GC(623) Concurrent Cleanup for Next Mark
[146.831s][info][gc,marking     ] GC(623) Concurrent Cleanup for Next Mark 0.566ms
[146.831s][info][gc             ] GC(623) Concurrent Mark Cycle 105.115ms
[147.587s][info][gc,start       ] GC(624) Pause Young (Prepare Mixed) (G1 Evacuation Pause)
[147.587s][info][gc,task        ] GC(624) Using 21 workers of 33 for evacuation
[147.644s][info][gc,phases      ] GC(624)   Pre Evacuate Collection Set: 0.2ms
[147.644s][info][gc,phases      ] GC(624)   Merge Heap Roots: 0.7ms
[147.644s][info][gc,phases      ] GC(624)   Evacuate Collection Set: 55.1ms
[147.644s][info][gc,phases      ] GC(624)   Post Evacuate Collection Set: 0.7ms
[147.644s][info][gc,phases      ] GC(624)   Other: 0.2ms
[147.644s][info][gc,heap        ] GC(624) Eden regions: 349->0(322)
[147.644s][info][gc,heap        ] GC(624) Survivor regions: 39->49(49)
[147.645s][info][gc,heap        ] GC(624) Old regions: 256->293
[147.645s][info][gc,heap        ] GC(624) Archive regions: 0->0
[147.645s][info][gc,heap        ] GC(624) Humongous regions: 108->98
[147.645s][info][gc,metaspace   ] GC(624) Metaspace: 68297K(69312K)->68297K(69312K) NonClass: 59846K(60352K)->59846K(60352K) Class: 8450K(8960K)->8450K(8960K)
[147.645s][info][gc             ] GC(624) Pause Young (Prepare Mixed) (G1 Evacuation Pause) 747M->435M(878M) 57.447ms
[147.645s][info][gc,cpu         ] GC(624) User=1.31s Sys=0.00s Real=0.06s
[147.986s][info][gc,start       ] GC(625) Pause Young (Mixed) (G1 Evacuation Pause)
[147.986s][info][gc,task        ] GC(625) Using 21 workers of 33 for evacuation
[148.039s][info][gc,phases      ] GC(625)   Pre Evacuate Collection Set: 0.2ms
[148.039s][info][gc,phases      ] GC(625)   Merge Heap Roots: 0.6ms
[148.039s][info][gc,phases      ] GC(625)   Evacuate Collection Set: 51.0ms
[148.039s][info][gc,phases      ] GC(625)   Post Evacuate Collection Set: 0.6ms
[148.039s][info][gc,phases      ] GC(625)   Other: 0.1ms
[148.039s][info][gc,heap        ] GC(625) Eden regions: 322->0(285)
[148.039s][info][gc,heap        ] GC(625) Survivor regions: 49->47(47)
[148.039s][info][gc,heap        ] GC(625) Old regions: 293->326
[148.039s][info][gc,heap        ] GC(625) Archive regions: 0->0
[148.039s][info][gc,heap        ] GC(625) Humongous regions: 127->122
[148.039s][info][gc,metaspace   ] GC(625) Metaspace: 68298K(69312K)->68298K(69312K) NonClass: 59848K(60352K)->59848K(60352K) Class: 8450K(8960K)->8450K(8960K)
[148.039s][info][gc             ] GC(625) Pause Young (Mixed) (G1 Evacuation Pause) 786M->490M(892M) 52.714ms
[148.039s][info][gc,cpu         ] GC(625) User=0.98s Sys=0.00s Real=0.05s
[148.273s][info][gc,start       ] GC(626) Pause Young (Concurrent Start) (G1 Humongous Allocation)
[148.274s][info][gc,task        ] GC(626) Using 21 workers of 33 for evacuation
[148.297s][info][gc,phases      ] GC(626)   Pre Evacuate Collection Set: 0.4ms
[148.297s][info][gc,phases      ] GC(626)   Merge Heap Roots: 0.3ms
[148.297s][info][gc,phases      ] GC(626)   Evacuate Collection Set: 22.5ms
[148.297s][info][gc,phases      ] GC(626)   Post Evacuate Collection Set: 0.6ms
[148.297s][info][gc,phases      ] GC(626)   Other: 0.2ms
[148.297s][info][gc,heap        ] GC(626) Eden regions: 140->0(295)
[148.298s][info][gc,heap        ] GC(626) Survivor regions: 47->7(42)
[148.298s][info][gc,heap        ] GC(626) Old regions: 326->375
[148.298s][info][gc,heap        ] GC(626) Archive regions: 0->0
[148.298s][info][gc,heap        ] GC(626) Humongous regions: 122->122
[148.298s][info][gc,metaspace   ] GC(626) Metaspace: 68298K(69312K)->68298K(69312K) NonClass: 59848K(60352K)->59848K(60352K) Class: 8450K(8960K)->8450K(8960K)
[148.298s][info][gc             ] GC(626) Pause Young (Concurrent Start) (G1 Humongous Allocation) 629M->499M(892M) 24.241ms
[148.298s][info][gc             ] GC(627) Concurrent Mark Cycle
[148.298s][info][gc,cpu         ] GC(626) User=0.34s Sys=0.00s Real=0.03s
[148.298s][info][gc,marking     ] GC(627) Concurrent Scan Root Regions
[148.301s][info][gc,marking     ] GC(627) Concurrent Scan Root Regions 3.554ms
[148.301s][info][gc,marking     ] GC(627) Concurrent Mark
[148.301s][info][gc,marking     ] GC(627) Concurrent Mark From Roots
[148.301s][info][gc,task        ] GC(627) Using 8 workers of 8 for marking
[148.333s][info][gc,marking     ] GC(627) Concurrent Mark From Roots 31.357ms
[148.335s][info][gc,marking     ] GC(627) Concurrent Preclean
[148.336s][info][gc,marking     ] GC(627) Concurrent Preclean 0.199ms
[148.336s][info][gc,start       ] GC(627) Pause Remark
[148.338s][info][gc             ] GC(627) Pause Remark 523M->278M(892M) 2.061ms
[148.338s][info][gc,cpu         ] GC(627) User=0.00s Sys=0.00s Real=0.00s
[148.338s][info][gc,marking     ] GC(627) Concurrent Mark 36.519ms
[148.338s][info][gc,marking     ] GC(627) Concurrent Rebuild Remembered Sets and Scrub Regions
[148.354s][info][gc,marking     ] GC(627) Concurrent Rebuild Remembered Sets and Scrub Regions 16.297ms
[148.354s][info][gc,start       ] GC(627) Pause Cleanup
[148.355s][info][gc             ] GC(627) Pause Cleanup 309M->309M(892M) 0.258ms
[148.355s][info][gc,cpu         ] GC(627) User=0.00s Sys=0.00s Real=0.00s
[148.355s][info][gc,marking     ] GC(627) Concurrent Clear Claimed Marks
[148.355s][info][gc,marking     ] GC(627) Concurrent Clear Claimed Marks 0.098ms
[148.355s][info][gc,marking     ] GC(627) Concurrent Cleanup for Next Mark
[148.355s][info][gc,marking     ] GC(627) Concurrent Cleanup for Next Mark 0.600ms
[148.355s][info][gc             ] GC(627) Concurrent Mark Cycle 57.796ms
[148.472s][info][gc,start       ] GC(628) Pause Young (Prepare Mixed) (G1 Evacuation Pause)
[148.472s][info][gc,task        ] GC(628) Using 21 workers of 33 for evacuation
[148.489s][info][gc,phases      ] GC(628)   Pre Evacuate Collection Set: 0.2ms
[148.489s][info][gc,phases      ] GC(628)   Merge Heap Roots: 0.2ms
[148.489s][info][gc,phases      ] GC(628)   Evacuate Collection Set: 15.4ms
[148.489s][info][gc,phases      ] GC(628)   Post Evacuate Collection Set: 0.6ms
[148.489s][info][gc,phases      ] GC(628)   Other: 0.2ms
[148.489s][info][gc,heap        ] GC(628) Eden regions: 295->0(451)
[148.489s][info][gc,heap        ] GC(628) Survivor regions: 7->38(38)
[148.489s][info][gc,heap        ] GC(628) Old regions: 242->242
[148.489s][info][gc,heap        ] GC(628) Archive regions: 0->0
[148.489s][info][gc,heap        ] GC(628) Humongous regions: 25->20
[148.489s][info][gc,metaspace   ] GC(628) Metaspace: 68299K(69312K)->68299K(69312K) NonClass: 59849K(60352K)->59849K(60352K) Class: 8450K(8960K)->8450K(8960K)
[148.489s][info][gc             ] GC(628) Pause Young (Prepare Mixed) (G1 Evacuation Pause) 564M->295M(892M) 17.007ms
[148.489s][info][gc,cpu         ] GC(628) User=0.33s Sys=0.00s Real=0.02s
[149.032s][info][gc,start       ] GC(629) Pause Young (Mixed) (G1 Evacuation Pause)
[149.032s][info][gc,task        ] GC(629) Using 21 workers of 33 for evacuation
[149.097s][info][gc,phases      ] GC(629)   Pre Evacuate Collection Set: 0.2ms
[149.097s][info][gc,phases      ] GC(629)   Merge Heap Roots: 0.5ms
[149.097s][info][gc,phases      ] GC(629)   Evacuate Collection Set: 62.9ms
[149.097s][info][gc,phases      ] GC(629)   Post Evacuate Collection Set: 0.6ms
[149.097s][info][gc,phases      ] GC(629)   Other: 0.2ms
[149.097s][info][gc,heap        ] GC(629) Eden regions: 363->0(406)
[149.097s][info][gc,heap        ] GC(629) Survivor regions: 38->50(62)
[149.097s][info][gc,heap        ] GC(629) Old regions: 242->271
[149.097s][info][gc,heap        ] GC(629) Archive regions: 0->0
[149.097s][info][gc,heap        ] GC(629) Humongous regions: 259->131
[149.097s][info][gc,metaspace   ] GC(629) Metaspace: 68301K(69312K)->68301K(69312K) NonClass: 59851K(60352K)->59851K(60352K) Class: 8450K(8960K)->8450K(8960K)
[149.097s][info][gc             ] GC(629) Pause Young (Mixed) (G1 Evacuation Pause) 897M->446M(989M) 64.800ms
[149.097s][info][gc,cpu         ] GC(629) User=1.20s Sys=0.11s Real=0.06s
[149.098s][info][gc,start       ] GC(630) Pause Young (Concurrent Start) (G1 Humongous Allocation)
[149.098s][info][gc,task        ] GC(630) Using 23 workers of 33 for evacuation
[149.117s][info][gc,phases      ] GC(630)   Pre Evacuate Collection Set: 0.2ms
[149.117s][info][gc,phases      ] GC(630)   Merge Heap Roots: 0.1ms
[149.117s][info][gc,phases      ] GC(630)   Evacuate Collection Set: 17.5ms
[149.117s][info][gc,phases      ] GC(630)   Post Evacuate Collection Set: 0.4ms
[149.117s][info][gc,phases      ] GC(630)   Other: 0.1ms
[149.117s][info][gc,heap        ] GC(630) Eden regions: 2->0(419)
[149.117s][info][gc,heap        ] GC(630) Survivor regions: 50->2(57)
[149.117s][info][gc,heap        ] GC(630) Old regions: 271->321
[149.117s][info][gc,heap        ] GC(630) Archive regions: 0->0
[149.117s][info][gc,heap        ] GC(630) Humongous regions: 131->131
[149.117s][info][gc,metaspace   ] GC(630) Metaspace: 68301K(69312K)->68301K(69312K) NonClass: 59851K(60352K)->59851K(60352K) Class: 8450K(8960K)->8450K(8960K)
[149.117s][info][gc             ] GC(630) Pause Young (Concurrent Start) (G1 Humongous Allocation) 448M->449M(994M) 18.585ms
[149.117s][info][gc             ] GC(631) Concurrent Mark Cycle
[149.117s][info][gc,cpu         ] GC(630) User=0.36s Sys=0.00s Real=0.02s
[149.117s][info][gc,marking     ] GC(631) Concurrent Scan Root Regions
[149.125s][info][gc,marking     ] GC(631) Concurrent Scan Root Regions 8.183ms
[149.125s][info][gc,marking     ] GC(631) Concurrent Mark
[149.125s][info][gc,marking     ] GC(631) Concurrent Mark From Roots
[149.125s][info][gc,task        ] GC(631) Using 8 workers of 8 for marking
[149.160s][info][gc,marking     ] GC(631) Concurrent Mark From Roots 35.181ms
[149.160s][info][gc,marking     ] GC(631) Concurrent Preclean
[149.161s][info][gc,marking     ] GC(631) Concurrent Preclean 0.174ms
[149.161s][info][gc,start       ] GC(631) Pause Remark
[149.163s][info][gc             ] GC(631) Pause Remark 511M->412M(994M) 2.244ms
[149.163s][info][gc,cpu         ] GC(631) User=0.00s Sys=0.00s Real=0.00s
[149.163s][info][gc,marking     ] GC(631) Concurrent Mark 37.934ms
[149.163s][info][gc,marking     ] GC(631) Concurrent Rebuild Remembered Sets and Scrub Regions
[149.184s][info][gc,marking     ] GC(631) Concurrent Rebuild Remembered Sets and Scrub Regions 20.790ms
[149.184s][info][gc,start       ] GC(631) Pause Cleanup
[149.184s][info][gc             ] GC(631) Pause Cleanup 433M->433M(994M) 0.315ms
[149.184s][info][gc,cpu         ] GC(631) User=0.00s Sys=0.00s Real=0.00s
[149.184s][info][gc,marking     ] GC(631) Concurrent Clear Claimed Marks
[149.185s][info][gc,marking     ] GC(631) Concurrent Clear Claimed Marks 0.098ms
[149.185s][info][gc,marking     ] GC(631) Concurrent Cleanup for Next Mark
[149.185s][info][gc,marking     ] GC(631) Concurrent Cleanup for Next Mark 0.753ms
[149.185s][info][gc             ] GC(631) Concurrent Mark Cycle 68.541ms
[149.449s][info][gc,start       ] GC(632) Pause Young (Prepare Mixed) (G1 Evacuation Pause)
[149.449s][info][gc,task        ] GC(632) Using 23 workers of 33 for evacuation
[149.479s][info][gc,phases      ] GC(632)   Pre Evacuate Collection Set: 0.2ms
[149.479s][info][gc,phases      ] GC(632)   Merge Heap Roots: 0.5ms
[149.479s][info][gc,phases      ] GC(632)   Evacuate Collection Set: 28.1ms
[149.479s][info][gc,phases      ] GC(632)   Post Evacuate Collection Set: 0.7ms
[149.479s][info][gc,phases      ] GC(632)   Other: 0.2ms
[149.479s][info][gc,heap        ] GC(632) Eden regions: 419->0(426)
[149.479s][info][gc,heap        ] GC(632) Survivor regions: 2->43(53)
[149.479s][info][gc,heap        ] GC(632) Old regions: 287->287
[149.479s][info][gc,heap        ] GC(632) Archive regions: 0->0
[149.479s][info][gc,heap        ] GC(632) Humongous regions: 155->109
[149.479s][info][gc,metaspace   ] GC(632) Metaspace: 68301K(69312K)->68301K(69312K) NonClass: 59851K(60352K)->59851K(60352K) Class: 8450K(8960K)->8450K(8960K)
[149.479s][info][gc             ] GC(632) Pause Young (Prepare Mixed) (G1 Evacuation Pause) 858M->434M(994M) 30.123ms
[149.479s][info][gc,cpu         ] GC(632) User=0.72s Sys=0.00s Real=0.03s
[149.688s][info][gc,start       ] GC(633) Pause Full (System.gc())
[149.688s][info][gc,task        ] GC(633) Using 23 workers of 33 for full compaction
[149.689s][info][gc,phases,start] GC(633) Phase 1: Mark live objects
[149.722s][info][gc,phases      ] GC(633) Phase 1: Mark live objects 32.856ms
[149.722s][info][gc,phases,start] GC(633) Phase 2: Prepare compaction
[149.726s][info][gc,phases      ] GC(633) Phase 2: Prepare compaction 4.078ms
[149.726s][info][gc,phases,start] GC(633) Phase 3: Adjust pointers
[149.734s][info][gc,phases      ] GC(633) Phase 3: Adjust pointers 7.831ms
[149.734s][info][gc,phases,start] GC(633) Phase 4: Compact heap
[149.734s][info][gc,phases      ] GC(633) Phase 4: Compact heap 0.542ms
[149.743s][info][gc,heap        ] GC(633) Eden regions: 309->0(297)
[149.743s][info][gc,heap        ] GC(633) Survivor regions: 43->0(53)
[149.743s][info][gc,heap        ] GC(633) Old regions: 287->156
[149.743s][info][gc,heap        ] GC(633) Archive regions: 0->0
[149.743s][info][gc,heap        ] GC(633) Humongous regions: 112->10
[149.743s][info][gc,metaspace   ] GC(633) Metaspace: 68301K(69312K)->68301K(69312K) NonClass: 59851K(60352K)->59851K(60352K) Class: 8450K(8960K)->8450K(8960K)
[149.743s][info][gc             ] GC(633) Pause Full (System.gc()) 746M->149M(554M) 55.321ms
[149.743s][info][gc,cpu         ] GC(633) User=1.09s Sys=0.00s Real=0.06s
[149.774s][info][gc,start       ] GC(634) Pause Young (Concurrent Start) (G1 Humongous Allocation)
[149.774s][info][gc,task        ] GC(634) Using 18 workers of 33 for evacuation
[149.776s][info][gc,phases      ] GC(634)   Pre Evacuate Collection Set: 0.3ms
[149.776s][info][gc,phases      ] GC(634)   Merge Heap Roots: 0.1ms
[149.776s][info][gc,phases      ] GC(634)   Evacuate Collection Set: 1.1ms
[149.776s][info][gc,phases      ] GC(634)   Post Evacuate Collection Set: 0.5ms
[149.776s][info][gc,phases      ] GC(634)   Other: 0.2ms
[149.776s][info][gc,heap        ] GC(634) Eden regions: 18->0(307)
[149.776s][info][gc,heap        ] GC(634) Survivor regions: 0->6(38)
[149.776s][info][gc,heap        ] GC(634) Old regions: 156->156
[149.776s][info][gc,heap        ] GC(634) Archive regions: 0->0
[149.776s][info][gc,heap        ] GC(634) Humongous regions: 10->10
[149.776s][info][gc,metaspace   ] GC(634) Metaspace: 68305K(69312K)->68305K(69312K) NonClass: 59855K(60352K)->59855K(60352K) Class: 8450K(8960K)->8450K(8960K)
[149.776s][info][gc             ] GC(634) Pause Young (Concurrent Start) (G1 Humongous Allocation) 167M->155M(554M) 2.744ms
[149.776s][info][gc             ] GC(635) Concurrent Mark Cycle
[149.776s][info][gc,cpu         ] GC(634) User=0.00s Sys=0.00s Real=0.00s
[149.776s][info][gc,marking     ] GC(635) Concurrent Scan Root Regions
[149.777s][info][gc,marking     ] GC(635) Concurrent Scan Root Regions 0.906ms
[149.777s][info][gc,marking     ] GC(635) Concurrent Mark
[149.777s][info][gc,marking     ] GC(635) Concurrent Mark From Roots
[149.777s][info][gc,task        ] GC(635) Using 8 workers of 8 for marking
[149.823s][info][gc,marking     ] GC(635) Concurrent Mark From Roots 45.964ms
[149.824s][info][gc,marking     ] GC(635) Concurrent Preclean
[149.824s][info][gc,marking     ] GC(635) Concurrent Preclean 0.205ms
[149.824s][info][gc,start       ] GC(635) Pause Remark
[149.826s][info][gc             ] GC(635) Pause Remark 190M->190M(554M) 1.966ms
[149.826s][info][gc,cpu         ] GC(635) User=0.00s Sys=0.00s Real=0.00s
[149.826s][info][gc,marking     ] GC(635) Concurrent Mark 48.646ms
[149.826s][info][gc,marking     ] GC(635) Concurrent Rebuild Remembered Sets and Scrub Regions
[149.839s][info][gc,marking     ] GC(635) Concurrent Rebuild Remembered Sets and Scrub Regions 13.354ms
[149.840s][info][gc,start       ] GC(635) Pause Cleanup
[149.840s][info][gc             ] GC(635) Pause Cleanup 214M->214M(554M) 0.179ms
[149.840s][info][gc,cpu         ] GC(635) User=0.00s Sys=0.00s Real=0.00s
[149.840s][info][gc,marking     ] GC(635) Concurrent Clear Claimed Marks
[149.840s][info][gc,marking     ] GC(635) Concurrent Clear Claimed Marks 0.112ms
[149.840s][info][gc,marking     ] GC(635) Concurrent Cleanup for Next Mark
[149.840s][info][gc,marking     ] GC(635) Concurrent Cleanup for Next Mark 0.348ms
[149.840s][info][gc             ] GC(635) Concurrent Mark Cycle 64.053ms
[149.971s][info][gc,start       ] GC(636) Pause Young (Prepare Mixed) (G1 Evacuation Pause)
[149.971s][info][gc,task        ] GC(636) Using 15 workers of 33 for evacuation
[150.003s][info][gc,phases      ] GC(636)   Pre Evacuate Collection Set: 0.2ms
[150.003s][info][gc,phases      ] GC(636)   Merge Heap Roots: 0.2ms
[150.003s][info][gc,phases      ] GC(636)   Evacuate Collection Set: 31.3ms
[150.003s][info][gc,phases      ] GC(636)   Post Evacuate Collection Set: 0.5ms
[150.004s][info][gc,phases      ] GC(636)   Other: 0.2ms
[150.004s][info][gc,heap        ] GC(636) Eden regions: 307->0(225)
[150.004s][info][gc,heap        ] GC(636) Survivor regions: 6->40(40)
[150.004s][info][gc,heap        ] GC(636) Old regions: 156->198
[150.004s][info][gc,heap        ] GC(636) Archive regions: 0->0
[150.004s][info][gc,heap        ] GC(636) Humongous regions: 43->38
[150.004s][info][gc,metaspace   ] GC(636) Metaspace: 68305K(69312K)->68305K(69312K) NonClass: 59855K(60352K)->59855K(60352K) Class: 8450K(8960K)->8450K(8960K)
[150.004s][info][gc             ] GC(636) Pause Young (Prepare Mixed) (G1 Evacuation Pause) 495M->259M(594M) 32.638ms
[150.004s][info][gc,cpu         ] GC(636) User=0.42s Sys=0.05s Real=0.03s
[150.117s][info][gc,start       ] GC(637) Pause Young (Mixed) (G1 Evacuation Pause)
[150.118s][info][gc,task        ] GC(637) Using 14 workers of 33 for evacuation
[150.155s][info][gc,phases      ] GC(637)   Pre Evacuate Collection Set: 0.2ms
[150.155s][info][gc,phases      ] GC(637)   Merge Heap Roots: 0.3ms
[150.155s][info][gc,phases      ] GC(637)   Evacuate Collection Set: 35.9ms
[150.155s][info][gc,phases      ] GC(637)   Post Evacuate Collection Set: 0.4ms
[150.155s][info][gc,phases      ] GC(637)   Other: 0.2ms
[150.155s][info][gc,heap        ] GC(637) Eden regions: 225->0(197)
[150.155s][info][gc,heap        ] GC(637) Survivor regions: 40->29(34)
[150.155s][info][gc,heap        ] GC(637) Old regions: 198->238
[150.155s][info][gc,heap        ] GC(637) Archive regions: 0->0
[150.155s][info][gc,heap        ] GC(637) Humongous regions: 58->58
[150.155s][info][gc,metaspace   ] GC(637) Metaspace: 68305K(69312K)->68305K(69312K) NonClass: 59855K(60352K)->59855K(60352K) Class: 8450K(8960K)->8450K(8960K)
[150.155s][info][gc             ] GC(637) Pause Young (Mixed) (G1 Evacuation Pause) 504M->311M(594M) 37.534ms
[150.155s][info][gc,cpu         ] GC(637) User=0.66s Sys=0.00s Real=0.05s
[150.258s][info][gc,start       ] GC(638) Pause Young (Concurrent Start) (G1 Humongous Allocation)
[150.258s][info][gc,task        ] GC(638) Using 14 workers of 33 for evacuation
[150.285s][info][gc,phases      ] GC(638)   Pre Evacuate Collection Set: 0.4ms
[150.285s][info][gc,phases      ] GC(638)   Merge Heap Roots: 0.2ms
[150.285s][info][gc,phases      ] GC(638)   Evacuate Collection Set: 25.3ms
[150.285s][info][gc,phases      ] GC(638)   Post Evacuate Collection Set: 0.5ms
[150.285s][info][gc,phases      ] GC(638)   Other: 0.2ms
[150.285s][info][gc,heap        ] GC(638) Eden regions: 196->0(188)
[150.285s][info][gc,heap        ] GC(638) Survivor regions: 29->20(29)
[150.285s][info][gc,heap        ] GC(638) Old regions: 238->266
[150.285s][info][gc,heap        ] GC(638) Archive regions: 0->0
[150.285s][info][gc,heap        ] GC(638) Humongous regions: 58->58
[150.285s][info][gc,metaspace   ] GC(638) Metaspace: 68305K(69312K)->68305K(69312K) NonClass: 59855K(60352K)->59855K(60352K) Class: 8450K(8960K)->8450K(8960K)
[150.285s][info][gc             ] GC(638) Pause Young (Concurrent Start) (G1 Humongous Allocation) 507M->329M(594M) 27.062ms
[150.285s][info][gc             ] GC(639) Concurrent Mark Cycle
[150.286s][info][gc,cpu         ] GC(638) User=0.44s Sys=0.00s Real=0.03s
[150.286s][info][gc,marking     ] GC(639) Concurrent Scan Root Regions
[150.290s][info][gc,marking     ] GC(639) Concurrent Scan Root Regions 4.787ms
[150.290s][info][gc,marking     ] GC(639) Concurrent Mark
[150.290s][info][gc,marking     ] GC(639) Concurrent Mark From Roots
[150.290s][info][gc,task        ] GC(639) Using 8 workers of 8 for marking
[150.347s][info][gc,marking     ] GC(639) Concurrent Mark From Roots 57.079ms
[150.348s][info][gc,marking     ] GC(639) Concurrent Preclean
[150.348s][info][gc,marking     ] GC(639) Concurrent Preclean 0.155ms
[150.348s][info][gc,start       ] GC(639) Pause Remark
[150.350s][info][gc             ] GC(639) Pause Remark 405M->381M(660M) 2.269ms
[150.350s][info][gc,cpu         ] GC(639) User=0.00s Sys=0.00s Real=0.00s
[150.350s][info][gc,marking     ] GC(639) Concurrent Mark 59.813ms
[150.350s][info][gc,marking     ] GC(639) Concurrent Rebuild Remembered Sets and Scrub Regions
[150.387s][info][gc,marking     ] GC(639) Concurrent Rebuild Remembered Sets and Scrub Regions 37.186ms
[150.388s][info][gc,start       ] GC(639) Pause Cleanup
[150.388s][info][gc             ] GC(639) Pause Cleanup 429M->429M(660M) 0.226ms
[150.388s][info][gc,cpu         ] GC(639) User=0.00s Sys=0.00s Real=0.00s
[150.388s][info][gc,marking     ] GC(639) Concurrent Clear Claimed Marks
[150.388s][info][gc,marking     ] GC(639) Concurrent Clear Claimed Marks 0.081ms
[150.388s][info][gc,marking     ] GC(639) Concurrent Cleanup for Next Mark
[150.389s][info][gc,marking     ] GC(639) Concurrent Cleanup for Next Mark 0.620ms
[150.389s][info][gc             ] GC(639) Concurrent Mark Cycle 103.131ms
[150.437s][info][gc,start       ] GC(640) Pause Young (Prepare Mixed) (G1 Evacuation Pause)
[150.437s][info][gc,task        ] GC(640) Using 15 workers of 33 for evacuation
[150.461s][info][gc,phases      ] GC(640)   Pre Evacuate Collection Set: 0.2ms
[150.461s][info][gc,phases      ] GC(640)   Merge Heap Roots: 0.5ms
[150.461s][info][gc,phases      ] GC(640)   Evacuate Collection Set: 22.9ms
[150.461s][info][gc,phases      ] GC(640)   Post Evacuate Collection Set: 0.5ms
[150.461s][info][gc,phases      ] GC(640)   Other: 0.2ms
[150.461s][info][gc,heap        ] GC(640) Eden regions: 188->0(234)
[150.461s][info][gc,heap        ] GC(640) Survivor regions: 20->17(26)
[150.461s][info][gc,heap        ] GC(640) Old regions: 266->286
[150.461s][info][gc,heap        ] GC(640) Archive regions: 0->0
[150.461s][info][gc,heap        ] GC(640) Humongous regions: 49->49
[150.461s][info][gc,metaspace   ] GC(640) Metaspace: 68305K(69312K)->68305K(69312K) NonClass: 59855K(60352K)->59855K(60352K) Class: 8450K(8960K)->8450K(8960K)
[150.461s][info][gc             ] GC(640) Pause Young (Prepare Mixed) (G1 Evacuation Pause) 508M->337M(660M) 24.924ms
[150.462s][info][gc,cpu         ] GC(640) User=0.23s Sys=0.00s Real=0.01s
[150.605s][info][gc,start       ] GC(641) Pause Young (Mixed) (G1 Evacuation Pause)
[150.605s][info][gc,task        ] GC(641) Using 15 workers of 33 for evacuation
[150.625s][info][gc,phases      ] GC(641)   Pre Evacuate Collection Set: 0.2ms
[150.625s][info][gc,phases      ] GC(641)   Merge Heap Roots: 0.2ms
[150.625s][info][gc,phases      ] GC(641)   Evacuate Collection Set: 18.2ms
[150.625s][info][gc,phases      ] GC(641)   Post Evacuate Collection Set: 1.2ms
[150.625s][info][gc,phases      ] GC(641)   Other: 0.1ms
[150.625s][info][gc,heap        ] GC(641) Eden regions: 234->0(306)
[150.625s][info][gc,heap        ] GC(641) Survivor regions: 17->30(32)
[150.625s][info][gc,heap        ] GC(641) Old regions: 286->284
[150.625s][info][gc,heap        ] GC(641) Archive regions: 0->0
[150.625s][info][gc,heap        ] GC(641) Humongous regions: 49->49
[150.625s][info][gc,metaspace   ] GC(641) Metaspace: 68305K(69312K)->68305K(69312K) NonClass: 59855K(60352K)->59855K(60352K) Class: 8450K(8960K)->8450K(8960K)
[150.625s][info][gc             ] GC(641) Pause Young (Mixed) (G1 Evacuation Pause) 571M->352M(758M) 20.174ms
[150.625s][info][gc,cpu         ] GC(641) User=0.23s Sys=0.00s Real=0.02s
[150.781s][info][gc,start       ] GC(642) Pause Young (Concurrent Start) (G1 Humongous Allocation)
[150.782s][info][gc,task        ] GC(642) Using 18 workers of 33 for evacuation
[150.805s][info][gc,phases      ] GC(642)   Pre Evacuate Collection Set: 0.3ms
[150.805s][info][gc,phases      ] GC(642)   Merge Heap Roots: 0.2ms
[150.805s][info][gc,phases      ] GC(642)   Evacuate Collection Set: 22.5ms
[150.805s][info][gc,phases      ] GC(642)   Post Evacuate Collection Set: 0.5ms
[150.805s][info][gc,phases      ] GC(642)   Other: 0.2ms
[150.805s][info][gc,heap        ] GC(642) Eden regions: 270->0(301)
[150.805s][info][gc,heap        ] GC(642) Survivor regions: 30->34(42)
[150.805s][info][gc,heap        ] GC(642) Old regions: 284->295
[150.805s][info][gc,heap        ] GC(642) Archive regions: 0->0
[150.805s][info][gc,heap        ] GC(642) Humongous regions: 49->49
[150.805s][info][gc,metaspace   ] GC(642) Metaspace: 68305K(69312K)->68305K(69312K) NonClass: 59855K(60352K)->59855K(60352K) Class: 8450K(8960K)->8450K(8960K)
[150.806s][info][gc             ] GC(642) Pause Young (Concurrent Start) (G1 Humongous Allocation) 622M->367M(758M) 24.095ms
[150.806s][info][gc             ] GC(643) Concurrent Mark Cycle
[150.806s][info][gc,cpu         ] GC(642) User=0.28s Sys=0.00s Real=0.02s
[150.806s][info][gc,marking     ] GC(643) Concurrent Scan Root Regions
[150.811s][info][gc,marking     ] GC(643) Concurrent Scan Root Regions 4.949ms
[150.811s][info][gc,marking     ] GC(643) Concurrent Mark
[150.811s][info][gc,marking     ] GC(643) Concurrent Mark From Roots
[150.811s][info][gc,task        ] GC(643) Using 8 workers of 8 for marking
[150.894s][info][gc,marking     ] GC(643) Concurrent Mark From Roots 83.104ms
[150.894s][info][gc,marking     ] GC(643) Concurrent Preclean
[150.894s][info][gc,marking     ] GC(643) Concurrent Preclean 0.243ms
[150.894s][info][gc,start       ] GC(643) Pause Remark
[150.897s][info][gc             ] GC(643) Pause Remark 463M->448M(767M) 2.266ms
[150.897s][info][gc,cpu         ] GC(643) User=0.00s Sys=0.00s Real=0.00s
[150.897s][info][gc,marking     ] GC(643) Concurrent Mark 86.038ms
[150.897s][info][gc,marking     ] GC(643) Concurrent Rebuild Remembered Sets and Scrub Regions
[150.949s][info][gc,marking     ] GC(643) Concurrent Rebuild Remembered Sets and Scrub Regions 51.820ms
[150.949s][info][gc,start       ] GC(643) Pause Cleanup
[150.949s][info][gc             ] GC(643) Pause Cleanup 472M->472M(767M) 0.377ms
[150.949s][info][gc,cpu         ] GC(643) User=0.00s Sys=0.00s Real=0.00s
[150.949s][info][gc,marking     ] GC(643) Concurrent Clear Claimed Marks
[150.949s][info][gc,marking     ] GC(643) Concurrent Clear Claimed Marks 0.116ms
[150.949s][info][gc,marking     ] GC(643) Concurrent Cleanup for Next Mark
[150.950s][info][gc,marking     ] GC(643) Concurrent Cleanup for Next Mark 0.754ms
[150.950s][info][gc             ] GC(643) Concurrent Mark Cycle 144.589ms
[151.311s][info][gc,start       ] GC(644) Pause Young (Prepare Mixed) (G1 Evacuation Pause)
[151.311s][info][gc,task        ] GC(644) Using 18 workers of 33 for evacuation
[151.345s][info][gc,phases      ] GC(644)   Pre Evacuate Collection Set: 0.2ms
[151.345s][info][gc,phases      ] GC(644)   Merge Heap Roots: 0.6ms
[151.345s][info][gc,phases      ] GC(644)   Evacuate Collection Set: 32.1ms
[151.345s][info][gc,phases      ] GC(644)   Post Evacuate Collection Set: 0.6ms
[151.345s][info][gc,phases      ] GC(644)   Other: 0.2ms
[151.345s][info][gc,heap        ] GC(644) Eden regions: 301->0(302)
[151.345s][info][gc,heap        ] GC(644) Survivor regions: 34->32(42)
[151.345s][info][gc,heap        ] GC(644) Old regions: 292->305
[151.345s][info][gc,heap        ] GC(644) Archive regions: 0->0
[151.345s][info][gc,heap        ] GC(644) Humongous regions: 57->57
[151.345s][info][gc,metaspace   ] GC(644) Metaspace: 68306K(69312K)->68306K(69312K) NonClass: 59855K(60352K)->59855K(60352K) Class: 8450K(8960K)->8450K(8960K)
[151.345s][info][gc             ] GC(644) Pause Young (Prepare Mixed) (G1 Evacuation Pause) 673M->383M(767M) 34.002ms
[151.345s][info][gc,cpu         ] GC(644) User=0.56s Sys=0.00s Real=0.03s
[152.356s][info][gc,start       ] GC(645) Pause Young (Mixed) (G1 Evacuation Pause)
[152.356s][info][gc,task        ] GC(645) Using 18 workers of 33 for evacuation
[152.401s][info][gc,phases      ] GC(645)   Pre Evacuate Collection Set: 0.2ms
[152.401s][info][gc,phases      ] GC(645)   Merge Heap Roots: 0.5ms
[152.401s][info][gc,phases      ] GC(645)   Evacuate Collection Set: 43.4ms
[152.401s][info][gc,phases      ] GC(645)   Post Evacuate Collection Set: 0.6ms
[152.401s][info][gc,phases      ] GC(645)   Other: 0.1ms
[152.401s][info][gc,heap        ] GC(645) Eden regions: 302->0(269)
[152.401s][info][gc,heap        ] GC(645) Survivor regions: 32->42(42)
[152.401s][info][gc,heap        ] GC(645) Old regions: 305->312
[152.401s][info][gc,heap        ] GC(645) Archive regions: 0->0
[152.401s][info][gc,heap        ] GC(645) Humongous regions: 91->86
[152.401s][info][gc,metaspace   ] GC(645) Metaspace: 68307K(69312K)->68307K(69312K) NonClass: 59856K(60352K)->59856K(60352K) Class: 8450K(8960K)->8450K(8960K)
[152.401s][info][gc             ] GC(645) Pause Young (Mixed) (G1 Evacuation Pause) 719M->435M(792M) 45.105ms
[152.401s][info][gc,cpu         ] GC(645) User=0.84s Sys=0.00s Real=0.05s
[152.509s][info][gc,start       ] GC(646) Pause Young (Concurrent Start) (G1 Humongous Allocation)
[152.509s][info][gc,task        ] GC(646) Using 19 workers of 33 for evacuation
[152.541s][info][gc,phases      ] GC(646)   Pre Evacuate Collection Set: 0.3ms
[152.541s][info][gc,phases      ] GC(646)   Merge Heap Roots: 0.3ms
[152.541s][info][gc,phases      ] GC(646)   Evacuate Collection Set: 31.1ms
[152.541s][info][gc,phases      ] GC(646)   Post Evacuate Collection Set: 0.4ms
[152.541s][info][gc,phases      ] GC(646)   Other: 0.1ms
[152.541s][info][gc,heap        ] GC(646) Eden regions: 89->0(251)
[152.541s][info][gc,heap        ] GC(646) Survivor regions: 42->20(39)
[152.541s][info][gc,heap        ] GC(646) Old regions: 312->351
[152.541s][info][gc,heap        ] GC(646) Archive regions: 0->0
[152.541s][info][gc,heap        ] GC(646) Humongous regions: 86->86
[152.541s][info][gc,metaspace   ] GC(646) Metaspace: 68307K(69312K)->68307K(69312K) NonClass: 59856K(60352K)->59856K(60352K) Class: 8450K(8960K)->8450K(8960K)
[152.541s][info][gc             ] GC(646) Pause Young (Concurrent Start) (G1 Humongous Allocation) 524M->452M(792M) 32.369ms
[152.541s][info][gc             ] GC(647) Concurrent Mark Cycle
[152.541s][info][gc,cpu         ] GC(646) User=0.59s Sys=0.00s Real=0.03s
[152.541s][info][gc,marking     ] GC(647) Concurrent Scan Root Regions
[152.547s][info][gc,marking     ] GC(647) Concurrent Scan Root Regions 6.325ms
[152.547s][info][gc,marking     ] GC(647) Concurrent Mark
[152.547s][info][gc,marking     ] GC(647) Concurrent Mark From Roots
[152.547s][info][gc,task        ] GC(647) Using 8 workers of 8 for marking
[152.580s][info][gc,marking     ] GC(647) Concurrent Mark From Roots 32.312ms
[152.580s][info][gc,marking     ] GC(647) Concurrent Preclean
[152.580s][info][gc,marking     ] GC(647) Concurrent Preclean 0.199ms
[152.580s][info][gc,start       ] GC(647) Pause Remark
[152.582s][info][gc             ] GC(647) Pause Remark 523M->318M(792M) 2.065ms
[152.582s][info][gc,cpu         ] GC(647) User=0.00s Sys=0.00s Real=0.00s
[152.582s][info][gc,marking     ] GC(647) Concurrent Mark 34.900ms
[152.582s][info][gc,marking     ] GC(647) Concurrent Rebuild Remembered Sets and Scrub Regions
[152.602s][info][gc,marking     ] GC(647) Concurrent Rebuild Remembered Sets and Scrub Regions 19.715ms
[152.602s][info][gc,start       ] GC(647) Pause Cleanup
[152.602s][info][gc             ] GC(647) Pause Cleanup 356M->356M(792M) 0.216ms
[152.602s][info][gc,cpu         ] GC(647) User=0.00s Sys=0.00s Real=0.00s
[152.602s][info][gc,marking     ] GC(647) Concurrent Clear Claimed Marks
[152.603s][info][gc,marking     ] GC(647) Concurrent Clear Claimed Marks 0.084ms
[152.603s][info][gc,marking     ] GC(647) Concurrent Cleanup for Next Mark
[152.603s][info][gc,marking     ] GC(647) Concurrent Cleanup for Next Mark 0.577ms
[152.603s][info][gc             ] GC(647) Concurrent Mark Cycle 62.221ms
[152.674s][info][gc,start       ] GC(648) Pause Young (Prepare Mixed) (G1 Evacuation Pause)
[152.674s][info][gc,task        ] GC(648) Using 19 workers of 33 for evacuation
[152.705s][info][gc,phases      ] GC(648)   Pre Evacuate Collection Set: 0.2ms
[152.705s][info][gc,phases      ] GC(648)   Merge Heap Roots: 0.2ms
[152.705s][info][gc,phases      ] GC(648)   Evacuate Collection Set: 29.9ms
[152.705s][info][gc,phases      ] GC(648)   Post Evacuate Collection Set: 0.5ms
[152.705s][info][gc,phases      ] GC(648)   Other: 0.2ms
[152.705s][info][gc,heap        ] GC(648) Eden regions: 251->0(299)
[152.705s][info][gc,heap        ] GC(648) Survivor regions: 20->34(34)
[152.705s][info][gc,heap        ] GC(648) Old regions: 210->269
[152.705s][info][gc,heap        ] GC(648) Archive regions: 0->0
[152.705s][info][gc,heap        ] GC(648) Humongous regions: 46->46
[152.705s][info][gc,metaspace   ] GC(648) Metaspace: 68307K(69312K)->68307K(69312K) NonClass: 59856K(60352K)->59856K(60352K) Class: 8450K(8960K)->8450K(8960K)
[152.705s][info][gc             ] GC(648) Pause Young (Prepare Mixed) (G1 Evacuation Pause) 522M->344M(792M) 31.300ms
[152.706s][info][gc,cpu         ] GC(648) User=0.59s Sys=0.00s Real=0.03s
[152.855s][info][gc,start       ] GC(649) Pause Young (Mixed) (G1 Evacuation Pause)
[152.855s][info][gc,task        ] GC(649) Using 19 workers of 33 for evacuation
[152.889s][info][gc,phases      ] GC(649)   Pre Evacuate Collection Set: 0.2ms
[152.889s][info][gc,phases      ] GC(649)   Merge Heap Roots: 0.4ms
[152.889s][info][gc,phases      ] GC(649)   Evacuate Collection Set: 33.1ms
[152.889s][info][gc,phases      ] GC(649)   Post Evacuate Collection Set: 0.5ms
[152.889s][info][gc,phases      ] GC(649)   Other: 0.2ms
[152.889s][info][gc,heap        ] GC(649) Eden regions: 299->0(265)
[152.889s][info][gc,heap        ] GC(649) Survivor regions: 34->36(42)
[152.889s][info][gc,heap        ] GC(649) Old regions: 269->303
[152.889s][info][gc,heap        ] GC(649) Archive regions: 0->0
[152.889s][info][gc,heap        ] GC(649) Humongous regions: 70->70
[152.889s][info][gc,metaspace   ] GC(649) Metaspace: 68307K(69312K)->68307K(69312K) NonClass: 59856K(60352K)->59856K(60352K) Class: 8450K(8960K)->8450K(8960K)
[152.889s][info][gc             ] GC(649) Pause Young (Mixed) (G1 Evacuation Pause) 667M->404M(792M) 34.619ms
[152.889s][info][gc,cpu         ] GC(649) User=0.59s Sys=0.00s Real=0.03s
[152.953s][info][gc,start       ] GC(650) Pause Young (Concurrent Start) (G1 Humongous Allocation)
[152.954s][info][gc,task        ] GC(650) Using 19 workers of 33 for evacuation
[152.978s][info][gc,phases      ] GC(650)   Pre Evacuate Collection Set: 0.3ms
[152.978s][info][gc,phases      ] GC(650)   Merge Heap Roots: 0.1ms
[152.978s][info][gc,phases      ] GC(650)   Evacuate Collection Set: 22.8ms
[152.978s][info][gc,phases      ] GC(650)   Post Evacuate Collection Set: 0.8ms
[152.978s][info][gc,phases      ] GC(650)   Other: 0.1ms
[152.978s][info][gc,heap        ] GC(650) Eden regions: 121->0(299)
[152.978s][info][gc,heap        ] GC(650) Survivor regions: 36->16(38)
[152.978s][info][gc,heap        ] GC(650) Old regions: 303->338
[152.978s][info][gc,heap        ] GC(650) Archive regions: 0->0
[152.978s][info][gc,heap        ] GC(650) Humongous regions: 70->70
[152.978s][info][gc,metaspace   ] GC(650) Metaspace: 68307K(69312K)->68307K(69312K) NonClass: 59856K(60352K)->59856K(60352K) Class: 8450K(8960K)->8450K(8960K)
[152.978s][info][gc             ] GC(650) Pause Young (Concurrent Start) (G1 Humongous Allocation) 524M->419M(839M) 24.560ms
[152.978s][info][gc             ] GC(651) Concurrent Mark Cycle
[152.978s][info][gc,cpu         ] GC(650) User=0.31s Sys=0.00s Real=0.03s
[152.978s][info][gc,marking     ] GC(651) Concurrent Scan Root Regions
[152.983s][info][gc,marking     ] GC(651) Concurrent Scan Root Regions 4.914ms
[152.983s][info][gc,marking     ] GC(651) Concurrent Mark
[152.983s][info][gc,marking     ] GC(651) Concurrent Mark From Roots
[152.983s][info][gc,task        ] GC(651) Using 8 workers of 8 for marking
[153.040s][info][gc,marking     ] GC(651) Concurrent Mark From Roots 56.529ms
[153.040s][info][gc,marking     ] GC(651) Concurrent Preclean
[153.040s][info][gc,marking     ] GC(651) Concurrent Preclean 0.169ms
[153.040s][info][gc,start       ] GC(651) Pause Remark
[153.042s][info][gc             ] GC(651) Pause Remark 509M->472M(839M) 1.927ms
[153.042s][info][gc,cpu         ] GC(651) User=0.00s Sys=0.00s Real=0.00s
[153.042s][info][gc,marking     ] GC(651) Concurrent Mark 58.951ms
[153.042s][info][gc,marking     ] GC(651) Concurrent Rebuild Remembered Sets and Scrub Regions
[153.083s][info][gc,marking     ] GC(651) Concurrent Rebuild Remembered Sets and Scrub Regions 40.478ms
[153.083s][info][gc,start       ] GC(651) Pause Cleanup
[153.083s][info][gc             ] GC(651) Pause Cleanup 532M->532M(839M) 0.331ms
[153.083s][info][gc,cpu         ] GC(651) User=0.00s Sys=0.00s Real=0.00s
[153.083s][info][gc,marking     ] GC(651) Concurrent Clear Claimed Marks
[153.083s][info][gc,marking     ] GC(651) Concurrent Clear Claimed Marks 0.114ms
[153.083s][info][gc,marking     ] GC(651) Concurrent Cleanup for Next Mark
[153.084s][info][gc,marking     ] GC(651) Concurrent Cleanup for Next Mark 0.737ms
[153.084s][info][gc             ] GC(651) Concurrent Mark Cycle 106.064ms
[153.167s][info][gc,start       ] GC(652) Pause Young (Prepare Mixed) (G1 Evacuation Pause)
[153.167s][info][gc,task        ] GC(652) Using 20 workers of 33 for evacuation
[153.191s][info][gc,phases      ] GC(652)   Pre Evacuate Collection Set: 0.2ms
[153.191s][info][gc,phases      ] GC(652)   Merge Heap Roots: 0.8ms
[153.191s][info][gc,phases      ] GC(652)   Evacuate Collection Set: 22.5ms
[153.191s][info][gc,phases      ] GC(652)   Post Evacuate Collection Set: 0.5ms
[153.191s][info][gc,phases      ] GC(652)   Other: 0.2ms
[153.191s][info][gc,heap        ] GC(652) Eden regions: 299->0(303)
[153.191s][info][gc,heap        ] GC(652) Survivor regions: 16->40(40)
[153.191s][info][gc,heap        ] GC(652) Old regions: 337->337
[153.191s][info][gc,heap        ] GC(652) Archive regions: 0->0
[153.191s][info][gc,heap        ] GC(652) Humongous regions: 54->54
[153.191s][info][gc,metaspace   ] GC(652) Metaspace: 68307K(69312K)->68307K(69312K) NonClass: 59856K(60352K)->59856K(60352K) Class: 8450K(8960K)->8450K(8960K)
[153.191s][info][gc             ] GC(652) Pause Young (Prepare Mixed) (G1 Evacuation Pause) 701M->426M(839M) 24.516ms
[153.191s][info][gc,cpu         ] GC(652) User=0.63s Sys=0.00s Real=0.03s
[153.341s][info][gc,start       ] GC(653) Pause Young (Mixed) (G1 Evacuation Pause)
[153.341s][info][gc,task        ] GC(653) Using 20 workers of 33 for evacuation
[153.373s][info][gc,phases      ] GC(653)   Pre Evacuate Collection Set: 0.2ms
[153.373s][info][gc,phases      ] GC(653)   Merge Heap Roots: 0.2ms
[153.373s][info][gc,phases      ] GC(653)   Evacuate Collection Set: 31.3ms
[153.373s][info][gc,phases      ] GC(653)   Post Evacuate Collection Set: 0.5ms
[153.373s][info][gc,phases      ] GC(653)   Other: 0.2ms
[153.373s][info][gc,heap        ] GC(653) Eden regions: 303->0(333)
[153.373s][info][gc,heap        ] GC(653) Survivor regions: 40->25(43)
[153.373s][info][gc,heap        ] GC(653) Old regions: 337->325
[153.374s][info][gc,heap        ] GC(653) Archive regions: 0->0
[153.374s][info][gc,heap        ] GC(653) Humongous regions: 54->54
[153.374s][info][gc,metaspace   ] GC(653) Metaspace: 68307K(69312K)->68307K(69312K) NonClass: 59856K(60352K)->59856K(60352K) Class: 8450K(8960K)->8450K(8960K)
[153.374s][info][gc             ] GC(653) Pause Young (Mixed) (G1 Evacuation Pause) 729M->399M(839M) 32.706ms
[153.374s][info][gc,cpu         ] GC(653) User=0.63s Sys=0.00s Real=0.03s
[153.527s][info][gc,start       ] GC(654) Pause Young (Concurrent Start) (G1 Humongous Allocation)
[153.527s][info][gc,task        ] GC(654) Using 20 workers of 33 for evacuation
[153.548s][info][gc,phases      ] GC(654)   Pre Evacuate Collection Set: 0.3ms
[153.548s][info][gc,phases      ] GC(654)   Merge Heap Roots: 0.2ms
[153.548s][info][gc,phases      ] GC(654)   Evacuate Collection Set: 20.3ms
[153.548s][info][gc,phases      ] GC(654)   Post Evacuate Collection Set: 0.5ms
[153.548s][info][gc,phases      ] GC(654)   Other: 0.2ms
[153.548s][info][gc,heap        ] GC(654) Eden regions: 214->0(332)
[153.548s][info][gc,heap        ] GC(654) Survivor regions: 25->37(45)
[153.548s][info][gc,heap        ] GC(654) Old regions: 325->325
[153.548s][info][gc,heap        ] GC(654) Archive regions: 0->0
[153.548s][info][gc,heap        ] GC(654) Humongous regions: 54->54
[153.548s][info][gc,metaspace   ] GC(654) Metaspace: 68307K(69312K)->68307K(69312K) NonClass: 59856K(60352K)->59856K(60352K) Class: 8450K(8960K)->8450K(8960K)
[153.548s][info][gc             ] GC(654) Pause Young (Concurrent Start) (G1 Humongous Allocation) 612M->411M(839M) 21.862ms
[153.548s][info][gc             ] GC(655) Concurrent Mark Cycle
[153.548s][info][gc,cpu         ] GC(654) User=0.63s Sys=0.00s Real=0.03s
[153.548s][info][gc,marking     ] GC(655) Concurrent Scan Root Regions
[153.555s][info][gc,marking     ] GC(655) Concurrent Scan Root Regions 6.260ms
[153.555s][info][gc,marking     ] GC(655) Concurrent Mark
[153.555s][info][gc,marking     ] GC(655) Concurrent Mark From Roots
[153.555s][info][gc,task        ] GC(655) Using 8 workers of 8 for marking
[153.614s][info][gc,marking     ] GC(655) Concurrent Mark From Roots 59.311ms
[153.614s][info][gc,marking     ] GC(655) Concurrent Preclean
[153.614s][info][gc,marking     ] GC(655) Concurrent Preclean 0.311ms
[153.615s][info][gc,start       ] GC(655) Pause Remark
[153.617s][info][gc             ] GC(655) Pause Remark 413M->318M(839M) 1.866ms
[153.617s][info][gc,cpu         ] GC(655) User=0.00s Sys=0.00s Real=0.00s
[153.617s][info][gc,marking     ] GC(655) Concurrent Mark 61.849ms
[153.617s][info][gc,marking     ] GC(655) Concurrent Rebuild Remembered Sets and Scrub Regions
[153.652s][info][gc,marking     ] GC(655) Concurrent Rebuild Remembered Sets and Scrub Regions 35.205ms
[153.652s][info][gc,start       ] GC(655) Pause Cleanup
[153.652s][info][gc             ] GC(655) Pause Cleanup 321M->321M(839M) 0.369ms
[153.653s][info][gc,cpu         ] GC(655) User=0.00s Sys=0.00s Real=0.00s
[153.653s][info][gc,marking     ] GC(655) Concurrent Clear Claimed Marks
[153.653s][info][gc,marking     ] GC(655) Concurrent Clear Claimed Marks 0.113ms
[153.653s][info][gc,marking     ] GC(655) Concurrent Cleanup for Next Mark
[153.653s][info][gc,marking     ] GC(655) Concurrent Cleanup for Next Mark 0.550ms
[153.653s][info][gc             ] GC(655) Concurrent Mark Cycle 104.888ms
[154.426s][info][gc,start       ] GC(656) Pause Young (Prepare Mixed) (G1 Evacuation Pause)
[154.426s][info][gc,task        ] GC(656) Using 20 workers of 33 for evacuation
[154.478s][info][gc,phases      ] GC(656)   Pre Evacuate Collection Set: 0.2ms
[154.478s][info][gc,phases      ] GC(656)   Merge Heap Roots: 0.6ms
[154.478s][info][gc,phases      ] GC(656)   Evacuate Collection Set: 50.6ms
[154.478s][info][gc,phases      ] GC(656)   Post Evacuate Collection Set: 0.7ms
[154.478s][info][gc,phases      ] GC(656)   Other: 0.1ms
[154.478s][info][gc,heap        ] GC(656) Eden regions: 332->0(316)
[154.478s][info][gc,heap        ] GC(656) Survivor regions: 37->47(47)
[154.478s][info][gc,heap        ] GC(656) Old regions: 254->286
[154.478s][info][gc,heap        ] GC(656) Archive regions: 0->0
[154.478s][info][gc,heap        ] GC(656) Humongous regions: 96->86
[154.478s][info][gc,metaspace   ] GC(656) Metaspace: 68325K(69376K)->68325K(69376K) NonClass: 59873K(60416K)->59873K(60416K) Class: 8451K(8960K)->8451K(8960K)
[154.478s][info][gc             ] GC(656) Pause Young (Prepare Mixed) (G1 Evacuation Pause) 714M->415M(839M) 52.408ms
[154.478s][info][gc,cpu         ] GC(656) User=1.25s Sys=0.00s Real=0.06s
[154.812s][info][gc,start       ] GC(657) Pause Young (Mixed) (G1 Evacuation Pause)
[154.812s][info][gc,task        ] GC(657) Using 20 workers of 33 for evacuation
[154.866s][info][gc,phases      ] GC(657)   Pre Evacuate Collection Set: 0.2ms
[154.866s][info][gc,phases      ] GC(657)   Merge Heap Roots: 0.7ms
[154.866s][info][gc,phases      ] GC(657)   Evacuate Collection Set: 52.8ms
[154.866s][info][gc,phases      ] GC(657)   Post Evacuate Collection Set: 0.6ms
[154.866s][info][gc,phases      ] GC(657)   Other: 0.1ms
[154.866s][info][gc,heap        ] GC(657) Eden regions: 316->0(280)
[154.866s][info][gc,heap        ] GC(657) Survivor regions: 47->46(46)
[154.866s][info][gc,heap        ] GC(657) Old regions: 286->320
[154.866s][info][gc,heap        ] GC(657) Archive regions: 0->0
[154.866s][info][gc,heap        ] GC(657) Humongous regions: 127->122
[154.866s][info][gc,metaspace   ] GC(657) Metaspace: 68352K(69376K)->68352K(69376K) NonClass: 59900K(60416K)->59900K(60416K) Class: 8452K(8960K)->8452K(8960K)
[154.866s][info][gc             ] GC(657) Pause Young (Mixed) (G1 Evacuation Pause) 772M->484M(876M) 54.658ms
[154.866s][info][gc,cpu         ] GC(657) User=1.20s Sys=0.05s Real=0.06s
[155.137s][info][gc,start       ] GC(658) Pause Young (Concurrent Start) (G1 Humongous Allocation)
[155.137s][info][gc,task        ] GC(658) Using 21 workers of 33 for evacuation
[155.164s][info][gc,phases      ] GC(658)   Pre Evacuate Collection Set: 0.3ms
[155.164s][info][gc,phases      ] GC(658)   Merge Heap Roots: 0.2ms
[155.164s][info][gc,phases      ] GC(658)   Evacuate Collection Set: 25.0ms
[155.164s][info][gc,phases      ] GC(658)   Post Evacuate Collection Set: 0.5ms
[155.164s][info][gc,phases      ] GC(658)   Other: 0.2ms
[155.164s][info][gc,heap        ] GC(658) Eden regions: 165->0(269)
[155.164s][info][gc,heap        ] GC(658) Survivor regions: 46->11(41)
[155.164s][info][gc,heap        ] GC(658) Old regions: 320->366
[155.164s][info][gc,heap        ] GC(658) Archive regions: 0->0
[155.164s][info][gc,heap        ] GC(658) Humongous regions: 122->122
[155.164s][info][gc,metaspace   ] GC(658) Metaspace: 68357K(69376K)->68357K(69376K) NonClass: 59905K(60416K)->59905K(60416K) Class: 8452K(8960K)->8452K(8960K)
[155.164s][info][gc             ] GC(658) Pause Young (Concurrent Start) (G1 Humongous Allocation) 648M->494M(876M) 26.585ms
[155.164s][info][gc             ] GC(659) Concurrent Mark Cycle
[155.164s][info][gc,cpu         ] GC(658) User=0.66s Sys=0.00s Real=0.03s
[155.164s][info][gc,marking     ] GC(659) Concurrent Scan Root Regions
[155.167s][info][gc,marking     ] GC(659) Concurrent Scan Root Regions 3.411ms
[155.167s][info][gc,marking     ] GC(659) Concurrent Mark
[155.167s][info][gc,marking     ] GC(659) Concurrent Mark From Roots
[155.167s][info][gc,task        ] GC(659) Using 8 workers of 8 for marking
[155.198s][info][gc,marking     ] GC(659) Concurrent Mark From Roots 30.265ms
[155.198s][info][gc,marking     ] GC(659) Concurrent Preclean
[155.198s][info][gc,marking     ] GC(659) Concurrent Preclean 0.186ms
[155.198s][info][gc,start       ] GC(659) Pause Remark
[155.200s][info][gc             ] GC(659) Pause Remark 516M->278M(876M) 2.016ms
[155.200s][info][gc,cpu         ] GC(659) User=0.00s Sys=0.00s Real=0.00s
[155.200s][info][gc,marking     ] GC(659) Concurrent Mark 32.797ms
[155.200s][info][gc,marking     ] GC(659) Concurrent Rebuild Remembered Sets and Scrub Regions
[155.218s][info][gc,marking     ] GC(659) Concurrent Rebuild Remembered Sets and Scrub Regions 17.803ms
[155.218s][info][gc,start       ] GC(659) Pause Cleanup
[155.218s][info][gc             ] GC(659) Pause Cleanup 308M->308M(876M) 0.275ms
[155.218s][info][gc,cpu         ] GC(659) User=0.00s Sys=0.00s Real=0.00s
[155.218s][info][gc,marking     ] GC(659) Concurrent Clear Claimed Marks
[155.219s][info][gc,marking     ] GC(659) Concurrent Clear Claimed Marks 0.088ms
[155.219s][info][gc,marking     ] GC(659) Concurrent Cleanup for Next Mark
[155.219s][info][gc,marking     ] GC(659) Concurrent Cleanup for Next Mark 0.585ms
[155.219s][info][gc             ] GC(659) Concurrent Mark Cycle 55.375ms
[155.315s][info][gc,start       ] GC(660) Pause Young (Prepare Mixed) (G1 Evacuation Pause)
[155.315s][info][gc,task        ] GC(660) Using 21 workers of 33 for evacuation
[155.332s][info][gc,phases      ] GC(660)   Pre Evacuate Collection Set: 0.2ms
[155.332s][info][gc,phases      ] GC(660)   Merge Heap Roots: 0.2ms
[155.332s][info][gc,phases      ] GC(660)   Evacuate Collection Set: 14.8ms
[155.332s][info][gc,phases      ] GC(660)   Post Evacuate Collection Set: 0.9ms
[155.332s][info][gc,phases      ] GC(660)   Other: 0.2ms
[155.332s][info][gc,heap        ] GC(660) Eden regions: 269->0(419)
[155.332s][info][gc,heap        ] GC(660) Survivor regions: 11->33(35)
[155.332s][info][gc,heap        ] GC(660) Old regions: 240->240
[155.332s][info][gc,heap        ] GC(660) Archive regions: 0->0
[155.332s][info][gc,heap        ] GC(660) Humongous regions: 25->20
[155.332s][info][gc,metaspace   ] GC(660) Metaspace: 68361K(69376K)->68361K(69376K) NonClass: 59908K(60416K)->59908K(60416K) Class: 8452K(8960K)->8452K(8960K)
[155.332s][info][gc             ] GC(660) Pause Young (Prepare Mixed) (G1 Evacuation Pause) 540M->288M(876M) 16.589ms
[155.332s][info][gc,cpu         ] GC(660) User=0.33s Sys=0.00s Real=0.01s
[155.876s][info][gc,start       ] GC(661) Pause Young (Mixed) (G1 Evacuation Pause)
[155.876s][info][gc,task        ] GC(661) Using 21 workers of 33 for evacuation
[155.935s][info][gc,phases      ] GC(661)   Pre Evacuate Collection Set: 0.2ms
[155.935s][info][gc,phases      ] GC(661)   Merge Heap Roots: 0.4ms
[155.935s][info][gc,phases      ] GC(661)   Evacuate Collection Set: 58.2ms
[155.935s][info][gc,phases      ] GC(661)   Post Evacuate Collection Set: 0.7ms
[155.935s][info][gc,phases      ] GC(661)   Other: 0.1ms
[155.935s][info][gc,heap        ] GC(661) Eden regions: 358->0(397)
[155.935s][info][gc,heap        ] GC(661) Survivor regions: 33->49(57)
[155.935s][info][gc,heap        ] GC(661) Old regions: 240->263
[155.935s][info][gc,heap        ] GC(661) Archive regions: 0->0
[155.935s][info][gc,heap        ] GC(661) Humongous regions: 267->130
[155.935s][info][gc,metaspace   ] GC(661) Metaspace: 68361K(69376K)->68361K(69376K) NonClass: 59909K(60416K)->59909K(60416K) Class: 8452K(8960K)->8452K(8960K)
[155.935s][info][gc             ] GC(661) Pause Young (Mixed) (G1 Evacuation Pause) 893M->437M(989M) 59.947ms
[155.936s][info][gc,cpu         ] GC(661) User=0.95s Sys=0.03s Real=0.05s
[155.936s][info][gc,start       ] GC(662) Pause Young (Concurrent Start) (G1 Humongous Allocation)
[155.936s][info][gc,task        ] GC(662) Using 23 workers of 33 for evacuation
[155.954s][info][gc,phases      ] GC(662)   Pre Evacuate Collection Set: 0.2ms
[155.954s][info][gc,phases      ] GC(662)   Merge Heap Roots: 0.1ms
[155.954s][info][gc,phases      ] GC(662)   Evacuate Collection Set: 16.9ms
[155.954s][info][gc,phases      ] GC(662)   Post Evacuate Collection Set: 0.4ms
[155.954s][info][gc,phases      ] GC(662)   Other: 0.1ms
[155.954s][info][gc,heap        ] GC(662) Eden regions: 1->0(419)
[155.954s][info][gc,heap        ] GC(662) Survivor regions: 49->1(56)
[155.954s][info][gc,heap        ] GC(662) Old regions: 263->311
[155.954s][info][gc,heap        ] GC(662) Archive regions: 0->0
[155.954s][info][gc,heap        ] GC(662) Humongous regions: 130->129
[155.954s][info][gc,metaspace   ] GC(662) Metaspace: 68361K(69376K)->68361K(69376K) NonClass: 59909K(60416K)->59909K(60416K) Class: 8452K(8960K)->8452K(8960K)
[155.954s][info][gc             ] GC(662) Pause Young (Concurrent Start) (G1 Humongous Allocation) 437M->437M(989M) 17.891ms
[155.954s][info][gc             ] GC(663) Concurrent Mark Cycle
[155.954s][info][gc,cpu         ] GC(662) User=0.72s Sys=0.00s Real=0.03s
[155.954s][info][gc,marking     ] GC(663) Concurrent Scan Root Regions
[155.960s][info][gc,marking     ] GC(663) Concurrent Scan Root Regions 6.063ms
[155.960s][info][gc,marking     ] GC(663) Concurrent Mark
[155.960s][info][gc,marking     ] GC(663) Concurrent Mark From Roots
[155.960s][info][gc,task        ] GC(663) Using 8 workers of 8 for marking
[155.993s][info][gc,marking     ] GC(663) Concurrent Mark From Roots 32.874ms
[155.993s][info][gc,marking     ] GC(663) Concurrent Preclean
[155.993s][info][gc,marking     ] GC(663) Concurrent Preclean 0.245ms
[155.993s][info][gc,start       ] GC(663) Pause Remark
[155.995s][info][gc             ] GC(663) Pause Remark 549M->444M(989M) 2.200ms
[155.996s][info][gc,cpu         ] GC(663) User=0.00s Sys=0.00s Real=0.00s
[155.996s][info][gc,marking     ] GC(663) Concurrent Mark 35.655ms
[155.996s][info][gc,marking     ] GC(663) Concurrent Rebuild Remembered Sets and Scrub Regions
[156.016s][info][gc,marking     ] GC(663) Concurrent Rebuild Remembered Sets and Scrub Regions 20.560ms
[156.016s][info][gc,start       ] GC(663) Pause Cleanup
[156.017s][info][gc             ] GC(663) Pause Cleanup 485M->485M(989M) 0.318ms
[156.017s][info][gc,cpu         ] GC(663) User=0.00s Sys=0.00s Real=0.00s
[156.017s][info][gc,marking     ] GC(663) Concurrent Clear Claimed Marks
[156.017s][info][gc,marking     ] GC(663) Concurrent Clear Claimed Marks 0.100ms
[156.017s][info][gc,marking     ] GC(663) Concurrent Cleanup for Next Mark
[156.018s][info][gc,marking     ] GC(663) Concurrent Cleanup for Next Mark 0.817ms
[156.018s][info][gc             ] GC(663) Concurrent Mark Cycle 63.964ms
[156.205s][info][gc,start       ] GC(664) Pause Young (Prepare Mixed) (G1 Evacuation Pause)
[156.205s][info][gc,task        ] GC(664) Using 23 workers of 33 for evacuation
[156.237s][info][gc,phases      ] GC(664)   Pre Evacuate Collection Set: 0.2ms
[156.237s][info][gc,phases      ] GC(664)   Merge Heap Roots: 0.5ms
[156.237s][info][gc,phases      ] GC(664)   Evacuate Collection Set: 30.6ms
[156.237s][info][gc,phases      ] GC(664)   Post Evacuate Collection Set: 0.6ms
[156.237s][info][gc,phases      ] GC(664)   Other: 0.2ms
[156.237s][info][gc,heap        ] GC(664) Eden regions: 419->0(418)
[156.237s][info][gc,heap        ] GC(664) Survivor regions: 1->48(53)
[156.237s][info][gc,heap        ] GC(664) Old regions: 273->273
[156.237s][info][gc,heap        ] GC(664) Archive regions: 0->0
[156.237s][info][gc,heap        ] GC(664) Humongous regions: 147->115
[156.238s][info][gc,metaspace   ] GC(664) Metaspace: 68367K(69376K)->68367K(69376K) NonClass: 59915K(60416K)->59915K(60416K) Class: 8452K(8960K)->8452K(8960K)
[156.238s][info][gc             ] GC(664) Pause Young (Prepare Mixed) (G1 Evacuation Pause) 836M->432M(989M) 32.388ms
[156.238s][info][gc,cpu         ] GC(664) User=0.72s Sys=0.00s Real=0.03s
[156.432s][info][gc,start       ] GC(665) Pause Full (System.gc())
[156.432s][info][gc,task        ] GC(665) Using 23 workers of 33 for full compaction
[156.433s][info][gc,phases,start] GC(665) Phase 1: Mark live objects
[156.466s][info][gc,phases      ] GC(665) Phase 1: Mark live objects 32.773ms
[156.466s][info][gc,phases,start] GC(665) Phase 2: Prepare compaction
[156.470s][info][gc,phases      ] GC(665) Phase 2: Prepare compaction 4.163ms
[156.470s][info][gc,phases,start] GC(665) Phase 3: Adjust pointers
[156.479s][info][gc,phases      ] GC(665) Phase 3: Adjust pointers 9.027ms
[156.479s][info][gc,phases,start] GC(665) Phase 4: Compact heap
[156.480s][info][gc,phases      ] GC(665) Phase 4: Compact heap 0.611ms
[156.489s][info][gc,heap        ] GC(665) Eden regions: 340->0(294)
[156.489s][info][gc,heap        ] GC(665) Survivor regions: 48->0(53)
[156.489s][info][gc,heap        ] GC(665) Old regions: 273->156
[156.489s][info][gc,heap        ] GC(665) Archive regions: 0->0
[156.489s][info][gc,heap        ] GC(665) Humongous regions: 118->10
[156.489s][info][gc,metaspace   ] GC(665) Metaspace: 68367K(69376K)->68367K(69376K) NonClass: 59915K(60416K)->59915K(60416K) Class: 8452K(8960K)->8452K(8960K)
[156.489s][info][gc             ] GC(665) Pause Full (System.gc()) 775M->149M(554M) 57.073ms
[156.489s][info][gc,cpu         ] GC(665) User=1.08s Sys=0.00s Real=0.05s
[156.519s][info][gc,start       ] GC(666) Pause Young (Concurrent Start) (G1 Humongous Allocation)
[156.519s][info][gc,task        ] GC(666) Using 18 workers of 33 for evacuation
[156.522s][info][gc,phases      ] GC(666)   Pre Evacuate Collection Set: 0.3ms
[156.522s][info][gc,phases      ] GC(666)   Merge Heap Roots: 0.1ms
[156.522s][info][gc,phases      ] GC(666)   Evacuate Collection Set: 1.2ms
[156.522s][info][gc,phases      ] GC(666)   Post Evacuate Collection Set: 0.5ms
[156.522s][info][gc,phases      ] GC(666)   Other: 0.1ms
[156.522s][info][gc,heap        ] GC(666) Eden regions: 18->0(305)
[156.522s][info][gc,heap        ] GC(666) Survivor regions: 0->6(37)
[156.522s][info][gc,heap        ] GC(666) Old regions: 156->156
[156.522s][info][gc,heap        ] GC(666) Archive regions: 0->0
[156.522s][info][gc,heap        ] GC(666) Humongous regions: 10->10
[156.522s][info][gc,metaspace   ] GC(666) Metaspace: 68367K(69376K)->68367K(69376K) NonClass: 59915K(60416K)->59915K(60416K) Class: 8452K(8960K)->8452K(8960K)
[156.522s][info][gc             ] GC(666) Pause Young (Concurrent Start) (G1 Humongous Allocation) 166M->155M(554M) 2.623ms
[156.522s][info][gc             ] GC(667) Concurrent Mark Cycle
[156.522s][info][gc,cpu         ] GC(666) User=0.00s Sys=0.00s Real=0.00s
[156.522s][info][gc,marking     ] GC(667) Concurrent Scan Root Regions
[156.523s][info][gc,marking     ] GC(667) Concurrent Scan Root Regions 1.157ms
[156.523s][info][gc,marking     ] GC(667) Concurrent Mark
[156.523s][info][gc,marking     ] GC(667) Concurrent Mark From Roots
[156.523s][info][gc,task        ] GC(667) Using 8 workers of 8 for marking
[156.568s][info][gc,marking     ] GC(667) Concurrent Mark From Roots 45.127ms
[156.569s][info][gc,marking     ] GC(667) Concurrent Preclean
[156.569s][info][gc,marking     ] GC(667) Concurrent Preclean 0.249ms
[156.569s][info][gc,start       ] GC(667) Pause Remark
[156.571s][info][gc             ] GC(667) Pause Remark 197M->197M(554M) 1.985ms
[156.571s][info][gc,cpu         ] GC(667) User=0.00s Sys=0.00s Real=0.00s
[156.571s][info][gc,marking     ] GC(667) Concurrent Mark 47.782ms
[156.571s][info][gc,marking     ] GC(667) Concurrent Rebuild Remembered Sets and Scrub Regions
[156.582s][info][gc,marking     ] GC(667) Concurrent Rebuild Remembered Sets and Scrub Regions 11.155ms
[156.582s][info][gc,start       ] GC(667) Pause Cleanup
[156.583s][info][gc             ] GC(667) Pause Cleanup 216M->216M(554M) 0.174ms
[156.583s][info][gc,cpu         ] GC(667) User=0.00s Sys=0.00s Real=0.00s
[156.583s][info][gc,marking     ] GC(667) Concurrent Clear Claimed Marks
[156.583s][info][gc,marking     ] GC(667) Concurrent Clear Claimed Marks 0.087ms
[156.583s][info][gc,marking     ] GC(667) Concurrent Cleanup for Next Mark
[156.583s][info][gc,marking     ] GC(667) Concurrent Cleanup for Next Mark 0.337ms
[156.583s][info][gc             ] GC(667) Concurrent Mark Cycle 61.141ms
[156.717s][info][gc,start       ] GC(668) Pause Young (Prepare Mixed) (G1 Evacuation Pause)
[156.717s][info][gc,task        ] GC(668) Using 15 workers of 33 for evacuation
[156.749s][info][gc,phases      ] GC(668)   Pre Evacuate Collection Set: 0.2ms
[156.749s][info][gc,phases      ] GC(668)   Merge Heap Roots: 0.2ms
[156.749s][info][gc,phases      ] GC(668)   Evacuate Collection Set: 30.8ms
[156.749s][info][gc,phases      ] GC(668)   Post Evacuate Collection Set: 0.5ms
[156.749s][info][gc,phases      ] GC(668)   Other: 0.2ms
[156.749s][info][gc,heap        ] GC(668) Eden regions: 305->0(219)
[156.749s][info][gc,heap        ] GC(668) Survivor regions: 6->39(39)
[156.749s][info][gc,heap        ] GC(668) Old regions: 156->199
[156.749s][info][gc,heap        ] GC(668) Archive regions: 0->0
[156.749s][info][gc,heap        ] GC(668) Humongous regions: 42->37
[156.749s][info][gc,metaspace   ] GC(668) Metaspace: 68368K(69376K)->68368K(69376K) NonClass: 59916K(60416K)->59916K(60416K) Class: 8452K(8960K)->8452K(8960K)
[156.749s][info][gc             ] GC(668) Pause Young (Prepare Mixed) (G1 Evacuation Pause) 492M->258M(591M) 32.334ms
[156.749s][info][gc,cpu         ] GC(668) User=0.47s Sys=0.00s Real=0.03s
[156.860s][info][gc,start       ] GC(669) Pause Young (Mixed) (G1 Evacuation Pause)
[156.860s][info][gc,task        ] GC(669) Using 14 workers of 33 for evacuation
[156.897s][info][gc,phases      ] GC(669)   Pre Evacuate Collection Set: 0.2ms
[156.897s][info][gc,phases      ] GC(669)   Merge Heap Roots: 0.4ms
[156.897s][info][gc,phases      ] GC(669)   Evacuate Collection Set: 35.0ms
[156.897s][info][gc,phases      ] GC(669)   Post Evacuate Collection Set: 0.4ms
[156.897s][info][gc,phases      ] GC(669)   Other: 0.2ms
[156.897s][info][gc,heap        ] GC(669) Eden regions: 219->0(195)
[156.897s][info][gc,heap        ] GC(669) Survivor regions: 39->29(33)
[156.897s][info][gc,heap        ] GC(669) Old regions: 199->238
[156.897s][info][gc,heap        ] GC(669) Archive regions: 0->0
[156.897s][info][gc,heap        ] GC(669) Humongous regions: 58->58
[156.897s][info][gc,metaspace   ] GC(669) Metaspace: 68368K(69376K)->68368K(69376K) NonClass: 59916K(60416K)->59916K(60416K) Class: 8452K(8960K)->8452K(8960K)
[156.897s][info][gc             ] GC(669) Pause Young (Mixed) (G1 Evacuation Pause) 498M->310M(591M) 36.750ms
[156.897s][info][gc,cpu         ] GC(669) User=0.44s Sys=0.00s Real=0.03s
[156.994s][info][gc,start       ] GC(670) Pause Young (Concurrent Start) (G1 Humongous Allocation)
[156.994s][info][gc,task        ] GC(670) Using 14 workers of 33 for evacuation
[157.021s][info][gc,phases      ] GC(670)   Pre Evacuate Collection Set: 0.3ms
[157.022s][info][gc,phases      ] GC(670)   Merge Heap Roots: 0.2ms
[157.022s][info][gc,phases      ] GC(670)   Evacuate Collection Set: 25.5ms
[157.022s][info][gc,phases      ] GC(670)   Post Evacuate Collection Set: 1.0ms
[157.022s][info][gc,phases      ] GC(670)   Other: 0.1ms
[157.022s][info][gc,heap        ] GC(670) Eden regions: 189->0(241)
[157.022s][info][gc,heap        ] GC(670) Survivor regions: 29->20(28)
[157.022s][info][gc,heap        ] GC(670) Old regions: 238->265
[157.022s][info][gc,heap        ] GC(670) Archive regions: 0->0
[157.022s][info][gc,heap        ] GC(670) Humongous regions: 58->58
[157.022s][info][gc,metaspace   ] GC(670) Metaspace: 68368K(69376K)->68368K(69376K) NonClass: 59916K(60416K)->59916K(60416K) Class: 8452K(8960K)->8452K(8960K)
[157.022s][info][gc             ] GC(670) Pause Young (Concurrent Start) (G1 Humongous Allocation) 499M->328M(678M) 27.346ms
[157.022s][info][gc             ] GC(671) Concurrent Mark Cycle
[157.022s][info][gc,cpu         ] GC(670) User=0.44s Sys=0.00s Real=0.03s
[157.022s][info][gc,marking     ] GC(671) Concurrent Scan Root Regions
[157.027s][info][gc,marking     ] GC(671) Concurrent Scan Root Regions 4.883ms
[157.027s][info][gc,marking     ] GC(671) Concurrent Mark
[157.027s][info][gc,marking     ] GC(671) Concurrent Mark From Roots
[157.027s][info][gc,task        ] GC(671) Using 8 workers of 8 for marking
[157.083s][info][gc,marking     ] GC(671) Concurrent Mark From Roots 56.456ms
[157.083s][info][gc,marking     ] GC(671) Concurrent Preclean
[157.083s][info][gc,marking     ] GC(671) Concurrent Preclean 0.173ms
[157.084s][info][gc,start       ] GC(671) Pause Remark
[157.086s][info][gc             ] GC(671) Pause Remark 401M->377M(678M) 2.095ms
[157.086s][info][gc,cpu         ] GC(671) User=0.00s Sys=0.00s Real=0.00s
[157.086s][info][gc,marking     ] GC(671) Concurrent Mark 59.066ms
[157.086s][info][gc,marking     ] GC(671) Concurrent Rebuild Remembered Sets and Scrub Regions
[157.129s][info][gc,marking     ] GC(671) Concurrent Rebuild Remembered Sets and Scrub Regions 42.807ms
[157.129s][info][gc,start       ] GC(671) Pause Cleanup
[157.129s][info][gc             ] GC(671) Pause Cleanup 439M->439M(678M) 0.230ms
[157.129s][info][gc,cpu         ] GC(671) User=0.00s Sys=0.00s Real=0.00s
[157.129s][info][gc,marking     ] GC(671) Concurrent Clear Claimed Marks
[157.129s][info][gc,marking     ] GC(671) Concurrent Clear Claimed Marks 0.105ms
[157.129s][info][gc,marking     ] GC(671) Concurrent Cleanup for Next Mark
[157.130s][info][gc,marking     ] GC(671) Concurrent Cleanup for Next Mark 0.731ms
[157.130s][info][gc             ] GC(671) Concurrent Mark Cycle 108.303ms
[157.200s][info][gc,start       ] GC(672) Pause Young (Prepare Mixed) (G1 Evacuation Pause)
[157.201s][info][gc,task        ] GC(672) Using 16 workers of 33 for evacuation
[157.225s][info][gc,phases      ] GC(672)   Pre Evacuate Collection Set: 0.2ms
[157.225s][info][gc,phases      ] GC(672)   Merge Heap Roots: 0.7ms
[157.225s][info][gc,phases      ] GC(672)   Evacuate Collection Set: 23.1ms
[157.225s][info][gc,phases      ] GC(672)   Post Evacuate Collection Set: 0.5ms
[157.225s][info][gc,phases      ] GC(672)   Other: 0.1ms
[157.225s][info][gc,heap        ] GC(672) Eden regions: 241->0(240)
[157.225s][info][gc,heap        ] GC(672) Survivor regions: 20->21(33)
[157.225s][info][gc,heap        ] GC(672) Old regions: 265->285
[157.225s][info][gc,heap        ] GC(672) Archive regions: 0->0
[157.226s][info][gc,heap        ] GC(672) Humongous regions: 49->49
[157.226s][info][gc,metaspace   ] GC(672) Metaspace: 68368K(69376K)->68368K(69376K) NonClass: 59916K(60416K)->59916K(60416K) Class: 8452K(8960K)->8452K(8960K)
[157.226s][info][gc             ] GC(672) Pause Young (Prepare Mixed) (G1 Evacuation Pause) 560M->340M(678M) 25.164ms
[157.226s][info][gc,cpu         ] GC(672) User=0.25s Sys=0.00s Real=0.02s
[157.371s][info][gc,start       ] GC(673) Pause Young (Mixed) (G1 Evacuation Pause)
[157.371s][info][gc,task        ] GC(673) Using 16 workers of 33 for evacuation
[157.392s][info][gc,phases      ] GC(673)   Pre Evacuate Collection Set: 0.2ms
[157.392s][info][gc,phases      ] GC(673)   Merge Heap Roots: 0.2ms
[157.392s][info][gc,phases      ] GC(673)   Evacuate Collection Set: 20.7ms
[157.392s][info][gc,phases      ] GC(673)   Post Evacuate Collection Set: 0.4ms
[157.392s][info][gc,phases      ] GC(673)   Other: 0.2ms
[157.392s][info][gc,heap        ] GC(673) Eden regions: 240->0(241)
[157.392s][info][gc,heap        ] GC(673) Survivor regions: 21->18(33)
[157.393s][info][gc,heap        ] GC(673) Old regions: 285->297
[157.393s][info][gc,heap        ] GC(673) Archive regions: 0->0
[157.393s][info][gc,heap        ] GC(673) Humongous regions: 49->49
[157.393s][info][gc,metaspace   ] GC(673) Metaspace: 68369K(69376K)->68369K(69376K) NonClass: 59917K(60416K)->59917K(60416K) Class: 8452K(8960K)->8452K(8960K)
[157.393s][info][gc             ] GC(673) Pause Young (Mixed) (G1 Evacuation Pause) 580M->354M(678M) 21.898ms
[157.393s][info][gc,cpu         ] GC(673) User=0.25s Sys=0.02s Real=0.03s
[157.504s][info][gc,start       ] GC(674) Pause Young (Concurrent Start) (G1 Humongous Allocation)
[157.504s][info][gc,task        ] GC(674) Using 16 workers of 33 for evacuation
[157.523s][info][gc,phases      ] GC(674)   Pre Evacuate Collection Set: 0.3ms
[157.524s][info][gc,phases      ] GC(674)   Merge Heap Roots: 0.2ms
[157.524s][info][gc,phases      ] GC(674)   Evacuate Collection Set: 18.2ms
[157.524s][info][gc,phases      ] GC(674)   Post Evacuate Collection Set: 0.6ms
[157.524s][info][gc,phases      ] GC(674)   Other: 0.2ms
[157.524s][info][gc,heap        ] GC(674) Eden regions: 218->0(237)
[157.524s][info][gc,heap        ] GC(674) Survivor regions: 18->30(33)
[157.524s][info][gc,heap        ] GC(674) Old regions: 297->297
[157.524s][info][gc,heap        ] GC(674) Archive regions: 0->0
[157.524s][info][gc,heap        ] GC(674) Humongous regions: 49->49
[157.524s][info][gc,metaspace   ] GC(674) Metaspace: 68369K(69376K)->68369K(69376K) NonClass: 59917K(60416K)->59917K(60416K) Class: 8452K(8960K)->8452K(8960K)
[157.524s][info][gc             ] GC(674) Pause Young (Concurrent Start) (G1 Humongous Allocation) 572M->365M(678M) 20.004ms
[157.524s][info][gc             ] GC(675) Concurrent Mark Cycle
[157.524s][info][gc,cpu         ] GC(674) User=0.25s Sys=0.00s Real=0.02s
[157.524s][info][gc,marking     ] GC(675) Concurrent Scan Root Regions
[157.528s][info][gc,marking     ] GC(675) Concurrent Scan Root Regions 4.426ms
[157.528s][info][gc,marking     ] GC(675) Concurrent Mark
[157.528s][info][gc,marking     ] GC(675) Concurrent Mark From Roots
[157.528s][info][gc,task        ] GC(675) Using 8 workers of 8 for marking
[157.598s][info][gc,marking     ] GC(675) Concurrent Mark From Roots 69.167ms
[157.598s][info][gc,marking     ] GC(675) Concurrent Preclean
[157.598s][info][gc,marking     ] GC(675) Concurrent Preclean 0.254ms
[157.598s][info][gc,start       ] GC(675) Pause Remark
[157.601s][info][gc             ] GC(675) Pause Remark 443M->428M(732M) 2.593ms
[157.601s][info][gc,cpu         ] GC(675) User=0.00s Sys=0.00s Real=0.00s
[157.601s][info][gc,marking     ] GC(675) Concurrent Mark 72.392ms
[157.601s][info][gc,marking     ] GC(675) Concurrent Rebuild Remembered Sets and Scrub Regions
[157.643s][info][gc,marking     ] GC(675) Concurrent Rebuild Remembered Sets and Scrub Regions 41.820ms
[157.643s][info][gc,start       ] GC(675) Pause Cleanup
[157.643s][info][gc             ] GC(675) Pause Cleanup 452M->452M(732M) 0.345ms
[157.643s][info][gc,cpu         ] GC(675) User=0.00s Sys=0.00s Real=0.00s
[157.643s][info][gc,marking     ] GC(675) Concurrent Clear Claimed Marks
[157.643s][info][gc,marking     ] GC(675) Concurrent Clear Claimed Marks 0.080ms
[157.643s][info][gc,marking     ] GC(675) Concurrent Cleanup for Next Mark
[157.644s][info][gc,marking     ] GC(675) Concurrent Cleanup for Next Mark 0.505ms
[157.644s][info][gc             ] GC(675) Concurrent Mark Cycle 120.000ms
[157.947s][info][gc,start       ] GC(676) Pause Young (Prepare Mixed) (G1 Evacuation Pause)
[157.948s][info][gc,task        ] GC(676) Using 17 workers of 33 for evacuation
[157.978s][info][gc,phases      ] GC(676)   Pre Evacuate Collection Set: 0.2ms
[157.978s][info][gc,phases      ] GC(676)   Merge Heap Roots: 0.5ms
[157.978s][info][gc,phases      ] GC(676)   Evacuate Collection Set: 28.7ms
[157.978s][info][gc,phases      ] GC(676)   Post Evacuate Collection Set: 0.6ms
[157.978s][info][gc,phases      ] GC(676)   Other: 0.2ms
[157.978s][info][gc,heap        ] GC(676) Eden regions: 234->0(276)
[157.978s][info][gc,heap        ] GC(676) Survivor regions: 30->28(33)
[157.978s][info][gc,heap        ] GC(676) Old regions: 294->307
[157.978s][info][gc,heap        ] GC(676) Archive regions: 0->0
[157.978s][info][gc,heap        ] GC(676) Humongous regions: 55->55
[157.978s][info][gc,metaspace   ] GC(676) Metaspace: 68377K(69376K)->68377K(69376K) NonClass: 59924K(60416K)->59924K(60416K) Class: 8452K(8960K)->8452K(8960K)
[157.978s][info][gc             ] GC(676) Pause Young (Prepare Mixed) (G1 Evacuation Pause) 602M->379M(732M) 30.561ms
[157.978s][info][gc,cpu         ] GC(676) User=0.53s Sys=0.00s Real=0.03s
[159.002s][info][gc,start       ] GC(677) Pause Young (Mixed) (G1 Evacuation Pause)
[159.002s][info][gc,task        ] GC(677) Using 17 workers of 33 for evacuation
[159.033s][info][gc,phases      ] GC(677)   Pre Evacuate Collection Set: 0.2ms
[159.033s][info][gc,phases      ] GC(677)   Merge Heap Roots: 0.4ms
[159.033s][info][gc,phases      ] GC(677)   Evacuate Collection Set: 29.6ms
[159.033s][info][gc,phases      ] GC(677)   Post Evacuate Collection Set: 0.6ms
[159.033s][info][gc,phases      ] GC(677)   Other: 0.2ms
[159.033s][info][gc,heap        ] GC(677) Eden regions: 276->0(279)
[159.033s][info][gc,heap        ] GC(677) Survivor regions: 28->22(38)
[159.033s][info][gc,heap        ] GC(677) Old regions: 307->309
[159.033s][info][gc,heap        ] GC(677) Archive regions: 0->0
[159.033s][info][gc,heap        ] GC(677) Humongous regions: 67->62
[159.033s][info][gc,metaspace   ] GC(677) Metaspace: 68384K(69440K)->68384K(69440K) NonClass: 59932K(60480K)->59932K(60480K) Class: 8452K(8960K)->8452K(8960K)
[159.033s][info][gc             ] GC(677) Pause Young (Mixed) (G1 Evacuation Pause) 667M->388M(732M) 31.242ms
[159.033s][info][gc,cpu         ] GC(677) User=0.53s Sys=0.00s Real=0.03s
[159.050s][info][gc,start       ] GC(678) Pause Young (Concurrent Start) (G1 Humongous Allocation)
[159.050s][info][gc,task        ] GC(678) Using 17 workers of 33 for evacuation
[159.067s][info][gc,phases      ] GC(678)   Pre Evacuate Collection Set: 0.2ms
[159.067s][info][gc,phases      ] GC(678)   Merge Heap Roots: 0.2ms
[159.067s][info][gc,phases      ] GC(678)   Evacuate Collection Set: 15.5ms
[159.067s][info][gc,phases      ] GC(678)   Post Evacuate Collection Set: 0.5ms
[159.067s][info][gc,phases      ] GC(678)   Other: 0.1ms
[159.067s][info][gc,heap        ] GC(678) Eden regions: 32->0(282)
[159.067s][info][gc,heap        ] GC(678) Survivor regions: 22->15(38)
[159.067s][info][gc,heap        ] GC(678) Old regions: 309->320
[159.067s][info][gc,heap        ] GC(678) Archive regions: 0->0
[159.067s][info][gc,heap        ] GC(678) Humongous regions: 62->62
[159.067s][info][gc,metaspace   ] GC(678) Metaspace: 68384K(69440K)->68384K(69440K) NonClass: 59932K(60480K)->59932K(60480K) Class: 8452K(8960K)->8452K(8960K)
[159.067s][info][gc             ] GC(678) Pause Young (Concurrent Start) (G1 Humongous Allocation) 420M->393M(732M) 16.806ms
[159.067s][info][gc             ] GC(679) Concurrent Mark Cycle
[159.067s][info][gc,cpu         ] GC(678) User=0.27s Sys=0.00s Real=0.02s
[159.067s][info][gc,marking     ] GC(679) Concurrent Scan Root Regions
[159.071s][info][gc,marking     ] GC(679) Concurrent Scan Root Regions 3.943ms
[159.071s][info][gc,marking     ] GC(679) Concurrent Mark
[159.071s][info][gc,marking     ] GC(679) Concurrent Mark From Roots
[159.071s][info][gc,task        ] GC(679) Using 8 workers of 8 for marking
[159.106s][info][gc,marking     ] GC(679) Concurrent Mark From Roots 35.066ms
[159.106s][info][gc,marking     ] GC(679) Concurrent Preclean
[159.107s][info][gc,marking     ] GC(679) Concurrent Preclean 0.099ms
[159.107s][info][gc,start       ] GC(679) Pause Remark
[159.109s][info][gc             ] GC(679) Pause Remark 434M->248M(732M) 1.979ms
[159.109s][info][gc,cpu         ] GC(679) User=0.00s Sys=0.00s Real=0.00s
[159.109s][info][gc,marking     ] GC(679) Concurrent Mark 37.466ms
[159.109s][info][gc,marking     ] GC(679) Concurrent Rebuild Remembered Sets and Scrub Regions
[159.131s][info][gc,marking     ] GC(679) Concurrent Rebuild Remembered Sets and Scrub Regions 22.610ms
[159.132s][info][gc,start       ] GC(679) Pause Cleanup
[159.132s][info][gc             ] GC(679) Pause Cleanup 268M->268M(732M) 0.246ms
[159.132s][info][gc,cpu         ] GC(679) User=0.00s Sys=0.00s Real=0.00s
[159.132s][info][gc,marking     ] GC(679) Concurrent Clear Claimed Marks
[159.132s][info][gc,marking     ] GC(679) Concurrent Clear Claimed Marks 0.093ms
[159.132s][info][gc,marking     ] GC(679) Concurrent Cleanup for Next Mark
[159.133s][info][gc,marking     ] GC(679) Concurrent Cleanup for Next Mark 0.467ms
[159.133s][info][gc             ] GC(679) Concurrent Mark Cycle 65.291ms
[159.359s][info][gc,start       ] GC(680) Pause Young (Prepare Mixed) (G1 Evacuation Pause)
[159.359s][info][gc,task        ] GC(680) Using 17 workers of 33 for evacuation
[159.400s][info][gc,phases      ] GC(680)   Pre Evacuate Collection Set: 0.2ms
[159.400s][info][gc,phases      ] GC(680)   Merge Heap Roots: 0.5ms
[159.400s][info][gc,phases      ] GC(680)   Evacuate Collection Set: 38.9ms
[159.400s][info][gc,phases      ] GC(680)   Post Evacuate Collection Set: 0.7ms
[159.400s][info][gc,phases      ] GC(680)   Other: 0.2ms
[159.400s][info][gc,heap        ] GC(680) Eden regions: 282->0(284)
[159.400s][info][gc,heap        ] GC(680) Survivor regions: 15->38(38)
[159.400s][info][gc,heap        ] GC(680) Old regions: 186->235
[159.400s][info][gc,heap        ] GC(680) Archive regions: 0->0
[159.400s][info][gc,heap        ] GC(680) Humongous regions: 58->58
[159.400s][info][gc,metaspace   ] GC(680) Metaspace: 68384K(69440K)->68384K(69440K) NonClass: 59932K(60480K)->59932K(60480K) Class: 8452K(8960K)->8452K(8960K)
[159.400s][info][gc             ] GC(680) Pause Young (Prepare Mixed) (G1 Evacuation Pause) 537M->328M(732M) 41.103ms
[159.400s][info][gc,cpu         ] GC(680) User=0.80s Sys=0.00s Real=0.05s
[159.531s][info][gc,start       ] GC(681) Pause Young (Mixed) (G1 Evacuation Pause)
[159.531s][info][gc,task        ] GC(681) Using 17 workers of 33 for evacuation
[159.569s][info][gc,phases      ] GC(681)   Pre Evacuate Collection Set: 0.2ms
[159.569s][info][gc,phases      ] GC(681)   Merge Heap Roots: 0.6ms
[159.569s][info][gc,phases      ] GC(681)   Evacuate Collection Set: 35.8ms
[159.569s][info][gc,phases      ] GC(681)   Post Evacuate Collection Set: 0.9ms
[159.569s][info][gc,phases      ] GC(681)   Other: 0.1ms
[159.569s][info][gc,heap        ] GC(681) Eden regions: 284->0(286)
[159.569s][info][gc,heap        ] GC(681) Survivor regions: 38->41(41)
[159.569s][info][gc,heap        ] GC(681) Old regions: 235->273
[159.569s][info][gc,heap        ] GC(681) Archive regions: 0->0
[159.569s][info][gc,heap        ] GC(681) Humongous regions: 73->73
[159.569s][info][gc,metaspace   ] GC(681) Metaspace: 68384K(69440K)->68384K(69440K) NonClass: 59932K(60480K)->59932K(60480K) Class: 8452K(8960K)->8452K(8960K)
[159.569s][info][gc             ] GC(681) Pause Young (Mixed) (G1 Evacuation Pause) 627M->383M(791M) 37.977ms
[159.569s][info][gc,cpu         ] GC(681) User=0.53s Sys=0.00s Real=0.03s
[159.578s][info][gc,start       ] GC(682) Pause Young (Concurrent Start) (G1 Humongous Allocation)
[159.578s][info][gc,task        ] GC(682) Using 19 workers of 33 for evacuation
[159.593s][info][gc,phases      ] GC(682)   Pre Evacuate Collection Set: 0.2ms
[159.593s][info][gc,phases      ] GC(682)   Merge Heap Roots: 0.2ms
[159.593s][info][gc,phases      ] GC(682)   Evacuate Collection Set: 14.1ms
[159.593s][info][gc,phases      ] GC(682)   Post Evacuate Collection Set: 0.3ms
[159.593s][info][gc,phases      ] GC(682)   Other: 0.1ms
[159.593s][info][gc,heap        ] GC(682) Eden regions: 17->0(284)
[159.593s][info][gc,heap        ] GC(682) Survivor regions: 41->7(41)
[159.593s][info][gc,heap        ] GC(682) Old regions: 273->315
[159.593s][info][gc,heap        ] GC(682) Archive regions: 0->0
[159.593s][info][gc,heap        ] GC(682) Humongous regions: 73->73
[159.593s][info][gc,metaspace   ] GC(682) Metaspace: 68384K(69440K)->68384K(69440K) NonClass: 59932K(60480K)->59932K(60480K) Class: 8452K(8960K)->8452K(8960K)
[159.593s][info][gc             ] GC(682) Pause Young (Concurrent Start) (G1 Humongous Allocation) 400M->391M(791M) 15.192ms
[159.593s][info][gc             ] GC(683) Concurrent Mark Cycle
[159.593s][info][gc,cpu         ] GC(682) User=0.30s Sys=0.00s Real=0.02s
[159.593s][info][gc,marking     ] GC(683) Concurrent Scan Root Regions
[159.597s][info][gc,marking     ] GC(683) Concurrent Scan Root Regions 4.163ms
[159.598s][info][gc,marking     ] GC(683) Concurrent Mark
[159.598s][info][gc,marking     ] GC(683) Concurrent Mark From Roots
[159.598s][info][gc,task        ] GC(683) Using 8 workers of 8 for marking
[159.645s][info][gc,marking     ] GC(683) Concurrent Mark From Roots 47.150ms
[159.645s][info][gc,marking     ] GC(683) Concurrent Preclean
[159.645s][info][gc,marking     ] GC(683) Concurrent Preclean 0.178ms
[159.645s][info][gc,start       ] GC(683) Pause Remark
[159.647s][info][gc             ] GC(683) Pause Remark 477M->424M(791M) 1.899ms
[159.647s][info][gc,cpu         ] GC(683) User=0.00s Sys=0.00s Real=0.00s
[159.647s][info][gc,marking     ] GC(683) Concurrent Mark 49.564ms
[159.647s][info][gc,marking     ] GC(683) Concurrent Rebuild Remembered Sets and Scrub Regions
[159.683s][info][gc,marking     ] GC(683) Concurrent Rebuild Remembered Sets and Scrub Regions 36.348ms
[159.684s][info][gc,start       ] GC(683) Pause Cleanup
[159.684s][info][gc             ] GC(683) Pause Cleanup 483M->483M(791M) 0.366ms
[159.684s][info][gc,cpu         ] GC(683) User=0.00s Sys=0.00s Real=0.00s
[159.684s][info][gc,marking     ] GC(683) Concurrent Clear Claimed Marks
[159.684s][info][gc,marking     ] GC(683) Concurrent Clear Claimed Marks 0.091ms
[159.684s][info][gc,marking     ] GC(683) Concurrent Cleanup for Next Mark
[159.685s][info][gc,marking     ] GC(683) Concurrent Cleanup for Next Mark 0.637ms
[159.685s][info][gc             ] GC(683) Concurrent Mark Cycle 91.745ms
[159.766s][info][gc,start       ] GC(684) Pause Young (Prepare Mixed) (G1 Evacuation Pause)
[159.767s][info][gc,task        ] GC(684) Using 19 workers of 33 for evacuation
[159.788s][info][gc,phases      ] GC(684)   Pre Evacuate Collection Set: 0.4ms
[159.789s][info][gc,phases      ] GC(684)   Merge Heap Roots: 0.6ms
[159.789s][info][gc,phases      ] GC(684)   Evacuate Collection Set: 20.2ms
[159.789s][info][gc,phases      ] GC(684)   Post Evacuate Collection Set: 0.6ms
[159.789s][info][gc,phases      ] GC(684)   Other: 0.2ms
[159.789s][info][gc,heap        ] GC(684) Eden regions: 284->0(300)
[159.789s][info][gc,heap        ] GC(684) Survivor regions: 7->31(37)
[159.789s][info][gc,heap        ] GC(684) Old regions: 304->304
[159.789s][info][gc,heap        ] GC(684) Archive regions: 0->0
[159.789s][info][gc,heap        ] GC(684) Humongous regions: 50->50
[159.789s][info][gc,metaspace   ] GC(684) Metaspace: 68384K(69440K)->68384K(69440K) NonClass: 59932K(60480K)->59932K(60480K) Class: 8452K(8960K)->8452K(8960K)
[159.789s][info][gc             ] GC(684) Pause Young (Prepare Mixed) (G1 Evacuation Pause) 641M->382M(791M) 22.610ms
[159.789s][info][gc,cpu         ] GC(684) User=0.30s Sys=0.02s Real=0.03s
[159.942s][info][gc,start       ] GC(685) Pause Young (Mixed) (G1 Evacuation Pause)
[159.942s][info][gc,task        ] GC(685) Using 19 workers of 33 for evacuation
[159.973s][info][gc,phases      ] GC(685)   Pre Evacuate Collection Set: 0.2ms
[159.973s][info][gc,phases      ] GC(685)   Merge Heap Roots: 0.5ms
[159.973s][info][gc,phases      ] GC(685)   Evacuate Collection Set: 29.6ms
[159.973s][info][gc,phases      ] GC(685)   Post Evacuate Collection Set: 0.5ms
[159.973s][info][gc,phases      ] GC(685)   Other: 0.2ms
[159.973s][info][gc,heap        ] GC(685) Eden regions: 300->0(301)
[159.973s][info][gc,heap        ] GC(685) Survivor regions: 31->27(42)
[159.973s][info][gc,heap        ] GC(685) Old regions: 304->308
[159.973s][info][gc,heap        ] GC(685) Archive regions: 0->0
[159.973s][info][gc,heap        ] GC(685) Humongous regions: 60->60
[159.973s][info][gc,metaspace   ] GC(685) Metaspace: 68384K(69440K)->68384K(69440K) NonClass: 59932K(60480K)->59932K(60480K) Class: 8452K(8960K)->8452K(8960K)
[159.973s][info][gc             ] GC(685) Pause Young (Mixed) (G1 Evacuation Pause) 692M->390M(791M) 31.245ms
[159.973s][info][gc,cpu         ] GC(685) User=0.59s Sys=0.00s Real=0.03s
[160.124s][info][gc,start       ] GC(686) Pause Young (Concurrent Start) (G1 Evacuation Pause)
[160.124s][info][gc,task        ] GC(686) Using 19 workers of 33 for evacuation
[160.150s][info][gc,phases      ] GC(686)   Pre Evacuate Collection Set: 0.3ms
[160.150s][info][gc,phases      ] GC(686)   Merge Heap Roots: 0.2ms
[160.150s][info][gc,phases      ] GC(686)   Evacuate Collection Set: 24.4ms
[160.150s][info][gc,phases      ] GC(686)   Post Evacuate Collection Set: 0.4ms
[160.150s][info][gc,phases      ] GC(686)   Other: 0.2ms
[160.150s][info][gc,heap        ] GC(686) Eden regions: 301->0(294)
[160.150s][info][gc,heap        ] GC(686) Survivor regions: 27->25(41)
[160.150s][info][gc,heap        ] GC(686) Old regions: 308->329
[160.150s][info][gc,heap        ] GC(686) Archive regions: 0->0
[160.150s][info][gc,heap        ] GC(686) Humongous regions: 60->60
[160.150s][info][gc,metaspace   ] GC(686) Metaspace: 68384K(69440K)->68384K(69440K) NonClass: 59932K(60480K)->59932K(60480K) Class: 8452K(8960K)->8452K(8960K)
[160.150s][info][gc             ] GC(686) Pause Young (Concurrent Start) (G1 Evacuation Pause) 691M->409M(791M) 25.750ms
[160.150s][info][gc             ] GC(687) Concurrent Mark Cycle
[160.150s][info][gc,cpu         ] GC(686) User=0.59s Sys=0.00s Real=0.03s
[160.150s][info][gc,marking     ] GC(687) Concurrent Scan Root Regions
[160.155s][info][gc,marking     ] GC(687) Concurrent Scan Root Regions 5.241ms
[160.155s][info][gc,marking     ] GC(687) Concurrent Mark
[160.155s][info][gc,marking     ] GC(687) Concurrent Mark From Roots
[160.155s][info][gc,task        ] GC(687) Using 8 workers of 8 for marking
[160.226s][info][gc,marking     ] GC(687) Concurrent Mark From Roots 70.759ms
[160.226s][info][gc,marking     ] GC(687) Concurrent Preclean
[160.226s][info][gc,marking     ] GC(687) Concurrent Preclean 0.208ms
[160.226s][info][gc,start       ] GC(687) Pause Remark
[160.229s][info][gc             ] GC(687) Pause Remark 538M->520M(875M) 2.335ms
[160.229s][info][gc,cpu         ] GC(687) User=0.00s Sys=0.00s Real=0.00s
[160.229s][info][gc,marking     ] GC(687) Concurrent Mark 73.625ms
[160.229s][info][gc,marking     ] GC(687) Concurrent Rebuild Remembered Sets and Scrub Regions
[160.281s][info][gc,marking     ] GC(687) Concurrent Rebuild Remembered Sets and Scrub Regions 52.153ms
[160.281s][info][gc,start       ] GC(687) Pause Cleanup
[160.282s][info][gc             ] GC(687) Pause Cleanup 565M->565M(875M) 0.377ms
[160.282s][info][gc,cpu         ] GC(687) User=0.00s Sys=0.00s Real=0.00s
[160.282s][info][gc,marking     ] GC(687) Concurrent Clear Claimed Marks
[160.282s][info][gc,marking     ] GC(687) Concurrent Clear Claimed Marks 0.112ms
[160.282s][info][gc,marking     ] GC(687) Concurrent Cleanup for Next Mark
[160.283s][info][gc,marking     ] GC(687) Concurrent Cleanup for Next Mark 0.742ms
[160.283s][info][gc             ] GC(687) Concurrent Mark Cycle 132.717ms
[160.919s][info][gc,start       ] GC(688) Pause Young (Prepare Mixed) (G1 Evacuation Pause)
[160.919s][info][gc,task        ] GC(688) Using 21 workers of 33 for evacuation
[160.957s][info][gc,phases      ] GC(688)   Pre Evacuate Collection Set: 0.2ms
[160.957s][info][gc,phases      ] GC(688)   Merge Heap Roots: 0.8ms
[160.957s][info][gc,phases      ] GC(688)   Evacuate Collection Set: 36.9ms
[160.957s][info][gc,phases      ] GC(688)   Post Evacuate Collection Set: 0.6ms
[160.957s][info][gc,phases      ] GC(688)   Other: 0.1ms
[160.957s][info][gc,heap        ] GC(688) Eden regions: 294->0(323)
[160.957s][info][gc,heap        ] GC(688) Survivor regions: 25->32(40)
[160.957s][info][gc,heap        ] GC(688) Old regions: 329->349
[160.957s][info][gc,heap        ] GC(688) Archive regions: 0->0
[160.957s][info][gc,heap        ] GC(688) Humongous regions: 85->80
[160.957s][info][gc,metaspace   ] GC(688) Metaspace: 68386K(69440K)->68386K(69440K) NonClass: 59934K(60480K)->59934K(60480K) Class: 8452K(8960K)->8452K(8960K)
[160.957s][info][gc             ] GC(688) Pause Young (Prepare Mixed) (G1 Evacuation Pause) 728M->457M(875M) 38.887ms
[160.957s][info][gc,cpu         ] GC(688) User=0.66s Sys=0.00s Real=0.03s
[161.338s][info][gc,start       ] GC(689) Pause Young (Mixed) (G1 Evacuation Pause)
[161.338s][info][gc,task        ] GC(689) Using 21 workers of 33 for evacuation
[161.385s][info][gc,phases      ] GC(689)   Pre Evacuate Collection Set: 0.2ms
[161.385s][info][gc,phases      ] GC(689)   Merge Heap Roots: 0.6ms
[161.385s][info][gc,phases      ] GC(689)   Evacuate Collection Set: 45.5ms
[161.385s][info][gc,phases      ] GC(689)   Post Evacuate Collection Set: 0.5ms
[161.385s][info][gc,phases      ] GC(689)   Other: 0.2ms
[161.385s][info][gc,heap        ] GC(689) Eden regions: 323->0(279)
[161.385s][info][gc,heap        ] GC(689) Survivor regions: 32->45(45)
[161.385s][info][gc,heap        ] GC(689) Old regions: 349->368
[161.385s][info][gc,heap        ] GC(689) Archive regions: 0->0
[161.385s][info][gc,heap        ] GC(689) Humongous regions: 115->110
[161.385s][info][gc,metaspace   ] GC(689) Metaspace: 68390K(69440K)->68390K(69440K) NonClass: 59938K(60480K)->59938K(60480K) Class: 8452K(8960K)->8452K(8960K)
[161.385s][info][gc             ] GC(689) Pause Young (Mixed) (G1 Evacuation Pause) 815M->519M(898M) 47.364ms
[161.385s][info][gc,cpu         ] GC(689) User=0.98s Sys=0.00s Real=0.05s
[161.417s][info][gc,start       ] GC(690) Pause Young (Concurrent Start) (G1 Humongous Allocation)
[161.417s][info][gc,task        ] GC(690) Using 21 workers of 33 for evacuation
[161.439s][info][gc,phases      ] GC(690)   Pre Evacuate Collection Set: 0.3ms
[161.439s][info][gc,phases      ] GC(690)   Merge Heap Roots: 0.2ms
[161.439s][info][gc,phases      ] GC(690)   Evacuate Collection Set: 20.7ms
[161.439s][info][gc,phases      ] GC(690)   Post Evacuate Collection Set: 0.8ms
[161.439s][info][gc,phases      ] GC(690)   Other: 0.1ms
[161.439s][info][gc,heap        ] GC(690) Eden regions: 68->0(309)
[161.439s][info][gc,heap        ] GC(690) Survivor regions: 45->7(41)
[161.439s][info][gc,heap        ] GC(690) Old regions: 368->415
[161.439s][info][gc,heap        ] GC(690) Archive regions: 0->0
[161.439s][info][gc,heap        ] GC(690) Humongous regions: 110->110
[161.439s][info][gc,metaspace   ] GC(690) Metaspace: 68399K(69440K)->68399K(69440K) NonClass: 59947K(60480K)->59947K(60480K) Class: 8452K(8960K)->8452K(8960K)
[161.439s][info][gc             ] GC(690) Pause Young (Concurrent Start) (G1 Humongous Allocation) 587M->529M(924M) 22.530ms
[161.439s][info][gc             ] GC(691) Concurrent Mark Cycle
[161.439s][info][gc,cpu         ] GC(690) User=0.33s Sys=0.00s Real=0.02s
[161.439s][info][gc,marking     ] GC(691) Concurrent Scan Root Regions
[161.443s][info][gc,marking     ] GC(691) Concurrent Scan Root Regions 3.687ms
[161.443s][info][gc,marking     ] GC(691) Concurrent Mark
[161.443s][info][gc,marking     ] GC(691) Concurrent Mark From Roots
[161.443s][info][gc,task        ] GC(691) Using 8 workers of 8 for marking
[161.473s][info][gc,marking     ] GC(691) Concurrent Mark From Roots 30.279ms
[161.473s][info][gc,marking     ] GC(691) Concurrent Preclean
[161.474s][info][gc,marking     ] GC(691) Concurrent Preclean 0.162ms
[161.474s][info][gc,start       ] GC(691) Pause Remark
[161.476s][info][gc             ] GC(691) Pause Remark 575M->288M(924M) 2.046ms
[161.476s][info][gc,cpu         ] GC(691) User=0.00s Sys=0.00s Real=0.00s
[161.476s][info][gc,marking     ] GC(691) Concurrent Mark 32.843ms
[161.476s][info][gc,marking     ] GC(691) Concurrent Rebuild Remembered Sets and Scrub Regions
[161.495s][info][gc,marking     ] GC(691) Concurrent Rebuild Remembered Sets and Scrub Regions 19.461ms
[161.496s][info][gc,start       ] GC(691) Pause Cleanup
[161.496s][info][gc             ] GC(691) Pause Cleanup 315M->315M(924M) 0.245ms
[161.496s][info][gc,cpu         ] GC(691) User=0.00s Sys=0.00s Real=0.00s
[161.496s][info][gc,marking     ] GC(691) Concurrent Clear Claimed Marks
[161.496s][info][gc,marking     ] GC(691) Concurrent Clear Claimed Marks 0.100ms
[161.496s][info][gc,marking     ] GC(691) Concurrent Cleanup for Next Mark
[161.497s][info][gc,marking     ] GC(691) Concurrent Cleanup for Next Mark 0.850ms
[161.497s][info][gc             ] GC(691) Concurrent Mark Cycle 57.687ms
[161.969s][info][gc,start       ] GC(692) Pause Young (Prepare Mixed) (G1 Evacuation Pause)
[161.969s][info][gc,task        ] GC(692) Using 22 workers of 33 for evacuation
[161.997s][info][gc,phases      ] GC(692)   Pre Evacuate Collection Set: 0.2ms
[161.997s][info][gc,phases      ] GC(692)   Merge Heap Roots: 0.4ms
[161.997s][info][gc,phases      ] GC(692)   Evacuate Collection Set: 26.2ms
[161.997s][info][gc,phases      ] GC(692)   Post Evacuate Collection Set: 0.6ms
[161.997s][info][gc,phases      ] GC(692)   Other: 0.2ms
[161.997s][info][gc,heap        ] GC(692) Eden regions: 309->0(503)
[161.997s][info][gc,heap        ] GC(692) Survivor regions: 7->34(40)
[161.997s][info][gc,heap        ] GC(692) Old regions: 228->228
[161.997s][info][gc,heap        ] GC(692) Archive regions: 0->0
[161.997s][info][gc,heap        ] GC(692) Humongous regions: 44->34
[161.997s][info][gc,metaspace   ] GC(692) Metaspace: 68413K(69440K)->68413K(69440K) NonClass: 59961K(60480K)->59961K(60480K) Class: 8452K(8960K)->8452K(8960K)
[161.997s][info][gc             ] GC(692) Pause Young (Prepare Mixed) (G1 Evacuation Pause) 585M->293M(924M) 27.989ms
[161.997s][info][gc,cpu         ] GC(692) User=0.69s Sys=0.00s Real=0.03s
[162.397s][info][gc,start       ] GC(693) Pause Young (Mixed) (G1 Evacuation Pause)
[162.398s][info][gc,task        ] GC(693) Using 22 workers of 33 for evacuation
[162.443s][info][gc,phases      ] GC(693)   Pre Evacuate Collection Set: 0.2ms
[162.443s][info][gc,phases      ] GC(693)   Merge Heap Roots: 0.3ms
[162.443s][info][gc,phases      ] GC(693)   Evacuate Collection Set: 44.5ms
[162.443s][info][gc,phases      ] GC(693)   Post Evacuate Collection Set: 0.6ms
[162.443s][info][gc,phases      ] GC(693)   Other: 0.1ms
[162.443s][info][gc,heap        ] GC(693) Eden regions: 503->0(417)
[162.443s][info][gc,heap        ] GC(693) Survivor regions: 34->68(68)
[162.443s][info][gc,heap        ] GC(693) Old regions: 228->252
[162.443s][info][gc,heap        ] GC(693) Archive regions: 0->0
[162.443s][info][gc,heap        ] GC(693) Humongous regions: 62->62
[162.443s][info][gc,metaspace   ] GC(693) Metaspace: 68413K(69440K)->68413K(69440K) NonClass: 59961K(60480K)->59961K(60480K) Class: 8452K(8960K)->8452K(8960K)
[162.443s][info][gc             ] GC(693) Pause Young (Mixed) (G1 Evacuation Pause) 824M->378M(925M) 46.013ms
[162.444s][info][gc,cpu         ] GC(693) User=1.03s Sys=0.00s Real=0.05s
[162.450s][info][gc,start       ] GC(694) Pause Young (Concurrent Start) (G1 Humongous Allocation)
[162.451s][info][gc,task        ] GC(694) Using 22 workers of 33 for evacuation
[162.473s][info][gc,phases      ] GC(694)   Pre Evacuate Collection Set: 0.2ms
[162.473s][info][gc,phases      ] GC(694)   Merge Heap Roots: 0.1ms
[162.473s][info][gc,phases      ] GC(694)   Evacuate Collection Set: 22.0ms
[162.473s][info][gc,phases      ] GC(694)   Post Evacuate Collection Set: 0.4ms
[162.473s][info][gc,phases      ] GC(694)   Other: 0.1ms
[162.473s][info][gc,heap        ] GC(694) Eden regions: 3->0(418)
[162.473s][info][gc,heap        ] GC(694) Survivor regions: 68->3(61)
[162.473s][info][gc,heap        ] GC(694) Old regions: 252->324
[162.473s][info][gc,heap        ] GC(694) Archive regions: 0->0
[162.473s][info][gc,heap        ] GC(694) Humongous regions: 62->62
[162.474s][info][gc,metaspace   ] GC(694) Metaspace: 68413K(69440K)->68413K(69440K) NonClass: 59961K(60480K)->59961K(60480K) Class: 8452K(8960K)->8452K(8960K)
[162.474s][info][gc             ] GC(694) Pause Young (Concurrent Start) (G1 Humongous Allocation) 381M->385M(925M) 23.044ms
[162.474s][info][gc             ] GC(695) Concurrent Mark Cycle
[162.474s][info][gc,cpu         ] GC(694) User=0.69s Sys=0.00s Real=0.03s
[162.474s][info][gc,marking     ] GC(695) Concurrent Scan Root Regions
[162.479s][info][gc,marking     ] GC(695) Concurrent Scan Root Regions 5.592ms
[162.479s][info][gc,marking     ] GC(695) Concurrent Mark
[162.479s][info][gc,marking     ] GC(695) Concurrent Mark From Roots
[162.479s][info][gc,task        ] GC(695) Using 8 workers of 8 for marking
[162.523s][info][gc,marking     ] GC(695) Concurrent Mark From Roots 43.320ms
[162.523s][info][gc,marking     ] GC(695) Concurrent Preclean
[162.523s][info][gc,marking     ] GC(695) Concurrent Preclean 0.167ms
[162.523s][info][gc,start       ] GC(695) Pause Remark
[162.525s][info][gc             ] GC(695) Pause Remark 428M->355M(925M) 1.972ms
[162.525s][info][gc,cpu         ] GC(695) User=0.00s Sys=0.00s Real=0.00s
[162.525s][info][gc,marking     ] GC(695) Concurrent Mark 45.796ms
[162.525s][info][gc,marking     ] GC(695) Concurrent Rebuild Remembered Sets and Scrub Regions
[162.550s][info][gc,marking     ] GC(695) Concurrent Rebuild Remembered Sets and Scrub Regions 24.887ms
[162.550s][info][gc,start       ] GC(695) Pause Cleanup
[162.550s][info][gc             ] GC(695) Pause Cleanup 381M->381M(925M) 0.289ms
[162.550s][info][gc,cpu         ] GC(695) User=0.00s Sys=0.00s Real=0.00s
[162.551s][info][gc,marking     ] GC(695) Concurrent Clear Claimed Marks
[162.551s][info][gc,marking     ] GC(695) Concurrent Clear Claimed Marks 0.079ms
[162.551s][info][gc,marking     ] GC(695) Concurrent Cleanup for Next Mark
[162.551s][info][gc,marking     ] GC(695) Concurrent Cleanup for Next Mark 0.589ms
[162.551s][info][gc             ] GC(695) Concurrent Mark Cycle 77.672ms
[162.932s][info][gc,start       ] GC(696) Pause Young (Prepare Mixed) (G1 Evacuation Pause)
[162.932s][info][gc,task        ] GC(696) Using 22 workers of 33 for evacuation
[162.976s][info][gc,phases      ] GC(696)   Pre Evacuate Collection Set: 0.2ms
[162.976s][info][gc,phases      ] GC(696)   Merge Heap Roots: 0.7ms
[162.976s][info][gc,phases      ] GC(696)   Evacuate Collection Set: 41.8ms
[162.976s][info][gc,phases      ] GC(696)   Post Evacuate Collection Set: 0.7ms
[162.976s][info][gc,phases      ] GC(696)   Other: 0.2ms
[162.976s][info][gc,heap        ] GC(696) Eden regions: 315->0(401)
[162.976s][info][gc,heap        ] GC(696) Survivor regions: 3->48(53)
[162.976s][info][gc,heap        ] GC(696) Old regions: 290->290
[162.976s][info][gc,heap        ] GC(696) Archive regions: 0->0
[162.976s][info][gc,heap        ] GC(696) Humongous regions: 317->114
[162.976s][info][gc,metaspace   ] GC(696) Metaspace: 68439K(69440K)->68439K(69440K) NonClass: 59986K(60480K)->59986K(60480K) Class: 8452K(8960K)->8452K(8960K)
[162.976s][info][gc             ] GC(696) Pause Young (Prepare Mixed) (G1 Evacuation Pause) 921M->448M(973M) 43.920ms
[162.976s][info][gc,cpu         ] GC(696) User=0.98s Sys=0.05s Real=0.05s
[163.165s][info][gc,start       ] GC(697) Pause Young (Mixed) (G1 Evacuation Pause)
[163.165s][info][gc,task        ] GC(697) Using 23 workers of 33 for evacuation
[163.201s][info][gc,phases      ] GC(697)   Pre Evacuate Collection Set: 0.2ms
[163.201s][info][gc,phases      ] GC(697)   Merge Heap Roots: 0.3ms
[163.201s][info][gc,phases      ] GC(697)   Evacuate Collection Set: 34.8ms
[163.201s][info][gc,phases      ] GC(697)   Post Evacuate Collection Set: 0.5ms
[163.201s][info][gc,phases      ] GC(697)   Other: 0.2ms
[163.201s][info][gc,heap        ] GC(697) Eden regions: 401->0(370)
[163.201s][info][gc,heap        ] GC(697) Survivor regions: 48->40(57)
[163.201s][info][gc,heap        ] GC(697) Old regions: 290->328
[163.201s][info][gc,heap        ] GC(697) Archive regions: 0->0
[163.201s][info][gc,heap        ] GC(697) Humongous regions: 120->120
[163.201s][info][gc,metaspace   ] GC(697) Metaspace: 68439K(69440K)->68439K(69440K) NonClass: 59986K(60480K)->59986K(60480K) Class: 8452K(8960K)->8452K(8960K)
[163.201s][info][gc             ] GC(697) Pause Young (Mixed) (G1 Evacuation Pause) 855M->484M(973M) 36.387ms
[163.201s][info][gc,cpu         ] GC(697) User=0.72s Sys=0.00s Real=0.03s
[163.528s][info][gc,heap,exit   ] Heap
[163.528s][info][gc,heap,exit   ]  garbage-first heap   total 996352K, used 702811K [0x00000000c0000000, 0x0000000100000000)
[163.528s][info][gc,heap,exit   ]   region size 1024K, 242 young (247808K), 40 survivors (40960K)
[163.528s][info][gc,heap,exit   ]  Metaspace       used 68839K, committed 69824K, reserved 1114112K
[163.528s][info][gc,heap,exit   ]   class space    used 8533K, committed 9024K, reserved 1048576K
