[0.017s][info][gc,init] CardTable entry size: 512
[0.017s][info][gc     ] Using G1
[0.025s][info][gc,init] Version: 20+36-2344 (release)
[0.025s][info][gc,init] CPUs: 48 total, 48 available
[0.025s][info][gc,init] Memory: 382G
[0.025s][info][gc,init] Large Page Support: Disabled
[0.025s][info][gc,init] NUMA Support: Disabled
[0.025s][info][gc,init] Compressed Oops: Enabled (32-bit)
[0.025s][info][gc,init] Heap Region Size: 1M
[0.025s][info][gc,init] Heap Min Capacity: 8M
[0.025s][info][gc,init] Heap Initial Capacity: 512M
[0.025s][info][gc,init] Heap Max Capacity: 512M
[0.032s][info][gc,init] Pre-touch: Disabled
[0.032s][info][gc,init] Parallel Workers: 33
[0.032s][info][gc,init] Concurrent Workers: 8
[0.032s][info][gc,init] Concurrent Refinement Workers: 33
[0.032s][info][gc,init] Periodic GC: Disabled
[0.033s][info][gc,metaspace] CDS archive(s) mapped at: [0x0000000800000000-0x0000000800c60000-0x0000000800c60000), size 12976128, SharedBaseAddress: 0x0000000800000000, ArchiveRelocationMode: 0.
[0.033s][info][gc,metaspace] Compressed class space mapped at: 0x0000000801000000-0x0000000841000000, reserved size: 1073741824
[0.033s][info][gc,metaspace] Narrow klass base: 0x0000000800000000, Narrow klass shift: 0, Narrow klass range: 0x100000000
[2.687s][info][gc,start    ] GC(0) Pause Young (Normal) (G1 Evacuation Pause)
[2.688s][info][gc,task     ] GC(0) Using 12 workers of 33 for evacuation
[2.694s][info][gc,phases   ] GC(0)   Pre Evacuate Collection Set: 0.2ms
[2.694s][info][gc,phases   ] GC(0)   Merge Heap Roots: 0.1ms
[2.694s][info][gc,phases   ] GC(0)   Evacuate Collection Set: 4.8ms
[2.694s][info][gc,phases   ] GC(0)   Post Evacuate Collection Set: 0.9ms
[2.694s][info][gc,phases   ] GC(0)   Other: 1.0ms
[2.695s][info][gc,heap     ] GC(0) Eden regions: 25->0(33)
[2.695s][info][gc,heap     ] GC(0) Survivor regions: 0->4(4)
[2.695s][info][gc,heap     ] GC(0) Old regions: 0->0
[2.695s][info][gc,heap     ] GC(0) Archive regions: 0->0
[2.695s][info][gc,heap     ] GC(0) Humongous regions: 0->0
[2.695s][info][gc,metaspace] GC(0) Metaspace: 8254K(8512K)->8254K(8512K) NonClass: 7150K(7296K)->7150K(7296K) Class: 1104K(1216K)->1104K(1216K)
[2.695s][info][gc          ] GC(0) Pause Young (Normal) (G1 Evacuation Pause) 25M->3M(512M) 7.698ms
[2.695s][info][gc,cpu      ] GC(0) User=0.19s Sys=0.00s Real=0.01s
[9.920s][info][gc,start    ] GC(1) Pause Young (Normal) (G1 Evacuation Pause)
[9.920s][info][gc,task     ] GC(1) Using 12 workers of 33 for evacuation
[9.928s][info][gc,phases   ] GC(1)   Pre Evacuate Collection Set: 0.1ms
[9.929s][info][gc,phases   ] GC(1)   Merge Heap Roots: 0.1ms
[9.929s][info][gc,phases   ] GC(1)   Evacuate Collection Set: 7.2ms
[9.929s][info][gc,phases   ] GC(1)   Post Evacuate Collection Set: 0.9ms
[9.929s][info][gc,phases   ] GC(1)   Other: 0.1ms
[9.929s][info][gc,heap     ] GC(1) Eden regions: 33->0(302)
[9.929s][info][gc,heap     ] GC(1) Survivor regions: 4->5(5)
[9.929s][info][gc,heap     ] GC(1) Old regions: 0->8
[9.929s][info][gc,heap     ] GC(1) Archive regions: 0->0
[9.929s][info][gc,heap     ] GC(1) Humongous regions: 6->6
[9.929s][info][gc,metaspace] GC(1) Metaspace: 15641K(15872K)->15641K(15872K) NonClass: 13596K(13696K)->13596K(13696K) Class: 2044K(2176K)->2044K(2176K)
[9.929s][info][gc          ] GC(1) Pause Young (Normal) (G1 Evacuation Pause) 42M->18M(512M) 8.958ms
[9.929s][info][gc,cpu      ] GC(1) User=0.13s Sys=0.06s Real=0.01s
[10.289s][info][gc,start    ] GC(2) Pause Young (Concurrent Start) (Metadata GC Threshold)
[10.289s][info][gc,task     ] GC(2) Using 12 workers of 33 for evacuation
[10.293s][info][gc,phases   ] GC(2)   Pre Evacuate Collection Set: 0.2ms
[10.293s][info][gc,phases   ] GC(2)   Merge Heap Roots: 0.1ms
[10.293s][info][gc,phases   ] GC(2)   Evacuate Collection Set: 2.6ms
[10.293s][info][gc,phases   ] GC(2)   Post Evacuate Collection Set: 1.0ms
[10.293s][info][gc,phases   ] GC(2)   Other: 0.2ms
[10.293s][info][gc,heap     ] GC(2) Eden regions: 18->0(300)
[10.294s][info][gc,heap     ] GC(2) Survivor regions: 5->7(39)
[10.294s][info][gc,heap     ] GC(2) Old regions: 8->8
[10.294s][info][gc,heap     ] GC(2) Archive regions: 0->0
[10.294s][info][gc,heap     ] GC(2) Humongous regions: 6->6
[10.294s][info][gc,metaspace] GC(2) Metaspace: 21275K(21504K)->21275K(21504K) NonClass: 18555K(18688K)->18555K(18688K) Class: 2719K(2816K)->2719K(2816K)
[10.294s][info][gc          ] GC(2) Pause Young (Concurrent Start) (Metadata GC Threshold) 36M->20M(512M) 4.800ms
[10.294s][info][gc,cpu      ] GC(2) User=0.00s Sys=0.00s Real=0.01s
[10.294s][info][gc          ] GC(3) Concurrent Mark Cycle
[10.294s][info][gc,marking  ] GC(3) Concurrent Scan Root Regions
[10.297s][info][gc,marking  ] GC(3) Concurrent Scan Root Regions 3.099ms
[10.297s][info][gc,marking  ] GC(3) Concurrent Mark
[10.297s][info][gc,marking  ] GC(3) Concurrent Mark From Roots
[10.297s][info][gc,task     ] GC(3) Using 8 workers of 8 for marking
[10.303s][info][gc,marking  ] GC(3) Concurrent Mark From Roots 5.314ms
[10.303s][info][gc,marking  ] GC(3) Concurrent Preclean
[10.303s][info][gc,marking  ] GC(3) Concurrent Preclean 0.053ms
[10.303s][info][gc,start    ] GC(3) Pause Remark
[10.306s][info][gc          ] GC(3) Pause Remark 22M->22M(77M) 3.155ms
[10.306s][info][gc,cpu      ] GC(3) User=0.00s Sys=0.00s Real=0.00s
[10.306s][info][gc,marking  ] GC(3) Concurrent Mark 8.859ms
[10.306s][info][gc,marking  ] GC(3) Concurrent Rebuild Remembered Sets and Scrub Regions
[10.308s][info][gc,marking  ] GC(3) Concurrent Rebuild Remembered Sets and Scrub Regions 2.026ms
[10.309s][info][gc,start    ] GC(3) Pause Cleanup
[10.309s][info][gc          ] GC(3) Pause Cleanup 22M->22M(77M) 0.125ms
[10.309s][info][gc,cpu      ] GC(3) User=0.00s Sys=0.00s Real=0.00s
[10.309s][info][gc,marking  ] GC(3) Concurrent Clear Claimed Marks
[10.309s][info][gc,marking  ] GC(3) Concurrent Clear Claimed Marks 0.044ms
[10.309s][info][gc,marking  ] GC(3) Concurrent Cleanup for Next Mark
[10.310s][info][gc,marking  ] GC(3) Concurrent Cleanup for Next Mark 0.639ms
[10.310s][info][gc          ] GC(3) Concurrent Mark Cycle 15.783ms
[11.195s][info][gc,start    ] GC(4) Pause Young (Prepare Mixed) (G1 Evacuation Pause)
[11.195s][info][gc,task     ] GC(4) Using 7 workers of 33 for evacuation
[11.206s][info][gc,phases   ] GC(4)   Pre Evacuate Collection Set: 0.1ms
[11.206s][info][gc,phases   ] GC(4)   Merge Heap Roots: 0.1ms
[11.206s][info][gc,phases   ] GC(4)   Evacuate Collection Set: 8.8ms
[11.206s][info][gc,phases   ] GC(4)   Post Evacuate Collection Set: 1.3ms
[11.206s][info][gc,phases   ] GC(4)   Other: 0.1ms
[11.206s][info][gc,heap     ] GC(4) Eden regions: 56->0(41)
[11.206s][info][gc,heap     ] GC(4) Survivor regions: 7->11(39)
[11.206s][info][gc,heap     ] GC(4) Old regions: 8->8
[11.206s][info][gc,heap     ] GC(4) Archive regions: 0->0
[11.206s][info][gc,heap     ] GC(4) Humongous regions: 6->6
[11.206s][info][gc,metaspace] GC(4) Metaspace: 32907K(33280K)->32907K(33280K) NonClass: 28727K(28928K)->28727K(28928K) Class: 4179K(4352K)->4179K(4352K)
[11.206s][info][gc          ] GC(4) Pause Young (Prepare Mixed) (G1 Evacuation Pause) 76M->24M(88M) 10.894ms
[11.206s][info][gc,cpu      ] GC(4) User=0.00s Sys=0.00s Real=0.01s
[11.323s][info][gc,start    ] GC(5) Pause Young (Mixed) (Metadata GC Threshold)
[11.323s][info][gc,task     ] GC(5) Using 4 workers of 33 for evacuation
[11.336s][info][gc,phases   ] GC(5)   Pre Evacuate Collection Set: 0.1ms
[11.336s][info][gc,phases   ] GC(5)   Merge Heap Roots: 0.1ms
[11.336s][info][gc,phases   ] GC(5)   Evacuate Collection Set: 11.6ms
[11.336s][info][gc,phases   ] GC(5)   Post Evacuate Collection Set: 0.7ms
[11.336s][info][gc,phases   ] GC(5)   Other: 0.1ms
[11.336s][info][gc,heap     ] GC(5) Eden regions: 10->0(41)
[11.336s][info][gc,heap     ] GC(5) Survivor regions: 11->2(7)
[11.336s][info][gc,heap     ] GC(5) Old regions: 8->19
[11.336s][info][gc,heap     ] GC(5) Archive regions: 0->0
[11.336s][info][gc,heap     ] GC(5) Humongous regions: 6->6
[11.336s][info][gc,metaspace] GC(5) Metaspace: 35587K(35968K)->35587K(35968K) NonClass: 31097K(31296K)->31097K(31296K) Class: 4489K(4672K)->4489K(4672K)
[11.336s][info][gc          ] GC(5) Pause Young (Mixed) (Metadata GC Threshold) 33M->25M(88M) 13.261ms
[11.336s][info][gc,cpu      ] GC(5) User=0.00s Sys=0.00s Real=0.00s
[11.370s][info][gc,start    ] GC(6) Pause Young (Concurrent Start) (Metadata GC Threshold)
[11.370s][info][gc,task     ] GC(6) Using 3 workers of 33 for evacuation
[11.374s][info][gc,phases   ] GC(6)   Pre Evacuate Collection Set: 0.2ms
[11.374s][info][gc,phases   ] GC(6)   Merge Heap Roots: 0.1ms
[11.374s][info][gc,phases   ] GC(6)   Evacuate Collection Set: 2.6ms
[11.374s][info][gc,phases   ] GC(6)   Post Evacuate Collection Set: 0.6ms
[11.374s][info][gc,phases   ] GC(6)   Other: 0.1ms
[11.374s][info][gc,heap     ] GC(6) Eden regions: 4->0(46)
[11.374s][info][gc,heap     ] GC(6) Survivor regions: 2->1(6)
[11.374s][info][gc,heap     ] GC(6) Old regions: 19->19
[11.374s][info][gc,heap     ] GC(6) Archive regions: 0->0
[11.374s][info][gc,heap     ] GC(6) Humongous regions: 6->6
[11.374s][info][gc,metaspace] GC(6) Metaspace: 35940K(36288K)->35940K(36288K) NonClass: 31406K(31616K)->31406K(31616K) Class: 4533K(4672K)->4533K(4672K)
[11.374s][info][gc          ] GC(6) Pause Young (Concurrent Start) (Metadata GC Threshold) 28M->24M(88M) 4.192ms
[11.374s][info][gc          ] GC(7) Concurrent Mark Cycle
[11.374s][info][gc,cpu      ] GC(6) User=0.00s Sys=0.00s Real=0.00s
[11.374s][info][gc,marking  ] GC(7) Concurrent Scan Root Regions
[11.376s][info][gc,marking  ] GC(7) Concurrent Scan Root Regions 2.062ms
[11.376s][info][gc,marking  ] GC(7) Concurrent Mark
[11.376s][info][gc,marking  ] GC(7) Concurrent Mark From Roots
[11.376s][info][gc,task     ] GC(7) Using 8 workers of 8 for marking
[11.385s][info][gc,marking  ] GC(7) Concurrent Mark From Roots 8.405ms
[11.385s][info][gc,marking  ] GC(7) Concurrent Preclean
[11.385s][info][gc,marking  ] GC(7) Concurrent Preclean 0.085ms
[11.385s][info][gc,start    ] GC(7) Pause Remark
[11.391s][info][gc          ] GC(7) Pause Remark 25M->25M(88M) 5.934ms
[11.391s][info][gc,cpu      ] GC(7) User=0.00s Sys=0.00s Real=0.00s
[11.391s][info][gc,marking  ] GC(7) Concurrent Mark 14.729ms
[11.391s][info][gc,marking  ] GC(7) Concurrent Rebuild Remembered Sets and Scrub Regions
[11.394s][info][gc,marking  ] GC(7) Concurrent Rebuild Remembered Sets and Scrub Regions 2.911ms
[11.394s][info][gc,start    ] GC(7) Pause Cleanup
[11.394s][info][gc          ] GC(7) Pause Cleanup 25M->25M(88M) 0.134ms
[11.394s][info][gc,cpu      ] GC(7) User=0.00s Sys=0.00s Real=0.00s
[11.394s][info][gc,marking  ] GC(7) Concurrent Clear Claimed Marks
[11.394s][info][gc,marking  ] GC(7) Concurrent Clear Claimed Marks 0.044ms
[11.394s][info][gc,marking  ] GC(7) Concurrent Cleanup for Next Mark
[11.395s][info][gc,marking  ] GC(7) Concurrent Cleanup for Next Mark 0.256ms
[11.395s][info][gc          ] GC(7) Concurrent Mark Cycle 20.526ms
[11.784s][info][gc,start    ] GC(8) Pause Young (Prepare Mixed) (G1 Evacuation Pause)
[11.784s][info][gc,task     ] GC(8) Using 2 workers of 33 for evacuation
[11.871s][info][gc,phases   ] GC(8)   Pre Evacuate Collection Set: 0.1ms
[11.871s][info][gc,phases   ] GC(8)   Merge Heap Roots: 0.1ms
[11.871s][info][gc,phases   ] GC(8)   Evacuate Collection Set: 85.1ms
[11.871s][info][gc,phases   ] GC(8)   Post Evacuate Collection Set: 1.1ms
[11.871s][info][gc,phases   ] GC(8)   Other: 0.1ms
[11.871s][info][gc,heap     ] GC(8) Eden regions: 46->0(21)
[11.871s][info][gc,heap     ] GC(8) Survivor regions: 1->6(6)
[11.871s][info][gc,heap     ] GC(8) Old regions: 19->33
[11.871s][info][gc,heap     ] GC(8) Archive regions: 0->0
[11.871s][info][gc,heap     ] GC(8) Humongous regions: 6->6
[11.871s][info][gc,metaspace] GC(8) Metaspace: 42250K(42624K)->42250K(42624K) NonClass: 36948K(37184K)->36948K(37184K) Class: 5302K(5440K)->5302K(5440K)
[11.871s][info][gc          ] GC(8) Pause Young (Prepare Mixed) (G1 Evacuation Pause) 70M->45M(92M) 87.032ms
[11.871s][info][gc,cpu      ] GC(8) User=0.19s Sys=0.00s Real=0.09s
[11.924s][info][gc,start    ] GC(9) Pause Young (Mixed) (G1 Evacuation Pause)
[11.924s][info][gc,task     ] GC(9) Using 2 workers of 33 for evacuation
[12.012s][info][gc,phases   ] GC(9)   Pre Evacuate Collection Set: 0.1ms
[12.012s][info][gc,phases   ] GC(9)   Merge Heap Roots: 0.1ms
[12.012s][info][gc,phases   ] GC(9)   Evacuate Collection Set: 87.1ms
[12.012s][info][gc,phases   ] GC(9)   Post Evacuate Collection Set: 0.6ms
[12.012s][info][gc,phases   ] GC(9)   Other: 0.1ms
[12.012s][info][gc,heap     ] GC(9) Eden regions: 21->0(9)
[12.012s][info][gc,heap     ] GC(9) Survivor regions: 6->4(4)
[12.012s][info][gc,heap     ] GC(9) Old regions: 33->56
[12.012s][info][gc,heap     ] GC(9) Archive regions: 0->0
[12.012s][info][gc,heap     ] GC(9) Humongous regions: 6->6
[12.012s][info][gc,metaspace] GC(9) Metaspace: 42267K(42688K)->42267K(42688K) NonClass: 36961K(37184K)->36961K(37184K) Class: 5305K(5504K)->5305K(5504K)
[12.012s][info][gc          ] GC(9) Pause Young (Mixed) (G1 Evacuation Pause) 66M->65M(94M) 88.561ms
[12.012s][info][gc,cpu      ] GC(9) User=0.20s Sys=0.00s Real=0.09s
[12.044s][info][gc,start    ] GC(10) Pause Young (Concurrent Start) (G1 Evacuation Pause)
[12.045s][info][gc,task     ] GC(10) Using 2 workers of 33 for evacuation
[12.088s][info][gc,phases   ] GC(10)   Pre Evacuate Collection Set: 0.2ms
[12.088s][info][gc,phases   ] GC(10)   Merge Heap Roots: 0.0ms
[12.088s][info][gc,phases   ] GC(10)   Evacuate Collection Set: 42.8ms
[12.088s][info][gc,phases   ] GC(10)   Post Evacuate Collection Set: 0.2ms
[12.088s][info][gc,phases   ] GC(10)   Other: 0.1ms
[12.088s][info][gc,heap     ] GC(10) Eden regions: 9->0(5)
[12.088s][info][gc,heap     ] GC(10) Survivor regions: 4->2(2)
[12.088s][info][gc,heap     ] GC(10) Old regions: 56->67
[12.088s][info][gc,heap     ] GC(10) Archive regions: 0->0
[12.088s][info][gc,heap     ] GC(10) Humongous regions: 6->6
[12.088s][info][gc,metaspace] GC(10) Metaspace: 42267K(42688K)->42267K(42688K) NonClass: 36961K(37184K)->36961K(37184K) Class: 5305K(5504K)->5305K(5504K)
[12.088s][info][gc          ] GC(10) Pause Young (Concurrent Start) (G1 Evacuation Pause) 74M->74M(94M) 43.798ms
[12.088s][info][gc,cpu      ] GC(10) User=0.09s Sys=0.00s Real=0.04s
[12.088s][info][gc          ] GC(11) Concurrent Mark Cycle
[12.088s][info][gc,marking  ] GC(11) Concurrent Scan Root Regions
[12.091s][info][gc,marking  ] GC(11) Concurrent Scan Root Regions 2.822ms
[12.091s][info][gc,marking  ] GC(11) Concurrent Mark
[12.091s][info][gc,marking  ] GC(11) Concurrent Mark From Roots
[12.091s][info][gc,task     ] GC(11) Using 8 workers of 8 for marking
[12.112s][info][gc,start    ] GC(12) Pause Young (Normal) (G1 Evacuation Pause)
[12.112s][info][gc,task     ] GC(12) Using 2 workers of 33 for evacuation
[12.138s][info][gc,phases   ] GC(12)   Pre Evacuate Collection Set: 0.1ms
[12.138s][info][gc,phases   ] GC(12)   Merge Heap Roots: 0.0ms
[12.138s][info][gc,phases   ] GC(12)   Evacuate Collection Set: 22.4ms
[12.138s][info][gc,phases   ] GC(12)   Post Evacuate Collection Set: 2.8ms
[12.138s][info][gc,phases   ] GC(12)   Other: 0.1ms
[12.138s][info][gc,heap     ] GC(12) Eden regions: 5->0(77)
[12.138s][info][gc,heap     ] GC(12) Survivor regions: 2->1(1)
[12.138s][info][gc,heap     ] GC(12) Old regions: 67->73
[12.138s][info][gc,heap     ] GC(12) Archive regions: 0->0
[12.138s][info][gc,heap     ] GC(12) Humongous regions: 6->6
[12.138s][info][gc,metaspace] GC(12) Metaspace: 42267K(42688K)->42267K(42688K) NonClass: 36961K(37184K)->36961K(37184K) Class: 5305K(5504K)->5305K(5504K)
[12.138s][info][gc          ] GC(12) Pause Young (Normal) (G1 Evacuation Pause) 79M->79M(303M) 25.782ms
[12.138s][info][gc,cpu      ] GC(12) User=0.06s Sys=0.00s Real=0.02s
[12.184s][info][gc,marking  ] GC(11) Concurrent Mark From Roots 92.390ms
[12.184s][info][gc,marking  ] GC(11) Concurrent Preclean
[12.184s][info][gc,marking  ] GC(11) Concurrent Preclean 0.139ms
[12.184s][info][gc,start    ] GC(11) Pause Remark
[12.188s][info][gc          ] GC(11) Pause Remark 98M->98M(303M) 3.887ms
[12.188s][info][gc,cpu      ] GC(11) User=0.00s Sys=0.00s Real=0.00s
[12.188s][info][gc,marking  ] GC(11) Concurrent Mark 96.809ms
[12.188s][info][gc,marking  ] GC(11) Concurrent Rebuild Remembered Sets and Scrub Regions
[12.194s][info][gc,marking  ] GC(11) Concurrent Rebuild Remembered Sets and Scrub Regions 5.682ms
[12.194s][info][gc,start    ] GC(11) Pause Cleanup
[12.194s][info][gc          ] GC(11) Pause Cleanup 100M->100M(303M) 0.219ms
[12.194s][info][gc,cpu      ] GC(11) User=0.00s Sys=0.00s Real=0.00s
[12.194s][info][gc,marking  ] GC(11) Concurrent Clear Claimed Marks
[12.194s][info][gc,marking  ] GC(11) Concurrent Clear Claimed Marks 0.028ms
[12.194s][info][gc,marking  ] GC(11) Concurrent Cleanup for Next Mark
[12.195s][info][gc,marking  ] GC(11) Concurrent Cleanup for Next Mark 0.997ms
[12.195s][info][gc          ] GC(11) Concurrent Mark Cycle 106.987ms
[12.343s][info][gc,start    ] GC(13) Pause Young (Prepare Mixed) (G1 Evacuation Pause)
[12.343s][info][gc,task     ] GC(13) Using 7 workers of 33 for evacuation
[13.016s][info][gc,mmu      ] GC(13) MMU target violated: 201.0ms (200.0ms/201.0ms)
[13.016s][info][gc,phases   ] GC(13)   Pre Evacuate Collection Set: 0.1ms
[13.017s][info][gc,phases   ] GC(13)   Merge Heap Roots: 0.1ms
[13.017s][info][gc,phases   ] GC(13)   Evacuate Collection Set: 673.0ms
[13.017s][info][gc,phases   ] GC(13)   Post Evacuate Collection Set: 0.4ms
[13.017s][info][gc,phases   ] GC(13)   Other: 0.3ms
[13.017s][info][gc,heap     ] GC(13) Eden regions: 77->0(45)
[13.017s][info][gc,heap     ] GC(13) Survivor regions: 1->10(10)
[13.017s][info][gc,heap     ] GC(13) Old regions: 73->141
[13.017s][info][gc,heap     ] GC(13) Archive regions: 0->0
[13.017s][info][gc,heap     ] GC(13) Humongous regions: 6->6
[13.017s][info][gc,metaspace] GC(13) Metaspace: 42267K(42688K)->42267K(42688K) NonClass: 36961K(37184K)->36961K(37184K) Class: 5305K(5504K)->5305K(5504K)
[13.017s][info][gc          ] GC(13) Pause Young (Prepare Mixed) (G1 Evacuation Pause) 156M->157M(303M) 674.330ms
[13.017s][info][gc,cpu      ] GC(13) User=2.08s Sys=0.13s Real=0.67s
[13.140s][info][gc,start    ] GC(14) Pause Young (Mixed) (G1 Evacuation Pause)
[13.140s][info][gc,task     ] GC(14) Using 7 workers of 33 for evacuation
[13.513s][info][gc,mmu      ] GC(14) MMU target violated: 201.0ms (200.0ms/201.0ms)
[13.513s][info][gc,phases   ] GC(14)   Pre Evacuate Collection Set: 0.1ms
[13.513s][info][gc,phases   ] GC(14)   Merge Heap Roots: 0.1ms
[13.513s][info][gc,phases   ] GC(14)   Evacuate Collection Set: 372.4ms
[13.513s][info][gc,phases   ] GC(14)   Post Evacuate Collection Set: 0.4ms
[13.513s][info][gc,phases   ] GC(14)   Other: 0.2ms
[13.513s][info][gc,heap     ] GC(14) Eden regions: 45->0(31)
[13.513s][info][gc,heap     ] GC(14) Survivor regions: 10->7(7)
[13.513s][info][gc,heap     ] GC(14) Old regions: 141->190
[13.513s][info][gc,heap     ] GC(14) Archive regions: 0->0
[13.513s][info][gc,heap     ] GC(14) Humongous regions: 6->6
[13.513s][info][gc,metaspace] GC(14) Metaspace: 42267K(42688K)->42267K(42688K) NonClass: 36961K(37184K)->36961K(37184K) Class: 5305K(5504K)->5305K(5504K)
[13.513s][info][gc          ] GC(14) Pause Young (Mixed) (G1 Evacuation Pause) 202M->203M(303M) 373.638ms
[13.513s][info][gc,cpu      ] GC(14) User=1.28s Sys=0.03s Real=0.36s
[13.588s][info][gc,start    ] GC(15) Pause Young (Concurrent Start) (G1 Evacuation Pause)
[13.588s][info][gc,task     ] GC(15) Using 7 workers of 33 for evacuation
[13.821s][info][gc,mmu      ] GC(15) MMU target violated: 201.0ms (200.0ms/201.0ms)
[13.822s][info][gc,phases   ] GC(15)   Pre Evacuate Collection Set: 0.2ms
[13.822s][info][gc,phases   ] GC(15)   Merge Heap Roots: 0.1ms
[13.822s][info][gc,phases   ] GC(15)   Evacuate Collection Set: 232.9ms
[13.822s][info][gc,phases   ] GC(15)   Post Evacuate Collection Set: 0.3ms
[13.822s][info][gc,phases   ] GC(15)   Other: 0.3ms
[13.822s][info][gc,heap     ] GC(15) Eden regions: 31->0(20)
[13.822s][info][gc,heap     ] GC(15) Survivor regions: 7->5(5)
[13.822s][info][gc,heap     ] GC(15) Old regions: 190->225
[13.822s][info][gc,heap     ] GC(15) Archive regions: 0->0
[13.822s][info][gc,heap     ] GC(15) Humongous regions: 6->6
[13.822s][info][gc,metaspace] GC(15) Metaspace: 42267K(42688K)->42267K(42688K) NonClass: 36961K(37184K)->36961K(37184K) Class: 5305K(5504K)->5305K(5504K)
[13.822s][info][gc          ] GC(15) Pause Young (Concurrent Start) (G1 Evacuation Pause) 234M->235M(303M) 234.357ms
[13.822s][info][gc          ] GC(16) Concurrent Mark Cycle
[13.822s][info][gc,cpu      ] GC(15) User=1.19s Sys=0.00s Real=0.23s
[13.822s][info][gc,marking  ] GC(16) Concurrent Scan Root Regions
[13.828s][info][gc,marking  ] GC(16) Concurrent Scan Root Regions 5.925ms
[13.828s][info][gc,marking  ] GC(16) Concurrent Mark
[13.828s][info][gc,marking  ] GC(16) Concurrent Mark From Roots
[13.828s][info][gc,task     ] GC(16) Using 8 workers of 8 for marking
[13.867s][info][gc,start    ] GC(17) Pause Young (Normal) (G1 Evacuation Pause)
[13.867s][info][gc,task     ] GC(17) Using 7 workers of 33 for evacuation
[13.973s][info][gc,phases   ] GC(17)   Pre Evacuate Collection Set: 0.1ms
[13.973s][info][gc,phases   ] GC(17)   Merge Heap Roots: 0.1ms
[13.973s][info][gc,phases   ] GC(17)   Evacuate Collection Set: 106.0ms
[13.973s][info][gc,phases   ] GC(17)   Post Evacuate Collection Set: 0.2ms
[13.973s][info][gc,phases   ] GC(17)   Other: 0.1ms
[13.973s][info][gc,heap     ] GC(17) Eden regions: 20->0(13)
[13.973s][info][gc,heap     ] GC(17) Survivor regions: 5->4(4)
[13.973s][info][gc,heap     ] GC(17) Old regions: 225->248
[13.973s][info][gc,heap     ] GC(17) Archive regions: 0->0
[13.973s][info][gc,heap     ] GC(17) Humongous regions: 6->6
[13.973s][info][gc,metaspace] GC(17) Metaspace: 42267K(42688K)->42267K(42688K) NonClass: 36961K(37184K)->36961K(37184K) Class: 5305K(5504K)->5305K(5504K)
[13.973s][info][gc          ] GC(17) Pause Young (Normal) (G1 Evacuation Pause) 255M->257M(303M) 106.603ms
[13.973s][info][gc,cpu      ] GC(17) User=0.70s Sys=0.09s Real=0.11s
[13.999s][info][gc,start    ] GC(18) Pause Young (Normal) (G1 Evacuation Pause)
[13.999s][info][gc,task     ] GC(18) Using 7 workers of 33 for evacuation
[14.073s][info][gc,phases   ] GC(18)   Pre Evacuate Collection Set: 0.1ms
[14.073s][info][gc,phases   ] GC(18)   Merge Heap Roots: 0.1ms
[14.073s][info][gc,phases   ] GC(18)   Evacuate Collection Set: 72.1ms
[14.073s][info][gc,phases   ] GC(18)   Post Evacuate Collection Set: 1.2ms
[14.073s][info][gc,phases   ] GC(18)   Other: 0.1ms
[14.073s][info][gc,heap     ] GC(18) Eden regions: 13->0(35)
[14.073s][info][gc,heap     ] GC(18) Survivor regions: 4->3(3)
[14.073s][info][gc,heap     ] GC(18) Old regions: 248->263
[14.073s][info][gc,heap     ] GC(18) Archive regions: 0->0
[14.073s][info][gc,heap     ] GC(18) Humongous regions: 6->6
[14.073s][info][gc,metaspace] GC(18) Metaspace: 42267K(42688K)->42267K(42688K) NonClass: 36961K(37184K)->36961K(37184K) Class: 5305K(5504K)->5305K(5504K)
[14.073s][info][gc          ] GC(18) Pause Young (Normal) (G1 Evacuation Pause) 270M->272M(387M) 73.986ms
[14.073s][info][gc,cpu      ] GC(18) User=0.41s Sys=0.00s Real=0.07s
[14.170s][info][gc,start    ] GC(19) Pause Young (Normal) (G1 Evacuation Pause)
[14.170s][info][gc,task     ] GC(19) Using 9 workers of 33 for evacuation
[14.474s][info][gc,mmu      ] GC(19) MMU target violated: 201.0ms (200.0ms/201.0ms)
[14.474s][info][gc,phases   ] GC(19)   Pre Evacuate Collection Set: 0.1ms
[14.474s][info][gc,phases   ] GC(19)   Merge Heap Roots: 0.1ms
[14.474s][info][gc,phases   ] GC(19)   Evacuate Collection Set: 303.7ms
[14.474s][info][gc,phases   ] GC(19)   Post Evacuate Collection Set: 0.3ms
[14.474s][info][gc,phases   ] GC(19)   Other: 0.2ms
[14.475s][info][gc,heap     ] GC(19) Eden regions: 35->0(23)
[14.475s][info][gc,heap     ] GC(19) Survivor regions: 3->5(5)
[14.475s][info][gc,heap     ] GC(19) Old regions: 263->298
[14.475s][info][gc,heap     ] GC(19) Archive regions: 0->0
[14.475s][info][gc,heap     ] GC(19) Humongous regions: 6->6
[14.475s][info][gc,metaspace] GC(19) Metaspace: 42267K(42688K)->42267K(42688K) NonClass: 36961K(37184K)->36961K(37184K) Class: 5305K(5504K)->5305K(5504K)
[14.475s][info][gc          ] GC(19) Pause Young (Normal) (G1 Evacuation Pause) 307M->309M(387M) 304.859ms
[14.475s][info][gc,cpu      ] GC(19) User=1.08s Sys=0.05s Real=0.30s
[14.547s][info][gc,start    ] GC(20) Pause Young (Normal) (G1 Evacuation Pause)
[14.547s][info][gc,task     ] GC(20) Using 9 workers of 33 for evacuation
[14.719s][info][gc,phases   ] GC(20)   Pre Evacuate Collection Set: 0.1ms
[14.719s][info][gc,phases   ] GC(20)   Merge Heap Roots: 0.1ms
[14.719s][info][gc,phases   ] GC(20)   Evacuate Collection Set: 171.1ms
[14.719s][info][gc,phases   ] GC(20)   Post Evacuate Collection Set: 0.3ms
[14.719s][info][gc,phases   ] GC(20)   Other: 0.2ms
[14.719s][info][gc,heap     ] GC(20) Eden regions: 23->0(15)
[14.719s][info][gc,heap     ] GC(20) Survivor regions: 5->4(4)
[14.719s][info][gc,heap     ] GC(20) Old regions: 298->325
[14.719s][info][gc,heap     ] GC(20) Archive regions: 0->0
[14.719s][info][gc,heap     ] GC(20) Humongous regions: 6->6
[14.720s][info][gc,metaspace] GC(20) Metaspace: 42267K(42688K)->42267K(42688K) NonClass: 36961K(37184K)->36961K(37184K) Class: 5305K(5504K)->5305K(5504K)
[14.720s][info][gc          ] GC(20) Pause Young (Normal) (G1 Evacuation Pause) 332M->334M(387M) 172.295ms
[14.720s][info][gc,cpu      ] GC(20) User=0.75s Sys=0.03s Real=0.19s
[14.771s][info][gc,start    ] GC(21) Pause Young (Normal) (G1 Evacuation Pause)
[14.771s][info][gc,task     ] GC(21) Using 9 workers of 33 for evacuation
[14.867s][info][gc,phases   ] GC(21)   Pre Evacuate Collection Set: 0.1ms
[14.867s][info][gc,phases   ] GC(21)   Merge Heap Roots: 0.1ms
[14.867s][info][gc,phases   ] GC(21)   Evacuate Collection Set: 95.1ms
[14.867s][info][gc,phases   ] GC(21)   Post Evacuate Collection Set: 0.3ms
[14.867s][info][gc,phases   ] GC(21)   Other: 0.1ms
[14.867s][info][gc,heap     ] GC(21) Eden regions: 15->0(16)
[14.867s][info][gc,heap     ] GC(21) Survivor regions: 4->3(3)
[14.867s][info][gc,heap     ] GC(21) Old regions: 325->343
[14.867s][info][gc,heap     ] GC(21) Archive regions: 0->0
[14.867s][info][gc,heap     ] GC(21) Humongous regions: 6->6
[14.867s][info][gc,metaspace] GC(21) Metaspace: 42267K(42688K)->42267K(42688K) NonClass: 36961K(37184K)->36961K(37184K) Class: 5305K(5504K)->5305K(5504K)
[14.867s][info][gc          ] GC(21) Pause Young (Normal) (G1 Evacuation Pause) 349M->351M(387M) 96.239ms
[14.867s][info][gc,cpu      ] GC(21) User=0.41s Sys=0.02s Real=0.09s
[14.915s][info][gc,start    ] GC(22) Pause Young (Normal) (G1 Evacuation Pause)
[14.915s][info][gc,task     ] GC(22) Using 9 workers of 33 for evacuation
[15.028s][info][gc,phases   ] GC(22)   Pre Evacuate Collection Set: 0.1ms
[15.028s][info][gc,phases   ] GC(22)   Merge Heap Roots: 0.1ms
[15.028s][info][gc,phases   ] GC(22)   Evacuate Collection Set: 111.3ms
[15.028s][info][gc,phases   ] GC(22)   Post Evacuate Collection Set: 1.0ms
[15.028s][info][gc,phases   ] GC(22)   Other: 0.1ms
[15.028s][info][gc,heap     ] GC(22) Eden regions: 16->0(20)
[15.028s][info][gc,heap     ] GC(22) Survivor regions: 3->3(3)
[15.028s][info][gc,heap     ] GC(22) Old regions: 343->360
[15.028s][info][gc,heap     ] GC(22) Archive regions: 0->0
[15.028s][info][gc,heap     ] GC(22) Humongous regions: 6->6
[15.028s][info][gc,metaspace] GC(22) Metaspace: 42267K(42688K)->42267K(42688K) NonClass: 36961K(37184K)->36961K(37184K) Class: 5305K(5504K)->5305K(5504K)
[15.028s][info][gc          ] GC(22) Pause Young (Normal) (G1 Evacuation Pause) 367M->369M(438M) 113.051ms
[15.028s][info][gc,cpu      ] GC(22) User=0.53s Sys=0.00s Real=0.11s
[15.086s][info][gc,start    ] GC(23) Pause Young (Normal) (G1 Evacuation Pause)
[15.086s][info][gc,task     ] GC(23) Using 10 workers of 33 for evacuation
[15.238s][info][gc,phases   ] GC(23)   Pre Evacuate Collection Set: 0.1ms
[15.238s][info][gc,phases   ] GC(23)   Merge Heap Roots: 0.1ms
[15.238s][info][gc,phases   ] GC(23)   Evacuate Collection Set: 151.0ms
[15.238s][info][gc,phases   ] GC(23)   Post Evacuate Collection Set: 0.3ms
[15.238s][info][gc,phases   ] GC(23)   Other: 0.1ms
[15.238s][info][gc,heap     ] GC(23) Eden regions: 20->0(18)
[15.238s][info][gc,heap     ] GC(23) Survivor regions: 3->3(3)
[15.238s][info][gc,heap     ] GC(23) Old regions: 360->382
[15.238s][info][gc,heap     ] GC(23) Archive regions: 0->0
[15.238s][info][gc,heap     ] GC(23) Humongous regions: 6->6
[15.238s][info][gc,metaspace] GC(23) Metaspace: 42267K(42688K)->42267K(42688K) NonClass: 36961K(37184K)->36961K(37184K) Class: 5305K(5504K)->5305K(5504K)
[15.238s][info][gc          ] GC(23) Pause Young (Normal) (G1 Evacuation Pause) 389M->390M(438M) 152.095ms
[15.238s][info][gc,cpu      ] GC(23) User=0.64s Sys=0.05s Real=0.16s
[15.280s][info][gc,marking  ] GC(16) Concurrent Mark From Roots 1452.206ms
[15.280s][info][gc,marking  ] GC(16) Concurrent Preclean
[15.281s][info][gc,marking  ] GC(16) Concurrent Preclean 0.150ms
[15.281s][info][gc,start    ] GC(16) Pause Remark
[15.284s][info][gc          ] GC(16) Pause Remark 403M->403M(512M) 2.925ms
[15.284s][info][gc,cpu      ] GC(16) User=0.16s Sys=0.00s Real=0.02s
[15.284s][info][gc,marking  ] GC(16) Concurrent Mark 1455.575ms
[15.284s][info][gc,marking  ] GC(16) Concurrent Rebuild Remembered Sets and Scrub Regions
[15.296s][info][gc,start    ] GC(24) Pause Young (Normal) (G1 Evacuation Pause)
[15.296s][info][gc,task     ] GC(24) Using 12 workers of 33 for evacuation
[15.432s][info][gc,phases   ] GC(24)   Pre Evacuate Collection Set: 0.1ms
[15.432s][info][gc,phases   ] GC(24)   Merge Heap Roots: 0.0ms
[15.432s][info][gc,phases   ] GC(24)   Evacuate Collection Set: 134.9ms
[15.432s][info][gc,phases   ] GC(24)   Post Evacuate Collection Set: 0.4ms
[15.432s][info][gc,phases   ] GC(24)   Other: 0.1ms
[15.432s][info][gc,heap     ] GC(24) Eden regions: 18->0(31)
[15.432s][info][gc,heap     ] GC(24) Survivor regions: 3->3(3)
[15.432s][info][gc,heap     ] GC(24) Old regions: 382->401
[15.432s][info][gc,heap     ] GC(24) Archive regions: 0->0
[15.432s][info][gc,heap     ] GC(24) Humongous regions: 6->6
[15.432s][info][gc,metaspace] GC(24) Metaspace: 42267K(42688K)->42267K(42688K) NonClass: 36961K(37184K)->36961K(37184K) Class: 5305K(5504K)->5305K(5504K)
[15.432s][info][gc          ] GC(24) Pause Young (Normal) (G1 Evacuation Pause) 408M->410M(512M) 136.158ms
[15.433s][info][gc,cpu      ] GC(24) User=0.78s Sys=0.00s Real=0.14s
[15.462s][info][gc,marking  ] GC(16) Concurrent Rebuild Remembered Sets and Scrub Regions 177.744ms
[15.462s][info][gc,start    ] GC(16) Pause Cleanup
[15.462s][info][gc          ] GC(16) Pause Cleanup 417M->417M(512M) 0.263ms
[15.462s][info][gc,cpu      ] GC(16) User=0.00s Sys=0.00s Real=0.00s
[15.462s][info][gc,marking  ] GC(16) Concurrent Clear Claimed Marks
[15.462s][info][gc,marking  ] GC(16) Concurrent Clear Claimed Marks 0.061ms
[15.462s][info][gc,marking  ] GC(16) Concurrent Cleanup for Next Mark
[15.464s][info][gc,marking  ] GC(16) Concurrent Cleanup for Next Mark 2.022ms
[15.464s][info][gc          ] GC(16) Concurrent Mark Cycle 1642.002ms
[15.515s][info][gc,start    ] GC(25) Pause Young (Prepare Mixed) (G1 Evacuation Pause)
[15.515s][info][gc,task     ] GC(25) Using 12 workers of 33 for evacuation
[15.808s][info][gc,mmu      ] GC(25) MMU target violated: 201.0ms (200.0ms/201.0ms)
[15.808s][info][gc,phases   ] GC(25)   Pre Evacuate Collection Set: 0.1ms
[15.808s][info][gc,phases   ] GC(25)   Merge Heap Roots: 0.1ms
[15.808s][info][gc,phases   ] GC(25)   Evacuate Collection Set: 292.1ms
[15.808s][info][gc,phases   ] GC(25)   Post Evacuate Collection Set: 0.4ms
[15.808s][info][gc,phases   ] GC(25)   Other: 0.2ms
[15.808s][info][gc,heap     ] GC(25) Eden regions: 31->0(20)
[15.808s][info][gc,heap     ] GC(25) Survivor regions: 3->5(5)
[15.808s][info][gc,heap     ] GC(25) Old regions: 401->433
[15.808s][info][gc,heap     ] GC(25) Archive regions: 0->0
[15.808s][info][gc,heap     ] GC(25) Humongous regions: 6->6
[15.808s][info][gc,metaspace] GC(25) Metaspace: 42267K(42688K)->42267K(42688K) NonClass: 36961K(37184K)->36961K(37184K) Class: 5305K(5504K)->5305K(5504K)
[15.809s][info][gc          ] GC(25) Pause Young (Prepare Mixed) (G1 Evacuation Pause) 441M->443M(512M) 293.505ms
[15.809s][info][gc,cpu      ] GC(25) User=1.50s Sys=0.11s Real=0.30s
[15.859s][info][gc,start    ] GC(26) Pause Young (Mixed) (G1 Evacuation Pause)
[15.859s][info][gc,task     ] GC(26) Using 12 workers of 33 for evacuation
[16.020s][info][gc,phases   ] GC(26)   Pre Evacuate Collection Set: 0.1ms
[16.020s][info][gc,phases   ] GC(26)   Merge Heap Roots: 0.1ms
[16.020s][info][gc,phases   ] GC(26)   Evacuate Collection Set: 160.5ms
[16.020s][info][gc,phases   ] GC(26)   Post Evacuate Collection Set: 0.4ms
[16.020s][info][gc,phases   ] GC(26)   Other: 0.1ms
[16.020s][info][gc,heap     ] GC(26) Eden regions: 20->0(21)
[16.020s][info][gc,heap     ] GC(26) Survivor regions: 5->4(4)
[16.020s][info][gc,heap     ] GC(26) Old regions: 433->454
[16.021s][info][gc,heap     ] GC(26) Archive regions: 0->0
[16.021s][info][gc,heap     ] GC(26) Humongous regions: 6->6
[16.021s][info][gc,metaspace] GC(26) Metaspace: 42267K(42688K)->42267K(42688K) NonClass: 36961K(37184K)->36961K(37184K) Class: 5305K(5504K)->5305K(5504K)
[16.021s][info][gc          ] GC(26) Pause Young (Mixed) (G1 Evacuation Pause) 463M->463M(512M) 161.746ms
[16.021s][info][gc,cpu      ] GC(26) User=1.03s Sys=0.03s Real=0.17s
[16.073s][info][gc,start    ] GC(27) Pause Young (Concurrent Start) (G1 Evacuation Pause)
[16.074s][info][gc,task     ] GC(27) Using 12 workers of 33 for evacuation
[16.253s][info][gc,phases   ] GC(27)   Pre Evacuate Collection Set: 0.3ms
[16.253s][info][gc,phases   ] GC(27)   Merge Heap Roots: 0.1ms
[16.253s][info][gc,phases   ] GC(27)   Evacuate Collection Set: 178.3ms
[16.253s][info][gc,phases   ] GC(27)   Post Evacuate Collection Set: 0.4ms
[16.253s][info][gc,phases   ] GC(27)   Other: 0.2ms
[16.253s][info][gc,heap     ] GC(27) Eden regions: 21->0(21)
[16.253s][info][gc,heap     ] GC(27) Survivor regions: 4->4(4)
[16.253s][info][gc,heap     ] GC(27) Old regions: 454->476
[16.253s][info][gc,heap     ] GC(27) Archive regions: 0->0
[16.253s][info][gc,heap     ] GC(27) Humongous regions: 6->6
[16.253s][info][gc,metaspace] GC(27) Metaspace: 42267K(42688K)->42267K(42688K) NonClass: 36961K(37184K)->36961K(37184K) Class: 5305K(5504K)->5305K(5504K)
[16.253s][info][gc          ] GC(27) Pause Young (Concurrent Start) (G1 Evacuation Pause) 484M->486M(512M) 179.701ms
[16.253s][info][gc          ] GC(28) Concurrent Mark Cycle
[16.253s][info][gc,cpu      ] GC(27) User=1.05s Sys=0.00s Real=0.19s
[16.253s][info][gc,marking  ] GC(28) Concurrent Scan Root Regions
[16.258s][info][gc,marking  ] GC(28) Concurrent Scan Root Regions 4.755ms
[16.258s][info][gc,marking  ] GC(28) Concurrent Mark
[16.258s][info][gc,marking  ] GC(28) Concurrent Mark From Roots
[16.258s][info][gc,task     ] GC(28) Using 8 workers of 8 for marking
[16.309s][info][gc,start    ] GC(29) Pause Young (Normal) (G1 Evacuation Pause)
[16.309s][info][gc,task     ] GC(29) Using 12 workers of 33 for evacuation
[16.558s][info][gc,mmu      ] GC(29) MMU target violated: 201.0ms (200.0ms/201.0ms)
[16.558s][info][gc,phases   ] GC(29)   Pre Evacuate Collection Set: 0.1ms
[16.558s][info][gc,phases   ] GC(29)   Merge Heap Roots: 0.0ms
[16.558s][info][gc,phases   ] GC(29)   Evacuate Collection Set: 245.8ms
[16.558s][info][gc,phases   ] GC(29)   Post Evacuate Collection Set: 2.8ms
[16.558s][info][gc,phases   ] GC(29)   Other: 0.2ms
[16.558s][info][gc,heap     ] GC(29) Eden regions: 21->0(1)
[16.558s][info][gc,heap     ] GC(29) Survivor regions: 4->1(4)
[16.558s][info][gc,heap     ] GC(29) Old regions: 476->503
[16.558s][info][gc,heap     ] GC(29) Archive regions: 0->0
[16.558s][info][gc,heap     ] GC(29) Humongous regions: 6->6
[16.558s][info][gc,metaspace] GC(29) Metaspace: 42267K(42688K)->42267K(42688K) NonClass: 36961K(37184K)->36961K(37184K) Class: 5305K(5504K)->5305K(5504K)
[16.558s][info][gc          ] GC(29) Pause Young (Normal) (G1 Evacuation Pause) (Evacuation Failure) 507M->510M(512M) 249.351ms
[16.558s][info][gc,cpu      ] GC(29) User=1.27s Sys=0.05s Real=0.25s
[16.567s][info][gc,start    ] GC(30) Pause Young (Normal) (G1 Evacuation Pause)
[16.567s][info][gc,task     ] GC(30) Using 12 workers of 33 for evacuation
[16.582s][info][gc,phases   ] GC(30)   Pre Evacuate Collection Set: 0.1ms
[16.582s][info][gc,phases   ] GC(30)   Merge Heap Roots: 0.1ms
[16.582s][info][gc,phases   ] GC(30)   Evacuate Collection Set: 14.3ms
[16.582s][info][gc,phases   ] GC(30)   Post Evacuate Collection Set: 0.4ms
[16.582s][info][gc,phases   ] GC(30)   Other: 0.1ms
[16.582s][info][gc,heap     ] GC(30) Eden regions: 1->0(0)
[16.582s][info][gc,heap     ] GC(30) Survivor regions: 1->1(1)
[16.582s][info][gc,heap     ] GC(30) Old regions: 503->505
[16.582s][info][gc,heap     ] GC(30) Archive regions: 0->0
[16.582s][info][gc,heap     ] GC(30) Humongous regions: 6->6
[16.582s][info][gc,metaspace] GC(30) Metaspace: 42267K(42688K)->42267K(42688K) NonClass: 36961K(37184K)->36961K(37184K) Class: 5305K(5504K)->5305K(5504K)
[16.582s][info][gc          ] GC(30) Pause Young (Normal) (G1 Evacuation Pause) (Evacuation Failure) 511M->512M(512M) 15.598ms
[16.582s][info][gc,cpu      ] GC(30) User=0.19s Sys=0.00s Real=0.01s
[16.582s][info][gc,ergo     ] Attempting full compaction
[16.582s][info][gc,start    ] GC(31) Pause Full (G1 Compaction Pause)
[16.582s][info][gc,task     ] GC(31) Using 12 workers of 33 for full compaction
[16.584s][info][gc,phases,start] GC(31) Phase 1: Mark live objects
[17.439s][info][gc,phases      ] GC(31) Phase 1: Mark live objects 855.356ms
[17.439s][info][gc,phases,start] GC(31) Phase 2: Prepare compaction
[17.462s][info][gc,phases      ] GC(31) Phase 2: Prepare compaction 23.290ms
[17.462s][info][gc,phases,start] GC(31) Phase 3: Adjust pointers
[17.485s][info][gc,phases      ] GC(31) Phase 3: Adjust pointers 22.237ms
[17.485s][info][gc,phases,start] GC(31) Phase 4: Compact heap
[17.489s][info][gc,phases      ] GC(31) Phase 4: Compact heap 4.109ms
[17.495s][info][gc,heap        ] GC(31) Eden regions: 0->0(25)
[17.495s][info][gc,heap        ] GC(31) Survivor regions: 1->0(1)
[17.495s][info][gc,heap        ] GC(31) Old regions: 505->477
[17.495s][info][gc,heap        ] GC(31) Archive regions: 0->0
[17.495s][info][gc,heap        ] GC(31) Humongous regions: 6->6
[17.495s][info][gc,metaspace   ] GC(31) Metaspace: 42267K(42688K)->42188K(42688K) NonClass: 36961K(37184K)->36904K(37184K) Class: 5305K(5504K)->5283K(5504K)
[17.495s][info][gc             ] GC(31) Pause Full (G1 Compaction Pause) 512M->476M(512M) 913.000ms
[17.495s][info][gc,cpu         ] GC(31) User=2.53s Sys=0.00s Real=0.91s
[17.496s][info][gc,marking     ] GC(28) Concurrent Mark From Roots 1237.364ms
[17.496s][info][gc,marking     ] GC(28) Concurrent Mark Abort
[17.496s][info][gc             ] GC(28) Concurrent Mark Cycle 1242.397ms
[17.545s][info][gc,start       ] GC(32) Pause Young (Normal) (G1 Evacuation Pause)
[17.545s][info][gc,task        ] GC(32) Using 12 workers of 33 for evacuation
[17.853s][info][gc,mmu         ] GC(32) MMU target violated: 201.0ms (200.0ms/201.0ms)
[17.853s][info][gc,phases      ] GC(32)   Pre Evacuate Collection Set: 0.1ms
[17.853s][info][gc,phases      ] GC(32)   Merge Heap Roots: 0.0ms
[17.853s][info][gc,phases      ] GC(32)   Evacuate Collection Set: 305.3ms
[17.853s][info][gc,phases      ] GC(32)   Post Evacuate Collection Set: 2.6ms
[17.853s][info][gc,phases      ] GC(32)   Other: 0.2ms
[17.853s][info][gc,heap        ] GC(32) Eden regions: 25->0(0)
[17.853s][info][gc,heap        ] GC(32) Survivor regions: 0->4(4)
[17.853s][info][gc,heap        ] GC(32) Old regions: 477->499
[17.853s][info][gc,heap        ] GC(32) Archive regions: 0->0
[17.853s][info][gc,heap        ] GC(32) Humongous regions: 6->6
[17.853s][info][gc,metaspace   ] GC(32) Metaspace: 42188K(42688K)->42188K(42688K) NonClass: 36904K(37184K)->36904K(37184K) Class: 5283K(5504K)->5283K(5504K)
[17.853s][info][gc             ] GC(32) Pause Young (Normal) (G1 Evacuation Pause) (Evacuation Failure) 501M->502M(512M) 308.767ms
[17.853s][info][gc,cpu         ] GC(32) User=1.33s Sys=0.00s Real=0.31s
[17.853s][info][gc,ergo        ] Attempting full compaction
[17.853s][info][gc,start       ] GC(33) Pause Full (G1 Compaction Pause)
[17.853s][info][gc,task        ] GC(33) Using 12 workers of 33 for full compaction
[17.854s][info][gc,phases,start] GC(33) Phase 1: Mark live objects
[18.775s][info][gc,phases      ] GC(33) Phase 1: Mark live objects 921.060ms
[18.775s][info][gc,phases,start] GC(33) Phase 2: Prepare compaction
[18.799s][info][gc,phases      ] GC(33) Phase 2: Prepare compaction 23.379ms
[18.799s][info][gc,phases,start] GC(33) Phase 3: Adjust pointers
[18.820s][info][gc,phases      ] GC(33) Phase 3: Adjust pointers 20.900ms
[18.820s][info][gc,phases,start] GC(33) Phase 4: Compact heap
[18.820s][info][gc,phases      ] GC(33) Phase 4: Compact heap 0.432ms
[18.823s][info][gc,heap        ] GC(33) Eden regions: 0->0(4)
[18.823s][info][gc,heap        ] GC(33) Survivor regions: 4->0(4)
[18.823s][info][gc,heap        ] GC(33) Old regions: 499->502
[18.823s][info][gc,heap        ] GC(33) Archive regions: 0->0
[18.823s][info][gc,heap        ] GC(33) Humongous regions: 6->6
[18.823s][info][gc,metaspace   ] GC(33) Metaspace: 42188K(42688K)->42188K(42688K) NonClass: 36904K(37184K)->36904K(37184K) Class: 5283K(5504K)->5283K(5504K)
[18.823s][info][gc             ] GC(33) Pause Full (G1 Compaction Pause) 502M->500M(512M) 969.611ms
[18.823s][info][gc,cpu         ] GC(33) User=2.73s Sys=0.00s Real=0.97s
[18.832s][info][gc,start       ] GC(34) Pause Young (Concurrent Start) (G1 Evacuation Pause)
[18.832s][info][gc,task        ] GC(34) Using 12 workers of 33 for evacuation
[18.866s][info][gc,phases      ] GC(34)   Pre Evacuate Collection Set: 0.2ms
[18.866s][info][gc,phases      ] GC(34)   Merge Heap Roots: 0.0ms
[18.866s][info][gc,phases      ] GC(34)   Evacuate Collection Set: 33.3ms
[18.866s][info][gc,phases      ] GC(34)   Post Evacuate Collection Set: 0.8ms
[18.866s][info][gc,phases      ] GC(34)   Other: 0.1ms
[18.866s][info][gc,heap        ] GC(34) Eden regions: 4->0(0)
[18.866s][info][gc,heap        ] GC(34) Survivor regions: 0->0(0)
[18.866s][info][gc,heap        ] GC(34) Old regions: 502->506
[18.866s][info][gc,heap        ] GC(34) Archive regions: 0->0
[18.866s][info][gc,heap        ] GC(34) Humongous regions: 6->6
[18.866s][info][gc,metaspace   ] GC(34) Metaspace: 42188K(42688K)->42188K(42688K) NonClass: 36904K(37184K)->36904K(37184K) Class: 5283K(5504K)->5283K(5504K)
[18.866s][info][gc             ] GC(34) Pause Young (Concurrent Start) (G1 Evacuation Pause) (Evacuation Failure) 504M->504M(512M) 34.778ms
[18.866s][info][gc             ] GC(35) Concurrent Mark Cycle
[18.866s][info][gc,cpu         ] GC(34) User=0.25s Sys=0.00s Real=0.05s
[18.866s][info][gc,marking     ] GC(35) Concurrent Scan Root Regions
[18.867s][info][gc,ergo        ] Attempting full compaction
[18.867s][info][gc,marking     ] GC(35) Concurrent Scan Root Regions 0.103ms
[18.867s][info][gc,start       ] GC(36) Pause Full (G1 Compaction Pause)
[18.867s][info][gc,marking     ] GC(35) Concurrent Mark
[18.867s][info][gc,marking     ] GC(35) Concurrent Mark From Roots
[18.867s][info][gc,task        ] GC(36) Using 12 workers of 33 for full compaction
[18.867s][info][gc,task        ] GC(35) Using 8 workers of 8 for marking
[18.868s][info][gc,phases,start] GC(36) Phase 1: Mark live objects
[19.775s][info][gc,phases      ] GC(36) Phase 1: Mark live objects 907.902ms
[19.776s][info][gc,phases,start] GC(36) Phase 2: Prepare compaction
[19.801s][info][gc,phases      ] GC(36) Phase 2: Prepare compaction 25.724ms
[19.801s][info][gc,phases,start] GC(36) Phase 3: Adjust pointers
[19.821s][info][gc,phases      ] GC(36) Phase 3: Adjust pointers 19.406ms
[19.821s][info][gc,phases,start] GC(36) Phase 4: Compact heap
[19.823s][info][gc,phases      ] GC(36) Phase 4: Compact heap 2.497ms
[19.826s][info][gc,heap        ] GC(36) Eden regions: 0->0(7)
[19.826s][info][gc,heap        ] GC(36) Survivor regions: 0->0(0)
[19.826s][info][gc,heap        ] GC(36) Old regions: 506->499
[19.826s][info][gc,heap        ] GC(36) Archive regions: 0->0
[19.826s][info][gc,heap        ] GC(36) Humongous regions: 6->6
[19.826s][info][gc,metaspace   ] GC(36) Metaspace: 42188K(42688K)->42188K(42688K) NonClass: 36904K(37184K)->36904K(37184K) Class: 5283K(5504K)->5283K(5504K)
[19.826s][info][gc             ] GC(36) Pause Full (G1 Compaction Pause) 504M->504M(512M) 959.610ms
[19.826s][info][gc,cpu         ] GC(36) User=2.39s Sys=0.00s Real=0.96s
[19.826s][info][gc,marking     ] GC(35) Concurrent Mark From Roots 959.615ms
[19.826s][info][gc,marking     ] GC(35) Concurrent Mark Abort
[19.826s][info][gc             ] GC(35) Concurrent Mark Cycle 959.977ms
[19.839s][info][gc,start       ] GC(37) Pause Young (Normal) (G1 Evacuation Pause)
[19.839s][info][gc,task        ] GC(37) Using 12 workers of 33 for evacuation
[19.895s][info][gc,phases      ] GC(37)   Pre Evacuate Collection Set: 0.1ms
[19.895s][info][gc,phases      ] GC(37)   Merge Heap Roots: 0.0ms
[19.895s][info][gc,phases      ] GC(37)   Evacuate Collection Set: 55.0ms
[19.895s][info][gc,phases      ] GC(37)   Post Evacuate Collection Set: 0.9ms
[19.895s][info][gc,phases      ] GC(37)   Other: 0.1ms
[19.895s][info][gc,heap        ] GC(37) Eden regions: 7->0(0)
[19.895s][info][gc,heap        ] GC(37) Survivor regions: 0->0(0)
[19.895s][info][gc,heap        ] GC(37) Old regions: 499->506
[19.895s][info][gc,heap        ] GC(37) Archive regions: 0->0
[19.895s][info][gc,heap        ] GC(37) Humongous regions: 6->6
[19.895s][info][gc,metaspace   ] GC(37) Metaspace: 42188K(42688K)->42188K(42688K) NonClass: 36904K(37184K)->36904K(37184K) Class: 5283K(5504K)->5283K(5504K)
[19.895s][info][gc             ] GC(37) Pause Young (Normal) (G1 Evacuation Pause) (Evacuation Failure) 511M->511M(512M) 56.524ms
[19.895s][info][gc,cpu         ] GC(37) User=0.30s Sys=0.00s Real=0.06s
[19.895s][info][gc,ergo        ] Attempting full compaction
[19.895s][info][gc,start       ] GC(38) Pause Full (G1 Compaction Pause)
[19.895s][info][gc,task        ] GC(38) Using 12 workers of 33 for full compaction
[19.896s][info][gc,phases,start] GC(38) Phase 1: Mark live objects
[20.875s][info][gc,phases      ] GC(38) Phase 1: Mark live objects 978.738ms
[20.875s][info][gc,phases,start] GC(38) Phase 2: Prepare compaction
[20.900s][info][gc,phases      ] GC(38) Phase 2: Prepare compaction 25.575ms
[20.900s][info][gc,phases,start] GC(38) Phase 3: Adjust pointers
[20.922s][info][gc,phases      ] GC(38) Phase 3: Adjust pointers 21.251ms
[20.922s][info][gc,phases,start] GC(38) Phase 4: Compact heap
[20.924s][info][gc,phases      ] GC(38) Phase 4: Compact heap 2.829ms
[20.927s][info][gc,heap        ] GC(38) Eden regions: 0->0(1)
[20.927s][info][gc,heap        ] GC(38) Survivor regions: 0->0(0)
[20.927s][info][gc,heap        ] GC(38) Old regions: 506->505
[20.927s][info][gc,heap        ] GC(38) Archive regions: 0->0
[20.927s][info][gc,heap        ] GC(38) Humongous regions: 6->6
[20.927s][info][gc,metaspace   ] GC(38) Metaspace: 42188K(42688K)->42188K(42688K) NonClass: 36904K(37184K)->36904K(37184K) Class: 5283K(5504K)->5283K(5504K)
[20.927s][info][gc             ] GC(38) Pause Full (G1 Compaction Pause) 511M->510M(512M) 1032.259ms
[20.927s][info][gc,cpu         ] GC(38) User=2.63s Sys=0.05s Real=1.04s
[20.929s][info][gc,start       ] GC(39) Pause Young (Concurrent Start) (G1 Evacuation Pause)
[20.929s][info][gc,task        ] GC(39) Using 12 workers of 33 for evacuation
[20.934s][info][gc,phases      ] GC(39)   Pre Evacuate Collection Set: 0.1ms
[20.934s][info][gc,phases      ] GC(39)   Merge Heap Roots: 0.0ms
[20.934s][info][gc,phases      ] GC(39)   Evacuate Collection Set: 4.4ms
[20.934s][info][gc,phases      ] GC(39)   Post Evacuate Collection Set: 0.2ms
[20.934s][info][gc,phases      ] GC(39)   Other: 0.1ms
[20.934s][info][gc,heap        ] GC(39) Eden regions: 1->0(0)
[20.934s][info][gc,heap        ] GC(39) Survivor regions: 0->0(0)
[20.934s][info][gc,heap        ] GC(39) Old regions: 505->506
[20.934s][info][gc,heap        ] GC(39) Archive regions: 0->0
[20.934s][info][gc,heap        ] GC(39) Humongous regions: 6->6
[20.934s][info][gc,metaspace   ] GC(39) Metaspace: 42188K(42688K)->42188K(42688K) NonClass: 36905K(37184K)->36905K(37184K) Class: 5283K(5504K)->5283K(5504K)
[20.934s][info][gc             ] GC(39) Pause Young (Concurrent Start) (G1 Evacuation Pause) (Evacuation Failure) 511M->511M(512M) 5.079ms
[20.935s][info][gc             ] GC(40) Concurrent Mark Cycle
[20.935s][info][gc,cpu         ] GC(39) User=0.00s Sys=0.00s Real=0.00s
[20.935s][info][gc,marking     ] GC(40) Concurrent Scan Root Regions
[20.935s][info][gc,ergo        ] Attempting full compaction
[20.935s][info][gc,marking     ] GC(40) Concurrent Scan Root Regions 0.041ms
[20.935s][info][gc,start       ] GC(41) Pause Full (G1 Compaction Pause)
[20.935s][info][gc,marking     ] GC(40) Concurrent Mark
[20.935s][info][gc,marking     ] GC(40) Concurrent Mark From Roots
[20.935s][info][gc,task        ] GC(41) Using 12 workers of 33 for full compaction
[20.935s][info][gc,task        ] GC(40) Using 8 workers of 8 for marking
[20.935s][info][gc,phases,start] GC(41) Phase 1: Mark live objects
[21.863s][info][gc,phases      ] GC(41) Phase 1: Mark live objects 927.504ms
[21.863s][info][gc,phases,start] GC(41) Phase 2: Prepare compaction
[21.887s][info][gc,phases      ] GC(41) Phase 2: Prepare compaction 24.348ms
[21.887s][info][gc,phases,start] GC(41) Phase 3: Adjust pointers
[21.908s][info][gc,phases      ] GC(41) Phase 3: Adjust pointers 20.481ms
[21.908s][info][gc,phases,start] GC(41) Phase 4: Compact heap
[21.908s][info][gc,phases      ] GC(41) Phase 4: Compact heap 0.508ms
[21.911s][info][gc,heap        ] GC(41) Eden regions: 0->0(1)
[21.911s][info][gc,heap        ] GC(41) Survivor regions: 0->0(0)
[21.911s][info][gc,heap        ] GC(41) Old regions: 506->505
[21.911s][info][gc,heap        ] GC(41) Archive regions: 0->0
[21.911s][info][gc,heap        ] GC(41) Humongous regions: 6->6
[21.911s][info][gc,metaspace   ] GC(41) Metaspace: 42188K(42688K)->42188K(42688K) NonClass: 36905K(37184K)->36905K(37184K) Class: 5283K(5504K)->5283K(5504K)
[21.911s][info][gc             ] GC(41) Pause Full (G1 Compaction Pause) 511M->510M(512M) 976.587ms
[21.911s][info][gc,cpu         ] GC(41) User=2.69s Sys=0.05s Real=0.98s
[21.911s][info][gc,marking     ] GC(40) Concurrent Mark From Roots 976.641ms
[21.911s][info][gc,marking     ] GC(40) Concurrent Mark Abort
[21.911s][info][gc             ] GC(40) Concurrent Mark Cycle 976.840ms
[21.913s][info][gc,start       ] GC(42) Pause Young (Normal) (G1 Evacuation Pause)
[21.913s][info][gc,task        ] GC(42) Using 12 workers of 33 for evacuation
[21.918s][info][gc,phases      ] GC(42)   Pre Evacuate Collection Set: 0.1ms
[21.918s][info][gc,phases      ] GC(42)   Merge Heap Roots: 0.0ms
[21.918s][info][gc,phases      ] GC(42)   Evacuate Collection Set: 4.4ms
[21.918s][info][gc,phases      ] GC(42)   Post Evacuate Collection Set: 0.2ms
[21.918s][info][gc,phases      ] GC(42)   Other: 0.0ms
[21.918s][info][gc,heap        ] GC(42) Eden regions: 1->0(0)
[21.918s][info][gc,heap        ] GC(42) Survivor regions: 0->0(0)
[21.918s][info][gc,heap        ] GC(42) Old regions: 505->506
[21.918s][info][gc,heap        ] GC(42) Archive regions: 0->0
[21.918s][info][gc,heap        ] GC(42) Humongous regions: 6->6
[21.918s][info][gc,metaspace   ] GC(42) Metaspace: 42188K(42688K)->42188K(42688K) NonClass: 36905K(37184K)->36905K(37184K) Class: 5283K(5504K)->5283K(5504K)
[21.918s][info][gc             ] GC(42) Pause Young (Normal) (G1 Evacuation Pause) (Evacuation Failure) 511M->511M(512M) 4.886ms
[21.918s][info][gc,cpu         ] GC(42) User=0.00s Sys=0.00s Real=0.00s
[21.918s][info][gc,ergo        ] Attempting full compaction
[21.918s][info][gc,start       ] GC(43) Pause Full (G1 Compaction Pause)
[21.918s][info][gc,task        ] GC(43) Using 12 workers of 33 for full compaction
[21.918s][info][gc,phases,start] GC(43) Phase 1: Mark live objects
[22.849s][info][gc,phases      ] GC(43) Phase 1: Mark live objects 930.434ms
[22.849s][info][gc,phases,start] GC(43) Phase 2: Prepare compaction
[22.873s][info][gc,phases      ] GC(43) Phase 2: Prepare compaction 24.094ms
[22.873s][info][gc,phases,start] GC(43) Phase 3: Adjust pointers
[22.894s][info][gc,phases      ] GC(43) Phase 3: Adjust pointers 21.318ms
[22.894s][info][gc,phases,start] GC(43) Phase 4: Compact heap
[22.895s][info][gc,phases      ] GC(43) Phase 4: Compact heap 0.420ms
[22.898s][info][gc,heap        ] GC(43) Eden regions: 0->0(0)
[22.898s][info][gc,heap        ] GC(43) Survivor regions: 0->0(0)
[22.898s][info][gc,heap        ] GC(43) Old regions: 506->506
[22.898s][info][gc,heap        ] GC(43) Archive regions: 0->0
[22.898s][info][gc,heap        ] GC(43) Humongous regions: 6->6
[22.898s][info][gc,metaspace   ] GC(43) Metaspace: 42188K(42688K)->42188K(42688K) NonClass: 36905K(37184K)->36905K(37184K) Class: 5283K(5504K)->5283K(5504K)
[22.898s][info][gc             ] GC(43) Pause Full (G1 Compaction Pause) 511M->511M(512M) 979.820ms
[22.898s][info][gc,cpu         ] GC(43) User=2.69s Sys=0.00s Real=0.99s
[22.898s][info][gc,ergo        ] Attempting maximal full compaction clearing soft references
[22.898s][info][gc,start       ] GC(44) Pause Full (G1 Compaction Pause)
[22.898s][info][gc,task        ] GC(44) Using 12 workers of 33 for full compaction
[22.898s][info][gc,phases,start] GC(44) Phase 1: Mark live objects
[23.887s][info][gc,phases      ] GC(44) Phase 1: Mark live objects 989.100ms
[23.887s][info][gc,phases,start] GC(44) Phase 2: Prepare compaction
[23.929s][info][gc,phases      ] GC(44) Phase 2: Prepare compaction 41.452ms
[23.929s][info][gc,phases,start] GC(44) Phase 3: Adjust pointers
[23.968s][info][gc,phases      ] GC(44) Phase 3: Adjust pointers 39.531ms
[23.969s][info][gc,phases,start] GC(44) Phase 4: Compact heap
[23.999s][info][gc,phases      ] GC(44) Phase 4: Compact heap 30.645ms
[24.002s][info][gc,heap        ] GC(44) Eden regions: 0->0(1)
[24.002s][info][gc,heap        ] GC(44) Survivor regions: 0->0(0)
[24.002s][info][gc,heap        ] GC(44) Old regions: 506->505
[24.002s][info][gc,heap        ] GC(44) Archive regions: 0->0
[24.002s][info][gc,heap        ] GC(44) Humongous regions: 6->6
[24.002s][info][gc,metaspace   ] GC(44) Metaspace: 42188K(42688K)->42188K(42688K) NonClass: 36905K(37184K)->36905K(37184K) Class: 5283K(5504K)->5283K(5504K)
[24.002s][info][gc             ] GC(44) Pause Full (G1 Compaction Pause) 511M->510M(512M) 1104.419ms
[24.002s][info][gc,cpu         ] GC(44) User=3.75s Sys=0.00s Real=1.10s
[24.005s][info][gc,start       ] GC(45) Pause Young (Concurrent Start) (G1 Evacuation Pause)
[24.005s][info][gc,task        ] GC(45) Using 12 workers of 33 for evacuation
[24.010s][info][gc,phases      ] GC(45)   Pre Evacuate Collection Set: 0.1ms
[24.010s][info][gc,phases      ] GC(45)   Merge Heap Roots: 0.0ms
[24.010s][info][gc,phases      ] GC(45)   Evacuate Collection Set: 4.7ms
[24.010s][info][gc,phases      ] GC(45)   Post Evacuate Collection Set: 0.3ms
[24.010s][info][gc,phases      ] GC(45)   Other: 0.1ms
[24.010s][info][gc,heap        ] GC(45) Eden regions: 1->0(0)
[24.010s][info][gc,heap        ] GC(45) Survivor regions: 0->0(0)
[24.010s][info][gc,heap        ] GC(45) Old regions: 505->506
[24.010s][info][gc,heap        ] GC(45) Archive regions: 0->0
[24.010s][info][gc,heap        ] GC(45) Humongous regions: 6->6
[24.010s][info][gc,metaspace   ] GC(45) Metaspace: 42198K(42688K)->42198K(42688K) NonClass: 36912K(37184K)->36912K(37184K) Class: 5286K(5504K)->5286K(5504K)
[24.010s][info][gc             ] GC(45) Pause Young (Concurrent Start) (G1 Evacuation Pause) (Evacuation Failure) 511M->511M(512M) 5.494ms
[24.010s][info][gc             ] GC(46) Concurrent Mark Cycle
[24.010s][info][gc,cpu         ] GC(45) User=0.06s Sys=0.00s Real=0.02s
[24.010s][info][gc,marking     ] GC(46) Concurrent Scan Root Regions
[24.010s][info][gc,ergo        ] Attempting full compaction
[24.010s][info][gc,marking     ] GC(46) Concurrent Scan Root Regions 0.048ms
[24.010s][info][gc,start       ] GC(47) Pause Full (G1 Compaction Pause)
[24.010s][info][gc,marking     ] GC(46) Concurrent Mark
[24.010s][info][gc,task        ] GC(47) Using 12 workers of 33 for full compaction
[24.010s][info][gc,marking     ] GC(46) Concurrent Mark From Roots
[24.010s][info][gc,task        ] GC(46) Using 8 workers of 8 for marking
[24.011s][info][gc,phases,start] GC(47) Phase 1: Mark live objects
[25.097s][info][gc,phases      ] GC(47) Phase 1: Mark live objects 1086.410ms
[25.097s][info][gc,phases,start] GC(47) Phase 2: Prepare compaction
[25.121s][info][gc,phases      ] GC(47) Phase 2: Prepare compaction 23.975ms
[25.121s][info][gc,phases,start] GC(47) Phase 3: Adjust pointers
[25.143s][info][gc,phases      ] GC(47) Phase 3: Adjust pointers 21.576ms
[25.143s][info][gc,phases,start] GC(47) Phase 4: Compact heap
[25.143s][info][gc,phases      ] GC(47) Phase 4: Compact heap 0.450ms
[25.146s][info][gc,heap        ] GC(47) Eden regions: 0->0(1)
[25.146s][info][gc,heap        ] GC(47) Survivor regions: 0->0(0)
[25.146s][info][gc,heap        ] GC(47) Old regions: 506->505
[25.146s][info][gc,heap        ] GC(47) Archive regions: 0->0
[25.146s][info][gc,heap        ] GC(47) Humongous regions: 6->6
[25.146s][info][gc,metaspace   ] GC(47) Metaspace: 42198K(42688K)->42198K(42688K) NonClass: 36912K(37184K)->36912K(37184K) Class: 5286K(5504K)->5286K(5504K)
[25.146s][info][gc             ] GC(47) Pause Full (G1 Compaction Pause) 511M->510M(512M) 1136.144ms
[25.146s][info][gc,cpu         ] GC(47) User=4.64s Sys=0.00s Real=1.14s
[25.147s][info][gc,marking     ] GC(46) Concurrent Mark From Roots 1136.184ms
[25.147s][info][gc,marking     ] GC(46) Concurrent Mark Abort
[25.147s][info][gc             ] GC(46) Concurrent Mark Cycle 1136.427ms
[25.148s][info][gc,start       ] GC(48) Pause Young (Normal) (G1 Evacuation Pause)
[25.148s][info][gc,task        ] GC(48) Using 12 workers of 33 for evacuation
[25.153s][info][gc,phases      ] GC(48)   Pre Evacuate Collection Set: 0.1ms
[25.153s][info][gc,phases      ] GC(48)   Merge Heap Roots: 0.0ms
[25.153s][info][gc,phases      ] GC(48)   Evacuate Collection Set: 4.5ms
[25.153s][info][gc,phases      ] GC(48)   Post Evacuate Collection Set: 0.3ms
[25.153s][info][gc,phases      ] GC(48)   Other: 0.1ms
[25.153s][info][gc,heap        ] GC(48) Eden regions: 1->0(0)
[25.153s][info][gc,heap        ] GC(48) Survivor regions: 0->0(0)
[25.153s][info][gc,heap        ] GC(48) Old regions: 505->506
[25.153s][info][gc,heap        ] GC(48) Archive regions: 0->0
[25.153s][info][gc,heap        ] GC(48) Humongous regions: 6->6
[25.153s][info][gc,metaspace   ] GC(48) Metaspace: 42226K(42688K)->42226K(42688K) NonClass: 36935K(37184K)->36935K(37184K) Class: 5291K(5504K)->5291K(5504K)
[25.153s][info][gc             ] GC(48) Pause Young (Normal) (G1 Evacuation Pause) (Evacuation Failure) 511M->511M(512M) 5.066ms
[25.153s][info][gc,cpu         ] GC(48) User=0.00s Sys=0.00s Real=0.00s
[25.153s][info][gc,ergo        ] Attempting full compaction
[25.153s][info][gc,start       ] GC(49) Pause Full (G1 Compaction Pause)
[25.153s][info][gc,task        ] GC(49) Using 12 workers of 33 for full compaction
[25.153s][info][gc,phases,start] GC(49) Phase 1: Mark live objects
[26.272s][info][gc,phases      ] GC(49) Phase 1: Mark live objects 1118.606ms
[26.272s][info][gc,phases,start] GC(49) Phase 2: Prepare compaction
[26.297s][info][gc,phases      ] GC(49) Phase 2: Prepare compaction 24.694ms
[26.297s][info][gc,phases,start] GC(49) Phase 3: Adjust pointers
[26.322s][info][gc,phases      ] GC(49) Phase 3: Adjust pointers 24.866ms
[26.322s][info][gc,phases,start] GC(49) Phase 4: Compact heap
[26.322s][info][gc,phases      ] GC(49) Phase 4: Compact heap 0.666ms
[26.325s][info][gc,heap        ] GC(49) Eden regions: 0->0(0)
[26.325s][info][gc,heap        ] GC(49) Survivor regions: 0->0(0)
[26.325s][info][gc,heap        ] GC(49) Old regions: 506->506
[26.325s][info][gc,heap        ] GC(49) Archive regions: 0->0
[26.325s][info][gc,heap        ] GC(49) Humongous regions: 6->6
[26.325s][info][gc,metaspace   ] GC(49) Metaspace: 42226K(42688K)->42226K(42688K) NonClass: 36935K(37184K)->36935K(37184K) Class: 5291K(5504K)->5291K(5504K)
[26.325s][info][gc             ] GC(49) Pause Full (G1 Compaction Pause) 511M->511M(512M) 1172.199ms
[26.325s][info][gc,cpu         ] GC(49) User=5.09s Sys=0.02s Real=1.16s
[26.325s][info][gc,ergo        ] Attempting maximal full compaction clearing soft references
[26.325s][info][gc,start       ] GC(50) Pause Full (G1 Compaction Pause)
[26.326s][info][gc,task        ] GC(50) Using 12 workers of 33 for full compaction
[26.326s][info][gc,phases,start] GC(50) Phase 1: Mark live objects
[27.426s][info][gc,phases      ] GC(50) Phase 1: Mark live objects 1100.364ms
[27.426s][info][gc,phases,start] GC(50) Phase 2: Prepare compaction
[27.466s][info][gc,phases      ] GC(50) Phase 2: Prepare compaction 40.322ms
[27.467s][info][gc,phases,start] GC(50) Phase 3: Adjust pointers
[27.508s][info][gc,phases      ] GC(50) Phase 3: Adjust pointers 41.877ms
[27.509s][info][gc,phases,start] GC(50) Phase 4: Compact heap
[27.548s][info][gc,phases      ] GC(50) Phase 4: Compact heap 39.643ms
[27.553s][info][gc,heap        ] GC(50) Eden regions: 0->0(0)
[27.553s][info][gc,heap        ] GC(50) Survivor regions: 0->0(0)
[27.553s][info][gc,heap        ] GC(50) Old regions: 506->506
[27.553s][info][gc,heap        ] GC(50) Archive regions: 0->0
[27.553s][info][gc,heap        ] GC(50) Humongous regions: 6->6
[27.553s][info][gc,metaspace   ] GC(50) Metaspace: 42226K(42688K)->42226K(42688K) NonClass: 36935K(37184K)->36935K(37184K) Class: 5291K(5504K)->5291K(5504K)
[27.553s][info][gc             ] GC(50) Pause Full (G1 Compaction Pause) 511M->511M(512M) 1227.190ms
[27.553s][info][gc,cpu         ] GC(50) User=5.34s Sys=0.05s Real=1.24s
[27.553s][info][gc,start       ] GC(51) Pause Young (Concurrent Start) (G1 Evacuation Pause)
[27.553s][info][gc,task        ] GC(51) Using 12 workers of 33 for evacuation
[27.554s][info][gc,phases      ] GC(51)   Pre Evacuate Collection Set: 0.2ms
[27.554s][info][gc,phases      ] GC(51)   Merge Heap Roots: 0.0ms
[27.554s][info][gc,phases      ] GC(51)   Evacuate Collection Set: 0.6ms
[27.554s][info][gc,phases      ] GC(51)   Post Evacuate Collection Set: 0.2ms
[27.554s][info][gc,phases      ] GC(51)   Other: 0.1ms
[27.554s][info][gc,heap        ] GC(51) Eden regions: 0->0(0)
[27.554s][info][gc,heap        ] GC(51) Survivor regions: 0->0(0)
[27.554s][info][gc,heap        ] GC(51) Old regions: 506->506
[27.554s][info][gc,heap        ] GC(51) Archive regions: 0->0
[27.554s][info][gc,heap        ] GC(51) Humongous regions: 6->6
[27.554s][info][gc,metaspace   ] GC(51) Metaspace: 42226K(42688K)->42226K(42688K) NonClass: 36935K(37184K)->36935K(37184K) Class: 5291K(5504K)->5291K(5504K)
[27.554s][info][gc             ] GC(51) Pause Young (Concurrent Start) (G1 Evacuation Pause) 511M->511M(512M) 1.319ms
[27.554s][info][gc             ] GC(52) Concurrent Mark Cycle
[27.554s][info][gc,cpu         ] GC(51) User=0.00s Sys=0.00s Real=0.00s
[27.554s][info][gc,marking     ] GC(52) Concurrent Scan Root Regions
[27.554s][info][gc,ergo        ] Attempting full compaction
[27.554s][info][gc,marking     ] GC(52) Concurrent Scan Root Regions 0.035ms
[27.554s][info][gc,start       ] GC(53) Pause Full (G1 Compaction Pause)
[27.554s][info][gc,marking     ] GC(52) Concurrent Mark
[27.554s][info][gc,marking     ] GC(52) Concurrent Mark From Roots
[27.554s][info][gc,task        ] GC(53) Using 12 workers of 33 for full compaction
[27.554s][info][gc,task        ] GC(52) Using 8 workers of 8 for marking
[27.555s][info][gc,phases,start] GC(53) Phase 1: Mark live objects
[28.594s][info][gc,phases      ] GC(53) Phase 1: Mark live objects 1038.918ms
[28.594s][info][gc,phases,start] GC(53) Phase 2: Prepare compaction
[28.619s][info][gc,phases      ] GC(53) Phase 2: Prepare compaction 24.990ms
[28.619s][info][gc,phases,start] GC(53) Phase 3: Adjust pointers
[28.641s][info][gc,phases      ] GC(53) Phase 3: Adjust pointers 21.870ms
[28.641s][info][gc,phases,start] GC(53) Phase 4: Compact heap
[28.641s][info][gc,phases      ] GC(53) Phase 4: Compact heap 0.209ms
[28.644s][info][gc,heap        ] GC(53) Eden regions: 0->0(0)
[28.644s][info][gc,heap        ] GC(53) Survivor regions: 0->0(0)
[28.644s][info][gc,heap        ] GC(53) Old regions: 506->506
[28.644s][info][gc,heap        ] GC(53) Archive regions: 0->0
[28.644s][info][gc,heap        ] GC(53) Humongous regions: 6->6
[28.644s][info][gc,metaspace   ] GC(53) Metaspace: 42226K(42688K)->42226K(42688K) NonClass: 36935K(37184K)->36935K(37184K) Class: 5291K(5504K)->5291K(5504K)
[28.644s][info][gc             ] GC(53) Pause Full (G1 Compaction Pause) 511M->511M(512M) 1089.873ms
[28.644s][info][gc,cpu         ] GC(53) User=4.28s Sys=0.00s Real=1.09s
[28.644s][info][gc,ergo        ] Attempting maximal full compaction clearing soft references
[28.644s][info][gc,start       ] GC(54) Pause Full (G1 Compaction Pause)
[28.644s][info][gc,task        ] GC(54) Using 12 workers of 33 for full compaction
[28.645s][info][gc,phases,start] GC(54) Phase 1: Mark live objects
[29.768s][info][gc,phases      ] GC(54) Phase 1: Mark live objects 1123.546ms
[29.768s][info][gc,phases,start] GC(54) Phase 2: Prepare compaction
[29.801s][info][gc,phases      ] GC(54) Phase 2: Prepare compaction 33.182ms
[29.802s][info][gc,phases,start] GC(54) Phase 3: Adjust pointers
[29.835s][info][gc,phases      ] GC(54) Phase 3: Adjust pointers 33.805ms
[29.835s][info][gc,phases,start] GC(54) Phase 4: Compact heap
[29.863s][info][gc,phases      ] GC(54) Phase 4: Compact heap 27.784ms
[29.868s][info][gc,heap        ] GC(54) Eden regions: 0->0(0)
[29.868s][info][gc,heap        ] GC(54) Survivor regions: 0->0(0)
[29.868s][info][gc,heap        ] GC(54) Old regions: 506->506
[29.868s][info][gc,heap        ] GC(54) Archive regions: 0->0
[29.868s][info][gc,heap        ] GC(54) Humongous regions: 6->6
[29.868s][info][gc,metaspace   ] GC(54) Metaspace: 42226K(42688K)->42226K(42688K) NonClass: 36935K(37184K)->36935K(37184K) Class: 5291K(5504K)->5291K(5504K)
[29.868s][info][gc             ] GC(54) Pause Full (G1 Compaction Pause) 511M->511M(512M) 1223.502ms
[29.868s][info][gc,cpu         ] GC(54) User=5.42s Sys=0.00s Real=1.22s
[29.868s][info][gc,marking     ] GC(52) Concurrent Mark From Roots 2313.516ms
[29.868s][info][gc,start       ] GC(55) Pause Young (Normal) (G1 Evacuation Pause)
[29.868s][info][gc,task        ] GC(55) Using 12 workers of 33 for evacuation
[29.868s][info][gc,phases      ] GC(55)   Pre Evacuate Collection Set: 0.1ms
[29.869s][info][gc,phases      ] GC(55)   Merge Heap Roots: 0.0ms
[29.869s][info][gc,phases      ] GC(55)   Evacuate Collection Set: 0.2ms
[29.869s][info][gc,phases      ] GC(55)   Post Evacuate Collection Set: 0.2ms
[29.869s][info][gc,phases      ] GC(55)   Other: 0.1ms
[29.869s][info][gc,heap        ] GC(55) Eden regions: 0->0(0)
[29.869s][info][gc,heap        ] GC(55) Survivor regions: 0->0(0)
[29.869s][info][gc,heap        ] GC(55) Old regions: 506->506
[29.869s][info][gc,heap        ] GC(55) Archive regions: 0->0
[29.869s][info][gc,heap        ] GC(55) Humongous regions: 6->6
[29.869s][info][gc,metaspace   ] GC(55) Metaspace: 42226K(42688K)->42226K(42688K) NonClass: 36935K(37184K)->36935K(37184K) Class: 5291K(5504K)->5291K(5504K)
[29.869s][info][gc             ] GC(55) Pause Young (Normal) (G1 Evacuation Pause) 511M->511M(512M) 0.751ms
[29.869s][info][gc,cpu         ] GC(55) User=0.00s Sys=0.00s Real=0.00s
[29.869s][info][gc,ergo        ] Attempting full compaction
[29.869s][info][gc,start       ] GC(56) Pause Full (G1 Compaction Pause)
[29.869s][info][gc,task        ] GC(56) Using 12 workers of 33 for full compaction
[29.869s][info][gc,phases,start] GC(56) Phase 1: Mark live objects
[30.958s][info][gc,phases      ] GC(56) Phase 1: Mark live objects 1088.301ms
[30.958s][info][gc,phases,start] GC(56) Phase 2: Prepare compaction
[30.983s][info][gc,phases      ] GC(56) Phase 2: Prepare compaction 24.908ms
[30.983s][info][gc,phases,start] GC(56) Phase 3: Adjust pointers
[31.003s][info][gc,phases      ] GC(56) Phase 3: Adjust pointers 20.603ms
[31.003s][info][gc,phases,start] GC(56) Phase 4: Compact heap
[31.004s][info][gc,phases      ] GC(56) Phase 4: Compact heap 0.212ms
[31.007s][info][gc,heap        ] GC(56) Eden regions: 0->0(0)
[31.007s][info][gc,heap        ] GC(56) Survivor regions: 0->0(0)
[31.007s][info][gc,heap        ] GC(56) Old regions: 506->506
[31.007s][info][gc,heap        ] GC(56) Archive regions: 0->0
[31.007s][info][gc,heap        ] GC(56) Humongous regions: 6->6
[31.007s][info][gc,metaspace   ] GC(56) Metaspace: 42226K(42688K)->42226K(42688K) NonClass: 36935K(37184K)->36935K(37184K) Class: 5291K(5504K)->5291K(5504K)
[31.007s][info][gc             ] GC(56) Pause Full (G1 Compaction Pause) 511M->511M(512M) 1138.051ms
[31.007s][info][gc,cpu         ] GC(56) User=4.17s Sys=0.02s Real=1.14s
[31.007s][info][gc,ergo        ] Attempting maximal full compaction clearing soft references
[31.007s][info][gc,start       ] GC(57) Pause Full (G1 Compaction Pause)
[31.007s][info][gc,task        ] GC(57) Using 12 workers of 33 for full compaction
[31.007s][info][gc,phases,start] GC(57) Phase 1: Mark live objects
[32.047s][info][gc,phases      ] GC(57) Phase 1: Mark live objects 1040.196ms
[32.048s][info][gc,phases,start] GC(57) Phase 2: Prepare compaction
[32.089s][info][gc,phases      ] GC(57) Phase 2: Prepare compaction 41.080ms
[32.089s][info][gc,phases,start] GC(57) Phase 3: Adjust pointers
[32.123s][info][gc,phases      ] GC(57) Phase 3: Adjust pointers 34.660ms
[32.123s][info][gc,phases,start] GC(57) Phase 4: Compact heap
[32.152s][info][gc,phases      ] GC(57) Phase 4: Compact heap 28.732ms
[32.157s][info][gc,heap        ] GC(57) Eden regions: 0->0(0)
[32.158s][info][gc,heap        ] GC(57) Survivor regions: 0->0(0)
[32.158s][info][gc,heap        ] GC(57) Old regions: 506->506
[32.158s][info][gc,heap        ] GC(57) Archive regions: 0->0
[32.158s][info][gc,heap        ] GC(57) Humongous regions: 6->6
[32.158s][info][gc,metaspace   ] GC(57) Metaspace: 42226K(42688K)->42226K(42688K) NonClass: 36935K(37184K)->36935K(37184K) Class: 5291K(5504K)->5291K(5504K)
[32.158s][info][gc             ] GC(57) Pause Full (G1 Compaction Pause) 511M->511M(512M) 1150.842ms
[32.158s][info][gc,cpu         ] GC(57) User=4.64s Sys=0.00s Real=1.15s
[32.158s][info][gc,marking     ] GC(52) Concurrent Mark Abort
[32.158s][info][gc             ] GC(52) Concurrent Mark Cycle 4603.654ms
[32.158s][info][gc,start       ] GC(58) Pause Young (Normal) (G1 Evacuation Pause)
[32.158s][info][gc,task        ] GC(58) Using 12 workers of 33 for evacuation
[32.159s][info][gc,phases      ] GC(58)   Pre Evacuate Collection Set: 0.1ms
[32.159s][info][gc,phases      ] GC(58)   Merge Heap Roots: 0.0ms
[32.159s][info][gc,phases      ] GC(58)   Evacuate Collection Set: 0.2ms
[32.159s][info][gc,phases      ] GC(58)   Post Evacuate Collection Set: 0.2ms
[32.159s][info][gc,phases      ] GC(58)   Other: 0.1ms
[32.159s][info][gc,heap        ] GC(58) Eden regions: 0->0(0)
[32.159s][info][gc,heap        ] GC(58) Survivor regions: 0->0(0)
[32.159s][info][gc,heap        ] GC(58) Old regions: 506->506
[32.159s][info][gc,heap        ] GC(58) Archive regions: 0->0
[32.159s][info][gc,heap        ] GC(58) Humongous regions: 6->6
[32.159s][info][gc,metaspace   ] GC(58) Metaspace: 42226K(42688K)->42226K(42688K) NonClass: 36935K(37184K)->36935K(37184K) Class: 5291K(5504K)->5291K(5504K)
[32.159s][info][gc             ] GC(58) Pause Young (Normal) (G1 Evacuation Pause) 511M->511M(512M) 0.810ms
[32.159s][info][gc,cpu         ] GC(58) User=0.00s Sys=0.00s Real=0.00s
[32.159s][info][gc,ergo        ] Attempting full compaction
[32.159s][info][gc,start       ] GC(59) Pause Full (G1 Compaction Pause)
[32.159s][info][gc,task        ] GC(59) Using 12 workers of 33 for full compaction
[32.159s][info][gc,phases,start] GC(59) Phase 1: Mark live objects
[33.307s][info][gc,phases      ] GC(59) Phase 1: Mark live objects 1147.724ms
[33.307s][info][gc,phases,start] GC(59) Phase 2: Prepare compaction
[33.330s][info][gc,phases      ] GC(59) Phase 2: Prepare compaction 23.307ms
[33.330s][info][gc,phases,start] GC(59) Phase 3: Adjust pointers
[33.350s][info][gc,phases      ] GC(59) Phase 3: Adjust pointers 19.809ms
[33.350s][info][gc,phases,start] GC(59) Phase 4: Compact heap
[33.350s][info][gc,phases      ] GC(59) Phase 4: Compact heap 0.246ms
[33.353s][info][gc,heap        ] GC(59) Eden regions: 0->0(0)
[33.353s][info][gc,heap        ] GC(59) Survivor regions: 0->0(0)
[33.353s][info][gc,heap        ] GC(59) Old regions: 506->506
[33.353s][info][gc,heap        ] GC(59) Archive regions: 0->0
[33.353s][info][gc,heap        ] GC(59) Humongous regions: 6->6
[33.353s][info][gc,metaspace   ] GC(59) Metaspace: 42226K(42688K)->42226K(42688K) NonClass: 36935K(37184K)->36935K(37184K) Class: 5291K(5504K)->5291K(5504K)
[33.353s][info][gc             ] GC(59) Pause Full (G1 Compaction Pause) 511M->511M(512M) 1194.646ms
[33.353s][info][gc,cpu         ] GC(59) User=4.86s Sys=0.00s Real=1.19s
[33.353s][info][gc,ergo        ] Attempting maximal full compaction clearing soft references
[33.353s][info][gc,start       ] GC(60) Pause Full (G1 Compaction Pause)
[33.353s][info][gc,task        ] GC(60) Using 12 workers of 33 for full compaction
[33.354s][info][gc,phases,start] GC(60) Phase 1: Mark live objects
[34.304s][info][gc,phases      ] GC(60) Phase 1: Mark live objects 950.442ms
[34.304s][info][gc,phases,start] GC(60) Phase 2: Prepare compaction
[34.340s][info][gc,phases      ] GC(60) Phase 2: Prepare compaction 36.125ms
[34.340s][info][gc,phases,start] GC(60) Phase 3: Adjust pointers
[34.374s][info][gc,phases      ] GC(60) Phase 3: Adjust pointers 33.548ms
[34.374s][info][gc,phases,start] GC(60) Phase 4: Compact heap
[34.402s][info][gc,phases      ] GC(60) Phase 4: Compact heap 28.227ms
[34.407s][info][gc,heap        ] GC(60) Eden regions: 0->0(0)
[34.407s][info][gc,heap        ] GC(60) Survivor regions: 0->0(0)
[34.407s][info][gc,heap        ] GC(60) Old regions: 506->506
[34.407s][info][gc,heap        ] GC(60) Archive regions: 0->0
[34.407s][info][gc,heap        ] GC(60) Humongous regions: 6->6
[34.407s][info][gc,metaspace   ] GC(60) Metaspace: 42226K(42688K)->42226K(42688K) NonClass: 36935K(37184K)->36935K(37184K) Class: 5291K(5504K)->5291K(5504K)
[34.407s][info][gc             ] GC(60) Pause Full (G1 Compaction Pause) 511M->511M(512M) 1053.786ms
[34.407s][info][gc,cpu         ] GC(60) User=2.94s Sys=0.00s Real=1.06s
[34.408s][info][gc,start       ] GC(61) Pause Young (Concurrent Start) (G1 Evacuation Pause)
[34.408s][info][gc,task        ] GC(61) Using 12 workers of 33 for evacuation
[34.409s][info][gc,phases      ] GC(61)   Pre Evacuate Collection Set: 0.2ms
[34.409s][info][gc,phases      ] GC(61)   Merge Heap Roots: 0.0ms
[34.409s][info][gc,phases      ] GC(61)   Evacuate Collection Set: 0.5ms
[34.409s][info][gc,phases      ] GC(61)   Post Evacuate Collection Set: 0.2ms
[34.409s][info][gc,phases      ] GC(61)   Other: 0.1ms
[34.409s][info][gc,heap        ] GC(61) Eden regions: 0->0(0)
[34.409s][info][gc,heap        ] GC(61) Survivor regions: 0->0(0)
[34.409s][info][gc,heap        ] GC(61) Old regions: 506->506
[34.409s][info][gc,heap        ] GC(61) Archive regions: 0->0
[34.409s][info][gc,heap        ] GC(61) Humongous regions: 6->6
[34.409s][info][gc,metaspace   ] GC(61) Metaspace: 42228K(42688K)->42228K(42688K) NonClass: 36936K(37184K)->36936K(37184K) Class: 5291K(5504K)->5291K(5504K)
[34.409s][info][gc             ] GC(61) Pause Young (Concurrent Start) (G1 Evacuation Pause) 511M->511M(512M) 1.250ms
[34.409s][info][gc             ] GC(62) Concurrent Mark Cycle
[34.409s][info][gc,cpu         ] GC(61) User=0.00s Sys=0.00s Real=0.00s
[34.409s][info][gc,marking     ] GC(62) Concurrent Scan Root Regions
[34.409s][info][gc,ergo        ] Attempting full compaction
[34.409s][info][gc,marking     ] GC(62) Concurrent Scan Root Regions 0.041ms
[34.409s][info][gc,start       ] GC(63) Pause Full (G1 Compaction Pause)
[34.409s][info][gc,marking     ] GC(62) Concurrent Mark
[34.409s][info][gc,marking     ] GC(62) Concurrent Mark From Roots
[34.409s][info][gc,task        ] GC(63) Using 12 workers of 33 for full compaction
[34.409s][info][gc,task        ] GC(62) Using 8 workers of 8 for marking
[34.410s][info][gc,phases,start] GC(63) Phase 1: Mark live objects
[35.427s][info][gc,phases      ] GC(63) Phase 1: Mark live objects 1017.026ms
[35.427s][info][gc,phases,start] GC(63) Phase 2: Prepare compaction
[35.447s][info][gc,phases      ] GC(63) Phase 2: Prepare compaction 20.662ms
[35.448s][info][gc,phases,start] GC(63) Phase 3: Adjust pointers
[35.467s][info][gc,phases      ] GC(63) Phase 3: Adjust pointers 19.617ms
[35.467s][info][gc,phases,start] GC(63) Phase 4: Compact heap
[35.467s][info][gc,phases      ] GC(63) Phase 4: Compact heap 0.250ms
[35.470s][info][gc,heap        ] GC(63) Eden regions: 0->0(0)
[35.470s][info][gc,heap        ] GC(63) Survivor regions: 0->0(0)
[35.470s][info][gc,heap        ] GC(63) Old regions: 506->506
[35.470s][info][gc,heap        ] GC(63) Archive regions: 0->0
[35.470s][info][gc,heap        ] GC(63) Humongous regions: 6->6
[35.470s][info][gc,metaspace   ] GC(63) Metaspace: 42228K(42688K)->42228K(42688K) NonClass: 36936K(37184K)->36936K(37184K) Class: 5291K(5504K)->5291K(5504K)
[35.470s][info][gc             ] GC(63) Pause Full (G1 Compaction Pause) 511M->511M(512M) 1061.514ms
[35.470s][info][gc,cpu         ] GC(63) User=2.73s Sys=0.00s Real=1.05s
[35.471s][info][gc,ergo        ] Attempting maximal full compaction clearing soft references
[35.471s][info][gc,start       ] GC(64) Pause Full (G1 Compaction Pause)
[35.471s][info][gc,task        ] GC(64) Using 12 workers of 33 for full compaction
[35.471s][info][gc,phases,start] GC(64) Phase 1: Mark live objects
[36.397s][info][gc,phases      ] GC(64) Phase 1: Mark live objects 925.737ms
[36.397s][info][gc,phases,start] GC(64) Phase 2: Prepare compaction
[36.434s][info][gc,phases      ] GC(64) Phase 2: Prepare compaction 37.010ms
[36.434s][info][gc,phases,start] GC(64) Phase 3: Adjust pointers
[36.468s][info][gc,phases      ] GC(64) Phase 3: Adjust pointers 34.357ms
[36.468s][info][gc,phases,start] GC(64) Phase 4: Compact heap
[36.497s][info][gc,phases      ] GC(64) Phase 4: Compact heap 28.922ms
[36.501s][info][gc,heap        ] GC(64) Eden regions: 0->0(0)
[36.501s][info][gc,heap        ] GC(64) Survivor regions: 0->0(0)
[36.501s][info][gc,heap        ] GC(64) Old regions: 506->506
[36.501s][info][gc,heap        ] GC(64) Archive regions: 0->0
[36.501s][info][gc,heap        ] GC(64) Humongous regions: 6->6
[36.501s][info][gc,metaspace   ] GC(64) Metaspace: 42228K(42688K)->42228K(42688K) NonClass: 36936K(37184K)->36936K(37184K) Class: 5291K(5504K)->5291K(5504K)
[36.502s][info][gc             ] GC(64) Pause Full (G1 Compaction Pause) 511M->511M(512M) 1031.034ms
[36.502s][info][gc,cpu         ] GC(64) User=3.23s Sys=0.00s Real=1.03s
[36.502s][info][gc,marking     ] GC(62) Concurrent Mark From Roots 2092.669ms
[36.502s][info][gc,start       ] GC(65) Pause Young (Normal) (G1 Evacuation Pause)
[36.502s][info][gc,task        ] GC(65) Using 12 workers of 33 for evacuation
[36.502s][info][gc,phases      ] GC(65)   Pre Evacuate Collection Set: 0.1ms
[36.502s][info][gc,phases      ] GC(65)   Merge Heap Roots: 0.0ms
[36.502s][info][gc,phases      ] GC(65)   Evacuate Collection Set: 0.1ms
[36.502s][info][gc,phases      ] GC(65)   Post Evacuate Collection Set: 0.2ms
[36.502s][info][gc,phases      ] GC(65)   Other: 0.1ms
[36.502s][info][gc,heap        ] GC(65) Eden regions: 0->0(0)
[36.502s][info][gc,heap        ] GC(65) Survivor regions: 0->0(0)
[36.502s][info][gc,heap        ] GC(65) Old regions: 506->506
[36.502s][info][gc,heap        ] GC(65) Archive regions: 0->0
[36.502s][info][gc,heap        ] GC(65) Humongous regions: 6->6
[36.502s][info][gc,metaspace   ] GC(65) Metaspace: 42228K(42688K)->42228K(42688K) NonClass: 36936K(37184K)->36936K(37184K) Class: 5291K(5504K)->5291K(5504K)
[36.502s][info][gc             ] GC(65) Pause Young (Normal) (G1 Evacuation Pause) 511M->511M(512M) 0.699ms
[36.502s][info][gc,cpu         ] GC(65) User=0.00s Sys=0.00s Real=0.00s
[36.503s][info][gc,ergo        ] Attempting full compaction
[36.503s][info][gc,start       ] GC(66) Pause Full (G1 Compaction Pause)
[36.503s][info][gc,task        ] GC(66) Using 12 workers of 33 for full compaction
[36.503s][info][gc,phases,start] GC(66) Phase 1: Mark live objects
[37.453s][info][gc,phases      ] GC(66) Phase 1: Mark live objects 949.396ms
[37.453s][info][gc,phases,start] GC(66) Phase 2: Prepare compaction
[37.476s][info][gc,phases      ] GC(66) Phase 2: Prepare compaction 23.545ms
[37.476s][info][gc,phases,start] GC(66) Phase 3: Adjust pointers
[37.496s][info][gc,phases      ] GC(66) Phase 3: Adjust pointers 20.176ms
[37.496s][info][gc,phases,start] GC(66) Phase 4: Compact heap
[37.497s][info][gc,phases      ] GC(66) Phase 4: Compact heap 0.222ms
[37.500s][info][gc,heap        ] GC(66) Eden regions: 0->0(0)
[37.500s][info][gc,heap        ] GC(66) Survivor regions: 0->0(0)
[37.500s][info][gc,heap        ] GC(66) Old regions: 506->506
[37.500s][info][gc,heap        ] GC(66) Archive regions: 0->0
[37.500s][info][gc,heap        ] GC(66) Humongous regions: 6->6
[37.500s][info][gc,metaspace   ] GC(66) Metaspace: 42228K(42688K)->42228K(42688K) NonClass: 36936K(37184K)->36936K(37184K) Class: 5291K(5504K)->5291K(5504K)
[37.500s][info][gc             ] GC(66) Pause Full (G1 Compaction Pause) 511M->511M(512M) 997.217ms
[37.500s][info][gc,cpu         ] GC(66) User=2.83s Sys=0.00s Real=1.00s
[37.500s][info][gc,ergo        ] Attempting maximal full compaction clearing soft references
[37.500s][info][gc,start       ] GC(67) Pause Full (G1 Compaction Pause)
[37.500s][info][gc,task        ] GC(67) Using 12 workers of 33 for full compaction
[37.500s][info][gc,phases,start] GC(67) Phase 1: Mark live objects
[38.416s][info][gc,phases      ] GC(67) Phase 1: Mark live objects 915.470ms
[38.416s][info][gc,phases,start] GC(67) Phase 2: Prepare compaction
[38.464s][info][gc,phases      ] GC(67) Phase 2: Prepare compaction 48.262ms
[38.464s][info][gc,phases,start] GC(67) Phase 3: Adjust pointers
[38.502s][info][gc,phases      ] GC(67) Phase 3: Adjust pointers 38.243ms
[38.502s][info][gc,phases,start] GC(67) Phase 4: Compact heap
[38.529s][info][gc,phases      ] GC(67) Phase 4: Compact heap 26.776ms
[38.535s][info][gc,heap        ] GC(67) Eden regions: 0->0(0)
[38.535s][info][gc,heap        ] GC(67) Survivor regions: 0->0(0)
[38.535s][info][gc,heap        ] GC(67) Old regions: 506->506
[38.535s][info][gc,heap        ] GC(67) Archive regions: 0->0
[38.535s][info][gc,heap        ] GC(67) Humongous regions: 6->6
[38.535s][info][gc,metaspace   ] GC(67) Metaspace: 42228K(42688K)->42228K(42688K) NonClass: 36936K(37184K)->36936K(37184K) Class: 5291K(5504K)->5291K(5504K)
[38.535s][info][gc             ] GC(67) Pause Full (G1 Compaction Pause) 511M->511M(512M) 1035.633ms
[38.535s][info][gc,cpu         ] GC(67) User=3.08s Sys=0.00s Real=1.04s
[38.536s][info][gc,marking     ] GC(62) Concurrent Mark Abort
[38.536s][info][gc             ] GC(62) Concurrent Mark Cycle 4126.768ms
[38.536s][info][gc,start       ] GC(68) Pause Young (Normal) (G1 Evacuation Pause)
[38.536s][info][gc,task        ] GC(68) Using 12 workers of 33 for evacuation
[38.536s][info][gc,phases      ] GC(68)   Pre Evacuate Collection Set: 0.1ms
[38.536s][info][gc,phases      ] GC(68)   Merge Heap Roots: 0.0ms
[38.536s][info][gc,phases      ] GC(68)   Evacuate Collection Set: 0.1ms
[38.536s][info][gc,phases      ] GC(68)   Post Evacuate Collection Set: 0.2ms
[38.536s][info][gc,phases      ] GC(68)   Other: 0.1ms
[38.536s][info][gc,heap        ] GC(68) Eden regions: 0->0(0)
[38.536s][info][gc,heap        ] GC(68) Survivor regions: 0->0(0)
[38.536s][info][gc,heap        ] GC(68) Old regions: 506->506
[38.536s][info][gc,heap        ] GC(68) Archive regions: 0->0
[38.536s][info][gc,heap        ] GC(68) Humongous regions: 6->6
[38.536s][info][gc,metaspace   ] GC(68) Metaspace: 42228K(42688K)->42228K(42688K) NonClass: 36936K(37184K)->36936K(37184K) Class: 5291K(5504K)->5291K(5504K)
[38.537s][info][gc             ] GC(68) Pause Young (Normal) (G1 Evacuation Pause) 511M->511M(512M) 0.877ms
[38.537s][info][gc,cpu         ] GC(68) User=0.00s Sys=0.00s Real=0.00s
[38.537s][info][gc,ergo        ] Attempting full compaction
[38.537s][info][gc,start       ] GC(69) Pause Full (G1 Compaction Pause)
[38.537s][info][gc,task        ] GC(69) Using 12 workers of 33 for full compaction
[38.537s][info][gc,phases,start] GC(69) Phase 1: Mark live objects
[39.476s][info][gc,phases      ] GC(69) Phase 1: Mark live objects 939.071ms
[39.476s][info][gc,phases,start] GC(69) Phase 2: Prepare compaction
[39.502s][info][gc,phases      ] GC(69) Phase 2: Prepare compaction 25.396ms
[39.502s][info][gc,phases,start] GC(69) Phase 3: Adjust pointers
[39.524s][info][gc,phases      ] GC(69) Phase 3: Adjust pointers 22.631ms
[39.524s][info][gc,phases,start] GC(69) Phase 4: Compact heap
[39.525s][info][gc,phases      ] GC(69) Phase 4: Compact heap 0.266ms
[39.527s][info][gc,heap        ] GC(69) Eden regions: 0->0(0)
[39.527s][info][gc,heap        ] GC(69) Survivor regions: 0->0(0)
[39.527s][info][gc,heap        ] GC(69) Old regions: 506->506
[39.527s][info][gc,heap        ] GC(69) Archive regions: 0->0
[39.527s][info][gc,heap        ] GC(69) Humongous regions: 6->6
[39.527s][info][gc,metaspace   ] GC(69) Metaspace: 42228K(42688K)->42228K(42688K) NonClass: 36936K(37184K)->36936K(37184K) Class: 5291K(5504K)->5291K(5504K)
[39.527s][info][gc             ] GC(69) Pause Full (G1 Compaction Pause) 511M->511M(512M) 990.853ms
[39.527s][info][gc,cpu         ] GC(69) User=2.80s Sys=0.02s Real=1.00s
[39.528s][info][gc,ergo        ] Attempting maximal full compaction clearing soft references
[39.528s][info][gc,start       ] GC(70) Pause Full (G1 Compaction Pause)
[39.528s][info][gc,task        ] GC(70) Using 12 workers of 33 for full compaction
[39.528s][info][gc,phases,start] GC(70) Phase 1: Mark live objects
[40.450s][info][gc,phases      ] GC(70) Phase 1: Mark live objects 922.118ms
[40.450s][info][gc,phases,start] GC(70) Phase 2: Prepare compaction
[40.483s][info][gc,phases      ] GC(70) Phase 2: Prepare compaction 33.259ms
[40.483s][info][gc,phases,start] GC(70) Phase 3: Adjust pointers
[40.515s][info][gc,phases      ] GC(70) Phase 3: Adjust pointers 32.080ms
[40.515s][info][gc,phases,start] GC(70) Phase 4: Compact heap
[40.543s][info][gc,phases      ] GC(70) Phase 4: Compact heap 28.055ms
[40.549s][info][gc,heap        ] GC(70) Eden regions: 0->0(0)
[40.549s][info][gc,heap        ] GC(70) Survivor regions: 0->0(0)
[40.549s][info][gc,heap        ] GC(70) Old regions: 506->506
[40.549s][info][gc,heap        ] GC(70) Archive regions: 0->0
[40.549s][info][gc,heap        ] GC(70) Humongous regions: 6->6
[40.549s][info][gc,metaspace   ] GC(70) Metaspace: 42228K(42688K)->42228K(42688K) NonClass: 36936K(37184K)->36936K(37184K) Class: 5291K(5504K)->5291K(5504K)
[40.549s][info][gc             ] GC(70) Pause Full (G1 Compaction Pause) 511M->511M(512M) 1021.427ms
[40.549s][info][gc,cpu         ] GC(70) User=2.81s Sys=0.00s Real=1.01s
[40.549s][info][gc,start       ] GC(71) Pause Young (Concurrent Start) (G1 Evacuation Pause)
[40.549s][info][gc,task        ] GC(71) Using 12 workers of 33 for evacuation
[40.550s][info][gc,phases      ] GC(71)   Pre Evacuate Collection Set: 0.2ms
[40.550s][info][gc,phases      ] GC(71)   Merge Heap Roots: 0.0ms
[40.550s][info][gc,phases      ] GC(71)   Evacuate Collection Set: 0.5ms
[40.550s][info][gc,phases      ] GC(71)   Post Evacuate Collection Set: 0.2ms
[40.550s][info][gc,phases      ] GC(71)   Other: 0.1ms
[40.550s][info][gc,heap        ] GC(71) Eden regions: 0->0(0)
[40.550s][info][gc,heap        ] GC(71) Survivor regions: 0->0(0)
[40.550s][info][gc,heap        ] GC(71) Old regions: 506->506
[40.550s][info][gc,heap        ] GC(71) Archive regions: 0->0
[40.550s][info][gc,heap        ] GC(71) Humongous regions: 6->6
[40.550s][info][gc,metaspace   ] GC(71) Metaspace: 42228K(42688K)->42228K(42688K) NonClass: 36936K(37184K)->36936K(37184K) Class: 5291K(5504K)->5291K(5504K)
[40.550s][info][gc             ] GC(71) Pause Young (Concurrent Start) (G1 Evacuation Pause) 511M->511M(512M) 1.295ms
[40.551s][info][gc,cpu         ] GC(71) User=0.00s Sys=0.00s Real=0.00s
[40.551s][info][gc             ] GC(72) Concurrent Mark Cycle
[40.551s][info][gc,ergo        ] Attempting full compaction
[40.551s][info][gc,marking     ] GC(72) Concurrent Scan Root Regions
[40.551s][info][gc,start       ] GC(73) Pause Full (G1 Compaction Pause)
[40.551s][info][gc,marking     ] GC(72) Concurrent Scan Root Regions 0.042ms
[40.551s][info][gc,marking     ] GC(72) Concurrent Mark
[40.551s][info][gc,task        ] GC(73) Using 12 workers of 33 for full compaction
[40.551s][info][gc,marking     ] GC(72) Concurrent Mark From Roots
[40.551s][info][gc,task        ] GC(72) Using 8 workers of 8 for marking
[40.551s][info][gc,phases,start] GC(73) Phase 1: Mark live objects
[41.484s][info][gc,phases      ] GC(73) Phase 1: Mark live objects 932.163ms
[41.484s][info][gc,phases,start] GC(73) Phase 2: Prepare compaction
[41.509s][info][gc,phases      ] GC(73) Phase 2: Prepare compaction 24.870ms
[41.509s][info][gc,phases,start] GC(73) Phase 3: Adjust pointers
[41.530s][info][gc,phases      ] GC(73) Phase 3: Adjust pointers 21.026ms
[41.530s][info][gc,phases,start] GC(73) Phase 4: Compact heap
[41.530s][info][gc,phases      ] GC(73) Phase 4: Compact heap 0.201ms
[41.533s][info][gc,heap        ] GC(73) Eden regions: 0->0(0)
[41.533s][info][gc,heap        ] GC(73) Survivor regions: 0->0(0)
[41.533s][info][gc,heap        ] GC(73) Old regions: 506->506
[41.533s][info][gc,heap        ] GC(73) Archive regions: 0->0
[41.533s][info][gc,heap        ] GC(73) Humongous regions: 6->6
[41.533s][info][gc,metaspace   ] GC(73) Metaspace: 42228K(42688K)->42228K(42688K) NonClass: 36936K(37184K)->36936K(37184K) Class: 5291K(5504K)->5291K(5504K)
[41.533s][info][gc             ] GC(73) Pause Full (G1 Compaction Pause) 511M->511M(512M) 982.234ms
[41.533s][info][gc,cpu         ] GC(73) User=2.53s Sys=0.00s Real=0.99s
[41.533s][info][gc,ergo        ] Attempting maximal full compaction clearing soft references
[41.533s][info][gc,start       ] GC(74) Pause Full (G1 Compaction Pause)
[41.533s][info][gc,task        ] GC(74) Using 12 workers of 33 for full compaction
[41.533s][info][gc,phases,start] GC(74) Phase 1: Mark live objects
[42.471s][info][gc,phases      ] GC(74) Phase 1: Mark live objects 937.925ms
[42.471s][info][gc,phases,start] GC(74) Phase 2: Prepare compaction
[42.505s][info][gc,phases      ] GC(74) Phase 2: Prepare compaction 33.665ms
[42.505s][info][gc,phases,start] GC(74) Phase 3: Adjust pointers
[42.537s][info][gc,phases      ] GC(74) Phase 3: Adjust pointers 31.850ms
[42.537s][info][gc,phases,start] GC(74) Phase 4: Compact heap
[42.563s][info][gc,phases      ] GC(74) Phase 4: Compact heap 25.637ms
[42.566s][info][gc,heap        ] GC(74) Eden regions: 0->0(0)
[42.566s][info][gc,heap        ] GC(74) Survivor regions: 0->0(0)
[42.566s][info][gc,heap        ] GC(74) Old regions: 506->506
[42.566s][info][gc,heap        ] GC(74) Archive regions: 0->0
[42.566s][info][gc,heap        ] GC(74) Humongous regions: 6->6
[42.566s][info][gc,metaspace   ] GC(74) Metaspace: 42228K(42688K)->42228K(42688K) NonClass: 36936K(37184K)->36936K(37184K) Class: 5291K(5504K)->5291K(5504K)
[42.566s][info][gc             ] GC(74) Pause Full (G1 Compaction Pause) 511M->511M(512M) 1033.227ms
[42.566s][info][gc,cpu         ] GC(74) User=2.97s Sys=0.00s Real=1.03s
[42.566s][info][gc,marking     ] GC(72) Concurrent Mark From Roots 2015.558ms
[42.566s][info][gc,start       ] GC(75) Pause Young (Normal) (G1 Evacuation Pause)
[42.566s][info][gc,task        ] GC(75) Using 12 workers of 33 for evacuation
[42.567s][info][gc,phases      ] GC(75)   Pre Evacuate Collection Set: 0.1ms
[42.567s][info][gc,phases      ] GC(75)   Merge Heap Roots: 0.0ms
[42.567s][info][gc,phases      ] GC(75)   Evacuate Collection Set: 0.1ms
[42.567s][info][gc,phases      ] GC(75)   Post Evacuate Collection Set: 0.2ms
[42.567s][info][gc,phases      ] GC(75)   Other: 0.1ms
[42.567s][info][gc,heap        ] GC(75) Eden regions: 0->0(0)
[42.567s][info][gc,heap        ] GC(75) Survivor regions: 0->0(0)
[42.567s][info][gc,heap        ] GC(75) Old regions: 506->506
[42.567s][info][gc,heap        ] GC(75) Archive regions: 0->0
[42.567s][info][gc,heap        ] GC(75) Humongous regions: 6->6
[42.567s][info][gc,metaspace   ] GC(75) Metaspace: 42228K(42688K)->42228K(42688K) NonClass: 36936K(37184K)->36936K(37184K) Class: 5291K(5504K)->5291K(5504K)
[42.567s][info][gc             ] GC(75) Pause Young (Normal) (G1 Evacuation Pause) 511M->511M(512M) 0.620ms
[42.567s][info][gc,cpu         ] GC(75) User=0.00s Sys=0.00s Real=0.00s
[42.567s][info][gc,ergo        ] Attempting full compaction
[42.567s][info][gc,start       ] GC(76) Pause Full (G1 Compaction Pause)
[42.567s][info][gc,task        ] GC(76) Using 12 workers of 33 for full compaction
[42.568s][info][gc,phases,start] GC(76) Phase 1: Mark live objects
[43.485s][info][gc,phases      ] GC(76) Phase 1: Mark live objects 917.756ms
[43.485s][info][gc,phases,start] GC(76) Phase 2: Prepare compaction
[43.510s][info][gc,phases      ] GC(76) Phase 2: Prepare compaction 24.459ms
[43.510s][info][gc,phases,start] GC(76) Phase 3: Adjust pointers
[43.529s][info][gc,phases      ] GC(76) Phase 3: Adjust pointers 19.484ms
[43.529s][info][gc,phases,start] GC(76) Phase 4: Compact heap
[43.530s][info][gc,phases      ] GC(76) Phase 4: Compact heap 0.240ms
[43.532s][info][gc,heap        ] GC(76) Eden regions: 0->0(0)
[43.533s][info][gc,heap        ] GC(76) Survivor regions: 0->0(0)
[43.533s][info][gc,heap        ] GC(76) Old regions: 506->506
[43.533s][info][gc,heap        ] GC(76) Archive regions: 0->0
[43.533s][info][gc,heap        ] GC(76) Humongous regions: 6->6
[43.533s][info][gc,metaspace   ] GC(76) Metaspace: 42228K(42688K)->42228K(42688K) NonClass: 36936K(37184K)->36936K(37184K) Class: 5291K(5504K)->5291K(5504K)
[43.533s][info][gc             ] GC(76) Pause Full (G1 Compaction Pause) 511M->511M(512M) 965.615ms
[43.533s][info][gc,cpu         ] GC(76) User=2.59s Sys=0.00s Real=0.97s
[43.533s][info][gc,ergo        ] Attempting maximal full compaction clearing soft references
[43.533s][info][gc,start       ] GC(77) Pause Full (G1 Compaction Pause)
[43.533s][info][gc,task        ] GC(77) Using 12 workers of 33 for full compaction
[43.533s][info][gc,phases,start] GC(77) Phase 1: Mark live objects
[44.443s][info][gc,phases      ] GC(77) Phase 1: Mark live objects 909.814ms
[44.443s][info][gc,phases,start] GC(77) Phase 2: Prepare compaction
[44.476s][info][gc,phases      ] GC(77) Phase 2: Prepare compaction 33.175ms
[44.476s][info][gc,phases,start] GC(77) Phase 3: Adjust pointers
[44.513s][info][gc,phases      ] GC(77) Phase 3: Adjust pointers 36.349ms
[44.513s][info][gc,phases,start] GC(77) Phase 4: Compact heap
[44.543s][info][gc,phases      ] GC(77) Phase 4: Compact heap 30.114ms
[44.547s][info][gc,heap        ] GC(77) Eden regions: 0->0(0)
[44.547s][info][gc,heap        ] GC(77) Survivor regions: 0->0(0)
[44.547s][info][gc,heap        ] GC(77) Old regions: 506->506
[44.547s][info][gc,heap        ] GC(77) Archive regions: 0->0
[44.547s][info][gc,heap        ] GC(77) Humongous regions: 6->6
[44.547s][info][gc,metaspace   ] GC(77) Metaspace: 42228K(42688K)->42228K(42688K) NonClass: 36936K(37184K)->36936K(37184K) Class: 5291K(5504K)->5291K(5504K)
[44.548s][info][gc             ] GC(77) Pause Full (G1 Compaction Pause) 511M->511M(512M) 1014.866ms
[44.548s][info][gc,cpu         ] GC(77) User=2.83s Sys=0.00s Real=1.02s
[44.548s][info][gc,marking     ] GC(72) Concurrent Mark Abort
[44.548s][info][gc             ] GC(72) Concurrent Mark Cycle 3997.178ms
[44.548s][info][gc,start       ] GC(78) Pause Young (Normal) (G1 Evacuation Pause)
[44.548s][info][gc,task        ] GC(78) Using 12 workers of 33 for evacuation
[44.548s][info][gc,phases      ] GC(78)   Pre Evacuate Collection Set: 0.1ms
[44.548s][info][gc,phases      ] GC(78)   Merge Heap Roots: 0.0ms
[44.548s][info][gc,phases      ] GC(78)   Evacuate Collection Set: 0.1ms
[44.548s][info][gc,phases      ] GC(78)   Post Evacuate Collection Set: 0.2ms
[44.548s][info][gc,phases      ] GC(78)   Other: 0.1ms
[44.548s][info][gc,heap        ] GC(78) Eden regions: 0->0(0)
[44.548s][info][gc,heap        ] GC(78) Survivor regions: 0->0(0)
[44.548s][info][gc,heap        ] GC(78) Old regions: 506->506
[44.548s][info][gc,heap        ] GC(78) Archive regions: 0->0
[44.548s][info][gc,heap        ] GC(78) Humongous regions: 6->6
[44.548s][info][gc,metaspace   ] GC(78) Metaspace: 42228K(42688K)->42228K(42688K) NonClass: 36936K(37184K)->36936K(37184K) Class: 5291K(5504K)->5291K(5504K)
[44.549s][info][gc             ] GC(78) Pause Young (Normal) (G1 Evacuation Pause) 511M->511M(512M) 0.802ms
[44.549s][info][gc,cpu         ] GC(78) User=0.00s Sys=0.00s Real=0.00s
[44.549s][info][gc,ergo        ] Attempting full compaction
[44.549s][info][gc,start       ] GC(79) Pause Full (G1 Compaction Pause)
[44.549s][info][gc,task        ] GC(79) Using 12 workers of 33 for full compaction
[44.549s][info][gc,phases,start] GC(79) Phase 1: Mark live objects
[45.500s][info][gc,phases      ] GC(79) Phase 1: Mark live objects 951.378ms
[45.500s][info][gc,phases,start] GC(79) Phase 2: Prepare compaction
[45.526s][info][gc,phases      ] GC(79) Phase 2: Prepare compaction 25.646ms
[45.526s][info][gc,phases,start] GC(79) Phase 3: Adjust pointers
[45.547s][info][gc,phases      ] GC(79) Phase 3: Adjust pointers 20.950ms
[45.547s][info][gc,phases,start] GC(79) Phase 4: Compact heap
[45.547s][info][gc,phases      ] GC(79) Phase 4: Compact heap 0.202ms
[45.550s][info][gc,heap        ] GC(79) Eden regions: 0->0(0)
[45.550s][info][gc,heap        ] GC(79) Survivor regions: 0->0(0)
[45.550s][info][gc,heap        ] GC(79) Old regions: 506->506
[45.550s][info][gc,heap        ] GC(79) Archive regions: 0->0
[45.550s][info][gc,heap        ] GC(79) Humongous regions: 6->6
[45.550s][info][gc,metaspace   ] GC(79) Metaspace: 42228K(42688K)->42228K(42688K) NonClass: 36936K(37184K)->36936K(37184K) Class: 5291K(5504K)->5291K(5504K)
[45.550s][info][gc             ] GC(79) Pause Full (G1 Compaction Pause) 511M->511M(512M) 1001.762ms
[45.550s][info][gc,cpu         ] GC(79) User=2.64s Sys=0.00s Real=1.00s
[45.550s][info][gc,ergo        ] Attempting maximal full compaction clearing soft references
[45.550s][info][gc,start       ] GC(80) Pause Full (G1 Compaction Pause)
[45.550s][info][gc,task        ] GC(80) Using 12 workers of 33 for full compaction
[45.551s][info][gc,phases,start] GC(80) Phase 1: Mark live objects
[46.482s][info][gc,phases      ] GC(80) Phase 1: Mark live objects 931.205ms
[46.482s][info][gc,phases,start] GC(80) Phase 2: Prepare compaction
[46.516s][info][gc,phases      ] GC(80) Phase 2: Prepare compaction 34.369ms
[46.516s][info][gc,phases,start] GC(80) Phase 3: Adjust pointers
[46.549s][info][gc,phases      ] GC(80) Phase 3: Adjust pointers 32.352ms
[46.549s][info][gc,phases,start] GC(80) Phase 4: Compact heap
[46.576s][info][gc,phases      ] GC(80) Phase 4: Compact heap 27.460ms
[46.580s][info][gc,heap        ] GC(80) Eden regions: 0->0(0)
[46.580s][info][gc,heap        ] GC(80) Survivor regions: 0->0(0)
[46.581s][info][gc,heap        ] GC(80) Old regions: 506->506
[46.581s][info][gc,heap        ] GC(80) Archive regions: 0->0
[46.581s][info][gc,heap        ] GC(80) Humongous regions: 6->6
[46.581s][info][gc,metaspace   ] GC(80) Metaspace: 42228K(42688K)->42228K(42688K) NonClass: 36936K(37184K)->36936K(37184K) Class: 5291K(5504K)->5291K(5504K)
[46.581s][info][gc             ] GC(80) Pause Full (G1 Compaction Pause) 511M->511M(512M) 1030.194ms
[46.581s][info][gc,cpu         ] GC(80) User=3.00s Sys=0.00s Real=1.03s
[46.581s][info][gc,start       ] GC(81) Pause Young (Concurrent Start) (G1 Evacuation Pause)
[46.581s][info][gc,task        ] GC(81) Using 12 workers of 33 for evacuation
[46.582s][info][gc,phases      ] GC(81)   Pre Evacuate Collection Set: 0.1ms
[46.582s][info][gc,phases      ] GC(81)   Merge Heap Roots: 0.0ms
[46.582s][info][gc,phases      ] GC(81)   Evacuate Collection Set: 0.5ms
[46.582s][info][gc,phases      ] GC(81)   Post Evacuate Collection Set: 0.2ms
[46.582s][info][gc,phases      ] GC(81)   Other: 0.1ms
[46.582s][info][gc,heap        ] GC(81) Eden regions: 0->0(0)
[46.582s][info][gc,heap        ] GC(81) Survivor regions: 0->0(0)
[46.582s][info][gc,heap        ] GC(81) Old regions: 506->506
[46.582s][info][gc,heap        ] GC(81) Archive regions: 0->0
[46.582s][info][gc,heap        ] GC(81) Humongous regions: 6->6
[46.582s][info][gc,metaspace   ] GC(81) Metaspace: 42228K(42688K)->42228K(42688K) NonClass: 36936K(37184K)->36936K(37184K) Class: 5291K(5504K)->5291K(5504K)
[46.582s][info][gc             ] GC(81) Pause Young (Concurrent Start) (G1 Evacuation Pause) 511M->511M(512M) 1.178ms
[46.582s][info][gc             ] GC(82) Concurrent Mark Cycle
[46.582s][info][gc,cpu         ] GC(81) User=0.00s Sys=0.00s Real=0.00s
[46.582s][info][gc,marking     ] GC(82) Concurrent Scan Root Regions
[46.582s][info][gc,ergo        ] Attempting full compaction
[46.582s][info][gc,marking     ] GC(82) Concurrent Scan Root Regions 0.037ms
[46.582s][info][gc,start       ] GC(83) Pause Full (G1 Compaction Pause)
[46.582s][info][gc,marking     ] GC(82) Concurrent Mark
[46.582s][info][gc,marking     ] GC(82) Concurrent Mark From Roots
[46.582s][info][gc,task        ] GC(83) Using 12 workers of 33 for full compaction
[46.582s][info][gc,task        ] GC(82) Using 8 workers of 8 for marking
[46.583s][info][gc,phases,start] GC(83) Phase 1: Mark live objects
[47.513s][info][gc,phases      ] GC(83) Phase 1: Mark live objects 930.438ms
[47.513s][info][gc,phases,start] GC(83) Phase 2: Prepare compaction
[47.539s][info][gc,phases      ] GC(83) Phase 2: Prepare compaction 25.432ms
[47.539s][info][gc,phases,start] GC(83) Phase 3: Adjust pointers
[47.562s][info][gc,phases      ] GC(83) Phase 3: Adjust pointers 23.162ms
[47.562s][info][gc,phases,start] GC(83) Phase 4: Compact heap
[47.562s][info][gc,phases      ] GC(83) Phase 4: Compact heap 0.215ms
[47.565s][info][gc,heap        ] GC(83) Eden regions: 0->0(0)
[47.565s][info][gc,heap        ] GC(83) Survivor regions: 0->0(0)
[47.565s][info][gc,heap        ] GC(83) Old regions: 506->506
[47.565s][info][gc,heap        ] GC(83) Archive regions: 0->0
[47.565s][info][gc,heap        ] GC(83) Humongous regions: 6->6
[47.565s][info][gc,metaspace   ] GC(83) Metaspace: 42228K(42688K)->42228K(42688K) NonClass: 36936K(37184K)->36936K(37184K) Class: 5291K(5504K)->5291K(5504K)
[47.565s][info][gc             ] GC(83) Pause Full (G1 Compaction Pause) 511M->511M(512M) 983.032ms
[47.565s][info][gc,cpu         ] GC(83) User=2.70s Sys=0.02s Real=0.99s
[47.565s][info][gc,ergo        ] Attempting maximal full compaction clearing soft references
[47.565s][info][gc,start       ] GC(84) Pause Full (G1 Compaction Pause)
[47.565s][info][gc,task        ] GC(84) Using 12 workers of 33 for full compaction
[47.566s][info][gc,phases,start] GC(84) Phase 1: Mark live objects
[48.519s][info][gc,phases      ] GC(84) Phase 1: Mark live objects 953.474ms
[48.519s][info][gc,phases,start] GC(84) Phase 2: Prepare compaction
[48.553s][info][gc,phases      ] GC(84) Phase 2: Prepare compaction 33.601ms
[48.553s][info][gc,phases,start] GC(84) Phase 3: Adjust pointers
[48.586s][info][gc,phases      ] GC(84) Phase 3: Adjust pointers 33.542ms
[48.586s][info][gc,phases,start] GC(84) Phase 4: Compact heap
[48.635s][info][gc,phases      ] GC(84) Phase 4: Compact heap 48.183ms
[48.641s][info][gc,heap        ] GC(84) Eden regions: 0->0(0)
[48.641s][info][gc,heap        ] GC(84) Survivor regions: 0->0(0)
[48.641s][info][gc,heap        ] GC(84) Old regions: 506->506
[48.641s][info][gc,heap        ] GC(84) Archive regions: 0->0
[48.641s][info][gc,heap        ] GC(84) Humongous regions: 6->6
[48.641s][info][gc,metaspace   ] GC(84) Metaspace: 42228K(42688K)->42228K(42688K) NonClass: 36936K(37184K)->36936K(37184K) Class: 5291K(5504K)->5291K(5504K)
[48.641s][info][gc             ] GC(84) Pause Full (G1 Compaction Pause) 511M->511M(512M) 1075.606ms
[48.641s][info][gc,cpu         ] GC(84) User=3.09s Sys=0.00s Real=1.07s
[48.641s][info][gc,marking     ] GC(82) Concurrent Mark From Roots 2058.819ms
[48.641s][info][gc,start       ] GC(85) Pause Young (Normal) (G1 Evacuation Pause)
[48.641s][info][gc,task        ] GC(85) Using 12 workers of 33 for evacuation
[48.642s][info][gc,phases      ] GC(85)   Pre Evacuate Collection Set: 0.1ms
[48.642s][info][gc,phases      ] GC(85)   Merge Heap Roots: 0.0ms
[48.642s][info][gc,phases      ] GC(85)   Evacuate Collection Set: 0.2ms
[48.642s][info][gc,phases      ] GC(85)   Post Evacuate Collection Set: 0.2ms
[48.642s][info][gc,phases      ] GC(85)   Other: 0.1ms
[48.642s][info][gc,heap        ] GC(85) Eden regions: 0->0(0)
[48.642s][info][gc,heap        ] GC(85) Survivor regions: 0->0(0)
[48.642s][info][gc,heap        ] GC(85) Old regions: 506->506
[48.642s][info][gc,heap        ] GC(85) Archive regions: 0->0
[48.642s][info][gc,heap        ] GC(85) Humongous regions: 6->6
[48.642s][info][gc,metaspace   ] GC(85) Metaspace: 42229K(42688K)->42229K(42688K) NonClass: 36937K(37184K)->36937K(37184K) Class: 5292K(5504K)->5292K(5504K)
[48.642s][info][gc             ] GC(85) Pause Young (Normal) (G1 Evacuation Pause) 511M->511M(512M) 1.051ms
[48.642s][info][gc,cpu         ] GC(85) User=0.00s Sys=0.00s Real=0.00s
[48.642s][info][gc,ergo        ] Attempting full compaction
[48.642s][info][gc,start       ] GC(86) Pause Full (G1 Compaction Pause)
[48.642s][info][gc,task        ] GC(86) Using 12 workers of 33 for full compaction
[48.643s][info][gc,phases,start] GC(86) Phase 1: Mark live objects
[49.603s][info][gc,phases      ] GC(86) Phase 1: Mark live objects 959.545ms
[49.603s][info][gc,phases,start] GC(86) Phase 2: Prepare compaction
[49.628s][info][gc,phases      ] GC(86) Phase 2: Prepare compaction 24.870ms
[49.628s][info][gc,phases,start] GC(86) Phase 3: Adjust pointers
[49.647s][info][gc,phases      ] GC(86) Phase 3: Adjust pointers 19.557ms
[49.647s][info][gc,phases,start] GC(86) Phase 4: Compact heap
[49.648s][info][gc,phases      ] GC(86) Phase 4: Compact heap 0.252ms
[49.650s][info][gc,heap        ] GC(86) Eden regions: 0->0(0)
[49.651s][info][gc,heap        ] GC(86) Survivor regions: 0->0(0)
[49.651s][info][gc,heap        ] GC(86) Old regions: 506->506
[49.651s][info][gc,heap        ] GC(86) Archive regions: 0->0
[49.651s][info][gc,heap        ] GC(86) Humongous regions: 6->6
[49.651s][info][gc,metaspace   ] GC(86) Metaspace: 42229K(42688K)->42229K(42688K) NonClass: 36937K(37184K)->36937K(37184K) Class: 5292K(5504K)->5292K(5504K)
[49.651s][info][gc             ] GC(86) Pause Full (G1 Compaction Pause) 511M->511M(512M) 1008.268ms
[49.651s][info][gc,cpu         ] GC(86) User=2.67s Sys=0.00s Real=1.01s
[49.651s][info][gc,ergo        ] Attempting maximal full compaction clearing soft references
[49.651s][info][gc,start       ] GC(87) Pause Full (G1 Compaction Pause)
[49.651s][info][gc,task        ] GC(87) Using 12 workers of 33 for full compaction
[49.651s][info][gc,phases,start] GC(87) Phase 1: Mark live objects
[50.631s][info][gc,phases      ] GC(87) Phase 1: Mark live objects 980.149ms
[50.665s][info][gc,phases,start] GC(87) Phase 2: Prepare compaction
[50.701s][info][gc,phases      ] GC(87) Phase 2: Prepare compaction 36.518ms
[50.701s][info][gc,phases,start] GC(87) Phase 3: Adjust pointers
[50.734s][info][gc,phases      ] GC(87) Phase 3: Adjust pointers 32.813ms
[50.734s][info][gc,phases,start] GC(87) Phase 4: Compact heap
[50.762s][info][gc,phases      ] GC(87) Phase 4: Compact heap 27.877ms
[50.767s][info][gc,heap        ] GC(87) Eden regions: 0->0(0)
[50.767s][info][gc,heap        ] GC(87) Survivor regions: 0->0(0)
[50.767s][info][gc,heap        ] GC(87) Old regions: 506->506
[50.767s][info][gc,heap        ] GC(87) Archive regions: 0->0
[50.767s][info][gc,heap        ] GC(87) Humongous regions: 6->6
[50.767s][info][gc,metaspace   ] GC(87) Metaspace: 42229K(42688K)->42229K(42688K) NonClass: 36937K(37184K)->36937K(37184K) Class: 5292K(5504K)->5292K(5504K)
[50.767s][info][gc             ] GC(87) Pause Full (G1 Compaction Pause) 511M->511M(512M) 1116.358ms
[50.767s][info][gc,cpu         ] GC(87) User=3.05s Sys=0.00s Real=1.11s
[50.767s][info][gc,marking     ] GC(82) Concurrent Mark Abort
[50.767s][info][gc             ] GC(82) Concurrent Mark Cycle 4185.176ms
[50.767s][info][gc,start       ] GC(88) Pause Young (Normal) (G1 Evacuation Pause)
[50.767s][info][gc,task        ] GC(88) Using 12 workers of 33 for evacuation
[50.768s][info][gc,phases      ] GC(88)   Pre Evacuate Collection Set: 0.1ms
[50.768s][info][gc,phases      ] GC(88)   Merge Heap Roots: 0.0ms
[50.768s][info][gc,phases      ] GC(88)   Evacuate Collection Set: 0.1ms
[50.768s][info][gc,phases      ] GC(88)   Post Evacuate Collection Set: 0.2ms
[50.768s][info][gc,phases      ] GC(88)   Other: 0.1ms
[50.768s][info][gc,heap        ] GC(88) Eden regions: 0->0(0)
[50.768s][info][gc,heap        ] GC(88) Survivor regions: 0->0(0)
[50.768s][info][gc,heap        ] GC(88) Old regions: 506->506
[50.768s][info][gc,heap        ] GC(88) Archive regions: 0->0
[50.768s][info][gc,heap        ] GC(88) Humongous regions: 6->6
[50.768s][info][gc,metaspace   ] GC(88) Metaspace: 42229K(42688K)->42229K(42688K) NonClass: 36937K(37184K)->36937K(37184K) Class: 5292K(5504K)->5292K(5504K)
[50.768s][info][gc             ] GC(88) Pause Young (Normal) (G1 Evacuation Pause) 511M->511M(512M) 0.816ms
[50.768s][info][gc,cpu         ] GC(88) User=0.00s Sys=0.00s Real=0.00s
[50.768s][info][gc,ergo        ] Attempting full compaction
[50.768s][info][gc,start       ] GC(89) Pause Full (G1 Compaction Pause)
[50.768s][info][gc,task        ] GC(89) Using 12 workers of 33 for full compaction
[50.769s][info][gc,phases,start] GC(89) Phase 1: Mark live objects
[51.803s][info][gc,phases      ] GC(89) Phase 1: Mark live objects 1034.229ms
[51.803s][info][gc,phases,start] GC(89) Phase 2: Prepare compaction
[51.828s][info][gc,phases      ] GC(89) Phase 2: Prepare compaction 24.919ms
[51.828s][info][gc,phases,start] GC(89) Phase 3: Adjust pointers
[51.847s][info][gc,phases      ] GC(89) Phase 3: Adjust pointers 19.574ms
[51.848s][info][gc,phases,start] GC(89) Phase 4: Compact heap
[51.848s][info][gc,phases      ] GC(89) Phase 4: Compact heap 0.261ms
[51.851s][info][gc,heap        ] GC(89) Eden regions: 0->0(0)
[51.851s][info][gc,heap        ] GC(89) Survivor regions: 0->0(0)
[51.851s][info][gc,heap        ] GC(89) Old regions: 506->506
[51.851s][info][gc,heap        ] GC(89) Archive regions: 0->0
[51.851s][info][gc,heap        ] GC(89) Humongous regions: 6->6
[51.851s][info][gc,metaspace   ] GC(89) Metaspace: 42229K(42688K)->42229K(42688K) NonClass: 36937K(37184K)->36937K(37184K) Class: 5292K(5504K)->5292K(5504K)
[51.851s][info][gc             ] GC(89) Pause Full (G1 Compaction Pause) 511M->511M(512M) 1082.591ms
[51.851s][info][gc,cpu         ] GC(89) User=2.67s Sys=0.00s Real=1.09s
[51.851s][info][gc,ergo        ] Attempting maximal full compaction clearing soft references
[51.851s][info][gc,start       ] GC(90) Pause Full (G1 Compaction Pause)
[51.851s][info][gc,task        ] GC(90) Using 12 workers of 33 for full compaction
[51.851s][info][gc,phases,start] GC(90) Phase 1: Mark live objects
[52.794s][info][gc,phases      ] GC(90) Phase 1: Mark live objects 943.332ms
[52.794s][info][gc,phases,start] GC(90) Phase 2: Prepare compaction
[52.831s][info][gc,phases      ] GC(90) Phase 2: Prepare compaction 36.373ms
[52.831s][info][gc,phases,start] GC(90) Phase 3: Adjust pointers
[52.864s][info][gc,phases      ] GC(90) Phase 3: Adjust pointers 32.907ms
[52.864s][info][gc,phases,start] GC(90) Phase 4: Compact heap
[52.892s][info][gc,phases      ] GC(90) Phase 4: Compact heap 28.294ms
[52.897s][info][gc,heap        ] GC(90) Eden regions: 0->0(0)
[52.897s][info][gc,heap        ] GC(90) Survivor regions: 0->0(0)
[52.897s][info][gc,heap        ] GC(90) Old regions: 506->506
[52.897s][info][gc,heap        ] GC(90) Archive regions: 0->0
[52.897s][info][gc,heap        ] GC(90) Humongous regions: 6->6
[52.897s][info][gc,metaspace   ] GC(90) Metaspace: 42229K(42688K)->42229K(42688K) NonClass: 36937K(37184K)->36937K(37184K) Class: 5292K(5504K)->5292K(5504K)
[52.897s][info][gc             ] GC(90) Pause Full (G1 Compaction Pause) 511M->511M(512M) 1045.916ms
[52.897s][info][gc,cpu         ] GC(90) User=3.06s Sys=0.00s Real=1.05s
[52.897s][info][gc,start       ] GC(91) Pause Young (Concurrent Start) (G1 Evacuation Pause)
[52.897s][info][gc,task        ] GC(91) Using 12 workers of 33 for evacuation
[52.898s][info][gc,phases      ] GC(91)   Pre Evacuate Collection Set: 0.2ms
[52.898s][info][gc,phases      ] GC(91)   Merge Heap Roots: 0.0ms
[52.898s][info][gc,phases      ] GC(91)   Evacuate Collection Set: 0.5ms
[52.898s][info][gc,phases      ] GC(91)   Post Evacuate Collection Set: 0.2ms
[52.898s][info][gc,phases      ] GC(91)   Other: 0.1ms
[52.898s][info][gc,heap        ] GC(91) Eden regions: 0->0(0)
[52.898s][info][gc,heap        ] GC(91) Survivor regions: 0->0(0)
[52.898s][info][gc,heap        ] GC(91) Old regions: 506->506
[52.898s][info][gc,heap        ] GC(91) Archive regions: 0->0
[52.898s][info][gc,heap        ] GC(91) Humongous regions: 6->6
[52.898s][info][gc,metaspace   ] GC(91) Metaspace: 42229K(42688K)->42229K(42688K) NonClass: 36937K(37184K)->36937K(37184K) Class: 5292K(5504K)->5292K(5504K)
[52.898s][info][gc             ] GC(91) Pause Young (Concurrent Start) (G1 Evacuation Pause) 511M->511M(512M) 1.202ms
[52.898s][info][gc,cpu         ] GC(91) User=0.00s Sys=0.00s Real=0.00s
[52.898s][info][gc             ] GC(92) Concurrent Mark Cycle
[52.898s][info][gc,ergo        ] Attempting full compaction
[52.898s][info][gc,marking     ] GC(92) Concurrent Scan Root Regions
[52.898s][info][gc,start       ] GC(93) Pause Full (G1 Compaction Pause)
[52.898s][info][gc,marking     ] GC(92) Concurrent Scan Root Regions 0.038ms
[52.898s][info][gc,marking     ] GC(92) Concurrent Mark
[52.898s][info][gc,task        ] GC(93) Using 12 workers of 33 for full compaction
[52.898s][info][gc,marking     ] GC(92) Concurrent Mark From Roots
[52.898s][info][gc,task        ] GC(92) Using 8 workers of 8 for marking
[52.899s][info][gc,phases,start] GC(93) Phase 1: Mark live objects
[53.859s][info][gc,phases      ] GC(93) Phase 1: Mark live objects 960.351ms
[53.859s][info][gc,phases,start] GC(93) Phase 2: Prepare compaction
[53.883s][info][gc,phases      ] GC(93) Phase 2: Prepare compaction 24.132ms
[53.883s][info][gc,phases,start] GC(93) Phase 3: Adjust pointers
[53.904s][info][gc,phases      ] GC(93) Phase 3: Adjust pointers 20.555ms
[53.904s][info][gc,phases,start] GC(93) Phase 4: Compact heap
[53.904s][info][gc,phases      ] GC(93) Phase 4: Compact heap 0.240ms
[53.907s][info][gc,heap        ] GC(93) Eden regions: 0->0(0)
[53.907s][info][gc,heap        ] GC(93) Survivor regions: 0->0(0)
[53.907s][info][gc,heap        ] GC(93) Old regions: 506->506
[53.907s][info][gc,heap        ] GC(93) Archive regions: 0->0
[53.907s][info][gc,heap        ] GC(93) Humongous regions: 6->6
[53.907s][info][gc,metaspace   ] GC(93) Metaspace: 42229K(42688K)->42229K(42688K) NonClass: 36937K(37184K)->36937K(37184K) Class: 5292K(5504K)->5292K(5504K)
[53.907s][info][gc             ] GC(93) Pause Full (G1 Compaction Pause) 511M->511M(512M) 1009.125ms
[53.907s][info][gc,cpu         ] GC(93) User=2.69s Sys=0.00s Real=1.01s
[53.907s][info][gc,ergo        ] Attempting maximal full compaction clearing soft references
[53.907s][info][gc,start       ] GC(94) Pause Full (G1 Compaction Pause)
[53.907s][info][gc,task        ] GC(94) Using 12 workers of 33 for full compaction
[53.908s][info][gc,phases,start] GC(94) Phase 1: Mark live objects
[54.861s][info][gc,phases      ] GC(94) Phase 1: Mark live objects 953.437ms
[54.861s][info][gc,phases,start] GC(94) Phase 2: Prepare compaction
[54.896s][info][gc,phases      ] GC(94) Phase 2: Prepare compaction 34.257ms
[54.896s][info][gc,phases,start] GC(94) Phase 3: Adjust pointers
[54.928s][info][gc,phases      ] GC(94) Phase 3: Adjust pointers 32.262ms
[54.928s][info][gc,phases,start] GC(94) Phase 4: Compact heap
[54.956s][info][gc,phases      ] GC(94) Phase 4: Compact heap 27.715ms
[54.960s][info][gc,heap        ] GC(94) Eden regions: 0->0(0)
[54.960s][info][gc,heap        ] GC(94) Survivor regions: 0->0(0)
[54.960s][info][gc,heap        ] GC(94) Old regions: 506->506
[54.960s][info][gc,heap        ] GC(94) Archive regions: 0->0
[54.960s][info][gc,heap        ] GC(94) Humongous regions: 6->6
[54.960s][info][gc,metaspace   ] GC(94) Metaspace: 42229K(42688K)->42229K(42688K) NonClass: 36937K(37184K)->36937K(37184K) Class: 5292K(5504K)->5292K(5504K)
[54.960s][info][gc             ] GC(94) Pause Full (G1 Compaction Pause) 511M->511M(512M) 1052.655ms
[54.960s][info][gc,cpu         ] GC(94) User=2.88s Sys=0.00s Real=1.05s
[54.960s][info][gc,marking     ] GC(92) Concurrent Mark From Roots 2061.894ms
[54.960s][info][gc,start       ] GC(95) Pause Young (Normal) (G1 Evacuation Pause)
[54.960s][info][gc,task        ] GC(95) Using 12 workers of 33 for evacuation
[54.961s][info][gc,phases      ] GC(95)   Pre Evacuate Collection Set: 0.1ms
[54.961s][info][gc,phases      ] GC(95)   Merge Heap Roots: 0.0ms
[54.961s][info][gc,phases      ] GC(95)   Evacuate Collection Set: 0.1ms
[54.961s][info][gc,phases      ] GC(95)   Post Evacuate Collection Set: 0.2ms
[54.961s][info][gc,phases      ] GC(95)   Other: 0.1ms
[54.961s][info][gc,heap        ] GC(95) Eden regions: 0->0(0)
[54.961s][info][gc,heap        ] GC(95) Survivor regions: 0->0(0)
[54.961s][info][gc,heap        ] GC(95) Old regions: 506->506
[54.961s][info][gc,heap        ] GC(95) Archive regions: 0->0
[54.961s][info][gc,heap        ] GC(95) Humongous regions: 6->6
[54.961s][info][gc,metaspace   ] GC(95) Metaspace: 42229K(42688K)->42229K(42688K) NonClass: 36937K(37184K)->36937K(37184K) Class: 5292K(5504K)->5292K(5504K)
[54.961s][info][gc             ] GC(95) Pause Young (Normal) (G1 Evacuation Pause) 511M->511M(512M) 0.718ms
[54.961s][info][gc,cpu         ] GC(95) User=0.00s Sys=0.00s Real=0.00s
[54.961s][info][gc,ergo        ] Attempting full compaction
[54.961s][info][gc,start       ] GC(96) Pause Full (G1 Compaction Pause)
[54.961s][info][gc,task        ] GC(96) Using 12 workers of 33 for full compaction
[54.962s][info][gc,phases,start] GC(96) Phase 1: Mark live objects
[55.929s][info][gc,phases      ] GC(96) Phase 1: Mark live objects 966.916ms
[55.929s][info][gc,phases,start] GC(96) Phase 2: Prepare compaction
[55.953s][info][gc,phases      ] GC(96) Phase 2: Prepare compaction 24.303ms
[55.953s][info][gc,phases,start] GC(96) Phase 3: Adjust pointers
[55.974s][info][gc,phases      ] GC(96) Phase 3: Adjust pointers 20.858ms
[55.974s][info][gc,phases,start] GC(96) Phase 4: Compact heap
[55.974s][info][gc,phases      ] GC(96) Phase 4: Compact heap 0.212ms
[55.977s][info][gc,heap        ] GC(96) Eden regions: 0->0(0)
[55.977s][info][gc,heap        ] GC(96) Survivor regions: 0->0(0)
[55.977s][info][gc,heap        ] GC(96) Old regions: 506->506
[55.977s][info][gc,heap        ] GC(96) Archive regions: 0->0
[55.977s][info][gc,heap        ] GC(96) Humongous regions: 6->6
[55.977s][info][gc,metaspace   ] GC(96) Metaspace: 42229K(42688K)->42229K(42688K) NonClass: 36937K(37184K)->36937K(37184K) Class: 5292K(5504K)->5292K(5504K)
[55.977s][info][gc             ] GC(96) Pause Full (G1 Compaction Pause) 511M->511M(512M) 1016.093ms
[55.977s][info][gc,cpu         ] GC(96) User=2.66s Sys=0.00s Real=1.02s
[55.977s][info][gc,ergo        ] Attempting maximal full compaction clearing soft references
[55.977s][info][gc,start       ] GC(97) Pause Full (G1 Compaction Pause)
[55.977s][info][gc,task        ] GC(97) Using 12 workers of 33 for full compaction
[55.978s][info][gc,phases,start] GC(97) Phase 1: Mark live objects
[56.912s][info][gc,phases      ] GC(97) Phase 1: Mark live objects 934.362ms
[56.912s][info][gc,phases,start] GC(97) Phase 2: Prepare compaction
[56.948s][info][gc,phases      ] GC(97) Phase 2: Prepare compaction 35.719ms
[56.948s][info][gc,phases,start] GC(97) Phase 3: Adjust pointers
[56.981s][info][gc,phases      ] GC(97) Phase 3: Adjust pointers 33.156ms
[56.981s][info][gc,phases,start] GC(97) Phase 4: Compact heap
[57.000s][info][gc,phases      ] GC(97) Phase 4: Compact heap 18.993ms
[57.004s][info][gc,heap        ] GC(97) Eden regions: 0->0(0)
[57.004s][info][gc,heap        ] GC(97) Survivor regions: 0->0(0)
[57.004s][info][gc,heap        ] GC(97) Old regions: 506->506
[57.004s][info][gc,heap        ] GC(97) Archive regions: 0->0
[57.004s][info][gc,heap        ] GC(97) Humongous regions: 6->6
[57.004s][info][gc,metaspace   ] GC(97) Metaspace: 42229K(42688K)->42229K(42688K) NonClass: 36937K(37184K)->36937K(37184K) Class: 5292K(5504K)->5292K(5504K)
[57.004s][info][gc             ] GC(97) Pause Full (G1 Compaction Pause) 511M->511M(512M) 1026.379ms
[57.004s][info][gc,cpu         ] GC(97) User=2.97s Sys=0.00s Real=1.03s
[57.004s][info][gc,marking     ] GC(92) Concurrent Mark Abort
[57.004s][info][gc             ] GC(92) Concurrent Mark Cycle 4105.670ms
[57.004s][info][gc,start       ] GC(98) Pause Young (Normal) (G1 Evacuation Pause)
[57.004s][info][gc,task        ] GC(98) Using 12 workers of 33 for evacuation
[57.004s][info][gc,phases      ] GC(98)   Pre Evacuate Collection Set: 0.1ms
[57.004s][info][gc,phases      ] GC(98)   Merge Heap Roots: 0.0ms
[57.004s][info][gc,phases      ] GC(98)   Evacuate Collection Set: 0.1ms
[57.004s][info][gc,phases      ] GC(98)   Post Evacuate Collection Set: 0.1ms
[57.004s][info][gc,phases      ] GC(98)   Other: 0.1ms
[57.004s][info][gc,heap        ] GC(98) Eden regions: 0->0(0)
[57.004s][info][gc,heap        ] GC(98) Survivor regions: 0->0(0)
[57.004s][info][gc,heap        ] GC(98) Old regions: 506->506
[57.004s][info][gc,heap        ] GC(98) Archive regions: 0->0
[57.004s][info][gc,heap        ] GC(98) Humongous regions: 6->6
[57.004s][info][gc,metaspace   ] GC(98) Metaspace: 42229K(42688K)->42229K(42688K) NonClass: 36937K(37184K)->36937K(37184K) Class: 5292K(5504K)->5292K(5504K)
[57.004s][info][gc             ] GC(98) Pause Young (Normal) (G1 Evacuation Pause) 511M->511M(512M) 0.571ms
[57.004s][info][gc,cpu         ] GC(98) User=0.00s Sys=0.00s Real=0.00s
[57.004s][info][gc,ergo        ] Attempting full compaction
[57.005s][info][gc,start       ] GC(99) Pause Full (G1 Compaction Pause)
[57.005s][info][gc,task        ] GC(99) Using 12 workers of 33 for full compaction
[57.005s][info][gc,phases,start] GC(99) Phase 1: Mark live objects
[57.992s][info][gc,phases      ] GC(99) Phase 1: Mark live objects 987.143ms
[57.992s][info][gc,phases,start] GC(99) Phase 2: Prepare compaction
[58.016s][info][gc,phases      ] GC(99) Phase 2: Prepare compaction 24.018ms
[58.016s][info][gc,phases,start] GC(99) Phase 3: Adjust pointers
[58.035s][info][gc,phases      ] GC(99) Phase 3: Adjust pointers 19.271ms
[58.035s][info][gc,phases,start] GC(99) Phase 4: Compact heap
[58.036s][info][gc,phases      ] GC(99) Phase 4: Compact heap 0.238ms
[58.038s][info][gc,heap        ] GC(99) Eden regions: 0->0(0)
[58.039s][info][gc,heap        ] GC(99) Survivor regions: 0->0(0)
[58.039s][info][gc,heap        ] GC(99) Old regions: 506->506
[58.039s][info][gc,heap        ] GC(99) Archive regions: 0->0
[58.039s][info][gc,heap        ] GC(99) Humongous regions: 6->6
[58.039s][info][gc,metaspace   ] GC(99) Metaspace: 42229K(42688K)->42229K(42688K) NonClass: 36937K(37184K)->36937K(37184K) Class: 5292K(5504K)->5292K(5504K)
[58.039s][info][gc             ] GC(99) Pause Full (G1 Compaction Pause) 511M->511M(512M) 1034.080ms
[58.039s][info][gc,cpu         ] GC(99) User=2.69s Sys=0.00s Real=1.03s
[58.039s][info][gc,ergo        ] Attempting maximal full compaction clearing soft references
[58.039s][info][gc,start       ] GC(100) Pause Full (G1 Compaction Pause)
[58.039s][info][gc,task        ] GC(100) Using 12 workers of 33 for full compaction
[58.039s][info][gc,phases,start] GC(100) Phase 1: Mark live objects
[58.982s][info][gc,phases      ] GC(100) Phase 1: Mark live objects 942.757ms
[58.982s][info][gc,phases,start] GC(100) Phase 2: Prepare compaction
[59.018s][info][gc,phases      ] GC(100) Phase 2: Prepare compaction 36.232ms
[59.018s][info][gc,phases,start] GC(100) Phase 3: Adjust pointers
[59.052s][info][gc,phases      ] GC(100) Phase 3: Adjust pointers 34.377ms
[59.052s][info][gc,phases,start] GC(100) Phase 4: Compact heap
[59.084s][info][gc,phases      ] GC(100) Phase 4: Compact heap 31.293ms
[59.089s][info][gc,heap        ] GC(100) Eden regions: 0->0(0)
[59.089s][info][gc,heap        ] GC(100) Survivor regions: 0->0(0)
[59.089s][info][gc,heap        ] GC(100) Old regions: 506->506
[59.089s][info][gc,heap        ] GC(100) Archive regions: 0->0
[59.089s][info][gc,heap        ] GC(100) Humongous regions: 6->6
[59.089s][info][gc,metaspace   ] GC(100) Metaspace: 42229K(42688K)->42229K(42688K) NonClass: 36937K(37184K)->36937K(37184K) Class: 5292K(5504K)->5292K(5504K)
[59.089s][info][gc             ] GC(100) Pause Full (G1 Compaction Pause) 511M->511M(512M) 1050.790ms
[59.089s][info][gc,cpu         ] GC(100) User=3.02s Sys=0.02s Real=1.06s
[59.090s][info][gc,start       ] GC(101) Pause Young (Concurrent Start) (G1 Evacuation Pause)
[59.090s][info][gc,task        ] GC(101) Using 12 workers of 33 for evacuation
[59.091s][info][gc,phases      ] GC(101)   Pre Evacuate Collection Set: 0.2ms
[59.091s][info][gc,phases      ] GC(101)   Merge Heap Roots: 0.0ms
[59.091s][info][gc,phases      ] GC(101)   Evacuate Collection Set: 0.5ms
[59.091s][info][gc,phases      ] GC(101)   Post Evacuate Collection Set: 0.2ms
[59.091s][info][gc,phases      ] GC(101)   Other: 0.1ms
[59.091s][info][gc,heap        ] GC(101) Eden regions: 0->0(0)
[59.091s][info][gc,heap        ] GC(101) Survivor regions: 0->0(0)
[59.091s][info][gc,heap        ] GC(101) Old regions: 506->506
[59.091s][info][gc,heap        ] GC(101) Archive regions: 0->0
[59.091s][info][gc,heap        ] GC(101) Humongous regions: 6->6
[59.091s][info][gc,metaspace   ] GC(101) Metaspace: 42229K(42688K)->42229K(42688K) NonClass: 36937K(37184K)->36937K(37184K) Class: 5292K(5504K)->5292K(5504K)
[59.091s][info][gc             ] GC(101) Pause Young (Concurrent Start) (G1 Evacuation Pause) 511M->511M(512M) 1.222ms
[59.091s][info][gc             ] GC(102) Concurrent Mark Cycle
[59.091s][info][gc,cpu         ] GC(101) User=0.00s Sys=0.00s Real=0.00s
[59.091s][info][gc,marking     ] GC(102) Concurrent Scan Root Regions
[59.091s][info][gc,ergo        ] Attempting full compaction
[59.091s][info][gc,marking     ] GC(102) Concurrent Scan Root Regions 0.047ms
[59.091s][info][gc,start       ] GC(103) Pause Full (G1 Compaction Pause)
[59.091s][info][gc,marking     ] GC(102) Concurrent Mark
[59.091s][info][gc,marking     ] GC(102) Concurrent Mark From Roots
[59.091s][info][gc,task        ] GC(103) Using 12 workers of 33 for full compaction
[59.091s][info][gc,task        ] GC(102) Using 8 workers of 8 for marking
[59.092s][info][gc,phases,start] GC(103) Phase 1: Mark live objects
[60.030s][info][gc,phases      ] GC(103) Phase 1: Mark live objects 938.847ms
[60.031s][info][gc,phases,start] GC(103) Phase 2: Prepare compaction
[60.055s][info][gc,phases      ] GC(103) Phase 2: Prepare compaction 24.378ms
[60.055s][info][gc,phases,start] GC(103) Phase 3: Adjust pointers
[60.075s][info][gc,phases      ] GC(103) Phase 3: Adjust pointers 19.875ms
[60.075s][info][gc,phases,start] GC(103) Phase 4: Compact heap
[60.075s][info][gc,phases      ] GC(103) Phase 4: Compact heap 0.241ms
[60.078s][info][gc,heap        ] GC(103) Eden regions: 0->0(0)
[60.078s][info][gc,heap        ] GC(103) Survivor regions: 0->0(0)
[60.078s][info][gc,heap        ] GC(103) Old regions: 506->506
[60.078s][info][gc,heap        ] GC(103) Archive regions: 0->0
[60.078s][info][gc,heap        ] GC(103) Humongous regions: 6->6
[60.078s][info][gc,metaspace   ] GC(103) Metaspace: 42229K(42688K)->42229K(42688K) NonClass: 36937K(37184K)->36937K(37184K) Class: 5292K(5504K)->5292K(5504K)
[60.078s][info][gc             ] GC(103) Pause Full (G1 Compaction Pause) 511M->511M(512M) 987.153ms
[60.078s][info][gc,cpu         ] GC(103) User=2.53s Sys=0.00s Real=0.98s
[60.078s][info][gc,ergo        ] Attempting maximal full compaction clearing soft references
[60.078s][info][gc,start       ] GC(104) Pause Full (G1 Compaction Pause)
[60.078s][info][gc,task        ] GC(104) Using 12 workers of 33 for full compaction
[60.079s][info][gc,phases,start] GC(104) Phase 1: Mark live objects
[61.022s][info][gc,phases      ] GC(104) Phase 1: Mark live objects 942.782ms
[61.022s][info][gc,phases,start] GC(104) Phase 2: Prepare compaction
[61.057s][info][gc,phases      ] GC(104) Phase 2: Prepare compaction 34.987ms
[61.057s][info][gc,phases,start] GC(104) Phase 3: Adjust pointers
[61.090s][info][gc,phases      ] GC(104) Phase 3: Adjust pointers 33.179ms
[61.110s][info][gc,phases,start] GC(104) Phase 4: Compact heap
[61.135s][info][gc,phases      ] GC(104) Phase 4: Compact heap 24.572ms
[61.138s][info][gc,heap        ] GC(104) Eden regions: 0->0(0)
[61.138s][info][gc,heap        ] GC(104) Survivor regions: 0->0(0)
[61.138s][info][gc,heap        ] GC(104) Old regions: 506->506
[61.138s][info][gc,heap        ] GC(104) Archive regions: 0->0
[61.138s][info][gc,heap        ] GC(104) Humongous regions: 6->6
[61.138s][info][gc,metaspace   ] GC(104) Metaspace: 42229K(42688K)->42229K(42688K) NonClass: 36937K(37184K)->36937K(37184K) Class: 5292K(5504K)->5292K(5504K)
[61.138s][info][gc             ] GC(104) Pause Full (G1 Compaction Pause) 511M->511M(512M) 1059.472ms
[61.138s][info][gc,cpu         ] GC(104) User=3.03s Sys=0.00s Real=1.06s
[61.138s][info][gc,marking     ] GC(102) Concurrent Mark From Roots 2046.709ms
[61.138s][info][gc,start       ] GC(105) Pause Young (Normal) (G1 Evacuation Pause)
[61.138s][info][gc,task        ] GC(105) Using 12 workers of 33 for evacuation
[61.138s][info][gc,phases      ] GC(105)   Pre Evacuate Collection Set: 0.1ms
[61.138s][info][gc,phases      ] GC(105)   Merge Heap Roots: 0.0ms
[61.138s][info][gc,phases      ] GC(105)   Evacuate Collection Set: 0.1ms
[61.138s][info][gc,phases      ] GC(105)   Post Evacuate Collection Set: 0.1ms
[61.138s][info][gc,phases      ] GC(105)   Other: 0.0ms
[61.138s][info][gc,heap        ] GC(105) Eden regions: 0->0(0)
[61.138s][info][gc,heap        ] GC(105) Survivor regions: 0->0(0)
[61.138s][info][gc,heap        ] GC(105) Old regions: 506->506
[61.138s][info][gc,heap        ] GC(105) Archive regions: 0->0
[61.138s][info][gc,heap        ] GC(105) Humongous regions: 6->6
[61.138s][info][gc,metaspace   ] GC(105) Metaspace: 42229K(42688K)->42229K(42688K) NonClass: 36937K(37184K)->36937K(37184K) Class: 5292K(5504K)->5292K(5504K)
[61.138s][info][gc             ] GC(105) Pause Young (Normal) (G1 Evacuation Pause) 511M->511M(512M) 0.507ms
[61.138s][info][gc,cpu         ] GC(105) User=0.00s Sys=0.00s Real=0.00s
[61.138s][info][gc,ergo        ] Attempting full compaction
[61.138s][info][gc,start       ] GC(106) Pause Full (G1 Compaction Pause)
[61.138s][info][gc,task        ] GC(106) Using 12 workers of 33 for full compaction
[61.139s][info][gc,phases,start] GC(106) Phase 1: Mark live objects
[62.103s][info][gc,phases      ] GC(106) Phase 1: Mark live objects 964.217ms
[62.103s][info][gc,phases,start] GC(106) Phase 2: Prepare compaction
[62.128s][info][gc,phases      ] GC(106) Phase 2: Prepare compaction 24.574ms
[62.128s][info][gc,phases,start] GC(106) Phase 3: Adjust pointers
[62.147s][info][gc,phases      ] GC(106) Phase 3: Adjust pointers 19.718ms
[62.148s][info][gc,phases,start] GC(106) Phase 4: Compact heap
[62.148s][info][gc,phases      ] GC(106) Phase 4: Compact heap 0.201ms
[62.151s][info][gc,heap        ] GC(106) Eden regions: 0->0(0)
[62.151s][info][gc,heap        ] GC(106) Survivor regions: 0->0(0)
[62.151s][info][gc,heap        ] GC(106) Old regions: 506->506
[62.151s][info][gc,heap        ] GC(106) Archive regions: 0->0
[62.151s][info][gc,heap        ] GC(106) Humongous regions: 6->6
[62.151s][info][gc,metaspace   ] GC(106) Metaspace: 42229K(42688K)->42229K(42688K) NonClass: 36937K(37184K)->36937K(37184K) Class: 5292K(5504K)->5292K(5504K)
[62.151s][info][gc             ] GC(106) Pause Full (G1 Compaction Pause) 511M->511M(512M) 1012.419ms
[62.151s][info][gc,cpu         ] GC(106) User=2.80s Sys=0.00s Real=1.01s
[62.151s][info][gc,ergo        ] Attempting maximal full compaction clearing soft references
[62.151s][info][gc,start       ] GC(107) Pause Full (G1 Compaction Pause)
[62.151s][info][gc,task        ] GC(107) Using 12 workers of 33 for full compaction
[62.151s][info][gc,phases,start] GC(107) Phase 1: Mark live objects
[63.080s][info][gc,phases      ] GC(107) Phase 1: Mark live objects 928.501ms
[63.080s][info][gc,phases,start] GC(107) Phase 2: Prepare compaction
[63.123s][info][gc,phases      ] GC(107) Phase 2: Prepare compaction 43.496ms
[63.123s][info][gc,phases,start] GC(107) Phase 3: Adjust pointers
[63.159s][info][gc,phases      ] GC(107) Phase 3: Adjust pointers 35.185ms
[63.159s][info][gc,phases,start] GC(107) Phase 4: Compact heap
[63.186s][info][gc,phases      ] GC(107) Phase 4: Compact heap 27.672ms
[63.191s][info][gc,heap        ] GC(107) Eden regions: 0->0(0)
[63.191s][info][gc,heap        ] GC(107) Survivor regions: 0->0(0)
[63.191s][info][gc,heap        ] GC(107) Old regions: 506->506
[63.191s][info][gc,heap        ] GC(107) Archive regions: 0->0
[63.191s][info][gc,heap        ] GC(107) Humongous regions: 6->6
[63.191s][info][gc,metaspace   ] GC(107) Metaspace: 42229K(42688K)->42229K(42688K) NonClass: 36937K(37184K)->36937K(37184K) Class: 5292K(5504K)->5292K(5504K)
[63.191s][info][gc             ] GC(107) Pause Full (G1 Compaction Pause) 511M->511M(512M) 1039.868ms
[63.191s][info][gc,cpu         ] GC(107) User=2.97s Sys=0.02s Real=1.04s
[63.191s][info][gc,marking     ] GC(102) Concurrent Mark Abort
[63.191s][info][gc             ] GC(102) Concurrent Mark Cycle 4100.052ms
[63.191s][info][gc,start       ] GC(108) Pause Young (Normal) (G1 Evacuation Pause)
[63.191s][info][gc,task        ] GC(108) Using 12 workers of 33 for evacuation
[63.192s][info][gc,phases      ] GC(108)   Pre Evacuate Collection Set: 0.1ms
[63.192s][info][gc,phases      ] GC(108)   Merge Heap Roots: 0.0ms
[63.192s][info][gc,phases      ] GC(108)   Evacuate Collection Set: 0.2ms
[63.192s][info][gc,phases      ] GC(108)   Post Evacuate Collection Set: 0.2ms
[63.192s][info][gc,phases      ] GC(108)   Other: 0.1ms
[63.192s][info][gc,heap        ] GC(108) Eden regions: 0->0(0)
[63.192s][info][gc,heap        ] GC(108) Survivor regions: 0->0(0)
[63.192s][info][gc,heap        ] GC(108) Old regions: 506->506
[63.192s][info][gc,heap        ] GC(108) Archive regions: 0->0
[63.192s][info][gc,heap        ] GC(108) Humongous regions: 6->6
[63.192s][info][gc,metaspace   ] GC(108) Metaspace: 42229K(42688K)->42229K(42688K) NonClass: 36937K(37184K)->36937K(37184K) Class: 5292K(5504K)->5292K(5504K)
[63.192s][info][gc             ] GC(108) Pause Young (Normal) (G1 Evacuation Pause) 511M->511M(512M) 0.840ms
[63.192s][info][gc,cpu         ] GC(108) User=0.00s Sys=0.00s Real=0.00s
[63.192s][info][gc,ergo        ] Attempting full compaction
[63.192s][info][gc,start       ] GC(109) Pause Full (G1 Compaction Pause)
[63.192s][info][gc,task        ] GC(109) Using 12 workers of 33 for full compaction
[63.192s][info][gc,phases,start] GC(109) Phase 1: Mark live objects
[64.147s][info][gc,phases      ] GC(109) Phase 1: Mark live objects 955.060ms
[64.147s][info][gc,phases,start] GC(109) Phase 2: Prepare compaction
[64.171s][info][gc,phases      ] GC(109) Phase 2: Prepare compaction 23.573ms
[64.171s][info][gc,phases,start] GC(109) Phase 3: Adjust pointers
[64.192s][info][gc,phases      ] GC(109) Phase 3: Adjust pointers 20.761ms
[64.192s][info][gc,phases,start] GC(109) Phase 4: Compact heap
[64.192s][info][gc,phases      ] GC(109) Phase 4: Compact heap 0.237ms
[64.195s][info][gc,heap        ] GC(109) Eden regions: 0->0(0)
[64.195s][info][gc,heap        ] GC(109) Survivor regions: 0->0(0)
[64.195s][info][gc,heap        ] GC(109) Old regions: 506->506
[64.195s][info][gc,heap        ] GC(109) Archive regions: 0->0
[64.195s][info][gc,heap        ] GC(109) Humongous regions: 6->6
[64.195s][info][gc,metaspace   ] GC(109) Metaspace: 42229K(42688K)->42229K(42688K) NonClass: 36937K(37184K)->36937K(37184K) Class: 5292K(5504K)->5292K(5504K)
[64.195s][info][gc             ] GC(109) Pause Full (G1 Compaction Pause) 511M->511M(512M) 1003.085ms
[64.195s][info][gc,cpu         ] GC(109) User=2.80s Sys=0.00s Real=1.00s
[64.195s][info][gc,ergo        ] Attempting maximal full compaction clearing soft references
[64.195s][info][gc,start       ] GC(110) Pause Full (G1 Compaction Pause)
[64.195s][info][gc,task        ] GC(110) Using 12 workers of 33 for full compaction
[64.195s][info][gc,phases,start] GC(110) Phase 1: Mark live objects
[65.143s][info][gc,phases      ] GC(110) Phase 1: Mark live objects 947.288ms
[65.143s][info][gc,phases,start] GC(110) Phase 2: Prepare compaction
[65.178s][info][gc,phases      ] GC(110) Phase 2: Prepare compaction 34.867ms
[65.178s][info][gc,phases,start] GC(110) Phase 3: Adjust pointers
[65.210s][info][gc,phases      ] GC(110) Phase 3: Adjust pointers 32.797ms
[65.210s][info][gc,phases,start] GC(110) Phase 4: Compact heap
[65.238s][info][gc,phases      ] GC(110) Phase 4: Compact heap 28.038ms
[65.243s][info][gc,heap        ] GC(110) Eden regions: 0->0(0)
[65.243s][info][gc,heap        ] GC(110) Survivor regions: 0->0(0)
[65.243s][info][gc,heap        ] GC(110) Old regions: 506->506
[65.243s][info][gc,heap        ] GC(110) Archive regions: 0->0
[65.243s][info][gc,heap        ] GC(110) Humongous regions: 6->6
[65.243s][info][gc,metaspace   ] GC(110) Metaspace: 42229K(42688K)->42229K(42688K) NonClass: 36937K(37184K)->36937K(37184K) Class: 5292K(5504K)->5292K(5504K)
[65.243s][info][gc             ] GC(110) Pause Full (G1 Compaction Pause) 511M->511M(512M) 1047.622ms
[65.243s][info][gc,cpu         ] GC(110) User=2.83s Sys=0.02s Real=1.05s
[65.243s][info][gc,start       ] GC(111) Pause Young (Concurrent Start) (G1 Evacuation Pause)
[65.243s][info][gc,task        ] GC(111) Using 12 workers of 33 for evacuation
[65.244s][info][gc,phases      ] GC(111)   Pre Evacuate Collection Set: 0.2ms
[65.244s][info][gc,phases      ] GC(111)   Merge Heap Roots: 0.0ms
[65.244s][info][gc,phases      ] GC(111)   Evacuate Collection Set: 0.6ms
[65.244s][info][gc,phases      ] GC(111)   Post Evacuate Collection Set: 0.2ms
[65.244s][info][gc,phases      ] GC(111)   Other: 0.1ms
[65.244s][info][gc,heap        ] GC(111) Eden regions: 0->0(0)
[65.244s][info][gc,heap        ] GC(111) Survivor regions: 0->0(0)
[65.244s][info][gc,heap        ] GC(111) Old regions: 506->506
[65.244s][info][gc,heap        ] GC(111) Archive regions: 0->0
[65.244s][info][gc,heap        ] GC(111) Humongous regions: 6->6
[65.244s][info][gc,metaspace   ] GC(111) Metaspace: 42229K(42688K)->42229K(42688K) NonClass: 36937K(37184K)->36937K(37184K) Class: 5292K(5504K)->5292K(5504K)
[65.244s][info][gc             ] GC(111) Pause Young (Concurrent Start) (G1 Evacuation Pause) 511M->511M(512M) 1.235ms
[65.244s][info][gc,cpu         ] GC(111) User=0.00s Sys=0.00s Real=0.00s
[65.244s][info][gc             ] GC(112) Concurrent Mark Cycle
[65.244s][info][gc,ergo        ] Attempting full compaction
[65.244s][info][gc,marking     ] GC(112) Concurrent Scan Root Regions
[65.244s][info][gc,start       ] GC(113) Pause Full (G1 Compaction Pause)
[65.244s][info][gc,marking     ] GC(112) Concurrent Scan Root Regions 0.038ms
[65.244s][info][gc,task        ] GC(113) Using 12 workers of 33 for full compaction
[65.244s][info][gc,marking     ] GC(112) Concurrent Mark
[65.244s][info][gc,marking     ] GC(112) Concurrent Mark From Roots
[65.244s][info][gc,task        ] GC(112) Using 8 workers of 8 for marking
[65.245s][info][gc,phases,start] GC(113) Phase 1: Mark live objects
[65.252s][info][gc,phases      ] GC(113) Phase 1: Mark live objects 6.987ms
[65.252s][info][gc,phases,start] GC(113) Phase 2: Prepare compaction
[65.253s][info][gc,phases      ] GC(113) Phase 2: Prepare compaction 1.108ms
[65.253s][info][gc,phases,start] GC(113) Phase 3: Adjust pointers
[65.257s][info][gc,phases      ] GC(113) Phase 3: Adjust pointers 4.267ms
[65.257s][info][gc,phases,start] GC(113) Phase 4: Compact heap
[65.258s][info][gc,phases      ] GC(113) Phase 4: Compact heap 1.000ms
[65.263s][info][gc,heap        ] GC(113) Eden regions: 0->0(40)
[65.263s][info][gc,heap        ] GC(113) Survivor regions: 0->0(0)
[65.263s][info][gc,heap        ] GC(113) Old regions: 506->20
[65.263s][info][gc,heap        ] GC(113) Archive regions: 0->0
[65.263s][info][gc,heap        ] GC(113) Humongous regions: 6->6
[65.263s][info][gc,metaspace   ] GC(113) Metaspace: 42229K(42688K)->42229K(42688K) NonClass: 36937K(37184K)->36937K(37184K) Class: 5292K(5504K)->5292K(5504K)
[65.263s][info][gc             ] GC(113) Pause Full (G1 Compaction Pause) 511M->23M(87M) 18.725ms
[65.263s][info][gc,cpu         ] GC(113) User=0.02s Sys=0.00s Real=0.02s
[65.263s][info][gc,marking     ] GC(112) Concurrent Mark From Roots 18.794ms
[65.263s][info][gc,marking     ] GC(112) Concurrent Mark Abort
[65.263s][info][gc             ] GC(112) Concurrent Mark Cycle 19.106ms
[65.315s][info][gc,heap,exit   ] Heap
[65.315s][info][gc,heap,exit   ]  garbage-first heap   total 89088K, used 29598K [0x00000000e0000000, 0x0000000100000000)
[65.315s][info][gc,heap,exit   ]   region size 1024K, 6 young (6144K), 0 survivors (0K)
[65.315s][info][gc,heap,exit   ]  Metaspace       used 42581K, committed 42880K, reserved 1114112K
[65.315s][info][gc,heap,exit   ]   class space    used 5373K, committed 5504K, reserved 1048576K
